5.857: [GC (Allocation Failure) [PSYoungGen: 128000K->12485K(148992K)] 128000K->12565K(488960K), 0.0194244 secs] [Times: user=0.03 sys=0.00, real=0.02 secs] 
6.281: [GC (Metadata GC Threshold) [PSYoungGen: 48881K->6080K(148992K)] 48961K->6176K(488960K), 0.0043898 secs] [Times: user=0.01 sys=0.01, real=0.00 secs] 
6.285: [Full GC (Metadata GC Threshold) [PSYoungGen: 6080K->0K(148992K)] [ParOldGen: 96K->5939K(134144K)] 6176K->5939K(283136K), [Metaspace: 20456K->20456K(1067008K)], 0.0199421 secs] [Times: user=0.06 sys=0.01, real=0.02 secs] 
7.454: [GC (Allocation Failure) [PSYoungGen: 128000K->9852K(148992K)] 133939K->15799K(283136K), 0.0027292 secs] [Times: user=0.01 sys=0.00, real=0.00 secs] 
8.092: [GC (Metadata GC Threshold) [PSYoungGen: 39298K->4750K(148992K)] 45245K->10705K(283136K), 0.0029018 secs] [Times: user=0.01 sys=0.00, real=0.00 secs] 
8.095: [Full GC (Metadata GC Threshold) [PSYoungGen: 4750K->0K(148992K)] [ParOldGen: 5955K->8969K(224256K)] 10705K->8969K(373248K), [Metaspace: 33786K->33786K(1079296K)], 0.0296228 secs] [Times: user=0.08 sys=0.00, real=0.03 secs] 
9.608: [GC (Allocation Failure) [PSYoungGen: 128000K->12666K(148992K)] 136969K->21643K(373248K), 0.0050433 secs] [Times: user=0.01 sys=0.00, real=0.00 secs] 
10.208: [GC (Allocation Failure) [PSYoungGen: 139583K->12215K(182784K)] 148560K->53969K(407040K), 0.0106441 secs] [Times: user=0.04 sys=0.00, real=0.01 secs] 
11.585: [GC (Allocation Failure) [PSYoungGen: 173250K->4535K(183296K)] 215004K->111833K(407552K), 0.0105246 secs] [Times: user=0.05 sys=0.01, real=0.01 secs] 
12.839: [GC (Allocation Failure) [PSYoungGen: 161753K->4503K(257536K)] 269050K->177345K(481792K), 0.0100011 secs] [Times: user=0.05 sys=0.00, real=0.01 secs] 
12.849: [Full GC (Ergonomics) [PSYoungGen: 4503K->0K(257536K)] [ParOldGen: 172841K->159529K(519680K)] 177345K->159529K(777216K), [Metaspace: 52365K->52365K(1097728K)], 0.0820970 secs] [Times: user=0.36 sys=0.00, real=0.08 secs] 
14.013: [GC (Allocation Failure) [PSYoungGen: 240620K->1555K(257536K)] 400150K->259397K(777216K), 0.0085651 secs] [Times: user=0.04 sys=0.00, real=0.01 secs] 
14.667: [GC (Allocation Failure) [PSYoungGen: 242195K->16877K(310272K)] 500037K->276286K(829952K), 0.0036664 secs] [Times: user=0.01 sys=0.00, real=0.01 secs] 
15.793: [GC (Allocation Failure) [PSYoungGen: 310253K->1706K(313344K)] 569662K->261115K(833024K), 0.0019521 secs] [Times: user=0.01 sys=0.00, real=0.00 secs] 
16.569: [GC (Allocation Failure) [PSYoungGen: 295082K->18381K(367104K)] 554491K->277798K(886784K), 0.0031688 secs] [Times: user=0.02 sys=0.00, real=0.00 secs] 
17.934: [GC (Allocation Failure) [PSYoungGen: 365517K->1975K(370176K)] 624934K->261393K(889856K), 0.0018788 secs] [Times: user=0.01 sys=0.00, real=0.00 secs] 
20.410: [GC (Allocation Failure) [PSYoungGen: 349111K->2010K(410112K)] 608529K->261427K(929792K), 0.0033934 secs] [Times: user=0.01 sys=0.00, real=0.00 secs] 
21.913: [GC (Allocation Failure) [PSYoungGen: 392437K->6636K(417280K)] 651855K->266054K(936960K), 0.0039001 secs] [Times: user=0.01 sys=0.01, real=0.01 secs] 
23.721: [GC (Allocation Failure) [PSYoungGen: 401388K->2199K(453120K)] 660806K->261617K(972800K), 0.0022606 secs] [Times: user=0.01 sys=0.00, real=0.00 secs] 
27.637: [GC (Allocation Failure) [PSYoungGen: 441495K->2231K(459776K)] 700913K->261649K(979456K), 0.0025897 secs] [Times: user=0.01 sys=0.00, real=0.00 secs] 
29.701: [GC (Allocation Failure) [PSYoungGen: 441527K->2250K(481792K)] 700945K->261667K(1001472K), 0.0029759 secs] [Times: user=0.01 sys=0.01, real=0.00 secs] 
32.576: [GC (Allocation Failure) [PSYoungGen: 467146K->2282K(484352K)] 726563K->261699K(1004032K), 0.0050206 secs] [Times: user=0.02 sys=0.00, real=0.01 secs] 
35.027: [GC (Allocation Failure) [PSYoungGen: 467178K->10458K(509440K)] 726595K->269875K(1029120K), 0.0050356 secs] [Times: user=0.01 sys=0.01, real=0.01 secs] 
39.025: [GC (Allocation Failure) [PSYoungGen: 500954K->2295K(509952K)] 760371K->261713K(1029632K), 0.0019642 secs] [Times: user=0.01 sys=0.00, real=0.01 secs] 
41.962: [GC (Allocation Failure) [PSYoungGen: 492791K->2215K(524288K)] 752209K->261633K(1043968K), 0.0022046 secs] [Times: user=0.01 sys=0.00, real=0.00 secs] 
44.366: [GC (Allocation Failure) [PSYoungGen: 512679K->2266K(528384K)] 772097K->261683K(1048064K), 0.0020421 secs] [Times: user=0.01 sys=0.00, real=0.01 secs] 
47.812: [GC (Allocation Failure) [PSYoungGen: 512730K->2173K(541696K)] 772147K->261667K(1061376K), 0.0020843 secs] [Times: user=0.01 sys=0.00, real=0.00 secs] 
49.881: [GC (Allocation Failure) [PSYoungGen: 529533K->1930K(544256K)] 789027K->261775K(1063936K), 0.0020015 secs] [Times: user=0.00 sys=0.00, real=0.00 secs] 
51.601: [GC (Allocation Failure) [PSYoungGen: 529290K->1853K(555008K)] 789135K->261783K(1074688K), 0.0019277 secs] [Times: user=0.00 sys=0.00, real=0.00 secs] 
55.398: [GC (Allocation Failure) [PSYoungGen: 542013K->1885K(555520K)] 801943K->261871K(1075200K), 0.0024435 secs] [Times: user=0.01 sys=0.00, real=0.00 secs] 
57.160: [GC (Allocation Failure) [PSYoungGen: 542045K->1869K(566784K)] 802031K->261903K(1086464K), 0.0022596 secs] [Times: user=0.01 sys=0.00, real=0.00 secs] 
59.710: [GC (Allocation Failure) [PSYoungGen: 554829K->1821K(566784K)] 814863K->261895K(1086464K), 0.0023575 secs] [Times: user=0.01 sys=0.00, real=0.00 secs] 
62.488: [GC (Allocation Failure) [PSYoungGen: 554781K->1760K(577024K)] 814855K->262018K(1096704K), 0.0023898 secs] [Times: user=0.01 sys=0.00, real=0.00 secs] 
66.015: [GC (Allocation Failure) [PSYoungGen: 567008K->1741K(578048K)] 827266K->262023K(1097728K), 0.0023282 secs] [Times: user=0.01 sys=0.00, real=0.01 secs] 
69.134: [GC (Allocation Failure) [PSYoungGen: 566989K->1712K(587264K)] 827271K->262034K(1106944K), 0.0024118 secs] [Times: user=0.00 sys=0.00, real=0.00 secs] 
73.310: [GC (Allocation Failure) [PSYoungGen: 578224K->1773K(559616K)] 838546K->262111K(1079296K), 0.0023015 secs] [Times: user=0.01 sys=0.00, real=0.00 secs] 
75.065: [GC (Allocation Failure) [PSYoungGen: 559341K->1741K(541696K)] 819679K->262127K(1061376K), 0.0019572 secs] [Times: user=0.00 sys=0.00, real=0.01 secs] 
79.085: [GC (Allocation Failure) [PSYoungGen: 541389K->1709K(524288K)] 801775K->262143K(1043968K), 0.0034941 secs] [Times: user=0.01 sys=0.00, real=0.01 secs] 
81.877: [GC (Allocation Failure) [PSYoungGen: 523949K->1709K(507904K)] 784383K->262151K(1027584K), 0.0030727 secs] [Times: user=0.01 sys=0.00, real=0.00 secs] 
84.434: [GC (Allocation Failure) [PSYoungGen: 507565K->1632K(492032K)] 768007K->262089K(1011712K), 0.0031657 secs] [Times: user=0.01 sys=0.00, real=0.01 secs] 
87.684: [GC (Allocation Failure) [PSYoungGen: 491616K->1696K(477184K)] 752073K->262169K(996864K), 0.0032480 secs] [Times: user=0.01 sys=0.00, real=0.01 secs] 
90.708: [GC (Allocation Failure) [PSYoungGen: 476832K->1664K(462848K)] 737305K->278553K(982528K), 0.0050462 secs] [Times: user=0.02 sys=0.00, real=0.00 secs] 
93.262: [GC (Allocation Failure) [PSYoungGen: 462464K->3728K(451072K)] 739353K->280633K(970752K), 0.0020271 secs] [Times: user=0.01 sys=0.00, real=0.00 secs] 
94.876: [GC (Allocation Failure) [PSYoungGen: 450704K->1677K(435712K)] 727609K->278623K(955392K), 0.0017851 secs] [Times: user=0.01 sys=0.00, real=0.01 secs] 
98.891: [GC (Allocation Failure) [PSYoungGen: 435341K->1645K(422912K)] 712287K->278599K(942592K), 0.0019584 secs] [Times: user=0.01 sys=0.01, real=0.00 secs] 
100.712: [GC (Allocation Failure) [PSYoungGen: 422509K->1568K(410624K)] 699463K->278561K(930304K), 0.0034162 secs] [Times: user=0.01 sys=0.00, real=0.00 secs] 
102.217: [GC (Allocation Failure) [PSYoungGen: 410144K->1648K(398848K)] 687137K->278657K(918528K), 0.0024092 secs] [Times: user=0.00 sys=0.00, real=0.00 secs] 
104.164: [GC (Allocation Failure) [PSYoungGen: 398448K->1677K(387584K)] 675457K->278727K(907264K), 0.0017833 secs] [Times: user=0.01 sys=0.00, real=0.00 secs] 
107.599: [GC (Allocation Failure) [PSYoungGen: 387213K->1584K(376832K)] 664263K->278650K(896512K), 0.0017763 secs] [Times: user=0.01 sys=0.00, real=0.00 secs] 
108.974: [GC (Allocation Failure) [PSYoungGen: 376368K->1600K(366592K)] 653434K->278681K(886272K), 0.0042221 secs] [Times: user=0.01 sys=0.01, real=0.01 secs] 
110.586: [GC (Allocation Failure) [PSYoungGen: 366144K->1661K(356864K)] 643225K->278759K(876544K), 0.0018510 secs] [Times: user=0.01 sys=0.00, real=0.01 secs] 
115.027: [GC (Allocation Failure) [PSYoungGen: 356477K->1552K(347648K)] 633575K->278658K(867328K), 0.0021750 secs] [Times: user=0.01 sys=0.00, real=0.00 secs] 
116.672: [GC (Allocation Failure) [PSYoungGen: 347152K->1632K(338432K)] 624258K->278745K(858112K), 0.0023966 secs] [Times: user=0.01 sys=0.00, real=0.00 secs] 
118.227: [GC (Allocation Failure) [PSYoungGen: 338016K->1709K(329728K)] 615129K->278831K(849408K), 0.0018355 secs] [Times: user=0.01 sys=0.00, real=0.00 secs] 
120.394: [GC (Allocation Failure) [PSYoungGen: 329389K->1520K(321024K)] 606511K->278649K(840704K), 0.0022361 secs] [Times: user=0.01 sys=0.00, real=0.00 secs] 
121.810: [GC (Allocation Failure) [PSYoungGen: 321008K->4592K(315904K)] 598137K->282857K(835584K), 0.0043338 secs] [Times: user=0.01 sys=0.00, real=0.00 secs] 
124.614: [GC (Allocation Failure) [PSYoungGen: 315879K->1552K(305664K)] 594145K->279842K(825344K), 0.0016552 secs] [Times: user=0.00 sys=0.00, real=0.00 secs] 
126.318: [GC (Allocation Failure) [PSYoungGen: 305168K->1648K(297984K)] 583458K->279945K(817664K), 0.0034555 secs] [Times: user=0.02 sys=0.00, real=0.00 secs] 
129.070: [GC (Allocation Failure) [PSYoungGen: 297584K->1645K(290816K)] 575881K->279943K(810496K), 0.0020336 secs] [Times: user=0.00 sys=0.00, real=0.00 secs] 
130.737: [GC (Allocation Failure) [PSYoungGen: 290413K->1616K(284160K)] 568711K->279929K(803840K), 0.0020743 secs] [Times: user=0.00 sys=0.00, real=0.00 secs] 
132.966: [GC (Allocation Failure) [PSYoungGen: 283728K->1709K(277504K)] 562041K->280031K(797184K), 0.0018744 secs] [Times: user=0.01 sys=0.00, real=0.01 secs] 
134.354: [GC (Allocation Failure) [PSYoungGen: 277165K->1600K(270848K)] 555487K->279937K(790528K), 0.0022298 secs] [Times: user=0.01 sys=0.00, real=0.00 secs] 
135.195: [GC (Allocation Failure) [PSYoungGen: 270400K->1648K(264704K)] 548737K->279994K(784384K), 0.0015315 secs] [Times: user=0.01 sys=0.00, real=0.00 secs] 
137.494: [GC (Allocation Failure) [PSYoungGen: 264304K->1568K(258560K)] 542650K->279921K(778240K), 0.0031807 secs] [Times: user=0.01 sys=0.01, real=0.01 secs] 
139.880: [GC (Allocation Failure) [PSYoungGen: 258080K->1677K(252928K)] 536433K->280047K(772608K), 0.0017257 secs] [Times: user=0.01 sys=0.00, real=0.00 secs] 
140.827: [GC (Allocation Failure) [PSYoungGen: 252557K->1600K(247296K)] 530927K->279977K(766976K), 0.0021056 secs] [Times: user=0.01 sys=0.00, real=0.00 secs] 
142.625: [GC (Allocation Failure) [PSYoungGen: 246848K->1552K(242176K)] 525225K->279938K(761856K), 0.0022838 secs] [Times: user=0.01 sys=0.00, real=0.01 secs] 
143.671: [GC (Allocation Failure) [PSYoungGen: 241680K->1696K(237056K)] 520066K->288289K(756736K), 0.0028270 secs] [Times: user=0.01 sys=0.00, real=0.00 secs] 
147.036: [GC (Allocation Failure) [PSYoungGen: 236704K->1424K(231424K)] 523297K->288017K(751104K), 0.0023216 secs] [Times: user=0.01 sys=0.00, real=0.01 secs] 
147.536: [GC (Allocation Failure) [PSYoungGen: 231312K->1712K(227328K)] 517905K->288322K(747008K), 0.0017658 secs] [Times: user=0.01 sys=0.00, real=0.01 secs] 
149.227: [GC (Allocation Failure) [PSYoungGen: 226992K->1472K(222208K)] 513602K->288161K(741888K), 0.0020503 secs] [Times: user=0.01 sys=0.01, real=0.01 secs] 
150.278: [GC (Allocation Failure) [PSYoungGen: 222144K->1613K(218112K)] 508833K->288311K(737792K), 0.0016304 secs] [Times: user=0.01 sys=0.00, real=0.00 secs] 
153.802: [GC (Allocation Failure) [PSYoungGen: 217677K->1568K(214016K)] 504375K->288289K(733696K), 0.0047179 secs] [Times: user=0.02 sys=0.00, real=0.00 secs] 
155.219: [GC (Allocation Failure) [PSYoungGen: 213536K->1421K(209408K)] 500257K->288159K(729088K), 0.0024509 secs] [Times: user=0.01 sys=0.00, real=0.00 secs] 
155.690: [GC (Allocation Failure) [PSYoungGen: 209293K->1677K(205824K)] 496031K->288431K(725504K), 0.0018882 secs] [Times: user=0.01 sys=0.00, real=0.00 secs] 
156.627: [GC (Allocation Failure) [PSYoungGen: 205453K->1472K(201216K)] 492207K->288225K(720896K), 0.0021552 secs] [Times: user=0.00 sys=0.00, real=0.00 secs] 
157.311: [GC (Allocation Failure) [PSYoungGen: 201152K->1453K(197632K)] 487905K->288207K(717312K), 0.0016424 secs] [Times: user=0.00 sys=0.00, real=0.00 secs] 
157.845: [GC (Allocation Failure) [PSYoungGen: 197549K->2528K(195072K)] 484303K->290377K(714752K), 0.0022232 secs] [Times: user=0.01 sys=0.00, real=0.01 secs] 
159.137: [GC (Allocation Failure) [PSYoungGen: 195040K->384K(189440K)] 482889K->288233K(709120K), 0.0020653 secs] [Times: user=0.00 sys=0.00, real=0.00 secs] 
159.713: [GC (Allocation Failure) [PSYoungGen: 189312K->1520K(188928K)] 477161K->289370K(708608K), 0.0017336 secs] [Times: user=0.00 sys=0.00, real=0.00 secs] 
160.459: [GC (Allocation Failure) [PSYoungGen: 186864K->1536K(184320K)] 474714K->289401K(704000K), 0.0022386 secs] [Times: user=0.01 sys=0.00, real=0.00 secs] 
162.244: [GC (Allocation Failure) [PSYoungGen: 183808K->1408K(180736K)] 471673K->289281K(700416K), 0.0026599 secs] [Times: user=0.01 sys=0.00, real=0.01 secs] 
163.017: [GC (Allocation Failure) [PSYoungGen: 180608K->1584K(178176K)] 468481K->289458K(697856K), 0.0017226 secs] [Times: user=0.01 sys=0.00, real=0.01 secs] 
163.685: [GC (Allocation Failure) [PSYoungGen: 177712K->1536K(175104K)] 465586K->289417K(694784K), 0.0022696 secs] [Times: user=0.00 sys=0.00, real=0.01 secs] 
164.612: [GC (Allocation Failure) [PSYoungGen: 174592K->1392K(171520K)] 462473K->289273K(691200K), 0.0020464 secs] [Times: user=0.01 sys=0.00, real=0.00 secs] 
165.379: [GC (Allocation Failure) [PSYoungGen: 171376K->1488K(168448K)] 459257K->289370K(688128K), 0.0016409 secs] [Times: user=0.01 sys=0.00, real=0.00 secs] 
165.835: [GC (Allocation Failure) [PSYoungGen: 168400K->2528K(166912K)] 456282K->290465K(686592K), 0.0018619 secs] [Times: user=0.01 sys=0.00, real=0.01 secs] 
166.904: [GC (Allocation Failure) [PSYoungGen: 166880K->1440K(163328K)] 454817K->289385K(683008K), 0.0020089 secs] [Times: user=0.01 sys=0.00, real=0.00 secs] 
168.304: [GC (Allocation Failure) [PSYoungGen: 163232K->1517K(160768K)] 451177K->289463K(680448K), 0.0019422 secs] [Times: user=0.01 sys=0.00, real=0.00 secs] 
168.590: [GC (Allocation Failure) [PSYoungGen: 160749K->1581K(158720K)] 448695K->289527K(678400K), 0.0016616 secs] [Times: user=0.00 sys=0.00, real=0.00 secs] 
169.369: [GC (Allocation Failure) [PSYoungGen: 158253K->1472K(155648K)] 446199K->289417K(675328K), 0.0028508 secs] [Times: user=0.01 sys=0.00, real=0.00 secs] 
170.027: [GC (Allocation Failure) [PSYoungGen: 155584K->1376K(153088K)] 443529K->289321K(672768K), 0.0021088 secs] [Times: user=0.00 sys=0.00, real=0.01 secs] 
170.367: [GC (Allocation Failure) [PSYoungGen: 152928K->1549K(151040K)] 440873K->289519K(670720K), 0.0015662 secs] [Times: user=0.01 sys=0.00, real=0.00 secs] 
171.082: [GC (Allocation Failure) [PSYoungGen: 150541K->2496K(149504K)] 438511K->291497K(669184K), 0.0025017 secs] [Times: user=0.01 sys=0.00, real=0.00 secs] 
173.619: [GC (Allocation Failure) [PSYoungGen: 149440K->384K(145408K)] 438441K->289385K(665088K), 0.0024643 secs] [Times: user=0.01 sys=0.00, real=0.00 secs] 
174.724: [GC (Allocation Failure) [PSYoungGen: 145280K->1485K(145920K)] 434281K->290503K(665600K), 0.0017735 secs] [Times: user=0.01 sys=0.00, real=0.00 secs] 
174.981: [GC (Allocation Failure) [PSYoungGen: 144333K->1648K(142848K)] 433351K->290674K(662528K), 0.0016858 secs] [Times: user=0.01 sys=0.00, real=0.00 secs] 
175.927: [GC (Allocation Failure) [PSYoungGen: 142448K->1456K(140288K)] 431474K->290481K(659968K), 0.0022523 secs] [Times: user=0.01 sys=0.00, real=0.00 secs] 
177.729: [GC (Allocation Failure) [PSYoungGen: 140208K->1376K(138240K)] 429233K->290401K(657920K), 0.0031463 secs] [Times: user=0.01 sys=0.00, real=0.00 secs] 
178.613: [GC (Allocation Failure) [PSYoungGen: 138080K->1488K(136192K)] 427105K->290514K(655872K), 0.0019250 secs] [Times: user=0.01 sys=0.00, real=0.00 secs] 
178.855: [GC (Allocation Failure) [PSYoungGen: 136144K->1552K(134656K)] 425170K->290578K(654336K), 0.0016893 secs] [Times: user=0.00 sys=0.00, real=0.01 secs] 
179.655: [GC (Allocation Failure) [PSYoungGen: 134160K->1440K(132096K)] 423186K->290465K(651776K), 0.0022922 secs] [Times: user=0.01 sys=0.00, real=0.01 secs] 
181.362: [GC (Allocation Failure) [PSYoungGen: 132000K->1376K(130560K)] 421025K->290401K(650240K), 0.0027907 secs] [Times: user=0.01 sys=0.00, real=0.00 secs] 
182.713: [GC (Allocation Failure) [PSYoungGen: 130400K->1549K(129536K)] 419425K->290575K(649216K), 0.0020876 secs] [Times: user=0.00 sys=0.00, real=0.00 secs] 
182.955: [GC (Allocation Failure) [PSYoungGen: 129037K->1549K(128000K)] 418063K->290575K(647680K), 0.0015021 secs] [Times: user=0.00 sys=0.00, real=0.00 secs] 
183.402: [GC (Allocation Failure) [PSYoungGen: 127501K->2528K(126976K)] 416527K->292593K(646656K), 0.0021378 secs] [Times: user=0.01 sys=0.00, real=0.00 secs] 
184.645: [GC (Allocation Failure) [PSYoungGen: 126944K->384K(123392K)] 417009K->290449K(643072K), 0.0021681 secs] [Times: user=0.01 sys=0.00, real=0.01 secs] 
186.106: [GC (Allocation Failure) [PSYoungGen: 123264K->352K(121856K)] 413329K->290433K(641536K), 0.0023886 secs] [Times: user=0.01 sys=0.00, real=0.01 secs] 
186.408: [GC (Allocation Failure) [PSYoungGen: 121672K->1581K(121856K)] 411754K->291671K(641536K), 0.0015628 secs] [Times: user=0.01 sys=0.00, real=0.00 secs] 
186.617: [GC (Allocation Failure) [PSYoungGen: 121389K->1520K(119808K)] 411479K->291618K(639488K), 0.0017816 secs] [Times: user=0.01 sys=0.00, real=0.01 secs] 
187.124: [GC (Allocation Failure) [PSYoungGen: 119792K->1408K(118272K)] 409890K->291513K(637952K), 0.0017486 secs] [Times: user=0.01 sys=0.00, real=0.00 secs] 
187.706: [GC (Allocation Failure) [PSYoungGen: 118144K->1376K(116736K)] 408249K->291481K(636416K), 0.0018442 secs] [Times: user=0.01 sys=0.00, real=0.01 secs] 
188.202: [GC (Allocation Failure) [PSYoungGen: 116576K->1549K(115712K)] 406681K->291655K(635392K), 0.0016335 secs] [Times: user=0.01 sys=0.00, real=0.00 secs] 
188.401: [GC (Allocation Failure) [PSYoungGen: 115213K->1517K(113664K)] 405319K->291623K(633344K), 0.0015836 secs] [Times: user=0.01 sys=0.00, real=0.00 secs] 
188.782: [GC (Allocation Failure) [PSYoungGen: 113645K->1552K(112640K)] 403751K->292681K(632320K), 0.0017471 secs] [Times: user=0.01 sys=0.00, real=0.00 secs] 
189.852: [GC (Allocation Failure) [PSYoungGen: 112144K->368K(110080K)] 403273K->291497K(629760K), 0.0026822 secs] [Times: user=0.01 sys=0.00, real=0.00 secs] 
190.641: [GC (Allocation Failure) [PSYoungGen: 109936K->368K(109056K)] 401065K->291497K(628736K), 0.0039892 secs] [Times: user=0.01 sys=0.00, real=0.00 secs] 
191.374: [GC (Allocation Failure) [PSYoungGen: 108912K->1517K(110080K)] 400041K->292655K(629760K), 0.0019805 secs] [Times: user=0.01 sys=0.00, real=0.00 secs] 
191.573: [GC (Allocation Failure) [PSYoungGen: 109037K->1517K(108032K)] 400175K->292663K(627712K), 0.0016793 secs] [Times: user=0.00 sys=0.00, real=0.00 secs] 
191.816: [GC (Allocation Failure) [PSYoungGen: 108013K->2528K(108032K)] 399159K->293713K(627712K), 0.0020549 secs] [Times: user=0.00 sys=0.00, real=0.01 secs] 
192.281: [GC (Allocation Failure) [PSYoungGen: 108000K->1392K(105984K)] 399185K->292593K(625664K), 0.0016915 secs] [Times: user=0.01 sys=0.00, real=0.00 secs] 
193.141: [GC (Allocation Failure) [PSYoungGen: 105840K->1376K(104960K)] 397041K->292577K(624640K), 0.0024810 secs] [Times: user=0.01 sys=0.00, real=0.00 secs] 
193.965: [GC (Allocation Failure) [PSYoungGen: 104800K->1485K(103936K)] 396001K->292687K(623616K), 0.0024775 secs] [Times: user=0.01 sys=0.00, real=0.01 secs] 
194.258: [GC (Allocation Failure) [PSYoungGen: 103885K->1549K(103424K)] 395087K->292751K(623104K), 0.0016778 secs] [Times: user=0.01 sys=0.00, real=0.00 secs] 
194.435: [GC (Allocation Failure) [PSYoungGen: 102925K->1549K(102400K)] 394127K->292751K(622080K), 0.0016076 secs] [Times: user=0.01 sys=0.00, real=0.00 secs] 
196.747: [GC (Allocation Failure) [PSYoungGen: 101901K->1408K(100864K)] 393103K->292609K(620544K), 0.0029794 secs] [Times: user=0.01 sys=0.00, real=0.00 secs] 
197.183: [GC (Allocation Failure) [PSYoungGen: 100736K->1376K(99840K)] 391937K->292577K(619520K), 0.0019917 secs] [Times: user=0.01 sys=0.00, real=0.00 secs] 
197.758: [GC (Allocation Failure) [PSYoungGen: 99328K->288K(97792K)] 390530K->291489K(617472K), 0.0017581 secs] [Times: user=0.01 sys=0.00, real=0.00 secs] 
197.928: [GC (Allocation Failure) [PSYoungGen: 97568K->1517K(97792K)] 388769K->292719K(617472K), 0.0016429 secs] [Times: user=0.01 sys=0.00, real=0.00 secs] 
198.095: [GC (Allocation Failure) [PSYoungGen: 97773K->1520K(96768K)] 388975K->292730K(616448K), 0.0016904 secs] [Times: user=0.00 sys=0.00, real=0.01 secs] 
198.442: [GC (Allocation Failure) [PSYoungGen: 96752K->2464K(96768K)] 387962K->294697K(616448K), 0.0018357 secs] [Times: user=0.00 sys=0.00, real=0.00 secs] 
199.226: [GC (Allocation Failure) [PSYoungGen: 96672K->352K(93696K)] 388905K->292585K(613376K), 0.0017163 secs] [Times: user=0.00 sys=0.00, real=0.01 secs] 
199.791: [GC (Allocation Failure) [PSYoungGen: 93536K->320K(92672K)] 385769K->292577K(612352K), 0.0017929 secs] [Times: user=0.01 sys=0.00, real=0.00 secs] 
200.392: [GC (Allocation Failure) [PSYoungGen: 92480K->1421K(94208K)] 384737K->293679K(613888K), 0.0015476 secs] [Times: user=0.01 sys=0.00, real=0.00 secs] 
200.552: [GC (Allocation Failure) [PSYoungGen: 92557K->1517K(91648K)] 384815K->293775K(611328K), 0.0017477 secs] [Times: user=0.01 sys=0.00, real=0.00 secs] 
200.710: [GC (Allocation Failure) [PSYoungGen: 91629K->1485K(90624K)] 383887K->293743K(610304K), 0.0015815 secs] [Times: user=0.01 sys=0.00, real=0.00 secs] 
201.120: [GC (Allocation Failure) [PSYoungGen: 90573K->1456K(89600K)] 382831K->293721K(609280K), 0.0019827 secs] [Times: user=0.01 sys=0.00, real=0.00 secs] 
201.930: [GC (Allocation Failure) [PSYoungGen: 89520K->1376K(89088K)] 381785K->293641K(608768K), 0.0018982 secs] [Times: user=0.01 sys=0.00, real=0.00 secs] 
202.951: [GC (Allocation Failure) [PSYoungGen: 88928K->1376K(88576K)] 381193K->293641K(608256K), 0.0033340 secs] [Times: user=0.01 sys=0.00, real=0.00 secs] 
203.922: [GC (Allocation Failure) [PSYoungGen: 88416K->1469K(88064K)] 380681K->293735K(607744K), 0.0026619 secs] [Times: user=0.01 sys=0.01, real=0.00 secs] 
204.142: [GC (Allocation Failure) [PSYoungGen: 87997K->1520K(87552K)] 380263K->293802K(607232K), 0.0017162 secs] [Times: user=0.01 sys=0.00, real=0.00 secs] 
204.294: [GC (Allocation Failure) [PSYoungGen: 87536K->1520K(87040K)] 379818K->293802K(606720K), 0.0017326 secs] [Times: user=0.01 sys=0.00, real=0.00 secs] 
204.567: [GC (Allocation Failure) [PSYoungGen: 87024K->2496K(87552K)] 379306K->294777K(607232K), 0.0023272 secs] [Times: user=0.01 sys=0.00, real=0.00 secs] 
204.953: [GC (Allocation Failure) [PSYoungGen: 87488K->1408K(86016K)] 379769K->293689K(605696K), 0.0020474 secs] [Times: user=0.01 sys=0.00, real=0.00 secs] 
205.304: [GC (Allocation Failure) [PSYoungGen: 85888K->1440K(85504K)] 378169K->293721K(605184K), 0.0017284 secs] [Times: user=0.00 sys=0.00, real=0.00 secs] 
205.653: [GC (Allocation Failure) [PSYoungGen: 85408K->1376K(84992K)] 377689K->293657K(604672K), 0.0018924 secs] [Times: user=0.01 sys=0.00, real=0.00 secs] 
205.867: [GC (Allocation Failure) [PSYoungGen: 84832K->1485K(84480K)] 377113K->293767K(604160K), 0.0016296 secs] [Times: user=0.01 sys=0.00, real=0.00 secs] 
206.013: [GC (Allocation Failure) [PSYoungGen: 84429K->1485K(83968K)] 376711K->293767K(603648K), 0.0017308 secs] [Times: user=0.00 sys=0.00, real=0.00 secs] 
206.156: [GC (Allocation Failure) [PSYoungGen: 83917K->1485K(91136K)] 376199K->293767K(610816K), 0.0016228 secs] [Times: user=0.01 sys=0.00, real=0.01 secs] 
207.497: [GC (Allocation Failure) [PSYoungGen: 91085K->1424K(90112K)] 383367K->293705K(609792K), 0.0047270 secs] [Times: user=0.02 sys=0.00, real=0.00 secs] 
208.810: [GC (Allocation Failure) [PSYoungGen: 90000K->1408K(89088K)] 382281K->293689K(608768K), 0.0026220 secs] [Times: user=0.01 sys=0.00, real=0.00 secs] 
209.881: [GC (Allocation Failure) [PSYoungGen: 88960K->1376K(88576K)] 381241K->293665K(608256K), 0.0026622 secs] [Times: user=0.01 sys=0.00, real=0.00 secs] 
210.394: [GC (Allocation Failure) [PSYoungGen: 88416K->1437K(88064K)] 380705K->293751K(607744K), 0.0020012 secs] [Times: user=0.00 sys=0.00, real=0.00 secs] 
210.558: [GC (Allocation Failure) [PSYoungGen: 87965K->1485K(87552K)] 380279K->293799K(607232K), 0.0015688 secs] [Times: user=0.00 sys=0.00, real=0.00 secs] 
210.707: [GC (Allocation Failure) [PSYoungGen: 87501K->1488K(87040K)] 379815K->293802K(606720K), 0.0015838 secs] [Times: user=0.01 sys=0.00, real=0.00 secs] 
211.188: [GC (Allocation Failure) [PSYoungGen: 86992K->1456K(86528K)] 379306K->293769K(606208K), 0.0019112 secs] [Times: user=0.00 sys=0.00, real=0.00 secs] 
211.893: [GC (Allocation Failure) [PSYoungGen: 86448K->1376K(86016K)] 378761K->293689K(605696K), 0.0031187 secs] [Times: user=0.02 sys=0.00, real=0.00 secs] 
212.588: [GC (Allocation Failure) [PSYoungGen: 85856K->1408K(85504K)] 378169K->293729K(605184K), 0.0021654 secs] [Times: user=0.00 sys=0.00, real=0.00 secs] 
212.940: [GC (Allocation Failure) [PSYoungGen: 85376K->1501K(84992K)] 377697K->293823K(604672K), 0.0022048 secs] [Times: user=0.01 sys=0.00, real=0.00 secs] 
213.175: [GC (Allocation Failure) [PSYoungGen: 84957K->1552K(84992K)] 377279K->293874K(604672K), 0.0019477 secs] [Times: user=0.01 sys=0.00, real=0.00 secs] 
213.322: [GC (Allocation Failure) [PSYoungGen: 84496K->480K(82944K)] 376818K->293826K(602624K), 0.0016265 secs] [Times: user=0.01 sys=0.01, real=0.00 secs] 
213.482: [GC (Allocation Failure) [PSYoungGen: 82912K->1504K(83968K)] 376258K->294849K(603648K), 0.0013852 secs] [Times: user=0.01 sys=0.00, real=0.00 secs] 
214.154: [GC (Allocation Failure) [PSYoungGen: 83424K->1376K(82944K)] 376769K->294721K(602624K), 0.0030072 secs] [Times: user=0.01 sys=0.00, real=0.01 secs] 
214.926: [GC (Allocation Failure) [PSYoungGen: 82784K->1312K(82432K)] 376129K->294657K(602112K), 0.0033212 secs] [Times: user=0.01 sys=0.00, real=0.01 secs] 
215.699: [GC (Allocation Failure) [PSYoungGen: 82208K->1360K(81920K)] 375553K->294713K(601600K), 0.0029103 secs] [Times: user=0.01 sys=0.00, real=0.00 secs] 
216.166: [GC (Allocation Failure) [PSYoungGen: 81744K->1485K(81408K)] 375097K->294839K(601088K), 0.0022434 secs] [Times: user=0.00 sys=0.00, real=0.01 secs] 
216.362: [GC (Allocation Failure) [PSYoungGen: 81357K->1517K(80896K)] 374711K->294871K(600576K), 0.0019014 secs] [Times: user=0.01 sys=0.00, real=0.00 secs] 
216.564: [GC (Allocation Failure) [PSYoungGen: 80877K->1485K(88576K)] 374231K->294839K(608256K), 0.0049531 secs] [Times: user=0.02 sys=0.00, real=0.01 secs] 
217.023: [GC (Allocation Failure) [PSYoungGen: 88525K->1424K(96256K)] 381879K->296833K(615936K), 0.0025169 secs] [Times: user=0.01 sys=0.00, real=0.00 secs] 
218.148: [GC (Allocation Failure) [PSYoungGen: 96144K->1408K(103936K)] 391553K->296817K(623616K), 0.0031825 secs] [Times: user=0.01 sys=0.00, real=0.00 secs] 
218.909: [GC (Allocation Failure) [PSYoungGen: 103808K->1376K(102912K)] 399217K->296793K(622592K), 0.0030762 secs] [Times: user=0.02 sys=0.00, real=0.00 secs] 
219.658: [GC (Allocation Failure) [PSYoungGen: 102752K->1485K(101888K)] 398169K->296927K(621568K), 0.0020416 secs] [Times: user=0.00 sys=0.00, real=0.00 secs] 
219.897: [GC (Allocation Failure) [PSYoungGen: 101837K->1485K(100864K)] 397279K->296927K(620544K), 0.0020208 secs] [Times: user=0.01 sys=0.00, real=0.00 secs] 
220.086: [GC (Allocation Failure) [PSYoungGen: 100813K->1517K(99840K)] 396255K->296959K(619520K), 0.0016732 secs] [Times: user=0.01 sys=0.00, real=0.01 secs] 
220.607: [GC (Allocation Failure) [PSYoungGen: 99821K->1408K(98816K)] 395263K->296849K(618496K), 0.0019337 secs] [Times: user=0.01 sys=0.00, real=0.01 secs] 
221.422: [GC (Allocation Failure) [PSYoungGen: 98688K->1408K(97792K)] 394129K->296849K(617472K), 0.0021010 secs] [Times: user=0.01 sys=0.00, real=0.00 secs] 
222.198: [GC (Allocation Failure) [PSYoungGen: 97664K->1440K(96768K)] 393105K->296881K(616448K), 0.0026532 secs] [Times: user=0.01 sys=0.00, real=0.00 secs] 
222.484: [GC (Allocation Failure) [PSYoungGen: 96672K->1488K(95744K)] 392113K->296938K(615424K), 0.0017812 secs] [Times: user=0.00 sys=0.01, real=0.00 secs] 
222.651: [GC (Allocation Failure) [PSYoungGen: 95696K->1533K(94720K)] 391146K->296983K(614400K), 0.0016608 secs] [Times: user=0.00 sys=0.00, real=0.00 secs] 
222.909: [GC (Allocation Failure) [PSYoungGen: 94717K->1472K(93696K)] 390167K->296921K(613376K), 0.0019402 secs] [Times: user=0.01 sys=0.00, real=0.00 secs] 
223.583: [GC (Allocation Failure) [PSYoungGen: 93632K->1440K(92672K)] 389081K->296889K(612352K), 0.0017521 secs] [Times: user=0.01 sys=0.00, real=0.00 secs] 
224.422: [GC (Allocation Failure) [PSYoungGen: 92576K->1408K(91648K)] 388025K->296857K(611328K), 0.0032011 secs] [Times: user=0.01 sys=0.00, real=0.00 secs] 
225.249: [GC (Allocation Failure) [PSYoungGen: 91520K->1501K(90624K)] 386969K->296951K(610304K), 0.0034415 secs] [Times: user=0.01 sys=0.00, real=0.00 secs] 
225.543: [GC (Allocation Failure) [PSYoungGen: 90589K->1549K(90112K)] 386039K->297023K(609792K), 0.0018482 secs] [Times: user=0.00 sys=0.00, real=0.00 secs] 
225.698: [GC (Allocation Failure) [PSYoungGen: 89613K->528K(88576K)] 385087K->297034K(608256K), 0.0024078 secs] [Times: user=0.01 sys=0.00, real=0.00 secs] 
226.003: [GC (Allocation Failure) [PSYoungGen: 88080K->1472K(88576K)] 384586K->299002K(608256K), 0.0022474 secs] [Times: user=0.00 sys=0.00, real=0.00 secs] 
226.835: [GC (Allocation Failure) [PSYoungGen: 88512K->432K(87040K)] 386042K->297962K(606720K), 0.0031497 secs] [Times: user=0.01 sys=0.01, real=0.01 secs] 
227.813: [GC (Allocation Failure) [PSYoungGen: 86960K->416K(88064K)] 384490K->297945K(607744K), 0.0022350 secs] [Times: user=0.01 sys=0.00, real=0.00 secs] 
228.586: [GC (Allocation Failure) [PSYoungGen: 86432K->352K(86016K)] 383961K->297881K(605696K), 0.0026130 secs] [Times: user=0.01 sys=0.00, real=0.01 secs] 
228.848: [GC (Allocation Failure) [PSYoungGen: 85856K->1485K(86528K)] 383385K->299015K(606208K), 0.0016448 secs] [Times: user=0.00 sys=0.00, real=0.00 secs] 
228.997: [GC (Allocation Failure) [PSYoungGen: 86477K->1517K(86016K)] 384007K->299079K(605696K), 0.0017534 secs] [Times: user=0.00 sys=0.00, real=0.00 secs] 
229.145: [GC (Allocation Failure) [PSYoungGen: 85997K->1552K(86016K)] 383559K->299114K(605696K), 0.0016143 secs] [Times: user=0.01 sys=0.00, real=0.01 secs] 
229.647: [GC (Allocation Failure) [PSYoungGen: 85520K->1408K(84992K)] 383082K->298978K(604672K), 0.0018545 secs] [Times: user=0.01 sys=0.00, real=0.01 secs] 
230.018: [GC (Allocation Failure) [PSYoungGen: 84864K->1376K(84480K)] 382434K->298946K(604160K), 0.0022480 secs] [Times: user=0.01 sys=0.00, real=0.00 secs] 
230.369: [GC (Allocation Failure) [PSYoungGen: 84320K->1408K(83968K)] 381890K->298978K(603648K), 0.0022171 secs] [Times: user=0.00 sys=0.00, real=0.00 secs] 
230.668: [GC (Allocation Failure) [PSYoungGen: 83840K->1485K(83456K)] 381410K->299055K(603136K), 0.0016674 secs] [Times: user=0.01 sys=0.00, real=0.00 secs] 
230.810: [GC (Allocation Failure) [PSYoungGen: 83405K->1517K(82944K)] 380975K->299087K(602624K), 0.0015609 secs] [Times: user=0.01 sys=0.00, real=0.00 secs] 
230.953: [GC (Allocation Failure) [PSYoungGen: 82925K->1485K(89600K)] 380495K->299055K(609280K), 0.0017002 secs] [Times: user=0.00 sys=0.00, real=0.00 secs] 
231.266: [GC (Allocation Failure) [PSYoungGen: 89549K->1440K(89088K)] 387119K->299010K(608768K), 0.0020316 secs] [Times: user=0.01 sys=0.00, real=0.01 secs] 
231.672: [GC (Allocation Failure) [PSYoungGen: 88992K->1408K(88576K)] 386562K->298978K(608256K), 0.0021000 secs] [Times: user=0.01 sys=0.00, real=0.00 secs] 
232.034: [GC (Allocation Failure) [PSYoungGen: 88448K->1440K(88064K)] 386018K->299018K(607744K), 0.0018651 secs] [Times: user=0.00 sys=0.00, real=0.00 secs] 
232.407: [GC (Allocation Failure) [PSYoungGen: 87968K->1424K(87552K)] 385546K->299002K(607232K), 0.0015975 secs] [Times: user=0.00 sys=0.00, real=0.00 secs] 
232.561: [GC (Allocation Failure) [PSYoungGen: 87440K->1488K(87040K)] 385018K->299066K(606720K), 0.0015163 secs] [Times: user=0.01 sys=0.01, real=0.00 secs] 
232.711: [GC (Allocation Failure) [PSYoungGen: 86992K->1485K(94208K)] 384570K->299063K(613888K), 0.0016974 secs] [Times: user=0.00 sys=0.00, real=0.00 secs] 
232.922: [GC (Allocation Failure) [PSYoungGen: 94157K->1440K(93184K)] 391735K->299018K(612864K), 0.0016391 secs] [Times: user=0.01 sys=0.00, real=0.00 secs] 
233.671: [GC (Allocation Failure) [PSYoungGen: 93088K->1440K(92160K)] 390666K->299018K(611840K), 0.0019790 secs] [Times: user=0.01 sys=0.00, real=0.00 secs] 
234.509: [GC (Allocation Failure) [PSYoungGen: 92064K->1376K(91136K)] 389642K->298954K(610816K), 0.0030365 secs] [Times: user=0.01 sys=0.00, real=0.00 secs] 
235.187: [GC (Allocation Failure) [PSYoungGen: 90976K->1501K(90112K)] 388554K->299095K(609792K), 0.0024979 secs] [Times: user=0.01 sys=0.00, real=0.00 secs] 
235.454: [GC (Allocation Failure) [PSYoungGen: 90077K->1485K(89088K)] 387671K->299079K(608768K), 0.0018697 secs] [Times: user=0.01 sys=0.00, real=0.00 secs] 
235.613: [GC (Allocation Failure) [PSYoungGen: 89037K->1453K(88576K)] 386631K->299047K(608256K), 0.0018728 secs] [Times: user=0.01 sys=0.00, real=0.00 secs] 
235.885: [GC (Allocation Failure) [PSYoungGen: 88493K->1472K(88064K)] 386087K->300090K(607744K), 0.0022460 secs] [Times: user=0.01 sys=0.00, real=0.01 secs] 
236.964: [GC (Allocation Failure) [PSYoungGen: 88000K->352K(86528K)] 386618K->298970K(606208K), 0.0033075 secs] [Times: user=0.01 sys=0.00, real=0.01 secs] 
237.796: [GC (Allocation Failure) [PSYoungGen: 86368K->352K(86016K)] 384986K->298970K(605696K), 0.0024765 secs] [Times: user=0.01 sys=0.00, real=0.01 secs] 
238.754: [GC (Allocation Failure) [PSYoungGen: 85856K->384K(85504K)] 384474K->299026K(605184K), 0.0023054 secs] [Times: user=0.01 sys=0.00, real=0.01 secs] 
239.051: [GC (Allocation Failure) [PSYoungGen: 85376K->1453K(86016K)] 384018K->300095K(605696K), 0.0016318 secs] [Times: user=0.01 sys=0.00, real=0.00 secs] 
239.200: [GC (Allocation Failure) [PSYoungGen: 85933K->1485K(85504K)] 384575K->300127K(605184K), 0.0017343 secs] [Times: user=0.01 sys=0.00, real=0.00 secs] 
239.347: [GC (Allocation Failure) [PSYoungGen: 85453K->1456K(84992K)] 384095K->300098K(604672K), 0.0017210 secs] [Times: user=0.00 sys=0.00, real=0.00 secs] 
239.765: [GC (Allocation Failure) [PSYoungGen: 84912K->1408K(84480K)] 383554K->300058K(604160K), 0.0018863 secs] [Times: user=0.00 sys=0.00, real=0.01 secs] 
240.142: [GC (Allocation Failure) [PSYoungGen: 84352K->1376K(83968K)] 383002K->300026K(603648K), 0.0018527 secs] [Times: user=0.01 sys=0.00, real=0.00 secs] 
240.506: [GC (Allocation Failure) [PSYoungGen: 83808K->1344K(83456K)] 382458K->299994K(603136K), 0.0019049 secs] [Times: user=0.00 sys=0.00, real=0.01 secs] 
240.793: [GC (Allocation Failure) [PSYoungGen: 83264K->1453K(82944K)] 381914K->300103K(602624K), 0.0015247 secs] [Times: user=0.01 sys=0.00, real=0.00 secs] 
240.936: [GC (Allocation Failure) [PSYoungGen: 82861K->1453K(82432K)] 381511K->300103K(602112K), 0.0016953 secs] [Times: user=0.00 sys=0.00, real=0.01 secs] 
241.079: [GC (Allocation Failure) [PSYoungGen: 82349K->1453K(89088K)] 380999K->300103K(608768K), 0.0015232 secs] [Times: user=0.00 sys=0.00, real=0.00 secs] 
242.500: [GC (Allocation Failure) [PSYoungGen: 89005K->1456K(88576K)] 387655K->300106K(608256K), 0.0042158 secs] [Times: user=0.02 sys=0.00, real=0.00 secs] 
243.889: [GC (Allocation Failure) [PSYoungGen: 88496K->1408K(88064K)] 387146K->300058K(607744K), 0.0036432 secs] [Times: user=0.01 sys=0.00, real=0.00 secs] 
244.570: [GC (Allocation Failure) [PSYoungGen: 87936K->1408K(87552K)] 386586K->300058K(607232K), 0.0020027 secs] [Times: user=0.01 sys=0.00, real=0.00 secs] 
245.272: [GC (Allocation Failure) [PSYoungGen: 87424K->1405K(87040K)] 386074K->300055K(606720K), 0.0021012 secs] [Times: user=0.01 sys=0.00, real=0.00 secs] 
245.454: [GC (Allocation Failure) [PSYoungGen: 86909K->1517K(86528K)] 385559K->300167K(606208K), 0.0017054 secs] [Times: user=0.01 sys=0.00, real=0.00 secs] 
245.604: [GC (Allocation Failure) [PSYoungGen: 86509K->1456K(86016K)] 385159K->300106K(605696K), 0.0016403 secs] [Times: user=0.00 sys=0.00, real=0.00 secs] 
245.751: [GC (Allocation Failure) [PSYoungGen: 85936K->192K(84480K)] 384586K->298841K(604160K), 0.0016519 secs] [Times: user=0.01 sys=0.00, real=0.00 secs] 
246.139: [GC (Allocation Failure) [PSYoungGen: 84160K->1408K(84992K)] 382809K->300066K(604672K), 0.0017133 secs] [Times: user=0.01 sys=0.00, real=0.00 secs] 
246.919: [GC (Allocation Failure) [PSYoungGen: 84864K->1440K(84480K)] 383522K->300098K(604160K), 0.0019917 secs] [Times: user=0.01 sys=0.00, real=0.00 secs] 
247.794: [GC (Allocation Failure) [PSYoungGen: 84384K->1408K(83968K)] 383042K->300074K(603648K), 0.0021465 secs] [Times: user=0.01 sys=0.00, real=0.00 secs] 
248.284: [GC (Allocation Failure) [PSYoungGen: 83840K->1520K(83456K)] 382506K->300186K(603136K), 0.0019085 secs] [Times: user=0.01 sys=0.00, real=0.00 secs] 
248.431: [GC (Allocation Failure) [PSYoungGen: 83440K->1453K(82944K)] 382106K->300119K(602624K), 0.0016160 secs] [Times: user=0.01 sys=0.00, real=0.00 secs] 
248.598: [GC (Allocation Failure) [PSYoungGen: 82861K->1488K(82432K)] 381527K->300162K(602112K), 0.0019319 secs] [Times: user=0.01 sys=0.00, real=0.00 secs] 
249.244: [GC (Allocation Failure) [PSYoungGen: 82384K->1440K(81920K)] 381058K->300114K(601600K), 0.0021919 secs] [Times: user=0.01 sys=0.00, real=0.00 secs] 
250.036: [GC (Allocation Failure) [PSYoungGen: 81824K->1392K(81408K)] 380498K->300066K(601088K), 0.0022491 secs] [Times: user=0.01 sys=0.00, real=0.01 secs] 
250.814: [GC (Allocation Failure) [PSYoungGen: 81264K->1376K(80896K)] 379938K->300074K(600576K), 0.0022742 secs] [Times: user=0.01 sys=0.01, real=0.00 secs] 
251.851: [GC (Allocation Failure) [PSYoungGen: 80736K->1376K(80384K)] 379434K->300074K(600064K), 0.0026354 secs] [Times: user=0.01 sys=0.00, real=0.00 secs] 
252.121: [GC (Allocation Failure) [PSYoungGen: 80224K->1485K(79872K)] 378922K->300183K(599552K), 0.0016201 secs] [Times: user=0.01 sys=0.00, real=0.00 secs] 
252.258: [GC (Allocation Failure) [PSYoungGen: 79821K->1485K(79360K)] 378519K->300191K(599040K), 0.0016813 secs] [Times: user=0.00 sys=0.00, real=0.00 secs] 
252.395: [GC (Allocation Failure) [PSYoungGen: 79309K->1517K(78848K)] 378015K->300255K(598528K), 0.0015538 secs] [Times: user=0.00 sys=0.00, real=0.01 secs] 
252.919: [GC (Allocation Failure) [PSYoungGen: 78829K->1440K(78336K)] 377567K->300186K(598016K), 0.0020574 secs] [Times: user=0.00 sys=0.00, real=0.00 secs] 
253.471: [GC (Allocation Failure) [PSYoungGen: 78240K->1408K(77824K)] 376986K->300154K(597504K), 0.0019156 secs] [Times: user=0.00 sys=0.00, real=0.00 secs] 
253.789: [GC (Allocation Failure) [PSYoungGen: 77696K->1408K(77312K)] 376442K->300162K(596992K), 0.0019615 secs] [Times: user=0.01 sys=0.00, real=0.00 secs] 
254.104: [GC (Allocation Failure) [PSYoungGen: 77184K->1424K(76800K)] 375938K->300178K(596480K), 0.0019411 secs] [Times: user=0.00 sys=0.00, real=0.00 secs] 
254.295: [GC (Allocation Failure) [PSYoungGen: 76688K->1421K(76288K)] 375442K->300183K(595968K), 0.0016895 secs] [Times: user=0.01 sys=0.00, real=0.01 secs] 
254.426: [GC (Allocation Failure) [PSYoungGen: 76173K->1488K(82432K)] 374935K->300250K(602112K), 0.0016570 secs] [Times: user=0.01 sys=0.00, real=0.01 secs] 
254.567: [GC (Allocation Failure) [PSYoungGen: 82384K->1517K(89600K)] 381146K->300287K(609280K), 0.0016980 secs] [Times: user=0.01 sys=0.00, real=0.00 secs] 
254.887: [GC (Allocation Failure) [PSYoungGen: 89581K->1424K(96768K)] 388351K->300194K(616448K), 0.0017931 secs] [Times: user=0.01 sys=0.00, real=0.00 secs] 
255.283: [GC (Allocation Failure) [PSYoungGen: 96656K->1376K(95744K)] 395426K->300154K(615424K), 0.0017896 secs] [Times: user=0.00 sys=0.01, real=0.00 secs] 
255.674: [GC (Allocation Failure) [PSYoungGen: 95584K->1376K(94720K)] 394362K->300154K(614400K), 0.0016668 secs] [Times: user=0.01 sys=0.00, real=0.00 secs] 
256.021: [GC (Allocation Failure) [PSYoungGen: 94560K->1520K(93696K)] 393338K->300298K(613376K), 0.0018640 secs] [Times: user=0.00 sys=0.00, real=0.00 secs] 
256.183: [GC (Allocation Failure) [PSYoungGen: 93680K->1517K(92672K)] 392458K->300327K(612352K), 0.0015729 secs] [Times: user=0.01 sys=0.00, real=0.00 secs] 
256.341: [GC (Allocation Failure) [PSYoungGen: 92653K->1485K(91648K)] 391463K->300295K(611328K), 0.0018393 secs] [Times: user=0.01 sys=0.00, real=0.00 secs] 
256.700: [GC (Allocation Failure) [PSYoungGen: 91597K->1408K(90624K)] 390407K->300218K(610304K), 0.0016880 secs] [Times: user=0.01 sys=0.00, real=0.00 secs] 
257.069: [GC (Allocation Failure) [PSYoungGen: 90496K->1392K(89600K)] 389306K->300202K(609280K), 0.0018057 secs] [Times: user=0.00 sys=0.00, real=0.00 secs] 
257.451: [GC (Allocation Failure) [PSYoungGen: 89456K->1440K(89088K)] 388266K->300250K(608768K), 0.0017396 secs] [Times: user=0.01 sys=0.00, real=0.00 secs] 
257.709: [GC (Allocation Failure) [PSYoungGen: 88992K->1501K(88576K)] 387802K->300311K(608256K), 0.0017232 secs] [Times: user=0.01 sys=0.00, real=0.00 secs] 
257.861: [GC (Allocation Failure) [PSYoungGen: 88541K->1517K(88064K)] 387351K->300327K(607744K), 0.0015509 secs] [Times: user=0.01 sys=0.00, real=0.00 secs] 
258.013: [GC (Allocation Failure) [PSYoungGen: 88045K->1485K(87552K)] 386855K->300295K(607232K), 0.0017299 secs] [Times: user=0.01 sys=0.00, real=0.00 secs] 
258.673: [GC (Allocation Failure) [PSYoungGen: 87501K->1440K(87040K)] 386311K->300250K(606720K), 0.0019645 secs] [Times: user=0.01 sys=0.00, real=0.00 secs] 
259.122: [GC (Allocation Failure) [PSYoungGen: 86944K->1408K(86528K)] 385754K->300218K(606208K), 0.0036351 secs] [Times: user=0.01 sys=0.00, real=0.00 secs] 
259.723: [GC (Allocation Failure) [PSYoungGen: 86400K->1440K(86016K)] 385210K->300250K(605696K), 0.0018893 secs] [Times: user=0.01 sys=0.00, real=0.00 secs] 
260.363: [GC (Allocation Failure) [PSYoungGen: 85920K->1517K(85504K)] 384730K->300335K(605184K), 0.0024360 secs] [Times: user=0.01 sys=0.00, real=0.00 secs] 
260.547: [GC (Allocation Failure) [PSYoungGen: 85485K->1485K(84992K)] 384303K->300303K(604672K), 0.0014992 secs] [Times: user=0.01 sys=0.00, real=0.00 secs] 
260.693: [GC (Allocation Failure) [PSYoungGen: 84941K->1453K(84480K)] 383759K->300271K(604160K), 0.0016333 secs] [Times: user=0.01 sys=0.00, real=0.00 secs] 
261.010: [GC (Allocation Failure) [PSYoungGen: 84397K->1440K(83968K)] 383215K->300266K(603648K), 0.0025841 secs] [Times: user=0.01 sys=0.00, real=0.00 secs] 
261.663: [GC (Allocation Failure) [PSYoungGen: 83872K->1392K(83456K)] 382698K->300218K(603136K), 0.0020401 secs] [Times: user=0.01 sys=0.00, real=0.00 secs] 
262.004: [GC (Allocation Failure) [PSYoungGen: 83312K->1376K(82944K)] 382138K->300202K(602624K), 0.0022019 secs] [Times: user=0.01 sys=0.00, real=0.00 secs] 
262.872: [GC (Allocation Failure) [PSYoungGen: 82784K->1328K(82432K)] 381610K->300154K(602112K), 0.0027775 secs] [Times: user=0.01 sys=0.00, real=0.00 secs] 
263.373: [GC (Allocation Failure) [PSYoungGen: 82224K->1453K(81920K)] 381050K->300279K(601600K), 0.0020418 secs] [Times: user=0.01 sys=0.00, real=0.00 secs] 
263.525: [GC (Allocation Failure) [PSYoungGen: 81837K->1453K(81408K)] 380663K->300279K(601088K), 0.0016219 secs] [Times: user=0.00 sys=0.00, real=0.01 secs] 
263.665: [GC (Allocation Failure) [PSYoungGen: 81325K->1485K(80896K)] 380151K->300311K(600576K), 0.0015755 secs] [Times: user=0.01 sys=0.00, real=0.00 secs] 
264.156: [GC (Allocation Failure) [PSYoungGen: 80845K->1456K(80384K)] 379671K->300290K(600064K), 0.0019463 secs] [Times: user=0.01 sys=0.00, real=0.01 secs] 
265.142: [GC (Allocation Failure) [PSYoungGen: 80304K->1408K(79872K)] 379138K->300242K(599552K), 0.0020864 secs] [Times: user=0.00 sys=0.00, real=0.00 secs] 
265.721: [GC (Allocation Failure) [PSYoungGen: 79744K->1440K(79360K)] 378578K->300274K(599040K), 0.0021280 secs] [Times: user=0.01 sys=0.00, real=0.00 secs] 
266.048: [GC (Allocation Failure) [PSYoungGen: 79264K->1424K(78848K)] 378098K->300258K(598528K), 0.0023147 secs] [Times: user=0.01 sys=0.00, real=0.00 secs] 
266.295: [GC (Allocation Failure) [PSYoungGen: 78736K->1485K(78336K)] 377570K->300319K(598016K), 0.0017762 secs] [Times: user=0.00 sys=0.00, real=0.01 secs] 
266.429: [GC (Allocation Failure) [PSYoungGen: 78285K->1517K(77824K)] 377119K->300351K(597504K), 0.0016848 secs] [Times: user=0.01 sys=0.00, real=0.00 secs] 
266.563: [GC (Allocation Failure) [PSYoungGen: 77805K->1517K(84480K)] 376639K->300351K(604160K), 0.0016637 secs] [Times: user=0.01 sys=0.00, real=0.00 secs] 
266.856: [GC (Allocation Failure) [PSYoungGen: 84461K->1376K(83968K)] 383295K->300218K(603648K), 0.0016896 secs] [Times: user=0.00 sys=0.00, real=0.01 secs] 
267.198: [GC (Allocation Failure) [PSYoungGen: 83808K->1408K(83456K)] 382650K->300266K(603136K), 0.0020647 secs] [Times: user=0.01 sys=0.00, real=0.00 secs] 
267.539: [GC (Allocation Failure) [PSYoungGen: 83328K->1376K(82944K)] 382186K->300250K(602624K), 0.0019036 secs] [Times: user=0.01 sys=0.00, real=0.00 secs] 
267.870: [GC (Allocation Failure) [PSYoungGen: 82784K->1456K(82432K)] 381658K->300330K(602112K), 0.0018967 secs] [Times: user=0.01 sys=0.00, real=0.00 secs] 
268.016: [GC (Allocation Failure) [PSYoungGen: 82352K->1453K(81920K)] 381226K->300327K(601600K), 0.0014691 secs] [Times: user=0.01 sys=0.00, real=0.01 secs] 
268.156: [GC (Allocation Failure) [PSYoungGen: 81837K->1453K(88576K)] 380711K->300327K(608256K), 0.0016867 secs] [Times: user=0.01 sys=0.00, real=0.01 secs] 
268.347: [GC (Allocation Failure) [PSYoungGen: 88493K->1472K(95744K)] 387367K->301370K(615424K), 0.0016983 secs] [Times: user=0.01 sys=0.00, real=0.00 secs] 
268.735: [GC (Allocation Failure) [PSYoungGen: 95680K->1408K(94720K)] 395578K->301306K(614400K), 0.0018551 secs] [Times: user=0.01 sys=0.00, real=0.01 secs] 
269.122: [GC (Allocation Failure) [PSYoungGen: 94592K->1440K(93696K)] 394490K->301346K(613376K), 0.0023963 secs] [Times: user=0.01 sys=0.00, real=0.00 secs] 
269.525: [GC (Allocation Failure) [PSYoungGen: 93600K->1437K(92672K)] 393506K->301343K(612352K), 0.0020135 secs] [Times: user=0.00 sys=0.00, real=0.01 secs] 
269.708: [GC (Allocation Failure) [PSYoungGen: 92573K->1485K(91648K)] 392479K->301391K(611328K), 0.0016719 secs] [Times: user=0.00 sys=0.00, real=0.00 secs] 
269.894: [GC (Allocation Failure) [PSYoungGen: 91597K->1488K(90624K)] 391503K->301394K(610304K), 0.0019602 secs] [Times: user=0.01 sys=0.00, real=0.00 secs] 
270.142: [GC (Allocation Failure) [PSYoungGen: 90576K->480K(88576K)] 390482K->302434K(608256K), 0.0018776 secs] [Times: user=0.01 sys=0.00, real=0.00 secs] 
270.617: [GC (Allocation Failure) [PSYoungGen: 88544K->384K(89600K)] 390498K->302338K(609280K), 0.0019401 secs] [Times: user=0.00 sys=0.00, real=0.01 secs] 
271.322: [GC (Allocation Failure) [PSYoungGen: 87936K->336K(87552K)] 389890K->302290K(607232K), 0.0033316 secs] [Times: user=0.01 sys=0.00, real=0.00 secs] 
271.974: [GC (Allocation Failure) [PSYoungGen: 87376K->352K(88576K)] 389330K->302322K(608256K), 0.0022555 secs] [Times: user=0.01 sys=0.00, real=0.00 secs] 
272.198: [GC (Allocation Failure) [PSYoungGen: 86880K->1517K(87552K)] 388850K->303487K(607232K), 0.0015897 secs] [Times: user=0.01 sys=0.00, real=0.00 secs] 
272.349: [GC (Allocation Failure) [PSYoungGen: 87533K->1453K(87040K)] 389503K->303423K(606720K), 0.0015950 secs] [Times: user=0.01 sys=0.00, real=0.00 secs] 
272.499: [GC (Allocation Failure) [PSYoungGen: 86957K->1517K(86528K)] 388927K->303487K(606208K), 0.0017135 secs] [Times: user=0.00 sys=0.00, real=0.00 secs] 
272.921: [GC (Allocation Failure) [PSYoungGen: 86509K->1440K(86016K)] 388479K->303410K(605696K), 0.0018018 secs] [Times: user=0.01 sys=0.00, real=0.00 secs] 
273.284: [GC (Allocation Failure) [PSYoungGen: 85920K->1376K(85504K)] 387890K->303346K(605184K), 0.0019242 secs] [Times: user=0.01 sys=0.00, real=0.00 secs] 
273.632: [GC (Allocation Failure) [PSYoungGen: 85344K->1408K(84992K)] 387314K->303386K(604672K), 0.0017963 secs] [Times: user=0.01 sys=0.00, real=0.00 secs] 
273.873: [GC (Allocation Failure) [PSYoungGen: 84864K->1488K(84480K)] 386842K->303466K(604160K), 0.0016921 secs] [Times: user=0.00 sys=0.00, real=0.00 secs] 
274.019: [GC (Allocation Failure) [PSYoungGen: 84432K->1485K(83968K)] 386410K->303463K(603648K), 0.0016725 secs] [Times: user=0.01 sys=0.00, real=0.00 secs] 
274.162: [GC (Allocation Failure) [PSYoungGen: 83917K->1517K(91136K)] 385895K->303495K(610816K), 0.0017107 secs] [Times: user=0.01 sys=0.00, real=0.00 secs] 
275.746: [GC (Allocation Failure) [PSYoungGen: 91117K->1440K(90112K)] 393095K->303418K(609792K), 0.0043959 secs] [Times: user=0.01 sys=0.00, real=0.01 secs] 
277.308: [GC (Allocation Failure) [PSYoungGen: 90016K->1408K(89088K)] 391994K->303386K(608768K), 0.0032945 secs] [Times: user=0.01 sys=0.00, real=0.00 secs] 
278.004: [GC (Allocation Failure) [PSYoungGen: 88960K->1408K(88576K)] 390938K->303386K(608256K), 0.0023634 secs] [Times: user=0.01 sys=0.00, real=0.00 secs] 
278.516: [GC (Allocation Failure) [PSYoungGen: 88448K->1485K(88064K)] 390426K->303471K(607744K), 0.0017861 secs] [Times: user=0.00 sys=0.00, real=0.01 secs] 
278.716: [GC (Allocation Failure) [PSYoungGen: 88013K->1552K(88064K)] 389999K->303562K(607744K), 0.0019491 secs] [Times: user=0.01 sys=0.00, real=0.01 secs] 
278.885: [GC (Allocation Failure) [PSYoungGen: 87568K->496K(86016K)] 389578K->303530K(605696K), 0.0017364 secs] [Times: user=0.01 sys=0.00, real=0.00 secs] 
279.171: [GC (Allocation Failure) [PSYoungGen: 86000K->1456K(87552K)] 389034K->304490K(607232K), 0.0020917 secs] [Times: user=0.01 sys=0.00, real=0.00 secs] 
279.525: [GC (Allocation Failure) [PSYoungGen: 86448K->1408K(86016K)] 389482K->304442K(605696K), 0.0019172 secs] [Times: user=0.01 sys=0.00, real=0.01 secs] 
279.888: [GC (Allocation Failure) [PSYoungGen: 85888K->1392K(85504K)] 388922K->304426K(605184K), 0.0020710 secs] [Times: user=0.00 sys=0.00, real=0.00 secs] 
280.378: [GC (Allocation Failure) [PSYoungGen: 85360K->1424K(84992K)] 388394K->304458K(604672K), 0.0017371 secs] [Times: user=0.00 sys=0.00, real=0.00 secs] 
280.536: [GC (Allocation Failure) [PSYoungGen: 84880K->1552K(84992K)] 387914K->304586K(604672K), 0.0017786 secs] [Times: user=0.01 sys=0.00, real=0.01 secs] 
280.685: [GC (Allocation Failure) [PSYoungGen: 84496K->560K(83456K)] 387530K->304618K(603136K), 0.0015154 secs] [Times: user=0.01 sys=0.00, real=0.00 secs] 
280.830: [GC (Allocation Failure) [PSYoungGen: 82992K->461K(90112K)] 387050K->304527K(609792K), 0.0015910 secs] [Times: user=0.00 sys=0.00, real=0.00 secs] 
283.331: [GC (Allocation Failure) [PSYoungGen: 90061K->1456K(90112K)] 394127K->305522K(609792K), 0.0031602 secs] [Times: user=0.01 sys=0.00, real=0.00 secs] 
284.254: [GC (Allocation Failure) [PSYoungGen: 90032K->1408K(89088K)] 394098K->305474K(608768K), 0.0024256 secs] [Times: user=0.01 sys=0.00, real=0.00 secs] 
284.995: [GC (Allocation Failure) [PSYoungGen: 88960K->1440K(88576K)] 393026K->305506K(608256K), 0.0023256 secs] [Times: user=0.01 sys=0.00, real=0.01 secs] 
285.411: [GC (Allocation Failure) [PSYoungGen: 88480K->1488K(88064K)] 392546K->305554K(607744K), 0.0016921 secs] [Times: user=0.01 sys=0.00, real=0.00 secs] 
285.564: [GC (Allocation Failure) [PSYoungGen: 88016K->1520K(87552K)] 392082K->305586K(607232K), 0.0016281 secs] [Times: user=0.01 sys=0.00, real=0.00 secs] 
285.716: [GC (Allocation Failure) [PSYoungGen: 87517K->1549K(87552K)] 391583K->305615K(607232K), 0.0016355 secs] [Times: user=0.01 sys=0.00, real=0.01 secs] 
286.568: [GC (Allocation Failure) [PSYoungGen: 87053K->1472K(86528K)] 391119K->305538K(606208K), 0.0019591 secs] [Times: user=0.01 sys=0.00, real=0.00 secs] 
287.481: [GC (Allocation Failure) [PSYoungGen: 86464K->1440K(86016K)] 390530K->305506K(605696K), 0.0022602 secs] [Times: user=0.01 sys=0.00, real=0.00 secs] 
288.255: [GC (Allocation Failure) [PSYoungGen: 85920K->1408K(85504K)] 389986K->305474K(605184K), 0.0019791 secs] [Times: user=0.01 sys=0.00, real=0.00 secs] 
288.726: [GC (Allocation Failure) [PSYoungGen: 85376K->1469K(84992K)] 389442K->305535K(604672K), 0.0021826 secs] [Times: user=0.00 sys=0.00, real=0.01 secs] 
288.886: [GC (Allocation Failure) [PSYoungGen: 84925K->1520K(84480K)] 388991K->305586K(604160K), 0.0015817 secs] [Times: user=0.01 sys=0.00, real=0.01 secs] 
289.032: [GC (Allocation Failure) [PSYoungGen: 84464K->1581K(84480K)] 388530K->305647K(604160K), 0.0017999 secs] [Times: user=0.01 sys=0.00, real=0.00 secs] 
289.275: [GC (Allocation Failure) [PSYoungGen: 84013K->448K(82432K)] 388079K->305538K(602112K), 0.0018529 secs] [Times: user=0.01 sys=0.00, real=0.00 secs] 
289.615: [GC (Allocation Failure) [PSYoungGen: 82368K->384K(83968K)] 387458K->305474K(603648K), 0.0016528 secs] [Times: user=0.01 sys=0.00, real=0.00 secs] 
289.952: [GC (Allocation Failure) [PSYoungGen: 81792K->416K(81408K)] 386882K->305506K(601088K), 0.0016224 secs] [Times: user=0.00 sys=0.00, real=0.00 secs] 
290.324: [GC (Allocation Failure) [PSYoungGen: 81312K->384K(82944K)] 386402K->305498K(602624K), 0.0016603 secs] [Times: user=0.01 sys=0.00, real=0.00 secs] 
290.569: [GC (Allocation Failure) [PSYoungGen: 80768K->1488K(81408K)] 385882K->306602K(601088K), 0.0015630 secs] [Times: user=0.01 sys=0.00, real=0.00 secs] 
290.709: [GC (Allocation Failure) [PSYoungGen: 81360K->1488K(80896K)] 386474K->306602K(600576K), 0.0015980 secs] [Times: user=0.01 sys=0.00, real=0.00 secs] 
290.848: [GC (Allocation Failure) [PSYoungGen: 80848K->1488K(80384K)] 385962K->306602K(600064K), 0.0017254 secs] [Times: user=0.01 sys=0.00, real=0.00 secs] 
291.861: [GC (Allocation Failure) [PSYoungGen: 80336K->1504K(79872K)] 385450K->306618K(599552K), 0.0029869 secs] [Times: user=0.02 sys=0.00, real=0.00 secs] 
292.566: [GC (Allocation Failure) [PSYoungGen: 79840K->1440K(79360K)] 384954K->306554K(599040K), 0.0026301 secs] [Times: user=0.01 sys=0.00, real=0.01 secs] 
293.268: [GC (Allocation Failure) [PSYoungGen: 79264K->1376K(78848K)] 384378K->306490K(598528K), 0.0024454 secs] [Times: user=0.01 sys=0.00, real=0.00 secs] 
294.145: [GC (Allocation Failure) [PSYoungGen: 78688K->1488K(78336K)] 383802K->306602K(598016K), 0.0032117 secs] [Times: user=0.01 sys=0.00, real=0.01 secs] 
294.357: [GC (Allocation Failure) [PSYoungGen: 78288K->1549K(78336K)] 383402K->306663K(598016K), 0.0017885 secs] [Times: user=0.00 sys=0.00, real=0.00 secs] 
294.491: [GC (Allocation Failure) [PSYoungGen: 77837K->1581K(77824K)] 382951K->306695K(597504K), 0.0016573 secs] [Times: user=0.01 sys=0.00, real=0.00 secs] 
294.623: [GC (Allocation Failure) [PSYoungGen: 77357K->1488K(83968K)] 382471K->306602K(603648K), 0.0018772 secs] [Times: user=0.01 sys=0.00, real=0.00 secs] 
296.188: [GC (Allocation Failure) [PSYoungGen: 83920K->1424K(83456K)] 389034K->306538K(603136K), 0.0042271 secs] [Times: user=0.01 sys=0.00, real=0.00 secs] 
297.243: [GC (Allocation Failure) [PSYoungGen: 83344K->1376K(82944K)] 388458K->306490K(602624K), 0.0033060 secs] [Times: user=0.02 sys=0.00, real=0.00 secs] 
297.849: [GC (Allocation Failure) [PSYoungGen: 82784K->1408K(82432K)] 387898K->306522K(602112K), 0.0023969 secs] [Times: user=0.00 sys=0.00, real=0.00 secs] 
298.303: [GC (Allocation Failure) [PSYoungGen: 82304K->1501K(81920K)] 387418K->306615K(601600K), 0.0020856 secs] [Times: user=0.01 sys=0.00, real=0.00 secs] 
298.493: [GC (Allocation Failure) [PSYoungGen: 81885K->1517K(81408K)] 386999K->306663K(601088K), 0.0018875 secs] [Times: user=0.00 sys=0.00, real=0.00 secs] 
298.660: [GC (Allocation Failure) [PSYoungGen: 81389K->1517K(80896K)] 386535K->306663K(600576K), 0.0018062 secs] [Times: user=0.01 sys=0.00, real=0.00 secs] 
298.810: [GC (Allocation Failure) [PSYoungGen: 80877K->192K(79360K)] 386023K->305338K(599040K), 0.0017059 secs] [Times: user=0.01 sys=0.00, real=0.00 secs] 
299.897: [GC (Allocation Failure) [PSYoungGen: 79040K->1440K(80896K)] 384186K->306586K(600576K), 0.0022495 secs] [Times: user=0.00 sys=0.00, real=0.00 secs] 
300.890: [GC (Allocation Failure) [PSYoungGen: 79776K->1376K(79360K)] 384922K->306538K(599040K), 0.0037303 secs] [Times: user=0.01 sys=0.00, real=0.00 secs] 
301.779: [GC (Allocation Failure) [PSYoungGen: 79200K->1376K(78848K)] 384362K->306538K(598528K), 0.0031886 secs] [Times: user=0.01 sys=0.00, real=0.00 secs] 
302.483: [GC (Allocation Failure) [PSYoungGen: 78688K->1549K(78848K)] 383850K->306711K(598528K), 0.0021714 secs] [Times: user=0.01 sys=0.00, real=0.00 secs] 
302.693: [GC (Allocation Failure) [PSYoungGen: 78349K->1517K(77824K)] 383511K->306679K(597504K), 0.0022978 secs] [Times: user=0.01 sys=0.00, real=0.00 secs] 
302.854: [GC (Allocation Failure) [PSYoungGen: 77805K->493K(76288K)] 382967K->306679K(595968K), 0.0016754 secs] [Times: user=0.00 sys=0.00, real=0.00 secs] 
302.989: [GC (Allocation Failure) [PSYoungGen: 75334K->288K(77824K)] 381520K->306474K(597504K), 0.0014240 secs] [Times: user=0.00 sys=0.00, real=0.00 secs] 
303.891: [GC (Allocation Failure) [PSYoungGen: 75552K->1408K(76288K)] 381738K->307594K(595968K), 0.0031022 secs] [Times: user=0.02 sys=0.00, real=0.00 secs] 
304.725: [GC (Allocation Failure) [PSYoungGen: 76160K->1408K(75776K)] 382346K->307594K(595456K), 0.0027083 secs] [Times: user=0.01 sys=0.00, real=0.01 secs] 
305.564: [GC (Allocation Failure) [PSYoungGen: 75648K->1408K(75264K)] 381834K->307594K(594944K), 0.0029588 secs] [Times: user=0.01 sys=0.00, real=0.01 secs] 
306.627: [GC (Allocation Failure) [PSYoungGen: 75136K->1485K(74752K)] 381322K->307671K(594432K), 0.0028602 secs] [Times: user=0.01 sys=0.00, real=0.00 secs] 
306.810: [GC (Allocation Failure) [PSYoungGen: 74701K->1453K(74240K)] 380887K->307639K(593920K), 0.0016477 secs] [Times: user=0.01 sys=0.00, real=0.00 secs] 
306.938: [GC (Allocation Failure) [PSYoungGen: 74157K->1549K(74240K)] 380343K->307735K(593920K), 0.0018040 secs] [Times: user=0.01 sys=0.00, real=0.00 secs] 
307.064: [GC (Allocation Failure) [PSYoungGen: 73741K->1549K(80896K)] 379927K->307735K(600576K), 0.0017329 secs] [Times: user=0.00 sys=0.00, real=0.00 secs] 
308.082: [GC (Allocation Failure) [PSYoungGen: 80397K->1488K(79872K)] 386583K->307674K(599552K), 0.0033333 secs] [Times: user=0.01 sys=0.01, real=0.00 secs] 
308.818: [GC (Allocation Failure) [PSYoungGen: 79824K->1376K(79360K)] 386010K->307562K(599040K), 0.0025191 secs] [Times: user=0.01 sys=0.00, real=0.00 secs] 
309.745: [GC (Allocation Failure) [PSYoungGen: 79200K->1376K(78848K)] 385386K->307562K(598528K), 0.0027737 secs] [Times: user=0.01 sys=0.00, real=0.01 secs] 
310.751: [GC (Allocation Failure) [PSYoungGen: 78688K->1437K(78336K)] 384874K->307655K(598016K), 0.0026175 secs] [Times: user=0.01 sys=0.00, real=0.00 secs] 
310.937: [GC (Allocation Failure) [PSYoungGen: 78237K->1485K(77824K)] 384455K->307703K(597504K), 0.0016088 secs] [Times: user=0.01 sys=0.00, real=0.00 secs] 
311.072: [GC (Allocation Failure) [PSYoungGen: 77773K->1517K(77312K)] 383991K->307735K(596992K), 0.0017126 secs] [Times: user=0.00 sys=0.00, real=0.00 secs] 
311.204: [GC (Allocation Failure) [PSYoungGen: 77293K->1549K(84480K)] 383511K->307767K(604160K), 0.0018401 secs] [Times: user=0.01 sys=0.00, real=0.00 secs] 
311.527: [GC (Allocation Failure) [PSYoungGen: 83981K->384K(82432K)] 390199K->307634K(602112K), 0.0019347 secs] [Times: user=0.01 sys=0.00, real=0.00 secs] 
311.868: [GC (Allocation Failure) [PSYoungGen: 82304K->384K(83968K)] 389554K->307642K(603648K), 0.0017789 secs] [Times: user=0.00 sys=0.00, real=0.00 secs] 
312.206: [GC (Allocation Failure) [PSYoungGen: 81792K->384K(81408K)] 389050K->307642K(601088K), 0.0018497 secs] [Times: user=0.00 sys=0.00, real=0.01 secs] 
312.861: [GC (Allocation Failure) [PSYoungGen: 81280K->1453K(82944K)] 388538K->308711K(602624K), 0.0020020 secs] [Times: user=0.01 sys=0.00, real=0.00 secs] 
313.066: [GC (Allocation Failure) [PSYoungGen: 81837K->1517K(81408K)] 389095K->308775K(601088K), 0.0019958 secs] [Times: user=0.01 sys=0.00, real=0.01 secs] 
313.232: [GC (Allocation Failure) [PSYoungGen: 81389K->1485K(80896K)] 388647K->308743K(600576K), 0.0016739 secs] [Times: user=0.00 sys=0.00, real=0.00 secs] 
313.415: [GC (Allocation Failure) [PSYoungGen: 80845K->1744K(80896K)] 388103K->309002K(600576K), 0.0018008 secs] [Times: user=0.01 sys=0.00, real=0.00 secs] 
314.641: [GC (Allocation Failure) [PSYoungGen: 80592K->1376K(79872K)] 387850K->308634K(599552K), 0.0032441 secs] [Times: user=0.01 sys=0.00, real=0.00 secs] 
315.398: [GC (Allocation Failure) [PSYoungGen: 79712K->1408K(79360K)] 386970K->308666K(599040K), 0.0034183 secs] [Times: user=0.02 sys=0.00, real=0.00 secs] 
316.086: [GC (Allocation Failure) [PSYoungGen: 79232K->1296K(78848K)] 386490K->308554K(598528K), 0.0027185 secs] [Times: user=0.01 sys=0.00, real=0.01 secs] 
316.504: [GC (Allocation Failure) [PSYoungGen: 78608K->1453K(78336K)] 385866K->308711K(598016K), 0.0016887 secs] [Times: user=0.01 sys=0.00, real=0.00 secs] 
316.660: [GC (Allocation Failure) [PSYoungGen: 78253K->1549K(78336K)] 385511K->308807K(598016K), 0.0019825 secs] [Times: user=0.01 sys=0.00, real=0.00 secs] 
316.831: [GC (Allocation Failure) [PSYoungGen: 77837K->1517K(77312K)] 385095K->308775K(596992K), 0.0016587 secs] [Times: user=0.01 sys=0.00, real=0.00 secs] 
317.074: [GC (Allocation Failure) [PSYoungGen: 77293K->2000K(77312K)] 384551K->309266K(596992K), 0.0019048 secs] [Times: user=0.01 sys=0.00, real=0.00 secs] 
317.544: [GC (Allocation Failure) [PSYoungGen: 77264K->1408K(76288K)] 384530K->308674K(595968K), 0.0020146 secs] [Times: user=0.01 sys=0.00, real=0.00 secs] 
317.953: [GC (Allocation Failure) [PSYoungGen: 76160K->1440K(75776K)] 383426K->308738K(595456K), 0.0020901 secs] [Times: user=0.01 sys=0.00, real=0.00 secs] 
318.361: [GC (Allocation Failure) [PSYoungGen: 75680K->1408K(75264K)] 382978K->308706K(594944K), 0.0020943 secs] [Times: user=0.00 sys=0.00, real=0.00 secs] 
318.993: [GC (Allocation Failure) [PSYoungGen: 75135K->1517K(74752K)] 382433K->308815K(594432K), 0.0022481 secs] [Times: user=0.01 sys=0.01, real=0.00 secs] 
319.148: [GC (Allocation Failure) [PSYoungGen: 74733K->1485K(74240K)] 382031K->308783K(593920K), 0.0015697 secs] [Times: user=0.00 sys=0.00, real=0.00 secs] 
319.276: [GC (Allocation Failure) [PSYoungGen: 74189K->1517K(73728K)] 381487K->308815K(593408K), 0.0018288 secs] [Times: user=0.00 sys=0.00, real=0.01 secs] 
319.402: [GC (Allocation Failure) [PSYoungGen: 73709K->1485K(80384K)] 381007K->308783K(600064K), 0.0016283 secs] [Times: user=0.01 sys=0.00, real=0.00 secs] 
320.035: [GC (Allocation Failure) [PSYoungGen: 80333K->1456K(79872K)] 387631K->308762K(599552K), 0.0021809 secs] [Times: user=0.01 sys=0.00, real=0.01 secs] 
320.616: [GC (Allocation Failure) [PSYoungGen: 79792K->1376K(79360K)] 387098K->308682K(599040K), 0.0020003 secs] [Times: user=0.01 sys=0.00, real=0.01 secs] 
320.940: [GC (Allocation Failure) [PSYoungGen: 79200K->1408K(78848K)] 386506K->308714K(598528K), 0.0020793 secs] [Times: user=0.01 sys=0.00, real=0.00 secs] 
321.303: [GC (Allocation Failure) [PSYoungGen: 78720K->1501K(78336K)] 386026K->308807K(598016K), 0.0019870 secs] [Times: user=0.01 sys=0.00, real=0.00 secs] 
321.452: [GC (Allocation Failure) [PSYoungGen: 78301K->1549K(78336K)] 385607K->308855K(598016K), 0.0014020 secs] [Times: user=0.00 sys=0.00, real=0.00 secs] 
321.586: [GC (Allocation Failure) [PSYoungGen: 77837K->525K(76800K)] 385143K->308855K(596480K), 0.0014869 secs] [Times: user=0.01 sys=0.00, real=0.01 secs] 
321.718: [GC (Allocation Failure) [PSYoungGen: 76301K->461K(82944K)] 384631K->308791K(602624K), 0.0016080 secs] [Times: user=0.01 sys=0.00, real=0.00 secs] 
322.208: [GC (Allocation Failure) [PSYoungGen: 82893K->1408K(83456K)] 391223K->309762K(603136K), 0.0020253 secs] [Times: user=0.00 sys=0.00, real=0.00 secs] 
322.586: [GC (Allocation Failure) [PSYoungGen: 83328K->1376K(82944K)] 391682K->309730K(602624K), 0.0021854 secs] [Times: user=0.01 sys=0.00, real=0.01 secs] 
322.924: [GC (Allocation Failure) [PSYoungGen: 82784K->1408K(82432K)] 391138K->309762K(602112K), 0.0018512 secs] [Times: user=0.01 sys=0.00, real=0.00 secs] 
323.326: [GC (Allocation Failure) [PSYoungGen: 82304K->1504K(81920K)] 390658K->309858K(601600K), 0.0016865 secs] [Times: user=0.00 sys=0.00, real=0.01 secs] 
323.495: [GC (Allocation Failure) [PSYoungGen: 81888K->1517K(81408K)] 390242K->309871K(601088K), 0.0017607 secs] [Times: user=0.00 sys=0.00, real=0.01 secs] 
323.660: [GC (Allocation Failure) [PSYoungGen: 81389K->1517K(80896K)] 389743K->309871K(600576K), 0.0016106 secs] [Times: user=0.01 sys=0.00, real=0.00 secs] 
323.956: [GC (Allocation Failure) [PSYoungGen: 80877K->1440K(80384K)] 389231K->309802K(600064K), 0.0019519 secs] [Times: user=0.00 sys=0.00, real=0.01 secs] 
324.316: [GC (Allocation Failure) [PSYoungGen: 80288K->1408K(79872K)] 388650K->309770K(599552K), 0.0021134 secs] [Times: user=0.01 sys=0.00, real=0.01 secs] 
324.771: [GC (Allocation Failure) [PSYoungGen: 79744K->1376K(79360K)] 388106K->309738K(599040K), 0.0017797 secs] [Times: user=0.01 sys=0.00, real=0.00 secs] 
325.434: [GC (Allocation Failure) [PSYoungGen: 79200K->1408K(78848K)] 387562K->309770K(598528K), 0.0022575 secs] [Times: user=0.01 sys=0.00, real=0.00 secs] 
325.883: [GC (Allocation Failure) [PSYoungGen: 78720K->1485K(78336K)] 387082K->309847K(598016K), 0.0014982 secs] [Times: user=0.01 sys=0.00, real=0.00 secs] 
326.040: [GC (Allocation Failure) [PSYoungGen: 78285K->1488K(77824K)] 386647K->309874K(597504K), 0.0020171 secs] [Times: user=0.01 sys=0.00, real=0.00 secs] 
326.222: [GC (Allocation Failure) [PSYoungGen: 77776K->1520K(77312K)] 386162K->309906K(596992K), 0.0020347 secs] [Times: user=0.00 sys=0.00, real=0.00 secs] 
326.456: [GC (Allocation Failure) [PSYoungGen: 77296K->1408K(76800K)] 385682K->309794K(596480K), 0.0021207 secs] [Times: user=0.01 sys=0.00, real=0.01 secs] 
326.769: [GC (Allocation Failure) [PSYoungGen: 76672K->1440K(76288K)] 385058K->309826K(595968K), 0.0020425 secs] [Times: user=0.01 sys=0.00, real=0.00 secs] 
327.080: [GC (Allocation Failure) [PSYoungGen: 76192K->1392K(75776K)] 384578K->309778K(595456K), 0.0022119 secs] [Times: user=0.00 sys=0.00, real=0.00 secs] 
327.389: [GC (Allocation Failure) [PSYoungGen: 75632K->1376K(75264K)] 384018K->309762K(594944K), 0.0019598 secs] [Times: user=0.01 sys=0.01, real=0.00 secs] 
327.656: [GC (Allocation Failure) [PSYoungGen: 75104K->1520K(74752K)] 383490K->309906K(594432K), 0.0016323 secs] [Times: user=0.01 sys=0.00, real=0.01 secs] 
327.785: [GC (Allocation Failure) [PSYoungGen: 74736K->1485K(74240K)] 383122K->309871K(593920K), 0.0015778 secs] [Times: user=0.01 sys=0.00, real=0.00 secs] 
327.914: [GC (Allocation Failure) [PSYoungGen: 74189K->1581K(81408K)] 382575K->309967K(601088K), 0.0017285 secs] [Times: user=0.01 sys=0.00, real=0.00 secs] 
328.055: [GC (Allocation Failure) [PSYoungGen: 80941K->400K(87040K)] 389327K->309810K(606720K), 0.0016469 secs] [Times: user=0.01 sys=0.00, real=0.00 secs] 
329.209: [GC (Allocation Failure) [PSYoungGen: 86928K->1360K(88064K)] 396338K->310786K(607744K), 0.0026440 secs] [Times: user=0.01 sys=0.00, real=0.00 secs] 
329.674: [GC (Allocation Failure) [PSYoungGen: 87376K->1376K(87040K)] 396802K->310802K(606720K), 0.0019689 secs] [Times: user=0.01 sys=0.00, real=0.00 secs] 
330.520: [GC (Allocation Failure) [PSYoungGen: 86880K->1344K(86528K)] 396306K->310770K(606208K), 0.0018748 secs] [Times: user=0.00 sys=0.00, real=0.00 secs] 
331.061: [GC (Allocation Failure) [PSYoungGen: 86336K->1485K(86016K)] 395762K->310911K(605696K), 0.0015539 secs] [Times: user=0.00 sys=0.00, real=0.00 secs] 
331.234: [GC (Allocation Failure) [PSYoungGen: 85965K->1517K(85504K)] 395391K->310943K(605184K), 0.0019254 secs] [Times: user=0.01 sys=0.00, real=0.00 secs] 
331.430: [GC (Allocation Failure) [PSYoungGen: 85485K->1485K(84992K)] 394911K->310911K(604672K), 0.0020579 secs] [Times: user=0.00 sys=0.00, real=0.00 secs] 
332.493: [GC (Allocation Failure) [PSYoungGen: 84941K->1440K(84480K)] 394367K->310866K(604160K), 0.0026770 secs] [Times: user=0.01 sys=0.00, real=0.00 secs] 
333.383: [GC (Allocation Failure) [PSYoungGen: 84384K->1344K(83968K)] 393810K->310770K(603648K), 0.0022624 secs] [Times: user=0.01 sys=0.00, real=0.00 secs] 
333.835: [GC (Allocation Failure) [PSYoungGen: 83776K->1440K(83456K)] 393202K->310866K(603136K), 0.0020490 secs] [Times: user=0.00 sys=0.00, real=0.00 secs] 
334.387: [GC (Allocation Failure) [PSYoungGen: 83360K->1453K(82944K)] 392786K->310879K(602624K), 0.0021043 secs] [Times: user=0.01 sys=0.00, real=0.00 secs] 
334.599: [GC (Allocation Failure) [PSYoungGen: 82861K->1488K(82432K)] 392287K->310914K(602112K), 0.0021209 secs] [Times: user=0.01 sys=0.00, real=0.00 secs] 
334.812: [GC (Allocation Failure) [PSYoungGen: 82384K->1517K(81920K)] 391810K->310943K(601600K), 0.0021149 secs] [Times: user=0.00 sys=0.00, real=0.00 secs] 
335.086: [GC (Allocation Failure) [PSYoungGen: 81901K->1696K(81920K)] 391327K->311130K(601600K), 0.0021394 secs] [Times: user=0.00 sys=0.00, real=0.01 secs] 
336.507: [GC (Allocation Failure) [PSYoungGen: 81568K->352K(79872K)] 391002K->310810K(599552K), 0.0038210 secs] [Times: user=0.01 sys=0.01, real=0.01 secs] 
337.411: [GC (Allocation Failure) [PSYoungGen: 79712K->384K(80896K)] 390170K->310842K(600576K), 0.0026784 secs] [Times: user=0.01 sys=0.00, real=0.00 secs] 
338.172: [GC (Allocation Failure) [PSYoungGen: 79232K->336K(78848K)] 389690K->310802K(598528K), 0.0027149 secs] [Times: user=0.01 sys=0.00, real=0.00 secs] 
338.588: [GC (Allocation Failure) [PSYoungGen: 78672K->1485K(80384K)] 389138K->311951K(600064K), 0.0014729 secs] [Times: user=0.01 sys=0.00, real=0.00 secs] 
338.724: [GC (Allocation Failure) [PSYoungGen: 79309K->1485K(78848K)] 389775K->311951K(598528K), 0.0016143 secs] [Times: user=0.00 sys=0.00, real=0.00 secs] 
338.862: [GC (Allocation Failure) [PSYoungGen: 78797K->1517K(78336K)] 389263K->311983K(598016K), 0.0016162 secs] [Times: user=0.01 sys=0.00, real=0.00 secs] 
339.263: [GC (Allocation Failure) [PSYoungGen: 78317K->1488K(77824K)] 388783K->311954K(597504K), 0.0020281 secs] [Times: user=0.01 sys=0.00, real=0.00 secs] 
340.047: [GC (Allocation Failure) [PSYoungGen: 77776K->1376K(77312K)] 388242K->311866K(596992K), 0.0021651 secs] [Times: user=0.01 sys=0.00, real=0.01 secs] 
340.962: [GC (Allocation Failure) [PSYoungGen: 77152K->1376K(76800K)] 387642K->311866K(596480K), 0.0042433 secs] [Times: user=0.02 sys=0.00, real=0.00 secs] 
341.946: [GC (Allocation Failure) [PSYoungGen: 76640K->1408K(76288K)] 387130K->311898K(595968K), 0.0033388 secs] [Times: user=0.01 sys=0.00, real=0.01 secs] 
342.684: [GC (Allocation Failure) [PSYoungGen: 76160K->1517K(75776K)] 386650K->312007K(595456K), 0.0023501 secs] [Times: user=0.01 sys=0.00, real=0.00 secs] 
342.852: [GC (Allocation Failure) [PSYoungGen: 75757K->1517K(75264K)] 386247K->312007K(594944K), 0.0016275 secs] [Times: user=0.01 sys=0.00, real=0.00 secs] 
342.980: [GC (Allocation Failure) [PSYoungGen: 75245K->1485K(74752K)] 385735K->311975K(594432K), 0.0018377 secs] [Times: user=0.01 sys=0.00, real=0.00 secs] 
343.109: [GC (Allocation Failure) [PSYoungGen: 74701K->1453K(81408K)] 385191K->311943K(601088K), 0.0016061 secs] [Times: user=0.01 sys=0.00, real=0.00 secs] 
344.538: [GC (Allocation Failure) [PSYoungGen: 81325K->1408K(80896K)] 391815K->311906K(600576K), 0.0039540 secs] [Times: user=0.02 sys=0.00, real=0.00 secs] 
345.862: [GC (Allocation Failure) [PSYoungGen: 80768K->1344K(80384K)] 391266K->311842K(600064K), 0.0042805 secs] [Times: user=0.01 sys=0.00, real=0.00 secs] 
347.063: [GC (Allocation Failure) [PSYoungGen: 80192K->1376K(79872K)] 390690K->311874K(599552K), 0.0036621 secs] [Times: user=0.02 sys=0.00, real=0.00 secs] 
347.796: [GC (Allocation Failure) [PSYoungGen: 79712K->1453K(79360K)] 390210K->311951K(599040K), 0.0024252 secs] [Times: user=0.01 sys=0.00, real=0.01 secs] 
347.965: [GC (Allocation Failure) [PSYoungGen: 79277K->1453K(78848K)] 389775K->311951K(598528K), 0.0016181 secs] [Times: user=0.01 sys=0.00, real=0.01 secs] 
348.100: [GC (Allocation Failure) [PSYoungGen: 78765K->1488K(78336K)] 389263K->311986K(598016K), 0.0016356 secs] [Times: user=0.00 sys=0.00, real=0.00 secs] 
348.332: [GC (Allocation Failure) [PSYoungGen: 77879K->1408K(77824K)] 388377K->312162K(597504K), 0.0018912 secs] [Times: user=0.01 sys=0.00, real=0.00 secs] 
349.101: [GC (Allocation Failure) [PSYoungGen: 77696K->1376K(77312K)] 388450K->312130K(596992K), 0.0029719 secs] [Times: user=0.01 sys=0.00, real=0.00 secs] 
349.731: [GC (Allocation Failure) [PSYoungGen: 77152K->1376K(76800K)] 387906K->312130K(596480K), 0.0024648 secs] [Times: user=0.01 sys=0.00, real=0.00 secs] 
350.329: [GC (Allocation Failure) [PSYoungGen: 76640K->1392K(76288K)] 387394K->312146K(595968K), 0.0034098 secs] [Times: user=0.01 sys=0.00, real=0.00 secs] 
350.642: [GC (Allocation Failure) [PSYoungGen: 76144K->1517K(75776K)] 386898K->312295K(595456K), 0.0021798 secs] [Times: user=0.01 sys=0.00, real=0.00 secs] 
350.804: [GC (Allocation Failure) [PSYoungGen: 75757K->1549K(75776K)] 386535K->312327K(595456K), 0.0015871 secs] [Times: user=0.00 sys=0.00, real=0.00 secs] 
350.932: [GC (Allocation Failure) [PSYoungGen: 75277K->448K(73728K)] 386055K->312250K(593408K), 0.0017406 secs] [Times: user=0.01 sys=0.00, real=0.00 secs] 
351.060: [GC (Allocation Failure) [PSYoungGen: 73664K->493K(81920K)] 385466K->312295K(601600K), 0.0015609 secs] [Times: user=0.01 sys=0.00, real=0.00 secs] 
351.400: [GC (Allocation Failure) [PSYoungGen: 80365K->1408K(80896K)] 392167K->313210K(600576K), 0.0017939 secs] [Times: user=0.01 sys=0.00, real=0.00 secs] 
351.938: [GC (Allocation Failure) [PSYoungGen: 80768K->1408K(80384K)] 392570K->313210K(600064K), 0.0018768 secs] [Times: user=0.01 sys=0.00, real=0.00 secs] 
352.547: [GC (Allocation Failure) [PSYoungGen: 80256K->1328K(79872K)] 392058K->313130K(599552K), 0.0025643 secs] [Times: user=0.01 sys=0.00, real=0.01 secs] 
353.219: [GC (Allocation Failure) [PSYoungGen: 79664K->1517K(79360K)] 391466K->313319K(599040K), 0.0020399 secs] [Times: user=0.01 sys=0.00, real=0.00 secs] 
353.372: [GC (Allocation Failure) [PSYoungGen: 79341K->1485K(78848K)] 391143K->313287K(598528K), 0.0017485 secs] [Times: user=0.01 sys=0.00, real=0.00 secs] 
353.506: [GC (Allocation Failure) [PSYoungGen: 78797K->1552K(78848K)] 390599K->313354K(598528K), 0.0016946 secs] [Times: user=0.00 sys=0.00, real=0.01 secs] 
353.641: [GC (Allocation Failure) [PSYoungGen: 78352K->429K(83968K)] 390154K->313255K(603648K), 0.0017156 secs] [Times: user=0.00 sys=0.00, real=0.00 secs] 
354.228: [GC (Allocation Failure) [PSYoungGen: 83885K->1440K(84992K)] 396711K->314266K(604672K), 0.0019143 secs] [Times: user=0.01 sys=0.00, real=0.00 secs] 
354.657: [GC (Allocation Failure) [PSYoungGen: 84384K->1408K(83968K)] 397210K->314234K(603648K), 0.0019779 secs] [Times: user=0.01 sys=0.00, real=0.00 secs] 
355.000: [GC (Allocation Failure) [PSYoungGen: 83840K->1408K(83456K)] 396666K->314234K(603136K), 0.0021746 secs] [Times: user=0.00 sys=0.00, real=0.00 secs] 
355.336: [GC (Allocation Failure) [PSYoungGen: 83328K->1485K(82944K)] 396154K->314311K(602624K), 0.0015082 secs] [Times: user=0.01 sys=0.00, real=0.01 secs] 
355.478: [GC (Allocation Failure) [PSYoungGen: 82893K->1485K(82432K)] 395719K->314311K(602112K), 0.0017071 secs] [Times: user=0.01 sys=0.00, real=0.00 secs] 
355.620: [GC (Allocation Failure) [PSYoungGen: 82381K->1520K(81920K)] 395207K->314346K(601600K), 0.0015929 secs] [Times: user=0.00 sys=0.00, real=0.00 secs] 
357.068: [GC (Allocation Failure) [PSYoungGen: 81904K->1408K(81408K)] 394730K->314234K(601088K), 0.0031555 secs] [Times: user=0.01 sys=0.00, real=0.00 secs] 
357.938: [GC (Allocation Failure) [PSYoungGen: 81280K->1312K(80896K)] 394106K->314138K(600576K), 0.0030016 secs] [Times: user=0.01 sys=0.00, real=0.00 secs] 
358.951: [GC (Allocation Failure) [PSYoungGen: 80672K->1408K(80384K)] 393498K->314250K(600064K), 0.0030344 secs] [Times: user=0.01 sys=0.00, real=0.00 secs] 
359.736: [GC (Allocation Failure) [PSYoungGen: 80256K->1440K(79872K)] 393098K->314282K(599552K), 0.0026944 secs] [Times: user=0.02 sys=0.00, real=0.01 secs] 
360.052: [GC (Allocation Failure) [PSYoungGen: 79776K->1520K(79360K)] 392618K->314362K(599040K), 0.0019247 secs] [Times: user=0.01 sys=0.00, real=0.00 secs] 
360.192: [GC (Allocation Failure) [PSYoungGen: 79344K->1517K(78848K)] 392186K->314391K(598528K), 0.0015648 secs] [Times: user=0.01 sys=0.00, real=0.00 secs] 
360.328: [GC (Allocation Failure) [PSYoungGen: 78829K->1456K(78336K)] 391703K->314330K(598016K), 0.0016179 secs] [Times: user=0.00 sys=0.00, real=0.00 secs] 
361.003: [GC (Allocation Failure) [PSYoungGen: 78256K->1408K(77824K)] 391130K->314290K(597504K), 0.0020089 secs] [Times: user=0.01 sys=0.00, real=0.00 secs] 
361.631: [GC (Allocation Failure) [PSYoungGen: 77696K->1440K(77312K)] 390578K->314322K(596992K), 0.0020910 secs] [Times: user=0.00 sys=0.00, real=0.00 secs] 
362.285: [GC (Allocation Failure) [PSYoungGen: 77216K->1376K(76800K)] 390098K->314258K(596480K), 0.0021010 secs] [Times: user=0.01 sys=0.00, real=0.01 secs] 
363.231: [GC (Allocation Failure) [PSYoungGen: 76640K->1408K(76288K)] 389522K->314290K(595968K), 0.0021753 secs] [Times: user=0.01 sys=0.00, real=0.00 secs] 
363.627: [GC (Allocation Failure) [PSYoungGen: 76160K->1485K(75776K)] 389042K->314367K(595456K), 0.0015829 secs] [Times: user=0.01 sys=0.00, real=0.00 secs] 
363.758: [GC (Allocation Failure) [PSYoungGen: 75725K->1453K(75264K)] 388607K->314335K(594944K), 0.0017496 secs] [Times: user=0.01 sys=0.00, real=0.00 secs] 
363.886: [GC (Allocation Failure) [PSYoungGen: 75181K->1520K(74752K)] 388063K->314402K(594432K), 0.0016015 secs] [Times: user=0.00 sys=0.00, real=0.01 secs] 
364.377: [GC (Allocation Failure) [PSYoungGen: 74736K->1456K(74240K)] 387618K->314338K(593920K), 0.0022400 secs] [Times: user=0.01 sys=0.00, real=0.00 secs] 
364.726: [GC (Allocation Failure) [PSYoungGen: 74160K->1408K(73728K)] 387042K->314290K(593408K), 0.0020588 secs] [Times: user=0.01 sys=0.00, real=0.01 secs] 
365.183: [GC (Allocation Failure) [PSYoungGen: 73600K->1376K(73216K)] 386482K->314258K(592896K), 0.0020348 secs] [Times: user=0.01 sys=0.00, real=0.00 secs] 
365.802: [GC (Allocation Failure) [PSYoungGen: 73056K->1408K(72704K)] 385938K->314290K(592384K), 0.0029059 secs] [Times: user=0.01 sys=0.00, real=0.00 secs] 
366.271: [GC (Allocation Failure) [PSYoungGen: 72576K->1485K(72192K)] 385458K->314367K(591872K), 0.0024608 secs] [Times: user=0.01 sys=0.00, real=0.00 secs] 
366.430: [GC (Allocation Failure) [PSYoungGen: 72117K->1517K(71680K)] 384999K->314399K(591360K), 0.0013577 secs] [Times: user=0.01 sys=0.00, real=0.00 secs] 
366.552: [GC (Allocation Failure) [PSYoungGen: 71661K->1488K(71168K)] 384543K->314370K(590848K), 0.0016494 secs] [Times: user=0.01 sys=0.00, real=0.00 secs] 
366.674: [GC (Allocation Failure) [PSYoungGen: 71120K->1520K(77312K)] 384002K->314402K(596992K), 0.0015871 secs] [Times: user=0.00 sys=0.00, real=0.00 secs] 
367.419: [GC (Allocation Failure) [PSYoungGen: 77296K->1408K(76800K)] 390178K->314298K(596480K), 0.0019312 secs] [Times: user=0.01 sys=0.00, real=0.00 secs] 
368.144: [GC (Allocation Failure) [PSYoungGen: 76672K->1376K(76288K)] 389562K->314298K(595968K), 0.0019219 secs] [Times: user=0.01 sys=0.00, real=0.00 secs] 
368.727: [GC (Allocation Failure) [PSYoungGen: 76128K->1453K(75776K)] 389050K->314375K(595456K), 0.0018534 secs] [Times: user=0.01 sys=0.00, real=0.01 secs] 
368.818: [GC (Allocation Failure) [PSYoungGen: 75693K->1453K(75264K)] 388615K->314375K(594944K), 0.0015268 secs] [Times: user=0.01 sys=0.00, real=0.00 secs] 
368.905: [GC (Allocation Failure) [PSYoungGen: 75181K->1424K(82432K)] 388103K->314346K(602112K), 0.0017201 secs] [Times: user=0.01 sys=0.00, real=0.00 secs] 
369.000: [GC (Allocation Failure) [PSYoungGen: 82320K->1456K(91136K)] 395242K->314378K(610816K), 0.0016518 secs] [Times: user=0.01 sys=0.00, real=0.00 secs] 
370.380: [GC (Allocation Failure) [PSYoungGen: 91056K->1408K(99328K)] 403978K->314330K(619008K), 0.0026308 secs] [Times: user=0.00 sys=0.00, real=0.00 secs] 
371.937: [GC (Allocation Failure) [PSYoungGen: 99200K->1376K(98304K)] 412122K->314306K(617984K), 0.0020683 secs] [Times: user=0.01 sys=0.00, real=0.00 secs] 
373.992: [GC (Allocation Failure) [PSYoungGen: 98144K->1296K(97280K)] 411074K->314226K(616960K), 0.0027957 secs] [Times: user=0.01 sys=0.00, real=0.00 secs] 
374.229: [GC (Allocation Failure) [PSYoungGen: 97040K->1456K(96256K)] 409970K->314386K(615936K), 0.0015515 secs] [Times: user=0.01 sys=0.00, real=0.00 secs] 
374.395: [GC (Allocation Failure) [PSYoungGen: 96176K->1549K(95744K)] 409106K->314479K(615424K), 0.0016771 secs] [Times: user=0.00 sys=0.00, real=0.00 secs] 
374.861: [GC (Allocation Failure) [PSYoungGen: 95245K->448K(93184K)] 408175K->314402K(612864K), 0.0024679 secs] [Times: user=0.01 sys=0.00, real=0.00 secs] 
375.780: [GC (Allocation Failure) [PSYoungGen: 93120K->352K(93696K)] 407074K->314306K(613376K), 0.0019765 secs] [Times: user=0.01 sys=0.00, real=0.00 secs] 
376.550: [GC (Allocation Failure) [PSYoungGen: 92000K->336K(91136K)] 405954K->314290K(610816K), 0.0024405 secs] [Times: user=0.01 sys=0.00, real=0.00 secs] 
377.363: [GC (Allocation Failure) [PSYoungGen: 90960K->1437K(91648K)] 404914K->315391K(611328K), 0.0022943 secs] [Times: user=0.01 sys=0.00, real=0.00 secs] 
377.558: [GC (Allocation Failure) [PSYoungGen: 91037K->1456K(90112K)] 404991K->315410K(609792K), 0.0016672 secs] [Times: user=0.00 sys=0.00, real=0.00 secs] 
377.713: [GC (Allocation Failure) [PSYoungGen: 90032K->1517K(89088K)] 403986K->315487K(608768K), 0.0015622 secs] [Times: user=0.00 sys=0.00, real=0.00 secs] 
378.180: [GC (Allocation Failure) [PSYoungGen: 89069K->1456K(88576K)] 403039K->315434K(608256K), 0.0017780 secs] [Times: user=0.01 sys=0.00, real=0.00 secs] 
378.971: [GC (Allocation Failure) [PSYoungGen: 88496K->1376K(88064K)] 402474K->315354K(607744K), 0.0026135 secs] [Times: user=0.01 sys=0.00, real=0.00 secs] 
379.331: [GC (Allocation Failure) [PSYoungGen: 87904K->1408K(87552K)] 401882K->315386K(607232K), 0.0020057 secs] [Times: user=0.01 sys=0.00, real=0.00 secs] 
379.707: [GC (Allocation Failure) [PSYoungGen: 87424K->1469K(87040K)] 401402K->315447K(606720K), 0.0019977 secs] [Times: user=0.00 sys=0.00, real=0.00 secs] 
379.866: [GC (Allocation Failure) [PSYoungGen: 86973K->1520K(86528K)] 400951K->315506K(606208K), 0.0015645 secs] [Times: user=0.01 sys=0.00, real=0.01 secs] 
380.015: [GC (Allocation Failure) [PSYoungGen: 86512K->1456K(86016K)] 400498K->315458K(605696K), 0.0017217 secs] [Times: user=0.00 sys=0.00, real=0.00 secs] 
380.163: [GC (Allocation Failure) [PSYoungGen: 85935K->1456K(85504K)] 399937K->315458K(605184K), 0.0016646 secs] [Times: user=0.01 sys=0.00, real=0.00 secs] 
381.184: [GC (Allocation Failure) [PSYoungGen: 85424K->1376K(84992K)] 399426K->315378K(604672K), 0.0027936 secs] [Times: user=0.01 sys=0.01, real=0.00 secs] 
382.349: [GC (Allocation Failure) [PSYoungGen: 84832K->1392K(84480K)] 398834K->315394K(604160K), 0.0027109 secs] [Times: user=0.01 sys=0.00, real=0.00 secs] 
382.944: [GC (Allocation Failure) [PSYoungGen: 84336K->1408K(83968K)] 398338K->315418K(603648K), 0.0020475 secs] [Times: user=0.01 sys=0.00, real=0.00 secs] 
383.220: [GC (Allocation Failure) [PSYoungGen: 83840K->1488K(83456K)] 397850K->315498K(603136K), 0.0015761 secs] [Times: user=0.00 sys=0.00, real=0.00 secs] 
383.362: [GC (Allocation Failure) [PSYoungGen: 83408K->1549K(83456K)] 397418K->315559K(603136K), 0.0017355 secs] [Times: user=0.00 sys=0.00, real=0.00 secs] 
383.505: [GC (Allocation Failure) [PSYoungGen: 82957K->496K(81408K)] 396967K->315530K(601088K), 0.0016940 secs] [Times: user=0.00 sys=0.00, real=0.01 secs] 
384.544: [GC (Allocation Failure) [PSYoungGen: 81392K->1392K(82432K)] 396426K->316426K(602112K), 0.0023756 secs] [Times: user=0.01 sys=0.00, real=0.00 secs] 
385.831: [GC (Allocation Failure) [PSYoungGen: 81776K->1408K(81408K)] 396810K->316442K(601088K), 0.0023861 secs] [Times: user=0.01 sys=0.00, real=0.00 secs] 
387.094: [GC (Allocation Failure) [PSYoungGen: 81280K->1408K(80896K)] 396314K->316442K(600576K), 0.0026201 secs] [Times: user=0.01 sys=0.00, real=0.01 secs] 
387.941: [GC (Allocation Failure) [PSYoungGen: 80768K->1408K(80384K)] 395802K->316442K(600064K), 0.0021841 secs] [Times: user=0.01 sys=0.00, real=0.00 secs] 
388.127: [GC (Allocation Failure) [PSYoungGen: 80256K->1517K(79872K)] 395290K->316551K(599552K), 0.0016071 secs] [Times: user=0.00 sys=0.00, real=0.00 secs] 
388.287: [GC (Allocation Failure) [PSYoungGen: 79853K->1517K(79360K)] 394887K->316583K(599040K), 0.0018236 secs] [Times: user=0.00 sys=0.00, real=0.00 secs] 
388.460: [GC (Allocation Failure) [PSYoungGen: 79341K->1424K(78848K)] 394407K->316490K(598528K), 0.0019921 secs] [Times: user=0.01 sys=0.00, real=0.00 secs] 
389.008: [GC (Allocation Failure) [PSYoungGen: 78736K->1440K(78336K)] 393802K->316506K(598016K), 0.0021464 secs] [Times: user=0.01 sys=0.00, real=0.00 secs] 
389.722: [GC (Allocation Failure) [PSYoungGen: 78240K->1376K(77824K)] 393306K->316442K(597504K), 0.0022183 secs] [Times: user=0.00 sys=0.00, real=0.00 secs] 
390.487: [GC (Allocation Failure) [PSYoungGen: 77664K->1408K(77312K)] 392730K->316482K(596992K), 0.0021444 secs] [Times: user=0.01 sys=0.00, real=0.01 secs] 
391.452: [GC (Allocation Failure) [PSYoungGen: 77184K->1344K(76800K)] 392258K->316426K(596480K), 0.0026956 secs] [Times: user=0.01 sys=0.00, real=0.00 secs] 
391.708: [GC (Allocation Failure) [PSYoungGen: 76608K->1517K(76288K)] 391690K->316599K(595968K), 0.0016036 secs] [Times: user=0.01 sys=0.00, real=0.00 secs] 
391.840: [GC (Allocation Failure) [PSYoungGen: 76269K->1485K(75776K)] 391351K->316567K(595456K), 0.0016600 secs] [Times: user=0.00 sys=0.00, real=0.00 secs] 
391.970: [GC (Allocation Failure) [PSYoungGen: 75725K->1456K(75264K)] 390807K->316538K(594944K), 0.0015343 secs] [Times: user=0.01 sys=0.00, real=0.00 secs] 
392.257: [GC (Allocation Failure) [PSYoungGen: 75184K->1408K(82432K)] 390266K->316490K(602112K), 0.0065027 secs] [Times: user=0.03 sys=0.00, real=0.01 secs] 
392.597: [GC (Allocation Failure) [PSYoungGen: 82304K->1408K(90112K)] 397386K->316506K(609792K), 0.0016566 secs] [Times: user=0.01 sys=0.00, real=0.00 secs] 
393.009: [GC (Allocation Failure) [PSYoungGen: 89984K->1408K(89088K)] 405082K->316506K(608768K), 0.0019394 secs] [Times: user=0.01 sys=0.00, real=0.00 secs] 
393.366: [GC (Allocation Failure) [PSYoungGen: 88960K->1501K(88576K)] 404058K->316599K(608256K), 0.0014969 secs] [Times: user=0.01 sys=0.00, real=0.01 secs] 
393.518: [GC (Allocation Failure) [PSYoungGen: 88541K->1453K(88064K)] 403639K->316551K(607744K), 0.0016289 secs] [Times: user=0.01 sys=0.00, real=0.00 secs] 
393.670: [GC (Allocation Failure) [PSYoungGen: 87981K->1485K(87552K)] 403079K->316583K(607232K), 0.0015147 secs] [Times: user=0.01 sys=0.00, real=0.00 secs] 
394.347: [GC (Allocation Failure) [PSYoungGen: 87501K->1488K(87040K)] 402599K->316594K(606720K), 0.0025842 secs] [Times: user=0.01 sys=0.00, real=0.00 secs] 
396.031: [GC (Allocation Failure) [PSYoungGen: 86992K->1360K(86528K)] 402098K->316466K(606208K), 0.0027801 secs] [Times: user=0.01 sys=0.00, real=0.00 secs] 
397.527: [GC (Allocation Failure) [PSYoungGen: 86352K->1376K(86016K)] 401458K->316490K(605696K), 0.0030715 secs] [Times: user=0.02 sys=0.00, real=0.00 secs] 
398.277: [GC (Allocation Failure) [PSYoungGen: 85856K->1376K(85504K)] 400970K->316490K(605184K), 0.0018640 secs] [Times: user=0.01 sys=0.00, real=0.01 secs] 
398.467: [GC (Allocation Failure) [PSYoungGen: 85344K->1485K(84992K)] 400458K->316599K(604672K), 0.0016937 secs] [Times: user=0.00 sys=0.00, real=0.00 secs] 
398.615: [GC (Allocation Failure) [PSYoungGen: 84941K->1456K(84480K)] 400055K->316602K(604160K), 0.0016970 secs] [Times: user=0.00 sys=0.00, real=0.01 secs] 
398.761: [GC (Allocation Failure) [PSYoungGen: 84400K->1520K(83968K)] 399546K->316666K(603648K), 0.0016408 secs] [Times: user=0.01 sys=0.00, real=0.00 secs] 
399.465: [GC (Allocation Failure) [PSYoungGen: 83952K->1424K(83456K)] 399098K->316578K(603136K), 0.0019788 secs] [Times: user=0.01 sys=0.00, real=0.01 secs] 
400.238: [GC (Allocation Failure) [PSYoungGen: 83344K->1376K(82944K)] 398498K->316530K(602624K), 0.0025037 secs] [Times: user=0.01 sys=0.00, real=0.00 secs] 
400.983: [GC (Allocation Failure) [PSYoungGen: 82784K->1376K(82432K)] 397938K->316538K(602112K), 0.0029586 secs] [Times: user=0.01 sys=0.00, real=0.00 secs] 
401.398: [GC (Allocation Failure) [PSYoungGen: 82272K->1453K(81920K)] 397434K->316615K(601600K), 0.0019232 secs] [Times: user=0.01 sys=0.00, real=0.00 secs] 
401.548: [GC (Allocation Failure) [PSYoungGen: 81837K->1485K(81408K)] 396999K->316647K(601088K), 0.0015296 secs] [Times: user=0.01 sys=0.00, real=0.00 secs] 
401.688: [GC (Allocation Failure) [PSYoungGen: 81357K->1517K(80896K)] 396519K->316679K(600576K), 0.0017079 secs] [Times: user=0.01 sys=0.00, real=0.00 secs] 
401.986: [GC (Allocation Failure) [PSYoungGen: 80877K->912K(79872K)] 396039K->317106K(599552K), 0.0021815 secs] [Times: user=0.01 sys=0.00, real=0.01 secs] 
403.170: [GC (Allocation Failure) [PSYoungGen: 79760K->384K(78848K)] 395954K->316578K(598528K), 0.0036164 secs] [Times: user=0.01 sys=0.01, real=0.00 secs] 
404.120: [GC (Allocation Failure) [PSYoungGen: 78720K->384K(78336K)] 394914K->316586K(598016K), 0.0030648 secs] [Times: user=0.01 sys=0.00, real=0.00 secs] 
404.937: [GC (Allocation Failure) [PSYoungGen: 78208K->352K(79360K)] 394410K->316554K(599040K), 0.0024244 secs] [Times: user=0.01 sys=0.00, real=0.01 secs] 
405.463: [GC (Allocation Failure) [PSYoungGen: 77664K->1517K(78336K)] 393866K->317727K(598016K), 0.0020570 secs] [Times: user=0.01 sys=0.00, real=0.00 secs] 
405.606: [GC (Allocation Failure) [PSYoungGen: 78317K->1485K(77824K)] 394527K->317695K(597504K), 0.0016007 secs] [Times: user=0.00 sys=0.00, real=0.01 secs] 
405.740: [GC (Allocation Failure) [PSYoungGen: 77773K->1453K(77312K)] 393983K->317663K(596992K), 0.0015778 secs] [Times: user=0.01 sys=0.00, real=0.00 secs] 
406.020: [GC (Allocation Failure) [PSYoungGen: 77229K->1952K(77312K)] 393439K->318170K(596992K), 0.0020108 secs] [Times: user=0.01 sys=0.00, real=0.00 secs] 
406.778: [GC (Allocation Failure) [PSYoungGen: 77216K->1440K(76288K)] 393434K->317658K(595968K), 0.0020998 secs] [Times: user=0.00 sys=0.00, real=0.00 secs] 
407.130: [GC (Allocation Failure) [PSYoungGen: 76192K->1408K(75776K)] 392410K->317634K(595456K), 0.0024355 secs] [Times: user=0.01 sys=0.00, real=0.00 secs] 
407.541: [GC (Allocation Failure) [PSYoungGen: 75648K->1408K(75264K)] 391874K->317634K(594944K), 0.0024329 secs] [Times: user=0.01 sys=0.00, real=0.00 secs] 
408.038: [GC (Allocation Failure) [PSYoungGen: 75136K->1565K(75264K)] 391362K->317791K(594944K), 0.0023040 secs] [Times: user=0.01 sys=0.00, real=0.00 secs] 
408.190: [GC (Allocation Failure) [PSYoungGen: 74781K->1520K(74240K)] 391007K->317762K(593920K), 0.0016783 secs] [Times: user=0.00 sys=0.00, real=0.00 secs] 
408.318: [GC (Allocation Failure) [PSYoungGen: 74224K->1520K(73728K)] 390466K->317762K(593408K), 0.0017982 secs] [Times: user=0.01 sys=0.00, real=0.00 secs] 
408.444: [GC (Allocation Failure) [PSYoungGen: 73712K->1520K(80384K)] 389954K->317762K(600064K), 0.0016767 secs] [Times: user=0.01 sys=0.00, real=0.00 secs] 
408.884: [GC (Allocation Failure) [PSYoungGen: 80368K->1408K(79872K)] 396610K->317666K(599552K), 0.0022101 secs] [Times: user=0.01 sys=0.00, real=0.00 secs] 
409.210: [GC (Allocation Failure) [PSYoungGen: 79744K->1440K(79360K)] 396002K->317698K(599040K), 0.0022252 secs] [Times: user=0.00 sys=0.00, real=0.00 secs] 
409.748: [GC (Allocation Failure) [PSYoungGen: 79264K->1472K(78848K)] 395522K->317730K(598528K), 0.0031610 secs] [Times: user=0.01 sys=0.00, real=0.00 secs] 
410.261: [GC (Allocation Failure) [PSYoungGen: 78784K->1501K(78336K)] 395042K->317759K(598016K), 0.0022607 secs] [Times: user=0.01 sys=0.00, real=0.00 secs] 
410.433: [GC (Allocation Failure) [PSYoungGen: 78301K->1549K(78336K)] 394559K->317815K(598016K), 0.0016100 secs] [Times: user=0.00 sys=0.00, real=0.00 secs] 
410.567: [GC (Allocation Failure) [PSYoungGen: 77837K->493K(76288K)] 394103K->317783K(595968K), 0.0014986 secs] [Times: user=0.00 sys=0.00, real=0.00 secs] 
410.699: [GC (Allocation Failure) [PSYoungGen: 76269K->525K(76288K)] 393559K->317815K(595968K), 0.0015175 secs] [Times: user=0.01 sys=0.00, real=0.00 secs] 
411.979: [GC (Allocation Failure) [PSYoungGen: 75789K->1408K(76288K)] 393079K->318714K(595968K), 0.0025590 secs] [Times: user=0.01 sys=0.01, real=0.00 secs] 
412.594: [GC (Allocation Failure) [PSYoungGen: 76160K->1376K(75776K)] 393466K->318682K(595456K), 0.0028333 secs] [Times: user=0.01 sys=0.00, real=0.01 secs] 
413.057: [GC (Allocation Failure) [PSYoungGen: 75616K->1440K(75264K)] 392922K->318746K(594944K), 0.0020163 secs] [Times: user=0.00 sys=0.00, real=0.00 secs] 
413.391: [GC (Allocation Failure) [PSYoungGen: 75168K->1456K(74752K)] 392474K->318762K(594432K), 0.0025231 secs] [Times: user=0.01 sys=0.00, real=0.00 secs] 
413.631: [GC (Allocation Failure) [PSYoungGen: 74672K->1485K(74240K)] 391978K->318791K(593920K), 0.0021156 secs] [Times: user=0.00 sys=0.00, real=0.00 secs] 
413.773: [GC (Allocation Failure) [PSYoungGen: 74189K->1517K(73728K)] 391495K->318823K(593408K), 0.0016468 secs] [Times: user=0.01 sys=0.00, real=0.00 secs] 
413.900: [GC (Allocation Failure) [PSYoungGen: 73709K->1453K(80384K)] 391015K->318759K(600064K), 0.0015981 secs] [Times: user=0.01 sys=0.00, real=0.00 secs] 
414.938: [GC (Allocation Failure) [PSYoungGen: 80301K->1472K(79872K)] 397607K->318778K(599552K), 0.0037185 secs] [Times: user=0.01 sys=0.01, real=0.00 secs] 
415.676: [GC (Allocation Failure) [PSYoungGen: 79808K->1376K(79360K)] 397114K->318682K(599040K), 0.0025545 secs] [Times: user=0.01 sys=0.00, real=0.01 secs] 
416.624: [GC (Allocation Failure) [PSYoungGen: 79200K->1376K(78848K)] 396506K->318682K(598528K), 0.0024882 secs] [Times: user=0.01 sys=0.00, real=0.00 secs] 
417.404: [GC (Allocation Failure) [PSYoungGen: 78688K->1344K(78336K)] 395994K->318650K(598016K), 0.0029268 secs] [Times: user=0.01 sys=0.00, real=0.01 secs] 
417.906: [GC (Allocation Failure) [PSYoungGen: 78144K->1488K(77824K)] 395450K->318794K(597504K), 0.0019658 secs] [Times: user=0.01 sys=0.00, real=0.01 secs] 
418.044: [GC (Allocation Failure) [PSYoungGen: 77776K->1517K(77312K)] 395082K->318823K(596992K), 0.0013926 secs] [Times: user=0.00 sys=0.01, real=0.00 secs] 
418.175: [GC (Allocation Failure) [PSYoungGen: 77293K->1552K(77312K)] 394599K->318858K(596992K), 0.0017006 secs] [Times: user=0.01 sys=0.00, real=0.01 secs] 
418.654: [GC (Allocation Failure) [PSYoungGen: 76816K->336K(75264K)] 394122K->318666K(594944K), 0.0019479 secs] [Times: user=0.00 sys=0.00, real=0.00 secs] 
420.501: [GC (Allocation Failure) [PSYoungGen: 75088K->384K(74752K)] 393418K->318746K(594432K), 0.0030338 secs] [Times: user=0.01 sys=0.00, real=0.00 secs] 
421.394: [GC (Allocation Failure) [PSYoungGen: 74624K->320K(74240K)] 392986K->318682K(593920K), 0.0025293 secs] [Times: user=0.01 sys=0.00, real=0.00 secs] 
422.423: [GC (Allocation Failure) [PSYoungGen: 74048K->320K(75776K)] 392410K->318682K(595456K), 0.0024675 secs] [Times: user=0.01 sys=0.00, real=0.00 secs] 
422.835: [GC (Allocation Failure) [PSYoungGen: 73536K->1520K(74240K)] 391898K->319882K(593920K), 0.0021288 secs] [Times: user=0.01 sys=0.00, real=0.01 secs] 
422.979: [GC (Allocation Failure) [PSYoungGen: 74224K->1485K(73728K)] 392586K->319847K(593408K), 0.0015794 secs] [Times: user=0.01 sys=0.00, real=0.00 secs] 
423.109: [GC (Allocation Failure) [PSYoungGen: 73677K->1485K(73216K)] 392039K->319847K(592896K), 0.0016029 secs] [Times: user=0.01 sys=0.00, real=0.00 secs] 
423.305: [GC (Allocation Failure) [PSYoungGen: 73165K->1472K(72704K)] 391527K->319834K(592384K), 0.0020383 secs] [Times: user=0.01 sys=0.01, real=0.01 secs] 
423.612: [GC (Allocation Failure) [PSYoungGen: 72640K->1376K(72192K)] 391002K->319738K(591872K), 0.0018925 secs] [Times: user=0.01 sys=0.01, real=0.00 secs] 
423.952: [GC (Allocation Failure) [PSYoungGen: 72032K->1376K(71680K)] 390394K->319738K(591360K), 0.0019098 secs] [Times: user=0.00 sys=0.00, real=0.00 secs] 
424.284: [GC (Allocation Failure) [PSYoungGen: 71520K->1440K(71168K)] 389882K->319802K(590848K), 0.0018778 secs] [Times: user=0.01 sys=0.00, real=0.00 secs] 
424.641: [GC (Allocation Failure) [PSYoungGen: 71072K->1469K(70656K)] 389434K->319831K(590336K), 0.0020100 secs] [Times: user=0.01 sys=0.00, real=0.00 secs] 
424.774: [GC (Allocation Failure) [PSYoungGen: 70589K->1453K(70144K)] 388951K->319815K(589824K), 0.0016640 secs] [Times: user=0.01 sys=0.00, real=0.00 secs] 
424.894: [GC (Allocation Failure) [PSYoungGen: 70061K->1488K(69632K)] 388423K->319850K(589312K), 0.0016152 secs] [Times: user=0.01 sys=0.00, real=0.00 secs] 
425.014: [GC (Allocation Failure) [PSYoungGen: 69584K->1485K(76288K)] 387946K->319847K(595968K), 0.0017044 secs] [Times: user=0.01 sys=0.00, real=0.00 secs] 
425.255: [GC (Allocation Failure) [PSYoungGen: 76237K->1424K(82944K)] 394599K->319794K(602624K), 0.0019303 secs] [Times: user=0.01 sys=0.00, real=0.00 secs] 
425.593: [GC (Allocation Failure) [PSYoungGen: 82832K->1376K(82432K)] 401202K->319746K(602112K), 0.0019919 secs] [Times: user=0.01 sys=0.00, real=0.00 secs] 
426.146: [GC (Allocation Failure) [PSYoungGen: 82272K->1392K(81920K)] 400642K->319786K(601600K), 0.0020537 secs] [Times: user=0.01 sys=0.00, real=0.01 secs] 
426.790: [GC (Allocation Failure) [PSYoungGen: 81776K->1344K(81408K)] 400170K->319738K(601088K), 0.0021667 secs] [Times: user=0.01 sys=0.00, real=0.00 secs] 
427.019: [GC (Allocation Failure) [PSYoungGen: 81216K->1488K(80896K)] 399610K->319890K(600576K), 0.0017583 secs] [Times: user=0.01 sys=0.00, real=0.00 secs] 
427.159: [GC (Allocation Failure) [PSYoungGen: 80848K->1520K(80384K)] 399250K->319922K(600064K), 0.0016742 secs] [Times: user=0.01 sys=0.00, real=0.00 secs] 
427.296: [GC (Allocation Failure) [PSYoungGen: 80368K->1517K(79872K)] 398770K->319919K(599552K), 0.0015919 secs] [Times: user=0.01 sys=0.00, real=0.01 secs] 
427.843: [GC (Allocation Failure) [PSYoungGen: 79853K->1424K(79360K)] 398255K->319826K(599040K), 0.0020846 secs] [Times: user=0.00 sys=0.00, real=0.00 secs] 
428.429: [GC (Allocation Failure) [PSYoungGen: 79248K->1440K(78848K)] 397650K->319842K(598528K), 0.0021668 secs] [Times: user=0.01 sys=0.00, real=0.00 secs] 
429.095: [GC (Allocation Failure) [PSYoungGen: 78752K->1408K(78336K)] 397154K->319810K(598016K), 0.0018621 secs] [Times: user=0.00 sys=0.01, real=0.01 secs] 
429.857: [GC (Allocation Failure) [PSYoungGen: 78208K->1424K(77824K)] 396610K->319826K(597504K), 0.0027463 secs] [Times: user=0.01 sys=0.00, real=0.00 secs] 
430.100: [GC (Allocation Failure) [PSYoungGen: 77712K->1517K(77312K)] 396114K->319951K(596992K), 0.0018697 secs] [Times: user=0.00 sys=0.00, real=0.00 secs] 
430.239: [GC (Allocation Failure) [PSYoungGen: 77293K->1488K(76800K)] 395727K->319922K(596480K), 0.0017622 secs] [Times: user=0.00 sys=0.00, real=0.00 secs] 
430.370: [GC (Allocation Failure) [PSYoungGen: 76752K->1453K(76288K)] 395186K->319887K(595968K), 0.0015388 secs] [Times: user=0.01 sys=0.00, real=0.00 secs] 
430.710: [GC (Allocation Failure) [PSYoungGen: 76205K->1424K(75776K)] 394639K->319858K(595456K), 0.0026794 secs] [Times: user=0.01 sys=0.01, real=0.00 secs] 
431.211: [GC (Allocation Failure) [PSYoungGen: 75664K->1408K(75264K)] 394098K->319850K(594944K), 0.0023946 secs] [Times: user=0.01 sys=0.00, real=0.00 secs] 
431.809: [GC (Allocation Failure) [PSYoungGen: 75136K->1408K(74752K)] 393578K->319850K(594432K), 0.0025372 secs] [Times: user=0.01 sys=0.00, real=0.00 secs] 
432.452: [GC (Allocation Failure) [PSYoungGen: 74624K->1408K(74240K)] 393066K->319850K(593920K), 0.0023286 secs] [Times: user=0.01 sys=0.01, real=0.00 secs] 
432.798: [GC (Allocation Failure) [PSYoungGen: 74112K->1453K(73728K)] 392554K->319895K(593408K), 0.0016095 secs] [Times: user=0.00 sys=0.00, real=0.00 secs] 
432.925: [GC (Allocation Failure) [PSYoungGen: 73645K->1501K(73216K)] 392087K->319943K(592896K), 0.0015188 secs] [Times: user=0.01 sys=0.00, real=0.00 secs] 
433.070: [GC (Allocation Failure) [PSYoungGen: 73181K->1488K(72704K)] 391623K->319930K(592384K), 0.0020403 secs] [Times: user=0.01 sys=0.00, real=0.00 secs] 
433.305: [GC (Allocation Failure) [PSYoungGen: 72656K->1472K(72192K)] 391098K->319914K(591872K), 0.0020500 secs] [Times: user=0.01 sys=0.00, real=0.01 secs] 
433.600: [GC (Allocation Failure) [PSYoungGen: 72128K->1408K(71680K)] 390570K->319850K(591360K), 0.0021218 secs] [Times: user=0.01 sys=0.00, real=0.00 secs] 
433.903: [GC (Allocation Failure) [PSYoungGen: 71552K->1408K(71168K)] 389994K->319850K(590848K), 0.0018535 secs] [Times: user=0.01 sys=0.00, real=0.00 secs] 
434.345: [GC (Allocation Failure) [PSYoungGen: 71040K->1440K(70656K)] 389482K->319882K(590336K), 0.0020866 secs] [Times: user=0.01 sys=0.00, real=0.01 secs] 
434.809: [GC (Allocation Failure) [PSYoungGen: 70560K->1424K(70144K)] 389002K->319866K(589824K), 0.0020213 secs] [Times: user=0.01 sys=0.00, real=0.00 secs] 
434.943: [GC (Allocation Failure) [PSYoungGen: 70032K->1485K(69632K)] 388474K->319927K(589312K), 0.0019207 secs] [Times: user=0.00 sys=0.00, real=0.00 secs] 
435.062: [GC (Allocation Failure) [PSYoungGen: 69581K->1453K(75776K)] 388023K->319895K(595456K), 0.0017393 secs] [Times: user=0.00 sys=0.00, real=0.00 secs] 
435.193: [GC (Allocation Failure) [PSYoungGen: 75693K->1453K(82944K)] 394135K->319895K(602624K), 0.0016636 secs] [Times: user=0.01 sys=0.00, real=0.00 secs] 
435.767: [GC (Allocation Failure) [PSYoungGen: 82861K->1456K(82432K)] 401303K->319898K(602112K), 0.0019803 secs] [Times: user=0.00 sys=0.00, real=0.00 secs] 
436.429: [GC (Allocation Failure) [PSYoungGen: 82352K->1440K(81920K)] 400794K->319882K(601600K), 0.0024094 secs] [Times: user=0.01 sys=0.00, real=0.00 secs] 
437.969: [GC (Allocation Failure) [PSYoungGen: 81824K->1376K(81408K)] 400266K->319834K(601088K), 0.0023869 secs] [Times: user=0.01 sys=0.00, real=0.00 secs] 
439.144: [GC (Allocation Failure) [PSYoungGen: 81248K->1469K(80896K)] 399706K->319927K(600576K), 0.0026828 secs] [Times: user=0.01 sys=0.00, real=0.01 secs] 
439.330: [GC (Allocation Failure) [PSYoungGen: 80829K->1517K(80384K)] 399287K->319975K(600064K), 0.0015448 secs] [Times: user=0.01 sys=0.00, real=0.00 secs] 
439.490: [GC (Allocation Failure) [PSYoungGen: 80365K->1517K(79872K)] 398823K->319975K(599552K), 0.0017769 secs] [Times: user=0.01 sys=0.00, real=0.00 secs] 
439.654: [GC (Allocation Failure) [PSYoungGen: 79853K->1485K(79360K)] 398311K->319943K(599040K), 0.0015708 secs] [Times: user=0.00 sys=0.00, real=0.00 secs] 
440.073: [GC (Allocation Failure) [PSYoungGen: 79309K->1472K(78848K)] 397767K->319930K(598528K), 0.0020260 secs] [Times: user=0.01 sys=0.00, real=0.00 secs] 
440.394: [GC (Allocation Failure) [PSYoungGen: 78784K->1440K(78336K)] 397242K->319898K(598016K), 0.0019186 secs] [Times: user=0.01 sys=0.00, real=0.00 secs] 
440.754: [GC (Allocation Failure) [PSYoungGen: 78240K->1440K(77824K)] 396698K->319898K(597504K), 0.0020887 secs] [Times: user=0.01 sys=0.00, real=0.00 secs] 
441.089: [GC (Allocation Failure) [PSYoungGen: 77728K->1456K(77312K)] 396186K->319914K(596992K), 0.0018081 secs] [Times: user=0.01 sys=0.00, real=0.00 secs] 
441.226: [GC (Allocation Failure) [PSYoungGen: 77232K->1453K(76800K)] 395690K->319911K(596480K), 0.0014331 secs] [Times: user=0.00 sys=0.00, real=0.01 secs] 
441.357: [GC (Allocation Failure) [PSYoungGen: 76717K->1453K(76288K)] 395175K->319919K(595968K), 0.0015625 secs] [Times: user=0.01 sys=0.01, real=0.00 secs] 
441.488: [GC (Allocation Failure) [PSYoungGen: 76205K->1517K(82944K)] 394671K->319983K(602624K), 0.0016699 secs] [Times: user=0.01 sys=0.00, real=0.00 secs] 
442.370: [GC (Allocation Failure) [PSYoungGen: 82925K->400K(81408K)] 401391K->319890K(601088K), 0.0021398 secs] [Times: user=0.01 sys=0.01, real=0.00 secs] 
443.475: [GC (Allocation Failure) [PSYoungGen: 81296K->320K(82432K)] 400786K->319810K(602112K), 0.0037410 secs] [Times: user=0.01 sys=0.00, real=0.01 secs] 
444.572: [GC (Allocation Failure) [PSYoungGen: 80704K->352K(80384K)] 400194K->319842K(600064K), 0.0044951 secs] [Times: user=0.02 sys=0.00, real=0.00 secs] 
445.299: [GC (Allocation Failure) [PSYoungGen: 80224K->1453K(81408K)] 399714K->320943K(601088K), 0.0022322 secs] [Times: user=0.01 sys=0.00, real=0.00 secs] 
445.478: [GC (Allocation Failure) [PSYoungGen: 80813K->1456K(80384K)] 400303K->320946K(600064K), 0.0017074 secs] [Times: user=0.01 sys=0.00, real=0.00 secs] 
445.614: [GC (Allocation Failure) [PSYoungGen: 80304K->1517K(79872K)] 399794K->321007K(599552K), 0.0017393 secs] [Times: user=0.01 sys=0.00, real=0.00 secs] 
445.777: [GC (Allocation Failure) [PSYoungGen: 79853K->1520K(79360K)] 399343K->321042K(599040K), 0.0016997 secs] [Times: user=0.00 sys=0.00, real=0.00 secs] 
446.104: [GC (Allocation Failure) [PSYoungGen: 79344K->1376K(78848K)] 398866K->320906K(598528K), 0.0016836 secs] [Times: user=0.01 sys=0.00, real=0.00 secs] 
446.707: [GC (Allocation Failure) [PSYoungGen: 78688K->1440K(78336K)] 398218K->320970K(598016K), 0.0017101 secs] [Times: user=0.00 sys=0.00, real=0.00 secs] 
447.311: [GC (Allocation Failure) [PSYoungGen: 78240K->1408K(77824K)] 397770K->320938K(597504K), 0.0017383 secs] [Times: user=0.01 sys=0.00, real=0.00 secs] 
447.768: [GC (Allocation Failure) [PSYoungGen: 77696K->1421K(77312K)] 397226K->320951K(596992K), 0.0016091 secs] [Times: user=0.00 sys=0.00, real=0.00 secs] 
447.923: [GC (Allocation Failure) [PSYoungGen: 77197K->1488K(76800K)] 396727K->321018K(596480K), 0.0020514 secs] [Times: user=0.01 sys=0.00, real=0.00 secs] 
448.101: [GC (Allocation Failure) [PSYoungGen: 76752K->1485K(76288K)] 396282K->321015K(595968K), 0.0020456 secs] [Times: user=0.00 sys=0.00, real=0.00 secs] 
448.269: [GC (Allocation Failure) [PSYoungGen: 76237K->1485K(75776K)] 395767K->321047K(595456K), 0.0015722 secs] [Times: user=0.01 sys=0.00, real=0.00 secs] 
449.150: [GC (Allocation Failure) [PSYoungGen: 75725K->1408K(75264K)] 395287K->320978K(594944K), 0.0029769 secs] [Times: user=0.01 sys=0.00, real=0.00 secs] 
449.982: [GC (Allocation Failure) [PSYoungGen: 75136K->1376K(74752K)] 394706K->320946K(594432K), 0.0029399 secs] [Times: user=0.01 sys=0.00, real=0.00 secs] 
450.888: [GC (Allocation Failure) [PSYoungGen: 74592K->1376K(74240K)] 394162K->320946K(593920K), 0.0030127 secs] [Times: user=0.01 sys=0.00, real=0.00 secs] 
451.789: [GC (Allocation Failure) [PSYoungGen: 74080K->1469K(73728K)] 393650K->321039K(593408K), 0.0031796 secs] [Times: user=0.01 sys=0.00, real=0.00 secs] 
451.992: [GC (Allocation Failure) [PSYoungGen: 73661K->1485K(73216K)] 393231K->321055K(592896K), 0.0015781 secs] [Times: user=0.01 sys=0.00, real=0.00 secs] 
452.117: [GC (Allocation Failure) [PSYoungGen: 73165K->1453K(72704K)] 392735K->321023K(592384K), 0.0019223 secs] [Times: user=0.01 sys=0.00, real=0.00 secs] 
452.242: [GC (Allocation Failure) [PSYoungGen: 72621K->1456K(72192K)] 392191K->321026K(591872K), 0.0014784 secs] [Times: user=0.00 sys=0.00, real=0.00 secs] 
452.630: [GC (Allocation Failure) [PSYoungGen: 72112K->1456K(71680K)] 391682K->321026K(591360K), 0.0019852 secs] [Times: user=0.00 sys=0.00, real=0.00 secs] 
453.191: [GC (Allocation Failure) [PSYoungGen: 71600K->1344K(71168K)] 391170K->320914K(590848K), 0.0022444 secs] [Times: user=0.01 sys=0.00, real=0.00 secs] 
453.722: [GC (Allocation Failure) [PSYoungGen: 70976K->1376K(70656K)] 390546K->320946K(590336K), 0.0023132 secs] [Times: user=0.01 sys=0.00, real=0.00 secs] 
454.270: [GC (Allocation Failure) [PSYoungGen: 70496K->1408K(70144K)] 390066K->320978K(589824K), 0.0021515 secs] [Times: user=0.01 sys=0.01, real=0.00 secs] 
454.824: [GC (Allocation Failure) [PSYoungGen: 70016K->1453K(69632K)] 389586K->321023K(589312K), 0.0019258 secs] [Times: user=0.01 sys=0.00, real=0.00 secs] 
454.951: [GC (Allocation Failure) [PSYoungGen: 69549K->1485K(69120K)] 389119K->321055K(588800K), 0.0015854 secs] [Times: user=0.01 sys=0.00, real=0.00 secs] 
455.071: [GC (Allocation Failure) [PSYoungGen: 69069K->1517K(68608K)] 388639K->321087K(588288K), 0.0016592 secs] [Times: user=0.00 sys=0.00, real=0.00 secs] 
455.188: [GC (Allocation Failure) [PSYoungGen: 68588K->1453K(74752K)] 388159K->321023K(594432K), 0.0015530 secs] [Times: user=0.01 sys=0.00, real=0.00 secs] 
455.463: [GC (Allocation Failure) [PSYoungGen: 74669K->1424K(74240K)] 394239K->321002K(593920K), 0.0018485 secs] [Times: user=0.01 sys=0.00, real=0.00 secs] 
455.782: [GC (Allocation Failure) [PSYoungGen: 74128K->1408K(73728K)] 393706K->320986K(593408K), 0.0016851 secs] [Times: user=0.01 sys=0.00, real=0.00 secs] 
456.351: [GC (Allocation Failure) [PSYoungGen: 73600K->1376K(73216K)] 393178K->320954K(592896K), 0.0034906 secs] [Times: user=0.02 sys=0.00, real=0.00 secs] 
456.992: [GC (Allocation Failure) [PSYoungGen: 73056K->1312K(72704K)] 392634K->320906K(592384K), 0.0030052 secs] [Times: user=0.02 sys=0.00, real=0.00 secs] 
457.302: [GC (Allocation Failure) [PSYoungGen: 72480K->1517K(72192K)] 392074K->321111K(591872K), 0.0019457 secs] [Times: user=0.01 sys=0.00, real=0.00 secs] 
457.431: [GC (Allocation Failure) [PSYoungGen: 72173K->1485K(71680K)] 391767K->321079K(591360K), 0.0015586 secs] [Times: user=0.01 sys=0.00, real=0.00 secs] 
457.555: [GC (Allocation Failure) [PSYoungGen: 71620K->1485K(71168K)] 391215K->321079K(590848K), 0.0016095 secs] [Times: user=0.00 sys=0.00, real=0.00 secs] 
458.156: [GC (Allocation Failure) [PSYoungGen: 71117K->1424K(70656K)] 390711K->321018K(590336K), 0.0029321 secs] [Times: user=0.01 sys=0.00, real=0.01 secs] 
458.814: [GC (Allocation Failure) [PSYoungGen: 70544K->1344K(70144K)] 390138K->320938K(589824K), 0.0021621 secs] [Times: user=0.01 sys=0.00, real=0.00 secs] 
459.387: [GC (Allocation Failure) [PSYoungGen: 69952K->1408K(69632K)] 389546K->321002K(589312K), 0.0021055 secs] [Times: user=0.01 sys=0.00, real=0.00 secs] 
459.671: [GC (Allocation Failure) [PSYoungGen: 69504K->1376K(69120K)] 389098K->320970K(588800K), 0.0021243 secs] [Times: user=0.00 sys=0.00, real=0.00 secs] 
459.964: [GC (Allocation Failure) [PSYoungGen: 68928K->1424K(68608K)] 388522K->321018K(588288K), 0.0019226 secs] [Times: user=0.01 sys=0.00, real=0.00 secs] 
460.098: [GC (Allocation Failure) [PSYoungGen: 68496K->1453K(68096K)] 388090K->321047K(587776K), 0.0015505 secs] [Times: user=0.01 sys=0.00, real=0.00 secs] 
460.214: [GC (Allocation Failure) [PSYoungGen: 68013K->1501K(67584K)] 387607K->321095K(587264K), 0.0015146 secs] [Times: user=0.01 sys=0.00, real=0.00 secs] 
460.330: [GC (Allocation Failure) [PSYoungGen: 67549K->1488K(73728K)] 387143K->321082K(593408K), 0.0017190 secs] [Times: user=0.00 sys=0.00, real=0.00 secs] 
460.612: [GC (Allocation Failure) [PSYoungGen: 73680K->1440K(75776K)] 393274K->321042K(595456K), 0.0019689 secs] [Times: user=0.00 sys=0.00, real=0.00 secs] 
461.302: [GC (Allocation Failure) [PSYoungGen: 75680K->1408K(75264K)] 395282K->321010K(594944K), 0.0037413 secs] [Times: user=0.01 sys=0.00, real=0.00 secs] 
461.952: [GC (Allocation Failure) [PSYoungGen: 75136K->1312K(74752K)] 394738K->320914K(594432K), 0.0024866 secs] [Times: user=0.01 sys=0.00, real=0.00 secs] 
462.384: [GC (Allocation Failure) [PSYoungGen: 74528K->1408K(74240K)] 394130K->321010K(593920K), 0.0022770 secs] [Times: user=0.01 sys=0.00, real=0.00 secs] 
462.742: [GC (Allocation Failure) [PSYoungGen: 74112K->1517K(73728K)] 393714K->321119K(593408K), 0.0019671 secs] [Times: user=0.01 sys=0.00, real=0.00 secs] 
462.879: [GC (Allocation Failure) [PSYoungGen: 73709K->1485K(73216K)] 393311K->321087K(592896K), 0.0014910 secs] [Times: user=0.01 sys=0.00, real=0.00 secs] 
463.004: [GC (Allocation Failure) [PSYoungGen: 73165K->1453K(72704K)] 392767K->321055K(592384K), 0.0016650 secs] [Times: user=0.00 sys=0.00, real=0.00 secs] 
463.131: [GC (Allocation Failure) [PSYoungGen: 72621K->1549K(73216K)] 392223K->321167K(592896K), 0.0017137 secs] [Times: user=0.00 sys=0.00, real=0.00 secs] 
464.599: [GC (Allocation Failure) [PSYoungGen: 72717K->1408K(72192K)] 392335K->321026K(591872K), 0.0041243 secs] [Times: user=0.01 sys=0.00, real=0.00 secs] 
465.427: [GC (Allocation Failure) [PSYoungGen: 72064K->1376K(71680K)] 391682K->320994K(591360K), 0.0033320 secs] [Times: user=0.01 sys=0.01, real=0.01 secs] 
466.058: [GC (Allocation Failure) [PSYoungGen: 71520K->1408K(71168K)] 391138K->321026K(590848K), 0.0023403 secs] [Times: user=0.00 sys=0.00, real=0.00 secs] 
466.721: [GC (Allocation Failure) [PSYoungGen: 71040K->1376K(70656K)] 390658K->320994K(590336K), 0.0031953 secs] [Times: user=0.01 sys=0.00, real=0.00 secs] 
467.107: [GC (Allocation Failure) [PSYoungGen: 70496K->1488K(70144K)] 390114K->321106K(589824K), 0.0020089 secs] [Times: user=0.01 sys=0.00, real=0.00 secs] 
467.241: [GC (Allocation Failure) [PSYoungGen: 70096K->1485K(69632K)] 389714K->321103K(589312K), 0.0016317 secs] [Times: user=0.01 sys=0.00, real=0.00 secs] 
467.361: [GC (Allocation Failure) [PSYoungGen: 69581K->1485K(69120K)] 389199K->321103K(588800K), 0.0015178 secs] [Times: user=0.00 sys=0.00, real=0.00 secs] 
467.481: [GC (Allocation Failure) [PSYoungGen: 68807K->320K(74240K)] 388425K->319946K(593920K), 0.0016420 secs] [Times: user=0.00 sys=0.00, real=0.00 secs] 
468.246: [GC (Allocation Failure) [PSYoungGen: 74048K->1376K(74752K)] 393674K->321026K(594432K), 0.0029775 secs] [Times: user=0.01 sys=0.00, real=0.01 secs] 
468.876: [GC (Allocation Failure) [PSYoungGen: 74592K->1376K(74240K)] 394242K->321026K(593920K), 0.0025753 secs] [Times: user=0.00 sys=0.00, real=0.01 secs] 
469.213: [GC (Allocation Failure) [PSYoungGen: 74080K->1440K(73728K)] 393730K->321090K(593408K), 0.0027555 secs] [Times: user=0.01 sys=0.00, real=0.00 secs] 
469.544: [GC (Allocation Failure) [PSYoungGen: 73632K->1437K(73216K)] 393282K->321087K(592896K), 0.0018199 secs] [Times: user=0.01 sys=0.00, real=0.00 secs] 
469.674: [GC (Allocation Failure) [PSYoungGen: 73117K->1456K(72704K)] 392767K->321106K(592384K), 0.0015694 secs] [Times: user=0.01 sys=0.00, real=0.00 secs] 
469.800: [GC (Allocation Failure) [PSYoungGen: 72624K->1501K(72192K)] 392274K->321151K(591872K), 0.0015215 secs] [Times: user=0.01 sys=0.00, real=0.00 secs] 
469.926: [GC (Allocation Failure) [PSYoungGen: 72157K->1421K(72704K)] 391807K->321071K(592384K), 0.0016205 secs] [Times: user=0.01 sys=0.00, real=0.01 secs] 
470.578: [GC (Allocation Failure) [PSYoungGen: 72077K->1392K(71680K)] 391727K->321042K(591360K), 0.0023756 secs] [Times: user=0.01 sys=0.00, real=0.00 secs] 
471.451: [GC (Allocation Failure) [PSYoungGen: 71536K->1392K(71168K)] 391186K->321042K(590848K), 0.0038213 secs] [Times: user=0.01 sys=0.00, real=0.00 secs] 
472.515: [GC (Allocation Failure) [PSYoungGen: 71024K->1376K(70656K)] 390674K->321026K(590336K), 0.0040038 secs] [Times: user=0.02 sys=0.00, real=0.01 secs] 
473.424: [GC (Allocation Failure) [PSYoungGen: 70496K->1344K(70144K)] 390146K->320994K(589824K), 0.0031909 secs] [Times: user=0.01 sys=0.00, real=0.01 secs] 
474.267: [GC (Allocation Failure) [PSYoungGen: 69952K->1517K(69632K)] 389602K->321167K(589312K), 0.0026321 secs] [Times: user=0.01 sys=0.00, real=0.01 secs] 
474.432: [GC (Allocation Failure) [PSYoungGen: 69613K->1485K(69120K)] 389263K->321135K(588800K), 0.0021469 secs] [Times: user=0.01 sys=0.00, real=0.00 secs] 
474.556: [GC (Allocation Failure) [PSYoungGen: 69069K->1485K(68608K)] 388719K->321135K(588288K), 0.0016025 secs] [Times: user=0.01 sys=0.00, real=0.01 secs] 
474.692: [GC (Allocation Failure) [PSYoungGen: 68527K->1520K(69120K)] 388177K->321178K(588800K), 0.0018741 secs] [Times: user=0.00 sys=0.00, real=0.00 secs] 
475.478: [GC (Allocation Failure) [PSYoungGen: 68592K->1440K(68096K)] 388250K->321106K(587776K), 0.0036354 secs] [Times: user=0.02 sys=0.00, real=0.00 secs] 
476.020: [GC (Allocation Failure) [PSYoungGen: 68000K->1408K(67584K)] 387666K->321074K(587264K), 0.0032942 secs] [Times: user=0.01 sys=0.00, real=0.00 secs] 
476.738: [GC (Allocation Failure) [PSYoungGen: 67456K->1440K(67072K)] 387122K->321106K(586752K), 0.0028853 secs] [Times: user=0.01 sys=0.01, real=0.00 secs] 
477.460: [GC (Allocation Failure) [PSYoungGen: 66976K->1376K(66560K)] 386642K->321042K(586240K), 0.0040012 secs] [Times: user=0.01 sys=0.00, real=0.00 secs] 
477.912: [GC (Allocation Failure) [PSYoungGen: 66400K->1517K(66048K)] 386066K->321183K(585728K), 0.0023110 secs] [Times: user=0.01 sys=0.00, real=0.00 secs] 
478.059: [GC (Allocation Failure) [PSYoungGen: 66029K->1453K(65536K)] 385695K->321119K(585216K), 0.0015596 secs] [Times: user=0.01 sys=0.00, real=0.00 secs] 
478.171: [GC (Allocation Failure) [PSYoungGen: 65435K->1485K(65024K)] 385102K->321151K(584704K), 0.0015501 secs] [Times: user=0.01 sys=0.00, real=0.00 secs] 
478.298: [GC (Allocation Failure) [PSYoungGen: 64973K->1453K(65536K)] 384639K->321127K(585216K), 0.0017365 secs] [Times: user=0.01 sys=0.00, real=0.00 secs] 
478.690: [GC (Allocation Failure) [PSYoungGen: 64941K->1392K(64512K)] 384615K->321090K(584192K), 0.0021294 secs] [Times: user=0.01 sys=0.00, real=0.00 secs] 
479.121: [GC (Allocation Failure) [PSYoungGen: 64368K->1376K(64000K)] 384066K->321074K(583680K), 0.0020959 secs] [Times: user=0.01 sys=0.00, real=0.00 secs] 
479.584: [GC (Allocation Failure) [PSYoungGen: 63840K->1344K(63488K)] 383538K->321042K(583168K), 0.0026138 secs] [Times: user=0.01 sys=0.00, real=0.00 secs] 
480.130: [GC (Allocation Failure) [PSYoungGen: 63296K->1376K(62976K)] 382994K->321074K(582656K), 0.0026769 secs] [Times: user=0.01 sys=0.00, real=0.00 secs] 
480.666: [GC (Allocation Failure) [PSYoungGen: 62816K->1344K(62464K)] 382514K->321042K(582144K), 0.0027431 secs] [Times: user=0.01 sys=0.00, real=0.01 secs] 
480.884: [GC (Allocation Failure) [PSYoungGen: 62272K->1456K(61952K)] 381970K->321154K(581632K), 0.0018171 secs] [Times: user=0.01 sys=0.00, real=0.00 secs] 
481.022: [GC (Allocation Failure) [PSYoungGen: 61872K->1517K(61440K)] 381570K->321215K(581120K), 0.0018458 secs] [Times: user=0.01 sys=0.00, real=0.00 secs] 
481.162: [GC (Allocation Failure) [PSYoungGen: 61421K->1485K(61952K)] 381119K->321191K(581632K), 0.0019188 secs] [Times: user=0.01 sys=0.00, real=0.00 secs] 
481.303: [GC (Allocation Failure) [PSYoungGen: 61389K->1549K(61952K)] 381095K->321255K(581632K), 0.0017825 secs] [Times: user=0.01 sys=0.00, real=0.00 secs] 
481.706: [GC (Allocation Failure) [PSYoungGen: 61453K->1408K(67584K)] 381159K->321114K(587264K), 0.0027263 secs] [Times: user=0.02 sys=0.00, real=0.01 secs] 
482.425: [GC (Allocation Failure) [PSYoungGen: 66944K->1376K(66560K)] 386650K->321082K(586240K), 0.0022352 secs] [Times: user=0.01 sys=0.00, real=0.01 secs] 
483.210: [GC (Allocation Failure) [PSYoungGen: 66400K->1376K(66048K)] 386106K->321082K(585728K), 0.0024919 secs] [Times: user=0.01 sys=0.00, real=0.00 secs] 
483.872: [GC (Allocation Failure) [PSYoungGen: 65888K->1408K(65536K)] 385594K->321114K(585216K), 0.0025055 secs] [Times: user=0.01 sys=0.00, real=0.00 secs] 
484.483: [GC (Allocation Failure) [PSYoungGen: 65408K->1469K(65024K)] 385114K->321175K(584704K), 0.0024019 secs] [Times: user=0.01 sys=0.01, real=0.00 secs] 
484.633: [GC (Allocation Failure) [PSYoungGen: 64957K->1469K(64512K)] 384663K->321175K(584192K), 0.0016826 secs] [Times: user=0.01 sys=0.00, real=0.00 secs] 
484.748: [GC (Allocation Failure) [PSYoungGen: 64445K->1488K(64000K)] 384151K->321210K(583680K), 0.0015755 secs] [Times: user=0.01 sys=0.00, real=0.00 secs] 
484.861: [GC (Allocation Failure) [PSYoungGen: 63952K->1520K(64512K)] 383674K->321242K(584192K), 0.0016084 secs] [Times: user=0.01 sys=0.00, real=0.00 secs] 
484.999: [GC (Allocation Failure) [PSYoungGen: 63984K->1472K(70144K)] 383706K->321194K(589824K), 0.0016963 secs] [Times: user=0.00 sys=0.00, real=0.00 secs] 
486.385: [GC (Allocation Failure) [PSYoungGen: 69568K->1376K(69120K)] 389290K->321098K(588800K), 0.0031636 secs] [Times: user=0.01 sys=0.00, real=0.01 secs] 
487.060: [GC (Allocation Failure) [PSYoungGen: 68960K->1344K(68608K)] 388682K->321066K(588288K), 0.0027631 secs] [Times: user=0.01 sys=0.00, real=0.00 secs] 
487.941: [GC (Allocation Failure) [PSYoungGen: 68416K->1408K(68096K)] 388138K->321130K(587776K), 0.0039168 secs] [Times: user=0.01 sys=0.00, real=0.00 secs] 
489.029: [GC (Allocation Failure) [PSYoungGen: 67968K->1376K(67584K)] 387690K->321098K(587264K), 0.0032308 secs] [Times: user=0.01 sys=0.00, real=0.00 secs] 
489.425: [GC (Allocation Failure) [PSYoungGen: 67424K->1517K(67072K)] 387146K->321239K(586752K), 0.0021736 secs] [Times: user=0.00 sys=0.00, real=0.01 secs] 
489.555: [GC (Allocation Failure) [PSYoungGen: 67053K->1501K(66560K)] 386775K->321247K(586240K), 0.0013999 secs] [Times: user=0.00 sys=0.00, real=0.01 secs] 
489.669: [GC (Allocation Failure) [PSYoungGen: 66525K->1485K(66048K)] 386271K->321247K(585728K), 0.0015976 secs] [Times: user=0.00 sys=0.00, real=0.00 secs] 
489.782: [GC (Allocation Failure) [PSYoungGen: 65997K->1517K(66560K)] 385759K->321279K(586240K), 0.0016271 secs] [Times: user=0.01 sys=0.00, real=0.00 secs] 
491.036: [GC (Allocation Failure) [PSYoungGen: 66029K->1440K(65536K)] 385791K->321202K(585216K), 0.0034087 secs] [Times: user=0.02 sys=0.00, real=0.01 secs] 
491.842: [GC (Allocation Failure) [PSYoungGen: 65440K->1376K(65024K)] 385202K->321138K(584704K), 0.0028235 secs] [Times: user=0.01 sys=0.00, real=0.00 secs] 
492.502: [GC (Allocation Failure) [PSYoungGen: 64864K->1376K(64512K)] 384626K->321138K(584192K), 0.0024680 secs] [Times: user=0.00 sys=0.00, real=0.00 secs] 
493.376: [GC (Allocation Failure) [PSYoungGen: 64352K->1408K(64000K)] 384114K->321170K(583680K), 0.0025771 secs] [Times: user=0.01 sys=0.00, real=0.01 secs] 
494.088: [GC (Allocation Failure) [PSYoungGen: 63872K->1517K(63488K)] 383634K->321279K(583168K), 0.0024478 secs] [Times: user=0.01 sys=0.00, real=0.00 secs] 
494.252: [GC (Allocation Failure) [PSYoungGen: 63469K->1485K(62976K)] 383231K->321247K(582656K), 0.0015781 secs] [Times: user=0.00 sys=0.00, real=0.00 secs] 
494.360: [GC (Allocation Failure) [PSYoungGen: 62925K->1504K(62464K)] 382687K->321282K(582144K), 0.0016093 secs] [Times: user=0.01 sys=0.00, real=0.00 secs] 
494.467: [GC (Allocation Failure) [PSYoungGen: 62432K->1424K(62976K)] 382210K->321202K(582656K), 0.0016596 secs] [Times: user=0.01 sys=0.00, real=0.00 secs] 
494.826: [GC (Allocation Failure) [PSYoungGen: 62352K->1408K(61952K)] 382130K->321186K(581632K), 0.0022674 secs] [Times: user=0.01 sys=0.00, real=0.01 secs] 
495.455: [GC (Allocation Failure) [PSYoungGen: 61824K->1344K(61440K)] 381602K->321130K(581120K), 0.0028506 secs] [Times: user=0.01 sys=0.00, real=0.01 secs] 
496.258: [GC (Allocation Failure) [PSYoungGen: 61248K->1376K(61952K)] 381034K->321170K(581632K), 0.0033781 secs] [Times: user=0.02 sys=0.00, real=0.00 secs] 
497.173: [GC (Allocation Failure) [PSYoungGen: 61280K->1408K(61952K)] 381074K->321210K(581632K), 0.0043337 secs] [Times: user=0.01 sys=0.01, real=0.01 secs] 
497.815: [GC (Allocation Failure) [PSYoungGen: 61312K->1392K(61952K)] 381114K->321194K(581632K), 0.0029686 secs] [Times: user=0.01 sys=0.00, real=0.01 secs] 
498.327: [GC (Allocation Failure) [PSYoungGen: 61296K->1453K(61952K)] 381098K->321255K(581632K), 0.0020339 secs] [Times: user=0.01 sys=0.00, real=0.00 secs] 
498.460: [GC (Allocation Failure) [PSYoungGen: 61357K->1424K(61952K)] 381159K->321226K(581632K), 0.0016242 secs] [Times: user=0.00 sys=0.00, real=0.00 secs] 
498.566: [GC (Allocation Failure) [PSYoungGen: 61328K->1488K(61952K)] 381130K->321306K(581632K), 0.0015189 secs] [Times: user=0.00 sys=0.00, real=0.01 secs] 
498.671: [GC (Allocation Failure) [PSYoungGen: 61392K->1456K(61952K)] 381210K->321290K(581632K), 0.0016941 secs] [Times: user=0.01 sys=0.01, real=0.00 secs] 
498.868: [GC (Allocation Failure) [PSYoungGen: 61360K->1440K(67072K)] 381194K->321274K(586752K), 0.0020167 secs] [Times: user=0.01 sys=0.00, real=0.00 secs] 
499.581: [GC (Allocation Failure) [PSYoungGen: 66976K->1408K(66560K)] 386810K->321242K(586240K), 0.0035041 secs] [Times: user=0.01 sys=0.00, real=0.00 secs] 
500.356: [GC (Allocation Failure) [PSYoungGen: 66432K->1408K(66048K)] 386266K->321242K(585728K), 0.0039119 secs] [Times: user=0.01 sys=0.00, real=0.01 secs] 
501.075: [GC (Allocation Failure) [PSYoungGen: 65920K->1344K(65536K)] 385754K->321178K(585216K), 0.0029477 secs] [Times: user=0.01 sys=0.00, real=0.01 secs] 
501.836: [GC (Allocation Failure) [PSYoungGen: 65344K->352K(64000K)] 385178K->321210K(583680K), 0.0028500 secs] [Times: user=0.01 sys=0.00, real=0.01 secs] 
502.123: [GC (Allocation Failure) [PSYoungGen: 63840K->1453K(65024K)] 384698K->322311K(584704K), 0.0018049 secs] [Times: user=0.01 sys=0.00, real=0.00 secs] 
502.242: [GC (Allocation Failure) [PSYoungGen: 64429K->1456K(64000K)] 385287K->322322K(583680K), 0.0016867 secs] [Times: user=0.01 sys=0.00, real=0.00 secs] 
502.352: [GC (Allocation Failure) [PSYoungGen: 63890K->1488K(65024K)] 384757K->322354K(584704K), 0.0016764 secs] [Times: user=0.01 sys=0.00, real=0.00 secs] 
502.462: [GC (Allocation Failure) [PSYoungGen: 64464K->1517K(70656K)] 385330K->322383K(590336K), 0.0017337 secs] [Times: user=0.01 sys=0.00, real=0.00 secs] 
502.769: [GC (Allocation Failure) [PSYoungGen: 70125K->1424K(70656K)] 390991K->322290K(590336K), 0.0020724 secs] [Times: user=0.01 sys=0.00, real=0.00 secs] 
503.054: [GC (Allocation Failure) [PSYoungGen: 70032K->1376K(76288K)] 390898K->322242K(595968K), 0.0018970 secs] [Times: user=0.01 sys=0.00, real=0.00 secs] 
503.515: [GC (Allocation Failure) [PSYoungGen: 76128K->1440K(75776K)] 396994K->322306K(595456K), 0.0022511 secs] [Times: user=0.00 sys=0.00, real=0.01 secs] 
504.130: [GC (Allocation Failure) [PSYoungGen: 75680K->1392K(75264K)] 396546K->322258K(594944K), 0.0022907 secs] [Times: user=0.01 sys=0.00, real=0.00 secs] 
504.381: [GC (Allocation Failure) [PSYoungGen: 75120K->1485K(74752K)] 395986K->322351K(594432K), 0.0017511 secs] [Times: user=0.01 sys=0.00, real=0.00 secs] 
504.510: [GC (Allocation Failure) [PSYoungGen: 74701K->1517K(74240K)] 395567K->322383K(593920K), 0.0015644 secs] [Times: user=0.00 sys=0.00, real=0.00 secs] 
504.637: [GC (Allocation Failure) [PSYoungGen: 74221K->1517K(74752K)] 395087K->322399K(594432K), 0.0017110 secs] [Times: user=0.00 sys=0.00, real=0.00 secs] 
504.968: [GC (Allocation Failure) [PSYoungGen: 74221K->1472K(73728K)] 395103K->322354K(593408K), 0.0019094 secs] [Times: user=0.01 sys=0.00, real=0.00 secs] 
505.389: [GC (Allocation Failure) [PSYoungGen: 73664K->1360K(73216K)] 394546K->322242K(592896K), 0.0021152 secs] [Times: user=0.01 sys=0.00, real=0.00 secs] 
505.941: [GC (Allocation Failure) [PSYoungGen: 73040K->1408K(72704K)] 393922K->322290K(592384K), 0.0033907 secs] [Times: user=0.02 sys=0.00, real=0.00 secs] 
506.510: [GC (Allocation Failure) [PSYoungGen: 72576K->1360K(72192K)] 393458K->322258K(591872K), 0.0026952 secs] [Times: user=0.01 sys=0.00, real=0.00 secs] 
506.942: [GC (Allocation Failure) [PSYoungGen: 72016K->1453K(71680K)] 392914K->322351K(591360K), 0.0020298 secs] [Times: user=0.01 sys=0.00, real=0.00 secs] 
507.080: [GC (Allocation Failure) [PSYoungGen: 71597K->1453K(71168K)] 392495K->322351K(590848K), 0.0015175 secs] [Times: user=0.00 sys=0.00, real=0.00 secs] 
507.202: [GC (Allocation Failure) [PSYoungGen: 71085K->1485K(70656K)] 391983K->322383K(590336K), 0.0014962 secs] [Times: user=0.00 sys=0.00, real=0.00 secs] 
507.324: [GC (Allocation Failure) [PSYoungGen: 70605K->1469K(76800K)] 391503K->322367K(596480K), 0.0016451 secs] [Times: user=0.01 sys=0.00, real=0.00 secs] 
507.617: [GC (Allocation Failure) [PSYoungGen: 76733K->1408K(76288K)] 397631K->322330K(595968K), 0.0017915 secs] [Times: user=0.00 sys=0.00, real=0.01 secs] 
507.928: [GC (Allocation Failure) [PSYoungGen: 76160K->1376K(75776K)] 397082K->322298K(595456K), 0.0017140 secs] [Times: user=0.01 sys=0.00, real=0.00 secs] 
508.237: [GC (Allocation Failure) [PSYoungGen: 75616K->1408K(75264K)] 396538K->322330K(594944K), 0.0016954 secs] [Times: user=0.00 sys=0.00, real=0.00 secs] 
508.543: [GC (Allocation Failure) [PSYoungGen: 75136K->1408K(74752K)] 396058K->322330K(594432K), 0.0022613 secs] [Times: user=0.00 sys=0.00, real=0.00 secs] 
508.817: [GC (Allocation Failure) [PSYoungGen: 74620K->1453K(74240K)] 395542K->322375K(593920K), 0.0021509 secs] [Times: user=0.00 sys=0.00, real=0.00 secs] 
509.003: [GC (Allocation Failure) [PSYoungGen: 74157K->1456K(73728K)] 395079K->322378K(593408K), 0.0020336 secs] [Times: user=0.01 sys=0.00, real=0.00 secs] 
509.187: [GC (Allocation Failure) [PSYoungGen: 73648K->1517K(73216K)] 394570K->322439K(592896K), 0.0020195 secs] [Times: user=0.01 sys=0.00, real=0.00 secs] 
509.607: [GC (Allocation Failure) [PSYoungGen: 73197K->1392K(72704K)] 394119K->322314K(592384K), 0.0020332 secs] [Times: user=0.01 sys=0.00, real=0.00 secs] 
510.181: [GC (Allocation Failure) [PSYoungGen: 72560K->1376K(72192K)] 393482K->322298K(591872K), 0.0021233 secs] [Times: user=0.01 sys=0.00, real=0.00 secs] 
510.475: [GC (Allocation Failure) [PSYoungGen: 72032K->1376K(71680K)] 392954K->322298K(591360K), 0.0020522 secs] [Times: user=0.01 sys=0.00, real=0.01 secs] 
510.768: [GC (Allocation Failure) [PSYoungGen: 71520K->1344K(71168K)] 392442K->322266K(590848K), 0.0019348 secs] [Times: user=0.01 sys=0.00, real=0.00 secs] 
511.005: [GC (Allocation Failure) [PSYoungGen: 70976K->1485K(70656K)] 391898K->322407K(590336K), 0.0015385 secs] [Times: user=0.01 sys=0.00, real=0.00 secs] 
511.127: [GC (Allocation Failure) [PSYoungGen: 70586K->1453K(70144K)] 391508K->322375K(589824K), 0.0015403 secs] [Times: user=0.01 sys=0.00, real=0.00 secs] 
511.255: [GC (Allocation Failure) [PSYoungGen: 70061K->1488K(70656K)] 390983K->322410K(590336K), 0.0018916 secs] [Times: user=0.01 sys=0.00, real=0.01 secs] 
511.414: [GC (Allocation Failure) [PSYoungGen: 70096K->1504K(76800K)] 391018K->322426K(596480K), 0.0018536 secs] [Times: user=0.01 sys=0.00, real=0.00 secs] 
511.699: [GC (Allocation Failure) [PSYoungGen: 76256K->1392K(75776K)] 397178K->322330K(595456K), 0.0019538 secs] [Times: user=0.01 sys=0.00, real=0.00 secs] 
512.008: [GC (Allocation Failure) [PSYoungGen: 75632K->1408K(75264K)] 396570K->322346K(594944K), 0.0020143 secs] [Times: user=0.00 sys=0.00, real=0.00 secs] 
512.314: [GC (Allocation Failure) [PSYoungGen: 75136K->1376K(74752K)] 396074K->322314K(594432K), 0.0020304 secs] [Times: user=0.01 sys=0.01, real=0.00 secs] 
512.618: [GC (Allocation Failure) [PSYoungGen: 74592K->1408K(74240K)] 395530K->322346K(593920K), 0.0018917 secs] [Times: user=0.01 sys=0.00, real=0.00 secs] 
512.877: [GC (Allocation Failure) [PSYoungGen: 74112K->1453K(73728K)] 395050K->322391K(593408K), 0.0018999 secs] [Times: user=0.01 sys=0.00, real=0.00 secs] 
513.004: [GC (Allocation Failure) [PSYoungGen: 73645K->1517K(73216K)] 394583K->322455K(592896K), 0.0016821 secs] [Times: user=0.01 sys=0.00, real=0.00 secs] 
513.129: [GC (Allocation Failure) [PSYoungGen: 73197K->1485K(73728K)] 394135K->322423K(593408K), 0.0016430 secs] [Times: user=0.01 sys=0.00, real=0.00 secs] 
513.357: [GC (Allocation Failure) [PSYoungGen: 73165K->1424K(80384K)] 394103K->322370K(600064K), 0.0020184 secs] [Times: user=0.01 sys=0.00, real=0.00 secs] 
513.683: [GC (Allocation Failure) [PSYoungGen: 79760K->1376K(79360K)] 400706K->322322K(599040K), 0.0021346 secs] [Times: user=0.00 sys=0.00, real=0.00 secs] 
514.020: [GC (Allocation Failure) [PSYoungGen: 79200K->1392K(78848K)] 400146K->322338K(598528K), 0.0018300 secs] [Times: user=0.00 sys=0.00, real=0.00 secs] 
514.342: [GC (Allocation Failure) [PSYoungGen: 78704K->1376K(78336K)] 399650K->322322K(598016K), 0.0018525 secs] [Times: user=0.00 sys=0.00, real=0.00 secs] 
514.567: [GC (Allocation Failure) [PSYoungGen: 78176K->1485K(77824K)] 399122K->322431K(597504K), 0.0015640 secs] [Times: user=0.01 sys=0.00, real=0.00 secs] 
514.701: [GC (Allocation Failure) [PSYoungGen: 77773K->1485K(77312K)] 398719K->322431K(596992K), 0.0016489 secs] [Times: user=0.00 sys=0.00, real=0.00 secs] 
514.835: [GC (Allocation Failure) [PSYoungGen: 77261K->1485K(77824K)] 398207K->322455K(597504K), 0.0016312 secs] [Times: user=0.01 sys=0.00, real=0.00 secs] 
515.335: [GC (Allocation Failure) [PSYoungGen: 77261K->1440K(76800K)] 398231K->322410K(596480K), 0.0022842 secs] [Times: user=0.01 sys=0.00, real=0.01 secs] 
515.952: [GC (Allocation Failure) [PSYoungGen: 76704K->1408K(76288K)] 397674K->322394K(595968K), 0.0023980 secs] [Times: user=0.01 sys=0.00, real=0.00 secs] 
516.574: [GC (Allocation Failure) [PSYoungGen: 76160K->1376K(75776K)] 397146K->322362K(595456K), 0.0029237 secs] [Times: user=0.01 sys=0.00, real=0.01 secs] 
517.183: [GC (Allocation Failure) [PSYoungGen: 75616K->1376K(75264K)] 396602K->322362K(594944K), 0.0028932 secs] [Times: user=0.01 sys=0.00, real=0.00 secs] 
517.481: [GC (Allocation Failure) [PSYoungGen: 75104K->1533K(74752K)] 396090K->322519K(594432K), 0.0017716 secs] [Times: user=0.00 sys=0.00, real=0.00 secs] 
517.629: [GC (Allocation Failure) [PSYoungGen: 74732K->1501K(74240K)] 395719K->322487K(593920K), 0.0019132 secs] [Times: user=0.01 sys=0.00, real=0.00 secs] 
517.798: [GC (Allocation Failure) [PSYoungGen: 74205K->1501K(73728K)] 395191K->322487K(593408K), 0.0021862 secs] [Times: user=0.00 sys=0.00, real=0.00 secs] 
517.961: [GC (Allocation Failure) [PSYoungGen: 73693K->1469K(73216K)] 394679K->322455K(592896K), 0.0017426 secs] [Times: user=0.01 sys=0.00, real=0.00 secs] 
518.622: [GC (Allocation Failure) [PSYoungGen: 73149K->1440K(72704K)] 394135K->322434K(592384K), 0.0026879 secs] [Times: user=0.01 sys=0.00, real=0.00 secs] 
519.240: [GC (Allocation Failure) [PSYoungGen: 72608K->1376K(72192K)] 393602K->322370K(591872K), 0.0026725 secs] [Times: user=0.01 sys=0.00, real=0.00 secs] 
519.661: [GC (Allocation Failure) [PSYoungGen: 72032K->1440K(71680K)] 393026K->322434K(591360K), 0.0024918 secs] [Times: user=0.01 sys=0.00, real=0.00 secs] 
519.980: [GC (Allocation Failure) [PSYoungGen: 71382K->288K(71168K)] 392377K->321282K(590848K), 0.0018918 secs] [Times: user=0.01 sys=0.00, real=0.00 secs] 
520.106: [GC (Allocation Failure) [PSYoungGen: 69920K->1565K(71168K)] 390914K->322559K(590848K), 0.0016249 secs] [Times: user=0.01 sys=0.00, real=0.01 secs] 
520.226: [GC (Allocation Failure) [PSYoungGen: 70685K->1469K(71168K)] 391679K->322463K(590848K), 0.0016346 secs] [Times: user=0.01 sys=0.00, real=0.01 secs] 
520.349: [GC (Allocation Failure) [PSYoungGen: 71101K->1501K(71680K)] 392095K->322495K(591360K), 0.0015619 secs] [Times: user=0.01 sys=0.00, real=0.00 secs] 
520.663: [GC (Allocation Failure) [PSYoungGen: 71133K->1408K(70656K)] 392127K->322434K(590336K), 0.0018644 secs] [Times: user=0.01 sys=0.00, real=0.00 secs] 
521.299: [GC (Allocation Failure) [PSYoungGen: 70528K->1392K(70144K)] 391554K->322418K(589824K), 0.0021311 secs] [Times: user=0.01 sys=0.00, real=0.00 secs] 
521.917: [GC (Allocation Failure) [PSYoungGen: 70000K->1392K(69632K)] 391026K->322418K(589312K), 0.0019250 secs] [Times: user=0.01 sys=0.00, real=0.00 secs] 
522.250: [GC (Allocation Failure) [PSYoungGen: 69488K->1360K(69120K)] 390514K->322386K(588800K), 0.0021281 secs] [Times: user=0.00 sys=0.01, real=0.00 secs] 
522.538: [GC (Allocation Failure) [PSYoungGen: 68944K->1456K(68608K)] 389970K->322482K(588288K), 0.0019387 secs] [Times: user=0.01 sys=0.00, real=0.00 secs] 
522.668: [GC (Allocation Failure) [PSYoungGen: 68528K->1533K(68096K)] 389554K->322559K(587776K), 0.0016223 secs] [Times: user=0.01 sys=0.00, real=0.00 secs] 
522.785: [GC (Allocation Failure) [PSYoungGen: 68093K->1485K(74240K)] 389119K->322511K(593920K), 0.0016045 secs] [Times: user=0.00 sys=0.00, real=0.00 secs] 
522.911: [GC (Allocation Failure) [PSYoungGen: 74189K->1472K(74752K)] 395215K->322498K(594432K), 0.0015680 secs] [Times: user=0.01 sys=0.00, real=0.00 secs] 
523.490: [GC (Allocation Failure) [PSYoungGen: 74176K->1488K(73728K)] 395202K->322514K(593408K), 0.0020901 secs] [Times: user=0.01 sys=0.00, real=0.00 secs] 
524.494: [GC (Allocation Failure) [PSYoungGen: 73680K->1376K(73216K)] 394706K->322402K(592896K), 0.0024970 secs] [Times: user=0.01 sys=0.00, real=0.01 secs] 
525.553: [GC (Allocation Failure) [PSYoungGen: 73056K->1376K(72704K)] 394082K->322402K(592384K), 0.0027359 secs] [Times: user=0.01 sys=0.00, real=0.00 secs] 
526.400: [GC (Allocation Failure) [PSYoungGen: 72544K->1360K(72192K)] 393570K->322386K(591872K), 0.0028902 secs] [Times: user=0.01 sys=0.00, real=0.00 secs] 
526.995: [GC (Allocation Failure) [PSYoungGen: 72016K->1456K(71680K)] 393042K->322482K(591360K), 0.0033936 secs] [Times: user=0.02 sys=0.00, real=0.01 secs] 
527.152: [GC (Allocation Failure) [PSYoungGen: 71600K->1469K(71168K)] 392626K->322495K(590848K), 0.0016489 secs] [Times: user=0.00 sys=0.00, real=0.00 secs] 
527.275: [GC (Allocation Failure) [PSYoungGen: 71101K->1488K(70656K)] 392127K->322514K(590336K), 0.0015756 secs] [Times: user=0.00 sys=0.00, real=0.01 secs] 
527.398: [GC (Allocation Failure) [PSYoungGen: 70608K->1469K(70144K)] 391634K->322511K(589824K), 0.0015897 secs] [Times: user=0.01 sys=0.00, real=0.00 secs] 
528.980: [GC (Allocation Failure) [PSYoungGen: 70077K->1440K(69632K)] 391119K->322506K(589312K), 0.0024061 secs] [Times: user=0.01 sys=0.00, real=0.00 secs] 
529.903: [GC (Allocation Failure) [PSYoungGen: 69536K->1408K(69120K)] 390602K->322474K(588800K), 0.0025020 secs] [Times: user=0.01 sys=0.00, real=0.00 secs] 
531.407: [GC (Allocation Failure) [PSYoungGen: 68992K->1376K(68608K)] 390058K->322442K(588288K), 0.0033494 secs] [Times: user=0.02 sys=0.00, real=0.00 secs] 
532.414: [GC (Allocation Failure) [PSYoungGen: 68448K->1408K(68096K)] 389514K->322474K(587776K), 0.0027489 secs] [Times: user=0.01 sys=0.00, real=0.01 secs] 
532.760: [GC (Allocation Failure) [PSYoungGen: 67968K->1485K(67584K)] 389034K->322551K(587264K), 0.0018248 secs] [Times: user=0.00 sys=0.00, real=0.00 secs] 
532.881: [GC (Allocation Failure) [PSYoungGen: 67533K->1453K(67072K)] 388599K->322519K(586752K), 0.0017115 secs] [Times: user=0.00 sys=0.00, real=0.00 secs] 
532.996: [GC (Allocation Failure) [PSYoungGen: 66989K->1520K(66560K)] 388055K->322586K(586240K), 0.0017374 secs] [Times: user=0.01 sys=0.00, real=0.01 secs] 
533.111: [GC (Allocation Failure) [PSYoungGen: 66544K->1501K(72704K)] 387610K->322575K(592384K), 0.0016342 secs] [Times: user=0.01 sys=0.00, real=0.00 secs] 
533.410: [GC (Allocation Failure) [PSYoungGen: 72669K->1424K(72192K)] 393743K->322498K(591872K), 0.0017006 secs] [Times: user=0.01 sys=0.00, real=0.00 secs] 
533.703: [GC (Allocation Failure) [PSYoungGen: 72080K->1408K(71680K)] 393154K->322482K(591360K), 0.0018560 secs] [Times: user=0.01 sys=0.00, real=0.00 secs] 
534.155: [GC (Allocation Failure) [PSYoungGen: 71552K->1408K(71168K)] 392626K->322490K(590848K), 0.0016906 secs] [Times: user=0.01 sys=0.00, real=0.01 secs] 
534.911: [GC (Allocation Failure) [PSYoungGen: 71040K->1376K(70656K)] 392122K->322458K(590336K), 0.0020038 secs] [Times: user=0.01 sys=0.00, real=0.00 secs] 
535.289: [GC (Allocation Failure) [PSYoungGen: 70496K->1469K(70144K)] 391578K->322551K(589824K), 0.0017360 secs] [Times: user=0.01 sys=0.00, real=0.00 secs] 
535.409: [GC (Allocation Failure) [PSYoungGen: 70077K->1453K(69632K)] 391159K->322535K(589312K), 0.0016322 secs] [Times: user=0.01 sys=0.00, real=0.00 secs] 
535.529: [GC (Allocation Failure) [PSYoungGen: 69549K->1485K(69120K)] 390631K->322567K(588800K), 0.0016768 secs] [Times: user=0.01 sys=0.00, real=0.00 secs] 
535.648: [GC (Allocation Failure) [PSYoungGen: 69069K->1517K(69632K)] 390151K->322615K(589312K), 0.0016652 secs] [Times: user=0.01 sys=0.00, real=0.00 secs] 
536.471: [GC (Allocation Failure) [PSYoungGen: 69101K->1440K(68608K)] 390199K->322538K(588288K), 0.0018922 secs] [Times: user=0.00 sys=0.00, real=0.00 secs] 
537.239: [GC (Allocation Failure) [PSYoungGen: 68512K->1408K(68096K)] 389610K->322538K(587776K), 0.0023421 secs] [Times: user=0.01 sys=0.01, real=0.00 secs] 
537.804: [GC (Allocation Failure) [PSYoungGen: 67968K->1376K(67584K)] 389098K->322506K(587264K), 0.0030797 secs] [Times: user=0.01 sys=0.00, real=0.01 secs] 
538.628: [GC (Allocation Failure) [PSYoungGen: 67424K->1376K(67072K)] 388554K->322506K(586752K), 0.0048162 secs] [Times: user=0.02 sys=0.01, real=0.00 secs] 
539.132: [GC (Allocation Failure) [PSYoungGen: 66912K->1488K(66560K)] 388042K->322618K(586240K), 0.0021624 secs] [Times: user=0.01 sys=0.00, real=0.00 secs] 
539.272: [GC (Allocation Failure) [PSYoungGen: 66512K->1501K(66048K)] 387642K->322631K(585728K), 0.0016065 secs] [Times: user=0.01 sys=0.00, real=0.00 secs] 
539.386: [GC (Allocation Failure) [PSYoungGen: 66013K->1485K(65536K)] 387143K->322615K(585216K), 0.0015629 secs] [Times: user=0.01 sys=0.00, real=0.01 secs] 
539.498: [GC (Allocation Failure) [PSYoungGen: 65485K->1469K(71680K)] 386615K->322607K(591360K), 0.0016695 secs] [Times: user=0.01 sys=0.00, real=0.00 secs] 
539.804: [GC (Allocation Failure) [PSYoungGen: 71613K->1424K(71168K)] 392751K->322562K(590848K), 0.0019771 secs] [Times: user=0.01 sys=0.00, real=0.00 secs] 
540.158: [GC (Allocation Failure) [PSYoungGen: 71056K->1376K(70656K)] 392194K->322514K(590336K), 0.0018861 secs] [Times: user=0.00 sys=0.00, real=0.00 secs] 
540.446: [GC (Allocation Failure) [PSYoungGen: 70496K->1408K(70144K)] 391634K->322546K(589824K), 0.0018772 secs] [Times: user=0.01 sys=0.01, real=0.01 secs] 
540.735: [GC (Allocation Failure) [PSYoungGen: 70016K->1376K(69632K)] 391154K->322514K(589312K), 0.0025179 secs] [Times: user=0.00 sys=0.00, real=0.01 secs] 
540.961: [GC (Allocation Failure) [PSYoungGen: 69472K->1488K(69120K)] 390610K->322626K(588800K), 0.0016313 secs] [Times: user=0.01 sys=0.00, real=0.00 secs] 
541.081: [GC (Allocation Failure) [PSYoungGen: 69072K->1453K(69632K)] 390210K->322591K(589312K), 0.0017398 secs] [Times: user=0.01 sys=0.00, real=0.00 secs] 
541.199: [GC (Allocation Failure) [PSYoungGen: 69037K->1469K(75776K)] 390175K->322607K(595456K), 0.0016241 secs] [Times: user=0.00 sys=0.00, real=0.00 secs] 
541.329: [GC (Allocation Failure) [PSYoungGen: 75197K->1485K(75776K)] 396335K->322639K(595456K), 0.0015265 secs] [Times: user=0.00 sys=0.00, real=0.00 secs] 
541.929: [GC (Allocation Failure) [PSYoungGen: 75213K->1408K(74752K)] 396367K->322562K(594432K), 0.0019989 secs] [Times: user=0.01 sys=0.00, real=0.00 secs] 
542.678: [GC (Allocation Failure) [PSYoungGen: 74624K->1392K(74240K)] 395778K->322546K(593920K), 0.0037756 secs] [Times: user=0.01 sys=0.00, real=0.00 secs] 
543.507: [GC (Allocation Failure) [PSYoungGen: 74096K->1344K(73728K)] 395250K->322498K(593408K), 0.0041425 secs] [Times: user=0.01 sys=0.00, real=0.01 secs] 
544.204: [GC (GCLocker Initiated GC) [PSYoungGen: 73536K->1421K(73216K)] 394690K->322575K(592896K), 0.0027030 secs] [Times: user=0.01 sys=0.00, real=0.00 secs] 
544.375: [GC (Allocation Failure) [PSYoungGen: 73101K->1389K(72704K)] 394322K->322610K(592384K), 0.0016225 secs] [Times: user=0.00 sys=0.00, real=0.01 secs] 
544.500: [GC (Allocation Failure) [PSYoungGen: 72557K->1453K(72192K)] 393778K->322674K(591872K), 0.0017695 secs] [Times: user=0.01 sys=0.00, real=0.00 secs] 
544.624: [GC (Allocation Failure) [PSYoungGen: 72109K->1485K(78848K)] 393330K->322706K(598528K), 0.0016074 secs] [Times: user=0.00 sys=0.00, real=0.00 secs] 
545.132: [GC (Allocation Failure) [PSYoungGen: 78797K->1424K(78336K)] 400018K->322653K(598016K), 0.0017107 secs] [Times: user=0.00 sys=0.01, real=0.00 secs] 
545.828: [GC (Allocation Failure) [PSYoungGen: 78224K->1408K(77824K)] 399453K->322637K(597504K), 0.0021295 secs] [Times: user=0.01 sys=0.00, real=0.00 secs] 
546.641: [GC (Allocation Failure) [PSYoungGen: 77696K->1408K(77312K)] 398925K->322637K(596992K), 0.0023440 secs] [Times: user=0.01 sys=0.00, real=0.00 secs] 
547.386: [GC (Allocation Failure) [PSYoungGen: 77184K->384K(75776K)] 398413K->322637K(595456K), 0.0023736 secs] [Times: user=0.01 sys=0.00, real=0.01 secs] 
547.668: [GC (Allocation Failure) [PSYoungGen: 75648K->1501K(76800K)] 397901K->323754K(596480K), 0.0015457 secs] [Times: user=0.00 sys=0.00, real=0.00 secs] 
547.800: [GC (Allocation Failure) [PSYoungGen: 76253K->1549K(76288K)] 398506K->323802K(595968K), 0.0015901 secs] [Times: user=0.00 sys=0.00, real=0.00 secs] 
547.931: [GC (Allocation Failure) [PSYoungGen: 75789K->1517K(75264K)] 398042K->323770K(594944K), 0.0017202 secs] [Times: user=0.01 sys=0.00, real=0.00 secs] 
548.948: [GC (Allocation Failure) [PSYoungGen: 75245K->384K(73728K)] 397498K->323677K(593408K), 0.0043685 secs] [Times: user=0.02 sys=0.00, real=0.00 secs] 
549.552: [GC (Allocation Failure) [PSYoungGen: 73600K->416K(74752K)] 396893K->323709K(594432K), 0.0029245 secs] [Times: user=0.01 sys=0.00, real=0.00 secs] 
550.204: [GC (Allocation Failure) [PSYoungGen: 73120K->416K(73216K)] 396413K->323709K(592896K), 0.0024352 secs] [Times: user=0.01 sys=0.00, real=0.00 secs] 
550.704: [GC (Allocation Failure) [PSYoungGen: 72608K->384K(73728K)] 395901K->323677K(593408K), 0.0022664 secs] [Times: user=0.01 sys=0.00, real=0.00 secs] 
551.070: [GC (Allocation Failure) [PSYoungGen: 72064K->1485K(73216K)] 395357K->324786K(592896K), 0.0017292 secs] [Times: user=0.00 sys=0.00, real=0.00 secs] 
551.194: [GC (Allocation Failure) [PSYoungGen: 72653K->1517K(72192K)] 395954K->324834K(591872K), 0.0017108 secs] [Times: user=0.00 sys=0.00, real=0.00 secs] 
551.319: [GC (Allocation Failure) [PSYoungGen: 72173K->1488K(72192K)] 395490K->324813K(591872K), 0.0017354 secs] [Times: user=0.00 sys=0.00, real=0.00 secs] 
551.441: [GC (Allocation Failure) [PSYoungGen: 71632K->1472K(72704K)] 394957K->324797K(592384K), 0.0015966 secs] [Times: user=0.00 sys=0.00, real=0.00 secs] 
552.079: [GC (Allocation Failure) [PSYoungGen: 71616K->1408K(71168K)] 394941K->324741K(590848K), 0.0018066 secs] [Times: user=0.00 sys=0.00, real=0.00 secs] 
552.698: [GC (Allocation Failure) [PSYoungGen: 71040K->1376K(70656K)] 394373K->324709K(590336K), 0.0021146 secs] [Times: user=0.00 sys=0.00, real=0.00 secs] 
553.324: [GC (Allocation Failure) [PSYoungGen: 70496K->1440K(70144K)] 393829K->324773K(589824K), 0.0020752 secs] [Times: user=0.01 sys=0.00, real=0.00 secs] 
553.872: [GC (Allocation Failure) [PSYoungGen: 70048K->1408K(69632K)] 393381K->324741K(589312K), 0.0021407 secs] [Times: user=0.01 sys=0.00, real=0.00 secs] 
554.150: [GC (Allocation Failure) [PSYoungGen: 69504K->1488K(69120K)] 392837K->324821K(588800K), 0.0017259 secs] [Times: user=0.01 sys=0.00, real=0.00 secs] 
554.270: [GC (Allocation Failure) [PSYoungGen: 69072K->1456K(68608K)] 392405K->324789K(588288K), 0.0015317 secs] [Times: user=0.01 sys=0.00, real=0.00 secs] 
554.389: [GC (Allocation Failure) [PSYoungGen: 68528K->1488K(68096K)] 391861K->324821K(587776K), 0.0016128 secs] [Times: user=0.01 sys=0.00, real=0.00 secs] 
554.524: [GC (Allocation Failure) [PSYoungGen: 68025K->1488K(72192K)] 391359K->324837K(591872K), 0.0017343 secs] [Times: user=0.00 sys=0.00, real=0.00 secs] 
554.839: [GC (Allocation Failure) [PSYoungGen: 71120K->1376K(70656K)] 394469K->324725K(590336K), 0.0018665 secs] [Times: user=0.01 sys=0.00, real=0.00 secs] 
555.394: [GC (Allocation Failure) [PSYoungGen: 70496K->1408K(70144K)] 393845K->324757K(589824K), 0.0020485 secs] [Times: user=0.01 sys=0.00, real=0.00 secs] 
555.952: [GC (Allocation Failure) [PSYoungGen: 70016K->1344K(69632K)] 393365K->324693K(589312K), 0.0019251 secs] [Times: user=0.01 sys=0.00, real=0.00 secs] 
556.514: [GC (Allocation Failure) [PSYoungGen: 69440K->1376K(69120K)] 392789K->324725K(588800K), 0.0073776 secs] [Times: user=0.04 sys=0.00, real=0.01 secs] 
556.783: [GC (Allocation Failure) [PSYoungGen: 68960K->1456K(68608K)] 392309K->324805K(588288K), 0.0016143 secs] [Times: user=0.01 sys=0.00, real=0.00 secs] 
556.900: [GC (Allocation Failure) [PSYoungGen: 68527K->1501K(68096K)] 391876K->324874K(587776K), 0.0016265 secs] [Times: user=0.01 sys=0.00, real=0.00 secs] 
557.017: [GC (Allocation Failure) [PSYoungGen: 68061K->1517K(71680K)] 391434K->324890K(591360K), 0.0016309 secs] [Times: user=0.01 sys=0.01, real=0.00 secs] 
557.208: [GC (Allocation Failure) [PSYoungGen: 71661K->1504K(72192K)] 395034K->324877K(591872K), 0.0019974 secs] [Times: user=0.00 sys=0.00, real=0.00 secs] 
558.511: [GC (Allocation Failure) [PSYoungGen: 71648K->1376K(71168K)] 395021K->324749K(590848K), 0.0029695 secs] [Times: user=0.01 sys=0.00, real=0.00 secs] 
559.645: [GC (Allocation Failure) [PSYoungGen: 71008K->1408K(70656K)] 394381K->324781K(590336K), 0.0025048 secs] [Times: user=0.01 sys=0.00, real=0.01 secs] 
560.501: [GC (Allocation Failure) [PSYoungGen: 70528K->1376K(70144K)] 393901K->324749K(589824K), 0.0025398 secs] [Times: user=0.01 sys=0.00, real=0.00 secs] 
561.264: [GC (Allocation Failure) [PSYoungGen: 69984K->1424K(69632K)] 393357K->324797K(589312K), 0.0028113 secs] [Times: user=0.01 sys=0.00, real=0.01 secs] 
561.491: [GC (Allocation Failure) [PSYoungGen: 69520K->1469K(69120K)] 392893K->324842K(588800K), 0.0015844 secs] [Times: user=0.01 sys=0.00, real=0.00 secs] 
561.611: [GC (Allocation Failure) [PSYoungGen: 69053K->1453K(68608K)] 392426K->324826K(588288K), 0.0016164 secs] [Times: user=0.01 sys=0.00, real=0.00 secs] 
561.728: [GC (Allocation Failure) [PSYoungGen: 68514K->1488K(68096K)] 391888K->324861K(587776K), 0.0015481 secs] [Times: user=0.01 sys=0.00, real=0.00 secs] 
561.967: [GC (Allocation Failure) [PSYoungGen: 68048K->1936K(68096K)] 391421K->325309K(587776K), 0.0021766 secs] [Times: user=0.01 sys=0.00, real=0.01 secs] 
562.596: [GC (Allocation Failure) [PSYoungGen: 67984K->320K(66048K)] 391357K->324717K(585728K), 0.0023547 secs] [Times: user=0.01 sys=0.00, real=0.01 secs] 
563.194: [GC (Allocation Failure) [PSYoungGen: 65856K->320K(65536K)] 390253K->324717K(585216K), 0.0032330 secs] [Times: user=0.01 sys=0.00, real=0.01 secs] 
563.484: [GC (Allocation Failure) [PSYoungGen: 65344K->384K(65024K)] 389741K->324781K(584704K), 0.0021869 secs] [Times: user=0.01 sys=0.00, real=0.00 secs] 
563.957: [GC (Allocation Failure) [PSYoungGen: 64896K->384K(66560K)] 389293K->324781K(586240K), 0.0020558 secs] [Times: user=0.01 sys=0.00, real=0.01 secs] 
564.194: [GC (Allocation Failure) [PSYoungGen: 64384K->1488K(65024K)] 388781K->325885K(584704K), 0.0015345 secs] [Times: user=0.01 sys=0.00, real=0.00 secs] 
564.307: [GC (Allocation Failure) [PSYoungGen: 64976K->1485K(64512K)] 389373K->325882K(584192K), 0.0015977 secs] [Times: user=0.01 sys=0.00, real=0.01 secs] 
564.418: [GC (Allocation Failure) [PSYoungGen: 64461K->1456K(69120K)] 388858K->325861K(588800K), 0.0015351 secs] [Times: user=0.01 sys=0.00, real=0.00 secs] 
564.536: [GC (Allocation Failure) [PSYoungGen: 68016K->1472K(69120K)] 392421K->325877K(588800K), 0.0017343 secs] [Times: user=0.01 sys=0.00, real=0.01 secs] 
565.125: [GC (Allocation Failure) [PSYoungGen: 68032K->1408K(67584K)] 392437K->325813K(587264K), 0.0022441 secs] [Times: user=0.01 sys=0.00, real=0.01 secs] 
565.684: [GC (Allocation Failure) [PSYoungGen: 67456K->1408K(67072K)] 391861K->325813K(586752K), 0.0020662 secs] [Times: user=0.01 sys=0.00, real=0.00 secs] 
566.283: [GC (Allocation Failure) [PSYoungGen: 66944K->1392K(66560K)] 391349K->325813K(586240K), 0.0034352 secs] [Times: user=0.02 sys=0.00, real=0.01 secs] 
566.978: [GC (Allocation Failure) [PSYoungGen: 66416K->1440K(66048K)] 390837K->325861K(585728K), 0.0027341 secs] [Times: user=0.01 sys=0.00, real=0.00 secs] 
567.380: [GC (Allocation Failure) [PSYoungGen: 65952K->1472K(65536K)] 390373K->325893K(585216K), 0.0020967 secs] [Times: user=0.01 sys=0.00, real=0.00 secs] 
567.541: [GC (Allocation Failure) [PSYoungGen: 65472K->1488K(65024K)] 389893K->325909K(584704K), 0.0020772 secs] [Times: user=0.01 sys=0.00, real=0.00 secs] 
567.686: [GC (Allocation Failure) [PSYoungGen: 64976K->1485K(64512K)] 389397K->325914K(584192K), 0.0016757 secs] [Times: user=0.00 sys=0.00, real=0.01 secs] 
567.797: [GC (Allocation Failure) [PSYoungGen: 64461K->1485K(68608K)] 388890K->325914K(588288K), 0.0016883 secs] [Times: user=0.00 sys=0.00, real=0.01 secs] 
568.340: [GC (Allocation Failure) [PSYoungGen: 67533K->1424K(67072K)] 391962K->325861K(586752K), 0.0043012 secs] [Times: user=0.01 sys=0.00, real=0.00 secs] 
569.242: [GC (Allocation Failure) [PSYoungGen: 66960K->1312K(66560K)] 391397K->325749K(586240K), 0.0035754 secs] [Times: user=0.01 sys=0.00, real=0.00 secs] 
569.983: [GC (Allocation Failure) [PSYoungGen: 66336K->1360K(66048K)] 390773K->325797K(585728K), 0.0028467 secs] [Times: user=0.01 sys=0.00, real=0.00 secs] 
570.820: [GC (Allocation Failure) [PSYoungGen: 65872K->1408K(65536K)] 390309K->325845K(585216K), 0.0036653 secs] [Times: user=0.01 sys=0.00, real=0.00 secs] 
571.461: [GC (Allocation Failure) [PSYoungGen: 65408K->1360K(65024K)] 389845K->325797K(584704K), 0.0026958 secs] [Times: user=0.01 sys=0.00, real=0.00 secs] 
571.632: [GC (Allocation Failure) [PSYoungGen: 64848K->1485K(64512K)] 389285K->325922K(584192K), 0.0015876 secs] [Times: user=0.01 sys=0.01, real=0.00 secs] 
571.743: [GC (Allocation Failure) [PSYoungGen: 64461K->1469K(64000K)] 388898K->325906K(583680K), 0.0017221 secs] [Times: user=0.01 sys=0.00, real=0.00 secs] 
571.854: [GC (Allocation Failure) [PSYoungGen: 63933K->1485K(68096K)] 388370K->325930K(587776K), 0.0016518 secs] [Times: user=0.01 sys=0.00, real=0.00 secs] 
572.021: [GC (Allocation Failure) [PSYoungGen: 67533K->1440K(70656K)] 391978K->326909K(590336K), 0.0017482 secs] [Times: user=0.01 sys=0.00, real=0.00 secs] 
572.622: [GC (Allocation Failure) [PSYoungGen: 70048K->416K(68608K)] 395517K->325885K(588288K), 0.0021125 secs] [Times: user=0.01 sys=0.00, real=0.00 secs] 
573.201: [GC (Allocation Failure) [PSYoungGen: 68512K->368K(69120K)] 393981K->325837K(588800K), 0.0030481 secs] [Times: user=0.01 sys=0.00, real=0.00 secs] 
573.819: [GC (Allocation Failure) [PSYoungGen: 67952K->320K(69120K)] 393421K->325789K(588800K), 0.0020686 secs] [Times: user=0.01 sys=0.00, real=0.00 secs] 
574.243: [GC (Allocation Failure) [PSYoungGen: 67392K->384K(68608K)] 392861K->325853K(588288K), 0.0019593 secs] [Times: user=0.01 sys=0.00, real=0.00 secs] 
574.428: [GC (Allocation Failure) [PSYoungGen: 66944K->1488K(67584K)] 392413K->326957K(587264K), 0.0016286 secs] [Times: user=0.01 sys=0.00, real=0.00 secs] 
574.562: [GC (Allocation Failure) [PSYoungGen: 67536K->1421K(67584K)] 393005K->326890K(587264K), 0.0018664 secs] [Times: user=0.01 sys=0.00, real=0.00 secs] 
574.709: [GC (Allocation Failure) [PSYoungGen: 66957K->1485K(68096K)] 392426K->326970K(587776K), 0.0019567 secs] [Times: user=0.00 sys=0.00, real=0.00 secs] 
574.871: [GC (Allocation Failure) [PSYoungGen: 67021K->1520K(74240K)] 392506K->327005K(593920K), 0.0017757 secs] [Times: user=0.01 sys=0.00, real=0.00 secs] 
576.989: [GC (Allocation Failure) [PSYoungGen: 73200K->1344K(72704K)] 398685K->326829K(592384K), 0.0036846 secs] [Times: user=0.02 sys=0.00, real=0.00 secs] 
578.567: [GC (Allocation Failure) [PSYoungGen: 72512K->1392K(72704K)] 397997K->326877K(592384K), 0.0041639 secs] [Times: user=0.02 sys=0.00, real=0.00 secs] 
579.596: [GC (Allocation Failure) [PSYoungGen: 72048K->1424K(71680K)] 397533K->326925K(591360K), 0.0036532 secs] [Times: user=0.01 sys=0.00, real=0.01 secs] 
580.512: [GC (Allocation Failure) [PSYoungGen: 71568K->1501K(71680K)] 397069K->327002K(591360K), 0.0029199 secs] [Times: user=0.01 sys=0.00, real=0.00 secs] 
580.718: [GC (Allocation Failure) [PSYoungGen: 71133K->1485K(70656K)] 396634K->326986K(590336K), 0.0017413 secs] [Times: user=0.01 sys=0.00, real=0.00 secs] 
580.842: [GC (Allocation Failure) [PSYoungGen: 70605K->1520K(70656K)] 396106K->327021K(590336K), 0.0016030 secs] [Times: user=0.00 sys=0.00, real=0.00 secs] 
580.962: [GC (Allocation Failure) [PSYoungGen: 70112K->1517K(69632K)] 395614K->327034K(589312K), 0.0015950 secs] [Times: user=0.01 sys=0.00, real=0.00 secs] 
581.420: [GC (Allocation Failure) [PSYoungGen: 69613K->1440K(69632K)] 395130K->326957K(589312K), 0.0027407 secs] [Times: user=0.01 sys=0.00, real=0.00 secs] 
582.178: [GC (Allocation Failure) [PSYoungGen: 69024K->1344K(68608K)] 394541K->326861K(588288K), 0.0041839 secs] [Times: user=0.01 sys=0.00, real=0.00 secs] 
583.038: [GC (Allocation Failure) [PSYoungGen: 68416K->1408K(68096K)] 393933K->326925K(587776K), 0.0028497 secs] [Times: user=0.01 sys=0.00, real=0.00 secs] 
583.875: [GC (Allocation Failure) [PSYoungGen: 67968K->1408K(67584K)] 393485K->326925K(587264K), 0.0031154 secs] [Times: user=0.01 sys=0.00, real=0.01 secs] 
584.683: [GC (Allocation Failure) [PSYoungGen: 67456K->1501K(67072K)] 392973K->327018K(586752K), 0.0025858 secs] [Times: user=0.01 sys=0.00, real=0.00 secs] 
584.866: [GC (Allocation Failure) [PSYoungGen: 67037K->1453K(66560K)] 392554K->326970K(586240K), 0.0015884 secs] [Times: user=0.01 sys=0.00, real=0.01 secs] 
584.980: [GC (Allocation Failure) [PSYoungGen: 66477K->1485K(66048K)] 391994K->327002K(585728K), 0.0016331 secs] [Times: user=0.01 sys=0.00, real=0.00 secs] 
585.094: [GC (Allocation Failure) [PSYoungGen: 65997K->1504K(66560K)] 391514K->327037K(586240K), 0.0016897 secs] [Times: user=0.01 sys=0.00, real=0.00 secs] 
585.408: [GC (Allocation Failure) [PSYoungGen: 66016K->1952K(66048K)] 391549K->327485K(585728K), 0.0019769 secs] [Times: user=0.01 sys=0.00, real=0.00 secs] 
586.208: [GC (Allocation Failure) [PSYoungGen: 65952K->1424K(65024K)] 391485K->326957K(584704K), 0.0047957 secs] [Times: user=0.01 sys=0.00, real=0.00 secs] 
586.765: [GC (Allocation Failure) [PSYoungGen: 64912K->320K(63488K)] 390445K->326877K(583168K), 0.0024877 secs] [Times: user=0.01 sys=0.00, real=0.01 secs] 
587.380: [GC (Allocation Failure) [PSYoungGen: 63296K->352K(65024K)] 389853K->326909K(584704K), 0.0022427 secs] [Times: user=0.01 sys=0.00, real=0.00 secs] 
588.080: [GC (Allocation Failure) [PSYoungGen: 62816K->352K(62464K)] 389373K->326909K(582144K), 0.0044795 secs] [Times: user=0.01 sys=0.00, real=0.00 secs] 
588.758: [GC (Allocation Failure) [PSYoungGen: 62304K->1517K(64000K)] 388861K->328074K(583680K), 0.0022957 secs] [Times: user=0.01 sys=0.00, real=0.00 secs] 
588.898: [GC (Allocation Failure) [PSYoungGen: 62957K->1472K(62464K)] 389514K->328029K(582144K), 0.0016718 secs] [Times: user=0.01 sys=0.00, real=0.00 secs] 
589.005: [GC (Allocation Failure) [PSYoungGen: 62400K->1453K(61952K)] 388957K->328042K(581632K), 0.0016875 secs] [Times: user=0.00 sys=0.00, real=0.01 secs] 
589.112: [GC (Allocation Failure) [PSYoungGen: 61869K->1485K(66048K)] 388458K->328074K(585728K), 0.0015610 secs] [Times: user=0.01 sys=0.00, real=0.00 secs] 
589.330: [GC (Allocation Failure) [PSYoungGen: 64973K->1456K(66048K)] 391562K->328045K(585728K), 0.0019858 secs] [Times: user=0.01 sys=0.00, real=0.00 secs] 
589.594: [GC (Allocation Failure) [PSYoungGen: 64944K->1376K(64512K)] 391533K->327965K(584192K), 0.0020235 secs] [Times: user=0.00 sys=0.00, real=0.00 secs] 
589.856: [GC (Allocation Failure) [PSYoungGen: 64352K->1344K(64000K)] 390941K->327933K(583680K), 0.0020019 secs] [Times: user=0.00 sys=0.00, real=0.01 secs] 
590.115: [GC (Allocation Failure) [PSYoungGen: 63808K->1408K(63488K)] 390397K->327997K(583168K), 0.0023398 secs] [Times: user=0.01 sys=0.01, real=0.01 secs] 
590.413: [GC (Allocation Failure) [PSYoungGen: 63252K->256K(69120K)] 389842K->326845K(588800K), 0.0070062 secs] [Times: user=0.03 sys=0.00, real=0.01 secs] 
590.611: [GC (Allocation Failure) [PSYoungGen: 66816K->1472K(71168K)] 393405K->328061K(590848K), 0.0018409 secs] [Times: user=0.01 sys=0.00, real=0.00 secs] 
590.734: [GC (Allocation Failure) [PSYoungGen: 70076K->1517K(71168K)] 396665K->328122K(590848K), 0.0015545 secs] [Times: user=0.00 sys=0.00, real=0.00 secs] 
590.855: [GC (Allocation Failure) [PSYoungGen: 70125K->1533K(78336K)] 396730K->328138K(598016K), 0.0016973 secs] [Times: user=0.01 sys=0.00, real=0.00 secs] 
591.180: [GC (Allocation Failure) [PSYoungGen: 77309K->1472K(78336K)] 403914K->328077K(598016K), 0.0019300 secs] [Times: user=0.00 sys=0.00, real=0.00 secs] 
591.848: [GC (Allocation Failure) [PSYoungGen: 77248K->1376K(76800K)] 403853K->327981K(596480K), 0.0018117 secs] [Times: user=0.01 sys=0.00, real=0.00 secs] 
592.496: [GC (Allocation Failure) [PSYoungGen: 76640K->1376K(76288K)] 403245K->327981K(595968K), 0.0030393 secs] [Times: user=0.01 sys=0.00, real=0.01 secs] 
593.110: [GC (Allocation Failure) [PSYoungGen: 76128K->1408K(75776K)] 402733K->328013K(595456K), 0.0025584 secs] [Times: user=0.01 sys=0.00, real=0.00 secs] 
593.546: [GC (Allocation Failure) [PSYoungGen: 75648K->1485K(75264K)] 402253K->328090K(594944K), 0.0016425 secs] [Times: user=0.00 sys=0.00, real=0.01 secs] 
593.676: [GC (Allocation Failure) [PSYoungGen: 75213K->1501K(74752K)] 401818K->328106K(594432K), 0.0015764 secs] [Times: user=0.01 sys=0.00, real=0.01 secs] 
593.826: [GC (Allocation Failure) [PSYoungGen: 74717K->1472K(74240K)] 401322K->328077K(593920K), 0.0017826 secs] [Times: user=0.01 sys=0.00, real=0.01 secs] 
593.987: [GC (Allocation Failure) [PSYoungGen: 74176K->160K(72704K)] 400781K->326781K(592384K), 0.0017226 secs] [Times: user=0.01 sys=0.00, real=0.00 secs] 
594.702: [GC (Allocation Failure) [PSYoungGen: 72352K->1376K(74240K)] 398973K->327997K(593920K), 0.0021349 secs] [Times: user=0.01 sys=0.00, real=0.00 secs] 
595.469: [GC (Allocation Failure) [PSYoungGen: 73056K->1376K(72704K)] 399677K->327997K(592384K), 0.0040620 secs] [Times: user=0.01 sys=0.00, real=0.00 secs] 
596.290: [GC (Allocation Failure) [PSYoungGen: 72544K->1376K(72192K)] 399165K->327997K(591872K), 0.0042881 secs] [Times: user=0.01 sys=0.00, real=0.00 secs] 
597.176: [GC (Allocation Failure) [PSYoungGen: 72032K->1437K(71680K)] 398653K->328058K(591360K), 0.0036914 secs] [Times: user=0.01 sys=0.00, real=0.01 secs] 
597.437: [GC (Allocation Failure) [PSYoungGen: 71581K->1517K(71168K)] 398202K->328138K(590848K), 0.0026946 secs] [Times: user=0.01 sys=0.00, real=0.00 secs] 
597.614: [GC (Allocation Failure) [PSYoungGen: 71149K->1485K(70656K)] 397770K->328106K(590336K), 0.0020286 secs] [Times: user=0.01 sys=0.00, real=0.00 secs] 
597.777: [GC (Allocation Failure) [PSYoungGen: 70605K->1504K(70144K)] 397226K->328125K(589824K), 0.0018272 secs] [Times: user=0.01 sys=0.00, real=0.00 secs] 
597.996: [GC (Allocation Failure) [PSYoungGen: 70112K->1440K(69632K)] 396733K->328077K(589312K), 0.0022081 secs] [Times: user=0.01 sys=0.00, real=0.01 secs] 
598.285: [GC (Allocation Failure) [PSYoungGen: 69536K->1376K(69120K)] 396173K->328029K(588800K), 0.0021916 secs] [Times: user=0.00 sys=0.00, real=0.01 secs] 
598.630: [GC (Allocation Failure) [PSYoungGen: 68960K->1376K(68608K)] 395613K->328029K(588288K), 0.0019210 secs] [Times: user=0.00 sys=0.00, real=0.00 secs] 
598.923: [GC (Allocation Failure) [PSYoungGen: 68448K->1408K(68096K)] 395101K->328061K(587776K), 0.0021066 secs] [Times: user=0.01 sys=0.00, real=0.00 secs] 
599.264: [GC (Allocation Failure) [PSYoungGen: 67968K->1501K(67584K)] 394621K->328154K(587264K), 0.0021398 secs] [Times: user=0.01 sys=0.00, real=0.00 secs] 
599.402: [GC (Allocation Failure) [PSYoungGen: 67549K->1440K(67072K)] 394202K->328093K(586752K), 0.0016395 secs] [Times: user=0.01 sys=0.00, real=0.00 secs] 
599.518: [GC (Allocation Failure) [PSYoungGen: 66976K->1485K(72704K)] 393629K->328138K(592384K), 0.0015786 secs] [Times: user=0.01 sys=0.00, real=0.00 secs] 
599.643: [GC (Allocation Failure) [PSYoungGen: 72653K->1485K(73216K)] 399306K->328138K(592896K), 0.0015310 secs] [Times: user=0.00 sys=0.00, real=0.00 secs] 
600.058: [GC (Allocation Failure) [PSYoungGen: 72653K->1424K(72192K)] 399306K->328077K(591872K), 0.0018480 secs] [Times: user=0.01 sys=0.00, real=0.00 secs] 
600.809: [GC (Allocation Failure) [PSYoungGen: 72080K->1376K(71680K)] 398733K->328029K(591360K), 0.0036928 secs] [Times: user=0.02 sys=0.00, real=0.00 secs] 
601.348: [GC (Allocation Failure) [PSYoungGen: 71520K->1440K(71168K)] 398173K->328093K(590848K), 0.0021601 secs] [Times: user=0.01 sys=0.00, real=0.00 secs] 
601.913: [GC (Allocation Failure) [PSYoungGen: 71072K->1344K(70656K)] 397725K->327997K(590336K), 0.0023199 secs] [Times: user=0.01 sys=0.00, real=0.00 secs] 
602.338: [GC (Allocation Failure) [PSYoungGen: 70464K->1453K(70144K)] 397117K->328106K(589824K), 0.0018027 secs] [Times: user=0.00 sys=0.00, real=0.00 secs] 
602.469: [GC (Allocation Failure) [PSYoungGen: 70061K->1533K(69632K)] 396714K->328186K(589312K), 0.0016920 secs] [Times: user=0.00 sys=0.00, real=0.00 secs] 
602.589: [GC (Allocation Failure) [PSYoungGen: 69629K->1453K(69120K)] 396282K->328106K(588800K), 0.0016034 secs] [Times: user=0.00 sys=0.00, real=0.00 secs] 
602.709: [GC (Allocation Failure) [PSYoungGen: 69037K->1517K(76288K)] 395690K->328186K(595968K), 0.0016594 secs] [Times: user=0.01 sys=0.00, real=0.00 secs] 
603.119: [GC (Allocation Failure) [PSYoungGen: 75757K->1424K(75264K)] 402426K->328093K(594944K), 0.0020190 secs] [Times: user=0.00 sys=0.00, real=0.00 secs] 
603.745: [GC (Allocation Failure) [PSYoungGen: 75152K->1408K(74752K)] 401821K->328077K(594432K), 0.0029349 secs] [Times: user=0.01 sys=0.01, real=0.01 secs] 
604.337: [GC (Allocation Failure) [PSYoungGen: 74624K->1392K(74240K)] 401293K->328061K(593920K), 0.0026031 secs] [Times: user=0.01 sys=0.01, real=0.00 secs] 
604.822: [GC (Allocation Failure) [PSYoungGen: 74096K->1376K(73728K)] 400765K->328045K(593408K), 0.0022651 secs] [Times: user=0.01 sys=0.01, real=0.00 secs] 
605.090: [GC (Allocation Failure) [PSYoungGen: 73568K->1453K(73216K)] 400237K->328122K(592896K), 0.0016815 secs] [Times: user=0.01 sys=0.00, real=0.00 secs] 
605.215: [GC (Allocation Failure) [PSYoungGen: 73133K->1501K(72704K)] 399802K->328170K(592384K), 0.0017152 secs] [Times: user=0.00 sys=0.00, real=0.00 secs] 
605.360: [GC (Allocation Failure) [PSYoungGen: 72669K->1456K(72192K)] 399338K->328125K(591872K), 0.0018092 secs] [Times: user=0.01 sys=0.00, real=0.00 secs] 
605.634: [GC (Allocation Failure) [PSYoungGen: 72112K->1456K(71680K)] 398781K->328125K(591360K), 0.0021452 secs] [Times: user=0.01 sys=0.00, real=0.00 secs] 
606.274: [GC (Allocation Failure) [PSYoungGen: 71600K->1440K(71168K)] 398269K->328109K(590848K), 0.0020946 secs] [Times: user=0.00 sys=0.00, real=0.00 secs] 
606.913: [GC (Allocation Failure) [PSYoungGen: 71072K->1376K(70656K)] 397741K->328069K(590336K), 0.0021518 secs] [Times: user=0.01 sys=0.00, real=0.00 secs] 
607.500: [GC (Allocation Failure) [PSYoungGen: 70496K->1344K(70144K)] 397189K->328037K(589824K), 0.0030959 secs] [Times: user=0.01 sys=0.00, real=0.00 secs] 
607.999: [GC (Allocation Failure) [PSYoungGen: 69952K->1488K(69632K)] 396645K->328181K(589312K), 0.0026885 secs] [Times: user=0.01 sys=0.00, real=0.00 secs] 
608.188: [GC (Allocation Failure) [PSYoungGen: 69584K->1488K(69120K)] 396277K->328181K(588800K), 0.0017049 secs] [Times: user=0.01 sys=0.00, real=0.00 secs] 
608.307: [GC (Allocation Failure) [PSYoungGen: 69072K->1485K(68608K)] 395765K->328178K(588288K), 0.0016609 secs] [Times: user=0.01 sys=0.00, real=0.00 secs] 
608.424: [GC (Allocation Failure) [PSYoungGen: 68552K->1517K(69120K)] 395246K->328210K(588800K), 0.0015694 secs] [Times: user=0.01 sys=0.00, real=0.00 secs] 
609.043: [GC (Allocation Failure) [PSYoungGen: 68589K->1424K(68096K)] 395282K->328125K(587776K), 0.0022318 secs] [Times: user=0.01 sys=0.00, real=0.00 secs] 
609.934: [GC (Allocation Failure) [PSYoungGen: 67984K->1376K(67584K)] 394685K->328077K(587264K), 0.0046397 secs] [Times: user=0.01 sys=0.00, real=0.01 secs] 
610.602: [GC (Allocation Failure) [PSYoungGen: 67424K->1376K(67072K)] 394125K->328077K(586752K), 0.0027502 secs] [Times: user=0.01 sys=0.00, real=0.00 secs] 
611.203: [GC (Allocation Failure) [PSYoungGen: 66912K->1360K(66560K)] 393613K->328061K(586240K), 0.0021916 secs] [Times: user=0.00 sys=0.00, real=0.00 secs] 
611.980: [GC (Allocation Failure) [PSYoungGen: 66384K->1469K(66048K)] 393085K->328170K(585728K), 0.0023839 secs] [Times: user=0.01 sys=0.01, real=0.00 secs] 
612.133: [GC (Allocation Failure) [PSYoungGen: 65981K->1485K(65536K)] 392682K->328186K(585216K), 0.0016339 secs] [Times: user=0.01 sys=0.00, real=0.00 secs] 
612.245: [GC (Allocation Failure) [PSYoungGen: 65469K->1504K(65024K)] 392170K->328205K(584704K), 0.0015890 secs] [Times: user=0.01 sys=0.00, real=0.00 secs] 
612.356: [GC (Allocation Failure) [PSYoungGen: 64992K->1424K(65536K)] 391693K->328133K(585216K), 0.0015898 secs] [Times: user=0.00 sys=0.00, real=0.01 secs] 
612.467: [GC (Allocation Failure) [PSYoungGen: 64912K->1517K(65536K)] 391621K->328226K(585216K), 0.0015576 secs] [Times: user=0.01 sys=0.00, real=0.00 secs] 
612.927: [GC (Allocation Failure) [PSYoungGen: 65005K->1440K(64512K)] 391714K->328149K(584192K), 0.0021188 secs] [Times: user=0.01 sys=0.00, real=0.00 secs] 
613.427: [GC (Allocation Failure) [PSYoungGen: 64416K->1408K(64000K)] 391125K->328125K(583680K), 0.0022898 secs] [Times: user=0.01 sys=0.00, real=0.01 secs] 
614.125: [GC (Allocation Failure) [PSYoungGen: 63872K->1376K(63488K)] 390589K->328093K(583168K), 0.0021039 secs] [Times: user=0.01 sys=0.00, real=0.01 secs] 
614.879: [GC (Allocation Failure) [PSYoungGen: 63328K->1392K(62976K)] 390045K->328109K(582656K), 0.0026055 secs] [Times: user=0.01 sys=0.01, real=0.00 secs] 
615.510: [GC (Allocation Failure) [PSYoungGen: 62832K->1501K(62464K)] 389549K->328218K(582144K), 0.0025386 secs] [Times: user=0.01 sys=0.00, real=0.00 secs] 
615.671: [GC (Allocation Failure) [PSYoungGen: 62429K->1440K(61952K)] 389146K->328157K(581632K), 0.0018022 secs] [Times: user=0.00 sys=0.00, real=0.00 secs] 
615.777: [GC (Allocation Failure) [PSYoungGen: 61856K->1453K(61440K)] 388573K->328186K(581120K), 0.0015779 secs] [Times: user=0.01 sys=0.00, real=0.00 secs] 
615.899: [GC (Allocation Failure) [PSYoungGen: 61357K->1485K(67072K)] 388090K->328226K(586752K), 0.0019238 secs] [Times: user=0.01 sys=0.00, real=0.00 secs] 
616.129: [GC (Allocation Failure) [PSYoungGen: 67021K->1424K(67584K)] 393762K->328165K(587264K), 0.0023307 secs] [Times: user=0.00 sys=0.00, real=0.00 secs] 
616.403: [GC (Allocation Failure) [PSYoungGen: 66960K->1408K(67584K)] 393701K->328149K(587264K), 0.0020818 secs] [Times: user=0.01 sys=0.00, real=0.00 secs] 
616.710: [GC (Allocation Failure) [PSYoungGen: 66944K->1376K(66560K)] 393685K->328125K(586240K), 0.0019424 secs] [Times: user=0.01 sys=0.00, real=0.00 secs] 
616.980: [GC (Allocation Failure) [PSYoungGen: 66400K->1392K(66048K)] 393149K->328141K(585728K), 0.0020017 secs] [Times: user=0.00 sys=0.00, real=0.00 secs] 
617.248: [GC (Allocation Failure) [PSYoungGen: 65904K->1408K(65536K)] 392653K->328157K(585216K), 0.0017438 secs] [Times: user=0.01 sys=0.00, real=0.00 secs] 
617.400: [GC (Allocation Failure) [PSYoungGen: 65408K->1424K(65024K)] 392157K->328173K(584704K), 0.0017889 secs] [Times: user=0.01 sys=0.00, real=0.00 secs] 
617.512: [GC (Allocation Failure) [PSYoungGen: 64912K->1437K(71168K)] 391661K->328186K(590848K), 0.0017491 secs] [Times: user=0.01 sys=0.00, real=0.00 secs] 
617.633: [GC (Allocation Failure) [PSYoungGen: 71069K->1485K(71680K)] 397818K->328250K(591360K), 0.0017081 secs] [Times: user=0.01 sys=0.00, real=0.00 secs] 
617.794: [GC (Allocation Failure) [PSYoungGen: 71629K->1504K(77824K)] 398394K->328405K(597504K), 0.0018123 secs] [Times: user=0.01 sys=0.00, real=0.00 secs] 
618.109: [GC (Allocation Failure) [PSYoungGen: 77792K->1280K(78336K)] 404693K->328181K(598016K), 0.0017799 secs] [Times: user=0.01 sys=0.00, real=0.00 secs] 
618.425: [GC (Allocation Failure) [PSYoungGen: 77568K->1296K(77312K)] 404469K->328197K(596992K), 0.0017399 secs] [Times: user=0.00 sys=0.00, real=0.01 secs] 
618.740: [GC (Allocation Failure) [PSYoungGen: 77072K->1280K(76800K)] 403973K->328181K(596480K), 0.0019150 secs] [Times: user=0.01 sys=0.00, real=0.00 secs] 
619.004: [GC (Allocation Failure) [PSYoungGen: 76544K->1453K(76288K)] 403445K->329378K(595968K), 0.0016369 secs] [Times: user=0.01 sys=0.00, real=0.00 secs] 
619.136: [GC (Allocation Failure) [PSYoungGen: 76205K->1469K(75776K)] 404130K->329394K(595456K), 0.0019127 secs] [Times: user=0.00 sys=0.00, real=0.01 secs] 
619.306: [GC (Allocation Failure) [PSYoungGen: 75709K->1453K(75264K)] 403634K->329378K(594944K), 0.0015279 secs] [Times: user=0.00 sys=0.00, real=0.01 secs] 
619.455: [GC (Allocation Failure) [PSYoungGen: 75181K->1517K(81920K)] 403106K->329458K(601600K), 0.0019502 secs] [Times: user=0.01 sys=0.00, real=0.01 secs] 
619.786: [GC (Allocation Failure) [PSYoungGen: 81901K->1408K(81408K)] 409842K->329349K(601088K), 0.0022011 secs] [Times: user=0.00 sys=0.00, real=0.01 secs] 
620.118: [GC (Allocation Failure) [PSYoungGen: 81280K->1344K(80896K)] 409221K->329285K(600576K), 0.0021686 secs] [Times: user=0.01 sys=0.00, real=0.00 secs] 
620.503: [GC (Allocation Failure) [PSYoungGen: 80704K->1408K(80384K)] 408645K->329349K(600064K), 0.0020955 secs] [Times: user=0.00 sys=0.00, real=0.00 secs] 
620.984: [GC (Allocation Failure) [PSYoungGen: 80256K->1485K(79872K)] 408197K->329426K(599552K), 0.0016536 secs] [Times: user=0.00 sys=0.00, real=0.00 secs] 
621.120: [GC (Allocation Failure) [PSYoungGen: 79821K->1456K(79360K)] 407762K->329397K(599040K), 0.0016398 secs] [Times: user=0.01 sys=0.00, real=0.00 secs] 
621.258: [GC (Allocation Failure) [PSYoungGen: 79280K->1453K(78848K)] 407221K->329394K(598528K), 0.0016279 secs] [Times: user=0.00 sys=0.00, real=0.00 secs] 
621.490: [GC (Allocation Failure) [PSYoungGen: 78765K->1968K(78848K)] 406706K->329909K(598528K), 0.0019555 secs] [Times: user=0.01 sys=0.00, real=0.00 secs] 
622.925: [GC (Allocation Failure) [PSYoungGen: 78768K->1344K(77824K)] 406709K->329293K(597504K), 0.0043117 secs] [Times: user=0.01 sys=0.01, real=0.01 secs] 
623.854: [GC (Allocation Failure) [PSYoungGen: 77632K->1408K(77312K)] 405581K->329357K(596992K), 0.0026144 secs] [Times: user=0.01 sys=0.00, real=0.01 secs] 
624.516: [GC (Allocation Failure) [PSYoungGen: 77184K->1376K(76800K)] 405133K->329325K(596480K), 0.0026770 secs] [Times: user=0.01 sys=0.00, real=0.01 secs] 
625.136: [GC (Allocation Failure) [PSYoungGen: 76640K->1453K(76288K)] 404589K->329402K(595968K), 0.0020655 secs] [Times: user=0.01 sys=0.00, real=0.01 secs] 
625.292: [GC (Allocation Failure) [PSYoungGen: 76205K->1453K(75776K)] 404154K->329402K(595456K), 0.0016174 secs] [Times: user=0.01 sys=0.00, real=0.00 secs] 
625.423: [GC (Allocation Failure) [PSYoungGen: 75693K->1453K(75264K)] 403642K->329402K(594944K), 0.0015430 secs] [Times: user=0.01 sys=0.00, real=0.00 secs] 
625.551: [GC (Allocation Failure) [PSYoungGen: 75181K->1517K(74752K)] 403130K->329466K(594432K), 0.0017749 secs] [Times: user=0.00 sys=0.00, real=0.00 secs] 
625.892: [GC (Allocation Failure) [PSYoungGen: 74733K->1440K(74240K)] 402682K->329397K(593920K), 0.0018025 secs] [Times: user=0.00 sys=0.00, real=0.00 secs] 
626.431: [GC (Allocation Failure) [PSYoungGen: 74144K->1408K(73728K)] 402101K->329365K(593408K), 0.0021471 secs] [Times: user=0.01 sys=0.00, real=0.00 secs] 
627.030: [GC (Allocation Failure) [PSYoungGen: 73600K->1344K(73216K)] 401557K->329301K(592896K), 0.0020165 secs] [Times: user=0.01 sys=0.00, real=0.00 secs] 
627.677: [GC (Allocation Failure) [PSYoungGen: 73024K->288K(71680K)] 400981K->328245K(591360K), 0.0021242 secs] [Times: user=0.00 sys=0.00, real=0.00 secs] 
627.849: [GC (Allocation Failure) [PSYoungGen: 71456K->1485K(72192K)] 399413K->329442K(591872K), 0.0016268 secs] [Times: user=0.01 sys=0.00, real=0.00 secs] 
627.974: [GC (Allocation Failure) [PSYoungGen: 72141K->1456K(71680K)] 400098K->329413K(591360K), 0.0016668 secs] [Times: user=0.01 sys=0.00, real=0.00 secs] 
628.096: [GC (Allocation Failure) [PSYoungGen: 71600K->1517K(71168K)] 399557K->329490K(590848K), 0.0015622 secs] [Times: user=0.01 sys=0.00, real=0.01 secs] 
628.797: [GC (Allocation Failure) [PSYoungGen: 71149K->1456K(70656K)] 399122K->329429K(590336K), 0.0030814 secs] [Times: user=0.01 sys=0.00, real=0.00 secs] 
629.332: [GC (Allocation Failure) [PSYoungGen: 70576K->1376K(70144K)] 398549K->329349K(589824K), 0.0020244 secs] [Times: user=0.01 sys=0.00, real=0.00 secs] 
629.617: [GC (Allocation Failure) [PSYoungGen: 69984K->1408K(69632K)] 397957K->329381K(589312K), 0.0021684 secs] [Times: user=0.01 sys=0.00, real=0.00 secs] 
629.989: [GC (Allocation Failure) [PSYoungGen: 69504K->1424K(69120K)] 397477K->329397K(588800K), 0.0021453 secs] [Times: user=0.01 sys=0.00, real=0.00 secs] 
630.436: [GC (Allocation Failure) [PSYoungGen: 69008K->1437K(68608K)] 396981K->329410K(588288K), 0.0021001 secs] [Times: user=0.01 sys=0.00, real=0.01 secs] 
630.567: [GC (Allocation Failure) [PSYoungGen: 68509K->1517K(68096K)] 396482K->329490K(587776K), 0.0016013 secs] [Times: user=0.00 sys=0.00, real=0.00 secs] 
630.684: [GC (Allocation Failure) [PSYoungGen: 68077K->1517K(67584K)] 396050K->329490K(587264K), 0.0017254 secs] [Times: user=0.01 sys=0.00, real=0.00 secs] 
630.801: [GC (Allocation Failure) [PSYoungGen: 67565K->1501K(68096K)] 395538K->329474K(587776K), 0.0017144 secs] [Times: user=0.01 sys=0.00, real=0.00 secs] 
631.093: [GC (Allocation Failure) [PSYoungGen: 67549K->1408K(67072K)] 395522K->329389K(586752K), 0.0018834 secs] [Times: user=0.00 sys=0.00, real=0.00 secs] 
631.784: [GC (Allocation Failure) [PSYoungGen: 66944K->1344K(66560K)] 394925K->329325K(586240K), 0.0018067 secs] [Times: user=0.01 sys=0.00, real=0.00 secs] 
632.269: [GC (Allocation Failure) [PSYoungGen: 66368K->1376K(66048K)] 394349K->329357K(585728K), 0.0020938 secs] [Times: user=0.01 sys=0.00, real=0.00 secs] 
632.790: [GC (Allocation Failure) [PSYoungGen: 65888K->1376K(65536K)] 393869K->329357K(585216K), 0.0020844 secs] [Times: user=0.01 sys=0.00, real=0.00 secs] 
633.471: [GC (Allocation Failure) [PSYoungGen: 65269K->288K(64000K)] 393251K->328269K(583680K), 0.0019792 secs] [Times: user=0.00 sys=0.00, real=0.00 secs] 
633.601: [GC (Allocation Failure) [PSYoungGen: 63776K->1456K(64512K)] 391757K->329437K(584192K), 0.0016842 secs] [Times: user=0.01 sys=0.00, real=0.00 secs] 
633.712: [GC (Allocation Failure) [PSYoungGen: 64432K->1469K(64000K)] 392413K->329450K(583680K), 0.0016122 secs] [Times: user=0.00 sys=0.00, real=0.00 secs] 
633.823: [GC (Allocation Failure) [PSYoungGen: 63933K->1485K(64512K)] 391914K->329482K(584192K), 0.0016406 secs] [Times: user=0.01 sys=0.00, real=0.00 secs] 
633.934: [GC (Allocation Failure) [PSYoungGen: 63949K->1501K(64512K)] 391946K->329498K(584192K), 0.0015141 secs] [Times: user=0.01 sys=0.00, real=0.00 secs] 
634.262: [GC (Allocation Failure) [PSYoungGen: 63965K->1440K(70656K)] 391962K->329437K(590336K), 0.0019036 secs] [Times: user=0.01 sys=0.00, real=0.00 secs] 
634.547: [GC (Allocation Failure) [PSYoungGen: 70048K->1376K(69632K)] 398045K->329373K(589312K), 0.0019019 secs] [Times: user=0.01 sys=0.00, real=0.00 secs] 
634.830: [GC (Allocation Failure) [PSYoungGen: 69472K->1344K(69120K)] 397469K->329341K(588800K), 0.0019050 secs] [Times: user=0.01 sys=0.00, real=0.00 secs] 
635.157: [GC (Allocation Failure) [PSYoungGen: 68928K->1376K(68608K)] 396925K->329373K(588288K), 0.0018883 secs] [Times: user=0.01 sys=0.00, real=0.00 secs] 
635.377: [GC (Allocation Failure) [PSYoungGen: 68448K->1485K(68096K)] 396445K->329482K(587776K), 0.0016112 secs] [Times: user=0.01 sys=0.00, real=0.01 secs] 
635.493: [GC (Allocation Failure) [PSYoungGen: 68045K->1424K(67584K)] 396042K->329421K(587264K), 0.0016156 secs] [Times: user=0.01 sys=0.00, real=0.00 secs] 
635.609: [GC (Allocation Failure) [PSYoungGen: 67472K->1488K(68096K)] 395469K->329501K(587776K), 0.0015395 secs] [Times: user=0.01 sys=0.00, real=0.00 secs] 
635.725: [GC (Allocation Failure) [PSYoungGen: 67536K->1456K(68096K)] 395549K->329501K(587776K), 0.0015457 secs] [Times: user=0.01 sys=0.00, real=0.00 secs] 
636.293: [GC (Allocation Failure) [PSYoungGen: 67504K->1392K(67072K)] 395549K->329437K(586752K), 0.0019929 secs] [Times: user=0.00 sys=0.01, real=0.00 secs] 
636.573: [GC (Allocation Failure) [PSYoungGen: 66928K->1376K(66560K)] 394973K->329421K(586240K), 0.0021732 secs] [Times: user=0.00 sys=0.01, real=0.00 secs] 
636.843: [GC (Allocation Failure) [PSYoungGen: 66400K->1376K(66048K)] 394445K->329421K(585728K), 0.0018982 secs] [Times: user=0.00 sys=0.00, real=0.00 secs] 
637.303: [GC (Allocation Failure) [PSYoungGen: 65888K->1376K(65536K)] 393933K->329421K(585216K), 0.0021846 secs] [Times: user=0.00 sys=0.00, real=0.00 secs] 
637.660: [GC (Allocation Failure) [PSYoungGen: 65376K->1517K(65024K)] 393421K->329562K(584704K), 0.0018464 secs] [Times: user=0.01 sys=0.00, real=0.00 secs] 
637.776: [GC (Allocation Failure) [PSYoungGen: 65005K->1485K(64512K)] 393050K->329530K(584192K), 0.0016525 secs] [Times: user=0.00 sys=0.00, real=0.01 secs] 
637.887: [GC (Allocation Failure) [PSYoungGen: 64461K->1421K(70656K)] 392506K->329466K(590336K), 0.0015154 secs] [Times: user=0.01 sys=0.00, real=0.00 secs] 
638.027: [GC (Allocation Failure) [PSYoungGen: 70541K->1520K(71168K)] 398586K->329573K(590848K), 0.0017745 secs] [Times: user=0.01 sys=0.00, real=0.00 secs] 
638.586: [GC (Allocation Failure) [PSYoungGen: 70640K->1440K(70144K)] 398693K->329493K(589824K), 0.0021656 secs] [Times: user=0.00 sys=0.00, real=0.01 secs] 
639.533: [GC (Allocation Failure) [PSYoungGen: 70048K->1376K(69632K)] 398101K->329429K(589312K), 0.0021872 secs] [Times: user=0.01 sys=0.00, real=0.00 secs] 
640.112: [GC (Allocation Failure) [PSYoungGen: 69472K->1376K(69120K)] 397525K->329429K(588800K), 0.0020379 secs] [Times: user=0.01 sys=0.00, real=0.00 secs] 
640.559: [GC (Allocation Failure) [PSYoungGen: 68960K->1408K(68608K)] 397013K->329461K(588288K), 0.0020747 secs] [Times: user=0.01 sys=0.00, real=0.00 secs] 
640.864: [GC (Allocation Failure) [PSYoungGen: 68480K->1437K(68096K)] 396533K->329490K(587776K), 0.0015317 secs] [Times: user=0.01 sys=0.00, real=0.00 secs] 
640.981: [GC (Allocation Failure) [PSYoungGen: 67972K->1520K(67584K)] 396026K->329573K(587264K), 0.0015415 secs] [Times: user=0.01 sys=0.00, real=0.00 secs] 
641.099: [GC (Allocation Failure) [PSYoungGen: 67568K->1424K(67072K)] 395621K->329477K(586752K), 0.0016224 secs] [Times: user=0.01 sys=0.00, real=0.00 secs] 
641.214: [GC (Allocation Failure) [PSYoungGen: 66956K->1501K(73216K)] 395009K->329570K(592896K), 0.0015990 secs] [Times: user=0.00 sys=0.00, real=0.00 secs] 
642.270: [GC (Allocation Failure) [PSYoungGen: 73181K->1424K(72704K)] 401250K->329493K(592384K), 0.0037425 secs] [Times: user=0.01 sys=0.00, real=0.00 secs] 
643.317: [GC (Allocation Failure) [PSYoungGen: 72592K->1312K(72192K)] 400661K->329381K(591872K), 0.0031455 secs] [Times: user=0.01 sys=0.00, real=0.00 secs] 
643.861: [GC (Allocation Failure) [PSYoungGen: 71968K->1376K(71680K)] 400037K->329445K(591360K), 0.0021074 secs] [Times: user=0.01 sys=0.00, real=0.00 secs] 
644.153: [GC (Allocation Failure) [PSYoungGen: 71520K->1408K(71168K)] 399589K->329477K(590848K), 0.0019081 secs] [Times: user=0.01 sys=0.00, real=0.00 secs] 
644.388: [GC (Allocation Failure) [PSYoungGen: 71040K->1488K(70656K)] 399109K->329557K(590336K), 0.0016073 secs] [Times: user=0.00 sys=0.00, real=0.00 secs] 
644.510: [GC (Allocation Failure) [PSYoungGen: 70608K->1485K(70144K)] 398677K->329554K(589824K), 0.0016073 secs] [Times: user=0.00 sys=0.01, real=0.00 secs] 
644.629: [GC (Allocation Failure) [PSYoungGen: 70093K->1488K(69632K)] 398162K->329557K(589312K), 0.0016022 secs] [Times: user=0.01 sys=0.00, real=0.00 secs] 
644.749: [GC (Allocation Failure) [PSYoungGen: 69584K->1517K(70144K)] 397653K->329602K(589824K), 0.0015526 secs] [Times: user=0.01 sys=0.00, real=0.00 secs] 
646.371: [GC (Allocation Failure) [PSYoungGen: 69613K->1440K(69120K)] 397698K->329525K(588800K), 0.0037555 secs] [Times: user=0.02 sys=0.01, real=0.00 secs] 
647.633: [GC (Allocation Failure) [PSYoungGen: 69024K->1376K(68608K)] 397109K->329461K(588288K), 0.0037891 secs] [Times: user=0.01 sys=0.00, real=0.01 secs] 
648.497: [GC (Allocation Failure) [PSYoungGen: 68448K->1408K(68096K)] 396533K->329493K(587776K), 0.0031530 secs] [Times: user=0.01 sys=0.01, real=0.01 secs] 
649.291: [GC (Allocation Failure) [PSYoungGen: 67968K->1408K(67584K)] 396053K->329493K(587264K), 0.0028831 secs] [Times: user=0.01 sys=0.01, real=0.00 secs] 
649.916: [GC (Allocation Failure) [PSYoungGen: 67456K->1517K(67072K)] 395541K->329618K(586752K), 0.0020582 secs] [Times: user=0.00 sys=0.00, real=0.01 secs] 
650.084: [GC (Allocation Failure) [PSYoungGen: 67053K->1549K(67072K)] 395154K->329650K(586752K), 0.0021622 secs] [Times: user=0.00 sys=0.00, real=0.00 secs] 
650.250: [GC (Allocation Failure) [PSYoungGen: 66573K->461K(65024K)] 394674K->329586K(584704K), 0.0021871 secs] [Times: user=0.01 sys=0.00, real=0.00 secs] 
650.400: [GC (Allocation Failure) [PSYoungGen: 64973K->493K(66048K)] 394098K->329642K(585728K), 0.0015054 secs] [Times: user=0.00 sys=0.00, real=0.00 secs] 
650.843: [GC (Allocation Failure) [PSYoungGen: 64493K->1440K(65024K)] 393642K->330589K(584704K), 0.0028776 secs] [Times: user=0.01 sys=0.00, real=0.00 secs] 
651.394: [GC (Allocation Failure) [PSYoungGen: 64928K->1376K(64512K)] 394077K->330525K(584192K), 0.0027064 secs] [Times: user=0.01 sys=0.00, real=0.00 secs] 
651.950: [GC (Allocation Failure) [PSYoungGen: 64352K->1376K(64000K)] 393501K->330525K(583680K), 0.0026078 secs] [Times: user=0.01 sys=0.00, real=0.00 secs] 
652.541: [GC (Allocation Failure) [PSYoungGen: 63840K->1344K(63488K)] 392989K->330493K(583168K), 0.0026693 secs] [Times: user=0.01 sys=0.01, real=0.00 secs] 
653.105: [GC (Allocation Failure) [PSYoungGen: 63296K->1469K(62976K)] 392445K->330618K(582656K), 0.0026079 secs] [Times: user=0.01 sys=0.00, real=0.01 secs] 
653.269: [GC (Allocation Failure) [PSYoungGen: 62909K->1453K(62464K)] 392058K->330602K(582144K), 0.0016772 secs] [Times: user=0.00 sys=0.00, real=0.00 secs] 
653.391: [GC (Allocation Failure) [PSYoungGen: 62381K->1421K(61952K)] 391530K->330570K(581632K), 0.0017232 secs] [Times: user=0.00 sys=0.00, real=0.00 secs] 
653.526: [GC (Allocation Failure) [PSYoungGen: 61837K->1453K(67584K)] 390986K->330610K(587264K), 0.0019420 secs] [Times: user=0.01 sys=0.00, real=0.01 secs] 
653.686: [GC (Allocation Failure) [PSYoungGen: 67501K->1485K(68096K)] 396658K->330642K(587776K), 0.0020320 secs] [Times: user=0.00 sys=0.00, real=0.01 secs] 
654.431: [GC (Allocation Failure) [PSYoungGen: 68045K->1408K(67584K)] 397202K->330565K(587264K), 0.0020172 secs] [Times: user=0.01 sys=0.00, real=0.00 secs] 
655.010: [GC (Allocation Failure) [PSYoungGen: 67456K->1376K(67072K)] 396613K->330533K(586752K), 0.0020890 secs] [Times: user=0.00 sys=0.00, real=0.00 secs] 
655.776: [GC (Allocation Failure) [PSYoungGen: 66912K->1392K(66560K)] 396069K->330549K(586240K), 0.0024309 secs] [Times: user=0.01 sys=0.00, real=0.01 secs] 
656.653: [GC (Allocation Failure) [PSYoungGen: 66416K->1376K(66048K)] 395573K->330533K(585728K), 0.0022584 secs] [Times: user=0.00 sys=0.00, real=0.00 secs] 
657.096: [GC (Allocation Failure) [PSYoungGen: 65888K->1485K(65536K)] 395045K->330642K(585216K), 0.0019706 secs] [Times: user=0.01 sys=0.00, real=0.01 secs] 
657.220: [GC (Allocation Failure) [PSYoungGen: 65485K->1533K(65024K)] 394642K->330690K(584704K), 0.0015834 secs] [Times: user=0.01 sys=0.00, real=0.00 secs] 
657.331: [GC (Allocation Failure) [PSYoungGen: 65021K->1488K(64512K)] 394178K->330661K(584192K), 0.0015724 secs] [Times: user=0.01 sys=0.00, real=0.00 secs] 
657.441: [GC (Allocation Failure) [PSYoungGen: 64464K->1453K(65024K)] 393637K->330650K(584704K), 0.0015541 secs] [Times: user=0.01 sys=0.00, real=0.00 secs] 
658.458: [GC (Allocation Failure) [PSYoungGen: 64429K->1408K(64000K)] 393626K->330605K(583680K), 0.0030256 secs] [Times: user=0.01 sys=0.00, real=0.00 secs] 
659.013: [GC (Allocation Failure) [PSYoungGen: 63872K->1408K(63488K)] 393069K->330605K(583168K), 0.0036574 secs] [Times: user=0.01 sys=0.00, real=0.00 secs] 
659.555: [GC (Allocation Failure) [PSYoungGen: 63360K->1376K(62976K)] 392557K->330573K(582656K), 0.0026701 secs] [Times: user=0.01 sys=0.00, real=0.01 secs] 
660.058: [GC (Allocation Failure) [PSYoungGen: 62816K->1376K(62464K)] 392013K->330573K(582144K), 0.0028084 secs] [Times: user=0.01 sys=0.00, real=0.00 secs] 
660.582: [GC (Allocation Failure) [PSYoungGen: 62304K->1456K(61952K)] 391501K->330653K(581632K), 0.0025107 secs] [Times: user=0.01 sys=0.00, real=0.00 secs] 
660.790: [GC (Allocation Failure) [PSYoungGen: 61872K->1485K(61440K)] 391069K->330682K(581120K), 0.0022530 secs] [Times: user=0.01 sys=0.00, real=0.00 secs] 
660.917: [GC (Allocation Failure) [PSYoungGen: 61389K->1485K(61952K)] 390586K->330682K(581632K), 0.0015141 secs] [Times: user=0.01 sys=0.00, real=0.01 secs] 
661.021: [GC (Allocation Failure) [PSYoungGen: 61389K->1453K(61952K)] 390586K->330658K(581632K), 0.0016308 secs] [Times: user=0.01 sys=0.00, real=0.00 secs] 
661.140: [GC (Allocation Failure) [PSYoungGen: 61357K->1488K(61952K)] 390562K->330693K(581632K), 0.0019350 secs] [Times: user=0.01 sys=0.00, real=0.00 secs] 
661.753: [GC (Allocation Failure) [PSYoungGen: 61392K->1440K(67072K)] 390597K->330645K(586752K), 0.0040154 secs] [Times: user=0.02 sys=0.01, real=0.01 secs] 
662.142: [GC (Allocation Failure) [PSYoungGen: 66976K->1408K(66560K)] 396181K->330613K(586240K), 0.0021723 secs] [Times: user=0.00 sys=0.00, real=0.00 secs] 
662.708: [GC (Allocation Failure) [PSYoungGen: 66432K->1440K(66048K)] 395637K->330645K(585728K), 0.0021840 secs] [Times: user=0.00 sys=0.00, real=0.00 secs] 
663.388: [GC (Allocation Failure) [PSYoungGen: 65952K->1408K(65536K)] 395157K->330613K(585216K), 0.0022618 secs] [Times: user=0.01 sys=0.00, real=0.00 secs] 
663.923: [GC (Allocation Failure) [PSYoungGen: 65408K->1517K(65024K)] 394613K->330722K(584704K), 0.0024422 secs] [Times: user=0.00 sys=0.01, real=0.00 secs] 
664.073: [GC (Allocation Failure) [PSYoungGen: 65005K->1549K(65024K)] 394210K->330754K(584704K), 0.0015519 secs] [Times: user=0.01 sys=0.00, real=0.00 secs] 
664.185: [GC (Allocation Failure) [PSYoungGen: 64525K->1469K(64000K)] 393730K->330682K(583680K), 0.0015555 secs] [Times: user=0.01 sys=0.00, real=0.01 secs] 
664.311: [GC (Allocation Failure) [PSYoungGen: 63933K->1456K(65024K)] 393146K->330669K(584704K), 0.0018005 secs] [Times: user=0.01 sys=0.00, real=0.00 secs] 
664.582: [GC (Allocation Failure) [PSYoungGen: 64432K->1424K(70656K)] 393645K->330637K(590336K), 0.0021736 secs] [Times: user=0.01 sys=0.00, real=0.00 secs] 
664.868: [GC (Allocation Failure) [PSYoungGen: 70032K->1392K(69632K)] 399245K->330605K(589312K), 0.0019357 secs] [Times: user=0.01 sys=0.00, real=0.00 secs] 
665.151: [GC (Allocation Failure) [PSYoungGen: 69488K->1376K(69120K)] 398701K->330589K(588800K), 0.0021286 secs] [Times: user=0.01 sys=0.00, real=0.00 secs] 
665.433: [GC (Allocation Failure) [PSYoungGen: 68960K->1360K(68608K)] 398173K->330573K(588288K), 0.0019758 secs] [Times: user=0.00 sys=0.00, real=0.00 secs] 
665.738: [GC (Allocation Failure) [PSYoungGen: 68425K->1424K(68096K)] 397638K->330637K(587776K), 0.0020726 secs] [Times: user=0.01 sys=0.00, real=0.00 secs] 
665.879: [GC (Allocation Failure) [PSYoungGen: 67984K->1485K(67584K)] 397197K->330698K(587264K), 0.0016764 secs] [Times: user=0.01 sys=0.00, real=0.00 secs] 
665.995: [GC (Allocation Failure) [PSYoungGen: 67533K->1456K(68096K)] 396746K->330669K(587776K), 0.0017240 secs] [Times: user=0.01 sys=0.00, real=0.01 secs] 
666.128: [GC (Allocation Failure) [PSYoungGen: 67504K->1453K(68096K)] 396717K->330690K(587776K), 0.0017473 secs] [Times: user=0.01 sys=0.00, real=0.00 secs] 
667.106: [GC (Allocation Failure) [PSYoungGen: 67501K->1440K(67072K)] 396738K->330677K(586752K), 0.0043869 secs] [Times: user=0.01 sys=0.01, real=0.01 secs] 
668.531: [GC (Allocation Failure) [PSYoungGen: 66976K->1376K(66560K)] 396213K->330613K(586240K), 0.0040488 secs] [Times: user=0.02 sys=0.00, real=0.00 secs] 
669.578: [GC (Allocation Failure) [PSYoungGen: 66400K->1344K(66048K)] 395637K->330581K(585728K), 0.0029246 secs] [Times: user=0.01 sys=0.00, real=0.00 secs] 
670.421: [GC (Allocation Failure) [PSYoungGen: 65856K->1408K(65536K)] 395093K->330645K(585216K), 0.0043694 secs] [Times: user=0.01 sys=0.00, real=0.00 secs] 
671.178: [GC (Allocation Failure) [PSYoungGen: 65408K->1376K(65024K)] 394645K->330613K(584704K), 0.0033064 secs] [Times: user=0.01 sys=0.00, real=0.00 secs] 
671.598: [GC (Allocation Failure) [PSYoungGen: 64864K->1453K(64512K)] 394101K->330690K(584192K), 0.0022868 secs] [Times: user=0.01 sys=0.00, real=0.00 secs] 
671.756: [GC (Allocation Failure) [PSYoungGen: 64429K->477K(62976K)] 393666K->330738K(582656K), 0.0020687 secs] [Times: user=0.01 sys=0.00, real=0.01 secs] 
671.902: [GC (Allocation Failure) [PSYoungGen: 62941K->461K(64000K)] 393202K->330738K(583680K), 0.0016578 secs] [Times: user=0.00 sys=0.00, real=0.00 secs] 
672.009: [GC (Allocation Failure) [PSYoungGen: 62413K->493K(69120K)] 392690K->330770K(588800K), 0.0018106 secs] [Times: user=0.01 sys=0.00, real=0.00 secs] 
672.617: [GC (Allocation Failure) [PSYoungGen: 68589K->1424K(69120K)] 398866K->331709K(588800K), 0.0030429 secs] [Times: user=0.01 sys=0.00, real=0.01 secs] 
673.228: [GC (Allocation Failure) [PSYoungGen: 69008K->1376K(68608K)] 399293K->331661K(588288K), 0.0022931 secs] [Times: user=0.01 sys=0.00, real=0.00 secs] 
673.793: [GC (Allocation Failure) [PSYoungGen: 68448K->1408K(68096K)] 398733K->331693K(587776K), 0.0031410 secs] [Times: user=0.01 sys=0.00, real=0.00 secs] 
674.300: [GC (Allocation Failure) [PSYoungGen: 67968K->1408K(67584K)] 398253K->331693K(587264K), 0.0026173 secs] [Times: user=0.01 sys=0.00, real=0.00 secs] 
674.505: [GC (Allocation Failure) [PSYoungGen: 67456K->1485K(67072K)] 397741K->331770K(586752K), 0.0016119 secs] [Times: user=0.01 sys=0.00, real=0.01 secs] 
674.638: [GC (Allocation Failure) [PSYoungGen: 67021K->1485K(66560K)] 397306K->331770K(586240K), 0.0018810 secs] [Times: user=0.01 sys=0.00, real=0.00 secs] 
674.793: [GC (Allocation Failure) [PSYoungGen: 66509K->1517K(67072K)] 396794K->331810K(586752K), 0.0021026 secs] [Times: user=0.01 sys=0.00, real=0.00 secs] 
674.962: [GC (Allocation Failure) [PSYoungGen: 66541K->1520K(73216K)] 396834K->331813K(592896K), 0.0023961 secs] [Times: user=0.01 sys=0.00, real=0.00 secs] 
675.271: [GC (Allocation Failure) [PSYoungGen: 72688K->1440K(73216K)] 402981K->331733K(592896K), 0.0024203 secs] [Times: user=0.01 sys=0.00, real=0.00 secs] 
675.577: [GC (Allocation Failure) [PSYoungGen: 72608K->1408K(72192K)] 402901K->331701K(591872K), 0.0022494 secs] [Times: user=0.01 sys=0.00, real=0.00 secs] 
675.941: [GC (Allocation Failure) [PSYoungGen: 72064K->1376K(71680K)] 402357K->331669K(591360K), 0.0022310 secs] [Times: user=0.01 sys=0.00, real=0.00 secs] 
676.481: [GC (Allocation Failure) [PSYoungGen: 71520K->1408K(71168K)] 401813K->331733K(590848K), 0.0020540 secs] [Times: user=0.01 sys=0.00, real=0.00 secs] 
676.884: [GC (Allocation Failure) [PSYoungGen: 71040K->1517K(70656K)] 401365K->331842K(590336K), 0.0023460 secs] [Times: user=0.01 sys=0.00, real=0.00 secs] 
677.035: [GC (Allocation Failure) [PSYoungGen: 70637K->1485K(70144K)] 400962K->331810K(589824K), 0.0015910 secs] [Times: user=0.01 sys=0.00, real=0.01 secs] 
677.173: [GC (Allocation Failure) [PSYoungGen: 70093K->1533K(69632K)] 400418K->331858K(589312K), 0.0019721 secs] [Times: user=0.01 sys=0.00, real=0.00 secs] 
677.324: [GC (Allocation Failure) [PSYoungGen: 69629K->1488K(76288K)] 399954K->331837K(595968K), 0.0019005 secs] [Times: user=0.00 sys=0.00, real=0.00 secs] 
678.183: [GC (Allocation Failure) [PSYoungGen: 76240K->1440K(75776K)] 406589K->331797K(595456K), 0.0025685 secs] [Times: user=0.01 sys=0.00, real=0.00 secs] 
678.851: [GC (Allocation Failure) [PSYoungGen: 75680K->1344K(75264K)] 406037K->331701K(594944K), 0.0027912 secs] [Times: user=0.01 sys=0.00, real=0.00 secs] 
679.670: [GC (Allocation Failure) [PSYoungGen: 75072K->1344K(74752K)] 405429K->331701K(594432K), 0.0029336 secs] [Times: user=0.01 sys=0.00, real=0.00 secs] 
680.256: [GC (Allocation Failure) [PSYoungGen: 74560K->1456K(74240K)] 404917K->331813K(593920K), 0.0024044 secs] [Times: user=0.00 sys=0.00, real=0.01 secs] 
680.425: [GC (Allocation Failure) [PSYoungGen: 74156K->1453K(73728K)] 404514K->331810K(593408K), 0.0017991 secs] [Times: user=0.00 sys=0.00, real=0.00 secs] 
680.553: [GC (Allocation Failure) [PSYoungGen: 73645K->1485K(73216K)] 404002K->331842K(592896K), 0.0017737 secs] [Times: user=0.01 sys=0.00, real=0.00 secs] 
680.681: [GC (Allocation Failure) [PSYoungGen: 73165K->1485K(73728K)] 403522K->331842K(593408K), 0.0017276 secs] [Times: user=0.00 sys=0.00, real=0.00 secs] 
681.726: [GC (Allocation Failure) [PSYoungGen: 73165K->1440K(72704K)] 403522K->331805K(592384K), 0.0033149 secs] [Times: user=0.01 sys=0.00, real=0.01 secs] 
682.372: [GC (Allocation Failure) [PSYoungGen: 72608K->1408K(72192K)] 402973K->331773K(591872K), 0.0027709 secs] [Times: user=0.02 sys=0.00, real=0.00 secs] 
683.058: [GC (Allocation Failure) [PSYoungGen: 72064K->1408K(71680K)] 402429K->331773K(591360K), 0.0022493 secs] [Times: user=0.01 sys=0.00, real=0.00 secs] 
683.696: [GC (Allocation Failure) [PSYoungGen: 71552K->1408K(71168K)] 401917K->331773K(590848K), 0.0023975 secs] [Times: user=0.01 sys=0.00, real=0.01 secs] 
684.133: [GC (Allocation Failure) [PSYoungGen: 71040K->1517K(70656K)] 401405K->331882K(590336K), 0.0021327 secs] [Times: user=0.01 sys=0.00, real=0.00 secs] 
684.274: [GC (Allocation Failure) [PSYoungGen: 70610K->1472K(70144K)] 400976K->331837K(589824K), 0.0016973 secs] [Times: user=0.01 sys=0.00, real=0.00 secs] 
684.393: [GC (Allocation Failure) [PSYoungGen: 70080K->1485K(69632K)] 400445K->331850K(589312K), 0.0015539 secs] [Times: user=0.01 sys=0.00, real=0.00 secs] 
684.513: [GC (Allocation Failure) [PSYoungGen: 69581K->1485K(75776K)] 399946K->331850K(595456K), 0.0016929 secs] [Times: user=0.01 sys=0.00, real=0.00 secs] 
685.276: [GC (Allocation Failure) [PSYoungGen: 75725K->1440K(75264K)] 406090K->331813K(594944K), 0.0024288 secs] [Times: user=0.01 sys=0.00, real=0.01 secs] 
685.684: [GC (Allocation Failure) [PSYoungGen: 75168K->1360K(74752K)] 405541K->331733K(594432K), 0.0023415 secs] [Times: user=0.00 sys=0.00, real=0.00 secs] 
685.989: [GC (Allocation Failure) [PSYoungGen: 74576K->1344K(74240K)] 404949K->331717K(593920K), 0.0022471 secs] [Times: user=0.01 sys=0.00, real=0.00 secs] 
686.603: [GC (Allocation Failure) [PSYoungGen: 73869K->256K(72704K)] 404242K->330629K(592384K), 0.0023275 secs] [Times: user=0.01 sys=0.00, real=0.00 secs] 
686.806: [GC (Allocation Failure) [PSYoungGen: 72448K->1485K(73216K)] 402821K->331858K(592896K), 0.0023284 secs] [Times: user=0.01 sys=0.00, real=0.01 secs] 
686.954: [GC (Allocation Failure) [PSYoungGen: 73165K->1421K(72704K)] 403538K->331794K(592384K), 0.0018257 secs] [Times: user=0.01 sys=0.00, real=0.00 secs] 
687.080: [GC (Allocation Failure) [PSYoungGen: 72589K->1485K(73216K)] 402962K->331858K(592896K), 0.0017760 secs] [Times: user=0.01 sys=0.00, real=0.00 secs] 
687.741: [GC (Allocation Failure) [PSYoungGen: 72653K->1424K(72192K)] 403026K->331821K(591872K), 0.0037705 secs] [Times: user=0.01 sys=0.00, real=0.00 secs] 
688.861: [GC (Allocation Failure) [PSYoungGen: 72080K->1376K(71680K)] 402477K->331773K(591360K), 0.0021908 secs] [Times: user=0.00 sys=0.00, real=0.00 secs] 
689.652: [GC (Allocation Failure) [PSYoungGen: 71520K->1408K(71168K)] 401917K->331805K(590848K), 0.0028954 secs] [Times: user=0.01 sys=0.00, real=0.00 secs] 
690.604: [GC (Allocation Failure) [PSYoungGen: 71040K->1344K(70656K)] 401437K->331741K(590336K), 0.0028319 secs] [Times: user=0.01 sys=0.00, real=0.01 secs] 
691.166: [GC (Allocation Failure) [PSYoungGen: 70464K->1517K(70144K)] 400861K->331914K(589824K), 0.0026219 secs] [Times: user=0.01 sys=0.00, real=0.01 secs] 
691.333: [GC (Allocation Failure) [PSYoungGen: 70125K->1485K(69632K)] 400522K->331882K(589312K), 0.0017412 secs] [Times: user=0.01 sys=0.00, real=0.00 secs] 
691.453: [GC (Allocation Failure) [PSYoungGen: 69581K->1520K(69120K)] 399978K->331917K(588800K), 0.0017415 secs] [Times: user=0.00 sys=0.00, real=0.00 secs] 
691.574: [GC (Allocation Failure) [PSYoungGen: 69104K->1501K(69632K)] 399501K->331898K(589312K), 0.0017475 secs] [Times: user=0.01 sys=0.00, real=0.00 secs] 
692.564: [GC (Allocation Failure) [PSYoungGen: 69085K->1392K(68608K)] 399482K->331789K(588288K), 0.0025263 secs] [Times: user=0.01 sys=0.00, real=0.00 secs] 
692.887: [GC (Allocation Failure) [PSYoungGen: 68464K->1440K(68096K)] 398861K->331837K(587776K), 0.0021757 secs] [Times: user=0.01 sys=0.00, real=0.00 secs] 
693.198: [GC (Allocation Failure) [PSYoungGen: 68000K->1344K(67584K)] 398397K->331741K(587264K), 0.0020290 secs] [Times: user=0.01 sys=0.00, real=0.00 secs] 
693.515: [GC (Allocation Failure) [PSYoungGen: 67392K->1312K(67072K)] 397789K->331709K(586752K), 0.0020233 secs] [Times: user=0.01 sys=0.00, real=0.01 secs] 
694.131: [GC (Allocation Failure) [PSYoungGen: 66848K->1421K(66560K)] 397245K->331818K(586240K), 0.0024193 secs] [Times: user=0.00 sys=0.00, real=0.00 secs] 
694.280: [GC (Allocation Failure) [PSYoungGen: 66445K->1488K(66048K)] 396842K->331885K(585728K), 0.0016193 secs] [Times: user=0.01 sys=0.00, real=0.00 secs] 
694.392: [GC (Allocation Failure) [PSYoungGen: 65990K->1501K(65536K)] 396388K->331898K(585216K), 0.0016922 secs] [Times: user=0.01 sys=0.00, real=0.00 secs] 
694.505: [GC (Allocation Failure) [PSYoungGen: 65501K->1456K(66048K)] 395898K->331869K(585728K), 0.0016530 secs] [Times: user=0.01 sys=0.00, real=0.01 secs] 
694.760: [GC (Allocation Failure) [PSYoungGen: 65456K->1440K(66048K)] 395869K->331853K(585728K), 0.0017580 secs] [Times: user=0.01 sys=0.00, real=0.00 secs] 
695.294: [GC (Allocation Failure) [PSYoungGen: 65440K->1408K(65024K)] 395853K->331821K(584704K), 0.0026788 secs] [Times: user=0.01 sys=0.00, real=0.01 secs] 
695.664: [GC (Allocation Failure) [PSYoungGen: 64896K->1408K(64512K)] 395309K->331821K(584192K), 0.0022297 secs] [Times: user=0.01 sys=0.00, real=0.00 secs] 
695.926: [GC (Allocation Failure) [PSYoungGen: 64384K->1408K(64000K)] 394797K->331821K(583680K), 0.0024470 secs] [Times: user=0.01 sys=0.00, real=0.01 secs] 
696.190: [GC (Allocation Failure) [PSYoungGen: 63872K->1376K(63488K)] 394285K->331813K(583168K), 0.0021967 secs] [Times: user=0.00 sys=0.00, real=0.00 secs] 
696.342: [GC (Allocation Failure) [PSYoungGen: 63328K->1488K(62976K)] 393765K->331925K(582656K), 0.0016114 secs] [Times: user=0.00 sys=0.00, real=0.00 secs] 
696.450: [GC (Allocation Failure) [PSYoungGen: 62928K->1424K(69120K)] 393365K->331861K(588800K), 0.0015685 secs] [Times: user=0.01 sys=0.00, real=0.00 secs] 
696.569: [GC (Allocation Failure) [PSYoungGen: 68496K->1485K(69120K)] 398933K->331938K(588800K), 0.0017060 secs] [Times: user=0.01 sys=0.00, real=0.00 secs] 
696.687: [GC (Allocation Failure) [PSYoungGen: 68557K->1488K(69120K)] 399010K->331941K(588800K), 0.0015807 secs] [Times: user=0.01 sys=0.00, real=0.00 secs] 
696.994: [GC (Allocation Failure) [PSYoungGen: 68560K->1424K(75264K)] 399013K->331877K(594944K), 0.0020375 secs] [Times: user=0.01 sys=0.00, real=0.00 secs] 
697.301: [GC (Allocation Failure) [PSYoungGen: 75152K->1408K(74752K)] 405605K->331861K(594432K), 0.0020676 secs] [Times: user=0.01 sys=0.00, real=0.00 secs] 
697.605: [GC (Allocation Failure) [PSYoungGen: 74624K->1344K(74240K)] 405077K->331797K(593920K), 0.0019157 secs] [Times: user=0.01 sys=0.00, real=0.01 secs] 
697.930: [GC (Allocation Failure) [PSYoungGen: 74048K->1501K(73728K)] 404501K->331954K(593408K), 0.0023954 secs] [Times: user=0.01 sys=0.00, real=0.00 secs] 
698.147: [GC (Allocation Failure) [PSYoungGen: 73693K->1488K(73216K)] 404146K->331941K(592896K), 0.0022570 secs] [Times: user=0.01 sys=0.00, real=0.00 secs] 
698.287: [GC (Allocation Failure) [PSYoungGen: 73168K->1501K(72704K)] 403621K->331954K(592384K), 0.0015806 secs] [Times: user=0.00 sys=0.00, real=0.00 secs] 
698.412: [GC (Allocation Failure) [PSYoungGen: 72669K->1469K(73216K)] 403122K->331930K(592896K), 0.0015650 secs] [Times: user=0.00 sys=0.00, real=0.00 secs] 
698.620: [GC (Allocation Failure) [PSYoungGen: 72637K->1424K(73216K)] 403098K->331885K(592896K), 0.0022354 secs] [Times: user=0.01 sys=0.00, real=0.00 secs] 
699.077: [GC (Allocation Failure) [PSYoungGen: 72592K->1424K(72192K)] 403053K->331885K(591872K), 0.0020749 secs] [Times: user=0.01 sys=0.00, real=0.00 secs] 
699.659: [GC (Allocation Failure) [PSYoungGen: 72080K->1392K(71680K)] 402541K->331853K(591360K), 0.0024072 secs] [Times: user=0.01 sys=0.01, real=0.00 secs] 
700.505: [GC (Allocation Failure) [PSYoungGen: 71536K->1344K(71168K)] 401997K->331805K(590848K), 0.0030317 secs] [Times: user=0.01 sys=0.00, real=0.01 secs] 
700.917: [GC (Allocation Failure) [PSYoungGen: 70976K->1517K(70656K)] 401437K->331978K(590336K), 0.0022357 secs] [Times: user=0.01 sys=0.00, real=0.00 secs] 
701.058: [GC (Allocation Failure) [PSYoungGen: 70637K->1485K(70144K)] 401098K->331946K(589824K), 0.0016003 secs] [Times: user=0.00 sys=0.00, real=0.00 secs] 
701.196: [GC (Allocation Failure) [PSYoungGen: 70076K->1533K(69632K)] 400537K->331994K(589312K), 0.0019893 secs] [Times: user=0.00 sys=0.00, real=0.01 secs] 
701.347: [GC (Allocation Failure) [PSYoungGen: 69629K->1485K(75776K)] 400090K->331946K(595456K), 0.0018357 secs] [Times: user=0.00 sys=0.00, real=0.00 secs] 
702.734: [GC (Allocation Failure) [PSYoungGen: 75725K->1424K(75264K)] 406186K->331893K(594944K), 0.0031310 secs] [Times: user=0.01 sys=0.00, real=0.01 secs] 
703.414: [GC (Allocation Failure) [PSYoungGen: 75152K->1408K(74752K)] 405621K->331877K(594432K), 0.0021767 secs] [Times: user=0.01 sys=0.00, real=0.00 secs] 
704.151: [GC (Allocation Failure) [PSYoungGen: 74624K->1408K(74240K)] 405093K->331877K(593920K), 0.0020274 secs] [Times: user=0.01 sys=0.00, real=0.00 secs] 
704.873: [GC (Allocation Failure) [PSYoungGen: 74112K->1376K(73728K)] 404581K->331845K(593408K), 0.0021901 secs] [Times: user=0.01 sys=0.00, real=0.00 secs] 
705.193: [GC (Allocation Failure) [PSYoungGen: 73568K->1485K(73216K)] 404037K->331954K(592896K), 0.0016932 secs] [Times: user=0.01 sys=0.00, real=0.00 secs] 
705.338: [GC (Allocation Failure) [PSYoungGen: 73165K->1488K(72704K)] 403634K->331957K(592384K), 0.0017562 secs] [Times: user=0.01 sys=0.00, real=0.00 secs] 
705.497: [GC (Allocation Failure) [PSYoungGen: 72656K->1456K(72192K)] 403125K->331925K(591872K), 0.0019138 secs] [Times: user=0.00 sys=0.00, real=0.00 secs] 
705.791: [GC (Allocation Failure) [PSYoungGen: 72112K->1440K(71680K)] 402581K->331909K(591360K), 0.0022406 secs] [Times: user=0.01 sys=0.00, real=0.00 secs] 
706.405: [GC (Allocation Failure) [PSYoungGen: 71584K->1408K(71168K)] 402053K->331877K(590848K), 0.0030560 secs] [Times: user=0.01 sys=0.00, real=0.01 secs] 
706.984: [GC (Allocation Failure) [PSYoungGen: 71040K->1376K(70656K)] 401509K->331845K(590336K), 0.0021894 secs] [Times: user=0.00 sys=0.00, real=0.00 secs] 
707.558: [GC (Allocation Failure) [PSYoungGen: 70496K->1360K(70144K)] 400965K->331829K(589824K), 0.0024860 secs] [Times: user=0.01 sys=0.00, real=0.00 secs] 
708.159: [GC (Allocation Failure) [PSYoungGen: 69944K->1469K(69632K)] 400413K->331938K(589312K), 0.0022321 secs] [Times: user=0.01 sys=0.00, real=0.00 secs] 
708.337: [GC (Allocation Failure) [PSYoungGen: 69565K->1520K(69120K)] 400034K->331989K(588800K), 0.0021374 secs] [Times: user=0.01 sys=0.00, real=0.01 secs] 
708.516: [GC (Allocation Failure) [PSYoungGen: 69104K->1517K(68608K)] 399573K->331986K(588288K), 0.0022887 secs] [Times: user=0.01 sys=0.00, real=0.01 secs] 
708.675: [GC (Allocation Failure) [PSYoungGen: 68563K->1453K(68096K)] 399033K->331946K(587776K), 0.0018599 secs] [Times: user=0.00 sys=0.00, real=0.01 secs] 
709.343: [GC (Allocation Failure) [PSYoungGen: 68013K->1424K(67584K)] 398506K->331941K(587264K), 0.0035548 secs] [Times: user=0.01 sys=0.00, real=0.00 secs] 
710.060: [GC (Allocation Failure) [PSYoungGen: 67472K->1376K(67072K)] 397989K->331893K(586752K), 0.0028574 secs] [Times: user=0.01 sys=0.00, real=0.00 secs] 
710.803: [GC (Allocation Failure) [PSYoungGen: 66912K->1344K(66560K)] 397429K->331861K(586240K), 0.0027953 secs] [Times: user=0.01 sys=0.00, real=0.00 secs] 
711.559: [GC (Allocation Failure) [PSYoungGen: 66368K->1408K(66048K)] 396885K->331933K(585728K), 0.0025540 secs] [Times: user=0.01 sys=0.00, real=0.00 secs] 
712.255: [GC (Allocation Failure) [PSYoungGen: 65920K->1456K(65536K)] 396445K->331981K(585216K), 0.0028874 secs] [Times: user=0.01 sys=0.00, real=0.01 secs] 
712.440: [GC (Allocation Failure) [PSYoungGen: 65456K->1488K(65024K)] 395981K->332013K(584704K), 0.0017809 secs] [Times: user=0.01 sys=0.00, real=0.00 secs] 
712.568: [GC (Allocation Failure) [PSYoungGen: 64976K->1488K(64512K)] 395501K->332013K(584192K), 0.0018635 secs] [Times: user=0.00 sys=0.00, real=0.00 secs] 
712.705: [GC (Allocation Failure) [PSYoungGen: 64464K->1424K(64000K)] 394989K->331965K(583680K), 0.0017202 secs] [Times: user=0.01 sys=0.00, real=0.01 secs] 
712.819: [GC (Allocation Failure) [PSYoungGen: 63888K->288K(64512K)] 394429K->330829K(584192K), 0.0015586 secs] [Times: user=0.00 sys=0.00, real=0.00 secs] 
713.214: [GC (Allocation Failure) [PSYoungGen: 62752K->1408K(63488K)] 393293K->331949K(583168K), 0.0021900 secs] [Times: user=0.01 sys=0.00, real=0.00 secs] 
713.507: [GC (Allocation Failure) [PSYoungGen: 63360K->1376K(62976K)] 393901K->331917K(582656K), 0.0022014 secs] [Times: user=0.01 sys=0.00, real=0.00 secs] 
713.919: [GC (Allocation Failure) [PSYoungGen: 62816K->1408K(62464K)] 393357K->331949K(582144K), 0.0020177 secs] [Times: user=0.01 sys=0.00, real=0.00 secs] 
714.174: [GC (Allocation Failure) [PSYoungGen: 62336K->1408K(61952K)] 392877K->331949K(581632K), 0.0020292 secs] [Times: user=0.01 sys=0.00, real=0.00 secs] 
714.429: [GC (Allocation Failure) [PSYoungGen: 61824K->1485K(61440K)] 392365K->332026K(581120K), 0.0016860 secs] [Times: user=0.00 sys=0.01, real=0.00 secs] 
714.549: [GC (Allocation Failure) [PSYoungGen: 61389K->1453K(61952K)] 391930K->331994K(581632K), 0.0017232 secs] [Times: user=0.01 sys=0.00, real=0.00 secs] 
714.680: [GC (Allocation Failure) [PSYoungGen: 61357K->1485K(61952K)] 391898K->332034K(581632K), 0.0018753 secs] [Times: user=0.01 sys=0.00, real=0.00 secs] 
714.821: [GC (Allocation Failure) [PSYoungGen: 61389K->1501K(67584K)] 391938K->332050K(587264K), 0.0019975 secs] [Times: user=0.01 sys=0.00, real=0.00 secs] 
715.119: [GC (Allocation Failure) [PSYoungGen: 67037K->1472K(67584K)] 397586K->332021K(587264K), 0.0023277 secs] [Times: user=0.01 sys=0.00, real=0.00 secs] 
715.392: [GC (Allocation Failure) [PSYoungGen: 67008K->1456K(73728K)] 397557K->332029K(593408K), 0.0020585 secs] [Times: user=0.01 sys=0.00, real=0.00 secs] 
715.739: [GC (Allocation Failure) [PSYoungGen: 73136K->1376K(72704K)] 403709K->331949K(592384K), 0.0018715 secs] [Times: user=0.01 sys=0.00, real=0.00 secs] 
716.174: [GC (Allocation Failure) [PSYoungGen: 72544K->1472K(72192K)] 403117K->332045K(591872K), 0.0021418 secs] [Times: user=0.00 sys=0.00, real=0.00 secs] 
717.197: [GC (Allocation Failure) [PSYoungGen: 72128K->1501K(71680K)] 402701K->332074K(591360K), 0.0028026 secs] [Times: user=0.01 sys=0.00, real=0.00 secs] 
717.379: [GC (Allocation Failure) [PSYoungGen: 71645K->1485K(71168K)] 402218K->332058K(590848K), 0.0018461 secs] [Times: user=0.01 sys=0.00, real=0.00 secs] 
717.501: [GC (Allocation Failure) [PSYoungGen: 71117K->1549K(71168K)] 401690K->332130K(590848K), 0.0016354 secs] [Times: user=0.01 sys=0.00, real=0.00 secs] 
717.624: [GC (Allocation Failure) [PSYoungGen: 70669K->1485K(71168K)] 401250K->332074K(590848K), 0.0016907 secs] [Times: user=0.00 sys=0.00, real=0.00 secs] 
718.138: [GC (Allocation Failure) [PSYoungGen: 71117K->1392K(70656K)] 401706K->331981K(590336K), 0.0019883 secs] [Times: user=0.01 sys=0.00, real=0.00 secs] 
718.919: [GC (Allocation Failure) [PSYoungGen: 70512K->1360K(70144K)] 401101K->331949K(589824K), 0.0029752 secs] [Times: user=0.02 sys=0.00, real=0.00 secs] 
719.706: [GC (Allocation Failure) [PSYoungGen: 69968K->1408K(69632K)] 400557K->331997K(589312K), 0.0033520 secs] [Times: user=0.01 sys=0.00, real=0.01 secs] 
720.308: [GC (Allocation Failure) [PSYoungGen: 69504K->1376K(69120K)] 400093K->331965K(588800K), 0.0024175 secs] [Times: user=0.01 sys=0.00, real=0.00 secs] 
720.740: [GC (Allocation Failure) [PSYoungGen: 68960K->1424K(68608K)] 399549K->332013K(588288K), 0.0016745 secs] [Times: user=0.01 sys=0.00, real=0.00 secs] 
720.904: [GC (Allocation Failure) [PSYoungGen: 68479K->1549K(68608K)] 399068K->332138K(588288K), 0.0021206 secs] [Times: user=0.01 sys=0.00, real=0.00 secs] 
721.064: [GC (Allocation Failure) [PSYoungGen: 68109K->1453K(67584K)] 398698K->332042K(587264K), 0.0018598 secs] [Times: user=0.00 sys=0.00, real=0.00 secs] 
721.180: [GC (Allocation Failure) [PSYoungGen: 67501K->1488K(68096K)] 398090K->332093K(587776K), 0.0017843 secs] [Times: user=0.01 sys=0.00, real=0.00 secs] 
721.763: [GC (Allocation Failure) [PSYoungGen: 68048K->1472K(67584K)] 398653K->332077K(587264K), 0.0023908 secs] [Times: user=0.01 sys=0.00, real=0.00 secs] 
722.547: [GC (Allocation Failure) [PSYoungGen: 67520K->1440K(67072K)] 398125K->332045K(586752K), 0.0024578 secs] [Times: user=0.01 sys=0.00, real=0.00 secs] 
723.170: [GC (Allocation Failure) [PSYoungGen: 66976K->1408K(66560K)] 397581K->332013K(586240K), 0.0025174 secs] [Times: user=0.00 sys=0.00, real=0.00 secs] 
723.641: [GC (Allocation Failure) [PSYoungGen: 66432K->1376K(66048K)] 397037K->331981K(585728K), 0.0042983 secs] [Times: user=0.02 sys=0.00, real=0.00 secs] 
724.125: [GC (Allocation Failure) [PSYoungGen: 65888K->1437K(65536K)] 396493K->332042K(585216K), 0.0025920 secs] [Times: user=0.01 sys=0.00, real=0.01 secs] 
724.284: [GC (Allocation Failure) [PSYoungGen: 65437K->1456K(65024K)] 396042K->332061K(584704K), 0.0018905 secs] [Times: user=0.01 sys=0.00, real=0.00 secs] 
724.411: [GC (Allocation Failure) [PSYoungGen: 64944K->1488K(64512K)] 395549K->332093K(584192K), 0.0018217 secs] [Times: user=0.01 sys=0.00, real=0.00 secs] 
724.559: [GC (Allocation Failure) [PSYoungGen: 64464K->1485K(65024K)] 395069K->332098K(584704K), 0.0020672 secs] [Times: user=0.01 sys=0.00, real=0.00 secs] 
724.776: [GC (Allocation Failure) [PSYoungGen: 64016K->1712K(65024K)] 394629K->332333K(584704K), 0.0018472 secs] [Times: user=0.00 sys=0.00, real=0.01 secs] 
725.790: [GC (Allocation Failure) [PSYoungGen: 64688K->1424K(64000K)] 395309K->332045K(583680K), 0.0042025 secs] [Times: user=0.01 sys=0.00, real=0.00 secs] 
726.296: [GC (Allocation Failure) [PSYoungGen: 63888K->1408K(63488K)] 394509K->332029K(583168K), 0.0032336 secs] [Times: user=0.01 sys=0.00, real=0.01 secs] 
726.871: [GC (Allocation Failure) [PSYoungGen: 63360K->1408K(62976K)] 393981K->332029K(582656K), 0.0021587 secs] [Times: user=0.00 sys=0.00, real=0.00 secs] 
727.375: [GC (Allocation Failure) [PSYoungGen: 62848K->1376K(62464K)] 393469K->331997K(582144K), 0.0025551 secs] [Times: user=0.00 sys=0.00, real=0.01 secs] 
727.655: [GC (Allocation Failure) [PSYoungGen: 62304K->1520K(61952K)] 392925K->332141K(581632K), 0.0017554 secs] [Times: user=0.00 sys=0.00, real=0.00 secs] 
727.762: [GC (Allocation Failure) [PSYoungGen: 61936K->1488K(61440K)] 392557K->332109K(581120K), 0.0018108 secs] [Times: user=0.00 sys=0.00, real=0.00 secs] 
727.882: [GC (Allocation Failure) [PSYoungGen: 61392K->1453K(67072K)] 392013K->332090K(586752K), 0.0017337 secs] [Times: user=0.00 sys=0.00, real=0.00 secs] 
728.002: [GC (Allocation Failure) [PSYoungGen: 66960K->1485K(67584K)] 397598K->332122K(587264K), 0.0017223 secs] [Times: user=0.01 sys=0.00, real=0.00 secs] 
728.225: [GC (Allocation Failure) [PSYoungGen: 67021K->1424K(73216K)] 397658K->332061K(592896K), 0.0020999 secs] [Times: user=0.00 sys=0.00, real=0.01 secs] 
728.523: [GC (Allocation Failure) [PSYoungGen: 73104K->1408K(72704K)] 403741K->332045K(592384K), 0.0018305 secs] [Times: user=0.01 sys=0.01, real=0.00 secs] 
728.819: [GC (Allocation Failure) [PSYoungGen: 72576K->1376K(72192K)] 403213K->332013K(591872K), 0.0018381 secs] [Times: user=0.01 sys=0.00, real=0.00 secs] 
729.120: [GC (Allocation Failure) [PSYoungGen: 72032K->1408K(71680K)] 402669K->332045K(591360K), 0.0019304 secs] [Times: user=0.01 sys=0.00, real=0.00 secs] 
729.458: [GC (Allocation Failure) [PSYoungGen: 71552K->1488K(71168K)] 402189K->332125K(590848K), 0.0017364 secs] [Times: user=0.01 sys=0.00, real=0.00 secs] 
729.604: [GC (Allocation Failure) [PSYoungGen: 71120K->1485K(70656K)] 401757K->332122K(590336K), 0.0019984 secs] [Times: user=0.00 sys=0.00, real=0.00 secs] 
729.768: [GC (Allocation Failure) [PSYoungGen: 70605K->1485K(71168K)] 401242K->332138K(590848K), 0.0020638 secs] [Times: user=0.01 sys=0.00, real=0.00 secs] 
729.947: [GC (Allocation Failure) [PSYoungGen: 70605K->1517K(71168K)] 401258K->332170K(590848K), 0.0021114 secs] [Times: user=0.01 sys=0.00, real=0.00 secs] 
730.230: [GC (Allocation Failure) [PSYoungGen: 70637K->1424K(70144K)] 401290K->332077K(589824K), 0.0020777 secs] [Times: user=0.01 sys=0.00, real=0.00 secs] 
730.515: [GC (Allocation Failure) [PSYoungGen: 70032K->1408K(69632K)] 400685K->332061K(589312K), 0.0022102 secs] [Times: user=0.01 sys=0.00, real=0.01 secs] 
730.799: [GC (Allocation Failure) [PSYoungGen: 69504K->1408K(69120K)] 400157K->332061K(588800K), 0.0020977 secs] [Times: user=0.01 sys=0.00, real=0.00 secs] 
731.084: [GC (Allocation Failure) [PSYoungGen: 68992K->1376K(68608K)] 399645K->332037K(588288K), 0.0024134 secs] [Times: user=0.01 sys=0.00, real=0.00 secs] 
731.352: [GC (Allocation Failure) [PSYoungGen: 68448K->1453K(68096K)] 399109K->332114K(587776K), 0.0020031 secs] [Times: user=0.00 sys=0.00, real=0.00 secs] 
731.481: [GC (Allocation Failure) [PSYoungGen: 68013K->1456K(67584K)] 398674K->332117K(587264K), 0.0016909 secs] [Times: user=0.01 sys=0.00, real=0.00 secs] 
731.597: [GC (Allocation Failure) [PSYoungGen: 67504K->1488K(73728K)] 398165K->332149K(593408K), 0.0016886 secs] [Times: user=0.01 sys=0.00, real=0.00 secs] 
731.723: [GC (Allocation Failure) [PSYoungGen: 73680K->1533K(74240K)] 404341K->332202K(593920K), 0.0016159 secs] [Times: user=0.00 sys=0.00, real=0.00 secs] 
732.037: [GC (Allocation Failure) [PSYoungGen: 73725K->1408K(80384K)] 404394K->332085K(600064K), 0.0020426 secs] [Times: user=0.01 sys=0.00, real=0.00 secs] 
732.365: [GC (Allocation Failure) [PSYoungGen: 80256K->1392K(79872K)] 410933K->332069K(599552K), 0.0017970 secs] [Times: user=0.01 sys=0.00, real=0.01 secs] 
732.691: [GC (Allocation Failure) [PSYoungGen: 79728K->1376K(79360K)] 410405K->332053K(599040K), 0.0018770 secs] [Times: user=0.00 sys=0.00, real=0.00 secs] 
733.010: [GC (Allocation Failure) [PSYoungGen: 79200K->1437K(78848K)] 409877K->332122K(598528K), 0.0020244 secs] [Times: user=0.00 sys=0.00, real=0.00 secs] 
733.149: [GC (Allocation Failure) [PSYoungGen: 78749K->1520K(78336K)] 409434K->332205K(598016K), 0.0016213 secs] [Times: user=0.00 sys=0.00, real=0.00 secs] 
733.282: [GC (Allocation Failure) [PSYoungGen: 78320K->1520K(77824K)] 409005K->332205K(597504K), 0.0016832 secs] [Times: user=0.01 sys=0.00, real=0.00 secs] 
733.440: [GC (Allocation Failure) [PSYoungGen: 77808K->1517K(78336K)] 408493K->332202K(598016K), 0.0017978 secs] [Times: user=0.00 sys=0.00, real=0.00 secs] 
735.662: [GC (Allocation Failure) [PSYoungGen: 77805K->1424K(77312K)] 408490K->332117K(596992K), 0.0023416 secs] [Times: user=0.01 sys=0.00, real=0.00 secs] 
736.543: [GC (Allocation Failure) [PSYoungGen: 77200K->1440K(76800K)] 407893K->332133K(596480K), 0.0024708 secs] [Times: user=0.01 sys=0.00, real=0.00 secs] 
736.847: [GC (Allocation Failure) [PSYoungGen: 76704K->1376K(76288K)] 407397K->332069K(595968K), 0.0020080 secs] [Times: user=0.01 sys=0.00, real=0.00 secs] 
737.462: [GC (Allocation Failure) [PSYoungGen: 76128K->1469K(75776K)] 406821K->332162K(595456K), 0.0022526 secs] [Times: user=0.01 sys=0.00, real=0.00 secs] 
737.624: [GC (Allocation Failure) [PSYoungGen: 75709K->1517K(75264K)] 406402K->332234K(594944K), 0.0018814 secs] [Times: user=0.00 sys=0.00, real=0.00 secs] 
737.755: [GC (Allocation Failure) [PSYoungGen: 75245K->1453K(74752K)] 405962K->332170K(594432K), 0.0017579 secs] [Times: user=0.01 sys=0.00, real=0.00 secs] 
737.904: [GC (Allocation Failure) [PSYoungGen: 74669K->1517K(75264K)] 405386K->332234K(594944K), 0.0020609 secs] [Times: user=0.00 sys=0.00, real=0.00 secs] 
738.534: [GC (Allocation Failure) [PSYoungGen: 74733K->1488K(74240K)] 405450K->332205K(593920K), 0.0023721 secs] [Times: user=0.01 sys=0.00, real=0.01 secs] 
739.142: [GC (Allocation Failure) [PSYoungGen: 74192K->1408K(73728K)] 404909K->332125K(593408K), 0.0022695 secs] [Times: user=0.01 sys=0.00, real=0.00 secs] 
739.698: [GC (Allocation Failure) [PSYoungGen: 73600K->1376K(73216K)] 404317K->332093K(592896K), 0.0022376 secs] [Times: user=0.00 sys=0.00, real=0.00 secs] 
740.443: [GC (Allocation Failure) [PSYoungGen: 73056K->1408K(72704K)] 403773K->332125K(592384K), 0.0033803 secs] [Times: user=0.01 sys=0.00, real=0.00 secs] 
740.821: [GC (Allocation Failure) [PSYoungGen: 72576K->1488K(72192K)] 403293K->332205K(591872K), 0.0019070 secs] [Times: user=0.01 sys=0.00, real=0.00 secs] 
740.956: [GC (Allocation Failure) [PSYoungGen: 72144K->1437K(71680K)] 402861K->332154K(591360K), 0.0016145 secs] [Times: user=0.00 sys=0.00, real=0.01 secs] 
741.078: [GC (Allocation Failure) [PSYoungGen: 71581K->1485K(71168K)] 402298K->332202K(590848K), 0.0017524 secs] [Times: user=0.01 sys=0.00, real=0.00 secs] 
741.212: [GC (Allocation Failure) [PSYoungGen: 71117K->1472K(78336K)] 401834K->332189K(598016K), 0.0015284 secs] [Times: user=0.00 sys=0.00, real=0.00 secs] 
742.395: [GC (Allocation Failure) [PSYoungGen: 77760K->1440K(77312K)] 408477K->332173K(596992K), 0.0030680 secs] [Times: user=0.01 sys=0.00, real=0.01 secs] 
743.079: [GC (Allocation Failure) [PSYoungGen: 77216K->1408K(76800K)] 407949K->332141K(596480K), 0.0027614 secs] [Times: user=0.01 sys=0.00, real=0.00 secs] 
743.967: [GC (Allocation Failure) [PSYoungGen: 76672K->1440K(76288K)] 407405K->332173K(595968K), 0.0023065 secs] [Times: user=0.01 sys=0.00, real=0.00 secs] 
745.582: [GC (Allocation Failure) [PSYoungGen: 76192K->1517K(75776K)] 406925K->332250K(595456K), 0.0025788 secs] [Times: user=0.01 sys=0.00, real=0.00 secs] 
745.770: [GC (Allocation Failure) [PSYoungGen: 75757K->1517K(75264K)] 406490K->332250K(594944K), 0.0017987 secs] [Times: user=0.00 sys=0.00, real=0.00 secs] 
745.899: [GC (Allocation Failure) [PSYoungGen: 75245K->1533K(74752K)] 405978K->332266K(594432K), 0.0018482 secs] [Times: user=0.00 sys=0.00, real=0.00 secs] 
746.047: [GC (Allocation Failure) [PSYoungGen: 74749K->1517K(74240K)] 405482K->332250K(593920K), 0.0019714 secs] [Times: user=0.01 sys=0.01, real=0.00 secs] 
746.379: [GC (Allocation Failure) [PSYoungGen: 74221K->1408K(73728K)] 404954K->332141K(593408K), 0.0021368 secs] [Times: user=0.00 sys=0.00, real=0.00 secs] 
746.680: [GC (Allocation Failure) [PSYoungGen: 73600K->1376K(73216K)] 404333K->332109K(592896K), 0.0021611 secs] [Times: user=0.01 sys=0.00, real=0.00 secs] 
746.979: [GC (Allocation Failure) [PSYoungGen: 73056K->1376K(72704K)] 403789K->332109K(592384K), 0.0021603 secs] [Times: user=0.01 sys=0.00, real=0.00 secs] 
747.274: [GC (Allocation Failure) [PSYoungGen: 72544K->1360K(72192K)] 403277K->332093K(591872K), 0.0021236 secs] [Times: user=0.01 sys=0.00, real=0.00 secs] 
747.452: [GC (Allocation Failure) [PSYoungGen: 72016K->1488K(71680K)] 402749K->332221K(591360K), 0.0016065 secs] [Times: user=0.01 sys=0.00, real=0.00 secs] 
747.574: [GC (Allocation Failure) [PSYoungGen: 71632K->1485K(71168K)] 402365K->332218K(590848K), 0.0016691 secs] [Times: user=0.01 sys=0.00, real=0.00 secs] 
747.696: [GC (Allocation Failure) [PSYoungGen: 71117K->1488K(71680K)] 401850K->332221K(591360K), 0.0016929 secs] [Times: user=0.01 sys=0.00, real=0.01 secs] 
747.880: [GC (Allocation Failure) [PSYoungGen: 71120K->1472K(78336K)] 401853K->332205K(598016K), 0.0019387 secs] [Times: user=0.01 sys=0.00, real=0.00 secs] 
748.197: [GC (Allocation Failure) [PSYoungGen: 77760K->1392K(77312K)] 408493K->332149K(596992K), 0.0020389 secs] [Times: user=0.00 sys=0.00, real=0.00 secs] 
748.512: [GC (Allocation Failure) [PSYoungGen: 77168K->1360K(76800K)] 407925K->332117K(596480K), 0.0018871 secs] [Times: user=0.01 sys=0.00, real=0.00 secs] 
748.826: [GC (Allocation Failure) [PSYoungGen: 76624K->1344K(76288K)] 407381K->332101K(595968K), 0.0020735 secs] [Times: user=0.01 sys=0.00, real=0.01 secs] 
749.388: [GC (Allocation Failure) [PSYoungGen: 76096K->1485K(75776K)] 406853K->332242K(595456K), 0.0019629 secs] [Times: user=0.00 sys=0.00, real=0.00 secs] 
749.569: [GC (Allocation Failure) [PSYoungGen: 75725K->1517K(75264K)] 406482K->332274K(594944K), 0.0019754 secs] [Times: user=0.00 sys=0.00, real=0.00 secs] 
749.725: [GC (Allocation Failure) [PSYoungGen: 75245K->1485K(74752K)] 406002K->332242K(594432K), 0.0017901 secs] [Times: user=0.01 sys=0.00, real=0.01 secs] 
749.876: [GC (Allocation Failure) [PSYoungGen: 74701K->1485K(74240K)] 405458K->332242K(593920K), 0.0017811 secs] [Times: user=0.01 sys=0.00, real=0.01 secs] 
750.201: [GC (Allocation Failure) [PSYoungGen: 74189K->1440K(73728K)] 404946K->332197K(593408K), 0.0019721 secs] [Times: user=0.00 sys=0.00, real=0.00 secs] 
750.754: [GC (Allocation Failure) [PSYoungGen: 73632K->1328K(73216K)] 404389K->332085K(592896K), 0.0022716 secs] [Times: user=0.00 sys=0.00, real=0.01 secs] 
751.324: [GC (Allocation Failure) [PSYoungGen: 73008K->1344K(72704K)] 403765K->332101K(592384K), 0.0026799 secs] [Times: user=0.01 sys=0.00, real=0.00 secs] 
752.967: [GC (Allocation Failure) [PSYoungGen: 72512K->1488K(72192K)] 403269K->332245K(591872K), 0.0040028 secs] [Times: user=0.02 sys=0.00, real=0.00 secs] 
753.191: [GC (Allocation Failure) [PSYoungGen: 72144K->1520K(71680K)] 402901K->332277K(591360K), 0.0020303 secs] [Times: user=0.01 sys=0.00, real=0.00 secs] 
753.351: [GC (Allocation Failure) [PSYoungGen: 71664K->1453K(71168K)] 402421K->332210K(590848K), 0.0017445 secs] [Times: user=0.00 sys=0.00, real=0.00 secs] 
753.505: [GC (Allocation Failure) [PSYoungGen: 71085K->1453K(70656K)] 401842K->332210K(590336K), 0.0018868 secs] [Times: user=0.01 sys=0.00, real=0.01 secs] 
753.749: [GC (Allocation Failure) [PSYoungGen: 70573K->1440K(70144K)] 401330K->332213K(589824K), 0.0020814 secs] [Times: user=0.00 sys=0.00, real=0.00 secs] 
754.069: [GC (Allocation Failure) [PSYoungGen: 70048K->1376K(69632K)] 400821K->332149K(589312K), 0.0020352 secs] [Times: user=0.01 sys=0.00, real=0.00 secs] 
754.451: [GC (Allocation Failure) [PSYoungGen: 69472K->1440K(69120K)] 400245K->332213K(588800K), 0.0021432 secs] [Times: user=0.01 sys=0.00, real=0.00 secs] 
754.896: [GC (Allocation Failure) [PSYoungGen: 69024K->1440K(68608K)] 399797K->332213K(588288K), 0.0020467 secs] [Times: user=0.01 sys=0.00, real=0.01 secs] 
755.572: [GC (Allocation Failure) [PSYoungGen: 68512K->1469K(68096K)] 399285K->332242K(587776K), 0.0023166 secs] [Times: user=0.01 sys=0.00, real=0.00 secs] 
755.763: [GC (Allocation Failure) [PSYoungGen: 68029K->1485K(67584K)] 398802K->332258K(587264K), 0.0023269 secs] [Times: user=0.01 sys=0.00, real=0.00 secs] 
755.915: [GC (Allocation Failure) [PSYoungGen: 67533K->1485K(67072K)] 398306K->332258K(586752K), 0.0016917 secs] [Times: user=0.01 sys=0.00, real=0.00 secs] 
756.031: [GC (Allocation Failure) [PSYoungGen: 67021K->1517K(67584K)] 397794K->332290K(587264K), 0.0017623 secs] [Times: user=0.01 sys=0.00, real=0.00 secs] 
756.314: [GC (Allocation Failure) [PSYoungGen: 67053K->1456K(66560K)] 397826K->332229K(586240K), 0.0022691 secs] [Times: user=0.01 sys=0.00, real=0.00 secs] 
756.593: [GC (Allocation Failure) [PSYoungGen: 66480K->1376K(66048K)] 397253K->332149K(585728K), 0.0020444 secs] [Times: user=0.01 sys=0.00, real=0.00 secs] 
757.106: [GC (Allocation Failure) [PSYoungGen: 65888K->1376K(65536K)] 396661K->332173K(585216K), 0.0021704 secs] [Times: user=0.01 sys=0.00, real=0.01 secs] 
757.683: [GC (Allocation Failure) [PSYoungGen: 65376K->1408K(65024K)] 396173K->332205K(584704K), 0.0022522 secs] [Times: user=0.01 sys=0.00, real=0.00 secs] 
758.292: [GC (Allocation Failure) [PSYoungGen: 64896K->1440K(64512K)] 395693K->332237K(584192K), 0.0021182 secs] [Times: user=0.01 sys=0.00, real=0.00 secs] 
758.476: [GC (Allocation Failure) [PSYoungGen: 64416K->1456K(64000K)] 395213K->332253K(583680K), 0.0017258 secs] [Times: user=0.00 sys=0.00, real=0.01 secs] 
758.587: [GC (Allocation Failure) [PSYoungGen: 63920K->1485K(63488K)] 394717K->332282K(583168K), 0.0018115 secs] [Times: user=0.00 sys=0.00, real=0.00 secs] 
758.697: [GC (Allocation Failure) [PSYoungGen: 63437K->1456K(64000K)] 394234K->332269K(583680K), 0.0016932 secs] [Times: user=0.00 sys=0.00, real=0.00 secs] 
758.807: [GC (Allocation Failure) [PSYoungGen: 63408K->1565K(64000K)] 394221K->332378K(583680K), 0.0015425 secs] [Times: user=0.00 sys=0.00, real=0.00 secs] 
759.167: [GC (Allocation Failure) [PSYoungGen: 63517K->1440K(70144K)] 394330K->332253K(589824K), 0.0019001 secs] [Times: user=0.01 sys=0.00, real=0.01 secs] 
759.724: [GC (Allocation Failure) [PSYoungGen: 69536K->1392K(69120K)] 400349K->332205K(588800K), 0.0020459 secs] [Times: user=0.01 sys=0.00, real=0.00 secs] 
760.348: [GC (Allocation Failure) [PSYoungGen: 68976K->1376K(68608K)] 399789K->332189K(588288K), 0.0021062 secs] [Times: user=0.01 sys=0.00, real=0.00 secs] 
761.081: [GC (Allocation Failure) [PSYoungGen: 68448K->1408K(68096K)] 399261K->332221K(587776K), 0.0026467 secs] [Times: user=0.01 sys=0.00, real=0.00 secs] 
761.499: [GC (Allocation Failure) [PSYoungGen: 67968K->1517K(67584K)] 398781K->332330K(587264K), 0.0019526 secs] [Times: user=0.00 sys=0.00, real=0.00 secs] 
761.626: [GC (Allocation Failure) [PSYoungGen: 67565K->1520K(67072K)] 398378K->332333K(586752K), 0.0016982 secs] [Times: user=0.01 sys=0.00, real=0.01 secs] 
761.746: [GC (Allocation Failure) [PSYoungGen: 67056K->1520K(66560K)] 397869K->332349K(586240K), 0.0016310 secs] [Times: user=0.00 sys=0.00, real=0.01 secs] 
761.864: [GC (Allocation Failure) [PSYoungGen: 66544K->1520K(67072K)] 397373K->332349K(586752K), 0.0017349 secs] [Times: user=0.01 sys=0.00, real=0.00 secs] 
762.935: [GC (Allocation Failure) [PSYoungGen: 66544K->1408K(66048K)] 397373K->332237K(585728K), 0.0023719 secs] [Times: user=0.01 sys=0.00, real=0.01 secs] 
763.897: [GC (Allocation Failure) [PSYoungGen: 65920K->1408K(65536K)] 396749K->332237K(585216K), 0.0025560 secs] [Times: user=0.01 sys=0.00, real=0.00 secs] 
764.679: [GC (Allocation Failure) [PSYoungGen: 65408K->1376K(65024K)] 396237K->332205K(584704K), 0.0021418 secs] [Times: user=0.01 sys=0.00, real=0.00 secs] 
765.225: [GC (Allocation Failure) [PSYoungGen: 64864K->1392K(64512K)] 395693K->332221K(584192K), 0.0023372 secs] [Times: user=0.01 sys=0.01, real=0.01 secs] 
765.879: [GC (Allocation Failure) [PSYoungGen: 64368K->1405K(64000K)] 395197K->332234K(583680K), 0.0023071 secs] [Times: user=0.00 sys=0.00, real=0.00 secs] 
766.029: [GC (Allocation Failure) [PSYoungGen: 63869K->1440K(63488K)] 394698K->332269K(583168K), 0.0019593 secs] [Times: user=0.00 sys=0.00, real=0.00 secs] 
766.154: [GC (Allocation Failure) [PSYoungGen: 63392K->1488K(62976K)] 394221K->332317K(582656K), 0.0018004 secs] [Times: user=0.00 sys=0.00, real=0.00 secs] 
766.288: [GC (Allocation Failure) [PSYoungGen: 62928K->1485K(68608K)] 393757K->332322K(588288K), 0.0018081 secs] [Times: user=0.01 sys=0.00, real=0.00 secs] 
766.692: [GC (Allocation Failure) [PSYoungGen: 68557K->1984K(68608K)] 399394K->332821K(588288K), 0.0025457 secs] [Times: user=0.01 sys=0.00, real=0.00 secs] 
767.652: [GC (Allocation Failure) [PSYoungGen: 68544K->1408K(67584K)] 399381K->332245K(587264K), 0.0033078 secs] [Times: user=0.01 sys=0.00, real=0.00 secs] 
768.516: [GC (Allocation Failure) [PSYoungGen: 67456K->1408K(67072K)] 398293K->332245K(586752K), 0.0029221 secs] [Times: user=0.02 sys=0.00, real=0.01 secs] 
769.076: [GC (Allocation Failure) [PSYoungGen: 66944K->1376K(66560K)] 397781K->332229K(586240K), 0.0027954 secs] [Times: user=0.01 sys=0.00, real=0.01 secs] 
769.620: [GC (Allocation Failure) [PSYoungGen: 66400K->1408K(66048K)] 397253K->332261K(585728K), 0.0027120 secs] [Times: user=0.01 sys=0.00, real=0.00 secs] 
769.852: [GC (Allocation Failure) [PSYoungGen: 65920K->1485K(65536K)] 396773K->332338K(585216K), 0.0020282 secs] [Times: user=0.01 sys=0.00, real=0.00 secs] 
769.967: [GC (Allocation Failure) [PSYoungGen: 65485K->1485K(65024K)] 396338K->332338K(584704K), 0.0015594 secs] [Times: user=0.00 sys=0.00, real=0.00 secs] 
770.079: [GC (Allocation Failure) [PSYoungGen: 64973K->1485K(66048K)] 395826K->332354K(585728K), 0.0016177 secs] [Times: user=0.01 sys=0.00, real=0.00 secs] 
770.192: [GC (Allocation Failure) [PSYoungGen: 65485K->1520K(71168K)] 396354K->332389K(590848K), 0.0016056 secs] [Times: user=0.01 sys=0.00, real=0.00 secs] 
771.041: [GC (Allocation Failure) [PSYoungGen: 70640K->1456K(70144K)] 401509K->332325K(589824K), 0.0017953 secs] [Times: user=0.01 sys=0.00, real=0.00 secs] 
771.715: [GC (Allocation Failure) [PSYoungGen: 70064K->1440K(69632K)] 400933K->332309K(589312K), 0.0022629 secs] [Times: user=0.00 sys=0.00, real=0.01 secs] 
772.181: [GC (Allocation Failure) [PSYoungGen: 69536K->1408K(69120K)] 400405K->332277K(588800K), 0.0023321 secs] [Times: user=0.01 sys=0.00, real=0.00 secs] 
772.649: [GC (Allocation Failure) [PSYoungGen: 68992K->1408K(68608K)] 399861K->332277K(588288K), 0.0027709 secs] [Times: user=0.01 sys=0.00, real=0.00 secs] 
772.962: [GC (Allocation Failure) [PSYoungGen: 68480K->1549K(68608K)] 399349K->332418K(588288K), 0.0020715 secs] [Times: user=0.00 sys=0.00, real=0.00 secs] 
773.121: [GC (Allocation Failure) [PSYoungGen: 68109K->1456K(67584K)] 398978K->332325K(587264K), 0.0018583 secs] [Times: user=0.00 sys=0.00, real=0.00 secs] 
773.267: [GC (Allocation Failure) [PSYoungGen: 67504K->1517K(67072K)] 398373K->332402K(586752K), 0.0017381 secs] [Times: user=0.00 sys=0.00, real=0.00 secs] 
773.382: [GC (Allocation Failure) [PSYoungGen: 67027K->1485K(67584K)] 397912K->332370K(587264K), 0.0018062 secs] [Times: user=0.01 sys=0.00, real=0.00 secs] 
773.789: [GC (Allocation Failure) [PSYoungGen: 67533K->1456K(68096K)] 398418K->332341K(587776K), 0.0036832 secs] [Times: user=0.02 sys=0.00, real=0.00 secs] 
774.374: [GC (Allocation Failure) [PSYoungGen: 67504K->1376K(67072K)] 398389K->332261K(586752K), 0.0041956 secs] [Times: user=0.02 sys=0.00, real=0.01 secs] 
775.058: [GC (Allocation Failure) [PSYoungGen: 66912K->1424K(66560K)] 397797K->332309K(586240K), 0.0041669 secs] [Times: user=0.01 sys=0.01, real=0.00 secs] 
775.723: [GC (Allocation Failure) [PSYoungGen: 66448K->1344K(66048K)] 397333K->332229K(585728K), 0.0032204 secs] [Times: user=0.02 sys=0.00, real=0.00 secs] 
776.102: [GC (Allocation Failure) [PSYoungGen: 65856K->1421K(65536K)] 396741K->332306K(585216K), 0.0023026 secs] [Times: user=0.01 sys=0.00, real=0.00 secs] 
776.231: [GC (Allocation Failure) [PSYoungGen: 65421K->1488K(65024K)] 396306K->332373K(584704K), 0.0015496 secs] [Times: user=0.00 sys=0.00, real=0.00 secs] 
776.342: [GC (Allocation Failure) [PSYoungGen: 64976K->1504K(71680K)] 395861K->332389K(591360K), 0.0017802 secs] [Times: user=0.00 sys=0.00, real=0.00 secs] 
776.482: [GC (Allocation Failure) [PSYoungGen: 71136K->1453K(71680K)] 402021K->332346K(591360K), 0.0018134 secs] [Times: user=0.00 sys=0.00, real=0.00 secs] 
776.941: [GC (Allocation Failure) [PSYoungGen: 71085K->1424K(70656K)] 401978K->332333K(590336K), 0.0020103 secs] [Times: user=0.01 sys=0.00, real=0.00 secs] 
777.436: [GC (Allocation Failure) [PSYoungGen: 70544K->1376K(70144K)] 401453K->332285K(589824K), 0.0030596 secs] [Times: user=0.01 sys=0.00, real=0.01 secs] 
777.723: [GC (Allocation Failure) [PSYoungGen: 69984K->1376K(69632K)] 400893K->332285K(589312K), 0.0021485 secs] [Times: user=0.01 sys=0.00, real=0.00 secs] 
778.152: [GC (Allocation Failure) [PSYoungGen: 69472K->1408K(69120K)] 400381K->332317K(588800K), 0.0021908 secs] [Times: user=0.01 sys=0.00, real=0.00 secs] 
778.582: [GC (Allocation Failure) [PSYoungGen: 68992K->1453K(68608K)] 399901K->332362K(588288K), 0.0026185 secs] [Times: user=0.01 sys=0.00, real=0.00 secs] 
778.748: [GC (Allocation Failure) [PSYoungGen: 68525K->1488K(68096K)] 399434K->332397K(587776K), 0.0017464 secs] [Times: user=0.01 sys=0.00, real=0.00 secs] 
778.864: [GC (Allocation Failure) [PSYoungGen: 68048K->1424K(67584K)] 398957K->332333K(587264K), 0.0017236 secs] [Times: user=0.01 sys=0.00, real=0.00 secs] 
778.981: [GC (Allocation Failure) [PSYoungGen: 67472K->1453K(68096K)] 398381K->332370K(587776K), 0.0016499 secs] [Times: user=0.01 sys=0.00, real=0.00 secs] 
779.278: [GC (Allocation Failure) [PSYoungGen: 67501K->1408K(68096K)] 398418K->332325K(587776K), 0.0026486 secs] [Times: user=0.01 sys=0.00, real=0.00 secs] 
779.552: [GC (Allocation Failure) [PSYoungGen: 67456K->1408K(74240K)] 398373K->332325K(593920K), 0.0021758 secs] [Times: user=0.01 sys=0.00, real=0.00 secs] 
779.882: [GC (Allocation Failure) [PSYoungGen: 73600K->1376K(73216K)] 404517K->332293K(592896K), 0.0021598 secs] [Times: user=0.01 sys=0.00, real=0.00 secs] 
780.454: [GC (Allocation Failure) [PSYoungGen: 73056K->1344K(72704K)] 403973K->332261K(592384K), 0.0030037 secs] [Times: user=0.01 sys=0.00, real=0.01 secs] 
780.853: [GC (Allocation Failure) [PSYoungGen: 72512K->1453K(72192K)] 403429K->332370K(591872K), 0.0022114 secs] [Times: user=0.01 sys=0.00, real=0.00 secs] 
781.012: [GC (Allocation Failure) [PSYoungGen: 72085K->1488K(71680K)] 403003K->332405K(591360K), 0.0017238 secs] [Times: user=0.00 sys=0.00, real=0.00 secs] 
781.135: [GC (Allocation Failure) [PSYoungGen: 71632K->1517K(71168K)] 402549K->332434K(590848K), 0.0016176 secs] [Times: user=0.01 sys=0.00, real=0.00 secs] 
781.257: [GC (Allocation Failure) [PSYoungGen: 71149K->1485K(71680K)] 402066K->332418K(591360K), 0.0015606 secs] [Times: user=0.01 sys=0.00, real=0.00 secs] 
781.932: [GC (Allocation Failure) [PSYoungGen: 71117K->1424K(70656K)] 402050K->332357K(590336K), 0.0022458 secs] [Times: user=0.00 sys=0.00, real=0.00 secs] 
782.460: [GC (Allocation Failure) [PSYoungGen: 70544K->1408K(70144K)] 401477K->332341K(589824K), 0.0029472 secs] [Times: user=0.01 sys=0.00, real=0.00 secs] 
783.259: [GC (Allocation Failure) [PSYoungGen: 70016K->1376K(69632K)] 400949K->332309K(589312K), 0.0031674 secs] [Times: user=0.01 sys=0.00, real=0.00 secs] 
784.001: [GC (Allocation Failure) [PSYoungGen: 69472K->1424K(69120K)] 400405K->332357K(588800K), 0.0036782 secs] [Times: user=0.01 sys=0.00, real=0.00 secs] 
784.318: [GC (Allocation Failure) [PSYoungGen: 69008K->1520K(68608K)] 399941K->332453K(588288K), 0.0019032 secs] [Times: user=0.01 sys=0.00, real=0.00 secs] 
784.441: [GC (Allocation Failure) [PSYoungGen: 68592K->1485K(68096K)] 399525K->332418K(587776K), 0.0015816 secs] [Times: user=0.00 sys=0.00, real=0.00 secs] 
784.574: [GC (Allocation Failure) [PSYoungGen: 68045K->1488K(67584K)] 398978K->332421K(587264K), 0.0018820 secs] [Times: user=0.00 sys=0.01, real=0.00 secs] 
784.721: [GC (Allocation Failure) [PSYoungGen: 67536K->1421K(68096K)] 398469K->332362K(587776K), 0.0019160 secs] [Times: user=0.00 sys=0.00, real=0.00 secs] 
785.026: [GC (Allocation Failure) [PSYoungGen: 67469K->1408K(67072K)] 398410K->332349K(586752K), 0.0019174 secs] [Times: user=0.01 sys=0.00, real=0.01 secs] 
785.298: [GC (Allocation Failure) [PSYoungGen: 66944K->1376K(66560K)] 397885K->332317K(586240K), 0.0019191 secs] [Times: user=0.01 sys=0.00, real=0.00 secs] 
785.569: [GC (Allocation Failure) [PSYoungGen: 66400K->1360K(66048K)] 397341K->332301K(585728K), 0.0019618 secs] [Times: user=0.01 sys=0.00, real=0.00 secs] 
785.838: [GC (Allocation Failure) [PSYoungGen: 65872K->1408K(65536K)] 396813K->332349K(585216K), 0.0019215 secs] [Times: user=0.01 sys=0.00, real=0.00 secs] 
786.113: [GC (Allocation Failure) [PSYoungGen: 65408K->1485K(65024K)] 396349K->332426K(584704K), 0.0018460 secs] [Times: user=0.00 sys=0.00, real=0.00 secs] 
786.224: [GC (Allocation Failure) [PSYoungGen: 64973K->1456K(64512K)] 395914K->332397K(584192K), 0.0016482 secs] [Times: user=0.00 sys=0.00, real=0.00 secs] 
786.335: [GC (Allocation Failure) [PSYoungGen: 64432K->1453K(65024K)] 395373K->332426K(584704K), 0.0016617 secs] [Times: user=0.00 sys=0.00, real=0.01 secs] 
786.446: [GC (Allocation Failure) [PSYoungGen: 64429K->1440K(71168K)] 395402K->332421K(590848K), 0.0017145 secs] [Times: user=0.00 sys=0.00, real=0.01 secs] 
786.849: [GC (Allocation Failure) [PSYoungGen: 70560K->1456K(71168K)] 401541K->332437K(590848K), 0.0017093 secs] [Times: user=0.01 sys=0.00, real=0.00 secs] 
787.360: [GC (Allocation Failure) [PSYoungGen: 70576K->1408K(70144K)] 401557K->332389K(589824K), 0.0018440 secs] [Times: user=0.00 sys=0.00, real=0.00 secs] 
788.019: [GC (Allocation Failure) [PSYoungGen: 70016K->1376K(69632K)] 400997K->332357K(589312K), 0.0030759 secs] [Times: user=0.01 sys=0.00, real=0.00 secs] 
788.686: [GC (Allocation Failure) [PSYoungGen: 69472K->352K(68096K)] 400453K->332357K(587776K), 0.0029569 secs] [Times: user=0.01 sys=0.00, real=0.01 secs] 
789.162: [GC (Allocation Failure) [PSYoungGen: 67936K->1453K(69120K)] 399941K->333458K(588800K), 0.0021484 secs] [Times: user=0.01 sys=0.00, real=0.00 secs] 
789.303: [GC (Allocation Failure) [PSYoungGen: 68525K->1517K(68096K)] 400530K->333522K(587776K), 0.0017222 secs] [Times: user=0.01 sys=0.00, real=0.00 secs] 
789.421: [GC (Allocation Failure) [PSYoungGen: 68077K->1424K(67584K)] 400082K->333429K(587264K), 0.0016167 secs] [Times: user=0.00 sys=0.00, real=0.00 secs] 
789.537: [GC (Allocation Failure) [PSYoungGen: 67472K->1456K(73728K)] 399477K->333469K(593408K), 0.0016369 secs] [Times: user=0.00 sys=0.00, real=0.00 secs] 
790.095: [GC (Allocation Failure) [PSYoungGen: 73648K->1440K(73216K)] 405661K->333461K(592896K), 0.0017776 secs] [Times: user=0.01 sys=0.00, real=0.01 secs] 
790.568: [GC (Allocation Failure) [PSYoungGen: 73120K->1408K(72704K)] 405141K->333429K(592384K), 0.0022515 secs] [Times: user=0.01 sys=0.00, real=0.00 secs] 
791.225: [GC (Allocation Failure) [PSYoungGen: 72576K->1376K(72192K)] 404597K->333397K(591872K), 0.0030542 secs] [Times: user=0.01 sys=0.00, real=0.01 secs] 
791.856: [GC (Allocation Failure) [PSYoungGen: 72032K->1408K(71680K)] 404053K->333429K(591360K), 0.0026228 secs] [Times: user=0.01 sys=0.00, real=0.01 secs] 
792.207: [GC (Allocation Failure) [PSYoungGen: 71552K->1517K(71168K)] 403573K->333538K(590848K), 0.0019848 secs] [Times: user=0.01 sys=0.00, real=0.00 secs] 
792.375: [GC (Allocation Failure) [PSYoungGen: 71149K->1488K(70656K)] 403170K->333509K(590336K), 0.0018655 secs] [Times: user=0.01 sys=0.00, real=0.01 secs] 
792.550: [GC (Allocation Failure) [PSYoungGen: 70608K->1488K(70144K)] 402629K->333509K(589824K), 0.0023909 secs] [Times: user=0.01 sys=0.00, real=0.00 secs] 
792.755: [GC (Allocation Failure) [PSYoungGen: 70096K->1517K(69632K)] 402117K->333570K(589312K), 0.0022286 secs] [Times: user=0.00 sys=0.00, real=0.01 secs] 
793.359: [GC (Allocation Failure) [PSYoungGen: 69613K->1440K(69120K)] 401666K->333493K(588800K), 0.0025655 secs] [Times: user=0.01 sys=0.00, real=0.00 secs] 
794.098: [GC (Allocation Failure) [PSYoungGen: 69024K->1376K(68608K)] 401077K->333429K(588288K), 0.0026924 secs] [Times: user=0.01 sys=0.00, real=0.00 secs] 
794.715: [GC (Allocation Failure) [PSYoungGen: 68448K->1408K(68096K)] 400501K->333461K(587776K), 0.0023356 secs] [Times: user=0.01 sys=0.00, real=0.01 secs] 
795.589: [GC (Allocation Failure) [PSYoungGen: 67968K->1344K(67584K)] 400021K->333397K(587264K), 0.0024489 secs] [Times: user=0.01 sys=0.00, real=0.00 secs] 
796.016: [GC (Allocation Failure) [PSYoungGen: 67392K->1485K(67072K)] 399445K->333538K(586752K), 0.0018835 secs] [Times: user=0.01 sys=0.00, real=0.01 secs] 
796.132: [GC (Allocation Failure) [PSYoungGen: 67021K->1453K(66560K)] 399074K->333506K(586240K), 0.0018164 secs] [Times: user=0.00 sys=0.00, real=0.00 secs] 
796.246: [GC (Allocation Failure) [PSYoungGen: 66477K->1453K(67584K)] 398530K->333506K(587264K), 0.0018463 secs] [Times: user=0.00 sys=0.01, real=0.01 secs] 
796.361: [GC (Allocation Failure) [PSYoungGen: 66989K->1549K(73216K)] 399042K->333618K(592896K), 0.0016116 secs] [Times: user=0.01 sys=0.00, real=0.00 secs] 
796.927: [GC (Allocation Failure) [PSYoungGen: 72717K->1440K(72192K)] 404786K->333509K(591872K), 0.0018817 secs] [Times: user=0.01 sys=0.00, real=0.00 secs] 
797.696: [GC (Allocation Failure) [PSYoungGen: 72096K->1408K(71680K)] 404165K->333477K(591360K), 0.0032894 secs] [Times: user=0.01 sys=0.00, real=0.01 secs] 
798.569: [GC (Allocation Failure) [PSYoungGen: 71552K->1408K(71168K)] 403621K->333501K(590848K), 0.0033125 secs] [Times: user=0.01 sys=0.00, real=0.00 secs] 
799.398: [GC (Allocation Failure) [PSYoungGen: 71040K->1424K(70656K)] 403133K->333517K(590336K), 0.0027122 secs] [Times: user=0.01 sys=0.00, real=0.00 secs] 
799.646: [GC (Allocation Failure) [PSYoungGen: 70544K->1517K(70144K)] 402637K->333610K(589824K), 0.0015824 secs] [Times: user=0.00 sys=0.00, real=0.01 secs] 
799.765: [GC (Allocation Failure) [PSYoungGen: 70125K->1533K(69632K)] 402218K->333626K(589312K), 0.0016200 secs] [Times: user=0.01 sys=0.00, real=0.01 secs] 
799.885: [GC (Allocation Failure) [PSYoungGen: 69629K->1485K(69120K)] 401722K->333578K(588800K), 0.0016466 secs] [Times: user=0.01 sys=0.00, real=0.00 secs] 
800.039: [GC (Allocation Failure) [PSYoungGen: 69069K->1920K(69120K)] 401162K->334021K(588800K), 0.0016585 secs] [Times: user=0.00 sys=0.00, real=0.00 secs] 
800.368: [GC (Allocation Failure) [PSYoungGen: 68992K->1376K(68096K)] 401093K->333477K(587776K), 0.0017490 secs] [Times: user=0.01 sys=0.00, real=0.00 secs] 
800.941: [GC (Allocation Failure) [PSYoungGen: 67936K->1408K(67584K)] 400037K->333509K(587264K), 0.0030072 secs] [Times: user=0.01 sys=0.00, real=0.00 secs] 
801.661: [GC (Allocation Failure) [PSYoungGen: 67456K->1360K(67072K)] 399557K->333461K(586752K), 0.0026484 secs] [Times: user=0.01 sys=0.00, real=0.00 secs] 
802.487: [GC (Allocation Failure) [PSYoungGen: 66896K->1408K(66560K)] 398997K->333509K(586240K), 0.0027918 secs] [Times: user=0.01 sys=0.00, real=0.00 secs] 
802.854: [GC (Allocation Failure) [PSYoungGen: 66432K->1453K(66048K)] 398533K->333554K(585728K), 0.0020164 secs] [Times: user=0.00 sys=0.00, real=0.00 secs] 
802.976: [GC (Allocation Failure) [PSYoungGen: 65965K->1488K(65536K)] 398066K->333589K(585216K), 0.0017736 secs] [Times: user=0.01 sys=0.00, real=0.01 secs] 
803.090: [GC (Allocation Failure) [PSYoungGen: 65488K->1453K(66560K)] 397589K->333554K(586240K), 0.0018031 secs] [Times: user=0.01 sys=0.00, real=0.00 secs] 
803.219: [GC (Allocation Failure) [PSYoungGen: 65958K->1517K(71680K)] 398060K->333626K(591360K), 0.0019003 secs] [Times: user=0.01 sys=0.00, real=0.00 secs] 
803.747: [GC (Allocation Failure) [PSYoungGen: 71149K->1440K(70656K)] 403258K->333549K(590336K), 0.0020591 secs] [Times: user=0.01 sys=0.00, real=0.01 secs] 
804.034: [GC (Allocation Failure) [PSYoungGen: 70560K->1408K(70144K)] 402669K->333517K(589824K), 0.0019581 secs] [Times: user=0.00 sys=0.00, real=0.00 secs] 
804.320: [GC (Allocation Failure) [PSYoungGen: 70016K->1376K(69632K)] 402125K->333485K(589312K), 0.0021298 secs] [Times: user=0.01 sys=0.01, real=0.00 secs] 
804.604: [GC (Allocation Failure) [PSYoungGen: 69472K->1376K(69120K)] 401581K->333485K(588800K), 0.0020863 secs] [Times: user=0.01 sys=0.00, real=0.00 secs] 
804.798: [GC (Allocation Failure) [PSYoungGen: 68960K->1501K(68608K)] 401069K->333610K(588288K), 0.0016283 secs] [Times: user=0.01 sys=0.00, real=0.00 secs] 
804.915: [GC (Allocation Failure) [PSYoungGen: 68573K->1485K(68096K)] 400682K->333594K(587776K), 0.0016155 secs] [Times: user=0.01 sys=0.00, real=0.01 secs] 
805.049: [GC (Allocation Failure) [PSYoungGen: 68045K->1485K(68608K)] 400154K->333610K(588288K), 0.0018514 secs] [Times: user=0.00 sys=0.00, real=0.00 secs] 
805.195: [GC (Allocation Failure) [PSYoungGen: 68045K->1472K(74752K)] 400170K->333597K(594432K), 0.0020688 secs] [Times: user=0.00 sys=0.00, real=0.01 secs] 
805.523: [GC (Allocation Failure) [PSYoungGen: 74176K->1376K(74752K)] 406301K->333509K(594432K), 0.0020885 secs] [Times: user=0.01 sys=0.00, real=0.00 secs] 
805.826: [GC (Allocation Failure) [PSYoungGen: 74080K->1376K(73728K)] 406213K->333533K(593408K), 0.0020967 secs] [Times: user=0.01 sys=0.00, real=0.01 secs] 
806.131: [GC (Allocation Failure) [PSYoungGen: 73568K->1392K(73216K)] 405725K->333549K(592896K), 0.0021981 secs] [Times: user=0.01 sys=0.00, real=0.00 secs] 
806.447: [GC (Allocation Failure) [PSYoungGen: 73072K->1456K(72704K)] 405229K->333613K(592384K), 0.0020322 secs] [Times: user=0.01 sys=0.00, real=0.00 secs] 
806.587: [GC (Allocation Failure) [PSYoungGen: 72624K->1469K(72192K)] 404781K->333626K(591872K), 0.0017008 secs] [Times: user=0.01 sys=0.00, real=0.01 secs] 
806.710: [GC (Allocation Failure) [PSYoungGen: 72125K->1485K(78848K)] 404282K->333642K(598528K), 0.0016697 secs] [Times: user=0.01 sys=0.00, real=0.00 secs] 
806.845: [GC (Allocation Failure) [PSYoungGen: 78797K->1520K(79360K)] 410954K->333677K(599040K), 0.0015571 secs] [Times: user=0.00 sys=0.00, real=0.00 secs] 
807.109: [GC (Allocation Failure) [PSYoungGen: 78832K->1440K(86016K)] 410989K->333597K(605696K), 0.0019444 secs] [Times: user=0.01 sys=0.00, real=0.00 secs] 
807.460: [GC (Allocation Failure) [PSYoungGen: 85920K->1408K(85504K)] 418077K->333565K(605184K), 0.0020512 secs] [Times: user=0.01 sys=0.00, real=0.00 secs] 
807.809: [GC (Allocation Failure) [PSYoungGen: 85376K->1408K(84992K)] 417533K->333565K(604672K), 0.0018186 secs] [Times: user=0.01 sys=0.00, real=0.00 secs] 
808.156: [GC (Allocation Failure) [PSYoungGen: 84864K->1469K(84480K)] 417021K->333626K(604160K), 0.0017726 secs] [Times: user=0.01 sys=0.00, real=0.01 secs] 
808.304: [GC (Allocation Failure) [PSYoungGen: 84413K->1424K(83968K)] 416570K->333581K(603648K), 0.0015476 secs] [Times: user=0.00 sys=0.00, real=0.00 secs] 
808.448: [GC (Allocation Failure) [PSYoungGen: 83856K->1424K(83456K)] 416013K->333581K(603136K), 0.0017512 secs] [Times: user=0.00 sys=0.00, real=0.00 secs] 
808.591: [GC (Allocation Failure) [PSYoungGen: 83344K->1456K(82944K)] 415501K->333613K(602624K), 0.0016766 secs] [Times: user=0.00 sys=0.00, real=0.00 secs] 
808.973: [GC (Allocation Failure) [PSYoungGen: 82864K->1344K(82432K)] 415021K->333509K(602112K), 0.0019873 secs] [Times: user=0.01 sys=0.00, real=0.00 secs] 
809.309: [GC (Allocation Failure) [PSYoungGen: 82240K->1392K(81920K)] 414405K->333565K(601600K), 0.0019679 secs] [Times: user=0.01 sys=0.00, real=0.00 secs] 
809.643: [GC (Allocation Failure) [PSYoungGen: 81776K->1376K(81408K)] 413949K->333549K(601088K), 0.0021848 secs] [Times: user=0.01 sys=0.00, real=0.00 secs] 
809.942: [GC (Allocation Failure) [PSYoungGen: 81248K->1456K(80896K)] 413421K->333629K(600576K), 0.0015911 secs] [Times: user=0.01 sys=0.00, real=0.00 secs] 
810.103: [GC (Allocation Failure) [PSYoungGen: 80816K->1517K(80384K)] 412989K->333690K(600064K), 0.0020252 secs] [Times: user=0.00 sys=0.00, real=0.00 secs] 
810.278: [GC (Allocation Failure) [PSYoungGen: 80365K->1517K(79872K)] 412538K->333690K(599552K), 0.0018055 secs] [Times: user=0.00 sys=0.00, real=0.00 secs] 
810.503: [GC (Allocation Failure) [PSYoungGen: 79853K->1456K(79360K)] 412026K->333637K(599040K), 0.0022105 secs] [Times: user=0.01 sys=0.00, real=0.00 secs] 
810.827: [GC (Allocation Failure) [PSYoungGen: 79280K->1408K(78848K)] 411461K->333589K(598528K), 0.0019082 secs] [Times: user=0.01 sys=0.00, real=0.00 secs] 
811.171: [GC (Allocation Failure) [PSYoungGen: 78720K->1408K(78336K)] 410901K->333589K(598016K), 0.0019974 secs] [Times: user=0.01 sys=0.00, real=0.00 secs] 
811.492: [GC (Allocation Failure) [PSYoungGen: 78208K->1392K(77824K)] 410389K->333573K(597504K), 0.0019346 secs] [Times: user=0.00 sys=0.00, real=0.00 secs] 
811.736: [GC (Allocation Failure) [PSYoungGen: 77680K->1456K(77312K)] 409861K->333637K(596992K), 0.0016070 secs] [Times: user=0.00 sys=0.00, real=0.01 secs] 
811.872: [GC (Allocation Failure) [PSYoungGen: 77232K->1552K(77312K)] 409413K->333733K(596992K), 0.0015975 secs] [Times: user=0.01 sys=0.00, real=0.00 secs] 
812.002: [GC (Allocation Failure) [PSYoungGen: 76816K->1453K(76288K)] 408997K->333634K(595968K), 0.0016526 secs] [Times: user=0.01 sys=0.00, real=0.00 secs] 
812.333: [GC (Allocation Failure) [PSYoungGen: 76205K->1440K(75776K)] 408386K->333621K(595456K), 0.0018590 secs] [Times: user=0.01 sys=0.00, real=0.00 secs] 
813.499: [GC (Allocation Failure) [PSYoungGen: 75680K->1408K(75264K)] 407861K->333589K(594944K), 0.0021432 secs] [Times: user=0.01 sys=0.01, real=0.00 secs] 
814.129: [GC (Allocation Failure) [PSYoungGen: 75136K->1408K(74752K)] 407317K->333597K(594432K), 0.0022100 secs] [Times: user=0.00 sys=0.00, real=0.00 secs] 
814.749: [GC (Allocation Failure) [PSYoungGen: 74624K->1344K(74240K)] 406813K->333533K(593920K), 0.0028555 secs] [Times: user=0.01 sys=0.00, real=0.00 secs] 
815.291: [GC (Allocation Failure) [PSYoungGen: 74048K->1501K(73728K)] 406237K->333690K(593408K), 0.0022948 secs] [Times: user=0.01 sys=0.00, real=0.00 secs] 
815.444: [GC (Allocation Failure) [PSYoungGen: 73693K->1485K(73216K)] 405882K->333674K(592896K), 0.0016525 secs] [Times: user=0.00 sys=0.00, real=0.00 secs] 
815.570: [GC (Allocation Failure) [PSYoungGen: 73165K->1453K(72704K)] 405354K->333642K(592384K), 0.0016269 secs] [Times: user=0.01 sys=0.00, real=0.00 secs] 
815.695: [GC (Allocation Failure) [PSYoungGen: 72621K->1488K(72192K)] 404810K->333677K(591872K), 0.0017194 secs] [Times: user=0.00 sys=0.00, real=0.01 secs] 
816.214: [GC (Allocation Failure) [PSYoungGen: 72144K->1376K(71680K)] 404333K->333589K(591360K), 0.0018953 secs] [Times: user=0.01 sys=0.00, real=0.00 secs] 
816.914: [GC (Allocation Failure) [PSYoungGen: 71520K->1408K(71168K)] 403733K->333621K(590848K), 0.0030697 secs] [Times: user=0.01 sys=0.00, real=0.01 secs] 
817.526: [GC (Allocation Failure) [PSYoungGen: 71040K->1408K(70656K)] 403253K->333621K(590336K), 0.0027826 secs] [Times: user=0.01 sys=0.00, real=0.01 secs] 
818.391: [GC (Allocation Failure) [PSYoungGen: 70528K->1376K(70144K)] 402741K->333605K(589824K), 0.0027565 secs] [Times: user=0.01 sys=0.00, real=0.00 secs] 
818.878: [GC (Allocation Failure) [PSYoungGen: 69984K->1485K(69632K)] 402213K->333714K(589312K), 0.0023230 secs] [Times: user=0.01 sys=0.00, real=0.00 secs] 
819.029: [GC (Allocation Failure) [PSYoungGen: 69575K->1485K(69120K)] 401805K->333714K(588800K), 0.0017506 secs] [Times: user=0.00 sys=0.00, real=0.00 secs] 
819.149: [GC (Allocation Failure) [PSYoungGen: 69069K->1456K(68608K)] 401298K->333685K(588288K), 0.0017493 secs] [Times: user=0.01 sys=0.00, real=0.00 secs] 
819.266: [GC (Allocation Failure) [PSYoungGen: 68500K->1485K(69632K)] 400729K->333730K(589312K), 0.0015975 secs] [Times: user=0.01 sys=0.00, real=0.01 secs] 
819.636: [GC (Allocation Failure) [PSYoungGen: 69069K->1456K(68608K)] 401314K->333701K(588288K), 0.0025407 secs] [Times: user=0.01 sys=0.00, real=0.01 secs] 
819.916: [GC (Allocation Failure) [PSYoungGen: 68528K->1424K(68096K)] 400773K->333669K(587776K), 0.0022663 secs] [Times: user=0.01 sys=0.00, real=0.01 secs] 
820.291: [GC (Allocation Failure) [PSYoungGen: 67984K->1440K(67584K)] 400229K->333685K(587264K), 0.0019698 secs] [Times: user=0.00 sys=0.00, real=0.00 secs] 
820.837: [GC (Allocation Failure) [PSYoungGen: 67488K->1376K(67072K)] 399733K->333621K(586752K), 0.0023343 secs] [Times: user=0.00 sys=0.00, real=0.00 secs] 
821.125: [GC (Allocation Failure) [PSYoungGen: 66912K->1517K(66560K)] 399157K->333778K(586240K), 0.0018937 secs] [Times: user=0.00 sys=0.00, real=0.01 secs] 
821.242: [GC (GCLocker Initiated GC) [PSYoungGen: 66541K->1517K(66048K)] 398802K->333778K(585728K), 0.0017728 secs] [Times: user=0.01 sys=0.00, real=0.00 secs] 
821.356: [GC (Allocation Failure) [PSYoungGen: 66029K->1453K(71680K)] 398326K->333749K(591360K), 0.0016434 secs] [Times: user=0.01 sys=0.00, real=0.01 secs] 
821.478: [GC (Allocation Failure) [PSYoungGen: 71597K->1520K(72192K)] 403893K->333840K(591872K), 0.0016347 secs] [Times: user=0.01 sys=0.00, real=0.00 secs] 
823.259: [GC (Allocation Failure) [PSYoungGen: 71664K->1504K(71168K)] 403984K->333832K(590848K), 0.0040932 secs] [Times: user=0.02 sys=0.00, real=0.00 secs] 
824.153: [GC (Allocation Failure) [PSYoungGen: 71136K->1408K(70656K)] 403464K->333736K(590336K), 0.0043197 secs] [Times: user=0.02 sys=0.00, real=0.01 secs] 
825.048: [GC (Allocation Failure) [PSYoungGen: 70528K->1472K(70144K)] 402856K->333800K(589824K), 0.0041263 secs] [Times: user=0.02 sys=0.01, real=0.00 secs] 
825.882: [GC (Allocation Failure) [PSYoungGen: 70080K->1472K(69632K)] 402408K->333800K(589312K), 0.0031417 secs] [Times: user=0.01 sys=0.00, real=0.00 secs] 
826.603: [GC (Allocation Failure) [PSYoungGen: 69568K->1520K(69120K)] 401896K->333904K(588800K), 0.0022307 secs] [Times: user=0.01 sys=0.00, real=0.00 secs] 
826.744: [GC (Allocation Failure) [PSYoungGen: 69104K->1501K(68608K)] 401488K->333886K(588288K), 0.0017967 secs] [Times: user=0.01 sys=0.00, real=0.00 secs] 
826.862: [GC (Allocation Failure) [PSYoungGen: 68573K->1517K(68096K)] 400958K->333902K(587776K), 0.0016418 secs] [Times: user=0.01 sys=0.00, real=0.00 secs] 
826.997: [GC (Allocation Failure) [PSYoungGen: 68059K->1565K(74752K)] 400444K->333966K(594432K), 0.0019268 secs] [Times: user=0.01 sys=0.00, real=0.01 secs] 
828.083: [GC (Allocation Failure) [PSYoungGen: 74269K->448K(72704K)] 406670K->333872K(592384K), 0.0041573 secs] [Times: user=0.01 sys=0.00, real=0.01 secs] 
828.920: [GC (Allocation Failure) [PSYoungGen: 72640K->384K(73728K)] 406064K->333808K(593408K), 0.0028665 secs] [Times: user=0.01 sys=0.00, real=0.00 secs] 
829.531: [GC (Allocation Failure) [PSYoungGen: 72064K->416K(72192K)] 405488K->333840K(591872K), 0.0034310 secs] [Times: user=0.02 sys=0.00, real=0.00 secs] 
830.250: [GC (Allocation Failure) [PSYoungGen: 71584K->416K(72704K)] 405008K->333848K(592384K), 0.0037632 secs] [Times: user=0.02 sys=0.00, real=0.00 secs] 
830.567: [GC (Allocation Failure) [PSYoungGen: 71072K->1485K(72192K)] 404504K->334918K(591872K), 0.0020439 secs] [Times: user=0.01 sys=0.00, real=0.00 secs] 
830.726: [GC (Allocation Failure) [PSYoungGen: 71629K->1549K(71680K)] 405062K->335014K(591360K), 0.0019250 secs] [Times: user=0.01 sys=0.00, real=0.01 secs] 
830.879: [GC (Allocation Failure) [PSYoungGen: 71181K->1456K(71168K)] 404646K->334960K(590848K), 0.0016879 secs] [Times: user=0.01 sys=0.01, real=0.00 secs] 
831.098: [GC (Allocation Failure) [PSYoungGen: 70576K->1472K(70144K)] 404080K->334992K(589824K), 0.0022232 secs] [Times: user=0.01 sys=0.00, real=0.00 secs] 
831.769: [GC (Allocation Failure) [PSYoungGen: 70080K->1344K(70144K)] 403600K->334864K(589824K), 0.0029133 secs] [Times: user=0.01 sys=0.00, real=0.00 secs] 
832.350: [GC (Allocation Failure) [PSYoungGen: 69440K->1344K(69120K)] 402960K->334864K(588800K), 0.0029006 secs] [Times: user=0.01 sys=0.00, real=0.00 secs] 
833.064: [GC (Allocation Failure) [PSYoungGen: 68928K->1408K(68608K)] 402448K->334928K(588288K), 0.0027133 secs] [Times: user=0.01 sys=0.00, real=0.01 secs] 
833.979: [GC (Allocation Failure) [PSYoungGen: 68480K->1469K(68096K)] 402000K->334990K(587776K), 0.0024387 secs] [Times: user=0.01 sys=0.00, real=0.00 secs] 
834.145: [GC (Allocation Failure) [PSYoungGen: 68029K->1501K(67584K)] 401550K->335022K(587264K), 0.0018757 secs] [Times: user=0.00 sys=0.00, real=0.00 secs] 
834.279: [GC (Allocation Failure) [PSYoungGen: 67549K->1533K(67072K)] 401070K->335054K(586752K), 0.0019552 secs] [Times: user=0.01 sys=0.00, real=0.00 secs] 
834.424: [GC (Allocation Failure) [PSYoungGen: 67043K->1488K(66560K)] 400564K->335008K(586240K), 0.0018534 secs] [Times: user=0.01 sys=0.00, real=0.00 secs] 
834.672: [GC (Allocation Failure) [PSYoungGen: 66512K->1408K(66048K)] 400032K->334928K(585728K), 0.0023122 secs] [Times: user=0.01 sys=0.00, real=0.00 secs] 
835.194: [GC (Allocation Failure) [PSYoungGen: 65920K->1408K(65536K)] 399440K->334928K(585216K), 0.0023378 secs] [Times: user=0.01 sys=0.00, real=0.00 secs] 
835.470: [GC (Allocation Failure) [PSYoungGen: 65408K->1328K(65024K)] 398928K->334848K(584704K), 0.0020728 secs] [Times: user=0.01 sys=0.00, real=0.00 secs] 
835.764: [GC (Allocation Failure) [PSYoungGen: 64816K->1424K(64512K)] 398336K->334944K(584192K), 0.0020867 secs] [Times: user=0.00 sys=0.00, real=0.00 secs] 
836.315: [GC (Allocation Failure) [PSYoungGen: 64400K->1344K(64000K)] 397920K->334864K(583680K), 0.0026130 secs] [Times: user=0.01 sys=0.00, real=0.01 secs] 
836.635: [GC (Allocation Failure) [PSYoungGen: 63808K->1485K(63488K)] 397328K->335006K(583168K), 0.0021381 secs] [Times: user=0.01 sys=0.00, real=0.01 secs] 
836.796: [GC (Allocation Failure) [PSYoungGen: 63437K->1469K(62976K)] 396958K->334990K(582656K), 0.0021514 secs] [Times: user=0.01 sys=0.00, real=0.01 secs] 
836.945: [GC (Allocation Failure) [PSYoungGen: 62909K->1424K(63488K)] 396430K->334952K(583168K), 0.0021240 secs] [Times: user=0.01 sys=0.00, real=0.01 secs] 
837.094: [GC (Allocation Failure) [PSYoungGen: 62864K->1517K(63488K)] 396392K->335070K(583168K), 0.0017535 secs] [Times: user=0.00 sys=0.01, real=0.00 secs] 
837.376: [GC (Allocation Failure) [PSYoungGen: 62957K->1408K(69120K)] 396510K->334960K(588800K), 0.0026731 secs] [Times: user=0.01 sys=0.00, real=0.01 secs] 
837.654: [GC (Allocation Failure) [PSYoungGen: 68480K->1376K(68096K)] 402032K->334928K(587776K), 0.0020775 secs] [Times: user=0.01 sys=0.00, real=0.00 secs] 
837.943: [GC (Allocation Failure) [PSYoungGen: 67936K->1344K(67584K)] 401488K->334896K(587264K), 0.0021263 secs] [Times: user=0.01 sys=0.00, real=0.00 secs] 
838.219: [GC (Allocation Failure) [PSYoungGen: 67392K->1424K(67072K)] 400944K->334976K(586752K), 0.0019664 secs] [Times: user=0.00 sys=0.00, real=0.00 secs] 
838.514: [GC (Allocation Failure) [PSYoungGen: 66960K->1437K(66560K)] 400512K->334990K(586240K), 0.0019978 secs] [Times: user=0.01 sys=0.00, real=0.00 secs] 
838.634: [GC (Allocation Failure) [PSYoungGen: 66461K->1520K(66048K)] 400014K->335072K(585728K), 0.0016312 secs] [Times: user=0.01 sys=0.00, real=0.00 secs] 
838.747: [GC (Allocation Failure) [PSYoungGen: 66032K->1453K(66560K)] 399584K->335014K(586240K), 0.0016290 secs] [Times: user=0.01 sys=0.00, real=0.00 secs] 
838.860: [GC (Allocation Failure) [PSYoungGen: 65965K->1421K(66560K)] 399526K->334982K(586240K), 0.0017467 secs] [Times: user=0.01 sys=0.00, real=0.00 secs] 
839.105: [GC (Allocation Failure) [PSYoungGen: 65933K->1472K(72192K)] 399494K->335032K(591872K), 0.0018482 secs] [Times: user=0.01 sys=0.00, real=0.01 secs] 
839.399: [GC (Allocation Failure) [PSYoungGen: 72128K->1344K(71680K)] 405688K->334904K(591360K), 0.0018333 secs] [Times: user=0.00 sys=0.00, real=0.00 secs] 
839.844: [GC (Allocation Failure) [PSYoungGen: 71488K->1408K(71168K)] 405048K->334968K(590848K), 0.0019427 secs] [Times: user=0.01 sys=0.00, real=0.00 secs] 
840.545: [GC (Allocation Failure) [PSYoungGen: 71040K->1376K(70656K)] 404600K->334936K(590336K), 0.0024961 secs] [Times: user=0.01 sys=0.00, real=0.01 secs] 
841.264: [GC (Allocation Failure) [PSYoungGen: 70496K->1389K(70144K)] 404056K->334950K(589824K), 0.0023425 secs] [Times: user=0.01 sys=0.00, real=0.00 secs] 
841.421: [GC (Allocation Failure) [PSYoungGen: 69997K->1552K(70144K)] 403558K->335112K(589824K), 0.0017751 secs] [Times: user=0.00 sys=0.00, real=0.00 secs] 
841.541: [GC (Allocation Failure) [PSYoungGen: 69648K->1501K(69120K)] 403208K->335062K(588800K), 0.0016110 secs] [Times: user=0.01 sys=0.00, real=0.00 secs] 
841.660: [GC (Allocation Failure) [PSYoungGen: 69085K->1488K(70144K)] 402646K->335056K(589824K), 0.0015604 secs] [Times: user=0.01 sys=0.00, real=0.00 secs] 
842.575: [GC (Allocation Failure) [PSYoungGen: 69584K->1440K(69120K)] 403152K->335008K(588800K), 0.0038956 secs] [Times: user=0.01 sys=0.00, real=0.01 secs] 
843.177: [GC (Allocation Failure) [PSYoungGen: 69024K->1376K(68608K)] 402592K->334944K(588288K), 0.0030845 secs] [Times: user=0.01 sys=0.00, real=0.00 secs] 
843.699: [GC (Allocation Failure) [PSYoungGen: 68448K->1376K(68096K)] 402016K->334944K(587776K), 0.0050824 secs] [Times: user=0.02 sys=0.00, real=0.00 secs] 
844.218: [GC (Allocation Failure) [PSYoungGen: 67936K->1376K(67584K)] 401504K->334944K(587264K), 0.0031481 secs] [Times: user=0.01 sys=0.01, real=0.00 secs] 
844.666: [GC (Allocation Failure) [PSYoungGen: 67424K->1504K(67072K)] 400992K->335088K(586752K), 0.0024843 secs] [Times: user=0.01 sys=0.00, real=0.01 secs] 
844.827: [GC (Allocation Failure) [PSYoungGen: 67040K->1453K(66560K)] 400624K->335038K(586240K), 0.0016178 secs] [Times: user=0.01 sys=0.00, real=0.00 secs] 
844.940: [GC (Allocation Failure) [PSYoungGen: 66477K->1533K(66048K)] 400062K->335118K(585728K), 0.0016342 secs] [Times: user=0.01 sys=0.00, real=0.00 secs] 
845.068: [GC (Allocation Failure) [PSYoungGen: 66045K->1469K(72192K)] 399630K->335070K(591872K), 0.0018261 secs] [Times: user=0.01 sys=0.00, real=0.00 secs] 
845.577: [GC (Allocation Failure) [PSYoungGen: 71613K->1408K(72704K)] 405214K->335008K(592384K), 0.0036802 secs] [Times: user=0.01 sys=0.00, real=0.00 secs] 
845.898: [GC (Allocation Failure) [PSYoungGen: 72064K->1376K(71680K)] 405664K->334976K(591360K), 0.0020770 secs] [Times: user=0.01 sys=0.00, real=0.00 secs] 
846.190: [GC (Allocation Failure) [PSYoungGen: 71520K->1376K(71168K)] 405120K->334976K(590848K), 0.0020786 secs] [Times: user=0.01 sys=0.00, real=0.00 secs] 
846.638: [GC (Allocation Failure) [PSYoungGen: 71008K->1376K(70656K)] 404608K->335000K(590336K), 0.0018739 secs] [Times: user=0.01 sys=0.00, real=0.00 secs] 
847.043: [GC (Allocation Failure) [PSYoungGen: 70496K->1437K(70144K)] 404120K->335062K(589824K), 0.0016650 secs] [Times: user=0.01 sys=0.01, real=0.00 secs] 
847.163: [GC (Allocation Failure) [PSYoungGen: 70045K->1533K(69632K)] 403670K->335158K(589312K), 0.0016408 secs] [Times: user=0.01 sys=0.00, real=0.00 secs] 
847.282: [GC (Allocation Failure) [PSYoungGen: 69629K->1485K(69120K)] 403254K->335110K(588800K), 0.0016132 secs] [Times: user=0.00 sys=0.00, real=0.00 secs] 
847.401: [GC (Allocation Failure) [PSYoungGen: 69069K->1453K(69632K)] 402694K->335094K(589312K), 0.0016428 secs] [Times: user=0.01 sys=0.00, real=0.00 secs] 
847.960: [GC (Allocation Failure) [PSYoungGen: 69037K->1440K(68608K)] 402678K->335088K(588288K), 0.0021232 secs] [Times: user=0.01 sys=0.00, real=0.00 secs] 
848.258: [GC (Allocation Failure) [PSYoungGen: 68512K->1424K(68096K)] 402160K->335072K(587776K), 0.0019781 secs] [Times: user=0.00 sys=0.01, real=0.00 secs] 
848.544: [GC (Allocation Failure) [PSYoungGen: 67984K->1376K(67584K)] 401632K->335024K(587264K), 0.0019679 secs] [Times: user=0.01 sys=0.00, real=0.00 secs] 
848.820: [GC (Allocation Failure) [PSYoungGen: 67424K->1408K(67072K)] 401072K->335056K(586752K), 0.0019211 secs] [Times: user=0.01 sys=0.00, real=0.00 secs] 
849.097: [GC (Allocation Failure) [PSYoungGen: 66944K->1456K(66560K)] 400592K->335104K(586240K), 0.0016562 secs] [Times: user=0.01 sys=0.00, real=0.00 secs] 
849.211: [GC (Allocation Failure) [PSYoungGen: 66480K->1472K(66048K)] 400128K->335120K(585728K), 0.0016814 secs] [Times: user=0.00 sys=0.00, real=0.00 secs] 
849.325: [GC (Allocation Failure) [PSYoungGen: 65984K->1488K(72192K)] 399632K->335136K(591872K), 0.0016170 secs] [Times: user=0.00 sys=0.00, real=0.00 secs] 
849.449: [GC (Allocation Failure) [PSYoungGen: 72144K->1488K(72704K)] 405792K->335144K(592384K), 0.0015947 secs] [Times: user=0.00 sys=0.00, real=0.00 secs] 
849.999: [GC (Allocation Failure) [PSYoungGen: 72144K->1440K(71680K)] 405800K->335096K(591360K), 0.0021036 secs] [Times: user=0.01 sys=0.00, real=0.00 secs] 
850.584: [GC (Allocation Failure) [PSYoungGen: 71584K->1376K(71168K)] 405240K->335032K(590848K), 0.0021884 secs] [Times: user=0.01 sys=0.00, real=0.00 secs] 
851.562: [GC (Allocation Failure) [PSYoungGen: 71008K->1376K(70656K)] 404664K->335032K(590336K), 0.0025174 secs] [Times: user=0.01 sys=0.00, real=0.00 secs] 
852.359: [GC (Allocation Failure) [PSYoungGen: 70496K->1376K(70144K)] 404152K->335032K(589824K), 0.0027630 secs] [Times: user=0.01 sys=0.00, real=0.00 secs] 
852.963: [GC (Allocation Failure) [PSYoungGen: 69974K->1453K(69632K)] 403630K->335110K(589312K), 0.0023375 secs] [Times: user=0.01 sys=0.00, real=0.00 secs] 
853.160: [GC (Allocation Failure) [PSYoungGen: 69549K->1485K(69120K)] 403206K->335142K(588800K), 0.0025060 secs] [Times: user=0.01 sys=0.00, real=0.00 secs] 
853.310: [GC (Allocation Failure) [PSYoungGen: 69069K->1501K(68608K)] 402726K->335158K(588288K), 0.0016474 secs] [Times: user=0.00 sys=0.00, real=0.00 secs] 
853.427: [GC (Allocation Failure) [PSYoungGen: 68543K->1533K(74752K)] 402199K->335198K(594432K), 0.0018683 secs] [Times: user=0.00 sys=0.00, real=0.00 secs] 
854.427: [GC (Allocation Failure) [PSYoungGen: 74749K->1392K(74240K)] 408414K->335056K(593920K), 0.0039005 secs] [Times: user=0.01 sys=0.00, real=0.00 secs] 
855.178: [GC (Allocation Failure) [PSYoungGen: 74096K->1376K(73728K)] 407760K->335040K(593408K), 0.0026358 secs] [Times: user=0.01 sys=0.00, real=0.00 secs] 
855.835: [GC (Allocation Failure) [PSYoungGen: 73568K->1408K(73216K)] 407232K->335080K(592896K), 0.0027500 secs] [Times: user=0.01 sys=0.00, real=0.01 secs] 
856.660: [GC (Allocation Failure) [PSYoungGen: 73088K->1376K(72704K)] 406760K->335048K(592384K), 0.0030112 secs] [Times: user=0.02 sys=0.00, real=0.00 secs] 
856.967: [GC (Allocation Failure) [PSYoungGen: 72544K->1469K(72192K)] 406216K->335150K(591872K), 0.0019387 secs] [Times: user=0.01 sys=0.00, real=0.00 secs] 
857.100: [GC (Allocation Failure) [PSYoungGen: 72125K->1485K(71680K)] 405806K->335166K(591360K), 0.0018477 secs] [Times: user=0.01 sys=0.00, real=0.00 secs] 
857.223: [GC (Allocation Failure) [PSYoungGen: 71629K->1485K(71168K)] 405310K->335166K(590848K), 0.0017305 secs] [Times: user=0.01 sys=0.00, real=0.00 secs] 
857.952: [GC (Allocation Failure) [PSYoungGen: 71117K->1408K(70656K)] 404798K->335096K(590336K), 0.0023253 secs] [Times: user=0.01 sys=0.00, real=0.00 secs] 
859.211: [GC (Allocation Failure) [PSYoungGen: 70528K->1408K(70144K)] 404216K->335096K(589824K), 0.0025945 secs] [Times: user=0.01 sys=0.00, real=0.00 secs] 
860.085: [GC (Allocation Failure) [PSYoungGen: 70016K->1376K(69632K)] 403704K->335088K(589312K), 0.0040559 secs] [Times: user=0.02 sys=0.00, real=0.01 secs] 
860.851: [GC (Allocation Failure) [PSYoungGen: 69472K->1440K(69120K)] 403184K->335152K(588800K), 0.0028033 secs] [Times: user=0.01 sys=0.00, real=0.00 secs] 
861.815: [GC (Allocation Failure) [PSYoungGen: 69000K->1469K(68608K)] 402713K->335182K(588288K), 0.0032273 secs] [Times: user=0.01 sys=0.00, real=0.01 secs] 
862.016: [GC (Allocation Failure) [PSYoungGen: 68541K->1469K(68096K)] 402254K->335182K(587776K), 0.0017776 secs] [Times: user=0.01 sys=0.00, real=0.01 secs] 
862.133: [GC (Allocation Failure) [PSYoungGen: 68029K->1501K(67584K)] 401742K->335214K(587264K), 0.0017644 secs] [Times: user=0.00 sys=0.01, real=0.00 secs] 
862.249: [GC (Allocation Failure) [PSYoungGen: 67549K->1485K(67072K)] 401262K->335198K(586752K), 0.0016322 secs] [Times: user=0.01 sys=0.00, real=0.00 secs] 
862.418: [GC (Allocation Failure) [PSYoungGen: 67021K->1472K(68096K)] 400734K->335184K(587776K), 0.0018732 secs] [Times: user=0.01 sys=0.00, real=0.00 secs] 
862.736: [GC (Allocation Failure) [PSYoungGen: 67520K->1392K(67072K)] 401232K->335104K(586752K), 0.0018150 secs] [Times: user=0.00 sys=0.00, real=0.01 secs] 
863.011: [GC (Allocation Failure) [PSYoungGen: 66928K->1376K(66560K)] 400640K->335088K(586240K), 0.0018918 secs] [Times: user=0.01 sys=0.00, real=0.00 secs] 
863.281: [GC (Allocation Failure) [PSYoungGen: 66400K->1376K(66048K)] 400112K->335088K(585728K), 0.0017296 secs] [Times: user=0.01 sys=0.00, real=0.00 secs] 
863.550: [GC (Allocation Failure) [PSYoungGen: 65888K->1376K(65536K)] 399600K->335088K(585216K), 0.0020252 secs] [Times: user=0.01 sys=0.00, real=0.00 secs] 
864.430: [GC (Allocation Failure) [PSYoungGen: 65376K->1488K(65024K)] 399088K->335200K(584704K), 0.0019341 secs] [Times: user=0.01 sys=0.00, real=0.00 secs] 
864.550: [GC (Allocation Failure) [PSYoungGen: 64976K->1565K(65024K)] 398688K->335278K(584704K), 0.0017157 secs] [Times: user=0.01 sys=0.00, real=0.00 secs] 
864.662: [GC (Allocation Failure) [PSYoungGen: 64531K->480K(70144K)] 398243K->335232K(589824K), 0.0018080 secs] [Times: user=0.01 sys=0.00, real=0.00 secs] 
864.804: [GC (Allocation Failure) [PSYoungGen: 69600K->477K(71168K)] 404352K->335230K(590848K), 0.0017773 secs] [Times: user=0.00 sys=0.01, real=0.00 secs] 
865.731: [GC (Allocation Failure) [PSYoungGen: 69597K->1424K(70144K)] 404350K->336176K(589824K), 0.0029391 secs] [Times: user=0.01 sys=0.00, real=0.00 secs] 
866.489: [GC (Allocation Failure) [PSYoungGen: 70032K->1376K(69632K)] 404784K->336128K(589312K), 0.0044988 secs] [Times: user=0.01 sys=0.00, real=0.00 secs] 
867.570: [GC (Allocation Failure) [PSYoungGen: 69472K->1344K(69120K)] 404224K->336120K(588800K), 0.0036059 secs] [Times: user=0.01 sys=0.00, real=0.00 secs] 
868.496: [GC (Allocation Failure) [PSYoungGen: 68928K->1408K(68608K)] 403704K->336184K(588288K), 0.0038554 secs] [Times: user=0.02 sys=0.00, real=0.01 secs] 
868.992: [GC (Allocation Failure) [PSYoungGen: 68480K->1501K(68096K)] 403256K->336278K(587776K), 0.0021066 secs] [Times: user=0.01 sys=0.00, real=0.00 secs] 
869.121: [GC (Allocation Failure) [PSYoungGen: 68061K->1517K(67584K)] 402838K->336294K(587264K), 0.0016298 secs] [Times: user=0.01 sys=0.00, real=0.00 secs] 
869.238: [GC (Allocation Failure) [PSYoungGen: 67565K->1469K(67072K)] 402342K->336254K(586752K), 0.0015748 secs] [Times: user=0.00 sys=0.00, real=0.00 secs] 
869.370: [GC (Allocation Failure) [PSYoungGen: 67005K->1485K(73216K)] 401790K->336270K(592896K), 0.0018570 secs] [Times: user=0.01 sys=0.00, real=0.00 secs] 
869.694: [GC (Allocation Failure) [PSYoungGen: 73165K->1392K(72704K)] 407950K->336176K(592384K), 0.0020378 secs] [Times: user=0.01 sys=0.00, real=0.00 secs] 
870.012: [GC (Allocation Failure) [PSYoungGen: 72560K->1408K(72192K)] 407344K->336192K(591872K), 0.0020358 secs] [Times: user=0.01 sys=0.00, real=0.00 secs] 
870.705: [GC (Allocation Failure) [PSYoungGen: 72064K->1376K(71680K)] 406848K->336160K(591360K), 0.0024618 secs] [Times: user=0.01 sys=0.00, real=0.01 secs] 
871.474: [GC (Allocation Failure) [PSYoungGen: 71520K->1408K(71168K)] 406304K->336192K(590848K), 0.0023850 secs] [Times: user=0.01 sys=0.00, real=0.01 secs] 
871.801: [GC (Allocation Failure) [PSYoungGen: 71040K->1533K(70656K)] 405824K->336318K(590336K), 0.0017444 secs] [Times: user=0.01 sys=0.00, real=0.00 secs] 
871.923: [GC (Allocation Failure) [PSYoungGen: 70653K->1501K(70144K)] 405438K->336286K(589824K), 0.0018937 secs] [Times: user=0.00 sys=0.00, real=0.00 secs] 
872.061: [GC (Allocation Failure) [PSYoungGen: 70109K->1453K(69632K)] 404894K->336238K(589312K), 0.0019004 secs] [Times: user=0.01 sys=0.00, real=0.00 secs] 
873.087: [GC (Allocation Failure) [PSYoungGen: 69549K->1440K(69120K)] 404334K->336224K(588800K), 0.0027753 secs] [Times: user=0.01 sys=0.00, real=0.01 secs] 
874.081: [GC (Allocation Failure) [PSYoungGen: 69024K->1376K(68608K)] 403808K->336160K(588288K), 0.0033716 secs] [Times: user=0.01 sys=0.00, real=0.00 secs] 
875.081: [GC (Allocation Failure) [PSYoungGen: 68448K->1408K(68096K)] 403232K->336192K(587776K), 0.0051619 secs] [Times: user=0.02 sys=0.00, real=0.00 secs] 
875.799: [GC (Allocation Failure) [PSYoungGen: 67968K->1408K(67584K)] 402752K->336192K(587264K), 0.0024693 secs] [Times: user=0.01 sys=0.00, real=0.00 secs] 
876.333: [GC (Allocation Failure) [PSYoungGen: 67456K->1392K(67072K)] 402240K->336176K(586752K), 0.0021282 secs] [Times: user=0.01 sys=0.00, real=0.00 secs] 
876.475: [GC (Allocation Failure) [PSYoungGen: 66928K->1453K(66560K)] 401712K->336238K(586240K), 0.0016794 secs] [Times: user=0.01 sys=0.00, real=0.00 secs] 
876.588: [GC (Allocation Failure) [PSYoungGen: 66477K->1488K(66048K)] 401262K->336272K(585728K), 0.0016473 secs] [Times: user=0.01 sys=0.00, real=0.00 secs] 
876.701: [GC (Allocation Failure) [PSYoungGen: 66000K->1517K(66560K)] 400784K->336302K(586240K), 0.0016379 secs] [Times: user=0.01 sys=0.00, real=0.00 secs] 
876.814: [GC (Allocation Failure) [PSYoungGen: 66029K->224K(66560K)] 400814K->335024K(586240K), 0.0015435 secs] [Times: user=0.01 sys=0.00, real=0.00 secs] 
878.290: [GC (Allocation Failure) [PSYoungGen: 64736K->1408K(65536K)] 399536K->336208K(585216K), 0.0027502 secs] [Times: user=0.01 sys=0.00, real=0.00 secs] 
878.858: [GC (Allocation Failure) [PSYoungGen: 65408K->1408K(65024K)] 400208K->336208K(584704K), 0.0025523 secs] [Times: user=0.01 sys=0.00, real=0.00 secs] 
879.377: [GC (Allocation Failure) [PSYoungGen: 64896K->1344K(64512K)] 399696K->336160K(584192K), 0.0023749 secs] [Times: user=0.01 sys=0.00, real=0.00 secs] 
879.904: [GC (Allocation Failure) [PSYoungGen: 64320K->1360K(64000K)] 399136K->336176K(583680K), 0.0022841 secs] [Times: user=0.01 sys=0.00, real=0.00 secs] 
880.234: [GC (Allocation Failure) [PSYoungGen: 63824K->1501K(63488K)] 398640K->336318K(583168K), 0.0021788 secs] [Times: user=0.00 sys=0.00, real=0.00 secs] 
880.402: [GC (Allocation Failure) [PSYoungGen: 63453K->1437K(62976K)] 398270K->336254K(582656K), 0.0018777 secs] [Times: user=0.01 sys=0.00, real=0.00 secs] 
880.511: [GC (Allocation Failure) [PSYoungGen: 62877K->1485K(62464K)] 397694K->336310K(582144K), 0.0016932 secs] [Times: user=0.01 sys=0.00, real=0.00 secs] 
880.620: [GC (Allocation Failure) [PSYoungGen: 62413K->1485K(68608K)] 397238K->336310K(588288K), 0.0017386 secs] [Times: user=0.01 sys=0.00, real=0.00 secs] 
880.882: [GC (Allocation Failure) [PSYoungGen: 68557K->1408K(69120K)] 403382K->336240K(588800K), 0.0026738 secs] [Times: user=0.01 sys=0.00, real=0.00 secs] 
881.346: [GC (Allocation Failure) [PSYoungGen: 68480K->1408K(68096K)] 403312K->336248K(587776K), 0.0028270 secs] [Times: user=0.00 sys=0.00, real=0.01 secs] 
881.859: [GC (Allocation Failure) [PSYoungGen: 67968K->1440K(67584K)] 402808K->336280K(587264K), 0.0026644 secs] [Times: user=0.01 sys=0.00, real=0.00 secs] 
882.435: [GC (Allocation Failure) [PSYoungGen: 67488K->1408K(67072K)] 402328K->336248K(586752K), 0.0024546 secs] [Times: user=0.01 sys=0.00, real=0.01 secs] 
882.908: [GC (Allocation Failure) [PSYoungGen: 66944K->1456K(66560K)] 401784K->336296K(586240K), 0.0019797 secs] [Times: user=0.01 sys=0.00, real=0.00 secs] 
883.029: [GC (Allocation Failure) [PSYoungGen: 66480K->1485K(66048K)] 401320K->336326K(585728K), 0.0017869 secs] [Times: user=0.00 sys=0.00, real=0.00 secs] 
883.142: [GC (Allocation Failure) [PSYoungGen: 65997K->1552K(66560K)] 400838K->336392K(586240K), 0.0016563 secs] [Times: user=0.01 sys=0.00, real=0.00 secs] 
883.273: [GC (Allocation Failure) [PSYoungGen: 66064K->1533K(66560K)] 400904K->336382K(586240K), 0.0017533 secs] [Times: user=0.01 sys=0.00, real=0.00 secs] 
883.590: [GC (Allocation Failure) [PSYoungGen: 66045K->1440K(72192K)] 400894K->336288K(591872K), 0.0025321 secs] [Times: user=0.02 sys=0.00, real=0.00 secs] 
884.516: [GC (Allocation Failure) [PSYoungGen: 72096K->1408K(71680K)] 406944K->336256K(591360K), 0.0036147 secs] [Times: user=0.01 sys=0.00, real=0.01 secs] 
885.392: [GC (Allocation Failure) [PSYoungGen: 71552K->1392K(71168K)] 406400K->336240K(590848K), 0.0037383 secs] [Times: user=0.01 sys=0.00, real=0.00 secs] 
886.204: [GC (Allocation Failure) [PSYoungGen: 71024K->1408K(70656K)] 405872K->336256K(590336K), 0.0036344 secs] [Times: user=0.01 sys=0.00, real=0.01 secs] 
886.877: [GC (Allocation Failure) [PSYoungGen: 70528K->1469K(70144K)] 405376K->336318K(589824K), 0.0023355 secs] [Times: user=0.01 sys=0.00, real=0.00 secs] 
887.046: [GC (Allocation Failure) [PSYoungGen: 70077K->1485K(69632K)] 404926K->336334K(589312K), 0.0018433 secs] [Times: user=0.00 sys=0.00, real=0.01 secs] 
887.165: [GC (Allocation Failure) [PSYoungGen: 69581K->1520K(69120K)] 404430K->336368K(588800K), 0.0017927 secs] [Times: user=0.01 sys=0.00, real=0.01 secs] 
887.285: [GC (Allocation Failure) [PSYoungGen: 69104K->1584K(69632K)] 403952K->336440K(589312K), 0.0015613 secs] [Times: user=0.01 sys=0.00, real=0.00 secs] 
887.510: [GC (Allocation Failure) [PSYoungGen: 69168K->1456K(68608K)] 404024K->336328K(588288K), 0.0017580 secs] [Times: user=0.01 sys=0.00, real=0.00 secs] 
887.788: [GC (Allocation Failure) [PSYoungGen: 68528K->1376K(68096K)] 403400K->336248K(587776K), 0.0018287 secs] [Times: user=0.01 sys=0.01, real=0.00 secs] 
888.110: [GC (Allocation Failure) [PSYoungGen: 67936K->1408K(67584K)] 402808K->336280K(587264K), 0.0016975 secs] [Times: user=0.01 sys=0.00, real=0.00 secs] 
888.466: [GC (Allocation Failure) [PSYoungGen: 67456K->1408K(67072K)] 402328K->336280K(586752K), 0.0028905 secs] [Times: user=0.01 sys=0.00, real=0.01 secs] 
889.011: [GC (Allocation Failure) [PSYoungGen: 66944K->1469K(66560K)] 401816K->336342K(586240K), 0.0027631 secs] [Times: user=0.01 sys=0.00, real=0.00 secs] 
889.178: [GC (Allocation Failure) [PSYoungGen: 66493K->1488K(66048K)] 401366K->336360K(585728K), 0.0017621 secs] [Times: user=0.00 sys=0.00, real=0.00 secs] 
889.292: [GC (Allocation Failure) [PSYoungGen: 66000K->1533K(65536K)] 400872K->336406K(585216K), 0.0016143 secs] [Times: user=0.00 sys=0.00, real=0.00 secs] 
889.421: [GC (Allocation Failure) [PSYoungGen: 65533K->1501K(72192K)] 400406K->336382K(591872K), 0.0018997 secs] [Times: user=0.01 sys=0.00, real=0.00 secs] 
889.736: [GC (Allocation Failure) [PSYoungGen: 71645K->1440K(72192K)] 406526K->336320K(591872K), 0.0024446 secs] [Times: user=0.01 sys=0.00, real=0.01 secs] 
890.354: [GC (Allocation Failure) [PSYoungGen: 71584K->1376K(71168K)] 406464K->336256K(590848K), 0.0033090 secs] [Times: user=0.01 sys=0.00, real=0.01 secs] 
890.720: [GC (Allocation Failure) [PSYoungGen: 71008K->1408K(70656K)] 405888K->336288K(590336K), 0.0022774 secs] [Times: user=0.01 sys=0.00, real=0.00 secs] 
891.425: [GC (Allocation Failure) [PSYoungGen: 70528K->1376K(70144K)] 405408K->336256K(589824K), 0.0024862 secs] [Times: user=0.01 sys=0.00, real=0.01 secs] 
892.061: [GC (Allocation Failure) [PSYoungGen: 69961K->1469K(69632K)] 404842K->336350K(589312K), 0.0024859 secs] [Times: user=0.01 sys=0.00, real=0.00 secs] 
892.228: [GC (Allocation Failure) [PSYoungGen: 69565K->1517K(69120K)] 404446K->336398K(588800K), 0.0015956 secs] [Times: user=0.01 sys=0.00, real=0.00 secs] 
892.347: [GC (Allocation Failure) [PSYoungGen: 69101K->1485K(68608K)] 403982K->336366K(588288K), 0.0018746 secs] [Times: user=0.00 sys=0.01, real=0.00 secs] 
892.465: [GC (Allocation Failure) [PSYoungGen: 68533K->1453K(69120K)] 403413K->336350K(588800K), 0.0016388 secs] [Times: user=0.01 sys=0.00, real=0.00 secs] 
892.677: [GC (Allocation Failure) [PSYoungGen: 68525K->1472K(74752K)] 403422K->336368K(594432K), 0.0017687 secs] [Times: user=0.01 sys=0.00, real=0.00 secs] 
892.983: [GC (Allocation Failure) [PSYoungGen: 74688K->1376K(74240K)] 409584K->336272K(593920K), 0.0017239 secs] [Times: user=0.00 sys=0.00, real=0.00 secs] 
893.285: [GC (Allocation Failure) [PSYoungGen: 74080K->1376K(73728K)] 408976K->336272K(593408K), 0.0021579 secs] [Times: user=0.01 sys=0.00, real=0.01 secs] 
893.588: [GC (Allocation Failure) [PSYoungGen: 73568K->1344K(73216K)] 408464K->336240K(592896K), 0.0028079 secs] [Times: user=0.01 sys=0.00, real=0.00 secs] 
894.098: [GC (Allocation Failure) [PSYoungGen: 73024K->1453K(72704K)] 407920K->336350K(592384K), 0.0020053 secs] [Times: user=0.00 sys=0.00, real=0.00 secs] 
894.283: [GC (Allocation Failure) [PSYoungGen: 72621K->1517K(72192K)] 407518K->336414K(591872K), 0.0021778 secs] [Times: user=0.00 sys=0.00, real=0.00 secs] 
894.456: [GC (Allocation Failure) [PSYoungGen: 72173K->1565K(72192K)] 407070K->336462K(591872K), 0.0022330 secs] [Times: user=0.00 sys=0.00, real=0.01 secs] 
894.650: [GC (Allocation Failure) [PSYoungGen: 71709K->1488K(72704K)] 406606K->336392K(592384K), 0.0022496 secs] [Times: user=0.00 sys=0.01, real=0.00 secs] 
895.183: [GC (Allocation Failure) [PSYoungGen: 72144K->1424K(71680K)] 407048K->336328K(591360K), 0.0026814 secs] [Times: user=0.01 sys=0.00, real=0.00 secs] 
895.939: [GC (Allocation Failure) [PSYoungGen: 71568K->1408K(71168K)] 406472K->336312K(590848K), 0.0032619 secs] [Times: user=0.01 sys=0.00, real=0.00 secs] 
896.709: [GC (Allocation Failure) [PSYoungGen: 71040K->1376K(70656K)] 405944K->336304K(590336K), 0.0034602 secs] [Times: user=0.02 sys=0.00, real=0.00 secs] 
897.501: [GC (Allocation Failure) [PSYoungGen: 70496K->1312K(70144K)] 405424K->336240K(589824K), 0.0030267 secs] [Times: user=0.01 sys=0.00, real=0.00 secs] 
897.878: [GC (Allocation Failure) [PSYoungGen: 69920K->1520K(69632K)] 404848K->336448K(589312K), 0.0019456 secs] [Times: user=0.00 sys=0.00, real=0.00 secs] 
898.009: [GC (Allocation Failure) [PSYoungGen: 69616K->1440K(69120K)] 404544K->336368K(588800K), 0.0017103 secs] [Times: user=0.01 sys=0.00, real=0.00 secs] 
898.128: [GC (Allocation Failure) [PSYoungGen: 69024K->1453K(68608K)] 403952K->336382K(588288K), 0.0015565 secs] [Times: user=0.01 sys=0.00, real=0.00 secs] 
898.245: [GC (Allocation Failure) [PSYoungGen: 68503K->1453K(75264K)] 403432K->336390K(594944K), 0.0015401 secs] [Times: user=0.01 sys=0.00, real=0.00 secs] 
898.606: [GC (Allocation Failure) [PSYoungGen: 74669K->1440K(74240K)] 409606K->336376K(593920K), 0.0018416 secs] [Times: user=0.00 sys=0.00, real=0.01 secs] 
898.954: [GC (Allocation Failure) [PSYoungGen: 74144K->1376K(73728K)] 409080K->336312K(593408K), 0.0018828 secs] [Times: user=0.00 sys=0.00, real=0.00 secs] 
899.294: [GC (Allocation Failure) [PSYoungGen: 73568K->1440K(73216K)] 408504K->336376K(592896K), 0.0022889 secs] [Times: user=0.01 sys=0.00, real=0.01 secs] 
899.724: [GC (Allocation Failure) [PSYoungGen: 73120K->1469K(72704K)] 408056K->336406K(592384K), 0.0025308 secs] [Times: user=0.01 sys=0.00, real=0.01 secs] 
899.895: [GC (Allocation Failure) [PSYoungGen: 72637K->1469K(72192K)] 407574K->336406K(591872K), 0.0016326 secs] [Times: user=0.01 sys=0.00, real=0.01 secs] 
900.038: [GC (Allocation Failure) [PSYoungGen: 72125K->1453K(71680K)] 407062K->336390K(591360K), 0.0018341 secs] [Times: user=0.01 sys=0.00, real=0.00 secs] 
900.192: [GC (Allocation Failure) [PSYoungGen: 71597K->1533K(72192K)] 406534K->336470K(591872K), 0.0020813 secs] [Times: user=0.01 sys=0.00, real=0.00 secs] 
900.553: [GC (Allocation Failure) [PSYoungGen: 71677K->1408K(71168K)] 406614K->336344K(590848K), 0.0023130 secs] [Times: user=0.01 sys=0.00, real=0.00 secs] 
901.163: [GC (Allocation Failure) [PSYoungGen: 71040K->1376K(70656K)] 405976K->336312K(590336K), 0.0021807 secs] [Times: user=0.01 sys=0.00, real=0.00 secs] 
901.913: [GC (Allocation Failure) [PSYoungGen: 70496K->1424K(70144K)] 405432K->336360K(589824K), 0.0026815 secs] [Times: user=0.01 sys=0.00, real=0.00 secs] 
902.681: [GC (Allocation Failure) [PSYoungGen: 70032K->1376K(69632K)] 404968K->336312K(589312K), 0.0022709 secs] [Times: user=0.01 sys=0.00, real=0.00 secs] 
903.247: [GC (Allocation Failure) [PSYoungGen: 69472K->1501K(69120K)] 404408K->336438K(588800K), 0.0022108 secs] [Times: user=0.01 sys=0.00, real=0.00 secs] 
903.394: [GC (Allocation Failure) [PSYoungGen: 69085K->1453K(68608K)] 404022K->336390K(588288K), 0.0017253 secs] [Times: user=0.00 sys=0.00, real=0.00 secs] 
903.512: [GC (Allocation Failure) [PSYoungGen: 68525K->1485K(68096K)] 403462K->336422K(587776K), 0.0018016 secs] [Times: user=0.01 sys=0.00, real=0.00 secs] 
903.629: [GC (Allocation Failure) [PSYoungGen: 68045K->1533K(68608K)] 402982K->336470K(588288K), 0.0016712 secs] [Times: user=0.00 sys=0.00, real=0.00 secs] 
904.357: [GC (Allocation Failure) [PSYoungGen: 68093K->1440K(67584K)] 403030K->336392K(587264K), 0.0023800 secs] [Times: user=0.01 sys=0.00, real=0.00 secs] 
905.251: [GC (Allocation Failure) [PSYoungGen: 67488K->1344K(67072K)] 402440K->336296K(586752K), 0.0061080 secs] [Times: user=0.02 sys=0.00, real=0.01 secs] 
906.162: [GC (Allocation Failure) [PSYoungGen: 66880K->1408K(66560K)] 401832K->336360K(586240K), 0.0039131 secs] [Times: user=0.01 sys=0.00, real=0.00 secs] 
906.757: [GC (Allocation Failure) [PSYoungGen: 66432K->1408K(66048K)] 401384K->336360K(585728K), 0.0025396 secs] [Times: user=0.01 sys=0.00, real=0.00 secs] 
907.285: [GC (Allocation Failure) [PSYoungGen: 65920K->1456K(65536K)] 400872K->336408K(585216K), 0.0021266 secs] [Times: user=0.01 sys=0.00, real=0.01 secs] 
907.412: [GC (Allocation Failure) [PSYoungGen: 65456K->1485K(65024K)] 400408K->336438K(584704K), 0.0018313 secs] [Times: user=0.01 sys=0.00, real=0.00 secs] 
907.539: [GC (Allocation Failure) [PSYoungGen: 64973K->1456K(64512K)] 399926K->336408K(584192K), 0.0018061 secs] [Times: user=0.01 sys=0.00, real=0.00 secs] 
907.677: [GC (Allocation Failure) [PSYoungGen: 64432K->1520K(65024K)] 399384K->336480K(584704K), 0.0019385 secs] [Times: user=0.01 sys=0.00, real=0.00 secs] 
907.928: [GC (Allocation Failure) [PSYoungGen: 64496K->1952K(65024K)] 399456K->337432K(584704K), 0.0018955 secs] [Times: user=0.00 sys=0.00, real=0.00 secs] 
909.310: [GC (Allocation Failure) [PSYoungGen: 64928K->1392K(64000K)] 400408K->336888K(583680K), 0.0029462 secs] [Times: user=0.01 sys=0.00, real=0.00 secs] 
909.881: [GC (Allocation Failure) [PSYoungGen: 63856K->1344K(63488K)] 399352K->336840K(583168K), 0.0029689 secs] [Times: user=0.01 sys=0.00, real=0.00 secs] 
910.439: [GC (Allocation Failure) [PSYoungGen: 63296K->1376K(62976K)] 398792K->336872K(582656K), 0.0023941 secs] [Times: user=0.01 sys=0.00, real=0.00 secs] 
910.949: [GC (Allocation Failure) [PSYoungGen: 62816K->1376K(62464K)] 398312K->336872K(582144K), 0.0025296 secs] [Times: user=0.01 sys=0.00, real=0.00 secs] 
911.215: [GC (Allocation Failure) [PSYoungGen: 62304K->1424K(61952K)] 397800K->336920K(581632K), 0.0017824 secs] [Times: user=0.00 sys=0.00, real=0.01 secs] 
911.325: [GC (Allocation Failure) [PSYoungGen: 61840K->1469K(61440K)] 397336K->336966K(581120K), 0.0017972 secs] [Times: user=0.00 sys=0.00, real=0.01 secs] 
911.432: [GC (Allocation Failure) [PSYoungGen: 61373K->1437K(67072K)] 396870K->336950K(586752K), 0.0015924 secs] [Times: user=0.00 sys=0.00, real=0.00 secs] 
911.548: [GC (Allocation Failure) [PSYoungGen: 66973K->1533K(67584K)] 402486K->337046K(587264K), 0.0016413 secs] [Times: user=0.00 sys=0.00, real=0.00 secs] 
911.839: [GC (Allocation Failure) [PSYoungGen: 67069K->1456K(73216K)] 402582K->336968K(592896K), 0.0021637 secs] [Times: user=0.01 sys=0.00, real=0.00 secs] 
912.242: [GC (Allocation Failure) [PSYoungGen: 73136K->1344K(72704K)] 408648K->336856K(592384K), 0.0020416 secs] [Times: user=0.01 sys=0.00, real=0.00 secs] 
912.796: [GC (Allocation Failure) [PSYoungGen: 72512K->1392K(72192K)] 408024K->336904K(591872K), 0.0021018 secs] [Times: user=0.00 sys=0.00, real=0.01 secs] 
913.364: [GC (Allocation Failure) [PSYoungGen: 72048K->1408K(71680K)] 407560K->336920K(591360K), 0.0020729 secs] [Times: user=0.00 sys=0.00, real=0.00 secs] 
913.922: [GC (Allocation Failure) [PSYoungGen: 71552K->1501K(71168K)] 407064K->337014K(590848K), 0.0021706 secs] [Times: user=0.01 sys=0.00, real=0.00 secs] 
914.060: [GC (Allocation Failure) [PSYoungGen: 71133K->1565K(71168K)] 406646K->337078K(590848K), 0.0017474 secs] [Times: user=0.00 sys=0.00, real=0.00 secs] 
914.182: [GC (Allocation Failure) [PSYoungGen: 70685K->1533K(70144K)] 406198K->337054K(589824K), 0.0017872 secs] [Times: user=0.01 sys=0.00, real=0.00 secs] 
914.302: [GC (Allocation Failure) [PSYoungGen: 70135K->1565K(71168K)] 405655K->337086K(590848K), 0.0016821 secs] [Times: user=0.01 sys=0.00, real=0.00 secs] 
915.130: [GC (Allocation Failure) [PSYoungGen: 70685K->1408K(70144K)] 406206K->336928K(589824K), 0.0022246 secs] [Times: user=0.01 sys=0.00, real=0.00 secs] 
915.883: [GC (Allocation Failure) [PSYoungGen: 70016K->1408K(69632K)] 405536K->336928K(589312K), 0.0026602 secs] [Times: user=0.01 sys=0.00, real=0.00 secs] 
916.482: [GC (Allocation Failure) [PSYoungGen: 69504K->1376K(69120K)] 405024K->336896K(588800K), 0.0024345 secs] [Times: user=0.01 sys=0.00, real=0.00 secs] 
917.550: [GC (Allocation Failure) [PSYoungGen: 68960K->1376K(68608K)] 404480K->336896K(588288K), 0.0029633 secs] [Times: user=0.01 sys=0.00, real=0.00 secs] 
918.364: [GC (Allocation Failure) [PSYoungGen: 68448K->1485K(68096K)] 403968K->337030K(587776K), 0.0023322 secs] [Times: user=0.01 sys=0.00, real=0.00 secs] 
918.510: [GC (Allocation Failure) [PSYoungGen: 68045K->1456K(67584K)] 403590K->337000K(587264K), 0.0018496 secs] [Times: user=0.01 sys=0.00, real=0.00 secs] 
918.626: [GC (Allocation Failure) [PSYoungGen: 67504K->1485K(67072K)] 403048K->337030K(586752K), 0.0017472 secs] [Times: user=0.01 sys=0.00, real=0.01 secs] 
918.743: [GC (Allocation Failure) [PSYoungGen: 67021K->1533K(73728K)] 402566K->337094K(593408K), 0.0016568 secs] [Times: user=0.01 sys=0.00, real=0.00 secs] 
919.676: [GC (Allocation Failure) [PSYoungGen: 73213K->1408K(72704K)] 408774K->336968K(592384K), 0.0043668 secs] [Times: user=0.02 sys=0.00, real=0.01 secs] 
920.639: [GC (Allocation Failure) [PSYoungGen: 72576K->1344K(72192K)] 408136K->336904K(591872K), 0.0039925 secs] [Times: user=0.02 sys=0.00, real=0.00 secs] 
921.218: [GC (Allocation Failure) [PSYoungGen: 72000K->1376K(71680K)] 407560K->336936K(591360K), 0.0030997 secs] [Times: user=0.01 sys=0.00, real=0.00 secs] 
921.781: [GC (Allocation Failure) [PSYoungGen: 71520K->1392K(71168K)] 407080K->336952K(590848K), 0.0032434 secs] [Times: user=0.01 sys=0.00, real=0.00 secs] 
922.086: [GC (Allocation Failure) [PSYoungGen: 71024K->1501K(70656K)] 406584K->337062K(590336K), 0.0020507 secs] [Times: user=0.00 sys=0.00, real=0.01 secs] 
922.216: [GC (Allocation Failure) [PSYoungGen: 70621K->1472K(70144K)] 406182K->337032K(589824K), 0.0016977 secs] [Times: user=0.00 sys=0.00, real=0.01 secs] 
922.336: [GC (Allocation Failure) [PSYoungGen: 70056K->1501K(69632K)] 405617K->337062K(589312K), 0.0016641 secs] [Times: user=0.00 sys=0.00, real=0.01 secs] 
922.456: [GC (Allocation Failure) [PSYoungGen: 69597K->224K(70144K)] 405158K->335800K(589824K), 0.0016712 secs] [Times: user=0.01 sys=0.00, real=0.01 secs] 
922.770: [GC (Allocation Failure) [PSYoungGen: 68320K->1408K(69120K)] 403896K->336984K(588800K), 0.0018191 secs] [Times: user=0.01 sys=0.00, real=0.00 secs] 
923.362: [GC (Allocation Failure) [PSYoungGen: 68992K->1344K(68608K)] 404568K->336920K(588288K), 0.0020280 secs] [Times: user=0.00 sys=0.00, real=0.00 secs] 
923.985: [GC (Allocation Failure) [PSYoungGen: 68416K->1376K(68096K)] 403992K->336952K(587776K), 0.0019085 secs] [Times: user=0.01 sys=0.00, real=0.01 secs] 
924.637: [GC (Allocation Failure) [PSYoungGen: 67936K->1376K(67584K)] 403512K->336952K(587264K), 0.0043968 secs] [Times: user=0.02 sys=0.00, real=0.00 secs] 
924.987: [GC (Allocation Failure) [PSYoungGen: 67424K->1517K(67072K)] 403000K->337094K(586752K), 0.0021309 secs] [Times: user=0.00 sys=0.00, real=0.00 secs] 
925.122: [GC (Allocation Failure) [PSYoungGen: 67034K->1485K(66560K)] 402611K->337062K(586240K), 0.0018301 secs] [Times: user=0.00 sys=0.00, real=0.00 secs] 
925.254: [GC (Allocation Failure) [PSYoungGen: 66509K->1485K(66048K)] 402086K->337062K(585728K), 0.0018022 secs] [Times: user=0.00 sys=0.00, real=0.00 secs] 
925.397: [GC (Allocation Failure) [PSYoungGen: 65997K->1469K(72192K)] 401574K->337054K(591872K), 0.0017010 secs] [Times: user=0.01 sys=0.00, real=0.00 secs] 
926.170: [GC (Allocation Failure) [PSYoungGen: 72125K->1456K(71680K)] 407710K->337040K(591360K), 0.0032696 secs] [Times: user=0.01 sys=0.00, real=0.00 secs] 
926.729: [GC (Allocation Failure) [PSYoungGen: 71600K->1376K(71168K)] 407184K->336960K(590848K), 0.0024881 secs] [Times: user=0.01 sys=0.00, real=0.00 secs] 
927.276: [GC (Allocation Failure) [PSYoungGen: 71008K->1440K(70656K)] 406592K->337048K(590336K), 0.0023211 secs] [Times: user=0.00 sys=0.00, real=0.01 secs] 
927.808: [GC (Allocation Failure) [PSYoungGen: 70560K->1376K(70144K)] 406168K->336984K(589824K), 0.0022826 secs] [Times: user=0.01 sys=0.00, real=0.00 secs] 
928.034: [GC (Allocation Failure) [PSYoungGen: 69984K->1488K(69632K)] 405592K->337097K(589312K), 0.0016757 secs] [Times: user=0.00 sys=0.00, real=0.00 secs] 
928.153: [GC (Allocation Failure) [PSYoungGen: 69584K->1565K(69632K)] 405193K->337174K(589312K), 0.0017009 secs] [Times: user=0.01 sys=0.00, real=0.00 secs] 
928.273: [GC (Allocation Failure) [PSYoungGen: 69149K->1533K(68608K)] 404758K->337142K(588288K), 0.0016312 secs] [Times: user=0.01 sys=0.00, real=0.00 secs] 
928.395: [GC (Allocation Failure) [PSYoungGen: 68578K->224K(69632K)] 404187K->335832K(589312K), 0.0016804 secs] [Times: user=0.00 sys=0.01, real=0.00 secs] 
929.034: [GC (Allocation Failure) [PSYoungGen: 67808K->1376K(68608K)] 403416K->336984K(588288K), 0.0017919 secs] [Times: user=0.00 sys=0.00, real=0.00 secs] 
929.954: [GC (Allocation Failure) [PSYoungGen: 68448K->1376K(68096K)] 404056K->336984K(587776K), 0.0041998 secs] [Times: user=0.01 sys=0.00, real=0.01 secs] 
930.889: [GC (Allocation Failure) [PSYoungGen: 67936K->1408K(67584K)] 403544K->337016K(587264K), 0.0039953 secs] [Times: user=0.02 sys=0.00, real=0.00 secs] 
931.599: [GC (Allocation Failure) [PSYoungGen: 67456K->1408K(67072K)] 403064K->337016K(586752K), 0.0025880 secs] [Times: user=0.01 sys=0.01, real=0.00 secs] 
931.898: [GC (Allocation Failure) [PSYoungGen: 66944K->1520K(66560K)] 402552K->337129K(586240K), 0.0016699 secs] [Times: user=0.00 sys=0.00, real=0.00 secs] 
932.012: [GC (Allocation Failure) [PSYoungGen: 66544K->1565K(66560K)] 402153K->337174K(586240K), 0.0017956 secs] [Times: user=0.01 sys=0.00, real=0.00 secs] 
932.125: [GC (Allocation Failure) [PSYoungGen: 66077K->464K(64512K)] 401686K->337097K(584192K), 0.0016164 secs] [Times: user=0.00 sys=0.00, real=0.01 secs] 
932.239: [GC (Allocation Failure) [PSYoungGen: 64464K->413K(71680K)] 401097K->337054K(591360K), 0.0015888 secs] [Times: user=0.01 sys=0.00, real=0.00 secs] 
932.783: [GC (Allocation Failure) [PSYoungGen: 70045K->1440K(70656K)] 406686K->338080K(590336K), 0.0019786 secs] [Times: user=0.01 sys=0.00, real=0.00 secs] 
933.440: [GC (Allocation Failure) [PSYoungGen: 70560K->1408K(70144K)] 407200K->338048K(589824K), 0.0042561 secs] [Times: user=0.02 sys=0.00, real=0.00 secs] 
934.039: [GC (Allocation Failure) [PSYoungGen: 70016K->1408K(69632K)] 406656K->338048K(589312K), 0.0021655 secs] [Times: user=0.01 sys=0.00, real=0.00 secs] 
934.654: [GC (Allocation Failure) [PSYoungGen: 69504K->1392K(69120K)] 406144K->338032K(588800K), 0.0032199 secs] [Times: user=0.01 sys=0.00, real=0.01 secs] 
934.956: [GC (Allocation Failure) [PSYoungGen: 68976K->1392K(68608K)] 405616K->338033K(588288K), 0.0018994 secs] [Times: user=0.00 sys=0.00, real=0.01 secs] 
935.080: [GC (Allocation Failure) [PSYoungGen: 68464K->1533K(68096K)] 405105K->338174K(587776K), 0.0016669 secs] [Times: user=0.01 sys=0.00, real=0.00 secs] 
935.196: [GC (Allocation Failure) [PSYoungGen: 68093K->1485K(67584K)] 404734K->338134K(587264K), 0.0016476 secs] [Times: user=0.00 sys=0.00, real=0.01 secs] 
935.312: [GC (Allocation Failure) [PSYoungGen: 67533K->1501K(68608K)] 404182K->338158K(588288K), 0.0016735 secs] [Times: user=0.01 sys=0.00, real=0.00 secs] 
936.886: [GC (Allocation Failure) [PSYoungGen: 68061K->1440K(67584K)] 404718K->338096K(587264K), 0.0045433 secs] [Times: user=0.02 sys=0.00, real=0.01 secs] 
937.191: [GC (Allocation Failure) [PSYoungGen: 67488K->1376K(67072K)] 404144K->338032K(586752K), 0.0023773 secs] [Times: user=0.01 sys=0.00, real=0.00 secs] 
937.469: [GC (Allocation Failure) [PSYoungGen: 66912K->1408K(66560K)] 403568K->338096K(586240K), 0.0020922 secs] [Times: user=0.01 sys=0.00, real=0.00 secs] 
937.740: [GC (Allocation Failure) [PSYoungGen: 66432K->1376K(66048K)] 403120K->338064K(585728K), 0.0019914 secs] [Times: user=0.00 sys=0.00, real=0.00 secs] 
937.953: [GC (Allocation Failure) [PSYoungGen: 65888K->1456K(65536K)] 402576K->338145K(585216K), 0.0016634 secs] [Times: user=0.00 sys=0.00, real=0.00 secs] 
938.068: [GC (Allocation Failure) [PSYoungGen: 65456K->1533K(65024K)] 402145K->338222K(584704K), 0.0017409 secs] [Times: user=0.00 sys=0.00, real=0.00 secs] 
938.180: [GC (Allocation Failure) [PSYoungGen: 65021K->1421K(71168K)] 401710K->338110K(590848K), 0.0015958 secs] [Times: user=0.00 sys=0.00, real=0.00 secs] 
938.321: [GC (Allocation Failure) [PSYoungGen: 71053K->1501K(71680K)] 407742K->338198K(591360K), 0.0018875 secs] [Times: user=0.01 sys=0.00, real=0.00 secs] 
938.592: [GC (Allocation Failure) [PSYoungGen: 71133K->1440K(77824K)] 407830K->338136K(597504K), 0.0020389 secs] [Times: user=0.01 sys=0.00, real=0.00 secs] 
938.930: [GC (Allocation Failure) [PSYoungGen: 77728K->1376K(77312K)] 414424K->338072K(596992K), 0.0022074 secs] [Times: user=0.01 sys=0.00, real=0.00 secs] 
939.253: [GC (Allocation Failure) [PSYoungGen: 77152K->1376K(76800K)] 413848K->338072K(596480K), 0.0019224 secs] [Times: user=0.01 sys=0.00, real=0.00 secs] 
939.568: [GC (Allocation Failure) [PSYoungGen: 76640K->1376K(76288K)] 413336K->338072K(595968K), 0.0022379 secs] [Times: user=0.01 sys=0.00, real=0.00 secs] 
939.738: [GC (Allocation Failure) [PSYoungGen: 76128K->1552K(76288K)] 412824K->338249K(595968K), 0.0016097 secs] [Times: user=0.01 sys=0.00, real=0.00 secs] 
939.869: [GC (Allocation Failure) [PSYoungGen: 75792K->1533K(75264K)] 412489K->338230K(594944K), 0.0017234 secs] [Times: user=0.01 sys=0.00, real=0.00 secs] 
939.999: [GC (Allocation Failure) [PSYoungGen: 75261K->1533K(75776K)] 411958K->338262K(595456K), 0.0016622 secs] [Times: user=0.01 sys=0.00, real=0.00 secs] 
940.216: [GC (Allocation Failure) [PSYoungGen: 75773K->1392K(75264K)] 412502K->338128K(594944K), 0.0018588 secs] [Times: user=0.01 sys=0.00, real=0.01 secs] 
940.524: [GC (Allocation Failure) [PSYoungGen: 75120K->1344K(74752K)] 411856K->338080K(594432K), 0.0018584 secs] [Times: user=0.00 sys=0.00, real=0.00 secs] 
941.059: [GC (Allocation Failure) [PSYoungGen: 74560K->1376K(74240K)] 411296K->338112K(593920K), 0.0021510 secs] [Times: user=0.00 sys=0.00, real=0.00 secs] 
941.668: [GC (Allocation Failure) [PSYoungGen: 74080K->1408K(73728K)] 410816K->338144K(593408K), 0.0030183 secs] [Times: user=0.01 sys=0.00, real=0.00 secs] 
942.092: [GC (Allocation Failure) [PSYoungGen: 73600K->1469K(73216K)] 410336K->338206K(592896K), 0.0021874 secs] [Times: user=0.01 sys=0.00, real=0.00 secs] 
942.229: [GC (Allocation Failure) [PSYoungGen: 73149K->1488K(72704K)] 409886K->338225K(592384K), 0.0015490 secs] [Times: user=0.01 sys=0.00, real=0.00 secs] 
942.354: [GC (Allocation Failure) [PSYoungGen: 72656K->1533K(72192K)] 409393K->338270K(591872K), 0.0016766 secs] [Times: user=0.01 sys=0.00, real=0.00 secs] 
942.477: [GC (Allocation Failure) [PSYoungGen: 72189K->1533K(72704K)] 408926K->338270K(592384K), 0.0016600 secs] [Times: user=0.01 sys=0.00, real=0.00 secs] 
944.451: [GC (Allocation Failure) [PSYoungGen: 72189K->1408K(71680K)] 408926K->338152K(591360K), 0.0036296 secs] [Times: user=0.02 sys=0.00, real=0.00 secs] 
945.446: [GC (Allocation Failure) [PSYoungGen: 71552K->1408K(71168K)] 408296K->338152K(590848K), 0.0029343 secs] [Times: user=0.01 sys=0.00, real=0.01 secs] 
945.976: [GC (Allocation Failure) [PSYoungGen: 71040K->1408K(70656K)] 407784K->338152K(590336K), 0.0024697 secs] [Times: user=0.00 sys=0.00, real=0.01 secs] 
946.590: [GC (Allocation Failure) [PSYoungGen: 70528K->1408K(70144K)] 407272K->338152K(589824K), 0.0028815 secs] [Times: user=0.01 sys=0.00, real=0.00 secs] 
946.841: [GC (Allocation Failure) [PSYoungGen: 70016K->1469K(69632K)] 406760K->338214K(589312K), 0.0018910 secs] [Times: user=0.01 sys=0.00, real=0.00 secs] 
946.964: [GC (Allocation Failure) [PSYoungGen: 69565K->1453K(69120K)] 406310K->338198K(588800K), 0.0015885 secs] [Times: user=0.00 sys=0.00, real=0.00 secs] 
947.084: [GC (Allocation Failure) [PSYoungGen: 69037K->1488K(68608K)] 405782K->338233K(588288K), 0.0016450 secs] [Times: user=0.00 sys=0.00, real=0.00 secs] 
947.247: [GC (Allocation Failure) [PSYoungGen: 68560K->1952K(68608K)] 405305K->338704K(588288K), 0.0017736 secs] [Times: user=0.01 sys=0.00, real=0.00 secs] 
947.524: [GC (Allocation Failure) [PSYoungGen: 68512K->1328K(67584K)] 405264K->338080K(587264K), 0.0017544 secs] [Times: user=0.01 sys=0.00, real=0.00 secs] 
947.799: [GC (Allocation Failure) [PSYoungGen: 67376K->1376K(67072K)] 404128K->338128K(586752K), 0.0016663 secs] [Times: user=0.01 sys=0.00, real=0.00 secs] 
948.071: [GC (Allocation Failure) [PSYoungGen: 66912K->1408K(66560K)] 403664K->338176K(586240K), 0.0018943 secs] [Times: user=0.01 sys=0.00, real=0.00 secs] 
948.343: [GC (Allocation Failure) [PSYoungGen: 66432K->1408K(66048K)] 403200K->338176K(585728K), 0.0016591 secs] [Times: user=0.01 sys=0.00, real=0.00 secs] 
948.543: [GC (Allocation Failure) [PSYoungGen: 65920K->1488K(65536K)] 402688K->338257K(585216K), 0.0022076 secs] [Times: user=0.01 sys=0.00, real=0.00 secs] 
948.717: [GC (Allocation Failure) [PSYoungGen: 65488K->1437K(65024K)] 402257K->338206K(584704K), 0.0022551 secs] [Times: user=0.01 sys=0.00, real=0.01 secs] 
948.860: [GC (Allocation Failure) [PSYoungGen: 64925K->1501K(66048K)] 401694K->338270K(585728K), 0.0015939 secs] [Times: user=0.00 sys=0.01, real=0.00 secs] 
948.972: [GC (Allocation Failure) [PSYoungGen: 65501K->1533K(71168K)] 402270K->338310K(590848K), 0.0019197 secs] [Times: user=0.01 sys=0.00, real=0.00 secs] 
949.984: [GC (Allocation Failure) [PSYoungGen: 70653K->1408K(70144K)] 407430K->338184K(589824K), 0.0032672 secs] [Times: user=0.01 sys=0.00, real=0.01 secs] 
950.812: [GC (Allocation Failure) [PSYoungGen: 70016K->1344K(69632K)] 406792K->338120K(589312K), 0.0028799 secs] [Times: user=0.00 sys=0.00, real=0.00 secs] 
951.778: [GC (Allocation Failure) [PSYoungGen: 69440K->1408K(69120K)] 406216K->338184K(588800K), 0.0031952 secs] [Times: user=0.01 sys=0.00, real=0.00 secs] 
952.699: [GC (Allocation Failure) [PSYoungGen: 68992K->1392K(68608K)] 405768K->338168K(588288K), 0.0031791 secs] [Times: user=0.02 sys=0.00, real=0.00 secs] 
953.110: [GC (Allocation Failure) [PSYoungGen: 68464K->1501K(68096K)] 405240K->338278K(587776K), 0.0022421 secs] [Times: user=0.00 sys=0.00, real=0.00 secs] 
953.296: [GC (Allocation Failure) [PSYoungGen: 68061K->1501K(67584K)] 404838K->338278K(587264K), 0.0023284 secs] [Times: user=0.00 sys=0.01, real=0.01 secs] 
953.444: [GC (Allocation Failure) [PSYoungGen: 67549K->1485K(67072K)] 404326K->338278K(586752K), 0.0017944 secs] [Times: user=0.01 sys=0.00, real=0.00 secs] 
953.561: [GC (Allocation Failure) [PSYoungGen: 67004K->1533K(67584K)] 403797K->338326K(587264K), 0.0018005 secs] [Times: user=0.01 sys=0.00, real=0.00 secs] 
953.918: [GC (Allocation Failure) [PSYoungGen: 67069K->1376K(66560K)] 403862K->338168K(586240K), 0.0027523 secs] [Times: user=0.01 sys=0.00, real=0.00 secs] 
954.257: [GC (Allocation Failure) [PSYoungGen: 66400K->1408K(66048K)] 403192K->338200K(585728K), 0.0021337 secs] [Times: user=0.01 sys=0.01, real=0.01 secs] 
954.525: [GC (Allocation Failure) [PSYoungGen: 65920K->1408K(65536K)] 402712K->338200K(585216K), 0.0021647 secs] [Times: user=0.01 sys=0.00, real=0.01 secs] 
954.937: [GC (Allocation Failure) [PSYoungGen: 65408K->1376K(65024K)] 402200K->338168K(584704K), 0.0019820 secs] [Times: user=0.01 sys=0.00, real=0.00 secs] 
955.278: [GC (Allocation Failure) [PSYoungGen: 64864K->1469K(64512K)] 401656K->338262K(584192K), 0.0020054 secs] [Times: user=0.01 sys=0.00, real=0.00 secs] 
955.393: [GC (Allocation Failure) [PSYoungGen: 64445K->1552K(64512K)] 401238K->338345K(584192K), 0.0016859 secs] [Times: user=0.00 sys=0.00, real=0.00 secs] 
955.520: [GC (Allocation Failure) [PSYoungGen: 64016K->1437K(65024K)] 400809K->338230K(584704K), 0.0019871 secs] [Times: user=0.01 sys=0.00, real=0.00 secs] 
955.658: [GC (Allocation Failure) [PSYoungGen: 64413K->1501K(70656K)] 401206K->338310K(590336K), 0.0019408 secs] [Times: user=0.01 sys=0.00, real=0.00 secs] 
956.050: [GC (Allocation Failure) [PSYoungGen: 70109K->1472K(70656K)] 406918K->338280K(590336K), 0.0021991 secs] [Times: user=0.01 sys=0.00, real=0.00 secs] 
956.519: [GC (Allocation Failure) [PSYoungGen: 70080K->1392K(69632K)] 406888K->338224K(589312K), 0.0023486 secs] [Times: user=0.01 sys=0.00, real=0.00 secs] 
956.806: [GC (Allocation Failure) [PSYoungGen: 69488K->1392K(69120K)] 406320K->338224K(588800K), 0.0022765 secs] [Times: user=0.01 sys=0.00, real=0.01 secs] 
957.114: [GC (Allocation Failure) [PSYoungGen: 68976K->1312K(68608K)] 405808K->338144K(588288K), 0.0019017 secs] [Times: user=0.01 sys=0.00, real=0.00 secs] 
957.381: [GC (Allocation Failure) [PSYoungGen: 68384K->1485K(68096K)] 405216K->338318K(587776K), 0.0017663 secs] [Times: user=0.01 sys=0.00, real=0.00 secs] 
957.499: [GC (Allocation Failure) [PSYoungGen: 68045K->1485K(67584K)] 404878K->338318K(587264K), 0.0015776 secs] [Times: user=0.00 sys=0.00, real=0.00 secs] 
957.615: [GC (Allocation Failure) [PSYoungGen: 67533K->1565K(74240K)] 404366K->338398K(593920K), 0.0015985 secs] [Times: user=0.01 sys=0.00, real=0.01 secs] 
957.741: [GC (Allocation Failure) [PSYoungGen: 73757K->1501K(74240K)] 410590K->338342K(593920K), 0.0017104 secs] [Times: user=0.00 sys=0.00, real=0.00 secs] 
957.991: [GC (Allocation Failure) [PSYoungGen: 73693K->1440K(74240K)] 410534K->338280K(593920K), 0.0016203 secs] [Times: user=0.00 sys=0.00, real=0.00 secs] 
958.290: [GC (Allocation Failure) [PSYoungGen: 73632K->1328K(73216K)] 410472K->338168K(592896K), 0.0017292 secs] [Times: user=0.00 sys=0.00, real=0.00 secs] 
958.601: [GC (Allocation Failure) [PSYoungGen: 73008K->1392K(72704K)] 409848K->338232K(592384K), 0.0018237 secs] [Times: user=0.01 sys=0.00, real=0.00 secs] 
958.897: [GC (Allocation Failure) [PSYoungGen: 72560K->1408K(72192K)] 409400K->338248K(591872K), 0.0018093 secs] [Times: user=0.01 sys=0.00, real=0.00 secs] 
959.115: [GC (Allocation Failure) [PSYoungGen: 72064K->1533K(71680K)] 408904K->338374K(591360K), 0.0017315 secs] [Times: user=0.01 sys=0.00, real=0.01 secs] 
959.238: [GC (Allocation Failure) [PSYoungGen: 71677K->1453K(71168K)] 408518K->338294K(590848K), 0.0017320 secs] [Times: user=0.01 sys=0.00, real=0.00 secs] 
959.360: [GC (Allocation Failure) [PSYoungGen: 71085K->1421K(78336K)] 407926K->338262K(598016K), 0.0016290 secs] [Times: user=0.01 sys=0.00, real=0.00 secs] 
959.494: [GC (Allocation Failure) [PSYoungGen: 77709K->1533K(78336K)] 414550K->338390K(598016K), 0.0015299 secs] [Times: user=0.01 sys=0.00, real=0.00 secs] 
960.900: [GC (Allocation Failure) [PSYoungGen: 77821K->1392K(77312K)] 414678K->338248K(596992K), 0.0044534 secs] [Times: user=0.01 sys=0.00, real=0.00 secs] 
961.709: [GC (Allocation Failure) [PSYoungGen: 77168K->1408K(76800K)] 414024K->338264K(596480K), 0.0025026 secs] [Times: user=0.01 sys=0.00, real=0.00 secs] 
962.321: [GC (Allocation Failure) [PSYoungGen: 76672K->1408K(76288K)] 413528K->338264K(595968K), 0.0025493 secs] [Times: user=0.01 sys=0.00, real=0.00 secs] 
962.956: [GC (Allocation Failure) [PSYoungGen: 76160K->1472K(75776K)] 413016K->338328K(595456K), 0.0026653 secs] [Times: user=0.01 sys=0.00, real=0.01 secs] 
963.137: [GC (Allocation Failure) [PSYoungGen: 75712K->1453K(75264K)] 412568K->338310K(594944K), 0.0018609 secs] [Times: user=0.01 sys=0.00, real=0.00 secs] 
963.285: [GC (Allocation Failure) [PSYoungGen: 75181K->1533K(74752K)] 412038K->338390K(594432K), 0.0019693 secs] [Times: user=0.01 sys=0.00, real=0.01 secs] 
963.445: [GC (Allocation Failure) [PSYoungGen: 74749K->1517K(74240K)] 411606K->338374K(593920K), 0.0018167 secs] [Times: user=0.01 sys=0.00, real=0.00 secs] 
963.736: [GC (Allocation Failure) [PSYoungGen: 74221K->1424K(73728K)] 411078K->338280K(593408K), 0.0022068 secs] [Times: user=0.01 sys=0.00, real=0.01 secs] 
964.075: [GC (Allocation Failure) [PSYoungGen: 73616K->1408K(73216K)] 410472K->338264K(592896K), 0.0020545 secs] [Times: user=0.01 sys=0.00, real=0.01 secs] 
964.754: [GC (Allocation Failure) [PSYoungGen: 73088K->1408K(72704K)] 409944K->338264K(592384K), 0.0021715 secs] [Times: user=0.01 sys=0.00, real=0.00 secs] 
965.442: [GC (Allocation Failure) [PSYoungGen: 72576K->1408K(72192K)] 409432K->338264K(591872K), 0.0021503 secs] [Times: user=0.01 sys=0.00, real=0.00 secs] 
965.708: [GC (Allocation Failure) [PSYoungGen: 72064K->1488K(71680K)] 408920K->338345K(591360K), 0.0016132 secs] [Times: user=0.01 sys=0.00, real=0.00 secs] 
965.831: [GC (Allocation Failure) [PSYoungGen: 71607K->1501K(71168K)] 408464K->338358K(590848K), 0.0016731 secs] [Times: user=0.00 sys=0.00, real=0.00 secs] 
965.954: [GC (Allocation Failure) [PSYoungGen: 71133K->1517K(70656K)] 407990K->338374K(590336K), 0.0015863 secs] [Times: user=0.01 sys=0.00, real=0.00 secs] 
966.315: [GC (Allocation Failure) [PSYoungGen: 70637K->1408K(70144K)] 407494K->338264K(589824K), 0.0020198 secs] [Times: user=0.01 sys=0.01, real=0.01 secs] 
966.654: [GC (Allocation Failure) [PSYoungGen: 70016K->1408K(69632K)] 406872K->338264K(589312K), 0.0019226 secs] [Times: user=0.00 sys=0.00, real=0.00 secs] 
966.938: [GC (Allocation Failure) [PSYoungGen: 69504K->1408K(69120K)] 406360K->338288K(588800K), 0.0019446 secs] [Times: user=0.00 sys=0.00, real=0.00 secs] 
967.251: [GC (Allocation Failure) [PSYoungGen: 68992K->1344K(68608K)] 405872K->338224K(588288K), 0.0019062 secs] [Times: user=0.00 sys=0.00, real=0.00 secs] 
967.779: [GC (Allocation Failure) [PSYoungGen: 68416K->1389K(68096K)] 405296K->338269K(587776K), 0.0021078 secs] [Times: user=0.01 sys=0.00, real=0.00 secs] 
967.920: [GC (Allocation Failure) [PSYoungGen: 67949K->1501K(67584K)] 404829K->338382K(587264K), 0.0016943 secs] [Times: user=0.01 sys=0.00, real=0.00 secs] 
968.036: [GC (Allocation Failure) [PSYoungGen: 67549K->1501K(67072K)] 404430K->338382K(586752K), 0.0017231 secs] [Times: user=0.01 sys=0.00, real=0.01 secs] 
968.152: [GC (Allocation Failure) [PSYoungGen: 67037K->1485K(67584K)] 403918K->338366K(587264K), 0.0016745 secs] [Times: user=0.01 sys=0.00, real=0.00 secs] 
968.418: [GC (Allocation Failure) [PSYoungGen: 67021K->1952K(67072K)] 403902K->338832K(586752K), 0.0019932 secs] [Times: user=0.01 sys=0.00, real=0.00 secs] 
970.304: [GC (Allocation Failure) [PSYoungGen: 66976K->1376K(66048K)] 403856K->338256K(585728K), 0.0027750 secs] [Times: user=0.01 sys=0.00, real=0.00 secs] 
971.650: [GC (Allocation Failure) [PSYoungGen: 65888K->1408K(65536K)] 402768K->338288K(585216K), 0.0029955 secs] [Times: user=0.01 sys=0.00, real=0.00 secs] 
972.259: [GC (Allocation Failure) [PSYoungGen: 65408K->1376K(65024K)] 402288K->338256K(584704K), 0.0023924 secs] [Times: user=0.01 sys=0.00, real=0.00 secs] 
972.789: [GC (Allocation Failure) [PSYoungGen: 64864K->1376K(64512K)] 401744K->338256K(584192K), 0.0023059 secs] [Times: user=0.01 sys=0.00, real=0.00 secs] 
973.122: [GC (Allocation Failure) [PSYoungGen: 64352K->1469K(64000K)] 401232K->338350K(583680K), 0.0019069 secs] [Times: user=0.01 sys=0.00, real=0.00 secs] 
973.235: [GC (Allocation Failure) [PSYoungGen: 63933K->1517K(63488K)] 400814K->338398K(583168K), 0.0018093 secs] [Times: user=0.01 sys=0.00, real=0.01 secs] 
973.344: [GC (Allocation Failure) [PSYoungGen: 63469K->1485K(62976K)] 400350K->338374K(582656K), 0.0015456 secs] [Times: user=0.01 sys=0.00, real=0.00 secs] 
973.451: [GC (Allocation Failure) [PSYoungGen: 62925K->1533K(64000K)] 399814K->338422K(583680K), 0.0016200 secs] [Times: user=0.01 sys=0.00, real=0.00 secs] 
973.944: [GC (Allocation Failure) [PSYoungGen: 63485K->1456K(62976K)] 400374K->338344K(582656K), 0.0021512 secs] [Times: user=0.01 sys=0.00, real=0.00 secs] 
974.562: [GC (Allocation Failure) [PSYoungGen: 62896K->1376K(62464K)] 399784K->338264K(582144K), 0.0021973 secs] [Times: user=0.01 sys=0.00, real=0.00 secs] 
975.078: [GC (Allocation Failure) [PSYoungGen: 62304K->1408K(61952K)] 399192K->338304K(581632K), 0.0019737 secs] [Times: user=0.01 sys=0.00, real=0.00 secs] 
975.609: [GC (Allocation Failure) [PSYoungGen: 61824K->1408K(61440K)] 398720K->338304K(581120K), 0.0022763 secs] [Times: user=0.01 sys=0.00, real=0.00 secs] 
976.038: [GC (Allocation Failure) [PSYoungGen: 61312K->1408K(61440K)] 398208K->338304K(581120K), 0.0020736 secs] [Times: user=0.01 sys=0.01, real=0.00 secs] 
976.198: [GC (Allocation Failure) [PSYoungGen: 61312K->1488K(61440K)] 398208K->338385K(581120K), 0.0018221 secs] [Times: user=0.00 sys=0.00, real=0.00 secs] 
976.304: [GC (Allocation Failure) [PSYoungGen: 61392K->1488K(61440K)] 398289K->338401K(581120K), 0.0016242 secs] [Times: user=0.01 sys=0.00, real=0.00 secs] 
976.410: [GC (Allocation Failure) [PSYoungGen: 61392K->1469K(66048K)] 398305K->338390K(585728K), 0.0015549 secs] [Times: user=0.01 sys=0.00, real=0.00 secs] 
976.523: [GC (Allocation Failure) [PSYoungGen: 65469K->1565K(67584K)] 402390K->338502K(587264K), 0.0016174 secs] [Times: user=0.00 sys=0.00, real=0.00 secs] 
977.046: [GC (Allocation Failure) [PSYoungGen: 67101K->1440K(66560K)] 404038K->338376K(586240K), 0.0021645 secs] [Times: user=0.00 sys=0.00, real=0.01 secs] 
977.332: [GC (Allocation Failure) [PSYoungGen: 66464K->1376K(66048K)] 403400K->338312K(585728K), 0.0021121 secs] [Times: user=0.01 sys=0.00, real=0.00 secs] 
977.600: [GC (Allocation Failure) [PSYoungGen: 65888K->1344K(65536K)] 402824K->338280K(585216K), 0.0020389 secs] [Times: user=0.01 sys=0.00, real=0.00 secs] 
977.895: [GC (Allocation Failure) [PSYoungGen: 65344K->1376K(65024K)] 402280K->338312K(584704K), 0.0019196 secs] [Times: user=0.01 sys=0.00, real=0.01 secs] 
978.141: [GC (Allocation Failure) [PSYoungGen: 64864K->1472K(64512K)] 401800K->338408K(584192K), 0.0016099 secs] [Times: user=0.01 sys=0.00, real=0.00 secs] 
978.252: [GC (Allocation Failure) [PSYoungGen: 64448K->1533K(64000K)] 401384K->338470K(583680K), 0.0016965 secs] [Times: user=0.00 sys=0.00, real=0.00 secs] 
978.363: [GC (Allocation Failure) [PSYoungGen: 63997K->1501K(64512K)] 400934K->338454K(584192K), 0.0017080 secs] [Times: user=0.01 sys=0.01, real=0.00 secs] 
978.472: [GC (Allocation Failure) [PSYoungGen: 63965K->1568K(70656K)] 400918K->338521K(590336K), 0.0016423 secs] [Times: user=0.01 sys=0.00, real=0.00 secs] 
979.673: [GC (Allocation Failure) [PSYoungGen: 70176K->1440K(70656K)] 407129K->338392K(590336K), 0.0042351 secs] [Times: user=0.02 sys=0.00, real=0.01 secs] 
980.545: [GC (Allocation Failure) [PSYoungGen: 70048K->1376K(69632K)] 407000K->338328K(589312K), 0.0025677 secs] [Times: user=0.01 sys=0.00, real=0.01 secs] 
981.161: [GC (Allocation Failure) [PSYoungGen: 69472K->1392K(69120K)] 406424K->338344K(588800K), 0.0028286 secs] [Times: user=0.01 sys=0.00, real=0.00 secs] 
981.573: [GC (Allocation Failure) [PSYoungGen: 68976K->1344K(68608K)] 405928K->338296K(588288K), 0.0020290 secs] [Times: user=0.01 sys=0.00, real=0.00 secs] 
981.856: [GC (Allocation Failure) [PSYoungGen: 68416K->1504K(68096K)] 405368K->338457K(587776K), 0.0019183 secs] [Times: user=0.01 sys=0.00, real=0.01 secs] 
981.979: [GC (Allocation Failure) [PSYoungGen: 68064K->1485K(67584K)] 405017K->338438K(587264K), 0.0016002 secs] [Times: user=0.01 sys=0.00, real=0.00 secs] 
982.096: [GC (Allocation Failure) [PSYoungGen: 67533K->1549K(67584K)] 404486K->338502K(587264K), 0.0016891 secs] [Times: user=0.01 sys=0.00, real=0.01 secs] 
982.211: [GC (Allocation Failure) [PSYoungGen: 67085K->509K(73216K)] 404038K->338502K(592896K), 0.0016716 secs] [Times: user=0.01 sys=0.00, real=0.00 secs] 
982.443: [GC (Allocation Failure) [PSYoungGen: 72701K->1440K(74240K)] 410694K->339432K(593920K), 0.0019812 secs] [Times: user=0.01 sys=0.00, real=0.00 secs] 
982.763: [GC (Allocation Failure) [PSYoungGen: 73632K->1376K(73216K)] 411624K->339368K(592896K), 0.0019521 secs] [Times: user=0.01 sys=0.01, real=0.00 secs] 
983.114: [GC (Allocation Failure) [PSYoungGen: 73056K->1376K(72704K)] 411048K->339368K(592384K), 0.0022462 secs] [Times: user=0.01 sys=0.00, real=0.00 secs] 
983.445: [GC (Allocation Failure) [PSYoungGen: 72544K->1376K(72192K)] 410536K->339368K(591872K), 0.0019489 secs] [Times: user=0.00 sys=0.00, real=0.01 secs] 
983.913: [GC (Allocation Failure) [PSYoungGen: 72032K->1517K(71680K)] 410024K->339510K(591360K), 0.0021826 secs] [Times: user=0.01 sys=0.00, real=0.00 secs] 
984.043: [GC (Allocation Failure) [PSYoungGen: 71661K->1469K(71168K)] 409654K->339462K(590848K), 0.0016091 secs] [Times: user=0.01 sys=0.00, real=0.00 secs] 
984.164: [GC (Allocation Failure) [PSYoungGen: 71101K->1469K(70656K)] 409094K->339462K(590336K), 0.0016559 secs] [Times: user=0.01 sys=0.00, real=0.00 secs] 
984.286: [GC (Allocation Failure) [PSYoungGen: 70589K->1469K(77312K)] 408582K->339478K(596992K), 0.0016841 secs] [Times: user=0.01 sys=0.01, real=0.01 secs] 
985.244: [GC (Allocation Failure) [PSYoungGen: 77245K->1408K(76800K)] 415254K->339416K(596480K), 0.0026731 secs] [Times: user=0.00 sys=0.01, real=0.00 secs] 
985.905: [GC (Allocation Failure) [PSYoungGen: 76672K->1376K(76288K)] 414680K->339384K(595968K), 0.0025389 secs] [Times: user=0.01 sys=0.00, real=0.01 secs] 
986.533: [GC (Allocation Failure) [PSYoungGen: 76128K->1360K(75776K)] 414136K->339384K(595456K), 0.0025607 secs] [Times: user=0.01 sys=0.00, real=0.00 secs] 
987.350: [GC (Allocation Failure) [PSYoungGen: 75600K->1376K(75264K)] 413624K->339400K(594944K), 0.0025159 secs] [Times: user=0.01 sys=0.00, real=0.00 secs] 
987.604: [GC (Allocation Failure) [PSYoungGen: 75104K->1453K(74752K)] 413128K->339478K(594432K), 0.0016130 secs] [Times: user=0.00 sys=0.00, real=0.00 secs] 
987.733: [GC (Allocation Failure) [PSYoungGen: 74669K->1565K(74752K)] 412694K->339590K(594432K), 0.0016889 secs] [Times: user=0.00 sys=0.00, real=0.00 secs] 
987.861: [GC (Allocation Failure) [PSYoungGen: 74269K->1504K(73728K)] 412294K->339529K(593408K), 0.0017358 secs] [Times: user=0.01 sys=0.00, real=0.00 secs] 
988.112: [GC (Allocation Failure) [PSYoungGen: 73696K->1424K(73216K)] 411721K->339448K(592896K), 0.0017496 secs] [Times: user=0.01 sys=0.00, real=0.00 secs] 
988.532: [GC (Allocation Failure) [PSYoungGen: 73104K->1344K(72704K)] 411128K->339368K(592384K), 0.0020004 secs] [Times: user=0.01 sys=0.00, real=0.00 secs] 
988.886: [GC (Allocation Failure) [PSYoungGen: 72512K->1376K(72192K)] 410536K->339400K(591872K), 0.0026187 secs] [Times: user=0.01 sys=0.00, real=0.01 secs] 
989.253: [GC (Allocation Failure) [PSYoungGen: 72032K->1376K(71680K)] 410056K->339400K(591360K), 0.0021990 secs] [Times: user=0.01 sys=0.00, real=0.00 secs] 
989.615: [GC (Allocation Failure) [PSYoungGen: 71520K->1424K(71168K)] 409544K->339449K(590848K), 0.0018924 secs] [Times: user=0.01 sys=0.00, real=0.01 secs] 
989.738: [GC (Allocation Failure) [PSYoungGen: 71056K->1453K(70656K)] 409081K->339478K(590336K), 0.0017448 secs] [Times: user=0.01 sys=0.00, real=0.00 secs] 
989.860: [GC (Allocation Failure) [PSYoungGen: 70573K->1469K(70144K)] 408598K->339494K(589824K), 0.0016622 secs] [Times: user=0.01 sys=0.00, real=0.00 secs] 
989.982: [GC (Allocation Failure) [PSYoungGen: 70077K->1485K(71168K)] 408102K->339510K(590848K), 0.0017073 secs] [Times: user=0.00 sys=0.00, real=0.00 secs] 
990.767: [GC (Allocation Failure) [PSYoungGen: 70605K->1424K(70144K)] 408630K->339448K(589824K), 0.0024028 secs] [Times: user=0.01 sys=0.00, real=0.00 secs] 
991.627: [GC (Allocation Failure) [PSYoungGen: 70032K->1392K(69632K)] 408056K->339416K(589312K), 0.0032311 secs] [Times: user=0.02 sys=0.00, real=0.00 secs] 
992.400: [GC (Allocation Failure) [PSYoungGen: 69488K->1344K(69120K)] 407512K->339368K(588800K), 0.0031130 secs] [Times: user=0.02 sys=0.01, real=0.00 secs] 
993.056: [GC (Allocation Failure) [PSYoungGen: 68928K->1408K(68608K)] 406952K->339432K(588288K), 0.0042702 secs] [Times: user=0.02 sys=0.00, real=0.01 secs] 
993.502: [GC (Allocation Failure) [PSYoungGen: 68480K->1453K(68096K)] 406504K->339478K(587776K), 0.0021192 secs] [Times: user=0.01 sys=0.00, real=0.00 secs] 
993.674: [GC (Allocation Failure) [PSYoungGen: 68013K->1533K(67584K)] 406038K->339558K(587264K), 0.0020698 secs] [Times: user=0.01 sys=0.00, real=0.00 secs] 
993.825: [GC (Allocation Failure) [PSYoungGen: 67581K->1453K(67072K)] 405606K->339478K(586752K), 0.0017514 secs] [Times: user=0.01 sys=0.00, real=0.01 secs] 
993.941: [GC (Allocation Failure) [PSYoungGen: 66989K->1501K(73728K)] 405014K->339542K(593408K), 0.0016227 secs] [Times: user=0.00 sys=0.00, real=0.00 secs] 
994.235: [GC (Allocation Failure) [PSYoungGen: 73181K->1440K(72704K)] 411222K->339480K(592384K), 0.0025096 secs] [Times: user=0.01 sys=0.00, real=0.01 secs] 
994.564: [GC (Allocation Failure) [PSYoungGen: 72608K->1440K(72192K)] 410648K->339480K(591872K), 0.0022076 secs] [Times: user=0.01 sys=0.00, real=0.00 secs] 
994.858: [GC (Allocation Failure) [PSYoungGen: 72096K->1408K(71680K)] 410136K->339448K(591360K), 0.0025824 secs] [Times: user=0.01 sys=0.01, real=0.00 secs] 
995.157: [GC (Allocation Failure) [PSYoungGen: 71552K->1408K(71168K)] 409592K->339448K(590848K), 0.0027330 secs] [Times: user=0.01 sys=0.00, real=0.00 secs] 
995.378: [GC (Allocation Failure) [PSYoungGen: 71040K->1469K(70656K)] 409080K->339510K(590336K), 0.0016764 secs] [Times: user=0.00 sys=0.00, real=0.00 secs] 
995.499: [GC (Allocation Failure) [PSYoungGen: 70589K->1501K(70144K)] 408630K->339542K(589824K), 0.0016214 secs] [Times: user=0.00 sys=0.00, real=0.00 secs] 
995.620: [GC (Allocation Failure) [PSYoungGen: 70109K->1501K(70656K)] 408150K->339542K(590336K), 0.0017599 secs] [Times: user=0.00 sys=0.00, real=0.00 secs] 
995.741: [GC (Allocation Failure) [PSYoungGen: 70109K->365K(70656K)] 408150K->338413K(590336K), 0.0016119 secs] [Times: user=0.01 sys=0.00, real=0.00 secs] 
996.048: [GC (Allocation Failure) [PSYoungGen: 68973K->1456K(77312K)] 407021K->339528K(596992K), 0.0017658 secs] [Times: user=0.00 sys=0.00, real=0.00 secs] 
996.381: [GC (Allocation Failure) [PSYoungGen: 76720K->1376K(76288K)] 414792K->339448K(595968K), 0.0016416 secs] [Times: user=0.01 sys=0.00, real=0.00 secs] 
996.817: [GC (Allocation Failure) [PSYoungGen: 76128K->1376K(75776K)] 414200K->339448K(595456K), 0.0018253 secs] [Times: user=0.01 sys=0.01, real=0.00 secs] 
997.358: [GC (Allocation Failure) [PSYoungGen: 75616K->1469K(75264K)] 413688K->339542K(594944K), 0.0023729 secs] [Times: user=0.01 sys=0.00, real=0.00 secs] 
997.582: [GC (Allocation Failure) [PSYoungGen: 75197K->1533K(74752K)] 413270K->339606K(594432K), 0.0022673 secs] [Times: user=0.01 sys=0.00, real=0.00 secs] 
997.734: [GC (Allocation Failure) [PSYoungGen: 74749K->1565K(74752K)] 412822K->339638K(594432K), 0.0017324 secs] [Times: user=0.01 sys=0.00, real=0.00 secs] 
997.862: [GC (Allocation Failure) [PSYoungGen: 74269K->1533K(73728K)] 412342K->339606K(593408K), 0.0016241 secs] [Times: user=0.01 sys=0.00, real=0.00 secs] 
998.644: [GC (Allocation Failure) [PSYoungGen: 73725K->1440K(73216K)] 411798K->339512K(592896K), 0.0045065 secs] [Times: user=0.02 sys=0.00, real=0.01 secs] 
999.541: [GC (Allocation Failure) [PSYoungGen: 73120K->1376K(72704K)] 411192K->339448K(592384K), 0.0030344 secs] [Times: user=0.01 sys=0.00, real=0.00 secs] 
1000.192: [GC (Allocation Failure) [PSYoungGen: 72544K->1408K(72192K)] 410616K->339480K(591872K), 0.0027071 secs] [Times: user=0.01 sys=0.00, real=0.00 secs] 
1000.970: [GC (Allocation Failure) [PSYoungGen: 72064K->1376K(71680K)] 410136K->339448K(591360K), 0.0023793 secs] [Times: user=0.01 sys=0.00, real=0.00 secs] 
1001.451: [GC (Allocation Failure) [PSYoungGen: 71520K->1456K(71168K)] 409592K->339529K(590848K), 0.0022022 secs] [Times: user=0.01 sys=0.00, real=0.00 secs] 
1001.587: [GC (Allocation Failure) [PSYoungGen: 71088K->1501K(70656K)] 409161K->339574K(590336K), 0.0016352 secs] [Times: user=0.00 sys=0.00, real=0.00 secs] 
1001.709: [GC (Allocation Failure) [PSYoungGen: 70621K->1517K(70144K)] 408694K->339590K(589824K), 0.0017443 secs] [Times: user=0.01 sys=0.00, real=0.00 secs] 
1001.829: [GC (Allocation Failure) [PSYoungGen: 70105K->1469K(70656K)] 408177K->339542K(590336K), 0.0017021 secs] [Times: user=0.01 sys=0.00, real=0.00 secs] 
1003.032: [GC (Allocation Failure) [PSYoungGen: 70589K->1408K(70144K)] 408662K->339480K(589824K), 0.0035575 secs] [Times: user=0.01 sys=0.00, real=0.00 secs] 
1004.049: [GC (Allocation Failure) [PSYoungGen: 70016K->1408K(69632K)] 408088K->339480K(589312K), 0.0028791 secs] [Times: user=0.01 sys=0.00, real=0.00 secs] 
1004.705: [GC (Allocation Failure) [PSYoungGen: 69504K->1408K(69120K)] 407576K->339480K(588800K), 0.0029070 secs] [Times: user=0.01 sys=0.00, real=0.01 secs] 
1005.297: [GC (Allocation Failure) [PSYoungGen: 68992K->1344K(68608K)] 407064K->339416K(588288K), 0.0027847 secs] [Times: user=0.02 sys=0.00, real=0.00 secs] 
1005.513: [GC (Allocation Failure) [PSYoungGen: 68416K->1472K(68096K)] 406488K->339545K(587776K), 0.0016808 secs] [Times: user=0.01 sys=0.00, real=0.00 secs] 
1005.629: [GC (Allocation Failure) [PSYoungGen: 68032K->1501K(67584K)] 406105K->339574K(587264K), 0.0016795 secs] [Times: user=0.01 sys=0.00, real=0.00 secs] 
1005.744: [GC (Allocation Failure) [PSYoungGen: 67549K->1517K(67072K)] 405622K->339590K(586752K), 0.0017140 secs] [Times: user=0.01 sys=0.00, real=0.00 secs] 
1005.859: [GC (Allocation Failure) [PSYoungGen: 67036K->1488K(67584K)] 405108K->339569K(587264K), 0.0015952 secs] [Times: user=0.01 sys=0.00, real=0.00 secs] 
1006.366: [GC (Allocation Failure) [PSYoungGen: 67024K->1376K(66560K)] 405105K->339456K(586240K), 0.0019688 secs] [Times: user=0.01 sys=0.00, real=0.01 secs] 
1006.834: [GC (Allocation Failure) [PSYoungGen: 66400K->1376K(66048K)] 404480K->339456K(585728K), 0.0018646 secs] [Times: user=0.01 sys=0.00, real=0.00 secs] 
1007.379: [GC (Allocation Failure) [PSYoungGen: 65888K->1376K(65536K)] 403968K->339456K(585216K), 0.0023934 secs] [Times: user=0.01 sys=0.00, real=0.00 secs] 
1007.914: [GC (Allocation Failure) [PSYoungGen: 65376K->1376K(65024K)] 403456K->339480K(584704K), 0.0024822 secs] [Times: user=0.01 sys=0.00, real=0.00 secs] 
1008.211: [GC (Allocation Failure) [PSYoungGen: 64864K->1469K(64512K)] 402968K->339574K(584192K), 0.0025870 secs] [Times: user=0.01 sys=0.00, real=0.00 secs] 
1008.364: [GC (Allocation Failure) [PSYoungGen: 64445K->1453K(64000K)] 402550K->339558K(583680K), 0.0017141 secs] [Times: user=0.01 sys=0.00, real=0.00 secs] 
1008.475: [GC (Allocation Failure) [PSYoungGen: 63917K->1517K(63488K)] 402022K->339622K(583168K), 0.0016606 secs] [Times: user=0.01 sys=0.00, real=0.00 secs] 
1008.583: [GC (Allocation Failure) [PSYoungGen: 63469K->1533K(64000K)] 401574K->339646K(583680K), 0.0016830 secs] [Times: user=0.01 sys=0.00, real=0.00 secs] 
1008.940: [GC (Allocation Failure) [PSYoungGen: 63485K->1424K(62976K)] 401598K->339536K(582656K), 0.0020574 secs] [Times: user=0.01 sys=0.00, real=0.00 secs] 
1009.729: [GC (Allocation Failure) [PSYoungGen: 62864K->1408K(62464K)] 400976K->339520K(582144K), 0.0022964 secs] [Times: user=0.01 sys=0.00, real=0.00 secs] 
1010.608: [GC (Allocation Failure) [PSYoungGen: 62336K->1408K(61952K)] 400448K->339520K(581632K), 0.0047415 secs] [Times: user=0.02 sys=0.00, real=0.00 secs] 
1011.479: [GC (Allocation Failure) [PSYoungGen: 61824K->1408K(61440K)] 399936K->339520K(581120K), 0.0041892 secs] [Times: user=0.02 sys=0.00, real=0.00 secs] 
1012.430: [GC (Allocation Failure) [PSYoungGen: 61312K->1408K(61952K)] 399424K->339520K(581632K), 0.0035328 secs] [Times: user=0.02 sys=0.00, real=0.00 secs] 
1012.666: [GC (Allocation Failure) [PSYoungGen: 61312K->1453K(61952K)] 399424K->339566K(581632K), 0.0019579 secs] [Times: user=0.01 sys=0.00, real=0.01 secs] 
1012.812: [GC (Allocation Failure) [PSYoungGen: 61357K->1501K(61952K)] 399470K->339614K(581632K), 0.0019752 secs] [Times: user=0.01 sys=0.00, real=0.00 secs] 
1012.952: [GC (Allocation Failure) [PSYoungGen: 61405K->1501K(61952K)] 399518K->339622K(581632K), 0.0019088 secs] [Times: user=0.01 sys=0.00, real=0.00 secs] 
1013.064: [GC (Allocation Failure) [PSYoungGen: 61400K->1501K(61952K)] 399521K->339622K(581632K), 0.0016298 secs] [Times: user=0.00 sys=0.00, real=0.00 secs] 
1013.630: [GC (Allocation Failure) [PSYoungGen: 61405K->1472K(61440K)] 399526K->339600K(581120K), 0.0034018 secs] [Times: user=0.01 sys=0.00, real=0.00 secs] 
1014.144: [GC (Allocation Failure) [PSYoungGen: 61376K->1376K(61440K)] 399504K->339504K(581120K), 0.0043892 secs] [Times: user=0.01 sys=0.00, real=0.01 secs] 
1014.861: [GC (Allocation Failure) [PSYoungGen: 61280K->1392K(61440K)] 399408K->339520K(581120K), 0.0027229 secs] [Times: user=0.01 sys=0.00, real=0.00 secs] 
1015.570: [GC (Allocation Failure) [PSYoungGen: 61296K->1344K(61440K)] 399424K->339472K(581120K), 0.0050033 secs] [Times: user=0.02 sys=0.00, real=0.00 secs] 
1016.211: [GC (Allocation Failure) [PSYoungGen: 61248K->1376K(61440K)] 399376K->339504K(581120K), 0.0034430 secs] [Times: user=0.01 sys=0.00, real=0.00 secs] 
1016.472: [GC (Allocation Failure) [PSYoungGen: 61260K->1421K(61440K)] 399389K->339550K(581120K), 0.0022028 secs] [Times: user=0.01 sys=0.00, real=0.00 secs] 
1016.627: [GC (Allocation Failure) [PSYoungGen: 61310K->1520K(61440K)] 399439K->339657K(581120K), 0.0019088 secs] [Times: user=0.01 sys=0.00, real=0.00 secs] 
1016.773: [GC (Allocation Failure) [PSYoungGen: 61404K->1469K(64512K)] 399541K->339606K(584192K), 0.0020558 secs] [Times: user=0.00 sys=0.00, real=0.00 secs] 
1016.927: [GC (Allocation Failure) [PSYoungGen: 63933K->1536K(67584K)] 402070K->339673K(587264K), 0.0016832 secs] [Times: user=0.00 sys=0.00, real=0.00 secs] 
1017.397: [GC (Allocation Failure) [PSYoungGen: 67072K->1360K(66560K)] 405209K->339512K(586240K), 0.0026455 secs] [Times: user=0.01 sys=0.00, real=0.00 secs] 
1017.995: [GC (Allocation Failure) [PSYoungGen: 66384K->1344K(66048K)] 404536K->339496K(585728K), 0.0023143 secs] [Times: user=0.01 sys=0.00, real=0.01 secs] 
1018.538: [GC (Allocation Failure) [PSYoungGen: 65856K->1408K(65536K)] 404008K->339560K(585216K), 0.0024714 secs] [Times: user=0.01 sys=0.00, real=0.00 secs] 
1018.936: [GC (Allocation Failure) [PSYoungGen: 65408K->1408K(65024K)] 403560K->339560K(584704K), 0.0020446 secs] [Times: user=0.00 sys=0.00, real=0.01 secs] 
1019.239: [GC (Allocation Failure) [PSYoungGen: 64896K->1421K(64512K)] 403048K->339574K(584192K), 0.0029627 secs] [Times: user=0.01 sys=0.00, real=0.00 secs] 
1019.426: [GC (Allocation Failure) [PSYoungGen: 64397K->1501K(64000K)] 402550K->339654K(583680K), 0.0023722 secs] [Times: user=0.01 sys=0.00, real=0.01 secs] 
1019.565: [GC (Allocation Failure) [PSYoungGen: 63965K->1565K(64000K)] 402118K->339726K(583680K), 0.0018062 secs] [Times: user=0.00 sys=0.00, real=0.00 secs] 
1019.673: [GC (Allocation Failure) [PSYoungGen: 63517K->1501K(64000K)] 401678K->339662K(583680K), 0.0018333 secs] [Times: user=0.00 sys=0.00, real=0.00 secs] 
1019.828: [GC (Allocation Failure) [PSYoungGen: 63965K->1552K(64512K)] 402126K->339720K(584192K), 0.0019610 secs] [Times: user=0.00 sys=0.00, real=0.00 secs] 
1020.370: [GC (Allocation Failure) [PSYoungGen: 64016K->1424K(70144K)] 402184K->339600K(589824K), 0.0030378 secs] [Times: user=0.01 sys=0.00, real=0.00 secs] 
1020.872: [GC (Allocation Failure) [PSYoungGen: 70032K->1376K(69632K)] 408208K->339552K(589312K), 0.0021601 secs] [Times: user=0.01 sys=0.00, real=0.00 secs] 
1021.156: [GC (Allocation Failure) [PSYoungGen: 69472K->1344K(69120K)] 407648K->339520K(588800K), 0.0025656 secs] [Times: user=0.01 sys=0.00, real=0.01 secs] 
1021.553: [GC (Allocation Failure) [PSYoungGen: 68928K->1408K(68608K)] 407104K->339584K(588288K), 0.0026166 secs] [Times: user=0.01 sys=0.00, real=0.00 secs] 
1021.798: [GC (Allocation Failure) [PSYoungGen: 68480K->1469K(68096K)] 406656K->339646K(587776K), 0.0022117 secs] [Times: user=0.01 sys=0.00, real=0.00 secs] 
1021.917: [GC (Allocation Failure) [PSYoungGen: 68029K->1520K(67584K)] 406206K->339697K(587264K), 0.0017067 secs] [Times: user=0.01 sys=0.00, real=0.00 secs] 
1022.035: [GC (Allocation Failure) [PSYoungGen: 67568K->1456K(68096K)] 405745K->339641K(587776K), 0.0017068 secs] [Times: user=0.01 sys=0.00, real=0.01 secs] 
1022.153: [GC (Allocation Failure) [PSYoungGen: 67504K->1488K(68096K)] 405689K->339673K(587776K), 0.0016832 secs] [Times: user=0.00 sys=0.00, real=0.00 secs] 
1022.528: [GC (Allocation Failure) [PSYoungGen: 67536K->1440K(73728K)] 405721K->339632K(593408K), 0.0020600 secs] [Times: user=0.01 sys=0.00, real=0.00 secs] 
1023.194: [GC (Allocation Failure) [PSYoungGen: 73632K->1408K(73216K)] 411824K->339600K(592896K), 0.0033180 secs] [Times: user=0.01 sys=0.00, real=0.01 secs] 
1023.878: [GC (Allocation Failure) [PSYoungGen: 73088K->1376K(72704K)] 411280K->339584K(592384K), 0.0028122 secs] [Times: user=0.01 sys=0.00, real=0.00 secs] 
1024.702: [GC (Allocation Failure) [PSYoungGen: 72544K->1408K(72192K)] 410752K->339616K(591872K), 0.0029991 secs] [Times: user=0.01 sys=0.00, real=0.00 secs] 
1025.005: [GC (Allocation Failure) [PSYoungGen: 72064K->1469K(71680K)] 410272K->339678K(591360K), 0.0021084 secs] [Times: user=0.01 sys=0.00, real=0.01 secs] 
1025.140: [GC (Allocation Failure) [PSYoungGen: 71613K->1485K(71168K)] 409822K->339694K(590848K), 0.0018692 secs] [Times: user=0.01 sys=0.00, real=0.00 secs] 
1025.296: [GC (Allocation Failure) [PSYoungGen: 71117K->1485K(70656K)] 409326K->339710K(590336K), 0.0019872 secs] [Times: user=0.01 sys=0.00, real=0.01 secs] 
1025.524: [GC (Allocation Failure) [PSYoungGen: 70605K->1408K(70144K)] 408830K->339632K(589824K), 0.0021179 secs] [Times: user=0.01 sys=0.00, real=0.00 secs] 
1025.810: [GC (Allocation Failure) [PSYoungGen: 70016K->1376K(69632K)] 408240K->339600K(589312K), 0.0021216 secs] [Times: user=0.01 sys=0.00, real=0.00 secs] 
1026.139: [GC (Allocation Failure) [PSYoungGen: 69472K->1376K(69120K)] 407696K->339600K(588800K), 0.0026359 secs] [Times: user=0.01 sys=0.00, real=0.00 secs] 
1026.570: [GC (Allocation Failure) [PSYoungGen: 68960K->1376K(68608K)] 407184K->339616K(588288K), 0.0026065 secs] [Times: user=0.00 sys=0.00, real=0.00 secs] 
1027.043: [GC (Allocation Failure) [PSYoungGen: 68448K->1424K(68096K)] 406688K->339673K(587776K), 0.0023956 secs] [Times: user=0.00 sys=0.00, real=0.00 secs] 
1027.198: [GC (Allocation Failure) [PSYoungGen: 67984K->1533K(67584K)] 406233K->339782K(587264K), 0.0016300 secs] [Times: user=0.01 sys=0.00, real=0.00 secs] 
1027.315: [GC (Allocation Failure) [PSYoungGen: 67581K->1469K(67072K)] 405830K->339718K(586752K), 0.0017523 secs] [Times: user=0.00 sys=0.00, real=0.01 secs] 
1027.433: [GC (Allocation Failure) [PSYoungGen: 67005K->1501K(67584K)] 405254K->339750K(587264K), 0.0017956 secs] [Times: user=0.01 sys=0.00, real=0.00 secs] 
1027.673: [GC (Allocation Failure) [PSYoungGen: 67037K->1424K(67584K)] 405286K->339680K(587264K), 0.0019991 secs] [Times: user=0.01 sys=0.00, real=0.00 secs] 
1028.500: [GC (Allocation Failure) [PSYoungGen: 66960K->1360K(66560K)] 405216K->339616K(586240K), 0.0025188 secs] [Times: user=0.01 sys=0.00, real=0.00 secs] 
1029.494: [GC (Allocation Failure) [PSYoungGen: 66384K->1376K(66048K)] 404640K->339632K(585728K), 0.0042783 secs] [Times: user=0.02 sys=0.00, real=0.01 secs] 
1030.502: [GC (Allocation Failure) [PSYoungGen: 65888K->1344K(65536K)] 404144K->339600K(585216K), 0.0049190 secs] [Times: user=0.01 sys=0.00, real=0.01 secs] 
1031.327: [GC (Allocation Failure) [PSYoungGen: 65344K->1376K(65024K)] 403600K->339632K(584704K), 0.0038704 secs] [Times: user=0.02 sys=0.01, real=0.00 secs] 
1031.619: [GC (Allocation Failure) [PSYoungGen: 64864K->1501K(64512K)] 403120K->339758K(584192K), 0.0019779 secs] [Times: user=0.01 sys=0.00, real=0.00 secs] 
1031.739: [GC (Allocation Failure) [PSYoungGen: 64477K->1440K(64000K)] 402734K->339697K(583680K), 0.0016689 secs] [Times: user=0.00 sys=0.00, real=0.00 secs] 
1031.866: [GC (Allocation Failure) [PSYoungGen: 63904K->1456K(63488K)] 402161K->339721K(583168K), 0.0017884 secs] [Times: user=0.01 sys=0.00, real=0.01 secs] 
1032.005: [GC (Allocation Failure) [PSYoungGen: 63408K->1501K(70144K)] 401673K->339766K(589824K), 0.0019867 secs] [Times: user=0.01 sys=0.00, real=0.01 secs] 
1032.573: [GC (Allocation Failure) [PSYoungGen: 69597K->1408K(69120K)] 407862K->339672K(588800K), 0.0024286 secs] [Times: user=0.01 sys=0.00, real=0.00 secs] 
1032.874: [GC (Allocation Failure) [PSYoungGen: 68992K->1376K(68608K)] 407256K->339640K(588288K), 0.0020575 secs] [Times: user=0.01 sys=0.00, real=0.00 secs] 
1033.153: [GC (Allocation Failure) [PSYoungGen: 68448K->1376K(68096K)] 406712K->339648K(587776K), 0.0021002 secs] [Times: user=0.01 sys=0.00, real=0.00 secs] 
1033.431: [GC (Allocation Failure) [PSYoungGen: 67936K->1376K(67584K)] 406208K->339648K(587264K), 0.0019562 secs] [Times: user=0.01 sys=0.00, real=0.00 secs] 
1033.663: [GC (Allocation Failure) [PSYoungGen: 67424K->1437K(67072K)] 405696K->339710K(586752K), 0.0016885 secs] [Times: user=0.00 sys=0.00, real=0.00 secs] 
1033.779: [GC (Allocation Failure) [PSYoungGen: 66973K->1501K(66560K)] 405246K->339774K(586240K), 0.0017610 secs] [Times: user=0.01 sys=0.00, real=0.00 secs] 
1033.893: [GC (Allocation Failure) [PSYoungGen: 66525K->1453K(67072K)] 404798K->339742K(586752K), 0.0016373 secs] [Times: user=0.00 sys=0.00, real=0.00 secs] 
1034.006: [GC (Allocation Failure) [PSYoungGen: 66477K->1501K(67072K)] 404766K->339790K(586752K), 0.0016513 secs] [Times: user=0.01 sys=0.00, real=0.01 secs] 
1034.309: [GC (Allocation Failure) [PSYoungGen: 66525K->1472K(72704K)] 404814K->339760K(592384K), 0.0022228 secs] [Times: user=0.01 sys=0.00, real=0.00 secs] 
1034.644: [GC (Allocation Failure) [PSYoungGen: 72640K->1344K(72192K)] 410928K->339632K(591872K), 0.0020236 secs] [Times: user=0.01 sys=0.00, real=0.00 secs] 
1034.938: [GC (Allocation Failure) [PSYoungGen: 72000K->1344K(71680K)] 410288K->339656K(591360K), 0.0021168 secs] [Times: user=0.00 sys=0.00, real=0.00 secs] 
1035.268: [GC (Allocation Failure) [PSYoungGen: 71488K->1344K(71168K)] 409800K->339656K(590848K), 0.0021724 secs] [Times: user=0.01 sys=0.00, real=0.00 secs] 
1035.584: [GC (Allocation Failure) [PSYoungGen: 70976K->1453K(70656K)] 409288K->339766K(590336K), 0.0017775 secs] [Times: user=0.00 sys=0.00, real=0.00 secs] 
1035.706: [GC (Allocation Failure) [PSYoungGen: 70573K->1485K(70144K)] 408886K->339798K(589824K), 0.0018173 secs] [Times: user=0.01 sys=0.00, real=0.01 secs] 
1035.827: [GC (Allocation Failure) [PSYoungGen: 70093K->1565K(70656K)] 408406K->339878K(590336K), 0.0016556 secs] [Times: user=0.01 sys=0.01, real=0.01 secs] 
1035.946: [GC (Allocation Failure) [PSYoungGen: 70173K->1501K(70656K)] 408486K->339830K(590336K), 0.0017028 secs] [Times: user=0.01 sys=0.00, real=0.01 secs] 
1036.576: [GC (Allocation Failure) [PSYoungGen: 70109K->1408K(69632K)] 408438K->339736K(589312K), 0.0018637 secs] [Times: user=0.00 sys=0.00, real=0.01 secs] 
1037.406: [GC (Allocation Failure) [PSYoungGen: 69504K->1376K(69120K)] 407832K->339704K(588800K), 0.0021171 secs] [Times: user=0.01 sys=0.00, real=0.01 secs] 
1038.214: [GC (Allocation Failure) [PSYoungGen: 68960K->1408K(68608K)] 407288K->339736K(588288K), 0.0019534 secs] [Times: user=0.01 sys=0.00, real=0.00 secs] 
1038.988: [GC (Allocation Failure) [PSYoungGen: 68480K->1408K(68096K)] 406808K->339736K(587776K), 0.0023589 secs] [Times: user=0.01 sys=0.00, real=0.00 secs] 
1039.343: [GC (Allocation Failure) [PSYoungGen: 67968K->1456K(67584K)] 406296K->339785K(587264K), 0.0015418 secs] [Times: user=0.01 sys=0.00, real=0.00 secs] 
1039.458: [GC (Allocation Failure) [PSYoungGen: 67477K->1469K(67072K)] 405806K->339798K(586752K), 0.0016341 secs] [Times: user=0.01 sys=0.00, real=0.00 secs] 
1039.575: [GC (Allocation Failure) [PSYoungGen: 67005K->1421K(66560K)] 405334K->339750K(586240K), 0.0017539 secs] [Times: user=0.01 sys=0.00, real=0.01 secs] 
1039.689: [GC (Allocation Failure) [PSYoungGen: 66445K->1469K(72704K)] 404774K->339814K(592384K), 0.0016391 secs] [Times: user=0.00 sys=0.00, real=0.00 secs] 
1040.562: [GC (Allocation Failure) [PSYoungGen: 72637K->1376K(72192K)] 410982K->339720K(591872K), 0.0021679 secs] [Times: user=0.01 sys=0.00, real=0.00 secs] 
1041.464: [GC (Allocation Failure) [PSYoungGen: 72032K->1408K(71680K)] 410376K->339752K(591360K), 0.0022805 secs] [Times: user=0.01 sys=0.00, real=0.00 secs] 
1042.349: [GC (Allocation Failure) [PSYoungGen: 71552K->1408K(71168K)] 409896K->339752K(590848K), 0.0023077 secs] [Times: user=0.00 sys=0.00, real=0.00 secs] 
1043.033: [GC (Allocation Failure) [PSYoungGen: 71040K->1360K(70656K)] 409384K->339704K(590336K), 0.0022874 secs] [Times: user=0.01 sys=0.00, real=0.00 secs] 
1043.318: [GC (Allocation Failure) [PSYoungGen: 70480K->1456K(70144K)] 408824K->339801K(589824K), 0.0016829 secs] [Times: user=0.01 sys=0.00, real=0.00 secs] 
1043.439: [GC (Allocation Failure) [PSYoungGen: 70064K->1456K(69632K)] 408409K->339801K(589312K), 0.0016967 secs] [Times: user=0.01 sys=0.00, real=0.00 secs] 
1043.560: [GC (Allocation Failure) [PSYoungGen: 69552K->1501K(69120K)] 407897K->339846K(588800K), 0.0016975 secs] [Times: user=0.01 sys=0.00, real=0.00 secs] 
1043.680: [GC (Allocation Failure) [PSYoungGen: 69085K->1488K(69632K)] 407430K->339841K(589312K), 0.0016340 secs] [Times: user=0.01 sys=0.00, real=0.00 secs] 
1044.723: [GC (Allocation Failure) [PSYoungGen: 69072K->1408K(68608K)] 407425K->339760K(588288K), 0.0030055 secs] [Times: user=0.01 sys=0.00, real=0.00 secs] 
1045.611: [GC (Allocation Failure) [PSYoungGen: 68480K->1376K(68096K)] 406832K->339728K(587776K), 0.0042289 secs] [Times: user=0.01 sys=0.00, real=0.00 secs] 
1046.338: [GC (Allocation Failure) [PSYoungGen: 67936K->1376K(67584K)] 406288K->339728K(587264K), 0.0027647 secs] [Times: user=0.01 sys=0.00, real=0.00 secs] 
1046.956: [GC (Allocation Failure) [PSYoungGen: 67424K->1408K(67072K)] 405776K->339760K(586752K), 0.0026839 secs] [Times: user=0.01 sys=0.00, real=0.01 secs] 
1047.277: [GC (Allocation Failure) [PSYoungGen: 66944K->1488K(66560K)] 405296K->339841K(586240K), 0.0018605 secs] [Times: user=0.01 sys=0.00, real=0.00 secs] 
1047.408: [GC (Allocation Failure) [PSYoungGen: 66512K->1533K(66048K)] 404865K->339886K(585728K), 0.0019647 secs] [Times: user=0.01 sys=0.00, real=0.00 secs] 
1047.551: [GC (Allocation Failure) [PSYoungGen: 66045K->1424K(65536K)] 404398K->339777K(585216K), 0.0020437 secs] [Times: user=0.01 sys=0.00, real=0.00 secs] 
1047.701: [GC (Allocation Failure) [PSYoungGen: 65424K->1485K(71680K)] 403777K->339854K(591360K), 0.0017476 secs] [Times: user=0.01 sys=0.00, real=0.00 secs] 
1048.346: [GC (Allocation Failure) [PSYoungGen: 71629K->1440K(71168K)] 409998K->339832K(590848K), 0.0030038 secs] [Times: user=0.01 sys=0.00, real=0.01 secs] 
1049.049: [GC (Allocation Failure) [PSYoungGen: 71072K->1376K(70656K)] 409464K->339768K(590336K), 0.0027803 secs] [Times: user=0.01 sys=0.00, real=0.00 secs] 
1049.625: [GC (Allocation Failure) [PSYoungGen: 70496K->1344K(70144K)] 408888K->339736K(589824K), 0.0021851 secs] [Times: user=0.00 sys=0.00, real=0.01 secs] 
1050.090: [GC (Allocation Failure) [PSYoungGen: 69952K->1376K(69632K)] 408344K->339768K(589312K), 0.0024327 secs] [Times: user=0.01 sys=0.00, real=0.00 secs] 
1050.330: [GC (Allocation Failure) [PSYoungGen: 69472K->1456K(69120K)] 407864K->339849K(588800K), 0.0016240 secs] [Times: user=0.00 sys=0.00, real=0.00 secs] 
1050.449: [GC (Allocation Failure) [PSYoungGen: 69040K->1501K(68608K)] 407433K->339894K(588288K), 0.0017348 secs] [Times: user=0.01 sys=0.00, real=0.00 secs] 
1050.567: [GC (Allocation Failure) [PSYoungGen: 68555K->1485K(68096K)] 406947K->339878K(587776K), 0.0017283 secs] [Times: user=0.01 sys=0.00, real=0.00 secs] 
1050.684: [GC (Allocation Failure) [PSYoungGen: 68045K->1517K(68608K)] 406438K->339918K(588288K), 0.0016420 secs] [Times: user=0.01 sys=0.00, real=0.00 secs] 
1051.325: [GC (Allocation Failure) [PSYoungGen: 68077K->1408K(67584K)] 406478K->339808K(587264K), 0.0021111 secs] [Times: user=0.01 sys=0.00, real=0.01 secs] 
1052.062: [GC (Allocation Failure) [PSYoungGen: 67456K->1360K(67072K)] 405856K->339760K(586752K), 0.0028081 secs] [Times: user=0.02 sys=0.01, real=0.00 secs] 
1052.590: [GC (Allocation Failure) [PSYoungGen: 66896K->1408K(66560K)] 405296K->339808K(586240K), 0.0022478 secs] [Times: user=0.01 sys=0.00, real=0.00 secs] 
1053.349: [GC (Allocation Failure) [PSYoungGen: 66432K->1408K(66048K)] 404832K->339808K(585728K), 0.0024720 secs] [Times: user=0.01 sys=0.00, real=0.00 secs] 
1053.739: [GC (Allocation Failure) [PSYoungGen: 65920K->1501K(65536K)] 404320K->339902K(585216K), 0.0020092 secs] [Times: user=0.01 sys=0.00, real=0.00 secs] 
1053.864: [GC (Allocation Failure) [PSYoungGen: 65501K->1469K(65024K)] 403902K->339870K(584704K), 0.0017152 secs] [Times: user=0.01 sys=0.00, real=0.00 secs] 
1053.976: [GC (Allocation Failure) [PSYoungGen: 64957K->1501K(64512K)] 403358K->339902K(584192K), 0.0016270 secs] [Times: user=0.01 sys=0.00, real=0.01 secs] 
1054.086: [GC (Allocation Failure) [PSYoungGen: 64477K->1533K(70656K)] 402878K->339950K(590336K), 0.0016695 secs] [Times: user=0.01 sys=0.00, real=0.01 secs] 
1054.955: [GC (Allocation Failure) [PSYoungGen: 70653K->1424K(70144K)] 409070K->339840K(589824K), 0.0025282 secs] [Times: user=0.01 sys=0.00, real=0.01 secs] 
1055.385: [GC (Allocation Failure) [PSYoungGen: 70032K->1376K(69632K)] 408448K->339792K(589312K), 0.0020907 secs] [Times: user=0.00 sys=0.00, real=0.01 secs] 
1055.668: [GC (Allocation Failure) [PSYoungGen: 69472K->1360K(69120K)] 407888K->339776K(588800K), 0.0020390 secs] [Times: user=0.01 sys=0.00, real=0.00 secs] 
1056.063: [GC (Allocation Failure) [PSYoungGen: 68944K->1360K(68608K)] 407360K->339776K(588288K), 0.0019489 secs] [Times: user=0.01 sys=0.00, real=0.00 secs] 
1056.446: [GC (Allocation Failure) [PSYoungGen: 68432K->1424K(68096K)] 406848K->339841K(587776K), 0.0017212 secs] [Times: user=0.00 sys=0.00, real=0.01 secs] 
1056.562: [GC (Allocation Failure) [PSYoungGen: 67984K->1565K(68096K)] 406401K->339982K(587776K), 0.0017113 secs] [Times: user=0.01 sys=0.00, real=0.00 secs] 
1056.679: [GC (Allocation Failure) [PSYoungGen: 67613K->1469K(67072K)] 406030K->339886K(586752K), 0.0016569 secs] [Times: user=0.00 sys=0.00, real=0.00 secs] 
1056.794: [GC (Allocation Failure) [PSYoungGen: 67005K->1501K(68096K)] 405422K->339942K(587776K), 0.0016482 secs] [Times: user=0.01 sys=0.00, real=0.00 secs] 
1057.403: [GC (Allocation Failure) [PSYoungGen: 67549K->1456K(67072K)] 405990K->339896K(586752K), 0.0026426 secs] [Times: user=0.00 sys=0.00, real=0.00 secs] 
1057.895: [GC (Allocation Failure) [PSYoungGen: 66992K->1408K(66560K)] 405432K->339848K(586240K), 0.0023058 secs] [Times: user=0.01 sys=0.00, real=0.01 secs] 
1058.166: [GC (Allocation Failure) [PSYoungGen: 66432K->1408K(66048K)] 404872K->339848K(585728K), 0.0019164 secs] [Times: user=0.01 sys=0.00, real=0.01 secs] 
1058.689: [GC (Allocation Failure) [PSYoungGen: 65920K->1392K(65536K)] 404360K->339832K(585216K), 0.0019277 secs] [Times: user=0.01 sys=0.00, real=0.00 secs] 
1059.526: [GC (Allocation Failure) [PSYoungGen: 65392K->1357K(65024K)] 403832K->339798K(584704K), 0.0022526 secs] [Times: user=0.01 sys=0.00, real=0.01 secs] 
1059.668: [GC (Allocation Failure) [PSYoungGen: 64845K->1533K(64512K)] 403286K->339974K(584192K), 0.0016850 secs] [Times: user=0.01 sys=0.00, real=0.00 secs] 
1059.778: [GC (Allocation Failure) [PSYoungGen: 64509K->1453K(64000K)] 402950K->339894K(583680K), 0.0016784 secs] [Times: user=0.01 sys=0.00, real=0.00 secs] 
1059.888: [GC (Allocation Failure) [PSYoungGen: 63917K->1488K(70656K)] 402358K->339945K(590336K), 0.0015362 secs] [Times: user=0.01 sys=0.00, real=0.00 secs] 
1060.065: [GC (Allocation Failure) [PSYoungGen: 70096K->1424K(70656K)] 408553K->339880K(590336K), 0.0016253 secs] [Times: user=0.01 sys=0.00, real=0.00 secs] 
1060.588: [GC (Allocation Failure) [PSYoungGen: 70032K->1344K(69632K)] 408488K->339800K(589312K), 0.0019703 secs] [Times: user=0.01 sys=0.00, real=0.00 secs] 
1061.165: [GC (Allocation Failure) [PSYoungGen: 69440K->1376K(69120K)] 407896K->339832K(588800K), 0.0031067 secs] [Times: user=0.01 sys=0.00, real=0.01 secs] 
1061.746: [GC (Allocation Failure) [PSYoungGen: 68960K->1408K(68608K)] 407416K->339864K(588288K), 0.0028632 secs] [Times: user=0.01 sys=0.00, real=0.01 secs] 
1062.454: [GC (Allocation Failure) [PSYoungGen: 68480K->1437K(68096K)] 406936K->339894K(587776K), 0.0030445 secs] [Times: user=0.01 sys=0.00, real=0.01 secs] 
1062.643: [GC (Allocation Failure) [PSYoungGen: 67997K->1501K(67584K)] 406454K->339958K(587264K), 0.0017591 secs] [Times: user=0.00 sys=0.00, real=0.00 secs] 
1062.759: [GC (Allocation Failure) [PSYoungGen: 67549K->1533K(67072K)] 406006K->339990K(586752K), 0.0016822 secs] [Times: user=0.01 sys=0.00, real=0.00 secs] 
1062.891: [GC (Allocation Failure) [PSYoungGen: 67069K->1501K(67584K)] 405526K->339966K(587264K), 0.0018936 secs] [Times: user=0.01 sys=0.00, real=0.00 secs] 
1063.315: [GC (Allocation Failure) [PSYoungGen: 67037K->1440K(66560K)] 405502K->339904K(586240K), 0.0025539 secs] [Times: user=0.01 sys=0.00, real=0.01 secs] 
1063.936: [GC (Allocation Failure) [PSYoungGen: 66464K->1392K(66048K)] 404928K->339856K(585728K), 0.0024407 secs] [Times: user=0.00 sys=0.00, real=0.01 secs] 
1064.520: [GC (Allocation Failure) [PSYoungGen: 65904K->1376K(65536K)] 404368K->339840K(585216K), 0.0023137 secs] [Times: user=0.00 sys=0.00, real=0.00 secs] 
1065.501: [GC (Allocation Failure) [PSYoungGen: 65376K->1408K(65024K)] 403840K->339872K(584704K), 0.0038019 secs] [Times: user=0.01 sys=0.00, real=0.00 secs] 
1066.292: [GC (Allocation Failure) [PSYoungGen: 64896K->1344K(64512K)] 403360K->339808K(584192K), 0.0034903 secs] [Times: user=0.02 sys=0.00, real=0.00 secs] 
1066.644: [GC (Allocation Failure) [PSYoungGen: 64320K->1533K(64000K)] 402784K->339998K(583680K), 0.0018966 secs] [Times: user=0.01 sys=0.00, real=0.00 secs] 
1066.791: [GC (Allocation Failure) [PSYoungGen: 63997K->1517K(63488K)] 402462K->339982K(583168K), 0.0018435 secs] [Times: user=0.00 sys=0.00, real=0.00 secs] 
1066.932: [GC (Allocation Failure) [PSYoungGen: 63469K->1456K(62976K)] 401934K->339929K(582656K), 0.0021552 secs] [Times: user=0.01 sys=0.00, real=0.00 secs] 
1067.081: [GC (Allocation Failure) [PSYoungGen: 62896K->1501K(68608K)] 401369K->339974K(588288K), 0.0017572 secs] [Times: user=0.00 sys=0.00, real=0.00 secs] 
1067.574: [GC (Allocation Failure) [PSYoungGen: 68573K->1408K(68096K)] 407046K->339888K(587776K), 0.0023133 secs] [Times: user=0.01 sys=0.00, real=0.00 secs] 
1068.052: [GC (Allocation Failure) [PSYoungGen: 67968K->1376K(67584K)] 406448K->339880K(587264K), 0.0021577 secs] [Times: user=0.00 sys=0.00, real=0.00 secs] 
1068.327: [GC (Allocation Failure) [PSYoungGen: 67424K->1408K(67072K)] 405928K->339912K(586752K), 0.0020156 secs] [Times: user=0.01 sys=0.00, real=0.01 secs] 
1068.599: [GC (Allocation Failure) [PSYoungGen: 66944K->1344K(66560K)] 405448K->339848K(586240K), 0.0020684 secs] [Times: user=0.01 sys=0.00, real=0.00 secs] 
1068.845: [GC (Allocation Failure) [PSYoungGen: 66368K->1440K(66048K)] 404872K->339945K(585728K), 0.0016676 secs] [Times: user=0.01 sys=0.00, real=0.00 secs] 
1068.959: [GC (Allocation Failure) [PSYoungGen: 65952K->1501K(65536K)] 404457K->340006K(585216K), 0.0017979 secs] [Times: user=0.01 sys=0.00, real=0.00 secs] 
1069.072: [GC (Allocation Failure) [PSYoungGen: 65501K->1485K(66048K)] 404006K->339998K(585728K), 0.0017050 secs] [Times: user=0.01 sys=0.00, real=0.00 secs] 
1069.186: [GC (Allocation Failure) [PSYoungGen: 65457K->1453K(72192K)] 403970K->339966K(591872K), 0.0017058 secs] [Times: user=0.00 sys=0.00, real=0.01 secs] 
1069.442: [GC (Allocation Failure) [PSYoungGen: 71597K->1504K(72192K)] 410110K->340016K(591872K), 0.0020325 secs] [Times: user=0.01 sys=0.00, real=0.00 secs] 
1069.734: [GC (Allocation Failure) [PSYoungGen: 71648K->1376K(71168K)] 410160K->339888K(590848K), 0.0020616 secs] [Times: user=0.01 sys=0.00, real=0.00 secs] 
1070.145: [GC (Allocation Failure) [PSYoungGen: 71008K->1424K(70656K)] 409520K->339936K(590336K), 0.0022755 secs] [Times: user=0.00 sys=0.00, real=0.01 secs] 
1070.679: [GC (Allocation Failure) [PSYoungGen: 70544K->1376K(70144K)] 409056K->339888K(589824K), 0.0020992 secs] [Times: user=0.01 sys=0.00, real=0.00 secs] 
1071.152: [GC (Allocation Failure) [PSYoungGen: 69984K->1533K(69632K)] 408496K->340046K(589312K), 0.0020880 secs] [Times: user=0.01 sys=0.00, real=0.00 secs] 
1071.278: [GC (Allocation Failure) [PSYoungGen: 69629K->1533K(69120K)] 408142K->340046K(588800K), 0.0015902 secs] [Times: user=0.01 sys=0.00, real=0.00 secs] 
1071.396: [GC (Allocation Failure) [PSYoungGen: 69117K->1485K(68608K)] 407630K->339998K(588288K), 0.0016786 secs] [Times: user=0.00 sys=0.00, real=0.01 secs] 
1071.513: [GC (Allocation Failure) [PSYoungGen: 68549K->1469K(75264K)] 407062K->339998K(594944K), 0.0017732 secs] [Times: user=0.01 sys=0.00, real=0.00 secs] 
1071.889: [GC (Allocation Failure) [PSYoungGen: 75197K->1424K(74752K)] 413726K->339952K(594432K), 0.0019403 secs] [Times: user=0.01 sys=0.00, real=0.00 secs] 
1072.304: [GC (Allocation Failure) [PSYoungGen: 74640K->1328K(74240K)] 413168K->339856K(593920K), 0.0019658 secs] [Times: user=0.01 sys=0.00, real=0.00 secs] 
1072.651: [GC (Allocation Failure) [PSYoungGen: 74032K->1440K(73728K)] 412560K->339968K(593408K), 0.0021307 secs] [Times: user=0.01 sys=0.00, real=0.00 secs] 
1072.961: [GC (Allocation Failure) [PSYoungGen: 73632K->1376K(73216K)] 412160K->339904K(592896K), 0.0020216 secs] [Times: user=0.00 sys=0.00, real=0.00 secs] 
1073.212: [GC (Allocation Failure) [PSYoungGen: 73056K->1437K(72704K)] 411584K->339966K(592384K), 0.0017364 secs] [Times: user=0.01 sys=0.00, real=0.00 secs] 
1073.338: [GC (Allocation Failure) [PSYoungGen: 72605K->1453K(72192K)] 411134K->339982K(591872K), 0.0015813 secs] [Times: user=0.00 sys=0.00, real=0.00 secs] 
1073.462: [GC (Allocation Failure) [PSYoungGen: 72109K->1485K(71680K)] 410638K->340014K(591360K), 0.0016907 secs] [Times: user=0.01 sys=0.00, real=0.00 secs] 
1073.809: [GC (Allocation Failure) [PSYoungGen: 71629K->1952K(71680K)] 410158K->340480K(591360K), 0.0024000 secs] [Times: user=0.01 sys=0.00, real=0.00 secs] 
1075.249: [GC (Allocation Failure) [PSYoungGen: 71584K->1376K(70656K)] 410112K->339904K(590336K), 0.0032284 secs] [Times: user=0.01 sys=0.00, real=0.00 secs] 
1075.903: [GC (Allocation Failure) [PSYoungGen: 70496K->1376K(70144K)] 409024K->339904K(589824K), 0.0027586 secs] [Times: user=0.01 sys=0.00, real=0.00 secs] 
1076.470: [GC (Allocation Failure) [PSYoungGen: 69984K->1376K(69632K)] 408512K->339904K(589312K), 0.0027500 secs] [Times: user=0.01 sys=0.00, real=0.00 secs] 
1077.187: [GC (Allocation Failure) [PSYoungGen: 69453K->1488K(69120K)] 407981K->340025K(588800K), 0.0027480 secs] [Times: user=0.01 sys=0.00, real=0.01 secs] 
1077.418: [GC (Allocation Failure) [PSYoungGen: 69072K->1533K(68608K)] 407609K->340094K(588288K), 0.0023625 secs] [Times: user=0.00 sys=0.00, real=0.00 secs] 
1077.554: [GC (Allocation Failure) [PSYoungGen: 68605K->1533K(68096K)] 407166K->340094K(587776K), 0.0015978 secs] [Times: user=0.01 sys=0.00, real=0.00 secs] 
1077.669: [GC (Allocation Failure) [PSYoungGen: 68093K->1485K(67584K)] 406654K->340046K(587264K), 0.0017138 secs] [Times: user=0.00 sys=0.00, real=0.00 secs] 
1077.941: [GC (Allocation Failure) [PSYoungGen: 67533K->1440K(67072K)] 406094K->340000K(586752K), 0.0024190 secs] [Times: user=0.01 sys=0.00, real=0.00 secs] 
1079.098: [GC (Allocation Failure) [PSYoungGen: 66976K->1344K(66560K)] 405536K->339904K(586240K), 0.0040217 secs] [Times: user=0.02 sys=0.00, real=0.00 secs] 
1080.003: [GC (Allocation Failure) [PSYoungGen: 66368K->1312K(66048K)] 404928K->339872K(585728K), 0.0038267 secs] [Times: user=0.02 sys=0.00, real=0.01 secs] 
1080.726: [GC (Allocation Failure) [PSYoungGen: 65824K->1376K(65536K)] 404384K->339936K(585216K), 0.0027715 secs] [Times: user=0.01 sys=0.00, real=0.01 secs] 
1080.987: [GC (Allocation Failure) [PSYoungGen: 65376K->1344K(65024K)] 403936K->339904K(584704K), 0.0019429 secs] [Times: user=0.01 sys=0.00, real=0.00 secs] 
1081.152: [GC (Allocation Failure) [PSYoungGen: 64832K->1421K(64512K)] 403392K->339982K(584192K), 0.0017383 secs] [Times: user=0.00 sys=0.00, real=0.00 secs] 
1081.263: [GC (Allocation Failure) [PSYoungGen: 64397K->1501K(64000K)] 402958K->340062K(583680K), 0.0016306 secs] [Times: user=0.01 sys=0.00, real=0.00 secs] 
1081.374: [GC (Allocation Failure) [PSYoungGen: 63965K->1533K(65024K)] 402526K->340102K(584704K), 0.0016640 secs] [Times: user=0.00 sys=0.00, real=0.00 secs] 
1081.484: [GC (Allocation Failure) [PSYoungGen: 64509K->1501K(70656K)] 403078K->340070K(590336K), 0.0019027 secs] [Times: user=0.00 sys=0.00, real=0.00 secs] 
1082.202: [GC (Allocation Failure) [PSYoungGen: 70109K->1408K(70656K)] 408678K->339976K(590336K), 0.0022358 secs] [Times: user=0.01 sys=0.00, real=0.00 secs] 
1083.022: [GC (Allocation Failure) [PSYoungGen: 70016K->1360K(69632K)] 408584K->339928K(589312K), 0.0026472 secs] [Times: user=0.01 sys=0.00, real=0.00 secs] 
1083.816: [GC (Allocation Failure) [PSYoungGen: 69456K->1376K(69120K)] 408024K->339952K(588800K), 0.0027463 secs] [Times: user=0.01 sys=0.00, real=0.01 secs] 
1084.536: [GC (Allocation Failure) [PSYoungGen: 68960K->1424K(68608K)] 407536K->340000K(588288K), 0.0024163 secs] [Times: user=0.01 sys=0.00, real=0.01 secs] 
1085.052: [GC (Allocation Failure) [PSYoungGen: 68496K->1485K(68096K)] 407072K->340062K(587776K), 0.0021327 secs] [Times: user=0.01 sys=0.00, real=0.00 secs] 
1085.183: [GC (Allocation Failure) [PSYoungGen: 68045K->1485K(67584K)] 406622K->340062K(587264K), 0.0017191 secs] [Times: user=0.01 sys=0.00, real=0.00 secs] 
1085.317: [GC (Allocation Failure) [PSYoungGen: 67533K->1501K(67072K)] 406110K->340094K(586752K), 0.0019817 secs] [Times: user=0.01 sys=0.00, real=0.01 secs] 
1085.462: [GC (Allocation Failure) [PSYoungGen: 67037K->1517K(66560K)] 405630K->340110K(586240K), 0.0017167 secs] [Times: user=0.01 sys=0.00, real=0.00 secs] 
1085.870: [GC (Allocation Failure) [PSYoungGen: 66541K->1440K(66048K)] 405134K->340032K(585728K), 0.0020815 secs] [Times: user=0.01 sys=0.00, real=0.00 secs] 
1086.322: [GC (Allocation Failure) [PSYoungGen: 65952K->1392K(65536K)] 404544K->339984K(585216K), 0.0020273 secs] [Times: user=0.01 sys=0.00, real=0.00 secs] 
1086.588: [GC (Allocation Failure) [PSYoungGen: 65392K->1376K(65024K)] 403984K->339968K(584704K), 0.0021577 secs] [Times: user=0.01 sys=0.00, real=0.00 secs] 
1086.879: [GC (Allocation Failure) [PSYoungGen: 64864K->1408K(64512K)] 403456K->340000K(584192K), 0.0019656 secs] [Times: user=0.01 sys=0.00, real=0.00 secs] 
1087.260: [GC (Allocation Failure) [PSYoungGen: 64384K->1424K(64000K)] 402976K->340033K(583680K), 0.0017493 secs] [Times: user=0.01 sys=0.00, real=0.00 secs] 
1087.370: [GC (Allocation Failure) [PSYoungGen: 63888K->1504K(63488K)] 402497K->340137K(583168K), 0.0015878 secs] [Times: user=0.01 sys=0.00, real=0.00 secs] 
1087.495: [GC (Allocation Failure) [PSYoungGen: 63456K->1453K(70144K)] 402089K->340102K(589824K), 0.0018158 secs] [Times: user=0.01 sys=0.00, real=0.01 secs] 
1087.645: [GC (Allocation Failure) [PSYoungGen: 69549K->1469K(70144K)] 408198K->340118K(589824K), 0.0019187 secs] [Times: user=0.00 sys=0.00, real=0.01 secs] 
1088.134: [GC (Allocation Failure) [PSYoungGen: 69565K->1472K(69120K)] 408214K->340120K(588800K), 0.0027270 secs] [Times: user=0.01 sys=0.00, real=0.01 secs] 
1088.469: [GC (Allocation Failure) [PSYoungGen: 69056K->1344K(68608K)] 407704K->339992K(588288K), 0.0020627 secs] [Times: user=0.01 sys=0.00, real=0.00 secs] 
1088.897: [GC (Allocation Failure) [PSYoungGen: 68416K->1376K(68096K)] 407064K->340024K(587776K), 0.0019301 secs] [Times: user=0.00 sys=0.00, real=0.00 secs] 
1089.214: [GC (Allocation Failure) [PSYoungGen: 67936K->1408K(67584K)] 406584K->340056K(587264K), 0.0018881 secs] [Times: user=0.01 sys=0.00, real=0.00 secs] 
1089.554: [GC (Allocation Failure) [PSYoungGen: 67456K->1469K(67072K)] 406104K->340118K(586752K), 0.0020471 secs] [Times: user=0.01 sys=0.00, real=0.00 secs] 
1089.673: [GC (Allocation Failure) [PSYoungGen: 67005K->1504K(66560K)] 405654K->340153K(586240K), 0.0016898 secs] [Times: user=0.01 sys=0.00, real=0.00 secs] 
1089.792: [GC (Allocation Failure) [PSYoungGen: 66528K->1485K(67072K)] 405177K->340134K(586752K), 0.0017637 secs] [Times: user=0.01 sys=0.00, real=0.00 secs] 
1089.909: [GC (Allocation Failure) [PSYoungGen: 66509K->1504K(73216K)] 405158K->340169K(592896K), 0.0017877 secs] [Times: user=0.01 sys=0.00, real=0.00 secs] 
1090.202: [GC (Allocation Failure) [PSYoungGen: 72672K->1440K(73216K)] 411337K->340104K(592896K), 0.0019599 secs] [Times: user=0.01 sys=0.00, real=0.00 secs] 
1090.499: [GC (Allocation Failure) [PSYoungGen: 72608K->1392K(72192K)] 411272K->340056K(591872K), 0.0018475 secs] [Times: user=0.01 sys=0.00, real=0.00 secs] 
1090.841: [GC (Allocation Failure) [PSYoungGen: 72048K->1424K(71680K)] 410712K->340088K(591360K), 0.0018796 secs] [Times: user=0.00 sys=0.00, real=0.00 secs] 
1091.168: [GC (Allocation Failure) [PSYoungGen: 71568K->1376K(71168K)] 410232K->340040K(590848K), 0.0024048 secs] [Times: user=0.01 sys=0.01, real=0.00 secs] 
1091.504: [GC (Allocation Failure) [PSYoungGen: 71008K->1469K(70656K)] 409672K->340134K(590336K), 0.0021383 secs] [Times: user=0.01 sys=0.00, real=0.00 secs] 
1091.635: [GC (Allocation Failure) [PSYoungGen: 70589K->1517K(70144K)] 409254K->340190K(589824K), 0.0016356 secs] [Times: user=0.00 sys=0.00, real=0.01 secs] 
1091.755: [GC (Allocation Failure) [PSYoungGen: 70125K->1485K(76288K)] 408798K->340158K(595968K), 0.0016273 secs] [Times: user=0.00 sys=0.00, real=0.00 secs] 
1091.887: [GC (Allocation Failure) [PSYoungGen: 76237K->1456K(76800K)] 414910K->340137K(596480K), 0.0017089 secs] [Times: user=0.00 sys=0.00, real=0.01 secs] 
1092.657: [GC (Allocation Failure) [PSYoungGen: 76208K->1392K(75776K)] 414889K->340072K(595456K), 0.0025752 secs] [Times: user=0.01 sys=0.00, real=0.00 secs] 
1093.632: [GC (Allocation Failure) [PSYoungGen: 75632K->1424K(75264K)] 414312K->340112K(594944K), 0.0048895 secs] [Times: user=0.02 sys=0.00, real=0.01 secs] 
1094.204: [GC (Allocation Failure) [PSYoungGen: 75152K->1408K(74752K)] 413840K->340104K(594432K), 0.0023160 secs] [Times: user=0.01 sys=0.01, real=0.00 secs] 
1094.836: [GC (Allocation Failure) [PSYoungGen: 74624K->1408K(74240K)] 413320K->340104K(593920K), 0.0023318 secs] [Times: user=0.01 sys=0.00, real=0.01 secs] 
1095.100: [GC (Allocation Failure) [PSYoungGen: 74112K->1501K(73728K)] 412808K->340198K(593408K), 0.0016229 secs] [Times: user=0.01 sys=0.00, real=0.00 secs] 
1095.227: [GC (Allocation Failure) [PSYoungGen: 73693K->1453K(73216K)] 412390K->340150K(592896K), 0.0015942 secs] [Times: user=0.01 sys=0.00, real=0.00 secs] 
1095.352: [GC (Allocation Failure) [PSYoungGen: 73133K->1453K(72704K)] 411830K->340150K(592384K), 0.0017371 secs] [Times: user=0.00 sys=0.00, real=0.00 secs] 
1095.906: [GC (Allocation Failure) [PSYoungGen: 72621K->1424K(72192K)] 411318K->340120K(591872K), 0.0026694 secs] [Times: user=0.00 sys=0.00, real=0.01 secs] 
1096.201: [GC (Allocation Failure) [PSYoungGen: 72080K->1424K(71680K)] 410776K->340120K(591360K), 0.0022772 secs] [Times: user=0.01 sys=0.00, real=0.00 secs] 
1096.493: [GC (Allocation Failure) [PSYoungGen: 71568K->1376K(71168K)] 410264K->340072K(590848K), 0.0019916 secs] [Times: user=0.01 sys=0.00, real=0.00 secs] 
1096.782: [GC (Allocation Failure) [PSYoungGen: 71008K->1408K(70656K)] 409704K->340104K(590336K), 0.0020923 secs] [Times: user=0.01 sys=0.00, real=0.00 secs] 
1097.063: [GC (Allocation Failure) [PSYoungGen: 70528K->477K(69120K)] 409224K->340214K(588800K), 0.0017971 secs] [Times: user=0.01 sys=0.00, real=0.00 secs] 
1097.188: [GC (Allocation Failure) [PSYoungGen: 69085K->445K(70144K)] 408822K->340182K(589824K), 0.0013944 secs] [Times: user=0.01 sys=0.00, real=0.00 secs] 
1097.326: [GC (Allocation Failure) [PSYoungGen: 68541K->445K(68608K)] 408278K->340182K(588288K), 0.0020223 secs] [Times: user=0.00 sys=0.00, real=0.01 secs] 
1097.475: [GC (Allocation Failure) [PSYoungGen: 68029K->429K(69632K)] 407766K->340166K(589312K), 0.0019014 secs] [Times: user=0.01 sys=0.00, real=0.01 secs] 
1097.828: [GC (Allocation Failure) [PSYoungGen: 68013K->1440K(68608K)] 407750K->341176K(588288K), 0.0025308 secs] [Times: user=0.01 sys=0.00, real=0.00 secs] 
1098.111: [GC (Allocation Failure) [PSYoungGen: 68512K->1424K(68096K)] 408248K->341160K(587776K), 0.0023240 secs] [Times: user=0.01 sys=0.00, real=0.00 secs] 
1098.419: [GC (Allocation Failure) [PSYoungGen: 67984K->1408K(67584K)] 407720K->341144K(587264K), 0.0019409 secs] [Times: user=0.01 sys=0.00, real=0.00 secs] 
1098.694: [GC (Allocation Failure) [PSYoungGen: 67456K->1344K(67072K)] 407192K->341080K(586752K), 0.0020995 secs] [Times: user=0.01 sys=0.00, real=0.00 secs] 
1099.060: [GC (Allocation Failure) [PSYoungGen: 66862K->1437K(66560K)] 406598K->341174K(586240K), 0.0020252 secs] [Times: user=0.01 sys=0.00, real=0.00 secs] 
1099.191: [GC (Allocation Failure) [PSYoungGen: 66461K->1517K(66048K)] 406198K->341254K(585728K), 0.0016721 secs] [Times: user=0.01 sys=0.00, real=0.00 secs] 
1099.304: [GC (Allocation Failure) [PSYoungGen: 66029K->1453K(72192K)] 405766K->341190K(591872K), 0.0015321 secs] [Times: user=0.00 sys=0.00, real=0.00 secs] 
1099.428: [GC (Allocation Failure) [PSYoungGen: 72109K->1469K(72704K)] 411846K->341222K(592384K), 0.0016986 secs] [Times: user=0.01 sys=0.00, real=0.00 secs] 
1099.724: [GC (Allocation Failure) [PSYoungGen: 72125K->1440K(71680K)] 411878K->341192K(591360K), 0.0019843 secs] [Times: user=0.01 sys=0.00, real=0.00 secs] 
1100.337: [GC (Allocation Failure) [PSYoungGen: 71584K->1408K(71168K)] 411336K->341160K(590848K), 0.0040485 secs] [Times: user=0.02 sys=0.01, real=0.00 secs] 
1100.883: [GC (Allocation Failure) [PSYoungGen: 71040K->1376K(70656K)] 410792K->341128K(590336K), 0.0028703 secs] [Times: user=0.01 sys=0.01, real=0.00 secs] 
1101.421: [GC (Allocation Failure) [PSYoungGen: 70496K->1376K(70144K)] 410248K->341128K(589824K), 0.0029937 secs] [Times: user=0.01 sys=0.00, real=0.00 secs] 
1102.045: [GC (Allocation Failure) [PSYoungGen: 69984K->1437K(69632K)] 409736K->341190K(589312K), 0.0024864 secs] [Times: user=0.01 sys=0.00, real=0.01 secs] 
1102.243: [GC (Allocation Failure) [PSYoungGen: 69533K->1533K(69120K)] 409286K->341286K(588800K), 0.0020142 secs] [Times: user=0.01 sys=0.00, real=0.00 secs] 
1102.366: [GC (Allocation Failure) [PSYoungGen: 69117K->1517K(68608K)] 408870K->341270K(588288K), 0.0017886 secs] [Times: user=0.00 sys=0.00, real=0.01 secs] 
1102.501: [GC (Allocation Failure) [PSYoungGen: 68568K->1533K(75776K)] 408320K->341294K(595456K), 0.0019402 secs] [Times: user=0.01 sys=0.00, real=0.00 secs] 
1102.774: [GC (Allocation Failure) [PSYoungGen: 75261K->1392K(75776K)] 415022K->341152K(595456K), 0.0027703 secs] [Times: user=0.01 sys=0.00, real=0.01 secs] 
1103.080: [GC (Allocation Failure) [PSYoungGen: 75120K->1424K(74752K)] 414880K->341184K(594432K), 0.0021399 secs] [Times: user=0.01 sys=0.00, real=0.00 secs] 
1103.385: [GC (Allocation Failure) [PSYoungGen: 74640K->1344K(74240K)] 414400K->341104K(593920K), 0.0021497 secs] [Times: user=0.01 sys=0.00, real=0.01 secs] 
1103.688: [GC (Allocation Failure) [PSYoungGen: 74048K->1328K(73728K)] 413808K->341088K(593408K), 0.0020244 secs] [Times: user=0.00 sys=0.00, real=0.00 secs] 
1103.887: [GC (Allocation Failure) [PSYoungGen: 73520K->1520K(73216K)] 413280K->341281K(592896K), 0.0017874 secs] [Times: user=0.01 sys=0.00, real=0.01 secs] 
1104.012: [GC (Allocation Failure) [PSYoungGen: 73198K->1469K(72704K)] 412959K->341230K(592384K), 0.0016493 secs] [Times: user=0.00 sys=0.00, real=0.00 secs] 
1104.138: [GC (Allocation Failure) [PSYoungGen: 72637K->1488K(73216K)] 412398K->341249K(592896K), 0.0016919 secs] [Times: user=0.00 sys=0.01, real=0.00 secs] 
1104.305: [GC (Allocation Failure) [PSYoungGen: 72656K->1984K(73216K)] 412417K->341744K(592896K), 0.0017200 secs] [Times: user=0.01 sys=0.00, real=0.00 secs] 
1104.600: [GC (Allocation Failure) [PSYoungGen: 73152K->1392K(72192K)] 412912K->341152K(591872K), 0.0017730 secs] [Times: user=0.00 sys=0.00, real=0.00 secs] 
1104.893: [GC (Allocation Failure) [PSYoungGen: 72048K->1376K(71680K)] 411808K->341136K(591360K), 0.0020168 secs] [Times: user=0.00 sys=0.00, real=0.00 secs] 
1105.185: [GC (Allocation Failure) [PSYoungGen: 71520K->1344K(71168K)] 411280K->341120K(590848K), 0.0017739 secs] [Times: user=0.01 sys=0.00, real=0.00 secs] 
1105.643: [GC (Allocation Failure) [PSYoungGen: 70976K->1469K(70656K)] 410752K->341246K(590336K), 0.0019801 secs] [Times: user=0.00 sys=0.00, real=0.00 secs] 
1105.804: [GC (Allocation Failure) [PSYoungGen: 70588K->1501K(70144K)] 410365K->341278K(589824K), 0.0018467 secs] [Times: user=0.00 sys=0.00, real=0.00 secs] 
1105.952: [GC (Allocation Failure) [PSYoungGen: 70109K->1549K(70144K)] 409886K->341326K(589824K), 0.0017768 secs] [Times: user=0.01 sys=0.00, real=0.00 secs] 
1106.071: [GC (Allocation Failure) [PSYoungGen: 69645K->432K(75776K)] 409422K->341233K(595456K), 0.0016187 secs] [Times: user=0.00 sys=0.00, real=0.00 secs] 
1107.358: [GC (Allocation Failure) [PSYoungGen: 75184K->1392K(75776K)] 415985K->342208K(595456K), 0.0028175 secs] [Times: user=0.01 sys=0.00, real=0.00 secs] 
1108.170: [GC (Allocation Failure) [PSYoungGen: 75632K->1344K(75264K)] 416448K->342160K(594944K), 0.0027419 secs] [Times: user=0.01 sys=0.00, real=0.00 secs] 
1109.028: [GC (Allocation Failure) [PSYoungGen: 75072K->1408K(74752K)] 415888K->342224K(594432K), 0.0028882 secs] [Times: user=0.01 sys=0.00, real=0.00 secs] 
1109.601: [GC (Allocation Failure) [PSYoungGen: 74624K->1344K(74240K)] 415440K->342160K(593920K), 0.0033337 secs] [Times: user=0.01 sys=0.00, real=0.00 secs] 
1110.146: [GC (Allocation Failure) [PSYoungGen: 74048K->1453K(73728K)] 414864K->342270K(593408K), 0.0021613 secs] [Times: user=0.01 sys=0.00, real=0.01 secs] 
1110.356: [GC (Allocation Failure) [PSYoungGen: 73645K->1501K(73216K)] 414462K->342318K(592896K), 0.0024348 secs] [Times: user=0.01 sys=0.00, real=0.01 secs] 
1110.546: [GC (Allocation Failure) [PSYoungGen: 73181K->1469K(72704K)] 413998K->342286K(592384K), 0.0022367 secs] [Times: user=0.00 sys=0.00, real=0.01 secs] 
1110.706: [GC (Allocation Failure) [PSYoungGen: 72637K->1440K(72192K)] 413454K->342256K(591872K), 0.0014409 secs] [Times: user=0.00 sys=0.00, real=0.01 secs] 
1111.028: [GC (Allocation Failure) [PSYoungGen: 72096K->1360K(71680K)] 412912K->342176K(591360K), 0.0023580 secs] [Times: user=0.01 sys=0.00, real=0.00 secs] 
1111.319: [GC (Allocation Failure) [PSYoungGen: 71504K->1376K(71168K)] 412320K->342200K(590848K), 0.0020737 secs] [Times: user=0.01 sys=0.00, real=0.00 secs] 
1111.610: [GC (Allocation Failure) [PSYoungGen: 71008K->1344K(70656K)] 411832K->342168K(590336K), 0.0019574 secs] [Times: user=0.00 sys=0.01, real=0.00 secs] 
1111.912: [GC (Allocation Failure) [PSYoungGen: 70464K->1392K(70144K)] 411288K->342217K(589824K), 0.0019607 secs] [Times: user=0.01 sys=0.00, real=0.00 secs] 
1112.080: [GC (Allocation Failure) [PSYoungGen: 70000K->1533K(69632K)] 410825K->342358K(589312K), 0.0022290 secs] [Times: user=0.01 sys=0.00, real=0.00 secs] 
1112.261: [GC (Allocation Failure) [PSYoungGen: 69629K->1485K(69120K)] 410454K->342310K(588800K), 0.0024834 secs] [Times: user=0.01 sys=0.00, real=0.00 secs] 
1112.419: [GC (Allocation Failure) [PSYoungGen: 69069K->1488K(69632K)] 409894K->342313K(589312K), 0.0018682 secs] [Times: user=0.01 sys=0.00, real=0.00 secs] 
1112.667: [GC (Allocation Failure) [PSYoungGen: 69072K->1408K(76288K)] 409897K->342240K(595968K), 0.0025927 secs] [Times: user=0.01 sys=0.00, real=0.00 secs] 
1113.303: [GC (Allocation Failure) [PSYoungGen: 75648K->1312K(75264K)] 416480K->342144K(594944K), 0.0037117 secs] [Times: user=0.01 sys=0.00, real=0.01 secs] 
1113.921: [GC (Allocation Failure) [PSYoungGen: 75040K->1360K(74752K)] 415872K->342192K(594432K), 0.0026269 secs] [Times: user=0.01 sys=0.00, real=0.00 secs] 
1114.223: [GC (Allocation Failure) [PSYoungGen: 74576K->1376K(74240K)] 415408K->342208K(593920K), 0.0018638 secs] [Times: user=0.00 sys=0.00, real=0.00 secs] 
1114.681: [GC (Allocation Failure) [PSYoungGen: 74080K->1469K(73728K)] 414912K->342302K(593408K), 0.0017156 secs] [Times: user=0.01 sys=0.00, real=0.00 secs] 
1114.808: [GC (Allocation Failure) [PSYoungGen: 73661K->1517K(73216K)] 414494K->342350K(592896K), 0.0016255 secs] [Times: user=0.00 sys=0.00, real=0.00 secs] 
1114.933: [GC (Allocation Failure) [PSYoungGen: 73197K->1485K(72704K)] 414030K->342318K(592384K), 0.0015834 secs] [Times: user=0.01 sys=0.00, real=0.00 secs] 
1115.057: [GC (Allocation Failure) [PSYoungGen: 72653K->1517K(73216K)] 413486K->342366K(592896K), 0.0017534 secs] [Times: user=0.00 sys=0.00, real=0.00 secs] 
1116.505: [GC (Allocation Failure) [PSYoungGen: 72685K->1424K(72192K)] 413534K->342272K(591872K), 0.0043173 secs] [Times: user=0.01 sys=0.00, real=0.01 secs] 
1117.446: [GC (Allocation Failure) [PSYoungGen: 72080K->1328K(71680K)] 412928K->342184K(591360K), 0.0036729 secs] [Times: user=0.01 sys=0.00, real=0.01 secs] 
1118.027: [GC (Allocation Failure) [PSYoungGen: 71472K->1344K(71168K)] 412328K->342200K(590848K), 0.0025011 secs] [Times: user=0.01 sys=0.00, real=0.00 secs] 
1118.623: [GC (Allocation Failure) [PSYoungGen: 70976K->1376K(70656K)] 411832K->342232K(590336K), 0.0028388 secs] [Times: user=0.01 sys=0.01, real=0.00 secs] 
1119.048: [GC (Allocation Failure) [PSYoungGen: 70496K->1485K(70144K)] 411352K->342342K(589824K), 0.0019442 secs] [Times: user=0.00 sys=0.00, real=0.00 secs] 
1119.212: [GC (Allocation Failure) [PSYoungGen: 70093K->1501K(69632K)] 410950K->342358K(589312K), 0.0020414 secs] [Times: user=0.01 sys=0.00, real=0.00 secs] 
1119.370: [GC (Allocation Failure) [PSYoungGen: 69597K->1501K(69120K)] 410454K->342358K(588800K), 0.0016451 secs] [Times: user=0.01 sys=0.00, real=0.00 secs] 
1119.492: [GC (Allocation Failure) [PSYoungGen: 69085K->288K(67584K)] 409942K->341144K(587264K), 0.0017510 secs] [Times: user=0.00 sys=0.00, real=0.00 secs] 
1120.110: [GC (Allocation Failure) [PSYoungGen: 67360K->1408K(68096K)] 408216K->342264K(587776K), 0.0024130 secs] [Times: user=0.01 sys=0.00, real=0.00 secs] 
1120.943: [GC (Allocation Failure) [PSYoungGen: 67968K->1344K(67584K)] 408824K->342200K(587264K), 0.0024341 secs] [Times: user=0.01 sys=0.00, real=0.00 secs] 
1121.828: [GC (Allocation Failure) [PSYoungGen: 67392K->1408K(67072K)] 408248K->342264K(586752K), 0.0023900 secs] [Times: user=0.01 sys=0.00, real=0.00 secs] 
1122.465: [GC (Allocation Failure) [PSYoungGen: 66944K->1344K(66560K)] 407800K->342200K(586240K), 0.0024681 secs] [Times: user=0.01 sys=0.00, real=0.01 secs] 
1122.916: [GC (Allocation Failure) [PSYoungGen: 66368K->1469K(66048K)] 407224K->342326K(585728K), 0.0018236 secs] [Times: user=0.01 sys=0.00, real=0.01 secs] 
1123.030: [GC (Allocation Failure) [PSYoungGen: 65981K->1485K(65536K)] 406838K->342342K(585216K), 0.0018775 secs] [Times: user=0.01 sys=0.00, real=0.00 secs] 
1123.143: [GC (Allocation Failure) [PSYoungGen: 65485K->1533K(65024K)] 406342K->342390K(584704K), 0.0017242 secs] [Times: user=0.01 sys=0.00, real=0.00 secs] 
1123.254: [GC (Allocation Failure) [PSYoungGen: 65021K->1517K(71680K)] 405878K->342382K(591360K), 0.0017823 secs] [Times: user=0.01 sys=0.00, real=0.00 secs] 
1123.649: [GC (Allocation Failure) [PSYoungGen: 71149K->1440K(70656K)] 412014K->342304K(590336K), 0.0021510 secs] [Times: user=0.01 sys=0.00, real=0.00 secs] 
1123.954: [GC (Allocation Failure) [PSYoungGen: 70560K->1408K(70144K)] 411424K->342272K(589824K), 0.0020462 secs] [Times: user=0.01 sys=0.00, real=0.00 secs] 
1124.262: [GC (Allocation Failure) [PSYoungGen: 70016K->1392K(69632K)] 410880K->342256K(589312K), 0.0019529 secs] [Times: user=0.01 sys=0.00, real=0.00 secs] 
1124.562: [GC (Allocation Failure) [PSYoungGen: 69488K->1344K(69120K)] 410352K->342208K(588800K), 0.0020963 secs] [Times: user=0.01 sys=0.00, real=0.00 secs] 
1124.761: [GC (Allocation Failure) [PSYoungGen: 68928K->1501K(68608K)] 409792K->342366K(588288K), 0.0017805 secs] [Times: user=0.00 sys=0.00, real=0.00 secs] 
1124.879: [GC (Allocation Failure) [PSYoungGen: 68573K->1453K(68096K)] 409438K->342318K(587776K), 0.0015777 secs] [Times: user=0.00 sys=0.00, real=0.00 secs] 
1124.995: [GC (Allocation Failure) [PSYoungGen: 68013K->1485K(68608K)] 408878K->342358K(588288K), 0.0017066 secs] [Times: user=0.01 sys=0.00, real=0.01 secs] 
1125.111: [GC (Allocation Failure) [PSYoungGen: 68045K->1488K(68608K)] 408918K->342369K(588288K), 0.0017415 secs] [Times: user=0.01 sys=0.00, real=0.00 secs] 
1125.616: [GC (Allocation Failure) [PSYoungGen: 68048K->1408K(74240K)] 408929K->342288K(593920K), 0.0021477 secs] [Times: user=0.01 sys=0.00, real=0.01 secs] 
1126.387: [GC (Allocation Failure) [PSYoungGen: 74112K->1440K(73728K)] 414992K->342336K(593408K), 0.0021393 secs] [Times: user=0.01 sys=0.00, real=0.00 secs] 
1127.344: [GC (Allocation Failure) [PSYoungGen: 73632K->1408K(73216K)] 414528K->342304K(592896K), 0.0021799 secs] [Times: user=0.01 sys=0.00, real=0.00 secs] 
1128.077: [GC (Allocation Failure) [PSYoungGen: 73088K->1360K(72704K)] 413984K->342256K(592384K), 0.0022188 secs] [Times: user=0.00 sys=0.00, real=0.00 secs] 
1128.844: [GC (Allocation Failure) [PSYoungGen: 72528K->1456K(72192K)] 413424K->342353K(591872K), 0.0020183 secs] [Times: user=0.01 sys=0.00, real=0.00 secs] 
1129.016: [GC (Allocation Failure) [PSYoungGen: 72112K->1501K(71680K)] 413009K->342398K(591360K), 0.0021028 secs] [Times: user=0.01 sys=0.00, real=0.01 secs] 
1129.173: [GC (Allocation Failure) [PSYoungGen: 71633K->1453K(71168K)] 412530K->342350K(590848K), 0.0017145 secs] [Times: user=0.01 sys=0.00, real=0.00 secs] 
1129.389: [GC (Allocation Failure) [PSYoungGen: 71085K->1456K(70656K)] 411982K->342360K(590336K), 0.0021397 secs] [Times: user=0.01 sys=0.00, real=0.00 secs] 
1130.027: [GC (Allocation Failure) [PSYoungGen: 70576K->1376K(70144K)] 411480K->342280K(589824K), 0.0024271 secs] [Times: user=0.01 sys=0.00, real=0.00 secs] 
1130.307: [GC (Allocation Failure) [PSYoungGen: 69984K->1392K(69632K)] 410888K->342296K(589312K), 0.0021265 secs] [Times: user=0.01 sys=0.00, real=0.00 secs] 
1130.590: [GC (Allocation Failure) [PSYoungGen: 69488K->1376K(69120K)] 410392K->342280K(588800K), 0.0021304 secs] [Times: user=0.01 sys=0.00, real=0.00 secs] 
1130.887: [GC (Allocation Failure) [PSYoungGen: 68960K->1469K(68608K)] 409864K->342374K(588288K), 0.0018249 secs] [Times: user=0.00 sys=0.00, real=0.00 secs] 
1131.009: [GC (Allocation Failure) [PSYoungGen: 68541K->1453K(68096K)] 409446K->342358K(587776K), 0.0016667 secs] [Times: user=0.00 sys=0.00, real=0.00 secs] 
1131.126: [GC (Allocation Failure) [PSYoungGen: 68013K->1469K(68608K)] 408918K->342374K(588288K), 0.0016948 secs] [Times: user=0.01 sys=0.00, real=0.01 secs] 
1131.241: [GC (Allocation Failure) [PSYoungGen: 68029K->1549K(74752K)] 408934K->342454K(594432K), 0.0016965 secs] [Times: user=0.01 sys=0.00, real=0.00 secs] 
1131.434: [GC (Allocation Failure) [PSYoungGen: 74253K->1440K(74752K)] 415158K->342360K(594432K), 0.0018272 secs] [Times: user=0.00 sys=0.00, real=0.00 secs] 
1131.736: [GC (Allocation Failure) [PSYoungGen: 74144K->1392K(73728K)] 415064K->342312K(593408K), 0.0017980 secs] [Times: user=0.01 sys=0.00, real=0.01 secs] 
1132.089: [GC (Allocation Failure) [PSYoungGen: 73584K->1376K(73216K)] 414504K->342296K(592896K), 0.0019018 secs] [Times: user=0.00 sys=0.00, real=0.00 secs] 
1132.392: [GC (Allocation Failure) [PSYoungGen: 73056K->1440K(72704K)] 413976K->342360K(592384K), 0.0017888 secs] [Times: user=0.01 sys=0.00, real=0.00 secs] 
1132.660: [GC (Allocation Failure) [PSYoungGen: 72608K->1440K(72192K)] 413528K->342361K(591872K), 0.0016765 secs] [Times: user=0.01 sys=0.00, real=0.00 secs] 
1132.785: [GC (Allocation Failure) [PSYoungGen: 72096K->1520K(71680K)] 413017K->342473K(591360K), 0.0016627 secs] [Times: user=0.00 sys=0.00, real=0.00 secs] 
1132.907: [GC (Allocation Failure) [PSYoungGen: 71664K->1533K(78336K)] 412617K->342494K(598016K), 0.0016481 secs] [Times: user=0.01 sys=0.00, real=0.00 secs] 
1133.043: [GC (Allocation Failure) [PSYoungGen: 78333K->1501K(78848K)] 419294K->342462K(598528K), 0.0016574 secs] [Times: user=0.01 sys=0.00, real=0.00 secs] 
1133.815: [GC (Allocation Failure) [PSYoungGen: 78301K->1472K(77824K)] 419262K->342432K(597504K), 0.0023800 secs] [Times: user=0.01 sys=0.00, real=0.01 secs] 
1134.679: [GC (Allocation Failure) [PSYoungGen: 77760K->1408K(77312K)] 418720K->342368K(596992K), 0.0024385 secs] [Times: user=0.01 sys=0.00, real=0.00 secs] 
1135.692: [GC (Allocation Failure) [PSYoungGen: 77184K->1408K(76800K)] 418144K->342368K(596480K), 0.0028738 secs] [Times: user=0.01 sys=0.00, real=0.00 secs] 
1136.455: [GC (Allocation Failure) [PSYoungGen: 76672K->1469K(76288K)] 417632K->342430K(595968K), 0.0023498 secs] [Times: user=0.01 sys=0.00, real=0.01 secs] 
1136.619: [GC (Allocation Failure) [PSYoungGen: 76221K->1453K(75776K)] 417182K->342414K(595456K), 0.0016317 secs] [Times: user=0.01 sys=0.00, real=0.00 secs] 
1136.750: [GC (Allocation Failure) [PSYoungGen: 75693K->1469K(75264K)] 416654K->342430K(594944K), 0.0016495 secs] [Times: user=0.01 sys=0.00, real=0.00 secs] 
1136.878: [GC (Allocation Failure) [PSYoungGen: 75197K->1485K(74752K)] 416158K->342446K(594432K), 0.0015712 secs] [Times: user=0.00 sys=0.00, real=0.00 secs] 
1137.157: [GC (Allocation Failure) [PSYoungGen: 74701K->1424K(74240K)] 415662K->342408K(593920K), 0.0019642 secs] [Times: user=0.01 sys=0.00, real=0.00 secs] 
1137.459: [GC (Allocation Failure) [PSYoungGen: 74128K->1376K(73728K)] 415112K->342360K(593408K), 0.0019312 secs] [Times: user=0.01 sys=0.00, real=0.00 secs] 
1137.759: [GC (Allocation Failure) [PSYoungGen: 73568K->1408K(73216K)] 414552K->342392K(592896K), 0.0020109 secs] [Times: user=0.01 sys=0.00, real=0.00 secs] 
1138.059: [GC (Allocation Failure) [PSYoungGen: 73088K->1392K(72704K)] 414072K->342376K(592384K), 0.0020331 secs] [Times: user=0.01 sys=0.00, real=0.00 secs] 
1138.284: [GC (Allocation Failure) [PSYoungGen: 72560K->1392K(72192K)] 413544K->342377K(591872K), 0.0016735 secs] [Times: user=0.00 sys=0.00, real=0.00 secs] 
1138.409: [GC (Allocation Failure) [PSYoungGen: 72048K->1453K(71680K)] 413033K->342438K(591360K), 0.0016641 secs] [Times: user=0.01 sys=0.00, real=0.00 secs] 
1138.533: [GC (Allocation Failure) [PSYoungGen: 71597K->1501K(72192K)] 412582K->342486K(591872K), 0.0017466 secs] [Times: user=0.01 sys=0.00, real=0.00 secs] 
1138.657: [GC (Allocation Failure) [PSYoungGen: 71645K->1440K(72192K)] 412630K->342424K(591872K), 0.0015167 secs] [Times: user=0.00 sys=0.00, real=0.01 secs] 
1138.966: [GC (Allocation Failure) [PSYoungGen: 71584K->1408K(71168K)] 412568K->342392K(590848K), 0.0018736 secs] [Times: user=0.00 sys=0.00, real=0.01 secs] 
1139.256: [GC (Allocation Failure) [PSYoungGen: 71040K->1408K(70656K)] 412024K->342392K(590336K), 0.0021146 secs] [Times: user=0.01 sys=0.00, real=0.01 secs] 
1139.543: [GC (Allocation Failure) [PSYoungGen: 70528K->1408K(70144K)] 411512K->342392K(589824K), 0.0017551 secs] [Times: user=0.01 sys=0.00, real=0.00 secs] 
1139.828: [GC (Allocation Failure) [PSYoungGen: 70016K->1376K(69632K)] 411000K->342360K(589312K), 0.0020459 secs] [Times: user=0.01 sys=0.00, real=0.00 secs] 
1139.974: [GC (Allocation Failure) [PSYoungGen: 69472K->461K(68096K)] 410456K->342470K(587776K), 0.0016268 secs] [Times: user=0.01 sys=0.00, real=0.00 secs] 
1140.093: [GC (Allocation Failure) [PSYoungGen: 68045K->461K(76288K)] 410054K->342470K(595968K), 0.0016552 secs] [Times: user=0.00 sys=0.00, real=0.00 secs] 
1140.246: [GC (Allocation Failure) [PSYoungGen: 74701K->429K(76288K)] 416710K->342438K(595968K), 0.0018356 secs] [Times: user=0.00 sys=0.00, real=0.01 secs] 
1142.809: [GC (Allocation Failure) [PSYoungGen: 74669K->1440K(75264K)] 416678K->343448K(594944K), 0.0044851 secs] [Times: user=0.02 sys=0.00, real=0.00 secs] 
1143.501: [GC (Allocation Failure) [PSYoungGen: 75168K->1408K(74752K)] 417176K->343416K(594432K), 0.0024525 secs] [Times: user=0.01 sys=0.00, real=0.00 secs] 
1143.865: [GC (Allocation Failure) [PSYoungGen: 74624K->1408K(74240K)] 416632K->343416K(593920K), 0.0020217 secs] [Times: user=0.00 sys=0.00, real=0.01 secs] 
1144.176: [GC (Allocation Failure) [PSYoungGen: 74112K->1376K(73728K)] 416120K->343384K(593408K), 0.0019332 secs] [Times: user=0.00 sys=0.00, real=0.01 secs] 
1144.422: [GC (Allocation Failure) [PSYoungGen: 73568K->1469K(73216K)] 415576K->343478K(592896K), 0.0018045 secs] [Times: user=0.01 sys=0.00, real=0.00 secs] 
1144.549: [GC (Allocation Failure) [PSYoungGen: 73149K->1485K(72704K)] 415158K->343494K(592384K), 0.0015822 secs] [Times: user=0.01 sys=0.00, real=0.00 secs] 
1144.674: [GC (Allocation Failure) [PSYoungGen: 72653K->1517K(72192K)] 414662K->343526K(591872K), 0.0016800 secs] [Times: user=0.01 sys=0.00, real=0.00 secs] 
1144.798: [GC (Allocation Failure) [PSYoungGen: 72173K->1501K(72704K)] 414182K->343518K(592384K), 0.0016552 secs] [Times: user=0.00 sys=0.00, real=0.00 secs] 
1145.155: [GC (Allocation Failure) [PSYoungGen: 72157K->1408K(71680K)] 414174K->343424K(591360K), 0.0021260 secs] [Times: user=0.00 sys=0.01, real=0.01 secs] 
1145.485: [GC (Allocation Failure) [PSYoungGen: 71552K->1392K(71168K)] 413568K->343408K(590848K), 0.0021496 secs] [Times: user=0.01 sys=0.00, real=0.01 secs] 
1145.809: [GC (Allocation Failure) [PSYoungGen: 71024K->1376K(70656K)] 413040K->343392K(590336K), 0.0020317 secs] [Times: user=0.01 sys=0.00, real=0.00 secs] 
1146.096: [GC (Allocation Failure) [PSYoungGen: 70496K->1344K(70144K)] 412512K->343360K(589824K), 0.0019640 secs] [Times: user=0.01 sys=0.01, real=0.01 secs] 
1146.262: [GC (Allocation Failure) [PSYoungGen: 69952K->1453K(69632K)] 411968K->343470K(589312K), 0.0016226 secs] [Times: user=0.01 sys=0.00, real=0.00 secs] 
1146.381: [GC (Allocation Failure) [PSYoungGen: 69549K->1488K(69120K)] 411566K->343505K(588800K), 0.0015677 secs] [Times: user=0.00 sys=0.00, real=0.00 secs] 
1146.501: [GC (Allocation Failure) [PSYoungGen: 69072K->1533K(69632K)] 411089K->343550K(589312K), 0.0016658 secs] [Times: user=0.00 sys=0.00, real=0.00 secs] 
1146.676: [GC (Allocation Failure) [PSYoungGen: 69117K->1728K(76288K)] 411134K->343768K(595968K), 0.0019973 secs] [Times: user=0.01 sys=0.00, real=0.01 secs] 
1147.010: [GC (Allocation Failure) [PSYoungGen: 75968K->1392K(75264K)] 418008K->343432K(594944K), 0.0019818 secs] [Times: user=0.00 sys=0.00, real=0.00 secs] 
1147.346: [GC (Allocation Failure) [PSYoungGen: 75120K->1344K(74752K)] 417160K->343384K(594432K), 0.0017739 secs] [Times: user=0.01 sys=0.00, real=0.01 secs] 
1147.709: [GC (Allocation Failure) [PSYoungGen: 74560K->1376K(74240K)] 416600K->343416K(593920K), 0.0019802 secs] [Times: user=0.01 sys=0.00, real=0.00 secs] 
1148.143: [GC (Allocation Failure) [PSYoungGen: 74080K->1469K(73728K)] 416120K->343510K(593408K), 0.0020993 secs] [Times: user=0.01 sys=0.00, real=0.00 secs] 
1148.285: [GC (Allocation Failure) [PSYoungGen: 73661K->1485K(73216K)] 415702K->343526K(592896K), 0.0016277 secs] [Times: user=0.00 sys=0.00, real=0.00 secs] 
1148.410: [GC (Allocation Failure) [PSYoungGen: 73165K->1501K(72704K)] 415206K->343542K(592384K), 0.0016978 secs] [Times: user=0.00 sys=0.00, real=0.00 secs] 
1148.534: [GC (Allocation Failure) [PSYoungGen: 72669K->1485K(73216K)] 414710K->343526K(592896K), 0.0016915 secs] [Times: user=0.01 sys=0.00, real=0.00 secs] 
1149.198: [GC (Allocation Failure) [PSYoungGen: 72653K->1440K(72192K)] 414694K->343480K(591872K), 0.0026259 secs] [Times: user=0.01 sys=0.00, real=0.00 secs] 
1150.156: [GC (Allocation Failure) [PSYoungGen: 72096K->1408K(71680K)] 414136K->343448K(591360K), 0.0030003 secs] [Times: user=0.01 sys=0.00, real=0.01 secs] 
1151.006: [GC (Allocation Failure) [PSYoungGen: 71552K->1440K(71168K)] 413592K->343480K(590848K), 0.0027391 secs] [Times: user=0.01 sys=0.00, real=0.01 secs] 
1151.854: [GC (Allocation Failure) [PSYoungGen: 71072K->1408K(70656K)] 413112K->343448K(590336K), 0.0024733 secs] [Times: user=0.01 sys=0.00, real=0.00 secs] 
1152.287: [GC (Allocation Failure) [PSYoungGen: 70528K->1501K(70144K)] 412568K->343542K(589824K), 0.0018549 secs] [Times: user=0.01 sys=0.00, real=0.00 secs] 
1152.415: [GC (Allocation Failure) [PSYoungGen: 70109K->1517K(69632K)] 412150K->343558K(589312K), 0.0016513 secs] [Times: user=0.01 sys=0.00, real=0.01 secs] 
1152.534: [GC (Allocation Failure) [PSYoungGen: 69613K->1485K(69120K)] 411654K->343526K(588800K), 0.0018030 secs] [Times: user=0.01 sys=0.00, real=0.00 secs] 
1152.671: [GC (Allocation Failure) [PSYoungGen: 69069K->1501K(76288K)] 411110K->343550K(595968K), 0.0019421 secs] [Times: user=0.01 sys=0.00, real=0.00 secs] 
1153.411: [GC (Allocation Failure) [PSYoungGen: 75741K->1408K(75264K)] 417790K->343456K(594944K), 0.0023356 secs] [Times: user=0.01 sys=0.00, real=0.00 secs] 
1154.046: [GC (Allocation Failure) [PSYoungGen: 75136K->1344K(74752K)] 417184K->343392K(594432K), 0.0022914 secs] [Times: user=0.01 sys=0.01, real=0.01 secs] 
1154.664: [GC (Allocation Failure) [PSYoungGen: 74560K->1376K(74240K)] 416608K->343424K(593920K), 0.0025738 secs] [Times: user=0.01 sys=0.00, real=0.01 secs] 
1155.335: [GC (Allocation Failure) [PSYoungGen: 74080K->1456K(73728K)] 416128K->343505K(593408K), 0.0022579 secs] [Times: user=0.01 sys=0.00, real=0.01 secs] 
1155.489: [GC (Allocation Failure) [PSYoungGen: 73648K->1501K(73216K)] 415697K->343550K(592896K), 0.0017468 secs] [Times: user=0.01 sys=0.00, real=0.00 secs] 
1155.614: [GC (Allocation Failure) [PSYoungGen: 73181K->1453K(72704K)] 415230K->343502K(592384K), 0.0016702 secs] [Times: user=0.00 sys=0.00, real=0.00 secs] 
1155.738: [GC (Allocation Failure) [PSYoungGen: 72621K->1501K(72192K)] 414670K->343550K(591872K), 0.0016439 secs] [Times: user=0.00 sys=0.00, real=0.00 secs] 
1156.205: [GC (Allocation Failure) [PSYoungGen: 72157K->1440K(71680K)] 414206K->343488K(591360K), 0.0021919 secs] [Times: user=0.01 sys=0.00, real=0.01 secs] 
1156.972: [GC (Allocation Failure) [PSYoungGen: 71584K->1344K(71168K)] 413632K->343392K(590848K), 0.0021924 secs] [Times: user=0.01 sys=0.00, real=0.00 secs] 
1157.986: [GC (Allocation Failure) [PSYoungGen: 70976K->1344K(70656K)] 413024K->343392K(590336K), 0.0041418 secs] [Times: user=0.01 sys=0.01, real=0.01 secs] 
1158.885: [GC (Allocation Failure) [PSYoungGen: 70464K->1344K(70144K)] 412512K->343416K(589824K), 0.0038368 secs] [Times: user=0.01 sys=0.00, real=0.01 secs] 
1159.541: [GC (Allocation Failure) [PSYoungGen: 69952K->1469K(69632K)] 412024K->343542K(589312K), 0.0025679 secs] [Times: user=0.01 sys=0.00, real=0.00 secs] 
1159.709: [GC (Allocation Failure) [PSYoungGen: 69565K->1501K(69120K)] 411638K->343574K(588800K), 0.0017297 secs] [Times: user=0.00 sys=0.01, real=0.00 secs] 
1159.829: [GC (Allocation Failure) [PSYoungGen: 69085K->1421K(68608K)] 411158K->343494K(588288K), 0.0017090 secs] [Times: user=0.01 sys=0.00, real=0.00 secs] 
1159.949: [GC (Allocation Failure) [PSYoungGen: 68493K->1533K(68096K)] 410566K->343606K(587776K), 0.0016645 secs] [Times: user=0.01 sys=0.00, real=0.00 secs] 
1160.285: [GC (Allocation Failure) [PSYoungGen: 68093K->1392K(67584K)] 410166K->343464K(587264K), 0.0019449 secs] [Times: user=0.01 sys=0.00, real=0.00 secs] 
1160.994: [GC (Allocation Failure) [PSYoungGen: 67440K->1344K(67072K)] 409512K->343416K(586752K), 0.0021662 secs] [Times: user=0.00 sys=0.01, real=0.00 secs] 
1161.832: [GC (Allocation Failure) [PSYoungGen: 66880K->1376K(66560K)] 408952K->343448K(586240K), 0.0024870 secs] [Times: user=0.01 sys=0.00, real=0.00 secs] 
1162.746: [GC (Allocation Failure) [PSYoungGen: 66400K->1408K(66048K)] 408472K->343480K(585728K), 0.0028267 secs] [Times: user=0.01 sys=0.00, real=0.01 secs] 
1163.758: [GC (Allocation Failure) [PSYoungGen: 65920K->1517K(65536K)] 407992K->343590K(585216K), 0.0024156 secs] [Times: user=0.01 sys=0.00, real=0.00 secs] 
1163.912: [GC (Allocation Failure) [PSYoungGen: 65517K->1501K(65024K)] 407590K->343574K(584704K), 0.0017696 secs] [Times: user=0.01 sys=0.01, real=0.00 secs] 
1164.022: [GC (Allocation Failure) [PSYoungGen: 64989K->1488K(64512K)] 407062K->343561K(584192K), 0.0017801 secs] [Times: user=0.01 sys=0.00, real=0.00 secs] 
1164.133: [GC (Allocation Failure) [PSYoungGen: 64464K->1453K(65024K)] 406537K->343542K(584704K), 0.0018197 secs] [Times: user=0.01 sys=0.00, real=0.00 secs] 
1164.375: [GC (Allocation Failure) [PSYoungGen: 64429K->1408K(64000K)] 406518K->343496K(583680K), 0.0019657 secs] [Times: user=0.01 sys=0.00, real=0.00 secs] 
1165.276: [GC (Allocation Failure) [PSYoungGen: 63872K->1376K(63488K)] 405960K->343464K(583168K), 0.0036013 secs] [Times: user=0.01 sys=0.00, real=0.01 secs] 
1166.150: [GC (Allocation Failure) [PSYoungGen: 63328K->1376K(62976K)] 405416K->343464K(582656K), 0.0037691 secs] [Times: user=0.01 sys=0.00, real=0.00 secs] 
1166.874: [GC (Allocation Failure) [PSYoungGen: 62816K->1360K(62464K)] 404904K->343448K(582144K), 0.0036353 secs] [Times: user=0.01 sys=0.00, real=0.01 secs] 
1167.609: [GC (Allocation Failure) [PSYoungGen: 62288K->1376K(61952K)] 404376K->343464K(581632K), 0.0028289 secs] [Times: user=0.01 sys=0.00, real=0.00 secs] 
1168.129: [GC (Allocation Failure) [PSYoungGen: 61792K->1469K(61440K)] 403880K->343558K(581120K), 0.0023789 secs] [Times: user=0.01 sys=0.00, real=0.00 secs] 
1168.270: [GC (Allocation Failure) [PSYoungGen: 61373K->1453K(61952K)] 403462K->343542K(581632K), 0.0015886 secs] [Times: user=0.01 sys=0.00, real=0.00 secs] 
1168.389: [GC (Allocation Failure) [PSYoungGen: 61357K->1501K(61952K)] 403446K->343598K(581632K), 0.0018132 secs] [Times: user=0.01 sys=0.00, real=0.00 secs] 
1168.520: [GC (Allocation Failure) [PSYoungGen: 61405K->1488K(61952K)] 403502K->343585K(581632K), 0.0019967 secs] [Times: user=0.01 sys=0.00, real=0.00 secs] 
1168.733: [GC (Allocation Failure) [PSYoungGen: 61392K->1456K(68096K)] 403489K->343568K(587776K), 0.0024105 secs] [Times: user=0.00 sys=0.00, real=0.00 secs] 
1169.056: [GC (Allocation Failure) [PSYoungGen: 67504K->1408K(68096K)] 409616K->343520K(587776K), 0.0023020 secs] [Times: user=0.01 sys=0.00, real=0.01 secs] 
1169.347: [GC (Allocation Failure) [PSYoungGen: 67456K->1408K(74240K)] 409568K->343520K(593920K), 0.0030861 secs] [Times: user=0.01 sys=0.00, real=0.00 secs] 
1169.673: [GC (Allocation Failure) [PSYoungGen: 73600K->1376K(73216K)] 415712K->343488K(592896K), 0.0022898 secs] [Times: user=0.01 sys=0.00, real=0.00 secs] 
1170.099: [GC (Allocation Failure) [PSYoungGen: 73056K->1469K(72704K)] 415168K->343582K(592384K), 0.0018655 secs] [Times: user=0.01 sys=0.00, real=0.00 secs] 
1170.230: [GC (Allocation Failure) [PSYoungGen: 72637K->1488K(72192K)] 414750K->343601K(591872K), 0.0015736 secs] [Times: user=0.01 sys=0.00, real=0.00 secs] 
1170.356: [GC (Allocation Failure) [PSYoungGen: 72144K->1440K(72704K)] 414257K->343569K(592384K), 0.0017471 secs] [Times: user=0.01 sys=0.00, real=0.01 secs] 
1170.482: [GC (Allocation Failure) [PSYoungGen: 72096K->1552K(72704K)] 414225K->343681K(592384K), 0.0016590 secs] [Times: user=0.01 sys=0.00, real=0.00 secs] 
1170.955: [GC (Allocation Failure) [PSYoungGen: 72208K->1424K(71680K)] 414337K->343552K(591360K), 0.0021043 secs] [Times: user=0.01 sys=0.00, real=0.01 secs] 
1171.629: [GC (Allocation Failure) [PSYoungGen: 71568K->1408K(71168K)] 413696K->343536K(590848K), 0.0025498 secs] [Times: user=0.01 sys=0.01, real=0.00 secs] 
1172.091: [GC (Allocation Failure) [PSYoungGen: 71040K->1408K(70656K)] 413168K->343536K(590336K), 0.0020529 secs] [Times: user=0.00 sys=0.00, real=0.00 secs] 
1172.384: [GC (Allocation Failure) [PSYoungGen: 70528K->1376K(70144K)] 412656K->343504K(589824K), 0.0029133 secs] [Times: user=0.02 sys=0.00, real=0.00 secs] 
1172.634: [GC (Allocation Failure) [PSYoungGen: 69984K->1485K(69632K)] 412112K->343614K(589312K), 0.0018739 secs] [Times: user=0.01 sys=0.00, real=0.00 secs] 
1172.754: [GC (Allocation Failure) [PSYoungGen: 69581K->1501K(69120K)] 411710K->343630K(588800K), 0.0016792 secs] [Times: user=0.00 sys=0.00, real=0.00 secs] 
1172.873: [GC (Allocation Failure) [PSYoungGen: 69085K->1453K(75776K)] 411214K->343582K(595456K), 0.0016006 secs] [Times: user=0.01 sys=0.00, real=0.00 secs] 
1173.003: [GC (Allocation Failure) [PSYoungGen: 75693K->1472K(76288K)] 417822K->343617K(595968K), 0.0016022 secs] [Times: user=0.00 sys=0.00, real=0.00 secs] 
1174.091: [GC (Allocation Failure) [PSYoungGen: 75712K->1408K(75264K)] 417857K->343552K(594944K), 0.0040843 secs] [Times: user=0.01 sys=0.00, real=0.00 secs] 
1174.986: [GC (Allocation Failure) [PSYoungGen: 75136K->1376K(74752K)] 417280K->343520K(594432K), 0.0035938 secs] [Times: user=0.01 sys=0.00, real=0.01 secs] 
1175.759: [GC (Allocation Failure) [PSYoungGen: 74592K->1376K(74240K)] 416736K->343520K(593920K), 0.0024561 secs] [Times: user=0.01 sys=0.00, real=0.00 secs] 
1176.192: [GC (Allocation Failure) [PSYoungGen: 73992K->304K(72704K)] 416137K->342448K(592384K), 0.0022472 secs] [Times: user=0.01 sys=0.00, real=0.00 secs] 
1176.336: [GC (Allocation Failure) [PSYoungGen: 72496K->1488K(73216K)] 414640K->343633K(592896K), 0.0016343 secs] [Times: user=0.01 sys=0.00, real=0.01 secs] 
1176.462: [GC (Allocation Failure) [PSYoungGen: 73168K->1517K(72704K)] 415313K->343662K(592384K), 0.0017046 secs] [Times: user=0.00 sys=0.00, real=0.00 secs] 
1176.587: [GC (Allocation Failure) [PSYoungGen: 72685K->1533K(79360K)] 414830K->343678K(599040K), 0.0016166 secs] [Times: user=0.01 sys=0.00, real=0.00 secs] 
1176.833: [GC (Allocation Failure) [PSYoungGen: 79357K->1424K(78848K)] 421502K->343568K(598528K), 0.0018089 secs] [Times: user=0.00 sys=0.00, real=0.00 secs] 
1177.155: [GC (Allocation Failure) [PSYoungGen: 78736K->1344K(78336K)] 420880K->343512K(598016K), 0.0019009 secs] [Times: user=0.00 sys=0.00, real=0.00 secs] 
1177.474: [GC (Allocation Failure) [PSYoungGen: 78144K->1376K(77824K)] 420312K->343544K(597504K), 0.0017426 secs] [Times: user=0.01 sys=0.00, real=0.00 secs] 
1177.790: [GC (Allocation Failure) [PSYoungGen: 77664K->1376K(77312K)] 419832K->343544K(596992K), 0.0016760 secs] [Times: user=0.01 sys=0.00, real=0.00 secs] 
1177.988: [GC (Allocation Failure) [PSYoungGen: 77152K->1533K(76800K)] 419320K->343702K(596480K), 0.0016918 secs] [Times: user=0.01 sys=0.00, real=0.00 secs] 
1178.118: [GC (Allocation Failure) [PSYoungGen: 76797K->1453K(76288K)] 418966K->343622K(595968K), 0.0016611 secs] [Times: user=0.01 sys=0.00, real=0.00 secs] 
1178.249: [GC (Allocation Failure) [PSYoungGen: 76205K->1501K(75776K)] 418374K->343670K(595456K), 0.0017444 secs] [Times: user=0.01 sys=0.00, real=0.00 secs] 
1178.484: [GC (Allocation Failure) [PSYoungGen: 75741K->1440K(75264K)] 417910K->343608K(594944K), 0.0017270 secs] [Times: user=0.00 sys=0.00, real=0.00 secs] 
1178.790: [GC (Allocation Failure) [PSYoungGen: 75168K->1376K(74752K)] 417336K->343552K(594432K), 0.0016873 secs] [Times: user=0.01 sys=0.00, real=0.00 secs] 
1179.093: [GC (Allocation Failure) [PSYoungGen: 74592K->1376K(74240K)] 416768K->343552K(593920K), 0.0016360 secs] [Times: user=0.01 sys=0.00, real=0.00 secs] 
1179.396: [GC (Allocation Failure) [PSYoungGen: 74080K->1344K(73728K)] 416256K->343520K(593408K), 0.0024547 secs] [Times: user=0.01 sys=0.00, real=0.01 secs] 
1179.681: [GC (Allocation Failure) [PSYoungGen: 73536K->1469K(73216K)] 415712K->343654K(592896K), 0.0020066 secs] [Times: user=0.01 sys=0.00, real=0.00 secs] 
1179.816: [GC (Allocation Failure) [PSYoungGen: 73149K->1533K(72704K)] 415334K->343718K(592384K), 0.0017325 secs] [Times: user=0.01 sys=0.00, real=0.01 secs] 
1179.941: [GC (Allocation Failure) [PSYoungGen: 72701K->1453K(73216K)] 414886K->343638K(592896K), 0.0017050 secs] [Times: user=0.01 sys=0.00, real=0.00 secs] 
1180.065: [GC (Allocation Failure) [PSYoungGen: 72621K->1533K(73216K)] 414806K->343718K(592896K), 0.0016335 secs] [Times: user=0.00 sys=0.00, real=0.01 secs] 
1180.913: [GC (Allocation Failure) [PSYoungGen: 72701K->1456K(72192K)] 414886K->343640K(591872K), 0.0056943 secs] [Times: user=0.02 sys=0.00, real=0.01 secs] 
1182.029: [GC (Allocation Failure) [PSYoungGen: 72112K->1408K(71680K)] 414296K->343592K(591360K), 0.0032557 secs] [Times: user=0.01 sys=0.00, real=0.00 secs] 
1183.298: [GC (Allocation Failure) [PSYoungGen: 71552K->1408K(71168K)] 413736K->343592K(590848K), 0.0028233 secs] [Times: user=0.01 sys=0.00, real=0.00 secs] 
1184.036: [GC (Allocation Failure) [PSYoungGen: 71040K->1392K(70656K)] 413224K->343576K(590336K), 0.0026777 secs] [Times: user=0.01 sys=0.00, real=0.01 secs] 
1184.279: [GC (Allocation Failure) [PSYoungGen: 70512K->1533K(70144K)] 412696K->343718K(589824K), 0.0017306 secs] [Times: user=0.01 sys=0.00, real=0.00 secs] 
1184.399: [GC (Allocation Failure) [PSYoungGen: 70114K->1485K(69632K)] 412299K->343670K(589312K), 0.0016394 secs] [Times: user=0.01 sys=0.00, real=0.00 secs] 
1184.519: [GC (Allocation Failure) [PSYoungGen: 69581K->1533K(69120K)] 411766K->343718K(588800K), 0.0017169 secs] [Times: user=0.00 sys=0.00, real=0.00 secs] 
1184.718: [GC (Allocation Failure) [PSYoungGen: 69117K->1952K(69120K)] 411302K->344144K(588800K), 0.0019868 secs] [Times: user=0.01 sys=0.00, real=0.00 secs] 
1185.393: [GC (Allocation Failure) [PSYoungGen: 69024K->320K(67072K)] 411216K->343536K(586752K), 0.0020681 secs] [Times: user=0.00 sys=0.00, real=0.00 secs] 
1185.711: [GC (Allocation Failure) [PSYoungGen: 66880K->352K(66560K)] 410096K->343568K(586240K), 0.0022965 secs] [Times: user=0.01 sys=0.00, real=0.00 secs] 
1186.014: [GC (Allocation Failure) [PSYoungGen: 66400K->288K(66048K)] 409616K->343504K(585728K), 0.0025261 secs] [Times: user=0.01 sys=0.00, real=0.00 secs] 
1186.513: [GC (Allocation Failure) [PSYoungGen: 65824K->384K(67584K)] 409040K->343600K(587264K), 0.0026017 secs] [Times: user=0.01 sys=0.00, real=0.00 secs] 
1186.713: [GC (Allocation Failure) [PSYoungGen: 65408K->1485K(66048K)] 408624K->344702K(585728K), 0.0017637 secs] [Times: user=0.01 sys=0.00, real=0.00 secs] 
1186.827: [GC (Allocation Failure) [PSYoungGen: 65997K->1501K(65536K)] 409214K->344718K(585216K), 0.0018162 secs] [Times: user=0.01 sys=0.00, real=0.00 secs] 
1186.941: [GC (Allocation Failure) [PSYoungGen: 65501K->1501K(70144K)] 408718K->344718K(589824K), 0.0016973 secs] [Times: user=0.01 sys=0.00, real=0.00 secs] 
1187.062: [GC (Allocation Failure) [PSYoungGen: 69085K->1501K(70144K)] 412302K->344734K(589824K), 0.0016424 secs] [Times: user=0.00 sys=0.00, real=0.00 secs] 
1188.576: [GC (Allocation Failure) [PSYoungGen: 69085K->1424K(68608K)] 412318K->344680K(588288K), 0.0035949 secs] [Times: user=0.01 sys=0.00, real=0.01 secs] 
1189.387: [GC (Allocation Failure) [PSYoungGen: 68496K->1344K(68096K)] 411752K->344600K(587776K), 0.0031634 secs] [Times: user=0.01 sys=0.00, real=0.00 secs] 
1190.077: [GC (Allocation Failure) [PSYoungGen: 67904K->1376K(67584K)] 411160K->344632K(587264K), 0.0031922 secs] [Times: user=0.01 sys=0.00, real=0.00 secs] 
1190.628: [GC (Allocation Failure) [PSYoungGen: 67424K->1376K(67072K)] 410680K->344632K(586752K), 0.0029712 secs] [Times: user=0.01 sys=0.00, real=0.00 secs] 
1190.987: [GC (Allocation Failure) [PSYoungGen: 66912K->1456K(66560K)] 410168K->344713K(586240K), 0.0021723 secs] [Times: user=0.00 sys=0.00, real=0.00 secs] 
1191.147: [GC (Allocation Failure) [PSYoungGen: 66480K->1469K(66048K)] 409737K->344726K(585728K), 0.0021060 secs] [Times: user=0.01 sys=0.00, real=0.00 secs] 
1191.297: [GC (Allocation Failure) [PSYoungGen: 65981K->1485K(65536K)] 409238K->344758K(585216K), 0.0018494 secs] [Times: user=0.01 sys=0.00, real=0.00 secs] 
1191.410: [GC (Allocation Failure) [PSYoungGen: 65485K->1485K(70144K)] 408758K->344758K(589824K), 0.0018267 secs] [Times: user=0.00 sys=0.00, real=0.00 secs] 
1191.967: [GC (Allocation Failure) [PSYoungGen: 69581K->1424K(69120K)] 412854K->344704K(588800K), 0.0033625 secs] [Times: user=0.02 sys=0.00, real=0.00 secs] 
1192.682: [GC (Allocation Failure) [PSYoungGen: 69008K->1376K(68608K)] 412288K->344656K(588288K), 0.0034312 secs] [Times: user=0.01 sys=0.00, real=0.00 secs] 
1193.546: [GC (Allocation Failure) [PSYoungGen: 68448K->1376K(68096K)] 411728K->344656K(587776K), 0.0025380 secs] [Times: user=0.01 sys=0.00, real=0.01 secs] 
1194.063: [GC (Allocation Failure) [PSYoungGen: 67936K->1376K(67584K)] 411216K->344656K(587264K), 0.0024155 secs] [Times: user=0.01 sys=0.00, real=0.00 secs] 
1194.448: [GC (Allocation Failure) [PSYoungGen: 67424K->1501K(67072K)] 410704K->344782K(586752K), 0.0020509 secs] [Times: user=0.01 sys=0.00, real=0.00 secs] 
1194.572: [GC (Allocation Failure) [PSYoungGen: 67037K->1485K(66560K)] 410318K->344766K(586240K), 0.0015767 secs] [Times: user=0.00 sys=0.00, real=0.00 secs] 
1194.685: [GC (Allocation Failure) [PSYoungGen: 66509K->1517K(66048K)] 409790K->344798K(585728K), 0.0016376 secs] [Times: user=0.01 sys=0.00, real=0.01 secs] 
1194.799: [GC (Allocation Failure) [PSYoungGen: 66029K->1501K(68608K)] 409310K->344790K(588288K), 0.0017470 secs] [Times: user=0.00 sys=0.00, real=0.00 secs] 
1195.167: [GC (Allocation Failure) [PSYoungGen: 68061K->1408K(67584K)] 411350K->344696K(587264K), 0.0020869 secs] [Times: user=0.01 sys=0.00, real=0.01 secs] 
1195.652: [GC (Allocation Failure) [PSYoungGen: 67456K->1376K(67072K)] 410744K->344664K(586752K), 0.0018208 secs] [Times: user=0.01 sys=0.00, real=0.00 secs] 
1196.116: [GC (Allocation Failure) [PSYoungGen: 66912K->1408K(66560K)] 410200K->344696K(586240K), 0.0016268 secs] [Times: user=0.01 sys=0.00, real=0.01 secs] 
1196.576: [GC (Allocation Failure) [PSYoungGen: 66432K->1408K(66048K)] 409720K->344696K(585728K), 0.0018140 secs] [Times: user=0.00 sys=0.00, real=0.01 secs] 
1196.975: [GC (Allocation Failure) [PSYoungGen: 65920K->1469K(65536K)] 409208K->344758K(585216K), 0.0015833 secs] [Times: user=0.01 sys=0.00, real=0.00 secs] 
1197.089: [GC (Allocation Failure) [PSYoungGen: 65469K->1501K(65024K)] 408758K->344806K(584704K), 0.0017646 secs] [Times: user=0.01 sys=0.01, real=0.00 secs] 
1197.201: [GC (Allocation Failure) [PSYoungGen: 64989K->1533K(64512K)] 408294K->344838K(584192K), 0.0016479 secs] [Times: user=0.00 sys=0.00, real=0.00 secs] 
1197.311: [GC (Allocation Failure) [PSYoungGen: 64509K->1533K(69632K)] 407814K->344854K(589312K), 0.0015518 secs] [Times: user=0.00 sys=0.00, real=0.00 secs] 
1197.528: [GC (Allocation Failure) [PSYoungGen: 69117K->1392K(71168K)] 412438K->344720K(590848K), 0.0018974 secs] [Times: user=0.00 sys=0.00, real=0.00 secs] 
1197.972: [GC (Allocation Failure) [PSYoungGen: 70512K->1424K(70144K)] 413840K->344752K(589824K), 0.0019695 secs] [Times: user=0.01 sys=0.00, real=0.00 secs] 
1198.547: [GC (Allocation Failure) [PSYoungGen: 70032K->1408K(69632K)] 413360K->344736K(589312K), 0.0020215 secs] [Times: user=0.01 sys=0.00, real=0.01 secs] 
1199.111: [GC (Allocation Failure) [PSYoungGen: 69504K->1376K(69120K)] 412832K->344704K(588800K), 0.0020932 secs] [Times: user=0.01 sys=0.00, real=0.00 secs] 
1199.631: [GC (Allocation Failure) [PSYoungGen: 68960K->1405K(68608K)] 412288K->344734K(588288K), 0.0020748 secs] [Times: user=0.01 sys=0.00, real=0.00 secs] 
1199.770: [GC (Allocation Failure) [PSYoungGen: 68477K->1501K(68096K)] 411806K->344830K(587776K), 0.0016007 secs] [Times: user=0.01 sys=0.00, real=0.00 secs] 
1199.886: [GC (Allocation Failure) [PSYoungGen: 68061K->1469K(67584K)] 411390K->344798K(587264K), 0.0017699 secs] [Times: user=0.01 sys=0.00, real=0.01 secs] 
1200.002: [GC (Allocation Failure) [PSYoungGen: 67517K->1501K(68096K)] 410846K->344846K(587776K), 0.0017199 secs] [Times: user=0.00 sys=0.00, real=0.00 secs] 
1200.423: [GC (Allocation Failure) [PSYoungGen: 67549K->1440K(67072K)] 410894K->344792K(586752K), 0.0020090 secs] [Times: user=0.00 sys=0.00, real=0.00 secs] 
1201.351: [GC (Allocation Failure) [PSYoungGen: 66976K->1424K(66560K)] 410328K->344776K(586240K), 0.0033262 secs] [Times: user=0.01 sys=0.01, real=0.00 secs] 
1202.020: [GC (Allocation Failure) [PSYoungGen: 66448K->1376K(66048K)] 409800K->344728K(585728K), 0.0026818 secs] [Times: user=0.01 sys=0.00, real=0.00 secs] 
1202.699: [GC (Allocation Failure) [PSYoungGen: 65888K->1408K(65536K)] 409240K->344760K(585216K), 0.0028514 secs] [Times: user=0.01 sys=0.00, real=0.00 secs] 
1203.612: [GC (Allocation Failure) [PSYoungGen: 65408K->1344K(65024K)] 408760K->344696K(584704K), 0.0031436 secs] [Times: user=0.02 sys=0.00, real=0.00 secs] 
1203.854: [GC (Allocation Failure) [PSYoungGen: 64832K->1533K(64512K)] 408184K->344886K(584192K), 0.0020080 secs] [Times: user=0.00 sys=0.00, real=0.00 secs] 
1203.971: [GC (Allocation Failure) [PSYoungGen: 64509K->1453K(64000K)] 407862K->344806K(583680K), 0.0015634 secs] [Times: user=0.00 sys=0.00, real=0.00 secs] 
1204.081: [GC (Allocation Failure) [PSYoungGen: 63917K->1533K(63488K)] 407270K->344910K(583168K), 0.0017013 secs] [Times: user=0.01 sys=0.00, real=0.00 secs] 
1204.189: [GC (Allocation Failure) [PSYoungGen: 63485K->1485K(69632K)] 406862K->344862K(589312K), 0.0015728 secs] [Times: user=0.00 sys=0.00, real=0.00 secs] 
1204.475: [GC (Allocation Failure) [PSYoungGen: 69581K->1456K(69120K)] 412958K->344840K(588800K), 0.0018927 secs] [Times: user=0.01 sys=0.00, real=0.01 secs] 
1204.828: [GC (Allocation Failure) [PSYoungGen: 69040K->1376K(68608K)] 412424K->344760K(588288K), 0.0018373 secs] [Times: user=0.01 sys=0.00, real=0.00 secs] 
1205.643: [GC (Allocation Failure) [PSYoungGen: 68448K->1408K(68096K)] 411832K->344792K(587776K), 0.0022976 secs] [Times: user=0.01 sys=0.00, real=0.00 secs] 
1206.192: [GC (Allocation Failure) [PSYoungGen: 67968K->1376K(67584K)] 411352K->344760K(587264K), 0.0023104 secs] [Times: user=0.01 sys=0.00, real=0.00 secs] 
1206.493: [GC (Allocation Failure) [PSYoungGen: 67424K->1453K(67072K)] 410808K->344838K(586752K), 0.0016894 secs] [Times: user=0.01 sys=0.00, real=0.00 secs] 
1206.609: [GC (Allocation Failure) [PSYoungGen: 66989K->1501K(66560K)] 410374K->344886K(586240K), 0.0017362 secs] [Times: user=0.01 sys=0.00, real=0.00 secs] 
1206.722: [GC (Allocation Failure) [PSYoungGen: 66525K->1501K(66048K)] 409910K->344910K(585728K), 0.0017058 secs] [Times: user=0.00 sys=0.00, real=0.00 secs] 
1206.853: [GC (Allocation Failure) [PSYoungGen: 66013K->1469K(66560K)] 409422K->344902K(586240K), 0.0019767 secs] [Times: user=0.00 sys=0.00, real=0.00 secs] 
1207.112: [GC (Allocation Failure) [PSYoungGen: 65981K->1392K(66560K)] 409414K->344824K(586240K), 0.0018602 secs] [Times: user=0.01 sys=0.00, real=0.00 secs] 
1207.380: [GC (Allocation Failure) [PSYoungGen: 65904K->1376K(65536K)] 409336K->344808K(585216K), 0.0020165 secs] [Times: user=0.01 sys=0.00, real=0.00 secs] 
1207.774: [GC (Allocation Failure) [PSYoungGen: 65376K->1376K(65024K)] 408808K->344808K(584704K), 0.0022409 secs] [Times: user=0.01 sys=0.00, real=0.00 secs] 
1208.213: [GC (Allocation Failure) [PSYoungGen: 64864K->1376K(64512K)] 408296K->344808K(584192K), 0.0020835 secs] [Times: user=0.01 sys=0.00, real=0.00 secs] 
1208.622: [GC (Allocation Failure) [PSYoungGen: 64352K->1469K(64000K)] 407784K->344902K(583680K), 0.0022418 secs] [Times: user=0.01 sys=0.00, real=0.00 secs] 
1208.805: [GC (Allocation Failure) [PSYoungGen: 63933K->1501K(63488K)] 407366K->344934K(583168K), 0.0022490 secs] [Times: user=0.01 sys=0.00, real=0.01 secs] 
1208.935: [GC (Allocation Failure) [PSYoungGen: 63453K->1469K(62976K)] 406886K->344902K(582656K), 0.0017434 secs] [Times: user=0.01 sys=0.00, real=0.01 secs] 
1209.043: [GC (Allocation Failure) [PSYoungGen: 62909K->1453K(69120K)] 406342K->344902K(588800K), 0.0018491 secs] [Times: user=0.00 sys=0.00, real=0.00 secs] 
1209.663: [GC (Allocation Failure) [PSYoungGen: 69037K->1472K(68608K)] 412486K->344920K(588288K), 0.0030480 secs] [Times: user=0.01 sys=0.00, real=0.00 secs] 
1210.508: [GC (Allocation Failure) [PSYoungGen: 68544K->1408K(68096K)] 411992K->344856K(587776K), 0.0026735 secs] [Times: user=0.01 sys=0.00, real=0.00 secs] 
1211.051: [GC (Allocation Failure) [PSYoungGen: 67968K->1408K(67584K)] 411416K->344856K(587264K), 0.0026531 secs] [Times: user=0.01 sys=0.00, real=0.00 secs] 
1211.660: [GC (Allocation Failure) [PSYoungGen: 67456K->1408K(67072K)] 410904K->344856K(586752K), 0.0023145 secs] [Times: user=0.01 sys=0.00, real=0.00 secs] 
1212.416: [GC (Allocation Failure) [PSYoungGen: 66944K->1408K(66560K)] 410392K->344856K(586240K), 0.0026729 secs] [Times: user=0.01 sys=0.00, real=0.01 secs] 
1212.729: [GC (Allocation Failure) [PSYoungGen: 66432K->1501K(67072K)] 409880K->344950K(586752K), 0.0092315 secs] [Times: user=0.04 sys=0.00, real=0.01 secs] 
1212.854: [GC (Allocation Failure) [PSYoungGen: 66525K->1501K(67072K)] 409974K->344950K(586752K), 0.0015717 secs] [Times: user=0.00 sys=0.00, real=0.00 secs] 
1212.969: [GC (Allocation Failure) [PSYoungGen: 66525K->1517K(73728K)] 409974K->344974K(593408K), 0.0018799 secs] [Times: user=0.01 sys=0.00, real=0.00 secs] 
1213.217: [GC (Allocation Failure) [PSYoungGen: 73197K->1728K(73728K)] 416654K->345184K(593408K), 0.0020734 secs] [Times: user=0.01 sys=0.00, real=0.01 secs] 
1213.837: [GC (Allocation Failure) [PSYoungGen: 73408K->1376K(79872K)] 416864K->344840K(599552K), 0.0042542 secs] [Times: user=0.01 sys=0.01, real=0.00 secs] 
1214.469: [GC (Allocation Failure) [PSYoungGen: 79712K->1408K(79360K)] 423176K->344872K(599040K), 0.0025690 secs] [Times: user=0.01 sys=0.00, real=0.00 secs] 
1215.118: [GC (Allocation Failure) [PSYoungGen: 79232K->1344K(78848K)] 422696K->344808K(598528K), 0.0032407 secs] [Times: user=0.01 sys=0.00, real=0.00 secs] 
1215.704: [GC (Allocation Failure) [PSYoungGen: 78656K->1469K(78336K)] 422120K->344942K(598016K), 0.0023909 secs] [Times: user=0.01 sys=0.00, real=0.00 secs] 
1215.868: [GC (Allocation Failure) [PSYoungGen: 78269K->1533K(77824K)] 421742K->345006K(597504K), 0.0017167 secs] [Times: user=0.01 sys=0.00, real=0.00 secs] 
1216.003: [GC (Allocation Failure) [PSYoungGen: 77821K->1485K(77312K)] 421294K->344958K(596992K), 0.0019018 secs] [Times: user=0.00 sys=0.00, real=0.00 secs] 
1216.136: [GC (Allocation Failure) [PSYoungGen: 77261K->1517K(77824K)] 420734K->345006K(597504K), 0.0016670 secs] [Times: user=0.00 sys=0.00, real=0.01 secs] 
1216.497: [GC (Allocation Failure) [PSYoungGen: 77293K->1408K(76800K)] 420782K->344896K(596480K), 0.0018850 secs] [Times: user=0.01 sys=0.00, real=0.00 secs] 
1217.073: [GC (Allocation Failure) [PSYoungGen: 76672K->1408K(76288K)] 420160K->344896K(595968K), 0.0023370 secs] [Times: user=0.01 sys=0.00, real=0.00 secs] 
1217.709: [GC (Allocation Failure) [PSYoungGen: 76160K->1408K(75776K)] 419648K->344912K(595456K), 0.0024248 secs] [Times: user=0.01 sys=0.00, real=0.00 secs] 
1218.356: [GC (Allocation Failure) [PSYoungGen: 75648K->1469K(75264K)] 419152K->344974K(594944K), 0.0029566 secs] [Times: user=0.01 sys=0.00, real=0.01 secs] 
1218.547: [GC (Allocation Failure) [PSYoungGen: 75197K->1485K(74752K)] 418702K->344990K(594432K), 0.0015896 secs] [Times: user=0.01 sys=0.00, real=0.00 secs] 
1218.675: [GC (Allocation Failure) [PSYoungGen: 74701K->1501K(74240K)] 418206K->345006K(593920K), 0.0016169 secs] [Times: user=0.00 sys=0.00, real=0.00 secs] 
1218.802: [GC (Allocation Failure) [PSYoungGen: 74205K->1453K(73728K)] 417710K->344958K(593408K), 0.0015950 secs] [Times: user=0.00 sys=0.00, real=0.00 secs] 
1219.522: [GC (Allocation Failure) [PSYoungGen: 73645K->1376K(73216K)] 417150K->344880K(592896K), 0.0021509 secs] [Times: user=0.01 sys=0.00, real=0.00 secs] 
1220.258: [GC (Allocation Failure) [PSYoungGen: 73056K->1408K(72704K)] 416560K->344912K(592384K), 0.0032242 secs] [Times: user=0.01 sys=0.01, real=0.00 secs] 
1220.880: [GC (Allocation Failure) [PSYoungGen: 72576K->1376K(72192K)] 416080K->344880K(591872K), 0.0027432 secs] [Times: user=0.01 sys=0.00, real=0.00 secs] 
1221.167: [GC (Allocation Failure) [PSYoungGen: 72032K->1376K(71680K)] 415536K->344880K(591360K), 0.0021525 secs] [Times: user=0.00 sys=0.00, real=0.01 secs] 
1221.430: [GC (Allocation Failure) [PSYoungGen: 71509K->1453K(71168K)] 415014K->344958K(590848K), 0.0018529 secs] [Times: user=0.01 sys=0.00, real=0.00 secs] 
1221.552: [GC (Allocation Failure) [PSYoungGen: 71085K->1469K(70656K)] 414590K->344974K(590336K), 0.0017407 secs] [Times: user=0.00 sys=0.00, real=0.00 secs] 
1221.674: [GC (Allocation Failure) [PSYoungGen: 70589K->1453K(70144K)] 414094K->344958K(589824K), 0.0016112 secs] [Times: user=0.00 sys=0.00, real=0.00 secs] 
1221.883: [GC (Allocation Failure) [PSYoungGen: 70061K->1568K(70144K)] 413566K->345072K(589824K), 0.0020681 secs] [Times: user=0.01 sys=0.00, real=0.00 secs] 
1222.644: [GC (Allocation Failure) [PSYoungGen: 69664K->1360K(69120K)] 413168K->344864K(588800K), 0.0019219 secs] [Times: user=0.01 sys=0.00, real=0.00 secs] 
1223.313: [GC (Allocation Failure) [PSYoungGen: 68944K->1376K(68608K)] 412448K->344880K(588288K), 0.0030696 secs] [Times: user=0.02 sys=0.00, real=0.00 secs] 
1223.954: [GC (Allocation Failure) [PSYoungGen: 68448K->1376K(68096K)] 411952K->344880K(587776K), 0.0024344 secs] [Times: user=0.01 sys=0.00, real=0.00 secs] 
1224.561: [GC (Allocation Failure) [PSYoungGen: 67936K->1408K(67584K)] 411440K->344912K(587264K), 0.0025523 secs] [Times: user=0.01 sys=0.00, real=0.00 secs] 
1224.832: [GC (Allocation Failure) [PSYoungGen: 67456K->1501K(67072K)] 410960K->345006K(586752K), 0.0019017 secs] [Times: user=0.01 sys=0.00, real=0.00 secs] 
1224.951: [GC (Allocation Failure) [PSYoungGen: 67037K->1469K(66560K)] 410542K->344974K(586240K), 0.0018110 secs] [Times: user=0.01 sys=0.00, real=0.00 secs] 
1225.065: [GC (Allocation Failure) [PSYoungGen: 66493K->1453K(66048K)] 409998K->344958K(585728K), 0.0015361 secs] [Times: user=0.01 sys=0.00, real=0.00 secs] 
1225.178: [GC (Allocation Failure) [PSYoungGen: 65965K->1453K(67072K)] 409470K->344966K(586752K), 0.0015912 secs] [Times: user=0.01 sys=0.00, real=0.00 secs] 
1226.081: [GC (Allocation Failure) [PSYoungGen: 66477K->1408K(66048K)] 409990K->344920K(585728K), 0.0046402 secs] [Times: user=0.02 sys=0.00, real=0.00 secs] 
1227.125: [GC (Allocation Failure) [PSYoungGen: 65920K->1376K(65536K)] 409432K->344888K(585216K), 0.0047152 secs] [Times: user=0.02 sys=0.00, real=0.01 secs] 
1228.088: [GC (Allocation Failure) [PSYoungGen: 65376K->1376K(65024K)] 408888K->344888K(584704K), 0.0030683 secs] [Times: user=0.01 sys=0.00, real=0.00 secs] 
1228.786: [GC (Allocation Failure) [PSYoungGen: 64864K->1344K(64512K)] 408376K->344864K(584192K), 0.0030150 secs] [Times: user=0.01 sys=0.01, real=0.01 secs] 
1229.285: [GC (Allocation Failure) [PSYoungGen: 64320K->1453K(64000K)] 407840K->344974K(583680K), 0.0025262 secs] [Times: user=0.01 sys=0.00, real=0.01 secs] 
1229.442: [GC (Allocation Failure) [PSYoungGen: 63917K->1485K(63488K)] 407438K->345006K(583168K), 0.0018225 secs] [Times: user=0.00 sys=0.00, real=0.00 secs] 
1229.550: [GC (Allocation Failure) [PSYoungGen: 63437K->1485K(62976K)] 406958K->345014K(582656K), 0.0016514 secs] [Times: user=0.00 sys=0.00, real=0.00 secs] 
1229.657: [GC (Allocation Failure) [PSYoungGen: 62925K->1485K(69120K)] 406454K->345014K(588800K), 0.0016918 secs] [Times: user=0.00 sys=0.00, real=0.00 secs] 
1230.052: [GC (Allocation Failure) [PSYoungGen: 68557K->1424K(69632K)] 412086K->344952K(589312K), 0.0027836 secs] [Times: user=0.01 sys=0.00, real=0.00 secs] 
1230.678: [GC (Allocation Failure) [PSYoungGen: 69008K->1376K(68608K)] 412536K->344904K(588288K), 0.0031516 secs] [Times: user=0.01 sys=0.00, real=0.00 secs] 
1231.491: [GC (Allocation Failure) [PSYoungGen: 68448K->1408K(68096K)] 411976K->344936K(587776K), 0.0027856 secs] [Times: user=0.01 sys=0.00, real=0.00 secs] 
1232.197: [GC (Allocation Failure) [PSYoungGen: 67968K->1408K(67584K)] 411496K->344936K(587264K), 0.0030632 secs] [Times: user=0.01 sys=0.00, real=0.00 secs] 
1232.810: [GC (Allocation Failure) [PSYoungGen: 67456K->1437K(67072K)] 410984K->344966K(586752K), 0.0024814 secs] [Times: user=0.01 sys=0.00, real=0.00 secs] 
1232.979: [GC (Allocation Failure) [PSYoungGen: 66973K->1565K(67072K)] 410502K->345094K(586752K), 0.0016210 secs] [Times: user=0.01 sys=0.00, real=0.00 secs] 
1233.099: [GC (Allocation Failure) [PSYoungGen: 66589K->1501K(66048K)] 410118K->345030K(585728K), 0.0018675 secs] [Times: user=0.01 sys=0.00, real=0.00 secs] 
1233.250: [GC (Allocation Failure) [PSYoungGen: 66013K->1533K(67072K)] 409542K->345070K(586752K), 0.0021006 secs] [Times: user=0.01 sys=0.00, real=0.00 secs] 
1234.125: [GC (Allocation Failure) [PSYoungGen: 66557K->1456K(66048K)] 410094K->344992K(585728K), 0.0050890 secs] [Times: user=0.02 sys=0.00, real=0.01 secs] 
1234.867: [GC (Allocation Failure) [PSYoungGen: 65968K->1408K(65536K)] 409504K->344944K(585216K), 0.0029435 secs] [Times: user=0.01 sys=0.00, real=0.01 secs] 
1235.449: [GC (Allocation Failure) [PSYoungGen: 65408K->1376K(65024K)] 408944K->344912K(584704K), 0.0026868 secs] [Times: user=0.01 sys=0.00, real=0.00 secs] 
1236.025: [GC (Allocation Failure) [PSYoungGen: 64864K->1344K(64512K)] 408400K->344880K(584192K), 0.0022735 secs] [Times: user=0.01 sys=0.00, real=0.01 secs] 
1236.578: [GC (Allocation Failure) [PSYoungGen: 64320K->1408K(64000K)] 407856K->344944K(583680K), 0.0022425 secs] [Times: user=0.01 sys=0.00, real=0.00 secs] 
1236.825: [GC (Allocation Failure) [PSYoungGen: 63872K->1469K(63488K)] 407408K->345006K(583168K), 0.0016474 secs] [Times: user=0.00 sys=0.00, real=0.00 secs] 
1236.950: [GC (Allocation Failure) [PSYoungGen: 63421K->1517K(62976K)] 406958K->345054K(582656K), 0.0017351 secs] [Times: user=0.00 sys=0.00, real=0.00 secs] 
1237.085: [GC (Allocation Failure) [PSYoungGen: 62957K->1517K(62464K)] 406494K->345062K(582144K), 0.0020106 secs] [Times: user=0.01 sys=0.00, real=0.01 secs] 
1237.228: [GC (Allocation Failure) [PSYoungGen: 62445K->1485K(68096K)] 405990K->345030K(587776K), 0.0019361 secs] [Times: user=0.01 sys=0.00, real=0.00 secs] 
1237.497: [GC (Allocation Failure) [PSYoungGen: 68045K->1376K(67584K)] 411590K->344936K(587264K), 0.0021343 secs] [Times: user=0.01 sys=0.00, real=0.00 secs] 
1238.017: [GC (Allocation Failure) [PSYoungGen: 67424K->1376K(67072K)] 410984K->344936K(586752K), 0.0031320 secs] [Times: user=0.01 sys=0.00, real=0.01 secs] 
1238.538: [GC (Allocation Failure) [PSYoungGen: 66912K->1408K(66560K)] 410472K->344968K(586240K), 0.0036328 secs] [Times: user=0.01 sys=0.01, real=0.00 secs] 
1239.034: [GC (Allocation Failure) [PSYoungGen: 66432K->1360K(66048K)] 409992K->344920K(585728K), 0.0024723 secs] [Times: user=0.00 sys=0.00, real=0.01 secs] 
1239.457: [GC (Allocation Failure) [PSYoungGen: 65872K->1501K(65536K)] 409432K->345062K(585216K), 0.0020666 secs] [Times: user=0.00 sys=0.00, real=0.01 secs] 
1239.582: [GC (Allocation Failure) [PSYoungGen: 65501K->1469K(65024K)] 409062K->345030K(584704K), 0.0017146 secs] [Times: user=0.01 sys=0.00, real=0.00 secs] 
1239.695: [GC (Allocation Failure) [PSYoungGen: 64957K->1469K(64512K)] 408518K->345038K(584192K), 0.0016921 secs] [Times: user=0.01 sys=0.00, real=0.00 secs] 
1239.804: [GC (Allocation Failure) [PSYoungGen: 64445K->1517K(65024K)] 408014K->345086K(584704K), 0.0017321 secs] [Times: user=0.01 sys=0.00, real=0.00 secs] 
1239.977: [GC (Allocation Failure) [PSYoungGen: 64493K->1424K(65024K)] 408062K->344992K(584704K), 0.0016971 secs] [Times: user=0.00 sys=0.00, real=0.01 secs] 
1240.246: [GC (Allocation Failure) [PSYoungGen: 64400K->1392K(64000K)] 407968K->344960K(583680K), 0.0016388 secs] [Times: user=0.01 sys=0.00, real=0.01 secs] 
1240.504: [GC (Allocation Failure) [PSYoungGen: 63856K->1376K(63488K)] 407424K->344944K(583168K), 0.0017749 secs] [Times: user=0.01 sys=0.00, real=0.00 secs] 
1240.761: [GC (Allocation Failure) [PSYoungGen: 63328K->1376K(62976K)] 406896K->344944K(582656K), 0.0016300 secs] [Times: user=0.01 sys=0.00, real=0.00 secs] 
1241.016: [GC (Allocation Failure) [PSYoungGen: 62816K->1392K(62464K)] 406384K->344960K(582144K), 0.0018859 secs] [Times: user=0.01 sys=0.00, real=0.01 secs] 
1241.200: [GC (Allocation Failure) [PSYoungGen: 62320K->1437K(61952K)] 405888K->345006K(581632K), 0.0017064 secs] [Times: user=0.01 sys=0.00, real=0.00 secs] 
1241.307: [GC (Allocation Failure) [PSYoungGen: 61853K->1549K(68096K)] 405422K->345118K(587776K), 0.0016321 secs] [Times: user=0.00 sys=0.00, real=0.00 secs] 
1241.423: [GC (Allocation Failure) [PSYoungGen: 67597K->1501K(68096K)] 411166K->345086K(587776K), 0.0017178 secs] [Times: user=0.01 sys=0.00, real=0.00 secs] 
1241.539: [GC (Allocation Failure) [PSYoungGen: 68050K->1520K(68608K)] 411635K->345105K(588288K), 0.0016407 secs] [Times: user=0.01 sys=0.01, real=0.00 secs] 
1242.954: [GC (Allocation Failure) [PSYoungGen: 68080K->1408K(67584K)] 411665K->344992K(587264K), 0.0042429 secs] [Times: user=0.02 sys=0.00, real=0.01 secs] 
1244.310: [GC (Allocation Failure) [PSYoungGen: 67456K->1376K(67072K)] 411040K->344960K(586752K), 0.0035689 secs] [Times: user=0.01 sys=0.01, real=0.00 secs] 
1244.908: [GC (Allocation Failure) [PSYoungGen: 66912K->1312K(66560K)] 410496K->344896K(586240K), 0.0030271 secs] [Times: user=0.01 sys=0.00, real=0.00 secs] 
1245.522: [GC (Allocation Failure) [PSYoungGen: 66336K->1376K(66048K)] 409920K->344960K(585728K), 0.0029565 secs] [Times: user=0.01 sys=0.00, real=0.00 secs] 
1246.003: [GC (Allocation Failure) [PSYoungGen: 65888K->1421K(65536K)] 409472K->345006K(585216K), 0.0021907 secs] [Times: user=0.01 sys=0.00, real=0.00 secs] 
1246.147: [GC (Allocation Failure) [PSYoungGen: 65421K->1485K(65024K)] 409006K->345070K(584704K), 0.0017357 secs] [Times: user=0.01 sys=0.00, real=0.01 secs] 
1246.257: [GC (Allocation Failure) [PSYoungGen: 64973K->1501K(64512K)] 408558K->345094K(584192K), 0.0016466 secs] [Times: user=0.00 sys=0.00, real=0.00 secs] 
1246.367: [GC (Allocation Failure) [PSYoungGen: 64477K->1485K(70656K)] 408070K->345078K(590336K), 0.0016276 secs] [Times: user=0.01 sys=0.00, real=0.00 secs] 
1246.595: [GC (Allocation Failure) [PSYoungGen: 70605K->1424K(71168K)] 414198K->345016K(590848K), 0.0018305 secs] [Times: user=0.01 sys=0.00, real=0.01 secs] 
1246.883: [GC (Allocation Failure) [PSYoungGen: 70544K->1344K(70144K)] 414136K->344936K(589824K), 0.0017718 secs] [Times: user=0.00 sys=0.00, real=0.00 secs] 
1247.168: [GC (Allocation Failure) [PSYoungGen: 69952K->1376K(69632K)] 413544K->344968K(589312K), 0.0019137 secs] [Times: user=0.01 sys=0.00, real=0.00 secs] 
1247.451: [GC (Allocation Failure) [PSYoungGen: 69472K->1408K(69120K)] 413064K->345000K(588800K), 0.0017805 secs] [Times: user=0.01 sys=0.00, real=0.00 secs] 
1247.706: [GC (Allocation Failure) [PSYoungGen: 68992K->1472K(68608K)] 412584K->345081K(588288K), 0.0016996 secs] [Times: user=0.01 sys=0.00, real=0.01 secs] 
1247.826: [GC (Allocation Failure) [PSYoungGen: 68544K->1517K(68096K)] 412153K->345126K(587776K), 0.0016845 secs] [Times: user=0.01 sys=0.00, real=0.01 secs] 
1247.944: [GC (Allocation Failure) [PSYoungGen: 68077K->1533K(68608K)] 411686K->345142K(588288K), 0.0017475 secs] [Times: user=0.01 sys=0.00, real=0.00 secs] 
1248.061: [GC (Allocation Failure) [PSYoungGen: 68093K->1453K(68608K)] 411702K->345078K(588288K), 0.0015593 secs] [Times: user=0.01 sys=0.00, real=0.00 secs] 
1248.726: [GC (Allocation Failure) [PSYoungGen: 68013K->1456K(67584K)] 411638K->345080K(587264K), 0.0024165 secs] [Times: user=0.01 sys=0.00, real=0.01 secs] 
1249.784: [GC (Allocation Failure) [PSYoungGen: 67504K->1328K(67072K)] 411128K->344952K(586752K), 0.0040835 secs] [Times: user=0.02 sys=0.00, real=0.01 secs] 
1250.110: [GC (Allocation Failure) [PSYoungGen: 66864K->1360K(66560K)] 410488K->344984K(586240K), 0.0020405 secs] [Times: user=0.01 sys=0.01, real=0.00 secs] 
1250.534: [GC (Allocation Failure) [PSYoungGen: 66384K->1392K(66048K)] 410008K->345016K(585728K), 0.0021071 secs] [Times: user=0.01 sys=0.01, real=0.00 secs] 
1251.049: [GC (Allocation Failure) [PSYoungGen: 65904K->1533K(65536K)] 409528K->345158K(585216K), 0.0022597 secs] [Times: user=0.01 sys=0.00, real=0.00 secs] 
1251.261: [GC (Allocation Failure) [PSYoungGen: 65533K->1533K(65024K)] 409158K->345158K(584704K), 0.0025341 secs] [Times: user=0.01 sys=0.00, real=0.00 secs] 
1251.405: [GC (Allocation Failure) [PSYoungGen: 65021K->1453K(64512K)] 408646K->345078K(584192K), 0.0017692 secs] [Times: user=0.01 sys=0.00, real=0.00 secs] 
1251.518: [GC (Allocation Failure) [PSYoungGen: 64429K->1453K(70656K)] 408054K->345086K(590336K), 0.0018659 secs] [Times: user=0.01 sys=0.00, real=0.00 secs] 
1251.805: [GC (Allocation Failure) [PSYoungGen: 70573K->2000K(70656K)] 414206K->345632K(590336K), 0.0019751 secs] [Times: user=0.01 sys=0.00, real=0.01 secs] 
1252.689: [GC (Allocation Failure) [PSYoungGen: 70608K->1344K(69632K)] 414240K->344976K(589312K), 0.0034247 secs] [Times: user=0.01 sys=0.00, real=0.00 secs] 
1253.356: [GC (Allocation Failure) [PSYoungGen: 69440K->1376K(69120K)] 413072K->345008K(588800K), 0.0028647 secs] [Times: user=0.02 sys=0.00, real=0.01 secs] 
1253.906: [GC (Allocation Failure) [PSYoungGen: 68960K->1376K(68608K)] 412592K->345008K(588288K), 0.0027667 secs] [Times: user=0.01 sys=0.00, real=0.01 secs] 
1254.330: [GC (Allocation Failure) [PSYoungGen: 68448K->1376K(68096K)] 412080K->345008K(587776K), 0.0022328 secs] [Times: user=0.01 sys=0.00, real=0.00 secs] 
1254.518: [GC (Allocation Failure) [PSYoungGen: 67936K->1517K(67584K)] 411568K->345150K(587264K), 0.0015990 secs] [Times: user=0.01 sys=0.00, real=0.00 secs] 
1254.652: [GC (Allocation Failure) [PSYoungGen: 67565K->1517K(67072K)] 411198K->345150K(586752K), 0.0018190 secs] [Times: user=0.01 sys=0.00, real=0.00 secs] 
1254.801: [GC (Allocation Failure) [PSYoungGen: 67053K->1501K(66560K)] 410686K->345142K(586240K), 0.0018028 secs] [Times: user=0.00 sys=0.00, real=0.00 secs] 
1255.000: [GC (Allocation Failure) [PSYoungGen: 66525K->1504K(66048K)] 410166K->345288K(585728K), 0.0017394 secs] [Times: user=0.01 sys=0.00, real=0.00 secs] 
1255.720: [GC (Allocation Failure) [PSYoungGen: 66016K->1232K(65536K)] 409800K->345016K(585216K), 0.0023774 secs] [Times: user=0.01 sys=0.00, real=0.00 secs] 
1256.278: [GC (Allocation Failure) [PSYoungGen: 65232K->1216K(65024K)] 409016K->345000K(584704K), 0.0036811 secs] [Times: user=0.01 sys=0.00, real=0.00 secs] 
1256.920: [GC (Allocation Failure) [PSYoungGen: 64704K->1280K(64512K)] 408488K->345064K(584192K), 0.0031635 secs] [Times: user=0.02 sys=0.00, real=0.00 secs] 
1257.359: [GC (Allocation Failure) [PSYoungGen: 64256K->1280K(64000K)] 408040K->345080K(583680K), 0.0026974 secs] [Times: user=0.01 sys=0.00, real=0.00 secs] 
1257.630: [GC (Allocation Failure) [PSYoungGen: 63744K->1453K(63488K)] 407544K->345254K(583168K), 0.0019976 secs] [Times: user=0.01 sys=0.00, real=0.00 secs] 
1257.747: [GC (Allocation Failure) [PSYoungGen: 63405K->1469K(62976K)] 407206K->345270K(582656K), 0.0016218 secs] [Times: user=0.01 sys=0.00, real=0.00 secs] 
1257.855: [GC (Allocation Failure) [PSYoungGen: 62909K->1453K(64000K)] 406710K->345262K(583680K), 0.0015476 secs] [Times: user=0.01 sys=0.00, real=0.00 secs] 
1257.964: [GC (Allocation Failure) [PSYoungGen: 63403K->1533K(69120K)] 407212K->345342K(588800K), 0.0016212 secs] [Times: user=0.01 sys=0.00, real=0.00 secs] 
1258.458: [GC (Allocation Failure) [PSYoungGen: 68605K->1424K(68096K)] 412414K->345232K(587776K), 0.0019421 secs] [Times: user=0.01 sys=0.00, real=0.00 secs] 
1259.362: [GC (Allocation Failure) [PSYoungGen: 67984K->1408K(67584K)] 411792K->345216K(587264K), 0.0035238 secs] [Times: user=0.01 sys=0.01, real=0.00 secs] 
1259.998: [GC (Allocation Failure) [PSYoungGen: 67456K->1408K(67072K)] 411264K->345216K(586752K), 0.0028046 secs] [Times: user=0.01 sys=0.01, real=0.00 secs] 
1260.711: [GC (Allocation Failure) [PSYoungGen: 66944K->1408K(66560K)] 410752K->345216K(586240K), 0.0029928 secs] [Times: user=0.01 sys=0.00, real=0.00 secs] 
1261.230: [GC (Allocation Failure) [PSYoungGen: 66432K->1469K(66048K)] 410240K->345278K(585728K), 0.0027964 secs] [Times: user=0.01 sys=0.00, real=0.00 secs] 
1261.398: [GC (Allocation Failure) [PSYoungGen: 65981K->1552K(66048K)] 409790K->345369K(585728K), 0.0016238 secs] [Times: user=0.01 sys=0.00, real=0.00 secs] 
1261.512: [GC (Allocation Failure) [PSYoungGen: 65552K->1549K(65536K)] 409369K->345414K(585216K), 0.0017421 secs] [Times: user=0.00 sys=0.01, real=0.00 secs] 
1261.624: [GC (Allocation Failure) [PSYoungGen: 65037K->480K(65536K)] 408902K->345369K(585216K), 0.0016901 secs] [Times: user=0.01 sys=0.00, real=0.00 secs] 
1262.225: [GC (Allocation Failure) [PSYoungGen: 64992K->1440K(65536K)] 409881K->346328K(585216K), 0.0039596 secs] [Times: user=0.01 sys=0.01, real=0.01 secs] 
1262.859: [GC (Allocation Failure) [PSYoungGen: 65440K->1408K(65024K)] 410328K->346296K(584704K), 0.0031292 secs] [Times: user=0.01 sys=0.00, real=0.00 secs] 
1263.649: [GC (Allocation Failure) [PSYoungGen: 64896K->1376K(64512K)] 409784K->346264K(584192K), 0.0033597 secs] [Times: user=0.02 sys=0.00, real=0.00 secs] 
1264.666: [GC (Allocation Failure) [PSYoungGen: 64352K->1376K(64000K)] 409240K->346272K(583680K), 0.0040944 secs] [Times: user=0.01 sys=0.00, real=0.01 secs] 
1265.571: [GC (Allocation Failure) [PSYoungGen: 63840K->1408K(63488K)] 408736K->346304K(583168K), 0.0039497 secs] [Times: user=0.01 sys=0.00, real=0.00 secs] 
1265.944: [GC (Allocation Failure) [PSYoungGen: 63360K->1533K(62976K)] 408256K->346430K(582656K), 0.0022650 secs] [Times: user=0.01 sys=0.00, real=0.01 secs] 
1266.075: [GC (Allocation Failure) [PSYoungGen: 62973K->1501K(62464K)] 407870K->346398K(582144K), 0.0017225 secs] [Times: user=0.01 sys=0.00, real=0.01 secs] 
1266.183: [GC (Allocation Failure) [PSYoungGen: 62429K->1485K(61952K)] 407326K->346390K(581632K), 0.0016007 secs] [Times: user=0.01 sys=0.00, real=0.00 secs] 
1266.291: [GC (Allocation Failure) [PSYoungGen: 61901K->1504K(62464K)] 406806K->346409K(582144K), 0.0016395 secs] [Times: user=0.01 sys=0.00, real=0.00 secs] 
1266.774: [GC (Allocation Failure) [PSYoungGen: 61920K->1488K(61440K)] 406825K->346392K(581120K), 0.0020912 secs] [Times: user=0.01 sys=0.00, real=0.00 secs] 
1267.328: [GC (Allocation Failure) [PSYoungGen: 61392K->1408K(61440K)] 406296K->346312K(581120K), 0.0040519 secs] [Times: user=0.01 sys=0.01, real=0.00 secs] 
1267.810: [GC (Allocation Failure) [PSYoungGen: 61312K->1408K(61440K)] 406216K->346312K(581120K), 0.0054921 secs] [Times: user=0.02 sys=0.00, real=0.00 secs] 
1268.210: [GC (Allocation Failure) [PSYoungGen: 61312K->1392K(61440K)] 406216K->346320K(581120K), 0.0021413 secs] [Times: user=0.00 sys=0.00, real=0.00 secs] 
1268.466: [GC (Allocation Failure) [PSYoungGen: 61296K->1376K(61440K)] 406224K->346304K(581120K), 0.0019787 secs] [Times: user=0.00 sys=0.01, real=0.01 secs] 
1268.663: [GC (Allocation Failure) [PSYoungGen: 61280K->1517K(61440K)] 406208K->346446K(581120K), 0.0016315 secs] [Times: user=0.01 sys=0.00, real=0.00 secs] 
1268.768: [GC (Allocation Failure) [PSYoungGen: 61421K->1501K(65024K)] 406350K->346446K(584704K), 0.0016527 secs] [Times: user=0.01 sys=0.00, real=0.00 secs] 
1268.880: [GC (Allocation Failure) [PSYoungGen: 64989K->1469K(65536K)] 409934K->346414K(585216K), 0.0016778 secs] [Times: user=0.01 sys=0.00, real=0.00 secs] 
1269.008: [GC (Allocation Failure) [PSYoungGen: 64957K->1520K(71680K)] 409902K->346465K(591360K), 0.0017478 secs] [Times: user=0.00 sys=0.00, real=0.00 secs] 
1270.494: [GC (Allocation Failure) [PSYoungGen: 71152K->1424K(70656K)] 416097K->346368K(590336K), 0.0031610 secs] [Times: user=0.02 sys=0.00, real=0.01 secs] 
1272.125: [GC (Allocation Failure) [PSYoungGen: 70544K->1328K(70144K)] 415488K->346272K(589824K), 0.0037206 secs] [Times: user=0.01 sys=0.00, real=0.01 secs] 
1272.719: [GC (Allocation Failure) [PSYoungGen: 69936K->1408K(69632K)] 414880K->346352K(589312K), 0.0027517 secs] [Times: user=0.02 sys=0.00, real=0.00 secs] 
1273.396: [GC (Allocation Failure) [PSYoungGen: 69504K->1376K(69120K)] 414448K->346320K(588800K), 0.0028767 secs] [Times: user=0.01 sys=0.00, real=0.01 secs] 
1273.735: [GC (Allocation Failure) [PSYoungGen: 68960K->1485K(68608K)] 413904K->346430K(588288K), 0.0019933 secs] [Times: user=0.01 sys=0.00, real=0.01 secs] 
1273.860: [GC (Allocation Failure) [PSYoungGen: 68557K->1501K(68096K)] 413502K->346446K(587776K), 0.0017435 secs] [Times: user=0.01 sys=0.00, real=0.00 secs] 
1273.977: [GC (Allocation Failure) [PSYoungGen: 68061K->1485K(67584K)] 413006K->346446K(587264K), 0.0015914 secs] [Times: user=0.01 sys=0.00, real=0.00 secs] 
1274.094: [GC (Allocation Failure) [PSYoungGen: 67533K->1520K(68096K)] 412494K->346481K(587776K), 0.0034292 secs] [Times: user=0.01 sys=0.01, real=0.01 secs] 
1274.728: [GC (Allocation Failure) [PSYoungGen: 67568K->1440K(68096K)] 412529K->346400K(587776K), 0.0019235 secs] [Times: user=0.01 sys=0.00, real=0.00 secs] 
1275.502: [GC (Allocation Failure) [PSYoungGen: 67488K->1328K(67072K)] 412448K->346288K(586752K), 0.0022567 secs] [Times: user=0.01 sys=0.00, real=0.00 secs] 
1276.113: [GC (Allocation Failure) [PSYoungGen: 66864K->1376K(66560K)] 411824K->346336K(586240K), 0.0023881 secs] [Times: user=0.01 sys=0.00, real=0.00 secs] 
1276.705: [GC (Allocation Failure) [PSYoungGen: 66400K->1376K(66048K)] 411360K->346344K(585728K), 0.0021885 secs] [Times: user=0.01 sys=0.00, real=0.01 secs] 
1277.184: [GC (Allocation Failure) [PSYoungGen: 65888K->1472K(65536K)] 410856K->346441K(585216K), 0.0022796 secs] [Times: user=0.01 sys=0.00, real=0.00 secs] 
1277.314: [GC (Allocation Failure) [PSYoungGen: 65472K->1501K(65024K)] 410441K->346470K(584704K), 0.0016402 secs] [Times: user=0.01 sys=0.00, real=0.00 secs] 
1277.425: [GC (Allocation Failure) [PSYoungGen: 64989K->1485K(64512K)] 409958K->346454K(584192K), 0.0018026 secs] [Times: user=0.01 sys=0.00, real=0.00 secs] 
1277.536: [GC (Allocation Failure) [PSYoungGen: 64461K->1485K(70656K)] 409430K->346470K(590336K), 0.0015667 secs] [Times: user=0.01 sys=0.00, real=0.01 secs] 
1277.919: [GC (Allocation Failure) [PSYoungGen: 70605K->1424K(70144K)] 415590K->346432K(589824K), 0.0021223 secs] [Times: user=0.01 sys=0.00, real=0.00 secs] 
1278.520: [GC (Allocation Failure) [PSYoungGen: 70032K->1344K(69632K)] 415040K->346352K(589312K), 0.0033836 secs] [Times: user=0.01 sys=0.00, real=0.00 secs] 
1279.099: [GC (Allocation Failure) [PSYoungGen: 69440K->1344K(69120K)] 414448K->346352K(588800K), 0.0026493 secs] [Times: user=0.01 sys=0.00, real=0.00 secs] 
1279.504: [GC (Allocation Failure) [PSYoungGen: 68928K->1408K(68608K)] 413936K->346416K(588288K), 0.0019661 secs] [Times: user=0.01 sys=0.00, real=0.00 secs] 
1279.769: [GC (Allocation Failure) [PSYoungGen: 68480K->1485K(68096K)] 413488K->346494K(587776K), 0.0016470 secs] [Times: user=0.01 sys=0.00, real=0.00 secs] 
1279.887: [GC (Allocation Failure) [PSYoungGen: 68045K->1533K(67584K)] 413054K->346542K(587264K), 0.0016104 secs] [Times: user=0.01 sys=0.00, real=0.00 secs] 
1280.004: [GC (Allocation Failure) [PSYoungGen: 67581K->1456K(67072K)] 412590K->346465K(586752K), 0.0016932 secs] [Times: user=0.01 sys=0.00, real=0.00 secs] 
1280.120: [GC (Allocation Failure) [PSYoungGen: 66992K->1501K(67584K)] 412001K->346526K(587264K), 0.0016116 secs] [Times: user=0.01 sys=0.00, real=0.00 secs] 
1280.593: [GC (Allocation Failure) [PSYoungGen: 67037K->1392K(67584K)] 412062K->346416K(587264K), 0.0039702 secs] [Times: user=0.01 sys=0.00, real=0.01 secs] 
1280.869: [GC (Allocation Failure) [PSYoungGen: 66928K->1392K(66560K)] 411952K->346416K(586240K), 0.0021095 secs] [Times: user=0.01 sys=0.00, real=0.00 secs] 
1281.139: [GC (Allocation Failure) [PSYoungGen: 66416K->1424K(66048K)] 411440K->346448K(585728K), 0.0021738 secs] [Times: user=0.01 sys=0.00, real=0.00 secs] 
1281.407: [GC (Allocation Failure) [PSYoungGen: 65936K->1376K(65536K)] 410960K->346400K(585216K), 0.0019217 secs] [Times: user=0.01 sys=0.01, real=0.00 secs] 
1281.692: [GC (Allocation Failure) [PSYoungGen: 65376K->1456K(65024K)] 410400K->346481K(584704K), 0.0020745 secs] [Times: user=0.01 sys=0.00, real=0.00 secs] 
1281.813: [GC (Allocation Failure) [PSYoungGen: 64944K->1469K(64512K)] 409969K->346494K(584192K), 0.0015624 secs] [Times: user=0.01 sys=0.00, real=0.00 secs] 
1281.925: [GC (Allocation Failure) [PSYoungGen: 64445K->1472K(71168K)] 409470K->346497K(590848K), 0.0014954 secs] [Times: user=0.01 sys=0.00, real=0.00 secs] 
1282.047: [GC (Allocation Failure) [PSYoungGen: 70592K->1453K(71168K)] 415617K->346494K(590848K), 0.0016702 secs] [Times: user=0.00 sys=0.00, real=0.00 secs] 
1282.247: [GC (Allocation Failure) [PSYoungGen: 70573K->1984K(71168K)] 415614K->347024K(590848K), 0.0018579 secs] [Times: user=0.01 sys=0.00, real=0.00 secs] 
1282.920: [GC (Allocation Failure) [PSYoungGen: 71104K->1408K(70144K)] 416144K->346448K(589824K), 0.0018718 secs] [Times: user=0.00 sys=0.00, real=0.00 secs] 
1283.626: [GC (Allocation Failure) [PSYoungGen: 70016K->1376K(69632K)] 415056K->346416K(589312K), 0.0031892 secs] [Times: user=0.01 sys=0.00, real=0.01 secs] 
1284.048: [GC (Allocation Failure) [PSYoungGen: 69472K->1328K(69120K)] 414512K->346384K(588800K), 0.0019467 secs] [Times: user=0.01 sys=0.00, real=0.00 secs] 
1284.445: [GC (Allocation Failure) [PSYoungGen: 68912K->1485K(68608K)] 413968K->346542K(588288K), 0.0020987 secs] [Times: user=0.01 sys=0.00, real=0.01 secs] 
1284.588: [GC (Allocation Failure) [PSYoungGen: 68557K->1501K(68096K)] 413614K->346558K(587776K), 0.0014932 secs] [Times: user=0.01 sys=0.00, real=0.00 secs] 
1284.708: [GC (Allocation Failure) [PSYoungGen: 68061K->1533K(67584K)] 413118K->346590K(587264K), 0.0016647 secs] [Times: user=0.01 sys=0.00, real=0.00 secs] 
1284.824: [GC (Allocation Failure) [PSYoungGen: 67560K->1501K(73728K)] 412617K->346574K(593408K), 0.0016357 secs] [Times: user=0.00 sys=0.01, real=0.00 secs] 
1285.257: [GC (Allocation Failure) [PSYoungGen: 73693K->1408K(73216K)] 418766K->346480K(592896K), 0.0026671 secs] [Times: user=0.01 sys=0.00, real=0.00 secs] 
1286.336: [GC (Allocation Failure) [PSYoungGen: 73088K->1344K(72704K)] 418160K->346416K(592384K), 0.0030480 secs] [Times: user=0.01 sys=0.00, real=0.01 secs] 
1287.338: [GC (Allocation Failure) [PSYoungGen: 72512K->1360K(72192K)] 417584K->346448K(591872K), 0.0029285 secs] [Times: user=0.01 sys=0.00, real=0.00 secs] 
1287.734: [GC (Allocation Failure) [PSYoungGen: 72016K->1376K(71680K)] 417104K->346464K(591360K), 0.0021524 secs] [Times: user=0.01 sys=0.00, real=0.00 secs] 
1288.015: [GC (Allocation Failure) [PSYoungGen: 71520K->1405K(71168K)] 416608K->346494K(590848K), 0.0020147 secs] [Times: user=0.01 sys=0.00, real=0.01 secs] 
1288.138: [GC (Allocation Failure) [PSYoungGen: 71037K->1485K(70656K)] 416126K->346574K(590336K), 0.0016152 secs] [Times: user=0.01 sys=0.00, real=0.00 secs] 
1288.261: [GC (Allocation Failure) [PSYoungGen: 70605K->1469K(70144K)] 415694K->346558K(589824K), 0.0015631 secs] [Times: user=0.01 sys=0.00, real=0.00 secs] 
1288.382: [GC (Allocation Failure) [PSYoungGen: 70071K->1533K(70656K)] 415160K->346638K(590336K), 0.0016035 secs] [Times: user=0.00 sys=0.00, real=0.00 secs] 
1289.291: [GC (Allocation Failure) [PSYoungGen: 70141K->1440K(69632K)] 415246K->346544K(589312K), 0.0025819 secs] [Times: user=0.01 sys=0.00, real=0.00 secs] 
1290.471: [GC (Allocation Failure) [PSYoungGen: 69536K->1344K(69120K)] 414640K->346448K(588800K), 0.0027316 secs] [Times: user=0.01 sys=0.00, real=0.00 secs] 
1291.200: [GC (Allocation Failure) [PSYoungGen: 68928K->1376K(68608K)] 414032K->346480K(588288K), 0.0029195 secs] [Times: user=0.01 sys=0.00, real=0.00 secs] 
1291.770: [GC (Allocation Failure) [PSYoungGen: 68448K->1344K(68096K)] 413552K->346448K(587776K), 0.0039543 secs] [Times: user=0.01 sys=0.00, real=0.00 secs] 
1292.399: [GC (Allocation Failure) [PSYoungGen: 67904K->1501K(67584K)] 413008K->346606K(587264K), 0.0026025 secs] [Times: user=0.01 sys=0.00, real=0.00 secs] 
1292.565: [GC (Allocation Failure) [PSYoungGen: 67549K->1501K(67072K)] 412654K->346606K(586752K), 0.0016430 secs] [Times: user=0.01 sys=0.00, real=0.00 secs] 
1292.679: [GC (Allocation Failure) [PSYoungGen: 67037K->1437K(66560K)] 412142K->346542K(586240K), 0.0016955 secs] [Times: user=0.01 sys=0.00, real=0.00 secs] 
1292.793: [GC (Allocation Failure) [PSYoungGen: 66461K->1485K(67072K)] 411566K->346598K(586752K), 0.0017177 secs] [Times: user=0.00 sys=0.00, real=0.00 secs] 
1293.185: [GC (Allocation Failure) [PSYoungGen: 66509K->1424K(66048K)] 411622K->346536K(585728K), 0.0018048 secs] [Times: user=0.01 sys=0.00, real=0.01 secs] 
1293.992: [GC (Allocation Failure) [PSYoungGen: 65936K->1376K(65536K)] 411048K->346488K(585216K), 0.0041775 secs] [Times: user=0.02 sys=0.00, real=0.00 secs] 
1294.805: [GC (Allocation Failure) [PSYoungGen: 65376K->1376K(65024K)] 410488K->346488K(584704K), 0.0071837 secs] [Times: user=0.03 sys=0.00, real=0.01 secs] 
1295.370: [GC (Allocation Failure) [PSYoungGen: 64864K->1408K(64512K)] 409976K->346520K(584192K), 0.0025241 secs] [Times: user=0.01 sys=0.00, real=0.00 secs] 
1295.894: [GC (Allocation Failure) [PSYoungGen: 64384K->1344K(64000K)] 409496K->346456K(583680K), 0.0022907 secs] [Times: user=0.01 sys=0.00, real=0.00 secs] 
1296.112: [GC (Allocation Failure) [PSYoungGen: 63808K->1501K(63488K)] 408920K->346614K(583168K), 0.0017707 secs] [Times: user=0.01 sys=0.00, real=0.00 secs] 
1296.222: [GC (Allocation Failure) [PSYoungGen: 63453K->1520K(62976K)] 408566K->346633K(582656K), 0.0016960 secs] [Times: user=0.01 sys=0.00, real=0.00 secs] 
1296.329: [GC (Allocation Failure) [PSYoungGen: 62960K->1565K(63488K)] 408073K->346686K(583168K), 0.0017219 secs] [Times: user=0.00 sys=0.00, real=0.00 secs] 
1296.437: [GC (Allocation Failure) [PSYoungGen: 63005K->1501K(63488K)] 408126K->346622K(583168K), 0.0015485 secs] [Times: user=0.00 sys=0.00, real=0.00 secs] 
1296.942: [GC (Allocation Failure) [PSYoungGen: 62941K->1376K(62464K)] 408062K->346496K(582144K), 0.0018965 secs] [Times: user=0.01 sys=0.00, real=0.00 secs] 
1297.335: [GC (Allocation Failure) [PSYoungGen: 62304K->1376K(61952K)] 407424K->346520K(581632K), 0.0019745 secs] [Times: user=0.01 sys=0.00, real=0.01 secs] 
1297.586: [GC (Allocation Failure) [PSYoungGen: 61792K->1312K(61440K)] 406936K->346456K(581120K), 0.0018631 secs] [Times: user=0.00 sys=0.00, real=0.01 secs] 
1297.887: [GC (Allocation Failure) [PSYoungGen: 61216K->1424K(61440K)] 406360K->346568K(581120K), 0.0019860 secs] [Times: user=0.01 sys=0.00, real=0.01 secs] 
1298.139: [GC (Allocation Failure) [PSYoungGen: 61328K->1469K(61440K)] 406472K->346614K(581120K), 0.0017606 secs] [Times: user=0.01 sys=0.00, real=0.00 secs] 
1298.251: [GC (Allocation Failure) [PSYoungGen: 61373K->1469K(61440K)] 406518K->346614K(581120K), 0.0015974 secs] [Times: user=0.00 sys=0.00, real=0.00 secs] 
1298.371: [GC (Allocation Failure) [PSYoungGen: 61373K->1437K(66048K)] 406518K->346590K(585728K), 0.0017717 secs] [Times: user=0.01 sys=0.00, real=0.00 secs] 
1298.524: [GC (Allocation Failure) [PSYoungGen: 65949K->1501K(66560K)] 411102K->346654K(586240K), 0.0021048 secs] [Times: user=0.01 sys=0.00, real=0.00 secs] 
1298.647: [GC (Allocation Failure) [PSYoungGen: 66013K->1488K(73216K)] 411166K->346641K(592896K), 0.0016371 secs] [Times: user=0.00 sys=0.00, real=0.00 secs] 
1301.117: [GC (Allocation Failure) [PSYoungGen: 72656K->1344K(72192K)] 417809K->346496K(591872K), 0.0024003 secs] [Times: user=0.01 sys=0.00, real=0.00 secs] 
1301.522: [GC (Allocation Failure) [PSYoungGen: 72000K->1376K(71680K)] 417152K->346528K(591360K), 0.0021711 secs] [Times: user=0.01 sys=0.00, real=0.00 secs] 
1302.158: [GC (Allocation Failure) [PSYoungGen: 71520K->1376K(71168K)] 416672K->346528K(590848K), 0.0021593 secs] [Times: user=0.01 sys=0.00, real=0.00 secs] 
1302.783: [GC (Allocation Failure) [PSYoungGen: 71008K->1312K(70656K)] 416160K->346464K(590336K), 0.0021100 secs] [Times: user=0.00 sys=0.00, real=0.00 secs] 
1302.976: [GC (Allocation Failure) [PSYoungGen: 70415K->1485K(70144K)] 415568K->346638K(589824K), 0.0016535 secs] [Times: user=0.01 sys=0.00, real=0.01 secs] 
1303.096: [GC (Allocation Failure) [PSYoungGen: 70093K->1517K(69632K)] 415246K->346670K(589312K), 0.0016836 secs] [Times: user=0.01 sys=0.00, real=0.01 secs] 
1303.216: [GC (Allocation Failure) [PSYoungGen: 69613K->1517K(69120K)] 414766K->346686K(588800K), 0.0016443 secs] [Times: user=0.00 sys=0.00, real=0.01 secs] 
1303.398: [GC (Allocation Failure) [PSYoungGen: 69101K->1440K(68608K)] 414270K->346608K(588288K), 0.0020267 secs] [Times: user=0.00 sys=0.00, real=0.00 secs] 
1303.677: [GC (Allocation Failure) [PSYoungGen: 68512K->1360K(68096K)] 413680K->346528K(587776K), 0.0018262 secs] [Times: user=0.01 sys=0.00, real=0.00 secs] 
1304.048: [GC (Allocation Failure) [PSYoungGen: 67920K->1376K(67584K)] 413088K->346544K(587264K), 0.0018288 secs] [Times: user=0.00 sys=0.00, real=0.00 secs] 
1304.604: [GC (Allocation Failure) [PSYoungGen: 67424K->1408K(67072K)] 412592K->346576K(586752K), 0.0018427 secs] [Times: user=0.01 sys=0.00, real=0.00 secs] 
1305.183: [GC (Allocation Failure) [PSYoungGen: 66944K->1376K(66560K)] 412112K->346544K(586240K), 0.0022720 secs] [Times: user=0.01 sys=0.00, real=0.00 secs] 
1305.372: [GC (Allocation Failure) [PSYoungGen: 66400K->1501K(66048K)] 411568K->346670K(585728K), 0.0016277 secs] [Times: user=0.01 sys=0.00, real=0.00 secs] 
1305.503: [GC (Allocation Failure) [PSYoungGen: 66013K->1517K(65536K)] 411182K->346686K(585216K), 0.0018682 secs] [Times: user=0.00 sys=0.00, real=0.00 secs] 
1305.644: [GC (Allocation Failure) [PSYoungGen: 65517K->1488K(65024K)] 410686K->346657K(584704K), 0.0015441 secs] [Times: user=0.01 sys=0.00, real=0.00 secs] 
1305.772: [GC (Allocation Failure) [PSYoungGen: 64976K->1488K(65536K)] 410145K->346665K(585216K), 0.0018452 secs] [Times: user=0.01 sys=0.00, real=0.00 secs] 
1306.848: [GC (Allocation Failure) [PSYoungGen: 64976K->1408K(64512K)] 410153K->346616K(584192K), 0.0031378 secs] [Times: user=0.01 sys=0.00, real=0.00 secs] 
1307.775: [GC (Allocation Failure) [PSYoungGen: 64384K->1376K(64000K)] 409592K->346584K(583680K), 0.0040107 secs] [Times: user=0.02 sys=0.00, real=0.01 secs] 
1308.578: [GC (Allocation Failure) [PSYoungGen: 63840K->1312K(63488K)] 409048K->346520K(583168K), 0.0036738 secs] [Times: user=0.01 sys=0.00, real=0.00 secs] 
1309.120: [GC (Allocation Failure) [PSYoungGen: 63264K->1376K(62976K)] 408472K->346584K(582656K), 0.0024591 secs] [Times: user=0.01 sys=0.00, real=0.00 secs] 
1309.352: [GC (Allocation Failure) [PSYoungGen: 62795K->1469K(62464K)] 408004K->346678K(582144K), 0.0018883 secs] [Times: user=0.01 sys=0.01, real=0.00 secs] 
1309.462: [GC (Allocation Failure) [PSYoungGen: 62397K->1485K(61952K)] 407606K->346694K(581632K), 0.0020309 secs] [Times: user=0.00 sys=0.00, real=0.00 secs] 
1309.569: [GC (Allocation Failure) [PSYoungGen: 61901K->1533K(62464K)] 407110K->346750K(582144K), 0.0018064 secs] [Times: user=0.01 sys=0.00, real=0.00 secs] 
1309.675: [GC (Allocation Failure) [PSYoungGen: 61949K->1469K(68608K)] 407166K->346686K(588288K), 0.0016071 secs] [Times: user=0.00 sys=0.00, real=0.01 secs] 
1310.485: [GC (Allocation Failure) [PSYoungGen: 68029K->1440K(68608K)] 413246K->346656K(588288K), 0.0026034 secs] [Times: user=0.01 sys=0.00, real=0.01 secs] 
1311.503: [GC (Allocation Failure) [PSYoungGen: 68000K->1376K(67584K)] 413216K->346592K(587264K), 0.0029186 secs] [Times: user=0.01 sys=0.00, real=0.00 secs] 
1312.225: [GC (Allocation Failure) [PSYoungGen: 67424K->1344K(67072K)] 412640K->346560K(586752K), 0.0029678 secs] [Times: user=0.02 sys=0.00, real=0.01 secs] 
1312.774: [GC (Allocation Failure) [PSYoungGen: 66880K->1344K(66560K)] 412096K->346560K(586240K), 0.0025199 secs] [Times: user=0.01 sys=0.00, real=0.00 secs] 
1313.163: [GC (Allocation Failure) [PSYoungGen: 66368K->1376K(66048K)] 411584K->346592K(585728K), 0.0019355 secs] [Times: user=0.00 sys=0.00, real=0.00 secs] 
1313.305: [GC (Allocation Failure) [PSYoungGen: 65888K->1472K(65536K)] 411104K->346689K(585216K), 0.0015437 secs] [Times: user=0.01 sys=0.00, real=0.00 secs] 
1313.419: [GC (Allocation Failure) [PSYoungGen: 65472K->1533K(65024K)] 410689K->346750K(584704K), 0.0016853 secs] [Times: user=0.01 sys=0.00, real=0.00 secs] 
1313.530: [GC (Allocation Failure) [PSYoungGen: 65021K->1533K(71168K)] 410238K->346758K(590848K), 0.0016477 secs] [Times: user=0.00 sys=0.00, real=0.00 secs] 
1313.683: [GC (Allocation Failure) [PSYoungGen: 70908K->288K(71680K)] 416132K->345512K(591360K), 0.0018102 secs] [Times: user=0.01 sys=0.00, real=0.00 secs] 
1314.917: [GC (Allocation Failure) [PSYoungGen: 69920K->1376K(70656K)] 415144K->346600K(590336K), 0.0027120 secs] [Times: user=0.01 sys=0.01, real=0.00 secs] 
1315.503: [GC (Allocation Failure) [PSYoungGen: 70496K->1408K(70144K)] 415720K->346632K(589824K), 0.0027231 secs] [Times: user=0.01 sys=0.00, real=0.00 secs] 
1315.877: [GC (Allocation Failure) [PSYoungGen: 70016K->1312K(69632K)] 415240K->346536K(589312K), 0.0020095 secs] [Times: user=0.01 sys=0.00, real=0.01 secs] 
1316.159: [GC (Allocation Failure) [PSYoungGen: 69408K->1376K(69120K)] 414632K->346600K(588800K), 0.0020165 secs] [Times: user=0.01 sys=0.00, real=0.00 secs] 
1316.334: [GC (Allocation Failure) [PSYoungGen: 68960K->1533K(68608K)] 414184K->346782K(588288K), 0.0016030 secs] [Times: user=0.01 sys=0.00, real=0.00 secs] 
1316.452: [GC (Allocation Failure) [PSYoungGen: 68605K->1533K(68096K)] 413854K->346790K(587776K), 0.0016498 secs] [Times: user=0.01 sys=0.00, real=0.00 secs] 
1316.569: [GC (Allocation Failure) [PSYoungGen: 68093K->1501K(74240K)] 413350K->346758K(593920K), 0.0016701 secs] [Times: user=0.01 sys=0.00, real=0.00 secs] 
1316.753: [GC (Allocation Failure) [PSYoungGen: 74205K->1424K(74752K)] 419462K->346704K(594432K), 0.0019633 secs] [Times: user=0.01 sys=0.00, real=0.00 secs] 
1317.056: [GC (Allocation Failure) [PSYoungGen: 74128K->1376K(73728K)] 419408K->346656K(593408K), 0.0017910 secs] [Times: user=0.01 sys=0.00, real=0.01 secs] 
1317.356: [GC (Allocation Failure) [PSYoungGen: 73568K->1408K(73216K)] 418848K->346688K(592896K), 0.0018644 secs] [Times: user=0.01 sys=0.00, real=0.01 secs] 
1317.655: [GC (Allocation Failure) [PSYoungGen: 73088K->1392K(72704K)] 418368K->346672K(592384K), 0.0019043 secs] [Times: user=0.00 sys=0.00, real=0.00 secs] 
1318.009: [GC (Allocation Failure) [PSYoungGen: 72560K->1453K(72192K)] 417840K->346734K(591872K), 0.0025418 secs] [Times: user=0.01 sys=0.00, real=0.00 secs] 
1318.170: [GC (Allocation Failure) [PSYoungGen: 72109K->1520K(71680K)] 417390K->346801K(591360K), 0.0015699 secs] [Times: user=0.01 sys=0.00, real=0.00 secs] 
1318.293: [GC (Allocation Failure) [PSYoungGen: 71664K->1517K(71168K)] 416945K->346798K(590848K), 0.0016736 secs] [Times: user=0.01 sys=0.00, real=0.00 secs] 
1318.416: [GC (Allocation Failure) [PSYoungGen: 71149K->1421K(77824K)] 416430K->346710K(597504K), 0.0017530 secs] [Times: user=0.00 sys=0.00, real=0.01 secs] 
1318.693: [GC (Allocation Failure) [PSYoungGen: 77709K->1360K(78336K)] 422998K->346648K(598016K), 0.0027885 secs] [Times: user=0.01 sys=0.00, real=0.00 secs] 
1319.009: [GC (Allocation Failure) [PSYoungGen: 77648K->1408K(77312K)] 422936K->346696K(596992K), 0.0018762 secs] [Times: user=0.01 sys=0.00, real=0.00 secs] 
1319.324: [GC (Allocation Failure) [PSYoungGen: 77184K->1344K(76800K)] 422472K->346632K(596480K), 0.0020371 secs] [Times: user=0.01 sys=0.00, real=0.00 secs] 
1319.636: [GC (Allocation Failure) [PSYoungGen: 76608K->1376K(76288K)] 421896K->346664K(595968K), 0.0018649 secs] [Times: user=0.00 sys=0.01, real=0.01 secs] 
1319.819: [GC (Allocation Failure) [PSYoungGen: 76128K->1501K(75776K)] 421416K->346790K(595456K), 0.0015999 secs] [Times: user=0.00 sys=0.00, real=0.00 secs] 
1319.950: [GC (Allocation Failure) [PSYoungGen: 75741K->1472K(75264K)] 421030K->346761K(594944K), 0.0016114 secs] [Times: user=0.01 sys=0.00, real=0.00 secs] 
1320.080: [GC (Allocation Failure) [PSYoungGen: 75200K->1533K(74752K)] 420489K->346822K(594432K), 0.0015960 secs] [Times: user=0.01 sys=0.00, real=0.00 secs] 
1320.507: [GC (Allocation Failure) [PSYoungGen: 74749K->1440K(74240K)] 420038K->346728K(593920K), 0.0019998 secs] [Times: user=0.01 sys=0.00, real=0.01 secs] 
1321.218: [GC (Allocation Failure) [PSYoungGen: 74144K->1344K(73728K)] 419432K->346632K(593408K), 0.0022154 secs] [Times: user=0.01 sys=0.00, real=0.00 secs] 
1321.829: [GC (Allocation Failure) [PSYoungGen: 73536K->1408K(73216K)] 418824K->346696K(592896K), 0.0021959 secs] [Times: user=0.01 sys=0.00, real=0.00 secs] 
1322.360: [GC (Allocation Failure) [PSYoungGen: 73088K->1408K(72704K)] 418376K->346696K(592384K), 0.0022498 secs] [Times: user=0.01 sys=0.00, real=0.00 secs] 
1322.722: [GC (Allocation Failure) [PSYoungGen: 72576K->1533K(72192K)] 417864K->346822K(591872K), 0.0016469 secs] [Times: user=0.01 sys=0.00, real=0.00 secs] 
1322.850: [GC (Allocation Failure) [PSYoungGen: 72189K->1453K(71680K)] 417478K->346742K(591360K), 0.0016959 secs] [Times: user=0.01 sys=0.00, real=0.00 secs] 
1322.975: [GC (Allocation Failure) [PSYoungGen: 71597K->1533K(71168K)] 416886K->346822K(590848K), 0.0016146 secs] [Times: user=0.01 sys=0.00, real=0.01 secs] 
1323.100: [GC (Allocation Failure) [PSYoungGen: 71165K->1453K(70656K)] 416454K->346742K(590336K), 0.0016587 secs] [Times: user=0.01 sys=0.00, real=0.00 secs] 
1323.735: [GC (Allocation Failure) [PSYoungGen: 70573K->1440K(70144K)] 415862K->346728K(589824K), 0.0025147 secs] [Times: user=0.01 sys=0.00, real=0.01 secs] 
1324.021: [GC (Allocation Failure) [PSYoungGen: 70048K->1376K(69632K)] 415336K->346664K(589312K), 0.0022510 secs] [Times: user=0.01 sys=0.00, real=0.00 secs] 
1324.305: [GC (Allocation Failure) [PSYoungGen: 69472K->1344K(69120K)] 414760K->346632K(588800K), 0.0022933 secs] [Times: user=0.00 sys=0.00, real=0.01 secs] 
1324.586: [GC (Allocation Failure) [PSYoungGen: 68928K->1408K(68608K)] 414216K->346696K(588288K), 0.0019504 secs] [Times: user=0.00 sys=0.00, real=0.01 secs] 
1324.779: [GC (Allocation Failure) [PSYoungGen: 68480K->1501K(68096K)] 413768K->346790K(587776K), 0.0017385 secs] [Times: user=0.01 sys=0.00, real=0.00 secs] 
1324.914: [GC (Allocation Failure) [PSYoungGen: 68061K->1501K(67584K)] 413350K->346790K(587264K), 0.0018356 secs] [Times: user=0.01 sys=0.00, real=0.00 secs] 
1325.072: [GC (Allocation Failure) [PSYoungGen: 67549K->1485K(73728K)] 412838K->346774K(593408K), 0.0019080 secs] [Times: user=0.01 sys=0.00, real=0.00 secs] 
1325.200: [GC (Allocation Failure) [PSYoungGen: 73677K->1517K(74752K)] 418966K->346814K(594432K), 0.0017233 secs] [Times: user=0.01 sys=0.00, real=0.00 secs] 
1325.661: [GC (Allocation Failure) [PSYoungGen: 74221K->1424K(73728K)] 419518K->346720K(593408K), 0.0022600 secs] [Times: user=0.00 sys=0.01, real=0.00 secs] 
1326.179: [GC (Allocation Failure) [PSYoungGen: 73616K->1376K(73216K)] 418912K->346696K(592896K), 0.0024059 secs] [Times: user=0.01 sys=0.00, real=0.00 secs] 
1326.723: [GC (Allocation Failure) [PSYoungGen: 73056K->1408K(72704K)] 418376K->346728K(592384K), 0.0024148 secs] [Times: user=0.01 sys=0.00, real=0.00 secs] 
1327.279: [GC (Allocation Failure) [PSYoungGen: 72576K->1485K(72192K)] 417896K->346806K(591872K), 0.0023115 secs] [Times: user=0.01 sys=0.00, real=0.00 secs] 
1327.489: [GC (Allocation Failure) [PSYoungGen: 72141K->1437K(71680K)] 417462K->346758K(591360K), 0.0023522 secs] [Times: user=0.01 sys=0.00, real=0.00 secs] 
1327.688: [GC (Allocation Failure) [PSYoungGen: 71581K->1469K(71168K)] 416902K->346790K(590848K), 0.0023616 secs] [Times: user=0.01 sys=0.00, real=0.00 secs] 
1327.840: [GC (Allocation Failure) [PSYoungGen: 71101K->1453K(70656K)] 416422K->346774K(590336K), 0.0017756 secs] [Times: user=0.00 sys=0.00, real=0.00 secs] 
1328.068: [GC (Allocation Failure) [PSYoungGen: 70573K->1456K(70144K)] 415894K->346776K(589824K), 0.0021615 secs] [Times: user=0.00 sys=0.00, real=0.00 secs] 
1328.404: [GC (Allocation Failure) [PSYoungGen: 70064K->1408K(69632K)] 415384K->346728K(589312K), 0.0020584 secs] [Times: user=0.01 sys=0.00, real=0.00 secs] 
1328.688: [GC (Allocation Failure) [PSYoungGen: 69504K->1344K(69120K)] 414824K->346664K(588800K), 0.0021429 secs] [Times: user=0.00 sys=0.00, real=0.00 secs] 
1328.977: [GC (Allocation Failure) [PSYoungGen: 68928K->1376K(68608K)] 414248K->346696K(588288K), 0.0018555 secs] [Times: user=0.01 sys=0.00, real=0.00 secs] 
1329.286: [GC (Allocation Failure) [PSYoungGen: 68448K->1437K(68096K)] 413768K->346758K(587776K), 0.0019725 secs] [Times: user=0.01 sys=0.00, real=0.01 secs] 
1329.412: [GC (Allocation Failure) [PSYoungGen: 67997K->1501K(67584K)] 413318K->346822K(587264K), 0.0016633 secs] [Times: user=0.00 sys=0.00, real=0.00 secs] 
1329.529: [GC (Allocation Failure) [PSYoungGen: 67549K->1469K(73728K)] 412870K->346790K(593408K), 0.0016653 secs] [Times: user=0.01 sys=0.00, real=0.00 secs] 
1329.655: [GC (Allocation Failure) [PSYoungGen: 73661K->1520K(74240K)] 418982K->346841K(593920K), 0.0017225 secs] [Times: user=0.01 sys=0.00, real=0.01 secs] 
1329.917: [GC (Allocation Failure) [PSYoungGen: 73712K->1392K(74240K)] 419033K->346712K(593920K), 0.0019277 secs] [Times: user=0.01 sys=0.00, real=0.01 secs] 
1330.217: [GC (Allocation Failure) [PSYoungGen: 73584K->1360K(73216K)] 418904K->346680K(592896K), 0.0019526 secs] [Times: user=0.01 sys=0.00, real=0.00 secs] 
1330.535: [GC (Allocation Failure) [PSYoungGen: 73040K->1424K(72704K)] 418360K->346744K(592384K), 0.0020481 secs] [Times: user=0.01 sys=0.00, real=0.01 secs] 
1330.881: [GC (Allocation Failure) [PSYoungGen: 72592K->1376K(72192K)] 417912K->346696K(591872K), 0.0019468 secs] [Times: user=0.00 sys=0.00, real=0.00 secs] 
1331.134: [GC (Allocation Failure) [PSYoungGen: 72032K->1520K(71680K)] 417352K->346849K(591360K), 0.0017316 secs] [Times: user=0.00 sys=0.00, real=0.00 secs] 
1331.258: [GC (Allocation Failure) [PSYoungGen: 71664K->1533K(71168K)] 416993K->346862K(590848K), 0.0016812 secs] [Times: user=0.01 sys=0.00, real=0.00 secs] 
1331.406: [GC (Allocation Failure) [PSYoungGen: 71165K->1517K(78336K)] 416494K->346846K(598016K), 0.0020283 secs] [Times: user=0.01 sys=0.00, real=0.01 secs] 
1331.585: [GC (Allocation Failure) [PSYoungGen: 77805K->1533K(78336K)] 423134K->346878K(598016K), 0.0016270 secs] [Times: user=0.01 sys=0.00, real=0.00 secs] 
1332.434: [GC (Allocation Failure) [PSYoungGen: 77821K->1408K(77312K)] 423166K->346752K(596992K), 0.0032872 secs] [Times: user=0.01 sys=0.00, real=0.01 secs] 
1333.325: [GC (Allocation Failure) [PSYoungGen: 77184K->1408K(76800K)] 422528K->346752K(596480K), 0.0036477 secs] [Times: user=0.02 sys=0.00, real=0.01 secs] 
1334.249: [GC (Allocation Failure) [PSYoungGen: 76672K->1376K(76288K)] 422016K->346728K(595968K), 0.0029962 secs] [Times: user=0.01 sys=0.00, real=0.00 secs] 
1335.171: [GC (Allocation Failure) [PSYoungGen: 76128K->1421K(75776K)] 421480K->346782K(595456K), 0.0025306 secs] [Times: user=0.01 sys=0.01, real=0.00 secs] 
1335.347: [GC (Allocation Failure) [PSYoungGen: 75661K->1453K(75264K)] 421022K->346814K(594944K), 0.0016339 secs] [Times: user=0.00 sys=0.00, real=0.01 secs] 
1335.476: [GC (Allocation Failure) [PSYoungGen: 75181K->1565K(75264K)] 420542K->346926K(594944K), 0.0017320 secs] [Times: user=0.00 sys=0.00, real=0.01 secs] 
1335.606: [GC (Allocation Failure) [PSYoungGen: 74781K->1533K(74240K)] 420142K->346894K(593920K), 0.0016693 secs] [Times: user=0.01 sys=0.00, real=0.01 secs] 
1337.099: [GC (Allocation Failure) [PSYoungGen: 74237K->1408K(73728K)] 419598K->346768K(593408K), 0.0028047 secs] [Times: user=0.01 sys=0.00, real=0.00 secs] 
1338.003: [GC (Allocation Failure) [PSYoungGen: 73600K->1344K(73216K)] 418960K->346704K(592896K), 0.0041662 secs] [Times: user=0.01 sys=0.00, real=0.01 secs] 
1338.699: [GC (Allocation Failure) [PSYoungGen: 73024K->1360K(72704K)] 418384K->346720K(592384K), 0.0027616 secs] [Times: user=0.01 sys=0.00, real=0.00 secs] 
1339.544: [GC (Allocation Failure) [PSYoungGen: 72528K->1376K(72192K)] 417888K->346736K(591872K), 0.0028391 secs] [Times: user=0.01 sys=0.00, real=0.00 secs] 
1339.962: [GC (Allocation Failure) [PSYoungGen: 72032K->1485K(71680K)] 417392K->346846K(591360K), 0.0020706 secs] [Times: user=0.01 sys=0.00, real=0.00 secs] 
1340.101: [GC (Allocation Failure) [PSYoungGen: 71629K->1488K(71168K)] 416990K->346873K(590848K), 0.0017532 secs] [Times: user=0.01 sys=0.00, real=0.00 secs] 
1340.223: [GC (Allocation Failure) [PSYoungGen: 71120K->1501K(70656K)] 416505K->346886K(590336K), 0.0017472 secs] [Times: user=0.01 sys=0.00, real=0.00 secs] 
1340.574: [GC (Allocation Failure) [PSYoungGen: 70621K->1952K(70656K)] 416006K->347336K(590336K), 0.0018127 secs] [Times: user=0.01 sys=0.00, real=0.00 secs] 
1341.309: [GC (Allocation Failure) [PSYoungGen: 70560K->336K(68608K)] 415944K->346744K(588288K), 0.0029678 secs] [Times: user=0.01 sys=0.00, real=0.00 secs] 
1341.946: [GC (Allocation Failure) [PSYoungGen: 68432K->384K(69632K)] 414840K->346792K(589312K), 0.0040812 secs] [Times: user=0.02 sys=0.00, real=0.01 secs] 
1342.492: [GC (Allocation Failure) [PSYoungGen: 67968K->352K(69120K)] 414376K->346760K(588800K), 0.0026647 secs] [Times: user=0.01 sys=0.00, real=0.00 secs] 
1343.241: [GC (Allocation Failure) [PSYoungGen: 67424K->352K(67072K)] 413832K->346760K(586752K), 0.0028057 secs] [Times: user=0.01 sys=0.00, real=0.00 secs] 
1343.495: [GC (Allocation Failure) [PSYoungGen: 66912K->1501K(68096K)] 413320K->347910K(587776K), 0.0027119 secs] [Times: user=0.01 sys=0.00, real=0.01 secs] 
1343.616: [GC (Allocation Failure) [PSYoungGen: 67549K->1501K(67072K)] 413958K->347910K(586752K), 0.0016491 secs] [Times: user=0.01 sys=0.00, real=0.01 secs] 
1343.732: [GC (Allocation Failure) [PSYoungGen: 67030K->1565K(68096K)] 413439K->347974K(587776K), 0.0017651 secs] [Times: user=0.00 sys=0.00, real=0.00 secs] 
1343.922: [GC (Allocation Failure) [PSYoungGen: 67101K->1472K(68096K)] 413510K->347880K(587776K), 0.0018393 secs] [Times: user=0.01 sys=0.00, real=0.00 secs] 
1344.560: [GC (Allocation Failure) [PSYoungGen: 67008K->1424K(66560K)] 413416K->347832K(586240K), 0.0027299 secs] [Times: user=0.01 sys=0.00, real=0.00 secs] 
1345.073: [GC (Allocation Failure) [PSYoungGen: 66448K->1376K(66048K)] 412856K->347784K(585728K), 0.0026302 secs] [Times: user=0.01 sys=0.00, real=0.00 secs] 
1345.587: [GC (Allocation Failure) [PSYoungGen: 65888K->1344K(65536K)] 412296K->347752K(585216K), 0.0022521 secs] [Times: user=0.01 sys=0.00, real=0.00 secs] 
1346.489: [GC (Allocation Failure) [PSYoungGen: 65344K->1376K(65024K)] 411752K->347784K(584704K), 0.0026519 secs] [Times: user=0.01 sys=0.00, real=0.00 secs] 
1346.815: [GC (Allocation Failure) [PSYoungGen: 64864K->1469K(64512K)] 411272K->347878K(584192K), 0.0019599 secs] [Times: user=0.01 sys=0.00, real=0.01 secs] 
1346.932: [GC (Allocation Failure) [PSYoungGen: 64445K->1533K(64000K)] 410854K->347942K(583680K), 0.0017317 secs] [Times: user=0.01 sys=0.00, real=0.00 secs] 
1347.042: [GC (Allocation Failure) [PSYoungGen: 63997K->1485K(63488K)] 410406K->347910K(583168K), 0.0017145 secs] [Times: user=0.01 sys=0.00, real=0.00 secs] 
1347.167: [GC (Allocation Failure) [PSYoungGen: 63437K->1453K(67072K)] 409862K->347894K(586752K), 0.0019344 secs] [Times: user=0.01 sys=0.00, real=0.00 secs] 
1347.951: [GC (Allocation Failure) [PSYoungGen: 65965K->1376K(65536K)] 412406K->347816K(585216K), 0.0044542 secs] [Times: user=0.01 sys=0.00, real=0.00 secs] 
1349.015: [GC (Allocation Failure) [PSYoungGen: 65376K->1344K(65024K)] 411816K->347784K(584704K), 0.0042151 secs] [Times: user=0.02 sys=0.01, real=0.01 secs] 
1349.755: [GC (Allocation Failure) [PSYoungGen: 64832K->1376K(64512K)] 411272K->347816K(584192K), 0.0027689 secs] [Times: user=0.01 sys=0.00, real=0.01 secs] 
1350.301: [GC (Allocation Failure) [PSYoungGen: 64352K->1376K(64000K)] 410792K->347816K(583680K), 0.0030132 secs] [Times: user=0.01 sys=0.00, real=0.00 secs] 
1350.649: [GC (Allocation Failure) [PSYoungGen: 63840K->1469K(63488K)] 410280K->347910K(583168K), 0.0022613 secs] [Times: user=0.01 sys=0.00, real=0.00 secs] 
1350.786: [GC (Allocation Failure) [PSYoungGen: 63421K->1501K(62976K)] 409862K->347942K(582656K), 0.0016832 secs] [Times: user=0.00 sys=0.00, real=0.01 secs] 
1350.895: [GC (Allocation Failure) [PSYoungGen: 62941K->1453K(66560K)] 409382K->347902K(586240K), 0.0017406 secs] [Times: user=0.01 sys=0.00, real=0.01 secs] 
1351.010: [GC (Allocation Failure) [PSYoungGen: 66477K->1501K(67072K)] 412926K->347950K(586752K), 0.0016500 secs] [Times: user=0.00 sys=0.00, real=0.00 secs] 
1351.353: [GC (Allocation Failure) [PSYoungGen: 66525K->1600K(66560K)] 412974K->348048K(586240K), 0.0019989 secs] [Times: user=0.00 sys=0.00, real=0.00 secs] 
1352.370: [GC (Allocation Failure) [PSYoungGen: 66112K->1360K(65536K)] 412560K->347808K(585216K), 0.0035204 secs] [Times: user=0.01 sys=0.00, real=0.00 secs] 
1353.155: [GC (Allocation Failure) [PSYoungGen: 65360K->352K(64000K)] 411808K->347824K(583680K), 0.0029398 secs] [Times: user=0.01 sys=0.00, real=0.01 secs] 
1353.869: [GC (Allocation Failure) [PSYoungGen: 63840K->384K(65024K)] 411312K->347856K(584704K), 0.0032680 secs] [Times: user=0.01 sys=0.00, real=0.00 secs] 
1354.421: [GC (Allocation Failure) [PSYoungGen: 63360K->352K(62976K)] 410832K->347824K(582656K), 0.0033603 secs] [Times: user=0.02 sys=0.00, real=0.00 secs] 
1354.781: [GC (Allocation Failure) [PSYoungGen: 62816K->1424K(64512K)] 410288K->348897K(584192K), 0.0028679 secs] [Times: user=0.01 sys=0.00, real=0.00 secs] 
1354.908: [GC (Allocation Failure) [PSYoungGen: 63376K->1501K(62976K)] 410849K->348974K(582656K), 0.0015538 secs] [Times: user=0.01 sys=0.00, real=0.00 secs] 
1355.015: [GC (Allocation Failure) [PSYoungGen: 62941K->1501K(62464K)] 410414K->348990K(582144K), 0.0016675 secs] [Times: user=0.01 sys=0.00, real=0.01 secs] 
1355.123: [GC (Allocation Failure) [PSYoungGen: 62429K->1533K(67584K)] 409918K->349022K(587264K), 0.0016076 secs] [Times: user=0.01 sys=0.00, real=0.00 secs] 
1355.558: [GC (Allocation Failure) [PSYoungGen: 66557K->1424K(66048K)] 414046K->348912K(585728K), 0.0020524 secs] [Times: user=0.01 sys=0.00, real=0.00 secs] 
1356.134: [GC (Allocation Failure) [PSYoungGen: 65936K->1376K(66048K)] 413424K->348864K(585728K), 0.0034910 secs] [Times: user=0.02 sys=0.00, real=0.01 secs] 
1356.809: [GC (Allocation Failure) [PSYoungGen: 65376K->1376K(65024K)] 412864K->348864K(584704K), 0.0038634 secs] [Times: user=0.02 sys=0.00, real=0.00 secs] 
1357.577: [GC (Allocation Failure) [PSYoungGen: 64864K->1344K(64512K)] 412352K->348832K(584192K), 0.0031238 secs] [Times: user=0.01 sys=0.00, real=0.00 secs] 
1358.224: [GC (Allocation Failure) [PSYoungGen: 64320K->1424K(64000K)] 411808K->348913K(583680K), 0.0030949 secs] [Times: user=0.01 sys=0.00, real=0.01 secs] 
1358.419: [GC (Allocation Failure) [PSYoungGen: 63888K->1501K(63488K)] 411377K->348990K(583168K), 0.0020697 secs] [Times: user=0.01 sys=0.00, real=0.00 secs] 
1358.563: [GC (Allocation Failure) [PSYoungGen: 63453K->1437K(62976K)] 410942K->348950K(582656K), 0.0018239 secs] [Times: user=0.01 sys=0.00, real=0.00 secs] 
1358.698: [GC (Allocation Failure) [PSYoungGen: 62877K->1501K(62464K)] 410390K->349014K(582144K), 0.0018370 secs] [Times: user=0.01 sys=0.00, real=0.00 secs] 
1358.810: [GC (Allocation Failure) [PSYoungGen: 62429K->1533K(63488K)] 409942K->349046K(583168K), 0.0016084 secs] [Times: user=0.01 sys=0.00, real=0.00 secs] 
1359.412: [GC (Allocation Failure) [PSYoungGen: 62973K->1392K(62464K)] 410486K->348904K(582144K), 0.0031193 secs] [Times: user=0.01 sys=0.00, real=0.00 secs] 
1359.875: [GC (Allocation Failure) [PSYoungGen: 62320K->1344K(61952K)] 409832K->348856K(581632K), 0.0024688 secs] [Times: user=0.01 sys=0.00, real=0.01 secs] 
1360.532: [GC (Allocation Failure) [PSYoungGen: 61760K->1344K(61440K)] 409272K->348856K(581120K), 0.0024250 secs] [Times: user=0.01 sys=0.00, real=0.00 secs] 
1361.002: [GC (Allocation Failure) [PSYoungGen: 61248K->1376K(61440K)] 408760K->348888K(581120K), 0.0024009 secs] [Times: user=0.01 sys=0.00, real=0.00 secs] 
1361.437: [GC (Allocation Failure) [PSYoungGen: 61280K->1437K(61440K)] 408792K->348950K(581120K), 0.0022487 secs] [Times: user=0.01 sys=0.00, real=0.00 secs] 
1361.605: [GC (Allocation Failure) [PSYoungGen: 61341K->1517K(61440K)] 408854K->349030K(581120K), 0.0021606 secs] [Times: user=0.00 sys=0.00, real=0.01 secs] 
1361.778: [GC (Allocation Failure) [PSYoungGen: 61421K->1485K(61440K)] 408934K->349006K(581120K), 0.0023579 secs] [Times: user=0.00 sys=0.00, real=0.00 secs] 
1361.916: [GC (Allocation Failure) [PSYoungGen: 61389K->1501K(61440K)] 408910K->349022K(581120K), 0.0016740 secs] [Times: user=0.00 sys=0.00, real=0.01 secs] 
1362.037: [GC (Allocation Failure) [PSYoungGen: 61405K->1501K(64512K)] 408926K->349022K(584192K), 0.0018071 secs] [Times: user=0.01 sys=0.00, real=0.00 secs] 
1362.372: [GC (Allocation Failure) [PSYoungGen: 64477K->1440K(64000K)] 411998K->348960K(583680K), 0.0019868 secs] [Times: user=0.01 sys=0.00, real=0.00 secs] 
1362.643: [GC (Allocation Failure) [PSYoungGen: 63904K->1408K(63488K)] 411424K->348928K(583168K), 0.0021081 secs] [Times: user=0.00 sys=0.00, real=0.00 secs] 
1362.900: [GC (Allocation Failure) [PSYoungGen: 63360K->1376K(62976K)] 410880K->348896K(582656K), 0.0020745 secs] [Times: user=0.01 sys=0.00, real=0.00 secs] 
1363.156: [GC (Allocation Failure) [PSYoungGen: 62816K->1408K(62464K)] 410336K->348928K(582144K), 0.0020552 secs] [Times: user=0.01 sys=0.00, real=0.01 secs] 
1363.417: [GC (Allocation Failure) [PSYoungGen: 62336K->1421K(61952K)] 409856K->348942K(581632K), 0.0018218 secs] [Times: user=0.01 sys=0.01, real=0.00 secs] 
1363.526: [GC (Allocation Failure) [PSYoungGen: 61837K->1488K(61440K)] 409358K->349009K(581120K), 0.0016911 secs] [Times: user=0.01 sys=0.00, real=0.01 secs] 
1363.631: [GC (Allocation Failure) [PSYoungGen: 61392K->1533K(61952K)] 408913K->349070K(581632K), 0.0016591 secs] [Times: user=0.01 sys=0.00, real=0.00 secs] 
1363.736: [GC (Allocation Failure) [PSYoungGen: 61437K->1549K(68096K)] 408974K->349086K(587776K), 0.0016535 secs] [Times: user=0.01 sys=0.00, real=0.01 secs] 
1363.918: [GC (Allocation Failure) [PSYoungGen: 67597K->1472K(68096K)] 415134K->349008K(587776K), 0.0018265 secs] [Times: user=0.00 sys=0.00, real=0.00 secs] 
1364.192: [GC (Allocation Failure) [PSYoungGen: 67520K->1344K(73728K)] 415056K->348880K(593408K), 0.0018529 secs] [Times: user=0.01 sys=0.00, real=0.00 secs] 
1364.646: [GC (Allocation Failure) [PSYoungGen: 73536K->1408K(73216K)] 421072K->348960K(592896K), 0.0018708 secs] [Times: user=0.00 sys=0.00, real=0.01 secs] 
1365.170: [GC (Allocation Failure) [PSYoungGen: 73088K->1376K(72704K)] 420640K->348928K(592384K), 0.0020540 secs] [Times: user=0.01 sys=0.00, real=0.00 secs] 
1365.704: [GC (Allocation Failure) [PSYoungGen: 72544K->1405K(72192K)] 420096K->348958K(591872K), 0.0020124 secs] [Times: user=0.01 sys=0.00, real=0.00 secs] 
1365.845: [GC (Allocation Failure) [PSYoungGen: 72061K->1533K(71680K)] 419614K->349086K(591360K), 0.0017957 secs] [Times: user=0.01 sys=0.00, real=0.00 secs] 
1365.967: [GC (Allocation Failure) [PSYoungGen: 71677K->1501K(72192K)] 419230K->349054K(591872K), 0.0024580 secs] [Times: user=0.01 sys=0.00, real=0.00 secs] 
1366.091: [GC (Allocation Failure) [PSYoungGen: 71645K->1501K(79360K)] 419198K->349062K(599040K), 0.0016130 secs] [Times: user=0.00 sys=0.00, real=0.00 secs] 
1366.522: [GC (Allocation Failure) [PSYoungGen: 78813K->1424K(78336K)] 426374K->348984K(598016K), 0.0017867 secs] [Times: user=0.01 sys=0.00, real=0.00 secs] 
1366.890: [GC (Allocation Failure) [PSYoungGen: 78224K->1392K(77824K)] 425784K->348952K(597504K), 0.0022574 secs] [Times: user=0.01 sys=0.00, real=0.00 secs] 
1367.237: [GC (Allocation Failure) [PSYoungGen: 77680K->1376K(77312K)] 425240K->348936K(596992K), 0.0023856 secs] [Times: user=0.01 sys=0.00, real=0.00 secs] 
1367.582: [GC (Allocation Failure) [PSYoungGen: 77152K->1344K(76800K)] 424712K->348904K(596480K), 0.0021336 secs] [Times: user=0.01 sys=0.00, real=0.00 secs] 
1367.827: [GC (Allocation Failure) [PSYoungGen: 76608K->1517K(76288K)] 424168K->349078K(595968K), 0.0016786 secs] [Times: user=0.00 sys=0.00, real=0.00 secs] 
1367.958: [GC (Allocation Failure) [PSYoungGen: 76269K->1485K(75776K)] 423830K->349046K(595456K), 0.0018545 secs] [Times: user=0.01 sys=0.00, real=0.00 secs] 
1368.091: [GC (Allocation Failure) [PSYoungGen: 75725K->1485K(76288K)] 423286K->349046K(595968K), 0.0019453 secs] [Times: user=0.01 sys=0.00, real=0.00 secs] 
1368.642: [GC (Allocation Failure) [PSYoungGen: 75725K->1424K(75264K)] 423286K->348984K(594944K), 0.0019884 secs] [Times: user=0.01 sys=0.00, real=0.00 secs] 
1369.492: [GC (Allocation Failure) [PSYoungGen: 75152K->1344K(74752K)] 422712K->348904K(594432K), 0.0029929 secs] [Times: user=0.01 sys=0.00, real=0.00 secs] 
1370.166: [GC (Allocation Failure) [PSYoungGen: 74560K->1376K(74240K)] 422120K->348936K(593920K), 0.0026466 secs] [Times: user=0.01 sys=0.00, real=0.01 secs] 
1370.841: [GC (Allocation Failure) [PSYoungGen: 74080K->1376K(73728K)] 421640K->348936K(593408K), 0.0030496 secs] [Times: user=0.01 sys=0.00, real=0.00 secs] 
1371.157: [GC (Allocation Failure) [PSYoungGen: 73568K->1421K(73216K)] 421128K->348982K(592896K), 0.0016008 secs] [Times: user=0.00 sys=0.00, real=0.00 secs] 
1371.284: [GC (Allocation Failure) [PSYoungGen: 73101K->1549K(73216K)] 420662K->349110K(592896K), 0.0016878 secs] [Times: user=0.01 sys=0.00, real=0.00 secs] 
1371.409: [GC (Allocation Failure) [PSYoungGen: 72717K->525K(71680K)] 420278K->349110K(591360K), 0.0015480 secs] [Times: user=0.00 sys=0.00, real=0.00 secs] 
1371.533: [GC (Allocation Failure) [PSYoungGen: 71181K->445K(70656K)] 419766K->349030K(590336K), 0.0016784 secs] [Times: user=0.01 sys=0.00, real=0.00 secs] 
1372.299: [GC (Allocation Failure) [PSYoungGen: 70589K->1408K(71168K)] 419174K->349992K(590848K), 0.0041515 secs] [Times: user=0.01 sys=0.00, real=0.00 secs] 
1373.005: [GC (Allocation Failure) [PSYoungGen: 71040K->1360K(70656K)] 419624K->349944K(590336K), 0.0024901 secs] [Times: user=0.01 sys=0.00, real=0.01 secs] 
1373.539: [GC (Allocation Failure) [PSYoungGen: 70480K->1376K(70144K)] 419064K->349960K(589824K), 0.0021922 secs] [Times: user=0.01 sys=0.00, real=0.00 secs] 
1374.091: [GC (Allocation Failure) [PSYoungGen: 69984K->1376K(69632K)] 418568K->349960K(589312K), 0.0022926 secs] [Times: user=0.01 sys=0.00, real=0.00 secs] 
1374.325: [GC (Allocation Failure) [PSYoungGen: 69472K->1501K(69120K)] 418056K->350086K(588800K), 0.0016824 secs] [Times: user=0.01 sys=0.00, real=0.01 secs] 
1374.444: [GC (Allocation Failure) [PSYoungGen: 69085K->1485K(68608K)] 417670K->350070K(588288K), 0.0016443 secs] [Times: user=0.00 sys=0.00, real=0.00 secs] 
1374.562: [GC (Allocation Failure) [PSYoungGen: 68557K->1488K(74752K)] 417142K->350073K(594432K), 0.0018665 secs] [Times: user=0.01 sys=0.00, real=0.00 secs] 
1374.742: [GC (Allocation Failure) [PSYoungGen: 74704K->1952K(75776K)] 423289K->350544K(595456K), 0.0019406 secs] [Times: user=0.01 sys=0.00, real=0.00 secs] 
1375.048: [GC (Allocation Failure) [PSYoungGen: 75680K->1376K(74752K)] 424272K->349968K(594432K), 0.0017383 secs] [Times: user=0.00 sys=0.00, real=0.00 secs] 
1375.352: [GC (Allocation Failure) [PSYoungGen: 74592K->1376K(74240K)] 423184K->349968K(593920K), 0.0019532 secs] [Times: user=0.01 sys=0.00, real=0.00 secs] 
1375.655: [GC (Allocation Failure) [PSYoungGen: 74080K->1376K(73728K)] 422672K->349968K(593408K), 0.0017928 secs] [Times: user=0.01 sys=0.00, real=0.01 secs] 
1375.964: [GC (Allocation Failure) [PSYoungGen: 73568K->1501K(73216K)] 422160K->350094K(592896K), 0.0019727 secs] [Times: user=0.01 sys=0.00, real=0.00 secs] 
1376.135: [GC (Allocation Failure) [PSYoungGen: 73181K->1501K(72704K)] 421774K->350126K(592384K), 0.0020179 secs] [Times: user=0.01 sys=0.00, real=0.01 secs] 
1376.278: [GC (Allocation Failure) [PSYoungGen: 72669K->1501K(72192K)] 421294K->350126K(591872K), 0.0017437 secs] [Times: user=0.01 sys=0.00, real=0.00 secs] 
1376.403: [GC (Allocation Failure) [PSYoungGen: 72157K->1517K(78336K)] 420782K->350142K(598016K), 0.0016332 secs] [Times: user=0.00 sys=0.00, real=0.00 secs] 
1377.177: [GC (Allocation Failure) [PSYoungGen: 78317K->1424K(77824K)] 426942K->350056K(597504K), 0.0026920 secs] [Times: user=0.02 sys=0.00, real=0.00 secs] 
1378.109: [GC (Allocation Failure) [PSYoungGen: 77712K->1344K(77312K)] 426344K->349976K(596992K), 0.0028191 secs] [Times: user=0.01 sys=0.00, real=0.00 secs] 
1378.856: [GC (Allocation Failure) [PSYoungGen: 77120K->1344K(76800K)] 425752K->349976K(596480K), 0.0025140 secs] [Times: user=0.00 sys=0.00, real=0.01 secs] 
1379.876: [GC (Allocation Failure) [PSYoungGen: 76608K->1376K(76288K)] 425240K->350008K(595968K), 0.0029058 secs] [Times: user=0.01 sys=0.00, real=0.01 secs] 
1380.127: [GC (Allocation Failure) [PSYoungGen: 76128K->1517K(75776K)] 424760K->350150K(595456K), 0.0016706 secs] [Times: user=0.01 sys=0.00, real=0.00 secs] 
1380.279: [GC (Allocation Failure) [PSYoungGen: 75757K->1469K(75264K)] 424390K->350102K(594944K), 0.0019416 secs] [Times: user=0.01 sys=0.00, real=0.00 secs] 
1380.444: [GC (Allocation Failure) [PSYoungGen: 75197K->1533K(74752K)] 423830K->350166K(594432K), 0.0017578 secs] [Times: user=0.01 sys=0.00, real=0.00 secs] 
1381.302: [GC (Allocation Failure) [PSYoungGen: 74749K->1376K(74240K)] 423382K->350008K(593920K), 0.0027195 secs] [Times: user=0.01 sys=0.00, real=0.00 secs] 
1381.594: [GC (Allocation Failure) [PSYoungGen: 74080K->1408K(73728K)] 422712K->350040K(593408K), 0.0021026 secs] [Times: user=0.01 sys=0.00, real=0.00 secs] 
1381.894: [GC (Allocation Failure) [PSYoungGen: 73600K->1408K(73216K)] 422232K->350040K(592896K), 0.0019190 secs] [Times: user=0.01 sys=0.00, real=0.00 secs] 
1382.192: [GC (Allocation Failure) [PSYoungGen: 73088K->1376K(72704K)] 421720K->350008K(592384K), 0.0018484 secs] [Times: user=0.01 sys=0.00, real=0.00 secs] 
1382.411: [GC (Allocation Failure) [PSYoungGen: 72544K->1456K(72192K)] 421176K->350089K(591872K), 0.0016241 secs] [Times: user=0.01 sys=0.00, real=0.00 secs] 
1382.556: [GC (Allocation Failure) [PSYoungGen: 72112K->1469K(71680K)] 420745K->350102K(591360K), 0.0018284 secs] [Times: user=0.01 sys=0.00, real=0.01 secs] 
1382.710: [GC (Allocation Failure) [PSYoungGen: 71613K->1517K(71168K)] 420246K->350150K(590848K), 0.0020020 secs] [Times: user=0.01 sys=0.00, real=0.00 secs] 
1382.874: [GC (Allocation Failure) [PSYoungGen: 71149K->1565K(71168K)] 419782K->350198K(590848K), 0.0016773 secs] [Times: user=0.01 sys=0.00, real=0.00 secs] 
1383.404: [GC (Allocation Failure) [PSYoungGen: 70685K->1440K(70144K)] 419318K->350072K(589824K), 0.0027064 secs] [Times: user=0.01 sys=0.00, real=0.01 secs] 
1383.923: [GC (Allocation Failure) [PSYoungGen: 70048K->1344K(69632K)] 418680K->349976K(589312K), 0.0024238 secs] [Times: user=0.01 sys=0.00, real=0.00 secs] 
1384.469: [GC (Allocation Failure) [PSYoungGen: 69440K->1344K(69120K)] 418072K->349976K(588800K), 0.0025970 secs] [Times: user=0.01 sys=0.00, real=0.00 secs] 
1386.598: [GC (Allocation Failure) [PSYoungGen: 68928K->1376K(68608K)] 417560K->350008K(588288K), 0.0041213 secs] [Times: user=0.01 sys=0.00, real=0.00 secs] 
1387.023: [GC (Allocation Failure) [PSYoungGen: 68448K->1453K(68096K)] 417080K->350086K(587776K), 0.0049348 secs] [Times: user=0.02 sys=0.00, real=0.01 secs] 
1387.160: [GC (Allocation Failure) [PSYoungGen: 68013K->1565K(68096K)] 416646K->350198K(587776K), 0.0017969 secs] [Times: user=0.01 sys=0.00, real=0.00 secs] 
1387.276: [GC (Allocation Failure) [PSYoungGen: 67613K->477K(68096K)] 416246K->350134K(587776K), 0.0017540 secs] [Times: user=0.00 sys=0.00, real=0.01 secs] 
1387.394: [GC (Allocation Failure) [PSYoungGen: 67517K->461K(69120K)] 417174K->350142K(588800K), 0.0015612 secs] [Times: user=0.01 sys=0.00, real=0.00 secs] 
1388.783: [GC (Allocation Failure) [PSYoungGen: 67533K->1376K(68096K)] 417214K->351056K(587776K), 0.0043222 secs] [Times: user=0.02 sys=0.00, real=0.01 secs] 
1389.540: [GC (Allocation Failure) [PSYoungGen: 67936K->1408K(67584K)] 417616K->351088K(587264K), 0.0023671 secs] [Times: user=0.01 sys=0.00, real=0.00 secs] 
1389.812: [GC (Allocation Failure) [PSYoungGen: 67456K->1344K(67072K)] 417136K->351024K(586752K), 0.0020977 secs] [Times: user=0.00 sys=0.00, real=0.00 secs] 
1390.221: [GC (Allocation Failure) [PSYoungGen: 66880K->1312K(66560K)] 416560K->350992K(586240K), 0.0019297 secs] [Times: user=0.00 sys=0.00, real=0.00 secs] 
1390.495: [GC (Allocation Failure) [PSYoungGen: 66336K->1488K(66048K)] 416016K->351169K(585728K), 0.0017159 secs] [Times: user=0.01 sys=0.00, real=0.01 secs] 
1390.609: [GC (Allocation Failure) [PSYoungGen: 66000K->1485K(65536K)] 415681K->351166K(585216K), 0.0016363 secs] [Times: user=0.01 sys=0.00, real=0.00 secs] 
1390.722: [GC (Allocation Failure) [PSYoungGen: 65471K->1485K(65024K)] 415152K->351166K(584704K), 0.0015449 secs] [Times: user=0.01 sys=0.00, real=0.00 secs] 
1390.835: [GC (Allocation Failure) [PSYoungGen: 64973K->1517K(72192K)] 414654K->351206K(591872K), 0.0020072 secs] [Times: user=0.01 sys=0.00, real=0.01 secs] 
1391.307: [GC (Allocation Failure) [PSYoungGen: 71661K->1440K(71168K)] 421350K->351128K(590848K), 0.0019764 secs] [Times: user=0.01 sys=0.00, real=0.00 secs] 
1391.856: [GC (Allocation Failure) [PSYoungGen: 71072K->1312K(70656K)] 420760K->351000K(590336K), 0.0030745 secs] [Times: user=0.02 sys=0.00, real=0.01 secs] 
1392.154: [GC (Allocation Failure) [PSYoungGen: 70432K->1344K(70144K)] 420120K->351032K(589824K), 0.0026016 secs] [Times: user=0.01 sys=0.00, real=0.00 secs] 
1392.646: [GC (Allocation Failure) [PSYoungGen: 69952K->1440K(69632K)] 419640K->351128K(589312K), 0.0022878 secs] [Times: user=0.01 sys=0.00, real=0.01 secs] 
1393.020: [GC (Allocation Failure) [PSYoungGen: 69536K->1485K(69120K)] 419224K->351174K(588800K), 0.0019924 secs] [Times: user=0.01 sys=0.00, real=0.00 secs] 
1393.144: [GC (Allocation Failure) [PSYoungGen: 69069K->1501K(68608K)] 418758K->351190K(588288K), 0.0016407 secs] [Times: user=0.01 sys=0.00, real=0.00 secs] 
1393.262: [GC (Allocation Failure) [PSYoungGen: 68573K->1520K(68096K)] 418262K->351209K(587776K), 0.0016058 secs] [Times: user=0.01 sys=0.00, real=0.00 secs] 
1393.379: [GC (Allocation Failure) [PSYoungGen: 68071K->1488K(68608K)] 417760K->351185K(588288K), 0.0016285 secs] [Times: user=0.01 sys=0.00, real=0.00 secs] 
1394.077: [GC (Allocation Failure) [PSYoungGen: 68048K->1376K(67584K)] 417745K->351072K(587264K), 0.0019512 secs] [Times: user=0.01 sys=0.00, real=0.00 secs] 
1394.405: [GC (Allocation Failure) [PSYoungGen: 67424K->1376K(67072K)] 417120K->351072K(586752K), 0.0019001 secs] [Times: user=0.01 sys=0.00, real=0.00 secs] 
1394.711: [GC (Allocation Failure) [PSYoungGen: 66912K->1344K(66560K)] 416608K->351040K(586240K), 0.0021617 secs] [Times: user=0.01 sys=0.00, real=0.00 secs] 
1395.003: [GC (Allocation Failure) [PSYoungGen: 66368K->1376K(66048K)] 416064K->351072K(585728K), 0.0025688 secs] [Times: user=0.01 sys=0.00, real=0.00 secs] 
1395.230: [GC (Allocation Failure) [PSYoungGen: 65888K->1440K(65536K)] 415584K->351137K(585216K), 0.0014841 secs] [Times: user=0.01 sys=0.00, real=0.00 secs] 
1395.344: [GC (Allocation Failure) [PSYoungGen: 65440K->1440K(65024K)] 415137K->351137K(584704K), 0.0016157 secs] [Times: user=0.01 sys=0.00, real=0.00 secs] 
1395.455: [GC (Allocation Failure) [PSYoungGen: 64928K->1533K(71168K)] 414625K->351230K(590848K), 0.0016673 secs] [Times: user=0.01 sys=0.00, real=0.00 secs] 
1395.577: [GC (Allocation Failure) [PSYoungGen: 71165K->1469K(71680K)] 420862K->351190K(591360K), 0.0016065 secs] [Times: user=0.00 sys=0.00, real=0.00 secs] 
1396.036: [GC (Allocation Failure) [PSYoungGen: 71101K->1408K(70656K)] 420822K->351128K(590336K), 0.0022104 secs] [Times: user=0.01 sys=0.00, real=0.01 secs] 
1396.623: [GC (Allocation Failure) [PSYoungGen: 70528K->1344K(70144K)] 420248K->351064K(589824K), 0.0020989 secs] [Times: user=0.01 sys=0.00, real=0.00 secs] 
1397.199: [GC (Allocation Failure) [PSYoungGen: 69952K->1376K(69632K)] 419672K->351096K(589312K), 0.0023636 secs] [Times: user=0.01 sys=0.00, real=0.00 secs] 
1397.778: [GC (Allocation Failure) [PSYoungGen: 69472K->1392K(69120K)] 419192K->351112K(588800K), 0.0022329 secs] [Times: user=0.01 sys=0.00, real=0.00 secs] 
1398.336: [GC (Allocation Failure) [PSYoungGen: 68976K->1437K(68608K)] 418696K->351158K(588288K), 0.0023263 secs] [Times: user=0.01 sys=0.01, real=0.01 secs] 
1398.479: [GC (Allocation Failure) [PSYoungGen: 68509K->1520K(68096K)] 418230K->351241K(587776K), 0.0017584 secs] [Times: user=0.01 sys=0.00, real=0.00 secs] 
1398.612: [GC (Allocation Failure) [PSYoungGen: 68080K->1533K(67584K)] 417801K->351254K(587264K), 0.0020027 secs] [Times: user=0.00 sys=0.00, real=0.00 secs] 
1398.760: [GC (Allocation Failure) [PSYoungGen: 67581K->1453K(67072K)] 417302K->351182K(586752K), 0.0016099 secs] [Times: user=0.01 sys=0.00, real=0.00 secs] 
1399.272: [GC (Allocation Failure) [PSYoungGen: 66989K->1392K(66560K)] 416718K->351120K(586240K), 0.0020340 secs] [Times: user=0.01 sys=0.00, real=0.00 secs] 
1400.111: [GC (Allocation Failure) [PSYoungGen: 66416K->1376K(66048K)] 416144K->351104K(585728K), 0.0036401 secs] [Times: user=0.01 sys=0.00, real=0.00 secs] 
1400.918: [GC (Allocation Failure) [PSYoungGen: 65888K->1376K(65536K)] 415616K->351104K(585216K), 0.0035637 secs] [Times: user=0.02 sys=0.00, real=0.00 secs] 
1401.550: [GC (Allocation Failure) [PSYoungGen: 65376K->1376K(65024K)] 415104K->351104K(584704K), 0.0025316 secs] [Times: user=0.01 sys=0.00, real=0.00 secs] 
1402.018: [GC (Allocation Failure) [PSYoungGen: 64864K->1469K(64512K)] 414592K->351198K(584192K), 0.0020857 secs] [Times: user=0.01 sys=0.00, real=0.00 secs] 
1402.153: [GC (Allocation Failure) [PSYoungGen: 64445K->1437K(64000K)] 414174K->351166K(583680K), 0.0016382 secs] [Times: user=0.01 sys=0.00, real=0.00 secs] 
1402.264: [GC (Allocation Failure) [PSYoungGen: 63901K->1488K(63488K)] 413630K->351217K(583168K), 0.0016895 secs] [Times: user=0.00 sys=0.01, real=0.00 secs] 
1402.373: [GC (Allocation Failure) [PSYoungGen: 63440K->1485K(69632K)] 413169K->351230K(589312K), 0.0016585 secs] [Times: user=0.01 sys=0.00, real=0.00 secs] 
1402.668: [GC (Allocation Failure) [PSYoungGen: 69581K->1440K(69120K)] 419326K->351192K(588800K), 0.0022226 secs] [Times: user=0.01 sys=0.00, real=0.00 secs] 
1403.052: [GC (Allocation Failure) [PSYoungGen: 69024K->1328K(68608K)] 418776K->351080K(588288K), 0.0021885 secs] [Times: user=0.01 sys=0.00, real=0.00 secs] 
1403.331: [GC (Allocation Failure) [PSYoungGen: 68400K->1344K(68096K)] 418152K->351096K(587776K), 0.0019935 secs] [Times: user=0.01 sys=0.00, real=0.00 secs] 
1403.790: [GC (Allocation Failure) [PSYoungGen: 67904K->1376K(67584K)] 417656K->351128K(587264K), 0.0021781 secs] [Times: user=0.01 sys=0.00, real=0.00 secs] 
1404.298: [GC (Allocation Failure) [PSYoungGen: 67424K->1376K(67072K)] 417176K->351128K(586752K), 0.0021285 secs] [Times: user=0.01 sys=0.00, real=0.00 secs] 
1404.628: [GC (Allocation Failure) [PSYoungGen: 66912K->1485K(66560K)] 416664K->351238K(586240K), 0.0017170 secs] [Times: user=0.00 sys=0.00, real=0.00 secs] 
1404.742: [GC (Allocation Failure) [PSYoungGen: 66509K->1469K(66048K)] 416262K->351222K(585728K), 0.0015319 secs] [Times: user=0.01 sys=0.00, real=0.00 secs] 
1404.855: [GC (Allocation Failure) [PSYoungGen: 65981K->1469K(65536K)] 415734K->351230K(585216K), 0.0017529 secs] [Times: user=0.01 sys=0.00, real=0.00 secs] 
1404.968: [GC (Allocation Failure) [PSYoungGen: 65469K->1501K(66048K)] 415230K->351262K(585728K), 0.0015784 secs] [Times: user=0.00 sys=0.00, real=0.00 secs] 
1405.479: [GC (Allocation Failure) [PSYoungGen: 66013K->1376K(65536K)] 415774K->351136K(585216K), 0.0019213 secs] [Times: user=0.01 sys=0.00, real=0.00 secs] 
1405.778: [GC (Allocation Failure) [PSYoungGen: 65376K->1344K(65024K)] 415136K->351128K(584704K), 0.0024578 secs] [Times: user=0.00 sys=0.00, real=0.00 secs] 
1406.180: [GC (Allocation Failure) [PSYoungGen: 64832K->1376K(64512K)] 414616K->351160K(584192K), 0.0041919 secs] [Times: user=0.01 sys=0.00, real=0.00 secs] 
1406.677: [GC (Allocation Failure) [PSYoungGen: 64352K->1376K(64000K)] 414136K->351160K(583680K), 0.0026661 secs] [Times: user=0.01 sys=0.00, real=0.00 secs] 
1407.008: [GC (Allocation Failure) [PSYoungGen: 63840K->1501K(63488K)] 413624K->351286K(583168K), 0.0020881 secs] [Times: user=0.01 sys=0.01, real=0.00 secs] 
1407.127: [GC (Allocation Failure) [PSYoungGen: 63453K->1469K(62976K)] 413238K->351254K(582656K), 0.0017005 secs] [Times: user=0.01 sys=0.00, real=0.01 secs] 
1407.235: [GC (Allocation Failure) [PSYoungGen: 62909K->1469K(63488K)] 412694K->351278K(583168K), 0.0015917 secs] [Times: user=0.00 sys=0.00, real=0.01 secs] 
1407.344: [GC (Allocation Failure) [PSYoungGen: 62909K->1533K(69120K)] 412718K->351342K(588800K), 0.0015874 secs] [Times: user=0.00 sys=0.00, real=0.00 secs] 
1407.685: [GC (Allocation Failure) [PSYoungGen: 68605K->1424K(69120K)] 418414K->351232K(588800K), 0.0024492 secs] [Times: user=0.01 sys=0.01, real=0.01 secs] 
1408.008: [GC (Allocation Failure) [PSYoungGen: 68496K->1376K(68096K)] 418304K->351184K(587776K), 0.0019557 secs] [Times: user=0.01 sys=0.00, real=0.00 secs] 
1408.285: [GC (Allocation Failure) [PSYoungGen: 67936K->1392K(67584K)] 417744K->351200K(587264K), 0.0021029 secs] [Times: user=0.01 sys=0.00, real=0.00 secs] 
1408.559: [GC (Allocation Failure) [PSYoungGen: 67440K->1344K(67072K)] 417248K->351152K(586752K), 0.0018831 secs] [Times: user=0.01 sys=0.00, real=0.00 secs] 
1408.818: [GC (Allocation Failure) [PSYoungGen: 66880K->1469K(66560K)] 416688K->351278K(586240K), 0.0020782 secs] [Times: user=0.01 sys=0.00, real=0.00 secs] 
1408.945: [GC (Allocation Failure) [PSYoungGen: 66493K->1504K(66048K)] 416302K->351313K(585728K), 0.0015805 secs] [Times: user=0.01 sys=0.00, real=0.00 secs] 
1409.058: [GC (Allocation Failure) [PSYoungGen: 66016K->1517K(72192K)] 415825K->351326K(591872K), 0.0016397 secs] [Times: user=0.01 sys=0.00, real=0.00 secs] 
1409.183: [GC (Allocation Failure) [PSYoungGen: 72173K->1501K(72704K)] 421982K->351326K(592384K), 0.0016970 secs] [Times: user=0.01 sys=0.00, real=0.00 secs] 
1410.608: [GC (Allocation Failure) [PSYoungGen: 72157K->1392K(71680K)] 421982K->351216K(591360K), 0.0037952 secs] [Times: user=0.01 sys=0.00, real=0.00 secs] 
1411.707: [GC (Allocation Failure) [PSYoungGen: 71536K->1376K(71168K)] 421360K->351200K(590848K), 0.0025263 secs] [Times: user=0.01 sys=0.00, real=0.00 secs] 
1412.113: [GC (Allocation Failure) [PSYoungGen: 71008K->1408K(70656K)] 420832K->351232K(590336K), 0.0021588 secs] [Times: user=0.01 sys=0.00, real=0.00 secs] 
1412.437: [GC (Allocation Failure) [PSYoungGen: 70528K->1408K(70144K)] 420352K->351240K(589824K), 0.0018447 secs] [Times: user=0.00 sys=0.00, real=0.01 secs] 
1412.728: [GC (Allocation Failure) [PSYoungGen: 70016K->1504K(69632K)] 419848K->351337K(589312K), 0.0018397 secs] [Times: user=0.01 sys=0.00, real=0.00 secs] 
1412.850: [GC (Allocation Failure) [PSYoungGen: 69600K->1485K(69120K)] 419433K->351318K(588800K), 0.0016874 secs] [Times: user=0.01 sys=0.00, real=0.00 secs] 
1412.970: [GC (Allocation Failure) [PSYoungGen: 69069K->1501K(68608K)] 418902K->351334K(588288K), 0.0016405 secs] [Times: user=0.01 sys=0.00, real=0.00 secs] 
1413.088: [GC (Allocation Failure) [PSYoungGen: 68547K->1453K(69120K)] 418380K->351302K(588800K), 0.0015595 secs] [Times: user=0.00 sys=0.01, real=0.00 secs] 
1413.788: [GC (Allocation Failure) [PSYoungGen: 68525K->1392K(68096K)] 418374K->351240K(587776K), 0.0025426 secs] [Times: user=0.00 sys=0.00, real=0.00 secs] 
1414.777: [GC (Allocation Failure) [PSYoungGen: 67952K->1344K(67584K)] 417800K->351192K(587264K), 0.0028352 secs] [Times: user=0.01 sys=0.00, real=0.00 secs] 
1415.434: [GC (Allocation Failure) [PSYoungGen: 67392K->1376K(67072K)] 417240K->351224K(586752K), 0.0028988 secs] [Times: user=0.01 sys=0.00, real=0.00 secs] 
1416.140: [GC (Allocation Failure) [PSYoungGen: 66912K->1376K(66560K)] 416760K->351224K(586240K), 0.0024525 secs] [Times: user=0.01 sys=0.00, real=0.00 secs] 
1416.598: [GC (Allocation Failure) [PSYoungGen: 66400K->1533K(66048K)] 416248K->351382K(585728K), 0.0022653 secs] [Times: user=0.01 sys=0.00, real=0.00 secs] 
1416.782: [GC (Allocation Failure) [PSYoungGen: 66045K->1501K(65536K)] 415894K->351350K(585216K), 0.0022025 secs] [Times: user=0.01 sys=0.00, real=0.00 secs] 
1416.911: [GC (Allocation Failure) [PSYoungGen: 65478K->1501K(65024K)] 415327K->351350K(584704K), 0.0017412 secs] [Times: user=0.01 sys=0.00, real=0.00 secs] 
1417.022: [GC (Allocation Failure) [PSYoungGen: 64989K->1517K(65536K)] 414838K->351374K(585216K), 0.0016798 secs] [Times: user=0.00 sys=0.00, real=0.00 secs] 
1417.273: [GC (Allocation Failure) [PSYoungGen: 65005K->1408K(64512K)] 414862K->351280K(584192K), 0.0020926 secs] [Times: user=0.01 sys=0.00, real=0.00 secs] 
1417.695: [GC (Allocation Failure) [PSYoungGen: 64384K->1344K(64000K)] 414256K->351216K(583680K), 0.0026549 secs] [Times: user=0.01 sys=0.00, real=0.01 secs] 
1417.955: [GC (Allocation Failure) [PSYoungGen: 63808K->1408K(63488K)] 413680K->351280K(583168K), 0.0019549 secs] [Times: user=0.01 sys=0.00, real=0.01 secs] 
1418.213: [GC (Allocation Failure) [PSYoungGen: 63360K->1312K(62976K)] 413232K->351184K(582656K), 0.0019730 secs] [Times: user=0.01 sys=0.00, real=0.00 secs] 
1418.469: [GC (Allocation Failure) [PSYoungGen: 62752K->1376K(62464K)] 412624K->351248K(582144K), 0.0020510 secs] [Times: user=0.01 sys=0.00, real=0.00 secs] 
1418.649: [GC (Allocation Failure) [PSYoungGen: 62304K->1501K(61952K)] 412176K->351374K(581632K), 0.0017190 secs] [Times: user=0.00 sys=0.00, real=0.00 secs] 
1418.755: [GC (Allocation Failure) [PSYoungGen: 61917K->1469K(62464K)] 411790K->351342K(582144K), 0.0016277 secs] [Times: user=0.01 sys=0.00, real=0.01 secs] 
1418.863: [GC (Allocation Failure) [PSYoungGen: 61885K->1533K(68096K)] 411758K->351414K(587776K), 0.0014364 secs] [Times: user=0.01 sys=0.00, real=0.00 secs] 
1418.979: [GC (Allocation Failure) [PSYoungGen: 67581K->1533K(68096K)] 417462K->351414K(587776K), 0.0015997 secs] [Times: user=0.01 sys=0.00, real=0.00 secs] 
1420.625: [GC (Allocation Failure) [PSYoungGen: 67581K->1376K(67072K)] 417462K->351256K(586752K), 0.0033675 secs] [Times: user=0.01 sys=0.00, real=0.01 secs] 
1421.367: [GC (Allocation Failure) [PSYoungGen: 66912K->1376K(66560K)] 416792K->351256K(586240K), 0.0030854 secs] [Times: user=0.01 sys=0.00, real=0.00 secs] 
1421.948: [GC (Allocation Failure) [PSYoungGen: 66400K->1376K(66048K)] 416280K->351256K(585728K), 0.0020473 secs] [Times: user=0.01 sys=0.00, real=0.00 secs] 
1422.612: [GC (Allocation Failure) [PSYoungGen: 65888K->1376K(65536K)] 415768K->351256K(585216K), 0.0037017 secs] [Times: user=0.01 sys=0.00, real=0.00 secs] 
1423.296: [GC (Allocation Failure) [PSYoungGen: 65376K->1405K(65024K)] 415256K->351286K(584704K), 0.0023619 secs] [Times: user=0.01 sys=0.00, real=0.01 secs] 
1423.450: [GC (Allocation Failure) [PSYoungGen: 64893K->1549K(65024K)] 414774K->351430K(584704K), 0.0017049 secs] [Times: user=0.00 sys=0.01, real=0.00 secs] 
1423.561: [GC (Allocation Failure) [PSYoungGen: 64525K->557K(71168K)] 414406K->351502K(590848K), 0.0059944 secs] [Times: user=0.00 sys=0.03, real=0.01 secs] 
1423.707: [GC (Allocation Failure) [PSYoungGen: 70701K->461K(72192K)] 421646K->351406K(591872K), 0.0018144 secs] [Times: user=0.01 sys=0.00, real=0.00 secs] 
1424.056: [GC (Allocation Failure) [PSYoungGen: 70605K->1456K(79360K)] 421550K->352400K(599040K), 0.0022505 secs] [Times: user=0.01 sys=0.01, real=0.01 secs] 
1424.892: [GC (Allocation Failure) [PSYoungGen: 79280K->1408K(80384K)] 430224K->352352K(600064K), 0.0024256 secs] [Times: user=0.01 sys=0.00, real=0.00 secs] 
1425.564: [GC (Allocation Failure) [PSYoungGen: 79744K->1376K(79360K)] 430688K->352320K(599040K), 0.0022963 secs] [Times: user=0.00 sys=0.01, real=0.00 secs] 
1425.889: [GC (Allocation Failure) [PSYoungGen: 79200K->1392K(78848K)] 430144K->352336K(598528K), 0.0029444 secs] [Times: user=0.01 sys=0.00, real=0.00 secs] 
1426.116: [GC (Allocation Failure) [PSYoungGen: 78704K->1469K(78336K)] 429648K->352422K(598016K), 0.0016303 secs] [Times: user=0.01 sys=0.00, real=0.01 secs] 
1426.250: [GC (Allocation Failure) [PSYoungGen: 78269K->1536K(78336K)] 429222K->352489K(598016K), 0.0017019 secs] [Times: user=0.01 sys=0.00, real=0.00 secs] 
1426.385: [GC (Allocation Failure) [PSYoungGen: 77824K->509K(84480K)] 428777K->352486K(604160K), 0.0016315 secs] [Times: user=0.00 sys=0.00, real=0.01 secs] 
1426.831: [GC (Allocation Failure) [PSYoungGen: 83965K->1472K(84480K)] 435942K->353448K(604160K), 0.0019615 secs] [Times: user=0.01 sys=0.00, real=0.00 secs] 
1427.836: [GC (Allocation Failure) [PSYoungGen: 84416K->1360K(83968K)] 436392K->353360K(603648K), 0.0024688 secs] [Times: user=0.01 sys=0.00, real=0.01 secs] 
1428.852: [GC (Allocation Failure) [PSYoungGen: 83792K->1344K(83456K)] 435792K->353344K(603136K), 0.0029038 secs] [Times: user=0.01 sys=0.00, real=0.00 secs] 
1429.660: [GC (Allocation Failure) [PSYoungGen: 83264K->1344K(82944K)] 435264K->353344K(602624K), 0.0027377 secs] [Times: user=0.01 sys=0.00, real=0.00 secs] 
1429.884: [GC (Allocation Failure) [PSYoungGen: 82752K->1485K(82432K)] 434752K->353486K(602112K), 0.0017335 secs] [Times: user=0.01 sys=0.00, real=0.00 secs] 
1430.027: [GC (Allocation Failure) [PSYoungGen: 82381K->1453K(81920K)] 434382K->353454K(601600K), 0.0017235 secs] [Times: user=0.01 sys=0.00, real=0.00 secs] 
1430.192: [GC (Allocation Failure) [PSYoungGen: 81837K->1517K(81408K)] 433838K->353518K(601088K), 0.0018770 secs] [Times: user=0.01 sys=0.00, real=0.00 secs] 
1430.997: [GC (Allocation Failure) [PSYoungGen: 81389K->1376K(80896K)] 433390K->353376K(600576K), 0.0024075 secs] [Times: user=0.01 sys=0.01, real=0.00 secs] 
1431.773: [GC (Allocation Failure) [PSYoungGen: 80736K->1360K(80384K)] 432736K->353360K(600064K), 0.0024275 secs] [Times: user=0.01 sys=0.00, real=0.00 secs] 
1432.573: [GC (Allocation Failure) [PSYoungGen: 80208K->1360K(79872K)] 432208K->353360K(599552K), 0.0021555 secs] [Times: user=0.00 sys=0.00, real=0.00 secs] 
1433.424: [GC (Allocation Failure) [PSYoungGen: 79696K->1469K(79360K)] 431696K->353470K(599040K), 0.0021402 secs] [Times: user=0.01 sys=0.00, real=0.00 secs] 
1433.620: [GC (Allocation Failure) [PSYoungGen: 79293K->1501K(78848K)] 431294K->353502K(598528K), 0.0021038 secs] [Times: user=0.01 sys=0.00, real=0.00 secs] 
1433.818: [GC (Allocation Failure) [PSYoungGen: 78813K->1533K(78336K)] 430814K->353542K(598016K), 0.0026789 secs] [Times: user=0.01 sys=0.00, real=0.00 secs] 
1433.984: [GC (Allocation Failure) [PSYoungGen: 78333K->1469K(77824K)] 430342K->353478K(597504K), 0.0017202 secs] [Times: user=0.01 sys=0.00, real=0.00 secs] 
1434.551: [GC (Allocation Failure) [PSYoungGen: 77757K->1408K(77312K)] 429766K->353416K(596992K), 0.0032841 secs] [Times: user=0.01 sys=0.00, real=0.00 secs] 
1435.274: [GC (Allocation Failure) [PSYoungGen: 77184K->1376K(76800K)] 429192K->353392K(596480K), 0.0029699 secs] [Times: user=0.01 sys=0.00, real=0.01 secs] 
1435.910: [GC (Allocation Failure) [PSYoungGen: 76640K->1296K(76288K)] 428656K->353312K(595968K), 0.0023917 secs] [Times: user=0.00 sys=0.00, real=0.00 secs] 
1436.895: [GC (Allocation Failure) [PSYoungGen: 76048K->1469K(75776K)] 428064K->353486K(595456K), 0.0025852 secs] [Times: user=0.01 sys=0.00, real=0.01 secs] 
1437.068: [GC (Allocation Failure) [PSYoungGen: 75698K->1517K(75264K)] 427715K->353534K(594944K), 0.0017405 secs] [Times: user=0.01 sys=0.00, real=0.00 secs] 
1437.197: [GC (Allocation Failure) [PSYoungGen: 75245K->1501K(74752K)] 427262K->353518K(594432K), 0.0016769 secs] [Times: user=0.01 sys=0.00, real=0.00 secs] 
1437.325: [GC (Allocation Failure) [PSYoungGen: 74717K->1501K(74240K)] 426734K->353518K(593920K), 0.0017364 secs] [Times: user=0.01 sys=0.00, real=0.01 secs] 
1438.170: [GC (Allocation Failure) [PSYoungGen: 74205K->1424K(73728K)] 426222K->353440K(593408K), 0.0031053 secs] [Times: user=0.01 sys=0.00, real=0.00 secs] 
1438.868: [GC (Allocation Failure) [PSYoungGen: 73616K->1376K(73216K)] 425632K->353392K(592896K), 0.0025278 secs] [Times: user=0.01 sys=0.00, real=0.00 secs] 
1439.570: [GC (Allocation Failure) [PSYoungGen: 73056K->1408K(72704K)] 425072K->353448K(592384K), 0.0026771 secs] [Times: user=0.01 sys=0.00, real=0.00 secs] 
1440.318: [GC (Allocation Failure) [PSYoungGen: 72576K->1344K(72192K)] 424616K->353384K(591872K), 0.0030319 secs] [Times: user=0.01 sys=0.00, real=0.00 secs] 
1440.624: [GC (Allocation Failure) [PSYoungGen: 72000K->1488K(71680K)] 424040K->353529K(591360K), 0.0020242 secs] [Times: user=0.00 sys=0.00, real=0.00 secs] 
1440.751: [GC (Allocation Failure) [PSYoungGen: 71632K->1501K(71168K)] 423673K->353542K(590848K), 0.0016119 secs] [Times: user=0.00 sys=0.00, real=0.00 secs] 
1440.873: [GC (Allocation Failure) [PSYoungGen: 71133K->1533K(70656K)] 423174K->353574K(590336K), 0.0016106 secs] [Times: user=0.01 sys=0.00, real=0.00 secs] 
1440.996: [GC (Allocation Failure) [PSYoungGen: 69938K->256K(69120K)] 421979K->352296K(588800K), 0.0016103 secs] [Times: user=0.01 sys=0.00, real=0.01 secs] 
1442.595: [GC (Allocation Failure) [PSYoungGen: 68864K->1344K(69632K)] 420904K->353384K(589312K), 0.0030674 secs] [Times: user=0.01 sys=0.00, real=0.01 secs] 
1443.650: [GC (Allocation Failure) [PSYoungGen: 69440K->1376K(69120K)] 421480K->353416K(588800K), 0.0035684 secs] [Times: user=0.02 sys=0.00, real=0.00 secs] 
1444.421: [GC (Allocation Failure) [PSYoungGen: 68960K->1344K(68608K)] 421000K->353384K(588288K), 0.0068150 secs] [Times: user=0.03 sys=0.00, real=0.01 secs] 
1444.979: [GC (Allocation Failure) [PSYoungGen: 68416K->1328K(68096K)] 420456K->353368K(587776K), 0.0025177 secs] [Times: user=0.01 sys=0.00, real=0.00 secs] 
1445.300: [GC (Allocation Failure) [PSYoungGen: 67888K->1488K(67584K)] 419928K->353529K(587264K), 0.0020649 secs] [Times: user=0.00 sys=0.00, real=0.00 secs] 
1445.421: [GC (Allocation Failure) [PSYoungGen: 67536K->1469K(67072K)] 419577K->353510K(586752K), 0.0017300 secs] [Times: user=0.00 sys=0.00, real=0.00 secs] 
1445.537: [GC (Allocation Failure) [PSYoungGen: 67005K->1533K(66560K)] 419046K->353574K(586240K), 0.0016088 secs] [Times: user=0.01 sys=0.00, real=0.01 secs] 
1445.651: [GC (Allocation Failure) [PSYoungGen: 66557K->1485K(67072K)] 418598K->353534K(586752K), 0.0016536 secs] [Times: user=0.01 sys=0.00, real=0.00 secs] 
1446.436: [GC (Allocation Failure) [PSYoungGen: 66509K->1376K(66048K)] 418558K->353424K(585728K), 0.0022257 secs] [Times: user=0.01 sys=0.00, real=0.01 secs] 
1446.973: [GC (Allocation Failure) [PSYoungGen: 65888K->1376K(65536K)] 417936K->353424K(585216K), 0.0020286 secs] [Times: user=0.00 sys=0.00, real=0.00 secs] 
1447.576: [GC (Allocation Failure) [PSYoungGen: 65376K->1376K(65024K)] 417424K->353424K(584704K), 0.0020089 secs] [Times: user=0.00 sys=0.00, real=0.01 secs] 
1448.276: [GC (Allocation Failure) [PSYoungGen: 64864K->1392K(64512K)] 416912K->353440K(584192K), 0.0024327 secs] [Times: user=0.01 sys=0.00, real=0.01 secs] 
1448.671: [GC (Allocation Failure) [PSYoungGen: 64368K->1472K(64000K)] 416416K->353521K(583680K), 0.0018060 secs] [Times: user=0.01 sys=0.00, real=0.00 secs] 
1448.784: [GC (Allocation Failure) [PSYoungGen: 63936K->1501K(63488K)] 415985K->353550K(583168K), 0.0014973 secs] [Times: user=0.00 sys=0.00, real=0.00 secs] 
1448.893: [GC (Allocation Failure) [PSYoungGen: 63453K->1488K(62976K)] 415502K->353545K(582656K), 0.0015579 secs] [Times: user=0.00 sys=0.00, real=0.00 secs] 
1449.001: [GC (Allocation Failure) [PSYoungGen: 62928K->1437K(68608K)] 414985K->353518K(588288K), 0.0016850 secs] [Times: user=0.01 sys=0.00, real=0.00 secs] 
1449.571: [GC (Allocation Failure) [PSYoungGen: 68509K->1392K(68096K)] 420590K->353472K(587776K), 0.0020717 secs] [Times: user=0.00 sys=0.00, real=0.00 secs] 
1450.217: [GC (Allocation Failure) [PSYoungGen: 67952K->1376K(67584K)] 420032K->353456K(587264K), 0.0023862 secs] [Times: user=0.01 sys=0.00, real=0.00 secs] 
1450.878: [GC (Allocation Failure) [PSYoungGen: 67424K->1344K(67072K)] 419504K->353424K(586752K), 0.0026535 secs] [Times: user=0.01 sys=0.00, real=0.00 secs] 
1451.417: [GC (Allocation Failure) [PSYoungGen: 66880K->1408K(66560K)] 418960K->353488K(586240K), 0.0022537 secs] [Times: user=0.01 sys=0.00, real=0.01 secs] 
1451.773: [GC (Allocation Failure) [PSYoungGen: 66432K->1456K(66048K)] 418512K->353537K(585728K), 0.0020831 secs] [Times: user=0.01 sys=0.00, real=0.00 secs] 
1451.905: [GC (Allocation Failure) [PSYoungGen: 65968K->1453K(65536K)] 418049K->353534K(585216K), 0.0018261 secs] [Times: user=0.01 sys=0.00, real=0.01 secs] 
1452.019: [GC (Allocation Failure) [PSYoungGen: 65453K->1533K(65024K)] 417534K->353614K(584704K), 0.0017389 secs] [Times: user=0.01 sys=0.00, real=0.00 secs] 
1452.130: [GC (Allocation Failure) [PSYoungGen: 65021K->1485K(66048K)] 417102K->353582K(585728K), 0.0015973 secs] [Times: user=0.01 sys=0.00, real=0.00 secs] 
1452.558: [GC (Allocation Failure) [PSYoungGen: 65485K->1984K(71680K)] 417582K->354080K(591360K), 0.0033726 secs] [Times: user=0.01 sys=0.00, real=0.00 secs] 
1453.641: [GC (Allocation Failure) [PSYoungGen: 71616K->1376K(70656K)] 423712K->353480K(590336K), 0.0029459 secs] [Times: user=0.01 sys=0.00, real=0.00 secs] 
1454.287: [GC (Allocation Failure) [PSYoungGen: 70496K->1376K(70144K)] 422600K->353480K(589824K), 0.0026172 secs] [Times: user=0.01 sys=0.01, real=0.00 secs] 
1454.949: [GC (Allocation Failure) [PSYoungGen: 69984K->1408K(69632K)] 422088K->353512K(589312K), 0.0025080 secs] [Times: user=0.01 sys=0.00, real=0.00 secs] 
1455.809: [GC (Allocation Failure) [PSYoungGen: 69473K->1456K(69120K)] 421578K->353569K(588800K), 0.0030870 secs] [Times: user=0.01 sys=0.00, real=0.00 secs] 
1456.041: [GC (Allocation Failure) [PSYoungGen: 69040K->1485K(68608K)] 421153K->353598K(588288K), 0.0020477 secs] [Times: user=0.00 sys=0.00, real=0.00 secs] 
1456.203: [GC (Allocation Failure) [PSYoungGen: 68557K->1456K(68096K)] 420670K->353569K(587776K), 0.0020658 secs] [Times: user=0.01 sys=0.00, real=0.00 secs] 
1456.354: [GC (Allocation Failure) [PSYoungGen: 67998K->1485K(67584K)] 420111K->353614K(587264K), 0.0018188 secs] [Times: user=0.01 sys=0.00, real=0.00 secs] 
1456.539: [GC (Allocation Failure) [PSYoungGen: 67533K->1456K(67072K)] 419662K->353584K(586752K), 0.0020171 secs] [Times: user=0.01 sys=0.00, real=0.00 secs] 
1456.977: [GC (Allocation Failure) [PSYoungGen: 66992K->1344K(66560K)] 419120K->353472K(586240K), 0.0023772 secs] [Times: user=0.01 sys=0.00, real=0.00 secs] 
1457.249: [GC (Allocation Failure) [PSYoungGen: 66368K->1344K(66048K)] 418496K->353496K(585728K), 0.0021471 secs] [Times: user=0.01 sys=0.00, real=0.00 secs] 
1457.572: [GC (Allocation Failure) [PSYoungGen: 65856K->1344K(65536K)] 418008K->353496K(585216K), 0.0020712 secs] [Times: user=0.01 sys=0.00, real=0.00 secs] 
1457.918: [GC (Allocation Failure) [PSYoungGen: 65344K->1376K(65024K)] 417496K->353528K(584704K), 0.0021602 secs] [Times: user=0.01 sys=0.01, real=0.00 secs] 
1458.314: [GC (Allocation Failure) [PSYoungGen: 64864K->1453K(64512K)] 417016K->353606K(584192K), 0.0019662 secs] [Times: user=0.01 sys=0.00, real=0.00 secs] 
1458.426: [GC (Allocation Failure) [PSYoungGen: 64429K->1533K(64000K)] 416582K->353686K(583680K), 0.0016613 secs] [Times: user=0.01 sys=0.00, real=0.01 secs] 
1458.536: [GC (Allocation Failure) [PSYoungGen: 63997K->1469K(64512K)] 416150K->353638K(584192K), 0.0017071 secs] [Times: user=0.01 sys=0.00, real=0.01 secs] 
1458.646: [GC (Allocation Failure) [PSYoungGen: 63908K->1485K(70656K)] 416077K->353654K(590336K), 0.0015627 secs] [Times: user=0.01 sys=0.00, real=0.01 secs] 
1459.642: [GC (Allocation Failure) [PSYoungGen: 70093K->1376K(69632K)] 422262K->353544K(589312K), 0.0029686 secs] [Times: user=0.01 sys=0.00, real=0.00 secs] 
1460.542: [GC (Allocation Failure) [PSYoungGen: 69472K->1376K(69120K)] 421640K->353544K(588800K), 0.0025804 secs] [Times: user=0.01 sys=0.00, real=0.00 secs] 
1461.507: [GC (Allocation Failure) [PSYoungGen: 68960K->1376K(68608K)] 421128K->353544K(588288K), 0.0031712 secs] [Times: user=0.01 sys=0.00, real=0.01 secs] 
1462.455: [GC (Allocation Failure) [PSYoungGen: 68448K->1344K(68096K)] 420616K->353512K(587776K), 0.0045459 secs] [Times: user=0.01 sys=0.00, real=0.01 secs] 
1462.958: [GC (Allocation Failure) [PSYoungGen: 67904K->1533K(67584K)] 420072K->353702K(587264K), 0.0023817 secs] [Times: user=0.01 sys=0.00, real=0.00 secs] 
1463.107: [GC (Allocation Failure) [PSYoungGen: 67581K->1501K(67072K)] 419750K->353670K(586752K), 0.0016539 secs] [Times: user=0.00 sys=0.00, real=0.00 secs] 
1463.223: [GC (Allocation Failure) [PSYoungGen: 67037K->1453K(66560K)] 419206K->353638K(586240K), 0.0015651 secs] [Times: user=0.01 sys=0.00, real=0.00 secs] 
1463.337: [GC (Allocation Failure) [PSYoungGen: 66477K->1517K(67072K)] 418662K->353702K(586752K), 0.0016528 secs] [Times: user=0.01 sys=0.00, real=0.00 secs] 
1464.204: [GC (Allocation Failure) [PSYoungGen: 66541K->1440K(66048K)] 418726K->353624K(585728K), 0.0021552 secs] [Times: user=0.00 sys=0.01, real=0.00 secs] 
1464.649: [GC (Allocation Failure) [PSYoungGen: 65952K->1344K(65536K)] 418136K->353528K(585216K), 0.0019392 secs] [Times: user=0.01 sys=0.00, real=0.00 secs] 
1464.915: [GC (Allocation Failure) [PSYoungGen: 65344K->1408K(65024K)] 417528K->353592K(584704K), 0.0020715 secs] [Times: user=0.01 sys=0.00, real=0.01 secs] 
1465.269: [GC (Allocation Failure) [PSYoungGen: 64896K->1376K(64512K)] 417080K->353560K(584192K), 0.0021206 secs] [Times: user=0.01 sys=0.00, real=0.00 secs] 
1465.697: [GC (Allocation Failure) [PSYoungGen: 64352K->1472K(64000K)] 416536K->353657K(583680K), 0.0019114 secs] [Times: user=0.00 sys=0.00, real=0.01 secs] 
1465.808: [GC (Allocation Failure) [PSYoungGen: 63936K->1485K(63488K)] 416121K->353670K(583168K), 0.0017324 secs] [Times: user=0.00 sys=0.00, real=0.00 secs] 
1465.917: [GC (Allocation Failure) [PSYoungGen: 63437K->1501K(64000K)] 415622K->353686K(583680K), 0.0016927 secs] [Times: user=0.01 sys=0.00, real=0.00 secs] 
1466.026: [GC (Allocation Failure) [PSYoungGen: 63453K->1533K(70144K)] 415638K->353726K(589824K), 0.0016022 secs] [Times: user=0.01 sys=0.00, real=0.01 secs] 
1466.259: [GC (Allocation Failure) [PSYoungGen: 69629K->1440K(70144K)] 421822K->353632K(589824K), 0.0018131 secs] [Times: user=0.01 sys=0.00, real=0.00 secs] 
1466.901: [GC (Allocation Failure) [PSYoungGen: 69536K->1376K(69120K)] 421728K->353584K(588800K), 0.0020520 secs] [Times: user=0.01 sys=0.00, real=0.00 secs] 
1467.559: [GC (Allocation Failure) [PSYoungGen: 68960K->1376K(68608K)] 421168K->353584K(588288K), 0.0029504 secs] [Times: user=0.01 sys=0.00, real=0.00 secs] 
1468.120: [GC (Allocation Failure) [PSYoungGen: 68448K->1376K(68096K)] 420656K->353584K(587776K), 0.0020644 secs] [Times: user=0.01 sys=0.00, real=0.00 secs] 
1468.743: [GC (Allocation Failure) [PSYoungGen: 67800K->224K(66560K)] 420009K->352432K(586240K), 0.0020191 secs] [Times: user=0.00 sys=0.00, real=0.00 secs] 
1468.918: [GC (Allocation Failure) [PSYoungGen: 66272K->1453K(67072K)] 418480K->353662K(586752K), 0.0021444 secs] [Times: user=0.00 sys=0.00, real=0.00 secs] 
1469.072: [GC (Allocation Failure) [PSYoungGen: 66985K->1501K(66560K)] 419194K->353710K(586240K), 0.0016556 secs] [Times: user=0.01 sys=0.00, real=0.00 secs] 
1469.188: [GC (Allocation Failure) [PSYoungGen: 66525K->1533K(66048K)] 418734K->353774K(585728K), 0.0013783 secs] [Times: user=0.00 sys=0.00, real=0.00 secs] 
1469.303: [GC (Allocation Failure) [PSYoungGen: 66045K->1440K(72704K)] 418286K->353680K(592384K), 0.0016256 secs] [Times: user=0.00 sys=0.00, real=0.00 secs] 
1470.184: [GC (Allocation Failure) [PSYoungGen: 72096K->1344K(71680K)] 424336K->353584K(591360K), 0.0024984 secs] [Times: user=0.00 sys=0.01, real=0.00 secs] 
1470.773: [GC (Allocation Failure) [PSYoungGen: 71488K->1344K(71168K)] 423728K->353584K(590848K), 0.0027154 secs] [Times: user=0.01 sys=0.00, real=0.00 secs] 
1471.384: [GC (Allocation Failure) [PSYoungGen: 70976K->1376K(70656K)] 423216K->353616K(590336K), 0.0025375 secs] [Times: user=0.01 sys=0.00, real=0.00 secs] 
1471.820: [GC (Allocation Failure) [PSYoungGen: 70284K->224K(69120K)] 422525K->352464K(588800K), 0.0025766 secs] [Times: user=0.00 sys=0.00, real=0.00 secs] 
1471.969: [GC (Allocation Failure) [PSYoungGen: 68832K->1501K(69632K)] 421072K->353742K(589312K), 0.0017851 secs] [Times: user=0.01 sys=0.00, real=0.00 secs] 
1472.088: [GC (Allocation Failure) [PSYoungGen: 69597K->1501K(69120K)] 421838K->353742K(588800K), 0.0017425 secs] [Times: user=0.00 sys=0.00, real=0.00 secs] 
1472.208: [GC (Allocation Failure) [PSYoungGen: 69085K->1533K(69632K)] 421326K->353790K(589312K), 0.0015872 secs] [Times: user=0.01 sys=0.00, real=0.00 secs] 
1472.458: [GC (Allocation Failure) [PSYoungGen: 69117K->1440K(68608K)] 421374K->353696K(588288K), 0.0021229 secs] [Times: user=0.01 sys=0.00, real=0.00 secs] 
1472.738: [GC (Allocation Failure) [PSYoungGen: 68512K->1408K(68096K)] 420768K->353664K(587776K), 0.0019645 secs] [Times: user=0.00 sys=0.00, real=0.00 secs] 
1473.084: [GC (Allocation Failure) [PSYoungGen: 67968K->1376K(67584K)] 420224K->353632K(587264K), 0.0028086 secs] [Times: user=0.01 sys=0.00, real=0.01 secs] 
1473.623: [GC (Allocation Failure) [PSYoungGen: 67424K->1376K(67072K)] 419680K->353632K(586752K), 0.0028040 secs] [Times: user=0.01 sys=0.00, real=0.00 secs] 
1473.935: [GC (Allocation Failure) [PSYoungGen: 66912K->1376K(66560K)] 419168K->353632K(586240K), 0.0020791 secs] [Times: user=0.00 sys=0.00, real=0.01 secs] 
1474.099: [GC (Allocation Failure) [PSYoungGen: 66392K->1533K(66048K)] 418649K->353790K(585728K), 0.0016185 secs] [Times: user=0.00 sys=0.01, real=0.00 secs] 
1474.213: [GC (Allocation Failure) [PSYoungGen: 66045K->1485K(65536K)] 418302K->353742K(585216K), 0.0017190 secs] [Times: user=0.00 sys=0.00, real=0.00 secs] 
1474.327: [GC (Allocation Failure) [PSYoungGen: 65485K->1485K(66048K)] 417742K->353758K(585728K), 0.0017214 secs] [Times: user=0.01 sys=0.00, real=0.01 secs] 
1474.442: [GC (Allocation Failure) [PSYoungGen: 65459K->1533K(66048K)] 417732K->353806K(585728K), 0.0016989 secs] [Times: user=0.01 sys=0.00, real=0.00 secs] 
1474.845: [GC (Allocation Failure) [PSYoungGen: 65533K->1376K(71680K)] 417806K->353648K(591360K), 0.0018995 secs] [Times: user=0.00 sys=0.00, real=0.00 secs] 
1475.137: [GC (Allocation Failure) [PSYoungGen: 71520K->1344K(71168K)] 423792K->353624K(590848K), 0.0020652 secs] [Times: user=0.01 sys=0.00, real=0.01 secs] 
1475.475: [GC (Allocation Failure) [PSYoungGen: 70976K->1312K(70656K)] 423256K->353592K(590336K), 0.0018611 secs] [Times: user=0.00 sys=0.00, real=0.01 secs] 
1475.762: [GC (Allocation Failure) [PSYoungGen: 70432K->1344K(70144K)] 422712K->353624K(589824K), 0.0019832 secs] [Times: user=0.01 sys=0.00, real=0.00 secs] 
1476.039: [GC (Allocation Failure) [PSYoungGen: 69952K->1533K(69632K)] 422232K->353814K(589312K), 0.0016091 secs] [Times: user=0.01 sys=0.00, real=0.00 secs] 
1476.159: [GC (Allocation Failure) [PSYoungGen: 69629K->1533K(69120K)] 421910K->353814K(588800K), 0.0016950 secs] [Times: user=0.01 sys=0.00, real=0.00 secs] 
1476.277: [GC (Allocation Failure) [PSYoungGen: 69117K->1485K(68608K)] 421398K->353782K(588288K), 0.0016004 secs] [Times: user=0.00 sys=0.00, real=0.00 secs] 
1476.478: [GC (Allocation Failure) [PSYoungGen: 68557K->1600K(68608K)] 420854K->353896K(588288K), 0.0019945 secs] [Times: user=0.01 sys=0.00, real=0.00 secs] 
1477.308: [GC (Allocation Failure) [PSYoungGen: 68160K->1312K(67584K)] 420456K->353608K(587264K), 0.0025244 secs] [Times: user=0.01 sys=0.00, real=0.00 secs] 
1478.244: [GC (Allocation Failure) [PSYoungGen: 67360K->1376K(67072K)] 419656K->353672K(586752K), 0.0048633 secs] [Times: user=0.02 sys=0.00, real=0.01 secs] 
1478.902: [GC (Allocation Failure) [PSYoungGen: 66912K->1312K(66560K)] 419208K->353608K(586240K), 0.0031149 secs] [Times: user=0.01 sys=0.00, real=0.00 secs] 
1479.828: [GC (Allocation Failure) [PSYoungGen: 66336K->1344K(66048K)] 418632K->353640K(585728K), 0.0029666 secs] [Times: user=0.01 sys=0.00, real=0.00 secs] 
1480.149: [GC (Allocation Failure) [PSYoungGen: 65856K->1469K(65536K)] 418152K->353766K(585216K), 0.0019449 secs] [Times: user=0.00 sys=0.00, real=0.00 secs] 
1480.266: [GC (Allocation Failure) [PSYoungGen: 65469K->1453K(65024K)] 417766K->353750K(584704K), 0.0018202 secs] [Times: user=0.00 sys=0.00, real=0.01 secs] 
1480.394: [GC (Allocation Failure) [PSYoungGen: 64941K->1453K(64512K)] 417238K->353750K(584192K), 0.0018742 secs] [Times: user=0.01 sys=0.00, real=0.00 secs] 
1480.541: [GC (Allocation Failure) [PSYoungGen: 64429K->1517K(65536K)] 416726K->353830K(585216K), 0.0019439 secs] [Times: user=0.01 sys=0.01, real=0.00 secs] 
1481.137: [GC (Allocation Failure) [PSYoungGen: 65005K->1360K(64512K)] 417318K->353672K(584192K), 0.0025257 secs] [Times: user=0.01 sys=0.00, real=0.00 secs] 
1481.673: [GC (Allocation Failure) [PSYoungGen: 64336K->1312K(64000K)] 416648K->353624K(583680K), 0.0020051 secs] [Times: user=0.01 sys=0.00, real=0.00 secs] 
1482.053: [GC (Allocation Failure) [PSYoungGen: 63776K->1312K(63488K)] 416088K->353624K(583168K), 0.0020614 secs] [Times: user=0.01 sys=0.00, real=0.00 secs] 
1482.451: [GC (Allocation Failure) [PSYoungGen: 63264K->1344K(62976K)] 415576K->353656K(582656K), 0.0022316 secs] [Times: user=0.01 sys=0.00, real=0.00 secs] 
1482.807: [GC (Allocation Failure) [PSYoungGen: 62784K->1469K(62464K)] 415096K->353782K(582144K), 0.0018648 secs] [Times: user=0.01 sys=0.00, real=0.01 secs] 
1482.924: [GC (Allocation Failure) [PSYoungGen: 62397K->1485K(61952K)] 414710K->353798K(581632K), 0.0017481 secs] [Times: user=0.01 sys=0.00, real=0.00 secs] 
1483.032: [GC (Allocation Failure) [PSYoungGen: 61901K->1501K(61440K)] 414214K->353822K(581120K), 0.0015696 secs] [Times: user=0.00 sys=0.00, real=0.00 secs] 
1483.138: [GC (Allocation Failure) [PSYoungGen: 61405K->1501K(67584K)] 413726K->353822K(587264K), 0.0017528 secs] [Times: user=0.01 sys=0.00, real=0.00 secs] 
1483.271: [GC (Allocation Failure) [PSYoungGen: 67037K->224K(68096K)] 419358K->352544K(587776K), 0.0018353 secs] [Times: user=0.01 sys=0.00, real=0.00 secs] 
1483.867: [GC (Allocation Failure) [PSYoungGen: 66272K->1344K(68096K)] 418592K->353664K(587776K), 0.0021033 secs] [Times: user=0.01 sys=0.00, real=0.00 secs] 
1484.142: [GC (Allocation Failure) [PSYoungGen: 67392K->1312K(67072K)] 419712K->353632K(586752K), 0.0020739 secs] [Times: user=0.01 sys=0.00, real=0.00 secs] 
1484.478: [GC (Allocation Failure) [PSYoungGen: 66848K->1312K(66560K)] 419168K->353632K(586240K), 0.0021056 secs] [Times: user=0.00 sys=0.01, real=0.00 secs] 
1484.918: [GC (Allocation Failure) [PSYoungGen: 66336K->1376K(66048K)] 418656K->353696K(585728K), 0.0020278 secs] [Times: user=0.00 sys=0.00, real=0.00 secs] 
1485.253: [GC (Allocation Failure) [PSYoungGen: 65888K->1485K(65536K)] 418208K->353806K(585216K), 0.0024970 secs] [Times: user=0.01 sys=0.00, real=0.00 secs] 
1485.401: [GC (Allocation Failure) [PSYoungGen: 65485K->1472K(65024K)] 417806K->353793K(584704K), 0.0015948 secs] [Times: user=0.00 sys=0.00, real=0.00 secs] 
1485.514: [GC (Allocation Failure) [PSYoungGen: 64960K->1549K(65024K)] 417281K->353878K(584704K), 0.0016809 secs] [Times: user=0.00 sys=0.00, real=0.00 secs] 
1485.625: [GC (Allocation Failure) [PSYoungGen: 64525K->509K(70144K)] 416854K->353886K(589824K), 0.0016121 secs] [Times: user=0.01 sys=0.00, real=0.01 secs] 
1486.190: [GC (Allocation Failure) [PSYoungGen: 69629K->1328K(70144K)] 423006K->354705K(589824K), 0.0025926 secs] [Times: user=0.01 sys=0.00, real=0.00 secs] 
1486.887: [GC (Allocation Failure) [PSYoungGen: 69936K->1328K(69632K)] 423313K->354705K(589312K), 0.0033029 secs] [Times: user=0.01 sys=0.00, real=0.00 secs] 
1487.693: [GC (Allocation Failure) [PSYoungGen: 69424K->1344K(69120K)] 422801K->354720K(588800K), 0.0030816 secs] [Times: user=0.01 sys=0.00, real=0.00 secs] 
1488.496: [GC (Allocation Failure) [PSYoungGen: 68928K->1296K(68608K)] 422304K->354673K(588288K), 0.0028631 secs] [Times: user=0.02 sys=0.00, real=0.01 secs] 
1488.972: [GC (Allocation Failure) [PSYoungGen: 68368K->1501K(68096K)] 421745K->354878K(587776K), 0.0023869 secs] [Times: user=0.01 sys=0.00, real=0.00 secs] 
1489.115: [GC (Allocation Failure) [PSYoungGen: 68061K->1501K(67584K)] 421438K->354878K(587264K), 0.0016725 secs] [Times: user=0.00 sys=0.00, real=0.01 secs] 
1489.231: [GC (Allocation Failure) [PSYoungGen: 67549K->1517K(67072K)] 420926K->354894K(586752K), 0.0016987 secs] [Times: user=0.01 sys=0.00, real=0.00 secs] 
1489.347: [GC (Allocation Failure) [PSYoungGen: 67053K->1501K(67584K)] 420430K->354886K(587264K), 0.0017194 secs] [Times: user=0.01 sys=0.00, real=0.00 secs] 
1489.961: [GC (Allocation Failure) [PSYoungGen: 67037K->1376K(66560K)] 420422K->354760K(586240K), 0.0020128 secs] [Times: user=0.00 sys=0.00, real=0.00 secs] 
1490.880: [GC (Allocation Failure) [PSYoungGen: 66400K->1376K(66048K)] 419784K->354760K(585728K), 0.0023394 secs] [Times: user=0.01 sys=0.00, real=0.00 secs] 
1491.870: [GC (Allocation Failure) [PSYoungGen: 65888K->1344K(65536K)] 419272K->354728K(585216K), 0.0023641 secs] [Times: user=0.01 sys=0.00, real=0.00 secs] 
1492.859: [GC (Allocation Failure) [PSYoungGen: 65344K->1360K(65024K)] 418728K->354745K(584704K), 0.0037643 secs] [Times: user=0.01 sys=0.00, real=0.00 secs] 
1493.652: [GC (Allocation Failure) [PSYoungGen: 64848K->1501K(64512K)] 418233K->354886K(584192K), 0.0028828 secs] [Times: user=0.01 sys=0.00, real=0.00 secs] 
1493.816: [GC (Allocation Failure) [PSYoungGen: 64477K->1501K(64000K)] 417862K->354886K(583680K), 0.0018091 secs] [Times: user=0.01 sys=0.00, real=0.01 secs] 
1493.927: [GC (Allocation Failure) [PSYoungGen: 63965K->1453K(63488K)] 417350K->354838K(583168K), 0.0018585 secs] [Times: user=0.01 sys=0.00, real=0.00 secs] 
1494.036: [GC (Allocation Failure) [PSYoungGen: 63405K->1501K(64000K)] 416790K->354894K(583680K), 0.0016248 secs] [Times: user=0.01 sys=0.00, real=0.01 secs] 
1494.229: [GC (Allocation Failure) [PSYoungGen: 63453K->1952K(64000K)] 416846K->355345K(583680K), 0.0018389 secs] [Times: user=0.00 sys=0.00, real=0.00 secs] 
1494.610: [GC (Allocation Failure) [PSYoungGen: 63904K->1344K(62976K)] 417297K->354736K(582656K), 0.0019876 secs] [Times: user=0.01 sys=0.00, real=0.00 secs] 
1494.866: [GC (Allocation Failure) [PSYoungGen: 62784K->1408K(62464K)] 416176K->354800K(582144K), 0.0020789 secs] [Times: user=0.00 sys=0.00, real=0.01 secs] 
1495.380: [GC (Allocation Failure) [PSYoungGen: 62336K->1376K(61952K)] 415728K->354768K(581632K), 0.0019681 secs] [Times: user=0.00 sys=0.00, real=0.00 secs] 
1496.668: [GC (Allocation Failure) [PSYoungGen: 61792K->1344K(61440K)] 415184K->354736K(581120K), 0.0029981 secs] [Times: user=0.01 sys=0.00, real=0.00 secs] 
1497.652: [GC (Allocation Failure) [PSYoungGen: 61248K->1472K(61440K)] 414640K->354865K(581120K), 0.0022301 secs] [Times: user=0.00 sys=0.00, real=0.00 secs] 
1497.784: [GC (Allocation Failure) [PSYoungGen: 61376K->1488K(61440K)] 414769K->354881K(581120K), 0.0018474 secs] [Times: user=0.00 sys=0.00, real=0.00 secs] 
1497.889: [GC (Allocation Failure) [PSYoungGen: 61392K->1485K(61440K)] 414785K->354894K(581120K), 0.0018071 secs] [Times: user=0.00 sys=0.00, real=0.00 secs] 
1497.995: [GC (Allocation Failure) [PSYoungGen: 61389K->1533K(66560K)] 414798K->354942K(586240K), 0.0016040 secs] [Times: user=0.01 sys=0.00, real=0.00 secs] 
1498.182: [GC (Allocation Failure) [PSYoungGen: 66045K->1488K(68096K)] 419454K->354921K(587776K), 0.0020985 secs] [Times: user=0.01 sys=0.00, real=0.00 secs] 
1498.457: [GC (Allocation Failure) [PSYoungGen: 67536K->1376K(68096K)] 420969K->354808K(587776K), 0.0018061 secs] [Times: user=0.01 sys=0.00, real=0.00 secs] 
1498.816: [GC (Allocation Failure) [PSYoungGen: 67424K->1376K(67072K)] 420856K->354808K(586752K), 0.0018371 secs] [Times: user=0.00 sys=0.00, real=0.01 secs] 
1499.393: [GC (Allocation Failure) [PSYoungGen: 66912K->1376K(66560K)] 420344K->354808K(586240K), 0.0018732 secs] [Times: user=0.01 sys=0.00, real=0.00 secs] 
1500.099: [GC (Allocation Failure) [PSYoungGen: 66400K->1344K(66048K)] 419832K->354776K(585728K), 0.0020591 secs] [Times: user=0.01 sys=0.00, real=0.00 secs] 
1500.268: [GC (Allocation Failure) [PSYoungGen: 65856K->1517K(65536K)] 419288K->354950K(585216K), 0.0016694 secs] [Times: user=0.00 sys=0.00, real=0.00 secs] 
1500.382: [GC (Allocation Failure) [PSYoungGen: 65517K->1453K(65024K)] 418950K->354894K(584704K), 0.0016770 secs] [Times: user=0.00 sys=0.00, real=0.00 secs] 
1500.494: [GC (Allocation Failure) [PSYoungGen: 64941K->1501K(71680K)] 418382K->354942K(591360K), 0.0014329 secs] [Times: user=0.01 sys=0.00, real=0.00 secs] 
1500.616: [GC (Allocation Failure) [PSYoungGen: 71133K->1408K(71680K)] 424574K->354849K(591360K), 0.0015960 secs] [Times: user=0.01 sys=0.00, real=0.01 secs] 
1500.988: [GC (Allocation Failure) [PSYoungGen: 71040K->1344K(70656K)] 424481K->354784K(590336K), 0.0019776 secs] [Times: user=0.01 sys=0.00, real=0.00 secs] 
1501.293: [GC (Allocation Failure) [PSYoungGen: 70464K->1376K(70144K)] 423904K->354816K(589824K), 0.0018958 secs] [Times: user=0.01 sys=0.00, real=0.00 secs] 
1501.653: [GC (Allocation Failure) [PSYoungGen: 69984K->1376K(69632K)] 423424K->354816K(589312K), 0.0021769 secs] [Times: user=0.01 sys=0.00, real=0.00 secs] 
1501.937: [GC (Allocation Failure) [PSYoungGen: 69472K->1376K(69120K)] 422912K->354816K(588800K), 0.0020891 secs] [Times: user=0.00 sys=0.00, real=0.01 secs] 
1502.178: [GC (Allocation Failure) [PSYoungGen: 68960K->1517K(68608K)] 422400K->354958K(588288K), 0.0024477 secs] [Times: user=0.01 sys=0.00, real=0.00 secs] 
1502.381: [GC (Allocation Failure) [PSYoungGen: 68589K->1501K(68096K)] 422030K->354942K(587776K), 0.0023441 secs] [Times: user=0.01 sys=0.00, real=0.00 secs] 
1502.521: [GC (Allocation Failure) [PSYoungGen: 68061K->1469K(67584K)] 421502K->354918K(587264K), 0.0017503 secs] [Times: user=0.00 sys=0.00, real=0.00 secs] 
1502.683: [GC (Allocation Failure) [PSYoungGen: 67517K->1696K(68096K)] 420966K->355145K(587776K), 0.0018212 secs] [Times: user=0.00 sys=0.00, real=0.00 secs] 
1503.052: [GC (Allocation Failure) [PSYoungGen: 67744K->1344K(67072K)] 421193K->354792K(586752K), 0.0026415 secs] [Times: user=0.01 sys=0.00, real=0.00 secs] 
1503.326: [GC (Allocation Failure) [PSYoungGen: 66880K->1344K(66560K)] 420328K->354792K(586240K), 0.0020804 secs] [Times: user=0.00 sys=0.00, real=0.01 secs] 
1503.603: [GC (Allocation Failure) [PSYoungGen: 66368K->1360K(66048K)] 419816K->354809K(585728K), 0.0021570 secs] [Times: user=0.01 sys=0.00, real=0.00 secs] 
1503.900: [GC (Allocation Failure) [PSYoungGen: 65872K->1344K(65536K)] 419321K->354792K(585216K), 0.0020667 secs] [Times: user=0.01 sys=0.00, real=0.00 secs] 
1504.133: [GC (Allocation Failure) [PSYoungGen: 65344K->1488K(65024K)] 418792K->354937K(584704K), 0.0016188 secs] [Times: user=0.01 sys=0.00, real=0.00 secs] 
1504.245: [GC (Allocation Failure) [PSYoungGen: 64976K->1421K(64512K)] 418425K->354870K(584192K), 0.0016908 secs] [Times: user=0.01 sys=0.00, real=0.00 secs] 
1504.356: [GC (Allocation Failure) [PSYoungGen: 64397K->1565K(65024K)] 417846K->355030K(584704K), 0.0017257 secs] [Times: user=0.00 sys=0.00, real=0.01 secs] 
1504.482: [GC (Allocation Failure) [PSYoungGen: 64541K->1501K(71168K)] 418006K->354966K(590848K), 0.0017581 secs] [Times: user=0.01 sys=0.00, real=0.00 secs] 
1504.851: [GC (Allocation Failure) [PSYoungGen: 70621K->1424K(71168K)] 424086K->354913K(590848K), 0.0021152 secs] [Times: user=0.01 sys=0.00, real=0.00 secs] 
1505.153: [GC (Allocation Failure) [PSYoungGen: 70544K->1376K(70144K)] 424033K->354864K(589824K), 0.0018376 secs] [Times: user=0.01 sys=0.00, real=0.00 secs] 
1505.488: [GC (Allocation Failure) [PSYoungGen: 69984K->1328K(69632K)] 423472K->354817K(589312K), 0.0022614 secs] [Times: user=0.01 sys=0.00, real=0.00 secs] 
1505.771: [GC (Allocation Failure) [PSYoungGen: 69424K->1344K(69120K)] 422913K->354832K(588800K), 0.0019726 secs] [Times: user=0.01 sys=0.00, real=0.00 secs] 
1506.011: [GC (Allocation Failure) [PSYoungGen: 68928K->1501K(68608K)] 422416K->354990K(588288K), 0.0016935 secs] [Times: user=0.01 sys=0.00, real=0.00 secs] 
1506.132: [GC (Allocation Failure) [PSYoungGen: 68573K->1469K(68096K)] 422062K->354958K(587776K), 0.0016341 secs] [Times: user=0.01 sys=0.00, real=0.00 secs] 
1506.265: [GC (Allocation Failure) [PSYoungGen: 68029K->1533K(74240K)] 421518K->355038K(593920K), 0.0017932 secs] [Times: user=0.01 sys=0.00, real=0.01 secs] 
1506.428: [GC (Allocation Failure) [PSYoungGen: 74237K->1485K(74752K)] 427742K->354990K(594432K), 0.0020753 secs] [Times: user=0.01 sys=0.00, real=0.00 secs] 
1506.795: [GC (Allocation Failure) [PSYoungGen: 74189K->1360K(73728K)] 427694K->354865K(593408K), 0.0022169 secs] [Times: user=0.01 sys=0.00, real=0.01 secs] 
1507.209: [GC (Allocation Failure) [PSYoungGen: 73552K->1344K(73216K)] 427057K->354848K(592896K), 0.0019921 secs] [Times: user=0.01 sys=0.00, real=0.00 secs] 
1507.832: [GC (Allocation Failure) [PSYoungGen: 73024K->1344K(72704K)] 426528K->354848K(592384K), 0.0022785 secs] [Times: user=0.01 sys=0.00, real=0.00 secs] 
1508.425: [GC (Allocation Failure) [PSYoungGen: 72512K->1408K(72192K)] 426016K->354912K(591872K), 0.0024237 secs] [Times: user=0.01 sys=0.00, real=0.01 secs] 
1508.694: [GC (Allocation Failure) [PSYoungGen: 72064K->1437K(71680K)] 425568K->354942K(591360K), 0.0016311 secs] [Times: user=0.00 sys=0.00, real=0.00 secs] 
1508.816: [GC (Allocation Failure) [PSYoungGen: 71581K->1533K(71168K)] 425086K->355038K(590848K), 0.0017155 secs] [Times: user=0.00 sys=0.00, real=0.01 secs] 
1508.939: [GC (Allocation Failure) [PSYoungGen: 71165K->1520K(70656K)] 424670K->355025K(590336K), 0.0016394 secs] [Times: user=0.01 sys=0.00, real=0.00 secs] 
1509.549: [GC (Allocation Failure) [PSYoungGen: 70640K->1456K(70144K)] 424145K->354961K(589824K), 0.0040136 secs] [Times: user=0.02 sys=0.00, real=0.00 secs] 
1510.548: [GC (Allocation Failure) [PSYoungGen: 70064K->1408K(69632K)] 423569K->354912K(589312K), 0.0030711 secs] [Times: user=0.02 sys=0.00, real=0.00 secs] 
1511.482: [GC (Allocation Failure) [PSYoungGen: 69504K->1312K(69120K)] 423008K->354816K(588800K), 0.0043776 secs] [Times: user=0.01 sys=0.00, real=0.00 secs] 
1512.382: [GC (Allocation Failure) [PSYoungGen: 68896K->1360K(68608K)] 422400K->354865K(588288K), 0.0034556 secs] [Times: user=0.01 sys=0.01, real=0.00 secs] 
1513.083: [GC (Allocation Failure) [PSYoungGen: 68432K->1469K(68096K)] 421937K->354974K(587776K), 0.0025442 secs] [Times: user=0.01 sys=0.00, real=0.00 secs] 
1513.267: [GC (Allocation Failure) [PSYoungGen: 68029K->1485K(67584K)] 421534K->354990K(587264K), 0.0017846 secs] [Times: user=0.01 sys=0.00, real=0.00 secs] 
1513.402: [GC (Allocation Failure) [PSYoungGen: 67513K->1488K(67072K)] 421018K->354993K(586752K), 0.0019694 secs] [Times: user=0.01 sys=0.00, real=0.00 secs] 
1513.548: [GC (Allocation Failure) [PSYoungGen: 67024K->1501K(66560K)] 420529K->355006K(586240K), 0.0019276 secs] [Times: user=0.00 sys=0.00, real=0.00 secs] 
1514.065: [GC (Allocation Failure) [PSYoungGen: 66525K->1440K(66048K)] 420030K->354944K(585728K), 0.0031416 secs] [Times: user=0.01 sys=0.00, real=0.01 secs] 
1514.911: [GC (Allocation Failure) [PSYoungGen: 65952K->1344K(65536K)] 419456K->354848K(585216K), 0.0042550 secs] [Times: user=0.01 sys=0.00, real=0.00 secs] 
1515.821: [GC (Allocation Failure) [PSYoungGen: 65344K->1376K(65024K)] 418848K->354880K(584704K), 0.0063953 secs] [Times: user=0.02 sys=0.00, real=0.01 secs] 
1516.457: [GC (Allocation Failure) [PSYoungGen: 64864K->1344K(64512K)] 418368K->354848K(584192K), 0.0029058 secs] [Times: user=0.01 sys=0.00, real=0.01 secs] 
1517.157: [GC (Allocation Failure) [PSYoungGen: 64320K->1376K(64000K)] 417824K->354880K(583680K), 0.0029548 secs] [Times: user=0.01 sys=0.00, real=0.00 secs] 
1517.487: [GC (Allocation Failure) [PSYoungGen: 63840K->1520K(63488K)] 417344K->355025K(583168K), 0.0022584 secs] [Times: user=0.01 sys=0.00, real=0.00 secs] 
1517.612: [GC (Allocation Failure) [PSYoungGen: 63472K->1453K(62976K)] 416977K->354958K(582656K), 0.0016014 secs] [Times: user=0.00 sys=0.00, real=0.00 secs] 
1517.720: [GC (Allocation Failure) [PSYoungGen: 62893K->1485K(62464K)] 416398K->354998K(582144K), 0.0015975 secs] [Times: user=0.01 sys=0.00, real=0.00 secs] 
1517.827: [GC (Allocation Failure) [PSYoungGen: 62413K->1453K(62976K)] 415926K->354966K(582656K), 0.0016477 secs] [Times: user=0.01 sys=0.00, real=0.00 secs] 
1518.359: [GC (Allocation Failure) [PSYoungGen: 62381K->1440K(61952K)] 415894K->354976K(581632K), 0.0019577 secs] [Times: user=0.01 sys=0.00, real=0.00 secs] 
1519.213: [GC (Allocation Failure) [PSYoungGen: 61856K->1376K(61440K)] 415392K->354912K(581120K), 0.0041736 secs] [Times: user=0.02 sys=0.00, real=0.01 secs] 
1519.722: [GC (Allocation Failure) [PSYoungGen: 61280K->1408K(61952K)] 414816K->354944K(581632K), 0.0025847 secs] [Times: user=0.01 sys=0.00, real=0.00 secs] 
1520.100: [GC (Allocation Failure) [PSYoungGen: 61312K->1440K(61952K)] 414848K->354976K(581632K), 0.0020334 secs] [Times: user=0.01 sys=0.00, real=0.00 secs] 
1520.349: [GC (Allocation Failure) [PSYoungGen: 61344K->1376K(61952K)] 414880K->354912K(581632K), 0.0018264 secs] [Times: user=0.00 sys=0.00, real=0.00 secs] 
1520.487: [GC (Allocation Failure) [PSYoungGen: 61280K->1517K(61952K)] 414816K->355054K(581632K), 0.0016236 secs] [Times: user=0.01 sys=0.00, real=0.00 secs] 
1520.592: [GC (Allocation Failure) [PSYoungGen: 61421K->1485K(61952K)] 414958K->355038K(581632K), 0.0015613 secs] [Times: user=0.00 sys=0.00, real=0.00 secs] 
1520.698: [GC (Allocation Failure) [PSYoungGen: 61389K->1517K(61952K)] 414942K->355070K(581632K), 0.0015641 secs] [Times: user=0.01 sys=0.00, real=0.00 secs] 
1520.802: [GC (Allocation Failure) [PSYoungGen: 61421K->1501K(61952K)] 414974K->355054K(581632K), 0.0016554 secs] [Times: user=0.00 sys=0.00, real=0.00 secs] 
1522.658: [GC (Allocation Failure) [PSYoungGen: 61405K->1456K(68096K)] 414958K->355009K(587776K), 0.0192202 secs] [Times: user=0.02 sys=0.09, real=0.02 secs] 
1523.831: [GC (Allocation Failure) [PSYoungGen: 67504K->1376K(67072K)] 421057K->354928K(586752K), 0.0037513 secs] [Times: user=0.02 sys=0.00, real=0.00 secs] 
1524.227: [GC (Allocation Failure) [PSYoungGen: 66912K->1408K(66560K)] 420464K->354960K(586240K), 0.0021063 secs] [Times: user=0.00 sys=0.00, real=0.00 secs] 
1524.525: [GC (Allocation Failure) [PSYoungGen: 66432K->1328K(66048K)] 419984K->354881K(585728K), 0.0020960 secs] [Times: user=0.01 sys=0.00, real=0.01 secs] 
1524.984: [GC (Allocation Failure) [PSYoungGen: 65840K->1469K(65536K)] 419393K->355022K(585216K), 0.0020424 secs] [Times: user=0.01 sys=0.00, real=0.00 secs] 
1525.113: [GC (Allocation Failure) [PSYoungGen: 65469K->1533K(65024K)] 419022K->355086K(584704K), 0.0017853 secs] [Times: user=0.01 sys=0.00, real=0.00 secs] 
1525.224: [GC (Allocation Failure) [PSYoungGen: 65021K->1485K(65536K)] 418574K->355054K(585216K), 0.0016714 secs] [Times: user=0.01 sys=0.00, real=0.00 secs] 
1525.336: [GC (Allocation Failure) [PSYoungGen: 64973K->1485K(65536K)] 418542K->355054K(585216K), 0.0016679 secs] [Times: user=0.01 sys=0.00, real=0.01 secs] 
1525.539: [GC (Allocation Failure) [PSYoungGen: 64973K->1472K(71680K)] 418542K->355040K(591360K), 0.0027515 secs] [Times: user=0.00 sys=0.00, real=0.00 secs] 
1526.115: [GC (Allocation Failure) [PSYoungGen: 71104K->1344K(70656K)] 424672K->354912K(590336K), 0.0018110 secs] [Times: user=0.00 sys=0.00, real=0.01 secs] 
1526.678: [GC (Allocation Failure) [PSYoungGen: 70464K->1408K(70144K)] 424032K->354976K(589824K), 0.0019510 secs] [Times: user=0.00 sys=0.00, real=0.00 secs] 
1526.981: [GC (Allocation Failure) [PSYoungGen: 70016K->1376K(69632K)] 423584K->354944K(589312K), 0.0020503 secs] [Times: user=0.01 sys=0.00, real=0.00 secs] 
1527.574: [GC (Allocation Failure) [PSYoungGen: 69472K->1437K(69120K)] 423040K->355006K(588800K), 0.0023986 secs] [Times: user=0.01 sys=0.00, real=0.01 secs] 
1527.719: [GC (Allocation Failure) [PSYoungGen: 69021K->1485K(68608K)] 422590K->355054K(588288K), 0.0016181 secs] [Times: user=0.00 sys=0.00, real=0.00 secs] 
1527.836: [GC (Allocation Failure) [PSYoungGen: 68557K->1488K(68096K)] 422126K->355057K(587776K), 0.0016127 secs] [Times: user=0.00 sys=0.00, real=0.01 secs] 
1527.952: [GC (Allocation Failure) [PSYoungGen: 68048K->1485K(68608K)] 421617K->355078K(588288K), 0.0017578 secs] [Times: user=0.01 sys=0.00, real=0.00 secs] 
1528.242: [GC (Allocation Failure) [PSYoungGen: 68045K->1456K(74752K)] 421638K->355049K(594432K), 0.0053436 secs] [Times: user=0.00 sys=0.02, real=0.01 secs] 
1528.600: [GC (Allocation Failure) [PSYoungGen: 74160K->1344K(74752K)] 427753K->354936K(594432K), 0.0018505 secs] [Times: user=0.01 sys=0.00, real=0.00 secs] 
1528.902: [GC (Allocation Failure) [PSYoungGen: 74048K->1424K(81920K)] 427640K->355017K(601600K), 0.0258897 secs] [Times: user=0.10 sys=0.03, real=0.03 secs] 
1529.260: [GC (Allocation Failure) [PSYoungGen: 81296K->1376K(81920K)] 434889K->354968K(601600K), 0.0018513 secs] [Times: user=0.00 sys=0.00, real=0.00 secs] 
1529.519: [GC (Allocation Failure) [PSYoungGen: 81229K->1504K(92672K)] 434822K->355097K(612352K), 0.0039601 secs] [Times: user=0.00 sys=0.01, real=0.00 secs] 
1529.683: [GC (Allocation Failure) [PSYoungGen: 92128K->1549K(92672K)] 445721K->355158K(612352K), 0.0036968 secs] [Times: user=0.00 sys=0.01, real=0.01 secs] 
1529.845: [GC (Allocation Failure) [PSYoungGen: 92173K->1549K(103936K)] 445782K->355158K(623616K), 0.0014965 secs] [Times: user=0.01 sys=0.00, real=0.00 secs] 
1530.201: [GC (Allocation Failure) [PSYoungGen: 103437K->1472K(104448K)] 457046K->355080K(624128K), 0.0018066 secs] [Times: user=0.01 sys=0.00, real=0.00 secs] 
1530.891: [GC (Allocation Failure) [PSYoungGen: 103872K->1328K(115200K)] 457480K->354937K(634880K), 0.0037736 secs] [Times: user=0.01 sys=0.00, real=0.00 secs] 
1531.776: [GC (Allocation Failure) [PSYoungGen: 114480K->1376K(115200K)] 468089K->355000K(634880K), 0.0034263 secs] [Times: user=0.01 sys=0.00, real=0.01 secs] 
1532.129: [GC (Allocation Failure) [PSYoungGen: 114528K->1613K(113664K)] 468152K->355238K(633344K), 0.0017776 secs] [Times: user=0.00 sys=0.00, real=0.00 secs] 
1532.326: [GC (Allocation Failure) [PSYoungGen: 113229K->1597K(112640K)] 466854K->355222K(632320K), 0.0018538 secs] [Times: user=0.00 sys=0.01, real=0.01 secs] 
1532.771: [GC (Allocation Failure) [PSYoungGen: 112189K->384K(110080K)] 465814K->355032K(629760K), 0.0022915 secs] [Times: user=0.00 sys=0.00, real=0.00 secs] 
1533.605: [GC (Allocation Failure) [PSYoungGen: 109952K->384K(110592K)] 464600K->355032K(630272K), 0.0037759 secs] [Times: user=0.01 sys=0.01, real=0.01 secs] 
1534.437: [GC (Allocation Failure) [PSYoungGen: 108928K->1456K(109056K)] 463576K->356105K(628736K), 0.0016283 secs] [Times: user=0.01 sys=0.00, real=0.00 secs] 
1534.627: [GC (Allocation Failure) [PSYoungGen: 108976K->1613K(108544K)] 463625K->356262K(628224K), 0.0017356 secs] [Times: user=0.01 sys=0.00, real=0.00 secs] 
1534.813: [GC (Allocation Failure) [PSYoungGen: 108109K->509K(105984K)] 462758K->356182K(625664K), 0.0016430 secs] [Times: user=0.00 sys=0.00, real=0.00 secs] 
1535.258: [GC (Allocation Failure) [PSYoungGen: 105981K->1440K(107008K)] 461654K->357113K(626688K), 0.0020991 secs] [Times: user=0.01 sys=0.01, real=0.00 secs] 
1535.738: [GC (Allocation Failure) [PSYoungGen: 105888K->1344K(104960K)] 461561K->357017K(624640K), 0.0020439 secs] [Times: user=0.01 sys=0.00, real=0.00 secs] 
1536.494: [GC (Allocation Failure) [PSYoungGen: 104768K->1344K(103936K)] 460441K->357017K(623616K), 0.0022256 secs] [Times: user=0.01 sys=0.00, real=0.00 secs] 
1536.936: [GC (Allocation Failure) [PSYoungGen: 103744K->1517K(102912K)] 459417K->357190K(622592K), 0.0017776 secs] [Times: user=0.01 sys=0.00, real=0.01 secs] 
1537.145: [GC (Allocation Failure) [PSYoungGen: 102893K->1581K(102400K)] 458566K->357254K(622080K), 0.0046030 secs] [Times: user=0.02 sys=0.00, real=0.01 secs] 
1537.468: [GC (Allocation Failure) [PSYoungGen: 101933K->416K(99840K)] 457606K->357113K(619520K), 0.0023901 secs] [Times: user=0.01 sys=0.00, real=0.00 secs] 
1538.048: [GC (Allocation Failure) [PSYoungGen: 99744K->416K(100864K)] 456441K->357113K(620544K), 0.0020876 secs] [Times: user=0.01 sys=0.00, real=0.00 secs] 
1538.939: [GC (Allocation Failure) [PSYoungGen: 98720K->352K(97792K)] 455417K->357073K(617472K), 0.0022178 secs] [Times: user=0.01 sys=0.00, real=0.00 secs] 
1539.482: [GC (Allocation Failure) [PSYoungGen: 97632K->1469K(98816K)] 454353K->358190K(618496K), 0.0015952 secs] [Times: user=0.01 sys=0.00, real=0.00 secs] 
1539.650: [GC (Allocation Failure) [PSYoungGen: 97725K->1549K(97280K)] 454446K->358270K(616960K), 0.0018494 secs] [Times: user=0.01 sys=0.00, real=0.00 secs] 
1539.817: [GC (Allocation Failure) [PSYoungGen: 96781K->1501K(95744K)] 453502K->358222K(615424K), 0.0023530 secs] [Times: user=0.00 sys=0.00, real=0.00 secs] 
1540.799: [GC (Allocation Failure) [PSYoungGen: 95709K->1440K(94720K)] 452430K->358161K(614400K), 0.0089204 secs] [Times: user=0.04 sys=0.00, real=0.01 secs] 
1541.888: [GC (Allocation Failure) [PSYoungGen: 94624K->1360K(93696K)] 451345K->358081K(613376K), 0.0032241 secs] [Times: user=0.01 sys=0.00, real=0.00 secs] 
1543.183: [GC (Allocation Failure) [PSYoungGen: 93520K->1376K(92672K)] 450241K->358097K(612352K), 0.0041804 secs] [Times: user=0.02 sys=0.00, real=0.01 secs] 
1543.570: [GC (Allocation Failure) [PSYoungGen: 92512K->1501K(91648K)] 449233K->358222K(611328K), 0.0018532 secs] [Times: user=0.01 sys=0.00, real=0.00 secs] 
1543.730: [GC (Allocation Failure) [PSYoungGen: 91613K->1565K(91136K)] 448334K->358294K(610816K), 0.0016814 secs] [Times: user=0.01 sys=0.00, real=0.00 secs] 
1543.913: [GC (Allocation Failure) [PSYoungGen: 90146K->256K(88576K)] 446875K->356985K(608256K), 0.0019460 secs] [Times: user=0.01 sys=0.00, real=0.00 secs] 
1545.258: [GC (Allocation Failure) [PSYoungGen: 88320K->1344K(89088K)] 445049K->358073K(608768K), 0.0039015 secs] [Times: user=0.01 sys=0.00, real=0.00 secs] 
1546.030: [GC (Allocation Failure) [PSYoungGen: 88896K->1344K(88576K)] 445625K->358073K(608256K), 0.0032836 secs] [Times: user=0.01 sys=0.00, real=0.00 secs] 
1546.783: [GC (Allocation Failure) [PSYoungGen: 88384K->1328K(88064K)] 445113K->358057K(607744K), 0.0026063 secs] [Times: user=0.01 sys=0.00, real=0.00 secs] 
1547.202: [GC (Allocation Failure) [PSYoungGen: 87856K->1501K(87552K)] 444585K->358230K(607232K), 0.0016840 secs] [Times: user=0.01 sys=0.00, real=0.00 secs] 
1547.354: [GC (Allocation Failure) [PSYoungGen: 87517K->1469K(87040K)] 444246K->358198K(606720K), 0.0016738 secs] [Times: user=0.01 sys=0.00, real=0.00 secs] 
1547.502: [GC (Allocation Failure) [PSYoungGen: 86973K->1501K(86528K)] 443702K->358230K(606208K), 0.0016800 secs] [Times: user=0.00 sys=0.00, real=0.00 secs] 
1548.291: [GC (Allocation Failure) [PSYoungGen: 86493K->1376K(86016K)] 443222K->358105K(605696K), 0.0021404 secs] [Times: user=0.01 sys=0.01, real=0.00 secs] 
1549.247: [GC (Allocation Failure) [PSYoungGen: 85856K->1376K(85504K)] 442585K->358105K(605184K), 0.0026096 secs] [Times: user=0.01 sys=0.00, real=0.00 secs] 
1549.951: [GC (Allocation Failure) [PSYoungGen: 85344K->1344K(84992K)] 442073K->358073K(604672K), 0.0026407 secs] [Times: user=0.01 sys=0.00, real=0.00 secs] 
1550.938: [GC (Allocation Failure) [PSYoungGen: 84800K->1437K(84480K)] 441529K->358166K(604160K), 0.0037582 secs] [Times: user=0.02 sys=0.00, real=0.00 secs] 
1551.199: [GC (Allocation Failure) [PSYoungGen: 84381K->1501K(83968K)] 441110K->358254K(603648K), 0.0020211 secs] [Times: user=0.01 sys=0.00, real=0.00 secs] 
1551.359: [GC (Allocation Failure) [PSYoungGen: 83933K->1453K(83456K)] 440686K->358206K(603136K), 0.0017090 secs] [Times: user=0.01 sys=0.00, real=0.00 secs] 
1551.829: [GC (Allocation Failure) [PSYoungGen: 83373K->1440K(82944K)] 440126K->358193K(602624K), 0.0029360 secs] [Times: user=0.01 sys=0.00, real=0.00 secs] 
1552.692: [GC (Allocation Failure) [PSYoungGen: 82848K->1376K(82432K)] 439601K->358129K(602112K), 0.0030528 secs] [Times: user=0.01 sys=0.00, real=0.00 secs] 
1553.449: [GC (Allocation Failure) [PSYoungGen: 82272K->1392K(81920K)] 439025K->358145K(601600K), 0.0025978 secs] [Times: user=0.01 sys=0.00, real=0.00 secs] 
1554.199: [GC (Allocation Failure) [PSYoungGen: 81776K->1344K(81408K)] 438529K->358097K(601088K), 0.0033716 secs] [Times: user=0.01 sys=0.00, real=0.00 secs] 
1554.522: [GC (Allocation Failure) [PSYoungGen: 81216K->1485K(80896K)] 437969K->358238K(600576K), 0.0016568 secs] [Times: user=0.01 sys=0.00, real=0.00 secs] 
1554.664: [GC (Allocation Failure) [PSYoungGen: 80845K->1517K(80384K)] 437598K->358270K(600064K), 0.0018897 secs] [Times: user=0.01 sys=0.00, real=0.00 secs] 
1554.804: [GC (Allocation Failure) [PSYoungGen: 80365K->1453K(79872K)] 437118K->358206K(599552K), 0.0015632 secs] [Times: user=0.01 sys=0.00, real=0.00 secs] 
1555.235: [GC (Allocation Failure) [PSYoungGen: 79789K->1424K(79360K)] 436542K->358177K(599040K), 0.0019130 secs] [Times: user=0.01 sys=0.00, real=0.01 secs] 
1555.728: [GC (Allocation Failure) [PSYoungGen: 79248K->1408K(78848K)] 436001K->358161K(598528K), 0.0017697 secs] [Times: user=0.01 sys=0.00, real=0.00 secs] 
1556.327: [GC (Allocation Failure) [PSYoungGen: 78720K->1344K(78336K)] 435473K->358097K(598016K), 0.0021937 secs] [Times: user=0.01 sys=0.00, real=0.00 secs] 
1556.950: [GC (Allocation Failure) [PSYoungGen: 78144K->1376K(77824K)] 434897K->358129K(597504K), 0.0021706 secs] [Times: user=0.01 sys=0.00, real=0.00 secs] 
1557.208: [GC (Allocation Failure) [PSYoungGen: 77664K->1469K(77312K)] 434417K->358222K(596992K), 0.0016778 secs] [Times: user=0.01 sys=0.00, real=0.00 secs] 
1557.342: [GC (Allocation Failure) [PSYoungGen: 77245K->1453K(76800K)] 433998K->358206K(596480K), 0.0015864 secs] [Times: user=0.00 sys=0.00, real=0.00 secs] 
1557.473: [GC (Allocation Failure) [PSYoungGen: 76717K->1565K(76800K)] 433470K->358318K(596480K), 0.0017135 secs] [Times: user=0.01 sys=0.00, real=0.00 secs] 
1558.037: [GC (Allocation Failure) [PSYoungGen: 76317K->400K(74752K)] 433070K->358201K(594432K), 0.0020643 secs] [Times: user=0.01 sys=0.00, real=0.00 secs] 
1558.700: [GC (Allocation Failure) [PSYoungGen: 74640K->288K(75776K)] 432441K->358105K(595456K), 0.0020049 secs] [Times: user=0.01 sys=0.00, real=0.00 secs] 
1559.448: [GC (Allocation Failure) [PSYoungGen: 74016K->352K(73728K)] 431833K->358169K(593408K), 0.0029108 secs] [Times: user=0.01 sys=0.00, real=0.00 secs] 
1559.967: [GC (Allocation Failure) [PSYoungGen: 73568K->320K(73216K)] 431385K->358137K(592896K), 0.0037406 secs] [Times: user=0.02 sys=0.00, real=0.00 secs] 
1560.284: [GC (Allocation Failure) [PSYoungGen: 73024K->1520K(73728K)] 430841K->359337K(593408K), 0.0020039 secs] [Times: user=0.01 sys=0.00, real=0.00 secs] 
1560.416: [GC (Allocation Failure) [PSYoungGen: 73712K->1485K(73216K)] 431529K->359302K(592896K), 0.0016662 secs] [Times: user=0.01 sys=0.00, real=0.01 secs] 
1560.542: [GC (Allocation Failure) [PSYoungGen: 73162K->1453K(72704K)] 430979K->359270K(592384K), 0.0016763 secs] [Times: user=0.01 sys=0.00, real=0.00 secs] 
1560.771: [GC (Allocation Failure) [PSYoungGen: 72621K->1952K(72704K)] 430438K->359769K(592384K), 0.0020268 secs] [Times: user=0.01 sys=0.00, real=0.00 secs] 
1561.380: [GC (Allocation Failure) [PSYoungGen: 72608K->1360K(71680K)] 430425K->359177K(591360K), 0.0022599 secs] [Times: user=0.01 sys=0.00, real=0.00 secs] 
1561.876: [GC (Allocation Failure) [PSYoungGen: 71504K->1360K(71168K)] 429321K->359177K(590848K), 0.0020913 secs] [Times: user=0.00 sys=0.00, real=0.01 secs] 
1562.208: [GC (Allocation Failure) [PSYoungGen: 70992K->1408K(70656K)] 428809K->359225K(590336K), 0.0021773 secs] [Times: user=0.01 sys=0.00, real=0.00 secs] 
1562.539: [GC (Allocation Failure) [PSYoungGen: 70528K->1437K(70144K)] 428345K->359254K(589824K), 0.0019724 secs] [Times: user=0.00 sys=0.00, real=0.00 secs] 
1562.670: [GC (Allocation Failure) [PSYoungGen: 70045K->1485K(69632K)] 427862K->359302K(589312K), 0.0018703 secs] [Times: user=0.00 sys=0.00, real=0.00 secs] 
1562.790: [GC (Allocation Failure) [PSYoungGen: 69581K->1501K(69120K)] 427398K->359318K(588800K), 0.0016560 secs] [Times: user=0.00 sys=0.00, real=0.00 secs] 
1562.909: [GC (Allocation Failure) [PSYoungGen: 69085K->1453K(75776K)] 426902K->359270K(595456K), 0.0018341 secs] [Times: user=0.01 sys=0.00, real=0.00 secs] 
1563.324: [GC (Allocation Failure) [PSYoungGen: 75693K->1424K(75264K)] 433510K->359241K(594944K), 0.0022912 secs] [Times: user=0.01 sys=0.00, real=0.00 secs] 
1563.928: [GC (Allocation Failure) [PSYoungGen: 75152K->1376K(74752K)] 432969K->359193K(594432K), 0.0021339 secs] [Times: user=0.01 sys=0.00, real=0.00 secs] 
1564.669: [GC (Allocation Failure) [PSYoungGen: 74592K->1376K(74240K)] 432409K->359193K(593920K), 0.0024495 secs] [Times: user=0.01 sys=0.00, real=0.00 secs] 
1565.567: [GC (Allocation Failure) [PSYoungGen: 74080K->1344K(73728K)] 431897K->359161K(593408K), 0.0029489 secs] [Times: user=0.01 sys=0.00, real=0.00 secs] 
1566.047: [GC (Allocation Failure) [PSYoungGen: 73536K->1421K(73216K)] 431353K->359238K(592896K), 0.0022249 secs] [Times: user=0.01 sys=0.00, real=0.00 secs] 
1566.232: [GC (Allocation Failure) [PSYoungGen: 73101K->1533K(72704K)] 430918K->359350K(592384K), 0.0021322 secs] [Times: user=0.01 sys=0.00, real=0.00 secs] 
1566.406: [GC (Allocation Failure) [PSYoungGen: 72701K->1517K(72192K)] 430518K->359334K(591872K), 0.0029382 secs] [Times: user=0.01 sys=0.01, real=0.01 secs] 
1566.566: [GC (Allocation Failure) [PSYoungGen: 72173K->1501K(71680K)] 429990K->359334K(591360K), 0.0017174 secs] [Times: user=0.01 sys=0.00, real=0.01 secs] 
1566.892: [GC (Allocation Failure) [PSYoungGen: 71645K->1376K(71168K)] 429478K->359233K(590848K), 0.0023055 secs] [Times: user=0.01 sys=0.00, real=0.00 secs] 
1567.181: [GC (Allocation Failure) [PSYoungGen: 71008K->1344K(70656K)] 428865K->359201K(590336K), 0.0019873 secs] [Times: user=0.01 sys=0.00, real=0.00 secs] 
1567.469: [GC (Allocation Failure) [PSYoungGen: 70464K->1344K(70144K)] 428321K->359201K(589824K), 0.0020816 secs] [Times: user=0.01 sys=0.00, real=0.00 secs] 
1567.754: [GC (Allocation Failure) [PSYoungGen: 69952K->1344K(69632K)] 427809K->359201K(589312K), 0.0018057 secs] [Times: user=0.01 sys=0.00, real=0.00 secs] 
1567.936: [GC (Allocation Failure) [PSYoungGen: 69440K->1485K(69120K)] 427297K->359342K(588800K), 0.0017285 secs] [Times: user=0.01 sys=0.00, real=0.01 secs] 
1568.055: [GC (Allocation Failure) [PSYoungGen: 69069K->1469K(68608K)] 426926K->359326K(588288K), 0.0016366 secs] [Times: user=0.01 sys=0.00, real=0.01 secs] 
1568.173: [GC (Allocation Failure) [PSYoungGen: 68541K->1501K(70144K)] 426398K->359358K(589824K), 0.0015787 secs] [Times: user=0.00 sys=0.00, real=0.00 secs] 
1568.308: [GC (Allocation Failure) [PSYoungGen: 69597K->1584K(75776K)] 427454K->359441K(595456K), 0.0016353 secs] [Times: user=0.01 sys=0.00, real=0.00 secs] 
1568.611: [GC (Allocation Failure) [PSYoungGen: 75312K->1344K(74752K)] 433169K->359201K(594432K), 0.0016148 secs] [Times: user=0.00 sys=0.00, real=0.00 secs] 
1568.915: [GC (Allocation Failure) [PSYoungGen: 74560K->1344K(74240K)] 432417K->359201K(593920K), 0.0017903 secs] [Times: user=0.01 sys=0.00, real=0.00 secs] 
1569.226: [GC (Allocation Failure) [PSYoungGen: 74048K->1296K(73728K)] 431905K->359153K(593408K), 0.0027889 secs] [Times: user=0.01 sys=0.00, real=0.01 secs] 
1569.536: [GC (Allocation Failure) [PSYoungGen: 73488K->1456K(73216K)] 431345K->359313K(592896K), 0.0023053 secs] [Times: user=0.01 sys=0.00, real=0.01 secs] 
1569.687: [GC (Allocation Failure) [PSYoungGen: 73136K->1440K(72704K)] 430993K->359297K(592384K), 0.0017359 secs] [Times: user=0.00 sys=0.00, real=0.00 secs] 
1569.814: [GC (Allocation Failure) [PSYoungGen: 72608K->1501K(72192K)] 430465K->359358K(591872K), 0.0015706 secs] [Times: user=0.01 sys=0.00, real=0.00 secs] 
1569.939: [GC (Allocation Failure) [PSYoungGen: 72157K->1485K(72704K)] 430014K->359342K(592384K), 0.0016225 secs] [Times: user=0.01 sys=0.00, real=0.00 secs] 
1570.342: [GC (Allocation Failure) [PSYoungGen: 72141K->1488K(71680K)] 429998K->359345K(591360K), 0.0019379 secs] [Times: user=0.01 sys=0.00, real=0.00 secs] 
1570.983: [GC (Allocation Failure) [PSYoungGen: 71632K->1376K(71168K)] 429489K->359233K(590848K), 0.0020806 secs] [Times: user=0.01 sys=0.00, real=0.00 secs] 
1571.563: [GC (Allocation Failure) [PSYoungGen: 71008K->1376K(70656K)] 428865K->359241K(590336K), 0.0041588 secs] [Times: user=0.02 sys=0.00, real=0.01 secs] 
1572.013: [GC (Allocation Failure) [PSYoungGen: 70496K->1344K(70144K)] 428361K->359209K(589824K), 0.0022086 secs] [Times: user=0.01 sys=0.00, real=0.00 secs] 
1572.245: [GC (Allocation Failure) [PSYoungGen: 69952K->1501K(69632K)] 427817K->359366K(589312K), 0.0016199 secs] [Times: user=0.01 sys=0.00, real=0.00 secs] 
1572.365: [GC (Allocation Failure) [PSYoungGen: 69597K->1517K(69120K)] 427462K->359382K(588800K), 0.0017292 secs] [Times: user=0.01 sys=0.00, real=0.00 secs] 
1572.484: [GC (Allocation Failure) [PSYoungGen: 69101K->1501K(68608K)] 426966K->359366K(588288K), 0.0015217 secs] [Times: user=0.01 sys=0.00, real=0.00 secs] 
1572.602: [GC (Allocation Failure) [PSYoungGen: 68573K->1501K(75776K)] 426438K->359382K(595456K), 0.0015807 secs] [Times: user=0.01 sys=0.00, real=0.00 secs] 
1572.888: [GC (Allocation Failure) [PSYoungGen: 75229K->1408K(74752K)] 433110K->359289K(594432K), 0.0019290 secs] [Times: user=0.00 sys=0.00, real=0.00 secs] 
1573.192: [GC (Allocation Failure) [PSYoungGen: 74624K->1376K(74240K)] 432505K->359265K(593920K), 0.0018942 secs] [Times: user=0.00 sys=0.00, real=0.00 secs] 
1573.495: [GC (Allocation Failure) [PSYoungGen: 74080K->1344K(73728K)] 431969K->359241K(593408K), 0.0019650 secs] [Times: user=0.00 sys=0.00, real=0.01 secs] 
1573.796: [GC (Allocation Failure) [PSYoungGen: 73536K->1360K(73216K)] 431433K->359257K(592896K), 0.0018707 secs] [Times: user=0.01 sys=0.00, real=0.01 secs] 
1573.975: [GC (Allocation Failure) [PSYoungGen: 73040K->1488K(72704K)] 430937K->359385K(592384K), 0.0017006 secs] [Times: user=0.00 sys=0.00, real=0.00 secs] 
1574.100: [GC (Allocation Failure) [PSYoungGen: 72656K->1469K(72192K)] 430553K->359366K(591872K), 0.0017259 secs] [Times: user=0.01 sys=0.00, real=0.00 secs] 
1574.225: [GC (Allocation Failure) [PSYoungGen: 72125K->1533K(72704K)] 430022K->359430K(592384K), 0.0017486 secs] [Times: user=0.01 sys=0.00, real=0.00 secs] 
1574.852: [GC (Allocation Failure) [PSYoungGen: 72189K->1408K(71680K)] 430086K->359305K(591360K), 0.0031023 secs] [Times: user=0.01 sys=0.00, real=0.00 secs] 
1575.713: [GC (Allocation Failure) [PSYoungGen: 71552K->1344K(71168K)] 429449K->359241K(590848K), 0.0031866 secs] [Times: user=0.01 sys=0.00, real=0.00 secs] 
1576.335: [GC (Allocation Failure) [PSYoungGen: 70976K->1344K(70656K)] 428873K->359265K(590336K), 0.0027345 secs] [Times: user=0.01 sys=0.00, real=0.01 secs] 
1576.716: [GC (Allocation Failure) [PSYoungGen: 70464K->1392K(70144K)] 428385K->359313K(589824K), 0.0020817 secs] [Times: user=0.01 sys=0.00, real=0.01 secs] 
1577.024: [GC (Allocation Failure) [PSYoungGen: 70000K->1501K(69632K)] 427921K->359422K(589312K), 0.0018582 secs] [Times: user=0.01 sys=0.00, real=0.00 secs] 
1577.146: [GC (Allocation Failure) [PSYoungGen: 69597K->1501K(69120K)] 427518K->359422K(588800K), 0.0017402 secs] [Times: user=0.01 sys=0.00, real=0.01 secs] 
1577.265: [GC (Allocation Failure) [PSYoungGen: 69085K->1501K(68608K)] 427006K->359422K(588288K), 0.0017401 secs] [Times: user=0.01 sys=0.00, real=0.01 secs] 
1577.383: [GC (Allocation Failure) [PSYoungGen: 68560K->1453K(69120K)] 426481K->359374K(588800K), 0.0017482 secs] [Times: user=0.01 sys=0.00, real=0.00 secs] 
1578.805: [GC (Allocation Failure) [PSYoungGen: 68525K->1440K(68096K)] 426446K->359369K(587776K), 0.0044489 secs] [Times: user=0.02 sys=0.01, real=0.01 secs] 
1579.795: [GC (Allocation Failure) [PSYoungGen: 68000K->1344K(67584K)] 425929K->359273K(587264K), 0.0037349 secs] [Times: user=0.02 sys=0.00, real=0.01 secs] 
1580.762: [GC (Allocation Failure) [PSYoungGen: 67392K->1376K(67072K)] 425321K->359305K(586752K), 0.0035668 secs] [Times: user=0.01 sys=0.00, real=0.00 secs] 
1581.539: [GC (Allocation Failure) [PSYoungGen: 66912K->1408K(66560K)] 424841K->359337K(586240K), 0.0029887 secs] [Times: user=0.01 sys=0.00, real=0.00 secs] 
1582.254: [GC (Allocation Failure) [PSYoungGen: 66432K->1424K(66048K)] 424361K->359353K(585728K), 0.0026780 secs] [Times: user=0.01 sys=0.00, real=0.01 secs] 
1582.419: [GC (Allocation Failure) [PSYoungGen: 65936K->1469K(65536K)] 423865K->359398K(585216K), 0.0017305 secs] [Times: user=0.01 sys=0.00, real=0.00 secs] 
1582.532: [GC (Allocation Failure) [PSYoungGen: 65469K->1501K(65024K)] 423398K->359430K(584704K), 0.0018880 secs] [Times: user=0.01 sys=0.00, real=0.00 secs] 
1582.659: [GC (Allocation Failure) [PSYoungGen: 64989K->1501K(65536K)] 422918K->359438K(585216K), 0.0018517 secs] [Times: user=0.01 sys=0.00, real=0.00 secs] 
1582.827: [GC (Allocation Failure) [PSYoungGen: 64989K->1584K(65536K)] 422926K->359521K(585216K), 0.0020134 secs] [Times: user=0.01 sys=0.00, real=0.01 secs] 
1583.340: [GC (Allocation Failure) [PSYoungGen: 65072K->1344K(64512K)] 423009K->359281K(584192K), 0.0021999 secs] [Times: user=0.01 sys=0.00, real=0.00 secs] 
1583.725: [GC (Allocation Failure) [PSYoungGen: 64320K->1344K(64000K)] 422257K->359281K(583680K), 0.0021830 secs] [Times: user=0.00 sys=0.00, real=0.01 secs] 
1583.985: [GC (Allocation Failure) [PSYoungGen: 63808K->1344K(63488K)] 421745K->359281K(583168K), 0.0019001 secs] [Times: user=0.01 sys=0.00, real=0.01 secs] 
1584.297: [GC (Allocation Failure) [PSYoungGen: 63296K->1344K(62976K)] 421233K->359281K(582656K), 0.0021897 secs] [Times: user=0.01 sys=0.00, real=0.00 secs] 
1584.625: [GC (Allocation Failure) [PSYoungGen: 62784K->1405K(62464K)] 420721K->359342K(582144K), 0.0016397 secs] [Times: user=0.01 sys=0.00, real=0.01 secs] 
1584.733: [GC (Allocation Failure) [PSYoungGen: 62333K->1520K(61952K)] 420270K->359457K(581632K), 0.0017193 secs] [Times: user=0.01 sys=0.00, real=0.00 secs] 
1584.840: [GC (Allocation Failure) [PSYoungGen: 61936K->1501K(68096K)] 419873K->359454K(587776K), 0.0017049 secs] [Times: user=0.00 sys=0.00, real=0.00 secs] 
1584.956: [GC (Allocation Failure) [PSYoungGen: 68061K->1488K(68608K)] 426014K->359441K(588288K), 0.0016412 secs] [Times: user=0.01 sys=0.00, real=0.01 secs] 
1585.470: [GC (Allocation Failure) [PSYoungGen: 68048K->1376K(67584K)] 426001K->359329K(587264K), 0.0020276 secs] [Times: user=0.01 sys=0.00, real=0.00 secs] 
1586.050: [GC (Allocation Failure) [PSYoungGen: 67424K->1344K(67072K)] 425377K->359313K(586752K), 0.0021405 secs] [Times: user=0.01 sys=0.00, real=0.00 secs] 
1586.659: [GC (Allocation Failure) [PSYoungGen: 66880K->1344K(66560K)] 424849K->359313K(586240K), 0.0020442 secs] [Times: user=0.00 sys=0.00, real=0.00 secs] 
1587.232: [GC (Allocation Failure) [PSYoungGen: 66368K->1312K(66048K)] 424337K->359281K(585728K), 0.0022982 secs] [Times: user=0.01 sys=0.00, real=0.00 secs] 
1587.724: [GC (Allocation Failure) [PSYoungGen: 65824K->1469K(65536K)] 423793K->359438K(585216K), 0.0020483 secs] [Times: user=0.01 sys=0.00, real=0.00 secs] 
1587.894: [GC (Allocation Failure) [PSYoungGen: 65469K->1501K(65024K)] 423438K->359470K(584704K), 0.0023863 secs] [Times: user=0.01 sys=0.00, real=0.00 secs] 
1588.047: [GC (Allocation Failure) [PSYoungGen: 64989K->1485K(64512K)] 422958K->359470K(584192K), 0.0017011 secs] [Times: user=0.00 sys=0.00, real=0.00 secs] 
1588.157: [GC (Allocation Failure) [PSYoungGen: 64461K->1485K(64000K)] 422446K->359470K(583680K), 0.0016267 secs] [Times: user=0.00 sys=0.00, real=0.00 secs] 
1588.387: [GC (Allocation Failure) [PSYoungGen: 63757K->1520K(63488K)] 421742K->359657K(583168K), 0.0019513 secs] [Times: user=0.00 sys=0.00, real=0.00 secs] 
1589.595: [GC (Allocation Failure) [PSYoungGen: 63472K->1312K(62976K)] 421609K->359449K(582656K), 0.0039789 secs] [Times: user=0.02 sys=0.00, real=0.01 secs] 
1590.084: [GC (Allocation Failure) [PSYoungGen: 62752K->1376K(62464K)] 420889K->359513K(582144K), 0.0024865 secs] [Times: user=0.01 sys=0.00, real=0.01 secs] 
1590.637: [GC (Allocation Failure) [PSYoungGen: 62304K->1408K(61952K)] 420441K->359545K(581632K), 0.0022772 secs] [Times: user=0.01 sys=0.00, real=0.00 secs] 
1591.364: [GC (Allocation Failure) [PSYoungGen: 61824K->1408K(61440K)] 419961K->359545K(581120K), 0.0024525 secs] [Times: user=0.01 sys=0.00, real=0.00 secs] 
1591.770: [GC (Allocation Failure) [PSYoungGen: 61312K->1453K(61440K)] 419449K->359590K(581120K), 0.0023748 secs] [Times: user=0.01 sys=0.00, real=0.00 secs] 
1591.903: [GC (Allocation Failure) [PSYoungGen: 61357K->1485K(61440K)] 419494K->359622K(581120K), 0.0016482 secs] [Times: user=0.01 sys=0.00, real=0.00 secs] 
1592.014: [GC (Allocation Failure) [PSYoungGen: 61389K->1488K(61440K)] 419526K->359641K(581120K), 0.0015519 secs] [Times: user=0.01 sys=0.00, real=0.00 secs] 
1592.123: [GC (Allocation Failure) [PSYoungGen: 61392K->1485K(66560K)] 419545K->359638K(586240K), 0.0015306 secs] [Times: user=0.01 sys=0.00, real=0.00 secs] 
1592.424: [GC (Allocation Failure) [PSYoungGen: 66509K->1440K(66048K)] 424662K->359593K(585728K), 0.0020116 secs] [Times: user=0.01 sys=0.00, real=0.00 secs] 
1593.037: [GC (Allocation Failure) [PSYoungGen: 65952K->1376K(65536K)] 424105K->359529K(585216K), 0.0022469 secs] [Times: user=0.01 sys=0.00, real=0.00 secs] 
1593.581: [GC (Allocation Failure) [PSYoungGen: 65376K->1344K(65024K)] 423529K->359497K(584704K), 0.0025839 secs] [Times: user=0.00 sys=0.01, real=0.00 secs] 
1594.065: [GC (Allocation Failure) [PSYoungGen: 64832K->1360K(64512K)] 422985K->359513K(584192K), 0.0023815 secs] [Times: user=0.01 sys=0.00, real=0.01 secs] 
1594.842: [GC (Allocation Failure) [PSYoungGen: 64336K->1376K(64000K)] 422489K->359529K(583680K), 0.0029398 secs] [Times: user=0.01 sys=0.00, real=0.00 secs] 
1595.126: [GC (Allocation Failure) [PSYoungGen: 63840K->1501K(63488K)] 421993K->359654K(583168K), 0.0019300 secs] [Times: user=0.01 sys=0.00, real=0.01 secs] 
1595.245: [GC (Allocation Failure) [PSYoungGen: 63453K->1533K(62976K)] 421606K->359702K(582656K), 0.0018287 secs] [Times: user=0.00 sys=0.00, real=0.01 secs] 
1595.367: [GC (Allocation Failure) [PSYoungGen: 62973K->1485K(62464K)] 421142K->359654K(582144K), 0.0019176 secs] [Times: user=0.01 sys=0.00, real=0.01 secs] 
1595.502: [GC (Allocation Failure) [PSYoungGen: 62413K->1501K(62976K)] 420582K->359670K(582656K), 0.0019199 secs] [Times: user=0.01 sys=0.00, real=0.00 secs] 
1595.827: [GC (Allocation Failure) [PSYoungGen: 62429K->1424K(68096K)] 420598K->359593K(587776K), 0.0026856 secs] [Times: user=0.02 sys=0.00, real=0.00 secs] 
1596.172: [GC (Allocation Failure) [PSYoungGen: 67984K->1408K(67584K)] 426153K->359593K(587264K), 0.0027989 secs] [Times: user=0.01 sys=0.00, real=0.00 secs] 
1596.455: [GC (Allocation Failure) [PSYoungGen: 67456K->1344K(67072K)] 425641K->359529K(586752K), 0.0022773 secs] [Times: user=0.01 sys=0.00, real=0.01 secs] 
1596.721: [GC (Allocation Failure) [PSYoungGen: 66880K->1376K(66560K)] 425065K->359561K(586240K), 0.0019218 secs] [Times: user=0.01 sys=0.00, real=0.00 secs] 
1596.979: [GC (Allocation Failure) [PSYoungGen: 66400K->1408K(66048K)] 424585K->359593K(585728K), 0.0017074 secs] [Times: user=0.00 sys=0.00, real=0.00 secs] 
1597.110: [GC (Allocation Failure) [PSYoungGen: 65920K->1437K(65536K)] 424105K->359622K(585216K), 0.0019502 secs] [Times: user=0.00 sys=0.00, real=0.00 secs] 
1597.252: [GC (Allocation Failure) [PSYoungGen: 65437K->1485K(66048K)] 423622K->359678K(585728K), 0.0019789 secs] [Times: user=0.01 sys=0.00, real=0.00 secs] 
1597.407: [GC (Allocation Failure) [PSYoungGen: 65485K->1453K(66048K)] 423678K->359646K(585728K), 0.0021777 secs] [Times: user=0.01 sys=0.00, real=0.00 secs] 
1597.865: [GC (Allocation Failure) [PSYoungGen: 65453K->1376K(72192K)] 423646K->359569K(591872K), 0.0027087 secs] [Times: user=0.01 sys=0.01, real=0.01 secs] 
1598.728: [GC (Allocation Failure) [PSYoungGen: 71520K->1376K(71168K)] 429713K->359569K(590848K), 0.0036862 secs] [Times: user=0.01 sys=0.01, real=0.00 secs] 
1599.521: [GC (Allocation Failure) [PSYoungGen: 71008K->1376K(70656K)] 429201K->359569K(590336K), 0.0031876 secs] [Times: user=0.01 sys=0.00, real=0.00 secs] 
1600.390: [GC (Allocation Failure) [PSYoungGen: 70496K->1376K(70144K)] 428689K->359569K(589824K), 0.0031696 secs] [Times: user=0.01 sys=0.00, real=0.00 secs] 
1600.829: [GC (Allocation Failure) [PSYoungGen: 69957K->1456K(69632K)] 428150K->359649K(589312K), 0.0025128 secs] [Times: user=0.01 sys=0.00, real=0.00 secs] 
1601.030: [GC (Allocation Failure) [PSYoungGen: 69552K->1488K(69120K)] 427745K->359681K(588800K), 0.0025200 secs] [Times: user=0.01 sys=0.00, real=0.00 secs] 
1601.177: [GC (Allocation Failure) [PSYoungGen: 69072K->1485K(68608K)] 427265K->359678K(588288K), 0.0015684 secs] [Times: user=0.01 sys=0.00, real=0.00 secs] 
1601.297: [GC (Allocation Failure) [PSYoungGen: 68543K->1517K(68096K)] 426736K->359726K(587776K), 0.0016482 secs] [Times: user=0.01 sys=0.00, real=0.00 secs] 
1601.631: [GC (Allocation Failure) [PSYoungGen: 68077K->1472K(67584K)] 426286K->359689K(587264K), 0.0034725 secs] [Times: user=0.01 sys=0.01, real=0.00 secs] 
1602.178: [GC (Allocation Failure) [PSYoungGen: 67520K->1344K(67072K)] 425737K->359561K(586752K), 0.0033547 secs] [Times: user=0.01 sys=0.00, real=0.00 secs] 
1602.801: [GC (Allocation Failure) [PSYoungGen: 66880K->1376K(66560K)] 425097K->359593K(586240K), 0.0023578 secs] [Times: user=0.01 sys=0.01, real=0.00 secs] 
1603.224: [GC (Allocation Failure) [PSYoungGen: 66400K->1376K(66048K)] 424617K->359593K(585728K), 0.0021762 secs] [Times: user=0.01 sys=0.00, real=0.00 secs] 
1603.508: [GC (Allocation Failure) [PSYoungGen: 65888K->1469K(65536K)] 424105K->359686K(585216K), 0.0024488 secs] [Times: user=0.01 sys=0.00, real=0.00 secs] 
1603.659: [GC (Allocation Failure) [PSYoungGen: 65469K->1472K(65024K)] 423686K->359689K(584704K), 0.0017585 secs] [Times: user=0.01 sys=0.00, real=0.00 secs] 
1603.771: [GC (Allocation Failure) [PSYoungGen: 64960K->1485K(64512K)] 423177K->359702K(584192K), 0.0016919 secs] [Times: user=0.01 sys=0.00, real=0.00 secs] 
1603.899: [GC (Allocation Failure) [PSYoungGen: 64461K->1453K(65024K)] 422678K->359678K(584704K), 0.0020062 secs] [Times: user=0.01 sys=0.00, real=0.00 secs] 
1604.048: [GC (Allocation Failure) [PSYoungGen: 64429K->1504K(71168K)] 422654K->359729K(590848K), 0.0016021 secs] [Times: user=0.00 sys=0.00, real=0.00 secs] 
1605.971: [GC (Allocation Failure) [PSYoungGen: 70624K->1408K(70144K)] 428849K->359641K(589824K), 0.0045123 secs] [Times: user=0.02 sys=0.00, real=0.00 secs] 
1607.056: [GC (Allocation Failure) [PSYoungGen: 70016K->1376K(69632K)] 428249K->359609K(589312K), 0.0029896 secs] [Times: user=0.01 sys=0.00, real=0.01 secs] 
1607.779: [GC (Allocation Failure) [PSYoungGen: 69472K->1312K(69120K)] 427705K->359545K(588800K), 0.0025159 secs] [Times: user=0.01 sys=0.00, real=0.00 secs] 
1608.314: [GC (Allocation Failure) [PSYoungGen: 68896K->1376K(68608K)] 427129K->359609K(588288K), 0.0025427 secs] [Times: user=0.01 sys=0.00, real=0.00 secs] 
1608.626: [GC (Allocation Failure) [PSYoungGen: 68448K->1469K(68096K)] 426681K->359702K(587776K), 0.0019511 secs] [Times: user=0.01 sys=0.00, real=0.01 secs] 
1608.752: [GC (Allocation Failure) [PSYoungGen: 68029K->1501K(67584K)] 426262K->359758K(587264K), 0.0016792 secs] [Times: user=0.01 sys=0.00, real=0.00 secs] 
1608.868: [GC (Allocation Failure) [PSYoungGen: 67549K->1501K(67072K)] 425806K->359774K(586752K), 0.0017601 secs] [Times: user=0.01 sys=0.00, real=0.00 secs] 
1608.984: [GC (Allocation Failure) [PSYoungGen: 67037K->1485K(67584K)] 425310K->359758K(587264K), 0.0016508 secs] [Times: user=0.01 sys=0.00, real=0.00 secs] 
1609.549: [GC (Allocation Failure) [PSYoungGen: 67021K->1408K(66560K)] 425294K->359681K(586240K), 0.0021578 secs] [Times: user=0.01 sys=0.01, real=0.00 secs] 
1609.868: [GC (Allocation Failure) [PSYoungGen: 66432K->1376K(66048K)] 424705K->359649K(585728K), 0.0022497 secs] [Times: user=0.01 sys=0.00, real=0.00 secs] 
1610.167: [GC (Allocation Failure) [PSYoungGen: 65888K->1376K(65536K)] 424161K->359649K(585216K), 0.0021082 secs] [Times: user=0.01 sys=0.00, real=0.00 secs] 
1610.680: [GC (Allocation Failure) [PSYoungGen: 65376K->1408K(65024K)] 423649K->359681K(584704K), 0.0020839 secs] [Times: user=0.01 sys=0.00, real=0.00 secs] 
1610.954: [GC (Allocation Failure) [PSYoungGen: 64896K->1469K(64512K)] 423169K->359742K(584192K), 0.0016471 secs] [Times: user=0.01 sys=0.00, real=0.00 secs] 
1611.064: [GC (Allocation Failure) [PSYoungGen: 64445K->1533K(64000K)] 422718K->359806K(583680K), 0.0016333 secs] [Times: user=0.01 sys=0.00, real=0.00 secs] 
1611.175: [GC (Allocation Failure) [PSYoungGen: 63997K->1533K(64512K)] 422270K->359806K(584192K), 0.0016494 secs] [Times: user=0.01 sys=0.00, real=0.00 secs] 
1611.285: [GC (Allocation Failure) [PSYoungGen: 63990K->1501K(70656K)] 422263K->359782K(590336K), 0.0015385 secs] [Times: user=0.01 sys=0.00, real=0.00 secs] 
1612.920: [GC (Allocation Failure) [PSYoungGen: 70109K->1408K(69632K)] 428390K->359689K(589312K), 0.0042910 secs] [Times: user=0.01 sys=0.00, real=0.00 secs] 
1614.242: [GC (Allocation Failure) [PSYoungGen: 69504K->1392K(69120K)] 427785K->359673K(588800K), 0.0036161 secs] [Times: user=0.02 sys=0.00, real=0.00 secs] 
1615.049: [GC (Allocation Failure) [PSYoungGen: 68976K->1344K(68608K)] 427257K->359625K(588288K), 0.0032426 secs] [Times: user=0.01 sys=0.00, real=0.00 secs] 
1615.616: [GC (Allocation Failure) [PSYoungGen: 68416K->1376K(68096K)] 426697K->359657K(587776K), 0.0023427 secs] [Times: user=0.01 sys=0.00, real=0.01 secs] 
1616.286: [GC (Allocation Failure) [PSYoungGen: 67936K->1469K(67584K)] 426217K->359750K(587264K), 0.0023634 secs] [Times: user=0.01 sys=0.00, real=0.01 secs] 
1616.432: [GC (Allocation Failure) [PSYoungGen: 67517K->1485K(67072K)] 425798K->359766K(586752K), 0.0018941 secs] [Times: user=0.01 sys=0.00, real=0.00 secs] 
1616.548: [GC (Allocation Failure) [PSYoungGen: 67021K->1453K(66560K)] 425302K->359734K(586240K), 0.0018110 secs] [Times: user=0.00 sys=0.00, real=0.00 secs] 
1616.663: [GC (Allocation Failure) [PSYoungGen: 66477K->1533K(67072K)] 424758K->359830K(586752K), 0.0017366 secs] [Times: user=0.00 sys=0.00, real=0.00 secs] 
1617.125: [GC (Allocation Failure) [PSYoungGen: 66557K->1424K(66048K)] 424854K->359721K(585728K), 0.0020956 secs] [Times: user=0.00 sys=0.00, real=0.01 secs] 
1617.732: [GC (Allocation Failure) [PSYoungGen: 65936K->1344K(65536K)] 424233K->359641K(585216K), 0.0037612 secs] [Times: user=0.02 sys=0.00, real=0.00 secs] 
1618.220: [GC (Allocation Failure) [PSYoungGen: 65344K->1376K(65024K)] 423641K->359673K(584704K), 0.0024031 secs] [Times: user=0.00 sys=0.00, real=0.00 secs] 
1618.588: [GC (Allocation Failure) [PSYoungGen: 64864K->1376K(64512K)] 423161K->359673K(584192K), 0.0022318 secs] [Times: user=0.01 sys=0.00, real=0.00 secs] 
1619.263: [GC (Allocation Failure) [PSYoungGen: 64352K->1405K(64000K)] 422649K->359702K(583680K), 0.0024424 secs] [Times: user=0.01 sys=0.00, real=0.00 secs] 
1619.412: [GC (Allocation Failure) [PSYoungGen: 63869K->1469K(63488K)] 422166K->359766K(583168K), 0.0016434 secs] [Times: user=0.01 sys=0.00, real=0.00 secs] 
1619.520: [GC (Allocation Failure) [PSYoungGen: 63421K->1453K(62976K)] 421718K->359766K(582656K), 0.0016220 secs] [Times: user=0.00 sys=0.00, real=0.00 secs] 
1619.628: [GC (Allocation Failure) [PSYoungGen: 62893K->1533K(63488K)] 421206K->359862K(583168K), 0.0017099 secs] [Times: user=0.01 sys=0.00, real=0.00 secs] 
1619.735: [GC (Allocation Failure) [PSYoungGen: 62973K->1501K(63488K)] 421302K->359830K(583168K), 0.0015651 secs] [Times: user=0.01 sys=0.00, real=0.00 secs] 
1620.009: [GC (Allocation Failure) [PSYoungGen: 62941K->1488K(69632K)] 421270K->359817K(589312K), 0.0044657 secs] [Times: user=0.00 sys=0.02, real=0.00 secs] 
1620.293: [GC (Allocation Failure) [PSYoungGen: 69072K->1408K(69632K)] 427401K->359737K(589312K), 0.0019322 secs] [Times: user=0.01 sys=0.00, real=0.00 secs] 
1620.574: [GC (Allocation Failure) [PSYoungGen: 68992K->1344K(76288K)] 427321K->359673K(595968K), 0.0024652 secs] [Times: user=0.01 sys=0.00, real=0.00 secs] 
1620.886: [GC (Allocation Failure) [PSYoungGen: 75584K->1376K(76288K)] 433913K->359705K(595968K), 0.0025018 secs] [Times: user=0.01 sys=0.00, real=0.01 secs] 
1621.148: [GC (Allocation Failure) [PSYoungGen: 75616K->1565K(75776K)] 433945K->359894K(595456K), 0.0018587 secs] [Times: user=0.01 sys=0.00, real=0.00 secs] 
1621.281: [GC (Allocation Failure) [PSYoungGen: 75293K->1597K(82432K)] 433622K->359926K(602112K), 0.0016142 secs] [Times: user=0.01 sys=0.00, real=0.00 secs] 
1621.422: [GC (Allocation Failure) [PSYoungGen: 81981K->1517K(82432K)] 440310K->359854K(602112K), 0.0016344 secs] [Times: user=0.01 sys=0.00, real=0.00 secs] 
1621.667: [GC (Allocation Failure) [PSYoungGen: 82413K->1440K(81920K)] 440750K->359777K(601600K), 0.0019459 secs] [Times: user=0.01 sys=0.00, real=0.00 secs] 
1622.030: [GC (Allocation Failure) [PSYoungGen: 81824K->1376K(81408K)] 440161K->359713K(601088K), 0.0018719 secs] [Times: user=0.00 sys=0.00, real=0.00 secs] 
1622.397: [GC (Allocation Failure) [PSYoungGen: 81248K->1408K(80896K)] 439585K->359745K(600576K), 0.0019070 secs] [Times: user=0.01 sys=0.00, real=0.00 secs] 
1623.091: [GC (Allocation Failure) [PSYoungGen: 80768K->1376K(80384K)] 439105K->359713K(600064K), 0.0021544 secs] [Times: user=0.00 sys=0.00, real=0.00 secs] 
1623.343: [GC (Allocation Failure) [PSYoungGen: 80224K->1440K(79872K)] 438561K->359777K(599552K), 0.0016356 secs] [Times: user=0.01 sys=0.00, real=0.00 secs] 
1623.503: [GC (Allocation Failure) [PSYoungGen: 79776K->1501K(79360K)] 438113K->359838K(599040K), 0.0020831 secs] [Times: user=0.01 sys=0.00, real=0.00 secs] 
1623.676: [GC (Allocation Failure) [PSYoungGen: 79325K->1485K(78848K)] 437662K->359822K(598528K), 0.0020694 secs] [Times: user=0.01 sys=0.00, real=0.01 secs] 
1624.031: [GC (Allocation Failure) [PSYoungGen: 78797K->1440K(78336K)] 437134K->359777K(598016K), 0.0022850 secs] [Times: user=0.00 sys=0.00, real=0.00 secs] 
1624.386: [GC (Allocation Failure) [PSYoungGen: 78240K->1344K(77824K)] 436577K->359681K(597504K), 0.0021576 secs] [Times: user=0.01 sys=0.00, real=0.01 secs] 
1625.072: [GC (Allocation Failure) [PSYoungGen: 77632K->1376K(77312K)] 435969K->359713K(596992K), 0.0020493 secs] [Times: user=0.01 sys=0.00, real=0.00 secs] 
1625.769: [GC (Allocation Failure) [PSYoungGen: 77152K->1376K(76800K)] 435489K->359713K(596480K), 0.0023671 secs] [Times: user=0.01 sys=0.00, real=0.00 secs] 
1625.998: [GC (Allocation Failure) [PSYoungGen: 76640K->1469K(76288K)] 434977K->359806K(595968K), 0.0016416 secs] [Times: user=0.00 sys=0.00, real=0.00 secs] 
1626.129: [GC (Allocation Failure) [PSYoungGen: 76221K->1533K(75776K)] 434558K->359870K(595456K), 0.0017270 secs] [Times: user=0.00 sys=0.00, real=0.00 secs] 
1626.261: [GC (Allocation Failure) [PSYoungGen: 75773K->1549K(75776K)] 434110K->359910K(595456K), 0.0015728 secs] [Times: user=0.01 sys=0.00, real=0.00 secs] 
1626.673: [GC (Allocation Failure) [PSYoungGen: 75277K->1440K(74752K)] 433638K->359801K(594432K), 0.0020929 secs] [Times: user=0.01 sys=0.00, real=0.00 secs] 
1627.412: [GC (Allocation Failure) [PSYoungGen: 74656K->1408K(74240K)] 433017K->359777K(593920K), 0.0022252 secs] [Times: user=0.01 sys=0.00, real=0.00 secs] 
1628.006: [GC (Allocation Failure) [PSYoungGen: 74112K->1344K(73728K)] 432481K->359713K(593408K), 0.0032479 secs] [Times: user=0.01 sys=0.00, real=0.01 secs] 
1628.554: [GC (Allocation Failure) [PSYoungGen: 73536K->1408K(73216K)] 431905K->359777K(592896K), 0.0024145 secs] [Times: user=0.01 sys=0.00, real=0.00 secs] 
1629.067: [GC (Allocation Failure) [PSYoungGen: 73088K->1469K(72704K)] 431457K->359838K(592384K), 0.0021701 secs] [Times: user=0.01 sys=0.00, real=0.00 secs] 
1629.207: [GC (Allocation Failure) [PSYoungGen: 72637K->1453K(72192K)] 431006K->359822K(591872K), 0.0015867 secs] [Times: user=0.01 sys=0.00, real=0.00 secs] 
1629.350: [GC (Allocation Failure) [PSYoungGen: 72109K->1421K(71680K)] 430478K->359790K(591360K), 0.0019950 secs] [Times: user=0.01 sys=0.00, real=0.00 secs] 
1629.514: [GC (Allocation Failure) [PSYoungGen: 71565K->1533K(71168K)] 429934K->359902K(590848K), 0.0019875 secs] [Times: user=0.01 sys=0.00, real=0.00 secs] 
1630.387: [GC (Allocation Failure) [PSYoungGen: 71165K->1408K(70656K)] 429534K->359777K(590336K), 0.0026426 secs] [Times: user=0.01 sys=0.00, real=0.01 secs] 
1631.129: [GC (Allocation Failure) [PSYoungGen: 70528K->1408K(70144K)] 428897K->359777K(589824K), 0.0029039 secs] [Times: user=0.01 sys=0.00, real=0.00 secs] 
1631.824: [GC (Allocation Failure) [PSYoungGen: 70016K->1344K(69632K)] 428385K->359713K(589312K), 0.0041855 secs] [Times: user=0.01 sys=0.00, real=0.01 secs] 
1632.410: [GC (Allocation Failure) [PSYoungGen: 69440K->1408K(69120K)] 427809K->359777K(588800K), 0.0027840 secs] [Times: user=0.01 sys=0.00, real=0.00 secs] 
1632.697: [GC (Allocation Failure) [PSYoungGen: 68992K->1421K(68608K)] 427361K->359790K(588288K), 0.0016744 secs] [Times: user=0.01 sys=0.00, real=0.00 secs] 
1632.816: [GC (Allocation Failure) [PSYoungGen: 68493K->1469K(68096K)] 426862K->359838K(587776K), 0.0016886 secs] [Times: user=0.00 sys=0.00, real=0.01 secs] 
1632.935: [GC (Allocation Failure) [PSYoungGen: 68029K->1421K(69120K)] 426398K->359790K(588800K), 0.0021927 secs] [Times: user=0.01 sys=0.00, real=0.01 secs] 
1633.074: [GC (Allocation Failure) [PSYoungGen: 68463K->1552K(74752K)] 426832K->359929K(594432K), 0.0020932 secs] [Times: user=0.01 sys=0.00, real=0.00 secs] 
1633.821: [GC (Allocation Failure) [PSYoungGen: 74256K->1376K(74752K)] 432633K->359753K(594432K), 0.0035939 secs] [Times: user=0.02 sys=0.00, real=0.00 secs] 
1634.231: [GC (Allocation Failure) [PSYoungGen: 74080K->1376K(73728K)] 432457K->359753K(593408K), 0.0022949 secs] [Times: user=0.01 sys=0.00, real=0.00 secs] 
1634.606: [GC (Allocation Failure) [PSYoungGen: 73568K->1376K(73216K)] 431945K->359753K(592896K), 0.0020378 secs] [Times: user=0.01 sys=0.00, real=0.01 secs] 
1635.113: [GC (Allocation Failure) [PSYoungGen: 73056K->1440K(72704K)] 431433K->359817K(592384K), 0.0020339 secs] [Times: user=0.01 sys=0.00, real=0.00 secs] 
1635.252: [GC (Allocation Failure) [PSYoungGen: 72608K->1501K(72192K)] 430985K->359878K(591872K), 0.0016367 secs] [Times: user=0.01 sys=0.00, real=0.00 secs] 
1635.377: [GC (Allocation Failure) [PSYoungGen: 72157K->1469K(71680K)] 430534K->359846K(591360K), 0.0015960 secs] [Times: user=0.01 sys=0.00, real=0.00 secs] 
1635.500: [GC (Allocation Failure) [PSYoungGen: 71611K->1517K(78848K)] 429988K->359894K(598528K), 0.0016163 secs] [Times: user=0.01 sys=0.00, real=0.00 secs] 
1635.909: [GC (Allocation Failure) [PSYoungGen: 78317K->1392K(77824K)] 436694K->359769K(597504K), 0.0018835 secs] [Times: user=0.01 sys=0.00, real=0.00 secs] 
1636.555: [GC (Allocation Failure) [PSYoungGen: 77680K->1344K(77312K)] 436057K->359721K(596992K), 0.0024943 secs] [Times: user=0.01 sys=0.00, real=0.01 secs] 
1637.048: [GC (Allocation Failure) [PSYoungGen: 77120K->1312K(76800K)] 435497K->359705K(596480K), 0.0021999 secs] [Times: user=0.01 sys=0.00, real=0.00 secs] 
1637.460: [GC (Allocation Failure) [PSYoungGen: 76576K->1376K(76288K)] 434969K->359769K(595968K), 0.0021425 secs] [Times: user=0.01 sys=0.00, real=0.00 secs] 
1637.713: [GC (Allocation Failure) [PSYoungGen: 76128K->1533K(75776K)] 434521K->359926K(595456K), 0.0015878 secs] [Times: user=0.00 sys=0.00, real=0.00 secs] 
1637.865: [GC (Allocation Failure) [PSYoungGen: 75773K->1485K(75264K)] 434166K->359878K(594944K), 0.0020741 secs] [Times: user=0.01 sys=0.00, real=0.01 secs] 
1638.035: [GC (Allocation Failure) [PSYoungGen: 75213K->1453K(74752K)] 433606K->359846K(594432K), 0.0015985 secs] [Times: user=0.00 sys=0.00, real=0.01 secs] 
1638.608: [GC (Allocation Failure) [PSYoungGen: 74669K->1392K(74240K)] 433062K->359785K(593920K), 0.0029095 secs] [Times: user=0.01 sys=0.00, real=0.00 secs] 
1639.521: [GC (Allocation Failure) [PSYoungGen: 74096K->1392K(73728K)] 432489K->359793K(593408K), 0.0028047 secs] [Times: user=0.01 sys=0.00, real=0.00 secs] 
1640.425: [GC (Allocation Failure) [PSYoungGen: 73584K->1376K(73216K)] 431985K->359777K(592896K), 0.0026025 secs] [Times: user=0.01 sys=0.00, real=0.01 secs] 
1642.081: [GC (Allocation Failure) [PSYoungGen: 73056K->1376K(72704K)] 431457K->359777K(592384K), 0.0032344 secs] [Times: user=0.01 sys=0.00, real=0.00 secs] 
1642.563: [GC (Allocation Failure) [PSYoungGen: 72544K->1421K(72192K)] 430945K->359822K(591872K), 0.0023845 secs] [Times: user=0.00 sys=0.00, real=0.00 secs] 
1642.767: [GC (Allocation Failure) [PSYoungGen: 72077K->1485K(71680K)] 430478K->359886K(591360K), 0.0022987 secs] [Times: user=0.00 sys=0.00, real=0.01 secs] 
1642.962: [GC (Allocation Failure) [PSYoungGen: 71629K->1485K(71168K)] 430030K->359886K(590848K), 0.0024898 secs] [Times: user=0.01 sys=0.00, real=0.00 secs] 
1643.167: [GC (Allocation Failure) [PSYoungGen: 71117K->1469K(70656K)] 429518K->359870K(590336K), 0.0022093 secs] [Times: user=0.01 sys=0.01, real=0.01 secs] 
1643.847: [GC (Allocation Failure) [PSYoungGen: 70589K->1360K(70144K)] 428990K->359761K(589824K), 0.0025911 secs] [Times: user=0.01 sys=0.00, real=0.00 secs] 
1644.574: [GC (Allocation Failure) [PSYoungGen: 69968K->1376K(69632K)] 428369K->359777K(589312K), 0.0029960 secs] [Times: user=0.01 sys=0.00, real=0.01 secs] 
1645.151: [GC (Allocation Failure) [PSYoungGen: 69472K->1312K(69120K)] 427873K->359713K(588800K), 0.0024716 secs] [Times: user=0.01 sys=0.00, real=0.00 secs] 
1645.961: [GC (Allocation Failure) [PSYoungGen: 68896K->1376K(68608K)] 427297K->359777K(588288K), 0.0035995 secs] [Times: user=0.01 sys=0.00, real=0.00 secs] 
1646.486: [GC (Allocation Failure) [PSYoungGen: 68448K->1517K(68096K)] 426849K->359918K(587776K), 0.0023662 secs] [Times: user=0.00 sys=0.01, real=0.01 secs] 
1646.631: [GC (Allocation Failure) [PSYoungGen: 68077K->1485K(67584K)] 426478K->359886K(587264K), 0.0017059 secs] [Times: user=0.01 sys=0.00, real=0.00 secs] 
1646.748: [GC (Allocation Failure) [PSYoungGen: 67533K->1488K(67072K)] 425934K->359889K(586752K), 0.0017535 secs] [Times: user=0.01 sys=0.00, real=0.00 secs] 
1646.864: [GC (Allocation Failure) [PSYoungGen: 67024K->1469K(66560K)] 425425K->359886K(586240K), 0.0016351 secs] [Times: user=0.01 sys=0.00, real=0.00 secs] 
1647.401: [GC (Allocation Failure) [PSYoungGen: 66493K->1408K(66048K)] 424910K->359825K(585728K), 0.0019429 secs] [Times: user=0.01 sys=0.00, real=0.00 secs] 
1648.287: [GC (Allocation Failure) [PSYoungGen: 65920K->1360K(65536K)] 424337K->359777K(585216K), 0.0042686 secs] [Times: user=0.02 sys=0.00, real=0.00 secs] 
1649.100: [GC (Allocation Failure) [PSYoungGen: 65360K->1344K(65024K)] 423777K->359793K(584704K), 0.0028883 secs] [Times: user=0.01 sys=0.00, real=0.00 secs] 
1649.700: [GC (Allocation Failure) [PSYoungGen: 64832K->1376K(64512K)] 423281K->359825K(584192K), 0.0031494 secs] [Times: user=0.01 sys=0.00, real=0.00 secs] 
1650.264: [GC (Allocation Failure) [PSYoungGen: 64352K->1501K(64000K)] 422801K->359950K(583680K), 0.0026530 secs] [Times: user=0.01 sys=0.00, real=0.01 secs] 
1650.473: [GC (Allocation Failure) [PSYoungGen: 63965K->1469K(63488K)] 422414K->359918K(583168K), 0.0023179 secs] [Times: user=0.01 sys=0.00, real=0.00 secs] 
1650.602: [GC (Allocation Failure) [PSYoungGen: 63421K->1453K(62976K)] 421870K->359902K(582656K), 0.0018331 secs] [Times: user=0.00 sys=0.00, real=0.00 secs] 
1650.710: [GC (Allocation Failure) [PSYoungGen: 62893K->1501K(63488K)] 421342K->359958K(583168K), 0.0016081 secs] [Times: user=0.00 sys=0.00, real=0.00 secs] 
1650.916: [GC (Allocation Failure) [PSYoungGen: 62941K->1920K(63488K)] 421398K->360377K(583168K), 0.0022093 secs] [Times: user=0.01 sys=0.00, real=0.01 secs] 
1651.734: [GC (Allocation Failure) [PSYoungGen: 63360K->1376K(62464K)] 421817K->359833K(582144K), 0.0036627 secs] [Times: user=0.02 sys=0.00, real=0.01 secs] 
1652.467: [GC (Allocation Failure) [PSYoungGen: 62304K->1376K(61952K)] 420761K->359833K(581632K), 0.0028907 secs] [Times: user=0.01 sys=0.00, real=0.01 secs] 
1653.002: [GC (Allocation Failure) [PSYoungGen: 61792K->1344K(61440K)] 420249K->359801K(581120K), 0.0022770 secs] [Times: user=0.01 sys=0.00, real=0.00 secs] 
1653.589: [GC (Allocation Failure) [PSYoungGen: 61248K->1344K(61440K)] 419705K->359801K(581120K), 0.0022379 secs] [Times: user=0.01 sys=0.00, real=0.00 secs] 
1654.090: [GC (Allocation Failure) [PSYoungGen: 61248K->1453K(61440K)] 419705K->359910K(581120K), 0.0027785 secs] [Times: user=0.01 sys=0.00, real=0.00 secs] 
1654.249: [GC (Allocation Failure) [PSYoungGen: 61357K->1488K(61440K)] 419814K->359945K(581120K), 0.0018038 secs] [Times: user=0.01 sys=0.00, real=0.00 secs] 
1654.355: [GC (Allocation Failure) [PSYoungGen: 61385K->1504K(61440K)] 419842K->359969K(581120K), 0.0016483 secs] [Times: user=0.01 sys=0.00, real=0.00 secs] 
1654.461: [GC (Allocation Failure) [PSYoungGen: 61408K->1453K(65536K)] 419873K->359918K(585216K), 0.0016154 secs] [Times: user=0.01 sys=0.00, real=0.00 secs] 
1654.624: [GC (Allocation Failure) [PSYoungGen: 64941K->1456K(68096K)] 423406K->359921K(587776K), 0.0020369 secs] [Times: user=0.00 sys=0.00, real=0.00 secs] 
1654.993: [GC (Allocation Failure) [PSYoungGen: 67504K->1376K(67072K)] 425969K->359841K(586752K), 0.0024275 secs] [Times: user=0.01 sys=0.00, real=0.00 secs] 
1655.451: [GC (Allocation Failure) [PSYoungGen: 66912K->1344K(66560K)] 425377K->359809K(586240K), 0.0025672 secs] [Times: user=0.02 sys=0.00, real=0.00 secs] 
1655.959: [GC (Allocation Failure) [PSYoungGen: 66368K->1408K(66048K)] 424833K->359873K(585728K), 0.0025223 secs] [Times: user=0.01 sys=0.00, real=0.00 secs] 
1656.579: [GC (Allocation Failure) [PSYoungGen: 65920K->1376K(65536K)] 424385K->359841K(585216K), 0.0025113 secs] [Times: user=0.01 sys=0.00, real=0.00 secs] 
1656.820: [GC (Allocation Failure) [PSYoungGen: 65368K->1456K(65024K)] 423834K->359921K(584704K), 0.0017319 secs] [Times: user=0.00 sys=0.00, real=0.00 secs] 
1656.932: [GC (Allocation Failure) [PSYoungGen: 64944K->1501K(64512K)] 423409K->359982K(584192K), 0.0015706 secs] [Times: user=0.01 sys=0.00, real=0.00 secs] 
1657.042: [GC (Allocation Failure) [PSYoungGen: 64477K->1533K(65024K)] 422958K->360038K(584704K), 0.0016344 secs] [Times: user=0.01 sys=0.00, real=0.00 secs] 
1657.153: [GC (Allocation Failure) [PSYoungGen: 64509K->1549K(71168K)] 423014K->360054K(590848K), 0.0014893 secs] [Times: user=0.00 sys=0.00, real=0.00 secs] 
1657.869: [GC (Allocation Failure) [PSYoungGen: 70669K->1360K(70144K)] 429174K->359865K(589824K), 0.0030614 secs] [Times: user=0.01 sys=0.00, real=0.00 secs] 
1658.687: [GC (Allocation Failure) [PSYoungGen: 69968K->1376K(69632K)] 428473K->359881K(589312K), 0.0033370 secs] [Times: user=0.01 sys=0.00, real=0.00 secs] 
1659.470: [GC (Allocation Failure) [PSYoungGen: 69472K->1376K(69120K)] 427977K->359881K(588800K), 0.0054784 secs] [Times: user=0.02 sys=0.00, real=0.00 secs] 
1660.472: [GC (Allocation Failure) [PSYoungGen: 68960K->1376K(68608K)] 427465K->359881K(588288K), 0.0028474 secs] [Times: user=0.01 sys=0.00, real=0.00 secs] 
1660.967: [GC (Allocation Failure) [PSYoungGen: 68448K->1501K(68096K)] 426953K->360006K(587776K), 0.0023319 secs] [Times: user=0.01 sys=0.00, real=0.00 secs] 
1661.106: [GC (Allocation Failure) [PSYoungGen: 68061K->1469K(67584K)] 426566K->359974K(587264K), 0.0016548 secs] [Times: user=0.01 sys=0.00, real=0.01 secs] 
1661.241: [GC (Allocation Failure) [PSYoungGen: 67517K->1501K(67072K)] 426022K->360014K(586752K), 0.0018922 secs] [Times: user=0.01 sys=0.00, real=0.00 secs] 
1661.385: [GC (Allocation Failure) [PSYoungGen: 67011K->1469K(66560K)] 425524K->359982K(586240K), 0.0019142 secs] [Times: user=0.00 sys=0.00, real=0.01 secs] 
1661.939: [GC (Allocation Failure) [PSYoungGen: 66493K->1440K(66048K)] 425006K->359953K(585728K), 0.0023722 secs] [Times: user=0.01 sys=0.00, real=0.00 secs] 
1662.747: [GC (Allocation Failure) [PSYoungGen: 65952K->1408K(65536K)] 424465K->359921K(585216K), 0.0034518 secs] [Times: user=0.02 sys=0.00, real=0.00 secs] 
1663.623: [GC (Allocation Failure) [PSYoungGen: 65408K->1408K(65024K)] 423921K->359921K(584704K), 0.0031741 secs] [Times: user=0.01 sys=0.00, real=0.00 secs] 
1664.475: [GC (Allocation Failure) [PSYoungGen: 64896K->1376K(64512K)] 423409K->359889K(584192K), 0.0038118 secs] [Times: user=0.01 sys=0.00, real=0.01 secs] 
1664.938: [GC (Allocation Failure) [PSYoungGen: 64352K->1501K(64000K)] 422865K->360014K(583680K), 0.0021034 secs] [Times: user=0.01 sys=0.00, real=0.00 secs] 
1665.072: [GC (Allocation Failure) [PSYoungGen: 63965K->1533K(63488K)] 422478K->360046K(583168K), 0.0016053 secs] [Times: user=0.01 sys=0.00, real=0.00 secs] 
1665.180: [GC (Allocation Failure) [PSYoungGen: 63485K->1517K(62976K)] 421998K->360030K(582656K), 0.0016767 secs] [Times: user=0.01 sys=0.00, real=0.00 secs] 
1665.288: [GC (Allocation Failure) [PSYoungGen: 62957K->1501K(63488K)] 421470K->360022K(583168K), 0.0017113 secs] [Times: user=0.01 sys=0.00, real=0.00 secs] 
1665.522: [GC (Allocation Failure) [PSYoungGen: 62941K->1408K(63488K)] 421462K->359929K(583168K), 0.0020248 secs] [Times: user=0.01 sys=0.00, real=0.00 secs] 
1666.258: [GC (Allocation Failure) [PSYoungGen: 62848K->1392K(62464K)] 421369K->359913K(582144K), 0.0023673 secs] [Times: user=0.01 sys=0.00, real=0.00 secs] 
1666.997: [GC (Allocation Failure) [PSYoungGen: 62320K->1392K(61952K)] 420841K->359913K(581632K), 0.0045662 secs] [Times: user=0.02 sys=0.00, real=0.00 secs] 
1667.654: [GC (Allocation Failure) [PSYoungGen: 61808K->1408K(61440K)] 420329K->359929K(581120K), 0.0035742 secs] [Times: user=0.01 sys=0.00, real=0.01 secs] 
1668.182: [GC (Allocation Failure) [PSYoungGen: 61312K->1376K(61440K)] 419833K->359897K(581120K), 0.0025733 secs] [Times: user=0.01 sys=0.00, real=0.00 secs] 
1668.490: [GC (Allocation Failure) [PSYoungGen: 61280K->1437K(61440K)] 419801K->359958K(581120K), 0.0021653 secs] [Times: user=0.01 sys=0.00, real=0.00 secs] 
1668.609: [GC (Allocation Failure) [PSYoungGen: 61341K->1533K(61440K)] 419862K->360078K(581120K), 0.0017555 secs] [Times: user=0.01 sys=0.00, real=0.00 secs] 
1668.730: [GC (Allocation Failure) [PSYoungGen: 61437K->1501K(65536K)] 419982K->360054K(585216K), 0.0018479 secs] [Times: user=0.01 sys=0.00, real=0.00 secs] 
1668.873: [GC (Allocation Failure) [PSYoungGen: 65479K->1437K(66048K)] 424032K->359990K(585728K), 0.0020397 secs] [Times: user=0.01 sys=0.00, real=0.00 secs] 
1669.301: [GC (Allocation Failure) [PSYoungGen: 65437K->1408K(65024K)] 423990K->359961K(584704K), 0.0025524 secs] [Times: user=0.01 sys=0.00, real=0.00 secs] 
1670.143: [GC (Allocation Failure) [PSYoungGen: 64896K->1344K(64512K)] 423449K->359897K(584192K), 0.0025628 secs] [Times: user=0.01 sys=0.00, real=0.00 secs] 
1670.782: [GC (Allocation Failure) [PSYoungGen: 64320K->1344K(64000K)] 422873K->359905K(583680K), 0.0024489 secs] [Times: user=0.01 sys=0.00, real=0.00 secs] 
1671.659: [GC (Allocation Failure) [PSYoungGen: 63808K->1376K(63488K)] 422369K->359937K(583168K), 0.0030770 secs] [Times: user=0.01 sys=0.01, real=0.00 secs] 
1672.512: [GC (Allocation Failure) [PSYoungGen: 63328K->1376K(62976K)] 421889K->359937K(582656K), 0.0033175 secs] [Times: user=0.02 sys=0.00, real=0.00 secs] 
1672.828: [GC (Allocation Failure) [PSYoungGen: 62816K->1520K(62464K)] 421377K->360081K(582144K), 0.0021324 secs] [Times: user=0.01 sys=0.00, real=0.00 secs] 
1672.950: [GC (Allocation Failure) [PSYoungGen: 62448K->1485K(61952K)] 421009K->360062K(581632K), 0.0015155 secs] [Times: user=0.00 sys=0.00, real=0.00 secs] 
1673.058: [GC (Allocation Failure) [PSYoungGen: 61901K->1456K(61440K)] 420478K->360033K(581120K), 0.0017385 secs] [Times: user=0.01 sys=0.00, real=0.00 secs] 
1673.164: [GC (Allocation Failure) [PSYoungGen: 61360K->1488K(67584K)] 419937K->360065K(587264K), 0.0016254 secs] [Times: user=0.01 sys=0.00, real=0.00 secs] 
1674.116: [GC (Allocation Failure) [PSYoungGen: 67536K->1392K(68096K)] 426113K->359969K(587776K), 0.0068920 secs] [Times: user=0.02 sys=0.00, real=0.01 secs] 
1675.156: [GC (Allocation Failure) [PSYoungGen: 67440K->1408K(67072K)] 426017K->359985K(586752K), 0.0034939 secs] [Times: user=0.02 sys=0.00, real=0.01 secs] 
1676.112: [GC (Allocation Failure) [PSYoungGen: 66944K->1408K(66560K)] 425521K->359985K(586240K), 0.0033286 secs] [Times: user=0.01 sys=0.00, real=0.00 secs] 
1676.915: [GC (Allocation Failure) [PSYoungGen: 66432K->1344K(66048K)] 425009K->359921K(585728K), 0.0036219 secs] [Times: user=0.02 sys=0.00, real=0.01 secs] 
1677.440: [GC (Allocation Failure) [PSYoungGen: 65856K->1421K(65536K)] 424433K->359998K(585216K), 0.0024269 secs] [Times: user=0.01 sys=0.00, real=0.00 secs] 
1677.632: [GC (Allocation Failure) [PSYoungGen: 65421K->1437K(65024K)] 423998K->360014K(584704K), 0.0022514 secs] [Times: user=0.01 sys=0.00, real=0.00 secs] 
1677.770: [GC (Allocation Failure) [PSYoungGen: 64925K->1472K(64512K)] 423502K->360065K(584192K), 0.0017703 secs] [Times: user=0.00 sys=0.00, real=0.00 secs] 
1677.880: [GC (Allocation Failure) [PSYoungGen: 64448K->1469K(70656K)] 423041K->360062K(590336K), 0.0015842 secs] [Times: user=0.01 sys=0.00, real=0.00 secs] 
1678.313: [GC (Allocation Failure) [PSYoungGen: 70589K->1424K(70144K)] 429182K->360017K(589824K), 0.0036083 secs] [Times: user=0.01 sys=0.00, real=0.00 secs] 
1679.149: [GC (Allocation Failure) [PSYoungGen: 70032K->1376K(69632K)] 428625K->359993K(589312K), 0.0029424 secs] [Times: user=0.01 sys=0.01, real=0.00 secs] 
1679.839: [GC (Allocation Failure) [PSYoungGen: 69472K->1344K(69120K)] 428089K->359961K(588800K), 0.0031873 secs] [Times: user=0.01 sys=0.00, real=0.00 secs] 
1680.460: [GC (Allocation Failure) [PSYoungGen: 68928K->1376K(68608K)] 427545K->359993K(588288K), 0.0026563 secs] [Times: user=0.01 sys=0.00, real=0.00 secs] 
1681.056: [GC (Allocation Failure) [PSYoungGen: 68448K->1373K(68096K)] 427065K->359990K(587776K), 0.0023904 secs] [Times: user=0.01 sys=0.00, real=0.01 secs] 
1681.258: [GC (Allocation Failure) [PSYoungGen: 67933K->1469K(67584K)] 426550K->360086K(587264K), 0.0024381 secs] [Times: user=0.01 sys=0.00, real=0.00 secs] 
1681.457: [GC (Allocation Failure) [PSYoungGen: 67505K->1437K(67072K)] 426122K->360054K(586752K), 0.0023095 secs] [Times: user=0.01 sys=0.00, real=0.00 secs] 
1681.599: [GC (Allocation Failure) [PSYoungGen: 66973K->1485K(66560K)] 425590K->360110K(586240K), 0.0016780 secs] [Times: user=0.00 sys=0.00, real=0.00 secs] 
1681.918: [GC (Allocation Failure) [PSYoungGen: 66509K->1408K(66048K)] 425134K->360033K(585728K), 0.0029987 secs] [Times: user=0.01 sys=0.00, real=0.00 secs] 
1682.657: [GC (Allocation Failure) [PSYoungGen: 65920K->1376K(65536K)] 424545K->360001K(585216K), 0.0036807 secs] [Times: user=0.01 sys=0.00, real=0.01 secs] 
1683.080: [GC (Allocation Failure) [PSYoungGen: 65376K->1376K(65024K)] 424001K->360001K(584704K), 0.0022484 secs] [Times: user=0.01 sys=0.00, real=0.00 secs] 
1683.401: [GC (Allocation Failure) [PSYoungGen: 64864K->1344K(64512K)] 423489K->359969K(584192K), 0.0021261 secs] [Times: user=0.01 sys=0.00, real=0.00 secs] 
1683.664: [GC (Allocation Failure) [PSYoungGen: 64320K->1376K(64000K)] 422945K->360001K(583680K), 0.0020529 secs] [Times: user=0.01 sys=0.00, real=0.00 secs] 
1683.820: [GC (Allocation Failure) [PSYoungGen: 63840K->445K(62464K)] 422465K->360094K(582144K), 0.0016009 secs] [Times: user=0.00 sys=0.00, real=0.00 secs] 
1683.930: [GC (Allocation Failure) [PSYoungGen: 62397K->509K(63488K)] 422046K->360158K(583168K), 0.0016499 secs] [Times: user=0.00 sys=0.00, real=0.00 secs] 
1684.038: [GC (Allocation Failure) [PSYoungGen: 61949K->445K(64000K)] 421598K->360110K(583680K), 0.0015390 secs] [Times: user=0.01 sys=0.00, real=0.00 secs] 
1684.146: [GC (Allocation Failure) [PSYoungGen: 62397K->493K(64000K)] 422062K->360158K(583680K), 0.0016309 secs] [Times: user=0.01 sys=0.00, real=0.01 secs] 
1685.650: [GC (Allocation Failure) [PSYoungGen: 62445K->1408K(62976K)] 422110K->361073K(582656K), 0.0044986 secs] [Times: user=0.02 sys=0.00, real=0.00 secs] 
1686.640: [GC (Allocation Failure) [PSYoungGen: 62848K->1344K(62464K)] 422513K->361009K(582144K), 0.0031771 secs] [Times: user=0.01 sys=0.00, real=0.00 secs] 
1687.245: [GC (Allocation Failure) [PSYoungGen: 62272K->1376K(61952K)] 421937K->361041K(581632K), 0.0032533 secs] [Times: user=0.01 sys=0.00, real=0.01 secs] 
1687.712: [GC (Allocation Failure) [PSYoungGen: 61792K->1360K(61440K)] 421457K->361049K(581120K), 0.0026070 secs] [Times: user=0.01 sys=0.00, real=0.00 secs] 
1688.362: [GC (Allocation Failure) [PSYoungGen: 61264K->1392K(61440K)] 420953K->361081K(581120K), 0.0024727 secs] [Times: user=0.01 sys=0.00, real=0.00 secs] 
1688.515: [GC (Allocation Failure) [PSYoungGen: 61296K->1453K(61440K)] 420985K->361142K(581120K), 0.0019006 secs] [Times: user=0.00 sys=0.00, real=0.01 secs] 
1688.621: [GC (Allocation Failure) [PSYoungGen: 61357K->1469K(61440K)] 421046K->361174K(581120K), 0.0017522 secs] [Times: user=0.01 sys=0.00, real=0.00 secs] 
1688.726: [GC (Allocation Failure) [PSYoungGen: 61373K->1453K(67072K)] 421078K->361158K(586752K), 0.0016083 secs] [Times: user=0.01 sys=0.00, real=0.01 secs] 
1688.840: [GC (Allocation Failure) [PSYoungGen: 66477K->1501K(68096K)] 426182K->361206K(587776K), 0.0018243 secs] [Times: user=0.01 sys=0.00, real=0.00 secs] 
1689.301: [GC (Allocation Failure) [PSYoungGen: 67549K->1456K(68096K)] 427254K->361161K(587776K), 0.0021434 secs] [Times: user=0.01 sys=0.00, real=0.00 secs] 
1689.576: [GC (Allocation Failure) [PSYoungGen: 67504K->1344K(67072K)] 427209K->361049K(586752K), 0.0019834 secs] [Times: user=0.01 sys=0.00, real=0.01 secs] 
1689.971: [GC (Allocation Failure) [PSYoungGen: 66880K->1360K(66560K)] 426585K->361065K(586240K), 0.0024441 secs] [Times: user=0.01 sys=0.00, real=0.00 secs] 
1690.581: [GC (Allocation Failure) [PSYoungGen: 66384K->1376K(66048K)] 426089K->361081K(585728K), 0.0031726 secs] [Times: user=0.01 sys=0.00, real=0.00 secs] 
1690.945: [GC (Allocation Failure) [PSYoungGen: 65888K->1501K(65536K)] 425593K->361206K(585216K), 0.0021935 secs] [Times: user=0.00 sys=0.00, real=0.01 secs] 
1691.080: [GC (Allocation Failure) [PSYoungGen: 65501K->1485K(65024K)] 425206K->361190K(584704K), 0.0016720 secs] [Times: user=0.01 sys=0.00, real=0.00 secs] 
1691.192: [GC (Allocation Failure) [PSYoungGen: 64973K->1456K(71680K)] 424678K->361169K(591360K), 0.0017014 secs] [Times: user=0.00 sys=0.00, real=0.00 secs] 
1691.315: [GC (Allocation Failure) [PSYoungGen: 71088K->1472K(71680K)] 430801K->361185K(591360K), 0.0017586 secs] [Times: user=0.01 sys=0.00, real=0.00 secs] 
1691.569: [GC (Allocation Failure) [PSYoungGen: 71104K->1408K(71680K)] 430817K->361121K(591360K), 0.0018806 secs] [Times: user=0.01 sys=0.00, real=0.00 secs] 
1691.859: [GC (Allocation Failure) [PSYoungGen: 71040K->1424K(70656K)] 430753K->361145K(590336K), 0.0019911 secs] [Times: user=0.01 sys=0.00, real=0.00 secs] 
1692.147: [GC (Allocation Failure) [PSYoungGen: 70544K->1456K(77824K)] 430265K->361177K(597504K), 0.0036577 secs] [Times: user=0.02 sys=0.00, real=0.00 secs] 
1692.477: [GC (Allocation Failure) [PSYoungGen: 77232K->1376K(76800K)] 436953K->361097K(596480K), 0.0023461 secs] [Times: user=0.00 sys=0.00, real=0.00 secs] 
1692.715: [GC (Allocation Failure) [PSYoungGen: 76624K->1469K(76288K)] 436345K->361190K(595968K), 0.0017425 secs] [Times: user=0.01 sys=0.00, real=0.01 secs] 
1692.847: [GC (Allocation Failure) [PSYoungGen: 76221K->1501K(75776K)] 435942K->361222K(595456K), 0.0017817 secs] [Times: user=0.01 sys=0.00, real=0.00 secs] 
1692.977: [GC (Allocation Failure) [PSYoungGen: 75741K->1456K(76288K)] 435462K->361185K(595968K), 0.0018759 secs] [Times: user=0.00 sys=0.00, real=0.00 secs] 
1693.173: [GC (Allocation Failure) [PSYoungGen: 75696K->1440K(83456K)] 435425K->361177K(603136K), 0.0019924 secs] [Times: user=0.01 sys=0.01, real=0.00 secs] 
1693.512: [GC (Allocation Failure) [PSYoungGen: 82848K->1344K(82432K)] 442585K->361081K(602112K), 0.0016885 secs] [Times: user=0.01 sys=0.00, real=0.00 secs] 
1694.049: [GC (Allocation Failure) [PSYoungGen: 82240K->1408K(81920K)] 441977K->361145K(601600K), 0.0021948 secs] [Times: user=0.00 sys=0.01, real=0.00 secs] 
1694.422: [GC (Allocation Failure) [PSYoungGen: 81792K->1344K(81408K)] 441529K->361081K(601088K), 0.0020970 secs] [Times: user=0.00 sys=0.00, real=0.00 secs] 
1694.637: [GC (Allocation Failure) [PSYoungGen: 81216K->1517K(80896K)] 440953K->361254K(600576K), 0.0015714 secs] [Times: user=0.01 sys=0.00, real=0.00 secs] 
1694.777: [GC (Allocation Failure) [PSYoungGen: 80877K->1501K(80384K)] 440614K->361238K(600064K), 0.0017037 secs] [Times: user=0.00 sys=0.00, real=0.00 secs] 
1694.915: [GC (Allocation Failure) [PSYoungGen: 80349K->1533K(79872K)] 440086K->361270K(599552K), 0.0017511 secs] [Times: user=0.01 sys=0.00, real=0.00 secs] 
1696.463: [GC (Allocation Failure) [PSYoungGen: 79869K->1424K(79360K)] 439606K->361169K(599040K), 0.0046567 secs] [Times: user=0.02 sys=0.01, real=0.01 secs] 
1697.620: [GC (Allocation Failure) [PSYoungGen: 79248K->1376K(78848K)] 438993K->361121K(598528K), 0.0029217 secs] [Times: user=0.01 sys=0.00, real=0.00 secs] 
1698.411: [GC (Allocation Failure) [PSYoungGen: 78688K->1328K(78336K)] 438433K->361073K(598016K), 0.0025443 secs] [Times: user=0.01 sys=0.00, real=0.00 secs] 
1699.112: [GC (Allocation Failure) [PSYoungGen: 78128K->1376K(77824K)] 437873K->361121K(597504K), 0.0037980 secs] [Times: user=0.02 sys=0.00, real=0.00 secs] 
1699.424: [GC (Allocation Failure) [PSYoungGen: 77664K->1533K(77312K)] 437409K->361278K(596992K), 0.0020094 secs] [Times: user=0.01 sys=0.00, real=0.00 secs] 
1699.562: [GC (Allocation Failure) [PSYoungGen: 77309K->1485K(76800K)] 437054K->361230K(596480K), 0.0018013 secs] [Times: user=0.00 sys=0.00, real=0.00 secs] 
1699.694: [GC (Allocation Failure) [PSYoungGen: 76749K->1517K(76288K)] 436494K->361262K(595968K), 0.0017055 secs] [Times: user=0.01 sys=0.00, real=0.00 secs] 
1699.968: [GC (Allocation Failure) [PSYoungGen: 76269K->1392K(75776K)] 436014K->361137K(595456K), 0.0024004 secs] [Times: user=0.01 sys=0.00, real=0.00 secs] 
1700.298: [GC (Allocation Failure) [PSYoungGen: 75632K->1344K(75264K)] 435377K->361089K(594944K), 0.0022045 secs] [Times: user=0.01 sys=0.00, real=0.00 secs] 
1700.605: [GC (Allocation Failure) [PSYoungGen: 75072K->1376K(74752K)] 434817K->361121K(594432K), 0.0020308 secs] [Times: user=0.01 sys=0.00, real=0.00 secs] 
1700.910: [GC (Allocation Failure) [PSYoungGen: 74592K->1344K(74240K)] 434337K->361089K(593920K), 0.0019534 secs] [Times: user=0.00 sys=0.00, real=0.00 secs] 
1701.186: [GC (Allocation Failure) [PSYoungGen: 74048K->1437K(73728K)] 433793K->361182K(593408K), 0.0016740 secs] [Times: user=0.01 sys=0.00, real=0.01 secs] 
1701.314: [GC (Allocation Failure) [PSYoungGen: 73629K->1453K(73216K)] 433374K->361198K(592896K), 0.0016911 secs] [Times: user=0.01 sys=0.00, real=0.00 secs] 
1701.439: [GC (Allocation Failure) [PSYoungGen: 73133K->1453K(73728K)] 432878K->361198K(593408K), 0.0020136 secs] [Times: user=0.01 sys=0.00, real=0.00 secs] 
1701.596: [GC (Allocation Failure) [PSYoungGen: 73133K->1536K(73728K)] 432878K->361281K(593408K), 0.0017732 secs] [Times: user=0.01 sys=0.00, real=0.01 secs] 
1701.890: [GC (Allocation Failure) [PSYoungGen: 73216K->1408K(72704K)] 432961K->361153K(592384K), 0.0019286 secs] [Times: user=0.01 sys=0.00, real=0.00 secs] 
1702.186: [GC (Allocation Failure) [PSYoungGen: 72576K->1440K(72192K)] 432321K->361185K(591872K), 0.0028094 secs] [Times: user=0.01 sys=0.00, real=0.01 secs] 
1702.605: [GC (Allocation Failure) [PSYoungGen: 72096K->1344K(71680K)] 431841K->361089K(591360K), 0.0026019 secs] [Times: user=0.00 sys=0.00, real=0.01 secs] 
1703.293: [GC (Allocation Failure) [PSYoungGen: 71488K->1405K(71168K)] 431233K->361150K(590848K), 0.0028848 secs] [Times: user=0.01 sys=0.00, real=0.00 secs] 
1703.467: [GC (Allocation Failure) [PSYoungGen: 71016K->1501K(70656K)] 430761K->361246K(590336K), 0.0016312 secs] [Times: user=0.00 sys=0.00, real=0.01 secs] 
1703.588: [GC (Allocation Failure) [PSYoungGen: 70621K->1520K(70144K)] 430366K->361265K(589824K), 0.0016401 secs] [Times: user=0.01 sys=0.00, real=0.00 secs] 
1703.709: [GC (Allocation Failure) [PSYoungGen: 70113K->1533K(76800K)] 429858K->361278K(596480K), 0.0016707 secs] [Times: user=0.00 sys=0.00, real=0.00 secs] 
1703.950: [GC (Allocation Failure) [PSYoungGen: 76797K->1440K(76288K)] 436542K->361185K(595968K), 0.0016523 secs] [Times: user=0.01 sys=0.00, real=0.00 secs] 
1704.368: [GC (Allocation Failure) [PSYoungGen: 76192K->1344K(75776K)] 435937K->361089K(595456K), 0.0017765 secs] [Times: user=0.01 sys=0.00, real=0.00 secs] 
1704.722: [GC (Allocation Failure) [PSYoungGen: 75584K->1408K(75264K)] 435329K->361153K(594944K), 0.0016741 secs] [Times: user=0.00 sys=0.00, real=0.00 secs] 
1705.045: [GC (Allocation Failure) [PSYoungGen: 75136K->1408K(74752K)] 434881K->361153K(594432K), 0.0018976 secs] [Times: user=0.01 sys=0.00, real=0.00 secs] 
1705.301: [GC (Allocation Failure) [PSYoungGen: 74624K->1437K(74240K)] 434369K->361182K(593920K), 0.0017589 secs] [Times: user=0.01 sys=0.00, real=0.00 secs] 
1705.451: [GC (Allocation Failure) [PSYoungGen: 74141K->1533K(73728K)] 433886K->361310K(593408K), 0.0019364 secs] [Times: user=0.00 sys=0.00, real=0.00 secs] 
1705.607: [GC (Allocation Failure) [PSYoungGen: 73725K->1517K(73216K)] 433502K->361294K(592896K), 0.0016088 secs] [Times: user=0.01 sys=0.00, real=0.00 secs] 
1705.803: [GC (Allocation Failure) [PSYoungGen: 73197K->1600K(73216K)] 432974K->361377K(592896K), 0.0019630 secs] [Times: user=0.01 sys=0.00, real=0.00 secs] 
1706.479: [GC (Allocation Failure) [PSYoungGen: 72768K->1344K(72192K)] 432545K->361121K(591872K), 0.0023768 secs] [Times: user=0.01 sys=0.00, real=0.00 secs] 
1707.284: [GC (Allocation Failure) [PSYoungGen: 72000K->1344K(71680K)] 431777K->361121K(591360K), 0.0027148 secs] [Times: user=0.01 sys=0.00, real=0.01 secs] 
1708.166: [GC (Allocation Failure) [PSYoungGen: 71488K->1376K(71168K)] 431265K->361153K(590848K), 0.0029140 secs] [Times: user=0.00 sys=0.00, real=0.01 secs] 
1709.032: [GC (Allocation Failure) [PSYoungGen: 71008K->1437K(70656K)] 430785K->361214K(590336K), 0.0033840 secs] [Times: user=0.01 sys=0.00, real=0.00 secs] 
1709.286: [GC (Allocation Failure) [PSYoungGen: 70557K->1469K(70144K)] 430334K->361246K(589824K), 0.0022143 secs] [Times: user=0.01 sys=0.00, real=0.01 secs] 
1709.454: [GC (Allocation Failure) [PSYoungGen: 70059K->1469K(69632K)] 429836K->361246K(589312K), 0.0020672 secs] [Times: user=0.01 sys=0.00, real=0.00 secs] 
1709.606: [GC (Allocation Failure) [PSYoungGen: 69565K->1469K(69120K)] 429342K->361246K(588800K), 0.0017319 secs] [Times: user=0.00 sys=0.00, real=0.01 secs] 
1710.096: [GC (Allocation Failure) [PSYoungGen: 69053K->1440K(68608K)] 428830K->361217K(588288K), 0.0040945 secs] [Times: user=0.01 sys=0.00, real=0.01 secs] 
1711.091: [GC (Allocation Failure) [PSYoungGen: 68512K->1376K(68096K)] 428289K->361153K(587776K), 0.0030755 secs] [Times: user=0.01 sys=0.00, real=0.00 secs] 
1711.988: [GC (Allocation Failure) [PSYoungGen: 67936K->1376K(67584K)] 427713K->361153K(587264K), 0.0029778 secs] [Times: user=0.02 sys=0.00, real=0.00 secs] 
1712.837: [GC (Allocation Failure) [PSYoungGen: 67424K->1312K(67072K)] 427201K->361089K(586752K), 0.0027706 secs] [Times: user=0.01 sys=0.00, real=0.00 secs] 
1713.616: [GC (Allocation Failure) [PSYoungGen: 66848K->1392K(66560K)] 426625K->361169K(586240K), 0.0025566 secs] [Times: user=0.01 sys=0.00, real=0.01 secs] 
1713.801: [GC (Allocation Failure) [PSYoungGen: 66416K->1501K(66048K)] 426193K->361278K(585728K), 0.0017568 secs] [Times: user=0.00 sys=0.00, real=0.00 secs] 
1713.914: [GC (Allocation Failure) [PSYoungGen: 66013K->1501K(65536K)] 425790K->361278K(585216K), 0.0016124 secs] [Times: user=0.00 sys=0.00, real=0.00 secs] 
1714.027: [GC (Allocation Failure) [PSYoungGen: 65501K->1520K(65024K)] 425278K->361313K(584704K), 0.0017148 secs] [Times: user=0.01 sys=0.00, real=0.00 secs] 
1714.138: [GC (Allocation Failure) [PSYoungGen: 65008K->192K(65536K)] 424801K->359985K(585216K), 0.0016143 secs] [Times: user=0.01 sys=0.00, real=0.00 secs] 
1714.442: [GC (Allocation Failure) [PSYoungGen: 64192K->1376K(65024K)] 423985K->361169K(584704K), 0.0018252 secs] [Times: user=0.01 sys=0.00, real=0.00 secs] 
1714.772: [GC (Allocation Failure) [PSYoungGen: 64864K->1344K(64512K)] 424657K->361137K(584192K), 0.0019730 secs] [Times: user=0.01 sys=0.00, real=0.00 secs] 
1715.276: [GC (Allocation Failure) [PSYoungGen: 64320K->1376K(64000K)] 424113K->361169K(583680K), 0.0019731 secs] [Times: user=0.01 sys=0.00, real=0.01 secs] 
1715.756: [GC (Allocation Failure) [PSYoungGen: 63840K->1376K(63488K)] 423633K->361169K(583168K), 0.0021926 secs] [Times: user=0.00 sys=0.00, real=0.01 secs] 
1716.227: [GC (Allocation Failure) [PSYoungGen: 63328K->1469K(62976K)] 423121K->361262K(582656K), 0.0019753 secs] [Times: user=0.00 sys=0.00, real=0.00 secs] 
1716.345: [GC (Allocation Failure) [PSYoungGen: 62909K->1469K(62464K)] 422702K->361262K(582144K), 0.0016932 secs] [Times: user=0.01 sys=0.01, real=0.01 secs] 
1716.467: [GC (Allocation Failure) [PSYoungGen: 62397K->1485K(61952K)] 422190K->361294K(581632K), 0.0018983 secs] [Times: user=0.01 sys=0.00, real=0.00 secs] 
1716.602: [GC (Allocation Failure) [PSYoungGen: 61901K->1485K(62464K)] 421710K->361294K(582144K), 0.0018711 secs] [Times: user=0.01 sys=0.00, real=0.00 secs] 
1716.834: [GC (Allocation Failure) [PSYoungGen: 61901K->1392K(62464K)] 421710K->361225K(582144K), 0.0023670 secs] [Times: user=0.01 sys=0.00, real=0.00 secs] 
1717.405: [GC (Allocation Failure) [PSYoungGen: 61808K->1376K(61440K)] 421641K->361209K(581120K), 0.0043384 secs] [Times: user=0.02 sys=0.00, real=0.01 secs] 
1718.301: [GC (Allocation Failure) [PSYoungGen: 61280K->1376K(61440K)] 421113K->361209K(581120K), 0.0043561 secs] [Times: user=0.01 sys=0.00, real=0.00 secs] 
1719.086: [GC (Allocation Failure) [PSYoungGen: 61280K->1344K(61440K)] 421113K->361177K(581120K), 0.0035310 secs] [Times: user=0.01 sys=0.00, real=0.01 secs] 
1719.777: [GC (Allocation Failure) [PSYoungGen: 61248K->1328K(61440K)] 421081K->361161K(581120K), 0.0030826 secs] [Times: user=0.01 sys=0.00, real=0.00 secs] 
1720.078: [GC (Allocation Failure) [PSYoungGen: 61232K->1437K(61440K)] 421065K->361270K(581120K), 0.0019606 secs] [Times: user=0.00 sys=0.00, real=0.00 secs] 
1720.226: [GC (Allocation Failure) [PSYoungGen: 61341K->1469K(61440K)] 421174K->361302K(581120K), 0.0023128 secs] [Times: user=0.01 sys=0.00, real=0.01 secs] 
1720.382: [GC (Allocation Failure) [PSYoungGen: 61368K->1517K(65024K)] 421201K->361358K(584704K), 0.0022720 secs] [Times: user=0.01 sys=0.00, real=0.00 secs] 
1720.556: [GC (Allocation Failure) [PSYoungGen: 65005K->1469K(65536K)] 424846K->361310K(585216K), 0.0024372 secs] [Times: user=0.00 sys=0.01, real=0.01 secs] 
1720.930: [GC (Allocation Failure) [PSYoungGen: 64957K->1456K(71680K)] 424798K->361297K(591360K), 0.0066018 secs] [Times: user=0.03 sys=0.00, real=0.00 secs] 
1721.879: [GC (Allocation Failure) [PSYoungGen: 71088K->1376K(71680K)] 430929K->361217K(591360K), 0.0032579 secs] [Times: user=0.01 sys=0.00, real=0.00 secs] 
1722.747: [GC (Allocation Failure) [PSYoungGen: 71008K->1376K(70656K)] 430849K->361217K(590336K), 0.0033788 secs] [Times: user=0.01 sys=0.01, real=0.00 secs] 
1723.627: [GC (Allocation Failure) [PSYoungGen: 70496K->1408K(70144K)] 430337K->361249K(589824K), 0.0115623 secs] [Times: user=0.05 sys=0.02, real=0.02 secs] 
1724.044: [GC (Allocation Failure) [PSYoungGen: 70016K->1469K(69632K)] 429857K->361310K(589312K), 0.0020020 secs] [Times: user=0.01 sys=0.00, real=0.00 secs] 
1724.179: [GC (Allocation Failure) [PSYoungGen: 69565K->1453K(69120K)] 429406K->361294K(588800K), 0.0018383 secs] [Times: user=0.01 sys=0.00, real=0.00 secs] 
1724.298: [GC (Allocation Failure) [PSYoungGen: 69037K->1501K(75776K)] 428878K->361350K(595456K), 0.0016893 secs] [Times: user=0.01 sys=0.00, real=0.00 secs] 
1724.430: [GC (Allocation Failure) [PSYoungGen: 75741K->1533K(76288K)] 435590K->361382K(595968K), 0.0016999 secs] [Times: user=0.01 sys=0.00, real=0.00 secs] 
1725.510: [GC (Allocation Failure) [PSYoungGen: 75773K->1424K(75264K)] 435622K->361273K(594944K), 0.0029415 secs] [Times: user=0.01 sys=0.00, real=0.00 secs] 
1727.145: [GC (Allocation Failure) [PSYoungGen: 75152K->1392K(74752K)] 435001K->361241K(594432K), 0.0042009 secs] [Times: user=0.01 sys=0.01, real=0.01 secs] 
1728.280: [GC (Allocation Failure) [PSYoungGen: 74608K->1344K(74240K)] 434457K->361193K(593920K), 0.0035878 secs] [Times: user=0.02 sys=0.00, real=0.00 secs] 
1729.006: [GC (Allocation Failure) [PSYoungGen: 74048K->1344K(73728K)] 433897K->361193K(593408K), 0.0027484 secs] [Times: user=0.01 sys=0.00, real=0.01 secs] 
1729.281: [GC (Allocation Failure) [PSYoungGen: 73536K->1533K(73216K)] 433385K->361382K(592896K), 0.0015807 secs] [Times: user=0.01 sys=0.00, real=0.00 secs] 
1729.410: [GC (Allocation Failure) [PSYoungGen: 73213K->1501K(72704K)] 433062K->361350K(592384K), 0.0019940 secs] [Times: user=0.00 sys=0.00, real=0.00 secs] 
1729.580: [GC (Allocation Failure) [PSYoungGen: 72669K->1533K(72192K)] 432518K->361382K(591872K), 0.0016961 secs] [Times: user=0.01 sys=0.00, real=0.00 secs] 
1729.873: [GC (Allocation Failure) [PSYoungGen: 72189K->1440K(71680K)] 432038K->361289K(591360K), 0.0021946 secs] [Times: user=0.01 sys=0.00, real=0.00 secs] 
1730.566: [GC (Allocation Failure) [PSYoungGen: 71584K->1376K(71168K)] 431433K->361249K(590848K), 0.0031832 secs] [Times: user=0.01 sys=0.00, real=0.01 secs] 
1730.860: [GC (Allocation Failure) [PSYoungGen: 71008K->1376K(70656K)] 430881K->361249K(590336K), 0.0024617 secs] [Times: user=0.01 sys=0.00, real=0.00 secs] 
1731.148: [GC (Allocation Failure) [PSYoungGen: 70496K->1312K(70144K)] 430369K->361185K(589824K), 0.0021480 secs] [Times: user=0.01 sys=0.00, real=0.00 secs] 
1731.539: [GC (Allocation Failure) [PSYoungGen: 69920K->1437K(69632K)] 429793K->361310K(589312K), 0.0018923 secs] [Times: user=0.01 sys=0.00, real=0.00 secs] 
1731.664: [GC (Allocation Failure) [PSYoungGen: 69533K->1456K(69120K)] 429406K->361329K(588800K), 0.0015936 secs] [Times: user=0.00 sys=0.00, real=0.00 secs] 
1731.783: [GC (Allocation Failure) [PSYoungGen: 69040K->1533K(68608K)] 428913K->361406K(588288K), 0.0017285 secs] [Times: user=0.01 sys=0.00, real=0.00 secs] 
1731.901: [GC (Allocation Failure) [PSYoungGen: 68582K->1533K(75264K)] 428455K->361430K(594944K), 0.0015642 secs] [Times: user=0.01 sys=0.00, real=0.00 secs] 
1732.299: [GC (Allocation Failure) [PSYoungGen: 75261K->1424K(74752K)] 435158K->361321K(594432K), 0.0020549 secs] [Times: user=0.01 sys=0.00, real=0.00 secs] 
1733.136: [GC (Allocation Failure) [PSYoungGen: 74640K->1344K(74240K)] 434537K->361241K(593920K), 0.0019656 secs] [Times: user=0.01 sys=0.00, real=0.01 secs] 
1734.150: [GC (Allocation Failure) [PSYoungGen: 74048K->1408K(73728K)] 433945K->361305K(593408K), 0.0025414 secs] [Times: user=0.01 sys=0.00, real=0.00 secs] 
1734.915: [GC (Allocation Failure) [PSYoungGen: 73600K->1344K(73216K)] 433497K->361241K(592896K), 0.0026317 secs] [Times: user=0.01 sys=0.00, real=0.01 secs] 
1735.449: [GC (Allocation Failure) [PSYoungGen: 73024K->1421K(72704K)] 432921K->361318K(592384K), 0.0029105 secs] [Times: user=0.01 sys=0.00, real=0.00 secs] 
1735.643: [GC (Allocation Failure) [PSYoungGen: 72589K->1488K(72192K)] 432486K->361385K(591872K), 0.0023935 secs] [Times: user=0.01 sys=0.01, real=0.00 secs] 
1735.806: [GC (Allocation Failure) [PSYoungGen: 72144K->1517K(71680K)] 432041K->361414K(591360K), 0.0016814 secs] [Times: user=0.01 sys=0.00, real=0.01 secs] 
1735.929: [GC (Allocation Failure) [PSYoungGen: 71661K->1469K(71168K)] 431558K->361382K(590848K), 0.0016934 secs] [Times: user=0.01 sys=0.00, real=0.00 secs] 
1736.214: [GC (Allocation Failure) [PSYoungGen: 71101K->1408K(70656K)] 431014K->361321K(590336K), 0.0028047 secs] [Times: user=0.01 sys=0.00, real=0.00 secs] 
1736.671: [GC (Allocation Failure) [PSYoungGen: 70528K->1344K(70144K)] 430441K->361257K(589824K), 0.0021300 secs] [Times: user=0.00 sys=0.00, real=0.00 secs] 
1737.188: [GC (Allocation Failure) [PSYoungGen: 69952K->1344K(69632K)] 429865K->361257K(589312K), 0.0023736 secs] [Times: user=0.01 sys=0.00, real=0.00 secs] 
1737.690: [GC (Allocation Failure) [PSYoungGen: 69440K->1376K(69120K)] 429353K->361305K(588800K), 0.0023787 secs] [Times: user=0.00 sys=0.00, real=0.00 secs] 
1737.971: [GC (Allocation Failure) [PSYoungGen: 68960K->1437K(68608K)] 428889K->361366K(588288K), 0.0017305 secs] [Times: user=0.01 sys=0.00, real=0.00 secs] 
1738.091: [GC (Allocation Failure) [PSYoungGen: 68509K->1469K(68096K)] 428438K->361398K(587776K), 0.0017305 secs] [Times: user=0.01 sys=0.00, real=0.00 secs] 
1738.208: [GC (Allocation Failure) [PSYoungGen: 68029K->1485K(67584K)] 427958K->361414K(587264K), 0.0016384 secs] [Times: user=0.01 sys=0.00, real=0.00 secs] 
1738.324: [GC (Allocation Failure) [PSYoungGen: 67533K->1501K(68096K)] 427462K->361446K(587776K), 0.0015754 secs] [Times: user=0.01 sys=0.00, real=0.00 secs] 
1738.887: [GC (Allocation Failure) [PSYoungGen: 67549K->1392K(67072K)] 427494K->361337K(586752K), 0.0024725 secs] [Times: user=0.01 sys=0.00, real=0.00 secs] 
1739.229: [GC (Allocation Failure) [PSYoungGen: 66928K->1344K(66560K)] 426873K->361289K(586240K), 0.0022659 secs] [Times: user=0.01 sys=0.00, real=0.00 secs] 
1739.898: [GC (Allocation Failure) [PSYoungGen: 66368K->1344K(66048K)] 426313K->361289K(585728K), 0.0027870 secs] [Times: user=0.01 sys=0.01, real=0.00 secs] 
1740.599: [GC (Allocation Failure) [PSYoungGen: 65856K->1376K(65536K)] 425801K->361321K(585216K), 0.0037674 secs] [Times: user=0.01 sys=0.00, real=0.00 secs] 
1741.075: [GC (Allocation Failure) [PSYoungGen: 65376K->1501K(65024K)] 425321K->361446K(584704K), 0.0024063 secs] [Times: user=0.01 sys=0.00, real=0.01 secs] 
1741.212: [GC (Allocation Failure) [PSYoungGen: 64989K->1501K(64512K)] 424934K->361446K(584192K), 0.0017499 secs] [Times: user=0.01 sys=0.00, real=0.00 secs] 
1741.323: [GC (Allocation Failure) [PSYoungGen: 64477K->1533K(64000K)] 424422K->361478K(583680K), 0.0017408 secs] [Times: user=0.00 sys=0.00, real=0.00 secs] 
1741.433: [GC (Allocation Failure) [PSYoungGen: 63997K->1488K(64512K)] 423942K->361441K(584192K), 0.0017883 secs] [Times: user=0.01 sys=0.00, real=0.00 secs] 
1742.705: [GC (Allocation Failure) [PSYoungGen: 63952K->1424K(63488K)] 423905K->361377K(583168K), 0.0041855 secs] [Times: user=0.02 sys=0.00, real=0.01 secs] 
1743.398: [GC (Allocation Failure) [PSYoungGen: 63376K->1344K(62976K)] 423329K->361297K(582656K), 0.0042948 secs] [Times: user=0.01 sys=0.01, real=0.00 secs] 
1743.917: [GC (Allocation Failure) [PSYoungGen: 62784K->1344K(62464K)] 422737K->361297K(582144K), 0.0028769 secs] [Times: user=0.01 sys=0.00, real=0.00 secs] 
1744.278: [GC (Allocation Failure) [PSYoungGen: 62272K->1376K(61952K)] 422225K->361329K(581632K), 0.0020959 secs] [Times: user=0.01 sys=0.00, real=0.00 secs] 
1744.529: [GC (Allocation Failure) [PSYoungGen: 61792K->1376K(61440K)] 421745K->361329K(581120K), 0.0020470 secs] [Times: user=0.00 sys=0.00, real=0.00 secs] 
1744.703: [GC (Allocation Failure) [PSYoungGen: 61280K->1456K(61952K)] 421233K->361409K(581632K), 0.0015663 secs] [Times: user=0.00 sys=0.00, real=0.00 secs] 
1744.808: [GC (Allocation Failure) [PSYoungGen: 61360K->1517K(61952K)] 421313K->361470K(581632K), 0.0017068 secs] [Times: user=0.01 sys=0.00, real=0.00 secs] 
1744.914: [GC (Allocation Failure) [PSYoungGen: 61421K->1501K(61952K)] 421374K->361462K(581632K), 0.0016977 secs] [Times: user=0.01 sys=0.00, real=0.00 secs] 
1745.034: [GC (Allocation Failure) [PSYoungGen: 61405K->1501K(61952K)] 421366K->361462K(581632K), 0.0016716 secs] [Times: user=0.01 sys=0.00, real=0.00 secs] 
1745.525: [GC (Allocation Failure) [PSYoungGen: 61405K->1424K(68096K)] 421366K->361385K(587776K), 0.0036413 secs] [Times: user=0.02 sys=0.00, real=0.01 secs] 
1746.174: [GC (Allocation Failure) [PSYoungGen: 67472K->1376K(67072K)] 427433K->361337K(586752K), 0.0030843 secs] [Times: user=0.01 sys=0.00, real=0.01 secs] 
1746.875: [GC (Allocation Failure) [PSYoungGen: 66912K->1376K(66560K)] 426873K->361337K(586240K), 0.0029828 secs] [Times: user=0.02 sys=0.00, real=0.01 secs] 
1747.690: [GC (Allocation Failure) [PSYoungGen: 66400K->1376K(66048K)] 426361K->361337K(585728K), 0.0033003 secs] [Times: user=0.01 sys=0.00, real=0.00 secs] 
1748.245: [GC (Allocation Failure) [PSYoungGen: 65888K->1405K(65536K)] 425849K->361390K(585216K), 0.0026609 secs] [Times: user=0.01 sys=0.00, real=0.01 secs] 
1748.444: [GC (Allocation Failure) [PSYoungGen: 65405K->1469K(65024K)] 425390K->361454K(584704K), 0.0022244 secs] [Times: user=0.01 sys=0.00, real=0.00 secs] 
1748.577: [GC (Allocation Failure) [PSYoungGen: 64957K->1501K(64512K)] 424942K->361494K(584192K), 0.0017742 secs] [Times: user=0.01 sys=0.00, real=0.00 secs] 
1748.688: [GC (Allocation Failure) [PSYoungGen: 64477K->1405K(65024K)] 424470K->361398K(584704K), 0.0017721 secs] [Times: user=0.01 sys=0.00, real=0.00 secs] 
1748.954: [GC (Allocation Failure) [PSYoungGen: 64381K->1952K(71168K)] 424374K->361945K(590848K), 0.0023257 secs] [Times: user=0.01 sys=0.00, real=0.00 secs] 
1749.560: [GC (Allocation Failure) [PSYoungGen: 71072K->1344K(70144K)] 431065K->361337K(589824K), 0.0029734 secs] [Times: user=0.01 sys=0.00, real=0.00 secs] 
1749.930: [GC (Allocation Failure) [PSYoungGen: 69952K->1344K(69632K)] 429945K->361337K(589312K), 0.0022028 secs] [Times: user=0.01 sys=0.00, real=0.00 secs] 
1750.213: [GC (Allocation Failure) [PSYoungGen: 69440K->1376K(69120K)] 429433K->361369K(588800K), 0.0020864 secs] [Times: user=0.01 sys=0.00, real=0.00 secs] 
1750.697: [GC (Allocation Failure) [PSYoungGen: 68796K->288K(68608K)] 428789K->360281K(588288K), 0.0022330 secs] [Times: user=0.01 sys=0.00, real=0.00 secs] 
1750.846: [GC (Allocation Failure) [PSYoungGen: 67360K->1424K(68096K)] 427353K->361417K(587776K), 0.0016940 secs] [Times: user=0.00 sys=0.00, real=0.01 secs] 
1750.963: [GC (Allocation Failure) [PSYoungGen: 67984K->1453K(67584K)] 427977K->361446K(587264K), 0.0018746 secs] [Times: user=0.00 sys=0.00, real=0.00 secs] 
1751.096: [GC (Allocation Failure) [PSYoungGen: 67501K->1437K(68096K)] 427494K->361438K(587776K), 0.0018123 secs] [Times: user=0.01 sys=0.00, real=0.01 secs] 
1751.476: [GC (Allocation Failure) [PSYoungGen: 67485K->1984K(67584K)] 427486K->361985K(587264K), 0.0028460 secs] [Times: user=0.01 sys=0.00, real=0.01 secs] 
1752.654: [GC (Allocation Failure) [PSYoungGen: 67520K->1376K(66560K)] 427521K->361377K(586240K), 0.0049663 secs] [Times: user=0.02 sys=0.01, real=0.01 secs] 
1753.186: [GC (Allocation Failure) [PSYoungGen: 66400K->320K(65024K)] 426401K->361345K(584704K), 0.0026107 secs] [Times: user=0.01 sys=0.00, real=0.01 secs] 
1753.481: [GC (Allocation Failure) [PSYoungGen: 64832K->368K(66560K)] 425857K->361393K(586240K), 0.0020757 secs] [Times: user=0.01 sys=0.00, real=0.00 secs] 
1753.749: [GC (Allocation Failure) [PSYoungGen: 64368K->416K(64000K)] 425393K->361441K(583680K), 0.0041489 secs] [Times: user=0.02 sys=0.01, real=0.00 secs] 
1754.009: [GC (Allocation Failure) [PSYoungGen: 63904K->1469K(65536K)] 424929K->362494K(585216K), 0.0016645 secs] [Times: user=0.01 sys=0.00, real=0.00 secs] 
1754.135: [GC (Allocation Failure) [PSYoungGen: 64445K->1453K(69632K)] 425470K->362478K(589312K), 0.0018911 secs] [Times: user=0.01 sys=0.00, real=0.01 secs] 
1754.282: [GC (Allocation Failure) [PSYoungGen: 68509K->1533K(69632K)] 429534K->362566K(589312K), 0.0017462 secs] [Times: user=0.01 sys=0.00, real=0.00 secs] 
1754.417: [GC (Allocation Failure) [PSYoungGen: 68605K->1469K(76288K)] 429638K->362502K(595968K), 0.0017737 secs] [Times: user=0.01 sys=0.00, real=0.00 secs] 
1755.577: [GC (Allocation Failure) [PSYoungGen: 75197K->1376K(76288K)] 436230K->362409K(595968K), 0.0096855 secs] [Times: user=0.05 sys=0.01, real=0.01 secs] 
1756.871: [GC (Allocation Failure) [PSYoungGen: 75104K->1376K(74752K)] 436137K->362409K(594432K), 0.0039266 secs] [Times: user=0.01 sys=0.00, real=0.00 secs] 
1757.908: [GC (Allocation Failure) [PSYoungGen: 74592K->1344K(74240K)] 435625K->362377K(593920K), 0.0032941 secs] [Times: user=0.01 sys=0.00, real=0.00 secs] 
1758.838: [GC (Allocation Failure) [PSYoungGen: 74048K->1408K(73728K)] 435081K->362441K(593408K), 0.0033875 secs] [Times: user=0.01 sys=0.00, real=0.00 secs] 
1759.079: [GC (Allocation Failure) [PSYoungGen: 73600K->1533K(73216K)] 434633K->362566K(592896K), 0.0018449 secs] [Times: user=0.00 sys=0.00, real=0.00 secs] 
1759.205: [GC (Allocation Failure) [PSYoungGen: 73213K->1533K(72704K)] 434246K->362566K(592384K), 0.0017458 secs] [Times: user=0.01 sys=0.00, real=0.01 secs] 
1759.330: [GC (Allocation Failure) [PSYoungGen: 72701K->1469K(72192K)] 433734K->362526K(591872K), 0.0018575 secs] [Times: user=0.00 sys=0.00, real=0.00 secs] 
1759.548: [GC (Allocation Failure) [PSYoungGen: 72125K->1424K(71680K)] 433182K->362481K(591360K), 0.0017746 secs] [Times: user=0.00 sys=0.00, real=0.00 secs] 
1759.840: [GC (Allocation Failure) [PSYoungGen: 71568K->1328K(71168K)] 432625K->362385K(590848K), 0.0018597 secs] [Times: user=0.01 sys=0.00, real=0.00 secs] 
1760.138: [GC (Allocation Failure) [PSYoungGen: 70960K->1376K(70656K)] 432017K->362433K(590336K), 0.0017167 secs] [Times: user=0.00 sys=0.00, real=0.00 secs] 
1760.426: [GC (Allocation Failure) [PSYoungGen: 70496K->1376K(70144K)] 431553K->362433K(589824K), 0.0018455 secs] [Times: user=0.00 sys=0.00, real=0.01 secs] 
1760.737: [GC (Allocation Failure) [PSYoungGen: 69984K->1437K(69632K)] 431041K->362494K(589312K), 0.0027490 secs] [Times: user=0.01 sys=0.00, real=0.00 secs] 
1760.916: [GC (Allocation Failure) [PSYoungGen: 69533K->1565K(69632K)] 430590K->362622K(589312K), 0.0016914 secs] [Times: user=0.01 sys=0.00, real=0.01 secs] 
1761.052: [GC (Allocation Failure) [PSYoungGen: 69149K->477K(67584K)] 430206K->362558K(587264K), 0.0018834 secs] [Times: user=0.01 sys=0.00, real=0.00 secs] 
1761.202: [GC (Allocation Failure) [PSYoungGen: 67549K->429K(74752K)] 429630K->362510K(594432K), 0.0018295 secs] [Times: user=0.01 sys=0.00, real=0.00 secs] 
1761.490: [GC (Allocation Failure) [PSYoungGen: 73133K->1424K(73728K)] 435214K->363505K(593408K), 0.0024834 secs] [Times: user=0.01 sys=0.00, real=0.00 secs] 
1761.788: [GC (Allocation Failure) [PSYoungGen: 73616K->1344K(73216K)] 435697K->363425K(592896K), 0.0020846 secs] [Times: user=0.01 sys=0.00, real=0.00 secs] 
1762.086: [GC (Allocation Failure) [PSYoungGen: 73024K->1408K(72704K)] 435105K->363489K(592384K), 0.0019495 secs] [Times: user=0.01 sys=0.00, real=0.01 secs] 
1762.382: [GC (Allocation Failure) [PSYoungGen: 72576K->1360K(72192K)] 434657K->363441K(591872K), 0.0021289 secs] [Times: user=0.01 sys=0.00, real=0.00 secs] 
1762.686: [GC (Allocation Failure) [PSYoungGen: 72016K->1424K(71680K)] 434097K->363505K(591360K), 0.0015651 secs] [Times: user=0.01 sys=0.00, real=0.01 secs] 
1762.809: [GC (Allocation Failure) [PSYoungGen: 71568K->1469K(71168K)] 433649K->363550K(590848K), 0.0016653 secs] [Times: user=0.01 sys=0.00, real=0.00 secs] 
1762.931: [GC (Allocation Failure) [PSYoungGen: 71101K->1485K(70656K)] 433182K->363566K(590336K), 0.0015797 secs] [Times: user=0.01 sys=0.00, real=0.00 secs] 
1763.053: [GC (Allocation Failure) [PSYoungGen: 70605K->1565K(72192K)] 432686K->363662K(591872K), 0.0016592 secs] [Times: user=0.00 sys=0.00, real=0.00 secs] 
1763.716: [GC (Allocation Failure) [PSYoungGen: 71709K->1440K(71168K)] 433806K->363537K(590848K), 0.0033052 secs] [Times: user=0.01 sys=0.00, real=0.01 secs] 
1764.126: [GC (Allocation Failure) [PSYoungGen: 71072K->1408K(70656K)] 433169K->363505K(590336K), 0.0037325 secs] [Times: user=0.01 sys=0.00, real=0.01 secs] 
1764.470: [GC (Allocation Failure) [PSYoungGen: 70528K->1408K(70144K)] 432625K->363505K(589824K), 0.0019862 secs] [Times: user=0.01 sys=0.00, real=0.00 secs] 
1764.865: [GC (Allocation Failure) [PSYoungGen: 70016K->1360K(69632K)] 432113K->363457K(589312K), 0.0020933 secs] [Times: user=0.01 sys=0.00, real=0.01 secs] 
1765.087: [GC (Allocation Failure) [PSYoungGen: 69456K->1485K(69120K)] 431553K->363582K(588800K), 0.0023875 secs] [Times: user=0.01 sys=0.00, real=0.00 secs] 
1765.244: [GC (Allocation Failure) [PSYoungGen: 69069K->1517K(68608K)] 431166K->363614K(588288K), 0.0016644 secs] [Times: user=0.00 sys=0.00, real=0.00 secs] 
1765.363: [GC (Allocation Failure) [PSYoungGen: 68589K->1453K(74240K)] 430686K->363550K(593920K), 0.0017818 secs] [Times: user=0.01 sys=0.00, real=0.00 secs] 
1765.583: [GC (Allocation Failure) [PSYoungGen: 74157K->1440K(74752K)] 436254K->363553K(594432K), 0.0021190 secs] [Times: user=0.01 sys=0.00, real=0.00 secs] 
1766.370: [GC (Allocation Failure) [PSYoungGen: 74144K->1360K(73728K)] 436257K->363473K(593408K), 0.0031273 secs] [Times: user=0.02 sys=0.00, real=0.00 secs] 
1767.198: [GC (Allocation Failure) [PSYoungGen: 73552K->1424K(73216K)] 435665K->363537K(592896K), 0.0032024 secs] [Times: user=0.01 sys=0.00, real=0.00 secs] 
1768.000: [GC (Allocation Failure) [PSYoungGen: 73104K->1328K(72704K)] 435217K->363441K(592384K), 0.0022311 secs] [Times: user=0.01 sys=0.00, real=0.00 secs] 
1768.553: [GC (Allocation Failure) [PSYoungGen: 72496K->1469K(72192K)] 434609K->363582K(591872K), 0.0025377 secs] [Times: user=0.01 sys=0.00, real=0.00 secs] 
1768.713: [GC (Allocation Failure) [PSYoungGen: 72125K->1517K(71680K)] 434238K->363662K(591360K), 0.0016594 secs] [Times: user=0.01 sys=0.00, real=0.00 secs] 
1768.837: [GC (Allocation Failure) [PSYoungGen: 71661K->1453K(71168K)] 433806K->363598K(590848K), 0.0016906 secs] [Times: user=0.01 sys=0.00, real=0.00 secs] 
1768.980: [GC (Allocation Failure) [PSYoungGen: 71085K->1469K(70656K)] 433230K->363614K(590336K), 0.0018065 secs] [Times: user=0.00 sys=0.01, real=0.00 secs] 
1769.396: [GC (Allocation Failure) [PSYoungGen: 70589K->1392K(70144K)] 432734K->363537K(589824K), 0.0020935 secs] [Times: user=0.01 sys=0.00, real=0.01 secs] 
1770.002: [GC (Allocation Failure) [PSYoungGen: 70000K->1328K(69632K)] 432145K->363473K(589312K), 0.0034481 secs] [Times: user=0.02 sys=0.00, real=0.00 secs] 
1770.549: [GC (Allocation Failure) [PSYoungGen: 69424K->1376K(69120K)] 431569K->363521K(588800K), 0.0025962 secs] [Times: user=0.00 sys=0.00, real=0.00 secs] 
1771.082: [GC (Allocation Failure) [PSYoungGen: 68960K->1344K(68608K)] 431105K->363489K(588288K), 0.0022700 secs] [Times: user=0.01 sys=0.00, real=0.00 secs] 
1771.448: [GC (Allocation Failure) [PSYoungGen: 68416K->1533K(68096K)] 430561K->363686K(587776K), 0.0020098 secs] [Times: user=0.01 sys=0.00, real=0.00 secs] 
1771.573: [GC (Allocation Failure) [PSYoungGen: 68093K->1488K(67584K)] 430246K->363641K(587264K), 0.0016090 secs] [Times: user=0.00 sys=0.00, real=0.00 secs] 
1771.690: [GC (Allocation Failure) [PSYoungGen: 67522K->1469K(67072K)] 429675K->363622K(586752K), 0.0016592 secs] [Times: user=0.01 sys=0.00, real=0.00 secs] 
1771.805: [GC (Allocation Failure) [PSYoungGen: 67005K->1533K(73216K)] 429158K->363694K(592896K), 0.0015637 secs] [Times: user=0.00 sys=0.00, real=0.01 secs] 
1772.166: [GC (Allocation Failure) [PSYoungGen: 73213K->1424K(72704K)] 435374K->363585K(592384K), 0.0019043 secs] [Times: user=0.00 sys=0.00, real=0.01 secs] 
1772.461: [GC (Allocation Failure) [PSYoungGen: 72592K->1344K(72192K)] 434753K->363505K(591872K), 0.0018761 secs] [Times: user=0.01 sys=0.00, real=0.00 secs] 
1772.880: [GC (Allocation Failure) [PSYoungGen: 72000K->1408K(71680K)] 434161K->363569K(591360K), 0.0021512 secs] [Times: user=0.01 sys=0.00, real=0.00 secs] 
1773.474: [GC (Allocation Failure) [PSYoungGen: 71552K->1376K(71168K)] 433713K->363537K(590848K), 0.0024200 secs] [Times: user=0.01 sys=0.00, real=0.01 secs] 
1773.817: [GC (Allocation Failure) [PSYoungGen: 71008K->1517K(70656K)] 433169K->363678K(590336K), 0.0018163 secs] [Times: user=0.00 sys=0.00, real=0.00 secs] 
1773.940: [GC (Allocation Failure) [PSYoungGen: 70637K->1453K(70144K)] 432798K->363614K(589824K), 0.0016172 secs] [Times: user=0.01 sys=0.00, real=0.00 secs] 
1774.062: [GC (Allocation Failure) [PSYoungGen: 70049K->1533K(69632K)] 432210K->363694K(589312K), 0.0016903 secs] [Times: user=0.01 sys=0.00, real=0.00 secs] 
1774.184: [GC (Allocation Failure) [PSYoungGen: 69629K->1485K(70144K)] 431790K->363662K(589824K), 0.0016482 secs] [Times: user=0.01 sys=0.00, real=0.00 secs] 
1774.985: [GC (Allocation Failure) [PSYoungGen: 69581K->1424K(69120K)] 431758K->363601K(588800K), 0.0025002 secs] [Times: user=0.01 sys=0.00, real=0.01 secs] 
1775.559: [GC (Allocation Failure) [PSYoungGen: 69008K->1376K(68608K)] 431185K->363553K(588288K), 0.0024954 secs] [Times: user=0.01 sys=0.00, real=0.00 secs] 
1776.111: [GC (Allocation Failure) [PSYoungGen: 68448K->1408K(68096K)] 430625K->363585K(587776K), 0.0023555 secs] [Times: user=0.01 sys=0.00, real=0.00 secs] 
1776.719: [GC (Allocation Failure) [PSYoungGen: 67968K->1376K(67584K)] 430145K->363593K(587264K), 0.0030004 secs] [Times: user=0.01 sys=0.00, real=0.00 secs] 
1776.944: [GC (Allocation Failure) [PSYoungGen: 67424K->1485K(67072K)] 429641K->363702K(586752K), 0.0018433 secs] [Times: user=0.00 sys=0.00, real=0.00 secs] 
1777.059: [GC (Allocation Failure) [PSYoungGen: 67017K->1485K(66560K)] 429234K->363702K(586240K), 0.0016471 secs] [Times: user=0.01 sys=0.00, real=0.00 secs] 
1777.173: [GC (Allocation Failure) [PSYoungGen: 66509K->1469K(66048K)] 428726K->363686K(585728K), 0.0016966 secs] [Times: user=0.01 sys=0.00, real=0.00 secs] 
1777.286: [GC (Allocation Failure) [PSYoungGen: 65981K->1453K(66560K)] 428198K->363686K(586240K), 0.0017396 secs] [Times: user=0.01 sys=0.00, real=0.01 secs] 
1778.104: [GC (Allocation Failure) [PSYoungGen: 65965K->1408K(65536K)] 428198K->363641K(585216K), 0.0043778 secs] [Times: user=0.02 sys=0.00, real=0.01 secs] 
1778.768: [GC (Allocation Failure) [PSYoungGen: 65408K->1376K(65024K)] 427641K->363609K(584704K), 0.0033869 secs] [Times: user=0.02 sys=0.00, real=0.00 secs] 
1779.310: [GC (Allocation Failure) [PSYoungGen: 64864K->1408K(64512K)] 427097K->363641K(584192K), 0.0027116 secs] [Times: user=0.01 sys=0.00, real=0.00 secs] 
1779.842: [GC (Allocation Failure) [PSYoungGen: 64384K->1408K(64000K)] 426617K->363641K(583680K), 0.0025142 secs] [Times: user=0.01 sys=0.00, real=0.00 secs] 
1780.250: [GC (Allocation Failure) [PSYoungGen: 63872K->1501K(63488K)] 426105K->363734K(583168K), 0.0021468 secs] [Times: user=0.01 sys=0.00, real=0.00 secs] 
1780.380: [GC (Allocation Failure) [PSYoungGen: 63453K->1469K(62976K)] 425686K->363702K(582656K), 0.0017083 secs] [Times: user=0.00 sys=0.00, real=0.00 secs] 
1780.488: [GC (Allocation Failure) [PSYoungGen: 62909K->1469K(62464K)] 425142K->363702K(582144K), 0.0015316 secs] [Times: user=0.00 sys=0.00, real=0.00 secs] 
1780.595: [GC (Allocation Failure) [PSYoungGen: 62397K->1453K(62976K)] 424630K->363702K(582656K), 0.0018046 secs] [Times: user=0.00 sys=0.00, real=0.00 secs] 
1780.786: [GC (Allocation Failure) [PSYoungGen: 62381K->1664K(62976K)] 424630K->363913K(582656K), 0.0018925 secs] [Times: user=0.00 sys=0.00, real=0.01 secs] 
1781.623: [GC (Allocation Failure) [PSYoungGen: 62592K->1376K(61952K)] 424841K->363625K(581632K), 0.0025722 secs] [Times: user=0.01 sys=0.00, real=0.00 secs] 
1782.491: [GC (Allocation Failure) [PSYoungGen: 61792K->1408K(61440K)] 424041K->363657K(581120K), 0.0030570 secs] [Times: user=0.01 sys=0.00, real=0.00 secs] 
1783.032: [GC (Allocation Failure) [PSYoungGen: 61312K->1344K(61440K)] 423561K->363593K(581120K), 0.0034860 secs] [Times: user=0.01 sys=0.00, real=0.00 secs] 
1783.464: [GC (Allocation Failure) [PSYoungGen: 61248K->1312K(61440K)] 423497K->363561K(581120K), 0.0024350 secs] [Times: user=0.01 sys=0.00, real=0.00 secs] 
1783.740: [GC (Allocation Failure) [PSYoungGen: 61216K->1440K(61440K)] 423465K->363689K(581120K), 0.0019570 secs] [Times: user=0.00 sys=0.00, real=0.00 secs] 
1783.878: [GC (Allocation Failure) [PSYoungGen: 61344K->1504K(61440K)] 423593K->363753K(581120K), 0.0021420 secs] [Times: user=0.01 sys=0.00, real=0.00 secs] 
1784.029: [GC (Allocation Failure) [PSYoungGen: 61408K->1437K(65536K)] 423657K->363694K(585216K), 0.0022961 secs] [Times: user=0.00 sys=0.00, real=0.00 secs] 
1784.216: [GC (Allocation Failure) [PSYoungGen: 65437K->1469K(66048K)] 427694K->363726K(585728K), 0.0024883 secs] [Times: user=0.01 sys=0.00, real=0.01 secs] 
1784.468: [GC (Allocation Failure) [PSYoungGen: 65469K->1504K(72192K)] 427726K->363761K(591872K), 0.0018659 secs] [Times: user=0.00 sys=0.01, real=0.00 secs] 
1785.136: [GC (Allocation Failure) [PSYoungGen: 71648K->1392K(71168K)] 433905K->363649K(590848K), 0.0022845 secs] [Times: user=0.01 sys=0.00, real=0.01 secs] 
1785.814: [GC (Allocation Failure) [PSYoungGen: 71024K->1376K(70656K)] 433281K->363633K(590336K), 0.0026338 secs] [Times: user=0.01 sys=0.00, real=0.01 secs] 
1786.403: [GC (Allocation Failure) [PSYoungGen: 70496K->1376K(70144K)] 432753K->363633K(589824K), 0.0026543 secs] [Times: user=0.01 sys=0.00, real=0.00 secs] 
1787.111: [GC (Allocation Failure) [PSYoungGen: 69984K->1437K(69632K)] 432241K->363694K(589312K), 0.0025736 secs] [Times: user=0.01 sys=0.00, real=0.00 secs] 
1787.265: [GC (Allocation Failure) [PSYoungGen: 69533K->1533K(69120K)] 431790K->363790K(588800K), 0.0017877 secs] [Times: user=0.00 sys=0.00, real=0.01 secs] 
1787.384: [GC (Allocation Failure) [PSYoungGen: 69117K->1549K(69120K)] 431374K->363822K(588800K), 0.0015103 secs] [Times: user=0.01 sys=0.00, real=0.00 secs] 
1787.519: [GC (Allocation Failure) [PSYoungGen: 68620K->1485K(68096K)] 430893K->363774K(587776K), 0.0019885 secs] [Times: user=0.01 sys=0.00, real=0.00 secs] 
1787.895: [GC (Allocation Failure) [PSYoungGen: 68045K->1392K(67584K)] 430334K->363681K(587264K), 0.0021869 secs] [Times: user=0.01 sys=0.00, real=0.01 secs] 
1788.789: [GC (Allocation Failure) [PSYoungGen: 67440K->1408K(67072K)] 429729K->363697K(586752K), 0.0024790 secs] [Times: user=0.01 sys=0.00, real=0.00 secs] 
1789.430: [GC (Allocation Failure) [PSYoungGen: 66944K->1376K(66560K)] 429233K->363665K(586240K), 0.0023736 secs] [Times: user=0.01 sys=0.00, real=0.00 secs] 
1790.101: [GC (Allocation Failure) [PSYoungGen: 66400K->1376K(66048K)] 428689K->363665K(585728K), 0.0023007 secs] [Times: user=0.01 sys=0.00, real=0.00 secs] 
1790.956: [GC (Allocation Failure) [PSYoungGen: 65725K->288K(65024K)] 428014K->362577K(584704K), 0.0031674 secs] [Times: user=0.01 sys=0.00, real=0.01 secs] 
1791.175: [GC (Allocation Failure) [PSYoungGen: 64288K->1469K(65024K)] 426577K->363758K(584704K), 0.0022047 secs] [Times: user=0.01 sys=0.00, real=0.01 secs] 
1791.335: [GC (Allocation Failure) [PSYoungGen: 64957K->1453K(64512K)] 427246K->363742K(584192K), 0.0021132 secs] [Times: user=0.01 sys=0.00, real=0.01 secs] 
1791.487: [GC (Allocation Failure) [PSYoungGen: 64429K->1565K(64512K)] 426718K->363870K(584192K), 0.0017013 secs] [Times: user=0.00 sys=0.00, real=0.00 secs] 
1791.613: [GC (Allocation Failure) [PSYoungGen: 64029K->1456K(64512K)] 426334K->363761K(584192K), 0.0018793 secs] [Times: user=0.01 sys=0.00, real=0.00 secs] 
1791.982: [GC (Allocation Failure) [PSYoungGen: 64432K->1376K(64000K)] 426737K->363681K(583680K), 0.0022346 secs] [Times: user=0.01 sys=0.00, real=0.00 secs] 
1792.294: [GC (Allocation Failure) [PSYoungGen: 63840K->1328K(63488K)] 426145K->363633K(583168K), 0.0022816 secs] [Times: user=0.01 sys=0.00, real=0.00 secs] 
1792.678: [GC (Allocation Failure) [PSYoungGen: 63280K->1408K(62976K)] 425585K->363713K(582656K), 0.0021010 secs] [Times: user=0.01 sys=0.00, real=0.00 secs] 
1793.027: [GC (Allocation Failure) [PSYoungGen: 62848K->1344K(62464K)] 425153K->363649K(582144K), 0.0029729 secs] [Times: user=0.02 sys=0.00, real=0.00 secs] 
1793.404: [GC (Allocation Failure) [PSYoungGen: 62272K->1501K(61952K)] 424577K->363806K(581632K), 0.0023566 secs] [Times: user=0.01 sys=0.00, real=0.00 secs] 
1793.541: [GC (Allocation Failure) [PSYoungGen: 61917K->1469K(61440K)] 424222K->363774K(581120K), 0.0017321 secs] [Times: user=0.01 sys=0.00, real=0.00 secs] 
1793.646: [GC (Allocation Failure) [PSYoungGen: 61373K->1485K(61952K)] 423678K->363798K(581632K), 0.0016663 secs] [Times: user=0.00 sys=0.00, real=0.01 secs] 
1793.751: [GC (Allocation Failure) [PSYoungGen: 61389K->1501K(67584K)] 423702K->363814K(587264K), 0.0015619 secs] [Times: user=0.00 sys=0.01, real=0.00 secs] 
1794.061: [GC (Allocation Failure) [PSYoungGen: 67037K->1472K(67584K)] 429350K->363785K(587264K), 0.0022396 secs] [Times: user=0.01 sys=0.00, real=0.00 secs] 
1794.654: [GC (Allocation Failure) [PSYoungGen: 67008K->1376K(66560K)] 429321K->363689K(586240K), 0.0022329 secs] [Times: user=0.01 sys=0.00, real=0.00 secs] 
1795.236: [GC (Allocation Failure) [PSYoungGen: 66400K->1344K(66048K)] 428713K->363665K(585728K), 0.0031170 secs] [Times: user=0.01 sys=0.00, real=0.01 secs] 
1795.634: [GC (Allocation Failure) [PSYoungGen: 65856K->1408K(65536K)] 428177K->363729K(585216K), 0.0020011 secs] [Times: user=0.01 sys=0.00, real=0.00 secs] 
1795.901: [GC (Allocation Failure) [PSYoungGen: 65408K->1408K(65024K)] 427729K->363745K(584704K), 0.0021159 secs] [Times: user=0.01 sys=0.00, real=0.00 secs] 
1796.102: [GC (Allocation Failure) [PSYoungGen: 64896K->1469K(64512K)] 427233K->363806K(584192K), 0.0016229 secs] [Times: user=0.01 sys=0.00, real=0.00 secs] 
1796.213: [GC (Allocation Failure) [PSYoungGen: 64445K->1533K(64000K)] 426782K->363870K(583680K), 0.0017750 secs] [Times: user=0.01 sys=0.00, real=0.00 secs] 
1796.323: [GC (Allocation Failure) [PSYoungGen: 63997K->1501K(70144K)] 426334K->363854K(589824K), 0.0016588 secs] [Times: user=0.01 sys=0.00, real=0.00 secs] 
1796.462: [GC (Allocation Failure) [PSYoungGen: 70109K->1488K(70656K)] 432462K->363841K(590336K), 0.0019345 secs] [Times: user=0.01 sys=0.00, real=0.00 secs] 
1797.068: [GC (Allocation Failure) [PSYoungGen: 70096K->1408K(69632K)] 432449K->363761K(589312K), 0.0019795 secs] [Times: user=0.01 sys=0.00, real=0.00 secs] 
1797.687: [GC (Allocation Failure) [PSYoungGen: 69504K->1376K(69120K)] 431857K->363729K(588800K), 0.0023137 secs] [Times: user=0.01 sys=0.00, real=0.00 secs] 
1798.200: [GC (Allocation Failure) [PSYoungGen: 68960K->1312K(68608K)] 431313K->363665K(588288K), 0.0020890 secs] [Times: user=0.01 sys=0.00, real=0.00 secs] 
1798.479: [GC (Allocation Failure) [PSYoungGen: 68384K->1344K(68096K)] 430737K->363697K(587776K), 0.0021350 secs] [Times: user=0.00 sys=0.01, real=0.00 secs] 
1798.671: [GC (Allocation Failure) [PSYoungGen: 67904K->1469K(67584K)] 430257K->363822K(587264K), 0.0017150 secs] [Times: user=0.00 sys=0.00, real=0.00 secs] 
1798.787: [GC (Allocation Failure) [PSYoungGen: 67517K->1549K(67584K)] 429870K->363902K(587264K), 0.0016669 secs] [Times: user=0.01 sys=0.00, real=0.00 secs] 
1798.902: [GC (Allocation Failure) [PSYoungGen: 67085K->509K(72704K)] 429438K->363894K(592384K), 0.0016425 secs] [Times: user=0.01 sys=0.00, real=0.00 secs] 
1799.028: [GC (Allocation Failure) [PSYoungGen: 72189K->461K(73728K)] 435574K->363846K(593408K), 0.0017226 secs] [Times: user=0.01 sys=0.00, real=0.00 secs] 
1799.305: [GC (Allocation Failure) [PSYoungGen: 72141K->1408K(72704K)] 435526K->364793K(592384K), 0.0017869 secs] [Times: user=0.01 sys=0.00, real=0.00 secs] 
1799.600: [GC (Allocation Failure) [PSYoungGen: 72576K->1440K(72192K)] 435961K->364825K(591872K), 0.0015673 secs] [Times: user=0.00 sys=0.00, real=0.00 secs] 
1799.893: [GC (Allocation Failure) [PSYoungGen: 72096K->1392K(71680K)] 435481K->364777K(591360K), 0.0014682 secs] [Times: user=0.00 sys=0.00, real=0.00 secs] 
1800.183: [GC (Allocation Failure) [PSYoungGen: 71536K->1376K(71168K)] 434921K->364761K(590848K), 0.0016659 secs] [Times: user=0.01 sys=0.00, real=0.00 secs] 
1800.348: [GC (Allocation Failure) [PSYoungGen: 71008K->1501K(70656K)] 434393K->364886K(590336K), 0.0016031 secs] [Times: user=0.01 sys=0.00, real=0.00 secs] 
1800.471: [GC (Allocation Failure) [PSYoungGen: 70621K->1485K(70144K)] 434006K->364870K(589824K), 0.0017324 secs] [Times: user=0.00 sys=0.00, real=0.00 secs] 
1800.593: [GC (Allocation Failure) [PSYoungGen: 70077K->1533K(76800K)] 433462K->364918K(596480K), 0.0016505 secs] [Times: user=0.00 sys=0.00, real=0.00 secs] 
1801.042: [GC (Allocation Failure) [PSYoungGen: 76797K->1440K(76288K)] 440182K->364825K(595968K), 0.0025705 secs] [Times: user=0.01 sys=0.00, real=0.00 secs] 
1802.105: [GC (Allocation Failure) [PSYoungGen: 76192K->1376K(75776K)] 439577K->364761K(595456K), 0.0030038 secs] [Times: user=0.01 sys=0.00, real=0.01 secs] 
1802.883: [GC (Allocation Failure) [PSYoungGen: 75616K->1376K(75264K)] 439001K->364761K(594944K), 0.0022890 secs] [Times: user=0.01 sys=0.00, real=0.00 secs] 
1803.548: [GC (Allocation Failure) [PSYoungGen: 75104K->1408K(74752K)] 438489K->364793K(594432K), 0.0024166 secs] [Times: user=0.01 sys=0.00, real=0.00 secs] 
1804.038: [GC (Allocation Failure) [PSYoungGen: 74624K->1469K(74240K)] 438009K->364854K(593920K), 0.0019029 secs] [Times: user=0.01 sys=0.00, real=0.00 secs] 
1804.172: [GC (Allocation Failure) [PSYoungGen: 74173K->1488K(73728K)] 437558K->364873K(593408K), 0.0017949 secs] [Times: user=0.00 sys=0.00, real=0.00 secs] 
1804.299: [GC (Allocation Failure) [PSYoungGen: 73680K->1453K(73216K)] 437065K->364838K(592896K), 0.0016822 secs] [Times: user=0.01 sys=0.00, real=0.00 secs] 
1804.425: [GC (Allocation Failure) [PSYoungGen: 73133K->1533K(72704K)] 436518K->364918K(592384K), 0.0017769 secs] [Times: user=0.00 sys=0.00, real=0.01 secs] 
1805.149: [GC (Allocation Failure) [PSYoungGen: 72701K->1408K(72192K)] 436086K->364793K(591872K), 0.0020580 secs] [Times: user=0.01 sys=0.00, real=0.00 secs] 
1805.878: [GC (Allocation Failure) [PSYoungGen: 72064K->1376K(71680K)] 435449K->364761K(591360K), 0.0022636 secs] [Times: user=0.01 sys=0.00, real=0.00 secs] 
1806.469: [GC (Allocation Failure) [PSYoungGen: 71520K->1424K(71168K)] 434905K->364809K(590848K), 0.0024438 secs] [Times: user=0.01 sys=0.00, real=0.00 secs] 
1807.200: [GC (Allocation Failure) [PSYoungGen: 71056K->1376K(70656K)] 434441K->364761K(590336K), 0.0029952 secs] [Times: user=0.01 sys=0.00, real=0.00 secs] 
1807.471: [GC (Allocation Failure) [PSYoungGen: 70496K->1456K(70144K)] 433881K->364841K(589824K), 0.0015842 secs] [Times: user=0.00 sys=0.00, real=0.00 secs] 
1807.590: [GC (Allocation Failure) [PSYoungGen: 70064K->1536K(70144K)] 433449K->364921K(589824K), 0.0016446 secs] [Times: user=0.01 sys=0.00, real=0.00 secs] 
1807.710: [GC (Allocation Failure) [PSYoungGen: 69632K->1517K(70656K)] 433017K->364902K(590336K), 0.0022476 secs] [Times: user=0.01 sys=0.00, real=0.00 secs] 
1807.868: [GC (Allocation Failure) [PSYoungGen: 70125K->1536K(76800K)] 433510K->364921K(596480K), 0.0017569 secs] [Times: user=0.00 sys=0.00, real=0.00 secs] 
1808.544: [GC (Allocation Failure) [PSYoungGen: 76288K->1344K(75776K)] 439673K->364761K(595456K), 0.0023035 secs] [Times: user=0.01 sys=0.00, real=0.00 secs] 
1809.242: [GC (Allocation Failure) [PSYoungGen: 75584K->1392K(75264K)] 439001K->364809K(594944K), 0.0024532 secs] [Times: user=0.01 sys=0.00, real=0.00 secs] 
1810.106: [GC (Allocation Failure) [PSYoungGen: 75120K->1376K(74752K)] 438537K->364793K(594432K), 0.0030613 secs] [Times: user=0.01 sys=0.00, real=0.01 secs] 
1810.791: [GC (Allocation Failure) [PSYoungGen: 74592K->1472K(74240K)] 438009K->364889K(593920K), 0.0027906 secs] [Times: user=0.01 sys=0.00, real=0.00 secs] 
1810.973: [GC (Allocation Failure) [PSYoungGen: 74176K->1488K(73728K)] 437593K->364905K(593408K), 0.0017505 secs] [Times: user=0.01 sys=0.00, real=0.00 secs] 
1811.101: [GC (Allocation Failure) [PSYoungGen: 73680K->1533K(73216K)] 437097K->364950K(592896K), 0.0018694 secs] [Times: user=0.00 sys=0.00, real=0.00 secs] 
1811.229: [GC (Allocation Failure) [PSYoungGen: 73213K->1501K(72704K)] 436630K->364918K(592384K), 0.0017363 secs] [Times: user=0.01 sys=0.00, real=0.00 secs] 
1812.328: [GC (Allocation Failure) [PSYoungGen: 72669K->1392K(72192K)] 436086K->364817K(591872K), 0.0029824 secs] [Times: user=0.01 sys=0.00, real=0.00 secs] 
1812.984: [GC (Allocation Failure) [PSYoungGen: 72048K->1376K(71680K)] 435473K->364801K(591360K), 0.0026933 secs] [Times: user=0.01 sys=0.01, real=0.00 secs] 
1814.053: [GC (Allocation Failure) [PSYoungGen: 71520K->1376K(71168K)] 434945K->364801K(590848K), 0.0032114 secs] [Times: user=0.01 sys=0.00, real=0.00 secs] 
1814.974: [GC (Allocation Failure) [PSYoungGen: 71008K->1376K(70656K)] 434433K->364801K(590336K), 0.0029079 secs] [Times: user=0.01 sys=0.00, real=0.00 secs] 
1816.010: [GC (Allocation Failure) [PSYoungGen: 70496K->1453K(70144K)] 433921K->364886K(589824K), 0.0023733 secs] [Times: user=0.01 sys=0.00, real=0.00 secs] 
1816.158: [GC (Allocation Failure) [PSYoungGen: 70061K->1533K(69632K)] 433494K->364966K(589312K), 0.0017604 secs] [Times: user=0.00 sys=0.00, real=0.00 secs] 
1816.278: [GC (Allocation Failure) [PSYoungGen: 69629K->1453K(69120K)] 433062K->364886K(588800K), 0.0017031 secs] [Times: user=0.00 sys=0.00, real=0.00 secs] 
1816.416: [GC (Allocation Failure) [PSYoungGen: 69037K->1501K(68608K)] 432470K->364950K(588288K), 0.0019188 secs] [Times: user=0.01 sys=0.00, real=0.01 secs] 
1817.524: [GC (Allocation Failure) [PSYoungGen: 68573K->1408K(68096K)] 432022K->364857K(587776K), 0.0023340 secs] [Times: user=0.01 sys=0.01, real=0.00 secs] 
1818.100: [GC (Allocation Failure) [PSYoungGen: 67968K->1376K(67584K)] 431417K->364841K(587264K), 0.0021264 secs] [Times: user=0.01 sys=0.00, real=0.00 secs] 
1819.029: [GC (Allocation Failure) [PSYoungGen: 67424K->1376K(67072K)] 430889K->364841K(586752K), 0.0030115 secs] [Times: user=0.01 sys=0.00, real=0.00 secs] 
1819.659: [GC (Allocation Failure) [PSYoungGen: 66912K->1376K(66560K)] 430377K->364841K(586240K), 0.0025935 secs] [Times: user=0.01 sys=0.00, real=0.00 secs] 
1820.030: [GC (Allocation Failure) [PSYoungGen: 66400K->1469K(66048K)] 429865K->364934K(585728K), 0.0021521 secs] [Times: user=0.01 sys=0.00, real=0.00 secs] 
1820.157: [GC (Allocation Failure) [PSYoungGen: 65981K->1453K(65536K)] 429446K->364918K(585216K), 0.0017051 secs] [Times: user=0.01 sys=0.00, real=0.00 secs] 
1820.271: [GC (Allocation Failure) [PSYoungGen: 65453K->1501K(65024K)] 428918K->364966K(584704K), 0.0017114 secs] [Times: user=0.01 sys=0.00, real=0.00 secs] 
1820.382: [GC (Allocation Failure) [PSYoungGen: 64989K->1485K(65536K)] 428454K->364974K(585216K), 0.0016562 secs] [Times: user=0.01 sys=0.00, real=0.00 secs] 
1821.323: [GC (Allocation Failure) [PSYoungGen: 64973K->1440K(64512K)] 428462K->364929K(584192K), 0.0031524 secs] [Times: user=0.01 sys=0.00, real=0.00 secs] 
1821.904: [GC (Allocation Failure) [PSYoungGen: 64416K->1376K(64000K)] 427905K->364865K(583680K), 0.0024403 secs] [Times: user=0.01 sys=0.00, real=0.00 secs] 
1822.852: [GC (Allocation Failure) [PSYoungGen: 63840K->1408K(63488K)] 427329K->364897K(583168K), 0.0029267 secs] [Times: user=0.01 sys=0.00, real=0.00 secs] 
1823.565: [GC (Allocation Failure) [PSYoungGen: 63360K->1392K(62976K)] 426849K->364881K(582656K), 0.0029965 secs] [Times: user=0.01 sys=0.00, real=0.01 secs] 
1824.178: [GC (Allocation Failure) [PSYoungGen: 62832K->1469K(62464K)] 426321K->364958K(582144K), 0.0025182 secs] [Times: user=0.01 sys=0.00, real=0.00 secs] 
1824.344: [GC (Allocation Failure) [PSYoungGen: 62397K->1469K(61952K)] 425886K->364958K(581632K), 0.0017723 secs] [Times: user=0.01 sys=0.00, real=0.00 secs] 
1824.465: [GC (Allocation Failure) [PSYoungGen: 61885K->1456K(61440K)] 425374K->364945K(581120K), 0.0018724 secs] [Times: user=0.00 sys=0.01, real=0.01 secs] 
1824.602: [GC (Allocation Failure) [PSYoungGen: 61360K->1485K(67072K)] 424849K->364990K(586752K), 0.0021007 secs] [Times: user=0.01 sys=0.00, real=0.00 secs] 
1824.759: [GC (Allocation Failure) [PSYoungGen: 67021K->1469K(67584K)] 430526K->364974K(587264K), 0.0019976 secs] [Times: user=0.01 sys=0.00, real=0.00 secs] 
1825.060: [GC (Allocation Failure) [PSYoungGen: 67005K->1408K(67584K)] 430510K->364913K(587264K), 0.0021649 secs] [Times: user=0.01 sys=0.00, real=0.00 secs] 
1825.333: [GC (Allocation Failure) [PSYoungGen: 66944K->1376K(66560K)] 430449K->364881K(586240K), 0.0019550 secs] [Times: user=0.01 sys=0.00, real=0.00 secs] 
1825.603: [GC (Allocation Failure) [PSYoungGen: 66400K->1456K(73216K)] 429905K->364961K(592896K), 0.0043334 secs] [Times: user=0.01 sys=0.01, real=0.01 secs] 
1826.053: [GC (Allocation Failure) [PSYoungGen: 72624K->1376K(72192K)] 436129K->364881K(591872K), 0.0019489 secs] [Times: user=0.01 sys=0.01, real=0.00 secs] 
1826.514: [GC (Allocation Failure) [PSYoungGen: 72032K->1488K(71680K)] 435537K->364993K(591360K), 0.0019546 secs] [Times: user=0.00 sys=0.00, real=0.00 secs] 
1826.638: [GC (Allocation Failure) [PSYoungGen: 71632K->1517K(71168K)] 435137K->365022K(590848K), 0.0015625 secs] [Times: user=0.01 sys=0.00, real=0.00 secs] 
1826.762: [GC (Allocation Failure) [PSYoungGen: 71149K->1501K(72192K)] 434654K->365022K(591872K), 0.0017046 secs] [Times: user=0.01 sys=0.00, real=0.00 secs] 
1826.984: [GC (Allocation Failure) [PSYoungGen: 71327K->288K(70144K)] 434848K->363809K(589824K), 0.0017220 secs] [Times: user=0.01 sys=0.00, real=0.00 secs] 
1827.509: [GC (Allocation Failure) [PSYoungGen: 69920K->1344K(71168K)] 433441K->364865K(590848K), 0.0020716 secs] [Times: user=0.01 sys=0.00, real=0.00 secs] 
1828.262: [GC (Allocation Failure) [PSYoungGen: 70464K->1376K(70144K)] 433985K->364897K(589824K), 0.0022366 secs] [Times: user=0.01 sys=0.00, real=0.00 secs] 
1829.174: [GC (Allocation Failure) [PSYoungGen: 69984K->1344K(69632K)] 433505K->364865K(589312K), 0.0038320 secs] [Times: user=0.02 sys=0.00, real=0.01 secs] 
1830.038: [GC (Allocation Failure) [PSYoungGen: 69440K->1312K(69120K)] 432961K->364833K(588800K), 0.0039663 secs] [Times: user=0.02 sys=0.00, real=0.00 secs] 
1830.340: [GC (Allocation Failure) [PSYoungGen: 68896K->1501K(68608K)] 432417K->365022K(588288K), 0.0020687 secs] [Times: user=0.01 sys=0.00, real=0.00 secs] 
1830.469: [GC (Allocation Failure) [PSYoungGen: 68573K->1504K(68096K)] 432094K->365025K(587776K), 0.0017186 secs] [Times: user=0.01 sys=0.00, real=0.00 secs] 
1830.585: [GC (Allocation Failure) [PSYoungGen: 68064K->1488K(67584K)] 431585K->365009K(587264K), 0.0016598 secs] [Times: user=0.00 sys=0.00, real=0.01 secs] 
1830.782: [GC (Allocation Failure) [PSYoungGen: 67536K->1520K(67072K)] 431057K->365041K(586752K), 0.0020302 secs] [Times: user=0.00 sys=0.00, real=0.00 secs] 
1831.272: [GC (Allocation Failure) [PSYoungGen: 67056K->1344K(66560K)] 430577K->364865K(586240K), 0.0025342 secs] [Times: user=0.01 sys=0.00, real=0.00 secs] 
1831.558: [GC (Allocation Failure) [PSYoungGen: 66368K->1376K(66048K)] 429889K->364897K(585728K), 0.0020826 secs] [Times: user=0.01 sys=0.00, real=0.00 secs] 
1831.845: [GC (Allocation Failure) [PSYoungGen: 65888K->1376K(65536K)] 429409K->364897K(585216K), 0.0021396 secs] [Times: user=0.01 sys=0.00, real=0.00 secs] 
1832.265: [GC (Allocation Failure) [PSYoungGen: 65376K->1344K(65024K)] 428897K->364865K(584704K), 0.0021043 secs] [Times: user=0.01 sys=0.00, real=0.01 secs] 
1832.624: [GC (Allocation Failure) [PSYoungGen: 64832K->1469K(64512K)] 428353K->364990K(584192K), 0.0017374 secs] [Times: user=0.00 sys=0.01, real=0.00 secs] 
1832.750: [GC (Allocation Failure) [PSYoungGen: 64445K->1533K(64000K)] 427966K->365054K(583680K), 0.0019437 secs] [Times: user=0.01 sys=0.00, real=0.00 secs] 
1832.891: [GC (Allocation Failure) [PSYoungGen: 63997K->1469K(70144K)] 427518K->365006K(589824K), 0.0020712 secs] [Times: user=0.01 sys=0.00, real=0.00 secs] 
1833.067: [GC (Allocation Failure) [PSYoungGen: 69565K->1501K(70656K)] 433102K->365046K(590336K), 0.0024126 secs] [Times: user=0.01 sys=0.00, real=0.00 secs] 
1833.778: [GC (Allocation Failure) [PSYoungGen: 70109K->1408K(69632K)] 433654K->364953K(589312K), 0.0033487 secs] [Times: user=0.01 sys=0.00, real=0.00 secs] 
1834.378: [GC (Allocation Failure) [PSYoungGen: 69504K->1376K(69120K)] 433049K->364921K(588800K), 0.0032166 secs] [Times: user=0.01 sys=0.00, real=0.00 secs] 
1835.057: [GC (Allocation Failure) [PSYoungGen: 68960K->1376K(68608K)] 432505K->364921K(588288K), 0.0024215 secs] [Times: user=0.01 sys=0.00, real=0.00 secs] 
1835.819: [GC (Allocation Failure) [PSYoungGen: 68448K->1376K(68096K)] 431993K->364921K(587776K), 0.0023581 secs] [Times: user=0.00 sys=0.00, real=0.00 secs] 
1836.311: [GC (Allocation Failure) [PSYoungGen: 67936K->1485K(67584K)] 431481K->365030K(587264K), 0.0021975 secs] [Times: user=0.01 sys=0.00, real=0.00 secs] 
1836.441: [GC (Allocation Failure) [PSYoungGen: 67533K->1501K(67072K)] 431078K->365046K(586752K), 0.0016601 secs] [Times: user=0.00 sys=0.00, real=0.00 secs] 
1836.557: [GC (Allocation Failure) [PSYoungGen: 67037K->1424K(66560K)] 430582K->364985K(586240K), 0.0016009 secs] [Times: user=0.01 sys=0.00, real=0.01 secs] 
1836.670: [GC (Allocation Failure) [PSYoungGen: 66448K->1501K(67072K)] 430009K->365078K(586752K), 0.0017638 secs] [Times: user=0.01 sys=0.00, real=0.00 secs] 
1837.481: [GC (Allocation Failure) [PSYoungGen: 66525K->1392K(66048K)] 430102K->364969K(585728K), 0.0024638 secs] [Times: user=0.01 sys=0.00, real=0.00 secs] 
1838.176: [GC (Allocation Failure) [PSYoungGen: 65904K->1408K(65536K)] 429481K->364985K(585216K), 0.0024606 secs] [Times: user=0.01 sys=0.00, real=0.01 secs] 
1838.918: [GC (Allocation Failure) [PSYoungGen: 65408K->1376K(65024K)] 428985K->364953K(584704K), 0.0024688 secs] [Times: user=0.01 sys=0.00, real=0.00 secs] 
1839.381: [GC (Allocation Failure) [PSYoungGen: 64864K->1408K(64512K)] 428441K->364985K(584192K), 0.0025672 secs] [Times: user=0.01 sys=0.01, real=0.00 secs] 
1839.768: [GC (Allocation Failure) [PSYoungGen: 64384K->1469K(64000K)] 427961K->365046K(583680K), 0.0019582 secs] [Times: user=0.01 sys=0.00, real=0.00 secs] 
1839.886: [GC (Allocation Failure) [PSYoungGen: 63933K->1472K(63488K)] 427510K->365049K(583168K), 0.0017309 secs] [Times: user=0.00 sys=0.00, real=0.01 secs] 
1839.995: [GC (Allocation Failure) [PSYoungGen: 63424K->1501K(62976K)] 427001K->365078K(582656K), 0.0018408 secs] [Times: user=0.01 sys=0.00, real=0.00 secs] 
1840.117: [GC (Allocation Failure) [PSYoungGen: 62941K->1501K(63488K)] 426518K->365094K(583168K), 0.0019723 secs] [Times: user=0.01 sys=0.00, real=0.00 secs] 
1840.261: [GC (Allocation Failure) [PSYoungGen: 62941K->1440K(63488K)] 426534K->365033K(583168K), 0.0020182 secs] [Times: user=0.01 sys=0.00, real=0.00 secs] 
1842.073: [GC (Allocation Failure) [PSYoungGen: 62880K->1344K(62464K)] 426473K->364937K(582144K), 0.0029338 secs] [Times: user=0.01 sys=0.00, real=0.00 secs] 
1842.853: [GC (Allocation Failure) [PSYoungGen: 62272K->1392K(61952K)] 425865K->364985K(581632K), 0.0046715 secs] [Times: user=0.02 sys=0.01, real=0.01 secs] 
1843.557: [GC (Allocation Failure) [PSYoungGen: 61808K->1376K(61440K)] 425401K->364969K(581120K), 0.0032024 secs] [Times: user=0.01 sys=0.00, real=0.00 secs] 
1843.813: [GC (Allocation Failure) [PSYoungGen: 61280K->1344K(61440K)] 424873K->364937K(581120K), 0.0021623 secs] [Times: user=0.00 sys=0.00, real=0.00 secs] 
1844.057: [GC (Allocation Failure) [PSYoungGen: 61248K->1408K(61440K)] 424841K->365009K(581120K), 0.0017522 secs] [Times: user=0.00 sys=0.00, real=0.00 secs] 
1844.163: [GC (Allocation Failure) [PSYoungGen: 61312K->1501K(61440K)] 424913K->365102K(581120K), 0.0017419 secs] [Times: user=0.00 sys=0.00, real=0.00 secs] 
1844.268: [GC (Allocation Failure) [PSYoungGen: 61405K->1501K(66048K)] 425006K->365110K(585728K), 0.0016876 secs] [Times: user=0.01 sys=0.00, real=0.00 secs] 
1844.382: [GC (Allocation Failure) [PSYoungGen: 66013K->1517K(66560K)] 429622K->365126K(586240K), 0.0016652 secs] [Times: user=0.01 sys=0.00, real=0.00 secs] 
1844.655: [GC (Allocation Failure) [PSYoungGen: 66029K->1472K(72192K)] 429638K->365081K(591872K), 0.0019298 secs] [Times: user=0.01 sys=0.00, real=0.01 secs] 
1845.402: [GC (Allocation Failure) [PSYoungGen: 72128K->1408K(71680K)] 435737K->365017K(591360K), 0.0023327 secs] [Times: user=0.01 sys=0.01, real=0.00 secs] 
1845.980: [GC (Allocation Failure) [PSYoungGen: 71552K->1376K(71168K)] 435161K->364985K(590848K), 0.0022684 secs] [Times: user=0.01 sys=0.00, real=0.00 secs] 
1846.561: [GC (Allocation Failure) [PSYoungGen: 71008K->1344K(70656K)] 434617K->364953K(590336K), 0.0023318 secs] [Times: user=0.01 sys=0.00, real=0.00 secs] 
1846.903: [GC (Allocation Failure) [PSYoungGen: 70464K->1469K(70144K)] 434073K->365078K(589824K), 0.0019699 secs] [Times: user=0.01 sys=0.00, real=0.00 secs] 
1847.028: [GC (Allocation Failure) [PSYoungGen: 70077K->1453K(69632K)] 433686K->365062K(589312K), 0.0017052 secs] [Times: user=0.00 sys=0.00, real=0.00 secs] 
1847.147: [GC (Allocation Failure) [PSYoungGen: 69549K->1501K(69120K)] 433158K->365118K(588800K), 0.0017554 secs] [Times: user=0.01 sys=0.00, real=0.00 secs] 
1847.266: [GC (Allocation Failure) [PSYoungGen: 69085K->1485K(69632K)] 432702K->365126K(589312K), 0.0016334 secs] [Times: user=0.00 sys=0.00, real=0.01 secs] 
1847.770: [GC (Allocation Failure) [PSYoungGen: 69069K->1424K(68608K)] 432710K->365065K(588288K), 0.0021185 secs] [Times: user=0.01 sys=0.00, real=0.00 secs] 
1848.770: [GC (Allocation Failure) [PSYoungGen: 68496K->1376K(68096K)] 432137K->365017K(587776K), 0.0028951 secs] [Times: user=0.01 sys=0.00, real=0.00 secs] 
1849.583: [GC (Allocation Failure) [PSYoungGen: 67936K->1344K(67584K)] 431577K->364985K(587264K), 0.0025588 secs] [Times: user=0.00 sys=0.00, real=0.00 secs] 
1850.423: [GC (Allocation Failure) [PSYoungGen: 67392K->1312K(67072K)] 431033K->364961K(586752K), 0.0026182 secs] [Times: user=0.01 sys=0.00, real=0.00 secs] 
1850.721: [GC (Allocation Failure) [PSYoungGen: 66848K->1488K(66560K)] 430497K->365137K(586240K), 0.0019981 secs] [Times: user=0.00 sys=0.01, real=0.00 secs] 
1850.852: [GC (Allocation Failure) [PSYoungGen: 66512K->1517K(66048K)] 430161K->365166K(585728K), 0.0017339 secs] [Times: user=0.01 sys=0.00, real=0.00 secs] 
1850.965: [GC (Allocation Failure) [PSYoungGen: 66029K->1437K(65536K)] 429678K->365086K(585216K), 0.0017009 secs] [Times: user=0.01 sys=0.00, real=0.01 secs] 
1851.079: [GC (Allocation Failure) [PSYoungGen: 65437K->1453K(71680K)] 429086K->365110K(591360K), 0.0017848 secs] [Times: user=0.00 sys=0.00, real=0.00 secs] 
1851.339: [GC (Allocation Failure) [PSYoungGen: 71597K->1472K(71168K)] 435254K->365129K(590848K), 0.0019447 secs] [Times: user=0.01 sys=0.00, real=0.00 secs] 
1852.217: [GC (Allocation Failure) [PSYoungGen: 71104K->1376K(70656K)] 434761K->365033K(590336K), 0.0041695 secs] [Times: user=0.02 sys=0.00, real=0.00 secs] 
1853.109: [GC (Allocation Failure) [PSYoungGen: 70496K->1328K(70144K)] 434153K->364985K(589824K), 0.0041998 secs] [Times: user=0.01 sys=0.00, real=0.00 secs] 
1854.092: [GC (Allocation Failure) [PSYoungGen: 69936K->1376K(69632K)] 433593K->365033K(589312K), 0.0037541 secs] [Times: user=0.01 sys=0.00, real=0.00 secs] 
1854.809: [GC (Allocation Failure) [PSYoungGen: 69472K->1437K(69120K)] 433129K->365094K(588800K), 0.0023061 secs] [Times: user=0.01 sys=0.00, real=0.00 secs] 
1854.956: [GC (Allocation Failure) [PSYoungGen: 69021K->1469K(68608K)] 432678K->365126K(588288K), 0.0017770 secs] [Times: user=0.01 sys=0.00, real=0.01 secs] 
1855.074: [GC (Allocation Failure) [PSYoungGen: 68541K->1533K(68096K)] 432198K->365190K(587776K), 0.0017441 secs] [Times: user=0.00 sys=0.00, real=0.00 secs] 
1855.191: [GC (Allocation Failure) [PSYoungGen: 68093K->1501K(68608K)] 431750K->365174K(588288K), 0.0016664 secs] [Times: user=0.01 sys=0.00, real=0.00 secs] 
1856.346: [GC (Allocation Failure) [PSYoungGen: 68061K->1408K(67584K)] 431734K->365081K(587264K), 0.0057452 secs] [Times: user=0.02 sys=0.00, real=0.01 secs] 
1857.614: [GC (Allocation Failure) [PSYoungGen: 67456K->1376K(67072K)] 431129K->365049K(586752K), 0.0031504 secs] [Times: user=0.01 sys=0.00, real=0.01 secs] 
1858.169: [GC (Allocation Failure) [PSYoungGen: 66912K->1344K(66560K)] 430585K->365017K(586240K), 0.0022775 secs] [Times: user=0.01 sys=0.01, real=0.00 secs] 
1858.792: [GC (Allocation Failure) [PSYoungGen: 66368K->1344K(66048K)] 430041K->365017K(585728K), 0.0022935 secs] [Times: user=0.01 sys=0.00, real=0.00 secs] 
1859.274: [GC (Allocation Failure) [PSYoungGen: 65856K->1376K(65536K)] 429529K->365049K(585216K), 0.0022587 secs] [Times: user=0.01 sys=0.00, real=0.00 secs] 
1859.449: [GC (Allocation Failure) [PSYoungGen: 65376K->1501K(65024K)] 429049K->365174K(584704K), 0.0016434 secs] [Times: user=0.01 sys=0.00, real=0.00 secs] 
1859.576: [GC (Allocation Failure) [PSYoungGen: 64989K->1488K(64512K)] 428662K->365161K(584192K), 0.0018845 secs] [Times: user=0.00 sys=0.00, real=0.01 secs] 
1859.715: [GC (Allocation Failure) [PSYoungGen: 64464K->1453K(64000K)] 428137K->365142K(583680K), 0.0020658 secs] [Times: user=0.01 sys=0.00, real=0.01 secs] 
1859.867: [GC (Allocation Failure) [PSYoungGen: 63917K->1469K(70144K)] 427606K->365158K(589824K), 0.0020014 secs] [Times: user=0.01 sys=0.00, real=0.00 secs] 
1860.593: [GC (Allocation Failure) [PSYoungGen: 70077K->1344K(69632K)] 433766K->365033K(589312K), 0.0025824 secs] [Times: user=0.02 sys=0.00, real=0.00 secs] 
1860.987: [GC (Allocation Failure) [PSYoungGen: 69440K->1312K(69120K)] 433129K->365001K(588800K), 0.0021464 secs] [Times: user=0.00 sys=0.00, real=0.00 secs] 
1861.268: [GC (Allocation Failure) [PSYoungGen: 68896K->1376K(68608K)] 432585K->365065K(588288K), 0.0020863 secs] [Times: user=0.01 sys=0.00, real=0.00 secs] 
1861.731: [GC (Allocation Failure) [PSYoungGen: 68448K->1376K(68096K)] 432137K->365065K(587776K), 0.0020870 secs] [Times: user=0.01 sys=0.00, real=0.00 secs] 
1862.034: [GC (Allocation Failure) [PSYoungGen: 67936K->1488K(67584K)] 431625K->365177K(587264K), 0.0016804 secs] [Times: user=0.00 sys=0.00, real=0.00 secs] 
1862.151: [GC (Allocation Failure) [PSYoungGen: 67536K->1485K(67072K)] 431225K->365174K(586752K), 0.0017051 secs] [Times: user=0.01 sys=0.00, real=0.00 secs] 
1862.267: [GC (Allocation Failure) [PSYoungGen: 67021K->1501K(66560K)] 430710K->365198K(586240K), 0.0017298 secs] [Times: user=0.01 sys=0.00, real=0.00 secs] 
1862.381: [GC (Allocation Failure) [PSYoungGen: 66525K->1485K(67072K)] 430222K->365182K(586752K), 0.0016600 secs] [Times: user=0.00 sys=0.00, real=0.00 secs] 
1863.327: [GC (Allocation Failure) [PSYoungGen: 66509K->1408K(66048K)] 430206K->365105K(585728K), 0.0040549 secs] [Times: user=0.02 sys=0.00, real=0.00 secs] 
1864.153: [GC (Allocation Failure) [PSYoungGen: 65920K->1376K(65536K)] 429617K->365073K(585216K), 0.0038576 secs] [Times: user=0.01 sys=0.00, real=0.01 secs] 
1864.864: [GC (Allocation Failure) [PSYoungGen: 65376K->1328K(65024K)] 429073K->365025K(584704K), 0.0029728 secs] [Times: user=0.01 sys=0.00, real=0.01 secs] 
1865.754: [GC (Allocation Failure) [PSYoungGen: 64816K->1344K(64512K)] 428513K->365041K(584192K), 0.0030840 secs] [Times: user=0.02 sys=0.01, real=0.01 secs] 
1866.597: [GC (Allocation Failure) [PSYoungGen: 64320K->1453K(64000K)] 428017K->365150K(583680K), 0.0028603 secs] [Times: user=0.01 sys=0.00, real=0.01 secs] 
1866.808: [GC (Allocation Failure) [PSYoungGen: 63917K->1469K(63488K)] 427614K->365166K(583168K), 0.0025015 secs] [Times: user=0.01 sys=0.00, real=0.00 secs] 
1866.977: [GC (Allocation Failure) [PSYoungGen: 63421K->1501K(62976K)] 427118K->365198K(582656K), 0.0023984 secs] [Times: user=0.01 sys=0.00, real=0.01 secs] 
1867.152: [GC (Allocation Failure) [PSYoungGen: 62941K->1469K(62464K)] 426638K->365174K(582144K), 0.0024760 secs] [Times: user=0.01 sys=0.00, real=0.00 secs] 
1867.427: [GC (Allocation Failure) [PSYoungGen: 62397K->1408K(61952K)] 426102K->365113K(581632K), 0.0021094 secs] [Times: user=0.01 sys=0.00, real=0.00 secs] 
1867.985: [GC (Allocation Failure) [PSYoungGen: 61824K->1344K(61440K)] 425529K->365065K(581120K), 0.0029814 secs] [Times: user=0.01 sys=0.00, real=0.01 secs] 
1868.318: [GC (Allocation Failure) [PSYoungGen: 61248K->1376K(61952K)] 424969K->365097K(581632K), 0.0019813 secs] [Times: user=0.01 sys=0.00, real=0.00 secs] 
1868.576: [GC (Allocation Failure) [PSYoungGen: 61280K->1376K(61952K)] 425001K->365097K(581632K), 0.0019766 secs] [Times: user=0.01 sys=0.00, real=0.01 secs] 
1869.182: [GC (Allocation Failure) [PSYoungGen: 61280K->1376K(61952K)] 425001K->365097K(581632K), 0.0041844 secs] [Times: user=0.02 sys=0.00, real=0.00 secs] 
1869.763: [GC (Allocation Failure) [PSYoungGen: 61280K->1469K(61952K)] 425001K->365190K(581632K), 0.0020327 secs] [Times: user=0.01 sys=0.00, real=0.00 secs] 
1869.884: [GC (Allocation Failure) [PSYoungGen: 61373K->1485K(61952K)] 425094K->365206K(581632K), 0.0016689 secs] [Times: user=0.00 sys=0.00, real=0.00 secs] 
1869.989: [GC (Allocation Failure) [PSYoungGen: 61381K->1421K(61952K)] 425102K->365158K(581632K), 0.0016435 secs] [Times: user=0.01 sys=0.00, real=0.00 secs] 
1870.094: [GC (Allocation Failure) [PSYoungGen: 61325K->1453K(61952K)] 425062K->365190K(581632K), 0.0015775 secs] [Times: user=0.00 sys=0.00, real=0.00 secs] 
1870.858: [GC (Allocation Failure) [PSYoungGen: 61357K->1440K(61440K)] 425094K->365177K(581120K), 0.0041375 secs] [Times: user=0.02 sys=0.00, real=0.00 secs] 
1871.972: [GC (Allocation Failure) [PSYoungGen: 61344K->1424K(67584K)] 425081K->365161K(587264K), 0.0682332 secs] [Times: user=0.24 sys=0.11, real=0.07 secs] 
1872.864: [GC (Allocation Failure) [PSYoungGen: 66960K->1408K(70656K)] 430697K->365145K(590336K), 0.0040713 secs] [Times: user=0.01 sys=0.01, real=0.01 secs] 
1873.412: [GC (Allocation Failure) [PSYoungGen: 70016K->1424K(70144K)] 433753K->365161K(589824K), 0.0029746 secs] [Times: user=0.01 sys=0.00, real=0.00 secs] 
1873.965: [GC (Allocation Failure) [PSYoungGen: 70032K->1376K(77312K)] 433769K->365121K(596992K), 0.0024328 secs] [Times: user=0.01 sys=0.00, real=0.01 secs] 
1874.329: [GC (Allocation Failure) [PSYoungGen: 77152K->1533K(77824K)] 440897K->365302K(597504K), 0.0020791 secs] [Times: user=0.00 sys=0.01, real=0.00 secs] 
1874.504: [GC (Allocation Failure) [PSYoungGen: 77821K->1533K(84992K)] 441590K->365302K(604672K), 0.0020479 secs] [Times: user=0.00 sys=0.01, real=0.00 secs] 
1874.675: [GC (Allocation Failure) [PSYoungGen: 84477K->1533K(84992K)] 448246K->365302K(604672K), 0.0017029 secs] [Times: user=0.01 sys=0.00, real=0.01 secs] 
1875.018: [GC (Allocation Failure) [PSYoungGen: 84477K->1488K(93184K)] 448246K->365257K(612864K), 0.0314842 secs] [Times: user=0.11 sys=0.05, real=0.03 secs] 
1875.427: [GC (Allocation Failure) [PSYoungGen: 92624K->1376K(93184K)] 456393K->365145K(612864K), 0.0019292 secs] [Times: user=0.01 sys=0.00, real=0.01 secs] 
1875.821: [GC (Allocation Failure) [PSYoungGen: 92512K->1392K(103936K)] 456281K->365161K(623616K), 0.0024693 secs] [Times: user=0.01 sys=0.00, real=0.00 secs] 
1876.150: [GC (Allocation Failure) [PSYoungGen: 103792K->1501K(104960K)] 467561K->365286K(624640K), 0.0015008 secs] [Times: user=0.01 sys=0.00, real=0.00 secs] 
1876.328: [GC (Allocation Failure) [PSYoungGen: 104413K->1552K(116224K)] 468198K->365337K(635904K), 0.0017693 secs] [Times: user=0.01 sys=0.00, real=0.00 secs] 
1876.738: [GC (Allocation Failure) [PSYoungGen: 115728K->1472K(116224K)] 479513K->365257K(635904K), 0.0020631 secs] [Times: user=0.00 sys=0.00, real=0.00 secs] 
1877.644: [GC (Allocation Failure) [PSYoungGen: 115648K->1440K(127488K)] 479433K->365225K(647168K), 0.0371186 secs] [Times: user=0.12 sys=0.06, real=0.04 secs] 
1878.574: [GC (Allocation Failure) [PSYoungGen: 126880K->1312K(127488K)] 490665K->365105K(647168K), 0.0026491 secs] [Times: user=0.01 sys=0.00, real=0.00 secs] 
1879.031: [GC (Allocation Failure) [PSYoungGen: 126752K->1549K(140288K)] 490545K->365342K(659968K), 0.0015076 secs] [Times: user=0.00 sys=0.00, real=0.00 secs] 
1879.283: [GC (Allocation Failure) [PSYoungGen: 139789K->1549K(141312K)] 503582K->365342K(660992K), 0.0018723 secs] [Times: user=0.01 sys=0.00, real=0.00 secs] 
1880.206: [GC (Allocation Failure) [PSYoungGen: 140813K->1488K(153600K)] 504606K->365281K(673280K), 0.0075619 secs] [Times: user=0.01 sys=0.03, real=0.01 secs] 
1881.454: [GC (Allocation Failure) [PSYoungGen: 153040K->1376K(150528K)] 516833K->365169K(670208K), 0.0033763 secs] [Times: user=0.01 sys=0.00, real=0.01 secs] 
1881.880: [GC (Allocation Failure) [PSYoungGen: 150368K->592K(147968K)] 514161K->365409K(667648K), 0.0015349 secs] [Times: user=0.01 sys=0.00, real=0.00 secs] 
1882.744: [GC (Allocation Failure) [PSYoungGen: 147536K->1552K(146944K)] 512353K->366369K(666624K), 0.0028655 secs] [Times: user=0.01 sys=0.00, real=0.01 secs] 
1884.168: [GC (Allocation Failure) [PSYoungGen: 146448K->1360K(144384K)] 511265K->366177K(664064K), 0.0020825 secs] [Times: user=0.00 sys=0.00, real=0.00 secs] 
1884.835: [GC (Allocation Failure) [PSYoungGen: 144208K->1437K(142336K)] 509025K->366254K(662016K), 0.0017286 secs] [Times: user=0.00 sys=0.00, real=0.00 secs] 
1885.081: [GC (Allocation Failure) [PSYoungGen: 142237K->1517K(140288K)] 507054K->366390K(659968K), 0.0016868 secs] [Times: user=0.00 sys=0.00, real=0.00 secs] 
1886.533: [GC (Allocation Failure) [PSYoungGen: 140269K->1456K(138240K)] 505142K->366329K(657920K), 0.0046860 secs] [Times: user=0.02 sys=0.01, real=0.01 secs] 
1888.012: [GC (Allocation Failure) [PSYoungGen: 138160K->1344K(136192K)] 503033K->366217K(655872K), 0.0028286 secs] [Times: user=0.01 sys=0.00, real=0.00 secs] 
1888.938: [GC (Allocation Failure) [PSYoungGen: 136000K->1485K(134144K)] 500873K->366358K(653824K), 0.0020424 secs] [Times: user=0.01 sys=0.00, real=0.00 secs] 
1889.182: [GC (Allocation Failure) [PSYoungGen: 134093K->1533K(132096K)] 498966K->366422K(651776K), 0.0017710 secs] [Times: user=0.01 sys=0.00, real=0.00 secs] 
1890.272: [GC (Allocation Failure) [PSYoungGen: 132093K->1440K(130560K)] 496982K->366329K(650240K), 0.0039915 secs] [Times: user=0.02 sys=0.00, real=0.00 secs] 
1891.388: [GC (Allocation Failure) [PSYoungGen: 130464K->1360K(129024K)] 495353K->366249K(648704K), 0.0026335 secs] [Times: user=0.00 sys=0.00, real=0.00 secs] 
1892.390: [GC (Allocation Failure) [PSYoungGen: 128848K->1501K(127488K)] 493737K->366390K(647168K), 0.0024605 secs] [Times: user=0.01 sys=0.00, real=0.00 secs] 
1892.639: [GC (Allocation Failure) [PSYoungGen: 127453K->1517K(125952K)] 492342K->366422K(645632K), 0.0016688 secs] [Times: user=0.01 sys=0.00, real=0.00 secs] 
1892.949: [GC (Allocation Failure) [PSYoungGen: 125933K->1536K(124928K)] 490838K->366449K(644608K), 0.0021635 secs] [Times: user=0.01 sys=0.00, real=0.00 secs] 
1893.489: [GC (Allocation Failure) [PSYoungGen: 124416K->288K(121856K)] 489329K->366225K(641536K), 0.0020001 secs] [Times: user=0.00 sys=0.00, real=0.00 secs] 
1894.140: [GC (Allocation Failure) [PSYoungGen: 121632K->352K(121856K)] 487569K->366289K(641536K), 0.0019861 secs] [Times: user=0.01 sys=0.00, real=0.00 secs] 
1894.483: [GC (Allocation Failure) [PSYoungGen: 120160K->1533K(119808K)] 486097K->367470K(639488K), 0.0018786 secs] [Times: user=0.00 sys=0.00, real=0.00 secs] 
1894.693: [GC (Allocation Failure) [PSYoungGen: 119805K->1533K(118272K)] 485742K->367470K(637952K), 0.0017754 secs] [Times: user=0.01 sys=0.00, real=0.00 secs] 
1895.223: [GC (Allocation Failure) [PSYoungGen: 118269K->1456K(116736K)] 484206K->367393K(636416K), 0.0019637 secs] [Times: user=0.01 sys=0.00, real=0.00 secs] 
1895.979: [GC (Allocation Failure) [PSYoungGen: 116656K->1376K(115200K)] 482593K->367313K(634880K), 0.0019751 secs] [Times: user=0.00 sys=0.00, real=0.00 secs] 
1896.780: [GC (Allocation Failure) [PSYoungGen: 115040K->1437K(113664K)] 480977K->367374K(633344K), 0.0019835 secs] [Times: user=0.01 sys=0.00, real=0.00 secs] 
1896.988: [GC (Allocation Failure) [PSYoungGen: 113565K->1549K(112640K)] 479502K->367486K(632320K), 0.0017319 secs] [Times: user=0.01 sys=0.00, real=0.00 secs] 
1897.182: [GC (Allocation Failure) [PSYoungGen: 112141K->525K(110592K)] 478078K->367486K(630272K), 0.0015638 secs] [Times: user=0.01 sys=0.00, real=0.00 secs] 
1898.505: [GC (Allocation Failure) [PSYoungGen: 110093K->1440K(110080K)] 477054K->368401K(629760K), 0.0024522 secs] [Times: user=0.01 sys=0.00, real=0.01 secs] 
1899.585: [GC (Allocation Failure) [PSYoungGen: 109984K->1376K(109056K)] 476945K->368337K(628736K), 0.0031586 secs] [Times: user=0.01 sys=0.00, real=0.01 secs] 
1900.265: [GC (Allocation Failure) [PSYoungGen: 108896K->1501K(108032K)] 475857K->368486K(627712K), 0.0029704 secs] [Times: user=0.01 sys=0.00, real=0.01 secs] 
1900.510: [GC (Allocation Failure) [PSYoungGen: 107997K->1533K(107008K)] 474982K->368518K(626688K), 0.0016141 secs] [Times: user=0.01 sys=0.00, real=0.00 secs] 
1900.695: [GC (Allocation Failure) [PSYoungGen: 107005K->1581K(106496K)] 473990K->368566K(626176K), 0.0018033 secs] [Times: user=0.01 sys=0.00, real=0.01 secs] 
1902.239: [GC (Allocation Failure) [PSYoungGen: 106029K->368K(103936K)] 473014K->368385K(623616K), 0.0043252 secs] [Times: user=0.02 sys=0.00, real=0.00 secs] 
1903.166: [GC (Allocation Failure) [PSYoungGen: 103792K->352K(104960K)] 471809K->368369K(624640K), 0.0030901 secs] [Times: user=0.01 sys=0.00, real=0.01 secs] 
1904.308: [GC (Allocation Failure) [PSYoungGen: 102752K->1453K(102912K)] 470769K->369470K(622592K), 0.0027910 secs] [Times: user=0.01 sys=0.00, real=0.00 secs] 
1904.531: [GC (Allocation Failure) [PSYoungGen: 102829K->1533K(101888K)] 470846K->369550K(621568K), 0.0017839 secs] [Times: user=0.01 sys=0.00, real=0.00 secs] 
1904.710: [GC (Allocation Failure) [PSYoungGen: 101885K->1501K(100864K)] 469902K->369518K(620544K), 0.0016366 secs] [Times: user=0.00 sys=0.00, real=0.00 secs] 
1905.941: [GC (Allocation Failure) [PSYoungGen: 100829K->1408K(99840K)] 468846K->369425K(619520K), 0.0024861 secs] [Times: user=0.01 sys=0.00, real=0.00 secs] 
1907.271: [GC (Allocation Failure) [PSYoungGen: 99712K->1376K(98816K)] 467729K->369393K(618496K), 0.0026642 secs] [Times: user=0.01 sys=0.00, real=0.00 secs] 
1908.065: [GC (Allocation Failure) [PSYoungGen: 98656K->1376K(97792K)] 466673K->369393K(617472K), 0.0024109 secs] [Times: user=0.00 sys=0.00, real=0.01 secs] 
1908.662: [GC (Allocation Failure) [PSYoungGen: 97632K->1533K(96768K)] 465649K->369550K(616448K), 0.0020044 secs] [Times: user=0.01 sys=0.00, real=0.00 secs] 
1908.832: [GC (Allocation Failure) [PSYoungGen: 96765K->1533K(95744K)] 464782K->369550K(615424K), 0.0017460 secs] [Times: user=0.01 sys=0.00, real=0.00 secs] 
1909.075: [GC (Allocation Failure) [PSYoungGen: 95741K->1728K(95232K)] 463758K->369745K(614912K), 0.0037951 secs] [Times: user=0.01 sys=0.00, real=0.01 secs] 
1910.580: [GC (Allocation Failure) [PSYoungGen: 94912K->1376K(93696K)] 462929K->369393K(613376K), 0.0040212 secs] [Times: user=0.01 sys=0.01, real=0.00 secs] 
1911.475: [GC (Allocation Failure) [PSYoungGen: 93536K->1376K(92672K)] 461553K->369393K(612352K), 0.0033778 secs] [Times: user=0.01 sys=0.01, real=0.01 secs] 
1912.218: [GC (Allocation Failure) [PSYoungGen: 92236K->304K(90624K)] 460254K->368321K(610304K), 0.0028975 secs] [Times: user=0.01 sys=0.00, real=0.00 secs] 
1912.489: [GC (Allocation Failure) [PSYoungGen: 90416K->1533K(90624K)] 458433K->369550K(610304K), 0.0017703 secs] [Times: user=0.00 sys=0.00, real=0.00 secs] 
1912.644: [GC (Allocation Failure) [PSYoungGen: 90621K->1533K(89600K)] 458638K->369574K(609280K), 0.0016972 secs] [Times: user=0.01 sys=0.00, real=0.00 secs] 
1912.985: [GC (Allocation Failure) [PSYoungGen: 89597K->1952K(89600K)] 457638K->369993K(609280K), 0.0026935 secs] [Times: user=0.01 sys=0.00, real=0.01 secs] 
1914.015: [GC (Allocation Failure) [PSYoungGen: 89504K->1376K(88576K)] 457545K->369417K(608256K), 0.0033218 secs] [Times: user=0.02 sys=0.00, real=0.01 secs] 
1915.115: [GC (Allocation Failure) [PSYoungGen: 88416K->1344K(88064K)] 456457K->369385K(607744K), 0.0029995 secs] [Times: user=0.01 sys=0.00, real=0.01 secs] 
1916.295: [GC (Allocation Failure) [PSYoungGen: 87872K->1376K(87552K)] 455913K->369417K(607232K), 0.0036629 secs] [Times: user=0.01 sys=0.00, real=0.01 secs] 
1916.680: [GC (Allocation Failure) [PSYoungGen: 87392K->1485K(87040K)] 455433K->369526K(606720K), 0.0017435 secs] [Times: user=0.01 sys=0.00, real=0.00 secs] 
1916.829: [GC (Allocation Failure) [PSYoungGen: 86989K->1485K(86528K)] 455030K->369526K(606208K), 0.0016565 secs] [Times: user=0.01 sys=0.00, real=0.00 secs] 
1916.978: [GC (Allocation Failure) [PSYoungGen: 86477K->1533K(86016K)] 454518K->369574K(605696K), 0.0016480 secs] [Times: user=0.01 sys=0.00, real=0.00 secs] 
1917.781: [GC (Allocation Failure) [PSYoungGen: 86013K->1424K(85504K)] 454054K->369465K(605184K), 0.0020921 secs] [Times: user=0.01 sys=0.00, real=0.00 secs] 
1918.644: [GC (Allocation Failure) [PSYoungGen: 85392K->1376K(84992K)] 453433K->369417K(604672K), 0.0021221 secs] [Times: user=0.01 sys=0.00, real=0.00 secs] 
1919.586: [GC (Allocation Failure) [PSYoungGen: 84832K->1376K(84480K)] 452873K->369417K(604160K), 0.0025942 secs] [Times: user=0.01 sys=0.00, real=0.01 secs] 
1920.276: [GC (Allocation Failure) [PSYoungGen: 84288K->1453K(83968K)] 452329K->369494K(603648K), 0.0019125 secs] [Times: user=0.01 sys=0.00, real=0.01 secs] 
1920.473: [GC (Allocation Failure) [PSYoungGen: 83885K->1453K(83456K)] 451926K->369518K(603136K), 0.0020186 secs] [Times: user=0.01 sys=0.00, real=0.00 secs] 
1920.669: [GC (Allocation Failure) [PSYoungGen: 83373K->1437K(82944K)] 451438K->369502K(602624K), 0.0020339 secs] [Times: user=0.00 sys=0.00, real=0.00 secs] 
1921.141: [GC (Allocation Failure) [PSYoungGen: 82845K->1440K(82432K)] 450910K->369505K(602112K), 0.0027739 secs] [Times: user=0.01 sys=0.00, real=0.00 secs] 
1921.993: [GC (Allocation Failure) [PSYoungGen: 82336K->1344K(81920K)] 450401K->369409K(601600K), 0.0024779 secs] [Times: user=0.01 sys=0.00, real=0.00 secs] 
1923.911: [GC (Allocation Failure) [PSYoungGen: 81728K->1344K(81408K)] 449793K->369417K(601088K), 0.0044489 secs] [Times: user=0.02 sys=0.00, real=0.00 secs] 
1925.498: [GC (Allocation Failure) [PSYoungGen: 81216K->1376K(80896K)] 449289K->369449K(600576K), 0.0026604 secs] [Times: user=0.01 sys=0.00, real=0.00 secs] 
1925.768: [GC (Allocation Failure) [PSYoungGen: 80736K->1485K(80384K)] 448809K->369558K(600064K), 0.0017347 secs] [Times: user=0.01 sys=0.00, real=0.00 secs] 
1925.930: [GC (Allocation Failure) [PSYoungGen: 80333K->1501K(79872K)] 448406K->369574K(599552K), 0.0018716 secs] [Times: user=0.01 sys=0.00, real=0.00 secs] 
1926.101: [GC (Allocation Failure) [PSYoungGen: 79837K->1501K(79360K)] 447910K->369574K(599040K), 0.0018207 secs] [Times: user=0.01 sys=0.00, real=0.00 secs] 
1926.693: [GC (Allocation Failure) [PSYoungGen: 79325K->1424K(78848K)] 447398K->369497K(598528K), 0.0022899 secs] [Times: user=0.01 sys=0.00, real=0.00 secs] 
1927.382: [GC (Allocation Failure) [PSYoungGen: 78736K->1408K(78336K)] 446809K->369481K(598016K), 0.0033698 secs] [Times: user=0.01 sys=0.00, real=0.00 secs] 
1928.007: [GC (Allocation Failure) [PSYoungGen: 78208K->1376K(77824K)] 446281K->369449K(597504K), 0.0028035 secs] [Times: user=0.01 sys=0.00, real=0.00 secs] 
1928.360: [GC (Allocation Failure) [PSYoungGen: 77664K->1408K(77312K)] 445737K->369481K(596992K), 0.0026032 secs] [Times: user=0.01 sys=0.00, real=0.00 secs] 
1928.643: [GC (Allocation Failure) [PSYoungGen: 77184K->1469K(76800K)] 445257K->369542K(596480K), 0.0020657 secs] [Times: user=0.01 sys=0.00, real=0.00 secs] 
1928.790: [GC (Allocation Failure) [PSYoungGen: 76733K->1469K(76288K)] 444806K->369542K(595968K), 0.0016449 secs] [Times: user=0.01 sys=0.00, real=0.00 secs] 
1928.943: [GC (Allocation Failure) [PSYoungGen: 76221K->1517K(75776K)] 444294K->369590K(595456K), 0.0019581 secs] [Times: user=0.01 sys=0.00, real=0.00 secs] 
1929.335: [GC (Allocation Failure) [PSYoungGen: 75757K->1392K(75264K)] 443830K->369465K(594944K), 0.0034627 secs] [Times: user=0.01 sys=0.01, real=0.01 secs] 
1929.956: [GC (Allocation Failure) [PSYoungGen: 75120K->1344K(74752K)] 443193K->369417K(594432K), 0.0031788 secs] [Times: user=0.02 sys=0.00, real=0.01 secs] 
1930.534: [GC (Allocation Failure) [PSYoungGen: 74560K->1344K(74240K)] 442633K->369433K(593920K), 0.0038027 secs] [Times: user=0.02 sys=0.00, real=0.01 secs] 
1930.858: [GC (Allocation Failure) [PSYoungGen: 74048K->1312K(73728K)] 442137K->369401K(593408K), 0.0020715 secs] [Times: user=0.01 sys=0.01, real=0.00 secs] 
1931.081: [GC (Allocation Failure) [PSYoungGen: 73504K->1405K(73216K)] 441593K->369494K(592896K), 0.0016460 secs] [Times: user=0.01 sys=0.00, real=0.00 secs] 
1931.207: [GC (Allocation Failure) [PSYoungGen: 73085K->1456K(72704K)] 441174K->369545K(592384K), 0.0015916 secs] [Times: user=0.01 sys=0.00, real=0.00 secs] 
1931.335: [GC (Allocation Failure) [PSYoungGen: 72624K->1533K(72192K)] 440713K->369630K(591872K), 0.0017285 secs] [Times: user=0.01 sys=0.00, real=0.00 secs] 
1931.461: [GC (Allocation Failure) [PSYoungGen: 71281K->320K(77824K)] 439378K->368417K(597504K), 0.0017054 secs] [Times: user=0.01 sys=0.00, real=0.00 secs] 
1931.903: [GC (Allocation Failure) [PSYoungGen: 77632K->1408K(78848K)] 445729K->369505K(598528K), 0.0017781 secs] [Times: user=0.00 sys=0.00, real=0.00 secs] 
1932.484: [GC (Allocation Failure) [PSYoungGen: 78208K->1376K(77824K)] 446305K->369473K(597504K), 0.0018444 secs] [Times: user=0.01 sys=0.00, real=0.00 secs] 
1933.100: [GC (Allocation Failure) [PSYoungGen: 77664K->1376K(77312K)] 445761K->369481K(596992K), 0.0042621 secs] [Times: user=0.02 sys=0.00, real=0.00 secs] 
1933.659: [GC (Allocation Failure) [PSYoungGen: 77152K->1533K(76800K)] 445257K->369638K(596480K), 0.0024634 secs] [Times: user=0.01 sys=0.00, real=0.00 secs] 
1933.883: [GC (Allocation Failure) [PSYoungGen: 76797K->1437K(76288K)] 444902K->369542K(595968K), 0.0024357 secs] [Times: user=0.01 sys=0.00, real=0.00 secs] 
1934.037: [GC (Allocation Failure) [PSYoungGen: 76189K->1501K(75776K)] 444294K->369606K(595456K), 0.0015963 secs] [Times: user=0.01 sys=0.00, real=0.00 secs] 
1934.169: [GC (Allocation Failure) [PSYoungGen: 75741K->1485K(75264K)] 443846K->369590K(594944K), 0.0017579 secs] [Times: user=0.00 sys=0.01, real=0.00 secs] 
1936.721: [GC (Allocation Failure) [PSYoungGen: 75213K->1376K(74752K)] 443318K->369489K(594432K), 0.0043822 secs] [Times: user=0.01 sys=0.00, real=0.00 secs] 
1937.868: [GC (Allocation Failure) [PSYoungGen: 74592K->1376K(74240K)] 442705K->369489K(593920K), 0.0030073 secs] [Times: user=0.02 sys=0.00, real=0.00 secs] 
1938.198: [GC (Allocation Failure) [PSYoungGen: 74080K->1376K(73728K)] 442193K->369489K(593408K), 0.0018548 secs] [Times: user=0.01 sys=0.00, real=0.00 secs] 
1938.907: [GC (Allocation Failure) [PSYoungGen: 73568K->1437K(73216K)] 441681K->369550K(592896K), 0.0022856 secs] [Times: user=0.01 sys=0.00, real=0.00 secs] 
1939.061: [GC (Allocation Failure) [PSYoungGen: 73117K->1533K(72704K)] 441230K->369678K(592384K), 0.0017599 secs] [Times: user=0.01 sys=0.00, real=0.00 secs] 
1939.186: [GC (Allocation Failure) [PSYoungGen: 72701K->1488K(72192K)] 440846K->369649K(591872K), 0.0017243 secs] [Times: user=0.01 sys=0.00, real=0.01 secs] 
1939.310: [GC (Allocation Failure) [PSYoungGen: 72144K->1456K(71680K)] 440305K->369617K(591360K), 0.0015936 secs] [Times: user=0.01 sys=0.00, real=0.00 secs] 
1939.648: [GC (Allocation Failure) [PSYoungGen: 71600K->1424K(71168K)] 439761K->369585K(590848K), 0.0020341 secs] [Times: user=0.01 sys=0.00, real=0.00 secs] 
1940.064: [GC (Allocation Failure) [PSYoungGen: 71056K->1376K(70656K)] 439217K->369537K(590336K), 0.0027146 secs] [Times: user=0.01 sys=0.00, real=0.01 secs] 
1940.348: [GC (Allocation Failure) [PSYoungGen: 70496K->1344K(70144K)] 438657K->369505K(589824K), 0.0022280 secs] [Times: user=0.00 sys=0.00, real=0.00 secs] 
1940.831: [GC (Allocation Failure) [PSYoungGen: 69952K->1376K(69632K)] 438113K->369537K(589312K), 0.0024781 secs] [Times: user=0.01 sys=0.00, real=0.00 secs] 
1941.253: [GC (Allocation Failure) [PSYoungGen: 69472K->1437K(69120K)] 437633K->369598K(588800K), 0.0025187 secs] [Times: user=0.01 sys=0.00, real=0.00 secs] 
1941.398: [GC (Allocation Failure) [PSYoungGen: 69021K->1517K(68608K)] 437182K->369678K(588288K), 0.0015470 secs] [Times: user=0.00 sys=0.00, real=0.00 secs] 
1941.517: [GC (Allocation Failure) [PSYoungGen: 68589K->1533K(68096K)] 436750K->369694K(587776K), 0.0017126 secs] [Times: user=0.01 sys=0.00, real=0.00 secs] 
1941.635: [GC (Allocation Failure) [PSYoungGen: 68093K->1437K(74240K)] 436254K->369598K(593920K), 0.0016054 secs] [Times: user=0.00 sys=0.00, real=0.00 secs] 
1942.051: [GC (Allocation Failure) [PSYoungGen: 74141K->1408K(73728K)] 442302K->369577K(593408K), 0.0020333 secs] [Times: user=0.00 sys=0.00, real=0.00 secs] 
1942.494: [GC (Allocation Failure) [PSYoungGen: 73600K->1344K(73216K)] 441769K->369513K(592896K), 0.0018471 secs] [Times: user=0.01 sys=0.00, real=0.00 secs] 
1942.792: [GC (Allocation Failure) [PSYoungGen: 73024K->1376K(72704K)] 441193K->369545K(592384K), 0.0019708 secs] [Times: user=0.01 sys=0.00, real=0.00 secs] 
1943.087: [GC (Allocation Failure) [PSYoungGen: 72544K->1376K(72192K)] 440713K->369545K(591872K), 0.0020097 secs] [Times: user=0.01 sys=0.00, real=0.00 secs] 
1943.302: [GC (Allocation Failure) [PSYoungGen: 72032K->1488K(71680K)] 440201K->369657K(591360K), 0.0016130 secs] [Times: user=0.01 sys=0.00, real=0.00 secs] 
1943.424: [GC (Allocation Failure) [PSYoungGen: 71632K->1456K(71168K)] 439801K->369625K(590848K), 0.0016447 secs] [Times: user=0.01 sys=0.00, real=0.00 secs] 
1943.547: [GC (Allocation Failure) [PSYoungGen: 71088K->1469K(77824K)] 439257K->369638K(597504K), 0.0017883 secs] [Times: user=0.01 sys=0.00, real=0.01 secs] 
1943.681: [GC (Allocation Failure) [PSYoungGen: 77757K->1453K(84992K)] 445926K->369630K(604672K), 0.0015542 secs] [Times: user=0.00 sys=0.00, real=0.00 secs] 
1945.341: [GC (Allocation Failure) [PSYoungGen: 84909K->1408K(84480K)] 453086K->369585K(604160K), 0.0033939 secs] [Times: user=0.02 sys=0.00, real=0.00 secs] 
1946.345: [GC (Allocation Failure) [PSYoungGen: 84352K->1376K(83968K)] 452529K->369553K(603648K), 0.0034054 secs] [Times: user=0.02 sys=0.00, real=0.01 secs] 
1947.352: [GC (Allocation Failure) [PSYoungGen: 83808K->1408K(83456K)] 451985K->369585K(603136K), 0.0035608 secs] [Times: user=0.02 sys=0.01, real=0.00 secs] 
1947.935: [GC (Allocation Failure) [PSYoungGen: 83328K->1501K(82944K)] 451505K->369710K(602624K), 0.0021074 secs] [Times: user=0.01 sys=0.00, real=0.01 secs] 
1948.090: [GC (Allocation Failure) [PSYoungGen: 82909K->1533K(82432K)] 451118K->369742K(602112K), 0.0017733 secs] [Times: user=0.00 sys=0.00, real=0.00 secs] 
1948.232: [GC (Allocation Failure) [PSYoungGen: 82429K->1517K(81920K)] 450638K->369726K(601600K), 0.0015829 secs] [Times: user=0.00 sys=0.00, real=0.00 secs] 
1949.051: [GC (Allocation Failure) [PSYoungGen: 81901K->1424K(81408K)] 450110K->369633K(601088K), 0.0040733 secs] [Times: user=0.02 sys=0.00, real=0.00 secs] 
1950.198: [GC (Allocation Failure) [PSYoungGen: 81296K->1344K(80896K)] 449505K->369553K(600576K), 0.0036603 secs] [Times: user=0.01 sys=0.00, real=0.00 secs] 
1950.906: [GC (Allocation Failure) [PSYoungGen: 80704K->1360K(80384K)] 448913K->369569K(600064K), 0.0024438 secs] [Times: user=0.01 sys=0.00, real=0.01 secs] 
1951.234: [GC (Allocation Failure) [PSYoungGen: 80208K->1312K(79872K)] 448417K->369521K(599552K), 0.0019421 secs] [Times: user=0.01 sys=0.00, real=0.00 secs] 
1951.475: [GC (Allocation Failure) [PSYoungGen: 79648K->1501K(79360K)] 447857K->369710K(599040K), 0.0017681 secs] [Times: user=0.01 sys=0.00, real=0.00 secs] 
1951.611: [GC (Allocation Failure) [PSYoungGen: 79325K->1501K(78848K)] 447534K->369710K(598528K), 0.0017293 secs] [Times: user=0.00 sys=0.00, real=0.00 secs] 
1951.746: [GC (Allocation Failure) [PSYoungGen: 78813K->1520K(78336K)] 447022K->369729K(598016K), 0.0016727 secs] [Times: user=0.00 sys=0.00, real=0.01 secs] 
1953.087: [GC (Allocation Failure) [PSYoungGen: 78320K->1424K(77824K)] 446529K->369633K(597504K), 0.0047863 secs] [Times: user=0.02 sys=0.01, real=0.00 secs] 
1954.490: [GC (Allocation Failure) [PSYoungGen: 77712K->1344K(77312K)] 445921K->369553K(596992K), 0.0033516 secs] [Times: user=0.01 sys=0.00, real=0.00 secs] 
1955.085: [GC (Allocation Failure) [PSYoungGen: 77120K->1376K(76800K)] 445329K->369585K(596480K), 0.0027529 secs] [Times: user=0.01 sys=0.00, real=0.01 secs] 
1955.793: [GC (Allocation Failure) [PSYoungGen: 76640K->1344K(76288K)] 444849K->369553K(595968K), 0.0027102 secs] [Times: user=0.01 sys=0.00, real=0.00 secs] 
1956.089: [GC (Allocation Failure) [PSYoungGen: 76096K->1453K(75776K)] 444305K->369662K(595456K), 0.0015622 secs] [Times: user=0.01 sys=0.00, real=0.00 secs] 
1956.220: [GC (Allocation Failure) [PSYoungGen: 75693K->1485K(75264K)] 443902K->369694K(594944K), 0.0016814 secs] [Times: user=0.00 sys=0.00, real=0.00 secs] 
1956.349: [GC (Allocation Failure) [PSYoungGen: 75213K->1501K(74752K)] 443422K->369710K(594432K), 0.0017064 secs] [Times: user=0.00 sys=0.00, real=0.00 secs] 
1956.629: [GC (Allocation Failure) [PSYoungGen: 74717K->1440K(74240K)] 442926K->369649K(593920K), 0.0023085 secs] [Times: user=0.01 sys=0.00, real=0.00 secs] 
1956.976: [GC (Allocation Failure) [PSYoungGen: 74144K->1344K(73728K)] 442353K->369553K(593408K), 0.0019909 secs] [Times: user=0.01 sys=0.00, real=0.01 secs] 
1957.390: [GC (Allocation Failure) [PSYoungGen: 73536K->1376K(73216K)] 441745K->369585K(592896K), 0.0022418 secs] [Times: user=0.01 sys=0.00, real=0.00 secs] 
1957.695: [GC (Allocation Failure) [PSYoungGen: 73056K->1408K(72704K)] 441265K->369617K(592384K), 0.0019839 secs] [Times: user=0.01 sys=0.00, real=0.00 secs] 
1957.974: [GC (Allocation Failure) [PSYoungGen: 72576K->1437K(72192K)] 440785K->369646K(591872K), 0.0018398 secs] [Times: user=0.00 sys=0.00, real=0.00 secs] 
1958.099: [GC (Allocation Failure) [PSYoungGen: 72093K->1437K(71680K)] 440302K->369662K(591360K), 0.0016291 secs] [Times: user=0.01 sys=0.00, real=0.00 secs] 
1958.222: [GC (Allocation Failure) [PSYoungGen: 71581K->1533K(71168K)] 439806K->369758K(590848K), 0.0017827 secs] [Times: user=0.00 sys=0.00, real=0.00 secs] 
1958.345: [GC (Allocation Failure) [PSYoungGen: 71165K->1501K(73216K)] 439390K->369726K(592896K), 0.0015577 secs] [Times: user=0.00 sys=0.00, real=0.01 secs] 
1959.395: [GC (Allocation Failure) [PSYoungGen: 73181K->1376K(72704K)] 441406K->369601K(592384K), 0.0029236 secs] [Times: user=0.02 sys=0.00, real=0.01 secs] 
1959.932: [GC (Allocation Failure) [PSYoungGen: 72544K->1344K(72192K)] 440769K->369569K(591872K), 0.0020210 secs] [Times: user=0.00 sys=0.00, real=0.00 secs] 
1960.393: [GC (Allocation Failure) [PSYoungGen: 72000K->1360K(71680K)] 440225K->369585K(591360K), 0.0021232 secs] [Times: user=0.00 sys=0.00, real=0.00 secs] 
1960.973: [GC (Allocation Failure) [PSYoungGen: 71504K->1328K(71168K)] 439729K->369553K(590848K), 0.0024873 secs] [Times: user=0.01 sys=0.00, real=0.00 secs] 
1961.236: [GC (Allocation Failure) [PSYoungGen: 70960K->1424K(70656K)] 439185K->369649K(590336K), 0.0015429 secs] [Times: user=0.01 sys=0.00, real=0.01 secs] 
1961.363: [GC (Allocation Failure) [PSYoungGen: 70544K->1517K(70144K)] 438769K->369742K(589824K), 0.0015902 secs] [Times: user=0.01 sys=0.00, real=0.00 secs] 
1961.503: [GC (Allocation Failure) [PSYoungGen: 70110K->1533K(69632K)] 438335K->369758K(589312K), 0.0020404 secs] [Times: user=0.00 sys=0.00, real=0.00 secs] 
1961.699: [GC (Allocation Failure) [PSYoungGen: 69629K->1600K(69632K)] 437854K->369825K(589312K), 0.0017996 secs] [Times: user=0.01 sys=0.00, real=0.00 secs] 
1962.050: [GC (Allocation Failure) [PSYoungGen: 69184K->1360K(68608K)] 437409K->369585K(588288K), 0.0021321 secs] [Times: user=0.01 sys=0.00, real=0.00 secs] 
1962.330: [GC (Allocation Failure) [PSYoungGen: 68432K->1376K(68096K)] 436657K->369601K(587776K), 0.0027618 secs] [Times: user=0.01 sys=0.00, real=0.00 secs] 
1962.885: [GC (Allocation Failure) [PSYoungGen: 67936K->1376K(67584K)] 436161K->369601K(587264K), 0.0033171 secs] [Times: user=0.01 sys=0.00, real=0.01 secs] 
1963.491: [GC (Allocation Failure) [PSYoungGen: 67424K->1376K(67072K)] 435649K->369601K(586752K), 0.0031482 secs] [Times: user=0.01 sys=0.00, real=0.00 secs] 
1963.756: [GC (Allocation Failure) [PSYoungGen: 66912K->1501K(66560K)] 435137K->369726K(586240K), 0.0020595 secs] [Times: user=0.00 sys=0.00, real=0.01 secs] 
1963.876: [GC (Allocation Failure) [PSYoungGen: 66525K->1533K(66048K)] 434750K->369758K(585728K), 0.0016416 secs] [Times: user=0.00 sys=0.00, real=0.01 secs] 
1963.989: [GC (Allocation Failure) [PSYoungGen: 66045K->1517K(67072K)] 434270K->369742K(586752K), 0.0016293 secs] [Times: user=0.00 sys=0.00, real=0.00 secs] 
1964.103: [GC (Allocation Failure) [PSYoungGen: 66541K->1501K(72704K)] 434766K->369734K(592384K), 0.0015327 secs] [Times: user=0.01 sys=0.01, real=0.00 secs] 
1965.808: [GC (Allocation Failure) [PSYoungGen: 72157K->1408K(71680K)] 440390K->369641K(591360K), 0.0042342 secs] [Times: user=0.01 sys=0.00, real=0.00 secs] 
1967.955: [GC (Allocation Failure) [PSYoungGen: 71552K->1312K(71168K)] 439785K->369545K(590848K), 0.0039902 secs] [Times: user=0.02 sys=0.00, real=0.01 secs] 
1968.379: [GC (Allocation Failure) [PSYoungGen: 70944K->1344K(70656K)] 439177K->369577K(590336K), 0.0021026 secs] [Times: user=0.01 sys=0.00, real=0.00 secs] 
1968.668: [GC (Allocation Failure) [PSYoungGen: 70464K->1344K(70144K)] 438697K->369577K(589824K), 0.0019349 secs] [Times: user=0.01 sys=0.00, real=0.00 secs] 
1968.833: [GC (Allocation Failure) [PSYoungGen: 69952K->1469K(69632K)] 438185K->369726K(589312K), 0.0016298 secs] [Times: user=0.00 sys=0.00, real=0.00 secs] 
1968.953: [GC (Allocation Failure) [PSYoungGen: 69565K->1485K(69120K)] 437822K->369742K(588800K), 0.0017389 secs] [Times: user=0.01 sys=0.00, real=0.00 secs] 
1969.074: [GC (Allocation Failure) [PSYoungGen: 69069K->1437K(69632K)] 437326K->369702K(589312K), 0.0016718 secs] [Times: user=0.00 sys=0.00, real=0.00 secs] 
1969.279: [GC (Allocation Failure) [PSYoungGen: 69021K->1552K(76288K)] 437286K->369817K(595968K), 0.0020686 secs] [Times: user=0.01 sys=0.00, real=0.00 secs] 
1970.785: [GC (Allocation Failure) [PSYoungGen: 75792K->1344K(75264K)] 444057K->369609K(594944K), 0.0036388 secs] [Times: user=0.01 sys=0.00, real=0.01 secs] 
1971.575: [GC (Allocation Failure) [PSYoungGen: 75072K->1408K(74752K)] 443337K->369673K(594432K), 0.0030479 secs] [Times: user=0.02 sys=0.00, real=0.01 secs] 
1971.951: [GC (Allocation Failure) [PSYoungGen: 74624K->1376K(74240K)] 442889K->369641K(593920K), 0.0020955 secs] [Times: user=0.01 sys=0.00, real=0.00 secs] 
1972.360: [GC (Allocation Failure) [PSYoungGen: 74080K->1437K(73728K)] 442345K->369702K(593408K), 0.0019819 secs] [Times: user=0.01 sys=0.00, real=0.00 secs] 
1972.530: [GC (Allocation Failure) [PSYoungGen: 73629K->1453K(73216K)] 441894K->369718K(592896K), 0.0019882 secs] [Times: user=0.01 sys=0.00, real=0.00 secs] 
1972.689: [GC (Allocation Failure) [PSYoungGen: 73133K->1485K(72704K)] 441398K->369750K(592384K), 0.0020307 secs] [Times: user=0.01 sys=0.00, real=0.00 secs] 
1972.861: [GC (Allocation Failure) [PSYoungGen: 72653K->1565K(72704K)] 440918K->369830K(592384K), 0.0022329 secs] [Times: user=0.01 sys=0.00, real=0.00 secs] 
1973.404: [GC (Allocation Failure) [PSYoungGen: 72221K->1424K(71680K)] 440486K->369689K(591360K), 0.0027873 secs] [Times: user=0.01 sys=0.00, real=0.01 secs] 
1974.059: [GC (Allocation Failure) [PSYoungGen: 71568K->1408K(71168K)] 439833K->369673K(590848K), 0.0027053 secs] [Times: user=0.01 sys=0.00, real=0.00 secs] 
1974.589: [GC (Allocation Failure) [PSYoungGen: 71040K->1344K(70656K)] 439305K->369609K(590336K), 0.0020352 secs] [Times: user=0.01 sys=0.00, real=0.00 secs] 
1975.252: [GC (Allocation Failure) [PSYoungGen: 70464K->1376K(70144K)] 438729K->369641K(589824K), 0.0025443 secs] [Times: user=0.01 sys=0.00, real=0.00 secs] 
1975.651: [GC (Allocation Failure) [PSYoungGen: 69984K->1469K(69632K)] 438249K->369734K(589312K), 0.0020513 secs] [Times: user=0.01 sys=0.00, real=0.00 secs] 
1975.789: [GC (Allocation Failure) [PSYoungGen: 69565K->1453K(69120K)] 437830K->369718K(588800K), 0.0018479 secs] [Times: user=0.01 sys=0.00, real=0.00 secs] 
1975.908: [GC (Allocation Failure) [PSYoungGen: 69037K->1485K(68608K)] 437302K->369750K(588288K), 0.0015896 secs] [Times: user=0.01 sys=0.00, real=0.00 secs] 
1976.025: [GC (Allocation Failure) [PSYoungGen: 68557K->1501K(69632K)] 436822K->369774K(589312K), 0.0017147 secs] [Times: user=0.01 sys=0.00, real=0.01 secs] 
1976.841: [GC (Allocation Failure) [PSYoungGen: 69085K->1440K(68608K)] 437358K->369713K(588288K), 0.0021572 secs] [Times: user=0.01 sys=0.00, real=0.00 secs] 
1977.486: [GC (Allocation Failure) [PSYoungGen: 68512K->1408K(68096K)] 436785K->369713K(587776K), 0.0021503 secs] [Times: user=0.01 sys=0.00, real=0.01 secs] 
1978.072: [GC (Allocation Failure) [PSYoungGen: 67968K->1376K(67584K)] 436273K->369681K(587264K), 0.0021660 secs] [Times: user=0.01 sys=0.00, real=0.00 secs] 
1978.568: [GC (Allocation Failure) [PSYoungGen: 67424K->1376K(67072K)] 435729K->369681K(586752K), 0.0021286 secs] [Times: user=0.01 sys=0.00, real=0.00 secs] 
1979.014: [GC (Allocation Failure) [PSYoungGen: 66912K->1437K(66560K)] 435217K->369742K(586240K), 0.0019987 secs] [Times: user=0.00 sys=0.00, real=0.00 secs] 
1979.170: [GC (Allocation Failure) [PSYoungGen: 66461K->1472K(66048K)] 434766K->369777K(585728K), 0.0021754 secs] [Times: user=0.01 sys=0.00, real=0.00 secs] 
1979.320: [GC (Allocation Failure) [PSYoungGen: 65984K->1485K(65536K)] 434289K->369790K(585216K), 0.0016014 secs] [Times: user=0.01 sys=0.00, real=0.00 secs] 
1979.434: [GC (Allocation Failure) [PSYoungGen: 65485K->1517K(65024K)] 433790K->369830K(584704K), 0.0016637 secs] [Times: user=0.00 sys=0.00, real=0.00 secs] 
1981.040: [GC (Allocation Failure) [PSYoungGen: 65005K->1392K(64512K)] 433318K->369705K(584192K), 0.0025760 secs] [Times: user=0.01 sys=0.00, real=0.00 secs] 
1981.739: [GC (Allocation Failure) [PSYoungGen: 64368K->1408K(64000K)] 432681K->369729K(583680K), 0.0023057 secs] [Times: user=0.01 sys=0.00, real=0.00 secs] 
1982.324: [GC (Allocation Failure) [PSYoungGen: 63872K->1376K(63488K)] 432193K->369697K(583168K), 0.0019996 secs] [Times: user=0.01 sys=0.00, real=0.00 secs] 
1982.968: [GC (Allocation Failure) [PSYoungGen: 63328K->1376K(62976K)] 431649K->369697K(582656K), 0.0021449 secs] [Times: user=0.00 sys=0.00, real=0.00 secs] 
1983.484: [GC (Allocation Failure) [PSYoungGen: 62816K->1469K(62464K)] 431137K->369790K(582144K), 0.0022092 secs] [Times: user=0.01 sys=0.00, real=0.00 secs] 
1983.628: [GC (Allocation Failure) [PSYoungGen: 62397K->1485K(61952K)] 430718K->369806K(581632K), 0.0017213 secs] [Times: user=0.01 sys=0.00, real=0.00 secs] 
1983.736: [GC (Allocation Failure) [PSYoungGen: 61901K->1488K(61440K)] 430222K->369809K(581120K), 0.0016950 secs] [Times: user=0.01 sys=0.00, real=0.01 secs] 
1983.841: [GC (Allocation Failure) [PSYoungGen: 61392K->1501K(67072K)] 429713K->369838K(586752K), 0.0016461 secs] [Times: user=0.00 sys=0.00, real=0.00 secs] 
1983.958: [GC (Allocation Failure) [PSYoungGen: 67037K->1520K(67584K)] 435374K->369857K(587264K), 0.0032314 secs] [Times: user=0.01 sys=0.00, real=0.00 secs] 
1984.514: [GC (Allocation Failure) [PSYoungGen: 67056K->1472K(67584K)] 435393K->369809K(587264K), 0.0022702 secs] [Times: user=0.01 sys=0.00, real=0.00 secs] 
1985.280: [GC (Allocation Failure) [PSYoungGen: 67008K->1408K(66560K)] 435345K->369745K(586240K), 0.0031109 secs] [Times: user=0.01 sys=0.01, real=0.00 secs] 
1986.049: [GC (Allocation Failure) [PSYoungGen: 66432K->1408K(73728K)] 434769K->369745K(593408K), 0.0100019 secs] [Times: user=0.03 sys=0.02, real=0.01 secs] 
1987.067: [GC (Allocation Failure) [PSYoungGen: 73088K->1408K(72704K)] 441425K->369745K(592384K), 0.0038465 secs] [Times: user=0.02 sys=0.00, real=0.01 secs] 
1987.583: [GC (Allocation Failure) [PSYoungGen: 72576K->1533K(72192K)] 440913K->369870K(591872K), 0.0022592 secs] [Times: user=0.01 sys=0.00, real=0.00 secs] 
1987.731: [GC (Allocation Failure) [PSYoungGen: 72189K->1469K(71680K)] 440526K->369806K(591360K), 0.0016144 secs] [Times: user=0.01 sys=0.00, real=0.00 secs] 
1987.853: [GC (Allocation Failure) [PSYoungGen: 71613K->1501K(71168K)] 439950K->369854K(590848K), 0.0017614 secs] [Times: user=0.00 sys=0.00, real=0.00 secs] 
1987.996: [GC (Allocation Failure) [PSYoungGen: 71133K->224K(71680K)] 439486K->368601K(591360K), 0.0017823 secs] [Times: user=0.00 sys=0.00, real=0.01 secs] 
1989.426: [GC (Allocation Failure) [PSYoungGen: 69856K->1344K(70656K)] 438233K->369721K(590336K), 0.0036960 secs] [Times: user=0.01 sys=0.00, real=0.01 secs] 
1990.111: [GC (Allocation Failure) [PSYoungGen: 70464K->1344K(70144K)] 438841K->369721K(589824K), 0.0031909 secs] [Times: user=0.01 sys=0.00, real=0.00 secs] 
1990.854: [GC (Allocation Failure) [PSYoungGen: 69952K->1376K(69632K)] 438329K->369753K(589312K), 0.0028494 secs] [Times: user=0.01 sys=0.00, real=0.00 secs] 
1991.755: [GC (Allocation Failure) [PSYoungGen: 69472K->1376K(69120K)] 437849K->369753K(588800K), 0.0030413 secs] [Times: user=0.01 sys=0.00, real=0.01 secs] 
1992.036: [GC (Allocation Failure) [PSYoungGen: 68960K->1520K(68608K)] 437337K->369897K(588288K), 0.0018594 secs] [Times: user=0.01 sys=0.00, real=0.01 secs] 
1992.158: [GC (Allocation Failure) [PSYoungGen: 68592K->1485K(68096K)] 436969K->369862K(587776K), 0.0016550 secs] [Times: user=0.00 sys=0.00, real=0.00 secs] 
1992.274: [GC (Allocation Failure) [PSYoungGen: 68045K->1533K(67584K)] 436422K->369910K(587264K), 0.0016349 secs] [Times: user=0.01 sys=0.00, real=0.00 secs] 
1992.430: [GC (Allocation Failure) [PSYoungGen: 67581K->1600K(67584K)] 435958K->369977K(587264K), 0.0018667 secs] [Times: user=0.01 sys=0.00, real=0.00 secs] 
1992.817: [GC (Allocation Failure) [PSYoungGen: 67136K->1376K(66560K)] 435513K->369753K(586240K), 0.0022349 secs] [Times: user=0.01 sys=0.00, real=0.00 secs] 
1993.351: [GC (Allocation Failure) [PSYoungGen: 66400K->1312K(66048K)] 434777K->369689K(585728K), 0.0021101 secs] [Times: user=0.01 sys=0.00, real=0.00 secs] 
1993.893: [GC (Allocation Failure) [PSYoungGen: 65824K->1376K(65536K)] 434201K->369753K(585216K), 0.0025426 secs] [Times: user=0.01 sys=0.00, real=0.00 secs] 
1994.428: [GC (Allocation Failure) [PSYoungGen: 65376K->1312K(65024K)] 433753K->369689K(584704K), 0.0023813 secs] [Times: user=0.01 sys=0.00, real=0.00 secs] 
1994.711: [GC (Allocation Failure) [PSYoungGen: 64800K->1469K(64512K)] 433177K->369846K(584192K), 0.0021475 secs] [Times: user=0.01 sys=0.00, real=0.00 secs] 
1994.824: [GC (Allocation Failure) [PSYoungGen: 64445K->1501K(64000K)] 432822K->369878K(583680K), 0.0016446 secs] [Times: user=0.01 sys=0.00, real=0.00 secs] 
1994.936: [GC (Allocation Failure) [PSYoungGen: 63965K->1501K(65024K)] 432342K->369886K(584704K), 0.0016961 secs] [Times: user=0.01 sys=0.00, real=0.01 secs] 
1995.047: [GC (Allocation Failure) [PSYoungGen: 64454K->1517K(70656K)] 432839K->369918K(590336K), 0.0017070 secs] [Times: user=0.01 sys=0.00, real=0.01 secs] 
1995.623: [GC (Allocation Failure) [PSYoungGen: 70125K->1456K(69632K)] 438526K->369857K(589312K), 0.0021987 secs] [Times: user=0.01 sys=0.00, real=0.00 secs] 
1996.240: [GC (Allocation Failure) [PSYoungGen: 69552K->1408K(69120K)] 437953K->369809K(588800K), 0.0022584 secs] [Times: user=0.01 sys=0.00, real=0.00 secs] 
1996.825: [GC (Allocation Failure) [PSYoungGen: 68992K->1344K(68608K)] 437393K->369769K(588288K), 0.0022722 secs] [Times: user=0.01 sys=0.00, real=0.01 secs] 
1997.370: [GC (Allocation Failure) [PSYoungGen: 68416K->1312K(68096K)] 436841K->369737K(587776K), 0.0024768 secs] [Times: user=0.01 sys=0.00, real=0.00 secs] 
1997.771: [GC (Allocation Failure) [PSYoungGen: 67872K->1453K(67584K)] 436297K->369878K(587264K), 0.0019620 secs] [Times: user=0.00 sys=0.00, real=0.00 secs] 
1997.894: [GC (Allocation Failure) [PSYoungGen: 67501K->1469K(67072K)] 435926K->369894K(586752K), 0.0018022 secs] [Times: user=0.01 sys=0.00, real=0.00 secs] 
1998.010: [GC (Allocation Failure) [PSYoungGen: 67005K->1533K(66560K)] 435430K->369974K(586240K), 0.0016602 secs] [Times: user=0.01 sys=0.00, real=0.00 secs] 
1998.124: [GC (Allocation Failure) [PSYoungGen: 66557K->1469K(67072K)] 434998K->369910K(586752K), 0.0016860 secs] [Times: user=0.00 sys=0.00, real=0.00 secs] 
1998.468: [GC (Allocation Failure) [PSYoungGen: 66493K->1424K(66048K)] 434934K->369865K(585728K), 0.0020459 secs] [Times: user=0.01 sys=0.00, real=0.00 secs] 
1999.082: [GC (Allocation Failure) [PSYoungGen: 65936K->1344K(65536K)] 434377K->369785K(585216K), 0.0021878 secs] [Times: user=0.01 sys=0.00, real=0.00 secs] 
1999.587: [GC (Allocation Failure) [PSYoungGen: 65344K->1328K(65024K)] 433785K->369769K(584704K), 0.0023423 secs] [Times: user=0.01 sys=0.00, real=0.00 secs] 
2000.117: [GC (Allocation Failure) [PSYoungGen: 64816K->1312K(64512K)] 433257K->369753K(584192K), 0.0022748 secs] [Times: user=0.01 sys=0.00, real=0.00 secs] 
2000.835: [GC (Allocation Failure) [PSYoungGen: 64288K->1504K(64000K)] 432729K->369945K(583680K), 0.0029678 secs] [Times: user=0.01 sys=0.00, real=0.01 secs] 
2001.017: [GC (Allocation Failure) [PSYoungGen: 63968K->1501K(63488K)] 432409K->369942K(583168K), 0.0025003 secs] [Times: user=0.01 sys=0.00, real=0.00 secs] 
2001.158: [GC (Allocation Failure) [PSYoungGen: 63453K->1453K(62976K)] 431894K->369894K(582656K), 0.0022147 secs] [Times: user=0.01 sys=0.00, real=0.00 secs] 
2001.266: [GC (Allocation Failure) [PSYoungGen: 62893K->1501K(63488K)] 431334K->369950K(583168K), 0.0017538 secs] [Times: user=0.01 sys=0.00, real=0.01 secs] 
2001.374: [GC (Allocation Failure) [PSYoungGen: 62941K->1437K(63488K)] 431390K->369886K(583168K), 0.0016105 secs] [Times: user=0.01 sys=0.00, real=0.00 secs] 
2002.125: [GC (Allocation Failure) [PSYoungGen: 62877K->1456K(69632K)] 431326K->369905K(589312K), 0.0634510 secs] [Times: user=0.24 sys=0.07, real=0.07 secs] 
2002.996: [GC (Allocation Failure) [PSYoungGen: 69040K->1376K(69632K)] 437489K->369825K(589312K), 0.0030489 secs] [Times: user=0.02 sys=0.00, real=0.01 secs] 
2003.829: [GC (Allocation Failure) [PSYoungGen: 68960K->1392K(77824K)] 437409K->369841K(597504K), 0.0043928 secs] [Times: user=0.02 sys=0.01, real=0.00 secs] 
2004.634: [GC (Allocation Failure) [PSYoungGen: 77680K->1344K(78336K)] 446129K->369809K(598016K), 0.0027808 secs] [Times: user=0.01 sys=0.00, real=0.01 secs] 
2005.016: [GC (Allocation Failure) [PSYoungGen: 77632K->1517K(85504K)] 446097K->369982K(605184K), 0.0018028 secs] [Times: user=0.00 sys=0.00, real=0.01 secs] 
2005.197: [GC (Allocation Failure) [PSYoungGen: 85485K->1568K(86528K)] 453950K->370033K(606208K), 0.0019501 secs] [Times: user=0.00 sys=0.00, real=0.00 secs] 
2005.401: [GC (Allocation Failure) [PSYoungGen: 86048K->1533K(94720K)] 454513K->369998K(614400K), 0.0022462 secs] [Times: user=0.01 sys=0.00, real=0.00 secs] 
2006.309: [GC (Allocation Failure) [PSYoungGen: 94205K->1408K(93184K)] 462670K->369873K(612864K), 0.0037701 secs] [Times: user=0.01 sys=0.01, real=0.00 secs] 
2007.078: [GC (Allocation Failure) [PSYoungGen: 93056K->1360K(92160K)] 461521K->369825K(611840K), 0.0022449 secs] [Times: user=0.01 sys=0.00, real=0.00 secs] 
2007.743: [GC (Allocation Failure) [PSYoungGen: 91984K->1376K(91136K)] 460449K->369841K(610816K), 0.0023103 secs] [Times: user=0.01 sys=0.00, real=0.00 secs] 
2008.114: [GC (Allocation Failure) [PSYoungGen: 90976K->1456K(90112K)] 459441K->369921K(609792K), 0.0015367 secs] [Times: user=0.01 sys=0.00, real=0.00 secs] 
2008.269: [GC (Allocation Failure) [PSYoungGen: 90032K->1533K(89088K)] 458497K->369998K(608768K), 0.0017485 secs] [Times: user=0.00 sys=0.00, real=0.00 secs] 
2008.421: [GC (Allocation Failure) [PSYoungGen: 89085K->1533K(88576K)] 457550K->369998K(608256K), 0.0017986 secs] [Times: user=0.00 sys=0.00, real=0.00 secs] 
2009.479: [GC (Allocation Failure) [PSYoungGen: 88573K->1424K(88064K)] 457038K->369921K(607744K), 0.0030926 secs] [Times: user=0.01 sys=0.00, real=0.00 secs] 
2010.289: [GC (Allocation Failure) [PSYoungGen: 87952K->1344K(87552K)] 456449K->369841K(607232K), 0.0031387 secs] [Times: user=0.02 sys=0.00, real=0.00 secs] 
2011.305: [GC (Allocation Failure) [PSYoungGen: 87360K->1376K(87040K)] 455857K->369873K(606720K), 0.0033344 secs] [Times: user=0.01 sys=0.00, real=0.01 secs] 
2012.069: [GC (Allocation Failure) [PSYoungGen: 86880K->1453K(86528K)] 455377K->369950K(606208K), 0.0021946 secs] [Times: user=0.01 sys=0.00, real=0.00 secs] 
2012.238: [GC (Allocation Failure) [PSYoungGen: 86445K->1485K(86016K)] 454942K->369982K(605696K), 0.0017018 secs] [Times: user=0.01 sys=0.00, real=0.00 secs] 
2012.388: [GC (Allocation Failure) [PSYoungGen: 85965K->1501K(85504K)] 454462K->369998K(605184K), 0.0016576 secs] [Times: user=0.01 sys=0.00, real=0.00 secs] 
2012.978: [GC (Allocation Failure) [PSYoungGen: 85469K->1440K(84992K)] 453966K->369937K(604672K), 0.0025018 secs] [Times: user=0.01 sys=0.00, real=0.00 secs] 
2014.366: [GC (Allocation Failure) [PSYoungGen: 84896K->1408K(84480K)] 453393K->369905K(604160K), 0.0028898 secs] [Times: user=0.01 sys=0.00, real=0.01 secs] 
2015.363: [GC (Allocation Failure) [PSYoungGen: 84352K->1376K(83968K)] 452849K->369873K(603648K), 0.0029855 secs] [Times: user=0.01 sys=0.00, real=0.00 secs] 
2016.727: [GC (Allocation Failure) [PSYoungGen: 83621K->256K(82432K)] 452118K->368753K(602112K), 0.0032272 secs] [Times: user=0.01 sys=0.00, real=0.01 secs] 
2016.991: [GC (Allocation Failure) [PSYoungGen: 82176K->1501K(83456K)] 450673K->369998K(603136K), 0.0019335 secs] [Times: user=0.01 sys=0.00, real=0.00 secs] 
2017.137: [GC (Allocation Failure) [PSYoungGen: 82909K->1501K(82432K)] 451406K->369998K(602112K), 0.0017210 secs] [Times: user=0.01 sys=0.00, real=0.01 secs] 
2017.279: [GC (Allocation Failure) [PSYoungGen: 82397K->1485K(81920K)] 450894K->369982K(601600K), 0.0016523 secs] [Times: user=0.00 sys=0.00, real=0.00 secs] 
2017.638: [GC (Allocation Failure) [PSYoungGen: 81869K->1408K(81408K)] 450366K->369905K(601088K), 0.0025676 secs] [Times: user=0.01 sys=0.01, real=0.00 secs] 
2017.967: [GC (Allocation Failure) [PSYoungGen: 81280K->1376K(80896K)] 449777K->369873K(600576K), 0.0020683 secs] [Times: user=0.01 sys=0.00, real=0.00 secs] 
2018.347: [GC (Allocation Failure) [PSYoungGen: 80736K->1376K(80384K)] 449233K->369889K(600064K), 0.0020777 secs] [Times: user=0.01 sys=0.00, real=0.00 secs] 
2018.919: [GC (Allocation Failure) [PSYoungGen: 80224K->1485K(79872K)] 448737K->369998K(599552K), 0.0020284 secs] [Times: user=0.01 sys=0.00, real=0.00 secs] 
2019.067: [GC (Allocation Failure) [PSYoungGen: 79821K->1485K(79360K)] 448334K->370014K(599040K), 0.0017604 secs] [Times: user=0.01 sys=0.00, real=0.00 secs] 
2019.204: [GC (Allocation Failure) [PSYoungGen: 79309K->1501K(78848K)] 447838K->370030K(598528K), 0.0017598 secs] [Times: user=0.00 sys=0.00, real=0.00 secs] 
2019.340: [GC (Allocation Failure) [PSYoungGen: 78813K->1469K(78336K)] 447342K->369998K(598016K), 0.0017039 secs] [Times: user=0.01 sys=0.00, real=0.00 secs] 
2019.998: [GC (Allocation Failure) [PSYoungGen: 78269K->1376K(77824K)] 446798K->369905K(597504K), 0.0020132 secs] [Times: user=0.01 sys=0.00, real=0.00 secs] 
2020.315: [GC (Allocation Failure) [PSYoungGen: 77664K->1344K(77312K)] 446193K->369873K(596992K), 0.0018826 secs] [Times: user=0.00 sys=0.00, real=0.01 secs] 
2020.696: [GC (Allocation Failure) [PSYoungGen: 77120K->1312K(76800K)] 445649K->369841K(596480K), 0.0020697 secs] [Times: user=0.01 sys=0.00, real=0.01 secs] 
2021.186: [GC (Allocation Failure) [PSYoungGen: 76576K->1437K(76288K)] 445105K->369966K(595968K), 0.0019613 secs] [Times: user=0.01 sys=0.00, real=0.01 secs] 
2021.355: [GC (Allocation Failure) [PSYoungGen: 76189K->1501K(75776K)] 444718K->370030K(595456K), 0.0019569 secs] [Times: user=0.01 sys=0.00, real=0.00 secs] 
2021.528: [GC (Allocation Failure) [PSYoungGen: 75741K->1501K(75264K)] 444270K->370030K(594944K), 0.0021259 secs] [Times: user=0.01 sys=0.00, real=0.00 secs] 
2021.687: [GC (Allocation Failure) [PSYoungGen: 75229K->1469K(74752K)] 443758K->369998K(594432K), 0.0016767 secs] [Times: user=0.01 sys=0.00, real=0.00 secs] 
2022.244: [GC (Allocation Failure) [PSYoungGen: 74685K->1408K(74240K)] 443214K->369937K(593920K), 0.0025558 secs] [Times: user=0.01 sys=0.00, real=0.00 secs] 
2022.636: [GC (Allocation Failure) [PSYoungGen: 74112K->1376K(73728K)] 442641K->369913K(593408K), 0.0021969 secs] [Times: user=0.00 sys=0.00, real=0.01 secs] 
2023.177: [GC (Allocation Failure) [PSYoungGen: 73568K->1376K(73216K)] 442105K->369913K(592896K), 0.0020376 secs] [Times: user=0.01 sys=0.00, real=0.00 secs] 
2023.746: [GC (Allocation Failure) [PSYoungGen: 73056K->1376K(72704K)] 441593K->369913K(592384K), 0.0021264 secs] [Times: user=0.00 sys=0.00, real=0.01 secs] 
2024.082: [GC (Allocation Failure) [PSYoungGen: 72544K->1453K(72192K)] 441081K->369990K(591872K), 0.0017825 secs] [Times: user=0.01 sys=0.00, real=0.00 secs] 
2024.206: [GC (Allocation Failure) [PSYoungGen: 72109K->1533K(71680K)] 440646K->370070K(591360K), 0.0018342 secs] [Times: user=0.01 sys=0.00, real=0.01 secs] 
2024.346: [GC (Allocation Failure) [PSYoungGen: 71677K->1485K(71168K)] 440214K->370022K(590848K), 0.0018846 secs] [Times: user=0.01 sys=0.00, real=0.01 secs] 
2024.552: [GC (Allocation Failure) [PSYoungGen: 71117K->1440K(70656K)] 439654K->369977K(590336K), 0.0020888 secs] [Times: user=0.01 sys=0.00, real=0.00 secs] 
2024.839: [GC (Allocation Failure) [PSYoungGen: 70560K->1440K(70144K)] 439097K->369977K(589824K), 0.0019706 secs] [Times: user=0.00 sys=0.00, real=0.00 secs] 
2025.301: [GC (Allocation Failure) [PSYoungGen: 70048K->1376K(69632K)] 438585K->369913K(589312K), 0.0019870 secs] [Times: user=0.00 sys=0.00, real=0.00 secs] 
2025.855: [GC (Allocation Failure) [PSYoungGen: 69472K->1376K(69120K)] 438009K->369913K(588800K), 0.0019480 secs] [Times: user=0.01 sys=0.00, real=0.00 secs] 
2026.469: [GC (Allocation Failure) [PSYoungGen: 68960K->1456K(68608K)] 437497K->369993K(588288K), 0.0022826 secs] [Times: user=0.01 sys=0.00, real=0.00 secs] 
2026.608: [GC (Allocation Failure) [PSYoungGen: 68528K->1533K(68096K)] 437065K->370094K(587776K), 0.0017178 secs] [Times: user=0.00 sys=0.00, real=0.00 secs] 
2026.741: [GC (Allocation Failure) [PSYoungGen: 68093K->1533K(67584K)] 436654K->370094K(587264K), 0.0020359 secs] [Times: user=0.01 sys=0.00, real=0.00 secs] 
2026.895: [GC (Allocation Failure) [PSYoungGen: 67581K->1517K(69632K)] 436142K->370078K(589312K), 0.0020081 secs] [Times: user=0.00 sys=0.00, real=0.01 secs] 
2027.244: [GC (Allocation Failure) [PSYoungGen: 69613K->1408K(69120K)] 438174K->369969K(588800K), 0.0018438 secs] [Times: user=0.00 sys=0.00, real=0.00 secs] 
2027.848: [GC (Allocation Failure) [PSYoungGen: 68992K->1344K(68608K)] 437553K->369905K(588288K), 0.0021457 secs] [Times: user=0.01 sys=0.00, real=0.00 secs] 
2028.552: [GC (Allocation Failure) [PSYoungGen: 68416K->1344K(68096K)] 436977K->369905K(587776K), 0.0020861 secs] [Times: user=0.01 sys=0.00, real=0.00 secs] 
2029.215: [GC (Allocation Failure) [PSYoungGen: 67904K->1344K(67584K)] 436465K->369905K(587264K), 0.0037862 secs] [Times: user=0.02 sys=0.00, real=0.01 secs] 
2029.732: [GC (Allocation Failure) [PSYoungGen: 67392K->1405K(67072K)] 435953K->369966K(586752K), 0.0029260 secs] [Times: user=0.02 sys=0.00, real=0.00 secs] 
2029.901: [GC (Allocation Failure) [PSYoungGen: 66941K->1469K(66560K)] 435502K->370030K(586240K), 0.0015969 secs] [Times: user=0.01 sys=0.00, real=0.00 secs] 
2030.031: [GC (Allocation Failure) [PSYoungGen: 66493K->1421K(66048K)] 435054K->369982K(585728K), 0.0019312 secs] [Times: user=0.01 sys=0.00, real=0.00 secs] 
2030.173: [GC (Allocation Failure) [PSYoungGen: 65933K->1501K(66560K)] 434494K->370070K(586240K), 0.0021210 secs] [Times: user=0.01 sys=0.00, real=0.00 secs] 
2030.568: [GC (Allocation Failure) [PSYoungGen: 66013K->1904K(66048K)] 434582K->370473K(585728K), 0.0031018 secs] [Times: user=0.01 sys=0.00, real=0.00 secs] 
2031.687: [GC (Allocation Failure) [PSYoungGen: 65904K->1328K(65024K)] 434473K->369897K(584704K), 0.0035017 secs] [Times: user=0.02 sys=0.00, real=0.01 secs] 
2032.548: [GC (Allocation Failure) [PSYoungGen: 64816K->1376K(64512K)] 433385K->369945K(584192K), 0.0034753 secs] [Times: user=0.01 sys=0.01, real=0.00 secs] 
2033.297: [GC (Allocation Failure) [PSYoungGen: 64352K->1360K(64000K)] 432921K->369929K(583680K), 0.0029135 secs] [Times: user=0.01 sys=0.00, real=0.00 secs] 
2033.685: [GC (Allocation Failure) [PSYoungGen: 63824K->1344K(63488K)] 432393K->369913K(583168K), 0.0022781 secs] [Times: user=0.01 sys=0.00, real=0.01 secs] 
2033.885: [GC (Allocation Failure) [PSYoungGen: 63296K->1504K(62976K)] 431865K->370073K(582656K), 0.0016018 secs] [Times: user=0.00 sys=0.00, real=0.00 secs] 
2033.993: [GC (Allocation Failure) [PSYoungGen: 62944K->1501K(62464K)] 431513K->370070K(582144K), 0.0017198 secs] [Times: user=0.01 sys=0.00, real=0.00 secs] 
2034.101: [GC (Allocation Failure) [PSYoungGen: 62429K->1501K(62976K)] 430998K->370078K(582656K), 0.0016038 secs] [Times: user=0.01 sys=0.00, real=0.00 secs] 
2034.210: [GC (Allocation Failure) [PSYoungGen: 62941K->1437K(63488K)] 431518K->370014K(583168K), 0.0015884 secs] [Times: user=0.00 sys=0.00, real=0.00 secs] 
2034.510: [GC (Allocation Failure) [PSYoungGen: 62877K->1472K(62464K)] 431454K->370049K(582144K), 0.0017864 secs] [Times: user=0.01 sys=0.00, real=0.00 secs] 
2035.093: [GC (Allocation Failure) [PSYoungGen: 62400K->1376K(61952K)] 430977K->369953K(581632K), 0.0031177 secs] [Times: user=0.01 sys=0.00, real=0.00 secs] 
2035.587: [GC (Allocation Failure) [PSYoungGen: 61792K->1328K(61440K)] 430369K->369905K(581120K), 0.0031354 secs] [Times: user=0.01 sys=0.00, real=0.00 secs] 
2036.089: [GC (Allocation Failure) [PSYoungGen: 61232K->1376K(61440K)] 429809K->369953K(581120K), 0.0033157 secs] [Times: user=0.01 sys=0.00, real=0.00 secs] 
2036.381: [GC (Allocation Failure) [PSYoungGen: 61280K->1344K(61440K)] 429857K->369921K(581120K), 0.0020867 secs] [Times: user=0.00 sys=0.00, real=0.00 secs] 
2036.543: [GC (Allocation Failure) [PSYoungGen: 61230K->1517K(61440K)] 429807K->370094K(581120K), 0.0016486 secs] [Times: user=0.01 sys=0.00, real=0.00 secs] 
2036.648: [GC (Allocation Failure) [PSYoungGen: 61406K->1501K(61440K)] 429984K->370094K(581120K), 0.0016029 secs] [Times: user=0.01 sys=0.00, real=0.00 secs] 
2036.754: [GC (Allocation Failure) [PSYoungGen: 61385K->1453K(66048K)] 429978K->370062K(585728K), 0.0016341 secs] [Times: user=0.00 sys=0.00, real=0.00 secs] 
2036.886: [GC (Allocation Failure) [PSYoungGen: 65453K->1501K(68096K)] 434062K->370110K(587776K), 0.0019441 secs] [Times: user=0.00 sys=0.01, real=0.01 secs] 
2037.439: [GC (Allocation Failure) [PSYoungGen: 67549K->1424K(68096K)] 436158K->370033K(587776K), 0.0025377 secs] [Times: user=0.01 sys=0.00, real=0.00 secs] 
2038.075: [GC (Allocation Failure) [PSYoungGen: 67472K->1392K(67072K)] 436081K->370001K(586752K), 0.0028235 secs] [Times: user=0.01 sys=0.00, real=0.01 secs] 
2038.820: [GC (Allocation Failure) [PSYoungGen: 66928K->1376K(66560K)] 435537K->369985K(586240K), 0.0036362 secs] [Times: user=0.02 sys=0.00, real=0.00 secs] 
2039.693: [GC (Allocation Failure) [PSYoungGen: 66400K->1344K(66048K)] 435009K->369953K(585728K), 0.0039161 secs] [Times: user=0.01 sys=0.00, real=0.00 secs] 
2040.252: [GC (Allocation Failure) [PSYoungGen: 65856K->1485K(65536K)] 434465K->370094K(585216K), 0.0028794 secs] [Times: user=0.01 sys=0.00, real=0.00 secs] 
2040.418: [GC (Allocation Failure) [PSYoungGen: 65485K->1437K(65024K)] 434094K->370046K(584704K), 0.0016047 secs] [Times: user=0.00 sys=0.00, real=0.00 secs] 
2040.530: [GC (Allocation Failure) [PSYoungGen: 64925K->1501K(64512K)] 433534K->370118K(584192K), 0.0016927 secs] [Times: user=0.00 sys=0.00, real=0.00 secs] 
2040.640: [GC (Allocation Failure) [PSYoungGen: 64477K->1469K(70656K)] 433094K->370086K(590336K), 0.0016022 secs] [Times: user=0.00 sys=0.00, real=0.00 secs] 
2040.844: [GC (Allocation Failure) [PSYoungGen: 70589K->1472K(71168K)] 439206K->370089K(590848K), 0.0020381 secs] [Times: user=0.01 sys=0.00, real=0.00 secs] 
2041.132: [GC (Allocation Failure) [PSYoungGen: 70592K->1376K(70144K)] 439209K->369993K(589824K), 0.0018617 secs] [Times: user=0.01 sys=0.00, real=0.00 secs] 
2041.417: [GC (Allocation Failure) [PSYoungGen: 69984K->1392K(69632K)] 438601K->370009K(589312K), 0.0019287 secs] [Times: user=0.01 sys=0.00, real=0.01 secs] 
2041.701: [GC (Allocation Failure) [PSYoungGen: 69488K->1376K(69120K)] 438105K->369993K(588800K), 0.0018666 secs] [Times: user=0.00 sys=0.00, real=0.00 secs] 
2042.016: [GC (Allocation Failure) [PSYoungGen: 68960K->1469K(68608K)] 437577K->370086K(588288K), 0.0020280 secs] [Times: user=0.00 sys=0.00, real=0.01 secs] 
2042.142: [GC (Allocation Failure) [PSYoungGen: 68541K->1520K(68096K)] 437158K->370137K(587776K), 0.0016557 secs] [Times: user=0.00 sys=0.00, real=0.00 secs] 
2042.259: [GC (Allocation Failure) [PSYoungGen: 68080K->1565K(74752K)] 436697K->370182K(594432K), 0.0017324 secs] [Times: user=0.01 sys=0.00, real=0.00 secs] 
2042.388: [GC (Allocation Failure) [PSYoungGen: 74269K->1485K(74752K)] 442886K->370118K(594432K), 0.0017223 secs] [Times: user=0.00 sys=0.00, real=0.00 secs] 
2042.623: [GC (Allocation Failure) [PSYoungGen: 74701K->1440K(75264K)] 443334K->370073K(594944K), 0.0018223 secs] [Times: user=0.01 sys=0.00, real=0.00 secs] 
2042.927: [GC (Allocation Failure) [PSYoungGen: 74656K->1408K(74240K)] 443289K->370041K(593920K), 0.0017809 secs] [Times: user=0.00 sys=0.00, real=0.00 secs] 
2043.229: [GC (Allocation Failure) [PSYoungGen: 74112K->1376K(73728K)] 442745K->370009K(593408K), 0.0022245 secs] [Times: user=0.01 sys=0.00, real=0.00 secs] 
2043.529: [GC (Allocation Failure) [PSYoungGen: 73568K->1440K(73216K)] 442201K->370073K(592896K), 0.0017980 secs] [Times: user=0.01 sys=0.00, real=0.00 secs] 
2043.759: [GC (Allocation Failure) [PSYoungGen: 73120K->1456K(72704K)] 441753K->370089K(592384K), 0.0018158 secs] [Times: user=0.01 sys=0.00, real=0.00 secs] 
2043.885: [GC (Allocation Failure) [PSYoungGen: 72624K->1485K(72192K)] 441257K->370118K(591872K), 0.0016394 secs] [Times: user=0.01 sys=0.00, real=0.00 secs] 
2044.010: [GC (Allocation Failure) [PSYoungGen: 72141K->1440K(78848K)] 440774K->370073K(598528K), 0.0018871 secs] [Times: user=0.00 sys=0.00, real=0.00 secs] 
2044.224: [GC (Allocation Failure) [PSYoungGen: 78752K->1504K(79360K)] 447385K->370137K(599040K), 0.0020061 secs] [Times: user=0.01 sys=0.00, real=0.00 secs] 
2045.303: [GC (Allocation Failure) [PSYoungGen: 78816K->1376K(78336K)] 447449K->370009K(598016K), 0.0031060 secs] [Times: user=0.01 sys=0.00, real=0.00 secs] 
2046.030: [GC (Allocation Failure) [PSYoungGen: 78176K->1376K(77824K)] 446809K->370025K(597504K), 0.0025533 secs] [Times: user=0.01 sys=0.00, real=0.00 secs] 
2046.737: [GC (Allocation Failure) [PSYoungGen: 77664K->1376K(77312K)] 446313K->370025K(596992K), 0.0029519 secs] [Times: user=0.01 sys=0.00, real=0.00 secs] 
2047.251: [GC (Allocation Failure) [PSYoungGen: 77152K->1453K(76800K)] 445801K->370118K(596480K), 0.0022504 secs] [Times: user=0.01 sys=0.00, real=0.00 secs] 
2047.402: [GC (Allocation Failure) [PSYoungGen: 76717K->1485K(76288K)] 445382K->370150K(595968K), 0.0017521 secs] [Times: user=0.00 sys=0.00, real=0.00 secs] 
2047.533: [GC (Allocation Failure) [PSYoungGen: 76237K->1469K(75776K)] 444902K->370134K(595456K), 0.0017870 secs] [Times: user=0.01 sys=0.00, real=0.00 secs] 
2047.664: [GC (Allocation Failure) [PSYoungGen: 75709K->1488K(75264K)] 444374K->370153K(594944K), 0.0017348 secs] [Times: user=0.00 sys=0.01, real=0.00 secs] 
2047.983: [GC (Allocation Failure) [PSYoungGen: 75216K->1440K(74752K)] 443881K->370105K(594432K), 0.0018546 secs] [Times: user=0.01 sys=0.00, real=0.00 secs] 
2048.286: [GC (Allocation Failure) [PSYoungGen: 74656K->1344K(74240K)] 443321K->370009K(593920K), 0.0018440 secs] [Times: user=0.01 sys=0.00, real=0.01 secs] 
2048.589: [GC (Allocation Failure) [PSYoungGen: 74048K->1344K(73728K)] 442713K->370009K(593408K), 0.0017077 secs] [Times: user=0.01 sys=0.00, real=0.00 secs] 
2049.137: [GC (Allocation Failure) [PSYoungGen: 73536K->1501K(73216K)] 442201K->370166K(592896K), 0.0021212 secs] [Times: user=0.01 sys=0.00, real=0.01 secs] 
2049.310: [GC (Allocation Failure) [PSYoungGen: 73181K->1533K(72704K)] 441846K->370198K(592384K), 0.0021355 secs] [Times: user=0.01 sys=0.00, real=0.00 secs] 
2049.478: [GC (Allocation Failure) [PSYoungGen: 72701K->1485K(72192K)] 441366K->370150K(591872K), 0.0022039 secs] [Times: user=0.01 sys=0.00, real=0.00 secs] 
2049.636: [GC (Allocation Failure) [PSYoungGen: 72141K->1501K(71680K)] 440806K->370166K(591360K), 0.0016268 secs] [Times: user=0.00 sys=0.00, real=0.01 secs] 
2049.853: [GC (Allocation Failure) [PSYoungGen: 71645K->1424K(71168K)] 440310K->370089K(590848K), 0.0023042 secs] [Times: user=0.01 sys=0.00, real=0.00 secs] 
2050.142: [GC (Allocation Failure) [PSYoungGen: 71056K->1408K(70656K)] 439721K->370073K(590336K), 0.0028274 secs] [Times: user=0.01 sys=0.00, real=0.00 secs] 
2050.431: [GC (Allocation Failure) [PSYoungGen: 70528K->1344K(70144K)] 439193K->370009K(589824K), 0.0021163 secs] [Times: user=0.01 sys=0.00, real=0.00 secs] 
2050.718: [GC (Allocation Failure) [PSYoungGen: 69952K->1344K(69632K)] 438617K->370009K(589312K), 0.0020362 secs] [Times: user=0.01 sys=0.00, real=0.00 secs] 
2050.974: [GC (Allocation Failure) [PSYoungGen: 69440K->1405K(69120K)] 438105K->370070K(588800K), 0.0017909 secs] [Times: user=0.00 sys=0.00, real=0.00 secs] 
2051.096: [GC (Allocation Failure) [PSYoungGen: 68989K->1456K(68608K)] 437654K->370121K(588288K), 0.0017325 secs] [Times: user=0.01 sys=0.00, real=0.01 secs] 
2051.214: [GC (Allocation Failure) [PSYoungGen: 68519K->1501K(69120K)] 437184K->370174K(588800K), 0.0015941 secs] [Times: user=0.00 sys=0.00, real=0.00 secs] 
2051.331: [GC (Allocation Failure) [PSYoungGen: 68573K->1485K(75776K)] 437246K->370158K(595456K), 0.0017324 secs] [Times: user=0.01 sys=0.00, real=0.00 secs] 
2052.754: [GC (Allocation Failure) [PSYoungGen: 75213K->1408K(74752K)] 443886K->370089K(594432K), 0.0040367 secs] [Times: user=0.02 sys=0.00, real=0.01 secs] 
2054.218: [GC (Allocation Failure) [PSYoungGen: 74624K->1376K(74240K)] 443305K->370057K(593920K), 0.0045201 secs] [Times: user=0.01 sys=0.00, real=0.00 secs] 
2055.039: [GC (Allocation Failure) [PSYoungGen: 74080K->1376K(73728K)] 442761K->370057K(593408K), 0.0033185 secs] [Times: user=0.01 sys=0.00, real=0.00 secs] 
2055.696: [GC (Allocation Failure) [PSYoungGen: 73568K->1376K(73216K)] 442249K->370065K(592896K), 0.0025788 secs] [Times: user=0.01 sys=0.00, real=0.01 secs] 
2056.060: [GC (Allocation Failure) [PSYoungGen: 73056K->1456K(72704K)] 441745K->370153K(592384K), 0.0019855 secs] [Times: user=0.01 sys=0.00, real=0.00 secs] 
2056.197: [GC (Allocation Failure) [PSYoungGen: 72624K->1533K(72192K)] 441321K->370230K(591872K), 0.0016962 secs] [Times: user=0.01 sys=0.00, real=0.00 secs] 
2056.322: [GC (Allocation Failure) [PSYoungGen: 72189K->1501K(71680K)] 440886K->370198K(591360K), 0.0016095 secs] [Times: user=0.01 sys=0.00, real=0.00 secs] 
2056.491: [GC (Allocation Failure) [PSYoungGen: 71209K->256K(71168K)] 439906K->368961K(590848K), 0.0015105 secs] [Times: user=0.01 sys=0.00, real=0.00 secs] 
2057.463: [GC (Allocation Failure) [PSYoungGen: 69888K->1328K(70656K)] 438593K->370033K(590336K), 0.0043606 secs] [Times: user=0.01 sys=0.00, real=0.01 secs] 
2058.220: [GC (Allocation Failure) [PSYoungGen: 70448K->1344K(70144K)] 439153K->370049K(589824K), 0.0032578 secs] [Times: user=0.01 sys=0.00, real=0.00 secs] 
2058.844: [GC (Allocation Failure) [PSYoungGen: 69952K->1344K(69632K)] 438657K->370049K(589312K), 0.0031054 secs] [Times: user=0.01 sys=0.00, real=0.01 secs] 
2059.221: [GC (Allocation Failure) [PSYoungGen: 69440K->1376K(69120K)] 438145K->370081K(588800K), 0.0022706 secs] [Times: user=0.00 sys=0.00, real=0.00 secs] 
2059.386: [GC (Allocation Failure) [PSYoungGen: 68960K->1469K(68608K)] 437665K->370174K(588288K), 0.0016856 secs] [Times: user=0.01 sys=0.00, real=0.01 secs] 
2059.504: [GC (Allocation Failure) [PSYoungGen: 68541K->1469K(68096K)] 437246K->370174K(587776K), 0.0018037 secs] [Times: user=0.00 sys=0.00, real=0.00 secs] 
2059.621: [GC (Allocation Failure) [PSYoungGen: 68029K->1456K(68608K)] 436734K->370177K(588288K), 0.0016131 secs] [Times: user=0.01 sys=0.00, real=0.00 secs] 
2059.782: [GC (Allocation Failure) [PSYoungGen: 68016K->1568K(74752K)] 436737K->370297K(594432K), 0.0017763 secs] [Times: user=0.01 sys=0.00, real=0.00 secs] 
2060.395: [GC (Allocation Failure) [PSYoungGen: 74272K->1376K(73728K)] 443001K->370105K(593408K), 0.0028767 secs] [Times: user=0.01 sys=0.00, real=0.01 secs] 
2060.696: [GC (Allocation Failure) [PSYoungGen: 73568K->1376K(73216K)] 442297K->370105K(592896K), 0.0022793 secs] [Times: user=0.01 sys=0.00, real=0.01 secs] 
2060.994: [GC (Allocation Failure) [PSYoungGen: 73056K->1344K(72704K)] 441785K->370073K(592384K), 0.0022261 secs] [Times: user=0.00 sys=0.00, real=0.00 secs] 
2061.295: [GC (Allocation Failure) [PSYoungGen: 72512K->1469K(72192K)] 441241K->370198K(591872K), 0.0019911 secs] [Times: user=0.01 sys=0.00, real=0.01 secs] 
2061.426: [GC (Allocation Failure) [PSYoungGen: 72125K->1456K(71680K)] 440854K->370185K(591360K), 0.0016207 secs] [Times: user=0.00 sys=0.00, real=0.01 secs] 
2061.550: [GC (Allocation Failure) [PSYoungGen: 71600K->1517K(71168K)] 440329K->370246K(590848K), 0.0016344 secs] [Times: user=0.00 sys=0.00, real=0.00 secs] 
2061.673: [GC (Allocation Failure) [PSYoungGen: 71149K->1533K(71680K)] 439878K->370278K(591360K), 0.0015690 secs] [Times: user=0.00 sys=0.00, real=0.00 secs] 
2062.538: [GC (Allocation Failure) [PSYoungGen: 71165K->1408K(70656K)] 439910K->370153K(590336K), 0.0032222 secs] [Times: user=0.01 sys=0.00, real=0.00 secs] 
2063.106: [GC (Allocation Failure) [PSYoungGen: 70528K->1424K(70144K)] 439273K->370169K(589824K), 0.0027419 secs] [Times: user=0.01 sys=0.00, real=0.01 secs] 
2063.931: [GC (Allocation Failure) [PSYoungGen: 70032K->1344K(69632K)] 438777K->370089K(589312K), 0.0058687 secs] [Times: user=0.02 sys=0.00, real=0.01 secs] 
2064.675: [GC (Allocation Failure) [PSYoungGen: 69440K->1344K(69120K)] 438185K->370089K(588800K), 0.0027985 secs] [Times: user=0.01 sys=0.00, real=0.01 secs] 
2065.358: [GC (Allocation Failure) [PSYoungGen: 68928K->1469K(68608K)] 437673K->370214K(588288K), 0.0022909 secs] [Times: user=0.01 sys=0.00, real=0.00 secs] 
2065.553: [GC (Allocation Failure) [PSYoungGen: 68541K->1501K(68096K)] 437286K->370246K(587776K), 0.0024649 secs] [Times: user=0.01 sys=0.00, real=0.00 secs] 
2065.696: [GC (Allocation Failure) [PSYoungGen: 68061K->1485K(67584K)] 436806K->370230K(587264K), 0.0016010 secs] [Times: user=0.01 sys=0.00, real=0.01 secs] 
2065.812: [GC (Allocation Failure) [PSYoungGen: 67533K->1501K(67072K)] 436278K->370262K(586752K), 0.0017515 secs] [Times: user=0.01 sys=0.00, real=0.00 secs] 
2066.400: [GC (Allocation Failure) [PSYoungGen: 67037K->1424K(66560K)] 435798K->370185K(586240K), 0.0039254 secs] [Times: user=0.01 sys=0.00, real=0.00 secs] 
2067.038: [GC (Allocation Failure) [PSYoungGen: 66448K->1344K(66048K)] 435209K->370105K(585728K), 0.0039809 secs] [Times: user=0.01 sys=0.00, real=0.00 secs] 
2067.571: [GC (Allocation Failure) [PSYoungGen: 65856K->1376K(65536K)] 434617K->370137K(585216K), 0.0027889 secs] [Times: user=0.01 sys=0.00, real=0.00 secs] 
2067.868: [GC (Allocation Failure) [PSYoungGen: 65376K->1344K(65024K)] 434137K->370129K(584704K), 0.0022744 secs] [Times: user=0.01 sys=0.00, real=0.00 secs] 
2068.351: [GC (Allocation Failure) [PSYoungGen: 64832K->1485K(64512K)] 433617K->370270K(584192K), 0.0023275 secs] [Times: user=0.01 sys=0.00, real=0.00 secs] 
2068.532: [GC (Allocation Failure) [PSYoungGen: 64461K->1437K(64000K)] 433246K->370222K(583680K), 0.0024086 secs] [Times: user=0.01 sys=0.00, real=0.00 secs] 
2068.677: [GC (Allocation Failure) [PSYoungGen: 63901K->1453K(63488K)] 432686K->370238K(583168K), 0.0016121 secs] [Times: user=0.00 sys=0.00, real=0.00 secs] 
2068.785: [GC (Allocation Failure) [PSYoungGen: 63405K->1405K(69632K)] 432190K->370198K(589312K), 0.0017186 secs] [Times: user=0.00 sys=0.00, real=0.01 secs] 
2068.965: [GC (Allocation Failure) [PSYoungGen: 69501K->1728K(70144K)] 438294K->370521K(589824K), 0.0019260 secs] [Times: user=0.00 sys=0.00, real=0.01 secs] 
2069.250: [GC (Allocation Failure) [PSYoungGen: 69824K->1312K(69120K)] 438617K->370105K(588800K), 0.0022637 secs] [Times: user=0.01 sys=0.00, real=0.00 secs] 
2069.553: [GC (Allocation Failure) [PSYoungGen: 68896K->1312K(68608K)] 437689K->370105K(588288K), 0.0021872 secs] [Times: user=0.01 sys=0.00, real=0.00 secs] 
2070.093: [GC (Allocation Failure) [PSYoungGen: 68384K->1312K(68096K)] 437177K->370105K(587776K), 0.0020706 secs] [Times: user=0.01 sys=0.00, real=0.00 secs] 
2070.644: [GC (Allocation Failure) [PSYoungGen: 67872K->1344K(67584K)] 436665K->370137K(587264K), 0.0035148 secs] [Times: user=0.01 sys=0.00, real=0.01 secs] 
2071.012: [GC (Allocation Failure) [PSYoungGen: 67392K->1469K(67072K)] 436185K->370262K(586752K), 0.0023403 secs] [Times: user=0.01 sys=0.00, real=0.00 secs] 
2071.140: [GC (Allocation Failure) [PSYoungGen: 67005K->1453K(66560K)] 435798K->370246K(586240K), 0.0016789 secs] [Times: user=0.01 sys=0.00, real=0.00 secs] 
2071.255: [GC (Allocation Failure) [PSYoungGen: 66477K->1533K(66048K)] 435270K->370334K(585728K), 0.0016834 secs] [Times: user=0.01 sys=0.00, real=0.00 secs] 
2071.388: [GC (Allocation Failure) [PSYoungGen: 66045K->1421K(66560K)] 434846K->370222K(586240K), 0.0019738 secs] [Times: user=0.00 sys=0.00, real=0.00 secs] 
2071.931: [GC (Allocation Failure) [PSYoungGen: 65933K->1408K(66560K)] 434734K->370209K(586240K), 0.0040890 secs] [Times: user=0.01 sys=0.00, real=0.00 secs] 
2072.583: [GC (Allocation Failure) [PSYoungGen: 65920K->1392K(65536K)] 434721K->370193K(585216K), 0.0025970 secs] [Times: user=0.01 sys=0.00, real=0.00 secs] 
2073.113: [GC (Allocation Failure) [PSYoungGen: 65392K->1424K(72192K)] 434193K->370225K(591872K), 0.0220515 secs] [Times: user=0.06 sys=0.06, real=0.02 secs] 
2073.869: [GC (Allocation Failure) [PSYoungGen: 71568K->1376K(73728K)] 440369K->370177K(593408K), 0.0040462 secs] [Times: user=0.01 sys=0.00, real=0.00 secs] 
2074.496: [GC (Allocation Failure) [PSYoungGen: 73056K->1469K(73728K)] 441857K->370286K(593408K), 0.0024933 secs] [Times: user=0.01 sys=0.00, real=0.01 secs] 
2074.662: [GC (Allocation Failure) [PSYoungGen: 73149K->1472K(80896K)] 441966K->370289K(600576K), 0.0016003 secs] [Times: user=0.00 sys=0.00, real=0.00 secs] 
2074.800: [GC (Allocation Failure) [PSYoungGen: 80320K->1469K(80896K)] 449137K->370286K(600576K), 0.0015341 secs] [Times: user=0.01 sys=0.00, real=0.00 secs] 
2075.090: [GC (Allocation Failure) [PSYoungGen: 80317K->1488K(79872K)] 449134K->370305K(599552K), 0.0018669 secs] [Times: user=0.00 sys=0.00, real=0.00 secs] 
2075.611: [GC (Allocation Failure) [PSYoungGen: 79824K->1408K(79360K)] 448641K->370225K(599040K), 0.0035797 secs] [Times: user=0.01 sys=0.00, real=0.00 secs] 
2076.767: [GC (Allocation Failure) [PSYoungGen: 79232K->1376K(78848K)] 448049K->370193K(598528K), 0.0035678 secs] [Times: user=0.01 sys=0.00, real=0.00 secs] 
2077.965: [GC (Allocation Failure) [PSYoungGen: 78688K->1376K(78336K)] 447505K->370193K(598016K), 0.0034423 secs] [Times: user=0.01 sys=0.01, real=0.01 secs] 
2078.543: [GC (Allocation Failure) [PSYoungGen: 78176K->1424K(77824K)] 446993K->370241K(597504K), 0.0021557 secs] [Times: user=0.01 sys=0.00, real=0.00 secs] 
2078.693: [GC (Allocation Failure) [PSYoungGen: 77712K->1549K(77824K)] 446529K->370366K(597504K), 0.0018056 secs] [Times: user=0.01 sys=0.01, real=0.00 secs] 
2078.829: [GC (Allocation Failure) [PSYoungGen: 77325K->461K(75776K)] 446142K->370326K(595456K), 0.0016678 secs] [Times: user=0.00 sys=0.00, real=0.00 secs] 
2079.156: [GC (Allocation Failure) [PSYoungGen: 75725K->1440K(76800K)] 445590K->371305K(596480K), 0.0018882 secs] [Times: user=0.00 sys=0.00, real=0.01 secs] 
2080.014: [GC (Allocation Failure) [PSYoungGen: 76192K->1376K(75776K)] 446057K->371241K(595456K), 0.0037858 secs] [Times: user=0.01 sys=0.00, real=0.01 secs] 
2080.638: [GC (Allocation Failure) [PSYoungGen: 75616K->1344K(75264K)] 445481K->371209K(594944K), 0.0028746 secs] [Times: user=0.01 sys=0.00, real=0.00 secs] 
2081.204: [GC (Allocation Failure) [PSYoungGen: 75072K->1408K(74752K)] 444937K->371273K(594432K), 0.0027073 secs] [Times: user=0.02 sys=0.00, real=0.01 secs] 
2081.614: [GC (Allocation Failure) [PSYoungGen: 74624K->1437K(74240K)] 444489K->371302K(593920K), 0.0022416 secs] [Times: user=0.01 sys=0.00, real=0.00 secs] 
2081.754: [GC (Allocation Failure) [PSYoungGen: 74141K->1488K(73728K)] 444006K->371353K(593408K), 0.0017271 secs] [Times: user=0.01 sys=0.00, real=0.00 secs] 
2081.881: [GC (Allocation Failure) [PSYoungGen: 73680K->1501K(73216K)] 443545K->371366K(592896K), 0.0015671 secs] [Times: user=0.00 sys=0.00, real=0.00 secs] 
2082.007: [GC (Allocation Failure) [PSYoungGen: 73181K->1501K(72704K)] 443046K->371366K(592384K), 0.0015926 secs] [Times: user=0.01 sys=0.00, real=0.00 secs] 
2082.603: [GC (Allocation Failure) [PSYoungGen: 72669K->1408K(72192K)] 442534K->371273K(591872K), 0.0027702 secs] [Times: user=0.01 sys=0.00, real=0.00 secs] 
2082.922: [GC (Allocation Failure) [PSYoungGen: 72064K->1344K(71680K)] 441929K->371209K(591360K), 0.0026522 secs] [Times: user=0.02 sys=0.00, real=0.00 secs] 
2083.336: [GC (Allocation Failure) [PSYoungGen: 71488K->1376K(71168K)] 441353K->371241K(590848K), 0.0021619 secs] [Times: user=0.00 sys=0.00, real=0.01 secs] 
2083.915: [GC (Allocation Failure) [PSYoungGen: 71008K->1376K(70656K)] 440873K->371241K(590336K), 0.0024207 secs] [Times: user=0.01 sys=0.00, real=0.01 secs] 
2084.154: [GC (Allocation Failure) [PSYoungGen: 70496K->1437K(70144K)] 440361K->371302K(589824K), 0.0017224 secs] [Times: user=0.01 sys=0.00, real=0.00 secs] 
2084.274: [GC (Allocation Failure) [PSYoungGen: 70045K->1501K(69632K)] 439910K->371366K(589312K), 0.0016053 secs] [Times: user=0.01 sys=0.00, real=0.00 secs] 
2084.394: [GC (Allocation Failure) [PSYoungGen: 69597K->1501K(76288K)] 439462K->371366K(595968K), 0.0018597 secs] [Times: user=0.01 sys=0.00, real=0.00 secs] 
2084.590: [GC (Allocation Failure) [PSYoungGen: 76253K->1440K(75776K)] 446118K->371305K(595456K), 0.0017753 secs] [Times: user=0.00 sys=0.00, real=0.00 secs] 
2084.902: [GC (Allocation Failure) [PSYoungGen: 75680K->1408K(75264K)] 445545K->371273K(594944K), 0.0019718 secs] [Times: user=0.01 sys=0.00, real=0.00 secs] 
2085.209: [GC (Allocation Failure) [PSYoungGen: 75136K->1344K(74752K)] 445001K->371209K(594432K), 0.0016792 secs] [Times: user=0.01 sys=0.00, real=0.00 secs] 
2085.532: [GC (Allocation Failure) [PSYoungGen: 74560K->1376K(74240K)] 444425K->371241K(593920K), 0.0018826 secs] [Times: user=0.00 sys=0.00, real=0.00 secs] 
2085.821: [GC (Allocation Failure) [PSYoungGen: 74080K->1437K(73728K)] 443945K->371318K(593408K), 0.0015327 secs] [Times: user=0.01 sys=0.00, real=0.00 secs] 
2085.949: [GC (Allocation Failure) [PSYoungGen: 73629K->1453K(73216K)] 443510K->371334K(592896K), 0.0019200 secs] [Times: user=0.00 sys=0.00, real=0.00 secs] 
2086.076: [GC (Allocation Failure) [PSYoungGen: 73133K->1501K(72704K)] 443014K->371382K(592384K), 0.0016116 secs] [Times: user=0.01 sys=0.00, real=0.01 secs] 
2086.201: [GC (Allocation Failure) [PSYoungGen: 72669K->1533K(73728K)] 442550K->371414K(593408K), 0.0015616 secs] [Times: user=0.01 sys=0.00, real=0.00 secs] 
2087.042: [GC (Allocation Failure) [PSYoungGen: 73213K->1376K(72704K)] 443094K->371265K(592384K), 0.0024507 secs] [Times: user=0.01 sys=0.00, real=0.00 secs] 
2087.621: [GC (Allocation Failure) [PSYoungGen: 72544K->1344K(72192K)] 442433K->371233K(591872K), 0.0024169 secs] [Times: user=0.00 sys=0.00, real=0.00 secs] 
2088.381: [GC (Allocation Failure) [PSYoungGen: 72000K->1344K(71680K)] 441889K->371233K(591360K), 0.0021203 secs] [Times: user=0.00 sys=0.00, real=0.00 secs] 
2089.136: [GC (Allocation Failure) [PSYoungGen: 71488K->1376K(71168K)] 441377K->371265K(590848K), 0.0025982 secs] [Times: user=0.01 sys=0.00, real=0.01 secs] 
2089.573: [GC (Allocation Failure) [PSYoungGen: 71008K->1501K(70656K)] 440897K->371390K(590336K), 0.0019886 secs] [Times: user=0.01 sys=0.00, real=0.00 secs] 
2089.743: [GC (Allocation Failure) [PSYoungGen: 70621K->1469K(70144K)] 440510K->371358K(589824K), 0.0022486 secs] [Times: user=0.01 sys=0.00, real=0.00 secs] 
2089.895: [GC (Allocation Failure) [PSYoungGen: 70077K->1456K(69632K)] 439966K->371345K(589312K), 0.0017893 secs] [Times: user=0.01 sys=0.00, real=0.01 secs] 
2090.035: [GC (Allocation Failure) [PSYoungGen: 69552K->1472K(69120K)] 439441K->371361K(588800K), 0.0018991 secs] [Times: user=0.01 sys=0.00, real=0.01 secs] 
2090.395: [GC (Allocation Failure) [PSYoungGen: 69056K->1344K(68608K)] 438945K->371233K(588288K), 0.0020050 secs] [Times: user=0.01 sys=0.00, real=0.01 secs] 
2090.674: [GC (Allocation Failure) [PSYoungGen: 68416K->1376K(68096K)] 438305K->371265K(587776K), 0.0021105 secs] [Times: user=0.01 sys=0.00, real=0.00 secs] 
2090.973: [GC (Allocation Failure) [PSYoungGen: 67936K->1376K(67584K)] 437825K->371265K(587264K), 0.0020499 secs] [Times: user=0.00 sys=0.00, real=0.00 secs] 
2091.264: [GC (Allocation Failure) [PSYoungGen: 67424K->1376K(67072K)] 437313K->371265K(586752K), 0.0022201 secs] [Times: user=0.00 sys=0.00, real=0.00 secs] 
2091.518: [GC (Allocation Failure) [PSYoungGen: 66912K->1472K(66560K)] 436801K->371361K(586240K), 0.0015760 secs] [Times: user=0.01 sys=0.00, real=0.00 secs] 
2091.632: [GC (Allocation Failure) [PSYoungGen: 66496K->1501K(66048K)] 436385K->371390K(585728K), 0.0016848 secs] [Times: user=0.00 sys=0.00, real=0.00 secs] 
2091.746: [GC (Allocation Failure) [PSYoungGen: 66013K->1469K(72192K)] 435902K->371358K(591872K), 0.0017018 secs] [Times: user=0.01 sys=0.00, real=0.01 secs] 
2091.870: [GC (Allocation Failure) [PSYoungGen: 72125K->1485K(72704K)] 442014K->371390K(592384K), 0.0017788 secs] [Times: user=0.01 sys=0.00, real=0.00 secs] 
2092.976: [GC (Allocation Failure) [PSYoungGen: 72141K->1376K(71680K)] 442046K->371281K(591360K), 0.0043616 secs] [Times: user=0.02 sys=0.00, real=0.01 secs] 
2094.435: [GC (Allocation Failure) [PSYoungGen: 71520K->1376K(71168K)] 441425K->371281K(590848K), 0.0055682 secs] [Times: user=0.02 sys=0.00, real=0.01 secs] 
2095.531: [GC (Allocation Failure) [PSYoungGen: 71008K->1376K(70656K)] 440913K->371281K(590336K), 0.0043110 secs] [Times: user=0.02 sys=0.00, real=0.00 secs] 
2096.294: [GC (Allocation Failure) [PSYoungGen: 70496K->1312K(70144K)] 440401K->371217K(589824K), 0.0026543 secs] [Times: user=0.01 sys=0.00, real=0.00 secs] 
2096.531: [GC (Allocation Failure) [PSYoungGen: 69920K->1469K(69632K)] 439825K->371374K(589312K), 0.0015978 secs] [Times: user=0.01 sys=0.00, real=0.00 secs] 
2096.651: [GC (Allocation Failure) [PSYoungGen: 69565K->1533K(69120K)] 439470K->371438K(588800K), 0.0016829 secs] [Times: user=0.00 sys=0.00, real=0.00 secs] 
2096.771: [GC (Allocation Failure) [PSYoungGen: 69117K->1488K(68608K)] 439022K->371401K(588288K), 0.0016833 secs] [Times: user=0.00 sys=0.00, real=0.00 secs] 
2096.991: [GC (Allocation Failure) [PSYoungGen: 68560K->1712K(68608K)] 438473K->371625K(588288K), 0.0019972 secs] [Times: user=0.01 sys=0.00, real=0.00 secs] 
2097.694: [GC (Allocation Failure) [PSYoungGen: 68272K->352K(66560K)] 438185K->371289K(586240K), 0.0030216 secs] [Times: user=0.01 sys=0.00, real=0.00 secs] 
2098.348: [GC (Allocation Failure) [PSYoungGen: 66400K->320K(67584K)] 437337K->371257K(587264K), 0.0027584 secs] [Times: user=0.01 sys=0.00, real=0.00 secs] 
2098.893: [GC (Allocation Failure) [PSYoungGen: 65856K->368K(65536K)] 436793K->371329K(585216K), 0.0024928 secs] [Times: user=0.01 sys=0.00, real=0.00 secs] 
2099.166: [GC (Allocation Failure) [PSYoungGen: 65392K->352K(67072K)] 436353K->371313K(586752K), 0.0020615 secs] [Times: user=0.01 sys=0.00, real=0.01 secs] 
2099.346: [GC (Allocation Failure) [PSYoungGen: 64836K->1453K(65536K)] 435797K->372414K(585216K), 0.0015915 secs] [Times: user=0.00 sys=0.00, real=0.01 secs] 
2099.460: [GC (Allocation Failure) [PSYoungGen: 65453K->1469K(65024K)] 436414K->372430K(584704K), 0.0016777 secs] [Times: user=0.00 sys=0.00, real=0.00 secs] 
2099.572: [GC (Allocation Failure) [PSYoungGen: 64957K->1437K(70656K)] 435918K->372398K(590336K), 0.0016267 secs] [Times: user=0.00 sys=0.00, real=0.00 secs] 
2099.692: [GC (Allocation Failure) [PSYoungGen: 69533K->1520K(70656K)] 440494K->372489K(590336K), 0.0016096 secs] [Times: user=0.01 sys=0.00, real=0.00 secs] 
2099.978: [GC (Allocation Failure) [PSYoungGen: 69616K->1408K(69120K)] 440585K->372377K(588800K), 0.0017507 secs] [Times: user=0.01 sys=0.00, real=0.00 secs] 
2100.492: [GC (Allocation Failure) [PSYoungGen: 68992K->1376K(68608K)] 439961K->372345K(588288K), 0.0017801 secs] [Times: user=0.01 sys=0.00, real=0.00 secs] 
2101.048: [GC (Allocation Failure) [PSYoungGen: 68448K->1344K(68096K)] 439417K->372313K(587776K), 0.0033700 secs] [Times: user=0.01 sys=0.00, real=0.00 secs] 
2101.623: [GC (Allocation Failure) [PSYoungGen: 67904K->1376K(67584K)] 438873K->372345K(587264K), 0.0031419 secs] [Times: user=0.01 sys=0.00, real=0.00 secs] 
2102.011: [GC (Allocation Failure) [PSYoungGen: 67424K->1453K(67072K)] 438393K->372422K(586752K), 0.0021462 secs] [Times: user=0.01 sys=0.00, real=0.00 secs] 
2102.141: [GC (Allocation Failure) [PSYoungGen: 66989K->1549K(67072K)] 437958K->372518K(586752K), 0.0017142 secs] [Times: user=0.01 sys=0.00, real=0.00 secs] 
2102.255: [GC (Allocation Failure) [PSYoungGen: 66573K->477K(65024K)] 437542K->372486K(584704K), 0.0016971 secs] [Times: user=0.01 sys=0.00, real=0.00 secs] 
2102.369: [GC (Allocation Failure) [PSYoungGen: 64989K->493K(71168K)] 436998K->372502K(590848K), 0.0017071 secs] [Times: user=0.01 sys=0.00, real=0.00 secs] 
2102.958: [GC (Allocation Failure) [PSYoungGen: 69101K->1440K(69632K)] 441110K->373449K(589312K), 0.0021647 secs] [Times: user=0.00 sys=0.00, real=0.00 secs] 
2103.459: [GC (Allocation Failure) [PSYoungGen: 69536K->1408K(69120K)] 441545K->373417K(588800K), 0.0022229 secs] [Times: user=0.01 sys=0.00, real=0.00 secs] 
2104.165: [GC (Allocation Failure) [PSYoungGen: 68992K->1376K(68608K)] 441001K->373385K(588288K), 0.0032646 secs] [Times: user=0.01 sys=0.00, real=0.01 secs] 
2104.789: [GC (Allocation Failure) [PSYoungGen: 68448K->1344K(68096K)] 440457K->373353K(587776K), 0.0033478 secs] [Times: user=0.01 sys=0.00, real=0.00 secs] 
2105.223: [GC (Allocation Failure) [PSYoungGen: 67904K->1469K(67584K)] 439913K->373478K(587264K), 0.0022059 secs] [Times: user=0.01 sys=0.00, real=0.00 secs] 
2105.361: [GC (Allocation Failure) [PSYoungGen: 67517K->1533K(67072K)] 439526K->373542K(586752K), 0.0017631 secs] [Times: user=0.01 sys=0.00, real=0.00 secs] 
2105.477: [GC (Allocation Failure) [PSYoungGen: 67069K->1469K(67072K)] 439078K->373478K(586752K), 0.0016168 secs] [Times: user=0.01 sys=0.00, real=0.00 secs] 
2105.591: [GC (Allocation Failure) [PSYoungGen: 66493K->1485K(67584K)] 438502K->373502K(587264K), 0.0015990 secs] [Times: user=0.00 sys=0.00, real=0.00 secs] 
2106.046: [GC (Allocation Failure) [PSYoungGen: 66509K->1424K(66048K)] 438526K->373441K(585728K), 0.0020215 secs] [Times: user=0.01 sys=0.00, real=0.01 secs] 
2106.588: [GC (Allocation Failure) [PSYoungGen: 65936K->1376K(65536K)] 437953K->373393K(585216K), 0.0022058 secs] [Times: user=0.01 sys=0.00, real=0.00 secs] 
2107.485: [GC (Allocation Failure) [PSYoungGen: 65376K->1344K(65024K)] 437393K->373385K(584704K), 0.0031011 secs] [Times: user=0.01 sys=0.00, real=0.01 secs] 
2108.255: [GC (Allocation Failure) [PSYoungGen: 64832K->1408K(64512K)] 436873K->373449K(584192K), 0.0028418 secs] [Times: user=0.01 sys=0.00, real=0.01 secs] 
2108.880: [GC (Allocation Failure) [PSYoungGen: 64384K->1453K(64000K)] 436425K->373494K(583680K), 0.0024155 secs] [Times: user=0.01 sys=0.00, real=0.00 secs] 
2109.039: [GC (Allocation Failure) [PSYoungGen: 63917K->1469K(63488K)] 435958K->373510K(583168K), 0.0016992 secs] [Times: user=0.01 sys=0.00, real=0.00 secs] 
2109.149: [GC (Allocation Failure) [PSYoungGen: 63421K->1469K(62976K)] 435462K->373510K(582656K), 0.0015575 secs] [Times: user=0.01 sys=0.00, real=0.00 secs] 
2109.257: [GC (Allocation Failure) [PSYoungGen: 62909K->1469K(62464K)] 434950K->373526K(582144K), 0.0016214 secs] [Times: user=0.00 sys=0.00, real=0.01 secs] 
2109.367: [GC (Allocation Failure) [PSYoungGen: 62397K->224K(68608K)] 434454K->372281K(588288K), 0.0016538 secs] [Times: user=0.00 sys=0.00, real=0.01 secs] 
2111.718: [GC (Allocation Failure) [PSYoungGen: 67296K->1376K(68096K)] 439353K->373433K(587776K), 0.0042639 secs] [Times: user=0.02 sys=0.00, real=0.00 secs] 
2112.726: [GC (Allocation Failure) [PSYoungGen: 67936K->1344K(67584K)] 439993K->373401K(587264K), 0.0031960 secs] [Times: user=0.01 sys=0.00, real=0.01 secs] 
2113.304: [GC (Allocation Failure) [PSYoungGen: 67392K->1344K(67072K)] 439449K->373401K(586752K), 0.0031431 secs] [Times: user=0.01 sys=0.00, real=0.01 secs] 
2114.026: [GC (Allocation Failure) [PSYoungGen: 66880K->1376K(66560K)] 438937K->373433K(586240K), 0.0029889 secs] [Times: user=0.01 sys=0.00, real=0.01 secs] 
2114.357: [GC (Allocation Failure) [PSYoungGen: 66400K->1421K(66048K)] 438457K->373478K(585728K), 0.0019952 secs] [Times: user=0.01 sys=0.00, real=0.00 secs] 
2114.482: [GC (Allocation Failure) [PSYoungGen: 65933K->1437K(65536K)] 437990K->373494K(585216K), 0.0016310 secs] [Times: user=0.01 sys=0.00, real=0.00 secs] 
2114.596: [GC (Allocation Failure) [PSYoungGen: 65437K->1437K(65024K)] 437494K->373502K(584704K), 0.0016741 secs] [Times: user=0.00 sys=0.00, real=0.01 secs] 
2114.723: [GC (Allocation Failure) [PSYoungGen: 64925K->1453K(65536K)] 436990K->373518K(585216K), 0.0019551 secs] [Times: user=0.01 sys=0.00, real=0.00 secs] 
2115.295: [GC (Allocation Failure) [PSYoungGen: 64941K->1424K(64512K)] 437006K->373489K(584192K), 0.0021497 secs] [Times: user=0.01 sys=0.00, real=0.01 secs] 
2115.894: [GC (Allocation Failure) [PSYoungGen: 64400K->1376K(64000K)] 436465K->373441K(583680K), 0.0025240 secs] [Times: user=0.01 sys=0.00, real=0.00 secs] 
2116.322: [GC (Allocation Failure) [PSYoungGen: 63840K->1344K(63488K)] 435905K->373409K(583168K), 0.0022091 secs] [Times: user=0.01 sys=0.00, real=0.00 secs] 
2116.581: [GC (Allocation Failure) [PSYoungGen: 63296K->1312K(62976K)] 435361K->373377K(582656K), 0.0019078 secs] [Times: user=0.00 sys=0.00, real=0.00 secs] 
2116.844: [GC (Allocation Failure) [PSYoungGen: 62752K->1453K(62464K)] 434817K->373518K(582144K), 0.0015794 secs] [Times: user=0.00 sys=0.00, real=0.00 secs] 
2116.953: [GC (Allocation Failure) [PSYoungGen: 62381K->1469K(61952K)] 434446K->373534K(581632K), 0.0016890 secs] [Times: user=0.00 sys=0.00, real=0.00 secs] 
2117.059: [GC (Allocation Failure) [PSYoungGen: 61885K->1501K(62464K)] 433950K->373574K(582144K), 0.0016839 secs] [Times: user=0.01 sys=0.00, real=0.00 secs] 
2117.181: [GC (Allocation Failure) [PSYoungGen: 61917K->1469K(68096K)] 433990K->373558K(587776K), 0.0019054 secs] [Times: user=0.01 sys=0.00, real=0.00 secs] 
2117.329: [GC (Allocation Failure) [PSYoungGen: 67517K->1440K(68096K)] 439606K->373529K(587776K), 0.0017694 secs] [Times: user=0.00 sys=0.00, real=0.00 secs] 
2117.641: [GC (Allocation Failure) [PSYoungGen: 67488K->1376K(73728K)] 439577K->373465K(593408K), 0.0018955 secs] [Times: user=0.01 sys=0.00, real=0.00 secs] 
2117.975: [GC (Allocation Failure) [PSYoungGen: 73568K->1328K(73216K)] 445657K->373417K(592896K), 0.0020984 secs] [Times: user=0.01 sys=0.00, real=0.01 secs] 
2118.305: [GC (Allocation Failure) [PSYoungGen: 73008K->1376K(72704K)] 445097K->373465K(592384K), 0.0020799 secs] [Times: user=0.01 sys=0.00, real=0.01 secs] 
2118.641: [GC (Allocation Failure) [PSYoungGen: 72544K->1437K(72192K)] 444633K->373526K(591872K), 0.0020843 secs] [Times: user=0.01 sys=0.00, real=0.00 secs] 
2118.777: [GC (Allocation Failure) [PSYoungGen: 72093K->1469K(71680K)] 444182K->373558K(591360K), 0.0017237 secs] [Times: user=0.00 sys=0.01, real=0.00 secs] 
2118.903: [GC (Allocation Failure) [PSYoungGen: 71613K->1469K(72192K)] 443702K->373558K(591872K), 0.0018053 secs] [Times: user=0.01 sys=0.00, real=0.00 secs] 
2119.028: [GC (Allocation Failure) [PSYoungGen: 71613K->1456K(78848K)] 443702K->373553K(598528K), 0.0017236 secs] [Times: user=0.01 sys=0.00, real=0.00 secs] 
2120.548: [GC (Allocation Failure) [PSYoungGen: 78256K->1376K(77824K)] 450353K->373473K(597504K), 0.0045024 secs] [Times: user=0.01 sys=0.00, real=0.00 secs] 
2121.250: [GC (Allocation Failure) [PSYoungGen: 77664K->1376K(77312K)] 449761K->373473K(596992K), 0.0030280 secs] [Times: user=0.01 sys=0.00, real=0.00 secs] 
2121.799: [GC (Allocation Failure) [PSYoungGen: 77152K->1360K(76800K)] 449249K->373457K(596480K), 0.0021879 secs] [Times: user=0.00 sys=0.00, real=0.00 secs] 
2122.114: [GC (Allocation Failure) [PSYoungGen: 76624K->1376K(76288K)] 448721K->373473K(595968K), 0.0020643 secs] [Times: user=0.00 sys=0.00, real=0.00 secs] 
2122.534: [GC (Allocation Failure) [PSYoungGen: 76128K->1469K(75776K)] 448225K->373566K(595456K), 0.0016815 secs] [Times: user=0.00 sys=0.00, real=0.00 secs] 
2122.666: [GC (Allocation Failure) [PSYoungGen: 75709K->1485K(75264K)] 447806K->373582K(594944K), 0.0017205 secs] [Times: user=0.01 sys=0.00, real=0.01 secs] 
2122.815: [GC (Allocation Failure) [PSYoungGen: 75213K->1485K(74752K)] 447310K->373582K(594432K), 0.0019644 secs] [Times: user=0.00 sys=0.00, real=0.01 secs] 
2123.032: [GC (Allocation Failure) [PSYoungGen: 74701K->1472K(74240K)] 446798K->373569K(593920K), 0.0021347 secs] [Times: user=0.01 sys=0.00, real=0.00 secs] 
2123.400: [GC (Allocation Failure) [PSYoungGen: 74176K->1312K(73728K)] 446273K->373409K(593408K), 0.0021720 secs] [Times: user=0.01 sys=0.00, real=0.00 secs] 
2123.916: [GC (Allocation Failure) [PSYoungGen: 73504K->1376K(73216K)] 445601K->373473K(592896K), 0.0029065 secs] [Times: user=0.01 sys=0.00, real=0.01 secs] 
2124.439: [GC (Allocation Failure) [PSYoungGen: 73056K->1344K(72704K)] 445153K->373441K(592384K), 0.0029907 secs] [Times: user=0.02 sys=0.00, real=0.00 secs] 
2124.921: [GC (Allocation Failure) [PSYoungGen: 72512K->1453K(72192K)] 444609K->373550K(591872K), 0.0024081 secs] [Times: user=0.01 sys=0.00, real=0.00 secs] 
2125.077: [GC (Allocation Failure) [PSYoungGen: 72109K->1501K(71680K)] 444206K->373598K(591360K), 0.0017706 secs] [Times: user=0.01 sys=0.00, real=0.00 secs] 
2125.200: [GC (Allocation Failure) [PSYoungGen: 71645K->1517K(71168K)] 443742K->373614K(590848K), 0.0017205 secs] [Times: user=0.01 sys=0.00, real=0.00 secs] 
2125.323: [GC (Allocation Failure) [PSYoungGen: 71149K->1485K(71680K)] 443246K->373582K(591360K), 0.0016869 secs] [Times: user=0.01 sys=0.00, real=0.00 secs] 
2125.835: [GC (Allocation Failure) [PSYoungGen: 71117K->1456K(70656K)] 443214K->373561K(590336K), 0.0018158 secs] [Times: user=0.01 sys=0.00, real=0.00 secs] 
2126.425: [GC (Allocation Failure) [PSYoungGen: 70576K->1344K(70144K)] 442681K->373465K(589824K), 0.0022533 secs] [Times: user=0.01 sys=0.01, real=0.01 secs] 
2126.717: [GC (Allocation Failure) [PSYoungGen: 69952K->1344K(69632K)] 442073K->373465K(589312K), 0.0021460 secs] [Times: user=0.01 sys=0.00, real=0.00 secs] 
2127.189: [GC (Allocation Failure) [PSYoungGen: 69440K->1376K(69120K)] 441561K->373497K(588800K), 0.0022321 secs] [Times: user=0.00 sys=0.00, real=0.00 secs] 
2127.570: [GC (Allocation Failure) [PSYoungGen: 68960K->1424K(68608K)] 441081K->373545K(588288K), 0.0019689 secs] [Times: user=0.01 sys=0.00, real=0.00 secs] 
2127.696: [GC (Allocation Failure) [PSYoungGen: 68496K->1565K(68608K)] 440617K->373686K(588288K), 0.0017976 secs] [Times: user=0.01 sys=0.00, real=0.01 secs] 
2127.813: [GC (Allocation Failure) [PSYoungGen: 68125K->429K(66560K)] 440246K->373574K(586240K), 0.0016617 secs] [Times: user=0.01 sys=0.00, real=0.00 secs] 
2127.930: [GC (Allocation Failure) [PSYoungGen: 66477K->429K(74240K)] 439622K->373582K(593920K), 0.0016660 secs] [Times: user=0.01 sys=0.00, real=0.00 secs] 
2128.493: [GC (Allocation Failure) [PSYoungGen: 72621K->1424K(73216K)] 445774K->374577K(592896K), 0.0021916 secs] [Times: user=0.01 sys=0.00, real=0.00 secs] 
2129.127: [GC (Allocation Failure) [PSYoungGen: 73104K->1344K(72704K)] 446257K->374497K(592384K), 0.0041236 secs] [Times: user=0.02 sys=0.00, real=0.00 secs] 
2129.967: [GC (Allocation Failure) [PSYoungGen: 72512K->1344K(72192K)] 445665K->374497K(591872K), 0.0033468 secs] [Times: user=0.01 sys=0.00, real=0.00 secs] 
2130.530: [GC (Allocation Failure) [PSYoungGen: 72000K->1360K(71680K)] 445153K->374513K(591360K), 0.0028164 secs] [Times: user=0.01 sys=0.00, real=0.00 secs] 
2130.808: [GC (Allocation Failure) [PSYoungGen: 71504K->1421K(71168K)] 444657K->374574K(590848K), 0.0015319 secs] [Times: user=0.00 sys=0.00, real=0.00 secs] 
2130.931: [GC (Allocation Failure) [PSYoungGen: 71053K->1501K(70656K)] 444206K->374654K(590336K), 0.0017202 secs] [Times: user=0.00 sys=0.00, real=0.00 secs] 
2131.054: [GC (Allocation Failure) [PSYoungGen: 70621K->1501K(70144K)] 443774K->374654K(589824K), 0.0016115 secs] [Times: user=0.01 sys=0.00, real=0.00 secs] 
2131.175: [GC (Allocation Failure) [PSYoungGen: 69925K->224K(71168K)] 443078K->373377K(590848K), 0.0016161 secs] [Times: user=0.00 sys=0.00, real=0.00 secs] 
2131.896: [GC (Allocation Failure) [PSYoungGen: 69344K->1344K(70144K)] 442497K->374497K(589824K), 0.0023709 secs] [Times: user=0.01 sys=0.00, real=0.01 secs] 
2132.346: [GC (Allocation Failure) [PSYoungGen: 69952K->1376K(69632K)] 443105K->374529K(589312K), 0.0021724 secs] [Times: user=0.01 sys=0.00, real=0.01 secs] 
2132.629: [GC (Allocation Failure) [PSYoungGen: 69472K->1344K(69120K)] 442625K->374497K(588800K), 0.0019494 secs] [Times: user=0.01 sys=0.00, real=0.00 secs] 
2133.057: [GC (Allocation Failure) [PSYoungGen: 68928K->1376K(68608K)] 442081K->374529K(588288K), 0.0020835 secs] [Times: user=0.01 sys=0.00, real=0.00 secs] 
2133.250: [GC (Allocation Failure) [PSYoungGen: 68448K->1469K(68096K)] 441601K->374622K(587776K), 0.0015529 secs] [Times: user=0.00 sys=0.00, real=0.00 secs] 
2133.368: [GC (Allocation Failure) [PSYoungGen: 68029K->1517K(67584K)] 441182K->374670K(587264K), 0.0018274 secs] [Times: user=0.00 sys=0.00, real=0.00 secs] 
2133.486: [GC (Allocation Failure) [PSYoungGen: 67565K->1501K(73728K)] 440718K->374654K(593408K), 0.0016994 secs] [Times: user=0.00 sys=0.00, real=0.01 secs] 
2133.801: [GC (Allocation Failure) [PSYoungGen: 73693K->1696K(73728K)] 446846K->374865K(593408K), 0.0021845 secs] [Times: user=0.00 sys=0.00, real=0.00 secs] 
2135.250: [GC (Allocation Failure) [PSYoungGen: 73376K->1376K(72704K)] 446545K->374545K(592384K), 0.0032659 secs] [Times: user=0.01 sys=0.00, real=0.00 secs] 
2135.988: [GC (Allocation Failure) [PSYoungGen: 72544K->1344K(72192K)] 445713K->374513K(591872K), 0.0027357 secs] [Times: user=0.01 sys=0.01, real=0.00 secs] 
2136.544: [GC (Allocation Failure) [PSYoungGen: 72000K->1376K(71680K)] 445169K->374545K(591360K), 0.0020352 secs] [Times: user=0.01 sys=0.00, real=0.00 secs] 
2137.065: [GC (Allocation Failure) [PSYoungGen: 71520K->1453K(71168K)] 444689K->374622K(590848K), 0.0024088 secs] [Times: user=0.01 sys=0.00, real=0.01 secs] 
2137.263: [GC (Allocation Failure) [PSYoungGen: 71085K->1453K(70656K)] 444254K->374622K(590336K), 0.0022255 secs] [Times: user=0.00 sys=0.00, real=0.00 secs] 
2137.401: [GC (Allocation Failure) [PSYoungGen: 70573K->1485K(70144K)] 443742K->374654K(589824K), 0.0017156 secs] [Times: user=0.01 sys=0.00, real=0.00 secs] 
2137.538: [GC (Allocation Failure) [PSYoungGen: 70076K->1453K(69632K)] 443245K->374630K(589312K), 0.0019265 secs] [Times: user=0.00 sys=0.00, real=0.00 secs] 
2137.960: [GC (Allocation Failure) [PSYoungGen: 69549K->1424K(69120K)] 442726K->374617K(588800K), 0.0034389 secs] [Times: user=0.01 sys=0.00, real=0.00 secs] 
2138.967: [GC (Allocation Failure) [PSYoungGen: 69008K->1328K(68608K)] 442201K->374521K(588288K), 0.0037205 secs] [Times: user=0.02 sys=0.00, real=0.00 secs] 
2139.943: [GC (Allocation Failure) [PSYoungGen: 68400K->1360K(68096K)] 441593K->374553K(587776K), 0.0068507 secs] [Times: user=0.03 sys=0.00, real=0.01 secs] 
2140.617: [GC (Allocation Failure) [PSYoungGen: 67920K->1408K(67584K)] 441113K->374601K(587264K), 0.0026464 secs] [Times: user=0.01 sys=0.00, real=0.00 secs] 
2141.097: [GC (Allocation Failure) [PSYoungGen: 67456K->1469K(67072K)] 440649K->374662K(586752K), 0.0022742 secs] [Times: user=0.00 sys=0.00, real=0.00 secs] 
2141.254: [GC (Allocation Failure) [PSYoungGen: 67005K->1501K(66560K)] 440198K->374694K(586240K), 0.0016512 secs] [Times: user=0.01 sys=0.00, real=0.00 secs] 
2141.368: [GC (Allocation Failure) [PSYoungGen: 66525K->1488K(66048K)] 439718K->374681K(585728K), 0.0019555 secs] [Times: user=0.01 sys=0.00, real=0.00 secs] 
2141.482: [GC (Allocation Failure) [PSYoungGen: 66000K->1501K(66560K)] 439193K->374702K(586240K), 0.0022413 secs] [Times: user=0.01 sys=0.00, real=0.00 secs] 
2141.746: [GC (Allocation Failure) [PSYoungGen: 66525K->1376K(67072K)] 439726K->374577K(586752K), 0.0019726 secs] [Times: user=0.01 sys=0.00, real=0.01 secs] 
2142.094: [GC (Allocation Failure) [PSYoungGen: 66400K->1408K(66048K)] 439601K->374609K(585728K), 0.0020015 secs] [Times: user=0.01 sys=0.00, real=0.00 secs] 
2142.510: [GC (Allocation Failure) [PSYoungGen: 65920K->1344K(65536K)] 439121K->374545K(585216K), 0.0021576 secs] [Times: user=0.01 sys=0.00, real=0.00 secs] 
2142.975: [GC (Allocation Failure) [PSYoungGen: 65344K->1392K(65024K)] 438545K->374593K(584704K), 0.0021053 secs] [Times: user=0.01 sys=0.00, real=0.01 secs] 
2143.564: [GC (Allocation Failure) [PSYoungGen: 64880K->1344K(64512K)] 438081K->374545K(584192K), 0.0031185 secs] [Times: user=0.01 sys=0.00, real=0.01 secs] 
2143.944: [GC (Allocation Failure) [PSYoungGen: 64320K->1469K(64000K)] 437521K->374670K(583680K), 0.0021011 secs] [Times: user=0.00 sys=0.00, real=0.00 secs] 
2144.077: [GC (Allocation Failure) [PSYoungGen: 63932K->1485K(63488K)] 437133K->374686K(583168K), 0.0020081 secs] [Times: user=0.01 sys=0.00, real=0.01 secs] 
2144.186: [GC (Allocation Failure) [PSYoungGen: 63437K->1437K(62976K)] 436638K->374654K(582656K), 0.0015843 secs] [Times: user=0.00 sys=0.00, real=0.01 secs] 
2144.294: [GC (Allocation Failure) [PSYoungGen: 62877K->1549K(69632K)] 436094K->374766K(589312K), 0.0016971 secs] [Times: user=0.01 sys=0.00, real=0.00 secs] 
2145.016: [GC (Allocation Failure) [PSYoungGen: 69133K->1376K(68608K)] 442350K->374593K(588288K), 0.0019870 secs] [Times: user=0.01 sys=0.00, real=0.01 secs] 
2145.929: [GC (Allocation Failure) [PSYoungGen: 68448K->1392K(68096K)] 441665K->374609K(587776K), 0.0085127 secs] [Times: user=0.03 sys=0.00, real=0.01 secs] 
2146.964: [GC (Allocation Failure) [PSYoungGen: 67952K->1376K(67584K)] 441169K->374593K(587264K), 0.0028755 secs] [Times: user=0.01 sys=0.00, real=0.01 secs] 
2147.963: [GC (Allocation Failure) [PSYoungGen: 67424K->1376K(67072K)] 440641K->374617K(586752K), 0.0030804 secs] [Times: user=0.01 sys=0.00, real=0.00 secs] 
2148.573: [GC (Allocation Failure) [PSYoungGen: 66912K->1405K(66560K)] 440153K->374646K(586240K), 0.0022625 secs] [Times: user=0.00 sys=0.00, real=0.00 secs] 
2148.713: [GC (Allocation Failure) [PSYoungGen: 66429K->1501K(66048K)] 439670K->374742K(585728K), 0.0017416 secs] [Times: user=0.01 sys=0.00, real=0.00 secs] 
2148.826: [GC (Allocation Failure) [PSYoungGen: 66013K->1485K(65536K)] 439254K->374742K(585216K), 0.0016341 secs] [Times: user=0.00 sys=0.00, real=0.01 secs] 
2148.940: [GC (Allocation Failure) [PSYoungGen: 65485K->1485K(66560K)] 438742K->374742K(586240K), 0.0016759 secs] [Times: user=0.01 sys=0.00, real=0.00 secs] 
2149.307: [GC (Allocation Failure) [PSYoungGen: 65997K->1456K(65536K)] 439254K->374713K(585216K), 0.0019391 secs] [Times: user=0.00 sys=0.01, real=0.00 secs] 
2149.865: [GC (Allocation Failure) [PSYoungGen: 65456K->1376K(65024K)] 438713K->374633K(584704K), 0.0023126 secs] [Times: user=0.01 sys=0.01, real=0.01 secs] 
2150.459: [GC (Allocation Failure) [PSYoungGen: 64864K->1376K(64512K)] 438121K->374633K(584192K), 0.0020478 secs] [Times: user=0.00 sys=0.00, real=0.00 secs] 
2151.128: [GC (Allocation Failure) [PSYoungGen: 64352K->1344K(64000K)] 437609K->374601K(583680K), 0.0026316 secs] [Times: user=0.01 sys=0.00, real=0.00 secs] 
2151.855: [GC (Allocation Failure) [PSYoungGen: 63808K->1405K(63488K)] 437065K->374662K(583168K), 0.0026575 secs] [Times: user=0.01 sys=0.00, real=0.01 secs] 
2152.026: [GC (Allocation Failure) [PSYoungGen: 63357K->1469K(62976K)] 436614K->374726K(582656K), 0.0017316 secs] [Times: user=0.01 sys=0.00, real=0.01 secs] 
2152.135: [GC (Allocation Failure) [PSYoungGen: 62909K->1485K(62464K)] 436166K->374742K(582144K), 0.0016771 secs] [Times: user=0.01 sys=0.00, real=0.00 secs] 
2152.242: [GC (Allocation Failure) [PSYoungGen: 62413K->1469K(68608K)] 435670K->374734K(588288K), 0.0016719 secs] [Times: user=0.00 sys=0.01, real=0.00 secs] 
2152.359: [GC (Allocation Failure) [PSYoungGen: 68029K->1469K(68608K)] 441294K->374734K(588288K), 0.0017003 secs] [Times: user=0.00 sys=0.00, real=0.00 secs] 
2152.923: [GC (Allocation Failure) [PSYoungGen: 68029K->1408K(67584K)] 441294K->374673K(587264K), 0.0022459 secs] [Times: user=0.01 sys=0.00, real=0.00 secs] 
2153.483: [GC (Allocation Failure) [PSYoungGen: 67456K->1360K(67072K)] 440721K->374625K(586752K), 0.0033950 secs] [Times: user=0.02 sys=0.00, real=0.00 secs] 
2154.008: [GC (Allocation Failure) [PSYoungGen: 66896K->1408K(66560K)] 440161K->374673K(586240K), 0.0031312 secs] [Times: user=0.01 sys=0.00, real=0.00 secs] 
2154.589: [GC (Allocation Failure) [PSYoungGen: 66432K->1376K(66048K)] 439697K->374641K(585728K), 0.0028357 secs] [Times: user=0.01 sys=0.00, real=0.00 secs] 
2154.937: [GC (Allocation Failure) [PSYoungGen: 65888K->1453K(65536K)] 439153K->374718K(585216K), 0.0020051 secs] [Times: user=0.01 sys=0.00, real=0.00 secs] 
2155.093: [GC (Allocation Failure) [PSYoungGen: 65453K->1469K(65024K)] 438718K->374734K(584704K), 0.0019956 secs] [Times: user=0.01 sys=0.01, real=0.00 secs] 
2155.242: [GC (Allocation Failure) [PSYoungGen: 64957K->1485K(64512K)] 438222K->374758K(584192K), 0.0021377 secs] [Times: user=0.01 sys=0.00, real=0.00 secs] 
2155.386: [GC (Allocation Failure) [PSYoungGen: 64461K->1469K(64000K)] 437734K->374742K(583680K), 0.0016653 secs] [Times: user=0.01 sys=0.00, real=0.01 secs] 
2155.775: [GC (Allocation Failure) [PSYoungGen: 63933K->1392K(63488K)] 437206K->374665K(583168K), 0.0026796 secs] [Times: user=0.01 sys=0.00, real=0.01 secs] 
2156.341: [GC (Allocation Failure) [PSYoungGen: 63344K->1376K(62976K)] 436617K->374649K(582656K), 0.0023286 secs] [Times: user=0.01 sys=0.00, real=0.00 secs] 
2156.725: [GC (Allocation Failure) [PSYoungGen: 62816K->1328K(62464K)] 436089K->374625K(582144K), 0.0021793 secs] [Times: user=0.01 sys=0.00, real=0.01 secs] 
2156.984: [GC (Allocation Failure) [PSYoungGen: 62256K->1344K(61952K)] 435553K->374641K(581632K), 0.0021043 secs] [Times: user=0.01 sys=0.00, real=0.00 secs] 
2157.235: [GC (Allocation Failure) [PSYoungGen: 61760K->1344K(61440K)] 435057K->374641K(581120K), 0.0020632 secs] [Times: user=0.01 sys=0.01, real=0.01 secs] 
2157.380: [GC (Allocation Failure) [PSYoungGen: 61248K->1517K(61952K)] 434545K->374814K(581632K), 0.0016719 secs] [Times: user=0.00 sys=0.00, real=0.00 secs] 
2157.486: [GC (Allocation Failure) [PSYoungGen: 61421K->1501K(61952K)] 434718K->374798K(581632K), 0.0016620 secs] [Times: user=0.00 sys=0.00, real=0.01 secs] 
2157.591: [GC (Allocation Failure) [PSYoungGen: 61405K->1469K(67584K)] 434702K->374774K(587264K), 0.0016714 secs] [Times: user=0.00 sys=0.00, real=0.00 secs] 
2157.706: [GC (Allocation Failure) [PSYoungGen: 66997K->1469K(67584K)] 440303K->374774K(587264K), 0.0016862 secs] [Times: user=0.01 sys=0.00, real=0.01 secs] 
2158.191: [GC (Allocation Failure) [PSYoungGen: 67005K->1456K(73216K)] 440310K->374761K(592896K), 0.0022564 secs] [Times: user=0.00 sys=0.00, real=0.00 secs] 
2158.826: [GC (Allocation Failure) [PSYoungGen: 73136K->1344K(72704K)] 446441K->374649K(592384K), 0.0024185 secs] [Times: user=0.00 sys=0.00, real=0.01 secs] 
2159.517: [GC (Allocation Failure) [PSYoungGen: 72512K->1360K(72192K)] 445817K->374665K(591872K), 0.0026245 secs] [Times: user=0.01 sys=0.00, real=0.00 secs] 
2160.253: [GC (Allocation Failure) [PSYoungGen: 72016K->1344K(71680K)] 445321K->374649K(591360K), 0.0029060 secs] [Times: user=0.02 sys=0.00, real=0.00 secs] 
2160.576: [GC (Allocation Failure) [PSYoungGen: 71488K->1437K(71168K)] 444793K->374742K(590848K), 0.0020992 secs] [Times: user=0.01 sys=0.00, real=0.01 secs] 
2160.704: [GC (Allocation Failure) [PSYoungGen: 71069K->1469K(70656K)] 444374K->374774K(590336K), 0.0016580 secs] [Times: user=0.01 sys=0.00, real=0.00 secs] 
2160.827: [GC (Allocation Failure) [PSYoungGen: 70589K->1485K(70144K)] 443894K->374806K(589824K), 0.0016735 secs] [Times: user=0.01 sys=0.00, real=0.00 secs] 
2160.948: [GC (Allocation Failure) [PSYoungGen: 70042K->256K(70656K)] 443363K->373577K(590336K), 0.0016654 secs] [Times: user=0.00 sys=0.01, real=0.00 secs] 
2161.810: [GC (Allocation Failure) [PSYoungGen: 68864K->1376K(69632K)] 442185K->374697K(589312K), 0.0036633 secs] [Times: user=0.01 sys=0.00, real=0.00 secs] 
2162.428: [GC (Allocation Failure) [PSYoungGen: 69472K->1376K(69120K)] 442793K->374697K(588800K), 0.0028619 secs] [Times: user=0.01 sys=0.01, real=0.00 secs] 
2162.944: [GC (Allocation Failure) [PSYoungGen: 68960K->1376K(68608K)] 442281K->374697K(588288K), 0.0026384 secs] [Times: user=0.00 sys=0.00, real=0.00 secs] 
2163.481: [GC (Allocation Failure) [PSYoungGen: 68448K->1360K(68096K)] 441769K->374681K(587776K), 0.0023933 secs] [Times: user=0.01 sys=0.00, real=0.00 secs] 
2163.708: [GC (Allocation Failure) [PSYoungGen: 67920K->1472K(67584K)] 441241K->374793K(587264K), 0.0015066 secs] [Times: user=0.01 sys=0.00, real=0.00 secs] 
2163.824: [GC (Allocation Failure) [PSYoungGen: 67520K->1549K(67584K)] 440841K->374870K(587264K), 0.0017251 secs] [Times: user=0.00 sys=0.00, real=0.00 secs] 
2163.941: [GC (Allocation Failure) [PSYoungGen: 67085K->493K(72704K)] 440406K->374838K(592384K), 0.0018230 secs] [Times: user=0.01 sys=0.00, real=0.00 secs] 
2164.086: [GC (Allocation Failure) [PSYoungGen: 72173K->1408K(73728K)] 446518K->375761K(593408K), 0.0019175 secs] [Times: user=0.01 sys=0.00, real=0.01 secs] 
2164.550: [GC (Allocation Failure) [PSYoungGen: 73088K->1344K(72704K)] 447441K->375697K(592384K), 0.0023939 secs] [Times: user=0.01 sys=0.00, real=0.00 secs] 
2164.881: [GC (Allocation Failure) [PSYoungGen: 72512K->1344K(72192K)] 446865K->375697K(591872K), 0.0022760 secs] [Times: user=0.01 sys=0.00, real=0.00 secs] 
2165.464: [GC (Allocation Failure) [PSYoungGen: 72000K->1376K(71680K)] 446353K->375729K(591360K), 0.0025448 secs] [Times: user=0.01 sys=0.00, real=0.00 secs] 
2166.013: [GC (Allocation Failure) [PSYoungGen: 71520K->1440K(71168K)] 445873K->375793K(590848K), 0.0028645 secs] [Times: user=0.01 sys=0.00, real=0.00 secs] 
2166.187: [GC (Allocation Failure) [PSYoungGen: 71072K->1485K(70656K)] 445425K->375838K(590336K), 0.0016158 secs] [Times: user=0.01 sys=0.00, real=0.00 secs] 
2166.310: [GC (Allocation Failure) [PSYoungGen: 70605K->1581K(70656K)] 444958K->375934K(590336K), 0.0017076 secs] [Times: user=0.00 sys=0.00, real=0.00 secs] 
2166.431: [GC (Allocation Failure) [PSYoungGen: 70184K->445K(76800K)] 444537K->375830K(596480K), 0.0026007 secs] [Times: user=0.01 sys=0.00, real=0.00 secs] 
2166.966: [GC (Allocation Failure) [PSYoungGen: 76221K->1440K(77824K)] 451606K->376841K(597504K), 0.0023585 secs] [Times: user=0.01 sys=0.00, real=0.01 secs] 
2167.618: [GC (Allocation Failure) [PSYoungGen: 77216K->1376K(76800K)] 452617K->376777K(596480K), 0.0027209 secs] [Times: user=0.01 sys=0.01, real=0.00 secs] 
2168.397: [GC (Allocation Failure) [PSYoungGen: 76640K->1376K(76288K)] 452041K->376777K(595968K), 0.0030646 secs] [Times: user=0.01 sys=0.00, real=0.00 secs] 
2168.992: [GC (Allocation Failure) [PSYoungGen: 76128K->1376K(75776K)] 451529K->376777K(595456K), 0.0020579 secs] [Times: user=0.01 sys=0.00, real=0.00 secs] 
2169.255: [GC (Allocation Failure) [PSYoungGen: 75616K->1501K(75264K)] 451017K->376902K(594944K), 0.0017801 secs] [Times: user=0.01 sys=0.00, real=0.01 secs] 
2169.385: [GC (Allocation Failure) [PSYoungGen: 75229K->1469K(74752K)] 450630K->376870K(594432K), 0.0016689 secs] [Times: user=0.01 sys=0.00, real=0.01 secs] 
2169.537: [GC (Allocation Failure) [PSYoungGen: 74685K->1501K(74240K)] 450086K->376902K(593920K), 0.0021451 secs] [Times: user=0.01 sys=0.01, real=0.00 secs] 
2170.098: [GC (Allocation Failure) [PSYoungGen: 74205K->896K(73216K)] 449606K->377321K(592896K), 0.0050778 secs] [Times: user=0.02 sys=0.01, real=0.00 secs] 
2171.677: [GC (Allocation Failure) [PSYoungGen: 73088K->352K(72192K)] 449513K->376777K(591872K), 0.0029589 secs] [Times: user=0.01 sys=0.00, real=0.00 secs] 
2172.567: [GC (Allocation Failure) [PSYoungGen: 72032K->352K(71680K)] 448457K->376777K(591360K), 0.0043914 secs] [Times: user=0.02 sys=0.00, real=0.00 secs] 
2173.337: [GC (Allocation Failure) [PSYoungGen: 71520K->352K(73216K)] 447945K->376777K(592896K), 0.0027409 secs] [Times: user=0.01 sys=0.00, real=0.00 secs] 
2173.898: [GC (Allocation Failure) [PSYoungGen: 71008K->1437K(71680K)] 447433K->377862K(591360K), 0.0025849 secs] [Times: user=0.01 sys=0.00, real=0.00 secs] 
2174.061: [GC (Allocation Failure) [PSYoungGen: 71581K->1469K(71168K)] 448006K->377894K(590848K), 0.0017713 secs] [Times: user=0.00 sys=0.00, real=0.00 secs] 
2174.184: [GC (Allocation Failure) [PSYoungGen: 71101K->1501K(70656K)] 447526K->377926K(590336K), 0.0018001 secs] [Times: user=0.01 sys=0.00, real=0.00 secs] 
2174.306: [GC (Allocation Failure) [PSYoungGen: 70621K->1469K(70144K)] 447046K->377894K(589824K), 0.0017162 secs] [Times: user=0.01 sys=0.00, real=0.01 secs] 
2174.529: [GC (Allocation Failure) [PSYoungGen: 70077K->1408K(69632K)] 446502K->377833K(589312K), 0.0018042 secs] [Times: user=0.00 sys=0.00, real=0.00 secs] 
2174.811: [GC (Allocation Failure) [PSYoungGen: 69504K->1424K(69120K)] 445929K->377857K(588800K), 0.0017655 secs] [Times: user=0.00 sys=0.00, real=0.00 secs] 
2175.146: [GC (Allocation Failure) [PSYoungGen: 69008K->1376K(68608K)] 445441K->377809K(588288K), 0.0017898 secs] [Times: user=0.01 sys=0.00, real=0.01 secs] 
2175.619: [GC (Allocation Failure) [PSYoungGen: 68448K->1376K(68096K)] 444881K->377809K(587776K), 0.0028706 secs] [Times: user=0.01 sys=0.00, real=0.00 secs] 
2176.044: [GC (Allocation Failure) [PSYoungGen: 67933K->1453K(67584K)] 444366K->377902K(587264K), 0.0022810 secs] [Times: user=0.01 sys=0.00, real=0.00 secs] 
2176.219: [GC (Allocation Failure) [PSYoungGen: 67501K->1453K(67072K)] 443950K->377902K(586752K), 0.0032575 secs] [Times: user=0.02 sys=0.00, real=0.00 secs] 
2176.366: [GC (Allocation Failure) [PSYoungGen: 66989K->1469K(66560K)] 443438K->377918K(586240K), 0.0017994 secs] [Times: user=0.01 sys=0.00, real=0.01 secs] 
2176.482: [GC (Allocation Failure) [PSYoungGen: 66493K->1469K(67584K)] 442942K->377926K(587264K), 0.0017789 secs] [Times: user=0.01 sys=0.00, real=0.00 secs] 
2177.644: [GC (Allocation Failure) [PSYoungGen: 67005K->1424K(66560K)] 443462K->377897K(586240K), 0.0027619 secs] [Times: user=0.01 sys=0.00, real=0.00 secs] 
2178.365: [GC (Allocation Failure) [PSYoungGen: 66448K->1344K(66048K)] 442921K->377817K(585728K), 0.0024833 secs] [Times: user=0.01 sys=0.00, real=0.01 secs] 
2179.148: [GC (Allocation Failure) [PSYoungGen: 65856K->1376K(65536K)] 442329K->377849K(585216K), 0.0029585 secs] [Times: user=0.01 sys=0.00, real=0.00 secs] 
2180.029: [GC (Allocation Failure) [PSYoungGen: 65376K->1376K(65024K)] 441849K->377849K(584704K), 0.0033374 secs] [Times: user=0.01 sys=0.00, real=0.00 secs] 
2181.139: [GC (Allocation Failure) [PSYoungGen: 64864K->1376K(64512K)] 441337K->377849K(584192K), 0.0040636 secs] [Times: user=0.02 sys=0.00, real=0.00 secs] 
2181.348: [GC (Allocation Failure) [PSYoungGen: 64352K->1533K(64000K)] 440825K->378006K(583680K), 0.0020765 secs] [Times: user=0.01 sys=0.00, real=0.00 secs] 
2181.467: [GC (Allocation Failure) [PSYoungGen: 63997K->1501K(63488K)] 440470K->377974K(583168K), 0.0015771 secs] [Times: user=0.01 sys=0.00, real=0.01 secs] 
2181.576: [GC (Allocation Failure) [PSYoungGen: 63445K->1469K(70144K)] 439918K->377950K(589824K), 0.0017198 secs] [Times: user=0.01 sys=0.00, real=0.01 secs] 
2181.714: [GC (Allocation Failure) [PSYoungGen: 69565K->1485K(70144K)] 446046K->377966K(589824K), 0.0019624 secs] [Times: user=0.01 sys=0.00, real=0.00 secs] 
2182.390: [GC (Allocation Failure) [PSYoungGen: 69581K->1408K(69120K)] 446062K->377889K(588800K), 0.0023249 secs] [Times: user=0.01 sys=0.00, real=0.00 secs] 
2182.682: [GC (Allocation Failure) [PSYoungGen: 68992K->1344K(68608K)] 445473K->377825K(588288K), 0.0027985 secs] [Times: user=0.01 sys=0.00, real=0.00 secs] 
2183.168: [GC (Allocation Failure) [PSYoungGen: 68416K->1376K(68096K)] 444897K->377857K(587776K), 0.0025946 secs] [Times: user=0.01 sys=0.00, real=0.00 secs] 
2183.900: [GC (Allocation Failure) [PSYoungGen: 67936K->1376K(67584K)] 444417K->377857K(587264K), 0.0031669 secs] [Times: user=0.01 sys=0.00, real=0.00 secs] 
2184.257: [GC (Allocation Failure) [PSYoungGen: 67424K->1472K(67072K)] 443905K->377953K(586752K), 0.0020633 secs] [Times: user=0.01 sys=0.00, real=0.00 secs] 
2184.384: [GC (Allocation Failure) [PSYoungGen: 67008K->1501K(66560K)] 443489K->377982K(586240K), 0.0017456 secs] [Times: user=0.00 sys=0.00, real=0.00 secs] 
2184.499: [GC (Allocation Failure) [PSYoungGen: 66525K->1501K(67072K)] 443006K->377998K(586752K), 0.0017808 secs] [Times: user=0.01 sys=0.00, real=0.00 secs] 
2184.614: [GC (Allocation Failure) [PSYoungGen: 66525K->1565K(73216K)] 443022K->378062K(592896K), 0.0016455 secs] [Times: user=0.00 sys=0.00, real=0.00 secs] 
2186.144: [GC (Allocation Failure) [PSYoungGen: 72733K->1440K(72192K)] 449230K->377937K(591872K), 0.0022999 secs] [Times: user=0.01 sys=0.00, real=0.00 secs] 
2187.439: [GC (Allocation Failure) [PSYoungGen: 72096K->1344K(71680K)] 448593K->377841K(591360K), 0.0033273 secs] [Times: user=0.01 sys=0.00, real=0.00 secs] 
2189.004: [GC (Allocation Failure) [PSYoungGen: 71488K->1376K(71168K)] 447985K->377873K(590848K), 0.0047725 secs] [Times: user=0.01 sys=0.00, real=0.01 secs] 
2189.980: [GC (Allocation Failure) [PSYoungGen: 71008K->1376K(70656K)] 447505K->377905K(590336K), 0.0029328 secs] [Times: user=0.01 sys=0.00, real=0.00 secs] 
2190.240: [GC (Allocation Failure) [PSYoungGen: 70496K->1469K(70144K)] 447025K->377998K(589824K), 0.0017387 secs] [Times: user=0.01 sys=0.00, real=0.00 secs] 
2190.360: [GC (Allocation Failure) [PSYoungGen: 70070K->1469K(69632K)] 446599K->377998K(589312K), 0.0017385 secs] [Times: user=0.01 sys=0.00, real=0.00 secs] 
2190.481: [GC (Allocation Failure) [PSYoungGen: 69565K->1469K(69120K)] 446094K->377998K(588800K), 0.0017116 secs] [Times: user=0.01 sys=0.00, real=0.00 secs] 
2190.721: [GC (Allocation Failure) [PSYoungGen: 69053K->1696K(69120K)] 445582K->378233K(588800K), 0.0020408 secs] [Times: user=0.00 sys=0.00, real=0.00 secs] 
2191.032: [GC (Allocation Failure) [PSYoungGen: 68768K->1328K(68096K)] 445305K->377865K(587776K), 0.0021393 secs] [Times: user=0.01 sys=0.00, real=0.00 secs] 
2191.322: [GC (Allocation Failure) [PSYoungGen: 67888K->1344K(67584K)] 444425K->377881K(587264K), 0.0020148 secs] [Times: user=0.01 sys=0.00, real=0.00 secs] 
2191.608: [GC (Allocation Failure) [PSYoungGen: 67392K->1376K(67072K)] 443929K->377913K(586752K), 0.0021663 secs] [Times: user=0.01 sys=0.00, real=0.00 secs] 
2191.894: [GC (Allocation Failure) [PSYoungGen: 66912K->1376K(66560K)] 443449K->377913K(586240K), 0.0020268 secs] [Times: user=0.01 sys=0.00, real=0.00 secs] 
2192.200: [GC (Allocation Failure) [PSYoungGen: 66400K->1424K(66048K)] 442937K->377961K(585728K), 0.0017778 secs] [Times: user=0.01 sys=0.00, real=0.00 secs] 
2192.315: [GC (Allocation Failure) [PSYoungGen: 65936K->1517K(65536K)] 442473K->378054K(585216K), 0.0017224 secs] [Times: user=0.01 sys=0.00, real=0.00 secs] 
2192.429: [GC (Allocation Failure) [PSYoungGen: 65505K->1549K(66560K)] 442042K->378086K(586240K), 0.0016019 secs] [Times: user=0.00 sys=0.00, real=0.00 secs] 
2192.545: [GC (Allocation Failure) [PSYoungGen: 66061K->1424K(72192K)] 442598K->377969K(591872K), 0.0016901 secs] [Times: user=0.01 sys=0.00, real=0.00 secs] 
2194.117: [GC (Allocation Failure) [PSYoungGen: 71568K->1392K(71168K)] 448113K->377937K(590848K), 0.0038473 secs] [Times: user=0.01 sys=0.00, real=0.01 secs] 
2194.801: [GC (Allocation Failure) [PSYoungGen: 71024K->1344K(70656K)] 447569K->377889K(590336K), 0.0024618 secs] [Times: user=0.00 sys=0.00, real=0.00 secs] 
2195.583: [GC (Allocation Failure) [PSYoungGen: 70464K->1376K(70144K)] 447009K->377921K(589824K), 0.0030091 secs] [Times: user=0.01 sys=0.00, real=0.00 secs] 
2196.417: [GC (Allocation Failure) [PSYoungGen: 69984K->1376K(69632K)] 446529K->377921K(589312K), 0.0029735 secs] [Times: user=0.01 sys=0.00, real=0.00 secs] 
2196.765: [GC (Allocation Failure) [PSYoungGen: 69472K->1501K(69120K)] 446017K->378046K(588800K), 0.0020916 secs] [Times: user=0.01 sys=0.00, real=0.01 secs] 
2196.894: [GC (Allocation Failure) [PSYoungGen: 69085K->1469K(68608K)] 445630K->378014K(588288K), 0.0016643 secs] [Times: user=0.01 sys=0.00, real=0.00 secs] 
2197.012: [GC (Allocation Failure) [PSYoungGen: 68536K->1533K(68096K)] 445081K->378094K(587776K), 0.0017598 secs] [Times: user=0.00 sys=0.00, real=0.00 secs] 
2197.129: [GC (Allocation Failure) [PSYoungGen: 68093K->1469K(68608K)] 444654K->378030K(588288K), 0.0016654 secs] [Times: user=0.01 sys=0.00, real=0.00 secs] 
2198.070: [GC (Allocation Failure) [PSYoungGen: 68029K->1408K(67584K)] 444590K->377985K(587264K), 0.0025258 secs] [Times: user=0.01 sys=0.00, real=0.00 secs] 
2198.882: [GC (Allocation Failure) [PSYoungGen: 67456K->1376K(67072K)] 444033K->377953K(586752K), 0.0026449 secs] [Times: user=0.01 sys=0.00, real=0.00 secs] 
2199.719: [GC (Allocation Failure) [PSYoungGen: 66912K->1312K(66560K)] 443489K->377889K(586240K), 0.0031146 secs] [Times: user=0.01 sys=0.00, real=0.00 secs] 
2201.025: [GC (Allocation Failure) [PSYoungGen: 66336K->1344K(66048K)] 442913K->377921K(585728K), 0.0039505 secs] [Times: user=0.02 sys=0.00, real=0.01 secs] 
2201.856: [GC (Allocation Failure) [PSYoungGen: 65856K->1437K(65536K)] 442433K->378014K(585216K), 0.0027182 secs] [Times: user=0.01 sys=0.00, real=0.01 secs] 
2202.002: [GC (Allocation Failure) [PSYoungGen: 65437K->1501K(65024K)] 442014K->378078K(584704K), 0.0017902 secs] [Times: user=0.01 sys=0.00, real=0.00 secs] 
2202.114: [GC (Allocation Failure) [PSYoungGen: 64989K->1469K(64512K)] 441566K->378046K(584192K), 0.0017524 secs] [Times: user=0.01 sys=0.00, real=0.00 secs] 
2202.225: [GC (Allocation Failure) [PSYoungGen: 64445K->1437K(65024K)] 441022K->378022K(584704K), 0.0017724 secs] [Times: user=0.00 sys=0.00, real=0.00 secs] 
2203.059: [GC (Allocation Failure) [PSYoungGen: 64413K->1392K(64000K)] 440998K->377977K(583680K), 0.0039712 secs] [Times: user=0.01 sys=0.01, real=0.00 secs] 
2203.770: [GC (Allocation Failure) [PSYoungGen: 63856K->1344K(63488K)] 440441K->377929K(583168K), 0.0028683 secs] [Times: user=0.02 sys=0.00, real=0.00 secs] 
2204.290: [GC (Allocation Failure) [PSYoungGen: 63296K->1408K(62976K)] 439881K->377993K(582656K), 0.0029847 secs] [Times: user=0.01 sys=0.00, real=0.00 secs] 
2205.010: [GC (Allocation Failure) [PSYoungGen: 62848K->1376K(62464K)] 439433K->377961K(582144K), 0.0025699 secs] [Times: user=0.01 sys=0.00, real=0.00 secs] 
2205.922: [GC (Allocation Failure) [PSYoungGen: 62304K->1424K(61952K)] 438889K->378009K(581632K), 0.0041931 secs] [Times: user=0.01 sys=0.00, real=0.00 secs] 
2206.124: [GC (Allocation Failure) [PSYoungGen: 61840K->1501K(61440K)] 438425K->378086K(581120K), 0.0020265 secs] [Times: user=0.00 sys=0.00, real=0.00 secs] 
2206.238: [GC (Allocation Failure) [PSYoungGen: 61405K->1469K(61952K)] 437990K->378054K(581632K), 0.0015638 secs] [Times: user=0.01 sys=0.00, real=0.00 secs] 
2206.357: [GC (Allocation Failure) [PSYoungGen: 61373K->1501K(61952K)] 437958K->378102K(581632K), 0.0018004 secs] [Times: user=0.01 sys=0.00, real=0.00 secs] 
2206.490: [GC (Allocation Failure) [PSYoungGen: 61405K->1501K(61952K)] 438006K->378102K(581632K), 0.0019460 secs] [Times: user=0.01 sys=0.00, real=0.00 secs] 
2206.998: [GC (Allocation Failure) [PSYoungGen: 61405K->1424K(61440K)] 438006K->378025K(581120K), 0.0023341 secs] [Times: user=0.01 sys=0.00, real=0.00 secs] 
2207.333: [GC (Allocation Failure) [PSYoungGen: 61328K->1408K(61440K)] 437929K->378009K(581120K), 0.0025147 secs] [Times: user=0.00 sys=0.00, real=0.00 secs] 
2207.617: [GC (Allocation Failure) [PSYoungGen: 61312K->1376K(61440K)] 437913K->378001K(581120K), 0.0019978 secs] [Times: user=0.01 sys=0.00, real=0.00 secs] 
2208.102: [GC (Allocation Failure) [PSYoungGen: 61280K->1376K(61440K)] 437905K->378001K(581120K), 0.0028891 secs] [Times: user=0.01 sys=0.00, real=0.00 secs] 
2208.581: [GC (Allocation Failure) [PSYoungGen: 61280K->1392K(61440K)] 437905K->378017K(581120K), 0.0021196 secs] [Times: user=0.01 sys=0.00, real=0.00 secs] 
2208.717: [GC (Allocation Failure) [PSYoungGen: 61296K->1533K(61440K)] 437921K->378158K(581120K), 0.0017745 secs] [Times: user=0.01 sys=0.00, real=0.00 secs] 
2208.824: [GC (Allocation Failure) [PSYoungGen: 61437K->1501K(61440K)] 438062K->378134K(581120K), 0.0015927 secs] [Times: user=0.00 sys=0.00, real=0.00 secs] 
2208.930: [GC (Allocation Failure) [PSYoungGen: 61380K->1501K(64512K)] 438013K->378134K(584192K), 0.0016752 secs] [Times: user=0.01 sys=0.00, real=0.00 secs] 
2209.040: [GC (Allocation Failure) [PSYoungGen: 63965K->1501K(68096K)] 440598K->378134K(587776K), 0.0016084 secs] [Times: user=0.01 sys=0.00, real=0.00 secs] 
2209.878: [GC (Allocation Failure) [PSYoungGen: 67549K->1408K(67072K)] 444182K->378041K(586752K), 0.0021114 secs] [Times: user=0.01 sys=0.00, real=0.00 secs] 
2210.855: [GC (Allocation Failure) [PSYoungGen: 66944K->1392K(66560K)] 443577K->378025K(586240K), 0.0041485 secs] [Times: user=0.02 sys=0.00, real=0.01 secs] 
2211.653: [GC (Allocation Failure) [PSYoungGen: 66416K->1376K(66048K)] 443049K->378009K(585728K), 0.0036593 secs] [Times: user=0.02 sys=0.00, real=0.01 secs] 
2212.242: [GC (Allocation Failure) [PSYoungGen: 65888K->1376K(65536K)] 442521K->378009K(585216K), 0.0028894 secs] [Times: user=0.01 sys=0.00, real=0.00 secs] 
2212.645: [GC (Allocation Failure) [PSYoungGen: 65376K->1421K(65024K)] 442009K->378054K(584704K), 0.0021687 secs] [Times: user=0.01 sys=0.00, real=0.01 secs] 
2212.778: [GC (Allocation Failure) [PSYoungGen: 64909K->1501K(64512K)] 441542K->378134K(584192K), 0.0016399 secs] [Times: user=0.00 sys=0.00, real=0.00 secs] 
2212.889: [GC (Allocation Failure) [PSYoungGen: 64477K->1453K(64000K)] 441110K->378102K(583680K), 0.0016675 secs] [Times: user=0.01 sys=0.00, real=0.00 secs] 
2213.000: [GC (Allocation Failure) [PSYoungGen: 63917K->1501K(64512K)] 440566K->378150K(584192K), 0.0017415 secs] [Times: user=0.01 sys=0.00, real=0.00 secs] 
2213.459: [GC (Allocation Failure) [PSYoungGen: 63965K->1392K(63488K)] 440614K->378041K(583168K), 0.0024916 secs] [Times: user=0.01 sys=0.00, real=0.00 secs] 
2214.004: [GC (Allocation Failure) [PSYoungGen: 63344K->1344K(62976K)] 439993K->377993K(582656K), 0.0024285 secs] [Times: user=0.01 sys=0.00, real=0.00 secs] 
2214.556: [GC (Allocation Failure) [PSYoungGen: 62784K->1376K(62464K)] 439433K->378025K(582144K), 0.0029907 secs] [Times: user=0.01 sys=0.00, real=0.01 secs] 
2214.805: [GC (Allocation Failure) [PSYoungGen: 62304K->1344K(61952K)] 438953K->377993K(581632K), 0.0020904 secs] [Times: user=0.01 sys=0.00, real=0.01 secs] 
2215.154: [GC (Allocation Failure) [PSYoungGen: 61760K->1376K(61440K)] 438409K->378025K(581120K), 0.0021512 secs] [Times: user=0.01 sys=0.00, real=0.00 secs] 
2215.469: [GC (Allocation Failure) [PSYoungGen: 61280K->1424K(61952K)] 437929K->378073K(581632K), 0.0019086 secs] [Times: user=0.01 sys=0.00, real=0.00 secs] 
2215.577: [GC (Allocation Failure) [PSYoungGen: 61328K->1469K(61952K)] 437977K->378118K(581632K), 0.0016761 secs] [Times: user=0.01 sys=0.00, real=0.00 secs] 
2215.683: [GC (Allocation Failure) [PSYoungGen: 61373K->1501K(61952K)] 438022K->378158K(581632K), 0.0017103 secs] [Times: user=0.01 sys=0.00, real=0.00 secs] 
2215.788: [GC (Allocation Failure) [PSYoungGen: 61405K->1469K(61952K)] 438062K->378126K(581632K), 0.0017100 secs] [Times: user=0.01 sys=0.00, real=0.00 secs] 
2216.161: [GC (Allocation Failure) [PSYoungGen: 61373K->1392K(67072K)] 438030K->378065K(586752K), 0.0020682 secs] [Times: user=0.01 sys=0.00, real=0.00 secs] 
2216.797: [GC (Allocation Failure) [PSYoungGen: 66928K->1312K(66560K)] 443601K->377985K(586240K), 0.0037026 secs] [Times: user=0.01 sys=0.00, real=0.00 secs] 
2217.673: [GC (Allocation Failure) [PSYoungGen: 66336K->1344K(66048K)] 443009K->378017K(585728K), 0.0061276 secs] [Times: user=0.03 sys=0.00, real=0.01 secs] 
2218.351: [GC (Allocation Failure) [PSYoungGen: 65856K->1344K(65536K)] 442529K->378017K(585216K), 0.0029565 secs] [Times: user=0.01 sys=0.00, real=0.00 secs] 
2219.176: [GC (Allocation Failure) [PSYoungGen: 65344K->1408K(65024K)] 442017K->378081K(584704K), 0.0030130 secs] [Times: user=0.01 sys=0.00, real=0.01 secs] 
2219.360: [GC (Allocation Failure) [PSYoungGen: 64896K->1437K(64512K)] 441569K->378110K(584192K), 0.0017788 secs] [Times: user=0.01 sys=0.00, real=0.00 secs] 
2219.487: [GC (Allocation Failure) [PSYoungGen: 64413K->1501K(64000K)] 441086K->378190K(583680K), 0.0018827 secs] [Times: user=0.01 sys=0.00, real=0.00 secs] 
2219.634: [GC (Allocation Failure) [PSYoungGen: 63965K->1453K(64512K)] 440654K->378142K(584192K), 0.0021966 secs] [Times: user=0.01 sys=0.00, real=0.00 secs] 
2219.783: [GC (Allocation Failure) [PSYoungGen: 63917K->1504K(70656K)] 440606K->378193K(590336K), 0.0016225 secs] [Times: user=0.00 sys=0.00, real=0.00 secs] 
2220.095: [GC (Allocation Failure) [PSYoungGen: 70112K->1440K(69632K)] 446801K->378129K(589312K), 0.0021442 secs] [Times: user=0.01 sys=0.00, real=0.01 secs] 
2220.379: [GC (Allocation Failure) [PSYoungGen: 69536K->1312K(69120K)] 446225K->378001K(588800K), 0.0019790 secs] [Times: user=0.01 sys=0.00, real=0.00 secs] 
2220.660: [GC (Allocation Failure) [PSYoungGen: 68896K->1344K(68608K)] 445585K->378033K(588288K), 0.0020718 secs] [Times: user=0.00 sys=0.00, real=0.00 secs] 
2220.939: [GC (Allocation Failure) [PSYoungGen: 68416K->1344K(68096K)] 445105K->378033K(587776K), 0.0020189 secs] [Times: user=0.01 sys=0.00, real=0.00 secs] 
2221.119: [GC (Allocation Failure) [PSYoungGen: 67904K->1501K(67584K)] 444593K->378190K(587264K), 0.0017504 secs] [Times: user=0.01 sys=0.00, real=0.00 secs] 
2221.236: [GC (Allocation Failure) [PSYoungGen: 67549K->1501K(68096K)] 444238K->378190K(587776K), 0.0018752 secs] [Times: user=0.01 sys=0.00, real=0.01 secs] 
2221.368: [GC (Allocation Failure) [PSYoungGen: 67549K->1389K(68096K)] 444238K->378094K(587776K), 0.0020356 secs] [Times: user=0.00 sys=0.00, real=0.00 secs] 
2221.530: [GC (Allocation Failure) [PSYoungGen: 67437K->1565K(74752K)] 444142K->378270K(594432K), 0.0021498 secs] [Times: user=0.01 sys=0.00, real=0.00 secs] 
2222.757: [GC (Allocation Failure) [PSYoungGen: 74269K->1408K(73728K)] 450974K->378113K(593408K), 0.0028584 secs] [Times: user=0.01 sys=0.00, real=0.00 secs] 
2223.621: [GC (Allocation Failure) [PSYoungGen: 73600K->1408K(73216K)] 450305K->378113K(592896K), 0.0041129 secs] [Times: user=0.01 sys=0.01, real=0.00 secs] 
2224.451: [GC (Allocation Failure) [PSYoungGen: 73088K->1408K(72704K)] 449793K->378121K(592384K), 0.0038042 secs] [Times: user=0.01 sys=0.00, real=0.00 secs] 
2225.144: [GC (Allocation Failure) [PSYoungGen: 72576K->1437K(72192K)] 449289K->378150K(591872K), 0.0027481 secs] [Times: user=0.01 sys=0.00, real=0.00 secs] 
2225.335: [GC (Allocation Failure) [PSYoungGen: 72093K->1517K(71680K)] 448806K->378230K(591360K), 0.0017243 secs] [Times: user=0.00 sys=0.00, real=0.01 secs] 
2225.459: [GC (Allocation Failure) [PSYoungGen: 71661K->1469K(71168K)] 448374K->378182K(590848K), 0.0017996 secs] [Times: user=0.01 sys=0.00, real=0.00 secs] 
2225.581: [GC (Allocation Failure) [PSYoungGen: 71101K->1469K(71680K)] 447814K->378182K(591360K), 0.0017527 secs] [Times: user=0.01 sys=0.00, real=0.00 secs] 
2226.279: [GC (Allocation Failure) [PSYoungGen: 71101K->1456K(78336K)] 447814K->378169K(598016K), 0.0076914 secs] [Times: user=0.02 sys=0.02, real=0.00 secs] 
2226.948: [GC (Allocation Failure) [PSYoungGen: 77744K->1376K(77312K)] 454457K->378089K(596992K), 0.0023871 secs] [Times: user=0.01 sys=0.00, real=0.00 secs] 
2227.810: [GC (Allocation Failure) [PSYoungGen: 77152K->1376K(76800K)] 453865K->378089K(596480K), 0.0026221 secs] [Times: user=0.01 sys=0.00, real=0.00 secs] 
2228.697: [GC (Allocation Failure) [PSYoungGen: 76640K->1440K(76288K)] 453353K->378153K(595968K), 0.0030362 secs] [Times: user=0.01 sys=0.00, real=0.01 secs] 
2229.135: [GC (Allocation Failure) [PSYoungGen: 76192K->1437K(75776K)] 452905K->378150K(595456K), 0.0018740 secs] [Times: user=0.01 sys=0.00, real=0.01 secs] 
2229.269: [GC (Allocation Failure) [PSYoungGen: 75677K->1469K(75264K)] 452390K->378182K(594944K), 0.0017210 secs] [Times: user=0.00 sys=0.00, real=0.00 secs] 
2229.398: [GC (Allocation Failure) [PSYoungGen: 75197K->1469K(74752K)] 451910K->378206K(594432K), 0.0016581 secs] [Times: user=0.01 sys=0.00, real=0.00 secs] 
2229.606: [GC (Allocation Failure) [PSYoungGen: 74685K->1888K(74752K)] 451422K->378625K(594432K), 0.0020970 secs] [Times: user=0.00 sys=0.00, real=0.01 secs] 
2231.080: [GC (Allocation Failure) [PSYoungGen: 74592K->1344K(73728K)] 451329K->378097K(593408K), 0.0031563 secs] [Times: user=0.01 sys=0.00, real=0.00 secs] 
2231.982: [GC (Allocation Failure) [PSYoungGen: 73536K->1376K(73216K)] 450289K->378129K(592896K), 0.0045352 secs] [Times: user=0.02 sys=0.00, real=0.00 secs] 
2232.728: [GC (Allocation Failure) [PSYoungGen: 73056K->1376K(72704K)] 449809K->378129K(592384K), 0.0026836 secs] [Times: user=0.01 sys=0.00, real=0.00 secs] 
2233.391: [GC (Allocation Failure) [PSYoungGen: 72544K->1469K(72192K)] 449297K->378222K(591872K), 0.0027381 secs] [Times: user=0.01 sys=0.00, real=0.00 secs] 
2233.559: [GC (Allocation Failure) [PSYoungGen: 72125K->1469K(71680K)] 448878K->378222K(591360K), 0.0016040 secs] [Times: user=0.01 sys=0.00, real=0.00 secs] 
2233.682: [GC (Allocation Failure) [PSYoungGen: 71613K->1501K(71168K)] 448366K->378254K(590848K), 0.0017591 secs] [Times: user=0.00 sys=0.00, real=0.00 secs] 
2233.805: [GC (Allocation Failure) [PSYoungGen: 71133K->1437K(70656K)] 447886K->378190K(590336K), 0.0017528 secs] [Times: user=0.00 sys=0.00, real=0.00 secs] 
2234.325: [GC (Allocation Failure) [PSYoungGen: 70557K->1408K(70144K)] 447310K->378161K(589824K), 0.0022875 secs] [Times: user=0.00 sys=0.01, real=0.01 secs] 
2234.827: [GC (Allocation Failure) [PSYoungGen: 70016K->1360K(69632K)] 446769K->378113K(589312K), 0.0021313 secs] [Times: user=0.01 sys=0.00, real=0.00 secs] 
2235.221: [GC (Allocation Failure) [PSYoungGen: 69456K->1344K(69120K)] 446209K->378097K(588800K), 0.0021731 secs] [Times: user=0.01 sys=0.00, real=0.00 secs] 
2235.786: [GC (Allocation Failure) [PSYoungGen: 68928K->1344K(68608K)] 445681K->378097K(588288K), 0.0037916 secs] [Times: user=0.01 sys=0.00, real=0.01 secs] 
2236.302: [GC (Allocation Failure) [PSYoungGen: 68416K->1469K(68096K)] 445169K->378222K(587776K), 0.0023645 secs] [Times: user=0.01 sys=0.00, real=0.00 secs] 
2236.449: [GC (Allocation Failure) [PSYoungGen: 68029K->1501K(67584K)] 444782K->378254K(587264K), 0.0016480 secs] [Times: user=0.01 sys=0.00, real=0.00 secs] 
2236.583: [GC (Allocation Failure) [PSYoungGen: 67549K->1501K(67072K)] 444302K->378254K(586752K), 0.0019728 secs] [Times: user=0.00 sys=0.00, real=0.00 secs] 
2236.738: [GC (Allocation Failure) [PSYoungGen: 67037K->1533K(67584K)] 443790K->378302K(587264K), 0.0022778 secs] [Times: user=0.01 sys=0.00, real=0.00 secs] 
2237.466: [GC (Allocation Failure) [PSYoungGen: 67581K->1424K(67072K)] 444350K->378193K(586752K), 0.0029019 secs] [Times: user=0.01 sys=0.00, real=0.01 secs] 
2239.494: [GC (Allocation Failure) [PSYoungGen: 66960K->1344K(66560K)] 443729K->378137K(586240K), 0.0044347 secs] [Times: user=0.02 sys=0.00, real=0.01 secs] 
2240.240: [GC (Allocation Failure) [PSYoungGen: 66368K->1344K(66048K)] 443161K->378137K(585728K), 0.0033299 secs] [Times: user=0.02 sys=0.00, real=0.00 secs] 
2240.759: [GC (Allocation Failure) [PSYoungGen: 65856K->1360K(65536K)] 442649K->378153K(585216K), 0.0030161 secs] [Times: user=0.01 sys=0.00, real=0.00 secs] 
2241.272: [GC (Allocation Failure) [PSYoungGen: 65360K->1437K(65024K)] 442153K->378230K(584704K), 0.0029115 secs] [Times: user=0.01 sys=0.00, real=0.00 secs] 
2241.491: [GC (Allocation Failure) [PSYoungGen: 64925K->1501K(64512K)] 441718K->378294K(584192K), 0.0024146 secs] [Times: user=0.01 sys=0.00, real=0.00 secs] 
2241.628: [GC (Allocation Failure) [PSYoungGen: 64477K->1501K(64000K)] 441270K->378294K(583680K), 0.0016528 secs] [Times: user=0.00 sys=0.00, real=0.00 secs] 
2241.738: [GC (Allocation Failure) [PSYoungGen: 63965K->1501K(64512K)] 440758K->378302K(584192K), 0.0017034 secs] [Times: user=0.01 sys=0.00, real=0.00 secs] 
2241.882: [GC (Allocation Failure) [PSYoungGen: 63965K->1680K(64512K)] 440766K->378481K(584192K), 0.0017991 secs] [Times: user=0.01 sys=0.00, real=0.00 secs] 
2242.400: [GC (Allocation Failure) [PSYoungGen: 64144K->1344K(63488K)] 440945K->378145K(583168K), 0.0031225 secs] [Times: user=0.01 sys=0.00, real=0.00 secs] 
2242.931: [GC (Allocation Failure) [PSYoungGen: 63296K->1408K(62976K)] 440097K->378209K(582656K), 0.0026301 secs] [Times: user=0.01 sys=0.00, real=0.00 secs] 
2243.323: [GC (Allocation Failure) [PSYoungGen: 62848K->1376K(62464K)] 439649K->378177K(582144K), 0.0020708 secs] [Times: user=0.01 sys=0.00, real=0.00 secs] 
2243.576: [GC (Allocation Failure) [PSYoungGen: 62304K->1344K(61952K)] 439105K->378145K(581632K), 0.0020374 secs] [Times: user=0.01 sys=0.00, real=0.01 secs] 
2243.785: [GC (Allocation Failure) [PSYoungGen: 61760K->1437K(61440K)] 438561K->378238K(581120K), 0.0016010 secs] [Times: user=0.01 sys=0.00, real=0.00 secs] 
2243.906: [GC (Allocation Failure) [PSYoungGen: 61341K->1469K(61440K)] 438142K->378270K(581120K), 0.0019166 secs] [Times: user=0.01 sys=0.00, real=0.01 secs] 
2244.039: [GC (Allocation Failure) [PSYoungGen: 61373K->1501K(67072K)] 438174K->378310K(586752K), 0.0019545 secs] [Times: user=0.01 sys=0.00, real=0.00 secs] 
2244.198: [GC (Allocation Failure) [PSYoungGen: 67037K->1424K(67584K)] 443846K->378233K(587264K), 0.0017584 secs] [Times: user=0.01 sys=0.00, real=0.00 secs] 
2244.895: [GC (Allocation Failure) [PSYoungGen: 66960K->1408K(66560K)] 443769K->378217K(586240K), 0.0038662 secs] [Times: user=0.01 sys=0.00, real=0.01 secs] 
2245.233: [GC (Allocation Failure) [PSYoungGen: 66432K->1376K(66048K)] 443241K->378185K(585728K), 0.0026117 secs] [Times: user=0.00 sys=0.01, real=0.00 secs] 
2245.806: [GC (Allocation Failure) [PSYoungGen: 65888K->1376K(65536K)] 442697K->378193K(585216K), 0.0024335 secs] [Times: user=0.01 sys=0.00, real=0.01 secs] 
2246.474: [GC (Allocation Failure) [PSYoungGen: 65376K->1376K(65024K)] 442193K->378193K(584704K), 0.0026301 secs] [Times: user=0.01 sys=0.00, real=0.01 secs] 
2247.168: [GC (Allocation Failure) [PSYoungGen: 64864K->1376K(64512K)] 441681K->378193K(584192K), 0.0042992 secs] [Times: user=0.02 sys=0.00, real=0.00 secs] 
2247.419: [GC (Allocation Failure) [PSYoungGen: 64352K->1533K(64000K)] 441169K->378350K(583680K), 0.0020505 secs] [Times: user=0.01 sys=0.00, real=0.00 secs] 
2247.540: [GC (Allocation Failure) [PSYoungGen: 63997K->1437K(63488K)] 440814K->378262K(583168K), 0.0016737 secs] [Times: user=0.01 sys=0.00, real=0.00 secs] 
2247.648: [GC (Allocation Failure) [PSYoungGen: 63389K->1533K(69632K)] 440214K->378358K(589312K), 0.0017745 secs] [Times: user=0.01 sys=0.00, real=0.00 secs] 
2247.768: [GC (Allocation Failure) [PSYoungGen: 69629K->1469K(70144K)] 446454K->378294K(589824K), 0.0016402 secs] [Times: user=0.01 sys=0.00, real=0.00 secs] 
2249.229: [GC (Allocation Failure) [PSYoungGen: 69565K->1408K(69120K)] 446390K->378233K(588800K), 0.0032126 secs] [Times: user=0.02 sys=0.00, real=0.00 secs] 
2249.746: [GC (Allocation Failure) [PSYoungGen: 68992K->1376K(68608K)] 445817K->378201K(588288K), 0.0028212 secs] [Times: user=0.01 sys=0.00, real=0.01 secs] 
2250.240: [GC (Allocation Failure) [PSYoungGen: 68448K->1376K(68096K)] 445273K->378201K(587776K), 0.0027083 secs] [Times: user=0.01 sys=0.00, real=0.00 secs] 
2250.706: [GC (Allocation Failure) [PSYoungGen: 67936K->1344K(67584K)] 444761K->378169K(587264K), 0.0028965 secs] [Times: user=0.01 sys=0.00, real=0.01 secs] 
2251.200: [GC (Allocation Failure) [PSYoungGen: 67392K->1501K(67072K)] 444217K->378326K(586752K), 0.0023479 secs] [Times: user=0.01 sys=0.00, real=0.00 secs] 
2251.338: [GC (Allocation Failure) [PSYoungGen: 67031K->1469K(66560K)] 443856K->378294K(586240K), 0.0016312 secs] [Times: user=0.01 sys=0.00, real=0.00 secs] 
2251.453: [GC (Allocation Failure) [PSYoungGen: 66493K->1501K(66048K)] 443318K->378334K(585728K), 0.0017164 secs] [Times: user=0.01 sys=0.00, real=0.00 secs] 
2251.567: [GC (Allocation Failure) [PSYoungGen: 66013K->1469K(66560K)] 442846K->378302K(586240K), 0.0016201 secs] [Times: user=0.00 sys=0.01, real=0.00 secs] 
2252.616: [GC (Allocation Failure) [PSYoungGen: 65981K->1424K(65536K)] 442814K->378257K(585216K), 0.0038225 secs] [Times: user=0.02 sys=0.00, real=0.01 secs] 
2253.381: [GC (Allocation Failure) [PSYoungGen: 65424K->1376K(65024K)] 442257K->378209K(584704K), 0.0034887 secs] [Times: user=0.01 sys=0.01, real=0.00 secs] 
2254.210: [GC (Allocation Failure) [PSYoungGen: 64864K->1376K(64512K)] 441697K->378209K(584192K), 0.0036508 secs] [Times: user=0.01 sys=0.00, real=0.00 secs] 
2255.017: [GC (Allocation Failure) [PSYoungGen: 64352K->1312K(64000K)] 441185K->378145K(583680K), 0.0030500 secs] [Times: user=0.01 sys=0.00, real=0.01 secs] 
2255.634: [GC (Allocation Failure) [PSYoungGen: 63776K->1437K(63488K)] 440609K->378270K(583168K), 0.0026688 secs] [Times: user=0.01 sys=0.00, real=0.00 secs] 
2255.786: [GC (Allocation Failure) [PSYoungGen: 63389K->1501K(62976K)] 440222K->378334K(582656K), 0.0017614 secs] [Times: user=0.01 sys=0.00, real=0.01 secs] 
2255.895: [GC (Allocation Failure) [PSYoungGen: 62941K->1469K(62464K)] 439774K->378302K(582144K), 0.0016396 secs] [Times: user=0.01 sys=0.00, real=0.00 secs] 
2256.003: [GC (Allocation Failure) [PSYoungGen: 62397K->1485K(62976K)] 439230K->378334K(582656K), 0.0016197 secs] [Times: user=0.01 sys=0.00, real=0.00 secs] 
2256.212: [GC (Allocation Failure) [PSYoungGen: 62413K->1472K(61952K)] 439262K->378321K(581632K), 0.0020269 secs] [Times: user=0.01 sys=0.00, real=0.00 secs] 
2256.795: [GC (Allocation Failure) [PSYoungGen: 61888K->1344K(61440K)] 438737K->378193K(581120K), 0.0027739 secs] [Times: user=0.01 sys=0.00, real=0.01 secs] 
2257.319: [GC (Allocation Failure) [PSYoungGen: 61248K->1408K(61952K)] 438097K->378257K(581632K), 0.0038178 secs] [Times: user=0.01 sys=0.00, real=0.00 secs] 
2257.941: [GC (Allocation Failure) [PSYoungGen: 61312K->1376K(61952K)] 438161K->378225K(581632K), 0.0028451 secs] [Times: user=0.01 sys=0.00, real=0.00 secs] 
2258.191: [GC (Allocation Failure) [PSYoungGen: 61280K->1376K(61952K)] 438129K->378249K(581632K), 0.0020126 secs] [Times: user=0.00 sys=0.00, real=0.00 secs] 
2258.415: [GC (Allocation Failure) [PSYoungGen: 61264K->1389K(61952K)] 438137K->378262K(581632K), 0.0018559 secs] [Times: user=0.01 sys=0.00, real=0.01 secs] 
2258.522: [GC (Allocation Failure) [PSYoungGen: 61293K->1501K(61952K)] 438166K->378374K(581632K), 0.0016825 secs] [Times: user=0.00 sys=0.00, real=0.00 secs] 
2258.628: [GC (Allocation Failure) [PSYoungGen: 61405K->1469K(61952K)] 438278K->378350K(581632K), 0.0016866 secs] [Times: user=0.00 sys=0.00, real=0.00 secs] 
2258.738: [GC (Allocation Failure) [PSYoungGen: 61373K->1501K(61952K)] 438254K->378382K(581632K), 0.0018925 secs] [Times: user=0.00 sys=0.00, real=0.00 secs] 
2258.987: [GC (Allocation Failure) [PSYoungGen: 61405K->1936K(68096K)] 438286K->378817K(587776K), 0.0020680 secs] [Times: user=0.01 sys=0.00, real=0.00 secs] 
2259.809: [GC (Allocation Failure) [PSYoungGen: 67984K->1312K(67072K)] 444865K->378193K(586752K), 0.0029092 secs] [Times: user=0.01 sys=0.00, real=0.00 secs] 
2260.608: [GC (Allocation Failure) [PSYoungGen: 66848K->1312K(66560K)] 443729K->378193K(586240K), 0.0043246 secs] [Times: user=0.01 sys=0.00, real=0.00 secs] 
2261.133: [GC (Allocation Failure) [PSYoungGen: 66336K->1408K(66048K)] 443217K->378289K(585728K), 0.0031502 secs] [Times: user=0.01 sys=0.01, real=0.00 secs] 
2261.815: [GC (Allocation Failure) [PSYoungGen: 65920K->1376K(65536K)] 442801K->378257K(585216K), 0.0027126 secs] [Times: user=0.01 sys=0.00, real=0.01 secs] 
2262.155: [GC (Allocation Failure) [PSYoungGen: 65376K->1424K(65024K)] 442257K->378305K(584704K), 0.0021154 secs] [Times: user=0.00 sys=0.00, real=0.01 secs] 
2262.280: [GC (Allocation Failure) [PSYoungGen: 64912K->1469K(64512K)] 441793K->378366K(584192K), 0.0016276 secs] [Times: user=0.00 sys=0.00, real=0.00 secs] 
2262.390: [GC (Allocation Failure) [PSYoungGen: 64445K->1501K(64000K)] 441342K->378398K(583680K), 0.0016508 secs] [Times: user=0.01 sys=0.00, real=0.00 secs] 
2262.500: [GC (Allocation Failure) [PSYoungGen: 63945K->1485K(64512K)] 440843K->378382K(584192K), 0.0016500 secs] [Times: user=0.01 sys=0.00, real=0.00 secs] 
2262.782: [GC (Allocation Failure) [PSYoungGen: 64461K->1408K(64000K)] 441358K->378305K(583680K), 0.0017839 secs] [Times: user=0.01 sys=0.00, real=0.00 secs] 
2263.042: [GC (Allocation Failure) [PSYoungGen: 63872K->1376K(63488K)] 440769K->378273K(583168K), 0.0018631 secs] [Times: user=0.01 sys=0.00, real=0.00 secs] 
2263.538: [GC (Allocation Failure) [PSYoungGen: 63328K->1376K(62976K)] 440225K->378273K(582656K), 0.0019573 secs] [Times: user=0.01 sys=0.00, real=0.00 secs] 
2264.150: [GC (Allocation Failure) [PSYoungGen: 62816K->1408K(62464K)] 439713K->378305K(582144K), 0.0023610 secs] [Times: user=0.01 sys=0.00, real=0.00 secs] 
2264.660: [GC (Allocation Failure) [PSYoungGen: 62336K->1437K(61952K)] 439233K->378334K(581632K), 0.0022997 secs] [Times: user=0.01 sys=0.00, real=0.00 secs] 
2264.798: [GC (Allocation Failure) [PSYoungGen: 61853K->1485K(61440K)] 438750K->378382K(581120K), 0.0016521 secs] [Times: user=0.00 sys=0.00, real=0.00 secs] 
2264.904: [GC (Allocation Failure) [PSYoungGen: 61389K->1469K(61952K)] 438286K->378374K(581632K), 0.0016986 secs] [Times: user=0.01 sys=0.00, real=0.00 secs] 
2265.009: [GC (Allocation Failure) [PSYoungGen: 61373K->1485K(61952K)] 438278K->378390K(581632K), 0.0016013 secs] [Times: user=0.00 sys=0.00, real=0.00 secs] 
2265.117: [GC (Allocation Failure) [PSYoungGen: 61377K->1437K(61952K)] 438282K->378342K(581632K), 0.0017239 secs] [Times: user=0.01 sys=0.00, real=0.01 secs] 
2266.343: [GC (Allocation Failure) [PSYoungGen: 61341K->1408K(61440K)] 438246K->378313K(581120K), 0.0038048 secs] [Times: user=0.02 sys=0.00, real=0.01 secs] 
2267.183: [GC (Allocation Failure) [PSYoungGen: 61312K->1312K(61440K)] 438217K->378225K(581120K), 0.0037806 secs] [Times: user=0.02 sys=0.01, real=0.01 secs] 
2267.792: [GC (Allocation Failure) [PSYoungGen: 61216K->1344K(61440K)] 438129K->378257K(581120K), 0.0027058 secs] [Times: user=0.01 sys=0.00, real=0.00 secs] 
2268.399: [GC (Allocation Failure) [PSYoungGen: 61248K->1344K(61440K)] 438161K->378257K(581120K), 0.0024052 secs] [Times: user=0.01 sys=0.01, real=0.00 secs] 
2269.054: [GC (Allocation Failure) [PSYoungGen: 61248K->1437K(61440K)] 438161K->378350K(581120K), 0.0023638 secs] [Times: user=0.01 sys=0.00, real=0.00 secs] 
2269.201: [GC (Allocation Failure) [PSYoungGen: 61341K->1469K(61440K)] 438254K->378382K(581120K), 0.0017016 secs] [Times: user=0.01 sys=0.00, real=0.00 secs] 
2269.306: [GC (Allocation Failure) [PSYoungGen: 61373K->1501K(61440K)] 438286K->378422K(581120K), 0.0016144 secs] [Times: user=0.01 sys=0.01, real=0.01 secs] 
2269.412: [GC (Allocation Failure) [PSYoungGen: 61405K->1501K(64512K)] 438326K->378422K(584192K), 0.0017467 secs] [Times: user=0.01 sys=0.00, real=0.00 secs] 
2269.523: [GC (Allocation Failure) [PSYoungGen: 63965K->1501K(68096K)] 440886K->378422K(587776K), 0.0016921 secs] [Times: user=0.01 sys=0.00, real=0.00 secs] 
2270.612: [GC (Allocation Failure) [PSYoungGen: 67549K->1408K(67072K)] 444470K->378329K(586752K), 0.0021291 secs] [Times: user=0.01 sys=0.00, real=0.00 secs] 
2271.924: [GC (Allocation Failure) [PSYoungGen: 66944K->1344K(66560K)] 443865K->378265K(586240K), 0.0043892 secs] [Times: user=0.01 sys=0.00, real=0.01 secs] 
2272.681: [GC (Allocation Failure) [PSYoungGen: 66368K->1376K(66048K)] 443289K->378297K(585728K), 0.0031344 secs] [Times: user=0.02 sys=0.00, real=0.00 secs] 
2273.328: [GC (Allocation Failure) [PSYoungGen: 65888K->1408K(65536K)] 442809K->378329K(585216K), 0.0025568 secs] [Times: user=0.01 sys=0.00, real=0.00 secs] 
2273.773: [GC (Allocation Failure) [PSYoungGen: 65408K->1421K(65024K)] 442329K->378342K(584704K), 0.0022548 secs] [Times: user=0.01 sys=0.00, real=0.00 secs] 
2273.903: [GC (Allocation Failure) [PSYoungGen: 64909K->1469K(64512K)] 441830K->378390K(584192K), 0.0016289 secs] [Times: user=0.01 sys=0.00, real=0.00 secs] 
2274.014: [GC (Allocation Failure) [PSYoungGen: 64445K->1501K(64000K)] 441366K->378430K(583680K), 0.0017284 secs] [Times: user=0.00 sys=0.00, real=0.00 secs] 
2274.124: [GC (Allocation Failure) [PSYoungGen: 63965K->1437K(64512K)] 440894K->378366K(584192K), 0.0017298 secs] [Times: user=0.00 sys=0.00, real=0.00 secs] 
2274.500: [GC (Allocation Failure) [PSYoungGen: 63901K->1472K(63488K)] 440830K->378401K(583168K), 0.0020750 secs] [Times: user=0.00 sys=0.00, real=0.00 secs] 
2275.132: [GC (Allocation Failure) [PSYoungGen: 63424K->1344K(62976K)] 440353K->378273K(582656K), 0.0021022 secs] [Times: user=0.01 sys=0.00, real=0.00 secs] 
2275.455: [GC (Allocation Failure) [PSYoungGen: 62784K->1408K(62464K)] 439713K->378337K(582144K), 0.0020814 secs] [Times: user=0.01 sys=0.00, real=0.00 secs] 
2275.758: [GC (Allocation Failure) [PSYoungGen: 62336K->1344K(61952K)] 439265K->378273K(581632K), 0.0021303 secs] [Times: user=0.01 sys=0.00, real=0.00 secs] 
2276.108: [GC (Allocation Failure) [PSYoungGen: 61760K->1344K(61440K)] 438689K->378273K(581120K), 0.0019272 secs] [Times: user=0.01 sys=0.00, real=0.00 secs] 
2276.263: [GC (Allocation Failure) [PSYoungGen: 61248K->1469K(61952K)] 438177K->378398K(581632K), 0.0016704 secs] [Times: user=0.00 sys=0.00, real=0.00 secs] 
2276.369: [GC (Allocation Failure) [PSYoungGen: 61373K->1501K(61952K)] 438302K->378430K(581632K), 0.0017204 secs] [Times: user=0.01 sys=0.00, real=0.00 secs] 
2276.475: [GC (Allocation Failure) [PSYoungGen: 61405K->1533K(61952K)] 438334K->378470K(581632K), 0.0016915 secs] [Times: user=0.01 sys=0.00, real=0.01 secs] 
2276.582: [GC (Allocation Failure) [PSYoungGen: 61437K->1469K(61952K)] 438374K->378422K(581632K), 0.0016218 secs] [Times: user=0.00 sys=0.00, real=0.00 secs] 
2277.048: [GC (Allocation Failure) [PSYoungGen: 61373K->1424K(67072K)] 438326K->378377K(586752K), 0.0022551 secs] [Times: user=0.01 sys=0.00, real=0.00 secs] 
2277.793: [GC (Allocation Failure) [PSYoungGen: 66960K->1344K(66560K)] 443913K->378297K(586240K), 0.0023504 secs] [Times: user=0.01 sys=0.00, real=0.00 secs] 
2278.325: [GC (Allocation Failure) [PSYoungGen: 66368K->1312K(66048K)] 443321K->378273K(585728K), 0.0025584 secs] [Times: user=0.01 sys=0.01, real=0.01 secs] 
2278.847: [GC (Allocation Failure) [PSYoungGen: 65824K->1376K(65536K)] 442785K->378337K(585216K), 0.0023590 secs] [Times: user=0.01 sys=0.00, real=0.00 secs] 
2279.364: [GC (Allocation Failure) [PSYoungGen: 65376K->1488K(65024K)] 442337K->378449K(584704K), 0.0023650 secs] [Times: user=0.01 sys=0.00, real=0.00 secs] 
2279.506: [GC (Allocation Failure) [PSYoungGen: 64976K->1437K(64512K)] 441937K->378398K(584192K), 0.0017185 secs] [Times: user=0.01 sys=0.00, real=0.01 secs] 
2279.616: [GC (Allocation Failure) [PSYoungGen: 64413K->1501K(64000K)] 441374K->378478K(583680K), 0.0016962 secs] [Times: user=0.01 sys=0.00, real=0.01 secs] 
2279.727: [GC (Allocation Failure) [PSYoungGen: 63965K->1501K(64512K)] 440942K->378478K(584192K), 0.0016516 secs] [Times: user=0.01 sys=0.01, real=0.00 secs] 
2280.054: [GC (Allocation Failure) [PSYoungGen: 63965K->1552K(64000K)] 440942K->378529K(583680K), 0.0019580 secs] [Times: user=0.00 sys=0.00, real=0.00 secs] 
2281.139: [GC (Allocation Failure) [PSYoungGen: 63504K->1344K(62976K)] 440481K->378321K(582656K), 0.0038815 secs] [Times: user=0.01 sys=0.01, real=0.00 secs] 
2282.147: [GC (Allocation Failure) [PSYoungGen: 62784K->336K(61440K)] 439761K->378337K(581120K), 0.0037583 secs] [Times: user=0.01 sys=0.00, real=0.00 secs] 
2282.837: [GC (Allocation Failure) [PSYoungGen: 61264K->352K(62464K)] 439265K->378353K(582144K), 0.0036700 secs] [Times: user=0.02 sys=0.00, real=0.00 secs] 
2283.592: [GC (Allocation Failure) [PSYoungGen: 60768K->320K(60416K)] 438769K->378321K(580096K), 0.0036090 secs] [Times: user=0.01 sys=0.00, real=0.00 secs] 
2284.124: [GC (Allocation Failure) [PSYoungGen: 60224K->1469K(61952K)] 438225K->379470K(581632K), 0.0023001 secs] [Times: user=0.00 sys=0.00, real=0.00 secs] 
2284.267: [GC (Allocation Failure) [PSYoungGen: 61373K->1501K(61440K)] 439374K->379502K(581120K), 0.0016817 secs] [Times: user=0.00 sys=0.00, real=0.00 secs] 
2284.374: [GC (Allocation Failure) [PSYoungGen: 61405K->1485K(61440K)] 439406K->379494K(581120K), 0.0016371 secs] [Times: user=0.00 sys=0.00, real=0.00 secs] 
2284.481: [GC (Allocation Failure) [PSYoungGen: 61370K->1485K(65024K)] 439379K->379494K(584704K), 0.0016744 secs] [Times: user=0.00 sys=0.00, real=0.00 secs] 
2284.702: [GC (Allocation Failure) [PSYoungGen: 63949K->1952K(65024K)] 441958K->379961K(584704K), 0.0018532 secs] [Times: user=0.01 sys=0.00, real=0.00 secs] 
2285.276: [GC (Allocation Failure) [PSYoungGen: 64416K->1408K(63488K)] 442425K->379417K(583168K), 0.0020183 secs] [Times: user=0.01 sys=0.00, real=0.01 secs] 
2285.822: [GC (Allocation Failure) [PSYoungGen: 63360K->1392K(62976K)] 441369K->379401K(582656K), 0.0020939 secs] [Times: user=0.01 sys=0.00, real=0.00 secs] 
2286.397: [GC (Allocation Failure) [PSYoungGen: 62832K->1376K(62464K)] 440841K->379385K(582144K), 0.0023051 secs] [Times: user=0.01 sys=0.00, real=0.00 secs] 
2286.722: [GC (Allocation Failure) [PSYoungGen: 62304K->1344K(61952K)] 440313K->379353K(581632K), 0.0022525 secs] [Times: user=0.01 sys=0.00, real=0.00 secs] 
2286.938: [GC (Allocation Failure) [PSYoungGen: 61760K->1501K(61440K)] 439769K->379510K(581120K), 0.0017609 secs] [Times: user=0.01 sys=0.00, real=0.00 secs] 
2287.043: [GC (Allocation Failure) [PSYoungGen: 61405K->1504K(61440K)] 439414K->379529K(581120K), 0.0017247 secs] [Times: user=0.00 sys=0.00, real=0.00 secs] 
2287.149: [GC (Allocation Failure) [PSYoungGen: 61408K->1501K(66048K)] 439433K->379526K(585728K), 0.0016962 secs] [Times: user=0.01 sys=0.00, real=0.00 secs] 
2287.263: [GC (Allocation Failure) [PSYoungGen: 66013K->1501K(66560K)] 444038K->379534K(586240K), 0.0016901 secs] [Times: user=0.00 sys=0.00, real=0.00 secs] 
2287.476: [GC (Allocation Failure) [PSYoungGen: 66013K->1424K(73216K)] 444046K->379457K(592896K), 0.0020454 secs] [Times: user=0.01 sys=0.00, real=0.01 secs] 
2287.772: [GC (Allocation Failure) [PSYoungGen: 72592K->1392K(72192K)] 450625K->379425K(591872K), 0.0017748 secs] [Times: user=0.01 sys=0.00, real=0.00 secs] 
2288.176: [GC (Allocation Failure) [PSYoungGen: 72048K->1392K(71680K)] 450081K->379425K(591360K), 0.0031343 secs] [Times: user=0.01 sys=0.00, real=0.01 secs] 
2288.700: [GC (Allocation Failure) [PSYoungGen: 71536K->1440K(71168K)] 449569K->379473K(590848K), 0.0033459 secs] [Times: user=0.02 sys=0.00, real=0.00 secs] 
2289.127: [GC (Allocation Failure) [PSYoungGen: 71072K->1405K(70656K)] 449105K->379438K(590336K), 0.0024141 secs] [Times: user=0.01 sys=0.00, real=0.00 secs] 
2289.278: [GC (Allocation Failure) [PSYoungGen: 70525K->1533K(70144K)] 448558K->379566K(589824K), 0.0017799 secs] [Times: user=0.00 sys=0.00, real=0.00 secs] 
2289.399: [GC (Allocation Failure) [PSYoungGen: 70138K->1469K(69632K)] 448172K->379510K(589312K), 0.0017353 secs] [Times: user=0.00 sys=0.00, real=0.00 secs] 
2289.523: [GC (Allocation Failure) [PSYoungGen: 69565K->1469K(70144K)] 447606K->379510K(589824K), 0.0017826 secs] [Times: user=0.00 sys=0.00, real=0.00 secs] 
2289.979: [GC (Allocation Failure) [PSYoungGen: 69565K->1424K(69120K)] 447606K->379465K(588800K), 0.0023690 secs] [Times: user=0.01 sys=0.00, real=0.00 secs] 
2290.403: [GC (Allocation Failure) [PSYoungGen: 69008K->1360K(68608K)] 447049K->379401K(588288K), 0.0026561 secs] [Times: user=0.01 sys=0.00, real=0.00 secs] 
2290.914: [GC (Allocation Failure) [PSYoungGen: 68432K->1392K(68096K)] 446473K->379433K(587776K), 0.0029185 secs] [Times: user=0.01 sys=0.00, real=0.00 secs] 
2291.671: [GC (Allocation Failure) [PSYoungGen: 67952K->1392K(67584K)] 445993K->379433K(587264K), 0.0030853 secs] [Times: user=0.01 sys=0.00, real=0.00 secs] 
2292.183: [GC (Allocation Failure) [PSYoungGen: 67440K->1469K(67072K)] 445481K->379510K(586752K), 0.0023738 secs] [Times: user=0.01 sys=0.00, real=0.00 secs] 
2292.337: [GC (Allocation Failure) [PSYoungGen: 67002K->1533K(66560K)] 445044K->379574K(586240K), 0.0017929 secs] [Times: user=0.00 sys=0.01, real=0.01 secs] 
2292.451: [GC (Allocation Failure) [PSYoungGen: 66557K->1485K(66048K)] 444598K->379526K(585728K), 0.0016002 secs] [Times: user=0.01 sys=0.00, real=0.00 secs] 
2292.565: [GC (Allocation Failure) [PSYoungGen: 65997K->1501K(72192K)] 444038K->379582K(591872K), 0.0017322 secs] [Times: user=0.01 sys=0.00, real=0.00 secs] 
2293.046: [GC (Allocation Failure) [PSYoungGen: 72157K->1408K(71680K)] 450238K->379489K(591360K), 0.0027018 secs] [Times: user=0.01 sys=0.00, real=0.01 secs] 
2293.747: [GC (Allocation Failure) [PSYoungGen: 71552K->1360K(71168K)] 449633K->379441K(590848K), 0.0033858 secs] [Times: user=0.02 sys=0.00, real=0.00 secs] 
2294.565: [GC (Allocation Failure) [PSYoungGen: 70992K->1344K(70656K)] 449073K->379425K(590336K), 0.0029195 secs] [Times: user=0.01 sys=0.00, real=0.01 secs] 
2295.133: [GC (Allocation Failure) [PSYoungGen: 70464K->1376K(70144K)] 448545K->379465K(589824K), 0.0029200 secs] [Times: user=0.01 sys=0.00, real=0.00 secs] 
2295.680: [GC (Allocation Failure) [PSYoungGen: 69984K->1453K(69632K)] 448073K->379550K(589312K), 0.0022297 secs] [Times: user=0.01 sys=0.00, real=0.00 secs] 
2295.822: [GC (Allocation Failure) [PSYoungGen: 69549K->1469K(69120K)] 447646K->379566K(588800K), 0.0016396 secs] [Times: user=0.01 sys=0.00, real=0.00 secs] 
2295.943: [GC (Allocation Failure) [PSYoungGen: 69053K->1437K(68608K)] 447150K->379534K(588288K), 0.0017798 secs] [Times: user=0.00 sys=0.00, real=0.00 secs] 
2296.062: [GC (Allocation Failure) [PSYoungGen: 68480K->1453K(68096K)] 446577K->379558K(587776K), 0.0016548 secs] [Times: user=0.01 sys=0.00, real=0.00 secs] 
2296.338: [GC (Allocation Failure) [PSYoungGen: 68013K->1456K(67584K)] 446118K->379561K(587264K), 0.0020507 secs] [Times: user=0.01 sys=0.00, real=0.00 secs] 
2296.612: [GC (Allocation Failure) [PSYoungGen: 67504K->1408K(67072K)] 445609K->379513K(586752K), 0.0019300 secs] [Times: user=0.00 sys=0.00, real=0.00 secs] 
2297.042: [GC (Allocation Failure) [PSYoungGen: 66944K->1328K(66560K)] 445049K->379457K(586240K), 0.0021989 secs] [Times: user=0.01 sys=0.00, real=0.00 secs] 
2297.313: [GC (Allocation Failure) [PSYoungGen: 66352K->1376K(66048K)] 444481K->379505K(585728K), 0.0021334 secs] [Times: user=0.01 sys=0.00, real=0.00 secs] 
2297.562: [GC (Allocation Failure) [PSYoungGen: 65888K->1453K(65536K)] 444017K->379582K(585216K), 0.0016073 secs] [Times: user=0.01 sys=0.00, real=0.00 secs] 
2297.675: [GC (Allocation Failure) [PSYoungGen: 65453K->1501K(65024K)] 443582K->379630K(584704K), 0.0018173 secs] [Times: user=0.00 sys=0.00, real=0.00 secs] 
2297.786: [GC (Allocation Failure) [PSYoungGen: 64989K->1469K(65536K)] 443118K->379598K(585216K), 0.0016682 secs] [Times: user=0.01 sys=0.00, real=0.01 secs] 
2297.898: [GC (Allocation Failure) [PSYoungGen: 64957K->1437K(65536K)] 443086K->379574K(585216K), 0.0016001 secs] [Times: user=0.01 sys=0.00, real=0.00 secs] 
2298.278: [GC (Allocation Failure) [PSYoungGen: 64925K->1456K(71168K)] 443062K->379593K(590848K), 0.0020892 secs] [Times: user=0.01 sys=0.00, real=0.00 secs] 
2299.054: [GC (Allocation Failure) [PSYoungGen: 71088K->1344K(70656K)] 449225K->379481K(590336K), 0.0020398 secs] [Times: user=0.00 sys=0.00, real=0.00 secs] 
2299.342: [GC (Allocation Failure) [PSYoungGen: 70464K->1376K(70144K)] 448601K->379513K(589824K), 0.0020999 secs] [Times: user=0.01 sys=0.00, real=0.00 secs] 
2299.707: [GC (Allocation Failure) [PSYoungGen: 69984K->1408K(69632K)] 448121K->379545K(589312K), 0.0055356 secs] [Times: user=0.02 sys=0.00, real=0.00 secs] 
2299.997: [GC (Allocation Failure) [PSYoungGen: 69504K->1485K(69120K)] 447641K->379622K(588800K), 0.0019687 secs] [Times: user=0.00 sys=0.00, real=0.01 secs] 
2300.122: [GC (Allocation Failure) [PSYoungGen: 69069K->1453K(68608K)] 447206K->379590K(588288K), 0.0016200 secs] [Times: user=0.01 sys=0.00, real=0.00 secs] 
2300.240: [GC (Allocation Failure) [PSYoungGen: 68525K->1437K(69120K)] 446662K->379574K(588800K), 0.0017137 secs] [Times: user=0.01 sys=0.00, real=0.00 secs] 
2300.359: [GC (Allocation Failure) [PSYoungGen: 68509K->1485K(69120K)] 446646K->379630K(588800K), 0.0015434 secs] [Times: user=0.00 sys=0.00, real=0.00 secs] 
2301.978: [GC (Allocation Failure) [PSYoungGen: 68557K->1424K(68096K)] 446702K->379569K(587776K), 0.0047399 secs] [Times: user=0.01 sys=0.01, real=0.00 secs] 
2303.069: [GC (Allocation Failure) [PSYoungGen: 67984K->1344K(67584K)] 446129K->379489K(587264K), 0.0043256 secs] [Times: user=0.02 sys=0.00, real=0.00 secs] 
2303.543: [GC (Allocation Failure) [PSYoungGen: 67392K->1376K(67072K)] 445537K->379521K(586752K), 0.0024445 secs] [Times: user=0.01 sys=0.00, real=0.00 secs] 
2304.094: [GC (Allocation Failure) [PSYoungGen: 66912K->1344K(66560K)] 445057K->379489K(586240K), 0.0024766 secs] [Times: user=0.01 sys=0.00, real=0.01 secs] 
2304.701: [GC (Allocation Failure) [PSYoungGen: 66368K->1456K(66048K)] 444513K->379601K(585728K), 0.0032609 secs] [Times: user=0.01 sys=0.00, real=0.00 secs] 
2304.893: [GC (Allocation Failure) [PSYoungGen: 65968K->1533K(65536K)] 444113K->379678K(585216K), 0.0020821 secs] [Times: user=0.01 sys=0.00, real=0.00 secs] 
2305.008: [GC (Allocation Failure) [PSYoungGen: 65517K->1485K(65024K)] 443662K->379630K(584704K), 0.0015740 secs] [Times: user=0.01 sys=0.00, real=0.00 secs] 
2305.136: [GC (Allocation Failure) [PSYoungGen: 64973K->1517K(71168K)] 443118K->379670K(590848K), 0.0021365 secs] [Times: user=0.01 sys=0.00, real=0.01 secs] 
2305.713: [GC (Allocation Failure) [PSYoungGen: 71149K->1968K(71168K)] 449302K->380121K(590848K), 0.0027759 secs] [Times: user=0.01 sys=0.00, real=0.00 secs] 
2306.494: [GC (Allocation Failure) [PSYoungGen: 71088K->1376K(70144K)] 449241K->379529K(589824K), 0.0045297 secs] [Times: user=0.02 sys=0.00, real=0.01 secs] 
2306.870: [GC (Allocation Failure) [PSYoungGen: 69984K->1376K(69632K)] 448137K->379529K(589312K), 0.0020908 secs] [Times: user=0.00 sys=0.00, real=0.00 secs] 
2307.153: [GC (Allocation Failure) [PSYoungGen: 69472K->1376K(69120K)] 447625K->379529K(588800K), 0.0021629 secs] [Times: user=0.01 sys=0.00, real=0.00 secs] 
2307.491: [GC (Allocation Failure) [PSYoungGen: 68960K->1344K(68608K)] 447113K->379497K(588288K), 0.0018566 secs] [Times: user=0.00 sys=0.00, real=0.00 secs] 
2307.649: [GC (Allocation Failure) [PSYoungGen: 68416K->1469K(68096K)] 446569K->379622K(587776K), 0.0017675 secs] [Times: user=0.00 sys=0.00, real=0.00 secs] 
2307.767: [GC (Allocation Failure) [PSYoungGen: 68029K->1469K(67584K)] 446182K->379622K(587264K), 0.0016743 secs] [Times: user=0.01 sys=0.00, real=0.01 secs] 
2307.902: [GC (Allocation Failure) [PSYoungGen: 67517K->1517K(68608K)] 445670K->379686K(588288K), 0.0019305 secs] [Times: user=0.01 sys=0.00, real=0.00 secs] 
2308.282: [GC (Allocation Failure) [PSYoungGen: 68077K->1984K(68096K)] 446246K->380665K(587776K), 0.0019619 secs] [Times: user=0.01 sys=0.00, real=0.00 secs] 
2309.177: [GC (Allocation Failure) [PSYoungGen: 68032K->1344K(67072K)] 446713K->380025K(586752K), 0.0022664 secs] [Times: user=0.01 sys=0.00, real=0.00 secs] 
2309.500: [GC (Allocation Failure) [PSYoungGen: 66880K->320K(65536K)] 445561K->380025K(585216K), 0.0031042 secs] [Times: user=0.01 sys=0.00, real=0.00 secs] 
2310.100: [GC (Allocation Failure) [PSYoungGen: 65344K->352K(65024K)] 445049K->380057K(584704K), 0.0020760 secs] [Times: user=0.01 sys=0.00, real=0.00 secs] 
2310.843: [GC (Allocation Failure) [PSYoungGen: 64864K->320K(64512K)] 444569K->380025K(584192K), 0.0034097 secs] [Times: user=0.01 sys=0.00, real=0.00 secs] 
2311.239: [GC (Allocation Failure) [PSYoungGen: 64320K->1469K(66048K)] 444025K->381174K(585728K), 0.0021464 secs] [Times: user=0.01 sys=0.00, real=0.00 secs] 
2311.367: [GC (Allocation Failure) [PSYoungGen: 64957K->1456K(64512K)] 444662K->381161K(584192K), 0.0017423 secs] [Times: user=0.01 sys=0.00, real=0.00 secs] 
2311.478: [GC (Allocation Failure) [PSYoungGen: 64432K->1469K(64000K)] 444137K->381190K(583680K), 0.0017311 secs] [Times: user=0.00 sys=0.00, real=0.00 secs] 
2311.589: [GC (Allocation Failure) [PSYoungGen: 63933K->1501K(67584K)] 443654K->381222K(587264K), 0.0019516 secs] [Times: user=0.00 sys=0.00, real=0.00 secs] 
2311.853: [GC (Allocation Failure) [PSYoungGen: 66525K->1440K(67584K)] 446246K->381161K(587264K), 0.0018023 secs] [Times: user=0.01 sys=0.00, real=0.00 secs] 
2312.123: [GC (Allocation Failure) [PSYoungGen: 66464K->1408K(66048K)] 446185K->381129K(585728K), 0.0018062 secs] [Times: user=0.01 sys=0.00, real=0.00 secs] 
2312.395: [GC (Allocation Failure) [PSYoungGen: 65920K->1344K(65536K)] 445641K->381065K(585216K), 0.0032228 secs] [Times: user=0.01 sys=0.00, real=0.01 secs] 
2312.665: [GC (Allocation Failure) [PSYoungGen: 65344K->1408K(65024K)] 445065K->381129K(584704K), 0.0022741 secs] [Times: user=0.01 sys=0.00, real=0.01 secs] 
2312.905: [GC (Allocation Failure) [PSYoungGen: 64894K->1421K(64512K)] 444615K->381142K(584192K), 0.0020066 secs] [Times: user=0.01 sys=0.00, real=0.01 secs] 
2313.025: [GC (Allocation Failure) [PSYoungGen: 64397K->1533K(70656K)] 444118K->381254K(590336K), 0.0017869 secs] [Times: user=0.00 sys=0.00, real=0.00 secs] 
2313.157: [GC (Allocation Failure) [PSYoungGen: 70653K->1485K(71168K)] 450374K->381214K(590848K), 0.0019033 secs] [Times: user=0.00 sys=0.00, real=0.01 secs] 
2313.311: [GC (Allocation Failure) [PSYoungGen: 70605K->1504K(77824K)] 450334K->381233K(597504K), 0.0019719 secs] [Times: user=0.00 sys=0.00, real=0.00 secs] 
2313.847: [GC (Allocation Failure) [PSYoungGen: 77280K->1456K(76800K)] 457009K->381185K(596480K), 0.0021786 secs] [Times: user=0.01 sys=0.00, real=0.00 secs] 
2314.608: [GC (Allocation Failure) [PSYoungGen: 76720K->1344K(76288K)] 456449K->381073K(595968K), 0.0041415 secs] [Times: user=0.02 sys=0.00, real=0.00 secs] 
2315.218: [GC (Allocation Failure) [PSYoungGen: 76096K->1376K(75776K)] 455825K->381105K(595456K), 0.0022117 secs] [Times: user=0.01 sys=0.00, real=0.00 secs] 
2315.960: [GC (Allocation Failure) [PSYoungGen: 75616K->1376K(75264K)] 455345K->381113K(594944K), 0.0023751 secs] [Times: user=0.01 sys=0.00, real=0.00 secs] 
2316.318: [GC (Allocation Failure) [PSYoungGen: 75104K->1469K(74752K)] 454841K->381238K(594432K), 0.0017467 secs] [Times: user=0.01 sys=0.00, real=0.00 secs] 
2316.446: [GC (Allocation Failure) [PSYoungGen: 74685K->1517K(74240K)] 454454K->381286K(593920K), 0.0017983 secs] [Times: user=0.01 sys=0.00, real=0.01 secs] 
2316.575: [GC (Allocation Failure) [PSYoungGen: 74221K->1485K(73728K)] 453990K->381254K(593408K), 0.0016674 secs] [Times: user=0.01 sys=0.00, real=0.00 secs] 
2316.770: [GC (Allocation Failure) [PSYoungGen: 73677K->1408K(73216K)] 453446K->381177K(592896K), 0.0019006 secs] [Times: user=0.00 sys=0.00, real=0.00 secs] 
2317.067: [GC (Allocation Failure) [PSYoungGen: 73088K->1376K(72704K)] 452857K->381145K(592384K), 0.0018692 secs] [Times: user=0.01 sys=0.00, real=0.00 secs] 
2317.510: [GC (Allocation Failure) [PSYoungGen: 72544K->1328K(72192K)] 452313K->381097K(591872K), 0.0021630 secs] [Times: user=0.01 sys=0.00, real=0.00 secs] 
2318.215: [GC (Allocation Failure) [PSYoungGen: 71984K->1376K(71680K)] 451753K->381145K(591360K), 0.0022735 secs] [Times: user=0.00 sys=0.01, real=0.01 secs] 
2318.962: [GC (Allocation Failure) [PSYoungGen: 71520K->1424K(71168K)] 451289K->381193K(590848K), 0.0026365 secs] [Times: user=0.01 sys=0.00, real=0.00 secs] 
2319.152: [GC (Allocation Failure) [PSYoungGen: 71056K->1469K(70656K)] 450825K->381238K(590336K), 0.0016343 secs] [Times: user=0.00 sys=0.00, real=0.00 secs] 
2319.275: [GC (Allocation Failure) [PSYoungGen: 70589K->1501K(70144K)] 450358K->381270K(589824K), 0.0015860 secs] [Times: user=0.01 sys=0.00, real=0.00 secs] 
2319.395: [GC (Allocation Failure) [PSYoungGen: 70097K->1469K(69632K)] 449866K->381238K(589312K), 0.0016625 secs] [Times: user=0.01 sys=0.00, real=0.00 secs] 
2319.719: [GC (Allocation Failure) [PSYoungGen: 69565K->1424K(69120K)] 449334K->381193K(588800K), 0.0020994 secs] [Times: user=0.01 sys=0.00, real=0.00 secs] 
2320.108: [GC (Allocation Failure) [PSYoungGen: 69008K->1376K(68608K)] 448777K->381145K(588288K), 0.0021383 secs] [Times: user=0.00 sys=0.00, real=0.00 secs] 
2320.391: [GC (Allocation Failure) [PSYoungGen: 68448K->1344K(68096K)] 448217K->381113K(587776K), 0.0021248 secs] [Times: user=0.01 sys=0.00, real=0.00 secs] 
2320.753: [GC (Allocation Failure) [PSYoungGen: 67904K->1312K(67584K)] 447673K->381081K(587264K), 0.0021368 secs] [Times: user=0.01 sys=0.00, real=0.00 secs] 
2321.071: [GC (Allocation Failure) [PSYoungGen: 67360K->1453K(67072K)] 447129K->381222K(586752K), 0.0019211 secs] [Times: user=0.01 sys=0.00, real=0.00 secs] 
2321.192: [GC (Allocation Failure) [PSYoungGen: 66989K->1405K(66560K)] 446758K->381174K(586240K), 0.0017378 secs] [Times: user=0.01 sys=0.00, real=0.00 secs] 
2321.309: [GC (Allocation Failure) [PSYoungGen: 66429K->1533K(66048K)] 446198K->381302K(585728K), 0.0017396 secs] [Times: user=0.01 sys=0.00, real=0.00 secs] 
2321.425: [GC (Allocation Failure) [PSYoungGen: 66045K->1469K(66560K)] 445814K->381246K(586240K), 0.0017378 secs] [Times: user=0.01 sys=0.00, real=0.00 secs] 
2322.093: [GC (Allocation Failure) [PSYoungGen: 65981K->1408K(65536K)] 445758K->381185K(585216K), 0.0024416 secs] [Times: user=0.01 sys=0.00, real=0.00 secs] 
2323.068: [GC (Allocation Failure) [PSYoungGen: 65408K->1408K(65024K)] 445185K->381185K(584704K), 0.0038514 secs] [Times: user=0.02 sys=0.00, real=0.00 secs] 
2323.728: [GC (Allocation Failure) [PSYoungGen: 64896K->1376K(64512K)] 444673K->381153K(584192K), 0.0029176 secs] [Times: user=0.01 sys=0.00, real=0.00 secs] 
2324.273: [GC (Allocation Failure) [PSYoungGen: 64352K->1392K(64000K)] 444129K->381169K(583680K), 0.0029982 secs] [Times: user=0.01 sys=0.00, real=0.00 secs] 
2324.684: [GC (Allocation Failure) [PSYoungGen: 63856K->1344K(63488K)] 443633K->381121K(583168K), 0.0021235 secs] [Times: user=0.00 sys=0.01, real=0.00 secs] 
2324.840: [GC (Allocation Failure) [PSYoungGen: 63296K->1533K(62976K)] 443073K->381310K(582656K), 0.0016979 secs] [Times: user=0.00 sys=0.00, real=0.00 secs] 
2324.948: [GC (Allocation Failure) [PSYoungGen: 62973K->1437K(62464K)] 442750K->381214K(582144K), 0.0017396 secs] [Times: user=0.00 sys=0.00, real=0.00 secs] 
2325.057: [GC (Allocation Failure) [PSYoungGen: 62365K->1501K(68608K)] 442142K->381286K(588288K), 0.0017644 secs] [Times: user=0.00 sys=0.00, real=0.01 secs] 
2325.175: [GC (Allocation Failure) [PSYoungGen: 68556K->1453K(69120K)] 448341K->381238K(588800K), 0.0016489 secs] [Times: user=0.01 sys=0.00, real=0.00 secs] 
2325.868: [GC (Allocation Failure) [PSYoungGen: 68525K->1424K(68096K)] 448310K->381209K(587776K), 0.0018523 secs] [Times: user=0.00 sys=0.00, real=0.00 secs] 
2326.703: [GC (Allocation Failure) [PSYoungGen: 67984K->1344K(67584K)] 447769K->381129K(587264K), 0.0033257 secs] [Times: user=0.01 sys=0.01, real=0.00 secs] 
2327.272: [GC (Allocation Failure) [PSYoungGen: 67392K->1376K(67072K)] 447177K->381161K(586752K), 0.0030484 secs] [Times: user=0.01 sys=0.00, real=0.00 secs] 
2327.977: [GC (Allocation Failure) [PSYoungGen: 66912K->1376K(66560K)] 446697K->381161K(586240K), 0.0025835 secs] [Times: user=0.01 sys=0.00, real=0.00 secs] 
2328.438: [GC (Allocation Failure) [PSYoungGen: 66400K->1405K(66048K)] 446185K->381214K(585728K), 0.0022572 secs] [Times: user=0.00 sys=0.00, real=0.00 secs] 
2328.568: [GC (Allocation Failure) [PSYoungGen: 65898K->1501K(65536K)] 445708K->381310K(585216K), 0.0017604 secs] [Times: user=0.00 sys=0.00, real=0.00 secs] 
2328.681: [GC (Allocation Failure) [PSYoungGen: 65501K->1533K(65024K)] 445310K->381358K(584704K), 0.0017205 secs] [Times: user=0.01 sys=0.00, real=0.00 secs] 
2328.793: [GC (Allocation Failure) [PSYoungGen: 65021K->1453K(65536K)] 444846K->381278K(585216K), 0.0016320 secs] [Times: user=0.01 sys=0.00, real=0.00 secs] 
2329.250: [GC (Allocation Failure) [PSYoungGen: 64941K->1360K(64512K)] 444766K->381185K(584192K), 0.0017769 secs] [Times: user=0.00 sys=0.00, real=0.00 secs] 
2330.133: [GC (Allocation Failure) [PSYoungGen: 64336K->1344K(64000K)] 444161K->381169K(583680K), 0.0041532 secs] [Times: user=0.01 sys=0.00, real=0.01 secs] 
2331.040: [GC (Allocation Failure) [PSYoungGen: 63808K->1376K(63488K)] 443633K->381201K(583168K), 0.0039154 secs] [Times: user=0.02 sys=0.00, real=0.00 secs] 
2331.721: [GC (Allocation Failure) [PSYoungGen: 63328K->1376K(62976K)] 443153K->381201K(582656K), 0.0027905 secs] [Times: user=0.01 sys=0.00, real=0.00 secs] 
2332.236: [GC (Allocation Failure) [PSYoungGen: 62816K->1437K(62464K)] 442641K->381262K(582144K), 0.0027996 secs] [Times: user=0.01 sys=0.00, real=0.01 secs] 
2332.429: [GC (Allocation Failure) [PSYoungGen: 62365K->1437K(61952K)] 442190K->381262K(581632K), 0.0026226 secs] [Times: user=0.01 sys=0.00, real=0.00 secs] 
2332.571: [GC (Allocation Failure) [PSYoungGen: 61853K->1469K(61440K)] 441678K->381294K(581120K), 0.0017290 secs] [Times: user=0.01 sys=0.00, real=0.00 secs] 
2332.677: [GC (Allocation Failure) [PSYoungGen: 61373K->1485K(61952K)] 441198K->381318K(581632K), 0.0016037 secs] [Times: user=0.01 sys=0.00, real=0.00 secs] 
2332.784: [GC (Allocation Failure) [PSYoungGen: 61389K->1501K(61952K)] 441222K->381334K(581632K), 0.0016026 secs] [Times: user=0.00 sys=0.00, real=0.00 secs] 
2333.549: [GC (Allocation Failure) [PSYoungGen: 61405K->1424K(61440K)] 441238K->381257K(581120K), 0.0037945 secs] [Times: user=0.02 sys=0.00, real=0.00 secs] 
2334.380: [GC (Allocation Failure) [PSYoungGen: 61328K->1376K(61440K)] 441161K->381209K(581120K), 0.0040244 secs] [Times: user=0.01 sys=0.00, real=0.00 secs] 
2334.925: [GC (Allocation Failure) [PSYoungGen: 61280K->1376K(61440K)] 441113K->381209K(581120K), 0.0026851 secs] [Times: user=0.00 sys=0.00, real=0.01 secs] 
2335.341: [GC (Allocation Failure) [PSYoungGen: 61280K->1344K(61440K)] 441113K->381177K(581120K), 0.0021150 secs] [Times: user=0.01 sys=0.00, real=0.00 secs] 
2335.669: [GC (Allocation Failure) [PSYoungGen: 61248K->1453K(61440K)] 441081K->381286K(581120K), 0.0019992 secs] [Times: user=0.01 sys=0.00, real=0.00 secs] 
2335.788: [GC (Allocation Failure) [PSYoungGen: 61357K->1501K(61440K)] 441190K->381334K(581120K), 0.0017704 secs] [Times: user=0.01 sys=0.00, real=0.00 secs] 
2335.894: [GC (Allocation Failure) [PSYoungGen: 61405K->1469K(64512K)] 441238K->381310K(584192K), 0.0016535 secs] [Times: user=0.00 sys=0.00, real=0.00 secs] 
2336.005: [GC (Allocation Failure) [PSYoungGen: 64445K->1517K(65024K)] 444286K->381358K(584704K), 0.0016005 secs] [Times: user=0.00 sys=0.00, real=0.00 secs] 
2336.116: [GC (Allocation Failure) [PSYoungGen: 64493K->1517K(71168K)] 444334K->381358K(590848K), 0.0016345 secs] [Times: user=0.01 sys=0.00, real=0.01 secs] 
2337.401: [GC (Allocation Failure) [PSYoungGen: 70637K->1392K(70144K)] 450478K->381257K(589824K), 0.0037848 secs] [Times: user=0.02 sys=0.00, real=0.00 secs] 
2338.725: [GC (Allocation Failure) [PSYoungGen: 70000K->1376K(69632K)] 449865K->381241K(589312K), 0.0031695 secs] [Times: user=0.02 sys=0.00, real=0.01 secs] 
2339.353: [GC (Allocation Failure) [PSYoungGen: 69472K->1312K(69120K)] 449337K->381177K(588800K), 0.0030612 secs] [Times: user=0.01 sys=0.00, real=0.00 secs] 
2339.840: [GC (Allocation Failure) [PSYoungGen: 68896K->1344K(68608K)] 448761K->381209K(588288K), 0.0023737 secs] [Times: user=0.01 sys=0.00, real=0.00 secs] 
2340.090: [GC (Allocation Failure) [PSYoungGen: 68416K->1504K(68096K)] 448281K->381369K(587776K), 0.0016245 secs] [Times: user=0.01 sys=0.00, real=0.00 secs] 
2340.207: [GC (Allocation Failure) [PSYoungGen: 68064K->1501K(67584K)] 447929K->381366K(587264K), 0.0017512 secs] [Times: user=0.00 sys=0.00, real=0.00 secs] 
2340.324: [GC (Allocation Failure) [PSYoungGen: 67549K->1469K(67072K)] 447414K->381342K(586752K), 0.0016698 secs] [Times: user=0.00 sys=0.00, real=0.00 secs] 
2340.440: [GC (Allocation Failure) [PSYoungGen: 67005K->1485K(67584K)] 446878K->381358K(587264K), 0.0015955 secs] [Times: user=0.01 sys=0.00, real=0.00 secs] 
2341.122: [GC (Allocation Failure) [PSYoungGen: 67021K->1376K(66560K)] 446894K->381249K(586240K), 0.0021105 secs] [Times: user=0.01 sys=0.00, real=0.00 secs] 
2341.709: [GC (Allocation Failure) [PSYoungGen: 66400K->1376K(66048K)] 446273K->381249K(585728K), 0.0021709 secs] [Times: user=0.01 sys=0.01, real=0.00 secs] 
2342.297: [GC (Allocation Failure) [PSYoungGen: 65888K->1376K(65536K)] 445761K->381249K(585216K), 0.0021766 secs] [Times: user=0.01 sys=0.00, real=0.00 secs] 
2342.581: [GC (Allocation Failure) [PSYoungGen: 65376K->1376K(65024K)] 445249K->381249K(584704K), 0.0021352 secs] [Times: user=0.01 sys=0.00, real=0.00 secs] 
2342.882: [GC (Allocation Failure) [PSYoungGen: 64864K->1437K(64512K)] 444737K->381310K(584192K), 0.0020164 secs] [Times: user=0.01 sys=0.00, real=0.00 secs] 
2342.996: [GC (Allocation Failure) [PSYoungGen: 64413K->1469K(64000K)] 444286K->381342K(583680K), 0.0018185 secs] [Times: user=0.00 sys=0.00, real=0.01 secs] 
2343.107: [GC (Allocation Failure) [PSYoungGen: 63933K->1517K(64512K)] 443806K->381390K(584192K), 0.0016754 secs] [Times: user=0.01 sys=0.00, real=0.00 secs] 
2343.219: [GC (Allocation Failure) [PSYoungGen: 63981K->1501K(70656K)] 443854K->381382K(590336K), 0.0015683 secs] [Times: user=0.00 sys=0.00, real=0.00 secs] 
2343.466: [GC (Allocation Failure) [PSYoungGen: 70109K->1456K(70656K)] 449990K->381337K(590336K), 0.0017889 secs] [Times: user=0.00 sys=0.00, real=0.01 secs] 
2343.759: [GC (Allocation Failure) [PSYoungGen: 70064K->1408K(69632K)] 449945K->381289K(589312K), 0.0019221 secs] [Times: user=0.00 sys=0.00, real=0.00 secs] 
2344.042: [GC (Allocation Failure) [PSYoungGen: 69504K->1344K(69120K)] 449385K->381225K(588800K), 0.0018387 secs] [Times: user=0.00 sys=0.00, real=0.00 secs] 
2344.374: [GC (Allocation Failure) [PSYoungGen: 68928K->1440K(68608K)] 448809K->381321K(588288K), 0.0018797 secs] [Times: user=0.01 sys=0.00, real=0.00 secs] 
2344.672: [GC (Allocation Failure) [PSYoungGen: 68512K->1469K(68096K)] 448393K->381350K(587776K), 0.0021096 secs] [Times: user=0.01 sys=0.00, real=0.00 secs] 
2344.795: [GC (Allocation Failure) [PSYoungGen: 68029K->1517K(67584K)] 447910K->381398K(587264K), 0.0016326 secs] [Times: user=0.01 sys=0.00, real=0.01 secs] 
2344.912: [GC (Allocation Failure) [PSYoungGen: 67565K->1501K(73728K)] 447446K->381382K(593408K), 0.0017081 secs] [Times: user=0.00 sys=0.00, real=0.00 secs] 
2345.039: [GC (Allocation Failure) [PSYoungGen: 73693K->1533K(74240K)] 453574K->381430K(593920K), 0.0017683 secs] [Times: user=0.00 sys=0.00, real=0.00 secs] 
2345.333: [GC (Allocation Failure) [PSYoungGen: 73725K->1392K(73216K)] 453622K->381313K(592896K), 0.0018719 secs] [Times: user=0.01 sys=0.00, real=0.00 secs] 
2345.644: [GC (Allocation Failure) [PSYoungGen: 73072K->1328K(72704K)] 452993K->381249K(592384K), 0.0017981 secs] [Times: user=0.01 sys=0.00, real=0.00 secs] 
2345.998: [GC (Allocation Failure) [PSYoungGen: 72496K->1376K(72192K)] 452417K->381297K(591872K), 0.0019891 secs] [Times: user=0.00 sys=0.00, real=0.00 secs] 
2346.326: [GC (Allocation Failure) [PSYoungGen: 72032K->1312K(71680K)] 451953K->381233K(591360K), 0.0020499 secs] [Times: user=0.01 sys=0.00, real=0.01 secs] 
2346.622: [GC (Allocation Failure) [PSYoungGen: 71437K->1469K(71168K)] 451358K->381390K(590848K), 0.0017792 secs] [Times: user=0.01 sys=0.00, real=0.00 secs] 
2346.746: [GC (Allocation Failure) [PSYoungGen: 71101K->1565K(71168K)] 451022K->381486K(590848K), 0.0017424 secs] [Times: user=0.01 sys=0.00, real=0.01 secs] 
2346.868: [GC (Allocation Failure) [PSYoungGen: 70685K->1469K(71680K)] 450606K->381390K(591360K), 0.0018309 secs] [Times: user=0.01 sys=0.00, real=0.00 secs] 
2346.991: [GC (Allocation Failure) [PSYoungGen: 71101K->1453K(77824K)] 451022K->381382K(597504K), 0.0015439 secs] [Times: user=0.00 sys=0.00, real=0.00 secs] 
2348.647: [GC (Allocation Failure) [PSYoungGen: 77229K->1376K(76800K)] 457158K->381305K(596480K), 0.0040931 secs] [Times: user=0.02 sys=0.00, real=0.00 secs] 
2349.369: [GC (Allocation Failure) [PSYoungGen: 76640K->1344K(76288K)] 456569K->381273K(595968K), 0.0028524 secs] [Times: user=0.02 sys=0.00, real=0.00 secs] 
2349.987: [GC (Allocation Failure) [PSYoungGen: 76096K->1344K(75776K)] 456025K->381273K(595456K), 0.0030083 secs] [Times: user=0.01 sys=0.00, real=0.00 secs] 
2350.485: [GC (Allocation Failure) [PSYoungGen: 75584K->1456K(75264K)] 455513K->381385K(594944K), 0.0022681 secs] [Times: user=0.01 sys=0.00, real=0.01 secs] 
2350.637: [GC (Allocation Failure) [PSYoungGen: 75184K->1424K(74752K)] 455113K->381353K(594432K), 0.0016873 secs] [Times: user=0.01 sys=0.00, real=0.00 secs] 
2350.765: [GC (Allocation Failure) [PSYoungGen: 74640K->1501K(74240K)] 454569K->381430K(593920K), 0.0018088 secs] [Times: user=0.01 sys=0.00, real=0.01 secs] 
2350.894: [GC (Allocation Failure) [PSYoungGen: 74205K->1469K(73728K)] 454134K->381398K(593408K), 0.0017754 secs] [Times: user=0.00 sys=0.00, real=0.00 secs] 
2351.563: [GC (Allocation Failure) [PSYoungGen: 73661K->1408K(73216K)] 453590K->381337K(592896K), 0.0021238 secs] [Times: user=0.00 sys=0.00, real=0.00 secs] 
2352.507: [GC (Allocation Failure) [PSYoungGen: 73088K->1344K(72704K)] 453017K->381273K(592384K), 0.0040112 secs] [Times: user=0.02 sys=0.00, real=0.00 secs] 
2353.300: [GC (Allocation Failure) [PSYoungGen: 72512K->1344K(72192K)] 452441K->381273K(591872K), 0.0027064 secs] [Times: user=0.00 sys=0.00, real=0.00 secs] 
2354.144: [GC (Allocation Failure) [PSYoungGen: 72000K->1376K(71680K)] 451929K->381305K(591360K), 0.0037348 secs] [Times: user=0.01 sys=0.00, real=0.01 secs] 
2354.638: [GC (Allocation Failure) [PSYoungGen: 71520K->1453K(71168K)] 451449K->381382K(590848K), 0.0022354 secs] [Times: user=0.01 sys=0.00, real=0.00 secs] 
2354.785: [GC (Allocation Failure) [PSYoungGen: 71085K->1485K(70656K)] 451014K->381414K(590336K), 0.0017254 secs] [Times: user=0.01 sys=0.00, real=0.00 secs] 
2354.907: [GC (Allocation Failure) [PSYoungGen: 70605K->1469K(70144K)] 450534K->381398K(589824K), 0.0019697 secs] [Times: user=0.01 sys=0.00, real=0.00 secs] 
2355.046: [GC (Allocation Failure) [PSYoungGen: 70056K->1517K(70656K)] 449986K->381446K(590336K), 0.0019474 secs] [Times: user=0.00 sys=0.00, real=0.01 secs] 
2355.662: [GC (Allocation Failure) [PSYoungGen: 70125K->1408K(69632K)] 450054K->381337K(589312K), 0.0020551 secs] [Times: user=0.01 sys=0.00, real=0.00 secs] 
2356.267: [GC (Allocation Failure) [PSYoungGen: 69504K->1344K(69120K)] 449433K->381273K(588800K), 0.0023917 secs] [Times: user=0.01 sys=0.00, real=0.00 secs] 
2356.769: [GC (Allocation Failure) [PSYoungGen: 68928K->1376K(68608K)] 448857K->381305K(588288K), 0.0024545 secs] [Times: user=0.01 sys=0.00, real=0.00 secs] 
2357.394: [GC (Allocation Failure) [PSYoungGen: 68448K->1376K(68096K)] 448377K->381305K(587776K), 0.0026213 secs] [Times: user=0.01 sys=0.00, real=0.00 secs] 
2357.668: [GC (Allocation Failure) [PSYoungGen: 67909K->1472K(67584K)] 447838K->381401K(587264K), 0.0019537 secs] [Times: user=0.01 sys=0.00, real=0.00 secs] 
2357.788: [GC (Allocation Failure) [PSYoungGen: 67520K->1533K(67072K)] 447449K->381462K(586752K), 0.0017916 secs] [Times: user=0.01 sys=0.00, real=0.00 secs] 
2357.903: [GC (Allocation Failure) [PSYoungGen: 67051K->1517K(66560K)] 446980K->381446K(586240K), 0.0015932 secs] [Times: user=0.01 sys=0.00, real=0.00 secs] 
2358.018: [GC (Allocation Failure) [PSYoungGen: 66541K->1421K(73728K)] 446470K->381374K(593408K), 0.0015500 secs] [Times: user=0.01 sys=0.00, real=0.00 secs] 
2358.857: [GC (Allocation Failure) [PSYoungGen: 73101K->1408K(72704K)] 453054K->381361K(592384K), 0.0026679 secs] [Times: user=0.01 sys=0.00, real=0.00 secs] 
2359.593: [GC (Allocation Failure) [PSYoungGen: 72576K->1312K(72192K)] 452529K->381265K(591872K), 0.0030471 secs] [Times: user=0.01 sys=0.00, real=0.00 secs] 
2360.326: [GC (Allocation Failure) [PSYoungGen: 71968K->1360K(71680K)] 451921K->381313K(591360K), 0.0037475 secs] [Times: user=0.01 sys=0.00, real=0.01 secs] 
2360.826: [GC (Allocation Failure) [PSYoungGen: 71504K->1376K(71168K)] 451457K->381329K(590848K), 0.0029107 secs] [Times: user=0.01 sys=0.00, real=0.01 secs] 
2361.063: [GC (Allocation Failure) [PSYoungGen: 71008K->1469K(70656K)] 450961K->381422K(590336K), 0.0016847 secs] [Times: user=0.01 sys=0.00, real=0.00 secs] 
2361.205: [GC (Allocation Failure) [PSYoungGen: 70589K->1469K(70144K)] 450542K->381422K(589824K), 0.0028647 secs] [Times: user=0.01 sys=0.00, real=0.01 secs] 
2361.359: [GC (Allocation Failure) [PSYoungGen: 70077K->1440K(70656K)] 450030K->381393K(590336K), 0.0018050 secs] [Times: user=0.01 sys=0.00, real=0.00 secs] 
2361.621: [GC (Allocation Failure) [PSYoungGen: 70048K->1440K(69632K)] 450001K->381393K(589312K), 0.0022693 secs] [Times: user=0.01 sys=0.01, real=0.00 secs] 
2362.008: [GC (Allocation Failure) [PSYoungGen: 69536K->1376K(69120K)] 449489K->381329K(588800K), 0.0022181 secs] [Times: user=0.01 sys=0.00, real=0.00 secs] 
2362.404: [GC (Allocation Failure) [PSYoungGen: 68960K->1344K(68608K)] 448913K->381297K(588288K), 0.0021155 secs] [Times: user=0.01 sys=0.00, real=0.00 secs] 
2362.808: [GC (Allocation Failure) [PSYoungGen: 68416K->1344K(68096K)] 448369K->381297K(587776K), 0.0020510 secs] [Times: user=0.01 sys=0.00, real=0.00 secs] 
2363.324: [GC (Allocation Failure) [PSYoungGen: 67904K->1344K(67584K)] 447857K->381297K(587264K), 0.0030539 secs] [Times: user=0.01 sys=0.00, real=0.00 secs] 
2363.544: [GC (Allocation Failure) [PSYoungGen: 67392K->1469K(67072K)] 447345K->381422K(586752K), 0.0016667 secs] [Times: user=0.01 sys=0.00, real=0.00 secs] 
2363.661: [GC (Allocation Failure) [PSYoungGen: 67005K->1469K(66560K)] 446958K->381422K(586240K), 0.0016697 secs] [Times: user=0.01 sys=0.00, real=0.00 secs] 
2363.775: [GC (Allocation Failure) [PSYoungGen: 66493K->1533K(67072K)] 446446K->381486K(586752K), 0.0017691 secs] [Times: user=0.00 sys=0.00, real=0.01 secs] 
2363.890: [GC (Allocation Failure) [PSYoungGen: 66557K->1280K(67072K)] 446510K->381233K(586752K), 0.0016394 secs] [Times: user=0.01 sys=0.00, real=0.00 secs] 
2364.736: [GC (Allocation Failure) [PSYoungGen: 66304K->1344K(66048K)] 446257K->381297K(585728K), 0.0020374 secs] [Times: user=0.01 sys=0.01, real=0.01 secs] 
2365.414: [GC (Allocation Failure) [PSYoungGen: 65856K->1344K(65536K)] 445809K->381297K(585216K), 0.0031317 secs] [Times: user=0.02 sys=0.00, real=0.01 secs] 
2366.117: [GC (Allocation Failure) [PSYoungGen: 65344K->1344K(65024K)] 445297K->381297K(584704K), 0.0035534 secs] [Times: user=0.02 sys=0.00, real=0.00 secs] 
2366.816: [GC (Allocation Failure) [PSYoungGen: 64832K->1376K(64512K)] 444785K->381329K(584192K), 0.0030194 secs] [Times: user=0.01 sys=0.01, real=0.01 secs] 
2367.215: [GC (Allocation Failure) [PSYoungGen: 64352K->1469K(64000K)] 444305K->381422K(583680K), 0.0022303 secs] [Times: user=0.01 sys=0.00, real=0.01 secs] 
2367.344: [GC (Allocation Failure) [PSYoungGen: 63933K->1485K(63488K)] 443886K->381454K(583168K), 0.0016769 secs] [Times: user=0.01 sys=0.00, real=0.00 secs] 
2367.453: [GC (Allocation Failure) [PSYoungGen: 63437K->1501K(62976K)] 443406K->381486K(582656K), 0.0016933 secs] [Times: user=0.01 sys=0.00, real=0.00 secs] 
2367.561: [GC (Allocation Failure) [PSYoungGen: 62941K->1533K(69120K)] 442926K->381518K(588800K), 0.0017649 secs] [Times: user=0.01 sys=0.00, real=0.00 secs] 
2368.085: [GC (Allocation Failure) [PSYoungGen: 69117K->1408K(68608K)] 449102K->381393K(588288K), 0.0024633 secs] [Times: user=0.01 sys=0.01, real=0.01 secs] 
2368.635: [GC (Allocation Failure) [PSYoungGen: 68480K->1376K(68096K)] 448465K->381361K(587776K), 0.0022709 secs] [Times: user=0.01 sys=0.00, real=0.01 secs] 
2369.201: [GC (Allocation Failure) [PSYoungGen: 67936K->1312K(67584K)] 447921K->381297K(587264K), 0.0023913 secs] [Times: user=0.01 sys=0.00, real=0.00 secs] 
2369.699: [GC (Allocation Failure) [PSYoungGen: 67360K->1376K(67072K)] 447345K->381361K(586752K), 0.0025619 secs] [Times: user=0.01 sys=0.00, real=0.00 secs] 
2370.145: [GC (Allocation Failure) [PSYoungGen: 66912K->1389K(66560K)] 446897K->381374K(586240K), 0.0021452 secs] [Times: user=0.00 sys=0.00, real=0.01 secs] 
2370.275: [GC (Allocation Failure) [PSYoungGen: 66413K->1501K(66048K)] 446398K->381486K(585728K), 0.0017662 secs] [Times: user=0.01 sys=0.00, real=0.00 secs] 
2370.388: [GC (Allocation Failure) [PSYoungGen: 66013K->1501K(65536K)] 445998K->381494K(585216K), 0.0017300 secs] [Times: user=0.01 sys=0.00, real=0.00 secs] 
2370.502: [GC (Allocation Failure) [PSYoungGen: 65501K->1421K(66048K)] 445494K->381422K(585728K), 0.0015840 secs] [Times: user=0.01 sys=0.00, real=0.00 secs] 
2370.814: [GC (Allocation Failure) [PSYoungGen: 65421K->1472K(72192K)] 445422K->381473K(591872K), 0.0357132 secs] [Times: user=0.00 sys=0.18, real=0.04 secs] 
2371.486: [GC (Allocation Failure) [PSYoungGen: 71616K->1376K(72192K)] 451617K->381385K(591872K), 0.0021156 secs] [Times: user=0.01 sys=0.00, real=0.01 secs] 
2372.123: [GC (Allocation Failure) [PSYoungGen: 71520K->1344K(80896K)] 451529K->381353K(600576K), 0.0022747 secs] [Times: user=0.01 sys=0.00, real=0.00 secs] 
2372.822: [GC (Allocation Failure) [PSYoungGen: 80704K->1360K(81920K)] 460713K->381369K(601600K), 0.0024811 secs] [Times: user=0.01 sys=0.00, real=0.00 secs] 
2373.421: [GC (Allocation Failure) [PSYoungGen: 81232K->1504K(90624K)] 461241K->381521K(610304K), 0.0021769 secs] [Times: user=0.01 sys=0.00, real=0.00 secs] 
2373.594: [GC (Allocation Failure) [PSYoungGen: 90080K->1549K(90624K)] 470097K->381566K(610304K), 0.0016978 secs] [Times: user=0.01 sys=0.00, real=0.00 secs] 
2373.750: [GC (Allocation Failure) [PSYoungGen: 90125K->1517K(99840K)] 470142K->381534K(619520K), 0.0016851 secs] [Times: user=0.01 sys=0.00, real=0.00 secs] 
2374.382: [GC (Allocation Failure) [PSYoungGen: 99309K->1488K(98304K)] 479326K->381505K(617984K), 0.0021654 secs] [Times: user=0.01 sys=0.00, real=0.00 secs] 
2375.614: [GC (Allocation Failure) [PSYoungGen: 98256K->1408K(97280K)] 478273K->381425K(616960K), 0.0024518 secs] [Times: user=0.01 sys=0.00, real=0.00 secs] 
2377.249: [GC (Allocation Failure) [PSYoungGen: 97152K->1376K(96256K)] 477169K->381393K(615936K), 0.0042397 secs] [Times: user=0.01 sys=0.00, real=0.00 secs] 
2378.074: [GC (Allocation Failure) [PSYoungGen: 96096K->1504K(95232K)] 476113K->381521K(614912K), 0.0027090 secs] [Times: user=0.01 sys=0.00, real=0.00 secs] 
2378.308: [GC (Allocation Failure) [PSYoungGen: 95200K->1517K(94208K)] 475217K->381534K(613888K), 0.0022809 secs] [Times: user=0.01 sys=0.00, real=0.00 secs] 
2378.546: [GC (Allocation Failure) [PSYoungGen: 94189K->1533K(93184K)] 474206K->381550K(612864K), 0.0020836 secs] [Times: user=0.01 sys=0.00, real=0.01 secs] 
2380.108: [GC (Allocation Failure) [PSYoungGen: 93181K->1408K(92160K)] 473198K->381425K(611840K), 0.0050698 secs] [Times: user=0.02 sys=0.00, real=0.00 secs] 
2381.446: [GC (Allocation Failure) [PSYoungGen: 92032K->1376K(91136K)] 472049K->381393K(610816K), 0.0027864 secs] [Times: user=0.01 sys=0.00, real=0.01 secs] 
2382.389: [GC (Allocation Failure) [PSYoungGen: 90976K->1344K(90112K)] 470993K->381361K(609792K), 0.0030560 secs] [Times: user=0.02 sys=0.00, real=0.00 secs] 
2383.044: [GC (Allocation Failure) [PSYoungGen: 89920K->1488K(89088K)] 469937K->381513K(608768K), 0.0019244 secs] [Times: user=0.01 sys=0.00, real=0.00 secs] 
2383.201: [GC (Allocation Failure) [PSYoungGen: 89040K->1517K(88576K)] 469065K->381542K(608256K), 0.0017013 secs] [Times: user=0.01 sys=0.00, real=0.00 secs] 
2383.355: [GC (Allocation Failure) [PSYoungGen: 88557K->1517K(88064K)] 468582K->381542K(607744K), 0.0015829 secs] [Times: user=0.00 sys=0.00, real=0.00 secs] 
2384.939: [GC (Allocation Failure) [PSYoungGen: 88045K->1392K(87552K)] 468070K->381417K(607232K), 0.0045030 secs] [Times: user=0.02 sys=0.00, real=0.00 secs] 
2385.427: [GC (Allocation Failure) [PSYoungGen: 87408K->1376K(87040K)] 467433K->381401K(606720K), 0.0022266 secs] [Times: user=0.01 sys=0.00, real=0.00 secs] 
2386.007: [GC (Allocation Failure) [PSYoungGen: 86880K->1344K(86528K)] 466905K->381369K(606208K), 0.0030102 secs] [Times: user=0.02 sys=0.00, real=0.01 secs] 
2386.507: [GC (Allocation Failure) [PSYoungGen: 86336K->1453K(86016K)] 466361K->381478K(605696K), 0.0015787 secs] [Times: user=0.01 sys=0.00, real=0.01 secs] 
2386.655: [GC (Allocation Failure) [PSYoungGen: 85933K->1501K(85504K)] 465958K->381526K(605184K), 0.0018268 secs] [Times: user=0.01 sys=0.00, real=0.01 secs] 
2386.802: [GC (Allocation Failure) [PSYoungGen: 85469K->1488K(84992K)] 465494K->381513K(604672K), 0.0016213 secs] [Times: user=0.01 sys=0.00, real=0.00 secs] 
2387.377: [GC (Allocation Failure) [PSYoungGen: 84944K->1440K(84480K)] 464969K->381465K(604160K), 0.0024979 secs] [Times: user=0.01 sys=0.00, real=0.00 secs] 
2387.848: [GC (Allocation Failure) [PSYoungGen: 84384K->1376K(83968K)] 464409K->381401K(603648K), 0.0020342 secs] [Times: user=0.01 sys=0.00, real=0.00 secs] 
2388.298: [GC (Allocation Failure) [PSYoungGen: 83808K->1344K(83456K)] 463833K->381369K(603136K), 0.0021953 secs] [Times: user=0.01 sys=0.00, real=0.00 secs] 
2389.073: [GC (Allocation Failure) [PSYoungGen: 83264K->1453K(82944K)] 463289K->381478K(602624K), 0.0024479 secs] [Times: user=0.01 sys=0.00, real=0.00 secs] 
2389.259: [GC (Allocation Failure) [PSYoungGen: 82861K->1485K(82432K)] 462886K->381534K(602112K), 0.0017766 secs] [Times: user=0.01 sys=0.00, real=0.00 secs] 
2389.401: [GC (Allocation Failure) [PSYoungGen: 82381K->1469K(81920K)] 462430K->381518K(601600K), 0.0017043 secs] [Times: user=0.01 sys=0.00, real=0.00 secs] 
2389.542: [GC (Allocation Failure) [PSYoungGen: 81853K->1517K(81408K)] 461902K->381566K(601088K), 0.0017410 secs] [Times: user=0.00 sys=0.01, real=0.00 secs] 
2390.208: [GC (Allocation Failure) [PSYoungGen: 81389K->1376K(80896K)] 461438K->381425K(600576K), 0.0023307 secs] [Times: user=0.01 sys=0.00, real=0.00 secs] 
2390.543: [GC (Allocation Failure) [PSYoungGen: 80736K->1376K(80384K)] 460785K->381425K(600064K), 0.0022589 secs] [Times: user=0.01 sys=0.00, real=0.00 secs] 
2391.115: [GC (Allocation Failure) [PSYoungGen: 80224K->1376K(79872K)] 460273K->381433K(599552K), 0.0021034 secs] [Times: user=0.01 sys=0.00, real=0.01 secs] 
2391.646: [GC (Allocation Failure) [PSYoungGen: 79712K->1405K(79360K)] 459769K->381462K(599040K), 0.0022676 secs] [Times: user=0.01 sys=0.00, real=0.01 secs] 
2391.797: [GC (Allocation Failure) [PSYoungGen: 79229K->1501K(78848K)] 459286K->381558K(598528K), 0.0016592 secs] [Times: user=0.01 sys=0.00, real=0.00 secs] 
2391.955: [GC (Allocation Failure) [PSYoungGen: 78813K->1488K(84480K)] 458870K->381545K(604160K), 0.0032936 secs] [Times: user=0.01 sys=0.00, real=0.01 secs] 
2392.150: [GC (Allocation Failure) [PSYoungGen: 83920K->368K(87040K)] 463977K->380425K(606720K), 0.0020305 secs] [Times: user=0.01 sys=0.00, real=0.00 secs] 
2392.743: [GC (Allocation Failure) [PSYoungGen: 85360K->1408K(86016K)] 465417K->381465K(605696K), 0.0021768 secs] [Times: user=0.01 sys=0.00, real=0.00 secs] 
2393.141: [GC (Allocation Failure) [PSYoungGen: 85888K->1344K(85504K)] 465945K->381409K(605184K), 0.0021512 secs] [Times: user=0.01 sys=0.00, real=0.00 secs] 
2393.490: [GC (Allocation Failure) [PSYoungGen: 85312K->1376K(84992K)] 465377K->381441K(604672K), 0.0020905 secs] [Times: user=0.00 sys=0.00, real=0.00 secs] 
2393.763: [GC (Allocation Failure) [PSYoungGen: 84832K->1469K(84480K)] 464897K->381534K(604160K), 0.0016302 secs] [Times: user=0.01 sys=0.00, real=0.00 secs] 
2393.909: [GC (Allocation Failure) [PSYoungGen: 84413K->1469K(83968K)] 464478K->381534K(603648K), 0.0016520 secs] [Times: user=0.01 sys=0.00, real=0.00 secs] 
2394.053: [GC (Allocation Failure) [PSYoungGen: 83901K->1533K(83456K)] 463966K->381598K(603136K), 0.0016985 secs] [Times: user=0.01 sys=0.00, real=0.00 secs] 
2394.346: [GC (Allocation Failure) [PSYoungGen: 83453K->1440K(82944K)] 463518K->381505K(602624K), 0.0020281 secs] [Times: user=0.00 sys=0.00, real=0.01 secs] 
2394.698: [GC (Allocation Failure) [PSYoungGen: 82848K->1376K(82432K)] 462913K->381441K(602112K), 0.0019567 secs] [Times: user=0.01 sys=0.00, real=0.00 secs] 
2395.034: [GC (Allocation Failure) [PSYoungGen: 82272K->1344K(81920K)] 462337K->381409K(601600K), 0.0019427 secs] [Times: user=0.00 sys=0.00, real=0.00 secs] 
2395.468: [GC (Allocation Failure) [PSYoungGen: 81728K->1405K(81408K)] 461793K->381470K(601088K), 0.0023326 secs] [Times: user=0.01 sys=0.00, real=0.00 secs] 
2395.629: [GC (Allocation Failure) [PSYoungGen: 81277K->1517K(80896K)] 461342K->381582K(600576K), 0.0016963 secs] [Times: user=0.00 sys=0.00, real=0.00 secs] 
2395.769: [GC (Allocation Failure) [PSYoungGen: 80877K->1453K(80384K)] 460942K->381534K(600064K), 0.0017866 secs] [Times: user=0.00 sys=0.00, real=0.00 secs] 
2395.908: [GC (Allocation Failure) [PSYoungGen: 80301K->1485K(79872K)] 460382K->381566K(599552K), 0.0018752 secs] [Times: user=0.00 sys=0.00, real=0.00 secs] 
2396.902: [GC (Allocation Failure) [PSYoungGen: 79821K->1408K(79360K)] 459902K->381489K(599040K), 0.0022824 secs] [Times: user=0.01 sys=0.00, real=0.00 secs] 
2397.225: [GC (Allocation Failure) [PSYoungGen: 79232K->1344K(78848K)] 459313K->381425K(598528K), 0.0022032 secs] [Times: user=0.00 sys=0.00, real=0.01 secs] 
2397.628: [GC (Allocation Failure) [PSYoungGen: 78656K->1344K(78336K)] 458737K->381425K(598016K), 0.0021964 secs] [Times: user=0.01 sys=0.00, real=0.00 secs] 
2398.234: [GC (Allocation Failure) [PSYoungGen: 78144K->1437K(77824K)] 458225K->381518K(597504K), 0.0022134 secs] [Times: user=0.01 sys=0.01, real=0.00 secs] 
2398.386: [GC (Allocation Failure) [PSYoungGen: 77725K->1488K(77312K)] 457806K->381569K(596992K), 0.0016470 secs] [Times: user=0.00 sys=0.00, real=0.01 secs] 
2398.520: [GC (Allocation Failure) [PSYoungGen: 77264K->1469K(76800K)] 457345K->381550K(596480K), 0.0015923 secs] [Times: user=0.00 sys=0.00, real=0.00 secs] 
2398.673: [GC (Allocation Failure) [PSYoungGen: 76733K->1517K(76288K)] 456814K->381598K(595968K), 0.0017929 secs] [Times: user=0.00 sys=0.00, real=0.00 secs] 
2400.102: [GC (Allocation Failure) [PSYoungGen: 76269K->1376K(75776K)] 456350K->381457K(595456K), 0.0030449 secs] [Times: user=0.01 sys=0.00, real=0.00 secs] 
2400.704: [GC (Allocation Failure) [PSYoungGen: 75616K->1408K(75264K)] 455697K->381489K(594944K), 0.0025923 secs] [Times: user=0.01 sys=0.00, real=0.01 secs] 
2401.050: [GC (Allocation Failure) [PSYoungGen: 75136K->1360K(74752K)] 455217K->381441K(594432K), 0.0021303 secs] [Times: user=0.01 sys=0.00, real=0.00 secs] 
2401.382: [GC (Allocation Failure) [PSYoungGen: 74472K->256K(74240K)] 454554K->380337K(593920K), 0.0019315 secs] [Times: user=0.01 sys=0.00, real=0.00 secs] 
2401.519: [GC (Allocation Failure) [PSYoungGen: 72960K->1501K(73728K)] 453041K->381582K(593408K), 0.0024849 secs] [Times: user=0.01 sys=0.00, real=0.00 secs] 
2401.648: [GC (Allocation Failure) [PSYoungGen: 73693K->1501K(74240K)] 453774K->381582K(593920K), 0.0018238 secs] [Times: user=0.01 sys=0.00, real=0.00 secs] 
2401.777: [GC (Allocation Failure) [PSYoungGen: 73693K->1485K(74240K)] 453774K->381566K(593920K), 0.0016283 secs] [Times: user=0.00 sys=0.01, real=0.01 secs] 
2402.116: [GC (Allocation Failure) [PSYoungGen: 73677K->1456K(73216K)] 453758K->381537K(592896K), 0.0019475 secs] [Times: user=0.01 sys=0.00, real=0.01 secs] 
2402.733: [GC (Allocation Failure) [PSYoungGen: 73136K->1408K(72704K)] 453217K->381489K(592384K), 0.0020276 secs] [Times: user=0.01 sys=0.00, real=0.00 secs] 
2403.306: [GC (Allocation Failure) [PSYoungGen: 72576K->1344K(72192K)] 452657K->381425K(591872K), 0.0019381 secs] [Times: user=0.01 sys=0.00, real=0.01 secs] 
2403.859: [GC (Allocation Failure) [PSYoungGen: 72000K->1376K(71680K)] 452081K->381457K(591360K), 0.0020952 secs] [Times: user=0.01 sys=0.00, real=0.00 secs] 
2404.302: [GC (Allocation Failure) [PSYoungGen: 71520K->1469K(71168K)] 451601K->381550K(590848K), 0.0019701 secs] [Times: user=0.01 sys=0.00, real=0.00 secs] 
2404.462: [GC (Allocation Failure) [PSYoungGen: 71101K->1533K(70656K)] 451182K->381614K(590336K), 0.0021830 secs] [Times: user=0.00 sys=0.00, real=0.00 secs] 
2404.621: [GC (Allocation Failure) [PSYoungGen: 70653K->1501K(70144K)] 450734K->381582K(589824K), 0.0016126 secs] [Times: user=0.01 sys=0.00, real=0.00 secs] 
2404.742: [GC (Allocation Failure) [PSYoungGen: 70090K->1533K(69632K)] 450171K->381614K(589312K), 0.0018186 secs] [Times: user=0.01 sys=0.00, real=0.00 secs] 
2405.400: [GC (Allocation Failure) [PSYoungGen: 69629K->1472K(69120K)] 449710K->381561K(588800K), 0.0032515 secs] [Times: user=0.01 sys=0.00, real=0.00 secs] 
2405.695: [GC (Allocation Failure) [PSYoungGen: 69056K->1344K(68608K)] 449145K->381433K(588288K), 0.0021911 secs] [Times: user=0.01 sys=0.00, real=0.01 secs] 
2406.099: [GC (Allocation Failure) [PSYoungGen: 68416K->1376K(68096K)] 448505K->381465K(587776K), 0.0020656 secs] [Times: user=0.00 sys=0.00, real=0.00 secs] 
2406.548: [GC (Allocation Failure) [PSYoungGen: 67936K->1376K(67584K)] 448025K->381481K(587264K), 0.0021902 secs] [Times: user=0.01 sys=0.00, real=0.00 secs] 
2406.940: [GC (Allocation Failure) [PSYoungGen: 67424K->1405K(67072K)] 447529K->381510K(586752K), 0.0016541 secs] [Times: user=0.00 sys=0.00, real=0.00 secs] 
2407.056: [GC (Allocation Failure) [PSYoungGen: 66922K->1469K(66560K)] 447028K->381574K(586240K), 0.0018598 secs] [Times: user=0.01 sys=0.00, real=0.01 secs] 
2407.170: [GC (Allocation Failure) [PSYoungGen: 66493K->1437K(66048K)] 446598K->381542K(585728K), 0.0015900 secs] [Times: user=0.00 sys=0.00, real=0.00 secs] 
2407.284: [GC (Allocation Failure) [PSYoungGen: 65949K->1469K(72704K)] 446054K->381590K(592384K), 0.0017240 secs] [Times: user=0.01 sys=0.00, real=0.00 secs] 
2407.803: [GC (Allocation Failure) [PSYoungGen: 72637K->1360K(72192K)] 452758K->381481K(591872K), 0.0020132 secs] [Times: user=0.01 sys=0.00, real=0.00 secs] 
2408.334: [GC (Allocation Failure) [PSYoungGen: 72016K->1344K(71680K)] 452137K->381465K(591360K), 0.0020906 secs] [Times: user=0.01 sys=0.00, real=0.00 secs] 
2408.834: [GC (Allocation Failure) [PSYoungGen: 71488K->1408K(71168K)] 451609K->381529K(590848K), 0.0024140 secs] [Times: user=0.00 sys=0.00, real=0.00 secs] 
2409.442: [GC (Allocation Failure) [PSYoungGen: 71040K->1360K(70656K)] 451161K->381481K(590336K), 0.0023693 secs] [Times: user=0.01 sys=0.00, real=0.00 secs] 
2409.771: [GC (Allocation Failure) [PSYoungGen: 70480K->1469K(70144K)] 450601K->381590K(589824K), 0.0019008 secs] [Times: user=0.01 sys=0.00, real=0.00 secs] 
2409.893: [GC (Allocation Failure) [PSYoungGen: 70077K->1501K(69632K)] 450198K->381622K(589312K), 0.0016970 secs] [Times: user=0.00 sys=0.00, real=0.00 secs] 
2410.012: [GC (Allocation Failure) [PSYoungGen: 69597K->1469K(69120K)] 449718K->381590K(588800K), 0.0016827 secs] [Times: user=0.01 sys=0.00, real=0.00 secs] 
2410.132: [GC (Allocation Failure) [PSYoungGen: 69053K->1453K(69632K)] 449174K->381590K(589312K), 0.0016168 secs] [Times: user=0.01 sys=0.00, real=0.00 secs] 
2410.442: [GC (Allocation Failure) [PSYoungGen: 69037K->1408K(68608K)] 449174K->381545K(588288K), 0.0021047 secs] [Times: user=0.00 sys=0.00, real=0.00 secs] 
2410.846: [GC (Allocation Failure) [PSYoungGen: 68480K->1376K(68096K)] 448617K->381513K(587776K), 0.0021358 secs] [Times: user=0.01 sys=0.00, real=0.01 secs] 
2411.432: [GC (Allocation Failure) [PSYoungGen: 67936K->1392K(67584K)] 448073K->381529K(587264K), 0.0021894 secs] [Times: user=0.01 sys=0.00, real=0.00 secs] 
2412.000: [GC (Allocation Failure) [PSYoungGen: 67440K->1376K(67072K)] 447577K->381513K(586752K), 0.0024355 secs] [Times: user=0.01 sys=0.00, real=0.00 secs] 
2412.492: [GC (Allocation Failure) [PSYoungGen: 66912K->1469K(66560K)] 447049K->381606K(586240K), 0.0026590 secs] [Times: user=0.01 sys=0.00, real=0.00 secs] 
2412.660: [GC (Allocation Failure) [PSYoungGen: 66493K->1517K(66048K)] 446630K->381654K(585728K), 0.0017257 secs] [Times: user=0.01 sys=0.00, real=0.00 secs] 
2412.792: [GC (Allocation Failure) [PSYoungGen: 66024K->1469K(65536K)] 446161K->381606K(585216K), 0.0019118 secs] [Times: user=0.01 sys=0.00, real=0.00 secs] 
2412.940: [GC (Allocation Failure) [PSYoungGen: 65469K->1437K(65024K)] 445606K->381590K(584704K), 0.0020709 secs] [Times: user=0.01 sys=0.00, real=0.00 secs] 
2413.619: [GC (Allocation Failure) [PSYoungGen: 64925K->1360K(64512K)] 445078K->381513K(584192K), 0.0040309 secs] [Times: user=0.02 sys=0.00, real=0.00 secs] 
2414.334: [GC (Allocation Failure) [PSYoungGen: 64336K->1376K(64000K)] 444489K->381529K(583680K), 0.0021392 secs] [Times: user=0.01 sys=0.00, real=0.00 secs] 
2415.197: [GC (Allocation Failure) [PSYoungGen: 63840K->1344K(63488K)] 443993K->381513K(583168K), 0.0027953 secs] [Times: user=0.01 sys=0.00, real=0.01 secs] 
2415.880: [GC (Allocation Failure) [PSYoungGen: 63296K->1376K(62976K)] 443465K->381545K(582656K), 0.0026230 secs] [Times: user=0.01 sys=0.00, real=0.00 secs] 
2416.486: [GC (Allocation Failure) [PSYoungGen: 62816K->1437K(62464K)] 442985K->381606K(582144K), 0.0029734 secs] [Times: user=0.02 sys=0.00, real=0.01 secs] 
2416.667: [GC (Allocation Failure) [PSYoungGen: 62365K->1453K(61952K)] 442534K->381622K(581632K), 0.0020399 secs] [Times: user=0.01 sys=0.00, real=0.00 secs] 
2416.778: [GC (Allocation Failure) [PSYoungGen: 61869K->1533K(61440K)] 442038K->381702K(581120K), 0.0017006 secs] [Times: user=0.01 sys=0.01, real=0.00 secs] 
2416.885: [GC (Allocation Failure) [PSYoungGen: 61437K->1469K(67072K)] 441606K->381654K(586752K), 0.0016582 secs] [Times: user=0.00 sys=0.00, real=0.00 secs] 
2417.002: [GC (Allocation Failure) [PSYoungGen: 67005K->1469K(67584K)] 447190K->381654K(587264K), 0.0016434 secs] [Times: user=0.01 sys=0.00, real=0.00 secs] 
2417.968: [GC (Allocation Failure) [PSYoungGen: 67517K->1392K(67072K)] 447702K->381601K(586752K), 0.0028045 secs] [Times: user=0.02 sys=0.00, real=0.00 secs] 
2418.530: [GC (Allocation Failure) [PSYoungGen: 66928K->1344K(66560K)] 447137K->381553K(586240K), 0.0025533 secs] [Times: user=0.01 sys=0.00, real=0.00 secs] 
2419.221: [GC (Allocation Failure) [PSYoungGen: 66368K->1344K(66048K)] 446577K->381553K(585728K), 0.0031033 secs] [Times: user=0.01 sys=0.00, real=0.00 secs] 
2419.721: [GC (Allocation Failure) [PSYoungGen: 65856K->1344K(65536K)] 446065K->381553K(585216K), 0.0029777 secs] [Times: user=0.01 sys=0.00, real=0.00 secs] 
2420.100: [GC (Allocation Failure) [PSYoungGen: 65344K->1501K(65024K)] 445553K->381710K(584704K), 0.0020933 secs] [Times: user=0.01 sys=0.00, real=0.00 secs] 
2420.243: [GC (Allocation Failure) [PSYoungGen: 64989K->1488K(64512K)] 445198K->381697K(584192K), 0.0019911 secs] [Times: user=0.01 sys=0.00, real=0.00 secs] 
2420.388: [GC (Allocation Failure) [PSYoungGen: 64464K->1469K(64000K)] 444673K->381694K(583680K), 0.0019444 secs] [Times: user=0.00 sys=0.00, real=0.00 secs] 
2420.548: [GC (Allocation Failure) [PSYoungGen: 63933K->1453K(64512K)] 444158K->381678K(584192K), 0.0022956 secs] [Times: user=0.01 sys=0.01, real=0.00 secs] 
2420.985: [GC (Allocation Failure) [PSYoungGen: 63917K->1424K(63488K)] 444142K->381649K(583168K), 0.0029811 secs] [Times: user=0.01 sys=0.00, real=0.01 secs] 
2421.841: [GC (Allocation Failure) [PSYoungGen: 63376K->1376K(62976K)] 443601K->381601K(582656K), 0.0046288 secs] [Times: user=0.02 sys=0.00, real=0.00 secs] 
2422.433: [GC (Allocation Failure) [PSYoungGen: 62816K->1376K(62464K)] 443041K->381601K(582144K), 0.0031075 secs] [Times: user=0.02 sys=0.00, real=0.00 secs] 
2422.968: [GC (Allocation Failure) [PSYoungGen: 62304K->1376K(61952K)] 442529K->381601K(581632K), 0.0025861 secs] [Times: user=0.01 sys=0.00, real=0.00 secs] 
2423.420: [GC (Allocation Failure) [PSYoungGen: 61792K->1344K(61440K)] 442017K->381569K(581120K), 0.0023927 secs] [Times: user=0.01 sys=0.00, real=0.00 secs] 
2423.669: [GC (Allocation Failure) [PSYoungGen: 61248K->1501K(61952K)] 441473K->381726K(581632K), 0.0023837 secs] [Times: user=0.01 sys=0.00, real=0.00 secs] 
2423.809: [GC (Allocation Failure) [PSYoungGen: 61405K->1533K(61952K)] 441630K->381758K(581632K), 0.0016785 secs] [Times: user=0.01 sys=0.00, real=0.00 secs] 
2423.915: [GC (Allocation Failure) [PSYoungGen: 61419K->1437K(61952K)] 441645K->381670K(581632K), 0.0016969 secs] [Times: user=0.01 sys=0.00, real=0.01 secs] 
2424.020: [GC (Allocation Failure) [PSYoungGen: 61341K->1533K(61952K)] 441574K->381766K(581632K), 0.0016902 secs] [Times: user=0.01 sys=0.00, real=0.00 secs] 
2424.370: [GC (Allocation Failure) [PSYoungGen: 61437K->1440K(68096K)] 441670K->381673K(587776K), 0.0038286 secs] [Times: user=0.02 sys=0.00, real=0.00 secs] 
2424.669: [GC (Allocation Failure) [PSYoungGen: 67488K->1376K(68096K)] 447721K->381609K(587776K), 0.0020503 secs] [Times: user=0.01 sys=0.00, real=0.00 secs] 
2424.944: [GC (Allocation Failure) [PSYoungGen: 67424K->1376K(67072K)] 447657K->381609K(586752K), 0.0022542 secs] [Times: user=0.01 sys=0.00, real=0.00 secs] 
2425.218: [GC (Allocation Failure) [PSYoungGen: 66912K->1440K(66560K)] 447145K->381673K(586240K), 0.0022565 secs] [Times: user=0.00 sys=0.00, real=0.00 secs] 
2425.480: [GC (Allocation Failure) [PSYoungGen: 66444K->1488K(66048K)] 446678K->381721K(585728K), 0.0019954 secs] [Times: user=0.01 sys=0.00, real=0.00 secs] 
2425.651: [GC (Allocation Failure) [PSYoungGen: 66000K->1485K(72704K)] 446233K->381718K(592384K), 0.0028946 secs] [Times: user=0.01 sys=0.00, real=0.00 secs] 
2425.796: [GC (Allocation Failure) [PSYoungGen: 72141K->1501K(73216K)] 452374K->381742K(592896K), 0.0018043 secs] [Times: user=0.00 sys=0.00, real=0.01 secs] 
2425.922: [GC (Allocation Failure) [PSYoungGen: 72669K->1421K(73216K)] 452910K->381686K(592896K), 0.0017570 secs] [Times: user=0.00 sys=0.00, real=0.00 secs] 
2426.162: [GC (Allocation Failure) [PSYoungGen: 72589K->1456K(80384K)] 452854K->381721K(600064K), 0.0022626 secs] [Times: user=0.00 sys=0.00, real=0.00 secs] 
2426.576: [GC (Allocation Failure) [PSYoungGen: 79792K->1360K(79360K)] 460057K->381625K(599040K), 0.0025296 secs] [Times: user=0.01 sys=0.00, real=0.01 secs] 
2427.108: [GC (Allocation Failure) [PSYoungGen: 79184K->1376K(78848K)] 459449K->381641K(598528K), 0.0021758 secs] [Times: user=0.01 sys=0.00, real=0.00 secs] 
2427.676: [GC (Allocation Failure) [PSYoungGen: 78688K->1376K(78336K)] 458953K->381641K(598016K), 0.0067654 secs] [Times: user=0.03 sys=0.01, real=0.01 secs] 
2427.987: [GC (Allocation Failure) [PSYoungGen: 78176K->1501K(77824K)] 458441K->381766K(597504K), 0.0020181 secs] [Times: user=0.01 sys=0.00, real=0.00 secs] 
2428.124: [GC (Allocation Failure) [PSYoungGen: 77789K->1469K(77312K)] 458054K->381734K(596992K), 0.0017913 secs] [Times: user=0.01 sys=0.00, real=0.00 secs] 
2428.257: [GC (Allocation Failure) [PSYoungGen: 77245K->1485K(77824K)] 457510K->381750K(597504K), 0.0017074 secs] [Times: user=0.01 sys=0.00, real=0.01 secs] 
2428.760: [GC (Allocation Failure) [PSYoungGen: 77261K->1424K(76800K)] 457526K->381689K(596480K), 0.0020146 secs] [Times: user=0.00 sys=0.00, real=0.00 secs] 
2429.371: [GC (Allocation Failure) [PSYoungGen: 76688K->1312K(76288K)] 456953K->381577K(595968K), 0.0021298 secs] [Times: user=0.00 sys=0.00, real=0.00 secs] 
2430.022: [GC (Allocation Failure) [PSYoungGen: 76064K->1376K(75776K)] 456329K->381641K(595456K), 0.0030500 secs] [Times: user=0.01 sys=0.00, real=0.00 secs] 
2430.772: [GC (Allocation Failure) [PSYoungGen: 75616K->1360K(75264K)] 455881K->381625K(594944K), 0.0031883 secs] [Times: user=0.01 sys=0.00, real=0.00 secs] 
2431.097: [GC (Allocation Failure) [PSYoungGen: 75088K->1392K(74752K)] 455353K->381657K(594432K), 0.0021026 secs] [Times: user=0.01 sys=0.00, real=0.01 secs] 
2431.266: [GC (Allocation Failure) [PSYoungGen: 74608K->1453K(74240K)] 454873K->381726K(593920K), 0.0021204 secs] [Times: user=0.01 sys=0.00, real=0.01 secs] 
2431.431: [GC (Allocation Failure) [PSYoungGen: 74157K->1469K(73728K)] 454430K->381742K(593408K), 0.0018022 secs] [Times: user=0.01 sys=0.00, real=0.00 secs] 
2431.721: [GC (Allocation Failure) [PSYoungGen: 73661K->1440K(73216K)] 453934K->381713K(592896K), 0.0021342 secs] [Times: user=0.00 sys=0.00, real=0.00 secs] 
2432.384: [GC (Allocation Failure) [PSYoungGen: 73120K->1328K(72704K)] 453393K->381601K(592384K), 0.0036603 secs] [Times: user=0.01 sys=0.00, real=0.01 secs] 
2433.003: [GC (Allocation Failure) [PSYoungGen: 72496K->1344K(72192K)] 452769K->381617K(591872K), 0.0040998 secs] [Times: user=0.01 sys=0.00, real=0.01 secs] 
2433.564: [GC (Allocation Failure) [PSYoungGen: 72000K->1376K(71680K)] 452273K->381649K(591360K), 0.0030768 secs] [Times: user=0.02 sys=0.00, real=0.01 secs] 
2434.030: [GC (Allocation Failure) [PSYoungGen: 71520K->1453K(71168K)] 451793K->381726K(590848K), 0.0029063 secs] [Times: user=0.01 sys=0.00, real=0.00 secs] 
2434.251: [GC (Allocation Failure) [PSYoungGen: 71085K->1533K(70656K)] 451358K->381806K(590336K), 0.0021087 secs] [Times: user=0.01 sys=0.00, real=0.00 secs] 
2434.379: [GC (Allocation Failure) [PSYoungGen: 70653K->1437K(70144K)] 450926K->381710K(589824K), 0.0017263 secs] [Times: user=0.01 sys=0.00, real=0.00 secs] 
2434.500: [GC (Allocation Failure) [PSYoungGen: 70045K->1501K(70656K)] 450318K->381774K(590336K), 0.0017788 secs] [Times: user=0.01 sys=0.00, real=0.00 secs] 
2434.878: [GC (Allocation Failure) [PSYoungGen: 70109K->1424K(69632K)] 450382K->381697K(589312K), 0.0030717 secs] [Times: user=0.01 sys=0.01, real=0.00 secs] 
2435.635: [GC (Allocation Failure) [PSYoungGen: 69520K->1376K(69120K)] 449793K->381649K(588800K), 0.0045201 secs] [Times: user=0.01 sys=0.00, real=0.01 secs] 
2436.212: [GC (Allocation Failure) [PSYoungGen: 68960K->1376K(68608K)] 449233K->381649K(588288K), 0.0025073 secs] [Times: user=0.01 sys=0.00, real=0.00 secs] 
2437.016: [GC (Allocation Failure) [PSYoungGen: 68448K->1376K(68096K)] 448721K->381649K(587776K), 0.0029048 secs] [Times: user=0.01 sys=0.01, real=0.01 secs] 
2437.654: [GC (Allocation Failure) [PSYoungGen: 67936K->1453K(67584K)] 448209K->381726K(587264K), 0.0028471 secs] [Times: user=0.01 sys=0.01, real=0.00 secs] 
2437.822: [GC (Allocation Failure) [PSYoungGen: 67501K->1501K(67072K)] 447774K->381798K(586752K), 0.0016956 secs] [Times: user=0.01 sys=0.00, real=0.00 secs] 
2437.937: [GC (Allocation Failure) [PSYoungGen: 67037K->1469K(73216K)] 447334K->381766K(592896K), 0.0024818 secs] [Times: user=0.01 sys=0.00, real=0.00 secs] 
2438.083: [GC (Allocation Failure) [PSYoungGen: 73149K->1469K(73728K)] 453446K->381774K(593408K), 0.0019191 secs] [Times: user=0.01 sys=0.00, real=0.00 secs] 
2438.492: [GC (Allocation Failure) [PSYoungGen: 73149K->1472K(72704K)] 453454K->381777K(592384K), 0.0023187 secs] [Times: user=0.01 sys=0.00, real=0.00 secs] 
2439.362: [GC (Allocation Failure) [PSYoungGen: 72640K->1360K(72192K)] 452945K->381665K(591872K), 0.0036945 secs] [Times: user=0.01 sys=0.00, real=0.00 secs] 
2440.090: [GC (Allocation Failure) [PSYoungGen: 72016K->1312K(71680K)] 452321K->381617K(591360K), 0.0022765 secs] [Times: user=0.01 sys=0.00, real=0.00 secs] 
2440.912: [GC (Allocation Failure) [PSYoungGen: 71456K->1344K(71168K)] 451761K->381649K(590848K), 0.0044963 secs] [Times: user=0.02 sys=0.00, real=0.00 secs] 
2441.502: [GC (Allocation Failure) [PSYoungGen: 70976K->1453K(70656K)] 451281K->381758K(590336K), 0.0024440 secs] [Times: user=0.01 sys=0.00, real=0.00 secs] 
2441.663: [GC (Allocation Failure) [PSYoungGen: 70573K->1469K(70144K)] 450878K->381774K(589824K), 0.0018377 secs] [Times: user=0.01 sys=0.00, real=0.00 secs] 
2441.784: [GC (Allocation Failure) [PSYoungGen: 70077K->1453K(69632K)] 450382K->381758K(589312K), 0.0015751 secs] [Times: user=0.01 sys=0.00, real=0.00 secs] 
2441.905: [GC (Allocation Failure) [PSYoungGen: 69549K->1517K(76288K)] 449854K->381830K(595968K), 0.0017929 secs] [Times: user=0.00 sys=0.01, real=0.01 secs] 
2442.274: [GC (Allocation Failure) [PSYoungGen: 76269K->1408K(75776K)] 456582K->381729K(595456K), 0.0021573 secs] [Times: user=0.01 sys=0.00, real=0.00 secs] 
2442.583: [GC (Allocation Failure) [PSYoungGen: 75648K->1408K(75264K)] 455969K->381729K(594944K), 0.0019585 secs] [Times: user=0.01 sys=0.00, real=0.00 secs] 
2442.890: [GC (Allocation Failure) [PSYoungGen: 75136K->1408K(74752K)] 455457K->381729K(594432K), 0.0020585 secs] [Times: user=0.01 sys=0.00, real=0.00 secs] 
2443.195: [GC (Allocation Failure) [PSYoungGen: 74624K->1344K(74240K)] 454945K->381665K(593920K), 0.0025881 secs] [Times: user=0.01 sys=0.00, real=0.01 secs] 
2443.397: [GC (Allocation Failure) [PSYoungGen: 74048K->1501K(73728K)] 454369K->381822K(593408K), 0.0016203 secs] [Times: user=0.01 sys=0.00, real=0.01 secs] 
2443.525: [GC (Allocation Failure) [PSYoungGen: 73693K->1533K(73216K)] 454014K->381854K(592896K), 0.0017340 secs] [Times: user=0.01 sys=0.00, real=0.00 secs] 
2443.652: [GC (Allocation Failure) [PSYoungGen: 73213K->1501K(73728K)] 453534K->381822K(593408K), 0.0016782 secs] [Times: user=0.00 sys=0.00, real=0.00 secs] 
2444.333: [GC (Allocation Failure) [PSYoungGen: 73181K->1488K(72704K)] 453502K->381817K(592384K), 0.0026589 secs] [Times: user=0.01 sys=0.00, real=0.00 secs] 
2444.964: [GC (Allocation Failure) [PSYoungGen: 72656K->1408K(72192K)] 452985K->381737K(591872K), 0.0030145 secs] [Times: user=0.01 sys=0.00, real=0.01 secs] 
2445.594: [GC (Allocation Failure) [PSYoungGen: 72064K->1408K(71680K)] 452393K->381737K(591360K), 0.0029234 secs] [Times: user=0.01 sys=0.01, real=0.01 secs] 
2445.914: [GC (Allocation Failure) [PSYoungGen: 71552K->1408K(71168K)] 451881K->381737K(590848K), 0.0021443 secs] [Times: user=0.00 sys=0.00, real=0.00 secs] 
2446.150: [GC (Allocation Failure) [PSYoungGen: 71040K->1501K(70656K)] 451369K->381838K(590336K), 0.0016575 secs] [Times: user=0.00 sys=0.00, real=0.00 secs] 
2446.291: [GC (Allocation Failure) [PSYoungGen: 70621K->1485K(70144K)] 450958K->381822K(589824K), 0.0018320 secs] [Times: user=0.01 sys=0.00, real=0.00 secs] 
2446.448: [GC (Allocation Failure) [PSYoungGen: 70092K->1533K(69632K)] 450429K->381870K(589312K), 0.0021210 secs] [Times: user=0.00 sys=0.00, real=0.00 secs] 
2446.628: [GC (Allocation Failure) [PSYoungGen: 69629K->1565K(70144K)] 449966K->381902K(589824K), 0.0023379 secs] [Times: user=0.01 sys=0.00, real=0.00 secs] 
2447.090: [GC (Allocation Failure) [PSYoungGen: 69661K->1424K(69120K)] 449998K->381777K(588800K), 0.0031375 secs] [Times: user=0.01 sys=0.00, real=0.00 secs] 
2447.670: [GC (Allocation Failure) [PSYoungGen: 69008K->1344K(68608K)] 449361K->381697K(588288K), 0.0026840 secs] [Times: user=0.01 sys=0.00, real=0.00 secs] 
2448.246: [GC (Allocation Failure) [PSYoungGen: 68416K->1440K(68096K)] 448769K->381793K(587776K), 0.0028989 secs] [Times: user=0.02 sys=0.00, real=0.01 secs] 
2448.661: [GC (Allocation Failure) [PSYoungGen: 68000K->1376K(67584K)] 448353K->381729K(587264K), 0.0022597 secs] [Times: user=0.01 sys=0.00, real=0.00 secs] 
2449.060: [GC (Allocation Failure) [PSYoungGen: 67424K->1485K(67072K)] 447777K->381838K(586752K), 0.0024503 secs] [Times: user=0.01 sys=0.00, real=0.00 secs] 
2449.216: [GC (Allocation Failure) [PSYoungGen: 67021K->1533K(66560K)] 447374K->381886K(586240K), 0.0017021 secs] [Times: user=0.00 sys=0.00, real=0.01 secs] 
2449.347: [GC (Allocation Failure) [PSYoungGen: 66557K->1533K(66048K)] 446910K->381886K(585728K), 0.0018701 secs] [Times: user=0.01 sys=0.00, real=0.01 secs] 
2449.489: [GC (Allocation Failure) [PSYoungGen: 66045K->1424K(65536K)] 446398K->381809K(585216K), 0.0018861 secs] [Times: user=0.01 sys=0.00, real=0.00 secs] 
2449.977: [GC (Allocation Failure) [PSYoungGen: 65424K->1472K(65024K)] 445809K->381857K(584704K), 0.0045365 secs] [Times: user=0.02 sys=0.00, real=0.00 secs] 
2450.663: [GC (Allocation Failure) [PSYoungGen: 64960K->1376K(64512K)] 445345K->381761K(584192K), 0.0029623 secs] [Times: user=0.01 sys=0.00, real=0.00 secs] 
2451.162: [GC (Allocation Failure) [PSYoungGen: 64352K->1344K(64000K)] 444737K->381729K(583680K), 0.0026813 secs] [Times: user=0.01 sys=0.00, real=0.00 secs] 
2451.699: [GC (Allocation Failure) [PSYoungGen: 63808K->1344K(63488K)] 444193K->381737K(583168K), 0.0026968 secs] [Times: user=0.01 sys=0.00, real=0.00 secs] 
2452.200: [GC (Allocation Failure) [PSYoungGen: 63296K->1376K(62976K)] 443689K->381769K(582656K), 0.0037849 secs] [Times: user=0.01 sys=0.00, real=0.00 secs] 
2452.459: [GC (Allocation Failure) [PSYoungGen: 62816K->1453K(62464K)] 443209K->381846K(582144K), 0.0021949 secs] [Times: user=0.01 sys=0.00, real=0.00 secs] 
2452.584: [GC (Allocation Failure) [PSYoungGen: 62381K->1469K(61952K)] 442774K->381862K(581632K), 0.0017606 secs] [Times: user=0.01 sys=0.00, real=0.00 secs] 
2452.691: [GC (Allocation Failure) [PSYoungGen: 61885K->1469K(62464K)] 442278K->381878K(582144K), 0.0016656 secs] [Times: user=0.01 sys=0.00, real=0.00 secs] 
2452.798: [GC (Allocation Failure) [PSYoungGen: 61885K->1469K(62464K)] 442294K->381878K(582144K), 0.0015773 secs] [Times: user=0.01 sys=0.00, real=0.00 secs] 
2453.162: [GC (Allocation Failure) [PSYoungGen: 61885K->1472K(67584K)] 442294K->381881K(587264K), 0.0021986 secs] [Times: user=0.01 sys=0.00, real=0.00 secs] 
2453.437: [GC (Allocation Failure) [PSYoungGen: 67520K->1408K(68096K)] 447929K->381817K(587776K), 0.0043107 secs] [Times: user=0.02 sys=0.00, real=0.00 secs] 
2453.811: [GC (Allocation Failure) [PSYoungGen: 67456K->1376K(73728K)] 447865K->381785K(593408K), 0.0022015 secs] [Times: user=0.00 sys=0.00, real=0.00 secs] 
2454.353: [GC (Allocation Failure) [PSYoungGen: 73568K->1408K(73216K)] 453977K->381817K(592896K), 0.0032638 secs] [Times: user=0.02 sys=0.01, real=0.00 secs] 
2454.750: [GC (Allocation Failure) [PSYoungGen: 73088K->1501K(72704K)] 453497K->381910K(592384K), 0.0020031 secs] [Times: user=0.01 sys=0.00, real=0.00 secs] 
2454.877: [GC (Allocation Failure) [PSYoungGen: 72669K->1501K(72192K)] 453078K->381910K(591872K), 0.0016752 secs] [Times: user=0.01 sys=0.00, real=0.00 secs] 
2455.002: [GC (Allocation Failure) [PSYoungGen: 72157K->1501K(72704K)] 452566K->381918K(592384K), 0.0016032 secs] [Times: user=0.00 sys=0.00, real=0.00 secs] 
2455.126: [GC (Allocation Failure) [PSYoungGen: 72157K->1501K(72704K)] 452574K->381918K(592384K), 0.0017207 secs] [Times: user=0.01 sys=0.00, real=0.01 secs] 
2455.812: [GC (Allocation Failure) [PSYoungGen: 72157K->1440K(71680K)] 452574K->381857K(591360K), 0.0027070 secs] [Times: user=0.01 sys=0.00, real=0.00 secs] 
2456.127: [GC (Allocation Failure) [PSYoungGen: 71584K->1424K(71168K)] 452001K->381865K(590848K), 0.0021768 secs] [Times: user=0.01 sys=0.00, real=0.00 secs] 
2456.454: [GC (Allocation Failure) [PSYoungGen: 71056K->1376K(70656K)] 451497K->381817K(590336K), 0.0020022 secs] [Times: user=0.01 sys=0.00, real=0.00 secs] 
2456.926: [GC (Allocation Failure) [PSYoungGen: 70496K->1344K(70144K)] 450937K->381785K(589824K), 0.0041068 secs] [Times: user=0.01 sys=0.00, real=0.01 secs] 
2457.232: [GC (Allocation Failure) [PSYoungGen: 69952K->1501K(69632K)] 450393K->381942K(589312K), 0.0022810 secs] [Times: user=0.01 sys=0.00, real=0.00 secs] 
2457.413: [GC (Allocation Failure) [PSYoungGen: 69597K->1485K(69120K)] 450038K->381926K(588800K), 0.0024605 secs] [Times: user=0.01 sys=0.00, real=0.00 secs] 
2457.567: [GC (Allocation Failure) [PSYoungGen: 69069K->1453K(68608K)] 449510K->381894K(588288K), 0.0015993 secs] [Times: user=0.01 sys=0.00, real=0.00 secs] 
2457.730: [GC (Allocation Failure) [PSYoungGen: 68525K->1696K(68608K)] 448966K->382137K(588288K), 0.0019959 secs] [Times: user=0.01 sys=0.00, real=0.00 secs] 
2458.202: [GC (Allocation Failure) [PSYoungGen: 68256K->320K(66560K)] 448697K->381785K(586240K), 0.0024720 secs] [Times: user=0.01 sys=0.00, real=0.00 secs] 
2458.476: [GC (Allocation Failure) [PSYoungGen: 66368K->304K(67584K)] 447833K->381769K(587264K), 0.0020154 secs] [Times: user=0.01 sys=0.00, real=0.01 secs] 
2458.748: [GC (Allocation Failure) [PSYoungGen: 65840K->320K(65536K)] 447305K->381785K(585216K), 0.0021925 secs] [Times: user=0.00 sys=0.00, real=0.00 secs] 
2459.194: [GC (Allocation Failure) [PSYoungGen: 65344K->320K(67072K)] 446809K->381785K(586752K), 0.0019266 secs] [Times: user=0.01 sys=0.00, real=0.00 secs] 
2459.406: [GC (Allocation Failure) [PSYoungGen: 64832K->1469K(65536K)] 446297K->382934K(585216K), 0.0016687 secs] [Times: user=0.01 sys=0.00, real=0.01 secs] 
2459.521: [GC (Allocation Failure) [PSYoungGen: 65469K->1421K(65024K)] 446934K->382886K(584704K), 0.0017450 secs] [Times: user=0.00 sys=0.00, real=0.00 secs] 
2459.635: [GC (Allocation Failure) [PSYoungGen: 64909K->1469K(70656K)] 446374K->382934K(590336K), 0.0015906 secs] [Times: user=0.01 sys=0.00, real=0.00 secs] 
2459.756: [GC (Allocation Failure) [PSYoungGen: 69565K->1501K(70656K)] 451030K->382982K(590336K), 0.0017575 secs] [Times: user=0.00 sys=0.00, real=0.01 secs] 
2460.219: [GC (Allocation Failure) [PSYoungGen: 69597K->1440K(69120K)] 451078K->382921K(588800K), 0.0020378 secs] [Times: user=0.01 sys=0.00, real=0.00 secs] 
2460.501: [GC (Allocation Failure) [PSYoungGen: 69024K->1376K(68608K)] 450505K->382857K(588288K), 0.0022624 secs] [Times: user=0.00 sys=0.00, real=0.00 secs] 
2460.794: [GC (Allocation Failure) [PSYoungGen: 68448K->1344K(68096K)] 449929K->382825K(587776K), 0.0022921 secs] [Times: user=0.01 sys=0.00, real=0.00 secs] 
2461.095: [GC (Allocation Failure) [PSYoungGen: 67904K->1376K(67584K)] 449385K->382857K(587264K), 0.0021480 secs] [Times: user=0.01 sys=0.00, real=0.01 secs] 
2461.319: [GC (Allocation Failure) [PSYoungGen: 67424K->1472K(67072K)] 448905K->382953K(586752K), 0.0017212 secs] [Times: user=0.01 sys=0.00, real=0.00 secs] 
2461.435: [GC (Allocation Failure) [PSYoungGen: 67008K->1501K(66560K)] 448489K->382982K(586240K), 0.0016880 secs] [Times: user=0.00 sys=0.00, real=0.01 secs] 
2461.566: [GC (Allocation Failure) [PSYoungGen: 66525K->1501K(71680K)] 448006K->382990K(591360K), 0.0018723 secs] [Times: user=0.01 sys=0.00, real=0.01 secs] 
2461.723: [GC (Allocation Failure) [PSYoungGen: 70621K->1469K(71168K)] 452110K->382958K(590848K), 0.0017567 secs] [Times: user=0.01 sys=0.01, real=0.00 secs] 
2462.644: [GC (Allocation Failure) [PSYoungGen: 70589K->1408K(70144K)] 452078K->382897K(589824K), 0.0028840 secs] [Times: user=0.01 sys=0.00, real=0.01 secs] 
2463.995: [GC (Allocation Failure) [PSYoungGen: 70016K->1344K(69632K)] 451505K->382833K(589312K), 0.0041650 secs] [Times: user=0.02 sys=0.00, real=0.01 secs] 
2464.971: [GC (Allocation Failure) [PSYoungGen: 69440K->1376K(69120K)] 450929K->382865K(588800K), 0.0039343 secs] [Times: user=0.01 sys=0.00, real=0.00 secs] 
2466.173: [GC (Allocation Failure) [PSYoungGen: 68960K->1376K(68608K)] 450449K->382865K(588288K), 0.0047235 secs] [Times: user=0.02 sys=0.00, real=0.01 secs] 
2466.609: [GC (Allocation Failure) [PSYoungGen: 68448K->1437K(68096K)] 449937K->382926K(587776K), 0.0021495 secs] [Times: user=0.01 sys=0.00, real=0.00 secs] 
2466.745: [GC (Allocation Failure) [PSYoungGen: 67997K->1517K(67584K)] 449486K->383006K(587264K), 0.0017959 secs] [Times: user=0.00 sys=0.00, real=0.01 secs] 
2466.862: [GC (Allocation Failure) [PSYoungGen: 67565K->1504K(67072K)] 449054K->383017K(586752K), 0.0017240 secs] [Times: user=0.01 sys=0.00, real=0.00 secs] 
2466.978: [GC (Allocation Failure) [PSYoungGen: 67040K->1533K(73216K)] 448553K->383062K(592896K), 0.0016466 secs] [Times: user=0.01 sys=0.00, real=0.00 secs] 
2467.375: [GC (Allocation Failure) [PSYoungGen: 73213K->1408K(72704K)] 454742K->382937K(592384K), 0.0022547 secs] [Times: user=0.01 sys=0.00, real=0.01 secs] 
2467.745: [GC (Allocation Failure) [PSYoungGen: 72576K->1312K(72192K)] 454105K->382841K(591872K), 0.0023189 secs] [Times: user=0.01 sys=0.00, real=0.01 secs] 
2468.270: [GC (Allocation Failure) [PSYoungGen: 71968K->1376K(71680K)] 453497K->382905K(591360K), 0.0026597 secs] [Times: user=0.01 sys=0.00, real=0.00 secs] 
2468.844: [GC (Allocation Failure) [PSYoungGen: 71520K->1376K(71168K)] 453049K->382929K(590848K), 0.0033641 secs] [Times: user=0.01 sys=0.01, real=0.01 secs] 
2469.158: [GC (Allocation Failure) [PSYoungGen: 71008K->1501K(70656K)] 452561K->383054K(590336K), 0.0020965 secs] [Times: user=0.01 sys=0.00, real=0.00 secs] 
2469.325: [GC (Allocation Failure) [PSYoungGen: 70621K->1469K(70144K)] 452174K->383022K(589824K), 0.0019667 secs] [Times: user=0.01 sys=0.00, real=0.01 secs] 
2469.480: [GC (Allocation Failure) [PSYoungGen: 70072K->1469K(69632K)] 451625K->383022K(589312K), 0.0017561 secs] [Times: user=0.01 sys=0.00, real=0.00 secs] 
2469.669: [GC (Allocation Failure) [PSYoungGen: 69565K->1696K(69632K)] 451118K->383249K(589312K), 0.0020522 secs] [Times: user=0.01 sys=0.00, real=0.00 secs] 
2470.006: [GC (Allocation Failure) [PSYoungGen: 69280K->1376K(68608K)] 450833K->382929K(588288K), 0.0025269 secs] [Times: user=0.01 sys=0.00, real=0.01 secs] 
2470.496: [GC (Allocation Failure) [PSYoungGen: 68448K->1312K(68096K)] 450001K->382865K(587776K), 0.0021624 secs] [Times: user=0.01 sys=0.00, real=0.01 secs] 
2471.118: [GC (Allocation Failure) [PSYoungGen: 67872K->1376K(67584K)] 449425K->382929K(587264K), 0.0035935 secs] [Times: user=0.02 sys=0.00, real=0.00 secs] 
2471.835: [GC (Allocation Failure) [PSYoungGen: 67424K->1376K(67072K)] 448977K->382929K(586752K), 0.0034587 secs] [Times: user=0.01 sys=0.00, real=0.01 secs] 
2472.119: [GC (Allocation Failure) [PSYoungGen: 66912K->1472K(66560K)] 448465K->383025K(586240K), 0.0019957 secs] [Times: user=0.01 sys=0.00, real=0.00 secs] 
2472.239: [GC (Allocation Failure) [PSYoungGen: 66496K->1533K(66048K)] 448049K->383086K(585728K), 0.0017433 secs] [Times: user=0.01 sys=0.00, real=0.00 secs] 
2472.352: [GC (Allocation Failure) [PSYoungGen: 66027K->1501K(66560K)] 447581K->383054K(586240K), 0.0017988 secs] [Times: user=0.01 sys=0.00, real=0.00 secs] 
2472.467: [GC (Allocation Failure) [PSYoungGen: 66525K->1501K(67072K)] 448078K->383070K(586752K), 0.0015672 secs] [Times: user=0.01 sys=0.00, real=0.01 secs] 
2472.808: [GC (Allocation Failure) [PSYoungGen: 66525K->1408K(66048K)] 448094K->382977K(585728K), 0.0018844 secs] [Times: user=0.00 sys=0.00, real=0.00 secs] 
2473.077: [GC (Allocation Failure) [PSYoungGen: 65920K->1408K(65536K)] 447489K->382977K(585216K), 0.0021791 secs] [Times: user=0.01 sys=0.00, real=0.00 secs] 
2473.409: [GC (Allocation Failure) [PSYoungGen: 65408K->1376K(65024K)] 446977K->382945K(584704K), 0.0018359 secs] [Times: user=0.01 sys=0.00, real=0.00 secs] 
2473.921: [GC (Allocation Failure) [PSYoungGen: 64864K->1344K(64512K)] 446433K->382913K(584192K), 0.0021485 secs] [Times: user=0.01 sys=0.00, real=0.00 secs] 
2474.282: [GC (Allocation Failure) [PSYoungGen: 64320K->1453K(64000K)] 445889K->383022K(583680K), 0.0015810 secs] [Times: user=0.00 sys=0.00, real=0.00 secs] 
2474.392: [GC (Allocation Failure) [PSYoungGen: 63917K->1501K(63488K)] 445486K->383070K(583168K), 0.0017473 secs] [Times: user=0.01 sys=0.00, real=0.00 secs] 
2474.501: [GC (Allocation Failure) [PSYoungGen: 63453K->1453K(69632K)] 445022K->383030K(589312K), 0.0016054 secs] [Times: user=0.01 sys=0.00, real=0.00 secs] 
2474.621: [GC (Allocation Failure) [PSYoungGen: 69549K->1501K(70144K)] 451126K->383078K(589824K), 0.0016281 secs] [Times: user=0.00 sys=0.00, real=0.00 secs] 
2475.153: [GC (Allocation Failure) [PSYoungGen: 69597K->1440K(69120K)] 451174K->383017K(588800K), 0.0022872 secs] [Times: user=0.01 sys=0.00, real=0.00 secs] 
2475.968: [GC (Allocation Failure) [PSYoungGen: 69024K->1376K(68608K)] 450601K->382953K(588288K), 0.0025263 secs] [Times: user=0.01 sys=0.00, real=0.00 secs] 
2476.664: [GC (Allocation Failure) [PSYoungGen: 68448K->1328K(68096K)] 450025K->382929K(587776K), 0.0025306 secs] [Times: user=0.01 sys=0.00, real=0.00 secs] 
2477.472: [GC (Allocation Failure) [PSYoungGen: 67888K->1392K(67584K)] 449489K->382993K(587264K), 0.0031090 secs] [Times: user=0.01 sys=0.00, real=0.00 secs] 
2478.058: [GC (Allocation Failure) [PSYoungGen: 67440K->1437K(67072K)] 449041K->383038K(586752K), 0.0023422 secs] [Times: user=0.01 sys=0.00, real=0.00 secs] 
2478.214: [GC (Allocation Failure) [PSYoungGen: 66973K->1501K(66560K)] 448574K->383102K(586240K), 0.0017012 secs] [Times: user=0.01 sys=0.00, real=0.00 secs] 
2478.328: [GC (Allocation Failure) [PSYoungGen: 66525K->1453K(66048K)] 448126K->383054K(585728K), 0.0015551 secs] [Times: user=0.00 sys=0.00, real=0.00 secs] 
2478.441: [GC (Allocation Failure) [PSYoungGen: 65965K->1501K(72192K)] 447566K->383110K(591872K), 0.0017548 secs] [Times: user=0.01 sys=0.00, real=0.00 secs] 
2478.964: [GC (Allocation Failure) [PSYoungGen: 72157K->1424K(71680K)] 453766K->383033K(591360K), 0.0021877 secs] [Times: user=0.01 sys=0.00, real=0.00 secs] 
2480.211: [GC (Allocation Failure) [PSYoungGen: 71568K->1360K(71168K)] 453177K->382969K(590848K), 0.0026668 secs] [Times: user=0.01 sys=0.00, real=0.00 secs] 
2481.080: [GC (Allocation Failure) [PSYoungGen: 70992K->1344K(70656K)] 452601K->382953K(590336K), 0.0025176 secs] [Times: user=0.01 sys=0.00, real=0.00 secs] 
2481.684: [GC (Allocation Failure) [PSYoungGen: 70464K->1360K(70144K)] 452073K->382969K(589824K), 0.0025690 secs] [Times: user=0.01 sys=0.00, real=0.00 secs] 
2481.961: [GC (Allocation Failure) [PSYoungGen: 69968K->1421K(69632K)] 451577K->383030K(589312K), 0.0020657 secs] [Times: user=0.01 sys=0.00, real=0.00 secs] 
2482.116: [GC (Allocation Failure) [PSYoungGen: 69517K->1453K(69120K)] 451126K->383062K(588800K), 0.0020956 secs] [Times: user=0.01 sys=0.00, real=0.01 secs] 
2482.271: [GC (Allocation Failure) [PSYoungGen: 69037K->1501K(68608K)] 450646K->383110K(588288K), 0.0017540 secs] [Times: user=0.01 sys=0.00, real=0.00 secs] 
2482.389: [GC (Allocation Failure) [PSYoungGen: 68550K->1469K(68096K)] 450159K->383094K(587776K), 0.0016389 secs] [Times: user=0.01 sys=0.00, real=0.00 secs] 
2482.750: [GC (Allocation Failure) [PSYoungGen: 68029K->1392K(67584K)] 449654K->383017K(587264K), 0.0029683 secs] [Times: user=0.01 sys=0.00, real=0.00 secs] 
2483.479: [GC (Allocation Failure) [PSYoungGen: 67440K->1376K(67072K)] 449065K->383001K(586752K), 0.0027983 secs] [Times: user=0.01 sys=0.00, real=0.00 secs] 
2484.315: [GC (Allocation Failure) [PSYoungGen: 66912K->1376K(66560K)] 448537K->383001K(586240K), 0.0026464 secs] [Times: user=0.01 sys=0.00, real=0.01 secs] 
2484.963: [GC (Allocation Failure) [PSYoungGen: 66400K->1376K(66048K)] 448025K->383001K(585728K), 0.0026205 secs] [Times: user=0.01 sys=0.00, real=0.00 secs] 
2485.462: [GC (Allocation Failure) [PSYoungGen: 65888K->1469K(65536K)] 447513K->383094K(585216K), 0.0022647 secs] [Times: user=0.01 sys=0.00, real=0.00 secs] 
2485.648: [GC (Allocation Failure) [PSYoungGen: 65469K->1488K(65024K)] 447094K->383113K(584704K), 0.0024845 secs] [Times: user=0.01 sys=0.00, real=0.00 secs] 
2485.787: [GC (Allocation Failure) [PSYoungGen: 64976K->1437K(64512K)] 446601K->383062K(584192K), 0.0016399 secs] [Times: user=0.00 sys=0.00, real=0.00 secs] 
2485.898: [GC (Allocation Failure) [PSYoungGen: 64413K->1469K(65024K)] 446038K->383102K(584704K), 0.0017824 secs] [Times: user=0.01 sys=0.00, real=0.00 secs] 
2486.079: [GC (Allocation Failure) [PSYoungGen: 64445K->1984K(71168K)] 446078K->383617K(590848K), 0.0021153 secs] [Times: user=0.00 sys=0.00, real=0.00 secs] 
2486.404: [GC (Allocation Failure) [PSYoungGen: 71104K->1408K(70144K)] 452737K->383041K(589824K), 0.0026051 secs] [Times: user=0.01 sys=0.00, real=0.00 secs] 
2486.753: [GC (Allocation Failure) [PSYoungGen: 70016K->1344K(69632K)] 451649K->382993K(589312K), 0.0023321 secs] [Times: user=0.01 sys=0.00, real=0.00 secs] 
2487.038: [GC (Allocation Failure) [PSYoungGen: 69440K->1312K(69120K)] 451089K->382961K(588800K), 0.0023351 secs] [Times: user=0.01 sys=0.00, real=0.00 secs] 
2487.447: [GC (Allocation Failure) [PSYoungGen: 68729K->272K(68608K)] 450379K->381921K(588288K), 0.0021064 secs] [Times: user=0.00 sys=0.00, real=0.00 secs] 
2487.620: [GC (Allocation Failure) [PSYoungGen: 67344K->1469K(68096K)] 448993K->383118K(587776K), 0.0023717 secs] [Times: user=0.01 sys=0.00, real=0.00 secs] 
2487.768: [GC (Allocation Failure) [PSYoungGen: 68029K->1469K(67584K)] 449678K->383118K(587264K), 0.0016281 secs] [Times: user=0.00 sys=0.00, real=0.00 secs] 
2487.886: [GC (Allocation Failure) [PSYoungGen: 67517K->1469K(68096K)] 449166K->383126K(587776K), 0.0016979 secs] [Times: user=0.00 sys=0.00, real=0.01 secs] 
2488.119: [GC (Allocation Failure) [PSYoungGen: 67517K->1760K(74240K)] 449174K->383417K(593920K), 0.0022892 secs] [Times: user=0.01 sys=0.00, real=0.00 secs] 
2488.854: [GC (Allocation Failure) [PSYoungGen: 73952K->1392K(73216K)] 455609K->383049K(592896K), 0.0032019 secs] [Times: user=0.01 sys=0.00, real=0.01 secs] 
2489.539: [GC (Allocation Failure) [PSYoungGen: 73072K->1376K(72704K)] 454729K->383033K(592384K), 0.0023004 secs] [Times: user=0.00 sys=0.00, real=0.00 secs] 
2490.561: [GC (Allocation Failure) [PSYoungGen: 72544K->1376K(72192K)] 454201K->383033K(591872K), 0.0026586 secs] [Times: user=0.01 sys=0.00, real=0.00 secs] 
2491.613: [GC (Allocation Failure) [PSYoungGen: 72032K->1469K(71680K)] 453689K->383126K(591360K), 0.0027179 secs] [Times: user=0.01 sys=0.00, real=0.00 secs] 
2491.798: [GC (Allocation Failure) [PSYoungGen: 71613K->1485K(71168K)] 453270K->383142K(590848K), 0.0017805 secs] [Times: user=0.01 sys=0.00, real=0.00 secs] 
2491.941: [GC (Allocation Failure) [PSYoungGen: 71117K->1453K(70656K)] 452774K->383110K(590336K), 0.0019326 secs] [Times: user=0.01 sys=0.00, real=0.00 secs] 
2492.103: [GC (Allocation Failure) [PSYoungGen: 70573K->1472K(70144K)] 452230K->383137K(589824K), 0.0017724 secs] [Times: user=0.00 sys=0.00, real=0.00 secs] 
2492.885: [GC (Allocation Failure) [PSYoungGen: 70080K->1424K(69632K)] 451745K->383089K(589312K), 0.0034641 secs] [Times: user=0.01 sys=0.00, real=0.01 secs] 
2493.880: [GC (Allocation Failure) [PSYoungGen: 69520K->1376K(69120K)] 451185K->383041K(588800K), 0.0043227 secs] [Times: user=0.02 sys=0.00, real=0.00 secs] 
2494.299: [GC (Allocation Failure) [PSYoungGen: 68960K->1408K(68608K)] 450625K->383073K(588288K), 0.0021024 secs] [Times: user=0.00 sys=0.00, real=0.00 secs] 
2494.782: [GC (Allocation Failure) [PSYoungGen: 68480K->1344K(68096K)] 450145K->383009K(587776K), 0.0021650 secs] [Times: user=0.01 sys=0.00, real=0.00 secs] 
2495.237: [GC (Allocation Failure) [PSYoungGen: 67904K->1421K(67584K)] 449569K->383086K(587264K), 0.0021008 secs] [Times: user=0.01 sys=0.00, real=0.00 secs] 
2495.378: [GC (Allocation Failure) [PSYoungGen: 67469K->1501K(67072K)] 449134K->383166K(586752K), 0.0017276 secs] [Times: user=0.01 sys=0.00, real=0.00 secs] 
2495.495: [GC (Allocation Failure) [PSYoungGen: 67037K->1485K(66560K)] 448702K->383150K(586240K), 0.0017225 secs] [Times: user=0.00 sys=0.00, real=0.00 secs] 
2495.609: [GC (Allocation Failure) [PSYoungGen: 66509K->1517K(67584K)] 448174K->383198K(587264K), 0.0016108 secs] [Times: user=0.00 sys=0.00, real=0.00 secs] 
2495.892: [GC (Allocation Failure) [PSYoungGen: 67053K->1488K(66560K)] 448734K->383169K(586240K), 0.0021169 secs] [Times: user=0.00 sys=0.00, real=0.00 secs] 
2496.263: [GC (Allocation Failure) [PSYoungGen: 66512K->1408K(66048K)] 448193K->383089K(585728K), 0.0023924 secs] [Times: user=0.00 sys=0.00, real=0.00 secs] 
2496.564: [GC (Allocation Failure) [PSYoungGen: 65920K->1408K(65536K)] 447601K->383089K(585216K), 0.0020290 secs] [Times: user=0.01 sys=0.00, real=0.00 secs] 
2496.939: [GC (Allocation Failure) [PSYoungGen: 65408K->1376K(65024K)] 447089K->383081K(584704K), 0.0024890 secs] [Times: user=0.01 sys=0.00, real=0.00 secs] 
2497.377: [GC (Allocation Failure) [PSYoungGen: 64864K->1312K(64512K)] 446569K->383017K(584192K), 0.0021193 secs] [Times: user=0.01 sys=0.00, real=0.00 secs] 
2497.538: [GC (Allocation Failure) [PSYoungGen: 64288K->1501K(64000K)] 445993K->383206K(583680K), 0.0016122 secs] [Times: user=0.00 sys=0.00, real=0.00 secs] 
2497.649: [GC (Allocation Failure) [PSYoungGen: 63965K->1485K(63488K)] 445670K->383190K(583168K), 0.0017146 secs] [Times: user=0.01 sys=0.00, real=0.00 secs] 
2497.758: [GC (Allocation Failure) [PSYoungGen: 63437K->1485K(69632K)] 445142K->383198K(589312K), 0.0016240 secs] [Times: user=0.01 sys=0.00, real=0.00 secs] 
2497.878: [GC (Allocation Failure) [PSYoungGen: 69069K->1485K(70144K)] 450782K->383198K(589824K), 0.0016652 secs] [Times: user=0.01 sys=0.00, real=0.00 secs] 
2498.976: [GC (Allocation Failure) [PSYoungGen: 69581K->1360K(69120K)] 451294K->383073K(588800K), 0.0030625 secs] [Times: user=0.02 sys=0.00, real=0.01 secs] 
2499.419: [GC (Allocation Failure) [PSYoungGen: 68944K->1344K(68608K)] 450657K->383057K(588288K), 0.0021849 secs] [Times: user=0.01 sys=0.00, real=0.00 secs] 
2499.698: [GC (Allocation Failure) [PSYoungGen: 68416K->1344K(68096K)] 450129K->383057K(587776K), 0.0021255 secs] [Times: user=0.01 sys=0.00, real=0.00 secs] 
2500.104: [GC (Allocation Failure) [PSYoungGen: 67904K->1312K(67584K)] 449617K->383025K(587264K), 0.0021370 secs] [Times: user=0.01 sys=0.00, real=0.00 secs] 
2500.357: [GC (Allocation Failure) [PSYoungGen: 67360K->1469K(67072K)] 449073K->383182K(586752K), 0.0015770 secs] [Times: user=0.01 sys=0.00, real=0.00 secs] 
2500.473: [GC (Allocation Failure) [PSYoungGen: 67005K->1437K(66560K)] 448718K->383150K(586240K), 0.0016877 secs] [Times: user=0.01 sys=0.00, real=0.00 secs] 
2500.587: [GC (Allocation Failure) [PSYoungGen: 66461K->1437K(66048K)] 448174K->383166K(585728K), 0.0016029 secs] [Times: user=0.01 sys=0.00, real=0.00 secs] 
2500.701: [GC (Allocation Failure) [PSYoungGen: 65949K->1437K(66560K)] 447678K->383166K(586240K), 0.0016770 secs] [Times: user=0.01 sys=0.00, real=0.00 secs] 
2501.623: [GC (Allocation Failure) [PSYoungGen: 65949K->1408K(65536K)] 447678K->383137K(585216K), 0.0031315 secs] [Times: user=0.01 sys=0.00, real=0.00 secs] 
2502.197: [GC (Allocation Failure) [PSYoungGen: 65408K->1376K(65024K)] 447137K->383105K(584704K), 0.0025866 secs] [Times: user=0.01 sys=0.00, real=0.00 secs] 
2502.766: [GC (Allocation Failure) [PSYoungGen: 64864K->1328K(64512K)] 446593K->383057K(584192K), 0.0025863 secs] [Times: user=0.01 sys=0.00, real=0.01 secs] 
2503.361: [GC (Allocation Failure) [PSYoungGen: 64304K->1376K(64000K)] 446033K->383105K(583680K), 0.0025197 secs] [Times: user=0.01 sys=0.00, real=0.00 secs] 
2503.788: [GC (Allocation Failure) [PSYoungGen: 63840K->1469K(63488K)] 445569K->383198K(583168K), 0.0021280 secs] [Times: user=0.01 sys=0.00, real=0.00 secs] 
2503.917: [GC (Allocation Failure) [PSYoungGen: 63421K->1437K(62976K)] 445150K->383166K(582656K), 0.0016111 secs] [Times: user=0.01 sys=0.00, real=0.00 secs] 
2504.025: [GC (Allocation Failure) [PSYoungGen: 62877K->1469K(62464K)] 444606K->383198K(582144K), 0.0016912 secs] [Times: user=0.01 sys=0.00, real=0.00 secs] 
2504.133: [GC (Allocation Failure) [PSYoungGen: 62397K->1469K(62976K)] 444126K->383206K(582656K), 0.0015677 secs] [Times: user=0.01 sys=0.00, real=0.00 secs] 
2504.335: [GC (Allocation Failure) [PSYoungGen: 62397K->1984K(62976K)] 444134K->383721K(582656K), 0.0020372 secs] [Times: user=0.01 sys=0.00, real=0.01 secs] 
2504.726: [GC (Allocation Failure) [PSYoungGen: 62912K->1440K(61952K)] 444649K->383177K(581632K), 0.0034417 secs] [Times: user=0.01 sys=0.00, real=0.01 secs] 
2504.979: [GC (Allocation Failure) [PSYoungGen: 61856K->1408K(61440K)] 443593K->383145K(581120K), 0.0022198 secs] [Times: user=0.00 sys=0.00, real=0.00 secs] 
2505.416: [GC (Allocation Failure) [PSYoungGen: 61312K->1392K(61440K)] 443049K->383137K(581120K), 0.0029721 secs] [Times: user=0.02 sys=0.00, real=0.01 secs] 
2505.913: [GC (Allocation Failure) [PSYoungGen: 61296K->1376K(61440K)] 443041K->383121K(581120K), 0.0024701 secs] [Times: user=0.00 sys=0.00, real=0.00 secs] 
2506.347: [GC (Allocation Failure) [PSYoungGen: 61280K->1421K(61440K)] 443025K->383166K(581120K), 0.0027542 secs] [Times: user=0.01 sys=0.00, real=0.00 secs] 
2506.518: [GC (Allocation Failure) [PSYoungGen: 61325K->1437K(61440K)] 443070K->383182K(581120K), 0.0017587 secs] [Times: user=0.01 sys=0.00, real=0.00 secs] 
2506.624: [GC (Allocation Failure) [PSYoungGen: 61341K->1517K(65024K)] 443086K->383310K(584704K), 0.0017084 secs] [Times: user=0.00 sys=0.00, real=0.00 secs] 
2506.736: [GC (Allocation Failure) [PSYoungGen: 65005K->1453K(65536K)] 446798K->383246K(585216K), 0.0016227 secs] [Times: user=0.01 sys=0.00, real=0.01 secs] 
2507.031: [GC (Allocation Failure) [PSYoungGen: 64941K->1440K(71680K)] 446734K->383233K(591360K), 0.0026033 secs] [Times: user=0.01 sys=0.00, real=0.00 secs] 
2507.761: [GC (Allocation Failure) [PSYoungGen: 71072K->1344K(70656K)] 452865K->383137K(590336K), 0.0041965 secs] [Times: user=0.02 sys=0.00, real=0.00 secs] 
2508.656: [GC (Allocation Failure) [PSYoungGen: 70464K->1392K(70144K)] 452257K->383185K(589824K), 0.0043229 secs] [Times: user=0.01 sys=0.00, real=0.01 secs] 
2509.502: [GC (Allocation Failure) [PSYoungGen: 70000K->1344K(69632K)] 451793K->383137K(589312K), 0.0032204 secs] [Times: user=0.01 sys=0.00, real=0.00 secs] 
2510.276: [GC (Allocation Failure) [PSYoungGen: 69440K->1421K(69120K)] 451233K->383214K(588800K), 0.0035049 secs] [Times: user=0.01 sys=0.00, real=0.01 secs] 
2510.487: [GC (Allocation Failure) [PSYoungGen: 69005K->1533K(68608K)] 450798K->383326K(588288K), 0.0019374 secs] [Times: user=0.01 sys=0.00, real=0.00 secs] 
2510.608: [GC (Allocation Failure) [PSYoungGen: 68605K->1453K(68096K)] 450398K->383262K(587776K), 0.0015832 secs] [Times: user=0.01 sys=0.00, real=0.00 secs] 
2510.724: [GC (Allocation Failure) [PSYoungGen: 68013K->1488K(67584K)] 449822K->383297K(587264K), 0.0017640 secs] [Times: user=0.00 sys=0.00, real=0.00 secs] 
2511.071: [GC (Allocation Failure) [PSYoungGen: 67536K->1408K(67072K)] 449345K->383217K(586752K), 0.0028498 secs] [Times: user=0.01 sys=0.00, real=0.00 secs] 
2512.010: [GC (Allocation Failure) [PSYoungGen: 66944K->1376K(66560K)] 448753K->383185K(586240K), 0.0042244 secs] [Times: user=0.01 sys=0.00, real=0.00 secs] 
2512.711: [GC (Allocation Failure) [PSYoungGen: 66400K->1376K(66048K)] 448209K->383185K(585728K), 0.0058242 secs] [Times: user=0.03 sys=0.00, real=0.00 secs] 
2513.359: [GC (Allocation Failure) [PSYoungGen: 65888K->1360K(65536K)] 447697K->383169K(585216K), 0.0027309 secs] [Times: user=0.01 sys=0.00, real=0.00 secs] 
2513.993: [GC (Allocation Failure) [PSYoungGen: 65360K->1344K(65024K)] 447169K->383153K(584704K), 0.0030296 secs] [Times: user=0.02 sys=0.00, real=0.00 secs] 
2514.232: [GC (Allocation Failure) [PSYoungGen: 64832K->1533K(64512K)] 446641K->383342K(584192K), 0.0020329 secs] [Times: user=0.01 sys=0.00, real=0.00 secs] 
2514.350: [GC (Allocation Failure) [PSYoungGen: 64509K->1485K(64000K)] 446318K->383294K(583680K), 0.0017428 secs] [Times: user=0.01 sys=0.00, real=0.00 secs] 
2514.461: [GC (Allocation Failure) [PSYoungGen: 63949K->1469K(64512K)] 445758K->383286K(584192K), 0.0016185 secs] [Times: user=0.01 sys=0.00, real=0.00 secs] 
2514.571: [GC (Allocation Failure) [PSYoungGen: 63933K->1501K(70656K)] 445750K->383318K(590336K), 0.0016289 secs] [Times: user=0.01 sys=0.00, real=0.00 secs] 
2515.449: [GC (Allocation Failure) [PSYoungGen: 70109K->1392K(69632K)] 451926K->383209K(589312K), 0.0038131 secs] [Times: user=0.01 sys=0.00, real=0.00 secs] 
2516.081: [GC (Allocation Failure) [PSYoungGen: 69488K->1360K(69120K)] 451305K->383177K(588800K), 0.0040001 secs] [Times: user=0.01 sys=0.00, real=0.00 secs] 
2516.745: [GC (Allocation Failure) [PSYoungGen: 68944K->1376K(68608K)] 450761K->383193K(588288K), 0.0032893 secs] [Times: user=0.01 sys=0.00, real=0.01 secs] 
2517.592: [GC (Allocation Failure) [PSYoungGen: 68448K->1376K(68096K)] 450265K->383193K(587776K), 0.0042749 secs] [Times: user=0.02 sys=0.00, real=0.00 secs] 
2518.021: [GC (Allocation Failure) [PSYoungGen: 67936K->1501K(67584K)] 449753K->383318K(587264K), 0.0022407 secs] [Times: user=0.01 sys=0.00, real=0.00 secs] 
2518.161: [GC (Allocation Failure) [PSYoungGen: 67541K->1469K(67072K)] 449358K->383286K(586752K), 0.0017251 secs] [Times: user=0.01 sys=0.00, real=0.00 secs] 
2518.280: [GC (Allocation Failure) [PSYoungGen: 67005K->1437K(66560K)] 448822K->383262K(586240K), 0.0016512 secs] [Times: user=0.01 sys=0.00, real=0.00 secs] 
2518.395: [GC (Allocation Failure) [PSYoungGen: 66461K->1437K(67072K)] 448286K->383286K(586752K), 0.0015897 secs] [Times: user=0.01 sys=0.00, real=0.00 secs] 
2518.655: [GC (Allocation Failure) [PSYoungGen: 66461K->1440K(66048K)] 448310K->383289K(585728K), 0.0019658 secs] [Times: user=0.01 sys=0.00, real=0.01 secs] 
2518.923: [GC (Allocation Failure) [PSYoungGen: 65952K->1344K(65536K)] 447801K->383193K(585216K), 0.0017797 secs] [Times: user=0.01 sys=0.00, real=0.00 secs] 
2519.189: [GC (Allocation Failure) [PSYoungGen: 65344K->1344K(65024K)] 447193K->383193K(584704K), 0.0018313 secs] [Times: user=0.01 sys=0.00, real=0.00 secs] 
2519.510: [GC (Allocation Failure) [PSYoungGen: 64832K->1344K(64512K)] 446681K->383193K(584192K), 0.0019085 secs] [Times: user=0.01 sys=0.00, real=0.00 secs] 
2519.809: [GC (Allocation Failure) [PSYoungGen: 64320K->1472K(64000K)] 446169K->383321K(583680K), 0.0017434 secs] [Times: user=0.01 sys=0.00, real=0.00 secs] 
2519.921: [GC (Allocation Failure) [PSYoungGen: 63936K->1453K(63488K)] 445785K->383302K(583168K), 0.0018021 secs] [Times: user=0.01 sys=0.00, real=0.00 secs] 
2520.031: [GC (Allocation Failure) [PSYoungGen: 63405K->1469K(64000K)] 445254K->383318K(583680K), 0.0017392 secs] [Times: user=0.01 sys=0.00, real=0.00 secs] 
2520.155: [GC (Allocation Failure) [PSYoungGen: 63421K->1501K(70144K)] 445270K->383366K(589824K), 0.0019835 secs] [Times: user=0.01 sys=0.00, real=0.01 secs] 
2520.882: [GC (Allocation Failure) [PSYoungGen: 69597K->1504K(70144K)] 451462K->383369K(589824K), 0.0039026 secs] [Times: user=0.02 sys=0.00, real=0.00 secs] 
2522.131: [GC (Allocation Failure) [PSYoungGen: 69600K->1408K(69120K)] 451465K->383273K(588800K), 0.0041813 secs] [Times: user=0.02 sys=0.00, real=0.00 secs] 
2522.547: [GC (Allocation Failure) [PSYoungGen: 68992K->1440K(68608K)] 450857K->383305K(588288K), 0.0025296 secs] [Times: user=0.01 sys=0.01, real=0.00 secs] 
2523.007: [GC (Allocation Failure) [PSYoungGen: 68512K->1344K(68096K)] 450377K->383209K(587776K), 0.0021788 secs] [Times: user=0.01 sys=0.00, real=0.00 secs] 
2523.624: [GC (Allocation Failure) [PSYoungGen: 67900K->1517K(67584K)] 449765K->383382K(587264K), 0.0040022 secs] [Times: user=0.02 sys=0.00, real=0.01 secs] 
2523.772: [GC (Allocation Failure) [PSYoungGen: 67565K->1501K(67072K)] 449430K->383366K(586752K), 0.0016141 secs] [Times: user=0.01 sys=0.00, real=0.00 secs] 
2523.888: [GC (Allocation Failure) [PSYoungGen: 67037K->1533K(66560K)] 448902K->383398K(586240K), 0.0017973 secs] [Times: user=0.01 sys=0.00, real=0.00 secs] 
2524.003: [GC (Allocation Failure) [PSYoungGen: 66557K->1485K(73216K)] 448422K->383366K(592896K), 0.0016179 secs] [Times: user=0.01 sys=0.00, real=0.00 secs] 
2524.321: [GC (Allocation Failure) [PSYoungGen: 73165K->1440K(72704K)] 455046K->383321K(592384K), 0.0017541 secs] [Times: user=0.01 sys=0.00, real=0.00 secs] 
2524.617: [GC (Allocation Failure) [PSYoungGen: 72608K->1376K(72192K)] 454489K->383257K(591872K), 0.0018428 secs] [Times: user=0.01 sys=0.00, real=0.01 secs] 
2524.911: [GC (Allocation Failure) [PSYoungGen: 72032K->1376K(71680K)] 453913K->383257K(591360K), 0.0018892 secs] [Times: user=0.01 sys=0.00, real=0.00 secs] 
2525.202: [GC (Allocation Failure) [PSYoungGen: 71520K->1376K(71168K)] 453401K->383257K(590848K), 0.0018746 secs] [Times: user=0.00 sys=0.00, real=0.00 secs] 
2525.477: [GC (Allocation Failure) [PSYoungGen: 71008K->1469K(70656K)] 452889K->383350K(590336K), 0.0019750 secs] [Times: user=0.01 sys=0.00, real=0.00 secs] 
2525.648: [GC (Allocation Failure) [PSYoungGen: 70565K->1469K(70144K)] 452446K->383350K(589824K), 0.0021326 secs] [Times: user=0.01 sys=0.00, real=0.00 secs] 
2525.795: [GC (Allocation Failure) [PSYoungGen: 70077K->1501K(69632K)] 451958K->383382K(589312K), 0.0017246 secs] [Times: user=0.01 sys=0.00, real=0.00 secs] 
2525.914: [GC (Allocation Failure) [PSYoungGen: 69597K->1501K(70144K)] 451478K->383390K(589824K), 0.0017169 secs] [Times: user=0.01 sys=0.01, real=0.00 secs] 
2526.607: [GC (Allocation Failure) [PSYoungGen: 69597K->1392K(69120K)] 451486K->383297K(588800K), 0.0046546 secs] [Times: user=0.01 sys=0.01, real=0.00 secs] 
2527.921: [GC (Allocation Failure) [PSYoungGen: 68976K->1376K(68608K)] 450881K->383281K(588288K), 0.0036473 secs] [Times: user=0.02 sys=0.01, real=0.00 secs] 
2529.125: [GC (Allocation Failure) [PSYoungGen: 68448K->1344K(68096K)] 450353K->383249K(587776K), 0.0036794 secs] [Times: user=0.01 sys=0.01, real=0.01 secs] 
2529.906: [GC (Allocation Failure) [PSYoungGen: 67904K->1344K(67584K)] 449809K->383249K(587264K), 0.0028747 secs] [Times: user=0.01 sys=0.00, real=0.01 secs] 
2530.445: [GC (Allocation Failure) [PSYoungGen: 67392K->1453K(67072K)] 449297K->383358K(586752K), 0.0024951 secs] [Times: user=0.01 sys=0.00, real=0.01 secs] 
2530.598: [GC (Allocation Failure) [PSYoungGen: 66970K->1437K(66560K)] 448875K->383342K(586240K), 0.0016401 secs] [Times: user=0.01 sys=0.00, real=0.00 secs] 
2530.712: [GC (Allocation Failure) [PSYoungGen: 66461K->1501K(66048K)] 448366K->383406K(585728K), 0.0017544 secs] [Times: user=0.00 sys=0.00, real=0.00 secs] 
2530.826: [GC (Allocation Failure) [PSYoungGen: 66013K->1501K(66560K)] 447918K->383422K(586240K), 0.0017582 secs] [Times: user=0.00 sys=0.00, real=0.01 secs] 
2531.080: [GC (Allocation Failure) [PSYoungGen: 66013K->1456K(65536K)] 447934K->383377K(585216K), 0.0020900 secs] [Times: user=0.01 sys=0.00, real=0.00 secs] 
2531.749: [GC (Allocation Failure) [PSYoungGen: 65456K->1344K(65024K)] 447377K->383265K(584704K), 0.0020138 secs] [Times: user=0.01 sys=0.00, real=0.00 secs] 
2532.164: [GC (Allocation Failure) [PSYoungGen: 64832K->1376K(64512K)] 446753K->383297K(584192K), 0.0019631 secs] [Times: user=0.01 sys=0.00, real=0.00 secs] 
2532.426: [GC (Allocation Failure) [PSYoungGen: 64352K->1344K(64000K)] 446273K->383265K(583680K), 0.0019619 secs] [Times: user=0.01 sys=0.00, real=0.01 secs] 
2532.824: [GC (Allocation Failure) [PSYoungGen: 63808K->1360K(63488K)] 445729K->383281K(583168K), 0.0021994 secs] [Times: user=0.01 sys=0.00, real=0.00 secs] 
2532.998: [GC (Allocation Failure) [PSYoungGen: 63312K->1501K(62976K)] 445233K->383422K(582656K), 0.0017136 secs] [Times: user=0.01 sys=0.00, real=0.00 secs] 
2533.106: [GC (Allocation Failure) [PSYoungGen: 62941K->1456K(62464K)] 444862K->383377K(582144K), 0.0016410 secs] [Times: user=0.01 sys=0.00, real=0.01 secs] 
2533.214: [GC (Allocation Failure) [PSYoungGen: 62384K->1405K(62976K)] 444305K->383334K(582656K), 0.0017003 secs] [Times: user=0.00 sys=0.00, real=0.00 secs] 
2533.337: [GC (Allocation Failure) [PSYoungGen: 62333K->1456K(62976K)] 444262K->383401K(582656K), 0.0019222 secs] [Times: user=0.01 sys=0.00, real=0.00 secs] 
2533.902: [GC (Allocation Failure) [PSYoungGen: 62384K->1456K(68096K)] 444329K->383401K(587776K), 0.0029908 secs] [Times: user=0.01 sys=0.00, real=0.00 secs] 
2534.620: [GC (Allocation Failure) [PSYoungGen: 68016K->1376K(67584K)] 449961K->383329K(587264K), 0.0037436 secs] [Times: user=0.02 sys=0.00, real=0.00 secs] 
2535.413: [GC (Allocation Failure) [PSYoungGen: 67424K->1376K(67072K)] 449377K->383329K(586752K), 0.0040284 secs] [Times: user=0.02 sys=0.01, real=0.01 secs] 
2536.292: [GC (Allocation Failure) [PSYoungGen: 66912K->1344K(66560K)] 448865K->383297K(586240K), 0.0038919 secs] [Times: user=0.02 sys=0.00, real=0.00 secs] 
2536.868: [GC (Allocation Failure) [PSYoungGen: 66368K->1405K(66048K)] 448321K->383358K(585728K), 0.0027604 secs] [Times: user=0.01 sys=0.00, real=0.00 secs] 
2537.067: [GC (Allocation Failure) [PSYoungGen: 65917K->1456K(65536K)] 447870K->383409K(585216K), 0.0023793 secs] [Times: user=0.01 sys=0.00, real=0.00 secs] 
2537.208: [GC (Allocation Failure) [PSYoungGen: 65456K->1469K(65024K)] 447409K->383438K(584704K), 0.0018102 secs] [Times: user=0.01 sys=0.00, real=0.00 secs] 
2537.319: [GC (Allocation Failure) [PSYoungGen: 64957K->1501K(65536K)] 446926K->383486K(585216K), 0.0017246 secs] [Times: user=0.01 sys=0.00, real=0.00 secs] 
2537.633: [GC (Allocation Failure) [PSYoungGen: 64989K->1440K(64512K)] 446974K->383425K(584192K), 0.0024905 secs] [Times: user=0.00 sys=0.00, real=0.00 secs] 
2538.253: [GC (Allocation Failure) [PSYoungGen: 64416K->1344K(64000K)] 446401K->383329K(583680K), 0.0039603 secs] [Times: user=0.02 sys=0.00, real=0.01 secs] 
2538.813: [GC (Allocation Failure) [PSYoungGen: 63808K->1376K(63488K)] 445793K->383361K(583168K), 0.0027430 secs] [Times: user=0.01 sys=0.00, real=0.00 secs] 
2539.581: [GC (Allocation Failure) [PSYoungGen: 63328K->1376K(62976K)] 445313K->383361K(582656K), 0.0031287 secs] [Times: user=0.01 sys=0.00, real=0.00 secs] 
2540.266: [GC (Allocation Failure) [PSYoungGen: 62816K->1312K(62464K)] 444801K->383297K(582144K), 0.0029051 secs] [Times: user=0.01 sys=0.00, real=0.01 secs] 
2540.586: [GC (Allocation Failure) [PSYoungGen: 62240K->1437K(61952K)] 444225K->383422K(581632K), 0.0024458 secs] [Times: user=0.01 sys=0.00, real=0.01 secs] 
2540.723: [GC (Allocation Failure) [PSYoungGen: 61853K->1437K(61440K)] 443838K->383422K(581120K), 0.0017141 secs] [Times: user=0.01 sys=0.00, real=0.00 secs] 
2540.829: [GC (Allocation Failure) [PSYoungGen: 61341K->1469K(61440K)] 443326K->383470K(581120K), 0.0017448 secs] [Times: user=0.00 sys=0.00, real=0.00 secs] 
2540.935: [GC (Allocation Failure) [PSYoungGen: 61373K->1485K(67072K)] 443374K->383486K(586752K), 0.0017144 secs] [Times: user=0.01 sys=0.00, real=0.00 secs] 
2541.282: [GC (Allocation Failure) [PSYoungGen: 67021K->1392K(67584K)] 449022K->383393K(587264K), 0.0033464 secs] [Times: user=0.01 sys=0.00, real=0.00 secs] 
2541.895: [GC (Allocation Failure) [PSYoungGen: 66928K->1376K(66560K)] 448929K->383377K(586240K), 0.0030763 secs] [Times: user=0.01 sys=0.01, real=0.01 secs] 
2542.609: [GC (Allocation Failure) [PSYoungGen: 66400K->1376K(66048K)] 448401K->383377K(585728K), 0.0044258 secs] [Times: user=0.02 sys=0.01, real=0.00 secs] 
2543.215: [GC (Allocation Failure) [PSYoungGen: 65888K->1376K(65536K)] 447889K->383377K(585216K), 0.0027098 secs] [Times: user=0.01 sys=0.00, real=0.01 secs] 
2543.756: [GC (Allocation Failure) [PSYoungGen: 65376K->1421K(65024K)] 447377K->383422K(584704K), 0.0029761 secs] [Times: user=0.01 sys=0.00, real=0.01 secs] 
2543.919: [GC (Allocation Failure) [PSYoungGen: 64909K->1501K(64512K)] 446910K->383502K(584192K), 0.0016639 secs] [Times: user=0.00 sys=0.00, real=0.00 secs] 
2544.047: [GC (Allocation Failure) [PSYoungGen: 64477K->1501K(64000K)] 446478K->383518K(583680K), 0.0020003 secs] [Times: user=0.01 sys=0.00, real=0.01 secs] 
2544.189: [GC (Allocation Failure) [PSYoungGen: 63965K->1488K(70144K)] 445982K->383505K(589824K), 0.0019269 secs] [Times: user=0.00 sys=0.00, real=0.00 secs] 
2544.508: [GC (Allocation Failure) [PSYoungGen: 70096K->1488K(69632K)] 452113K->383505K(589312K), 0.0024692 secs] [Times: user=0.01 sys=0.00, real=0.00 secs] 
2545.272: [GC (Allocation Failure) [PSYoungGen: 69584K->1408K(69120K)] 451601K->383425K(588800K), 0.0029592 secs] [Times: user=0.01 sys=0.00, real=0.00 secs] 
2545.983: [GC (Allocation Failure) [PSYoungGen: 68992K->1440K(68608K)] 451009K->383457K(588288K), 0.0037430 secs] [Times: user=0.01 sys=0.00, real=0.00 secs] 
2546.359: [GC (Allocation Failure) [PSYoungGen: 68512K->1376K(68096K)] 450529K->383393K(587776K), 0.0021159 secs] [Times: user=0.01 sys=0.01, real=0.00 secs] 
2546.847: [GC (Allocation Failure) [PSYoungGen: 67936K->1408K(67584K)] 449953K->383425K(587264K), 0.0021929 secs] [Times: user=0.01 sys=0.01, real=0.00 secs] 
2547.049: [GC (Allocation Failure) [PSYoungGen: 67456K->1533K(67072K)] 449473K->383550K(586752K), 0.0017206 secs] [Times: user=0.01 sys=0.00, real=0.00 secs] 
2547.165: [GC (Allocation Failure) [PSYoungGen: 67069K->1469K(66560K)] 449086K->383486K(586240K), 0.0017891 secs] [Times: user=0.01 sys=0.00, real=0.01 secs] 
2547.279: [GC (Allocation Failure) [PSYoungGen: 66493K->1485K(67072K)] 448510K->383526K(586752K), 0.0016657 secs] [Times: user=0.01 sys=0.00, real=0.00 secs] 
2547.392: [GC (Allocation Failure) [PSYoungGen: 66509K->160K(67072K)] 448550K->382201K(586752K), 0.0016510 secs] [Times: user=0.01 sys=0.00, real=0.00 secs] 
2548.044: [GC (Allocation Failure) [PSYoungGen: 65184K->1392K(66048K)] 447225K->383433K(585728K), 0.0016646 secs] [Times: user=0.01 sys=0.00, real=0.00 secs] 
2548.493: [GC (Allocation Failure) [PSYoungGen: 65904K->1360K(65536K)] 447945K->383401K(585216K), 0.0027435 secs] [Times: user=0.01 sys=0.00, real=0.00 secs] 
2548.760: [GC (Allocation Failure) [PSYoungGen: 65360K->1408K(65024K)] 447401K->383449K(584704K), 0.0040575 secs] [Times: user=0.02 sys=0.00, real=0.00 secs] 
2549.029: [GC (Allocation Failure) [PSYoungGen: 64896K->1408K(64512K)] 446937K->383449K(584192K), 0.0020327 secs] [Times: user=0.01 sys=0.00, real=0.00 secs] 
2549.223: [GC (Allocation Failure) [PSYoungGen: 64384K->1488K(64000K)] 446425K->383529K(583680K), 0.0015318 secs] [Times: user=0.00 sys=0.00, real=0.00 secs] 
2549.335: [GC (Allocation Failure) [PSYoungGen: 63952K->1453K(70144K)] 445993K->383494K(589824K), 0.0017267 secs] [Times: user=0.00 sys=0.00, real=0.01 secs] 
2549.458: [GC (Allocation Failure) [PSYoungGen: 70061K->1437K(70656K)] 452102K->383486K(590336K), 0.0016469 secs] [Times: user=0.00 sys=0.00, real=0.00 secs] 
2549.598: [GC (Allocation Failure) [PSYoungGen: 70045K->1469K(70656K)] 452094K->383518K(590336K), 0.0020355 secs] [Times: user=0.00 sys=0.00, real=0.00 secs] 
2550.062: [GC (Allocation Failure) [PSYoungGen: 70077K->1424K(69632K)] 452126K->383473K(589312K), 0.0019639 secs] [Times: user=0.01 sys=0.00, real=0.00 secs] 
2550.773: [GC (Allocation Failure) [PSYoungGen: 69520K->1344K(69120K)] 451569K->383393K(588800K), 0.0041179 secs] [Times: user=0.01 sys=0.00, real=0.01 secs] 
2551.316: [GC (Allocation Failure) [PSYoungGen: 68928K->1376K(68608K)] 450977K->383425K(588288K), 0.0027212 secs] [Times: user=0.01 sys=0.00, real=0.01 secs] 
2551.827: [GC (Allocation Failure) [PSYoungGen: 68448K->1360K(68096K)] 450497K->383409K(587776K), 0.0026848 secs] [Times: user=0.01 sys=0.00, real=0.00 secs] 
2552.204: [GC (Allocation Failure) [PSYoungGen: 67920K->1453K(67584K)] 449969K->383502K(587264K), 0.0019638 secs] [Times: user=0.01 sys=0.00, real=0.00 secs] 
2552.329: [GC (Allocation Failure) [PSYoungGen: 67492K->1517K(67072K)] 449542K->383566K(586752K), 0.0016443 secs] [Times: user=0.01 sys=0.00, real=0.00 secs] 
2552.447: [GC (Allocation Failure) [PSYoungGen: 67053K->1437K(66560K)] 449102K->383486K(586240K), 0.0016116 secs] [Times: user=0.01 sys=0.00, real=0.00 secs] 
2552.561: [GC (Allocation Failure) [PSYoungGen: 66461K->1533K(73216K)] 448510K->383590K(592896K), 0.0017360 secs] [Times: user=0.01 sys=0.00, real=0.00 secs] 
2553.514: [GC (Allocation Failure) [PSYoungGen: 73213K->1424K(72704K)] 455270K->383481K(592384K), 0.0031057 secs] [Times: user=0.01 sys=0.01, real=0.00 secs] 
2554.219: [GC (Allocation Failure) [PSYoungGen: 72592K->1376K(72192K)] 454649K->383433K(591872K), 0.0025926 secs] [Times: user=0.01 sys=0.00, real=0.00 secs] 
2554.645: [GC (Allocation Failure) [PSYoungGen: 72032K->1376K(71680K)] 454089K->383433K(591360K), 0.0026774 secs] [Times: user=0.01 sys=0.00, real=0.01 secs] 
2555.145: [GC (Allocation Failure) [PSYoungGen: 71520K->1376K(71168K)] 453577K->383433K(590848K), 0.0026147 secs] [Times: user=0.01 sys=0.00, real=0.01 secs] 
2555.517: [GC (Allocation Failure) [PSYoungGen: 71008K->1421K(70656K)] 453065K->383478K(590336K), 0.0019269 secs] [Times: user=0.01 sys=0.00, real=0.01 secs] 
2555.641: [GC (Allocation Failure) [PSYoungGen: 70541K->1517K(70144K)] 452598K->383574K(589824K), 0.0017858 secs] [Times: user=0.01 sys=0.00, real=0.00 secs] 
2555.761: [GC (Allocation Failure) [PSYoungGen: 70119K->1485K(69632K)] 452177K->383542K(589312K), 0.0015910 secs] [Times: user=0.01 sys=0.00, real=0.00 secs] 
2555.881: [GC (Allocation Failure) [PSYoungGen: 69581K->1501K(70144K)] 451638K->383566K(589824K), 0.0017463 secs] [Times: user=0.01 sys=0.00, real=0.00 secs] 
2556.723: [GC (Allocation Failure) [PSYoungGen: 69597K->1376K(69120K)] 451662K->383441K(588800K), 0.0047030 secs] [Times: user=0.02 sys=0.00, real=0.01 secs] 
2557.711: [GC (Allocation Failure) [PSYoungGen: 68960K->1344K(68608K)] 451025K->383433K(588288K), 0.0036783 secs] [Times: user=0.01 sys=0.00, real=0.00 secs] 
2558.450: [GC (Allocation Failure) [PSYoungGen: 68416K->1344K(68096K)] 450505K->383433K(587776K), 0.0033471 secs] [Times: user=0.01 sys=0.00, real=0.00 secs] 
2559.187: [GC (Allocation Failure) [PSYoungGen: 67904K->1392K(67584K)] 449993K->383481K(587264K), 0.0029417 secs] [Times: user=0.01 sys=0.00, real=0.00 secs] 
2559.528: [GC (Allocation Failure) [PSYoungGen: 67440K->1437K(67072K)] 449529K->383526K(586752K), 0.0021110 secs] [Times: user=0.01 sys=0.00, real=0.00 secs] 
2559.684: [GC (Allocation Failure) [PSYoungGen: 66973K->1453K(66560K)] 449062K->383542K(586240K), 0.0020315 secs] [Times: user=0.00 sys=0.00, real=0.00 secs] 
2559.828: [GC (Allocation Failure) [PSYoungGen: 66477K->1453K(66048K)] 448566K->383542K(585728K), 0.0019924 secs] [Times: user=0.01 sys=0.00, real=0.00 secs] 
2559.980: [GC (Allocation Failure) [PSYoungGen: 65965K->1456K(72192K)] 448054K->383561K(591872K), 0.0020641 secs] [Times: user=0.01 sys=0.00, real=0.00 secs] 
2560.745: [GC (Allocation Failure) [PSYoungGen: 72112K->1376K(71680K)] 454217K->383481K(591360K), 0.0035297 secs] [Times: user=0.01 sys=0.00, real=0.01 secs] 
2561.524: [GC (Allocation Failure) [PSYoungGen: 71520K->1376K(71168K)] 453625K->383489K(590848K), 0.0030767 secs] [Times: user=0.01 sys=0.00, real=0.01 secs] 
2562.307: [GC (Allocation Failure) [PSYoungGen: 71008K->1408K(70656K)] 453121K->383521K(590336K), 0.0029968 secs] [Times: user=0.01 sys=0.00, real=0.00 secs] 
2563.144: [GC (Allocation Failure) [PSYoungGen: 70528K->1408K(70144K)] 452641K->383521K(589824K), 0.0032990 secs] [Times: user=0.01 sys=0.00, real=0.01 secs] 
2563.522: [GC (Allocation Failure) [PSYoungGen: 70016K->1501K(69632K)] 452129K->383614K(589312K), 0.0021335 secs] [Times: user=0.00 sys=0.00, real=0.00 secs] 
2563.657: [GC (Allocation Failure) [PSYoungGen: 69566K->1533K(69120K)] 451680K->383646K(588800K), 0.0016611 secs] [Times: user=0.01 sys=0.00, real=0.00 secs] 
2563.776: [GC (Allocation Failure) [PSYoungGen: 69117K->1469K(68608K)] 451230K->383582K(588288K), 0.0016919 secs] [Times: user=0.01 sys=0.00, real=0.01 secs] 
2563.894: [GC (Allocation Failure) [PSYoungGen: 68538K->1533K(69120K)] 450652K->383662K(588800K), 0.0017508 secs] [Times: user=0.00 sys=0.00, real=0.00 secs] 
2565.540: [GC (Allocation Failure) [PSYoungGen: 68605K->1408K(68096K)] 450734K->383537K(587776K), 0.0026340 secs] [Times: user=0.01 sys=0.00, real=0.00 secs] 
2566.491: [GC (Allocation Failure) [PSYoungGen: 67968K->1456K(67584K)] 450097K->383585K(587264K), 0.0086948 secs] [Times: user=0.03 sys=0.01, real=0.01 secs] 
2567.351: [GC (Allocation Failure) [PSYoungGen: 67504K->1376K(67072K)] 449633K->383505K(586752K), 0.0036415 secs] [Times: user=0.01 sys=0.00, real=0.00 secs] 
2568.261: [GC (Allocation Failure) [PSYoungGen: 66912K->1408K(66560K)] 449041K->383537K(586240K), 0.0039536 secs] [Times: user=0.01 sys=0.01, real=0.00 secs] 
2568.708: [GC (Allocation Failure) [PSYoungGen: 66432K->1501K(66048K)] 448561K->383630K(585728K), 0.0021860 secs] [Times: user=0.01 sys=0.01, real=0.00 secs] 
2568.843: [GC (Allocation Failure) [PSYoungGen: 66013K->1533K(65536K)] 448142K->383662K(585216K), 0.0017603 secs] [Times: user=0.01 sys=0.00, real=0.00 secs] 
2568.957: [GC (Allocation Failure) [PSYoungGen: 65533K->1501K(65024K)] 447662K->383630K(584704K), 0.0017443 secs] [Times: user=0.01 sys=0.00, real=0.00 secs] 
2569.069: [GC (Allocation Failure) [PSYoungGen: 64989K->1504K(71168K)] 447118K->383649K(590848K), 0.0017941 secs] [Times: user=0.00 sys=0.00, real=0.00 secs] 
2569.614: [GC (Allocation Failure) [PSYoungGen: 71136K->1376K(70656K)] 453281K->383545K(590336K), 0.0020196 secs] [Times: user=0.01 sys=0.00, real=0.00 secs] 
2570.336: [GC (Allocation Failure) [PSYoungGen: 70496K->1376K(70144K)] 452665K->383545K(589824K), 0.0043338 secs] [Times: user=0.02 sys=0.00, real=0.01 secs] 
2570.945: [GC (Allocation Failure) [PSYoungGen: 69984K->1376K(69632K)] 452153K->383545K(589312K), 0.0034096 secs] [Times: user=0.02 sys=0.00, real=0.01 secs] 
2571.537: [GC (Allocation Failure) [PSYoungGen: 69472K->1360K(69120K)] 451641K->383537K(588800K), 0.0033949 secs] [Times: user=0.02 sys=0.00, real=0.00 secs] 
2571.949: [GC (Allocation Failure) [PSYoungGen: 68944K->1437K(68608K)] 451121K->383614K(588288K), 0.0023518 secs] [Times: user=0.00 sys=0.00, real=0.00 secs] 
2572.126: [GC (Allocation Failure) [PSYoungGen: 68509K->1533K(68096K)] 450686K->383710K(587776K), 0.0022886 secs] [Times: user=0.01 sys=0.00, real=0.01 secs] 
2572.309: [GC (Allocation Failure) [PSYoungGen: 68093K->1488K(67584K)] 450270K->383665K(587264K), 0.0024801 secs] [Times: user=0.01 sys=0.00, real=0.00 secs] 
2572.455: [GC (Allocation Failure) [PSYoungGen: 67536K->1469K(67072K)] 449713K->383662K(586752K), 0.0016682 secs] [Times: user=0.01 sys=0.00, real=0.01 secs] 
2572.838: [GC (Allocation Failure) [PSYoungGen: 67005K->1472K(66560K)] 449198K->383665K(586240K), 0.0030016 secs] [Times: user=0.01 sys=0.00, real=0.00 secs] 
2573.421: [GC (Allocation Failure) [PSYoungGen: 66496K->1312K(66048K)] 448689K->383505K(585728K), 0.0030408 secs] [Times: user=0.01 sys=0.00, real=0.00 secs] 
2574.008: [GC (Allocation Failure) [PSYoungGen: 65824K->1376K(65536K)] 448017K->383569K(585216K), 0.0030347 secs] [Times: user=0.01 sys=0.00, real=0.00 secs] 
2574.715: [GC (Allocation Failure) [PSYoungGen: 65376K->1376K(65024K)] 447569K->383569K(584704K), 0.0029461 secs] [Times: user=0.01 sys=0.00, real=0.01 secs] 
2575.394: [GC (Allocation Failure) [PSYoungGen: 64864K->1437K(64512K)] 447057K->383630K(584192K), 0.0026562 secs] [Times: user=0.01 sys=0.00, real=0.01 secs] 
2575.547: [GC (Allocation Failure) [PSYoungGen: 64413K->1485K(64000K)] 446606K->383678K(583680K), 0.0016093 secs] [Times: user=0.01 sys=0.00, real=0.00 secs] 
2575.659: [GC (Allocation Failure) [PSYoungGen: 63949K->1501K(63488K)] 446142K->383694K(583168K), 0.0016624 secs] [Times: user=0.01 sys=0.00, real=0.00 secs] 
2575.784: [GC (Allocation Failure) [PSYoungGen: 63453K->1421K(64000K)] 445646K->383630K(583680K), 0.0019571 secs] [Times: user=0.01 sys=0.00, real=0.00 secs] 
2576.225: [GC (Allocation Failure) [PSYoungGen: 63373K->1424K(62976K)] 445582K->383633K(582656K), 0.0023498 secs] [Times: user=0.01 sys=0.00, real=0.01 secs] 
2577.211: [GC (Allocation Failure) [PSYoungGen: 62864K->1440K(62464K)] 445073K->383649K(582144K), 0.0038418 secs] [Times: user=0.01 sys=0.00, real=0.00 secs] 
2578.047: [GC (Allocation Failure) [PSYoungGen: 62368K->1312K(61952K)] 444577K->383537K(581632K), 0.0042484 secs] [Times: user=0.02 sys=0.00, real=0.00 secs] 
2578.569: [GC (Allocation Failure) [PSYoungGen: 61728K->1376K(61440K)] 443953K->383601K(581120K), 0.0030995 secs] [Times: user=0.01 sys=0.00, real=0.00 secs] 
2579.115: [GC (Allocation Failure) [PSYoungGen: 61280K->1376K(61440K)] 443505K->383601K(581120K), 0.0032096 secs] [Times: user=0.01 sys=0.00, real=0.01 secs] 
2579.487: [GC (Allocation Failure) [PSYoungGen: 61280K->1437K(61440K)] 443505K->383662K(581120K), 0.0024005 secs] [Times: user=0.01 sys=0.00, real=0.00 secs] 
2579.621: [GC (Allocation Failure) [PSYoungGen: 61341K->1501K(61440K)] 443566K->383726K(581120K), 0.0015717 secs] [Times: user=0.01 sys=0.00, real=0.00 secs] 
2579.726: [GC (Allocation Failure) [PSYoungGen: 61405K->1456K(61440K)] 443630K->383697K(581120K), 0.0018073 secs] [Times: user=0.01 sys=0.00, real=0.01 secs] 
2579.832: [GC (Allocation Failure) [PSYoungGen: 61360K->1501K(65536K)] 443601K->383742K(585216K), 0.0016320 secs] [Times: user=0.00 sys=0.00, real=0.00 secs] 
2580.040: [GC (Allocation Failure) [PSYoungGen: 65501K->1392K(66048K)] 447742K->383633K(585728K), 0.0018408 secs] [Times: user=0.01 sys=0.00, real=0.00 secs] 
2580.527: [GC (Allocation Failure) [PSYoungGen: 65392K->1376K(65024K)] 447633K->383617K(584704K), 0.0016927 secs] [Times: user=0.01 sys=0.00, real=0.00 secs] 
2581.064: [GC (Allocation Failure) [PSYoungGen: 64864K->1376K(64512K)] 447105K->383617K(584192K), 0.0022314 secs] [Times: user=0.01 sys=0.00, real=0.00 secs] 
2581.590: [GC (Allocation Failure) [PSYoungGen: 64352K->1376K(64000K)] 446593K->383617K(583680K), 0.0022927 secs] [Times: user=0.01 sys=0.00, real=0.00 secs] 
2582.129: [GC (Allocation Failure) [PSYoungGen: 63840K->1360K(63488K)] 446081K->383601K(583168K), 0.0034126 secs] [Times: user=0.01 sys=0.00, real=0.00 secs] 
2582.476: [GC (Allocation Failure) [PSYoungGen: 63312K->1472K(62976K)] 445553K->383713K(582656K), 0.0022504 secs] [Times: user=0.00 sys=0.00, real=0.01 secs] 
2582.603: [GC (Allocation Failure) [PSYoungGen: 62912K->1504K(62464K)] 445153K->383753K(582144K), 0.0017209 secs] [Times: user=0.00 sys=0.00, real=0.00 secs] 
2582.710: [GC (Allocation Failure) [PSYoungGen: 62432K->1501K(61952K)] 444681K->383750K(581632K), 0.0015865 secs] [Times: user=0.01 sys=0.00, real=0.00 secs] 
2582.817: [GC (Allocation Failure) [PSYoungGen: 61917K->1469K(68608K)] 444166K->383718K(588288K), 0.0015955 secs] [Times: user=0.00 sys=0.00, real=0.00 secs] 
2583.247: [GC (Allocation Failure) [PSYoungGen: 68029K->1408K(67584K)] 450278K->383657K(587264K), 0.0019772 secs] [Times: user=0.00 sys=0.00, real=0.00 secs] 
2583.793: [GC (Allocation Failure) [PSYoungGen: 67456K->1376K(67072K)] 449705K->383625K(586752K), 0.0020392 secs] [Times: user=0.01 sys=0.00, real=0.00 secs] 
2584.345: [GC (Allocation Failure) [PSYoungGen: 66912K->1376K(66560K)] 449161K->383625K(586240K), 0.0028441 secs] [Times: user=0.01 sys=0.01, real=0.01 secs] 
2584.990: [GC (Allocation Failure) [PSYoungGen: 66400K->1376K(66048K)] 448649K->383625K(585728K), 0.0038050 secs] [Times: user=0.01 sys=0.00, real=0.00 secs] 
2585.547: [GC (Allocation Failure) [PSYoungGen: 65888K->1453K(65536K)] 448137K->383702K(585216K), 0.0026873 secs] [Times: user=0.01 sys=0.00, real=0.00 secs] 
2585.707: [GC (Allocation Failure) [PSYoungGen: 65453K->1501K(65024K)] 447702K->383750K(584704K), 0.0017614 secs] [Times: user=0.01 sys=0.00, real=0.01 secs] 
2585.820: [GC (Allocation Failure) [PSYoungGen: 64989K->1469K(64512K)] 447238K->383726K(584192K), 0.0016841 secs] [Times: user=0.00 sys=0.00, real=0.00 secs] 
2585.933: [GC (Allocation Failure) [PSYoungGen: 64445K->1469K(65024K)] 446702K->383726K(584704K), 0.0017993 secs] [Times: user=0.01 sys=0.00, real=0.00 secs] 
2586.282: [GC (Allocation Failure) [PSYoungGen: 64445K->1424K(64000K)] 446702K->383681K(583680K), 0.0021475 secs] [Times: user=0.01 sys=0.00, real=0.00 secs] 
2587.209: [GC (Allocation Failure) [PSYoungGen: 63888K->1376K(63488K)] 446145K->383649K(583168K), 0.0038581 secs] [Times: user=0.02 sys=0.00, real=0.00 secs] 
2588.390: [GC (Allocation Failure) [PSYoungGen: 63328K->1376K(62976K)] 445601K->383649K(582656K), 0.0042947 secs] [Times: user=0.02 sys=0.00, real=0.00 secs] 
2589.168: [GC (Allocation Failure) [PSYoungGen: 62816K->1344K(62464K)] 445089K->383617K(582144K), 0.0035900 secs] [Times: user=0.01 sys=0.00, real=0.00 secs] 
2589.747: [GC (Allocation Failure) [PSYoungGen: 62272K->1376K(61952K)] 444545K->383649K(581632K), 0.0025129 secs] [Times: user=0.01 sys=0.00, real=0.00 secs] 
2590.079: [GC (Allocation Failure) [PSYoungGen: 61792K->1469K(61440K)] 444065K->383742K(581120K), 0.0027704 secs] [Times: user=0.01 sys=0.00, real=0.00 secs] 
2590.235: [GC (Allocation Failure) [PSYoungGen: 61373K->1501K(61440K)] 443646K->383774K(581120K), 0.0025902 secs] [Times: user=0.01 sys=0.00, real=0.01 secs] 
2590.356: [GC (Allocation Failure) [PSYoungGen: 61405K->1424K(67584K)] 443678K->383705K(587264K), 0.0019609 secs] [Times: user=0.01 sys=0.00, real=0.01 secs] 
2590.501: [GC (Allocation Failure) [PSYoungGen: 66960K->1421K(68096K)] 449241K->383702K(587776K), 0.0018835 secs] [Times: user=0.01 sys=0.00, real=0.00 secs] 
2591.054: [GC (Allocation Failure) [PSYoungGen: 67469K->1424K(68096K)] 449750K->383705K(587776K), 0.0058077 secs] [Times: user=0.02 sys=0.00, real=0.01 secs] 
2592.404: [GC (Allocation Failure) [PSYoungGen: 67472K->1344K(67072K)] 449753K->383625K(586752K), 0.0037421 secs] [Times: user=0.02 sys=0.00, real=0.01 secs] 
2593.327: [GC (Allocation Failure) [PSYoungGen: 66880K->1344K(66560K)] 449161K->383625K(586240K), 0.0043196 secs] [Times: user=0.02 sys=0.01, real=0.00 secs] 
2594.043: [GC (Allocation Failure) [PSYoungGen: 66368K->1408K(66048K)] 448649K->383689K(585728K), 0.0027666 secs] [Times: user=0.01 sys=0.00, real=0.00 secs] 
2594.549: [GC (Allocation Failure) [PSYoungGen: 65920K->1469K(65536K)] 448201K->383750K(585216K), 0.0022203 secs] [Times: user=0.01 sys=0.00, real=0.00 secs] 
2594.683: [GC (Allocation Failure) [PSYoungGen: 65469K->445K(64000K)] 447750K->383750K(583680K), 0.0016385 secs] [Times: user=0.00 sys=0.00, real=0.00 secs] 
2594.795: [GC (Allocation Failure) [PSYoungGen: 63933K->429K(65024K)] 447238K->383750K(584704K), 0.0015548 secs] [Times: user=0.00 sys=0.00, real=0.00 secs] 
2594.905: [GC (Allocation Failure) [PSYoungGen: 63405K->461K(70656K)] 446726K->383782K(590336K), 0.0016916 secs] [Times: user=0.01 sys=0.00, real=0.01 secs] 
2595.220: [GC (Allocation Failure) [PSYoungGen: 69581K->1440K(70144K)] 452902K->384761K(589824K), 0.0018474 secs] [Times: user=0.01 sys=0.00, real=0.00 secs] 
2595.833: [GC (Allocation Failure) [PSYoungGen: 70048K->1312K(69632K)] 453369K->384633K(589312K), 0.0017633 secs] [Times: user=0.01 sys=0.00, real=0.00 secs] 
2596.415: [GC (Allocation Failure) [PSYoungGen: 69408K->1360K(69120K)] 452729K->384681K(588800K), 0.0027358 secs] [Times: user=0.01 sys=0.00, real=0.01 secs] 
2596.996: [GC (Allocation Failure) [PSYoungGen: 68944K->1392K(68608K)] 452265K->384713K(588288K), 0.0086233 secs] [Times: user=0.03 sys=0.00, real=0.01 secs] 
2597.403: [GC (Allocation Failure) [PSYoungGen: 68464K->1405K(68096K)] 451785K->384726K(587776K), 0.0022818 secs] [Times: user=0.01 sys=0.00, real=0.00 secs] 
2597.543: [GC (Allocation Failure) [PSYoungGen: 67965K->1549K(68096K)] 451286K->384870K(587776K), 0.0017452 secs] [Times: user=0.00 sys=0.00, real=0.00 secs] 
2597.660: [GC (Allocation Failure) [PSYoungGen: 67597K->1501K(68608K)] 450918K->384822K(588288K), 0.0017429 secs] [Times: user=0.00 sys=0.00, real=0.00 secs] 
2597.777: [GC (Allocation Failure) [PSYoungGen: 68061K->1469K(74240K)] 451382K->384798K(593920K), 0.0015336 secs] [Times: user=0.01 sys=0.00, real=0.00 secs] 
2598.277: [GC (Allocation Failure) [PSYoungGen: 73661K->1472K(74240K)] 456990K->384825K(593920K), 0.0035914 secs] [Times: user=0.01 sys=0.00, real=0.00 secs] 
2599.100: [GC (Allocation Failure) [PSYoungGen: 73664K->1312K(73216K)] 457017K->384665K(592896K), 0.0041414 secs] [Times: user=0.01 sys=0.01, real=0.00 secs] 
2599.650: [GC (Allocation Failure) [PSYoungGen: 72992K->1344K(72704K)] 456345K->384697K(592384K), 0.0023836 secs] [Times: user=0.01 sys=0.00, real=0.00 secs] 
2600.729: [GC (Allocation Failure) [PSYoungGen: 72512K->1328K(72192K)] 455865K->384681K(591872K), 0.0024660 secs] [Times: user=0.01 sys=0.00, real=0.00 secs] 
2601.554: [GC (Allocation Failure) [PSYoungGen: 71984K->1501K(71680K)] 455337K->384854K(591360K), 0.0029345 secs] [Times: user=0.01 sys=0.00, real=0.00 secs] 
2601.791: [GC (Allocation Failure) [PSYoungGen: 71645K->1501K(71168K)] 454998K->384854K(590848K), 0.0021963 secs] [Times: user=0.01 sys=0.00, real=0.00 secs] 
2601.981: [GC (Allocation Failure) [PSYoungGen: 71133K->1501K(70656K)] 454486K->384854K(590336K), 0.0025191 secs] [Times: user=0.01 sys=0.00, real=0.00 secs] 
2602.135: [GC (Allocation Failure) [PSYoungGen: 70621K->1501K(70144K)] 453974K->384862K(589824K), 0.0016507 secs] [Times: user=0.01 sys=0.00, real=0.00 secs] 
2602.488: [GC (Allocation Failure) [PSYoungGen: 70109K->1440K(69632K)] 453470K->384801K(589312K), 0.0027694 secs] [Times: user=0.01 sys=0.00, real=0.00 secs] 
2602.770: [GC (Allocation Failure) [PSYoungGen: 69536K->1328K(69120K)] 452897K->384689K(588800K), 0.0021085 secs] [Times: user=0.00 sys=0.00, real=0.00 secs] 
2603.051: [GC (Allocation Failure) [PSYoungGen: 68912K->1328K(68608K)] 452273K->384689K(588288K), 0.0024041 secs] [Times: user=0.01 sys=0.00, real=0.00 secs] 
2603.337: [GC (Allocation Failure) [PSYoungGen: 68400K->1344K(68096K)] 451761K->384705K(587776K), 0.0023575 secs] [Times: user=0.01 sys=0.00, real=0.01 secs] 
2603.557: [GC (Allocation Failure) [PSYoungGen: 67904K->1501K(67584K)] 451265K->384862K(587264K), 0.0017471 secs] [Times: user=0.01 sys=0.00, real=0.00 secs] 
2603.674: [GC (Allocation Failure) [PSYoungGen: 67549K->1501K(67072K)] 450910K->384862K(586752K), 0.0016310 secs] [Times: user=0.01 sys=0.00, real=0.00 secs] 
2603.808: [GC (Allocation Failure) [PSYoungGen: 67037K->1501K(73216K)] 450398K->384862K(592896K), 0.0018847 secs] [Times: user=0.00 sys=0.00, real=0.00 secs] 
2603.979: [GC (Allocation Failure) [PSYoungGen: 73181K->1501K(73728K)] 456542K->384870K(593408K), 0.0022936 secs] [Times: user=0.01 sys=0.00, real=0.00 secs] 
2604.854: [GC (Allocation Failure) [PSYoungGen: 73693K->1424K(73216K)] 457062K->384793K(592896K), 0.0031748 secs] [Times: user=0.01 sys=0.00, real=0.01 secs] 
2605.459: [GC (Allocation Failure) [PSYoungGen: 73104K->1376K(72704K)] 456473K->384745K(592384K), 0.0029164 secs] [Times: user=0.01 sys=0.00, real=0.00 secs] 
2606.027: [GC (Allocation Failure) [PSYoungGen: 72544K->1376K(72192K)] 455913K->384745K(591872K), 0.0027515 secs] [Times: user=0.01 sys=0.00, real=0.01 secs] 
2606.607: [GC (Allocation Failure) [PSYoungGen: 72032K->1344K(71680K)] 455401K->384729K(591360K), 0.0026069 secs] [Times: user=0.00 sys=0.00, real=0.00 secs] 
2606.967: [GC (Allocation Failure) [PSYoungGen: 71488K->1501K(71168K)] 454873K->384886K(590848K), 0.0019631 secs] [Times: user=0.01 sys=0.00, real=0.00 secs] 
2607.093: [GC (Allocation Failure) [PSYoungGen: 71133K->1501K(70656K)] 454518K->384886K(590336K), 0.0016993 secs] [Times: user=0.01 sys=0.00, real=0.00 secs] 
2607.219: [GC (Allocation Failure) [PSYoungGen: 70621K->1453K(70144K)] 454006K->384838K(589824K), 0.0016218 secs] [Times: user=0.00 sys=0.00, real=0.00 secs] 
2607.345: [GC (Allocation Failure) [PSYoungGen: 70061K->288K(69632K)] 453446K->383681K(589312K), 0.0014976 secs] [Times: user=0.01 sys=0.00, real=0.00 secs] 
2607.967: [GC (Allocation Failure) [PSYoungGen: 68384K->1408K(69120K)] 451777K->384801K(588800K), 0.0022460 secs] [Times: user=0.01 sys=0.01, real=0.00 secs] 
2608.556: [GC (Allocation Failure) [PSYoungGen: 68992K->1376K(68608K)] 452385K->384769K(588288K), 0.0031406 secs] [Times: user=0.02 sys=0.01, real=0.01 secs] 
2609.115: [GC (Allocation Failure) [PSYoungGen: 68448K->1408K(68096K)] 451841K->384801K(587776K), 0.0031551 secs] [Times: user=0.01 sys=0.00, real=0.01 secs] 
2609.669: [GC (Allocation Failure) [PSYoungGen: 67968K->1408K(67584K)] 451361K->384801K(587264K), 0.0029312 secs] [Times: user=0.01 sys=0.01, real=0.00 secs] 
2609.961: [GC (Allocation Failure) [PSYoungGen: 67456K->1536K(67584K)] 450849K->384929K(587264K), 0.0020059 secs] [Times: user=0.01 sys=0.00, real=0.00 secs] 
2610.083: [GC (Allocation Failure) [PSYoungGen: 67072K->1501K(66560K)] 450465K->384894K(586240K), 0.0016380 secs] [Times: user=0.01 sys=0.00, real=0.00 secs] 
2610.197: [GC (Allocation Failure) [PSYoungGen: 66525K->1469K(66048K)] 449918K->384862K(585728K), 0.0016725 secs] [Times: user=0.01 sys=0.00, real=0.00 secs] 
2610.311: [GC (Allocation Failure) [PSYoungGen: 65981K->1501K(66560K)] 449374K->384902K(586240K), 0.0015708 secs] [Times: user=0.01 sys=0.00, real=0.00 secs] 
2610.889: [GC (Allocation Failure) [PSYoungGen: 66525K->1392K(66048K)] 449926K->384793K(585728K), 0.0022735 secs] [Times: user=0.01 sys=0.01, real=0.00 secs] 
2611.173: [GC (Allocation Failure) [PSYoungGen: 65904K->1360K(65536K)] 449305K->384761K(585216K), 0.0028427 secs] [Times: user=0.01 sys=0.00, real=0.00 secs] 
2611.586: [GC (Allocation Failure) [PSYoungGen: 65360K->1344K(65024K)] 448761K->384745K(584704K), 0.0029279 secs] [Times: user=0.01 sys=0.01, real=0.01 secs] 
2612.045: [GC (Allocation Failure) [PSYoungGen: 64832K->1376K(64512K)] 448233K->384777K(584192K), 0.0028716 secs] [Times: user=0.01 sys=0.00, real=0.01 secs] 
2612.377: [GC (Allocation Failure) [PSYoungGen: 64352K->1453K(64000K)] 447753K->384854K(583680K), 0.0020969 secs] [Times: user=0.01 sys=0.00, real=0.00 secs] 
2612.499: [GC (Allocation Failure) [PSYoungGen: 63917K->1469K(63488K)] 447318K->384870K(583168K), 0.0016829 secs] [Times: user=0.01 sys=0.00, real=0.00 secs] 
2612.608: [GC (Allocation Failure) [PSYoungGen: 63421K->1453K(64000K)] 446822K->384862K(583680K), 0.0016183 secs] [Times: user=0.01 sys=0.00, real=0.00 secs] 
2612.717: [GC (Allocation Failure) [PSYoungGen: 63405K->1581K(70144K)] 446814K->384998K(589824K), 0.0028751 secs] [Times: user=0.01 sys=0.01, real=0.00 secs] 
2613.304: [GC (Allocation Failure) [PSYoungGen: 69677K->1424K(70144K)] 453094K->384841K(589824K), 0.0046981 secs] [Times: user=0.02 sys=0.00, real=0.01 secs] 
2614.041: [GC (Allocation Failure) [PSYoungGen: 69520K->1376K(76288K)] 452937K->384793K(595968K), 0.0030566 secs] [Times: user=0.01 sys=0.00, real=0.00 secs] 
2614.924: [GC (Allocation Failure) [PSYoungGen: 76128K->1344K(75776K)] 459545K->384761K(595456K), 0.0032453 secs] [Times: user=0.01 sys=0.00, real=0.01 secs] 
2615.487: [GC (Allocation Failure) [PSYoungGen: 75584K->1344K(75264K)] 459001K->384761K(594944K), 0.0026314 secs] [Times: user=0.01 sys=0.00, real=0.00 secs] 
2615.954: [GC (Allocation Failure) [PSYoungGen: 75072K->1488K(74752K)] 458489K->384905K(594432K), 0.0020126 secs] [Times: user=0.01 sys=0.00, real=0.00 secs] 
2616.090: [GC (Allocation Failure) [PSYoungGen: 74704K->1504K(74240K)] 458121K->384921K(593920K), 0.0016996 secs] [Times: user=0.01 sys=0.00, real=0.00 secs] 
2616.219: [GC (Allocation Failure) [PSYoungGen: 74208K->1501K(73728K)] 457625K->384918K(593408K), 0.0017879 secs] [Times: user=0.00 sys=0.00, real=0.00 secs] 
2616.345: [GC (Allocation Failure) [PSYoungGen: 73693K->1533K(74240K)] 457110K->384958K(593920K), 0.0017599 secs] [Times: user=0.01 sys=0.00, real=0.01 secs] 
2617.334: [GC (Allocation Failure) [PSYoungGen: 73725K->1376K(73216K)] 457150K->384801K(592896K), 0.0034793 secs] [Times: user=0.01 sys=0.00, real=0.01 secs] 
2618.152: [GC (Allocation Failure) [PSYoungGen: 73056K->1344K(72704K)] 456481K->384793K(592384K), 0.0030429 secs] [Times: user=0.01 sys=0.00, real=0.00 secs] 
2619.352: [GC (Allocation Failure) [PSYoungGen: 72512K->1376K(72192K)] 455961K->384825K(591872K), 0.0036558 secs] [Times: user=0.02 sys=0.00, real=0.00 secs] 
2620.464: [GC (Allocation Failure) [PSYoungGen: 72032K->1344K(71680K)] 455481K->384793K(591360K), 0.0031238 secs] [Times: user=0.02 sys=0.00, real=0.01 secs] 
2620.696: [GC (Allocation Failure) [PSYoungGen: 71488K->1533K(71168K)] 454937K->384982K(590848K), 0.0020186 secs] [Times: user=0.01 sys=0.00, real=0.01 secs] 
2620.821: [GC (Allocation Failure) [PSYoungGen: 71165K->1501K(70656K)] 454614K->384950K(590336K), 0.0018058 secs] [Times: user=0.01 sys=0.00, real=0.00 secs] 
2620.961: [GC (Allocation Failure) [PSYoungGen: 70621K->1453K(70144K)] 454070K->384902K(589824K), 0.0020904 secs] [Times: user=0.01 sys=0.00, real=0.00 secs] 
2621.958: [GC (Allocation Failure) [PSYoungGen: 70061K->1440K(69632K)] 453510K->384889K(589312K), 0.0046472 secs] [Times: user=0.01 sys=0.00, real=0.00 secs] 
2622.650: [GC (Allocation Failure) [PSYoungGen: 69536K->1360K(69120K)] 452985K->384809K(588800K), 0.0023649 secs] [Times: user=0.01 sys=0.00, real=0.00 secs] 
2623.250: [GC (Allocation Failure) [PSYoungGen: 68944K->1376K(68608K)] 452393K->384825K(588288K), 0.0023836 secs] [Times: user=0.01 sys=0.00, real=0.00 secs] 
2623.644: [GC (Allocation Failure) [PSYoungGen: 68448K->1344K(68096K)] 451897K->384793K(587776K), 0.0022075 secs] [Times: user=0.01 sys=0.00, real=0.00 secs] 
2623.931: [GC (Allocation Failure) [PSYoungGen: 67890K->1488K(67584K)] 451340K->384937K(587264K), 0.0020684 secs] [Times: user=0.00 sys=0.00, real=0.00 secs] 
2624.057: [GC (Allocation Failure) [PSYoungGen: 67536K->1501K(67072K)] 450985K->384950K(586752K), 0.0018276 secs] [Times: user=0.00 sys=0.00, real=0.00 secs] 
2624.174: [GC (Allocation Failure) [PSYoungGen: 67037K->1501K(66560K)] 450486K->384950K(586240K), 0.0017629 secs] [Times: user=0.01 sys=0.00, real=0.00 secs] 
2624.288: [GC (Allocation Failure) [PSYoungGen: 66525K->1501K(67072K)] 449974K->384950K(586752K), 0.0016796 secs] [Times: user=0.00 sys=0.00, real=0.00 secs] 
2624.498: [GC (Allocation Failure) [PSYoungGen: 66525K->1456K(72704K)] 449974K->384905K(592384K), 0.0018964 secs] [Times: user=0.01 sys=0.00, real=0.00 secs] 
2625.090: [GC (Allocation Failure) [PSYoungGen: 72624K->1376K(72192K)] 456073K->384825K(591872K), 0.0019445 secs] [Times: user=0.01 sys=0.00, real=0.00 secs] 
2625.658: [GC (Allocation Failure) [PSYoungGen: 72032K->1376K(71680K)] 455481K->384825K(591360K), 0.0019541 secs] [Times: user=0.01 sys=0.00, real=0.00 secs] 
2626.384: [GC (Allocation Failure) [PSYoungGen: 71520K->1408K(71168K)] 454969K->384857K(590848K), 0.0022643 secs] [Times: user=0.01 sys=0.00, real=0.00 secs] 
2627.079: [GC (Allocation Failure) [PSYoungGen: 71040K->1485K(70656K)] 454489K->384934K(590336K), 0.0024765 secs] [Times: user=0.01 sys=0.00, real=0.00 secs] 
2627.242: [GC (Allocation Failure) [PSYoungGen: 70605K->1501K(70144K)] 454054K->384950K(589824K), 0.0016646 secs] [Times: user=0.01 sys=0.00, real=0.00 secs] 
2627.363: [GC (Allocation Failure) [PSYoungGen: 70107K->1469K(69632K)] 453556K->384918K(589312K), 0.0017951 secs] [Times: user=0.01 sys=0.00, real=0.00 secs] 
2627.484: [GC (Allocation Failure) [PSYoungGen: 69565K->1469K(69120K)] 453014K->384934K(588800K), 0.0017686 secs] [Times: user=0.00 sys=0.00, real=0.00 secs] 
2627.813: [GC (Allocation Failure) [PSYoungGen: 69053K->1408K(68608K)] 452518K->384873K(588288K), 0.0019648 secs] [Times: user=0.01 sys=0.00, real=0.00 secs] 
2628.356: [GC (Allocation Failure) [PSYoungGen: 68480K->1312K(68096K)] 451945K->384777K(587776K), 0.0021180 secs] [Times: user=0.01 sys=0.00, real=0.01 secs] 
2629.259: [GC (Allocation Failure) [PSYoungGen: 67872K->1344K(67584K)] 451337K->384809K(587264K), 0.0031337 secs] [Times: user=0.01 sys=0.00, real=0.00 secs] 
2630.131: [GC (Allocation Failure) [PSYoungGen: 67392K->1376K(67072K)] 450857K->384841K(586752K), 0.0042152 secs] [Times: user=0.01 sys=0.00, real=0.00 secs] 
2630.653: [GC (Allocation Failure) [PSYoungGen: 66912K->1437K(66560K)] 450377K->384902K(586240K), 0.0027711 secs] [Times: user=0.01 sys=0.00, real=0.00 secs] 
2630.870: [GC (Allocation Failure) [PSYoungGen: 66461K->1421K(66048K)] 449926K->384886K(585728K), 0.0023786 secs] [Times: user=0.01 sys=0.00, real=0.00 secs] 
2631.046: [GC (Allocation Failure) [PSYoungGen: 65933K->1421K(65536K)] 449398K->384886K(585216K), 0.0023467 secs] [Times: user=0.01 sys=0.01, real=0.01 secs] 
2631.196: [GC (Allocation Failure) [PSYoungGen: 65421K->1469K(65024K)] 448886K->384942K(584704K), 0.0018140 secs] [Times: user=0.00 sys=0.00, real=0.01 secs] 
2631.592: [GC (Allocation Failure) [PSYoungGen: 64957K->1952K(65024K)] 448430K->385425K(584704K), 0.0023532 secs] [Times: user=0.01 sys=0.00, real=0.00 secs] 
2632.947: [GC (Allocation Failure) [PSYoungGen: 64928K->1344K(64000K)] 448401K->384817K(583680K), 0.0042457 secs] [Times: user=0.02 sys=0.00, real=0.00 secs] 
2634.049: [GC (Allocation Failure) [PSYoungGen: 63808K->1360K(63488K)] 447281K->384833K(583168K), 0.0040915 secs] [Times: user=0.02 sys=0.00, real=0.00 secs] 
2634.864: [GC (Allocation Failure) [PSYoungGen: 63312K->1376K(62976K)] 446785K->384849K(582656K), 0.0034180 secs] [Times: user=0.01 sys=0.00, real=0.01 secs] 
2635.366: [GC (Allocation Failure) [PSYoungGen: 62816K->1360K(62464K)] 446289K->384833K(582144K), 0.0028294 secs] [Times: user=0.01 sys=0.00, real=0.01 secs] 
2635.697: [GC (Allocation Failure) [PSYoungGen: 62288K->1469K(61952K)] 445761K->384942K(581632K), 0.0021278 secs] [Times: user=0.01 sys=0.00, real=0.00 secs] 
2635.822: [GC (Allocation Failure) [PSYoungGen: 61885K->1501K(61440K)] 445358K->384974K(581120K), 0.0016406 secs] [Times: user=0.00 sys=0.00, real=0.00 secs] 
2635.928: [GC (Allocation Failure) [PSYoungGen: 61405K->1501K(61440K)] 444878K->384990K(581120K), 0.0016763 secs] [Times: user=0.01 sys=0.00, real=0.00 secs] 
2636.034: [GC (Allocation Failure) [PSYoungGen: 61405K->1469K(61952K)] 444894K->384958K(581632K), 0.0017452 secs] [Times: user=0.00 sys=0.00, real=0.00 secs] 
2636.266: [GC (Allocation Failure) [PSYoungGen: 61373K->1408K(61952K)] 444862K->384897K(581632K), 0.0020120 secs] [Times: user=0.01 sys=0.00, real=0.01 secs] 
2636.515: [GC (Allocation Failure) [PSYoungGen: 61312K->1376K(61440K)] 444801K->384865K(581120K), 0.0019163 secs] [Times: user=0.01 sys=0.00, real=0.01 secs] 
2636.824: [GC (Allocation Failure) [PSYoungGen: 61280K->1376K(61440K)] 444769K->384865K(581120K), 0.0020265 secs] [Times: user=0.01 sys=0.00, real=0.00 secs] 
2637.093: [GC (Allocation Failure) [PSYoungGen: 61280K->1376K(61440K)] 444769K->384865K(581120K), 0.0020204 secs] [Times: user=0.00 sys=0.00, real=0.00 secs] 
2637.341: [GC (Allocation Failure) [PSYoungGen: 61280K->1376K(61440K)] 444769K->384865K(581120K), 0.0020700 secs] [Times: user=0.01 sys=0.00, real=0.00 secs] 
2637.534: [GC (Allocation Failure) [PSYoungGen: 61248K->1469K(61440K)] 444737K->384958K(581120K), 0.0017701 secs] [Times: user=0.00 sys=0.00, real=0.00 secs] 
2637.641: [GC (Allocation Failure) [PSYoungGen: 61373K->1472K(65536K)] 444862K->384985K(585216K), 0.0016288 secs] [Times: user=0.01 sys=0.00, real=0.00 secs] 
2637.754: [GC (Allocation Failure) [PSYoungGen: 64960K->1456K(67584K)] 448473K->384969K(587264K), 0.0016197 secs] [Times: user=0.01 sys=0.00, real=0.00 secs] 
2637.871: [GC (Allocation Failure) [PSYoungGen: 66987K->1469K(67584K)] 450501K->384982K(587264K), 0.0027855 secs] [Times: user=0.01 sys=0.00, real=0.00 secs] 
2638.281: [GC (Allocation Failure) [PSYoungGen: 67005K->1456K(73728K)] 450518K->384969K(593408K), 0.0021156 secs] [Times: user=0.01 sys=0.01, real=0.00 secs] 
2638.901: [GC (Allocation Failure) [PSYoungGen: 73648K->1408K(73216K)] 457161K->384921K(592896K), 0.0021545 secs] [Times: user=0.01 sys=0.00, real=0.00 secs] 
2639.550: [GC (Allocation Failure) [PSYoungGen: 73088K->1392K(72704K)] 456601K->384905K(592384K), 0.0025071 secs] [Times: user=0.01 sys=0.00, real=0.00 secs] 
2639.849: [GC (Allocation Failure) [PSYoungGen: 72560K->1376K(72192K)] 456073K->384889K(591872K), 0.0020350 secs] [Times: user=0.01 sys=0.00, real=0.00 secs] 
2640.112: [GC (Allocation Failure) [PSYoungGen: 72032K->1501K(71680K)] 455545K->385014K(591360K), 0.0017743 secs] [Times: user=0.01 sys=0.00, real=0.00 secs] 
2640.235: [GC (Allocation Failure) [PSYoungGen: 71645K->1456K(71168K)] 455158K->384969K(590848K), 0.0016461 secs] [Times: user=0.01 sys=0.00, real=0.00 secs] 
2640.358: [GC (Allocation Failure) [PSYoungGen: 71088K->1533K(71680K)] 454601K->385054K(591360K), 0.0017867 secs] [Times: user=0.01 sys=0.00, real=0.00 secs] 
2640.480: [GC (Allocation Failure) [PSYoungGen: 71165K->1456K(71680K)] 454686K->384977K(591360K), 0.0016046 secs] [Times: user=0.00 sys=0.00, real=0.00 secs] 
2641.313: [GC (Allocation Failure) [PSYoungGen: 71088K->1424K(70656K)] 454609K->384945K(590336K), 0.0022988 secs] [Times: user=0.01 sys=0.00, real=0.00 secs] 
2641.980: [GC (Allocation Failure) [PSYoungGen: 70544K->1376K(70144K)] 454065K->384897K(589824K), 0.0027130 secs] [Times: user=0.01 sys=0.00, real=0.00 secs] 
2642.713: [GC (Allocation Failure) [PSYoungGen: 69984K->1344K(69632K)] 453505K->384865K(589312K), 0.0046737 secs] [Times: user=0.02 sys=0.00, real=0.01 secs] 
2643.520: [GC (Allocation Failure) [PSYoungGen: 69440K->1376K(69120K)] 452961K->384897K(588800K), 0.0044118 secs] [Times: user=0.02 sys=0.00, real=0.00 secs] 
2643.943: [GC (Allocation Failure) [PSYoungGen: 68960K->1488K(68608K)] 452481K->385009K(588288K), 0.0021972 secs] [Times: user=0.01 sys=0.00, real=0.00 secs] 
2644.085: [GC (Allocation Failure) [PSYoungGen: 68560K->1501K(68096K)] 452081K->385022K(587776K), 0.0016986 secs] [Times: user=0.00 sys=0.00, real=0.00 secs] 
2644.202: [GC (Allocation Failure) [PSYoungGen: 68061K->1533K(67584K)] 451582K->385054K(587264K), 0.0017246 secs] [Times: user=0.01 sys=0.00, real=0.00 secs] 
2644.319: [GC (Allocation Failure) [PSYoungGen: 67581K->1517K(73728K)] 451102K->385046K(593408K), 0.0016503 secs] [Times: user=0.00 sys=0.00, real=0.00 secs] 
2644.929: [GC (Allocation Failure) [PSYoungGen: 73709K->1408K(73216K)] 457238K->384937K(592896K), 0.0024128 secs] [Times: user=0.01 sys=0.00, real=0.00 secs] 
2645.432: [GC (Allocation Failure) [PSYoungGen: 73088K->1344K(72704K)] 456617K->384873K(592384K), 0.0047170 secs] [Times: user=0.01 sys=0.00, real=0.01 secs] 
2646.045: [GC (Allocation Failure) [PSYoungGen: 72512K->1344K(72192K)] 456041K->384873K(591872K), 0.0032526 secs] [Times: user=0.02 sys=0.00, real=0.01 secs] 
2646.733: [GC (Allocation Failure) [PSYoungGen: 72000K->1376K(71680K)] 455529K->384905K(591360K), 0.0043891 secs] [Times: user=0.02 sys=0.00, real=0.01 secs] 
2647.016: [GC (Allocation Failure) [PSYoungGen: 71520K->1485K(71168K)] 455049K->385014K(590848K), 0.0018948 secs] [Times: user=0.00 sys=0.00, real=0.01 secs] 
2647.167: [GC (Allocation Failure) [PSYoungGen: 71117K->1520K(70656K)] 454646K->385049K(590336K), 0.0019710 secs] [Times: user=0.01 sys=0.00, real=0.01 secs] 
2647.331: [GC (Allocation Failure) [PSYoungGen: 70640K->1469K(70144K)] 454169K->384998K(589824K), 0.0019609 secs] [Times: user=0.01 sys=0.00, real=0.00 secs] 
2647.635: [GC (Allocation Failure) [PSYoungGen: 70077K->1392K(69632K)] 453606K->384945K(589312K), 0.0026596 secs] [Times: user=0.01 sys=0.00, real=0.01 secs] 
2648.368: [GC (Allocation Failure) [PSYoungGen: 69488K->1376K(69120K)] 453041K->384929K(588800K), 0.0025682 secs] [Times: user=0.01 sys=0.00, real=0.00 secs] 
2648.908: [GC (Allocation Failure) [PSYoungGen: 68960K->1344K(68608K)] 452513K->384897K(588288K), 0.0021903 secs] [Times: user=0.01 sys=0.00, real=0.00 secs] 
2649.203: [GC (Allocation Failure) [PSYoungGen: 68416K->1408K(68096K)] 451969K->384961K(587776K), 0.0020109 secs] [Times: user=0.00 sys=0.00, real=0.00 secs] 
2649.755: [GC (Allocation Failure) [PSYoungGen: 67968K->1437K(67584K)] 451521K->384990K(587264K), 0.0023443 secs] [Times: user=0.01 sys=0.00, real=0.01 secs] 
2649.897: [GC (Allocation Failure) [PSYoungGen: 67485K->1485K(67072K)] 451038K->385038K(586752K), 0.0016039 secs] [Times: user=0.01 sys=0.00, real=0.00 secs] 
2650.013: [GC (Allocation Failure) [PSYoungGen: 67021K->1469K(66560K)] 450574K->385022K(586240K), 0.0018302 secs] [Times: user=0.01 sys=0.00, real=0.00 secs] 
2650.128: [GC (Allocation Failure) [PSYoungGen: 66493K->1488K(67072K)] 450046K->385041K(586752K), 0.0022275 secs] [Times: user=0.01 sys=0.00, real=0.00 secs] 
2650.288: [GC (Allocation Failure) [PSYoungGen: 66652K->1936K(67584K)] 450205K->385489K(587264K), 0.0018209 secs] [Times: user=0.01 sys=0.00, real=0.00 secs] 
2650.984: [GC (Allocation Failure) [PSYoungGen: 67472K->1312K(66560K)] 451025K->384865K(586240K), 0.0017198 secs] [Times: user=0.00 sys=0.00, real=0.00 secs] 
2651.432: [GC (Allocation Failure) [PSYoungGen: 66336K->1344K(66048K)] 449889K->384897K(585728K), 0.0022541 secs] [Times: user=0.01 sys=0.00, real=0.00 secs] 
2651.962: [GC (Allocation Failure) [PSYoungGen: 65856K->1376K(65536K)] 449409K->384929K(585216K), 0.0029088 secs] [Times: user=0.02 sys=0.00, real=0.00 secs] 
2652.488: [GC (Allocation Failure) [PSYoungGen: 65376K->1376K(65024K)] 448929K->384929K(584704K), 0.0039022 secs] [Times: user=0.02 sys=0.00, real=0.00 secs] 
2653.022: [GC (Allocation Failure) [PSYoungGen: 64864K->1437K(64512K)] 448417K->384990K(584192K), 0.0021251 secs] [Times: user=0.01 sys=0.00, real=0.00 secs] 
2653.157: [GC (Allocation Failure) [PSYoungGen: 64413K->1517K(64000K)] 447966K->385070K(583680K), 0.0017333 secs] [Times: user=0.00 sys=0.00, real=0.01 secs] 
2653.268: [GC (Allocation Failure) [PSYoungGen: 63981K->1469K(63488K)] 447534K->385030K(583168K), 0.0017539 secs] [Times: user=0.00 sys=0.00, real=0.00 secs] 
2653.394: [GC (Allocation Failure) [PSYoungGen: 63421K->1501K(69632K)] 446982K->385062K(589312K), 0.0018648 secs] [Times: user=0.01 sys=0.00, real=0.00 secs] 
2653.794: [GC (Allocation Failure) [PSYoungGen: 69597K->1424K(69120K)] 453158K->384985K(588800K), 0.0020976 secs] [Times: user=0.00 sys=0.00, real=0.00 secs] 
2654.354: [GC (Allocation Failure) [PSYoungGen: 69008K->1376K(68608K)] 452569K->384937K(588288K), 0.0022748 secs] [Times: user=0.01 sys=0.00, real=0.00 secs] 
2654.891: [GC (Allocation Failure) [PSYoungGen: 68448K->1408K(68096K)] 452009K->384977K(587776K), 0.0030558 secs] [Times: user=0.01 sys=0.01, real=0.00 secs] 
2655.438: [GC (Allocation Failure) [PSYoungGen: 67968K->1344K(67584K)] 451537K->384913K(587264K), 0.0040653 secs] [Times: user=0.02 sys=0.00, real=0.00 secs] 
2655.856: [GC (Allocation Failure) [PSYoungGen: 67392K->1469K(67072K)] 450961K->385038K(586752K), 0.0025019 secs] [Times: user=0.01 sys=0.00, real=0.01 secs] 
2656.004: [GC (Allocation Failure) [PSYoungGen: 67004K->1469K(66560K)] 450574K->385038K(586240K), 0.0016514 secs] [Times: user=0.00 sys=0.00, real=0.00 secs] 
2656.119: [GC (Allocation Failure) [PSYoungGen: 66493K->1485K(66048K)] 450062K->385062K(585728K), 0.0017640 secs] [Times: user=0.00 sys=0.00, real=0.00 secs] 
2656.233: [GC (Allocation Failure) [PSYoungGen: 65997K->1501K(66560K)] 449574K->385078K(586240K), 0.0017395 secs] [Times: user=0.01 sys=0.00, real=0.00 secs] 
2656.424: [GC (Allocation Failure) [PSYoungGen: 66013K->1456K(72192K)] 449590K->385049K(591872K), 0.0015943 secs] [Times: user=0.01 sys=0.00, real=0.00 secs] 
2656.764: [GC (Allocation Failure) [PSYoungGen: 72112K->1344K(71680K)] 455705K->384937K(591360K), 0.0017216 secs] [Times: user=0.00 sys=0.00, real=0.00 secs] 
2657.055: [GC (Allocation Failure) [PSYoungGen: 71488K->1376K(71168K)] 455081K->384969K(590848K), 0.0016307 secs] [Times: user=0.00 sys=0.00, real=0.00 secs] 
2657.343: [GC (Allocation Failure) [PSYoungGen: 71008K->1376K(70656K)] 454601K->384969K(590336K), 0.0017243 secs] [Times: user=0.01 sys=0.00, real=0.00 secs] 
2657.659: [GC (Allocation Failure) [PSYoungGen: 70496K->1469K(70144K)] 454089K->385062K(589824K), 0.0022979 secs] [Times: user=0.01 sys=0.00, real=0.00 secs] 
2657.841: [GC (Allocation Failure) [PSYoungGen: 70077K->1421K(69632K)] 453670K->385014K(589312K), 0.0022094 secs] [Times: user=0.01 sys=0.00, real=0.00 secs] 
2657.996: [GC (Allocation Failure) [PSYoungGen: 69517K->1453K(69120K)] 453110K->385046K(588800K), 0.0019268 secs] [Times: user=0.01 sys=0.00, real=0.01 secs] 
2658.117: [GC (Allocation Failure) [PSYoungGen: 69037K->1437K(69632K)] 452630K->385038K(589312K), 0.0016832 secs] [Times: user=0.01 sys=0.00, real=0.00 secs] 
2659.337: [GC (Allocation Failure) [PSYoungGen: 69021K->1440K(68608K)] 452622K->385041K(588288K), 0.0042418 secs] [Times: user=0.01 sys=0.00, real=0.00 secs] 
2659.893: [GC (Allocation Failure) [PSYoungGen: 68512K->1376K(68096K)] 452113K->384977K(587776K), 0.0027773 secs] [Times: user=0.00 sys=0.00, real=0.00 secs] 
2660.406: [GC (Allocation Failure) [PSYoungGen: 67936K->1312K(67584K)] 451537K->384913K(587264K), 0.0032051 secs] [Times: user=0.01 sys=0.00, real=0.01 secs] 
2660.972: [GC (Allocation Failure) [PSYoungGen: 67360K->1376K(67072K)] 450961K->384977K(586752K), 0.0032749 secs] [Times: user=0.01 sys=0.00, real=0.00 secs] 
2661.290: [GC (Allocation Failure) [PSYoungGen: 66912K->1437K(66560K)] 450513K->385038K(586240K), 0.0021273 secs] [Times: user=0.01 sys=0.00, real=0.00 secs] 
2661.417: [GC (Allocation Failure) [PSYoungGen: 66461K->1469K(66048K)] 450062K->385070K(585728K), 0.0016169 secs] [Times: user=0.01 sys=0.00, real=0.00 secs] 
2661.531: [GC (Allocation Failure) [PSYoungGen: 65981K->1501K(65536K)] 449582K->385102K(585216K), 0.0017355 secs] [Times: user=0.01 sys=0.00, real=0.00 secs] 
2661.645: [GC (Allocation Failure) [PSYoungGen: 65501K->1469K(71680K)] 449102K->385078K(591360K), 0.0017298 secs] [Times: user=0.01 sys=0.00, real=0.00 secs] 
2662.064: [GC (Allocation Failure) [PSYoungGen: 71613K->1440K(71168K)] 455222K->385049K(590848K), 0.0022968 secs] [Times: user=0.01 sys=0.00, real=0.00 secs] 
2662.702: [GC (Allocation Failure) [PSYoungGen: 71072K->1376K(70656K)] 454681K->384985K(590336K), 0.0037882 secs] [Times: user=0.01 sys=0.00, real=0.00 secs] 
2663.288: [GC (Allocation Failure) [PSYoungGen: 70496K->1344K(70144K)] 454105K->384953K(589824K), 0.0028190 secs] [Times: user=0.01 sys=0.00, real=0.00 secs] 
2663.910: [GC (Allocation Failure) [PSYoungGen: 69952K->1376K(69632K)] 453561K->384985K(589312K), 0.0026690 secs] [Times: user=0.01 sys=0.00, real=0.00 secs] 
2664.167: [GC (Allocation Failure) [PSYoungGen: 69472K->1469K(69120K)] 453081K->385078K(588800K), 0.0020409 secs] [Times: user=0.01 sys=0.00, real=0.00 secs] 
2664.291: [GC (Allocation Failure) [PSYoungGen: 69053K->1469K(68608K)] 452662K->385078K(588288K), 0.0016051 secs] [Times: user=0.01 sys=0.00, real=0.00 secs] 
2664.408: [GC (Allocation Failure) [PSYoungGen: 68541K->1517K(68096K)] 452150K->385126K(587776K), 0.0016069 secs] [Times: user=0.01 sys=0.00, real=0.00 secs] 
2664.525: [GC (Allocation Failure) [PSYoungGen: 68077K->1453K(68608K)] 451686K->385070K(588288K), 0.0016808 secs] [Times: user=0.00 sys=0.00, real=0.01 secs] 
2664.849: [GC (Allocation Failure) [PSYoungGen: 68013K->1456K(67584K)] 451630K->385073K(587264K), 0.0019595 secs] [Times: user=0.01 sys=0.00, real=0.00 secs] 
2665.483: [GC (Allocation Failure) [PSYoungGen: 67504K->1408K(67072K)] 451121K->385025K(586752K), 0.0028286 secs] [Times: user=0.01 sys=0.00, real=0.00 secs] 
2666.172: [GC (Allocation Failure) [PSYoungGen: 66944K->1408K(66560K)] 450561K->385025K(586240K), 0.0037065 secs] [Times: user=0.01 sys=0.00, real=0.00 secs] 
2666.933: [GC (Allocation Failure) [PSYoungGen: 66432K->1408K(66048K)] 450049K->385033K(585728K), 0.0039740 secs] [Times: user=0.02 sys=0.00, real=0.01 secs] 
2667.438: [GC (Allocation Failure) [PSYoungGen: 65920K->1469K(65536K)] 449545K->385094K(585216K), 0.0024594 secs] [Times: user=0.01 sys=0.00, real=0.00 secs] 
2667.592: [GC (Allocation Failure) [PSYoungGen: 65469K->1533K(65024K)] 449094K->385158K(584704K), 0.0016535 secs] [Times: user=0.01 sys=0.00, real=0.00 secs] 
2667.703: [GC (Allocation Failure) [PSYoungGen: 65021K->1517K(64512K)] 448646K->385142K(584192K), 0.0017355 secs] [Times: user=0.00 sys=0.00, real=0.00 secs] 
2667.816: [GC (Allocation Failure) [PSYoungGen: 64493K->1453K(70656K)] 448118K->385094K(590336K), 0.0017407 secs] [Times: user=0.00 sys=0.00, real=0.01 secs] 
2667.999: [GC (Allocation Failure) [PSYoungGen: 70573K->1456K(71168K)] 454214K->385097K(590848K), 0.0018284 secs] [Times: user=0.01 sys=0.00, real=0.00 secs] 
2668.419: [GC (Allocation Failure) [PSYoungGen: 70576K->1360K(70144K)] 454217K->385001K(589824K), 0.0020429 secs] [Times: user=0.00 sys=0.00, real=0.00 secs] 
2668.941: [GC (Allocation Failure) [PSYoungGen: 69968K->1376K(69632K)] 453609K->385017K(589312K), 0.0030689 secs] [Times: user=0.01 sys=0.00, real=0.00 secs] 
2669.522: [GC (Allocation Failure) [PSYoungGen: 69472K->1376K(69120K)] 453113K->385017K(588800K), 0.0028159 secs] [Times: user=0.01 sys=0.00, real=0.00 secs] 
2670.103: [GC (Allocation Failure) [PSYoungGen: 68960K->1373K(68608K)] 452601K->385014K(588288K), 0.0025383 secs] [Times: user=0.01 sys=0.00, real=0.00 secs] 
2670.268: [GC (Allocation Failure) [PSYoungGen: 68421K->1421K(68096K)] 452062K->385062K(587776K), 0.0016810 secs] [Times: user=0.01 sys=0.00, real=0.00 secs] 
2670.385: [GC (Allocation Failure) [PSYoungGen: 67981K->1469K(67584K)] 451622K->385110K(587264K), 0.0016684 secs] [Times: user=0.01 sys=0.00, real=0.01 secs] 
2670.502: [GC (Allocation Failure) [PSYoungGen: 67517K->1504K(68096K)] 451158K->385161K(587776K), 0.0017306 secs] [Times: user=0.00 sys=0.00, real=0.00 secs] 
2670.898: [GC (Allocation Failure) [PSYoungGen: 67552K->1488K(67072K)] 451209K->385145K(586752K), 0.0020323 secs] [Times: user=0.01 sys=0.00, real=0.00 secs] 
2671.556: [GC (Allocation Failure) [PSYoungGen: 67024K->1424K(66560K)] 450681K->385081K(586240K), 0.0037401 secs] [Times: user=0.01 sys=0.00, real=0.01 secs] 
2672.272: [GC (Allocation Failure) [PSYoungGen: 66448K->1344K(66048K)] 450105K->385001K(585728K), 0.0029329 secs] [Times: user=0.01 sys=0.00, real=0.00 secs] 
2672.851: [GC (Allocation Failure) [PSYoungGen: 65856K->1376K(65536K)] 449513K->385033K(585216K), 0.0030000 secs] [Times: user=0.01 sys=0.00, real=0.00 secs] 
2673.466: [GC (Allocation Failure) [PSYoungGen: 65376K->1376K(65024K)] 449033K->385033K(584704K), 0.0027755 secs] [Times: user=0.02 sys=0.00, real=0.01 secs] 
2673.732: [GC (Allocation Failure) [PSYoungGen: 64864K->1469K(64512K)] 448521K->385126K(584192K), 0.0020900 secs] [Times: user=0.01 sys=0.00, real=0.00 secs] 
2673.850: [GC (Allocation Failure) [PSYoungGen: 64445K->1437K(64000K)] 448102K->385094K(583680K), 0.0016017 secs] [Times: user=0.01 sys=0.00, real=0.00 secs] 
2673.977: [GC (Allocation Failure) [PSYoungGen: 63901K->1501K(63488K)] 447558K->385166K(583168K), 0.0020088 secs] [Times: user=0.00 sys=0.00, real=0.00 secs] 
2674.122: [GC (Allocation Failure) [PSYoungGen: 63453K->1456K(69632K)] 447118K->385121K(589312K), 0.0020967 secs] [Times: user=0.00 sys=0.00, real=0.00 secs] 
2676.079: [GC (Allocation Failure) [PSYoungGen: 69552K->1408K(69120K)] 453217K->385073K(588800K), 0.0043560 secs] [Times: user=0.02 sys=0.00, real=0.00 secs] 
2677.242: [GC (Allocation Failure) [PSYoungGen: 68992K->1376K(68608K)] 452657K->385041K(588288K), 0.0031035 secs] [Times: user=0.01 sys=0.00, real=0.00 secs] 
2677.886: [GC (Allocation Failure) [PSYoungGen: 68448K->1376K(68096K)] 452113K->385041K(587776K), 0.0034481 secs] [Times: user=0.01 sys=0.00, real=0.01 secs] 
2678.313: [GC (Allocation Failure) [PSYoungGen: 67936K->1376K(67584K)] 451601K->385041K(587264K), 0.0021649 secs] [Times: user=0.01 sys=0.00, real=0.00 secs] 
2678.517: [GC (Allocation Failure) [PSYoungGen: 67424K->1485K(67072K)] 451089K->385150K(586752K), 0.0016213 secs] [Times: user=0.01 sys=0.00, real=0.00 secs] 
2678.634: [GC (Allocation Failure) [PSYoungGen: 67009K->1485K(66560K)] 450674K->385150K(586240K), 0.0017506 secs] [Times: user=0.01 sys=0.00, real=0.00 secs] 
2678.750: [GC (Allocation Failure) [PSYoungGen: 66509K->1469K(67072K)] 450174K->385150K(586752K), 0.0017106 secs] [Times: user=0.00 sys=0.00, real=0.00 secs] 
2678.882: [GC (Allocation Failure) [PSYoungGen: 66493K->1520K(73216K)] 450174K->385233K(592896K), 0.0018960 secs] [Times: user=0.01 sys=0.00, real=0.00 secs] 
2680.038: [GC (Allocation Failure) [PSYoungGen: 72688K->1408K(72192K)] 456401K->385121K(591872K), 0.0031828 secs] [Times: user=0.02 sys=0.00, real=0.00 secs] 
2680.656: [GC (Allocation Failure) [PSYoungGen: 72064K->1376K(71680K)] 455777K->385089K(591360K), 0.0027292 secs] [Times: user=0.01 sys=0.00, real=0.01 secs] 
2681.223: [GC (Allocation Failure) [PSYoungGen: 71520K->1312K(71168K)] 455233K->385025K(590848K), 0.0028211 secs] [Times: user=0.01 sys=0.00, real=0.00 secs] 
2681.742: [GC (Allocation Failure) [PSYoungGen: 70944K->1376K(70656K)] 454657K->385089K(590336K), 0.0025590 secs] [Times: user=0.01 sys=0.00, real=0.00 secs] 
2681.965: [GC (Allocation Failure) [PSYoungGen: 70496K->1501K(70144K)] 454209K->385214K(589824K), 0.0017173 secs] [Times: user=0.01 sys=0.00, real=0.01 secs] 
2682.086: [GC (Allocation Failure) [PSYoungGen: 70109K->1469K(69632K)] 453822K->385182K(589312K), 0.0017138 secs] [Times: user=0.00 sys=0.00, real=0.01 secs] 
2682.206: [GC (Allocation Failure) [PSYoungGen: 69565K->1469K(69120K)] 453278K->385182K(588800K), 0.0017942 secs] [Times: user=0.01 sys=0.00, real=0.01 secs] 
2682.325: [GC (Allocation Failure) [PSYoungGen: 69053K->1469K(69632K)] 452766K->385190K(589312K), 0.0016395 secs] [Times: user=0.00 sys=0.00, real=0.01 secs] 
2682.911: [GC (Allocation Failure) [PSYoungGen: 69053K->1376K(68608K)] 452774K->385097K(588288K), 0.0023258 secs] [Times: user=0.01 sys=0.00, real=0.00 secs] 
2683.669: [GC (Allocation Failure) [PSYoungGen: 68448K->1376K(68096K)] 452169K->385097K(587776K), 0.0022543 secs] [Times: user=0.01 sys=0.00, real=0.00 secs] 
2684.335: [GC (Allocation Failure) [PSYoungGen: 67936K->1344K(67584K)] 451657K->385065K(587264K), 0.0022471 secs] [Times: user=0.01 sys=0.00, real=0.01 secs] 
2684.959: [GC (Allocation Failure) [PSYoungGen: 67392K->1344K(67072K)] 451113K->385065K(586752K), 0.0024167 secs] [Times: user=0.01 sys=0.00, real=0.00 secs] 
2685.406: [GC (Allocation Failure) [PSYoungGen: 66880K->1437K(66560K)] 450601K->385158K(586240K), 0.0016860 secs] [Times: user=0.00 sys=0.00, real=0.01 secs] 
2685.537: [GC (Allocation Failure) [PSYoungGen: 66461K->1501K(66048K)] 450182K->385222K(585728K), 0.0018737 secs] [Times: user=0.00 sys=0.00, real=0.01 secs] 
2685.679: [GC (Allocation Failure) [PSYoungGen: 66013K->1456K(65536K)] 449734K->385177K(585216K), 0.0021102 secs] [Times: user=0.00 sys=0.00, real=0.00 secs] 
2685.798: [GC (Allocation Failure) [PSYoungGen: 65456K->1501K(66048K)] 449177K->385230K(585728K), 0.0017072 secs] [Times: user=0.01 sys=0.00, real=0.00 secs] 
2686.398: [GC (Allocation Failure) [PSYoungGen: 65501K->1440K(65024K)] 449230K->385169K(584704K), 0.0028374 secs] [Times: user=0.01 sys=0.00, real=0.00 secs] 
2687.447: [GC (Allocation Failure) [PSYoungGen: 64928K->1344K(64512K)] 448657K->385073K(584192K), 0.0032485 secs] [Times: user=0.01 sys=0.01, real=0.00 secs] 
2688.098: [GC (Allocation Failure) [PSYoungGen: 64320K->1376K(64000K)] 448049K->385121K(583680K), 0.0033461 secs] [Times: user=0.01 sys=0.00, real=0.00 secs] 
2688.776: [GC (Allocation Failure) [PSYoungGen: 63840K->1360K(63488K)] 447585K->385105K(583168K), 0.0036680 secs] [Times: user=0.02 sys=0.00, real=0.01 secs] 
2689.387: [GC (Allocation Failure) [PSYoungGen: 63312K->1421K(62976K)] 447057K->385166K(582656K), 0.0028716 secs] [Times: user=0.01 sys=0.00, real=0.00 secs] 
2689.597: [GC (Allocation Failure) [PSYoungGen: 62861K->1469K(62464K)] 446606K->385214K(582144K), 0.0023883 secs] [Times: user=0.01 sys=0.00, real=0.01 secs] 
2689.730: [GC (Allocation Failure) [PSYoungGen: 62397K->1469K(61952K)] 446142K->385214K(581632K), 0.0016989 secs] [Times: user=0.01 sys=0.00, real=0.00 secs] 
2689.839: [GC (Allocation Failure) [PSYoungGen: 61885K->1437K(62464K)] 445630K->385198K(582144K), 0.0016680 secs] [Times: user=0.01 sys=0.00, real=0.00 secs] 
2689.964: [GC (Allocation Failure) [PSYoungGen: 61853K->1456K(62464K)] 445614K->385217K(582144K), 0.0020771 secs] [Times: user=0.00 sys=0.00, real=0.00 secs] 
2690.518: [GC (Allocation Failure) [PSYoungGen: 61872K->1376K(67584K)] 445633K->385137K(587264K), 0.0035159 secs] [Times: user=0.01 sys=0.00, real=0.00 secs] 
2691.045: [GC (Allocation Failure) [PSYoungGen: 67424K->1392K(67072K)] 451185K->385153K(586752K), 0.0029082 secs] [Times: user=0.01 sys=0.01, real=0.01 secs] 
2691.633: [GC (Allocation Failure) [PSYoungGen: 66928K->1344K(66560K)] 450689K->385105K(586240K), 0.0025515 secs] [Times: user=0.00 sys=0.00, real=0.00 secs] 
2692.097: [GC (Allocation Failure) [PSYoungGen: 66368K->1376K(66048K)] 450129K->385137K(585728K), 0.0021413 secs] [Times: user=0.01 sys=0.00, real=0.00 secs] 
2692.341: [GC (Allocation Failure) [PSYoungGen: 65888K->1469K(65536K)] 449649K->385230K(585216K), 0.0017978 secs] [Times: user=0.01 sys=0.00, real=0.00 secs] 
2692.455: [GC (Allocation Failure) [PSYoungGen: 65469K->1533K(65024K)] 449230K->385294K(584704K), 0.0018370 secs] [Times: user=0.01 sys=0.00, real=0.01 secs] 
2692.567: [GC (Allocation Failure) [PSYoungGen: 65021K->1405K(65536K)] 448782K->385174K(585216K), 0.0016511 secs] [Times: user=0.01 sys=0.00, real=0.00 secs] 
2692.678: [GC (Allocation Failure) [PSYoungGen: 64893K->1501K(65536K)] 448662K->385270K(585216K), 0.0017090 secs] [Times: user=0.01 sys=0.00, real=0.00 secs] 
2694.307: [GC (Allocation Failure) [PSYoungGen: 64989K->1424K(64512K)] 448758K->385193K(584192K), 0.0050269 secs] [Times: user=0.02 sys=0.00, real=0.01 secs] 
2695.695: [GC (Allocation Failure) [PSYoungGen: 64400K->1408K(64000K)] 448169K->385177K(583680K), 0.0031103 secs] [Times: user=0.02 sys=0.00, real=0.01 secs] 
2696.240: [GC (Allocation Failure) [PSYoungGen: 63872K->1376K(63488K)] 447641K->385145K(583168K), 0.0027256 secs] [Times: user=0.01 sys=0.01, real=0.00 secs] 
2696.645: [GC (Allocation Failure) [PSYoungGen: 63328K->1376K(62976K)] 447097K->385145K(582656K), 0.0022899 secs] [Times: user=0.01 sys=0.00, real=0.01 secs] 
2696.901: [GC (Allocation Failure) [PSYoungGen: 62816K->1344K(62464K)] 446585K->385113K(582144K), 0.0020341 secs] [Times: user=0.01 sys=0.00, real=0.00 secs] 
2697.032: [GC (Allocation Failure) [PSYoungGen: 62253K->1501K(61952K)] 446023K->385270K(581632K), 0.0016174 secs] [Times: user=0.01 sys=0.00, real=0.00 secs] 
2697.153: [GC (Allocation Failure) [PSYoungGen: 61917K->1469K(67584K)] 445686K->385238K(587264K), 0.0019490 secs] [Times: user=0.00 sys=0.00, real=0.00 secs] 
2697.277: [GC (Allocation Failure) [PSYoungGen: 67509K->1469K(68608K)] 451279K->385254K(588288K), 0.0017627 secs] [Times: user=0.00 sys=0.00, real=0.00 secs] 
2697.394: [GC (Allocation Failure) [PSYoungGen: 68029K->1501K(74752K)] 451814K->385286K(594432K), 0.0018044 secs] [Times: user=0.01 sys=0.00, real=0.00 secs] 
2698.004: [GC (Allocation Failure) [PSYoungGen: 74205K->1440K(73728K)] 457990K->385241K(593408K), 0.0021196 secs] [Times: user=0.01 sys=0.00, real=0.00 secs] 
2698.682: [GC (Allocation Failure) [PSYoungGen: 73632K->1408K(73216K)] 457433K->385209K(592896K), 0.0033590 secs] [Times: user=0.01 sys=0.00, real=0.00 secs] 
2699.325: [GC (Allocation Failure) [PSYoungGen: 73088K->1424K(72704K)] 456889K->385233K(592384K), 0.0031821 secs] [Times: user=0.02 sys=0.00, real=0.01 secs] 
2699.876: [GC (Allocation Failure) [PSYoungGen: 72429K->304K(72192K)] 456238K->384113K(591872K), 0.0025243 secs] [Times: user=0.01 sys=0.00, real=0.01 secs] 
2700.059: [GC (Allocation Failure) [PSYoungGen: 70960K->1469K(71680K)] 454769K->385278K(591360K), 0.0016356 secs] [Times: user=0.01 sys=0.00, real=0.00 secs] 
2700.182: [GC (Allocation Failure) [PSYoungGen: 71613K->1517K(71168K)] 455422K->385326K(590848K), 0.0016863 secs] [Times: user=0.00 sys=0.00, real=0.00 secs] 
2700.305: [GC (Allocation Failure) [PSYoungGen: 71149K->1501K(70656K)] 454958K->385318K(590336K), 0.0017322 secs] [Times: user=0.01 sys=0.00, real=0.00 secs] 
2700.749: [GC (Allocation Failure) [PSYoungGen: 70621K->1392K(70144K)] 454438K->385209K(589824K), 0.0027919 secs] [Times: user=0.02 sys=0.00, real=0.00 secs] 
2701.217: [GC (Allocation Failure) [PSYoungGen: 70000K->1312K(69632K)] 453817K->385129K(589312K), 0.0022473 secs] [Times: user=0.01 sys=0.00, real=0.00 secs] 
2701.533: [GC (Allocation Failure) [PSYoungGen: 69408K->1344K(69120K)] 453225K->385161K(588800K), 0.0021674 secs] [Times: user=0.00 sys=0.00, real=0.00 secs] 
2701.844: [GC (Allocation Failure) [PSYoungGen: 68928K->1344K(68608K)] 452745K->385161K(588288K), 0.0030490 secs] [Times: user=0.01 sys=0.00, real=0.01 secs] 
2702.175: [GC (Allocation Failure) [PSYoungGen: 68416K->1405K(68096K)] 452233K->385222K(587776K), 0.0024595 secs] [Times: user=0.01 sys=0.01, real=0.01 secs] 
2702.350: [GC (Allocation Failure) [PSYoungGen: 67965K->1520K(67584K)] 451782K->385337K(587264K), 0.0023107 secs] [Times: user=0.01 sys=0.01, real=0.00 secs] 
2702.526: [GC (Allocation Failure) [PSYoungGen: 67568K->1469K(68096K)] 451385K->385286K(587776K), 0.0024451 secs] [Times: user=0.01 sys=0.00, real=0.01 secs] 
2702.719: [GC (Allocation Failure) [PSYoungGen: 67517K->1501K(68096K)] 451334K->385318K(587776K), 0.0022506 secs] [Times: user=0.01 sys=0.00, real=0.00 secs] 
2704.105: [GC (Allocation Failure) [PSYoungGen: 67549K->1472K(67072K)] 451366K->385289K(586752K), 0.0047084 secs] [Times: user=0.02 sys=0.01, real=0.01 secs] 
2704.948: [GC (Allocation Failure) [PSYoungGen: 67008K->1376K(66560K)] 450825K->385193K(586240K), 0.0046059 secs] [Times: user=0.01 sys=0.00, real=0.00 secs] 
2706.036: [GC (Allocation Failure) [PSYoungGen: 66400K->1376K(66048K)] 450217K->385193K(585728K), 0.0043358 secs] [Times: user=0.02 sys=0.00, real=0.01 secs] 
2707.216: [GC (Allocation Failure) [PSYoungGen: 65888K->1376K(65536K)] 449705K->385193K(585216K), 0.0048027 secs] [Times: user=0.01 sys=0.00, real=0.01 secs] 
2708.193: [GC (Allocation Failure) [PSYoungGen: 65376K->1376K(65024K)] 449193K->385193K(584704K), 0.0034061 secs] [Times: user=0.01 sys=0.00, real=0.00 secs] 
2708.448: [GC (Allocation Failure) [PSYoungGen: 64864K->1472K(64512K)] 448681K->385289K(584192K), 0.0020921 secs] [Times: user=0.01 sys=0.00, real=0.00 secs] 
2708.567: [GC (Allocation Failure) [PSYoungGen: 64448K->1501K(64000K)] 448265K->385318K(583680K), 0.0016840 secs] [Times: user=0.00 sys=0.00, real=0.00 secs] 
2708.678: [GC (Allocation Failure) [PSYoungGen: 63965K->1453K(63488K)] 447782K->385278K(583168K), 0.0017236 secs] [Times: user=0.00 sys=0.00, real=0.00 secs] 
2708.787: [GC (Allocation Failure) [PSYoungGen: 63405K->1437K(69632K)] 447230K->385262K(589312K), 0.0016354 secs] [Times: user=0.01 sys=0.00, real=0.00 secs] 
2709.826: [GC (Allocation Failure) [PSYoungGen: 69533K->1408K(69120K)] 453358K->385257K(588800K), 0.0042172 secs] [Times: user=0.02 sys=0.00, real=0.01 secs] 
2710.893: [GC (Allocation Failure) [PSYoungGen: 68992K->1344K(68608K)] 452841K->385193K(588288K), 0.0044617 secs] [Times: user=0.02 sys=0.00, real=0.01 secs] 
2711.563: [GC (Allocation Failure) [PSYoungGen: 68416K->1344K(68096K)] 452265K->385193K(587776K), 0.0025371 secs] [Times: user=0.00 sys=0.00, real=0.00 secs] 
2712.628: [GC (Allocation Failure) [PSYoungGen: 67904K->1376K(67584K)] 451753K->385225K(587264K), 0.0044424 secs] [Times: user=0.02 sys=0.00, real=0.00 secs] 
2713.286: [GC (Allocation Failure) [PSYoungGen: 67424K->1437K(67072K)] 451273K->385286K(586752K), 0.0025557 secs] [Times: user=0.01 sys=0.00, real=0.01 secs] 
2713.439: [GC (Allocation Failure) [PSYoungGen: 66973K->1501K(66560K)] 450822K->385350K(586240K), 0.0017864 secs] [Times: user=0.00 sys=0.00, real=0.00 secs] 
2713.553: [GC (Allocation Failure) [PSYoungGen: 66525K->1517K(66048K)] 450374K->385374K(585728K), 0.0016795 secs] [Times: user=0.00 sys=0.01, real=0.00 secs] 
2713.667: [GC (Allocation Failure) [PSYoungGen: 66029K->1469K(66560K)] 449886K->385326K(586240K), 0.0016716 secs] [Times: user=0.01 sys=0.00, real=0.00 secs] 
2713.924: [GC (Allocation Failure) [PSYoungGen: 65981K->1440K(65536K)] 449838K->385297K(585216K), 0.0019554 secs] [Times: user=0.01 sys=0.00, real=0.00 secs] 
2714.262: [GC (Allocation Failure) [PSYoungGen: 65440K->1408K(65024K)] 449297K->385265K(584704K), 0.0019033 secs] [Times: user=0.01 sys=0.00, real=0.00 secs] 
2714.734: [GC (Allocation Failure) [PSYoungGen: 64896K->1344K(64512K)] 448753K->385201K(584192K), 0.0019396 secs] [Times: user=0.01 sys=0.00, real=0.00 secs] 
2715.372: [GC (Allocation Failure) [PSYoungGen: 64320K->1376K(64000K)] 448177K->385233K(583680K), 0.0027221 secs] [Times: user=0.01 sys=0.00, real=0.00 secs] 
2715.923: [GC (Allocation Failure) [PSYoungGen: 63840K->1456K(63488K)] 447697K->385313K(583168K), 0.0027980 secs] [Times: user=0.01 sys=0.00, real=0.00 secs] 
2716.101: [GC (Allocation Failure) [PSYoungGen: 63408K->1533K(62976K)] 447265K->385390K(582656K), 0.0017824 secs] [Times: user=0.01 sys=0.00, real=0.00 secs] 
2716.225: [GC (Allocation Failure) [PSYoungGen: 62973K->1453K(62464K)] 446830K->385310K(582144K), 0.0019984 secs] [Times: user=0.01 sys=0.00, real=0.00 secs] 
2716.360: [GC (Allocation Failure) [PSYoungGen: 62381K->1533K(62976K)] 446238K->385398K(582656K), 0.0018834 secs] [Times: user=0.00 sys=0.00, real=0.00 secs] 
2716.508: [GC (Allocation Failure) [PSYoungGen: 62461K->128K(62976K)] 446326K->383993K(582656K), 0.0021700 secs] [Times: user=0.01 sys=0.00, real=0.00 secs] 
2716.884: [GC (Allocation Failure) [PSYoungGen: 61056K->1392K(61952K)] 444921K->385281K(581632K), 0.0022742 secs] [Times: user=0.01 sys=0.00, real=0.00 secs] 
2717.395: [GC (Allocation Failure) [PSYoungGen: 61808K->1360K(61440K)] 445697K->385249K(581120K), 0.0023413 secs] [Times: user=0.01 sys=0.00, real=0.01 secs] 
2717.887: [GC (Allocation Failure) [PSYoungGen: 61264K->1376K(61440K)] 445153K->385265K(581120K), 0.0034942 secs] [Times: user=0.01 sys=0.00, real=0.00 secs] 
2718.368: [GC (Allocation Failure) [PSYoungGen: 61280K->1360K(61440K)] 445169K->385249K(581120K), 0.0031045 secs] [Times: user=0.01 sys=0.00, real=0.00 secs] 
2718.823: [GC (Allocation Failure) [PSYoungGen: 61264K->1405K(61440K)] 445153K->385294K(581120K), 0.0025546 secs] [Times: user=0.01 sys=0.00, real=0.00 secs] 
2718.998: [GC (Allocation Failure) [PSYoungGen: 61309K->1440K(61440K)] 445198K->385329K(581120K), 0.0026839 secs] [Times: user=0.01 sys=0.00, real=0.00 secs] 
2719.144: [GC (Allocation Failure) [PSYoungGen: 61344K->1469K(61440K)] 445233K->385366K(581120K), 0.0016345 secs] [Times: user=0.00 sys=0.00, real=0.00 secs] 
2719.250: [GC (Allocation Failure) [PSYoungGen: 61373K->1501K(65536K)] 445270K->385398K(585216K), 0.0018463 secs] [Times: user=0.01 sys=0.00, real=0.00 secs] 
2719.395: [GC (Allocation Failure) [PSYoungGen: 64989K->1600K(68096K)] 448886K->385497K(587776K), 0.0018454 secs] [Times: user=0.01 sys=0.01, real=0.01 secs] 
2719.743: [GC (Allocation Failure) [PSYoungGen: 67648K->1376K(68096K)] 451545K->385273K(587776K), 0.0021729 secs] [Times: user=0.01 sys=0.00, real=0.00 secs] 
2720.254: [GC (Allocation Failure) [PSYoungGen: 67424K->1408K(67072K)] 451321K->385305K(586752K), 0.0038248 secs] [Times: user=0.01 sys=0.00, real=0.01 secs] 
2720.829: [GC (Allocation Failure) [PSYoungGen: 66944K->1376K(66560K)] 450841K->385273K(586240K), 0.0027463 secs] [Times: user=0.01 sys=0.00, real=0.00 secs] 
2721.558: [GC (Allocation Failure) [PSYoungGen: 66400K->1376K(66048K)] 450297K->385273K(585728K), 0.0024287 secs] [Times: user=0.01 sys=0.00, real=0.00 secs] 
2721.887: [GC (Allocation Failure) [PSYoungGen: 65888K->1469K(65536K)] 449785K->385366K(585216K), 0.0019742 secs] [Times: user=0.01 sys=0.00, real=0.00 secs] 
2722.009: [GC (Allocation Failure) [PSYoungGen: 65469K->1501K(65024K)] 449366K->385398K(584704K), 0.0016156 secs] [Times: user=0.01 sys=0.00, real=0.00 secs] 
2722.121: [GC (Allocation Failure) [PSYoungGen: 64989K->1469K(64512K)] 448886K->385374K(584192K), 0.0017632 secs] [Times: user=0.00 sys=0.00, real=0.00 secs] 
2722.232: [GC (Allocation Failure) [PSYoungGen: 64445K->1437K(70656K)] 448350K->385342K(590336K), 0.0016816 secs] [Times: user=0.01 sys=0.00, real=0.00 secs] 
2722.776: [GC (Allocation Failure) [PSYoungGen: 70557K->1408K(70144K)] 454462K->385313K(589824K), 0.0019451 secs] [Times: user=0.01 sys=0.00, real=0.01 secs] 
2723.143: [GC (Allocation Failure) [PSYoungGen: 70016K->1376K(69632K)] 453921K->385281K(589312K), 0.0030272 secs] [Times: user=0.01 sys=0.00, real=0.00 secs] 
2723.608: [GC (Allocation Failure) [PSYoungGen: 69472K->1408K(69120K)] 453377K->385321K(588800K), 0.0028428 secs] [Times: user=0.02 sys=0.00, real=0.00 secs] 
2724.152: [GC (Allocation Failure) [PSYoungGen: 68992K->1376K(68608K)] 452905K->385289K(588288K), 0.0027647 secs] [Times: user=0.01 sys=0.00, real=0.00 secs] 
2724.508: [GC (Allocation Failure) [PSYoungGen: 68448K->1501K(68096K)] 452361K->385414K(587776K), 0.0020327 secs] [Times: user=0.00 sys=0.00, real=0.00 secs] 
2724.634: [GC (Allocation Failure) [PSYoungGen: 68030K->1501K(67584K)] 451943K->385414K(587264K), 0.0017163 secs] [Times: user=0.01 sys=0.01, real=0.00 secs] 
2724.752: [GC (Allocation Failure) [PSYoungGen: 67549K->1501K(67072K)] 451462K->385422K(586752K), 0.0017382 secs] [Times: user=0.01 sys=0.00, real=0.00 secs] 
2724.868: [GC (Allocation Failure) [PSYoungGen: 67032K->1533K(67584K)] 450953K->385454K(587264K), 0.0017182 secs] [Times: user=0.01 sys=0.00, real=0.00 secs] 
2725.175: [GC (Allocation Failure) [PSYoungGen: 67069K->1440K(66560K)] 450990K->385361K(586240K), 0.0021719 secs] [Times: user=0.01 sys=0.00, real=0.01 secs] 
2725.446: [GC (Allocation Failure) [PSYoungGen: 66464K->1376K(66048K)] 450385K->385297K(585728K), 0.0020121 secs] [Times: user=0.01 sys=0.01, real=0.01 secs] 
2725.714: [GC (Allocation Failure) [PSYoungGen: 65888K->1344K(65536K)] 449809K->385281K(585216K), 0.0020342 secs] [Times: user=0.00 sys=0.00, real=0.00 secs] 
2726.017: [GC (Allocation Failure) [PSYoungGen: 65344K->1344K(65024K)] 449281K->385281K(584704K), 0.0022044 secs] [Times: user=0.01 sys=0.00, real=0.00 secs] 
2726.321: [GC (Allocation Failure) [PSYoungGen: 64832K->1389K(64512K)] 448769K->385326K(584192K), 0.0019730 secs] [Times: user=0.00 sys=0.00, real=0.00 secs] 
2726.466: [GC (Allocation Failure) [PSYoungGen: 64365K->1453K(64000K)] 448302K->385390K(583680K), 0.0021039 secs] [Times: user=0.01 sys=0.00, real=0.01 secs] 
2726.617: [GC (Allocation Failure) [PSYoungGen: 63903K->1389K(64512K)] 447841K->385326K(584192K), 0.0019910 secs] [Times: user=0.01 sys=0.00, real=0.01 secs] 
2726.746: [GC (Allocation Failure) [PSYoungGen: 63853K->1533K(70656K)] 447790K->385478K(590336K), 0.0019133 secs] [Times: user=0.01 sys=0.00, real=0.01 secs] 
2727.114: [GC (Allocation Failure) [PSYoungGen: 70141K->1456K(70656K)] 454086K->385401K(590336K), 0.0026584 secs] [Times: user=0.01 sys=0.00, real=0.01 secs] 
2727.591: [GC (Allocation Failure) [PSYoungGen: 70064K->1424K(69632K)] 454009K->385369K(589312K), 0.0022040 secs] [Times: user=0.01 sys=0.00, real=0.00 secs] 
2727.875: [GC (Allocation Failure) [PSYoungGen: 69520K->1408K(69120K)] 453465K->385353K(588800K), 0.0026167 secs] [Times: user=0.01 sys=0.00, real=0.01 secs] 
2728.281: [GC (Allocation Failure) [PSYoungGen: 68992K->1408K(68608K)] 452937K->385353K(588288K), 0.0023373 secs] [Times: user=0.01 sys=0.00, real=0.00 secs] 
2728.747: [GC (Allocation Failure) [PSYoungGen: 68480K->1453K(68096K)] 452425K->385398K(587776K), 0.0024061 secs] [Times: user=0.01 sys=0.00, real=0.00 secs] 
2728.894: [GC (Allocation Failure) [PSYoungGen: 68013K->1533K(67584K)] 451958K->385478K(587264K), 0.0017040 secs] [Times: user=0.01 sys=0.00, real=0.00 secs] 
2729.010: [GC (Allocation Failure) [PSYoungGen: 67581K->1485K(67072K)] 451526K->385430K(586752K), 0.0018023 secs] [Times: user=0.01 sys=0.00, real=0.00 secs] 
2729.127: [GC (Allocation Failure) [PSYoungGen: 67021K->1485K(73728K)] 450966K->385446K(593408K), 0.0017929 secs] [Times: user=0.01 sys=0.00, real=0.00 secs] 
2729.532: [GC (Allocation Failure) [PSYoungGen: 73677K->1392K(73216K)] 457638K->385353K(592896K), 0.0021554 secs] [Times: user=0.01 sys=0.00, real=0.00 secs] 
2730.665: [GC (Allocation Failure) [PSYoungGen: 73072K->1344K(72704K)] 457033K->385305K(592384K), 0.0036493 secs] [Times: user=0.01 sys=0.00, real=0.01 secs] 
2731.674: [GC (Allocation Failure) [PSYoungGen: 72512K->1376K(72192K)] 456473K->385337K(591872K), 0.0030917 secs] [Times: user=0.01 sys=0.00, real=0.01 secs] 
2732.660: [GC (Allocation Failure) [PSYoungGen: 72032K->1376K(71680K)] 455993K->385337K(591360K), 0.0030478 secs] [Times: user=0.01 sys=0.00, real=0.00 secs] 
2733.515: [GC (Allocation Failure) [PSYoungGen: 71520K->1501K(71168K)] 455481K->385462K(590848K), 0.0030058 secs] [Times: user=0.01 sys=0.00, real=0.01 secs] 
2733.700: [GC (Allocation Failure) [PSYoungGen: 71113K->1469K(70656K)] 455074K->385430K(590336K), 0.0017628 secs] [Times: user=0.00 sys=0.00, real=0.00 secs] 
2733.824: [GC (Allocation Failure) [PSYoungGen: 70589K->1501K(70144K)] 454550K->385462K(589824K), 0.0017211 secs] [Times: user=0.00 sys=0.00, real=0.00 secs] 
2733.945: [GC (Allocation Failure) [PSYoungGen: 70109K->1533K(69632K)] 454070K->385510K(589312K), 0.0017642 secs] [Times: user=0.01 sys=0.00, real=0.01 secs] 
2734.369: [GC (Allocation Failure) [PSYoungGen: 69629K->1440K(69120K)] 453606K->385417K(588800K), 0.0021133 secs] [Times: user=0.01 sys=0.00, real=0.00 secs] 
2734.948: [GC (Allocation Failure) [PSYoungGen: 69024K->1376K(68608K)] 453001K->385353K(588288K), 0.0024278 secs] [Times: user=0.01 sys=0.00, real=0.00 secs] 
2735.555: [GC (Allocation Failure) [PSYoungGen: 68448K->1408K(68096K)] 452425K->385385K(587776K), 0.0033471 secs] [Times: user=0.01 sys=0.00, real=0.01 secs] 
2735.847: [GC (Allocation Failure) [PSYoungGen: 67968K->1344K(67584K)] 451945K->385321K(587264K), 0.0020923 secs] [Times: user=0.01 sys=0.00, real=0.00 secs] 
2736.089: [GC (Allocation Failure) [PSYoungGen: 67392K->1472K(67072K)] 451369K->385449K(586752K), 0.0017585 secs] [Times: user=0.01 sys=0.00, real=0.00 secs] 
2736.206: [GC (Allocation Failure) [PSYoungGen: 67008K->1488K(66560K)] 450985K->385465K(586240K), 0.0017294 secs] [Times: user=0.00 sys=0.00, real=0.01 secs] 
2736.321: [GC (Allocation Failure) [PSYoungGen: 66512K->1501K(67072K)] 450489K->385478K(586752K), 0.0017616 secs] [Times: user=0.01 sys=0.00, real=0.00 secs] 
2736.435: [GC (Allocation Failure) [PSYoungGen: 66525K->1565K(73216K)] 450502K->385550K(592896K), 0.0018766 secs] [Times: user=0.01 sys=0.00, real=0.01 secs] 
2736.805: [GC (Allocation Failure) [PSYoungGen: 72733K->1440K(72192K)] 456718K->385425K(591872K), 0.0017758 secs] [Times: user=0.00 sys=0.00, real=0.01 secs] 
2737.394: [GC (Allocation Failure) [PSYoungGen: 72096K->1376K(71680K)] 456081K->385385K(591360K), 0.0038121 secs] [Times: user=0.02 sys=0.00, real=0.01 secs] 
2737.977: [GC (Allocation Failure) [PSYoungGen: 71520K->1344K(71168K)] 455529K->385353K(590848K), 0.0030216 secs] [Times: user=0.01 sys=0.00, real=0.00 secs] 
2738.474: [GC (Allocation Failure) [PSYoungGen: 70976K->1344K(70656K)] 454985K->385353K(590336K), 0.0027706 secs] [Times: user=0.01 sys=0.00, real=0.01 secs] 
2738.798: [GC (Allocation Failure) [PSYoungGen: 70464K->1405K(70144K)] 454473K->385414K(589824K), 0.0019816 secs] [Times: user=0.01 sys=0.00, real=0.00 secs] 
2738.924: [GC (Allocation Failure) [PSYoungGen: 70013K->1533K(69632K)] 454022K->385542K(589312K), 0.0016946 secs] [Times: user=0.00 sys=0.00, real=0.00 secs] 
2739.044: [GC (Allocation Failure) [PSYoungGen: 69629K->1501K(69120K)] 453638K->385510K(588800K), 0.0017874 secs] [Times: user=0.00 sys=0.00, real=0.00 secs] 
2739.164: [GC (Allocation Failure) [PSYoungGen: 69085K->1469K(69632K)] 453094K->385494K(589312K), 0.0017273 secs] [Times: user=0.01 sys=0.00, real=0.00 secs] 
2739.884: [GC (Allocation Failure) [PSYoungGen: 69053K->1440K(68608K)] 453078K->385465K(588288K), 0.0020385 secs] [Times: user=0.00 sys=0.00, real=0.00 secs] 
2740.399: [GC (Allocation Failure) [PSYoungGen: 68512K->1344K(68096K)] 452537K->385369K(587776K), 0.0023996 secs] [Times: user=0.00 sys=0.00, real=0.00 secs] 
2740.677: [GC (Allocation Failure) [PSYoungGen: 67904K->1344K(67584K)] 451929K->385369K(587264K), 0.0030504 secs] [Times: user=0.01 sys=0.00, real=0.00 secs] 
2741.007: [GC (Allocation Failure) [PSYoungGen: 67392K->1344K(67072K)] 451417K->385369K(586752K), 0.0020919 secs] [Times: user=0.01 sys=0.00, real=0.00 secs] 
2741.307: [GC (Allocation Failure) [PSYoungGen: 66880K->1469K(66560K)] 450905K->385494K(586240K), 0.0017660 secs] [Times: user=0.01 sys=0.00, real=0.00 secs] 
2741.439: [GC (Allocation Failure) [PSYoungGen: 66493K->1453K(66048K)] 450518K->385478K(585728K), 0.0020118 secs] [Times: user=0.01 sys=0.00, real=0.00 secs] 
2741.584: [GC (Allocation Failure) [PSYoungGen: 65965K->1421K(66560K)] 449990K->385446K(586240K), 0.0020995 secs] [Times: user=0.01 sys=0.00, real=0.00 secs] 
2741.747: [GC (Allocation Failure) [PSYoungGen: 65933K->1533K(72704K)] 449958K->385574K(592384K), 0.0022288 secs] [Times: user=0.01 sys=0.00, real=0.00 secs] 
2742.288: [GC (Allocation Failure) [PSYoungGen: 72189K->1440K(71680K)] 456230K->385481K(591360K), 0.0030975 secs] [Times: user=0.01 sys=0.00, real=0.00 secs] 
2742.908: [GC (Allocation Failure) [PSYoungGen: 71584K->1344K(71168K)] 455625K->385385K(590848K), 0.0031127 secs] [Times: user=0.01 sys=0.00, real=0.00 secs] 
2743.302: [GC (Allocation Failure) [PSYoungGen: 70976K->1344K(70656K)] 455017K->385385K(590336K), 0.0021957 secs] [Times: user=0.01 sys=0.00, real=0.00 secs] 
2743.661: [GC (Allocation Failure) [PSYoungGen: 70464K->1360K(70144K)] 454505K->385401K(589824K), 0.0021117 secs] [Times: user=0.01 sys=0.00, real=0.00 secs] 
2744.009: [GC (Allocation Failure) [PSYoungGen: 69936K->1469K(69632K)] 453977K->385510K(589312K), 0.0020013 secs] [Times: user=0.01 sys=0.00, real=0.00 secs] 
2744.133: [GC (Allocation Failure) [PSYoungGen: 69565K->1453K(69120K)] 453606K->385494K(588800K), 0.0017099 secs] [Times: user=0.01 sys=0.00, real=0.00 secs] 
2744.253: [GC (Allocation Failure) [PSYoungGen: 69037K->1501K(68608K)] 453078K->385542K(588288K), 0.0018254 secs] [Times: user=0.01 sys=0.00, real=0.00 secs] 
2744.371: [GC (Allocation Failure) [PSYoungGen: 68573K->1501K(69120K)] 452614K->385558K(588800K), 0.0017265 secs] [Times: user=0.00 sys=0.00, real=0.00 secs] 
2744.877: [GC (Allocation Failure) [PSYoungGen: 68573K->1408K(68096K)] 452630K->385465K(587776K), 0.0022798 secs] [Times: user=0.01 sys=0.00, real=0.00 secs] 
2745.435: [GC (Allocation Failure) [PSYoungGen: 67968K->1344K(67584K)] 452025K->385401K(587264K), 0.0021797 secs] [Times: user=0.01 sys=0.00, real=0.01 secs] 
2745.744: [GC (Allocation Failure) [PSYoungGen: 67392K->1408K(67072K)] 451449K->385465K(586752K), 0.0023097 secs] [Times: user=0.01 sys=0.00, real=0.01 secs] 
2746.047: [GC (Allocation Failure) [PSYoungGen: 66944K->1344K(66560K)] 451001K->385417K(586240K), 0.0022232 secs] [Times: user=0.01 sys=0.00, real=0.00 secs] 
2746.435: [GC (Allocation Failure) [PSYoungGen: 66336K->1469K(66048K)] 450410K->385542K(585728K), 0.0020959 secs] [Times: user=0.01 sys=0.00, real=0.01 secs] 
2746.591: [GC (Allocation Failure) [PSYoungGen: 65981K->1533K(65536K)] 450054K->385606K(585216K), 0.0020216 secs] [Times: user=0.01 sys=0.00, real=0.00 secs] 
2746.746: [GC (Allocation Failure) [PSYoungGen: 65533K->1453K(65024K)] 449606K->385526K(584704K), 0.0016574 secs] [Times: user=0.01 sys=0.00, real=0.01 secs] 
2746.874: [GC (Allocation Failure) [PSYoungGen: 64941K->1453K(65536K)] 449014K->385534K(585216K), 0.0019150 secs] [Times: user=0.01 sys=0.00, real=0.00 secs] 
2747.238: [GC (Allocation Failure) [PSYoungGen: 64941K->1408K(64512K)] 449022K->385489K(584192K), 0.0034429 secs] [Times: user=0.02 sys=0.00, real=0.00 secs] 
2747.638: [GC (Allocation Failure) [PSYoungGen: 64384K->1344K(64000K)] 448465K->385425K(583680K), 0.0022245 secs] [Times: user=0.01 sys=0.00, real=0.00 secs] 
2747.897: [GC (Allocation Failure) [PSYoungGen: 63808K->1344K(63488K)] 447889K->385425K(583168K), 0.0022075 secs] [Times: user=0.01 sys=0.00, real=0.00 secs] 
2748.227: [GC (Allocation Failure) [PSYoungGen: 63296K->1376K(62976K)] 447377K->385457K(582656K), 0.0020917 secs] [Times: user=0.01 sys=0.00, real=0.00 secs] 
2748.581: [GC (Allocation Failure) [PSYoungGen: 62816K->1376K(62464K)] 446897K->385457K(582144K), 0.0021031 secs] [Times: user=0.01 sys=0.00, real=0.00 secs] 
2748.745: [GC (Allocation Failure) [PSYoungGen: 62304K->1437K(61952K)] 446385K->385518K(581632K), 0.0017707 secs] [Times: user=0.00 sys=0.00, real=0.00 secs] 
2748.852: [GC (Allocation Failure) [PSYoungGen: 61853K->1437K(62464K)] 445934K->385518K(582144K), 0.0017035 secs] [Times: user=0.01 sys=0.00, real=0.00 secs] 
2748.959: [GC (Allocation Failure) [PSYoungGen: 61853K->1504K(68096K)] 445934K->385593K(587776K), 0.0018267 secs] [Times: user=0.01 sys=0.00, real=0.00 secs] 
2749.087: [GC (Allocation Failure) [PSYoungGen: 67552K->1501K(68096K)] 451641K->385590K(587776K), 0.0018267 secs] [Times: user=0.00 sys=0.00, real=0.00 secs] 
2749.632: [GC (Allocation Failure) [PSYoungGen: 67549K->1424K(73728K)] 451638K->385513K(593408K), 0.0023886 secs] [Times: user=0.00 sys=0.00, real=0.00 secs] 
2750.264: [GC (Allocation Failure) [PSYoungGen: 73616K->1440K(73216K)] 457705K->385529K(592896K), 0.0030039 secs] [Times: user=0.01 sys=0.00, real=0.01 secs] 
2750.708: [GC (Allocation Failure) [PSYoungGen: 73120K->1376K(72704K)] 457209K->385465K(592384K), 0.0021234 secs] [Times: user=0.01 sys=0.00, real=0.00 secs] 
2751.076: [GC (Allocation Failure) [PSYoungGen: 72544K->1376K(72192K)] 456633K->385465K(591872K), 0.0020488 secs] [Times: user=0.00 sys=0.00, real=0.01 secs] 
2751.322: [GC (Allocation Failure) [PSYoungGen: 72032K->1469K(71680K)] 456121K->385558K(591360K), 0.0015692 secs] [Times: user=0.01 sys=0.00, real=0.00 secs] 
2751.445: [GC (Allocation Failure) [PSYoungGen: 71613K->1469K(71168K)] 455702K->385558K(590848K), 0.0018211 secs] [Times: user=0.00 sys=0.00, real=0.01 secs] 
2751.568: [GC (Allocation Failure) [PSYoungGen: 71101K->1501K(70656K)] 455190K->385598K(590336K), 0.0015587 secs] [Times: user=0.00 sys=0.00, real=0.00 secs] 
2751.815: [GC (Allocation Failure) [PSYoungGen: 70621K->1728K(70656K)] 454718K->385825K(590336K), 0.0021795 secs] [Times: user=0.00 sys=0.00, real=0.01 secs] 
2753.205: [GC (Allocation Failure) [PSYoungGen: 70336K->352K(68608K)] 454433K->385473K(588288K), 0.0036174 secs] [Times: user=0.01 sys=0.00, real=0.01 secs] 
2753.783: [GC (Allocation Failure) [PSYoungGen: 68448K->336K(69632K)] 453569K->385457K(589312K), 0.0029158 secs] [Times: user=0.01 sys=0.00, real=0.00 secs] 
2754.402: [GC (Allocation Failure) [PSYoungGen: 67920K->320K(69120K)] 453041K->385441K(588800K), 0.0034034 secs] [Times: user=0.02 sys=0.00, real=0.00 secs] 
2755.128: [GC (Allocation Failure) [PSYoungGen: 67392K->352K(67072K)] 452513K->385473K(586752K), 0.0046626 secs] [Times: user=0.01 sys=0.00, real=0.00 secs] 
2755.469: [GC (Allocation Failure) [PSYoungGen: 66912K->1488K(68096K)] 452033K->386609K(587776K), 0.0022919 secs] [Times: user=0.01 sys=0.00, real=0.00 secs] 
2755.632: [GC (Allocation Failure) [PSYoungGen: 67536K->1437K(67072K)] 452657K->386558K(586752K), 0.0020235 secs] [Times: user=0.00 sys=0.00, real=0.00 secs] 
2755.810: [GC (Allocation Failure) [PSYoungGen: 66973K->1469K(67072K)] 452094K->386590K(586752K), 0.0024144 secs] [Times: user=0.01 sys=0.01, real=0.00 secs] 
2756.007: [GC (Allocation Failure) [PSYoungGen: 66493K->1469K(66048K)] 451614K->386598K(585728K), 0.0025357 secs] [Times: user=0.01 sys=0.00, real=0.00 secs] 
2756.695: [GC (Allocation Failure) [PSYoungGen: 65981K->1376K(66048K)] 451110K->386505K(585728K), 0.0025704 secs] [Times: user=0.01 sys=0.00, real=0.01 secs] 
2757.277: [GC (Allocation Failure) [PSYoungGen: 65376K->1376K(65024K)] 450505K->386505K(584704K), 0.0023636 secs] [Times: user=0.01 sys=0.00, real=0.00 secs] 
2757.775: [GC (Allocation Failure) [PSYoungGen: 64864K->1376K(65024K)] 449993K->386505K(584704K), 0.0023737 secs] [Times: user=0.01 sys=0.00, real=0.01 secs] 
2758.471: [GC (Allocation Failure) [PSYoungGen: 64352K->1376K(64000K)] 449481K->386529K(583680K), 0.0031652 secs] [Times: user=0.01 sys=0.00, real=0.00 secs] 
2758.930: [GC (Allocation Failure) [PSYoungGen: 63840K->1389K(63488K)] 448993K->386542K(583168K), 0.0023709 secs] [Times: user=0.00 sys=0.00, real=0.00 secs] 
2759.067: [GC (Allocation Failure) [PSYoungGen: 63341K->1453K(62976K)] 448494K->386606K(582656K), 0.0017175 secs] [Times: user=0.01 sys=0.00, real=0.01 secs] 
2759.175: [GC (Allocation Failure) [PSYoungGen: 62893K->1469K(62464K)] 448046K->386630K(582144K), 0.0017359 secs] [Times: user=0.01 sys=0.00, real=0.01 secs] 
2759.284: [GC (Allocation Failure) [PSYoungGen: 62397K->1565K(62976K)] 447558K->386726K(582656K), 0.0017254 secs] [Times: user=0.01 sys=0.00, real=0.00 secs] 
2759.503: [GC (Allocation Failure) [PSYoungGen: 62493K->1472K(68096K)] 447654K->386633K(587776K), 0.0017829 secs] [Times: user=0.01 sys=0.00, real=0.00 secs] 
2759.837: [GC (Allocation Failure) [PSYoungGen: 68032K->1376K(67584K)] 453193K->386537K(587264K), 0.0018775 secs] [Times: user=0.00 sys=0.00, real=0.00 secs] 
2760.120: [GC (Allocation Failure) [PSYoungGen: 67424K->1344K(67072K)] 452585K->386505K(586752K), 0.0030047 secs] [Times: user=0.02 sys=0.00, real=0.00 secs] 
2760.413: [GC (Allocation Failure) [PSYoungGen: 66880K->1376K(66560K)] 452041K->386537K(586240K), 0.0027758 secs] [Times: user=0.01 sys=0.00, real=0.00 secs] 
2760.714: [GC (Allocation Failure) [PSYoungGen: 66385K->1437K(66048K)] 451547K->386598K(585728K), 0.0022589 secs] [Times: user=0.01 sys=0.00, real=0.01 secs] 
2760.848: [GC (Allocation Failure) [PSYoungGen: 65949K->1517K(65536K)] 451110K->386678K(585216K), 0.0016222 secs] [Times: user=0.01 sys=0.00, real=0.00 secs] 
2760.962: [GC (Allocation Failure) [PSYoungGen: 65517K->1469K(66048K)] 450678K->386630K(585728K), 0.0017451 secs] [Times: user=0.00 sys=0.00, real=0.00 secs] 
2761.075: [GC (Allocation Failure) [PSYoungGen: 65469K->1501K(66048K)] 450630K->386670K(585728K), 0.0016997 secs] [Times: user=0.00 sys=0.00, real=0.00 secs] 
2761.242: [GC (Allocation Failure) [PSYoungGen: 65501K->1584K(72704K)] 450670K->386753K(592384K), 0.0044391 secs] [Times: user=0.01 sys=0.01, real=0.00 secs] 
2761.782: [GC (Allocation Failure) [PSYoungGen: 72240K->1360K(72704K)] 457409K->386529K(592384K), 0.0020125 secs] [Times: user=0.01 sys=0.00, real=0.00 secs] 
2762.652: [GC (Allocation Failure) [PSYoungGen: 72016K->1376K(78848K)] 457185K->386545K(598528K), 0.0046694 secs] [Times: user=0.01 sys=0.01, real=0.00 secs] 
2763.730: [GC (Allocation Failure) [PSYoungGen: 78688K->1408K(78336K)] 463857K->386577K(598016K), 0.0040168 secs] [Times: user=0.01 sys=0.00, real=0.00 secs] 
2764.535: [GC (Allocation Failure) [PSYoungGen: 78208K->1437K(77824K)] 463377K->386606K(597504K), 0.0029636 secs] [Times: user=0.01 sys=0.00, real=0.01 secs] 
2764.742: [GC (Allocation Failure) [PSYoungGen: 77725K->1501K(77312K)] 462894K->386670K(596992K), 0.0018451 secs] [Times: user=0.00 sys=0.00, real=0.00 secs] 
2764.876: [GC (Allocation Failure) [PSYoungGen: 77277K->1405K(76800K)] 462446K->386574K(596480K), 0.0016590 secs] [Times: user=0.01 sys=0.00, real=0.01 secs] 
2765.007: [GC (Allocation Failure) [PSYoungGen: 76669K->1517K(77824K)] 461838K->386694K(597504K), 0.0025201 secs] [Times: user=0.01 sys=0.00, real=0.00 secs] 
2765.355: [GC (Allocation Failure) [PSYoungGen: 77293K->1472K(76800K)] 462470K->386649K(596480K), 0.0020034 secs] [Times: user=0.00 sys=0.00, real=0.01 secs] 
2765.740: [GC (Allocation Failure) [PSYoungGen: 76736K->1376K(76288K)] 461913K->386553K(595968K), 0.0021851 secs] [Times: user=0.00 sys=0.01, real=0.00 secs] 
2766.125: [GC (Allocation Failure) [PSYoungGen: 76128K->1376K(75776K)] 461305K->386553K(595456K), 0.0022311 secs] [Times: user=0.01 sys=0.00, real=0.01 secs] 
2766.513: [GC (Allocation Failure) [PSYoungGen: 75616K->1485K(75264K)] 460793K->386662K(594944K), 0.0040406 secs] [Times: user=0.01 sys=0.00, real=0.01 secs] 
2766.741: [GC (Allocation Failure) [PSYoungGen: 75213K->1485K(74752K)] 460390K->386662K(594432K), 0.0019027 secs] [Times: user=0.00 sys=0.00, real=0.00 secs] 
2766.870: [GC (Allocation Failure) [PSYoungGen: 74701K->1501K(74240K)] 459878K->386678K(593920K), 0.0018195 secs] [Times: user=0.01 sys=0.00, real=0.00 secs] 
2767.000: [GC (Allocation Failure) [PSYoungGen: 74205K->1437K(81408K)] 459382K->386614K(601088K), 0.0016080 secs] [Times: user=0.01 sys=0.00, real=0.00 secs] 
2767.393: [GC (Allocation Failure) [PSYoungGen: 81309K->1392K(80896K)] 466486K->386569K(600576K), 0.0020780 secs] [Times: user=0.01 sys=0.00, real=0.00 secs] 
2768.192: [GC (Allocation Failure) [PSYoungGen: 80752K->1376K(80384K)] 465929K->386577K(600064K), 0.0034200 secs] [Times: user=0.02 sys=0.00, real=0.00 secs] 
2768.877: [GC (Allocation Failure) [PSYoungGen: 80224K->1344K(79872K)] 465425K->386545K(599552K), 0.0028915 secs] [Times: user=0.01 sys=0.00, real=0.00 secs] 
2769.662: [GC (Allocation Failure) [PSYoungGen: 79680K->1456K(79360K)] 464881K->386657K(599040K), 0.0026095 secs] [Times: user=0.01 sys=0.00, real=0.00 secs] 
2769.847: [GC (Allocation Failure) [PSYoungGen: 79280K->1533K(78848K)] 464481K->386734K(598528K), 0.0017694 secs] [Times: user=0.01 sys=0.00, real=0.00 secs] 
2769.984: [GC (Allocation Failure) [PSYoungGen: 78845K->1485K(78336K)] 464046K->386686K(598016K), 0.0017984 secs] [Times: user=0.00 sys=0.00, real=0.00 secs] 
2770.119: [GC (Allocation Failure) [PSYoungGen: 78285K->1440K(77824K)] 463486K->386641K(597504K), 0.0016960 secs] [Times: user=0.01 sys=0.00, real=0.00 secs] 
2770.401: [GC (Allocation Failure) [PSYoungGen: 77728K->1456K(77312K)] 462929K->386657K(596992K), 0.0016462 secs] [Times: user=0.01 sys=0.00, real=0.00 secs] 
2770.871: [GC (Allocation Failure) [PSYoungGen: 77232K->1376K(76800K)] 462433K->386577K(596480K), 0.0018376 secs] [Times: user=0.00 sys=0.00, real=0.00 secs] 
2771.452: [GC (Allocation Failure) [PSYoungGen: 76640K->1376K(76288K)] 461841K->386577K(595968K), 0.0048781 secs] [Times: user=0.02 sys=0.00, real=0.01 secs] 
2772.017: [GC (Allocation Failure) [PSYoungGen: 76128K->1376K(75776K)] 461329K->386577K(595456K), 0.0028371 secs] [Times: user=0.01 sys=0.00, real=0.00 secs] 
2772.261: [GC (Allocation Failure) [PSYoungGen: 75616K->1517K(75264K)] 460817K->386718K(594944K), 0.0017917 secs] [Times: user=0.00 sys=0.00, real=0.00 secs] 
2772.390: [GC (Allocation Failure) [PSYoungGen: 75245K->1517K(74752K)] 460446K->386718K(594432K), 0.0016880 secs] [Times: user=0.00 sys=0.00, real=0.00 secs] 
2772.521: [GC (Allocation Failure) [PSYoungGen: 74733K->1469K(74240K)] 459934K->386670K(593920K), 0.0018036 secs] [Times: user=0.00 sys=0.00, real=0.00 secs] 
2772.760: [GC (Allocation Failure) [PSYoungGen: 74173K->1424K(73728K)] 459374K->386625K(593408K), 0.0020018 secs] [Times: user=0.01 sys=0.00, real=0.00 secs] 
2773.074: [GC (Allocation Failure) [PSYoungGen: 73616K->1376K(73216K)] 458817K->386577K(592896K), 0.0018961 secs] [Times: user=0.00 sys=0.00, real=0.00 secs] 
2773.703: [GC (Allocation Failure) [PSYoungGen: 73056K->1344K(72704K)] 458257K->386553K(592384K), 0.0033021 secs] [Times: user=0.01 sys=0.00, real=0.00 secs] 
2774.267: [GC (Allocation Failure) [PSYoungGen: 72512K->1376K(72192K)] 457721K->386585K(591872K), 0.0034622 secs] [Times: user=0.02 sys=0.00, real=0.00 secs] 
2774.661: [GC (Allocation Failure) [PSYoungGen: 72032K->1453K(71680K)] 457241K->386670K(591360K), 0.0022388 secs] [Times: user=0.00 sys=0.00, real=0.00 secs] 
2774.807: [GC (Allocation Failure) [PSYoungGen: 71597K->1501K(71168K)] 456814K->386718K(590848K), 0.0016303 secs] [Times: user=0.01 sys=0.00, real=0.00 secs] 
2774.932: [GC (Allocation Failure) [PSYoungGen: 71133K->1501K(70656K)] 456350K->386718K(590336K), 0.0016856 secs] [Times: user=0.00 sys=0.00, real=0.00 secs] 
2775.056: [GC (Allocation Failure) [PSYoungGen: 70621K->1485K(71168K)] 455838K->386702K(590848K), 0.0017409 secs] [Times: user=0.00 sys=0.00, real=0.01 secs] 
2775.788: [GC (Allocation Failure) [PSYoungGen: 70605K->1392K(70144K)] 455822K->386609K(589824K), 0.0023312 secs] [Times: user=0.01 sys=0.00, real=0.00 secs] 
2776.628: [GC (Allocation Failure) [PSYoungGen: 70000K->1360K(69632K)] 455217K->386577K(589312K), 0.0023009 secs] [Times: user=0.01 sys=0.00, real=0.00 secs] 
2777.441: [GC (Allocation Failure) [PSYoungGen: 69456K->1376K(69120K)] 454673K->386617K(588800K), 0.0029621 secs] [Times: user=0.01 sys=0.00, real=0.00 secs] 
2778.137: [GC (Allocation Failure) [PSYoungGen: 68960K->1344K(68608K)] 454201K->386585K(588288K), 0.0028946 secs] [Times: user=0.02 sys=0.00, real=0.00 secs] 
2778.489: [GC (Allocation Failure) [PSYoungGen: 68416K->1469K(68096K)] 453657K->386710K(587776K), 0.0019910 secs] [Times: user=0.01 sys=0.00, real=0.00 secs] 
2778.610: [GC (Allocation Failure) [PSYoungGen: 68029K->1533K(67584K)] 453270K->386774K(587264K), 0.0018312 secs] [Times: user=0.01 sys=0.00, real=0.00 secs] 
2778.728: [GC (Allocation Failure) [PSYoungGen: 67581K->1469K(67072K)] 452822K->386710K(586752K), 0.0018174 secs] [Times: user=0.01 sys=0.00, real=0.00 secs] 
2778.847: [GC (Allocation Failure) [PSYoungGen: 67005K->1501K(67584K)] 452246K->386750K(587264K), 0.0015746 secs] [Times: user=0.01 sys=0.00, real=0.00 secs] 
2779.509: [GC (Allocation Failure) [PSYoungGen: 67037K->1440K(66560K)] 452286K->386689K(586240K), 0.0021538 secs] [Times: user=0.01 sys=0.00, real=0.00 secs] 
2780.144: [GC (Allocation Failure) [PSYoungGen: 66464K->1344K(66048K)] 451713K->386593K(585728K), 0.0021011 secs] [Times: user=0.01 sys=0.00, real=0.00 secs] 
2780.630: [GC (Allocation Failure) [PSYoungGen: 65856K->1344K(65536K)] 451105K->386593K(585216K), 0.0021302 secs] [Times: user=0.01 sys=0.00, real=0.00 secs] 
2781.269: [GC (Allocation Failure) [PSYoungGen: 65344K->1376K(65024K)] 450593K->386625K(584704K), 0.0020972 secs] [Times: user=0.01 sys=0.00, real=0.00 secs] 
2781.825: [GC (Allocation Failure) [PSYoungGen: 64864K->1421K(64512K)] 450113K->386670K(584192K), 0.0019794 secs] [Times: user=0.01 sys=0.00, real=0.01 secs] 
2781.941: [GC (Allocation Failure) [PSYoungGen: 64397K->1501K(64000K)] 449646K->386750K(583680K), 0.0016377 secs] [Times: user=0.00 sys=0.00, real=0.00 secs] 
2782.053: [GC (Allocation Failure) [PSYoungGen: 63965K->1469K(63488K)] 449214K->386718K(583168K), 0.0017433 secs] [Times: user=0.01 sys=0.00, real=0.00 secs] 
2782.162: [GC (Allocation Failure) [PSYoungGen: 63406K->1453K(64000K)] 448655K->386710K(583680K), 0.0017440 secs] [Times: user=0.01 sys=0.00, real=0.00 secs] 
2782.573: [GC (Allocation Failure) [PSYoungGen: 63405K->1424K(62976K)] 448662K->386681K(582656K), 0.0021658 secs] [Times: user=0.01 sys=0.00, real=0.00 secs] 
2783.496: [GC (Allocation Failure) [PSYoungGen: 62864K->1344K(62464K)] 448121K->386601K(582144K), 0.0023755 secs] [Times: user=0.01 sys=0.00, real=0.01 secs] 
2784.088: [GC (Allocation Failure) [PSYoungGen: 62272K->1328K(61952K)] 447529K->386585K(581632K), 0.0025362 secs] [Times: user=0.01 sys=0.00, real=0.00 secs] 
2784.659: [GC (Allocation Failure) [PSYoungGen: 61744K->1344K(61440K)] 447001K->386601K(581120K), 0.0028924 secs] [Times: user=0.02 sys=0.00, real=0.00 secs] 
2785.277: [GC (Allocation Failure) [PSYoungGen: 61248K->1376K(61952K)] 446505K->386633K(581632K), 0.0028155 secs] [Times: user=0.01 sys=0.00, real=0.01 secs] 
2785.637: [GC (Allocation Failure) [PSYoungGen: 61280K->1453K(61952K)] 446537K->386710K(581632K), 0.0020969 secs] [Times: user=0.01 sys=0.00, real=0.00 secs] 
2785.761: [GC (Allocation Failure) [PSYoungGen: 61357K->1453K(61952K)] 446614K->386710K(581632K), 0.0016774 secs] [Times: user=0.01 sys=0.00, real=0.00 secs] 
2785.866: [GC (Allocation Failure) [PSYoungGen: 61357K->1453K(61952K)] 446614K->386726K(581632K), 0.0016481 secs] [Times: user=0.01 sys=0.00, real=0.01 secs] 
2785.972: [GC (Allocation Failure) [PSYoungGen: 61357K->1533K(61952K)] 446630K->386806K(581632K), 0.0017135 secs] [Times: user=0.01 sys=0.00, real=0.00 secs] 
2786.172: [GC (Allocation Failure) [PSYoungGen: 61437K->1424K(68096K)] 446710K->386697K(587776K), 0.0019726 secs] [Times: user=0.01 sys=0.00, real=0.00 secs] 
2786.524: [GC (Allocation Failure) [PSYoungGen: 67472K->1424K(67072K)] 452745K->386713K(586752K), 0.0021218 secs] [Times: user=0.01 sys=0.00, real=0.00 secs] 
2786.858: [GC (Allocation Failure) [PSYoungGen: 66960K->1376K(66560K)] 452249K->386665K(586240K), 0.0019091 secs] [Times: user=0.01 sys=0.00, real=0.00 secs] 
2787.140: [GC (Allocation Failure) [PSYoungGen: 66400K->1376K(66048K)] 451689K->386665K(585728K), 0.0019625 secs] [Times: user=0.00 sys=0.00, real=0.00 secs] 
2787.439: [GC (Allocation Failure) [PSYoungGen: 65709K->256K(65536K)] 450998K->385545K(585216K), 0.0020215 secs] [Times: user=0.01 sys=0.00, real=0.00 secs] 
2787.568: [GC (Allocation Failure) [PSYoungGen: 64256K->1501K(65024K)] 449545K->386790K(584704K), 0.0016844 secs] [Times: user=0.01 sys=0.00, real=0.00 secs] 
2787.679: [GC (Allocation Failure) [PSYoungGen: 64989K->1424K(65536K)] 450278K->386729K(585216K), 0.0015712 secs] [Times: user=0.01 sys=0.00, real=0.00 secs] 
2787.791: [GC (Allocation Failure) [PSYoungGen: 64912K->1501K(65536K)] 450217K->386806K(585216K), 0.0016219 secs] [Times: user=0.01 sys=0.00, real=0.00 secs] 
2787.904: [GC (Allocation Failure) [PSYoungGen: 64989K->1504K(71680K)] 450294K->386809K(591360K), 0.0016959 secs] [Times: user=0.01 sys=0.00, real=0.00 secs] 
2788.305: [GC (Allocation Failure) [PSYoungGen: 71136K->1344K(71680K)] 456441K->386649K(591360K), 0.0021929 secs] [Times: user=0.01 sys=0.00, real=0.01 secs] 
2788.635: [GC (Allocation Failure) [PSYoungGen: 70976K->1376K(70656K)] 456281K->386681K(590336K), 0.0023693 secs] [Times: user=0.01 sys=0.00, real=0.01 secs] 
2788.959: [GC (Allocation Failure) [PSYoungGen: 70496K->1408K(70144K)] 455801K->386713K(589824K), 0.0022785 secs] [Times: user=0.00 sys=0.00, real=0.00 secs] 
2789.246: [GC (Allocation Failure) [PSYoungGen: 70016K->1376K(69632K)] 455321K->386681K(589312K), 0.0029464 secs] [Times: user=0.01 sys=0.00, real=0.01 secs] 
2789.408: [GC (Allocation Failure) [PSYoungGen: 69472K->1453K(69120K)] 454777K->386758K(588800K), 0.0019102 secs] [Times: user=0.01 sys=0.00, real=0.00 secs] 
2789.530: [GC (Allocation Failure) [PSYoungGen: 69037K->1533K(75776K)] 454342K->386838K(595456K), 0.0017048 secs] [Times: user=0.01 sys=0.00, real=0.00 secs] 
2789.684: [GC (Allocation Failure) [PSYoungGen: 75773K->1469K(76288K)] 461078K->386790K(595968K), 0.0019401 secs] [Times: user=0.01 sys=0.00, real=0.00 secs] 
2789.924: [GC (Allocation Failure) [PSYoungGen: 75709K->1504K(83456K)] 461030K->386825K(603136K), 0.0036806 secs] [Times: user=0.02 sys=0.00, real=0.01 secs] 
2790.264: [GC (Allocation Failure) [PSYoungGen: 82912K->1376K(83456K)] 468233K->386697K(603136K), 0.0020395 secs] [Times: user=0.00 sys=0.00, real=0.00 secs] 
2790.603: [GC (Allocation Failure) [PSYoungGen: 82784K->1424K(91136K)] 468105K->386745K(610816K), 0.0047414 secs] [Times: user=0.01 sys=0.01, real=0.01 secs] 
2791.000: [GC (Allocation Failure) [PSYoungGen: 90512K->1344K(89600K)] 475833K->386673K(609280K), 0.0020867 secs] [Times: user=0.00 sys=0.00, real=0.00 secs] 
2791.210: [GC (Allocation Failure) [PSYoungGen: 89408K->1501K(89088K)] 474737K->386830K(608768K), 0.0017110 secs] [Times: user=0.00 sys=0.00, real=0.00 secs] 
2791.392: [GC (Allocation Failure) [PSYoungGen: 89053K->1485K(90112K)] 474382K->386814K(609792K), 0.0022296 secs] [Times: user=0.01 sys=0.00, real=0.00 secs] 
2791.607: [GC (Allocation Failure) [PSYoungGen: 89549K->1581K(97792K)] 474878K->386910K(617472K), 0.0022256 secs] [Times: user=0.00 sys=0.01, real=0.00 secs] 
2792.101: [GC (Allocation Failure) [PSYoungGen: 97325K->1376K(96256K)] 482654K->386705K(615936K), 0.0021988 secs] [Times: user=0.01 sys=0.00, real=0.00 secs] 
2792.516: [GC (Allocation Failure) [PSYoungGen: 96096K->1344K(95232K)] 481425K->386673K(614912K), 0.0021174 secs] [Times: user=0.01 sys=0.00, real=0.01 secs] 
2792.942: [GC (Allocation Failure) [PSYoungGen: 95040K->1376K(94208K)] 480369K->386705K(613888K), 0.0021636 secs] [Times: user=0.00 sys=0.00, real=0.00 secs] 
2793.236: [GC (Allocation Failure) [PSYoungGen: 94048K->1501K(93184K)] 479377K->386830K(612864K), 0.0021866 secs] [Times: user=0.01 sys=0.00, real=0.01 secs] 
2793.460: [GC (Allocation Failure) [PSYoungGen: 93149K->1501K(92160K)] 478478K->386830K(611840K), 0.0024353 secs] [Times: user=0.01 sys=0.00, real=0.00 secs] 
2793.963: [GC (Allocation Failure) [PSYoungGen: 92125K->1408K(91136K)] 477454K->386737K(610816K), 0.0038129 secs] [Times: user=0.02 sys=0.00, real=0.01 secs] 
2795.001: [GC (Allocation Failure) [PSYoungGen: 91008K->1344K(90112K)] 476337K->386673K(609792K), 0.0029304 secs] [Times: user=0.02 sys=0.00, real=0.00 secs] 
2795.920: [GC (Allocation Failure) [PSYoungGen: 89920K->1344K(89088K)] 475249K->386673K(608768K), 0.0035036 secs] [Times: user=0.01 sys=0.00, real=0.00 secs] 
2796.764: [GC (Allocation Failure) [PSYoungGen: 88896K->1405K(88576K)] 474225K->386734K(608256K), 0.0041615 secs] [Times: user=0.01 sys=0.00, real=0.01 secs] 
2797.059: [GC (Allocation Failure) [PSYoungGen: 88445K->1501K(88064K)] 473774K->386830K(607744K), 0.0016591 secs] [Times: user=0.00 sys=0.00, real=0.00 secs] 
2797.212: [GC (Allocation Failure) [PSYoungGen: 88029K->1501K(87552K)] 473358K->386830K(607232K), 0.0018628 secs] [Times: user=0.01 sys=0.00, real=0.00 secs] 
2797.389: [GC (Allocation Failure) [PSYoungGen: 87517K->1344K(87040K)] 472846K->386673K(606720K), 0.0018644 secs] [Times: user=0.01 sys=0.00, real=0.00 secs] 
2798.722: [GC (Allocation Failure) [PSYoungGen: 86848K->1344K(86528K)] 472177K->386673K(606208K), 0.0041098 secs] [Times: user=0.01 sys=0.00, real=0.00 secs] 
2799.852: [GC (Allocation Failure) [PSYoungGen: 86336K->1344K(86016K)] 471665K->386689K(605696K), 0.0025904 secs] [Times: user=0.01 sys=0.00, real=0.00 secs] 
2800.902: [GC (Allocation Failure) [PSYoungGen: 85824K->1360K(85504K)] 471169K->386705K(605184K), 0.0040488 secs] [Times: user=0.02 sys=0.00, real=0.00 secs] 
2801.481: [GC (Allocation Failure) [PSYoungGen: 85328K->1520K(84992K)] 470673K->386865K(604672K), 0.0020835 secs] [Times: user=0.01 sys=0.00, real=0.00 secs] 
2801.646: [GC (Allocation Failure) [PSYoungGen: 84976K->1469K(84480K)] 470321K->386814K(604160K), 0.0018704 secs] [Times: user=0.01 sys=0.00, real=0.01 secs] 
2801.793: [GC (Allocation Failure) [PSYoungGen: 84413K->1485K(83968K)] 469758K->386830K(603648K), 0.0016234 secs] [Times: user=0.00 sys=0.00, real=0.00 secs] 
2802.072: [GC (Allocation Failure) [PSYoungGen: 83917K->1392K(83456K)] 469262K->386737K(603136K), 0.0019883 secs] [Times: user=0.01 sys=0.00, real=0.00 secs] 
2802.470: [GC (Allocation Failure) [PSYoungGen: 83312K->1376K(82944K)] 468657K->386721K(602624K), 0.0018264 secs] [Times: user=0.01 sys=0.00, real=0.00 secs] 
2803.164: [GC (Allocation Failure) [PSYoungGen: 82784K->1344K(82432K)] 468129K->386689K(602112K), 0.0022360 secs] [Times: user=0.01 sys=0.00, real=0.00 secs] 
2803.828: [GC (Allocation Failure) [PSYoungGen: 82240K->1437K(81920K)] 467585K->386782K(601600K), 0.0028379 secs] [Times: user=0.01 sys=0.00, real=0.00 secs] 
2804.034: [GC (Allocation Failure) [PSYoungGen: 81821K->1437K(81408K)] 467166K->386782K(601088K), 0.0016913 secs] [Times: user=0.01 sys=0.00, real=0.00 secs] 
2804.201: [GC (Allocation Failure) [PSYoungGen: 81309K->1533K(80896K)] 466654K->386878K(600576K), 0.0018582 secs] [Times: user=0.01 sys=0.00, real=0.00 secs] 
2804.383: [GC (Allocation Failure) [PSYoungGen: 80893K->1501K(80384K)] 466238K->386846K(600064K), 0.0021840 secs] [Times: user=0.01 sys=0.00, real=0.00 secs] 
2804.730: [GC (Allocation Failure) [PSYoungGen: 80349K->1440K(79872K)] 465694K->386785K(599552K), 0.0020969 secs] [Times: user=0.01 sys=0.00, real=0.00 secs] 
2805.144: [GC (Allocation Failure) [PSYoungGen: 79776K->1376K(79360K)] 465121K->386721K(599040K), 0.0022490 secs] [Times: user=0.01 sys=0.00, real=0.00 secs] 
2805.845: [GC (Allocation Failure) [PSYoungGen: 79200K->1408K(78848K)] 464545K->386753K(598528K), 0.0024574 secs] [Times: user=0.01 sys=0.00, real=0.01 secs] 
2806.402: [GC (Allocation Failure) [PSYoungGen: 78720K->1485K(78336K)] 464065K->386830K(598016K), 0.0024337 secs] [Times: user=0.01 sys=0.00, real=0.00 secs] 
2806.568: [GC (Allocation Failure) [PSYoungGen: 78285K->1485K(77824K)] 463630K->386830K(597504K), 0.0017386 secs] [Times: user=0.01 sys=0.00, real=0.00 secs] 
2806.704: [GC (Allocation Failure) [PSYoungGen: 77773K->1517K(77312K)] 463118K->386878K(596992K), 0.0018061 secs] [Times: user=0.01 sys=0.00, real=0.00 secs] 
2806.839: [GC (Allocation Failure) [PSYoungGen: 77293K->1501K(76800K)] 462654K->386862K(596480K), 0.0017096 secs] [Times: user=0.01 sys=0.00, real=0.00 secs] 
2807.211: [GC (Allocation Failure) [PSYoungGen: 76765K->1440K(76288K)] 462126K->386801K(595968K), 0.0019412 secs] [Times: user=0.00 sys=0.00, real=0.00 secs] 
2807.522: [GC (Allocation Failure) [PSYoungGen: 76192K->1344K(75776K)] 461553K->386705K(595456K), 0.0019894 secs] [Times: user=0.01 sys=0.00, real=0.00 secs] 
2807.830: [GC (Allocation Failure) [PSYoungGen: 75584K->1376K(75264K)] 460945K->386737K(594944K), 0.0021330 secs] [Times: user=0.01 sys=0.00, real=0.00 secs] 
2808.232: [GC (Allocation Failure) [PSYoungGen: 75104K->1424K(74752K)] 460465K->386785K(594432K), 0.0020669 secs] [Times: user=0.01 sys=0.00, real=0.00 secs] 
2808.374: [GC (Allocation Failure) [PSYoungGen: 74640K->1488K(74240K)] 460001K->386849K(593920K), 0.0017296 secs] [Times: user=0.01 sys=0.00, real=0.00 secs] 
2808.503: [GC (Allocation Failure) [PSYoungGen: 74192K->1504K(73728K)] 459553K->386865K(593408K), 0.0016279 secs] [Times: user=0.01 sys=0.00, real=0.00 secs] 
2808.630: [GC (Allocation Failure) [PSYoungGen: 73696K->1485K(78336K)] 459057K->386846K(598016K), 0.0016268 secs] [Times: user=0.01 sys=0.00, real=0.00 secs] 
2809.220: [GC (Allocation Failure) [PSYoungGen: 77773K->1456K(77312K)] 463134K->386817K(596992K), 0.0019459 secs] [Times: user=0.01 sys=0.00, real=0.00 secs] 
2809.970: [GC (Allocation Failure) [PSYoungGen: 77232K->1376K(76800K)] 462593K->386737K(596480K), 0.0041708 secs] [Times: user=0.01 sys=0.00, real=0.00 secs] 
2810.812: [GC (Allocation Failure) [PSYoungGen: 76640K->1344K(76288K)] 462001K->386705K(595968K), 0.0029567 secs] [Times: user=0.01 sys=0.00, real=0.00 secs] 
2811.706: [GC (Allocation Failure) [PSYoungGen: 76096K->1376K(75776K)] 461457K->386737K(595456K), 0.0031172 secs] [Times: user=0.02 sys=0.00, real=0.01 secs] 
2812.088: [GC (Allocation Failure) [PSYoungGen: 75616K->1501K(75264K)] 460977K->386862K(594944K), 0.0019891 secs] [Times: user=0.01 sys=0.00, real=0.00 secs] 
2812.262: [GC (Allocation Failure) [PSYoungGen: 75229K->1501K(74752K)] 460590K->386862K(594432K), 0.0020501 secs] [Times: user=0.00 sys=0.00, real=0.00 secs] 
2812.419: [GC (Allocation Failure) [PSYoungGen: 74717K->1517K(74240K)] 460078K->386878K(593920K), 0.0015881 secs] [Times: user=0.01 sys=0.00, real=0.00 secs] 
2813.678: [GC (Allocation Failure) [PSYoungGen: 74221K->1456K(73728K)] 459582K->386817K(593408K), 0.0041419 secs] [Times: user=0.02 sys=0.00, real=0.00 secs] 
2814.737: [GC (Allocation Failure) [PSYoungGen: 73648K->1360K(73216K)] 459009K->386721K(592896K), 0.0031159 secs] [Times: user=0.01 sys=0.00, real=0.00 secs] 
2815.553: [GC (Allocation Failure) [PSYoungGen: 73040K->1376K(72704K)] 458401K->386737K(592384K), 0.0035058 secs] [Times: user=0.02 sys=0.00, real=0.00 secs] 
2816.231: [GC (Allocation Failure) [PSYoungGen: 72544K->1376K(72192K)] 457905K->386737K(591872K), 0.0027955 secs] [Times: user=0.02 sys=0.00, real=0.00 secs] 
2816.872: [GC (Allocation Failure) [PSYoungGen: 72032K->1453K(71680K)] 457393K->386814K(591360K), 0.0025204 secs] [Times: user=0.01 sys=0.00, real=0.00 secs] 
2817.022: [GC (Allocation Failure) [PSYoungGen: 71597K->1469K(71168K)] 456958K->386830K(590848K), 0.0018750 secs] [Times: user=0.00 sys=0.00, real=0.00 secs] 
2817.145: [GC (Allocation Failure) [PSYoungGen: 71101K->1437K(70656K)] 456462K->386798K(590336K), 0.0018447 secs] [Times: user=0.00 sys=0.00, real=0.01 secs] 
2817.268: [GC (Allocation Failure) [PSYoungGen: 70557K->1469K(70144K)] 455918K->386830K(589824K), 0.0017309 secs] [Times: user=0.01 sys=0.00, real=0.00 secs] 
2817.555: [GC (Allocation Failure) [PSYoungGen: 70077K->1456K(69632K)] 455438K->386817K(589312K), 0.0020269 secs] [Times: user=0.00 sys=0.00, real=0.00 secs] 
2817.899: [GC (Allocation Failure) [PSYoungGen: 69552K->1376K(69120K)] 454913K->386737K(588800K), 0.0019396 secs] [Times: user=0.00 sys=0.00, real=0.00 secs] 
2818.489: [GC (Allocation Failure) [PSYoungGen: 68960K->1376K(68608K)] 454321K->386737K(588288K), 0.0021984 secs] [Times: user=0.01 sys=0.00, real=0.00 secs] 
2819.077: [GC (Allocation Failure) [PSYoungGen: 68448K->1344K(68096K)] 453809K->386729K(587776K), 0.0020330 secs] [Times: user=0.01 sys=0.00, real=0.00 secs] 
2819.457: [GC (Allocation Failure) [PSYoungGen: 67904K->1389K(67584K)] 453289K->386774K(587264K), 0.0019106 secs] [Times: user=0.01 sys=0.00, real=0.00 secs] 
2819.592: [GC (Allocation Failure) [PSYoungGen: 67437K->1421K(67072K)] 452822K->386806K(586752K), 0.0019139 secs] [Times: user=0.01 sys=0.00, real=0.00 secs] 
2819.749: [GC (Allocation Failure) [PSYoungGen: 66957K->1424K(66560K)] 452342K->386809K(586240K), 0.0021939 secs] [Times: user=0.01 sys=0.00, real=0.00 secs] 
2819.901: [GC (Allocation Failure) [PSYoungGen: 66448K->1533K(66048K)] 451833K->386934K(585728K), 0.0018167 secs] [Times: user=0.01 sys=0.00, real=0.00 secs] 
2820.346: [GC (Allocation Failure) [PSYoungGen: 66045K->1392K(65536K)] 451446K->386793K(585216K), 0.0025683 secs] [Times: user=0.01 sys=0.00, real=0.01 secs] 
2820.905: [GC (Allocation Failure) [PSYoungGen: 65392K->1312K(65024K)] 450793K->386713K(584704K), 0.0024999 secs] [Times: user=0.01 sys=0.00, real=0.01 secs] 
2821.453: [GC (Allocation Failure) [PSYoungGen: 64800K->1312K(64512K)] 450201K->386713K(584192K), 0.0027444 secs] [Times: user=0.01 sys=0.00, real=0.00 secs] 
2821.790: [GC (Allocation Failure) [PSYoungGen: 64288K->1376K(64000K)] 449689K->386777K(583680K), 0.0020207 secs] [Times: user=0.01 sys=0.00, real=0.00 secs] 
2822.045: [GC (Allocation Failure) [PSYoungGen: 63840K->1469K(63488K)] 449241K->386870K(583168K), 0.0019919 secs] [Times: user=0.01 sys=0.00, real=0.01 secs] 
2822.159: [GC (Allocation Failure) [PSYoungGen: 63421K->1469K(62976K)] 448822K->386870K(582656K), 0.0015928 secs] [Times: user=0.01 sys=0.00, real=0.00 secs] 
2822.267: [GC (Allocation Failure) [PSYoungGen: 62909K->1485K(66560K)] 448310K->386886K(586240K), 0.0017471 secs] [Times: user=0.00 sys=0.00, real=0.00 secs] 
2822.381: [GC (Allocation Failure) [PSYoungGen: 65997K->1533K(69632K)] 451398K->386942K(589312K), 0.0015927 secs] [Times: user=0.01 sys=0.00, real=0.00 secs] 
2822.912: [GC (Allocation Failure) [PSYoungGen: 69117K->1440K(68608K)] 454526K->386849K(588288K), 0.0027083 secs] [Times: user=0.01 sys=0.00, real=0.00 secs] 
2823.703: [GC (Allocation Failure) [PSYoungGen: 68512K->1376K(68096K)] 453921K->386785K(587776K), 0.0028850 secs] [Times: user=0.01 sys=0.00, real=0.00 secs] 
2824.483: [GC (Allocation Failure) [PSYoungGen: 67936K->1376K(67584K)] 453345K->386785K(587264K), 0.0030544 secs] [Times: user=0.01 sys=0.00, real=0.00 secs] 
2825.168: [GC (Allocation Failure) [PSYoungGen: 67424K->1408K(67072K)] 452833K->386817K(586752K), 0.0030116 secs] [Times: user=0.02 sys=0.00, real=0.00 secs] 
2825.839: [GC (Allocation Failure) [PSYoungGen: 66944K->1376K(66560K)] 452353K->386785K(586240K), 0.0027564 secs] [Times: user=0.01 sys=0.00, real=0.00 secs] 
2826.061: [GC (Allocation Failure) [PSYoungGen: 66377K->1453K(66048K)] 451786K->386862K(585728K), 0.0016040 secs] [Times: user=0.01 sys=0.00, real=0.00 secs] 
2826.176: [GC (Allocation Failure) [PSYoungGen: 65965K->1485K(65536K)] 451374K->386894K(585216K), 0.0016112 secs] [Times: user=0.01 sys=0.00, real=0.01 secs] 
2826.289: [GC (Allocation Failure) [PSYoungGen: 65485K->1485K(65024K)] 450894K->386902K(584704K), 0.0017028 secs] [Times: user=0.00 sys=0.00, real=0.00 secs] 
2826.401: [GC (Allocation Failure) [PSYoungGen: 64973K->1485K(65536K)] 450390K->386902K(585216K), 0.0016610 secs] [Times: user=0.01 sys=0.00, real=0.00 secs] 
2827.571: [GC (Allocation Failure) [PSYoungGen: 64973K->1424K(64512K)] 450390K->386857K(584192K), 0.0055609 secs] [Times: user=0.02 sys=0.00, real=0.01 secs] 
2828.214: [GC (Allocation Failure) [PSYoungGen: 64400K->1328K(64000K)] 449833K->386761K(583680K), 0.0033153 secs] [Times: user=0.01 sys=0.00, real=0.01 secs] 
2828.724: [GC (Allocation Failure) [PSYoungGen: 63792K->1344K(63488K)] 449225K->386777K(583168K), 0.0025297 secs] [Times: user=0.01 sys=0.00, real=0.00 secs] 
2829.009: [GC (Allocation Failure) [PSYoungGen: 63296K->1376K(62976K)] 448729K->386809K(582656K), 0.0021525 secs] [Times: user=0.01 sys=0.00, real=0.00 secs] 
2829.247: [GC (Allocation Failure) [PSYoungGen: 62792K->1437K(62464K)] 448225K->386870K(582144K), 0.0018773 secs] [Times: user=0.01 sys=0.00, real=0.01 secs] 
2829.359: [GC (Allocation Failure) [PSYoungGen: 62365K->1533K(61952K)] 447798K->386966K(581632K), 0.0017279 secs] [Times: user=0.01 sys=0.00, real=0.00 secs] 
2829.482: [GC (Allocation Failure) [PSYoungGen: 61949K->1456K(68096K)] 447382K->386897K(587776K), 0.0019417 secs] [Times: user=0.00 sys=0.00, real=0.00 secs] 
2829.629: [GC (Allocation Failure) [PSYoungGen: 68016K->1456K(68608K)] 453457K->386897K(588288K), 0.0021293 secs] [Times: user=0.01 sys=0.00, real=0.00 secs] 
2829.996: [GC (Allocation Failure) [PSYoungGen: 68016K->1440K(74240K)] 453457K->386881K(593920K), 0.0022216 secs] [Times: user=0.00 sys=0.00, real=0.01 secs] 
2830.752: [GC (Allocation Failure) [PSYoungGen: 74144K->1344K(73728K)] 459585K->386785K(593408K), 0.0027180 secs] [Times: user=0.01 sys=0.00, real=0.00 secs] 
2831.247: [GC (Allocation Failure) [PSYoungGen: 73536K->1376K(73216K)] 458977K->386817K(592896K), 0.0022665 secs] [Times: user=0.01 sys=0.00, real=0.00 secs] 
2831.547: [GC (Allocation Failure) [PSYoungGen: 73056K->1376K(72704K)] 458497K->386817K(592384K), 0.0020501 secs] [Times: user=0.01 sys=0.00, real=0.00 secs] 
2831.815: [GC (Allocation Failure) [PSYoungGen: 72544K->1437K(72192K)] 457985K->386878K(591872K), 0.0020353 secs] [Times: user=0.01 sys=0.00, real=0.01 secs] 
2831.942: [GC (Allocation Failure) [PSYoungGen: 72093K->1517K(71680K)] 457534K->386958K(591360K), 0.0017410 secs] [Times: user=0.01 sys=0.00, real=0.00 secs] 
2832.065: [GC (Allocation Failure) [PSYoungGen: 71661K->1501K(71168K)] 457102K->386942K(590848K), 0.0016964 secs] [Times: user=0.01 sys=0.00, real=0.01 secs] 
2832.189: [GC (Allocation Failure) [PSYoungGen: 71133K->1533K(71680K)] 456574K->386982K(591360K), 0.0017235 secs] [Times: user=0.01 sys=0.00, real=0.00 secs] 
2832.491: [GC (Allocation Failure) [PSYoungGen: 71165K->1408K(70656K)] 456614K->386857K(590336K), 0.0019508 secs] [Times: user=0.00 sys=0.00, real=0.00 secs] 
2833.044: [GC (Allocation Failure) [PSYoungGen: 70528K->1408K(70144K)] 455977K->386857K(589824K), 0.0055011 secs] [Times: user=0.02 sys=0.00, real=0.01 secs] 
2833.751: [GC (Allocation Failure) [PSYoungGen: 70016K->1408K(69632K)] 455465K->386857K(589312K), 0.0024282 secs] [Times: user=0.01 sys=0.00, real=0.00 secs] 
2834.434: [GC (Allocation Failure) [PSYoungGen: 69504K->1408K(69120K)] 454953K->386857K(588800K), 0.0025937 secs] [Times: user=0.01 sys=0.00, real=0.00 secs] 
2834.776: [GC (Allocation Failure) [PSYoungGen: 68992K->1440K(68608K)] 454441K->386889K(588288K), 0.0017513 secs] [Times: user=0.01 sys=0.00, real=0.01 secs] 
2834.915: [GC (Allocation Failure) [PSYoungGen: 68512K->1533K(68096K)] 453961K->386982K(587776K), 0.0020462 secs] [Times: user=0.01 sys=0.00, real=0.01 secs] 
2835.071: [GC (Allocation Failure) [PSYoungGen: 68093K->1501K(67584K)] 453542K->386950K(587264K), 0.0019654 secs] [Times: user=0.01 sys=0.00, real=0.00 secs] 
2835.190: [GC (Allocation Failure) [PSYoungGen: 67549K->1533K(74240K)] 452998K->386990K(593920K), 0.0017756 secs] [Times: user=0.01 sys=0.00, real=0.00 secs] 
2835.802: [GC (Allocation Failure) [PSYoungGen: 74237K->1376K(73728K)] 459694K->386833K(593408K), 0.0033427 secs] [Times: user=0.01 sys=0.00, real=0.00 secs] 
2836.682: [GC (Allocation Failure) [PSYoungGen: 73568K->1312K(73216K)] 459025K->386793K(592896K), 0.0041954 secs] [Times: user=0.02 sys=0.00, real=0.00 secs] 
2837.532: [GC (Allocation Failure) [PSYoungGen: 72992K->1376K(72704K)] 458473K->386857K(592384K), 0.0038016 secs] [Times: user=0.02 sys=0.00, real=0.00 secs] 
2838.140: [GC (Allocation Failure) [PSYoungGen: 72544K->1328K(72192K)] 458025K->386809K(591872K), 0.0029263 secs] [Times: user=0.02 sys=0.00, real=0.00 secs] 
2838.391: [GC (Allocation Failure) [PSYoungGen: 71984K->1469K(71680K)] 457465K->386950K(591360K), 0.0016527 secs] [Times: user=0.01 sys=0.00, real=0.00 secs] 
2838.515: [GC (Allocation Failure) [PSYoungGen: 71613K->1520K(71168K)] 457094K->387001K(590848K), 0.0016238 secs] [Times: user=0.00 sys=0.00, real=0.00 secs] 
2838.637: [GC (Allocation Failure) [PSYoungGen: 71152K->1453K(70656K)] 456633K->386934K(590336K), 0.0017805 secs] [Times: user=0.00 sys=0.00, real=0.00 secs] 
2839.032: [GC (Allocation Failure) [PSYoungGen: 70573K->1440K(70144K)] 456054K->386921K(589824K), 0.0028241 secs] [Times: user=0.01 sys=0.00, real=0.00 secs] 
2840.164: [GC (Allocation Failure) [PSYoungGen: 70048K->1312K(69632K)] 455529K->386793K(589312K), 0.0039135 secs] [Times: user=0.02 sys=0.00, real=0.01 secs] 
2840.862: [GC (Allocation Failure) [PSYoungGen: 69408K->1376K(69120K)] 454889K->386857K(588800K), 0.0031255 secs] [Times: user=0.02 sys=0.00, real=0.00 secs] 
2841.525: [GC (Allocation Failure) [PSYoungGen: 68960K->1344K(68608K)] 454441K->386825K(588288K), 0.0029234 secs] [Times: user=0.01 sys=0.00, real=0.01 secs] 
2842.010: [GC (Allocation Failure) [PSYoungGen: 68416K->1456K(68096K)] 453897K->386937K(587776K), 0.0033265 secs] [Times: user=0.02 sys=0.00, real=0.00 secs] 
2842.202: [GC (Allocation Failure) [PSYoungGen: 68016K->1453K(67584K)] 453497K->386934K(587264K), 0.0016122 secs] [Times: user=0.01 sys=0.00, real=0.00 secs] 
2842.319: [GC (Allocation Failure) [PSYoungGen: 67501K->1501K(67072K)] 452982K->386982K(586752K), 0.0017688 secs] [Times: user=0.01 sys=0.00, real=0.00 secs] 
2842.434: [GC (Allocation Failure) [PSYoungGen: 67009K->1549K(67584K)] 452491K->387030K(587264K), 0.0017126 secs] [Times: user=0.01 sys=0.00, real=0.00 secs] 
2842.600: [GC (Allocation Failure) [PSYoungGen: 67085K->1728K(67584K)] 452566K->387209K(587264K), 0.0019300 secs] [Times: user=0.01 sys=0.00, real=0.00 secs] 
2842.892: [GC (Allocation Failure) [PSYoungGen: 67264K->1408K(66560K)] 452745K->386889K(586240K), 0.0016555 secs] [Times: user=0.01 sys=0.00, real=0.00 secs] 
2843.173: [GC (Allocation Failure) [PSYoungGen: 66432K->1376K(66048K)] 451913K->386857K(585728K), 0.0018377 secs] [Times: user=0.00 sys=0.00, real=0.00 secs] 
2843.517: [GC (Allocation Failure) [PSYoungGen: 65888K->1376K(65536K)] 451369K->386857K(585216K), 0.0017994 secs] [Times: user=0.01 sys=0.01, real=0.00 secs] 
2843.795: [GC (Allocation Failure) [PSYoungGen: 65376K->1376K(65024K)] 450857K->386857K(584704K), 0.0026830 secs] [Times: user=0.01 sys=0.00, real=0.01 secs] 
2843.974: [GC (Allocation Failure) [PSYoungGen: 64864K->1533K(64512K)] 450345K->387014K(584192K), 0.0017353 secs] [Times: user=0.00 sys=0.00, real=0.00 secs] 
2844.085: [GC (Allocation Failure) [PSYoungGen: 64509K->1469K(71168K)] 449990K->386950K(590848K), 0.0016484 secs] [Times: user=0.01 sys=0.00, real=0.00 secs] 
2844.206: [GC (Allocation Failure) [PSYoungGen: 70589K->1533K(71168K)] 456070K->387030K(590848K), 0.0016785 secs] [Times: user=0.01 sys=0.00, real=0.01 secs] 
2844.329: [GC (Allocation Failure) [PSYoungGen: 70653K->1533K(71168K)] 456150K->387030K(590848K), 0.0024307 secs] [Times: user=0.01 sys=0.00, real=0.00 secs] 
2844.904: [GC (Allocation Failure) [PSYoungGen: 70653K->1456K(77312K)] 456150K->386953K(596992K), 0.0020380 secs] [Times: user=0.01 sys=0.00, real=0.00 secs] 
2845.593: [GC (Allocation Failure) [PSYoungGen: 77232K->1392K(76800K)] 462729K->386913K(596480K), 0.0023978 secs] [Times: user=0.01 sys=0.00, real=0.00 secs] 
2846.302: [GC (Allocation Failure) [PSYoungGen: 76656K->1344K(76288K)] 462177K->386865K(595968K), 0.0026444 secs] [Times: user=0.00 sys=0.01, real=0.00 secs] 
2846.971: [GC (Allocation Failure) [PSYoungGen: 76096K->1424K(75776K)] 461617K->386945K(595456K), 0.0034419 secs] [Times: user=0.01 sys=0.00, real=0.00 secs] 
2847.177: [GC (Allocation Failure) [PSYoungGen: 75659K->1533K(75264K)] 461181K->387054K(594944K), 0.0016309 secs] [Times: user=0.01 sys=0.00, real=0.00 secs] 
2847.306: [GC (Allocation Failure) [PSYoungGen: 75261K->1501K(74752K)] 460782K->387022K(594432K), 0.0017287 secs] [Times: user=0.01 sys=0.00, real=0.01 secs] 
2847.436: [GC (Allocation Failure) [PSYoungGen: 74717K->1453K(74240K)] 460238K->386990K(593920K), 0.0017717 secs] [Times: user=0.01 sys=0.00, real=0.01 secs] 
2847.885: [GC (Allocation Failure) [PSYoungGen: 74157K->1376K(73728K)] 459694K->386913K(593408K), 0.0022478 secs] [Times: user=0.01 sys=0.00, real=0.01 secs] 
2848.393: [GC (Allocation Failure) [PSYoungGen: 73568K->1376K(73216K)] 459105K->386913K(592896K), 0.0019603 secs] [Times: user=0.00 sys=0.00, real=0.00 secs] 
2848.691: [GC (Allocation Failure) [PSYoungGen: 73056K->1312K(72704K)] 458593K->386849K(592384K), 0.0022058 secs] [Times: user=0.01 sys=0.00, real=0.00 secs] 
2849.225: [GC (Allocation Failure) [PSYoungGen: 72480K->1376K(72192K)] 458017K->386913K(591872K), 0.0025167 secs] [Times: user=0.01 sys=0.00, real=0.01 secs] 
2849.584: [GC (Allocation Failure) [PSYoungGen: 72032K->1469K(71680K)] 457569K->387006K(591360K), 0.0019770 secs] [Times: user=0.00 sys=0.00, real=0.00 secs] 
2849.711: [GC (Allocation Failure) [PSYoungGen: 71613K->1437K(71168K)] 457150K->386974K(590848K), 0.0017420 secs] [Times: user=0.01 sys=0.00, real=0.00 secs] 
2849.834: [GC (Allocation Failure) [PSYoungGen: 71069K->1469K(70656K)] 456606K->387006K(590336K), 0.0016817 secs] [Times: user=0.01 sys=0.00, real=0.00 secs] 
2849.956: [GC (Allocation Failure) [PSYoungGen: 70589K->1469K(71168K)] 456126K->387006K(590848K), 0.0017341 secs] [Times: user=0.01 sys=0.00, real=0.01 secs] 
2850.627: [GC (Allocation Failure) [PSYoungGen: 70589K->1408K(70144K)] 456126K->386945K(589824K), 0.0021397 secs] [Times: user=0.01 sys=0.00, real=0.00 secs] 
2851.034: [GC (Allocation Failure) [PSYoungGen: 70016K->1344K(69632K)] 455553K->386881K(589312K), 0.0035718 secs] [Times: user=0.01 sys=0.00, real=0.01 secs] 
2851.589: [GC (Allocation Failure) [PSYoungGen: 69440K->1344K(69120K)] 454977K->386881K(588800K), 0.0028128 secs] [Times: user=0.01 sys=0.00, real=0.00 secs] 
2852.249: [GC (Allocation Failure) [PSYoungGen: 68928K->1392K(68608K)] 454465K->386929K(588288K), 0.0025947 secs] [Times: user=0.01 sys=0.00, real=0.00 secs] 
2852.508: [GC (Allocation Failure) [PSYoungGen: 68464K->1501K(68096K)] 454001K->387038K(587776K), 0.0016082 secs] [Times: user=0.01 sys=0.00, real=0.00 secs] 
2852.625: [GC (Allocation Failure) [PSYoungGen: 68061K->1501K(67584K)] 453598K->387038K(587264K), 0.0017403 secs] [Times: user=0.01 sys=0.00, real=0.00 secs] 
2852.741: [GC (Allocation Failure) [PSYoungGen: 67549K->1453K(68096K)] 453086K->386990K(587776K), 0.0017927 secs] [Times: user=0.01 sys=0.00, real=0.00 secs] 
2852.858: [GC (Allocation Failure) [PSYoungGen: 67501K->1488K(74240K)] 453038K->387041K(593920K), 0.0016784 secs] [Times: user=0.01 sys=0.00, real=0.00 secs] 
2853.558: [GC (Allocation Failure) [PSYoungGen: 73680K->1408K(73216K)] 459233K->386969K(592896K), 0.0020651 secs] [Times: user=0.00 sys=0.00, real=0.00 secs] 
2854.180: [GC (Allocation Failure) [PSYoungGen: 73088K->1376K(72704K)] 458649K->386937K(592384K), 0.0030433 secs] [Times: user=0.01 sys=0.00, real=0.00 secs] 
2855.001: [GC (Allocation Failure) [PSYoungGen: 72544K->1408K(72192K)] 458105K->386969K(591872K), 0.0045369 secs] [Times: user=0.01 sys=0.00, real=0.00 secs] 
2855.728: [GC (Allocation Failure) [PSYoungGen: 72064K->272K(71680K)] 457625K->385833K(591360K), 0.0027783 secs] [Times: user=0.00 sys=0.00, real=0.00 secs] 
2855.915: [GC (Allocation Failure) [PSYoungGen: 70416K->1517K(71168K)] 455977K->387078K(590848K), 0.0017997 secs] [Times: user=0.01 sys=0.00, real=0.00 secs] 
2856.037: [GC (Allocation Failure) [PSYoungGen: 71149K->1533K(70656K)] 456710K->387094K(590336K), 0.0017365 secs] [Times: user=0.01 sys=0.00, real=0.00 secs] 
2856.160: [GC (Allocation Failure) [PSYoungGen: 70653K->1517K(71168K)] 456214K->387078K(590848K), 0.0017591 secs] [Times: user=0.01 sys=0.00, real=0.00 secs] 
2856.424: [GC (Allocation Failure) [PSYoungGen: 70637K->1440K(70144K)] 456198K->387009K(589824K), 0.0020159 secs] [Times: user=0.01 sys=0.00, real=0.00 secs] 
2857.049: [GC (Allocation Failure) [PSYoungGen: 70048K->1408K(69632K)] 455617K->386977K(589312K), 0.0022436 secs] [Times: user=0.01 sys=0.00, real=0.00 secs] 
2858.023: [GC (Allocation Failure) [PSYoungGen: 69504K->1344K(69120K)] 455073K->386929K(588800K), 0.0039233 secs] [Times: user=0.01 sys=0.01, real=0.01 secs] 
2859.055: [GC (Allocation Failure) [PSYoungGen: 68928K->1440K(68608K)] 454513K->387025K(588288K), 0.0041651 secs] [Times: user=0.01 sys=0.01, real=0.01 secs] 
2859.794: [GC (Allocation Failure) [PSYoungGen: 68512K->1440K(68096K)] 454097K->387025K(587776K), 0.0025085 secs] [Times: user=0.01 sys=0.00, real=0.01 secs] 
2859.954: [GC (Allocation Failure) [PSYoungGen: 68000K->1517K(67584K)] 453585K->387102K(587264K), 0.0018006 secs] [Times: user=0.00 sys=0.00, real=0.00 secs] 
2860.072: [GC (Allocation Failure) [PSYoungGen: 67565K->1469K(67072K)] 453150K->387054K(586752K), 0.0015850 secs] [Times: user=0.00 sys=0.00, real=0.00 secs] 
2860.189: [GC (Allocation Failure) [PSYoungGen: 67005K->1469K(66560K)] 452590K->387054K(586240K), 0.0017808 secs] [Times: user=0.00 sys=0.00, real=0.00 secs] 
2860.390: [GC (Allocation Failure) [PSYoungGen: 66493K->1472K(66048K)] 452078K->387065K(585728K), 0.0018999 secs] [Times: user=0.01 sys=0.00, real=0.00 secs] 
2860.695: [GC (Allocation Failure) [PSYoungGen: 65984K->1424K(65536K)] 451577K->387017K(585216K), 0.0018891 secs] [Times: user=0.01 sys=0.00, real=0.01 secs] 
2861.001: [GC (Allocation Failure) [PSYoungGen: 65424K->1408K(65024K)] 451017K->387001K(584704K), 0.0017499 secs] [Times: user=0.01 sys=0.00, real=0.00 secs] 
2861.270: [GC (Allocation Failure) [PSYoungGen: 64896K->1408K(64512K)] 450489K->387001K(584192K), 0.0018581 secs] [Times: user=0.01 sys=0.00, real=0.00 secs] 
2861.533: [GC (Allocation Failure) [PSYoungGen: 64384K->1392K(64000K)] 449977K->386985K(583680K), 0.0017356 secs] [Times: user=0.01 sys=0.00, real=0.00 secs] 
2861.696: [GC (Allocation Failure) [PSYoungGen: 63856K->1437K(63488K)] 449449K->387030K(583168K), 0.0017552 secs] [Times: user=0.01 sys=0.00, real=0.01 secs] 
2861.806: [GC (Allocation Failure) [PSYoungGen: 63389K->1504K(62976K)] 448982K->387097K(582656K), 0.0016071 secs] [Times: user=0.00 sys=0.00, real=0.01 secs] 
2861.915: [GC (Allocation Failure) [PSYoungGen: 62944K->1501K(69120K)] 448537K->387110K(588800K), 0.0016815 secs] [Times: user=0.00 sys=0.00, real=0.00 secs] 
2862.035: [GC (Allocation Failure) [PSYoungGen: 69085K->1469K(69632K)] 454694K->387078K(589312K), 0.0016387 secs] [Times: user=0.01 sys=0.00, real=0.00 secs] 
2862.336: [GC (Allocation Failure) [PSYoungGen: 69053K->1456K(69632K)] 454662K->387065K(589312K), 0.0018749 secs] [Times: user=0.01 sys=0.00, real=0.01 secs] 
2862.728: [GC (Allocation Failure) [PSYoungGen: 69040K->1344K(68608K)] 454649K->386953K(588288K), 0.0017403 secs] [Times: user=0.01 sys=0.00, real=0.00 secs] 
2863.007: [GC (Allocation Failure) [PSYoungGen: 68416K->1344K(68096K)] 454025K->386953K(587776K), 0.0019324 secs] [Times: user=0.01 sys=0.00, real=0.01 secs] 
2863.302: [GC (Allocation Failure) [PSYoungGen: 67904K->1376K(67584K)] 453513K->386985K(587264K), 0.0019503 secs] [Times: user=0.01 sys=0.00, real=0.00 secs] 
2863.580: [GC (Allocation Failure) [PSYoungGen: 67424K->1469K(67072K)] 453033K->387078K(586752K), 0.0018326 secs] [Times: user=0.01 sys=0.00, real=0.00 secs] 
2863.700: [GC (Allocation Failure) [PSYoungGen: 67005K->1469K(66560K)] 452614K->387078K(586240K), 0.0020456 secs] [Times: user=0.01 sys=0.00, real=0.00 secs] 
2863.819: [GC (Allocation Failure) [PSYoungGen: 66493K->1488K(73728K)] 452102K->387105K(593408K), 0.0016180 secs] [Times: user=0.01 sys=0.00, real=0.00 secs] 
2863.947: [GC (Allocation Failure) [PSYoungGen: 73168K->1533K(73728K)] 458785K->387150K(593408K), 0.0016504 secs] [Times: user=0.00 sys=0.00, real=0.00 secs] 
2864.543: [GC (Allocation Failure) [PSYoungGen: 73213K->1440K(72704K)] 458830K->387057K(592384K), 0.0019026 secs] [Times: user=0.01 sys=0.00, real=0.00 secs] 
2864.886: [GC (Allocation Failure) [PSYoungGen: 72608K->1312K(72192K)] 458225K->386945K(591872K), 0.0034903 secs] [Times: user=0.01 sys=0.00, real=0.01 secs] 
2865.182: [GC (Allocation Failure) [PSYoungGen: 71968K->1312K(71680K)] 457601K->386945K(591360K), 0.0029380 secs] [Times: user=0.01 sys=0.00, real=0.00 secs] 
2865.483: [GC (Allocation Failure) [PSYoungGen: 71456K->1360K(71168K)] 457089K->386993K(590848K), 0.0023392 secs] [Times: user=0.01 sys=0.00, real=0.00 secs] 
2865.677: [GC (Allocation Failure) [PSYoungGen: 70992K->1488K(70656K)] 456625K->387121K(590336K), 0.0016787 secs] [Times: user=0.00 sys=0.00, real=0.00 secs] 
2865.800: [GC (Allocation Failure) [PSYoungGen: 70608K->1504K(70144K)] 456241K->387137K(589824K), 0.0016053 secs] [Times: user=0.00 sys=0.00, real=0.00 secs] 
2865.920: [GC (Allocation Failure) [PSYoungGen: 70106K->1456K(70656K)] 455740K->387089K(590336K), 0.0016073 secs] [Times: user=0.01 sys=0.00, real=0.00 secs] 
2866.041: [GC (Allocation Failure) [PSYoungGen: 69360K->256K(77312K)] 454993K->385897K(596992K), 0.0016087 secs] [Times: user=0.01 sys=0.00, real=0.00 secs] 
2866.797: [GC (Allocation Failure) [PSYoungGen: 75520K->1344K(76288K)] 461161K->386985K(595968K), 0.0021835 secs] [Times: user=0.01 sys=0.00, real=0.00 secs] 
2867.480: [GC (Allocation Failure) [PSYoungGen: 76096K->1312K(75776K)] 461737K->386953K(595456K), 0.0036846 secs] [Times: user=0.01 sys=0.00, real=0.00 secs] 
2868.121: [GC (Allocation Failure) [PSYoungGen: 75552K->1312K(75264K)] 461193K->386953K(594944K), 0.0033952 secs] [Times: user=0.01 sys=0.00, real=0.00 secs] 
2868.488: [GC (Allocation Failure) [PSYoungGen: 75040K->1469K(74752K)] 460681K->387110K(594432K), 0.0020384 secs] [Times: user=0.01 sys=0.00, real=0.00 secs] 
2868.625: [GC (Allocation Failure) [PSYoungGen: 74685K->1453K(74240K)] 460326K->387094K(593920K), 0.0017332 secs] [Times: user=0.01 sys=0.00, real=0.01 secs] 
2868.755: [GC (Allocation Failure) [PSYoungGen: 74157K->1501K(73728K)] 459798K->387142K(593408K), 0.0017614 secs] [Times: user=0.00 sys=0.00, real=0.00 secs] 
2868.883: [GC (Allocation Failure) [PSYoungGen: 73693K->1469K(74240K)] 459334K->387110K(593920K), 0.0017203 secs] [Times: user=0.01 sys=0.00, real=0.00 secs] 
2869.314: [GC (Allocation Failure) [PSYoungGen: 73661K->1424K(73216K)] 459302K->387065K(592896K), 0.0019666 secs] [Times: user=0.01 sys=0.00, real=0.00 secs] 
2869.613: [GC (Allocation Failure) [PSYoungGen: 73104K->1376K(72704K)] 458745K->387017K(592384K), 0.0020314 secs] [Times: user=0.01 sys=0.00, real=0.00 secs] 
2869.909: [GC (Allocation Failure) [PSYoungGen: 72544K->1376K(72192K)] 458185K->387017K(591872K), 0.0024843 secs] [Times: user=0.01 sys=0.00, real=0.00 secs] 
2870.214: [GC (Allocation Failure) [PSYoungGen: 72032K->1312K(71680K)] 457673K->386953K(591360K), 0.0021291 secs] [Times: user=0.01 sys=0.00, real=0.00 secs] 
2870.418: [GC (Allocation Failure) [PSYoungGen: 71456K->1472K(71168K)] 457097K->387113K(590848K), 0.0016705 secs] [Times: user=0.00 sys=0.00, real=0.00 secs] 
2870.541: [GC (Allocation Failure) [PSYoungGen: 71104K->1533K(70656K)] 456745K->387174K(590336K), 0.0017121 secs] [Times: user=0.01 sys=0.01, real=0.00 secs] 
2870.664: [GC (Allocation Failure) [PSYoungGen: 70653K->1501K(77312K)] 456294K->387142K(596992K), 0.0016553 secs] [Times: user=0.01 sys=0.00, real=0.00 secs] 
2871.144: [GC (Allocation Failure) [PSYoungGen: 77277K->1952K(77312K)] 462918K->387593K(596992K), 0.0032828 secs] [Times: user=0.01 sys=0.00, real=0.01 secs] 
2872.654: [GC (Allocation Failure) [PSYoungGen: 77216K->1360K(76288K)] 462857K->387001K(595968K), 0.0028955 secs] [Times: user=0.01 sys=0.00, real=0.01 secs] 
2873.351: [GC (Allocation Failure) [PSYoungGen: 76112K->1376K(75776K)] 461753K->387017K(595456K), 0.0027831 secs] [Times: user=0.01 sys=0.00, real=0.00 secs] 
2874.228: [GC (Allocation Failure) [PSYoungGen: 75616K->1376K(75264K)] 461257K->387017K(594944K), 0.0028157 secs] [Times: user=0.02 sys=0.00, real=0.00 secs] 
2874.888: [GC (Allocation Failure) [PSYoungGen: 75104K->1469K(74752K)] 460745K->387110K(594432K), 0.0038749 secs] [Times: user=0.01 sys=0.00, real=0.00 secs] 
2875.082: [GC (Allocation Failure) [PSYoungGen: 74668K->1437K(74240K)] 460309K->387078K(593920K), 0.0017337 secs] [Times: user=0.01 sys=0.00, real=0.00 secs] 
2875.211: [GC (Allocation Failure) [PSYoungGen: 74141K->1469K(73728K)] 459782K->387110K(593408K), 0.0016765 secs] [Times: user=0.01 sys=0.00, real=0.00 secs] 
2875.337: [GC (Allocation Failure) [PSYoungGen: 73661K->1485K(73216K)] 459302K->387126K(592896K), 0.0016094 secs] [Times: user=0.01 sys=0.00, real=0.00 secs] 
2875.797: [GC (Allocation Failure) [PSYoungGen: 73165K->1424K(72704K)] 458806K->387065K(592384K), 0.0030188 secs] [Times: user=0.01 sys=0.00, real=0.00 secs] 
2876.702: [GC (Allocation Failure) [PSYoungGen: 72592K->1376K(72192K)] 458233K->387017K(591872K), 0.0029038 secs] [Times: user=0.01 sys=0.01, real=0.00 secs] 
2877.764: [GC (Allocation Failure) [PSYoungGen: 72032K->1376K(71680K)] 457673K->387017K(591360K), 0.0036395 secs] [Times: user=0.02 sys=0.00, real=0.01 secs] 
2878.858: [GC (Allocation Failure) [PSYoungGen: 71520K->1376K(71168K)] 457161K->387017K(590848K), 0.0038010 secs] [Times: user=0.01 sys=0.00, real=0.00 secs] 
2879.516: [GC (Allocation Failure) [PSYoungGen: 71008K->1453K(70656K)] 456649K->387094K(590336K), 0.0125502 secs] [Times: user=0.06 sys=0.00, real=0.02 secs] 
2879.665: [GC (Allocation Failure) [PSYoungGen: 70573K->1469K(70144K)] 456214K->387110K(589824K), 0.0017529 secs] [Times: user=0.01 sys=0.01, real=0.01 secs] 
2879.805: [GC (Allocation Failure) [PSYoungGen: 70075K->1517K(71168K)] 455717K->387158K(590848K), 0.0019900 secs] [Times: user=0.01 sys=0.00, real=0.01 secs] 
2880.135: [GC (Allocation Failure) [PSYoungGen: 70637K->1728K(70656K)] 456278K->387369K(590336K), 0.0020632 secs] [Times: user=0.01 sys=0.00, real=0.01 secs] 
2880.562: [GC (Allocation Failure) [PSYoungGen: 70336K->1376K(69632K)] 455977K->387033K(589312K), 0.0021985 secs] [Times: user=0.01 sys=0.00, real=0.00 secs] 
2881.162: [GC (Allocation Failure) [PSYoungGen: 69472K->320K(68096K)] 455129K->387001K(587776K), 0.0036706 secs] [Times: user=0.02 sys=0.00, real=0.00 secs] 
2882.213: [GC (Allocation Failure) [PSYoungGen: 67904K->352K(69120K)] 454585K->387033K(588800K), 0.0042983 secs] [Times: user=0.02 sys=0.00, real=0.01 secs] 
2883.101: [GC (Allocation Failure) [PSYoungGen: 67424K->352K(67072K)] 454105K->387033K(586752K), 0.0039037 secs] [Times: user=0.02 sys=0.00, real=0.00 secs] 
2883.370: [GC (Allocation Failure) [PSYoungGen: 66912K->1469K(68608K)] 453593K->388150K(588288K), 0.0020607 secs] [Times: user=0.01 sys=0.00, real=0.00 secs] 
2883.495: [GC (Allocation Failure) [PSYoungGen: 67517K->1581K(67584K)] 454198K->388262K(587264K), 0.0017962 secs] [Times: user=0.00 sys=0.00, real=0.01 secs] 
2883.613: [GC (Allocation Failure) [PSYoungGen: 67117K->1469K(66560K)] 453798K->388150K(586240K), 0.0017102 secs] [Times: user=0.00 sys=0.00, real=0.00 secs] 
2883.728: [GC (Allocation Failure) [PSYoungGen: 66493K->1501K(71168K)] 453174K->388190K(590848K), 0.0017428 secs] [Times: user=0.01 sys=0.00, real=0.00 secs] 
2884.155: [GC (Allocation Failure) [PSYoungGen: 70621K->1408K(70144K)] 457310K->388097K(589824K), 0.0020611 secs] [Times: user=0.01 sys=0.00, real=0.01 secs] 
2884.741: [GC (Allocation Failure) [PSYoungGen: 70016K->1376K(70144K)] 456705K->388065K(589824K), 0.0022518 secs] [Times: user=0.01 sys=0.00, real=0.00 secs] 
2885.307: [GC (Allocation Failure) [PSYoungGen: 69472K->1344K(69120K)] 456161K->388033K(588800K), 0.0024857 secs] [Times: user=0.01 sys=0.00, real=0.01 secs] 
2885.821: [GC (Allocation Failure) [PSYoungGen: 68928K->1376K(68608K)] 455617K->388065K(588288K), 0.0023363 secs] [Times: user=0.01 sys=0.00, real=0.00 secs] 
2886.138: [GC (Allocation Failure) [PSYoungGen: 68448K->1469K(68096K)] 455137K->388158K(587776K), 0.0017521 secs] [Times: user=0.01 sys=0.00, real=0.00 secs] 
2886.272: [GC (Allocation Failure) [PSYoungGen: 68029K->1501K(67584K)] 454718K->388190K(587264K), 0.0018690 secs] [Times: user=0.01 sys=0.00, real=0.00 secs] 
2886.419: [GC (Allocation Failure) [PSYoungGen: 67549K->1469K(67072K)] 454238K->388174K(586752K), 0.0019540 secs] [Times: user=0.01 sys=0.00, real=0.00 secs] 
2886.577: [GC (Allocation Failure) [PSYoungGen: 67005K->1501K(66560K)] 453710K->388206K(586240K), 0.0020855 secs] [Times: user=0.01 sys=0.00, real=0.00 secs] 
2887.413: [GC (Allocation Failure) [PSYoungGen: 66525K->1376K(66048K)] 453230K->388081K(585728K), 0.0034326 secs] [Times: user=0.02 sys=0.00, real=0.00 secs] 
2888.066: [GC (Allocation Failure) [PSYoungGen: 65888K->1344K(65536K)] 452593K->388073K(585216K), 0.0030266 secs] [Times: user=0.01 sys=0.00, real=0.01 secs] 
2888.363: [GC (Allocation Failure) [PSYoungGen: 65344K->1408K(65024K)] 452073K->388137K(584704K), 0.0021299 secs] [Times: user=0.01 sys=0.00, real=0.00 secs] 
2888.729: [GC (Allocation Failure) [PSYoungGen: 64896K->1376K(64512K)] 451625K->388105K(584192K), 0.0021331 secs] [Times: user=0.01 sys=0.01, real=0.00 secs] 
2888.941: [GC (Allocation Failure) [PSYoungGen: 64352K->1485K(64000K)] 451081K->388214K(583680K), 0.0016333 secs] [Times: user=0.01 sys=0.00, real=0.00 secs] 
2889.052: [GC (Allocation Failure) [PSYoungGen: 63949K->1437K(63488K)] 450678K->388166K(583168K), 0.0015920 secs] [Times: user=0.00 sys=0.00, real=0.00 secs] 
2889.160: [GC (Allocation Failure) [PSYoungGen: 63389K->1501K(64000K)] 450118K->388230K(583680K), 0.0016184 secs] [Times: user=0.01 sys=0.00, real=0.00 secs] 
2889.270: [GC (Allocation Failure) [PSYoungGen: 63453K->1517K(70144K)] 450182K->388254K(589824K), 0.0018036 secs] [Times: user=0.01 sys=0.00, real=0.00 secs] 
2889.910: [GC (Allocation Failure) [PSYoungGen: 69613K->1424K(69120K)] 456350K->388161K(588800K), 0.0025609 secs] [Times: user=0.01 sys=0.01, real=0.00 secs] 
2891.357: [GC (Allocation Failure) [PSYoungGen: 69008K->1376K(68608K)] 455745K->388113K(588288K), 0.0043049 secs] [Times: user=0.02 sys=0.00, real=0.00 secs] 
2892.728: [GC (Allocation Failure) [PSYoungGen: 68448K->1344K(68096K)] 455185K->388081K(587776K), 0.0041459 secs] [Times: user=0.01 sys=0.00, real=0.00 secs] 
2893.637: [GC (Allocation Failure) [PSYoungGen: 67904K->1344K(67584K)] 454641K->388081K(587264K), 0.0030401 secs] [Times: user=0.01 sys=0.00, real=0.00 secs] 
2894.245: [GC (Allocation Failure) [PSYoungGen: 67377K->1437K(67072K)] 454115K->388174K(586752K), 0.0030230 secs] [Times: user=0.01 sys=0.00, real=0.01 secs] 
2894.429: [GC (Allocation Failure) [PSYoungGen: 66973K->1456K(66560K)] 453710K->388193K(586240K), 0.0017121 secs] [Times: user=0.01 sys=0.00, real=0.00 secs] 
2894.548: [GC (Allocation Failure) [PSYoungGen: 66480K->1469K(66048K)] 453217K->388206K(585728K), 0.0015981 secs] [Times: user=0.01 sys=0.00, real=0.00 secs] 
2894.665: [GC (Allocation Failure) [PSYoungGen: 65981K->1485K(65536K)] 452718K->388230K(585216K), 0.0018093 secs] [Times: user=0.01 sys=0.00, real=0.00 secs] 
2894.989: [GC (Allocation Failure) [PSYoungGen: 65485K->1472K(65024K)] 452230K->388225K(584704K), 0.0023177 secs] [Times: user=0.01 sys=0.00, real=0.00 secs] 
2895.722: [GC (Allocation Failure) [PSYoungGen: 64960K->1376K(64512K)] 451713K->388129K(584192K), 0.0028630 secs] [Times: user=0.01 sys=0.00, real=0.00 secs] 
2896.557: [GC (Allocation Failure) [PSYoungGen: 64352K->1344K(64000K)] 451105K->388097K(583680K), 0.0033838 secs] [Times: user=0.01 sys=0.00, real=0.01 secs] 
2897.661: [GC (Allocation Failure) [PSYoungGen: 63808K->1328K(63488K)] 450561K->388081K(583168K), 0.0031819 secs] [Times: user=0.01 sys=0.00, real=0.00 secs] 
2898.567: [GC (Allocation Failure) [PSYoungGen: 63280K->1360K(62976K)] 450033K->388113K(582656K), 0.0035687 secs] [Times: user=0.02 sys=0.00, real=0.00 secs] 
2898.835: [GC (Allocation Failure) [PSYoungGen: 62800K->1469K(62464K)] 449553K->388222K(582144K), 0.0022635 secs] [Times: user=0.01 sys=0.00, real=0.01 secs] 
2898.955: [GC (Allocation Failure) [PSYoungGen: 62397K->1501K(61952K)] 449150K->388254K(581632K), 0.0017254 secs] [Times: user=0.01 sys=0.00, real=0.01 secs] 
2899.063: [GC (Allocation Failure) [PSYoungGen: 61917K->1469K(61440K)] 448670K->388238K(581120K), 0.0017555 secs] [Times: user=0.01 sys=0.00, real=0.00 secs] 
2899.168: [GC (Allocation Failure) [PSYoungGen: 61373K->1437K(61952K)] 448142K->388222K(581632K), 0.0016525 secs] [Times: user=0.01 sys=0.00, real=0.00 secs] 
2899.394: [GC (Allocation Failure) [PSYoungGen: 61341K->1440K(68096K)] 448126K->388225K(587776K), 0.0019867 secs] [Times: user=0.00 sys=0.00, real=0.00 secs] 
2899.738: [GC (Allocation Failure) [PSYoungGen: 67488K->1408K(67072K)] 454273K->388193K(586752K), 0.0021594 secs] [Times: user=0.01 sys=0.00, real=0.00 secs] 
2900.030: [GC (Allocation Failure) [PSYoungGen: 66944K->1376K(66560K)] 453729K->388161K(586240K), 0.0019044 secs] [Times: user=0.01 sys=0.01, real=0.00 secs] 
2900.410: [GC (Allocation Failure) [PSYoungGen: 66400K->1376K(66048K)] 453185K->388161K(585728K), 0.0019096 secs] [Times: user=0.01 sys=0.00, real=0.00 secs] 
2900.883: [GC (Allocation Failure) [PSYoungGen: 65888K->1392K(65536K)] 452673K->388177K(585216K), 0.0021348 secs] [Times: user=0.01 sys=0.00, real=0.00 secs] 
2901.014: [GC (Allocation Failure) [PSYoungGen: 65392K->1533K(65024K)] 452177K->388318K(584704K), 0.0018151 secs] [Times: user=0.01 sys=0.00, real=0.00 secs] 
2901.128: [GC (Allocation Failure) [PSYoungGen: 65021K->1453K(65536K)] 451806K->388246K(585216K), 0.0018192 secs] [Times: user=0.00 sys=0.00, real=0.00 secs] 
2901.242: [GC (Allocation Failure) [PSYoungGen: 64941K->1485K(65536K)] 451734K->388278K(585216K), 0.0018003 secs] [Times: user=0.01 sys=0.00, real=0.00 secs] 
2901.498: [GC (Allocation Failure) [PSYoungGen: 64973K->1984K(71680K)] 451766K->388777K(591360K), 0.0021132 secs] [Times: user=0.01 sys=0.00, real=0.00 secs] 
2902.180: [GC (Allocation Failure) [PSYoungGen: 71616K->1376K(70656K)] 458409K->388169K(590336K), 0.0023835 secs] [Times: user=0.01 sys=0.00, real=0.00 secs] 
2902.520: [GC (Allocation Failure) [PSYoungGen: 70496K->1344K(70144K)] 457289K->388137K(589824K), 0.0021194 secs] [Times: user=0.01 sys=0.00, real=0.00 secs] 
2902.847: [GC (Allocation Failure) [PSYoungGen: 69952K->1376K(69632K)] 456745K->388169K(589312K), 0.0022462 secs] [Times: user=0.01 sys=0.00, real=0.00 secs] 
2903.157: [GC (Allocation Failure) [PSYoungGen: 69472K->1469K(69120K)] 456265K->388262K(588800K), 0.0020713 secs] [Times: user=0.01 sys=0.00, real=0.01 secs] 
2903.288: [GC (Allocation Failure) [PSYoungGen: 69053K->1485K(68608K)] 455846K->388278K(588288K), 0.0016983 secs] [Times: user=0.01 sys=0.00, real=0.00 secs] 
2903.425: [GC (Allocation Failure) [PSYoungGen: 68557K->1453K(68096K)] 455350K->388246K(587776K), 0.0019227 secs] [Times: user=0.01 sys=0.00, real=0.01 secs] 
2903.577: [GC (Allocation Failure) [PSYoungGen: 68013K->1485K(69120K)] 454806K->388294K(588800K), 0.0021467 secs] [Times: user=0.01 sys=0.00, real=0.00 secs] 
2903.920: [GC (Allocation Failure) [PSYoungGen: 68557K->1472K(75264K)] 455366K->388281K(594944K), 0.0031487 secs] [Times: user=0.01 sys=0.00, real=0.00 secs] 
2904.650: [GC (Allocation Failure) [PSYoungGen: 74688K->1344K(74240K)] 461497K->388153K(593920K), 0.0031732 secs] [Times: user=0.02 sys=0.00, real=0.00 secs] 
2905.546: [GC (Allocation Failure) [PSYoungGen: 74048K->1408K(73728K)] 460857K->388217K(593408K), 0.0039922 secs] [Times: user=0.02 sys=0.00, real=0.01 secs] 
2906.335: [GC (Allocation Failure) [PSYoungGen: 73600K->1376K(73216K)] 460409K->388185K(592896K), 0.0030716 secs] [Times: user=0.01 sys=0.01, real=0.01 secs] 
2906.880: [GC (Allocation Failure) [PSYoungGen: 73056K->1469K(72704K)] 459865K->388278K(592384K), 0.0024783 secs] [Times: user=0.01 sys=0.00, real=0.00 secs] 
2907.054: [GC (Allocation Failure) [PSYoungGen: 72637K->1469K(72192K)] 459446K->388278K(591872K), 0.0016973 secs] [Times: user=0.00 sys=0.00, real=0.00 secs] 
2907.180: [GC (Allocation Failure) [PSYoungGen: 72125K->1501K(71680K)] 458934K->388310K(591360K), 0.0018129 secs] [Times: user=0.01 sys=0.00, real=0.00 secs] 
2907.303: [GC (Allocation Failure) [PSYoungGen: 71645K->1517K(71168K)] 458454K->388350K(590848K), 0.0017922 secs] [Times: user=0.01 sys=0.00, real=0.00 secs] 
2907.632: [GC (Allocation Failure) [PSYoungGen: 71149K->1424K(70656K)] 457982K->388257K(590336K), 0.0020991 secs] [Times: user=0.00 sys=0.00, real=0.00 secs] 
2907.939: [GC (Allocation Failure) [PSYoungGen: 70544K->1344K(70144K)] 457377K->388177K(589824K), 0.0019598 secs] [Times: user=0.01 sys=0.00, real=0.00 secs] 
2908.479: [GC (Allocation Failure) [PSYoungGen: 69952K->1344K(69632K)] 456785K->388177K(589312K), 0.0022879 secs] [Times: user=0.01 sys=0.00, real=0.00 secs] 
2909.106: [GC (Allocation Failure) [PSYoungGen: 69440K->1376K(69120K)] 456273K->388209K(588800K), 0.0026836 secs] [Times: user=0.01 sys=0.00, real=0.01 secs] 
2909.504: [GC (Allocation Failure) [PSYoungGen: 68960K->1469K(68608K)] 455793K->388302K(588288K), 0.0020348 secs] [Times: user=0.01 sys=0.00, real=0.00 secs] 
2909.632: [GC (Allocation Failure) [PSYoungGen: 68541K->1533K(68096K)] 455374K->388366K(587776K), 0.0017213 secs] [Times: user=0.00 sys=0.00, real=0.00 secs] 
2909.767: [GC (Allocation Failure) [PSYoungGen: 68093K->1469K(67584K)] 454926K->388302K(587264K), 0.0019518 secs] [Times: user=0.01 sys=0.00, real=0.01 secs] 
2909.911: [GC (Allocation Failure) [PSYoungGen: 67517K->1469K(67072K)] 454350K->388310K(586752K), 0.0017909 secs] [Times: user=0.01 sys=0.00, real=0.00 secs] 
2910.362: [GC (Allocation Failure) [PSYoungGen: 67005K->1408K(66560K)] 453846K->388249K(586240K), 0.0023593 secs] [Times: user=0.01 sys=0.00, real=0.00 secs] 
2910.930: [GC (Allocation Failure) [PSYoungGen: 66432K->1344K(66048K)] 453273K->388185K(585728K), 0.0027385 secs] [Times: user=0.01 sys=0.00, real=0.00 secs] 
2911.326: [GC (Allocation Failure) [PSYoungGen: 65856K->1376K(65536K)] 452697K->388217K(585216K), 0.0021668 secs] [Times: user=0.01 sys=0.00, real=0.01 secs] 
2911.597: [GC (Allocation Failure) [PSYoungGen: 65376K->1312K(65024K)] 452217K->388153K(584704K), 0.0033065 secs] [Times: user=0.01 sys=0.00, real=0.00 secs] 
2911.888: [GC (Allocation Failure) [PSYoungGen: 64800K->1421K(64512K)] 451641K->388262K(584192K), 0.0028382 secs] [Times: user=0.01 sys=0.00, real=0.00 secs] 
2912.054: [GC (Allocation Failure) [PSYoungGen: 64397K->1469K(64000K)] 451238K->388310K(583680K), 0.0017042 secs] [Times: user=0.00 sys=0.00, real=0.00 secs] 
2912.164: [GC (Allocation Failure) [PSYoungGen: 63933K->1501K(64512K)] 450774K->388342K(584192K), 0.0017728 secs] [Times: user=0.00 sys=0.00, real=0.00 secs] 
2912.276: [GC (Allocation Failure) [PSYoungGen: 63965K->1469K(64512K)] 450806K->388318K(584192K), 0.0016995 secs] [Times: user=0.01 sys=0.00, real=0.01 secs] 
2912.611: [GC (Allocation Failure) [PSYoungGen: 63933K->1504K(70144K)] 450782K->388353K(589824K), 0.0021217 secs] [Times: user=0.01 sys=0.01, real=0.00 secs] 
2913.669: [GC (Allocation Failure) [PSYoungGen: 70112K->1392K(69632K)] 456961K->388241K(589312K), 0.0034229 secs] [Times: user=0.01 sys=0.00, real=0.00 secs] 
2914.088: [GC (Allocation Failure) [PSYoungGen: 69488K->1344K(69120K)] 456337K->388193K(588800K), 0.0028393 secs] [Times: user=0.01 sys=0.00, real=0.00 secs] 
2914.594: [GC (Allocation Failure) [PSYoungGen: 68928K->1376K(68608K)] 455777K->388225K(588288K), 0.0029426 secs] [Times: user=0.01 sys=0.00, real=0.01 secs] 
2915.089: [GC (Allocation Failure) [PSYoungGen: 68448K->1469K(68096K)] 455297K->388318K(587776K), 0.0027578 secs] [Times: user=0.02 sys=0.00, real=0.00 secs] 
2915.261: [GC (Allocation Failure) [PSYoungGen: 68029K->1517K(67584K)] 454878K->388366K(587264K), 0.0017733 secs] [Times: user=0.00 sys=0.00, real=0.00 secs] 
2915.379: [GC (Allocation Failure) [PSYoungGen: 67565K->1488K(67072K)] 454414K->388337K(586752K), 0.0016602 secs] [Times: user=0.01 sys=0.00, real=0.00 secs] 
2915.498: [GC (Allocation Failure) [PSYoungGen: 67024K->1485K(67584K)] 453873K->388342K(587264K), 0.0016466 secs] [Times: user=0.01 sys=0.00, real=0.00 secs] 
2915.734: [GC (Allocation Failure) [PSYoungGen: 67021K->1984K(67072K)] 453878K->388841K(586752K), 0.0020851 secs] [Times: user=0.01 sys=0.01, real=0.00 secs] 
2916.871: [GC (Allocation Failure) [PSYoungGen: 67008K->1408K(66048K)] 453865K->388289K(585728K), 0.0048612 secs] [Times: user=0.02 sys=0.01, real=0.00 secs] 
2917.886: [GC (Allocation Failure) [PSYoungGen: 65920K->352K(64512K)] 452801K->388257K(584192K), 0.0043671 secs] [Times: user=0.02 sys=0.00, real=0.01 secs] 
2918.839: [GC (Allocation Failure) [PSYoungGen: 64352K->384K(64000K)] 452257K->388289K(583680K), 0.0031396 secs] [Times: user=0.02 sys=0.00, real=0.00 secs] 
2919.397: [GC (Allocation Failure) [PSYoungGen: 63872K->352K(63488K)] 451777K->388257K(583168K), 0.0026365 secs] [Times: user=0.01 sys=0.00, real=0.00 secs] 
2919.671: [GC (Allocation Failure) [PSYoungGen: 63328K->1453K(65024K)] 451233K->389358K(584704K), 0.0020392 secs] [Times: user=0.00 sys=0.00, real=0.00 secs] 
2919.784: [GC (Allocation Failure) [PSYoungGen: 63917K->1485K(63488K)] 451822K->389390K(583168K), 0.0018292 secs] [Times: user=0.01 sys=0.00, real=0.00 secs] 
2919.893: [GC (Allocation Failure) [PSYoungGen: 63437K->1485K(68096K)] 451342K->389406K(587776K), 0.0017316 secs] [Times: user=0.01 sys=0.00, real=0.00 secs] 
2920.009: [GC (Allocation Failure) [PSYoungGen: 67015K->1485K(70656K)] 454936K->389406K(590336K), 0.0018119 secs] [Times: user=0.01 sys=0.00, real=0.00 secs] 
2920.560: [GC (Allocation Failure) [PSYoungGen: 69581K->1408K(69120K)] 457502K->389329K(588800K), 0.0023832 secs] [Times: user=0.01 sys=0.00, real=0.00 secs] 
2921.358: [GC (Allocation Failure) [PSYoungGen: 68992K->1408K(69120K)] 456913K->389329K(588800K), 0.0031080 secs] [Times: user=0.01 sys=0.00, real=0.00 secs] 
2921.956: [GC (Allocation Failure) [PSYoungGen: 68480K->1344K(68096K)] 456401K->389265K(587776K), 0.0029983 secs] [Times: user=0.01 sys=0.00, real=0.01 secs] 
2922.507: [GC (Allocation Failure) [PSYoungGen: 67904K->1376K(67584K)] 455825K->389297K(587264K), 0.0024100 secs] [Times: user=0.01 sys=0.00, real=0.01 secs] 
2922.955: [GC (Allocation Failure) [PSYoungGen: 67424K->1437K(67072K)] 455345K->389358K(586752K), 0.0026278 secs] [Times: user=0.01 sys=0.00, real=0.01 secs] 
2923.148: [GC (Allocation Failure) [PSYoungGen: 66973K->1456K(66560K)] 454894K->389377K(586240K), 0.0025955 secs] [Times: user=0.01 sys=0.00, real=0.00 secs] 
2923.299: [GC (Allocation Failure) [PSYoungGen: 66480K->1472K(66048K)] 454401K->389409K(585728K), 0.0017099 secs] [Times: user=0.01 sys=0.00, real=0.00 secs] 
2923.413: [GC (Allocation Failure) [PSYoungGen: 65984K->1469K(66560K)] 453921K->389406K(586240K), 0.0016632 secs] [Times: user=0.01 sys=0.00, real=0.00 secs] 
2924.064: [GC (Allocation Failure) [PSYoungGen: 65981K->1408K(65536K)] 453918K->389345K(585216K), 0.0041838 secs] [Times: user=0.02 sys=0.00, real=0.01 secs] 
2924.718: [GC (Allocation Failure) [PSYoungGen: 65408K->1376K(65024K)] 453345K->389313K(584704K), 0.0027734 secs] [Times: user=0.01 sys=0.01, real=0.00 secs] 
2925.300: [GC (Allocation Failure) [PSYoungGen: 64864K->1376K(64512K)] 452801K->389313K(584192K), 0.0061088 secs] [Times: user=0.02 sys=0.00, real=0.00 secs] 
2926.233: [GC (Allocation Failure) [PSYoungGen: 64352K->1376K(64000K)] 452289K->389313K(583680K), 0.0042859 secs] [Times: user=0.01 sys=0.01, real=0.01 secs] 
2927.157: [GC (Allocation Failure) [PSYoungGen: 63827K->1405K(63488K)] 451765K->389342K(583168K), 0.0033123 secs] [Times: user=0.01 sys=0.00, real=0.00 secs] 
2927.345: [GC (Allocation Failure) [PSYoungGen: 63357K->1485K(62976K)] 451294K->389422K(582656K), 0.0021047 secs] [Times: user=0.01 sys=0.00, real=0.01 secs] 
2927.458: [GC (Allocation Failure) [PSYoungGen: 62925K->1517K(62464K)] 450862K->389454K(582144K), 0.0016196 secs] [Times: user=0.00 sys=0.00, real=0.00 secs] 
2927.565: [GC (Allocation Failure) [PSYoungGen: 62445K->1453K(62976K)] 450382K->389398K(582656K), 0.0016206 secs] [Times: user=0.00 sys=0.00, real=0.01 secs] 
2927.673: [GC (Allocation Failure) [PSYoungGen: 62381K->1453K(62976K)] 450326K->389414K(582656K), 0.0015948 secs] [Times: user=0.01 sys=0.00, real=0.00 secs] 
2928.329: [GC (Allocation Failure) [PSYoungGen: 62381K->1456K(61952K)] 450342K->389417K(581632K), 0.0020940 secs] [Times: user=0.01 sys=0.01, real=0.00 secs] 
2929.185: [GC (Allocation Failure) [PSYoungGen: 61872K->1408K(61440K)] 449833K->389369K(581120K), 0.0031265 secs] [Times: user=0.02 sys=0.00, real=0.01 secs] 
2930.281: [GC (Allocation Failure) [PSYoungGen: 61312K->1376K(61440K)] 449273K->389337K(581120K), 0.0038879 secs] [Times: user=0.02 sys=0.00, real=0.00 secs] 
2931.227: [GC (Allocation Failure) [PSYoungGen: 61280K->1344K(61440K)] 449241K->389305K(581120K), 0.0039797 secs] [Times: user=0.02 sys=0.00, real=0.00 secs] 
2931.945: [GC (Allocation Failure) [PSYoungGen: 61216K->1421K(61440K)] 449178K->389382K(581120K), 0.0033164 secs] [Times: user=0.01 sys=0.00, real=0.01 secs] 
2932.164: [GC (Allocation Failure) [PSYoungGen: 61325K->1536K(61952K)] 449286K->389497K(581632K), 0.0024596 secs] [Times: user=0.01 sys=0.00, real=0.00 secs] 
2932.293: [GC (Allocation Failure) [PSYoungGen: 61440K->445K(60416K)] 449401K->389446K(580096K), 0.0016935 secs] [Times: user=0.01 sys=0.00, real=0.00 secs] 
2932.399: [GC (Allocation Failure) [PSYoungGen: 60349K->461K(65024K)] 449350K->389462K(584704K), 0.0017087 secs] [Times: user=0.01 sys=0.00, real=0.00 secs] 
2932.528: [GC (Allocation Failure) [PSYoungGen: 63437K->461K(67584K)] 452438K->389462K(587264K), 0.0018714 secs] [Times: user=0.01 sys=0.00, real=0.00 secs] 
2932.939: [GC (Allocation Failure) [PSYoungGen: 65997K->1392K(67584K)] 454998K->390393K(587264K), 0.0026995 secs] [Times: user=0.01 sys=0.00, real=0.00 secs] 
2933.314: [GC (Allocation Failure) [PSYoungGen: 66928K->1408K(66560K)] 455929K->390409K(586240K), 0.0023286 secs] [Times: user=0.01 sys=0.00, real=0.01 secs] 
2933.600: [GC (Allocation Failure) [PSYoungGen: 66432K->1392K(66048K)] 455433K->390393K(585728K), 0.0020182 secs] [Times: user=0.00 sys=0.00, real=0.00 secs] 
2933.879: [GC (Allocation Failure) [PSYoungGen: 65904K->1408K(65536K)] 454905K->390409K(585216K), 0.0020714 secs] [Times: user=0.01 sys=0.00, real=0.00 secs] 
2934.085: [GC (Allocation Failure) [PSYoungGen: 65408K->1485K(65024K)] 454409K->390486K(584704K), 0.0016664 secs] [Times: user=0.01 sys=0.00, real=0.00 secs] 
2934.213: [GC (Allocation Failure) [PSYoungGen: 64973K->1485K(64512K)] 453974K->390486K(584192K), 0.0018739 secs] [Times: user=0.00 sys=0.00, real=0.00 secs] 
2934.353: [GC (Allocation Failure) [PSYoungGen: 64461K->1533K(71168K)] 453462K->390550K(590848K), 0.0020599 secs] [Times: user=0.01 sys=0.00, real=0.00 secs] 
2934.483: [GC (Allocation Failure) [PSYoungGen: 70653K->1501K(71168K)] 459670K->390518K(590848K), 0.0016974 secs] [Times: user=0.01 sys=0.00, real=0.00 secs] 
2935.743: [GC (Allocation Failure) [PSYoungGen: 70621K->1392K(70144K)] 459638K->390409K(589824K), 0.0039242 secs] [Times: user=0.02 sys=0.00, real=0.00 secs] 
2936.299: [GC (Allocation Failure) [PSYoungGen: 70000K->1344K(69632K)] 459017K->390361K(589312K), 0.0020415 secs] [Times: user=0.01 sys=0.00, real=0.00 secs] 
2936.582: [GC (Allocation Failure) [PSYoungGen: 69440K->1376K(69120K)] 458457K->390417K(588800K), 0.0021854 secs] [Times: user=0.01 sys=0.00, real=0.00 secs] 
2936.863: [GC (Allocation Failure) [PSYoungGen: 68960K->1376K(68608K)] 458001K->390417K(588288K), 0.0022269 secs] [Times: user=0.01 sys=0.00, real=0.00 secs] 
2937.087: [GC (Allocation Failure) [PSYoungGen: 68448K->1421K(68096K)] 457489K->390462K(587776K), 0.0017409 secs] [Times: user=0.01 sys=0.00, real=0.00 secs] 
2937.223: [GC (Allocation Failure) [PSYoungGen: 67981K->1501K(67584K)] 457022K->390542K(587264K), 0.0020295 secs] [Times: user=0.00 sys=0.00, real=0.00 secs] 
2937.370: [GC (Allocation Failure) [PSYoungGen: 67549K->1501K(68096K)] 456590K->390542K(587776K), 0.0020024 secs] [Times: user=0.01 sys=0.00, real=0.00 secs] 
2937.528: [GC (Allocation Failure) [PSYoungGen: 67549K->1533K(74240K)] 456590K->390590K(593920K), 0.0020905 secs] [Times: user=0.00 sys=0.01, real=0.00 secs] 
2939.402: [GC (Allocation Failure) [PSYoungGen: 73725K->1360K(73216K)] 462782K->390417K(592896K), 0.0048979 secs] [Times: user=0.02 sys=0.00, real=0.01 secs] 
2940.664: [GC (Allocation Failure) [PSYoungGen: 73040K->1344K(72704K)] 462097K->390401K(592384K), 0.0031100 secs] [Times: user=0.01 sys=0.00, real=0.00 secs] 
2941.344: [GC (Allocation Failure) [PSYoungGen: 72512K->1376K(72192K)] 461569K->390433K(591872K), 0.0027714 secs] [Times: user=0.02 sys=0.00, real=0.01 secs] 
2942.235: [GC (Allocation Failure) [PSYoungGen: 72032K->1376K(71680K)] 461089K->390433K(591360K), 0.0036545 secs] [Times: user=0.02 sys=0.00, real=0.01 secs] 
2942.725: [GC (Allocation Failure) [PSYoungGen: 71520K->1533K(71168K)] 460577K->390590K(590848K), 0.0023174 secs] [Times: user=0.00 sys=0.00, real=0.01 secs] 
2942.870: [GC (Allocation Failure) [PSYoungGen: 71165K->1533K(70656K)] 460222K->390590K(590336K), 0.0017309 secs] [Times: user=0.01 sys=0.00, real=0.00 secs] 
2942.995: [GC (Allocation Failure) [PSYoungGen: 70653K->1472K(70144K)] 459710K->390529K(589824K), 0.0019142 secs] [Times: user=0.01 sys=0.00, real=0.01 secs] 
2943.135: [GC (Allocation Failure) [PSYoungGen: 70064K->1501K(70656K)] 459121K->390566K(590336K), 0.0019424 secs] [Times: user=0.00 sys=0.00, real=0.01 secs] 
2944.063: [GC (Allocation Failure) [PSYoungGen: 70109K->1344K(69632K)] 459174K->390409K(589312K), 0.0025392 secs] [Times: user=0.01 sys=0.00, real=0.00 secs] 
2944.680: [GC (Allocation Failure) [PSYoungGen: 69440K->1376K(69120K)] 458505K->390441K(588800K), 0.0025722 secs] [Times: user=0.01 sys=0.00, real=0.00 secs] 
2945.017: [GC (Allocation Failure) [PSYoungGen: 68960K->1376K(68608K)] 458025K->390441K(588288K), 0.0030238 secs] [Times: user=0.02 sys=0.00, real=0.00 secs] 
2945.700: [GC (Allocation Failure) [PSYoungGen: 68448K->1344K(68096K)] 457513K->390409K(587776K), 0.0040282 secs] [Times: user=0.02 sys=0.00, real=0.00 secs] 
2945.978: [GC (Allocation Failure) [PSYoungGen: 67904K->1456K(67584K)] 456969K->390521K(587264K), 0.0017080 secs] [Times: user=0.00 sys=0.00, real=0.00 secs] 
2946.096: [GC (Allocation Failure) [PSYoungGen: 67504K->1485K(67072K)] 456569K->390550K(586752K), 0.0017434 secs] [Times: user=0.00 sys=0.00, real=0.01 secs] 
2946.212: [GC (Allocation Failure) [PSYoungGen: 67021K->1456K(66560K)] 456086K->390521K(586240K), 0.0016961 secs] [Times: user=0.01 sys=0.00, real=0.00 secs] 
2946.326: [GC (Allocation Failure) [PSYoungGen: 66480K->1469K(67072K)] 455545K->390550K(586752K), 0.0017982 secs] [Times: user=0.00 sys=0.00, real=0.01 secs] 
2947.215: [GC (Allocation Failure) [PSYoungGen: 66493K->1376K(66048K)] 455574K->390457K(585728K), 0.0029037 secs] [Times: user=0.01 sys=0.00, real=0.01 secs] 
2948.361: [GC (Allocation Failure) [PSYoungGen: 65888K->1312K(65536K)] 454969K->390401K(585216K), 0.0033404 secs] [Times: user=0.01 sys=0.00, real=0.00 secs] 
2949.322: [GC (Allocation Failure) [PSYoungGen: 65312K->1376K(65024K)] 454401K->390465K(584704K), 0.0029016 secs] [Times: user=0.01 sys=0.00, real=0.00 secs] 
2949.887: [GC (Allocation Failure) [PSYoungGen: 64864K->1376K(64512K)] 453953K->390473K(584192K), 0.0025299 secs] [Times: user=0.01 sys=0.00, real=0.00 secs] 
2950.248: [GC (Allocation Failure) [PSYoungGen: 64337K->1488K(64000K)] 453434K->390585K(583680K), 0.0020347 secs] [Times: user=0.01 sys=0.00, real=0.00 secs] 
2950.368: [GC (Allocation Failure) [PSYoungGen: 63952K->1485K(63488K)] 453049K->390582K(583168K), 0.0017565 secs] [Times: user=0.00 sys=0.00, real=0.00 secs] 
2950.477: [GC (Allocation Failure) [PSYoungGen: 63437K->1501K(62976K)] 452534K->390598K(582656K), 0.0017675 secs] [Times: user=0.01 sys=0.00, real=0.00 secs] 
2950.587: [GC (Allocation Failure) [PSYoungGen: 62941K->1469K(63488K)] 452038K->390582K(583168K), 0.0017506 secs] [Times: user=0.01 sys=0.00, real=0.00 secs] 
2950.779: [GC (Allocation Failure) [PSYoungGen: 62909K->1424K(63488K)] 452022K->390537K(583168K), 0.0020345 secs] [Times: user=0.01 sys=0.00, real=0.00 secs] 
2951.286: [GC (Allocation Failure) [PSYoungGen: 62864K->1344K(62464K)] 451977K->390457K(582144K), 0.0020203 secs] [Times: user=0.01 sys=0.00, real=0.01 secs] 
2951.724: [GC (Allocation Failure) [PSYoungGen: 62272K->1376K(61952K)] 451385K->390489K(581632K), 0.0021562 secs] [Times: user=0.01 sys=0.00, real=0.00 secs] 
2952.178: [GC (Allocation Failure) [PSYoungGen: 61792K->1408K(61440K)] 450905K->390521K(581120K), 0.0020480 secs] [Times: user=0.01 sys=0.00, real=0.00 secs] 
2952.638: [GC (Allocation Failure) [PSYoungGen: 61312K->1376K(61440K)] 450425K->390489K(581120K), 0.0022781 secs] [Times: user=0.01 sys=0.00, real=0.00 secs] 
2952.955: [GC (Allocation Failure) [PSYoungGen: 61280K->1520K(61440K)] 450393K->390633K(581120K), 0.0019253 secs] [Times: user=0.01 sys=0.00, real=0.00 secs] 
2953.063: [GC (Allocation Failure) [PSYoungGen: 61424K->1469K(61440K)] 450537K->390582K(581120K), 0.0018577 secs] [Times: user=0.01 sys=0.01, real=0.00 secs] 
2953.171: [GC (Allocation Failure) [PSYoungGen: 61373K->1485K(66048K)] 450486K->390606K(585728K), 0.0017764 secs] [Times: user=0.00 sys=0.00, real=0.00 secs] 
2953.286: [GC (Allocation Failure) [PSYoungGen: 65997K->1533K(66560K)] 455118K->390654K(586240K), 0.0015890 secs] [Times: user=0.00 sys=0.00, real=0.01 secs] 
2953.708: [GC (Allocation Failure) [PSYoungGen: 66045K->1456K(65536K)] 455166K->390577K(585216K), 0.0021497 secs] [Times: user=0.00 sys=0.01, real=0.00 secs] 
2954.296: [GC (Allocation Failure) [PSYoungGen: 65456K->1344K(65024K)] 454577K->390465K(584704K), 0.0024772 secs] [Times: user=0.01 sys=0.00, real=0.01 secs] 
2954.875: [GC (Allocation Failure) [PSYoungGen: 64832K->1344K(64512K)] 453953K->390465K(584192K), 0.0023006 secs] [Times: user=0.01 sys=0.00, real=0.01 secs] 
2955.452: [GC (Allocation Failure) [PSYoungGen: 64320K->1376K(64000K)] 453441K->390497K(583680K), 0.0026015 secs] [Times: user=0.01 sys=0.00, real=0.00 secs] 
2956.203: [GC (Allocation Failure) [PSYoungGen: 63840K->1453K(63488K)] 452961K->390574K(583168K), 0.0027046 secs] [Times: user=0.01 sys=0.00, real=0.00 secs] 
2956.417: [GC (Allocation Failure) [PSYoungGen: 63405K->1533K(62976K)] 452526K->390654K(582656K), 0.0022861 secs] [Times: user=0.01 sys=0.00, real=0.00 secs] 
2956.550: [GC (Allocation Failure) [PSYoungGen: 62973K->1501K(62464K)] 452094K->390630K(582144K), 0.0017187 secs] [Times: user=0.01 sys=0.00, real=0.00 secs] 
2956.671: [GC (Allocation Failure) [PSYoungGen: 62429K->1501K(68096K)] 451558K->390646K(587776K), 0.0020235 secs] [Times: user=0.01 sys=0.00, real=0.00 secs] 
2956.828: [GC (Allocation Failure) [PSYoungGen: 68061K->1533K(68608K)] 457206K->390678K(588288K), 0.0020582 secs] [Times: user=0.01 sys=0.01, real=0.00 secs] 
2957.318: [GC (Allocation Failure) [PSYoungGen: 68605K->1392K(68096K)] 457750K->390537K(587776K), 0.0022591 secs] [Times: user=0.01 sys=0.00, real=0.00 secs] 
2957.590: [GC (Allocation Failure) [PSYoungGen: 67952K->1328K(67584K)] 457097K->390473K(587264K), 0.0022216 secs] [Times: user=0.01 sys=0.00, real=0.00 secs] 
2957.846: [GC (Allocation Failure) [PSYoungGen: 67376K->1456K(67072K)] 456521K->390601K(586752K), 0.0019963 secs] [Times: user=0.01 sys=0.00, real=0.01 secs] 
2957.935: [GC (Allocation Failure) [PSYoungGen: 66992K->1469K(67584K)] 456137K->390614K(587264K), 0.0017273 secs] [Times: user=0.01 sys=0.00, real=0.00 secs] 
2958.015: [GC (Allocation Failure) [PSYoungGen: 67005K->1485K(67584K)] 456150K->390630K(587264K), 0.0016894 secs] [Times: user=0.01 sys=0.00, real=0.00 secs] 
2958.094: [GC (Allocation Failure) [PSYoungGen: 67021K->1549K(74752K)] 456166K->390702K(594432K), 0.0017368 secs] [Times: user=0.01 sys=0.00, real=0.00 secs] 
2958.415: [GC (Allocation Failure) [PSYoungGen: 74253K->1568K(74752K)] 463406K->390729K(594432K), 0.0025570 secs] [Times: user=0.01 sys=0.00, real=0.01 secs] 
2960.329: [GC (Allocation Failure) [PSYoungGen: 74272K->2016K(80896K)] 463433K->396105K(600576K), 0.0121813 secs] [Times: user=0.06 sys=0.01, real=0.01 secs] 
2970.410: [GC (Allocation Failure) [PSYoungGen: 80864K->4064K(82432K)] 474953K->418740K(602112K), 0.0280653 secs] [Times: user=0.14 sys=0.01, real=0.03 secs] 
2974.364: [GC (Allocation Failure) [PSYoungGen: 82400K->12256K(78848K)] 497076K->453404K(598528K), 0.0352611 secs] [Times: user=0.15 sys=0.05, real=0.04 secs] 
2974.488: [GC (Allocation Failure) [PSYoungGen: 78816K->24048K(90624K)] 519964K->485077K(610304K), 0.0203540 secs] [Times: user=0.08 sys=0.04, real=0.02 secs] 
2974.572: [GC (Allocation Failure) [PSYoungGen: 90608K->35824K(99840K)] 551637K->515997K(619520K), 0.0218153 secs] [Times: user=0.12 sys=0.01, real=0.02 secs] 
2974.649: [GC (Allocation Failure) [PSYoungGen: 99824K->49632K(113664K)] 579997K->546516K(633344K), 0.0228272 secs] [Times: user=0.13 sys=0.00, real=0.02 secs] 
2974.672: [Full GC (Ergonomics) [PSYoungGen: 49632K->0K(113664K)] [ParOldGen: 496884K->165615K(497152K)] 546516K->165615K(610816K), [Metaspace: 59919K->59818K(1105920K)], 0.3952134 secs] [Times: user=1.80 sys=0.01, real=0.40 secs] 
2976.330: [GC (Allocation Failure) [PSYoungGen: 64000K->30912K(140288K)] 229615K->196527K(637440K), 0.1374400 secs] [Times: user=0.60 sys=0.12, real=0.14 secs] 
2978.011: [GC (Allocation Failure) [PSYoungGen: 107200K->64496K(140800K)] 272815K->256520K(637952K), 0.0565959 secs] [Times: user=0.34 sys=0.00, real=0.06 secs] 
2979.191: [GC (Allocation Failure) [PSYoungGen: 140784K->72632K(165376K)] 332808K->264656K(662528K), 0.0395868 secs] [Times: user=0.16 sys=0.08, real=0.04 secs] 
2979.499: [GC (Allocation Failure) [PSYoungGen: 152504K->67408K(176128K)] 344528K->268417K(673280K), 0.0301855 secs] [Times: user=0.17 sys=0.01, real=0.03 secs] 
2984.093: [GC (Allocation Failure) [PSYoungGen: 147280K->35744K(183808K)] 348289K->300120K(680960K), 0.1055492 secs] [Times: user=0.59 sys=0.00, real=0.11 secs] 
2984.329: [GC (Allocation Failure) [PSYoungGen: 130464K->44800K(190976K)] 394840K->342309K(688128K), 0.0319988 secs] [Times: user=0.18 sys=0.00, real=0.03 secs] 
2984.433: [GC (Allocation Failure) [PSYoungGen: 139520K->48288K(202752K)] 437029K->386197K(699904K), 0.0237592 secs] [Times: user=0.14 sys=0.00, real=0.02 secs] 
2984.541: [GC (Allocation Failure) [PSYoungGen: 160928K->53984K(204288K)] 498837K->439833K(701440K), 0.0305956 secs] [Times: user=0.17 sys=0.00, real=0.03 secs] 
2986.850: [GC (Allocation Failure) [PSYoungGen: 166624K->58304K(224768K)] 552473K->498129K(721920K), 0.0832178 secs] [Times: user=0.47 sys=0.03, real=0.08 secs] 
2986.933: [Full GC (Ergonomics) [PSYoungGen: 58304K->0K(224768K)] [ParOldGen: 439825K->238624K(629760K)] 498129K->238624K(854528K), [Metaspace: 60025K->60025K(1105920K)], 0.6036770 secs] [Times: user=2.86 sys=0.00, real=0.61 secs] 
2988.436: [GC (Allocation Failure) [PSYoungGen: 132608K->19232K(226304K)] 371232K->257856K(856064K), 0.0195351 secs] [Times: user=0.11 sys=0.00, real=0.02 secs] 
2988.672: [GC (Allocation Failure) [PSYoungGen: 151840K->56224K(247808K)] 390464K->313313K(877568K), 0.0205266 secs] [Times: user=0.11 sys=0.01, real=0.02 secs] 
2988.809: [GC (Allocation Failure) [PSYoungGen: 211360K->75456K(248320K)] 468449K->383825K(878080K), 0.0311841 secs] [Times: user=0.19 sys=0.00, real=0.03 secs] 
2988.967: [GC (Allocation Failure) [PSYoungGen: 230592K->81824K(275456K)] 538961K->456449K(905216K), 0.0443135 secs] [Times: user=0.23 sys=0.02, real=0.04 secs] 
2990.557: [GC (Allocation Failure) [PSYoungGen: 256416K->39424K(283648K)] 631041K->495629K(913408K), 0.0420040 secs] [Times: user=0.25 sys=0.00, real=0.04 secs] 
2992.924: [GC (Allocation Failure) [PSYoungGen: 214016K->71344K(307200K)] 670221K->565807K(936960K), 0.0777873 secs] [Times: user=0.17 sys=0.16, real=0.08 secs] 
2993.244: [GC (Allocation Failure) [PSYoungGen: 274096K->100736K(310272K)] 768559K->661179K(940032K), 0.0433960 secs] [Times: user=0.23 sys=0.02, real=0.05 secs] 
2993.288: [Full GC (Ergonomics) [PSYoungGen: 100736K->0K(310272K)] [ParOldGen: 560443K->182785K(628736K)] 661179K->182785K(939008K), [Metaspace: 60045K->60045K(1105920K)], 0.4203580 secs] [Times: user=1.94 sys=0.00, real=0.42 secs] 
2996.313: [GC (Allocation Failure) [PSYoungGen: 202752K->79584K(354304K)] 385537K->262369K(983040K), 0.0328534 secs] [Times: user=0.18 sys=0.01, real=0.03 secs] 
2999.034: [GC (Allocation Failure) [PSYoungGen: 313056K->76928K(356864K)] 495841K->339237K(985600K), 0.0762141 secs] [Times: user=0.44 sys=0.01, real=0.08 secs] 
2999.355: [GC (Allocation Failure) [PSYoungGen: 304975K->111296K(377856K)] 567285K->444710K(1006592K), 0.0585205 secs] [Times: user=0.22 sys=0.10, real=0.06 secs] 
3003.361: [GC (Allocation Failure) [PSYoungGen: 365248K->77840K(390656K)] 698662K->513995K(1019392K), 0.0536652 secs] [Times: user=0.32 sys=0.00, real=0.05 secs] 
3004.011: [GC (Allocation Failure) [PSYoungGen: 331792K->115664K(414720K)] 767947K->627992K(1043456K), 0.0428345 secs] [Times: user=0.23 sys=0.02, real=0.04 secs] 
3004.054: [Full GC (Ergonomics) [PSYoungGen: 115664K->0K(414720K)] [ParOldGen: 512327K->143164K(652800K)] 627992K->143164K(1067520K), [Metaspace: 60052K->60052K(1105920K)], 0.3228019 secs] [Times: user=1.47 sys=0.01, real=0.33 secs] 
3005.410: [GC (Allocation Failure) [PSYoungGen: 280064K->121088K(425984K)] 423228K->264252K(1078784K), 0.0423112 secs] [Times: user=0.25 sys=0.00, real=0.04 secs] 
3006.624: [GC (Allocation Failure) [PSYoungGen: 401152K->98048K(475648K)] 544316K->362380K(1128448K), 0.0845833 secs] [Times: user=0.48 sys=0.02, real=0.09 secs] 
3010.393: [GC (Allocation Failure) [PSYoungGen: 415287K->157152K(475648K)] 679620K->539025K(1128448K), 0.0719826 secs] [Times: user=0.43 sys=0.00, real=0.07 secs] 
3011.357: [GC (Allocation Failure) [PSYoungGen: 475616K->99808K(488448K)] 857489K->602137K(1141248K), 0.0824608 secs] [Times: user=0.49 sys=0.00, real=0.09 secs] 
3011.439: [Full GC (Ergonomics) [PSYoungGen: 99808K->0K(488448K)] [ParOldGen: 502329K->116442K(710656K)] 602137K->116442K(1199104K), [Metaspace: 60060K->60060K(1105920K)], 0.2592708 secs] [Times: user=1.16 sys=0.01, real=0.26 secs] 
3013.018: [GC (GCLocker Initiated GC) [PSYoungGen: 266240K->134784K(476672K)] 382682K->251226K(1187328K), 0.1115347 secs] [Times: user=0.65 sys=0.01, real=0.11 secs] 
3016.757: [GC (Allocation Failure) [PSYoungGen: 401024K->74464K(481792K)] 517500K->325573K(1192448K), 0.1382131 secs] [Times: user=0.82 sys=0.01, real=0.14 secs] 
3017.153: [GC (Allocation Failure) [PSYoungGen: 341795K->129744K(479232K)] 592904K->449434K(1189888K), 0.0448020 secs] [Times: user=0.27 sys=0.00, real=0.05 secs] 
3019.379: [GC (Allocation Failure) [PSYoungGen: 402640K->86016K(479232K)] 722330K->526465K(1189888K), 0.1246697 secs] [Times: user=0.74 sys=0.00, real=0.12 secs] 
3020.773: [GC (Allocation Failure) [PSYoungGen: 371712K->130672K(484864K)] 812161K->654155K(1195520K), 0.0450129 secs] [Times: user=0.27 sys=0.00, real=0.05 secs] 
3023.559: [GC (Allocation Failure) [PSYoungGen: 416368K->101200K(482816K)] 939851K->746215K(1193472K), 0.0688984 secs] [Times: user=0.37 sys=0.04, real=0.07 secs] 
3023.628: [Full GC (Ergonomics) [PSYoungGen: 101200K->0K(482816K)] [ParOldGen: 645014K->18776K(657920K)] 746215K->18776K(1140736K), [Metaspace: 60063K->60063K(1105920K)], 0.0265868 secs] [Times: user=0.07 sys=0.00, real=0.02 secs] 
3025.598: [GC (Allocation Failure) [PSYoungGen: 299008K->129376K(490496K)] 317784K->148152K(1148416K), 0.0262550 secs] [Times: user=0.15 sys=0.00, real=0.02 secs] 
3027.276: [GC (Allocation Failure) [PSYoungGen: 428384K->117952K(499712K)] 447160K->256693K(1157632K), 0.0714152 secs] [Times: user=0.38 sys=0.04, real=0.08 secs] 
3029.406: [GC (Allocation Failure) [PSYoungGen: 433344K->133696K(503296K)] 572085K->389933K(1161216K), 0.0628527 secs] [Times: user=0.37 sys=0.00, real=0.07 secs] 
3031.640: [GC (Allocation Failure) [PSYoungGen: 449088K->122848K(506880K)] 705325K->494381K(1164800K), 0.0651893 secs] [Times: user=0.37 sys=0.01, real=0.06 secs] 
3034.218: [GC (Allocation Failure) [PSYoungGen: 443872K->130112K(507904K)] 815405K->623997K(1165824K), 0.0561923 secs] [Times: user=0.33 sys=0.00, real=0.05 secs] 
3034.274: [Full GC (Ergonomics) [PSYoungGen: 130112K->0K(507904K)] [ParOldGen: 493885K->146660K(850944K)] 623997K->146660K(1358848K), [Metaspace: 60076K->60076K(1105920K)], 0.3242031 secs] [Times: user=1.48 sys=0.01, real=0.33 secs] 
3036.193: [GC (Allocation Failure) [PSYoungGen: 321024K->119776K(501248K)] 467684K->266436K(1352192K), 0.0424649 secs] [Times: user=0.24 sys=0.01, real=0.04 secs] 
3038.704: [GC (Allocation Failure) [PSYoungGen: 445408K->140448K(506880K)] 592068K->406278K(1357824K), 0.0589617 secs] [Times: user=0.35 sys=0.00, real=0.06 secs] 
3040.605: [GC (Allocation Failure) [PSYoungGen: 466080K->8768K(491520K)] 731910K->274758K(1342464K), 0.0045982 secs] [Times: user=0.02 sys=0.00, real=0.01 secs] 
3041.908: [GC (Allocation Failure) [PSYoungGen: 315456K->145824K(452608K)] 581446K->411814K(1303552K), 0.0288992 secs] [Times: user=0.17 sys=0.00, real=0.02 secs] 
3046.496: [GC (Allocation Failure) [PSYoungGen: 452512K->4016K(479232K)] 718502K->270007K(1330176K), 0.0030554 secs] [Times: user=0.02 sys=0.00, real=0.01 secs] 
3049.819: [GC (Allocation Failure) [PSYoungGen: 281008K->129200K(487936K)] 546999K->395191K(1338880K), 0.0329875 secs] [Times: user=0.20 sys=0.00, real=0.03 secs] 
3050.881: [GC (Allocation Failure) [PSYoungGen: 406192K->210912K(443904K)] 672183K->503710K(1294848K), 0.0627964 secs] [Times: user=0.35 sys=0.03, real=0.06 secs] 
3053.451: [GC (Allocation Failure) [PSYoungGen: 443872K->67872K(465920K)] 736670K->360810K(1316864K), 0.0342082 secs] [Times: user=0.19 sys=0.00, real=0.03 secs] 
3054.639: [GC (Allocation Failure) [PSYoungGen: 300832K->176736K(465920K)] 593770K->469758K(1316864K), 0.0874510 secs] [Times: user=0.51 sys=0.01, real=0.09 secs] 
3056.924: [GC (Allocation Failure) [PSYoungGen: 409696K->3408K(465920K)] 702718K->296471K(1316864K), 0.0019981 secs] [Times: user=0.01 sys=0.00, real=0.00 secs] 
3060.005: [GC (Allocation Failure) [PSYoungGen: 236368K->106160K(465920K)] 529431K->401044K(1316864K), 0.0328537 secs] [Times: user=0.19 sys=0.00, real=0.04 secs] 
3060.218: [GC (Allocation Failure) [PSYoungGen: 339120K->135936K(465920K)] 634004K->519167K(1316864K), 0.0518879 secs] [Times: user=0.31 sys=0.00, real=0.05 secs] 
3062.601: [GC (Allocation Failure) [PSYoungGen: 368896K->58384K(465920K)] 752127K->561072K(1316864K), 0.1423419 secs] [Times: user=0.85 sys=0.00, real=0.14 secs] 
3063.756: [GC (GCLocker Initiated GC) [PSYoungGen: 291344K->109808K(343040K)] 794032K->667225K(1193984K), 0.0362005 secs] [Times: user=0.20 sys=0.00, real=0.04 secs] 
3065.754: [GC (Allocation Failure) [PSYoungGen: 342768K->154048K(453632K)] 900189K->812024K(1304576K), 0.0636642 secs] [Times: user=0.37 sys=0.01, real=0.07 secs] 
3068.937: [GC (Allocation Failure) [PSYoungGen: 380864K->56240K(459776K)] 1038840K->827153K(1310720K), 0.1421897 secs] [Times: user=0.72 sys=0.11, real=0.14 secs] 
3069.080: [Full GC (Ergonomics) [PSYoungGen: 56240K->0K(459776K)] [ParOldGen: 770912K->73096K(798208K)] 827153K->73096K(1257984K), [Metaspace: 60108K->60108K(1105920K)], 0.2047831 secs] [Times: user=0.94 sys=0.00, real=0.20 secs] 
3069.448: [GC (Allocation Failure) [PSYoungGen: 226816K->120256K(449536K)] 299912K->193352K(1247744K), 0.0311542 secs] [Times: user=0.19 sys=0.00, real=0.03 secs] 
3071.231: [GC (Allocation Failure) [PSYoungGen: 356288K->85568K(459264K)] 429384K->262272K(1257472K), 0.0574435 secs] [Times: user=0.34 sys=0.00, real=0.06 secs] 
3074.313: [GC (Allocation Failure) [PSYoungGen: 321600K->88736K(456704K)] 498304K->350704K(1254912K), 0.0713087 secs] [Times: user=0.42 sys=0.01, real=0.07 secs] 
3074.653: [GC (Allocation Failure) [PSYoungGen: 349344K->127936K(466944K)] 611312K->472797K(1265152K), 0.0523412 secs] [Times: user=0.31 sys=0.00, real=0.05 secs] 
3077.245: [GC (Allocation Failure) [PSYoungGen: 388544K->68864K(484352K)] 733405K->541573K(1282560K), 0.1584910 secs] [Times: user=0.94 sys=0.00, real=0.16 secs] 
3078.488: [GC (Allocation Failure) [PSYoungGen: 356096K->137344K(488960K)] 828805K->674865K(1287168K), 0.0433666 secs] [Times: user=0.26 sys=0.00, real=0.04 secs] 
3081.885: [GC (Allocation Failure) [PSYoungGen: 424576K->92512K(484864K)] 962097K->758885K(1283072K), 0.0987085 secs] [Times: user=0.59 sys=0.00, real=0.10 secs] 
3081.984: [Full GC (Ergonomics) [PSYoungGen: 92512K->0K(484864K)] [ParOldGen: 666373K->37271K(794112K)] 758885K->37271K(1278976K), [Metaspace: 60119K->60119K(1105920K)], 0.0746756 secs] [Times: user=0.30 sys=0.00, real=0.08 secs] 
3083.172: [GC (Allocation Failure) [PSYoungGen: 292352K->135088K(489472K)] 329623K->172359K(1283584K), 0.0269519 secs] [Times: user=0.15 sys=0.00, real=0.03 secs] 
3085.348: [GC (Allocation Failure) [PSYoungGen: 427440K->99024K(488448K)] 464711K->262000K(1282560K), 0.0625079 secs] [Times: user=0.37 sys=0.00, real=0.06 secs] 
3086.540: [GC (Allocation Failure) [PSYoungGen: 401616K->135776K(494080K)] 564592K->396684K(1288192K), 0.0500632 secs] [Times: user=0.29 sys=0.00, real=0.05 secs] 
3089.209: [GC (Allocation Failure) [PSYoungGen: 438368K->109088K(492544K)] 699276K->497276K(1286656K), 0.0637805 secs] [Times: user=0.38 sys=0.00, real=0.06 secs] 
3092.003: [GC (Allocation Failure) [PSYoungGen: 422432K->131520K(498688K)] 810620K->628388K(1292800K), 0.0568153 secs] [Times: user=0.34 sys=0.00, real=0.06 secs] 
3093.984: [GC (Allocation Failure) [PSYoungGen: 444864K->1856K(491008K)] 941732K->498776K(1285120K), 0.0019381 secs] [Times: user=0.00 sys=0.00, real=0.00 secs] 
3096.908: [GC (Allocation Failure) [PSYoungGen: 306496K->126720K(431616K)] 803416K->624253K(1225728K), 0.0284865 secs] [Times: user=0.17 sys=0.00, real=0.02 secs] 
3098.262: [GC (Allocation Failure) [PSYoungGen: 431360K->120928K(504320K)] 928893K->735393K(1298432K), 0.0629146 secs] [Times: user=0.38 sys=0.00, real=0.06 secs] 
3098.325: [Full GC (Ergonomics) [PSYoungGen: 120928K->0K(504320K)] [ParOldGen: 614465K->253115K(1075712K)] 735393K->253115K(1580032K), [Metaspace: 60121K->60121K(1105920K)], 0.5371744 secs] [Times: user=2.37 sys=0.00, real=0.54 secs] 
3102.076: [GC (Allocation Failure) [PSYoungGen: 306688K->118496K(425472K)] 559803K->371619K(1501184K), 0.0327038 secs] [Times: user=0.19 sys=0.00, real=0.04 secs] 
3104.561: [GC (Allocation Failure) [PSYoungGen: 425184K->130240K(497152K)] 678307K->491118K(1572864K), 0.0620035 secs] [Times: user=0.37 sys=0.00, real=0.06 secs] 
3107.318: [GC (Allocation Failure) [PSYoungGen: 436416K->122000K(497664K)] 797294K->612787K(1573376K), 0.0742456 secs] [Times: user=0.43 sys=0.00, real=0.07 secs] 
3110.358: [GC (Allocation Failure) [PSYoungGen: 428176K->135232K(502784K)] 918963K->729063K(1578496K), 0.0619728 secs] [Times: user=0.37 sys=0.00, real=0.06 secs] 
3112.297: [GC (Allocation Failure) [PSYoungGen: 450112K->109536K(424448K)] 1043943K->837719K(1500160K), 0.0744444 secs] [Times: user=0.44 sys=0.00, real=0.07 secs] 
3113.652: [GC (Allocation Failure) [PSYoungGen: 424416K->139136K(500736K)] 1152599K->966354K(1576448K), 0.0712086 secs] [Times: user=0.36 sys=0.06, real=0.07 secs] 
3116.713: [GC (Allocation Failure) [PSYoungGen: 457600K->112032K(503808K)] 1284818K->1077426K(1579520K), 0.0824325 secs] [Times: user=0.40 sys=0.07, real=0.08 secs] 
3116.796: [Full GC (Ergonomics) [PSYoungGen: 112032K->0K(503808K)] [ParOldGen: 965394K->128121K(1009152K)] 1077426K->128121K(1512960K), [Metaspace: 60126K->60126K(1105920K)], 0.2864828 secs] [Times: user=1.30 sys=0.00, real=0.29 secs] 
3118.832: [GC (Allocation Failure) [PSYoungGen: 318464K->136640K(507904K)] 446585K->264761K(1517056K), 0.0502075 secs] [Times: user=0.30 sys=0.00, real=0.05 secs] 
3120.601: [GC (Allocation Failure) [PSYoungGen: 465856K->123728K(509952K)] 593977K->388451K(1519104K), 0.0793955 secs] [Times: user=0.47 sys=0.00, real=0.08 secs] 
3123.455: [GC (Allocation Failure) [PSYoungGen: 452944K->1440K(494592K)] 717667K->266262K(1503744K), 0.0020321 secs] [Times: user=0.01 sys=0.01, real=0.00 secs] 
3126.316: [GC (Allocation Failure) [PSYoungGen: 319392K->132400K(450560K)] 584214K->397876K(1459712K), 0.0317115 secs] [Times: user=0.18 sys=0.00, real=0.04 secs] 
3128.221: [GC (Allocation Failure) [PSYoungGen: 450352K->2208K(487424K)] 715828K->267763K(1496576K), 0.0023845 secs] [Times: user=0.01 sys=0.00, real=0.00 secs] 
3131.000: [GC (Allocation Failure) [PSYoungGen: 297632K->124800K(497152K)] 563187K->390355K(1506304K), 0.0350220 secs] [Times: user=0.20 sys=0.00, real=0.03 secs] 
3132.652: [GC (Allocation Failure) [PSYoungGen: 420224K->201184K(434176K)] 685779K->503547K(1443328K), 0.0656809 secs] [Times: user=0.36 sys=0.03, real=0.07 secs] 
3135.172: [GC (Allocation Failure) [PSYoungGen: 434144K->77584K(465920K)] 736507K->379964K(1475072K), 0.0327131 secs] [Times: user=0.19 sys=0.00, real=0.03 secs] 
3135.479: [GC (Allocation Failure) [PSYoungGen: 304625K->111264K(446464K)] 607004K->485100K(1455616K), 0.0445376 secs] [Times: user=0.26 sys=0.00, real=0.04 secs] 
3138.438: [GC (Allocation Failure) [PSYoungGen: 344224K->70704K(456192K)] 718060K->547177K(1465344K), 0.0519469 secs] [Times: user=0.31 sys=0.00, real=0.05 secs] 
3140.669: [GC (Allocation Failure) [PSYoungGen: 303664K->103392K(450048K)] 780137K->649027K(1459200K), 0.0559843 secs] [Times: user=0.33 sys=0.00, real=0.05 secs] 
3142.251: [GC (Allocation Failure) [PSYoungGen: 359904K->126528K(464896K)] 905539K->766587K(1474048K), 0.1588441 secs] [Times: user=0.95 sys=0.00, real=0.16 secs] 
3146.962: [GC (Allocation Failure) [PSYoungGen: 383040K->65600K(482816K)] 1023099K->831691K(1491968K), 0.1484583 secs] [Times: user=0.89 sys=0.00, real=0.15 secs] 
3147.467: [GC (Allocation Failure) [PSYoungGen: 345604K->136928K(487936K)] 1111695K->962628K(1497088K), 0.0444901 secs] [Times: user=0.26 sys=0.00, real=0.04 secs] 
3147.511: [Full GC (Ergonomics) [PSYoungGen: 136928K->0K(487936K)] [ParOldGen: 825700K->198205K(1077248K)] 962628K->198205K(1565184K), [Metaspace: 60140K->60140K(1105920K)], 0.4750673 secs] [Times: user=2.21 sys=0.00, real=0.47 secs] 
3149.690: [GC (Allocation Failure) [PSYoungGen: 284672K->87664K(485376K)] 482877K->285870K(1562624K), 0.0954487 secs] [Times: user=0.57 sys=0.00, real=0.09 secs] 
3150.828: [GC (Allocation Failure) [PSYoungGen: 377968K->135232K(489472K)] 576174K->418914K(1566720K), 0.0448660 secs] [Times: user=0.27 sys=0.00, real=0.04 secs] 
3153.685: [GC (Allocation Failure) [PSYoungGen: 425536K->96528K(486912K)] 709218K->506779K(1564160K), 0.0617859 secs] [Times: user=0.37 sys=0.00, real=0.06 secs] 
3155.435: [GC (Allocation Failure) [PSYoungGen: 395536K->134192K(492544K)] 805787K->639695K(1569792K), 0.0502694 secs] [Times: user=0.30 sys=0.00, real=0.05 secs] 
3156.984: [GC (Allocation Failure) [PSYoungGen: 433200K->111072K(490496K)] 938703K->741659K(1567744K), 0.0644033 secs] [Times: user=0.38 sys=0.00, real=0.07 secs] 
3159.158: [GC (Allocation Failure) [PSYoungGen: 421344K->129664K(497152K)] 1051931K->870907K(1574400K), 0.0547760 secs] [Times: user=0.32 sys=0.01, real=0.05 secs] 
3162.663: [GC (Allocation Failure) [PSYoungGen: 439936K->117952K(501248K)] 1181179K->978936K(1578496K), 0.0633753 secs] [Times: user=0.38 sys=0.00, real=0.06 secs] 
3165.075: [GC (Allocation Failure) [PSYoungGen: 443584K->133120K(506880K)] 1304568K->1112064K(1584128K), 0.0571159 secs] [Times: user=0.33 sys=0.01, real=0.06 secs] 
3165.132: [Full GC (Ergonomics) [PSYoungGen: 133120K->0K(506880K)] [ParOldGen: 978944K->149693K(1097216K)] 1112064K->149693K(1604096K), [Metaspace: 60150K->60150K(1105920K)], 0.3431126 secs] [Times: user=1.57 sys=0.01, real=0.34 secs] 
3166.614: [GC (Allocation Failure) [PSYoungGen: 325632K->118241K(507904K)] 475325K->267935K(1605120K), 0.0417092 secs] [Times: user=0.25 sys=0.00, real=0.04 secs] 
3168.897: [GC (Allocation Failure) [PSYoungGen: 454113K->149056K(512512K)] 603807K->415233K(1609728K), 0.0598039 secs] [Times: user=0.35 sys=0.01, real=0.06 secs] 
3171.591: [GC (Allocation Failure) [PSYoungGen: 484928K->116208K(516096K)] 751105K->522866K(1613312K), 0.1667736 secs] [Times: user=0.97 sys=0.00, real=0.17 secs] 
3173.965: [GC (Allocation Failure) [PSYoungGen: 454640K->157856K(496640K)] 861298K->677870K(1593856K), 0.0576310 secs] [Times: user=0.34 sys=0.00, real=0.06 secs] 
3178.102: [GC (Allocation Failure) [PSYoungGen: 496288K->111808K(517632K)] 1016302K->780886K(1614848K), 0.1716463 secs] [Times: user=1.02 sys=0.00, real=0.17 secs] 
3179.103: [GC (Allocation Failure) [PSYoungGen: 443584K->156656K(488448K)] 1112662K->933484K(1585664K), 0.0551193 secs] [Times: user=0.33 sys=0.01, real=0.06 secs] 
3183.808: [GC (Allocation Failure) [PSYoungGen: 488432K->100928K(513024K)] 1265260K->1034103K(1610240K), 0.1639677 secs] [Times: user=0.97 sys=0.00, real=0.16 secs] 
3183.972: [Full GC (Ergonomics) [PSYoungGen: 100928K->0K(513024K)] [ParOldGen: 933175K->70296K(1082368K)] 1034103K->70296K(1595392K), [Metaspace: 60178K->60178K(1105920K)], 0.1879748 secs] [Times: user=0.90 sys=0.00, real=0.19 secs] 
3184.381: [GC (Allocation Failure) [PSYoungGen: 324608K->158496K(483328K)] 394904K->228792K(1565696K), 0.0350039 secs] [Times: user=0.21 sys=0.00, real=0.03 secs] 
3188.051: [GC (Allocation Failure) [PSYoungGen: 483104K->96960K(507392K)] 553400K->325489K(1589760K), 0.1419390 secs] [Times: user=0.84 sys=0.00, real=0.14 secs] 
3188.533: [GC (Allocation Failure) [PSYoungGen: 411328K->151744K(466432K)] 639857K->471426K(1548800K), 0.0603779 secs] [Times: user=0.36 sys=0.00, real=0.06 secs] 
3192.774: [GC (Allocation Failure) [PSYoungGen: 466112K->92384K(504832K)] 785794K->563646K(1587200K), 0.1369301 secs] [Times: user=0.82 sys=0.00, real=0.14 secs] 
3193.152: [GC (Allocation Failure) [PSYoungGen: 402144K->150400K(460288K)] 873406K->707999K(1542656K), 0.0549455 secs] [Times: user=0.32 sys=0.00, real=0.06 secs] 
3195.447: [GC (Allocation Failure) [PSYoungGen: 460160K->95264K(503808K)] 1017759K->802903K(1586176K), 0.1314929 secs] [Times: user=0.77 sys=0.02, real=0.14 secs] 
3195.816: [GC (Allocation Failure) [PSYoungGen: 401952K->150176K(457216K)] 1109591K->947168K(1539584K), 0.0559472 secs] [Times: user=0.33 sys=0.00, real=0.06 secs] 
3200.180: [GC (Allocation Failure) [PSYoungGen: 456864K->87680K(501760K)] 1253856K->1034728K(1584128K), 0.1512967 secs] [Times: user=0.90 sys=0.00, real=0.15 secs] 
3200.331: [Full GC (Ergonomics) [PSYoungGen: 87680K->0K(501760K)] [ParOldGen: 947048K->74373K(1111040K)] 1034728K->74373K(1612800K), [Metaspace: 60180K->60180K(1105920K)], 0.1969375 secs] [Times: user=0.94 sys=0.00, real=0.20 secs] 
3200.743: [GC (Allocation Failure) [PSYoungGen: 303616K->147840K(451584K)] 377989K->222213K(1562624K), 0.0345588 secs] [Times: user=0.21 sys=0.00, real=0.04 secs] 
3204.989: [GC (Allocation Failure) [PSYoungGen: 451456K->84704K(500224K)] 525829K->306649K(1611264K), 0.1700467 secs] [Times: user=1.01 sys=0.01, real=0.17 secs] 
3205.720: [GC (Allocation Failure) [PSYoungGen: 384013K->141936K(499200K)] 605959K->444435K(1610240K), 0.0482193 secs] [Times: user=0.28 sys=0.00, real=0.05 secs] 
3208.609: [GC (Allocation Failure) [PSYoungGen: 442480K->97536K(495104K)] 744979K->533466K(1606144K), 0.1686548 secs] [Times: user=1.01 sys=0.01, real=0.17 secs] 
3209.563: [GC (Allocation Failure) [PSYoungGen: 399104K->142368K(497152K)] 835034K->671575K(1608192K), 0.0480251 secs] [Times: user=0.28 sys=0.00, real=0.05 secs] 
3214.785: [GC (Allocation Failure) [PSYoungGen: 443936K->96928K(497664K)] 973143K->759235K(1608704K), 0.1609953 secs] [Times: user=0.95 sys=0.01, real=0.16 secs] 
3216.970: [GC (Allocation Failure) [PSYoungGen: 404128K->141792K(500224K)] 1066435K->898160K(1611264K), 0.0493731 secs] [Times: user=0.29 sys=0.00, real=0.05 secs] 
3218.953: [GC (Allocation Failure) [PSYoungGen: 448992K->105344K(497664K)] 1205360K->994344K(1608704K), 0.1653550 secs] [Times: user=0.99 sys=0.00, real=0.17 secs] 
3221.932: [GC (Allocation Failure) [PSYoungGen: 417152K->141408K(501248K)] 1306152K->1133669K(1612288K), 0.0554792 secs] [Times: user=0.31 sys=0.02, real=0.06 secs] 
3221.988: [Full GC (Ergonomics) [PSYoungGen: 141408K->0K(501248K)] [ParOldGen: 992261K->172093K(1223168K)] 1133669K->172093K(1724416K), [Metaspace: 60183K->60183K(1105920K)], 0.4090433 secs] [Times: user=1.89 sys=0.00, real=0.41 secs] 
3223.940: [GC (Allocation Failure) [PSYoungGen: 311808K->106273K(502272K)] 483901K->278367K(1725440K), 0.0369669 secs] [Times: user=0.22 sys=0.00, real=0.04 secs] 
3227.078: [GC (Allocation Failure) [PSYoungGen: 425249K->144864K(505344K)] 597343K->420539K(1728512K), 0.0538818 secs] [Times: user=0.32 sys=0.00, real=0.05 secs] 
3229.059: [GC (Allocation Failure) [PSYoungGen: 463840K->107168K(506880K)] 739515K->518651K(1730048K), 0.0966102 secs] [Times: user=0.57 sys=0.01, real=0.09 secs] 
3230.341: [GC (Allocation Failure) [PSYoungGen: 430738K->151552K(508416K)] 842221K->667567K(1731584K), 0.0530879 secs] [Times: user=0.31 sys=0.00, real=0.05 secs] 
3232.493: [GC (Allocation Failure) [PSYoungGen: 475136K->108304K(509952K)] 991151K->766696K(1733120K), 0.1580441 secs] [Times: user=0.94 sys=0.00, real=0.16 secs] 
3234.352: [GC (Allocation Failure) [PSYoungGen: 431376K->151424K(474624K)] 1089768K->914328K(1697792K), 0.0535645 secs] [Times: user=0.32 sys=0.00, real=0.05 secs] 
3236.874: [GC (Allocation Failure) [PSYoungGen: 474496K->106944K(512000K)] 1237400K->1012544K(1735168K), 0.1710861 secs] [Times: user=1.02 sys=0.00, real=0.17 secs] 
3238.102: [GC (Allocation Failure) [PSYoungGen: 428480K->152896K(474624K)] 1334080K->1161417K(1697792K), 0.0533337 secs] [Times: user=0.31 sys=0.00, real=0.05 secs] 
3240.632: [GC (Allocation Failure) [PSYoungGen: 474432K->108096K(510464K)] 1482953K->1260737K(1733632K), 0.1782502 secs] [Times: user=0.85 sys=0.19, real=0.18 secs] 
3240.811: [Full GC (Ergonomics) [PSYoungGen: 108096K->0K(510464K)] [ParOldGen: 1152641K->60235K(1142784K)] 1260737K->60235K(1653248K), [Metaspace: 60183K->60183K(1105920K)], 0.1577643 secs] [Times: user=0.73 sys=0.00, real=0.16 secs] 
3242.359: [GC (Allocation Failure) [PSYoungGen: 302755K->143408K(507392K)] 362990K->203644K(1650176K), 0.0465930 secs] [Times: user=0.27 sys=0.00, real=0.04 secs] 
3244.185: [GC (Allocation Failure) [PSYoungGen: 462384K->106848K(506880K)] 522620K->301632K(1649664K), 0.1464005 secs] [Times: user=0.87 sys=0.01, real=0.15 secs] 
3244.761: [GC (Allocation Failure) [PSYoungGen: 428384K->152736K(507392K)] 623168K->450497K(1650176K), 0.0518756 secs] [Times: user=0.31 sys=0.00, real=0.05 secs] 
3249.485: [GC (Allocation Failure) [PSYoungGen: 474272K->93408K(508928K)] 772033K->543453K(1651712K), 0.1540154 secs] [Times: user=0.91 sys=0.00, real=0.16 secs] 
3250.487: [GC (Allocation Failure) [PSYoungGen: 411872K->168912K(487424K)] 861917K->708190K(1630208K), 0.0554903 secs] [Times: user=0.33 sys=0.00, real=0.05 secs] 
3253.316: [GC (Allocation Failure) [PSYoungGen: 487376K->96096K(500736K)] 1026654K->787526K(1643520K), 0.1692942 secs] [Times: user=1.01 sys=0.00, real=0.17 secs] 
3253.947: [GC (Allocation Failure) [PSYoungGen: 384889K->138080K(439296K)] 1076319K->919730K(1582080K), 0.0540538 secs] [Times: user=0.28 sys=0.00, real=0.05 secs] 
3258.191: [GC (Allocation Failure) [PSYoungGen: 439136K->96688K(498176K)] 1220786K->1007059K(1640960K), 0.1515758 secs] [Times: user=0.90 sys=0.01, real=0.15 secs] 
3259.075: [GC (Allocation Failure) [PSYoungGen: 399280K->143008K(496640K)] 1309651K->1145839K(1639424K), 0.0486569 secs] [Times: user=0.28 sys=0.00, real=0.05 secs] 
3259.124: [Full GC (Ergonomics) [PSYoungGen: 143008K->0K(496640K)] [ParOldGen: 1002831K->187332K(1307648K)] 1145839K->187332K(1804288K), [Metaspace: 60183K->60183K(1105920K)], 0.4459761 secs] [Times: user=2.08 sys=0.00, real=0.45 secs] 
3262.262: [GC (Allocation Failure) [PSYoungGen: 302592K->100704K(501248K)] 489924K->288036K(1808896K), 0.0442037 secs] [Times: user=0.26 sys=0.00, real=0.04 secs] 
3264.048: [GC (Allocation Failure) [PSYoungGen: 411488K->141248K(502272K)] 598820K->426648K(1809920K), 0.0502427 secs] [Times: user=0.29 sys=0.00, real=0.05 secs] 
3267.195: [GC (Allocation Failure) [PSYoungGen: 452032K->103072K(501248K)] 737432K->520276K(1808896K), 0.1344646 secs] [Times: user=0.80 sys=0.01, real=0.14 secs] 
3268.731: [GC (Allocation Failure) [PSYoungGen: 418976K->145792K(504320K)] 836180K->663757K(1811968K), 0.0518802 secs] [Times: user=0.31 sys=0.00, real=0.05 secs] 
3272.657: [GC (Allocation Failure) [PSYoungGen: 461696K->105056K(506368K)] 979661K->759725K(1814016K), 0.1680753 secs] [Times: user=1.01 sys=0.00, real=0.16 secs] 
3274.899: [GC (Allocation Failure) [PSYoungGen: 425056K->148288K(507392K)] 1079725K->905314K(1815040K), 0.0532674 secs] [Times: user=0.31 sys=0.00, real=0.05 secs] 
3278.001: [GC (Allocation Failure) [PSYoungGen: 468288K->108704K(507392K)] 1225314K->1004674K(1815040K), 0.1798676 secs] [Times: user=1.07 sys=0.01, real=0.18 secs] 
3280.619: [GC (Allocation Failure) [PSYoungGen: 429728K->148096K(507904K)] 1325698K->1149727K(1815552K), 0.0538607 secs] [Times: user=0.32 sys=0.00, real=0.05 secs] 
3283.415: [GC (Allocation Failure) [PSYoungGen: 469120K->103888K(509440K)] 1470751K->1244616K(1817088K), 0.1688147 secs] [Times: user=1.00 sys=0.00, real=0.17 secs] 
3283.584: [Full GC (Ergonomics) [PSYoungGen: 103888K->0K(509440K)] [ParOldGen: 1140727K->43679K(1201664K)] 1244616K->43679K(1711104K), [Metaspace: 60207K->60207K(1105920K)], 0.1250944 secs] [Times: user=0.52 sys=0.00, real=0.13 secs] 
3284.858: [GC (Allocation Failure) [PSYoungGen: 322560K->153728K(476672K)] 366239K->197407K(1678336K), 0.0309321 secs] [Times: user=0.19 sys=0.00, real=0.03 secs] 
3287.321: [GC (Allocation Failure) [PSYoungGen: 476288K->108064K(510464K)] 519967K->296523K(1712128K), 0.1672208 secs] [Times: user=1.00 sys=0.00, real=0.17 secs] 
3289.067: [GC (Allocation Failure) [PSYoungGen: 424703K->150032K(507392K)] 613162K->441995K(1709056K), 0.0516642 secs] [Times: user=0.31 sys=0.00, real=0.05 secs] 
3292.331: [GC (Allocation Failure) [PSYoungGen: 469008K->104080K(507904K)] 760971K->537247K(1709568K), 0.1722418 secs] [Times: user=1.03 sys=0.00, real=0.17 secs] 
3293.379: [GC (Allocation Failure) [PSYoungGen: 413413K->147568K(507392K)] 846580K->680244K(1709056K), 0.0509570 secs] [Times: user=0.30 sys=0.00, real=0.05 secs] 
3297.799: [GC (Allocation Failure) [PSYoungGen: 466032K->103888K(506880K)] 998708K->775440K(1708544K), 0.1774819 secs] [Times: user=1.05 sys=0.00, real=0.18 secs] 
3299.237: [GC (Allocation Failure) [PSYoungGen: 419675K->147712K(507392K)] 1091226K->918780K(1709056K), 0.0511409 secs] [Times: user=0.30 sys=0.00, real=0.05 secs] 
3301.548: [GC (Allocation Failure) [PSYoungGen: 466688K->104576K(508416K)] 1237756K->1014268K(1710080K), 0.1727559 secs] [Times: user=1.02 sys=0.00, real=0.17 secs] 
3302.969: [GC (Allocation Failure) [PSYoungGen: 415340K->147424K(508416K)] 1325033K->1157441K(1710080K), 0.0505699 secs] [Times: user=0.30 sys=0.00, real=0.05 secs] 
3305.089: [GC (Allocation Failure) [PSYoungGen: 467424K->110080K(505856K)] 1477441K->1258657K(1707520K), 0.1541506 secs] [Times: user=0.87 sys=0.01, real=0.15 secs] 
3305.243: [Full GC (Ergonomics) [PSYoungGen: 110080K->0K(505856K)] [ParOldGen: 1148577K->62433K(1260544K)] 1258657K->62433K(1766400K), [Metaspace: 60210K->60210K(1105920K)], 0.1602549 secs] [Times: user=0.67 sys=0.00, real=0.16 secs] 
3305.984: [GC (Allocation Failure) [PSYoungGen: 320512K->150432K(507392K)] 382945K->212865K(1767936K), 0.0345006 secs] [Times: user=0.20 sys=0.00, real=0.04 secs] 
3309.684: [GC (Allocation Failure) [PSYoungGen: 470944K->97024K(509952K)] 533377K->309370K(1770496K), 0.1627055 secs] [Times: user=0.96 sys=0.00, real=0.17 secs] 
3310.156: [GC (Allocation Failure) [PSYoungGen: 417024K->154176K(474624K)] 629370K->457947K(1735168K), 0.0549434 secs] [Times: user=0.33 sys=0.00, real=0.06 secs] 
3312.994: [GC (Allocation Failure) [PSYoungGen: 474176K->102112K(507392K)] 777947K->559179K(1767936K), 0.1381806 secs] [Times: user=0.82 sys=0.01, real=0.14 secs] 
3313.686: [GC (Allocation Failure) [PSYoungGen: 415968K->152576K(466944K)] 873035K->702131K(1727488K), 0.0860289 secs] [Times: user=0.51 sys=0.00, real=0.09 secs] 
3317.572: [GC (Allocation Failure) [PSYoungGen: 466432K->92400K(504832K)] 1015987K->794428K(1765376K), 0.1602347 secs] [Times: user=0.95 sys=0.00, real=0.16 secs] 
3318.155: [GC (Allocation Failure) [PSYoungGen: 402160K->150656K(460800K)] 1104188K->939008K(1721344K), 0.0800264 secs] [Times: user=0.48 sys=0.00, real=0.08 secs] 
3322.246: [GC (Allocation Failure) [PSYoungGen: 460416K->88880K(502272K)] 1248768K->1027753K(1762816K), 0.1594523 secs] [Times: user=0.95 sys=0.00, real=0.16 secs] 
3322.669: [GC (Allocation Failure) [PSYoungGen: 394032K->149264K(454656K)] 1332905K->1170990K(1715200K), 0.0524297 secs] [Times: user=0.31 sys=0.00, real=0.05 secs] 
3325.638: [GC (Allocation Failure) [PSYoungGen: 454416K->90272K(501248K)] 1476142K->1260925K(1761792K), 0.1729858 secs] [Times: user=0.85 sys=0.06, real=0.17 secs] 
3325.812: [Full GC (Ergonomics) [PSYoungGen: 90272K->0K(501248K)] [ParOldGen: 1170653K->62573K(1305600K)] 1260925K->62573K(1806848K), [Metaspace: 60210K->60210K(1105920K)], 0.1997882 secs] [Times: user=0.87 sys=0.01, real=0.20 secs] 
3326.656: [GC (Allocation Failure) [PSYoungGen: 294477K->138912K(441856K)] 357050K->201485K(1747456K), 0.0275397 secs] [Times: user=0.16 sys=0.00, real=0.03 secs] 
3329.511: [GC (Allocation Failure) [PSYoungGen: 441504K->100064K(501760K)] 504077K->292941K(1807360K), 0.1038219 secs] [Times: user=0.62 sys=0.00, real=0.10 secs] 
3330.844: [GC (Allocation Failure) [PSYoungGen: 405728K->143264K(498688K)] 598605K->432217K(1804288K), 0.0484502 secs] [Times: user=0.29 sys=0.00, real=0.05 secs] 
3333.730: [GC (Allocation Failure) [PSYoungGen: 448928K->100704K(501760K)] 737881K->524033K(1807360K), 0.1000707 secs] [Times: user=0.60 sys=0.00, real=0.10 secs] 
3335.383: [GC (Allocation Failure) [PSYoungGen: 412512K->145104K(502784K)] 835841K->665087K(1808384K), 0.0501947 secs] [Times: user=0.30 sys=0.00, real=0.05 secs] 
3338.649: [GC (Allocation Failure) [PSYoungGen: 456912K->100640K(504320K)] 976895K->756186K(1809920K), 0.1285222 secs] [Times: user=0.76 sys=0.01, real=0.13 secs] 
3340.830: [GC (Allocation Failure) [PSYoungGen: 416032K->147792K(505344K)] 1071578K->900752K(1810944K), 0.0508840 secs] [Times: user=0.30 sys=0.00, real=0.05 secs] 
3343.517: [GC (Allocation Failure) [PSYoungGen: 463184K->104928K(504320K)] 1216144K->996835K(1809920K), 0.1582644 secs] [Times: user=0.94 sys=0.00, real=0.15 secs] 
3346.006: [GC (Allocation Failure) [PSYoungGen: 421344K->146256K(505344K)] 1313251K->1140481K(1810944K), 0.0524252 secs] [Times: user=0.31 sys=0.00, real=0.06 secs] 
3348.036: [GC (Allocation Failure) [PSYoungGen: 462672K->107072K(505344K)] 1456897K->1238472K(1810944K), 0.1661604 secs] [Times: user=0.99 sys=0.00, real=0.17 secs] 
3348.202: [Full GC (Ergonomics) [PSYoungGen: 107072K->0K(505344K)] [ParOldGen: 1131400K->41890K(1304064K)] 1238472K->41890K(1809408K), [Metaspace: 60214K->60214K(1105920K)], 0.1293896 secs] [Times: user=0.54 sys=0.00, real=0.13 secs] 
3349.985: [GC (Allocation Failure) [PSYoungGen: 318464K->148144K(506368K)] 360354K->190035K(1810432K), 0.0298914 secs] [Times: user=0.17 sys=0.00, real=0.03 secs] 
3352.898: [GC (Allocation Failure) [PSYoungGen: 466608K->109600K(506368K)] 508499K->290086K(1810432K), 0.1045453 secs] [Times: user=0.61 sys=0.00, real=0.10 secs] 
3354.547: [GC (Allocation Failure) [PSYoungGen: 430112K->149184K(507392K)] 610598K->435683K(1811456K), 0.0527611 secs] [Times: user=0.31 sys=0.00, real=0.05 secs] 
3359.371: [GC (Allocation Failure) [PSYoungGen: 469696K->101312K(509952K)] 756195K->527931K(1814016K), 0.1626934 secs] [Times: user=0.97 sys=0.00, real=0.16 secs] 
3361.019: [GC (Allocation Failure) [PSYoungGen: 422336K->153216K(474624K)] 848955K->676968K(1778688K), 0.0515450 secs] [Times: user=0.30 sys=0.00, real=0.05 secs] 
3364.407: [GC (Allocation Failure) [PSYoungGen: 474240K->106080K(509440K)] 997992K->774556K(1813504K), 0.1793223 secs] [Times: user=1.06 sys=0.00, real=0.18 secs] 
3365.294: [GC (Allocation Failure) [PSYoungGen: 414293K->145504K(506368K)] 1082769K->916597K(1810432K), 0.0703928 secs] [Times: user=0.42 sys=0.00, real=0.07 secs] 
3368.133: [GC (Allocation Failure) [PSYoungGen: 462432K->104000K(506368K)] 1233525K->1012205K(1810432K), 0.1715801 secs] [Times: user=1.02 sys=0.00, real=0.17 secs] 
3369.858: [GC (Allocation Failure) [PSYoungGen: 419067K->147328K(506880K)] 1327272K->1155369K(1810944K), 0.0510170 secs] [Times: user=0.30 sys=0.00, real=0.05 secs] 
3372.688: [GC (Allocation Failure) [PSYoungGen: 466304K->106240K(507392K)] 1474345K->1252881K(1811456K), 0.1515898 secs] [Times: user=0.90 sys=0.00, real=0.15 secs] 
3372.839: [Full GC (Ergonomics) [PSYoungGen: 106240K->0K(507392K)] [ParOldGen: 1146641K->56302K(1349632K)] 1252881K->56302K(1857024K), [Metaspace: 60234K->60234K(1105920K)], 0.1504579 secs] [Times: user=0.69 sys=0.00, real=0.15 secs] 
3373.939: [GC (Allocation Failure) [PSYoungGen: 307527K->145520K(507904K)] 363829K->201823K(1857536K), 0.0288821 secs] [Times: user=0.17 sys=0.00, real=0.03 secs] 
3377.982: [GC (Allocation Failure) [PSYoungGen: 466032K->105200K(507904K)] 522335K->298227K(1857536K), 0.1638710 secs] [Times: user=0.98 sys=0.00, real=0.16 secs] 
3378.961: [GC (Allocation Failure) [PSYoungGen: 413904K->145568K(508928K)] 606931K->440131K(1858560K), 0.1116427 secs] [Times: user=0.67 sys=0.00, real=0.11 secs] 
3382.692: [GC (Allocation Failure) [PSYoungGen: 468128K->104096K(509952K)] 762691K->535804K(1859584K), 0.1590210 secs] [Times: user=0.94 sys=0.00, real=0.16 secs] 
3384.164: [GC (Allocation Failure) [PSYoungGen: 423214K->147616K(510464K)] 854922K->678956K(1860096K), 0.0507052 secs] [Times: user=0.30 sys=0.00, real=0.05 secs] 
3387.509: [GC (Allocation Failure) [PSYoungGen: 472224K->108832K(509952K)] 1003564K->778708K(1859584K), 0.1630675 secs] [Times: user=0.97 sys=0.00, real=0.16 secs] 
3388.308: [GC (Allocation Failure) [PSYoungGen: 433952K->185328K(510464K)] 1103828K->961092K(1860096K), 0.0548310 secs] [Times: user=0.32 sys=0.00, real=0.05 secs] 
3391.341: [GC (Allocation Failure) [PSYoungGen: 510448K->101104K(421376K)] 1286212K->1028892K(1771008K), 0.1688422 secs] [Times: user=1.00 sys=0.00, real=0.17 secs] 
3391.727: [GC (Allocation Failure) [PSYoungGen: 334064K->115008K(465920K)] 1261852K->1138233K(1815552K), 0.0550529 secs] [Times: user=0.32 sys=0.01, real=0.06 secs] 
3395.974: [GC (Allocation Failure) [PSYoungGen: 347968K->82144K(463360K)] 1371193K->1211985K(1812992K), 0.0552648 secs] [Times: user=0.32 sys=0.00, real=0.06 secs] 
3397.914: [GC (Allocation Failure) [PSYoungGen: 316640K->85872K(465408K)] 1446481K->1297869K(1815040K), 0.0773780 secs] [Times: user=0.41 sys=0.02, real=0.08 secs] 
3397.992: [Full GC (Ergonomics) [PSYoungGen: 85872K->0K(465408K)] [ParOldGen: 1211997K->100478K(1398272K)] 1297869K->100478K(1863680K), [Metaspace: 60236K->60236K(1105920K)], 0.2440109 secs] [Times: user=1.01 sys=0.00, real=0.24 secs] 
3398.401: [GC (Allocation Failure) [PSYoungGen: 234496K->115456K(451072K)] 334974K->215934K(1849344K), 0.0266663 secs] [Times: user=0.16 sys=0.00, real=0.03 secs] 
3399.931: [GC (Allocation Failure) [PSYoungGen: 355072K->65424K(459264K)] 455550K->281338K(1857536K), 0.0524945 secs] [Times: user=0.31 sys=0.00, real=0.05 secs] 
3400.660: [GC (Allocation Failure) [PSYoungGen: 305040K->119920K(461312K)] 520954K->399379K(1859584K), 0.0479225 secs] [Times: user=0.29 sys=0.00, real=0.05 secs] 
3402.464: [GC (Allocation Failure) [PSYoungGen: 378992K->116768K(470016K)] 658451K->498902K(1868288K), 0.0595526 secs] [Times: user=0.35 sys=0.01, real=0.06 secs] 
3404.045: [GC (Allocation Failure) [PSYoungGen: 375840K->82432K(484352K)] 757974K->581102K(1882624K), 0.0909210 secs] [Times: user=0.53 sys=0.01, real=0.09 secs] 
3404.881: [GC (Allocation Failure) [PSYoungGen: 368640K->138368K(485888K)] 867310K->713582K(1884160K), 0.1079413 secs] [Times: user=0.64 sys=0.00, real=0.11 secs] 
3408.604: [GC (GCLocker Initiated GC) [PSYoungGen: 424576K->77376K(497152K)] 999790K->790910K(1895424K), 0.1560075 secs] [Times: user=0.93 sys=0.00, real=0.16 secs] 
3409.067: [GC (Allocation Failure) [PSYoungGen: 376896K->162816K(462848K)] 1090482K->947803K(1861120K), 0.0518323 secs] [Times: user=0.31 sys=0.00, real=0.06 secs] 
3412.848: [GC (GCLocker Initiated GC) [PSYoungGen: 462336K->86096K(494080K)] 1247323K->1017212K(1892352K), 0.1595406 secs] [Times: user=0.95 sys=0.00, real=0.16 secs] 
3413.522: [GC (Allocation Failure) [PSYoungGen: 371792K->137248K(423424K)] 1302910K->1150842K(1821696K), 0.0485903 secs] [Times: user=0.29 sys=0.00, real=0.05 secs] 
3415.502: [GC (Allocation Failure) [PSYoungGen: 422944K->91872K(494592K)] 1436538K->1234159K(1892864K), 0.0697489 secs] [Times: user=0.42 sys=0.00, real=0.07 secs] 
3417.408: [GC (Allocation Failure) [PSYoungGen: 382176K->134272K(489984K)] 1524463K->1365447K(1888256K), 0.0491938 secs] [Times: user=0.28 sys=0.00, real=0.05 secs] 
3417.458: [Full GC (Ergonomics) [PSYoungGen: 134272K->0K(489984K)] [ParOldGen: 1231175K->166284K(1398272K)] 1365447K->166284K(1888256K), [Metaspace: 60246K->60246K(1105920K)], 0.3938433 secs] [Times: user=1.82 sys=0.00, real=0.39 secs] 
3418.950: [GC (Allocation Failure) [PSYoungGen: 290304K->100816K(493568K)] 456588K->267101K(1891840K), 0.0371200 secs] [Times: user=0.21 sys=0.00, real=0.04 secs] 
3420.905: [GC (Allocation Failure) [PSYoungGen: 401360K->134368K(493568K)] 567645K->400090K(1891840K), 0.0548457 secs] [Times: user=0.32 sys=0.00, real=0.06 secs] 
3423.781: [GC (Allocation Failure) [PSYoungGen: 434912K->110432K(493056K)] 700634K->501054K(1891328K), 0.0632052 secs] [Times: user=0.37 sys=0.00, real=0.06 secs] 
3426.448: [GC (Allocation Failure) [PSYoungGen: 423776K->128288K(499200K)] 814398K->629358K(1897472K), 0.0609989 secs] [Times: user=0.36 sys=0.00, real=0.06 secs] 
3427.713: [GC (Allocation Failure) [PSYoungGen: 441632K->256K(488960K)] 942702K->501350K(1887232K), 0.0029876 secs] [Times: user=0.02 sys=0.00, real=0.00 secs] 
3428.500: [GC (Allocation Failure) [PSYoungGen: 305920K->129296K(502272K)] 807014K->630407K(1900544K), 0.0265851 secs] [Times: user=0.15 sys=0.00, real=0.03 secs] 
3430.621: [GC (Allocation Failure) [PSYoungGen: 434960K->119168K(492032K)] 936071K->738547K(1890304K), 0.0643284 secs] [Times: user=0.38 sys=0.00, real=0.06 secs] 
3432.510: [GC (Allocation Failure) [PSYoungGen: 424832K->123296K(497152K)] 1044211K->861883K(1895424K), 0.0682902 secs] [Times: user=0.41 sys=0.00, real=0.07 secs] 
3433.940: [GC (Allocation Failure) [PSYoungGen: 428960K->125248K(499712K)] 1167547K->976598K(1897984K), 0.0635976 secs] [Times: user=0.38 sys=0.00, real=0.06 secs] 
3436.557: [GC (Allocation Failure) [PSYoungGen: 443712K->124000K(504832K)] 1295062K->1100082K(1903104K), 0.0673576 secs] [Times: user=0.40 sys=0.00, real=0.07 secs] 
3437.847: [GC (Allocation Failure) [PSYoungGen: 442464K->124672K(505344K)] 1418546K->1214269K(1903616K), 0.0642227 secs] [Times: user=0.38 sys=0.00, real=0.06 secs] 
3440.443: [GC (Allocation Failure) [PSYoungGen: 453888K->133536K(509952K)] 1543485K->1347478K(1908224K), 0.0612941 secs] [Times: user=0.36 sys=0.00, real=0.06 secs] 
3440.504: [Full GC (Ergonomics) [PSYoungGen: 133536K->0K(509952K)] [ParOldGen: 1213941K->148510K(1398272K)] 1347478K->148510K(1908224K), [Metaspace: 60250K->60250K(1105920K)], 0.3462497 secs] [Times: user=1.58 sys=0.00, real=0.35 secs] 
3441.991: [GC (Allocation Failure) [PSYoungGen: 329216K->118256K(506368K)] 477726K->266766K(1904640K), 0.0421103 secs] [Times: user=0.25 sys=0.00, real=0.04 secs] 
3443.110: [GC (Allocation Failure) [PSYoungGen: 455152K->151248K(512000K)] 603662K->417356K(1910272K), 0.0600481 secs] [Times: user=0.35 sys=0.00, real=0.06 secs] 
3445.643: [GC (Allocation Failure) [PSYoungGen: 488144K->116576K(518144K)] 754252K->524763K(1916416K), 0.1683365 secs] [Times: user=1.00 sys=0.00, real=0.17 secs] 
3447.700: [GC (Allocation Failure) [PSYoungGen: 456544K->157504K(497664K)] 864731K->680228K(1895936K), 0.0667415 secs] [Times: user=0.40 sys=0.00, real=0.06 secs] 
3451.638: [GC (Allocation Failure) [PSYoungGen: 497472K->111680K(518144K)] 1020196K->783372K(1916416K), 0.1515469 secs] [Times: user=0.91 sys=0.00, real=0.15 secs] 
3453.152: [GC (Allocation Failure) [PSYoungGen: 444992K->159040K(492544K)] 1116684K->937841K(1890816K), 0.0552176 secs] [Times: user=0.32 sys=0.00, real=0.06 secs] 
3456.736: [GC (Allocation Failure) [PSYoungGen: 492352K->101600K(512512K)] 1271153K->1039017K(1910784K), 0.1613191 secs] [Times: user=0.95 sys=0.01, real=0.17 secs] 
3457.174: [GC (Allocation Failure) [PSYoungGen: 425696K->158368K(482816K)] 1363113K->1191182K(1881088K), 0.0592302 secs] [Times: user=0.35 sys=0.00, real=0.06 secs] 
3461.662: [GC (Allocation Failure) [PSYoungGen: 482464K->97728K(507392K)] 1515278K->1288810K(1905664K), 0.1292427 secs] [Times: user=0.77 sys=0.00, real=0.13 secs] 
3461.791: [Full GC (Ergonomics) [PSYoungGen: 97728K->0K(507392K)] [ParOldGen: 1191082K->86801K(1398272K)] 1288810K->86801K(1905664K), [Metaspace: 60252K->60252K(1105920K)], 0.2225274 secs] [Times: user=1.04 sys=0.00, real=0.22 secs] 
3462.224: [GC (Allocation Failure) [PSYoungGen: 314368K->170064K(484864K)] 401169K->256866K(1883136K), 0.0346978 secs] [Times: user=0.21 sys=0.00, real=0.04 secs] 
3467.173: [GC (Allocation Failure) [PSYoungGen: 484432K->92032K(498176K)] 571234K->332426K(1896448K), 0.1195781 secs] [Times: user=0.71 sys=0.00, real=0.12 secs] 
3467.514: [GC (Allocation Failure) [PSYoungGen: 388480K->144480K(441344K)] 628874K->470975K(1839616K), 0.0546297 secs] [Times: user=0.32 sys=0.00, real=0.06 secs] 
3470.688: [GC (Allocation Failure) [PSYoungGen: 440928K->85248K(496640K)] 767423K->555715K(1894912K), 0.1352553 secs] [Times: user=0.80 sys=0.00, real=0.13 secs] 
3471.397: [GC (Allocation Failure) [PSYoungGen: 381696K->177440K(474112K)] 852163K->727696K(1872384K), 0.0876323 secs] [Times: user=0.52 sys=0.00, real=0.08 secs] 
3474.885: [GC (Allocation Failure) [PSYoungGen: 473888K->85536K(487424K)] 1024144K->780260K(1885696K), 0.1711312 secs] [Times: user=1.02 sys=0.00, real=0.17 secs] 
3476.037: [GC (Allocation Failure) [PSYoungGen: 360480K->130832K(406016K)] 1055204K->907113K(1804288K), 0.0470045 secs] [Times: user=0.27 sys=0.00, real=0.04 secs] 
3478.107: [GC (Allocation Failure) [PSYoungGen: 405776K->89952K(482304K)] 1182057K->988445K(1880576K), 0.0605837 secs] [Times: user=0.36 sys=0.00, real=0.06 secs] 
3481.612: [GC (Allocation Failure) [PSYoungGen: 366944K->123616K(480256K)] 1265437K->1110017K(1878528K), 0.0529863 secs] [Times: user=0.32 sys=0.00, real=0.05 secs] 
3482.854: [GC (Allocation Failure) [PSYoungGen: 400608K->113600K(489472K)] 1387009K->1214141K(1887744K), 0.0618236 secs] [Times: user=0.37 sys=0.00, real=0.06 secs] 
3486.126: [GC (Allocation Failure) [PSYoungGen: 410048K->110176K(486400K)] 1510589K->1324005K(1884672K), 0.0743886 secs] [Times: user=0.44 sys=0.01, real=0.08 secs] 
3486.200: [Full GC (Ergonomics) [PSYoungGen: 110176K->0K(486400K)] [ParOldGen: 1213829K->125280K(1398272K)] 1324005K->125280K(1884672K), [Metaspace: 60254K->60254K(1105920K)], 0.2897604 secs] [Times: user=1.32 sys=0.00, real=0.29 secs] 
3488.145: [GC (Allocation Failure) [PSYoungGen: 293737K->175104K(486400K)] 419018K->300384K(1884672K), 0.0509466 secs] [Times: user=0.30 sys=0.00, real=0.05 secs] 
3489.882: [GC (Allocation Failure) [PSYoungGen: 476672K->121792K(500224K)] 601952K->385073K(1898496K), 0.1073685 secs] [Times: user=0.64 sys=0.00, real=0.11 secs] 
3490.893: [GC (Allocation Failure) [PSYoungGen: 423360K->148800K(497664K)] 686641K->499330K(1895936K), 0.1383206 secs] [Times: user=0.83 sys=0.00, real=0.14 secs] 
3495.312: [GC (Allocation Failure) [PSYoungGen: 457024K->88960K(502272K)] 807554K->588298K(1900544K), 0.1060949 secs] [Times: user=0.63 sys=0.00, real=0.11 secs] 
3495.714: [GC (Allocation Failure) [PSYoungGen: 397184K->149408K(499712K)] 896522K->731707K(1897984K), 0.0568322 secs] [Times: user=0.33 sys=0.00, real=0.06 secs] 
3500.004: [GC (Allocation Failure) [PSYoungGen: 455072K->87904K(502272K)] 1037371K->819679K(1900544K), 0.1074970 secs] [Times: user=0.64 sys=0.00, real=0.11 secs] 
3500.351: [GC (Allocation Failure) [PSYoungGen: 393568K->148416K(498688K)] 1125343K->962108K(1896960K), 0.0564201 secs] [Times: user=0.33 sys=0.00, real=0.06 secs] 
3504.018: [GC (Allocation Failure) [PSYoungGen: 451008K->87632K(500736K)] 1264700K->1049637K(1899008K), 0.1173779 secs] [Times: user=0.70 sys=0.00, real=0.11 secs] 
3504.866: [GC (Allocation Failure) [PSYoungGen: 390224K->146752K(498176K)] 1352229K->1190041K(1896448K), 0.1463484 secs] [Times: user=0.88 sys=0.00, real=0.15 secs] 
3509.947: [GC (GCLocker Initiated GC) [PSYoungGen: 447296K->83248K(499712K)] 1490585K->1273146K(1897984K), 0.1586058 secs] [Times: user=0.95 sys=0.00, real=0.16 secs] 
3510.762: [GC (Allocation Failure) [PSYoungGen: 383792K->144832K(497152K)] 1573692K->1412256K(1895424K), 0.1234638 secs] [Times: user=0.61 sys=0.06, real=0.12 secs] 
3510.886: [Full GC (Ergonomics) [PSYoungGen: 144832K->0K(497152K)] [ParOldGen: 1267424K->210821K(1398272K)] 1412256K->210821K(1895424K), [Metaspace: 60254K->60254K(1105920K)], 0.5300914 secs] [Times: user=2.51 sys=0.00, real=0.53 secs] 
3514.326: [GC (Allocation Failure) [PSYoungGen: 298496K->88128K(387072K)] 509317K->298949K(1785344K), 0.1611815 secs] [Times: user=0.96 sys=0.00, real=0.17 secs] 
3515.312: [GC (Allocation Failure) [PSYoungGen: 386624K->141120K(497664K)] 597445K->436134K(1895936K), 0.0481330 secs] [Times: user=0.28 sys=0.00, real=0.05 secs] 
3518.027: [GC (Allocation Failure) [PSYoungGen: 440640K->97440K(397312K)] 735654K->524458K(1795584K), 0.0988765 secs] [Times: user=0.59 sys=0.00, real=0.09 secs] 
3519.431: [GC (Allocation Failure) [PSYoungGen: 396960K->142528K(495104K)] 823978K->662462K(1893376K), 0.0482221 secs] [Times: user=0.28 sys=0.00, real=0.05 secs] 
3522.025: [GC (Allocation Failure) [PSYoungGen: 443072K->98528K(496640K)] 963006K->751894K(1894912K), 0.1216355 secs] [Times: user=0.72 sys=0.01, real=0.12 secs] 
3524.241: [GC (Allocation Failure) [PSYoungGen: 399072K->137536K(501248K)] 1052438K->886271K(1899520K), 0.0502415 secs] [Times: user=0.29 sys=0.00, real=0.05 secs] 
3527.804: [GC (Allocation Failure) [PSYoungGen: 446272K->103072K(500736K)] 1195007K->979871K(1899008K), 0.0643008 secs] [Times: user=0.39 sys=0.00, real=0.07 secs] 
3530.549: [GC (Allocation Failure) [PSYoungGen: 411808K->150144K(497664K)] 1288607K->1127764K(1895936K), 0.0541612 secs] [Times: user=0.31 sys=0.00, real=0.05 secs] 
3532.291: [GC (Allocation Failure) [PSYoungGen: 459904K->107488K(502272K)] 1437524K->1218428K(1900544K), 0.0672576 secs] [Times: user=0.40 sys=0.00, real=0.07 secs] 
3535.208: [GC (Allocation Failure) [PSYoungGen: 417248K->139296K(505856K)] 1528188K->1356137K(1904128K), 0.0546038 secs] [Times: user=0.32 sys=0.00, real=0.05 secs] 
3536.847: [GC (Allocation Failure) [PSYoungGen: 457248K->111504K(429568K)] 1674089K->1458294K(1827840K), 0.0695107 secs] [Times: user=0.39 sys=0.02, real=0.07 secs] 
3536.917: [Full GC (Ergonomics) [PSYoungGen: 111504K->0K(429568K)] [ParOldGen: 1346789K->27323K(1398272K)] 1458294K->27323K(1827840K), [Metaspace: 60256K->60256K(1105920K)], 0.0485032 secs] [Times: user=0.15 sys=0.00, real=0.04 secs] 
3538.781: [GC (Allocation Failure) [PSYoungGen: 317952K->142496K(503808K)] 345275K->169819K(1902080K), 0.0280642 secs] [Times: user=0.17 sys=0.00, real=0.03 secs] 
3542.186: [GC (Allocation Failure) [PSYoungGen: 463008K->111968K(505856K)] 490331K->272087K(1904128K), 0.0641547 secs] [Times: user=0.38 sys=0.00, real=0.07 secs] 
3544.885: [GC (Allocation Failure) [PSYoungGen: 432480K->144864K(508416K)] 592599K->414492K(1906688K), 0.0538072 secs] [Times: user=0.31 sys=0.00, real=0.06 secs] 
3547.457: [GC (Allocation Failure) [PSYoungGen: 472544K->110656K(510976K)] 742172K->515956K(1909248K), 0.1046309 secs] [Times: user=0.62 sys=0.00, real=0.10 secs] 
3549.977: [GC (Allocation Failure) [PSYoungGen: 438336K->150288K(509952K)] 843636K->663469K(1908224K), 0.1046027 secs] [Times: user=0.62 sys=0.00, real=0.10 secs] 
3552.696: [GC (Allocation Failure) [PSYoungGen: 480528K->112384K(514560K)] 993709K->767405K(1912832K), 0.1712808 secs] [Times: user=1.01 sys=0.01, real=0.18 secs] 
3553.901: [GC (Allocation Failure) [PSYoungGen: 432556K->151424K(508928K)] 1087576K->915065K(1907200K), 0.0539954 secs] [Times: user=0.32 sys=0.00, real=0.05 secs] 
3557.356: [GC (Allocation Failure) [PSYoungGen: 479616K->106912K(513536K)] 1243257K->1013373K(1911808K), 0.1833640 secs] [Times: user=1.10 sys=0.00, real=0.19 secs] 
3559.428: [GC (Allocation Failure) [PSYoungGen: 435104K->152576K(506880K)] 1341565K->1161894K(1905152K), 0.1297532 secs] [Times: user=0.77 sys=0.01, real=0.13 secs] 
3562.240: [GC (Allocation Failure) [PSYoungGen: 476672K->100160K(511488K)] 1485990K->1261902K(1909760K), 0.1461344 secs] [Times: user=0.86 sys=0.01, real=0.14 secs] 
3562.844: [GC (Allocation Failure) [PSYoungGen: 424256K->157536K(500736K)] 1585998K->1413431K(1899008K), 0.0571427 secs] [Times: user=0.34 sys=0.00, real=0.06 secs] 
3562.901: [Full GC (Ergonomics) [PSYoungGen: 157536K->0K(500736K)] [ParOldGen: 1255895K->218693K(1398272K)] 1413431K->218693K(1899008K), [Metaspace: 60271K->60271K(1105920K)], 0.5126895 secs] [Times: user=2.40 sys=0.00, real=0.51 secs] 
3567.932: [GC (Allocation Failure) [PSYoungGen: 314880K->94640K(506880K)] 533573K->313334K(1905152K), 0.1180915 secs] [Times: user=0.70 sys=0.00, real=0.12 secs] 
3568.320: [GC (Allocation Failure) [PSYoungGen: 409520K->153232K(500224K)] 628214K->460643K(1898496K), 0.0562035 secs] [Times: user=0.34 sys=0.00, real=0.05 secs] 
3572.442: [GC (Allocation Failure) [PSYoungGen: 461968K->90432K(503808K)] 769379K->550775K(1902080K), 0.1311422 secs] [Times: user=0.78 sys=0.00, real=0.13 secs] 
3572.832: [GC (Allocation Failure) [PSYoungGen: 399168K->148208K(500736K)] 859511K->692864K(1899008K), 0.0538569 secs] [Times: user=0.32 sys=0.00, real=0.05 secs] 
3577.103: [GC (Allocation Failure) [PSYoungGen: 453872K->91328K(502272K)] 998528K->783055K(1900544K), 0.1497354 secs] [Times: user=0.89 sys=0.00, real=0.15 secs] 
3577.512: [GC (Allocation Failure) [PSYoungGen: 396992K->146224K(500224K)] 1088719K->923653K(1898496K), 0.0529460 secs] [Times: user=0.32 sys=0.00, real=0.05 secs] 
3581.414: [GC (Allocation Failure) [PSYoungGen: 450864K->92672K(501760K)] 1228293K->1015008K(1900032K), 0.1463546 secs] [Times: user=0.85 sys=0.00, real=0.15 secs] 
3581.957: [GC (Allocation Failure) [PSYoungGen: 390570K->139664K(499712K)] 1312907K->1150818K(1897984K), 0.0512197 secs] [Times: user=0.30 sys=0.00, real=0.05 secs] 
3587.002: [GC (Allocation Failure) [PSYoungGen: 445840K->94368K(500736K)] 1456994K->1235905K(1899008K), 0.1610039 secs] [Times: user=0.96 sys=0.00, real=0.16 secs] 
3588.333: [GC (Allocation Failure) [PSYoungGen: 400544K->146128K(501248K)] 1542081K->1377751K(1899520K), 0.0488243 secs] [Times: user=0.29 sys=0.00, real=0.05 secs] 
3588.382: [Full GC (Ergonomics) [PSYoungGen: 146128K->0K(501248K)] [ParOldGen: 1231622K->186415K(1398272K)] 1377751K->186415K(1899520K), [Metaspace: 60273K->60273K(1105920K)], 0.4438006 secs] [Times: user=2.07 sys=0.00, real=0.44 secs] 
3590.921: [GC (Allocation Failure) [PSYoungGen: 308736K->102992K(412160K)] 495151K->289408K(1810432K), 0.0485521 secs] [Times: user=0.29 sys=0.00, real=0.05 secs] 
3591.681: [GC (Allocation Failure) [PSYoungGen: 411728K->155264K(496640K)] 598144K->441736K(1894912K), 0.0510553 secs] [Times: user=0.30 sys=0.00, real=0.05 secs] 
3593.909: [GC (Allocation Failure) [PSYoungGen: 460928K->100464K(502272K)] 747400K->525553K(1900544K), 0.1192417 secs] [Times: user=0.71 sys=0.00, real=0.12 secs] 
3595.328: [GC (Allocation Failure) [PSYoungGen: 406128K->142048K(500736K)] 831217K->665049K(1899008K), 0.0507344 secs] [Times: user=0.30 sys=0.00, real=0.05 secs] 
3597.419: [GC (Allocation Failure) [PSYoungGen: 450784K->104192K(502784K)] 973785K->760153K(1901056K), 0.1009111 secs] [Times: user=0.60 sys=0.00, real=0.10 secs] 
3599.699: [GC (Allocation Failure) [PSYoungGen: 412928K->139840K(503808K)] 1068889K->897742K(1902080K), 0.0519941 secs] [Times: user=0.30 sys=0.00, real=0.05 secs] 
3601.349: [GC (Allocation Failure) [PSYoungGen: 453184K->105704K(503296K)] 1211086K->994110K(1901568K), 0.0899665 secs] [Times: user=0.53 sys=0.00, real=0.09 secs] 
3603.917: [GC (Allocation Failure) [PSYoungGen: 419048K->143120K(503296K)] 1307454K->1134923K(1901568K), 0.0531149 secs] [Times: user=0.32 sys=0.00, real=0.05 secs] 
3605.102: [GC (Allocation Failure) [PSYoungGen: 460048K->109872K(504832K)] 1451851K->1235607K(1903104K), 0.0650455 secs] [Times: user=0.39 sys=0.00, real=0.07 secs] 
3607.342: [GC (Allocation Failure) [PSYoungGen: 426800K->145440K(505856K)] 1552535K->1379055K(1904128K), 0.0545968 secs] [Times: user=0.32 sys=0.00, real=0.06 secs] 
3607.397: [Full GC (Ergonomics) [PSYoungGen: 145440K->0K(505856K)] [ParOldGen: 1233615K->177832K(1398272K)] 1379055K->177832K(1904128K), [Metaspace: 60397K->60397K(1105920K)], 0.4249374 secs] [Times: user=1.98 sys=0.00, real=0.42 secs] 
3610.069: [GC (Allocation Failure) [PSYoungGen: 322048K->108960K(508416K)] 499880K->286792K(1906688K), 0.0756155 secs] [Times: user=0.45 sys=0.00, real=0.07 secs] 
3611.655: [GC (Allocation Failure) [PSYoungGen: 431008K->147872K(508416K)] 608840K->431897K(1906688K), 0.0535041 secs] [Times: user=0.32 sys=0.00, real=0.06 secs] 
3614.110: [GC (Allocation Failure) [PSYoungGen: 473504K->110336K(511488K)] 757529K->532989K(1909760K), 0.1509598 secs] [Times: user=0.90 sys=0.01, real=0.15 secs] 
3616.044: [GC (Allocation Failure) [PSYoungGen: 435968K->150512K(508928K)] 858621K->679794K(1907200K), 0.0537480 secs] [Times: user=0.32 sys=0.00, real=0.06 secs] 
3619.317: [GC (GCLocker Initiated GC) [PSYoungGen: 476656K->111632K(512512K)] 1005938K->781966K(1910784K), 0.1414491 secs] [Times: user=0.84 sys=0.00, real=0.14 secs] 
3620.450: [GC (Allocation Failure) [PSYoungGen: 437776K->143360K(512000K)] 1124496K->937863K(1910272K), 0.2556917 secs] [Times: user=1.53 sys=0.00, real=0.25 secs] 
3624.256: [GC (Allocation Failure) [PSYoungGen: 472064K->103488K(513024K)] 1266567K->1041447K(1911296K), 0.4083864 secs] [Times: user=2.44 sys=0.01, real=0.41 secs] 
3625.468: [GC (Allocation Failure) [PSYoungGen: 432192K->156368K(504320K)] 1370151K->1191956K(1902592K), 0.1310972 secs] [Times: user=0.79 sys=0.00, real=0.13 secs] 
3630.545: [GC (Allocation Failure) [PSYoungGen: 478416K->96528K(510464K)] 1514004K->1287297K(1908736K), 0.1333233 secs] [Times: user=0.79 sys=0.00, real=0.14 secs] 
3631.961: [GC (GCLocker Initiated GC) [PSYoungGen: 418576K->154736K(501760K)] 1609345K->1435382K(1900032K), 0.1325702 secs] [Times: user=0.79 sys=0.00, real=0.13 secs] 
3632.093: [Full GC (Ergonomics) [PSYoungGen: 154736K->0K(501760K)] [ParOldGen: 1280645K->233149K(1398272K)] 1435382K->233149K(1900032K), [Metaspace: 60397K->60397K(1105920K)], 0.5877163 secs] [Times: user=2.79 sys=0.00, real=0.59 secs] 
3635.442: [GC (Allocation Failure) [PSYoungGen: 313856K->95200K(506368K)] 547008K->328352K(1904640K), 0.0553535 secs] [Times: user=0.33 sys=0.00, real=0.06 secs] 
3635.749: [GC (Allocation Failure) [PSYoungGen: 409056K->153296K(499200K)] 642208K->475441K(1897472K), 0.0561249 secs] [Times: user=0.34 sys=0.00, real=0.05 secs] 
3638.842: [GC (Allocation Failure) [PSYoungGen: 461008K->92256K(503296K)] 783153K->567437K(1901568K), 0.1248753 secs] [Times: user=0.74 sys=0.00, real=0.13 secs] 
3639.210: [GC (Allocation Failure) [PSYoungGen: 399968K->148848K(499200K)] 875149K->710290K(1897472K), 0.0559877 secs] [Times: user=0.33 sys=0.00, real=0.05 secs] 
3643.070: [GC (Allocation Failure) [PSYoungGen: 453488K->89664K(501760K)] 1014930K->799305K(1900032K), 0.1277783 secs] [Times: user=0.76 sys=0.01, real=0.13 secs] 
3643.508: [GC (Allocation Failure) [PSYoungGen: 394304K->148096K(498688K)] 1103945K->941626K(1896960K), 0.0601081 secs] [Times: user=0.36 sys=0.01, real=0.06 secs] 
3647.299: [GC (Allocation Failure) [PSYoungGen: 450688K->86800K(500736K)] 1244218K->1028343K(1899008K), 0.1523037 secs] [Times: user=0.91 sys=0.00, real=0.15 secs] 
3647.716: [GC (Allocation Failure) [PSYoungGen: 389392K->147632K(497152K)] 1330935K->1170024K(1895424K), 0.0523144 secs] [Times: user=0.31 sys=0.00, real=0.06 secs] 
3651.180: [GC (Allocation Failure) [PSYoungGen: 444888K->85200K(499200K)] 1467280K->1254864K(1897472K), 0.1500584 secs] [Times: user=0.89 sys=0.00, real=0.15 secs] 
3651.739: [GC (Allocation Failure) [PSYoungGen: 373849K->138272K(496128K)] 1543513K->1389224K(1894400K), 0.0475615 secs] [Times: user=0.28 sys=0.00, real=0.04 secs] 
3651.786: [Full GC (Ergonomics) [PSYoungGen: 138272K->0K(496128K)] [ParOldGen: 1250952K->196908K(1398272K)] 1389224K->196908K(1894400K), [Metaspace: 60405K->60405K(1105920K)], 0.4777613 secs] [Times: user=2.23 sys=0.00, real=0.48 secs] 
3655.191: [GC (Allocation Failure) [PSYoungGen: 300544K->96096K(498176K)] 497452K->293004K(1896448K), 0.0973363 secs] [Times: user=0.58 sys=0.00, real=0.10 secs] 
3657.397: [GC (Allocation Failure) [PSYoungGen: 396640K->142976K(499200K)] 593548K->431661K(1897472K), 0.0475361 secs] [Times: user=0.28 sys=0.00, real=0.05 secs] 
3659.540: [GC (Allocation Failure) [PSYoungGen: 447616K->99872K(500224K)] 736301K->522617K(1898496K), 0.1615595 secs] [Times: user=0.96 sys=0.00, real=0.16 secs] 
3661.625: [GC (Allocation Failure) [PSYoungGen: 404512K->141376K(499712K)] 827257K->661946K(1897984K), 0.0504887 secs] [Times: user=0.30 sys=0.00, real=0.05 secs] 
3663.559: [GC (Allocation Failure) [PSYoungGen: 449088K->103104K(500736K)] 969658K->756346K(1899008K), 0.0807341 secs] [Times: user=0.48 sys=0.01, real=0.08 secs] 
3666.949: [GC (Allocation Failure) [PSYoungGen: 410816K->139728K(502272K)] 1064058K->893671K(1900544K), 0.0515171 secs] [Times: user=0.31 sys=0.00, real=0.05 secs] 
3668.198: [GC (Allocation Failure) [PSYoungGen: 453072K->107936K(502784K)] 1207015K->992299K(1901056K), 0.0652264 secs] [Times: user=0.39 sys=0.00, real=0.06 secs] 
3671.469: [GC (Allocation Failure) [PSYoungGen: 421280K->142672K(503296K)] 1305643K->1132612K(1901568K), 0.0542894 secs] [Times: user=0.31 sys=0.00, real=0.05 secs] 
3673.255: [GC (Allocation Failure) [PSYoungGen: 461136K->109024K(505344K)] 1451076K->1232580K(1903616K), 0.0665568 secs] [Times: user=0.40 sys=0.00, real=0.07 secs] 
3675.923: [GC (Allocation Failure) [PSYoungGen: 427488K->146448K(506880K)] 1551044K->1376589K(1905152K), 0.0552602 secs] [Times: user=0.33 sys=0.00, real=0.06 secs] 
3675.978: [Full GC (Ergonomics) [PSYoungGen: 146448K->0K(506880K)] [ParOldGen: 1230140K->176109K(1398272K)] 1376589K->176109K(1905152K), [Metaspace: 60414K->60414K(1105920K)], 0.4186655 secs] [Times: user=1.93 sys=0.00, real=0.41 secs] 
3678.120: [GC (Allocation Failure) [PSYoungGen: 322769K->111568K(509952K)] 498878K->287677K(1908224K), 0.0975437 secs] [Times: user=0.58 sys=0.00, real=0.10 secs] 
3679.859: [GC (Allocation Failure) [PSYoungGen: 435664K->150496K(507392K)] 611773K->435150K(1905664K), 0.0546006 secs] [Times: user=0.32 sys=0.00, real=0.05 secs] 
3682.497: [GC (Allocation Failure) [PSYoungGen: 476128K->107072K(512000K)] 760782K->533054K(1910272K), 0.1588264 secs] [Times: user=0.94 sys=0.01, real=0.16 secs] 
3684.136: [GC (Allocation Failure) [PSYoungGen: 432704K->154832K(504320K)] 858686K->683871K(1902592K), 0.0530632 secs] [Times: user=0.31 sys=0.00, real=0.06 secs] 
3686.200: [GC (Allocation Failure) [PSYoungGen: 475856K->110976K(509952K)] 1004895K->785886K(1908224K), 0.1389995 secs] [Times: user=0.82 sys=0.00, real=0.14 secs] 
3687.027: [GC (Allocation Failure) [PSYoungGen: 432000K->152288K(505344K)] 1106910K->934463K(1903616K), 0.0533806 secs] [Times: user=0.31 sys=0.00, real=0.05 secs] 
3690.155: [GC (Allocation Failure) [PSYoungGen: 472288K->99040K(509440K)] 1254463K->1032767K(1907712K), 0.1583990 secs] [Times: user=0.94 sys=0.00, real=0.16 secs] 
3691.255: [GC (Allocation Failure) [PSYoungGen: 419040K->150544K(504320K)] 1352767K->1178121K(1902592K), 0.1058578 secs] [Times: user=0.63 sys=0.00, real=0.11 secs] 
3695.095: [GC (Allocation Failure) [PSYoungGen: 466448K->93104K(507392K)] 1494025K->1270953K(1905664K), 0.1576565 secs] [Times: user=0.91 sys=0.00, real=0.16 secs] 
3695.750: [GC (Allocation Failure) [PSYoungGen: 409008K->153312K(499712K)] 1586857K->1418217K(1897984K), 0.0547657 secs] [Times: user=0.33 sys=0.00, real=0.05 secs] 
3695.805: [Full GC (Ergonomics) [PSYoungGen: 153312K->0K(499712K)] [ParOldGen: 1264905K->216266K(1398272K)] 1418217K->216266K(1897984K), [Metaspace: 60421K->60421K(1105920K)], 0.5170483 secs] [Times: user=2.41 sys=0.00, real=0.52 secs] 
3700.020: [GC (Allocation Failure) [PSYoungGen: 308736K->88912K(503808K)] 525002K->305179K(1902080K), 0.1561201 secs] [Times: user=0.93 sys=0.00, real=0.15 secs] 
3700.924: [GC (Allocation Failure) [PSYoungGen: 397648K->150416K(498176K)] 613915K->449469K(1896448K), 0.0529296 secs] [Times: user=0.32 sys=0.00, real=0.06 secs] 
3704.435: [GC (Allocation Failure) [PSYoungGen: 454032K->88768K(501248K)] 753085K->538004K(1899520K), 0.1581191 secs] [Times: user=0.94 sys=0.00, real=0.16 secs] 
3705.654: [GC (Allocation Failure) [PSYoungGen: 390351K->140448K(499200K)] 839588K->674697K(1897472K), 0.0490220 secs] [Times: user=0.29 sys=0.00, real=0.05 secs] 
3708.373: [GC (Allocation Failure) [PSYoungGen: 445088K->100464K(500736K)] 979337K->766398K(1899008K), 0.1658976 secs] [Times: user=0.98 sys=0.01, real=0.17 secs] 
3710.486: [GC (Allocation Failure) [PSYoungGen: 405104K->150000K(497664K)] 1071038K->912275K(1895936K), 0.0498611 secs] [Times: user=0.29 sys=0.00, real=0.05 secs] 
3712.938: [GC (Allocation Failure) [PSYoungGen: 454640K->100464K(501248K)] 1216915K->996007K(1899520K), 0.1257690 secs] [Times: user=0.75 sys=0.00, real=0.12 secs] 
3714.810: [GC (Allocation Failure) [PSYoungGen: 405104K->141248K(502272K)] 1300647K->1133795K(1900544K), 0.0745006 secs] [Times: user=0.43 sys=0.01, real=0.07 secs] 
3717.033: [GC (Allocation Failure) [PSYoungGen: 450496K->104704K(502272K)] 1443043K->1229943K(1900544K), 0.0980906 secs] [Times: user=0.58 sys=0.00, real=0.10 secs] 
3719.652: [GC (Allocation Failure) [PSYoungGen: 413952K->141152K(501760K)] 1539191K->1368712K(1900032K), 0.0520223 secs] [Times: user=0.31 sys=0.00, real=0.05 secs] 
3719.704: [Full GC (Ergonomics) [PSYoungGen: 141152K->0K(501760K)] [ParOldGen: 1227560K->175684K(1398272K)] 1368712K->175684K(1900032K), [Metaspace: 60422K->60422K(1105920K)], 0.4187879 secs] [Times: user=1.95 sys=0.00, real=0.42 secs] 
3722.171: [GC (Allocation Failure) [PSYoungGen: 312320K->106000K(502272K)] 488004K->281684K(1900544K), 0.0454869 secs] [Times: user=0.26 sys=0.01, real=0.05 secs] 
3723.961: [GC (Allocation Failure) [PSYoungGen: 418320K->143552K(504320K)] 594004K->422413K(1902592K), 0.0529751 secs] [Times: user=0.31 sys=0.00, real=0.05 secs] 
3726.836: [GC (Allocation Failure) [PSYoungGen: 461504K->109184K(505856K)] 740365K->521941K(1904128K), 0.0689874 secs] [Times: user=0.42 sys=0.00, real=0.07 secs] 
3728.041: [GC (Allocation Failure) [PSYoungGen: 427136K->146304K(506368K)] 839893K->665642K(1904640K), 0.0538665 secs] [Times: user=0.32 sys=0.00, real=0.05 secs] 
3731.414: [GC (Allocation Failure) [PSYoungGen: 468352K->109536K(508928K)] 987690K->765874K(1907200K), 0.1062395 secs] [Times: user=0.63 sys=0.00, real=0.11 secs] 
3733.773: [GC (Allocation Failure) [PSYoungGen: 431584K->148496K(507904K)] 1087922K->910804K(1906176K), 0.0543971 secs] [Times: user=0.32 sys=0.00, real=0.06 secs] 
3735.665: [GC (Allocation Failure) [PSYoungGen: 473104K->109728K(510976K)] 1235412K->1010591K(1909248K), 0.1554169 secs] [Times: user=0.92 sys=0.00, real=0.16 secs] 
3736.846: [GC (Allocation Failure) [PSYoungGen: 434336K->162032K(499200K)] 1335199K->1168071K(1897472K), 0.0555744 secs] [Times: user=0.33 sys=0.00, real=0.06 secs] 
3739.167: [GC (Allocation Failure) [PSYoungGen: 477936K->106384K(507392K)] 1483975K->1257207K(1905664K), 0.1680779 secs] [Times: user=1.00 sys=0.01, real=0.16 secs] 
3740.154: [GC (Allocation Failure) [PSYoungGen: 413925K->144704K(505856K)] 1564747K->1398563K(1904128K), 0.1075709 secs] [Times: user=0.64 sys=0.00, real=0.11 secs] 
3740.261: [Full GC (Ergonomics) [PSYoungGen: 144704K->0K(505856K)] [ParOldGen: 1253859K->197220K(1398272K)] 1398563K->197220K(1904128K), [Metaspace: 60425K->60425K(1105920K)], 0.5215304 secs] [Times: user=2.49 sys=0.00, real=0.52 secs] 
3743.512: [GC (Allocation Failure) [PSYoungGen: 318464K->102048K(507904K)] 515684K->299268K(1906176K), 0.0980719 secs] [Times: user=0.58 sys=0.00, real=0.10 secs] 
3744.628: [GC (Allocation Failure) [PSYoungGen: 419769K->149552K(505856K)] 616989K->444597K(1904128K), 0.0497509 secs] [Times: user=0.29 sys=0.01, real=0.05 secs] 
3747.709: [GC (Allocation Failure) [PSYoungGen: 467504K->104032K(508416K)] 762549K->539757K(1906688K), 0.1620731 secs] [Times: user=0.97 sys=0.00, real=0.16 secs] 
3748.995: [GC (Allocation Failure) [PSYoungGen: 413340K->147232K(507392K)] 849065K->682649K(1905664K), 0.0499134 secs] [Times: user=0.30 sys=0.00, real=0.05 secs] 
3752.576: [GC (Allocation Failure) [PSYoungGen: 466208K->105376K(424448K)] 1001625K->779249K(1822720K), 0.1681701 secs] [Times: user=1.00 sys=0.01, real=0.17 secs] 
3754.112: [GC (Allocation Failure) [PSYoungGen: 415831K->146128K(506368K)] 1089705K->920727K(1904640K), 0.0503736 secs] [Times: user=0.30 sys=0.00, real=0.05 secs] 
3757.715: [GC (Allocation Failure) [PSYoungGen: 465104K->105488K(507904K)] 1239703K->1017607K(1906176K), 0.1561816 secs] [Times: user=0.93 sys=0.00, real=0.16 secs] 
3759.254: [GC (Allocation Failure) [PSYoungGen: 417593K->145504K(508416K)] 1329711K->1159339K(1906688K), 0.1334793 secs] [Times: user=0.80 sys=0.00, real=0.14 secs] 
3763.400: [GC (Allocation Failure) [PSYoungGen: 467040K->105120K(509440K)] 1480875K->1256043K(1907712K), 0.1785759 secs] [Times: user=1.06 sys=0.01, real=0.18 secs] 
3764.302: [GC (Allocation Failure) [PSYoungGen: 420425K->147024K(507904K)] 1571349K->1398833K(1906176K), 0.0506768 secs] [Times: user=0.30 sys=0.00, real=0.05 secs] 
3764.353: [Full GC (Ergonomics) [PSYoungGen: 147024K->0K(507904K)] [ParOldGen: 1251808K->198018K(1398272K)] 1398833K->198018K(1906176K), [Metaspace: 60425K->60425K(1105920K)], 0.4776620 secs] [Times: user=2.22 sys=0.00, real=0.48 secs] 
3767.690: [GC (Allocation Failure) [PSYoungGen: 322048K->108000K(509952K)] 520066K->306018K(1908224K), 0.0995390 secs] [Times: user=0.58 sys=0.00, real=0.10 secs] 
3768.681: [GC (Allocation Failure) [PSYoungGen: 416096K->143808K(509952K)] 614115K->445743K(1908224K), 0.0520350 secs] [Times: user=0.31 sys=0.00, real=0.05 secs] 
3771.964: [GC (Allocation Failure) [PSYoungGen: 468416K->108672K(510464K)] 770351K->545375K(1908736K), 0.1714216 secs] [Times: user=1.02 sys=0.00, real=0.17 secs] 
3774.067: [GC (Allocation Failure) [PSYoungGen: 433280K->152352K(506880K)] 869983K->693824K(1905152K), 0.1121703 secs] [Times: user=0.66 sys=0.00, real=0.11 secs] 
3778.642: [GC (Allocation Failure) [PSYoungGen: 474904K->94944K(510976K)] 1016376K->788592K(1909248K), 0.1645984 secs] [Times: user=0.98 sys=0.00, real=0.16 secs] 
3779.453: [GC (Allocation Failure) [PSYoungGen: 418528K->154368K(502272K)] 1112176K->938917K(1900544K), 0.0555426 secs] [Times: user=0.33 sys=0.00, real=0.06 secs] 
3781.713: [GC (Allocation Failure) [PSYoungGen: 469248K->97664K(506880K)] 1253797K->1036277K(1905152K), 0.1593474 secs] [Times: user=0.95 sys=0.00, real=0.16 secs] 
3782.534: [GC (Allocation Failure) [PSYoungGen: 412544K->152064K(501248K)] 1351157K->1182018K(1899520K), 0.0562606 secs] [Times: user=0.33 sys=0.00, real=0.06 secs] 
3787.362: [GC (Allocation Failure) [PSYoungGen: 462848K->91552K(504832K)] 1492802K->1272922K(1903104K), 0.1732876 secs] [Times: user=0.99 sys=0.00, real=0.17 secs] 
3787.834: [GC (Allocation Failure) [PSYoungGen: 402336K->150464K(499200K)] 1583706K->1417355K(1897472K), 0.0550064 secs] [Times: user=0.32 sys=0.00, real=0.06 secs] 
3787.889: [Full GC (Ergonomics) [PSYoungGen: 150464K->0K(499200K)] [ParOldGen: 1266891K->215296K(1398272K)] 1417355K->215296K(1897472K), [Metaspace: 60426K->60426K(1105920K)], 0.5121715 secs] [Times: user=2.40 sys=0.00, real=0.51 secs] 
3790.828: [GC (Allocation Failure) [PSYoungGen: 305664K->90928K(502272K)] 520960K->306224K(1900544K), 0.1411613 secs] [Times: user=0.84 sys=0.00, real=0.14 secs] 
3791.764: [GC (Allocation Failure) [PSYoungGen: 396592K->148640K(498176K)] 611888K->448565K(1896448K), 0.0532269 secs] [Times: user=0.32 sys=0.00, real=0.06 secs] 
3795.278: [GC (Allocation Failure) [PSYoungGen: 451232K->90672K(500736K)] 751157K->538630K(1899008K), 0.1662343 secs] [Times: user=0.98 sys=0.01, real=0.16 secs] 
3797.041: [GC (Allocation Failure) [PSYoungGen: 390658K->140736K(498688K)] 838615K->675094K(1896960K), 0.1366006 secs] [Times: user=0.81 sys=0.01, real=0.14 secs] 
3800.830: [GC (Allocation Failure) [PSYoungGen: 444864K->100320K(500224K)] 979222K->766926K(1898496K), 0.1689095 secs] [Times: user=1.00 sys=0.00, real=0.17 secs] 
3803.282: [GC (Allocation Failure) [PSYoungGen: 404448K->142848K(500736K)] 1071054K->905387K(1899008K), 0.0495595 secs] [Times: user=0.29 sys=0.00, real=0.05 secs] 
3804.883: [GC (Allocation Failure) [PSYoungGen: 450560K->100752K(501248K)] 1213099K->997164K(1899520K), 0.0923347 secs] [Times: user=0.55 sys=0.01, real=0.09 secs] 
3807.309: [GC (Allocation Failure) [PSYoungGen: 408464K->145360K(500736K)] 1304876K->1138369K(1899008K), 0.0503574 secs] [Times: user=0.30 sys=0.00, real=0.05 secs] 
3809.333: [GC (Allocation Failure) [PSYoungGen: 455262K->104784K(502784K)] 1448271K->1234153K(1901056K), 0.1694612 secs] [Times: user=1.00 sys=0.01, real=0.17 secs] 
3811.036: [GC (Allocation Failure) [PSYoungGen: 415056K->143648K(503296K)] 1544425K->1374633K(1901568K), 0.0533582 secs] [Times: user=0.31 sys=0.00, real=0.06 secs] 
3811.090: [Full GC (Ergonomics) [PSYoungGen: 143648K->0K(503296K)] [ParOldGen: 1230985K->180475K(1398272K)] 1374633K->180475K(1901568K), [Metaspace: 60428K->60428K(1105920K)], 0.4408693 secs] [Times: user=2.05 sys=0.00, real=0.44 secs] 
3813.047: [GC (Allocation Failure) [PSYoungGen: 314368K->105952K(504832K)] 494843K->286427K(1903104K), 0.0510854 secs] [Times: user=0.30 sys=0.00, real=0.05 secs] 
3815.688: [GC (Allocation Failure) [PSYoungGen: 420320K->142928K(505344K)] 600795K->426877K(1903616K), 0.0522114 secs] [Times: user=0.31 sys=0.00, real=0.05 secs] 
3817.997: [GC (Allocation Failure) [PSYoungGen: 461392K->108400K(506368K)] 745341K->525773K(1904640K), 0.0883506 secs] [Times: user=0.52 sys=0.00, real=0.09 secs] 
3819.685: [GC (Allocation Failure) [PSYoungGen: 426864K->146304K(505856K)] 844237K->668749K(1904128K), 0.0537000 secs] [Times: user=0.31 sys=0.00, real=0.06 secs] 
3823.664: [GC (Allocation Failure) [PSYoungGen: 467840K->108976K(508416K)] 990285K->768258K(1906688K), 0.1545814 secs] [Times: user=0.91 sys=0.00, real=0.16 secs] 
3825.861: [GC (Allocation Failure) [PSYoungGen: 430512K->149600K(506880K)] 1089794K->913762K(1905152K), 0.0535667 secs] [Times: user=0.32 sys=0.00, real=0.05 secs] 
3827.807: [GC (Allocation Failure) [PSYoungGen: 473184K->110656K(510976K)] 1237346K->1015198K(1909248K), 0.1044028 secs] [Times: user=0.62 sys=0.01, real=0.10 secs] 
3829.874: [GC (Allocation Failure) [PSYoungGen: 431347K->149040K(508928K)] 1335889K->1160103K(1907200K), 0.0535089 secs] [Times: user=0.32 sys=0.00, real=0.06 secs] 
3832.163: [GC (Allocation Failure) [PSYoungGen: 474160K->108832K(512000K)] 1485223K->1259475K(1910272K), 0.1370791 secs] [Times: user=0.82 sys=0.00, real=0.14 secs] 
3833.557: [GC (Allocation Failure) [PSYoungGen: 421369K->142752K(510976K)] 1572013K->1398128K(1909248K), 0.0519151 secs] [Times: user=0.30 sys=0.01, real=0.06 secs] 
3833.609: [Full GC (Ergonomics) [PSYoungGen: 142752K->0K(510976K)] [ParOldGen: 1255375K->196979K(1398272K)] 1398128K->196979K(1909248K), [Metaspace: 60429K->60429K(1105920K)], 0.4719905 secs] [Times: user=2.20 sys=0.00, real=0.47 secs] 
3837.950: [GC (Allocation Failure) [PSYoungGen: 327168K->108048K(512000K)] 524147K->305027K(1910272K), 0.0698483 secs] [Times: user=0.40 sys=0.00, real=0.07 secs] 
3839.393: [GC (Allocation Failure) [PSYoungGen: 435216K->171408K(494080K)] 632195K->472632K(1892352K), 0.0524993 secs] [Times: user=0.30 sys=0.01, real=0.05 secs] 
3843.258: [GC (Allocation Failure) [PSYoungGen: 483216K->91056K(402944K)] 784440K->546712K(1801216K), 0.1545740 secs] [Times: user=0.91 sys=0.01, real=0.15 secs] 
3843.752: [GC (Allocation Failure) [PSYoungGen: 402864K->149424K(501760K)] 858520K->692169K(1900032K), 0.0540865 secs] [Times: user=0.32 sys=0.00, real=0.05 secs] 
3847.550: [GC (Allocation Failure) [PSYoungGen: 457136K->90752K(503296K)] 999881K->782616K(1901568K), 0.1585754 secs] [Times: user=0.95 sys=0.01, real=0.16 secs] 
3848.998: [GC (Allocation Failure) [PSYoungGen: 394752K->142880K(502272K)] 1086616K->921225K(1900544K), 0.0533827 secs] [Times: user=0.31 sys=0.00, real=0.05 secs] 
3852.962: [GC (Allocation Failure) [PSYoungGen: 450592K->97504K(405504K)] 1228937K->1010297K(1803776K), 0.1618699 secs] [Times: user=0.96 sys=0.01, real=0.16 secs] 
3854.884: [GC (Allocation Failure) [PSYoungGen: 405216K->145632K(500736K)] 1318009K->1152010K(1899008K), 0.0490604 secs] [Times: user=0.29 sys=0.00, real=0.05 secs] 
3857.441: [GC (Allocation Failure) [PSYoungGen: 453344K->100832K(502272K)] 1459722K->1244062K(1900544K), 0.1650599 secs] [Times: user=0.98 sys=0.00, real=0.16 secs] 
3859.252: [GC (Allocation Failure) [PSYoungGen: 408544K->145920K(501760K)] 1551774K->1385875K(1900032K), 0.0512522 secs] [Times: user=0.31 sys=0.00, real=0.05 secs] 
3859.303: [Full GC (Ergonomics) [PSYoungGen: 145920K->0K(501760K)] [ParOldGen: 1239955K->183623K(1398272K)] 1385875K->183623K(1900032K), [Metaspace: 60450K->60450K(1105920K)], 0.4378416 secs] [Times: user=1.95 sys=0.00, real=0.44 secs] 
3862.158: [GC (Allocation Failure) [PSYoungGen: 309760K->103072K(503296K)] 493383K->286695K(1901568K), 0.1008165 secs] [Times: user=0.60 sys=0.00, real=0.10 secs] 
3864.493: [GC (Allocation Failure) [PSYoungGen: 412832K->143136K(503296K)] 596455K->426853K(1901568K), 0.0511563 secs] [Times: user=0.30 sys=0.00, real=0.05 secs] 
3867.146: [GC (Allocation Failure) [PSYoungGen: 455968K->106592K(503808K)] 739685K->524313K(1902080K), 0.1718191 secs] [Times: user=1.01 sys=0.00, real=0.18 secs] 
3869.445: [GC (Allocation Failure) [PSYoungGen: 419424K->144032K(504320K)] 837145K->666434K(1902592K), 0.0555064 secs] [Times: user=0.33 sys=0.00, real=0.06 secs] 
3871.614: [GC (Allocation Failure) [PSYoungGen: 460448K->103552K(505344K)] 982850K->761426K(1903616K), 0.0878103 secs] [Times: user=0.52 sys=0.00, real=0.09 secs] 
3873.365: [GC (Allocation Failure) [PSYoungGen: 419968K->147552K(505856K)] 1077842K->906442K(1904128K), 0.0526858 secs] [Times: user=0.31 sys=0.00, real=0.06 secs] 
3875.869: [GC (Allocation Failure) [PSYoungGen: 467040K->106176K(508416K)] 1225930K->1004098K(1906688K), 0.1331115 secs] [Times: user=0.79 sys=0.00, real=0.13 secs] 
3879.432: [GC (Allocation Failure) [PSYoungGen: 425664K->147936K(506368K)] 1323586K->1147799K(1904640K), 0.0525997 secs] [Times: user=0.31 sys=0.00, real=0.05 secs] 
3881.736: [GC (GCLocker Initiated GC) [PSYoungGen: 468448K->106992K(509440K)] 1468311K->1245728K(1907712K), 0.1782068 secs] [Times: user=1.05 sys=0.00, real=0.18 secs] 
3883.517: [GC (Allocation Failure) [PSYoungGen: 427504K->151408K(504832K)] 1566242K->1393159K(1903104K), 0.0539995 secs] [Times: user=0.32 sys=0.00, real=0.06 secs] 
3883.571: [Full GC (Ergonomics) [PSYoungGen: 151408K->0K(504832K)] [ParOldGen: 1241750K->192245K(1398272K)] 1393159K->192245K(1903104K), [Metaspace: 60452K->60452K(1105920K)], 0.4682818 secs] [Times: user=2.18 sys=0.00, real=0.47 secs] 
3886.532: [GC (Allocation Failure) [PSYoungGen: 318976K->106240K(508928K)] 511221K->298485K(1907200K), 0.0927870 secs] [Times: user=0.55 sys=0.01, real=0.09 secs] 
3887.925: [GC (Allocation Failure) [PSYoungGen: 425216K->147616K(506880K)] 617461K->442322K(1905152K), 0.0515118 secs] [Times: user=0.30 sys=0.00, real=0.06 secs] 
3890.980: [GC (Allocation Failure) [PSYoungGen: 467616K->104464K(509440K)] 762322K->538251K(1907712K), 0.1668465 secs] [Times: user=0.99 sys=0.00, real=0.17 secs] 
3892.539: [GC (Allocation Failure) [PSYoungGen: 418615K->149536K(505856K)] 852402K->683327K(1904128K), 0.0508327 secs] [Times: user=0.30 sys=0.00, real=0.05 secs] 
3894.613: [GC (Allocation Failure) [PSYoungGen: 468512K->108592K(508928K)] 1002303K->783068K(1907200K), 0.1510120 secs] [Times: user=0.90 sys=0.01, real=0.15 secs] 
3895.740: [GC (Allocation Failure) [PSYoungGen: 427568K->151232K(504832K)] 1102044K->930272K(1903104K), 0.0526174 secs] [Times: user=0.31 sys=0.00, real=0.05 secs] 
3900.778: [GC (Allocation Failure) [PSYoungGen: 469184K->92480K(508416K)] 1248224K->1022152K(1906688K), 0.1674192 secs] [Times: user=0.99 sys=0.00, real=0.16 secs] 
3902.395: [GC (Allocation Failure) [PSYoungGen: 394398K->142304K(507904K)] 1324071K->1160521K(1906176K), 0.0497978 secs] [Times: user=0.29 sys=0.00, real=0.05 secs] 
3906.502: [GC (Allocation Failure) [PSYoungGen: 460768K->103296K(421888K)] 1478985K->1255137K(1820160K), 0.1735757 secs] [Times: user=1.02 sys=0.01, real=0.17 secs] 
3907.598: [GC (Allocation Failure) [PSYoungGen: 420908K->148880K(504832K)] 1572749K->1399879K(1903104K), 0.0512015 secs] [Times: user=0.31 sys=0.00, real=0.05 secs] 
3907.649: [Full GC (Ergonomics) [PSYoungGen: 148880K->0K(504832K)] [ParOldGen: 1250998K->197320K(1398272K)] 1399879K->197320K(1903104K), [Metaspace: 60452K->60452K(1105920K)], 0.4725287 secs] [Times: user=2.19 sys=0.00, real=0.47 secs] 
3910.311: [GC (Allocation Failure) [PSYoungGen: 316928K->105632K(507392K)] 514248K->302952K(1905664K), 0.1027584 secs] [Times: user=0.59 sys=0.01, real=0.10 secs] 
3911.665: [GC (Allocation Failure) [PSYoungGen: 418400K->146624K(506880K)] 615720K->445057K(1905152K), 0.0497824 secs] [Times: user=0.29 sys=0.00, real=0.05 secs] 
3916.140: [GC (Allocation Failure) [PSYoungGen: 465600K->102592K(508416K)] 764033K->538233K(1906688K), 0.1528401 secs] [Times: user=0.91 sys=0.01, real=0.15 secs] 
3917.167: [GC (Allocation Failure) [PSYoungGen: 418053K->148768K(505344K)] 853694K->682934K(1903616K), 0.0501702 secs] [Times: user=0.30 sys=0.00, real=0.05 secs] 
3920.101: [GC (Allocation Failure) [PSYoungGen: 466720K->107008K(508416K)] 1000886K->781166K(1906688K), 0.1677268 secs] [Times: user=1.00 sys=0.01, real=0.17 secs] 
3921.531: [GC (Allocation Failure) [PSYoungGen: 416772K->144352K(507392K)] 1090930K->921774K(1905664K), 0.0518420 secs] [Times: user=0.30 sys=0.00, real=0.05 secs] 
3924.567: [GC (Allocation Failure) [PSYoungGen: 464352K->105120K(508416K)] 1241774K->1017622K(1906688K), 0.1305424 secs] [Times: user=0.78 sys=0.00, real=0.13 secs] 
3925.779: [GC (Allocation Failure) [PSYoungGen: 413304K->146496K(506880K)] 1325807K->1160007K(1905152K), 0.0601441 secs] [Times: user=0.36 sys=0.00, real=0.06 secs] 
3928.889: [GC (GCLocker Initiated GC) [PSYoungGen: 467520K->108432K(508928K)] 1481031K->1260032K(1907200K), 0.1586455 secs] [Times: user=0.95 sys=0.00, real=0.16 secs] 
3930.039: [GC (Allocation Failure) [PSYoungGen: 429456K->142688K(509440K)] 1597492K->1414892K(1907712K), 0.2471130 secs] [Times: user=1.47 sys=0.00, real=0.24 secs] 
3930.286: [Full GC (Ergonomics) [PSYoungGen: 142688K->0K(509440K)] [ParOldGen: 1272204K->212606K(1398272K)] 1414892K->212606K(1907712K), [Metaspace: 60453K->60453K(1105920K)], 0.4286035 secs] [Times: user=1.89 sys=0.00, real=0.43 secs] 
3934.792: [GC (Allocation Failure) [PSYoungGen: 324608K->99648K(509952K)] 537214K->312255K(1908224K), 0.1265406 secs] [Times: user=0.75 sys=0.00, real=0.13 secs] 
3935.185: [GC (Allocation Failure) [PSYoungGen: 424256K->155872K(503296K)] 636863K->461835K(1901568K), 0.0559417 secs] [Times: user=0.34 sys=0.00, real=0.06 secs] 
3942.091: [GC (Allocation Failure) [PSYoungGen: 474848K->91584K(508928K)] 780811K->552459K(1907200K), 0.1616563 secs] [Times: user=0.96 sys=0.00, real=0.16 secs] 
3943.056: [GC (Allocation Failure) [PSYoungGen: 410560K->155232K(498688K)] 871435K->701640K(1896960K), 0.1060850 secs] [Times: user=0.63 sys=0.01, real=0.11 secs] 
3946.352: [GC (Allocation Failure) [PSYoungGen: 463968K->90608K(503808K)] 1010376K->792073K(1902080K), 0.1589633 secs] [Times: user=0.95 sys=0.00, real=0.16 secs] 
3946.774: [GC (Allocation Failure) [PSYoungGen: 399344K->149824K(498688K)] 1100809K->935721K(1896960K), 0.0542707 secs] [Times: user=0.32 sys=0.00, real=0.06 secs] 
3950.029: [GC (Allocation Failure) [PSYoungGen: 454464K->90400K(501760K)] 1240361K->1025489K(1900032K), 0.1582776 secs] [Times: user=0.94 sys=0.01, real=0.16 secs] 
3951.191: [GC (Allocation Failure) [PSYoungGen: 395040K->146496K(499712K)] 1330129K->1165538K(1897984K), 0.0534392 secs] [Times: user=0.32 sys=0.00, real=0.05 secs] 
3955.384: [GC (Allocation Failure) [PSYoungGen: 450112K->88896K(501248K)] 1469154K->1253610K(1899520K), 0.1413717 secs] [Times: user=0.84 sys=0.00, real=0.14 secs] 
3956.400: [GC (Allocation Failure) [PSYoungGen: 385006K->139488K(498688K)] 1549720K->1389715K(1896960K), 0.0819137 secs] [Times: user=0.49 sys=0.00, real=0.08 secs] 
3956.482: [Full GC (Ergonomics) [PSYoungGen: 139488K->0K(498688K)] [ParOldGen: 1250227K->196681K(1398272K)] 1389715K->196681K(1896960K), [Metaspace: 60453K->60453K(1105920K)], 0.4968930 secs] [Times: user=2.33 sys=0.01, real=0.50 secs] 
3959.093: [GC (Allocation Failure) [PSYoungGen: 304640K->98784K(500224K)] 501321K->295465K(1898496K), 0.0897880 secs] [Times: user=0.53 sys=0.01, real=0.09 secs] 
3961.196: [GC (Allocation Failure) [PSYoungGen: 403424K->145424K(499712K)] 600105K->436651K(1897984K), 0.0482479 secs] [Times: user=0.28 sys=0.00, real=0.05 secs] 
3962.790: [GC (Allocation Failure) [PSYoungGen: 452624K->102272K(501760K)] 743851K->530114K(1900032K), 0.0902418 secs] [Times: user=0.54 sys=0.00, real=0.09 secs] 
3964.929: [GC (Allocation Failure) [PSYoungGen: 409472K->142208K(501760K)] 837314K->668791K(1900032K), 0.0504426 secs] [Times: user=0.30 sys=0.00, real=0.05 secs] 
3967.922: [GC (Allocation Failure) [PSYoungGen: 452483K->103792K(502784K)] 979066K->763344K(1901056K), 0.1612928 secs] [Times: user=0.96 sys=0.00, real=0.16 secs] 
3970.404: [GC (Allocation Failure) [PSYoungGen: 414576K->143616K(502784K)] 1074128K->904792K(1901056K), 0.0514195 secs] [Times: user=0.30 sys=0.00, real=0.05 secs] 
3972.660: [GC (Allocation Failure) [PSYoungGen: 457984K->106080K(504320K)] 1219160K->1002396K(1902592K), 0.0652234 secs] [Times: user=0.39 sys=0.00, real=0.06 secs] 
3974.963: [GC (Allocation Failure) [PSYoungGen: 420448K->152592K(501760K)] 1316764K->1151865K(1900032K), 0.0526616 secs] [Times: user=0.32 sys=0.00, real=0.05 secs] 
3977.801: [GC (Allocation Failure) [PSYoungGen: 467984K->105152K(506880K)] 1467257K->1239369K(1905152K), 0.1083067 secs] [Times: user=0.64 sys=0.00, real=0.11 secs] 
3981.040: [GC (Allocation Failure) [PSYoungGen: 420544K->142752K(507392K)] 1554761K->1379269K(1905664K), 0.0525141 secs] [Times: user=0.31 sys=0.00, real=0.05 secs] 
3981.093: [Full GC (Ergonomics) [PSYoungGen: 142752K->0K(507392K)] [ParOldGen: 1236517K->178871K(1398272K)] 1379269K->178871K(1905664K), [Metaspace: 60454K->60454K(1105920K)], 0.4305806 secs] [Times: user=2.00 sys=0.00, real=0.43 secs] 
3983.074: [GC (Allocation Failure) [PSYoungGen: 319488K->108225K(428032K)] 498359K->287096K(1826304K), 0.0559415 secs] [Times: user=0.33 sys=0.00, real=0.06 secs] 
3985.443: [GC (Allocation Failure) [PSYoungGen: 427713K->148416K(504320K)] 606584K->433461K(1902592K), 0.0688480 secs] [Times: user=0.41 sys=0.00, real=0.07 secs] 
3988.222: [GC (Allocation Failure) [PSYoungGen: 467392K->103488K(507392K)] 752437K->528541K(1905664K), 0.1672322 secs] [Times: user=1.00 sys=0.00, real=0.17 secs] 
3990.336: [GC (Allocation Failure) [PSYoungGen: 422464K->151280K(504832K)] 847517K->676102K(1903104K), 0.0517398 secs] [Times: user=0.31 sys=0.00, real=0.06 secs] 
3992.902: [GC (Allocation Failure) [PSYoungGen: 470256K->105344K(508928K)] 995078K->772921K(1907200K), 0.0873441 secs] [Times: user=0.52 sys=0.00, real=0.09 secs] 
3994.284: [GC (Allocation Failure) [PSYoungGen: 424320K->148256K(506368K)] 1091897K->917910K(1904640K), 0.0519386 secs] [Times: user=0.31 sys=0.00, real=0.05 secs] 
3998.381: [GC (GCLocker Initiated GC) [PSYoungGen: 467232K->105712K(424960K)] 1236886K->1014559K(1823232K), 0.1259215 secs] [Times: user=0.75 sys=0.00, real=0.12 secs] 
3999.811: [GC (Allocation Failure) [PSYoungGen: 424688K->157440K(499712K)] 1333555K->1168097K(1897984K), 0.0526111 secs] [Times: user=0.30 sys=0.00, real=0.05 secs] 
4004.253: [GC (Allocation Failure) [PSYoungGen: 470272K->102256K(505856K)] 1480929K->1253002K(1904128K), 0.1713642 secs] [Times: user=1.00 sys=0.02, real=0.17 secs] 
4006.007: [GC (Allocation Failure) [PSYoungGen: 415088K->146752K(504832K)] 1565834K->1396234K(1903104K), 0.0509778 secs] [Times: user=0.30 sys=0.00, real=0.05 secs] 
4006.059: [Full GC (Ergonomics) [PSYoungGen: 146752K->0K(504832K)] [ParOldGen: 1249482K->194272K(1398272K)] 1396234K->194272K(1903104K), [Metaspace: 60454K->60454K(1105920K)], 0.4684378 secs] [Times: user=2.18 sys=0.00, real=0.47 secs] 
4010.098: [GC (Allocation Failure) [PSYoungGen: 313856K->100096K(414208K)] 508128K->294376K(1812480K), 0.0960248 secs] [Times: user=0.57 sys=0.00, real=0.09 secs] 
4012.067: [GC (Allocation Failure) [PSYoungGen: 413952K->146240K(504320K)] 608232K->436797K(1902592K), 0.0493190 secs] [Times: user=0.29 sys=0.00, real=0.04 secs] 
4014.968: [GC (Allocation Failure) [PSYoungGen: 460096K->102480K(505856K)] 750653K->530581K(1904128K), 0.1618348 secs] [Times: user=0.96 sys=0.00, real=0.16 secs] 
4017.879: [GC (Allocation Failure) [PSYoungGen: 416336K->148080K(503296K)] 844437K->674534K(1901568K), 0.0507508 secs] [Times: user=0.30 sys=0.00, real=0.05 secs] 
4020.108: [GC (Allocation Failure) [PSYoungGen: 461936K->104368K(505856K)] 988390K->769774K(1904128K), 0.1632605 secs] [Times: user=0.97 sys=0.00, real=0.16 secs] 
4021.792: [GC (Allocation Failure) [PSYoungGen: 418224K->148992K(503296K)] 1083630K->914546K(1901568K), 0.0521091 secs] [Times: user=0.30 sys=0.00, real=0.05 secs] 
4025.533: [GC (Allocation Failure) [PSYoungGen: 463360K->104512K(506368K)] 1228914K->1010306K(1904640K), 0.1718095 secs] [Times: user=1.03 sys=0.00, real=0.17 secs] 
4027.625: [GC (Allocation Failure) [PSYoungGen: 418880K->148128K(504320K)] 1324674K->1154239K(1902592K), 0.0513784 secs] [Times: user=0.31 sys=0.00, real=0.05 secs] 
4030.292: [GC (Allocation Failure) [PSYoungGen: 463520K->103376K(506880K)] 1469631K->1248480K(1905152K), 0.1586159 secs] [Times: user=0.95 sys=0.01, real=0.16 secs] 
4032.796: [GC (Allocation Failure) [PSYoungGen: 418768K->149456K(503808K)] 1563872K->1393685K(1902080K), 0.0525251 secs] [Times: user=0.31 sys=0.00, real=0.06 secs] 
4032.849: [Full GC (Ergonomics) [PSYoungGen: 149456K->0K(503808K)] [ParOldGen: 1244228K->192774K(1398272K)] 1393685K->192774K(1902080K), [Metaspace: 60461K->60461K(1105920K)], 0.4679747 secs] [Times: user=2.19 sys=0.00, real=0.47 secs] 
4035.003: [GC (Allocation Failure) [PSYoungGen: 314880K->104208K(506880K)] 507654K->296983K(1905152K), 0.0961019 secs] [Times: user=0.57 sys=0.01, real=0.10 secs] 
4036.866: [GC (Allocation Failure) [PSYoungGen: 419088K->148224K(505344K)] 611863K->441147K(1903616K), 0.0509136 secs] [Times: user=0.30 sys=0.00, real=0.06 secs] 
4039.179: [GC (Allocation Failure) [PSYoungGen: 464128K->104208K(420352K)] 757051K->535788K(1818624K), 0.1455474 secs] [Times: user=0.87 sys=0.00, real=0.14 secs] 
4041.170: [GC (Allocation Failure) [PSYoungGen: 420112K->150448K(503808K)] 851692K->681857K(1902080K), 0.0504765 secs] [Times: user=0.30 sys=0.00, real=0.05 secs] 
4044.795: [GC (Allocation Failure) [PSYoungGen: 465328K->101664K(506880K)] 996737K->774788K(1905152K), 0.1608933 secs] [Times: user=0.96 sys=0.00, real=0.16 secs] 
4047.041: [GC (Allocation Failure) [PSYoungGen: 416544K->146752K(505856K)] 1089668K->917917K(1904128K), 0.1424839 secs] [Times: user=0.84 sys=0.00, real=0.14 secs] 
4049.648: [GC (Allocation Failure) [PSYoungGen: 462656K->103072K(419328K)] 1233821K->1012605K(1817600K), 0.1616288 secs] [Times: user=0.96 sys=0.00, real=0.16 secs] 
4051.479: [GC (Allocation Failure) [PSYoungGen: 418976K->146080K(505344K)] 1328509K->1154498K(1903616K), 0.0509959 secs] [Times: user=0.30 sys=0.00, real=0.05 secs] 
4054.056: [GC (GCLocker Initiated GC) [PSYoungGen: 461984K->105424K(421376K)] 1470402K->1250323K(1819648K), 0.1386697 secs] [Times: user=0.82 sys=0.00, real=0.14 secs] 
4055.941: [GC (Allocation Failure) [PSYoungGen: 421328K->157344K(498688K)] 1566278K->1404130K(1896960K), 0.0535865 secs] [Times: user=0.31 sys=0.00, real=0.05 secs] 
4055.995: [Full GC (Ergonomics) [PSYoungGen: 157344K->0K(498688K)] [ParOldGen: 1246786K->195179K(1398272K)] 1404130K->195179K(1896960K), [Metaspace: 60461K->60461K(1105920K)], 0.4704052 secs] [Times: user=2.19 sys=0.01, real=0.47 secs] 
4059.049: [GC (Allocation Failure) [PSYoungGen: 310784K->100831K(504832K)] 505963K->296010K(1903104K), 0.0993510 secs] [Times: user=0.58 sys=0.01, real=0.10 secs] 
4060.250: [GC (Allocation Failure) [PSYoungGen: 411615K->147024K(504832K)] 606794K->439409K(1903104K), 0.0489923 secs] [Times: user=0.28 sys=0.00, real=0.05 secs] 
4062.792: [GC (Allocation Failure) [PSYoungGen: 459856K->100784K(413696K)] 752241K->531457K(1811968K), 0.1681181 secs] [Times: user=1.00 sys=0.01, real=0.17 secs] 
4064.915: [GC (Allocation Failure) [PSYoungGen: 413616K->148160K(503808K)] 844289K->674865K(1902080K), 0.0496486 secs] [Times: user=0.29 sys=0.00, real=0.05 secs] 
4067.583: [GC (Allocation Failure) [PSYoungGen: 460480K->102192K(505344K)] 987185K->767906K(1903616K), 0.1420016 secs] [Times: user=0.85 sys=0.00, real=0.14 secs] 
4068.959: [GC (Allocation Failure) [PSYoungGen: 414512K->146464K(503808K)] 1080226K->910878K(1902080K), 0.0511586 secs] [Times: user=0.30 sys=0.00, real=0.05 secs] 
4071.965: [GC (Allocation Failure) [PSYoungGen: 459296K->105040K(418304K)] 1223710K->1006778K(1816576K), 0.1625735 secs] [Times: user=0.97 sys=0.00, real=0.17 secs] 
4073.655: [GC (Allocation Failure) [PSYoungGen: 417872K->147616K(502784K)] 1319610K->1150719K(1901056K), 0.0526131 secs] [Times: user=0.31 sys=0.00, real=0.06 secs] 
4076.012: [GC (Allocation Failure) [PSYoungGen: 460960K->102592K(504832K)] 1464063K->1244407K(1903104K), 0.1150759 secs] [Times: user=0.68 sys=0.01, real=0.12 secs] 
4077.692: [GC (Allocation Failure) [PSYoungGen: 415936K->145872K(505856K)] 1557751K->1386684K(1904128K), 0.0522399 secs] [Times: user=0.31 sys=0.00, real=0.05 secs] 
4077.745: [Full GC (Ergonomics) [PSYoungGen: 145872K->0K(505856K)] [ParOldGen: 1240811K->186034K(1398272K)] 1386684K->186034K(1904128K), [Metaspace: 60461K->60461K(1105920K)], 0.4452523 secs] [Times: user=2.06 sys=0.00, real=0.45 secs] 
4080.468: [GC (Allocation Failure) [PSYoungGen: 316416K->102528K(419328K)] 502450K->288562K(1817600K), 0.0499087 secs] [Times: user=0.29 sys=0.01, real=0.05 secs] 
4082.795: [GC (Allocation Failure) [PSYoungGen: 418944K->145600K(505344K)] 604978K->431111K(1903616K), 0.1057603 secs] [Times: user=0.63 sys=0.00, real=0.11 secs] 
4086.050: [GC (Allocation Failure) [PSYoungGen: 462528K->105568K(506880K)] 748039K->528103K(1905152K), 0.1687262 secs] [Times: user=1.00 sys=0.01, real=0.17 secs] 
4088.051: [GC (Allocation Failure) [PSYoungGen: 422496K->148000K(505856K)] 845031K->672500K(1904128K), 0.0524105 secs] [Times: user=0.31 sys=0.00, real=0.05 secs] 
4090.050: [GC (Allocation Failure) [PSYoungGen: 466464K->104640K(507904K)] 990964K->768240K(1906176K), 0.1480333 secs] [Times: user=0.88 sys=0.00, real=0.15 secs] 
4091.413: [GC (Allocation Failure) [PSYoungGen: 423104K->151936K(504320K)] 1086704K->915923K(1902592K), 0.0522361 secs] [Times: user=0.31 sys=0.00, real=0.05 secs] 
4095.533: [GC (Allocation Failure) [PSYoungGen: 468864K->103264K(507904K)] 1232851K->1010179K(1906176K), 0.1737252 secs] [Times: user=1.03 sys=0.00, real=0.17 secs] 
4097.842: [GC (Allocation Failure) [PSYoungGen: 420192K->149664K(504832K)] 1327107K->1155772K(1903104K), 0.0519444 secs] [Times: user=0.31 sys=0.00, real=0.05 secs] 
4101.242: [GC (Allocation Failure) [PSYoungGen: 465568K->104832K(507392K)] 1471676K->1251756K(1905664K), 0.1688286 secs] [Times: user=1.01 sys=0.00, real=0.17 secs] 
4102.983: [GC (Allocation Failure) [PSYoungGen: 420736K->147744K(505344K)] 1567660K->1396161K(1903616K), 0.0522036 secs] [Times: user=0.31 sys=0.00, real=0.05 secs] 
4103.035: [Full GC (Ergonomics) [PSYoungGen: 147744K->0K(505344K)] [ParOldGen: 1248417K->194300K(1398272K)] 1396161K->194300K(1903616K), [Metaspace: 60461K->60461K(1105920K)], 0.4741413 secs] [Times: user=2.20 sys=0.01, real=0.48 secs] 
4106.420: [GC (Allocation Failure) [PSYoungGen: 316416K->103504K(507392K)] 510716K->297804K(1905664K), 0.0969168 secs] [Times: user=0.57 sys=0.00, real=0.10 secs] 
4107.634: [GC (Allocation Failure) [PSYoungGen: 419920K->167968K(491520K)] 614220K->461264K(1889792K), 0.0508394 secs] [Times: user=0.30 sys=0.00, real=0.05 secs] 
4109.867: [GC (Allocation Failure) [PSYoungGen: 470560K->96544K(500736K)] 763856K->532568K(1899008K), 0.1720478 secs] [Times: user=1.02 sys=0.01, real=0.18 secs] 
4112.688: [GC (Allocation Failure) [PSYoungGen: 399136K->143712K(498688K)] 835160K->671524K(1896960K), 0.0488956 secs] [Times: user=0.29 sys=0.00, real=0.05 secs] 
4116.027: [GC (Allocation Failure) [PSYoungGen: 447328K->96832K(500224K)] 975140K->759540K(1898496K), 0.0643171 secs] [Times: user=0.38 sys=0.00, real=0.06 secs] 
4118.787: [GC (Allocation Failure) [PSYoungGen: 400448K->140112K(499200K)] 1063156K->897162K(1897472K), 0.0500498 secs] [Times: user=0.29 sys=0.00, real=0.05 secs] 
4120.424: [GC (Allocation Failure) [PSYoungGen: 447312K->104432K(500736K)] 1204362K->992574K(1899008K), 0.0641909 secs] [Times: user=0.38 sys=0.00, real=0.07 secs] 
4123.234: [GC (Allocation Failure) [PSYoungGen: 411632K->140448K(504320K)] 1299774K->1130202K(1902592K), 0.0529330 secs] [Times: user=0.31 sys=0.00, real=0.05 secs] 
4124.798: [GC (Allocation Failure) [PSYoungGen: 454304K->107824K(503808K)] 1444058K->1228811K(1902080K), 0.0651478 secs] [Times: user=0.39 sys=0.00, real=0.06 secs] 
4126.835: [GC (Allocation Failure) [PSYoungGen: 421680K->143424K(504832K)] 1542667K->1370639K(1903104K), 0.0910461 secs] [Times: user=0.54 sys=0.00, real=0.09 secs] 
4126.926: [Full GC (Ergonomics) [PSYoungGen: 143424K->0K(504832K)] [ParOldGen: 1227215K->169026K(1398272K)] 1370639K->169026K(1903104K), [Metaspace: 60464K->60464K(1105920K)], 0.4134512 secs] [Times: user=1.93 sys=0.00, real=0.42 secs] 
4128.794: [GC (Allocation Failure) [PSYoungGen: 317952K->110624K(505344K)] 486978K->279650K(1903616K), 0.0365163 secs] [Times: user=0.21 sys=0.00, real=0.04 secs] 
4130.875: [GC (Allocation Failure) [PSYoungGen: 428576K->145728K(507392K)] 597602K->422991K(1905664K), 0.0548789 secs] [Times: user=0.32 sys=0.00, real=0.06 secs] 
4133.504: [GC (Allocation Failure) [PSYoungGen: 468800K->110768K(508928K)] 746063K->524320K(1907200K), 0.0651570 secs] [Times: user=0.38 sys=0.00, real=0.07 secs] 
4135.178: [GC (Allocation Failure) [PSYoungGen: 433840K->148240K(508416K)] 847392K->670037K(1906688K), 0.0542410 secs] [Times: user=0.32 sys=0.00, real=0.05 secs] 
4137.448: [GC (Allocation Failure) [PSYoungGen: 473872K->109888K(511488K)] 995669K->770608K(1909760K), 0.1724163 secs] [Times: user=1.02 sys=0.00, real=0.17 secs] 
4139.277: [GC (Allocation Failure) [PSYoungGen: 435520K->151824K(507904K)] 1096240K->919002K(1906176K), 0.1270243 secs] [Times: user=0.75 sys=0.00, real=0.12 secs] 
4142.675: [GC (Allocation Failure) [PSYoungGen: 476944K->108896K(512000K)] 1244122K->1019049K(1910272K), 0.1599296 secs] [Times: user=0.95 sys=0.00, real=0.16 secs] 
4143.697: [GC (Allocation Failure) [PSYoungGen: 420674K->145648K(511488K)] 1330828K->1160918K(1909760K), 0.0526660 secs] [Times: user=0.32 sys=0.00, real=0.05 secs] 
4149.462: [GC (Allocation Failure) [PSYoungGen: 472816K->108544K(436224K)] 1488086K->1260566K(1834496K), 0.1669435 secs] [Times: user=0.99 sys=0.01, real=0.17 secs] 
4151.173: [GC (Allocation Failure) [PSYoungGen: 435712K->152576K(507392K)] 1587734K->1409563K(1905664K), 0.0549220 secs] [Times: user=0.32 sys=0.00, real=0.06 secs] 
4151.228: [Full GC (Ergonomics) [PSYoungGen: 152576K->0K(507392K)] [ParOldGen: 1256987K->207332K(1398272K)] 1409563K->207332K(1905664K), [Metaspace: 60471K->60471K(1105920K)], 0.4843675 secs] [Times: user=2.26 sys=0.00, real=0.48 secs] 
4153.728: [GC (Allocation Failure) [PSYoungGen: 324096K->102000K(511488K)] 531428K->309333K(1909760K), 0.1812856 secs] [Times: user=1.08 sys=0.01, real=0.18 secs] 
4154.660: [GC (Allocation Failure) [PSYoungGen: 426096K->155968K(502784K)] 633429K->458826K(1901056K), 0.0561082 secs] [Times: user=0.33 sys=0.00, real=0.05 secs] 
4157.894: [GC (Allocation Failure) [PSYoungGen: 472896K->98864K(507904K)] 775754K->556799K(1906176K), 0.1598735 secs] [Times: user=0.94 sys=0.01, real=0.16 secs] 
4158.353: [GC (Allocation Failure) [PSYoungGen: 415792K->154368K(500736K)] 873727K->705467K(1899008K), 0.0570758 secs] [Times: user=0.34 sys=0.00, real=0.06 secs] 
4161.943: [GC (Allocation Failure) [PSYoungGen: 465152K->90416K(504832K)] 1016251K->795860K(1903104K), 0.1541764 secs] [Times: user=0.92 sys=0.01, real=0.16 secs] 
4162.436: [GC (Allocation Failure) [PSYoungGen: 401200K->151648K(498688K)] 1106644K->941620K(1896960K), 0.0593300 secs] [Times: user=0.35 sys=0.00, real=0.06 secs] 
4166.113: [GC (Allocation Failure) [PSYoungGen: 456288K->92672K(501760K)] 1246260K->1034116K(1900032K), 0.1721350 secs] [Times: user=1.02 sys=0.00, real=0.17 secs] 
4167.722: [GC (Allocation Failure) [PSYoungGen: 397312K->143872K(500736K)] 1338756K->1172253K(1899008K), 0.1464504 secs] [Times: user=0.87 sys=0.00, real=0.15 secs] 
4171.540: [GC (Allocation Failure) [PSYoungGen: 449536K->91152K(501760K)] 1477917K->1263125K(1900032K), 0.1526926 secs] [Times: user=0.91 sys=0.00, real=0.15 secs] 
4173.579: [GC (Allocation Failure) [PSYoungGen: 396816K->143568K(502272K)] 1568789K->1400658K(1900544K), 0.1140106 secs] [Times: user=0.68 sys=0.00, real=0.11 secs] 
4173.693: [Full GC (Ergonomics) [PSYoungGen: 143568K->0K(502272K)] [ParOldGen: 1257089K->207523K(1398272K)] 1400658K->207523K(1900544K), [Metaspace: 60488K->60488K(1105920K)], 0.5299966 secs] [Times: user=2.53 sys=0.00, real=0.53 secs] 
4177.301: [GC (Allocation Failure) [PSYoungGen: 307200K->91296K(502784K)] 514723K->298819K(1901056K), 0.1482052 secs] [Times: user=0.88 sys=0.00, real=0.15 secs] 
4178.675: [GC (Allocation Failure) [PSYoungGen: 393928K->140928K(502784K)] 601452K->436376K(1901056K), 0.1358329 secs] [Times: user=0.81 sys=0.01, real=0.14 secs] 
4181.736: [GC (Allocation Failure) [PSYoungGen: 449152K->101296K(409600K)] 744600K->529216K(1807872K), 0.1405481 secs] [Times: user=0.84 sys=0.00, real=0.15 secs] 
4183.660: [GC (Allocation Failure) [PSYoungGen: 409520K->143872K(499200K)] 837440K->668853K(1897472K), 0.0494058 secs] [Times: user=0.29 sys=0.00, real=0.05 secs] 
4187.402: [GC (Allocation Failure) [PSYoungGen: 452096K->102016K(500736K)] 977077K->761937K(1899008K), 0.1218444 secs] [Times: user=0.73 sys=0.00, real=0.12 secs] 
4189.266: [GC (Allocation Failure) [PSYoungGen: 410240K->146400K(502272K)] 1070161K->904681K(1900544K), 0.0639495 secs] [Times: user=0.38 sys=0.00, real=0.07 secs] 
4191.779: [GC (Allocation Failure) [PSYoungGen: 459232K->104608K(504832K)] 1217513K->1000933K(1903104K), 0.0945436 secs] [Times: user=0.56 sys=0.00, real=0.09 secs] 
4192.761: [GC (Allocation Failure) [PSYoungGen: 417440K->147728K(503296K)] 1313765K->1144487K(1901568K), 0.0519167 secs] [Times: user=0.31 sys=0.00, real=0.05 secs] 
4197.906: [GC (Allocation Failure) [PSYoungGen: 462608K->101136K(505856K)] 1459367K->1236447K(1904128K), 0.0924174 secs] [Times: user=0.55 sys=0.00, real=0.10 secs] 
4200.075: [GC (Allocation Failure) [PSYoungGen: 416016K->146993K(505344K)] 1551327K->1380364K(1903616K), 0.0516245 secs] [Times: user=0.30 sys=0.00, real=0.06 secs] 
4200.127: [Full GC (Ergonomics) [PSYoungGen: 146993K->0K(505344K)] [ParOldGen: 1233371K->186191K(1398272K)] 1380364K->186191K(1903616K), [Metaspace: 60492K->60492K(1105920K)], 0.4533453 secs] [Times: user=2.11 sys=0.00, real=0.45 secs] 
4201.682: [GC (Allocation Failure) [PSYoungGen: 316928K->107792K(424960K)] 503119K->293984K(1823232K), 0.0333523 secs] [Times: user=0.19 sys=0.00, real=0.03 secs] 
4204.038: [GC (Allocation Failure) [PSYoungGen: 424720K->147904K(504320K)] 610912K->438524K(1902592K), 0.0527888 secs] [Times: user=0.31 sys=0.00, real=0.05 secs] 
4208.233: [GC (Allocation Failure) [PSYoungGen: 464832K->104464K(506880K)] 755452K->534133K(1905152K), 0.1705815 secs] [Times: user=1.02 sys=0.01, real=0.17 secs] 
4210.138: [GC (Allocation Failure) [PSYoungGen: 421392K->148640K(505344K)] 851061K->678973K(1903616K), 0.0516441 secs] [Times: user=0.31 sys=0.00, real=0.05 secs] 
4213.617: [GC (Allocation Failure) [PSYoungGen: 466592K->104816K(508416K)] 996925K->775021K(1906688K), 0.1816864 secs] [Times: user=1.08 sys=0.00, real=0.19 secs] 
4214.646: [GC (Allocation Failure) [PSYoungGen: 422768K->150976K(504320K)] 1092973K->922078K(1902592K), 0.0521668 secs] [Times: user=0.31 sys=0.00, real=0.06 secs] 
4217.543: [GC (Allocation Failure) [PSYoungGen: 467904K->103456K(507904K)] 1239006K->1016814K(1906176K), 0.1560331 secs] [Times: user=0.93 sys=0.00, real=0.16 secs] 
4219.187: [GC (Allocation Failure) [PSYoungGen: 420384K->148128K(505344K)] 1333742K->1161602K(1903616K), 0.1099950 secs] [Times: user=0.65 sys=0.00, real=0.11 secs] 
4223.751: [GC (Allocation Failure) [PSYoungGen: 465056K->100608K(507904K)] 1478530K->1253290K(1906176K), 0.1603920 secs] [Times: user=0.94 sys=0.01, real=0.16 secs] 
4225.612: [GC (Allocation Failure) [PSYoungGen: 417536K->150064K(503808K)] 1570218K->1399620K(1902080K), 0.0508660 secs] [Times: user=0.30 sys=0.00, real=0.05 secs] 
4225.663: [Full GC (Ergonomics) [PSYoungGen: 150064K->0K(503808K)] [ParOldGen: 1249555K->196942K(1398272K)] 1399620K->196942K(1902080K), [Metaspace: 60493K->60493K(1105920K)], 0.4776665 secs] [Times: user=2.22 sys=0.00, real=0.48 secs] 
4228.600: [GC (Allocation Failure) [PSYoungGen: 314880K->102560K(506880K)] 511822K->299502K(1905152K), 0.0882352 secs] [Times: user=0.51 sys=0.00, real=0.09 secs] 
4229.335: [GC (Allocation Failure) [PSYoungGen: 417016K->148448K(504832K)] 613959K->443939K(1903104K), 0.0498234 secs] [Times: user=0.29 sys=0.00, real=0.05 secs] 
4231.715: [GC (Allocation Failure) [PSYoungGen: 463328K->102816K(506880K)] 758819K->538123K(1905152K), 0.1592779 secs] [Times: user=0.95 sys=0.00, real=0.16 secs] 
4233.723: [GC (Allocation Failure) [PSYoungGen: 417696K->147840K(504832K)] 853003K->681640K(1903104K), 0.0497430 secs] [Times: user=0.30 sys=0.00, real=0.05 secs] 
4238.112: [GC (Allocation Failure) [PSYoungGen: 462720K->104416K(419328K)] 996520K->776596K(1817600K), 0.1709826 secs] [Times: user=1.02 sys=0.00, real=0.17 secs] 
4240.121: [GC (Allocation Failure) [PSYoungGen: 419296K->146208K(504832K)] 1091476K->919113K(1903104K), 0.1106842 secs] [Times: user=0.65 sys=0.00, real=0.11 secs] 
4242.996: [GC (Allocation Failure) [PSYoungGen: 461600K->103744K(506368K)] 1234505K->1014265K(1904640K), 0.1179766 secs] [Times: user=0.70 sys=0.01, real=0.12 secs] 
4244.444: [GC (Allocation Failure) [PSYoungGen: 419136K->148048K(504320K)] 1329657K->1158646K(1902592K), 0.0511128 secs] [Times: user=0.30 sys=0.00, real=0.05 secs] 
4247.399: [GC (Allocation Failure) [PSYoungGen: 463952K->104656K(506880K)] 1474550K->1254158K(1905152K), 0.0882181 secs] [Times: user=0.53 sys=0.01, real=0.09 secs] 
4248.329: [GC (Allocation Failure) [PSYoungGen: 418400K->146816K(505344K)] 1567902K->1397946K(1903616K), 0.0888411 secs] [Times: user=0.53 sys=0.00, real=0.09 secs] 
4248.418: [Full GC (Ergonomics) [PSYoungGen: 146816K->0K(505344K)] [ParOldGen: 1251130K->197180K(1398272K)] 1397946K->197180K(1903616K), [Metaspace: 60494K->60494K(1105920K)], 0.4969486 secs] [Times: user=2.33 sys=0.00, real=0.49 secs] 
4251.904: [GC (Allocation Failure) [PSYoungGen: 317440K->104000K(507392K)] 514620K->301180K(1905664K), 0.0953755 secs] [Times: user=0.57 sys=0.00, real=0.10 secs] 
4253.729: [GC (Allocation Failure) [PSYoungGen: 420202K->147424K(505856K)] 617382K->444837K(1904128K), 0.0499154 secs] [Times: user=0.30 sys=0.00, real=0.05 secs] 
4256.276: [GC (Allocation Failure) [PSYoungGen: 465888K->108192K(508416K)] 763301K->544121K(1906688K), 0.1666253 secs] [Times: user=0.99 sys=0.00, real=0.17 secs] 
4257.490: [GC (Allocation Failure) [PSYoungGen: 413747K->141952K(508416K)] 849676K->682594K(1906688K), 0.0770207 secs] [Times: user=0.46 sys=0.00, real=0.08 secs] 
4260.918: [GC (Allocation Failure) [PSYoungGen: 463488K->105536K(508416K)] 1004130K->779522K(1906688K), 0.1645211 secs] [Times: user=0.98 sys=0.00, real=0.16 secs] 
4262.628: [GC (Allocation Failure) [PSYoungGen: 420837K->146736K(506880K)] 1094823K->921648K(1905152K), 0.0499892 secs] [Times: user=0.29 sys=0.00, real=0.05 secs] 
4267.767: [GC (Allocation Failure) [PSYoungGen: 469296K->105024K(509440K)] 1244208K->1017703K(1907712K), 0.1590596 secs] [Times: user=0.95 sys=0.00, real=0.15 secs] 
4269.025: [GC (Allocation Failure) [PSYoungGen: 413374K->146336K(509952K)] 1326054K->1159848K(1908224K), 0.0508781 secs] [Times: user=0.30 sys=0.00, real=0.05 secs] 
4270.961: [GC (Allocation Failure) [PSYoungGen: 471968K->112208K(438272K)] 1485480K->1263393K(1836544K), 0.1437433 secs] [Times: user=0.85 sys=0.00, real=0.14 secs] 
4272.468: [GC (GCLocker Initiated GC) [PSYoungGen: 437840K->150224K(507392K)] 1589026K->1410407K(1905664K), 0.1233014 secs] [Times: user=0.73 sys=0.01, real=0.12 secs] 
4272.592: [Full GC (Ergonomics) [PSYoungGen: 150224K->0K(507392K)] [ParOldGen: 1260182K->209310K(1398272K)] 1410407K->209310K(1905664K), [Metaspace: 60494K->60494K(1105920K)], 0.5370143 secs] [Times: user=2.57 sys=0.00, real=0.54 secs] 
4277.149: [GC (Allocation Failure) [PSYoungGen: 324608K->96400K(510976K)] 533922K->305715K(1909248K), 0.1653554 secs] [Times: user=0.98 sys=0.00, real=0.16 secs] 
4277.894: [GC (Allocation Failure) [PSYoungGen: 421008K->158144K(499712K)] 630323K->457543K(1897984K), 0.0545895 secs] [Times: user=0.32 sys=0.00, real=0.06 secs] 
4281.068: [GC (Allocation Failure) [PSYoungGen: 472000K->96800K(506368K)] 771399K->554031K(1904640K), 0.1632461 secs] [Times: user=0.98 sys=0.00, real=0.16 secs] 
4281.924: [GC (Allocation Failure) [PSYoungGen: 410656K->151904K(500736K)] 867887K->699976K(1899008K), 0.1384111 secs] [Times: user=0.83 sys=0.00, real=0.14 secs] 
4285.542: [GC (Allocation Failure) [PSYoungGen: 461664K->89728K(504320K)] 1009736K->789148K(1902592K), 0.1535338 secs] [Times: user=0.91 sys=0.00, real=0.15 secs] 
4286.039: [GC (Allocation Failure) [PSYoungGen: 399488K->151328K(498176K)] 1098908K->934225K(1896448K), 0.0539676 secs] [Times: user=0.32 sys=0.00, real=0.05 secs] 
4290.187: [GC (Allocation Failure) [PSYoungGen: 454944K->87776K(501248K)] 1237841K->1021873K(1899520K), 0.1600029 secs] [Times: user=0.96 sys=0.00, real=0.16 secs] 
4291.013: [GC (Allocation Failure) [PSYoungGen: 391392K->148096K(497664K)] 1325489K->1164049K(1895936K), 0.0540054 secs] [Times: user=0.30 sys=0.00, real=0.06 secs] 
4293.765: [GC (Allocation Failure) [PSYoungGen: 448640K->89728K(499712K)] 1464593K->1253357K(1897984K), 0.1733068 secs] [Times: user=1.03 sys=0.01, real=0.18 secs] 
4294.685: [GC (Allocation Failure) [PSYoungGen: 389085K->142016K(499200K)] 1552715K->1391274K(1897472K), 0.0618126 secs] [Times: user=0.37 sys=0.00, real=0.07 secs] 
4294.747: [Full GC (Ergonomics) [PSYoungGen: 142016K->0K(499200K)] [ParOldGen: 1249258K->197219K(1398272K)] 1391274K->197219K(1897472K), [Metaspace: 60494K->60494K(1105920K)], 0.4856485 secs] [Times: user=2.26 sys=0.00, real=0.48 secs] 
4298.230: [GC (Allocation Failure) [PSYoungGen: 302080K->96896K(399360K)] 499299K->294115K(1797632K), 0.0341018 secs] [Times: user=0.20 sys=0.00, real=0.03 secs] 
4299.928: [GC (Allocation Failure) [PSYoungGen: 398976K->140896K(499200K)] 596195K->432060K(1897472K), 0.0486129 secs] [Times: user=0.28 sys=0.00, real=0.05 secs] 
4302.584: [GC (Allocation Failure) [PSYoungGen: 445024K->99312K(499200K)] 736188K->522649K(1897472K), 0.0763991 secs] [Times: user=0.45 sys=0.01, real=0.08 secs] 
4305.648: [GC (Allocation Failure) [PSYoungGen: 403440K->137984K(500736K)] 826777K->658021K(1899008K), 0.0506101 secs] [Times: user=0.29 sys=0.00, real=0.05 secs] 
4307.359: [GC (Allocation Failure) [PSYoungGen: 447232K->106688K(500224K)] 967269K->755789K(1898496K), 0.0645018 secs] [Times: user=0.38 sys=0.00, real=0.06 secs] 
4310.082: [GC (Allocation Failure) [PSYoungGen: 415936K->139168K(503296K)] 1065037K->892790K(1901568K), 0.0536251 secs] [Times: user=0.32 sys=0.00, real=0.05 secs] 
4311.716: [GC (Allocation Failure) [PSYoungGen: 455584K->110064K(503296K)] 1209206K->993187K(1901568K), 0.0647028 secs] [Times: user=0.39 sys=0.00, real=0.07 secs] 
4314.192: [GC (Allocation Failure) [PSYoungGen: 426480K->145408K(505344K)] 1309603K->1136219K(1903616K), 0.0548433 secs] [Times: user=0.32 sys=0.00, real=0.05 secs] 
4315.636: [GC (Allocation Failure) [PSYoungGen: 467968K->111072K(507904K)] 1458779K->1237555K(1906176K), 0.0898616 secs] [Times: user=0.53 sys=0.00, real=0.09 secs] 
4317.753: [GC (Allocation Failure) [PSYoungGen: 433632K->148320K(508928K)] 1560115K->1383296K(1907200K), 0.0547757 secs] [Times: user=0.32 sys=0.00, real=0.06 secs] 
4317.808: [Full GC (Ergonomics) [PSYoungGen: 148320K->0K(508928K)] [ParOldGen: 1234976K->181644K(1398272K)] 1383296K->181644K(1907200K), [Metaspace: 60494K->60494K(1105920K)], 0.4385983 secs] [Times: user=2.05 sys=0.00, real=0.43 secs] 
4320.816: [GC (Allocation Failure) [PSYoungGen: 327168K->110064K(512512K)] 508812K->291709K(1910784K), 0.0508841 secs] [Times: user=0.30 sys=0.00, real=0.05 secs] 
4322.795: [GC (Allocation Failure) [PSYoungGen: 437232K->152528K(506880K)] 618877K->440122K(1905152K), 0.0537974 secs] [Times: user=0.32 sys=0.00, real=0.06 secs] 
4328.033: [GC (Allocation Failure) [PSYoungGen: 477648K->108256K(512000K)] 765242K->539005K(1910272K), 0.1735917 secs] [Times: user=1.04 sys=0.00, real=0.18 secs] 
4329.288: [GC (Allocation Failure) [PSYoungGen: 431107K->150352K(507904K)] 861857K->683055K(1906176K), 0.0515705 secs] [Times: user=0.31 sys=0.00, real=0.05 secs] 
4331.294: [GC (Allocation Failure) [PSYoungGen: 474448K->110816K(511488K)] 1007151K->784790K(1909760K), 0.1830083 secs] [Times: user=1.09 sys=0.00, real=0.19 secs] 
4332.482: [GC (Allocation Failure) [PSYoungGen: 434912K->151632K(507392K)] 1108886K->932692K(1905664K), 0.0843601 secs] [Times: user=0.50 sys=0.00, real=0.08 secs] 
4337.090: [GC (Allocation Failure) [PSYoungGen: 474704K->97136K(510976K)] 1255764K->1029260K(1909248K), 0.1525284 secs] [Times: user=0.91 sys=0.00, real=0.15 secs] 
4338.083: [GC (Allocation Failure) [PSYoungGen: 420208K->154752K(502272K)] 1352332K->1177724K(1900544K), 0.0597374 secs] [Times: user=0.35 sys=0.00, real=0.06 secs] 
4343.812: [GC (Allocation Failure) [PSYoungGen: 469632K->89008K(403968K)] 1492604K->1266589K(1802240K), 0.1627892 secs] [Times: user=0.97 sys=0.00, real=0.16 secs] 
4344.662: [GC (Allocation Failure) [PSYoungGen: 403888K->153152K(499200K)] 1581469K->1413397K(1897472K), 0.0538268 secs] [Times: user=0.32 sys=0.01, real=0.05 secs] 
4344.716: [Full GC (Ergonomics) [PSYoungGen: 153152K->0K(499200K)] [ParOldGen: 1260245K->212015K(1398272K)] 1413397K->212015K(1897472K), [Metaspace: 60494K->60494K(1105920K)], 0.5018155 secs] [Times: user=2.34 sys=0.00, real=0.51 secs] 
4347.822: [GC (Allocation Failure) [PSYoungGen: 306688K->88880K(502784K)] 518703K->300896K(1901056K), 0.1656432 secs] [Times: user=0.98 sys=0.01, real=0.17 secs] 
4348.935: [GC (Allocation Failure) [PSYoungGen: 382532K->139392K(499712K)] 594548K->435837K(1897984K), 0.0482028 secs] [Times: user=0.29 sys=0.00, real=0.05 secs] 
4351.226: [GC (Allocation Failure) [PSYoungGen: 446080K->98304K(501248K)] 742525K->525581K(1899520K), 0.1583578 secs] [Times: user=0.94 sys=0.00, real=0.16 secs] 
4352.942: [GC (Allocation Failure) [PSYoungGen: 404992K->146032K(501248K)] 832269K->667703K(1899520K), 0.0490803 secs] [Times: user=0.29 sys=0.00, real=0.05 secs] 
4355.512: [GC (Allocation Failure) [PSYoungGen: 455280K->102560K(503296K)] 976951K->761566K(1901568K), 0.1699195 secs] [Times: user=1.01 sys=0.01, real=0.17 secs] 
4357.625: [GC (Allocation Failure) [PSYoungGen: 411808K->144640K(502272K)] 1070814K->902795K(1900544K), 0.0512962 secs] [Times: user=0.30 sys=0.00, real=0.05 secs] 
4359.392: [GC (Allocation Failure) [PSYoungGen: 455936K->104512K(503808K)] 1214091K->998171K(1902080K), 0.0653124 secs] [Times: user=0.39 sys=0.00, real=0.07 secs] 
4361.909: [GC (Allocation Failure) [PSYoungGen: 415808K->153232K(499712K)] 1309467K->1148048K(1897984K), 0.0524563 secs] [Times: user=0.31 sys=0.00, real=0.05 secs] 
4365.106: [GC (Allocation Failure) [PSYoungGen: 464016K->103008K(504320K)] 1458832K->1234175K(1902592K), 0.0648449 secs] [Times: user=0.38 sys=0.00, real=0.07 secs] 
4366.827: [GC (Allocation Failure) [PSYoungGen: 413792K->143808K(504320K)] 1544959K->1374604K(1902592K), 0.0524247 secs] [Times: user=0.31 sys=0.01, real=0.06 secs] 
4366.879: [Full GC (Ergonomics) [PSYoungGen: 143808K->0K(504320K)] [ParOldGen: 1230796K->182041K(1398272K)] 1374604K->182041K(1902592K), [Metaspace: 60498K->60498K(1105920K)], 0.4373438 secs] [Times: user=2.03 sys=0.00, real=0.43 secs] 
4370.707: [GC (Allocation Failure) [PSYoungGen: 314368K->109296K(423936K)] 496409K->291338K(1822208K), 0.0975283 secs] [Times: user=0.58 sys=0.01, real=0.09 secs] 
4373.026: [GC (Allocation Failure) [PSYoungGen: 423664K->145072K(503808K)] 605706K->431035K(1902080K), 0.0525199 secs] [Times: user=0.30 sys=0.00, real=0.06 secs] 
4374.710: [GC (Allocation Failure) [PSYoungGen: 460976K->110448K(505344K)] 746939K->532331K(1903616K), 0.0657111 secs] [Times: user=0.39 sys=0.00, real=0.06 secs] 
4378.190: [GC (Allocation Failure) [PSYoungGen: 426352K->145696K(504832K)] 848235K->671839K(1903104K), 0.0526691 secs] [Times: user=0.31 sys=0.00, real=0.05 secs] 
4380.330: [GC (Allocation Failure) [PSYoungGen: 465184K->108528K(506880K)] 991327K->771252K(1905152K), 0.1224011 secs] [Times: user=0.73 sys=0.00, real=0.12 secs] 
4382.551: [GC (Allocation Failure) [PSYoungGen: 428016K->150000K(506880K)] 1090740K->916933K(1905152K), 0.0535736 secs] [Times: user=0.32 sys=0.00, real=0.05 secs] 
4386.189: [GC (Allocation Failure) [PSYoungGen: 472560K->105344K(510464K)] 1239493K->1012732K(1908736K), 0.1635902 secs] [Times: user=0.97 sys=0.00, real=0.16 secs] 
4387.563: [GC (Allocation Failure) [PSYoungGen: 422406K->151392K(505344K)] 1329795K->1160545K(1903616K), 0.0524366 secs] [Times: user=0.31 sys=0.00, real=0.05 secs] 
4390.790: [GC (Allocation Failure) [PSYoungGen: 471392K->104224K(509440K)] 1480545K->1256281K(1907712K), 0.1635242 secs] [Times: user=0.97 sys=0.00, real=0.16 secs] 
4392.121: [GC (Allocation Failure) [PSYoungGen: 421065K->146032K(508928K)] 1573122K->1398975K(1907200K), 0.0612009 secs] [Times: user=0.36 sys=0.00, real=0.06 secs] 
4392.182: [Full GC (Ergonomics) [PSYoungGen: 146032K->0K(508928K)] [ParOldGen: 1252942K->197123K(1398272K)] 1398975K->197123K(1907200K), [Metaspace: 60498K->60498K(1105920K)], 0.4790920 secs] [Times: user=2.23 sys=0.00, real=0.48 secs] 
4395.022: [GC (Allocation Failure) [PSYoungGen: 322048K->109568K(432128K)] 519171K->306692K(1830400K), 0.0875507 secs] [Times: user=0.52 sys=0.00, real=0.09 secs] 
4396.331: [GC (Allocation Failure) [PSYoungGen: 416459K->142528K(508416K)] 613583K->444828K(1906688K), 0.0511326 secs] [Times: user=0.31 sys=0.00, real=0.05 secs] 
4398.322: [GC (Allocation Failure) [PSYoungGen: 465600K->109472K(508928K)] 767900K->544908K(1907200K), 0.1525938 secs] [Times: user=0.90 sys=0.01, real=0.15 secs] 
4399.281: [GC (Allocation Failure) [PSYoungGen: 432544K->153184K(505856K)] 867980K->693813K(1904128K), 0.0531538 secs] [Times: user=0.32 sys=0.00, real=0.05 secs] 
4402.831: [GC (Allocation Failure) [PSYoungGen: 476256K->98160K(510464K)] 1016885K->791310K(1908736K), 0.1615113 secs] [Times: user=0.96 sys=0.00, real=0.16 secs] 
4404.498: [GC (GCLocker Initiated GC) [PSYoungGen: 421232K->153440K(503808K)] 1114382K->939182K(1902080K), 0.1182847 secs] [Times: user=0.70 sys=0.00, real=0.11 secs] 
4408.122: [GC (Allocation Failure) [PSYoungGen: 470368K->93616K(507904K)] 1256113K->1032190K(1906176K), 0.1429469 secs] [Times: user=0.85 sys=0.00, real=0.14 secs] 
4409.578: [GC (Allocation Failure) [PSYoungGen: 410544K->153312K(500224K)] 1349118K->1179474K(1898496K), 0.0954939 secs] [Times: user=0.57 sys=0.00, real=0.09 secs] 
4413.998: [GC (Allocation Failure) [PSYoungGen: 463072K->90048K(504320K)] 1489234K->1269058K(1902592K), 0.1735911 secs] [Times: user=0.92 sys=0.00, real=0.17 secs] 
4415.058: [GC (Allocation Failure) [PSYoungGen: 399808K->151328K(498176K)] 1578818K->1413739K(1896448K), 0.0525056 secs] [Times: user=0.31 sys=0.00, real=0.05 secs] 
4415.111: [Full GC (Ergonomics) [PSYoungGen: 151328K->0K(498176K)] [ParOldGen: 1262411K->212382K(1398272K)] 1413739K->212382K(1896448K), [Metaspace: 60498K->60498K(1105920K)], 0.5068150 secs] [Times: user=2.38 sys=0.00, real=0.51 secs] 
4420.024: [GC (Allocation Failure) [PSYoungGen: 303616K->87328K(501248K)] 515998K->299710K(1899520K), 0.1701198 secs] [Times: user=1.01 sys=0.01, real=0.17 secs] 
4421.428: [GC (Allocation Failure) [PSYoungGen: 384678K->140192K(498688K)] 597060K->435766K(1896960K), 0.0483063 secs] [Times: user=0.29 sys=0.01, real=0.04 secs] 
4423.840: [GC (Allocation Failure) [PSYoungGen: 444320K->101312K(500224K)] 739894K->528126K(1898496K), 0.1627475 secs] [Times: user=0.97 sys=0.00, real=0.16 secs] 
4425.311: [GC (Allocation Failure) [PSYoungGen: 405440K->143328K(500736K)] 832254K->668099K(1899008K), 0.0568503 secs] [Times: user=0.34 sys=0.01, real=0.06 secs] 
4427.242: [GC (Allocation Failure) [PSYoungGen: 451040K->102544K(501248K)] 975811K->762180K(1899520K), 0.0728260 secs] [Times: user=0.44 sys=0.00, real=0.07 secs] 
4429.450: [GC (Allocation Failure) [PSYoungGen: 410256K->144736K(501248K)] 1069892K->903612K(1899520K), 0.0509243 secs] [Times: user=0.30 sys=0.00, real=0.05 secs] 
4431.751: [GC (Allocation Failure) [PSYoungGen: 455520K->101536K(502784K)] 1214396K->996236K(1901056K), 0.0969520 secs] [Times: user=0.58 sys=0.00, real=0.10 secs] 
4434.712: [GC (Allocation Failure) [PSYoungGen: 412320K->145520K(504320K)] 1307020K->1138330K(1902592K), 0.0527065 secs] [Times: user=0.27 sys=0.00, real=0.05 secs] 
4437.398: [GC (Allocation Failure) [PSYoungGen: 460400K->104416K(505856K)] 1453210K->1234393K(1904128K), 0.1274271 secs] [Times: user=0.76 sys=0.00, real=0.12 secs] 
4439.809: [GC (Allocation Failure) [PSYoungGen: 419296K->147968K(503296K)] 1549273K->1378614K(1901568K), 0.0539051 secs] [Times: user=0.32 sys=0.00, real=0.05 secs] 
4439.863: [Full GC (Ergonomics) [PSYoungGen: 147968K->0K(503296K)] [ParOldGen: 1230646K->186159K(1398272K)] 1378614K->186159K(1901568K), [Metaspace: 60498K->60498K(1105920K)], 0.4498676 secs] [Times: user=2.10 sys=0.00, real=0.45 secs] 
4442.748: [GC (Allocation Failure) [PSYoungGen: 315392K->104048K(506368K)] 501551K->290208K(1904640K), 0.0865428 secs] [Times: user=0.51 sys=0.00, real=0.08 secs] 
4444.909: [GC (Allocation Failure) [PSYoungGen: 419440K->148864K(504832K)] 605600K->434913K(1903104K), 0.0522375 secs] [Times: user=0.29 sys=0.00, real=0.05 secs] 
4447.216: [GC (Allocation Failure) [PSYoungGen: 465792K->105280K(507904K)] 751841K->531441K(1906176K), 0.1367451 secs] [Times: user=0.81 sys=0.00, real=0.14 secs] 
4448.856: [GC (Allocation Failure) [PSYoungGen: 422208K->149792K(503808K)] 848369K->677254K(1902080K), 0.0519100 secs] [Times: user=0.31 sys=0.00, real=0.06 secs] 
4451.880: [GC (GCLocker Initiated GC) [PSYoungGen: 465696K->106304K(507392K)] 993158K->774566K(1905664K), 0.1265625 secs] [Times: user=0.75 sys=0.00, real=0.13 secs] 
4453.238: [GC (Allocation Failure) [PSYoungGen: 422208K->148256K(504832K)] 1090490K->918690K(1903104K), 0.0525364 secs] [Times: user=0.31 sys=0.00, real=0.05 secs] 
4455.757: [GC (Allocation Failure) [PSYoungGen: 465184K->108352K(507392K)] 1235618K->1017546K(1905664K), 0.1124691 secs] [Times: user=0.67 sys=0.00, real=0.11 secs] 
4457.223: [GC (Allocation Failure) [PSYoungGen: 421061K->146432K(506368K)] 1330256K->1160743K(1904640K), 0.1225246 secs] [Times: user=0.73 sys=0.00, real=0.12 secs] 
4462.099: [GC (Allocation Failure) [PSYoungGen: 465408K->99808K(507904K)] 1479719K->1252175K(1906176K), 0.1336518 secs] [Times: user=0.80 sys=0.00, real=0.13 secs] 
4464.029: [GC (Allocation Failure) [PSYoungGen: 418784K->150048K(504320K)] 1571151K->1398180K(1902592K), 0.0507702 secs] [Times: user=0.30 sys=0.00, real=0.05 secs] 
4464.079: [Full GC (Ergonomics) [PSYoungGen: 150048K->0K(504320K)] [ParOldGen: 1248132K->195818K(1398272K)] 1398180K->195818K(1902592K), [Metaspace: 60498K->60498K(1105920K)], 0.4837972 secs] [Times: user=2.26 sys=0.00, real=0.48 secs] 
4467.038: [GC (Allocation Failure) [PSYoungGen: 316928K->104032K(507904K)] 512746K->299851K(1906176K), 0.0534962 secs] [Times: user=0.31 sys=0.00, real=0.05 secs] 
4468.688: [GC (Allocation Failure) [PSYoungGen: 420960K->146336K(507392K)] 616779K->442171K(1905664K), 0.0500175 secs] [Times: user=0.29 sys=0.00, real=0.05 secs] 
4471.972: [GC (Allocation Failure) [PSYoungGen: 465312K->106480K(425472K)] 761147K->538988K(1823744K), 0.1312861 secs] [Times: user=0.77 sys=0.01, real=0.13 secs] 
4473.872: [GC (Allocation Failure) [PSYoungGen: 420654K->147744K(505856K)] 853162K->682928K(1904128K), 0.0513388 secs] [Times: user=0.30 sys=0.00, real=0.05 secs] 
4476.134: [GC (Allocation Failure) [PSYoungGen: 466208K->107168K(507904K)] 1001392K->781160K(1906176K), 0.1683421 secs] [Times: user=0.99 sys=0.01, real=0.17 secs] 
4477.487: [GC (Allocation Failure) [PSYoungGen: 420482K->144240K(507392K)] 1094474K->921446K(1905664K), 0.0517151 secs] [Times: user=0.31 sys=0.01, real=0.05 secs] 
4483.220: [GC (Allocation Failure) [PSYoungGen: 465264K->107120K(508416K)] 1242470K->1019178K(1906688K), 0.1669799 secs] [Times: user=0.99 sys=0.01, real=0.17 secs] 
4484.459: [GC (Allocation Failure) [PSYoungGen: 417318K->144096K(508928K)] 1329376K->1159622K(1907200K), 0.0620806 secs] [Times: user=0.36 sys=0.00, real=0.06 secs] 
4487.352: [GC (Allocation Failure) [PSYoungGen: 468192K->108912K(509952K)] 1483718K->1259691K(1908224K), 0.1713932 secs] [Times: user=1.02 sys=0.00, real=0.17 secs] 
4488.623: [GC (Allocation Failure) [PSYoungGen: 417306K->142704K(510976K)] 1568084K->1398428K(1909248K), 0.0531499 secs] [Times: user=0.32 sys=0.00, real=0.05 secs] 
4488.676: [Full GC (Ergonomics) [PSYoungGen: 142704K->0K(510976K)] [ParOldGen: 1255723K->197399K(1398272K)] 1398428K->197399K(1909248K), [Metaspace: 60501K->60501K(1105920K)], 0.4710821 secs] [Times: user=2.18 sys=0.00, real=0.48 secs] 
4491.263: [GC (Allocation Failure) [PSYoungGen: 327680K->111424K(511488K)] 525079K->308823K(1909760K), 0.0781899 secs] [Times: user=0.46 sys=0.00, real=0.08 secs] 
4492.104: [GC (Allocation Failure) [PSYoungGen: 439104K->154608K(506880K)] 636503K->459121K(1905152K), 0.0524912 secs] [Times: user=0.31 sys=0.00, real=0.06 secs] 
4496.813: [GC (Allocation Failure) [PSYoungGen: 480752K->98000K(512512K)] 785265K->556745K(1910784K), 0.1702276 secs] [Times: user=1.01 sys=0.00, real=0.17 secs] 
4497.390: [GC (Allocation Failure) [PSYoungGen: 424144K->159168K(500224K)] 882889K->709825K(1898496K), 0.0571523 secs] [Times: user=0.34 sys=0.00, real=0.06 secs] 
4500.978: [GC (Allocation Failure) [PSYoungGen: 474048K->93504K(506880K)] 1024705K->803081K(1905152K), 0.1581950 secs] [Times: user=0.94 sys=0.01, real=0.15 secs] 
4501.596: [GC (Allocation Failure) [PSYoungGen: 408384K->152624K(500736K)] 1117961K->949526K(1899008K), 0.0737208 secs] [Times: user=0.44 sys=0.00, real=0.08 secs] 
4506.205: [GC (Allocation Failure) [PSYoungGen: 461360K->89744K(503808K)] 1258262K->1039127K(1902080K), 0.1634599 secs] [Times: user=0.98 sys=0.00, real=0.17 secs] 
4506.621: [GC (Allocation Failure) [PSYoungGen: 398480K->150496K(498688K)] 1347863K->1183439K(1896960K), 0.0561508 secs] [Times: user=0.34 sys=0.00, real=0.06 secs] 
4511.089: [GC (Allocation Failure) [PSYoungGen: 454112K->85680K(501248K)] 1487055K->1268816K(1899520K), 0.1588540 secs] [Times: user=0.94 sys=0.00, real=0.16 secs] 
4512.194: [GC (Allocation Failure) [PSYoungGen: 389296K->146480K(498176K)] 1572432K->1409432K(1896448K), 0.0532464 secs] [Times: user=0.31 sys=0.00, real=0.06 secs] 
4512.247: [Full GC (Ergonomics) [PSYoungGen: 146480K->0K(498176K)] [ParOldGen: 1262952K->208092K(1398272K)] 1409432K->208092K(1896448K), [Metaspace: 60507K->60507K(1105920K)], 0.4835695 secs] [Times: user=2.26 sys=0.00, real=0.48 secs] 
4515.199: [GC (Allocation Failure) [PSYoungGen: 300544K->89648K(499712K)] 508636K->297741K(1897984K), 0.1759985 secs] [Times: user=1.05 sys=0.00, real=0.17 secs] 
4516.426: [GC (Allocation Failure) [PSYoungGen: 390192K->143088K(499200K)] 598285K->436830K(1897472K), 0.0672346 secs] [Times: user=0.40 sys=0.00, real=0.07 secs] 
4519.682: [GC (Allocation Failure) [PSYoungGen: 444656K->97088K(398848K)] 738398K->525481K(1797120K), 0.1607492 secs] [Times: user=0.96 sys=0.01, real=0.16 secs] 
4521.211: [GC (Allocation Failure) [PSYoungGen: 398656K->150000K(494592K)] 827049K->671759K(1892864K), 0.0486643 secs] [Times: user=0.29 sys=0.00, real=0.05 secs] 
4524.987: [GC (Allocation Failure) [PSYoungGen: 449520K->94784K(498176K)] 971279K->749742K(1896448K), 0.0700935 secs] [Times: user=0.41 sys=0.01, real=0.07 secs] 
4526.326: [GC (Allocation Failure) [PSYoungGen: 394304K->140032K(498176K)] 1049262K->887979K(1896448K), 0.0495384 secs] [Times: user=0.29 sys=0.00, real=0.05 secs] 
4528.573: [GC (Allocation Failure) [PSYoungGen: 444160K->102976K(499712K)] 1192107K->982363K(1897984K), 0.0648951 secs] [Times: user=0.38 sys=0.00, real=0.07 secs] 
4530.747: [GC (Allocation Failure) [PSYoungGen: 407104K->139184K(500736K)] 1286491K->1119645K(1899008K), 0.0522587 secs] [Times: user=0.31 sys=0.00, real=0.05 secs] 
4533.070: [GC (Allocation Failure) [PSYoungGen: 448432K->105552K(500736K)] 1428893K->1216065K(1899008K), 0.0638110 secs] [Times: user=0.38 sys=0.00, real=0.06 secs] 
4535.783: [GC (Allocation Failure) [PSYoungGen: 414800K->137264K(503808K)] 1525313K->1351901K(1902080K), 0.0571659 secs] [Times: user=0.34 sys=0.00, real=0.06 secs] 
4537.735: [GC (Allocation Failure) [PSYoungGen: 453680K->113200K(503296K)] 1668317K->1456042K(1901568K), 0.0695140 secs] [Times: user=0.42 sys=0.01, real=0.07 secs] 
4537.804: [Full GC (Ergonomics) [PSYoungGen: 113200K->0K(503296K)] [ParOldGen: 1342841K->23235K(1398272K)] 1456042K->23235K(1901568K), [Metaspace: 60507K->60507K(1105920K)], 0.0324598 secs] [Times: user=0.09 sys=0.00, real=0.04 secs] 
4541.530: [GC (Allocation Failure) [PSYoungGen: 316416K->139648K(506368K)] 339651K->162883K(1904640K), 0.0301297 secs] [Times: user=0.18 sys=0.00, real=0.03 secs] 
4542.900: [GC (Allocation Failure) [PSYoungGen: 463744K->115328K(506880K)] 486979K->268859K(1905152K), 0.0655598 secs] [Times: user=0.38 sys=0.00, real=0.06 secs] 
4545.849: [GC (Allocation Failure) [PSYoungGen: 439424K->143840K(509440K)] 592955K->410776K(1907712K), 0.0542106 secs] [Times: user=0.32 sys=0.00, real=0.05 secs] 
4547.824: [GC (Allocation Failure) [PSYoungGen: 475104K->117728K(512000K)] 742040K->519160K(1910272K), 0.0647789 secs] [Times: user=0.38 sys=0.00, real=0.07 secs] 
4549.735: [GC (Allocation Failure) [PSYoungGen: 448992K->151968K(510976K)] 850424K->668833K(1909248K), 0.0562263 secs] [Times: user=0.33 sys=0.01, real=0.06 secs] 
4554.818: [GC (Allocation Failure) [PSYoungGen: 486816K->110096K(516096K)] 1003681K->769969K(1914368K), 0.1687454 secs] [Times: user=1.00 sys=0.00, real=0.16 secs] 
4556.499: [GC (Allocation Failure) [PSYoungGen: 444944K->178656K(411648K)] 1104817K->957286K(1809920K), 0.0592676 secs] [Times: user=0.35 sys=0.00, real=0.06 secs] 
4557.687: [GC (Allocation Failure) [PSYoungGen: 411616K->63504K(465920K)] 1190246K->987538K(1864192K), 0.0617331 secs] [Times: user=0.36 sys=0.00, real=0.06 secs] 
4559.116: [GC (Allocation Failure) [PSYoungGen: 296464K->105984K(465920K)] 1220498K->1091207K(1864192K), 0.0677475 secs] [Times: user=0.40 sys=0.00, real=0.07 secs] 
4561.284: [GC (Allocation Failure) [PSYoungGen: 338944K->116992K(350208K)] 1324167K->1198331K(1748480K), 0.1424635 secs] [Times: user=0.84 sys=0.00, real=0.14 secs] 
4565.238: [GC (Allocation Failure) [PSYoungGen: 349952K->54368K(456704K)] 1431291K->1252707K(1854976K), 0.1345210 secs] [Times: user=0.79 sys=0.00, real=0.13 secs] 
4566.615: [GC (Allocation Failure) [PSYoungGen: 283744K->107088K(460288K)] 1482083K->1355972K(1858560K), 0.0383332 secs] [Times: user=0.22 sys=0.00, real=0.04 secs] 
4566.654: [Full GC (Ergonomics) [PSYoungGen: 107088K->0K(460288K)] [ParOldGen: 1248883K->159952K(1398272K)] 1355972K->159952K(1858560K), [Metaspace: 60507K->60507K(1105920K)], 0.3814293 secs] [Times: user=1.77 sys=0.00, real=0.38 secs] 
4569.213: [GC (Allocation Failure) [PSYoungGen: 229376K->102336K(458240K)] 389328K->262288K(1856512K), 0.0383252 secs] [Times: user=0.22 sys=0.00, real=0.04 secs] 
4570.074: [GC (Allocation Failure) [PSYoungGen: 347584K->76352K(460800K)] 507536K->338692K(1859072K), 0.0943789 secs] [Times: user=0.56 sys=0.00, real=0.10 secs] 
4570.992: [GC (Allocation Failure) [PSYoungGen: 308538K->112000K(463360K)] 570878K->444969K(1861632K), 0.0964957 secs] [Times: user=0.58 sys=0.00, real=0.10 secs] 
4573.772: [GC (Allocation Failure) [PSYoungGen: 381824K->87344K(473600K)] 714793K->523565K(1871872K), 0.0654610 secs] [Times: user=0.38 sys=0.00, real=0.07 secs] 
4575.467: [GC (Allocation Failure) [PSYoungGen: 357168K->124224K(482816K)] 793389K->645593K(1881088K), 0.0469371 secs] [Times: user=0.27 sys=0.00, real=0.04 secs] 
4577.945: [GC (Allocation Failure) [PSYoungGen: 419648K->105056K(491008K)] 941017K->741697K(1889280K), 0.0604916 secs] [Times: user=0.36 sys=0.00, real=0.06 secs] 
4580.062: [GC (Allocation Failure) [PSYoungGen: 400480K->123664K(496128K)] 1037121K->864487K(1894400K), 0.0670235 secs] [Times: user=0.40 sys=0.00, real=0.07 secs] 
4582.700: [GC (Allocation Failure) [PSYoungGen: 438544K->123744K(500224K)] 1179367K->978614K(1898496K), 0.0627588 secs] [Times: user=0.38 sys=0.00, real=0.06 secs] 
4585.244: [GC (Allocation Failure) [PSYoungGen: 438624K->126080K(508928K)] 1293494K->1104374K(1907200K), 0.0719755 secs] [Times: user=0.43 sys=0.00, real=0.07 secs] 
4588.468: [GC (Allocation Failure) [PSYoungGen: 457856K->1856K(333824K)] 1436150K->980190K(1732096K), 0.0027233 secs] [Times: user=0.01 sys=0.00, real=0.00 secs] 
4591.572: [GC (Allocation Failure) [PSYoungGen: 333632K->141664K(496128K)] 1311966K->1120763K(1894400K), 0.0353913 secs] [Times: user=0.20 sys=0.00, real=0.04 secs] 
4592.949: [GC (Allocation Failure) [PSYoungGen: 445280K->3552K(307200K)] 1424379K->982808K(1705472K), 0.0028016 secs] [Times: user=0.01 sys=0.00, real=0.00 secs] 
4595.940: [GC (Allocation Failure) [PSYoungGen: 307168K->133248K(487424K)] 1286424K->1114052K(1885696K), 0.0367540 secs] [Times: user=0.21 sys=0.01, real=0.04 secs] 
4597.601: [GC (Allocation Failure) [PSYoungGen: 414336K->113600K(394752K)] 1395140K->1218340K(1793024K), 0.0644315 secs] [Times: user=0.39 sys=0.00, real=0.06 secs] 
4600.665: [GC (Allocation Failure) [PSYoungGen: 394688K->103264K(496128K)] 1499428K->1321484K(1894400K), 0.0782018 secs] [Times: user=0.46 sys=0.00, real=0.08 secs] 
4600.743: [Full GC (Ergonomics) [PSYoungGen: 103264K->0K(496128K)] [ParOldGen: 1218220K->118382K(1398272K)] 1321484K->118382K(1894400K), [Metaspace: 60507K->60507K(1105920K)], 0.2715032 secs] [Times: user=1.24 sys=0.00, real=0.27 secs] 
4601.505: [GC (Allocation Failure) [PSYoungGen: 290695K->179680K(486400K)] 409078K->298062K(1884672K), 0.0462730 secs] [Times: user=0.27 sys=0.00, real=0.05 secs] 
4604.565: [GC (Allocation Failure) [PSYoungGen: 473056K->85248K(492544K)] 591438K->348671K(1890816K), 0.1229332 secs] [Times: user=0.74 sys=0.00, real=0.13 secs] 
4604.946: [GC (Allocation Failure) [PSYoungGen: 365312K->135936K(486400K)] 628735K->478660K(1884672K), 0.0529647 secs] [Times: user=0.31 sys=0.00, real=0.06 secs] 
4607.015: [GC (Allocation Failure) [PSYoungGen: 416000K->79552K(488448K)] 758724K->557604K(1886720K), 0.1486587 secs] [Times: user=0.86 sys=0.02, real=0.15 secs] 
4608.463: [GC (Allocation Failure) [PSYoungGen: 354649K->132608K(486912K)] 832702K->684253K(1885184K), 0.0464101 secs] [Times: user=0.28 sys=0.00, real=0.05 secs] 
4610.956: [GC (Allocation Failure) [PSYoungGen: 416768K->94992K(484352K)] 968413K->770686K(1882624K), 0.0986129 secs] [Times: user=0.59 sys=0.00, real=0.10 secs] 
4614.309: [GC (Allocation Failure) [PSYoungGen: 388368K->134336K(489472K)] 1064062K->897394K(1887744K), 0.0472665 secs] [Times: user=0.28 sys=0.00, real=0.04 secs] 
4615.994: [GC (Allocation Failure) [PSYoungGen: 427712K->101504K(489984K)] 1190770K->989902K(1888256K), 0.0635987 secs] [Times: user=0.38 sys=0.00, real=0.07 secs] 
4619.043: [GC (Allocation Failure) [PSYoungGen: 407680K->144656K(496128K)] 1296078K->1132931K(1894400K), 0.0559962 secs] [Times: user=0.33 sys=0.00, real=0.06 secs] 
4620.751: [GC (Allocation Failure) [PSYoungGen: 450832K->106592K(500224K)] 1439107K->1222075K(1898496K), 0.0659132 secs] [Times: user=0.39 sys=0.00, real=0.06 secs] 
4623.121: [GC (Allocation Failure) [PSYoungGen: 420960K->148608K(502272K)] 1536443K->1369052K(1900544K), 0.0582020 secs] [Times: user=0.34 sys=0.00, real=0.06 secs] 
4623.179: [Full GC (Ergonomics) [PSYoungGen: 148608K->0K(502272K)] [ParOldGen: 1220444K->158117K(1398272K)] 1369052K->158117K(1900544K), [Metaspace: 60507K->60507K(1105920K)], 0.3740089 secs] [Times: user=1.73 sys=0.00, real=0.37 secs] 
4625.804: [GC (Allocation Failure) [PSYoungGen: 314368K->108464K(504320K)] 472485K->266590K(1902592K), 0.0399621 secs] [Times: user=0.23 sys=0.00, real=0.04 secs] 
4627.628: [GC (Allocation Failure) [PSYoungGen: 425904K->141776K(504832K)] 584030K->407198K(1903104K), 0.0557273 secs] [Times: user=0.33 sys=0.00, real=0.05 secs] 
4630.906: [GC (Allocation Failure) [PSYoungGen: 459216K->107408K(502784K)] 724638K->505462K(1901056K), 0.0654086 secs] [Times: user=0.39 sys=0.00, real=0.07 secs] 
4633.429: [GC (Allocation Failure) [PSYoungGen: 428944K->144416K(505856K)] 826998K->648686K(1904128K), 0.0661340 secs] [Times: user=0.39 sys=0.00, real=0.06 secs] 
4636.386: [GC (Allocation Failure) [PSYoungGen: 465952K->108256K(507904K)] 970222K->748471K(1906176K), 0.0654858 secs] [Times: user=0.39 sys=0.00, real=0.07 secs] 
4638.711: [GC (Allocation Failure) [PSYoungGen: 434912K->150976K(509440K)] 1075127K->898007K(1907712K), 0.0539505 secs] [Times: user=0.32 sys=0.00, real=0.05 secs] 
4640.262: [GC (Allocation Failure) [PSYoungGen: 477632K->112640K(510976K)] 1224663K->1001623K(1909248K), 0.0662464 secs] [Times: user=0.39 sys=0.00, real=0.07 secs] 
4642.629: [GC (Allocation Failure) [PSYoungGen: 439808K->149840K(510464K)] 1328791K->1149241K(1908736K), 0.0554703 secs] [Times: user=0.33 sys=0.00, real=0.05 secs] 
4644.200: [GC (Allocation Failure) [PSYoungGen: 477008K->110176K(511488K)] 1476409K->1250248K(1909760K), 0.0669192 secs] [Times: user=0.40 sys=0.00, real=0.07 secs] 
4646.647: [GC (Allocation Failure) [PSYoungGen: 437344K->152560K(479744K)] 1577416K->1398854K(1878016K), 0.0551749 secs] [Times: user=0.33 sys=0.00, real=0.05 secs] 
4646.703: [Full GC (Ergonomics) [PSYoungGen: 152560K->0K(479744K)] [ParOldGen: 1246293K->195782K(1398272K)] 1398854K->195782K(1878016K), [Metaspace: 60510K->60510K(1105920K)], 0.4759813 secs] [Times: user=2.23 sys=0.00, real=0.48 secs] 
4648.588: [GC (Allocation Failure) [PSYoungGen: 327168K->111424K(514048K)] 522950K->307206K(1912320K), 0.0583980 secs] [Times: user=0.34 sys=0.00, real=0.05 secs] 
4649.246: [GC (Allocation Failure) [PSYoungGen: 436544K->153024K(478208K)] 632326K->456779K(1876480K), 0.0538920 secs] [Times: user=0.32 sys=0.00, real=0.06 secs] 
4654.970: [GC (Allocation Failure) [PSYoungGen: 478144K->95168K(509952K)] 781899K->551435K(1908224K), 0.1514613 secs] [Times: user=0.90 sys=0.00, real=0.15 secs] 
4655.729: [GC (Allocation Failure) [PSYoungGen: 415680K->154160K(475136K)] 871947K->699472K(1873408K), 0.0545451 secs] [Times: user=0.32 sys=0.00, real=0.05 secs] 
4659.622: [GC (Allocation Failure) [PSYoungGen: 474672K->97344K(506880K)] 1019984K->796144K(1905152K), 0.1641976 secs] [Times: user=0.97 sys=0.00, real=0.16 secs] 
4660.257: [GC (Allocation Failure) [PSYoungGen: 410688K->149952K(463360K)] 1109488K->940364K(1861632K), 0.0567173 secs] [Times: user=0.33 sys=0.01, real=0.05 secs] 
4663.421: [GC (Allocation Failure) [PSYoungGen: 463296K->95328K(505344K)] 1253708K->1034921K(1903616K), 0.1760993 secs] [Times: user=1.05 sys=0.00, real=0.18 secs] 
4664.117: [GC (Allocation Failure) [PSYoungGen: 406112K->164272K(475136K)] 1345705K->1193394K(1873408K), 0.0651139 secs] [Times: user=0.39 sys=0.00, real=0.06 secs] 
4667.568: [GC (Allocation Failure) [PSYoungGen: 475056K->93760K(499200K)] 1504178K->1270097K(1897472K), 0.1502287 secs] [Times: user=0.89 sys=0.00, real=0.15 secs] 
4668.088: [GC (Allocation Failure) [PSYoungGen: 391744K->144192K(497664K)] 1568081K->1408454K(1895936K), 0.0532614 secs] [Times: user=0.32 sys=0.00, real=0.05 secs] 
4668.141: [Full GC (Ergonomics) [PSYoungGen: 144192K->0K(497664K)] [ParOldGen: 1264262K->207549K(1398272K)] 1408454K->207549K(1895936K), [Metaspace: 60510K->60510K(1105920K)], 0.4816700 secs] [Times: user=2.23 sys=0.00, real=0.48 secs] 
4671.621: [GC (Allocation Failure) [PSYoungGen: 297984K->87520K(498176K)] 505533K->295069K(1896448K), 0.1606938 secs] [Times: user=0.95 sys=0.00, real=0.16 secs] 
4672.396: [GC (Allocation Failure) [PSYoungGen: 386016K->143680K(497664K)] 593565K->434935K(1895936K), 0.0474499 secs] [Times: user=0.28 sys=0.00, real=0.05 secs] 
4674.293: [GC (Allocation Failure) [PSYoungGen: 442176K->98336K(494080K)] 733431K->524563K(1892352K), 0.1191842 secs] [Times: user=0.71 sys=0.00, real=0.12 secs] 
4676.249: [GC (Allocation Failure) [PSYoungGen: 398880K->140512K(496640K)] 825107K->661612K(1894912K), 0.0491039 secs] [Times: user=0.29 sys=0.00, real=0.05 secs] 
4677.688: [GC (Allocation Failure) [PSYoungGen: 441056K->103840K(495104K)] 962156K->756060K(1893376K), 0.0654411 secs] [Times: user=0.39 sys=0.00, real=0.06 secs] 
4678.820: [GC (Allocation Failure) [PSYoungGen: 411040K->139760K(499200K)] 1063260K->893542K(1897472K), 0.0531655 secs] [Times: user=0.31 sys=0.00, real=0.05 secs] 
4682.016: [GC (Allocation Failure) [PSYoungGen: 446960K->105808K(499200K)] 1200742K->989426K(1897472K), 0.0642816 secs] [Times: user=0.38 sys=0.00, real=0.07 secs] 
4683.109: [GC (Allocation Failure) [PSYoungGen: 421200K->146688K(503296K)] 1304818K->1134146K(1901568K), 0.0539385 secs] [Times: user=0.32 sys=0.00, real=0.05 secs] 
4685.214: [GC (Allocation Failure) [PSYoungGen: 462080K->106304K(506368K)] 1449538K->1231758K(1904640K), 0.0692887 secs] [Times: user=0.41 sys=0.01, real=0.07 secs] 
4686.570: [GC (Allocation Failure) [PSYoungGen: 426816K->147424K(507392K)] 1552270K->1377147K(1905664K), 0.0544863 secs] [Times: user=0.32 sys=0.01, real=0.05 secs] 
4686.624: [Full GC (Ergonomics) [PSYoungGen: 147424K->0K(507392K)] [ParOldGen: 1229723K->182857K(1398272K)] 1377147K->182857K(1905664K), [Metaspace: 60510K->60510K(1105920K)], 0.4331002 secs] [Times: user=2.00 sys=0.00, real=0.44 secs] 
4690.870: [GC (Allocation Failure) [PSYoungGen: 320512K->108016K(507904K)] 503369K->290874K(1906176K), 0.0334827 secs] [Times: user=0.19 sys=0.00, real=0.03 secs] 
4693.018: [GC (Allocation Failure) [PSYoungGen: 430064K->148784K(508416K)] 612922K->434689K(1906688K), 0.1145020 secs] [Times: user=0.68 sys=0.00, real=0.11 secs] 
4695.983: [GC (Allocation Failure) [PSYoungGen: 470832K->108272K(508416K)] 756737K->534217K(1906688K), 0.0933485 secs] [Times: user=0.56 sys=0.00, real=0.09 secs] 
4698.229: [GC (Allocation Failure) [PSYoungGen: 431344K->148336K(508928K)] 857289K->679430K(1907200K), 0.1430922 secs] [Times: user=0.85 sys=0.01, real=0.14 secs] 
4700.973: [GC (Allocation Failure) [PSYoungGen: 471408K->108224K(509952K)] 1002502K->778741K(1908224K), 0.1137574 secs] [Times: user=0.67 sys=0.01, real=0.12 secs] 
4701.572: [GC (Allocation Failure) [PSYoungGen: 419317K->148480K(509952K)] 1089835K->923274K(1908224K), 0.0528160 secs] [Times: user=0.31 sys=0.00, real=0.05 secs] 
4705.902: [GC (Allocation Failure) [PSYoungGen: 472576K->106016K(510464K)] 1247370K->1020890K(1908736K), 0.1271513 secs] [Times: user=0.75 sys=0.01, real=0.13 secs] 
4707.288: [GC (Allocation Failure) [PSYoungGen: 419851K->145856K(510464K)] 1334726K->1162919K(1908736K), 0.0510335 secs] [Times: user=0.30 sys=0.00, real=0.05 secs] 
4710.913: [GC (Allocation Failure) [PSYoungGen: 470464K->109760K(508416K)] 1487527K->1263143K(1906688K), 0.1802047 secs] [Times: user=1.07 sys=0.00, real=0.18 secs] 
4712.268: [GC (Allocation Failure) [PSYoungGen: 435392K->151680K(509952K)] 1588775K->1411092K(1908224K), 0.0540254 secs] [Times: user=0.32 sys=0.00, real=0.05 secs] 
4712.322: [Full GC (Ergonomics) [PSYoungGen: 151680K->0K(509952K)] [ParOldGen: 1259412K->207820K(1398272K)] 1411092K->207820K(1908224K), [Metaspace: 60510K->60510K(1105920K)], 0.4816397 secs] [Times: user=2.24 sys=0.00, real=0.48 secs] 
4714.748: [GC (Allocation Failure) [PSYoungGen: 325632K->104576K(512512K)] 533452K->312396K(1910784K), 0.1160597 secs] [Times: user=0.69 sys=0.00, real=0.11 secs] 
4715.220: [GC (Allocation Failure) [PSYoungGen: 428672K->156112K(480256K)] 636492K->462741K(1878528K), 0.0578868 secs] [Times: user=0.34 sys=0.00, real=0.06 secs] 
4718.575: [GC (Allocation Failure) [PSYoungGen: 480208K->97232K(508416K)] 786837K->559265K(1906688K), 0.1475982 secs] [Times: user=0.87 sys=0.01, real=0.15 secs] 
4718.971: [GC (Allocation Failure) [PSYoungGen: 414160K->154528K(471552K)] 876193K->707925K(1869824K), 0.0571387 secs] [Times: user=0.34 sys=0.00, real=0.06 secs] 
4723.797: [GC (Allocation Failure) [PSYoungGen: 471456K->91168K(504320K)] 1024853K->799117K(1902592K), 0.1474804 secs] [Times: user=0.87 sys=0.00, real=0.14 secs] 
4724.216: [GC (Allocation Failure) [PSYoungGen: 400416K->151008K(460288K)] 1108365K->944102K(1858560K), 0.0558427 secs] [Times: user=0.33 sys=0.00, real=0.06 secs] 
4728.053: [GC (Allocation Failure) [PSYoungGen: 460256K->90080K(502272K)] 1253350K->1033902K(1900544K), 0.1699631 secs] [Times: user=1.02 sys=0.00, real=0.17 secs] 
4728.473: [GC (Allocation Failure) [PSYoungGen: 395232K->148832K(454144K)] 1339054K->1176955K(1852416K), 0.0547345 secs] [Times: user=0.33 sys=0.00, real=0.06 secs] 
4732.664: [GC (Allocation Failure) [PSYoungGen: 453984K->89344K(501248K)] 1482107K->1265951K(1899520K), 0.1146517 secs] [Times: user=0.68 sys=0.01, real=0.12 secs] 
4733.313: [GC (Allocation Failure) [PSYoungGen: 391936K->146400K(449024K)] 1568543K->1406436K(1847296K), 0.0711846 secs] [Times: user=0.42 sys=0.00, real=0.07 secs] 
4733.384: [Full GC (Ergonomics) [PSYoungGen: 146400K->0K(449024K)] [ParOldGen: 1260036K->212295K(1398272K)] 1406436K->212295K(1847296K), [Metaspace: 60510K->60510K(1105920K)], 0.5057818 secs] [Times: user=2.36 sys=0.00, real=0.51 secs] 
4737.360: [GC (Allocation Failure) [PSYoungGen: 302592K->87776K(500736K)] 514887K->300071K(1899008K), 0.1552961 secs] [Times: user=0.92 sys=0.00, real=0.15 secs] 
4738.209: [GC (Allocation Failure) [PSYoungGen: 378775K->139296K(441344K)] 591070K->435628K(1839616K), 0.0475991 secs] [Times: user=0.28 sys=0.00, real=0.04 secs] 
4740.775: [GC (Allocation Failure) [PSYoungGen: 440864K->97568K(501760K)] 737196K->524616K(1900032K), 0.0901952 secs] [Times: user=0.54 sys=0.01, real=0.09 secs] 
4743.696: [GC (Allocation Failure) [PSYoungGen: 402208K->142560K(498688K)] 829256K->663469K(1896960K), 0.0486154 secs] [Times: user=0.29 sys=0.00, real=0.05 secs] 
4744.848: [GC (Allocation Failure) [PSYoungGen: 447200K->100528K(499712K)] 968109K->755133K(1897984K), 0.0652017 secs] [Times: user=0.37 sys=0.02, real=0.06 secs] 
4747.749: [GC (Allocation Failure) [PSYoungGen: 410288K->144480K(501248K)] 1064893K->896521K(1899520K), 0.0518656 secs] [Times: user=0.31 sys=0.00, real=0.05 secs] 
4749.318: [GC (Allocation Failure) [PSYoungGen: 454240K->106320K(500736K)] 1206281K->993966K(1899008K), 0.0704229 secs] [Times: user=0.41 sys=0.00, real=0.07 secs] 
4751.610: [GC (Allocation Failure) [PSYoungGen: 420688K->145792K(503296K)] 1308334K->1136958K(1901568K), 0.0540716 secs] [Times: user=0.31 sys=0.01, real=0.05 secs] 
4753.457: [GC (Allocation Failure) [PSYoungGen: 460160K->106368K(504320K)] 1451326K->1234382K(1902592K), 0.0667111 secs] [Times: user=0.40 sys=0.00, real=0.06 secs] 
4755.074: [GC (Allocation Failure) [PSYoungGen: 424832K->146432K(505856K)] 1552846K->1377251K(1904128K), 0.0543188 secs] [Times: user=0.32 sys=0.00, real=0.06 secs] 
4755.128: [Full GC (Ergonomics) [PSYoungGen: 146432K->0K(505856K)] [ParOldGen: 1230819K->185115K(1398272K)] 1377251K->185115K(1904128K), [Metaspace: 60511K->60511K(1105920K)], 0.4442312 secs] [Times: user=2.08 sys=0.00, real=0.44 secs] 
4757.735: [GC (Allocation Failure) [PSYoungGen: 318464K->108673K(506880K)] 503579K->293789K(1905152K), 0.0445708 secs] [Times: user=0.26 sys=0.00, real=0.05 secs] 
4760.200: [GC (Allocation Failure) [PSYoungGen: 430209K->148816K(507904K)] 615325K->438828K(1906176K), 0.0531501 secs] [Times: user=0.31 sys=0.00, real=0.05 secs] 
4762.859: [GC (Allocation Failure) [PSYoungGen: 470352K->107008K(509440K)] 760364K->536715K(1907712K), 0.0819250 secs] [Times: user=0.49 sys=0.01, real=0.08 secs] 
4765.581: [GC (GCLocker Initiated GC) [PSYoungGen: 430080K->149472K(509440K)] 859788K->682692K(1907712K), 0.1348372 secs] [Times: user=0.80 sys=0.01, real=0.13 secs] 
4768.878: [GC (Allocation Failure) [PSYoungGen: 472544K->107312K(509440K)] 1005767K->781424K(1907712K), 0.1781198 secs] [Times: user=1.06 sys=0.00, real=0.17 secs] 
4770.581: [GC (Allocation Failure) [PSYoungGen: 416426K->145216K(509440K)] 1090538K->923144K(1907712K), 0.0518137 secs] [Times: user=0.31 sys=0.00, real=0.05 secs] 
4773.543: [GC (Allocation Failure) [PSYoungGen: 468288K->107776K(507904K)] 1246216K->1021592K(1906176K), 0.1505233 secs] [Times: user=0.89 sys=0.00, real=0.15 secs] 
4774.254: [GC (GCLocker Initiated GC) [PSYoungGen: 432384K->153520K(478208K)] 1346200K->1171606K(1876480K), 0.0534941 secs] [Times: user=0.32 sys=0.00, real=0.06 secs] 
4778.545: [GC (Allocation Failure) [PSYoungGen: 478128K->97504K(510464K)] 1496216K->1268431K(1908736K), 0.1628101 secs] [Times: user=0.97 sys=0.00, real=0.17 secs] 
4779.600: [GC (Allocation Failure) [PSYoungGen: 418016K->154320K(475136K)] 1588943K->1416617K(1873408K), 0.0560651 secs] [Times: user=0.33 sys=0.00, real=0.05 secs] 
4779.656: [Full GC (Ergonomics) [PSYoungGen: 154320K->0K(475136K)] [ParOldGen: 1262296K->213861K(1398272K)] 1416617K->213861K(1873408K), [Metaspace: 60531K->60531K(1105920K)], 0.4971941 secs] [Times: user=2.32 sys=0.00, real=0.50 secs] 
4783.053: [GC (Allocation Failure) [PSYoungGen: 320512K->97568K(506880K)] 534373K->311429K(1905152K), 0.1458398 secs] [Times: user=0.86 sys=0.00, real=0.15 secs] 
4783.637: [GC (Allocation Failure) [PSYoungGen: 410912K->151472K(464896K)] 624773K->456991K(1863168K), 0.0548631 secs] [Times: user=0.32 sys=0.00, real=0.05 secs] 
4788.147: [GC (Allocation Failure) [PSYoungGen: 464816K->91344K(504320K)] 770335K->548111K(1902592K), 0.1730712 secs] [Times: user=1.03 sys=0.00, real=0.17 secs] 
4788.658: [GC (Allocation Failure) [PSYoungGen: 400592K->150144K(459776K)] 857359K->692233K(1858048K), 0.0538080 secs] [Times: user=0.32 sys=0.00, real=0.05 secs] 
4791.735: [GC (Allocation Failure) [PSYoungGen: 459392K->91888K(502784K)] 1001481K->783754K(1901056K), 0.1455207 secs] [Times: user=0.87 sys=0.00, real=0.15 secs] 
4792.737: [GC (Allocation Failure) [PSYoungGen: 397552K->148752K(454656K)] 1089418K->926035K(1852928K), 0.0538223 secs] [Times: user=0.32 sys=0.00, real=0.06 secs] 
4796.226: [GC (Allocation Failure) [PSYoungGen: 454416K->89440K(501760K)] 1231699K->1014922K(1900032K), 0.1724710 secs] [Times: user=1.03 sys=0.00, real=0.18 secs] 
4797.330: [GC (Allocation Failure) [PSYoungGen: 383887K->140112K(443904K)] 1309370K->1151012K(1842176K), 0.0491542 secs] [Times: user=0.30 sys=0.00, real=0.05 secs] 
4800.594: [GC (Allocation Failure) [PSYoungGen: 443728K->99360K(503808K)] 1454628K->1241819K(1902080K), 0.1041194 secs] [Times: user=0.62 sys=0.00, real=0.11 secs] 
4802.340: [GC (Allocation Failure) [PSYoungGen: 406560K->143744K(500224K)] 1549019K->1382080K(1898496K), 0.0491866 secs] [Times: user=0.29 sys=0.00, real=0.05 secs] 
4802.389: [Full GC (Ergonomics) [PSYoungGen: 143744K->0K(500224K)] [ParOldGen: 1238336K->189913K(1398272K)] 1382080K->189913K(1898496K), [Metaspace: 60534K->59631K(1105920K)], 0.4705127 secs] [Times: user=2.16 sys=0.00, real=0.47 secs] 
4804.773: [GC (Allocation Failure) [PSYoungGen: 307200K->104544K(499712K)] 497113K->294458K(1897984K), 0.0322332 secs] [Times: user=0.19 sys=0.00, real=0.03 secs] 
4807.958: [GC (Allocation Failure) [PSYoungGen: 415840K->143552K(501760K)] 605754K->434470K(1900032K), 0.1212860 secs] [Times: user=0.72 sys=0.00, real=0.12 secs] 
4810.249: [GC (Allocation Failure) [PSYoungGen: 454848K->106736K(501760K)] 745766K->532787K(1900032K), 0.1044088 secs] [Times: user=0.62 sys=0.00, real=0.10 secs] 
4812.576: [GC (Allocation Failure) [PSYoungGen: 423152K->146112K(504320K)] 849203K->673791K(1902592K), 0.0518714 secs] [Times: user=0.29 sys=0.01, real=0.06 secs] 
4815.688: [GC (Allocation Failure) [PSYoungGen: 462528K->108160K(505344K)] 990207K->773023K(1903616K), 0.1215556 secs] [Times: user=0.71 sys=0.00, real=0.12 secs] 
4818.195: [GC (Allocation Failure) [PSYoungGen: 428672K->156832K(477696K)] 1093535K->926700K(1875968K), 0.0538438 secs] [Times: user=0.32 sys=0.00, real=0.06 secs] 
4821.671: [GC (Allocation Failure) [PSYoungGen: 477344K->103168K(508928K)] 1247212K->1013216K(1907200K), 0.1585036 secs] [Times: user=0.94 sys=0.01, real=0.16 secs] 
4823.294: [GC (Allocation Failure) [PSYoungGen: 419584K->150512K(466944K)] 1329632K->1159990K(1865216K), 0.0519803 secs] [Times: user=0.31 sys=0.00, real=0.05 secs] 
4827.631: [GC (Allocation Failure) [PSYoungGen: 466928K->103472K(508416K)] 1476406K->1254982K(1906688K), 0.1749940 secs] [Times: user=1.04 sys=0.00, real=0.17 secs] 
4829.064: [GC (Allocation Failure) [PSYoungGen: 418352K->146560K(505344K)] 1569862K->1397046K(1903616K), 0.0509314 secs] [Times: user=0.30 sys=0.00, real=0.05 secs] 
4829.115: [Full GC (Ergonomics) [PSYoungGen: 146560K->0K(505344K)] [ParOldGen: 1250486K->193556K(1398272K)] 1397046K->193556K(1903616K), [Metaspace: 59631K->59631K(1105920K)], 0.5032607 secs] [Times: user=2.35 sys=0.00, real=0.51 secs] 
4833.201: [GC (Allocation Failure) [PSYoungGen: 314880K->100768K(505856K)] 508436K->294324K(1904128K), 0.0666507 secs] [Times: user=0.39 sys=0.01, real=0.07 secs] 
4835.001: [GC (Allocation Failure) [PSYoungGen: 417184K->149248K(465920K)] 610740K->439961K(1864192K), 0.0495955 secs] [Times: user=0.30 sys=0.00, real=0.05 secs] 
4837.201: [GC (Allocation Failure) [PSYoungGen: 465664K->102752K(508416K)] 756377K->533745K(1906688K), 0.1655042 secs] [Times: user=0.98 sys=0.00, real=0.16 secs] 
4838.907: [GC (Allocation Failure) [PSYoungGen: 418144K->149440K(505856K)] 849137K->678990K(1904128K), 0.0507402 secs] [Times: user=0.30 sys=0.00, real=0.06 secs] 
4841.385: [GC (Allocation Failure) [PSYoungGen: 464832K->104448K(504832K)] 994382K->774630K(1903104K), 0.1666147 secs] [Times: user=1.00 sys=0.00, real=0.17 secs] 
4843.247: [GC (Allocation Failure) [PSYoungGen: 418277K->148864K(505344K)] 1088460K->919087K(1903616K), 0.0507147 secs] [Times: user=0.30 sys=0.00, real=0.05 secs] 
4847.248: [GC (Allocation Failure) [PSYoungGen: 464256K->101872K(506880K)] 1234479K->1012488K(1905152K), 0.1734452 secs] [Times: user=1.03 sys=0.00, real=0.17 secs] 
4848.986: [GC (Allocation Failure) [PSYoungGen: 417776K->150096K(466432K)] 1328392K->1157868K(1864704K), 0.0501245 secs] [Times: user=0.30 sys=0.00, real=0.05 secs] 
4851.409: [GC (Allocation Failure) [PSYoungGen: 466000K->103968K(508416K)] 1473772K->1253116K(1906688K), 0.1755904 secs] [Times: user=1.04 sys=0.01, real=0.17 secs] 
4852.743: [GC (Allocation Failure) [PSYoungGen: 416791K->148352K(505344K)] 1565940K->1396915K(1903616K), 0.0523425 secs] [Times: user=0.30 sys=0.01, real=0.05 secs] 
4852.796: [Full GC (Ergonomics) [PSYoungGen: 148352K->0K(505344K)] [ParOldGen: 1248563K->196226K(1398272K)] 1396915K->196226K(1903616K), [Metaspace: 59631K->59627K(1105920K)], 0.4862541 secs] [Times: user=2.27 sys=0.00, real=0.49 secs] 
4855.414: [GC (Allocation Failure) [PSYoungGen: 314880K->103136K(505856K)] 511106K->299362K(1904128K), 0.0989616 secs] [Times: user=0.58 sys=0.00, real=0.10 secs] 
4858.086: [GC (Allocation Failure) [PSYoungGen: 418528K->147920K(505856K)] 614754K->443130K(1904128K), 0.0491525 secs] [Times: user=0.29 sys=0.00, real=0.05 secs] 
4860.821: [GC (Allocation Failure) [PSYoungGen: 463312K->102112K(505344K)] 758522K->536558K(1903616K), 0.1542807 secs] [Times: user=0.92 sys=0.01, real=0.15 secs] 
4862.087: [GC (Allocation Failure) [PSYoungGen: 415685K->148576K(505856K)] 850131K->681522K(1904128K), 0.0494131 secs] [Times: user=0.30 sys=0.00, real=0.04 secs] 
4864.625: [GC (Allocation Failure) [PSYoungGen: 464480K->104624K(506368K)] 997426K->777507K(1904640K), 0.1749962 secs] [Times: user=1.05 sys=0.00, real=0.18 secs] 
4866.789: [GC (Allocation Failure) [PSYoungGen: 415731K->146864K(506368K)] 1088614K->919752K(1904640K), 0.0502266 secs] [Times: user=0.30 sys=0.00, real=0.05 secs] 
4869.377: [GC (Allocation Failure) [PSYoungGen: 463280K->105120K(505344K)] 1236168K->1016023K(1903616K), 0.1781263 secs] [Times: user=1.07 sys=0.00, real=0.17 secs] 
4871.662: [GC (Allocation Failure) [PSYoungGen: 422560K->145680K(506368K)] 1333463K->1157777K(1904640K), 0.0503983 secs] [Times: user=0.30 sys=0.00, real=0.05 secs] 
4874.048: [GC (Allocation Failure) [PSYoungGen: 463120K->105248K(505856K)] 1475217K->1254224K(1904128K), 0.1597894 secs] [Times: user=0.95 sys=0.00, real=0.16 secs] 
4875.647: [GC (Allocation Failure) [PSYoungGen: 420249K->145536K(507392K)] 1569226K->1395893K(1905664K), 0.0511914 secs] [Times: user=0.30 sys=0.00, real=0.05 secs] 
4875.698: [Full GC (Ergonomics) [PSYoungGen: 145536K->0K(507392K)] [ParOldGen: 1250357K->195653K(1398272K)] 1395893K->195653K(1905664K), [Metaspace: 59632K->59632K(1105920K)], 0.4832732 secs] [Times: user=2.25 sys=0.00, real=0.48 secs] 
4878.978: [GC (Allocation Failure) [PSYoungGen: 320000K->103088K(508928K)] 515653K->298742K(1907200K), 0.0969856 secs] [Times: user=0.56 sys=0.00, real=0.09 secs] 
4880.403: [GC (Allocation Failure) [PSYoungGen: 417000K->148048K(509440K)] 612654K->442569K(1907712K), 0.0492909 secs] [Times: user=0.29 sys=0.00, real=0.05 secs] 
4883.348: [GC (Allocation Failure) [PSYoungGen: 470608K->107584K(508416K)] 765129K->541329K(1906688K), 0.1722558 secs] [Times: user=1.02 sys=0.00, real=0.17 secs] 
4884.711: [GC (Allocation Failure) [PSYoungGen: 415991K->144192K(508928K)] 849736K->681158K(1907200K), 0.0508439 secs] [Times: user=0.29 sys=0.01, real=0.05 secs] 
4887.407: [GC (Allocation Failure) [PSYoungGen: 466752K->107520K(508416K)] 1003718K->779882K(1906688K), 0.1714219 secs] [Times: user=1.02 sys=0.00, real=0.17 secs] 
4888.970: [GC (Allocation Failure) [PSYoungGen: 432640K->153760K(479232K)] 1105002K->929683K(1877504K), 0.1192452 secs] [Times: user=0.71 sys=0.00, real=0.12 secs] 
4893.636: [GC (Allocation Failure) [PSYoungGen: 478880K->97856K(510464K)] 1254803K->1027395K(1908736K), 0.1709798 secs] [Times: user=1.02 sys=0.00, real=0.18 secs] 
4894.762: [GC (Allocation Failure) [PSYoungGen: 418880K->156000K(477184K)] 1348419K->1177276K(1875456K), 0.0559165 secs] [Times: user=0.33 sys=0.00, real=0.06 secs] 
4899.242: [GC (Allocation Failure) [PSYoungGen: 477024K->94176K(506368K)] 1498300K->1270984K(1904640K), 0.1772047 secs] [Times: user=1.06 sys=0.01, real=0.18 secs] 
4900.114: [GC (Allocation Failure) [PSYoungGen: 407008K->150464K(463360K)] 1583816K->1415528K(1861632K), 0.0912106 secs] [Times: user=0.54 sys=0.01, real=0.09 secs] 
4900.205: [Full GC (Ergonomics) [PSYoungGen: 150464K->0K(463360K)] [ParOldGen: 1265064K->213976K(1398272K)] 1415528K->213976K(1861632K), [Metaspace: 59632K->59632K(1105920K)], 0.5221677 secs] [Times: user=2.46 sys=0.00, real=0.53 secs] 
4903.356: [GC (Allocation Failure) [PSYoungGen: 312832K->93856K(504320K)] 526808K->307832K(1902592K), 0.1020224 secs] [Times: user=0.60 sys=0.00, real=0.11 secs] 
4903.798: [GC (Allocation Failure) [PSYoungGen: 402592K->149936K(458752K)] 616568K->451806K(1857024K), 0.0542719 secs] [Times: user=0.32 sys=0.01, real=0.05 secs] 
4906.738: [GC (Allocation Failure) [PSYoungGen: 458672K->91952K(503296K)] 760542K->543102K(1901568K), 0.1181129 secs] [Times: user=0.70 sys=0.00, real=0.11 secs] 
4907.632: [GC (Allocation Failure) [PSYoungGen: 398128K->149024K(455680K)] 849278K->685674K(1853952K), 0.0533702 secs] [Times: user=0.31 sys=0.00, real=0.05 secs] 
4910.472: [GC (Allocation Failure) [PSYoungGen: 451988K->90608K(501760K)] 988638K->775919K(1900032K), 0.1691496 secs] [Times: user=1.01 sys=0.00, real=0.17 secs] 
4912.286: [GC (Allocation Failure) [PSYoungGen: 388748K->137984K(441856K)] 1074058K->910451K(1840128K), 0.1246103 secs] [Times: user=0.74 sys=0.01, real=0.13 secs] 
4915.964: [GC (Allocation Failure) [PSYoungGen: 441600K->96496K(501760K)] 1214067K->998572K(1900032K), 0.0622012 secs] [Times: user=0.36 sys=0.00, real=0.06 secs] 
4917.713: [GC (Allocation Failure) [PSYoungGen: 402672K->143488K(499200K)] 1304748K->1138816K(1897472K), 0.0481772 secs] [Times: user=0.28 sys=0.00, real=0.05 secs] 
4919.602: [GC (Allocation Failure) [PSYoungGen: 449664K->103232K(500224K)] 1444992K->1233536K(1898496K), 0.0635146 secs] [Times: user=0.37 sys=0.00, real=0.06 secs] 
4923.086: [GC (Allocation Failure) [PSYoungGen: 415040K->159488K(471552K)] 1545344K->1389556K(1869824K), 0.0523048 secs] [Times: user=0.30 sys=0.00, real=0.06 secs] 
4923.138: [Full GC (Ergonomics) [PSYoungGen: 159488K->0K(471552K)] [ParOldGen: 1230068K->181279K(1398272K)] 1389556K->181279K(1869824K), [Metaspace: 59633K->59633K(1105920K)], 0.4319102 secs] [Times: user=2.01 sys=0.00, real=0.43 secs] 
4925.348: [GC (Allocation Failure) [PSYoungGen: 311808K->104544K(504832K)] 493087K->285823K(1903104K), 0.0332392 secs] [Times: user=0.19 sys=0.00, real=0.03 secs] 
4927.407: [GC (Allocation Failure) [PSYoungGen: 411744K->140000K(447488K)] 593023K->423688K(1845760K), 0.0513840 secs] [Times: user=0.31 sys=0.00, real=0.05 secs] 
4930.227: [GC (Allocation Failure) [PSYoungGen: 447200K->102480K(503296K)] 730888K->516960K(1901568K), 0.0626129 secs] [Times: user=0.37 sys=0.00, real=0.06 secs] 
4932.645: [GC (Allocation Failure) [PSYoungGen: 412752K->142608K(500224K)] 827232K->657357K(1898496K), 0.0518223 secs] [Times: user=0.31 sys=0.00, real=0.06 secs] 
4935.992: [GC (Allocation Failure) [PSYoungGen: 452880K->101904K(504832K)] 967629K->750617K(1903104K), 0.0651388 secs] [Times: user=0.38 sys=0.01, real=0.07 secs] 
4938.293: [GC (Allocation Failure) [PSYoungGen: 419856K->144576K(505856K)] 1068569K->892741K(1904128K), 0.0517699 secs] [Times: user=0.31 sys=0.00, real=0.05 secs] 
4940.855: [GC (Allocation Failure) [PSYoungGen: 462528K->110624K(503808K)] 1210693K->993790K(1902080K), 0.0833288 secs] [Times: user=0.49 sys=0.01, real=0.09 secs] 
4942.182: [GC (Allocation Failure) [PSYoungGen: 431648K->146624K(506368K)] 1314814K->1138526K(1904640K), 0.0551728 secs] [Times: user=0.33 sys=0.00, real=0.06 secs] 
4945.469: [GC (Allocation Failure) [PSYoungGen: 467648K->106960K(509952K)] 1459550K->1236279K(1908224K), 0.0843720 secs] [Times: user=0.50 sys=0.01, real=0.08 secs] 
4947.851: [GC (Allocation Failure) [PSYoungGen: 432592K->149376K(510464K)] 1561911K->1383047K(1908736K), 0.0536340 secs] [Times: user=0.32 sys=0.00, real=0.05 secs] 
4947.905: [Full GC (Ergonomics) [PSYoungGen: 149376K->0K(510464K)] [ParOldGen: 1233671K->179941K(1398272K)] 1383047K->179941K(1908736K), [Metaspace: 59647K->59647K(1105920K)], 0.4362034 secs] [Times: user=2.03 sys=0.00, real=0.44 secs] 
4951.089: [GC (Allocation Failure) [PSYoungGen: 325632K->110464K(510464K)] 505573K->290405K(1908736K), 0.0532352 secs] [Times: user=0.31 sys=0.00, real=0.05 secs] 
4954.037: [GC (Allocation Failure) [PSYoungGen: 436096K->150688K(510464K)] 616037K->437442K(1908736K), 0.0540051 secs] [Times: user=0.32 sys=0.00, real=0.05 secs] 
4956.423: [GC (Allocation Failure) [PSYoungGen: 476320K->109312K(510976K)] 763074K->537994K(1909248K), 0.1656538 secs] [Times: user=0.99 sys=0.00, real=0.17 secs] 
4958.910: [GC (Allocation Failure) [PSYoungGen: 425246K->147872K(510464K)] 853929K->681375K(1908736K), 0.0528215 secs] [Times: user=0.29 sys=0.00, real=0.05 secs] 
4960.931: [GC (Allocation Failure) [PSYoungGen: 472992K->109248K(509952K)] 1006495K->781687K(1908224K), 0.1493052 secs] [Times: user=0.89 sys=0.00, real=0.15 secs] 
4962.287: [GC (Allocation Failure) [PSYoungGen: 434880K->153344K(479232K)] 1107319K->930700K(1877504K), 0.0527400 secs] [Times: user=0.31 sys=0.00, real=0.05 secs] 
4965.707: [GC (Allocation Failure) [PSYoungGen: 478976K->101232K(510976K)] 1256332K->1030736K(1909248K), 0.1734263 secs] [Times: user=1.03 sys=0.00, real=0.18 secs] 
4966.430: [GC (Allocation Failure) [PSYoungGen: 422768K->154720K(476672K)] 1352272K->1179245K(1874944K), 0.0565923 secs] [Times: user=0.33 sys=0.00, real=0.06 secs] 
4972.162: [GC (GCLocker Initiated GC) [PSYoungGen: 476256K->93136K(506880K)] 1500781K->1271298K(1905152K), 0.1541060 secs] [Times: user=0.91 sys=0.00, real=0.15 secs] 
4973.122: [GC (Allocation Failure) [PSYoungGen: 407504K->150720K(465408K)] 1585668K->1415574K(1863680K), 0.0855136 secs] [Times: user=0.51 sys=0.00, real=0.09 secs] 
4973.208: [Full GC (Ergonomics) [PSYoungGen: 150720K->0K(465408K)] [ParOldGen: 1264854K->214526K(1398272K)] 1415574K->214526K(1863680K), [Metaspace: 59649K->59649K(1105920K)], 0.5207570 secs] [Times: user=2.44 sys=0.01, real=0.52 secs] 
4976.426: [GC (Allocation Failure) [PSYoungGen: 314368K->96832K(505344K)] 528894K->311358K(1903616K), 0.1199981 secs] [Times: user=0.72 sys=0.00, real=0.12 secs] 
4976.934: [GC (Allocation Failure) [PSYoungGen: 407104K->165360K(475648K)] 621630K->470640K(1873920K), 0.0546533 secs] [Times: user=0.33 sys=0.00, real=0.06 secs] 
4980.982: [GC (Allocation Failure) [PSYoungGen: 475632K->94272K(498688K)] 780912K->547399K(1896960K), 0.1611537 secs] [Times: user=0.96 sys=0.00, real=0.16 secs] 
4981.554: [GC (Allocation Failure) [PSYoungGen: 391232K->143200K(440320K)] 844359K->684320K(1838592K), 0.0539257 secs] [Times: user=0.32 sys=0.00, real=0.06 secs] 
4983.873: [GC (Allocation Failure) [PSYoungGen: 440160K->89712K(496640K)] 981280K->773289K(1894912K), 0.1072716 secs] [Times: user=0.64 sys=0.00, real=0.11 secs] 
4984.961: [GC (Allocation Failure) [PSYoungGen: 387184K->138944K(496128K)] 1070761K->908257K(1894400K), 0.0489392 secs] [Times: user=0.29 sys=0.00, real=0.05 secs] 
4989.237: [GC (Allocation Failure) [PSYoungGen: 436416K->94864K(498176K)] 1205729K->994078K(1896448K), 0.0628557 secs] [Times: user=0.37 sys=0.00, real=0.06 secs] 
4991.082: [GC (Allocation Failure) [PSYoungGen: 397968K->141280K(497664K)] 1297182K->1132286K(1895936K), 0.0498380 secs] [Times: user=0.30 sys=0.00, real=0.05 secs] 
4993.683: [GC (Allocation Failure) [PSYoungGen: 444384K->102240K(498688K)] 1435390K->1225730K(1896960K), 0.0737229 secs] [Times: user=0.44 sys=0.00, real=0.07 secs] 
4997.265: [GC (Allocation Failure) [PSYoungGen: 412000K->139424K(501248K)] 1535490K->1362287K(1899520K), 0.0532680 secs] [Times: user=0.32 sys=0.00, real=0.06 secs] 
4997.319: [Full GC (Ergonomics) [PSYoungGen: 139424K->0K(501248K)] [ParOldGen: 1222863K->169097K(1398272K)] 1362287K->169097K(1899520K), [Metaspace: 59650K->59650K(1105920K)], 0.4085046 secs] [Times: user=1.90 sys=0.00, real=0.41 secs] 
4999.810: [GC (Allocation Failure) [PSYoungGen: 309760K->105072K(499712K)] 478857K->274170K(1897984K), 0.0371761 secs] [Times: user=0.22 sys=0.00, real=0.04 secs] 
5001.113: [GC (Allocation Failure) [PSYoungGen: 421488K->146880K(503808K)] 590586K->418979K(1902080K), 0.0543662 secs] [Times: user=0.32 sys=0.00, real=0.06 secs] 
5002.425: [GC (Allocation Failure) [PSYoungGen: 463296K->108000K(506880K)] 735395K->517787K(1905152K), 0.0656693 secs] [Times: user=0.39 sys=0.00, real=0.07 secs] 
5004.788: [GC (Allocation Failure) [PSYoungGen: 429536K->149632K(507904K)] 839323K->665368K(1906176K), 0.0541369 secs] [Times: user=0.31 sys=0.00, real=0.05 secs] 
5007.020: [GC (Allocation Failure) [PSYoungGen: 470044K->108096K(508928K)] 985781K->764944K(1907200K), 0.0660354 secs] [Times: user=0.39 sys=0.00, real=0.06 secs] 
5010.016: [GC (Allocation Failure) [PSYoungGen: 430656K->148992K(508928K)] 1087504K->911480K(1907200K), 0.0532066 secs] [Times: user=0.32 sys=0.00, real=0.06 secs] 
5012.888: [GC (Allocation Failure) [PSYoungGen: 471552K->105408K(509952K)] 1234040K->1007884K(1908224K), 0.1770874 secs] [Times: user=1.05 sys=0.01, real=0.17 secs] 
5014.837: [GC (Allocation Failure) [PSYoungGen: 427968K->152640K(475648K)] 1330444K->1156425K(1873920K), 0.0528125 secs] [Times: user=0.31 sys=0.00, real=0.05 secs] 
5018.005: [GC (Allocation Failure) [PSYoungGen: 475200K->106560K(510464K)] 1478985K->1254317K(1908736K), 0.1306909 secs] [Times: user=0.77 sys=0.00, real=0.13 secs] 
5019.406: [GC (Allocation Failure) [PSYoungGen: 422810K->148912K(507904K)] 1570568K->1399299K(1906176K), 0.0527046 secs] [Times: user=0.32 sys=0.00, real=0.06 secs] 
5019.459: [Full GC (Ergonomics) [PSYoungGen: 148912K->0K(507904K)] [ParOldGen: 1250386K->195997K(1398272K)] 1399299K->195997K(1906176K), [Metaspace: 59651K->59651K(1105920K)], 0.4808631 secs] [Times: user=2.23 sys=0.00, real=0.48 secs] 
5022.043: [GC (Allocation Failure) [PSYoungGen: 319488K->106480K(506880K)] 515485K->302478K(1905152K), 0.0964209 secs] [Times: user=0.57 sys=0.00, real=0.10 secs] 
5023.270: [GC (Allocation Failure) [PSYoungGen: 415762K->145328K(507392K)] 611759K->443731K(1905664K), 0.0501293 secs] [Times: user=0.30 sys=0.00, real=0.05 secs] 
5025.307: [GC (Allocation Failure) [PSYoungGen: 464816K->106672K(506880K)] 763219K->541319K(1905152K), 0.1221936 secs] [Times: user=0.72 sys=0.00, real=0.12 secs] 
5026.434: [GC (Allocation Failure) [PSYoungGen: 414529K->144960K(508416K)] 849175K->681707K(1906688K), 0.0507039 secs] [Times: user=0.30 sys=0.00, real=0.05 secs] 
5028.661: [GC (Allocation Failure) [PSYoungGen: 467008K->107328K(507904K)] 1003755K->780299K(1906176K), 0.1449903 secs] [Times: user=0.86 sys=0.00, real=0.14 secs] 
5030.093: [GC (Allocation Failure) [PSYoungGen: 431936K->153872K(478720K)] 1104907K->929876K(1876992K), 0.0526741 secs] [Times: user=0.31 sys=0.00, real=0.05 secs] 
5033.853: [GC (Allocation Failure) [PSYoungGen: 478480K->103616K(510976K)] 1254484K->1033212K(1909248K), 0.1735657 secs] [Times: user=1.04 sys=0.00, real=0.17 secs] 
5034.869: [GC (Allocation Failure) [PSYoungGen: 424640K->156368K(477696K)] 1354236K->1179269K(1875968K), 0.0568527 secs] [Times: user=0.33 sys=0.00, real=0.05 secs] 
5037.936: [GC (Allocation Failure) [PSYoungGen: 477392K->96000K(506880K)] 1500293K->1275021K(1905152K), 0.1730503 secs] [Times: user=1.01 sys=0.01, real=0.18 secs] 
5038.851: [GC (Allocation Failure) [PSYoungGen: 409856K->149200K(463360K)] 1588877K->1418106K(1861632K), 0.0731610 secs] [Times: user=0.44 sys=0.01, real=0.07 secs] 
5038.924: [Full GC (Ergonomics) [PSYoungGen: 149200K->0K(463360K)] [ParOldGen: 1268905K->216369K(1398272K)] 1418106K->216369K(1861632K), [Metaspace: 59653K->59653K(1105920K)], 0.5155972 secs] [Times: user=2.40 sys=0.00, real=0.52 secs] 
5042.872: [GC (Allocation Failure) [PSYoungGen: 313856K->97408K(505856K)] 530225K->313777K(1904128K), 0.1422990 secs] [Times: user=0.84 sys=0.00, real=0.14 secs] 
5043.727: [GC (Allocation Failure) [PSYoungGen: 409216K->150208K(462336K)] 625585K->453594K(1860608K), 0.0679156 secs] [Times: user=0.40 sys=0.00, real=0.06 secs] 
5046.407: [GC (Allocation Failure) [PSYoungGen: 462016K->96320K(504832K)] 765402K->549786K(1903104K), 0.1609913 secs] [Times: user=0.96 sys=0.00, real=0.16 secs] 
5047.324: [GC (Allocation Failure) [PSYoungGen: 405568K->194016K(503296K)] 859034K->740591K(1901568K), 0.1454405 secs] [Times: user=0.87 sys=0.00, real=0.15 secs] 
5051.212: [GC (Allocation Failure) [PSYoungGen: 503264K->87872K(428544K)] 1049839K->779135K(1826816K), 0.1620332 secs] [Times: user=0.79 sys=0.00, real=0.16 secs] 
5052.149: [GC (Allocation Failure) [PSYoungGen: 320832K->114016K(465920K)] 1012095K->887764K(1864192K), 0.0446578 secs] [Times: user=0.26 sys=0.00, real=0.04 secs] 
5054.216: [GC (Allocation Failure) [PSYoungGen: 346976K->88928K(465920K)] 1120724K->968048K(1864192K), 0.0558115 secs] [Times: user=0.34 sys=0.00, real=0.06 secs] 
5057.129: [GC (Allocation Failure) [PSYoungGen: 321888K->81952K(315392K)] 1201008K->1049864K(1713664K), 0.0901045 secs] [Times: user=0.54 sys=0.00, real=0.09 secs] 
5057.451: [GC (Allocation Failure) [PSYoungGen: 314912K->115104K(474624K)] 1282824K->1159249K(1872896K), 0.0476583 secs] [Times: user=0.28 sys=0.00, real=0.05 secs] 
5058.721: [GC (Allocation Failure) [PSYoungGen: 357280K->64064K(465408K)] 1401425K->1223065K(1863680K), 0.0530832 secs] [Times: user=0.31 sys=0.00, real=0.05 secs] 
5060.999: [GC (Allocation Failure) [PSYoungGen: 306240K->110304K(466432K)] 1465241K->1331146K(1864704K), 0.0685165 secs] [Times: user=0.41 sys=0.00, real=0.07 secs] 
5062.315: [GC (Allocation Failure) [PSYoungGen: 358944K->158656K(466432K)] 1579786K->1480190K(1864704K), 0.0585940 secs] [Times: user=0.35 sys=0.00, real=0.06 secs] 
5062.374: [Full GC (Ergonomics) [PSYoungGen: 158656K->0K(466432K)] [ParOldGen: 1321534K->253453K(1398272K)] 1480190K->253453K(1864704K), [Metaspace: 59653K->59653K(1105920K)], 0.5791910 secs] [Times: user=2.55 sys=0.00, real=0.58 secs] 
5066.286: [GC (Allocation Failure) [PSYoungGen: 252416K->71263K(480768K)] 505869K->324716K(1879040K), 0.0426350 secs] [Times: user=0.25 sys=0.00, real=0.05 secs] 
5066.627: [GC (Allocation Failure) [PSYoungGen: 324828K->123216K(384512K)] 578282K->441728K(1782784K), 0.0426731 secs] [Times: user=0.26 sys=0.00, real=0.04 secs] 
5068.314: [GC (Allocation Failure) [PSYoungGen: 384336K->81776K(475648K)] 702848K->514844K(1873920K), 0.0676606 secs] [Times: user=0.40 sys=0.01, real=0.07 secs] 
5071.073: [GC (Allocation Failure) [PSYoungGen: 346480K->120704K(472064K)] 779548K->632784K(1870336K), 0.0490098 secs] [Times: user=0.29 sys=0.00, real=0.05 secs] 
5072.959: [GC (Allocation Failure) [PSYoungGen: 385408K->113024K(482816K)] 897488K->736048K(1881088K), 0.0602601 secs] [Times: user=0.36 sys=0.00, real=0.06 secs] 
5075.441: [GC (Allocation Failure) [PSYoungGen: 402304K->117424K(481280K)] 1025328K->853513K(1879552K), 0.0820956 secs] [Times: user=0.49 sys=0.00, real=0.08 secs] 
5077.014: [GC (Allocation Failure) [PSYoungGen: 406704K->144672K(495104K)] 1142793K->971501K(1893376K), 0.1394454 secs] [Times: user=0.83 sys=0.00, real=0.14 secs] 
5081.121: [GC (Allocation Failure) [PSYoungGen: 453920K->89568K(499200K)] 1280749K->1061101K(1897472K), 0.1093903 secs] [Times: user=0.65 sys=0.01, real=0.11 secs] 
5081.478: [GC (Allocation Failure) [PSYoungGen: 398816K->150592K(499200K)] 1370349K->1205478K(1897472K), 0.0568884 secs] [Times: user=0.33 sys=0.00, real=0.05 secs] 
5084.949: [GC (Allocation Failure) [PSYoungGen: 462400K->91216K(505344K)] 1517286K->1296799K(1903616K), 0.1143160 secs] [Times: user=0.68 sys=0.00, real=0.11 secs] 
5086.097: [GC (Allocation Failure) [PSYoungGen: 403024K->150240K(497152K)] 1608607K->1440987K(1895424K), 0.1443208 secs] [Times: user=0.86 sys=0.00, real=0.14 secs] 
5086.241: [Full GC (Ergonomics) [PSYoungGen: 150240K->0K(497152K)] [ParOldGen: 1290747K->241364K(1398272K)] 1440987K->241364K(1895424K), [Metaspace: 59653K->59653K(1105920K)], 0.6320390 secs] [Times: user=3.03 sys=0.00, real=0.63 secs] 
5089.538: [GC (Allocation Failure) [PSYoungGen: 306688K->94432K(502784K)] 548052K->335796K(1901056K), 0.0349099 secs] [Times: user=0.20 sys=0.00, real=0.03 secs] 
5089.896: [GC (Allocation Failure) [PSYoungGen: 401120K->146880K(499200K)] 642484K->472953K(1897472K), 0.0554474 secs] [Times: user=0.33 sys=0.00, real=0.06 secs] 
5093.882: [GC (Allocation Failure) [PSYoungGen: 453568K->89600K(502784K)] 779641K->561989K(1901056K), 0.1400486 secs] [Times: user=0.84 sys=0.00, real=0.14 secs] 
5095.465: [GC (Allocation Failure) [PSYoungGen: 396288K->147840K(497152K)] 868677K->702938K(1895424K), 0.1375235 secs] [Times: user=0.82 sys=0.01, real=0.14 secs] 
5099.303: [GC (Allocation Failure) [PSYoungGen: 451456K->89552K(501248K)] 1006554K->792315K(1899520K), 0.1518577 secs] [Times: user=0.90 sys=0.01, real=0.15 secs] 
5100.415: [GC (Allocation Failure) [PSYoungGen: 393168K->146032K(497152K)] 1095931K->932304K(1895424K), 0.0976197 secs] [Times: user=0.58 sys=0.00, real=0.10 secs] 
5103.780: [GC (Allocation Failure) [PSYoungGen: 448624K->85856K(500736K)] 1234896K->1018031K(1899008K), 0.1515318 secs] [Times: user=0.90 sys=0.00, real=0.15 secs] 
5104.414: [GC (Allocation Failure) [PSYoungGen: 388448K->147712K(495104K)] 1320623K->1159712K(1893376K), 0.0519156 secs] [Times: user=0.31 sys=0.00, real=0.05 secs] 
5107.078: [GC (Allocation Failure) [PSYoungGen: 447232K->87568K(499200K)] 1459232K->1246805K(1897472K), 0.1667402 secs] [Times: user=1.00 sys=0.00, real=0.16 secs] 
5108.806: [GC (Allocation Failure) [PSYoungGen: 387088K->142352K(498688K)] 1546325K->1385310K(1896960K), 0.0492088 secs] [Times: user=0.29 sys=0.00, real=0.05 secs] 
5108.855: [Full GC (Ergonomics) [PSYoungGen: 142352K->0K(498688K)] [ParOldGen: 1242957K->194187K(1398272K)] 1385310K->194187K(1896960K), [Metaspace: 59656K->59656K(1105920K)], 0.4698942 secs] [Times: user=2.18 sys=0.00, real=0.47 secs] 
5111.476: [GC (Allocation Failure) [PSYoungGen: 301568K->99712K(401408K)] 495755K->293899K(1799680K), 0.0309267 secs] [Times: user=0.18 sys=0.00, real=0.04 secs] 
5113.647: [GC (Allocation Failure) [PSYoungGen: 401280K->139344K(496640K)] 595467K->430161K(1894912K), 0.0487329 secs] [Times: user=0.28 sys=0.00, real=0.04 secs] 
5116.791: [GC (Allocation Failure) [PSYoungGen: 441936K->101840K(497152K)] 732753K->522797K(1895424K), 0.0749826 secs] [Times: user=0.45 sys=0.00, real=0.07 secs] 
5118.769: [GC (Allocation Failure) [PSYoungGen: 404432K->137552K(500224K)] 825389K->658002K(1898496K), 0.0505073 secs] [Times: user=0.30 sys=0.00, real=0.05 secs] 
5120.944: [GC (Allocation Failure) [PSYoungGen: 447824K->106624K(500224K)] 968274K->755341K(1898496K), 0.0721441 secs] [Times: user=0.42 sys=0.00, real=0.07 secs] 
5123.450: [GC (Allocation Failure) [PSYoungGen: 416896K->148752K(499712K)] 1065613K->901790K(1897984K), 0.0535025 secs] [Times: user=0.31 sys=0.00, real=0.05 secs] 
5125.094: [GC (Allocation Failure) [PSYoungGen: 463120K->108304K(504320K)] 1216158K->992230K(1902592K), 0.0647309 secs] [Times: user=0.38 sys=0.00, real=0.07 secs] 
5126.494: [GC (Allocation Failure) [PSYoungGen: 422672K->144128K(506368K)] 1306598K->1134034K(1904640K), 0.0546362 secs] [Times: user=0.32 sys=0.00, real=0.06 secs] 
5129.669: [GC (Allocation Failure) [PSYoungGen: 465152K->110672K(508928K)] 1455058K->1235475K(1907200K), 0.0794235 secs] [Times: user=0.47 sys=0.00, real=0.08 secs] 
5132.563: [GC (Allocation Failure) [PSYoungGen: 431696K->146512K(505856K)] 1556499K->1379304K(1904128K), 0.0558219 secs] [Times: user=0.33 sys=0.00, real=0.06 secs] 
5132.619: [Full GC (Ergonomics) [PSYoungGen: 146512K->0K(505856K)] [ParOldGen: 1232791K->176877K(1398272K)] 1379304K->176877K(1904128K), [Metaspace: 59691K->59691K(1105920K)], 0.4288061 secs] [Times: user=1.99 sys=0.00, real=0.43 secs] 
5134.149: [GC (Allocation Failure) [PSYoungGen: 322560K->111104K(508928K)] 499437K->287981K(1907200K), 0.0352427 secs] [Times: user=0.20 sys=0.00, real=0.03 secs] 
5137.073: [GC (Allocation Failure) [PSYoungGen: 433664K->147840K(507904K)] 610541K->432298K(1906176K), 0.0545112 secs] [Times: user=0.33 sys=0.00, real=0.06 secs] 
5138.515: [GC (Allocation Failure) [PSYoungGen: 473472K->112336K(511488K)] 757930K->535611K(1909760K), 0.0658214 secs] [Times: user=0.39 sys=0.00, real=0.07 secs] 
5141.280: [GC (Allocation Failure) [PSYoungGen: 437968K->150208K(508416K)] 861243K->681815K(1906688K), 0.0539734 secs] [Times: user=0.32 sys=0.00, real=0.05 secs] 
5143.728: [GC (Allocation Failure) [PSYoungGen: 476864K->109408K(512512K)] 1008471K->781915K(1910784K), 0.1542347 secs] [Times: user=0.91 sys=0.00, real=0.15 secs] 
5145.099: [GC (Allocation Failure) [PSYoungGen: 436064K->153952K(505856K)] 1108571K->931812K(1904128K), 0.0531407 secs] [Times: user=0.31 sys=0.00, real=0.05 secs] 
5148.320: [GC (Allocation Failure) [PSYoungGen: 477024K->98880K(510976K)] 1254884K->1030084K(1909248K), 0.1604748 secs] [Times: user=0.96 sys=0.00, real=0.16 secs] 
5149.668: [GC (Allocation Failure) [PSYoungGen: 421952K->152720K(503808K)] 1353156K->1176657K(1902080K), 0.1182289 secs] [Times: user=0.70 sys=0.00, real=0.11 secs] 
5152.729: [GC (Allocation Failure) [PSYoungGen: 469648K->95840K(507904K)] 1493585K->1272005K(1906176K), 0.1624365 secs] [Times: user=0.97 sys=0.00, real=0.16 secs] 
5153.354: [GC (Allocation Failure) [PSYoungGen: 412768K->154400K(499712K)] 1588933K->1420621K(1897984K), 0.0741181 secs] [Times: user=0.44 sys=0.00, real=0.08 secs] 
5153.428: [Full GC (Ergonomics) [PSYoungGen: 154400K->0K(499712K)] [ParOldGen: 1266221K->218704K(1398272K)] 1420621K->218704K(1897984K), [Metaspace: 59691K->59691K(1105920K)], 0.5226995 secs] [Times: user=2.35 sys=0.01, real=0.52 secs] 
5156.656: [GC (Allocation Failure) [PSYoungGen: 309760K->91104K(504320K)] 528464K->309809K(1902592K), 0.1277067 secs] [Times: user=0.76 sys=0.00, real=0.13 secs] 
5157.624: [GC (Allocation Failure) [PSYoungGen: 400864K->147216K(501760K)] 619569K->451270K(1900032K), 0.0750006 secs] [Times: user=0.45 sys=0.00, real=0.08 secs] 
5161.423: [GC (Allocation Failure) [PSYoungGen: 454928K->91360K(503296K)] 758982K->542045K(1901568K), 0.1755079 secs] [Times: user=1.04 sys=0.01, real=0.18 secs] 
5162.090: [GC (Allocation Failure) [PSYoungGen: 399072K->150176K(498176K)] 849757K->686070K(1896448K), 0.0543908 secs] [Times: user=0.32 sys=0.01, real=0.05 secs] 
5164.691: [GC (Allocation Failure) [PSYoungGen: 453792K->90928K(501248K)] 989686K->776751K(1899520K), 0.1590553 secs] [Times: user=0.95 sys=0.00, real=0.16 secs] 
5165.635: [GC (Allocation Failure) [PSYoungGen: 384469K->138656K(497664K)] 1070292K->911503K(1895936K), 0.0732217 secs] [Times: user=0.44 sys=0.00, real=0.08 secs] 
5167.654: [GC (Allocation Failure) [PSYoungGen: 443808K->100160K(500224K)] 1216655K->1002615K(1898496K), 0.0625319 secs] [Times: user=0.37 sys=0.00, real=0.06 secs] 
5168.676: [GC (Allocation Failure) [PSYoungGen: 405312K->140896K(503296K)] 1307767K->1139848K(1901568K), 0.0495004 secs] [Times: user=0.29 sys=0.00, real=0.05 secs] 
5171.992: [GC (Allocation Failure) [PSYoungGen: 452192K->106368K(503296K)] 1451144K->1236296K(1901568K), 0.0639159 secs] [Times: user=0.38 sys=0.00, real=0.06 secs] 
5173.675: [GC (Allocation Failure) [PSYoungGen: 417664K->154272K(498176K)] 1547592K->1387039K(1896448K), 0.0531902 secs] [Times: user=0.31 sys=0.00, real=0.06 secs] 
5173.728: [Full GC (Ergonomics) [PSYoungGen: 154272K->0K(498176K)] [ParOldGen: 1232767K->186936K(1398272K)] 1387039K->186936K(1896448K), [Metaspace: 59691K->59691K(1105920K)], 0.4584149 secs] [Times: user=2.13 sys=0.00, real=0.45 secs] 
5175.460: [GC (Allocation Failure) [PSYoungGen: 309760K->102784K(503296K)] 496696K->289720K(1901568K), 0.0319736 secs] [Times: user=0.19 sys=0.00, real=0.03 secs] 
5176.988: [GC (GCLocker Initiated GC) [PSYoungGen: 412544K->147312K(503296K)] 599480K->433353K(1901568K), 0.0509505 secs] [Times: user=0.30 sys=0.00, real=0.05 secs] 
5178.414: [GC (Allocation Failure) [PSYoungGen: 460144K->104608K(417792K)] 746241K->529248K(1816064K), 0.0640835 secs] [Times: user=0.38 sys=0.00, real=0.07 secs] 
5181.272: [GC (Allocation Failure) [PSYoungGen: 417440K->146304K(502784K)] 842080K->672221K(1901056K), 0.0517703 secs] [Times: user=0.31 sys=0.00, real=0.05 secs] 
5183.278: [GC (Allocation Failure) [PSYoungGen: 459648K->106144K(504832K)] 985565K->769545K(1903104K), 0.1442042 secs] [Times: user=0.86 sys=0.00, real=0.14 secs] 
5185.431: [GC (Allocation Failure) [PSYoungGen: 419488K->144800K(504832K)] 1082889K->910718K(1903104K), 0.0518038 secs] [Times: user=0.31 sys=0.00, real=0.05 secs] 
5186.672: [GC (GCLocker Initiated GC) [PSYoungGen: 461216K->109008K(506368K)] 1227135K->1010820K(1904640K), 0.0766188 secs] [Times: user=0.46 sys=0.01, real=0.08 secs] 
5188.403: [GC (Allocation Failure) [PSYoungGen: 425424K->145552K(505344K)] 1327239K->1152687K(1903616K), 0.0530310 secs] [Times: user=0.31 sys=0.01, real=0.05 secs] 
5190.970: [GC (Allocation Failure) [PSYoungGen: 464528K->109088K(506880K)] 1471663K->1251791K(1905152K), 0.0661662 secs] [Times: user=0.39 sys=0.00, real=0.06 secs] 
5191.591: [GC (Allocation Failure) [PSYoungGen: 426274K->149248K(506368K)] 1568977K->1397092K(1904640K), 0.0532265 secs] [Times: user=0.32 sys=0.00, real=0.05 secs] 
5191.645: [Full GC (Ergonomics) [PSYoungGen: 149248K->0K(506368K)] [ParOldGen: 1247843K->196330K(1398272K)] 1397092K->196330K(1904640K), [Metaspace: 59691K->59691K(1105920K)], 0.4771898 secs] [Times: user=2.22 sys=0.00, real=0.48 secs] 
5194.217: [GC (Allocation Failure) [PSYoungGen: 321536K->108720K(509440K)] 517866K->305051K(1907712K), 0.0825829 secs] [Times: user=0.49 sys=0.00, real=0.08 secs] 
5195.283: [GC (GCLocker Initiated GC) [PSYoungGen: 430256K->152688K(505856K)] 626587K->453540K(1904128K), 0.0519377 secs] [Times: user=0.30 sys=0.00, real=0.05 secs] 
5198.335: [GC (Allocation Failure) [PSYoungGen: 473712K->97920K(509952K)] 774566K->550694K(1908224K), 0.1588004 secs] [Times: user=0.94 sys=0.01, real=0.16 secs] 
5199.863: [GC (Allocation Failure) [PSYoungGen: 418944K->153696K(501760K)] 871718K->697926K(1900032K), 0.0555965 secs] [Times: user=0.33 sys=0.00, real=0.06 secs] 
5203.148: [GC (Allocation Failure) [PSYoungGen: 467552K->94640K(506368K)] 1011782K->792075K(1904640K), 0.1615551 secs] [Times: user=0.96 sys=0.00, real=0.16 secs] 
5204.770: [GC (Allocation Failure) [PSYoungGen: 408496K->151120K(500224K)] 1105931K->937140K(1898496K), 0.1117304 secs] [Times: user=0.66 sys=0.00, real=0.11 secs] 
5207.708: [GC (Allocation Failure) [PSYoungGen: 459856K->92256K(503808K)] 1245876K->1029139K(1902080K), 0.1625707 secs] [Times: user=0.97 sys=0.00, real=0.16 secs] 
5208.395: [GC (Allocation Failure) [PSYoungGen: 400992K->149200K(499712K)] 1337875K->1171985K(1897984K), 0.0536750 secs] [Times: user=0.32 sys=0.00, real=0.06 secs] 
5211.849: [GC (Allocation Failure) [PSYoungGen: 454864K->90272K(502272K)] 1477649K->1261368K(1900544K), 0.1584571 secs] [Times: user=0.95 sys=0.00, real=0.16 secs] 
5213.201: [GC (Allocation Failure) [PSYoungGen: 388222K->139584K(499200K)] 1559319K->1396929K(1897472K), 0.0740446 secs] [Times: user=0.43 sys=0.01, real=0.07 secs] 
5213.275: [Full GC (Ergonomics) [PSYoungGen: 139584K->0K(499200K)] [ParOldGen: 1257345K->195712K(1398272K)] 1396929K->195712K(1897472K), [Metaspace: 59691K->59691K(1105920K)], 0.4932884 secs] [Times: user=2.32 sys=0.00, real=0.50 secs] 
5215.517: [GC (Allocation Failure) [PSYoungGen: 306688K->100032K(501248K)] 502400K->295744K(1899520K), 0.0978106 secs] [Times: user=0.58 sys=0.01, real=0.10 secs] 
5217.237: [GC (Allocation Failure) [PSYoungGen: 406720K->142784K(502272K)] 602432K->434685K(1900544K), 0.0486116 secs] [Times: user=0.28 sys=0.01, real=0.05 secs] 
5218.812: [GC (Allocation Failure) [PSYoungGen: 453568K->105312K(503296K)] 745469K->530621K(1901568K), 0.0887663 secs] [Times: user=0.52 sys=0.00, real=0.09 secs] 
5221.310: [GC (Allocation Failure) [PSYoungGen: 416096K->142528K(502784K)] 841405K->669338K(1901056K), 0.0506507 secs] [Times: user=0.30 sys=0.00, real=0.05 secs] 
5222.464: [GC (Allocation Failure) [PSYoungGen: 456384K->108224K(503808K)] 983194K->768450K(1902080K), 0.0641171 secs] [Times: user=0.38 sys=0.00, real=0.07 secs] 
5224.320: [GC (Allocation Failure) [PSYoungGen: 422080K->146032K(503296K)] 1082306K->911111K(1901568K), 0.0532173 secs] [Times: user=0.31 sys=0.01, real=0.05 secs] 
5226.102: [GC (Allocation Failure) [PSYoungGen: 463472K->107008K(505856K)] 1228551K->1009015K(1904128K), 0.0977911 secs] [Times: user=0.58 sys=0.00, real=0.10 secs] 
5227.715: [GC (Allocation Failure) [PSYoungGen: 424448K->147136K(506368K)] 1326455K->1153156K(1904640K), 0.0704350 secs] [Times: user=0.41 sys=0.01, real=0.07 secs] 
5230.880: [GC (Allocation Failure) [PSYoungGen: 468672K->107568K(509440K)] 1474692K->1252284K(1907712K), 0.1591156 secs] [Times: user=0.95 sys=0.00, real=0.16 secs] 
5232.265: [GC (Allocation Failure) [PSYoungGen: 425634K->148096K(508416K)] 1570350K->1396384K(1906688K), 0.0525013 secs] [Times: user=0.31 sys=0.00, real=0.06 secs] 
5232.318: [Full GC (Ergonomics) [PSYoungGen: 148096K->0K(508416K)] [ParOldGen: 1248288K->196215K(1398272K)] 1396384K->196215K(1906688K), [Metaspace: 59691K->59691K(1105920K)], 0.4796526 secs] [Times: user=2.24 sys=0.00, real=0.48 secs] 
5234.786: [GC (Allocation Failure) [PSYoungGen: 323584K->105728K(510976K)] 519799K->301943K(1909248K), 0.0992072 secs] [Times: user=0.59 sys=0.00, real=0.10 secs] 
5236.032: [GC (Allocation Failure) [PSYoungGen: 418567K->145024K(509952K)] 614782K->443108K(1908224K), 0.0501936 secs] [Times: user=0.30 sys=0.01, real=0.05 secs] 
5238.121: [GC (Allocation Failure) [PSYoungGen: 470144K->110816K(436224K)] 768228K->545076K(1834496K), 0.1353781 secs] [Times: user=0.81 sys=0.00, real=0.14 secs] 
5239.541: [GC (Allocation Failure) [PSYoungGen: 435936K->152256K(506880K)] 870196K->693273K(1905152K), 0.0521672 secs] [Times: user=0.31 sys=0.00, real=0.05 secs] 
5242.696: [GC (Allocation Failure) [PSYoungGen: 475840K->100416K(510976K)] 1016857K->793193K(1909248K), 0.1569237 secs] [Times: user=0.94 sys=0.00, real=0.16 secs] 
5243.752: [GC (Allocation Failure) [PSYoungGen: 424000K->154784K(503296K)] 1116777K->942082K(1901568K), 0.0940063 secs] [Times: user=0.56 sys=0.00, real=0.09 secs] 
5246.761: [GC (Allocation Failure) [PSYoungGen: 471712K->96976K(507904K)] 1259010K->1038099K(1906176K), 0.1559559 secs] [Times: user=0.93 sys=0.00, real=0.15 secs] 
5247.467: [GC (Allocation Failure) [PSYoungGen: 413904K->153280K(500736K)] 1355027K->1185171K(1899008K), 0.1104523 secs] [Times: user=0.66 sys=0.00, real=0.11 secs] 
5251.396: [GC (Allocation Failure) [PSYoungGen: 464064K->88256K(504832K)] 1495955K->1273035K(1903104K), 0.1575817 secs] [Times: user=0.94 sys=0.00, real=0.16 secs] 
5252.121: [GC (Allocation Failure) [PSYoungGen: 399040K->151792K(497664K)] 1583819K->1418621K(1895936K), 0.0549032 secs] [Times: user=0.33 sys=0.00, real=0.05 secs] 
5252.176: [Full GC (Ergonomics) [PSYoungGen: 151792K->0K(497664K)] [ParOldGen: 1266828K->217543K(1398272K)] 1418621K->217543K(1895936K), [Metaspace: 59691K->59691K(1105920K)], 0.5141443 secs] [Times: user=2.41 sys=0.00, real=0.52 secs] 
5255.481: [GC (Allocation Failure) [PSYoungGen: 303616K->89424K(501248K)] 521159K->306968K(1899520K), 0.1346745 secs] [Times: user=0.80 sys=0.00, real=0.13 secs] 
5256.067: [GC (Allocation Failure) [PSYoungGen: 393040K->148064K(498176K)] 610584K->448528K(1896448K), 0.0564293 secs] [Times: user=0.33 sys=0.01, real=0.05 secs] 
5258.959: [GC (Allocation Failure) [PSYoungGen: 449632K->89888K(500224K)] 750096K->537960K(1898496K), 0.1737406 secs] [Times: user=1.03 sys=0.00, real=0.17 secs] 
5259.911: [GC (Allocation Failure) [PSYoungGen: 388101K->140096K(497152K)] 836173K->673701K(1895424K), 0.0493420 secs] [Times: user=0.29 sys=0.00, real=0.05 secs] 
5261.689: [GC (Allocation Failure) [PSYoungGen: 442688K->102384K(499200K)] 976293K->766906K(1897472K), 0.0677692 secs] [Times: user=0.40 sys=0.00, real=0.06 secs] 
5263.060: [GC (Allocation Failure) [PSYoungGen: 404976K->142736K(500224K)] 1069498K->905527K(1898496K), 0.0494275 secs] [Times: user=0.29 sys=0.00, real=0.05 secs] 
5267.090: [GC (Allocation Failure) [PSYoungGen: 449936K->99056K(500736K)] 1212727K->995727K(1899008K), 0.0631456 secs] [Times: user=0.37 sys=0.00, real=0.06 secs] 
5269.379: [GC (Allocation Failure) [PSYoungGen: 406256K->149760K(499712K)] 1302927K->1141952K(1897984K), 0.0492374 secs] [Times: user=0.30 sys=0.00, real=0.05 secs] 
5270.927: [GC (Allocation Failure) [PSYoungGen: 458496K->105568K(503296K)] 1450688K->1230192K(1901568K), 0.0626374 secs] [Times: user=0.38 sys=0.00, real=0.06 secs] 
5272.113: [GC (Allocation Failure) [PSYoungGen: 414304K->142336K(502784K)] 1538928K->1370600K(1901056K), 0.0526218 secs] [Times: user=0.31 sys=0.00, real=0.05 secs] 
5272.166: [Full GC (Ergonomics) [PSYoungGen: 142336K->0K(502784K)] [ParOldGen: 1228264K->178917K(1398272K)] 1370600K->178917K(1901056K), [Metaspace: 59691K->59691K(1105920K)], 0.4330230 secs] [Times: user=2.00 sys=0.01, real=0.44 secs] 
5275.203: [GC (Allocation Failure) [PSYoungGen: 312320K->102240K(503808K)] 491237K->281157K(1902080K), 0.0337686 secs] [Times: user=0.19 sys=0.00, real=0.04 secs] 
5277.882: [GC (Allocation Failure) [PSYoungGen: 414560K->141104K(504832K)] 593477K->419826K(1903104K), 0.0511959 secs] [Times: user=0.30 sys=0.00, real=0.05 secs] 
5279.861: [GC (Allocation Failure) [PSYoungGen: 457520K->110144K(505344K)] 736242K->520970K(1903616K), 0.0790677 secs] [Times: user=0.46 sys=0.01, real=0.08 secs] 
5282.318: [GC (Allocation Failure) [PSYoungGen: 426560K->143136K(504832K)] 837386K->661330K(1903104K), 0.0533164 secs] [Times: user=0.32 sys=0.00, real=0.05 secs] 
5284.734: [GC (Allocation Failure) [PSYoungGen: 463136K->111072K(506368K)] 981330K->762346K(1904640K), 0.0689062 secs] [Times: user=0.40 sys=0.00, real=0.07 secs] 
5286.124: [GC (Allocation Failure) [PSYoungGen: 431072K->148064K(506368K)] 1082346K->908163K(1904640K), 0.0551244 secs] [Times: user=0.33 sys=0.00, real=0.06 secs] 
5288.862: [GC (GCLocker Initiated GC) [PSYoungGen: 472160K->106688K(509952K)] 1232260K->1006044K(1908224K), 0.0957682 secs] [Times: user=0.57 sys=0.01, real=0.10 secs] 
5290.577: [GC (Allocation Failure) [PSYoungGen: 430784K->150256K(507904K)] 1330143K->1152989K(1906176K), 0.0894608 secs] [Times: user=0.53 sys=0.01, real=0.09 secs] 
5293.144: [GC (Allocation Failure) [PSYoungGen: 475376K->109952K(512000K)] 1478109K->1254244K(1910272K), 0.1060448 secs] [Times: user=0.63 sys=0.00, real=0.11 secs] 
5294.951: [GC (Allocation Failure) [PSYoungGen: 427310K->147424K(510976K)] 1571603K->1397857K(1909248K), 0.0858963 secs] [Times: user=0.51 sys=0.00, real=0.09 secs] 
5295.037: [Full GC (Ergonomics) [PSYoungGen: 147424K->0K(510976K)] [ParOldGen: 1250433K->195658K(1398272K)] 1397857K->195658K(1909248K), [Metaspace: 59691K->59691K(1105920K)], 0.5151238 secs] [Times: user=2.42 sys=0.00, real=0.51 secs] 
5298.541: [GC (Allocation Failure) [PSYoungGen: 327168K->109376K(436736K)] 522826K->305034K(1835008K), 0.0975457 secs] [Times: user=0.58 sys=0.00, real=0.10 secs] 
5299.478: [GC (Allocation Failure) [PSYoungGen: 436544K->153792K(506368K)] 632202K->454711K(1904640K), 0.0521294 secs] [Times: user=0.31 sys=0.00, real=0.05 secs] 
5303.323: [GC (Allocation Failure) [PSYoungGen: 476864K->98400K(510976K)] 777783K->551907K(1909248K), 0.1662367 secs] [Times: user=0.99 sys=0.00, real=0.17 secs] 
5304.403: [GC (Allocation Failure) [PSYoungGen: 421472K->156256K(500736K)] 874979K->701670K(1899008K), 0.0569569 secs] [Times: user=0.33 sys=0.00, real=0.06 secs] 
5307.383: [GC (Allocation Failure) [PSYoungGen: 470112K->96192K(506368K)] 1015526K->797046K(1904640K), 0.1813555 secs] [Times: user=1.03 sys=0.00, real=0.18 secs] 
5307.862: [GC (Allocation Failure) [PSYoungGen: 410048K->151472K(501248K)] 1110902K->942432K(1899520K), 0.0563809 secs] [Times: user=0.34 sys=0.00, real=0.06 secs] 
5310.789: [GC (Allocation Failure) [PSYoungGen: 461232K->93520K(504320K)] 1252192K->1035036K(1902592K), 0.1622420 secs] [Times: user=0.96 sys=0.00, real=0.16 secs] 
5311.424: [GC (Allocation Failure) [PSYoungGen: 403280K->149952K(499712K)] 1344796K->1178655K(1897984K), 0.0563739 secs] [Times: user=0.34 sys=0.00, real=0.06 secs] 
5316.078: [GC (Allocation Failure) [PSYoungGen: 455616K->86976K(502272K)] 1484319K->1265035K(1900544K), 0.1554231 secs] [Times: user=0.92 sys=0.01, real=0.15 secs] 
5317.379: [GC (Allocation Failure) [PSYoungGen: 392640K->149024K(497664K)] 1570699K->1407611K(1895936K), 0.0525314 secs] [Times: user=0.31 sys=0.00, real=0.05 secs] 
5317.432: [Full GC (Ergonomics) [PSYoungGen: 149024K->0K(497664K)] [ParOldGen: 1258587K->206376K(1398272K)] 1407611K->206376K(1895936K), [Metaspace: 59691K->59691K(1105920K)], 0.4984558 secs] [Times: user=2.24 sys=0.00, real=0.50 secs] 
5320.046: [GC (GCLocker Initiated GC) [PSYoungGen: 301568K->89856K(500224K)] 507944K->296232K(1898496K), 0.1754971 secs] [Times: user=1.04 sys=0.00, real=0.18 secs] 
5321.114: [GC (Allocation Failure) [PSYoungGen: 391424K->134400K(494080K)] 614187K->443274K(1892352K), 0.3780841 secs] [Times: user=2.25 sys=0.01, real=0.38 secs] 
5324.717: [GC (Allocation Failure) [PSYoungGen: 437504K->85264K(497664K)] 746378K->528599K(1895936K), 0.3684854 secs] [Times: user=2.20 sys=0.01, real=0.36 secs] 
5327.043: [GC (Allocation Failure) [PSYoungGen: 388368K->142880K(502784K)] 831703K->667315K(1901056K), 0.0480708 secs] [Times: user=0.29 sys=0.00, real=0.05 secs] 
5328.452: [GC (Allocation Failure) [PSYoungGen: 451616K->103696K(412672K)] 976051K->762187K(1810944K), 0.0765014 secs] [Times: user=0.45 sys=0.01, real=0.08 secs] 
5330.279: [GC (Allocation Failure) [PSYoungGen: 412432K->146080K(498176K)] 1070923K->904668K(1896448K), 0.0521223 secs] [Times: user=0.31 sys=0.00, real=0.05 secs] 
5333.109: [GC (Allocation Failure) [PSYoungGen: 453280K->99088K(500736K)] 1211868K->994972K(1899008K), 0.0658102 secs] [Times: user=0.39 sys=0.00, real=0.06 secs] 
5335.401: [GC (Allocation Failure) [PSYoungGen: 406288K->142912K(503296K)] 1302172K->1134512K(1901568K), 0.0504253 secs] [Times: user=0.30 sys=0.00, real=0.05 secs] 
5337.270: [GC (GCLocker Initiated GC) [PSYoungGen: 455744K->105136K(418304K)] 1447345K->1230797K(1816576K), 0.0664155 secs] [Times: user=0.39 sys=0.00, real=0.07 secs] 
5339.995: [GC (Allocation Failure) [PSYoungGen: 417968K->142144K(503296K)] 1543681K->1370405K(1901568K), 0.0530474 secs] [Times: user=0.31 sys=0.00, real=0.06 secs] 
5340.048: [Full GC (Ergonomics) [PSYoungGen: 142144K->0K(503296K)] [ParOldGen: 1228261K->176638K(1398272K)] 1370405K->176638K(1901568K), [Metaspace: 59691K->59691K(1105920K)], 0.4271632 secs] [Times: user=1.99 sys=0.00, real=0.42 secs] 
5342.454: [GC (Allocation Failure) [PSYoungGen: 315392K->109024K(504320K)] 492030K->285662K(1902592K), 0.0451837 secs] [Times: user=0.26 sys=0.00, real=0.05 secs] 
5345.615: [GC (Allocation Failure) [PSYoungGen: 424416K->142528K(505344K)] 601054K->425827K(1903616K), 0.0538500 secs] [Times: user=0.31 sys=0.00, real=0.06 secs] 
5346.886: [GC (Allocation Failure) [PSYoungGen: 463040K->110816K(506880K)] 746339K->527583K(1905152K), 0.0771190 secs] [Times: user=0.46 sys=0.00, real=0.08 secs] 
5349.401: [GC (Allocation Failure) [PSYoungGen: 431328K->147584K(506368K)] 848095K->672008K(1904640K), 0.0532162 secs] [Times: user=0.32 sys=0.00, real=0.05 secs] 
5351.640: [GC (Allocation Failure) [PSYoungGen: 471680K->111424K(509952K)] 996104K->774500K(1908224K), 0.1683558 secs] [Times: user=1.00 sys=0.01, real=0.17 secs] 
5354.086: [GC (Allocation Failure) [PSYoungGen: 435520K->148208K(508928K)] 1098596K->919289K(1907200K), 0.0532692 secs] [Times: user=0.32 sys=0.00, real=0.06 secs] 
5357.267: [GC (Allocation Failure) [PSYoungGen: 475376K->109024K(512512K)] 1246457K->1019489K(1910784K), 0.1329976 secs] [Times: user=0.79 sys=0.01, real=0.13 secs] 
5358.530: [GC (Allocation Failure) [PSYoungGen: 436192K->155184K(505344K)] 1346657K->1170474K(1903616K), 0.0534194 secs] [Times: user=0.31 sys=0.00, real=0.05 secs] 
5362.192: [GC (Allocation Failure) [PSYoungGen: 475834K->94192K(510976K)] 1491124K->1264178K(1909248K), 0.1617433 secs] [Times: user=0.97 sys=0.00, real=0.16 secs] 
5363.077: [GC (Allocation Failure) [PSYoungGen: 417264K->153728K(502272K)] 1587250K->1413875K(1900544K), 0.0556890 secs] [Times: user=0.33 sys=0.00, real=0.05 secs] 
5363.133: [Full GC (Ergonomics) [PSYoungGen: 153728K->0K(502272K)] [ParOldGen: 1260147K->211258K(1398272K)] 1413875K->211258K(1900544K), [Metaspace: 59753K->59753K(1105920K)], 0.5047235 secs] [Times: user=2.37 sys=0.00, real=0.51 secs] 
5366.103: [GC (Allocation Failure) [PSYoungGen: 314880K->94672K(506880K)] 526138K->305931K(1905152K), 0.1532197 secs] [Times: user=0.90 sys=0.00, real=0.15 secs] 
5367.271: [GC (Allocation Failure) [PSYoungGen: 409552K->153104K(499712K)] 620811K->452481K(1897984K), 0.0532190 secs] [Times: user=0.31 sys=0.00, real=0.05 secs] 
5369.888: [GC (Allocation Failure) [PSYoungGen: 461840K->91424K(503808K)] 761217K->543444K(1902080K), 0.1637347 secs] [Times: user=0.97 sys=0.00, real=0.16 secs] 
5370.531: [GC (Allocation Failure) [PSYoungGen: 400160K->149984K(499200K)] 852180K->687637K(1897472K), 0.0541911 secs] [Times: user=0.32 sys=0.00, real=0.05 secs] 
5373.555: [GC (Allocation Failure) [PSYoungGen: 454624K->88816K(501760K)] 992277K->776166K(1900032K), 0.1687658 secs] [Times: user=1.00 sys=0.01, real=0.17 secs] 
5374.627: [GC (Allocation Failure) [PSYoungGen: 386904K->139616K(499200K)] 1074253K->911454K(1897472K), 0.0495395 secs] [Times: user=0.30 sys=0.00, real=0.05 secs] 
5376.144: [GC (Allocation Failure) [PSYoungGen: 444768K->99744K(500736K)] 1216606K->1002546K(1899008K), 0.1010766 secs] [Times: user=0.60 sys=0.00, real=0.10 secs] 
5378.001: [GC (Allocation Failure) [PSYoungGen: 404896K->141600K(501248K)] 1307698K->1140787K(1899520K), 0.0501025 secs] [Times: user=0.30 sys=0.00, real=0.05 secs] 
5379.929: [GC (Allocation Failure) [PSYoungGen: 450336K->104240K(501760K)] 1449523K->1235887K(1900032K), 0.0904585 secs] [Times: user=0.53 sys=0.00, real=0.09 secs] 
5381.549: [GC (Allocation Failure) [PSYoungGen: 412976K->144672K(501248K)] 1544623K->1377188K(1899520K), 0.0530707 secs] [Times: user=0.31 sys=0.00, real=0.05 secs] 
5381.603: [Full GC (Ergonomics) [PSYoungGen: 144672K->0K(501248K)] [ParOldGen: 1232516K->184877K(1398272K)] 1377188K->184877K(1899520K), [Metaspace: 59753K->59753K(1105920K)], 0.4463043 secs] [Times: user=2.08 sys=0.00, real=0.45 secs] 
5383.122: [GC (Allocation Failure) [PSYoungGen: 311808K->105632K(502784K)] 496685K->290509K(1901056K), 0.0329362 secs] [Times: user=0.19 sys=0.00, real=0.03 secs] 
5385.766: [GC (Allocation Failure) [PSYoungGen: 417440K->143792K(504320K)] 602317K->430426K(1902592K), 0.0515385 secs] [Times: user=0.30 sys=0.00, real=0.06 secs] 
5386.932: [GC (Allocation Failure) [PSYoungGen: 460720K->109920K(505856K)] 747354K->531066K(1904128K), 0.0647924 secs] [Times: user=0.38 sys=0.00, real=0.06 secs] 
5389.055: [GC (Allocation Failure) [PSYoungGen: 426848K->145408K(505344K)] 847994K->672886K(1903616K), 0.0527999 secs] [Times: user=0.31 sys=0.00, real=0.06 secs] 
5390.549: [GC (Allocation Failure) [PSYoungGen: 465920K->111520K(507392K)] 993398K->774686K(1905664K), 0.0654327 secs] [Times: user=0.39 sys=0.00, real=0.06 secs] 
5391.623: [GC (Allocation Failure) [PSYoungGen: 427151K->148672K(507392K)] 1090318K->920027K(1905664K), 0.0546235 secs] [Times: user=0.32 sys=0.01, real=0.06 secs] 
5394.111: [GC (Allocation Failure) [PSYoungGen: 472768K->109120K(510464K)] 1244123K->1020683K(1908736K), 0.1637471 secs] [Times: user=0.97 sys=0.00, real=0.16 secs] 
5395.499: [GC (Allocation Failure) [PSYoungGen: 433216K->169280K(494080K)] 1344779K->1185787K(1892352K), 0.0545781 secs] [Times: user=0.32 sys=0.01, real=0.05 secs] 
5398.109: [GC (Allocation Failure) [PSYoungGen: 480064K->94064K(504832K)] 1496571K->1262372K(1903104K), 0.1773839 secs] [Times: user=1.06 sys=0.01, real=0.17 secs] 
5399.156: [GC (Allocation Failure) [PSYoungGen: 404848K->148064K(502272K)] 1573156K->1406971K(1900544K), 0.0769118 secs] [Times: user=0.45 sys=0.00, real=0.08 secs] 
5399.233: [Full GC (Ergonomics) [PSYoungGen: 148064K->0K(502272K)] [ParOldGen: 1258907K->205958K(1398272K)] 1406971K->205958K(1900544K), [Metaspace: 59753K->59753K(1105920K)], 0.4881492 secs] [Times: user=2.27 sys=0.00, real=0.49 secs] 
5402.992: [GC (Allocation Failure) [PSYoungGen: 308736K->91344K(503808K)] 514694K->297303K(1902080K), 0.1911693 secs] [Times: user=1.14 sys=0.00, real=0.19 secs] 
5404.321: [GC (Allocation Failure) [PSYoungGen: 395915K->141968K(502272K)] 601874K->435468K(1900544K), 0.0774992 secs] [Times: user=0.46 sys=0.00, real=0.08 secs] 
5406.516: [GC (Allocation Failure) [PSYoungGen: 451216K->103488K(413184K)] 744716K->530460K(1811456K), 0.1180659 secs] [Times: user=0.70 sys=0.00, real=0.12 secs] 
5408.578: [GC (Allocation Failure) [PSYoungGen: 412736K->143424K(501760K)] 839708K->670112K(1900032K), 0.0494566 secs] [Times: user=0.30 sys=0.00, real=0.05 secs] 
5410.086: [GC (Allocation Failure) [PSYoungGen: 454208K->104736K(502784K)] 980896K->765505K(1901056K), 0.0669849 secs] [Times: user=0.40 sys=0.00, real=0.07 secs] 
5412.026: [GC (Allocation Failure) [PSYoungGen: 415520K->143376K(504320K)] 1076289K->905070K(1902592K), 0.0512269 secs] [Times: user=0.30 sys=0.00, real=0.06 secs] 
5414.626: [GC (Allocation Failure) [PSYoungGen: 458768K->105792K(504832K)] 1220462K->1001109K(1903104K), 0.0645143 secs] [Times: user=0.38 sys=0.00, real=0.07 secs] 
5417.114: [GC (Allocation Failure) [PSYoungGen: 421184K->146464K(504320K)] 1316501K->1143986K(1902592K), 0.0525555 secs] [Times: user=0.30 sys=0.01, real=0.06 secs] 
5418.893: [GC (GCLocker Initiated GC) [PSYoungGen: 464416K->106432K(506880K)] 1461939K->1241207K(1905152K), 0.1211141 secs] [Times: user=0.72 sys=0.00, real=0.12 secs] 
5420.864: [GC (Allocation Failure) [PSYoungGen: 424384K->148752K(506368K)] 1559162K->1385751K(1904640K), 0.0532361 secs] [Times: user=0.31 sys=0.00, real=0.06 secs] 
5420.917: [Full GC (Ergonomics) [PSYoungGen: 148752K->0K(506368K)] [ParOldGen: 1236998K->192367K(1398272K)] 1385751K->192367K(1904640K), [Metaspace: 59753K->59753K(1105920K)], 0.4633445 secs] [Times: user=2.16 sys=0.00, real=0.46 secs] 
5422.764: [GC (Allocation Failure) [PSYoungGen: 320512K->112000K(432640K)] 512879K->304367K(1830912K), 0.0638877 secs] [Times: user=0.38 sys=0.00, real=0.07 secs] 
5423.923: [GC (Allocation Failure) [PSYoungGen: 421744K->143424K(507904K)] 614111K->443620K(1906176K), 0.0522233 secs] [Times: user=0.31 sys=0.00, real=0.05 secs] 
5428.101: [GC (Allocation Failure) [PSYoungGen: 466496K->106944K(508928K)] 766692K->541432K(1907200K), 0.1617133 secs] [Times: user=0.96 sys=0.00, real=0.16 secs] 
5429.606: [GC (Allocation Failure) [PSYoungGen: 416996K->144752K(509952K)] 851484K->682281K(1908224K), 0.0511571 secs] [Times: user=0.30 sys=0.00, real=0.06 secs] 
5433.102: [GC (Allocation Failure) [PSYoungGen: 471408K->110112K(511488K)] 1008937K->783361K(1909760K), 0.1520656 secs] [Times: user=0.91 sys=0.00, real=0.15 secs] 
5434.339: [GC (Allocation Failure) [PSYoungGen: 436768K->152960K(506880K)] 1110017K->932589K(1905152K), 0.0535978 secs] [Times: user=0.32 sys=0.00, real=0.05 secs] 
5437.176: [GC (Allocation Failure) [PSYoungGen: 478080K->99216K(512000K)] 1257709K->1030870K(1910272K), 0.1482683 secs] [Times: user=0.88 sys=0.00, real=0.15 secs] 
5438.069: [GC (Allocation Failure) [PSYoungGen: 424336K->157008K(501760K)] 1355990K->1181803K(1900032K), 0.0580890 secs] [Times: user=0.35 sys=0.00, real=0.06 secs] 
5442.144: [GC (Allocation Failure) [PSYoungGen: 472912K->95168K(507392K)] 1497707K->1276362K(1905664K), 0.1665428 secs] [Times: user=0.99 sys=0.00, real=0.17 secs] 
5442.578: [GC (Allocation Failure) [PSYoungGen: 411072K->154336K(499712K)] 1592266K->1424871K(1897984K), 0.0560664 secs] [Times: user=0.33 sys=0.00, real=0.05 secs] 
5442.634: [Full GC (Ergonomics) [PSYoungGen: 154336K->0K(499712K)] [ParOldGen: 1270535K->223625K(1398272K)] 1424871K->223625K(1897984K), [Metaspace: 59753K->59753K(1105920K)], 0.5302205 secs] [Times: user=2.48 sys=0.00, real=0.53 secs] 
5445.818: [GC (Allocation Failure) [PSYoungGen: 308736K->94448K(503808K)] 532361K->318074K(1902080K), 0.1232403 secs] [Times: user=0.73 sys=0.00, real=0.12 secs] 
5446.342: [GC (Allocation Failure) [PSYoungGen: 403184K->151312K(498688K)] 626810K->458741K(1896960K), 0.0545287 secs] [Times: user=0.32 sys=0.00, real=0.05 secs] 
5449.049: [GC (GCLocker Initiated GC) [PSYoungGen: 455952K->91792K(501760K)] 763381K->550405K(1900032K), 0.1616945 secs] [Times: user=0.96 sys=0.00, real=0.16 secs] 
5449.580: [GC (Allocation Failure) [PSYoungGen: 396432K->146720K(499712K)] 855048K->691024K(1897984K), 0.0539030 secs] [Times: user=0.32 sys=0.00, real=0.05 secs] 
5452.305: [GC (Allocation Failure) [PSYoungGen: 450336K->94064K(397824K)] 994640K->784469K(1796096K), 0.1311224 secs] [Times: user=0.78 sys=0.00, real=0.13 secs] 
5452.786: [GC (Allocation Failure) [PSYoungGen: 384031K->137712K(502272K)] 1074436K->912242K(1900544K), 0.0480094 secs] [Times: user=0.29 sys=0.00, real=0.05 secs] 
5456.464: [GC (Allocation Failure) [PSYoungGen: 444400K->100784K(407552K)] 1218930K->1004118K(1805824K), 0.0632133 secs] [Times: user=0.37 sys=0.00, real=0.07 secs] 
5459.238: [GC (Allocation Failure) [PSYoungGen: 407472K->141088K(499712K)] 1310806K->1141226K(1897984K), 0.0502335 secs] [Times: user=0.30 sys=0.00, real=0.05 secs] 
5461.225: [GC (Allocation Failure) [PSYoungGen: 449824K->103104K(500224K)] 1449962K->1235302K(1898496K), 0.0837969 secs] [Times: user=0.50 sys=0.00, real=0.09 secs] 
5462.775: [GC (Allocation Failure) [PSYoungGen: 411840K->145360K(502272K)] 1544038K->1376712K(1900544K), 0.0517836 secs] [Times: user=0.31 sys=0.00, real=0.05 secs] 
5462.826: [Full GC (Ergonomics) [PSYoungGen: 145360K->0K(502272K)] [ParOldGen: 1231351K->184576K(1398272K)] 1376712K->184576K(1900544K), [Metaspace: 59753K->59732K(1105920K)], 0.4515418 secs] [Times: user=2.06 sys=0.00, real=0.46 secs] 
5465.185: [GC (Allocation Failure) [PSYoungGen: 314368K->105392K(504320K)] 498944K->289969K(1902592K), 0.0327073 secs] [Times: user=0.19 sys=0.01, real=0.04 secs] 
5467.054: [GC (Allocation Failure) [PSYoungGen: 419760K->146560K(505344K)] 604337K->433489K(1903616K), 0.0516936 secs] [Times: user=0.31 sys=0.00, real=0.05 secs] 
5469.971: [GC (Allocation Failure) [PSYoungGen: 465024K->103920K(507904K)] 751953K->528493K(1906176K), 0.0646444 secs] [Times: user=0.39 sys=0.00, real=0.06 secs] 
5472.137: [GC (Allocation Failure) [PSYoungGen: 422384K->150176K(504320K)] 846957K->675222K(1902592K), 0.0519994 secs] [Times: user=0.30 sys=0.00, real=0.05 secs] 
5474.391: [GC (Allocation Failure) [PSYoungGen: 468128K->107360K(508416K)] 993174K->773838K(1906688K), 0.1406952 secs] [Times: user=0.84 sys=0.00, real=0.14 secs] 
5475.931: [GC (Allocation Failure) [PSYoungGen: 425312K->146480K(506880K)] 1091790K->916887K(1905152K), 0.1285122 secs] [Times: user=0.76 sys=0.01, real=0.13 secs] 
5478.234: [GC (Allocation Failure) [PSYoungGen: 466480K->108672K(508928K)] 1236887K->1017102K(1907200K), 0.1199165 secs] [Times: user=0.72 sys=0.00, real=0.12 secs] 
5479.766: [GC (Allocation Failure) [PSYoungGen: 421610K->146240K(506880K)] 1330040K->1159459K(1905152K), 0.0529527 secs] [Times: user=0.31 sys=0.00, real=0.06 secs] 
5481.340: [GC (Allocation Failure) [PSYoungGen: 467264K->110352K(508928K)] 1480483K->1260784K(1907200K), 0.1638556 secs] [Times: user=0.98 sys=0.00, real=0.16 secs] 
5482.863: [GC (Allocation Failure) [PSYoungGen: 415289K->141952K(508928K)] 1565721K->1398704K(1907200K), 0.0514933 secs] [Times: user=0.30 sys=0.00, real=0.05 secs] 
5482.914: [Full GC (Ergonomics) [PSYoungGen: 141952K->0K(508928K)] [ParOldGen: 1256752K->197472K(1398272K)] 1398704K->197472K(1907200K), [Metaspace: 59732K->59732K(1105920K)], 0.4741493 secs] [Times: user=2.20 sys=0.00, real=0.48 secs] 
5485.679: [GC (Allocation Failure) [PSYoungGen: 324608K->110272K(509440K)] 522080K->307744K(1907712K), 0.0546637 secs] [Times: user=0.32 sys=0.00, real=0.05 secs] 
5486.507: [GC (Allocation Failure) [PSYoungGen: 434880K->154784K(506368K)] 632352K->458021K(1904640K), 0.0530984 secs] [Times: user=0.32 sys=0.00, real=0.05 secs] 
5488.856: [GC (Allocation Failure) [PSYoungGen: 479392K->96800K(511488K)] 782629K->554241K(1909760K), 0.0908208 secs] [Times: user=0.54 sys=0.01, real=0.09 secs] 
5489.476: [GC (Allocation Failure) [PSYoungGen: 421408K->157312K(500224K)] 878849K->706053K(1898496K), 0.0728922 secs] [Times: user=0.43 sys=0.00, real=0.08 secs] 
5492.896: [GC (Allocation Failure) [PSYoungGen: 471168K->89888K(506368K)] 1019909K->795757K(1904640K), 0.1823504 secs] [Times: user=1.08 sys=0.00, real=0.19 secs] 
5493.372: [GC (Allocation Failure) [PSYoungGen: 403744K->153264K(498176K)] 1109613K->943035K(1896448K), 0.0551599 secs] [Times: user=0.33 sys=0.00, real=0.06 secs] 
5496.578: [GC (Allocation Failure) [PSYoungGen: 458928K->90112K(502272K)] 1248699K->1032830K(1900544K), 0.1664883 secs] [Times: user=0.99 sys=0.01, real=0.16 secs] 
5497.085: [GC (Allocation Failure) [PSYoungGen: 395776K->147616K(499200K)] 1338494K->1174483K(1897472K), 0.0530610 secs] [Times: user=0.32 sys=0.00, real=0.06 secs] 
5499.632: [GC (Allocation Failure) [PSYoungGen: 451232K->90800K(501248K)] 1478099K->1264948K(1899520K), 0.1701264 secs] [Times: user=1.01 sys=0.00, real=0.17 secs] 
5500.711: [GC (Allocation Failure) [PSYoungGen: 384211K->138368K(497152K)] 1558359K->1398840K(1895424K), 0.0488754 secs] [Times: user=0.29 sys=0.00, real=0.05 secs] 
5500.760: [Full GC (Ergonomics) [PSYoungGen: 138368K->0K(497152K)] [ParOldGen: 1260472K->196122K(1398272K)] 1398840K->196122K(1895424K), [Metaspace: 59732K->59732K(1105920K)], 0.4786378 secs] [Times: user=2.23 sys=0.00, real=0.48 secs] 
5504.783: [GC (Allocation Failure) [PSYoungGen: 304640K->99904K(499712K)] 500762K->296026K(1897984K), 0.0477004 secs] [Times: user=0.28 sys=0.00, real=0.05 secs] 
5506.385: [GC (Allocation Failure) [PSYoungGen: 404544K->142720K(502784K)] 600666K->435255K(1901056K), 0.0482421 secs] [Times: user=0.29 sys=0.00, real=0.05 secs] 
5508.678: [GC (Allocation Failure) [PSYoungGen: 453504K->102416K(503296K)] 746039K->529096K(1901568K), 0.0624476 secs] [Times: user=0.37 sys=0.00, real=0.06 secs] 
5510.995: [GC (Allocation Failure) [PSYoungGen: 413200K->146208K(501248K)] 839880K->671572K(1899520K), 0.0512259 secs] [Times: user=0.31 sys=0.00, real=0.06 secs] 
5514.982: [GC (Allocation Failure) [PSYoungGen: 458016K->101360K(503808K)] 983380K->764045K(1902080K), 0.0652733 secs] [Times: user=0.38 sys=0.00, real=0.07 secs] 
5516.027: [GC (Allocation Failure) [PSYoungGen: 413168K->146368K(503808K)] 1075853K->907197K(1902080K), 0.0515692 secs] [Times: user=0.30 sys=0.00, real=0.05 secs] 
5519.426: [GC (Allocation Failure) [PSYoungGen: 461248K->104688K(506368K)] 1222077K->1002938K(1904640K), 0.0652034 secs] [Times: user=0.38 sys=0.00, real=0.07 secs] 
5521.345: [GC (Allocation Failure) [PSYoungGen: 419568K->144000K(504832K)] 1317818K->1143482K(1903104K), 0.0527171 secs] [Times: user=0.31 sys=0.00, real=0.06 secs] 
5523.241: [GC (Allocation Failure) [PSYoungGen: 460928K->109952K(506368K)] 1460410K->1243786K(1904640K), 0.0752673 secs] [Times: user=0.43 sys=0.00, real=0.08 secs] 
5524.136: [GC (Allocation Failure) [PSYoungGen: 426880K->150912K(502784K)] 1560714K->1391659K(1901056K), 0.0543987 secs] [Times: user=0.32 sys=0.00, real=0.06 secs] 
5524.190: [Full GC (Ergonomics) [PSYoungGen: 150912K->0K(502784K)] [ParOldGen: 1240747K->190345K(1398272K)] 1391659K->190345K(1901056K), [Metaspace: 59732K->59732K(1105920K)], 0.4562959 secs] [Times: user=2.13 sys=0.00, real=0.45 secs] 
5528.950: [GC (Allocation Failure) [PSYoungGen: 317440K->100864K(506880K)] 507785K->291209K(1905152K), 0.0421341 secs] [Times: user=0.25 sys=0.00, real=0.04 secs] 
5531.593: [GC (Allocation Failure) [PSYoungGen: 418304K->146336K(507392K)] 608649K->434210K(1905664K), 0.0498789 secs] [Times: user=0.30 sys=0.00, real=0.05 secs] 
5532.993: [GC (Allocation Failure) [PSYoungGen: 466336K->109120K(429568K)] 754210K->534462K(1827840K), 0.0711174 secs] [Times: user=0.42 sys=0.00, real=0.07 secs] 
5535.424: [GC (Allocation Failure) [PSYoungGen: 429120K->150032K(504320K)] 854462K->681148K(1902592K), 0.0536655 secs] [Times: user=0.32 sys=0.01, real=0.06 secs] 
5537.715: [GC (Allocation Failure) [PSYoungGen: 468496K->104480K(507904K)] 999612K->776827K(1906176K), 0.0901412 secs] [Times: user=0.54 sys=0.00, real=0.09 secs] 
5539.941: [GC (Allocation Failure) [PSYoungGen: 421462K->147584K(506880K)] 1093810K->920104K(1905152K), 0.0501453 secs] [Times: user=0.30 sys=0.00, real=0.05 secs] 
5542.557: [GC (Allocation Failure) [PSYoungGen: 467584K->104448K(509440K)] 1240104K->1015728K(1907712K), 0.1665244 secs] [Times: user=0.99 sys=0.00, real=0.16 secs] 
5543.908: [GC (Allocation Failure) [PSYoungGen: 413775K->146896K(507392K)] 1325056K->1158546K(1905664K), 0.0513658 secs] [Times: user=0.30 sys=0.00, real=0.05 secs] 
5546.623: [GC (Allocation Failure) [PSYoungGen: 467408K->104928K(509440K)] 1479058K->1254573K(1907712K), 0.1612625 secs] [Times: user=0.96 sys=0.00, real=0.16 secs] 
5547.848: [GC (Allocation Failure) [PSYoungGen: 414327K->146160K(507392K)] 1563973K->1396930K(1905664K), 0.0510845 secs] [Times: user=0.30 sys=0.00, real=0.05 secs] 
5547.899: [Full GC (Ergonomics) [PSYoungGen: 146160K->0K(507392K)] [ParOldGen: 1250770K->196275K(1398272K)] 1396930K->196275K(1905664K), [Metaspace: 59732K->59732K(1105920K)], 0.4746479 secs] [Times: user=2.20 sys=0.00, real=0.47 secs] 
5550.706: [GC (Allocation Failure) [PSYoungGen: 321024K->105984K(509440K)] 517299K->302259K(1907712K), 0.0944562 secs] [Times: user=0.56 sys=0.00, real=0.10 secs] 
5551.308: [GC (Allocation Failure) [PSYoungGen: 416626K->145408K(508416K)] 612901K->443648K(1906688K), 0.0499806 secs] [Times: user=0.29 sys=0.00, real=0.05 secs] 
5553.565: [GC (Allocation Failure) [PSYoungGen: 467968K->109600K(509952K)] 766208K->544360K(1908224K), 0.0683860 secs] [Times: user=0.40 sys=0.00, real=0.07 secs] 
5554.240: [GC (Allocation Failure) [PSYoungGen: 432160K->152336K(505856K)] 866920K->692996K(1904128K), 0.0528943 secs] [Times: user=0.31 sys=0.00, real=0.05 secs] 
5556.622: [GC (Allocation Failure) [PSYoungGen: 473872K->101888K(509952K)] 1014532K->794283K(1908224K), 0.1670774 secs] [Times: user=1.00 sys=0.00, real=0.17 secs] 
5557.676: [GC (Allocation Failure) [PSYoungGen: 423424K->151680K(504832K)] 1115819K->940536K(1903104K), 0.0990851 secs] [Times: user=0.59 sys=0.00, real=0.10 secs] 
5561.630: [GC (Allocation Failure) [PSYoungGen: 469632K->95280K(508416K)] 1258488K->1034793K(1906688K), 0.1699548 secs] [Times: user=1.01 sys=0.00, real=0.17 secs] 
5562.218: [GC (Allocation Failure) [PSYoungGen: 413232K->153600K(500736K)] 1352745K->1182429K(1899008K), 0.0552827 secs] [Times: user=0.33 sys=0.00, real=0.05 secs] 
5566.411: [GC (Allocation Failure) [PSYoungGen: 464384K->91712K(504832K)] 1493213K->1273485K(1903104K), 0.1393773 secs] [Times: user=0.83 sys=0.00, real=0.14 secs] 
5566.863: [GC (Allocation Failure) [PSYoungGen: 402496K->150672K(499200K)] 1584269K->1418279K(1897472K), 0.0534725 secs] [Times: user=0.31 sys=0.00, real=0.05 secs] 
5566.916: [Full GC (Ergonomics) [PSYoungGen: 150672K->0K(499200K)] [ParOldGen: 1267606K->216318K(1398272K)] 1418279K->216318K(1897472K), [Metaspace: 59732K->59732K(1105920K)], 0.5207891 secs] [Times: user=2.43 sys=0.00, real=0.53 secs] 
5570.850: [GC (Allocation Failure) [PSYoungGen: 305664K->91440K(502272K)] 521982K->307758K(1900544K), 0.1466388 secs] [Times: user=0.87 sys=0.00, real=0.15 secs] 
5571.759: [GC (Allocation Failure) [PSYoungGen: 397104K->148032K(499200K)] 613422K->449571K(1897472K), 0.0524113 secs] [Times: user=0.31 sys=0.00, real=0.05 secs] 
5575.326: [GC (Allocation Failure) [PSYoungGen: 451648K->89120K(501248K)] 753187K->538215K(1899520K), 0.1717969 secs] [Times: user=1.03 sys=0.00, real=0.18 secs] 
5576.670: [GC (Allocation Failure) [PSYoungGen: 386935K->139616K(498176K)] 836030K->673852K(1896448K), 0.0486206 secs] [Times: user=0.29 sys=0.00, real=0.05 secs] 
5577.912: [GC (Allocation Failure) [PSYoungGen: 444256K->103264K(500224K)] 978492K->768204K(1898496K), 0.0631940 secs] [Times: user=0.37 sys=0.00, real=0.06 secs] 
5579.196: [GC (Allocation Failure) [PSYoungGen: 407904K->148928K(498688K)] 1072844K->913688K(1896960K), 0.0502138 secs] [Times: user=0.29 sys=0.01, real=0.05 secs] 
5582.258: [GC (Allocation Failure) [PSYoungGen: 455616K->102480K(501760K)] 1220376K->998681K(1900032K), 0.0629264 secs] [Times: user=0.37 sys=0.00, real=0.06 secs] 
5584.203: [GC (Allocation Failure) [PSYoungGen: 409168K->140816K(503296K)] 1305369K->1135986K(1901568K), 0.0507432 secs] [Times: user=0.30 sys=0.00, real=0.05 secs] 
5586.170: [GC (Allocation Failure) [PSYoungGen: 452624K->106704K(503296K)] 1447794K->1233314K(1901568K), 0.0643382 secs] [Times: user=0.38 sys=0.00, real=0.06 secs] 
5588.058: [GC (Allocation Failure) [PSYoungGen: 418512K->143216K(502784K)] 1545122K->1372863K(1901056K), 0.0529890 secs] [Times: user=0.31 sys=0.00, real=0.05 secs] 
5588.111: [Full GC (Ergonomics) [PSYoungGen: 143216K->0K(502784K)] [ParOldGen: 1229646K->180472K(1398272K)] 1372863K->180472K(1901056K), [Metaspace: 59732K->59732K(1105920K)], 0.4408026 secs] [Times: user=2.06 sys=0.00, real=0.44 secs] 
5589.644: [GC (Allocation Failure) [PSYoungGen: 314880K->109376K(503808K)] 495352K->289848K(1902080K), 0.0340332 secs] [Times: user=0.20 sys=0.01, real=0.04 secs] 
5591.356: [GC (Allocation Failure) [PSYoungGen: 424256K->147808K(504320K)] 604728K->434317K(1902592K), 0.0538458 secs] [Times: user=0.32 sys=0.00, real=0.06 secs] 
5592.866: [GC (Allocation Failure) [PSYoungGen: 466784K->106912K(507392K)] 753293K->531925K(1905664K), 0.0653237 secs] [Times: user=0.38 sys=0.00, real=0.07 secs] 
5594.543: [GC (Allocation Failure) [PSYoungGen: 425888K->150112K(505856K)] 850901K->679058K(1904128K), 0.0669293 secs] [Times: user=0.39 sys=0.00, real=0.07 secs] 
5596.863: [GC (Allocation Failure) [PSYoungGen: 471136K->107776K(509952K)] 1000082K->778566K(1908224K), 0.0658738 secs] [Times: user=0.39 sys=0.00, real=0.07 secs] 
5599.287: [GC (Allocation Failure) [PSYoungGen: 421723K->146672K(508928K)] 1092513K->921273K(1907200K), 0.0516266 secs] [Times: user=0.31 sys=0.00, real=0.05 secs] 
5601.782: [GC (Allocation Failure) [PSYoungGen: 469744K->107120K(430592K)] 1244345K->1019737K(1828864K), 0.1744072 secs] [Times: user=1.04 sys=0.00, real=0.18 secs] 
5603.536: [GC (Allocation Failure) [PSYoungGen: 430192K->168608K(493568K)] 1342809K->1184405K(1891840K), 0.0540387 secs] [Times: user=0.32 sys=0.00, real=0.06 secs] 
5606.279: [GC (Allocation Failure) [PSYoungGen: 477344K->89440K(398336K)] 1493141K->1256777K(1796608K), 0.1673856 secs] [Times: user=1.00 sys=0.00, real=0.16 secs] 
5607.468: [GC (Allocation Failure) [PSYoungGen: 398176K->145408K(502272K)] 1565513K->1398290K(1900544K), 0.0505040 secs] [Times: user=0.29 sys=0.00, real=0.05 secs] 
5607.519: [Full GC (Ergonomics) [PSYoungGen: 145408K->0K(502272K)] [ParOldGen: 1252882K->196533K(1398272K)] 1398290K->196533K(1900544K), [Metaspace: 59732K->59732K(1105920K)], 0.4847974 secs] [Times: user=2.26 sys=0.00, real=0.48 secs] 
5609.330: [GC (Allocation Failure) [PSYoungGen: 306688K->102624K(409600K)] 503221K->299157K(1807872K), 0.0373886 secs] [Times: user=0.22 sys=0.00, real=0.04 secs] 
5610.388: [GC (GCLocker Initiated GC) [PSYoungGen: 409312K->145152K(499200K)] 605851K->440744K(1897472K), 0.0490208 secs] [Times: user=0.29 sys=0.00, real=0.05 secs] 
5613.014: [GC (Allocation Failure) [PSYoungGen: 451328K->98288K(500224K)] 746922K->530375K(1898496K), 0.0638341 secs] [Times: user=0.38 sys=0.00, real=0.07 secs] 
5614.012: [GC (Allocation Failure) [PSYoungGen: 404464K->143760K(503296K)] 836551K->670558K(1901568K), 0.0492514 secs] [Times: user=0.29 sys=0.00, real=0.05 secs] 
5615.185: [GC (Allocation Failure) [PSYoungGen: 455056K->106256K(503808K)] 981854K->767566K(1902080K), 0.0642868 secs] [Times: user=0.39 sys=0.00, real=0.07 secs] 
5617.272: [GC (Allocation Failure) [PSYoungGen: 417552K->144512K(502784K)] 1078862K->908586K(1901056K), 0.0784326 secs] [Times: user=0.46 sys=0.00, real=0.08 secs] 
5619.841: [GC (Allocation Failure) [PSYoungGen: 457856K->103376K(503808K)] 1221930K->1002859K(1902080K), 0.0652765 secs] [Times: user=0.38 sys=0.01, real=0.06 secs] 
5621.711: [GC (Allocation Failure) [PSYoungGen: 416720K->147840K(504320K)] 1316203K->1147407K(1902592K), 0.0522084 secs] [Times: user=0.30 sys=0.00, real=0.05 secs] 
5625.019: [GC (GCLocker Initiated GC) [PSYoungGen: 464256K->103520K(506880K)] 1463824K->1242264K(1905152K), 0.0646034 secs] [Times: user=0.39 sys=0.00, real=0.06 secs] 
5627.293: [GC (Allocation Failure) [PSYoungGen: 419936K->149056K(504832K)] 1558732K->1387865K(1903104K), 0.0521330 secs] [Times: user=0.31 sys=0.00, real=0.05 secs] 
5627.345: [Full GC (Ergonomics) [PSYoungGen: 149056K->0K(504832K)] [ParOldGen: 1238809K->186083K(1398272K)] 1387865K->186083K(1903104K), [Metaspace: 59733K->59733K(1105920K)], 0.4583119 secs] [Times: user=2.13 sys=0.00, real=0.46 secs] 
5629.207: [GC (Allocation Failure) [PSYoungGen: 316928K->108480K(425472K)] 503011K->294563K(1823744K), 0.0328756 secs] [Times: user=0.19 sys=0.00, real=0.04 secs] 
5631.521: [GC (Allocation Failure) [PSYoungGen: 425408K->145216K(505856K)] 611491K->436560K(1904128K), 0.0518243 secs] [Times: user=0.31 sys=0.00, real=0.05 secs] 
5634.286: [GC (Allocation Failure) [PSYoungGen: 463680K->108064K(507392K)] 755024K->535528K(1905664K), 0.1216564 secs] [Times: user=0.73 sys=0.00, real=0.13 secs] 
5636.644: [GC (Allocation Failure) [PSYoungGen: 426528K->147584K(506368K)] 853992K->679665K(1904640K), 0.0523950 secs] [Times: user=0.31 sys=0.00, real=0.05 secs] 
5638.940: [GC (Allocation Failure) [PSYoungGen: 468096K->108160K(508416K)] 1000177K->779325K(1906688K), 0.1565658 secs] [Times: user=0.93 sys=0.00, real=0.15 secs] 
5640.569: [GC (Allocation Failure) [PSYoungGen: 423773K->145360K(508928K)] 1094939K->920707K(1907200K), 0.0520561 secs] [Times: user=0.31 sys=0.00, real=0.05 secs] 
5643.387: [GC (Allocation Failure) [PSYoungGen: 468944K->108704K(510464K)] 1244291K->1020418K(1908736K), 0.1732225 secs] [Times: user=1.03 sys=0.01, real=0.17 secs] 
5644.905: [GC (Allocation Failure) [PSYoungGen: 432288K->150352K(506880K)] 1344002K->1166923K(1905152K), 0.0532270 secs] [Times: user=0.32 sys=0.00, real=0.06 secs] 
5647.845: [GC (Allocation Failure) [PSYoungGen: 470625K->96080K(510464K)] 1487197K->1262380K(1908736K), 0.1645683 secs] [Times: user=0.98 sys=0.00, real=0.17 secs] 
5648.583: [GC (Allocation Failure) [PSYoungGen: 419152K->154464K(502784K)] 1585452K->1413124K(1901056K), 0.0556424 secs] [Times: user=0.33 sys=0.00, real=0.06 secs] 
5648.639: [Full GC (Ergonomics) [PSYoungGen: 154464K->0K(502784K)] [ParOldGen: 1258660K->211930K(1398272K)] 1413124K->211930K(1901056K), [Metaspace: 59733K->59733K(1105920K)], 0.4987945 secs] [Times: user=2.32 sys=0.00, real=0.50 secs] 
5651.427: [GC (Allocation Failure) [PSYoungGen: 315904K->95328K(507392K)] 527834K->307258K(1905664K), 0.1591799 secs] [Times: user=0.95 sys=0.00, real=0.15 secs] 
5652.232: [GC (Allocation Failure) [PSYoungGen: 411232K->149632K(502784K)] 623162K->450607K(1901056K), 0.0820265 secs] [Times: user=0.48 sys=0.00, real=0.08 secs] 
5654.314: [GC (Allocation Failure) [PSYoungGen: 461440K->96384K(505344K)] 762415K->546475K(1903616K), 0.1381267 secs] [Times: user=0.82 sys=0.00, real=0.14 secs] 
5654.799: [GC (Allocation Failure) [PSYoungGen: 408192K->149600K(501760K)] 858283K->689868K(1900032K), 0.0546595 secs] [Times: user=0.32 sys=0.00, real=0.05 secs] 
5657.732: [GC (Allocation Failure) [PSYoungGen: 459360K->93904K(504320K)] 999628K->782825K(1902592K), 0.1580340 secs] [Times: user=0.94 sys=0.00, real=0.16 secs] 
5658.262: [GC (Allocation Failure) [PSYoungGen: 403664K->151104K(499200K)] 1092585K->928149K(1897472K), 0.0547031 secs] [Times: user=0.33 sys=0.00, real=0.05 secs] 
5660.812: [GC (Allocation Failure) [PSYoungGen: 456768K->90224K(502272K)] 1233813K->1018146K(1900544K), 0.1575270 secs] [Times: user=0.93 sys=0.00, real=0.16 secs] 
5661.565: [GC (Allocation Failure) [PSYoungGen: 381065K->137840K(497664K)] 1308986K->1149945K(1895936K), 0.0494729 secs] [Times: user=0.29 sys=0.00, real=0.05 secs] 
5664.809: [GC (GCLocker Initiated GC) [PSYoungGen: 444016K->98544K(500224K)] 1456121K->1239689K(1898496K), 0.0627558 secs] [Times: user=0.37 sys=0.01, real=0.06 secs] 
5665.988: [GC (Allocation Failure) [PSYoungGen: 404720K->144736K(503296K)] 1545917K->1381333K(1901568K), 0.0500202 secs] [Times: user=0.30 sys=0.00, real=0.05 secs] 
5666.038: [Full GC (Ergonomics) [PSYoungGen: 144736K->0K(503296K)] [ParOldGen: 1236597K->189422K(1398272K)] 1381333K->189422K(1901568K), [Metaspace: 59733K->59733K(1105920K)], 0.4581928 secs] [Times: user=2.12 sys=0.00, real=0.45 secs] 
5668.155: [GC (Allocation Failure) [PSYoungGen: 311808K->102592K(414720K)] 501230K->292014K(1812992K), 0.0521017 secs] [Times: user=0.31 sys=0.00, real=0.06 secs] 
5670.237: [GC (Allocation Failure) [PSYoungGen: 414400K->146912K(501760K)] 603822K->435123K(1900032K), 0.0506059 secs] [Times: user=0.30 sys=0.00, real=0.05 secs] 
5671.391: [GC (Allocation Failure) [PSYoungGen: 458720K->106352K(504320K)] 746931K->532619K(1902592K), 0.0653663 secs] [Times: user=0.38 sys=0.01, real=0.06 secs] 
5674.095: [GC (Allocation Failure) [PSYoungGen: 418160K->143824K(503296K)] 844427K->673008K(1901568K), 0.0509927 secs] [Times: user=0.30 sys=0.00, real=0.05 secs] 
5675.829: [GC (Allocation Failure) [PSYoungGen: 458704K->107808K(504832K)] 987888K->771903K(1903104K), 0.0991103 secs] [Times: user=0.59 sys=0.00, real=0.10 secs] 
5677.767: [GC (Allocation Failure) [PSYoungGen: 422688K->146000K(504832K)] 1086783K->913797K(1903104K), 0.1398314 secs] [Times: user=0.83 sys=0.01, real=0.13 secs] 
5679.486: [GC (Allocation Failure) [PSYoungGen: 464464K->109040K(506880K)] 1232261K->1014025K(1905152K), 0.0653901 secs] [Times: user=0.38 sys=0.00, real=0.07 secs] 
5680.585: [GC (Allocation Failure) [PSYoungGen: 427441K->149312K(505344K)] 1332425K->1159685K(1903616K), 0.0539584 secs] [Times: user=0.32 sys=0.00, real=0.06 secs] 
5682.772: [GC (Allocation Failure) [PSYoungGen: 469824K->106544K(508928K)] 1480197K->1257166K(1907200K), 0.1722517 secs] [Times: user=1.03 sys=0.00, real=0.17 secs] 
5683.514: [GC (Allocation Failure) [PSYoungGen: 414939K->144016K(509440K)] 1565561K->1397507K(1907712K), 0.0517618 secs] [Times: user=0.31 sys=0.00, real=0.05 secs] 
5683.566: [Full GC (Ergonomics) [PSYoungGen: 144016K->0K(509440K)] [ParOldGen: 1253490K->195616K(1398272K)] 1397507K->195616K(1907712K), [Metaspace: 59733K->59733K(1105920K)], 0.4677358 secs] [Times: user=2.17 sys=0.00, real=0.47 secs] 
5686.285: [GC (Allocation Failure) [PSYoungGen: 324096K->105824K(510976K)] 519712K->301440K(1909248K), 0.0696113 secs] [Times: user=0.41 sys=0.00, real=0.07 secs] 
5688.478: [GC (Allocation Failure) [PSYoungGen: 422077K->145712K(508928K)] 617693K->442802K(1907200K), 0.0493700 secs] [Times: user=0.30 sys=0.00, real=0.05 secs] 
5690.564: [GC (Allocation Failure) [PSYoungGen: 470320K->110384K(510976K)] 767410K->544142K(1909248K), 0.1631341 secs] [Times: user=0.97 sys=0.00, real=0.17 secs] 
5691.899: [GC (Allocation Failure) [PSYoungGen: 434992K->153824K(505856K)] 868750K->694046K(1904128K), 0.0526254 secs] [Times: user=0.31 sys=0.00, real=0.05 secs] 
5695.507: [GC (Allocation Failure) [PSYoungGen: 476896K->97792K(510976K)] 1017118K->791510K(1909248K), 0.1638029 secs] [Times: user=0.98 sys=0.00, real=0.16 secs] 
5696.338: [GC (Allocation Failure) [PSYoungGen: 420864K->157392K(499712K)] 1114582K->942487K(1897984K), 0.0571480 secs] [Times: user=0.34 sys=0.00, real=0.05 secs] 
5699.114: [GC (Allocation Failure) [PSYoungGen: 470224K->91712K(505856K)] 1255319K->1033947K(1904128K), 0.1591181 secs] [Times: user=0.94 sys=0.00, real=0.16 secs] 
5700.104: [GC (Allocation Failure) [PSYoungGen: 404544K->152320K(499200K)] 1346779K->1180116K(1897472K), 0.0691647 secs] [Times: user=0.41 sys=0.00, real=0.07 secs] 
5704.632: [GC (Allocation Failure) [PSYoungGen: 459008K->87936K(502784K)] 1486804K->1267904K(1901056K), 0.1686554 secs] [Times: user=1.00 sys=0.00, real=0.17 secs] 
5705.589: [GC (Allocation Failure) [PSYoungGen: 394624K->147936K(499712K)] 1574592K->1409824K(1897984K), 0.0521502 secs] [Times: user=0.31 sys=0.00, real=0.05 secs] 
5705.642: [Full GC (Ergonomics) [PSYoungGen: 147936K->0K(499712K)] [ParOldGen: 1261888K->208890K(1398272K)] 1409824K->208890K(1897984K), [Metaspace: 59733K->59733K(1105920K)], 0.4870309 secs] [Times: user=2.27 sys=0.00, real=0.49 secs] 
5708.036: [GC (Allocation Failure) [PSYoungGen: 303616K->90241K(501248K)] 512506K->299131K(1899520K), 0.1488534 secs] [Times: user=0.80 sys=0.00, real=0.15 secs] 
5709.714: [GC (Allocation Failure) [PSYoungGen: 392800K->139632K(498688K)] 601690K->435024K(1896960K), 0.0740899 secs] [Times: user=0.44 sys=0.00, real=0.08 secs] 
5711.363: [GC (Allocation Failure) [PSYoungGen: 444272K->102928K(500224K)] 739664K->529480K(1898496K), 0.0616347 secs] [Times: user=0.37 sys=0.00, real=0.06 secs] 
5713.153: [GC (Allocation Failure) [PSYoungGen: 407568K->140576K(501248K)] 834120K->666616K(1899520K), 0.0488617 secs] [Times: user=0.29 sys=0.00, real=0.05 secs] 
5716.786: [GC (Allocation Failure) [PSYoungGen: 449824K->101904K(501248K)] 975864K->759285K(1899520K), 0.0626945 secs] [Times: user=0.37 sys=0.00, real=0.07 secs] 
5719.276: [GC (Allocation Failure) [PSYoungGen: 411152K->144240K(502272K)] 1068533K->900042K(1900544K), 0.0502360 secs] [Times: user=0.30 sys=0.00, real=0.05 secs] 
5720.494: [GC (Allocation Failure) [PSYoungGen: 457584K->104256K(503808K)] 1213386K->995489K(1902080K), 0.0638825 secs] [Times: user=0.38 sys=0.00, real=0.07 secs] 
5722.606: [GC (Allocation Failure) [PSYoungGen: 417600K->146432K(504320K)] 1308833K->1138862K(1902592K), 0.0524359 secs] [Times: user=0.31 sys=0.00, real=0.06 secs] 
5723.770: [GC (Allocation Failure) [PSYoungGen: 463360K->107952K(506880K)] 1455790K->1237755K(1905152K), 0.0656341 secs] [Times: user=0.39 sys=0.00, real=0.06 secs] 
5727.456: [GC (Allocation Failure) [PSYoungGen: 424880K->145600K(505856K)] 1554683K->1379375K(1904128K), 0.0526752 secs] [Times: user=0.31 sys=0.00, real=0.06 secs] 
5727.509: [Full GC (Ergonomics) [PSYoungGen: 145600K->0K(505856K)] [ParOldGen: 1233775K->186222K(1398272K)] 1379375K->186222K(1904128K), [Metaspace: 59734K->59734K(1105920K)], 0.4780325 secs] [Times: user=2.23 sys=0.00, real=0.47 secs] 
5729.112: [GC (Allocation Failure) [PSYoungGen: 319488K->107024K(507904K)] 505710K->293246K(1906176K), 0.0329646 secs] [Times: user=0.18 sys=0.00, real=0.03 secs] 
5731.558: [GC (Allocation Failure) [PSYoungGen: 426512K->150816K(504832K)] 612734K->440579K(1903104K), 0.0523931 secs] [Times: user=0.31 sys=0.01, real=0.05 secs] 
5734.572: [GC (Allocation Failure) [PSYoungGen: 470816K->105072K(508928K)] 760579K->536864K(1907200K), 0.1690365 secs] [Times: user=1.01 sys=0.00, real=0.17 secs] 
5736.427: [GC (Allocation Failure) [PSYoungGen: 425072K->149216K(506368K)] 856864K->682068K(1904640K), 0.0511817 secs] [Times: user=0.30 sys=0.00, real=0.05 secs] 
5739.080: [GC (Allocation Failure) [PSYoungGen: 469216K->106096K(509440K)] 1002068K->779333K(1907712K), 0.1397119 secs] [Times: user=0.82 sys=0.01, real=0.14 secs] 
5739.888: [GC (Allocation Failure) [PSYoungGen: 413449K->144320K(508928K)] 1086686K->920041K(1907200K), 0.0511352 secs] [Times: user=0.31 sys=0.00, real=0.05 secs] 
5742.029: [GC (Allocation Failure) [PSYoungGen: 466368K->105344K(427520K)] 1242089K->1016841K(1825792K), 0.1289952 secs] [Times: user=0.76 sys=0.01, real=0.13 secs] 
5743.190: [GC (Allocation Failure) [PSYoungGen: 411515K->145424K(507904K)] 1323013K->1158503K(1906176K), 0.0518382 secs] [Times: user=0.31 sys=0.00, real=0.05 secs] 
5745.474: [GC (Allocation Failure) [PSYoungGen: 467984K->108576K(509440K)] 1481063K->1258610K(1907712K), 0.1598639 secs] [Times: user=0.94 sys=0.00, real=0.16 secs] 
5746.218: [GC (Allocation Failure) [PSYoungGen: 431136K->183792K(416768K)] 1581170K->1439872K(1815040K), 0.0542595 secs] [Times: user=0.32 sys=0.01, real=0.05 secs] 
5746.272: [Full GC (Ergonomics) [PSYoungGen: 183792K->0K(416768K)] [ParOldGen: 1256079K->205794K(1398272K)] 1439872K->205794K(1815040K), [Metaspace: 59737K->59737K(1105920K)], 0.4795271 secs] [Times: user=2.23 sys=0.00, real=0.48 secs] 
5748.328: [GC (Allocation Failure) [PSYoungGen: 232960K->60880K(465920K)] 438754K->266675K(1864192K), 0.0604822 secs] [Times: user=0.37 sys=0.00, real=0.06 secs] 
5750.019: [GC (Allocation Failure) [PSYoungGen: 293840K->113408K(465920K)] 499635K->378062K(1864192K), 0.0672993 secs] [Times: user=0.39 sys=0.00, real=0.06 secs] 
5750.810: [GC (Allocation Failure) [PSYoungGen: 346368K->134512K(367616K)] 611022K->495511K(1765888K), 0.0858965 secs] [Times: user=0.50 sys=0.00, real=0.08 secs] 
5753.968: [GC (Allocation Failure) [PSYoungGen: 367472K->56992K(456192K)] 728471K->535982K(1854464K), 0.1497805 secs] [Times: user=0.89 sys=0.00, real=0.15 secs] 
5755.239: [GC (Allocation Failure) [PSYoungGen: 286880K->108992K(459264K)] 765870K->640707K(1857536K), 0.0369373 secs] [Times: user=0.22 sys=0.00, real=0.03 secs] 
5757.527: [GC (Allocation Failure) [PSYoungGen: 338880K->98848K(461824K)] 870595K->730511K(1860096K), 0.0559640 secs] [Times: user=0.33 sys=0.00, real=0.05 secs] 
5760.212: [GC (Allocation Failure) [PSYoungGen: 346656K->78384K(463360K)] 978319K->808296K(1861632K), 0.0918423 secs] [Times: user=0.54 sys=0.00, real=0.09 secs] 
5760.500: [GC (Allocation Failure) [PSYoungGen: 326192K->120320K(467456K)] 1056104K->922744K(1865728K), 0.0467853 secs] [Times: user=0.28 sys=0.00, real=0.04 secs] 
5761.971: [GC (Allocation Failure) [PSYoungGen: 390144K->77248K(475136K)] 1192568K->999416K(1873408K), 0.0547147 secs] [Times: user=0.32 sys=0.00, real=0.05 secs] 
5763.615: [GC (Allocation Failure) [PSYoungGen: 347072K->125472K(482816K)] 1269240K->1121928K(1881088K), 0.0722999 secs] [Times: user=0.43 sys=0.00, real=0.08 secs] 
5767.179: [GC (Allocation Failure) [PSYoungGen: 416288K->97248K(489472K)] 1412744K->1210397K(1887744K), 0.0638510 secs] [Times: user=0.38 sys=0.00, real=0.06 secs] 
5770.022: [GC (Allocation Failure) [PSYoungGen: 388064K->126144K(494080K)] 1501213K->1334829K(1892352K), 0.0661675 secs] [Times: user=0.37 sys=0.00, real=0.07 secs] 
5772.490: [GC (Allocation Failure) [PSYoungGen: 433344K->119808K(497664K)] 1642029K->1445385K(1895936K), 0.0635816 secs] [Times: user=0.38 sys=0.00, real=0.06 secs] 
5772.553: [Full GC (Ergonomics) [PSYoungGen: 119808K->0K(497664K)] [ParOldGen: 1325577K->250470K(1398272K)] 1445385K->250470K(1895936K), [Metaspace: 59737K->59737K(1105920K)], 0.5401834 secs] [Times: user=2.38 sys=0.00, real=0.54 secs] 
5775.534: [GC (Allocation Failure) [PSYoungGen: 307200K->122288K(502272K)] 557670K->372759K(1900544K), 0.0352971 secs] [Times: user=0.20 sys=0.00, real=0.04 secs] 
5776.715: [GC (Allocation Failure) [PSYoungGen: 445872K->126720K(504320K)] 696343K->488875K(1902592K), 0.0627569 secs] [Times: user=0.37 sys=0.00, real=0.07 secs] 
5779.016: [GC (Allocation Failure) [PSYoungGen: 450304K->132624K(518144K)] 812459K->620940K(1916416K), 0.0677283 secs] [Times: user=0.40 sys=0.00, real=0.07 secs] 
5781.387: [GC (Allocation Failure) [PSYoungGen: 472080K->4672K(344576K)] 960396K->493039K(1742848K), 0.0037785 secs] [Times: user=0.02 sys=0.00, real=0.00 secs] 
5783.637: [GC (Allocation Failure) [PSYoungGen: 344128K->149728K(492032K)] 832495K->641048K(1890304K), 0.0310075 secs] [Times: user=0.18 sys=0.00, real=0.03 secs] 
5785.001: [GC (Allocation Failure) [PSYoungGen: 450272K->103792K(499712K)] 941592K->736001K(1897984K), 0.0664922 secs] [Times: user=0.39 sys=0.00, real=0.07 secs] 
5788.422: [GC (Allocation Failure) [PSYoungGen: 404336K->134720K(498688K)] 1036545K->868529K(1896960K), 0.0551191 secs] [Times: user=0.32 sys=0.00, real=0.06 secs] 
5789.673: [GC (Allocation Failure) [PSYoungGen: 441920K->109840K(499712K)] 1175729K->968718K(1897984K), 0.0663757 secs] [Times: user=0.39 sys=0.00, real=0.07 secs] 
5792.414: [GC (Allocation Failure) [PSYoungGen: 417040K->133712K(498688K)] 1275918K->1101027K(1896960K), 0.0596812 secs] [Times: user=0.35 sys=0.00, real=0.06 secs] 
5794.636: [GC (Allocation Failure) [PSYoungGen: 447568K->115232K(499712K)] 1414883K->1206954K(1897984K), 0.0647520 secs] [Times: user=0.39 sys=0.00, real=0.07 secs] 
5796.867: [GC (Allocation Failure) [PSYoungGen: 429088K->135648K(505344K)] 1520810K->1341519K(1903616K), 0.0626480 secs] [Times: user=0.37 sys=0.00, real=0.06 secs] 
5796.930: [Full GC (Ergonomics) [PSYoungGen: 135648K->0K(505344K)] [ParOldGen: 1205871K->150334K(1398272K)] 1341519K->150334K(1903616K), [Metaspace: 59737K->59737K(1105920K)], 0.3535541 secs] [Times: user=1.62 sys=0.00, real=0.35 secs] 
5799.278: [GC (Allocation Failure) [PSYoungGen: 326656K->114080K(506880K)] 476990K->264414K(1905152K), 0.0404464 secs] [Times: user=0.24 sys=0.00, real=0.04 secs] 
5801.982: [GC (Allocation Failure) [PSYoungGen: 440736K->153424K(506880K)] 591070K->416535K(1905152K), 0.0582611 secs] [Times: user=0.34 sys=0.00, real=0.06 secs] 
5803.370: [GC (Allocation Failure) [PSYoungGen: 485712K->114496K(514560K)] 748823K->513459K(1912832K), 0.0662496 secs] [Times: user=0.40 sys=0.00, real=0.06 secs] 
5806.001: [GC (Allocation Failure) [PSYoungGen: 446784K->152496K(508416K)] 845747K->663704K(1906688K), 0.0551040 secs] [Times: user=0.32 sys=0.00, real=0.05 secs] 
5807.985: [GC (Allocation Failure) [PSYoungGen: 483760K->115104K(515072K)] 994968K->769396K(1913344K), 0.0713288 secs] [Times: user=0.42 sys=0.00, real=0.07 secs] 
5809.819: [GC (Allocation Failure) [PSYoungGen: 446368K->153936K(507904K)] 1100660K->920089K(1906176K), 0.0556019 secs] [Times: user=0.33 sys=0.00, real=0.05 secs] 
5812.695: [GC (Allocation Failure) [PSYoungGen: 483152K->106320K(514048K)] 1249305K->1017725K(1912320K), 0.1617034 secs] [Times: user=0.97 sys=0.00, real=0.17 secs] 
5813.853: [GC (GCLocker Initiated GC) [PSYoungGen: 435536K->155632K(504320K)] 1346941K->1169634K(1902592K), 0.0529350 secs] [Times: user=0.31 sys=0.00, real=0.05 secs] 
5816.849: [GC (Allocation Failure) [PSYoungGen: 477680K->99792K(510464K)] 1491686K->1268670K(1908736K), 0.1768423 secs] [Times: user=1.06 sys=0.00, real=0.17 secs] 
5818.171: [GC (Allocation Failure) [PSYoungGen: 421840K->153984K(502784K)] 1590718K->1416314K(1901056K), 0.0567557 secs] [Times: user=0.34 sys=0.00, real=0.06 secs] 
5818.228: [Full GC (Ergonomics) [PSYoungGen: 153984K->0K(502784K)] [ParOldGen: 1262330K->214520K(1398272K)] 1416314K->214520K(1901056K), [Metaspace: 59737K->59737K(1105920K)], 0.5044095 secs] [Times: user=2.35 sys=0.00, real=0.50 secs] 
5821.317: [GC (Allocation Failure) [PSYoungGen: 315904K->95568K(507392K)] 530424K->310089K(1905664K), 0.1549107 secs] [Times: user=0.91 sys=0.00, real=0.15 secs] 
5821.819: [GC (Allocation Failure) [PSYoungGen: 411472K->170704K(486912K)] 625993K->474418K(1885184K), 0.0545240 secs] [Times: user=0.33 sys=0.00, real=0.05 secs] 
5824.926: [GC (Allocation Failure) [PSYoungGen: 467152K->85872K(497664K)] 770866K->543574K(1895936K), 0.1314269 secs] [Times: user=0.78 sys=0.00, real=0.14 secs] 
5825.504: [GC (Allocation Failure) [PSYoungGen: 382320K->145184K(497664K)] 840022K->682438K(1895936K), 0.0520675 secs] [Times: user=0.31 sys=0.00, real=0.05 secs] 
5828.929: [GC (Allocation Failure) [PSYoungGen: 441632K->85488K(381952K)] 978886K->767703K(1780224K), 0.1275156 secs] [Times: user=0.76 sys=0.00, real=0.12 secs] 
5830.119: [GC (Allocation Failure) [PSYoungGen: 381936K->140912K(498176K)] 1064151K->904996K(1896448K), 0.0472671 secs] [Times: user=0.28 sys=0.00, real=0.04 secs] 
5832.729: [GC (Allocation Failure) [PSYoungGen: 438384K->96128K(393728K)] 1202468K->992459K(1792000K), 0.0633961 secs] [Times: user=0.36 sys=0.01, real=0.06 secs] 
5834.766: [GC (Allocation Failure) [PSYoungGen: 393600K->137360K(497152K)] 1289931K->1126573K(1895424K), 0.0488282 secs] [Times: user=0.28 sys=0.00, real=0.05 secs] 
5836.870: [GC (Allocation Failure) [PSYoungGen: 437392K->104176K(495616K)] 1426605K->1221469K(1893888K), 0.0641288 secs] [Times: user=0.38 sys=0.00, real=0.06 secs] 
5838.439: [GC (Allocation Failure) [PSYoungGen: 404208K->135264K(499712K)] 1521501K->1354501K(1897984K), 0.0522804 secs] [Times: user=0.31 sys=0.00, real=0.05 secs] 
5838.491: [Full GC (Ergonomics) [PSYoungGen: 135264K->0K(499712K)] [ParOldGen: 1219237K->161187K(1398272K)] 1354501K->161187K(1897984K), [Metaspace: 59737K->59737K(1105920K)], 0.3758297 secs] [Times: user=1.73 sys=0.00, real=0.38 secs] 
5840.729: [GC (Allocation Failure) [PSYoungGen: 308224K->108432K(497664K)] 469411K->269619K(1895936K), 0.0390965 secs] [Times: user=0.23 sys=0.00, real=0.04 secs] 
5841.650: [GC (Allocation Failure) [PSYoungGen: 416656K->139616K(502784K)] 577843K->408200K(1901056K), 0.0559451 secs] [Times: user=0.32 sys=0.00, real=0.05 secs] 
5843.640: [GC (Allocation Failure) [PSYoungGen: 457056K->110736K(503296K)] 725640K->509749K(1901568K), 0.0648483 secs] [Times: user=0.39 sys=0.00, real=0.06 secs] 
5845.943: [GC (Allocation Failure) [PSYoungGen: 428176K->160032K(500736K)] 827189K->668009K(1899008K), 0.0545042 secs] [Times: user=0.32 sys=0.00, real=0.06 secs] 
5847.143: [GC (Allocation Failure) [PSYoungGen: 479008K->111760K(508928K)] 986985K->754090K(1907200K), 0.0650749 secs] [Times: user=0.38 sys=0.00, real=0.07 secs] 
5849.484: [GC (Allocation Failure) [PSYoungGen: 430736K->144960K(507904K)] 1073066K->896694K(1906176K), 0.0541472 secs] [Times: user=0.32 sys=0.00, real=0.06 secs] 
5851.372: [GC (Allocation Failure) [PSYoungGen: 468032K->110016K(510464K)] 1219766K->997366K(1908736K), 0.0651048 secs] [Times: user=0.39 sys=0.00, real=0.07 secs] 
5853.942: [GC (Allocation Failure) [PSYoungGen: 433088K->149088K(506880K)] 1320438K->1143747K(1905152K), 0.0544973 secs] [Times: user=0.33 sys=0.00, real=0.05 secs] 
5855.520: [GC (Allocation Failure) [PSYoungGen: 472160K->110224K(510464K)] 1466819K->1245196K(1908736K), 0.0673508 secs] [Times: user=0.40 sys=0.01, real=0.07 secs] 
5858.557: [GC (Allocation Failure) [PSYoungGen: 433296K->148544K(508416K)] 1568268K->1389920K(1906688K), 0.0535224 secs] [Times: user=0.32 sys=0.00, real=0.05 secs] 
5858.611: [Full GC (Ergonomics) [PSYoungGen: 148544K->0K(508416K)] [ParOldGen: 1241376K->186667K(1398272K)] 1389920K->186667K(1906688K), [Metaspace: 59737K->59737K(1105920K)], 0.4596361 secs] [Times: user=2.15 sys=0.00, real=0.46 secs] 
5860.181: [GC (Allocation Failure) [PSYoungGen: 324608K->112048K(511488K)] 511275K->298715K(1909760K), 0.0331826 secs] [Times: user=0.19 sys=0.00, real=0.03 secs] 
5861.368: [GC (Allocation Failure) [PSYoungGen: 436332K->148144K(508928K)] 622999K->443317K(1907200K), 0.0532637 secs] [Times: user=0.32 sys=0.00, real=0.05 secs] 
5863.782: [GC (Allocation Failure) [PSYoungGen: 473776K->111216K(511488K)] 768949K->545329K(1909760K), 0.1170461 secs] [Times: user=0.70 sys=0.00, real=0.12 secs] 
5864.427: [GC (Allocation Failure) [PSYoungGen: 436848K->155520K(505344K)] 870961K->697193K(1903616K), 0.0534128 secs] [Times: user=0.31 sys=0.00, real=0.06 secs] 
5869.655: [GC (Allocation Failure) [PSYoungGen: 477568K->94416K(510464K)] 1019241K->791414K(1908736K), 0.1708388 secs] [Times: user=1.02 sys=0.00, real=0.17 secs] 
5870.290: [GC (Allocation Failure) [PSYoungGen: 416464K->156352K(500224K)] 1113462K->941557K(1898496K), 0.0556085 secs] [Times: user=0.33 sys=0.01, real=0.05 secs] 
5873.042: [GC (Allocation Failure) [PSYoungGen: 468160K->95216K(505344K)] 1253365K->1036621K(1903616K), 0.1451559 secs] [Times: user=0.79 sys=0.00, real=0.15 secs] 
5873.877: [GC (Allocation Failure) [PSYoungGen: 407024K->148400K(502272K)] 1348429K->1178377K(1900544K), 0.1049520 secs] [Times: user=0.60 sys=0.02, real=0.10 secs] 
5876.548: [GC (Allocation Failure) [PSYoungGen: 458160K->94064K(504320K)] 1488137K->1271981K(1902592K), 0.1612538 secs] [Times: user=0.96 sys=0.00, real=0.16 secs] 
5877.041: [GC (Allocation Failure) [PSYoungGen: 403824K->150752K(499200K)] 1581741K->1416629K(1897472K), 0.0551268 secs] [Times: user=0.33 sys=0.00, real=0.05 secs] 
5877.096: [Full GC (Ergonomics) [PSYoungGen: 150752K->0K(499200K)] [ParOldGen: 1265877K->216162K(1398272K)] 1416629K->216162K(1897472K), [Metaspace: 59741K->59741K(1105920K)], 0.5092159 secs] [Times: user=2.37 sys=0.00, real=0.51 secs] 
5880.554: [GC (Allocation Failure) [PSYoungGen: 305664K->89088K(502272K)] 521826K->305250K(1900544K), 0.1410853 secs] [Times: user=0.84 sys=0.00, real=0.14 secs] 
5881.067: [GC (Allocation Failure) [PSYoungGen: 394752K->147488K(499712K)] 610914K->447015K(1897984K), 0.0518039 secs] [Times: user=0.31 sys=0.00, real=0.05 secs] 
5884.458: [GC (Allocation Failure) [PSYoungGen: 451104K->89600K(501248K)] 750631K->536027K(1899520K), 0.1643161 secs] [Times: user=0.98 sys=0.00, real=0.16 secs] 
5885.504: [GC (Allocation Failure) [PSYoungGen: 393216K->141360K(499712K)] 839643K->673292K(1897984K), 0.0493984 secs] [Times: user=0.29 sys=0.00, real=0.05 secs] 
5890.121: [GC (Allocation Failure) [PSYoungGen: 446000K->97744K(500736K)] 977932K->761956K(1899008K), 0.1413712 secs] [Times: user=0.84 sys=0.00, real=0.14 secs] 
5892.089: [GC (Allocation Failure) [PSYoungGen: 402384K->143808K(500224K)] 1066596K->902293K(1898496K), 0.0684288 secs] [Times: user=0.41 sys=0.00, real=0.07 secs] 
5894.024: [GC (Allocation Failure) [PSYoungGen: 450496K->102192K(501248K)] 1208981K->996065K(1899520K), 0.0637553 secs] [Times: user=0.38 sys=0.00, real=0.07 secs] 
5895.626: [GC (Allocation Failure) [PSYoungGen: 408880K->141968K(501760K)] 1302753K->1134698K(1900032K), 0.0508015 secs] [Times: user=0.30 sys=0.01, real=0.06 secs] 
5897.275: [GC (Allocation Failure) [PSYoungGen: 452240K->106416K(502272K)] 1444970K->1231290K(1900544K), 0.0647855 secs] [Times: user=0.38 sys=0.01, real=0.07 secs] 
5898.367: [GC (Allocation Failure) [PSYoungGen: 416688K->152304K(498688K)] 1541562K->1380975K(1896960K), 0.0531012 secs] [Times: user=0.31 sys=0.01, real=0.05 secs] 
5898.420: [Full GC (Ergonomics) [PSYoungGen: 152304K->0K(498688K)] [ParOldGen: 1228670K->180066K(1398272K)] 1380975K->180066K(1896960K), [Metaspace: 59741K->59741K(1105920K)], 0.4317529 secs] [Times: user=2.00 sys=0.00, real=0.43 secs] 
5900.122: [GC (Allocation Failure) [PSYoungGen: 310784K->106080K(503296K)] 490850K->286146K(1901568K), 0.0333970 secs] [Times: user=0.19 sys=0.00, real=0.03 secs] 
5902.234: [GC (GCLocker Initiated GC) [PSYoungGen: 416864K->142576K(506368K)] 596930K->426299K(1904640K), 0.0525668 secs] [Times: user=0.31 sys=0.00, real=0.06 secs] 
5903.659: [GC (Allocation Failure) [PSYoungGen: 460016K->107200K(424960K)] 745791K->526166K(1823232K), 0.0903782 secs] [Times: user=0.51 sys=0.02, real=0.09 secs] 
5905.827: [GC (Allocation Failure) [PSYoungGen: 424640K->148112K(503296K)] 843606K->673004K(1901568K), 0.0526810 secs] [Times: user=0.31 sys=0.00, real=0.05 secs] 
5907.981: [GC (Allocation Failure) [PSYoungGen: 465040K->106208K(506368K)] 989932K->770255K(1904640K), 0.0657869 secs] [Times: user=0.39 sys=0.00, real=0.06 secs] 
5910.610: [GC (Allocation Failure) [PSYoungGen: 423136K->145408K(507904K)] 1087183K->912084K(1906176K), 0.0526965 secs] [Times: user=0.31 sys=0.00, real=0.05 secs] 
5913.367: [GC (Allocation Failure) [PSYoungGen: 466944K->108000K(509440K)] 1233620K->1011360K(1907712K), 0.0723458 secs] [Times: user=0.43 sys=0.00, real=0.07 secs] 
5915.617: [GC (Allocation Failure) [PSYoungGen: 429536K->150736K(505344K)] 1332896K->1158762K(1903616K), 0.0534054 secs] [Times: user=0.32 sys=0.00, real=0.05 secs] 
5916.997: [GC (Allocation Failure) [PSYoungGen: 471248K->107808K(509440K)] 1479274K->1257833K(1907712K), 0.0702723 secs] [Times: user=0.42 sys=0.00, real=0.07 secs] 
5918.970: [GC (Allocation Failure) [PSYoungGen: 421335K->146624K(508928K)] 1571361K->1400902K(1907200K), 0.0531718 secs] [Times: user=0.31 sys=0.01, real=0.05 secs] 
5919.024: [Full GC (Ergonomics) [PSYoungGen: 146624K->0K(508928K)] [ParOldGen: 1254278K->196624K(1398272K)] 1400902K->196624K(1907200K), [Metaspace: 59741K->59741K(1105920K)], 0.4721577 secs] [Times: user=2.20 sys=0.00, real=0.47 secs] 
5921.920: [GC (Allocation Failure) [PSYoungGen: 323072K->108704K(432128K)] 519696K->305328K(1830400K), 0.0971113 secs] [Times: user=0.55 sys=0.00, real=0.10 secs] 
5922.868: [GC (Allocation Failure) [PSYoungGen: 431776K->151840K(505856K)] 628400K->453605K(1904128K), 0.0517999 secs] [Times: user=0.31 sys=0.00, real=0.05 secs] 
5927.086: [GC (Allocation Failure) [PSYoungGen: 472762K->94704K(509952K)] 774528K->547514K(1908224K), 0.1618229 secs] [Times: user=0.97 sys=0.00, real=0.17 secs] 
5927.813: [GC (Allocation Failure) [PSYoungGen: 415728K->151952K(503296K)] 868538K->695607K(1901568K), 0.0560711 secs] [Times: user=0.33 sys=0.00, real=0.06 secs] 
5930.975: [GC (Allocation Failure) [PSYoungGen: 466832K->93648K(506880K)] 1010487K->788523K(1905152K), 0.1686548 secs] [Times: user=1.00 sys=0.00, real=0.17 secs] 
5931.672: [GC (Allocation Failure) [PSYoungGen: 408528K->153632K(499200K)] 1103403K->936295K(1897472K), 0.0545650 secs] [Times: user=0.32 sys=0.00, real=0.05 secs] 
5933.652: [GC (Allocation Failure) [PSYoungGen: 461344K->93184K(503296K)] 1244007K->1029167K(1901568K), 0.1604051 secs] [Times: user=0.95 sys=0.01, real=0.16 secs] 
5934.717: [GC (Allocation Failure) [PSYoungGen: 400896K->147904K(500224K)] 1336879K->1170772K(1898496K), 0.0547502 secs] [Times: user=0.33 sys=0.00, real=0.05 secs] 
5936.410: [GC (Allocation Failure) [PSYoungGen: 450358K->93232K(502272K)] 1473227K->1262869K(1900544K), 0.1143970 secs] [Times: user=0.68 sys=0.01, real=0.11 secs] 
5936.825: [GC (Allocation Failure) [PSYoungGen: 388550K->138464K(498688K)] 1558186K->1397653K(1896960K), 0.0504671 secs] [Times: user=0.29 sys=0.00, real=0.05 secs] 
5936.876: [Full GC (Ergonomics) [PSYoungGen: 138464K->0K(498688K)] [ParOldGen: 1259189K->195836K(1398272K)] 1397653K->195836K(1896960K), [Metaspace: 59741K->59741K(1105920K)], 0.4829652 secs] [Times: user=2.25 sys=0.00, real=0.49 secs] 
5939.041: [GC (Allocation Failure) [PSYoungGen: 307200K->101248K(500736K)] 503036K->297084K(1899008K), 0.0305636 secs] [Times: user=0.18 sys=0.00, real=0.03 secs] 
5940.458: [GC (Allocation Failure) [PSYoungGen: 408448K->145152K(502272K)] 604284K->439093K(1900544K), 0.0491540 secs] [Times: user=0.29 sys=0.00, real=0.05 secs] 
5943.239: [GC (Allocation Failure) [PSYoungGen: 456960K->101568K(504320K)] 750901K->532181K(1902592K), 0.0945397 secs] [Times: user=0.56 sys=0.00, real=0.09 secs] 
5945.135: [GC (Allocation Failure) [PSYoungGen: 413376K->156336K(497152K)] 843989K->684284K(1895424K), 0.0504978 secs] [Times: user=0.30 sys=0.00, real=0.05 secs] 
5946.310: [GC (Allocation Failure) [PSYoungGen: 464048K->104128K(503296K)] 991996K->771244K(1901568K), 0.0652661 secs] [Times: user=0.38 sys=0.00, real=0.06 secs] 
5947.927: [GC (Allocation Failure) [PSYoungGen: 411840K->142784K(501760K)] 1078956K->910801K(1900032K), 0.0506711 secs] [Times: user=0.29 sys=0.00, real=0.05 secs] 
5950.374: [GC (Allocation Failure) [PSYoungGen: 454080K->102800K(503808K)] 1222097K->1004285K(1902080K), 0.0816907 secs] [Times: user=0.49 sys=0.00, real=0.08 secs] 
5952.187: [GC (Allocation Failure) [PSYoungGen: 414096K->143776K(504320K)] 1315581K->1144425K(1902592K), 0.0510408 secs] [Times: user=0.30 sys=0.00, real=0.05 secs] 
5954.030: [GC (GCLocker Initiated GC) [PSYoungGen: 458656K->108688K(505344K)] 1459306K->1243943K(1903616K), 0.0650484 secs] [Times: user=0.39 sys=0.00, real=0.06 secs] 
5956.194: [GC (Allocation Failure) [PSYoungGen: 423568K->144672K(504320K)] 1558878K->1385262K(1902592K), 0.0534141 secs] [Times: user=0.31 sys=0.00, real=0.06 secs] 
5956.248: [Full GC (Ergonomics) [PSYoungGen: 144672K->0K(504320K)] [ParOldGen: 1240590K->184845K(1398272K)] 1385262K->184845K(1902592K), [Metaspace: 59741K->59741K(1105920K)], 0.4451372 secs] [Times: user=2.08 sys=0.00, real=0.44 secs] 
5958.867: [GC (Allocation Failure) [PSYoungGen: 317440K->107072K(505856K)] 502285K->291917K(1904128K), 0.0330549 secs] [Times: user=0.19 sys=0.00, real=0.03 secs] 
5960.485: [GC (Allocation Failure) [PSYoungGen: 424512K->150048K(505344K)] 609357K->438381K(1903616K), 0.0527834 secs] [Times: user=0.31 sys=0.00, real=0.06 secs] 
5962.514: [GC (Allocation Failure) [PSYoungGen: 470048K->108704K(508928K)] 758381K->538238K(1907200K), 0.0846051 secs] [Times: user=0.50 sys=0.00, real=0.09 secs] 
5965.144: [GC (Allocation Failure) [PSYoungGen: 428704K->146928K(508416K)] 858238K->681347K(1906688K), 0.0520268 secs] [Times: user=0.31 sys=0.00, real=0.05 secs] 
5967.358: [GC (Allocation Failure) [PSYoungGen: 469488K->108160K(431104K)] 1003907K->780154K(1829376K), 0.1000253 secs] [Times: user=0.59 sys=0.01, real=0.10 secs] 
5968.793: [GC (Allocation Failure) [PSYoungGen: 416361K->145424K(508416K)] 1088356K->921188K(1906688K), 0.0522198 secs] [Times: user=0.31 sys=0.00, real=0.05 secs] 
5971.945: [GC (Allocation Failure) [PSYoungGen: 469008K->107200K(509952K)] 1244772K->1019599K(1908224K), 0.0973923 secs] [Times: user=0.57 sys=0.01, real=0.10 secs] 
5973.431: [GC (Allocation Failure) [PSYoungGen: 430784K->152112K(506880K)] 1343183K->1167853K(1905152K), 0.0536095 secs] [Times: user=0.32 sys=0.00, real=0.05 secs] 
5976.647: [GC (Allocation Failure) [PSYoungGen: 475184K->96112K(510976K)] 1490925K->1263285K(1909248K), 0.1764077 secs] [Times: user=1.05 sys=0.00, real=0.17 secs] 
5977.599: [GC (Allocation Failure) [PSYoungGen: 419184K->152960K(503296K)] 1586357K->1411669K(1901568K), 0.0564029 secs] [Times: user=0.33 sys=0.00, real=0.05 secs] 
5977.656: [Full GC (Ergonomics) [PSYoungGen: 152960K->0K(503296K)] [ParOldGen: 1258709K->209497K(1398272K)] 1411669K->209497K(1901568K), [Metaspace: 59741K->59741K(1105920K)], 0.4942114 secs] [Times: user=2.30 sys=0.01, real=0.50 secs] 
5980.422: [GC (Allocation Failure) [PSYoungGen: 315904K->105328K(507392K)] 525401K->314826K(1905664K), 0.1686323 secs] [Times: user=1.01 sys=0.00, real=0.17 secs] 
5981.506: [GC (Allocation Failure) [PSYoungGen: 421232K->188912K(421888K)] 630730K->500828K(1820160K), 0.0581673 secs] [Times: user=0.34 sys=0.00, real=0.06 secs] 
5982.614: [GC (Allocation Failure) [PSYoungGen: 421872K->59744K(465920K)] 733788K->510731K(1864192K), 0.0693548 secs] [Times: user=0.41 sys=0.00, real=0.07 secs] 
5985.575: [GC (Allocation Failure) [PSYoungGen: 292704K->105424K(465920K)] 743691K->613505K(1864192K), 0.0500242 secs] [Times: user=0.30 sys=0.00, real=0.05 secs] 
5985.782: [GC (Allocation Failure) [PSYoungGen: 338384K->120096K(353280K)] 846465K->723992K(1751552K), 0.0542378 secs] [Times: user=0.32 sys=0.00, real=0.05 secs] 
5987.674: [GC (Allocation Failure) [PSYoungGen: 353056K->57088K(463872K)] 956952K->781112K(1862144K), 0.1285768 secs] [Times: user=0.76 sys=0.00, real=0.13 secs] 
5988.521: [GC (Allocation Failure) [PSYoungGen: 289024K->112704K(345088K)] 1013048K->888305K(1743360K), 0.0717579 secs] [Times: user=0.42 sys=0.00, real=0.07 secs] 
5991.117: [GC (Allocation Failure) [PSYoungGen: 344640K->88160K(463360K)] 1120241K->967921K(1861632K), 0.0568996 secs] [Times: user=0.34 sys=0.00, real=0.05 secs] 
5992.593: [GC (Allocation Failure) [PSYoungGen: 326752K->84256K(458752K)] 1206513K->1051969K(1857024K), 0.0787482 secs] [Times: user=0.45 sys=0.01, real=0.08 secs] 
5992.852: [GC (Allocation Failure) [PSYoungGen: 322848K->117200K(469504K)] 1290561K->1162943K(1867776K), 0.0503999 secs] [Times: user=0.29 sys=0.00, real=0.05 secs] 
5994.785: [GC (Allocation Failure) [PSYoungGen: 380368K->73696K(469504K)] 1426111K->1236254K(1867776K), 0.1446686 secs] [Times: user=0.86 sys=0.00, real=0.15 secs] 
5996.118: [GC (Allocation Failure) [PSYoungGen: 336864K->124352K(486400K)] 1499422K->1357237K(1884672K), 0.0532782 secs] [Times: user=0.32 sys=0.00, real=0.05 secs] 
5997.933: [GC (Allocation Failure) [PSYoungGen: 412608K->99888K(488448K)] 1645493K->1448414K(1886720K), 0.0617270 secs] [Times: user=0.37 sys=0.00, real=0.06 secs] 
5997.994: [Full GC (Ergonomics) [PSYoungGen: 99888K->0K(488448K)] [ParOldGen: 1348525K->17511K(1398272K)] 1448414K->17511K(1886720K), [Metaspace: 59741K->59741K(1105920K)], 0.0286007 secs] [Times: user=0.06 sys=0.00, real=0.03 secs] 
6000.164: [GC (Allocation Failure) [PSYoungGen: 288256K->147552K(488960K)] 305767K->165063K(1887232K), 0.0348096 secs] [Times: user=0.20 sys=0.01, real=0.04 secs] 
6001.950: [GC (Allocation Failure) [PSYoungGen: 442976K->124416K(494080K)] 460487K->255415K(1892352K), 0.0616153 secs] [Times: user=0.36 sys=0.00, real=0.06 secs] 
6004.628: [GC (Allocation Failure) [PSYoungGen: 419840K->107808K(486400K)] 550839K->362919K(1884672K), 0.0852298 secs] [Times: user=0.48 sys=0.03, real=0.08 secs] 
6006.899: [GC (Allocation Failure) [PSYoungGen: 413984K->140928K(493568K)] 669095K->492660K(1891840K), 0.0619405 secs] [Times: user=0.36 sys=0.00, real=0.06 secs] 
6009.675: [GC (Allocation Failure) [PSYoungGen: 447104K->101312K(504832K)] 798836K->593852K(1903104K), 0.0953300 secs] [Times: user=0.56 sys=0.00, real=0.10 secs] 
6010.999: [GC (Allocation Failure) [PSYoungGen: 422848K->147008K(506880K)] 915388K->729873K(1905152K), 0.0614821 secs] [Times: user=0.36 sys=0.00, real=0.06 secs] 
6012.777: [GC (Allocation Failure) [PSYoungGen: 468544K->110976K(506880K)] 1051409K->840925K(1905152K), 0.0916248 secs] [Times: user=0.54 sys=0.01, real=0.09 secs] 
6015.662: [GC (Allocation Failure) [PSYoungGen: 434560K->138080K(507904K)] 1164509K->967712K(1906176K), 0.0622966 secs] [Times: user=0.37 sys=0.00, real=0.06 secs] 
6018.367: [GC (Allocation Failure) [PSYoungGen: 461664K->119584K(502784K)] 1291296K->1087056K(1901056K), 0.0802712 secs] [Times: user=0.47 sys=0.00, real=0.08 secs] 
6020.397: [GC (Allocation Failure) [PSYoungGen: 449312K->928K(330752K)] 1416784K->968448K(1729024K), 0.0034025 secs] [Times: user=0.01 sys=0.01, real=0.01 secs] 
6022.989: [GC (Allocation Failure) [PSYoungGen: 330656K->135488K(502784K)] 1298176K->1103605K(1901056K), 0.0346479 secs] [Times: user=0.20 sys=0.00, real=0.03 secs] 
6024.554: [GC (Allocation Failure) [PSYoungGen: 445248K->2480K(312320K)] 1413365K->970789K(1710592K), 0.0036751 secs] [Times: user=0.01 sys=0.00, real=0.01 secs] 
6027.264: [GC (Allocation Failure) [PSYoungGen: 312240K->131136K(492032K)] 1280549K->1100506K(1890304K), 0.0398396 secs] [Times: user=0.23 sys=0.00, real=0.04 secs] 
6028.406: [GC (Allocation Failure) [PSYoungGen: 418368K->115712K(403456K)] 1387738K->1206522K(1801728K), 0.0637860 secs] [Times: user=0.38 sys=0.01, real=0.07 secs] 
6029.143: [GC (Allocation Failure) [PSYoungGen: 402944K->120864K(492032K)] 1493754K->1327442K(1890304K), 0.0544920 secs] [Times: user=0.32 sys=0.00, real=0.06 secs] 
6029.197: [Full GC (Ergonomics) [PSYoungGen: 120864K->0K(492032K)] [ParOldGen: 1206578K->126243K(1398272K)] 1327442K->126243K(1890304K), [Metaspace: 59741K->59741K(1105920K)], 0.2906135 secs] [Times: user=1.31 sys=0.00, real=0.29 secs] 
6032.860: [GC (Allocation Failure) [PSYoungGen: 291035K->172928K(464896K)] 417278K->299171K(1863168K), 0.0468171 secs] [Times: user=0.28 sys=0.00, real=0.05 secs] 
6035.089: [GC (Allocation Failure) [PSYoungGen: 464768K->88192K(492032K)] 591011K->350655K(1890304K), 0.1133676 secs] [Times: user=0.67 sys=0.00, real=0.11 secs] 
6035.470: [GC (Allocation Failure) [PSYoungGen: 367744K->136992K(486400K)] 630207K->481544K(1884672K), 0.0525512 secs] [Times: user=0.31 sys=0.00, real=0.05 secs] 
6039.046: [GC (Allocation Failure) [PSYoungGen: 416544K->76592K(488960K)] 761096K->558057K(1887232K), 0.1615471 secs] [Times: user=0.96 sys=0.00, real=0.17 secs] 
6039.611: [GC (Allocation Failure) [PSYoungGen: 347948K->132176K(486400K)] 829413K->683962K(1884672K), 0.0454213 secs] [Times: user=0.27 sys=0.00, real=0.05 secs] 
6041.869: [GC (Allocation Failure) [PSYoungGen: 414800K->90192K(487424K)] 966586K->765378K(1885696K), 0.0949271 secs] [Times: user=0.56 sys=0.01, real=0.09 secs] 
6043.779: [GC (Allocation Failure) [PSYoungGen: 382544K->144848K(489472K)] 1057730K->906775K(1887744K), 0.0468829 secs] [Times: user=0.28 sys=0.00, real=0.04 secs] 
6046.282: [GC (GCLocker Initiated GC) [PSYoungGen: 437200K->97360K(494080K)] 1199127K->986875K(1892352K), 0.0628452 secs] [Times: user=0.37 sys=0.00, real=0.06 secs] 
6048.124: [GC (Allocation Failure) [PSYoungGen: 397392K->143408K(495616K)] 1286910K->1128227K(1893888K), 0.0586216 secs] [Times: user=0.35 sys=0.00, real=0.06 secs] 
6050.477: [GC (Allocation Failure) [PSYoungGen: 443440K->109088K(491520K)] 1428259K->1219026K(1889792K), 0.0642713 secs] [Times: user=0.38 sys=0.00, real=0.07 secs] 
6052.477: [GC (Allocation Failure) [PSYoungGen: 413216K->130432K(495616K)] 1523154K->1348447K(1893888K), 0.0636407 secs] [Times: user=0.38 sys=0.00, real=0.06 secs] 
6052.540: [Full GC (Ergonomics) [PSYoungGen: 130432K->0K(495616K)] [ParOldGen: 1218015K->145466K(1398272K)] 1348447K->145466K(1893888K), [Metaspace: 59741K->59741K(1105920K)], 0.3455325 secs] [Times: user=1.58 sys=0.00, real=0.34 secs] 
6054.429: [GC (Allocation Failure) [PSYoungGen: 304128K->115968K(491520K)] 449594K->261434K(1889792K), 0.0404282 secs] [Times: user=0.24 sys=0.00, real=0.04 secs] 
6056.556: [GC (Allocation Failure) [PSYoungGen: 433408K->129472K(500224K)] 578874K->391034K(1898496K), 0.0680516 secs] [Times: user=0.41 sys=0.00, real=0.07 secs] 
6058.090: [GC (Allocation Failure) [PSYoungGen: 446912K->1824K(491520K)] 708474K->263426K(1889792K), 0.0019685 secs] [Times: user=0.01 sys=0.00, real=0.00 secs] 
6059.668: [GC (Allocation Failure) [PSYoungGen: 312608K->130016K(440832K)] 574210K->392326K(1839104K), 0.0289550 secs] [Times: user=0.16 sys=0.00, real=0.03 secs] 
6061.939: [GC (Allocation Failure) [PSYoungGen: 440800K->320K(484864K)] 703110K->262810K(1883136K), 0.0020031 secs] [Times: user=0.01 sys=0.00, real=0.00 secs] 
6063.052: [GC (Allocation Failure) [PSYoungGen: 290624K->119936K(494592K)] 553114K->382458K(1892864K), 0.0351950 secs] [Times: user=0.20 sys=0.00, real=0.04 secs] 
6064.864: [GC (Allocation Failure) [PSYoungGen: 410240K->128640K(493056K)] 672762K->500155K(1891328K), 0.0621328 secs] [Times: user=0.37 sys=0.00, real=0.06 secs] 
6065.991: [GC (GCLocker Initiated GC) [PSYoungGen: 421504K->103840K(396800K)] 793019K->604043K(1795072K), 0.0864034 secs] [Times: user=0.50 sys=0.01, real=0.09 secs] 
6066.822: [GC (Allocation Failure) [PSYoungGen: 396704K->177984K(467968K)] 896911K->771967K(1866240K), 0.1257051 secs] [Times: user=0.75 sys=0.00, real=0.13 secs] 
6069.984: [GC (Allocation Failure) [PSYoungGen: 452928K->74048K(486912K)] 1046911K->812663K(1885184K), 0.1262252 secs] [Times: user=0.74 sys=0.00, real=0.13 secs] 
6070.328: [GC (Allocation Failure) [PSYoungGen: 348992K->134816K(483840K)] 1087607K->941375K(1882112K), 0.0484892 secs] [Times: user=0.28 sys=0.00, real=0.04 secs] 
6072.059: [GC (Allocation Failure) [PSYoungGen: 413856K->81408K(487424K)] 1220415K->1022623K(1885696K), 0.0820222 secs] [Times: user=0.49 sys=0.01, real=0.08 secs] 
6073.413: [GC (Allocation Failure) [PSYoungGen: 360448K->129856K(489472K)] 1301663K->1148980K(1887744K), 0.0462845 secs] [Times: user=0.28 sys=0.00, real=0.05 secs] 
6076.445: [GC (Allocation Failure) [PSYoungGen: 416576K->92656K(488960K)] 1435700K->1232357K(1887232K), 0.0613759 secs] [Times: user=0.36 sys=0.00, real=0.06 secs] 
6078.000: [GC (Allocation Failure) [PSYoungGen: 379376K->129520K(489984K)] 1519077K->1359602K(1888256K), 0.0522474 secs] [Times: user=0.31 sys=0.00, real=0.05 secs] 
6078.053: [Full GC (Ergonomics) [PSYoungGen: 129520K->0K(489984K)] [ParOldGen: 1230081K->157039K(1398272K)] 1359602K->157039K(1888256K), [Metaspace: 59741K->59741K(1105920K)], 0.3762913 secs] [Times: user=1.74 sys=0.00, real=0.38 secs] 
6079.524: [GC (Allocation Failure) [PSYoungGen: 294400K->105952K(489472K)] 451439K->262991K(1887744K), 0.0394543 secs] [Times: user=0.23 sys=0.00, real=0.04 secs] 
6081.165: [GC (Allocation Failure) [PSYoungGen: 400352K->125648K(496640K)] 557391K->387909K(1894912K), 0.0676450 secs] [Times: user=0.40 sys=0.00, real=0.07 secs] 
6083.847: [GC (Allocation Failure) [PSYoungGen: 435408K->121664K(495104K)] 697669K->499880K(1893376K), 0.0624884 secs] [Times: user=0.37 sys=0.00, real=0.06 secs] 
6085.152: [GC (Allocation Failure) [PSYoungGen: 431424K->120896K(509952K)] 809640K->620816K(1908224K), 0.0743358 secs] [Times: user=0.43 sys=0.01, real=0.08 secs] 
6089.667: [GC (Allocation Failure) [PSYoungGen: 451136K->127104K(508416K)] 951056K->737465K(1906688K), 0.0619472 secs] [Times: user=0.37 sys=0.00, real=0.06 secs] 
6092.122: [GC (Allocation Failure) [PSYoungGen: 457344K->133888K(517120K)] 1067705K->871121K(1915392K), 0.0669791 secs] [Times: user=0.40 sys=0.00, real=0.07 secs] 
6094.230: [GC (Allocation Failure) [PSYoungGen: 473856K->8496K(348672K)] 1211089K->745762K(1746944K), 0.0034988 secs] [Times: user=0.02 sys=0.00, real=0.00 secs] 
6096.846: [GC (Allocation Failure) [PSYoungGen: 348464K->152944K(491008K)] 1085730K->896647K(1889280K), 0.0323117 secs] [Times: user=0.19 sys=0.00, real=0.04 secs] 
6098.060: [GC (Allocation Failure) [PSYoungGen: 453488K->103360K(499712K)] 1197191K->990694K(1897984K), 0.0674861 secs] [Times: user=0.40 sys=0.00, real=0.07 secs] 
6099.792: [GC (Allocation Failure) [PSYoungGen: 403904K->136256K(498688K)] 1291238K->1125315K(1896960K), 0.0564923 secs] [Times: user=0.33 sys=0.00, real=0.06 secs] 
6102.504: [GC (Allocation Failure) [PSYoungGen: 443456K->103856K(500736K)] 1432515K->1220220K(1899008K), 0.0640898 secs] [Times: user=0.38 sys=0.00, real=0.07 secs] 
6104.730: [GC (GCLocker Initiated GC) [PSYoungGen: 411056K->134000K(500224K)] 1527420K->1352577K(1898496K), 0.0590782 secs] [Times: user=0.35 sys=0.00, real=0.06 secs] 
6104.789: [Full GC (Ergonomics) [PSYoungGen: 134000K->0K(500224K)] [ParOldGen: 1218576K->151940K(1398272K)] 1352577K->151940K(1898496K), [Metaspace: 59741K->59741K(1105920K)], 0.3633928 secs] [Times: user=1.67 sys=0.00, real=0.36 secs] 
6106.937: [GC (Allocation Failure) [PSYoungGen: 313344K->113008K(500736K)] 465288K->264953K(1899008K), 0.0439902 secs] [Times: user=0.26 sys=0.00, real=0.05 secs] 
6107.853: [GC (Allocation Failure) [PSYoungGen: 426352K->140720K(501248K)] 578297K->404678K(1899520K), 0.0570828 secs] [Times: user=0.34 sys=0.00, real=0.06 secs] 
6111.057: [GC (Allocation Failure) [PSYoungGen: 461744K->109952K(504832K)] 725702K->505677K(1903104K), 0.0650699 secs] [Times: user=0.39 sys=0.00, real=0.06 secs] 
6112.415: [GC (Allocation Failure) [PSYoungGen: 430976K->145552K(508416K)] 826701K->649899K(1906688K), 0.0544840 secs] [Times: user=0.32 sys=0.00, real=0.06 secs] 
6113.654: [GC (Allocation Failure) [PSYoungGen: 475792K->115552K(513024K)] 980139K->755962K(1911296K), 0.0660211 secs] [Times: user=0.39 sys=0.00, real=0.07 secs] 
6116.618: [GC (Allocation Failure) [PSYoungGen: 445792K->151744K(508928K)] 1086202K->904887K(1907200K), 0.0557878 secs] [Times: user=0.33 sys=0.00, real=0.05 secs] 
6118.333: [GC (Allocation Failure) [PSYoungGen: 483520K->113584K(515072K)] 1236663K->1009352K(1913344K), 0.0908132 secs] [Times: user=0.54 sys=0.00, real=0.09 secs] 
6120.770: [GC (Allocation Failure) [PSYoungGen: 445360K->153792K(506880K)] 1341128K->1159500K(1905152K), 0.0557741 secs] [Times: user=0.33 sys=0.00, real=0.05 secs] 
6123.179: [GC (Allocation Failure) [PSYoungGen: 481984K->112448K(513536K)] 1487692K->1262932K(1911808K), 0.1731738 secs] [Times: user=1.02 sys=0.01, real=0.17 secs] 
6125.018: [GC (Allocation Failure) [PSYoungGen: 440640K->151744K(508416K)] 1591124K->1410493K(1906688K), 0.0548378 secs] [Times: user=0.32 sys=0.00, real=0.05 secs] 
6125.072: [Full GC (Ergonomics) [PSYoungGen: 151744K->0K(508416K)] [ParOldGen: 1258749K->208033K(1398272K)] 1410493K->208033K(1906688K), [Metaspace: 59741K->59741K(1105920K)], 0.5001069 secs] [Times: user=2.35 sys=0.00, real=0.50 secs] 
6127.664: [GC (Allocation Failure) [PSYoungGen: 327168K->105344K(513024K)] 535201K->313377K(1911296K), 0.1631794 secs] [Times: user=0.98 sys=0.00, real=0.17 secs] 
6129.122: [GC (Allocation Failure) [PSYoungGen: 432512K->156032K(503296K)] 640545K->462811K(1901568K), 0.1530246 secs] [Times: user=0.91 sys=0.00, real=0.15 secs] 
6132.201: [GC (Allocation Failure) [PSYoungGen: 476032K->96000K(509440K)] 782811K->558611K(1907712K), 0.1676424 secs] [Times: user=1.00 sys=0.00, real=0.17 secs] 
6132.625: [GC (Allocation Failure) [PSYoungGen: 416000K->154528K(500224K)] 878611K->706520K(1898496K), 0.0551133 secs] [Times: user=0.33 sys=0.00, real=0.06 secs] 
6135.191: [GC (Allocation Failure) [PSYoungGen: 466336K->97344K(505344K)] 1018328K->803096K(1903616K), 0.1304978 secs] [Times: user=0.77 sys=0.00, real=0.13 secs] 
6135.669: [GC (Allocation Failure) [PSYoungGen: 409152K->149248K(501760K)] 1114904K->946833K(1900032K), 0.0620910 secs] [Times: user=0.36 sys=0.00, real=0.06 secs] 
6139.320: [GC (Allocation Failure) [PSYoungGen: 459008K->92032K(504320K)] 1256593K->1038321K(1902592K), 0.1325504 secs] [Times: user=0.78 sys=0.00, real=0.13 secs] 
6139.692: [GC (Allocation Failure) [PSYoungGen: 401792K->151456K(498176K)] 1348081K->1183958K(1896448K), 0.0552276 secs] [Times: user=0.33 sys=0.00, real=0.06 secs] 
6143.620: [GC (Allocation Failure) [PSYoungGen: 456096K->87552K(501760K)] 1488598K->1271270K(1900032K), 0.1660104 secs] [Times: user=0.98 sys=0.00, real=0.16 secs] 
6144.045: [GC (Allocation Failure) [PSYoungGen: 392192K->165504K(484864K)] 1575910K->1430571K(1883136K), 0.0550644 secs] [Times: user=0.33 sys=0.00, real=0.06 secs] 
6144.100: [Full GC (Ergonomics) [PSYoungGen: 165504K->0K(484864K)] [ParOldGen: 1265067K->221513K(1398272K)] 1430571K->221513K(1883136K), [Metaspace: 59741K->59741K(1105920K)], 0.5311279 secs] [Times: user=2.49 sys=0.00, real=0.53 secs] 
6146.875: [GC (Allocation Failure) [PSYoungGen: 288256K->84160K(493568K)] 509769K->305673K(1891840K), 0.1302007 secs] [Times: user=0.77 sys=0.00, real=0.13 secs] 
6148.450: [GC (Allocation Failure) [PSYoungGen: 369475K->135168K(486400K)] 590988K->434261K(1884672K), 0.0460410 secs] [Times: user=0.27 sys=0.00, real=0.04 secs] 
6149.836: [GC (Allocation Failure) [PSYoungGen: 424448K->94752K(490496K)] 723541K->520225K(1888768K), 0.0602389 secs] [Times: user=0.36 sys=0.00, real=0.06 secs] 
6152.279: [GC (Allocation Failure) [PSYoungGen: 384032K->133856K(491520K)] 809505K->650946K(1889792K), 0.0467394 secs] [Times: user=0.28 sys=0.00, real=0.04 secs] 
6154.424: [GC (Allocation Failure) [PSYoungGen: 433376K->99744K(495104K)] 950466K->741738K(1893376K), 0.0626218 secs] [Times: user=0.37 sys=0.01, real=0.06 secs] 
6156.534: [GC (GCLocker Initiated GC) [PSYoungGen: 399264K->137456K(501248K)] 1041259K->877748K(1899520K), 0.1141388 secs] [Times: user=0.68 sys=0.01, real=0.12 secs] 
6158.234: [GC (Allocation Failure) [PSYoungGen: 448752K->106976K(502272K)] 1189064K->976199K(1900544K), 0.0635758 secs] [Times: user=0.38 sys=0.00, real=0.07 secs] 
6161.183: [GC (Allocation Failure) [PSYoungGen: 418272K->138080K(504832K)] 1287495K->1112420K(1903104K), 0.0562517 secs] [Times: user=0.33 sys=0.00, real=0.06 secs] 
6162.419: [GC (Allocation Failure) [PSYoungGen: 456032K->111856K(504832K)] 1430372K->1214693K(1903104K), 0.0650193 secs] [Times: user=0.39 sys=0.00, real=0.06 secs] 
6164.963: [GC (Allocation Failure) [PSYoungGen: 429808K->143392K(504320K)] 1532645K->1356873K(1902592K), 0.0768496 secs] [Times: user=0.46 sys=0.00, real=0.08 secs] 
6167.282: [GC (Allocation Failure) [PSYoungGen: 465952K->108864K(506880K)] 1679433K->1457265K(1905152K), 0.0790552 secs] [Times: user=0.47 sys=0.00, real=0.08 secs] 
6167.361: [Full GC (Ergonomics) [PSYoungGen: 108864K->0K(506880K)] [ParOldGen: 1348401K->26158K(1398272K)] 1457265K->26158K(1905152K), [Metaspace: 59741K->59741K(1105920K)], 0.0427712 secs] [Times: user=0.13 sys=0.00, real=0.04 secs] 
6169.708: [GC (Allocation Failure) [PSYoungGen: 322560K->148928K(509440K)] 348718K->175086K(1907712K), 0.0294269 secs] [Times: user=0.18 sys=0.00, real=0.03 secs] 
6171.270: [GC (Allocation Failure) [PSYoungGen: 477632K->114576K(513536K)] 503790K->280671K(1911808K), 0.0657430 secs] [Times: user=0.39 sys=0.00, real=0.06 secs] 
6174.472: [GC (Allocation Failure) [PSYoungGen: 443280K->149280K(509440K)] 609375K->427611K(1907712K), 0.0551763 secs] [Times: user=0.33 sys=0.00, real=0.06 secs] 
6175.692: [GC (Allocation Failure) [PSYoungGen: 478496K->112992K(513536K)] 756827K->531715K(1911808K), 0.0661501 secs] [Times: user=0.39 sys=0.00, real=0.07 secs] 
6178.065: [GC (Allocation Failure) [PSYoungGen: 433166K->148464K(512000K)] 851890K->676837K(1910272K), 0.0535118 secs] [Times: user=0.32 sys=0.00, real=0.06 secs] 
6180.359: [GC (Allocation Failure) [PSYoungGen: 479728K->112944K(515072K)] 1008101K->780829K(1913344K), 0.1692237 secs] [Times: user=1.00 sys=0.00, real=0.17 secs] 
6181.869: [GC (Allocation Failure) [PSYoungGen: 444208K->156000K(506880K)] 1112093K->932785K(1905152K), 0.0538094 secs] [Times: user=0.32 sys=0.00, real=0.05 secs] 
6186.574: [GC (Allocation Failure) [PSYoungGen: 482144K->95936K(512512K)] 1258929K->1027625K(1910784K), 0.1708788 secs] [Times: user=1.02 sys=0.00, real=0.17 secs] 
6187.535: [GC (Allocation Failure) [PSYoungGen: 422080K->156128K(502272K)] 1353769K->1177642K(1900544K), 0.0558825 secs] [Times: user=0.33 sys=0.00, real=0.06 secs] 
6191.486: [GC (Allocation Failure) [PSYoungGen: 472032K->94592K(507392K)] 1493546K->1271814K(1905664K), 0.1769638 secs] [Times: user=1.05 sys=0.00, real=0.18 secs] 
6192.006: [GC (Allocation Failure) [PSYoungGen: 410496K->152800K(500736K)] 1587718K->1418291K(1899008K), 0.0628890 secs] [Times: user=0.37 sys=0.00, real=0.07 secs] 
6192.069: [Full GC (Ergonomics) [PSYoungGen: 152800K->0K(500736K)] [ParOldGen: 1265491K->222337K(1398272K)] 1418291K->222337K(1899008K), [Metaspace: 59741K->59741K(1105920K)], 0.5396989 secs] [Times: user=2.52 sys=0.00, real=0.54 secs] 
6195.073: [GC (Allocation Failure) [PSYoungGen: 309760K->90176K(504320K)] 532097K->312513K(1902592K), 0.0930346 secs] [Times: user=0.53 sys=0.02, real=0.09 secs] 
6195.733: [GC (Allocation Failure) [PSYoungGen: 399936K->151312K(498176K)] 622273K->457029K(1896448K), 0.0655477 secs] [Times: user=0.38 sys=0.00, real=0.07 secs] 
6199.441: [GC (Allocation Failure) [PSYoungGen: 454928K->89824K(501248K)] 760645K->546680K(1899520K), 0.1518434 secs] [Times: user=0.91 sys=0.00, real=0.15 secs] 
6200.211: [GC (Allocation Failure) [PSYoungGen: 393440K->161664K(487936K)] 850296K->702272K(1886208K), 0.0521784 secs] [Times: user=0.30 sys=0.00, real=0.05 secs] 
6202.777: [GC (Allocation Failure) [PSYoungGen: 452992K->86976K(495104K)] 993600K->771780K(1893376K), 0.0858878 secs] [Times: user=0.50 sys=0.00, real=0.08 secs] 
6204.528: [GC (Allocation Failure) [PSYoungGen: 378304K->134464K(486912K)] 1063108K->902441K(1885184K), 0.0474751 secs] [Times: user=0.28 sys=0.00, real=0.04 secs] 
6206.655: [GC (Allocation Failure) [PSYoungGen: 426816K->98032K(491520K)] 1194793K->990909K(1889792K), 0.0722647 secs] [Times: user=0.43 sys=0.00, real=0.08 secs] 
6208.189: [GC (Allocation Failure) [PSYoungGen: 390384K->133728K(492032K)] 1283261K->1122458K(1890304K), 0.0490224 secs] [Times: user=0.29 sys=0.00, real=0.05 secs] 
6210.596: [GC (Allocation Failure) [PSYoungGen: 437344K->103680K(496640K)] 1426074K->1216970K(1894912K), 0.0663542 secs] [Times: user=0.39 sys=0.00, real=0.07 secs] 
6212.964: [GC (Allocation Failure) [PSYoungGen: 407296K->137392K(503808K)] 1520586K->1352351K(1902080K), 0.0550072 secs] [Times: user=0.33 sys=0.00, real=0.06 secs] 
6214.793: [GC (Allocation Failure) [PSYoungGen: 453808K->109808K(505344K)] 1668767K->1452747K(1903616K), 0.0695237 secs] [Times: user=0.41 sys=0.00, real=0.07 secs] 
6214.862: [Full GC (Ergonomics) [PSYoungGen: 109808K->0K(505344K)] [ParOldGen: 1342938K->21650K(1398272K)] 1452747K->21650K(1903616K), [Metaspace: 59741K->59741K(1105920K)], 0.0377347 secs] [Times: user=0.11 sys=0.00, real=0.04 secs] 
6216.304: [GC (Allocation Failure) [PSYoungGen: 316416K->141072K(505856K)] 338066K->162722K(1904128K), 0.0309490 secs] [Times: user=0.18 sys=0.00, real=0.03 secs] 
6218.923: [GC (Allocation Failure) [PSYoungGen: 462608K->113984K(506880K)] 484258K->266426K(1905152K), 0.0650273 secs] [Times: user=0.38 sys=0.00, real=0.07 secs] 
6220.580: [GC (Allocation Failure) [PSYoungGen: 435520K->145216K(507392K)] 587962K->409738K(1905664K), 0.0545885 secs] [Times: user=0.33 sys=0.00, real=0.05 secs] 
6223.911: [GC (Allocation Failure) [PSYoungGen: 471872K->113344K(509952K)] 736394K->513466K(1908224K), 0.0654417 secs] [Times: user=0.39 sys=0.00, real=0.06 secs] 
6226.187: [GC (Allocation Failure) [PSYoungGen: 440000K->149200K(509952K)] 840122K->660208K(1908224K), 0.0545631 secs] [Times: user=0.33 sys=0.00, real=0.05 secs] 
6227.560: [GC (GCLocker Initiated GC) [PSYoungGen: 479952K->112976K(514048K)] 990960K->763756K(1912320K), 0.0674924 secs] [Times: user=0.40 sys=0.01, real=0.07 secs] 
6229.316: [GC (Allocation Failure) [PSYoungGen: 443728K->145904K(513536K)] 1110896K->922493K(1911808K), 0.2484741 secs] [Times: user=1.49 sys=0.00, real=0.25 secs] 
6234.009: [GC (Allocation Failure) [PSYoungGen: 479728K->99008K(516096K)] 1256317K->1020720K(1914368K), 0.4298044 secs] [Times: user=2.57 sys=0.00, real=0.43 secs] 
6235.138: [GC (Allocation Failure) [PSYoungGen: 432832K->160288K(502272K)] 1354544K->1175289K(1900544K), 0.0560844 secs] [Times: user=0.33 sys=0.00, real=0.05 secs] 
6238.836: [GC (Allocation Failure) [PSYoungGen: 481312K->96032K(509952K)] 1496313K->1271185K(1908224K), 0.1616860 secs] [Times: user=0.96 sys=0.01, real=0.17 secs] 
6239.273: [GC (Allocation Failure) [PSYoungGen: 417056K->155136K(500224K)] 1592209K->1419903K(1898496K), 0.0580138 secs] [Times: user=0.35 sys=0.00, real=0.06 secs] 
6239.331: [Full GC (Ergonomics) [PSYoungGen: 155136K->0K(500224K)] [ParOldGen: 1264767K->224673K(1398272K)] 1419903K->224673K(1898496K), [Metaspace: 59742K->59742K(1105920K)], 0.5350340 secs] [Times: user=2.50 sys=0.00, real=0.53 secs] 
6242.770: [GC (Allocation Failure) [PSYoungGen: 311795K->91616K(505344K)] 536469K->316289K(1903616K), 0.1026233 secs] [Times: user=0.59 sys=0.01, real=0.10 secs] 
6243.156: [GC (Allocation Failure) [PSYoungGen: 403424K->152544K(498688K)] 628097K->462778K(1896960K), 0.0545955 secs] [Times: user=0.32 sys=0.00, real=0.06 secs] 
6246.984: [GC (Allocation Failure) [PSYoungGen: 458208K->88192K(502272K)] 768442K->550898K(1900544K), 0.1511766 secs] [Times: user=0.90 sys=0.00, real=0.15 secs] 
6247.426: [GC (Allocation Failure) [PSYoungGen: 393856K->149136K(497664K)] 856562K->694336K(1895936K), 0.0529472 secs] [Times: user=0.31 sys=0.00, real=0.06 secs] 
6251.305: [GC (Allocation Failure) [PSYoungGen: 448110K->83408K(500224K)] 993309K->777564K(1898496K), 0.1617390 secs] [Times: user=0.95 sys=0.01, real=0.17 secs] 
6252.745: [GC (Allocation Failure) [PSYoungGen: 376909K->138384K(497152K)] 1071064K->912039K(1895424K), 0.0488573 secs] [Times: user=0.29 sys=0.00, real=0.05 secs] 
6254.139: [GC (Allocation Failure) [PSYoungGen: 439952K->100736K(498688K)] 1213607K->1004003K(1896960K), 0.0631236 secs] [Times: user=0.38 sys=0.00, real=0.06 secs] 
6254.971: [GC (Allocation Failure) [PSYoungGen: 402304K->143856K(498688K)] 1305571K->1144508K(1896960K), 0.0506557 secs] [Times: user=0.30 sys=0.00, real=0.05 secs] 
6256.926: [GC (Allocation Failure) [PSYoungGen: 449008K->98352K(499712K)] 1449660K->1234128K(1897984K), 0.0891109 secs] [Times: user=0.52 sys=0.00, real=0.09 secs] 
6258.612: [GC (Allocation Failure) [PSYoungGen: 403504K->144704K(501248K)] 1539280K->1375200K(1899520K), 0.0502502 secs] [Times: user=0.30 sys=0.00, real=0.05 secs] 
6258.662: [Full GC (Ergonomics) [PSYoungGen: 144704K->0K(501248K)] [ParOldGen: 1230496K->182719K(1398272K)] 1375200K->182719K(1899520K), [Metaspace: 59742K->59742K(1105920K)], 0.4407737 secs] [Times: user=2.04 sys=0.00, real=0.44 secs] 
6260.160: [GC (Allocation Failure) [PSYoungGen: 309248K->102544K(502784K)] 491967K->285264K(1901056K), 0.0366371 secs] [Times: user=0.21 sys=0.01, real=0.03 secs] 
6263.100: [GC (Allocation Failure) [PSYoungGen: 411792K->142848K(501760K)] 594512K->425172K(1900032K), 0.0512817 secs] [Times: user=0.30 sys=0.00, real=0.05 secs] 
6265.240: [GC (Allocation Failure) [PSYoungGen: 454656K->106432K(503296K)] 736980K->522896K(1901568K), 0.0630223 secs] [Times: user=0.38 sys=0.00, real=0.06 secs] 
6267.035: [GC (Allocation Failure) [PSYoungGen: 418240K->144384K(502784K)] 834704K->665125K(1901056K), 0.0528040 secs] [Times: user=0.31 sys=0.00, real=0.06 secs] 
6268.760: [GC (GCLocker Initiated GC) [PSYoungGen: 459776K->105936K(504832K)] 980518K->761923K(1903104K), 0.0800695 secs] [Times: user=0.48 sys=0.00, real=0.08 secs] 
6270.578: [GC (Allocation Failure) [PSYoungGen: 421328K->152160K(503296K)] 1077366K->911838K(1901568K), 0.0530187 secs] [Times: user=0.32 sys=0.00, real=0.05 secs] 
6273.007: [GC (Allocation Failure) [PSYoungGen: 469600K->108624K(507904K)] 1229278K->1002855K(1906176K), 0.0656064 secs] [Times: user=0.39 sys=0.00, real=0.06 secs] 
6275.478: [GC (Allocation Failure) [PSYoungGen: 426064K->146944K(506880K)] 1320295K->1145963K(1905152K), 0.0540771 secs] [Times: user=0.31 sys=0.01, real=0.05 secs] 
6276.815: [GC (Allocation Failure) [PSYoungGen: 466944K->109568K(430080K)] 1465963K->1246471K(1828352K), 0.0657013 secs] [Times: user=0.38 sys=0.00, real=0.07 secs] 
6279.078: [GC (Allocation Failure) [PSYoungGen: 429568K->149824K(505344K)] 1566471K->1392300K(1903616K), 0.0538986 secs] [Times: user=0.32 sys=0.00, real=0.05 secs] 
6279.132: [Full GC (Ergonomics) [PSYoungGen: 149824K->0K(505344K)] [ParOldGen: 1242476K->191536K(1398272K)] 1392300K->191536K(1903616K), [Metaspace: 59743K->59743K(1105920K)], 0.4581307 secs] [Times: user=2.12 sys=0.01, real=0.46 secs] 
6281.021: [GC (Allocation Failure) [PSYoungGen: 319488K->107872K(508416K)] 511024K->299408K(1906688K), 0.0546685 secs] [Times: user=0.32 sys=0.00, real=0.05 secs] 
6283.040: [GC (Allocation Failure) [PSYoungGen: 427360K->148160K(507392K)] 618896K->443912K(1905664K), 0.0512947 secs] [Times: user=0.30 sys=0.00, real=0.05 secs] 
6285.866: [GC (Allocation Failure) [PSYoungGen: 469696K->107584K(509952K)] 765448K->542425K(1908224K), 0.1739420 secs] [Times: user=1.04 sys=0.00, real=0.18 secs] 
6287.447: [GC (Allocation Failure) [PSYoungGen: 418711K->145136K(508928K)] 853552K->682834K(1907200K), 0.0515069 secs] [Times: user=0.31 sys=0.00, real=0.05 secs] 
6290.241: [GC (Allocation Failure) [PSYoungGen: 468208K->109536K(432640K)] 1005906K->783245K(1830912K), 0.1570443 secs] [Times: user=0.94 sys=0.00, real=0.16 secs] 
6291.989: [GC (Allocation Failure) [PSYoungGen: 432608K->184288K(417280K)] 1106317K->978765K(1815552K), 0.1502264 secs] [Times: user=0.88 sys=0.01, real=0.15 secs] 
6293.354: [GC (Allocation Failure) [PSYoungGen: 417248K->61168K(465920K)] 1211725K->990701K(1864192K), 0.0593386 secs] [Times: user=0.35 sys=0.00, real=0.06 secs] 
6296.493: [GC (Allocation Failure) [PSYoungGen: 294128K->102400K(465920K)] 1223661K->1091097K(1864192K), 0.0858367 secs] [Times: user=0.51 sys=0.01, real=0.09 secs] 
6296.739: [GC (Allocation Failure) [PSYoungGen: 335360K->136400K(465920K)] 1324057K->1217910K(1864192K), 0.0548765 secs] [Times: user=0.33 sys=0.00, real=0.05 secs] 
6299.428: [GC (Allocation Failure) [PSYoungGen: 369360K->58000K(465920K)] 1450870K->1259390K(1864192K), 0.1417712 secs] [Times: user=0.84 sys=0.00, real=0.14 secs] 
6301.376: [GC (Allocation Failure) [PSYoungGen: 290960K->109008K(342016K)] 1492350K->1364307K(1740288K), 0.0387483 secs] [Times: user=0.23 sys=0.00, real=0.04 secs] 
6301.414: [Full GC (Ergonomics) [PSYoungGen: 109008K->0K(342016K)] [ParOldGen: 1255298K->161620K(1398272K)] 1364307K->161620K(1740288K), [Metaspace: 59743K->59743K(1105920K)], 0.3837827 secs] [Times: user=1.76 sys=0.00, real=0.39 secs] 
6302.758: [GC (Allocation Failure) [PSYoungGen: 232960K->100384K(467456K)] 394580K->262004K(1865728K), 0.0373140 secs] [Times: user=0.22 sys=0.00, real=0.03 secs] 
6304.858: [GC (Allocation Failure) [PSYoungGen: 340000K->75600K(460800K)] 501620K->337185K(1859072K), 0.0915691 secs] [Times: user=0.54 sys=0.00, real=0.09 secs] 
6305.140: [GC (Allocation Failure) [PSYoungGen: 306495K->111968K(468480K)] 568080K->443869K(1866752K), 0.0443688 secs] [Times: user=0.26 sys=0.01, real=0.04 secs] 
6307.799: [GC (GCLocker Initiated GC) [PSYoungGen: 371040K->78192K(468480K)] 702942K->513791K(1866752K), 0.0566799 secs] [Times: user=0.34 sys=0.00, real=0.05 secs] 
6309.132: [GC (Allocation Failure) [PSYoungGen: 337264K->124160K(483328K)] 772883K->636135K(1881600K), 0.0547963 secs] [Times: user=0.32 sys=0.00, real=0.06 secs] 
6312.390: [GC (Allocation Failure) [PSYoungGen: 407296K->121152K(484864K)] 919271K->739039K(1883136K), 0.0611005 secs] [Times: user=0.36 sys=0.00, real=0.06 secs] 
6314.794: [GC (Allocation Failure) [PSYoungGen: 400138K->93488K(492544K)] 1018026K->832335K(1890816K), 0.0917473 secs] [Times: user=0.54 sys=0.00, real=0.09 secs] 
6315.108: [GC (Allocation Failure) [PSYoungGen: 395056K->147760K(492544K)] 1133903K->973881K(1890816K), 0.0569612 secs] [Times: user=0.33 sys=0.00, real=0.05 secs] 
6316.970: [GC (Allocation Failure) [PSYoungGen: 449328K->92464K(504320K)] 1275449K->1066329K(1902592K), 0.0955904 secs] [Times: user=0.57 sys=0.01, real=0.09 secs] 
6318.837: [GC (Allocation Failure) [PSYoungGen: 402736K->142944K(502784K)] 1376601K->1203485K(1901056K), 0.1574502 secs] [Times: user=0.94 sys=0.00, real=0.15 secs] 
6321.766: [GC (Allocation Failure) [PSYoungGen: 453216K->91408K(501248K)] 1513757K->1294750K(1899520K), 0.1210305 secs] [Times: user=0.72 sys=0.00, real=0.13 secs] 
6323.020: [GC (Allocation Failure) [PSYoungGen: 402192K->150256K(461312K)] 1605534K->1438955K(1859584K), 0.1242750 secs] [Times: user=0.74 sys=0.00, real=0.12 secs] 
6323.144: [Full GC (Ergonomics) [PSYoungGen: 150256K->0K(461312K)] [ParOldGen: 1288698K->236773K(1398272K)] 1438955K->236773K(1859584K), [Metaspace: 59743K->59743K(1105920K)], 0.5951004 secs] [Times: user=2.81 sys=0.00, real=0.60 secs] 
6327.222: [GC (Allocation Failure) [PSYoungGen: 310784K->90400K(504832K)] 547557K->327173K(1903104K), 0.0490085 secs] [Times: user=0.28 sys=0.00, real=0.05 secs] 
6327.550: [GC (Allocation Failure) [PSYoungGen: 397600K->166432K(474112K)] 634373K->487566K(1872384K), 0.0562241 secs] [Times: user=0.33 sys=0.00, real=0.05 secs] 
6330.598: [GC (Allocation Failure) [PSYoungGen: 473632K->90144K(497152K)] 794766K->561158K(1895424K), 0.1168979 secs] [Times: user=0.70 sys=0.00, real=0.11 secs] 
6330.986: [GC (Allocation Failure) [PSYoungGen: 381984K->142464K(493568K)] 852998K->697795K(1891840K), 0.0541101 secs] [Times: user=0.33 sys=0.00, real=0.06 secs] 
6333.295: [GC (Allocation Failure) [PSYoungGen: 434304K->82144K(495104K)] 989635K->779915K(1893376K), 0.1412613 secs] [Times: user=0.84 sys=0.00, real=0.14 secs] 
6334.225: [GC (Allocation Failure) [PSYoungGen: 362685K->136576K(494592K)] 1060456K->910448K(1892864K), 0.0461511 secs] [Times: user=0.27 sys=0.00, real=0.05 secs] 
6336.462: [GC (Allocation Failure) [PSYoungGen: 430464K->96512K(489984K)] 1204336K->998576K(1888256K), 0.0613964 secs] [Times: user=0.36 sys=0.00, real=0.06 secs] 
6337.969: [GC (Allocation Failure) [PSYoungGen: 394496K->138176K(493568K)] 1296560K->1133333K(1891840K), 0.0496644 secs] [Times: user=0.29 sys=0.00, real=0.05 secs] 
6339.178: [GC (Allocation Failure) [PSYoungGen: 436160K->101632K(493568K)] 1431317K->1225673K(1891840K), 0.0623802 secs] [Times: user=0.37 sys=0.00, real=0.06 secs] 
6340.658: [GC (Allocation Failure) [PSYoungGen: 408832K->142400K(498176K)] 1532873K->1365794K(1896448K), 0.0521473 secs] [Times: user=0.30 sys=0.00, real=0.05 secs] 
6340.710: [Full GC (Ergonomics) [PSYoungGen: 142400K->0K(498176K)] [ParOldGen: 1223394K->175088K(1398272K)] 1365794K->175088K(1896448K), [Metaspace: 59743K->59743K(1105920K)], 0.4192147 secs] [Times: user=1.95 sys=0.00, real=0.42 secs] 
6343.572: [GC (Allocation Failure) [PSYoungGen: 307200K->99728K(501760K)] 482288K->274816K(1900032K), 0.0361581 secs] [Times: user=0.21 sys=0.00, real=0.04 secs] 
6345.864: [GC (Allocation Failure) [PSYoungGen: 414608K->143456K(503808K)] 589696K->416037K(1902080K), 0.0518808 secs] [Times: user=0.30 sys=0.00, real=0.05 secs] 
6347.862: [GC (Allocation Failure) [PSYoungGen: 458336K->111008K(501248K)] 730917K->517989K(1899520K), 0.0654964 secs] [Times: user=0.39 sys=0.00, real=0.07 secs] 
6350.507: [GC (Allocation Failure) [PSYoungGen: 429472K->143264K(504320K)] 836453K->659118K(1902592K), 0.0539735 secs] [Times: user=0.32 sys=0.00, real=0.05 secs] 
6352.482: [GC (Allocation Failure) [PSYoungGen: 461728K->111472K(505344K)] 977582K->761287K(1903616K), 0.0651510 secs] [Times: user=0.39 sys=0.00, real=0.07 secs] 
6355.513: [GC (Allocation Failure) [PSYoungGen: 436080K->145888K(507904K)] 1085895K->905279K(1906176K), 0.1287350 secs] [Times: user=0.76 sys=0.01, real=0.13 secs] 
6357.675: [GC (Allocation Failure) [PSYoungGen: 470496K->109664K(510464K)] 1229887K->1006487K(1908736K), 0.0654922 secs] [Times: user=0.37 sys=0.01, real=0.07 secs] 
6360.339: [GC (Allocation Failure) [PSYoungGen: 438880K->154752K(484352K)] 1335703K->1155076K(1882624K), 0.0537816 secs] [Times: user=0.32 sys=0.00, real=0.05 secs] 
6361.801: [GC (Allocation Failure) [PSYoungGen: 483968K->111328K(514560K)] 1484292K->1257548K(1912832K), 0.0730328 secs] [Times: user=0.43 sys=0.00, real=0.07 secs] 
6364.570: [GC (Allocation Failure) [PSYoungGen: 423300K->144992K(510464K)] 1569520K->1398376K(1908736K), 0.0530756 secs] [Times: user=0.31 sys=0.00, real=0.05 secs] 
6364.623: [Full GC (Ergonomics) [PSYoungGen: 144992K->0K(510464K)] [ParOldGen: 1253384K->196119K(1398272K)] 1398376K->196119K(1908736K), [Metaspace: 59743K->59743K(1105920K)], 0.4788970 secs] [Times: user=2.23 sys=0.00, real=0.48 secs] 
6367.700: [GC (Allocation Failure) [PSYoungGen: 326144K->107904K(510464K)] 522263K->304023K(1908736K), 0.0739501 secs] [Times: user=0.44 sys=0.00, real=0.07 secs] 
6368.261: [GC (Allocation Failure) [PSYoungGen: 436096K->156640K(484864K)] 632215K->456959K(1883136K), 0.0515721 secs] [Times: user=0.31 sys=0.00, real=0.05 secs] 
6371.809: [GC (Allocation Failure) [PSYoungGen: 484832K->100432K(510976K)] 785151K->557016K(1909248K), 0.1732035 secs] [Times: user=1.02 sys=0.01, real=0.17 secs] 
6372.787: [GC (Allocation Failure) [PSYoungGen: 421968K->155168K(477184K)] 878552K->705832K(1875456K), 0.0867314 secs] [Times: user=0.52 sys=0.00, real=0.08 secs] 
6376.887: [GC (Allocation Failure) [PSYoungGen: 476704K->95968K(506880K)] 1027368K->801132K(1905152K), 0.1650052 secs] [Times: user=0.98 sys=0.00, real=0.16 secs] 
6377.343: [GC (Allocation Failure) [PSYoungGen: 409824K->152896K(466944K)] 1114988K->948277K(1865216K), 0.0561180 secs] [Times: user=0.34 sys=0.00, real=0.06 secs] 
6380.682: [GC (Allocation Failure) [PSYoungGen: 466752K->94352K(504320K)] 1262133K->1042442K(1902592K), 0.1646414 secs] [Times: user=0.98 sys=0.00, real=0.16 secs] 
6381.552: [GC (Allocation Failure) [PSYoungGen: 403088K->149728K(458752K)] 1351178K->1186498K(1857024K), 0.1167796 secs] [Times: user=0.70 sys=0.00, real=0.12 secs] 
6384.883: [GC (Allocation Failure) [PSYoungGen: 458464K->90048K(502784K)] 1495234K->1276194K(1901056K), 0.1637013 secs] [Times: user=0.97 sys=0.00, real=0.17 secs] 
6385.404: [GC (Allocation Failure) [PSYoungGen: 395712K->148864K(454656K)] 1581858K->1418859K(1852928K), 0.0542397 secs] [Times: user=0.32 sys=0.00, real=0.06 secs] 
6385.459: [Full GC (Ergonomics) [PSYoungGen: 148864K->0K(454656K)] [ParOldGen: 1269995K->216965K(1398272K)] 1418859K->216965K(1852928K), [Metaspace: 59743K->59743K(1105920K)], 0.5195848 secs] [Times: user=2.42 sys=0.00, real=0.52 secs] 
6388.549: [GC (Allocation Failure) [PSYoungGen: 305664K->90560K(501760K)] 522629K->307525K(1900032K), 0.1286514 secs] [Times: user=0.76 sys=0.00, real=0.13 secs] 
6389.175: [GC (Allocation Failure) [PSYoungGen: 393664K->146336K(500224K)] 610629K->447803K(1898496K), 0.0528008 secs] [Times: user=0.31 sys=0.00, real=0.06 secs] 
6392.506: [GC (Allocation Failure) [PSYoungGen: 449440K->89440K(500224K)] 750907K->536583K(1898496K), 0.1576052 secs] [Times: user=0.93 sys=0.00, real=0.16 secs] 
6393.629: [GC (Allocation Failure) [PSYoungGen: 389097K->140400K(500224K)] 836241K->673828K(1898496K), 0.0496844 secs] [Times: user=0.29 sys=0.00, real=0.05 secs] 
6396.461: [GC (Allocation Failure) [PSYoungGen: 443504K->99984K(496128K)] 976932K->765100K(1894400K), 0.0635529 secs] [Times: user=0.38 sys=0.01, real=0.06 secs] 
6398.827: [GC (GCLocker Initiated GC) [PSYoungGen: 405136K->139552K(498688K)] 1070253K->901293K(1896960K), 0.0494567 secs] [Times: user=0.29 sys=0.00, real=0.04 secs] 
6400.488: [GC (GCLocker Initiated GC) [PSYoungGen: 444704K->102864K(497664K)] 1206447K->994764K(1895936K), 0.0823276 secs] [Times: user=0.49 sys=0.00, real=0.08 secs] 
6402.529: [GC (Allocation Failure) [PSYoungGen: 415184K->145536K(501760K)] 1307135K->1136995K(1900032K), 0.0516113 secs] [Times: user=0.31 sys=0.01, real=0.05 secs] 
6405.411: [GC (Allocation Failure) [PSYoungGen: 457856K->105168K(503808K)] 1449315K->1233572K(1902080K), 0.1139421 secs] [Times: user=0.68 sys=0.01, real=0.11 secs] 
6408.314: [GC (Allocation Failure) [PSYoungGen: 422608K->144848K(505344K)] 1551012K->1375277K(1903616K), 0.1100885 secs] [Times: user=0.65 sys=0.00, real=0.11 secs] 
6408.424: [Full GC (Ergonomics) [PSYoungGen: 144848K->0K(505344K)] [ParOldGen: 1230428K->181434K(1398272K)] 1375277K->181434K(1903616K), [Metaspace: 59744K->59744K(1105920K)], 0.4694826 secs] [Times: user=2.22 sys=0.01, real=0.47 secs] 
6410.331: [GC (Allocation Failure) [PSYoungGen: 317440K->107632K(505856K)] 498874K->289067K(1904128K), 0.0332892 secs] [Times: user=0.20 sys=0.00, real=0.03 secs] 
6412.668: [GC (Allocation Failure) [PSYoungGen: 428656K->148768K(507392K)] 610091K->432175K(1905664K), 0.0523012 secs] [Times: user=0.31 sys=0.00, real=0.05 secs] 
6415.195: [GC (Allocation Failure) [PSYoungGen: 469792K->110352K(508416K)] 753199K->533404K(1906688K), 0.0666902 secs] [Times: user=0.40 sys=0.00, real=0.07 secs] 
6416.629: [GC (Allocation Failure) [PSYoungGen: 433424K->150128K(508928K)] 856476K->680137K(1907200K), 0.0537931 secs] [Times: user=0.31 sys=0.00, real=0.05 secs] 
6419.483: [GC (Allocation Failure) [PSYoungGen: 473200K->109152K(509440K)] 1003209K->779984K(1907712K), 0.0868402 secs] [Times: user=0.52 sys=0.00, real=0.09 secs] 
6421.176: [GC (Allocation Failure) [PSYoungGen: 422166K->144896K(509440K)] 1092998K->920965K(1907712K), 0.0521584 secs] [Times: user=0.31 sys=0.01, real=0.06 secs] 
6424.202: [GC (Allocation Failure) [PSYoungGen: 468480K->106336K(509440K)] 1244549K->1018013K(1907712K), 0.0739484 secs] [Times: user=0.44 sys=0.00, real=0.07 secs] 
6426.874: [GC (Allocation Failure) [PSYoungGen: 431968K->184800K(510464K)] 1343645K->1199414K(1908736K), 0.0908766 secs] [Times: user=0.54 sys=0.00, real=0.09 secs] 
6430.711: [GC (Allocation Failure) [PSYoungGen: 508152K->95904K(421376K)] 1522767K->1262446K(1819648K), 0.1507863 secs] [Times: user=0.88 sys=0.00, real=0.15 secs] 
6431.389: [GC (Allocation Failure) [PSYoungGen: 328864K->110416K(465920K)] 1495406K->1369431K(1864192K), 0.0514375 secs] [Times: user=0.30 sys=0.01, real=0.05 secs] 
6431.440: [Full GC (Ergonomics) [PSYoungGen: 110416K->0K(465920K)] [ParOldGen: 1259015K->168163K(1398272K)] 1369431K->168163K(1864192K), [Metaspace: 59744K->59744K(1105920K)], 0.4043122 secs] [Times: user=1.88 sys=0.00, real=0.40 secs] 
6434.516: [GC (Allocation Failure) [PSYoungGen: 232960K->93024K(458240K)] 401123K->261187K(1856512K), 0.0350346 secs] [Times: user=0.21 sys=0.00, real=0.04 secs] 
6435.884: [GC (Allocation Failure) [PSYoungGen: 327520K->79648K(462848K)] 495683K->340919K(1861120K), 0.0864029 secs] [Times: user=0.51 sys=0.00, real=0.09 secs] 
6436.156: [GC (Allocation Failure) [PSYoungGen: 303028K->108768K(454656K)] 564299K->443528K(1852928K), 0.0435881 secs] [Times: user=0.25 sys=0.01, real=0.05 secs] 
6439.005: [GC (Allocation Failure) [PSYoungGen: 352480K->74240K(463360K)] 687240K->509464K(1861632K), 0.0519545 secs] [Times: user=0.30 sys=0.00, real=0.05 secs] 
6440.712: [GC (Allocation Failure) [PSYoungGen: 317952K->108624K(461312K)] 753176K->616525K(1859584K), 0.0603480 secs] [Times: user=0.34 sys=0.02, real=0.06 secs] 
6442.338: [GC (Allocation Failure) [PSYoungGen: 369744K->131488K(471040K)] 877645K->738497K(1869312K), 0.1683760 secs] [Times: user=1.01 sys=0.00, real=0.17 secs] 
6445.577: [GC (Allocation Failure) [PSYoungGen: 392608K->67264K(484864K)] 999617K->805753K(1883136K), 0.1404239 secs] [Times: user=0.83 sys=0.00, real=0.14 secs] 
6445.972: [GC (Allocation Failure) [PSYoungGen: 350400K->138368K(488960K)] 1088889K->937693K(1887232K), 0.0481356 secs] [Times: user=0.29 sys=0.00, real=0.05 secs] 
6447.717: [GC (Allocation Failure) [PSYoungGen: 421504K->81984K(486912K)] 1220829K->1019469K(1885184K), 0.0769130 secs] [Times: user=0.46 sys=0.00, real=0.07 secs] 
6449.505: [GC (Allocation Failure) [PSYoungGen: 369216K->134208K(489984K)] 1306701K->1148946K(1888256K), 0.0463282 secs] [Times: user=0.27 sys=0.00, real=0.05 secs] 
6451.404: [GC (Allocation Failure) [PSYoungGen: 421440K->93856K(484864K)] 1436178K->1233814K(1883136K), 0.0621440 secs] [Times: user=0.36 sys=0.00, real=0.06 secs] 
6453.188: [GC (Allocation Failure) [PSYoungGen: 388256K->132960K(491008K)] 1528214K->1364211K(1889280K), 0.0517346 secs] [Times: user=0.30 sys=0.00, real=0.05 secs] 
6453.240: [Full GC (Ergonomics) [PSYoungGen: 132960K->0K(491008K)] [ParOldGen: 1231251K->161829K(1398272K)] 1364211K->161829K(1889280K), [Metaspace: 59744K->59744K(1105920K)], 0.3820332 secs] [Times: user=1.77 sys=0.00, real=0.38 secs] 
6454.715: [GC (Allocation Failure) [PSYoungGen: 294400K->104080K(488960K)] 456229K->265910K(1887232K), 0.0384980 secs] [Times: user=0.23 sys=0.00, real=0.04 secs] 
6456.079: [GC (Allocation Failure) [PSYoungGen: 410768K->137536K(496128K)] 572598K->402149K(1894400K), 0.0583094 secs] [Times: user=0.33 sys=0.01, real=0.06 secs] 
6457.465: [GC (Allocation Failure) [PSYoungGen: 444224K->110448K(497664K)] 708837K->502966K(1895936K), 0.0645480 secs] [Times: user=0.39 sys=0.00, real=0.07 secs] 
6458.835: [GC (Allocation Failure) [PSYoungGen: 428912K->141536K(502784K)] 821430K->643726K(1901056K), 0.0596852 secs] [Times: user=0.36 sys=0.00, real=0.06 secs] 
6460.874: [GC (Allocation Failure) [PSYoungGen: 460000K->110224K(505856K)] 962190K->745318K(1904128K), 0.0660867 secs] [Times: user=0.39 sys=0.00, real=0.07 secs] 
6463.358: [GC (Allocation Failure) [PSYoungGen: 437904K->148096K(508928K)] 1072998K->891675K(1907200K), 0.0545529 secs] [Times: user=0.32 sys=0.00, real=0.05 secs] 
6465.577: [GC (Allocation Failure) [PSYoungGen: 475776K->114400K(511488K)] 1219355K->996771K(1909760K), 0.0825647 secs] [Times: user=0.49 sys=0.00, real=0.08 secs] 
6467.601: [GC (Allocation Failure) [PSYoungGen: 445664K->151840K(512000K)] 1328035K->1146547K(1910272K), 0.1131229 secs] [Times: user=0.67 sys=0.00, real=0.11 secs] 
6470.163: [GC (Allocation Failure) [PSYoungGen: 483104K->112976K(513536K)] 1477811K->1250220K(1911808K), 0.0724667 secs] [Times: user=0.43 sys=0.00, real=0.07 secs] 
6471.779: [GC (Allocation Failure) [PSYoungGen: 442704K->152384K(482304K)] 1579948K->1398820K(1880576K), 0.0560044 secs] [Times: user=0.33 sys=0.00, real=0.05 secs] 
6471.835: [Full GC (Ergonomics) [PSYoungGen: 152384K->0K(482304K)] [ParOldGen: 1246436K->194911K(1398272K)] 1398820K->194911K(1880576K), [Metaspace: 59744K->59744K(1105920K)], 0.4729050 secs] [Times: user=2.20 sys=0.00, real=0.48 secs] 
6475.186: [GC (Allocation Failure) [PSYoungGen: 329728K->110384K(515072K)] 524639K->305295K(1913344K), 0.0672641 secs] [Times: user=0.39 sys=0.01, real=0.07 secs] 
6476.575: [GC (Allocation Failure) [PSYoungGen: 438064K->154544K(482304K)] 632975K->454847K(1880576K), 0.0527122 secs] [Times: user=0.31 sys=0.00, real=0.06 secs] 
6479.313: [GC (Allocation Failure) [PSYoungGen: 482224K->104480K(512000K)] 782527K->558214K(1910272K), 0.1299255 secs] [Times: user=0.77 sys=0.00, real=0.13 secs] 
6479.815: [GC (Allocation Failure) [PSYoungGen: 427552K->155680K(479232K)] 881286K->707863K(1877504K), 0.0590039 secs] [Times: user=0.34 sys=0.01, real=0.06 secs] 
6483.435: [GC (Allocation Failure) [PSYoungGen: 478752K->98528K(508416K)] 1030935K->806019K(1906688K), 0.1164129 secs] [Times: user=0.68 sys=0.00, real=0.12 secs] 
6483.781: [GC (Allocation Failure) [PSYoungGen: 414944K->154832K(471552K)] 1122435K->954688K(1869824K), 0.0556924 secs] [Times: user=0.33 sys=0.00, real=0.06 secs] 
6487.166: [GC (Allocation Failure) [PSYoungGen: 471248K->92992K(504320K)] 1271104K->1047416K(1902592K), 0.1317193 secs] [Times: user=0.78 sys=0.00, real=0.14 secs] 
6487.709: [GC (Allocation Failure) [PSYoungGen: 402240K->150240K(459776K)] 1356664K->1191873K(1858048K), 0.0799257 secs] [Times: user=0.48 sys=0.00, real=0.08 secs] 
6490.771: [GC (Allocation Failure) [PSYoungGen: 459488K->92368K(503296K)] 1501121K->1284153K(1901568K), 0.1593705 secs] [Times: user=0.95 sys=0.00, real=0.16 secs] 
6491.916: [GC (Allocation Failure) [PSYoungGen: 398544K->145536K(501760K)] 1590329K->1423013K(1900032K), 0.1432668 secs] [Times: user=0.85 sys=0.00, real=0.15 secs] 
6492.059: [Full GC (Ergonomics) [PSYoungGen: 145536K->0K(501760K)] [ParOldGen: 1277477K->221103K(1398272K)] 1423013K->221103K(1900032K), [Metaspace: 59744K->59744K(1105920K)], 0.5764590 secs] [Times: user=2.76 sys=0.01, real=0.57 secs] 
6495.944: [GC (Allocation Failure) [PSYoungGen: 306176K->88544K(502784K)] 527279K->309648K(1901056K), 0.1162825 secs] [Times: user=0.68 sys=0.00, real=0.12 secs] 
6496.482: [GC (Allocation Failure) [PSYoungGen: 394720K->149056K(455680K)] 615824K->452580K(1853952K), 0.0565773 secs] [Times: user=0.33 sys=0.00, real=0.06 secs] 
6498.826: [GC (Allocation Failure) [PSYoungGen: 455232K->91136K(501760K)] 758756K->543592K(1900032K), 0.1505763 secs] [Times: user=0.90 sys=0.01, real=0.15 secs] 
6499.534: [GC (Allocation Failure) [PSYoungGen: 394240K->146752K(500224K)] 846696K->684373K(1898496K), 0.0532398 secs] [Times: user=0.31 sys=0.00, real=0.06 secs] 
6502.668: [GC (Allocation Failure) [PSYoungGen: 449856K->88416K(500736K)] 987477K->772609K(1899008K), 0.1497041 secs] [Times: user=0.89 sys=0.00, real=0.15 secs] 
6504.190: [GC (Allocation Failure) [PSYoungGen: 391008K->142896K(500224K)] 1075201K->910807K(1898496K), 0.0503161 secs] [Times: user=0.30 sys=0.00, real=0.05 secs] 
6505.733: [GC (Allocation Failure) [PSYoungGen: 445488K->101824K(493568K)] 1213399K->1003878K(1891840K), 0.1044169 secs] [Times: user=0.63 sys=0.01, real=0.11 secs] 
6507.876: [GC (Allocation Failure) [PSYoungGen: 404928K->138784K(497152K)] 1306982K->1139307K(1895424K), 0.0506215 secs] [Times: user=0.30 sys=0.00, real=0.05 secs] 
6509.920: [GC (Allocation Failure) [PSYoungGen: 441888K->99904K(498176K)] 1442411K->1230343K(1896448K), 0.0639306 secs] [Times: user=0.38 sys=0.00, real=0.06 secs] 
6511.726: [GC (Allocation Failure) [PSYoungGen: 411200K->143792K(501760K)] 1541639K->1371341K(1900032K), 0.0518900 secs] [Times: user=0.31 sys=0.00, real=0.06 secs] 
6511.778: [Full GC (Ergonomics) [PSYoungGen: 143792K->0K(501760K)] [ParOldGen: 1227548K->179549K(1398272K)] 1371341K->179549K(1900032K), [Metaspace: 59744K->59744K(1105920K)], 0.4377998 secs] [Times: user=2.04 sys=0.00, real=0.43 secs] 
6513.297: [GC (Allocation Failure) [PSYoungGen: 311296K->105920K(501760K)] 490845K->285469K(1900032K), 0.0335010 secs] [Times: user=0.20 sys=0.00, real=0.03 secs] 
6514.790: [GC (Allocation Failure) [PSYoungGen: 422314K->146272K(504320K)] 601864K->429114K(1902592K), 0.0525487 secs] [Times: user=0.31 sys=0.00, real=0.05 secs] 
6517.945: [GC (Allocation Failure) [PSYoungGen: 462688K->105632K(506368K)] 745530K->525550K(1904640K), 0.0647086 secs] [Times: user=0.39 sys=0.00, real=0.07 secs] 
6520.669: [GC (Allocation Failure) [PSYoungGen: 426144K->157136K(477696K)] 846062K->678752K(1875968K), 0.0526666 secs] [Times: user=0.31 sys=0.00, real=0.05 secs] 
6522.129: [GC (Allocation Failure) [PSYoungGen: 477648K->109088K(509440K)] 999264K->770503K(1907712K), 0.0783868 secs] [Times: user=0.46 sys=0.00, real=0.08 secs] 
6524.330: [GC (Allocation Failure) [PSYoungGen: 424992K->148704K(505344K)] 1086407K->915060K(1903616K), 0.0538101 secs] [Times: user=0.32 sys=0.00, real=0.05 secs] 
6526.621: [GC (Allocation Failure) [PSYoungGen: 464608K->107936K(505856K)] 1230964K->1014364K(1904128K), 0.0666313 secs] [Times: user=0.40 sys=0.00, real=0.07 secs] 
6529.083: [GC (Allocation Failure) [PSYoungGen: 425376K->144832K(506368K)] 1331804K->1155709K(1904640K), 0.0530943 secs] [Times: user=0.31 sys=0.00, real=0.05 secs] 
6530.653: [GC (Allocation Failure) [PSYoungGen: 462272K->108704K(503808K)] 1473149K->1255489K(1902080K), 0.0999434 secs] [Times: user=0.60 sys=0.00, real=0.10 secs] 
6532.138: [GC (Allocation Failure) [PSYoungGen: 424389K->145312K(506368K)] 1571175K->1397122K(1904640K), 0.0529860 secs] [Times: user=0.31 sys=0.00, real=0.05 secs] 
6532.191: [Full GC (Ergonomics) [PSYoungGen: 145312K->0K(506368K)] [ParOldGen: 1251810K->196187K(1398272K)] 1397122K->196187K(1904640K), [Metaspace: 59744K->59744K(1105920K)], 0.4761402 secs] [Times: user=2.21 sys=0.00, real=0.48 secs] 
6534.119: [GC (Allocation Failure) [PSYoungGen: 320000K->106704K(508928K)] 516187K->302892K(1907200K), 0.0351322 secs] [Times: user=0.21 sys=0.00, real=0.03 secs] 
6536.348: [GC (Allocation Failure) [PSYoungGen: 419053K->144160K(509952K)] 615240K->443184K(1908224K), 0.0497311 secs] [Times: user=0.30 sys=0.00, real=0.05 secs] 
6538.958: [GC (Allocation Failure) [PSYoungGen: 468768K->110160K(508416K)] 767792K->544573K(1906688K), 0.1677241 secs] [Times: user=0.99 sys=0.00, real=0.16 secs] 
6540.383: [GC (Allocation Failure) [PSYoungGen: 437328K->154144K(510464K)] 871741K->695077K(1908736K), 0.0536611 secs] [Times: user=0.32 sys=0.00, real=0.05 secs] 
6542.996: [GC (Allocation Failure) [PSYoungGen: 481312K->99792K(512000K)] 1022245K->794281K(1910272K), 0.1486057 secs] [Times: user=0.87 sys=0.01, real=0.15 secs] 
6543.698: [GC (Allocation Failure) [PSYoungGen: 423376K->157728K(481792K)] 1117865K->944829K(1880064K), 0.0567276 secs] [Times: user=0.33 sys=0.00, real=0.05 secs] 
6546.922: [GC (Allocation Failure) [PSYoungGen: 481312K->100080K(507392K)] 1268413K->1044546K(1905664K), 0.1558428 secs] [Times: user=0.93 sys=0.00, real=0.16 secs] 
6547.329: [GC (Allocation Failure) [PSYoungGen: 414448K->149664K(464384K)] 1358914K->1188186K(1862656K), 0.0575083 secs] [Times: user=0.34 sys=0.01, real=0.05 secs] 
6549.771: [GC (Allocation Failure) [PSYoungGen: 464032K->97760K(506368K)] 1502554K->1285054K(1904640K), 0.1389347 secs] [Times: user=0.83 sys=0.00, real=0.14 secs] 
6550.155: [GC (Allocation Failure) [PSYoungGen: 410592K->152736K(465920K)] 1597886K->1431547K(1864192K), 0.0578496 secs] [Times: user=0.34 sys=0.00, real=0.06 secs] 
6550.213: [Full GC (Ergonomics) [PSYoungGen: 152736K->0K(465920K)] [ParOldGen: 1278811K->230536K(1398272K)] 1431547K->230536K(1864192K), [Metaspace: 59744K->59744K(1105920K)], 0.5632364 secs] [Times: user=2.55 sys=0.00, real=0.56 secs] 
6554.019: [GC (Allocation Failure) [PSYoungGen: 312832K->89808K(503296K)] 543368K->320344K(1901568K), 0.0778461 secs] [Times: user=0.44 sys=0.01, real=0.08 secs] 
6554.370: [GC (Allocation Failure) [PSYoungGen: 397008K->164944K(472576K)] 627544K->479034K(1870848K), 0.0547926 secs] [Times: user=0.33 sys=0.00, real=0.05 secs] 
6557.611: [GC (Allocation Failure) [PSYoungGen: 472144K->91296K(496640K)] 786234K->553345K(1894912K), 0.1555242 secs] [Times: user=0.93 sys=0.00, real=0.15 secs] 
6558.954: [GC (Allocation Failure) [PSYoungGen: 384160K->140448K(433664K)] 846209K->687738K(1831936K), 0.0900744 secs] [Times: user=0.53 sys=0.00, real=0.09 secs] 
6561.980: [GC (Allocation Failure) [PSYoungGen: 433312K->84576K(494080K)] 980602K->772186K(1892352K), 0.1482911 secs] [Times: user=0.88 sys=0.00, real=0.15 secs] 
6563.097: [GC (Allocation Failure) [PSYoungGen: 377952K->138848K(493568K)] 1065562K->906863K(1891840K), 0.0468896 secs] [Times: user=0.28 sys=0.00, real=0.04 secs] 
6564.713: [GC (Allocation Failure) [PSYoungGen: 432224K->96016K(494592K)] 1200239K->993796K(1892864K), 0.0618533 secs] [Times: user=0.37 sys=0.00, real=0.06 secs] 
6566.570: [GC (Allocation Failure) [PSYoungGen: 396048K->149232K(495616K)] 1293828K->1139740K(1893888K), 0.0493067 secs] [Times: user=0.30 sys=0.00, real=0.05 secs] 
6568.252: [GC (GCLocker Initiated GC) [PSYoungGen: 449264K->100240K(499200K)] 1439772K->1222960K(1897472K), 0.0632866 secs] [Times: user=0.38 sys=0.01, real=0.06 secs] 
6570.106: [GC (Allocation Failure) [PSYoungGen: 404880K->137712K(499712K)] 1527603K->1358356K(1897984K), 0.0509851 secs] [Times: user=0.30 sys=0.00, real=0.06 secs] 
6570.157: [Full GC (Ergonomics) [PSYoungGen: 137712K->0K(499712K)] [ParOldGen: 1220643K->165757K(1398272K)] 1358356K->165757K(1897984K), [Metaspace: 59744K->59744K(1105920K)], 0.3902562 secs] [Times: user=1.79 sys=0.00, real=0.39 secs] 
6572.802: [GC (Allocation Failure) [PSYoungGen: 304640K->104080K(496128K)] 470397K->269838K(1894400K), 0.0372779 secs] [Times: user=0.22 sys=0.01, real=0.04 secs] 
6575.547: [GC (Allocation Failure) [PSYoungGen: 413840K->138272K(499712K)] 579598K->406268K(1897984K), 0.0562190 secs] [Times: user=0.34 sys=0.00, real=0.05 secs] 
6576.912: [GC (Allocation Failure) [PSYoungGen: 448032K->109840K(500224K)] 716028K->506705K(1898496K), 0.0652863 secs] [Times: user=0.38 sys=0.00, real=0.07 secs] 
6579.493: [GC (Allocation Failure) [PSYoungGen: 429328K->141776K(504832K)] 826193K->646466K(1903104K), 0.0554181 secs] [Times: user=0.33 sys=0.00, real=0.06 secs] 
6581.348: [GC (Allocation Failure) [PSYoungGen: 461264K->113312K(505344K)] 965954K->749837K(1903616K), 0.0659255 secs] [Times: user=0.39 sys=0.00, real=0.06 secs] 
6583.528: [GC (Allocation Failure) [PSYoungGen: 440480K->148192K(508928K)] 1077005K->896474K(1907200K), 0.0562796 secs] [Times: user=0.33 sys=0.00, real=0.05 secs] 
6586.199: [GC (Allocation Failure) [PSYoungGen: 475360K->111312K(513536K)] 1223642K->998603K(1911808K), 0.0663283 secs] [Times: user=0.39 sys=0.00, real=0.06 secs] 
6588.908: [GC (Allocation Failure) [PSYoungGen: 443088K->152416K(484352K)] 1330379K->1148371K(1882624K), 0.0555869 secs] [Times: user=0.33 sys=0.00, real=0.05 secs] 
6590.632: [GC (Allocation Failure) [PSYoungGen: 484192K->112880K(516096K)] 1480147K->1252547K(1914368K), 0.1118097 secs] [Times: user=0.66 sys=0.01, real=0.11 secs] 
6592.635: [GC (Allocation Failure) [PSYoungGen: 430081K->150000K(512512K)] 1569748K->1398648K(1910784K), 0.0543224 secs] [Times: user=0.32 sys=0.00, real=0.06 secs] 
6592.689: [Full GC (Ergonomics) [PSYoungGen: 150000K->0K(512512K)] [ParOldGen: 1248647K->196628K(1398272K)] 1398648K->196628K(1910784K), [Metaspace: 59744K->59744K(1105920K)], 0.4791414 secs] [Times: user=2.23 sys=0.01, real=0.48 secs] 
6595.846: [GC (Allocation Failure) [PSYoungGen: 329728K->107712K(513536K)] 526356K->304340K(1911808K), 0.0752513 secs] [Times: user=0.44 sys=0.00, real=0.08 secs] 
6597.554: [GC (Allocation Failure) [PSYoungGen: 436416K->155744K(484864K)] 633044K->455685K(1883136K), 0.0523271 secs] [Times: user=0.31 sys=0.00, real=0.05 secs] 
6600.003: [GC (Allocation Failure) [PSYoungGen: 484448K->102336K(510976K)] 784389K->557369K(1909248K), 0.1667927 secs] [Times: user=0.98 sys=0.01, real=0.17 secs] 
6600.730: [GC (Allocation Failure) [PSYoungGen: 423872K->155968K(477696K)] 878905K->707486K(1875968K), 0.0575766 secs] [Times: user=0.35 sys=0.00, real=0.06 secs] 
6604.506: [GC (Allocation Failure) [PSYoungGen: 477504K->95712K(506880K)] 1029022K->802842K(1905152K), 0.1534732 secs] [Times: user=0.91 sys=0.00, real=0.16 secs] 
6604.905: [GC (Allocation Failure) [PSYoungGen: 410080K->150624K(465408K)] 1117210K->947195K(1863680K), 0.0565403 secs] [Times: user=0.33 sys=0.00, real=0.06 secs] 
6608.995: [GC (Allocation Failure) [PSYoungGen: 464992K->93984K(505344K)] 1261563K->1040675K(1903616K), 0.1678660 secs] [Times: user=1.00 sys=0.00, real=0.17 secs] 
6609.690: [GC (Allocation Failure) [PSYoungGen: 404768K->149952K(460800K)] 1351459K->1184540K(1859072K), 0.0804639 secs] [Times: user=0.47 sys=0.01, real=0.08 secs] 
6613.579: [GC (Allocation Failure) [PSYoungGen: 460736K->90704K(503296K)] 1495324K->1275053K(1901568K), 0.1445533 secs] [Times: user=0.85 sys=0.00, real=0.14 secs] 
6613.990: [GC (Allocation Failure) [PSYoungGen: 397904K->148352K(455680K)] 1582253K->1418125K(1853952K), 0.0548262 secs] [Times: user=0.32 sys=0.00, real=0.05 secs] 
6614.045: [Full GC (Ergonomics) [PSYoungGen: 148352K->0K(455680K)] [ParOldGen: 1269773K->216451K(1398272K)] 1418125K->216451K(1853952K), [Metaspace: 59744K->59744K(1105920K)], 0.5137746 secs] [Times: user=2.40 sys=0.00, real=0.52 secs] 
6616.618: [GC (Allocation Failure) [PSYoungGen: 307200K->90976K(502272K)] 523651K->307427K(1900544K), 0.1502997 secs] [Times: user=0.89 sys=0.00, real=0.15 secs] 
6617.983: [GC (Allocation Failure) [PSYoungGen: 395616K->174688K(479744K)] 612067K->476792K(1878016K), 0.1031915 secs] [Times: user=0.61 sys=0.00, real=0.10 secs] 
6620.422: [GC (Allocation Failure) [PSYoungGen: 479328K->92016K(492544K)] 781432K->535641K(1890816K), 0.0831581 secs] [Times: user=0.50 sys=0.00, real=0.08 secs] 
6621.028: [GC (Allocation Failure) [PSYoungGen: 376176K->135264K(419840K)] 819801K->667404K(1818112K), 0.0498810 secs] [Times: user=0.30 sys=0.00, real=0.05 secs] 
6622.856: [GC (Allocation Failure) [PSYoungGen: 419424K->93664K(488448K)] 951564K->752552K(1886720K), 0.0612488 secs] [Times: user=0.36 sys=0.00, real=0.07 secs] 
6624.178: [GC (Allocation Failure) [PSYoungGen: 379872K->133376K(486400K)] 1038760K->883757K(1884672K), 0.0492779 secs] [Times: user=0.29 sys=0.00, real=0.05 secs] 
6626.819: [GC (Allocation Failure) [PSYoungGen: 419584K->96720K(495616K)] 1169965K->971294K(1893888K), 0.0621566 secs] [Times: user=0.37 sys=0.00, real=0.06 secs] 
6628.663: [GC (Allocation Failure) [PSYoungGen: 396240K->132000K(493056K)] 1270814K->1101842K(1891328K), 0.0593979 secs] [Times: user=0.35 sys=0.00, real=0.06 secs] 
6630.199: [GC (Allocation Failure) [PSYoungGen: 431520K->114592K(499712K)] 1401362K->1207158K(1897984K), 0.0640041 secs] [Times: user=0.38 sys=0.00, real=0.06 secs] 
6631.825: [GC (Allocation Failure) [PSYoungGen: 429472K->127968K(499712K)] 1522038K->1335182K(1897984K), 0.0698971 secs] [Times: user=0.41 sys=0.00, real=0.07 secs] 
6634.345: [GC (Allocation Failure) [PSYoungGen: 442848K->120448K(506368K)] 1650062K->1444921K(1904640K), 0.0636904 secs] [Times: user=0.38 sys=0.00, real=0.07 secs] 
6634.408: [Full GC (Ergonomics) [PSYoungGen: 120448K->0K(506368K)] [ParOldGen: 1324473K->250671K(1398272K)] 1444921K->250671K(1904640K), [Metaspace: 59744K->59744K(1105920K)], 0.5398830 secs] [Times: user=2.38 sys=0.00, real=0.54 secs] 
6637.453: [GC (Allocation Failure) [PSYoungGen: 332800K->137088K(508416K)] 583471K->387759K(1906688K), 0.0343269 secs] [Times: user=0.20 sys=0.00, real=0.04 secs] 
6640.246: [GC (Allocation Failure) [PSYoungGen: 469888K->6224K(493568K)] 720559K->256955K(1891840K), 0.0032623 secs] [Times: user=0.02 sys=0.00, real=0.01 secs] 
6643.384: [GC (Allocation Failure) [PSYoungGen: 324176K->150288K(468480K)] 574907K->404808K(1866752K), 0.0334368 secs] [Times: user=0.20 sys=0.00, real=0.04 secs] 
6644.968: [GC (Allocation Failure) [PSYoungGen: 468240K->197088K(430080K)] 722760K->497264K(1828352K), 0.0629789 secs] [Times: user=0.37 sys=0.00, real=0.06 secs] 
6647.511: [GC (Allocation Failure) [PSYoungGen: 430048K->103744K(465920K)] 730224K->599472K(1864192K), 0.0955213 secs] [Times: user=0.56 sys=0.00, real=0.09 secs] 
6647.773: [GC (Allocation Failure) [PSYoungGen: 336704K->119488K(443904K)] 832432K->709552K(1842176K), 0.0545556 secs] [Times: user=0.32 sys=0.00, real=0.06 secs] 
6649.072: [GC (Allocation Failure) [PSYoungGen: 356032K->60000K(456704K)] 946096K->769536K(1854976K), 0.0544728 secs] [Times: user=0.32 sys=0.00, real=0.05 secs] 
6651.087: [GC (Allocation Failure) [PSYoungGen: 296544K->108576K(462848K)] 1006080K->874253K(1861120K), 0.0405175 secs] [Times: user=0.24 sys=0.00, real=0.04 secs] 
6652.189: [GC (Allocation Failure) [PSYoungGen: 365600K->100960K(470016K)] 1131277K->965965K(1868288K), 0.0568449 secs] [Times: user=0.34 sys=0.00, real=0.05 secs] 
6654.220: [GC (Allocation Failure) [PSYoungGen: 352141K->93344K(475136K)] 1217147K->1059325K(1873408K), 0.0826330 secs] [Times: user=0.49 sys=0.00, real=0.08 secs] 
6654.508: [GC (Allocation Failure) [PSYoungGen: 372896K->137392K(480768K)] 1338877K->1190463K(1879040K), 0.0559163 secs] [Times: user=0.33 sys=0.00, real=0.05 secs] 
6657.714: [GC (Allocation Failure) [PSYoungGen: 416944K->76896K(493568K)] 1470015K->1267246K(1891840K), 0.1591029 secs] [Times: user=0.95 sys=0.00, real=0.16 secs] 
6658.120: [GC (Allocation Failure) [PSYoungGen: 373344K->144352K(495616K)] 1563694K->1405527K(1893888K), 0.0507050 secs] [Times: user=0.30 sys=0.00, real=0.05 secs] 
6658.171: [Full GC (Ergonomics) [PSYoungGen: 144352K->0K(495616K)] [ParOldGen: 1261175K->214583K(1398272K)] 1405527K->214583K(1893888K), [Metaspace: 59744K->59744K(1105920K)], 0.5163973 secs] [Times: user=2.41 sys=0.00, real=0.52 secs] 
6661.242: [GC (Allocation Failure) [PSYoungGen: 296448K->84096K(496128K)] 511031K->298679K(1894400K), 0.1516489 secs] [Times: user=0.90 sys=0.01, real=0.15 secs] 
6662.070: [GC (Allocation Failure) [PSYoungGen: 381056K->140080K(496128K)] 595639K->434513K(1894400K), 0.0466031 secs] [Times: user=0.27 sys=0.00, real=0.04 secs] 
6663.460: [GC (Allocation Failure) [PSYoungGen: 437040K->96160K(491008K)] 731473K->522040K(1889280K), 0.0609014 secs] [Times: user=0.36 sys=0.00, real=0.06 secs] 
6665.585: [GC (Allocation Failure) [PSYoungGen: 395168K->139552K(494592K)] 821048K->658173K(1892864K), 0.0477668 secs] [Times: user=0.29 sys=0.00, real=0.05 secs] 
6668.027: [GC (Allocation Failure) [PSYoungGen: 438560K->98800K(494592K)] 957181K->748106K(1892864K), 0.0631598 secs] [Times: user=0.37 sys=0.01, real=0.07 secs] 
6670.025: [GC (Allocation Failure) [PSYoungGen: 404976K->137664K(498176K)] 1054282K->883746K(1896448K), 0.0570923 secs] [Times: user=0.34 sys=0.00, real=0.06 secs] 
6672.563: [GC (Allocation Failure) [PSYoungGen: 443840K->103888K(496640K)] 1189922K->978770K(1894912K), 0.0638365 secs] [Times: user=0.37 sys=0.00, real=0.07 secs] 
6674.339: [GC (Allocation Failure) [PSYoungGen: 417744K->142992K(501248K)] 1292626K->1120159K(1899520K), 0.0525785 secs] [Times: user=0.31 sys=0.00, real=0.05 secs] 
6675.915: [GC (Allocation Failure) [PSYoungGen: 456848K->105920K(504320K)] 1434015K->1216995K(1902592K), 0.0659219 secs] [Times: user=0.39 sys=0.00, real=0.07 secs] 
6678.055: [GC (Allocation Failure) [PSYoungGen: 426944K->147520K(506368K)] 1538019K->1362851K(1904640K), 0.0550281 secs] [Times: user=0.32 sys=0.00, real=0.06 secs] 
6680.081: [GC (Allocation Failure) [PSYoungGen: 468544K->107904K(507904K)] 1683875K->1462208K(1906176K), 0.0653173 secs] [Times: user=0.38 sys=0.00, real=0.07 secs] 
6680.147: [Full GC (Ergonomics) [PSYoungGen: 107904K->0K(507904K)] [ParOldGen: 1354303K->31018K(1398272K)] 1462208K->31018K(1906176K), [Metaspace: 59744K->59744K(1105920K)], 0.0587832 secs] [Times: user=0.21 sys=0.00, real=0.05 secs] 
6681.808: [GC (Allocation Failure) [PSYoungGen: 323584K->148960K(508416K)] 354602K->179978K(1906688K), 0.0295591 secs] [Times: user=0.17 sys=0.00, real=0.03 secs] 
6683.239: [GC (Allocation Failure) [PSYoungGen: 472544K->113488K(508416K)] 503562K->284215K(1906688K), 0.0660603 secs] [Times: user=0.39 sys=0.01, real=0.06 secs] 
6684.640: [GC (Allocation Failure) [PSYoungGen: 438096K->150544K(508928K)] 608823K->431460K(1907200K), 0.0545482 secs] [Times: user=0.32 sys=0.00, real=0.05 secs] 
6686.845: [GC (Allocation Failure) [PSYoungGen: 475152K->110192K(510464K)] 756068K->532212K(1908736K), 0.1033252 secs] [Times: user=0.62 sys=0.00, real=0.11 secs] 
6687.569: [GC (Allocation Failure) [PSYoungGen: 423551K->147680K(509952K)] 845570K->676556K(1908224K), 0.0529511 secs] [Times: user=0.31 sys=0.00, real=0.05 secs] 
6689.934: [GC (Allocation Failure) [PSYoungGen: 472800K->107984K(509952K)] 1001676K->775772K(1908224K), 0.1148087 secs] [Times: user=0.68 sys=0.00, real=0.12 secs] 
6691.118: [GC (Allocation Failure) [PSYoungGen: 434128K->154240K(480768K)] 1101916K->926516K(1879040K), 0.0532741 secs] [Times: user=0.32 sys=0.00, real=0.05 secs] 
6694.553: [GC (Allocation Failure) [PSYoungGen: 480384K->97536K(510464K)] 1252660K->1023433K(1908736K), 0.1514752 secs] [Times: user=0.83 sys=0.00, real=0.15 secs] 
6695.647: [GC (Allocation Failure) [PSYoungGen: 418048K->153632K(474624K)] 1343945K->1170653K(1872896K), 0.0554029 secs] [Times: user=0.33 sys=0.00, real=0.05 secs] 
6698.761: [GC (Allocation Failure) [PSYoungGen: 474144K->97952K(507392K)] 1491165K->1268193K(1905664K), 0.1785148 secs] [Times: user=1.05 sys=0.00, real=0.18 secs] 
6699.248: [GC (Allocation Failure) [PSYoungGen: 412320K->151536K(465920K)] 1582561K->1414091K(1864192K), 0.0560106 secs] [Times: user=0.33 sys=0.00, real=0.05 secs] 
6699.305: [Full GC (Ergonomics) [PSYoungGen: 151536K->0K(465920K)] [ParOldGen: 1262554K->218325K(1398272K)] 1414091K->218325K(1864192K), [Metaspace: 59744K->59744K(1105920K)], 0.5158198 secs] [Times: user=2.40 sys=0.00, real=0.52 secs] 
6703.114: [GC (Allocation Failure) [PSYoungGen: 314368K->93664K(505344K)] 532693K->311989K(1903616K), 0.1254007 secs] [Times: user=0.74 sys=0.00, real=0.13 secs] 
6704.014: [GC (Allocation Failure) [PSYoungGen: 403936K->150000K(460288K)] 622261K->455699K(1858560K), 0.0823222 secs] [Times: user=0.48 sys=0.00, real=0.08 secs] 
6708.137: [GC (Allocation Failure) [PSYoungGen: 460272K->88608K(503296K)] 765971K->544046K(1901568K), 0.1658035 secs] [Times: user=0.99 sys=0.01, real=0.16 secs] 
6709.171: [GC (Allocation Failure) [PSYoungGen: 395296K->147168K(454144K)] 850734K->684937K(1852416K), 0.0530305 secs] [Times: user=0.31 sys=0.00, real=0.05 secs] 
6713.243: [GC (Allocation Failure) [PSYoungGen: 453856K->89408K(502272K)] 991625K->773421K(1900544K), 0.1318112 secs] [Times: user=0.78 sys=0.00, real=0.13 secs] 
6714.271: [GC (Allocation Failure) [PSYoungGen: 389770K->142368K(501248K)] 1073783K->911810K(1899520K), 0.0500885 secs] [Times: user=0.30 sys=0.00, real=0.05 secs] 
6715.545: [GC (Allocation Failure) [PSYoungGen: 447008K->102336K(496128K)] 1216450K->1005198K(1894400K), 0.0638340 secs] [Times: user=0.38 sys=0.00, real=0.07 secs] 
6717.476: [GC (Allocation Failure) [PSYoungGen: 408000K->141904K(498688K)] 1310862K->1143592K(1896960K), 0.0508830 secs] [Times: user=0.30 sys=0.00, real=0.06 secs] 
6719.954: [GC (Allocation Failure) [PSYoungGen: 447568K->100800K(500224K)] 1449256K->1235663K(1898496K), 0.0642258 secs] [Times: user=0.38 sys=0.00, real=0.07 secs] 
6721.831: [GC (Allocation Failure) [PSYoungGen: 413120K->146656K(502784K)] 1547983K->1378824K(1901056K), 0.0511976 secs] [Times: user=0.31 sys=0.00, real=0.05 secs] 
6721.882: [Full GC (Ergonomics) [PSYoungGen: 146656K->0K(502784K)] [ParOldGen: 1232168K->186359K(1398272K)] 1378824K->186359K(1901056K), [Metaspace: 59744K->59744K(1105920K)], 0.4462514 secs] [Times: user=2.07 sys=0.00, real=0.45 secs] 
6723.504: [GC (Allocation Failure) [PSYoungGen: 312320K->103680K(503808K)] 498679K->290039K(1902080K), 0.0326572 secs] [Times: user=0.18 sys=0.00, real=0.04 secs] 
6726.049: [GC (Allocation Failure) [PSYoungGen: 419072K->145824K(504832K)] 605431K->432189K(1903104K), 0.0515577 secs] [Times: user=0.30 sys=0.00, real=0.05 secs] 
6727.453: [GC (Allocation Failure) [PSYoungGen: 461216K->106368K(504320K)] 747581K->529381K(1902592K), 0.0650979 secs] [Times: user=0.38 sys=0.00, real=0.07 secs] 
6729.951: [GC (Allocation Failure) [PSYoungGen: 424320K->148224K(505856K)] 847333K->673989K(1904128K), 0.0904176 secs] [Times: user=0.54 sys=0.01, real=0.09 secs] 
6732.755: [GC (Allocation Failure) [PSYoungGen: 466176K->105520K(507904K)] 991941K->771158K(1906176K), 0.1484952 secs] [Times: user=0.88 sys=0.00, real=0.15 secs] 
6734.784: [GC (Allocation Failure) [PSYoungGen: 425520K->150752K(471040K)] 1091158K->918338K(1869312K), 0.0766391 secs] [Times: user=0.45 sys=0.00, real=0.08 secs] 
6736.562: [GC (Allocation Failure) [PSYoungGen: 470752K->108256K(510976K)] 1238338K->1017882K(1909248K), 0.0676739 secs] [Times: user=0.40 sys=0.01, real=0.07 secs] 
6739.692: [GC (Allocation Failure) [PSYoungGen: 419399K->145648K(507392K)] 1329026K->1159312K(1905664K), 0.1180165 secs] [Times: user=0.70 sys=0.00, real=0.12 secs] 
6742.543: [GC (Allocation Failure) [PSYoungGen: 465136K->104768K(507904K)] 1478800K->1255691K(1906176K), 0.1257281 secs] [Times: user=0.75 sys=0.01, real=0.13 secs] 
6744.202: [GC (Allocation Failure) [PSYoungGen: 420312K->146992K(508416K)] 1571236K->1398329K(1906688K), 0.0518560 secs] [Times: user=0.31 sys=0.00, real=0.05 secs] 
6744.254: [Full GC (Ergonomics) [PSYoungGen: 146992K->0K(508416K)] [ParOldGen: 1251336K->195842K(1398272K)] 1398329K->195842K(1906688K), [Metaspace: 59744K->59744K(1105920K)], 0.4770409 secs] [Times: user=2.21 sys=0.01, real=0.48 secs] 
6746.509: [GC (Allocation Failure) [PSYoungGen: 321536K->106768K(508928K)] 517378K->302610K(1907200K), 0.0663409 secs] [Times: user=0.38 sys=0.01, real=0.06 secs] 
6748.451: [GC (Allocation Failure) [PSYoungGen: 429840K->153872K(477184K)] 625682K->452275K(1875456K), 0.0514699 secs] [Times: user=0.30 sys=0.00, real=0.05 secs] 
6750.570: [GC (Allocation Failure) [PSYoungGen: 476944K->100496K(509952K)] 775347K->552251K(1908224K), 0.1745487 secs] [Times: user=1.03 sys=0.00, real=0.17 secs] 
6751.543: [GC (Allocation Failure) [PSYoungGen: 419472K->170784K(489984K)] 871227K->717254K(1888256K), 0.0563151 secs] [Times: user=0.33 sys=0.00, real=0.06 secs] 
6754.013: [GC (Allocation Failure) [PSYoungGen: 489760K->97264K(500736K)] 1036230K->797531K(1899008K), 0.1608644 secs] [Times: user=0.94 sys=0.01, real=0.16 secs] 
6755.284: [GC (Allocation Failure) [PSYoungGen: 398320K->146768K(499200K)] 1098587K->937951K(1897472K), 0.0544329 secs] [Times: user=0.32 sys=0.00, real=0.06 secs] 
6759.328: [GC (Allocation Failure) [PSYoungGen: 447824K->84512K(499200K)] 1239007K->1022299K(1897472K), 0.1465337 secs] [Times: user=0.87 sys=0.00, real=0.14 secs] 
6760.278: [GC (Allocation Failure) [PSYoungGen: 382641K->139648K(440320K)] 1320428K->1158580K(1838592K), 0.0476467 secs] [Times: user=0.28 sys=0.00, real=0.04 secs] 
6763.166: [GC (Allocation Failure) [PSYoungGen: 440192K->95584K(501248K)] 1459124K->1245516K(1899520K), 0.0625921 secs] [Times: user=0.37 sys=0.00, real=0.07 secs] 
6765.207: [GC (Allocation Failure) [PSYoungGen: 399200K->140735K(498688K)] 1549132K->1382908K(1896960K), 0.0482009 secs] [Times: user=0.28 sys=0.00, real=0.04 secs] 
6765.256: [Full GC (Ergonomics) [PSYoungGen: 140735K->0K(498688K)] [ParOldGen: 1242172K->182114K(1398272K)] 1382908K->182114K(1896960K), [Metaspace: 59744K->59744K(1105920K)], 0.4424073 secs] [Times: user=2.06 sys=0.00, real=0.45 secs] 
6766.792: [GC (Allocation Failure) [PSYoungGen: 303616K->101792K(499200K)] 485730K->283906K(1897472K), 0.0330105 secs] [Times: user=0.19 sys=0.00, real=0.03 secs] 
6769.372: [GC (Allocation Failure) [PSYoungGen: 410528K->142400K(500224K)] 592642K->423599K(1898496K), 0.0509650 secs] [Times: user=0.30 sys=0.00, real=0.05 secs] 
6771.043: [GC (Allocation Failure) [PSYoungGen: 451136K->102016K(502784K)] 732335K->516591K(1901056K), 0.0635753 secs] [Times: user=0.37 sys=0.01, real=0.06 secs] 
6772.222: [GC (Allocation Failure) [PSYoungGen: 417408K->147024K(504832K)] 831983K->661369K(1903104K), 0.0513749 secs] [Times: user=0.30 sys=0.00, real=0.05 secs] 
6773.596: [GC (Allocation Failure) [PSYoungGen: 462416K->110176K(502784K)] 976761K->762408K(1901056K), 0.0650430 secs] [Times: user=0.39 sys=0.00, real=0.07 secs] 
6775.585: [GC (Allocation Failure) [PSYoungGen: 427616K->144896K(504832K)] 1079848K->905069K(1903104K), 0.0548715 secs] [Times: user=0.33 sys=0.00, real=0.06 secs] 
6776.882: [GC (Allocation Failure) [PSYoungGen: 462336K->108464K(506368K)] 1222509K->1003830K(1904640K), 0.0653382 secs] [Times: user=0.39 sys=0.01, real=0.07 secs] 
6779.014: [GC (Allocation Failure) [PSYoungGen: 430512K->151360K(507904K)] 1325878K->1151602K(1906176K), 0.0538049 secs] [Times: user=0.32 sys=0.01, real=0.06 secs] 
6780.650: [GC (Allocation Failure) [PSYoungGen: 473408K->110368K(509440K)] 1473650K->1253162K(1907712K), 0.0673637 secs] [Times: user=0.40 sys=0.00, real=0.07 secs] 
6782.805: [GC (Allocation Failure) [PSYoungGen: 432214K->148192K(508928K)] 1575008K->1398002K(1907200K), 0.0541637 secs] [Times: user=0.32 sys=0.00, real=0.06 secs] 
6782.859: [Full GC (Ergonomics) [PSYoungGen: 148192K->0K(508928K)] [ParOldGen: 1249810K->196123K(1398272K)] 1398002K->196123K(1907200K), [Metaspace: 59756K->59756K(1105920K)], 0.4849692 secs] [Times: user=2.26 sys=0.00, real=0.48 secs] 
6785.592: [GC (Allocation Failure) [PSYoungGen: 322560K->107200K(508928K)] 518683K->303323K(1907200K), 0.0714726 secs] [Times: user=0.42 sys=0.00, real=0.07 secs] 
6787.336: [GC (Allocation Failure) [PSYoungGen: 418449K->144064K(509440K)] 614572K->443755K(1907712K), 0.0503965 secs] [Times: user=0.30 sys=0.00, real=0.05 secs] 
6789.545: [GC (Allocation Failure) [PSYoungGen: 467648K->107296K(508928K)] 767339K->542211K(1907200K), 0.0852531 secs] [Times: user=0.49 sys=0.01, real=0.09 secs] 
6792.074: [GC (Allocation Failure) [PSYoungGen: 419994K->144288K(510464K)] 854909K->682139K(1908736K), 0.0506383 secs] [Times: user=0.30 sys=0.00, real=0.05 secs] 
6794.540: [GC (Allocation Failure) [PSYoungGen: 470432K->111024K(509440K)] 1008283K->784288K(1907712K), 0.1742073 secs] [Times: user=1.04 sys=0.01, real=0.17 secs] 
6795.330: [GC (Allocation Failure) [PSYoungGen: 440240K->154032K(511488K)] 1113504K->934705K(1909760K), 0.0536822 secs] [Times: user=0.30 sys=0.02, real=0.05 secs] 
6798.521: [GC (Allocation Failure) [PSYoungGen: 483248K->100752K(513024K)] 1263921K->1034833K(1911296K), 0.1578918 secs] [Times: user=0.92 sys=0.02, real=0.16 secs] 
6799.500: [GC (GCLocker Initiated GC) [PSYoungGen: 426384K->155776K(481792K)] 1360465K->1184701K(1880064K), 0.1062220 secs] [Times: user=0.63 sys=0.00, real=0.10 secs] 
6803.943: [GC (Allocation Failure) [PSYoungGen: 481408K->97408K(508416K)] 1510353K->1281985K(1906688K), 0.1581062 secs] [Times: user=0.94 sys=0.00, real=0.16 secs] 
6804.352: [GC (Allocation Failure) [PSYoungGen: 414336K->171136K(488448K)] 1598913K->1446970K(1886720K), 0.0576607 secs] [Times: user=0.35 sys=0.00, real=0.06 secs] 
6804.410: [Full GC (Ergonomics) [PSYoungGen: 171136K->0K(488448K)] [ParOldGen: 1275834K->228754K(1398272K)] 1446970K->228754K(1886720K), [Metaspace: 59756K->59756K(1105920K)], 0.5554006 secs] [Times: user=2.61 sys=0.00, real=0.55 secs] 
6808.086: [GC (Allocation Failure) [PSYoungGen: 316928K->93840K(499200K)] 545682K->322595K(1897472K), 0.0818806 secs] [Times: user=0.48 sys=0.00, real=0.09 secs] 
6808.600: [GC (Allocation Failure) [PSYoungGen: 392336K->145024K(498176K)] 621091K->461391K(1896448K), 0.0582729 secs] [Times: user=0.35 sys=0.00, real=0.06 secs] 
6811.469: [GC (Allocation Failure) [PSYoungGen: 443520K->83456K(497664K)] 759887K->544687K(1895936K), 0.1534612 secs] [Times: user=0.91 sys=0.01, real=0.15 secs] 
6811.964: [GC (Allocation Failure) [PSYoungGen: 381440K->145344K(498176K)] 842671K->684280K(1896448K), 0.0510706 secs] [Times: user=0.30 sys=0.00, real=0.05 secs] 
6814.931: [GC (Allocation Failure) [PSYoungGen: 443328K->87008K(497664K)] 982264K->770876K(1895936K), 0.0996193 secs] [Times: user=0.59 sys=0.00, real=0.10 secs] 
6816.466: [GC (Allocation Failure) [PSYoungGen: 385504K->141504K(498176K)] 1069372K->908497K(1896448K), 0.0488824 secs] [Times: user=0.29 sys=0.00, real=0.05 secs] 
6818.318: [GC (Allocation Failure) [PSYoungGen: 440000K->97024K(493056K)] 1206993K->996957K(1891328K), 0.0637002 secs] [Times: user=0.37 sys=0.00, real=0.06 secs] 
6819.561: [GC (Allocation Failure) [PSYoungGen: 397056K->141216K(496128K)] 1296989K->1134866K(1894400K), 0.0495432 secs] [Times: user=0.29 sys=0.00, real=0.05 secs] 
6820.843: [GC (Allocation Failure) [PSYoungGen: 441248K->99232K(496640K)] 1434898K->1225214K(1894912K), 0.0638436 secs] [Times: user=0.38 sys=0.00, real=0.07 secs] 
6823.389: [GC (Allocation Failure) [PSYoungGen: 405920K->141088K(499712K)] 1531902K->1363955K(1897984K), 0.0518987 secs] [Times: user=0.30 sys=0.00, real=0.05 secs] 
6823.440: [Full GC (Ergonomics) [PSYoungGen: 141088K->0K(499712K)] [ParOldGen: 1222867K->171926K(1398272K)] 1363955K->171926K(1897984K), [Metaspace: 59756K->59756K(1105920K)], 0.4203512 secs] [Times: user=1.95 sys=0.00, real=0.42 secs] 
6824.952: [GC (Allocation Failure) [PSYoungGen: 306688K->102849K(498688K)] 478614K->274776K(1896960K), 0.0374148 secs] [Times: user=0.21 sys=0.01, real=0.04 secs] 
6827.440: [GC (Allocation Failure) [PSYoungGen: 415681K->143520K(502272K)] 587608K->416520K(1900544K), 0.0523585 secs] [Times: user=0.31 sys=0.00, real=0.05 secs] 
6828.627: [GC (Allocation Failure) [PSYoungGen: 456352K->107840K(502784K)] 729352K->515288K(1901056K), 0.0640200 secs] [Times: user=0.38 sys=0.01, real=0.06 secs] 
6831.072: [GC (Allocation Failure) [PSYoungGen: 426304K->145360K(505344K)] 833752K->658189K(1903616K), 0.0535902 secs] [Times: user=0.32 sys=0.00, real=0.05 secs] 
6832.341: [GC (Allocation Failure) [PSYoungGen: 463824K->109984K(506368K)] 976653K->758869K(1904640K), 0.0663662 secs] [Times: user=0.40 sys=0.00, real=0.07 secs] 
6834.099: [GC (Allocation Failure) [PSYoungGen: 432544K->147280K(507904K)] 1081429K->903834K(1906176K), 0.0541530 secs] [Times: user=0.33 sys=0.00, real=0.05 secs] 
6836.484: [GC (Allocation Failure) [PSYoungGen: 469840K->110416K(508928K)] 1226394K->1004638K(1907200K), 0.0661629 secs] [Times: user=0.40 sys=0.00, real=0.07 secs] 
6839.272: [GC (Allocation Failure) [PSYoungGen: 436048K->149856K(509952K)] 1330270K->1150941K(1908224K), 0.0545936 secs] [Times: user=0.32 sys=0.00, real=0.06 secs] 
6840.575: [GC (Allocation Failure) [PSYoungGen: 475488K->110880K(510976K)] 1476573K->1252757K(1909248K), 0.0681947 secs] [Times: user=0.39 sys=0.01, real=0.07 secs] 
6842.510: [GC (Allocation Failure) [PSYoungGen: 429392K->147216K(510976K)] 1571269K->1396462K(1909248K), 0.0552324 secs] [Times: user=0.32 sys=0.00, real=0.05 secs] 
6842.565: [Full GC (Ergonomics) [PSYoungGen: 147216K->0K(510976K)] [ParOldGen: 1249245K->195538K(1398272K)] 1396462K->195538K(1909248K), [Metaspace: 59756K->59756K(1105920K)], 0.4723554 secs] [Times: user=2.20 sys=0.00, real=0.48 secs] 
6845.228: [GC (Allocation Failure) [PSYoungGen: 326639K->108416K(510976K)] 522178K->303954K(1909248K), 0.0729261 secs] [Times: user=0.43 sys=0.00, real=0.07 secs] 
6846.121: [GC (Allocation Failure) [PSYoungGen: 436096K->155616K(483328K)] 631634K->455319K(1881600K), 0.0518996 secs] [Times: user=0.31 sys=0.00, real=0.05 secs] 
6849.149: [GC (Allocation Failure) [PSYoungGen: 483296K->99344K(510464K)] 782999K->554428K(1908736K), 0.1632970 secs] [Times: user=0.97 sys=0.00, real=0.16 secs] 
6849.744: [GC (Allocation Failure) [PSYoungGen: 420368K->154848K(476160K)] 875452K->702792K(1874432K), 0.0566870 secs] [Times: user=0.33 sys=0.01, real=0.06 secs] 
6852.077: [GC (Allocation Failure) [PSYoungGen: 475872K->100624K(507904K)] 1023816K->802713K(1906176K), 0.1122513 secs] [Times: user=0.66 sys=0.00, real=0.11 secs] 
6852.610: [GC (Allocation Failure) [PSYoungGen: 415504K->153184K(468480K)] 1117593K->950489K(1866752K), 0.0592929 secs] [Times: user=0.35 sys=0.00, real=0.06 secs] 
6855.806: [GC (Allocation Failure) [PSYoungGen: 468064K->93424K(504832K)] 1265369K->1043810K(1903104K), 0.1418651 secs] [Times: user=0.84 sys=0.00, real=0.15 secs] 
6856.285: [GC (Allocation Failure) [PSYoungGen: 403184K->151456K(461312K)] 1353570K->1189146K(1859584K), 0.0637818 secs] [Times: user=0.37 sys=0.00, real=0.07 secs] 
6860.990: [GC (Allocation Failure) [PSYoungGen: 461216K->88592K(502272K)] 1498906K->1277659K(1900544K), 0.1716640 secs] [Times: user=1.02 sys=0.00, real=0.17 secs] 
6861.429: [GC (Allocation Failure) [PSYoungGen: 393744K->147344K(452608K)] 1582811K->1419027K(1850880K), 0.0545686 secs] [Times: user=0.31 sys=0.00, real=0.05 secs] 
6861.484: [Full GC (Ergonomics) [PSYoungGen: 147344K->0K(452608K)] [ParOldGen: 1271683K->218473K(1398272K)] 1419027K->218473K(1850880K), [Metaspace: 59756K->59756K(1105920K)], 0.5238884 secs] [Times: user=2.46 sys=0.00, real=0.53 secs] 
6864.535: [GC (Allocation Failure) [PSYoungGen: 305152K->91392K(501760K)] 523625K->309865K(1900032K), 0.1258885 secs] [Times: user=0.74 sys=0.00, real=0.13 secs] 
6865.060: [GC (Allocation Failure) [PSYoungGen: 395008K->147456K(451584K)] 613481K->451278K(1849856K), 0.0531215 secs] [Times: user=0.31 sys=0.00, real=0.05 secs] 
6868.050: [GC (Allocation Failure) [PSYoungGen: 451072K->90112K(501760K)] 754894K->540926K(1900032K), 0.1698932 secs] [Times: user=1.01 sys=0.00, real=0.17 secs] 
6868.847: [GC (Allocation Failure) [PSYoungGen: 382793K->137696K(440832K)] 833607K->673011K(1839104K), 0.0492796 secs] [Times: user=0.29 sys=0.00, real=0.05 secs] 
6870.340: [GC (Allocation Failure) [PSYoungGen: 440800K->98560K(501760K)] 976115K->763067K(1900032K), 0.0773191 secs] [Times: user=0.45 sys=0.00, real=0.08 secs] 
6873.380: [GC (Allocation Failure) [PSYoungGen: 404736K->144672K(498688K)] 1069243K->903256K(1896960K), 0.0490577 secs] [Times: user=0.29 sys=0.00, real=0.05 secs] 
6875.394: [GC (Allocation Failure) [PSYoungGen: 450848K->100512K(501248K)] 1209432K->994624K(1899520K), 0.1175451 secs] [Times: user=0.69 sys=0.00, real=0.12 secs] 
6876.776: [GC (Allocation Failure) [PSYoungGen: 412320K->147584K(502784K)] 1306432K->1137929K(1901056K), 0.0507025 secs] [Times: user=0.29 sys=0.01, real=0.06 secs] 
6879.173: [GC (Allocation Failure) [PSYoungGen: 459392K->102880K(503808K)] 1449737K->1231953K(1902080K), 0.0647360 secs] [Times: user=0.38 sys=0.00, real=0.07 secs] 
6880.777: [GC (Allocation Failure) [PSYoungGen: 416736K->157136K(471040K)] 1545809K->1386058K(1869312K), 0.0526858 secs] [Times: user=0.31 sys=0.00, real=0.06 secs] 
6880.829: [Full GC (Ergonomics) [PSYoungGen: 157136K->0K(471040K)] [ParOldGen: 1228922K->185585K(1398272K)] 1386058K->185585K(1869312K), [Metaspace: 59756K->59756K(1105920K)], 0.4544709 secs] [Times: user=2.10 sys=0.00, real=0.45 secs] 
6882.557: [GC (Allocation Failure) [PSYoungGen: 313856K->104448K(505856K)] 499441K->290033K(1904128K), 0.0324035 secs] [Times: user=0.19 sys=0.01, real=0.04 secs] 
6884.865: [GC (Allocation Failure) [PSYoungGen: 413696K->143024K(502272K)] 599281K->429614K(1900544K), 0.0515126 secs] [Times: user=0.30 sys=0.00, real=0.05 secs] 
6886.111: [GC (Allocation Failure) [PSYoungGen: 452272K->105376K(501760K)] 738862K->525989K(1900032K), 0.0654091 secs] [Times: user=0.38 sys=0.00, real=0.07 secs] 
6888.287: [GC (Allocation Failure) [PSYoungGen: 417696K->142208K(502272K)] 838309K->665462K(1900544K), 0.0557476 secs] [Times: user=0.33 sys=0.00, real=0.05 secs] 
6890.409: [GC (Allocation Failure) [PSYoungGen: 454528K->104384K(503296K)] 977782K->761326K(1901568K), 0.0647479 secs] [Times: user=0.38 sys=0.00, real=0.06 secs] 
6892.448: [GC (Allocation Failure) [PSYoungGen: 422848K->148256K(505856K)] 1079790K->907447K(1904128K), 0.0530316 secs] [Times: user=0.31 sys=0.00, real=0.05 secs] 
6894.604: [GC (Allocation Failure) [PSYoungGen: 466720K->106736K(507392K)] 1225911K->1005308K(1905664K), 0.0867940 secs] [Times: user=0.51 sys=0.00, real=0.09 secs] 
6897.231: [GC (Allocation Failure) [PSYoungGen: 427760K->152288K(473600K)] 1326332K->1154008K(1871872K), 0.0607084 secs] [Times: user=0.35 sys=0.00, real=0.06 secs] 
6898.976: [GC (Allocation Failure) [PSYoungGen: 473312K->106592K(510464K)] 1475032K->1252032K(1908736K), 0.0662537 secs] [Times: user=0.40 sys=0.00, real=0.07 secs] 
6901.843: [GC (GCLocker Initiated GC) [PSYoungGen: 425568K->147664K(507392K)] 1571008K->1396086K(1905664K), 0.1067417 secs] [Times: user=0.63 sys=0.01, real=0.11 secs] 
6901.950: [Full GC (Ergonomics) [PSYoungGen: 147664K->0K(507392K)] [ParOldGen: 1248421K->193433K(1398272K)] 1396086K->193433K(1905664K), [Metaspace: 59756K->59756K(1105920K)], 0.5092964 secs] [Times: user=2.41 sys=0.00, real=0.51 secs] 
6903.737: [GC (Allocation Failure) [PSYoungGen: 318976K->108544K(506368K)] 512413K->301981K(1904640K), 0.0419377 secs] [Times: user=0.25 sys=0.00, real=0.04 secs] 
6905.714: [GC (Allocation Failure) [PSYoungGen: 424366K->143776K(507392K)] 617803K->442734K(1905664K), 0.0554949 secs] [Times: user=0.33 sys=0.00, real=0.06 secs] 
6908.558: [GC (Allocation Failure) [PSYoungGen: 463776K->106464K(506880K)] 762734K->540734K(1905152K), 0.0877294 secs] [Times: user=0.52 sys=0.00, real=0.08 secs] 
6910.267: [GC (Allocation Failure) [PSYoungGen: 419164K->144608K(508928K)] 853434K->681547K(1907200K), 0.0507640 secs] [Times: user=0.30 sys=0.00, real=0.05 secs] 
6912.362: [GC (Allocation Failure) [PSYoungGen: 468192K->108272K(508928K)] 1005131K->780911K(1907200K), 0.1633240 secs] [Times: user=0.97 sys=0.00, real=0.16 secs] 
6913.967: [GC (Allocation Failure) [PSYoungGen: 434928K->153760K(480768K)] 1107567K->930500K(1879040K), 0.0533883 secs] [Times: user=0.31 sys=0.01, real=0.05 secs] 
6916.444: [GC (Allocation Failure) [PSYoungGen: 480416K->99696K(511488K)] 1257156K->1029133K(1909760K), 0.1666303 secs] [Times: user=0.99 sys=0.00, real=0.17 secs] 
6917.299: [GC (Allocation Failure) [PSYoungGen: 422256K->155200K(478208K)] 1351693K->1177961K(1876480K), 0.0572069 secs] [Times: user=0.33 sys=0.01, real=0.05 secs] 
6920.413: [GC (Allocation Failure) [PSYoungGen: 477760K->99040K(507904K)] 1500521K->1276545K(1906176K), 0.1833915 secs] [Times: user=1.00 sys=0.00, real=0.18 secs] 
6920.849: [GC (Allocation Failure) [PSYoungGen: 414432K->154464K(470016K)] 1591937K->1425042K(1868288K), 0.0569200 secs] [Times: user=0.34 sys=0.00, real=0.05 secs] 
6920.906: [Full GC (Ergonomics) [PSYoungGen: 154464K->0K(470016K)] [ParOldGen: 1270578K->223509K(1398272K)] 1425042K->223509K(1868288K), [Metaspace: 59756K->59756K(1105920K)], 0.5334123 secs] [Times: user=2.49 sys=0.00, real=0.54 secs] 
6924.370: [GC (Allocation Failure) [PSYoungGen: 315392K->94080K(504832K)] 538901K->317589K(1903104K), 0.1005826 secs] [Times: user=0.59 sys=0.00, real=0.10 secs] 
6924.740: [GC (Allocation Failure) [PSYoungGen: 403840K->150208K(460288K)] 627349K->461802K(1858560K), 0.0545982 secs] [Times: user=0.32 sys=0.00, real=0.05 secs] 
6928.344: [GC (Allocation Failure) [PSYoungGen: 459968K->89264K(502784K)] 771562K->550851K(1901056K), 0.1620305 secs] [Times: user=0.96 sys=0.00, real=0.16 secs] 
6929.086: [GC (GCLocker Initiated GC) [PSYoungGen: 395440K->148336K(454656K)] 857027K->692472K(1852928K), 0.0655755 secs] [Times: user=0.39 sys=0.00, real=0.07 secs] 
6932.066: [GC (Allocation Failure) [PSYoungGen: 454512K->90272K(501760K)] 998650K->782557K(1900032K), 0.1575473 secs] [Times: user=0.93 sys=0.01, real=0.16 secs] 
6933.341: [GC (Allocation Failure) [PSYoungGen: 393888K->146912K(450560K)] 1086173K->922998K(1848832K), 0.0527661 secs] [Times: user=0.32 sys=0.00, real=0.05 secs] 
6934.965: [GC (Allocation Failure) [PSYoungGen: 448180K->92832K(502272K)] 1224266K->1015382K(1900544K), 0.1211804 secs] [Times: user=0.72 sys=0.00, real=0.12 secs] 
6935.971: [GC (Allocation Failure) [PSYoungGen: 391294K->138992K(442880K)] 1313845K->1150220K(1841152K), 0.0500587 secs] [Times: user=0.30 sys=0.00, real=0.05 secs] 
6938.572: [GC (Allocation Failure) [PSYoungGen: 442608K->100256K(502272K)] 1453836K->1241127K(1900544K), 0.0625983 secs] [Times: user=0.37 sys=0.00, real=0.06 secs] 
6940.232: [GC (Allocation Failure) [PSYoungGen: 406944K->142112K(499200K)] 1547815K->1379436K(1897472K), 0.0499392 secs] [Times: user=0.29 sys=0.00, real=0.05 secs] 
6940.282: [Full GC (Ergonomics) [PSYoungGen: 142112K->0K(499200K)] [ParOldGen: 1237324K->187208K(1398272K)] 1379436K->187208K(1897472K), [Metaspace: 59756K->59756K(1105920K)], 0.4536297 secs] [Times: user=2.12 sys=0.00, real=0.45 secs] 
6943.522: [GC (Allocation Failure) [PSYoungGen: 306688K->100816K(502784K)] 493896K->288025K(1901056K), 0.0316404 secs] [Times: user=0.18 sys=0.00, real=0.03 secs] 
6946.049: [GC (Allocation Failure) [PSYoungGen: 414160K->144640K(503296K)] 601369K->429349K(1901568K), 0.1175064 secs] [Times: user=0.69 sys=0.01, real=0.11 secs] 
6948.392: [GC (Allocation Failure) [PSYoungGen: 456264K->103248K(503808K)] 740973K->523969K(1902080K), 0.0638037 secs] [Times: user=0.37 sys=0.00, real=0.06 secs] 
6950.484: [GC (Allocation Failure) [PSYoungGen: 420176K->145984K(505344K)] 840897K->668014K(1903616K), 0.0520277 secs] [Times: user=0.31 sys=0.00, real=0.05 secs] 
6952.445: [GC (Allocation Failure) [PSYoungGen: 462912K->105440K(505856K)] 984942K->764750K(1904128K), 0.0649569 secs] [Times: user=0.39 sys=0.00, real=0.07 secs] 
6955.033: [GC (Allocation Failure) [PSYoungGen: 424928K->148784K(506880K)] 1084238K->909535K(1905152K), 0.0525663 secs] [Times: user=0.32 sys=0.00, real=0.05 secs] 
6956.356: [GC (Allocation Failure) [PSYoungGen: 468272K->110096K(505856K)] 1229023K->1010319K(1904128K), 0.0659573 secs] [Times: user=0.39 sys=0.01, real=0.07 secs] 
6958.029: [GC (Allocation Failure) [PSYoungGen: 430608K->148928K(506880K)] 1330831K->1155867K(1905152K), 0.0542782 secs] [Times: user=0.32 sys=0.00, real=0.05 secs] 
6959.569: [GC (Allocation Failure) [PSYoungGen: 469440K->110832K(507904K)] 1476379K->1257764K(1906176K), 0.0674889 secs] [Times: user=0.39 sys=0.01, real=0.06 secs] 
6960.523: [GC (Allocation Failure) [PSYoungGen: 420865K->144224K(508416K)] 1567797K->1398240K(1906688K), 0.0528336 secs] [Times: user=0.31 sys=0.00, real=0.05 secs] 
6960.576: [Full GC (Ergonomics) [PSYoungGen: 144224K->0K(508416K)] [ParOldGen: 1254016K->196702K(1398272K)] 1398240K->196702K(1906688K), [Metaspace: 59756K->59756K(1105920K)], 0.4795810 secs] [Times: user=2.24 sys=0.01, real=0.48 secs] 
6963.137: [GC (Allocation Failure) [PSYoungGen: 322560K->108048K(508416K)] 519262K->304751K(1906688K), 0.0755724 secs] [Times: user=0.45 sys=0.00, real=0.07 secs] 
6963.985: [GC (Allocation Failure) [PSYoungGen: 433680K->152928K(509952K)] 630383K->454103K(1908224K), 0.0726592 secs] [Times: user=0.43 sys=0.00, real=0.08 secs] 
6967.798: [GC (Allocation Failure) [PSYoungGen: 478560K->97328K(510976K)] 779735K->551247K(1909248K), 0.1789334 secs] [Times: user=1.07 sys=0.00, real=0.18 secs] 
6969.139: [GC (Allocation Failure) [PSYoungGen: 419376K->155616K(477696K)] 873295K->700319K(1875968K), 0.0555226 secs] [Times: user=0.33 sys=0.00, real=0.05 secs] 
6972.428: [GC (Allocation Failure) [PSYoungGen: 477664K->99264K(507392K)] 1022367K->799199K(1905664K), 0.1612169 secs] [Times: user=0.96 sys=0.01, real=0.16 secs] 
6973.451: [GC (Allocation Failure) [PSYoungGen: 413632K->149344K(463872K)] 1113567K->943092K(1862144K), 0.0679625 secs] [Times: user=0.40 sys=0.00, real=0.07 secs] 
6977.403: [GC (Allocation Failure) [PSYoungGen: 463712K->92960K(505856K)] 1257460K->1035756K(1904128K), 0.1748525 secs] [Times: user=1.04 sys=0.01, real=0.18 secs] 
6978.029: [GC (Allocation Failure) [PSYoungGen: 404768K->151072K(463360K)] 1347564K->1180709K(1861632K), 0.0553573 secs] [Times: user=0.33 sys=0.00, real=0.05 secs] 
6980.940: [GC (Allocation Failure) [PSYoungGen: 462880K->92576K(503808K)] 1492517K->1273057K(1902080K), 0.1647559 secs] [Times: user=0.98 sys=0.00, real=0.16 secs] 
6981.664: [GC (Allocation Failure) [PSYoungGen: 400288K->148544K(456704K)] 1580769K->1415142K(1854976K), 0.0620993 secs] [Times: user=0.37 sys=0.00, real=0.06 secs] 
6981.726: [Full GC (Ergonomics) [PSYoungGen: 148544K->0K(456704K)] [ParOldGen: 1266598K->214069K(1398272K)] 1415142K->214069K(1854976K), [Metaspace: 59756K->59756K(1105920K)], 0.5149430 secs] [Times: user=2.39 sys=0.00, real=0.52 secs] 
6985.095: [GC (Allocation Failure) [PSYoungGen: 307712K->91008K(502784K)] 521781K->305077K(1901056K), 0.1456335 secs] [Times: user=0.87 sys=0.00, real=0.15 secs] 
6986.166: [GC (Allocation Failure) [PSYoungGen: 396672K->147936K(453632K)] 610741K->446340K(1851904K), 0.0862626 secs] [Times: user=0.52 sys=0.00, real=0.09 secs] 
6989.143: [GC (Allocation Failure) [PSYoungGen: 453600K->89792K(502272K)] 752004K->535732K(1900544K), 0.1635003 secs] [Times: user=0.96 sys=0.01, real=0.17 secs] 
6990.449: [GC (Allocation Failure) [PSYoungGen: 389859K->141376K(500736K)] 835799K->673145K(1899008K), 0.0487784 secs] [Times: user=0.28 sys=0.00, real=0.05 secs] 
6992.147: [GC (Allocation Failure) [PSYoungGen: 445504K->101472K(496640K)] 977273K->766021K(1894912K), 0.0632070 secs] [Times: user=0.37 sys=0.00, real=0.06 secs] 
6993.669: [GC (Allocation Failure) [PSYoungGen: 407136K->144224K(498688K)] 1071685K->906942K(1896960K), 0.0501490 secs] [Times: user=0.29 sys=0.00, real=0.05 secs] 
6995.563: [GC (Allocation Failure) [PSYoungGen: 449888K->100864K(501248K)] 1212606K->999090K(1899520K), 0.0650535 secs] [Times: user=0.38 sys=0.00, real=0.07 secs] 
6997.995: [GC (Allocation Failure) [PSYoungGen: 412160K->143248K(502784K)] 1310386K->1138799K(1901056K), 0.0516156 secs] [Times: user=0.31 sys=0.00, real=0.05 secs] 
7000.731: [GC (Allocation Failure) [PSYoungGen: 452839K->101744K(502272K)] 1448391K->1231475K(1900544K), 0.0844972 secs] [Times: user=0.50 sys=0.00, real=0.08 secs] 
7002.525: [GC (Allocation Failure) [PSYoungGen: 416624K->147168K(504320K)] 1546355K->1376352K(1902592K), 0.0528579 secs] [Times: user=0.31 sys=0.00, real=0.06 secs] 
7002.578: [Full GC (Ergonomics) [PSYoungGen: 147168K->0K(504320K)] [ParOldGen: 1229183K->183154K(1398272K)] 1376352K->183154K(1902592K), [Metaspace: 59756K->59756K(1105920K)], 0.4206062 secs] [Times: user=1.82 sys=0.00, real=0.42 secs] 
7004.125: [GC (Allocation Failure) [PSYoungGen: 314880K->105632K(504832K)] 498034K->288786K(1903104K), 0.0492858 secs] [Times: user=0.29 sys=0.01, real=0.05 secs] 
7006.573: [GC (Allocation Failure) [PSYoungGen: 423072K->147040K(505856K)] 606226K->432779K(1904128K), 0.0523025 secs] [Times: user=0.31 sys=0.00, real=0.05 secs] 
7008.688: [GC (Allocation Failure) [PSYoungGen: 464480K->106880K(505856K)] 750219K->530447K(1904128K), 0.0645735 secs] [Times: user=0.38 sys=0.00, real=0.06 secs] 
7011.223: [GC (Allocation Failure) [PSYoungGen: 426368K->148880K(506880K)] 849935K->675664K(1905152K), 0.0526857 secs] [Times: user=0.31 sys=0.00, real=0.05 secs] 
7013.143: [GC (Allocation Failure) [PSYoungGen: 468368K->107024K(508416K)] 995152K->774061K(1906688K), 0.0877073 secs] [Times: user=0.52 sys=0.00, real=0.09 secs] 
7015.104: [GC (Allocation Failure) [PSYoungGen: 428048K->149904K(508416K)] 1095085K->919893K(1906688K), 0.0527956 secs] [Times: user=0.31 sys=0.00, real=0.05 secs] 
7017.674: [GC (Allocation Failure) [PSYoungGen: 470928K->110304K(507392K)] 1240917K->1021397K(1905664K), 0.1607096 secs] [Times: user=0.96 sys=0.00, real=0.16 secs] 
7019.050: [GC (Allocation Failure) [PSYoungGen: 421124K->140752K(507904K)] 1332217K->1158586K(1906176K), 0.0591714 secs] [Times: user=0.35 sys=0.00, real=0.06 secs] 
7021.242: [GC (Allocation Failure) [PSYoungGen: 461776K->107072K(505856K)] 1479610K->1257042K(1904128K), 0.1087793 secs] [Times: user=0.65 sys=0.00, real=0.11 secs] 
7023.546: [GC (Allocation Failure) [PSYoungGen: 432192K->153696K(508928K)] 1582162K->1406566K(1907200K), 0.0530156 secs] [Times: user=0.32 sys=0.00, real=0.06 secs] 
7023.599: [Full GC (Ergonomics) [PSYoungGen: 153696K->0K(508928K)] [ParOldGen: 1252870K->205383K(1398272K)] 1406566K->205383K(1907200K), [Metaspace: 59756K->59756K(1105920K)], 0.4778191 secs] [Times: user=2.22 sys=0.00, real=0.48 secs] 
7026.093: [GC (Allocation Failure) [PSYoungGen: 325120K->98945K(511488K)] 530503K->304329K(1909760K), 0.1834340 secs] [Times: user=1.07 sys=0.00, real=0.19 secs] 
7027.461: [GC (Allocation Failure) [PSYoungGen: 421505K->153152K(476160K)] 626889K->451385K(1874432K), 0.0805459 secs] [Times: user=0.47 sys=0.01, real=0.08 secs] 
7030.592: [GC (Allocation Failure) [PSYoungGen: 475712K->98528K(508416K)] 773945K->549957K(1906688K), 0.1611291 secs] [Times: user=0.96 sys=0.00, real=0.16 secs] 
7031.447: [GC (Allocation Failure) [PSYoungGen: 414944K->153440K(470016K)] 866373K->697574K(1868288K), 0.0969242 secs] [Times: user=0.58 sys=0.00, real=0.09 secs] 
7034.664: [GC (Allocation Failure) [PSYoungGen: 469856K->91520K(504832K)] 1013990K->788902K(1903104K), 0.1442104 secs] [Times: user=0.85 sys=0.01, real=0.15 secs] 
7035.689: [GC (Allocation Failure) [PSYoungGen: 401792K->151488K(461824K)] 1099174K->933709K(1860096K), 0.0545867 secs] [Times: user=0.33 sys=0.00, real=0.05 secs] 
7039.552: [GC (Allocation Failure) [PSYoungGen: 461760K->89184K(502272K)] 1243981K->1022549K(1900544K), 0.1488938 secs] [Times: user=0.89 sys=0.00, real=0.15 secs] 
7040.326: [GC (Allocation Failure) [PSYoungGen: 394336K->148752K(454144K)] 1327701K->1165775K(1852416K), 0.0570113 secs] [Times: user=0.33 sys=0.00, real=0.06 secs] 
7043.140: [GC (Allocation Failure) [PSYoungGen: 452079K->88288K(501248K)] 1469102K->1254082K(1899520K), 0.1575489 secs] [Times: user=0.94 sys=0.00, real=0.16 secs] 
7043.810: [GC (Allocation Failure) [PSYoungGen: 380460K->138048K(440832K)] 1546254K->1388636K(1839104K), 0.0499865 secs] [Times: user=0.29 sys=0.00, real=0.05 secs] 
7043.860: [Full GC (Ergonomics) [PSYoungGen: 138048K->0K(440832K)] [ParOldGen: 1250588K->195640K(1398272K)] 1388636K->195640K(1839104K), [Metaspace: 59756K->59756K(1105920K)], 0.4857292 secs] [Times: user=2.26 sys=0.00, real=0.48 secs] 
7045.586: [GC (Allocation Failure) [PSYoungGen: 302592K->98144K(501760K)] 498232K->293784K(1900032K), 0.0305006 secs] [Times: user=0.18 sys=0.00, real=0.03 secs] 
7047.776: [GC (Allocation Failure) [PSYoungGen: 403808K->142784K(498688K)] 599448K->432885K(1896960K), 0.0483982 secs] [Times: user=0.28 sys=0.00, real=0.05 secs] 
7049.079: [GC (Allocation Failure) [PSYoungGen: 448448K->104896K(499712K)] 738549K->528765K(1897984K), 0.0641816 secs] [Times: user=0.38 sys=0.00, real=0.06 secs] 
7051.205: [GC (Allocation Failure) [PSYoungGen: 416704K->142752K(501760K)] 840573K->668010K(1900032K), 0.0514003 secs] [Times: user=0.31 sys=0.00, real=0.06 secs] 
7053.742: [GC (Allocation Failure) [PSYoungGen: 453141K->104624K(503296K)] 978399K->763103K(1901568K), 0.0645343 secs] [Times: user=0.38 sys=0.00, real=0.06 secs] 
7056.185: [GC (Allocation Failure) [PSYoungGen: 422064K->145536K(505344K)] 1080543K->905887K(1903616K), 0.0661787 secs] [Times: user=0.39 sys=0.00, real=0.07 secs] 
7058.444: [GC (Allocation Failure) [PSYoungGen: 462976K->106896K(505856K)] 1223327K->1004387K(1904128K), 0.0658510 secs] [Times: user=0.39 sys=0.00, real=0.07 secs] 
7060.824: [GC (Allocation Failure) [PSYoungGen: 427920K->150848K(507392K)] 1325411K->1151263K(1905664K), 0.0535522 secs] [Times: user=0.32 sys=0.00, real=0.06 secs] 
7062.237: [GC (Allocation Failure) [PSYoungGen: 471872K->109312K(508928K)] 1472287K->1251703K(1907200K), 0.0673689 secs] [Times: user=0.39 sys=0.00, real=0.06 secs] 
7064.619: [GC (Allocation Failure) [PSYoungGen: 430848K->147680K(508416K)] 1573239K->1395848K(1906688K), 0.0761711 secs] [Times: user=0.45 sys=0.01, real=0.07 secs] 
7064.695: [Full GC (Ergonomics) [PSYoungGen: 147680K->0K(508416K)] [ParOldGen: 1248168K->193812K(1398272K)] 1395848K->193812K(1906688K), [Metaspace: 59756K->59756K(1105920K)], 0.4787397 secs] [Times: user=2.22 sys=0.00, real=0.48 secs] 
7066.841: [GC (Allocation Failure) [PSYoungGen: 321536K->105984K(508416K)] 515348K->299796K(1906688K), 0.0317811 secs] [Times: user=0.19 sys=0.00, real=0.03 secs] 
7069.150: [GC (Allocation Failure) [PSYoungGen: 422827K->146192K(508928K)] 616639K->442478K(1907200K), 0.0511666 secs] [Times: user=0.29 sys=0.01, real=0.05 secs] 
7071.259: [GC (Allocation Failure) [PSYoungGen: 468752K->106944K(508416K)] 765038K->540621K(1906688K), 0.1058093 secs] [Times: user=0.63 sys=0.00, real=0.10 secs] 
7073.726: [GC (Allocation Failure) [PSYoungGen: 419228K->144288K(509440K)] 852905K->680714K(1907712K), 0.0507699 secs] [Times: user=0.31 sys=0.00, real=0.06 secs] 
7075.580: [GC (Allocation Failure) [PSYoungGen: 468384K->110752K(507904K)] 1004810K->782522K(1906176K), 0.1359532 secs] [Times: user=0.81 sys=0.00, real=0.13 secs] 
7077.134: [GC (Allocation Failure) [PSYoungGen: 437408K->153840K(509952K)] 1109178K->931931K(1908224K), 0.1498581 secs] [Times: user=0.89 sys=0.00, real=0.15 secs] 
7078.902: [GC (Allocation Failure) [PSYoungGen: 480496K->99680K(512000K)] 1258587K->1031443K(1910272K), 0.1567685 secs] [Times: user=0.92 sys=0.01, real=0.16 secs] 
7079.734: [GC (Allocation Failure) [PSYoungGen: 423264K->155456K(479232K)] 1355027K->1180434K(1877504K), 0.0580483 secs] [Times: user=0.34 sys=0.00, real=0.06 secs] 
7081.745: [GC (Allocation Failure) [PSYoungGen: 479040K->96096K(507904K)] 1504018K->1275850K(1906176K), 0.1554659 secs] [Times: user=0.92 sys=0.00, real=0.16 secs] 
7082.151: [GC (Allocation Failure) [PSYoungGen: 412000K->154112K(470528K)] 1591754K->1423587K(1868800K), 0.0574216 secs] [Times: user=0.34 sys=0.00, real=0.06 secs] 
7082.209: [Full GC (Ergonomics) [PSYoungGen: 154112K->0K(470528K)] [ParOldGen: 1269475K->223051K(1398272K)] 1423587K->223051K(1868800K), [Metaspace: 59756K->59756K(1105920K)], 0.5412420 secs] [Times: user=2.54 sys=0.00, real=0.54 secs] 
Heap
 PSYoungGen      total 470528K, used 159423K [0x00000000d5580000, 0x0000000100000000, 0x0000000100000000)
  eden space 315904K, 50% used [0x00000000d5580000,0x00000000df12fed0,0x00000000e8a00000)
  fr