1.077: [GC (Allocation Failure) [PSYoungGen: 128000K->13068K(148992K)] 128000K->13092K(488960K), 0.1077547 secs] [Times: user=0.01 sys=0.01, real=0.11 secs] 
1.311: [GC (Metadata GC Threshold) [PSYoungGen: 49467K->6011K(148992K)] 49491K->6107K(488960K), 0.0042692 secs] [Times: user=0.01 sys=0.00, real=0.01 secs] 
1.315: [Full GC (Metadata GC Threshold) [PSYoungGen: 6011K->0K(148992K)] [ParOldGen: 96K->5936K(198656K)] 6107K->5936K(347648K), [Metaspace: 20436K->20436K(1067008K)], 0.0147492 secs] [Times: user=0.04 sys=0.00, real=0.01 secs] 
1.862: [GC (Allocation Failure) [PSYoungGen: 128000K->10020K(148992K)] 133936K->15965K(347648K), 0.0054527 secs] [Times: user=0.01 sys=0.00, real=0.01 secs] 
2.787: [GC (Metadata GC Threshold) [PSYoungGen: 39691K->4730K(197632K)] 45636K->10683K(396288K), 0.0026102 secs] [Times: user=0.01 sys=0.01, real=0.00 secs] 
2.789: [Full GC (Metadata GC Threshold) [PSYoungGen: 4730K->0K(197632K)] [ParOldGen: 5952K->8922K(308224K)] 10683K->8922K(505856K), [Metaspace: 33724K->33724K(1079296K)], 0.0151349 secs] [Times: user=0.05 sys=0.00, real=0.02 secs] 
3.717: [GC (Allocation Failure) [PSYoungGen: 183296K->18270K(204288K)] 192218K->27200K(512512K), 0.0066222 secs] [Times: user=0.03 sys=0.00, real=0.01 secs] 
4.252: [GC (Allocation Failure) [PSYoungGen: 201566K->13250K(283136K)] 210496K->95917K(591360K), 0.0097096 secs] [Times: user=0.05 sys=0.01, real=0.01 secs] 
4.891: [GC (Allocation Failure) [PSYoungGen: 276418K->4496K(283136K)] 359085K->218242K(591360K), 0.0164877 secs] [Times: user=0.09 sys=0.00, real=0.02 secs] 
4.908: [Full GC (Ergonomics) [PSYoungGen: 4496K->0K(283136K)] [ParOldGen: 213746K->175873K(667648K)] 218242K->175873K(950784K), [Metaspace: 52178K->52178K(1097728K)], 0.0582177 secs] [Times: user=0.26 sys=0.00, real=0.06 secs] 
6.410: [GC (Allocation Failure) [PSYoungGen: 263168K->1840K(374784K)] 439041K->210489K(1042432K), 0.0044252 secs] [Times: user=0.02 sys=0.00, real=0.01 secs] 
8.421: [GC (Allocation Failure) [PSYoungGen: 374576K->2136K(414720K)] 583225K->210793K(1082368K), 0.0026335 secs] [Times: user=0.01 sys=0.01, real=0.01 secs] 
10.637: [GC (Allocation Failure) [PSYoungGen: 389254K->18845K(470016K)] 597911K->227510K(1137664K), 0.0039095 secs] [Times: user=0.01 sys=0.01, real=0.00 secs] 
14.664: [GC (Allocation Failure) [PSYoungGen: 468381K->3317K(473088K)] 677046K->211990K(1140736K), 0.0033123 secs] [Times: user=0.01 sys=0.01, real=0.00 secs] 
18.359: [GC (Allocation Failure) [PSYoungGen: 452853K->2445K(516096K)] 661526K->211118K(1183744K), 0.0020931 secs] [Times: user=0.01 sys=0.00, real=0.00 secs] 
22.068: [GC (Allocation Failure) [PSYoungGen: 508813K->2522K(528896K)] 717486K->211203K(1196544K), 0.0022253 secs] [Times: user=0.01 sys=0.00, real=0.00 secs] 
26.649: [GC (Allocation Failure) [PSYoungGen: 508890K->2554K(560640K)] 717571K->211243K(1228288K), 0.0023845 secs] [Times: user=0.01 sys=0.00, real=0.00 secs] 
30.840: [GC (Allocation Failure) [PSYoungGen: 551930K->2618K(570880K)] 760619K->211307K(1238528K), 0.0023506 secs] [Times: user=0.01 sys=0.00, real=0.00 secs] 
33.998: [GC (Allocation Failure) [PSYoungGen: 551994K->2618K(596480K)] 760683K->211315K(1264128K), 0.0024551 secs] [Times: user=0.01 sys=0.00, real=0.00 secs] 
37.342: [GC (Allocation Failure) [PSYoungGen: 585274K->2765K(568832K)] 793971K->211470K(1236480K), 0.0025559 secs] [Times: user=0.01 sys=0.00, real=0.01 secs] 
41.273: [GC (Allocation Failure) [PSYoungGen: 568525K->2714K(552448K)] 777230K->211419K(1220096K), 0.0025129 secs] [Times: user=0.01 sys=0.00, real=0.00 secs] 
45.371: [GC (Allocation Failure) [PSYoungGen: 552090K->2666K(536576K)] 760795K->211371K(1204224K), 0.0021349 secs] [Times: user=0.01 sys=0.00, real=0.00 secs] 
49.513: [GC (Allocation Failure) [PSYoungGen: 536170K->2637K(521728K)] 744875K->211350K(1189376K), 0.0021768 secs] [Times: user=0.01 sys=0.00, real=0.00 secs] 
52.495: [GC (Allocation Failure) [PSYoungGen: 521293K->2573K(507392K)] 730006K->211286K(1175040K), 0.0035840 secs] [Times: user=0.01 sys=0.00, real=0.00 secs] 
56.248: [GC (Allocation Failure) [PSYoungGen: 506893K->2605K(493568K)] 715606K->211318K(1161216K), 0.0030030 secs] [Times: user=0.01 sys=0.00, real=0.00 secs] 
59.141: [GC (Allocation Failure) [PSYoungGen: 493101K->2576K(480256K)] 701814K->244134K(1147904K), 0.0057550 secs] [Times: user=0.02 sys=0.01, real=0.01 secs] 
62.209: [GC (Allocation Failure) [PSYoungGen: 479760K->10576K(475136K)] 721318K->260582K(1142784K), 0.0040663 secs] [Times: user=0.01 sys=0.00, real=0.01 secs] 
65.023: [GC (Allocation Failure) [PSYoungGen: 474960K->6160K(458752K)] 724966K->256514K(1126400K), 0.0029631 secs] [Times: user=0.01 sys=0.00, real=0.00 secs] 
68.853: [GC (Allocation Failure) [PSYoungGen: 458256K->1885K(442368K)] 708610K->252431K(1110016K), 0.0019188 secs] [Times: user=0.01 sys=0.00, real=0.00 secs] 
72.535: [GC (Allocation Failure) [PSYoungGen: 442205K->1757K(431104K)] 692751K->252319K(1098752K), 0.0018607 secs] [Times: user=0.00 sys=0.01, real=0.00 secs] 
74.939: [GC (Allocation Failure) [PSYoungGen: 430813K->1760K(420352K)] 681375K->252378K(1088000K), 0.0027651 secs] [Times: user=0.01 sys=0.00, real=0.00 secs] 
77.921: [GC (Allocation Failure) [PSYoungGen: 420064K->1856K(409600K)] 670682K->252522K(1077248K), 0.0028393 secs] [Times: user=0.00 sys=0.01, real=0.01 secs] 
80.861: [GC (Allocation Failure) [PSYoungGen: 409408K->6032K(403456K)] 660074K->256706K(1071104K), 0.0025370 secs] [Times: user=0.00 sys=0.00, real=0.01 secs] 
83.675: [GC (GCLocker Initiated GC) [PSYoungGen: 403344K->1680K(389632K)] 654018K->252386K(1057280K), 0.0018082 secs] [Times: user=0.00 sys=0.00, real=0.00 secs] 
87.542: [GC (Allocation Failure) [PSYoungGen: 389264K->1664K(380416K)] 639973K->252413K(1048064K), 0.0034331 secs] [Times: user=0.01 sys=0.00, real=0.01 secs] 
90.289: [GC (Allocation Failure) [PSYoungGen: 380032K->10144K(379392K)] 630781K->269117K(1047040K), 0.0043171 secs] [Times: user=0.02 sys=0.01, real=0.01 secs] 
92.978: [GC (Allocation Failure) [PSYoungGen: 379296K->1856K(362496K)] 638269K->260845K(1030144K), 0.0020127 secs] [Times: user=0.00 sys=0.00, real=0.00 secs] 
95.468: [GC (Allocation Failure) [PSYoungGen: 362304K->1645K(354304K)] 621293K->260658K(1021952K), 0.0019470 secs] [Times: user=0.01 sys=0.00, real=0.00 secs] 
97.714: [GC (Allocation Failure) [PSYoungGen: 353901K->10096K(354304K)] 612914K->277317K(1021952K), 0.0046161 secs] [Times: user=0.02 sys=0.00, real=0.00 secs] 
99.692: [GC (Allocation Failure) [PSYoungGen: 354160K->1837K(338432K)] 621381K->269090K(1006080K), 0.0020576 secs] [Times: user=0.01 sys=0.00, real=0.01 secs] 
103.868: [GC (Allocation Failure) [PSYoungGen: 338221K->1568K(330752K)] 605474K->268829K(998400K), 0.0044001 secs] [Times: user=0.02 sys=0.00, real=0.00 secs] 
105.844: [GC (Allocation Failure) [PSYoungGen: 330272K->10112K(331776K)] 597533K->277421K(999424K), 0.0036562 secs] [Times: user=0.02 sys=0.00, real=0.00 secs] 
107.496: [GC (Allocation Failure) [PSYoungGen: 331648K->1581K(316416K)] 598957K->268906K(984064K), 0.0019264 secs] [Times: user=0.01 sys=0.00, real=0.00 secs] 
109.218: [GC (Allocation Failure) [PSYoungGen: 315949K->1776K(309760K)] 583274K->269101K(977408K), 0.0024895 secs] [Times: user=0.01 sys=0.00, real=0.00 secs] 
111.247: [GC (Allocation Failure) [PSYoungGen: 309488K->1837K(303104K)] 576813K->269178K(970752K), 0.0020528 secs] [Times: user=0.00 sys=0.00, real=0.00 secs] 
113.449: [GC (Allocation Failure) [PSYoungGen: 302893K->1600K(296960K)] 570234K->268949K(964608K), 0.0028036 secs] [Times: user=0.01 sys=0.00, real=0.00 secs] 
115.605: [GC (Allocation Failure) [PSYoungGen: 296512K->1872K(290816K)] 563861K->269221K(958464K), 0.0021262 secs] [Times: user=0.01 sys=0.00, real=0.00 secs] 
117.391: [GC (Allocation Failure) [PSYoungGen: 290640K->1536K(285184K)] 557989K->268909K(952832K), 0.0020737 secs] [Times: user=0.00 sys=0.00, real=0.00 secs] 
119.607: [GC (Allocation Failure) [PSYoungGen: 284672K->2448K(280064K)] 552045K->269861K(947712K), 0.0025230 secs] [Times: user=0.01 sys=0.00, real=0.00 secs] 
121.368: [GC (Allocation Failure) [PSYoungGen: 279952K->1376K(273408K)] 547365K->268837K(941056K), 0.0022623 secs] [Times: user=0.01 sys=0.00, real=0.00 secs] 
123.156: [GC (Allocation Failure) [PSYoungGen: 273248K->3952K(270848K)] 540709K->271437K(938496K), 0.0026075 secs] [Times: user=0.01 sys=0.00, real=0.00 secs] 
125.949: [GC (Allocation Failure) [PSYoungGen: 270704K->1344K(263168K)] 538189K->268845K(930816K), 0.0036178 secs] [Times: user=0.01 sys=0.00, real=0.00 secs] 
127.912: [GC (Allocation Failure) [PSYoungGen: 262976K->2368K(259072K)] 530477K->269877K(926720K), 0.0027858 secs] [Times: user=0.00 sys=0.00, real=0.01 secs] 
130.425: [GC (Allocation Failure) [PSYoungGen: 258880K->1408K(253440K)] 526389K->268933K(921088K), 0.0021021 secs] [Times: user=0.01 sys=0.00, real=0.00 secs] 
132.117: [GC (Allocation Failure) [PSYoungGen: 253312K->1869K(249344K)] 520837K->269402K(916992K), 0.0020365 secs] [Times: user=0.01 sys=0.00, real=0.00 secs] 
134.679: [GC (Allocation Failure) [PSYoungGen: 249165K->1440K(244224K)] 516698K->268981K(911872K), 0.0041031 secs] [Times: user=0.01 sys=0.00, real=0.00 secs] 
136.678: [GC (Allocation Failure) [PSYoungGen: 244128K->1776K(240128K)] 511669K->269333K(907776K), 0.0020636 secs] [Times: user=0.01 sys=0.00, real=0.00 secs] 
138.428: [GC (Allocation Failure) [PSYoungGen: 239856K->1568K(236032K)] 507413K->269133K(903680K), 0.0034472 secs] [Times: user=0.01 sys=0.00, real=0.00 secs] 
140.118: [GC (Allocation Failure) [PSYoungGen: 235552K->1645K(231936K)] 503117K->269210K(899584K), 0.0017701 secs] [Times: user=0.00 sys=0.00, real=0.00 secs] 
141.304: [GC (Allocation Failure) [PSYoungGen: 231533K->1728K(227840K)] 499098K->285677K(895488K), 0.0034951 secs] [Times: user=0.01 sys=0.00, real=0.00 secs] 
142.620: [GC (Allocation Failure) [PSYoungGen: 227520K->1453K(223232K)] 511469K->285402K(890880K), 0.0016516 secs] [Times: user=0.00 sys=0.00, real=0.00 secs] 
143.957: [GC (Allocation Failure) [PSYoungGen: 223149K->512K(218624K)] 507098K->284469K(886272K), 0.0026907 secs] [Times: user=0.00 sys=0.00, real=0.00 secs] 
145.942: [GC (Allocation Failure) [PSYoungGen: 218624K->1440K(216064K)] 502581K->285405K(883712K), 0.0022712 secs] [Times: user=0.01 sys=0.00, real=0.01 secs] 
147.408: [GC (Allocation Failure) [PSYoungGen: 215968K->1709K(212992K)] 499933K->285682K(880640K), 0.0018712 secs] [Times: user=0.01 sys=0.00, real=0.00 secs] 
149.044: [GC (Allocation Failure) [PSYoungGen: 212653K->1600K(209408K)] 496626K->285573K(877056K), 0.0025380 secs] [Times: user=0.01 sys=0.00, real=0.00 secs] 
150.906: [GC (Allocation Failure) [PSYoungGen: 208960K->1549K(206336K)] 492933K->285554K(873984K), 0.0015585 secs] [Times: user=0.00 sys=0.00, real=0.00 secs] 
152.137: [GC (Allocation Failure) [PSYoungGen: 205837K->1821K(203264K)] 489842K->285834K(870912K), 0.0021032 secs] [Times: user=0.00 sys=0.00, real=0.00 secs] 
153.639: [GC (Allocation Failure) [PSYoungGen: 203037K->1408K(199680K)] 487050K->285429K(867328K), 0.0021623 secs] [Times: user=0.01 sys=0.00, real=0.00 secs] 
154.820: [GC (Allocation Failure) [PSYoungGen: 199552K->1648K(197120K)] 483573K->285677K(864768K), 0.0018008 secs] [Times: user=0.01 sys=0.00, real=0.00 secs] 
156.152: [GC (Allocation Failure) [PSYoungGen: 196720K->1728K(194048K)] 480749K->293949K(861696K), 0.0034811 secs] [Times: user=0.01 sys=0.00, real=0.01 secs] 
157.073: [GC (Allocation Failure) [PSYoungGen: 193728K->1376K(190464K)] 485949K->293605K(858112K), 0.0021173 secs] [Times: user=0.01 sys=0.00, real=0.01 secs] 
158.212: [GC (Allocation Failure) [PSYoungGen: 190304K->1693K(188416K)] 482533K->293938K(856064K), 0.0019302 secs] [Times: user=0.01 sys=0.00, real=0.01 secs] 
160.271: [GC (Allocation Failure) [PSYoungGen: 188061K->1568K(185856K)] 480306K->293845K(853504K), 0.0047881 secs] [Times: user=0.01 sys=0.00, real=0.01 secs] 
162.157: [GC (Allocation Failure) [PSYoungGen: 185376K->1408K(182784K)] 477653K->293693K(850432K), 0.0022306 secs] [Times: user=0.01 sys=0.00, real=0.00 secs] 
163.272: [GC (Allocation Failure) [PSYoungGen: 182656K->1725K(180736K)] 474941K->294018K(848384K), 0.0020372 secs] [Times: user=0.01 sys=0.00, real=0.01 secs] 
164.150: [GC (Allocation Failure) [PSYoungGen: 180413K->1536K(178176K)] 472706K->293837K(845824K), 0.0018091 secs] [Times: user=0.00 sys=0.00, real=0.00 secs] 
165.415: [GC (Allocation Failure) [PSYoungGen: 177664K->1453K(175104K)] 469965K->293754K(842752K), 0.0019273 secs] [Times: user=0.01 sys=0.00, real=0.00 secs] 
166.486: [GC (Allocation Failure) [PSYoungGen: 175021K->1773K(173056K)] 467322K->294074K(840704K), 0.0020769 secs] [Times: user=0.01 sys=0.00, real=0.00 secs] 
167.339: [GC (Allocation Failure) [PSYoungGen: 172781K->1536K(170496K)] 465082K->293837K(838144K), 0.0018598 secs] [Times: user=0.01 sys=0.00, real=0.00 secs] 
168.462: [GC (Allocation Failure) [PSYoungGen: 169984K->1376K(167936K)] 462285K->293677K(835584K), 0.0023864 secs] [Times: user=0.01 sys=0.00, real=0.01 secs] 
169.619: [GC (Allocation Failure) [PSYoungGen: 167776K->1725K(166400K)] 460077K->294026K(834048K), 0.0018555 secs] [Times: user=0.00 sys=0.00, real=0.00 secs] 
170.844: [GC (Allocation Failure) [PSYoungGen: 166077K->1568K(164352K)] 458378K->293869K(832000K), 0.0058632 secs] [Times: user=0.02 sys=0.00, real=0.00 secs] 
173.142: [GC (Allocation Failure) [PSYoungGen: 163872K->1376K(161792K)] 456173K->293685K(829440K), 0.0030037 secs] [Times: user=0.01 sys=0.01, real=0.01 secs] 
174.280: [GC (Allocation Failure) [PSYoungGen: 161632K->1712K(160256K)] 453941K->294021K(827904K), 0.0017154 secs] [Times: user=0.01 sys=0.00, real=0.00 secs] 
175.447: [GC (Allocation Failure) [PSYoungGen: 159920K->1696K(158208K)] 452229K->298125K(825856K), 0.0023245 secs] [Times: user=0.01 sys=0.00, real=0.00 secs] 
176.610: [GC (Allocation Failure) [PSYoungGen: 157856K->1392K(155648K)] 454285K->297829K(823296K), 0.0019283 secs] [Times: user=0.01 sys=0.00, real=0.00 secs] 
177.418: [GC (Allocation Failure) [PSYoungGen: 155504K->1581K(154112K)] 451941K->298018K(821760K), 0.0016482 secs] [Times: user=0.01 sys=0.00, real=0.00 secs] 
178.335: [GC (Allocation Failure) [PSYoungGen: 153645K->1677K(152064K)] 450082K->298114K(819712K), 0.0018708 secs] [Times: user=0.01 sys=0.00, real=0.00 secs] 
180.202: [GC (Allocation Failure) [PSYoungGen: 151693K->1456K(149504K)] 448130K->297893K(817152K), 0.0035150 secs] [Times: user=0.02 sys=0.00, real=0.01 secs] 
181.573: [GC (Allocation Failure) [PSYoungGen: 149424K->1376K(147968K)] 445861K->297821K(815616K), 0.0023813 secs] [Times: user=0.01 sys=0.00, real=0.01 secs] 
182.467: [GC (Allocation Failure) [PSYoungGen: 147808K->1709K(146944K)] 444253K->298170K(814592K), 0.0017927 secs] [Times: user=0.01 sys=0.00, real=0.00 secs] 
183.793: [GC (Allocation Failure) [PSYoungGen: 146605K->1600K(145408K)] 443066K->298077K(813056K), 0.0026431 secs] [Times: user=0.01 sys=0.01, real=0.01 secs] 
186.063: [GC (Allocation Failure) [PSYoungGen: 144960K->1376K(143360K)] 441437K->297853K(811008K), 0.0043577 secs] [Times: user=0.02 sys=0.00, real=0.00 secs] 
187.302: [GC (Allocation Failure) [PSYoungGen: 143200K->1517K(141824K)] 439677K->297994K(809472K), 0.0016762 secs] [Times: user=0.01 sys=0.00, real=0.01 secs] 
188.141: [GC (Allocation Failure) [PSYoungGen: 141805K->1741K(140800K)] 438282K->298218K(808448K), 0.0018936 secs] [Times: user=0.01 sys=0.00, real=0.01 secs] 
189.267: [GC (Allocation Failure) [PSYoungGen: 140493K->1536K(139264K)] 436970K->298021K(806912K), 0.0019098 secs] [Times: user=0.00 sys=0.00, real=0.00 secs] 
190.528: [GC (Allocation Failure) [PSYoungGen: 138752K->1392K(137216K)] 435237K->297877K(804864K), 0.0017365 secs] [Times: user=0.00 sys=0.00, real=0.00 secs] 
191.594: [GC (Allocation Failure) [PSYoungGen: 137072K->1581K(136192K)] 433557K->298074K(803840K), 0.0017442 secs] [Times: user=0.01 sys=0.00, real=0.00 secs] 
192.395: [GC (Allocation Failure) [PSYoungGen: 135725K->653K(133632K)] 432218K->298170K(801280K), 0.0017989 secs] [Times: user=0.01 sys=0.00, real=0.00 secs] 
193.432: [GC (Allocation Failure) [PSYoungGen: 133261K->1504K(133632K)] 430778K->299037K(801280K), 0.0022057 secs] [Times: user=0.01 sys=0.00, real=0.01 secs] 
194.506: [GC (Allocation Failure) [PSYoungGen: 132576K->1376K(131072K)] 430109K->298917K(798720K), 0.0021271 secs] [Times: user=0.00 sys=0.00, real=0.00 secs] 
195.298: [GC (Allocation Failure) [PSYoungGen: 130912K->1520K(129536K)] 428453K->299061K(797184K), 0.0017168 secs] [Times: user=0.01 sys=0.00, real=0.00 secs] 
196.068: [GC (Allocation Failure) [PSYoungGen: 129520K->1517K(128000K)] 427061K->299219K(795648K), 0.0017422 secs] [Times: user=0.00 sys=0.00, real=0.00 secs] 
196.958: [GC (Allocation Failure) [PSYoungGen: 127981K->1472K(126976K)] 425683K->299173K(794624K), 0.0022983 secs] [Times: user=0.01 sys=0.01, real=0.00 secs] 
197.509: [GC (Allocation Failure) [PSYoungGen: 126912K->1376K(125952K)] 424613K->299077K(793600K), 0.0018962 secs] [Times: user=0.00 sys=0.00, real=0.00 secs] 
198.286: [GC (Allocation Failure) [PSYoungGen: 125792K->1501K(124928K)] 423493K->299210K(792576K), 0.0017472 secs] [Times: user=0.01 sys=0.00, real=0.00 secs] 
199.026: [GC (Allocation Failure) [PSYoungGen: 124893K->1517K(123904K)] 422602K->299387K(791552K), 0.0016691 secs] [Times: user=0.01 sys=0.00, real=0.00 secs] 
200.155: [GC (Allocation Failure) [PSYoungGen: 123885K->1504K(122880K)] 421755K->299373K(790528K), 0.0043678 secs] [Times: user=0.02 sys=0.00, real=0.00 secs] 
201.053: [GC (Allocation Failure) [PSYoungGen: 122848K->1376K(121856K)] 420717K->299245K(789504K), 0.0019221 secs] [Times: user=0.01 sys=0.00, real=0.00 secs] 
201.700: [GC (Allocation Failure) [PSYoungGen: 121696K->1485K(120832K)] 419565K->299363K(788480K), 0.0019991 secs] [Times: user=0.00 sys=0.00, real=0.00 secs] 
202.426: [GC (Allocation Failure) [PSYoungGen: 120781K->1517K(119808K)] 418659K->299546K(787456K), 0.0016984 secs] [Times: user=0.01 sys=0.00, real=0.00 secs] 
203.196: [GC (Allocation Failure) [PSYoungGen: 119789K->1616K(119296K)] 417818K->299645K(786944K), 0.0017011 secs] [Times: user=0.01 sys=0.00, real=0.00 secs] 
203.731: [GC (Allocation Failure) [PSYoungGen: 118864K->384K(116736K)] 416893K->299445K(784384K), 0.0022483 secs] [Times: user=0.01 sys=0.00, real=0.01 secs] 
204.240: [GC (Allocation Failure) [PSYoungGen: 116608K->416K(115712K)] 415669K->299477K(783360K), 0.0019182 secs] [Times: user=0.01 sys=0.00, real=0.00 secs] 
204.989: [GC (Allocation Failure) [PSYoungGen: 115616K->1549K(116224K)] 414677K->300627K(783872K), 0.0018137 secs] [Times: user=0.00 sys=0.00, real=0.00 secs] 
205.737: [GC (Allocation Failure) [PSYoungGen: 115725K->1629K(115200K)] 414803K->300706K(782848K), 0.0017889 secs] [Times: user=0.01 sys=0.00, real=0.00 secs] 
206.837: [GC (Allocation Failure) [PSYoungGen: 114781K->1504K(113664K)] 413858K->300605K(781312K), 0.0030900 secs] [Times: user=0.01 sys=0.00, real=0.00 secs] 
207.873: [GC (Allocation Failure) [PSYoungGen: 113632K->1344K(112640K)] 412733K->300445K(780288K), 0.0029023 secs] [Times: user=0.01 sys=0.00, real=0.00 secs] 
208.461: [GC (Allocation Failure) [PSYoungGen: 112448K->1376K(111616K)] 411549K->300477K(779264K), 0.0022392 secs] [Times: user=0.01 sys=0.01, real=0.01 secs] 
209.205: [GC (Allocation Failure) [PSYoungGen: 111456K->1565K(111104K)] 410557K->300666K(778752K), 0.0018492 secs] [Times: user=0.01 sys=0.00, real=0.00 secs] 
209.934: [GC (Allocation Failure) [PSYoungGen: 110621K->637K(109056K)] 409722K->300771K(776704K), 0.0016580 secs] [Times: user=0.01 sys=0.00, real=0.00 secs] 
211.698: [GC (Allocation Failure) [PSYoungGen: 108669K->1456K(108544K)] 408803K->301613K(776192K), 0.0025757 secs] [Times: user=0.01 sys=0.00, real=0.00 secs] 
212.571: [GC (Allocation Failure) [PSYoungGen: 108464K->1408K(107520K)] 408621K->301565K(775168K), 0.0026360 secs] [Times: user=0.01 sys=0.00, real=0.01 secs] 
213.155: [GC (Allocation Failure) [PSYoungGen: 107392K->1488K(106496K)] 407549K->301645K(774144K), 0.0022803 secs] [Times: user=0.01 sys=0.00, real=0.00 secs] 
213.866: [GC (Allocation Failure) [PSYoungGen: 106448K->1517K(105472K)] 406605K->301779K(773120K), 0.0016663 secs] [Times: user=0.01 sys=0.00, real=0.00 secs] 
214.494: [GC (Allocation Failure) [PSYoungGen: 105453K->1584K(104960K)] 405715K->301853K(772608K), 0.0018381 secs] [Times: user=0.01 sys=0.00, real=0.00 secs] 
215.268: [GC (Allocation Failure) [PSYoungGen: 104496K->432K(102400K)] 404765K->301725K(770048K), 0.0026311 secs] [Times: user=0.01 sys=0.00, real=0.00 secs] 
216.046: [GC (Allocation Failure) [PSYoungGen: 102320K->352K(103424K)] 403613K->301661K(771072K), 0.0025736 secs] [Times: user=0.01 sys=0.00, real=0.00 secs] 
216.792: [GC (Allocation Failure) [PSYoungGen: 101216K->400K(100352K)] 402525K->301709K(768000K), 0.0028901 secs] [Times: user=0.01 sys=0.00, real=0.01 secs] 
217.477: [GC (Allocation Failure) [PSYoungGen: 100240K->1549K(101888K)] 401549K->302867K(769536K), 0.0016545 secs] [Times: user=0.01 sys=0.00, real=0.00 secs] 
218.075: [GC (Allocation Failure) [PSYoungGen: 100877K->1645K(100864K)] 402195K->302963K(768512K), 0.0016693 secs] [Times: user=0.01 sys=0.00, real=0.00 secs] 
218.770: [GC (Allocation Failure) [PSYoungGen: 100461K->1504K(99840K)] 401779K->302845K(767488K), 0.0020743 secs] [Times: user=0.00 sys=0.00, real=0.00 secs] 
219.682: [GC (Allocation Failure) [PSYoungGen: 99808K->1408K(99328K)] 401149K->302749K(766976K), 0.0030603 secs] [Times: user=0.01 sys=0.00, real=0.01 secs] 
220.704: [GC (Allocation Failure) [PSYoungGen: 99200K->1408K(98816K)] 400541K->302749K(766464K), 0.0026637 secs] [Times: user=0.01 sys=0.00, real=0.00 secs] 
221.618: [GC (Allocation Failure) [PSYoungGen: 98688K->1552K(98816K)] 400029K->302901K(766464K), 0.0015706 secs] [Times: user=0.01 sys=0.00, real=0.00 secs] 
222.195: [GC (Allocation Failure) [PSYoungGen: 98320K->1581K(98304K)] 399669K->302931K(765952K), 0.0018105 secs] [Times: user=0.01 sys=0.00, real=0.00 secs] 
222.747: [GC (Allocation Failure) [PSYoungGen: 97837K->1504K(97280K)] 399187K->303949K(764928K), 0.0018106 secs] [Times: user=0.01 sys=0.00, real=0.00 secs] 
223.149: [GC (Allocation Failure) [PSYoungGen: 97248K->352K(95744K)] 399693K->302805K(763392K), 0.0020793 secs] [Times: user=0.00 sys=0.00, real=0.00 secs] 
223.544: [GC (Allocation Failure) [PSYoungGen: 95584K->368K(95232K)] 398037K->302821K(762880K), 0.0019876 secs] [Times: user=0.01 sys=0.00, real=0.00 secs] 
224.010: [GC (Allocation Failure) [PSYoungGen: 95088K->1517K(97280K)] 397541K->303971K(764928K), 0.0015567 secs] [Times: user=0.00 sys=0.00, real=0.00 secs] 
224.577: [GC (Allocation Failure) [PSYoungGen: 95725K->1565K(95744K)] 398179K->304019K(763392K), 0.0016830 secs] [Times: user=0.01 sys=0.00, real=0.00 secs] 
225.137: [GC (Allocation Failure) [PSYoungGen: 95261K->1613K(95232K)] 397715K->304075K(762880K), 0.0017599 secs] [Times: user=0.01 sys=0.00, real=0.00 secs] 
226.546: [GC (Allocation Failure) [PSYoungGen: 94797K->1456K(94208K)] 397259K->303917K(761856K), 0.0042188 secs] [Times: user=0.02 sys=0.00, real=0.00 secs] 
227.342: [GC (Allocation Failure) [PSYoungGen: 94128K->1440K(93696K)] 396589K->303901K(761344K), 0.0020312 secs] [Times: user=0.01 sys=0.00, real=0.01 secs] 
227.763: [GC (Allocation Failure) [PSYoungGen: 93600K->1408K(93184K)] 396061K->303869K(760832K), 0.0019606 secs] [Times: user=0.01 sys=0.00, real=0.01 secs] 
228.303: [GC (Allocation Failure) [PSYoungGen: 93056K->1517K(92672K)] 395517K->303979K(760320K), 0.0017048 secs] [Times: user=0.01 sys=0.00, real=0.01 secs] 
228.852: [GC (Allocation Failure) [PSYoungGen: 92653K->1552K(92672K)] 395115K->304013K(760320K), 0.0016617 secs] [Times: user=0.01 sys=0.00, real=0.01 secs] 
229.464: [GC (Allocation Failure) [PSYoungGen: 92176K->1613K(92160K)] 394637K->304075K(759808K), 0.0018225 secs] [Times: user=0.01 sys=0.00, real=0.00 secs] 
230.291: [GC (Allocation Failure) [PSYoungGen: 91725K->1408K(91136K)] 394187K->303869K(758784K), 0.0027211 secs] [Times: user=0.01 sys=0.00, real=0.01 secs] 
231.138: [GC (Allocation Failure) [PSYoungGen: 91008K->1376K(90624K)] 393469K->303845K(758272K), 0.0023578 secs] [Times: user=0.01 sys=0.00, real=0.00 secs] 
232.303: [GC (Allocation Failure) [PSYoungGen: 90464K->1344K(90112K)] 392933K->303813K(757760K), 0.0043859 secs] [Times: user=0.02 sys=0.00, real=0.01 secs] 
233.152: [GC (Allocation Failure) [PSYoungGen: 89920K->1520K(89600K)] 392389K->303989K(757248K), 0.0016968 secs] [Times: user=0.00 sys=0.00, real=0.01 secs] 
233.683: [GC (Allocation Failure) [PSYoungGen: 89584K->1584K(89600K)] 392053K->304061K(757248K), 0.0016581 secs] [Times: user=0.01 sys=0.00, real=0.00 secs] 
234.207: [GC (Allocation Failure) [PSYoungGen: 89136K->1584K(89088K)] 391613K->304061K(756736K), 0.0022286 secs] [Times: user=0.00 sys=0.00, real=0.00 secs] 
234.636: [GC (Allocation Failure) [PSYoungGen: 88624K->400K(87040K)] 391101K->303901K(754688K), 0.0015720 secs] [Times: user=0.00 sys=0.00, real=0.00 secs] 
234.995: [GC (Allocation Failure) [PSYoungGen: 86928K->352K(88576K)] 390429K->303853K(756224K), 0.0016190 secs] [Times: user=0.01 sys=0.00, real=0.00 secs] 
235.352: [GC (Allocation Failure) [PSYoungGen: 86368K->368K(86016K)] 389869K->303869K(753664K), 0.0017683 secs] [Times: user=0.01 sys=0.00, real=0.01 secs] 
235.901: [GC (Allocation Failure) [PSYoungGen: 85872K->1501K(87552K)] 389373K->305003K(755200K), 0.0016755 secs] [Times: user=0.01 sys=0.00, real=0.01 secs] 
236.410: [GC (Allocation Failure) [PSYoungGen: 86493K->1552K(86528K)] 389995K->305053K(754176K), 0.0017161 secs] [Times: user=0.01 sys=0.00, real=0.00 secs] 
236.922: [GC (Allocation Failure) [PSYoungGen: 86032K->1581K(86016K)] 389533K->305083K(753664K), 0.0017900 secs] [Times: user=0.01 sys=0.00, real=0.01 secs] 
237.485: [GC (Allocation Failure) [PSYoungGen: 85549K->1440K(84992K)] 389051K->304949K(752640K), 0.0019870 secs] [Times: user=0.01 sys=0.00, real=0.00 secs] 
238.017: [GC (Allocation Failure) [PSYoungGen: 84896K->1424K(84480K)] 388405K->304933K(752128K), 0.0019919 secs] [Times: user=0.01 sys=0.00, real=0.00 secs] 
238.907: [GC (Allocation Failure) [PSYoungGen: 84368K->1408K(83968K)] 387877K->304917K(751616K), 0.0022641 secs] [Times: user=0.01 sys=0.00, real=0.00 secs] 
239.906: [GC (Allocation Failure) [PSYoungGen: 83840K->1517K(83456K)] 387349K->305035K(751104K), 0.0018300 secs] [Times: user=0.01 sys=0.00, real=0.00 secs] 
240.401: [GC (Allocation Failure) [PSYoungGen: 83437K->1616K(83456K)] 386955K->305133K(751104K), 0.0016433 secs] [Times: user=0.00 sys=0.00, real=0.00 secs] 
240.896: [GC (Allocation Failure) [PSYoungGen: 83024K->1568K(82944K)] 386541K->305085K(750592K), 0.0019032 secs] [Times: user=0.01 sys=0.00, real=0.00 secs] 
241.614: [GC (Allocation Failure) [PSYoungGen: 82464K->1472K(81920K)] 385981K->305005K(749568K), 0.0020869 secs] [Times: user=0.01 sys=0.00, real=0.00 secs] 
242.469: [GC (Allocation Failure) [PSYoungGen: 81856K->1392K(81408K)] 385389K->304925K(749056K), 0.0022572 secs] [Times: user=0.01 sys=0.00, real=0.00 secs] 
243.253: [GC (Allocation Failure) [PSYoungGen: 81264K->1408K(80896K)] 384797K->304941K(748544K), 0.0025986 secs] [Times: user=0.01 sys=0.00, real=0.01 secs] 
244.430: [GC (Allocation Failure) [PSYoungGen: 80768K->1440K(80384K)] 384301K->304973K(748032K), 0.0030114 secs] [Times: user=0.01 sys=0.00, real=0.01 secs] 
245.090: [GC (Allocation Failure) [PSYoungGen: 80288K->1485K(79872K)] 383821K->305019K(747520K), 0.0016162 secs] [Times: user=0.01 sys=0.00, real=0.00 secs] 
245.566: [GC (Allocation Failure) [PSYoungGen: 79821K->1565K(79872K)] 383355K->305099K(747520K), 0.0017728 secs] [Times: user=0.01 sys=0.00, real=0.00 secs] 
246.033: [GC (Allocation Failure) [PSYoungGen: 79389K->541K(78336K)] 382923K->305099K(745984K), 0.0017403 secs] [Times: user=0.00 sys=0.00, real=0.01 secs] 
246.420: [GC (Allocation Failure) [PSYoungGen: 77853K->1440K(79360K)] 382411K->305997K(747008K), 0.0018576 secs] [Times: user=0.01 sys=0.00, real=0.00 secs] 
247.090: [GC (Allocation Failure) [PSYoungGen: 78240K->1424K(77824K)] 382797K->305981K(745472K), 0.0022755 secs] [Times: user=0.01 sys=0.00, real=0.00 secs] 
247.995: [GC (Allocation Failure) [PSYoungGen: 77712K->1408K(77312K)] 382269K->305973K(744960K), 0.0025797 secs] [Times: user=0.01 sys=0.00, real=0.00 secs] 
249.218: [GC (Allocation Failure) [PSYoungGen: 77184K->1485K(76800K)] 381749K->306051K(744448K), 0.0021564 secs] [Times: user=0.01 sys=0.01, real=0.00 secs] 
249.721: [GC (Allocation Failure) [PSYoungGen: 76749K->1581K(76800K)] 381315K->306147K(744448K), 0.0017262 secs] [Times: user=0.01 sys=0.00, real=0.01 secs] 
250.173: [GC (Allocation Failure) [PSYoungGen: 76333K->589K(75264K)] 380899K->306187K(742912K), 0.0016082 secs] [Times: user=0.00 sys=0.00, real=0.01 secs] 
250.627: [GC (Allocation Failure) [PSYoungGen: 74829K->560K(74752K)] 380427K->306157K(742400K), 0.0015555 secs] [Times: user=0.00 sys=0.00, real=0.00 secs] 
252.083: [GC (Allocation Failure) [PSYoungGen: 74288K->1408K(74752K)] 379885K->307005K(742400K), 0.0024779 secs] [Times: user=0.01 sys=0.00, real=0.00 secs] 
253.064: [GC (Allocation Failure) [PSYoungGen: 74624K->1408K(74240K)] 380221K->307013K(741888K), 0.0028192 secs] [Times: user=0.01 sys=0.00, real=0.00 secs] 
253.991: [GC (Allocation Failure) [PSYoungGen: 74112K->1408K(73728K)] 379717K->307021K(741376K), 0.0026334 secs] [Times: user=0.01 sys=0.00, real=0.01 secs] 
254.888: [GC (Allocation Failure) [PSYoungGen: 73600K->1376K(73216K)] 379213K->306997K(740864K), 0.0041692 secs] [Times: user=0.01 sys=0.00, real=0.00 secs] 
255.494: [GC (Allocation Failure) [PSYoungGen: 73056K->1520K(72704K)] 378677K->307149K(740352K), 0.0016363 secs] [Times: user=0.01 sys=0.00, real=0.00 secs] 
255.924: [GC (Allocation Failure) [PSYoungGen: 72688K->1568K(72704K)] 378317K->307197K(740352K), 0.0017476 secs] [Times: user=0.01 sys=0.00, real=0.00 secs] 
256.346: [GC (Allocation Failure) [PSYoungGen: 72224K->560K(71168K)] 377853K->307213K(738816K), 0.0015628 secs] [Times: user=0.01 sys=0.00, real=0.00 secs] 
256.766: [GC (Allocation Failure) [PSYoungGen: 70704K->1472K(71168K)] 377357K->308125K(738816K), 0.0019987 secs] [Times: user=0.01 sys=0.00, real=0.00 secs] 
257.093: [GC (Allocation Failure) [PSYoungGen: 71104K->1392K(70656K)] 377757K->308045K(738304K), 0.0018912 secs] [Times: user=0.01 sys=0.00, real=0.00 secs] 
257.498: [GC (Allocation Failure) [PSYoungGen: 70512K->1376K(70144K)] 377165K->308029K(737792K), 0.0020105 secs] [Times: user=0.01 sys=0.00, real=0.00 secs] 
258.111: [GC (Allocation Failure) [PSYoungGen: 69984K->1376K(70144K)] 376637K->308029K(737792K), 0.0022361 secs] [Times: user=0.01 sys=0.00, real=0.01 secs] 
258.628: [GC (Allocation Failure) [PSYoungGen: 69984K->1517K(70144K)] 376637K->308179K(737792K), 0.0016721 secs] [Times: user=0.01 sys=0.00, real=0.00 secs] 
259.036: [GC (Allocation Failure) [PSYoungGen: 70125K->1533K(70144K)] 376787K->308203K(737792K), 0.0016794 secs] [Times: user=0.00 sys=0.00, real=0.00 secs] 
259.448: [GC (Allocation Failure) [PSYoungGen: 70141K->1581K(70656K)] 376811K->308251K(738304K), 0.0017292 secs] [Times: user=0.01 sys=0.00, real=0.00 secs] 
259.859: [GC (Allocation Failure) [PSYoungGen: 70189K->557K(69632K)] 376859K->308251K(737280K), 0.0016494 secs] [Times: user=0.00 sys=0.00, real=0.00 secs] 
260.217: [GC (Allocation Failure) [PSYoungGen: 69165K->1440K(70144K)] 376859K->309141K(737792K), 0.0018570 secs] [Times: user=0.01 sys=0.00, real=0.00 secs] 
260.503: [GC (Allocation Failure) [PSYoungGen: 70048K->1408K(70144K)] 377749K->309125K(737792K), 0.0018693 secs] [Times: user=0.01 sys=0.00, real=0.01 secs] 
260.788: [GC (Allocation Failure) [PSYoungGen: 70016K->1344K(70144K)] 377733K->309061K(737792K), 0.0055798 secs] [Times: user=0.02 sys=0.00, real=0.01 secs] 
261.077: [GC (Allocation Failure) [PSYoungGen: 69952K->1408K(70144K)] 377669K->309125K(737792K), 0.0020082 secs] [Times: user=0.01 sys=0.00, real=0.00 secs] 
261.535: [GC (Allocation Failure) [PSYoungGen: 70016K->1517K(70144K)] 377733K->309235K(737792K), 0.0017627 secs] [Times: user=0.01 sys=0.00, real=0.00 secs] 
261.947: [GC (Allocation Failure) [PSYoungGen: 70125K->1485K(70144K)] 377843K->309203K(737792K), 0.0015947 secs] [Times: user=0.01 sys=0.00, real=0.00 secs] 
262.419: [GC (Allocation Failure) [PSYoungGen: 70093K->1549K(70656K)] 377811K->309267K(738304K), 0.0018516 secs] [Times: user=0.00 sys=0.00, real=0.00 secs] 
263.029: [GC (Allocation Failure) [PSYoungGen: 70157K->480K(69120K)] 377875K->310253K(736768K), 0.0029523 secs] [Times: user=0.01 sys=0.00, real=0.00 secs] 
263.382: [GC (Allocation Failure) [PSYoungGen: 69088K->352K(69120K)] 378861K->310125K(736768K), 0.0019679 secs] [Times: user=0.01 sys=0.00, real=0.01 secs] 
263.700: [GC (Allocation Failure) [PSYoungGen: 68960K->384K(69120K)] 378733K->310157K(736768K), 0.0018530 secs] [Times: user=0.01 sys=0.00, real=0.00 secs] 
264.031: [GC (Allocation Failure) [PSYoungGen: 68992K->384K(71168K)] 378765K->310157K(738816K), 0.0019485 secs] [Times: user=0.01 sys=0.00, real=0.00 secs] 
264.357: [GC (Allocation Failure) [PSYoungGen: 68992K->1453K(70144K)] 378765K->311227K(737792K), 0.0016398 secs] [Times: user=0.01 sys=0.00, real=0.00 secs] 
264.770: [GC (Allocation Failure) [PSYoungGen: 70061K->1581K(70656K)] 379835K->311355K(738304K), 0.0017679 secs] [Times: user=0.01 sys=0.00, real=0.00 secs] 
265.185: [GC (Allocation Failure) [PSYoungGen: 70189K->1549K(70656K)] 379963K->311323K(738304K), 0.0016658 secs] [Times: user=0.00 sys=0.00, real=0.00 secs] 
265.600: [GC (Allocation Failure) [PSYoungGen: 70157K->1552K(70656K)] 379931K->311326K(738304K), 0.0018716 secs] [Times: user=0.01 sys=0.00, real=0.00 secs] 
266.934: [GC (Allocation Failure) [PSYoungGen: 70160K->1488K(70144K)] 379934K->311269K(737792K), 0.0039194 secs] [Times: user=0.01 sys=0.00, real=0.00 secs] 
267.822: [GC (Allocation Failure) [PSYoungGen: 70096K->1408K(70144K)] 379877K->311189K(737792K), 0.0040437 secs] [Times: user=0.01 sys=0.01, real=0.01 secs] 
268.867: [GC (Allocation Failure) [PSYoungGen: 70016K->1408K(70144K)] 379797K->311189K(737792K), 0.0039777 secs] [Times: user=0.02 sys=0.00, real=0.00 secs] 
269.446: [GC (Allocation Failure) [PSYoungGen: 70016K->1424K(70144K)] 379797K->311205K(737792K), 0.0033138 secs] [Times: user=0.02 sys=0.00, real=0.00 secs] 
270.063: [GC (Allocation Failure) [PSYoungGen: 70032K->1517K(70144K)] 379813K->311299K(737792K), 0.0016581 secs] [Times: user=0.00 sys=0.00, real=0.00 secs] 
270.475: [GC (Allocation Failure) [PSYoungGen: 70125K->1549K(70656K)] 379907K->311331K(738304K), 0.0017565 secs] [Times: user=0.00 sys=0.00, real=0.00 secs] 
270.894: [GC (Allocation Failure) [PSYoungGen: 70157K->1581K(70656K)] 379939K->311363K(738304K), 0.0016879 secs] [Times: user=0.01 sys=0.00, real=0.00 secs] 
271.319: [GC (Allocation Failure) [PSYoungGen: 70189K->1549K(70656K)] 379971K->311347K(738304K), 0.0017294 secs] [Times: user=0.00 sys=0.00, real=0.00 secs] 
271.728: [GC (Allocation Failure) [PSYoungGen: 70157K->1408K(70144K)] 379955K->311221K(737792K), 0.0017465 secs] [Times: user=0.01 sys=0.00, real=0.00 secs] 
272.013: [GC (Allocation Failure) [PSYoungGen: 70016K->1376K(70144K)] 379829K->311189K(737792K), 0.0018272 secs] [Times: user=0.01 sys=0.00, real=0.00 secs] 
272.298: [GC (Allocation Failure) [PSYoungGen: 69984K->1408K(70144K)] 379797K->311221K(737792K), 0.0018521 secs] [Times: user=0.01 sys=0.00, real=0.00 secs] 
272.583: [GC (Allocation Failure) [PSYoungGen: 70016K->1344K(70144K)] 379829K->311157K(737792K), 0.0018545 secs] [Times: user=0.00 sys=0.00, real=0.01 secs] 
273.018: [GC (Allocation Failure) [PSYoungGen: 69952K->1520K(70144K)] 379765K->311334K(737792K), 0.0015873 secs] [Times: user=0.01 sys=0.00, real=0.00 secs] 
273.491: [GC (Allocation Failure) [PSYoungGen: 70128K->1565K(70656K)] 379942K->311379K(738304K), 0.0018309 secs] [Times: user=0.00 sys=0.00, real=0.00 secs] 
273.971: [GC (Allocation Failure) [PSYoungGen: 70173K->493K(69120K)] 379987K->311331K(736768K), 0.0018379 secs] [Times: user=0.01 sys=0.00, real=0.00 secs] 
274.553: [GC (Allocation Failure) [PSYoungGen: 69101K->1488K(70656K)] 379939K->312333K(738304K), 0.0052731 secs] [Times: user=0.02 sys=0.00, real=0.01 secs] 
275.214: [GC (Allocation Failure) [PSYoungGen: 70096K->1440K(70144K)] 380941K->312285K(737792K), 0.0033423 secs] [Times: user=0.01 sys=0.00, real=0.00 secs] 
275.818: [GC (Allocation Failure) [PSYoungGen: 70048K->1408K(70144K)] 380893K->312253K(737792K), 0.0025274 secs] [Times: user=0.01 sys=0.00, real=0.00 secs] 
276.567: [GC (Allocation Failure) [PSYoungGen: 70016K->1408K(70144K)] 380861K->312253K(737792K), 0.0026047 secs] [Times: user=0.01 sys=0.00, real=0.00 secs] 
277.251: [GC (Allocation Failure) [PSYoungGen: 70016K->1485K(70144K)] 380861K->312331K(737792K), 0.0021468 secs] [Times: user=0.01 sys=0.00, real=0.00 secs] 
277.773: [GC (Allocation Failure) [PSYoungGen: 70093K->1520K(70144K)] 380939K->312422K(737792K), 0.0017284 secs] [Times: user=0.01 sys=0.00, real=0.00 secs] 
278.186: [GC (Allocation Failure) [PSYoungGen: 70128K->1581K(70656K)] 381030K->312483K(738304K), 0.0017728 secs] [Times: user=0.00 sys=0.00, real=0.00 secs] 
278.662: [GC (Allocation Failure) [PSYoungGen: 70189K->557K(69632K)] 381091K->312483K(737280K), 0.0017804 secs] [Times: user=0.01 sys=0.00, real=0.01 secs] 
279.273: [GC (Allocation Failure) [PSYoungGen: 69165K->1424K(70144K)] 381091K->313358K(737792K), 0.0029385 secs] [Times: user=0.01 sys=0.00, real=0.01 secs] 
280.059: [GC (Allocation Failure) [PSYoungGen: 70032K->1440K(70144K)] 381966K->313373K(737792K), 0.0031191 secs] [Times: user=0.01 sys=0.00, real=0.00 secs] 
280.836: [GC (Allocation Failure) [PSYoungGen: 70048K->1408K(70144K)] 381981K->313341K(737792K), 0.0032097 secs] [Times: user=0.01 sys=0.00, real=0.00 secs] 
281.418: [GC (Allocation Failure) [PSYoungGen: 70016K->1376K(70144K)] 381949K->313309K(737792K), 0.0022698 secs] [Times: user=0.01 sys=0.00, real=0.00 secs] 
281.983: [GC (Allocation Failure) [PSYoungGen: 69984K->1549K(70656K)] 381917K->313507K(738304K), 0.0017036 secs] [Times: user=0.01 sys=0.00, real=0.00 secs] 
282.394: [GC (Allocation Failure) [PSYoungGen: 70157K->557K(69632K)] 382115K->313539K(737280K), 0.0015648 secs] [Times: user=0.01 sys=0.00, real=0.00 secs] 
282.807: [GC (Allocation Failure) [PSYoungGen: 69165K->576K(69632K)] 382147K->313558K(737280K), 0.0015854 secs] [Times: user=0.01 sys=0.00, real=0.00 secs] 
283.231: [GC (Allocation Failure) [PSYoungGen: 69018K->256K(69120K)] 382000K->313246K(736768K), 0.0025758 secs] [Times: user=0.01 sys=0.01, real=0.01 secs] 
283.946: [GC (Allocation Failure) [PSYoungGen: 68864K->1376K(71168K)] 381854K->314366K(738816K), 0.0026857 secs] [Times: user=0.01 sys=0.00, real=0.00 secs] 
284.885: [GC (Allocation Failure) [PSYoungGen: 69984K->1408K(70144K)] 382974K->314398K(737792K), 0.0038881 secs] [Times: user=0.01 sys=0.00, real=0.00 secs] 
285.601: [GC (Allocation Failure) [PSYoungGen: 70016K->1376K(70144K)] 383006K->314366K(737792K), 0.0043776 secs] [Times: user=0.01 sys=0.00, real=0.01 secs] 
286.554: [GC (Allocation Failure) [PSYoungGen: 69984K->1344K(70144K)] 382974K->314334K(737792K), 0.0039514 secs] [Times: user=0.02 sys=0.00, real=0.00 secs] 
287.359: [GC (Allocation Failure) [PSYoungGen: 69952K->1533K(70144K)] 382942K->314523K(737792K), 0.0018743 secs] [Times: user=0.00 sys=0.00, real=0.00 secs] 
287.771: [GC (Allocation Failure) [PSYoungGen: 70141K->1581K(70656K)] 383131K->314571K(738304K), 0.0018375 secs] [Times: user=0.01 sys=0.00, real=0.01 secs] 
288.185: [GC (Allocation Failure) [PSYoungGen: 70189K->1581K(70656K)] 383179K->314571K(738304K), 0.0017332 secs] [Times: user=0.01 sys=0.00, real=0.00 secs] 
288.587: [GC (Allocation Failure) [PSYoungGen: 70189K->1504K(70144K)] 383179K->314502K(737792K), 0.0018199 secs] [Times: user=0.01 sys=0.00, real=0.00 secs] 
288.872: [GC (Allocation Failure) [PSYoungGen: 70112K->1408K(70144K)] 383110K->314406K(737792K), 0.0019602 secs] [Times: user=0.01 sys=0.00, real=0.01 secs] 
289.158: [GC (Allocation Failure) [PSYoungGen: 70016K->1408K(70144K)] 383014K->314406K(737792K), 0.0026340 secs] [Times: user=0.01 sys=0.00, real=0.00 secs] 
289.444: [GC (Allocation Failure) [PSYoungGen: 70016K->1376K(70144K)] 383014K->314374K(737792K), 0.0021494 secs] [Times: user=0.01 sys=0.00, real=0.00 secs] 
289.862: [GC (Allocation Failure) [PSYoungGen: 69959K->1485K(70144K)] 382957K->314483K(737792K), 0.0016156 secs] [Times: user=0.01 sys=0.00, real=0.01 secs] 
290.273: [GC (Allocation Failure) [PSYoungGen: 70093K->1549K(70656K)] 383091K->314547K(738304K), 0.0017864 secs] [Times: user=0.01 sys=0.00, real=0.00 secs] 
290.688: [GC (Allocation Failure) [PSYoungGen: 70157K->557K(69632K)] 383155K->314579K(737280K), 0.0017908 secs] [Times: user=0.00 sys=0.00, real=0.00 secs] 
291.102: [GC (Allocation Failure) [PSYoungGen: 69165K->496K(69120K)] 383187K->314534K(736768K), 0.0015108 secs] [Times: user=0.01 sys=0.00, real=0.01 secs] 
291.483: [GC (Allocation Failure) [PSYoungGen: 69104K->1440K(70144K)] 383142K->315478K(737792K), 0.0019555 secs] [Times: user=0.01 sys=0.00, real=0.00 secs] 
291.768: [GC (Allocation Failure) [PSYoungGen: 70048K->1408K(70144K)] 384086K->315446K(737792K), 0.0017807 secs] [Times: user=0.00 sys=0.00, real=0.00 secs] 
292.098: [GC (Allocation Failure) [PSYoungGen: 70016K->1376K(70144K)] 384054K->315414K(737792K), 0.0027698 secs] [Times: user=0.01 sys=0.00, real=0.00 secs] 
292.428: [GC (Allocation Failure) [PSYoungGen: 69984K->1376K(70144K)] 384022K->315414K(737792K), 0.0018938 secs] [Times: user=0.01 sys=0.00, real=0.00 secs] 
292.833: [GC (Allocation Failure) [PSYoungGen: 69984K->1517K(70144K)] 384022K->315555K(737792K), 0.0017170 secs] [Times: user=0.00 sys=0.00, real=0.01 secs] 
293.244: [GC (Allocation Failure) [PSYoungGen: 70125K->1533K(70144K)] 384163K->315571K(737792K), 0.0018178 secs] [Times: user=0.01 sys=0.00, real=0.00 secs] 
293.658: [GC (Allocation Failure) [PSYoungGen: 70141K->1517K(70144K)] 384179K->315579K(737792K), 0.0016571 secs] [Times: user=0.00 sys=0.00, real=0.00 secs] 
294.147: [GC (Allocation Failure) [PSYoungGen: 70125K->2528K(71168K)] 384187K->316646K(738816K), 0.0020120 secs] [Times: user=0.00 sys=0.00, real=0.00 secs] 
295.051: [GC (Allocation Failure) [PSYoungGen: 71136K->1376K(70144K)] 385254K->315494K(737792K), 0.0028674 secs] [Times: user=0.01 sys=0.00, real=0.01 secs] 
296.101: [GC (Allocation Failure) [PSYoungGen: 69984K->1376K(70144K)] 384102K->315494K(737792K), 0.0041263 secs] [Times: user=0.01 sys=0.00, real=0.01 secs] 
296.922: [GC (Allocation Failure) [PSYoungGen: 69984K->1376K(70144K)] 384102K->315494K(737792K), 0.0029150 secs] [Times: user=0.02 sys=0.00, real=0.01 secs] 
297.498: [GC (Allocation Failure) [PSYoungGen: 69855K->288K(69120K)] 383973K->314406K(736768K), 0.0027073 secs] [Times: user=0.01 sys=0.00, real=0.00 secs] 
297.970: [GC (Allocation Failure) [PSYoungGen: 68896K->1549K(70656K)] 383014K->315667K(738304K), 0.0016939 secs] [Times: user=0.00 sys=0.00, real=0.00 secs] 
298.383: [GC (Allocation Failure) [PSYoungGen: 70157K->1549K(70656K)] 384275K->315667K(738304K), 0.0016804 secs] [Times: user=0.00 sys=0.00, real=0.01 secs] 
298.795: [GC (Allocation Failure) [PSYoungGen: 70157K->1520K(70144K)] 384275K->315662K(737792K), 0.0017356 secs] [Times: user=0.01 sys=0.00, real=0.00 secs] 
300.212: [GC (Allocation Failure) [PSYoungGen: 70128K->1456K(70144K)] 384270K->315614K(737792K), 0.0028589 secs] [Times: user=0.01 sys=0.00, real=0.01 secs] 
301.079: [GC (Allocation Failure) [PSYoungGen: 70064K->1376K(70144K)] 384222K->315534K(737792K), 0.0030569 secs] [Times: user=0.01 sys=0.00, real=0.00 secs] 
301.682: [GC (Allocation Failure) [PSYoungGen: 69984K->1408K(70144K)] 384142K->315566K(737792K), 0.0027430 secs] [Times: user=0.01 sys=0.00, real=0.01 secs] 
302.268: [GC (Allocation Failure) [PSYoungGen: 70016K->1376K(70144K)] 384174K->315534K(737792K), 0.0028385 secs] [Times: user=0.01 sys=0.00, real=0.00 secs] 
302.816: [GC (Allocation Failure) [PSYoungGen: 69984K->1440K(70144K)] 384142K->315598K(737792K), 0.0016552 secs] [Times: user=0.00 sys=0.00, real=0.00 secs] 
303.296: [GC (Allocation Failure) [PSYoungGen: 70048K->1520K(70144K)] 384206K->315710K(737792K), 0.0016933 secs] [Times: user=0.00 sys=0.00, real=0.00 secs] 
303.770: [GC (Allocation Failure) [PSYoungGen: 70128K->1520K(70144K)] 384318K->315742K(737792K), 0.0017623 secs] [Times: user=0.01 sys=0.00, real=0.00 secs] 
304.182: [GC (Allocation Failure) [PSYoungGen: 70128K->1517K(70144K)] 384350K->315763K(737792K), 0.0016302 secs] [Times: user=0.00 sys=0.00, real=0.01 secs] 
304.625: [GC (Allocation Failure) [PSYoungGen: 70125K->1408K(70144K)] 384371K->315654K(737792K), 0.0035540 secs] [Times: user=0.01 sys=0.00, real=0.00 secs] 
305.189: [GC (Allocation Failure) [PSYoungGen: 70016K->1376K(70144K)] 384262K->315622K(737792K), 0.0024537 secs] [Times: user=0.01 sys=0.00, real=0.00 secs] 
305.734: [GC (Allocation Failure) [PSYoungGen: 69984K->1360K(70144K)] 384230K->315606K(737792K), 0.0023741 secs] [Times: user=0.01 sys=0.00, real=0.00 secs] 
306.263: [GC (Allocation Failure) [PSYoungGen: 69968K->1344K(70144K)] 384214K->315590K(737792K), 0.0022097 secs] [Times: user=0.01 sys=0.00, real=0.00 secs] 
306.850: [GC (Allocation Failure) [PSYoungGen: 69952K->1517K(70144K)] 384198K->315763K(737792K), 0.0017145 secs] [Times: user=0.00 sys=0.00, real=0.00 secs] 
307.261: [GC (Allocation Failure) [PSYoungGen: 70116K->1517K(70144K)] 384362K->315763K(737792K), 0.0016308 secs] [Times: user=0.01 sys=0.00, real=0.00 secs] 
307.734: [GC (Allocation Failure) [PSYoungGen: 70125K->1565K(70656K)] 384371K->315811K(738304K), 0.0019004 secs] [Times: user=0.01 sys=0.00, real=0.00 secs] 
308.164: [GC (Allocation Failure) [PSYoungGen: 70173K->480K(69120K)] 384419K->315750K(736768K), 0.0020583 secs] [Times: user=0.01 sys=0.00, real=0.00 secs] 
308.601: [GC (Allocation Failure) [PSYoungGen: 69088K->352K(70656K)] 384358K->315622K(738304K), 0.0019271 secs] [Times: user=0.01 sys=0.00, real=0.01 secs] 
309.103: [GC (Allocation Failure) [PSYoungGen: 68960K->384K(69120K)] 384230K->315654K(736768K), 0.0022922 secs] [Times: user=0.01 sys=0.00, real=0.01 secs] 
309.699: [GC (Allocation Failure) [PSYoungGen: 68992K->384K(71168K)] 384262K->315654K(738816K), 0.0023956 secs] [Times: user=0.01 sys=0.00, real=0.00 secs] 
310.695: [GC (Allocation Failure) [PSYoungGen: 68992K->1440K(70144K)] 384262K->316710K(737792K), 0.0040749 secs] [Times: user=0.01 sys=0.00, real=0.00 secs] 
311.244: [GC (Allocation Failure) [PSYoungGen: 70048K->1517K(70144K)] 385318K->316811K(737792K), 0.0018288 secs] [Times: user=0.01 sys=0.00, real=0.00 secs] 
311.656: [GC (Allocation Failure) [PSYoungGen: 70125K->1517K(70144K)] 385419K->316811K(737792K), 0.0018701 secs] [Times: user=0.00 sys=0.00, real=0.00 secs] 
312.072: [GC (Allocation Failure) [PSYoungGen: 70125K->1533K(70144K)] 385419K->316827K(737792K), 0.0016208 secs] [Times: user=0.01 sys=0.00, real=0.01 secs] 
312.736: [GC (Allocation Failure) [PSYoungGen: 70141K->1472K(70144K)] 385435K->316774K(737792K), 0.0044900 secs] [Times: user=0.02 sys=0.00, real=0.00 secs] 
313.350: [GC (Allocation Failure) [PSYoungGen: 70080K->1376K(70144K)] 385382K->316678K(737792K), 0.0028565 secs] [Times: user=0.01 sys=0.00, real=0.00 secs] 
313.923: [GC (Allocation Failure) [PSYoungGen: 69984K->1360K(70144K)] 385286K->316662K(737792K), 0.0029443 secs] [Times: user=0.01 sys=0.00, real=0.01 secs] 
314.449: [GC (Allocation Failure) [PSYoungGen: 69968K->1408K(70144K)] 385270K->316710K(737792K), 0.0039158 secs] [Times: user=0.01 sys=0.00, real=0.01 secs] 
315.044: [GC (Allocation Failure) [PSYoungGen: 70016K->1517K(70144K)] 385318K->316819K(737792K), 0.0017534 secs] [Times: user=0.01 sys=0.00, real=0.00 secs] 
315.516: [GC (Allocation Failure) [PSYoungGen: 70125K->1581K(70656K)] 385427K->316883K(738304K), 0.0018670 secs] [Times: user=0.00 sys=0.00, real=0.00 secs] 
315.937: [GC (Allocation Failure) [PSYoungGen: 70189K->1552K(70656K)] 385491K->316854K(738304K), 0.0016951 secs] [Times: user=0.00 sys=0.00, real=0.00 secs] 
316.412: [GC (Allocation Failure) [PSYoungGen: 70160K->1568K(70656K)] 385462K->316886K(738304K), 0.0019114 secs] [Times: user=0.01 sys=0.00, real=0.01 secs] 
317.175: [GC (Allocation Failure) [PSYoungGen: 70176K->1424K(70144K)] 385494K->316742K(737792K), 0.0038767 secs] [Times: user=0.01 sys=0.00, real=0.00 secs] 
317.714: [GC (Allocation Failure) [PSYoungGen: 70032K->1376K(70144K)] 385350K->316694K(737792K), 0.0023768 secs] [Times: user=0.01 sys=0.00, real=0.00 secs] 
317.995: [GC (Allocation Failure) [PSYoungGen: 69984K->1376K(70144K)] 385302K->316694K(737792K), 0.0020528 secs] [Times: user=0.00 sys=0.00, real=0.00 secs] 
318.396: [GC (Allocation Failure) [PSYoungGen: 69984K->1376K(70144K)] 385302K->316694K(737792K), 0.0022430 secs] [Times: user=0.01 sys=0.00, real=0.00 secs] 
318.910: [GC (Allocation Failure) [PSYoungGen: 69984K->1520K(70144K)] 385302K->316838K(737792K), 0.0016969 secs] [Times: user=0.01 sys=0.00, real=0.00 secs] 
319.324: [GC (Allocation Failure) [PSYoungGen: 70128K->1549K(70656K)] 385446K->316867K(738304K), 0.0017366 secs] [Times: user=0.01 sys=0.00, real=0.00 secs] 
319.797: [GC (Allocation Failure) [PSYoungGen: 70157K->509K(69120K)] 385475K->316851K(736768K), 0.0018912 secs] [Times: user=0.01 sys=0.00, real=0.00 secs] 
320.198: [GC (Allocation Failure) [PSYoungGen: 69117K->1520K(70656K)] 385459K->317870K(738304K), 0.0018439 secs] [Times: user=0.00 sys=0.00, real=0.00 secs] 
320.492: [GC (Allocation Failure) [PSYoungGen: 70128K->1376K(70144K)] 386478K->317750K(737792K), 0.0022689 secs] [Times: user=0.01 sys=0.01, real=0.01 secs] 
320.898: [GC (Allocation Failure) [PSYoungGen: 69984K->1376K(70144K)] 386358K->317750K(737792K), 0.0019620 secs] [Times: user=0.01 sys=0.00, real=0.00 secs] 
321.425: [GC (Allocation Failure) [PSYoungGen: 69984K->1376K(70144K)] 386358K->317750K(737792K), 0.0020624 secs] [Times: user=0.01 sys=0.00, real=0.00 secs] 
322.103: [GC (Allocation Failure) [PSYoungGen: 69984K->1485K(70144K)] 386358K->317867K(737792K), 0.0020324 secs] [Times: user=0.01 sys=0.00, real=0.01 secs] 
322.617: [GC (Allocation Failure) [PSYoungGen: 70093K->1533K(70144K)] 386475K->317915K(737792K), 0.0017234 secs] [Times: user=0.00 sys=0.00, real=0.00 secs] 
323.099: [GC (Allocation Failure) [PSYoungGen: 70141K->1501K(70144K)] 386523K->317883K(737792K), 0.0018028 secs] [Times: user=0.01 sys=0.00, real=0.00 secs] 
323.511: [GC (Allocation Failure) [PSYoungGen: 70109K->1520K(70144K)] 386491K->317926K(737792K), 0.0017603 secs] [Times: user=0.00 sys=0.00, real=0.01 secs] 
323.937: [GC (Allocation Failure) [PSYoungGen: 70128K->1440K(70144K)] 386534K->317846K(737792K), 0.0031039 secs] [Times: user=0.02 sys=0.00, real=0.00 secs] 
324.223: [GC (Allocation Failure) [PSYoungGen: 70048K->1408K(70144K)] 386454K->317814K(737792K), 0.0017871 secs] [Times: user=0.01 sys=0.00, real=0.01 secs] 
324.774: [GC (Allocation Failure) [PSYoungGen: 70016K->1344K(70144K)] 386422K->317750K(737792K), 0.0039128 secs] [Times: user=0.01 sys=0.00, real=0.00 secs] 
325.341: [GC (Allocation Failure) [PSYoungGen: 69952K->1376K(70144K)] 386358K->317782K(737792K), 0.0026391 secs] [Times: user=0.01 sys=0.00, real=0.01 secs] 
325.948: [GC (Allocation Failure) [PSYoungGen: 69984K->1549K(70656K)] 386390K->317955K(738304K), 0.0017042 secs] [Times: user=0.01 sys=0.00, real=0.00 secs] 
326.363: [GC (Allocation Failure) [PSYoungGen: 70153K->525K(69632K)] 386559K->317955K(737280K), 0.0016829 secs] [Times: user=0.00 sys=0.00, real=0.01 secs] 
326.776: [GC (Allocation Failure) [PSYoungGen: 69133K->528K(69632K)] 386563K->317958K(737280K), 0.0016874 secs] [Times: user=0.00 sys=0.00, real=0.00 secs] 
327.188: [GC (Allocation Failure) [PSYoungGen: 69136K->560K(69632K)] 386566K->318006K(737280K), 0.0015370 secs] [Times: user=0.00 sys=0.00, real=0.00 secs] 
327.736: [GC (Allocation Failure) [PSYoungGen: 69168K->1408K(70144K)] 386614K->318854K(737792K), 0.0020966 secs] [Times: user=0.01 sys=0.00, real=0.00 secs] 
328.021: [GC (Allocation Failure) [PSYoungGen: 70016K->1408K(70144K)] 387462K->318854K(737792K), 0.0020735 secs] [Times: user=0.00 sys=0.00, real=0.01 secs] 
328.459: [GC (Allocation Failure) [PSYoungGen: 70016K->1408K(70144K)] 387462K->318854K(737792K), 0.0022754 secs] [Times: user=0.01 sys=0.00, real=0.00 secs] 
329.026: [GC (Allocation Failure) [PSYoungGen: 70016K->1408K(70144K)] 387462K->318854K(737792K), 0.0025594 secs] [Times: user=0.01 sys=0.00, real=0.00 secs] 
329.517: [GC (Allocation Failure) [PSYoungGen: 70016K->1549K(70656K)] 387462K->318995K(738304K), 0.0017507 secs] [Times: user=0.00 sys=0.00, real=0.00 secs] 
329.930: [GC (Allocation Failure) [PSYoungGen: 70157K->557K(69632K)] 387603K->319043K(737280K), 0.0017539 secs] [Times: user=0.01 sys=0.00, real=0.00 secs] 
330.343: [GC (Allocation Failure) [PSYoungGen: 69165K->557K(69632K)] 387651K->319043K(737280K), 0.0017013 secs] [Times: user=0.01 sys=0.00, real=0.01 secs] 
330.856: [GC (Allocation Failure) [PSYoungGen: 69165K->1456K(70144K)] 387651K->319958K(737792K), 0.0019615 secs] [Times: user=0.01 sys=0.00, real=0.00 secs] 
331.276: [GC (Allocation Failure) [PSYoungGen: 70064K->1408K(70144K)] 388566K->319910K(737792K), 0.0019094 secs] [Times: user=0.01 sys=0.00, real=0.00 secs] 
331.634: [GC (Allocation Failure) [PSYoungGen: 70016K->1440K(70144K)] 388518K->319942K(737792K), 0.0033018 secs] [Times: user=0.01 sys=0.00, real=0.00 secs] 
332.219: [GC (Allocation Failure) [PSYoungGen: 70048K->1408K(70144K)] 388550K->319910K(737792K), 0.0032556 secs] [Times: user=0.01 sys=0.00, real=0.00 secs] 
332.801: [GC (Allocation Failure) [PSYoungGen: 70016K->1517K(70144K)] 388518K->320019K(737792K), 0.0016810 secs] [Times: user=0.01 sys=0.00, real=0.00 secs] 
333.215: [GC (Allocation Failure) [PSYoungGen: 70125K->1565K(70656K)] 388627K->320067K(738304K), 0.0018065 secs] [Times: user=0.00 sys=0.00, real=0.00 secs] 
333.629: [GC (Allocation Failure) [PSYoungGen: 70173K->1584K(70656K)] 388675K->320086K(738304K), 0.0016159 secs] [Times: user=0.01 sys=0.00, real=0.00 secs] 
334.041: [GC (Allocation Failure) [PSYoungGen: 70192K->1581K(70656K)] 388694K->320083K(738304K), 0.0017974 secs] [Times: user=0.01 sys=0.00, real=0.01 secs] 
334.680: [GC (Allocation Failure) [PSYoungGen: 70189K->1408K(70144K)] 388691K->319926K(737792K), 0.0021290 secs] [Times: user=0.01 sys=0.00, real=0.00 secs] 
334.965: [GC (Allocation Failure) [PSYoungGen: 70016K->1424K(70144K)] 388534K->319942K(737792K), 0.0021666 secs] [Times: user=0.00 sys=0.00, real=0.00 secs] 
335.250: [GC (Allocation Failure) [PSYoungGen: 70032K->1408K(70144K)] 388550K->319926K(737792K), 0.0021157 secs] [Times: user=0.01 sys=0.00, real=0.00 secs] 
335.574: [GC (Allocation Failure) [PSYoungGen: 70016K->1408K(70144K)] 388534K->319926K(737792K), 0.0019216 secs] [Times: user=0.01 sys=0.00, real=0.00 secs] 
336.072: [GC (Allocation Failure) [PSYoungGen: 70016K->1517K(70144K)] 388534K->320059K(737792K), 0.0016947 secs] [Times: user=0.01 sys=0.00, real=0.01 secs] 
336.486: [GC (Allocation Failure) [PSYoungGen: 70108K->1581K(70656K)] 388650K->320123K(738304K), 0.0017277 secs] [Times: user=0.01 sys=0.00, real=0.00 secs] 
336.899: [GC (Allocation Failure) [PSYoungGen: 70189K->541K(69632K)] 388731K->320107K(737280K), 0.0017881 secs] [Times: user=0.01 sys=0.00, real=0.00 secs] 
337.347: [GC (Allocation Failure) [PSYoungGen: 69149K->1760K(70656K)] 388715K->321334K(738304K), 0.0018208 secs] [Times: user=0.01 sys=0.00, real=0.00 secs] 
337.901: [GC (Allocation Failure) [PSYoungGen: 70368K->1408K(70144K)] 389942K->320982K(737792K), 0.0024754 secs] [Times: user=0.01 sys=0.00, real=0.01 secs] 
338.468: [GC (Allocation Failure) [PSYoungGen: 70016K->1408K(70144K)] 389590K->320982K(737792K), 0.0018654 secs] [Times: user=0.00 sys=0.00, real=0.00 secs] 
338.832: [GC (Allocation Failure) [PSYoungGen: 70016K->1424K(70144K)] 389590K->320998K(737792K), 0.0018321 secs] [Times: user=0.00 sys=0.00, real=0.01 secs] 
339.289: [GC (Allocation Failure) [PSYoungGen: 70032K->1440K(70144K)] 389606K->321014K(737792K), 0.0018232 secs] [Times: user=0.01 sys=0.00, real=0.00 secs] 
339.727: [GC (Allocation Failure) [PSYoungGen: 70048K->1517K(70144K)] 389622K->321195K(737792K), 0.0016897 secs] [Times: user=0.00 sys=0.00, real=0.00 secs] 
340.141: [GC (Allocation Failure) [PSYoungGen: 70125K->1581K(70656K)] 389803K->321259K(738304K), 0.0017292 secs] [Times: user=0.01 sys=0.00, real=0.01 secs] 
340.554: [GC (Allocation Failure) [PSYoungGen: 70189K->560K(69632K)] 389867K->321262K(737280K), 0.0016668 secs] [Times: user=0.01 sys=0.00, real=0.00 secs] 
340.924: [GC (Allocation Failure) [PSYoungGen: 69168K->1472K(70144K)] 389870K->322190K(737792K), 0.0025809 secs] [Times: user=0.01 sys=0.00, real=0.00 secs] 
341.209: [GC (Allocation Failure) [PSYoungGen: 70080K->1376K(70144K)] 390798K->322094K(737792K), 0.0018449 secs] [Times: user=0.01 sys=0.00, real=0.00 secs] 
341.494: [GC (Allocation Failure) [PSYoungGen: 69984K->1376K(70144K)] 390702K->322094K(737792K), 0.0017519 secs] [Times: user=0.00 sys=0.00, real=0.00 secs] 
341.784: [GC (Allocation Failure) [PSYoungGen: 69984K->1344K(70144K)] 390702K->322062K(737792K), 0.0025463 secs] [Times: user=0.01 sys=0.00, real=0.00 secs] 
342.254: [GC (Allocation Failure) [PSYoungGen: 69952K->1453K(70144K)] 390670K->322171K(737792K), 0.0016466 secs] [Times: user=0.00 sys=0.00, real=0.00 secs] 
342.666: [GC (Allocation Failure) [PSYoungGen: 70061K->1517K(70144K)] 390779K->322259K(737792K), 0.0016511 secs] [Times: user=0.00 sys=0.00, real=0.00 secs] 
343.089: [GC (Allocation Failure) [PSYoungGen: 70125K->1565K(70656K)] 390867K->322323K(738304K), 0.0017642 secs] [Times: user=0.01 sys=0.00, real=0.00 secs] 
343.503: [GC (Allocation Failure) [PSYoungGen: 70173K->525K(69632K)] 390931K->322307K(737280K), 0.0016856 secs] [Times: user=0.01 sys=0.00, real=0.01 secs] 
344.053: [GC (Allocation Failure) [PSYoungGen: 69133K->1440K(70144K)] 390915K->323222K(737792K), 0.0018433 secs] [Times: user=0.00 sys=0.00, real=0.01 secs] 
344.599: [GC (Allocation Failure) [PSYoungGen: 70048K->1408K(70144K)] 391830K->323198K(737792K), 0.0023388 secs] [Times: user=0.01 sys=0.00, real=0.00 secs] 
345.183: [GC (Allocation Failure) [PSYoungGen: 70016K->1376K(70144K)] 391806K->323166K(737792K), 0.0020444 secs] [Times: user=0.01 sys=0.00, real=0.01 secs] 
345.681: [GC (Allocation Failure) [PSYoungGen: 69984K->1376K(70144K)] 391774K->323166K(737792K), 0.0020323 secs] [Times: user=0.00 sys=0.00, real=0.01 secs] 
346.160: [GC (Allocation Failure) [PSYoungGen: 69984K->1520K(70144K)] 391774K->323310K(737792K), 0.0017277 secs] [Times: user=0.01 sys=0.00, real=0.00 secs] 
346.574: [GC (Allocation Failure) [PSYoungGen: 70128K->1533K(70144K)] 391918K->323347K(737792K), 0.0017249 secs] [Times: user=0.00 sys=0.00, real=0.00 secs] 
346.988: [GC (Allocation Failure) [PSYoungGen: 70141K->1517K(70144K)] 391955K->323339K(737792K), 0.0019018 secs] [Times: user=0.01 sys=0.00, real=0.00 secs] 
347.415: [GC (Allocation Failure) [PSYoungGen: 70125K->1504K(70144K)] 391947K->323334K(737792K), 0.0018376 secs] [Times: user=0.01 sys=0.00, real=0.00 secs] 
347.784: [GC (Allocation Failure) [PSYoungGen: 70112K->1376K(70144K)] 391942K->323206K(737792K), 0.0020257 secs] [Times: user=0.01 sys=0.00, real=0.00 secs] 
348.100: [GC (Allocation Failure) [PSYoungGen: 69984K->1376K(70144K)] 391814K->323206K(737792K), 0.0020452 secs] [Times: user=0.01 sys=0.00, real=0.00 secs] 
348.475: [GC (Allocation Failure) [PSYoungGen: 69984K->1376K(70144K)] 391814K->323206K(737792K), 0.0033366 secs] [Times: user=0.01 sys=0.00, real=0.00 secs] 
349.020: [GC (Allocation Failure) [PSYoungGen: 69984K->1453K(70144K)] 391814K->323283K(737792K), 0.0022181 secs] [Times: user=0.01 sys=0.00, real=0.00 secs] 
349.451: [GC (Allocation Failure) [PSYoungGen: 70061K->1581K(70656K)] 391891K->323411K(738304K), 0.0017161 secs] [Times: user=0.01 sys=0.00, real=0.01 secs] 
349.866: [GC (Allocation Failure) [PSYoungGen: 70189K->557K(69632K)] 392019K->323427K(737280K), 0.0016717 secs] [Times: user=0.01 sys=0.00, real=0.00 secs] 
350.280: [GC (Allocation Failure) [PSYoungGen: 69165K->493K(69120K)] 392035K->323363K(736768K), 0.0016056 secs] [Times: user=0.01 sys=0.00, real=0.00 secs] 
350.668: [GC (Allocation Failure) [PSYoungGen: 69101K->1424K(70144K)] 391971K->324294K(737792K), 0.0017970 secs] [Times: user=0.01 sys=0.00, real=0.00 secs] 
350.954: [GC (Allocation Failure) [PSYoungGen: 70032K->1408K(70144K)] 392902K->324278K(737792K), 0.0019482 secs] [Times: user=0.00 sys=0.00, real=0.00 secs] 
351.501: [GC (Allocation Failure) [PSYoungGen: 70016K->1360K(70144K)] 392886K->324230K(737792K), 0.0018849 secs] [Times: user=0.00 sys=0.00, real=0.00 secs] 
352.028: [GC (Allocation Failure) [PSYoungGen: 69968K->1376K(70144K)] 392838K->324246K(737792K), 0.0021688 secs] [Times: user=0.00 sys=0.01, real=0.00 secs] 
352.589: [GC (Allocation Failure) [PSYoungGen: 69984K->1517K(70144K)] 392854K->324395K(737792K), 0.0016721 secs] [Times: user=0.00 sys=0.00, real=0.00 secs] 
353.068: [GC (Allocation Failure) [PSYoungGen: 70125K->1501K(70144K)] 393003K->324379K(737792K), 0.0025145 secs] [Times: user=0.01 sys=0.00, real=0.00 secs] 
353.489: [GC (Allocation Failure) [PSYoungGen: 70109K->1517K(70144K)] 392987K->324451K(737792K), 0.0017414 secs] [Times: user=0.01 sys=0.00, real=0.00 secs] 
353.905: [GC (Allocation Failure) [PSYoungGen: 70125K->1552K(70656K)] 393059K->324502K(738304K), 0.0017557 secs] [Times: user=0.01 sys=0.00, real=0.00 secs] 
354.569: [GC (Allocation Failure) [PSYoungGen: 70160K->400K(69120K)] 393110K->324374K(736768K), 0.0032029 secs] [Times: user=0.01 sys=0.00, real=0.00 secs] 
355.151: [GC (Allocation Failure) [PSYoungGen: 69008K->384K(71168K)] 392982K->324358K(738816K), 0.0023307 secs] [Times: user=0.01 sys=0.00, real=0.01 secs] 
355.693: [GC (Allocation Failure) [PSYoungGen: 68992K->384K(69120K)] 392966K->324358K(736768K), 0.0024146 secs] [Times: user=0.01 sys=0.00, real=0.00 secs] 
356.199: [GC (Allocation Failure) [PSYoungGen: 68992K->320K(71168K)] 392966K->324294K(738816K), 0.0019518 secs] [Times: user=0.01 sys=0.00, real=0.00 secs] 
356.660: [GC (Allocation Failure) [PSYoungGen: 68928K->1533K(70144K)] 392902K->325507K(737792K), 0.0017756 secs] [Times: user=0.00 sys=0.00, real=0.00 secs] 
357.074: [GC (Allocation Failure) [PSYoungGen: 70117K->1549K(70656K)] 394091K->325523K(738304K), 0.0017923 secs] [Times: user=0.01 sys=0.00, real=0.00 secs] 
357.487: [GC (Allocation Failure) [PSYoungGen: 70157K->1549K(70656K)] 394131K->325523K(738304K), 0.0016458 secs] [Times: user=0.00 sys=0.00, real=0.00 secs] 
358.438: [GC (Allocation Failure) [PSYoungGen: 70157K->1472K(70144K)] 394131K->325462K(737792K), 0.0030083 secs] [Times: user=0.02 sys=0.00, real=0.00 secs] 
359.290: [GC (Allocation Failure) [PSYoungGen: 70080K->1312K(70144K)] 394070K->325302K(737792K), 0.0032095 secs] [Times: user=0.01 sys=0.00, real=0.01 secs] 
360.149: [GC (Allocation Failure) [PSYoungGen: 69920K->1408K(70144K)] 393910K->325398K(737792K), 0.0035165 secs] [Times: user=0.01 sys=0.00, real=0.00 secs] 
360.884: [GC (Allocation Failure) [PSYoungGen: 70016K->1344K(70144K)] 394006K->325334K(737792K), 0.0065210 secs] [Times: user=0.03 sys=0.00, real=0.00 secs] 
361.309: [GC (Allocation Failure) [PSYoungGen: 69952K->1485K(70144K)] 393942K->325483K(737792K), 0.0016235 secs] [Times: user=0.01 sys=0.00, real=0.00 secs] 
361.780: [GC (Allocation Failure) [PSYoungGen: 70093K->1533K(70144K)] 394091K->325555K(737792K), 0.0018715 secs] [Times: user=0.01 sys=0.00, real=0.00 secs] 
362.197: [GC (Allocation Failure) [PSYoungGen: 70141K->1517K(70144K)] 394163K->325539K(737792K), 0.0019024 secs] [Times: user=0.00 sys=0.00, real=0.00 secs] 
362.612: [GC (Allocation Failure) [PSYoungGen: 70125K->1581K(70656K)] 394147K->325603K(738304K), 0.0018798 secs] [Times: user=0.01 sys=0.00, real=0.01 secs] 
363.234: [GC (Allocation Failure) [PSYoungGen: 70189K->1456K(70144K)] 394211K->325478K(737792K), 0.0035394 secs] [Times: user=0.01 sys=0.00, real=0.00 secs] 
363.942: [GC (Allocation Failure) [PSYoungGen: 70064K->1408K(70144K)] 394086K->325430K(737792K), 0.0040081 secs] [Times: user=0.02 sys=0.00, real=0.01 secs] 
364.686: [GC (Allocation Failure) [PSYoungGen: 70016K->1376K(70144K)] 394038K->325398K(737792K), 0.0039962 secs] [Times: user=0.01 sys=0.00, real=0.00 secs] 
365.459: [GC (Allocation Failure) [PSYoungGen: 69984K->1408K(70144K)] 394006K->325430K(737792K), 0.0026920 secs] [Times: user=0.01 sys=0.00, real=0.00 secs] 
366.042: [GC (Allocation Failure) [PSYoungGen: 70016K->1520K(70144K)] 394038K->325542K(737792K), 0.0016782 secs] [Times: user=0.01 sys=0.00, real=0.01 secs] 
366.459: [GC (Allocation Failure) [PSYoungGen: 70128K->1520K(70144K)] 394150K->325574K(737792K), 0.0017219 secs] [Times: user=0.01 sys=0.00, real=0.00 secs] 
366.872: [GC (Allocation Failure) [PSYoungGen: 70128K->1517K(70144K)] 394182K->325587K(737792K), 0.0017720 secs] [Times: user=0.01 sys=0.00, real=0.01 secs] 
367.286: [GC (Allocation Failure) [PSYoungGen: 70125K->1520K(70144K)] 394195K->325646K(737792K), 0.0015551 secs] [Times: user=0.01 sys=0.00, real=0.00 secs] 
368.079: [GC (Allocation Failure) [PSYoungGen: 70128K->1440K(70144K)] 394254K->325566K(737792K), 0.0021528 secs] [Times: user=0.01 sys=0.00, real=0.00 secs] 
368.408: [GC (Allocation Failure) [PSYoungGen: 70048K->1376K(70144K)] 394174K->325502K(737792K), 0.0019471 secs] [Times: user=0.01 sys=0.00, real=0.00 secs] 
368.694: [GC (Allocation Failure) [PSYoungGen: 69984K->1360K(70144K)] 394110K->325486K(737792K), 0.0020466 secs] [Times: user=0.01 sys=0.00, real=0.00 secs] 
368.979: [GC (Allocation Failure) [PSYoungGen: 69968K->1360K(70144K)] 394094K->325486K(737792K), 0.0027963 secs] [Times: user=0.01 sys=0.00, real=0.00 secs] 
369.506: [GC (Allocation Failure) [PSYoungGen: 69968K->1581K(70656K)] 394094K->325707K(738304K), 0.0017000 secs] [Times: user=0.01 sys=0.00, real=0.00 secs] 
369.918: [GC (Allocation Failure) [PSYoungGen: 70189K->496K(69120K)] 394315K->325654K(736768K), 0.0017842 secs] [Times: user=0.01 sys=0.00, real=0.00 secs] 
370.330: [GC (Allocation Failure) [PSYoungGen: 69104K->525K(70656K)] 394262K->325683K(738304K), 0.0015272 secs] [Times: user=0.01 sys=0.00, real=0.00 secs] 
370.741: [GC (Allocation Failure) [PSYoungGen: 69133K->1504K(70144K)] 394291K->326686K(737792K), 0.0021558 secs] [Times: user=0.01 sys=0.00, real=0.01 secs] 
371.028: [GC (Allocation Failure) [PSYoungGen: 70112K->1408K(70144K)] 395294K->326598K(737792K), 0.0020747 secs] [Times: user=0.00 sys=0.00, real=0.00 secs] 
371.313: [GC (Allocation Failure) [PSYoungGen: 70016K->1376K(70144K)] 395206K->326566K(737792K), 0.0019962 secs] [Times: user=0.00 sys=0.00, real=0.00 secs] 
371.598: [GC (Allocation Failure) [PSYoungGen: 69984K->1408K(70144K)] 395174K->326598K(737792K), 0.0021061 secs] [Times: user=0.00 sys=0.00, real=0.00 secs] 
371.950: [GC (Allocation Failure) [PSYoungGen: 70016K->1456K(70144K)] 395206K->326646K(737792K), 0.0016495 secs] [Times: user=0.01 sys=0.00, real=0.00 secs] 
372.424: [GC (Allocation Failure) [PSYoungGen: 70064K->1581K(70656K)] 395254K->326771K(738304K), 0.0018429 secs] [Times: user=0.01 sys=0.00, real=0.00 secs] 
372.892: [GC (Allocation Failure) [PSYoungGen: 70189K->541K(69632K)] 395379K->326755K(737280K), 0.0018121 secs] [Times: user=0.00 sys=0.00, real=0.01 secs] 
373.380: [GC (Allocation Failure) [PSYoungGen: 69149K->509K(69120K)] 395363K->326723K(736768K), 0.0017695 secs] [Times: user=0.00 sys=0.00, real=0.00 secs] 
373.986: [GC (Allocation Failure) [PSYoungGen: 69117K->1440K(70144K)] 395331K->327662K(737792K), 0.0033576 secs] [Times: user=0.01 sys=0.00, real=0.00 secs] 
374.874: [GC (Allocation Failure) [PSYoungGen: 70048K->1408K(70144K)] 396270K->327630K(737792K), 0.0023878 secs] [Times: user=0.01 sys=0.00, real=0.00 secs] 
375.621: [GC (Allocation Failure) [PSYoungGen: 70016K->1376K(70144K)] 396238K->327598K(737792K), 0.0027156 secs] [Times: user=0.00 sys=0.00, real=0.01 secs] 
376.375: [GC (Allocation Failure) [PSYoungGen: 69984K->1392K(70144K)] 396206K->327614K(737792K), 0.0022694 secs] [Times: user=0.01 sys=0.00, real=0.00 secs] 
376.976: [GC (Allocation Failure) [PSYoungGen: 70000K->1504K(70144K)] 396222K->327734K(737792K), 0.0017191 secs] [Times: user=0.00 sys=0.00, real=0.00 secs] 
377.388: [GC (Allocation Failure) [PSYoungGen: 70095K->1485K(70144K)] 396325K->327715K(737792K), 0.0017681 secs] [Times: user=0.01 sys=0.00, real=0.00 secs] 
377.802: [GC (Allocation Failure) [PSYoungGen: 70093K->1517K(70144K)] 396323K->327803K(737792K), 0.0017480 secs] [Times: user=0.01 sys=0.00, real=0.01 secs] 
378.260: [GC (Allocation Failure) [PSYoungGen: 70125K->1760K(70656K)] 396411K->328046K(738304K), 0.0021103 secs] [Times: user=0.01 sys=0.00, real=0.00 secs] 
378.584: [GC (Allocation Failure) [PSYoungGen: 70368K->1376K(70144K)] 396654K->327662K(737792K), 0.0019351 secs] [Times: user=0.01 sys=0.00, real=0.00 secs] 
378.909: [GC (Allocation Failure) [PSYoungGen: 69984K->1376K(70144K)] 396270K->327662K(737792K), 0.0021115 secs] [Times: user=0.01 sys=0.00, real=0.00 secs] 
379.201: [GC (Allocation Failure) [PSYoungGen: 69984K->1376K(70144K)] 396270K->327662K(737792K), 0.0019698 secs] [Times: user=0.01 sys=0.00, real=0.00 secs] 
379.486: [GC (Allocation Failure) [PSYoungGen: 69984K->1408K(70144K)] 396270K->327694K(737792K), 0.0020841 secs] [Times: user=0.00 sys=0.00, real=0.00 secs] 
380.023: [GC (Allocation Failure) [PSYoungGen: 70016K->1517K(70144K)] 396302K->327827K(737792K), 0.0018404 secs] [Times: user=0.01 sys=0.00, real=0.01 secs] 
380.436: [GC (Allocation Failure) [PSYoungGen: 70125K->1517K(70144K)] 396435K->327843K(737792K), 0.0018744 secs] [Times: user=0.01 sys=0.00, real=0.00 secs] 
380.848: [GC (Allocation Failure) [PSYoungGen: 70125K->1485K(70144K)] 396451K->327811K(737792K), 0.0018186 secs] [Times: user=0.01 sys=0.00, real=0.00 secs] 
381.359: [GC (Allocation Failure) [PSYoungGen: 70093K->1456K(70144K)] 396419K->327798K(737792K), 0.0031229 secs] [Times: user=0.01 sys=0.00, real=0.00 secs] 
381.935: [GC (Allocation Failure) [PSYoungGen: 70064K->1376K(70144K)] 396406K->327718K(737792K), 0.0029575 secs] [Times: user=0.01 sys=0.00, real=0.00 secs] 
382.584: [GC (Allocation Failure) [PSYoungGen: 69984K->1376K(70144K)] 396326K->327718K(737792K), 0.0028428 secs] [Times: user=0.01 sys=0.00, real=0.00 secs] 
383.365: [GC (Allocation Failure) [PSYoungGen: 69984K->1392K(70656K)] 396326K->327734K(738304K), 0.0027230 secs] [Times: user=0.01 sys=0.00, real=0.00 secs] 
384.115: [GC (Allocation Failure) [PSYoungGen: 70000K->1421K(70656K)] 396342K->327763K(738304K), 0.0019462 secs] [Times: user=0.01 sys=0.00, real=0.00 secs] 
384.533: [GC (Allocation Failure) [PSYoungGen: 70029K->1520K(70656K)] 396371K->327862K(738304K), 0.0016836 secs] [Times: user=0.01 sys=0.00, real=0.01 secs] 
384.948: [GC (Allocation Failure) [PSYoungGen: 70128K->1549K(70656K)] 396470K->327891K(738304K), 0.0015853 secs] [Times: user=0.00 sys=0.00, real=0.00 secs] 
385.360: [GC (Allocation Failure) [PSYoungGen: 70157K->1533K(70656K)] 396499K->327899K(738304K), 0.0017937 secs] [Times: user=0.01 sys=0.00, real=0.00 secs] 
385.784: [GC (Allocation Failure) [PSYoungGen: 70141K->1440K(70656K)] 396507K->327806K(738304K), 0.0028299 secs] [Times: user=0.01 sys=0.00, real=0.00 secs] 
386.058: [GC (Allocation Failure) [PSYoungGen: 70048K->1344K(70656K)] 396414K->327710K(738304K), 0.0019329 secs] [Times: user=0.01 sys=0.00, real=0.00 secs] 
386.344: [GC (Allocation Failure) [PSYoungGen: 69952K->1408K(70656K)] 396318K->327774K(738304K), 0.0018135 secs] [Times: user=0.01 sys=0.00, real=0.00 secs] 
386.628: [GC (Allocation Failure) [PSYoungGen: 70016K->1376K(70656K)] 396382K->327742K(738304K), 0.0018119 secs] [Times: user=0.01 sys=0.00, real=0.00 secs] 
387.096: [GC (Allocation Failure) [PSYoungGen: 69984K->1549K(70656K)] 396350K->327915K(738304K), 0.0017068 secs] [Times: user=0.00 sys=0.00, real=0.00 secs] 
387.507: [GC (Allocation Failure) [PSYoungGen: 70157K->1501K(70656K)] 396523K->327867K(738304K), 0.0017115 secs] [Times: user=0.01 sys=0.00, real=0.00 secs] 
387.979: [GC (Allocation Failure) [PSYoungGen: 70109K->1533K(70656K)] 396475K->327899K(738304K), 0.0017583 secs] [Times: user=0.00 sys=0.00, real=0.00 secs] 
388.426: [GC (Allocation Failure) [PSYoungGen: 70141K->1472K(70656K)] 396507K->327846K(738304K), 0.0018783 secs] [Times: user=0.01 sys=0.01, real=0.00 secs] 
389.089: [GC (Allocation Failure) [PSYoungGen: 70080K->1376K(70656K)] 396454K->327750K(738304K), 0.0023889 secs] [Times: user=0.01 sys=0.00, real=0.00 secs] 
389.663: [GC (Allocation Failure) [PSYoungGen: 69984K->1344K(70656K)] 396358K->327718K(738304K), 0.0020884 secs] [Times: user=0.01 sys=0.00, real=0.01 secs] 
390.243: [GC (Allocation Failure) [PSYoungGen: 69952K->1376K(70656K)] 396326K->327766K(738304K), 0.0036611 secs] [Times: user=0.01 sys=0.00, real=0.00 secs] 
390.926: [GC (Allocation Failure) [PSYoungGen: 69984K->1421K(70656K)] 396374K->327811K(738304K), 0.0021710 secs] [Times: user=0.01 sys=0.00, real=0.00 secs] 
391.390: [GC (Allocation Failure) [PSYoungGen: 70029K->1581K(70656K)] 396419K->327971K(738304K), 0.0016474 secs] [Times: user=0.01 sys=0.00, real=0.00 secs] 
391.804: [GC (Allocation Failure) [PSYoungGen: 70189K->1581K(70656K)] 396579K->327971K(738304K), 0.0016587 secs] [Times: user=0.01 sys=0.00, real=0.00 secs] 
392.283: [GC (Allocation Failure) [PSYoungGen: 70189K->1501K(70656K)] 396579K->327891K(738304K), 0.0017964 secs] [Times: user=0.01 sys=0.00, real=0.00 secs] 
392.691: [GC (Allocation Failure) [PSYoungGen: 70109K->1472K(70656K)] 396499K->327862K(738304K), 0.0024075 secs] [Times: user=0.01 sys=0.00, real=0.01 secs] 
393.261: [GC (Allocation Failure) [PSYoungGen: 70080K->1392K(70656K)] 396470K->327782K(738304K), 0.0020036 secs] [Times: user=0.00 sys=0.00, real=0.01 secs] 
393.824: [GC (Allocation Failure) [PSYoungGen: 70000K->1408K(70656K)] 396390K->327798K(738304K), 0.0022265 secs] [Times: user=0.01 sys=0.00, real=0.00 secs] 
394.605: [GC (Allocation Failure) [PSYoungGen: 70016K->1376K(70656K)] 396406K->327766K(738304K), 0.0024655 secs] [Times: user=0.01 sys=0.00, real=0.00 secs] 
395.178: [GC (Allocation Failure) [PSYoungGen: 69984K->1485K(70656K)] 396374K->327875K(738304K), 0.0017769 secs] [Times: user=0.01 sys=0.00, real=0.00 secs] 
395.590: [GC (Allocation Failure) [PSYoungGen: 70093K->1520K(70656K)] 396483K->327910K(738304K), 0.0016813 secs] [Times: user=0.00 sys=0.00, real=0.00 secs] 
396.004: [GC (Allocation Failure) [PSYoungGen: 70128K->1568K(70656K)] 396518K->327958K(738304K), 0.0018122 secs] [Times: user=0.01 sys=0.00, real=0.00 secs] 
396.421: [GC (Allocation Failure) [PSYoungGen: 70176K->1552K(70656K)] 396566K->327958K(738304K), 0.0017410 secs] [Times: user=0.01 sys=0.00, real=0.01 secs] 
396.780: [GC (Allocation Failure) [PSYoungGen: 70160K->1440K(70656K)] 396566K->327846K(738304K), 0.0017026 secs] [Times: user=0.00 sys=0.00, real=0.00 secs] 
397.270: [GC (Allocation Failure) [PSYoungGen: 70048K->1376K(70656K)] 396454K->327782K(738304K), 0.0019499 secs] [Times: user=0.01 sys=0.00, real=0.00 secs] 
397.843: [GC (Allocation Failure) [PSYoungGen: 69984K->1408K(70656K)] 396390K->327814K(738304K), 0.0020124 secs] [Times: user=0.01 sys=0.00, real=0.00 secs] 
398.405: [GC (Allocation Failure) [PSYoungGen: 70016K->1408K(70656K)] 396422K->327814K(738304K), 0.0029369 secs] [Times: user=0.02 sys=0.00, real=0.00 secs] 
398.999: [GC (Allocation Failure) [PSYoungGen: 70016K->1488K(70656K)] 396422K->327894K(738304K), 0.0016520 secs] [Times: user=0.01 sys=0.00, real=0.00 secs] 
399.415: [GC (Allocation Failure) [PSYoungGen: 70076K->1533K(70656K)] 396482K->327939K(738304K), 0.0015793 secs] [Times: user=0.01 sys=0.00, real=0.00 secs] 
399.828: [GC (Allocation Failure) [PSYoungGen: 70141K->1533K(70656K)] 396547K->327939K(738304K), 0.0017160 secs] [Times: user=0.00 sys=0.00, real=0.00 secs] 
400.393: [GC (Allocation Failure) [PSYoungGen: 70141K->1536K(70656K)] 396547K->327950K(738304K), 0.0020331 secs] [Times: user=0.00 sys=0.00, real=0.01 secs] 
401.160: [GC (Allocation Failure) [PSYoungGen: 70144K->1376K(70656K)] 396558K->327806K(738304K), 0.0020696 secs] [Times: user=0.01 sys=0.00, real=0.00 secs] 
401.699: [GC (Allocation Failure) [PSYoungGen: 69984K->1376K(70656K)] 396414K->327806K(738304K), 0.0020653 secs] [Times: user=0.01 sys=0.00, real=0.00 secs] 
402.203: [GC (Allocation Failure) [PSYoungGen: 69984K->1376K(70656K)] 396414K->327806K(738304K), 0.0021466 secs] [Times: user=0.01 sys=0.00, real=0.01 secs] 
402.859: [GC (Allocation Failure) [PSYoungGen: 69984K->1453K(70656K)] 396414K->327883K(738304K), 0.0020707 secs] [Times: user=0.01 sys=0.00, real=0.00 secs] 
403.391: [GC (Allocation Failure) [PSYoungGen: 70061K->1552K(70656K)] 396491K->327982K(738304K), 0.0017570 secs] [Times: user=0.00 sys=0.00, real=0.00 secs] 
403.802: [GC (Allocation Failure) [PSYoungGen: 70160K->1549K(70656K)] 396590K->327979K(738304K), 0.0017948 secs] [Times: user=0.00 sys=0.00, real=0.01 secs] 
404.215: [GC (Allocation Failure) [PSYoungGen: 70157K->1552K(70656K)] 396587K->327982K(738304K), 0.0017420 secs] [Times: user=0.01 sys=0.00, real=0.00 secs] 
404.593: [GC (Allocation Failure) [PSYoungGen: 70160K->1456K(70656K)] 396590K->327902K(738304K), 0.0021476 secs] [Times: user=0.00 sys=0.00, real=0.00 secs] 
404.920: [GC (Allocation Failure) [PSYoungGen: 70064K->1344K(70656K)] 396510K->327790K(738304K), 0.0020130 secs] [Times: user=0.00 sys=0.00, real=0.00 secs] 
405.219: [GC (Allocation Failure) [PSYoungGen: 69952K->1392K(70656K)] 396398K->327838K(738304K), 0.0018468 secs] [Times: user=0.01 sys=0.00, real=0.00 secs] 
405.504: [GC (Allocation Failure) [PSYoungGen: 70000K->1376K(70656K)] 396446K->327822K(738304K), 0.0019533 secs] [Times: user=0.00 sys=0.00, real=0.00 secs] 
405.982: [GC (Allocation Failure) [PSYoungGen: 69984K->1453K(70656K)] 396430K->327899K(738304K), 0.0016559 secs] [Times: user=0.01 sys=0.00, real=0.01 secs] 
406.396: [GC (Allocation Failure) [PSYoungGen: 70061K->1533K(70656K)] 396507K->327979K(738304K), 0.0016843 secs] [Times: user=0.00 sys=0.00, real=0.00 secs] 
406.811: [GC (Allocation Failure) [PSYoungGen: 70141K->1533K(70656K)] 396587K->327979K(738304K), 0.0016658 secs] [Times: user=0.01 sys=0.00, real=0.01 secs] 
407.223: [GC (Allocation Failure) [PSYoungGen: 70141K->1581K(70656K)] 396587K->328043K(738304K), 0.0016751 secs] [Times: user=0.01 sys=0.00, real=0.00 secs] 
407.921: [GC (Allocation Failure) [PSYoungGen: 70189K->1408K(70656K)] 396651K->327870K(738304K), 0.0019867 secs] [Times: user=0.01 sys=0.00, real=0.00 secs] 
408.246: [GC (Allocation Failure) [PSYoungGen: 70016K->1408K(70656K)] 396478K->327870K(738304K), 0.0019690 secs] [Times: user=0.00 sys=0.00, real=0.00 secs] 
408.558: [GC (Allocation Failure) [PSYoungGen: 70016K->1408K(70656K)] 396478K->327870K(738304K), 0.0019230 secs] [Times: user=0.00 sys=0.00, real=0.00 secs] 
408.885: [GC (Allocation Failure) [PSYoungGen: 70016K->1408K(70656K)] 396478K->327878K(738304K), 0.0018640 secs] [Times: user=0.01 sys=0.00, real=0.00 secs] 
409.335: [GC (Allocation Failure) [PSYoungGen: 70016K->1520K(70656K)] 396486K->328006K(738304K), 0.0016531 secs] [Times: user=0.00 sys=0.00, real=0.00 secs] 
409.747: [GC (Allocation Failure) [PSYoungGen: 70128K->1581K(70656K)] 396614K->328067K(738304K), 0.0017572 secs] [Times: user=0.00 sys=0.00, real=0.00 secs] 
410.218: [GC (Allocation Failure) [PSYoungGen: 70189K->1565K(70656K)] 396675K->328051K(738304K), 0.0017774 secs] [Times: user=0.00 sys=0.00, real=0.00 secs] 
410.683: [GC (Allocation Failure) [PSYoungGen: 70173K->1488K(70656K)] 396659K->327982K(738304K), 0.0020675 secs] [Times: user=0.01 sys=0.00, real=0.01 secs] 
410.968: [GC (Allocation Failure) [PSYoungGen: 70096K->1376K(70656K)] 396590K->327870K(738304K), 0.0020275 secs] [Times: user=0.01 sys=0.00, real=0.00 secs] 
411.277: [GC (Allocation Failure) [PSYoungGen: 69984K->1376K(70656K)] 396478K->327870K(738304K), 0.0019728 secs] [Times: user=0.01 sys=0.00, real=0.00 secs] 
411.617: [GC (Allocation Failure) [PSYoungGen: 69984K->1376K(70656K)] 396478K->327870K(738304K), 0.0019207 secs] [Times: user=0.00 sys=0.00, real=0.00 secs] 
412.052: [GC (Allocation Failure) [PSYoungGen: 69984K->1485K(70656K)] 396478K->327979K(738304K), 0.0016145 secs] [Times: user=0.01 sys=0.00, real=0.01 secs] 
412.463: [GC (Allocation Failure) [PSYoungGen: 70093K->1501K(70656K)] 396587K->327995K(738304K), 0.0016248 secs] [Times: user=0.01 sys=0.00, real=0.00 secs] 
412.936: [GC (Allocation Failure) [PSYoungGen: 70109K->1549K(70656K)] 396603K->328043K(738304K), 0.0016991 secs] [Times: user=0.01 sys=0.00, real=0.00 secs] 
413.352: [GC (Allocation Failure) [PSYoungGen: 70157K->1533K(70656K)] 396651K->328027K(738304K), 0.0037875 secs] [Times: user=0.01 sys=0.00, real=0.01 secs] 
413.893: [GC (Allocation Failure) [PSYoungGen: 70141K->1472K(70656K)] 396635K->327966K(738304K), 0.0034096 secs] [Times: user=0.01 sys=0.00, real=0.00 secs] 
414.470: [GC (Allocation Failure) [PSYoungGen: 70080K->1408K(70656K)] 396574K->327902K(738304K), 0.0026659 secs] [Times: user=0.01 sys=0.00, real=0.00 secs] 
415.124: [GC (Allocation Failure) [PSYoungGen: 70016K->1376K(70656K)] 396510K->327870K(738304K), 0.0025001 secs] [Times: user=0.01 sys=0.00, real=0.00 secs] 
415.704: [GC (Allocation Failure) [PSYoungGen: 69984K->1376K(70656K)] 396478K->327870K(738304K), 0.0025664 secs] [Times: user=0.01 sys=0.00, real=0.00 secs] 
416.310: [GC (Allocation Failure) [PSYoungGen: 69984K->1485K(70656K)] 396478K->327979K(738304K), 0.0018376 secs] [Times: user=0.01 sys=0.00, real=0.00 secs] 
416.813: [GC (Allocation Failure) [PSYoungGen: 70093K->1581K(70656K)] 396587K->328075K(738304K), 0.0017178 secs] [Times: user=0.01 sys=0.01, real=0.01 secs] 
417.225: [GC (Allocation Failure) [PSYoungGen: 70189K->1549K(70656K)] 396683K->328043K(738304K), 0.0017193 secs] [Times: user=0.01 sys=0.00, real=0.00 secs] 
417.637: [GC (Allocation Failure) [PSYoungGen: 70157K->1504K(70656K)] 396651K->328006K(738304K), 0.0017110 secs] [Times: user=0.01 sys=0.00, real=0.00 secs] 
418.045: [GC (Allocation Failure) [PSYoungGen: 70112K->1392K(70656K)] 396614K->327894K(738304K), 0.0021777 secs] [Times: user=0.01 sys=0.00, real=0.00 secs] 
418.345: [GC (Allocation Failure) [PSYoungGen: 70000K->1408K(70656K)] 396502K->327910K(738304K), 0.0019686 secs] [Times: user=0.01 sys=0.00, real=0.00 secs] 
418.681: [GC (Allocation Failure) [PSYoungGen: 70016K->1376K(70656K)] 396518K->327878K(738304K), 0.0018637 secs] [Times: user=0.01 sys=0.00, real=0.01 secs] 
419.052: [GC (Allocation Failure) [PSYoungGen: 69984K->1376K(70656K)] 396486K->327878K(738304K), 0.0018988 secs] [Times: user=0.01 sys=0.00, real=0.01 secs] 
419.537: [GC (Allocation Failure) [PSYoungGen: 69984K->1504K(70656K)] 396486K->328006K(738304K), 0.0016723 secs] [Times: user=0.01 sys=0.00, real=0.00 secs] 
419.950: [GC (Allocation Failure) [PSYoungGen: 70112K->1517K(70656K)] 396614K->328035K(738304K), 0.0017548 secs] [Times: user=0.01 sys=0.00, real=0.00 secs] 
420.363: [GC (Allocation Failure) [PSYoungGen: 70125K->1549K(70656K)] 396643K->328067K(738304K), 0.0016730 secs] [Times: user=0.00 sys=0.00, real=0.01 secs] 
420.972: [GC (Allocation Failure) [PSYoungGen: 70157K->1456K(70656K)] 396675K->327974K(738304K), 0.0018450 secs] [Times: user=0.01 sys=0.00, real=0.01 secs] 
421.578: [GC (Allocation Failure) [PSYoungGen: 70064K->1360K(70656K)] 396582K->327878K(738304K), 0.0032734 secs] [Times: user=0.01 sys=0.00, real=0.00 secs] 
422.152: [GC (Allocation Failure) [PSYoungGen: 69968K->1408K(70656K)] 396486K->327926K(738304K), 0.0024844 secs] [Times: user=0.00 sys=0.00, real=0.01 secs] 
422.725: [GC (Allocation Failure) [PSYoungGen: 70016K->1408K(70656K)] 396534K->327926K(738304K), 0.0037918 secs] [Times: user=0.02 sys=0.00, real=0.00 secs] 
423.474: [GC (Allocation Failure) [PSYoungGen: 70016K->1405K(70656K)] 396534K->327923K(738304K), 0.0015979 secs] [Times: user=0.01 sys=0.00, real=0.00 secs] 
423.884: [GC (Allocation Failure) [PSYoungGen: 70013K->1584K(70656K)] 396531K->328102K(738304K), 0.0017278 secs] [Times: user=0.01 sys=0.00, real=0.00 secs] 
424.300: [GC (Allocation Failure) [PSYoungGen: 70192K->1549K(70656K)] 396710K->328067K(738304K), 0.0016718 secs] [Times: user=0.01 sys=0.00, real=0.00 secs] 
424.770: [GC (Allocation Failure) [PSYoungGen: 70157K->1520K(70656K)] 396675K->328054K(738304K), 0.0024014 secs] [Times: user=0.00 sys=0.00, real=0.00 secs] 
425.156: [GC (Allocation Failure) [PSYoungGen: 70128K->1440K(70656K)] 396662K->327982K(738304K), 0.0020213 secs] [Times: user=0.01 sys=0.00, real=0.00 secs] 
425.750: [GC (Allocation Failure) [PSYoungGen: 70048K->1408K(70656K)] 396590K->327950K(738304K), 0.0024302 secs] [Times: user=0.01 sys=0.00, real=0.00 secs] 
426.411: [GC (Allocation Failure) [PSYoungGen: 70016K->1376K(70656K)] 396558K->327918K(738304K), 0.0025425 secs] [Times: user=0.01 sys=0.00, real=0.01 secs] 
427.542: [GC (Allocation Failure) [PSYoungGen: 69984K->1408K(70656K)] 396526K->327950K(738304K), 0.0030531 secs] [Times: user=0.01 sys=0.00, real=0.01 secs] 
428.380: [GC (Allocation Failure) [PSYoungGen: 70016K->1501K(70656K)] 396558K->328043K(738304K), 0.0017607 secs] [Times: user=0.01 sys=0.00, real=0.00 secs] 
428.792: [GC (Allocation Failure) [PSYoungGen: 70109K->1549K(70656K)] 396651K->328091K(738304K), 0.0016778 secs] [Times: user=0.00 sys=0.00, real=0.01 secs] 
429.265: [GC (Allocation Failure) [PSYoungGen: 70157K->1581K(70656K)] 396699K->328123K(738304K), 0.0017100 secs] [Times: user=0.01 sys=0.00, real=0.00 secs] 
429.737: [GC (Allocation Failure) [PSYoungGen: 70189K->2016K(70656K)] 396731K->328582K(738304K), 0.0023486 secs] [Times: user=0.00 sys=0.00, real=0.00 secs] 
430.039: [GC (Allocation Failure) [PSYoungGen: 70624K->1376K(70656K)] 397190K->327942K(738304K), 0.0021182 secs] [Times: user=0.01 sys=0.00, real=0.00 secs] 
430.357: [GC (Allocation Failure) [PSYoungGen: 69984K->1408K(70656K)] 396550K->327974K(738304K), 0.0019231 secs] [Times: user=0.01 sys=0.00, real=0.00 secs] 
430.653: [GC (Allocation Failure) [PSYoungGen: 70016K->1424K(70656K)] 396582K->327990K(738304K), 0.0025590 secs] [Times: user=0.01 sys=0.00, real=0.00 secs] 
431.010: [GC (Allocation Failure) [PSYoungGen: 70032K->1453K(70656K)] 396598K->328035K(738304K), 0.0028167 secs] [Times: user=0.02 sys=0.00, real=0.00 secs] 
431.542: [GC (Allocation Failure) [PSYoungGen: 70061K->1581K(70656K)] 396643K->328163K(738304K), 0.0017275 secs] [Times: user=0.00 sys=0.00, real=0.01 secs] 
431.957: [GC (Allocation Failure) [PSYoungGen: 70189K->1549K(70656K)] 396771K->328131K(738304K), 0.0018076 secs] [Times: user=0.01 sys=0.00, real=0.00 secs] 
432.426: [GC (Allocation Failure) [PSYoungGen: 70157K->1549K(70656K)] 396739K->328131K(738304K), 0.0018247 secs] [Times: user=0.01 sys=0.00, real=0.00 secs] 
432.851: [GC (Allocation Failure) [PSYoungGen: 70157K->1456K(70656K)] 396739K->328046K(738304K), 0.0030895 secs] [Times: user=0.01 sys=0.00, real=0.01 secs] 
433.283: [GC (Allocation Failure) [PSYoungGen: 70064K->1408K(70656K)] 396654K->328006K(738304K), 0.0020356 secs] [Times: user=0.01 sys=0.00, real=0.01 secs] 
433.623: [GC (Allocation Failure) [PSYoungGen: 70016K->1440K(70656K)] 396614K->328038K(738304K), 0.0019343 secs] [Times: user=0.01 sys=0.00, real=0.00 secs] 
433.918: [GC (Allocation Failure) [PSYoungGen: 70048K->1376K(70656K)] 396646K->327974K(738304K), 0.0018678 secs] [Times: user=0.01 sys=0.00, real=0.00 secs] 
434.400: [GC (Allocation Failure) [PSYoungGen: 69984K->1517K(70656K)] 396582K->328115K(738304K), 0.0016363 secs] [Times: user=0.01 sys=0.00, real=0.00 secs] 
434.813: [GC (Allocation Failure) [PSYoungGen: 70125K->1552K(70656K)] 396723K->328150K(738304K), 0.0016823 secs] [Times: user=0.01 sys=0.00, real=0.00 secs] 
435.236: [GC (Allocation Failure) [PSYoungGen: 70160K->1584K(70656K)] 396758K->328182K(738304K), 0.0016789 secs] [Times: user=0.00 sys=0.00, real=0.00 secs] 
435.649: [GC (Allocation Failure) [PSYoungGen: 70192K->1616K(70656K)] 396790K->328230K(738304K), 0.0016280 secs] [Times: user=0.01 sys=0.00, real=0.00 secs] 
436.312: [GC (Allocation Failure) [PSYoungGen: 70224K->1440K(70656K)] 396838K->328062K(738304K), 0.0018384 secs] [Times: user=0.01 sys=0.00, real=0.01 secs] 
437.256: [GC (Allocation Failure) [PSYoungGen: 70048K->1440K(70656K)] 396670K->328062K(738304K), 0.0032154 secs] [Times: user=0.01 sys=0.00, real=0.00 secs] 
437.954: [GC (Allocation Failure) [PSYoungGen: 70048K->1376K(70656K)] 396670K->327998K(738304K), 0.0026997 secs] [Times: user=0.01 sys=0.00, real=0.00 secs] 
438.672: [GC (Allocation Failure) [PSYoungGen: 69984K->1440K(70656K)] 396606K->328070K(738304K), 0.0026224 secs] [Times: user=0.01 sys=0.00, real=0.01 secs] 
439.300: [GC (Allocation Failure) [PSYoungGen: 70048K->1549K(70656K)] 396678K->328179K(738304K), 0.0016600 secs] [Times: user=0.00 sys=0.00, real=0.00 secs] 
439.712: [GC (Allocation Failure) [PSYoungGen: 70157K->1584K(70656K)] 396787K->328214K(738304K), 0.0017453 secs] [Times: user=0.01 sys=0.00, real=0.01 secs] 
440.126: [GC (Allocation Failure) [PSYoungGen: 70192K->1584K(70656K)] 396822K->328214K(738304K), 0.0016900 secs] [Times: user=0.01 sys=0.00, real=0.00 secs] 
440.590: [GC (Allocation Failure) [PSYoungGen: 70192K->1552K(70656K)] 396822K->328182K(738304K), 0.0018189 secs] [Times: user=0.00 sys=0.00, real=0.00 secs] 
440.892: [GC (Allocation Failure) [PSYoungGen: 70160K->1376K(70656K)] 396790K->328022K(738304K), 0.0016801 secs] [Times: user=0.01 sys=0.00, real=0.01 secs] 
441.348: [GC (Allocation Failure) [PSYoungGen: 69984K->1312K(70656K)] 396630K->327958K(738304K), 0.0015769 secs] [Times: user=0.01 sys=0.00, real=0.00 secs] 
441.910: [GC (Allocation Failure) [PSYoungGen: 69920K->1376K(70656K)] 396566K->328022K(738304K), 0.0016981 secs] [Times: user=0.01 sys=0.01, real=0.00 secs] 
442.649: [GC (Allocation Failure) [PSYoungGen: 69984K->1485K(70656K)] 396630K->328131K(738304K), 0.0020249 secs] [Times: user=0.01 sys=0.00, real=0.00 secs] 
443.076: [GC (Allocation Failure) [PSYoungGen: 70093K->1552K(70656K)] 396739K->328198K(738304K), 0.0017008 secs] [Times: user=0.01 sys=0.00, real=0.00 secs] 
443.548: [GC (Allocation Failure) [PSYoungGen: 70160K->1584K(70656K)] 396806K->328230K(738304K), 0.0017587 secs] [Times: user=0.01 sys=0.00, real=0.00 secs] 
443.960: [GC (Allocation Failure) [PSYoungGen: 70192K->1552K(70656K)] 396838K->328198K(738304K), 0.0017675 secs] [Times: user=0.00 sys=0.00, real=0.00 secs] 
444.775: [GC (Allocation Failure) [PSYoungGen: 70160K->1456K(70656K)] 396806K->328110K(738304K), 0.0031814 secs] [Times: user=0.01 sys=0.00, real=0.00 secs] 
445.314: [GC (Allocation Failure) [PSYoungGen: 70064K->1344K(70656K)] 396718K->327998K(738304K), 0.0042124 secs] [Times: user=0.02 sys=0.00, real=0.00 secs] 
446.105: [GC (Allocation Failure) [PSYoungGen: 69952K->1408K(70656K)] 396606K->328062K(738304K), 0.0023164 secs] [Times: user=0.01 sys=0.00, real=0.00 secs] 
447.036: [GC (Allocation Failure) [PSYoungGen: 70016K->1376K(70656K)] 396670K->328030K(738304K), 0.0023012 secs] [Times: user=0.01 sys=0.00, real=0.00 secs] 
447.892: [GC (Allocation Failure) [PSYoungGen: 69984K->1501K(70656K)] 396638K->328155K(738304K), 0.0016799 secs] [Times: user=0.00 sys=0.00, real=0.01 secs] 
448.303: [GC (Allocation Failure) [PSYoungGen: 70109K->1584K(70656K)] 396763K->328238K(738304K), 0.0017696 secs] [Times: user=0.00 sys=0.00, real=0.01 secs] 
448.715: [GC (Allocation Failure) [PSYoungGen: 70192K->1520K(70656K)] 396846K->328174K(738304K), 0.0017130 secs] [Times: user=0.01 sys=0.00, real=0.00 secs] 
449.130: [GC (Allocation Failure) [PSYoungGen: 70128K->1581K(70656K)] 396782K->328251K(738304K), 0.0015770 secs] [Times: user=0.01 sys=0.00, real=0.00 secs] 
449.772: [GC (Allocation Failure) [PSYoungGen: 70189K->1424K(70656K)] 396859K->328094K(738304K), 0.0021753 secs] [Times: user=0.00 sys=0.00, real=0.01 secs] 
450.812: [GC (Allocation Failure) [PSYoungGen: 70032K->1392K(70656K)] 396702K->328062K(738304K), 0.0040839 secs] [Times: user=0.02 sys=0.00, real=0.01 secs] 
451.893: [GC (Allocation Failure) [PSYoungGen: 70000K->1344K(70656K)] 396670K->328014K(738304K), 0.0037423 secs] [Times: user=0.01 sys=0.00, real=0.01 secs] 
452.763: [GC (Allocation Failure) [PSYoungGen: 69952K->1344K(70656K)] 396622K->328014K(738304K), 0.0023663 secs] [Times: user=0.01 sys=0.00, real=0.00 secs] 
453.280: [GC (Allocation Failure) [PSYoungGen: 69952K->1552K(70656K)] 396622K->328230K(738304K), 0.0016868 secs] [Times: user=0.00 sys=0.00, real=0.00 secs] 
453.692: [GC (Allocation Failure) [PSYoungGen: 70160K->1565K(70656K)] 396838K->328243K(738304K), 0.0017603 secs] [Times: user=0.01 sys=0.00, real=0.01 secs] 
454.107: [GC (Allocation Failure) [PSYoungGen: 70173K->1552K(70656K)] 396851K->328230K(738304K), 0.0017346 secs] [Times: user=0.00 sys=0.00, real=0.00 secs] 
455.294: [GC (Allocation Failure) [PSYoungGen: 70160K->1472K(70656K)] 396838K->328150K(738304K), 0.0042425 secs] [Times: user=0.02 sys=0.00, real=0.00 secs] 
456.642: [GC (Allocation Failure) [PSYoungGen: 70080K->1360K(70656K)] 396758K->328038K(738304K), 0.0030381 secs] [Times: user=0.01 sys=0.01, real=0.01 secs] 
456.952: [GC (Allocation Failure) [PSYoungGen: 69968K->1360K(70656K)] 396646K->328038K(738304K), 0.0020166 secs] [Times: user=0.01 sys=0.00, real=0.01 secs] 
457.239: [GC (Allocation Failure) [PSYoungGen: 69968K->1376K(70656K)] 396646K->328054K(738304K), 0.0018792 secs] [Times: user=0.01 sys=0.01, real=0.00 secs] 
457.580: [GC (Allocation Failure) [PSYoungGen: 69984K->1485K(70656K)] 396662K->328163K(738304K), 0.0015552 secs] [Times: user=0.00 sys=0.00, real=0.00 secs] 
457.992: [GC (Allocation Failure) [PSYoungGen: 70093K->1581K(70656K)] 396771K->328259K(738304K), 0.0017174 secs] [Times: user=0.00 sys=0.00, real=0.01 secs] 
458.405: [GC (Allocation Failure) [PSYoungGen: 70189K->1581K(70656K)] 396867K->328259K(738304K), 0.0017002 secs] [Times: user=0.00 sys=0.00, real=0.00 secs] 
458.819: [GC (Allocation Failure) [PSYoungGen: 70189K->1549K(70656K)] 396867K->328227K(738304K), 0.0016387 secs] [Times: user=0.01 sys=0.00, real=0.00 secs] 
459.531: [GC (Allocation Failure) [PSYoungGen: 70157K->1440K(70656K)] 396835K->328118K(738304K), 0.0020200 secs] [Times: user=0.00 sys=0.00, real=0.01 secs] 
460.049: [GC (Allocation Failure) [PSYoungGen: 70048K->1376K(70656K)] 396726K->328054K(738304K), 0.0023076 secs] [Times: user=0.01 sys=0.00, real=0.00 secs] 
460.342: [GC (Allocation Failure) [PSYoungGen: 69984K->1376K(70656K)] 396662K->328054K(738304K), 0.0020376 secs] [Times: user=0.01 sys=0.00, real=0.01 secs] 
460.704: [GC (Allocation Failure) [PSYoungGen: 69984K->1376K(70656K)] 396662K->328054K(738304K), 0.0040990 secs] [Times: user=0.01 sys=0.00, real=0.00 secs] 
461.316: [GC (Allocation Failure) [PSYoungGen: 69984K->1517K(70656K)] 396662K->328211K(738304K), 0.0016217 secs] [Times: user=0.01 sys=0.00, real=0.00 secs] 
461.729: [GC (Allocation Failure) [PSYoungGen: 70125K->1581K(70656K)] 396819K->328275K(738304K), 0.0017569 secs] [Times: user=0.00 sys=0.00, real=0.00 secs] 
462.206: [GC (Allocation Failure) [PSYoungGen: 70189K->1552K(70656K)] 396883K->328246K(738304K), 0.0017398 secs] [Times: user=0.01 sys=0.00, real=0.00 secs] 
462.620: [GC (Allocation Failure) [PSYoungGen: 70160K->1520K(70656K)] 396854K->328230K(738304K), 0.0017158 secs] [Times: user=0.01 sys=0.00, real=0.00 secs] 
462.982: [GC (Allocation Failure) [PSYoungGen: 70128K->1408K(70656K)] 396838K->328118K(738304K), 0.0019439 secs] [Times: user=0.01 sys=0.00, real=0.01 secs] 
463.267: [GC (Allocation Failure) [PSYoungGen: 70016K->1408K(70656K)] 396726K->328118K(738304K), 0.0021064 secs] [Times: user=0.01 sys=0.00, real=0.00 secs] 
463.553: [GC (Allocation Failure) [PSYoungGen: 70016K->1408K(70656K)] 396726K->328118K(738304K), 0.0020952 secs] [Times: user=0.01 sys=0.00, real=0.01 secs] 
463.838: [GC (Allocation Failure) [PSYoungGen: 70016K->1408K(70656K)] 396726K->328118K(738304K), 0.0019734 secs] [Times: user=0.01 sys=0.00, real=0.00 secs] 
464.246: [GC (Allocation Failure) [PSYoungGen: 70016K->1549K(70656K)] 396726K->328259K(738304K), 0.0015940 secs] [Times: user=0.01 sys=0.00, real=0.00 secs] 
464.660: [GC (Allocation Failure) [PSYoungGen: 70157K->1581K(70656K)] 396867K->328291K(738304K), 0.0016188 secs] [Times: user=0.00 sys=0.00, real=0.00 secs] 
465.074: [GC (Allocation Failure) [PSYoungGen: 70189K->1520K(70656K)] 396899K->328230K(738304K), 0.0017413 secs] [Times: user=0.01 sys=0.00, real=0.00 secs] 
465.738: [GC (Allocation Failure) [PSYoungGen: 70128K->1456K(70656K)] 396838K->328174K(738304K), 0.0027574 secs] [Times: user=0.02 sys=0.00, real=0.00 secs] 
466.063: [GC (Allocation Failure) [PSYoungGen: 70064K->1376K(70656K)] 396782K->328094K(738304K), 0.0027805 secs] [Times: user=0.01 sys=0.00, real=0.01 secs] 
466.401: [GC (Allocation Failure) [PSYoungGen: 69984K->1376K(70656K)] 396702K->328094K(738304K), 0.0019643 secs] [Times: user=0.01 sys=0.00, real=0.01 secs] 
466.686: [GC (Allocation Failure) [PSYoungGen: 69984K->1408K(70656K)] 396702K->328126K(738304K), 0.0018005 secs] [Times: user=0.01 sys=0.00, real=0.00 secs] 
467.130: [GC (Allocation Failure) [PSYoungGen: 70016K->1485K(70656K)] 396734K->328203K(738304K), 0.0020802 secs] [Times: user=0.01 sys=0.00, real=0.00 secs] 
467.586: [GC (Allocation Failure) [PSYoungGen: 70093K->1549K(70656K)] 396811K->328267K(738304K), 0.0017014 secs] [Times: user=0.01 sys=0.00, real=0.00 secs] 
467.999: [GC (Allocation Failure) [PSYoungGen: 70157K->1533K(70656K)] 396875K->328251K(738304K), 0.0018003 secs] [Times: user=0.00 sys=0.00, real=0.00 secs] 
468.477: [GC (Allocation Failure) [PSYoungGen: 70141K->1565K(70656K)] 396859K->328283K(738304K), 0.0017882 secs] [Times: user=0.00 sys=0.00, real=0.00 secs] 
468.840: [GC (Allocation Failure) [PSYoungGen: 70173K->1408K(70656K)] 396891K->328150K(738304K), 0.0023742 secs] [Times: user=0.01 sys=0.00, real=0.00 secs] 
469.127: [GC (Allocation Failure) [PSYoungGen: 70016K->1408K(70656K)] 396758K->328150K(738304K), 0.0018722 secs] [Times: user=0.01 sys=0.00, real=0.00 secs] 
469.412: [GC (Allocation Failure) [PSYoungGen: 70016K->1408K(70656K)] 396758K->328150K(738304K), 0.0018549 secs] [Times: user=0.01 sys=0.00, real=0.01 secs] 
469.697: [GC (Allocation Failure) [PSYoungGen: 70016K->1440K(70656K)] 396758K->328182K(738304K), 0.0018411 secs] [Times: user=0.01 sys=0.00, real=0.00 secs] 
470.196: [GC (Allocation Failure) [PSYoungGen: 70048K->1549K(70656K)] 396790K->328291K(738304K), 0.0016444 secs] [Times: user=0.01 sys=0.00, real=0.00 secs] 
470.608: [GC (Allocation Failure) [PSYoungGen: 70140K->1517K(70656K)] 396882K->328259K(738304K), 0.0018038 secs] [Times: user=0.01 sys=0.00, real=0.00 secs] 
471.020: [GC (Allocation Failure) [PSYoungGen: 70125K->1549K(70656K)] 396867K->328291K(738304K), 0.0016321 secs] [Times: user=0.00 sys=0.00, real=0.00 secs] 
471.525: [GC (Allocation Failure) [PSYoungGen: 70157K->1808K(70656K)] 396899K->328558K(738304K), 0.0018240 secs] [Times: user=0.01 sys=0.00, real=0.00 secs] 
472.011: [GC (Allocation Failure) [PSYoungGen: 70416K->1408K(70656K)] 397166K->328158K(738304K), 0.0023110 secs] [Times: user=0.01 sys=0.00, real=0.01 secs] 
472.582: [GC (Allocation Failure) [PSYoungGen: 70016K->1376K(70656K)] 396766K->328126K(738304K), 0.0019901 secs] [Times: user=0.01 sys=0.00, real=0.01 secs] 
473.144: [GC (Allocation Failure) [PSYoungGen: 69984K->1408K(70656K)] 396734K->328158K(738304K), 0.0049339 secs] [Times: user=0.03 sys=0.00, real=0.00 secs] 
473.732: [GC (Allocation Failure) [PSYoungGen: 70016K->1376K(70656K)] 396766K->328126K(738304K), 0.0019383 secs] [Times: user=0.01 sys=0.00, real=0.01 secs] 
474.168: [GC (Allocation Failure) [PSYoungGen: 69984K->1533K(70656K)] 396734K->328283K(738304K), 0.0015212 secs] [Times: user=0.01 sys=0.00, real=0.00 secs] 
474.640: [GC (Allocation Failure) [PSYoungGen: 70141K->1568K(70656K)] 396891K->328318K(738304K), 0.0017417 secs] [Times: user=0.01 sys=0.00, real=0.00 secs] 
475.054: [GC (Allocation Failure) [PSYoungGen: 70176K->1533K(70656K)] 396926K->328283K(738304K), 0.0017524 secs] [Times: user=0.00 sys=0.00, real=0.00 secs] 
475.468: [GC (Allocation Failure) [PSYoungGen: 70141K->1440K(70656K)] 396891K->328206K(738304K), 0.0025042 secs] [Times: user=0.02 sys=0.00, real=0.00 secs] 
475.768: [GC (Allocation Failure) [PSYoungGen: 70048K->1392K(70656K)] 396814K->328158K(738304K), 0.0019520 secs] [Times: user=0.01 sys=0.00, real=0.00 secs] 
476.161: [GC (Allocation Failure) [PSYoungGen: 70000K->1408K(70656K)] 396766K->328174K(738304K), 0.0019055 secs] [Times: user=0.00 sys=0.00, real=0.00 secs] 
476.488: [GC (Allocation Failure) [PSYoungGen: 70016K->1376K(70656K)] 396782K->328142K(738304K), 0.0020211 secs] [Times: user=0.01 sys=0.00, real=0.00 secs] 
476.883: [GC (Allocation Failure) [PSYoungGen: 69984K->1472K(70656K)] 396750K->328238K(738304K), 0.0015485 secs] [Times: user=0.01 sys=0.00, real=0.00 secs] 
477.297: [GC (Allocation Failure) [PSYoungGen: 70080K->1517K(70656K)] 396846K->328283K(738304K), 0.0016866 secs] [Times: user=0.01 sys=0.00, real=0.00 secs] 
477.711: [GC (Allocation Failure) [PSYoungGen: 70125K->1581K(70656K)] 396891K->328347K(738304K), 0.0016729 secs] [Times: user=0.00 sys=0.00, real=0.01 secs] 
478.125: [GC (Allocation Failure) [PSYoungGen: 70189K->1584K(70656K)] 396955K->328366K(738304K), 0.0016504 secs] [Times: user=0.01 sys=0.00, real=0.00 secs] 
479.236: [GC (Allocation Failure) [PSYoungGen: 70192K->1424K(70656K)] 396974K->328206K(738304K), 0.0039018 secs] [Times: user=0.01 sys=0.00, real=0.00 secs] 
480.099: [GC (Allocation Failure) [PSYoungGen: 70032K->1392K(70656K)] 396814K->328174K(738304K), 0.0039365 secs] [Times: user=0.01 sys=0.00, real=0.01 secs] 
480.862: [GC (Allocation Failure) [PSYoungGen: 70000K->1408K(70656K)] 396782K->328206K(738304K), 0.0031629 secs] [Times: user=0.01 sys=0.00, real=0.01 secs] 
481.614: [GC (Allocation Failure) [PSYoungGen: 70016K->1376K(70656K)] 396814K->328174K(738304K), 0.0029340 secs] [Times: user=0.01 sys=0.00, real=0.00 secs] 
482.258: [GC (Allocation Failure) [PSYoungGen: 69984K->1485K(70656K)] 396782K->328291K(738304K), 0.0016553 secs] [Times: user=0.01 sys=0.00, real=0.00 secs] 
482.669: [GC (Allocation Failure) [PSYoungGen: 70084K->1533K(70656K)] 396890K->328339K(738304K), 0.0018021 secs] [Times: user=0.00 sys=0.01, real=0.00 secs] 
483.080: [GC (Allocation Failure) [PSYoungGen: 70141K->1549K(70656K)] 396947K->328355K(738304K), 0.0016388 secs] [Times: user=0.01 sys=0.00, real=0.00 secs] 
483.531: [GC (Allocation Failure) [PSYoungGen: 70157K->1520K(70656K)] 396963K->328342K(738304K), 0.0018341 secs] [Times: user=0.01 sys=0.00, real=0.01 secs] 
483.878: [GC (Allocation Failure) [PSYoungGen: 70128K->1408K(70656K)] 396950K->328230K(738304K), 0.0017439 secs] [Times: user=0.01 sys=0.00, real=0.00 secs] 
484.164: [GC (Allocation Failure) [PSYoungGen: 70016K->1376K(70656K)] 396838K->328198K(738304K), 0.0017385 secs] [Times: user=0.01 sys=0.00, real=0.00 secs] 
484.471: [GC (Allocation Failure) [PSYoungGen: 69984K->1408K(70656K)] 396806K->328230K(738304K), 0.0017843 secs] [Times: user=0.01 sys=0.00, real=0.00 secs] 
484.822: [GC (Allocation Failure) [PSYoungGen: 70016K->1392K(70656K)] 396838K->328214K(738304K), 0.0016075 secs] [Times: user=0.01 sys=0.00, real=0.01 secs] 
485.296: [GC (Allocation Failure) [PSYoungGen: 70000K->1549K(70656K)] 396822K->328371K(738304K), 0.0016725 secs] [Times: user=0.01 sys=0.00, real=0.00 secs] 
485.708: [GC (Allocation Failure) [PSYoungGen: 70157K->1533K(70656K)] 396979K->328355K(738304K), 0.0016738 secs] [Times: user=0.01 sys=0.00, real=0.00 secs] 
486.121: [GC (Allocation Failure) [PSYoungGen: 70141K->1549K(70656K)] 396963K->328371K(738304K), 0.0017197 secs] [Times: user=0.01 sys=0.00, real=0.00 secs] 
486.572: [GC (Allocation Failure) [PSYoungGen: 70157K->1424K(70656K)] 396979K->328262K(738304K), 0.0030227 secs] [Times: user=0.01 sys=0.00, real=0.01 secs] 
486.861: [GC (Allocation Failure) [PSYoungGen: 70032K->1344K(70656K)] 396870K->328182K(738304K), 0.0019731 secs] [Times: user=0.01 sys=0.00, real=0.01 secs] 
487.213: [GC (Allocation Failure) [PSYoungGen: 69952K->1408K(70656K)] 396790K->328246K(738304K), 0.0023023 secs] [Times: user=0.01 sys=0.00, real=0.01 secs] 
487.726: [GC (Allocation Failure) [PSYoungGen: 70016K->1344K(70656K)] 396854K->328182K(738304K), 0.0030831 secs] [Times: user=0.02 sys=0.00, real=0.00 secs] 
488.292: [GC (Allocation Failure) [PSYoungGen: 69952K->1549K(70656K)] 396790K->328395K(738304K), 0.0016651 secs] [Times: user=0.01 sys=0.00, real=0.01 secs] 
488.702: [GC (Allocation Failure) [PSYoungGen: 70157K->1552K(70656K)] 397003K->328398K(738304K), 0.0017292 secs] [Times: user=0.01 sys=0.00, real=0.01 secs] 
489.115: [GC (Allocation Failure) [PSYoungGen: 70160K->1549K(70656K)] 397006K->328419K(738304K), 0.0016488 secs] [Times: user=0.01 sys=0.00, real=0.00 secs] 
489.528: [GC (Allocation Failure) [PSYoungGen: 70157K->1517K(70656K)] 397027K->328395K(738304K), 0.0015916 secs] [Times: user=0.01 sys=0.00, real=0.00 secs] 
490.301: [GC (Allocation Failure) [PSYoungGen: 70125K->1408K(70656K)] 397003K->328294K(738304K), 0.0016225 secs] [Times: user=0.01 sys=0.00, real=0.00 secs] 
490.737: [GC (Allocation Failure) [PSYoungGen: 70016K->1376K(70656K)] 396902K->328262K(738304K), 0.0019950 secs] [Times: user=0.01 sys=0.00, real=0.00 secs] 
491.023: [GC (Allocation Failure) [PSYoungGen: 69984K->1376K(70656K)] 396870K->328262K(738304K), 0.0021425 secs] [Times: user=0.01 sys=0.00, real=0.00 secs] 
491.352: [GC (Allocation Failure) [PSYoungGen: 69984K->1408K(70656K)] 396870K->328294K(738304K), 0.0019192 secs] [Times: user=0.00 sys=0.00, real=0.01 secs] 
491.797: [GC (Allocation Failure) [PSYoungGen: 70016K->1485K(70656K)] 396902K->328371K(738304K), 0.0026192 secs] [Times: user=0.01 sys=0.00, real=0.00 secs] 
492.219: [GC (Allocation Failure) [PSYoungGen: 70093K->1517K(70656K)] 396979K->328403K(738304K), 0.0017819 secs] [Times: user=0.01 sys=0.00, real=0.00 secs] 
492.631: [GC (Allocation Failure) [PSYoungGen: 70125K->1549K(70656K)] 397011K->328435K(738304K), 0.0016741 secs] [Times: user=0.00 sys=0.00, real=0.00 secs] 
493.050: [GC (Allocation Failure) [PSYoungGen: 70157K->1504K(70656K)] 397043K->328398K(738304K), 0.0019500 secs] [Times: user=0.00 sys=0.00, real=0.00 secs] 
493.421: [GC (Allocation Failure) [PSYoungGen: 70112K->1376K(70656K)] 397006K->328270K(738304K), 0.0018271 secs] [Times: user=0.01 sys=0.00, real=0.01 secs] 
493.707: [GC (Allocation Failure) [PSYoungGen: 69984K->1344K(70656K)] 396878K->328238K(738304K), 0.0018088 secs] [Times: user=0.01 sys=0.00, real=0.00 secs] 
494.032: [GC (Allocation Failure) [PSYoungGen: 69952K->1376K(70656K)] 396846K->328270K(738304K), 0.0018545 secs] [Times: user=0.01 sys=0.00, real=0.01 secs] 
494.422: [GC (Allocation Failure) [PSYoungGen: 69984K->1485K(70656K)] 396878K->328379K(738304K), 0.0014932 secs] [Times: user=0.01 sys=0.00, real=0.01 secs] 
494.835: [GC (Allocation Failure) [PSYoungGen: 70093K->1533K(70656K)] 396987K->328427K(738304K), 0.0017716 secs] [Times: user=0.00 sys=0.00, real=0.00 secs] 
495.247: [GC (Allocation Failure) [PSYoungGen: 70141K->1549K(70656K)] 397035K->328443K(738304K), 0.0016031 secs] [Times: user=0.00 sys=0.00, real=0.00 secs] 
495.660: [GC (Allocation Failure) [PSYoungGen: 70157K->1581K(70656K)] 397051K->328483K(738304K), 0.0015928 secs] [Times: user=0.00 sys=0.00, real=0.00 secs] 
496.353: [GC (Allocation Failure) [PSYoungGen: 70189K->1504K(70656K)] 397091K->328414K(738304K), 0.0027283 secs] [Times: user=0.01 sys=0.00, real=0.01 secs] 
496.933: [GC (Allocation Failure) [PSYoungGen: 70112K->1376K(70656K)] 397022K->328286K(738304K), 0.0024959 secs] [Times: user=0.01 sys=0.00, real=0.01 secs] 
497.208: [GC (Allocation Failure) [PSYoungGen: 69984K->1376K(70656K)] 396894K->328286K(738304K), 0.0022462 secs] [Times: user=0.01 sys=0.01, real=0.00 secs] 
497.643: [GC (Allocation Failure) [PSYoungGen: 69984K->1408K(70656K)] 396894K->328318K(738304K), 0.0020455 secs] [Times: user=0.01 sys=0.00, real=0.00 secs] 
498.186: [GC (Allocation Failure) [PSYoungGen: 70016K->1549K(70656K)] 396926K->328459K(738304K), 0.0016014 secs] [Times: user=0.01 sys=0.00, real=0.00 secs] 
498.599: [GC (Allocation Failure) [PSYoungGen: 70157K->1533K(70656K)] 397067K->328443K(738304K), 0.0016859 secs] [Times: user=0.00 sys=0.00, real=0.00 secs] 
499.015: [GC (Allocation Failure) [PSYoungGen: 70141K->1501K(70656K)] 397051K->328411K(738304K), 0.0015573 secs] [Times: user=0.01 sys=0.00, real=0.00 secs] 
499.429: [GC (Allocation Failure) [PSYoungGen: 70109K->1581K(70656K)] 397019K->328523K(738304K), 0.0017045 secs] [Times: user=0.01 sys=0.00, real=0.00 secs] 
500.177: [GC (Allocation Failure) [PSYoungGen: 70189K->1440K(70656K)] 397131K->328382K(738304K), 0.0022618 secs] [Times: user=0.00 sys=0.00, real=0.00 secs] 
500.588: [GC (Allocation Failure) [PSYoungGen: 70048K->1408K(70656K)] 396990K->328350K(738304K), 0.0024591 secs] [Times: user=0.01 sys=0.00, real=0.00 secs] 
500.986: [GC (Allocation Failure) [PSYoungGen: 70016K->1344K(70656K)] 396958K->328286K(738304K), 0.0021310 secs] [Times: user=0.01 sys=0.00, real=0.00 secs] 
501.524: [GC (Allocation Failure) [PSYoungGen: 69952K->1360K(70656K)] 396894K->328302K(738304K), 0.0032227 secs] [Times: user=0.01 sys=0.00, real=0.00 secs] 
502.116: [GC (Allocation Failure) [PSYoungGen: 69968K->1485K(70656K)] 396910K->328427K(738304K), 0.0016656 secs] [Times: user=0.01 sys=0.00, real=0.00 secs] 
502.533: [GC (Allocation Failure) [PSYoungGen: 70093K->1552K(70656K)] 397035K->328494K(738304K), 0.0017036 secs] [Times: user=0.01 sys=0.00, real=0.00 secs] 
503.007: [GC (Allocation Failure) [PSYoungGen: 70160K->1520K(70656K)] 397102K->328462K(738304K), 0.0018202 secs] [Times: user=0.01 sys=0.00, real=0.00 secs] 
504.130: [GC (Allocation Failure) [PSYoungGen: 70128K->1472K(70656K)] 397070K->328422K(738304K), 0.0039304 secs] [Times: user=0.02 sys=0.00, real=0.01 secs] 
505.101: [GC (Allocation Failure) [PSYoungGen: 70080K->1440K(70656K)] 397030K->328390K(738304K), 0.0031153 secs] [Times: user=0.02 sys=0.00, real=0.01 secs] 
505.384: [GC (Allocation Failure) [PSYoungGen: 70048K->1408K(70656K)] 396998K->328358K(738304K), 0.0019461 secs] [Times: user=0.01 sys=0.00, real=0.00 secs] 
505.669: [GC (Allocation Failure) [PSYoungGen: 70016K->1408K(70656K)] 396966K->328358K(738304K), 0.0018908 secs] [Times: user=0.01 sys=0.00, real=0.00 secs] 
506.004: [GC (Allocation Failure) [PSYoungGen: 70016K->1437K(70656K)] 396966K->328387K(738304K), 0.0015786 secs] [Times: user=0.01 sys=0.00, real=0.00 secs] 
506.414: [GC (Allocation Failure) [PSYoungGen: 70045K->1613K(70656K)] 396995K->328563K(738304K), 0.0016825 secs] [Times: user=0.01 sys=0.00, real=0.00 secs] 
506.832: [GC (Allocation Failure) [PSYoungGen: 70221K->1613K(70656K)] 397171K->328563K(738304K), 0.0014914 secs] [Times: user=0.01 sys=0.00, real=0.01 secs] 
507.252: [GC (Allocation Failure) [PSYoungGen: 70221K->1597K(70656K)] 397171K->328547K(738304K), 0.0015796 secs] [Times: user=0.01 sys=0.00, real=0.01 secs] 
507.607: [GC (Allocation Failure) [PSYoungGen: 70205K->1440K(70656K)] 397155K->328398K(738304K), 0.0015685 secs] [Times: user=0.01 sys=0.00, real=0.00 secs] 
507.891: [GC (Allocation Failure) [PSYoungGen: 70048K->1408K(70656K)] 397006K->328366K(738304K), 0.0015598 secs] [Times: user=0.00 sys=0.00, real=0.00 secs] 
508.175: [GC (Allocation Failure) [PSYoungGen: 70016K->1376K(70656K)] 396974K->328334K(738304K), 0.0016298 secs] [Times: user=0.00 sys=0.00, real=0.00 secs] 
508.459: [GC (Allocation Failure) [PSYoungGen: 69984K->1408K(70656K)] 396942K->328366K(738304K), 0.0018433 secs] [Times: user=0.01 sys=0.00, real=0.00 secs] 
508.837: [GC (Allocation Failure) [PSYoungGen: 70016K->1488K(70656K)] 396974K->328446K(738304K), 0.0016358 secs] [Times: user=0.01 sys=0.00, real=0.00 secs] 
509.250: [GC (Allocation Failure) [PSYoungGen: 70096K->1613K(70656K)] 397054K->328571K(738304K), 0.0016602 secs] [Times: user=0.00 sys=0.00, real=0.00 secs] 
509.667: [GC (Allocation Failure) [PSYoungGen: 70221K->1549K(70656K)] 397179K->328531K(738304K), 0.0017407 secs] [Times: user=0.01 sys=0.00, real=0.00 secs] 
510.101: [GC (Allocation Failure) [PSYoungGen: 70157K->1648K(70656K)] 397139K->328646K(738304K), 0.0018509 secs] [Times: user=0.01 sys=0.00, real=0.00 secs] 
510.382: [GC (Allocation Failure) [PSYoungGen: 70256K->1392K(70656K)] 397254K->328390K(738304K), 0.0016634 secs] [Times: user=0.01 sys=0.00, real=0.01 secs] 
510.666: [GC (Allocation Failure) [PSYoungGen: 70000K->1376K(70656K)] 396998K->328374K(738304K), 0.0016151 secs] [Times: user=0.01 sys=0.00, real=0.00 secs] 
510.951: [GC (Allocation Failure) [PSYoungGen: 69984K->1408K(70656K)] 396982K->328406K(738304K), 0.0017467 secs] [Times: user=0.01 sys=0.00, real=0.00 secs] 
511.235: [GC (Allocation Failure) [PSYoungGen: 70016K->1408K(70656K)] 397014K->328414K(738304K), 0.0015888 secs] [Times: user=0.01 sys=0.00, real=0.00 secs] 
511.707: [GC (Allocation Failure) [PSYoungGen: 70016K->1501K(70656K)] 397022K->328507K(738304K), 0.0017379 secs] [Times: user=0.01 sys=0.00, real=0.00 secs] 
512.120: [GC (Allocation Failure) [PSYoungGen: 70109K->1613K(70656K)] 397115K->328619K(738304K), 0.0017219 secs] [Times: user=0.01 sys=0.00, real=0.00 secs] 
512.534: [GC (Allocation Failure) [PSYoungGen: 70221K->1565K(70656K)] 397227K->328571K(738304K), 0.0016429 secs] [Times: user=0.01 sys=0.00, real=0.00 secs] 
512.982: [GC (Allocation Failure) [PSYoungGen: 70173K->1472K(70656K)] 397179K->328494K(738304K), 0.0019551 secs] [Times: user=0.01 sys=0.00, real=0.01 secs] 
513.298: [GC (Allocation Failure) [PSYoungGen: 70080K->1376K(70656K)] 397102K->328398K(738304K), 0.0019644 secs] [Times: user=0.01 sys=0.00, real=0.00 secs] 
513.591: [GC (Allocation Failure) [PSYoungGen: 69984K->1376K(70656K)] 397006K->328398K(738304K), 0.0019512 secs] [Times: user=0.00 sys=0.00, real=0.01 secs] 
513.936: [GC (Allocation Failure) [PSYoungGen: 69984K->1360K(70656K)] 397006K->328382K(738304K), 0.0019351 secs] [Times: user=0.01 sys=0.00, real=0.00 secs] 
514.296: [GC (Allocation Failure) [PSYoungGen: 69968K->1485K(70656K)] 396990K->328507K(738304K), 0.0016051 secs] [Times: user=0.00 sys=0.00, real=0.00 secs] 
514.708: [GC (Allocation Failure) [PSYoungGen: 70093K->1549K(70656K)] 397115K->328571K(738304K), 0.0015701 secs] [Times: user=0.00 sys=0.00, real=0.00 secs] 
515.124: [GC (Allocation Failure) [PSYoungGen: 70157K->1581K(70656K)] 397179K->328603K(738304K), 0.0017060 secs] [Times: user=0.01 sys=0.00, real=0.00 secs] 
515.538: [GC (Allocation Failure) [PSYoungGen: 70189K->1581K(70656K)] 397211K->328619K(738304K), 0.0016441 secs] [Times: user=0.00 sys=0.00, real=0.00 secs] 
516.586: [GC (Allocation Failure) [PSYoungGen: 70189K->1408K(70656K)] 397227K->328446K(738304K), 0.0029435 secs] [Times: user=0.01 sys=0.00, real=0.00 secs] 
517.572: [GC (Allocation Failure) [PSYoungGen: 70016K->1408K(70656K)] 397054K->328446K(738304K), 0.0026855 secs] [Times: user=0.01 sys=0.00, real=0.01 secs] 
518.358: [GC (Allocation Failure) [PSYoungGen: 70016K->1376K(70656K)] 397054K->328414K(738304K), 0.0026523 secs] [Times: user=0.01 sys=0.00, real=0.00 secs] 
518.914: [GC (Allocation Failure) [PSYoungGen: 69984K->1376K(70656K)] 397022K->328414K(738304K), 0.0026783 secs] [Times: user=0.01 sys=0.00, real=0.00 secs] 
519.803: [GC (Allocation Failure) [PSYoungGen: 69984K->1501K(70656K)] 397022K->328539K(738304K), 0.0017615 secs] [Times: user=0.01 sys=0.00, real=0.01 secs] 
520.217: [GC (Allocation Failure) [PSYoungGen: 70109K->1581K(70656K)] 397147K->328619K(738304K), 0.0017340 secs] [Times: user=0.01 sys=0.00, real=0.00 secs] 
520.629: [GC (Allocation Failure) [PSYoungGen: 70189K->1549K(70656K)] 397227K->328587K(738304K), 0.0017464 secs] [Times: user=0.00 sys=0.00, real=0.00 secs] 
521.152: [GC (Allocation Failure) [PSYoungGen: 70157K->2016K(70656K)] 397195K->329598K(738304K), 0.0018107 secs] [Times: user=0.01 sys=0.00, real=0.01 secs] 
521.860: [GC (Allocation Failure) [PSYoungGen: 70624K->1376K(71168K)] 398206K->328958K(738816K), 0.0037468 secs] [Times: user=0.01 sys=0.00, real=0.01 secs] 
522.354: [GC (Allocation Failure) [PSYoungGen: 69984K->1408K(71168K)] 397566K->328990K(738816K), 0.0025951 secs] [Times: user=0.01 sys=0.00, real=0.00 secs] 
522.872: [GC (Allocation Failure) [PSYoungGen: 70016K->1408K(70144K)] 397598K->328990K(737792K), 0.0027516 secs] [Times: user=0.01 sys=0.00, real=0.01 secs] 
523.278: [GC (Allocation Failure) [PSYoungGen: 70016K->1456K(70656K)] 397598K->329038K(738304K), 0.0020734 secs] [Times: user=0.01 sys=0.00, real=0.00 secs] 
523.800: [GC (Allocation Failure) [PSYoungGen: 70064K->1520K(70656K)] 397646K->329102K(738304K), 0.0017785 secs] [Times: user=0.01 sys=0.00, real=0.00 secs] 
524.215: [GC (Allocation Failure) [PSYoungGen: 70128K->1549K(70656K)] 397710K->329131K(738304K), 0.0017712 secs] [Times: user=0.01 sys=0.00, real=0.00 secs] 
524.628: [GC (Allocation Failure) [PSYoungGen: 70157K->1549K(70656K)] 397739K->329131K(738304K), 0.0016808 secs] [Times: user=0.01 sys=0.00, real=0.00 secs] 
525.987: [GC (Allocation Failure) [PSYoungGen: 70157K->1520K(70656K)] 397739K->329102K(738304K), 0.0043292 secs] [Times: user=0.02 sys=0.00, real=0.00 secs] 
527.284: [GC (Allocation Failure) [PSYoungGen: 70128K->1376K(70656K)] 397710K->328958K(738304K), 0.0060333 secs] [Times: user=0.02 sys=0.00, real=0.00 secs] 
527.808: [GC (Allocation Failure) [PSYoungGen: 69984K->1408K(70656K)] 397566K->328990K(738304K), 0.0024118 secs] [Times: user=0.01 sys=0.00, real=0.00 secs] 
528.371: [GC (Allocation Failure) [PSYoungGen: 70016K->1376K(70656K)] 397598K->328958K(738304K), 0.0020797 secs] [Times: user=0.01 sys=0.00, real=0.00 secs] 
528.770: [GC (Allocation Failure) [PSYoungGen: 69984K->1437K(70656K)] 397566K->329019K(738304K), 0.0016260 secs] [Times: user=0.00 sys=0.00, real=0.00 secs] 
529.181: [GC (Allocation Failure) [PSYoungGen: 70045K->1504K(70656K)] 397627K->329086K(738304K), 0.0017153 secs] [Times: user=0.01 sys=0.00, real=0.00 secs] 
529.594: [GC (Allocation Failure) [PSYoungGen: 70112K->1581K(70656K)] 397694K->329163K(738304K), 0.0016099 secs] [Times: user=0.01 sys=0.00, real=0.00 secs] 
530.008: [GC (Allocation Failure) [PSYoungGen: 70189K->1581K(70656K)] 397771K->329179K(738304K), 0.0016530 secs] [Times: user=0.01 sys=0.00, real=0.00 secs] 
530.846: [GC (Allocation Failure) [PSYoungGen: 70189K->1440K(70656K)] 397787K->329038K(738304K), 0.0034064 secs] [Times: user=0.01 sys=0.00, real=0.00 secs] 
531.455: [GC (Allocation Failure) [PSYoungGen: 70048K->1408K(70656K)] 397646K->329006K(738304K), 0.0030564 secs] [Times: user=0.01 sys=0.00, real=0.00 secs] 
532.144: [GC (Allocation Failure) [PSYoungGen: 70016K->1408K(70656K)] 397614K->329006K(738304K), 0.0029274 secs] [Times: user=0.01 sys=0.00, real=0.00 secs] 
532.740: [GC (Allocation Failure) [PSYoungGen: 70016K->1408K(70656K)] 397614K->329030K(738304K), 0.0025066 secs] [Times: user=0.01 sys=0.00, real=0.00 secs] 
533.247: [GC (Allocation Failure) [PSYoungGen: 70016K->1517K(70656K)] 397638K->329139K(738304K), 0.0015371 secs] [Times: user=0.01 sys=0.00, real=0.00 secs] 
533.662: [GC (Allocation Failure) [PSYoungGen: 70125K->1549K(70656K)] 397747K->329171K(738304K), 0.0015213 secs] [Times: user=0.01 sys=0.00, real=0.01 secs] 
534.074: [GC (Allocation Failure) [PSYoungGen: 70157K->1549K(70656K)] 397779K->329171K(738304K), 0.0016796 secs] [Times: user=0.00 sys=0.00, real=0.00 secs] 
534.488: [GC (Allocation Failure) [PSYoungGen: 70157K->1520K(70656K)] 397779K->329158K(738304K), 0.0018378 secs] [Times: user=0.01 sys=0.00, real=0.00 secs] 
534.773: [GC (Allocation Failure) [PSYoungGen: 70128K->1376K(70656K)] 397766K->329014K(738304K), 0.0019878 secs] [Times: user=0.01 sys=0.00, real=0.00 secs] 
535.064: [GC (Allocation Failure) [PSYoungGen: 69984K->1376K(70656K)] 397622K->329014K(738304K), 0.0017170 secs] [Times: user=0.00 sys=0.00, real=0.00 secs] 
535.507: [GC (Allocation Failure) [PSYoungGen: 69984K->1408K(70656K)] 397622K->329046K(738304K), 0.0017413 secs] [Times: user=0.01 sys=0.00, real=0.00 secs] 
536.087: [GC (Allocation Failure) [PSYoungGen: 70016K->1485K(70656K)] 397654K->329123K(738304K), 0.0019434 secs] [Times: user=0.00 sys=0.00, real=0.00 secs] 
536.579: [GC (Allocation Failure) [PSYoungGen: 70093K->1581K(70656K)] 397731K->329219K(738304K), 0.0017513 secs] [Times: user=0.01 sys=0.00, real=0.00 secs] 
536.996: [GC (Allocation Failure) [PSYoungGen: 70189K->1565K(70656K)] 397827K->329203K(738304K), 0.0017683 secs] [Times: user=0.00 sys=0.00, real=0.00 secs] 
537.411: [GC (Allocation Failure) [PSYoungGen: 70173K->1565K(70656K)] 397811K->329203K(738304K), 0.0017998 secs] [Times: user=0.01 sys=0.00, real=0.01 secs] 
538.095: [GC (Allocation Failure) [PSYoungGen: 70173K->1472K(70656K)] 397811K->329110K(738304K), 0.0032282 secs] [Times: user=0.01 sys=0.00, real=0.00 secs] 
538.725: [GC (Allocation Failure) [PSYoungGen: 70080K->1408K(70656K)] 397718K->329046K(738304K), 0.0025806 secs] [Times: user=0.01 sys=0.00, real=0.00 secs] 
539.295: [GC (Allocation Failure) [PSYoungGen: 70016K->1408K(70656K)] 397654K->329046K(738304K), 0.0025363 secs] [Times: user=0.01 sys=0.00, real=0.00 secs] 
539.859: [GC (Allocation Failure) [PSYoungGen: 70016K->1408K(70656K)] 397654K->329046K(738304K), 0.0025216 secs] [Times: user=0.01 sys=0.00, real=0.00 secs] 
540.430: [GC (Allocation Failure) [PSYoungGen: 70016K->1549K(70656K)] 397654K->329203K(738304K), 0.0015644 secs] [Times: user=0.01 sys=0.00, real=0.00 secs] 
540.840: [GC (Allocation Failure) [PSYoungGen: 70157K->1581K(70656K)] 397811K->329235K(738304K), 0.0017359 secs] [Times: user=0.01 sys=0.00, real=0.00 secs] 
541.257: [GC (Allocation Failure) [PSYoungGen: 70189K->1501K(70656K)] 397843K->329155K(738304K), 0.0016829 secs] [Times: user=0.01 sys=0.00, real=0.00 secs] 
541.671: [GC (Allocation Failure) [PSYoungGen: 70109K->1549K(70656K)] 397763K->329211K(738304K), 0.0017803 secs] [Times: user=0.01 sys=0.00, real=0.00 secs] 
542.022: [GC (Allocation Failure) [PSYoungGen: 70157K->1408K(70656K)] 397819K->329070K(738304K), 0.0014273 secs] [Times: user=0.00 sys=0.00, real=0.01 secs] 
542.673: [GC (Allocation Failure) [PSYoungGen: 70016K->1408K(70656K)] 397678K->329070K(738304K), 0.0027886 secs] [Times: user=0.01 sys=0.00, real=0.01 secs] 
543.259: [GC (Allocation Failure) [PSYoungGen: 70016K->1408K(70656K)] 397678K->329070K(738304K), 0.0018900 secs] [Times: user=0.01 sys=0.00, real=0.00 secs] 
543.889: [GC (Allocation Failure) [PSYoungGen: 70016K->1376K(70656K)] 397678K->329038K(738304K), 0.0019101 secs] [Times: user=0.01 sys=0.00, real=0.00 secs] 
544.401: [GC (Allocation Failure) [PSYoungGen: 69984K->1552K(70656K)] 397646K->329214K(738304K), 0.0015900 secs] [Times: user=0.01 sys=0.00, real=0.01 secs] 
544.814: [GC (Allocation Failure) [PSYoungGen: 70160K->1552K(70656K)] 397822K->329214K(738304K), 0.0017129 secs] [Times: user=0.01 sys=0.00, real=0.00 secs] 
545.290: [GC (Allocation Failure) [PSYoungGen: 70160K->1552K(70656K)] 397822K->329214K(738304K), 0.0017657 secs] [Times: user=0.00 sys=0.00, real=0.00 secs] 
545.948: [GC (Allocation Failure) [PSYoungGen: 70160K->1488K(70656K)] 397822K->329158K(738304K), 0.0028044 secs] [Times: user=0.01 sys=0.00, real=0.00 secs] 
546.724: [GC (Allocation Failure) [PSYoungGen: 70096K->1344K(70656K)] 397766K->329014K(738304K), 0.0031374 secs] [Times: user=0.01 sys=0.00, real=0.00 secs] 
547.223: [GC (Allocation Failure) [PSYoungGen: 69952K->1408K(70656K)] 397622K->329078K(738304K), 0.0021364 secs] [Times: user=0.01 sys=0.00, real=0.01 secs] 
547.560: [GC (Allocation Failure) [PSYoungGen: 70016K->1376K(70656K)] 397686K->329046K(738304K), 0.0019911 secs] [Times: user=0.00 sys=0.00, real=0.00 secs] 
547.989: [GC (Allocation Failure) [PSYoungGen: 69984K->1421K(70656K)] 397654K->329091K(738304K), 0.0022668 secs] [Times: user=0.01 sys=0.00, real=0.00 secs] 
548.447: [GC (Allocation Failure) [PSYoungGen: 70029K->1552K(70656K)] 397699K->329222K(738304K), 0.0017263 secs] [Times: user=0.01 sys=0.00, real=0.00 secs] 
548.862: [GC (Allocation Failure) [PSYoungGen: 70160K->1549K(70656K)] 397830K->329219K(738304K), 0.0016485 secs] [Times: user=0.01 sys=0.00, real=0.01 secs] 
549.336: [GC (Allocation Failure) [PSYoungGen: 70157K->1565K(70656K)] 397827K->329235K(738304K), 0.0017739 secs] [Times: user=0.01 sys=0.00, real=0.00 secs] 
549.707: [GC (Allocation Failure) [PSYoungGen: 70173K->1456K(70656K)] 397843K->329126K(738304K), 0.0025961 secs] [Times: user=0.01 sys=0.01, real=0.00 secs] 
550.125: [GC (Allocation Failure) [PSYoungGen: 70064K->1408K(70656K)] 397734K->329078K(738304K), 0.0021998 secs] [Times: user=0.01 sys=0.00, real=0.00 secs] 
550.634: [GC (Allocation Failure) [PSYoungGen: 70016K->1376K(70656K)] 397686K->329062K(738304K), 0.0021497 secs] [Times: user=0.01 sys=0.00, real=0.00 secs] 
551.200: [GC (Allocation Failure) [PSYoungGen: 69984K->1376K(70656K)] 397670K->329062K(738304K), 0.0026507 secs] [Times: user=0.02 sys=0.00, real=0.00 secs] 
551.747: [GC (Allocation Failure) [PSYoungGen: 69984K->1549K(70656K)] 397670K->329235K(738304K), 0.0016054 secs] [Times: user=0.01 sys=0.00, real=0.00 secs] 
552.159: [GC (Allocation Failure) [PSYoungGen: 70143K->1517K(70656K)] 397829K->329203K(738304K), 0.0017394 secs] [Times: user=0.01 sys=0.00, real=0.00 secs] 
552.575: [GC (Allocation Failure) [PSYoungGen: 70125K->1552K(70656K)] 397811K->329238K(738304K), 0.0016905 secs] [Times: user=0.01 sys=0.00, real=0.00 secs] 
552.984: [GC (Allocation Failure) [PSYoungGen: 70051K->352K(70656K)] 397737K->328038K(738304K), 0.0016888 secs] [Times: user=0.00 sys=0.00, real=0.00 secs] 
553.977: [GC (Allocation Failure) [PSYoungGen: 68960K->1344K(70656K)] 396646K->329030K(738304K), 0.0033869 secs] [Times: user=0.01 sys=0.00, real=0.00 secs] 
554.972: [GC (Allocation Failure) [PSYoungGen: 69952K->1408K(70656K)] 397638K->329094K(738304K), 0.0040029 secs] [Times: user=0.02 sys=0.00, real=0.01 secs] 
556.216: [GC (Allocation Failure) [PSYoungGen: 70016K->1408K(70656K)] 397702K->329094K(738304K), 0.0041383 secs] [Times: user=0.01 sys=0.00, real=0.00 secs] 
557.194: [GC (Allocation Failure) [PSYoungGen: 70016K->1408K(70656K)] 397702K->329094K(738304K), 0.0030442 secs] [Times: user=0.02 sys=0.00, real=0.00 secs] 
557.730: [GC (GCLocker Initiated GC) [PSYoungGen: 70016K->1552K(70656K)] 397702K->329238K(738304K), 0.0016193 secs] [Times: user=0.01 sys=0.01, real=0.00 secs] 
558.153: [GC (Allocation Failure) [PSYoungGen: 70160K->1488K(70656K)] 398039K->329367K(738304K), 0.0016180 secs] [Times: user=0.01 sys=0.00, real=0.00 secs] 
558.570: [GC (Allocation Failure) [PSYoungGen: 70096K->1645K(70656K)] 397975K->329525K(738304K), 0.0017284 secs] [Times: user=0.00 sys=0.00, real=0.00 secs] 
559.401: [GC (Allocation Failure) [PSYoungGen: 70253K->1600K(70656K)] 398133K->329487K(738304K), 0.0021504 secs] [Times: user=0.01 sys=0.00, real=0.01 secs] 
560.629: [GC (Allocation Failure) [PSYoungGen: 70208K->1536K(70656K)] 398095K->329423K(738304K), 0.0025417 secs] [Times: user=0.01 sys=0.00, real=0.00 secs] 
561.757: [GC (Allocation Failure) [PSYoungGen: 70144K->1488K(70656K)] 398031K->329375K(738304K), 0.0034740 secs] [Times: user=0.01 sys=0.00, real=0.00 secs] 
562.610: [GC (Allocation Failure) [PSYoungGen: 70096K->1536K(70656K)] 397983K->329423K(738304K), 0.0024385 secs] [Times: user=0.01 sys=0.01, real=0.00 secs] 
563.197: [GC (Allocation Failure) [PSYoungGen: 70144K->1581K(70656K)] 398031K->329469K(738304K), 0.0016287 secs] [Times: user=0.00 sys=0.00, real=0.00 secs] 
563.664: [GC (Allocation Failure) [PSYoungGen: 70189K->1712K(70656K)] 398077K->329599K(738304K), 0.0016933 secs] [Times: user=0.01 sys=0.00, real=0.00 secs] 
564.136: [GC (Allocation Failure) [PSYoungGen: 70320K->1712K(70656K)] 398207K->329599K(738304K), 0.0017832 secs] [Times: user=0.00 sys=0.00, real=0.00 secs] 
564.605: [GC (Allocation Failure) [PSYoungGen: 70320K->1680K(70656K)] 398207K->329583K(738304K), 0.0017947 secs] [Times: user=0.01 sys=0.00, real=0.00 secs] 
565.731: [GC (Allocation Failure) [PSYoungGen: 70288K->1552K(70656K)] 398191K->329455K(738304K), 0.0041098 secs] [Times: user=0.01 sys=0.00, real=0.01 secs] 
566.379: [GC (Allocation Failure) [PSYoungGen: 70160K->1504K(70656K)] 398063K->329407K(738304K), 0.0021283 secs] [Times: user=0.01 sys=0.00, real=0.00 secs] 
566.854: [GC (Allocation Failure) [PSYoungGen: 70112K->1488K(70656K)] 398015K->329391K(738304K), 0.0021991 secs] [Times: user=0.01 sys=0.00, real=0.00 secs] 
567.211: [GC (Allocation Failure) [PSYoungGen: 70096K->1536K(70656K)] 397999K->329439K(738304K), 0.0021506 secs] [Times: user=0.01 sys=0.00, real=0.00 secs] 
567.658: [GC (Allocation Failure) [PSYoungGen: 70144K->1565K(70656K)] 398047K->329509K(738304K), 0.0017430 secs] [Times: user=0.01 sys=0.00, real=0.00 secs] 
568.072: [GC (Allocation Failure) [PSYoungGen: 70173K->1581K(70656K)] 398117K->329573K(738304K), 0.0017040 secs] [Times: user=0.01 sys=0.00, real=0.01 secs] 
568.496: [GC (Allocation Failure) [PSYoungGen: 70189K->1581K(70656K)] 398181K->329605K(738304K), 0.0016729 secs] [Times: user=0.00 sys=0.00, real=0.00 secs] 
568.961: [GC (Allocation Failure) [PSYoungGen: 70189K->1760K(70656K)] 398213K->329791K(738304K), 0.0020133 secs] [Times: user=0.01 sys=0.00, real=0.01 secs] 
569.555: [GC (Allocation Failure) [PSYoungGen: 70368K->1408K(70656K)] 398399K->329439K(738304K), 0.0021248 secs] [Times: user=0.01 sys=0.00, real=0.00 secs] 
570.043: [GC (Allocation Failure) [PSYoungGen: 70016K->1376K(70656K)] 398047K->329407K(738304K), 0.0020023 secs] [Times: user=0.01 sys=0.00, real=0.01 secs] 
570.384: [GC (Allocation Failure) [PSYoungGen: 69984K->1376K(70656K)] 398015K->329407K(738304K), 0.0019742 secs] [Times: user=0.01 sys=0.00, real=0.00 secs] 
570.931: [GC (Allocation Failure) [PSYoungGen: 69984K->1376K(70656K)] 398015K->329423K(738304K), 0.0020098 secs] [Times: user=0.01 sys=0.00, real=0.01 secs] 
571.407: [GC (Allocation Failure) [PSYoungGen: 69984K->1581K(70656K)] 398031K->329629K(738304K), 0.0017402 secs] [Times: user=0.01 sys=0.00, real=0.00 secs] 
571.818: [GC (Allocation Failure) [PSYoungGen: 70189K->1581K(70656K)] 398237K->329629K(738304K), 0.0016776 secs] [Times: user=0.01 sys=0.00, real=0.00 secs] 
572.230: [GC (Allocation Failure) [PSYoungGen: 70189K->1517K(70656K)] 398237K->329565K(738304K), 0.0017140 secs] [Times: user=0.00 sys=0.00, real=0.00 secs] 
573.418: [GC (Allocation Failure) [PSYoungGen: 70125K->1472K(70656K)] 398173K->329535K(738304K), 0.0028828 secs] [Times: user=0.02 sys=0.00, real=0.00 secs] 
574.154: [GC (Allocation Failure) [PSYoungGen: 70080K->1408K(70656K)] 398143K->329471K(738304K), 0.0030127 secs] [Times: user=0.01 sys=0.00, real=0.00 secs] 
574.751: [GC (Allocation Failure) [PSYoungGen: 70016K->1408K(70656K)] 398079K->329471K(738304K), 0.0026661 secs] [Times: user=0.01 sys=0.00, real=0.01 secs] 
575.511: [GC (Allocation Failure) [PSYoungGen: 70016K->1408K(70656K)] 398079K->329471K(738304K), 0.0025707 secs] [Times: user=0.01 sys=0.00, real=0.01 secs] 
576.323: [GC (Allocation Failure) [PSYoungGen: 70016K->1488K(70656K)] 398079K->329551K(738304K), 0.0019316 secs] [Times: user=0.01 sys=0.00, real=0.01 secs] 
576.810: [GC (Allocation Failure) [PSYoungGen: 70096K->1520K(70656K)] 398159K->329583K(738304K), 0.0017906 secs] [Times: user=0.01 sys=0.00, real=0.00 secs] 
577.224: [GC (Allocation Failure) [PSYoungGen: 70128K->1552K(70656K)] 398191K->329615K(738304K), 0.0017778 secs] [Times: user=0.01 sys=0.00, real=0.00 secs] 
577.640: [GC (Allocation Failure) [PSYoungGen: 70160K->1584K(70656K)] 398223K->329663K(738304K), 0.0016752 secs] [Times: user=0.01 sys=0.00, real=0.00 secs] 
578.010: [GC (Allocation Failure) [PSYoungGen: 70192K->1440K(70656K)] 398271K->329519K(738304K), 0.0028391 secs] [Times: user=0.02 sys=0.00, real=0.00 secs] 
578.290: [GC (Allocation Failure) [PSYoungGen: 70048K->1392K(70656K)] 398127K->329471K(738304K), 0.0020277 secs] [Times: user=0.01 sys=0.00, real=0.00 secs] 
578.718: [GC (Allocation Failure) [PSYoungGen: 70000K->1344K(70656K)] 398079K->329423K(738304K), 0.0018127 secs] [Times: user=0.00 sys=0.01, real=0.00 secs] 
579.248: [GC (Allocation Failure) [PSYoungGen: 69952K->1376K(70656K)] 398031K->329455K(738304K), 0.0028829 secs] [Times: user=0.01 sys=0.00, real=0.00 secs] 
579.806: [GC (Allocation Failure) [PSYoungGen: 69984K->1440K(70656K)] 398063K->329519K(738304K), 0.0016274 secs] [Times: user=0.00 sys=0.00, real=0.00 secs] 
580.218: [GC (Allocation Failure) [PSYoungGen: 70029K->1549K(70656K)] 398109K->329629K(738304K), 0.0016861 secs] [Times: user=0.00 sys=0.00, real=0.00 secs] 
580.632: [GC (Allocation Failure) [PSYoungGen: 70157K->1520K(70656K)] 398237K->329599K(738304K), 0.0016556 secs] [Times: user=0.01 sys=0.00, real=0.01 secs] 
581.150: [GC (Allocation Failure) [PSYoungGen: 70128K->1536K(70656K)] 398207K->329647K(738304K), 0.0018904 secs] [Times: user=0.01 sys=0.00, real=0.00 secs] 
581.471: [GC (Allocation Failure) [PSYoungGen: 70144K->1408K(70656K)] 398255K->329519K(738304K), 0.0021028 secs] [Times: user=0.01 sys=0.00, real=0.01 secs] 
581.767: [GC (Allocation Failure) [PSYoungGen: 70016K->1408K(70656K)] 398127K->329519K(738304K), 0.0019227 secs] [Times: user=0.00 sys=0.00, real=0.00 secs] 
582.052: [GC (Allocation Failure) [PSYoungGen: 70016K->1376K(70656K)] 398127K->329487K(738304K), 0.0018984 secs] [Times: user=0.01 sys=0.00, real=0.01 secs] 
582.438: [GC (Allocation Failure) [PSYoungGen: 69984K->1485K(70656K)] 398095K->329597K(738304K), 0.0018357 secs] [Times: user=0.00 sys=0.00, real=0.00 secs] 
582.859: [GC (Allocation Failure) [PSYoungGen: 70093K->1581K(70656K)] 398205K->329693K(738304K), 0.0016621 secs] [Times: user=0.01 sys=0.00, real=0.00 secs] 
583.274: [GC (Allocation Failure) [PSYoungGen: 70189K->1565K(70656K)] 398301K->329677K(738304K), 0.0016845 secs] [Times: user=0.00 sys=0.00, real=0.00 secs] 
583.686: [GC (Allocation Failure) [PSYoungGen: 70173K->1517K(70656K)] 398285K->329629K(738304K), 0.0016600 secs] [Times: user=0.01 sys=0.00, real=0.00 secs] 
584.119: [GC (Allocation Failure) [PSYoungGen: 70125K->1536K(70656K)] 398237K->329671K(738304K), 0.0018997 secs] [Times: user=0.00 sys=0.00, real=0.00 secs] 
584.405: [GC (Allocation Failure) [PSYoungGen: 70144K->1408K(70656K)] 398279K->329543K(738304K), 0.0019073 secs] [Times: user=0.01 sys=0.00, real=0.00 secs] 
584.726: [GC (Allocation Failure) [PSYoungGen: 70016K->1408K(70656K)] 398151K->329543K(738304K), 0.0018045 secs] [Times: user=0.01 sys=0.00, real=0.00 secs] 
585.081: [GC (Allocation Failure) [PSYoungGen: 70016K->1408K(70656K)] 398151K->329543K(738304K), 0.0019055 secs] [Times: user=0.00 sys=0.00, real=0.00 secs] 
585.484: [GC (Allocation Failure) [PSYoungGen: 70016K->1533K(70656K)] 398151K->329669K(738304K), 0.0015652 secs] [Times: user=0.01 sys=0.00, real=0.00 secs] 
585.897: [GC (Allocation Failure) [PSYoungGen: 70141K->1613K(70656K)] 398277K->329749K(738304K), 0.0016603 secs] [Times: user=0.01 sys=0.00, real=0.00 secs] 
586.368: [GC (Allocation Failure) [PSYoungGen: 70221K->1581K(70656K)] 398357K->329717K(738304K), 0.0017499 secs] [Times: user=0.00 sys=0.00, real=0.00 secs] 
586.780: [GC (Allocation Failure) [PSYoungGen: 70189K->1485K(70656K)] 398325K->329637K(738304K), 0.0018055 secs] [Times: user=0.01 sys=0.00, real=0.00 secs] 
588.490: [GC (Allocation Failure) [PSYoungGen: 70093K->1376K(70656K)] 398245K->329527K(738304K), 0.0038350 secs] [Times: user=0.02 sys=0.00, real=0.01 secs] 
589.095: [GC (Allocation Failure) [PSYoungGen: 69984K->1408K(70656K)] 398135K->329559K(738304K), 0.0024316 secs] [Times: user=0.01 sys=0.00, real=0.00 secs] 
589.595: [GC (Allocation Failure) [PSYoungGen: 70016K->1376K(70656K)] 398167K->329527K(738304K), 0.0023366 secs] [Times: user=0.01 sys=0.00, real=0.00 secs] 
590.111: [GC (Allocation Failure) [PSYoungGen: 69984K->1376K(70656K)] 398135K->329527K(738304K), 0.0022999 secs] [Times: user=0.01 sys=0.00, real=0.01 secs] 
590.607: [GC (Allocation Failure) [PSYoungGen: 69984K->1517K(70656K)] 398135K->329669K(738304K), 0.0016239 secs] [Times: user=0.00 sys=0.00, real=0.00 secs] 
591.019: [GC (Allocation Failure) [PSYoungGen: 70107K->1549K(70656K)] 398259K->329717K(738304K), 0.0016749 secs] [Times: user=0.00 sys=0.00, real=0.00 secs] 
591.431: [GC (Allocation Failure) [PSYoungGen: 70157K->1517K(70656K)] 398325K->329685K(738304K), 0.0016840 secs] [Times: user=0.00 sys=0.00, real=0.00 secs] 
591.865: [GC (Allocation Failure) [PSYoungGen: 70125K->1504K(70656K)] 398293K->329671K(738304K), 0.0018195 secs] [Times: user=0.01 sys=0.00, real=0.00 secs] 
592.186: [GC (Allocation Failure) [PSYoungGen: 70112K->1376K(70656K)] 398279K->329543K(738304K), 0.0016148 secs] [Times: user=0.01 sys=0.00, real=0.00 secs] 
592.532: [GC (Allocation Failure) [PSYoungGen: 69984K->1376K(70656K)] 398151K->329543K(738304K), 0.0017789 secs] [Times: user=0.01 sys=0.00, real=0.01 secs] 
592.899: [GC (Allocation Failure) [PSYoungGen: 69984K->1376K(70656K)] 398151K->329543K(738304K), 0.0017646 secs] [Times: user=0.01 sys=0.00, real=0.00 secs] 
593.326: [GC (Allocation Failure) [PSYoungGen: 69984K->1421K(70656K)] 398151K->329589K(738304K), 0.0019141 secs] [Times: user=0.00 sys=0.00, real=0.00 secs] 
593.738: [GC (GCLocker Initiated GC) [PSYoungGen: 70029K->1488K(70656K)] 398197K->329655K(738304K), 0.0016247 secs] [Times: user=0.01 sys=0.00, real=0.00 secs] 
594.153: [GC (Allocation Failure) [PSYoungGen: 70096K->1424K(70656K)] 398457K->329785K(738304K), 0.0016180 secs] [Times: user=0.01 sys=0.00, real=0.01 secs] 
594.627: [GC (Allocation Failure) [PSYoungGen: 70032K->1597K(70656K)] 398393K->329958K(738304K), 0.0017902 secs] [Times: user=0.00 sys=0.00, real=0.00 secs] 
595.267: [GC (Allocation Failure) [PSYoungGen: 70205K->1552K(70656K)] 398566K->329913K(738304K), 0.0028149 secs] [Times: user=0.01 sys=0.00, real=0.00 secs] 
595.907: [GC (Allocation Failure) [PSYoungGen: 70160K->1504K(70656K)] 398521K->329865K(738304K), 0.0027336 secs] [Times: user=0.01 sys=0.00, real=0.00 secs] 
596.663: [GC (Allocation Failure) [PSYoungGen: 70112K->1504K(70656K)] 398473K->329865K(738304K), 0.0027747 secs] [Times: user=0.01 sys=0.01, real=0.00 secs] 
597.499: [GC (Allocation Failure) [PSYoungGen: 70112K->1472K(70656K)] 398473K->329833K(738304K), 0.0024963 secs] [Times: user=0.01 sys=0.00, real=0.00 secs] 
598.067: [GC (Allocation Failure) [PSYoungGen: 70080K->1549K(70656K)] 398441K->329910K(738304K), 0.0016063 secs] [Times: user=0.00 sys=0.00, real=0.00 secs] 
598.477: [GC (Allocation Failure) [PSYoungGen: 70157K->1677K(70656K)] 398518K->330038K(738304K), 0.0017171 secs] [Times: user=0.01 sys=0.00, real=0.00 secs] 
598.889: [GC (Allocation Failure) [PSYoungGen: 70285K->1645K(70656K)] 398646K->330006K(738304K), 0.0016820 secs] [Times: user=0.01 sys=0.00, real=0.00 secs] 
599.312: [GC (Allocation Failure) [PSYoungGen: 70253K->1677K(70656K)] 398614K->330046K(738304K), 0.0016812 secs] [Times: user=0.00 sys=0.00, real=0.01 secs] 
599.684: [GC (Allocation Failure) [PSYoungGen: 70285K->1504K(70656K)] 398654K->329881K(738304K), 0.0016981 secs] [Times: user=0.00 sys=0.00, real=0.00 secs] 
599.968: [GC (Allocation Failure) [PSYoungGen: 70112K->1504K(70656K)] 398489K->329881K(738304K), 0.0016957 secs] [Times: user=0.01 sys=0.00, real=0.00 secs] 
600.418: [GC (Allocation Failure) [PSYoungGen: 70112K->1472K(70656K)] 398489K->329849K(738304K), 0.0020668 secs] [Times: user=0.00 sys=0.00, real=0.00 secs] 
600.947: [GC (Allocation Failure) [PSYoungGen: 70080K->1440K(70656K)] 398457K->329873K(738304K), 0.0022399 secs] [Times: user=0.01 sys=0.00, real=0.00 secs] 
601.493: [GC (Allocation Failure) [PSYoungGen: 70048K->1645K(70656K)] 398481K->330078K(738304K), 0.0016562 secs] [Times: user=0.01 sys=0.00, real=0.01 secs] 
601.906: [GC (Allocation Failure) [PSYoungGen: 70253K->1597K(70656K)] 398686K->330046K(738304K), 0.0016895 secs] [Times: user=0.01 sys=0.00, real=0.00 secs] 
602.318: [GC (Allocation Failure) [PSYoungGen: 70205K->1549K(70656K)] 398654K->330062K(738304K), 0.0016711 secs] [Times: user=0.01 sys=0.00, real=0.00 secs] 
602.748: [GC (Allocation Failure) [PSYoungGen: 70157K->1536K(70656K)] 398670K->330057K(738304K), 0.0019298 secs] [Times: user=0.01 sys=0.00, real=0.00 secs] 
603.357: [GC (Allocation Failure) [PSYoungGen: 70144K->1408K(70656K)] 398665K->329929K(738304K), 0.0021233 secs] [Times: user=0.01 sys=0.00, real=0.00 secs] 
603.976: [GC (Allocation Failure) [PSYoungGen: 70016K->1376K(70656K)] 398537K->329897K(738304K), 0.0024136 secs] [Times: user=0.01 sys=0.00, real=0.00 secs] 
604.736: [GC (Allocation Failure) [PSYoungGen: 69984K->1440K(70656K)] 398505K->329961K(738304K), 0.0025821 secs] [Times: user=0.01 sys=0.00, real=0.00 secs] 
605.559: [GC (Allocation Failure) [PSYoungGen: 70048K->1533K(70656K)] 398569K->330054K(738304K), 0.0021971 secs] [Times: user=0.01 sys=0.00, real=0.00 secs] 
606.000: [GC (Allocation Failure) [PSYoungGen: 70141K->1565K(70656K)] 398662K->330086K(738304K), 0.0015628 secs] [Times: user=0.01 sys=0.00, real=0.00 secs] 
606.414: [GC (Allocation Failure) [PSYoungGen: 70173K->1597K(70656K)] 398694K->330118K(738304K), 0.0015345 secs] [Times: user=0.00 sys=0.00, real=0.00 secs] 
606.828: [GC (Allocation Failure) [PSYoungGen: 70205K->1565K(70656K)] 398726K->330086K(738304K), 0.0016672 secs] [Times: user=0.00 sys=0.00, real=0.00 secs] 
607.191: [GC (Allocation Failure) [PSYoungGen: 70173K->1424K(70656K)] 398694K->329953K(738304K), 0.0020272 secs] [Times: user=0.00 sys=0.00, real=0.00 secs] 
607.593: [GC (Allocation Failure) [PSYoungGen: 70032K->1408K(70656K)] 398561K->329937K(738304K), 0.0022835 secs] [Times: user=0.01 sys=0.00, real=0.00 secs] 
608.146: [GC (Allocation Failure) [PSYoungGen: 70016K->1440K(70656K)] 398545K->329969K(738304K), 0.0021427 secs] [Times: user=0.01 sys=0.00, real=0.00 secs] 
608.860: [GC (Allocation Failure) [PSYoungGen: 70048K->1440K(70656K)] 398577K->329969K(738304K), 0.0021686 secs] [Times: user=0.01 sys=0.00, real=0.00 secs] 
609.477: [GC (Allocation Failure) [PSYoungGen: 70048K->1533K(70656K)] 398577K->330062K(738304K), 0.0014438 secs] [Times: user=0.00 sys=0.00, real=0.00 secs] 
609.952: [GC (Allocation Failure) [PSYoungGen: 70134K->1565K(70656K)] 398663K->330102K(738304K), 0.0016168 secs] [Times: user=0.01 sys=0.00, real=0.01 secs] 
610.365: [GC (Allocation Failure) [PSYoungGen: 70173K->1597K(70656K)] 398710K->330134K(738304K), 0.0015962 secs] [Times: user=0.00 sys=0.01, real=0.00 secs] 
610.775: [GC (Allocation Failure) [PSYoungGen: 70205K->1536K(70656K)] 398742K->330113K(738304K), 0.0019104 secs] [Times: user=0.01 sys=0.00, real=0.00 secs] 
611.128: [GC (Allocation Failure) [PSYoungGen: 70144K->1376K(70656K)] 398721K->329969K(738304K), 0.0019862 secs] [Times: user=0.01 sys=0.00, real=0.00 secs] 
611.413: [GC (Allocation Failure) [PSYoungGen: 69984K->1376K(70656K)] 398577K->329977K(738304K), 0.0019110 secs] [Times: user=0.01 sys=0.00, real=0.00 secs] 
612.168: [GC (Allocation Failure) [PSYoungGen: 69984K->1344K(70656K)] 398585K->329945K(738304K), 0.0025623 secs] [Times: user=0.01 sys=0.00, real=0.00 secs] 
612.969: [GC (Allocation Failure) [PSYoungGen: 69952K->1376K(70656K)] 398553K->329977K(738304K), 0.0025982 secs] [Times: user=0.01 sys=0.00, real=0.00 secs] 
613.544: [GC (Allocation Failure) [PSYoungGen: 69984K->1520K(70656K)] 398585K->330121K(738304K), 0.0017283 secs] [Times: user=0.00 sys=0.00, real=0.00 secs] 
613.957: [GC (Allocation Failure) [PSYoungGen: 70128K->1533K(70656K)] 398729K->330134K(738304K), 0.0016776 secs] [Times: user=0.01 sys=0.00, real=0.00 secs] 
614.370: [GC (Allocation Failure) [PSYoungGen: 70141K->1520K(70656K)] 398742K->330121K(738304K), 0.0016933 secs] [Times: user=0.01 sys=0.00, real=0.00 secs] 
614.829: [GC (Allocation Failure) [PSYoungGen: 70128K->1472K(70656K)] 398729K->330081K(738304K), 0.0018945 secs] [Times: user=0.01 sys=0.00, real=0.00 secs] 
615.399: [GC (Allocation Failure) [PSYoungGen: 70080K->1408K(70656K)] 398689K->330017K(738304K), 0.0017893 secs] [Times: user=0.01 sys=0.00, real=0.00 secs] 
615.979: [GC (Allocation Failure) [PSYoungGen: 70016K->1408K(70656K)] 398625K->330017K(738304K), 0.0026360 secs] [Times: user=0.01 sys=0.00, real=0.00 secs] 
616.576: [GC (Allocation Failure) [PSYoungGen: 70016K->1376K(70656K)] 398625K->329985K(738304K), 0.0021403 secs] [Times: user=0.01 sys=0.00, real=0.00 secs] 
617.155: [GC (Allocation Failure) [PSYoungGen: 69958K->1485K(70656K)] 398567K->330102K(738304K), 0.0016461 secs] [Times: user=0.00 sys=0.00, real=0.00 secs] 
617.568: [GC (Allocation Failure) [PSYoungGen: 70093K->1581K(70656K)] 398710K->330198K(738304K), 0.0016830 secs] [Times: user=0.01 sys=0.00, real=0.00 secs] 
617.985: [GC (Allocation Failure) [PSYoungGen: 70189K->1533K(70656K)] 398806K->330150K(738304K), 0.0016354 secs] [Times: user=0.01 sys=0.00, real=0.00 secs] 
618.452: [GC (Allocation Failure) [PSYoungGen: 70141K->1581K(70656K)] 398758K->330206K(738304K), 0.0017595 secs] [Times: user=0.00 sys=0.00, real=0.01 secs] 
618.887: [GC (Allocation Failure) [PSYoungGen: 70189K->1456K(70656K)] 398814K->330081K(738304K), 0.0026506 secs] [Times: user=0.01 sys=0.00, real=0.00 secs] 
619.246: [GC (Allocation Failure) [PSYoungGen: 70064K->1408K(70656K)] 398689K->330033K(738304K), 0.0019862 secs] [Times: user=0.01 sys=0.00, real=0.00 secs] 
619.546: [GC (Allocation Failure) [PSYoungGen: 70016K->1376K(70656K)] 398641K->330001K(738304K), 0.0022905 secs] [Times: user=0.01 sys=0.00, real=0.00 secs] 
619.889: [GC (Allocation Failure) [PSYoungGen: 69984K->1376K(70656K)] 398609K->330025K(738304K), 0.0017029 secs] [Times: user=0.01 sys=0.00, real=0.00 secs] 
620.316: [GC (Allocation Failure) [PSYoungGen: 69984K->1517K(70656K)] 398633K->330166K(738304K), 0.0016363 secs] [Times: user=0.01 sys=0.00, real=0.00 secs] 
620.727: [GC (Allocation Failure) [PSYoungGen: 70125K->1549K(70656K)] 398774K->330198K(738304K), 0.0016776 secs] [Times: user=0.00 sys=0.00, real=0.00 secs] 
621.140: [GC (Allocation Failure) [PSYoungGen: 70157K->1533K(70656K)] 398806K->330182K(738304K), 0.0017325 secs] [Times: user=0.01 sys=0.00, real=0.00 secs] 
621.562: [GC (Allocation Failure) [PSYoungGen: 70141K->2016K(70656K)] 398790K->330673K(738304K), 0.0016782 secs] [Times: user=0.01 sys=0.00, real=0.01 secs] 
622.239: [GC (Allocation Failure) [PSYoungGen: 70624K->1376K(70656K)] 399281K->330033K(738304K), 0.0019065 secs] [Times: user=0.01 sys=0.00, real=0.00 secs] 
622.641: [GC (Allocation Failure) [PSYoungGen: 69984K->1376K(70656K)] 398641K->330033K(738304K), 0.0019043 secs] [Times: user=0.01 sys=0.00, real=0.01 secs] 
623.108: [GC (Allocation Failure) [PSYoungGen: 69984K->1392K(70656K)] 398641K->330049K(738304K), 0.0020021 secs] [Times: user=0.01 sys=0.00, real=0.00 secs] 
623.701: [GC (Allocation Failure) [PSYoungGen: 69881K->272K(70656K)] 398539K->328929K(738304K), 0.0022113 secs] [Times: user=0.01 sys=0.00, real=0.00 secs] 
624.158: [GC (Allocation Failure) [PSYoungGen: 68880K->1501K(70656K)] 397537K->330158K(738304K), 0.0017685 secs] [Times: user=0.01 sys=0.00, real=0.00 secs] 
624.572: [GC (Allocation Failure) [PSYoungGen: 70109K->1533K(70656K)] 398766K->330190K(738304K), 0.0017734 secs] [Times: user=0.01 sys=0.00, real=0.01 secs] 
624.985: [GC (Allocation Failure) [PSYoungGen: 70141K->1533K(70656K)] 398798K->330190K(738304K), 0.0016877 secs] [Times: user=0.01 sys=0.00, real=0.00 secs] 
625.385: [GC (Allocation Failure) [PSYoungGen: 70141K->1424K(70656K)] 398798K->330089K(738304K), 0.0017628 secs] [Times: user=0.00 sys=0.00, real=0.00 secs] 
625.687: [GC (Allocation Failure) [PSYoungGen: 70032K->1408K(70656K)] 398697K->330081K(738304K), 0.0017934 secs] [Times: user=0.01 sys=0.00, real=0.00 secs] 
625.980: [GC (Allocation Failure) [PSYoungGen: 70016K->1408K(70656K)] 398689K->330081K(738304K), 0.0016308 secs] [Times: user=0.01 sys=0.00, real=0.00 secs] 
626.308: [GC (Allocation Failure) [PSYoungGen: 70016K->1408K(70656K)] 398689K->330081K(738304K), 0.0017508 secs] [Times: user=0.00 sys=0.00, real=0.00 secs] 
626.909: [GC (Allocation Failure) [PSYoungGen: 70016K->1485K(70656K)] 398689K->330158K(738304K), 0.0016632 secs] [Times: user=0.00 sys=0.00, real=0.00 secs] 
627.385: [GC (Allocation Failure) [PSYoungGen: 70093K->1565K(70656K)] 398766K->330238K(738304K), 0.0018092 secs] [Times: user=0.01 sys=0.00, real=0.00 secs] 
627.799: [GC (Allocation Failure) [PSYoungGen: 70173K->1581K(70656K)] 398846K->330254K(738304K), 0.0017793 secs] [Times: user=0.01 sys=0.00, real=0.00 secs] 
628.217: [GC (Allocation Failure) [PSYoungGen: 70189K->1581K(70656K)] 398862K->330262K(738304K), 0.0017860 secs] [Times: user=0.00 sys=0.00, real=0.00 secs] 
628.724: [GC (Allocation Failure) [PSYoungGen: 70189K->1424K(70656K)] 398870K->330105K(738304K), 0.0032876 secs] [Times: user=0.01 sys=0.00, real=0.00 secs] 
629.465: [GC (Allocation Failure) [PSYoungGen: 70032K->1408K(70656K)] 398713K->330089K(738304K), 0.0029957 secs] [Times: user=0.01 sys=0.00, real=0.00 secs] 
630.183: [GC (Allocation Failure) [PSYoungGen: 70016K->1376K(70656K)] 398697K->330081K(738304K), 0.0029368 secs] [Times: user=0.01 sys=0.00, real=0.01 secs] 
631.088: [GC (Allocation Failure) [PSYoungGen: 69984K->1376K(70656K)] 398689K->330081K(738304K), 0.0034557 secs] [Times: user=0.02 sys=0.00, real=0.00 secs] 
631.714: [GC (Allocation Failure) [PSYoungGen: 69984K->1453K(70656K)] 398689K->330158K(738304K), 0.0016688 secs] [Times: user=0.01 sys=0.00, real=0.00 secs] 
632.126: [GC (Allocation Failure) [PSYoungGen: 70057K->1549K(70656K)] 398763K->330254K(738304K), 0.0016513 secs] [Times: user=0.01 sys=0.00, real=0.00 secs] 
632.538: [GC (Allocation Failure) [PSYoungGen: 70157K->1581K(70656K)] 398862K->330286K(738304K), 0.0016147 secs] [Times: user=0.00 sys=0.00, real=0.00 secs] 
632.975: [GC (Allocation Failure) [PSYoungGen: 70189K->1504K(70656K)] 398894K->330209K(738304K), 0.0018781 secs] [Times: user=0.00 sys=0.00, real=0.00 secs] 
633.305: [GC (Allocation Failure) [PSYoungGen: 70112K->1408K(70656K)] 398817K->330113K(738304K), 0.0016679 secs] [Times: user=0.01 sys=0.00, real=0.00 secs] 
633.631: [GC (Allocation Failure) [PSYoungGen: 70016K->1408K(70656K)] 398721K->330113K(738304K), 0.0018147 secs] [Times: user=0.01 sys=0.00, real=0.00 secs] 
633.967: [GC (Allocation Failure) [PSYoungGen: 70016K->1376K(70656K)] 398721K->330081K(738304K), 0.0024784 secs] [Times: user=0.01 sys=0.00, real=0.00 secs] 
634.304: [GC (Allocation Failure) [PSYoungGen: 69984K->1456K(70656K)] 398689K->330161K(738304K), 0.0018616 secs] [Times: user=0.00 sys=0.00, real=0.00 secs] 
634.721: [GC (Allocation Failure) [PSYoungGen: 70064K->1533K(70656K)] 398769K->330238K(738304K), 0.0017103 secs] [Times: user=0.00 sys=0.00, real=0.00 secs] 
635.134: [GC (Allocation Failure) [PSYoungGen: 70141K->1520K(70656K)] 398846K->330225K(738304K), 0.0017388 secs] [Times: user=0.01 sys=0.00, real=0.00 secs] 
635.608: [GC (Allocation Failure) [PSYoungGen: 70128K->1488K(70656K)] 398833K->330193K(738304K), 0.0017993 secs] [Times: user=0.00 sys=0.00, real=0.00 secs] 
636.401: [GC (Allocation Failure) [PSYoungGen: 70096K->1504K(70656K)] 398801K->330209K(738304K), 0.0032372 secs] [Times: user=0.01 sys=0.00, real=0.01 secs] 
636.950: [GC (Allocation Failure) [PSYoungGen: 70112K->1376K(70656K)] 398817K->330081K(738304K), 0.0026181 secs] [Times: user=0.01 sys=0.01, real=0.01 secs] 
637.520: [GC (Allocation Failure) [PSYoungGen: 69984K->1392K(70656K)] 398689K->330097K(738304K), 0.0023549 secs] [Times: user=0.01 sys=0.01, real=0.00 secs] 
638.038: [GC (Allocation Failure) [PSYoungGen: 70000K->1360K(70656K)] 398705K->330065K(738304K), 0.0021903 secs] [Times: user=0.00 sys=0.00, real=0.00 secs] 
638.497: [GC (Allocation Failure) [PSYoungGen: 69968K->1453K(70656K)] 398673K->330158K(738304K), 0.0016497 secs] [Times: user=0.00 sys=0.00, real=0.00 secs] 
638.910: [GC (Allocation Failure) [PSYoungGen: 70061K->1549K(70656K)] 398766K->330254K(738304K), 0.0016343 secs] [Times: user=0.01 sys=0.00, real=0.00 secs] 
639.324: [GC (Allocation Failure) [PSYoungGen: 70157K->1549K(70656K)] 398862K->330254K(738304K), 0.0017380 secs] [Times: user=0.00 sys=0.00, real=0.00 secs] 
639.738: [GC (Allocation Failure) [PSYoungGen: 70157K->1517K(70656K)] 398862K->330246K(738304K), 0.0016760 secs] [Times: user=0.01 sys=0.01, real=0.00 secs] 
640.392: [GC (Allocation Failure) [PSYoungGen: 70125K->1408K(70656K)] 398854K->330137K(738304K), 0.0018800 secs] [Times: user=0.00 sys=0.00, real=0.01 secs] 
640.965: [GC (Allocation Failure) [PSYoungGen: 70016K->1408K(70656K)] 398745K->330137K(738304K), 0.0022218 secs] [Times: user=0.01 sys=0.00, real=0.00 secs] 
641.605: [GC (Allocation Failure) [PSYoungGen: 70016K->1360K(70656K)] 398745K->330105K(738304K), 0.0025612 secs] [Times: user=0.01 sys=0.00, real=0.00 secs] 
641.969: [GC (Allocation Failure) [PSYoungGen: 69968K->1376K(70656K)] 398713K->330121K(738304K), 0.0023892 secs] [Times: user=0.01 sys=0.00, real=0.00 secs] 
642.434: [GC (Allocation Failure) [PSYoungGen: 69984K->1549K(70656K)] 398729K->330294K(738304K), 0.0015773 secs] [Times: user=0.00 sys=0.00, real=0.00 secs] 
642.905: [GC (Allocation Failure) [PSYoungGen: 70131K->1485K(70656K)] 398877K->330230K(738304K), 0.0017859 secs] [Times: user=0.01 sys=0.00, real=0.00 secs] 
643.384: [GC (Allocation Failure) [PSYoungGen: 70093K->1584K(70656K)] 398838K->330329K(738304K), 0.0017646 secs] [Times: user=0.01 sys=0.00, real=0.00 secs] 
643.877: [GC (Allocation Failure) [PSYoungGen: 70192K->1504K(70656K)] 398937K->330257K(738304K), 0.0022935 secs] [Times: user=0.01 sys=0.00, real=0.00 secs] 
644.173: [GC (Allocation Failure) [PSYoungGen: 70112K->1408K(70656K)] 398865K->330161K(738304K), 0.0020356 secs] [Times: user=0.01 sys=0.00, real=0.01 secs] 
644.458: [GC (Allocation Failure) [PSYoungGen: 70016K->1392K(70656K)] 398769K->330145K(738304K), 0.0018386 secs] [Times: user=0.00 sys=0.00, real=0.00 secs] 
644.770: [GC (Allocation Failure) [PSYoungGen: 70000K->1408K(70656K)] 398753K->330161K(738304K), 0.0018359 secs] [Times: user=0.01 sys=0.00, real=0.00 secs] 
645.140: [GC (Allocation Failure) [PSYoungGen: 70016K->1408K(70656K)] 398769K->330161K(738304K), 0.0015275 secs] [Times: user=0.01 sys=0.00, real=0.00 secs] 
645.554: [GC (Allocation Failure) [PSYoungGen: 70016K->1549K(70656K)] 398769K->330302K(738304K), 0.0016886 secs] [Times: user=0.00 sys=0.01, real=0.00 secs] 
646.034: [GC (Allocation Failure) [PSYoungGen: 70157K->1533K(70656K)] 398910K->330286K(738304K), 0.0019364 secs] [Times: user=0.01 sys=0.00, real=0.00 secs] 
646.448: [GC (Allocation Failure) [PSYoungGen: 70141K->1581K(70656K)] 398894K->330334K(738304K), 0.0017872 secs] [Times: user=0.00 sys=0.00, real=0.00 secs] 
647.115: [GC (Allocation Failure) [PSYoungGen: 70189K->1456K(70656K)] 398942K->330209K(738304K), 0.0038499 secs] [Times: user=0.01 sys=0.00, real=0.00 secs] 
647.799: [GC (Allocation Failure) [PSYoungGen: 70064K->1392K(70656K)] 398817K->330145K(738304K), 0.0024968 secs] [Times: user=0.01 sys=0.00, real=0.00 secs] 
648.347: [GC (Allocation Failure) [PSYoungGen: 70000K->1408K(70656K)] 398753K->330161K(738304K), 0.0025361 secs] [Times: user=0.01 sys=0.00, real=0.00 secs] 
649.036: [GC (Allocation Failure) [PSYoungGen: 70016K->1392K(70656K)] 398769K->330145K(738304K), 0.0028487 secs] [Times: user=0.01 sys=0.00, real=0.00 secs] 
649.798: [GC (Allocation Failure) [PSYoungGen: 70000K->1517K(70656K)] 398753K->330270K(738304K), 0.0016017 secs] [Times: user=0.00 sys=0.00, real=0.00 secs] 
650.271: [GC (Allocation Failure) [PSYoungGen: 70125K->1581K(70656K)] 398878K->330334K(738304K), 0.0028118 secs] [Times: user=0.01 sys=0.00, real=0.01 secs] 
650.780: [GC (Allocation Failure) [PSYoungGen: 70189K->1549K(70656K)] 398942K->330326K(738304K), 0.0016514 secs] [Times: user=0.00 sys=0.00, real=0.00 secs] 
651.262: [GC (Allocation Failure) [PSYoungGen: 70157K->1565K(70656K)] 398934K->330350K(738304K), 0.0017485 secs] [Times: user=0.01 sys=0.00, real=0.01 secs] 
652.651: [GC (Allocation Failure) [PSYoungGen: 70173K->1472K(70656K)] 398958K->330257K(738304K), 0.0049443 secs] [Times: user=0.02 sys=0.00, real=0.01 secs] 
653.371: [GC (Allocation Failure) [PSYoungGen: 70080K->1408K(70656K)] 398865K->330193K(738304K), 0.0032404 secs] [Times: user=0.01 sys=0.00, real=0.01 secs] 
654.140: [GC (Allocation Failure) [PSYoungGen: 70016K->1344K(70656K)] 398801K->330129K(738304K), 0.0038212 secs] [Times: user=0.01 sys=0.00, real=0.01 secs] 
654.611: [GC (Allocation Failure) [PSYoungGen: 69952K->1408K(70656K)] 398737K->330193K(738304K), 0.0026020 secs] [Times: user=0.01 sys=0.00, real=0.01 secs] 
655.103: [GC (Allocation Failure) [PSYoungGen: 70016K->1552K(70656K)] 398801K->330337K(738304K), 0.0016553 secs] [Times: user=0.00 sys=0.00, real=0.00 secs] 
655.518: [GC (Allocation Failure) [PSYoungGen: 70160K->1552K(70656K)] 398945K->330337K(738304K), 0.0016623 secs] [Times: user=0.01 sys=0.00, real=0.00 secs] 
655.932: [GC (Allocation Failure) [PSYoungGen: 70160K->1552K(70656K)] 398945K->330337K(738304K), 0.0017399 secs] [Times: user=0.00 sys=0.00, real=0.01 secs] 
656.343: [GC (Allocation Failure) [PSYoungGen: 70160K->1504K(70656K)] 398945K->330289K(738304K), 0.0017471 secs] [Times: user=0.01 sys=0.00, real=0.00 secs] 
656.628: [GC (Allocation Failure) [PSYoungGen: 70112K->1376K(70656K)] 398897K->330161K(738304K), 0.0018872 secs] [Times: user=0.01 sys=0.00, real=0.00 secs] 
656.942: [GC (Allocation Failure) [PSYoungGen: 69984K->1376K(70656K)] 398769K->330169K(738304K), 0.0021285 secs] [Times: user=0.01 sys=0.00, real=0.01 secs] 
657.238: [GC (Allocation Failure) [PSYoungGen: 69984K->1376K(70656K)] 398777K->330169K(738304K), 0.0019047 secs] [Times: user=0.01 sys=0.00, real=0.00 secs] 
657.653: [GC (Allocation Failure) [PSYoungGen: 69984K->1485K(70656K)] 398777K->330278K(738304K), 0.0015493 secs] [Times: user=0.00 sys=0.00, real=0.01 secs] 
658.065: [GC (Allocation Failure) [PSYoungGen: 70093K->1549K(70656K)] 398886K->330342K(738304K), 0.0017213 secs] [Times: user=0.01 sys=0.00, real=0.00 secs] 
658.481: [GC (Allocation Failure) [PSYoungGen: 70157K->1549K(70656K)] 398950K->330342K(738304K), 0.0016347 secs] [Times: user=0.00 sys=0.00, real=0.01 secs] 
658.897: [GC (Allocation Failure) [PSYoungGen: 70157K->1581K(70656K)] 398950K->330374K(738304K), 0.0017584 secs] [Times: user=0.01 sys=0.00, real=0.00 secs] 
659.542: [GC (Allocation Failure) [PSYoungGen: 70189K->1440K(70656K)] 398982K->330241K(738304K), 0.0018646 secs] [Times: user=0.01 sys=0.00, real=0.01 secs] 
660.133: [GC (Allocation Failure) [PSYoungGen: 70048K->1408K(70656K)] 398849K->330225K(738304K), 0.0030013 secs] [Times: user=0.02 sys=0.00, real=0.01 secs] 
660.748: [GC (Allocation Failure) [PSYoungGen: 70016K->1392K(70656K)] 398833K->330209K(738304K), 0.0023095 secs] [Times: user=0.00 sys=0.00, real=0.00 secs] 
661.111: [GC (Allocation Failure) [PSYoungGen: 70000K->1376K(70656K)] 398817K->330193K(738304K), 0.0023162 secs] [Times: user=0.01 sys=0.00, real=0.01 secs] 
661.609: [GC (Allocation Failure) [PSYoungGen: 69984K->1453K(70656K)] 398801K->330270K(738304K), 0.0017439 secs] [Times: user=0.01 sys=0.00, real=0.00 secs] 
662.086: [GC (Allocation Failure) [PSYoungGen: 70044K->1533K(70656K)] 398862K->330350K(738304K), 0.0017666 secs] [Times: user=0.01 sys=0.00, real=0.00 secs] 
662.499: [GC (Allocation Failure) [PSYoungGen: 70141K->1581K(70656K)] 398958K->330398K(738304K), 0.0017848 secs] [Times: user=0.01 sys=0.00, real=0.00 secs] 
662.971: [GC (Allocation Failure) [PSYoungGen: 70189K->1824K(70656K)] 399006K->330641K(738304K), 0.0018850 secs] [Times: user=0.00 sys=0.00, real=0.01 secs] 
663.687: [GC (Allocation Failure) [PSYoungGen: 70432K->1408K(70656K)] 399249K->330225K(738304K), 0.0024386 secs] [Times: user=0.01 sys=0.00, real=0.00 secs] 
664.286: [GC (Allocation Failure) [PSYoungGen: 70016K->1408K(70656K)] 398833K->330225K(738304K), 0.0033708 secs] [Times: user=0.02 sys=0.00, real=0.00 secs] 
664.869: [GC (Allocation Failure) [PSYoungGen: 70016K->1408K(70656K)] 398833K->330225K(738304K), 0.0025642 secs] [Times: user=0.01 sys=0.00, real=0.00 secs] 
665.147: [GC (Allocation Failure) [PSYoungGen: 70016K->1376K(70656K)] 398833K->330193K(738304K), 0.0018314 secs] [Times: user=0.01 sys=0.00, real=0.00 secs] 
665.619: [GC (Allocation Failure) [PSYoungGen: 69984K->1533K(70656K)] 398801K->330350K(738304K), 0.0017903 secs] [Times: user=0.00 sys=0.00, real=0.00 secs] 
666.035: [GC (Allocation Failure) [PSYoungGen: 70141K->1552K(70656K)] 398958K->330369K(738304K), 0.0016672 secs] [Times: user=0.01 sys=0.00, real=0.00 secs] 
666.448: [GC (Allocation Failure) [PSYoungGen: 70160K->1565K(70656K)] 398977K->330382K(738304K), 0.0016975 secs] [Times: user=0.01 sys=0.00, real=0.00 secs] 
666.804: [GC (Allocation Failure) [PSYoungGen: 70173K->1472K(70656K)] 398990K->330297K(738304K), 0.0030744 secs] [Times: user=0.02 sys=0.00, real=0.00 secs] 
667.300: [GC (Allocation Failure) [PSYoungGen: 70080K->1424K(70656K)] 398905K->330249K(738304K), 0.0017467 secs] [Times: user=0.01 sys=0.00, real=0.00 secs] 
667.857: [GC (Allocation Failure) [PSYoungGen: 70032K->1408K(70656K)] 398857K->330233K(738304K), 0.0017810 secs] [Times: user=0.01 sys=0.00, real=0.00 secs] 
668.419: [GC (Allocation Failure) [PSYoungGen: 70016K->1408K(70656K)] 398841K->330233K(738304K), 0.0016378 secs] [Times: user=0.01 sys=0.00, real=0.00 secs] 
668.906: [GC (Allocation Failure) [PSYoungGen: 70016K->1485K(70656K)] 398841K->330310K(738304K), 0.0015186 secs] [Times: user=0.01 sys=0.00, real=0.00 secs] 
669.384: [GC (Allocation Failure) [PSYoungGen: 70093K->1581K(70656K)] 398918K->330406K(738304K), 0.0018196 secs] [Times: user=0.01 sys=0.00, real=0.00 secs] 
669.861: [GC (Allocation Failure) [PSYoungGen: 70189K->1565K(70656K)] 399014K->330390K(738304K), 0.0017712 secs] [Times: user=0.01 sys=0.00, real=0.00 secs] 
670.278: [GC (Allocation Failure) [PSYoungGen: 70173K->1501K(70656K)] 398998K->330350K(738304K), 0.0019432 secs] [Times: user=0.00 sys=0.00, real=0.00 secs] 
670.671: [GC (Allocation Failure) [PSYoungGen: 70109K->1376K(70656K)] 398958K->330225K(738304K), 0.0020904 secs] [Times: user=0.01 sys=0.00, real=0.00 secs] 
671.019: [GC (Allocation Failure) [PSYoungGen: 69984K->1408K(70656K)] 398833K->330257K(738304K), 0.0016984 secs] [Times: user=0.01 sys=0.00, real=0.00 secs] 
671.379: [GC (Allocation Failure) [PSYoungGen: 70016K->1376K(70656K)] 398865K->330225K(738304K), 0.0018209 secs] [Times: user=0.01 sys=0.00, real=0.00 secs] 
672.096: [GC (Allocation Failure) [PSYoungGen: 69984K->1408K(70656K)] 398833K->330257K(738304K), 0.0023323 secs] [Times: user=0.00 sys=0.00, real=0.00 secs] 
672.690: [GC (Allocation Failure) [PSYoungGen: 70016K->1549K(70656K)] 398865K->330398K(738304K), 0.0016174 secs] [Times: user=0.01 sys=0.00, real=0.00 secs] 
673.180: [GC (Allocation Failure) [PSYoungGen: 70157K->1552K(70656K)] 399006K->330401K(738304K), 0.0017870 secs] [Times: user=0.00 sys=0.00, real=0.00 secs] 
673.653: [GC (Allocation Failure) [PSYoungGen: 70160K->1552K(70656K)] 399009K->330401K(738304K), 0.0017528 secs] [Times: user=0.01 sys=0.00, real=0.00 secs] 
674.236: [GC (Allocation Failure) [PSYoungGen: 70160K->1536K(70656K)] 399009K->330385K(738304K), 0.0021909 secs] [Times: user=0.00 sys=0.00, real=0.00 secs] 
674.689: [GC (Allocation Failure) [PSYoungGen: 70144K->1376K(70656K)] 398993K->330225K(738304K), 0.0019249 secs] [Times: user=0.01 sys=0.00, real=0.00 secs] 
674.974: [GC (Allocation Failure) [PSYoungGen: 69984K->1376K(70656K)] 398833K->330225K(738304K), 0.0020910 secs] [Times: user=0.01 sys=0.00, real=0.00 secs] 
675.259: [GC (Allocation Failure) [PSYoungGen: 69984K->1408K(70656K)] 398833K->330257K(738304K), 0.0019173 secs] [Times: user=0.01 sys=0.00, real=0.00 secs] 
675.565: [GC (Allocation Failure) [PSYoungGen: 70016K->1485K(70656K)] 398865K->330334K(738304K), 0.0017988 secs] [Times: user=0.01 sys=0.00, real=0.00 secs] 
675.985: [GC (Allocation Failure) [PSYoungGen: 70093K->1536K(70656K)] 398942K->330385K(738304K), 0.0016336 secs] [Times: user=0.01 sys=0.00, real=0.00 secs] 
676.467: [GC (Allocation Failure) [PSYoungGen: 70144K->1581K(70656K)] 398993K->330430K(738304K), 0.0017337 secs] [Times: user=0.01 sys=0.00, real=0.00 secs] 
676.885: [GC (Allocation Failure) [PSYoungGen: 70189K->1565K(70656K)] 399038K->330414K(738304K), 0.0018178 secs] [Times: user=0.01 sys=0.00, real=0.00 secs] 
677.269: [GC (Allocation Failure) [PSYoungGen: 70173K->1472K(70656K)] 399022K->330321K(738304K), 0.0018577 secs] [Times: user=0.01 sys=0.00, real=0.00 secs] 
677.554: [GC (Allocation Failure) [PSYoungGen: 70080K->1408K(70656K)] 398929K->330257K(738304K), 0.0017317 secs] [Times: user=0.01 sys=0.00, real=0.00 secs] 
677.839: [GC (Allocation Failure) [PSYoungGen: 70016K->1312K(70656K)] 398865K->330161K(738304K), 0.0017899 secs] [Times: user=0.01 sys=0.00, real=0.00 secs] 
678.124: [GC (Allocation Failure) [PSYoungGen: 69920K->1376K(70656K)] 398769K->330225K(738304K), 0.0022758 secs] [Times: user=0.01 sys=0.00, real=0.00 secs] 
678.550: [GC (Allocation Failure) [PSYoungGen: 69984K->1453K(70656K)] 398833K->330302K(738304K), 0.0015680 secs] [Times: user=0.00 sys=0.00, real=0.00 secs] 
678.962: [GC (Allocation Failure) [PSYoungGen: 70061K->1549K(70656K)] 398910K->330422K(738304K), 0.0017784 secs] [Times: user=0.01 sys=0.00, real=0.01 secs] 
679.375: [GC (Allocation Failure) [PSYoungGen: 70157K->1581K(70656K)] 399030K->330454K(738304K), 0.0016762 secs] [Times: user=0.01 sys=0.00, real=0.00 secs] 
679.789: [GC (Allocation Failure) [PSYoungGen: 70189K->1581K(70656K)] 399062K->330470K(738304K), 0.0016473 secs] [Times: user=0.00 sys=0.00, real=0.00 secs] 
680.182: [GC (Allocation Failure) [PSYoungGen: 70189K->1440K(70656K)] 399078K->330329K(738304K), 0.0018820 secs] [Times: user=0.01 sys=0.00, real=0.01 secs] 
680.707: [GC (Allocation Failure) [PSYoungGen: 70048K->1376K(70656K)] 398937K->330265K(738304K), 0.0020096 secs] [Times: user=0.01 sys=0.00, real=0.00 secs] 
681.245: [GC (Allocation Failure) [PSYoungGen: 69984K->1312K(70656K)] 398873K->330201K(738304K), 0.0020175 secs] [Times: user=0.01 sys=0.00, real=0.00 secs] 
681.821: [GC (Allocation Failure) [PSYoungGen: 69920K->1392K(70656K)] 398809K->330281K(738304K), 0.0021384 secs] [Times: user=0.01 sys=0.00, real=0.01 secs] 
682.326: [GC (Allocation Failure) [PSYoungGen: 70000K->1549K(70656K)] 398889K->330438K(738304K), 0.0016432 secs] [Times: user=0.00 sys=0.00, real=0.00 secs] 
682.739: [GC (Allocation Failure) [PSYoungGen: 70157K->1581K(70656K)] 399046K->330470K(738304K), 0.0016263 secs] [Times: user=0.00 sys=0.00, real=0.00 secs] 
683.226: [GC (Allocation Failure) [PSYoungGen: 70189K->1520K(70656K)] 399078K->330409K(738304K), 0.0017735 secs] [Times: user=0.01 sys=0.00, real=0.00 secs] 
683.776: [GC (Allocation Failure) [PSYoungGen: 70128K->1504K(70656K)] 399017K->330393K(738304K), 0.0023001 secs] [Times: user=0.00 sys=0.00, real=0.00 secs] 
684.423: [GC (Allocation Failure) [PSYoungGen: 70112K->1376K(70656K)] 399001K->330265K(738304K), 0.0023680 secs] [Times: user=0.00 sys=0.00, real=0.00 secs] 
684.964: [GC (Allocation Failure) [PSYoungGen: 69984K->1392K(70656K)] 398873K->330289K(738304K), 0.0019506 secs] [Times: user=0.01 sys=0.00, real=0.00 secs] 
685.513: [GC (Allocation Failure) [PSYoungGen: 70000K->1376K(70656K)] 398897K->330273K(738304K), 0.0019681 secs] [Times: user=0.01 sys=0.00, real=0.01 secs] 
686.098: [GC (Allocation Failure) [PSYoungGen: 69984K->1453K(70656K)] 398881K->330350K(738304K), 0.0016259 secs] [Times: user=0.01 sys=0.00, real=0.00 secs] 
686.510: [GC (Allocation Failure) [PSYoungGen: 70061K->1549K(70656K)] 398958K->330446K(738304K), 0.0017581 secs] [Times: user=0.00 sys=0.00, real=0.00 secs] 
686.923: [GC (Allocation Failure) [PSYoungGen: 70157K->1501K(70656K)] 399054K->330398K(738304K), 0.0017030 secs] [Times: user=0.00 sys=0.00, real=0.01 secs] 
687.337: [GC (Allocation Failure) [PSYoungGen: 70109K->1549K(70656K)] 399006K->330446K(738304K), 0.0016915 secs] [Times: user=0.01 sys=0.00, real=0.00 secs] 
687.725: [GC (Allocation Failure) [PSYoungGen: 70157K->1472K(70656K)] 399054K->330369K(738304K), 0.0018574 secs] [Times: user=0.00 sys=0.00, real=0.00 secs] 
688.011: [GC (Allocation Failure) [PSYoungGen: 70080K->1408K(70656K)] 398977K->330305K(738304K), 0.0016831 secs] [Times: user=0.01 sys=0.00, real=0.00 secs] 
688.297: [GC (Allocation Failure) [PSYoungGen: 70016K->1408K(70656K)] 398913K->330305K(738304K), 0.0029922 secs] [Times: user=0.01 sys=0.00, real=0.00 secs] 
688.583: [GC (Allocation Failure) [PSYoungGen: 70016K->1360K(70656K)] 398913K->330257K(738304K), 0.0024218 secs] [Times: user=0.01 sys=0.00, real=0.01 secs] 
688.983: [GC (Allocation Failure) [PSYoungGen: 69968K->1501K(70656K)] 398865K->330398K(738304K), 0.0016168 secs] [Times: user=0.01 sys=0.00, real=0.00 secs] 
689.396: [GC (Allocation Failure) [PSYoungGen: 70109K->1549K(70656K)] 399006K->330446K(738304K), 0.0016669 secs] [Times: user=0.01 sys=0.00, real=0.00 secs] 
689.808: [GC (Allocation Failure) [PSYoungGen: 70157K->1549K(70656K)] 399054K->330462K(738304K), 0.0016700 secs] [Times: user=0.00 sys=0.00, real=0.00 secs] 
690.220: [GC (Allocation Failure) [PSYoungGen: 70157K->1581K(70656K)] 399070K->330502K(738304K), 0.0016721 secs] [Times: user=0.00 sys=0.00, real=0.00 secs] 
690.881: [GC (Allocation Failure) [PSYoungGen: 70189K->1424K(70656K)] 399110K->330345K(738304K), 0.0017946 secs] [Times: user=0.00 sys=0.00, real=0.00 secs] 
691.204: [GC (Allocation Failure) [PSYoungGen: 70032K->1408K(70656K)] 398953K->330329K(738304K), 0.0017992 secs] [Times: user=0.01 sys=0.00, real=0.00 secs] 
691.489: [GC (Allocation Failure) [PSYoungGen: 70016K->1360K(70656K)] 398937K->330281K(738304K), 0.0020163 secs] [Times: user=0.01 sys=0.00, real=0.00 secs] 
691.774: [GC (Allocation Failure) [PSYoungGen: 69968K->1376K(70656K)] 398889K->330297K(738304K), 0.0017923 secs] [Times: user=0.01 sys=0.00, real=0.00 secs] 
692.197: [GC (Allocation Failure) [PSYoungGen: 69984K->1549K(70656K)] 398905K->330470K(738304K), 0.0016642 secs] [Times: user=0.01 sys=0.00, real=0.00 secs] 
692.610: [GC (Allocation Failure) [PSYoungGen: 70157K->1533K(70656K)] 399078K->330454K(738304K), 0.0016294 secs] [Times: user=0.01 sys=0.00, real=0.00 secs] 
693.101: [GC (Allocation Failure) [PSYoungGen: 70141K->1552K(70656K)] 399062K->330473K(738304K), 0.0016326 secs] [Times: user=0.01 sys=0.00, real=0.01 secs] 
693.502: [GC (Allocation Failure) [PSYoungGen: 70160K->1504K(70656K)] 399081K->330425K(738304K), 0.0020638 secs] [Times: user=0.01 sys=0.00, real=0.01 secs] 
693.788: [GC (Allocation Failure) [PSYoungGen: 70112K->1392K(70656K)] 399033K->330313K(738304K), 0.0020277 secs] [Times: user=0.01 sys=0.00, real=0.00 secs] 
694.074: [GC (Allocation Failure) [PSYoungGen: 70000K->1344K(70656K)] 398921K->330265K(738304K), 0.0020221 secs] [Times: user=0.01 sys=0.00, real=0.00 secs] 
694.359: [GC (Allocation Failure) [PSYoungGen: 69952K->1376K(70656K)] 398873K->330297K(738304K), 0.0020620 secs] [Times: user=0.01 sys=0.00, real=0.00 secs] 
694.704: [GC (Allocation Failure) [PSYoungGen: 69984K->1485K(70656K)] 398905K->330406K(738304K), 0.0015448 secs] [Times: user=0.00 sys=0.00, real=0.00 secs] 
695.116: [GC (Allocation Failure) [PSYoungGen: 70093K->1549K(70656K)] 399014K->330470K(738304K), 0.0015885 secs] [Times: user=0.01 sys=0.00, real=0.00 secs] 
695.528: [GC (Allocation Failure) [PSYoungGen: 70157K->1549K(70656K)] 399078K->330470K(738304K), 0.0016530 secs] [Times: user=0.01 sys=0.00, real=0.00 secs] 
695.942: [GC (Allocation Failure) [PSYoungGen: 70157K->1581K(70656K)] 399078K->330502K(738304K), 0.0016671 secs] [Times: user=0.00 sys=0.00, real=0.01 secs] 
696.333: [GC (Allocation Failure) [PSYoungGen: 70189K->1440K(70656K)] 399110K->330381K(738304K), 0.0017958 secs] [Times: user=0.01 sys=0.01, real=0.00 secs] 
696.619: [GC (Allocation Failure) [PSYoungGen: 70048K->1408K(70656K)] 398989K->330349K(738304K), 0.0018064 secs] [Times: user=0.01 sys=0.00, real=0.00 secs] 
696.904: [GC (Allocation Failure) [PSYoungGen: 70016K->1408K(70656K)] 398957K->330349K(738304K), 0.0017425 secs] [Times: user=0.01 sys=0.00, real=0.00 secs] 
697.189: [GC (Allocation Failure) [PSYoungGen: 70016K->1376K(70656K)] 398957K->330317K(738304K), 0.0017423 secs] [Times: user=0.01 sys=0.00, real=0.00 secs] 
697.892: [GC (Allocation Failure) [PSYoungGen: 69984K->1549K(70656K)] 398925K->330490K(738304K), 0.0016346 secs] [Times: user=0.01 sys=0.00, real=0.01 secs] 
698.305: [GC (Allocation Failure) [PSYoungGen: 70145K->1533K(70656K)] 399087K->330474K(738304K), 0.0017104 secs] [Times: user=0.00 sys=0.00, real=0.00 secs] 
698.719: [GC (Allocation Failure) [PSYoungGen: 70141K->1581K(70656K)] 399082K->330546K(738304K), 0.0016761 secs] [Times: user=0.01 sys=0.00, real=0.00 secs] 
699.257: [GC (Allocation Failure) [PSYoungGen: 70189K->1552K(70656K)] 399154K->330525K(738304K), 0.0020087 secs] [Times: user=0.01 sys=0.00, real=0.00 secs] 
700.061: [GC (Allocation Failure) [PSYoungGen: 70160K->1408K(70656K)] 399133K->330381K(738304K), 0.0027407 secs] [Times: user=0.01 sys=0.00, real=0.01 secs] 
700.650: [GC (Allocation Failure) [PSYoungGen: 70016K->1376K(70656K)] 398989K->330349K(738304K), 0.0028111 secs] [Times: user=0.01 sys=0.00, real=0.00 secs] 
701.339: [GC (Allocation Failure) [PSYoungGen: 69984K->1408K(70656K)] 398957K->330381K(738304K), 0.0026552 secs] [Times: user=0.01 sys=0.00, real=0.00 secs] 
701.977: [GC (Allocation Failure) [PSYoungGen: 70016K->1408K(70656K)] 398989K->330381K(738304K), 0.0026979 secs] [Times: user=0.01 sys=0.00, real=0.00 secs] 
702.572: [GC (Allocation Failure) [PSYoungGen: 70016K->1549K(70656K)] 398989K->330522K(738304K), 0.0016383 secs] [Times: user=0.01 sys=0.00, real=0.01 secs] 
703.046: [GC (Allocation Failure) [PSYoungGen: 70157K->1533K(70656K)] 399130K->330514K(738304K), 0.0017642 secs] [Times: user=0.01 sys=0.00, real=0.00 secs] 
703.461: [GC (Allocation Failure) [PSYoungGen: 70141K->1552K(70656K)] 399122K->330533K(738304K), 0.0017928 secs] [Times: user=0.00 sys=0.00, real=0.00 secs] 
704.087: [GC (Allocation Failure) [PSYoungGen: 70160K->1504K(70656K)] 399141K->330493K(738304K), 0.0028773 secs] [Times: user=0.01 sys=0.00, real=0.00 secs] 
704.637: [GC (Allocation Failure) [PSYoungGen: 70112K->1408K(70656K)] 399101K->330397K(738304K), 0.0026994 secs] [Times: user=0.01 sys=0.00, real=0.00 secs] 
705.146: [GC (Allocation Failure) [PSYoungGen: 70016K->1376K(70656K)] 399005K->330365K(738304K), 0.0027038 secs] [Times: user=0.01 sys=0.00, real=0.00 secs] 
705.639: [GC (Allocation Failure) [PSYoungGen: 69984K->1376K(70656K)] 398973K->330365K(738304K), 0.0027166 secs] [Times: user=0.01 sys=0.00, real=0.00 secs] 
706.296: [GC (Allocation Failure) [PSYoungGen: 69984K->1453K(70656K)] 398973K->330442K(738304K), 0.0015821 secs] [Times: user=0.01 sys=0.00, real=0.00 secs] 
706.708: [GC (Allocation Failure) [PSYoungGen: 70061K->1533K(70656K)] 399050K->330522K(738304K), 0.0016182 secs] [Times: user=0.01 sys=0.00, real=0.00 secs] 
707.121: [GC (Allocation Failure) [PSYoungGen: 70141K->1581K(70656K)] 399130K->330570K(738304K), 0.0016979 secs] [Times: user=0.01 sys=0.00, real=0.01 secs] 
707.536: [GC (Allocation Failure) [PSYoungGen: 70189K->1581K(70656K)] 399178K->330578K(738304K), 0.0016779 secs] [Times: user=0.00 sys=0.00, real=0.00 secs] 
708.101: [GC (Allocation Failure) [PSYoungGen: 70189K->1456K(70656K)] 399186K->330453K(738304K), 0.0018757 secs] [Times: user=0.01 sys=0.00, real=0.01 secs] 
708.655: [GC (Allocation Failure) [PSYoungGen: 70064K->1440K(70656K)] 399061K->330437K(738304K), 0.0041476 secs] [Times: user=0.01 sys=0.00, real=0.00 secs] 
709.215: [GC (Allocation Failure) [PSYoungGen: 70048K->1408K(70656K)] 399045K->330405K(738304K), 0.0024707 secs] [Times: user=0.00 sys=0.00, real=0.00 secs] 
709.679: [GC (Allocation Failure) [PSYoungGen: 70016K->1376K(70656K)] 399013K->330373K(738304K), 0.0019666 secs] [Times: user=0.01 sys=0.00, real=0.00 secs] 
710.094: [GC (Allocation Failure) [PSYoungGen: 69984K->1469K(70656K)] 398981K->330466K(738304K), 0.0016483 secs] [Times: user=0.00 sys=0.00, real=0.00 secs] 
710.506: [GC (Allocation Failure) [PSYoungGen: 70077K->1549K(70656K)] 399074K->330570K(738304K), 0.0016824 secs] [Times: user=0.01 sys=0.00, real=0.00 secs] 
710.919: [GC (Allocation Failure) [PSYoungGen: 70157K->1581K(70656K)] 399178K->330602K(738304K), 0.0016204 secs] [Times: user=0.01 sys=0.00, real=0.00 secs] 
711.364: [GC (Allocation Failure) [PSYoungGen: 70189K->2016K(70656K)] 399210K->331061K(738304K), 0.0019502 secs] [Times: user=0.01 sys=0.00, real=0.00 secs] 
712.112: [GC (Allocation Failure) [PSYoungGen: 70624K->1408K(70656K)] 399669K->330453K(738304K), 0.0027264 secs] [Times: user=0.01 sys=0.00, real=0.01 secs] 
712.890: [GC (Allocation Failure) [PSYoungGen: 70016K->1376K(70656K)] 399061K->330421K(738304K), 0.0037116 secs] [Times: user=0.01 sys=0.00, real=0.01 secs] 
713.579: [GC (Allocation Failure) [PSYoungGen: 69984K->1376K(70656K)] 399029K->330421K(738304K), 0.0027358 secs] [Times: user=0.01 sys=0.00, real=0.00 secs] 
714.421: [GC (Allocation Failure) [PSYoungGen: 69860K->240K(70656K)] 398906K->329285K(738304K), 0.0032518 secs] [Times: user=0.01 sys=0.00, real=0.01 secs] 
714.946: [GC (Allocation Failure) [PSYoungGen: 68848K->1552K(70656K)] 397893K->330597K(738304K), 0.0017214 secs] [Times: user=0.01 sys=0.00, real=0.00 secs] 
715.360: [GC (Allocation Failure) [PSYoungGen: 70160K->1501K(70656K)] 399205K->330546K(738304K), 0.0017692 secs] [Times: user=0.01 sys=0.00, real=0.00 secs] 
715.773: [GC (Allocation Failure) [PSYoungGen: 70109K->1584K(70656K)] 399154K->330629K(738304K), 0.0017715 secs] [Times: user=0.00 sys=0.00, real=0.00 secs] 
716.129: [GC (Allocation Failure) [PSYoungGen: 70192K->1488K(70656K)] 399237K->330533K(738304K), 0.0015632 secs] [Times: user=0.01 sys=0.00, real=0.00 secs] 
716.473: [GC (Allocation Failure) [PSYoungGen: 70096K->1376K(70656K)] 399141K->330421K(738304K), 0.0016130 secs] [Times: user=0.01 sys=0.00, real=0.00 secs] 
716.945: [GC (Allocation Failure) [PSYoungGen: 69984K->1408K(70656K)] 399029K->330453K(738304K), 0.0016807 secs] [Times: user=0.01 sys=0.00, real=0.00 secs] 
717.399: [GC (Allocation Failure) [PSYoungGen: 70016K->1376K(70656K)] 399061K->330421K(738304K), 0.0018327 secs] [Times: user=0.01 sys=0.00, real=0.00 secs] 
718.164: [GC (Allocation Failure) [PSYoungGen: 69984K->1456K(70656K)] 399029K->330501K(738304K), 0.0015852 secs] [Times: user=0.00 sys=0.00, real=0.00 secs] 
718.579: [GC (Allocation Failure) [PSYoungGen: 70064K->1485K(70656K)] 399109K->330530K(738304K), 0.0017620 secs] [Times: user=0.01 sys=0.00, real=0.00 secs] 
719.050: [GC (Allocation Failure) [PSYoungGen: 70093K->1549K(70656K)] 399138K->330594K(738304K), 0.0017118 secs] [Times: user=0.00 sys=0.00, real=0.00 secs] 
719.522: [GC (Allocation Failure) [PSYoungGen: 70157K->1472K(70656K)] 399202K->330533K(738304K), 0.0018206 secs] [Times: user=0.01 sys=0.00, real=0.01 secs] 
719.958: [GC (Allocation Failure) [PSYoungGen: 70080K->1440K(70656K)] 399141K->330501K(738304K), 0.0020315 secs] [Times: user=0.01 sys=0.00, real=0.00 secs] 
720.243: [GC (Allocation Failure) [PSYoungGen: 70048K->1408K(70656K)] 399109K->330469K(738304K), 0.0020860 secs] [Times: user=0.01 sys=0.00, real=0.01 secs] 
720.528: [GC (Allocation Failure) [PSYoungGen: 70016K->1376K(70656K)] 399077K->330461K(738304K), 0.0018526 secs] [Times: user=0.01 sys=0.00, real=0.00 secs] 
720.812: [GC (Allocation Failure) [PSYoungGen: 69984K->1408K(70656K)] 399069K->330493K(738304K), 0.0018276 secs] [Times: user=0.01 sys=0.00, real=0.01 secs] 
721.211: [GC (Allocation Failure) [PSYoungGen: 70016K->1469K(70656K)] 399101K->330554K(738304K), 0.0016963 secs] [Times: user=0.01 sys=0.00, real=0.01 secs] 
721.625: [GC (Allocation Failure) [PSYoungGen: 70072K->1549K(70656K)] 399157K->330634K(738304K), 0.0016927 secs] [Times: user=0.00 sys=0.00, real=0.00 secs] 
722.040: [GC (Allocation Failure) [PSYoungGen: 70157K->1581K(70656K)] 399242K->330666K(738304K), 0.0016244 secs] [Times: user=0.01 sys=0.00, real=0.00 secs] 
722.549: [GC (Allocation Failure) [PSYoungGen: 70189K->1536K(70656K)] 399274K->330645K(738304K), 0.0018749 secs] [Times: user=0.00 sys=0.00, real=0.00 secs] 
722.888: [GC (Allocation Failure) [PSYoungGen: 70144K->1328K(70656K)] 399253K->330437K(738304K), 0.0019964 secs] [Times: user=0.00 sys=0.00, real=0.00 secs] 
723.276: [GC (Allocation Failure) [PSYoungGen: 69936K->1376K(70656K)] 399045K->330485K(738304K), 0.0020154 secs] [Times: user=0.01 sys=0.00, real=0.00 secs] 
723.955: [GC (Allocation Failure) [PSYoungGen: 69984K->1376K(70656K)] 399093K->330485K(738304K), 0.0020986 secs] [Times: user=0.01 sys=0.00, real=0.00 secs] 
724.507: [GC (Allocation Failure) [PSYoungGen: 69984K->1424K(70656K)] 399093K->330533K(738304K), 0.0020592 secs] [Times: user=0.00 sys=0.00, real=0.00 secs] 
724.942: [GC (Allocation Failure) [PSYoungGen: 70032K->1520K(70656K)] 399141K->330629K(738304K), 0.0016793 secs] [Times: user=0.01 sys=0.00, real=0.01 secs] 
725.357: [GC (Allocation Failure) [PSYoungGen: 70128K->1552K(70656K)] 399237K->330661K(738304K), 0.0016794 secs] [Times: user=0.00 sys=0.00, real=0.00 secs] 
725.768: [GC (Allocation Failure) [PSYoungGen: 70160K->1552K(70656K)] 399269K->330661K(738304K), 0.0017109 secs] [Times: user=0.01 sys=0.00, real=0.00 secs] 
726.161: [GC (Allocation Failure) [PSYoungGen: 70160K->1472K(70656K)] 399269K->330589K(738304K), 0.0016697 secs] [Times: user=0.00 sys=0.00, real=0.01 secs] 
726.446: [GC (Allocation Failure) [PSYoungGen: 70080K->1408K(70656K)] 399197K->330525K(738304K), 0.0017528 secs] [Times: user=0.01 sys=0.00, real=0.00 secs] 
726.733: [GC (Allocation Failure) [PSYoungGen: 70016K->1408K(70656K)] 399133K->330525K(738304K), 0.0021503 secs] [Times: user=0.01 sys=0.00, real=0.01 secs] 
727.018: [GC (Allocation Failure) [PSYoungGen: 70016K->1376K(70656K)] 399133K->330493K(738304K), 0.0021818 secs] [Times: user=0.00 sys=0.00, real=0.00 secs] 
727.411: [GC (Allocation Failure) [PSYoungGen: 69984K->1517K(70656K)] 399101K->330634K(738304K), 0.0016148 secs] [Times: user=0.01 sys=0.00, real=0.00 secs] 
727.822: [GC (Allocation Failure) [PSYoungGen: 70125K->1549K(70656K)] 399242K->330666K(738304K), 0.0016492 secs] [Times: user=0.01 sys=0.00, real=0.01 secs] 
728.236: [GC (Allocation Failure) [PSYoungGen: 70157K->1552K(70656K)] 399274K->330677K(738304K), 0.0017032 secs] [Times: user=0.00 sys=0.00, real=0.00 secs] 
728.651: [GC (Allocation Failure) [PSYoungGen: 70160K->1549K(70656K)] 399285K->330690K(738304K), 0.0016444 secs] [Times: user=0.01 sys=0.00, real=0.00 secs] 
729.103: [GC (Allocation Failure) [PSYoungGen: 70157K->1408K(70656K)] 399298K->330549K(738304K), 0.0019473 secs] [Times: user=0.00 sys=0.01, real=0.01 secs] 
729.410: [GC (Allocation Failure) [PSYoungGen: 70016K->1408K(70656K)] 399157K->330565K(738304K), 0.0019303 secs] [Times: user=0.01 sys=0.00, real=0.00 secs] 
729.977: [GC (Allocation Failure) [PSYoungGen: 70016K->1376K(70656K)] 399173K->330541K(738304K), 0.0022636 secs] [Times: user=0.01 sys=0.00, real=0.00 secs] 
730.520: [GC (Allocation Failure) [PSYoungGen: 69984K->1376K(70656K)] 399149K->330541K(738304K), 0.0021390 secs] [Times: user=0.01 sys=0.00, real=0.00 secs] 
731.019: [GC (Allocation Failure) [PSYoungGen: 69984K->1533K(70656K)] 399149K->330698K(738304K), 0.0016715 secs] [Times: user=0.00 sys=0.00, real=0.00 secs] 
731.432: [GC (Allocation Failure) [PSYoungGen: 70141K->1565K(70656K)] 399306K->330730K(738304K), 0.0016715 secs] [Times: user=0.01 sys=0.00, real=0.01 secs] 
731.844: [GC (Allocation Failure) [PSYoungGen: 70173K->1533K(70656K)] 399338K->330698K(738304K), 0.0016535 secs] [Times: user=0.01 sys=0.00, real=0.00 secs] 
732.255: [GC (Allocation Failure) [PSYoungGen: 70141K->1472K(70656K)] 399306K->330645K(738304K), 0.0019472 secs] [Times: user=0.01 sys=0.00, real=0.00 secs] 
732.541: [GC (Allocation Failure) [PSYoungGen: 70080K->1376K(70656K)] 399253K->330549K(738304K), 0.0017086 secs] [Times: user=0.00 sys=0.00, real=0.00 secs] 
732.851: [GC (Allocation Failure) [PSYoungGen: 69984K->1408K(70656K)] 399157K->330581K(738304K), 0.0028549 secs] [Times: user=0.01 sys=0.00, real=0.01 secs] 
733.139: [GC (Allocation Failure) [PSYoungGen: 70016K->1344K(70656K)] 399189K->330517K(738304K), 0.0021733 secs] [Times: user=0.00 sys=0.00, real=0.00 secs] 
733.505: [GC (Allocation Failure) [PSYoungGen: 69952K->1437K(70656K)] 399125K->330610K(738304K), 0.0015599 secs] [Times: user=0.01 sys=0.00, real=0.00 secs] 
733.920: [GC (Allocation Failure) [PSYoungGen: 70045K->1469K(70656K)] 399218K->330642K(738304K), 0.0015720 secs] [Times: user=0.01 sys=0.00, real=0.00 secs] 
734.336: [GC (Allocation Failure) [PSYoungGen: 70077K->1549K(70656K)] 399250K->330722K(738304K), 0.0016122 secs] [Times: user=0.00 sys=0.00, real=0.00 secs] 
734.811: [GC (Allocation Failure) [PSYoungGen: 70157K->1533K(70656K)] 399330K->330706K(738304K), 0.0017899 secs] [Times: user=0.01 sys=0.00, real=0.01 secs] 
735.484: [GC (Allocation Failure) [PSYoungGen: 70141K->1440K(70656K)] 399314K->330613K(738304K), 0.0028582 secs] [Times: user=0.01 sys=0.00, real=0.00 secs] 
736.185: [GC (Allocation Failure) [PSYoungGen: 70048K->1344K(70656K)] 399221K->330525K(738304K), 0.0033453 secs] [Times: user=0.01 sys=0.00, real=0.00 secs] 
736.727: [GC (Allocation Failure) [PSYoungGen: 69952K->1376K(70656K)] 399133K->330557K(738304K), 0.0022427 secs] [Times: user=0.01 sys=0.00, real=0.00 secs] 
737.075: [GC (Allocation Failure) [PSYoungGen: 69984K->1344K(70656K)] 399165K->330525K(738304K), 0.0019750 secs] [Times: user=0.00 sys=0.00, real=0.00 secs] 
737.500: [GC (Allocation Failure) [PSYoungGen: 69952K->1549K(70656K)] 399133K->330730K(738304K), 0.0015919 secs] [Times: user=0.00 sys=0.00, real=0.00 secs] 
737.914: [GC (Allocation Failure) [PSYoungGen: 70157K->1549K(70656K)] 399338K->330730K(738304K), 0.0016793 secs] [Times: user=0.01 sys=0.00, real=0.00 secs] 
738.329: [GC (Allocation Failure) [PSYoungGen: 70157K->1549K(70656K)] 399338K->330730K(738304K), 0.0016534 secs] [Times: user=0.01 sys=0.00, real=0.00 secs] 
738.744: [GC (Allocation Failure) [PSYoungGen: 70157K->1549K(70656K)] 399338K->330738K(738304K), 0.0017133 secs] [Times: user=0.00 sys=0.00, real=0.00 secs] 
739.731: [GC (Allocation Failure) [PSYoungGen: 70157K->1408K(70656K)] 399346K->330597K(738304K), 0.0019789 secs] [Times: user=0.00 sys=0.00, real=0.00 secs] 
740.283: [GC (Allocation Failure) [PSYoungGen: 70016K->1408K(70656K)] 399205K->330597K(738304K), 0.0021029 secs] [Times: user=0.00 sys=0.00, real=0.01 secs] 
740.568: [GC (Allocation Failure) [PSYoungGen: 70016K->1376K(70656K)] 399205K->330581K(738304K), 0.0019794 secs] [Times: user=0.01 sys=0.00, real=0.00 secs] 
740.853: [GC (Allocation Failure) [PSYoungGen: 69984K->1376K(70656K)] 399189K->330581K(738304K), 0.0019068 secs] [Times: user=0.00 sys=0.00, real=0.00 secs] 
741.277: [GC (Allocation Failure) [PSYoungGen: 69984K->1501K(70656K)] 399189K->330706K(738304K), 0.0017363 secs] [Times: user=0.01 sys=0.00, real=0.00 secs] 
741.692: [GC (Allocation Failure) [PSYoungGen: 70109K->1549K(70656K)] 399314K->330754K(738304K), 0.0016922 secs] [Times: user=0.00 sys=0.00, real=0.01 secs] 
742.106: [GC (Allocation Failure) [PSYoungGen: 70157K->1549K(70656K)] 399362K->330754K(738304K), 0.0016275 secs] [Times: user=0.01 sys=0.00, real=0.00 secs] 
742.507: [GC (Allocation Failure) [PSYoungGen: 70157K->1472K(70656K)] 399362K->330685K(738304K), 0.0017889 secs] [Times: user=0.01 sys=0.00, real=0.00 secs] 
742.792: [GC (Allocation Failure) [PSYoungGen: 70080K->1408K(70656K)] 399293K->330621K(738304K), 0.0016261 secs] [Times: user=0.01 sys=0.00, real=0.01 secs] 
743.077: [GC (Allocation Failure) [PSYoungGen: 70016K->1376K(70656K)] 399229K->330589K(738304K), 0.0015851 secs] [Times: user=0.01 sys=0.00, real=0.00 secs] 
743.362: [GC (Allocation Failure) [PSYoungGen: 69984K->1360K(70656K)] 399197K->330573K(738304K), 0.0017628 secs] [Times: user=0.01 sys=0.00, real=0.01 secs] 
743.710: [GC (Allocation Failure) [PSYoungGen: 69968K->1485K(70656K)] 399181K->330698K(738304K), 0.0015877 secs] [Times: user=0.00 sys=0.00, real=0.00 secs] 
744.123: [GC (Allocation Failure) [PSYoungGen: 70093K->1552K(70656K)] 399306K->330765K(738304K), 0.0016490 secs] [Times: user=0.01 sys=0.00, real=0.00 secs] 
744.535: [GC (Allocation Failure) [PSYoungGen: 70160K->1552K(70656K)] 399373K->330765K(738304K), 0.0016379 secs] [Times: user=0.01 sys=0.00, real=0.00 secs] 
744.949: [GC (Allocation Failure) [PSYoungGen: 70160K->1565K(70656K)] 399373K->330778K(738304K), 0.0016624 secs] [Times: user=0.01 sys=0.00, real=0.00 secs] 
746.259: [GC (Allocation Failure) [PSYoungGen: 70173K->1408K(70656K)] 399386K->330629K(738304K), 0.0036192 secs] [Times: user=0.02 sys=0.00, real=0.00 secs] 
746.869: [GC (Allocation Failure) [PSYoungGen: 70016K->1408K(70656K)] 399237K->330629K(738304K), 0.0031038 secs] [Times: user=0.01 sys=0.00, real=0.00 secs] 
747.525: [GC (Allocation Failure) [PSYoungGen: 70016K->1408K(70656K)] 399237K->330629K(738304K), 0.0030598 secs] [Times: user=0.01 sys=0.00, real=0.00 secs] 
748.089: [GC (Allocation Failure) [PSYoungGen: 70016K->1376K(70656K)] 399237K->330597K(738304K), 0.0026560 secs] [Times: user=0.01 sys=0.00, real=0.00 secs] 
748.477: [GC (Allocation Failure) [PSYoungGen: 69984K->1549K(70656K)] 399205K->330770K(738304K), 0.0016352 secs] [Times: user=0.00 sys=0.00, real=0.00 secs] 
748.892: [GC (Allocation Failure) [PSYoungGen: 70147K->1469K(70656K)] 399369K->330690K(738304K), 0.0020306 secs] [Times: user=0.01 sys=0.00, real=0.01 secs] 
749.308: [GC (Allocation Failure) [PSYoungGen: 70077K->1581K(70656K)] 399298K->330802K(738304K), 0.0016596 secs] [Times: user=0.00 sys=0.00, real=0.00 secs] 
749.993: [GC (Allocation Failure) [PSYoungGen: 70189K->1664K(70656K)] 399410K->330893K(738304K), 0.0024802 secs] [Times: user=0.01 sys=0.00, real=0.01 secs] 
750.775: [GC (Allocation Failure) [PSYoungGen: 70272K->1376K(70656K)] 399501K->330605K(738304K), 0.0020639 secs] [Times: user=0.01 sys=0.00, real=0.00 secs] 
751.061: [GC (Allocation Failure) [PSYoungGen: 69984K->1360K(70656K)] 399213K->330613K(738304K), 0.0019379 secs] [Times: user=0.01 sys=0.00, real=0.00 secs] 
751.346: [GC (Allocation Failure) [PSYoungGen: 69968K->1376K(70656K)] 399221K->330629K(738304K), 0.0019141 secs] [Times: user=0.00 sys=0.00, real=0.00 secs] 
751.630: [GC (Allocation Failure) [PSYoungGen: 69984K->1376K(70656K)] 399237K->330629K(738304K), 0.0018947 secs] [Times: user=0.01 sys=0.00, real=0.00 secs] 
752.076: [GC (Allocation Failure) [PSYoungGen: 69984K->1581K(70656K)] 399237K->330834K(738304K), 0.0016382 secs] [Times: user=0.01 sys=0.00, real=0.00 secs] 
752.489: [GC (Allocation Failure) [PSYoungGen: 70189K->1469K(70656K)] 399442K->330722K(738304K), 0.0017098 secs] [Times: user=0.01 sys=0.00, real=0.00 secs] 
752.910: [GC (Allocation Failure) [PSYoungGen: 70077K->1549K(70656K)] 399330K->330802K(738304K), 0.0015922 secs] [Times: user=0.01 sys=0.00, real=0.00 secs] 
753.824: [GC (Allocation Failure) [PSYoungGen: 70157K->1472K(70656K)] 399410K->330733K(738304K), 0.0030584 secs] [Times: user=0.02 sys=0.00, real=0.00 secs] 
754.667: [GC (Allocation Failure) [PSYoungGen: 70080K->1360K(70656K)] 399341K->330621K(738304K), 0.0029947 secs] [Times: user=0.01 sys=0.00, real=0.00 secs] 
755.214: [GC (Allocation Failure) [PSYoungGen: 69968K->1408K(70656K)] 399229K->330669K(738304K), 0.0038655 secs] [Times: user=0.01 sys=0.00, real=0.00 secs] 
755.730: [GC (Allocation Failure) [PSYoungGen: 70016K->1376K(70656K)] 399277K->330637K(738304K), 0.0026257 secs] [Times: user=0.01 sys=0.00, real=0.00 secs] 
756.107: [GC (Allocation Failure) [PSYoungGen: 69984K->1485K(70656K)] 399245K->330746K(738304K), 0.0015700 secs] [Times: user=0.01 sys=0.00, real=0.00 secs] 
756.518: [GC (Allocation Failure) [PSYoungGen: 70093K->1581K(70656K)] 399354K->330842K(738304K), 0.0016482 secs] [Times: user=0.00 sys=0.00, real=0.00 secs] 
756.934: [GC (Allocation Failure) [PSYoungGen: 70189K->1565K(70656K)] 399450K->330826K(738304K), 0.0016606 secs] [Times: user=0.01 sys=0.00, real=0.00 secs] 
757.349: [GC (Allocation Failure) [PSYoungGen: 70173K->1501K(70656K)] 399434K->330770K(738304K), 0.0017921 secs] [Times: user=0.01 sys=0.00, real=0.00 secs] 
757.973: [GC (Allocation Failure) [PSYoungGen: 70109K->1408K(70656K)] 399378K->330677K(738304K), 0.0020097 secs] [Times: user=0.01 sys=0.00, real=0.00 secs] 
758.611: [GC (Allocation Failure) [PSYoungGen: 70016K->1376K(70656K)] 399285K->330645K(738304K), 0.0030505 secs] [Times: user=0.01 sys=0.00, real=0.01 secs] 
759.237: [GC (Allocation Failure) [PSYoungGen: 69984K->1376K(70656K)] 399253K->330645K(738304K), 0.0045646 secs] [Times: user=0.02 sys=0.00, real=0.00 secs] 
759.541: [GC (Allocation Failure) [PSYoungGen: 69984K->1408K(70656K)] 399253K->330677K(738304K), 0.0025080 secs] [Times: user=0.01 sys=0.00, real=0.01 secs] 
759.993: [GC (Allocation Failure) [PSYoungGen: 70016K->1453K(70656K)] 399285K->330722K(738304K), 0.0017509 secs] [Times: user=0.01 sys=0.00, real=0.01 secs] 
760.464: [GC (Allocation Failure) [PSYoungGen: 70061K->1533K(70656K)] 399330K->330802K(738304K), 0.0018191 secs] [Times: user=0.01 sys=0.00, real=0.00 secs] 
760.877: [GC (Allocation Failure) [PSYoungGen: 70141K->1549K(70656K)] 399410K->330818K(738304K), 0.0017533 secs] [Times: user=0.01 sys=0.00, real=0.00 secs] 
761.389: [GC (Allocation Failure) [PSYoungGen: 70157K->1504K(70656K)] 399426K->330789K(738304K), 0.0021660 secs] [Times: user=0.01 sys=0.00, real=0.00 secs] 
761.992: [GC (Allocation Failure) [PSYoungGen: 70112K->1376K(70656K)] 399397K->330661K(738304K), 0.0027698 secs] [Times: user=0.01 sys=0.00, real=0.01 secs] 
762.639: [GC (Allocation Failure) [PSYoungGen: 69984K->1376K(70656K)] 399269K->330661K(738304K), 0.0021803 secs] [Times: user=0.01 sys=0.00, real=0.00 secs] 
763.165: [GC (Allocation Failure) [PSYoungGen: 69984K->1408K(70656K)] 399269K->330693K(738304K), 0.0018518 secs] [Times: user=0.01 sys=0.00, real=0.00 secs] 
763.773: [GC (Allocation Failure) [PSYoungGen: 70016K->1392K(70656K)] 399301K->330677K(738304K), 0.0022484 secs] [Times: user=0.01 sys=0.00, real=0.01 secs] 
764.244: [GC (Allocation Failure) [PSYoungGen: 70000K->1552K(70656K)] 399285K->330837K(738304K), 0.0018051 secs] [Times: user=0.01 sys=0.00, real=0.00 secs] 
764.657: [GC (Allocation Failure) [PSYoungGen: 70160K->1552K(70656K)] 399445K->330837K(738304K), 0.0017368 secs] [Times: user=0.01 sys=0.00, real=0.00 secs] 
765.070: [GC (Allocation Failure) [PSYoungGen: 70160K->1533K(70656K)] 399445K->330818K(738304K), 0.0017423 secs] [Times: user=0.01 sys=0.00, real=0.00 secs] 
766.084: [GC (Allocation Failure) [PSYoungGen: 70141K->1456K(70656K)] 399426K->330741K(738304K), 0.0020867 secs] [Times: user=0.01 sys=0.00, real=0.00 secs] 
766.373: [GC (Allocation Failure) [PSYoungGen: 70064K->1376K(70656K)] 399349K->330661K(738304K), 0.0019377 secs] [Times: user=0.01 sys=0.00, real=0.00 secs] 
766.658: [GC (Allocation Failure) [PSYoungGen: 69984K->1376K(70656K)] 399269K->330661K(738304K), 0.0018350 secs] [Times: user=0.00 sys=0.00, real=0.00 secs] 
766.943: [GC (Allocation Failure) [PSYoungGen: 69984K->1312K(70656K)] 399269K->330597K(738304K), 0.0017354 secs] [Times: user=0.01 sys=0.00, real=0.00 secs] 
767.310: [GC (Allocation Failure) [PSYoungGen: 69920K->1485K(70656K)] 399205K->330770K(738304K), 0.0016275 secs] [Times: user=0.01 sys=0.00, real=0.00 secs] 
767.722: [GC (Allocation Failure) [PSYoungGen: 70093K->1533K(70656K)] 399378K->330818K(738304K), 0.0016628 secs] [Times: user=0.01 sys=0.00, real=0.01 secs] 
768.136: [GC (Allocation Failure) [PSYoungGen: 70141K->1533K(70656K)] 399426K->330818K(738304K), 0.0017272 secs] [Times: user=0.00 sys=0.00, real=0.00 secs] 
768.548: [GC (Allocation Failure) [PSYoungGen: 70141K->1533K(70656K)] 399426K->330826K(738304K), 0.0017079 secs] [Times: user=0.01 sys=0.00, real=0.00 secs] 
768.898: [GC (Allocation Failure) [PSYoungGen: 70141K->1424K(70656K)] 399434K->330717K(738304K), 0.0017320 secs] [Times: user=0.00 sys=0.00, real=0.00 secs] 
769.182: [GC (Allocation Failure) [PSYoungGen: 70032K->1344K(70656K)] 399325K->330637K(738304K), 0.0017217 secs] [Times: user=0.01 sys=0.00, real=0.01 secs] 
769.467: [GC (Allocation Failure) [PSYoungGen: 69952K->1360K(70656K)] 399245K->330677K(738304K), 0.0016533 secs] [Times: user=0.01 sys=0.00, real=0.00 secs] 
769.751: [GC (Allocation Failure) [PSYoungGen: 69968K->1344K(70656K)] 399285K->330661K(738304K), 0.0016152 secs] [Times: user=0.01 sys=0.00, real=0.00 secs] 
770.203: [GC (Allocation Failure) [PSYoungGen: 69952K->1501K(70656K)] 399269K->330818K(738304K), 0.0016472 secs] [Times: user=0.01 sys=0.00, real=0.00 secs] 
770.616: [GC (Allocation Failure) [PSYoungGen: 70109K->1581K(70656K)] 399426K->330898K(738304K), 0.0016487 secs] [Times: user=0.00 sys=0.00, real=0.00 secs] 
771.029: [GC (Allocation Failure) [PSYoungGen: 70189K->1549K(70656K)] 399506K->330866K(738304K), 0.0016475 secs] [Times: user=0.01 sys=0.00, real=0.00 secs] 
771.525: [GC (Allocation Failure) [PSYoungGen: 70157K->1504K(70656K)] 399474K->330821K(738304K), 0.0018739 secs] [Times: user=0.01 sys=0.00, real=0.00 secs] 
772.130: [GC (Allocation Failure) [PSYoungGen: 70112K->1408K(70656K)] 399429K->330725K(738304K), 0.0018431 secs] [Times: user=0.01 sys=0.00, real=0.00 secs] 
772.766: [GC (Allocation Failure) [PSYoungGen: 70016K->1408K(70656K)] 399333K->330725K(738304K), 0.0020607 secs] [Times: user=0.01 sys=0.00, real=0.00 secs] 
773.471: [GC (Allocation Failure) [PSYoungGen: 70016K->1408K(70656K)] 399333K->330725K(738304K), 0.0023153 secs] [Times: user=0.01 sys=0.00, real=0.01 secs] 
774.199: [GC (Allocation Failure) [PSYoungGen: 70016K->1488K(70656K)] 399333K->330805K(738304K), 0.0020002 secs] [Times: user=0.01 sys=0.00, real=0.00 secs] 
774.632: [GC (Allocation Failure) [PSYoungGen: 70096K->1533K(70656K)] 399413K->330850K(738304K), 0.0016709 secs] [Times: user=0.01 sys=0.00, real=0.01 secs] 
775.118: [GC (Allocation Failure) [PSYoungGen: 70141K->1584K(70656K)] 399458K->330901K(738304K), 0.0017632 secs] [Times: user=0.01 sys=0.00, real=0.00 secs] 
775.532: [GC (Allocation Failure) [PSYoungGen: 70192K->1552K(70656K)] 399509K->330869K(738304K), 0.0016575 secs] [Times: user=0.00 sys=0.00, real=0.01 secs] 
776.315: [GC (Allocation Failure) [PSYoungGen: 70160K->1456K(70656K)] 399477K->330781K(738304K), 0.0036390 secs] [Times: user=0.01 sys=0.00, real=0.00 secs] 
777.310: [GC (Allocation Failure) [PSYoungGen: 70064K->1408K(70656K)] 399389K->330733K(738304K), 0.0036116 secs] [Times: user=0.01 sys=0.00, real=0.01 secs] 
778.082: [GC (Allocation Failure) [PSYoungGen: 70016K->1408K(70656K)] 399341K->330733K(738304K), 0.0033310 secs] [Times: user=0.01 sys=0.00, real=0.01 secs] 
778.577: [GC (Allocation Failure) [PSYoungGen: 70016K->1376K(70656K)] 399341K->330701K(738304K), 0.0019985 secs] [Times: user=0.01 sys=0.00, real=0.00 secs] 
778.945: [GC (Allocation Failure) [PSYoungGen: 69984K->1485K(70656K)] 399309K->330810K(738304K), 0.0016082 secs] [Times: user=0.00 sys=0.00, real=0.00 secs] 
779.359: [GC (Allocation Failure) [PSYoungGen: 70093K->1581K(70656K)] 399418K->330906K(738304K), 0.0016593 secs] [Times: user=0.00 sys=0.00, real=0.00 secs] 
779.774: [GC (Allocation Failure) [PSYoungGen: 70189K->1549K(70656K)] 399514K->330874K(738304K), 0.0016346 secs] [Times: user=0.01 sys=0.00, real=0.00 secs] 
780.250: [GC (Allocation Failure) [PSYoungGen: 70157K->1501K(70656K)] 399482K->330834K(738304K), 0.0018384 secs] [Times: user=0.00 sys=0.00, real=0.00 secs] 
781.202: [GC (Allocation Failure) [PSYoungGen: 70109K->1440K(70656K)] 399442K->330781K(738304K), 0.0026165 secs] [Times: user=0.01 sys=0.01, real=0.01 secs] 
781.771: [GC (Allocation Failure) [PSYoungGen: 70048K->1408K(70656K)] 399389K->330749K(738304K), 0.0022249 secs] [Times: user=0.01 sys=0.00, real=0.00 secs] 
782.361: [GC (Allocation Failure) [PSYoungGen: 70016K->1376K(70656K)] 399357K->330733K(738304K), 0.0021900 secs] [Times: user=0.01 sys=0.00, real=0.01 secs] 
782.992: [GC (Allocation Failure) [PSYoungGen: 69984K->1392K(70656K)] 399341K->330749K(738304K), 0.0020084 secs] [Times: user=0.01 sys=0.00, real=0.01 secs] 
783.421: [GC (Allocation Failure) [PSYoungGen: 70000K->1584K(70656K)] 399357K->330949K(738304K), 0.0017660 secs] [Times: user=0.01 sys=0.00, real=0.00 secs] 
783.903: [GC (Allocation Failure) [PSYoungGen: 70192K->1552K(70656K)] 399557K->330917K(738304K), 0.0016934 secs] [Times: user=0.01 sys=0.00, real=0.01 secs] 
784.377: [GC (Allocation Failure) [PSYoungGen: 70160K->1533K(70656K)] 399525K->330898K(738304K), 0.0017837 secs] [Times: user=0.01 sys=0.00, real=0.00 secs] 
784.847: [GC (Allocation Failure) [PSYoungGen: 70141K->1472K(70656K)] 399506K->330845K(738304K), 0.0021592 secs] [Times: user=0.01 sys=0.00, real=0.00 secs] 
785.183: [GC (Allocation Failure) [PSYoungGen: 70080K->1344K(70656K)] 399453K->330717K(738304K), 0.0018711 secs] [Times: user=0.00 sys=0.00, real=0.00 secs] 
785.500: [GC (Allocation Failure) [PSYoungGen: 69952K->1376K(70656K)] 399325K->330749K(738304K), 0.0020407 secs] [Times: user=0.00 sys=0.00, real=0.00 secs] 
785.862: [GC (Allocation Failure) [PSYoungGen: 69984K->1408K(70656K)] 399357K->330781K(738304K), 0.0018520 secs] [Times: user=0.01 sys=0.00, real=0.01 secs] 
786.332: [GC (Allocation Failure) [PSYoungGen: 70016K->1485K(70656K)] 399389K->330858K(738304K), 0.0015875 secs] [Times: user=0.01 sys=0.00, real=0.01 secs] 
786.744: [GC (Allocation Failure) [PSYoungGen: 70093K->1549K(70656K)] 399466K->330922K(738304K), 0.0016491 secs] [Times: user=0.01 sys=0.00, real=0.00 secs] 
787.157: [GC (Allocation Failure) [PSYoungGen: 70157K->1549K(70656K)] 399530K->330922K(738304K), 0.0016862 secs] [Times: user=0.00 sys=0.00, real=0.00 secs] 
787.570: [GC (Allocation Failure) [PSYoungGen: 70157K->1517K(70656K)] 399530K->330890K(738304K), 0.0016942 secs] [Times: user=0.01 sys=0.00, real=0.00 secs] 
787.983: [GC (Allocation Failure) [PSYoungGen: 70125K->1440K(70656K)] 399498K->330829K(738304K), 0.0020930 secs] [Times: user=0.01 sys=0.01, real=0.00 secs] 
788.304: [GC (Allocation Failure) [PSYoungGen: 70048K->1408K(70656K)] 399437K->330797K(738304K), 0.0019038 secs] [Times: user=0.01 sys=0.00, real=0.00 secs] 
788.643: [GC (Allocation Failure) [PSYoungGen: 70016K->1344K(70656K)] 399405K->330733K(738304K), 0.0021808 secs] [Times: user=0.01 sys=0.00, real=0.00 secs] 
788.930: [GC (Allocation Failure) [PSYoungGen: 69952K->1408K(70656K)] 399341K->330813K(738304K), 0.0021461 secs] [Times: user=0.00 sys=0.00, real=0.00 secs] 
789.365: [GC (Allocation Failure) [PSYoungGen: 70003K->1549K(70656K)] 399408K->330962K(738304K), 0.0017289 secs] [Times: user=0.01 sys=0.00, real=0.00 secs] 
789.777: [GC (Allocation Failure) [PSYoungGen: 70151K->1517K(70656K)] 399565K->330930K(738304K), 0.0017297 secs] [Times: user=0.00 sys=0.00, real=0.00 secs] 
790.191: [GC (Allocation Failure) [PSYoungGen: 70125K->1581K(70656K)] 399538K->330994K(738304K), 0.0016144 secs] [Times: user=0.00 sys=0.00, real=0.00 secs] 
790.662: [GC (Allocation Failure) [PSYoungGen: 70189K->1472K(70656K)] 399602K->330885K(738304K), 0.0016047 secs] [Times: user=0.01 sys=0.00, real=0.01 secs] 
791.378: [GC (Allocation Failure) [PSYoungGen: 70080K->1376K(70656K)] 399493K->330789K(738304K), 0.0027623 secs] [Times: user=0.02 sys=0.00, real=0.00 secs] 
791.712: [GC (Allocation Failure) [PSYoungGen: 69984K->1376K(70656K)] 399397K->330789K(738304K), 0.0018625 secs] [Times: user=0.00 sys=0.00, real=0.01 secs] 
791.997: [GC (Allocation Failure) [PSYoungGen: 69984K->1408K(70656K)] 399397K->330821K(738304K), 0.0018502 secs] [Times: user=0.00 sys=0.00, real=0.00 secs] 
792.282: [GC (Allocation Failure) [PSYoungGen: 70016K->1376K(70656K)] 399429K->330789K(738304K), 0.0017588 secs] [Times: user=0.00 sys=0.00, real=0.01 secs] 
792.736: [GC (Allocation Failure) [PSYoungGen: 69984K->1549K(70656K)] 399397K->330962K(738304K), 0.0017238 secs] [Times: user=0.00 sys=0.00, real=0.00 secs] 
793.151: [GC (Allocation Failure) [PSYoungGen: 70157K->1584K(70656K)] 399570K->330997K(738304K), 0.0017169 secs] [Times: user=0.01 sys=0.00, real=0.00 secs] 
793.564: [GC (Allocation Failure) [PSYoungGen: 70192K->1552K(70656K)] 399605K->330965K(738304K), 0.0017935 secs] [Times: user=0.01 sys=0.00, real=0.00 secs] 
794.223: [GC (Allocation Failure) [PSYoungGen: 70160K->1456K(70656K)] 399573K->330877K(738304K), 0.0022628 secs] [Times: user=0.01 sys=0.00, real=0.01 secs] 
795.097: [GC (Allocation Failure) [PSYoungGen: 70064K->1408K(70656K)] 399485K->330829K(738304K), 0.0038049 secs] [Times: user=0.02 sys=0.00, real=0.00 secs] 
795.907: [GC (Allocation Failure) [PSYoungGen: 70016K->1376K(70656K)] 399437K->330797K(738304K), 0.0031272 secs] [Times: user=0.01 sys=0.00, real=0.00 secs] 
796.400: [GC (Allocation Failure) [PSYoungGen: 69984K->1376K(70656K)] 399405K->330797K(738304K), 0.0026227 secs] [Times: user=0.01 sys=0.00, real=0.00 secs] 
797.032: [GC (Allocation Failure) [PSYoungGen: 69984K->1453K(70656K)] 399405K->330874K(738304K), 0.0016225 secs] [Times: user=0.00 sys=0.00, real=0.01 secs] 
797.444: [GC (Allocation Failure) [PSYoungGen: 70061K->1501K(70656K)] 399482K->330922K(738304K), 0.0017806 secs] [Times: user=0.01 sys=0.00, real=0.00 secs] 
797.860: [GC (Allocation Failure) [PSYoungGen: 70109K->1517K(70656K)] 399530K->330938K(738304K), 0.0017075 secs] [Times: user=0.01 sys=0.00, real=0.00 secs] 
798.274: [GC (Allocation Failure) [PSYoungGen: 70125K->1581K(70656K)] 399546K->331010K(738304K), 0.0016788 secs] [Times: user=0.01 sys=0.00, real=0.00 secs] 
798.831: [GC (Allocation Failure) [PSYoungGen: 70189K->1408K(70656K)] 399618K->330853K(738304K), 0.0018137 secs] [Times: user=0.01 sys=0.00, real=0.01 secs] 
799.369: [GC (Allocation Failure) [PSYoungGen: 70016K->1376K(70656K)] 399461K->330821K(738304K), 0.0014570 secs] [Times: user=0.01 sys=0.00, real=0.00 secs] 
799.662: [GC (Allocation Failure) [PSYoungGen: 69984K->1376K(70656K)] 399429K->330821K(738304K), 0.0015506 secs] [Times: user=0.00 sys=0.00, real=0.01 secs] 
799.964: [GC (Allocation Failure) [PSYoungGen: 69984K->1376K(70656K)] 399429K->330821K(738304K), 0.0016954 secs] [Times: user=0.01 sys=0.00, real=0.00 secs] 
800.341: [GC (Allocation Failure) [PSYoungGen: 69984K->1517K(70656K)] 399429K->330962K(738304K), 0.0016275 secs] [Times: user=0.01 sys=0.00, real=0.00 secs] 
800.752: [GC (Allocation Failure) [PSYoungGen: 70125K->1552K(70656K)] 399570K->331013K(738304K), 0.0016541 secs] [Times: user=0.01 sys=0.00, real=0.01 secs] 
801.166: [GC (Allocation Failure) [PSYoungGen: 70160K->1565K(70656K)] 399621K->331026K(738304K), 0.0016211 secs] [Times: user=0.00 sys=0.00, real=0.00 secs] 
801.583: [GC (Allocation Failure) [PSYoungGen: 70173K->2016K(70656K)] 399634K->331525K(738304K), 0.0016485 secs] [Times: user=0.01 sys=0.00, real=0.01 secs] 
801.867: [GC (Allocation Failure) [PSYoungGen: 70624K->1408K(70656K)] 400133K->330917K(738304K), 0.0015743 secs] [Times: user=0.01 sys=0.00, real=0.00 secs] 
802.151: [GC (Allocation Failure) [PSYoungGen: 70016K->1376K(70656K)] 399525K->330885K(738304K), 0.0014634 secs] [Times: user=0.00 sys=0.00, real=0.00 secs] 
802.435: [GC (Allocation Failure) [PSYoungGen: 69984K->1376K(70656K)] 399493K->330885K(738304K), 0.0016890 secs] [Times: user=0.00 sys=0.00, real=0.00 secs] 
802.733: [GC (Allocation Failure) [PSYoungGen: 69874K->304K(70656K)] 399384K->329821K(738304K), 0.0017499 secs] [Times: user=0.01 sys=0.00, real=0.00 secs] 
803.149: [GC (Allocation Failure) [PSYoungGen: 68912K->1565K(70656K)] 398429K->331082K(738304K), 0.0017371 secs] [Times: user=0.01 sys=0.00, real=0.00 secs] 
803.561: [GC (Allocation Failure) [PSYoungGen: 70173K->1533K(70656K)] 399690K->331050K(738304K), 0.0017163 secs] [Times: user=0.00 sys=0.00, real=0.01 secs] 
803.975: [GC (Allocation Failure) [PSYoungGen: 70141K->1520K(70656K)] 399658K->331037K(738304K), 0.0017280 secs] [Times: user=0.01 sys=0.00, real=0.00 secs] 
804.368: [GC (Allocation Failure) [PSYoungGen: 70128K->1488K(70656K)] 399645K->331013K(738304K), 0.0018125 secs] [Times: user=0.00 sys=0.00, real=0.00 secs] 
804.711: [GC (Allocation Failure) [PSYoungGen: 70096K->1376K(70656K)] 399621K->330901K(738304K), 0.0018254 secs] [Times: user=0.00 sys=0.00, real=0.00 secs] 
804.995: [GC (Allocation Failure) [PSYoungGen: 69984K->1376K(70656K)] 399509K->330901K(738304K), 0.0017313 secs] [Times: user=0.01 sys=0.00, real=0.00 secs] 
805.280: [GC (Allocation Failure) [PSYoungGen: 69984K->1376K(70656K)] 399509K->330901K(738304K), 0.0019052 secs] [Times: user=0.01 sys=0.00, real=0.00 secs] 
805.641: [GC (Allocation Failure) [PSYoungGen: 69984K->1485K(70656K)] 399509K->331010K(738304K), 0.0015548 secs] [Times: user=0.01 sys=0.00, real=0.00 secs] 
806.054: [GC (Allocation Failure) [PSYoungGen: 70093K->1549K(70656K)] 399618K->331074K(738304K), 0.0016969 secs] [Times: user=0.00 sys=0.00, real=0.00 secs] 
806.466: [GC (Allocation Failure) [PSYoungGen: 70157K->1581K(70656K)] 399682K->331106K(738304K), 0.0016385 secs] [Times: user=0.01 sys=0.00, real=0.00 secs] 
806.939: [GC (Allocation Failure) [PSYoungGen: 70189K->1549K(70656K)] 399714K->331090K(738304K), 0.0018204 secs] [Times: user=0.00 sys=0.00, real=0.00 secs] 
807.410: [GC (Allocation Failure) [PSYoungGen: 70157K->1440K(70656K)] 399698K->330989K(738304K), 0.0020587 secs] [Times: user=0.00 sys=0.00, real=0.00 secs] 
807.808: [GC (Allocation Failure) [PSYoungGen: 70048K->1376K(70656K)] 399597K->330925K(738304K), 0.0021862 secs] [Times: user=0.01 sys=0.00, real=0.00 secs] 
808.330: [GC (Allocation Failure) [PSYoungGen: 69984K->1376K(70656K)] 399533K->330925K(738304K), 0.0020121 secs] [Times: user=0.01 sys=0.00, real=0.00 secs] 
808.948: [GC (Allocation Failure) [PSYoungGen: 69984K->1344K(70656K)] 399533K->330901K(738304K), 0.0027040 secs] [Times: user=0.01 sys=0.00, real=0.00 secs] 
809.592: [GC (Allocation Failure) [PSYoungGen: 69952K->1549K(70656K)] 399509K->331130K(738304K), 0.0017538 secs] [Times: user=0.00 sys=0.00, real=0.01 secs] 
810.004: [GC (Allocation Failure) [PSYoungGen: 70157K->1581K(70656K)] 399738K->331162K(738304K), 0.0017530 secs] [Times: user=0.00 sys=0.00, real=0.00 secs] 
810.418: [GC (Allocation Failure) [PSYoungGen: 70189K->1549K(70656K)] 399770K->331130K(738304K), 0.0017440 secs] [Times: user=0.01 sys=0.00, real=0.00 secs] 
810.911: [GC (Allocation Failure) [PSYoungGen: 70157K->1504K(70656K)] 399738K->331085K(738304K), 0.0019721 secs] [Times: user=0.01 sys=0.00, real=0.00 secs] 
811.213: [GC (Allocation Failure) [PSYoungGen: 70112K->1344K(70656K)] 399693K->330925K(738304K), 0.0018524 secs] [Times: user=0.01 sys=0.00, real=0.01 secs] 
811.546: [GC (Allocation Failure) [PSYoungGen: 69952K->1376K(70656K)] 399533K->330957K(738304K), 0.0019888 secs] [Times: user=0.01 sys=0.00, real=0.00 secs] 
811.838: [GC (Allocation Failure) [PSYoungGen: 69984K->1408K(70656K)] 399565K->330989K(738304K), 0.0019608 secs] [Times: user=0.01 sys=0.00, real=0.00 secs] 
812.227: [GC (Allocation Failure) [PSYoungGen: 70008K->1389K(70656K)] 399590K->330970K(738304K), 0.0019337 secs] [Times: user=0.01 sys=0.00, real=0.00 secs] 
812.648: [GC (Allocation Failure) [PSYoungGen: 69997K->1549K(70656K)] 399578K->331130K(738304K), 0.0015685 secs] [Times: user=0.00 sys=0.00, real=0.00 secs] 
813.062: [GC (Allocation Failure) [PSYoungGen: 70157K->1581K(70656K)] 399738K->331162K(738304K), 0.0017167 secs] [Times: user=0.01 sys=0.00, real=0.01 secs] 
813.476: [GC (Allocation Failure) [PSYoungGen: 70189K->1520K(70656K)] 399770K->331101K(738304K), 0.0016903 secs] [Times: user=0.00 sys=0.00, real=0.00 secs] 
814.114: [GC (Allocation Failure) [PSYoungGen: 70128K->1440K(70656K)] 399709K->331029K(738304K), 0.0021154 secs] [Times: user=0.01 sys=0.01, real=0.00 secs] 
814.701: [GC (Allocation Failure) [PSYoungGen: 70048K->1408K(70656K)] 399637K->330997K(738304K), 0.0019184 secs] [Times: user=0.00 sys=0.00, real=0.00 secs] 
815.322: [GC (Allocation Failure) [PSYoungGen: 70016K->1376K(70656K)] 399605K->330965K(738304K), 0.0019763 secs] [Times: user=0.01 sys=0.00, real=0.01 secs] 
815.944: [GC (Allocation Failure) [PSYoungGen: 69984K->1376K(70656K)] 399573K->330965K(738304K), 0.0020890 secs] [Times: user=0.00 sys=0.00, real=0.00 secs] 
816.389: [GC (Allocation Failure) [PSYoungGen: 69984K->1469K(70656K)] 399573K->331058K(738304K), 0.0015748 secs] [Times: user=0.00 sys=0.00, real=0.00 secs] 
816.800: [GC (Allocation Failure) [PSYoungGen: 70077K->1549K(70656K)] 399666K->331138K(738304K), 0.0017239 secs] [Times: user=0.00 sys=0.00, real=0.00 secs] 
817.216: [GC (Allocation Failure) [PSYoungGen: 70157K->1581K(70656K)] 399746K->331170K(738304K), 0.0016137 secs] [Times: user=0.01 sys=0.00, real=0.00 secs] 
817.692: [GC (Allocation Failure) [PSYoungGen: 70189K->1565K(70656K)] 399778K->331170K(738304K), 0.0018529 secs] [Times: user=0.01 sys=0.00, real=0.01 secs] 
818.564: [GC (Allocation Failure) [PSYoungGen: 70173K->1408K(70656K)] 399778K->331013K(738304K), 0.0026282 secs] [Times: user=0.01 sys=0.00, real=0.00 secs] 
819.139: [GC (Allocation Failure) [PSYoungGen: 70016K->1376K(70656K)] 399621K->330981K(738304K), 0.0024738 secs] [Times: user=0.01 sys=0.00, real=0.00 secs] 
819.760: [GC (Allocation Failure) [PSYoungGen: 69984K->1376K(70656K)] 399589K->330981K(738304K), 0.0019991 secs] [Times: user=0.00 sys=0.00, real=0.00 secs] 
820.117: [GC (Allocation Failure) [PSYoungGen: 69984K->1408K(70656K)] 399589K->331013K(738304K), 0.0019385 secs] [Times: user=0.00 sys=0.00, real=0.00 secs] 
820.528: [GC (Allocation Failure) [PSYoungGen: 70016K->1469K(70656K)] 399621K->331074K(738304K), 0.0016697 secs] [Times: user=0.00 sys=0.00, real=0.00 secs] 
820.941: [GC (Allocation Failure) [PSYoungGen: 70077K->1581K(70656K)] 399682K->331210K(738304K), 0.0016560 secs] [Times: user=0.01 sys=0.00, real=0.00 secs] 
821.355: [GC (Allocation Failure) [PSYoungGen: 70189K->1581K(70656K)] 399818K->331210K(738304K), 0.0015684 secs] [Times: user=0.00 sys=0.00, real=0.00 secs] 
821.935: [GC (Allocation Failure) [PSYoungGen: 70189K->1504K(70656K)] 399818K->331141K(738304K), 0.0023430 secs] [Times: user=0.01 sys=0.00, real=0.00 secs] 
822.353: [GC (Allocation Failure) [PSYoungGen: 70112K->1376K(70656K)] 399749K->331013K(738304K), 0.0020291 secs] [Times: user=0.01 sys=0.00, real=0.01 secs] 
822.673: [GC (Allocation Failure) [PSYoungGen: 69984K->1344K(70656K)] 399621K->330981K(738304K), 0.0018927 secs] [Times: user=0.01 sys=0.00, real=0.00 secs] 
823.000: [GC (Allocation Failure) [PSYoungGen: 69952K->1376K(70656K)] 399589K->331013K(738304K), 0.0020554 secs] [Times: user=0.01 sys=0.00, real=0.00 secs] 
823.340: [GC (Allocation Failure) [PSYoungGen: 69984K->1453K(70656K)] 399621K->331090K(738304K), 0.0015379 secs] [Times: user=0.00 sys=0.00, real=0.00 secs] 
823.752: [GC (Allocation Failure) [PSYoungGen: 70061K->1552K(70656K)] 399698K->331189K(738304K), 0.0016988 secs] [Times: user=0.01 sys=0.00, real=0.01 secs] 
824.165: [GC (Allocation Failure) [PSYoungGen: 70160K->1584K(70656K)] 399797K->331221K(738304K), 0.0016848 secs] [Times: user=0.00 sys=0.00, real=0.00 secs] 
824.647: [GC (Allocation Failure) [PSYoungGen: 70192K->1584K(70656K)] 399829K->331221K(738304K), 0.0015257 secs] [Times: user=0.00 sys=0.00, real=0.00 secs] 
825.020: [GC (Allocation Failure) [PSYoungGen: 70192K->1488K(70656K)] 399829K->331125K(738304K), 0.0024981 secs] [Times: user=0.01 sys=0.00, real=0.00 secs] 
825.307: [GC (Allocation Failure) [PSYoungGen: 70096K->1376K(70656K)] 399733K->331013K(738304K), 0.0020063 secs] [Times: user=0.01 sys=0.00, real=0.00 secs] 
825.612: [GC (Allocation Failure) [PSYoungGen: 69984K->1376K(70656K)] 399621K->331013K(738304K), 0.0019702 secs] [Times: user=0.01 sys=0.00, real=0.01 secs] 
826.077: [GC (Allocation Failure) [PSYoungGen: 69984K->1408K(70656K)] 399621K->331045K(738304K), 0.0030733 secs] [Times: user=0.01 sys=0.00, real=0.00 secs] 
826.693: [GC (Allocation Failure) [PSYoungGen: 70016K->1517K(70656K)] 399653K->331154K(738304K), 0.0015651 secs] [Times: user=0.01 sys=0.00, real=0.00 secs] 
827.105: [GC (Allocation Failure) [PSYoungGen: 70125K->1581K(70656K)] 399762K->331218K(738304K), 0.0016862 secs] [Times: user=0.00 sys=0.00, real=0.00 secs] 
827.519: [GC (Allocation Failure) [PSYoungGen: 70189K->1549K(70656K)] 399826K->331186K(738304K), 0.0017174 secs] [Times: user=0.01 sys=0.00, real=0.00 secs] 
827.933: [GC (Allocation Failure) [PSYoungGen: 70157K->1549K(70656K)] 399794K->331202K(738304K), 0.0016632 secs] [Times: user=0.01 sys=0.00, real=0.01 secs] 
828.586: [GC (Allocation Failure) [PSYoungGen: 70157K->1376K(70656K)] 399810K->331029K(738304K), 0.0019201 secs] [Times: user=0.01 sys=0.00, real=0.00 secs] 
829.237: [GC (Allocation Failure) [PSYoungGen: 69984K->1408K(70656K)] 399637K->331061K(738304K), 0.0043759 secs] [Times: user=0.02 sys=0.00, real=0.00 secs] 
829.800: [GC (Allocation Failure) [PSYoungGen: 70016K->1376K(70656K)] 399669K->331045K(738304K), 0.0027724 secs] [Times: user=0.01 sys=0.00, real=0.01 secs] 
830.317: [GC (Allocation Failure) [PSYoungGen: 69984K->1344K(70656K)] 399653K->331013K(738304K), 0.0019965 secs] [Times: user=0.01 sys=0.00, real=0.00 secs] 
830.885: [GC (Allocation Failure) [PSYoungGen: 69952K->1549K(70656K)] 399621K->331218K(738304K), 0.0017163 secs] [Times: user=0.01 sys=0.00, real=0.00 secs] 
831.299: [GC (Allocation Failure) [PSYoungGen: 70157K->1581K(70656K)] 399826K->331250K(738304K), 0.0016886 secs] [Times: user=0.00 sys=0.00, real=0.00 secs] 
831.769: [GC (Allocation Failure) [PSYoungGen: 70189K->1581K(70656K)] 399858K->331250K(738304K), 0.0058090 secs] [Times: user=0.03 sys=0.00, real=0.01 secs] 
832.161: [GC (Allocation Failure) [PSYoungGen: 70189K->1488K(70656K)] 399858K->331165K(738304K), 0.0020987 secs] [Times: user=0.01 sys=0.00, real=0.01 secs] 
832.447: [GC (Allocation Failure) [PSYoungGen: 70096K->1376K(70656K)] 399773K->331053K(738304K), 0.0019964 secs] [Times: user=0.00 sys=0.00, real=0.00 secs] 
832.733: [GC (Allocation Failure) [PSYoungGen: 69984K->1376K(70656K)] 399661K->331053K(738304K), 0.0019574 secs] [Times: user=0.01 sys=0.00, real=0.01 secs] 
833.018: [GC (Allocation Failure) [PSYoungGen: 69984K->1408K(70656K)] 399661K->331085K(738304K), 0.0019311 secs] [Times: user=0.01 sys=0.00, real=0.00 secs] 
833.370: [GC (Allocation Failure) [PSYoungGen: 70016K->1421K(70656K)] 399693K->331098K(738304K), 0.0015793 secs] [Times: user=0.00 sys=0.00, real=0.00 secs] 
833.781: [GC (Allocation Failure) [PSYoungGen: 70029K->1584K(70656K)] 399706K->331261K(738304K), 0.0016169 secs] [Times: user=0.00 sys=0.00, real=0.01 secs] 
834.197: [GC (Allocation Failure) [PSYoungGen: 70192K->1552K(70656K)] 399869K->331229K(738304K), 0.0015899 secs] [Times: user=0.01 sys=0.00, real=0.00 secs] 
834.616: [GC (Allocation Failure) [PSYoungGen: 70160K->1584K(70656K)] 399837K->331261K(738304K), 0.0016834 secs] [Times: user=0.00 sys=0.00, real=0.00 secs] 
834.939: [GC (Allocation Failure) [PSYoungGen: 70192K->1408K(70656K)] 399869K->331085K(738304K), 0.0016914 secs] [Times: user=0.01 sys=0.00, real=0.00 secs] 
835.223: [GC (Allocation Failure) [PSYoungGen: 70016K->1376K(70656K)] 399693K->331053K(738304K), 0.0016161 secs] [Times: user=0.00 sys=0.00, real=0.00 secs] 
835.507: [GC (Allocation Failure) [PSYoungGen: 69984K->1376K(70656K)] 399661K->331053K(738304K), 0.0014781 secs] [Times: user=0.00 sys=0.00, real=0.00 secs] 
835.912: [GC (Allocation Failure) [PSYoungGen: 69984K->1408K(70656K)] 399661K->331085K(738304K), 0.0017528 secs] [Times: user=0.01 sys=0.00, real=0.01 secs] 
836.455: [GC (Allocation Failure) [PSYoungGen: 70016K->1549K(70656K)] 399693K->331226K(738304K), 0.0015889 secs] [Times: user=0.01 sys=0.00, real=0.00 secs] 
836.869: [GC (Allocation Failure) [PSYoungGen: 70157K->1581K(70656K)] 399834K->331258K(738304K), 0.0017417 secs] [Times: user=0.01 sys=0.00, real=0.00 secs] 
837.282: [GC (Allocation Failure) [PSYoungGen: 70189K->1517K(70656K)] 399866K->331194K(738304K), 0.0017118 secs] [Times: user=0.00 sys=0.00, real=0.01 secs] 
837.726: [GC (Allocation Failure) [PSYoungGen: 70125K->1792K(70656K)] 399802K->331477K(738304K), 0.0018226 secs] [Times: user=0.01 sys=0.00, real=0.00 secs] 
838.379: [GC (Allocation Failure) [PSYoungGen: 70400K->1408K(70656K)] 400085K->331093K(738304K), 0.0017150 secs] [Times: user=0.01 sys=0.00, real=0.00 secs] 
838.872: [GC (Allocation Failure) [PSYoungGen: 70016K->1376K(70656K)] 399701K->331061K(738304K), 0.0019549 secs] [Times: user=0.01 sys=0.00, real=0.01 secs] 
839.417: [GC (Allocation Failure) [PSYoungGen: 69984K->1376K(70656K)] 399669K->331077K(738304K), 0.0018549 secs] [Times: user=0.00 sys=0.00, real=0.00 secs] 
839.909: [GC (Allocation Failure) [PSYoungGen: 69984K->1376K(70656K)] 399685K->331077K(738304K), 0.0019536 secs] [Times: user=0.01 sys=0.00, real=0.00 secs] 
840.423: [GC (Allocation Failure) [PSYoungGen: 69984K->1533K(70656K)] 399685K->331234K(738304K), 0.0016794 secs] [Times: user=0.01 sys=0.00, real=0.00 secs] 
840.900: [GC (Allocation Failure) [PSYoungGen: 70141K->1517K(70656K)] 399842K->331218K(738304K), 0.0016685 secs] [Times: user=0.01 sys=0.00, real=0.00 secs] 
841.314: [GC (Allocation Failure) [PSYoungGen: 70125K->1485K(70656K)] 399826K->331186K(738304K), 0.0017601 secs] [Times: user=0.01 sys=0.00, real=0.00 secs] 
841.866: [GC (Allocation Failure) [PSYoungGen: 70093K->1456K(70656K)] 399794K->331173K(738304K), 0.0031022 secs] [Times: user=0.01 sys=0.00, real=0.00 secs] 
842.153: [GC (Allocation Failure) [PSYoungGen: 70064K->1376K(70656K)] 399781K->331093K(738304K), 0.0021058 secs] [Times: user=0.01 sys=0.00, real=0.00 secs] 
842.623: [GC (Allocation Failure) [PSYoungGen: 69984K->1376K(70656K)] 399701K->331093K(738304K), 0.0020562 secs] [Times: user=0.01 sys=0.00, real=0.01 secs] 
843.217: [GC (Allocation Failure) [PSYoungGen: 69984K->1408K(70656K)] 399701K->331125K(738304K), 0.0019864 secs] [Times: user=0.01 sys=0.00, real=0.00 secs] 
843.916: [GC (Allocation Failure) [PSYoungGen: 70016K->1453K(70656K)] 399733K->331170K(738304K), 0.0016330 secs] [Times: user=0.01 sys=0.00, real=0.00 secs] 
844.327: [GC (Allocation Failure) [PSYoungGen: 70061K->1565K(70656K)] 399778K->331282K(738304K), 0.0018140 secs] [Times: user=0.00 sys=0.00, real=0.00 secs] 
844.746: [GC (Allocation Failure) [PSYoungGen: 70173K->1533K(70656K)] 399890K->331250K(738304K), 0.0018120 secs] [Times: user=0.00 sys=0.00, real=0.00 secs] 
845.168: [GC (Allocation Failure) [PSYoungGen: 70141K->1584K(70656K)] 399858K->331317K(738304K), 0.0016598 secs] [Times: user=0.01 sys=0.00, real=0.00 secs] 
845.565: [GC (Allocation Failure) [PSYoungGen: 70192K->1440K(70656K)] 399925K->331173K(738304K), 0.0018536 secs] [Times: user=0.01 sys=0.00, real=0.00 secs] 
845.894: [GC (Allocation Failure) [PSYoungGen: 70048K->1408K(70656K)] 399781K->331141K(738304K), 0.0017321 secs] [Times: user=0.01 sys=0.00, real=0.00 secs] 
846.179: [GC (Allocation Failure) [PSYoungGen: 70016K->1440K(70656K)] 399749K->331173K(738304K), 0.0019196 secs] [Times: user=0.01 sys=0.00, real=0.00 secs] 
846.544: [GC (Allocation Failure) [PSYoungGen: 70048K->1408K(70656K)] 399781K->331141K(738304K), 0.0018570 secs] [Times: user=0.01 sys=0.00, real=0.00 secs] 
846.990: [GC (Allocation Failure) [PSYoungGen: 70016K->1533K(70656K)] 399749K->331266K(738304K), 0.0016826 secs] [Times: user=0.00 sys=0.00, real=0.00 secs] 
847.401: [GC (Allocation Failure) [PSYoungGen: 70141K->1613K(70656K)] 399874K->331346K(738304K), 0.0016287 secs] [Times: user=0.01 sys=0.00, real=0.00 secs] 
847.815: [GC (Allocation Failure) [PSYoungGen: 70221K->1581K(70656K)] 399954K->331314K(738304K), 0.0016849 secs] [Times: user=0.00 sys=0.00, real=0.00 secs] 
848.252: [GC (Allocation Failure) [PSYoungGen: 70189K->1504K(70656K)] 399922K->331245K(738304K), 0.0019357 secs] [Times: user=0.00 sys=0.00, real=0.01 secs] 
848.573: [GC (Allocation Failure) [PSYoungGen: 70112K->1344K(70656K)] 399853K->331085K(738304K), 0.0018039 secs] [Times: user=0.01 sys=0.00, real=0.01 secs] 
848.858: [GC (Allocation Failure) [PSYoungGen: 69952K->1408K(70656K)] 399693K->331149K(738304K), 0.0023428 secs] [Times: user=0.01 sys=0.00, real=0.00 secs] 
849.148: [GC (Allocation Failure) [PSYoungGen: 70016K->1408K(70656K)] 399757K->331165K(738304K), 0.0029624 secs] [Times: user=0.01 sys=0.00, real=0.00 secs] 
849.476: [GC (Allocation Failure) [PSYoungGen: 70016K->1453K(70656K)] 399773K->331234K(738304K), 0.0019162 secs] [Times: user=0.01 sys=0.00, real=0.00 secs] 
849.902: [GC (Allocation Failure) [PSYoungGen: 70061K->1581K(70656K)] 399842K->331362K(738304K), 0.0017231 secs] [Times: user=0.00 sys=0.00, real=0.01 secs] 
850.384: [GC (Allocation Failure) [PSYoungGen: 70189K->1581K(70656K)] 399970K->331362K(738304K), 0.0016747 secs] [Times: user=0.01 sys=0.00, real=0.00 secs] 
850.800: [GC (Allocation Failure) [PSYoungGen: 70189K->1549K(70656K)] 399970K->331330K(738304K), 0.0017321 secs] [Times: user=0.00 sys=0.00, real=0.00 secs] 
851.439: [GC (Allocation Failure) [PSYoungGen: 70157K->1472K(70656K)] 399938K->331253K(738304K), 0.0037434 secs] [Times: user=0.01 sys=0.00, real=0.01 secs] 
851.905: [GC (Allocation Failure) [PSYoungGen: 70080K->1408K(70656K)] 399861K->331189K(738304K), 0.0021718 secs] [Times: user=0.00 sys=0.00, real=0.00 secs] 
852.469: [GC (Allocation Failure) [PSYoungGen: 70016K->1376K(70656K)] 399797K->331157K(738304K), 0.0025906 secs] [Times: user=0.01 sys=0.00, real=0.00 secs] 
853.025: [GC (Allocation Failure) [PSYoungGen: 69984K->1376K(70656K)] 399765K->331157K(738304K), 0.0021364 secs] [Times: user=0.00 sys=0.00, real=0.00 secs] 
853.557: [GC (Allocation Failure) [PSYoungGen: 69984K->1517K(70656K)] 399765K->331298K(738304K), 0.0015980 secs] [Times: user=0.00 sys=0.00, real=0.00 secs] 
853.970: [GC (Allocation Failure) [PSYoungGen: 70125K->1552K(70656K)] 399906K->331333K(738304K), 0.0016917 secs] [Times: user=0.01 sys=0.00, real=0.00 secs] 
854.382: [GC (Allocation Failure) [PSYoungGen: 70160K->1581K(70656K)] 399941K->331362K(738304K), 0.0016884 secs] [Times: user=0.01 sys=0.00, real=0.01 secs] 
854.799: [GC (Allocation Failure) [PSYoungGen: 70189K->1581K(70656K)] 399970K->331370K(738304K), 0.0016456 secs] [Times: user=0.01 sys=0.00, real=0.00 secs] 
855.478: [GC (Allocation Failure) [PSYoungGen: 70189K->1440K(70656K)] 399978K->331229K(738304K), 0.0021673 secs] [Times: user=0.01 sys=0.00, real=0.00 secs] 
856.084: [GC (Allocation Failure) [PSYoungGen: 70048K->1312K(70656K)] 399837K->331101K(738304K), 0.0025949 secs] [Times: user=0.01 sys=0.00, real=0.00 secs] 
856.874: [GC (Allocation Failure) [PSYoungGen: 69920K->1408K(70656K)] 399709K->331197K(738304K), 0.0026920 secs] [Times: user=0.01 sys=0.00, real=0.00 secs] 
857.670: [GC (Allocation Failure) [PSYoungGen: 70016K->1408K(70656K)] 399805K->331205K(738304K), 0.0024792 secs] [Times: user=0.01 sys=0.00, real=0.00 secs] 
858.258: [GC (Allocation Failure) [PSYoungGen: 70016K->1581K(70656K)] 399813K->331378K(738304K), 0.0016313 secs] [Times: user=0.00 sys=0.00, real=0.00 secs] 
858.672: [GC (Allocation Failure) [PSYoungGen: 70189K->1549K(70656K)] 399986K->331346K(738304K), 0.0016477 secs] [Times: user=0.01 sys=0.00, real=0.01 secs] 
859.142: [GC (Allocation Failure) [PSYoungGen: 70157K->1485K(70656K)] 399954K->331282K(738304K), 0.0018181 secs] [Times: user=0.00 sys=0.00, real=0.01 secs] 
859.621: [GC (Allocation Failure) [PSYoungGen: 70093K->1472K(70656K)] 399890K->331269K(738304K), 0.0023310 secs] [Times: user=0.01 sys=0.00, real=0.01 secs] 
860.257: [GC (Allocation Failure) [PSYoungGen: 70080K->1408K(70656K)] 399877K->331205K(738304K), 0.0019884 secs] [Times: user=0.01 sys=0.01, real=0.00 secs] 
860.808: [GC (Allocation Failure) [PSYoungGen: 70016K->1312K(70656K)] 399813K->331109K(738304K), 0.0020621 secs] [Times: user=0.01 sys=0.00, real=0.00 secs] 
861.387: [GC (Allocation Failure) [PSYoungGen: 69920K->1376K(70656K)] 399717K->331189K(738304K), 0.0020330 secs] [Times: user=0.01 sys=0.00, real=0.00 secs] 
861.984: [GC (Allocation Failure) [PSYoungGen: 69984K->1485K(70656K)] 399797K->331298K(738304K), 0.0015750 secs] [Times: user=0.01 sys=0.00, real=0.00 secs] 
862.397: [GC (Allocation Failure) [PSYoungGen: 70093K->1581K(70656K)] 399906K->331394K(738304K), 0.0016325 secs] [Times: user=0.01 sys=0.00, real=0.00 secs] 
862.814: [GC (Allocation Failure) [PSYoungGen: 70189K->1581K(70656K)] 400002K->331394K(738304K), 0.0015617 secs] [Times: user=0.01 sys=0.00, real=0.00 secs] 
863.228: [GC (Allocation Failure) [PSYoungGen: 70189K->1533K(70656K)] 400002K->331346K(738304K), 0.0016637 secs] [Times: user=0.01 sys=0.00, real=0.00 secs] 
863.624: [GC (Allocation Failure) [PSYoungGen: 70141K->1472K(70656K)] 399954K->331285K(738304K), 0.0018100 secs] [Times: user=0.00 sys=0.00, real=0.00 secs] 
864.196: [GC (Allocation Failure) [PSYoungGen: 70080K->1328K(70656K)] 399893K->331141K(738304K), 0.0019577 secs] [Times: user=0.01 sys=0.00, real=0.00 secs] 
864.872: [GC (Allocation Failure) [PSYoungGen: 69936K->1360K(70656K)] 399749K->331173K(738304K), 0.0027307 secs] [Times: user=0.01 sys=0.00, real=0.01 secs] 
865.672: [GC (Allocation Failure) [PSYoungGen: 69968K->1376K(70656K)] 399781K->331189K(738304K), 0.0024663 secs] [Times: user=0.01 sys=0.00, real=0.01 secs] 
866.309: [GC (Allocation Failure) [PSYoungGen: 69984K->1549K(70656K)] 399797K->331362K(738304K), 0.0015672 secs] [Times: user=0.01 sys=0.00, real=0.00 secs] 
866.785: [GC (Allocation Failure) [PSYoungGen: 70155K->1549K(70656K)] 399968K->331362K(738304K), 0.0017257 secs] [Times: user=0.01 sys=0.00, real=0.00 secs] 
867.256: [GC (Allocation Failure) [PSYoungGen: 70157K->1581K(70656K)] 399970K->331394K(738304K), 0.0017772 secs] [Times: user=0.00 sys=0.00, real=0.00 secs] 
867.669: [GC (Allocation Failure) [PSYoungGen: 70189K->1501K(70656K)] 400002K->331322K(738304K), 0.0018077 secs] [Times: user=0.01 sys=0.00, real=0.00 secs] 
868.130: [GC (Allocation Failure) [PSYoungGen: 70109K->1440K(70656K)] 399930K->331261K(738304K), 0.0028505 secs] [Times: user=0.01 sys=0.00, real=0.00 secs] 
868.772: [GC (Allocation Failure) [PSYoungGen: 70048K->1360K(70656K)] 399869K->331181K(738304K), 0.0029590 secs] [Times: user=0.01 sys=0.00, real=0.01 secs] 
869.383: [GC (Allocation Failure) [PSYoungGen: 69968K->1344K(70656K)] 399789K->331165K(738304K), 0.0032190 secs] [Times: user=0.01 sys=0.00, real=0.01 secs] 
870.001: [GC (Allocation Failure) [PSYoungGen: 69952K->1328K(70656K)] 399773K->331149K(738304K), 0.0032087 secs] [Times: user=0.01 sys=0.00, real=0.01 secs] 
870.581: [GC (Allocation Failure) [PSYoungGen: 69936K->1549K(70656K)] 399757K->331370K(738304K), 0.0018063 secs] [Times: user=0.00 sys=0.00, real=0.00 secs] 
871.053: [GC (Allocation Failure) [PSYoungGen: 70157K->1549K(70656K)] 399978K->331370K(738304K), 0.0017829 secs] [Times: user=0.00 sys=0.01, real=0.00 secs] 
871.528: [GC (Allocation Failure) [PSYoungGen: 70157K->1549K(70656K)] 399978K->331394K(738304K), 0.0016702 secs] [Times: user=0.01 sys=0.00, real=0.00 secs] 
871.956: [GC (Allocation Failure) [PSYoungGen: 70157K->1440K(70656K)] 400002K->331285K(738304K), 0.0021502 secs] [Times: user=0.01 sys=0.00, real=0.00 secs] 
872.244: [GC (Allocation Failure) [PSYoungGen: 70048K->1376K(70656K)] 399893K->331221K(738304K), 0.0019602 secs] [Times: user=0.01 sys=0.00, real=0.00 secs] 
872.629: [GC (Allocation Failure) [PSYoungGen: 69984K->1392K(70656K)] 399829K->331237K(738304K), 0.0032915 secs] [Times: user=0.02 sys=0.00, real=0.00 secs] 
873.108: [GC (Allocation Failure) [PSYoungGen: 70000K->1376K(70656K)] 399845K->331221K(738304K), 0.0027103 secs] [Times: user=0.01 sys=0.00, real=0.00 secs] 
873.747: [GC (Allocation Failure) [PSYoungGen: 69984K->1488K(70656K)] 399829K->331333K(738304K), 0.0020639 secs] [Times: user=0.01 sys=0.00, real=0.00 secs] 
874.174: [GC (Allocation Failure) [PSYoungGen: 70096K->1520K(70656K)] 399941K->331365K(738304K), 0.0017408 secs] [Times: user=0.01 sys=0.00, real=0.00 secs] 
874.651: [GC (Allocation Failure) [PSYoungGen: 70128K->1584K(70656K)] 399973K->331429K(738304K), 0.0016347 secs] [Times: user=0.01 sys=0.00, real=0.00 secs] 
875.069: [GC (Allocation Failure) [PSYoungGen: 70192K->1584K(70656K)] 400037K->331429K(738304K), 0.0017498 secs] [Times: user=0.01 sys=0.00, real=0.00 secs] 
875.529: [GC (Allocation Failure) [PSYoungGen: 70192K->1424K(70656K)] 400037K->331277K(738304K), 0.0027699 secs] [Times: user=0.01 sys=0.00, real=0.00 secs] 
875.942: [GC (Allocation Failure) [PSYoungGen: 70032K->1376K(70656K)] 399885K->331229K(738304K), 0.0020042 secs] [Times: user=0.00 sys=0.00, real=0.01 secs] 
876.549: [GC (Allocation Failure) [PSYoungGen: 69984K->1408K(70656K)] 399837K->331261K(738304K), 0.0024346 secs] [Times: user=0.01 sys=0.00, real=0.00 secs] 
877.112: [GC (Allocation Failure) [PSYoungGen: 70016K->1344K(70656K)] 399869K->331197K(738304K), 0.0024438 secs] [Times: user=0.01 sys=0.00, real=0.01 secs] 
877.673: [GC (Allocation Failure) [PSYoungGen: 69952K->1453K(70656K)] 399805K->331306K(738304K), 0.0015970 secs] [Times: user=0.01 sys=0.00, real=0.01 secs] 
878.084: [GC (Allocation Failure) [PSYoungGen: 70061K->1581K(70656K)] 399914K->331434K(738304K), 0.0016930 secs] [Times: user=0.01 sys=0.00, real=0.00 secs] 
878.497: [GC (Allocation Failure) [PSYoungGen: 70189K->1501K(70656K)] 400042K->331354K(738304K), 0.0016603 secs] [Times: user=0.01 sys=0.00, real=0.00 secs] 
878.949: [GC (Allocation Failure) [PSYoungGen: 70109K->1680K(70656K)] 399962K->331533K(738304K), 0.0018910 secs] [Times: user=0.01 sys=0.00, real=0.00 secs] 
879.491: [GC (Allocation Failure) [PSYoungGen: 70288K->1408K(70656K)] 400141K->331261K(738304K), 0.0023590 secs] [Times: user=0.01 sys=0.00, real=0.01 secs] 
879.777: [GC (Allocation Failure) [PSYoungGen: 70016K->1344K(70656K)] 399869K->331197K(738304K), 0.0021719 secs] [Times: user=0.01 sys=0.00, real=0.00 secs] 
880.100: [GC (Allocation Failure) [PSYoungGen: 69952K->1440K(70656K)] 399805K->331317K(738304K), 0.0025023 secs] [Times: user=0.01 sys=0.00, real=0.00 secs] 
880.386: [GC (Allocation Failure) [PSYoungGen: 70048K->1408K(70656K)] 399925K->331285K(738304K), 0.0017706 secs] [Times: user=0.01 sys=0.00, real=0.00 secs] 
880.833: [GC (Allocation Failure) [PSYoungGen: 70016K->1581K(70656K)] 399893K->331458K(738304K), 0.0016767 secs] [Times: user=0.01 sys=0.00, real=0.01 secs] 
881.248: [GC (Allocation Failure) [PSYoungGen: 70189K->1613K(70656K)] 400066K->331490K(738304K), 0.0016934 secs] [Times: user=0.01 sys=0.00, real=0.00 secs] 
881.661: [GC (Allocation Failure) [PSYoungGen: 70221K->1613K(70656K)] 400098K->331490K(738304K), 0.0016346 secs] [Times: user=0.01 sys=0.00, real=0.00 secs] 
882.441: [GC (Allocation Failure) [PSYoungGen: 70221K->1472K(70656K)] 400098K->331349K(738304K), 0.0024659 secs] [Times: user=0.01 sys=0.00, real=0.01 secs] 
882.776: [GC (Allocation Failure) [PSYoungGen: 70080K->1376K(70656K)] 399957K->331253K(738304K), 0.0019958 secs] [Times: user=0.00 sys=0.00, real=0.00 secs] 
883.061: [GC (Allocation Failure) [PSYoungGen: 69984K->1408K(70656K)] 399861K->331285K(738304K), 0.0019523 secs] [Times: user=0.01 sys=0.00, real=0.00 secs] 
883.346: [GC (Allocation Failure) [PSYoungGen: 70016K->1408K(70656K)] 399893K->331285K(738304K), 0.0018539 secs] [Times: user=0.00 sys=0.00, real=0.00 secs] 
883.753: [GC (Allocation Failure) [PSYoungGen: 70016K->1485K(70656K)] 399893K->331362K(738304K), 0.0016715 secs] [Times: user=0.01 sys=0.00, real=0.01 secs] 
884.171: [GC (Allocation Failure) [PSYoungGen: 70093K->1520K(70656K)] 399970K->331397K(738304K), 0.0016884 secs] [Times: user=0.00 sys=0.00, real=0.00 secs] 
884.646: [GC (Allocation Failure) [PSYoungGen: 70128K->1584K(70656K)] 400005K->331461K(738304K), 0.0017436 secs] [Times: user=0.01 sys=0.00, real=0.00 secs] 
885.062: [GC (Allocation Failure) [PSYoungGen: 70192K->1552K(70656K)] 400069K->331437K(738304K), 0.0017932 secs] [Times: user=0.01 sys=0.00, real=0.01 secs] 
886.804: [GC (Allocation Failure) [PSYoungGen: 70160K->1440K(70656K)] 400045K->331325K(738304K), 0.0035400 secs] [Times: user=0.01 sys=0.00, real=0.00 secs] 
887.792: [GC (Allocation Failure) [PSYoungGen: 70048K->1376K(70656K)] 399933K->331261K(738304K), 0.0030772 secs] [Times: user=0.01 sys=0.00, real=0.01 secs] 
888.140: [GC (Allocation Failure) [PSYoungGen: 69984K->1376K(70656K)] 399869K->331269K(738304K), 0.0020343 secs] [Times: user=0.01 sys=0.00, real=0.00 secs] 
888.467: [GC (Allocation Failure) [PSYoungGen: 69984K->1344K(70656K)] 399877K->331237K(738304K), 0.0018972 secs] [Times: user=0.01 sys=0.00, real=0.00 secs] 
888.885: [GC (Allocation Failure) [PSYoungGen: 69952K->1517K(70656K)] 399845K->331410K(738304K), 0.0016233 secs] [Times: user=0.00 sys=0.00, real=0.00 secs] 
889.297: [GC (Allocation Failure) [PSYoungGen: 70125K->1581K(70656K)] 400018K->331474K(738304K), 0.0016818 secs] [Times: user=0.00 sys=0.00, real=0.00 secs] 
889.710: [GC (Allocation Failure) [PSYoungGen: 70189K->1581K(70656K)] 400082K->331474K(738304K), 0.0015818 secs] [Times: user=0.01 sys=0.00, real=0.00 secs] 
890.292: [GC (Allocation Failure) [PSYoungGen: 70189K->1536K(70656K)] 400082K->331429K(738304K), 0.0021797 secs] [Times: user=0.00 sys=0.00, real=0.01 secs] 
890.999: [GC (Allocation Failure) [PSYoungGen: 70144K->1408K(70656K)] 400037K->331301K(738304K), 0.0026092 secs] [Times: user=0.01 sys=0.00, real=0.00 secs] 
891.550: [GC (Allocation Failure) [PSYoungGen: 70016K->1376K(70656K)] 399909K->331277K(738304K), 0.0022235 secs] [Times: user=0.01 sys=0.00, real=0.00 secs] 
892.092: [GC (Allocation Failure) [PSYoungGen: 69984K->1376K(70656K)] 399885K->331277K(738304K), 0.0020365 secs] [Times: user=0.01 sys=0.00, real=0.01 secs] 
892.660: [GC (Allocation Failure) [PSYoungGen: 69984K->1453K(70656K)] 399885K->331354K(738304K), 0.0022530 secs] [Times: user=0.01 sys=0.00, real=0.00 secs] 
893.116: [GC (Allocation Failure) [PSYoungGen: 70061K->1552K(70656K)] 399962K->331453K(738304K), 0.0017348 secs] [Times: user=0.00 sys=0.00, real=0.00 secs] 
893.528: [GC (Allocation Failure) [PSYoungGen: 70160K->1501K(70656K)] 400061K->331402K(738304K), 0.0016955 secs] [Times: user=0.01 sys=0.00, real=0.00 secs] 
893.942: [GC (Allocation Failure) [PSYoungGen: 70109K->1520K(70656K)] 400010K->331421K(738304K), 0.0016832 secs] [Times: user=0.01 sys=0.00, real=0.01 secs] 
894.851: [GC (Allocation Failure) [PSYoungGen: 70128K->1456K(70656K)] 400029K->331373K(738304K), 0.0038404 secs] [Times: user=0.02 sys=0.01, real=0.01 secs] 
895.515: [GC (Allocation Failure) [PSYoungGen: 70064K->1376K(70656K)] 399981K->331293K(738304K), 0.0038605 secs] [Times: user=0.02 sys=0.00, real=0.00 secs] 
896.120: [GC (Allocation Failure) [PSYoungGen: 69984K->1408K(70656K)] 399901K->331325K(738304K), 0.0025949 secs] [Times: user=0.01 sys=0.00, real=0.00 secs] 
896.844: [GC (Allocation Failure) [PSYoungGen: 70016K->1360K(70656K)] 399933K->331277K(738304K), 0.0039016 secs] [Times: user=0.01 sys=0.00, real=0.00 secs] 
897.566: [GC (Allocation Failure) [PSYoungGen: 69968K->1485K(70656K)] 399885K->331402K(738304K), 0.0016969 secs] [Times: user=0.01 sys=0.00, real=0.00 secs] 
898.036: [GC (Allocation Failure) [PSYoungGen: 70093K->1533K(70656K)] 400010K->331450K(738304K), 0.0017759 secs] [Times: user=0.01 sys=0.00, real=0.00 secs] 
898.449: [GC (Allocation Failure) [PSYoungGen: 70141K->1581K(70656K)] 400058K->331498K(738304K), 0.0017666 secs] [Times: user=0.01 sys=0.00, real=0.00 secs] 
898.921: [GC (Allocation Failure) [PSYoungGen: 70189K->1581K(70656K)] 400106K->331506K(738304K), 0.0016934 secs] [Times: user=0.01 sys=0.00, real=0.00 secs] 
899.693: [GC (Allocation Failure) [PSYoungGen: 70189K->1440K(70656K)] 400114K->331365K(738304K), 0.0031534 secs] [Times: user=0.01 sys=0.00, real=0.01 secs] 
900.309: [GC (Allocation Failure) [PSYoungGen: 70048K->1376K(70656K)] 399973K->331301K(738304K), 0.0023730 secs] [Times: user=0.01 sys=0.00, real=0.00 secs] 
900.753: [GC (Allocation Failure) [PSYoungGen: 69984K->1344K(70656K)] 399909K->331269K(738304K), 0.0019905 secs] [Times: user=0.01 sys=0.00, real=0.00 secs] 
901.371: [GC (Allocation Failure) [PSYoungGen: 69952K->1376K(70656K)] 399877K->331301K(738304K), 0.0021833 secs] [Times: user=0.01 sys=0.00, real=0.01 secs] 
901.854: [GC (Allocation Failure) [PSYoungGen: 69984K->1549K(70656K)] 399909K->331490K(738304K), 0.0016540 secs] [Times: user=0.01 sys=0.00, real=0.00 secs] 
902.266: [GC (Allocation Failure) [PSYoungGen: 70157K->1581K(70656K)] 400098K->331522K(738304K), 0.0016635 secs] [Times: user=0.00 sys=0.00, real=0.00 secs] 
902.680: [GC (Allocation Failure) [PSYoungGen: 70189K->1581K(70656K)] 400130K->331522K(738304K), 0.0016416 secs] [Times: user=0.01 sys=0.00, real=0.00 secs] 
903.226: [GC (Allocation Failure) [PSYoungGen: 70189K->1536K(70656K)] 400130K->331477K(738304K), 0.0022805 secs] [Times: user=0.01 sys=0.00, real=0.00 secs] 
903.846: [GC (Allocation Failure) [PSYoungGen: 70144K->1408K(70656K)] 400085K->331349K(738304K), 0.0026231 secs] [Times: user=0.01 sys=0.00, real=0.00 secs] 
904.119: [GC (Allocation Failure) [PSYoungGen: 70016K->1376K(70656K)] 399957K->331317K(738304K), 0.0021785 secs] [Times: user=0.01 sys=0.00, real=0.00 secs] 
904.403: [GC (Allocation Failure) [PSYoungGen: 69984K->1376K(70656K)] 399925K->331317K(738304K), 0.0020021 secs] [Times: user=0.00 sys=0.00, real=0.00 secs] 
904.762: [GC (Allocation Failure) [PSYoungGen: 69984K->1453K(70656K)] 399925K->331394K(738304K), 0.0021637 secs] [Times: user=0.00 sys=0.00, real=0.01 secs] 
905.300: [GC (Allocation Failure) [PSYoungGen: 70061K->1517K(70656K)] 400002K->331458K(738304K), 0.0017705 secs] [Times: user=0.01 sys=0.00, real=0.00 secs] 
905.715: [GC (Allocation Failure) [PSYoungGen: 70125K->1533K(70656K)] 400066K->331474K(738304K), 0.0016700 secs] [Times: user=0.00 sys=0.00, real=0.00 secs] 
906.128: [GC (Allocation Failure) [PSYoungGen: 70141K->1581K(70656K)] 400082K->331522K(738304K), 0.0017056 secs] [Times: user=0.01 sys=0.00, real=0.00 secs] 
906.689: [GC (Allocation Failure) [PSYoungGen: 70189K->1488K(70656K)] 400130K->331429K(738304K), 0.0032032 secs] [Times: user=0.01 sys=0.00, real=0.00 secs] 
906.997: [GC (Allocation Failure) [PSYoungGen: 70096K->1360K(70656K)] 400037K->331301K(738304K), 0.0018680 secs] [Times: user=0.01 sys=0.00, real=0.00 secs] 
907.282: [GC (Allocation Failure) [PSYoungGen: 69968K->1376K(70656K)] 399909K->331317K(738304K), 0.0019579 secs] [Times: user=0.00 sys=0.00, real=0.01 secs] 
907.662: [GC (Allocation Failure) [PSYoungGen: 69984K->1408K(70656K)] 399925K->331349K(738304K), 0.0020288 secs] [Times: user=0.01 sys=0.00, real=0.01 secs] 
908.215: [GC (Allocation Failure) [PSYoungGen: 70016K->1517K(70656K)] 399957K->331458K(738304K), 0.0016421 secs] [Times: user=0.01 sys=0.00, real=0.00 secs] 
908.628: [GC (Allocation Failure) [PSYoungGen: 70125K->1549K(70656K)] 400066K->331490K(738304K), 0.0018013 secs] [Times: user=0.00 sys=0.00, real=0.00 secs] 
909.041: [GC (Allocation Failure) [PSYoungGen: 70157K->1549K(70656K)] 400098K->331490K(738304K), 0.0015653 secs] [Times: user=0.01 sys=0.00, real=0.00 secs] 
909.454: [GC (Allocation Failure) [PSYoungGen: 70157K->1565K(70656K)] 400098K->331522K(738304K), 0.0016545 secs] [Times: user=0.00 sys=0.00, real=0.00 secs] 
909.846: [GC (Allocation Failure) [PSYoungGen: 70173K->1440K(70656K)] 400130K->331397K(738304K), 0.0047476 secs] [Times: user=0.02 sys=0.00, real=0.00 secs] 
910.144: [GC (Allocation Failure) [PSYoungGen: 70048K->1408K(70656K)] 400005K->331365K(738304K), 0.0018730 secs] [Times: user=0.01 sys=0.00, real=0.00 secs] 
910.438: [GC (Allocation Failure) [PSYoungGen: 70016K->1376K(70656K)] 399973K->331333K(738304K), 0.0020840 secs] [Times: user=0.01 sys=0.00, real=0.00 secs] 
910.925: [GC (Allocation Failure) [PSYoungGen: 69984K->1376K(70656K)] 399941K->331333K(738304K), 0.0019619 secs] [Times: user=0.01 sys=0.00, real=0.00 secs] 
911.389: [GC (Allocation Failure) [PSYoungGen: 69984K->1549K(70656K)] 399941K->331506K(738304K), 0.0016291 secs] [Times: user=0.01 sys=0.00, real=0.00 secs] 
911.802: [GC (Allocation Failure) [PSYoungGen: 70157K->1581K(70656K)] 400114K->331538K(738304K), 0.0016353 secs] [Times: user=0.00 sys=0.00, real=0.01 secs] 
912.215: [GC (Allocation Failure) [PSYoungGen: 70189K->1581K(70656K)] 400146K->331538K(738304K), 0.0017013 secs] [Times: user=0.01 sys=0.00, real=0.00 secs] 
912.731: [GC (Allocation Failure) [PSYoungGen: 70189K->1488K(70656K)] 400146K->331445K(738304K), 0.0017616 secs] [Times: user=0.00 sys=0.00, real=0.01 secs] 
913.259: [GC (Allocation Failure) [PSYoungGen: 70096K->1440K(70656K)] 400053K->331397K(738304K), 0.0019792 secs] [Times: user=0.00 sys=0.00, real=0.00 secs] 
913.545: [GC (Allocation Failure) [PSYoungGen: 70048K->1392K(70656K)] 400005K->331349K(738304K), 0.0019519 secs] [Times: user=0.01 sys=0.00, real=0.00 secs] 
913.831: [GC (Allocation Failure) [PSYoungGen: 70000K->1440K(70656K)] 399957K->331397K(738304K), 0.0019344 secs] [Times: user=0.01 sys=0.00, real=0.00 secs] 
914.185: [GC (Allocation Failure) [PSYoungGen: 70048K->1501K(70656K)] 400005K->331458K(738304K), 0.0015703 secs] [Times: user=0.01 sys=0.00, real=0.00 secs] 
914.596: [GC (Allocation Failure) [PSYoungGen: 70109K->1552K(70656K)] 400066K->331509K(738304K), 0.0017196 secs] [Times: user=0.00 sys=0.00, real=0.00 secs] 
915.012: [GC (Allocation Failure) [PSYoungGen: 70160K->1584K(70656K)] 400117K->331541K(738304K), 0.0017018 secs] [Times: user=0.01 sys=0.00, real=0.01 secs] 
915.428: [GC (Allocation Failure) [PSYoungGen: 70192K->1616K(70656K)] 400149K->331573K(738304K), 0.0016704 secs] [Times: user=0.01 sys=0.00, real=0.00 secs] 
916.433: [GC (Allocation Failure) [PSYoungGen: 70224K->1440K(70656K)] 400181K->331413K(738304K), 0.0022416 secs] [Times: user=0.01 sys=0.00, real=0.00 secs] 
917.509: [GC (Allocation Failure) [PSYoungGen: 70048K->1376K(70656K)] 400021K->331349K(738304K), 0.0023913 secs] [Times: user=0.01 sys=0.01, real=0.00 secs] 
918.026: [GC (Allocation Failure) [PSYoungGen: 69984K->1376K(70656K)] 399957K->331349K(738304K), 0.0023915 secs] [Times: user=0.01 sys=0.00, real=0.00 secs] 
918.450: [GC (Allocation Failure) [PSYoungGen: 69984K->1376K(70656K)] 399957K->331349K(738304K), 0.0023361 secs] [Times: user=0.01 sys=0.01, real=0.00 secs] 
918.948: [GC (Allocation Failure) [PSYoungGen: 69984K->1549K(70656K)] 399957K->331522K(738304K), 0.0016412 secs] [Times: user=0.01 sys=0.00, real=0.00 secs] 
919.362: [GC (Allocation Failure) [PSYoungGen: 70157K->1584K(70656K)] 400130K->331557K(738304K), 0.0017152 secs] [Times: user=0.00 sys=0.00, real=0.01 secs] 
919.778: [GC (Allocation Failure) [PSYoungGen: 70192K->1549K(70656K)] 400165K->331522K(738304K), 0.0017928 secs] [Times: user=0.00 sys=0.00, real=0.00 secs] 
920.297: [GC (Allocation Failure) [PSYoungGen: 70157K->1600K(70656K)] 400130K->331573K(738304K), 0.0019700 secs] [Times: user=0.00 sys=0.00, real=0.00 secs] 
922.593: [GC (Allocation Failure) [PSYoungGen: 70208K->1344K(70656K)] 400181K->331325K(738304K), 0.0039221 secs] [Times: user=0.01 sys=0.00, real=0.00 secs] 
923.173: [GC (Allocation Failure) [PSYoungGen: 69952K->1376K(70656K)] 399933K->331357K(738304K), 0.0020517 secs] [Times: user=0.01 sys=0.00, real=0.00 secs] 
923.458: [GC (Allocation Failure) [PSYoungGen: 69984K->1376K(70656K)] 399965K->331357K(738304K), 0.0019650 secs] [Times: user=0.00 sys=0.00, real=0.00 secs] 
923.742: [GC (Allocation Failure) [PSYoungGen: 69984K->1376K(70656K)] 399965K->331357K(738304K), 0.0017094 secs] [Times: user=0.01 sys=0.00, real=0.01 secs] 
924.187: [GC (Allocation Failure) [PSYoungGen: 69984K->1520K(70656K)] 399965K->331501K(738304K), 0.0016679 secs] [Times: user=0.01 sys=0.00, real=0.00 secs] 
924.601: [GC (Allocation Failure) [PSYoungGen: 70128K->1549K(70656K)] 400109K->331530K(738304K), 0.0017052 secs] [Times: user=0.00 sys=0.00, real=0.00 secs] 
925.016: [GC (Allocation Failure) [PSYoungGen: 70157K->1549K(70656K)] 400138K->331530K(738304K), 0.0017005 secs] [Times: user=0.00 sys=0.00, real=0.00 secs] 
926.091: [GC (Allocation Failure) [PSYoungGen: 70157K->1472K(70656K)] 400138K->331453K(738304K), 0.0034780 secs] [Times: user=0.01 sys=0.00, real=0.01 secs] 
927.070: [GC (Allocation Failure) [PSYoungGen: 70080K->1408K(70656K)] 400061K->331389K(738304K), 0.0065146 secs] [Times: user=0.02 sys=0.00, real=0.01 secs] 
927.657: [GC (Allocation Failure) [PSYoungGen: 70016K->1408K(70656K)] 399997K->331389K(738304K), 0.0024234 secs] [Times: user=0.01 sys=0.00, real=0.00 secs] 
928.246: [GC (Allocation Failure) [PSYoungGen: 70016K->1392K(70656K)] 399997K->331373K(738304K), 0.0024107 secs] [Times: user=0.01 sys=0.00, real=0.00 secs] 
928.931: [GC (Allocation Failure) [PSYoungGen: 70000K->1485K(70656K)] 399981K->331466K(738304K), 0.0019397 secs] [Times: user=0.01 sys=0.00, real=0.01 secs] 
929.351: [GC (Allocation Failure) [PSYoungGen: 70093K->1533K(70656K)] 400074K->331514K(738304K), 0.0017910 secs] [Times: user=0.01 sys=0.00, real=0.00 secs] 
929.765: [GC (Allocation Failure) [PSYoungGen: 70141K->1581K(70656K)] 400122K->331562K(738304K), 0.0016507 secs] [Times: user=0.00 sys=0.00, real=0.00 secs] 
930.182: [GC (Allocation Failure) [PSYoungGen: 70189K->1533K(70656K)] 400170K->331522K(738304K), 0.0016878 secs] [Times: user=0.00 sys=0.00, real=0.01 secs] 
930.844: [GC (Allocation Failure) [PSYoungGen: 70141K->1440K(70656K)] 400130K->331429K(738304K), 0.0031487 secs] [Times: user=0.01 sys=0.00, real=0.00 secs] 
931.456: [GC (Allocation Failure) [PSYoungGen: 70048K->1408K(70656K)] 400037K->331421K(738304K), 0.0030464 secs] [Times: user=0.01 sys=0.00, real=0.00 secs] 
932.082: [GC (Allocation Failure) [PSYoungGen: 70016K->1376K(70656K)] 400029K->331389K(738304K), 0.0032653 secs] [Times: user=0.01 sys=0.00, real=0.01 secs] 
932.490: [GC (Allocation Failure) [PSYoungGen: 69984K->1408K(70656K)] 399997K->331421K(738304K), 0.0018476 secs] [Times: user=0.00 sys=0.00, real=0.00 secs] 
932.971: [GC (Allocation Failure) [PSYoungGen: 70016K->1488K(70656K)] 400029K->331501K(738304K), 0.0015637 secs] [Times: user=0.01 sys=0.00, real=0.00 secs] 
933.384: [GC (Allocation Failure) [PSYoungGen: 70096K->1520K(70656K)] 400109K->331533K(738304K), 0.0016883 secs] [Times: user=0.00 sys=0.00, real=0.00 secs] 
933.797: [GC (Allocation Failure) [PSYoungGen: 70128K->1581K(70656K)] 400141K->331594K(738304K), 0.0016725 secs] [Times: user=0.01 sys=0.00, real=0.00 secs] 
934.328: [GC (Allocation Failure) [PSYoungGen: 70189K->2032K(70656K)] 400202K->332061K(738304K), 0.0019977 secs] [Times: user=0.01 sys=0.00, real=0.00 secs] 
935.007: [GC (Allocation Failure) [PSYoungGen: 70640K->1408K(70656K)] 400669K->331437K(738304K), 0.0037453 secs] [Times: user=0.01 sys=0.00, real=0.00 secs] 
935.784: [GC (Allocation Failure) [PSYoungGen: 70016K->1408K(70656K)] 400045K->331437K(738304K), 0.0027568 secs] [Times: user=0.02 sys=0.00, real=0.00 secs] 
936.633: [GC (Allocation Failure) [PSYoungGen: 70016K->1408K(70656K)] 400045K->331437K(738304K), 0.0027625 secs] [Times: user=0.01 sys=0.01, real=0.00 secs] 
937.254: [GC (Allocation Failure) [PSYoungGen: 70016K->1424K(70656K)] 400045K->331453K(738304K), 0.0024943 secs] [Times: user=0.01 sys=0.00, real=0.00 secs] 
937.737: [GC (Allocation Failure) [PSYoungGen: 70032K->1581K(70656K)] 400061K->331610K(738304K), 0.0017226 secs] [Times: user=0.00 sys=0.00, real=0.00 secs] 
938.153: [GC (Allocation Failure) [PSYoungGen: 70189K->1581K(70656K)] 400218K->331610K(738304K), 0.0016812 secs] [Times: user=0.01 sys=0.00, real=0.00 secs] 
938.568: [GC (Allocation Failure) [PSYoungGen: 70189K->1565K(70656K)] 400218K->331594K(738304K), 0.0016618 secs] [Times: user=0.00 sys=0.00, real=0.00 secs] 
938.959: [GC (Allocation Failure) [PSYoungGen: 70173K->1472K(70656K)] 400202K->331509K(738304K), 0.0018345 secs] [Times: user=0.01 sys=0.00, real=0.00 secs] 
939.453: [GC (Allocation Failure) [PSYoungGen: 70080K->1408K(70656K)] 400117K->331445K(738304K), 0.0021417 secs] [Times: user=0.01 sys=0.00, real=0.01 secs] 
940.080: [GC (Allocation Failure) [PSYoungGen: 70016K->1408K(70656K)] 400053K->331445K(738304K), 0.0032147 secs] [Times: user=0.01 sys=0.00, real=0.01 secs] 
940.759: [GC (Allocation Failure) [PSYoungGen: 70016K->1440K(70656K)] 400053K->331477K(738304K), 0.0030654 secs] [Times: user=0.01 sys=0.00, real=0.00 secs] 
941.516: [GC (Allocation Failure) [PSYoungGen: 70048K->1549K(70656K)] 400085K->331610K(738304K), 0.0016102 secs] [Times: user=0.00 sys=0.01, real=0.00 secs] 
941.928: [GC (Allocation Failure) [PSYoungGen: 70157K->1613K(70656K)] 400218K->331674K(738304K), 0.0016220 secs] [Times: user=0.01 sys=0.00, real=0.00 secs] 
942.341: [GC (Allocation Failure) [PSYoungGen: 70221K->1581K(70656K)] 400282K->331642K(738304K), 0.0017065 secs] [Times: user=0.01 sys=0.00, real=0.00 secs] 
942.754: [GC (Allocation Failure) [PSYoungGen: 70189K->1581K(70656K)] 400250K->331658K(738304K), 0.0017289 secs] [Times: user=0.00 sys=0.00, real=0.00 secs] 
943.430: [GC (Allocation Failure) [PSYoungGen: 70189K->1440K(70656K)] 400266K->331517K(738304K), 0.0018628 secs] [Times: user=0.01 sys=0.00, real=0.00 secs] 
944.007: [GC (Allocation Failure) [PSYoungGen: 70048K->1408K(70656K)] 400125K->331485K(738304K), 0.0025894 secs] [Times: user=0.01 sys=0.00, real=0.00 secs] 
944.453: [GC (Allocation Failure) [PSYoungGen: 70016K->1408K(70656K)] 400093K->331485K(738304K), 0.0020554 secs] [Times: user=0.01 sys=0.00, real=0.00 secs] 
945.059: [GC (Allocation Failure) [PSYoungGen: 70016K->1408K(70656K)] 400093K->331485K(738304K), 0.0026146 secs] [Times: user=0.01 sys=0.00, real=0.00 secs] 
945.652: [GC (Allocation Failure) [PSYoungGen: 70016K->1584K(70656K)] 400093K->331661K(738304K), 0.0016602 secs] [Times: user=0.01 sys=0.00, real=0.01 secs] 
946.065: [GC (Allocation Failure) [PSYoungGen: 70192K->1565K(70656K)] 400269K->331642K(738304K), 0.0017787 secs] [Times: user=0.00 sys=0.00, real=0.00 secs] 
946.478: [GC (Allocation Failure) [PSYoungGen: 70173K->1584K(70656K)] 400250K->331661K(738304K), 0.0018316 secs] [Times: user=0.01 sys=0.00, real=0.00 secs] 
946.909: [GC (Allocation Failure) [PSYoungGen: 70192K->1504K(70656K)] 400269K->331597K(738304K), 0.0020048 secs] [Times: user=0.01 sys=0.00, real=0.00 secs] 
947.215: [GC (Allocation Failure) [PSYoungGen: 70112K->1376K(70656K)] 400205K->331469K(738304K), 0.0018916 secs] [Times: user=0.00 sys=0.00, real=0.00 secs] 
947.514: [GC (Allocation Failure) [PSYoungGen: 69984K->1376K(70656K)] 400077K->331469K(738304K), 0.0017815 secs] [Times: user=0.00 sys=0.00, real=0.00 secs] 
947.810: [GC (Allocation Failure) [PSYoungGen: 69984K->1344K(70656K)] 400077K->331437K(738304K), 0.0017682 secs] [Times: user=0.01 sys=0.00, real=0.00 secs] 
948.285: [GC (Allocation Failure) [PSYoungGen: 69952K->1405K(70656K)] 400045K->331498K(738304K), 0.0019991 secs] [Times: user=0.01 sys=0.00, real=0.00 secs] 
948.713: [GC (Allocation Failure) [PSYoungGen: 70013K->1533K(70656K)] 400106K->331626K(738304K), 0.0016326 secs] [Times: user=0.01 sys=0.00, real=0.00 secs] 
949.127: [GC (Allocation Failure) [PSYoungGen: 70141K->1533K(70656K)] 400234K->331626K(738304K), 0.0016797 secs] [Times: user=0.00 sys=0.00, real=0.00 secs] 
949.540: [GC (Allocation Failure) [PSYoungGen: 70141K->1536K(70656K)] 400234K->331629K(738304K), 0.0017118 secs] [Times: user=0.01 sys=0.00, real=0.00 secs] 
950.001: [GC (Allocation Failure) [PSYoungGen: 70144K->1488K(70656K)] 400237K->331605K(738304K), 0.0019086 secs] [Times: user=0.01 sys=0.00, real=0.00 secs] 
950.320: [GC (Allocation Failure) [PSYoungGen: 70096K->1440K(70656K)] 400213K->331557K(738304K), 0.0019608 secs] [Times: user=0.01 sys=0.00, real=0.00 secs] 
950.928: [GC (Allocation Failure) [PSYoungGen: 70048K->1408K(70656K)] 400165K->331525K(738304K), 0.0019455 secs] [Times: user=0.01 sys=0.00, real=0.00 secs] 
951.708: [GC (Allocation Failure) [PSYoungGen: 70016K->1440K(70656K)] 400133K->331557K(738304K), 0.0020624 secs] [Times: user=0.01 sys=0.00, real=0.00 secs] 
952.468: [GC (Allocation Failure) [PSYoungGen: 70048K->1488K(70656K)] 400165K->331605K(738304K), 0.0016301 secs] [Times: user=0.01 sys=0.00, real=0.00 secs] 
952.880: [GC (Allocation Failure) [PSYoungGen: 70096K->1581K(70656K)] 400213K->331698K(738304K), 0.0017740 secs] [Times: user=0.00 sys=0.00, real=0.00 secs] 
953.295: [GC (Allocation Failure) [PSYoungGen: 70189K->1584K(70656K)] 400306K->331701K(738304K), 0.0018073 secs] [Times: user=0.01 sys=0.00, real=0.00 secs] 
953.710: [GC (Allocation Failure) [PSYoungGen: 70192K->1552K(70656K)] 400309K->331677K(738304K), 0.0016826 secs] [Times: user=0.01 sys=0.00, real=0.00 secs] 
954.735: [GC (Allocation Failure) [PSYoungGen: 70160K->1408K(70656K)] 400285K->331541K(738304K), 0.0030270 secs] [Times: user=0.01 sys=0.00, real=0.00 secs] 
955.698: [GC (Allocation Failure) [PSYoungGen: 70016K->1376K(70656K)] 400149K->331509K(738304K), 0.0033871 secs] [Times: user=0.01 sys=0.00, real=0.00 secs] 
956.431: [GC (Allocation Failure) [PSYoungGen: 69984K->1408K(70656K)] 400117K->331541K(738304K), 0.0025617 secs] [Times: user=0.01 sys=0.00, real=0.01 secs] 
957.317: [GC (Allocation Failure) [PSYoungGen: 70016K->1376K(70656K)] 400149K->331509K(738304K), 0.0021902 secs] [Times: user=0.01 sys=0.00, real=0.00 secs] 
957.888: [GC (Allocation Failure) [PSYoungGen: 69984K->1581K(70656K)] 400117K->331714K(738304K), 0.0015717 secs] [Times: user=0.01 sys=0.00, real=0.00 secs] 
958.304: [GC (Allocation Failure) [PSYoungGen: 70189K->1549K(70656K)] 400322K->331682K(738304K), 0.0017007 secs] [Times: user=0.00 sys=0.00, real=0.00 secs] 
958.716: [GC (Allocation Failure) [PSYoungGen: 70157K->1581K(70656K)] 400290K->331714K(738304K), 0.0016893 secs] [Times: user=0.01 sys=0.00, real=0.00 secs] 
959.133: [GC (Allocation Failure) [PSYoungGen: 70189K->1504K(70656K)] 400322K->331637K(738304K), 0.0020081 secs] [Times: user=0.01 sys=0.00, real=0.00 secs] 
959.441: [GC (Allocation Failure) [PSYoungGen: 70112K->1360K(70656K)] 400245K->331493K(738304K), 0.0017183 secs] [Times: user=0.01 sys=0.00, real=0.01 secs] 
959.746: [GC (Allocation Failure) [PSYoungGen: 69968K->1376K(70656K)] 400101K->331509K(738304K), 0.0017696 secs] [Times: user=0.00 sys=0.00, real=0.00 secs] 
960.188: [GC (Allocation Failure) [PSYoungGen: 69984K->1408K(70656K)] 400117K->331541K(738304K), 0.0019515 secs] [Times: user=0.01 sys=0.00, real=0.00 secs] 
960.848: [GC (Allocation Failure) [PSYoungGen: 70016K->1453K(70656K)] 400149K->331586K(738304K), 0.0016187 secs] [Times: user=0.01 sys=0.00, real=0.00 secs] 
961.265: [GC (Allocation Failure) [PSYoungGen: 70061K->1581K(70656K)] 400194K->331714K(738304K), 0.0017829 secs] [Times: user=0.00 sys=0.00, real=0.00 secs] 
961.678: [GC (Allocation Failure) [PSYoungGen: 70189K->1549K(70656K)] 400322K->331706K(738304K), 0.0017729 secs] [Times: user=0.00 sys=0.00, real=0.00 secs] 
962.092: [GC (Allocation Failure) [PSYoungGen: 70157K->1533K(70656K)] 400314K->331690K(738304K), 0.0018121 secs] [Times: user=0.00 sys=0.00, real=0.01 secs] 
962.665: [GC (Allocation Failure) [PSYoungGen: 70141K->1392K(70656K)] 400298K->331565K(738304K), 0.0017421 secs] [Times: user=0.01 sys=0.00, real=0.00 secs] 
963.148: [GC (Allocation Failure) [PSYoungGen: 70000K->1408K(70656K)] 400173K->331581K(738304K), 0.0027527 secs] [Times: user=0.01 sys=0.00, real=0.00 secs] 
963.438: [GC (Allocation Failure) [PSYoungGen: 70016K->1376K(70656K)] 400189K->331549K(738304K), 0.0025557 secs] [Times: user=0.01 sys=0.00, real=0.00 secs] 
963.717: [GC (Allocation Failure) [PSYoungGen: 69984K->1408K(70656K)] 400157K->331581K(738304K), 0.0018782 secs] [Times: user=0.01 sys=0.00, real=0.00 secs] 
964.099: [GC (Allocation Failure) [PSYoungGen: 70016K->1488K(70656K)] 400189K->331661K(738304K), 0.0016884 secs] [Times: user=0.00 sys=0.00, real=0.00 secs] 
964.510: [GC (Allocation Failure) [PSYoungGen: 70096K->1565K(70656K)] 400269K->331738K(738304K), 0.0016915 secs] [Times: user=0.00 sys=0.00, real=0.00 secs] 
964.927: [GC (Allocation Failure) [PSYoungGen: 70173K->1501K(70656K)] 400346K->331674K(738304K), 0.0016703 secs] [Times: user=0.01 sys=0.00, real=0.00 secs] 
965.336: [GC (Allocation Failure) [PSYoungGen: 69841K->352K(70656K)] 400015K->330533K(738304K), 0.0015700 secs] [Times: user=0.00 sys=0.00, real=0.00 secs] 
965.751: [GC (Allocation Failure) [PSYoungGen: 68960K->1360K(70656K)] 399141K->331541K(738304K), 0.0019068 secs] [Times: user=0.01 sys=0.00, real=0.00 secs] 
966.113: [GC (Allocation Failure) [PSYoungGen: 69968K->1344K(70656K)] 400149K->331525K(738304K), 0.0027916 secs] [Times: user=0.01 sys=0.00, real=0.01 secs] 
966.574: [GC (Allocation Failure) [PSYoungGen: 69952K->1376K(70656K)] 400133K->331557K(738304K), 0.0027227 secs] [Times: user=0.01 sys=0.00, real=0.00 secs] 
967.040: [GC (Allocation Failure) [PSYoungGen: 69984K->1440K(70656K)] 400165K->331621K(738304K), 0.0025656 secs] [Times: user=0.01 sys=0.00, real=0.00 secs] 
967.534: [GC (Allocation Failure) [PSYoungGen: 70048K->1549K(70656K)] 400229K->331730K(738304K), 0.0016834 secs] [Times: user=0.01 sys=0.00, real=0.00 secs] 
967.947: [GC (Allocation Failure) [PSYoungGen: 70157K->1581K(70656K)] 400338K->331762K(738304K), 0.0016765 secs] [Times: user=0.01 sys=0.00, real=0.00 secs] 
968.372: [GC (Allocation Failure) [PSYoungGen: 70189K->1549K(70656K)] 400370K->331738K(738304K), 0.0016230 secs] [Times: user=0.00 sys=0.00, real=0.01 secs] 
968.791: [GC (Allocation Failure) [PSYoungGen: 70157K->1472K(70656K)] 400346K->331677K(738304K), 0.0019769 secs] [Times: user=0.01 sys=0.00, real=0.00 secs] 
969.108: [GC (Allocation Failure) [PSYoungGen: 70080K->1376K(70656K)] 400285K->331613K(738304K), 0.0018638 secs] [Times: user=0.00 sys=0.00, real=0.00 secs] 
969.424: [GC (Allocation Failure) [PSYoungGen: 69984K->1376K(70656K)] 400221K->331613K(738304K), 0.0019467 secs] [Times: user=0.01 sys=0.00, real=0.00 secs] 
969.710: [GC (Allocation Failure) [PSYoungGen: 69984K->1408K(70656K)] 400221K->331653K(738304K), 0.0018908 secs] [Times: user=0.01 sys=0.00, real=0.00 secs] 
970.104: [GC (Allocation Failure) [PSYoungGen: 69986K->1392K(70656K)] 400231K->331637K(738304K), 0.0015972 secs] [Times: user=0.01 sys=0.00, real=0.00 secs] 
970.520: [GC (Allocation Failure) [PSYoungGen: 70000K->1549K(70656K)] 400245K->331794K(738304K), 0.0031065 secs] [Times: user=0.01 sys=0.00, real=0.00 secs] 
970.937: [GC (Allocation Failure) [PSYoungGen: 70157K->1533K(70656K)] 400402K->331778K(738304K), 0.0016821 secs] [Times: user=0.01 sys=0.00, real=0.00 secs] 
971.355: [GC (Allocation Failure) [PSYoungGen: 70141K->1581K(70656K)] 400386K->331834K(738304K), 0.0016665 secs] [Times: user=0.01 sys=0.00, real=0.00 secs] 
972.933: [GC (Allocation Failure) [PSYoungGen: 70189K->1440K(70656K)] 400442K->331693K(738304K), 0.0041393 secs] [Times: user=0.01 sys=0.00, real=0.01 secs] 
973.504: [GC (Allocation Failure) [PSYoungGen: 70048K->1392K(70656K)] 400301K->331645K(738304K), 0.0025239 secs] [Times: user=0.01 sys=0.00, real=0.00 secs] 
973.934: [GC (Allocation Failure) [PSYoungGen: 70000K->1408K(70656K)] 400253K->331661K(738304K), 0.0019266 secs] [Times: user=0.01 sys=0.00, real=0.00 secs] 
974.224: [GC (Allocation Failure) [PSYoungGen: 70016K->1376K(70656K)] 400269K->331629K(738304K), 0.0024734 secs] [Times: user=0.01 sys=0.00, real=0.00 secs] 
974.644: [GC (Allocation Failure) [PSYoungGen: 69984K->1517K(70656K)] 400237K->331770K(738304K), 0.0017136 secs] [Times: user=0.01 sys=0.00, real=0.00 secs] 
975.056: [GC (Allocation Failure) [PSYoungGen: 70125K->1584K(70656K)] 400378K->331837K(738304K), 0.0016951 secs] [Times: user=0.01 sys=0.00, real=0.00 secs] 
975.472: [GC (Allocation Failure) [PSYoungGen: 70192K->1584K(70656K)] 400445K->331837K(738304K), 0.0016788 secs] [Times: user=0.00 sys=0.00, real=0.01 secs] 
975.931: [GC (Allocation Failure) [PSYoungGen: 70192K->1792K(70656K)] 400445K->332061K(738304K), 0.0020412 secs] [Times: user=0.01 sys=0.00, real=0.01 secs] 
976.675: [GC (Allocation Failure) [PSYoungGen: 70400K->1344K(70656K)] 400669K->331613K(738304K), 0.0027883 secs] [Times: user=0.01 sys=0.00, real=0.00 secs] 
977.272: [GC (Allocation Failure) [PSYoungGen: 69952K->1408K(70656K)] 400221K->331693K(738304K), 0.0023722 secs] [Times: user=0.01 sys=0.00, real=0.01 secs] 
977.790: [GC (Allocation Failure) [PSYoungGen: 70016K->1376K(70656K)] 400301K->331661K(738304K), 0.0022538 secs] [Times: user=0.01 sys=0.00, real=0.00 secs] 
978.364: [GC (Allocation Failure) [PSYoungGen: 69984K->1376K(70656K)] 400269K->331661K(738304K), 0.0046867 secs] [Times: user=0.02 sys=0.00, real=0.00 secs] 
978.916: [GC (Allocation Failure) [PSYoungGen: 69984K->1581K(70656K)] 400269K->331866K(738304K), 0.0015989 secs] [Times: user=0.00 sys=0.00, real=0.00 secs] 
979.329: [GC (Allocation Failure) [PSYoungGen: 70189K->1549K(70656K)] 400474K->331834K(738304K), 0.0016729 secs] [Times: user=0.01 sys=0.00, real=0.00 secs] 
979.742: [GC (Allocation Failure) [PSYoungGen: 70157K->1549K(70656K)] 400442K->331834K(738304K), 0.0015974 secs] [Times: user=0.01 sys=0.00, real=0.01 secs] 
980.150: [GC (Allocation Failure) [PSYoungGen: 70157K->1456K(70656K)] 400442K->331749K(738304K), 0.0020175 secs] [Times: user=0.01 sys=0.00, real=0.00 secs] 
980.435: [GC (Allocation Failure) [PSYoungGen: 70064K->1376K(70656K)] 400357K->331685K(738304K), 0.0016982 secs] [Times: user=0.01 sys=0.00, real=0.00 secs] 
980.942: [GC (Allocation Failure) [PSYoungGen: 69984K->1376K(70656K)] 400293K->331685K(738304K), 0.0017510 secs] [Times: user=0.00 sys=0.00, real=0.01 secs] 
981.507: [GC (Allocation Failure) [PSYoungGen: 69984K->1376K(70656K)] 400293K->331685K(738304K), 0.0017222 secs] [Times: user=0.01 sys=0.00, real=0.00 secs] 
982.232: [GC (Allocation Failure) [PSYoungGen: 69984K->1437K(70656K)] 400293K->331746K(738304K), 0.0016070 secs] [Times: user=0.01 sys=0.00, real=0.01 secs] 
982.644: [GC (Allocation Failure) [PSYoungGen: 70045K->1549K(70656K)] 400354K->331858K(738304K), 0.0017102 secs] [Times: user=0.01 sys=0.00, real=0.00 secs] 
983.060: [GC (Allocation Failure) [PSYoungGen: 70157K->1501K(70656K)] 400466K->331810K(738304K), 0.0016689 secs] [Times: user=0.01 sys=0.00, real=0.00 secs] 
983.475: [GC (Allocation Failure) [PSYoungGen: 70109K->1552K(70656K)] 400418K->331877K(738304K), 0.0017881 secs] [Times: user=0.01 sys=0.00, real=0.00 secs] 
983.929: [GC (Allocation Failure) [PSYoungGen: 70160K->1456K(70656K)] 400485K->331781K(738304K), 0.0018357 secs] [Times: user=0.01 sys=0.00, real=0.00 secs] 
984.273: [GC (Allocation Failure) [PSYoungGen: 70064K->1440K(70656K)] 400389K->331765K(738304K), 0.0019371 secs] [Times: user=0.01 sys=0.00, real=0.01 secs] 
984.835: [GC (Allocation Failure) [PSYoungGen: 70048K->1440K(70656K)] 400373K->331765K(738304K), 0.0020008 secs] [Times: user=0.01 sys=0.00, real=0.00 secs] 
985.451: [GC (Allocation Failure) [PSYoungGen: 70048K->1376K(70656K)] 400373K->331701K(738304K), 0.0038166 secs] [Times: user=0.02 sys=0.00, real=0.01 secs] 
986.119: [GC (Allocation Failure) [PSYoungGen: 69984K->1549K(70656K)] 400309K->331874K(738304K), 0.0017071 secs] [Times: user=0.00 sys=0.00, real=0.00 secs] 
986.534: [GC (Allocation Failure) [PSYoungGen: 70143K->1485K(70656K)] 400468K->331810K(738304K), 0.0016491 secs] [Times: user=0.01 sys=0.00, real=0.00 secs] 
986.949: [GC (Allocation Failure) [PSYoungGen: 70093K->1581K(70656K)] 400418K->331906K(738304K), 0.0017840 secs] [Times: user=0.01 sys=0.00, real=0.00 secs] 
987.436: [GC (Allocation Failure) [PSYoungGen: 70189K->1504K(70656K)] 400514K->331837K(738304K), 0.0017784 secs] [Times: user=0.01 sys=0.00, real=0.00 secs] 
987.806: [GC (Allocation Failure) [PSYoungGen: 70112K->1376K(70656K)] 400445K->331709K(738304K), 0.0017452 secs] [Times: user=0.00 sys=0.00, real=0.00 secs] 
988.091: [GC (Allocation Failure) [PSYoungGen: 69984K->1376K(70656K)] 400317K->331709K(738304K), 0.0018134 secs] [Times: user=0.01 sys=0.00, real=0.00 secs] 
988.380: [GC (Allocation Failure) [PSYoungGen: 69984K->1376K(70656K)] 400317K->331709K(738304K), 0.0022797 secs] [Times: user=0.01 sys=0.00, real=0.00 secs] 
988.711: [GC (Allocation Failure) [PSYoungGen: 69984K->1405K(70656K)] 400317K->331746K(738304K), 0.0018824 secs] [Times: user=0.01 sys=0.00, real=0.00 secs] 
989.132: [GC (Allocation Failure) [PSYoungGen: 70013K->1581K(70656K)] 400354K->331922K(738304K), 0.0017370 secs] [Times: user=0.01 sys=0.00, real=0.01 secs] 
989.548: [GC (Allocation Failure) [PSYoungGen: 70189K->1549K(70656K)] 400530K->331906K(738304K), 0.0016791 secs] [Times: user=0.01 sys=0.00, real=0.00 secs] 
989.961: [GC (Allocation Failure) [PSYoungGen: 70157K->1581K(70656K)] 400514K->331938K(738304K), 0.0017921 secs] [Times: user=0.01 sys=0.00, real=0.01 secs] 
990.386: [GC (Allocation Failure) [PSYoungGen: 70189K->1504K(70656K)] 400546K->331861K(738304K), 0.0020259 secs] [Times: user=0.00 sys=0.00, real=0.00 secs] 
990.671: [GC (Allocation Failure) [PSYoungGen: 70112K->1408K(70656K)] 400469K->331765K(738304K), 0.0017976 secs] [Times: user=0.01 sys=0.00, real=0.01 secs] 
990.989: [GC (Allocation Failure) [PSYoungGen: 70016K->1376K(70656K)] 400373K->331733K(738304K), 0.0017877 secs] [Times: user=0.01 sys=0.00, real=0.00 secs] 
991.350: [GC (Allocation Failure) [PSYoungGen: 69984K->1408K(70656K)] 400341K->331765K(738304K), 0.0017974 secs] [Times: user=0.01 sys=0.00, real=0.00 secs] 
991.727: [GC (Allocation Failure) [PSYoungGen: 70016K->1485K(70656K)] 400373K->331842K(738304K), 0.0015390 secs] [Times: user=0.00 sys=0.00, real=0.00 secs] 
992.203: [GC (Allocation Failure) [PSYoungGen: 70093K->1549K(70656K)] 400450K->331906K(738304K), 0.0017536 secs] [Times: user=0.01 sys=0.00, real=0.01 secs] 
992.669: [GC (Allocation Failure) [PSYoungGen: 70157K->1581K(70656K)] 400514K->331938K(738304K), 0.0017528 secs] [Times: user=0.01 sys=0.00, real=0.00 secs] 
993.128: [GC (Allocation Failure) [PSYoungGen: 70189K->1533K(70656K)] 400546K->331898K(738304K), 0.0018043 secs] [Times: user=0.01 sys=0.00, real=0.00 secs] 
993.914: [GC (Allocation Failure) [PSYoungGen: 70141K->1456K(70656K)] 400506K->331821K(738304K), 0.0022050 secs] [Times: user=0.01 sys=0.00, real=0.00 secs] 
994.731: [GC (Allocation Failure) [PSYoungGen: 70064K->1376K(70656K)] 400429K->331741K(738304K), 0.0027670 secs] [Times: user=0.01 sys=0.00, real=0.01 secs] 
995.523: [GC (Allocation Failure) [PSYoungGen: 69984K->1376K(70656K)] 400349K->331741K(738304K), 0.0031707 secs] [Times: user=0.01 sys=0.00, real=0.00 secs] 
996.218: [GC (Allocation Failure) [PSYoungGen: 69984K->1344K(70656K)] 400349K->331717K(738304K), 0.0030599 secs] [Times: user=0.01 sys=0.00, real=0.00 secs] 
996.792: [GC (Allocation Failure) [PSYoungGen: 69952K->1549K(70656K)] 400325K->331922K(738304K), 0.0018090 secs] [Times: user=0.00 sys=0.00, real=0.01 secs] 
997.205: [GC (Allocation Failure) [PSYoungGen: 70157K->1549K(70656K)] 400530K->331922K(738304K), 0.0016244 secs] [Times: user=0.00 sys=0.00, real=0.00 secs] 
997.617: [GC (Allocation Failure) [PSYoungGen: 70157K->1501K(70656K)] 400530K->331874K(738304K), 0.0016743 secs] [Times: user=0.01 sys=0.00, real=0.00 secs] 
998.049: [GC (Allocation Failure) [PSYoungGen: 70109K->1472K(70656K)] 400482K->331845K(738304K), 0.0031179 secs] [Times: user=0.02 sys=0.00, real=0.00 secs] 
998.516: [GC (Allocation Failure) [PSYoungGen: 70080K->1376K(70656K)] 400453K->331749K(738304K), 0.0021179 secs] [Times: user=0.01 sys=0.00, real=0.00 secs] 
999.050: [GC (Allocation Failure) [PSYoungGen: 69984K->1376K(70656K)] 400357K->331749K(738304K), 0.0021176 secs] [Times: user=0.01 sys=0.00, real=0.00 secs] 
999.600: [GC (Allocation Failure) [PSYoungGen: 69984K->1376K(70656K)] 400357K->331749K(738304K), 0.0028679 secs] [Times: user=0.02 sys=0.00, real=0.00 secs] 
1000.184: [GC (Allocation Failure) [PSYoungGen: 69984K->1405K(70656K)] 400357K->331778K(738304K), 0.0020791 secs] [Times: user=0.01 sys=0.00, real=0.00 secs] 
1000.623: [GC (Allocation Failure) [PSYoungGen: 70013K->1549K(70656K)] 400386K->331922K(738304K), 0.0015947 secs] [Times: user=0.01 sys=0.00, real=0.00 secs] 
1001.042: [GC (Allocation Failure) [PSYoungGen: 70157K->1533K(70656K)] 400530K->331906K(738304K), 0.0017250 secs] [Times: user=0.01 sys=0.00, real=0.01 secs] 
1001.456: [GC (Allocation Failure) [PSYoungGen: 70141K->1549K(70656K)] 400514K->331938K(738304K), 0.0017088 secs] [Times: user=0.00 sys=0.00, real=0.00 secs] 
1002.034: [GC (Allocation Failure) [PSYoungGen: 70157K->1456K(70656K)] 400546K->331845K(738304K), 0.0018886 secs] [Times: user=0.00 sys=0.00, real=0.00 secs] 
1002.666: [GC (Allocation Failure) [PSYoungGen: 70064K->1344K(70656K)] 400453K->331733K(738304K), 0.0033495 secs] [Times: user=0.01 sys=0.00, real=0.00 secs] 
1003.209: [GC (Allocation Failure) [PSYoungGen: 69952K->1408K(70656K)] 400341K->331797K(738304K), 0.0028335 secs] [Times: user=0.01 sys=0.00, real=0.00 secs] 
1003.529: [GC (Allocation Failure) [PSYoungGen: 70016K->1408K(70656K)] 400405K->331797K(738304K), 0.0021001 secs] [Times: user=0.00 sys=0.00, real=0.00 secs] 
1003.913: [GC (Allocation Failure) [PSYoungGen: 70016K->1469K(70656K)] 400405K->331858K(738304K), 0.0015536 secs] [Times: user=0.00 sys=0.00, real=0.00 secs] 
1004.387: [GC (Allocation Failure) [PSYoungGen: 70077K->1565K(70656K)] 400466K->331954K(738304K), 0.0019039 secs] [Times: user=0.01 sys=0.00, real=0.00 secs] 
1004.860: [GC (Allocation Failure) [PSYoungGen: 70173K->1533K(70656K)] 400562K->331922K(738304K), 0.0017455 secs] [Times: user=0.01 sys=0.00, real=0.00 secs] 
1005.275: [GC (Allocation Failure) [PSYoungGen: 70141K->1533K(70656K)] 400530K->331938K(738304K), 0.0017902 secs] [Times: user=0.00 sys=0.00, real=0.00 secs] 
1006.481: [GC (Allocation Failure) [PSYoungGen: 70141K->1408K(70656K)] 400546K->331813K(738304K), 0.0038623 secs] [Times: user=0.02 sys=0.00, real=0.01 secs] 
1007.564: [GC (Allocation Failure) [PSYoungGen: 70016K->1376K(70656K)] 400421K->331781K(738304K), 0.0026239 secs] [Times: user=0.01 sys=0.00, real=0.00 secs] 
1007.849: [GC (Allocation Failure) [PSYoungGen: 69984K->1344K(70656K)] 400389K->331749K(738304K), 0.0020122 secs] [Times: user=0.01 sys=0.00, real=0.00 secs] 
1008.134: [GC (Allocation Failure) [PSYoungGen: 69952K->1376K(70656K)] 400357K->331781K(738304K), 0.0018774 secs] [Times: user=0.01 sys=0.00, real=0.00 secs] 
1008.567: [GC (Allocation Failure) [PSYoungGen: 69984K->1581K(70656K)] 400389K->331986K(738304K), 0.0017135 secs] [Times: user=0.01 sys=0.01, real=0.00 secs] 
1008.982: [GC (Allocation Failure) [PSYoungGen: 70189K->1549K(70656K)] 400594K->331954K(738304K), 0.0016635 secs] [Times: user=0.01 sys=0.00, real=0.01 secs] 
1009.403: [GC (Allocation Failure) [PSYoungGen: 70157K->1581K(70656K)] 400562K->331986K(738304K), 0.0016902 secs] [Times: user=0.01 sys=0.00, real=0.01 secs] 
1010.170: [GC (Allocation Failure) [PSYoungGen: 70189K->1472K(70656K)] 400594K->331877K(738304K), 0.0019710 secs] [Times: user=0.01 sys=0.00, real=0.00 secs] 
1010.851: [GC (Allocation Failure) [PSYoungGen: 70080K->1376K(70656K)] 400485K->331781K(738304K), 0.0031059 secs] [Times: user=0.01 sys=0.00, real=0.01 secs] 
1011.412: [GC (Allocation Failure) [PSYoungGen: 69984K->1376K(70656K)] 400389K->331789K(738304K), 0.0027442 secs] [Times: user=0.01 sys=0.00, real=0.01 secs] 
1011.814: [GC (Allocation Failure) [PSYoungGen: 69984K->1408K(70656K)] 400397K->331821K(738304K), 0.0019417 secs] [Times: user=0.01 sys=0.00, real=0.00 secs] 
1012.216: [GC (Allocation Failure) [PSYoungGen: 70016K->1437K(70656K)] 400429K->331850K(738304K), 0.0016918 secs] [Times: user=0.00 sys=0.00, real=0.00 secs] 
1012.627: [GC (Allocation Failure) [PSYoungGen: 70045K->1581K(70656K)] 400458K->331994K(738304K), 0.0017484 secs] [Times: user=0.00 sys=0.00, real=0.00 secs] 
1013.043: [GC (Allocation Failure) [PSYoungGen: 70189K->1552K(70656K)] 400602K->331965K(738304K), 0.0017602 secs] [Times: user=0.00 sys=0.00, real=0.00 secs] 
1013.457: [GC (Allocation Failure) [PSYoungGen: 70160K->1581K(70656K)] 400573K->331994K(738304K), 0.0016794 secs] [Times: user=0.01 sys=0.00, real=0.00 secs] 
1014.522: [GC (Allocation Failure) [PSYoungGen: 70189K->1408K(70656K)] 400602K->331821K(738304K), 0.0024894 secs] [Times: user=0.01 sys=0.00, real=0.01 secs] 
1015.597: [GC (Allocation Failure) [PSYoungGen: 70016K->1408K(70656K)] 400429K->331821K(738304K), 0.0027573 secs] [Times: user=0.01 sys=0.01, real=0.00 secs] 
1016.401: [GC (Allocation Failure) [PSYoungGen: 70016K->1408K(70656K)] 400429K->331821K(738304K), 0.0019009 secs] [Times: user=0.01 sys=0.00, real=0.01 secs] 
1017.351: [GC (Allocation Failure) [PSYoungGen: 70016K->1344K(70656K)] 400429K->331757K(738304K), 0.0019522 secs] [Times: user=0.01 sys=0.00, real=0.00 secs] 
1017.985: [GC (Allocation Failure) [PSYoungGen: 69952K->1517K(70656K)] 400365K->331930K(738304K), 0.0015678 secs] [Times: user=0.00 sys=0.00, real=0.00 secs] 
1018.397: [GC (Allocation Failure) [PSYoungGen: 70125K->1549K(70656K)] 400538K->331962K(738304K), 0.0016961 secs] [Times: user=0.01 sys=0.00, real=0.00 secs] 
1018.811: [GC (Allocation Failure) [PSYoungGen: 70157K->1549K(70656K)] 400570K->331962K(738304K), 0.0015903 secs] [Times: user=0.00 sys=0.00, real=0.00 secs] 
1019.240: [GC (Allocation Failure) [PSYoungGen: 70157K->2016K(70656K)] 400570K->332429K(738304K), 0.0017430 secs] [Times: user=0.01 sys=0.01, real=0.00 secs] 
1019.803: [GC (Allocation Failure) [PSYoungGen: 70624K->1408K(70656K)] 401037K->331821K(738304K), 0.0039175 secs] [Times: user=0.02 sys=0.00, real=0.00 secs] 
1020.356: [GC (Allocation Failure) [PSYoungGen: 70016K->1408K(70656K)] 400429K->331821K(738304K), 0.0025619 secs] [Times: user=0.01 sys=0.00, real=0.00 secs] 
1020.637: [GC (Allocation Failure) [PSYoungGen: 70016K->1408K(70656K)] 400429K->331821K(738304K), 0.0019148 secs] [Times: user=0.00 sys=0.00, real=0.00 secs] 
1020.922: [GC (Allocation Failure) [PSYoungGen: 70016K->1440K(70656K)] 400429K->331853K(738304K), 0.0021280 secs] [Times: user=0.01 sys=0.00, real=0.01 secs] 
1021.358: [GC (Allocation Failure) [PSYoungGen: 70048K->1613K(70656K)] 400461K->332026K(738304K), 0.0016641 secs] [Times: user=0.01 sys=0.00, real=0.00 secs] 
1021.774: [GC (Allocation Failure) [PSYoungGen: 70221K->1597K(70656K)] 400634K->332026K(738304K), 0.0016340 secs] [Times: user=0.00 sys=0.00, real=0.00 secs] 
1022.188: [GC (Allocation Failure) [PSYoungGen: 70205K->1549K(70656K)] 400634K->331978K(738304K), 0.0016132 secs] [Times: user=0.00 sys=0.00, real=0.00 secs] 
1023.646: [GC (Allocation Failure) [PSYoungGen: 70157K->1504K(70656K)] 400586K->331933K(738304K), 0.0043534 secs] [Times: user=0.02 sys=0.00, real=0.00 secs] 
1024.527: [GC (Allocation Failure) [PSYoungGen: 70112K->1376K(70656K)] 400541K->331805K(738304K), 0.0032099 secs] [Times: user=0.02 sys=0.00, real=0.00 secs] 
1025.075: [GC (Allocation Failure) [PSYoungGen: 69984K->1408K(70656K)] 400413K->331837K(738304K), 0.0027194 secs] [Times: user=0.01 sys=0.00, real=0.00 secs] 
1025.645: [GC (Allocation Failure) [PSYoungGen: 70016K->1408K(70656K)] 400445K->331837K(738304K), 0.0025884 secs] [Times: user=0.01 sys=0.00, real=0.00 secs] 
1026.261: [GC (Allocation Failure) [PSYoungGen: 70016K->1453K(70656K)] 400445K->331882K(738304K), 0.0015838 secs] [Times: user=0.01 sys=0.00, real=0.00 secs] 
1026.672: [GC (Allocation Failure) [PSYoungGen: 70061K->1501K(70656K)] 400490K->331930K(738304K), 0.0016948 secs] [Times: user=0.01 sys=0.00, real=0.01 secs] 
1027.086: [GC (Allocation Failure) [PSYoungGen: 70109K->1552K(70656K)] 400538K->331981K(738304K), 0.0016141 secs] [Times: user=0.01 sys=0.00, real=0.00 secs] 
1027.500: [GC (Allocation Failure) [PSYoungGen: 70160K->1565K(70656K)] 400589K->332002K(738304K), 0.0015711 secs] [Times: user=0.00 sys=0.00, real=0.00 secs] 
1028.024: [GC (Allocation Failure) [PSYoungGen: 70173K->1376K(70656K)] 400610K->331813K(738304K), 0.0018808 secs] [Times: user=0.01 sys=0.00, real=0.00 secs] 
1028.594: [GC (Allocation Failure) [PSYoungGen: 69984K->1376K(70656K)] 400421K->331813K(738304K), 0.0021565 secs] [Times: user=0.01 sys=0.00, real=0.00 secs] 
1029.271: [GC (Allocation Failure) [PSYoungGen: 69984K->1376K(70656K)] 400421K->331813K(738304K), 0.0024033 secs] [Times: user=0.01 sys=0.00, real=0.01 secs] 
1030.090: [GC (Allocation Failure) [PSYoungGen: 69984K->1376K(70656K)] 400421K->331813K(738304K), 0.0026979 secs] [Times: user=0.01 sys=0.00, real=0.00 secs] 
1030.774: [GC (Allocation Failure) [PSYoungGen: 69984K->1549K(70656K)] 400421K->331986K(738304K), 0.0018183 secs] [Times: user=0.01 sys=0.00, real=0.00 secs] 
1031.192: [GC (Allocation Failure) [PSYoungGen: 70129K->1549K(70656K)] 400566K->331986K(738304K), 0.0017603 secs] [Times: user=0.01 sys=0.00, real=0.01 secs] 
1031.605: [GC (Allocation Failure) [PSYoungGen: 70157K->1581K(70656K)] 400594K->332018K(738304K), 0.0017574 secs] [Times: user=0.01 sys=0.00, real=0.00 secs] 
1032.169: [GC (Allocation Failure) [PSYoungGen: 70189K->1984K(70656K)] 400626K->332453K(738304K), 0.0023074 secs] [Times: user=0.01 sys=0.00, real=0.00 secs] 
1033.192: [GC (Allocation Failure) [PSYoungGen: 70592K->1376K(70656K)] 401061K->331845K(738304K), 0.0028625 secs] [Times: user=0.01 sys=0.00, real=0.01 secs] 
1033.758: [GC (Allocation Failure) [PSYoungGen: 69984K->1376K(70656K)] 400453K->331845K(738304K), 0.0023282 secs] [Times: user=0.01 sys=0.00, real=0.00 secs] 
1034.588: [GC (Allocation Failure) [PSYoungGen: 69984K->1376K(70656K)] 400453K->331845K(738304K), 0.0030724 secs] [Times: user=0.01 sys=0.00, real=0.00 secs] 
1035.706: [GC (Allocation Failure) [PSYoungGen: 69984K->1424K(70656K)] 400453K->331893K(738304K), 0.0029804 secs] [Times: user=0.01 sys=0.00, real=0.00 secs] 
1036.215: [GC (Allocation Failure) [PSYoungGen: 70032K->1501K(70656K)] 400501K->331970K(738304K), 0.0017632 secs] [Times: user=0.01 sys=0.00, real=0.00 secs] 
1036.630: [GC (Allocation Failure) [PSYoungGen: 70109K->1533K(70656K)] 400578K->332002K(738304K), 0.0016320 secs] [Times: user=0.00 sys=0.00, real=0.00 secs] 
1037.043: [GC (Allocation Failure) [PSYoungGen: 70141K->1533K(70656K)] 400610K->332002K(738304K), 0.0016694 secs] [Times: user=0.00 sys=0.00, real=0.00 secs] 
1037.480: [GC (Allocation Failure) [PSYoungGen: 70141K->1456K(70656K)] 400610K->331925K(738304K), 0.0017241 secs] [Times: user=0.01 sys=0.00, real=0.00 secs] 
1037.778: [GC (Allocation Failure) [PSYoungGen: 70064K->1376K(70656K)] 400533K->331845K(738304K), 0.0017609 secs] [Times: user=0.01 sys=0.00, real=0.00 secs] 
1038.063: [GC (Allocation Failure) [PSYoungGen: 69984K->1376K(70656K)] 400453K->331845K(738304K), 0.0017504 secs] [Times: user=0.00 sys=0.00, real=0.00 secs] 
1038.383: [GC (Allocation Failure) [PSYoungGen: 69984K->1344K(70656K)] 400453K->331813K(738304K), 0.0017833 secs] [Times: user=0.00 sys=0.00, real=0.01 secs] 
1038.751: [GC (Allocation Failure) [PSYoungGen: 69952K->1549K(70656K)] 400421K->332018K(738304K), 0.0016156 secs] [Times: user=0.01 sys=0.00, real=0.00 secs] 
1039.163: [GC (Allocation Failure) [PSYoungGen: 70157K->1581K(70656K)] 400626K->332050K(738304K), 0.0016616 secs] [Times: user=0.00 sys=0.00, real=0.00 secs] 
1039.578: [GC (Allocation Failure) [PSYoungGen: 70189K->1549K(70656K)] 400658K->332018K(738304K), 0.0017099 secs] [Times: user=0.00 sys=0.00, real=0.00 secs] 
1040.000: [GC (Allocation Failure) [PSYoungGen: 70157K->1549K(70656K)] 400626K->332026K(738304K), 0.0017016 secs] [Times: user=0.01 sys=0.00, real=0.00 secs] 
1041.037: [GC (Allocation Failure) [PSYoungGen: 70157K->1440K(70656K)] 400634K->331933K(738304K), 0.0041228 secs] [Times: user=0.02 sys=0.00, real=0.00 secs] 
1041.811: [GC (Allocation Failure) [PSYoungGen: 70048K->1344K(70656K)] 400541K->331837K(738304K), 0.0032856 secs] [Times: user=0.02 sys=0.00, real=0.01 secs] 
1042.643: [GC (Allocation Failure) [PSYoungGen: 69952K->1328K(70656K)] 400445K->331821K(738304K), 0.0033041 secs] [Times: user=0.01 sys=0.00, real=0.00 secs] 
1043.399: [GC (Allocation Failure) [PSYoungGen: 69936K->1376K(70656K)] 400429K->331869K(738304K), 0.0035279 secs] [Times: user=0.01 sys=0.00, real=0.00 secs] 
1043.972: [GC (Allocation Failure) [PSYoungGen: 69984K->1520K(70656K)] 400477K->332013K(738304K), 0.0016182 secs] [Times: user=0.00 sys=0.00, real=0.01 secs] 
1044.384: [GC (Allocation Failure) [PSYoungGen: 70104K->1533K(70656K)] 400598K->332026K(738304K), 0.0016549 secs] [Times: user=0.01 sys=0.00, real=0.00 secs] 
1044.797: [GC (Allocation Failure) [PSYoungGen: 70141K->1581K(70656K)] 400634K->332074K(738304K), 0.0015893 secs] [Times: user=0.01 sys=0.00, real=0.00 secs] 
1045.223: [GC (Allocation Failure) [PSYoungGen: 70189K->1504K(70656K)] 400682K->331997K(738304K), 0.0018649 secs] [Times: user=0.01 sys=0.00, real=0.00 secs] 
1045.569: [GC (Allocation Failure) [PSYoungGen: 70112K->1376K(70656K)] 400605K->331869K(738304K), 0.0017496 secs] [Times: user=0.01 sys=0.00, real=0.00 secs] 
1045.902: [GC (Allocation Failure) [PSYoungGen: 69984K->1408K(70656K)] 400477K->331901K(738304K), 0.0029437 secs] [Times: user=0.01 sys=0.01, real=0.01 secs] 
1046.207: [GC (Allocation Failure) [PSYoungGen: 70016K->1376K(70656K)] 400509K->331869K(738304K), 0.0020942 secs] [Times: user=0.01 sys=0.00, real=0.00 secs] 
1046.601: [GC (Allocation Failure) [PSYoungGen: 69984K->1453K(70656K)] 400477K->331946K(738304K), 0.0015982 secs] [Times: user=0.01 sys=0.00, real=0.00 secs] 
1047.014: [GC (Allocation Failure) [PSYoungGen: 70061K->1533K(70656K)] 400554K->332026K(738304K), 0.0018315 secs] [Times: user=0.01 sys=0.00, real=0.00 secs] 
1047.427: [GC (Allocation Failure) [PSYoungGen: 70141K->1517K(70656K)] 400634K->332010K(738304K), 0.0017005 secs] [Times: user=0.01 sys=0.00, real=0.00 secs] 
1047.841: [GC (Allocation Failure) [PSYoungGen: 70125K->1565K(70656K)] 400618K->332058K(738304K), 0.0016558 secs] [Times: user=0.00 sys=0.00, real=0.00 secs] 
1048.514: [GC (Allocation Failure) [PSYoungGen: 70173K->1424K(70656K)] 400666K->331917K(738304K), 0.0017434 secs] [Times: user=0.00 sys=0.00, real=0.00 secs] 
1048.941: [GC (Allocation Failure) [PSYoungGen: 70032K->1408K(70656K)] 400525K->331901K(738304K), 0.0024038 secs] [Times: user=0.00 sys=0.00, real=0.01 secs] 
1049.227: [GC (Allocation Failure) [PSYoungGen: 70016K->1408K(70656K)] 400509K->331901K(738304K), 0.0022123 secs] [Times: user=0.01 sys=0.00, real=0.00 secs] 
1049.513: [GC (Allocation Failure) [PSYoungGen: 70016K->1344K(70656K)] 400509K->331845K(738304K), 0.0019603 secs] [Times: user=0.01 sys=0.00, real=0.00 secs] 
1049.900: [GC (Allocation Failure) [PSYoungGen: 69952K->1517K(70656K)] 400453K->332018K(738304K), 0.0016003 secs] [Times: user=0.00 sys=0.00, real=0.00 secs] 
1050.321: [GC (Allocation Failure) [PSYoungGen: 70125K->1581K(70656K)] 400626K->332082K(738304K), 0.0017538 secs] [Times: user=0.01 sys=0.00, real=0.00 secs] 
1050.736: [GC (Allocation Failure) [PSYoungGen: 70189K->1533K(70656K)] 400690K->332034K(738304K), 0.0016942 secs] [Times: user=0.01 sys=0.00, real=0.00 secs] 
1051.151: [GC (Allocation Failure) [PSYoungGen: 70141K->1501K(70656K)] 400642K->332010K(738304K), 0.0016852 secs] [Times: user=0.01 sys=0.00, real=0.00 secs] 
1051.476: [GC (Allocation Failure) [PSYoungGen: 70109K->1408K(70656K)] 400618K->331917K(738304K), 0.0018299 secs] [Times: user=0.01 sys=0.00, real=0.00 secs] 
1051.761: [GC (Allocation Failure) [PSYoungGen: 70016K->1376K(70656K)] 400525K->331885K(738304K), 0.0018334 secs] [Times: user=0.01 sys=0.00, real=0.00 secs] 
1052.046: [GC (Allocation Failure) [PSYoungGen: 69984K->1376K(70656K)] 400493K->331885K(738304K), 0.0017596 secs] [Times: user=0.01 sys=0.00, real=0.00 secs] 
1052.544: [GC (Allocation Failure) [PSYoungGen: 69984K->1376K(70656K)] 400493K->331885K(738304K), 0.0018728 secs] [Times: user=0.00 sys=0.00, real=0.00 secs] 
1052.986: [GC (Allocation Failure) [PSYoungGen: 69984K->1520K(70656K)] 400493K->332029K(738304K), 0.0016853 secs] [Times: user=0.01 sys=0.00, real=0.00 secs] 
1053.400: [GC (Allocation Failure) [PSYoungGen: 70128K->1552K(70656K)] 400637K->332061K(738304K), 0.0016725 secs] [Times: user=0.01 sys=0.00, real=0.00 secs] 
1053.813: [GC (Allocation Failure) [PSYoungGen: 70160K->1552K(70656K)] 400669K->332061K(738304K), 0.0017125 secs] [Times: user=0.00 sys=0.00, real=0.00 secs] 
1054.355: [GC (Allocation Failure) [PSYoungGen: 70160K->1472K(70656K)] 400669K->331981K(738304K), 0.0017908 secs] [Times: user=0.01 sys=0.00, real=0.00 secs] 
1055.416: [GC (Allocation Failure) [PSYoungGen: 70080K->1408K(70656K)] 400589K->331917K(738304K), 0.0036745 secs] [Times: user=0.01 sys=0.00, real=0.00 secs] 
1056.323: [GC (Allocation Failure) [PSYoungGen: 70016K->1440K(70656K)] 400525K->331949K(738304K), 0.0038971 secs] [Times: user=0.01 sys=0.00, real=0.01 secs] 
1056.934: [GC (Allocation Failure) [PSYoungGen: 70048K->1376K(70656K)] 400557K->331885K(738304K), 0.0030906 secs] [Times: user=0.01 sys=0.00, real=0.00 secs] 
1057.536: [GC (Allocation Failure) [PSYoungGen: 69984K->1517K(70656K)] 400493K->332026K(738304K), 0.0018485 secs] [Times: user=0.01 sys=0.00, real=0.00 secs] 
1058.022: [GC (Allocation Failure) [PSYoungGen: 70125K->1581K(70656K)] 400634K->332090K(738304K), 0.0017510 secs] [Times: user=0.01 sys=0.00, real=0.01 secs] 
1058.487: [GC (Allocation Failure) [PSYoungGen: 70189K->1533K(70656K)] 400698K->332042K(738304K), 0.0018101 secs] [Times: user=0.01 sys=0.00, real=0.00 secs] 
1058.902: [GC (Allocation Failure) [PSYoungGen: 70141K->1565K(70656K)] 400650K->332074K(738304K), 0.0017324 secs] [Times: user=0.01 sys=0.00, real=0.01 secs] 
1059.929: [GC (Allocation Failure) [PSYoungGen: 70173K->1424K(70656K)] 400682K->331933K(738304K), 0.0029886 secs] [Times: user=0.01 sys=0.00, real=0.00 secs] 
1060.506: [GC (Allocation Failure) [PSYoungGen: 70032K->1376K(70656K)] 400541K->331885K(738304K), 0.0023641 secs] [Times: user=0.01 sys=0.00, real=0.00 secs] 
1061.043: [GC (Allocation Failure) [PSYoungGen: 69984K->1392K(70656K)] 400493K->331901K(738304K), 0.0038275 secs] [Times: user=0.02 sys=0.00, real=0.00 secs] 
1061.598: [GC (Allocation Failure) [PSYoungGen: 70000K->1344K(70656K)] 400509K->331853K(738304K), 0.0026990 secs] [Times: user=0.01 sys=0.00, real=0.00 secs] 
1062.080: [GC (Allocation Failure) [PSYoungGen: 69952K->1469K(70656K)] 400461K->331994K(738304K), 0.0017127 secs] [Times: user=0.01 sys=0.00, real=0.00 secs] 
1062.552: [GC (Allocation Failure) [PSYoungGen: 70077K->1581K(70656K)] 400602K->332106K(738304K), 0.0017683 secs] [Times: user=0.01 sys=0.00, real=0.01 secs] 
1062.965: [GC (Allocation Failure) [PSYoungGen: 70189K->1501K(70656K)] 400714K->332026K(738304K), 0.0017633 secs] [Times: user=0.01 sys=0.00, real=0.00 secs] 
1063.429: [GC (Allocation Failure) [PSYoungGen: 69904K->288K(70656K)] 400429K->330813K(738304K), 0.0015630 secs] [Times: user=0.00 sys=0.00, real=0.00 secs] 
1064.295: [GC (Allocation Failure) [PSYoungGen: 68896K->1376K(70656K)] 399421K->331901K(738304K), 0.0035705 secs] [Times: user=0.01 sys=0.00, real=0.00 secs] 
1064.877: [GC (Allocation Failure) [PSYoungGen: 69984K->1408K(70656K)] 400509K->331933K(738304K), 0.0023025 secs] [Times: user=0.00 sys=0.00, real=0.00 secs] 
1065.180: [GC (Allocation Failure) [PSYoungGen: 70016K->1376K(70656K)] 400541K->331901K(738304K), 0.0020017 secs] [Times: user=0.00 sys=0.00, real=0.00 secs] 
1065.465: [GC (Allocation Failure) [PSYoungGen: 69984K->1344K(70656K)] 400509K->331869K(738304K), 0.0018277 secs] [Times: user=0.00 sys=0.00, real=0.00 secs] 
1065.886: [GC (Allocation Failure) [PSYoungGen: 69952K->1549K(70656K)] 400477K->332074K(738304K), 0.0015849 secs] [Times: user=0.01 sys=0.00, real=0.00 secs] 
1066.301: [GC (Allocation Failure) [PSYoungGen: 70157K->1552K(70656K)] 400682K->332077K(738304K), 0.0016766 secs] [Times: user=0.01 sys=0.00, real=0.00 secs] 
1066.714: [GC (Allocation Failure) [PSYoungGen: 70160K->1549K(70656K)] 400685K->332074K(738304K), 0.0016789 secs] [Times: user=0.01 sys=0.00, real=0.00 secs] 
1067.192: [GC (Allocation Failure) [PSYoungGen: 70157K->1504K(70656K)] 400682K->332037K(738304K), 0.0018745 secs] [Times: user=0.01 sys=0.00, real=0.01 secs] 
1067.568: [GC (Allocation Failure) [PSYoungGen: 70112K->1344K(70656K)] 400645K->331877K(738304K), 0.0018379 secs] [Times: user=0.01 sys=0.00, real=0.00 secs] 
1067.863: [GC (Allocation Failure) [PSYoungGen: 69952K->1376K(70656K)] 400485K->331909K(738304K), 0.0018742 secs] [Times: user=0.01 sys=0.00, real=0.01 secs] 
1068.249: [GC (Allocation Failure) [PSYoungGen: 69984K->1376K(70656K)] 400517K->331909K(738304K), 0.0019709 secs] [Times: user=0.01 sys=0.00, real=0.00 secs] 
1068.628: [GC (Allocation Failure) [PSYoungGen: 69984K->1485K(70656K)] 400517K->332018K(738304K), 0.0016391 secs] [Times: user=0.00 sys=0.00, real=0.00 secs] 
1069.042: [GC (Allocation Failure) [PSYoungGen: 70093K->1565K(70656K)] 400626K->332098K(738304K), 0.0016327 secs] [Times: user=0.01 sys=0.00, real=0.01 secs] 
1069.454: [GC (Allocation Failure) [PSYoungGen: 70173K->1549K(70656K)] 400706K->332098K(738304K), 0.0016781 secs] [Times: user=0.00 sys=0.00, real=0.00 secs] 
1069.867: [GC (Allocation Failure) [PSYoungGen: 70157K->1549K(70656K)] 400706K->332114K(738304K), 0.0016594 secs] [Times: user=0.00 sys=0.00, real=0.00 secs] 
1070.422: [GC (Allocation Failure) [PSYoungGen: 70157K->1408K(70656K)] 400722K->331973K(738304K), 0.0017968 secs] [Times: user=0.01 sys=0.00, real=0.01 secs] 
1070.954: [GC (Allocation Failure) [PSYoungGen: 70016K->1376K(70656K)] 400581K->331941K(738304K), 0.0017042 secs] [Times: user=0.00 sys=0.00, real=0.00 secs] 
1071.495: [GC (Allocation Failure) [PSYoungGen: 69984K->1376K(70656K)] 400549K->331941K(738304K), 0.0018112 secs] [Times: user=0.00 sys=0.00, real=0.00 secs] 
1071.995: [GC (Allocation Failure) [PSYoungGen: 69984K->1376K(70656K)] 400549K->331941K(738304K), 0.0018952 secs] [Times: user=0.01 sys=0.00, real=0.00 secs] 
1072.388: [GC (Allocation Failure) [PSYoungGen: 69968K->1549K(70656K)] 400533K->332114K(738304K), 0.0016136 secs] [Times: user=0.01 sys=0.00, real=0.00 secs] 
1072.801: [GC (Allocation Failure) [PSYoungGen: 70140K->1501K(70656K)] 400705K->332066K(738304K), 0.0016621 secs] [Times: user=0.01 sys=0.00, real=0.00 secs] 
1073.215: [GC (Allocation Failure) [PSYoungGen: 70109K->1501K(70656K)] 400674K->332066K(738304K), 0.0016191 secs] [Times: user=0.00 sys=0.00, real=0.00 secs] 
1073.657: [GC (Allocation Failure) [PSYoungGen: 70109K->1792K(70656K)] 400674K->332365K(738304K), 0.0018136 secs] [Times: user=0.01 sys=0.00, real=0.00 secs] 
1073.996: [GC (Allocation Failure) [PSYoungGen: 70400K->1376K(70656K)] 400973K->331949K(738304K), 0.0014629 secs] [Times: user=0.01 sys=0.00, real=0.00 secs] 
1074.280: [GC (Allocation Failure) [PSYoungGen: 69984K->1392K(70656K)] 400557K->331965K(738304K), 0.0015610 secs] [Times: user=0.01 sys=0.00, real=0.00 secs] 
1074.565: [GC (Allocation Failure) [PSYoungGen: 70000K->1392K(70656K)] 400573K->331965K(738304K), 0.0015547 secs] [Times: user=0.00 sys=0.00, real=0.00 secs] 
1074.903: [GC (Allocation Failure) [PSYoungGen: 70000K->1344K(70656K)] 400573K->331917K(738304K), 0.0020900 secs] [Times: user=0.00 sys=0.00, real=0.00 secs] 
1075.374: [GC (Allocation Failure) [PSYoungGen: 69952K->1533K(70656K)] 400525K->332106K(738304K), 0.0017302 secs] [Times: user=0.01 sys=0.00, real=0.00 secs] 
1075.851: [GC (Allocation Failure) [PSYoungGen: 70141K->1517K(70656K)] 400714K->332090K(738304K), 0.0017954 secs] [Times: user=0.01 sys=0.00, real=0.01 secs] 
1076.267: [GC (Allocation Failure) [PSYoungGen: 70125K->1549K(70656K)] 400698K->332122K(738304K), 0.0017628 secs] [Times: user=0.01 sys=0.00, real=0.00 secs] 
1077.528: [GC (Allocation Failure) [PSYoungGen: 70157K->1472K(70656K)] 400730K->332045K(738304K), 0.0037934 secs] [Times: user=0.02 sys=0.00, real=0.00 secs] 
1078.213: [GC (Allocation Failure) [PSYoungGen: 70080K->1376K(70656K)] 400653K->331949K(738304K), 0.0025437 secs] [Times: user=0.01 sys=0.00, real=0.00 secs] 
1078.762: [GC (Allocation Failure) [PSYoungGen: 69984K->1376K(70656K)] 400557K->331949K(738304K), 0.0023033 secs] [Times: user=0.01 sys=0.00, real=0.01 secs] 
1079.233: [GC (Allocation Failure) [PSYoungGen: 69984K->1376K(70656K)] 400557K->331949K(738304K), 0.0031658 secs] [Times: user=0.01 sys=0.00, real=0.01 secs] 
1079.753: [GC (Allocation Failure) [PSYoungGen: 69984K->1453K(70656K)] 400557K->332026K(738304K), 0.0016220 secs] [Times: user=0.00 sys=0.00, real=0.01 secs] 
1080.164: [GC (Allocation Failure) [PSYoungGen: 70061K->1501K(70656K)] 400634K->332074K(738304K), 0.0015840 secs] [Times: user=0.01 sys=0.00, real=0.00 secs] 
1080.579: [GC (Allocation Failure) [PSYoungGen: 70109K->1581K(70656K)] 400682K->332170K(738304K), 0.0017435 secs] [Times: user=0.01 sys=0.00, real=0.00 secs] 
1081.002: [GC (Allocation Failure) [PSYoungGen: 70189K->1581K(70656K)] 400778K->332186K(738304K), 0.0016717 secs] [Times: user=0.01 sys=0.00, real=0.01 secs] 
1081.326: [GC (Allocation Failure) [PSYoungGen: 70189K->1424K(70656K)] 400794K->332029K(738304K), 0.0016093 secs] [Times: user=0.01 sys=0.00, real=0.00 secs] 
1081.611: [GC (Allocation Failure) [PSYoungGen: 70032K->1376K(70656K)] 400637K->331981K(738304K), 0.0015413 secs] [Times: user=0.01 sys=0.00, real=0.00 secs] 
1081.895: [GC (Allocation Failure) [PSYoungGen: 69984K->1408K(70656K)] 400589K->332013K(738304K), 0.0016380 secs] [Times: user=0.01 sys=0.00, real=0.00 secs] 
1082.179: [GC (Allocation Failure) [PSYoungGen: 70016K->1376K(70656K)] 400621K->331981K(738304K), 0.0015341 secs] [Times: user=0.00 sys=0.01, real=0.00 secs] 
1082.580: [GC (Allocation Failure) [PSYoungGen: 69984K->1485K(70656K)] 400589K->332090K(738304K), 0.0017293 secs] [Times: user=0.01 sys=0.00, real=0.00 secs] 
1082.993: [GC (Allocation Failure) [PSYoungGen: 70082K->1533K(70656K)] 400688K->332138K(738304K), 0.0016389 secs] [Times: user=0.01 sys=0.00, real=0.00 secs] 
1083.408: [GC (Allocation Failure) [PSYoungGen: 70141K->1552K(70656K)] 400746K->332157K(738304K), 0.0016863 secs] [Times: user=0.01 sys=0.00, real=0.00 secs] 
1083.827: [GC (Allocation Failure) [PSYoungGen: 70160K->1472K(70656K)] 400765K->332093K(738304K), 0.0019964 secs] [Times: user=0.01 sys=0.00, real=0.00 secs] 
1084.126: [GC (Allocation Failure) [PSYoungGen: 70080K->1376K(70656K)] 400701K->331997K(738304K), 0.0019048 secs] [Times: user=0.01 sys=0.00, real=0.00 secs] 
1084.411: [GC (Allocation Failure) [PSYoungGen: 69984K->1344K(70656K)] 400605K->331965K(738304K), 0.0018013 secs] [Times: user=0.00 sys=0.00, real=0.01 secs] 
1084.696: [GC (Allocation Failure) [PSYoungGen: 69952K->1408K(70656K)] 400573K->332029K(738304K), 0.0018179 secs] [Times: user=0.01 sys=0.00, real=0.00 secs] 
1085.017: [GC (Allocation Failure) [PSYoungGen: 70000K->1453K(70656K)] 400621K->332074K(738304K), 0.0015059 secs] [Times: user=0.01 sys=0.00, real=0.00 secs] 
1085.430: [GC (Allocation Failure) [PSYoungGen: 70061K->1549K(70656K)] 400682K->332170K(738304K), 0.0016608 secs] [Times: user=0.01 sys=0.00, real=0.00 secs] 
1085.843: [GC (Allocation Failure) [PSYoungGen: 70157K->1581K(70656K)] 400778K->332202K(738304K), 0.0016752 secs] [Times: user=0.01 sys=0.00, real=0.01 secs] 
1086.260: [GC (Allocation Failure) [PSYoungGen: 70189K->1581K(70656K)] 400810K->332202K(738304K), 0.0016305 secs] [Times: user=0.01 sys=0.00, real=0.00 secs] 
1086.805: [GC (Allocation Failure) [PSYoungGen: 70189K->1440K(70656K)] 400810K->332061K(738304K), 0.0018745 secs] [Times: user=0.00 sys=0.00, real=0.00 secs] 
1087.090: [GC (Allocation Failure) [PSYoungGen: 70048K->1408K(70656K)] 400669K->332029K(738304K), 0.0016564 secs] [Times: user=0.01 sys=0.00, real=0.00 secs] 
1087.375: [GC (Allocation Failure) [PSYoungGen: 70016K->1344K(70656K)] 400637K->331973K(738304K), 0.0029230 secs] [Times: user=0.01 sys=0.00, real=0.00 secs] 
1087.672: [GC (Allocation Failure) [PSYoungGen: 69952K->1376K(70656K)] 400581K->332005K(738304K), 0.0020245 secs] [Times: user=0.01 sys=0.00, real=0.01 secs] 
1088.052: [GC (Allocation Failure) [PSYoungGen: 69984K->1549K(70656K)] 400613K->332178K(738304K), 0.0015572 secs] [Times: user=0.01 sys=0.00, real=0.01 secs] 
1088.464: [GC (Allocation Failure) [PSYoungGen: 70157K->1581K(70656K)] 400786K->332234K(738304K), 0.0017589 secs] [Times: user=0.01 sys=0.00, real=0.00 secs] 
1088.937: [GC (Allocation Failure) [PSYoungGen: 70189K->1533K(70656K)] 400842K->332186K(738304K), 0.0017962 secs] [Times: user=0.01 sys=0.00, real=0.00 secs] 
1089.349: [GC (Allocation Failure) [PSYoungGen: 70141K->1501K(70656K)] 400794K->332170K(738304K), 0.0017664 secs] [Times: user=0.00 sys=0.00, real=0.00 secs] 
1089.723: [GC (Allocation Failure) [PSYoungGen: 70109K->1424K(70656K)] 400778K->332101K(738304K), 0.0022536 secs] [Times: user=0.01 sys=0.00, real=0.01 secs] 
1090.073: [GC (Allocation Failure) [PSYoungGen: 70032K->1408K(70656K)] 400709K->332085K(738304K), 0.0018856 secs] [Times: user=0.01 sys=0.00, real=0.00 secs] 
1090.359: [GC (Allocation Failure) [PSYoungGen: 70016K->1408K(70656K)] 400693K->332085K(738304K), 0.0026785 secs] [Times: user=0.01 sys=0.00, real=0.00 secs] 
1090.677: [GC (Allocation Failure) [PSYoungGen: 70016K->1408K(70656K)] 400693K->332085K(738304K), 0.0019448 secs] [Times: user=0.01 sys=0.00, real=0.00 secs] 
1091.130: [GC (Allocation Failure) [PSYoungGen: 70009K->1517K(70656K)] 400686K->332194K(738304K), 0.0016390 secs] [Times: user=0.00 sys=0.00, real=0.00 secs] 
1091.548: [GC (Allocation Failure) [PSYoungGen: 70097K->1517K(70656K)] 400774K->332194K(738304K), 0.0015156 secs] [Times: user=0.01 sys=0.00, real=0.00 secs] 
1091.959: [GC (Allocation Failure) [PSYoungGen: 70125K->1549K(70656K)] 400802K->332226K(738304K), 0.0017178 secs] [Times: user=0.00 sys=0.00, real=0.00 secs] 
1092.592: [GC (Allocation Failure) [PSYoungGen: 70157K->1488K(70656K)] 400834K->332173K(738304K), 0.0022241 secs] [Times: user=0.01 sys=0.00, real=0.01 secs] 
1093.065: [GC (Allocation Failure) [PSYoungGen: 70096K->1376K(70656K)] 400781K->332061K(738304K), 0.0020056 secs] [Times: user=0.01 sys=0.00, real=0.00 secs] 
1093.717: [GC (Allocation Failure) [PSYoungGen: 69984K->1376K(70656K)] 400669K->332061K(738304K), 0.0020336 secs] [Times: user=0.01 sys=0.00, real=0.00 secs] 
1094.412: [GC (Allocation Failure) [PSYoungGen: 69984K->1408K(70656K)] 400669K->332093K(738304K), 0.0025023 secs] [Times: user=0.01 sys=0.01, real=0.01 secs] 
1095.290: [GC (Allocation Failure) [PSYoungGen: 70016K->1488K(70656K)] 400701K->332173K(738304K), 0.0020563 secs] [Times: user=0.01 sys=0.00, real=0.00 secs] 
1095.722: [GC (Allocation Failure) [PSYoungGen: 70096K->1584K(70656K)] 400781K->332269K(738304K), 0.0016448 secs] [Times: user=0.01 sys=0.00, real=0.01 secs] 
1096.140: [GC (Allocation Failure) [PSYoungGen: 70192K->1565K(70656K)] 400877K->332250K(738304K), 0.0016442 secs] [Times: user=0.01 sys=0.00, real=0.00 secs] 
1096.557: [GC (Allocation Failure) [PSYoungGen: 70173K->1584K(70656K)] 400858K->332285K(738304K), 0.0017008 secs] [Times: user=0.00 sys=0.00, real=0.00 secs] 
1097.790: [GC (Allocation Failure) [PSYoungGen: 70192K->1456K(70656K)] 400893K->332165K(738304K), 0.0028995 secs] [Times: user=0.01 sys=0.01, real=0.01 secs] 
1098.299: [GC (Allocation Failure) [PSYoungGen: 70064K->1408K(70656K)] 400773K->332117K(738304K), 0.0027597 secs] [Times: user=0.01 sys=0.00, real=0.00 secs] 
1098.905: [GC (Allocation Failure) [PSYoungGen: 70016K->1376K(70656K)] 400725K->332085K(738304K), 0.0027467 secs] [Times: user=0.01 sys=0.00, real=0.00 secs] 
1099.503: [GC (Allocation Failure) [PSYoungGen: 69984K->1408K(70656K)] 400693K->332117K(738304K), 0.0025579 secs] [Times: user=0.02 sys=0.00, real=0.01 secs] 
1100.108: [GC (Allocation Failure) [PSYoungGen: 70016K->1453K(70656K)] 400725K->332162K(738304K), 0.0015850 secs] [Times: user=0.01 sys=0.00, real=0.00 secs] 
1100.519: [GC (Allocation Failure) [PSYoungGen: 70061K->1581K(70656K)] 400770K->332290K(738304K), 0.0016816 secs] [Times: user=0.01 sys=0.00, real=0.00 secs] 
1100.933: [GC (Allocation Failure) [PSYoungGen: 70189K->1549K(70656K)] 400898K->332258K(738304K), 0.0016584 secs] [Times: user=0.00 sys=0.00, real=0.00 secs] 
1101.352: [GC (Allocation Failure) [PSYoungGen: 70157K->1517K(70656K)] 400866K->332234K(738304K), 0.0015543 secs] [Times: user=0.00 sys=0.00, real=0.01 secs] 
1101.884: [GC (Allocation Failure) [PSYoungGen: 70125K->1408K(70656K)] 400842K->332141K(738304K), 0.0022634 secs] [Times: user=0.00 sys=0.00, real=0.00 secs] 
1102.442: [GC (Allocation Failure) [PSYoungGen: 70016K->1360K(70656K)] 400749K->332093K(738304K), 0.0019977 secs] [Times: user=0.00 sys=0.00, real=0.01 secs] 
1103.016: [GC (Allocation Failure) [PSYoungGen: 69968K->1376K(70656K)] 400701K->332117K(738304K), 0.0020218 secs] [Times: user=0.00 sys=0.00, real=0.00 secs] 
1103.569: [GC (Allocation Failure) [PSYoungGen: 69984K->1344K(70656K)] 400725K->332085K(738304K), 0.0020084 secs] [Times: user=0.01 sys=0.00, real=0.00 secs] 
1104.045: [GC (Allocation Failure) [PSYoungGen: 69952K->1552K(70656K)] 400693K->332293K(738304K), 0.0016383 secs] [Times: user=0.01 sys=0.00, real=0.00 secs] 
1104.458: [GC (Allocation Failure) [PSYoungGen: 70160K->1565K(70656K)] 400901K->332306K(738304K), 0.0016299 secs] [Times: user=0.01 sys=0.00, real=0.00 secs] 
1104.872: [GC (Allocation Failure) [PSYoungGen: 70173K->1584K(70656K)] 400914K->332325K(738304K), 0.0017640 secs] [Times: user=0.01 sys=0.00, real=0.01 secs] 
1105.240: [GC (Allocation Failure) [PSYoungGen: 70192K->1472K(70656K)] 400933K->332213K(738304K), 0.0016251 secs] [Times: user=0.01 sys=0.00, real=0.00 secs] 
1105.525: [GC (Allocation Failure) [PSYoungGen: 70080K->1376K(70656K)] 400821K->332117K(738304K), 0.0015162 secs] [Times: user=0.01 sys=0.00, real=0.00 secs] 
1105.809: [GC (Allocation Failure) [PSYoungGen: 69984K->1376K(70656K)] 400725K->332117K(738304K), 0.0016002 secs] [Times: user=0.01 sys=0.00, real=0.00 secs] 
1106.093: [GC (Allocation Failure) [PSYoungGen: 69984K->1392K(70656K)] 400725K->332133K(738304K), 0.0015153 secs] [Times: user=0.01 sys=0.00, real=0.01 secs] 
1106.432: [GC (Allocation Failure) [PSYoungGen: 70000K->1485K(70656K)] 400741K->332226K(738304K), 0.0016166 secs] [Times: user=0.00 sys=0.00, real=0.01 secs] 
1106.844: [GC (Allocation Failure) [PSYoungGen: 70093K->1581K(70656K)] 400834K->332322K(738304K), 0.0016840 secs] [Times: user=0.01 sys=0.00, real=0.00 secs] 
1107.256: [GC (Allocation Failure) [PSYoungGen: 70189K->1581K(70656K)] 400930K->332322K(738304K), 0.0016843 secs] [Times: user=0.01 sys=0.00, real=0.00 secs] 
1107.668: [GC (Allocation Failure) [PSYoungGen: 70189K->1581K(70656K)] 400930K->332322K(738304K), 0.0016019 secs] [Times: user=0.00 sys=0.00, real=0.00 secs] 
1109.015: [GC (Allocation Failure) [PSYoungGen: 70189K->1424K(70656K)] 400930K->332165K(738304K), 0.0034136 secs] [Times: user=0.01 sys=0.00, real=0.00 secs] 
1109.452: [GC (Allocation Failure) [PSYoungGen: 70032K->1376K(70656K)] 400773K->332117K(738304K), 0.0020260 secs] [Times: user=0.00 sys=0.00, real=0.01 secs] 
1109.776: [GC (Allocation Failure) [PSYoungGen: 69984K->1408K(70656K)] 400725K->332165K(738304K), 0.0018891 secs] [Times: user=0.00 sys=0.00, real=0.00 secs] 
1110.060: [GC (Allocation Failure) [PSYoungGen: 70016K->1376K(70656K)] 400773K->332133K(738304K), 0.0018567 secs] [Times: user=0.01 sys=0.00, real=0.00 secs] 
1110.492: [GC (Allocation Failure) [PSYoungGen: 69984K->1517K(70656K)] 400741K->332274K(738304K), 0.0016492 secs] [Times: user=0.01 sys=0.00, real=0.01 secs] 
1110.907: [GC (Allocation Failure) [PSYoungGen: 70125K->1581K(70656K)] 400882K->332338K(738304K), 0.0021226 secs] [Times: user=0.01 sys=0.00, real=0.00 secs] 
1111.377: [GC (Allocation Failure) [PSYoungGen: 70189K->1581K(70656K)] 400946K->332338K(738304K), 0.0017818 secs] [Times: user=0.00 sys=0.00, real=0.00 secs] 
1111.829: [GC (Allocation Failure) [PSYoungGen: 70189K->1696K(70656K)] 400946K->332453K(738304K), 0.0017669 secs] [Times: user=0.01 sys=0.00, real=0.00 secs] 
1112.196: [GC (Allocation Failure) [PSYoungGen: 70304K->1472K(70656K)] 401061K->332229K(738304K), 0.0019692 secs] [Times: user=0.00 sys=0.00, real=0.00 secs] 
1112.481: [GC (Allocation Failure) [PSYoungGen: 70080K->1392K(70656K)] 400837K->332149K(738304K), 0.0019375 secs] [Times: user=0.00 sys=0.00, real=0.00 secs] 
1112.919: [GC (Allocation Failure) [PSYoungGen: 70000K->1440K(70656K)] 400757K->332197K(738304K), 0.0019943 secs] [Times: user=0.01 sys=0.00, real=0.00 secs] 
1113.204: [GC (Allocation Failure) [PSYoungGen: 70048K->1408K(70656K)] 400805K->332165K(738304K), 0.0021077 secs] [Times: user=0.01 sys=0.00, real=0.00 secs] 
1113.680: [GC (Allocation Failure) [PSYoungGen: 70016K->1565K(70656K)] 400773K->332322K(738304K), 0.0015191 secs] [Times: user=0.01 sys=0.00, real=0.00 secs] 
1114.166: [GC (Allocation Failure) [PSYoungGen: 70173K->1565K(70656K)] 400930K->332322K(738304K), 0.0016396 secs] [Times: user=0.00 sys=0.00, real=0.00 secs] 
1114.597: [GC (Allocation Failure) [PSYoungGen: 70173K->1565K(70656K)] 400930K->332322K(738304K), 0.0015703 secs] [Times: user=0.01 sys=0.00, real=0.00 secs] 
1115.009: [GC (Allocation Failure) [PSYoungGen: 70173K->1504K(70656K)] 400930K->332261K(738304K), 0.0018118 secs] [Times: user=0.00 sys=0.00, real=0.00 secs] 
1115.294: [GC (Allocation Failure) [PSYoungGen: 70112K->1408K(70656K)] 400869K->332165K(738304K), 0.0017551 secs] [Times: user=0.01 sys=0.00, real=0.00 secs] 
1115.616: [GC (Allocation Failure) [PSYoungGen: 70016K->1440K(70656K)] 400773K->332197K(738304K), 0.0017062 secs] [Times: user=0.01 sys=0.00, real=0.00 secs] 
1115.959: [GC (Allocation Failure) [PSYoungGen: 70048K->1408K(70656K)] 400805K->332165K(738304K), 0.0022476 secs] [Times: user=0.01 sys=0.00, real=0.00 secs] 
1116.512: [GC (Allocation Failure) [PSYoungGen: 70016K->1437K(70656K)] 400773K->332194K(738304K), 0.0016080 secs] [Times: user=0.00 sys=0.00, real=0.01 secs] 
1116.923: [GC (Allocation Failure) [PSYoungGen: 70045K->1597K(70656K)] 400802K->332354K(738304K), 0.0015821 secs] [Times: user=0.01 sys=0.00, real=0.00 secs] 
1117.338: [GC (Allocation Failure) [PSYoungGen: 70205K->1565K(70656K)] 400962K->332322K(738304K), 0.0015423 secs] [Times: user=0.00 sys=0.00, real=0.00 secs] 
1117.751: [GC (Allocation Failure) [PSYoungGen: 70173K->1565K(70656K)] 400930K->332354K(738304K), 0.0015591 secs] [Times: user=0.00 sys=0.00, real=0.00 secs] 
1118.465: [GC (Allocation Failure) [PSYoungGen: 70173K->1456K(70656K)] 400962K->332245K(738304K), 0.0025394 secs] [Times: user=0.01 sys=0.01, real=0.00 secs] 
1119.001: [GC (Allocation Failure) [PSYoungGen: 70064K->1408K(70656K)] 400853K->332197K(738304K), 0.0022649 secs] [Times: user=0.01 sys=0.00, real=0.00 secs] 
1119.286: [GC (Allocation Failure) [PSYoungGen: 70016K->1344K(70656K)] 400805K->332133K(738304K), 0.0020295 secs] [Times: user=0.01 sys=0.00, real=0.00 secs] 
1119.570: [GC (Allocation Failure) [PSYoungGen: 69952K->1376K(70656K)] 400741K->332189K(738304K), 0.0018435 secs] [Times: user=0.00 sys=0.00, real=0.00 secs] 
1120.065: [GC (Allocation Failure) [PSYoungGen: 69984K->1485K(70656K)] 400797K->332298K(738304K), 0.0017209 secs] [Times: user=0.01 sys=0.00, real=0.00 secs] 
1120.479: [GC (Allocation Failure) [PSYoungGen: 70093K->1517K(70656K)] 400906K->332330K(738304K), 0.0017541 secs] [Times: user=0.00 sys=0.00, real=0.00 secs] 
1120.894: [GC (Allocation Failure) [PSYoungGen: 70125K->1549K(70656K)] 400938K->332362K(738304K), 0.0016953 secs] [Times: user=0.01 sys=0.00, real=0.00 secs] 
1121.348: [GC (Allocation Failure) [PSYoungGen: 70157K->1504K(70656K)] 400970K->332317K(738304K), 0.0021651 secs] [Times: user=0.01 sys=0.00, real=0.00 secs] 
1121.979: [GC (Allocation Failure) [PSYoungGen: 70112K->1408K(70656K)] 400925K->332221K(738304K), 0.0031902 secs] [Times: user=0.01 sys=0.00, real=0.00 secs] 
1122.405: [GC (Allocation Failure) [PSYoungGen: 70016K->1408K(70656K)] 400829K->332221K(738304K), 0.0019835 secs] [Times: user=0.01 sys=0.00, real=0.00 secs] 
1122.704: [GC (Allocation Failure) [PSYoungGen: 70016K->1376K(70656K)] 400829K->332189K(738304K), 0.0020840 secs] [Times: user=0.01 sys=0.00, real=0.00 secs] 
1123.214: [GC (Allocation Failure) [PSYoungGen: 69984K->1456K(70656K)] 400797K->332269K(738304K), 0.0020772 secs] [Times: user=0.00 sys=0.00, real=0.00 secs] 
1123.724: [GC (Allocation Failure) [PSYoungGen: 70064K->1533K(70656K)] 400877K->332346K(738304K), 0.0017043 secs] [Times: user=0.01 sys=0.00, real=0.00 secs] 
1124.198: [GC (Allocation Failure) [PSYoungGen: 70141K->1581K(70656K)] 400954K->332394K(738304K), 0.0016843 secs] [Times: user=0.00 sys=0.00, real=0.00 secs] 
1124.610: [GC (Allocation Failure) [PSYoungGen: 70189K->1552K(70656K)] 401002K->332365K(738304K), 0.0017737 secs] [Times: user=0.01 sys=0.00, real=0.00 secs] 
1124.980: [GC (Allocation Failure) [PSYoungGen: 70160K->1456K(70656K)] 400973K->332293K(738304K), 0.0024852 secs] [Times: user=0.01 sys=0.00, real=0.00 secs] 
1125.266: [GC (Allocation Failure) [PSYoungGen: 70064K->1376K(70656K)] 400901K->332213K(738304K), 0.0019142 secs] [Times: user=0.01 sys=0.00, real=0.00 secs] 
1125.551: [GC (Allocation Failure) [PSYoungGen: 69984K->1376K(70656K)] 400821K->332213K(738304K), 0.0019211 secs] [Times: user=0.01 sys=0.00, real=0.00 secs] 
1125.926: [GC (Allocation Failure) [PSYoungGen: 69984K->1376K(70656K)] 400821K->332213K(738304K), 0.0020179 secs] [Times: user=0.01 sys=0.00, real=0.00 secs] 
1126.457: [GC (Allocation Failure) [PSYoungGen: 69984K->1517K(70656K)] 400821K->332354K(738304K), 0.0016324 secs] [Times: user=0.01 sys=0.00, real=0.00 secs] 
1126.871: [GC (Allocation Failure) [PSYoungGen: 70125K->1565K(70656K)] 400962K->332402K(738304K), 0.0016721 secs] [Times: user=0.00 sys=0.00, real=0.01 secs] 
1127.285: [GC (Allocation Failure) [PSYoungGen: 70173K->1581K(70656K)] 401010K->332418K(738304K), 0.0017627 secs] [Times: user=0.01 sys=0.00, real=0.00 secs] 
1127.697: [GC (Allocation Failure) [PSYoungGen: 70189K->1533K(70656K)] 401026K->332378K(738304K), 0.0017032 secs] [Times: user=0.00 sys=0.00, real=0.00 secs] 
1128.459: [GC (Allocation Failure) [PSYoungGen: 70141K->1440K(70656K)] 400986K->332285K(738304K), 0.0018514 secs] [Times: user=0.00 sys=0.00, real=0.00 secs] 
1128.905: [GC (Allocation Failure) [PSYoungGen: 70048K->1360K(70656K)] 400893K->332205K(738304K), 0.0019082 secs] [Times: user=0.01 sys=0.00, real=0.00 secs] 
1129.190: [GC (Allocation Failure) [PSYoungGen: 69968K->1376K(70656K)] 400813K->332221K(738304K), 0.0017307 secs] [Times: user=0.00 sys=0.00, real=0.00 secs] 
1129.474: [GC (Allocation Failure) [PSYoungGen: 69984K->1376K(70656K)] 400829K->332237K(738304K), 0.0019033 secs] [Times: user=0.00 sys=0.00, real=0.00 secs] 
1129.896: [GC (Allocation Failure) [PSYoungGen: 69984K->1533K(70656K)] 400845K->332394K(738304K), 0.0016149 secs] [Times: user=0.00 sys=0.00, real=0.00 secs] 
1130.370: [GC (Allocation Failure) [PSYoungGen: 70141K->1533K(70656K)] 401002K->332394K(738304K), 0.0017742 secs] [Times: user=0.01 sys=0.00, real=0.00 secs] 
1130.792: [GC (Allocation Failure) [PSYoungGen: 70141K->1581K(70656K)] 401002K->332442K(738304K), 0.0017670 secs] [Times: user=0.00 sys=0.00, real=0.01 secs] 
1131.508: [GC (Allocation Failure) [PSYoungGen: 70189K->1504K(70656K)] 401050K->332365K(738304K), 0.0024971 secs] [Times: user=0.01 sys=0.00, real=0.00 secs] 
1132.744: [GC (Allocation Failure) [PSYoungGen: 70112K->1376K(70656K)] 400973K->332237K(738304K), 0.0041034 secs] [Times: user=0.02 sys=0.00, real=0.00 secs] 
1133.219: [GC (Allocation Failure) [PSYoungGen: 69984K->1408K(70656K)] 400845K->332269K(738304K), 0.0021948 secs] [Times: user=0.01 sys=0.00, real=0.00 secs] 
1133.536: [GC (Allocation Failure) [PSYoungGen: 70016K->1376K(70656K)] 400877K->332237K(738304K), 0.0019302 secs] [Times: user=0.01 sys=0.00, real=0.00 secs] 
1133.876: [GC (Allocation Failure) [PSYoungGen: 69984K->1421K(70656K)] 400845K->332282K(738304K), 0.0026676 secs] [Times: user=0.01 sys=0.00, real=0.00 secs] 
1134.392: [GC (Allocation Failure) [PSYoungGen: 70029K->1533K(70656K)] 400890K->332394K(738304K), 0.0017293 secs] [Times: user=0.00 sys=0.00, real=0.01 secs] 
1134.807: [GC (Allocation Failure) [PSYoungGen: 70141K->1584K(70656K)] 401002K->332445K(738304K), 0.0016805 secs] [Times: user=0.00 sys=0.00, real=0.00 secs] 
1135.282: [GC (Allocation Failure) [PSYoungGen: 70192K->1584K(70656K)] 401053K->332445K(738304K), 0.0017851 secs] [Times: user=0.00 sys=0.00, real=0.01 secs] 
1135.842: [GC (Allocation Failure) [PSYoungGen: 70192K->1488K(70656K)] 401053K->332349K(738304K), 0.0033093 secs] [Times: user=0.01 sys=0.00, real=0.01 secs] 
1136.395: [GC (Allocation Failure) [PSYoungGen: 70096K->1376K(70656K)] 400957K->332237K(738304K), 0.0027104 secs] [Times: user=0.01 sys=0.01, real=0.00 secs] 
1136.943: [GC (Allocation Failure) [PSYoungGen: 69984K->1376K(70656K)] 400845K->332237K(738304K), 0.0033279 secs] [Times: user=0.01 sys=0.00, real=0.00 secs] 
1137.498: [GC (Allocation Failure) [PSYoungGen: 69984K->1344K(70656K)] 400845K->332205K(738304K), 0.0024443 secs] [Times: user=0.01 sys=0.00, real=0.00 secs] 
1138.358: [GC (Allocation Failure) [PSYoungGen: 69952K->1469K(70656K)] 400813K->332330K(738304K), 0.0016489 secs] [Times: user=0.01 sys=0.00, real=0.00 secs] 
1138.771: [GC (Allocation Failure) [PSYoungGen: 70077K->1549K(70656K)] 400938K->332410K(738304K), 0.0017765 secs] [Times: user=0.01 sys=0.00, real=0.00 secs] 
1139.184: [GC (Allocation Failure) [PSYoungGen: 70157K->1581K(70656K)] 401018K->332442K(738304K), 0.0017800 secs] [Times: user=0.01 sys=0.00, real=0.00 secs] 
1139.655: [GC (Allocation Failure) [PSYoungGen: 70189K->1549K(70656K)] 401050K->332426K(738304K), 0.0017772 secs] [Times: user=0.01 sys=0.00, real=0.00 secs] 
1139.992: [GC (Allocation Failure) [PSYoungGen: 70157K->1408K(70656K)] 401034K->332293K(738304K), 0.0020127 secs] [Times: user=0.01 sys=0.01, real=0.01 secs] 
1140.522: [GC (Allocation Failure) [PSYoungGen: 70016K->1376K(70656K)] 400901K->332277K(738304K), 0.0020944 secs] [Times: user=0.00 sys=0.00, real=0.01 secs] 
1141.104: [GC (Allocation Failure) [PSYoungGen: 69984K->1376K(70656K)] 400885K->332277K(738304K), 0.0037865 secs] [Times: user=0.01 sys=0.00, real=0.00 secs] 
1141.767: [GC (Allocation Failure) [PSYoungGen: 69984K->1376K(70656K)] 400885K->332277K(738304K), 0.0030279 secs] [Times: user=0.01 sys=0.00, real=0.00 secs] 
1142.330: [GC (Allocation Failure) [PSYoungGen: 69984K->1517K(70656K)] 400885K->332418K(738304K), 0.0015861 secs] [Times: user=0.01 sys=0.00, real=0.00 secs] 
1142.747: [GC (Allocation Failure) [PSYoungGen: 70125K->1533K(70656K)] 401026K->332434K(738304K), 0.0016621 secs] [Times: user=0.00 sys=0.00, real=0.00 secs] 
1143.162: [GC (Allocation Failure) [PSYoungGen: 70141K->1485K(70656K)] 401042K->332386K(738304K), 0.0016956 secs] [Times: user=0.00 sys=0.00, real=0.01 secs] 
1143.727: [GC (Allocation Failure) [PSYoungGen: 70093K->1488K(70656K)] 400994K->332389K(738304K), 0.0019375 secs] [Times: user=0.01 sys=0.00, real=0.00 secs] 
1144.523: [GC (Allocation Failure) [PSYoungGen: 70096K->1392K(70656K)] 400997K->332293K(738304K), 0.0030920 secs] [Times: user=0.01 sys=0.00, real=0.01 secs] 
1145.445: [GC (Allocation Failure) [PSYoungGen: 70000K->1376K(70656K)] 400901K->332277K(738304K), 0.0029800 secs] [Times: user=0.01 sys=0.00, real=0.00 secs] 
1146.367: [GC (Allocation Failure) [PSYoungGen: 69984K->1376K(70656K)] 400885K->332277K(738304K), 0.0036844 secs] [Times: user=0.01 sys=0.00, real=0.00 secs] 
1147.174: [GC (Allocation Failure) [PSYoungGen: 69984K->1485K(70656K)] 400885K->332386K(738304K), 0.0020793 secs] [Times: user=0.01 sys=0.00, real=0.00 secs] 
1147.606: [GC (Allocation Failure) [PSYoungGen: 70093K->1549K(70656K)] 400994K->332450K(738304K), 0.0017765 secs] [Times: user=0.00 sys=0.00, real=0.00 secs] 
1148.019: [GC (Allocation Failure) [PSYoungGen: 70155K->1549K(70656K)] 401056K->332450K(738304K), 0.0016829 secs] [Times: user=0.01 sys=0.00, real=0.00 secs] 
1148.431: [GC (Allocation Failure) [PSYoungGen: 70157K->1565K(70656K)] 401058K->332466K(738304K), 0.0017382 secs] [Times: user=0.01 sys=0.00, real=0.00 secs] 
1148.839: [GC (Allocation Failure) [PSYoungGen: 70173K->1440K(70656K)] 401074K->332349K(738304K), 0.0017854 secs] [Times: user=0.01 sys=0.00, real=0.00 secs] 
1149.341: [GC (Allocation Failure) [PSYoungGen: 70048K->1408K(70656K)] 400957K->332317K(738304K), 0.0019470 secs] [Times: user=0.01 sys=0.00, real=0.01 secs] 
1149.920: [GC (Allocation Failure) [PSYoungGen: 70016K->1408K(70656K)] 400925K->332317K(738304K), 0.0019329 secs] [Times: user=0.01 sys=0.00, real=0.00 secs] 
1150.495: [GC (Allocation Failure) [PSYoungGen: 70016K->1376K(70656K)] 400925K->332285K(738304K), 0.0040727 secs] [Times: user=0.02 sys=0.00, real=0.00 secs] 
1151.132: [GC (Allocation Failure) [PSYoungGen: 69984K->1549K(70656K)] 400893K->332458K(738304K), 0.0016100 secs] [Times: user=0.01 sys=0.00, real=0.01 secs] 
1151.546: [GC (Allocation Failure) [PSYoungGen: 70150K->1549K(70656K)] 401059K->332458K(738304K), 0.0017014 secs] [Times: user=0.01 sys=0.00, real=0.00 secs] 
1151.961: [GC (Allocation Failure) [PSYoungGen: 70157K->1581K(70656K)] 401066K->332506K(738304K), 0.0016497 secs] [Times: user=0.01 sys=0.00, real=0.01 secs] 
1152.425: [GC (Allocation Failure) [PSYoungGen: 70189K->1536K(70656K)] 401114K->332461K(738304K), 0.0015435 secs] [Times: user=0.01 sys=0.00, real=0.00 secs] 
1152.766: [GC (Allocation Failure) [PSYoungGen: 70144K->1408K(70656K)] 401069K->332333K(738304K), 0.0020644 secs] [Times: user=0.01 sys=0.00, real=0.00 secs] 
1153.092: [GC (Allocation Failure) [PSYoungGen: 70016K->1408K(70656K)] 400941K->332333K(738304K), 0.0019695 secs] [Times: user=0.01 sys=0.00, real=0.01 secs] 
1153.430: [GC (Allocation Failure) [PSYoungGen: 70016K->1376K(70656K)] 400941K->332301K(738304K), 0.0020148 secs] [Times: user=0.01 sys=0.00, real=0.00 secs] 
1153.715: [GC (Allocation Failure) [PSYoungGen: 69984K->1408K(70656K)] 400909K->332333K(738304K), 0.0019510 secs] [Times: user=0.01 sys=0.00, real=0.00 secs] 
1154.154: [GC (Allocation Failure) [PSYoungGen: 70016K->1520K(70656K)] 400941K->332445K(738304K), 0.0017205 secs] [Times: user=0.00 sys=0.00, real=0.00 secs] 
1154.566: [GC (Allocation Failure) [PSYoungGen: 70128K->1552K(70656K)] 401053K->332477K(738304K), 0.0017686 secs] [Times: user=0.00 sys=0.00, real=0.00 secs] 
1154.979: [GC (Allocation Failure) [PSYoungGen: 70160K->1552K(70656K)] 401085K->332477K(738304K), 0.0016656 secs] [Times: user=0.01 sys=0.00, real=0.00 secs] 
1155.365: [GC (Allocation Failure) [PSYoungGen: 70160K->1472K(70656K)] 401085K->332397K(738304K), 0.0017662 secs] [Times: user=0.00 sys=0.00, real=0.00 secs] 
1155.648: [GC (Allocation Failure) [PSYoungGen: 70080K->1376K(70656K)] 401005K->332301K(738304K), 0.0015012 secs] [Times: user=0.00 sys=0.00, real=0.00 secs] 
1155.989: [GC (Allocation Failure) [PSYoungGen: 69984K->1424K(70656K)] 400909K->332349K(738304K), 0.0017051 secs] [Times: user=0.00 sys=0.00, real=0.00 secs] 
1156.273: [GC (Allocation Failure) [PSYoungGen: 70032K->1376K(70656K)] 400957K->332301K(738304K), 0.0021236 secs] [Times: user=0.01 sys=0.00, real=0.01 secs] 
1156.689: [GC (Allocation Failure) [PSYoungGen: 69984K->1485K(70656K)] 400909K->332410K(738304K), 0.0016367 secs] [Times: user=0.01 sys=0.00, real=0.00 secs] 
1157.106: [GC (Allocation Failure) [PSYoungGen: 70093K->1549K(70656K)] 401018K->332474K(738304K), 0.0016857 secs] [Times: user=0.01 sys=0.00, real=0.00 secs] 
1157.517: [GC (Allocation Failure) [PSYoungGen: 70157K->1581K(70656K)] 401082K->332506K(738304K), 0.0016653 secs] [Times: user=0.01 sys=0.00, real=0.00 secs] 
1157.986: [GC (Allocation Failure) [PSYoungGen: 70189K->1581K(70656K)] 401114K->332514K(738304K), 0.0018121 secs] [Times: user=0.01 sys=0.00, real=0.00 secs] 
1158.353: [GC (Allocation Failure) [PSYoungGen: 70189K->1440K(70656K)] 401122K->332381K(738304K), 0.0020710 secs] [Times: user=0.01 sys=0.00, real=0.01 secs] 
1158.714: [GC (Allocation Failure) [PSYoungGen: 70048K->1376K(70656K)] 400989K->332333K(738304K), 0.0020354 secs] [Times: user=0.01 sys=0.00, real=0.00 secs] 
1159.144: [GC (Allocation Failure) [PSYoungGen: 69984K->1376K(70656K)] 400941K->332333K(738304K), 0.0021091 secs] [Times: user=0.01 sys=0.00, real=0.00 secs] 
1159.966: [GC (Allocation Failure) [PSYoungGen: 69984K->1344K(70656K)] 400941K->332301K(738304K), 0.0021205 secs] [Times: user=0.01 sys=0.00, real=0.00 secs] 
1160.473: [GC (Allocation Failure) [PSYoungGen: 69952K->1472K(70656K)] 400909K->332429K(738304K), 0.0017016 secs] [Times: user=0.01 sys=0.00, real=0.01 secs] 
1160.884: [GC (Allocation Failure) [PSYoungGen: 70080K->1581K(70656K)] 401037K->332538K(738304K), 0.0016186 secs] [Times: user=0.01 sys=0.00, real=0.00 secs] 
1161.300: [GC (Allocation Failure) [PSYoungGen: 70189K->1581K(70656K)] 401146K->332538K(738304K), 0.0016333 secs] [Times: user=0.01 sys=0.00, real=0.00 secs] 
1161.946: [GC (Allocation Failure) [PSYoungGen: 70189K->2016K(70656K)] 401146K->332973K(738304K), 0.0019457 secs] [Times: user=0.01 sys=0.00, real=0.00 secs] 
1162.256: [GC (Allocation Failure) [PSYoungGen: 70624K->1408K(70656K)] 401581K->332365K(738304K), 0.0019962 secs] [Times: user=0.01 sys=0.00, real=0.00 secs] 
1162.764: [GC (Allocation Failure) [PSYoungGen: 70016K->1376K(70656K)] 400973K->332333K(738304K), 0.0022577 secs] [Times: user=0.01 sys=0.00, real=0.00 secs] 
1163.338: [GC (Allocation Failure) [PSYoungGen: 69984K->1376K(70656K)] 400941K->332333K(738304K), 0.0038163 secs] [Times: user=0.02 sys=0.00, real=0.00 secs] 
1163.927: [GC (Allocation Failure) [PSYoungGen: 69983K->1456K(70656K)] 400941K->332413K(738304K), 0.0026320 secs] [Times: user=0.01 sys=0.00, real=0.00 secs] 
1164.412: [GC (Allocation Failure) [PSYoungGen: 70064K->1581K(70656K)] 401021K->332538K(738304K), 0.0016989 secs] [Times: user=0.01 sys=0.00, real=0.01 secs] 
1164.825: [GC (Allocation Failure) [PSYoungGen: 70189K->1501K(70656K)] 401146K->332458K(738304K), 0.0016364 secs] [Times: user=0.00 sys=0.00, real=0.00 secs] 
1165.238: [GC (Allocation Failure) [PSYoungGen: 70109K->1549K(70656K)] 401066K->332506K(738304K), 0.0016631 secs] [Times: user=0.01 sys=0.00, real=0.00 secs] 
1165.615: [GC (Allocation Failure) [PSYoungGen: 70157K->1504K(70656K)] 401114K->332461K(738304K), 0.0017123 secs] [Times: user=0.01 sys=0.00, real=0.00 secs] 
1166.021: [GC (Allocation Failure) [PSYoungGen: 70112K->1392K(70656K)] 401069K->332349K(738304K), 0.0017828 secs] [Times: user=0.00 sys=0.00, real=0.01 secs] 
1166.620: [GC (Allocation Failure) [PSYoungGen: 70000K->1376K(70656K)] 400957K->332333K(738304K), 0.0030454 secs] [Times: user=0.01 sys=0.00, real=0.00 secs] 
1167.183: [GC (Allocation Failure) [PSYoungGen: 69984K->1376K(70656K)] 400941K->332333K(738304K), 0.0027046 secs] [Times: user=0.01 sys=0.00, real=0.01 secs] 
1167.818: [GC (Allocation Failure) [PSYoungGen: 69984K->1421K(70656K)] 400941K->332378K(738304K), 0.0015558 secs] [Times: user=0.01 sys=0.00, real=0.00 secs] 
1168.231: [GC (Allocation Failure) [PSYoungGen: 70029K->1581K(70656K)] 400986K->332538K(738304K), 0.0016606 secs] [Times: user=0.00 sys=0.00, real=0.00 secs] 
1168.706: [GC (Allocation Failure) [PSYoungGen: 70189K->1549K(70656K)] 401146K->332506K(738304K), 0.0017773 secs] [Times: user=0.01 sys=0.00, real=0.00 secs] 
1169.118: [GC (Allocation Failure) [PSYoungGen: 70157K->1565K(70656K)] 401114K->332530K(738304K), 0.0016337 secs] [Times: user=0.01 sys=0.00, real=0.00 secs] 
1169.498: [GC (Allocation Failure) [PSYoungGen: 70173K->1408K(70656K)] 401138K->332373K(738304K), 0.0021065 secs] [Times: user=0.01 sys=0.00, real=0.00 secs] 
1169.784: [GC (Allocation Failure) [PSYoungGen: 70016K->1408K(70656K)] 400981K->332373K(738304K), 0.0019874 secs] [Times: user=0.01 sys=0.00, real=0.00 secs] 
1170.343: [GC (Allocation Failure) [PSYoungGen: 70016K->1376K(70656K)] 400981K->332365K(738304K), 0.0026184 secs] [Times: user=0.01 sys=0.00, real=0.00 secs] 
1170.864: [GC (Allocation Failure) [PSYoungGen: 69984K->1408K(70656K)] 400973K->332397K(738304K), 0.0025534 secs] [Times: user=0.01 sys=0.00, real=0.00 secs] 
1171.383: [GC (Allocation Failure) [PSYoungGen: 70016K->1453K(70656K)] 401005K->332442K(738304K), 0.0017086 secs] [Times: user=0.01 sys=0.00, real=0.01 secs] 
1171.797: [GC (Allocation Failure) [PSYoungGen: 70045K->1517K(70656K)] 401034K->332506K(738304K), 0.0016966 secs] [Times: user=0.01 sys=0.00, real=0.00 secs] 
1172.211: [GC (Allocation Failure) [PSYoungGen: 70125K->1581K(70656K)] 401114K->332570K(738304K), 0.0016904 secs] [Times: user=0.00 sys=0.00, real=0.01 secs] 
1172.685: [GC (Allocation Failure) [PSYoungGen: 70189K->1504K(70656K)] 401178K->332493K(738304K), 0.0020053 secs] [Times: user=0.01 sys=0.00, real=0.00 secs] 
1173.535: [GC (Allocation Failure) [PSYoungGen: 70112K->1376K(70656K)] 401101K->332365K(738304K), 0.0039760 secs] [Times: user=0.02 sys=0.00, real=0.00 secs] 
1174.363: [GC (Allocation Failure) [PSYoungGen: 69984K->1392K(70656K)] 400973K->332381K(738304K), 0.0031411 secs] [Times: user=0.01 sys=0.00, real=0.01 secs] 
1175.137: [GC (Allocation Failure) [PSYoungGen: 70000K->1376K(70656K)] 400989K->332365K(738304K), 0.0024599 secs] [Times: user=0.01 sys=0.00, real=0.00 secs] 
1175.666: [GC (Allocation Failure) [PSYoungGen: 69984K->1456K(70656K)] 400973K->332445K(738304K), 0.0019316 secs] [Times: user=0.00 sys=0.00, real=0.00 secs] 
1176.081: [GC (Allocation Failure) [PSYoungGen: 70064K->1581K(70656K)] 401053K->332570K(738304K), 0.0016653 secs] [Times: user=0.01 sys=0.00, real=0.00 secs] 
1176.492: [GC (Allocation Failure) [PSYoungGen: 70189K->1584K(70656K)] 401178K->332573K(738304K), 0.0017596 secs] [Times: user=0.01 sys=0.00, real=0.01 secs] 
1176.909: [GC (Allocation Failure) [PSYoungGen: 70192K->1584K(70656K)] 401181K->332573K(738304K), 0.0016239 secs] [Times: user=0.01 sys=0.00, real=0.00 secs] 
1177.629: [GC (Allocation Failure) [PSYoungGen: 70192K->1440K(70656K)] 401181K->332445K(738304K), 0.0024070 secs] [Times: user=0.01 sys=0.00, real=0.00 secs] 
1178.118: [GC (Allocation Failure) [PSYoungGen: 70048K->1344K(70656K)] 401053K->332349K(738304K), 0.0020977 secs] [Times: user=0.01 sys=0.00, real=0.00 secs] 
1178.431: [GC (Allocation Failure) [PSYoungGen: 69952K->1376K(70656K)] 400957K->332381K(738304K), 0.0020905 secs] [Times: user=0.01 sys=0.00, real=0.00 secs] 
1178.748: [GC (Allocation Failure) [PSYoungGen: 69984K->1344K(70656K)] 400989K->332349K(738304K), 0.0019139 secs] [Times: user=0.01 sys=0.00, real=0.00 secs] 
1179.153: [GC (Allocation Failure) [PSYoungGen: 69952K->1488K(70656K)] 400957K->332493K(738304K), 0.0015571 secs] [Times: user=0.01 sys=0.00, real=0.00 secs] 
1179.627: [GC (Allocation Failure) [PSYoungGen: 70096K->1485K(70656K)] 401101K->332490K(738304K), 0.0018217 secs] [Times: user=0.00 sys=0.00, real=0.00 secs] 
1180.042: [GC (Allocation Failure) [PSYoungGen: 70093K->1549K(70656K)] 401098K->332554K(738304K), 0.0017853 secs] [Times: user=0.01 sys=0.00, real=0.01 secs] 
1180.456: [GC (Allocation Failure) [PSYoungGen: 70157K->1533K(70656K)] 401162K->332546K(738304K), 0.0015706 secs] [Times: user=0.00 sys=0.00, real=0.00 secs] 
1180.832: [GC (Allocation Failure) [PSYoungGen: 70141K->1424K(70656K)] 401154K->332453K(738304K), 0.0020526 secs] [Times: user=0.01 sys=0.00, real=0.01 secs] 
1181.117: [GC (Allocation Failure) [PSYoungGen: 70032K->1376K(70656K)] 401061K->332405K(738304K), 0.0020377 secs] [Times: user=0.01 sys=0.00, real=0.00 secs] 
1181.402: [GC (Allocation Failure) [PSYoungGen: 69984K->1376K(70656K)] 401013K->332405K(738304K), 0.0019376 secs] [Times: user=0.01 sys=0.00, real=0.01 secs] 
1181.687: [GC (Allocation Failure) [PSYoungGen: 69984K->1408K(70656K)] 401013K->332437K(738304K), 0.0018359 secs] [Times: user=0.00 sys=0.00, real=0.00 secs] 
1182.115: [GC (Allocation Failure) [PSYoungGen: 70016K->1565K(70656K)] 401045K->332594K(738304K), 0.0016506 secs] [Times: user=0.01 sys=0.00, real=0.00 secs] 
1182.528: [GC (Allocation Failure) [PSYoungGen: 70173K->1549K(70656K)] 401202K->332578K(738304K), 0.0016965 secs] [Times: user=0.00 sys=0.00, real=0.00 secs] 
1182.941: [GC (Allocation Failure) [PSYoungGen: 70157K->1584K(70656K)] 401186K->332613K(738304K), 0.0017131 secs] [Times: user=0.00 sys=0.00, real=0.00 secs] 
1183.337: [GC (Allocation Failure) [PSYoungGen: 70192K->1472K(70656K)] 401221K->332517K(738304K), 0.0016821 secs] [Times: user=0.01 sys=0.00, real=0.00 secs] 
1183.622: [GC (Allocation Failure) [PSYoungGen: 70080K->1376K(70656K)] 401125K->332421K(738304K), 0.0018032 secs] [Times: user=0.01 sys=0.00, real=0.01 secs] 
1184.093: [GC (Allocation Failure) [PSYoungGen: 69984K->1344K(70656K)] 401029K->332389K(738304K), 0.0017998 secs] [Times: user=0.01 sys=0.00, real=0.01 secs] 
1184.689: [GC (Allocation Failure) [PSYoungGen: 69952K->1376K(70656K)] 400997K->332421K(738304K), 0.0020103 secs] [Times: user=0.01 sys=0.00, real=0.00 secs] 
1185.525: [GC (Allocation Failure) [PSYoungGen: 69984K->1453K(70656K)] 401029K->332498K(738304K), 0.0021039 secs] [Times: user=0.01 sys=0.00, real=0.00 secs] 
1185.951: [GC (Allocation Failure) [PSYoungGen: 70061K->1565K(70656K)] 401106K->332610K(738304K), 0.0017819 secs] [Times: user=0.00 sys=0.00, real=0.01 secs] 
1186.363: [GC (Allocation Failure) [PSYoungGen: 70173K->1565K(70656K)] 401218K->332610K(738304K), 0.0016541 secs] [Times: user=0.01 sys=0.00, real=0.00 secs] 
1186.777: [GC (Allocation Failure) [PSYoungGen: 70173K->1533K(70656K)] 401218K->332578K(738304K), 0.0016922 secs] [Times: user=0.00 sys=0.00, real=0.00 secs] 
1187.127: [GC (Allocation Failure) [PSYoungGen: 70141K->1440K(70656K)] 401186K->332485K(738304K), 0.0017693 secs] [Times: user=0.01 sys=0.00, real=0.00 secs] 
1187.412: [GC (Allocation Failure) [PSYoungGen: 70048K->1408K(70656K)] 401093K->332453K(738304K), 0.0017564 secs] [Times: user=0.01 sys=0.00, real=0.01 secs] 
1187.697: [GC (Allocation Failure) [PSYoungGen: 70016K->1376K(70656K)] 401061K->332421K(738304K), 0.0017771 secs] [Times: user=0.01 sys=0.00, real=0.00 secs] 
1188.264: [GC (Allocation Failure) [PSYoungGen: 69984K->1344K(70656K)] 401029K->332389K(738304K), 0.0020262 secs] [Times: user=0.01 sys=0.00, real=0.00 secs] 
1188.907: [GC (Allocation Failure) [PSYoungGen: 69946K->1469K(70656K)] 400991K->332514K(738304K), 0.0017470 secs] [Times: user=0.01 sys=0.00, real=0.00 secs] 
1189.318: [GC (Allocation Failure) [PSYoungGen: 70077K->1581K(70656K)] 401122K->332626K(738304K), 0.0016918 secs] [Times: user=0.00 sys=0.00, real=0.00 secs] 
1189.732: [GC (Allocation Failure) [PSYoungGen: 70189K->1549K(70656K)] 401234K->332610K(738304K), 0.0016944 secs] [Times: user=0.01 sys=0.00, real=0.01 secs] 
1190.144: [GC (Allocation Failure) [PSYoungGen: 70029K->288K(70656K)] 401090K->331349K(738304K), 0.0015029 secs] [Times: user=0.01 sys=0.00, real=0.00 secs] 
1191.562: [GC (Allocation Failure) [PSYoungGen: 68896K->1376K(70656K)] 399957K->332437K(738304K), 0.0021914 secs] [Times: user=0.01 sys=0.00, real=0.01 secs] 
1192.147: [GC (Allocation Failure) [PSYoungGen: 69984K->1344K(70656K)] 401045K->332405K(738304K), 0.0040157 secs] [Times: user=0.01 sys=0.00, real=0.00 secs] 
1192.499: [GC (Allocation Failure) [PSYoungGen: 69952K->1376K(70656K)] 401013K->332437K(738304K), 0.0021020 secs] [Times: user=0.01 sys=0.00, real=0.00 secs] 
1192.812: [GC (Allocation Failure) [PSYoungGen: 69984K->1376K(70656K)] 401045K->332437K(738304K), 0.0017125 secs] [Times: user=0.01 sys=0.00, real=0.01 secs] 
1193.242: [GC (Allocation Failure) [PSYoungGen: 69984K->1485K(70656K)] 401045K->332546K(738304K), 0.0017254 secs] [Times: user=0.01 sys=0.00, real=0.01 secs] 
1193.661: [GC (Allocation Failure) [PSYoungGen: 70093K->1552K(70656K)] 401154K->332613K(738304K), 0.0016324 secs] [Times: user=0.00 sys=0.00, real=0.01 secs] 
1194.077: [GC (Allocation Failure) [PSYoungGen: 70160K->1488K(70656K)] 401221K->332549K(738304K), 0.0017042 secs] [Times: user=0.00 sys=0.00, real=0.00 secs] 
1194.496: [GC (Allocation Failure) [PSYoungGen: 70096K->1504K(70656K)] 401157K->332565K(738304K), 0.0016418 secs] [Times: user=0.00 sys=0.00, real=0.00 secs] 
1194.823: [GC (Allocation Failure) [PSYoungGen: 70112K->1376K(70656K)] 401173K->332437K(738304K), 0.0015408 secs] [Times: user=0.01 sys=0.00, real=0.00 secs] 
1195.113: [GC (Allocation Failure) [PSYoungGen: 69984K->1408K(70656K)] 401045K->332469K(738304K), 0.0026071 secs] [Times: user=0.02 sys=0.00, real=0.01 secs] 
1195.399: [GC (Allocation Failure) [PSYoungGen: 70016K->1408K(70656K)] 401077K->332469K(738304K), 0.0022308 secs] [Times: user=0.01 sys=0.00, real=0.00 secs] 
1195.763: [GC (Allocation Failure) [PSYoungGen: 70016K->1485K(70656K)] 401077K->332546K(738304K), 0.0015974 secs] [Times: user=0.00 sys=0.00, real=0.01 secs] 
1196.175: [GC (Allocation Failure) [PSYoungGen: 70093K->1533K(70656K)] 401154K->332594K(738304K), 0.0017071 secs] [Times: user=0.00 sys=0.00, real=0.00 secs] 
1196.587: [GC (Allocation Failure) [PSYoungGen: 70141K->1533K(70656K)] 401202K->332594K(738304K), 0.0015740 secs] [Times: user=0.00 sys=0.00, real=0.00 secs] 
1197.001: [GC (Allocation Failure) [PSYoungGen: 70141K->1581K(70656K)] 401202K->332650K(738304K), 0.0017161 secs] [Times: user=0.01 sys=0.00, real=0.01 secs] 
1197.350: [GC (Allocation Failure) [PSYoungGen: 70189K->1408K(70656K)] 401258K->332477K(738304K), 0.0016103 secs] [Times: user=0.01 sys=0.00, real=0.00 secs] 
1197.635: [GC (Allocation Failure) [PSYoungGen: 70016K->1344K(70656K)] 401085K->332413K(738304K), 0.0015472 secs] [Times: user=0.01 sys=0.00, real=0.00 secs] 
1197.919: [GC (Allocation Failure) [PSYoungGen: 69952K->1376K(70656K)] 401021K->332445K(738304K), 0.0015599 secs] [Times: user=0.01 sys=0.00, real=0.00 secs] 
1198.204: [GC (Allocation Failure) [PSYoungGen: 69984K->1408K(70656K)] 401053K->332477K(738304K), 0.0018118 secs] [Times: user=0.01 sys=0.00, real=0.00 secs] 
1198.598: [GC (Allocation Failure) [PSYoungGen: 70001K->1517K(70656K)] 401071K->332610K(738304K), 0.0016088 secs] [Times: user=0.01 sys=0.00, real=0.00 secs] 
1199.079: [GC (Allocation Failure) [PSYoungGen: 70125K->1517K(70656K)] 401218K->332610K(738304K), 0.0018204 secs] [Times: user=0.01 sys=0.00, real=0.00 secs] 
1199.492: [GC (Allocation Failure) [PSYoungGen: 70125K->1581K(70656K)] 401218K->332674K(738304K), 0.0016927 secs] [Times: user=0.00 sys=0.00, real=0.01 secs] 
1199.924: [GC (Allocation Failure) [PSYoungGen: 70052K->1744K(70656K)] 401146K->332837K(738304K), 0.0018852 secs] [Times: user=0.01 sys=0.00, real=0.00 secs] 
1200.492: [GC (Allocation Failure) [PSYoungGen: 70352K->1344K(70656K)] 401445K->332437K(738304K), 0.0033213 secs] [Times: user=0.01 sys=0.00, real=0.01 secs] 
1201.107: [GC (Allocation Failure) [PSYoungGen: 69952K->1344K(70656K)] 401045K->332437K(738304K), 0.0027396 secs] [Times: user=0.01 sys=0.00, real=0.00 secs] 
1201.765: [GC (Allocation Failure) [PSYoungGen: 69952K->1360K(70656K)] 401045K->332453K(738304K), 0.0026326 secs] [Times: user=0.01 sys=0.00, real=0.00 secs] 
1202.498: [GC (Allocation Failure) [PSYoungGen: 69968K->1408K(70656K)] 401061K->332501K(738304K), 0.0029352 secs] [Times: user=0.02 sys=0.00, real=0.00 secs] 
1203.026: [GC (Allocation Failure) [PSYoungGen: 70016K->1552K(70656K)] 401109K->332645K(738304K), 0.0016531 secs] [Times: user=0.00 sys=0.00, real=0.00 secs] 
1203.440: [GC (Allocation Failure) [PSYoungGen: 70160K->1565K(70656K)] 401253K->332658K(738304K), 0.0017045 secs] [Times: user=0.01 sys=0.00, real=0.00 secs] 
1203.923: [GC (Allocation Failure) [PSYoungGen: 70173K->1520K(70656K)] 401266K->332613K(738304K), 0.0017204 secs] [Times: user=0.00 sys=0.00, real=0.00 secs] 
1204.525: [GC (Allocation Failure) [PSYoungGen: 70128K->1488K(70656K)] 401221K->332589K(738304K), 0.0032196 secs] [Times: user=0.01 sys=0.00, real=0.00 secs] 
1205.188: [GC (Allocation Failure) [PSYoungGen: 70096K->1408K(70656K)] 401197K->332509K(738304K), 0.0027205 secs] [Times: user=0.01 sys=0.00, real=0.00 secs] 
1205.802: [GC (Allocation Failure) [PSYoungGen: 70016K->1376K(70656K)] 401117K->332477K(738304K), 0.0025164 secs] [Times: user=0.01 sys=0.00, real=0.01 secs] 
1206.235: [GC (Allocation Failure) [PSYoungGen: 69984K->1360K(70656K)] 401085K->332461K(738304K), 0.0018296 secs] [Times: user=0.01 sys=0.00, real=0.00 secs] 
1206.635: [GC (Allocation Failure) [PSYoungGen: 69968K->1472K(70656K)] 401069K->332573K(738304K), 0.0016651 secs] [Times: user=0.01 sys=0.00, real=0.00 secs] 
1207.049: [GC (Allocation Failure) [PSYoungGen: 70080K->1517K(70656K)] 401181K->332618K(738304K), 0.0017086 secs] [Times: user=0.01 sys=0.00, real=0.00 secs] 
1207.523: [GC (Allocation Failure) [PSYoungGen: 70125K->1517K(70656K)] 401226K->332618K(738304K), 0.0017811 secs] [Times: user=0.00 sys=0.00, real=0.01 secs] 
1207.936: [GC (Allocation Failure) [PSYoungGen: 70125K->1565K(70656K)] 401226K->332674K(738304K), 0.0017716 secs] [Times: user=0.01 sys=0.00, real=0.00 secs] 
1208.554: [GC (Allocation Failure) [PSYoungGen: 70173K->1424K(70656K)] 401282K->332541K(738304K), 0.0023985 secs] [Times: user=0.01 sys=0.00, real=0.00 secs] 
1209.195: [GC (Allocation Failure) [PSYoungGen: 70032K->1376K(70656K)] 401149K->332493K(738304K), 0.0034235 secs] [Times: user=0.01 sys=0.00, real=0.00 secs] 
1209.785: [GC (Allocation Failure) [PSYoungGen: 69984K->1376K(70656K)] 401101K->332493K(738304K), 0.0022752 secs] [Times: user=0.01 sys=0.00, real=0.00 secs] 
1210.408: [GC (Allocation Failure) [PSYoungGen: 69984K->1376K(70656K)] 401101K->332501K(738304K), 0.0038159 secs] [Times: user=0.01 sys=0.00, real=0.00 secs] 
1210.945: [GC (Allocation Failure) [PSYoungGen: 69984K->1456K(70656K)] 401109K->332597K(738304K), 0.0016927 secs] [Times: user=0.00 sys=0.00, real=0.00 secs] 
1211.359: [GC (Allocation Failure) [PSYoungGen: 70064K->1549K(70656K)] 401205K->332690K(738304K), 0.0016580 secs] [Times: user=0.01 sys=0.01, real=0.00 secs] 
1211.771: [GC (Allocation Failure) [PSYoungGen: 70157K->1581K(70656K)] 401298K->332730K(738304K), 0.0016676 secs] [Times: user=0.01 sys=0.00, real=0.01 secs] 
1212.232: [GC (Allocation Failure) [PSYoungGen: 70189K->1504K(70656K)] 401338K->332661K(738304K), 0.0020182 secs] [Times: user=0.01 sys=0.00, real=0.01 secs] 
1212.820: [GC (Allocation Failure) [PSYoungGen: 70112K->1408K(70656K)] 401269K->332565K(738304K), 0.0018195 secs] [Times: user=0.01 sys=0.00, real=0.00 secs] 
1213.463: [GC (Allocation Failure) [PSYoungGen: 70016K->1376K(70656K)] 401173K->332533K(738304K), 0.0021813 secs] [Times: user=0.00 sys=0.00, real=0.01 secs] 
1214.039: [GC (Allocation Failure) [PSYoungGen: 69984K->1392K(70656K)] 401141K->332549K(738304K), 0.0019999 secs] [Times: user=0.01 sys=0.00, real=0.00 secs] 
1214.610: [GC (Allocation Failure) [PSYoungGen: 70000K->1456K(70656K)] 401157K->332613K(738304K), 0.0021429 secs] [Times: user=0.01 sys=0.00, real=0.00 secs] 
1215.030: [GC (Allocation Failure) [PSYoungGen: 70064K->1501K(70656K)] 401221K->332658K(738304K), 0.0016514 secs] [Times: user=0.01 sys=0.00, real=0.00 secs] 
1215.501: [GC (Allocation Failure) [PSYoungGen: 70109K->1552K(70656K)] 401266K->332709K(738304K), 0.0017462 secs] [Times: user=0.01 sys=0.00, real=0.00 secs] 
1215.914: [GC (Allocation Failure) [PSYoungGen: 70160K->1552K(70656K)] 401317K->332709K(738304K), 0.0017359 secs] [Times: user=0.00 sys=0.00, real=0.00 secs] 
1216.560: [GC (Allocation Failure) [PSYoungGen: 70160K->1472K(70656K)] 401317K->332637K(738304K), 0.0034783 secs] [Times: user=0.01 sys=0.00, real=0.01 secs] 
1217.414: [GC (Allocation Failure) [PSYoungGen: 70080K->1344K(70656K)] 401245K->332509K(738304K), 0.0038584 secs] [Times: user=0.02 sys=0.00, real=0.00 secs] 
1218.143: [GC (Allocation Failure) [PSYoungGen: 69952K->1408K(70656K)] 401117K->332589K(738304K), 0.0027762 secs] [Times: user=0.01 sys=0.00, real=0.00 secs] 
1218.859: [GC (Allocation Failure) [PSYoungGen: 70016K->1392K(70656K)] 401197K->332573K(738304K), 0.0027754 secs] [Times: user=0.01 sys=0.00, real=0.00 secs] 
1219.575: [GC (Allocation Failure) [PSYoungGen: 70000K->1453K(70656K)] 401181K->332634K(738304K), 0.0017054 secs] [Times: user=0.01 sys=0.00, real=0.00 secs] 
1220.049: [GC (Allocation Failure) [PSYoungGen: 70061K->1549K(70656K)] 401242K->332730K(738304K), 0.0017496 secs] [Times: user=0.00 sys=0.00, real=0.00 secs] 
1220.463: [GC (Allocation Failure) [PSYoungGen: 70157K->1581K(70656K)] 401338K->332762K(738304K), 0.0017621 secs] [Times: user=0.01 sys=0.00, real=0.01 secs] 
1220.877: [GC (Allocation Failure) [PSYoungGen: 70189K->1517K(70656K)] 401370K->332706K(738304K), 0.0018278 secs] [Times: user=0.00 sys=0.00, real=0.00 secs] 
1221.871: [GC (Allocation Failure) [PSYoungGen: 70125K->1440K(70656K)] 401314K->332637K(738304K), 0.0030277 secs] [Times: user=0.01 sys=0.00, real=0.01 secs] 
1222.749: [GC (Allocation Failure) [PSYoungGen: 70048K->1408K(70656K)] 401245K->332621K(738304K), 0.0034690 secs] [Times: user=0.01 sys=0.01, real=0.00 secs] 
1223.596: [GC (Allocation Failure) [PSYoungGen: 70016K->1440K(70656K)] 401229K->332653K(738304K), 0.0032746 secs] [Times: user=0.01 sys=0.00, real=0.00 secs] 
1224.242: [GC (Allocation Failure) [PSYoungGen: 70048K->1440K(70656K)] 401261K->332653K(738304K), 0.0025481 secs] [Times: user=0.01 sys=0.00, real=0.01 secs] 
1224.806: [GC (Allocation Failure) [PSYoungGen: 70048K->1584K(70656K)] 401261K->332797K(738304K), 0.0016924 secs] [Times: user=0.00 sys=0.00, real=0.00 secs] 
1225.219: [GC (Allocation Failure) [PSYoungGen: 70163K->1533K(70656K)] 401376K->332746K(738304K), 0.0017220 secs] [Times: user=0.01 sys=0.00, real=0.00 secs] 
1225.633: [GC (Allocation Failure) [PSYoungGen: 70141K->1584K(70656K)] 401354K->332797K(738304K), 0.0017416 secs] [Times: user=0.00 sys=0.00, real=0.00 secs] 
1226.404: [GC (Allocation Failure) [PSYoungGen: 70192K->1536K(70656K)] 401405K->332749K(738304K), 0.0029887 secs] [Times: user=0.01 sys=0.00, real=0.00 secs] 
1227.469: [GC (Allocation Failure) [PSYoungGen: 70144K->1408K(70656K)] 401357K->332621K(738304K), 0.0039061 secs] [Times: user=0.01 sys=0.00, real=0.01 secs] 
1228.289: [GC (Allocation Failure) [PSYoungGen: 70016K->1440K(70656K)] 401229K->332653K(738304K), 0.0030920 secs] [Times: user=0.01 sys=0.00, real=0.00 secs] 
1228.991: [GC (Allocation Failure) [PSYoungGen: 70048K->1408K(70656K)] 401261K->332621K(738304K), 0.0026217 secs] [Times: user=0.01 sys=0.00, real=0.01 secs] 
1229.582: [GC (Allocation Failure) [PSYoungGen: 70016K->1485K(70656K)] 401229K->332698K(738304K), 0.0021492 secs] [Times: user=0.01 sys=0.00, real=0.01 secs] 
1230.012: [GC (Allocation Failure) [PSYoungGen: 70093K->1613K(70656K)] 401306K->332826K(738304K), 0.0017178 secs] [Times: user=0.01 sys=0.00, real=0.01 secs] 
1230.426: [GC (Allocation Failure) [PSYoungGen: 70221K->1552K(70656K)] 401434K->332765K(738304K), 0.0016842 secs] [Times: user=0.00 sys=0.00, real=0.00 secs] 
1230.839: [GC (Allocation Failure) [PSYoungGen: 70160K->1533K(70656K)] 401373K->332746K(738304K), 0.0016678 secs] [Times: user=0.01 sys=0.00, real=0.00 secs] 
1231.267: [GC (Allocation Failure) [PSYoungGen: 70141K->1456K(70656K)] 401354K->332677K(738304K), 0.0017450 secs] [Times: user=0.01 sys=0.00, real=0.00 secs] 
1231.587: [GC (Allocation Failure) [PSYoungGen: 70064K->1408K(70656K)] 401285K->332629K(738304K), 0.0018347 secs] [Times: user=0.01 sys=0.00, real=0.00 secs] 
1231.946: [GC (Allocation Failure) [PSYoungGen: 70016K->1376K(70656K)] 401237K->332621K(738304K), 0.0017991 secs] [Times: user=0.01 sys=0.00, real=0.00 secs] 
1232.447: [GC (Allocation Failure) [PSYoungGen: 69984K->1392K(70656K)] 401229K->332637K(738304K), 0.0019498 secs] [Times: user=0.01 sys=0.01, real=0.00 secs] 
1232.961: [GC (Allocation Failure) [PSYoungGen: 70000K->1488K(70656K)] 401245K->332741K(738304K), 0.0015807 secs] [Times: user=0.01 sys=0.00, real=0.00 secs] 
1233.375: [GC (Allocation Failure) [PSYoungGen: 70096K->1549K(70656K)] 401349K->332802K(738304K), 0.0017248 secs] [Times: user=0.00 sys=0.00, real=0.00 secs] 
1233.787: [GC (Allocation Failure) [PSYoungGen: 70157K->1552K(70656K)] 401410K->332805K(738304K), 0.0017027 secs] [Times: user=0.01 sys=0.00, real=0.00 secs] 
1234.200: [GC (Allocation Failure) [PSYoungGen: 70160K->1584K(70656K)] 401413K->332845K(738304K), 0.0016977 secs] [Times: user=0.00 sys=0.00, real=0.00 secs] 
1234.615: [GC (Allocation Failure) [PSYoungGen: 70192K->1472K(70656K)] 401453K->332733K(738304K), 0.0016177 secs] [Times: user=0.01 sys=0.00, real=0.00 secs] 
1235.160: [GC (Allocation Failure) [PSYoungGen: 70080K->1376K(70656K)] 401341K->332637K(738304K), 0.0018735 secs] [Times: user=0.01 sys=0.00, real=0.00 secs] 
1235.740: [GC (Allocation Failure) [PSYoungGen: 69984K->1376K(70656K)] 401245K->332637K(738304K), 0.0020141 secs] [Times: user=0.00 sys=0.00, real=0.00 secs] 
1236.332: [GC (Allocation Failure) [PSYoungGen: 69984K->1408K(70656K)] 401245K->332669K(738304K), 0.0019852 secs] [Times: user=0.00 sys=0.00, real=0.01 secs] 
1236.797: [GC (Allocation Failure) [PSYoungGen: 70016K->1581K(70656K)] 401277K->332842K(738304K), 0.0016557 secs] [Times: user=0.00 sys=0.00, real=0.00 secs] 
1237.212: [GC (Allocation Failure) [PSYoungGen: 70189K->1549K(70656K)] 401450K->332810K(738304K), 0.0016814 secs] [Times: user=0.01 sys=0.00, real=0.01 secs] 
1237.684: [GC (Allocation Failure) [PSYoungGen: 70157K->1549K(70656K)] 401418K->332810K(738304K), 0.0017223 secs] [Times: user=0.00 sys=0.00, real=0.00 secs] 
1238.140: [GC (Allocation Failure) [PSYoungGen: 70157K->1472K(70656K)] 401418K->332733K(738304K), 0.0020246 secs] [Times: user=0.01 sys=0.00, real=0.00 secs] 
1238.425: [GC (Allocation Failure) [PSYoungGen: 70080K->1376K(70656K)] 401341K->332637K(738304K), 0.0019223 secs] [Times: user=0.01 sys=0.00, real=0.00 secs] 
1238.711: [GC (Allocation Failure) [PSYoungGen: 69984K->1376K(70656K)] 401245K->332637K(738304K), 0.0018768 secs] [Times: user=0.01 sys=0.00, real=0.00 secs] 
1238.996: [GC (Allocation Failure) [PSYoungGen: 69984K->1376K(70656K)] 401245K->332637K(738304K), 0.0020362 secs] [Times: user=0.01 sys=0.00, real=0.00 secs] 
1239.342: [GC (Allocation Failure) [PSYoungGen: 69984K->1485K(70656K)] 401245K->332770K(738304K), 0.0015432 secs] [Times: user=0.00 sys=0.00, real=0.01 secs] 
1239.756: [GC (Allocation Failure) [PSYoungGen: 70093K->1581K(70656K)] 401378K->332866K(738304K), 0.0017233 secs] [Times: user=0.01 sys=0.00, real=0.00 secs] 
1240.168: [GC (Allocation Failure) [PSYoungGen: 70189K->1565K(70656K)] 401474K->332850K(738304K), 0.0016728 secs] [Times: user=0.01 sys=0.00, real=0.00 secs] 
1240.580: [GC (Allocation Failure) [PSYoungGen: 70173K->1581K(70656K)] 401458K->332866K(738304K), 0.0016934 secs] [Times: user=0.00 sys=0.00, real=0.00 secs] 
1241.108: [GC (Allocation Failure) [PSYoungGen: 70189K->1440K(70656K)] 401474K->332725K(738304K), 0.0017226 secs] [Times: user=0.01 sys=0.00, real=0.00 secs] 
1241.705: [GC (Allocation Failure) [PSYoungGen: 70048K->1312K(70656K)] 401333K->332597K(738304K), 0.0044399 secs] [Times: user=0.02 sys=0.00, real=0.00 secs] 
1242.087: [GC (Allocation Failure) [PSYoungGen: 69920K->1376K(70656K)] 401205K->332661K(738304K), 0.0020286 secs] [Times: user=0.01 sys=0.00, real=0.00 secs] 
1242.372: [GC (Allocation Failure) [PSYoungGen: 69984K->1408K(70656K)] 401269K->332693K(738304K), 0.0019113 secs] [Times: user=0.00 sys=0.00, real=0.01 secs] 
1242.772: [GC (Allocation Failure) [PSYoungGen: 70016K->1549K(70656K)] 401301K->332834K(738304K), 0.0016653 secs] [Times: user=0.01 sys=0.00, real=0.01 secs] 
1243.184: [GC (Allocation Failure) [PSYoungGen: 70157K->1584K(70656K)] 401442K->332869K(738304K), 0.0015826 secs] [Times: user=0.01 sys=0.00, real=0.00 secs] 
1243.656: [GC (Allocation Failure) [PSYoungGen: 70192K->1565K(70656K)] 401477K->332850K(738304K), 0.0017776 secs] [Times: user=0.01 sys=0.00, real=0.00 secs] 
1244.072: [GC (Allocation Failure) [PSYoungGen: 70173K->1536K(70656K)] 401458K->332821K(738304K), 0.0016326 secs] [Times: user=0.00 sys=0.00, real=0.01 secs] 
1244.400: [GC (Allocation Failure) [PSYoungGen: 70144K->1408K(70656K)] 401429K->332693K(738304K), 0.0019860 secs] [Times: user=0.01 sys=0.00, real=0.00 secs] 
1244.685: [GC (Allocation Failure) [PSYoungGen: 70016K->1376K(70656K)] 401301K->332661K(738304K), 0.0018593 secs] [Times: user=0.01 sys=0.00, real=0.00 secs] 
1244.996: [GC (Allocation Failure) [PSYoungGen: 69984K->1408K(70656K)] 401269K->332693K(738304K), 0.0019205 secs] [Times: user=0.01 sys=0.00, real=0.00 secs] 
1245.281: [GC (Allocation Failure) [PSYoungGen: 70016K->1408K(70656K)] 401301K->332693K(738304K), 0.0018852 secs] [Times: user=0.01 sys=0.00, real=0.00 secs] 
1245.717: [GC (Allocation Failure) [PSYoungGen: 70016K->1549K(70656K)] 401301K->332834K(738304K), 0.0016502 secs] [Times: user=0.01 sys=0.00, real=0.00 secs] 
1246.130: [GC (Allocation Failure) [PSYoungGen: 70157K->1517K(70656K)] 401442K->332802K(738304K), 0.0016907 secs] [Times: user=0.01 sys=0.00, real=0.00 secs] 
1246.542: [GC (Allocation Failure) [PSYoungGen: 70125K->1533K(70656K)] 401410K->332818K(738304K), 0.0017403 secs] [Times: user=0.01 sys=0.00, real=0.01 secs] 
1246.921: [GC (Allocation Failure) [PSYoungGen: 70141K->1472K(70656K)] 401426K->332757K(738304K), 0.0017568 secs] [Times: user=0.01 sys=0.00, real=0.00 secs] 
1247.205: [GC (Allocation Failure) [PSYoungGen: 70080K->1376K(70656K)] 401365K->332661K(738304K), 0.0016272 secs] [Times: user=0.01 sys=0.00, real=0.00 secs] 
1247.489: [GC (Allocation Failure) [PSYoungGen: 69984K->1376K(70656K)] 401269K->332661K(738304K), 0.0020895 secs] [Times: user=0.01 sys=0.00, real=0.00 secs] 
1247.775: [GC (Allocation Failure) [PSYoungGen: 69984K->1376K(70656K)] 401269K->332661K(738304K), 0.0021782 secs] [Times: user=0.01 sys=0.00, real=0.00 secs] 
1248.189: [GC (Allocation Failure) [PSYoungGen: 69984K->1405K(70656K)] 401269K->332690K(738304K), 0.0016119 secs] [Times: user=0.00 sys=0.00, real=0.00 secs] 
1248.599: [GC (Allocation Failure) [PSYoungGen: 70013K->1565K(70656K)] 401298K->332866K(738304K), 0.0016979 secs] [Times: user=0.01 sys=0.00, real=0.00 secs] 
1249.015: [GC (Allocation Failure) [PSYoungGen: 70173K->1533K(70656K)] 401474K->332834K(738304K), 0.0017162 secs] [Times: user=0.01 sys=0.00, real=0.00 secs] 
1249.427: [GC (Allocation Failure) [PSYoungGen: 70141K->1581K(70656K)] 401442K->332890K(738304K), 0.0016679 secs] [Times: user=0.01 sys=0.00, real=0.00 secs] 
1250.069: [GC (Allocation Failure) [PSYoungGen: 70189K->1440K(70656K)] 401498K->332749K(738304K), 0.0023337 secs] [Times: user=0.00 sys=0.00, real=0.00 secs] 
1250.641: [GC (Allocation Failure) [PSYoungGen: 70048K->1344K(70656K)] 401357K->332653K(738304K), 0.0020192 secs] [Times: user=0.01 sys=0.00, real=0.01 secs] 
1251.249: [GC (Allocation Failure) [PSYoungGen: 69952K->1376K(70656K)] 401261K->332685K(738304K), 0.0022375 secs] [Times: user=0.01 sys=0.00, real=0.00 secs] 
1251.819: [GC (Allocation Failure) [PSYoungGen: 69984K->1376K(70656K)] 401293K->332685K(738304K), 0.0022771 secs] [Times: user=0.01 sys=0.00, real=0.00 secs] 
1252.347: [GC (Allocation Failure) [PSYoungGen: 69984K->1469K(70656K)] 401293K->332778K(738304K), 0.0016261 secs] [Times: user=0.01 sys=0.00, real=0.00 secs] 
1252.824: [GC (Allocation Failure) [PSYoungGen: 70077K->1501K(70656K)] 401386K->332810K(738304K), 0.0018295 secs] [Times: user=0.01 sys=0.00, real=0.00 secs] 
1253.298: [GC (Allocation Failure) [PSYoungGen: 70109K->1552K(70656K)] 401418K->332869K(738304K), 0.0017885 secs] [Times: user=0.01 sys=0.00, real=0.00 secs] 
1254.119: [GC (Allocation Failure) [PSYoungGen: 70160K->2016K(70656K)] 401477K->333333K(738304K), 0.0024206 secs] [Times: user=0.01 sys=0.00, real=0.00 secs] 
1254.904: [GC (Allocation Failure) [PSYoungGen: 70624K->1408K(70656K)] 401941K->332725K(738304K), 0.0022092 secs] [Times: user=0.00 sys=0.00, real=0.00 secs] 
1255.648: [GC (Allocation Failure) [PSYoungGen: 70016K->1376K(70656K)] 401333K->332693K(738304K), 0.0018944 secs] [Times: user=0.01 sys=0.00, real=0.00 secs] 
1256.623: [GC (Allocation Failure) [PSYoungGen: 69984K->1376K(70656K)] 401301K->332693K(738304K), 0.0026169 secs] [Times: user=0.01 sys=0.00, real=0.00 secs] 
1257.476: [GC (Allocation Failure) [PSYoungGen: 69984K->1453K(70656K)] 401301K->332770K(738304K), 0.0023133 secs] [Times: user=0.01 sys=0.00, real=0.00 secs] 
1258.015: [GC (Allocation Failure) [PSYoungGen: 70061K->1533K(70656K)] 401378K->332850K(738304K), 0.0017746 secs] [Times: user=0.01 sys=0.00, real=0.00 secs] 
1258.488: [GC (Allocation Failure) [PSYoungGen: 70141K->1549K(70656K)] 401458K->332866K(738304K), 0.0017256 secs] [Times: user=0.01 sys=0.00, real=0.00 secs] 
1258.901: [GC (Allocation Failure) [PSYoungGen: 70157K->1581K(70656K)] 401474K->332898K(738304K), 0.0017042 secs] [Times: user=0.01 sys=0.00, real=0.00 secs] 
1259.300: [GC (Allocation Failure) [PSYoungGen: 70189K->1472K(70656K)] 401506K->332789K(738304K), 0.0024589 secs] [Times: user=0.01 sys=0.00, real=0.00 secs] 
1259.609: [GC (Allocation Failure) [PSYoungGen: 70080K->1408K(70656K)] 401397K->332725K(738304K), 0.0019780 secs] [Times: user=0.01 sys=0.00, real=0.00 secs] 
1259.979: [GC (Allocation Failure) [PSYoungGen: 70016K->1360K(70656K)] 401333K->332677K(738304K), 0.0019879 secs] [Times: user=0.01 sys=0.00, real=0.00 secs] 
1260.621: [GC (Allocation Failure) [PSYoungGen: 69968K->1408K(70656K)] 401285K->332725K(738304K), 0.0039240 secs] [Times: user=0.02 sys=0.00, real=0.01 secs] 
1261.193: [GC (Allocation Failure) [PSYoungGen: 70016K->1485K(70656K)] 401333K->332802K(738304K), 0.0017991 secs] [Times: user=0.00 sys=0.00, real=0.01 secs] 
1261.604: [GC (Allocation Failure) [PSYoungGen: 70093K->1549K(70656K)] 401410K->332866K(738304K), 0.0016555 secs] [Times: user=0.01 sys=0.00, real=0.00 secs] 
1262.017: [GC (Allocation Failure) [PSYoungGen: 70157K->1581K(70656K)] 401474K->332930K(738304K), 0.0017639 secs] [Times: user=0.00 sys=0.00, real=0.00 secs] 
1262.432: [GC (Allocation Failure) [PSYoungGen: 70189K->1581K(70656K)] 401538K->332938K(738304K), 0.0016652 secs] [Times: user=0.00 sys=0.00, real=0.01 secs] 
1262.891: [GC (Allocation Failure) [PSYoungGen: 70189K->1440K(70656K)] 401546K->332797K(738304K), 0.0019046 secs] [Times: user=0.01 sys=0.00, real=0.00 secs] 
1263.184: [GC (Allocation Failure) [PSYoungGen: 70048K->1408K(70656K)] 401405K->332765K(738304K), 0.0017765 secs] [Times: user=0.00 sys=0.00, real=0.00 secs] 
1263.470: [GC (Allocation Failure) [PSYoungGen: 70016K->1376K(70656K)] 401373K->332733K(738304K), 0.0017841 secs] [Times: user=0.01 sys=0.00, real=0.00 secs] 
1263.754: [GC (Allocation Failure) [PSYoungGen: 69984K->1376K(70656K)] 401341K->332733K(738304K), 0.0019494 secs] [Times: user=0.01 sys=0.00, real=0.00 secs] 
1264.171: [GC (Allocation Failure) [PSYoungGen: 69984K->1552K(70656K)] 401341K->332909K(738304K), 0.0016512 secs] [Times: user=0.00 sys=0.00, real=0.00 secs] 
1264.583: [GC (Allocation Failure) [PSYoungGen: 70160K->1552K(70656K)] 401517K->332909K(738304K), 0.0016845 secs] [Times: user=0.01 sys=0.00, real=0.01 secs] 
1264.996: [GC (Allocation Failure) [PSYoungGen: 70160K->1584K(70656K)] 401517K->332941K(738304K), 0.0016308 secs] [Times: user=0.00 sys=0.00, real=0.00 secs] 
1265.525: [GC (Allocation Failure) [PSYoungGen: 70192K->1536K(70656K)] 401549K->332893K(738304K), 0.0019630 secs] [Times: user=0.01 sys=0.00, real=0.00 secs] 
1266.168: [GC (Allocation Failure) [PSYoungGen: 70144K->1408K(70656K)] 401501K->332765K(738304K), 0.0022698 secs] [Times: user=0.01 sys=0.00, real=0.00 secs] 
1266.934: [GC (Allocation Failure) [PSYoungGen: 70016K->1376K(70656K)] 401373K->332733K(738304K), 0.0020943 secs] [Times: user=0.01 sys=0.00, real=0.00 secs] 
1267.680: [GC (Allocation Failure) [PSYoungGen: 69984K->1376K(70656K)] 401341K->332733K(738304K), 0.0072266 secs] [Times: user=0.03 sys=0.00, real=0.01 secs] 
1268.290: [GC (Allocation Failure) [PSYoungGen: 69984K->1453K(70656K)] 401341K->332810K(738304K), 0.0022720 secs] [Times: user=0.00 sys=0.00, real=0.00 secs] 
1268.740: [GC (Allocation Failure) [PSYoungGen: 70061K->1581K(70656K)] 401418K->332938K(738304K), 0.0016866 secs] [Times: user=0.01 sys=0.00, real=0.00 secs] 
1269.152: [GC (Allocation Failure) [PSYoungGen: 70189K->1581K(70656K)] 401546K->332938K(738304K), 0.0016445 secs] [Times: user=0.01 sys=0.00, real=0.01 secs] 
1269.637: [GC (Allocation Failure) [PSYoungGen: 70189K->1533K(70656K)] 401546K->332890K(738304K), 0.0018106 secs] [Times: user=0.00 sys=0.00, real=0.00 secs] 
1270.266: [GC (Allocation Failure) [PSYoungGen: 70141K->1440K(70656K)] 401498K->332805K(738304K), 0.0022873 secs] [Times: user=0.00 sys=0.00, real=0.00 secs] 
1271.428: [GC (Allocation Failure) [PSYoungGen: 70048K->1328K(70656K)] 401413K->332709K(738304K), 0.0039703 secs] [Times: user=0.02 sys=0.00, real=0.00 secs] 
1272.586: [GC (Allocation Failure) [PSYoungGen: 69936K->1360K(70656K)] 401317K->332741K(738304K), 0.0039767 secs] [Times: user=0.02 sys=0.00, real=0.00 secs] 
1273.420: [GC (Allocation Failure) [PSYoungGen: 69968K->1408K(70656K)] 401349K->332789K(738304K), 0.0031378 secs] [Times: user=0.02 sys=0.00, real=0.01 secs] 
1274.089: [GC (Allocation Failure) [PSYoungGen: 70016K->1469K(70656K)] 401397K->332850K(738304K), 0.0016480 secs] [Times: user=0.01 sys=0.00, real=0.00 secs] 
1274.500: [GC (Allocation Failure) [PSYoungGen: 70077K->1584K(70656K)] 401458K->332965K(738304K), 0.0018109 secs] [Times: user=0.01 sys=0.00, real=0.00 secs] 
1274.980: [GC (Allocation Failure) [PSYoungGen: 70192K->1552K(70656K)] 401573K->332933K(738304K), 0.0017261 secs] [Times: user=0.01 sys=0.00, real=0.00 secs] 
1275.394: [GC (Allocation Failure) [PSYoungGen: 70160K->1552K(70656K)] 401541K->332941K(738304K), 0.0017489 secs] [Times: user=0.00 sys=0.00, real=0.00 secs] 
1276.977: [GC (Allocation Failure) [PSYoungGen: 70160K->1440K(70656K)] 401549K->332837K(738304K), 0.0032568 secs] [Times: user=0.01 sys=0.00, real=0.00 secs] 
1278.041: [GC (Allocation Failure) [PSYoungGen: 70048K->1376K(70656K)] 401445K->332773K(738304K), 0.0032017 secs] [Times: user=0.01 sys=0.00, real=0.01 secs] 
1279.063: [GC (Allocation Failure) [PSYoungGen: 69984K->1360K(70656K)] 401381K->332757K(738304K), 0.0038426 secs] [Times: user=0.01 sys=0.01, real=0.00 secs] 
1279.757: [GC (Allocation Failure) [PSYoungGen: 69968K->1408K(70656K)] 401365K->332805K(738304K), 0.0025126 secs] [Times: user=0.01 sys=0.00, real=0.00 secs] 
1280.329: [GC (Allocation Failure) [PSYoungGen: 70016K->1565K(70656K)] 401413K->332962K(738304K), 0.0015977 secs] [Times: user=0.01 sys=0.00, real=0.00 secs] 
1280.741: [GC (Allocation Failure) [PSYoungGen: 70141K->1501K(70656K)] 401539K->332898K(738304K), 0.0016906 secs] [Times: user=0.01 sys=0.00, real=0.00 secs] 
1281.154: [GC (Allocation Failure) [PSYoungGen: 70109K->1549K(70656K)] 401506K->332946K(738304K), 0.0017003 secs] [Times: user=0.01 sys=0.00, real=0.00 secs] 
1281.579: [GC (Allocation Failure) [PSYoungGen: 70157K->1472K(70656K)] 401554K->332869K(738304K), 0.0019358 secs] [Times: user=0.01 sys=0.00, real=0.00 secs] 
1281.932: [GC (Allocation Failure) [PSYoungGen: 70080K->1408K(70656K)] 401477K->332805K(738304K), 0.0018489 secs] [Times: user=0.00 sys=0.00, real=0.01 secs] 
1282.485: [GC (Allocation Failure) [PSYoungGen: 70016K->1408K(70656K)] 401413K->332805K(738304K), 0.0051928 secs] [Times: user=0.02 sys=0.00, real=0.00 secs] 
1283.079: [GC (Allocation Failure) [PSYoungGen: 70016K->1376K(70656K)] 401413K->332781K(738304K), 0.0026095 secs] [Times: user=0.01 sys=0.00, real=0.00 secs] 
1283.814: [GC (Allocation Failure) [PSYoungGen: 69984K->1520K(70656K)] 401389K->332925K(738304K), 0.0021601 secs] [Times: user=0.01 sys=0.00, real=0.00 secs] 
1284.255: [GC (Allocation Failure) [PSYoungGen: 70128K->1552K(70656K)] 401533K->332957K(738304K), 0.0016484 secs] [Times: user=0.01 sys=0.00, real=0.00 secs] 
1284.729: [GC (Allocation Failure) [PSYoungGen: 70160K->1552K(70656K)] 401565K->332957K(738304K), 0.0017527 secs] [Times: user=0.00 sys=0.00, real=0.00 secs] 
1285.204: [GC (Allocation Failure) [PSYoungGen: 70160K->1584K(70656K)] 401565K->332989K(738304K), 0.0017603 secs] [Times: user=0.01 sys=0.00, real=0.00 secs] 
1285.821: [GC (Allocation Failure) [PSYoungGen: 70192K->1424K(70656K)] 401597K->332829K(738304K), 0.0059845 secs] [Times: user=0.02 sys=0.00, real=0.01 secs] 
1286.435: [GC (Allocation Failure) [PSYoungGen: 70032K->1408K(70656K)] 401437K->332813K(738304K), 0.0031666 secs] [Times: user=0.02 sys=0.00, real=0.00 secs] 
1287.289: [GC (Allocation Failure) [PSYoungGen: 70016K->1360K(70656K)] 401421K->332765K(738304K), 0.0028340 secs] [Times: user=0.01 sys=0.00, real=0.00 secs] 
1287.902: [GC (Allocation Failure) [PSYoungGen: 69968K->1376K(70656K)] 401373K->332781K(738304K), 0.0025468 secs] [Times: user=0.01 sys=0.00, real=0.01 secs] 
1288.435: [GC (Allocation Failure) [PSYoungGen: 69984K->1549K(70656K)] 401389K->332954K(738304K), 0.0015877 secs] [Times: user=0.00 sys=0.00, real=0.00 secs] 
1288.848: [GC (Allocation Failure) [PSYoungGen: 70157K->1549K(70656K)] 401562K->332954K(738304K), 0.0016080 secs] [Times: user=0.01 sys=0.00, real=0.00 secs] 
1289.261: [GC (Allocation Failure) [PSYoungGen: 70157K->1581K(70656K)] 401562K->332986K(738304K), 0.0016619 secs] [Times: user=0.01 sys=0.00, real=0.00 secs] 
1289.672: [GC (Allocation Failure) [PSYoungGen: 70189K->432K(70656K)] 401594K->331845K(738304K), 0.0015897 secs] [Times: user=0.01 sys=0.00, real=0.01 secs] 
1290.152: [GC (Allocation Failure) [PSYoungGen: 69040K->1408K(70656K)] 400453K->332821K(738304K), 0.0018349 secs] [Times: user=0.01 sys=0.00, real=0.01 secs] 
1290.438: [GC (Allocation Failure) [PSYoungGen: 70016K->1408K(70656K)] 401429K->332821K(738304K), 0.0026417 secs] [Times: user=0.01 sys=0.00, real=0.00 secs] 
1290.725: [GC (Allocation Failure) [PSYoungGen: 70016K->1344K(70656K)] 401429K->332773K(738304K), 0.0022637 secs] [Times: user=0.01 sys=0.00, real=0.00 secs] 
1291.011: [GC (Allocation Failure) [PSYoungGen: 69952K->1408K(70656K)] 401381K->332837K(738304K), 0.0019908 secs] [Times: user=0.00 sys=0.00, real=0.00 secs] 
1291.458: [GC (Allocation Failure) [PSYoungGen: 70004K->1549K(70656K)] 401434K->332978K(738304K), 0.0017361 secs] [Times: user=0.01 sys=0.00, real=0.00 secs] 
1291.869: [GC (Allocation Failure) [PSYoungGen: 70157K->1581K(70656K)] 401586K->333010K(738304K), 0.0017377 secs] [Times: user=0.01 sys=0.00, real=0.00 secs] 
1292.284: [GC (Allocation Failure) [PSYoungGen: 70189K->1549K(70656K)] 401618K->332978K(738304K), 0.0016922 secs] [Times: user=0.00 sys=0.00, real=0.00 secs] 
1292.754: [GC (Allocation Failure) [PSYoungGen: 70157K->1488K(70656K)] 401586K->332917K(738304K), 0.0020520 secs] [Times: user=0.01 sys=0.00, real=0.00 secs] 
1293.074: [GC (Allocation Failure) [PSYoungGen: 70096K->1376K(70656K)] 401525K->332805K(738304K), 0.0019637 secs] [Times: user=0.01 sys=0.00, real=0.00 secs] 
1293.466: [GC (Allocation Failure) [PSYoungGen: 69984K->1408K(70656K)] 401413K->332837K(738304K), 0.0018369 secs] [Times: user=0.00 sys=0.00, real=0.00 secs] 
1293.970: [GC (Allocation Failure) [PSYoungGen: 70016K->1376K(70656K)] 401445K->332805K(738304K), 0.0019739 secs] [Times: user=0.01 sys=0.00, real=0.00 secs] 
1294.530: [GC (Allocation Failure) [PSYoungGen: 69984K->1472K(70656K)] 401413K->332901K(738304K), 0.0015414 secs] [Times: user=0.00 sys=0.00, real=0.00 secs] 
1294.941: [GC (Allocation Failure) [PSYoungGen: 70080K->1520K(70656K)] 401509K->332949K(738304K), 0.0016786 secs] [Times: user=0.01 sys=0.00, real=0.01 secs] 
1295.354: [GC (Allocation Failure) [PSYoungGen: 70128K->1552K(70656K)] 401557K->332981K(738304K), 0.0017457 secs] [Times: user=0.00 sys=0.00, real=0.00 secs] 
1295.766: [GC (Allocation Failure) [PSYoungGen: 70160K->1533K(70656K)] 401589K->332962K(738304K), 0.0017045 secs] [Times: user=0.01 sys=0.00, real=0.00 secs] 
1296.205: [GC (Allocation Failure) [PSYoungGen: 70141K->1440K(70656K)] 401570K->332869K(738304K), 0.0020609 secs] [Times: user=0.01 sys=0.00, real=0.00 secs] 
1296.491: [GC (Allocation Failure) [PSYoungGen: 70048K->1376K(70656K)] 401477K->332805K(738304K), 0.0020790 secs] [Times: user=0.01 sys=0.00, real=0.00 secs] 
1296.886: [GC (Allocation Failure) [PSYoungGen: 69984K->1376K(70656K)] 401413K->332805K(738304K), 0.0019985 secs] [Times: user=0.01 sys=0.00, real=0.00 secs] 
1297.374: [GC (Allocation Failure) [PSYoungGen: 69984K->1376K(70656K)] 401413K->332805K(738304K), 0.0020201 secs] [Times: user=0.01 sys=0.00, real=0.00 secs] 
1297.972: [GC (Allocation Failure) [PSYoungGen: 69984K->1549K(70656K)] 401413K->332978K(738304K), 0.0016216 secs] [Times: user=0.01 sys=0.00, real=0.01 secs] 
1298.384: [GC (Allocation Failure) [PSYoungGen: 70136K->1549K(70656K)] 401566K->332978K(738304K), 0.0016905 secs] [Times: user=0.00 sys=0.00, real=0.00 secs] 
1298.796: [GC (Allocation Failure) [PSYoungGen: 70157K->1581K(70656K)] 401586K->333010K(738304K), 0.0016258 secs] [Times: user=0.01 sys=0.00, real=0.00 secs] 
1299.292: [GC (Allocation Failure) [PSYoungGen: 70189K->2000K(70656K)] 401618K->333429K(738304K), 0.0020730 secs] [Times: user=0.01 sys=0.00, real=0.01 secs] 
1300.102: [GC (Allocation Failure) [PSYoungGen: 70608K->1312K(70656K)] 402037K->332765K(738304K), 0.0019789 secs] [Times: user=0.01 sys=0.00, real=0.01 secs] 
1300.553: [GC (Allocation Failure) [PSYoungGen: 69920K->1392K(70656K)] 401373K->332845K(738304K), 0.0020463 secs] [Times: user=0.00 sys=0.00, real=0.01 secs] 
1300.858: [GC (Allocation Failure) [PSYoungGen: 70000K->1488K(70656K)] 401453K->332941K(738304K), 0.0016096 secs] [Times: user=0.00 sys=0.00, real=0.00 secs] 
1301.146: [GC (Allocation Failure) [PSYoungGen: 70096K->1581K(70656K)] 401549K->333034K(738304K), 0.0016926 secs] [Times: user=0.00 sys=0.00, real=0.00 secs] 
1301.431: [GC (Allocation Failure) [PSYoungGen: 70189K->1581K(70656K)] 401642K->333034K(738304K), 0.0017666 secs] [Times: user=0.01 sys=0.00, real=0.00 secs] 
1301.718: [GC (Allocation Failure) [PSYoungGen: 70189K->1565K(70656K)] 401642K->333018K(738304K), 0.0017931 secs] [Times: user=0.01 sys=0.00, real=0.00 secs] 
1304.084: [GC (Allocation Failure) [PSYoungGen: 70173K->1408K(70656K)] 401626K->332861K(738304K), 0.0024200 secs] [Times: user=0.01 sys=0.00, real=0.00 secs] 
1304.962: [GC (Allocation Failure) [PSYoungGen: 70016K->1360K(70656K)] 401469K->332813K(738304K), 0.0028114 secs] [Times: user=0.01 sys=0.00, real=0.01 secs] 
1305.793: [GC (Allocation Failure) [PSYoungGen: 69968K->1344K(70656K)] 401421K->332797K(738304K), 0.0023021 secs] [Times: user=0.01 sys=0.00, real=0.00 secs] 
1306.795: [GC (Allocation Failure) [PSYoungGen: 69952K->1408K(70656K)] 401405K->332861K(738304K), 0.0029332 secs] [Times: user=0.01 sys=0.00, real=0.00 secs] 
1307.866: [GC (Allocation Failure) [PSYoungGen: 70016K->1501K(70656K)] 401469K->332954K(738304K), 0.0017165 secs] [Times: user=0.01 sys=0.00, real=0.00 secs] 
1308.281: [GC (Allocation Failure) [PSYoungGen: 70109K->1584K(70656K)] 401562K->333037K(738304K), 0.0017180 secs] [Times: user=0.00 sys=0.00, real=0.01 secs] 
1308.755: [GC (Allocation Failure) [PSYoungGen: 70192K->1533K(70656K)] 401645K->332986K(738304K), 0.0017239 secs] [Times: user=0.01 sys=0.00, real=0.00 secs] 
1309.165: [GC (Allocation Failure) [PSYoungGen: 70141K->1488K(70656K)] 401594K->332941K(738304K), 0.0019574 secs] [Times: user=0.01 sys=0.00, real=0.00 secs] 
1309.495: [GC (Allocation Failure) [PSYoungGen: 70096K->1360K(70656K)] 401549K->332813K(738304K), 0.0019818 secs] [Times: user=0.01 sys=0.00, real=0.00 secs] 
1309.801: [GC (Allocation Failure) [PSYoungGen: 69968K->1360K(70656K)] 401421K->332813K(738304K), 0.0019006 secs] [Times: user=0.00 sys=0.00, real=0.00 secs] 
1310.189: [GC (Allocation Failure) [PSYoungGen: 69968K->1328K(70656K)] 401421K->332781K(738304K), 0.0019507 secs] [Times: user=0.01 sys=0.00, real=0.00 secs] 
1310.867: [GC (Allocation Failure) [PSYoungGen: 69936K->1485K(70656K)] 401389K->332938K(738304K), 0.0024378 secs] [Times: user=0.01 sys=0.00, real=0.00 secs] 
1311.318: [GC (Allocation Failure) [PSYoungGen: 70093K->1581K(70656K)] 401546K->333034K(738304K), 0.0017471 secs] [Times: user=0.01 sys=0.00, real=0.00 secs] 
1311.730: [GC (Allocation Failure) [PSYoungGen: 70189K->1581K(70656K)] 401642K->333034K(738304K), 0.0016622 secs] [Times: user=0.01 sys=0.00, real=0.00 secs] 
1312.143: [GC (Allocation Failure) [PSYoungGen: 70189K->1517K(70656K)] 401642K->332970K(738304K), 0.0017723 secs] [Times: user=0.01 sys=0.00, real=0.00 secs] 
1312.879: [GC (Allocation Failure) [PSYoungGen: 70125K->1472K(70656K)] 401578K->332941K(738304K), 0.0020709 secs] [Times: user=0.00 sys=0.00, real=0.00 secs] 
1313.665: [GC (Allocation Failure) [PSYoungGen: 70080K->1392K(70656K)] 401549K->332861K(738304K), 0.0027826 secs] [Times: user=0.01 sys=0.00, real=0.00 secs] 
1314.432: [GC (Allocation Failure) [PSYoungGen: 70000K->1408K(70656K)] 401469K->332877K(738304K), 0.0035451 secs] [Times: user=0.01 sys=0.00, real=0.01 secs] 
1314.823: [GC (Allocation Failure) [PSYoungGen: 70016K->1376K(70656K)] 401485K->332845K(738304K), 0.0019436 secs] [Times: user=0.01 sys=0.00, real=0.01 secs] 
1315.230: [GC (Allocation Failure) [PSYoungGen: 69984K->1517K(70656K)] 401453K->332986K(738304K), 0.0016194 secs] [Times: user=0.00 sys=0.00, real=0.00 secs] 
1315.642: [GC (Allocation Failure) [PSYoungGen: 70125K->1552K(70656K)] 401594K->333021K(738304K), 0.0015210 secs] [Times: user=0.01 sys=0.00, real=0.01 secs] 
1316.057: [GC (Allocation Failure) [PSYoungGen: 70160K->1552K(70656K)] 401629K->333021K(738304K), 0.0016837 secs] [Times: user=0.01 sys=0.00, real=0.00 secs] 
1316.471: [GC (Allocation Failure) [PSYoungGen: 70160K->1552K(70656K)] 401629K->333029K(738304K), 0.0016854 secs] [Times: user=0.01 sys=0.00, real=0.00 secs] 
1317.244: [GC (Allocation Failure) [PSYoungGen: 70160K->1408K(70656K)] 401637K->332885K(738304K), 0.0016312 secs] [Times: user=0.00 sys=0.00, real=0.00 secs] 
1318.057: [GC (Allocation Failure) [PSYoungGen: 70016K->1360K(70656K)] 401493K->332837K(738304K), 0.0032758 secs] [Times: user=0.01 sys=0.00, real=0.00 secs] 
1318.686: [GC (Allocation Failure) [PSYoungGen: 69968K->1376K(70656K)] 401445K->332853K(738304K), 0.0028100 secs] [Times: user=0.01 sys=0.00, real=0.00 secs] 
1319.171: [GC (Allocation Failure) [PSYoungGen: 69984K->1408K(70656K)] 401461K->332885K(738304K), 0.0024720 secs] [Times: user=0.01 sys=0.00, real=0.01 secs] 
1319.681: [GC (Allocation Failure) [PSYoungGen: 70016K->1581K(70656K)] 401493K->333058K(738304K), 0.0017236 secs] [Times: user=0.00 sys=0.00, real=0.00 secs] 
1320.095: [GC (Allocation Failure) [PSYoungGen: 70189K->1581K(70656K)] 401666K->333058K(738304K), 0.0016945 secs] [Times: user=0.01 sys=0.00, real=0.00 secs] 
1320.510: [GC (Allocation Failure) [PSYoungGen: 70189K->1549K(70656K)] 401666K->333026K(738304K), 0.0016855 secs] [Times: user=0.01 sys=0.00, real=0.00 secs] 
1321.118: [GC (Allocation Failure) [PSYoungGen: 70157K->1472K(70656K)] 401634K->332949K(738304K), 0.0020074 secs] [Times: user=0.00 sys=0.00, real=0.00 secs] 
1322.074: [GC (Allocation Failure) [PSYoungGen: 70080K->1344K(70656K)] 401557K->332829K(738304K), 0.0040339 secs] [Times: user=0.02 sys=0.00, real=0.00 secs] 
1322.817: [GC (Allocation Failure) [PSYoungGen: 69952K->1408K(70656K)] 401437K->332893K(738304K), 0.0041447 secs] [Times: user=0.02 sys=0.00, real=0.00 secs] 
1323.458: [GC (Allocation Failure) [PSYoungGen: 70016K->1408K(70656K)] 401501K->332893K(738304K), 0.0023276 secs] [Times: user=0.01 sys=0.00, real=0.00 secs] 
1324.080: [GC (Allocation Failure) [PSYoungGen: 70016K->1456K(70656K)] 401501K->332941K(738304K), 0.0019070 secs] [Times: user=0.01 sys=0.01, real=0.00 secs] 
1324.495: [GC (Allocation Failure) [PSYoungGen: 70064K->1584K(70656K)] 401549K->333069K(738304K), 0.0016760 secs] [Times: user=0.00 sys=0.00, real=0.00 secs] 
1324.908: [GC (Allocation Failure) [PSYoungGen: 70192K->1533K(70656K)] 401677K->333018K(738304K), 0.0016824 secs] [Times: user=0.01 sys=0.00, real=0.00 secs] 
1325.321: [GC (Allocation Failure) [PSYoungGen: 70141K->1552K(70656K)] 401626K->333037K(738304K), 0.0016681 secs] [Times: user=0.00 sys=0.00, real=0.00 secs] 
1325.703: [GC (Allocation Failure) [PSYoungGen: 70160K->1440K(70656K)] 401645K->332925K(738304K), 0.0018035 secs] [Times: user=0.01 sys=0.00, real=0.00 secs] 
1325.988: [GC (Allocation Failure) [PSYoungGen: 70048K->1408K(70656K)] 401533K->332893K(738304K), 0.0018364 secs] [Times: user=0.00 sys=0.00, real=0.00 secs] 
1326.306: [GC (Allocation Failure) [PSYoungGen: 70016K->1376K(70656K)] 401501K->332861K(738304K), 0.0018542 secs] [Times: user=0.01 sys=0.00, real=0.00 secs] 
1326.638: [GC (Allocation Failure) [PSYoungGen: 69984K->1376K(70656K)] 401469K->332861K(738304K), 0.0018928 secs] [Times: user=0.01 sys=0.00, real=0.00 secs] 
1327.135: [GC (Allocation Failure) [PSYoungGen: 69984K->1485K(70656K)] 401469K->332970K(738304K), 0.0016896 secs] [Times: user=0.01 sys=0.00, real=0.00 secs] 
1327.549: [GC (Allocation Failure) [PSYoungGen: 70093K->1517K(70656K)] 401578K->333002K(738304K), 0.0015584 secs] [Times: user=0.01 sys=0.00, real=0.00 secs] 
1327.963: [GC (Allocation Failure) [PSYoungGen: 70125K->1549K(70656K)] 401610K->333034K(738304K), 0.0016456 secs] [Times: user=0.00 sys=0.00, real=0.00 secs] 
1328.437: [GC (Allocation Failure) [PSYoungGen: 70157K->288K(70656K)] 401642K->331773K(738304K), 0.0015389 secs] [Times: user=0.01 sys=0.00, real=0.00 secs] 
1328.835: [GC (Allocation Failure) [PSYoungGen: 68896K->1376K(70656K)] 400381K->332869K(738304K), 0.0021549 secs] [Times: user=0.00 sys=0.00, real=0.00 secs] 
1329.124: [GC (Allocation Failure) [PSYoungGen: 69984K->1408K(70656K)] 401477K->332901K(738304K), 0.0019368 secs] [Times: user=0.01 sys=0.00, real=0.00 secs] 
1329.481: [GC (Allocation Failure) [PSYoungGen: 70016K->1408K(70656K)] 401509K->332909K(738304K), 0.0024028 secs] [Times: user=0.01 sys=0.00, real=0.01 secs] 
1329.794: [GC (Allocation Failure) [PSYoungGen: 70016K->1344K(70656K)] 401517K->332853K(738304K), 0.0020115 secs] [Times: user=0.01 sys=0.00, real=0.00 secs] 
1330.231: [GC (Allocation Failure) [PSYoungGen: 69952K->1549K(70656K)] 401461K->333058K(738304K), 0.0016397 secs] [Times: user=0.01 sys=0.00, real=0.00 secs] 
1330.645: [GC (Allocation Failure) [PSYoungGen: 70157K->1549K(70656K)] 401666K->333058K(738304K), 0.0016032 secs] [Times: user=0.01 sys=0.00, real=0.00 secs] 
1331.124: [GC (Allocation Failure) [PSYoungGen: 70157K->1485K(70656K)] 401666K->332994K(738304K), 0.0018117 secs] [Times: user=0.01 sys=0.00, real=0.00 secs] 
1331.707: [GC (Allocation Failure) [PSYoungGen: 70093K->1504K(70656K)] 401602K->333021K(738304K), 0.0032868 secs] [Times: user=0.01 sys=0.00, real=0.00 secs] 
1332.298: [GC (Allocation Failure) [PSYoungGen: 70112K->1408K(70656K)] 401629K->332925K(738304K), 0.0029127 secs] [Times: user=0.01 sys=0.00, real=0.00 secs] 
1332.756: [GC (Allocation Failure) [PSYoungGen: 70016K->1408K(70656K)] 401533K->332925K(738304K), 0.0020080 secs] [Times: user=0.01 sys=0.00, real=0.00 secs] 
1333.044: [GC (Allocation Failure) [PSYoungGen: 70016K->1376K(70656K)] 401533K->332893K(738304K), 0.0020273 secs] [Times: user=0.01 sys=0.00, real=0.00 secs] 
1333.522: [GC (Allocation Failure) [PSYoungGen: 69984K->1453K(70656K)] 401501K->332970K(738304K), 0.0015884 secs] [Times: user=0.01 sys=0.00, real=0.01 secs] 
1333.933: [GC (Allocation Failure) [PSYoungGen: 70061K->1565K(70656K)] 401578K->333082K(738304K), 0.0018050 secs] [Times: user=0.00 sys=0.00, real=0.00 secs] 
1334.349: [GC (Allocation Failure) [PSYoungGen: 70173K->1533K(70656K)] 401690K->333050K(738304K), 0.0016663 secs] [Times: user=0.00 sys=0.00, real=0.00 secs] 
1334.763: [GC (Allocation Failure) [PSYoungGen: 70141K->1552K(70656K)] 401658K->333077K(738304K), 0.0016790 secs] [Times: user=0.00 sys=0.00, real=0.00 secs] 
1335.496: [GC (Allocation Failure) [PSYoungGen: 70160K->1440K(70656K)] 401685K->332965K(738304K), 0.0020414 secs] [Times: user=0.01 sys=0.00, real=0.00 secs] 
1336.205: [GC (Allocation Failure) [PSYoungGen: 70048K->1376K(70656K)] 401573K->332901K(738304K), 0.0023867 secs] [Times: user=0.01 sys=0.00, real=0.00 secs] 
1336.907: [GC (Allocation Failure) [PSYoungGen: 69984K->1344K(70656K)] 401509K->332877K(738304K), 0.0023691 secs] [Times: user=0.01 sys=0.00, real=0.00 secs] 
1337.528: [GC (Allocation Failure) [PSYoungGen: 69952K->1376K(70656K)] 401485K->332909K(738304K), 0.0021227 secs] [Times: user=0.00 sys=0.00, real=0.00 secs] 
1338.111: [GC (Allocation Failure) [PSYoungGen: 69984K->1517K(70656K)] 401517K->333050K(738304K), 0.0016424 secs] [Times: user=0.01 sys=0.00, real=0.01 secs] 
1338.524: [GC (Allocation Failure) [PSYoungGen: 70125K->1549K(70656K)] 401658K->333082K(738304K), 0.0016501 secs] [Times: user=0.01 sys=0.00, real=0.00 secs] 
1338.937: [GC (Allocation Failure) [PSYoungGen: 70157K->1552K(70656K)] 401690K->333085K(738304K), 0.0016912 secs] [Times: user=0.00 sys=0.00, real=0.00 secs] 
1339.393: [GC (Allocation Failure) [PSYoungGen: 70160K->2016K(70656K)] 401693K->333565K(738304K), 0.0020108 secs] [Times: user=0.00 sys=0.00, real=0.00 secs] 
1339.842: [GC (Allocation Failure) [PSYoungGen: 70624K->1376K(70656K)] 402173K->332925K(738304K), 0.0019469 secs] [Times: user=0.01 sys=0.00, real=0.01 secs] 
1340.482: [GC (Allocation Failure) [PSYoungGen: 69984K->1376K(70656K)] 401533K->332925K(738304K), 0.0019837 secs] [Times: user=0.01 sys=0.00, real=0.01 secs] 
1341.085: [GC (Allocation Failure) [PSYoungGen: 69984K->1376K(70656K)] 401533K->332949K(738304K), 0.0021989 secs] [Times: user=0.01 sys=0.00, real=0.00 secs] 
1341.879: [GC (Allocation Failure) [PSYoungGen: 69876K->208K(70656K)] 401450K->331781K(738304K), 0.0025263 secs] [Times: user=0.01 sys=0.00, real=0.00 secs] 
1342.350: [GC (Allocation Failure) [PSYoungGen: 68816K->1549K(70656K)] 400389K->333122K(738304K), 0.0016306 secs] [Times: user=0.01 sys=0.00, real=0.00 secs] 
1342.825: [GC (Allocation Failure) [PSYoungGen: 70157K->1565K(70656K)] 401730K->333138K(738304K), 0.0017877 secs] [Times: user=0.01 sys=0.01, real=0.00 secs] 
1343.301: [GC (Allocation Failure) [PSYoungGen: 70173K->1501K(70656K)] 401746K->333074K(738304K), 0.0018562 secs] [Times: user=0.01 sys=0.00, real=0.01 secs] 
1343.890: [GC (Allocation Failure) [PSYoungGen: 70109K->1456K(70656K)] 401682K->333037K(738304K), 0.0039667 secs] [Times: user=0.01 sys=0.00, real=0.01 secs] 
1344.487: [GC (Allocation Failure) [PSYoungGen: 70064K->1360K(70656K)] 401645K->332941K(738304K), 0.0026073 secs] [Times: user=0.01 sys=0.00, real=0.00 secs] 
1345.223: [GC (Allocation Failure) [PSYoungGen: 69968K->1408K(70656K)] 401549K->332989K(738304K), 0.0027619 secs] [Times: user=0.01 sys=0.00, real=0.01 secs] 
1345.904: [GC (Allocation Failure) [PSYoungGen: 70016K->1408K(70656K)] 401597K->332989K(738304K), 0.0027694 secs] [Times: user=0.01 sys=0.00, real=0.00 secs] 
1346.556: [GC (Allocation Failure) [PSYoungGen: 70016K->1456K(70656K)] 401597K->333037K(738304K), 0.0015659 secs] [Times: user=0.00 sys=0.00, real=0.00 secs] 
1347.031: [GC (Allocation Failure) [PSYoungGen: 70064K->1549K(70656K)] 401645K->333130K(738304K), 0.0017436 secs] [Times: user=0.00 sys=0.00, real=0.00 secs] 
1347.508: [GC (Allocation Failure) [PSYoungGen: 70157K->1533K(70656K)] 401738K->333114K(738304K), 0.0017335 secs] [Times: user=0.01 sys=0.00, real=0.00 secs] 
1347.924: [GC (Allocation Failure) [PSYoungGen: 70141K->1581K(70656K)] 401722K->333178K(738304K), 0.0016860 secs] [Times: user=0.01 sys=0.00, real=0.00 secs] 
1348.398: [GC (Allocation Failure) [PSYoungGen: 70189K->1424K(70656K)] 401786K->333021K(738304K), 0.0025801 secs] [Times: user=0.02 sys=0.00, real=0.00 secs] 
1348.958: [GC (Allocation Failure) [PSYoungGen: 70032K->1344K(70656K)] 401629K->332941K(738304K), 0.0025583 secs] [Times: user=0.01 sys=0.00, real=0.00 secs] 
1349.639: [GC (Allocation Failure) [PSYoungGen: 69952K->1376K(70656K)] 401549K->332973K(738304K), 0.0023325 secs] [Times: user=0.01 sys=0.00, real=0.00 secs] 
1350.202: [GC (Allocation Failure) [PSYoungGen: 69984K->1376K(70656K)] 401581K->332973K(738304K), 0.0021024 secs] [Times: user=0.01 sys=0.00, real=0.01 secs] 
1350.726: [GC (Allocation Failure) [PSYoungGen: 69984K->1549K(70656K)] 401581K->333146K(738304K), 0.0016432 secs] [Times: user=0.00 sys=0.00, real=0.00 secs] 
1351.138: [GC (Allocation Failure) [PSYoungGen: 70157K->1581K(70656K)] 401754K->333178K(738304K), 0.0016520 secs] [Times: user=0.01 sys=0.00, real=0.00 secs] 
1351.612: [GC (Allocation Failure) [PSYoungGen: 70189K->1565K(70656K)] 401786K->333178K(738304K), 0.0017352 secs] [Times: user=0.00 sys=0.00, real=0.01 secs] 
1352.244: [GC (Allocation Failure) [PSYoungGen: 70173K->1504K(70656K)] 401786K->333133K(738304K), 0.0022919 secs] [Times: user=0.01 sys=0.00, real=0.00 secs] 
1352.891: [GC (Allocation Failure) [PSYoungGen: 70112K->1376K(70656K)] 401741K->333005K(738304K), 0.0026048 secs] [Times: user=0.01 sys=0.00, real=0.01 secs] 
1353.481: [GC (Allocation Failure) [PSYoungGen: 69984K->1408K(70656K)] 401613K->333037K(738304K), 0.0024601 secs] [Times: user=0.01 sys=0.00, real=0.01 secs] 
1354.112: [GC (Allocation Failure) [PSYoungGen: 70016K->1408K(70656K)] 401645K->333037K(738304K), 0.0021360 secs] [Times: user=0.01 sys=0.00, real=0.01 secs] 
1354.596: [GC (Allocation Failure) [PSYoungGen: 70016K->1453K(70656K)] 401645K->333082K(738304K), 0.0019101 secs] [Times: user=0.00 sys=0.00, real=0.00 secs] 
1355.090: [GC (Allocation Failure) [PSYoungGen: 70061K->1501K(70656K)] 401690K->333130K(738304K), 0.0018418 secs] [Times: user=0.01 sys=0.00, real=0.00 secs] 
1355.502: [GC (Allocation Failure) [PSYoungGen: 70109K->1552K(70656K)] 401738K->333181K(738304K), 0.0016670 secs] [Times: user=0.00 sys=0.00, real=0.01 secs] 
1355.915: [GC (Allocation Failure) [PSYoungGen: 70160K->1552K(70656K)] 401789K->333181K(738304K), 0.0017682 secs] [Times: user=0.01 sys=0.00, real=0.00 secs] 
1356.582: [GC (Allocation Failure) [PSYoungGen: 70160K->1472K(70656K)] 401789K->333101K(738304K), 0.0033665 secs] [Times: user=0.02 sys=0.00, real=0.01 secs] 
1357.536: [GC (Allocation Failure) [PSYoungGen: 70080K->1376K(70656K)] 401709K->333005K(738304K), 0.0041636 secs] [Times: user=0.02 sys=0.00, real=0.00 secs] 
1358.192: [GC (Allocation Failure) [PSYoungGen: 69984K->1376K(70656K)] 401613K->333005K(738304K), 0.0036899 secs] [Times: user=0.02 sys=0.00, real=0.01 secs] 
1358.797: [GC (Allocation Failure) [PSYoungGen: 69984K->1376K(70656K)] 401613K->333005K(738304K), 0.0031366 secs] [Times: user=0.02 sys=0.00, real=0.00 secs] 
1359.315: [GC (Allocation Failure) [PSYoungGen: 69984K->1517K(70656K)] 401613K->333146K(738304K), 0.0016327 secs] [Times: user=0.00 sys=0.00, real=0.00 secs] 
1359.789: [GC (Allocation Failure) [PSYoungGen: 70125K->1581K(70656K)] 401754K->333210K(738304K), 0.0016468 secs] [Times: user=0.01 sys=0.00, real=0.00 secs] 
1360.202: [GC (Allocation Failure) [PSYoungGen: 70189K->1549K(70656K)] 401818K->333178K(738304K), 0.0016667 secs] [Times: user=0.01 sys=0.00, real=0.01 secs] 
1360.615: [GC (Allocation Failure) [PSYoungGen: 70157K->1549K(70656K)] 401786K->333186K(738304K), 0.0017683 secs] [Times: user=0.01 sys=0.00, real=0.00 secs] 
1361.267: [GC (Allocation Failure) [PSYoungGen: 70157K->1472K(70656K)] 401794K->333109K(738304K), 0.0063963 secs] [Times: user=0.02 sys=0.00, real=0.01 secs] 
1361.735: [GC (Allocation Failure) [PSYoungGen: 70080K->1392K(70656K)] 401717K->333045K(738304K), 0.0020207 secs] [Times: user=0.01 sys=0.00, real=0.00 secs] 
1362.037: [GC (Allocation Failure) [PSYoungGen: 70000K->1360K(70656K)] 401653K->333013K(738304K), 0.0019834 secs] [Times: user=0.01 sys=0.00, real=0.00 secs] 
1362.487: [GC (Allocation Failure) [PSYoungGen: 69968K->1360K(70656K)] 401621K->333013K(738304K), 0.0019257 secs] [Times: user=0.01 sys=0.00, real=0.00 secs] 
1362.984: [GC (Allocation Failure) [PSYoungGen: 69968K->1552K(70656K)] 401621K->333205K(738304K), 0.0016641 secs] [Times: user=0.01 sys=0.00, real=0.00 secs] 
1363.400: [GC (Allocation Failure) [PSYoungGen: 70160K->1501K(70656K)] 401813K->333154K(738304K), 0.0016904 secs] [Times: user=0.00 sys=0.00, real=0.00 secs] 
1363.812: [GC (Allocation Failure) [PSYoungGen: 70109K->1552K(70656K)] 401762K->333205K(738304K), 0.0016968 secs] [Times: user=0.01 sys=0.00, real=0.01 secs] 
1364.771: [GC (Allocation Failure) [PSYoungGen: 70160K->1472K(70656K)] 401813K->333133K(738304K), 0.0026053 secs] [Times: user=0.01 sys=0.00, real=0.01 secs] 
1365.376: [GC (Allocation Failure) [PSYoungGen: 70080K->1376K(70656K)] 401741K->333037K(738304K), 0.0020638 secs] [Times: user=0.01 sys=0.00, real=0.00 secs] 
1365.700: [GC (Allocation Failure) [PSYoungGen: 69984K->1408K(70656K)] 401645K->333069K(738304K), 0.0019962 secs] [Times: user=0.00 sys=0.00, real=0.00 secs] 
1366.055: [GC (Allocation Failure) [PSYoungGen: 70016K->1376K(70656K)] 401677K->333037K(738304K), 0.0018170 secs] [Times: user=0.00 sys=0.00, real=0.00 secs] 
1366.408: [GC (Allocation Failure) [PSYoungGen: 69984K->1485K(70656K)] 401645K->333146K(738304K), 0.0016283 secs] [Times: user=0.01 sys=0.00, real=0.00 secs] 
1366.819: [GC (Allocation Failure) [PSYoungGen: 70093K->1549K(70656K)] 401754K->333210K(738304K), 0.0017224 secs] [Times: user=0.01 sys=0.00, real=0.00 secs] 
1367.235: [GC (Allocation Failure) [PSYoungGen: 70157K->1581K(70656K)] 401818K->333242K(738304K), 0.0016453 secs] [Times: user=0.00 sys=0.00, real=0.00 secs] 
1367.649: [GC (Allocation Failure) [PSYoungGen: 70189K->1565K(70656K)] 401850K->333226K(738304K), 0.0017013 secs] [Times: user=0.01 sys=0.00, real=0.00 secs] 
1368.060: [GC (Allocation Failure) [PSYoungGen: 70173K->1392K(70656K)] 401834K->333077K(738304K), 0.0019357 secs] [Times: user=0.00 sys=0.00, real=0.00 secs] 
1368.352: [GC (Allocation Failure) [PSYoungGen: 70000K->1360K(70656K)] 401685K->333045K(738304K), 0.0018291 secs] [Times: user=0.00 sys=0.00, real=0.01 secs] 
1368.690: [GC (Allocation Failure) [PSYoungGen: 69968K->1376K(70656K)] 401653K->333061K(738304K), 0.0021689 secs] [Times: user=0.00 sys=0.00, real=0.00 secs] 
1368.987: [GC (Allocation Failure) [PSYoungGen: 69984K->1376K(70656K)] 401669K->333061K(738304K), 0.0019557 secs] [Times: user=0.00 sys=0.00, real=0.00 secs] 
1369.418: [GC (Allocation Failure) [PSYoungGen: 69984K->1485K(70656K)] 401669K->333194K(738304K), 0.0016934 secs] [Times: user=0.00 sys=0.00, real=0.00 secs] 
1369.826: [GC (Allocation Failure) [PSYoungGen: 70093K->1552K(70656K)] 401802K->333261K(738304K), 0.0016420 secs] [Times: user=0.01 sys=0.00, real=0.00 secs] 
1370.240: [GC (Allocation Failure) [PSYoungGen: 70160K->1565K(70656K)] 401869K->333274K(738304K), 0.0017235 secs] [Times: user=0.01 sys=0.00, real=0.00 secs] 
1370.655: [GC (Allocation Failure) [PSYoungGen: 70173K->1581K(70656K)] 401882K->333298K(738304K), 0.0015855 secs] [Times: user=0.00 sys=0.00, real=0.00 secs] 
1371.044: [GC (Allocation Failure) [PSYoungGen: 70189K->1440K(70656K)] 401906K->333157K(738304K), 0.0018119 secs] [Times: user=0.01 sys=0.00, real=0.00 secs] 
1371.377: [GC (Allocation Failure) [PSYoungGen: 70048K->1344K(70656K)] 401765K->333061K(738304K), 0.0020531 secs] [Times: user=0.01 sys=0.01, real=0.00 secs] 
1371.672: [GC (Allocation Failure) [PSYoungGen: 69952K->1344K(70656K)] 401669K->333061K(738304K), 0.0019756 secs] [Times: user=0.00 sys=0.00, real=0.01 secs] 
1372.085: [GC (Allocation Failure) [PSYoungGen: 69952K->1408K(70656K)] 401669K->333125K(738304K), 0.0029859 secs] [Times: user=0.02 sys=0.00, real=0.00 secs] 
1372.612: [GC (Allocation Failure) [PSYoungGen: 70016K->1549K(70656K)] 401733K->333266K(738304K), 0.0016415 secs] [Times: user=0.01 sys=0.00, real=0.01 secs] 
1373.027: [GC (Allocation Failure) [PSYoungGen: 70135K->1533K(70656K)] 401853K->333250K(738304K), 0.0017227 secs] [Times: user=0.01 sys=0.00, real=0.00 secs] 
1373.443: [GC (Allocation Failure) [PSYoungGen: 70141K->1533K(70656K)] 401858K->333250K(738304K), 0.0017495 secs] [Times: user=0.00 sys=0.00, real=0.01 secs] 
1373.930: [GC (Allocation Failure) [PSYoungGen: 70141K->1504K(70656K)] 401858K->333221K(738304K), 0.0019920 secs] [Times: user=0.00 sys=0.00, real=0.00 secs] 
1374.519: [GC (Allocation Failure) [PSYoungGen: 70112K->1376K(70656K)] 401829K->333093K(738304K), 0.0019598 secs] [Times: user=0.01 sys=0.00, real=0.00 secs] 
1374.804: [GC (Allocation Failure) [PSYoungGen: 69984K->1408K(70656K)] 401701K->333125K(738304K), 0.0019173 secs] [Times: user=0.01 sys=0.00, real=0.00 secs] 
1375.195: [GC (Allocation Failure) [PSYoungGen: 70016K->1376K(70656K)] 401733K->333093K(738304K), 0.0018582 secs] [Times: user=0.01 sys=0.00, real=0.00 secs] 
1375.755: [GC (Allocation Failure) [PSYoungGen: 69984K->1408K(70656K)] 401701K->333125K(738304K), 0.0015535 secs] [Times: user=0.00 sys=0.00, real=0.00 secs] 
1376.166: [GC (Allocation Failure) [PSYoungGen: 70016K->1565K(70656K)] 401733K->333282K(738304K), 0.0017816 secs] [Times: user=0.01 sys=0.00, real=0.00 secs] 
1376.581: [GC (Allocation Failure) [PSYoungGen: 70173K->1501K(70656K)] 401890K->333218K(738304K), 0.0016640 secs] [Times: user=0.01 sys=0.00, real=0.00 secs] 
1376.995: [GC (Allocation Failure) [PSYoungGen: 70109K->1565K(70656K)] 401826K->333282K(738304K), 0.0017064 secs] [Times: user=0.01 sys=0.00, real=0.00 secs] 
1377.690: [GC (Allocation Failure) [PSYoungGen: 70173K->1424K(70656K)] 401890K->333141K(738304K), 0.0023675 secs] [Times: user=0.01 sys=0.00, real=0.00 secs] 
1377.976: [GC (Allocation Failure) [PSYoungGen: 70032K->1408K(70656K)] 401749K->333125K(738304K), 0.0020844 secs] [Times: user=0.01 sys=0.01, real=0.00 secs] 
1378.676: [GC (Allocation Failure) [PSYoungGen: 70016K->1408K(70656K)] 401733K->333125K(738304K), 0.0027498 secs] [Times: user=0.01 sys=0.00, real=0.00 secs] 
1379.374: [GC (Allocation Failure) [PSYoungGen: 70016K->1344K(70656K)] 401733K->333061K(738304K), 0.0025588 secs] [Times: user=0.01 sys=0.00, real=0.00 secs] 
1379.980: [GC (Allocation Failure) [PSYoungGen: 69952K->1485K(70656K)] 401669K->333202K(738304K), 0.0016984 secs] [Times: user=0.00 sys=0.00, real=0.00 secs] 
1380.393: [GC (Allocation Failure) [PSYoungGen: 70093K->1520K(70656K)] 401810K->333253K(738304K), 0.0016776 secs] [Times: user=0.01 sys=0.00, real=0.00 secs] 
1380.805: [GC (Allocation Failure) [PSYoungGen: 70128K->1581K(70656K)] 401861K->333314K(738304K), 0.0016604 secs] [Times: user=0.01 sys=0.00, real=0.00 secs] 
1381.227: [GC (Allocation Failure) [PSYoungGen: 70189K->1968K(70656K)] 401922K->333701K(738304K), 0.0018954 secs] [Times: user=0.01 sys=0.00, real=0.00 secs] 
1381.800: [GC (Allocation Failure) [PSYoungGen: 70576K->1376K(70656K)] 402309K->333109K(738304K), 0.0019453 secs] [Times: user=0.01 sys=0.00, real=0.00 secs] 
1382.339: [GC (Allocation Failure) [PSYoungGen: 69984K->1408K(70656K)] 401717K->333141K(738304K), 0.0030698 secs] [Times: user=0.01 sys=0.00, real=0.00 secs] 
1382.899: [GC (Allocation Failure) [PSYoungGen: 70016K->1408K(70656K)] 401749K->333141K(738304K), 0.0023816 secs] [Times: user=0.01 sys=0.00, real=0.00 secs] 
1383.425: [GC (Allocation Failure) [PSYoungGen: 70016K->1376K(70656K)] 401749K->333109K(738304K), 0.0032339 secs] [Times: user=0.01 sys=0.00, real=0.00 secs] 
1383.986: [GC (Allocation Failure) [PSYoungGen: 69984K->1584K(70656K)] 401717K->333317K(738304K), 0.0016344 secs] [Times: user=0.01 sys=0.00, real=0.00 secs] 
1384.457: [GC (Allocation Failure) [PSYoungGen: 70192K->1584K(70656K)] 401925K->333317K(738304K), 0.0017057 secs] [Times: user=0.01 sys=0.00, real=0.00 secs] 
1384.937: [GC (Allocation Failure) [PSYoungGen: 70192K->1501K(70656K)] 401925K->333234K(738304K), 0.0017665 secs] [Times: user=0.01 sys=0.00, real=0.00 secs] 
1385.451: [GC (Allocation Failure) [PSYoungGen: 70109K->1472K(70656K)] 401842K->333205K(738304K), 0.0026498 secs] [Times: user=0.01 sys=0.00, real=0.01 secs] 
1386.103: [GC (Allocation Failure) [PSYoungGen: 70080K->1376K(70656K)] 401813K->333109K(738304K), 0.0027077 secs] [Times: user=0.01 sys=0.00, real=0.01 secs] 
1387.009: [GC (Allocation Failure) [PSYoungGen: 69984K->1376K(70656K)] 401717K->333109K(738304K), 0.0027886 secs] [Times: user=0.01 sys=0.00, real=0.00 secs] 
1388.129: [GC (Allocation Failure) [PSYoungGen: 69984K->1408K(70656K)] 401717K->333141K(738304K), 0.0035278 secs] [Times: user=0.02 sys=0.01, real=0.00 secs] 
1388.926: [GC (Allocation Failure) [PSYoungGen: 70016K->1485K(70656K)] 401749K->333218K(738304K), 0.0016071 secs] [Times: user=0.01 sys=0.00, real=0.00 secs] 
1389.341: [GC (Allocation Failure) [PSYoungGen: 70093K->1581K(70656K)] 401826K->333314K(738304K), 0.0016848 secs] [Times: user=0.01 sys=0.00, real=0.00 secs] 
1389.755: [GC (Allocation Failure) [PSYoungGen: 70189K->1581K(70656K)] 401922K->333314K(738304K), 0.0016520 secs] [Times: user=0.00 sys=0.00, real=0.00 secs] 
1390.170: [GC (Allocation Failure) [PSYoungGen: 70189K->1501K(70656K)] 401922K->333242K(738304K), 0.0017398 secs] [Times: user=0.00 sys=0.00, real=0.00 secs] 
1390.873: [GC (Allocation Failure) [PSYoungGen: 70109K->1440K(70656K)] 401850K->333181K(738304K), 0.0020413 secs] [Times: user=0.00 sys=0.00, real=0.01 secs] 
1391.519: [GC (Allocation Failure) [PSYoungGen: 70048K->1376K(70656K)] 401789K->333117K(738304K), 0.0025524 secs] [Times: user=0.01 sys=0.00, real=0.00 secs] 
1392.169: [GC (Allocation Failure) [PSYoungGen: 69984K->1408K(70656K)] 401725K->333149K(738304K), 0.0023808 secs] [Times: user=0.01 sys=0.00, real=0.00 secs] 
1392.804: [GC (Allocation Failure) [PSYoungGen: 70016K->1376K(70656K)] 401757K->333125K(738304K), 0.0022750 secs] [Times: user=0.01 sys=0.00, real=0.00 secs] 
1393.344: [GC (Allocation Failure) [PSYoungGen: 69984K->1549K(70656K)] 401733K->333298K(738304K), 0.0016130 secs] [Times: user=0.00 sys=0.00, real=0.00 secs] 
1393.761: [GC (Allocation Failure) [PSYoungGen: 70157K->1533K(70656K)] 401906K->333282K(738304K), 0.0016937 secs] [Times: user=0.00 sys=0.00, real=0.00 secs] 
1394.173: [GC (Allocation Failure) [PSYoungGen: 70141K->1501K(70656K)] 401890K->333250K(738304K), 0.0016481 secs] [Times: user=0.01 sys=0.00, real=0.00 secs] 
1394.683: [GC (Allocation Failure) [PSYoungGen: 70109K->1536K(70656K)] 401858K->333285K(738304K), 0.0019603 secs] [Times: user=0.00 sys=0.00, real=0.00 secs] 
1395.508: [GC (Allocation Failure) [PSYoungGen: 70144K->1408K(70656K)] 401893K->333157K(738304K), 0.0036832 secs] [Times: user=0.01 sys=0.00, real=0.00 secs] 
1396.099: [GC (Allocation Failure) [PSYoungGen: 70016K->1376K(70656K)] 401765K->333125K(738304K), 0.0031178 secs] [Times: user=0.01 sys=0.00, real=0.00 secs] 
1396.648: [GC (Allocation Failure) [PSYoungGen: 69984K->1408K(70656K)] 401733K->333157K(738304K), 0.0025288 secs] [Times: user=0.01 sys=0.00, real=0.00 secs] 
1397.393: [GC (Allocation Failure) [PSYoungGen: 70016K->1389K(70656K)] 401765K->333138K(738304K), 0.0020994 secs] [Times: user=0.01 sys=0.00, real=0.00 secs] 
1397.851: [GC (Allocation Failure) [PSYoungGen: 69997K->1565K(70656K)] 401746K->333314K(738304K), 0.0015634 secs] [Times: user=0.00 sys=0.00, real=0.00 secs] 
1398.267: [GC (Allocation Failure) [PSYoungGen: 70173K->1581K(70656K)] 401922K->333330K(738304K), 0.0017523 secs] [Times: user=0.01 sys=0.00, real=0.00 secs] 
1398.689: [GC (Allocation Failure) [PSYoungGen: 70189K->1581K(70656K)] 401938K->333330K(738304K), 0.0015653 secs] [Times: user=0.01 sys=0.00, real=0.00 secs] 
1399.097: [GC (Allocation Failure) [PSYoungGen: 70189K->1472K(70656K)] 401938K->333221K(738304K), 0.0018018 secs] [Times: user=0.00 sys=0.00, real=0.00 secs] 
1399.526: [GC (Allocation Failure) [PSYoungGen: 70080K->1408K(70656K)] 401829K->333157K(738304K), 0.0020600 secs] [Times: user=0.01 sys=0.00, real=0.00 secs] 
1400.128: [GC (Allocation Failure) [PSYoungGen: 70016K->1376K(70656K)] 401765K->333125K(738304K), 0.0019755 secs] [Times: user=0.00 sys=0.00, real=0.00 secs] 
1400.686: [GC (Allocation Failure) [PSYoungGen: 69984K->1344K(70656K)] 401733K->333093K(738304K), 0.0030611 secs] [Times: user=0.01 sys=0.00, real=0.00 secs] 
1401.320: [GC (Allocation Failure) [PSYoungGen: 69952K->1504K(70656K)] 401701K->333269K(738304K), 0.0016539 secs] [Times: user=0.01 sys=0.00, real=0.00 secs] 
1401.791: [GC (Allocation Failure) [PSYoungGen: 70112K->1485K(70656K)] 401877K->333250K(738304K), 0.0016635 secs] [Times: user=0.01 sys=0.00, real=0.00 secs] 
1402.206: [GC (Allocation Failure) [PSYoungGen: 70093K->1581K(70656K)] 401858K->333346K(738304K), 0.0016744 secs] [Times: user=0.00 sys=0.00, real=0.00 secs] 
1402.619: [GC (Allocation Failure) [PSYoungGen: 70189K->1581K(70656K)] 401954K->333362K(738304K), 0.0017793 secs] [Times: user=0.01 sys=0.00, real=0.00 secs] 
1402.932: [GC (Allocation Failure) [PSYoungGen: 70189K->1408K(70656K)] 401970K->333189K(738304K), 0.0033689 secs] [Times: user=0.01 sys=0.00, real=0.01 secs] 
1403.420: [GC (Allocation Failure) [PSYoungGen: 70016K->1376K(70656K)] 401797K->333157K(738304K), 0.0020017 secs] [Times: user=0.01 sys=0.00, real=0.00 secs] 
1403.967: [GC (Allocation Failure) [PSYoungGen: 69984K->1376K(70656K)] 401765K->333157K(738304K), 0.0021606 secs] [Times: user=0.01 sys=0.00, real=0.00 secs] 
1404.503: [GC (Allocation Failure) [PSYoungGen: 69984K->1408K(70656K)] 401765K->333189K(738304K), 0.0022650 secs] [Times: user=0.01 sys=0.00, real=0.00 secs] 
1405.069: [GC (Allocation Failure) [PSYoungGen: 70016K->1520K(70656K)] 401797K->333301K(738304K), 0.0016646 secs] [Times: user=0.01 sys=0.01, real=0.00 secs] 
1405.482: [GC (Allocation Failure) [PSYoungGen: 70128K->1584K(70656K)] 401909K->333365K(738304K), 0.0017029 secs] [Times: user=0.00 sys=0.00, real=0.01 secs] 
1405.895: [GC (Allocation Failure) [PSYoungGen: 70192K->1584K(70656K)] 401973K->333365K(738304K), 0.0017429 secs] [Times: user=0.01 sys=0.00, real=0.00 secs] 
1406.395: [GC (Allocation Failure) [PSYoungGen: 70192K->1472K(70656K)] 401973K->333253K(738304K), 0.0019034 secs] [Times: user=0.00 sys=0.00, real=0.00 secs] 
1407.035: [GC (Allocation Failure) [PSYoungGen: 70080K->1376K(70656K)] 401861K->333157K(738304K), 0.0020451 secs] [Times: user=0.00 sys=0.00, real=0.00 secs] 
1407.667: [GC (Allocation Failure) [PSYoungGen: 69984K->1376K(70656K)] 401765K->333157K(738304K), 0.0022056 secs] [Times: user=0.01 sys=0.00, real=0.00 secs] 
1408.620: [GC (Allocation Failure) [PSYoungGen: 69984K->1376K(70656K)] 401765K->333157K(738304K), 0.0024615 secs] [Times: user=0.01 sys=0.00, real=0.00 secs] 
1409.333: [GC (Allocation Failure) [PSYoungGen: 69984K->1421K(70656K)] 401765K->333202K(738304K), 0.0019009 secs] [Times: user=0.01 sys=0.00, real=0.01 secs] 
1409.830: [GC (Allocation Failure) [PSYoungGen: 70029K->1549K(70656K)] 401810K->333330K(738304K), 0.0017761 secs] [Times: user=0.01 sys=0.00, real=0.00 secs] 
1410.241: [GC (Allocation Failure) [PSYoungGen: 70127K->1549K(70656K)] 401909K->333330K(738304K), 0.0017502 secs] [Times: user=0.01 sys=0.00, real=0.00 secs] 
1410.653: [GC (Allocation Failure) [PSYoungGen: 70157K->1533K(70656K)] 401938K->333314K(738304K), 0.0017575 secs] [Times: user=0.00 sys=0.00, real=0.00 secs] 
1411.238: [GC (Allocation Failure) [PSYoungGen: 70141K->1504K(70656K)] 401922K->333285K(738304K), 0.0040876 secs] [Times: user=0.02 sys=0.00, real=0.00 secs] 
1411.923: [GC (Allocation Failure) [PSYoungGen: 70112K->1376K(70656K)] 401893K->333173K(738304K), 0.0035097 secs] [Times: user=0.01 sys=0.01, real=0.01 secs] 
1412.702: [GC (Allocation Failure) [PSYoungGen: 69984K->1312K(70656K)] 401781K->333109K(738304K), 0.0031071 secs] [Times: user=0.01 sys=0.00, real=0.01 secs] 
1413.644: [GC (Allocation Failure) [PSYoungGen: 69920K->1376K(70656K)] 401717K->333173K(738304K), 0.0029234 secs] [Times: user=0.01 sys=0.00, real=0.00 secs] 
1414.419: [GC (Allocation Failure) [PSYoungGen: 69984K->1517K(70656K)] 401781K->333314K(738304K), 0.0017214 secs] [Times: user=0.01 sys=0.00, real=0.00 secs] 
1414.890: [GC (Allocation Failure) [PSYoungGen: 70125K->1565K(70656K)] 401922K->333362K(738304K), 0.0018226 secs] [Times: user=0.01 sys=0.00, real=0.00 secs] 
1415.302: [GC (Allocation Failure) [PSYoungGen: 70173K->1552K(70656K)] 401970K->333349K(738304K), 0.0018090 secs] [Times: user=0.01 sys=0.00, real=0.01 secs] 
1415.716: [GC (Allocation Failure) [PSYoungGen: 70160K->1552K(70656K)] 401957K->333365K(738304K), 0.0017595 secs] [Times: user=0.01 sys=0.00, real=0.00 secs] 
1416.124: [GC (Allocation Failure) [PSYoungGen: 70160K->1408K(70656K)] 401973K->333221K(738304K), 0.0025394 secs] [Times: user=0.01 sys=0.00, real=0.00 secs] 
1416.401: [GC (Allocation Failure) [PSYoungGen: 70016K->1376K(70656K)] 401829K->333189K(738304K), 0.0019346 secs] [Times: user=0.01 sys=0.00, real=0.01 secs] 
1416.687: [GC (Allocation Failure) [PSYoungGen: 69984K->1408K(70656K)] 401797K->333221K(738304K), 0.0019867 secs] [Times: user=0.01 sys=0.00, real=0.00 secs] 
1416.987: [GC (Allocation Failure) [PSYoungGen: 70016K->1408K(70656K)] 401829K->333221K(738304K), 0.0018823 secs] [Times: user=0.01 sys=0.00, real=0.00 secs] 
1417.402: [GC (Allocation Failure) [PSYoungGen: 70016K->1549K(70656K)] 401829K->333362K(738304K), 0.0016489 secs] [Times: user=0.00 sys=0.01, real=0.01 secs] 
1417.876: [GC (Allocation Failure) [PSYoungGen: 70157K->1581K(70656K)] 401970K->333394K(738304K), 0.0016805 secs] [Times: user=0.01 sys=0.00, real=0.00 secs] 
1418.346: [GC (Allocation Failure) [PSYoungGen: 70189K->1581K(70656K)] 402002K->333394K(738304K), 0.0016870 secs] [Times: user=0.00 sys=0.00, real=0.00 secs] 
1419.060: [GC (Allocation Failure) [PSYoungGen: 70189K->1472K(70656K)] 402002K->333285K(738304K), 0.0053903 secs] [Times: user=0.02 sys=0.00, real=0.01 secs] 
1420.098: [GC (Allocation Failure) [PSYoungGen: 70080K->1376K(70656K)] 401893K->333189K(738304K), 0.0032490 secs] [Times: user=0.01 sys=0.00, real=0.00 secs] 
1420.649: [GC (Allocation Failure) [PSYoungGen: 69984K->1344K(70656K)] 401797K->333157K(738304K), 0.0025465 secs] [Times: user=0.01 sys=0.00, real=0.00 secs] 
1421.044: [GC (Allocation Failure) [PSYoungGen: 69952K->1344K(70656K)] 401765K->333165K(738304K), 0.0019413 secs] [Times: user=0.01 sys=0.00, real=0.00 secs] 
1421.381: [GC (Allocation Failure) [PSYoungGen: 69952K->1485K(70656K)] 401773K->333306K(738304K), 0.0015597 secs] [Times: user=0.00 sys=0.01, real=0.00 secs] 
1421.792: [GC (Allocation Failure) [PSYoungGen: 70093K->1533K(70656K)] 401914K->333354K(738304K), 0.0017039 secs] [Times: user=0.01 sys=0.00, real=0.01 secs] 
1422.205: [GC (Allocation Failure) [PSYoungGen: 70141K->1549K(70656K)] 401962K->333370K(738304K), 0.0016627 secs] [Times: user=0.01 sys=0.00, real=0.00 secs] 
1422.618: [GC (Allocation Failure) [PSYoungGen: 70157K->1549K(70656K)] 401978K->333370K(738304K), 0.0016723 secs] [Times: user=0.01 sys=0.00, real=0.00 secs] 
1422.998: [GC (Allocation Failure) [PSYoungGen: 70157K->1408K(70656K)] 401978K->333229K(738304K), 0.0017612 secs] [Times: user=0.01 sys=0.00, real=0.00 secs] 
1423.283: [GC (Allocation Failure) [PSYoungGen: 70016K->1376K(70656K)] 401837K->333197K(738304K), 0.0017311 secs] [Times: user=0.01 sys=0.00, real=0.00 secs] 
1423.568: [GC (Allocation Failure) [PSYoungGen: 69984K->1376K(70656K)] 401805K->333197K(738304K), 0.0021997 secs] [Times: user=0.01 sys=0.00, real=0.00 secs] 
1423.854: [GC (Allocation Failure) [PSYoungGen: 69984K->1376K(70656K)] 401805K->333197K(738304K), 0.0027171 secs] [Times: user=0.01 sys=0.00, real=0.00 secs] 
1424.257: [GC (Allocation Failure) [PSYoungGen: 69984K->1552K(70656K)] 401805K->333373K(738304K), 0.0016236 secs] [Times: user=0.00 sys=0.00, real=0.00 secs] 
1424.730: [GC (Allocation Failure) [PSYoungGen: 70153K->1552K(70656K)] 401975K->333373K(738304K), 0.0017558 secs] [Times: user=0.01 sys=0.00, real=0.00 secs] 
1425.144: [GC (Allocation Failure) [PSYoungGen: 70160K->1584K(70656K)] 401981K->333405K(738304K), 0.0017792 secs] [Times: user=0.00 sys=0.00, real=0.00 secs] 
1425.640: [GC (Allocation Failure) [PSYoungGen: 70192K->1552K(70656K)] 402013K->333381K(738304K), 0.0019781 secs] [Times: user=0.01 sys=0.00, real=0.00 secs] 
1426.525: [GC (Allocation Failure) [PSYoungGen: 70160K->1408K(70656K)] 401989K->333237K(738304K), 0.0026478 secs] [Times: user=0.01 sys=0.00, real=0.00 secs] 
1427.162: [GC (Allocation Failure) [PSYoungGen: 70016K->1408K(70656K)] 401845K->333237K(738304K), 0.0025696 secs] [Times: user=0.01 sys=0.00, real=0.01 secs] 
1427.565: [GC (Allocation Failure) [PSYoungGen: 70016K->1376K(70656K)] 401845K->333205K(738304K), 0.0018870 secs] [Times: user=0.01 sys=0.00, real=0.00 secs] 
1428.121: [GC (Allocation Failure) [PSYoungGen: 69984K->1392K(70656K)] 401813K->333221K(738304K), 0.0021747 secs] [Times: user=0.01 sys=0.00, real=0.01 secs] 
1428.581: [GC (Allocation Failure) [PSYoungGen: 70000K->1501K(70656K)] 401829K->333330K(738304K), 0.0016589 secs] [Times: user=0.01 sys=0.00, real=0.00 secs] 
1428.997: [GC (Allocation Failure) [PSYoungGen: 70109K->1549K(70656K)] 401938K->333378K(738304K), 0.0016830 secs] [Times: user=0.01 sys=0.00, real=0.00 secs] 
1429.418: [GC (Allocation Failure) [PSYoungGen: 70157K->1549K(70656K)] 401986K->333378K(738304K), 0.0015263 secs] [Times: user=0.01 sys=0.00, real=0.00 secs] 
1429.930: [GC (Allocation Failure) [PSYoungGen: 70157K->1504K(70656K)] 401986K->333357K(738304K), 0.0023246 secs] [Times: user=0.01 sys=0.00, real=0.00 secs] 
1430.216: [GC (Allocation Failure) [PSYoungGen: 70112K->1376K(70656K)] 401965K->333229K(738304K), 0.0019611 secs] [Times: user=0.00 sys=0.00, real=0.00 secs] 
1430.501: [GC (Allocation Failure) [PSYoungGen: 69984K->1376K(70656K)] 401837K->333229K(738304K), 0.0019737 secs] [Times: user=0.01 sys=0.00, real=0.01 secs] 
1430.786: [GC (Allocation Failure) [PSYoungGen: 69984K->1408K(70656K)] 401837K->333261K(738304K), 0.0019815 secs] [Times: user=0.01 sys=0.00, real=0.00 secs] 
1431.147: [GC (Allocation Failure) [PSYoungGen: 70016K->1517K(70656K)] 401869K->333370K(738304K), 0.0015881 secs] [Times: user=0.01 sys=0.00, real=0.00 secs] 
1431.558: [GC (Allocation Failure) [PSYoungGen: 70125K->1533K(70656K)] 401978K->333386K(738304K), 0.0018108 secs] [Times: user=0.00 sys=0.00, real=0.00 secs] 
1432.034: [GC (Allocation Failure) [PSYoungGen: 70141K->1581K(70656K)] 401994K->333434K(738304K), 0.0017208 secs] [Times: user=0.01 sys=0.00, real=0.00 secs] 
1432.446: [GC (Allocation Failure) [PSYoungGen: 70189K->1581K(70656K)] 402042K->333458K(738304K), 0.0017767 secs] [Times: user=0.01 sys=0.00, real=0.00 secs] 
1432.778: [GC (Allocation Failure) [PSYoungGen: 70189K->1440K(70656K)] 402066K->333317K(738304K), 0.0022162 secs] [Times: user=0.01 sys=0.00, real=0.00 secs] 
1433.332: [GC (Allocation Failure) [PSYoungGen: 70048K->1408K(70656K)] 401925K->333285K(738304K), 0.0021584 secs] [Times: user=0.01 sys=0.00, real=0.01 secs] 
1433.891: [GC (Allocation Failure) [PSYoungGen: 70016K->1408K(70656K)] 401893K->333285K(738304K), 0.0022192 secs] [Times: user=0.01 sys=0.00, real=0.00 secs] 
1434.509: [GC (Allocation Failure) [PSYoungGen: 70016K->1376K(70656K)] 401893K->333253K(738304K), 0.0023144 secs] [Times: user=0.01 sys=0.00, real=0.00 secs] 
1435.114: [GC (Allocation Failure) [PSYoungGen: 69984K->1552K(70656K)] 401861K->333429K(738304K), 0.0016648 secs] [Times: user=0.01 sys=0.00, real=0.00 secs] 
1435.526: [GC (Allocation Failure) [PSYoungGen: 70160K->1584K(70656K)] 402037K->333461K(738304K), 0.0016850 secs] [Times: user=0.00 sys=0.00, real=0.00 secs] 
1435.939: [GC (Allocation Failure) [PSYoungGen: 70192K->1552K(70656K)] 402069K->333429K(738304K), 0.0016947 secs] [Times: user=0.01 sys=0.00, real=0.00 secs] 
1436.382: [GC (Allocation Failure) [PSYoungGen: 70160K->1984K(70656K)] 402037K->333861K(738304K), 0.0017536 secs] [Times: user=0.00 sys=0.00, real=0.01 secs] 
1436.667: [GC (Allocation Failure) [PSYoungGen: 70592K->1408K(70656K)] 402469K->333285K(738304K), 0.0015835 secs] [Times: user=0.01 sys=0.00, real=0.00 secs] 
1437.262: [GC (Allocation Failure) [PSYoungGen: 70016K->1376K(70656K)] 401893K->333253K(738304K), 0.0018961 secs] [Times: user=0.01 sys=0.00, real=0.01 secs] 
1438.149: [GC (Allocation Failure) [PSYoungGen: 69984K->1376K(70656K)] 401861K->333253K(738304K), 0.0038418 secs] [Times: user=0.01 sys=0.00, real=0.00 secs] 
1439.017: [GC (Allocation Failure) [PSYoungGen: 69984K->1421K(70656K)] 401861K->333298K(738304K), 0.0039912 secs] [Times: user=0.01 sys=0.00, real=0.00 secs] 
1439.562: [GC (Allocation Failure) [PSYoungGen: 70029K->1549K(70656K)] 401906K->333426K(738304K), 0.0028844 secs] [Times: user=0.01 sys=0.00, real=0.01 secs] 
1440.065: [GC (Allocation Failure) [PSYoungGen: 70157K->1581K(70656K)] 402034K->333458K(738304K), 0.0016616 secs] [Times: user=0.01 sys=0.00, real=0.00 secs] 
1440.531: [GC (Allocation Failure) [PSYoungGen: 70189K->1549K(70656K)] 402066K->333426K(738304K), 0.0017376 secs] [Times: user=0.01 sys=0.00, real=0.00 secs] 
1440.950: [GC (Allocation Failure) [PSYoungGen: 70157K->1472K(70656K)] 402034K->333357K(738304K), 0.0022557 secs] [Times: user=0.01 sys=0.00, real=0.00 secs] 
1441.236: [GC (Allocation Failure) [PSYoungGen: 70080K->1376K(70656K)] 401965K->333285K(738304K), 0.0019272 secs] [Times: user=0.01 sys=0.00, real=0.00 secs] 
1441.537: [GC (Allocation Failure) [PSYoungGen: 69984K->1408K(70656K)] 401893K->333317K(738304K), 0.0019355 secs] [Times: user=0.01 sys=0.00, real=0.00 secs] 
1441.848: [GC (Allocation Failure) [PSYoungGen: 70016K->1408K(70656K)] 401925K->333317K(738304K), 0.0018421 secs] [Times: user=0.00 sys=0.00, real=0.00 secs] 
1442.267: [GC (Allocation Failure) [PSYoungGen: 70016K->1437K(70656K)] 401925K->333346K(738304K), 0.0017380 secs] [Times: user=0.01 sys=0.00, real=0.00 secs] 
1442.677: [GC (Allocation Failure) [PSYoungGen: 70045K->1549K(70656K)] 401954K->333458K(738304K), 0.0016874 secs] [Times: user=0.01 sys=0.00, real=0.00 secs] 
1443.154: [GC (Allocation Failure) [PSYoungGen: 70157K->1552K(70656K)] 402066K->333461K(738304K), 0.0017958 secs] [Times: user=0.01 sys=0.00, real=0.00 secs] 
1443.568: [GC (Allocation Failure) [PSYoungGen: 70160K->1552K(70656K)] 402069K->333469K(738304K), 0.0017661 secs] [Times: user=0.00 sys=0.00, real=0.00 secs] 
1444.037: [GC (Allocation Failure) [PSYoungGen: 70160K->1424K(70656K)] 402077K->333341K(738304K), 0.0022533 secs] [Times: user=0.01 sys=0.00, real=0.00 secs] 
1444.320: [GC (Allocation Failure) [PSYoungGen: 70032K->1408K(70656K)] 401949K->333325K(738304K), 0.0018648 secs] [Times: user=0.01 sys=0.00, real=0.00 secs] 
1444.605: [GC (Allocation Failure) [PSYoungGen: 70016K->1408K(70656K)] 401933K->333325K(738304K), 0.0019377 secs] [Times: user=0.01 sys=0.00, real=0.00 secs] 
1444.890: [GC (Allocation Failure) [PSYoungGen: 70016K->1408K(70656K)] 401933K->333325K(738304K), 0.0018751 secs] [Times: user=0.00 sys=0.00, real=0.00 secs] 
1445.340: [GC (Allocation Failure) [PSYoungGen: 70016K->1485K(70656K)] 401933K->333402K(738304K), 0.0016463 secs] [Times: user=0.01 sys=0.00, real=0.00 secs] 
1445.752: [GC (Allocation Failure) [PSYoungGen: 70093K->1581K(70656K)] 402010K->333498K(738304K), 0.0016325 secs] [Times: user=0.01 sys=0.00, real=0.01 secs] 
1446.233: [GC (Allocation Failure) [PSYoungGen: 70189K->1533K(70656K)] 402106K->333450K(738304K), 0.0018141 secs] [Times: user=0.01 sys=0.00, real=0.00 secs] 
1447.149: [GC (Allocation Failure) [PSYoungGen: 70141K->1504K(70656K)] 402058K->333421K(738304K), 0.0043698 secs] [Times: user=0.01 sys=0.00, real=0.01 secs] 
1447.672: [GC (Allocation Failure) [PSYoungGen: 70112K->1376K(70656K)] 402029K->333293K(738304K), 0.0022556 secs] [Times: user=0.01 sys=0.00, real=0.01 secs] 
1447.955: [GC (Allocation Failure) [PSYoungGen: 69984K->1376K(70656K)] 401901K->333293K(738304K), 0.0020152 secs] [Times: user=0.01 sys=0.00, real=0.00 secs] 
1448.280: [GC (Allocation Failure) [PSYoungGen: 69984K->1408K(70656K)] 401901K->333333K(738304K), 0.0019656 secs] [Times: user=0.00 sys=0.00, real=0.00 secs] 
1448.627: [GC (Allocation Failure) [PSYoungGen: 70016K->1453K(70656K)] 401941K->333378K(738304K), 0.0016526 secs] [Times: user=0.01 sys=0.00, real=0.00 secs] 
1449.105: [GC (Allocation Failure) [PSYoungGen: 70061K->1533K(70656K)] 401986K->333458K(738304K), 0.0017168 secs] [Times: user=0.01 sys=0.00, real=0.00 secs] 
1449.577: [GC (Allocation Failure) [PSYoungGen: 70141K->1517K(70656K)] 402066K->333458K(738304K), 0.0017743 secs] [Times: user=0.01 sys=0.00, real=0.00 secs] 
1450.036: [GC (Allocation Failure) [PSYoungGen: 70125K->1549K(70656K)] 402066K->333490K(738304K), 0.0016138 secs] [Times: user=0.01 sys=0.00, real=0.00 secs] 
1451.091: [GC (Allocation Failure) [PSYoungGen: 70157K->1456K(70656K)] 402098K->333413K(738304K), 0.0032379 secs] [Times: user=0.02 sys=0.00, real=0.01 secs] 
1451.635: [GC (Allocation Failure) [PSYoungGen: 70064K->1408K(70656K)] 402021K->333365K(738304K), 0.0019531 secs] [Times: user=0.01 sys=0.00, real=0.00 secs] 
1451.925: [GC (Allocation Failure) [PSYoungGen: 70016K->1408K(70656K)] 401973K->333365K(738304K), 0.0018220 secs] [Times: user=0.01 sys=0.00, real=0.00 secs] 
1452.265: [GC (Allocation Failure) [PSYoungGen: 70016K->1440K(70656K)] 401973K->333397K(738304K), 0.0017770 secs] [Times: user=0.00 sys=0.00, real=0.00 secs] 
1452.733: [GC (Allocation Failure) [PSYoungGen: 70048K->1581K(70656K)] 402005K->333538K(738304K), 0.0016417 secs] [Times: user=0.01 sys=0.00, real=0.01 secs] 
1453.147: [GC (Allocation Failure) [PSYoungGen: 70189K->1533K(70656K)] 402146K->333490K(738304K), 0.0016924 secs] [Times: user=0.00 sys=0.00, real=0.00 secs] 
1453.563: [GC (Allocation Failure) [PSYoungGen: 70141K->1584K(70656K)] 402098K->333541K(738304K), 0.0017090 secs] [Times: user=0.01 sys=0.00, real=0.01 secs] 
1453.979: [GC (Allocation Failure) [PSYoungGen: 70192K->1565K(70656K)] 402149K->333530K(738304K), 0.0017770 secs] [Times: user=0.01 sys=0.00, real=0.00 secs] 
1454.701: [GC (Allocation Failure) [PSYoungGen: 70173K->1472K(70656K)] 402138K->333445K(738304K), 0.0021934 secs] [Times: user=0.01 sys=0.00, real=0.01 secs] 
1455.162: [GC (Allocation Failure) [PSYoungGen: 70080K->1440K(70656K)] 402053K->333413K(738304K), 0.0029277 secs] [Times: user=0.01 sys=0.01, real=0.01 secs] 
1455.707: [GC (Allocation Failure) [PSYoungGen: 70048K->1408K(70656K)] 402021K->333381K(738304K), 0.0026400 secs] [Times: user=0.01 sys=0.00, real=0.00 secs] 
1456.228: [GC (Allocation Failure) [PSYoungGen: 70016K->1408K(70656K)] 401989K->333381K(738304K), 0.0028799 secs] [Times: user=0.01 sys=0.00, real=0.00 secs] 
1456.903: [GC (Allocation Failure) [PSYoungGen: 70016K->1549K(70656K)] 401989K->333522K(738304K), 0.0017927 secs] [Times: user=0.01 sys=0.00, real=0.01 secs] 
1457.374: [GC (Allocation Failure) [PSYoungGen: 70157K->1613K(70656K)] 402130K->333594K(738304K), 0.0017499 secs] [Times: user=0.01 sys=0.00, real=0.00 secs] 
1457.786: [GC (Allocation Failure) [PSYoungGen: 70221K->1533K(70656K)] 402202K->333514K(738304K), 0.0018295 secs] [Times: user=0.00 sys=0.00, real=0.00 secs] 
1458.192: [GC (Allocation Failure) [PSYoungGen: 70141K->1504K(70656K)] 402122K->333501K(738304K), 0.0021749 secs] [Times: user=0.01 sys=0.00, real=0.01 secs] 
1458.477: [GC (Allocation Failure) [PSYoungGen: 70112K->1344K(70656K)] 402109K->333341K(738304K), 0.0019370 secs] [Times: user=0.01 sys=0.00, real=0.00 secs] 
1458.949: [GC (Allocation Failure) [PSYoungGen: 69952K->1408K(70656K)] 401949K->333405K(738304K), 0.0022084 secs] [Times: user=0.00 sys=0.00, real=0.00 secs] 
1459.501: [GC (Allocation Failure) [PSYoungGen: 70016K->1408K(70656K)] 402013K->333405K(738304K), 0.0030781 secs] [Times: user=0.01 sys=0.01, real=0.01 secs] 
1460.463: [GC (Allocation Failure) [PSYoungGen: 70016K->1485K(70656K)] 402013K->333482K(738304K), 0.0021360 secs] [Times: user=0.01 sys=0.00, real=0.00 secs] 
1460.891: [GC (Allocation Failure) [PSYoungGen: 70093K->1581K(70656K)] 402090K->333602K(738304K), 0.0017484 secs] [Times: user=0.01 sys=0.00, real=0.01 secs] 
1461.303: [GC (Allocation Failure) [PSYoungGen: 70189K->1581K(70656K)] 402210K->333602K(738304K), 0.0017845 secs] [Times: user=0.01 sys=0.00, real=0.00 secs] 
1461.716: [GC (Allocation Failure) [PSYoungGen: 70189K->1581K(70656K)] 402210K->333602K(738304K), 0.0017923 secs] [Times: user=0.01 sys=0.00, real=0.00 secs] 
1462.198: [GC (Allocation Failure) [PSYoungGen: 70189K->1440K(70656K)] 402210K->333469K(738304K), 0.0017567 secs] [Times: user=0.01 sys=0.00, real=0.00 secs] 
1462.732: [GC (Allocation Failure) [PSYoungGen: 70048K->1408K(70656K)] 402077K->333437K(738304K), 0.0019035 secs] [Times: user=0.01 sys=0.00, real=0.01 secs] 
1463.315: [GC (Allocation Failure) [PSYoungGen: 70016K->1344K(70656K)] 402045K->333373K(738304K), 0.0018011 secs] [Times: user=0.01 sys=0.00, real=0.00 secs] 
1463.908: [GC (Allocation Failure) [PSYoungGen: 69952K->1376K(70656K)] 401981K->333405K(738304K), 0.0019516 secs] [Times: user=0.00 sys=0.00, real=0.00 secs] 
1464.480: [GC (Allocation Failure) [PSYoungGen: 69984K->1485K(70656K)] 402013K->333514K(738304K), 0.0016486 secs] [Times: user=0.01 sys=0.00, real=0.00 secs] 
1464.893: [GC (Allocation Failure) [PSYoungGen: 70093K->1581K(70656K)] 402122K->333610K(738304K), 0.0017016 secs] [Times: user=0.01 sys=0.00, real=0.00 secs] 
1465.306: [GC (Allocation Failure) [PSYoungGen: 70189K->1520K(70656K)] 402218K->333549K(738304K), 0.0017125 secs] [Times: user=0.00 sys=0.00, real=0.00 secs] 
1465.718: [GC (Allocation Failure) [PSYoungGen: 70085K->320K(70656K)] 402115K->332365K(738304K), 0.0016670 secs] [Times: user=0.01 sys=0.00, real=0.00 secs] 
1466.255: [GC (Allocation Failure) [PSYoungGen: 68928K->1376K(70656K)] 400973K->333421K(738304K), 0.0017229 secs] [Times: user=0.01 sys=0.00, real=0.00 secs] 
1466.828: [GC (Allocation Failure) [PSYoungGen: 69984K->1376K(70656K)] 402029K->333421K(738304K), 0.0017446 secs] [Times: user=0.01 sys=0.00, real=0.00 secs] 
1467.413: [GC (Allocation Failure) [PSYoungGen: 69984K->1376K(70656K)] 402029K->333421K(738304K), 0.0021084 secs] [Times: user=0.01 sys=0.00, real=0.00 secs] 
1467.913: [GC (Allocation Failure) [PSYoungGen: 69984K->1408K(70656K)] 402029K->333453K(738304K), 0.0021826 secs] [Times: user=0.01 sys=0.00, real=0.01 secs] 
1468.390: [GC (Allocation Failure) [PSYoungGen: 70016K->1549K(70656K)] 402061K->333594K(738304K), 0.0016360 secs] [Times: user=0.01 sys=0.00, real=0.00 secs] 
1468.804: [GC (Allocation Failure) [PSYoungGen: 70157K->1552K(70656K)] 402202K->333597K(738304K), 0.0016260 secs] [Times: user=0.01 sys=0.00, real=0.00 secs] 
1469.218: [GC (Allocation Failure) [PSYoungGen: 70160K->1549K(70656K)] 402205K->333594K(738304K), 0.0017996 secs] [Times: user=0.00 sys=0.00, real=0.00 secs] 
1469.680: [GC (Allocation Failure) [PSYoungGen: 70157K->1504K(70656K)] 402202K->333549K(738304K), 0.0018503 secs] [Times: user=0.01 sys=0.00, real=0.00 secs] 
1469.978: [GC (Allocation Failure) [PSYoungGen: 70112K->1408K(70656K)] 402157K->333453K(738304K), 0.0018011 secs] [Times: user=0.01 sys=0.00, real=0.00 secs] 
1470.297: [GC (Allocation Failure) [PSYoungGen: 70016K->1376K(70656K)] 402061K->333437K(738304K), 0.0022917 secs] [Times: user=0.01 sys=0.00, real=0.00 secs] 
1470.615: [GC (Allocation Failure) [PSYoungGen: 69984K->1376K(70656K)] 402045K->333437K(738304K), 0.0017247 secs] [Times: user=0.00 sys=0.00, real=0.00 secs] 
1471.208: [GC (Allocation Failure) [PSYoungGen: 69984K->1453K(70656K)] 402045K->333514K(738304K), 0.0016193 secs] [Times: user=0.01 sys=0.01, real=0.00 secs] 
1471.619: [GC (Allocation Failure) [PSYoungGen: 70061K->1549K(70656K)] 402122K->333610K(738304K), 0.0017674 secs] [Times: user=0.01 sys=0.00, real=0.00 secs] 
1472.031: [GC (Allocation Failure) [PSYoungGen: 70157K->1517K(70656K)] 402218K->333578K(738304K), 0.0017158 secs] [Times: user=0.01 sys=0.00, real=0.00 secs] 
1472.506: [GC (Allocation Failure) [PSYoungGen: 70125K->1533K(70656K)] 402186K->333602K(738304K), 0.0018358 secs] [Times: user=0.00 sys=0.00, real=0.00 secs] 
1473.028: [GC (Allocation Failure) [PSYoungGen: 70141K->1408K(70656K)] 402210K->333485K(738304K), 0.0022133 secs] [Times: user=0.01 sys=0.00, real=0.00 secs] 
1473.539: [GC (Allocation Failure) [PSYoungGen: 70016K->1408K(70656K)] 402093K->333485K(738304K), 0.0020916 secs] [Times: user=0.00 sys=0.00, real=0.00 secs] 
1474.067: [GC (Allocation Failure) [PSYoungGen: 70016K->1376K(70656K)] 402093K->333453K(738304K), 0.0021014 secs] [Times: user=0.01 sys=0.00, real=0.00 secs] 
1474.660: [GC (Allocation Failure) [PSYoungGen: 69984K->1344K(70656K)] 402061K->333421K(738304K), 0.0021641 secs] [Times: user=0.01 sys=0.00, real=0.00 secs] 
1475.183: [GC (Allocation Failure) [PSYoungGen: 69952K->1517K(70656K)] 402029K->333594K(738304K), 0.0016105 secs] [Times: user=0.01 sys=0.00, real=0.00 secs] 
1475.595: [GC (Allocation Failure) [PSYoungGen: 70125K->1552K(70656K)] 402202K->333629K(738304K), 0.0016919 secs] [Times: user=0.01 sys=0.00, real=0.00 secs] 
1476.012: [GC (Allocation Failure) [PSYoungGen: 70160K->1581K(70656K)] 402237K->333658K(738304K), 0.0017116 secs] [Times: user=0.01 sys=0.00, real=0.01 secs] 
1476.473: [GC (Allocation Failure) [PSYoungGen: 70189K->1792K(70656K)] 402266K->333869K(738304K), 0.0019908 secs] [Times: user=0.00 sys=0.00, real=0.01 secs] 
1476.903: [GC (Allocation Failure) [PSYoungGen: 70400K->1376K(70656K)] 402477K->333453K(738304K), 0.0019836 secs] [Times: user=0.01 sys=0.00, real=0.00 secs] 
1477.434: [GC (Allocation Failure) [PSYoungGen: 69984K->1376K(70656K)] 402061K->333453K(738304K), 0.0040968 secs] [Times: user=0.01 sys=0.00, real=0.00 secs] 
1478.068: [GC (Allocation Failure) [PSYoungGen: 69984K->1376K(70656K)] 402061K->333453K(738304K), 0.0027602 secs] [Times: user=0.01 sys=0.00, real=0.00 secs] 
1479.022: [GC (Allocation Failure) [PSYoungGen: 69984K->1376K(70656K)] 402061K->333453K(738304K), 0.0032065 secs] [Times: user=0.02 sys=0.00, real=0.01 secs] 
1479.587: [GC (Allocation Failure) [PSYoungGen: 69984K->1549K(70656K)] 402061K->333626K(738304K), 0.0017335 secs] [Times: user=0.01 sys=0.00, real=0.00 secs] 
1480.000: [GC (Allocation Failure) [PSYoungGen: 70157K->1549K(70656K)] 402234K->333626K(738304K), 0.0016770 secs] [Times: user=0.00 sys=0.00, real=0.00 secs] 
1480.414: [GC (Allocation Failure) [PSYoungGen: 70157K->1549K(70656K)] 402234K->333626K(738304K), 0.0016114 secs] [Times: user=0.01 sys=0.00, real=0.00 secs] 
1480.875: [GC (Allocation Failure) [PSYoungGen: 70157K->1472K(70656K)] 402234K->333573K(738304K), 0.0024413 secs] [Times: user=0.01 sys=0.00, real=0.00 secs] 
1481.161: [GC (Allocation Failure) [PSYoungGen: 70080K->1376K(70656K)] 402181K->333477K(738304K), 0.0020103 secs] [Times: user=0.01 sys=0.00, real=0.01 secs] 
1481.447: [GC (Allocation Failure) [PSYoungGen: 69984K->1376K(70656K)] 402085K->333477K(738304K), 0.0020797 secs] [Times: user=0.01 sys=0.00, real=0.00 secs] 
1481.732: [GC (Allocation Failure) [PSYoungGen: 69984K->1376K(70656K)] 402085K->333477K(738304K), 0.0018953 secs] [Times: user=0.01 sys=0.00, real=0.01 secs] 
1482.109: [GC (Allocation Failure) [PSYoungGen: 69984K->1405K(70656K)] 402085K->333506K(738304K), 0.0016337 secs] [Times: user=0.01 sys=0.00, real=0.00 secs] 
1482.522: [GC (Allocation Failure) [PSYoungGen: 70013K->1549K(70656K)] 402114K->333650K(738304K), 0.0016707 secs] [Times: user=0.01 sys=0.00, real=0.01 secs] 
1482.935: [GC (Allocation Failure) [PSYoungGen: 70157K->1584K(70656K)] 402258K->333685K(738304K), 0.0017606 secs] [Times: user=0.00 sys=0.00, real=0.00 secs] 
1483.350: [GC (Allocation Failure) [PSYoungGen: 70192K->1520K(70656K)] 402293K->333629K(738304K), 0.0016083 secs] [Times: user=0.01 sys=0.00, real=0.00 secs] 
1483.726: [GC (Allocation Failure) [PSYoungGen: 70128K->1408K(70656K)] 402237K->333517K(738304K), 0.0017779 secs] [Times: user=0.01 sys=0.00, real=0.00 secs] 
1484.011: [GC (Allocation Failure) [PSYoungGen: 70016K->1408K(70656K)] 402125K->333517K(738304K), 0.0016501 secs] [Times: user=0.01 sys=0.00, real=0.00 secs] 
1484.376: [GC (Allocation Failure) [PSYoungGen: 70016K->1392K(70656K)] 402125K->333501K(738304K), 0.0019991 secs] [Times: user=0.00 sys=0.00, real=0.00 secs] 
1484.662: [GC (Allocation Failure) [PSYoungGen: 70000K->1376K(70656K)] 402109K->333485K(738304K), 0.0019716 secs] [Times: user=0.01 sys=0.00, real=0.01 secs] 
1485.054: [GC (Allocation Failure) [PSYoungGen: 69984K->1517K(70656K)] 402093K->333626K(738304K), 0.0016692 secs] [Times: user=0.00 sys=0.00, real=0.00 secs] 
1485.466: [GC (Allocation Failure) [PSYoungGen: 70125K->1581K(70656K)] 402234K->333690K(738304K), 0.0016614 secs] [Times: user=0.01 sys=0.00, real=0.00 secs] 
1485.881: [GC (Allocation Failure) [PSYoungGen: 70189K->1549K(70656K)] 402298K->333658K(738304K), 0.0016834 secs] [Times: user=0.01 sys=0.00, real=0.00 secs] 
1486.348: [GC (Allocation Failure) [PSYoungGen: 70157K->1504K(70656K)] 402266K->333613K(738304K), 0.0021278 secs] [Times: user=0.01 sys=0.00, real=0.00 secs] 
1486.855: [GC (Allocation Failure) [PSYoungGen: 70112K->1408K(70656K)] 402221K->333517K(738304K), 0.0020222 secs] [Times: user=0.01 sys=0.00, real=0.00 secs] 
1487.143: [GC (Allocation Failure) [PSYoungGen: 70016K->1408K(70656K)] 402125K->333517K(738304K), 0.0019504 secs] [Times: user=0.01 sys=0.00, real=0.00 secs] 
1487.476: [GC (Allocation Failure) [PSYoungGen: 70016K->1408K(70656K)] 402125K->333517K(738304K), 0.0018937 secs] [Times: user=0.01 sys=0.00, real=0.00 secs] 
1487.978: [GC (Allocation Failure) [PSYoungGen: 70016K->1453K(70656K)] 402125K->333562K(738304K), 0.0021055 secs] [Times: user=0.01 sys=0.00, real=0.00 secs] 
1488.416: [GC (Allocation Failure) [PSYoungGen: 70061K->1581K(70656K)] 402170K->333690K(738304K), 0.0015600 secs] [Times: user=0.00 sys=0.00, real=0.00 secs] 
1488.828: [GC (Allocation Failure) [PSYoungGen: 70189K->1581K(70656K)] 402298K->333706K(738304K), 0.0017025 secs] [Times: user=0.01 sys=0.00, real=0.00 secs] 
1489.244: [GC (Allocation Failure) [PSYoungGen: 70189K->1581K(70656K)] 402314K->333706K(738304K), 0.0016576 secs] [Times: user=0.01 sys=0.00, real=0.00 secs] 
1489.982: [GC (Allocation Failure) [PSYoungGen: 70189K->1456K(70656K)] 402314K->333581K(738304K), 0.0019599 secs] [Times: user=0.01 sys=0.00, real=0.01 secs] 
1490.389: [GC (Allocation Failure) [PSYoungGen: 70064K->1376K(70656K)] 402189K->333501K(738304K), 0.0022584 secs] [Times: user=0.01 sys=0.00, real=0.00 secs] 
1490.676: [GC (Allocation Failure) [PSYoungGen: 69984K->1376K(70656K)] 402109K->333501K(738304K), 0.0020847 secs] [Times: user=0.00 sys=0.00, real=0.00 secs] 
1490.961: [GC (Allocation Failure) [PSYoungGen: 69984K->1376K(70656K)] 402109K->333501K(738304K), 0.0017534 secs] [Times: user=0.01 sys=0.00, real=0.01 secs] 
1491.330: [GC (Allocation Failure) [PSYoungGen: 69984K->1517K(70656K)] 402109K->333642K(738304K), 0.0015999 secs] [Times: user=0.00 sys=0.00, real=0.00 secs] 
1491.742: [GC (Allocation Failure) [PSYoungGen: 70125K->1549K(70656K)] 402250K->333674K(738304K), 0.0015898 secs] [Times: user=0.00 sys=0.00, real=0.01 secs] 
1492.155: [GC (Allocation Failure) [PSYoungGen: 70157K->1549K(70656K)] 402282K->333674K(738304K), 0.0016351 secs] [Times: user=0.01 sys=0.00, real=0.00 secs] 
1492.624: [GC (Allocation Failure) [PSYoungGen: 70157K->1581K(70656K)] 402282K->333722K(738304K), 0.0017681 secs] [Times: user=0.00 sys=0.00, real=0.00 secs] 
1493.735: [GC (Allocation Failure) [PSYoungGen: 70189K->1456K(70656K)] 402330K->333597K(738304K), 0.0027038 secs] [Times: user=0.02 sys=0.00, real=0.00 secs] 
1494.365: [GC (Allocation Failure) [PSYoungGen: 70064K->1408K(70656K)] 402205K->333549K(738304K), 0.0023621 secs] [Times: user=0.01 sys=0.00, real=0.00 secs] 
1494.659: [GC (Allocation Failure) [PSYoungGen: 70016K->1424K(70656K)] 402157K->333565K(738304K), 0.0018824 secs] [Times: user=0.00 sys=0.00, real=0.00 secs] 
1495.141: [GC (Allocation Failure) [PSYoungGen: 70032K->1376K(70656K)] 402173K->333517K(738304K), 0.0022243 secs] [Times: user=0.00 sys=0.00, real=0.00 secs] 
1495.662: [GC (Allocation Failure) [PSYoungGen: 69984K->1520K(70656K)] 402125K->333661K(738304K), 0.0016366 secs] [Times: user=0.00 sys=0.00, real=0.01 secs] 
1496.074: [GC (Allocation Failure) [PSYoungGen: 70107K->1552K(70656K)] 402248K->333693K(738304K), 0.0017002 secs] [Times: user=0.01 sys=0.00, real=0.00 secs] 
1496.487: [GC (Allocation Failure) [PSYoungGen: 70160K->1552K(70656K)] 402301K->333693K(738304K), 0.0016973 secs] [Times: user=0.01 sys=0.00, real=0.00 secs] 
1496.945: [GC (Allocation Failure) [PSYoungGen: 70160K->1536K(70656K)] 402301K->333677K(738304K), 0.0018404 secs] [Times: user=0.00 sys=0.00, real=0.00 secs] 
1497.339: [GC (Allocation Failure) [PSYoungGen: 70144K->1408K(70656K)] 402285K->333549K(738304K), 0.0016645 secs] [Times: user=0.00 sys=0.00, real=0.00 secs] 
1497.623: [GC (Allocation Failure) [PSYoungGen: 70016K->1392K(70656K)] 402157K->333533K(738304K), 0.0025427 secs] [Times: user=0.01 sys=0.00, real=0.00 secs] 
1497.910: [GC (Allocation Failure) [PSYoungGen: 70000K->1408K(70656K)] 402141K->333549K(738304K), 0.0019952 secs] [Times: user=0.01 sys=0.00, real=0.00 secs] 
1498.249: [GC (Allocation Failure) [PSYoungGen: 70016K->1456K(70656K)] 402157K->333597K(738304K), 0.0015618 secs] [Times: user=0.00 sys=0.00, real=0.00 secs] 
1498.663: [GC (Allocation Failure) [PSYoungGen: 70064K->1533K(70656K)] 402205K->333674K(738304K), 0.0016997 secs] [Times: user=0.01 sys=0.00, real=0.00 secs] 
1499.077: [GC (Allocation Failure) [PSYoungGen: 70141K->1581K(70656K)] 402282K->333722K(738304K), 0.0017003 secs] [Times: user=0.00 sys=0.00, real=0.00 secs] 
1499.493: [GC (Allocation Failure) [PSYoungGen: 70189K->1485K(70656K)] 402330K->333626K(738304K), 0.0016306 secs] [Times: user=0.01 sys=0.00, real=0.01 secs] 
1499.846: [GC (Allocation Failure) [PSYoungGen: 70093K->1456K(70656K)] 402234K->333621K(738304K), 0.0016980 secs] [Times: user=0.01 sys=0.00, real=0.00 secs] 
1500.138: [GC (Allocation Failure) [PSYoungGen: 70064K->1376K(70656K)] 402229K->333541K(738304K), 0.0015461 secs] [Times: user=0.00 sys=0.00, real=0.00 secs] 
1500.423: [GC (Allocation Failure) [PSYoungGen: 69984K->1408K(70656K)] 402149K->333573K(738304K), 0.0015031 secs] [Times: user=0.01 sys=0.00, real=0.01 secs] 
1500.852: [GC (Allocation Failure) [PSYoungGen: 70016K->1376K(70656K)] 402181K->333541K(738304K), 0.0023230 secs] [Times: user=0.01 sys=0.00, real=0.01 secs] 
1501.354: [GC (Allocation Failure) [PSYoungGen: 69984K->1517K(70656K)] 402149K->333682K(738304K), 0.0016407 secs] [Times: user=0.00 sys=0.00, real=0.00 secs] 
1501.766: [GC (Allocation Failure) [PSYoungGen: 70125K->1581K(70656K)] 402290K->333746K(738304K), 0.0016970 secs] [Times: user=0.00 sys=0.00, real=0.00 secs] 
1502.234: [GC (Allocation Failure) [PSYoungGen: 70189K->1549K(70656K)] 402354K->333714K(738304K), 0.0017516 secs] [Times: user=0.01 sys=0.00, real=0.00 secs] 
1502.647: [GC (Allocation Failure) [PSYoungGen: 70157K->1520K(70656K)] 402322K->333701K(738304K), 0.0017191 secs] [Times: user=0.01 sys=0.00, real=0.00 secs] 
1503.039: [GC (Allocation Failure) [PSYoungGen: 70128K->1376K(70656K)] 402309K->333557K(738304K), 0.0020971 secs] [Times: user=0.01 sys=0.00, real=0.00 secs] 
1503.353: [GC (Allocation Failure) [PSYoungGen: 69984K->1408K(70656K)] 402165K->333589K(738304K), 0.0019911 secs] [Times: user=0.01 sys=0.00, real=0.00 secs] 
1503.638: [GC (Allocation Failure) [PSYoungGen: 70016K->1376K(70656K)] 402197K->333557K(738304K), 0.0019321 secs] [Times: user=0.01 sys=0.00, real=0.00 secs] 
1503.923: [GC (Allocation Failure) [PSYoungGen: 69984K->1408K(70656K)] 402165K->333589K(738304K), 0.0023665 secs] [Times: user=0.00 sys=0.00, real=0.00 secs] 
1504.373: [GC (Allocation Failure) [PSYoungGen: 70016K->1552K(70656K)] 402197K->333733K(738304K), 0.0016853 secs] [Times: user=0.01 sys=0.00, real=0.01 secs] 
1504.785: [GC (Allocation Failure) [PSYoungGen: 70160K->1501K(70656K)] 402341K->333682K(738304K), 0.0016701 secs] [Times: user=0.00 sys=0.00, real=0.00 secs] 
1505.198: [GC (Allocation Failure) [PSYoungGen: 70109K->1584K(70656K)] 402290K->333765K(738304K), 0.0017780 secs] [Times: user=0.01 sys=0.00, real=0.00 secs] 
1505.872: [GC (Allocation Failure) [PSYoungGen: 70192K->1504K(70656K)] 402373K->333685K(738304K), 0.0027236 secs] [Times: user=0.02 sys=0.00, real=0.01 secs] 
1506.568: [GC (Allocation Failure) [PSYoungGen: 70112K->1408K(70656K)] 402293K->333589K(738304K), 0.0025797 secs] [Times: user=0.01 sys=0.00, real=0.00 secs] 
1507.539: [GC (Allocation Failure) [PSYoungGen: 70016K->1376K(70656K)] 402197K->333557K(738304K), 0.0034189 secs] [Times: user=0.01 sys=0.00, real=0.00 secs] 
1508.590: [GC (Allocation Failure) [PSYoungGen: 69984K->1376K(70656K)] 402165K->333557K(738304K), 0.0034256 secs] [Times: user=0.01 sys=0.00, real=0.01 secs] 
1509.409: [GC (Allocation Failure) [PSYoungGen: 69984K->1485K(70656K)] 402165K->333666K(738304K), 0.0019228 secs] [Times: user=0.01 sys=0.00, real=0.00 secs] 
1509.917: [GC (Allocation Failure) [PSYoungGen: 70093K->1549K(70656K)] 402274K->333730K(738304K), 0.0017219 secs] [Times: user=0.01 sys=0.00, real=0.00 secs] 
1510.329: [GC (Allocation Failure) [PSYoungGen: 70157K->1533K(70656K)] 402338K->333714K(738304K), 0.0018221 secs] [Times: user=0.01 sys=0.01, real=0.00 secs] 
1510.745: [GC (Allocation Failure) [PSYoungGen: 70141K->1581K(70656K)] 402322K->333762K(738304K), 0.0017246 secs] [Times: user=0.00 sys=0.00, real=0.00 secs] 
1511.299: [GC (Allocation Failure) [PSYoungGen: 70189K->1440K(70656K)] 402370K->333637K(738304K), 0.0054372 secs] [Times: user=0.02 sys=0.01, real=0.01 secs] 
1511.882: [GC (Allocation Failure) [PSYoungGen: 70048K->1376K(70656K)] 402245K->333573K(738304K), 0.0028440 secs] [Times: user=0.01 sys=0.00, real=0.01 secs] 
1512.338: [GC (Allocation Failure) [PSYoungGen: 69984K->1376K(70656K)] 402181K->333573K(738304K), 0.0025049 secs] [Times: user=0.01 sys=0.00, real=0.00 secs] 
1513.076: [GC (Allocation Failure) [PSYoungGen: 69984K->1408K(70656K)] 402181K->333605K(738304K), 0.0029165 secs] [Times: user=0.01 sys=0.00, real=0.00 secs] 
1513.812: [GC (Allocation Failure) [PSYoungGen: 70016K->1488K(70656K)] 402213K->333685K(738304K), 0.0017231 secs] [Times: user=0.01 sys=0.00, real=0.01 secs] 
1514.228: [GC (Allocation Failure) [PSYoungGen: 70096K->1584K(70656K)] 402293K->333781K(738304K), 0.0017550 secs] [Times: user=0.00 sys=0.00, real=0.00 secs] 
1514.646: [GC (Allocation Failure) [PSYoungGen: 70192K->1584K(70656K)] 402389K->333781K(738304K), 0.0017572 secs] [Times: user=0.01 sys=0.00, real=0.00 secs] 
1515.091: [GC (Allocation Failure) [PSYoungGen: 70192K->1568K(70656K)] 402389K->333773K(738304K), 0.0018426 secs] [Times: user=0.01 sys=0.00, real=0.01 secs] 
1515.378: [GC (Allocation Failure) [PSYoungGen: 70176K->1408K(70656K)] 402381K->333613K(738304K), 0.0017355 secs] [Times: user=0.00 sys=0.00, real=0.00 secs] 
1515.662: [GC (Allocation Failure) [PSYoungGen: 70016K->1344K(70656K)] 402221K->333549K(738304K), 0.0015705 secs] [Times: user=0.00 sys=0.00, real=0.01 secs] 
1515.948: [GC (Allocation Failure) [PSYoungGen: 69952K->1376K(70656K)] 402157K->333581K(738304K), 0.0025407 secs] [Times: user=0.01 sys=0.00, real=0.00 secs] 
1516.234: [GC (Allocation Failure) [PSYoungGen: 69984K->1344K(70656K)] 402189K->333549K(738304K), 0.0022661 secs] [Times: user=0.01 sys=0.00, real=0.00 secs] 
1516.681: [GC (Allocation Failure) [PSYoungGen: 69935K->1549K(70656K)] 402141K->333754K(738304K), 0.0016825 secs] [Times: user=0.01 sys=0.00, real=0.01 secs] 
1517.094: [GC (Allocation Failure) [PSYoungGen: 70157K->1501K(70656K)] 402362K->333706K(738304K), 0.0017249 secs] [Times: user=0.01 sys=0.00, real=0.00 secs] 
1517.506: [GC (Allocation Failure) [PSYoungGen: 70109K->1549K(70656K)] 402314K->333754K(738304K), 0.0016263 secs] [Times: user=0.01 sys=0.00, real=0.00 secs] 
1518.709: [GC (Allocation Failure) [PSYoungGen: 70157K->1504K(70656K)] 402362K->333709K(738304K), 0.0029199 secs] [Times: user=0.01 sys=0.00, real=0.00 secs] 
1519.362: [GC (Allocation Failure) [PSYoungGen: 70112K->1408K(70656K)] 402317K->333613K(738304K), 0.0025010 secs] [Times: user=0.01 sys=0.00, real=0.01 secs] 
1519.949: [GC (Allocation Failure) [PSYoungGen: 70016K->1376K(70656K)] 402221K->333581K(738304K), 0.0027242 secs] [Times: user=0.02 sys=0.00, real=0.00 secs] 
1520.675: [GC (Allocation Failure) [PSYoungGen: 69984K->1376K(70656K)] 402189K->333613K(738304K), 0.0030022 secs] [Times: user=0.01 sys=0.00, real=0.00 secs] 
1521.734: [GC (Allocation Failure) [PSYoungGen: 69984K->1453K(70656K)] 402221K->333690K(738304K), 0.0017383 secs] [Times: user=0.00 sys=0.00, real=0.00 secs] 
1522.204: [GC (Allocation Failure) [PSYoungGen: 70061K->1549K(70656K)] 402298K->333786K(738304K), 0.0018206 secs] [Times: user=0.01 sys=0.00, real=0.00 secs] 
1522.620: [GC (Allocation Failure) [PSYoungGen: 70157K->1581K(70656K)] 402394K->333818K(738304K), 0.0017623 secs] [Times: user=0.00 sys=0.00, real=0.00 secs] 
1523.094: [GC (Allocation Failure) [PSYoungGen: 70189K->1533K(70656K)] 402426K->333778K(738304K), 0.0017483 secs] [Times: user=0.00 sys=0.00, real=0.00 secs] 
1523.473: [GC (Allocation Failure) [PSYoungGen: 70141K->1440K(70656K)] 402386K->333685K(738304K), 0.0027000 secs] [Times: user=0.01 sys=0.00, real=0.01 secs] 
1523.758: [GC (Allocation Failure) [PSYoungGen: 70048K->1408K(70656K)] 402293K->333653K(738304K), 0.0021511 secs] [Times: user=0.01 sys=0.00, real=0.00 secs] 
1524.044: [GC (Allocation Failure) [PSYoungGen: 70016K->1376K(70656K)] 402261K->333621K(738304K), 0.0019412 secs] [Times: user=0.00 sys=0.00, real=0.00 secs] 
1524.329: [GC (Allocation Failure) [PSYoungGen: 69984K->1392K(70656K)] 402229K->333637K(738304K), 0.0019171 secs] [Times: user=0.01 sys=0.00, real=0.00 secs] 
1524.713: [GC (Allocation Failure) [PSYoungGen: 70000K->1469K(70656K)] 402245K->333714K(738304K), 0.0016548 secs] [Times: user=0.01 sys=0.00, real=0.01 secs] 
1525.126: [GC (Allocation Failure) [PSYoungGen: 70077K->1517K(70656K)] 402322K->333762K(738304K), 0.0017171 secs] [Times: user=0.01 sys=0.00, real=0.00 secs] 
1525.539: [GC (Allocation Failure) [PSYoungGen: 70125K->1581K(70656K)] 402370K->333826K(738304K), 0.0017376 secs] [Times: user=0.00 sys=0.00, real=0.00 secs] 
1526.043: [GC (Allocation Failure) [PSYoungGen: 70189K->2016K(70656K)] 402434K->334261K(738304K), 0.0020222 secs] [Times: user=0.01 sys=0.00, real=0.01 secs] 
1526.688: [GC (Allocation Failure) [PSYoungGen: 70624K->1376K(70656K)] 402869K->333621K(738304K), 0.0020790 secs] [Times: user=0.01 sys=0.00, real=0.00 secs] 
1527.307: [GC (Allocation Failure) [PSYoungGen: 69984K->1376K(70656K)] 402229K->333621K(738304K), 0.0023762 secs] [Times: user=0.01 sys=0.00, real=0.00 secs] 
1527.626: [GC (Allocation Failure) [PSYoungGen: 69984K->1376K(70656K)] 402229K->333621K(738304K), 0.0021592 secs] [Times: user=0.01 sys=0.00, real=0.00 secs] 
1527.979: [GC (Allocation Failure) [PSYoungGen: 69984K->1389K(70656K)] 402229K->333634K(738304K), 0.0022450 secs] [Times: user=0.01 sys=0.00, real=0.00 secs] 
1528.442: [GC (Allocation Failure) [PSYoungGen: 69997K->1581K(70656K)] 402242K->333826K(738304K), 0.0016852 secs] [Times: user=0.00 sys=0.00, real=0.01 secs] 
1528.857: [GC (Allocation Failure) [PSYoungGen: 70189K->1549K(70656K)] 402434K->333794K(738304K), 0.0016935 secs] [Times: user=0.01 sys=0.00, real=0.00 secs] 
1529.273: [GC (Allocation Failure) [PSYoungGen: 70157K->1520K(70656K)] 402402K->333789K(738304K), 0.0017701 secs] [Times: user=0.00 sys=0.00, real=0.00 secs] 
1530.024: [GC (Allocation Failure) [PSYoungGen: 70128K->1440K(70656K)] 402397K->333709K(738304K), 0.0029587 secs] [Times: user=0.01 sys=0.00, real=0.00 secs] 
1530.628: [GC (Allocation Failure) [PSYoungGen: 70048K->1344K(70656K)] 402317K->333613K(738304K), 0.0034723 secs] [Times: user=0.01 sys=0.00, real=0.00 secs] 
1531.215: [GC (Allocation Failure) [PSYoungGen: 69952K->1376K(70656K)] 402221K->333645K(738304K), 0.0026188 secs] [Times: user=0.01 sys=0.00, real=0.00 secs] 
1531.493: [GC (Allocation Failure) [PSYoungGen: 69984K->1376K(70656K)] 402253K->333645K(738304K), 0.0018958 secs] [Times: user=0.01 sys=0.00, real=0.00 secs] 
1531.872: [GC (Allocation Failure) [PSYoungGen: 69984K->1517K(70656K)] 402253K->333786K(738304K), 0.0015359 secs] [Times: user=0.00 sys=0.00, real=0.01 secs] 
1532.357: [GC (Allocation Failure) [PSYoungGen: 70125K->1517K(70656K)] 402394K->333786K(738304K), 0.0017949 secs] [Times: user=0.01 sys=0.00, real=0.00 secs] 
1532.771: [GC (Allocation Failure) [PSYoungGen: 70125K->1549K(70656K)] 402394K->333818K(738304K), 0.0016710 secs] [Times: user=0.01 sys=0.00, real=0.00 secs] 
1533.185: [GC (Allocation Failure) [PSYoungGen: 70157K->1565K(70656K)] 402426K->333850K(738304K), 0.0018147 secs] [Times: user=0.00 sys=0.00, real=0.00 secs] 
1533.912: [GC (Allocation Failure) [PSYoungGen: 70173K->1440K(70656K)] 402458K->333725K(738304K), 0.0027936 secs] [Times: user=0.01 sys=0.00, real=0.01 secs] 
1534.559: [GC (Allocation Failure) [PSYoungGen: 70048K->1344K(70656K)] 402333K->333629K(738304K), 0.0033062 secs] [Times: user=0.01 sys=0.00, real=0.00 secs] 
1535.412: [GC (Allocation Failure) [PSYoungGen: 69952K->1408K(70656K)] 402237K->333693K(738304K), 0.0038348 secs] [Times: user=0.01 sys=0.01, real=0.01 secs] 
1536.275: [GC (Allocation Failure) [PSYoungGen: 70016K->1376K(70656K)] 402301K->333661K(738304K), 0.0030304 secs] [Times: user=0.02 sys=0.00, real=0.00 secs] 
1536.930: [GC (Allocation Failure) [PSYoungGen: 69984K->1453K(70656K)] 402269K->333738K(738304K), 0.0017408 secs] [Times: user=0.01 sys=0.00, real=0.00 secs] 
1537.342: [GC (Allocation Failure) [PSYoungGen: 70038K->1549K(70656K)] 402324K->333834K(738304K), 0.0017375 secs] [Times: user=0.01 sys=0.00, real=0.01 secs] 
1537.754: [GC (Allocation Failure) [PSYoungGen: 70157K->1501K(70656K)] 402442K->333786K(738304K), 0.0017268 secs] [Times: user=0.00 sys=0.00, real=0.00 secs] 
1538.228: [GC (Allocation Failure) [PSYoungGen: 70109K->1472K(70656K)] 402394K->333757K(738304K), 0.0019865 secs] [Times: user=0.01 sys=0.00, real=0.00 secs] 
1538.734: [GC (Allocation Failure) [PSYoungGen: 70080K->1376K(70656K)] 402365K->333661K(738304K), 0.0017357 secs] [Times: user=0.01 sys=0.00, real=0.00 secs] 
1539.297: [GC (Allocation Failure) [PSYoungGen: 69984K->1376K(70656K)] 402269K->333661K(738304K), 0.0029185 secs] [Times: user=0.01 sys=0.00, real=0.00 secs] 
1539.846: [GC (Allocation Failure) [PSYoungGen: 69984K->1360K(70656K)] 402269K->333645K(738304K), 0.0023365 secs] [Times: user=0.01 sys=0.00, real=0.00 secs] 
1540.512: [GC (Allocation Failure) [PSYoungGen: 69968K->1453K(70656K)] 402253K->333738K(738304K), 0.0023393 secs] [Times: user=0.01 sys=0.00, real=0.01 secs] 
1540.964: [GC (Allocation Failure) [PSYoungGen: 70061K->1549K(70656K)] 402346K->333834K(738304K), 0.0017717 secs] [Times: user=0.00 sys=0.00, real=0.00 secs] 
1541.377: [GC (Allocation Failure) [PSYoungGen: 70157K->1501K(70656K)] 402442K->333786K(738304K), 0.0016586 secs] [Times: user=0.01 sys=0.00, real=0.00 secs] 
1541.857: [GC (Allocation Failure) [PSYoungGen: 70109K->1485K(70656K)] 402394K->333794K(738304K), 0.0017634 secs] [Times: user=0.00 sys=0.00, real=0.00 secs] 
1542.300: [GC (Allocation Failure) [PSYoungGen: 70093K->1488K(70656K)] 402402K->333805K(738304K), 0.0024243 secs] [Times: user=0.01 sys=0.00, real=0.00 secs] 
1542.783: [GC (Allocation Failure) [PSYoungGen: 70096K->1408K(70656K)] 402413K->333725K(738304K), 0.0022534 secs] [Times: user=0.01 sys=0.00, real=0.00 secs] 
1543.350: [GC (Allocation Failure) [PSYoungGen: 70016K->1408K(70656K)] 402333K->333725K(738304K), 0.0030453 secs] [Times: user=0.01 sys=0.00, real=0.00 secs] 
1543.867: [GC (Allocation Failure) [PSYoungGen: 70016K->1376K(70656K)] 402333K->333693K(738304K), 0.0030073 secs] [Times: user=0.01 sys=0.00, real=0.00 secs] 
1544.493: [GC (Allocation Failure) [PSYoungGen: 69984K->1549K(70656K)] 402301K->333866K(738304K), 0.0015781 secs] [Times: user=0.01 sys=0.00, real=0.01 secs] 
1544.967: [GC (Allocation Failure) [PSYoungGen: 70157K->1584K(70656K)] 402474K->333901K(738304K), 0.0017560 secs] [Times: user=0.01 sys=0.00, real=0.00 secs] 
1545.381: [GC (Allocation Failure) [PSYoungGen: 70192K->1533K(70656K)] 402509K->333850K(738304K), 0.0016406 secs] [Times: user=0.01 sys=0.00, real=0.01 secs] 
1545.795: [GC (Allocation Failure) [PSYoungGen: 70141K->1584K(70656K)] 402458K->333917K(738304K), 0.0017594 secs] [Times: user=0.01 sys=0.00, real=0.00 secs] 
1546.237: [GC (Allocation Failure) [PSYoungGen: 70192K->1440K(70656K)] 402525K->333773K(738304K), 0.0024555 secs] [Times: user=0.01 sys=0.00, real=0.00 secs] 
1546.652: [GC (Allocation Failure) [PSYoungGen: 70048K->1408K(70656K)] 402381K->333741K(738304K), 0.0022245 secs] [Times: user=0.00 sys=0.00, real=0.01 secs] 
1547.177: [GC (Allocation Failure) [PSYoungGen: 70016K->1344K(70656K)] 402349K->333677K(738304K), 0.0021301 secs] [Times: user=0.01 sys=0.00, real=0.00 secs] 
1547.778: [GC (Allocation Failure) [PSYoungGen: 69952K->1344K(70656K)] 402285K->333677K(738304K), 0.0021944 secs] [Times: user=0.01 sys=0.00, real=0.00 secs] 
1548.271: [GC (Allocation Failure) [PSYoungGen: 69925K->1533K(70656K)] 402258K->333866K(738304K), 0.0017349 secs] [Times: user=0.00 sys=0.00, real=0.00 secs] 
1548.683: [GC (Allocation Failure) [PSYoungGen: 70141K->1581K(70656K)] 402474K->333914K(738304K), 0.0015861 secs] [Times: user=0.00 sys=0.00, real=0.00 secs] 
1549.097: [GC (Allocation Failure) [PSYoungGen: 70189K->1581K(70656K)] 402522K->333914K(738304K), 0.0016963 secs] [Times: user=0.00 sys=0.00, real=0.00 secs] 
1549.650: [GC (Allocation Failure) [PSYoungGen: 70189K->1472K(70656K)] 402522K->333805K(738304K), 0.0018049 secs] [Times: user=0.01 sys=0.00, real=0.00 secs] 
1549.943: [GC (Allocation Failure) [PSYoungGen: 70080K->1376K(70656K)] 402413K->333709K(738304K), 0.0017090 secs] [Times: user=0.00 sys=0.00, real=0.00 secs] 
1550.274: [GC (Allocation Failure) [PSYoungGen: 69984K->1408K(70656K)] 402317K->333765K(738304K), 0.0020936 secs] [Times: user=0.01 sys=0.00, real=0.00 secs] 
1550.585: [GC (Allocation Failure) [PSYoungGen: 70016K->1360K(70656K)] 402373K->333717K(738304K), 0.0019239 secs] [Times: user=0.01 sys=0.00, real=0.00 secs] 
1551.033: [GC (Allocation Failure) [PSYoungGen: 69968K->1453K(70656K)] 402325K->333810K(738304K), 0.0015204 secs] [Times: user=0.00 sys=0.00, real=0.00 secs] 
1551.514: [GC (Allocation Failure) [PSYoungGen: 70061K->1549K(70656K)] 402418K->333906K(738304K), 0.0018020 secs] [Times: user=0.00 sys=0.01, real=0.00 secs] 
1551.926: [GC (Allocation Failure) [PSYoungGen: 70157K->1533K(70656K)] 402514K->333890K(738304K), 0.0017929 secs] [Times: user=0.01 sys=0.00, real=0.00 secs] 
1552.343: [GC (Allocation Failure) [PSYoungGen: 70141K->1549K(70656K)] 402498K->333906K(738304K), 0.0015568 secs] [Times: user=0.01 sys=0.00, real=0.00 secs] 
1553.045: [GC (Allocation Failure) [PSYoungGen: 70157K->1440K(70656K)] 402514K->333797K(738304K), 0.0033843 secs] [Times: user=0.01 sys=0.00, real=0.00 secs] 
1553.608: [GC (Allocation Failure) [PSYoungGen: 70048K->1376K(70656K)] 402405K->333733K(738304K), 0.0019987 secs] [Times: user=0.00 sys=0.00, real=0.00 secs] 
1553.917: [GC (Allocation Failure) [PSYoungGen: 69984K->1408K(70656K)] 402341K->333765K(738304K), 0.0021414 secs] [Times: user=0.01 sys=0.00, real=0.00 secs] 
1554.202: [GC (Allocation Failure) [PSYoungGen: 70016K->1440K(70656K)] 402373K->333797K(738304K), 0.0019223 secs] [Times: user=0.00 sys=0.00, real=0.01 secs] 
1554.571: [GC (Allocation Failure) [PSYoungGen: 70048K->1517K(70656K)] 402405K->333874K(738304K), 0.0016407 secs] [Times: user=0.01 sys=0.00, real=0.01 secs] 
1554.984: [GC (Allocation Failure) [PSYoungGen: 70125K->1584K(70656K)] 402482K->333941K(738304K), 0.0016972 secs] [Times: user=0.01 sys=0.00, real=0.00 secs] 
1555.398: [GC (Allocation Failure) [PSYoungGen: 70192K->1520K(70656K)] 402549K->333877K(738304K), 0.0016898 secs] [Times: user=0.01 sys=0.00, real=0.00 secs] 
1555.803: [GC (Allocation Failure) [PSYoungGen: 70128K->1440K(70656K)] 402485K->333797K(738304K), 0.0017423 secs] [Times: user=0.01 sys=0.00, real=0.00 secs] 
1556.389: [GC (Allocation Failure) [PSYoungGen: 70048K->1376K(70656K)] 402405K->333733K(738304K), 0.0017762 secs] [Times: user=0.01 sys=0.00, real=0.00 secs] 
1556.913: [GC (Allocation Failure) [PSYoungGen: 69984K->1408K(70656K)] 402341K->333765K(738304K), 0.0017290 secs] [Times: user=0.01 sys=0.01, real=0.01 secs] 
1557.198: [GC (Allocation Failure) [PSYoungGen: 70016K->1408K(70656K)] 402373K->333765K(738304K), 0.0016969 secs] [Times: user=0.01 sys=0.00, real=0.00 secs] 
1557.578: [GC (Allocation Failure) [PSYoungGen: 70016K->1376K(70656K)] 402373K->333733K(738304K), 0.0018616 secs] [Times: user=0.01 sys=0.00, real=0.00 secs] 
1558.008: [GC (Allocation Failure) [PSYoungGen: 69984K->1549K(70656K)] 402341K->333906K(738304K), 0.0016911 secs] [Times: user=0.01 sys=0.00, real=0.00 secs] 
1558.420: [GC (Allocation Failure) [PSYoungGen: 70157K->1581K(70656K)] 402514K->333938K(738304K), 0.0016808 secs] [Times: user=0.00 sys=0.00, real=0.00 secs] 
1558.833: [GC (Allocation Failure) [PSYoungGen: 70189K->1549K(70656K)] 402546K->333906K(738304K), 0.0017580 secs] [Times: user=0.01 sys=0.00, real=0.00 secs] 
1559.790: [GC (Allocation Failure) [PSYoungGen: 70157K->1472K(70656K)] 402514K->333853K(738304K), 0.0027221 secs] [Times: user=0.01 sys=0.00, real=0.00 secs] 
1560.231: [GC (Allocation Failure) [PSYoungGen: 70080K->1376K(70656K)] 402461K->333757K(738304K), 0.0019165 secs] [Times: user=0.01 sys=0.00, real=0.00 secs] 
1560.568: [GC (Allocation Failure) [PSYoungGen: 69984K->1392K(70656K)] 402365K->333773K(738304K), 0.0021278 secs] [Times: user=0.01 sys=0.00, real=0.00 secs] 
1560.957: [GC (Allocation Failure) [PSYoungGen: 70000K->1344K(70656K)] 402381K->333725K(738304K), 0.0019880 secs] [Times: user=0.00 sys=0.00, real=0.00 secs] 
1561.348: [GC (Allocation Failure) [PSYoungGen: 69931K->1453K(70656K)] 402313K->333834K(738304K), 0.0016441 secs] [Times: user=0.01 sys=0.00, real=0.00 secs] 
1561.759: [GC (Allocation Failure) [PSYoungGen: 70061K->1501K(70656K)] 402442K->333882K(738304K), 0.0017273 secs] [Times: user=0.00 sys=0.00, real=0.00 secs] 
1562.171: [GC (Allocation Failure) [PSYoungGen: 70109K->1565K(70656K)] 402490K->333946K(738304K), 0.0016270 secs] [Times: user=0.00 sys=0.00, real=0.00 secs] 
1562.588: [GC (Allocation Failure) [PSYoungGen: 70173K->1581K(70656K)] 402554K->333970K(738304K), 0.0016576 secs] [Times: user=0.01 sys=0.00, real=0.00 secs] 
1562.929: [GC (Allocation Failure) [PSYoungGen: 70189K->1376K(70656K)] 402578K->333765K(738304K), 0.0016582 secs] [Times: user=0.01 sys=0.00, real=0.00 secs] 
1563.233: [GC (Allocation Failure) [PSYoungGen: 69984K->1344K(70656K)] 402373K->333733K(738304K), 0.0027323 secs] [Times: user=0.01 sys=0.00, real=0.00 secs] 
1563.520: [GC (Allocation Failure) [PSYoungGen: 69952K->1376K(70656K)] 402341K->333765K(738304K), 0.0022108 secs] [Times: user=0.00 sys=0.00, real=0.00 secs] 
1563.811: [GC (Allocation Failure) [PSYoungGen: 69984K->1376K(70656K)] 402373K->333765K(738304K), 0.0028169 secs] [Times: user=0.02 sys=0.00, real=0.01 secs] 
1564.377: [GC (Allocation Failure) [PSYoungGen: 69984K->1520K(70656K)] 402373K->333909K(738304K), 0.0016533 secs] [Times: user=0.01 sys=0.00, real=0.00 secs] 
1564.790: [GC (Allocation Failure) [PSYoungGen: 70125K->1552K(70656K)] 402515K->333941K(738304K), 0.0017284 secs] [Times: user=0.01 sys=0.00, real=0.00 secs] 
1565.203: [GC (Allocation Failure) [PSYoungGen: 70160K->1584K(70656K)] 402549K->333973K(738304K), 0.0016599 secs] [Times: user=0.00 sys=0.00, real=0.01 secs] 
1565.601: [GC (Allocation Failure) [PSYoungGen: 70192K->2016K(70656K)] 402581K->334917K(738304K), 0.0017884 secs] [Times: user=0.01 sys=0.00, real=0.00 secs] 
1565.886: [GC (Allocation Failure) [PSYoungGen: 70624K->1376K(70656K)] 403525K->334277K(738304K), 0.0015817 secs] [Times: user=0.01 sys=0.00, real=0.00 secs] 
1566.183: [GC (Allocation Failure) [PSYoungGen: 69984K->1376K(70656K)] 402885K->334277K(738304K), 0.0016796 secs] [Times: user=0.01 sys=0.00, real=0.01 secs] 
1566.695: [GC (Allocation Failure) [PSYoungGen: 69984K->1344K(70656K)] 402885K->334245K(738304K), 0.0040507 secs] [Times: user=0.02 sys=0.00, real=0.00 secs] 
1567.236: [GC (Allocation Failure) [PSYoungGen: 69943K->1421K(70656K)] 402845K->334322K(738304K), 0.0022235 secs] [Times: user=0.00 sys=0.00, real=0.00 secs] 
1567.704: [GC (Allocation Failure) [PSYoungGen: 70029K->1581K(70656K)] 402930K->334482K(738304K), 0.0016941 secs] [Times: user=0.01 sys=0.00, real=0.00 secs] 
1568.177: [GC (Allocation Failure) [PSYoungGen: 70189K->1485K(70656K)] 403090K->334394K(738304K), 0.0018149 secs] [Times: user=0.01 sys=0.00, real=0.00 secs] 
1568.590: [GC (Allocation Failure) [PSYoungGen: 70093K->1581K(70656K)] 403002K->334490K(738304K), 0.0017345 secs] [Times: user=0.01 sys=0.00, real=0.00 secs] 
1569.032: [GC (Allocation Failure) [PSYoungGen: 70189K->1440K(70656K)] 403098K->334349K(738304K), 0.0023389 secs] [Times: user=0.00 sys=0.00, real=0.01 secs] 
1569.318: [GC (Allocation Failure) [PSYoungGen: 70048K->1344K(70656K)] 402957K->334261K(738304K), 0.0020021 secs] [Times: user=0.01 sys=0.00, real=0.00 secs] 
1569.603: [GC (Allocation Failure) [PSYoungGen: 69952K->1408K(70656K)] 402869K->334325K(738304K), 0.0020261 secs] [Times: user=0.01 sys=0.00, real=0.00 secs] 
1569.888: [GC (Allocation Failure) [PSYoungGen: 70016K->1408K(70656K)] 402933K->334325K(738304K), 0.0019684 secs] [Times: user=0.01 sys=0.00, real=0.00 secs] 
1570.255: [GC (Allocation Failure) [PSYoungGen: 70016K->1485K(70656K)] 402933K->334410K(738304K), 0.0015793 secs] [Times: user=0.01 sys=0.00, real=0.00 secs] 
1570.668: [GC (Allocation Failure) [PSYoungGen: 70093K->1581K(70656K)] 403018K->334506K(738304K), 0.0017008 secs] [Times: user=0.01 sys=0.00, real=0.00 secs] 
1571.083: [GC (Allocation Failure) [PSYoungGen: 70189K->1549K(70656K)] 403114K->334474K(738304K), 0.0016553 secs] [Times: user=0.00 sys=0.00, real=0.01 secs] 
1571.495: [GC (Allocation Failure) [PSYoungGen: 70157K->1549K(70656K)] 403082K->334490K(738304K), 0.0016874 secs] [Times: user=0.01 sys=0.00, real=0.00 secs] 
1573.250: [GC (Allocation Failure) [PSYoungGen: 70157K->1424K(70656K)] 403098K->334365K(738304K), 0.0040697 secs] [Times: user=0.01 sys=0.00, real=0.01 secs] 
1573.744: [GC (Allocation Failure) [PSYoungGen: 70032K->1408K(70656K)] 402973K->334349K(738304K), 0.0026125 secs] [Times: user=0.01 sys=0.00, real=0.00 secs] 
1574.050: [GC (Allocation Failure) [PSYoungGen: 70016K->1376K(70656K)] 402957K->334317K(738304K), 0.0020169 secs] [Times: user=0.01 sys=0.00, real=0.00 secs] 
1574.348: [GC (Allocation Failure) [PSYoungGen: 69984K->1376K(70656K)] 402925K->334317K(738304K), 0.0019366 secs] [Times: user=0.00 sys=0.00, real=0.00 secs] 
1574.760: [GC (Allocation Failure) [PSYoungGen: 69984K->1552K(70656K)] 402925K->334493K(738304K), 0.0016791 secs] [Times: user=0.01 sys=0.00, real=0.00 secs] 
1575.176: [GC (Allocation Failure) [PSYoungGen: 70160K->1584K(70656K)] 403101K->334525K(738304K), 0.0017080 secs] [Times: user=0.01 sys=0.00, real=0.00 secs] 
1575.589: [GC (Allocation Failure) [PSYoungGen: 70192K->1584K(70656K)] 403133K->334525K(738304K), 0.0017814 secs] [Times: user=0.00 sys=0.00, real=0.00 secs] 
1576.228: [GC (Allocation Failure) [PSYoungGen: 70192K->1504K(70656K)] 403133K->334445K(738304K), 0.0018895 secs] [Times: user=0.01 sys=0.00, real=0.00 secs] 
1577.750: [GC (Allocation Failure) [PSYoungGen: 70112K->1376K(70656K)] 403053K->334317K(738304K), 0.0034477 secs] [Times: user=0.01 sys=0.00, real=0.01 secs] 
1578.084: [GC (Allocation Failure) [PSYoungGen: 69984K->1408K(70656K)] 402925K->334357K(738304K), 0.0019483 secs] [Times: user=0.01 sys=0.00, real=0.00 secs] 
1578.369: [GC (Allocation Failure) [PSYoungGen: 70016K->1344K(70656K)] 402965K->334293K(738304K), 0.0017818 secs] [Times: user=0.01 sys=0.00, real=0.00 secs] 
1578.698: [GC (Allocation Failure) [PSYoungGen: 69952K->1456K(70656K)] 402901K->334405K(738304K), 0.0015264 secs] [Times: user=0.00 sys=0.00, real=0.00 secs] 
1579.110: [GC (Allocation Failure) [PSYoungGen: 70064K->1549K(70656K)] 403013K->334498K(738304K), 0.0016796 secs] [Times: user=0.01 sys=0.00, real=0.00 secs] 
1579.582: [GC (Allocation Failure) [PSYoungGen: 70157K->1501K(70656K)] 403106K->334450K(738304K), 0.0018654 secs] [Times: user=0.00 sys=0.00, real=0.01 secs] 
1579.996: [GC (Allocation Failure) [PSYoungGen: 70109K->1533K(70656K)] 403058K->334482K(738304K), 0.0018375 secs] [Times: user=0.01 sys=0.00, real=0.00 secs] 
1580.594: [GC (Allocation Failure) [PSYoungGen: 70141K->1472K(70656K)] 403090K->334445K(738304K), 0.0032255 secs] [Times: user=0.01 sys=0.00, real=0.00 secs] 
1581.154: [GC (Allocation Failure) [PSYoungGen: 70080K->1408K(70656K)] 403053K->334381K(738304K), 0.0027650 secs] [Times: user=0.01 sys=0.00, real=0.00 secs] 
1581.485: [GC (Allocation Failure) [PSYoungGen: 70016K->1376K(70656K)] 402989K->334349K(738304K), 0.0019924 secs] [Times: user=0.00 sys=0.00, real=0.00 secs] 
1581.770: [GC (Allocation Failure) [PSYoungGen: 69984K->1376K(70656K)] 402957K->334349K(738304K), 0.0018224 secs] [Times: user=0.01 sys=0.00, real=0.00 secs] 
1582.408: [GC (Allocation Failure) [PSYoungGen: 69984K->1517K(70656K)] 402957K->334490K(738304K), 0.0015599 secs] [Times: user=0.00 sys=0.00, real=0.00 secs] 
1582.821: [GC (Allocation Failure) [PSYoungGen: 70125K->1517K(70656K)] 403098K->334490K(738304K), 0.0018608 secs] [Times: user=0.01 sys=0.00, real=0.00 secs] 
1583.246: [GC (Allocation Failure) [PSYoungGen: 70125K->1552K(70656K)] 403098K->334525K(738304K), 0.0016191 secs] [Times: user=0.00 sys=0.00, real=0.00 secs] 
1583.659: [GC (Allocation Failure) [PSYoungGen: 70160K->1549K(70656K)] 403133K->334530K(738304K), 0.0017110 secs] [Times: user=0.01 sys=0.00, real=0.00 secs] 
1584.429: [GC (Allocation Failure) [PSYoungGen: 70157K->1408K(70656K)] 403138K->334389K(738304K), 0.0020895 secs] [Times: user=0.01 sys=0.00, real=0.00 secs] 
1585.251: [GC (Allocation Failure) [PSYoungGen: 70016K->1376K(70656K)] 402997K->334357K(738304K), 0.0033145 secs] [Times: user=0.01 sys=0.00, real=0.01 secs] 
1586.299: [GC (Allocation Failure) [PSYoungGen: 69984K->1408K(70656K)] 402965K->334389K(738304K), 0.0029210 secs] [Times: user=0.02 sys=0.00, real=0.00 secs] 
1587.168: [GC (Allocation Failure) [PSYoungGen: 70016K->1376K(70656K)] 402997K->334357K(738304K), 0.0026487 secs] [Times: user=0.01 sys=0.00, real=0.00 secs] 
1587.828: [GC (Allocation Failure) [PSYoungGen: 69984K->1533K(70656K)] 402965K->334514K(738304K), 0.0017160 secs] [Times: user=0.00 sys=0.00, real=0.00 secs] 
1588.240: [GC (Allocation Failure) [PSYoungGen: 70141K->1533K(70656K)] 403122K->334514K(738304K), 0.0017778 secs] [Times: user=0.00 sys=0.00, real=0.00 secs] 
1588.654: [GC (Allocation Failure) [PSYoungGen: 70141K->1549K(70656K)] 403122K->334530K(738304K), 0.0017487 secs] [Times: user=0.01 sys=0.00, real=0.00 secs] 
1589.111: [GC (Allocation Failure) [PSYoungGen: 70157K->1504K(70656K)] 403138K->334485K(738304K), 0.0019180 secs] [Times: user=0.01 sys=0.01, real=0.01 secs] 
1589.463: [GC (Allocation Failure) [PSYoungGen: 70112K->1376K(70656K)] 403093K->334357K(738304K), 0.0018478 secs] [Times: user=0.01 sys=0.00, real=0.00 secs] 
1589.778: [GC (Allocation Failure) [PSYoungGen: 69984K->1392K(70656K)] 402965K->334373K(738304K), 0.0019297 secs] [Times: user=0.00 sys=0.00, real=0.00 secs] 
1590.221: [GC (Allocation Failure) [PSYoungGen: 70000K->1408K(70656K)] 402981K->334389K(738304K), 0.0019808 secs] [Times: user=0.01 sys=0.00, real=0.01 secs] 
1590.897: [GC (Allocation Failure) [PSYoungGen: 70016K->1485K(70656K)] 402997K->334466K(738304K), 0.0021294 secs] [Times: user=0.01 sys=0.00, real=0.00 secs] 
1591.327: [GC (Allocation Failure) [PSYoungGen: 70093K->1581K(70656K)] 403074K->334562K(738304K), 0.0016957 secs] [Times: user=0.01 sys=0.00, real=0.00 secs] 
1591.739: [GC (Allocation Failure) [PSYoungGen: 70189K->1533K(70656K)] 403170K->334530K(738304K), 0.0016726 secs] [Times: user=0.01 sys=0.00, real=0.00 secs] 
1592.153: [GC (Allocation Failure) [PSYoungGen: 70141K->1549K(70656K)] 403138K->334546K(738304K), 0.0016923 secs] [Times: user=0.01 sys=0.00, real=0.01 secs] 
1592.511: [GC (Allocation Failure) [PSYoungGen: 70157K->1408K(70656K)] 403154K->334405K(738304K), 0.0017777 secs] [Times: user=0.00 sys=0.00, real=0.00 secs] 
1592.797: [GC (Allocation Failure) [PSYoungGen: 70016K->1376K(70656K)] 403013K->334373K(738304K), 0.0017411 secs] [Times: user=0.01 sys=0.00, real=0.00 secs] 
1593.255: [GC (Allocation Failure) [PSYoungGen: 69984K->1376K(70656K)] 402981K->334373K(738304K), 0.0019173 secs] [Times: user=0.01 sys=0.00, real=0.00 secs] 
1593.825: [GC (Allocation Failure) [PSYoungGen: 69984K->1376K(70656K)] 402981K->334373K(738304K), 0.0017372 secs] [Times: user=0.01 sys=0.00, real=0.00 secs] 
1594.357: [GC (Allocation Failure) [PSYoungGen: 69984K->1517K(70656K)] 402981K->334514K(738304K), 0.0016721 secs] [Times: user=0.01 sys=0.00, real=0.00 secs] 
1594.832: [GC (Allocation Failure) [PSYoungGen: 70114K->1533K(70656K)] 403111K->334530K(738304K), 0.0017720 secs] [Times: user=0.01 sys=0.00, real=0.01 secs] 
1595.308: [GC (Allocation Failure) [PSYoungGen: 70141K->1584K(70656K)] 403138K->334581K(738304K), 0.0018036 secs] [Times: user=0.01 sys=0.00, real=0.00 secs] 
1595.721: [GC (Allocation Failure) [PSYoungGen: 70192K->416K(70656K)] 403189K->333421K(738304K), 0.0015102 secs] [Times: user=0.01 sys=0.00, real=0.00 secs] 
1596.117: [GC (Allocation Failure) [PSYoungGen: 69024K->1344K(70656K)] 402029K->334349K(738304K), 0.0022018 secs] [Times: user=0.01 sys=0.00, real=0.00 secs] 
1596.398: [GC (Allocation Failure) [PSYoungGen: 69952K->1408K(70656K)] 402957K->334413K(738304K), 0.0018440 secs] [Times: user=0.01 sys=0.00, real=0.00 secs] 
1596.818: [GC (Allocation Failure) [PSYoungGen: 70016K->1376K(70656K)] 403021K->334381K(738304K), 0.0019929 secs] [Times: user=0.01 sys=0.00, real=0.00 secs] 
1597.391: [GC (Allocation Failure) [PSYoungGen: 69984K->1408K(70656K)] 402989K->334413K(738304K), 0.0022120 secs] [Times: user=0.00 sys=0.00, real=0.01 secs] 
1597.889: [GC (Allocation Failure) [PSYoungGen: 70016K->1549K(70656K)] 403021K->334554K(738304K), 0.0016637 secs] [Times: user=0.01 sys=0.00, real=0.00 secs] 
1598.300: [GC (Allocation Failure) [PSYoungGen: 70157K->1581K(70656K)] 403162K->334586K(738304K), 0.0016707 secs] [Times: user=0.01 sys=0.00, real=0.00 secs] 
1598.774: [GC (Allocation Failure) [PSYoungGen: 70189K->1501K(70656K)] 403194K->334506K(738304K), 0.0017671 secs] [Times: user=0.01 sys=0.00, real=0.00 secs] 
1599.253: [GC (Allocation Failure) [PSYoungGen: 70109K->1504K(70656K)] 403114K->334509K(738304K), 0.0025683 secs] [Times: user=0.01 sys=0.00, real=0.01 secs] 
1599.812: [GC (Allocation Failure) [PSYoungGen: 70112K->1376K(70656K)] 403117K->334381K(738304K), 0.0021881 secs] [Times: user=0.00 sys=0.00, real=0.01 secs] 
1600.119: [GC (Allocation Failure) [PSYoungGen: 69984K->1408K(70656K)] 402989K->334429K(738304K), 0.0018824 secs] [Times: user=0.01 sys=0.00, real=0.00 secs] 
1600.404: [GC (Allocation Failure) [PSYoungGen: 70016K->1376K(70656K)] 403037K->334397K(738304K), 0.0019649 secs] [Times: user=0.01 sys=0.00, real=0.00 secs] 
1600.840: [GC (Allocation Failure) [PSYoungGen: 69984K->1453K(70656K)] 403005K->334474K(738304K), 0.0020961 secs] [Times: user=0.01 sys=0.00, real=0.00 secs] 
1601.279: [GC (Allocation Failure) [PSYoungGen: 70061K->1581K(70656K)] 403082K->334602K(738304K), 0.0017125 secs] [Times: user=0.01 sys=0.00, real=0.00 secs] 
1601.693: [GC (Allocation Failure) [PSYoungGen: 70189K->1485K(70656K)] 403210K->334506K(738304K), 0.0018537 secs] [Times: user=0.00 sys=0.00, real=0.00 secs] 
1602.107: [GC (Allocation Failure) [PSYoungGen: 70093K->1485K(70656K)] 403114K->334506K(738304K), 0.0016931 secs] [Times: user=0.01 sys=0.00, real=0.00 secs] 
1602.739: [GC (Allocation Failure) [PSYoungGen: 70093K->1440K(70656K)] 403114K->334461K(738304K), 0.0030028 secs] [Times: user=0.01 sys=0.00, real=0.00 secs] 
1603.288: [GC (Allocation Failure) [PSYoungGen: 70048K->1376K(70656K)] 403069K->334397K(738304K), 0.0026138 secs] [Times: user=0.01 sys=0.00, real=0.00 secs] 
1603.814: [GC (Allocation Failure) [PSYoungGen: 69984K->1408K(70656K)] 403005K->334429K(738304K), 0.0029389 secs] [Times: user=0.02 sys=0.00, real=0.00 secs] 
1604.406: [GC (Allocation Failure) [PSYoungGen: 70016K->1376K(70656K)] 403037K->334397K(738304K), 0.0030048 secs] [Times: user=0.02 sys=0.00, real=0.00 secs] 
1605.053: [GC (Allocation Failure) [PSYoungGen: 69965K->1517K(70656K)] 402986K->334538K(738304K), 0.0016483 secs] [Times: user=0.00 sys=0.00, real=0.01 secs] 
1605.526: [GC (Allocation Failure) [PSYoungGen: 70125K->1552K(70656K)] 403146K->334573K(738304K), 0.0018063 secs] [Times: user=0.01 sys=0.00, real=0.00 secs] 
1605.939: [GC (Allocation Failure) [PSYoungGen: 70160K->1584K(70656K)] 403181K->334605K(738304K), 0.0017024 secs] [Times: user=0.00 sys=0.00, real=0.00 secs] 
1606.452: [GC (Allocation Failure) [PSYoungGen: 70192K->1776K(70656K)] 403213K->334805K(738304K), 0.0018354 secs] [Times: user=0.01 sys=0.00, real=0.01 secs] 
1606.895: [GC (Allocation Failure) [PSYoungGen: 70384K->1376K(70656K)] 403413K->334405K(738304K), 0.0022313 secs] [Times: user=0.01 sys=0.00, real=0.00 secs] 
1607.187: [GC (Allocation Failure) [PSYoungGen: 69984K->1360K(70656K)] 403013K->334389K(738304K), 0.0018842 secs] [Times: user=0.01 sys=0.00, real=0.00 secs] 
1607.480: [GC (Allocation Failure) [PSYoungGen: 69968K->1376K(70656K)] 402997K->334405K(738304K), 0.0019610 secs] [Times: user=0.01 sys=0.00, real=0.00 secs] 
1607.868: [GC (Allocation Failure) [PSYoungGen: 69860K->256K(70656K)] 402889K->333285K(738304K), 0.0032098 secs] [Times: user=0.01 sys=0.01, real=0.00 secs] 
1608.396: [GC (Allocation Failure) [PSYoungGen: 68864K->1533K(70656K)] 401893K->334562K(738304K), 0.0017697 secs] [Times: user=0.00 sys=0.00, real=0.00 secs] 
1608.809: [GC (Allocation Failure) [PSYoungGen: 70141K->1549K(70656K)] 403170K->334578K(738304K), 0.0017839 secs] [Times: user=0.01 sys=0.00, real=0.00 secs] 
1609.280: [GC (Allocation Failure) [PSYoungGen: 70157K->1581K(70656K)] 403186K->334610K(738304K), 0.0017901 secs] [Times: user=0.01 sys=0.00, real=0.00 secs] 
1609.713: [GC (Allocation Failure) [PSYoungGen: 70189K->1456K(70656K)] 403218K->334493K(738304K), 0.0025031 secs] [Times: user=0.01 sys=0.00, real=0.01 secs] 
1610.064: [GC (Allocation Failure) [PSYoungGen: 70064K->1376K(70656K)] 403101K->334421K(738304K), 0.0019896 secs] [Times: user=0.01 sys=0.00, real=0.00 secs] 
1610.406: [GC (Allocation Failure) [PSYoungGen: 69984K->1408K(70656K)] 403029K->334453K(738304K), 0.0019696 secs] [Times: user=0.00 sys=0.00, real=0.00 secs] 
1610.844: [GC (Allocation Failure) [PSYoungGen: 70016K->1408K(70656K)] 403061K->334453K(738304K), 0.0038738 secs] [Times: user=0.02 sys=0.00, real=0.00 secs] 
1611.491: [GC (Allocation Failure) [PSYoungGen: 70016K->1405K(70656K)] 403061K->334450K(738304K), 0.0016561 secs] [Times: user=0.00 sys=0.00, real=0.00 secs] 
1611.903: [GC (Allocation Failure) [PSYoungGen: 70013K->1485K(70656K)] 403058K->334530K(738304K), 0.0018212 secs] [Times: user=0.01 sys=0.00, real=0.01 secs] 
1612.379: [GC (Allocation Failure) [PSYoungGen: 70093K->1581K(70656K)] 403138K->334626K(738304K), 0.0017926 secs] [Times: user=0.00 sys=0.00, real=0.00 secs] 
1612.793: [GC (Allocation Failure) [PSYoungGen: 70189K->1565K(70656K)] 403234K->334618K(738304K), 0.0017302 secs] [Times: user=0.01 sys=0.00, real=0.00 secs] 
1613.191: [GC (Allocation Failure) [PSYoungGen: 70173K->1408K(70656K)] 403226K->334461K(738304K), 0.0020881 secs] [Times: user=0.00 sys=0.00, real=0.01 secs] 
1613.583: [GC (Allocation Failure) [PSYoungGen: 70016K->1376K(70656K)] 403069K->334429K(738304K), 0.0020427 secs] [Times: user=0.01 sys=0.00, real=0.00 secs] 
1614.027: [GC (Allocation Failure) [PSYoungGen: 69984K->1360K(70656K)] 403037K->334413K(738304K), 0.0018473 secs] [Times: user=0.00 sys=0.00, real=0.00 secs] 
1614.609: [GC (Allocation Failure) [PSYoungGen: 69968K->1376K(70656K)] 403021K->334429K(738304K), 0.0019658 secs] [Times: user=0.01 sys=0.00, real=0.00 secs] 
1615.247: [GC (Allocation Failure) [PSYoungGen: 69984K->1469K(70656K)] 403037K->334530K(738304K), 0.0018128 secs] [Times: user=0.01 sys=0.00, real=0.00 secs] 
1615.659: [GC (Allocation Failure) [PSYoungGen: 70069K->1552K(70656K)] 403130K->334613K(738304K), 0.0017840 secs] [Times: user=0.01 sys=0.00, real=0.00 secs] 
1616.073: [GC (Allocation Failure) [PSYoungGen: 70160K->1533K(70656K)] 403221K->334594K(738304K), 0.0017978 secs] [Times: user=0.01 sys=0.00, real=0.01 secs] 
1616.494: [GC (Allocation Failure) [PSYoungGen: 70141K->1536K(70656K)] 403202K->334597K(738304K), 0.0021040 secs] [Times: user=0.01 sys=0.00, real=0.00 secs] 
1616.811: [GC (Allocation Failure) [PSYoungGen: 70144K->1408K(70656K)] 403205K->334469K(738304K), 0.0021001 secs] [Times: user=0.01 sys=0.00, real=0.00 secs] 
1617.452: [GC (Allocation Failure) [PSYoungGen: 70016K->1408K(70656K)] 403077K->334469K(738304K), 0.0022251 secs] [Times: user=0.01 sys=0.00, real=0.01 secs] 
1618.051: [GC (Allocation Failure) [PSYoungGen: 70016K->1408K(70656K)] 403077K->334469K(738304K), 0.0023328 secs] [Times: user=0.01 sys=0.00, real=0.01 secs] 
1618.644: [GC (Allocation Failure) [PSYoungGen: 70016K->1421K(70656K)] 403077K->334482K(738304K), 0.0020555 secs] [Times: user=0.01 sys=0.00, real=0.00 secs] 
1619.164: [GC (Allocation Failure) [PSYoungGen: 70029K->1581K(70656K)] 403090K->334642K(738304K), 0.0017800 secs] [Times: user=0.01 sys=0.00, real=0.00 secs] 
1619.575: [GC (Allocation Failure) [PSYoungGen: 70189K->1549K(70656K)] 403250K->334610K(738304K), 0.0017909 secs] [Times: user=0.00 sys=0.00, real=0.00 secs] 
1619.990: [GC (Allocation Failure) [PSYoungGen: 70157K->1581K(70656K)] 403218K->334642K(738304K), 0.0017935 secs] [Times: user=0.01 sys=0.00, real=0.00 secs] 
1620.566: [GC (Allocation Failure) [PSYoungGen: 70189K->1472K(70656K)] 403250K->334549K(738304K), 0.0040875 secs] [Times: user=0.01 sys=0.00, real=0.00 secs] 
1621.252: [GC (Allocation Failure) [PSYoungGen: 70080K->1408K(70656K)] 403157K->334485K(738304K), 0.0032987 secs] [Times: user=0.01 sys=0.00, real=0.01 secs] 
1621.939: [GC (Allocation Failure) [PSYoungGen: 70016K->1408K(70656K)] 403093K->334485K(738304K), 0.0028001 secs] [Times: user=0.01 sys=0.01, real=0.00 secs] 
1622.627: [GC (Allocation Failure) [PSYoungGen: 70016K->1344K(70656K)] 403093K->334421K(738304K), 0.0033144 secs] [Times: user=0.01 sys=0.00, real=0.00 secs] 
1623.270: [GC (Allocation Failure) [PSYoungGen: 69952K->1453K(70656K)] 403029K->334554K(738304K), 0.0016491 secs] [Times: user=0.01 sys=0.00, real=0.00 secs] 
1623.682: [GC (Allocation Failure) [PSYoungGen: 70061K->1581K(70656K)] 403162K->334682K(738304K), 0.0017034 secs] [Times: user=0.00 sys=0.00, real=0.01 secs] 
1624.099: [GC (Allocation Failure) [PSYoungGen: 70189K->1549K(70656K)] 403290K->334650K(738304K), 0.0025585 secs] [Times: user=0.01 sys=0.00, real=0.00 secs] 
1624.517: [GC (Allocation Failure) [PSYoungGen: 70157K->1552K(70656K)] 403258K->334661K(738304K), 0.0017059 secs] [Times: user=0.00 sys=0.00, real=0.00 secs] 
1625.137: [GC (Allocation Failure) [PSYoungGen: 70160K->1408K(70656K)] 403269K->334517K(738304K), 0.0019358 secs] [Times: user=0.01 sys=0.00, real=0.00 secs] 
1625.849: [GC (Allocation Failure) [PSYoungGen: 70016K->1344K(70656K)] 403125K->334453K(738304K), 0.0020314 secs] [Times: user=0.00 sys=0.00, real=0.00 secs] 
1626.921: [GC (Allocation Failure) [PSYoungGen: 69952K->1376K(70656K)] 403061K->334485K(738304K), 0.0029345 secs] [Times: user=0.01 sys=0.00, real=0.01 secs] 
1627.882: [GC (Allocation Failure) [PSYoungGen: 69984K->1408K(70656K)] 403093K->334525K(738304K), 0.0032610 secs] [Times: user=0.01 sys=0.00, real=0.01 secs] 
1628.478: [GC (Allocation Failure) [PSYoungGen: 70016K->1517K(70656K)] 403133K->334634K(738304K), 0.0016634 secs] [Times: user=0.00 sys=0.00, real=0.00 secs] 
1628.890: [GC (Allocation Failure) [PSYoungGen: 70105K->1549K(70656K)] 403223K->334666K(738304K), 0.0017082 secs] [Times: user=0.01 sys=0.00, real=0.00 secs] 
1629.304: [GC (Allocation Failure) [PSYoungGen: 70157K->1517K(70656K)] 403274K->334634K(738304K), 0.0016456 secs] [Times: user=0.01 sys=0.00, real=0.00 secs] 
1630.009: [GC (Allocation Failure) [PSYoungGen: 70125K->1536K(70656K)] 403242K->334661K(738304K), 0.0028689 secs] [Times: user=0.01 sys=0.00, real=0.00 secs] 
1631.134: [GC (Allocation Failure) [PSYoungGen: 70144K->1376K(70656K)] 403269K->334501K(738304K), 0.0038377 secs] [Times: user=0.02 sys=0.00, real=0.00 secs] 
1632.012: [GC (Allocation Failure) [PSYoungGen: 69984K->1360K(70656K)] 403109K->334485K(738304K), 0.0040516 secs] [Times: user=0.01 sys=0.00, real=0.01 secs] 
1632.672: [GC (Allocation Failure) [PSYoungGen: 69968K->1376K(70656K)] 403093K->334501K(738304K), 0.0030975 secs] [Times: user=0.01 sys=0.00, real=0.01 secs] 
1633.143: [GC (Allocation Failure) [PSYoungGen: 69984K->1421K(70656K)] 403109K->334554K(738304K), 0.0015317 secs] [Times: user=0.01 sys=0.00, real=0.00 secs] 
1633.556: [GC (Allocation Failure) [PSYoungGen: 70029K->1520K(70656K)] 403162K->334653K(738304K), 0.0017220 secs] [Times: user=0.00 sys=0.00, real=0.00 secs] 
1634.036: [GC (Allocation Failure) [PSYoungGen: 70128K->1584K(70656K)] 403261K->334717K(738304K), 0.0017018 secs] [Times: user=0.00 sys=0.00, real=0.00 secs] 
1634.457: [GC (Allocation Failure) [PSYoungGen: 70192K->1584K(70656K)] 403325K->334717K(738304K), 0.0016441 secs] [Times: user=0.01 sys=0.00, real=0.00 secs] 
1635.054: [GC (Allocation Failure) [PSYoungGen: 70192K->1488K(70656K)] 403325K->334629K(738304K), 0.0031207 secs] [Times: user=0.01 sys=0.00, real=0.00 secs] 
1635.497: [GC (Allocation Failure) [PSYoungGen: 70096K->1344K(70656K)] 403237K->334485K(738304K), 0.0023361 secs] [Times: user=0.00 sys=0.00, real=0.00 secs] 
1635.941: [GC (Allocation Failure) [PSYoungGen: 69952K->1408K(70656K)] 403093K->334549K(738304K), 0.0019622 secs] [Times: user=0.01 sys=0.00, real=0.00 secs] 
1636.422: [GC (Allocation Failure) [PSYoungGen: 70016K->1376K(70656K)] 403157K->334517K(738304K), 0.0019689 secs] [Times: user=0.01 sys=0.00, real=0.01 secs] 
1636.904: [GC (Allocation Failure) [PSYoungGen: 69984K->1501K(70656K)] 403125K->334642K(738304K), 0.0016683 secs] [Times: user=0.01 sys=0.00, real=0.00 secs] 
1637.316: [GC (Allocation Failure) [PSYoungGen: 70109K->1533K(70656K)] 403250K->334674K(738304K), 0.0017054 secs] [Times: user=0.00 sys=0.00, real=0.00 secs] 
1637.731: [GC (Allocation Failure) [PSYoungGen: 70141K->1533K(70656K)] 403282K->334674K(738304K), 0.0016753 secs] [Times: user=0.01 sys=0.00, real=0.00 secs] 
1638.144: [GC (Allocation Failure) [PSYoungGen: 70141K->1581K(70656K)] 403282K->334730K(738304K), 0.0016468 secs] [Times: user=0.01 sys=0.00, real=0.00 secs] 
1638.878: [GC (Allocation Failure) [PSYoungGen: 70189K->1408K(70656K)] 403338K->334557K(738304K), 0.0017188 secs] [Times: user=0.01 sys=0.00, real=0.00 secs] 
1639.342: [GC (Allocation Failure) [PSYoungGen: 70016K->1376K(70656K)] 403165K->334525K(738304K), 0.0022619 secs] [Times: user=0.01 sys=0.00, real=0.01 secs] 
1639.712: [GC (Allocation Failure) [PSYoungGen: 69984K->1376K(70656K)] 403133K->334525K(738304K), 0.0021003 secs] [Times: user=0.01 sys=0.00, real=0.01 secs] 
1640.281: [GC (Allocation Failure) [PSYoungGen: 69984K->1408K(70656K)] 403133K->334573K(738304K), 0.0021233 secs] [Times: user=0.01 sys=0.00, real=0.01 secs] 
1640.756: [GC (Allocation Failure) [PSYoungGen: 70016K->1549K(70656K)] 403181K->334714K(738304K), 0.0016797 secs] [Times: user=0.01 sys=0.00, real=0.00 secs] 
1641.168: [GC (Allocation Failure) [PSYoungGen: 70157K->1549K(70656K)] 403322K->334714K(738304K), 0.0016568 secs] [Times: user=0.01 sys=0.00, real=0.00 secs] 
1641.580: [GC (Allocation Failure) [PSYoungGen: 70157K->1533K(70656K)] 403322K->334698K(738304K), 0.0016750 secs] [Times: user=0.01 sys=0.00, real=0.00 secs] 
1642.110: [GC (Allocation Failure) [PSYoungGen: 70141K->1472K(70656K)] 403306K->334653K(738304K), 0.0020667 secs] [Times: user=0.01 sys=0.00, real=0.00 secs] 
1642.396: [GC (Allocation Failure) [PSYoungGen: 70080K->1376K(70656K)] 403261K->334557K(738304K), 0.0018207 secs] [Times: user=0.01 sys=0.00, real=0.00 secs] 
1642.681: [GC (Allocation Failure) [PSYoungGen: 69984K->1328K(70656K)] 403165K->334509K(738304K), 0.0017997 secs] [Times: user=0.00 sys=0.00, real=0.01 secs] 
1643.060: [GC (Allocation Failure) [PSYoungGen: 69936K->1376K(70656K)] 403117K->334557K(738304K), 0.0019420 secs] [Times: user=0.00 sys=0.00, real=0.00 secs] 
1643.600: [GC (Allocation Failure) [PSYoungGen: 69984K->1485K(70656K)] 403165K->334666K(738304K), 0.0016327 secs] [Times: user=0.01 sys=0.00, real=0.00 secs] 
1644.012: [GC (Allocation Failure) [PSYoungGen: 70093K->1520K(70656K)] 403274K->334701K(738304K), 0.0017247 secs] [Times: user=0.01 sys=0.00, real=0.01 secs] 
1644.425: [GC (Allocation Failure) [PSYoungGen: 70128K->1549K(70656K)] 403309K->334730K(738304K), 0.0017478 secs] [Times: user=0.00 sys=0.00, real=0.00 secs] 
1644.846: [GC (Allocation Failure) [PSYoungGen: 70157K->1581K(70656K)] 403338K->334762K(738304K), 0.0016911 secs] [Times: user=0.01 sys=0.00, real=0.00 secs] 
1645.644: [GC (Allocation Failure) [PSYoungGen: 70189K->1440K(70656K)] 403370K->334621K(738304K), 0.0021713 secs] [Times: user=0.00 sys=0.00, real=0.00 secs] 
1646.229: [GC (Allocation Failure) [PSYoungGen: 70048K->1408K(70656K)] 403229K->334589K(738304K), 0.0021048 secs] [Times: user=0.01 sys=0.00, real=0.00 secs] 
1646.757: [GC (Allocation Failure) [PSYoungGen: 70016K->1408K(70656K)] 403197K->334589K(738304K), 0.0022715 secs] [Times: user=0.01 sys=0.00, real=0.00 secs] 
1647.333: [GC (Allocation Failure) [PSYoungGen: 70016K->1408K(70656K)] 403197K->334589K(738304K), 0.0022519 secs] [Times: user=0.01 sys=0.00, real=0.00 secs] 
1647.918: [GC (Allocation Failure) [PSYoungGen: 70016K->1440K(70656K)] 403197K->334621K(738304K), 0.0017132 secs] [Times: user=0.01 sys=0.00, real=0.00 secs] 
1648.331: [GC (Allocation Failure) [PSYoungGen: 70048K->1581K(70656K)] 403229K->334762K(738304K), 0.0016902 secs] [Times: user=0.01 sys=0.00, real=0.00 secs] 
1648.742: [GC (Allocation Failure) [PSYoungGen: 70189K->1549K(70656K)] 403370K->334730K(738304K), 0.0017022 secs] [Times: user=0.01 sys=0.00, real=0.01 secs] 
1649.216: [GC (Allocation Failure) [PSYoungGen: 70157K->1504K(70656K)] 403338K->334701K(738304K), 0.0018665 secs] [Times: user=0.01 sys=0.00, real=0.00 secs] 
1649.518: [GC (Allocation Failure) [PSYoungGen: 70112K->1376K(70656K)] 403309K->334573K(738304K), 0.0018085 secs] [Times: user=0.01 sys=0.01, real=0.00 secs] 
1649.803: [GC (Allocation Failure) [PSYoungGen: 69984K->1392K(70656K)] 403181K->334589K(738304K), 0.0018761 secs] [Times: user=0.01 sys=0.00, real=0.00 secs] 
1650.088: [GC (Allocation Failure) [PSYoungGen: 70000K->1376K(70656K)] 403197K->334605K(738304K), 0.0020477 secs] [Times: user=0.01 sys=0.00, real=0.00 secs] 
1650.374: [GC (Allocation Failure) [PSYoungGen: 69984K->1328K(70656K)] 403213K->334557K(738304K), 0.0020239 secs] [Times: user=0.01 sys=0.00, real=0.00 secs] 
1650.818: [GC (Allocation Failure) [PSYoungGen: 69936K->1549K(70656K)] 403165K->334778K(738304K), 0.0016708 secs] [Times: user=0.01 sys=0.00, real=0.00 secs] 
1651.232: [GC (Allocation Failure) [PSYoungGen: 70157K->1549K(70656K)] 403386K->334778K(738304K), 0.0016530 secs] [Times: user=0.01 sys=0.00, real=0.01 secs] 
1651.644: [GC (Allocation Failure) [PSYoungGen: 70157K->1533K(70656K)] 403386K->334762K(738304K), 0.0017192 secs] [Times: user=0.01 sys=0.00, real=0.00 secs] 
1652.035: [GC (Allocation Failure) [PSYoungGen: 70141K->1424K(70656K)] 403370K->334661K(738304K), 0.0018048 secs] [Times: user=0.01 sys=0.00, real=0.00 secs] 
1652.348: [GC (Allocation Failure) [PSYoungGen: 70032K->1408K(70656K)] 403269K->334645K(738304K), 0.0017127 secs] [Times: user=0.01 sys=0.00, real=0.00 secs] 
1652.633: [GC (Allocation Failure) [PSYoungGen: 70016K->1376K(70656K)] 403253K->334613K(738304K), 0.0017222 secs] [Times: user=0.01 sys=0.00, real=0.00 secs] 
1652.918: [GC (Allocation Failure) [PSYoungGen: 69984K->1376K(70656K)] 403221K->334613K(738304K), 0.0017353 secs] [Times: user=0.01 sys=0.00, real=0.00 secs] 
1653.293: [GC (Allocation Failure) [PSYoungGen: 69984K->1437K(70656K)] 403221K->334674K(738304K), 0.0016667 secs] [Times: user=0.00 sys=0.00, real=0.00 secs] 
1653.706: [GC (Allocation Failure) [PSYoungGen: 70045K->1584K(70656K)] 403282K->334821K(738304K), 0.0017046 secs] [Times: user=0.01 sys=0.00, real=0.00 secs] 
1654.124: [GC (Allocation Failure) [PSYoungGen: 70192K->1584K(70656K)] 403429K->334821K(738304K), 0.0017037 secs] [Times: user=0.01 sys=0.00, real=0.00 secs] 
1654.536: [GC (Allocation Failure) [PSYoungGen: 70192K->1584K(70656K)] 403429K->334829K(738304K), 0.0016829 secs] [Times: user=0.00 sys=0.00, real=0.00 secs] 
1655.158: [GC (Allocation Failure) [PSYoungGen: 70192K->1440K(70656K)] 403437K->334685K(738304K), 0.0025012 secs] [Times: user=0.01 sys=0.00, real=0.00 secs] 
1655.519: [GC (Allocation Failure) [PSYoungGen: 70048K->1376K(70656K)] 403293K->334621K(738304K), 0.0021392 secs] [Times: user=0.01 sys=0.00, real=0.00 secs] 
1655.837: [GC (Allocation Failure) [PSYoungGen: 69984K->1376K(70656K)] 403229K->334621K(738304K), 0.0019248 secs] [Times: user=0.01 sys=0.00, real=0.00 secs] 
1656.195: [GC (Allocation Failure) [PSYoungGen: 69984K->1376K(70656K)] 403229K->334621K(738304K), 0.0018979 secs] [Times: user=0.01 sys=0.00, real=0.00 secs] 
1656.619: [GC (Allocation Failure) [PSYoungGen: 69984K->1517K(70656K)] 403229K->334762K(738304K), 0.0016908 secs] [Times: user=0.00 sys=0.00, real=0.00 secs] 
1657.031: [GC (Allocation Failure) [PSYoungGen: 70125K->1549K(70656K)] 403370K->334794K(738304K), 0.0017145 secs] [Times: user=0.01 sys=0.00, real=0.01 secs] 
1657.445: [GC (Allocation Failure) [PSYoungGen: 70157K->1581K(70656K)] 403402K->334826K(738304K), 0.0016943 secs] [Times: user=0.01 sys=0.00, real=0.00 secs] 
1657.959: [GC (Allocation Failure) [PSYoungGen: 70189K->2016K(70144K)] 403434K->335797K(737792K), 0.0021252 secs] [Times: user=0.00 sys=0.00, real=0.00 secs] 
1658.718: [GC (Allocation Failure) [PSYoungGen: 70112K->1376K(70656K)] 403893K->335157K(738304K), 0.0022455 secs] [Times: user=0.01 sys=0.00, real=0.00 secs] 
1659.379: [GC (Allocation Failure) [PSYoungGen: 69472K->1408K(69632K)] 403253K->335189K(737280K), 0.0025978 secs] [Times: user=0.01 sys=0.00, real=0.00 secs] 
1659.736: [GC (Allocation Failure) [PSYoungGen: 69504K->1376K(70144K)] 403285K->335157K(737792K), 0.0019954 secs] [Times: user=0.00 sys=0.00, real=0.00 secs] 
1660.080: [GC (Allocation Failure) [PSYoungGen: 69368K->272K(69632K)] 403150K->334069K(737280K), 0.0020129 secs] [Times: user=0.01 sys=0.00, real=0.00 secs] 
1660.498: [GC (Allocation Failure) [PSYoungGen: 67856K->1501K(70144K)] 401653K->335298K(737792K), 0.0016484 secs] [Times: user=0.01 sys=0.00, real=0.00 secs] 
1660.901: [GC (Allocation Failure) [PSYoungGen: 69085K->1549K(70144K)] 402882K->335346K(737792K), 0.0016785 secs] [Times: user=0.00 sys=0.00, real=0.00 secs] 
1661.306: [GC (Allocation Failure) [PSYoungGen: 69133K->1533K(70144K)] 402930K->335330K(737792K), 0.0016741 secs] [Times: user=0.01 sys=0.00, real=0.00 secs] 
1662.030: [GC (Allocation Failure) [PSYoungGen: 69117K->1472K(69120K)] 402914K->335269K(736768K), 0.0024172 secs] [Times: user=0.01 sys=0.00, real=0.00 secs] 
1663.153: [GC (Allocation Failure) [PSYoungGen: 69056K->1408K(69632K)] 402853K->335205K(737280K), 0.0039384 secs] [Times: user=0.01 sys=0.00, real=0.00 secs] 
1664.288: [GC (Allocation Failure) [PSYoungGen: 68992K->1360K(69632K)] 402789K->335157K(737280K), 0.0039089 secs] [Times: user=0.02 sys=0.00, real=0.00 secs] 
1665.143: [GC (Allocation Failure) [PSYoungGen: 68944K->1376K(69632K)] 402741K->335173K(737280K), 0.0041265 secs] [Times: user=0.01 sys=0.00, real=0.00 secs] 
1665.539: [GC (Allocation Failure) [PSYoungGen: 68960K->1453K(69632K)] 402757K->335250K(737280K), 0.0016490 secs] [Times: user=0.00 sys=0.00, real=0.00 secs] 
1665.944: [GC (Allocation Failure) [PSYoungGen: 69037K->1552K(69632K)] 402834K->335349K(737280K), 0.0017133 secs] [Times: user=0.01 sys=0.00, real=0.00 secs] 
1666.349: [GC (Allocation Failure) [PSYoungGen: 69136K->1549K(69632K)] 402933K->335346K(737280K), 0.0016915 secs] [Times: user=0.01 sys=0.00, real=0.00 secs] 
1666.756: [GC (Allocation Failure) [PSYoungGen: 69133K->1552K(69632K)] 402930K->335357K(737280K), 0.0017297 secs] [Times: user=0.01 sys=0.00, real=0.00 secs] 
1667.299: [GC (Allocation Failure) [PSYoungGen: 69136K->1424K(69632K)] 402941K->335229K(737280K), 0.0019912 secs] [Times: user=0.01 sys=0.00, real=0.00 secs] 
1667.858: [GC (Allocation Failure) [PSYoungGen: 69008K->1408K(69632K)] 402813K->335213K(737280K), 0.0019433 secs] [Times: user=0.00 sys=0.00, real=0.00 secs] 
1668.399: [GC (Allocation Failure) [PSYoungGen: 68992K->1408K(69632K)] 402797K->335213K(737280K), 0.0022360 secs] [Times: user=0.01 sys=0.00, real=0.00 secs] 
1668.927: [GC (Allocation Failure) [PSYoungGen: 68992K->1376K(69632K)] 402797K->335181K(737280K), 0.0021367 secs] [Times: user=0.01 sys=0.00, real=0.00 secs] 
1669.534: [GC (Allocation Failure) [PSYoungGen: 68948K->1485K(69632K)] 402754K->335290K(737280K), 0.0016561 secs] [Times: user=0.01 sys=0.01, real=0.00 secs] 
1669.938: [GC (Allocation Failure) [PSYoungGen: 69069K->1581K(69632K)] 402874K->335386K(737280K), 0.0017023 secs] [Times: user=0.00 sys=0.00, real=0.00 secs] 
1670.344: [GC (Allocation Failure) [PSYoungGen: 69165K->1552K(69632K)] 402970K->335357K(737280K), 0.0016960 secs] [Times: user=0.01 sys=0.00, real=0.00 secs] 
1670.749: [GC (Allocation Failure) [PSYoungGen: 69136K->1581K(69632K)] 402941K->335394K(737280K), 0.0017126 secs] [Times: user=0.00 sys=0.00, real=0.00 secs] 
1671.450: [GC (Allocation Failure) [PSYoungGen: 69165K->1440K(69632K)] 402978K->335269K(737280K), 0.0021471 secs] [Times: user=0.01 sys=0.00, real=0.00 secs] 
1672.011: [GC (Allocation Failure) [PSYoungGen: 69024K->1376K(69632K)] 402853K->335205K(737280K), 0.0022245 secs] [Times: user=0.01 sys=0.00, real=0.01 secs] 
1672.598: [GC (Allocation Failure) [PSYoungGen: 68960K->1376K(69632K)] 402789K->335205K(737280K), 0.0023671 secs] [Times: user=0.00 sys=0.00, real=0.00 secs] 
1673.143: [GC (Allocation Failure) [PSYoungGen: 68960K->1408K(69632K)] 402789K->335237K(737280K), 0.0018856 secs] [Times: user=0.01 sys=0.00, real=0.01 secs] 
1673.983: [GC (Allocation Failure) [PSYoungGen: 68992K->1469K(69632K)] 402821K->335298K(737280K), 0.0017501 secs] [Times: user=0.01 sys=0.00, real=0.00 secs] 
1674.386: [GC (Allocation Failure) [PSYoungGen: 69053K->1485K(69632K)] 402882K->335314K(737280K), 0.0018916 secs] [Times: user=0.01 sys=0.00, real=0.00 secs] 
1674.790: [GC (Allocation Failure) [PSYoungGen: 69069K->1581K(69632K)] 402898K->335410K(737280K), 0.0017713 secs] [Times: user=0.01 sys=0.00, real=0.00 secs] 
1675.222: [GC (Allocation Failure) [PSYoungGen: 69165K->1680K(69632K)] 402994K->335509K(737280K), 0.0016279 secs] [Times: user=0.01 sys=0.00, real=0.01 secs] 
1675.918: [GC (Allocation Failure) [PSYoungGen: 69264K->1376K(69632K)] 403093K->335205K(737280K), 0.0025725 secs] [Times: user=0.02 sys=0.00, real=0.00 secs] 
1676.681: [GC (Allocation Failure) [PSYoungGen: 68960K->1344K(69632K)] 402789K->335173K(737280K), 0.0027704 secs] [Times: user=0.01 sys=0.00, real=0.01 secs] 
1677.226: [GC (Allocation Failure) [PSYoungGen: 68928K->1376K(69632K)] 402757K->335205K(737280K), 0.0021724 secs] [Times: user=0.01 sys=0.00, real=0.00 secs] 
1677.747: [GC (Allocation Failure) [PSYoungGen: 68960K->1376K(69632K)] 402789K->335205K(737280K), 0.0019701 secs] [Times: user=0.01 sys=0.00, real=0.00 secs] 
1678.177: [GC (Allocation Failure) [PSYoungGen: 68960K->1533K(69632K)] 402789K->335362K(737280K), 0.0016584 secs] [Times: user=0.00 sys=0.00, real=0.00 secs] 
1678.581: [GC (Allocation Failure) [PSYoungGen: 69098K->1549K(69632K)] 402928K->335378K(737280K), 0.0016614 secs] [Times: user=0.01 sys=0.00, real=0.00 secs] 
1678.987: [GC (Allocation Failure) [PSYoungGen: 69133K->1581K(69632K)] 402962K->335410K(737280K), 0.0016056 secs] [Times: user=0.00 sys=0.00, real=0.00 secs] 
1679.442: [GC (Allocation Failure) [PSYoungGen: 69165K->1504K(69632K)] 402994K->335349K(737280K), 0.0018440 secs] [Times: user=0.01 sys=0.00, real=0.01 secs] 
1679.822: [GC (Allocation Failure) [PSYoungGen: 69088K->1376K(69632K)] 402933K->335221K(737280K), 0.0016968 secs] [Times: user=0.01 sys=0.00, real=0.01 secs] 
1680.158: [GC (Allocation Failure) [PSYoungGen: 68960K->1376K(69632K)] 402805K->335221K(737280K), 0.0018826 secs] [Times: user=0.01 sys=0.00, real=0.00 secs] 
1680.439: [GC (Allocation Failure) [PSYoungGen: 68960K->1408K(69632K)] 402805K->335277K(737280K), 0.0017582 secs] [Times: user=0.01 sys=0.00, real=0.00 secs] 
1680.844: [GC (Allocation Failure) [PSYoungGen: 68992K->1485K(69632K)] 402861K->335354K(737280K), 0.0015912 secs] [Times: user=0.01 sys=0.00, real=0.00 secs] 
1681.250: [GC (Allocation Failure) [PSYoungGen: 69069K->1581K(69632K)] 402938K->335450K(737280K), 0.0016820 secs] [Times: user=0.01 sys=0.00, real=0.00 secs] 
1681.653: [GC (Allocation Failure) [PSYoungGen: 69165K->1549K(69632K)] 403034K->335418K(737280K), 0.0017146 secs] [Times: user=0.00 sys=0.00, real=0.00 secs] 
1682.058: [GC (Allocation Failure) [PSYoungGen: 69133K->1549K(69632K)] 403002K->335426K(737280K), 0.0017292 secs] [Times: user=0.01 sys=0.00, real=0.00 secs] 
1682.421: [GC (Allocation Failure) [PSYoungGen: 69133K->1440K(69632K)] 403010K->335317K(737280K), 0.0017946 secs] [Times: user=0.00 sys=0.00, real=0.00 secs] 
1682.701: [GC (Allocation Failure) [PSYoungGen: 69024K->1376K(69632K)] 402901K->335253K(737280K), 0.0016327 secs] [Times: user=0.01 sys=0.00, real=0.00 secs] 
1682.980: [GC (Allocation Failure) [PSYoungGen: 68960K->1376K(69632K)] 402837K->335253K(737280K), 0.0016660 secs] [Times: user=0.01 sys=0.00, real=0.00 secs] 
1683.260: [GC (Allocation Failure) [PSYoungGen: 68960K->1344K(69632K)] 402837K->335221K(737280K), 0.0015486 secs] [Times: user=0.00 sys=0.00, real=0.00 secs] 
1683.634: [GC (Allocation Failure) [PSYoungGen: 68928K->1485K(69632K)] 402805K->335362K(737280K), 0.0016013 secs] [Times: user=0.01 sys=0.00, real=0.00 secs] 
1684.039: [GC (Allocation Failure) [PSYoungGen: 69069K->1552K(69632K)] 402946K->335429K(737280K), 0.0018219 secs] [Times: user=0.01 sys=0.00, real=0.00 secs] 
1684.503: [GC (Allocation Failure) [PSYoungGen: 69136K->1533K(69632K)] 403013K->335410K(737280K), 0.0017385 secs] [Times: user=0.00 sys=0.00, real=0.00 secs] 
1684.907: [GC (Allocation Failure) [PSYoungGen: 69117K->1584K(69632K)] 402994K->335477K(737280K), 0.0017662 secs] [Times: user=0.01 sys=0.00, real=0.00 secs] 
1685.560: [GC (Allocation Failure) [PSYoungGen: 69168K->1408K(69632K)] 403061K->335301K(737280K), 0.0046844 secs] [Times: user=0.02 sys=0.00, real=0.01 secs] 
1686.088: [GC (Allocation Failure) [PSYoungGen: 68992K->1376K(69632K)] 402885K->335269K(737280K), 0.0022513 secs] [Times: user=0.01 sys=0.00, real=0.00 secs] 
1686.605: [GC (Allocation Failure) [PSYoungGen: 68960K->1408K(69632K)] 402853K->335301K(737280K), 0.0023652 secs] [Times: user=0.01 sys=0.00, real=0.00 secs] 
1687.108: [GC (Allocation Failure) [PSYoungGen: 68992K->1376K(69632K)] 402885K->335269K(737280K), 0.0020233 secs] [Times: user=0.00 sys=0.00, real=0.00 secs] 
1687.718: [GC (Allocation Failure) [PSYoungGen: 68960K->1469K(69632K)] 402853K->335362K(737280K), 0.0017620 secs] [Times: user=0.00 sys=0.00, real=0.00 secs] 
1688.187: [GC (Allocation Failure) [PSYoungGen: 69053K->1565K(69632K)] 402946K->335458K(737280K), 0.0017667 secs] [Times: user=0.01 sys=0.00, real=0.00 secs] 
1688.590: [GC (Allocation Failure) [PSYoungGen: 69149K->1549K(69632K)] 403042K->335450K(737280K), 0.0017803 secs] [Times: user=0.00 sys=0.00, real=0.00 secs] 
1688.994: [GC (Allocation Failure) [PSYoungGen: 69133K->1501K(69632K)] 403034K->335410K(737280K), 0.0018192 secs] [Times: user=0.01 sys=0.00, real=0.00 secs] 
1689.678: [GC (Allocation Failure) [PSYoungGen: 69085K->1408K(69632K)] 402994K->335325K(737280K), 0.0032141 secs] [Times: user=0.01 sys=0.00, real=0.00 secs] 
1690.211: [GC (Allocation Failure) [PSYoungGen: 68992K->1344K(69632K)] 402909K->335285K(737280K), 0.0028597 secs] [Times: user=0.01 sys=0.00, real=0.01 secs] 
1690.489: [GC (Allocation Failure) [PSYoungGen: 68928K->1408K(69632K)] 402869K->335349K(737280K), 0.0020114 secs] [Times: user=0.00 sys=0.00, real=0.00 secs] 
1690.770: [GC (Allocation Failure) [PSYoungGen: 68992K->1360K(69632K)] 402933K->335301K(737280K), 0.0019042 secs] [Times: user=0.01 sys=0.00, real=0.00 secs] 
1691.171: [GC (Allocation Failure) [PSYoungGen: 68916K->1581K(69632K)] 402858K->335530K(737280K), 0.0015333 secs] [Times: user=0.00 sys=0.00, real=0.00 secs] 
1691.575: [GC (Allocation Failure) [PSYoungGen: 69165K->1581K(69632K)] 403114K->335530K(737280K), 0.0016586 secs] [Times: user=0.01 sys=0.00, real=0.00 secs] 
1691.979: [GC (Allocation Failure) [PSYoungGen: 69165K->1581K(69632K)] 403114K->335530K(737280K), 0.0015601 secs] [Times: user=0.00 sys=0.00, real=0.00 secs] 
1692.398: [GC (Allocation Failure) [PSYoungGen: 69165K->1504K(69632K)] 403114K->335453K(737280K), 0.0018463 secs] [Times: user=0.01 sys=0.00, real=0.00 secs] 
1692.699: [GC (Allocation Failure) [PSYoungGen: 69088K->1376K(69632K)] 403037K->335325K(737280K), 0.0015571 secs] [Times: user=0.01 sys=0.00, real=0.00 secs] 
1692.986: [GC (Allocation Failure) [PSYoungGen: 68960K->1376K(69632K)] 402909K->335325K(737280K), 0.0017276 secs] [Times: user=0.01 sys=0.00, real=0.00 secs] 
1693.290: [GC (Allocation Failure) [PSYoungGen: 68960K->1408K(69632K)] 402909K->335357K(737280K), 0.0016915 secs] [Times: user=0.00 sys=0.00, real=0.00 secs] 
1693.647: [GC (Allocation Failure) [PSYoungGen: 68980K->1440K(69632K)] 402930K->335389K(737280K), 0.0015088 secs] [Times: user=0.01 sys=0.00, real=0.00 secs] 
1694.112: [GC (Allocation Failure) [PSYoungGen: 69024K->1517K(69632K)] 402973K->335466K(737280K), 0.0017758 secs] [Times: user=0.00 sys=0.00, real=0.01 secs] 
1694.515: [GC (Allocation Failure) [PSYoungGen: 69101K->1517K(69632K)] 403050K->335466K(737280K), 0.0016297 secs] [Times: user=0.01 sys=0.00, real=0.00 secs] 
1694.980: [GC (Allocation Failure) [PSYoungGen: 69101K->1549K(69632K)] 403050K->335498K(737280K), 0.0017941 secs] [Times: user=0.00 sys=0.00, real=0.00 secs] 
1695.474: [GC (Allocation Failure) [PSYoungGen: 69133K->1440K(69632K)] 403082K->335397K(737280K), 0.0031638 secs] [Times: user=0.02 sys=0.00, real=0.00 secs] 
1696.015: [GC (Allocation Failure) [PSYoungGen: 69024K->1376K(69632K)] 402981K->335333K(737280K), 0.0024792 secs] [Times: user=0.01 sys=0.00, real=0.00 secs] 
1696.700: [GC (Allocation Failure) [PSYoungGen: 68960K->1408K(69632K)] 402917K->335365K(737280K), 0.0021449 secs] [Times: user=0.00 sys=0.00, real=0.00 secs] 
1697.203: [GC (Allocation Failure) [PSYoungGen: 68992K->1408K(69632K)] 402949K->335365K(737280K), 0.0021436 secs] [Times: user=0.01 sys=0.00, real=0.01 secs] 
1697.616: [GC (Allocation Failure) [PSYoungGen: 68992K->1469K(69632K)] 402949K->335426K(737280K), 0.0015762 secs] [Times: user=0.01 sys=0.00, real=0.00 secs] 
1698.022: [GC (Allocation Failure) [PSYoungGen: 69053K->1549K(69632K)] 403010K->335506K(737280K), 0.0017106 secs] [Times: user=0.00 sys=0.00, real=0.01 secs] 
1698.426: [GC (Allocation Failure) [PSYoungGen: 69133K->1485K(69632K)] 403090K->335442K(737280K), 0.0017029 secs] [Times: user=0.01 sys=0.00, real=0.00 secs] 
1698.830: [GC (Allocation Failure) [PSYoungGen: 69069K->1549K(69632K)] 403026K->335514K(737280K), 0.0016365 secs] [Times: user=0.01 sys=0.00, real=0.00 secs] 
1699.471: [GC (Allocation Failure) [PSYoungGen: 69133K->1392K(69632K)] 403098K->335357K(737280K), 0.0019172 secs] [Times: user=0.01 sys=0.00, real=0.00 secs] 
1700.160: [GC (Allocation Failure) [PSYoungGen: 68976K->1424K(69632K)] 402941K->335405K(737280K), 0.0031454 secs] [Times: user=0.02 sys=0.00, real=0.00 secs] 
1700.714: [GC (Allocation Failure) [PSYoungGen: 69008K->1344K(69632K)] 402989K->335325K(737280K), 0.0023784 secs] [Times: user=0.01 sys=0.00, real=0.00 secs] 
1701.223: [GC (Allocation Failure) [PSYoungGen: 68928K->1376K(69632K)] 402909K->335357K(737280K), 0.0021554 secs] [Times: user=0.01 sys=0.00, real=0.00 secs] 
1701.776: [GC (Allocation Failure) [PSYoungGen: 68960K->1501K(69632K)] 402941K->335482K(737280K), 0.0016007 secs] [Times: user=0.01 sys=0.00, real=0.00 secs] 
1702.181: [GC (Allocation Failure) [PSYoungGen: 69085K->1549K(69632K)] 403066K->335530K(737280K), 0.0016939 secs] [Times: user=0.01 sys=0.00, real=0.00 secs] 
1702.587: [GC (Allocation Failure) [PSYoungGen: 69133K->1517K(69632K)] 403114K->335498K(737280K), 0.0018264 secs] [Times: user=0.01 sys=0.00, real=0.00 secs] 
1702.992: [GC (Allocation Failure) [PSYoungGen: 69101K->1584K(69632K)] 403082K->335573K(737280K), 0.0016837 secs] [Times: user=0.01 sys=0.00, real=0.01 secs] 
1703.722: [GC (Allocation Failure) [PSYoungGen: 69168K->1408K(69632K)] 403157K->335397K(737280K), 0.0026501 secs] [Times: user=0.01 sys=0.00, real=0.01 secs] 
1704.207: [GC (Allocation Failure) [PSYoungGen: 68992K->1376K(69632K)] 402981K->335365K(737280K), 0.0024606 secs] [Times: user=0.01 sys=0.00, real=0.00 secs] 
1704.832: [GC (Allocation Failure) [PSYoungGen: 68960K->1408K(69632K)] 402949K->335397K(737280K), 0.0023483 secs] [Times: user=0.01 sys=0.00, real=0.01 secs] 
1705.455: [GC (Allocation Failure) [PSYoungGen: 68992K->1376K(69632K)] 402981K->335365K(737280K), 0.0023245 secs] [Times: user=0.01 sys=0.00, real=0.00 secs] 
1705.968: [GC (Allocation Failure) [PSYoungGen: 68960K->1520K(69632K)] 402949K->335509K(737280K), 0.0016804 secs] [Times: user=0.01 sys=0.00, real=0.00 secs] 
1706.383: [GC (Allocation Failure) [PSYoungGen: 69104K->1549K(69632K)] 403093K->335538K(737280K), 0.0016958 secs] [Times: user=0.00 sys=0.00, real=0.00 secs] 
1706.790: [GC (Allocation Failure) [PSYoungGen: 69133K->1549K(69632K)] 403122K->335538K(737280K), 0.0016590 secs] [Times: user=0.01 sys=0.00, real=0.00 secs] 
1707.219: [GC (Allocation Failure) [PSYoungGen: 69133K->2016K(69632K)] 403122K->336021K(737280K), 0.0019189 secs] [Times: user=0.01 sys=0.00, real=0.00 secs] 
1707.529: [GC (Allocation Failure) [PSYoungGen: 69600K->1408K(69632K)] 403605K->335413K(737280K), 0.0018949 secs] [Times: user=0.00 sys=0.00, real=0.00 secs] 
1707.810: [GC (Allocation Failure) [PSYoungGen: 68992K->1376K(69632K)] 402997K->335381K(737280K), 0.0018667 secs] [Times: user=0.01 sys=0.00, real=0.00 secs] 
1708.120: [GC (Allocation Failure) [PSYoungGen: 68960K->1376K(69632K)] 402965K->335381K(737280K), 0.0019361 secs] [Times: user=0.00 sys=0.00, real=0.00 secs] 
1708.483: [GC (Allocation Failure) [PSYoungGen: 68960K->1392K(69632K)] 402965K->335397K(737280K), 0.0019126 secs] [Times: user=0.00 sys=0.00, real=0.00 secs] 
1708.935: [GC (Allocation Failure) [PSYoungGen: 68947K->1533K(69632K)] 402952K->335538K(737280K), 0.0017860 secs] [Times: user=0.01 sys=0.00, real=0.00 secs] 
1709.340: [GC (Allocation Failure) [PSYoungGen: 69117K->1517K(69632K)] 403122K->335522K(737280K), 0.0016229 secs] [Times: user=0.00 sys=0.00, real=0.00 secs] 
1709.800: [GC (Allocation Failure) [PSYoungGen: 69101K->1517K(69632K)] 403106K->335538K(737280K), 0.0017986 secs] [Times: user=0.01 sys=0.00, real=0.00 secs] 
1710.189: [GC (Allocation Failure) [PSYoungGen: 69101K->1504K(69632K)] 403122K->335525K(737280K), 0.0022020 secs] [Times: user=0.01 sys=0.00, real=0.00 secs] 
1710.471: [GC (Allocation Failure) [PSYoungGen: 69088K->1344K(69632K)] 403109K->335365K(737280K), 0.0019858 secs] [Times: user=0.00 sys=0.00, real=0.00 secs] 
1710.752: [GC (Allocation Failure) [PSYoungGen: 68928K->1360K(69632K)] 402949K->335381K(737280K), 0.0019627 secs] [Times: user=0.01 sys=0.00, real=0.01 secs] 
1711.033: [GC (Allocation Failure) [PSYoungGen: 68944K->1408K(69632K)] 402965K->335429K(737280K), 0.0021418 secs] [Times: user=0.01 sys=0.00, real=0.01 secs] 
1711.371: [GC (Allocation Failure) [PSYoungGen: 68992K->1440K(69632K)] 403013K->335461K(737280K), 0.0015417 secs] [Times: user=0.01 sys=0.00, real=0.00 secs] 
1711.778: [GC (Allocation Failure) [PSYoungGen: 69024K->1549K(69632K)] 403045K->335570K(737280K), 0.0016411 secs] [Times: user=0.01 sys=0.00, real=0.00 secs] 
1712.181: [GC (Allocation Failure) [PSYoungGen: 69133K->1581K(69632K)] 403154K->335602K(737280K), 0.0016692 secs] [Times: user=0.01 sys=0.00, real=0.01 secs] 
1712.646: [GC (Allocation Failure) [PSYoungGen: 69165K->1581K(69632K)] 403186K->335610K(737280K), 0.0016237 secs] [Times: user=0.01 sys=0.00, real=0.00 secs] 
1714.266: [GC (Allocation Failure) [PSYoungGen: 69165K->1488K(69632K)] 403194K->335517K(737280K), 0.0041874 secs] [Times: user=0.01 sys=0.00, real=0.00 secs] 
1714.992: [GC (Allocation Failure) [PSYoungGen: 69072K->1376K(69632K)] 403101K->335405K(737280K), 0.0023772 secs] [Times: user=0.01 sys=0.00, real=0.01 secs] 
1715.266: [GC (Allocation Failure) [PSYoungGen: 68960K->1408K(69632K)] 402989K->335437K(737280K), 0.0018408 secs] [Times: user=0.01 sys=0.00, real=0.00 secs] 
1715.547: [GC (Allocation Failure) [PSYoungGen: 68992K->1344K(69632K)] 403021K->335373K(737280K), 0.0018872 secs] [Times: user=0.00 sys=0.00, real=0.00 secs] 
1715.938: [GC (Allocation Failure) [PSYoungGen: 68928K->1453K(69632K)] 402957K->335482K(737280K), 0.0015628 secs] [Times: user=0.01 sys=0.00, real=0.00 secs] 
1716.347: [GC (Allocation Failure) [PSYoungGen: 69022K->1549K(69632K)] 403051K->335578K(737280K), 0.0014792 secs] [Times: user=0.00 sys=0.00, real=0.00 secs] 
1716.819: [GC (Allocation Failure) [PSYoungGen: 69133K->1584K(69632K)] 403162K->335613K(737280K), 0.0016991 secs] [Times: user=0.01 sys=0.00, real=0.00 secs] 
1717.223: [GC (Allocation Failure) [PSYoungGen: 69168K->1517K(69632K)] 403197K->335562K(737280K), 0.0016830 secs] [Times: user=0.01 sys=0.00, real=0.01 secs] 
1718.864: [GC (Allocation Failure) [PSYoungGen: 69101K->1408K(69632K)] 403146K->335453K(737280K), 0.0031114 secs] [Times: user=0.01 sys=0.00, real=0.00 secs] 
1720.042: [GC (Allocation Failure) [PSYoungGen: 68992K->1408K(69632K)] 403037K->335453K(737280K), 0.0031280 secs] [Times: user=0.01 sys=0.00, real=0.01 secs] 
1720.549: [GC (Allocation Failure) [PSYoungGen: 68992K->1376K(69632K)] 403037K->335421K(737280K), 0.0019883 secs] [Times: user=0.00 sys=0.00, real=0.00 secs] 
1720.873: [GC (Allocation Failure) [PSYoungGen: 68960K->1376K(69632K)] 403005K->335421K(737280K), 0.0019511 secs] [Times: user=0.00 sys=0.00, real=0.00 secs] 
1721.263: [GC (Allocation Failure) [PSYoungGen: 68957K->1517K(69632K)] 403003K->335562K(737280K), 0.0015876 secs] [Times: user=0.01 sys=0.00, real=0.00 secs] 
1721.669: [GC (Allocation Failure) [PSYoungGen: 69101K->1517K(69632K)] 403146K->335562K(737280K), 0.0016850 secs] [Times: user=0.00 sys=0.00, real=0.00 secs] 
1722.072: [GC (Allocation Failure) [PSYoungGen: 69101K->1581K(69632K)] 403146K->335626K(737280K), 0.0017065 secs] [Times: user=0.01 sys=0.00, real=0.01 secs] 
1722.469: [GC (Allocation Failure) [PSYoungGen: 68905K->320K(69632K)] 402951K->334389K(737280K), 0.0016379 secs] [Times: user=0.00 sys=0.00, real=0.00 secs] 
1723.043: [GC (Allocation Failure) [PSYoungGen: 67904K->1376K(69632K)] 401973K->335445K(737280K), 0.0020147 secs] [Times: user=0.01 sys=0.00, real=0.00 secs] 
1723.619: [GC (Allocation Failure) [PSYoungGen: 68960K->1408K(69632K)] 403029K->335477K(737280K), 0.0020921 secs] [Times: user=0.01 sys=0.00, real=0.00 secs] 
1724.121: [GC (Allocation Failure) [PSYoungGen: 68992K->1376K(69632K)] 403061K->335445K(737280K), 0.0020121 secs] [Times: user=0.01 sys=0.00, real=0.01 secs] 
1724.551: [GC (Allocation Failure) [PSYoungGen: 68960K->1376K(69632K)] 403029K->335445K(737280K), 0.0020038 secs] [Times: user=0.01 sys=0.00, real=0.00 secs] 
1725.059: [GC (Allocation Failure) [PSYoungGen: 68954K->1533K(69632K)] 403024K->335610K(737280K), 0.0017840 secs] [Times: user=0.01 sys=0.00, real=0.00 secs] 
1725.465: [GC (Allocation Failure) [PSYoungGen: 69117K->1552K(69632K)] 403194K->335629K(737280K), 0.0017435 secs] [Times: user=0.01 sys=0.00, real=0.00 secs] 
1725.873: [GC (Allocation Failure) [PSYoungGen: 69136K->1552K(69632K)] 403213K->335629K(737280K), 0.0017298 secs] [Times: user=0.01 sys=0.00, real=0.00 secs] 
1726.262: [GC (Allocation Failure) [PSYoungGen: 69136K->1440K(69632K)] 403213K->335533K(737280K), 0.0017289 secs] [Times: user=0.01 sys=0.00, real=0.01 secs] 
1726.560: [GC (Allocation Failure) [PSYoungGen: 69024K->1376K(69632K)] 403117K->335469K(737280K), 0.0027789 secs] [Times: user=0.01 sys=0.00, real=0.00 secs] 
1726.848: [GC (Allocation Failure) [PSYoungGen: 68960K->1376K(69632K)] 403053K->335469K(737280K), 0.0024447 secs] [Times: user=0.01 sys=0.00, real=0.00 secs] 
1727.129: [GC (Allocation Failure) [PSYoungGen: 68960K->1376K(69632K)] 403053K->335469K(737280K), 0.0021877 secs] [Times: user=0.01 sys=0.00, real=0.00 secs] 
1727.480: [GC (Allocation Failure) [PSYoungGen: 68960K->1389K(69632K)] 403053K->335482K(737280K), 0.0019256 secs] [Times: user=0.01 sys=0.00, real=0.00 secs] 
1727.897: [GC (Allocation Failure) [PSYoungGen: 68973K->1549K(69632K)] 403066K->335642K(737280K), 0.0016918 secs] [Times: user=0.01 sys=0.00, real=0.00 secs] 
1728.300: [GC (Allocation Failure) [PSYoungGen: 69133K->1549K(69632K)] 403226K->335642K(737280K), 0.0017005 secs] [Times: user=0.01 sys=0.00, real=0.00 secs] 
1728.704: [GC (Allocation Failure) [PSYoungGen: 69133K->1581K(69632K)] 403226K->335682K(737280K), 0.0016986 secs] [Times: user=0.00 sys=0.00, real=0.00 secs] 
1729.160: [GC (Allocation Failure) [PSYoungGen: 69165K->1408K(69632K)] 403266K->335533K(737280K), 0.0019251 secs] [Times: user=0.00 sys=0.00, real=0.00 secs] 
1729.440: [GC (Allocation Failure) [PSYoungGen: 68992K->1344K(69632K)] 403117K->335469K(737280K), 0.0018842 secs] [Times: user=0.01 sys=0.00, real=0.00 secs] 
1729.721: [GC (Allocation Failure) [PSYoungGen: 68928K->1344K(69632K)] 403053K->335469K(737280K), 0.0017772 secs] [Times: user=0.01 sys=0.00, real=0.01 secs] 
1730.017: [GC (Allocation Failure) [PSYoungGen: 68928K->1328K(69632K)] 403053K->335453K(737280K), 0.0024207 secs] [Times: user=0.01 sys=0.00, real=0.00 secs] 
1730.435: [GC (Allocation Failure) [PSYoungGen: 68897K->1437K(69632K)] 403022K->335578K(737280K), 0.0015711 secs] [Times: user=0.01 sys=0.00, real=0.00 secs] 
1730.841: [GC (Allocation Failure) [PSYoungGen: 69021K->1581K(69632K)] 403162K->335722K(737280K), 0.0016768 secs] [Times: user=0.01 sys=0.00, real=0.01 secs] 
1731.313: [GC (Allocation Failure) [PSYoungGen: 69165K->1517K(69632K)] 403306K->335658K(737280K), 0.0018146 secs] [Times: user=0.01 sys=0.00, real=0.01 secs] 
1731.717: [GC (Allocation Failure) [PSYoungGen: 69101K->1549K(69632K)] 403242K->335698K(737280K), 0.0017767 secs] [Times: user=0.01 sys=0.00, real=0.00 secs] 
1732.048: [GC (Allocation Failure) [PSYoungGen: 69133K->1408K(69632K)] 403282K->335557K(737280K), 0.0025991 secs] [Times: user=0.01 sys=0.00, real=0.00 secs] 
1732.328: [GC (Allocation Failure) [PSYoungGen: 68992K->1376K(69632K)] 403141K->335525K(737280K), 0.0019915 secs] [Times: user=0.01 sys=0.00, real=0.00 secs] 
1732.624: [GC (Allocation Failure) [PSYoungGen: 68960K->1376K(69632K)] 403109K->335525K(737280K), 0.0019167 secs] [Times: user=0.01 sys=0.00, real=0.00 secs] 
1732.905: [GC (Allocation Failure) [PSYoungGen: 68960K->1312K(69632K)] 403109K->335461K(737280K), 0.0026463 secs] [Times: user=0.01 sys=0.00, real=0.00 secs] 
1733.328: [GC (Allocation Failure) [PSYoungGen: 68871K->1488K(69632K)] 403020K->335637K(737280K), 0.0016355 secs] [Times: user=0.01 sys=0.00, real=0.00 secs] 
1733.740: [GC (Allocation Failure) [PSYoungGen: 69072K->1549K(69632K)] 403221K->335698K(737280K), 0.0015457 secs] [Times: user=0.01 sys=0.00, real=0.00 secs] 
1734.160: [GC (Allocation Failure) [PSYoungGen: 69133K->1517K(69632K)] 403282K->335666K(737280K), 0.0016688 secs] [Times: user=0.01 sys=0.00, real=0.00 secs] 
1734.564: [GC (Allocation Failure) [PSYoungGen: 69101K->1552K(69632K)] 403250K->335709K(737280K), 0.0017755 secs] [Times: user=0.01 sys=0.00, real=0.00 secs] 
1735.587: [GC (Allocation Failure) [PSYoungGen: 69136K->1408K(69632K)] 403293K->335565K(737280K), 0.0023426 secs] [Times: user=0.01 sys=0.00, real=0.00 secs] 
1736.454: [GC (Allocation Failure) [PSYoungGen: 68992K->1408K(69632K)] 403149K->335565K(737280K), 0.0023899 secs] [Times: user=0.01 sys=0.00, real=0.00 secs] 
1737.310: [GC (Allocation Failure) [PSYoungGen: 68992K->1344K(69632K)] 403149K->335501K(737280K), 0.0024884 secs] [Times: user=0.01 sys=0.00, real=0.01 secs] 
1737.923: [GC (Allocation Failure) [PSYoungGen: 68928K->1408K(69632K)] 403085K->335565K(737280K), 0.0025165 secs] [Times: user=0.01 sys=0.00, real=0.01 secs] 
1738.437: [GC (Allocation Failure) [PSYoungGen: 68987K->1469K(69632K)] 403144K->335626K(737280K), 0.0016102 secs] [Times: user=0.01 sys=0.00, real=0.00 secs] 
1738.908: [GC (Allocation Failure) [PSYoungGen: 69053K->1581K(69632K)] 403210K->335738K(737280K), 0.0018061 secs] [Times: user=0.01 sys=0.00, real=0.00 secs] 
1739.311: [GC (Allocation Failure) [PSYoungGen: 69165K->1584K(69632K)] 403322K->335741K(737280K), 0.0017605 secs] [Times: user=0.00 sys=0.00, real=0.01 secs] 
1739.834: [GC (Allocation Failure) [PSYoungGen: 69168K->1504K(69632K)] 403325K->335661K(737280K), 0.0023542 secs] [Times: user=0.01 sys=0.00, real=0.00 secs] 
1740.382: [GC (Allocation Failure) [PSYoungGen: 69088K->1408K(69632K)] 403245K->335565K(737280K), 0.0027333 secs] [Times: user=0.01 sys=0.00, real=0.01 secs] 
1740.901: [GC (Allocation Failure) [PSYoungGen: 68992K->1376K(69632K)] 403149K->335533K(737280K), 0.0025422 secs] [Times: user=0.01 sys=0.00, real=0.01 secs] 
1741.413: [GC (Allocation Failure) [PSYoungGen: 68960K->1344K(69632K)] 403117K->335501K(737280K), 0.0026763 secs] [Times: user=0.01 sys=0.00, real=0.01 secs] 
1742.071: [GC (Allocation Failure) [PSYoungGen: 68763K->208K(69632K)] 402920K->334373K(737280K), 0.0025960 secs] [Times: user=0.01 sys=0.00, real=0.01 secs] 
1742.526: [GC (Allocation Failure) [PSYoungGen: 67792K->1581K(69632K)] 401957K->335746K(737280K), 0.0016864 secs] [Times: user=0.01 sys=0.00, real=0.00 secs] 
1742.932: [GC (GCLocker Initiated GC) [PSYoungGen: 69165K->1552K(69632K)] 403330K->335717K(737280K), 0.0018049 secs] [Times: user=0.00 sys=0.00, real=0.01 secs] 
1743.407: [GC (Allocation Failure) [PSYoungGen: 69136K->1437K(69632K)] 403847K->336148K(737280K), 0.0018160 secs] [Times: user=0.01 sys=0.00, real=0.00 secs] 
1743.786: [GC (Allocation Failure) [PSYoungGen: 69021K->1536K(69632K)] 403732K->336247K(737280K), 0.0021054 secs] [Times: user=0.01 sys=0.00, real=0.00 secs] 
1744.129: [GC (Allocation Failure) [PSYoungGen: 69120K->1440K(69632K)] 403831K->336151K(737280K), 0.0021367 secs] [Times: user=0.00 sys=0.00, real=0.00 secs] 
1744.625: [GC (Allocation Failure) [PSYoungGen: 69024K->1408K(69632K)] 403735K->336119K(737280K), 0.0020015 secs] [Times: user=0.01 sys=0.00, real=0.00 secs] 
1745.161: [GC (Allocation Failure) [PSYoungGen: 68992K->1408K(69632K)] 403703K->336119K(737280K), 0.0027981 secs] [Times: user=0.02 sys=0.00, real=0.01 secs] 
1745.772: [GC (Allocation Failure) [PSYoungGen: 68965K->1453K(69632K)] 403676K->336164K(737280K), 0.0021836 secs] [Times: user=0.01 sys=0.00, real=0.01 secs] 
1746.189: [GC (Allocation Failure) [PSYoungGen: 69037K->1536K(69632K)] 403748K->336247K(737280K), 0.0016737 secs] [Times: user=0.00 sys=0.00, real=0.00 secs] 
1746.593: [GC (Allocation Failure) [PSYoungGen: 69120K->1613K(69632K)] 403831K->336324K(737280K), 0.0017116 secs] [Times: user=0.01 sys=0.00, real=0.01 secs] 
1746.999: [GC (Allocation Failure) [PSYoungGen: 69197K->1613K(69632K)] 403908K->336332K(737280K), 0.0016888 secs] [Times: user=0.00 sys=0.00, real=0.00 secs] 
1747.597: [GC (Allocation Failure) [PSYoungGen: 69197K->1472K(69632K)] 403916K->336191K(737280K), 0.0021250 secs] [Times: user=0.01 sys=0.00, real=0.00 secs] 
1747.911: [GC (Allocation Failure) [PSYoungGen: 69056K->1408K(69632K)] 403775K->336127K(737280K), 0.0020015 secs] [Times: user=0.01 sys=0.00, real=0.00 secs] 
1748.246: [GC (Allocation Failure) [PSYoungGen: 68992K->1424K(69632K)] 403711K->336143K(737280K), 0.0023811 secs] [Times: user=0.01 sys=0.00, real=0.00 secs] 
1748.527: [GC (Allocation Failure) [PSYoungGen: 69008K->1440K(69632K)] 403727K->336159K(737280K), 0.0020291 secs] [Times: user=0.01 sys=0.00, real=0.00 secs] 
1749.247: [GC (Allocation Failure) [PSYoungGen: 69006K->1517K(69632K)] 403725K->336284K(737280K), 0.0016172 secs] [Times: user=0.01 sys=0.00, real=0.00 secs] 
1749.711: [GC (Allocation Failure) [PSYoungGen: 69101K->1520K(69632K)] 403868K->336287K(737280K), 0.0018296 secs] [Times: user=0.01 sys=0.00, real=0.00 secs] 
1750.115: [GC (Allocation Failure) [PSYoungGen: 69104K->1581K(69632K)] 403871K->336372K(737280K), 0.0017413 secs] [Times: user=0.01 sys=0.00, real=0.00 secs] 
1750.519: [GC (Allocation Failure) [PSYoungGen: 69165K->1613K(69632K)] 403956K->336420K(737280K), 0.0017575 secs] [Times: user=0.00 sys=0.00, real=0.00 secs] 
1751.149: [GC (Allocation Failure) [PSYoungGen: 69197K->1456K(69632K)] 404004K->336263K(737280K), 0.0029646 secs] [Times: user=0.02 sys=0.00, real=0.00 secs] 
1751.726: [GC (Allocation Failure) [PSYoungGen: 69040K->1376K(69632K)] 403847K->336183K(737280K), 0.0027929 secs] [Times: user=0.01 sys=0.00, real=0.00 secs] 
1752.213: [GC (Allocation Failure) [PSYoungGen: 68960K->1408K(69632K)] 403767K->336215K(737280K), 0.0021233 secs] [Times: user=0.01 sys=0.00, real=0.00 secs] 
1752.517: [GC (Allocation Failure) [PSYoungGen: 68992K->1376K(69632K)] 403799K->336183K(737280K), 0.0019618 secs] [Times: user=0.01 sys=0.00, real=0.00 secs] 
1752.954: [GC (Allocation Failure) [PSYoungGen: 68935K->1469K(69632K)] 403742K->336276K(737280K), 0.0016676 secs] [Times: user=0.01 sys=0.00, real=0.00 secs] 
1753.360: [GC (Allocation Failure) [PSYoungGen: 69053K->1581K(69632K)] 403860K->336388K(737280K), 0.0017076 secs] [Times: user=0.00 sys=0.00, real=0.00 secs] 
1753.764: [GC (Allocation Failure) [PSYoungGen: 69165K->1520K(69632K)] 403972K->336327K(737280K), 0.0017243 secs] [Times: user=0.01 sys=0.00, real=0.00 secs] 
1754.242: [GC (Allocation Failure) [PSYoungGen: 69104K->1760K(69632K)] 403911K->336567K(737280K), 0.0019132 secs] [Times: user=0.01 sys=0.00, real=0.01 secs] 
1755.083: [GC (Allocation Failure) [PSYoungGen: 69344K->1408K(69632K)] 404151K->336215K(737280K), 0.0019015 secs] [Times: user=0.01 sys=0.00, real=0.00 secs] 
1755.996: [GC (Allocation Failure) [PSYoungGen: 68992K->1376K(69632K)] 403799K->336183K(737280K), 0.0026137 secs] [Times: user=0.01 sys=0.00, real=0.00 secs] 
1756.867: [GC (Allocation Failure) [PSYoungGen: 68960K->1440K(69632K)] 403767K->336247K(737280K), 0.0028112 secs] [Times: user=0.01 sys=0.00, real=0.00 secs] 
1757.487: [GC (Allocation Failure) [PSYoungGen: 69024K->1376K(69632K)] 403831K->336183K(737280K), 0.0029997 secs] [Times: user=0.01 sys=0.00, real=0.00 secs] 
1758.044: [GC (Allocation Failure) [PSYoungGen: 68933K->1549K(69632K)] 403740K->336356K(737280K), 0.0016717 secs] [Times: user=0.01 sys=0.00, real=0.00 secs] 
1758.447: [GC (Allocation Failure) [PSYoungGen: 69133K->1565K(69632K)] 403940K->336372K(737280K), 0.0016587 secs] [Times: user=0.00 sys=0.00, real=0.00 secs] 
1758.856: [GC (Allocation Failure) [PSYoungGen: 69149K->1581K(69632K)] 403956K->336388K(737280K), 0.0017217 secs] [Times: user=0.01 sys=0.00, real=0.00 secs] 
1759.257: [GC (Allocation Failure) [PSYoungGen: 69165K->1472K(69632K)] 403972K->336279K(737280K), 0.0018507 secs] [Times: user=0.01 sys=0.00, real=0.00 secs] 
1759.538: [GC (Allocation Failure) [PSYoungGen: 69056K->1376K(69632K)] 403863K->336183K(737280K), 0.0018923 secs] [Times: user=0.01 sys=0.00, real=0.00 secs] 
1759.819: [GC (Allocation Failure) [PSYoungGen: 68960K->1392K(69632K)] 403767K->336199K(737280K), 0.0017771 secs] [Times: user=0.01 sys=0.00, real=0.00 secs] 
1760.161: [GC (Allocation Failure) [PSYoungGen: 68976K->1376K(69632K)] 403783K->336183K(737280K), 0.0020511 secs] [Times: user=0.01 sys=0.00, real=0.01 secs] 
1760.522: [GC (Allocation Failure) [PSYoungGen: 68956K->1485K(69632K)] 403763K->336308K(737280K), 0.0015872 secs] [Times: user=0.01 sys=0.00, real=0.01 secs] 
1760.926: [GC (Allocation Failure) [PSYoungGen: 69069K->1581K(69632K)] 403892K->336404K(737280K), 0.0017278 secs] [Times: user=0.01 sys=0.00, real=0.00 secs] 
1761.334: [GC (Allocation Failure) [PSYoungGen: 69165K->1584K(69632K)] 403988K->336407K(737280K), 0.0017623 secs] [Times: user=0.01 sys=0.00, real=0.00 secs] 
1761.797: [GC (Allocation Failure) [PSYoungGen: 69168K->1613K(69632K)] 403991K->336460K(737280K), 0.0017337 secs] [Times: user=0.00 sys=0.00, real=0.00 secs] 
1762.419: [GC (Allocation Failure) [PSYoungGen: 69197K->1456K(69632K)] 404044K->336311K(737280K), 0.0023682 secs] [Times: user=0.01 sys=0.00, real=0.00 secs] 
1763.104: [GC (Allocation Failure) [PSYoungGen: 69040K->1376K(69632K)] 403895K->336239K(737280K), 0.0027319 secs] [Times: user=0.01 sys=0.00, real=0.00 secs] 
1763.478: [GC (Allocation Failure) [PSYoungGen: 68960K->1376K(69632K)] 403823K->336239K(737280K), 0.0020160 secs] [Times: user=0.01 sys=0.00, real=0.00 secs] 
1764.277: [GC (Allocation Failure) [PSYoungGen: 68960K->1408K(69632K)] 403823K->336271K(737280K), 0.0041698 secs] [Times: user=0.01 sys=0.00, real=0.00 secs] 
1765.114: [GC (Allocation Failure) [PSYoungGen: 68968K->1485K(69632K)] 403831K->336348K(737280K), 0.0015787 secs] [Times: user=0.01 sys=0.00, real=0.00 secs] 
1765.518: [GC (Allocation Failure) [PSYoungGen: 69069K->1613K(69632K)] 403932K->336476K(737280K), 0.0016744 secs] [Times: user=0.01 sys=0.00, real=0.00 secs] 
1765.922: [GC (Allocation Failure) [PSYoungGen: 69197K->1581K(69632K)] 404060K->336444K(737280K), 0.0017056 secs] [Times: user=0.01 sys=0.00, real=0.01 secs] 
1766.330: [GC (Allocation Failure) [PSYoungGen: 69165K->1549K(69632K)] 404028K->336420K(737280K), 0.0016876 secs] [Times: user=0.01 sys=0.00, real=0.00 secs] 
1766.756: [GC (Allocation Failure) [PSYoungGen: 69133K->1408K(69632K)] 404004K->336279K(737280K), 0.0018768 secs] [Times: user=0.01 sys=0.00, real=0.00 secs] 
1767.193: [GC (Allocation Failure) [PSYoungGen: 68992K->1376K(69632K)] 403863K->336247K(737280K), 0.0019379 secs] [Times: user=0.01 sys=0.00, real=0.00 secs] 
1767.515: [GC (Allocation Failure) [PSYoungGen: 68960K->1408K(69632K)] 403831K->336279K(737280K), 0.0017894 secs] [Times: user=0.01 sys=0.00, real=0.00 secs] 
1767.811: [GC (Allocation Failure) [PSYoungGen: 68992K->1408K(69632K)] 403863K->336279K(737280K), 0.0018771 secs] [Times: user=0.01 sys=0.00, real=0.01 secs] 
1768.212: [GC (Allocation Failure) [PSYoungGen: 68992K->1517K(69632K)] 403863K->336388K(737280K), 0.0015911 secs] [Times: user=0.01 sys=0.00, real=0.01 secs] 
1768.618: [GC (Allocation Failure) [PSYoungGen: 69101K->1533K(69632K)] 403972K->336404K(737280K), 0.0017393 secs] [Times: user=0.01 sys=0.00, real=0.00 secs] 
1769.021: [GC (Allocation Failure) [PSYoungGen: 69117K->1616K(69632K)] 403988K->336487K(737280K), 0.0016716 secs] [Times: user=0.01 sys=0.00, real=0.00 secs] 
1769.426: [GC (Allocation Failure) [PSYoungGen: 69200K->1613K(69632K)] 404071K->336492K(737280K), 0.0016798 secs] [Times: user=0.00 sys=0.00, real=0.00 secs] 
1770.291: [GC (Allocation Failure) [PSYoungGen: 69197K->1408K(69632K)] 404076K->336319K(737280K), 0.0019846 secs] [Times: user=0.00 sys=0.00, real=0.01 secs] 
1771.237: [GC (Allocation Failure) [PSYoungGen: 68992K->1408K(69632K)] 403903K->336319K(737280K), 0.0027186 secs] [Times: user=0.01 sys=0.01, real=0.00 secs] 
1771.975: [GC (Allocation Failure) [PSYoungGen: 68992K->1344K(69632K)] 403903K->336255K(737280K), 0.0028779 secs] [Times: user=0.01 sys=0.00, real=0.00 secs] 
1772.587: [GC (Allocation Failure) [PSYoungGen: 68928K->1408K(69632K)] 403839K->336319K(737280K), 0.0030760 secs] [Times: user=0.01 sys=0.00, real=0.00 secs] 
1773.094: [GC (Allocation Failure) [PSYoungGen: 68992K->1533K(69632K)] 403903K->336444K(737280K), 0.0016835 secs] [Times: user=0.00 sys=0.00, real=0.00 secs] 
1773.496: [GC (Allocation Failure) [PSYoungGen: 69117K->1504K(69632K)] 404028K->336415K(737280K), 0.0016574 secs] [Times: user=0.01 sys=0.00, real=0.00 secs] 
1773.903: [GC (Allocation Failure) [PSYoungGen: 69088K->1613K(69632K)] 403999K->336524K(737280K), 0.0017092 secs] [Times: user=0.01 sys=0.00, real=0.00 secs] 
1774.406: [GC (Allocation Failure) [PSYoungGen: 69197K->1504K(69632K)] 404108K->336431K(737280K), 0.0019191 secs] [Times: user=0.01 sys=0.00, real=0.00 secs] 
1774.963: [GC (Allocation Failure) [PSYoungGen: 69088K->1408K(69632K)] 404015K->336335K(737280K), 0.0019799 secs] [Times: user=0.00 sys=0.01, real=0.01 secs] 
1775.562: [GC (Allocation Failure) [PSYoungGen: 68992K->1344K(69632K)] 403919K->336271K(737280K), 0.0019950 secs] [Times: user=0.01 sys=0.00, real=0.01 secs] 
1776.220: [GC (Allocation Failure) [PSYoungGen: 68928K->1376K(69632K)] 403855K->336303K(737280K), 0.0020606 secs] [Times: user=0.01 sys=0.00, real=0.00 secs] 
1776.657: [GC (Allocation Failure) [PSYoungGen: 68960K->1453K(69632K)] 403887K->336380K(737280K), 0.0019531 secs] [Times: user=0.01 sys=0.00, real=0.00 secs] 
1777.075: [GC (Allocation Failure) [PSYoungGen: 69037K->1581K(69632K)] 403964K->336508K(737280K), 0.0016903 secs] [Times: user=0.01 sys=0.00, real=0.00 secs] 
1777.479: [GC (Allocation Failure) [PSYoungGen: 69165K->1549K(69632K)] 404092K->336476K(737280K), 0.0016474 secs] [Times: user=0.01 sys=0.00, real=0.00 secs] 
1777.888: [GC (Allocation Failure) [PSYoungGen: 69133K->1613K(69632K)] 404060K->336540K(737280K), 0.0016812 secs] [Times: user=0.00 sys=0.00, real=0.00 secs] 
1778.602: [GC (Allocation Failure) [PSYoungGen: 69197K->1456K(69632K)] 404124K->336383K(737280K), 0.0022974 secs] [Times: user=0.01 sys=0.00, real=0.01 secs] 
1779.613: [GC (Allocation Failure) [PSYoungGen: 69040K->1376K(69632K)] 403967K->336303K(737280K), 0.0028458 secs] [Times: user=0.02 sys=0.00, real=0.00 secs] 
1780.820: [GC (Allocation Failure) [PSYoungGen: 68960K->1376K(69632K)] 403887K->336303K(737280K), 0.0041009 secs] [Times: user=0.02 sys=0.01, real=0.01 secs] 
1781.848: [GC (Allocation Failure) [PSYoungGen: 68960K->1376K(69632K)] 403887K->336303K(737280K), 0.0037932 secs] [Times: user=0.02 sys=0.00, real=0.00 secs] 
1782.884: [GC (Allocation Failure) [PSYoungGen: 68960K->1405K(69632K)] 403887K->336348K(737280K), 0.0018583 secs] [Times: user=0.01 sys=0.00, real=0.00 secs] 
1783.375: [GC (Allocation Failure) [PSYoungGen: 68989K->1616K(69632K)] 403932K->336559K(737280K), 0.0017292 secs] [Times: user=0.00 sys=0.00, real=0.00 secs] 
1783.840: [GC (Allocation Failure) [PSYoungGen: 69200K->1501K(69632K)] 404143K->336444K(737280K), 0.0018294 secs] [Times: user=0.01 sys=0.00, real=0.00 secs] 
1784.243: [GC (Allocation Failure) [PSYoungGen: 69085K->1584K(69632K)] 404028K->336543K(737280K), 0.0017386 secs] [Times: user=0.00 sys=0.00, real=0.00 secs] 
1784.947: [GC (Allocation Failure) [PSYoungGen: 69168K->1440K(69632K)] 404127K->336399K(737280K), 0.0023052 secs] [Times: user=0.01 sys=0.00, real=0.00 secs] 
1785.908: [GC (Allocation Failure) [PSYoungGen: 69024K->1376K(69632K)] 403983K->336335K(737280K), 0.0040719 secs] [Times: user=0.01 sys=0.00, real=0.00 secs] 
1786.971: [GC (Allocation Failure) [PSYoungGen: 68960K->1408K(69632K)] 403919K->336367K(737280K), 0.0039719 secs] [Times: user=0.02 sys=0.00, real=0.01 secs] 
1787.770: [GC (Allocation Failure) [PSYoungGen: 68992K->1376K(69632K)] 403951K->336335K(737280K), 0.0037380 secs] [Times: user=0.01 sys=0.00, real=0.01 secs] 
1788.508: [GC (Allocation Failure) [PSYoungGen: 68948K->1501K(69632K)] 403907K->336460K(737280K), 0.0015761 secs] [Times: user=0.01 sys=0.00, real=0.00 secs] 
1788.972: [GC (Allocation Failure) [PSYoungGen: 69085K->1568K(69632K)] 404044K->336527K(737280K), 0.0018425 secs] [Times: user=0.01 sys=0.00, real=0.01 secs] 
1789.375: [GC (Allocation Failure) [PSYoungGen: 69152K->1520K(69632K)] 404111K->336479K(737280K), 0.0016597 secs] [Times: user=0.01 sys=0.00, real=0.00 secs] 
1789.779: [GC (Allocation Failure) [PSYoungGen: 69104K->1584K(69632K)] 404063K->336559K(737280K), 0.0017255 secs] [Times: user=0.01 sys=0.00, real=0.00 secs] 
1790.183: [GC (Allocation Failure) [PSYoungGen: 69168K->1408K(69632K)] 404143K->336383K(737280K), 0.0021728 secs] [Times: user=0.01 sys=0.00, real=0.00 secs] 
1790.832: [GC (Allocation Failure) [PSYoungGen: 68992K->1392K(69632K)] 403967K->336367K(737280K), 0.0022679 secs] [Times: user=0.01 sys=0.00, real=0.01 secs] 
1791.512: [GC (Allocation Failure) [PSYoungGen: 68976K->1408K(69632K)] 403951K->336383K(737280K), 0.0022494 secs] [Times: user=0.01 sys=0.00, real=0.01 secs] 
1792.194: [GC (Allocation Failure) [PSYoungGen: 68992K->1376K(69632K)] 403967K->336351K(737280K), 0.0022858 secs] [Times: user=0.01 sys=0.00, real=0.00 secs] 
1792.804: [GC (Allocation Failure) [PSYoungGen: 68960K->1485K(69632K)] 403935K->336476K(737280K), 0.0016529 secs] [Times: user=0.01 sys=0.00, real=0.00 secs] 
1793.208: [GC (Allocation Failure) [PSYoungGen: 69069K->1501K(69632K)] 404060K->336492K(737280K), 0.0016549 secs] [Times: user=0.01 sys=0.01, real=0.00 secs] 
1793.612: [GC (Allocation Failure) [PSYoungGen: 69085K->1613K(69632K)] 404076K->336604K(737280K), 0.0017212 secs] [Times: user=0.00 sys=0.00, real=0.01 secs] 
1794.057: [GC (Allocation Failure) [PSYoungGen: 69197K->2016K(69120K)] 404188K->337567K(736768K), 0.0019025 secs] [Times: user=0.01 sys=0.00, real=0.00 secs] 
1794.397: [GC (Allocation Failure) [PSYoungGen: 69088K->1408K(69632K)] 404639K->336959K(737280K), 0.0018292 secs] [Times: user=0.01 sys=0.00, real=0.00 secs] 
1794.680: [GC (Allocation Failure) [PSYoungGen: 68480K->1392K(68608K)] 404031K->336943K(736256K), 0.0018869 secs] [Times: user=0.01 sys=0.00, real=0.00 secs] 
1794.977: [GC (Allocation Failure) [PSYoungGen: 68464K->1408K(69120K)] 404015K->336959K(736768K), 0.0020681 secs] [Times: user=0.01 sys=0.00, real=0.00 secs] 
1795.266: [GC (Allocation Failure) [PSYoungGen: 68480K->1376K(69120K)] 404031K->336927K(736768K), 0.0017921 secs] [Times: user=0.00 sys=0.00, real=0.00 secs] 
1795.677: [GC (Allocation Failure) [PSYoungGen: 68448K->1549K(69120K)] 403999K->337100K(736768K), 0.0016228 secs] [Times: user=0.00 sys=0.00, real=0.00 secs] 
1796.080: [GC (Allocation Failure) [PSYoungGen: 68621K->1613K(69120K)] 404172K->337164K(736768K), 0.0016875 secs] [Times: user=0.01 sys=0.00, real=0.00 secs] 
1796.556: [GC (Allocation Failure) [PSYoungGen: 68685K->1533K(69120K)] 404236K->337084K(736768K), 0.0018599 secs] [Times: user=0.01 sys=0.00, real=0.00 secs] 
1797.487: [GC (Allocation Failure) [PSYoungGen: 68605K->1472K(69120K)] 404156K->337023K(736768K), 0.0039350 secs] [Times: user=0.01 sys=0.00, real=0.00 secs] 
1798.572: [GC (Allocation Failure) [PSYoungGen: 68544K->1344K(69120K)] 404095K->336895K(736768K), 0.0031997 secs] [Times: user=0.02 sys=0.00, real=0.01 secs] 
1799.131: [GC (Allocation Failure) [PSYoungGen: 68416K->1376K(69120K)] 403967K->336927K(736768K), 0.0025870 secs] [Times: user=0.01 sys=0.00, real=0.01 secs] 
1799.676: [GC (Allocation Failure) [PSYoungGen: 68448K->1456K(69120K)] 403999K->337007K(736768K), 0.0029172 secs] [Times: user=0.01 sys=0.00, real=0.00 secs] 
1800.035: [GC (Allocation Failure) [PSYoungGen: 68528K->1485K(69120K)] 404079K->337036K(736768K), 0.0018832 secs] [Times: user=0.01 sys=0.00, real=0.00 secs] 
1800.446: [GC (Allocation Failure) [PSYoungGen: 68557K->1533K(69120K)] 404108K->337108K(736768K), 0.0015416 secs] [Times: user=0.00 sys=0.00, real=0.00 secs] 
1800.912: [GC (Allocation Failure) [PSYoungGen: 68605K->1533K(69120K)] 404180K->337108K(736768K), 0.0017369 secs] [Times: user=0.01 sys=0.00, real=0.01 secs] 
1801.366: [GC (Allocation Failure) [PSYoungGen: 68605K->1613K(69120K)] 404180K->337196K(736768K), 0.0016834 secs] [Times: user=0.01 sys=0.00, real=0.00 secs] 
1802.161: [GC (Allocation Failure) [PSYoungGen: 68685K->1456K(69120K)] 404268K->337039K(736768K), 0.0042185 secs] [Times: user=0.01 sys=0.00, real=0.01 secs] 
1802.730: [GC (Allocation Failure) [PSYoungGen: 68528K->1408K(69120K)] 404111K->336991K(736768K), 0.0025678 secs] [Times: user=0.01 sys=0.00, real=0.00 secs] 
1803.013: [GC (Allocation Failure) [PSYoungGen: 68480K->1408K(69120K)] 404063K->336991K(736768K), 0.0025346 secs] [Times: user=0.01 sys=0.00, real=0.01 secs] 
1803.286: [GC (Allocation Failure) [PSYoungGen: 68480K->1376K(69120K)] 404063K->336959K(736768K), 0.0018948 secs] [Times: user=0.01 sys=0.00, real=0.00 secs] 
1803.732: [GC (Allocation Failure) [PSYoungGen: 68439K->1488K(69120K)] 404022K->337071K(736768K), 0.0023978 secs] [Times: user=0.01 sys=0.00, real=0.01 secs] 
1804.172: [GC (Allocation Failure) [PSYoungGen: 68560K->1533K(69120K)] 404143K->337116K(736768K), 0.0018177 secs] [Times: user=0.00 sys=0.00, real=0.01 secs] 
1804.641: [GC (Allocation Failure) [PSYoungGen: 68605K->1645K(69120K)] 404188K->337228K(736768K), 0.0017183 secs] [Times: user=0.01 sys=0.00, real=0.00 secs] 
1805.106: [GC (Allocation Failure) [PSYoungGen: 68717K->1533K(69120K)] 404300K->337132K(736768K), 0.0017446 secs] [Times: user=0.01 sys=0.00, real=0.00 secs] 
1805.634: [GC (Allocation Failure) [PSYoungGen: 68605K->1456K(69120K)] 404204K->337055K(736768K), 0.0031602 secs] [Times: user=0.01 sys=0.00, real=0.00 secs] 
1806.229: [GC (Allocation Failure) [PSYoungGen: 68528K->1376K(69120K)] 404127K->336975K(736768K), 0.0026835 secs] [Times: user=0.01 sys=0.00, real=0.00 secs] 
1806.592: [GC (Allocation Failure) [PSYoungGen: 68448K->1408K(69120K)] 404047K->337007K(736768K), 0.0019958 secs] [Times: user=0.01 sys=0.00, real=0.01 secs] 
1806.875: [GC (Allocation Failure) [PSYoungGen: 68480K->1360K(69120K)] 404079K->336959K(736768K), 0.0020382 secs] [Times: user=0.01 sys=0.00, real=0.00 secs] 
1807.241: [GC (Allocation Failure) [PSYoungGen: 68432K->1517K(69120K)] 404031K->337116K(736768K), 0.0016166 secs] [Times: user=0.01 sys=0.00, real=0.00 secs] 
1807.644: [GC (Allocation Failure) [PSYoungGen: 68589K->1581K(69120K)] 404188K->337180K(736768K), 0.0016659 secs] [Times: user=0.01 sys=0.00, real=0.00 secs] 
1808.049: [GC (Allocation Failure) [PSYoungGen: 68653K->1549K(69120K)] 404252K->337148K(736768K), 0.0018032 secs] [Times: user=0.00 sys=0.00, real=0.00 secs] 
1808.451: [GC (Allocation Failure) [PSYoungGen: 68621K->1581K(69120K)] 404220K->337196K(736768K), 0.0017116 secs] [Times: user=0.01 sys=0.00, real=0.00 secs] 
1809.262: [GC (Allocation Failure) [PSYoungGen: 68653K->1376K(69120K)] 404268K->336991K(736768K), 0.0023933 secs] [Times: user=0.01 sys=0.00, real=0.01 secs] 
1809.754: [GC (Allocation Failure) [PSYoungGen: 68448K->1360K(69120K)] 404063K->336999K(736768K), 0.0018784 secs] [Times: user=0.01 sys=0.00, real=0.00 secs] 
1810.033: [GC (Allocation Failure) [PSYoungGen: 68432K->1376K(69120K)] 404071K->337015K(736768K), 0.0019000 secs] [Times: user=0.01 sys=0.00, real=0.00 secs] 
1810.352: [GC (Allocation Failure) [PSYoungGen: 68448K->1360K(69120K)] 404087K->336999K(736768K), 0.0019899 secs] [Times: user=0.01 sys=0.00, real=0.01 secs] 
1810.786: [GC (Allocation Failure) [PSYoungGen: 68432K->1517K(69120K)] 404071K->337164K(736768K), 0.0016382 secs] [Times: user=0.01 sys=0.00, real=0.00 secs] 
1811.189: [GC (Allocation Failure) [PSYoungGen: 68583K->1581K(69120K)] 404230K->337228K(736768K), 0.0016638 secs] [Times: user=0.00 sys=0.00, real=0.00 secs] 
1811.596: [GC (Allocation Failure) [PSYoungGen: 68653K->1613K(69120K)] 404300K->337260K(736768K), 0.0016899 secs] [Times: user=0.00 sys=0.00, real=0.00 secs] 
1811.992: [GC (Allocation Failure) [PSYoungGen: 68438K->288K(69120K)] 404085K->335935K(736768K), 0.0015742 secs] [Times: user=0.00 sys=0.00, real=0.01 secs] 
1812.317: [GC (Allocation Failure) [PSYoungGen: 67360K->1360K(69120K)] 403007K->337007K(736768K), 0.0017594 secs] [Times: user=0.01 sys=0.00, real=0.00 secs] 
1812.625: [GC (Allocation Failure) [PSYoungGen: 68432K->1360K(69120K)] 404079K->337007K(736768K), 0.0017842 secs] [Times: user=0.01 sys=0.00, real=0.00 secs] 
1812.904: [GC (Allocation Failure) [PSYoungGen: 68432K->1408K(69120K)] 404079K->337055K(736768K), 0.0017979 secs] [Times: user=0.00 sys=0.00, real=0.00 secs] 
1813.183: [GC (Allocation Failure) [PSYoungGen: 68480K->1408K(69120K)] 404127K->337055K(736768K), 0.0018085 secs] [Times: user=0.00 sys=0.00, real=0.00 secs] 
1813.602: [GC (Allocation Failure) [PSYoungGen: 68480K->1552K(69120K)] 404127K->337199K(736768K), 0.0016721 secs] [Times: user=0.00 sys=0.00, real=0.01 secs] 
1814.006: [GC (Allocation Failure) [PSYoungGen: 68624K->1613K(69120K)] 404271K->337260K(736768K), 0.0016729 secs] [Times: user=0.01 sys=0.00, real=0.00 secs] 
1814.411: [GC (Allocation Failure) [PSYoungGen: 68685K->1613K(69120K)] 404332K->337260K(736768K), 0.0017061 secs] [Times: user=0.01 sys=0.00, real=0.00 secs] 
1814.835: [GC (Allocation Failure) [PSYoungGen: 68685K->1536K(69120K)] 404332K->337183K(736768K), 0.0017735 secs] [Times: user=0.01 sys=0.00, real=0.00 secs] 
1815.134: [GC (Allocation Failure) [PSYoungGen: 68608K->1376K(69120K)] 404255K->337031K(736768K), 0.0016993 secs] [Times: user=0.01 sys=0.00, real=0.00 secs] 
1815.491: [GC (Allocation Failure) [PSYoungGen: 68448K->1376K(69120K)] 404103K->337031K(736768K), 0.0018572 secs] [Times: user=0.01 sys=0.00, real=0.00 secs] 
1815.819: [GC (Allocation Failure) [PSYoungGen: 68448K->1408K(69120K)] 404103K->337063K(736768K), 0.0021379 secs] [Times: user=0.01 sys=0.00, real=0.00 secs] 
1816.113: [GC (Allocation Failure) [PSYoungGen: 68364K->272K(69120K)] 404019K->335927K(736768K), 0.0019556 secs] [Times: user=0.01 sys=0.00, real=0.00 secs] 
1816.528: [GC (Allocation Failure) [PSYoungGen: 67344K->1549K(69120K)] 402999K->337204K(736768K), 0.0016668 secs] [Times: user=0.01 sys=0.00, real=0.00 secs] 
1816.932: [GC (Allocation Failure) [PSYoungGen: 68621K->1533K(69120K)] 404276K->337188K(736768K), 0.0016767 secs] [Times: user=0.01 sys=0.00, real=0.01 secs] 
1817.335: [GC (Allocation Failure) [PSYoungGen: 68605K->1549K(69120K)] 404260K->337212K(736768K), 0.0016695 secs] [Times: user=0.01 sys=0.00, real=0.00 secs] 
1817.719: [GC (Allocation Failure) [PSYoungGen: 68621K->1456K(69120K)] 404284K->337119K(736768K), 0.0018564 secs] [Times: user=0.01 sys=0.00, real=0.00 secs] 
1817.998: [GC (Allocation Failure) [PSYoungGen: 68528K->1376K(69120K)] 404191K->337039K(736768K), 0.0019881 secs] [Times: user=0.01 sys=0.01, real=0.00 secs] 
1818.358: [GC (Allocation Failure) [PSYoungGen: 68448K->1376K(69120K)] 404111K->337039K(736768K), 0.0017239 secs] [Times: user=0.01 sys=0.00, real=0.00 secs] 
1818.892: [GC (Allocation Failure) [PSYoungGen: 68448K->1376K(69120K)] 404111K->337047K(736768K), 0.0016032 secs] [Times: user=0.01 sys=0.00, real=0.01 secs] 
1819.538: [GC (Allocation Failure) [PSYoungGen: 68448K->1437K(69120K)] 404119K->337108K(736768K), 0.0016376 secs] [Times: user=0.00 sys=0.00, real=0.00 secs] 
1819.939: [GC (Allocation Failure) [PSYoungGen: 68509K->1533K(69120K)] 404180K->337204K(736768K), 0.0016545 secs] [Times: user=0.00 sys=0.00, real=0.00 secs] 
1820.402: [GC (Allocation Failure) [PSYoungGen: 68605K->1517K(69120K)] 404276K->337188K(736768K), 0.0016972 secs] [Times: user=0.01 sys=0.00, real=0.01 secs] 
1820.806: [GC (Allocation Failure) [PSYoungGen: 68589K->1533K(69120K)] 404260K->337212K(736768K), 0.0018035 secs] [Times: user=0.01 sys=0.00, real=0.00 secs] 
1821.336: [GC (Allocation Failure) [PSYoungGen: 68605K->1472K(69120K)] 404284K->337151K(736768K), 0.0032098 secs] [Times: user=0.01 sys=0.00, real=0.00 secs] 
1821.739: [GC (Allocation Failure) [PSYoungGen: 68544K->1408K(69120K)] 404223K->337087K(736768K), 0.0019526 secs] [Times: user=0.01 sys=0.00, real=0.00 secs] 
1822.064: [GC (Allocation Failure) [PSYoungGen: 68480K->1360K(69120K)] 404159K->337039K(736768K), 0.0019435 secs] [Times: user=0.01 sys=0.00, real=0.00 secs] 
1822.556: [GC (Allocation Failure) [PSYoungGen: 68432K->1408K(69120K)] 404111K->337087K(736768K), 0.0019049 secs] [Times: user=0.01 sys=0.00, real=0.00 secs] 
1823.226: [GC (Allocation Failure) [PSYoungGen: 68480K->1485K(69120K)] 404159K->337164K(736768K), 0.0017513 secs] [Times: user=0.00 sys=0.00, real=0.00 secs] 
1823.629: [GC (Allocation Failure) [PSYoungGen: 68557K->1565K(69120K)] 404236K->337244K(736768K), 0.0017227 secs] [Times: user=0.01 sys=0.00, real=0.00 secs] 
1824.089: [GC (Allocation Failure) [PSYoungGen: 68637K->1549K(69120K)] 404316K->337228K(736768K), 0.0017791 secs] [Times: user=0.01 sys=0.00, real=0.00 secs] 
1824.550: [GC (Allocation Failure) [PSYoungGen: 68621K->1565K(69120K)] 404300K->337260K(736768K), 0.0017694 secs] [Times: user=0.01 sys=0.00, real=0.00 secs] 
1825.400: [GC (Allocation Failure) [PSYoungGen: 68637K->1408K(69120K)] 404332K->337103K(736768K), 0.0031949 secs] [Times: user=0.01 sys=0.00, real=0.01 secs] 
1826.012: [GC (Allocation Failure) [PSYoungGen: 68480K->1392K(69120K)] 404175K->337087K(736768K), 0.0035763 secs] [Times: user=0.01 sys=0.00, real=0.01 secs] 
1826.664: [GC (Allocation Failure) [PSYoungGen: 68464K->1344K(69120K)] 404159K->337039K(736768K), 0.0034058 secs] [Times: user=0.01 sys=0.00, real=0.00 secs] 
1827.474: [GC (Allocation Failure) [PSYoungGen: 68416K->1344K(69120K)] 404111K->337039K(736768K), 0.0033296 secs] [Times: user=0.01 sys=0.00, real=0.00 secs] 
1828.200: [GC (Allocation Failure) [PSYoungGen: 68416K->1517K(69120K)] 404111K->337212K(736768K), 0.0016268 secs] [Times: user=0.01 sys=0.00, real=0.00 secs] 
1828.602: [GC (Allocation Failure) [PSYoungGen: 68589K->1581K(69120K)] 404284K->337276K(736768K), 0.0017311 secs] [Times: user=0.01 sys=0.00, real=0.01 secs] 
1829.008: [GC (Allocation Failure) [PSYoungGen: 68653K->1517K(69120K)] 404348K->337212K(736768K), 0.0017747 secs] [Times: user=0.01 sys=0.00, real=0.00 secs] 
1829.420: [GC (Allocation Failure) [PSYoungGen: 68589K->1517K(69120K)] 404284K->337228K(736768K), 0.0017965 secs] [Times: user=0.01 sys=0.00, real=0.00 secs] 
1830.086: [GC (Allocation Failure) [PSYoungGen: 68589K->1424K(69120K)] 404300K->337135K(736768K), 0.0031397 secs] [Times: user=0.02 sys=0.00, real=0.00 secs] 
1830.632: [GC (Allocation Failure) [PSYoungGen: 68496K->1408K(69120K)] 404207K->337119K(736768K), 0.0025938 secs] [Times: user=0.02 sys=0.00, real=0.01 secs] 
1831.142: [GC (Allocation Failure) [PSYoungGen: 68480K->1392K(69120K)] 404191K->337103K(736768K), 0.0027363 secs] [Times: user=0.01 sys=0.00, real=0.01 secs] 
1831.668: [GC (Allocation Failure) [PSYoungGen: 68464K->1408K(69120K)] 404175K->337143K(736768K), 0.0025072 secs] [Times: user=0.01 sys=0.00, real=0.00 secs] 
1832.252: [GC (Allocation Failure) [PSYoungGen: 68480K->1517K(69120K)] 404215K->337252K(736768K), 0.0017269 secs] [Times: user=0.01 sys=0.00, real=0.01 secs] 
1832.654: [GC (Allocation Failure) [PSYoungGen: 68589K->1581K(69120K)] 404324K->337316K(736768K), 0.0016791 secs] [Times: user=0.01 sys=0.00, real=0.00 secs] 
1833.058: [GC (Allocation Failure) [PSYoungGen: 68653K->1581K(69120K)] 404388K->337316K(736768K), 0.0017096 secs] [Times: user=0.01 sys=0.00, real=0.00 secs] 
1833.486: [GC (Allocation Failure) [PSYoungGen: 68653K->2032K(69120K)] 404388K->337783K(736768K), 0.0017654 secs] [Times: user=0.01 sys=0.00, real=0.00 secs] 
1833.790: [GC (Allocation Failure) [PSYoungGen: 69104K->1408K(69120K)] 404855K->337159K(736768K), 0.0017148 secs] [Times: user=0.01 sys=0.00, real=0.00 secs] 
1834.105: [GC (Allocation Failure) [PSYoungGen: 68480K->1408K(69120K)] 404231K->337159K(736768K), 0.0026833 secs] [Times: user=0.01 sys=0.00, real=0.00 secs] 
1834.424: [GC (Allocation Failure) [PSYoungGen: 68480K->1376K(69120K)] 404231K->337127K(736768K), 0.0022217 secs] [Times: user=0.01 sys=0.00, real=0.00 secs] 
1834.710: [GC (Allocation Failure) [PSYoungGen: 68448K->1376K(69120K)] 404199K->337127K(736768K), 0.0018334 secs] [Times: user=0.01 sys=0.00, real=0.00 secs] 
1835.162: [GC (Allocation Failure) [PSYoungGen: 68448K->1549K(69120K)] 404199K->337300K(736768K), 0.0016916 secs] [Times: user=0.00 sys=0.00, real=0.01 secs] 
1835.565: [GC (Allocation Failure) [PSYoungGen: 68621K->1501K(69120K)] 404372K->337252K(736768K), 0.0017817 secs] [Times: user=0.01 sys=0.00, real=0.00 secs] 
1835.969: [GC (Allocation Failure) [PSYoungGen: 68573K->1549K(69120K)] 404324K->337300K(736768K), 0.0016160 secs] [Times: user=0.01 sys=0.00, real=0.00 secs] 
1836.700: [GC (Allocation Failure) [PSYoungGen: 68621K->1504K(69120K)] 404372K->337255K(736768K), 0.0023544 secs] [Times: user=0.01 sys=0.00, real=0.00 secs] 
1837.766: [GC (Allocation Failure) [PSYoungGen: 68576K->1376K(69120K)] 404327K->337127K(736768K), 0.0039408 secs] [Times: user=0.02 sys=0.00, real=0.00 secs] 
1838.741: [GC (Allocation Failure) [PSYoungGen: 68448K->1376K(69120K)] 404199K->337127K(736768K), 0.0037906 secs] [Times: user=0.02 sys=0.00, real=0.01 secs] 
1839.797: [GC (Allocation Failure) [PSYoungGen: 68448K->1408K(69120K)] 404199K->337159K(736768K), 0.0032267 secs] [Times: user=0.02 sys=0.00, real=0.00 secs] 
1840.623: [GC (Allocation Failure) [PSYoungGen: 68480K->1389K(69120K)] 404231K->337140K(736768K), 0.0025748 secs] [Times: user=0.01 sys=0.00, real=0.00 secs] 
1841.079: [GC (Allocation Failure) [PSYoungGen: 68461K->1581K(69120K)] 404212K->337332K(736768K), 0.0016734 secs] [Times: user=0.00 sys=0.00, real=0.00 secs] 
1841.484: [GC (Allocation Failure) [PSYoungGen: 68653K->1613K(69120K)] 404404K->337380K(736768K), 0.0016981 secs] [Times: user=0.01 sys=0.00, real=0.00 secs] 
1841.892: [GC (Allocation Failure) [PSYoungGen: 68685K->1536K(69120K)] 404452K->337319K(736768K), 0.0016149 secs] [Times: user=0.00 sys=0.00, real=0.01 secs] 
1842.789: [GC (Allocation Failure) [PSYoungGen: 68608K->1472K(69120K)] 404391K->337255K(736768K), 0.0033292 secs] [Times: user=0.01 sys=0.00, real=0.00 secs] 
1844.387: [GC (Allocation Failure) [PSYoungGen: 68544K->1408K(69120K)] 404327K->337191K(736768K), 0.0041370 secs] [Times: user=0.02 sys=0.00, real=0.00 secs] 
1845.394: [GC (Allocation Failure) [PSYoungGen: 68480K->1360K(69120K)] 404263K->337143K(736768K), 0.0038349 secs] [Times: user=0.01 sys=0.00, real=0.00 secs] 
1846.456: [GC (Allocation Failure) [PSYoungGen: 68432K->1344K(69120K)] 404215K->337127K(736768K), 0.0040629 secs] [Times: user=0.02 sys=0.00, real=0.00 secs] 
1847.535: [GC (Allocation Failure) [PSYoungGen: 68416K->1456K(69120K)] 404199K->337239K(736768K), 0.0020098 secs] [Times: user=0.01 sys=0.00, real=0.00 secs] 
1848.022: [GC (Allocation Failure) [PSYoungGen: 68528K->1584K(69120K)] 404311K->337367K(736768K), 0.0017463 secs] [Times: user=0.01 sys=0.00, real=0.01 secs] 
1848.426: [GC (Allocation Failure) [PSYoungGen: 68656K->1613K(69120K)] 404439K->337396K(736768K), 0.0016879 secs] [Times: user=0.01 sys=0.00, real=0.00 secs] 
1848.828: [GC (Allocation Failure) [PSYoungGen: 68685K->1616K(69120K)] 404468K->337415K(736768K), 0.0017422 secs] [Times: user=0.01 sys=0.00, real=0.00 secs] 
1849.569: [GC (Allocation Failure) [PSYoungGen: 68688K->1424K(69120K)] 404487K->337223K(736768K), 0.0055116 secs] [Times: user=0.02 sys=0.00, real=0.01 secs] 
1850.360: [GC (Allocation Failure) [PSYoungGen: 68496K->1408K(69120K)] 404295K->337207K(736768K), 0.0034197 secs] [Times: user=0.01 sys=0.00, real=0.01 secs] 
1850.925: [GC (Allocation Failure) [PSYoungGen: 68480K->1376K(69120K)] 404279K->337175K(736768K), 0.0029679 secs] [Times: user=0.02 sys=0.00, real=0.00 secs] 
1851.458: [GC (Allocation Failure) [PSYoungGen: 68448K->1344K(69120K)] 404247K->337143K(736768K), 0.0025604 secs] [Times: user=0.01 sys=0.01, real=0.00 secs] 
1852.170: [GC (Allocation Failure) [PSYoungGen: 68416K->1517K(69120K)] 404215K->337316K(736768K), 0.0016407 secs] [Times: user=0.01 sys=0.00, real=0.00 secs] 
1852.571: [GC (Allocation Failure) [PSYoungGen: 68589K->1501K(69120K)] 404388K->337300K(736768K), 0.0018115 secs] [Times: user=0.01 sys=0.00, real=0.00 secs] 
1852.975: [GC (Allocation Failure) [PSYoungGen: 68573K->1581K(69120K)] 404372K->337380K(736768K), 0.0017349 secs] [Times: user=0.00 sys=0.00, real=0.00 secs] 
1853.379: [GC (Allocation Failure) [PSYoungGen: 68653K->1613K(69120K)] 404452K->337436K(736768K), 0.0017002 secs] [Times: user=0.00 sys=0.00, real=0.00 secs] 
1853.692: [GC (Allocation Failure) [PSYoungGen: 68685K->1408K(69120K)] 404508K->337239K(736768K), 0.0017318 secs] [Times: user=0.00 sys=0.00, real=0.01 secs] 
1853.970: [GC (Allocation Failure) [PSYoungGen: 68480K->1392K(69120K)] 404311K->337223K(736768K), 0.0014882 secs] [Times: user=0.01 sys=0.00, real=0.00 secs] 
1854.249: [GC (Allocation Failure) [PSYoungGen: 68464K->1440K(69120K)] 404295K->337271K(736768K), 0.0030179 secs] [Times: user=0.01 sys=0.00, real=0.00 secs] 
1854.615: [GC (Allocation Failure) [PSYoungGen: 68512K->1376K(69120K)] 404343K->337207K(736768K), 0.0026911 secs] [Times: user=0.01 sys=0.00, real=0.00 secs] 
1855.166: [GC (Allocation Failure) [PSYoungGen: 68448K->1517K(69120K)] 404279K->337348K(736768K), 0.0016282 secs] [Times: user=0.01 sys=0.00, real=0.00 secs] 
1855.568: [GC (Allocation Failure) [PSYoungGen: 68584K->1552K(69120K)] 404415K->337383K(736768K), 0.0016770 secs] [Times: user=0.01 sys=0.00, real=0.00 secs] 
1855.971: [GC (Allocation Failure) [PSYoungGen: 68624K->1613K(69120K)] 404455K->337444K(736768K), 0.0016941 secs] [Times: user=0.01 sys=0.00, real=0.00 secs] 
1856.374: [GC (Allocation Failure) [PSYoungGen: 68685K->1581K(69120K)] 404516K->337420K(736768K), 0.0016814 secs] [Times: user=0.01 sys=0.00, real=0.00 secs] 
1856.717: [GC (Allocation Failure) [PSYoungGen: 68653K->1440K(69120K)] 404492K->337279K(736768K), 0.0017571 secs] [Times: user=0.01 sys=0.00, real=0.00 secs] 
1857.081: [GC (Allocation Failure) [PSYoungGen: 68512K->1344K(69120K)] 404351K->337183K(736768K), 0.0016366 secs] [Times: user=0.00 sys=0.00, real=0.00 secs] 
1857.428: [GC (Allocation Failure) [PSYoungGen: 68416K->1408K(69120K)] 404255K->337247K(736768K), 0.0027735 secs] [Times: user=0.01 sys=0.00, real=0.00 secs] 
1857.729: [GC (Allocation Failure) [PSYoungGen: 68480K->1376K(69120K)] 404319K->337215K(736768K), 0.0020673 secs] [Times: user=0.01 sys=0.00, real=0.00 secs] 
1858.183: [GC (Allocation Failure) [PSYoungGen: 68448K->1581K(69120K)] 404287K->337420K(736768K), 0.0017828 secs] [Times: user=0.00 sys=0.00, real=0.00 secs] 
1858.585: [GC (Allocation Failure) [PSYoungGen: 68653K->1581K(69120K)] 404492K->337436K(736768K), 0.0016820 secs] [Times: user=0.00 sys=0.00, real=0.00 secs] 
1858.988: [GC (Allocation Failure) [PSYoungGen: 68653K->1581K(69120K)] 404508K->337436K(736768K), 0.0016628 secs] [Times: user=0.01 sys=0.00, real=0.00 secs] 
1859.407: [GC (Allocation Failure) [PSYoungGen: 68653K->1536K(69120K)] 404508K->337391K(736768K), 0.0018861 secs] [Times: user=0.00 sys=0.00, real=0.00 secs] 
1859.685: [GC (Allocation Failure) [PSYoungGen: 68608K->1408K(69120K)] 404463K->337263K(736768K), 0.0017528 secs] [Times: user=0.00 sys=0.00, real=0.00 secs] 
1859.964: [GC (Allocation Failure) [PSYoungGen: 68480K->1408K(69120K)] 404335K->337263K(736768K), 0.0016617 secs] [Times: user=0.01 sys=0.00, real=0.00 secs] 
1860.250: [GC (Allocation Failure) [PSYoungGen: 68480K->1344K(69120K)] 404335K->337199K(736768K), 0.0024311 secs] [Times: user=0.01 sys=0.00, real=0.00 secs] 
1860.564: [GC (Allocation Failure) [PSYoungGen: 68416K->272K(69120K)] 404271K->336127K(736768K), 0.0023215 secs] [Times: user=0.01 sys=0.00, real=0.00 secs] 
1861.002: [GC (Allocation Failure) [PSYoungGen: 67344K->1613K(69120K)] 403199K->337468K(736768K), 0.0016672 secs] [Times: user=0.00 sys=0.01, real=0.01 secs] 
1861.405: [GC (Allocation Failure) [PSYoungGen: 68685K->1517K(69120K)] 404540K->337372K(736768K), 0.0017028 secs] [Times: user=0.00 sys=0.00, real=0.00 secs] 
1861.810: [GC (Allocation Failure) [PSYoungGen: 68589K->1581K(69120K)] 404444K->337436K(736768K), 0.0017084 secs] [Times: user=0.01 sys=0.00, real=0.00 secs] 
1862.607: [GC (Allocation Failure) [PSYoungGen: 68653K->1408K(69120K)] 404508K->337263K(736768K), 0.0029074 secs] [Times: user=0.01 sys=0.00, real=0.00 secs] 
1863.315: [GC (Allocation Failure) [PSYoungGen: 68480K->1408K(69120K)] 404335K->337263K(736768K), 0.0027634 secs] [Times: user=0.01 sys=0.00, real=0.00 secs] 
1864.052: [GC (Allocation Failure) [PSYoungGen: 68480K->1376K(69120K)] 404335K->337231K(736768K), 0.0025035 secs] [Times: user=0.01 sys=0.00, real=0.01 secs] 
1864.612: [GC (Allocation Failure) [PSYoungGen: 68448K->1408K(69120K)] 404303K->337263K(736768K), 0.0023114 secs] [Times: user=0.01 sys=0.00, real=0.01 secs] 
1865.156: [GC (Allocation Failure) [PSYoungGen: 68480K->1488K(69120K)] 404335K->337343K(736768K), 0.0018973 secs] [Times: user=0.01 sys=0.00, real=0.00 secs] 
1865.567: [GC (Allocation Failure) [PSYoungGen: 68560K->1613K(69120K)] 404415K->337468K(736768K), 0.0016714 secs] [Times: user=0.01 sys=0.00, real=0.00 secs] 
1865.969: [GC (Allocation Failure) [PSYoungGen: 68685K->1533K(69120K)] 404540K->337388K(736768K), 0.0016759 secs] [Times: user=0.01 sys=0.00, real=0.00 secs] 
1866.373: [GC (Allocation Failure) [PSYoungGen: 68605K->1581K(69120K)] 404460K->337452K(736768K), 0.0017321 secs] [Times: user=0.01 sys=0.00, real=0.01 secs] 
1866.844: [GC (Allocation Failure) [PSYoungGen: 68653K->1472K(69120K)] 404524K->337343K(736768K), 0.0020818 secs] [Times: user=0.01 sys=0.00, real=0.00 secs] 
1867.332: [GC (Allocation Failure) [PSYoungGen: 68544K->1392K(69120K)] 404415K->337263K(736768K), 0.0025502 secs] [Times: user=0.01 sys=0.00, real=0.01 secs] 
1867.931: [GC (Allocation Failure) [PSYoungGen: 68464K->1344K(69120K)] 404335K->337215K(736768K), 0.0027308 secs] [Times: user=0.01 sys=0.00, real=0.01 secs] 
1868.493: [GC (Allocation Failure) [PSYoungGen: 68416K->1408K(69120K)] 404287K->337279K(736768K), 0.0028389 secs] [Times: user=0.01 sys=0.00, real=0.01 secs] 
1869.054: [GC (Allocation Failure) [PSYoungGen: 68480K->1437K(69120K)] 404351K->337308K(736768K), 0.0015956 secs] [Times: user=0.01 sys=0.00, real=0.00 secs] 
1869.457: [GC (Allocation Failure) [PSYoungGen: 68509K->1581K(69120K)] 404380K->337452K(736768K), 0.0016744 secs] [Times: user=0.01 sys=0.00, real=0.00 secs] 
1869.861: [GC (Allocation Failure) [PSYoungGen: 68653K->1645K(69120K)] 404524K->337516K(736768K), 0.0017063 secs] [Times: user=0.01 sys=0.00, real=0.00 secs] 
1870.273: [GC (Allocation Failure) [PSYoungGen: 68717K->1533K(69120K)] 404588K->337412K(736768K), 0.0016976 secs] [Times: user=0.00 sys=0.00, real=0.00 secs] 
1870.608: [GC (Allocation Failure) [PSYoungGen: 68605K->1408K(69120K)] 404484K->337311K(736768K), 0.0016850 secs] [Times: user=0.01 sys=0.00, real=0.00 secs] 
1871.064: [GC (Allocation Failure) [PSYoungGen: 68480K->1376K(69120K)] 404383K->337279K(736768K), 0.0018153 secs] [Times: user=0.01 sys=0.01, real=0.00 secs] 
1871.840: [GC (Allocation Failure) [PSYoungGen: 68448K->1408K(69120K)] 404351K->337311K(736768K), 0.0027829 secs] [Times: user=0.01 sys=0.00, real=0.01 secs] 
1872.760: [GC (Allocation Failure) [PSYoungGen: 68480K->1376K(69120K)] 404383K->337279K(736768K), 0.0041420 secs] [Times: user=0.01 sys=0.00, real=0.01 secs] 
1873.673: [GC (Allocation Failure) [PSYoungGen: 68448K->1469K(69120K)] 404351K->337372K(736768K), 0.0017338 secs] [Times: user=0.01 sys=0.01, real=0.01 secs] 
1874.074: [GC (Allocation Failure) [PSYoungGen: 68541K->1565K(69120K)] 404444K->337468K(736768K), 0.0018306 secs] [Times: user=0.01 sys=0.00, real=0.00 secs] 
1874.543: [GC (Allocation Failure) [PSYoungGen: 68637K->1613K(69120K)] 404540K->337516K(736768K), 0.0017688 secs] [Times: user=0.00 sys=0.00, real=0.01 secs] 
1875.000: [GC (Allocation Failure) [PSYoungGen: 68685K->1584K(69120K)] 404588K->337503K(736768K), 0.0017072 secs] [Times: user=0.00 sys=0.00, real=0.00 secs] 
1875.412: [GC (Allocation Failure) [PSYoungGen: 68656K->1408K(69120K)] 404575K->337327K(736768K), 0.0023102 secs] [Times: user=0.01 sys=0.00, real=0.01 secs] 
1875.727: [GC (Allocation Failure) [PSYoungGen: 68480K->1344K(69120K)] 404399K->337263K(736768K), 0.0020114 secs] [Times: user=0.01 sys=0.00, real=0.00 secs] 
1876.066: [GC (Allocation Failure) [PSYoungGen: 68416K->1376K(69120K)] 404335K->337295K(736768K), 0.0021744 secs] [Times: user=0.01 sys=0.00, real=0.00 secs] 
1876.350: [GC (Allocation Failure) [PSYoungGen: 68448K->1376K(69120K)] 404367K->337295K(736768K), 0.0019521 secs] [Times: user=0.01 sys=0.00, real=0.00 secs] 
1876.777: [GC (Allocation Failure) [PSYoungGen: 68448K->1517K(69120K)] 404367K->337436K(736768K), 0.0016498 secs] [Times: user=0.01 sys=0.00, real=0.00 secs] 
1877.180: [GC (Allocation Failure) [PSYoungGen: 68589K->1520K(69120K)] 404508K->337439K(736768K), 0.0017080 secs] [Times: user=0.01 sys=0.00, real=0.00 secs] 
1877.583: [GC (Allocation Failure) [PSYoungGen: 68592K->1613K(69120K)] 404511K->337532K(736768K), 0.0016740 secs] [Times: user=0.01 sys=0.00, real=0.01 secs] 
1878.075: [GC (Allocation Failure) [PSYoungGen: 68685K->1744K(69120K)] 404604K->337663K(736768K), 0.0023565 secs] [Times: user=0.01 sys=0.00, real=0.00 secs] 
1878.639: [GC (Allocation Failure) [PSYoungGen: 68816K->1376K(69120K)] 404735K->337295K(736768K), 0.0022290 secs] [Times: user=0.01 sys=0.00, real=0.00 secs] 
1879.406: [GC (Allocation Failure) [PSYoungGen: 68448K->1344K(69120K)] 404367K->337263K(736768K), 0.0031913 secs] [Times: user=0.01 sys=0.00, real=0.00 secs] 
1879.939: [GC (Allocation Failure) [PSYoungGen: 68416K->1408K(69120K)] 404335K->337327K(736768K), 0.0027284 secs] [Times: user=0.01 sys=0.00, real=0.00 secs] 
1880.457: [GC (Allocation Failure) [PSYoungGen: 68480K->1344K(69120K)] 404399K->337279K(736768K), 0.0021872 secs] [Times: user=0.01 sys=0.00, real=0.00 secs] 
1881.064: [GC (Allocation Failure) [PSYoungGen: 68416K->1517K(69120K)] 404351K->337452K(736768K), 0.0017291 secs] [Times: user=0.01 sys=0.00, real=0.00 secs] 
1881.467: [GC (Allocation Failure) [PSYoungGen: 68589K->1501K(69120K)] 404524K->337436K(736768K), 0.0017980 secs] [Times: user=0.01 sys=0.00, real=0.00 secs] 
1881.929: [GC (Allocation Failure) [PSYoungGen: 68573K->1581K(69120K)] 404508K->337516K(736768K), 0.0017413 secs] [Times: user=0.01 sys=0.00, real=0.00 secs] 
1882.308: [GC (Allocation Failure) [PSYoungGen: 68653K->1472K(69120K)] 404588K->337407K(736768K), 0.0021070 secs] [Times: user=0.00 sys=0.00, real=0.00 secs] 
1882.933: [GC (Allocation Failure) [PSYoungGen: 68544K->1392K(69120K)] 404479K->337327K(736768K), 0.0030350 secs] [Times: user=0.01 sys=0.00, real=0.01 secs] 
1883.805: [GC (Allocation Failure) [PSYoungGen: 68464K->1376K(69120K)] 404399K->337311K(736768K), 0.0027594 secs] [Times: user=0.01 sys=0.00, real=0.00 secs] 
1885.088: [GC (Allocation Failure) [PSYoungGen: 68448K->1376K(69120K)] 404383K->337311K(736768K), 0.0039531 secs] [Times: user=0.02 sys=0.00, real=0.00 secs] 
1886.248: [GC (Allocation Failure) [PSYoungGen: 68448K->1424K(69120K)] 404383K->337359K(736768K), 0.0025422 secs] [Times: user=0.01 sys=0.00, real=0.00 secs] 
1886.802: [GC (Allocation Failure) [PSYoungGen: 68496K->1581K(69120K)] 404431K->337516K(736768K), 0.0018162 secs] [Times: user=0.01 sys=0.00, real=0.01 secs] 
1887.267: [GC (Allocation Failure) [PSYoungGen: 68653K->1584K(69120K)] 404588K->337519K(736768K), 0.0017335 secs] [Times: user=0.00 sys=0.00, real=0.00 secs] 
1887.670: [GC (Allocation Failure) [PSYoungGen: 68656K->1565K(69120K)] 404591K->337524K(736768K), 0.0017795 secs] [Times: user=0.01 sys=0.00, real=0.00 secs] 
1888.044: [GC (Allocation Failure) [PSYoungGen: 68637K->1504K(69120K)] 404596K->337463K(736768K), 0.0022635 secs] [Times: user=0.01 sys=0.00, real=0.00 secs] 
1888.374: [GC (Allocation Failure) [PSYoungGen: 68576K->1408K(69120K)] 404535K->337367K(736768K), 0.0021195 secs] [Times: user=0.01 sys=0.00, real=0.00 secs] 
1888.913: [GC (Allocation Failure) [PSYoungGen: 68480K->1344K(69120K)] 404439K->337303K(736768K), 0.0022262 secs] [Times: user=0.00 sys=0.00, real=0.00 secs] 
1889.507: [GC (Allocation Failure) [PSYoungGen: 68416K->1376K(69120K)] 404375K->337335K(736768K), 0.0023500 secs] [Times: user=0.01 sys=0.00, real=0.00 secs] 
1890.203: [GC (Allocation Failure) [PSYoungGen: 68448K->1485K(69120K)] 404407K->337444K(736768K), 0.0020949 secs] [Times: user=0.01 sys=0.00, real=0.01 secs] 
1890.629: [GC (Allocation Failure) [PSYoungGen: 68557K->1581K(69120K)] 404516K->337540K(736768K), 0.0016331 secs] [Times: user=0.01 sys=0.00, real=0.00 secs] 
1891.107: [GC (Allocation Failure) [PSYoungGen: 68647K->1533K(69120K)] 404606K->337492K(736768K), 0.0017565 secs] [Times: user=0.00 sys=0.00, real=0.00 secs] 
1891.510: [GC (Allocation Failure) [PSYoungGen: 68605K->1517K(69120K)] 404564K->337484K(736768K), 0.0016966 secs] [Times: user=0.01 sys=0.00, real=0.00 secs] 
1892.076: [GC (Allocation Failure) [PSYoungGen: 68589K->1424K(69120K)] 404556K->337391K(736768K), 0.0029715 secs] [Times: user=0.01 sys=0.00, real=0.00 secs] 
1892.371: [GC (Allocation Failure) [PSYoungGen: 68496K->1376K(69120K)] 404463K->337367K(736768K), 0.0019283 secs] [Times: user=0.00 sys=0.00, real=0.01 secs] 
1892.743: [GC (Allocation Failure) [PSYoungGen: 68448K->1344K(69120K)] 404439K->337335K(736768K), 0.0020348 secs] [Times: user=0.00 sys=0.00, real=0.01 secs] 
1893.338: [GC (Allocation Failure) [PSYoungGen: 68416K->1376K(69120K)] 404407K->337375K(736768K), 0.0023524 secs] [Times: user=0.01 sys=0.00, real=0.00 secs] 
1894.073: [GC (Allocation Failure) [PSYoungGen: 68448K->1456K(69120K)] 404447K->337455K(736768K), 0.0016557 secs] [Times: user=0.01 sys=0.00, real=0.01 secs] 
1894.537: [GC (Allocation Failure) [PSYoungGen: 68528K->1581K(69120K)] 404527K->337580K(736768K), 0.0016685 secs] [Times: user=0.01 sys=0.00, real=0.00 secs] 
1895.001: [GC (Allocation Failure) [PSYoungGen: 68653K->1533K(69120K)] 404652K->337532K(736768K), 0.0018181 secs] [Times: user=0.01 sys=0.00, real=0.01 secs] 
1895.403: [GC (Allocation Failure) [PSYoungGen: 68605K->1549K(69120K)] 404604K->337556K(736768K), 0.0017939 secs] [Times: user=0.00 sys=0.00, real=0.00 secs] 
1896.227: [GC (Allocation Failure) [PSYoungGen: 68621K->1440K(69120K)] 404628K->337447K(736768K), 0.0033288 secs] [Times: user=0.02 sys=0.00, real=0.00 secs] 
1897.046: [GC (Allocation Failure) [PSYoungGen: 68512K->1376K(69120K)] 404519K->337383K(736768K), 0.0032581 secs] [Times: user=0.02 sys=0.00, real=0.00 secs] 
1897.487: [GC (Allocation Failure) [PSYoungGen: 68448K->1344K(69120K)] 404455K->337351K(736768K), 0.0020269 secs] [Times: user=0.00 sys=0.00, real=0.00 secs] 
1897.839: [GC (Allocation Failure) [PSYoungGen: 68416K->1408K(69120K)] 404423K->337415K(736768K), 0.0021054 secs] [Times: user=0.01 sys=0.00, real=0.00 secs] 
1898.271: [GC (Allocation Failure) [PSYoungGen: 68480K->1488K(69120K)] 404487K->337495K(736768K), 0.0016274 secs] [Times: user=0.01 sys=0.00, real=0.00 secs] 
1898.672: [GC (Allocation Failure) [PSYoungGen: 68560K->1584K(69120K)] 404567K->337591K(736768K), 0.0017056 secs] [Times: user=0.00 sys=0.00, real=0.01 secs] 
1899.076: [GC (Allocation Failure) [PSYoungGen: 68656K->1501K(69120K)] 404663K->337508K(736768K), 0.0016777 secs] [Times: user=0.01 sys=0.00, real=0.00 secs] 
1899.479: [GC (Allocation Failure) [PSYoungGen: 68573K->1613K(69120K)] 404580K->337636K(736768K), 0.0017028 secs] [Times: user=0.01 sys=0.00, real=0.00 secs] 
1900.769: [GC (Allocation Failure) [PSYoungGen: 68685K->1408K(69120K)] 404708K->337431K(736768K), 0.0066698 secs] [Times: user=0.02 sys=0.01, real=0.01 secs] 
1901.750: [GC (Allocation Failure) [PSYoungGen: 68480K->1344K(69120K)] 404503K->337367K(736768K), 0.0032386 secs] [Times: user=0.02 sys=0.00, real=0.01 secs] 
1902.478: [GC (Allocation Failure) [PSYoungGen: 68416K->1376K(69120K)] 404439K->337423K(736768K), 0.0031356 secs] [Times: user=0.01 sys=0.00, real=0.00 secs] 
1903.033: [GC (Allocation Failure) [PSYoungGen: 68448K->1376K(69120K)] 404495K->337423K(736768K), 0.0027093 secs] [Times: user=0.01 sys=0.00, real=0.01 secs] 
1903.545: [GC (Allocation Failure) [PSYoungGen: 68448K->1501K(69120K)] 404495K->337548K(736768K), 0.0016776 secs] [Times: user=0.01 sys=0.00, real=0.00 secs] 
1903.949: [GC (Allocation Failure) [PSYoungGen: 68573K->1581K(69120K)] 404620K->337628K(736768K), 0.0017697 secs] [Times: user=0.00 sys=0.00, real=0.00 secs] 
1904.351: [GC (Allocation Failure) [PSYoungGen: 68653K->1613K(69120K)] 404700K->337660K(736768K), 0.0017164 secs] [Times: user=0.01 sys=0.00, real=0.01 secs] 
1904.819: [GC (Allocation Failure) [PSYoungGen: 68685K->1536K(69120K)] 404732K->337583K(736768K), 0.0020187 secs] [Times: user=0.01 sys=0.00, real=0.00 secs] 
1905.137: [GC (Allocation Failure) [PSYoungGen: 68608K->1408K(69120K)] 404655K->337455K(736768K), 0.0019851 secs] [Times: user=0.00 sys=0.00, real=0.00 secs] 
1905.609: [GC (Allocation Failure) [PSYoungGen: 68480K->1408K(69120K)] 404527K->337455K(736768K), 0.0019831 secs] [Times: user=0.01 sys=0.00, real=0.00 secs] 
1906.218: [GC (Allocation Failure) [PSYoungGen: 68480K->1376K(69120K)] 404527K->337423K(736768K), 0.0020003 secs] [Times: user=0.01 sys=0.00, real=0.00 secs] 
1907.135: [GC (Allocation Failure) [PSYoungGen: 68448K->1376K(69120K)] 404495K->337423K(736768K), 0.0024967 secs] [Times: user=0.01 sys=0.00, real=0.00 secs] 
1907.658: [GC (Allocation Failure) [PSYoungGen: 68448K->1581K(69120K)] 404495K->337628K(736768K), 0.0016472 secs] [Times: user=0.01 sys=0.00, real=0.00 secs] 
1908.062: [GC (Allocation Failure) [PSYoungGen: 68653K->1533K(69120K)] 404700K->337580K(736768K), 0.0016936 secs] [Times: user=0.00 sys=0.00, real=0.01 secs] 
1908.465: [GC (Allocation Failure) [PSYoungGen: 68605K->1549K(69120K)] 404652K->337596K(736768K), 0.0017059 secs] [Times: user=0.01 sys=0.00, real=0.00 secs] 
1908.905: [GC (Allocation Failure) [PSYoungGen: 68621K->1504K(69120K)] 404668K->337551K(736768K), 0.0019844 secs] [Times: user=0.00 sys=0.00, real=0.00 secs] 
1909.307: [GC (Allocation Failure) [PSYoungGen: 68576K->1408K(69120K)] 404623K->337455K(736768K), 0.0021559 secs] [Times: user=0.01 sys=0.00, real=0.00 secs] 
1909.599: [GC (Allocation Failure) [PSYoungGen: 68480K->1376K(69120K)] 404527K->337423K(736768K), 0.0019110 secs] [Times: user=0.01 sys=0.00, real=0.00 secs] 
1909.887: [GC (Allocation Failure) [PSYoungGen: 68448K->1360K(69120K)] 404495K->337423K(736768K), 0.0024463 secs] [Times: user=0.01 sys=0.00, real=0.00 secs] 
1910.259: [GC (Allocation Failure) [PSYoungGen: 68432K->1453K(69120K)] 404495K->337516K(736768K), 0.0016200 secs] [Times: user=0.00 sys=0.00, real=0.00 secs] 
1910.661: [GC (Allocation Failure) [PSYoungGen: 68525K->1533K(69120K)] 404588K->337596K(736768K), 0.0018216 secs] [Times: user=0.01 sys=0.00, real=0.00 secs] 
1911.136: [GC (Allocation Failure) [PSYoungGen: 68605K->1581K(69120K)] 404668K->337644K(736768K), 0.0016946 secs] [Times: user=0.01 sys=0.00, real=0.00 secs] 
1911.542: [GC (Allocation Failure) [PSYoungGen: 68653K->1549K(69120K)] 404716K->337628K(736768K), 0.0018203 secs] [Times: user=0.01 sys=0.00, real=0.01 secs] 
1912.100: [GC (Allocation Failure) [PSYoungGen: 68621K->1472K(69120K)] 404700K->337551K(736768K), 0.0019465 secs] [Times: user=0.01 sys=0.00, real=0.00 secs] 
1912.465: [GC (Allocation Failure) [PSYoungGen: 68544K->1392K(69120K)] 404623K->337471K(736768K), 0.0020486 secs] [Times: user=0.01 sys=0.00, real=0.00 secs] 
1912.744: [GC (Allocation Failure) [PSYoungGen: 68464K->1376K(69120K)] 404543K->337455K(736768K), 0.0023985 secs] [Times: user=0.01 sys=0.00, real=0.00 secs] 
1913.148: [GC (Allocation Failure) [PSYoungGen: 68448K->1408K(69120K)] 404527K->337487K(736768K), 0.0020627 secs] [Times: user=0.01 sys=0.00, real=0.00 secs] 
1913.776: [GC (Allocation Failure) [PSYoungGen: 68480K->1453K(69120K)] 404559K->337532K(736768K), 0.0015961 secs] [Times: user=0.00 sys=0.00, real=0.00 secs] 
1914.178: [GC (Allocation Failure) [PSYoungGen: 68525K->1645K(69120K)] 404604K->337724K(736768K), 0.0016684 secs] [Times: user=0.01 sys=0.00, real=0.00 secs] 
1914.645: [GC (Allocation Failure) [PSYoungGen: 68717K->1613K(69120K)] 404796K->337692K(736768K), 0.0017484 secs] [Times: user=0.01 sys=0.00, real=0.00 secs] 
1915.107: [GC (Allocation Failure) [PSYoungGen: 68685K->1568K(69120K)] 404764K->337663K(736768K), 0.0017912 secs] [Times: user=0.00 sys=0.00, real=0.00 secs] 
1915.446: [GC (Allocation Failure) [PSYoungGen: 68640K->1408K(69120K)] 404735K->337503K(736768K), 0.0023743 secs] [Times: user=0.01 sys=0.00, real=0.00 secs] 
1915.725: [GC (Allocation Failure) [PSYoungGen: 68480K->1328K(69120K)] 404575K->337423K(736768K), 0.0019272 secs] [Times: user=0.00 sys=0.00, real=0.00 secs] 
1916.004: [GC (Allocation Failure) [PSYoungGen: 68400K->1408K(69120K)] 404495K->337503K(736768K), 0.0020441 secs] [Times: user=0.01 sys=0.00, real=0.00 secs] 
1916.413: [GC (Allocation Failure) [PSYoungGen: 68480K->1408K(69120K)] 404575K->337503K(736768K), 0.0019613 secs] [Times: user=0.01 sys=0.00, real=0.00 secs] 
1916.890: [GC (GCLocker Initiated GC) [PSYoungGen: 68480K->1472K(69120K)] 404575K->337567K(736768K), 0.0016010 secs] [Times: user=0.00 sys=0.00, real=0.00 secs] 
1917.298: [GC (Allocation Failure) [PSYoungGen: 68544K->1520K(69120K)] 404832K->337808K(736768K), 0.0015949 secs] [Times: user=0.01 sys=0.00, real=0.00 secs] 
1917.701: [GC (Allocation Failure) [PSYoungGen: 68592K->1584K(69120K)] 404880K->337872K(736768K), 0.0017150 secs] [Times: user=0.00 sys=0.00, real=0.00 secs] 
1918.106: [GC (Allocation Failure) [PSYoungGen: 68656K->1645K(69120K)] 404944K->337949K(736768K), 0.0017149 secs] [Times: user=0.00 sys=0.00, real=0.00 secs] 
1918.748: [GC (Allocation Failure) [PSYoungGen: 68717K->1504K(69120K)] 405021K->337808K(736768K), 0.0023463 secs] [Times: user=0.01 sys=0.00, real=0.00 secs] 
1919.389: [GC (Allocation Failure) [PSYoungGen: 68576K->1472K(69120K)] 404880K->337776K(736768K), 0.0030961 secs] [Times: user=0.01 sys=0.00, real=0.00 secs] 
1920.028: [GC (Allocation Failure) [PSYoungGen: 68544K->1520K(69120K)] 404848K->337848K(736768K), 0.0024966 secs] [Times: user=0.01 sys=0.00, real=0.00 secs] 
1920.622: [GC (Allocation Failure) [PSYoungGen: 68592K->1472K(69120K)] 404920K->337800K(736768K), 0.0025969 secs] [Times: user=0.01 sys=0.00, real=0.01 secs] 
1921.227: [GC (Allocation Failure) [PSYoungGen: 68544K->1597K(69120K)] 404872K->337925K(736768K), 0.0016281 secs] [Times: user=0.00 sys=0.00, real=0.00 secs] 
1921.640: [GC (Allocation Failure) [PSYoungGen: 68669K->1645K(69120K)] 404997K->337973K(736768K), 0.0017219 secs] [Times: user=0.01 sys=0.00, real=0.00 secs] 
1922.043: [GC (Allocation Failure) [PSYoungGen: 68717K->1645K(69120K)] 405045K->337973K(736768K), 0.0015935 secs] [Times: user=0.00 sys=0.00, real=0.00 secs] 
1922.517: [GC (Allocation Failure) [PSYoungGen: 68717K->1856K(69120K)] 405045K->338192K(736768K), 0.0022242 secs] [Times: user=0.01 sys=0.00, real=0.00 secs] 
1923.140: [GC (Allocation Failure) [PSYoungGen: 68928K->1472K(69120K)] 405264K->337816K(736768K), 0.0031068 secs] [Times: user=0.02 sys=0.00, real=0.01 secs] 
1923.798: [GC (Allocation Failure) [PSYoungGen: 68544K->1472K(69120K)] 404888K->337816K(736768K), 0.0034280 secs] [Times: user=0.01 sys=0.00, real=0.00 secs] 
1924.416: [GC (Allocation Failure) [PSYoungGen: 68544K->1472K(69120K)] 404888K->337816K(736768K), 0.0031686 secs] [Times: user=0.01 sys=0.00, real=0.00 secs] 
1924.930: [GC (Allocation Failure) [PSYoungGen: 68544K->1440K(69120K)] 404888K->337832K(736768K), 0.0024047 secs] [Times: user=0.01 sys=0.00, real=0.00 secs] 
1925.506: [GC (Allocation Failure) [PSYoungGen: 68512K->1552K(69120K)] 404904K->337984K(736768K), 0.0017205 secs] [Times: user=0.00 sys=0.00, real=0.00 secs] 
1925.911: [GC (Allocation Failure) [PSYoungGen: 68624K->1549K(69120K)] 405056K->338013K(736768K), 0.0016415 secs] [Times: user=0.01 sys=0.00, real=0.00 secs] 
1926.314: [GC (Allocation Failure) [PSYoungGen: 68621K->1549K(69120K)] 405085K->338013K(736768K), 0.0017026 secs] [Times: user=0.01 sys=0.00, real=0.00 secs] 
1926.719: [GC (Allocation Failure) [PSYoungGen: 68621K->1504K(69120K)] 405085K->337984K(736768K), 0.0018174 secs] [Times: user=0.00 sys=0.00, real=0.00 secs] 
1927.010: [GC (Allocation Failure) [PSYoungGen: 68576K->1376K(69120K)] 405056K->337856K(736768K), 0.0018753 secs] [Times: user=0.01 sys=0.00, real=0.00 secs] 
1927.289: [GC (Allocation Failure) [PSYoungGen: 68448K->1408K(69120K)] 404928K->337888K(736768K), 0.0017717 secs] [Times: user=0.01 sys=0.00, real=0.00 secs] 
1927.567: [GC (Allocation Failure) [PSYoungGen: 68480K->1376K(69120K)] 404960K->337856K(736768K), 0.0017904 secs] [Times: user=0.01 sys=0.00, real=0.00 secs] 
1927.876: [GC (Allocation Failure) [PSYoungGen: 68448K->1421K(69120K)] 404928K->337901K(736768K), 0.0016260 secs] [Times: user=0.01 sys=0.00, real=0.00 secs] 
1928.340: [GC (Allocation Failure) [PSYoungGen: 68493K->1549K(69120K)] 404973K->338029K(736768K), 0.0018045 secs] [Times: user=0.00 sys=0.00, real=0.00 secs] 
1928.743: [GC (Allocation Failure) [PSYoungGen: 68621K->1581K(69120K)] 405101K->338069K(736768K), 0.0017969 secs] [Times: user=0.01 sys=0.00, real=0.00 secs] 
1929.147: [GC (Allocation Failure) [PSYoungGen: 68653K->1533K(69120K)] 405141K->338029K(736768K), 0.0018259 secs] [Times: user=0.01 sys=0.00, real=0.00 secs] 
1929.601: [GC (Allocation Failure) [PSYoungGen: 68605K->1472K(69120K)] 405101K->337984K(736768K), 0.0023083 secs] [Times: user=0.01 sys=0.00, real=0.00 secs] 
1929.902: [GC (Allocation Failure) [PSYoungGen: 68544K->1376K(69120K)] 405056K->337888K(736768K), 0.0020044 secs] [Times: user=0.01 sys=0.00, real=0.01 secs] 
1930.181: [GC (Allocation Failure) [PSYoungGen: 68448K->1392K(69120K)] 404960K->337912K(736768K), 0.0019839 secs] [Times: user=0.01 sys=0.00, real=0.01 secs] 
1930.745: [GC (Allocation Failure) [PSYoungGen: 68464K->1376K(69120K)] 404984K->337896K(736768K), 0.0022152 secs] [Times: user=0.00 sys=0.00, real=0.00 secs] 
1931.290: [GC (Allocation Failure) [PSYoungGen: 68448K->1408K(69120K)] 404968K->337928K(736768K), 0.0015283 secs] [Times: user=0.01 sys=0.00, real=0.00 secs] 
1931.744: [GC (Allocation Failure) [PSYoungGen: 68480K->1549K(69120K)] 405000K->338069K(736768K), 0.0018532 secs] [Times: user=0.01 sys=0.00, real=0.00 secs] 
1932.152: [GC (Allocation Failure) [PSYoungGen: 68621K->1581K(69120K)] 405141K->338101K(736768K), 0.0017816 secs] [Times: user=0.01 sys=0.00, real=0.01 secs] 
1932.556: [GC (Allocation Failure) [PSYoungGen: 68653K->1520K(69120K)] 405173K->338064K(736768K), 0.0017357 secs] [Times: user=0.00 sys=0.00, real=0.00 secs] 
1932.932: [GC (Allocation Failure) [PSYoungGen: 68592K->1424K(69120K)] 405136K->337968K(736768K), 0.0030207 secs] [Times: user=0.01 sys=0.00, real=0.01 secs] 
1933.218: [GC (Allocation Failure) [PSYoungGen: 68496K->1344K(69120K)] 405040K->337888K(736768K), 0.0030987 secs] [Times: user=0.01 sys=0.00, real=0.00 secs] 
1933.498: [GC (Allocation Failure) [PSYoungGen: 68416K->1376K(69120K)] 404960K->337920K(736768K), 0.0020067 secs] [Times: user=0.01 sys=0.00, real=0.00 secs] 
1933.979: [GC (Allocation Failure) [PSYoungGen: 68448K->1408K(69120K)] 404992K->337952K(736768K), 0.0017897 secs] [Times: user=0.01 sys=0.00, real=0.00 secs] 
1934.431: [GC (Allocation Failure) [PSYoungGen: 68480K->1501K(69120K)] 405024K->338045K(736768K), 0.0016431 secs] [Times: user=0.00 sys=0.00, real=0.00 secs] 
1934.836: [GC (Allocation Failure) [PSYoungGen: 68573K->1581K(69120K)] 405117K->338125K(736768K), 0.0017278 secs] [Times: user=0.01 sys=0.00, real=0.00 secs] 
1935.310: [GC (Allocation Failure) [PSYoungGen: 68653K->1552K(69120K)] 405197K->338096K(736768K), 0.0017824 secs] [Times: user=0.00 sys=0.00, real=0.00 secs] 
1935.776: [GC (Allocation Failure) [PSYoungGen: 68624K->1552K(69120K)] 405168K->338120K(736768K), 0.0017776 secs] [Times: user=0.01 sys=0.00, real=0.00 secs] 
1936.408: [GC (Allocation Failure) [PSYoungGen: 68624K->1408K(69120K)] 405192K->337992K(736768K), 0.0036479 secs] [Times: user=0.01 sys=0.00, real=0.00 secs] 
1937.011: [GC (Allocation Failure) [PSYoungGen: 68480K->1440K(69120K)] 405064K->338024K(736768K), 0.0023400 secs] [Times: user=0.01 sys=0.00, real=0.01 secs] 
1937.747: [GC (Allocation Failure) [PSYoungGen: 68512K->1440K(69120K)] 405096K->338024K(736768K), 0.0024038 secs] [Times: user=0.01 sys=0.00, real=0.00 secs] 
1938.598: [GC (Allocation Failure) [PSYoungGen: 68512K->1408K(69120K)] 405096K->337992K(736768K), 0.0039532 secs] [Times: user=0.01 sys=0.00, real=0.00 secs] 
1939.268: [GC (Allocation Failure) [PSYoungGen: 68480K->1549K(69120K)] 405064K->338133K(736768K), 0.0017898 secs] [Times: user=0.00 sys=0.00, real=0.00 secs] 
1939.671: [GC (Allocation Failure) [PSYoungGen: 68611K->1549K(69120K)] 405196K->338133K(736768K), 0.0016277 secs] [Times: user=0.01 sys=0.00, real=0.00 secs] 
1940.074: [GC (Allocation Failure) [PSYoungGen: 68621K->1613K(69120K)] 405205K->338197K(736768K), 0.0018752 secs] [Times: user=0.01 sys=0.00, real=0.00 secs] 
1940.478: [GC (Allocation Failure) [PSYoungGen: 68685K->1581K(69120K)] 405269K->338181K(736768K), 0.0016581 secs] [Times: user=0.00 sys=0.00, real=0.00 secs] 
1940.827: [GC (Allocation Failure) [PSYoungGen: 68653K->1440K(69120K)] 405253K->338056K(736768K), 0.0016356 secs] [Times: user=0.00 sys=0.00, real=0.00 secs] 
1941.112: [GC (Allocation Failure) [PSYoungGen: 68512K->1440K(69120K)] 405128K->338056K(736768K), 0.0017140 secs] [Times: user=0.01 sys=0.00, real=0.01 secs] 
1941.390: [GC (Allocation Failure) [PSYoungGen: 68512K->1408K(69120K)] 405128K->338024K(736768K), 0.0017680 secs] [Times: user=0.01 sys=0.00, real=0.00 secs] 
1941.691: [GC (Allocation Failure) [PSYoungGen: 68480K->1440K(69120K)] 405096K->338056K(736768K), 0.0017374 secs] [Times: user=0.01 sys=0.00, real=0.00 secs] 
1942.180: [GC (Allocation Failure) [PSYoungGen: 68512K->1581K(69120K)] 405128K->338197K(736768K), 0.0016269 secs] [Times: user=0.00 sys=0.00, real=0.00 secs] 
1942.585: [GC (Allocation Failure) [PSYoungGen: 68627K->1613K(69120K)] 405244K->338229K(736768K), 0.0017050 secs] [Times: user=0.01 sys=0.00, real=0.00 secs] 
1942.989: [GC (Allocation Failure) [PSYoungGen: 68685K->1597K(69120K)] 405301K->338213K(736768K), 0.0016871 secs] [Times: user=0.01 sys=0.00, real=0.00 secs] 
1943.931: [GC (Allocation Failure) [PSYoungGen: 68669K->1504K(69120K)] 405285K->338144K(736768K), 0.0032361 secs] [Times: user=0.01 sys=0.00, real=0.01 secs] 
1944.261: [GC (Allocation Failure) [PSYoungGen: 68576K->1376K(69120K)] 405216K->338016K(736768K), 0.0019875 secs] [Times: user=0.01 sys=0.00, real=0.00 secs] 
1944.540: [GC (Allocation Failure) [PSYoungGen: 68448K->1408K(69120K)] 405088K->338048K(736768K), 0.0019556 secs] [Times: user=0.01 sys=0.00, real=0.00 secs] 
1944.818: [GC (Allocation Failure) [PSYoungGen: 68480K->1408K(69120K)] 405120K->338048K(736768K), 0.0018754 secs] [Times: user=0.01 sys=0.00, real=0.00 secs] 
1945.097: [GC (Allocation Failure) [PSYoungGen: 68480K->1344K(69120K)] 405120K->337984K(736768K), 0.0018265 secs] [Times: user=0.01 sys=0.00, real=0.00 secs] 
1945.523: [GC (Allocation Failure) [PSYoungGen: 68416K->1533K(69120K)] 405056K->338173K(736768K), 0.0016652 secs] [Times: user=0.01 sys=0.00, real=0.00 secs] 
1945.929: [GC (Allocation Failure) [PSYoungGen: 68605K->1549K(69120K)] 405245K->338189K(736768K), 0.0016866 secs] [Times: user=0.01 sys=0.00, real=0.00 secs] 
1946.331: [GC (Allocation Failure) [PSYoungGen: 68621K->1581K(69120K)] 405261K->338221K(736768K), 0.0016897 secs] [Times: user=0.00 sys=0.00, real=0.01 secs] 
1946.700: [GC (Allocation Failure) [PSYoungGen: 68653K->1472K(69120K)] 405293K->338112K(736768K), 0.0018080 secs] [Times: user=0.01 sys=0.00, real=0.00 secs] 
1946.979: [GC (Allocation Failure) [PSYoungGen: 68544K->1376K(69120K)] 405184K->338016K(736768K), 0.0017884 secs] [Times: user=0.01 sys=0.00, real=0.00 secs] 
1947.258: [GC (Allocation Failure) [PSYoungGen: 68448K->1408K(69120K)] 405088K->338048K(736768K), 0.0017615 secs] [Times: user=0.00 sys=0.00, real=0.00 secs] 
1947.536: [GC (Allocation Failure) [PSYoungGen: 68480K->1376K(69120K)] 405120K->338016K(736768K), 0.0017858 secs] [Times: user=0.01 sys=0.00, real=0.00 secs] 
1947.866: [GC (Allocation Failure) [PSYoungGen: 68448K->1453K(69120K)] 405088K->338093K(736768K), 0.0015819 secs] [Times: user=0.01 sys=0.00, real=0.00 secs] 
1948.268: [GC (Allocation Failure) [PSYoungGen: 68525K->1581K(69120K)] 405165K->338221K(736768K), 0.0017470 secs] [Times: user=0.00 sys=0.00, real=0.00 secs] 
1948.672: [GC (Allocation Failure) [PSYoungGen: 68653K->1549K(69120K)] 405293K->338205K(736768K), 0.0016922 secs] [Times: user=0.01 sys=0.00, real=0.01 secs] 
1949.075: [GC (Allocation Failure) [PSYoungGen: 68621K->1581K(69120K)] 405277K->338253K(736768K), 0.0016914 secs] [Times: user=0.00 sys=0.00, real=0.00 secs] 
1949.504: [GC (Allocation Failure) [PSYoungGen: 68653K->1504K(69120K)] 405325K->338176K(736768K), 0.0017567 secs] [Times: user=0.00 sys=0.00, real=0.00 secs] 
1949.840: [GC (Allocation Failure) [PSYoungGen: 68576K->1376K(69120K)] 405248K->338048K(736768K), 0.0018294 secs] [Times: user=0.01 sys=0.00, real=0.00 secs] 
1950.132: [GC (Allocation Failure) [PSYoungGen: 68448K->1408K(69120K)] 405120K->338080K(736768K), 0.0029271 secs] [Times: user=0.02 sys=0.00, real=0.01 secs] 
1950.467: [GC (Allocation Failure) [PSYoungGen: 68480K->1408K(69120K)] 405152K->338080K(736768K), 0.0025207 secs] [Times: user=0.01 sys=0.00, real=0.00 secs] 
1950.983: [GC (Allocation Failure) [PSYoungGen: 68480K->1453K(69120K)] 405152K->338125K(736768K), 0.0015743 secs] [Times: user=0.00 sys=0.00, real=0.00 secs] 
1951.388: [GC (Allocation Failure) [PSYoungGen: 68525K->1581K(69120K)] 405197K->338253K(736768K), 0.0017032 secs] [Times: user=0.00 sys=0.00, real=0.00 secs] 
1951.793: [GC (Allocation Failure) [PSYoungGen: 68653K->1549K(69120K)] 405325K->338221K(736768K), 0.0016826 secs] [Times: user=0.00 sys=0.00, real=0.00 secs] 
1952.205: [GC (Allocation Failure) [PSYoungGen: 68621K->1581K(69120K)] 405293K->338269K(736768K), 0.0016848 secs] [Times: user=0.00 sys=0.00, real=0.00 secs] 
1952.586: [GC (Allocation Failure) [PSYoungGen: 68653K->1408K(69120K)] 405341K->338096K(736768K), 0.0017039 secs] [Times: user=0.01 sys=0.01, real=0.00 secs] 
1952.898: [GC (Allocation Failure) [PSYoungGen: 68480K->1376K(69120K)] 405168K->338064K(736768K), 0.0017161 secs] [Times: user=0.00 sys=0.00, real=0.00 secs] 
1953.191: [GC (Allocation Failure) [PSYoungGen: 68448K->1408K(69120K)] 405136K->338096K(736768K), 0.0030769 secs] [Times: user=0.01 sys=0.00, real=0.01 secs] 
1953.472: [GC (Allocation Failure) [PSYoungGen: 68480K->1376K(69120K)] 405168K->338064K(736768K), 0.0019807 secs] [Times: user=0.01 sys=0.00, real=0.01 secs] 
1953.920: [GC (Allocation Failure) [PSYoungGen: 68448K->1552K(69120K)] 405136K->338240K(736768K), 0.0016470 secs] [Times: user=0.00 sys=0.00, real=0.00 secs] 
1954.322: [GC (Allocation Failure) [PSYoungGen: 68624K->1581K(69120K)] 405312K->338269K(736768K), 0.0016878 secs] [Times: user=0.01 sys=0.00, real=0.01 secs] 
1954.725: [GC (Allocation Failure) [PSYoungGen: 68653K->1581K(69120K)] 405341K->338269K(736768K), 0.0017017 secs] [Times: user=0.00 sys=0.00, real=0.00 secs] 
1955.129: [GC (Allocation Failure) [PSYoungGen: 68653K->1581K(69120K)] 405341K->338285K(736768K), 0.0016961 secs] [Times: user=0.01 sys=0.00, real=0.00 secs] 
1955.508: [GC (Allocation Failure) [PSYoungGen: 68653K->1408K(69120K)] 405357K->338112K(736768K), 0.0019328 secs] [Times: user=0.00 sys=0.00, real=0.00 secs] 
1955.820: [GC (Allocation Failure) [PSYoungGen: 68480K->1408K(69120K)] 405184K->338112K(736768K), 0.0020559 secs] [Times: user=0.01 sys=0.01, real=0.00 secs] 
1956.099: [GC (Allocation Failure) [PSYoungGen: 68480K->1408K(69120K)] 405184K->338112K(736768K), 0.0021823 secs] [Times: user=0.01 sys=0.00, real=0.00 secs] 
1956.661: [GC (Allocation Failure) [PSYoungGen: 68480K->1344K(69120K)] 405184K->338048K(736768K), 0.0023302 secs] [Times: user=0.01 sys=0.00, real=0.01 secs] 
1957.201: [GC (Allocation Failure) [PSYoungGen: 68416K->1485K(69120K)] 405120K->338189K(736768K), 0.0016635 secs] [Times: user=0.01 sys=0.00, real=0.00 secs] 
1957.605: [GC (Allocation Failure) [PSYoungGen: 68557K->1549K(69120K)] 405261K->338253K(736768K), 0.0017433 secs] [Times: user=0.01 sys=0.00, real=0.00 secs] 
1958.008: [GC (Allocation Failure) [PSYoungGen: 68621K->1581K(69120K)] 405325K->338285K(736768K), 0.0015476 secs] [Times: user=0.00 sys=0.00, real=0.00 secs] 
1958.482: [GC (Allocation Failure) [PSYoungGen: 68653K->2032K(69120K)] 405357K->338736K(736768K), 0.0019340 secs] [Times: user=0.01 sys=0.00, real=0.01 secs] 
1959.163: [GC (Allocation Failure) [PSYoungGen: 69104K->1376K(69120K)] 405808K->338080K(736768K), 0.0017880 secs] [Times: user=0.01 sys=0.00, real=0.01 secs] 
1959.800: [GC (Allocation Failure) [PSYoungGen: 68448K->1376K(69120K)] 405152K->338096K(736768K), 0.0028517 secs] [Times: user=0.01 sys=0.00, real=0.01 secs] 
1960.345: [GC (Allocation Failure) [PSYoungGen: 68448K->1376K(69120K)] 405168K->338096K(736768K), 0.0026767 secs] [Times: user=0.01 sys=0.00, real=0.00 secs] 
1960.835: [GC (Allocation Failure) [PSYoungGen: 68448K->1376K(69120K)] 405168K->338096K(736768K), 0.0031021 secs] [Times: user=0.01 sys=0.00, real=0.00 secs] 
1961.428: [GC (Allocation Failure) [PSYoungGen: 68448K->1549K(69120K)] 405168K->338269K(736768K), 0.0017759 secs] [Times: user=0.01 sys=0.00, real=0.00 secs] 
1961.895: [GC (GCLocker Initiated GC) [PSYoungGen: 68621K->1552K(69120K)] 405341K->338272K(736768K), 0.0017809 secs] [Times: user=0.01 sys=0.00, real=0.00 secs] 
1962.303: [GC (Allocation Failure) [PSYoungGen: 68624K->1469K(69120K)] 405538K->338383K(736768K), 0.0018867 secs] [Times: user=0.00 sys=0.00, real=0.01 secs] 
1962.881: [GC (Allocation Failure) [PSYoungGen: 68541K->1568K(69120K)] 405455K->338482K(736768K), 0.0020567 secs] [Times: user=0.01 sys=0.00, real=0.01 secs] 
1963.489: [GC (Allocation Failure) [PSYoungGen: 68640K->1472K(69120K)] 405554K->338386K(736768K), 0.0034703 secs] [Times: user=0.02 sys=0.00, real=0.00 secs] 
1964.063: [GC (Allocation Failure) [PSYoungGen: 68544K->1504K(69120K)] 405458K->338418K(736768K), 0.0028078 secs] [Times: user=0.02 sys=0.00, real=0.01 secs] 
1964.652: [GC (Allocation Failure) [PSYoungGen: 68576K->1488K(69120K)] 405490K->338402K(736768K), 0.0023173 secs] [Times: user=0.00 sys=0.00, real=0.01 secs] 
1965.318: [GC (Allocation Failure) [PSYoungGen: 68560K->1520K(69120K)] 405474K->338434K(736768K), 0.0025820 secs] [Times: user=0.01 sys=0.00, real=0.00 secs] 
1965.796: [GC (Allocation Failure) [PSYoungGen: 68592K->1677K(69120K)] 405506K->338591K(736768K), 0.0017265 secs] [Times: user=0.01 sys=0.00, real=0.00 secs] 
1966.261: [GC (Allocation Failure) [PSYoungGen: 68749K->1677K(69120K)] 405663K->338591K(736768K), 0.0016743 secs] [Times: user=0.01 sys=0.00, real=0.00 secs] 
1966.665: [GC (Allocation Failure) [PSYoungGen: 68749K->1709K(69120K)] 405663K->338631K(736768K), 0.0017779 secs] [Times: user=0.01 sys=0.00, real=0.00 secs] 
1967.071: [GC (Allocation Failure) [PSYoungGen: 68781K->1568K(69120K)] 405703K->338490K(736768K), 0.0027226 secs] [Times: user=0.01 sys=0.00, real=0.01 secs] 
1967.649: [GC (Allocation Failure) [PSYoungGen: 68640K->1472K(69120K)] 405562K->338394K(736768K), 0.0022821 secs] [Times: user=0.01 sys=0.00, real=0.00 secs] 
1968.162: [GC (Allocation Failure) [PSYoungGen: 68544K->1456K(69120K)] 405466K->338378K(736768K), 0.0023340 secs] [Times: user=0.01 sys=0.00, real=0.01 secs] 
1968.700: [GC (Allocation Failure) [PSYoungGen: 68528K->1504K(69120K)] 405450K->338426K(736768K), 0.0029992 secs] [Times: user=0.01 sys=0.00, real=0.01 secs] 
1969.291: [GC (Allocation Failure) [PSYoungGen: 68575K->1501K(69120K)] 405497K->338471K(736768K), 0.0016053 secs] [Times: user=0.01 sys=0.00, real=0.00 secs] 
1969.693: [GC (Allocation Failure) [PSYoungGen: 68573K->1677K(69120K)] 405543K->338647K(736768K), 0.0017180 secs] [Times: user=0.01 sys=0.00, real=0.01 secs] 
1970.098: [GC (Allocation Failure) [PSYoungGen: 68749K->1645K(69120K)] 405719K->338623K(736768K), 0.0016503 secs] [Times: user=0.01 sys=0.00, real=0.00 secs] 
1970.563: [GC (Allocation Failure) [PSYoungGen: 68717K->1501K(69120K)] 405695K->338559K(736768K), 0.0017803 secs] [Times: user=0.00 sys=0.00, real=0.01 secs] 
1970.995: [GC (Allocation Failure) [PSYoungGen: 68573K->1408K(69120K)] 405631K->338490K(736768K), 0.0021506 secs] [Times: user=0.00 sys=0.00, real=0.00 secs] 
1971.275: [GC (Allocation Failure) [PSYoungGen: 68480K->1408K(69120K)] 405562K->338490K(736768K), 0.0019909 secs] [Times: user=0.01 sys=0.00, real=0.00 secs] 
1971.602: [GC (Allocation Failure) [PSYoungGen: 68480K->1376K(69120K)] 405562K->338458K(736768K), 0.0018473 secs] [Times: user=0.01 sys=0.00, real=0.01 secs] 
1971.881: [GC (Allocation Failure) [PSYoungGen: 68448K->1376K(69120K)] 405530K->338458K(736768K), 0.0019415 secs] [Times: user=0.00 sys=0.00, real=0.00 secs] 
1972.268: [GC (Allocation Failure) [PSYoungGen: 68448K->1517K(69120K)] 405530K->338599K(736768K), 0.0015635 secs] [Times: user=0.01 sys=0.00, real=0.00 secs] 
1972.682: [GC (Allocation Failure) [PSYoungGen: 68589K->1584K(69120K)] 405671K->338666K(736768K), 0.0015652 secs] [Times: user=0.01 sys=0.00, real=0.01 secs] 
1973.089: [GC (Allocation Failure) [PSYoungGen: 68656K->1581K(69120K)] 405738K->338671K(736768K), 0.0016775 secs] [Times: user=0.01 sys=0.00, real=0.00 secs] 
1973.550: [GC (Allocation Failure) [PSYoungGen: 68653K->1533K(69120K)] 405743K->338639K(736768K), 0.0017608 secs] [Times: user=0.00 sys=0.00, real=0.00 secs] 
1973.882: [GC (Allocation Failure) [PSYoungGen: 68605K->1440K(69120K)] 405711K->338546K(736768K), 0.0020668 secs] [Times: user=0.01 sys=0.00, real=0.01 secs] 
1974.161: [GC (Allocation Failure) [PSYoungGen: 68512K->1376K(69120K)] 405618K->338482K(736768K), 0.0019919 secs] [Times: user=0.01 sys=0.00, real=0.01 secs] 
1974.440: [GC (Allocation Failure) [PSYoungGen: 68448K->1408K(69120K)] 405554K->338514K(736768K), 0.0019938 secs] [Times: user=0.00 sys=0.00, real=0.00 secs] 
1974.719: [GC (Allocation Failure) [PSYoungGen: 68480K->1440K(69120K)] 405586K->338546K(736768K), 0.0019533 secs] [Times: user=0.01 sys=0.00, real=0.00 secs] 
1975.111: [GC (Allocation Failure) [PSYoungGen: 68512K->1440K(69120K)] 405618K->338546K(736768K), 0.0016256 secs] [Times: user=0.01 sys=0.00, real=0.00 secs] 
1975.513: [GC (Allocation Failure) [PSYoungGen: 68512K->1549K(69120K)] 405618K->338655K(736768K), 0.0017655 secs] [Times: user=0.00 sys=0.00, real=0.00 secs] 
1975.919: [GC (Allocation Failure) [PSYoungGen: 68621K->1549K(69120K)] 405727K->338655K(736768K), 0.0016485 secs] [Times: user=0.01 sys=0.00, real=0.00 secs] 
1976.434: [GC (Allocation Failure) [PSYoungGen: 68621K->1600K(69120K)] 405727K->338706K(736768K), 0.0019407 secs] [Times: user=0.01 sys=0.00, real=0.00 secs] 
1976.755: [GC (Allocation Failure) [PSYoungGen: 68672K->1376K(69120K)] 405778K->338482K(736768K), 0.0019557 secs] [Times: user=0.01 sys=0.00, real=0.00 secs] 
1977.068: [GC (Allocation Failure) [PSYoungGen: 68448K->1376K(69120K)] 405554K->338482K(736768K), 0.0018271 secs] [Times: user=0.01 sys=0.00, real=0.00 secs] 
1977.348: [GC (Allocation Failure) [PSYoungGen: 68448K->1392K(69120K)] 405554K->338498K(736768K), 0.0018226 secs] [Times: user=0.01 sys=0.00, real=0.00 secs] 
1977.626: [GC (Allocation Failure) [PSYoungGen: 68464K->1376K(69120K)] 405570K->338490K(736768K), 0.0019188 secs] [Times: user=0.00 sys=0.00, real=0.00 secs] 
1978.039: [GC (Allocation Failure) [PSYoungGen: 68448K->1581K(69120K)] 405562K->338695K(736768K), 0.0015831 secs] [Times: user=0.01 sys=0.00, real=0.00 secs] 
1978.441: [GC (Allocation Failure) [PSYoungGen: 68623K->1613K(69120K)] 405737K->338743K(736768K), 0.0017183 secs] [Times: user=0.01 sys=0.00, real=0.00 secs] 
1978.844: [GC (Allocation Failure) [PSYoungGen: 68685K->1549K(69120K)] 405815K->338679K(736768K), 0.0017669 secs] [Times: user=0.00 sys=0.00, real=0.00 secs] 
1979.257: [GC (Allocation Failure) [PSYoungGen: 68621K->1472K(69120K)] 405751K->338602K(736768K), 0.0019075 secs] [Times: user=0.01 sys=0.00, real=0.00 secs] 
1979.542: [GC (Allocation Failure) [PSYoungGen: 68544K->1376K(69120K)] 405674K->338506K(736768K), 0.0017160 secs] [Times: user=0.00 sys=0.00, real=0.01 secs] 
1979.894: [GC (Allocation Failure) [PSYoungGen: 68448K->1376K(69120K)] 405578K->338506K(736768K), 0.0017259 secs] [Times: user=0.01 sys=0.00, real=0.00 secs] 
1980.217: [GC (Allocation Failure) [PSYoungGen: 68448K->1376K(69120K)] 405578K->338506K(736768K), 0.0018137 secs] [Times: user=0.01 sys=0.00, real=0.00 secs] 
1980.552: [GC (Allocation Failure) [PSYoungGen: 68448K->1453K(69120K)] 405578K->338583K(736768K), 0.0019030 secs] [Times: user=0.01 sys=0.00, real=0.01 secs] 
1980.962: [GC (Allocation Failure) [PSYoungGen: 68525K->1581K(69120K)] 405655K->338711K(736768K), 0.0016169 secs] [Times: user=0.01 sys=0.00, real=0.01 secs] 
1981.365: [GC (Allocation Failure) [PSYoungGen: 68653K->1645K(69120K)] 405783K->338775K(736768K), 0.0017316 secs] [Times: user=0.01 sys=0.00, real=0.00 secs] 
1981.829: [GC (Allocation Failure) [PSYoungGen: 68717K->1581K(69120K)] 405847K->338727K(736768K), 0.0017974 secs] [Times: user=0.01 sys=0.00, real=0.00 secs] 
1982.448: [GC (Allocation Failure) [PSYoungGen: 68653K->1424K(69120K)] 405799K->338570K(736768K), 0.0035181 secs] [Times: user=0.01 sys=0.00, real=0.00 secs] 
1983.063: [GC (Allocation Failure) [PSYoungGen: 68496K->1360K(69120K)] 405642K->338506K(736768K), 0.0026115 secs] [Times: user=0.01 sys=0.00, real=0.00 secs] 
1983.344: [GC (Allocation Failure) [PSYoungGen: 68432K->1376K(69120K)] 405578K->338522K(736768K), 0.0021044 secs] [Times: user=0.01 sys=0.00, real=0.00 secs] 
1983.634: [GC (Allocation Failure) [PSYoungGen: 68448K->1408K(69120K)] 405594K->338554K(736768K), 0.0019298 secs] [Times: user=0.01 sys=0.00, real=0.00 secs] 
1983.966: [GC (Allocation Failure) [PSYoungGen: 68480K->1485K(69120K)] 405626K->338631K(736768K), 0.0015851 secs] [Times: user=0.01 sys=0.00, real=0.00 secs] 
1984.367: [GC (Allocation Failure) [PSYoungGen: 68557K->1581K(69120K)] 405703K->338727K(736768K), 0.0017117 secs] [Times: user=0.01 sys=0.00, real=0.00 secs] 
1984.769: [GC (Allocation Failure) [PSYoungGen: 68653K->1613K(69120K)] 405799K->338759K(736768K), 0.0016737 secs] [Times: user=0.00 sys=0.00, real=0.00 secs] 
1985.173: [GC (Allocation Failure) [PSYoungGen: 68685K->1581K(69120K)] 405831K->338743K(736768K), 0.0016167 secs] [Times: user=0.01 sys=0.00, real=0.00 secs] 
1985.789: [GC (Allocation Failure) [PSYoungGen: 68653K->1456K(69120K)] 405815K->338618K(736768K), 0.0022171 secs] [Times: user=0.01 sys=0.00, real=0.00 secs] 
1986.565: [GC (Allocation Failure) [PSYoungGen: 68528K->1376K(69120K)] 405690K->338538K(736768K), 0.0039313 secs] [Times: user=0.01 sys=0.00, real=0.00 secs] 
1987.549: [GC (Allocation Failure) [PSYoungGen: 68448K->1344K(69120K)] 405610K->338506K(736768K), 0.0037978 secs] [Times: user=0.01 sys=0.00, real=0.00 secs] 
1988.451: [GC (Allocation Failure) [PSYoungGen: 68416K->1344K(69120K)] 405578K->338506K(736768K), 0.0031124 secs] [Times: user=0.01 sys=0.00, real=0.01 secs] 
1989.185: [GC (Allocation Failure) [PSYoungGen: 68416K->1485K(69120K)] 405578K->338647K(736768K), 0.0015418 secs] [Times: user=0.01 sys=0.00, real=0.00 secs] 
1989.646: [GC (Allocation Failure) [PSYoungGen: 68557K->1613K(69120K)] 405719K->338775K(736768K), 0.0017290 secs] [Times: user=0.00 sys=0.00, real=0.00 secs] 
1990.103: [GC (Allocation Failure) [PSYoungGen: 68685K->1533K(69120K)] 405847K->338695K(736768K), 0.0017980 secs] [Times: user=0.01 sys=0.00, real=0.00 secs] 
1990.506: [GC (Allocation Failure) [PSYoungGen: 68605K->1581K(69120K)] 405767K->338759K(736768K), 0.0016915 secs] [Times: user=0.01 sys=0.00, real=0.00 secs] 
1991.191: [GC (Allocation Failure) [PSYoungGen: 68653K->1440K(69120K)] 405831K->338642K(736768K), 0.0032319 secs] [Times: user=0.01 sys=0.00, real=0.01 secs] 
1991.869: [GC (Allocation Failure) [PSYoungGen: 68512K->1408K(69120K)] 405714K->338610K(736768K), 0.0025699 secs] [Times: user=0.01 sys=0.00, real=0.00 secs] 
1992.476: [GC (Allocation Failure) [PSYoungGen: 68480K->1344K(69120K)] 405682K->338546K(736768K), 0.0029806 secs] [Times: user=0.01 sys=0.00, real=0.00 secs] 
1993.327: [GC (Allocation Failure) [PSYoungGen: 68416K->1376K(69120K)] 405618K->338578K(736768K), 0.0039195 secs] [Times: user=0.02 sys=0.00, real=0.00 secs] 
1994.006: [GC (Allocation Failure) [PSYoungGen: 68448K->1485K(69120K)] 405650K->338687K(736768K), 0.0016510 secs] [Times: user=0.01 sys=0.00, real=0.00 secs] 
1994.407: [GC (Allocation Failure) [PSYoungGen: 68557K->1549K(69120K)] 405759K->338751K(736768K), 0.0017021 secs] [Times: user=0.01 sys=0.00, real=0.00 secs] 
1994.811: [GC (Allocation Failure) [PSYoungGen: 68621K->1501K(69120K)] 405823K->338703K(736768K), 0.0018056 secs] [Times: user=0.01 sys=0.00, real=0.00 secs] 
1995.216: [GC (Allocation Failure) [PSYoungGen: 68573K->1549K(69120K)] 405775K->338759K(736768K), 0.0017003 secs] [Times: user=0.00 sys=0.00, real=0.00 secs] 
1995.544: [GC (Allocation Failure) [PSYoungGen: 68621K->1440K(69120K)] 405831K->338650K(736768K), 0.0017411 secs] [Times: user=0.00 sys=0.00, real=0.00 secs] 
1995.822: [GC (Allocation Failure) [PSYoungGen: 68512K->1408K(69120K)] 405722K->338618K(736768K), 0.0018091 secs] [Times: user=0.00 sys=0.00, real=0.01 secs] 
1996.102: [GC (Allocation Failure) [PSYoungGen: 68480K->1376K(69120K)] 405690K->338586K(736768K), 0.0018388 secs] [Times: user=0.01 sys=0.00, real=0.01 secs] 
1996.380: [GC (Allocation Failure) [PSYoungGen: 68448K->1408K(69120K)] 405658K->338626K(736768K), 0.0016287 secs] [Times: user=0.01 sys=0.00, real=0.00 secs] 
1996.768: [GC (Allocation Failure) [PSYoungGen: 68480K->1517K(69120K)] 405698K->338735K(736768K), 0.0016363 secs] [Times: user=0.01 sys=0.00, real=0.00 secs] 
1997.170: [GC (Allocation Failure) [PSYoungGen: 68589K->1584K(69120K)] 405807K->338802K(736768K), 0.0016741 secs] [Times: user=0.00 sys=0.00, real=0.00 secs] 
1997.574: [GC (Allocation Failure) [PSYoungGen: 68656K->1565K(69120K)] 405874K->338783K(736768K), 0.0016404 secs] [Times: user=0.01 sys=0.00, real=0.00 secs] 
1998.022: [GC (Allocation Failure) [PSYoungGen: 68637K->2016K(69120K)] 405855K->339250K(736768K), 0.0019941 secs] [Times: user=0.01 sys=0.00, real=0.01 secs] 
1998.629: [GC (Allocation Failure) [PSYoungGen: 69088K->1408K(69120K)] 406322K->338642K(736768K), 0.0022407 secs] [Times: user=0.01 sys=0.01, real=0.00 secs] 
1999.220: [GC (Allocation Failure) [PSYoungGen: 68480K->1408K(69120K)] 405714K->338642K(736768K), 0.0022568 secs] [Times: user=0.01 sys=0.00, real=0.00 secs] 
1999.660: [GC (Allocation Failure) [PSYoungGen: 68480K->1376K(69120K)] 405714K->338634K(736768K), 0.0021299 secs] [Times: user=0.00 sys=0.00, real=0.00 secs] 
1999.940: [GC (Allocation Failure) [PSYoungGen: 68448K->1408K(69120K)] 405706K->338666K(736768K), 0.0017979 secs] [Times: user=0.01 sys=0.00, real=0.00 secs] 
2000.371: [GC (Allocation Failure) [PSYoungGen: 68480K->1645K(69120K)] 405738K->338903K(736768K), 0.0016745 secs] [Times: user=0.01 sys=0.00, real=0.00 secs] 
2000.776: [GC (Allocation Failure) [PSYoungGen: 68717K->1613K(69120K)] 405975K->338871K(736768K), 0.0017068 secs] [Times: user=0.01 sys=0.00, real=0.00 secs] 
2001.182: [GC (Allocation Failure) [PSYoungGen: 68685K->1581K(69120K)] 405943K->338839K(736768K), 0.0017085 secs] [Times: user=0.01 sys=0.00, real=0.01 secs] 
2001.858: [GC (Allocation Failure) [PSYoungGen: 68653K->1472K(69120K)] 405911K->338730K(736768K), 0.0021678 secs] [Times: user=0.01 sys=0.00, real=0.00 secs] 
2002.445: [GC (Allocation Failure) [PSYoungGen: 68544K->1376K(69120K)] 405802K->338634K(736768K), 0.0019886 secs] [Times: user=0.00 sys=0.00, real=0.00 secs] 
2003.286: [GC (Allocation Failure) [PSYoungGen: 68448K->1376K(69120K)] 405706K->338634K(736768K), 0.0020720 secs] [Times: user=0.01 sys=0.00, real=0.00 secs] 
2003.966: [GC (Allocation Failure) [PSYoungGen: 68448K->1376K(69120K)] 405706K->338634K(736768K), 0.0032366 secs] [Times: user=0.01 sys=0.00, real=0.00 secs] 
2004.679: [GC (Allocation Failure) [PSYoungGen: 68448K->1456K(69120K)] 405706K->338714K(736768K), 0.0023213 secs] [Times: user=0.01 sys=0.00, real=0.00 secs] 
2005.127: [GC (Allocation Failure) [PSYoungGen: 68528K->1549K(69120K)] 405786K->338807K(736768K), 0.0017035 secs] [Times: user=0.00 sys=0.00, real=0.00 secs] 
2005.530: [GC (Allocation Failure) [PSYoungGen: 68621K->1613K(69120K)] 405879K->338871K(736768K), 0.0016654 secs] [Times: user=0.01 sys=0.00, real=0.00 secs] 
2005.933: [GC (Allocation Failure) [PSYoungGen: 68685K->1501K(69120K)] 405943K->338767K(736768K), 0.0016788 secs] [Times: user=0.00 sys=0.00, real=0.00 secs] 
2006.386: [GC (Allocation Failure) [PSYoungGen: 68573K->1504K(69120K)] 405839K->338770K(736768K), 0.0017374 secs] [Times: user=0.00 sys=0.00, real=0.00 secs] 
2006.943: [GC (Allocation Failure) [PSYoungGen: 68576K->1408K(69120K)] 405842K->338674K(736768K), 0.0027597 secs] [Times: user=0.01 sys=0.00, real=0.01 secs] 
2007.490: [GC (Allocation Failure) [PSYoungGen: 68480K->1344K(69120K)] 405746K->338610K(736768K), 0.0021528 secs] [Times: user=0.01 sys=0.00, real=0.00 secs] 
2008.101: [GC (Allocation Failure) [PSYoungGen: 68416K->1376K(69120K)] 405682K->338642K(736768K), 0.0021987 secs] [Times: user=0.00 sys=0.00, real=0.00 secs] 
2008.748: [GC (Allocation Failure) [PSYoungGen: 68448K->1485K(69120K)] 405714K->338751K(736768K), 0.0016786 secs] [Times: user=0.01 sys=0.00, real=0.00 secs] 
2009.203: [GC (Allocation Failure) [PSYoungGen: 68557K->1533K(69120K)] 405823K->338799K(736768K), 0.0018086 secs] [Times: user=0.01 sys=0.00, real=0.00 secs] 
2009.606: [GC (Allocation Failure) [PSYoungGen: 68605K->1581K(69120K)] 405871K->338847K(736768K), 0.0016368 secs] [Times: user=0.01 sys=0.00, real=0.00 secs] 
2010.064: [GC (Allocation Failure) [PSYoungGen: 68653K->1613K(69120K)] 405919K->338887K(736768K), 0.0017969 secs] [Times: user=0.01 sys=0.00, real=0.00 secs] 
2010.382: [GC (Allocation Failure) [PSYoungGen: 68685K->1408K(69120K)] 405959K->338682K(736768K), 0.0024395 secs] [Times: user=0.01 sys=0.00, real=0.01 secs] 
2010.685: [GC (Allocation Failure) [PSYoungGen: 68480K->1376K(69120K)] 405754K->338666K(736768K), 0.0021049 secs] [Times: user=0.01 sys=0.00, real=0.00 secs] 
2011.026: [GC (Allocation Failure) [PSYoungGen: 68448K->1408K(69120K)] 405738K->338698K(736768K), 0.0019445 secs] [Times: user=0.01 sys=0.00, real=0.00 secs] 
2011.305: [GC (Allocation Failure) [PSYoungGen: 68480K->1408K(69120K)] 405770K->338698K(736768K), 0.0020333 secs] [Times: user=0.01 sys=0.00, real=0.00 secs] 
2011.678: [GC (Allocation Failure) [PSYoungGen: 68480K->1469K(69120K)] 405770K->338759K(736768K), 0.0017348 secs] [Times: user=0.00 sys=0.00, real=0.00 secs] 
2012.080: [GC (Allocation Failure) [PSYoungGen: 68541K->1565K(69120K)] 405831K->338855K(736768K), 0.0018120 secs] [Times: user=0.01 sys=0.00, real=0.00 secs] 
2012.483: [GC (Allocation Failure) [PSYoungGen: 68637K->1645K(69120K)] 405927K->338935K(736768K), 0.0017589 secs] [Times: user=0.01 sys=0.00, real=0.00 secs] 
2012.890: [GC (Allocation Failure) [PSYoungGen: 68717K->1613K(69120K)] 406007K->338927K(736768K), 0.0016766 secs] [Times: user=0.01 sys=0.00, real=0.00 secs] 
2013.415: [GC (Allocation Failure) [PSYoungGen: 68685K->1440K(69120K)] 405999K->338754K(736768K), 0.0020174 secs] [Times: user=0.01 sys=0.00, real=0.00 secs] 
2013.711: [GC (Allocation Failure) [PSYoungGen: 68512K->1376K(69120K)] 405826K->338690K(736768K), 0.0019194 secs] [Times: user=0.01 sys=0.00, real=0.00 secs] 
2014.016: [GC (Allocation Failure) [PSYoungGen: 68448K->1408K(69120K)] 405762K->338722K(736768K), 0.0018610 secs] [Times: user=0.01 sys=0.00, real=0.00 secs] 
2014.294: [GC (Allocation Failure) [PSYoungGen: 68480K->1376K(69120K)] 405794K->338690K(736768K), 0.0018738 secs] [Times: user=0.01 sys=0.00, real=0.00 secs] 
2014.731: [GC (Allocation Failure) [PSYoungGen: 68448K->1485K(69120K)] 405762K->338799K(736768K), 0.0017586 secs] [Times: user=0.01 sys=0.00, real=0.00 secs] 
2015.134: [GC (Allocation Failure) [PSYoungGen: 68557K->1581K(69120K)] 405871K->338895K(736768K), 0.0017112 secs] [Times: user=0.01 sys=0.00, real=0.00 secs] 
2015.539: [GC (Allocation Failure) [PSYoungGen: 68653K->1533K(69120K)] 405967K->338847K(736768K), 0.0017358 secs] [Times: user=0.01 sys=0.00, real=0.00 secs] 
2016.018: [GC (Allocation Failure) [PSYoungGen: 68605K->1648K(69120K)] 405919K->338962K(736768K), 0.0020814 secs] [Times: user=0.00 sys=0.00, real=0.00 secs] 
2016.707: [GC (Allocation Failure) [PSYoungGen: 68720K->1344K(69120K)] 406034K->338658K(736768K), 0.0038345 secs] [Times: user=0.01 sys=0.00, real=0.00 secs] 
2017.131: [GC (Allocation Failure) [PSYoungGen: 68416K->1392K(69120K)] 405730K->338706K(736768K), 0.0021428 secs] [Times: user=0.01 sys=0.00, real=0.01 secs] 
2017.457: [GC (Allocation Failure) [PSYoungGen: 68464K->1376K(69120K)] 405778K->338690K(736768K), 0.0019449 secs] [Times: user=0.00 sys=0.00, real=0.00 secs] 
2017.743: [GC (Allocation Failure) [PSYoungGen: 68448K->1408K(69120K)] 405762K->338722K(736768K), 0.0017771 secs] [Times: user=0.01 sys=0.00, real=0.00 secs] 
2018.175: [GC (Allocation Failure) [PSYoungGen: 68480K->1533K(69120K)] 405794K->338847K(736768K), 0.0017024 secs] [Times: user=0.01 sys=0.00, real=0.00 secs] 
2018.579: [GC (Allocation Failure) [PSYoungGen: 68605K->1581K(69120K)] 405919K->338895K(736768K), 0.0017048 secs] [Times: user=0.01 sys=0.00, real=0.00 secs] 
2019.057: [GC (Allocation Failure) [PSYoungGen: 68653K->1613K(69120K)] 405967K->338927K(736768K), 0.0017734 secs] [Times: user=0.01 sys=0.00, real=0.00 secs] 
2019.543: [GC (Allocation Failure) [PSYoungGen: 68685K->1504K(69120K)] 405999K->338850K(736768K), 0.0021758 secs] [Times: user=0.01 sys=0.00, real=0.01 secs] 
2019.876: [GC (Allocation Failure) [PSYoungGen: 68576K->1376K(69120K)] 405922K->338722K(736768K), 0.0019434 secs] [Times: user=0.01 sys=0.00, real=0.00 secs] 
2020.155: [GC (Allocation Failure) [PSYoungGen: 68448K->1376K(69120K)] 405794K->338722K(736768K), 0.0019662 secs] [Times: user=0.00 sys=0.00, real=0.00 secs] 
2020.480: [GC (Allocation Failure) [PSYoungGen: 68448K->1376K(69120K)] 405794K->338722K(736768K), 0.0020701 secs] [Times: user=0.01 sys=0.00, real=0.00 secs] 
2020.848: [GC (Allocation Failure) [PSYoungGen: 68448K->1453K(69120K)] 405794K->338799K(736768K), 0.0020783 secs] [Times: user=0.01 sys=0.00, real=0.00 secs] 
2021.265: [GC (Allocation Failure) [PSYoungGen: 68525K->1501K(69120K)] 405871K->338847K(736768K), 0.0017848 secs] [Times: user=0.01 sys=0.00, real=0.00 secs] 
2021.668: [GC (Allocation Failure) [PSYoungGen: 68573K->1613K(69120K)] 405919K->338959K(736768K), 0.0016995 secs] [Times: user=0.01 sys=0.00, real=0.00 secs] 
2022.072: [GC (Allocation Failure) [PSYoungGen: 68685K->1581K(69120K)] 406031K->338943K(736768K), 0.0017070 secs] [Times: user=0.00 sys=0.00, real=0.01 secs] 
2022.521: [GC (Allocation Failure) [PSYoungGen: 68653K->1504K(69120K)] 406015K->338866K(736768K), 0.0019692 secs] [Times: user=0.01 sys=0.00, real=0.01 secs] 
2023.099: [GC (Allocation Failure) [PSYoungGen: 68576K->1440K(69120K)] 405938K->338802K(736768K), 0.0019175 secs] [Times: user=0.00 sys=0.00, real=0.00 secs] 
2023.685: [GC (Allocation Failure) [PSYoungGen: 68512K->1376K(69120K)] 405874K->338738K(736768K), 0.0020437 secs] [Times: user=0.01 sys=0.00, real=0.00 secs] 
2024.243: [GC (Allocation Failure) [PSYoungGen: 68448K->1408K(69120K)] 405810K->338770K(736768K), 0.0021707 secs] [Times: user=0.01 sys=0.00, real=0.01 secs] 
2024.821: [GC (Allocation Failure) [PSYoungGen: 68480K->1485K(69120K)] 405842K->338847K(736768K), 0.0015841 secs] [Times: user=0.01 sys=0.00, real=0.00 secs] 
2025.225: [GC (Allocation Failure) [PSYoungGen: 68557K->1549K(69120K)] 405919K->338911K(736768K), 0.0017136 secs] [Times: user=0.01 sys=0.00, real=0.00 secs] 
2025.627: [GC (Allocation Failure) [PSYoungGen: 68621K->1613K(69120K)] 405983K->338975K(736768K), 0.0017014 secs] [Times: user=0.01 sys=0.00, real=0.00 secs] 
2026.031: [GC (Allocation Failure) [PSYoungGen: 68685K->1533K(69120K)] 406047K->338911K(736768K), 0.0017059 secs] [Times: user=0.01 sys=0.00, real=0.00 secs] 
2026.579: [GC (Allocation Failure) [PSYoungGen: 68605K->1488K(69120K)] 405983K->338866K(736768K), 0.0017611 secs] [Times: user=0.01 sys=0.00, real=0.00 secs] 
2027.102: [GC (Allocation Failure) [PSYoungGen: 68560K->1328K(69120K)] 405938K->338706K(736768K), 0.0030176 secs] [Times: user=0.02 sys=0.00, real=0.01 secs] 
2027.547: [GC (Allocation Failure) [PSYoungGen: 68400K->1376K(69120K)] 405778K->338754K(736768K), 0.0026330 secs] [Times: user=0.01 sys=0.00, real=0.00 secs] 
2028.062: [GC (Allocation Failure) [PSYoungGen: 68448K->1376K(69120K)] 405826K->338754K(736768K), 0.0021737 secs] [Times: user=0.01 sys=0.00, real=0.01 secs] 
2028.583: [GC (Allocation Failure) [PSYoungGen: 68448K->1485K(69120K)] 405826K->338863K(736768K), 0.0016122 secs] [Times: user=0.01 sys=0.00, real=0.01 secs] 
2028.985: [GC (Allocation Failure) [PSYoungGen: 68557K->1613K(69120K)] 405935K->338991K(736768K), 0.0016697 secs] [Times: user=0.01 sys=0.00, real=0.00 secs] 
2029.390: [GC (Allocation Failure) [PSYoungGen: 68685K->1533K(69120K)] 406063K->338911K(736768K), 0.0017133 secs] [Times: user=0.01 sys=0.00, real=0.00 secs] 
2029.794: [GC (Allocation Failure) [PSYoungGen: 68605K->1549K(69120K)] 405983K->338935K(736768K), 0.0016789 secs] [Times: user=0.00 sys=0.00, real=0.00 secs] 
2030.399: [GC (Allocation Failure) [PSYoungGen: 68621K->1440K(69120K)] 406007K->338850K(736768K), 0.0020020 secs] [Times: user=0.01 sys=0.00, real=0.00 secs] 
2030.748: [GC (Allocation Failure) [PSYoungGen: 68512K->1408K(69120K)] 405922K->338818K(736768K), 0.0021611 secs] [Times: user=0.01 sys=0.00, real=0.00 secs] 
2031.153: [GC (Allocation Failure) [PSYoungGen: 68480K->1376K(69120K)] 405890K->338786K(736768K), 0.0024864 secs] [Times: user=0.01 sys=0.00, real=0.01 secs] 
2031.678: [GC (Allocation Failure) [PSYoungGen: 68448K->1376K(69120K)] 405858K->338786K(736768K), 0.0026059 secs] [Times: user=0.01 sys=0.00, real=0.00 secs] 
2032.234: [GC (Allocation Failure) [PSYoungGen: 68448K->1549K(69120K)] 405858K->338959K(736768K), 0.0016130 secs] [Times: user=0.01 sys=0.00, real=0.00 secs] 
2032.636: [GC (Allocation Failure) [PSYoungGen: 68617K->1613K(69120K)] 406027K->339023K(736768K), 0.0027264 secs] [Times: user=0.01 sys=0.00, real=0.00 secs] 
2033.101: [GC (Allocation Failure) [PSYoungGen: 68685K->1584K(69120K)] 406095K->338994K(736768K), 0.0017628 secs] [Times: user=0.01 sys=0.00, real=0.00 secs] 
2033.503: [GC (Allocation Failure) [PSYoungGen: 68656K->1517K(69120K)] 406066K->338943K(736768K), 0.0018135 secs] [Times: user=0.01 sys=0.00, real=0.00 secs] 
2033.815: [GC (Allocation Failure) [PSYoungGen: 68589K->1424K(69120K)] 406015K->338850K(736768K), 0.0021117 secs] [Times: user=0.01 sys=0.00, real=0.00 secs] 
2034.094: [GC (Allocation Failure) [PSYoungGen: 68496K->1376K(69120K)] 405922K->338802K(736768K), 0.0072564 secs] [Times: user=0.03 sys=0.00, real=0.00 secs] 
2034.378: [GC (Allocation Failure) [PSYoungGen: 68448K->1376K(69120K)] 405874K->338802K(736768K), 0.0019348 secs] [Times: user=0.00 sys=0.00, real=0.00 secs] 
2034.825: [GC (Allocation Failure) [PSYoungGen: 68448K->1376K(69120K)] 405874K->338802K(736768K), 0.0022377 secs] [Times: user=0.01 sys=0.00, real=0.00 secs] 
2035.450: [GC (Allocation Failure) [PSYoungGen: 68448K->1472K(69120K)] 405874K->338898K(736768K), 0.0016712 secs] [Times: user=0.01 sys=0.00, real=0.00 secs] 
2035.852: [GC (Allocation Failure) [PSYoungGen: 68523K->1581K(69120K)] 405950K->339007K(736768K), 0.0016830 secs] [Times: user=0.01 sys=0.00, real=0.01 secs] 
2036.256: [GC (Allocation Failure) [PSYoungGen: 68653K->1584K(69120K)] 406079K->339010K(736768K), 0.0016402 secs] [Times: user=0.00 sys=0.00, real=0.00 secs] 
2036.765: [GC (Allocation Failure) [PSYoungGen: 68656K->2016K(68608K)] 406082K->339962K(736256K), 0.0021837 secs] [Times: user=0.00 sys=0.00, real=0.00 secs] 
2037.312: [GC (Allocation Failure) [PSYoungGen: 68576K->1376K(69120K)] 406522K->339322K(736768K), 0.0020675 secs] [Times: user=0.00 sys=0.00, real=0.01 secs] 
2037.679: [GC (Allocation Failure) [PSYoungGen: 67936K->1376K(69120K)] 405882K->339322K(736768K), 0.0019890 secs] [Times: user=0.00 sys=0.00, real=0.00 secs] 
2037.975: [GC (Allocation Failure) [PSYoungGen: 67936K->1376K(68096K)] 405882K->339322K(735744K), 0.0020228 secs] [Times: user=0.01 sys=0.00, real=0.00 secs] 
2038.252: [GC (Allocation Failure) [PSYoungGen: 67936K->1376K(68608K)] 405882K->339322K(736256K), 0.0019607 secs] [Times: user=0.01 sys=0.00, real=0.01 secs] 
2038.683: [GC (Allocation Failure) [PSYoungGen: 67936K->1645K(68608K)] 405882K->339591K(736256K), 0.0016456 secs] [Times: user=0.01 sys=0.00, real=0.01 secs] 
2039.085: [GC (Allocation Failure) [PSYoungGen: 68205K->1581K(68608K)] 406151K->339551K(736256K), 0.0016706 secs] [Times: user=0.01 sys=0.00, real=0.00 secs] 
2039.543: [GC (Allocation Failure) [PSYoungGen: 68130K->1549K(68608K)] 406100K->339519K(736256K), 0.0016630 secs] [Times: user=0.01 sys=0.00, real=0.01 secs] 
2040.330: [GC (Allocation Failure) [PSYoungGen: 68109K->1504K(68608K)] 406079K->339474K(736256K), 0.0041170 secs] [Times: user=0.02 sys=0.00, real=0.01 secs] 
2040.914: [GC (Allocation Failure) [PSYoungGen: 68064K->1376K(68608K)] 406034K->339346K(736256K), 0.0030378 secs] [Times: user=0.01 sys=0.00, real=0.00 secs] 
2041.452: [GC (Allocation Failure) [PSYoungGen: 67936K->1344K(68608K)] 405906K->339314K(736256K), 0.0026407 secs] [Times: user=0.01 sys=0.00, real=0.01 secs] 
2041.786: [GC (Allocation Failure) [PSYoungGen: 67904K->1376K(68608K)] 405874K->339346K(736256K), 0.0020250 secs] [Times: user=0.01 sys=0.00, real=0.00 secs] 
2042.398: [GC (Allocation Failure) [PSYoungGen: 67936K->1485K(68608K)] 405906K->339455K(736256K), 0.0023238 secs] [Times: user=0.01 sys=0.00, real=0.00 secs] 
2042.845: [GC (Allocation Failure) [PSYoungGen: 68045K->1549K(68608K)] 406015K->339519K(736256K), 0.0016085 secs] [Times: user=0.01 sys=0.00, real=0.00 secs] 
2043.251: [GC (Allocation Failure) [PSYoungGen: 68109K->1517K(68608K)] 406079K->339487K(736256K), 0.0016842 secs] [Times: user=0.01 sys=0.00, real=0.01 secs] 
2043.651: [GC (Allocation Failure) [PSYoungGen: 68077K->1549K(68608K)] 406047K->339535K(736256K), 0.0017543 secs] [Times: user=0.01 sys=0.00, real=0.00 secs] 
2044.038: [GC (Allocation Failure) [PSYoungGen: 68109K->1472K(68608K)] 406095K->339458K(736256K), 0.0018015 secs] [Times: user=0.00 sys=0.00, real=0.00 secs] 
2044.314: [GC (Allocation Failure) [PSYoungGen: 68032K->1360K(68608K)] 406018K->339346K(736256K), 0.0035897 secs] [Times: user=0.02 sys=0.00, real=0.00 secs] 
2044.592: [GC (Allocation Failure) [PSYoungGen: 67920K->1376K(68608K)] 405906K->339362K(736256K), 0.0015068 secs] [Times: user=0.01 sys=0.00, real=0.01 secs] 
2044.868: [GC (Allocation Failure) [PSYoungGen: 67936K->1360K(68608K)] 405922K->339346K(736256K), 0.0018876 secs] [Times: user=0.01 sys=0.00, real=0.00 secs] 
2045.211: [GC (Allocation Failure) [PSYoungGen: 67920K->1421K(68608K)] 405906K->339407K(736256K), 0.0016491 secs] [Times: user=0.00 sys=0.00, real=0.00 secs] 
2045.611: [GC (Allocation Failure) [PSYoungGen: 67981K->1533K(68608K)] 405967K->339519K(736256K), 0.0015633 secs] [Times: user=0.00 sys=0.00, real=0.01 secs] 
2046.013: [GC (Allocation Failure) [PSYoungGen: 68093K->1549K(68608K)] 406079K->339535K(736256K), 0.0016685 secs] [Times: user=0.00 sys=0.00, real=0.00 secs] 
2046.413: [GC (Allocation Failure) [PSYoungGen: 68096K->1581K(68608K)] 406082K->339575K(736256K), 0.0015829 secs] [Times: user=0.01 sys=0.00, real=0.00 secs] 
2046.784: [GC (Allocation Failure) [PSYoungGen: 68141K->1488K(68608K)] 406135K->339482K(736256K), 0.0016654 secs] [Times: user=0.01 sys=0.00, real=0.00 secs] 
2047.078: [GC (Allocation Failure) [PSYoungGen: 68048K->1408K(68608K)] 406042K->339402K(736256K), 0.0017470 secs] [Times: user=0.01 sys=0.00, real=0.00 secs] 
2047.418: [GC (Allocation Failure) [PSYoungGen: 67968K->1376K(68608K)] 405962K->339370K(736256K), 0.0019276 secs] [Times: user=0.00 sys=0.00, real=0.00 secs] 
2047.711: [GC (Allocation Failure) [PSYoungGen: 67936K->1344K(68608K)] 405930K->339346K(736256K), 0.0017518 secs] [Times: user=0.01 sys=0.00, real=0.01 secs] 
2048.104: [GC (Allocation Failure) [PSYoungGen: 67904K->1405K(68608K)] 405906K->339407K(736256K), 0.0016009 secs] [Times: user=0.01 sys=0.00, real=0.00 secs] 
2048.508: [GC (Allocation Failure) [PSYoungGen: 67965K->1549K(68608K)] 405967K->339567K(736256K), 0.0016880 secs] [Times: user=0.00 sys=0.00, real=0.00 secs] 
2048.912: [GC (Allocation Failure) [PSYoungGen: 68109K->1613K(68608K)] 406127K->339631K(736256K), 0.0016688 secs] [Times: user=0.01 sys=0.00, real=0.01 secs] 
2049.394: [GC (Allocation Failure) [PSYoungGen: 68173K->1501K(68608K)] 406191K->339527K(736256K), 0.0017816 secs] [Times: user=0.01 sys=0.00, real=0.00 secs] 
2049.935: [GC (Allocation Failure) [PSYoungGen: 68061K->1408K(68608K)] 406087K->339442K(736256K), 0.0030156 secs] [Times: user=0.01 sys=0.00, real=0.00 secs] 
2050.216: [GC (Allocation Failure) [PSYoungGen: 67968K->1376K(68608K)] 406002K->339410K(736256K), 0.0018100 secs] [Times: user=0.00 sys=0.00, real=0.00 secs] 
2050.499: [GC (Allocation Failure) [PSYoungGen: 67936K->1376K(68608K)] 405970K->339410K(736256K), 0.0019715 secs] [Times: user=0.01 sys=0.00, real=0.00 secs] 
2050.819: [GC (Allocation Failure) [PSYoungGen: 67936K->1408K(68608K)] 405970K->339442K(736256K), 0.0020071 secs] [Times: user=0.01 sys=0.00, real=0.00 secs] 
2051.348: [GC (Allocation Failure) [PSYoungGen: 67968K->1488K(68608K)] 406002K->339522K(736256K), 0.0015793 secs] [Times: user=0.00 sys=0.00, real=0.00 secs] 
2051.806: [GC (Allocation Failure) [PSYoungGen: 68026K->1533K(68608K)] 406060K->339567K(736256K), 0.0017324 secs] [Times: user=0.01 sys=0.00, real=0.00 secs] 
2052.260: [GC (Allocation Failure) [PSYoungGen: 68093K->1581K(68608K)] 406127K->339615K(736256K), 0.0017140 secs] [Times: user=0.00 sys=0.00, real=0.00 secs] 
2052.664: [GC (Allocation Failure) [PSYoungGen: 68141K->1581K(68608K)] 406175K->339623K(736256K), 0.0016937 secs] [Times: user=0.01 sys=0.00, real=0.00 secs] 
2052.991: [GC (Allocation Failure) [PSYoungGen: 68141K->1408K(68608K)] 406183K->339450K(736256K), 0.0027081 secs] [Times: user=0.01 sys=0.00, real=0.01 secs] 
2053.275: [GC (Allocation Failure) [PSYoungGen: 67968K->1408K(68608K)] 406010K->339450K(736256K), 0.0018677 secs] [Times: user=0.01 sys=0.01, real=0.00 secs] 
2053.552: [GC (Allocation Failure) [PSYoungGen: 67968K->1376K(68608K)] 406010K->339418K(736256K), 0.0020277 secs] [Times: user=0.00 sys=0.00, real=0.01 secs] 
2053.828: [GC (Allocation Failure) [PSYoungGen: 67936K->1376K(68608K)] 405978K->339418K(736256K), 0.0017963 secs] [Times: user=0.01 sys=0.00, real=0.00 secs] 
2054.208: [GC (Allocation Failure) [PSYoungGen: 67936K->1520K(68608K)] 405978K->339562K(736256K), 0.0016244 secs] [Times: user=0.00 sys=0.00, real=0.00 secs] 
2054.615: [GC (Allocation Failure) [PSYoungGen: 68080K->1584K(68608K)] 406122K->339626K(736256K), 0.0016687 secs] [Times: user=0.00 sys=0.00, real=0.00 secs] 
2055.021: [GC (Allocation Failure) [PSYoungGen: 68144K->1581K(68608K)] 406186K->339623K(736256K), 0.0016301 secs] [Times: user=0.01 sys=0.00, real=0.00 secs] 
2055.422: [GC (Allocation Failure) [PSYoungGen: 68141K->1501K(68608K)] 406183K->339551K(736256K), 0.0016309 secs] [Times: user=0.01 sys=0.00, real=0.01 secs] 
2056.184: [GC (Allocation Failure) [PSYoungGen: 68061K->1408K(68608K)] 406111K->339458K(736256K), 0.0031305 secs] [Times: user=0.01 sys=0.00, real=0.00 secs] 
2056.791: [GC (Allocation Failure) [PSYoungGen: 67968K->1392K(68608K)] 406018K->339442K(736256K), 0.0028560 secs] [Times: user=0.01 sys=0.00, real=0.01 secs] 
2057.618: [GC (Allocation Failure) [PSYoungGen: 67952K->1408K(68608K)] 406002K->339458K(736256K), 0.0027016 secs] [Times: user=0.02 sys=0.00, real=0.00 secs] 
2058.438: [GC (Allocation Failure) [PSYoungGen: 67968K->1408K(68608K)] 406018K->339458K(736256K), 0.0038192 secs] [Times: user=0.02 sys=0.00, real=0.00 secs] 
2059.089: [GC (Allocation Failure) [PSYoungGen: 67968K->1517K(68608K)] 406018K->339567K(736256K), 0.0016514 secs] [Times: user=0.01 sys=0.00, real=0.00 secs] 
2059.554: [GC (Allocation Failure) [PSYoungGen: 68077K->1581K(68608K)] 406127K->339631K(736256K), 0.0017795 secs] [Times: user=0.00 sys=0.00, real=0.00 secs] 
2059.955: [GC (Allocation Failure) [PSYoungGen: 68141K->1501K(68608K)] 406191K->339551K(736256K), 0.0018004 secs] [Times: user=0.01 sys=0.00, real=0.00 secs] 
2060.408: [GC (Allocation Failure) [PSYoungGen: 68061K->1728K(68608K)] 406111K->339818K(736256K), 0.0021305 secs] [Times: user=0.00 sys=0.00, real=0.00 secs] 
2061.347: [GC (Allocation Failure) [PSYoungGen: 68288K->1376K(68608K)] 406378K->339466K(736256K), 0.0043651 secs] [Times: user=0.01 sys=0.00, real=0.00 secs] 
2062.173: [GC (Allocation Failure) [PSYoungGen: 67936K->1376K(68608K)] 406026K->339466K(736256K), 0.0031166 secs] [Times: user=0.01 sys=0.00, real=0.00 secs] 
2062.877: [GC (Allocation Failure) [PSYoungGen: 67936K->1376K(68608K)] 406026K->339466K(736256K), 0.0023189 secs] [Times: user=0.01 sys=0.00, real=0.00 secs] 
2063.477: [GC (Allocation Failure) [PSYoungGen: 67936K->1392K(68608K)] 406026K->339482K(736256K), 0.0029686 secs] [Times: user=0.01 sys=0.00, real=0.00 secs] 
2064.084: [GC (Allocation Failure) [PSYoungGen: 67952K->1536K(68608K)] 406042K->339626K(736256K), 0.0016451 secs] [Times: user=0.00 sys=0.00, real=0.00 secs] 
2064.543: [GC (Allocation Failure) [PSYoungGen: 68064K->1549K(68608K)] 406154K->339639K(736256K), 0.0017481 secs] [Times: user=0.01 sys=0.00, real=0.00 secs] 
2064.954: [GC (Allocation Failure) [PSYoungGen: 68098K->1581K(68608K)] 406188K->339671K(736256K), 0.0016791 secs] [Times: user=0.01 sys=0.01, real=0.00 secs] 
2065.582: [GC (Allocation Failure) [PSYoungGen: 68141K->1472K(68608K)] 406231K->339562K(736256K), 0.0027747 secs] [Times: user=0.01 sys=0.00, real=0.01 secs] 
2067.130: [GC (Allocation Failure) [PSYoungGen: 68032K->1344K(68608K)] 406122K->339434K(736256K), 0.0039408 secs] [Times: user=0.02 sys=0.00, real=0.01 secs] 
2068.143: [GC (Allocation Failure) [PSYoungGen: 67904K->1376K(68608K)] 405994K->339466K(736256K), 0.0041928 secs] [Times: user=0.02 sys=0.00, real=0.01 secs] 
2068.798: [GC (Allocation Failure) [PSYoungGen: 67936K->1376K(68608K)] 406026K->339466K(736256K), 0.0032694 secs] [Times: user=0.02 sys=0.00, real=0.00 secs] 
2069.178: [GC (Allocation Failure) [PSYoungGen: 67936K->1408K(68608K)] 406026K->339498K(736256K), 0.0021134 secs] [Times: user=0.01 sys=0.00, real=0.00 secs] 
2069.633: [GC (Allocation Failure) [PSYoungGen: 67968K->1533K(68608K)] 406058K->339623K(736256K), 0.0016904 secs] [Times: user=0.00 sys=0.00, real=0.01 secs] 
2070.114: [GC (Allocation Failure) [PSYoungGen: 68093K->1581K(68608K)] 406183K->339671K(736256K), 0.0017954 secs] [Times: user=0.01 sys=0.00, real=0.00 secs] 
2070.574: [GC (Allocation Failure) [PSYoungGen: 68128K->1501K(68608K)] 406218K->339599K(736256K), 0.0017624 secs] [Times: user=0.00 sys=0.00, real=0.00 secs] 
2071.039: [GC (Allocation Failure) [PSYoungGen: 68061K->1504K(68608K)] 406159K->339602K(736256K), 0.0021201 secs] [Times: user=0.00 sys=0.00, real=0.00 secs] 
2071.318: [GC (Allocation Failure) [PSYoungGen: 68064K->1376K(68608K)] 406162K->339474K(736256K), 0.0020181 secs] [Times: user=0.01 sys=0.00, real=0.00 secs] 
2071.620: [GC (Allocation Failure) [PSYoungGen: 67936K->1360K(68608K)] 406034K->339458K(736256K), 0.0020423 secs] [Times: user=0.01 sys=0.00, real=0.00 secs] 
2071.897: [GC (Allocation Failure) [PSYoungGen: 67920K->1376K(68608K)] 406018K->339490K(736256K), 0.0018963 secs] [Times: user=0.01 sys=0.00, real=0.00 secs] 
2072.234: [GC (Allocation Failure) [PSYoungGen: 67936K->1453K(68608K)] 406050K->339567K(736256K), 0.0016493 secs] [Times: user=0.01 sys=0.00, real=0.00 secs] 
2072.636: [GC (Allocation Failure) [PSYoungGen: 68013K->1501K(68608K)] 406127K->339615K(736256K), 0.0017078 secs] [Times: user=0.01 sys=0.00, real=0.00 secs] 
2073.117: [GC (Allocation Failure) [PSYoungGen: 68061K->1504K(68608K)] 406175K->339618K(736256K), 0.0017837 secs] [Times: user=0.01 sys=0.00, real=0.00 secs] 
2073.524: [GC (Allocation Failure) [PSYoungGen: 68064K->1581K(68608K)] 406178K->339711K(736256K), 0.0017335 secs] [Times: user=0.01 sys=0.00, real=0.00 secs] 
2074.369: [GC (Allocation Failure) [PSYoungGen: 68141K->1488K(68608K)] 406271K->339618K(736256K), 0.0037009 secs] [Times: user=0.01 sys=0.00, real=0.01 secs] 
2074.913: [GC (Allocation Failure) [PSYoungGen: 68048K->1376K(68608K)] 406178K->339506K(736256K), 0.0023025 secs] [Times: user=0.01 sys=0.00, real=0.00 secs] 
2075.436: [GC (Allocation Failure) [PSYoungGen: 67936K->1408K(68608K)] 406066K->339538K(736256K), 0.0022269 secs] [Times: user=0.01 sys=0.00, real=0.00 secs] 
2075.784: [GC (Allocation Failure) [PSYoungGen: 67968K->1344K(68608K)] 406098K->339474K(736256K), 0.0019696 secs] [Times: user=0.00 sys=0.00, real=0.00 secs] 
2076.348: [GC (Allocation Failure) [PSYoungGen: 67893K->1453K(68608K)] 406024K->339583K(736256K), 0.0015483 secs] [Times: user=0.01 sys=0.00, real=0.00 secs] 
2076.749: [GC (Allocation Failure) [PSYoungGen: 68013K->1549K(68608K)] 406143K->339679K(736256K), 0.0016848 secs] [Times: user=0.01 sys=0.00, real=0.00 secs] 
2077.151: [GC (Allocation Failure) [PSYoungGen: 68109K->1549K(68608K)] 406239K->339679K(736256K), 0.0017180 secs] [Times: user=0.01 sys=0.00, real=0.01 secs] 
2077.553: [GC (Allocation Failure) [PSYoungGen: 68109K->1581K(68608K)] 406239K->339719K(736256K), 0.0016947 secs] [Times: user=0.01 sys=0.00, real=0.00 secs] 
2078.224: [GC (Allocation Failure) [PSYoungGen: 68141K->1424K(68608K)] 406279K->339562K(736256K), 0.0020667 secs] [Times: user=0.01 sys=0.00, real=0.00 secs] 
2078.529: [GC (Allocation Failure) [PSYoungGen: 67984K->1376K(68608K)] 406122K->339514K(736256K), 0.0022138 secs] [Times: user=0.01 sys=0.00, real=0.00 secs] 
2078.831: [GC (Allocation Failure) [PSYoungGen: 67936K->1408K(68608K)] 406074K->339546K(736256K), 0.0029134 secs] [Times: user=0.01 sys=0.01, real=0.01 secs] 
2079.137: [GC (Allocation Failure) [PSYoungGen: 67968K->1376K(68608K)] 406106K->339514K(736256K), 0.0019847 secs] [Times: user=0.00 sys=0.00, real=0.00 secs] 
2079.514: [GC (Allocation Failure) [PSYoungGen: 67936K->1485K(68608K)] 406074K->339623K(736256K), 0.0016142 secs] [Times: user=0.01 sys=0.00, real=0.00 secs] 
2079.918: [GC (Allocation Failure) [PSYoungGen: 68045K->1613K(68608K)] 406183K->339767K(736256K), 0.0016730 secs] [Times: user=0.01 sys=0.00, real=0.00 secs] 
2080.321: [GC (Allocation Failure) [PSYoungGen: 68173K->1533K(68608K)] 406327K->339687K(736256K), 0.0016814 secs] [Times: user=0.01 sys=0.00, real=0.00 secs] 
2080.781: [GC (Allocation Failure) [PSYoungGen: 68093K->1501K(68608K)] 406247K->339671K(736256K), 0.0017775 secs] [Times: user=0.01 sys=0.00, real=0.00 secs] 
2081.440: [GC (Allocation Failure) [PSYoungGen: 68061K->1408K(68608K)] 406231K->339578K(736256K), 0.0036976 secs] [Times: user=0.01 sys=0.00, real=0.01 secs] 
2081.725: [GC (Allocation Failure) [PSYoungGen: 67968K->1408K(68608K)] 406138K->339578K(736256K), 0.0025317 secs] [Times: user=0.01 sys=0.00, real=0.00 secs] 
2082.091: [GC (Allocation Failure) [PSYoungGen: 67968K->1376K(68608K)] 406138K->339546K(736256K), 0.0020671 secs] [Times: user=0.01 sys=0.00, real=0.01 secs] 
2082.604: [GC (Allocation Failure) [PSYoungGen: 67936K->1408K(68608K)] 406106K->339578K(736256K), 0.0038159 secs] [Times: user=0.02 sys=0.00, real=0.00 secs] 
2083.127: [GC (Allocation Failure) [PSYoungGen: 67968K->1485K(68608K)] 406138K->339655K(736256K), 0.0017501 secs] [Times: user=0.01 sys=0.00, real=0.00 secs] 
2083.590: [GC (Allocation Failure) [PSYoungGen: 68045K->1645K(68608K)] 406215K->339815K(736256K), 0.0016989 secs] [Times: user=0.01 sys=0.00, real=0.00 secs] 
2083.993: [GC (Allocation Failure) [PSYoungGen: 68205K->1549K(68608K)] 406375K->339719K(736256K), 0.0017868 secs] [Times: user=0.01 sys=0.00, real=0.01 secs] 
2084.395: [GC (Allocation Failure) [PSYoungGen: 68109K->1581K(68608K)] 406279K->339759K(736256K), 0.0017725 secs] [Times: user=0.01 sys=0.00, real=0.00 secs] 
2085.165: [GC (Allocation Failure) [PSYoungGen: 68141K->1440K(68608K)] 406319K->339618K(736256K), 0.0039409 secs] [Times: user=0.01 sys=0.00, real=0.00 secs] 
2085.623: [GC (Allocation Failure) [PSYoungGen: 68000K->1376K(68608K)] 406178K->339554K(736256K), 0.0019559 secs] [Times: user=0.01 sys=0.00, real=0.00 secs] 
2085.936: [GC (Allocation Failure) [PSYoungGen: 67936K->1408K(68608K)] 406114K->339586K(736256K), 0.0020377 secs] [Times: user=0.01 sys=0.00, real=0.00 secs] 
2086.213: [GC (Allocation Failure) [PSYoungGen: 67968K->1376K(68608K)] 406146K->339554K(736256K), 0.0018284 secs] [Times: user=0.01 sys=0.00, real=0.01 secs] 
2086.657: [GC (Allocation Failure) [PSYoungGen: 67936K->1485K(68608K)] 406114K->339663K(736256K), 0.0016309 secs] [Times: user=0.01 sys=0.00, real=0.00 secs] 
2087.059: [GC (Allocation Failure) [PSYoungGen: 68045K->1549K(68608K)] 406223K->339727K(736256K), 0.0016118 secs] [Times: user=0.00 sys=0.00, real=0.00 secs] 
2087.460: [GC (Allocation Failure) [PSYoungGen: 68109K->1533K(68608K)] 406287K->339711K(736256K), 0.0016727 secs] [Times: user=0.01 sys=0.00, real=0.00 secs] 
2087.856: [GC (Allocation Failure) [PSYoungGen: 68093K->1376K(68608K)] 406271K->339554K(736256K), 0.0017402 secs] [Times: user=0.01 sys=0.00, real=0.00 secs] 
2088.564: [GC (Allocation Failure) [PSYoungGen: 67936K->1408K(68608K)] 406114K->339586K(736256K), 0.0025570 secs] [Times: user=0.01 sys=0.00, real=0.00 secs] 
2089.107: [GC (Allocation Failure) [PSYoungGen: 67968K->1376K(68608K)] 406146K->339554K(736256K), 0.0021348 secs] [Times: user=0.01 sys=0.00, real=0.00 secs] 
2089.706: [GC (Allocation Failure) [PSYoungGen: 67936K->1376K(68608K)] 406114K->339554K(736256K), 0.0022771 secs] [Times: user=0.01 sys=0.00, real=0.00 secs] 
2090.273: [GC (Allocation Failure) [PSYoungGen: 67936K->1344K(68608K)] 406114K->339538K(736256K), 0.0021847 secs] [Times: user=0.01 sys=0.00, real=0.01 secs] 
2090.734: [GC (Allocation Failure) [PSYoungGen: 67904K->1549K(68608K)] 406098K->339743K(736256K), 0.0016237 secs] [Times: user=0.01 sys=0.00, real=0.00 secs] 
2091.136: [GC (Allocation Failure) [PSYoungGen: 68109K->1613K(68608K)] 406303K->339807K(736256K), 0.0016710 secs] [Times: user=0.01 sys=0.00, real=0.00 secs] 
2091.536: [GC (Allocation Failure) [PSYoungGen: 68173K->1552K(68608K)] 406367K->339746K(736256K), 0.0016062 secs] [Times: user=0.01 sys=0.00, real=0.00 secs] 
2092.213: [GC (Allocation Failure) [PSYoungGen: 68112K->1536K(68608K)] 406306K->339730K(736256K), 0.0021697 secs] [Times: user=0.01 sys=0.00, real=0.01 secs] 
2092.854: [GC (Allocation Failure) [PSYoungGen: 68096K->1344K(68608K)] 406290K->339538K(736256K), 0.0022703 secs] [Times: user=0.01 sys=0.00, real=0.00 secs] 
2093.131: [GC (Allocation Failure) [PSYoungGen: 67904K->1376K(68608K)] 406098K->339570K(736256K), 0.0019933 secs] [Times: user=0.00 sys=0.00, real=0.00 secs] 
2093.408: [GC (Allocation Failure) [PSYoungGen: 67936K->1408K(68608K)] 406130K->339602K(736256K), 0.0019694 secs] [Times: user=0.01 sys=0.00, real=0.00 secs] 
2093.684: [GC (Allocation Failure) [PSYoungGen: 67968K->1376K(68608K)] 406162K->339570K(736256K), 0.0019409 secs] [Times: user=0.01 sys=0.00, real=0.00 secs] 
2094.093: [GC (Allocation Failure) [PSYoungGen: 67936K->1581K(68608K)] 406130K->339775K(736256K), 0.0017418 secs] [Times: user=0.01 sys=0.00, real=0.01 secs] 
2094.495: [GC (Allocation Failure) [PSYoungGen: 68141K->1613K(68608K)] 406335K->339807K(736256K), 0.0016221 secs] [Times: user=0.01 sys=0.00, real=0.00 secs] 
2094.895: [GC (Allocation Failure) [PSYoungGen: 68173K->1549K(68608K)] 406367K->339751K(736256K), 0.0016761 secs] [Times: user=0.00 sys=0.00, real=0.00 secs] 
2095.484: [GC (Allocation Failure) [PSYoungGen: 68109K->1472K(68608K)] 406311K->339674K(736256K), 0.0020418 secs] [Times: user=0.01 sys=0.00, real=0.00 secs] 
2096.240: [GC (Allocation Failure) [PSYoungGen: 68032K->1376K(68608K)] 406234K->339578K(736256K), 0.0021249 secs] [Times: user=0.01 sys=0.00, real=0.00 secs] 
2096.896: [GC (Allocation Failure) [PSYoungGen: 67936K->1376K(68608K)] 406138K->339578K(736256K), 0.0038699 secs] [Times: user=0.01 sys=0.00, real=0.00 secs] 
2097.420: [GC (Allocation Failure) [PSYoungGen: 67936K->1376K(68608K)] 406138K->339578K(736256K), 0.0032147 secs] [Times: user=0.01 sys=0.00, real=0.01 secs] 
2098.116: [GC (Allocation Failure) [PSYoungGen: 67936K->1453K(68608K)] 406138K->339655K(736256K), 0.0023355 secs] [Times: user=0.00 sys=0.00, real=0.00 secs] 
2098.575: [GC (Allocation Failure) [PSYoungGen: 68013K->1549K(68608K)] 406215K->339751K(736256K), 0.0016039 secs] [Times: user=0.01 sys=0.00, real=0.00 secs] 
2098.974: [GC (Allocation Failure) [PSYoungGen: 68109K->1565K(68608K)] 406311K->339767K(736256K), 0.0016412 secs] [Times: user=0.01 sys=0.00, real=0.00 secs] 
2099.378: [GC (Allocation Failure) [PSYoungGen: 68125K->1501K(68608K)] 406327K->339719K(736256K), 0.0018006 secs] [Times: user=0.01 sys=0.00, real=0.00 secs] 
2099.756: [GC (Allocation Failure) [PSYoungGen: 68061K->1472K(68608K)] 406279K->339690K(736256K), 0.0018595 secs] [Times: user=0.01 sys=0.00, real=0.00 secs] 
2100.032: [GC (Allocation Failure) [PSYoungGen: 68032K->1344K(68608K)] 406250K->339570K(736256K), 0.0017949 secs] [Times: user=0.01 sys=0.00, real=0.01 secs] 
2100.309: [GC (Allocation Failure) [PSYoungGen: 67904K->1408K(68608K)] 406130K->339634K(736256K), 0.0017529 secs] [Times: user=0.01 sys=0.00, real=0.00 secs] 
2100.608: [GC (Allocation Failure) [PSYoungGen: 67968K->1376K(68608K)] 406194K->339602K(736256K), 0.0028253 secs] [Times: user=0.01 sys=0.00, real=0.00 secs] 
2101.015: [GC (Allocation Failure) [PSYoungGen: 67936K->1421K(68608K)] 406162K->339647K(736256K), 0.0022779 secs] [Times: user=0.01 sys=0.00, real=0.00 secs] 
2101.531: [GC (Allocation Failure) [PSYoungGen: 67976K->1581K(68608K)] 406202K->339807K(736256K), 0.0016663 secs] [Times: user=0.00 sys=0.00, real=0.00 secs] 
2101.988: [GC (Allocation Failure) [PSYoungGen: 68141K->1581K(68608K)] 406367K->339807K(736256K), 0.0017580 secs] [Times: user=0.01 sys=0.00, real=0.00 secs] 
2102.451: [GC (Allocation Failure) [PSYoungGen: 68141K->1520K(68608K)] 406367K->339754K(736256K), 0.0018147 secs] [Times: user=0.00 sys=0.00, real=0.00 secs] 
2103.099: [GC (Allocation Failure) [PSYoungGen: 68080K->1456K(68608K)] 406314K->339690K(736256K), 0.0029921 secs] [Times: user=0.01 sys=0.00, real=0.00 secs] 
2103.747: [GC (Allocation Failure) [PSYoungGen: 68016K->1376K(68608K)] 406250K->339610K(736256K), 0.0023526 secs] [Times: user=0.01 sys=0.00, real=0.00 secs] 
2104.338: [GC (Allocation Failure) [PSYoungGen: 67936K->1376K(68608K)] 406170K->339610K(736256K), 0.0020198 secs] [Times: user=0.01 sys=0.00, real=0.00 secs] 
2104.668: [GC (Allocation Failure) [PSYoungGen: 67936K->1408K(68608K)] 406170K->339642K(736256K), 0.0027923 secs] [Times: user=0.01 sys=0.00, real=0.00 secs] 
2105.080: [GC (Allocation Failure) [PSYoungGen: 67968K->1485K(68608K)] 406202K->339719K(736256K), 0.0016138 secs] [Times: user=0.01 sys=0.00, real=0.00 secs] 
2105.481: [GC (Allocation Failure) [PSYoungGen: 68045K->1613K(68608K)] 406279K->339847K(736256K), 0.0017036 secs] [Times: user=0.01 sys=0.00, real=0.00 secs] 
2105.890: [GC (Allocation Failure) [PSYoungGen: 68173K->1533K(68608K)] 406407K->339767K(736256K), 0.0017352 secs] [Times: user=0.01 sys=0.00, real=0.00 secs] 
2106.349: [GC (Allocation Failure) [PSYoungGen: 68083K->1581K(68608K)] 406317K->339823K(736256K), 0.0018083 secs] [Times: user=0.01 sys=0.00, real=0.00 secs] 
2106.746: [GC (Allocation Failure) [PSYoungGen: 68141K->1456K(68608K)] 406383K->339698K(736256K), 0.0021854 secs] [Times: user=0.01 sys=0.00, real=0.00 secs] 
2107.023: [GC (Allocation Failure) [PSYoungGen: 68016K->1376K(68608K)] 406258K->339618K(736256K), 0.0021297 secs] [Times: user=0.01 sys=0.00, real=0.00 secs] 
2107.422: [GC (Allocation Failure) [PSYoungGen: 67936K->1376K(68608K)] 406178K->339618K(736256K), 0.0019634 secs] [Times: user=0.01 sys=0.00, real=0.01 secs] 
2107.706: [GC (Allocation Failure) [PSYoungGen: 67936K->1408K(68608K)] 406178K->339650K(736256K), 0.0019442 secs] [Times: user=0.01 sys=0.00, real=0.00 secs] 
2108.207: [GC (Allocation Failure) [PSYoungGen: 67968K->1549K(68608K)] 406210K->339791K(736256K), 0.0015850 secs] [Times: user=0.01 sys=0.00, real=0.00 secs] 
2108.612: [GC (Allocation Failure) [PSYoungGen: 68109K->1613K(68608K)] 406351K->339855K(736256K), 0.0016867 secs] [Times: user=0.01 sys=0.00, real=0.01 secs] 
2109.013: [GC (Allocation Failure) [PSYoungGen: 68173K->1549K(68608K)] 406415K->339791K(736256K), 0.0017200 secs] [Times: user=0.01 sys=0.00, real=0.00 secs] 
2109.416: [GC (Allocation Failure) [PSYoungGen: 68109K->1549K(68608K)] 406351K->339823K(736256K), 0.0017046 secs] [Times: user=0.00 sys=0.00, real=0.00 secs] 
2109.744: [GC (Allocation Failure) [PSYoungGen: 68109K->1408K(68608K)] 406383K->339682K(736256K), 0.0017344 secs] [Times: user=0.00 sys=0.00, real=0.00 secs] 
2110.069: [GC (Allocation Failure) [PSYoungGen: 67968K->1376K(68608K)] 406242K->339650K(736256K), 0.0017869 secs] [Times: user=0.01 sys=0.00, real=0.00 secs] 
2110.563: [GC (Allocation Failure) [PSYoungGen: 67936K->1376K(68608K)] 406210K->339650K(736256K), 0.0018150 secs] [Times: user=0.01 sys=0.00, real=0.01 secs] 
2111.134: [GC (Allocation Failure) [PSYoungGen: 67936K->1376K(68608K)] 406210K->339650K(736256K), 0.0019590 secs] [Times: user=0.01 sys=0.01, real=0.00 secs] 
2111.671: [GC (Allocation Failure) [PSYoungGen: 67936K->1517K(68608K)] 406210K->339791K(736256K), 0.0016152 secs] [Times: user=0.01 sys=0.00, real=0.00 secs] 
2112.074: [GC (Allocation Failure) [PSYoungGen: 68077K->1549K(68608K)] 406351K->339823K(736256K), 0.0016280 secs] [Times: user=0.01 sys=0.00, real=0.00 secs] 
2112.476: [GC (Allocation Failure) [PSYoungGen: 68109K->1549K(68608K)] 406383K->339823K(736256K), 0.0016447 secs] [Times: user=0.01 sys=0.00, real=0.00 secs] 
2112.878: [GC (Allocation Failure) [PSYoungGen: 68109K->1517K(68608K)] 406383K->339807K(736256K), 0.0016654 secs] [Times: user=0.00 sys=0.00, real=0.00 secs] 
2113.543: [GC (Allocation Failure) [PSYoungGen: 68077K->1376K(68608K)] 406367K->339666K(736256K), 0.0022406 secs] [Times: user=0.01 sys=0.00, real=0.01 secs] 
2113.915: [GC (Allocation Failure) [PSYoungGen: 67936K->1376K(68608K)] 406226K->339666K(736256K), 0.0020311 secs] [Times: user=0.01 sys=0.00, real=0.00 secs] 
2114.194: [GC (Allocation Failure) [PSYoungGen: 67936K->1344K(68608K)] 406226K->339634K(736256K), 0.0020656 secs] [Times: user=0.01 sys=0.00, real=0.00 secs] 
2114.638: [GC (Allocation Failure) [PSYoungGen: 67904K->1344K(68608K)] 406194K->339634K(736256K), 0.0023293 secs] [Times: user=0.01 sys=0.00, real=0.00 secs] 
2115.267: [GC (Allocation Failure) [PSYoungGen: 67904K->1485K(68608K)] 406194K->339775K(736256K), 0.0016713 secs] [Times: user=0.01 sys=0.00, real=0.00 secs] 
2115.668: [GC (Allocation Failure) [PSYoungGen: 68045K->1533K(68608K)] 406335K->339823K(736256K), 0.0016405 secs] [Times: user=0.00 sys=0.00, real=0.00 secs] 
2116.073: [GC (Allocation Failure) [PSYoungGen: 68093K->1581K(68608K)] 406383K->339871K(736256K), 0.0016040 secs] [Times: user=0.01 sys=0.00, real=0.01 secs] 
2116.491: [GC (Allocation Failure) [PSYoungGen: 68141K->2016K(68608K)] 406431K->340826K(736256K), 0.0020195 secs] [Times: user=0.01 sys=0.00, real=0.01 secs] 
2116.809: [GC (Allocation Failure) [PSYoungGen: 68576K->1376K(69120K)] 407386K->340186K(736768K), 0.0024049 secs] [Times: user=0.01 sys=0.00, real=0.00 secs] 
2117.103: [GC (Allocation Failure) [PSYoungGen: 67936K->1408K(68096K)] 406746K->340218K(735744K), 0.0020336 secs] [Times: user=0.00 sys=0.00, real=0.01 secs] 
2117.399: [GC (Allocation Failure) [PSYoungGen: 67968K->1408K(68608K)] 406778K->340218K(736256K), 0.0020439 secs] [Times: user=0.01 sys=0.01, real=0.00 secs] 
2117.706: [GC (Allocation Failure) [PSYoungGen: 67968K->1408K(68608K)] 406778K->340218K(736256K), 0.0019490 secs] [Times: user=0.01 sys=0.00, real=0.00 secs] 
2118.128: [GC (Allocation Failure) [PSYoungGen: 67968K->1533K(68608K)] 406778K->340343K(736256K), 0.0016887 secs] [Times: user=0.01 sys=0.00, real=0.00 secs] 
2118.530: [GC (Allocation Failure) [PSYoungGen: 68063K->1613K(68608K)] 406874K->340423K(736256K), 0.0016194 secs] [Times: user=0.01 sys=0.00, real=0.00 secs] 
2118.930: [GC (Allocation Failure) [PSYoungGen: 68173K->1584K(68608K)] 406983K->340394K(736256K), 0.0015897 secs] [Times: user=0.01 sys=0.00, real=0.00 secs] 
2119.476: [GC (Allocation Failure) [PSYoungGen: 68144K->1440K(68608K)] 406954K->340282K(736256K), 0.0020009 secs] [Times: user=0.00 sys=0.00, real=0.00 secs] 
2120.531: [GC (Allocation Failure) [PSYoungGen: 68000K->1360K(68608K)] 406842K->340202K(736256K), 0.0039678 secs] [Times: user=0.01 sys=0.00, real=0.01 secs] 
2121.630: [GC (Allocation Failure) [PSYoungGen: 67920K->1376K(68608K)] 406762K->340218K(736256K), 0.0038119 secs] [Times: user=0.01 sys=0.00, real=0.01 secs] 
2122.540: [GC (Allocation Failure) [PSYoungGen: 67936K->1376K(68608K)] 406778K->340218K(736256K), 0.0034973 secs] [Times: user=0.02 sys=0.00, real=0.01 secs] 
2123.205: [GC (Allocation Failure) [PSYoungGen: 67904K->1456K(68608K)] 406747K->340298K(736256K), 0.0024907 secs] [Times: user=0.01 sys=0.00, real=0.00 secs] 
2123.747: [GC (Allocation Failure) [PSYoungGen: 68016K->1533K(68608K)] 406858K->340375K(736256K), 0.0018085 secs] [Times: user=0.01 sys=0.00, real=0.00 secs] 
2124.149: [GC (Allocation Failure) [PSYoungGen: 68093K->1549K(68608K)] 406935K->340391K(736256K), 0.0018005 secs] [Times: user=0.00 sys=0.00, real=0.00 secs] 
2124.548: [GC (Allocation Failure) [PSYoungGen: 68109K->1501K(68608K)] 406951K->340359K(736256K), 0.0018442 secs] [Times: user=0.01 sys=0.00, real=0.00 secs] 
2125.563: [GC (Allocation Failure) [PSYoungGen: 68061K->1472K(68608K)] 406919K->340330K(736256K), 0.0043803 secs] [Times: user=0.01 sys=0.00, real=0.01 secs] 
2126.128: [GC (Allocation Failure) [PSYoungGen: 68032K->1408K(68608K)] 406890K->340266K(736256K), 0.0020225 secs] [Times: user=0.01 sys=0.00, real=0.00 secs] 
2126.887: [GC (Allocation Failure) [PSYoungGen: 67968K->1376K(68608K)] 406826K->340234K(736256K), 0.0020885 secs] [Times: user=0.01 sys=0.00, real=0.00 secs] 
2127.837: [GC (Allocation Failure) [PSYoungGen: 67936K->1376K(68608K)] 406794K->340234K(736256K), 0.0025063 secs] [Times: user=0.01 sys=0.00, real=0.00 secs] 
2128.960: [GC (Allocation Failure) [PSYoungGen: 67936K->1485K(68608K)] 406794K->340343K(736256K), 0.0021575 secs] [Times: user=0.01 sys=0.00, real=0.00 secs] 
2129.471: [GC (Allocation Failure) [PSYoungGen: 68045K->1565K(68608K)] 406903K->340423K(736256K), 0.0018339 secs] [Times: user=0.00 sys=0.00, real=0.00 secs] 
2129.874: [GC (Allocation Failure) [PSYoungGen: 68125K->1581K(68608K)] 406983K->340439K(736256K), 0.0016283 secs] [Times: user=0.00 sys=0.00, real=0.00 secs] 
2130.275: [GC (Allocation Failure) [PSYoungGen: 68129K->1581K(68608K)] 406987K->340447K(736256K), 0.0017792 secs] [Times: user=0.01 sys=0.00, real=0.00 secs] 
2131.048: [GC (Allocation Failure) [PSYoungGen: 68141K->1440K(68608K)] 407007K->340306K(736256K), 0.0030627 secs] [Times: user=0.01 sys=0.00, real=0.00 secs] 
2132.012: [GC (Allocation Failure) [PSYoungGen: 68000K->1360K(68608K)] 406866K->340226K(736256K), 0.0027807 secs] [Times: user=0.01 sys=0.00, real=0.01 secs] 
2132.579: [GC (Allocation Failure) [PSYoungGen: 67920K->1376K(68608K)] 406786K->340242K(736256K), 0.0019841 secs] [Times: user=0.01 sys=0.00, real=0.00 secs] 
2133.330: [GC (Allocation Failure) [PSYoungGen: 67936K->1408K(68608K)] 406802K->340282K(736256K), 0.0022736 secs] [Times: user=0.01 sys=0.00, real=0.00 secs] 
2134.299: [GC (Allocation Failure) [PSYoungGen: 67968K->1485K(68608K)] 406842K->340359K(736256K), 0.0016951 secs] [Times: user=0.01 sys=0.00, real=0.00 secs] 
2134.700: [GC (Allocation Failure) [PSYoungGen: 68045K->1565K(68608K)] 406919K->340439K(736256K), 0.0018222 secs] [Times: user=0.00 sys=0.00, real=0.00 secs] 
2135.102: [GC (Allocation Failure) [PSYoungGen: 68125K->1565K(68608K)] 406999K->340439K(736256K), 0.0018185 secs] [Times: user=0.00 sys=0.00, real=0.01 secs] 
2135.503: [GC (Allocation Failure) [PSYoungGen: 68125K->1613K(68608K)] 406999K->340503K(736256K), 0.0017137 secs] [Times: user=0.01 sys=0.00, real=0.00 secs] 
2135.876: [GC (Allocation Failure) [PSYoungGen: 68173K->1440K(68608K)] 407063K->340330K(736256K), 0.0020163 secs] [Times: user=0.01 sys=0.00, real=0.00 secs] 
2136.153: [GC (Allocation Failure) [PSYoungGen: 68000K->1408K(68608K)] 406890K->340298K(736256K), 0.0019123 secs] [Times: user=0.01 sys=0.00, real=0.00 secs] 
2136.430: [GC (Allocation Failure) [PSYoungGen: 67968K->1376K(68608K)] 406858K->340266K(736256K), 0.0019181 secs] [Times: user=0.00 sys=0.00, real=0.00 secs] 
2136.827: [GC (Allocation Failure) [PSYoungGen: 67936K->1376K(68608K)] 406826K->340266K(736256K), 0.0019379 secs] [Times: user=0.01 sys=0.00, real=0.00 secs] 
2137.468: [GC (Allocation Failure) [PSYoungGen: 67936K->1488K(68608K)] 406826K->340378K(736256K), 0.0017100 secs] [Times: user=0.01 sys=0.00, real=0.00 secs] 
2137.871: [GC (Allocation Failure) [PSYoungGen: 68048K->1645K(68608K)] 406938K->340535K(736256K), 0.0017749 secs] [Times: user=0.00 sys=0.00, real=0.01 secs] 
2138.273: [GC (Allocation Failure) [PSYoungGen: 68197K->1613K(68608K)] 407087K->340503K(736256K), 0.0017304 secs] [Times: user=0.01 sys=0.00, real=0.01 secs] 
2138.676: [GC (Allocation Failure) [PSYoungGen: 68173K->1533K(68608K)] 407063K->340431K(736256K), 0.0017725 secs] [Times: user=0.01 sys=0.00, real=0.00 secs] 
2139.071: [GC (Allocation Failure) [PSYoungGen: 68093K->1408K(68608K)] 406991K->340306K(736256K), 0.0025528 secs] [Times: user=0.02 sys=0.00, real=0.01 secs] 
2139.367: [GC (Allocation Failure) [PSYoungGen: 67968K->1344K(68608K)] 406866K->340242K(736256K), 0.0020480 secs] [Times: user=0.01 sys=0.00, real=0.00 secs] 
2139.644: [GC (Allocation Failure) [PSYoungGen: 67904K->1408K(68608K)] 406802K->340322K(736256K), 0.0020249 secs] [Times: user=0.01 sys=0.00, real=0.00 secs] 
2139.921: [GC (Allocation Failure) [PSYoungGen: 67968K->1408K(68608K)] 406882K->340322K(736256K), 0.0019972 secs] [Times: user=0.00 sys=0.00, real=0.00 secs] 
2140.319: [GC (Allocation Failure) [PSYoungGen: 67968K->1453K(68608K)] 406882K->340367K(736256K), 0.0016646 secs] [Times: user=0.01 sys=0.00, real=0.00 secs] 
2140.722: [GC (Allocation Failure) [PSYoungGen: 68013K->1517K(68608K)] 406927K->340431K(736256K), 0.0017853 secs] [Times: user=0.01 sys=0.00, real=0.01 secs] 
2141.124: [GC (Allocation Failure) [PSYoungGen: 68077K->1552K(68608K)] 406991K->340466K(736256K), 0.0016647 secs] [Times: user=0.01 sys=0.00, real=0.00 secs] 
2141.524: [GC (Allocation Failure) [PSYoungGen: 68112K->1549K(68608K)] 407026K->340479K(736256K), 0.0017038 secs] [Times: user=0.01 sys=0.01, real=0.00 secs] 
2142.296: [GC (Allocation Failure) [PSYoungGen: 68109K->1440K(68608K)] 407039K->340370K(736256K), 0.0031399 secs] [Times: user=0.01 sys=0.00, real=0.00 secs] 
2142.855: [GC (Allocation Failure) [PSYoungGen: 68000K->1408K(68608K)] 406930K->340338K(736256K), 0.0028794 secs] [Times: user=0.01 sys=0.00, real=0.00 secs] 
2143.309: [GC (Allocation Failure) [PSYoungGen: 67968K->1408K(68608K)] 406898K->340338K(736256K), 0.0021992 secs] [Times: user=0.01 sys=0.00, real=0.00 secs] 
2143.586: [GC (Allocation Failure) [PSYoungGen: 67968K->1376K(68608K)] 406898K->340306K(736256K), 0.0019760 secs] [Times: user=0.01 sys=0.00, real=0.00 secs] 
2143.985: [GC (Allocation Failure) [PSYoungGen: 67936K->1533K(68608K)] 406866K->340463K(736256K), 0.0016726 secs] [Times: user=0.00 sys=0.00, real=0.00 secs] 
2144.388: [GC (Allocation Failure) [PSYoungGen: 68093K->1581K(68608K)] 407023K->340511K(736256K), 0.0016825 secs] [Times: user=0.01 sys=0.00, real=0.00 secs] 
2144.790: [GC (Allocation Failure) [PSYoungGen: 68141K->1613K(68608K)] 407071K->340543K(736256K), 0.0016823 secs] [Times: user=0.01 sys=0.00, real=0.00 secs] 
2145.217: [GC (Allocation Failure) [PSYoungGen: 68173K->2032K(68608K)] 407103K->340978K(736256K), 0.0018462 secs] [Times: user=0.01 sys=0.00, real=0.00 secs] 
2145.719: [GC (Allocation Failure) [PSYoungGen: 68592K->1392K(68608K)] 407538K->340338K(736256K), 0.0016696 secs] [Times: user=0.01 sys=0.00, real=0.00 secs] 
2146.264: [GC (Allocation Failure) [PSYoungGen: 67952K->1376K(68608K)] 406898K->340322K(736256K), 0.0029273 secs] [Times: user=0.01 sys=0.00, real=0.00 secs] 
2146.775: [GC (Allocation Failure) [PSYoungGen: 67936K->1344K(68608K)] 406882K->340290K(736256K), 0.0024501 secs] [Times: user=0.00 sys=0.00, real=0.00 secs] 
2147.051: [GC (Allocation Failure) [PSYoungGen: 67904K->1360K(68608K)] 406850K->340306K(736256K), 0.0017797 secs] [Times: user=0.01 sys=0.00, real=0.01 secs] 
2147.588: [GC (Allocation Failure) [PSYoungGen: 67920K->1584K(68608K)] 406866K->340530K(736256K), 0.0016211 secs] [Times: user=0.00 sys=0.00, real=0.00 secs] 
2147.990: [GC (Allocation Failure) [PSYoungGen: 68144K->1581K(68608K)] 407090K->340527K(736256K), 0.0016772 secs] [Times: user=0.00 sys=0.00, real=0.00 secs] 
2148.392: [GC (Allocation Failure) [PSYoungGen: 68141K->1613K(68608K)] 407087K->340559K(736256K), 0.0016979 secs] [Times: user=0.01 sys=0.00, real=0.01 secs] 
2149.119: [GC (Allocation Failure) [PSYoungGen: 68173K->1504K(68608K)] 407119K->340458K(736256K), 0.0039851 secs] [Times: user=0.02 sys=0.00, real=0.00 secs] 
2149.721: [GC (Allocation Failure) [PSYoungGen: 68064K->1408K(68608K)] 407018K->340362K(736256K), 0.0030737 secs] [Times: user=0.01 sys=0.00, real=0.01 secs] 
2150.408: [GC (Allocation Failure) [PSYoungGen: 67968K->1376K(68608K)] 406922K->340338K(736256K), 0.0025322 secs] [Times: user=0.01 sys=0.00, real=0.00 secs] 
2151.195: [GC (Allocation Failure) [PSYoungGen: 67936K->1408K(68608K)] 406898K->340370K(736256K), 0.0041513 secs] [Times: user=0.01 sys=0.00, real=0.00 secs] 
2151.774: [GC (Allocation Failure) [PSYoungGen: 67855K->256K(68608K)] 406818K->339218K(736256K), 0.0025624 secs] [Times: user=0.01 sys=0.00, real=0.00 secs] 
2152.246: [GC (Allocation Failure) [PSYoungGen: 66816K->1613K(68608K)] 405778K->340575K(736256K), 0.0016464 secs] [Times: user=0.01 sys=0.00, real=0.00 secs] 
2152.648: [GC (Allocation Failure) [PSYoungGen: 68173K->1549K(68608K)] 407135K->340511K(736256K), 0.0018683 secs] [Times: user=0.01 sys=0.00, real=0.00 secs] 
2153.054: [GC (Allocation Failure) [PSYoungGen: 68109K->1565K(68608K)] 407071K->340543K(736256K), 0.0017335 secs] [Times: user=0.01 sys=0.00, real=0.00 secs] 
2153.626: [GC (Allocation Failure) [PSYoungGen: 68125K->1472K(68608K)] 407103K->340450K(736256K), 0.0019770 secs] [Times: user=0.01 sys=0.00, real=0.00 secs] 
2154.312: [GC (Allocation Failure) [PSYoungGen: 68032K->1408K(68608K)] 407010K->340386K(736256K), 0.0039458 secs] [Times: user=0.02 sys=0.00, real=0.01 secs] 
2155.093: [GC (Allocation Failure) [PSYoungGen: 67968K->1376K(68608K)] 406946K->340354K(736256K), 0.0026076 secs] [Times: user=0.01 sys=0.00, real=0.01 secs] 
2155.590: [GC (Allocation Failure) [PSYoungGen: 67936K->1408K(68608K)] 406914K->340386K(736256K), 0.0026024 secs] [Times: user=0.02 sys=0.00, real=0.00 secs] 
2156.306: [GC (Allocation Failure) [PSYoungGen: 67968K->1421K(68608K)] 406946K->340399K(736256K), 0.0024542 secs] [Times: user=0.01 sys=0.00, real=0.00 secs] 
2156.779: [GC (Allocation Failure) [PSYoungGen: 67981K->1565K(68608K)] 406959K->340543K(736256K), 0.0016683 secs] [Times: user=0.01 sys=0.00, real=0.00 secs] 
2157.188: [GC (Allocation Failure) [PSYoungGen: 68125K->1613K(68608K)] 407103K->340591K(736256K), 0.0016460 secs] [Times: user=0.01 sys=0.00, real=0.00 secs] 
2157.651: [GC (Allocation Failure) [PSYoungGen: 68173K->1549K(68608K)] 407151K->340543K(736256K), 0.0016834 secs] [Times: user=0.01 sys=0.00, real=0.00 secs] 
2158.210: [GC (Allocation Failure) [PSYoungGen: 68109K->1488K(68608K)] 407103K->340482K(736256K), 0.0028365 secs] [Times: user=0.01 sys=0.00, real=0.00 secs] 
2158.666: [GC (Allocation Failure) [PSYoungGen: 68048K->1408K(68608K)] 407042K->340402K(736256K), 0.0020173 secs] [Times: user=0.00 sys=0.00, real=0.00 secs] 
2158.963: [GC (Allocation Failure) [PSYoungGen: 67968K->1408K(68608K)] 406962K->340402K(736256K), 0.0020859 secs] [Times: user=0.01 sys=0.00, real=0.00 secs] 
2159.255: [GC (Allocation Failure) [PSYoungGen: 67968K->1408K(68608K)] 406962K->340402K(736256K), 0.0017364 secs] [Times: user=0.00 sys=0.00, real=0.00 secs] 
2159.609: [GC (Allocation Failure) [PSYoungGen: 67968K->1485K(68608K)] 406962K->340479K(736256K), 0.0016143 secs] [Times: user=0.01 sys=0.00, real=0.00 secs] 
2160.009: [GC (Allocation Failure) [PSYoungGen: 68045K->1581K(68608K)] 407039K->340575K(736256K), 0.0017109 secs] [Times: user=0.01 sys=0.00, real=0.00 secs] 
2160.409: [GC (Allocation Failure) [PSYoungGen: 68121K->1549K(68608K)] 407116K->340567K(736256K), 0.0016144 secs] [Times: user=0.01 sys=0.00, real=0.00 secs] 
2160.867: [GC (Allocation Failure) [PSYoungGen: 68090K->1584K(68608K)] 407108K->340618K(736256K), 0.0017021 secs] [Times: user=0.01 sys=0.00, real=0.00 secs] 
2161.730: [GC (Allocation Failure) [PSYoungGen: 68144K->1472K(68608K)] 407178K->340506K(736256K), 0.0035087 secs] [Times: user=0.01 sys=0.00, real=0.01 secs] 
2162.463: [GC (Allocation Failure) [PSYoungGen: 68032K->1376K(68608K)] 407066K->340410K(736256K), 0.0027139 secs] [Times: user=0.01 sys=0.00, real=0.01 secs] 
2162.980: [GC (Allocation Failure) [PSYoungGen: 67936K->1408K(68608K)] 406970K->340442K(736256K), 0.0027808 secs] [Times: user=0.01 sys=0.00, real=0.00 secs] 
2163.289: [GC (Allocation Failure) [PSYoungGen: 67968K->1376K(68608K)] 407002K->340410K(736256K), 0.0019305 secs] [Times: user=0.01 sys=0.00, real=0.00 secs] 
2163.650: [GC (Allocation Failure) [PSYoungGen: 67936K->1456K(68608K)] 406970K->340490K(736256K), 0.0015523 secs] [Times: user=0.00 sys=0.00, real=0.00 secs] 
2164.055: [GC (Allocation Failure) [PSYoungGen: 68016K->1613K(68608K)] 407050K->340647K(736256K), 0.0017493 secs] [Times: user=0.01 sys=0.00, real=0.00 secs] 
2164.518: [GC (Allocation Failure) [PSYoungGen: 68173K->1584K(68608K)] 407207K->340618K(736256K), 0.0017643 secs] [Times: user=0.00 sys=0.00, real=0.00 secs] 
2164.984: [GC (Allocation Failure) [PSYoungGen: 68144K->1584K(68608K)] 407178K->340634K(736256K), 0.0017450 secs] [Times: user=0.01 sys=0.00, real=0.00 secs] 
2165.508: [GC (Allocation Failure) [PSYoungGen: 68144K->1440K(68608K)] 407194K->340490K(736256K), 0.0031651 secs] [Times: user=0.02 sys=0.00, real=0.00 secs] 
2166.083: [GC (Allocation Failure) [PSYoungGen: 68000K->1344K(68608K)] 407050K->340394K(736256K), 0.0025532 secs] [Times: user=0.01 sys=0.00, real=0.00 secs] 
2166.659: [GC (Allocation Failure) [PSYoungGen: 67904K->1344K(68608K)] 406954K->340394K(736256K), 0.0022323 secs] [Times: user=0.01 sys=0.00, real=0.00 secs] 
2167.235: [GC (Allocation Failure) [PSYoungGen: 67904K->1360K(68608K)] 406954K->340410K(736256K), 0.0020614 secs] [Times: user=0.00 sys=0.00, real=0.00 secs] 
2167.685: [GC (Allocation Failure) [PSYoungGen: 67920K->1485K(68608K)] 406970K->340535K(736256K), 0.0015214 secs] [Times: user=0.00 sys=0.00, real=0.00 secs] 
2168.088: [GC (Allocation Failure) [PSYoungGen: 68045K->1613K(68608K)] 407095K->340663K(736256K), 0.0017229 secs] [Times: user=0.00 sys=0.00, real=0.00 secs] 
2168.490: [GC (Allocation Failure) [PSYoungGen: 68173K->1549K(68608K)] 407223K->340599K(736256K), 0.0016542 secs] [Times: user=0.00 sys=0.00, real=0.00 secs] 
2168.964: [GC (Allocation Failure) [PSYoungGen: 68109K->1581K(68608K)] 407159K->340647K(736256K), 0.0016752 secs] [Times: user=0.00 sys=0.00, real=0.00 secs] 
2169.916: [GC (Allocation Failure) [PSYoungGen: 68141K->1376K(68608K)] 407207K->340450K(736256K), 0.0021813 secs] [Times: user=0.00 sys=0.00, real=0.00 secs] 
2170.954: [GC (Allocation Failure) [PSYoungGen: 67936K->1376K(68608K)] 407010K->340458K(736256K), 0.0027962 secs] [Times: user=0.01 sys=0.00, real=0.00 secs] 
2171.855: [GC (Allocation Failure) [PSYoungGen: 67936K->1376K(68608K)] 407018K->340458K(736256K), 0.0027832 secs] [Times: user=0.01 sys=0.00, real=0.00 secs] 
2172.818: [GC (Allocation Failure) [PSYoungGen: 67936K->1344K(68608K)] 407018K->340426K(736256K), 0.0023572 secs] [Times: user=0.00 sys=0.00, real=0.00 secs] 
2173.456: [GC (Allocation Failure) [PSYoungGen: 67904K->1485K(68608K)] 406986K->340567K(736256K), 0.0015417 secs] [Times: user=0.01 sys=0.00, real=0.00 secs] 
2173.857: [GC (Allocation Failure) [PSYoungGen: 68038K->1581K(68608K)] 407121K->340671K(736256K), 0.0017114 secs] [Times: user=0.01 sys=0.00, real=0.00 secs] 
2174.318: [GC (Allocation Failure) [PSYoungGen: 68138K->1581K(68608K)] 407229K->340671K(736256K), 0.0017192 secs] [Times: user=0.01 sys=0.00, real=0.00 secs] 
2174.712: [GC (Allocation Failure) [PSYoungGen: 67630K->320K(68608K)] 406720K->339418K(736256K), 0.0015480 secs] [Times: user=0.00 sys=0.00, real=0.01 secs] 
2175.014: [GC (Allocation Failure) [PSYoungGen: 66880K->1376K(68608K)] 405978K->340474K(736256K), 0.0020350 secs] [Times: user=0.01 sys=0.00, real=0.00 secs] 
2175.290: [GC (Allocation Failure) [PSYoungGen: 67936K->1328K(68608K)] 407034K->340426K(736256K), 0.0020616 secs] [Times: user=0.01 sys=0.00, real=0.00 secs] 
2175.567: [GC (Allocation Failure) [PSYoungGen: 67888K->1360K(68608K)] 406986K->340458K(736256K), 0.0019546 secs] [Times: user=0.00 sys=0.00, real=0.00 secs] 
2175.843: [GC (Allocation Failure) [PSYoungGen: 67920K->1344K(68608K)] 407018K->340442K(736256K), 0.0018750 secs] [Times: user=0.01 sys=0.00, real=0.00 secs] 
2176.246: [GC (Allocation Failure) [PSYoungGen: 67904K->1549K(68608K)] 407002K->340647K(736256K), 0.0016322 secs] [Times: user=0.01 sys=0.00, real=0.00 secs] 
2176.707: [GC (Allocation Failure) [PSYoungGen: 68109K->1533K(68608K)] 407207K->340631K(736256K), 0.0017877 secs] [Times: user=0.01 sys=0.00, real=0.00 secs] 
2177.107: [GC (Allocation Failure) [PSYoungGen: 68085K->1549K(68608K)] 407183K->340647K(736256K), 0.0017597 secs] [Times: user=0.01 sys=0.00, real=0.00 secs] 
2177.504: [GC (Allocation Failure) [PSYoungGen: 68109K->2000K(68608K)] 407207K->341106K(736256K), 0.0021109 secs] [Times: user=0.01 sys=0.00, real=0.00 secs] 
2177.781: [GC (Allocation Failure) [PSYoungGen: 68560K->1344K(68608K)] 407666K->340450K(736256K), 0.0021477 secs] [Times: user=0.01 sys=0.00, real=0.01 secs] 
2178.058: [GC (Allocation Failure) [PSYoungGen: 67904K->1344K(68608K)] 407010K->340450K(736256K), 0.0019347 secs] [Times: user=0.01 sys=0.00, real=0.00 secs] 
2178.366: [GC (Allocation Failure) [PSYoungGen: 67904K->1360K(68608K)] 407010K->340466K(736256K), 0.0019643 secs] [Times: user=0.00 sys=0.00, real=0.00 secs] 
2178.643: [GC (Allocation Failure) [PSYoungGen: 67920K->1344K(68608K)] 407026K->340466K(736256K), 0.0018720 secs] [Times: user=0.00 sys=0.00, real=0.01 secs] 
2179.102: [GC (Allocation Failure) [PSYoungGen: 67904K->1581K(68608K)] 407026K->340703K(736256K), 0.0016816 secs] [Times: user=0.01 sys=0.00, real=0.01 secs] 
2179.501: [GC (Allocation Failure) [PSYoungGen: 68109K->1581K(68608K)] 407232K->340703K(736256K), 0.0016529 secs] [Times: user=0.01 sys=0.00, real=0.00 secs] 
2179.901: [GC (Allocation Failure) [PSYoungGen: 68116K->1613K(68608K)] 407239K->340743K(736256K), 0.0017208 secs] [Times: user=0.01 sys=0.00, real=0.01 secs] 
2180.333: [GC (Allocation Failure) [PSYoungGen: 68173K->1472K(68608K)] 407303K->340610K(736256K), 0.0018557 secs] [Times: user=0.00 sys=0.00, real=0.00 secs] 
2180.889: [GC (Allocation Failure) [PSYoungGen: 68032K->1376K(68608K)] 407170K->340514K(736256K), 0.0021571 secs] [Times: user=0.01 sys=0.00, real=0.00 secs] 
2181.455: [GC (Allocation Failure) [PSYoungGen: 67936K->1360K(68608K)] 407074K->340498K(736256K), 0.0021205 secs] [Times: user=0.00 sys=0.00, real=0.00 secs] 
2182.003: [GC (Allocation Failure) [PSYoungGen: 67920K->1376K(68608K)] 407058K->340514K(736256K), 0.0022373 secs] [Times: user=0.00 sys=0.00, real=0.00 secs] 
2182.309: [GC (Allocation Failure) [PSYoungGen: 67936K->1485K(68608K)] 407074K->340623K(736256K), 0.0020120 secs] [Times: user=0.01 sys=0.00, real=0.00 secs] 
2182.726: [GC (Allocation Failure) [PSYoungGen: 68045K->1581K(68608K)] 407183K->340719K(736256K), 0.0015937 secs] [Times: user=0.01 sys=0.00, real=0.00 secs] 
2183.127: [GC (Allocation Failure) [PSYoungGen: 68141K->1504K(68608K)] 407279K->340642K(736256K), 0.0016354 secs] [Times: user=0.01 sys=0.00, real=0.00 secs] 
2183.593: [GC (Allocation Failure) [PSYoungGen: 68064K->1581K(68608K)] 407202K->340727K(736256K), 0.0017738 secs] [Times: user=0.01 sys=0.00, real=0.00 secs] 
2184.314: [GC (Allocation Failure) [PSYoungGen: 68141K->1456K(68608K)] 407287K->340602K(736256K), 0.0035134 secs] [Times: user=0.02 sys=0.00, real=0.00 secs] 
2185.122: [GC (Allocation Failure) [PSYoungGen: 68016K->1408K(68608K)] 407162K->340554K(736256K), 0.0033333 secs] [Times: user=0.01 sys=0.00, real=0.01 secs] 
2185.955: [GC (Allocation Failure) [PSYoungGen: 67968K->1376K(68608K)] 407114K->340522K(736256K), 0.0032565 secs] [Times: user=0.01 sys=0.00, real=0.00 secs] 
2186.664: [GC (Allocation Failure) [PSYoungGen: 67936K->1408K(68608K)] 407082K->340554K(736256K), 0.0023551 secs] [Times: user=0.01 sys=0.00, real=0.00 secs] 
2187.541: [GC (Allocation Failure) [PSYoungGen: 67968K->1421K(68608K)] 407114K->340567K(736256K), 0.0021836 secs] [Times: user=0.01 sys=0.00, real=0.01 secs] 
2188.058: [GC (Allocation Failure) [PSYoungGen: 67981K->1584K(68608K)] 407127K->340730K(736256K), 0.0017607 secs] [Times: user=0.00 sys=0.00, real=0.00 secs] 
2188.460: [GC (Allocation Failure) [PSYoungGen: 68144K->1581K(68608K)] 407290K->340727K(736256K), 0.0017636 secs] [Times: user=0.00 sys=0.00, real=0.00 secs] 
2188.862: [GC (Allocation Failure) [PSYoungGen: 68129K->1533K(68608K)] 407275K->340687K(736256K), 0.0017858 secs] [Times: user=0.01 sys=0.00, real=0.01 secs] 
2189.528: [GC (Allocation Failure) [PSYoungGen: 68093K->1456K(68608K)] 407247K->340610K(736256K), 0.0025625 secs] [Times: user=0.01 sys=0.00, real=0.00 secs] 
2189.806: [GC (Allocation Failure) [PSYoungGen: 68016K->1376K(68608K)] 407170K->340530K(736256K), 0.0020745 secs] [Times: user=0.01 sys=0.00, real=0.00 secs] 
2190.083: [GC (Allocation Failure) [PSYoungGen: 67936K->1376K(68608K)] 407090K->340530K(736256K), 0.0019592 secs] [Times: user=0.01 sys=0.00, real=0.00 secs] 
2190.360: [GC (Allocation Failure) [PSYoungGen: 67936K->1376K(68608K)] 407090K->340530K(736256K), 0.0018056 secs] [Times: user=0.01 sys=0.00, real=0.00 secs] 
2190.695: [GC (Allocation Failure) [PSYoungGen: 67936K->1440K(68608K)] 407090K->340594K(736256K), 0.0016460 secs] [Times: user=0.00 sys=0.00, real=0.00 secs] 
2191.097: [GC (Allocation Failure) [PSYoungGen: 68000K->1533K(68608K)] 407154K->340711K(736256K), 0.0017563 secs] [Times: user=0.01 sys=0.00, real=0.00 secs] 
2191.499: [GC (Allocation Failure) [PSYoungGen: 68093K->1549K(68608K)] 407271K->340727K(736256K), 0.0016679 secs] [Times: user=0.01 sys=0.00, real=0.00 secs] 
2191.901: [GC (Allocation Failure) [PSYoungGen: 68109K->1581K(68608K)] 407287K->340775K(736256K), 0.0017162 secs] [Times: user=0.00 sys=0.00, real=0.00 secs] 
2192.258: [GC (Allocation Failure) [PSYoungGen: 68141K->1472K(68608K)] 407335K->340666K(736256K), 0.0018506 secs] [Times: user=0.01 sys=0.00, real=0.00 secs] 
2192.561: [GC (Allocation Failure) [PSYoungGen: 68032K->1392K(68608K)] 407226K->340586K(736256K), 0.0016250 secs] [Times: user=0.01 sys=0.00, real=0.00 secs] 
2192.841: [GC (Allocation Failure) [PSYoungGen: 67952K->1344K(68608K)] 407146K->340538K(736256K), 0.0025275 secs] [Times: user=0.01 sys=0.00, real=0.01 secs] 
2193.128: [GC (Allocation Failure) [PSYoungGen: 67904K->1408K(68608K)] 407098K->340602K(736256K), 0.0023060 secs] [Times: user=0.00 sys=0.00, real=0.00 secs] 
2193.510: [GC (Allocation Failure) [PSYoungGen: 67968K->1517K(68608K)] 407162K->340711K(736256K), 0.0016024 secs] [Times: user=0.00 sys=0.00, real=0.00 secs] 
2193.911: [GC (Allocation Failure) [PSYoungGen: 68075K->1584K(68608K)] 407269K->340778K(736256K), 0.0016932 secs] [Times: user=0.01 sys=0.00, real=0.00 secs] 
2194.316: [GC (Allocation Failure) [PSYoungGen: 68144K->1581K(68608K)] 407338K->340775K(736256K), 0.0016395 secs] [Times: user=0.00 sys=0.00, real=0.00 secs] 
2194.774: [GC (Allocation Failure) [PSYoungGen: 68141K->1581K(68608K)] 407335K->340791K(736256K), 0.0017828 secs] [Times: user=0.01 sys=0.00, real=0.00 secs] 
2195.255: [GC (Allocation Failure) [PSYoungGen: 68141K->1440K(68608K)] 407351K->340650K(736256K), 0.0020902 secs] [Times: user=0.01 sys=0.00, real=0.00 secs] 
2195.532: [GC (Allocation Failure) [PSYoungGen: 68000K->1376K(68608K)] 407210K->340586K(736256K), 0.0019490 secs] [Times: user=0.01 sys=0.01, real=0.01 secs] 
2195.809: [GC (Allocation Failure) [PSYoungGen: 67936K->1376K(68608K)] 407146K->340586K(736256K), 0.0020339 secs] [Times: user=0.01 sys=0.00, real=0.00 secs] 
2196.105: [GC (Allocation Failure) [PSYoungGen: 67936K->1408K(68608K)] 407146K->340618K(736256K), 0.0019179 secs] [Times: user=0.01 sys=0.00, real=0.00 secs] 
2196.674: [GC (Allocation Failure) [PSYoungGen: 67968K->1501K(68608K)] 407178K->340711K(736256K), 0.0016264 secs] [Times: user=0.00 sys=0.00, real=0.00 secs] 
2197.137: [GC (Allocation Failure) [PSYoungGen: 68061K->1517K(68608K)] 407271K->340727K(736256K), 0.0017940 secs] [Times: user=0.01 sys=0.00, real=0.00 secs] 
2197.540: [GC (Allocation Failure) [PSYoungGen: 68077K->1533K(68608K)] 407287K->340743K(736256K), 0.0016629 secs] [Times: user=0.01 sys=0.00, real=0.00 secs] 
2197.996: [GC (Allocation Failure) [PSYoungGen: 68093K->1645K(68608K)] 407303K->340871K(736256K), 0.0017022 secs] [Times: user=0.01 sys=0.00, real=0.00 secs] 
2198.705: [GC (Allocation Failure) [PSYoungGen: 68205K->1440K(68608K)] 407431K->340666K(736256K), 0.0031602 secs] [Times: user=0.01 sys=0.00, real=0.00 secs] 
2199.439: [GC (Allocation Failure) [PSYoungGen: 68000K->1376K(68608K)] 407226K->340602K(736256K), 0.0031011 secs] [Times: user=0.01 sys=0.00, real=0.00 secs] 
2200.132: [GC (Allocation Failure) [PSYoungGen: 67936K->1344K(68608K)] 407162K->340578K(736256K), 0.0026043 secs] [Times: user=0.01 sys=0.00, real=0.01 secs] 
2200.651: [GC (Allocation Failure) [PSYoungGen: 67904K->1376K(68608K)] 407138K->340610K(736256K), 0.0023312 secs] [Times: user=0.01 sys=0.00, real=0.01 secs] 
2201.164: [GC (Allocation Failure) [PSYoungGen: 67936K->1485K(68608K)] 407170K->340719K(736256K), 0.0016435 secs] [Times: user=0.01 sys=0.00, real=0.00 secs] 
2201.564: [GC (Allocation Failure) [PSYoungGen: 68045K->1549K(68608K)] 407279K->340783K(736256K), 0.0016511 secs] [Times: user=0.01 sys=0.00, real=0.00 secs] 
2201.967: [GC (Allocation Failure) [PSYoungGen: 68109K->1517K(68608K)] 407343K->340751K(736256K), 0.0016214 secs] [Times: user=0.00 sys=0.00, real=0.00 secs] 
2202.387: [GC (Allocation Failure) [PSYoungGen: 68077K->1792K(68608K)] 407311K->341026K(736256K), 0.0017731 secs] [Times: user=0.01 sys=0.00, real=0.00 secs] 
2202.984: [GC (Allocation Failure) [PSYoungGen: 68352K->1408K(68608K)] 407586K->340642K(736256K), 0.0027097 secs] [Times: user=0.01 sys=0.00, real=0.00 secs] 
2203.571: [GC (Allocation Failure) [PSYoungGen: 67968K->1408K(68608K)] 407202K->340642K(736256K), 0.0025975 secs] [Times: user=0.01 sys=0.00, real=0.01 secs] 
2203.845: [GC (Allocation Failure) [PSYoungGen: 67968K->1408K(68608K)] 407202K->340642K(736256K), 0.0019414 secs] [Times: user=0.01 sys=0.00, real=0.00 secs] 
2204.121: [GC (Allocation Failure) [PSYoungGen: 67968K->1376K(68608K)] 407202K->340610K(736256K), 0.0019309 secs] [Times: user=0.01 sys=0.00, real=0.01 secs] 
2204.538: [GC (Allocation Failure) [PSYoungGen: 67936K->1613K(68608K)] 407170K->340847K(736256K), 0.0016678 secs] [Times: user=0.01 sys=0.00, real=0.00 secs] 
2205.001: [GC (Allocation Failure) [PSYoungGen: 68173K->1613K(68608K)] 407407K->340847K(736256K), 0.0017279 secs] [Times: user=0.01 sys=0.00, real=0.01 secs] 
2205.404: [GC (Allocation Failure) [PSYoungGen: 68173K->1501K(68608K)] 407407K->340735K(736256K), 0.0017749 secs] [Times: user=0.01 sys=0.00, real=0.00 secs] 
2205.943: [GC (Allocation Failure) [PSYoungGen: 68061K->1536K(68608K)] 407295K->340770K(736256K), 0.0023845 secs] [Times: user=0.01 sys=0.00, real=0.01 secs] 
2206.504: [GC (Allocation Failure) [PSYoungGen: 68096K->1344K(68608K)] 407330K->340578K(736256K), 0.0022492 secs] [Times: user=0.01 sys=0.00, real=0.00 secs] 
2206.830: [GC (Allocation Failure) [PSYoungGen: 67904K->1376K(68608K)] 407138K->340610K(736256K), 0.0019283 secs] [Times: user=0.00 sys=0.00, real=0.00 secs] 
2207.172: [GC (Allocation Failure) [PSYoungGen: 67936K->1376K(68608K)] 407170K->340610K(736256K), 0.0020437 secs] [Times: user=0.01 sys=0.00, real=0.01 secs] 
2207.517: [GC (Allocation Failure) [PSYoungGen: 67861K->240K(68608K)] 407095K->339482K(736256K), 0.0019282 secs] [Times: user=0.00 sys=0.00, real=0.00 secs] 
2207.924: [GC (Allocation Failure) [PSYoungGen: 66800K->1565K(68608K)] 406042K->340807K(736256K), 0.0016842 secs] [Times: user=0.00 sys=0.00, real=0.00 secs] 
2208.331: [GC (Allocation Failure) [PSYoungGen: 68125K->1597K(68608K)] 407367K->340839K(736256K), 0.0016223 secs] [Times: user=0.01 sys=0.00, real=0.00 secs] 
2208.738: [GC (Allocation Failure) [PSYoungGen: 68125K->1613K(68608K)] 407368K->340863K(736256K), 0.0016774 secs] [Times: user=0.01 sys=0.00, real=0.00 secs] 
2209.993: [GC (Allocation Failure) [PSYoungGen: 68173K->1488K(68608K)] 407423K->340754K(736256K), 0.0043054 secs] [Times: user=0.01 sys=0.00, real=0.00 secs] 
2210.568: [GC (Allocation Failure) [PSYoungGen: 68048K->1408K(68608K)] 407314K->340674K(736256K), 0.0031078 secs] [Times: user=0.01 sys=0.00, real=0.00 secs] 
2211.198: [GC (Allocation Failure) [PSYoungGen: 67968K->1440K(68608K)] 407234K->340706K(736256K), 0.0033771 secs] [Times: user=0.02 sys=0.00, real=0.00 secs] 
2211.485: [GC (Allocation Failure) [PSYoungGen: 68000K->1424K(68608K)] 407266K->340690K(736256K), 0.0019336 secs] [Times: user=0.01 sys=0.00, real=0.00 secs] 
2211.806: [GC (Allocation Failure) [PSYoungGen: 67984K->1517K(68608K)] 407250K->340783K(736256K), 0.0016068 secs] [Times: user=0.01 sys=0.00, real=0.00 secs] 
2212.208: [GC (Allocation Failure) [PSYoungGen: 68077K->1565K(68608K)] 407343K->340831K(736256K), 0.0016500 secs] [Times: user=0.00 sys=0.00, real=0.00 secs] 
2212.611: [GC (Allocation Failure) [PSYoungGen: 68125K->1581K(68608K)] 407391K->340847K(736256K), 0.0016767 secs] [Times: user=0.01 sys=0.00, real=0.00 secs] 
2213.015: [GC (Allocation Failure) [PSYoungGen: 68141K->1581K(68608K)] 407407K->340863K(736256K), 0.0016809 secs] [Times: user=0.01 sys=0.00, real=0.00 secs] 
2213.784: [GC (Allocation Failure) [PSYoungGen: 68141K->1536K(68608K)] 407423K->340818K(736256K), 0.0022826 secs] [Times: user=0.01 sys=0.00, real=0.00 secs] 
2214.566: [GC (Allocation Failure) [PSYoungGen: 68096K->1440K(68608K)] 407378K->340722K(736256K), 0.0025767 secs] [Times: user=0.02 sys=0.00, real=0.00 secs] 
2215.279: [GC (Allocation Failure) [PSYoungGen: 68000K->1376K(68608K)] 407282K->340658K(736256K), 0.0030594 secs] [Times: user=0.01 sys=0.00, real=0.00 secs] 
2216.000: [GC (Allocation Failure) [PSYoungGen: 67936K->1376K(68608K)] 407218K->340666K(736256K), 0.0027643 secs] [Times: user=0.01 sys=0.00, real=0.00 secs] 
2216.734: [GC (Allocation Failure) [PSYoungGen: 67936K->1485K(68608K)] 407226K->340775K(736256K), 0.0019393 secs] [Times: user=0.01 sys=0.00, real=0.00 secs] 
2217.212: [GC (Allocation Failure) [PSYoungGen: 68045K->1565K(68608K)] 407335K->340855K(736256K), 0.0018042 secs] [Times: user=0.01 sys=0.00, real=0.01 secs] 
2217.676: [GC (Allocation Failure) [PSYoungGen: 68125K->1533K(68608K)] 407415K->340823K(736256K), 0.0017946 secs] [Times: user=0.00 sys=0.00, real=0.00 secs] 
2218.080: [GC (Allocation Failure) [PSYoungGen: 68093K->1613K(68608K)] 407383K->340919K(736256K), 0.0017336 secs] [Times: user=0.01 sys=0.00, real=0.00 secs] 
2218.696: [GC (Allocation Failure) [PSYoungGen: 68173K->1424K(68608K)] 407479K->340730K(736256K), 0.0035932 secs] [Times: user=0.02 sys=0.00, real=0.00 secs] 
2219.403: [GC (Allocation Failure) [PSYoungGen: 67984K->1376K(68608K)] 407290K->340682K(736256K), 0.0040720 secs] [Times: user=0.02 sys=0.00, real=0.01 secs] 
2219.974: [GC (Allocation Failure) [PSYoungGen: 67936K->1376K(68608K)] 407242K->340682K(736256K), 0.0025800 secs] [Times: user=0.01 sys=0.00, real=0.00 secs] 
2220.576: [GC (Allocation Failure) [PSYoungGen: 67936K->1376K(68608K)] 407242K->340682K(736256K), 0.0025984 secs] [Times: user=0.01 sys=0.00, real=0.00 secs] 
2221.210: [GC (Allocation Failure) [PSYoungGen: 67936K->1453K(68608K)] 407242K->340759K(736256K), 0.0016117 secs] [Times: user=0.00 sys=0.00, real=0.00 secs] 
2221.615: [GC (Allocation Failure) [PSYoungGen: 68013K->1581K(68608K)] 407319K->340887K(736256K), 0.0017091 secs] [Times: user=0.01 sys=0.00, real=0.00 secs] 
2222.019: [GC (Allocation Failure) [PSYoungGen: 68141K->1581K(68608K)] 407447K->340903K(736256K), 0.0017448 secs] [Times: user=0.01 sys=0.00, real=0.00 secs] 
2222.419: [GC (Allocation Failure) [PSYoungGen: 68117K->1549K(68608K)] 407440K->340879K(736256K), 0.0016078 secs] [Times: user=0.01 sys=0.00, real=0.00 secs] 
2223.733: [GC (Allocation Failure) [PSYoungGen: 68109K->1408K(68608K)] 407439K->340738K(736256K), 0.0028735 secs] [Times: user=0.01 sys=0.00, real=0.01 secs] 
2224.117: [GC (Allocation Failure) [PSYoungGen: 67968K->1344K(68608K)] 407298K->340674K(736256K), 0.0019040 secs] [Times: user=0.00 sys=0.00, real=0.00 secs] 
2224.394: [GC (Allocation Failure) [PSYoungGen: 67904K->1408K(68608K)] 407234K->340738K(736256K), 0.0020678 secs] [Times: user=0.01 sys=0.00, real=0.00 secs] 
2224.670: [GC (Allocation Failure) [PSYoungGen: 67968K->1376K(68608K)] 407298K->340706K(736256K), 0.0018048 secs] [Times: user=0.00 sys=0.00, real=0.00 secs] 
2225.028: [GC (Allocation Failure) [PSYoungGen: 67936K->1517K(68608K)] 407266K->340847K(736256K), 0.0016976 secs] [Times: user=0.01 sys=0.00, real=0.00 secs] 
2225.432: [GC (Allocation Failure) [PSYoungGen: 68077K->1565K(68608K)] 407407K->340895K(736256K), 0.0016909 secs] [Times: user=0.00 sys=0.00, real=0.01 secs] 
2225.833: [GC (Allocation Failure) [PSYoungGen: 68125K->1581K(68608K)] 407455K->340911K(736256K), 0.0017115 secs] [Times: user=0.01 sys=0.00, real=0.00 secs] 
2226.236: [GC (Allocation Failure) [PSYoungGen: 68116K->1613K(68608K)] 407446K->340959K(736256K), 0.0017050 secs] [Times: user=0.00 sys=0.00, real=0.00 secs] 
2226.548: [GC (Allocation Failure) [PSYoungGen: 68173K->1424K(68608K)] 407519K->340770K(736256K), 0.0018541 secs] [Times: user=0.01 sys=0.00, real=0.00 secs] 
2226.824: [GC (Allocation Failure) [PSYoungGen: 67984K->1344K(68608K)] 407330K->340690K(736256K), 0.0017599 secs] [Times: user=0.01 sys=0.00, real=0.00 secs] 
2227.102: [GC (Allocation Failure) [PSYoungGen: 67904K->1344K(68608K)] 407250K->340690K(736256K), 0.0018109 secs] [Times: user=0.00 sys=0.00, real=0.01 secs] 
2227.379: [GC (Allocation Failure) [PSYoungGen: 67904K->1408K(68608K)] 407250K->340754K(736256K), 0.0022687 secs] [Times: user=0.01 sys=0.00, real=0.00 secs] 
2227.866: [GC (Allocation Failure) [PSYoungGen: 67968K->1469K(68608K)] 407314K->340815K(736256K), 0.0017648 secs] [Times: user=0.00 sys=0.00, real=0.00 secs] 
2228.267: [GC (Allocation Failure) [PSYoungGen: 68029K->1581K(68608K)] 407375K->340927K(736256K), 0.0017003 secs] [Times: user=0.01 sys=0.00, real=0.00 secs] 
2228.668: [GC (Allocation Failure) [PSYoungGen: 68141K->1581K(68608K)] 407487K->340927K(736256K), 0.0016853 secs] [Times: user=0.01 sys=0.00, real=0.00 secs] 
2229.072: [GC (Allocation Failure) [PSYoungGen: 68141K->256K(68608K)] 407487K->339626K(736256K), 0.0020170 secs] [Times: user=0.01 sys=0.00, real=0.01 secs] 
2229.584: [GC (Allocation Failure) [PSYoungGen: 66816K->1376K(68608K)] 406186K->340746K(736256K), 0.0017359 secs] [Times: user=0.01 sys=0.00, real=0.00 secs] 
2230.083: [GC (Allocation Failure) [PSYoungGen: 67936K->1376K(68608K)] 407306K->340746K(736256K), 0.0018129 secs] [Times: user=0.01 sys=0.00, real=0.01 secs] 
2230.360: [GC (Allocation Failure) [PSYoungGen: 67936K->1360K(68608K)] 407306K->340730K(736256K), 0.0016898 secs] [Times: user=0.00 sys=0.01, real=0.00 secs] 
2230.652: [GC (Allocation Failure) [PSYoungGen: 67920K->1408K(68608K)] 407290K->340778K(736256K), 0.0018983 secs] [Times: user=0.01 sys=0.00, real=0.01 secs] 
2231.041: [GC (Allocation Failure) [PSYoungGen: 67968K->1453K(68608K)] 407338K->340823K(736256K), 0.0016616 secs] [Times: user=0.01 sys=0.00, real=0.00 secs] 
2231.443: [GC (Allocation Failure) [PSYoungGen: 68013K->1581K(68608K)] 407383K->340951K(736256K), 0.0016778 secs] [Times: user=0.01 sys=0.00, real=0.01 secs] 
2231.843: [GC (Allocation Failure) [PSYoungGen: 68141K->1581K(68608K)] 407511K->340951K(736256K), 0.0016815 secs] [Times: user=0.01 sys=0.00, real=0.00 secs] 
2232.347: [GC (Allocation Failure) [PSYoungGen: 68141K->2016K(68608K)] 407511K->341938K(736256K), 0.0019634 secs] [Times: user=0.01 sys=0.00, real=0.00 secs] 
2233.054: [GC (Allocation Failure) [PSYoungGen: 68576K->1376K(69120K)] 408498K->341298K(736768K), 0.0019956 secs] [Times: user=0.01 sys=0.00, real=0.00 secs] 
2233.659: [GC (Allocation Failure) [PSYoungGen: 67936K->1376K(69120K)] 407858K->341298K(736768K), 0.0026153 secs] [Times: user=0.01 sys=0.00, real=0.00 secs] 
2234.308: [GC (Allocation Failure) [PSYoungGen: 67936K->1360K(69120K)] 407858K->341282K(736768K), 0.0025997 secs] [Times: user=0.01 sys=0.00, real=0.00 secs] 
2235.136: [GC (Allocation Failure) [PSYoungGen: 67920K->1376K(68096K)] 407842K->341298K(735744K), 0.0028863 secs] [Times: user=0.01 sys=0.00, real=0.00 secs] 
2235.751: [GC (Allocation Failure) [PSYoungGen: 67924K->1581K(68608K)] 407846K->341503K(736256K), 0.0016965 secs] [Times: user=0.00 sys=0.00, real=0.00 secs] 
2236.153: [GC (Allocation Failure) [PSYoungGen: 68141K->1581K(68608K)] 408063K->341503K(736256K), 0.0016982 secs] [Times: user=0.01 sys=0.00, real=0.01 secs] 
2236.555: [GC (Allocation Failure) [PSYoungGen: 68141K->1613K(68608K)] 408063K->341535K(736256K), 0.0018308 secs] [Times: user=0.01 sys=0.00, real=0.00 secs] 
2237.200: [GC (Allocation Failure) [PSYoungGen: 68173K->1488K(68608K)] 408095K->341410K(736256K), 0.0023199 secs] [Times: user=0.01 sys=0.00, real=0.00 secs] 
2237.887: [GC (Allocation Failure) [PSYoungGen: 68048K->1376K(68608K)] 407970K->341298K(736256K), 0.0020958 secs] [Times: user=0.01 sys=0.00, real=0.00 secs] 
2238.541: [GC (Allocation Failure) [PSYoungGen: 67936K->1408K(68608K)] 407858K->341330K(736256K), 0.0026227 secs] [Times: user=0.01 sys=0.00, real=0.01 secs] 
2238.878: [GC (Allocation Failure) [PSYoungGen: 67968K->1408K(68608K)] 407890K->341330K(736256K), 0.0019486 secs] [Times: user=0.01 sys=0.00, real=0.00 secs] 
2239.467: [GC (Allocation Failure) [PSYoungGen: 67948K->1421K(68608K)] 407870K->341343K(736256K), 0.0022150 secs] [Times: user=0.01 sys=0.00, real=0.00 secs] 
2239.921: [GC (Allocation Failure) [PSYoungGen: 67981K->1613K(68608K)] 407903K->341535K(736256K), 0.0016862 secs] [Times: user=0.01 sys=0.00, real=0.00 secs] 
2240.382: [GC (Allocation Failure) [PSYoungGen: 68173K->1613K(68608K)] 408095K->341535K(736256K), 0.0016633 secs] [Times: user=0.01 sys=0.00, real=0.01 secs] 
2240.785: [GC (Allocation Failure) [PSYoungGen: 68173K->1533K(68608K)] 408095K->341463K(736256K), 0.0018121 secs] [Times: user=0.00 sys=0.00, real=0.00 secs] 
2241.435: [GC (Allocation Failure) [PSYoungGen: 68093K->1456K(68608K)] 408023K->341402K(736256K), 0.0032153 secs] [Times: user=0.01 sys=0.00, real=0.00 secs] 
2241.819: [GC (Allocation Failure) [PSYoungGen: 68016K->1344K(68608K)] 407962K->341290K(736256K), 0.0020310 secs] [Times: user=0.00 sys=0.00, real=0.00 secs] 
2242.102: [GC (Allocation Failure) [PSYoungGen: 67904K->1376K(68608K)] 407850K->341322K(736256K), 0.0020985 secs] [Times: user=0.01 sys=0.00, real=0.01 secs] 
2242.564: [GC (Allocation Failure) [PSYoungGen: 67936K->1376K(68608K)] 407882K->341322K(736256K), 0.0019602 secs] [Times: user=0.01 sys=0.00, real=0.00 secs] 
2243.160: [GC (Allocation Failure) [PSYoungGen: 67936K->1456K(68608K)] 407882K->341402K(736256K), 0.0019082 secs] [Times: user=0.01 sys=0.00, real=0.00 secs] 
2243.567: [GC (Allocation Failure) [PSYoungGen: 68016K->1581K(68608K)] 407962K->341527K(736256K), 0.0017026 secs] [Times: user=0.01 sys=0.00, real=0.00 secs] 
2244.034: [GC (Allocation Failure) [PSYoungGen: 68141K->1613K(68608K)] 408087K->341559K(736256K), 0.0017126 secs] [Times: user=0.00 sys=0.00, real=0.00 secs] 
2244.500: [GC (Allocation Failure) [PSYoungGen: 68173K->1533K(68608K)] 408119K->341487K(736256K), 0.0017862 secs] [Times: user=0.01 sys=0.00, real=0.00 secs] 
2245.134: [GC (Allocation Failure) [PSYoungGen: 68093K->1472K(68608K)] 408047K->341426K(736256K), 0.0041908 secs] [Times: user=0.01 sys=0.00, real=0.00 secs] 
2245.821: [GC (Allocation Failure) [PSYoungGen: 68032K->1376K(68608K)] 407986K->341330K(736256K), 0.0030814 secs] [Times: user=0.01 sys=0.00, real=0.01 secs] 
2246.373: [GC (Allocation Failure) [PSYoungGen: 67936K->1344K(68608K)] 407890K->341298K(736256K), 0.0037707 secs] [Times: user=0.01 sys=0.00, real=0.00 secs] 
2247.121: [GC (Allocation Failure) [PSYoungGen: 67904K->1376K(68608K)] 407858K->341330K(736256K), 0.0033351 secs] [Times: user=0.01 sys=0.00, real=0.01 secs] 
2247.984: [GC (Allocation Failure) [PSYoungGen: 67936K->1437K(68608K)] 407890K->341391K(736256K), 0.0019387 secs] [Times: user=0.01 sys=0.00, real=0.00 secs] 
2248.389: [GC (Allocation Failure) [PSYoungGen: 67997K->1613K(68608K)] 407951K->341567K(736256K), 0.0017308 secs] [Times: user=0.01 sys=0.00, real=0.00 secs] 
2248.791: [GC (Allocation Failure) [PSYoungGen: 68173K->1549K(68608K)] 408127K->341503K(736256K), 0.0017123 secs] [Times: user=0.00 sys=0.00, real=0.00 secs] 
2249.192: [GC (Allocation Failure) [PSYoungGen: 68100K->1549K(68608K)] 408055K->341527K(736256K), 0.0017382 secs] [Times: user=0.01 sys=0.00, real=0.01 secs] 
2249.571: [GC (Allocation Failure) [PSYoungGen: 68109K->1424K(68608K)] 408087K->341402K(736256K), 0.0019225 secs] [Times: user=0.01 sys=0.00, real=0.00 secs] 
2249.890: [GC (Allocation Failure) [PSYoungGen: 67984K->1408K(68608K)] 407962K->341386K(736256K), 0.0018881 secs] [Times: user=0.01 sys=0.00, real=0.00 secs] 
2250.193: [GC (Allocation Failure) [PSYoungGen: 67968K->1376K(68608K)] 407946K->341354K(736256K), 0.0017911 secs] [Times: user=0.01 sys=0.00, real=0.00 secs] 
2250.685: [GC (Allocation Failure) [PSYoungGen: 67936K->1408K(68608K)] 407914K->341402K(736256K), 0.0021996 secs] [Times: user=0.01 sys=0.00, real=0.00 secs] 
2251.209: [GC (Allocation Failure) [PSYoungGen: 67968K->1501K(68608K)] 407962K->341495K(736256K), 0.0016475 secs] [Times: user=0.00 sys=0.00, real=0.00 secs] 
2251.613: [GC (Allocation Failure) [PSYoungGen: 68061K->1533K(68608K)] 408055K->341527K(736256K), 0.0016908 secs] [Times: user=0.01 sys=0.00, real=0.00 secs] 
2252.014: [GC (Allocation Failure) [PSYoungGen: 68093K->1549K(68608K)] 408087K->341543K(736256K), 0.0017284 secs] [Times: user=0.00 sys=0.00, real=0.00 secs] 
2252.419: [GC (Allocation Failure) [PSYoungGen: 68109K->1613K(68608K)] 408103K->341623K(736256K), 0.0016661 secs] [Times: user=0.00 sys=0.00, real=0.00 secs] 
2253.084: [GC (Allocation Failure) [PSYoungGen: 68173K->1440K(68608K)] 408183K->341450K(736256K), 0.0023060 secs] [Times: user=0.00 sys=0.00, real=0.00 secs] 
2253.715: [GC (Allocation Failure) [PSYoungGen: 68000K->1408K(68608K)] 408010K->341418K(736256K), 0.0028256 secs] [Times: user=0.01 sys=0.00, real=0.00 secs] 
2254.147: [GC (Allocation Failure) [PSYoungGen: 67968K->1408K(68608K)] 407978K->341418K(736256K), 0.0019476 secs] [Times: user=0.01 sys=0.00, real=0.00 secs] 
2254.774: [GC (Allocation Failure) [PSYoungGen: 67968K->1344K(68608K)] 407978K->341354K(736256K), 0.0019315 secs] [Times: user=0.01 sys=0.00, real=0.00 secs] 
2255.226: [GC (Allocation Failure) [PSYoungGen: 67904K->1517K(68608K)] 407914K->341527K(736256K), 0.0015876 secs] [Times: user=0.01 sys=0.00, real=0.00 secs] 
2255.630: [GC (Allocation Failure) [PSYoungGen: 68077K->1549K(68608K)] 408087K->341559K(736256K), 0.0016862 secs] [Times: user=0.01 sys=0.00, real=0.00 secs] 
2256.032: [GC (Allocation Failure) [PSYoungGen: 68109K->1581K(68608K)] 408119K->341591K(736256K), 0.0017224 secs] [Times: user=0.00 sys=0.00, real=0.01 secs] 
2256.435: [GC (Allocation Failure) [PSYoungGen: 68141K->1549K(68608K)] 408151K->341575K(736256K), 0.0015910 secs] [Times: user=0.00 sys=0.00, real=0.00 secs] 
2257.545: [GC (Allocation Failure) [PSYoungGen: 68109K->1408K(68608K)] 408135K->341434K(736256K), 0.0042378 secs] [Times: user=0.02 sys=0.00, real=0.00 secs] 
2258.035: [GC (Allocation Failure) [PSYoungGen: 67968K->1344K(68608K)] 407994K->341370K(736256K), 0.0023586 secs] [Times: user=0.01 sys=0.00, real=0.00 secs] 
2258.493: [GC (Allocation Failure) [PSYoungGen: 67904K->1392K(68608K)] 407930K->341418K(736256K), 0.0024075 secs] [Times: user=0.01 sys=0.00, real=0.00 secs] 
2259.108: [GC (Allocation Failure) [PSYoungGen: 67952K->1376K(68608K)] 407978K->341402K(736256K), 0.0022207 secs] [Times: user=0.01 sys=0.00, real=0.00 secs] 
2259.613: [GC (Allocation Failure) [PSYoungGen: 67936K->1517K(68608K)] 407962K->341543K(736256K), 0.0056982 secs] [Times: user=0.02 sys=0.00, real=0.01 secs] 
2260.027: [GC (Allocation Failure) [PSYoungGen: 68077K->1581K(68608K)] 408103K->341607K(736256K), 0.0017071 secs] [Times: user=0.00 sys=0.00, real=0.00 secs] 
2260.430: [GC (Allocation Failure) [PSYoungGen: 68141K->1613K(68608K)] 408167K->341639K(736256K), 0.0016742 secs] [Times: user=0.01 sys=0.00, real=0.00 secs] 
2260.882: [GC (Allocation Failure) [PSYoungGen: 68173K->1824K(68608K)] 408199K->341874K(736256K), 0.0020345 secs] [Times: user=0.01 sys=0.00, real=0.01 secs] 
2261.205: [GC (Allocation Failure) [PSYoungGen: 68384K->1408K(68608K)] 408434K->341458K(736256K), 0.0021015 secs] [Times: user=0.00 sys=0.00, real=0.00 secs] 
2261.482: [GC (Allocation Failure) [PSYoungGen: 67968K->1376K(68608K)] 408018K->341426K(736256K), 0.0025233 secs] [Times: user=0.01 sys=0.00, real=0.01 secs] 
2261.799: [GC (Allocation Failure) [PSYoungGen: 67936K->1376K(68608K)] 407986K->341426K(736256K), 0.0037806 secs] [Times: user=0.02 sys=0.00, real=0.00 secs] 
2262.100: [GC (Allocation Failure) [PSYoungGen: 67936K->1376K(68608K)] 407986K->341426K(736256K), 0.0021638 secs] [Times: user=0.01 sys=0.00, real=0.00 secs] 
2262.526: [GC (Allocation Failure) [PSYoungGen: 67936K->1501K(68608K)] 407986K->341551K(736256K), 0.0016242 secs] [Times: user=0.00 sys=0.00, real=0.00 secs] 
2263.008: [GC (Allocation Failure) [PSYoungGen: 68061K->1584K(68608K)] 408111K->341634K(736256K), 0.0021433 secs] [Times: user=0.01 sys=0.00, real=0.00 secs] 
2263.487: [GC (Allocation Failure) [PSYoungGen: 68144K->1533K(68608K)] 408194K->341583K(736256K), 0.0018001 secs] [Times: user=0.01 sys=0.00, real=0.00 secs] 
2264.477: [GC (Allocation Failure) [PSYoungGen: 68093K->1536K(68608K)] 408143K->341586K(736256K), 0.0044601 secs] [Times: user=0.02 sys=0.00, real=0.00 secs] 
2264.951: [GC (Allocation Failure) [PSYoungGen: 68096K->1376K(68608K)] 408146K->341426K(736256K), 0.0020397 secs] [Times: user=0.01 sys=0.00, real=0.01 secs] 
2265.261: [GC (Allocation Failure) [PSYoungGen: 67936K->1408K(68608K)] 407986K->341458K(736256K), 0.0019897 secs] [Times: user=0.01 sys=0.00, real=0.01 secs] 
2265.573: [GC (Allocation Failure) [PSYoungGen: 67968K->1344K(68608K)] 408018K->341394K(736256K), 0.0019890 secs] [Times: user=0.01 sys=0.00, real=0.00 secs] 
2265.859: [GC (Allocation Failure) [PSYoungGen: 67904K->1408K(68608K)] 407954K->341458K(736256K), 0.0019986 secs] [Times: user=0.01 sys=0.00, real=0.00 secs] 
2266.295: [GC (Allocation Failure) [PSYoungGen: 67968K->1549K(68608K)] 408018K->341599K(736256K), 0.0017578 secs] [Times: user=0.00 sys=0.00, real=0.00 secs] 
2266.697: [GC (Allocation Failure) [PSYoungGen: 68109K->1581K(68608K)] 408159K->341631K(736256K), 0.0016958 secs] [Times: user=0.01 sys=0.00, real=0.00 secs] 
2267.159: [GC (Allocation Failure) [PSYoungGen: 68134K->1501K(68608K)] 408184K->341559K(736256K), 0.0017626 secs] [Times: user=0.00 sys=0.00, real=0.00 secs] 
2267.512: [GC (Allocation Failure) [PSYoungGen: 68061K->1504K(68608K)] 408119K->341562K(736256K), 0.0021753 secs] [Times: user=0.01 sys=0.00, real=0.01 secs] 
2267.796: [GC (Allocation Failure) [PSYoungGen: 68064K->1408K(68608K)] 408122K->341466K(736256K), 0.0020286 secs] [Times: user=0.01 sys=0.00, real=0.00 secs] 
2268.079: [GC (Allocation Failure) [PSYoungGen: 67968K->1392K(68608K)] 408026K->341450K(736256K), 0.0018697 secs] [Times: user=0.01 sys=0.00, real=0.00 secs] 
2268.474: [GC (Allocation Failure) [PSYoungGen: 67952K->1408K(68608K)] 408010K->341466K(736256K), 0.0020720 secs] [Times: user=0.01 sys=0.00, real=0.00 secs] 
2268.982: [GC (Allocation Failure) [PSYoungGen: 67968K->1469K(68608K)] 408026K->341527K(736256K), 0.0021326 secs] [Times: user=0.01 sys=0.00, real=0.01 secs] 
2269.410: [GC (Allocation Failure) [PSYoungGen: 68029K->1533K(68608K)] 408087K->341607K(736256K), 0.0016908 secs] [Times: user=0.01 sys=0.00, real=0.00 secs] 
2269.814: [GC (Allocation Failure) [PSYoungGen: 68093K->1581K(68608K)] 408167K->341655K(736256K), 0.0016624 secs] [Times: user=0.01 sys=0.00, real=0.00 secs] 
2270.227: [GC (Allocation Failure) [PSYoungGen: 68141K->1549K(68608K)] 408215K->341631K(736256K), 0.0016215 secs] [Times: user=0.01 sys=0.00, real=0.00 secs] 
2270.831: [GC (Allocation Failure) [PSYoungGen: 68109K->1488K(68608K)] 408191K->341570K(736256K), 0.0036122 secs] [Times: user=0.01 sys=0.00, real=0.01 secs] 
2271.355: [GC (Allocation Failure) [PSYoungGen: 68048K->1408K(68608K)] 408130K->341490K(736256K), 0.0025469 secs] [Times: user=0.01 sys=0.00, real=0.00 secs] 
2271.656: [GC (Allocation Failure) [PSYoungGen: 67968K->1408K(68608K)] 408050K->341490K(736256K), 0.0019151 secs] [Times: user=0.01 sys=0.00, real=0.00 secs] 
2271.935: [GC (Allocation Failure) [PSYoungGen: 67968K->1408K(68608K)] 408050K->341490K(736256K), 0.0019220 secs] [Times: user=0.01 sys=0.00, real=0.00 secs] 
2272.311: [GC (Allocation Failure) [PSYoungGen: 67968K->1453K(68608K)] 408050K->341535K(736256K), 0.0016666 secs] [Times: user=0.01 sys=0.00, real=0.01 secs] 
2272.714: [GC (Allocation Failure) [PSYoungGen: 68013K->1613K(68608K)] 408095K->341695K(736256K), 0.0016769 secs] [Times: user=0.01 sys=0.00, real=0.00 secs] 
2273.119: [GC (Allocation Failure) [PSYoungGen: 68173K->1584K(68608K)] 408255K->341666K(736256K), 0.0023904 secs] [Times: user=0.01 sys=0.00, real=0.00 secs] 
2273.523: [GC (Allocation Failure) [PSYoungGen: 68144K->1581K(68608K)] 408226K->341671K(736256K), 0.0016211 secs] [Times: user=0.00 sys=0.00, real=0.00 secs] 
2274.127: [GC (Allocation Failure) [PSYoungGen: 68141K->1424K(68608K)] 408231K->341514K(736256K), 0.0021427 secs] [Times: user=0.01 sys=0.00, real=0.00 secs] 
2274.655: [GC (Allocation Failure) [PSYoungGen: 67984K->1360K(68608K)] 408074K->341450K(736256K), 0.0032405 secs] [Times: user=0.01 sys=0.00, real=0.00 secs] 
2274.933: [GC (Allocation Failure) [PSYoungGen: 67920K->1408K(68608K)] 408010K->341498K(736256K), 0.0020692 secs] [Times: user=0.01 sys=0.00, real=0.00 secs] 
2275.232: [GC (Allocation Failure) [PSYoungGen: 67968K->1376K(68608K)] 408058K->341466K(736256K), 0.0019243 secs] [Times: user=0.00 sys=0.00, real=0.01 secs] 
2275.676: [GC (Allocation Failure) [PSYoungGen: 67936K->1437K(68608K)] 408026K->341527K(736256K), 0.0016199 secs] [Times: user=0.00 sys=0.00, real=0.00 secs] 
2276.079: [GC (Allocation Failure) [PSYoungGen: 67997K->1581K(68608K)] 408087K->341671K(736256K), 0.0017311 secs] [Times: user=0.00 sys=0.00, real=0.00 secs] 
2276.483: [GC (Allocation Failure) [PSYoungGen: 68141K->1501K(68608K)] 408231K->341591K(736256K), 0.0017178 secs] [Times: user=0.01 sys=0.00, real=0.01 secs] 
2276.886: [GC (Allocation Failure) [PSYoungGen: 68061K->1581K(68608K)] 408151K->341687K(736256K), 0.0016889 secs] [Times: user=0.01 sys=0.00, real=0.00 secs] 
2278.163: [GC (Allocation Failure) [PSYoungGen: 68141K->1408K(68608K)] 408247K->341514K(736256K), 0.0041015 secs] [Times: user=0.01 sys=0.00, real=0.01 secs] 
2279.002: [GC (Allocation Failure) [PSYoungGen: 67968K->1376K(68608K)] 408074K->341482K(736256K), 0.0021612 secs] [Times: user=0.01 sys=0.00, real=0.01 secs] 
2279.628: [GC (Allocation Failure) [PSYoungGen: 67936K->1376K(68608K)] 408042K->341482K(736256K), 0.0032920 secs] [Times: user=0.02 sys=0.00, real=0.00 secs] 
2280.205: [GC (Allocation Failure) [PSYoungGen: 67936K->1376K(68608K)] 408042K->341482K(736256K), 0.0025403 secs] [Times: user=0.01 sys=0.00, real=0.00 secs] 
2280.769: [GC (Allocation Failure) [PSYoungGen: 67936K->1485K(68608K)] 408042K->341591K(736256K), 0.0016563 secs] [Times: user=0.01 sys=0.00, real=0.00 secs] 
2281.174: [GC (Allocation Failure) [PSYoungGen: 68045K->1533K(68608K)] 408151K->341671K(736256K), 0.0017121 secs] [Times: user=0.00 sys=0.00, real=0.00 secs] 
2281.637: [GC (Allocation Failure) [PSYoungGen: 68093K->1581K(68608K)] 408231K->341719K(736256K), 0.0017600 secs] [Times: user=0.01 sys=0.00, real=0.00 secs] 
2282.039: [GC (Allocation Failure) [PSYoungGen: 68141K->1549K(68608K)] 408279K->341703K(736256K), 0.0017309 secs] [Times: user=0.00 sys=0.00, real=0.00 secs] 
2282.520: [GC (Allocation Failure) [PSYoungGen: 68109K->1376K(68608K)] 408263K->341530K(736256K), 0.0021179 secs] [Times: user=0.01 sys=0.00, real=0.00 secs] 
2282.797: [GC (Allocation Failure) [PSYoungGen: 67936K->1376K(68608K)] 408090K->341530K(736256K), 0.0019057 secs] [Times: user=0.01 sys=0.00, real=0.00 secs] 
2283.266: [GC (Allocation Failure) [PSYoungGen: 67936K->1408K(68608K)] 408090K->341562K(736256K), 0.0023906 secs] [Times: user=0.01 sys=0.00, real=0.00 secs] 
2284.249: [GC (Allocation Failure) [PSYoungGen: 67968K->1376K(68608K)] 408122K->341530K(736256K), 0.0029631 secs] [Times: user=0.01 sys=0.00, real=0.00 secs] 
2284.904: [GC (Allocation Failure) [PSYoungGen: 67936K->1485K(68608K)] 408090K->341639K(736256K), 0.0016386 secs] [Times: user=0.00 sys=0.00, real=0.00 secs] 
2285.306: [GC (Allocation Failure) [PSYoungGen: 68045K->1549K(68608K)] 408199K->341703K(736256K), 0.0016663 secs] [Times: user=0.01 sys=0.00, real=0.00 secs] 
2285.766: [GC (Allocation Failure) [PSYoungGen: 68109K->1552K(68608K)] 408263K->341706K(736256K), 0.0017880 secs] [Times: user=0.00 sys=0.00, real=0.00 secs] 
2286.164: [GC (Allocation Failure) [PSYoungGen: 68112K->384K(68608K)] 408266K->340546K(736256K), 0.0015740 secs] [Times: user=0.01 sys=0.00, real=0.00 secs] 
2286.928: [GC (Allocation Failure) [PSYoungGen: 66944K->1440K(68608K)] 407106K->341602K(736256K), 0.0031313 secs] [Times: user=0.01 sys=0.00, real=0.00 secs] 
2287.530: [GC (Allocation Failure) [PSYoungGen: 68000K->1344K(68608K)] 408162K->341506K(736256K), 0.0024889 secs] [Times: user=0.02 sys=0.00, real=0.00 secs] 
2288.215: [GC (Allocation Failure) [PSYoungGen: 67904K->1344K(68608K)] 408066K->341506K(736256K), 0.0030273 secs] [Times: user=0.01 sys=0.00, real=0.00 secs] 
2288.777: [GC (Allocation Failure) [PSYoungGen: 67904K->1408K(68608K)] 408066K->341570K(736256K), 0.0021042 secs] [Times: user=0.01 sys=0.00, real=0.00 secs] 
2289.257: [GC (Allocation Failure) [PSYoungGen: 67968K->1501K(68608K)] 408130K->341663K(736256K), 0.0016775 secs] [Times: user=0.01 sys=0.00, real=0.00 secs] 
2289.662: [GC (Allocation Failure) [PSYoungGen: 68061K->1565K(68608K)] 408223K->341727K(736256K), 0.0016893 secs] [Times: user=0.01 sys=0.00, real=0.01 secs] 
2290.070: [GC (Allocation Failure) [PSYoungGen: 68125K->1549K(68608K)] 408287K->341719K(736256K), 0.0016970 secs] [Times: user=0.01 sys=0.00, real=0.00 secs] 
2290.500: [GC (Allocation Failure) [PSYoungGen: 68109K->2016K(68608K)] 408279K->342722K(736256K), 0.0018789 secs] [Times: user=0.01 sys=0.00, real=0.00 secs] 
2290.797: [GC (Allocation Failure) [PSYoungGen: 68576K->1376K(69120K)] 409282K->342098K(736768K), 0.0019313 secs] [Times: user=0.01 sys=0.00, real=0.00 secs] 
2291.074: [GC (Allocation Failure) [PSYoungGen: 67936K->1376K(69120K)] 408658K->342098K(736768K), 0.0018740 secs] [Times: user=0.01 sys=0.00, real=0.00 secs] 
2291.351: [GC (Allocation Failure) [PSYoungGen: 67936K->1376K(69120K)] 408658K->342098K(736768K), 0.0017576 secs] [Times: user=0.00 sys=0.00, real=0.00 secs] 
2291.627: [GC (Allocation Failure) [PSYoungGen: 67936K->1376K(68096K)] 408658K->342106K(735744K), 0.0018026 secs] [Times: user=0.01 sys=0.00, real=0.00 secs] 
2292.045: [GC (Allocation Failure) [PSYoungGen: 67936K->1533K(68608K)] 408666K->342263K(736256K), 0.0016799 secs] [Times: user=0.01 sys=0.00, real=0.00 secs] 
2292.448: [GC (Allocation Failure) [PSYoungGen: 68093K->1584K(68608K)] 408823K->342314K(736256K), 0.0016650 secs] [Times: user=0.01 sys=0.00, real=0.00 secs] 
2292.909: [GC (Allocation Failure) [PSYoungGen: 68144K->1581K(68608K)] 408874K->342311K(736256K), 0.0017485 secs] [Times: user=0.01 sys=0.00, real=0.00 secs] 
2293.360: [GC (Allocation Failure) [PSYoungGen: 68141K->1504K(68608K)] 408871K->342234K(736256K), 0.0020145 secs] [Times: user=0.01 sys=0.00, real=0.00 secs] 
2293.642: [GC (Allocation Failure) [PSYoungGen: 68064K->1344K(68608K)] 408794K->342074K(736256K), 0.0020026 secs] [Times: user=0.00 sys=0.00, real=0.01 secs] 
2293.939: [GC (Allocation Failure) [PSYoungGen: 67904K->1376K(68608K)] 408634K->342106K(736256K), 0.0019545 secs] [Times: user=0.01 sys=0.01, real=0.00 secs] 
2294.229: [GC (Allocation Failure) [PSYoungGen: 67936K->1392K(68608K)] 408666K->342122K(736256K), 0.0019212 secs] [Times: user=0.00 sys=0.00, real=0.00 secs] 
2294.590: [GC (Allocation Failure) [PSYoungGen: 67952K->1485K(68608K)] 408682K->342215K(736256K), 0.0019727 secs] [Times: user=0.01 sys=0.00, real=0.00 secs] 
2295.084: [GC (Allocation Failure) [PSYoungGen: 68045K->1616K(68608K)] 408775K->342346K(736256K), 0.0017207 secs] [Times: user=0.00 sys=0.00, real=0.00 secs] 
2295.545: [GC (Allocation Failure) [PSYoungGen: 68176K->1581K(68608K)] 408906K->342319K(736256K), 0.0016873 secs] [Times: user=0.01 sys=0.00, real=0.00 secs] 
2295.948: [GC (Allocation Failure) [PSYoungGen: 68141K->1533K(68608K)] 408879K->342295K(736256K), 0.0017316 secs] [Times: user=0.00 sys=0.00, real=0.00 secs] 
2296.522: [GC (Allocation Failure) [PSYoungGen: 68093K->1472K(68608K)] 408855K->342234K(736256K), 0.0035715 secs] [Times: user=0.01 sys=0.00, real=0.01 secs] 
2297.512: [GC (Allocation Failure) [PSYoungGen: 68032K->1376K(68608K)] 408794K->342138K(736256K), 0.0040921 secs] [Times: user=0.02 sys=0.00, real=0.01 secs] 
2298.152: [GC (Allocation Failure) [PSYoungGen: 67936K->1376K(68608K)] 408698K->342138K(736256K), 0.0025876 secs] [Times: user=0.02 sys=0.00, real=0.01 secs] 
2298.755: [GC (Allocation Failure) [PSYoungGen: 67936K->1344K(68608K)] 408698K->342106K(736256K), 0.0023480 secs] [Times: user=0.01 sys=0.00, real=0.00 secs] 
2299.252: [GC (Allocation Failure) [PSYoungGen: 67904K->1437K(68608K)] 408666K->342199K(736256K), 0.0016116 secs] [Times: user=0.01 sys=0.00, real=0.01 secs] 
2299.654: [GC (Allocation Failure) [PSYoungGen: 67997K->1552K(68608K)] 408759K->342314K(736256K), 0.0031535 secs] [Times: user=0.01 sys=0.00, real=0.00 secs] 
2300.062: [GC (Allocation Failure) [PSYoungGen: 68112K->1549K(68608K)] 408874K->342311K(736256K), 0.0016108 secs] [Times: user=0.01 sys=0.00, real=0.01 secs] 
2300.524: [GC (Allocation Failure) [PSYoungGen: 68109K->1581K(68608K)] 408871K->342367K(736256K), 0.0038744 secs] [Times: user=0.02 sys=0.00, real=0.00 secs] 
2301.668: [GC (Allocation Failure) [PSYoungGen: 68141K->1472K(68608K)] 408927K->342258K(736256K), 0.0036723 secs] [Times: user=0.02 sys=0.00, real=0.00 secs] 
2302.632: [GC (Allocation Failure) [PSYoungGen: 68032K->1376K(68608K)] 408818K->342162K(736256K), 0.0032029 secs] [Times: user=0.02 sys=0.00, real=0.01 secs] 
2303.928: [GC (Allocation Failure) [PSYoungGen: 67936K->1376K(68608K)] 408722K->342162K(736256K), 0.0032447 secs] [Times: user=0.01 sys=0.00, real=0.00 secs] 
2304.780: [GC (Allocation Failure) [PSYoungGen: 67936K->1408K(68608K)] 408722K->342194K(736256K), 0.0032337 secs] [Times: user=0.02 sys=0.00, real=0.01 secs] 
2305.616: [GC (Allocation Failure) [PSYoungGen: 67968K->1456K(68608K)] 408754K->342242K(736256K), 0.0017236 secs] [Times: user=0.00 sys=0.01, real=0.00 secs] 
2306.018: [GC (Allocation Failure) [PSYoungGen: 68016K->1565K(68608K)] 408802K->342351K(736256K), 0.0018198 secs] [Times: user=0.01 sys=0.00, real=0.00 secs] 
2306.422: [GC (Allocation Failure) [PSYoungGen: 68125K->1549K(68608K)] 408911K->342335K(736256K), 0.0017287 secs] [Times: user=0.01 sys=0.00, real=0.01 secs] 
2306.823: [GC (Allocation Failure) [PSYoungGen: 68097K->1616K(68608K)] 408883K->342410K(736256K), 0.0016978 secs] [Times: user=0.00 sys=0.00, real=0.01 secs] 
2307.603: [GC (Allocation Failure) [PSYoungGen: 68176K->1440K(68608K)] 408970K->342234K(736256K), 0.0020536 secs] [Times: user=0.01 sys=0.00, real=0.00 secs] 
2308.430: [GC (Allocation Failure) [PSYoungGen: 68000K->1376K(68608K)] 408794K->342170K(736256K), 0.0028057 secs] [Times: user=0.01 sys=0.00, real=0.00 secs] 
2309.207: [GC (Allocation Failure) [PSYoungGen: 67936K->1376K(68608K)] 408730K->342170K(736256K), 0.0026526 secs] [Times: user=0.01 sys=0.00, real=0.00 secs] 
2309.904: [GC (Allocation Failure) [PSYoungGen: 67936K->1376K(68608K)] 408730K->342170K(736256K), 0.0028479 secs] [Times: user=0.01 sys=0.00, real=0.00 secs] 
2310.771: [GC (Allocation Failure) [PSYoungGen: 67936K->1485K(68608K)] 408730K->342279K(736256K), 0.0074522 secs] [Times: user=0.03 sys=0.00, real=0.01 secs] 
2311.189: [GC (Allocation Failure) [PSYoungGen: 68045K->1613K(68608K)] 408839K->342407K(736256K), 0.0016829 secs] [Times: user=0.01 sys=0.00, real=0.00 secs] 
2311.591: [GC (Allocation Failure) [PSYoungGen: 68173K->1581K(68608K)] 408967K->342375K(736256K), 0.0016873 secs] [Times: user=0.00 sys=0.01, real=0.00 secs] 
2311.995: [GC (Allocation Failure) [PSYoungGen: 68141K->1581K(68608K)] 408935K->342399K(736256K), 0.0016633 secs] [Times: user=0.01 sys=0.00, real=0.00 secs] 
2312.391: [GC (Allocation Failure) [PSYoungGen: 68141K->1408K(68608K)] 408959K->342226K(736256K), 0.0019475 secs] [Times: user=0.01 sys=0.00, real=0.00 secs] 
2312.720: [GC (Allocation Failure) [PSYoungGen: 67968K->1376K(68608K)] 408786K->342210K(736256K), 0.0018735 secs] [Times: user=0.00 sys=0.00, real=0.00 secs] 
2312.997: [GC (Allocation Failure) [PSYoungGen: 67936K->1408K(68608K)] 408770K->342242K(736256K), 0.0020582 secs] [Times: user=0.01 sys=0.00, real=0.00 secs] 
2313.273: [GC (Allocation Failure) [PSYoungGen: 67968K->1392K(68608K)] 408802K->342226K(736256K), 0.0019535 secs] [Times: user=0.00 sys=0.00, real=0.00 secs] 
2313.826: [GC (Allocation Failure) [PSYoungGen: 67952K->1485K(68608K)] 408786K->342319K(736256K), 0.0017080 secs] [Times: user=0.01 sys=0.00, real=0.00 secs] 
2314.230: [GC (Allocation Failure) [PSYoungGen: 68045K->1581K(68608K)] 408879K->342415K(736256K), 0.0017364 secs] [Times: user=0.01 sys=0.00, real=0.00 secs] 
2314.695: [GC (Allocation Failure) [PSYoungGen: 68141K->1584K(68608K)] 408975K->342418K(736256K), 0.0017465 secs] [Times: user=0.00 sys=0.00, real=0.00 secs] 
2315.102: [GC (Allocation Failure) [PSYoungGen: 68144K->1616K(68608K)] 408978K->342458K(736256K), 0.0017748 secs] [Times: user=0.01 sys=0.00, real=0.01 secs] 
2315.781: [GC (Allocation Failure) [PSYoungGen: 68176K->1440K(68608K)] 409018K->342282K(736256K), 0.0027195 secs] [Times: user=0.01 sys=0.00, real=0.01 secs] 
2316.501: [GC (Allocation Failure) [PSYoungGen: 68000K->1376K(68608K)] 408842K->342218K(736256K), 0.0031020 secs] [Times: user=0.01 sys=0.00, real=0.01 secs] 
2317.271: [GC (Allocation Failure) [PSYoungGen: 67936K->1376K(68608K)] 408778K->342218K(736256K), 0.0041649 secs] [Times: user=0.01 sys=0.00, real=0.01 secs] 
2317.953: [GC (Allocation Failure) [PSYoungGen: 67936K->1344K(68608K)] 408778K->342186K(736256K), 0.0032953 secs] [Times: user=0.01 sys=0.00, real=0.01 secs] 
2318.592: [GC (Allocation Failure) [PSYoungGen: 67904K->1504K(68608K)] 408746K->342346K(736256K), 0.0017494 secs] [Times: user=0.00 sys=0.00, real=0.01 secs] 
2318.995: [GC (Allocation Failure) [PSYoungGen: 68064K->1565K(68608K)] 408906K->342407K(736256K), 0.0016417 secs] [Times: user=0.01 sys=0.00, real=0.00 secs] 
2319.397: [GC (Allocation Failure) [PSYoungGen: 68125K->1616K(68608K)] 408967K->342458K(736256K), 0.0017404 secs] [Times: user=0.01 sys=0.00, real=0.00 secs] 
2319.809: [GC (Allocation Failure) [PSYoungGen: 68176K->2016K(68608K)] 409018K->342866K(736256K), 0.0016050 secs] [Times: user=0.01 sys=0.00, real=0.00 secs] 
2320.144: [GC (Allocation Failure) [PSYoungGen: 68576K->1376K(68608K)] 409426K->342226K(736256K), 0.0021835 secs] [Times: user=0.01 sys=0.00, real=0.00 secs] 
2320.600: [GC (Allocation Failure) [PSYoungGen: 67936K->1344K(68608K)] 408786K->342202K(736256K), 0.0024954 secs] [Times: user=0.01 sys=0.00, real=0.00 secs] 
2321.091: [GC (Allocation Failure) [PSYoungGen: 67904K->1376K(68608K)] 408762K->342234K(736256K), 0.0032675 secs] [Times: user=0.01 sys=0.00, real=0.01 secs] 
2321.581: [GC (Allocation Failure) [PSYoungGen: 67936K->1392K(68608K)] 408794K->342250K(736256K), 0.0023726 secs] [Times: user=0.01 sys=0.00, real=0.01 secs] 
2322.052: [GC (Allocation Failure) [PSYoungGen: 67952K->1613K(68608K)] 408810K->342471K(736256K), 0.0016770 secs] [Times: user=0.01 sys=0.00, real=0.01 secs] 
2322.455: [GC (Allocation Failure) [PSYoungGen: 68173K->1549K(68608K)] 409031K->342407K(736256K), 0.0016980 secs] [Times: user=0.01 sys=0.00, real=0.00 secs] 
2322.858: [GC (Allocation Failure) [PSYoungGen: 68109K->1501K(68608K)] 408967K->342359K(736256K), 0.0017569 secs] [Times: user=0.01 sys=0.00, real=0.00 secs] 
2323.228: [GC (Allocation Failure) [PSYoungGen: 68061K->1488K(68608K)] 408919K->342346K(736256K), 0.0017523 secs] [Times: user=0.00 sys=0.00, real=0.00 secs] 
2323.638: [GC (Allocation Failure) [PSYoungGen: 68048K->1376K(68608K)] 408906K->342234K(736256K), 0.0017900 secs] [Times: user=0.01 sys=0.00, real=0.00 secs] 
2324.416: [GC (Allocation Failure) [PSYoungGen: 67936K->1376K(68608K)] 408794K->342234K(736256K), 0.0020028 secs] [Times: user=0.01 sys=0.00, real=0.00 secs] 
2325.247: [GC (Allocation Failure) [PSYoungGen: 67936K->1376K(68608K)] 408794K->342234K(736256K), 0.0032674 secs] [Times: user=0.01 sys=0.00, real=0.00 secs] 
2326.163: [GC (Allocation Failure) [PSYoungGen: 67880K->224K(68608K)] 408738K->341082K(736256K), 0.0038081 secs] [Times: user=0.02 sys=0.00, real=0.00 secs] 
2326.688: [GC (Allocation Failure) [PSYoungGen: 66755K->1504K(68608K)] 407613K->342362K(736256K), 0.0017204 secs] [Times: user=0.01 sys=0.00, real=0.00 secs] 
2327.095: [GC (Allocation Failure) [PSYoungGen: 68064K->1613K(68608K)] 408922K->342471K(736256K), 0.0017686 secs] [Times: user=0.01 sys=0.00, real=0.00 secs] 
2327.502: [GC (Allocation Failure) [PSYoungGen: 68173K->1581K(68608K)] 409031K->342455K(736256K), 0.0017258 secs] [Times: user=0.01 sys=0.00, real=0.01 secs] 
2327.966: [GC (Allocation Failure) [PSYoungGen: 68141K->1472K(68608K)] 409015K->342346K(736256K), 0.0021445 secs] [Times: user=0.01 sys=0.00, real=0.00 secs] 
2328.521: [GC (Allocation Failure) [PSYoungGen: 68032K->1408K(68608K)] 408906K->342282K(736256K), 0.0028210 secs] [Times: user=0.01 sys=0.00, real=0.01 secs] 
2329.165: [GC (Allocation Failure) [PSYoungGen: 67968K->1376K(68608K)] 408842K->342250K(736256K), 0.0031924 secs] [Times: user=0.01 sys=0.00, real=0.00 secs] 
2329.939: [GC (Allocation Failure) [PSYoungGen: 67936K->1376K(68608K)] 408810K->342250K(736256K), 0.0030542 secs] [Times: user=0.01 sys=0.00, real=0.00 secs] 
2330.840: [GC (Allocation Failure) [PSYoungGen: 67936K->1453K(68608K)] 408810K->342327K(736256K), 0.0022763 secs] [Times: user=0.01 sys=0.00, real=0.00 secs] 
2331.292: [GC (Allocation Failure) [PSYoungGen: 68013K->1517K(68608K)] 408887K->342391K(736256K), 0.0015638 secs] [Times: user=0.01 sys=0.00, real=0.01 secs] 
2331.703: [GC (Allocation Failure) [PSYoungGen: 68077K->1645K(68608K)] 408951K->342519K(736256K), 0.0016415 secs] [Times: user=0.01 sys=0.00, real=0.01 secs] 
2332.105: [GC (Allocation Failure) [PSYoungGen: 68205K->1520K(68608K)] 409079K->342410K(736256K), 0.0016617 secs] [Times: user=0.01 sys=0.00, real=0.00 secs] 
2332.556: [GC (Allocation Failure) [PSYoungGen: 68080K->1504K(68608K)] 408970K->342394K(736256K), 0.0021132 secs] [Times: user=0.01 sys=0.00, real=0.00 secs] 
2332.857: [GC (Allocation Failure) [PSYoungGen: 68064K->1392K(68608K)] 408954K->342282K(736256K), 0.0019461 secs] [Times: user=0.00 sys=0.00, real=0.00 secs] 
2333.171: [GC (Allocation Failure) [PSYoungGen: 67952K->1408K(68608K)] 408842K->342298K(736256K), 0.0019501 secs] [Times: user=0.01 sys=0.00, real=0.01 secs] 
2333.468: [GC (Allocation Failure) [PSYoungGen: 67968K->1408K(68608K)] 408858K->342298K(736256K), 0.0025896 secs] [Times: user=0.01 sys=0.00, real=0.00 secs] 
2333.846: [GC (Allocation Failure) [PSYoungGen: 67968K->1453K(68608K)] 408858K->342343K(736256K), 0.0015350 secs] [Times: user=0.01 sys=0.00, real=0.00 secs] 
2334.328: [GC (Allocation Failure) [PSYoungGen: 68013K->1584K(68608K)] 408903K->342474K(736256K), 0.0016993 secs] [Times: user=0.01 sys=0.00, real=0.00 secs] 
2334.729: [GC (Allocation Failure) [PSYoungGen: 68144K->1533K(68608K)] 409034K->342423K(736256K), 0.0016934 secs] [Times: user=0.01 sys=0.00, real=0.00 secs] 
2335.133: [GC (Allocation Failure) [PSYoungGen: 68093K->1565K(68608K)] 408983K->342463K(736256K), 0.0017149 secs] [Times: user=0.01 sys=0.00, real=0.01 secs] 
2335.864: [GC (Allocation Failure) [PSYoungGen: 68125K->1456K(68608K)] 409023K->342354K(736256K), 0.0041033 secs] [Times: user=0.02 sys=0.00, real=0.00 secs] 
2336.442: [GC (Allocation Failure) [PSYoungGen: 68016K->1344K(68608K)] 408914K->342242K(736256K), 0.0030693 secs] [Times: user=0.02 sys=0.00, real=0.01 secs] 
2336.715: [GC (Allocation Failure) [PSYoungGen: 67904K->1376K(68608K)] 408802K->342274K(736256K), 0.0019735 secs] [Times: user=0.00 sys=0.00, real=0.00 secs] 
2337.080: [GC (Allocation Failure) [PSYoungGen: 67936K->1392K(68608K)] 408834K->342290K(736256K), 0.0020085 secs] [Times: user=0.01 sys=0.00, real=0.00 secs] 
2337.626: [GC (Allocation Failure) [PSYoungGen: 67952K->1453K(68608K)] 408850K->342351K(736256K), 0.0016011 secs] [Times: user=0.01 sys=0.00, real=0.00 secs] 
2338.028: [GC (Allocation Failure) [PSYoungGen: 68013K->1501K(68608K)] 408911K->342399K(736256K), 0.0016546 secs] [Times: user=0.00 sys=0.00, real=0.00 secs] 
2338.429: [GC (Allocation Failure) [PSYoungGen: 68061K->1613K(68608K)] 408959K->342511K(736256K), 0.0016721 secs] [Times: user=0.01 sys=0.00, real=0.00 secs] 
2338.832: [GC (Allocation Failure) [PSYoungGen: 68173K->1613K(68608K)] 409071K->342535K(736256K), 0.0016315 secs] [Times: user=0.01 sys=0.00, real=0.01 secs] 
2339.802: [GC (Allocation Failure) [PSYoungGen: 68173K->1456K(68608K)] 409095K->342378K(736256K), 0.0043166 secs] [Times: user=0.02 sys=0.00, real=0.01 secs] 
2340.289: [GC (Allocation Failure) [PSYoungGen: 68016K->1344K(68608K)] 408938K->342274K(736256K), 0.0019627 secs] [Times: user=0.00 sys=0.00, real=0.00 secs] 
2340.566: [GC (Allocation Failure) [PSYoungGen: 67904K->1376K(68608K)] 408834K->342306K(736256K), 0.0019459 secs] [Times: user=0.00 sys=0.00, real=0.00 secs] 
2340.854: [GC (Allocation Failure) [PSYoungGen: 67936K->1376K(68608K)] 408866K->342306K(736256K), 0.0018279 secs] [Times: user=0.01 sys=0.00, real=0.00 secs] 
2341.276: [GC (Allocation Failure) [PSYoungGen: 67936K->1517K(68608K)] 408866K->342447K(736256K), 0.0016098 secs] [Times: user=0.00 sys=0.00, real=0.00 secs] 
2341.687: [GC (Allocation Failure) [PSYoungGen: 68077K->1613K(68608K)] 409007K->342543K(736256K), 0.0016195 secs] [Times: user=0.01 sys=0.00, real=0.00 secs] 
2342.093: [GC (Allocation Failure) [PSYoungGen: 68173K->1520K(68608K)] 409103K->342450K(736256K), 0.0016265 secs] [Times: user=0.00 sys=0.00, real=0.00 secs] 
2342.493: [GC (Allocation Failure) [PSYoungGen: 68068K->1517K(68608K)] 408998K->342455K(736256K), 0.0016727 secs] [Times: user=0.00 sys=0.00, real=0.00 secs] 
2344.038: [GC (Allocation Failure) [PSYoungGen: 68077K->1376K(68608K)] 409015K->342314K(736256K), 0.0040167 secs] [Times: user=0.01 sys=0.00, real=0.00 secs] 
2345.281: [GC (Allocation Failure) [PSYoungGen: 67936K->1408K(68608K)] 408874K->342346K(736256K), 0.0025581 secs] [Times: user=0.01 sys=0.00, real=0.01 secs] 
2345.829: [GC (Allocation Failure) [PSYoungGen: 67968K->1376K(68608K)] 408906K->342314K(736256K), 0.0042962 secs] [Times: user=0.02 sys=0.00, real=0.01 secs] 
2346.398: [GC (Allocation Failure) [PSYoungGen: 67936K->1376K(68608K)] 408874K->342314K(736256K), 0.0024241 secs] [Times: user=0.01 sys=0.00, real=0.00 secs] 
2346.920: [GC (Allocation Failure) [PSYoungGen: 67936K->1517K(68608K)] 408874K->342455K(736256K), 0.0016489 secs] [Times: user=0.00 sys=0.00, real=0.00 secs] 
2347.324: [GC (Allocation Failure) [PSYoungGen: 68077K->1533K(68608K)] 409015K->342471K(736256K), 0.0016742 secs] [Times: user=0.01 sys=0.00, real=0.00 secs] 
2347.727: [GC (Allocation Failure) [PSYoungGen: 68093K->1613K(68608K)] 409031K->342551K(736256K), 0.0017349 secs] [Times: user=0.00 sys=0.00, real=0.00 secs] 
2348.123: [GC (Allocation Failure) [PSYoungGen: 67526K->288K(68608K)] 408465K->341226K(736256K), 0.0015873 secs] [Times: user=0.00 sys=0.00, real=0.00 secs] 
2348.446: [GC (Allocation Failure) [PSYoungGen: 66848K->1408K(68608K)] 407786K->342346K(736256K), 0.0016778 secs] [Times: user=0.01 sys=0.00, real=0.00 secs] 
2348.838: [GC (Allocation Failure) [PSYoungGen: 67968K->1408K(68608K)] 408906K->342346K(736256K), 0.0018049 secs] [Times: user=0.01 sys=0.00, real=0.00 secs] 
2349.368: [GC (Allocation Failure) [PSYoungGen: 67968K->1376K(68608K)] 408906K->342314K(736256K), 0.0018887 secs] [Times: user=0.01 sys=0.00, real=0.00 secs] 
2350.027: [GC (Allocation Failure) [PSYoungGen: 67936K->1360K(68608K)] 408874K->342298K(736256K), 0.0020150 secs] [Times: user=0.00 sys=0.00, real=0.00 secs] 
2350.490: [GC (Allocation Failure) [PSYoungGen: 67920K->1549K(68608K)] 408858K->342487K(736256K), 0.0016027 secs] [Times: user=0.01 sys=0.00, real=0.00 secs] 
2350.897: [GC (Allocation Failure) [PSYoungGen: 68109K->1549K(68608K)] 409047K->342487K(736256K), 0.0017231 secs] [Times: user=0.01 sys=0.00, real=0.00 secs] 
2351.302: [GC (Allocation Failure) [PSYoungGen: 68109K->1533K(68608K)] 409047K->342471K(736256K), 0.0017102 secs] [Times: user=0.01 sys=0.00, real=0.01 secs] 
2351.798: [GC (Allocation Failure) [PSYoungGen: 68093K->2016K(68608K)] 409031K->342986K(736256K), 0.0071002 secs] [Times: user=0.03 sys=0.00, real=0.01 secs] 
2352.202: [GC (Allocation Failure) [PSYoungGen: 68576K->1376K(68608K)] 409546K->342346K(736256K), 0.0017228 secs] [Times: user=0.01 sys=0.00, real=0.01 secs] 
2352.499: [GC (Allocation Failure) [PSYoungGen: 67936K->1344K(68608K)] 408906K->342314K(736256K), 0.0028190 secs] [Times: user=0.02 sys=0.00, real=0.00 secs] 
2352.783: [GC (Allocation Failure) [PSYoungGen: 67904K->1344K(68608K)] 408874K->342314K(736256K), 0.0027269 secs] [Times: user=0.01 sys=0.00, real=0.00 secs] 
2353.056: [GC (Allocation Failure) [PSYoungGen: 67904K->1408K(68608K)] 408874K->342378K(736256K), 0.0019983 secs] [Times: user=0.01 sys=0.00, real=0.00 secs] 
2353.485: [GC (Allocation Failure) [PSYoungGen: 67968K->1581K(68608K)] 408938K->342551K(736256K), 0.0016805 secs] [Times: user=0.01 sys=0.00, real=0.00 secs] 
2353.888: [GC (Allocation Failure) [PSYoungGen: 68141K->1581K(68608K)] 409111K->342551K(736256K), 0.0016775 secs] [Times: user=0.01 sys=0.00, real=0.00 secs] 
2354.348: [GC (Allocation Failure) [PSYoungGen: 68141K->1584K(68608K)] 409111K->342562K(736256K), 0.0017682 secs] [Times: user=0.01 sys=0.00, real=0.00 secs] 
2354.821: [GC (Allocation Failure) [PSYoungGen: 68144K->1504K(68608K)] 409122K->342482K(736256K), 0.0019745 secs] [Times: user=0.01 sys=0.01, real=0.01 secs] 
2355.182: [GC (Allocation Failure) [PSYoungGen: 68064K->1376K(68608K)] 409042K->342354K(736256K), 0.0021782 secs] [Times: user=0.01 sys=0.00, real=0.01 secs] 
2355.723: [GC (Allocation Failure) [PSYoungGen: 67936K->1376K(68608K)] 408914K->342354K(736256K), 0.0022685 secs] [Times: user=0.01 sys=0.00, real=0.01 secs] 
2356.293: [GC (Allocation Failure) [PSYoungGen: 67936K->1376K(68608K)] 408914K->342354K(736256K), 0.0021639 secs] [Times: user=0.01 sys=0.00, real=0.00 secs] 
2356.868: [GC (Allocation Failure) [PSYoungGen: 67936K->1421K(68608K)] 408914K->342399K(736256K), 0.0022241 secs] [Times: user=0.01 sys=0.00, real=0.00 secs] 
2357.302: [GC (Allocation Failure) [PSYoungGen: 67981K->1581K(68608K)] 408959K->342559K(736256K), 0.0016775 secs] [Times: user=0.01 sys=0.00, real=0.01 secs] 
2357.704: [GC (Allocation Failure) [PSYoungGen: 68141K->1504K(68608K)] 409119K->342482K(736256K), 0.0017296 secs] [Times: user=0.01 sys=0.00, real=0.00 secs] 
2358.106: [GC (Allocation Failure) [PSYoungGen: 68064K->1581K(68608K)] 409042K->342567K(736256K), 0.0017337 secs] [Times: user=0.00 sys=0.00, real=0.00 secs] 
2358.660: [GC (Allocation Failure) [PSYoungGen: 68141K->1472K(68608K)] 409127K->342458K(736256K), 0.0019745 secs] [Times: user=0.01 sys=0.00, real=0.00 secs] 
2359.144: [GC (Allocation Failure) [PSYoungGen: 68032K->1408K(68608K)] 409018K->342394K(736256K), 0.0018375 secs] [Times: user=0.01 sys=0.00, real=0.00 secs] 
2359.427: [GC (Allocation Failure) [PSYoungGen: 67968K->1376K(68608K)] 408954K->342362K(736256K), 0.0018644 secs] [Times: user=0.01 sys=0.00, real=0.00 secs] 
2359.752: [GC (Allocation Failure) [PSYoungGen: 67936K->1376K(68608K)] 408922K->342378K(736256K), 0.0019949 secs] [Times: user=0.00 sys=0.00, real=0.01 secs] 
2360.178: [GC (Allocation Failure) [PSYoungGen: 67936K->1456K(68608K)] 408938K->342458K(736256K), 0.0016536 secs] [Times: user=0.01 sys=0.00, real=0.00 secs] 
2360.584: [GC (Allocation Failure) [PSYoungGen: 68016K->1581K(68608K)] 409018K->342583K(736256K), 0.0017010 secs] [Times: user=0.01 sys=0.00, real=0.00 secs] 
2360.988: [GC (Allocation Failure) [PSYoungGen: 68141K->1533K(68608K)] 409143K->342535K(736256K), 0.0017211 secs] [Times: user=0.00 sys=0.00, real=0.00 secs] 
2361.392: [GC (Allocation Failure) [PSYoungGen: 68093K->1581K(68608K)] 409095K->342599K(736256K), 0.0016441 secs] [Times: user=0.01 sys=0.00, real=0.01 secs] 
2363.231: [GC (Allocation Failure) [PSYoungGen: 68141K->1440K(68608K)] 409159K->342466K(736256K), 0.0041946 secs] [Times: user=0.02 sys=0.00, real=0.01 secs] 
2364.007: [GC (Allocation Failure) [PSYoungGen: 68000K->1408K(68608K)] 409026K->342434K(736256K), 0.0032665 secs] [Times: user=0.01 sys=0.00, real=0.00 secs] 
2364.586: [GC (Allocation Failure) [PSYoungGen: 67968K->1392K(68608K)] 408994K->342418K(736256K), 0.0036311 secs] [Times: user=0.01 sys=0.00, real=0.00 secs] 
2365.135: [GC (Allocation Failure) [PSYoungGen: 67952K->1376K(68608K)] 408978K->342402K(736256K), 0.0030988 secs] [Times: user=0.01 sys=0.00, real=0.00 secs] 
2365.694: [GC (Allocation Failure) [PSYoungGen: 67936K->1453K(68608K)] 408962K->342479K(736256K), 0.0016600 secs] [Times: user=0.01 sys=0.00, real=0.00 secs] 
2366.096: [GC (Allocation Failure) [PSYoungGen: 68013K->1613K(68608K)] 409039K->342639K(736256K), 0.0016849 secs] [Times: user=0.01 sys=0.00, real=0.00 secs] 
2366.498: [GC (Allocation Failure) [PSYoungGen: 68173K->1581K(68608K)] 409199K->342607K(736256K), 0.0016663 secs] [Times: user=0.01 sys=0.00, real=0.00 secs] 
2366.899: [GC (Allocation Failure) [PSYoungGen: 68130K->1549K(68608K)] 409157K->342583K(736256K), 0.0016076 secs] [Times: user=0.01 sys=0.00, real=0.00 secs] 
2367.654: [GC (Allocation Failure) [PSYoungGen: 68109K->1424K(68608K)] 409143K->342458K(736256K), 0.0025820 secs] [Times: user=0.01 sys=0.00, real=0.00 secs] 
2367.937: [GC (Allocation Failure) [PSYoungGen: 67984K->1344K(68608K)] 409018K->342378K(736256K), 0.0022130 secs] [Times: user=0.01 sys=0.00, real=0.00 secs] 
2368.219: [GC (Allocation Failure) [PSYoungGen: 67904K->1376K(68608K)] 408938K->342410K(736256K), 0.0021813 secs] [Times: user=0.01 sys=0.00, real=0.00 secs] 
2368.493: [GC (Allocation Failure) [PSYoungGen: 67936K->1376K(68608K)] 408970K->342410K(736256K), 0.0019769 secs] [Times: user=0.01 sys=0.00, real=0.00 secs] 
2368.913: [GC (Allocation Failure) [PSYoungGen: 67936K->1549K(68608K)] 408970K->342583K(736256K), 0.0015907 secs] [Times: user=0.01 sys=0.00, real=0.00 secs] 
2369.316: [GC (Allocation Failure) [PSYoungGen: 68109K->1581K(68608K)] 409143K->342615K(736256K), 0.0018470 secs] [Times: user=0.01 sys=0.00, real=0.00 secs] 
2369.774: [GC (Allocation Failure) [PSYoungGen: 68141K->1581K(68608K)] 409175K->342615K(736256K), 0.0016789 secs] [Times: user=0.00 sys=0.00, real=0.00 secs] 
2370.239: [GC (Allocation Failure) [PSYoungGen: 68141K->1581K(68608K)] 409175K->342639K(736256K), 0.0017590 secs] [Times: user=0.01 sys=0.00, real=0.00 secs] 
2370.932: [GC (Allocation Failure) [PSYoungGen: 68141K->1408K(68608K)] 409199K->342466K(736256K), 0.0029141 secs] [Times: user=0.01 sys=0.00, real=0.01 secs] 
2371.286: [GC (Allocation Failure) [PSYoungGen: 67968K->1376K(68608K)] 409026K->342434K(736256K), 0.0019468 secs] [Times: user=0.00 sys=0.00, real=0.00 secs] 
2371.740: [GC (Allocation Failure) [PSYoungGen: 67936K->1376K(68608K)] 408994K->342434K(736256K), 0.0020020 secs] [Times: user=0.01 sys=0.00, real=0.00 secs] 
2372.233: [GC (Allocation Failure) [PSYoungGen: 67936K->1408K(68608K)] 408994K->342466K(736256K), 0.0025931 secs] [Times: user=0.01 sys=0.00, real=0.01 secs] 
2372.736: [GC (Allocation Failure) [PSYoungGen: 67968K->1517K(68608K)] 409026K->342575K(736256K), 0.0015511 secs] [Times: user=0.00 sys=0.00, real=0.00 secs] 
2373.139: [GC (Allocation Failure) [PSYoungGen: 68077K->1613K(68608K)] 409135K->342671K(736256K), 0.0016260 secs] [Times: user=0.01 sys=0.00, real=0.00 secs] 
2373.604: [GC (Allocation Failure) [PSYoungGen: 68173K->1533K(68608K)] 409231K->342591K(736256K), 0.0017745 secs] [Times: user=0.01 sys=0.00, real=0.00 secs] 
2374.066: [GC (Allocation Failure) [PSYoungGen: 68093K->1613K(68608K)] 409151K->342679K(736256K), 0.0016945 secs] [Times: user=0.01 sys=0.00, real=0.00 secs] 
2374.389: [GC (Allocation Failure) [PSYoungGen: 68173K->1440K(68608K)] 409239K->342506K(736256K), 0.0020577 secs] [Times: user=0.01 sys=0.00, real=0.00 secs] 
2374.666: [GC (Allocation Failure) [PSYoungGen: 68000K->1360K(68608K)] 409066K->342426K(736256K), 0.0020344 secs] [Times: user=0.01 sys=0.00, real=0.00 secs] 
2374.943: [GC (Allocation Failure) [PSYoungGen: 67920K->1376K(68608K)] 408986K->342442K(736256K), 0.0018972 secs] [Times: user=0.01 sys=0.01, real=0.01 secs] 
2375.339: [GC (Allocation Failure) [PSYoungGen: 67936K->1408K(68608K)] 409002K->342474K(736256K), 0.0019383 secs] [Times: user=0.01 sys=0.00, real=0.00 secs] 
2375.831: [GC (Allocation Failure) [PSYoungGen: 67968K->1517K(68608K)] 409034K->342583K(736256K), 0.0016470 secs] [Times: user=0.00 sys=0.00, real=0.00 secs] 
2376.233: [GC (Allocation Failure) [PSYoungGen: 68077K->1613K(68608K)] 409143K->342679K(736256K), 0.0016994 secs] [Times: user=0.01 sys=0.00, real=0.00 secs] 
2376.635: [GC (Allocation Failure) [PSYoungGen: 68173K->1613K(68608K)] 409239K->342679K(736256K), 0.0016857 secs] [Times: user=0.00 sys=0.00, real=0.00 secs] 
2377.194: [GC (Allocation Failure) [PSYoungGen: 68173K->2016K(68608K)] 409239K->343082K(736256K), 0.0021066 secs] [Times: user=0.01 sys=0.00, real=0.00 secs] 
2377.918: [GC (Allocation Failure) [PSYoungGen: 68576K->1376K(68608K)] 409642K->342442K(736256K), 0.0030590 secs] [Times: user=0.01 sys=0.00, real=0.00 secs] 
2378.220: [GC (Allocation Failure) [PSYoungGen: 67936K->1376K(68608K)] 409002K->342442K(736256K), 0.0019546 secs] [Times: user=0.01 sys=0.00, real=0.00 secs] 
2378.496: [GC (Allocation Failure) [PSYoungGen: 67936K->1344K(68608K)] 409002K->342410K(736256K), 0.0019157 secs] [Times: user=0.01 sys=0.00, real=0.00 secs] 
2378.772: [GC (Allocation Failure) [PSYoungGen: 67904K->1360K(68608K)] 408970K->342426K(736256K), 0.0019206 secs] [Times: user=0.01 sys=0.00, real=0.01 secs] 
2379.216: [GC (Allocation Failure) [PSYoungGen: 67920K->1613K(68608K)] 408986K->342695K(736256K), 0.0016926 secs] [Times: user=0.01 sys=0.00, real=0.00 secs] 
2379.619: [GC (Allocation Failure) [PSYoungGen: 68173K->1533K(68608K)] 409255K->342615K(736256K), 0.0018250 secs] [Times: user=0.01 sys=0.00, real=0.00 secs] 
2380.022: [GC (Allocation Failure) [PSYoungGen: 68093K->1613K(68608K)] 409175K->342695K(736256K), 0.0016255 secs] [Times: user=0.01 sys=0.00, real=0.01 secs] 
2380.722: [GC (Allocation Failure) [PSYoungGen: 68173K->1456K(68608K)] 409255K->342546K(736256K), 0.0031560 secs] [Times: user=0.01 sys=0.00, real=0.01 secs] 
2381.774: [GC (Allocation Failure) [PSYoungGen: 68016K->1392K(68608K)] 409106K->342482K(736256K), 0.0061205 secs] [Times: user=0.02 sys=0.00, real=0.00 secs] 
2382.240: [GC (Allocation Failure) [PSYoungGen: 67952K->1376K(68608K)] 409042K->342466K(736256K), 0.0021749 secs] [Times: user=0.01 sys=0.00, real=0.00 secs] 
2382.570: [GC (Allocation Failure) [PSYoungGen: 67936K->1376K(68608K)] 409026K->342466K(736256K), 0.0028409 secs] [Times: user=0.01 sys=0.00, real=0.00 secs] 
2382.894: [GC (Allocation Failure) [PSYoungGen: 67936K->1485K(68608K)] 409026K->342575K(736256K), 0.0019366 secs] [Times: user=0.00 sys=0.00, real=0.00 secs] 
2383.310: [GC (Allocation Failure) [PSYoungGen: 68045K->1549K(68608K)] 409135K->342639K(736256K), 0.0016984 secs] [Times: user=0.00 sys=0.00, real=0.00 secs] 
2383.713: [GC (Allocation Failure) [PSYoungGen: 68109K->1613K(68608K)] 409199K->342703K(736256K), 0.0017209 secs] [Times: user=0.00 sys=0.00, real=0.01 secs] 
2384.115: [GC (Allocation Failure) [PSYoungGen: 68173K->1549K(68608K)] 409263K->342663K(736256K), 0.0016925 secs] [Times: user=0.01 sys=0.00, real=0.00 secs] 
2384.516: [GC (Allocation Failure) [PSYoungGen: 68109K->1440K(68608K)] 409223K->342554K(736256K), 0.0018812 secs] [Times: user=0.01 sys=0.00, real=0.00 secs] 
2384.881: [GC (Allocation Failure) [PSYoungGen: 68000K->1408K(68608K)] 409114K->342522K(736256K), 0.0018406 secs] [Times: user=0.00 sys=0.00, real=0.00 secs] 
2385.195: [GC (Allocation Failure) [PSYoungGen: 67968K->1408K(68608K)] 409082K->342522K(736256K), 0.0020516 secs] [Times: user=0.01 sys=0.00, real=0.00 secs] 
2385.485: [GC (Allocation Failure) [PSYoungGen: 67968K->1376K(68608K)] 409082K->342490K(736256K), 0.0019522 secs] [Times: user=0.01 sys=0.00, real=0.00 secs] 
2385.867: [GC (Allocation Failure) [PSYoungGen: 67936K->1421K(68608K)] 409050K->342535K(736256K), 0.0016217 secs] [Times: user=0.01 sys=0.00, real=0.00 secs] 
2386.269: [GC (Allocation Failure) [PSYoungGen: 67981K->1501K(68608K)] 409095K->342615K(736256K), 0.0016850 secs] [Times: user=0.01 sys=0.00, real=0.00 secs] 
2386.672: [GC (Allocation Failure) [PSYoungGen: 68061K->1549K(68608K)] 409175K->342663K(736256K), 0.0017013 secs] [Times: user=0.00 sys=0.00, real=0.01 secs] 
2387.073: [GC (Allocation Failure) [PSYoungGen: 68109K->1581K(68608K)] 409223K->342703K(736256K), 0.0016474 secs] [Times: user=0.01 sys=0.00, real=0.01 secs] 
2387.584: [GC (Allocation Failure) [PSYoungGen: 68141K->1472K(68608K)] 409263K->342594K(736256K), 0.0018927 secs] [Times: user=0.01 sys=0.00, real=0.00 secs] 
2388.419: [GC (Allocation Failure) [PSYoungGen: 68032K->1376K(68608K)] 409154K->342498K(736256K), 0.0038900 secs] [Times: user=0.01 sys=0.00, real=0.00 secs] 
2388.951: [GC (Allocation Failure) [PSYoungGen: 67936K->1344K(68608K)] 409058K->342466K(736256K), 0.0031016 secs] [Times: user=0.01 sys=0.00, real=0.01 secs] 
2389.528: [GC (Allocation Failure) [PSYoungGen: 67904K->1408K(68608K)] 409026K->342530K(736256K), 0.0026297 secs] [Times: user=0.01 sys=0.00, real=0.00 secs] 
2390.152: [GC (Allocation Failure) [PSYoungGen: 67963K->1440K(68608K)] 409085K->342578K(736256K), 0.0016670 secs] [Times: user=0.00 sys=0.00, real=0.01 secs] 
2390.556: [GC (Allocation Failure) [PSYoungGen: 68000K->1613K(68608K)] 409138K->342751K(736256K), 0.0017134 secs] [Times: user=0.01 sys=0.00, real=0.00 secs] 
2390.965: [GC (Allocation Failure) [PSYoungGen: 68173K->1584K(68608K)] 409311K->342722K(736256K), 0.0017412 secs] [Times: user=0.01 sys=0.00, real=0.00 secs] 
2391.366: [GC (Allocation Failure) [PSYoungGen: 68129K->1549K(68608K)] 409268K->342703K(736256K), 0.0016517 secs] [Times: user=0.01 sys=0.00, real=0.00 secs] 
2391.783: [GC (Allocation Failure) [PSYoungGen: 68109K->1408K(68608K)] 409263K->342562K(736256K), 0.0019102 secs] [Times: user=0.01 sys=0.00, real=0.00 secs] 
2392.103: [GC (Allocation Failure) [PSYoungGen: 67968K->1376K(68608K)] 409122K->342530K(736256K), 0.0018404 secs] [Times: user=0.00 sys=0.00, real=0.01 secs] 
2392.430: [GC (Allocation Failure) [PSYoungGen: 67936K->1392K(68608K)] 409090K->342546K(736256K), 0.0019845 secs] [Times: user=0.01 sys=0.00, real=0.00 secs] 
2392.760: [GC (Allocation Failure) [PSYoungGen: 67952K->1376K(68608K)] 409106K->342530K(736256K), 0.0018131 secs] [Times: user=0.01 sys=0.00, real=0.00 secs] 
2393.127: [GC (Allocation Failure) [PSYoungGen: 67936K->1453K(68608K)] 409090K->342607K(736256K), 0.0015915 secs] [Times: user=0.01 sys=0.00, real=0.00 secs] 
2393.529: [GC (Allocation Failure) [PSYoungGen: 68013K->1533K(68608K)] 409167K->342687K(736256K), 0.0017242 secs] [Times: user=0.00 sys=0.00, real=0.00 secs] 
2393.930: [GC (Allocation Failure) [PSYoungGen: 68093K->1501K(68608K)] 409247K->342655K(736256K), 0.0016689 secs] [Times: user=0.01 sys=0.00, real=0.00 secs] 
2394.335: [GC (Allocation Failure) [PSYoungGen: 68061K->1581K(68608K)] 409215K->342751K(736256K), 0.0017762 secs] [Times: user=0.01 sys=0.00, real=0.00 secs] 
2394.688: [GC (Allocation Failure) [PSYoungGen: 68141K->1408K(68608K)] 409311K->342578K(736256K), 0.0019805 secs] [Times: user=0.00 sys=0.00, real=0.00 secs] 
2395.100: [GC (Allocation Failure) [PSYoungGen: 67968K->1376K(68608K)] 409138K->342546K(736256K), 0.0017419 secs] [Times: user=0.01 sys=0.00, real=0.00 secs] 
2395.644: [GC (Allocation Failure) [PSYoungGen: 67936K->1376K(68608K)] 409106K->342546K(736256K), 0.0019138 secs] [Times: user=0.01 sys=0.00, real=0.00 secs] 
2396.232: [GC (Allocation Failure) [PSYoungGen: 67936K->1408K(68608K)] 409106K->342578K(736256K), 0.0038942 secs] [Times: user=0.01 sys=0.00, real=0.01 secs] 
2396.844: [GC (Allocation Failure) [PSYoungGen: 67968K->1469K(68608K)] 409138K->342639K(736256K), 0.0017574 secs] [Times: user=0.01 sys=0.00, real=0.00 secs] 
2397.245: [GC (Allocation Failure) [PSYoungGen: 68029K->1549K(68608K)] 409199K->342719K(736256K), 0.0017978 secs] [Times: user=0.01 sys=0.00, real=0.00 secs] 
2397.646: [GC (Allocation Failure) [PSYoungGen: 68109K->1533K(68608K)] 409279K->342703K(736256K), 0.0017471 secs] [Times: user=0.01 sys=0.00, real=0.00 secs] 
2398.052: [GC (Allocation Failure) [PSYoungGen: 68093K->1517K(68608K)] 409263K->342703K(736256K), 0.0017329 secs] [Times: user=0.01 sys=0.00, real=0.01 secs] 
2398.696: [GC (Allocation Failure) [PSYoungGen: 68077K->1440K(68608K)] 409263K->342626K(736256K), 0.0028382 secs] [Times: user=0.01 sys=0.00, real=0.00 secs] 
2399.308: [GC (Allocation Failure) [PSYoungGen: 68000K->1408K(68608K)] 409186K->342594K(736256K), 0.0023432 secs] [Times: user=0.01 sys=0.00, real=0.00 secs] 
2400.143: [GC (Allocation Failure) [PSYoungGen: 67968K->1376K(68608K)] 409154K->342562K(736256K), 0.0040866 secs] [Times: user=0.01 sys=0.00, real=0.00 secs] 
2401.023: [GC (Allocation Failure) [PSYoungGen: 67936K->1392K(68608K)] 409122K->342594K(736256K), 0.0040851 secs] [Times: user=0.02 sys=0.00, real=0.01 secs] 
2401.596: [GC (Allocation Failure) [PSYoungGen: 67952K->1485K(68608K)] 409154K->342687K(736256K), 0.0016027 secs] [Times: user=0.01 sys=0.00, real=0.00 secs] 
2402.060: [GC (Allocation Failure) [PSYoungGen: 68045K->1536K(68608K)] 409247K->342738K(736256K), 0.0017889 secs] [Times: user=0.01 sys=0.00, real=0.00 secs] 
2402.462: [GC (Allocation Failure) [PSYoungGen: 68096K->1613K(68608K)] 409298K->342815K(736256K), 0.0017359 secs] [Times: user=0.01 sys=0.00, real=0.01 secs] 
2402.964: [GC (Allocation Failure) [PSYoungGen: 68173K->1632K(68608K)] 409375K->342834K(736256K), 0.0017781 secs] [Times: user=0.00 sys=0.00, real=0.00 secs] 
2403.254: [GC (Allocation Failure) [PSYoungGen: 68192K->1408K(68608K)] 409394K->342610K(736256K), 0.0025727 secs] [Times: user=0.01 sys=0.00, real=0.00 secs] 
2403.527: [GC (Allocation Failure) [PSYoungGen: 67968K->1440K(68608K)] 409170K->342642K(736256K), 0.0019497 secs] [Times: user=0.01 sys=0.00, real=0.00 secs] 
2403.804: [GC (Allocation Failure) [PSYoungGen: 68000K->1376K(68608K)] 409202K->342578K(736256K), 0.0019567 secs] [Times: user=0.01 sys=0.00, real=0.00 secs] 
2404.081: [GC (Allocation Failure) [PSYoungGen: 67936K->1392K(68608K)] 409138K->342594K(736256K), 0.0019336 secs] [Times: user=0.01 sys=0.00, real=0.00 secs] 
2404.501: [GC (Allocation Failure) [PSYoungGen: 67952K->1533K(68608K)] 409154K->342735K(736256K), 0.0015313 secs] [Times: user=0.01 sys=0.00, real=0.00 secs] 
2404.904: [GC (Allocation Failure) [PSYoungGen: 68093K->1549K(68608K)] 409295K->342751K(736256K), 0.0017137 secs] [Times: user=0.00 sys=0.00, real=0.00 secs] 
2405.306: [GC (Allocation Failure) [PSYoungGen: 68109K->1549K(68608K)] 409311K->342751K(736256K), 0.0017107 secs] [Times: user=0.01 sys=0.00, real=0.00 secs] 
2405.886: [GC (Allocation Failure) [PSYoungGen: 68109K->1504K(68608K)] 409311K->342706K(736256K), 0.0026126 secs] [Times: user=0.01 sys=0.00, real=0.00 secs] 
2406.391: [GC (Allocation Failure) [PSYoungGen: 68064K->1408K(68608K)] 409266K->342610K(736256K), 0.0019127 secs] [Times: user=0.01 sys=0.00, real=0.00 secs] 
2406.667: [GC (Allocation Failure) [PSYoungGen: 67968K->1376K(68608K)] 409170K->342578K(736256K), 0.0019551 secs] [Times: user=0.01 sys=0.00, real=0.00 secs] 
2407.068: [GC (Allocation Failure) [PSYoungGen: 67936K->1392K(68608K)] 409138K->342594K(736256K), 0.0019168 secs] [Times: user=0.00 sys=0.00, real=0.00 secs] 
2407.656: [GC (Allocation Failure) [PSYoungGen: 67952K->1376K(68608K)] 409154K->342578K(736256K), 0.0020167 secs] [Times: user=0.01 sys=0.00, real=0.00 secs] 
2408.099: [GC (Allocation Failure) [PSYoungGen: 67936K->1565K(68608K)] 409138K->342775K(736256K), 0.0017155 secs] [Times: user=0.00 sys=0.00, real=0.00 secs] 
2408.503: [GC (Allocation Failure) [PSYoungGen: 68125K->1533K(68608K)] 409335K->342743K(736256K), 0.0017639 secs] [Times: user=0.01 sys=0.00, real=0.01 secs] 
2408.906: [GC (Allocation Failure) [PSYoungGen: 68093K->1520K(68608K)] 409303K->342754K(736256K), 0.0016348 secs] [Times: user=0.01 sys=0.00, real=0.00 secs] 
2409.515: [GC (Allocation Failure) [PSYoungGen: 68080K->1440K(68608K)] 409314K->342674K(736256K), 0.0020545 secs] [Times: user=0.01 sys=0.00, real=0.00 secs] 
2410.108: [GC (Allocation Failure) [PSYoungGen: 68000K->1376K(68608K)] 409234K->342610K(736256K), 0.0023741 secs] [Times: user=0.01 sys=0.00, real=0.00 secs] 
2410.451: [GC (Allocation Failure) [PSYoungGen: 67936K->1344K(68608K)] 409170K->342578K(736256K), 0.0020272 secs] [Times: user=0.00 sys=0.00, real=0.01 secs] 
2410.761: [GC (Allocation Failure) [PSYoungGen: 67904K->1376K(68608K)] 409138K->342610K(736256K), 0.0019617 secs] [Times: user=0.01 sys=0.00, real=0.01 secs] 
2411.207: [GC (Allocation Failure) [PSYoungGen: 67936K->1453K(68608K)] 409170K->342695K(736256K), 0.0020637 secs] [Times: user=0.01 sys=0.00, real=0.00 secs] 
2411.632: [GC (Allocation Failure) [PSYoungGen: 68013K->1581K(68608K)] 409255K->342823K(736256K), 0.0016537 secs] [Times: user=0.00 sys=0.00, real=0.01 secs] 
2412.111: [GC (Allocation Failure) [PSYoungGen: 68141K->1581K(68608K)] 409383K->342823K(736256K), 0.0017591 secs] [Times: user=0.01 sys=0.00, real=0.00 secs] 
2412.513: [GC (Allocation Failure) [PSYoungGen: 68141K->1501K(68608K)] 409383K->342759K(736256K), 0.0016339 secs] [Times: user=0.01 sys=0.00, real=0.00 secs] 
2412.939: [GC (Allocation Failure) [PSYoungGen: 68061K->1472K(68608K)] 409319K->342730K(736256K), 0.0020749 secs] [Times: user=0.01 sys=0.00, real=0.00 secs] 
2413.221: [GC (Allocation Failure) [PSYoungGen: 68032K->1376K(68608K)] 409290K->342634K(736256K), 0.0020198 secs] [Times: user=0.01 sys=0.00, real=0.00 secs] 
2413.498: [GC (Allocation Failure) [PSYoungGen: 67936K->1376K(68608K)] 409194K->342634K(736256K), 0.0017398 secs] [Times: user=0.01 sys=0.00, real=0.00 secs] 
2413.774: [GC (Allocation Failure) [PSYoungGen: 67936K->1376K(68608K)] 409194K->342634K(736256K), 0.0021698 secs] [Times: user=0.01 sys=0.00, real=0.00 secs] 
2414.231: [GC (Allocation Failure) [PSYoungGen: 67929K->1453K(68608K)] 409188K->342711K(736256K), 0.0015427 secs] [Times: user=0.01 sys=0.00, real=0.00 secs] 
2414.636: [GC (Allocation Failure) [PSYoungGen: 68013K->1581K(68608K)] 409271K->342839K(736256K), 0.0017459 secs] [Times: user=0.01 sys=0.00, real=0.00 secs] 
2415.037: [GC (Allocation Failure) [PSYoungGen: 68141K->1549K(68608K)] 409399K->342807K(736256K), 0.0016509 secs] [Times: user=0.01 sys=0.00, real=0.00 secs] 
2415.440: [GC (Allocation Failure) [PSYoungGen: 68109K->1581K(68608K)] 409367K->342847K(736256K), 0.0017161 secs] [Times: user=0.01 sys=0.00, real=0.00 secs] 
2415.810: [GC (Allocation Failure) [PSYoungGen: 68141K->1440K(68608K)] 409407K->342722K(736256K), 0.0017735 secs] [Times: user=0.01 sys=0.00, real=0.00 secs] 
2416.195: [GC (Allocation Failure) [PSYoungGen: 68000K->1344K(68608K)] 409282K->342626K(736256K), 0.0018432 secs] [Times: user=0.01 sys=0.00, real=0.00 secs] 
2416.684: [GC (Allocation Failure) [PSYoungGen: 67904K->1376K(68608K)] 409186K->342658K(736256K), 0.0019893 secs] [Times: user=0.01 sys=0.00, real=0.00 secs] 
2417.203: [GC (Allocation Failure) [PSYoungGen: 67936K->1376K(68608K)] 409218K->342658K(736256K), 0.0019122 secs] [Times: user=0.01 sys=0.00, real=0.00 secs] 
2417.726: [GC (Allocation Failure) [PSYoungGen: 67936K->1453K(68608K)] 409218K->342735K(736256K), 0.0015985 secs] [Times: user=0.01 sys=0.00, real=0.00 secs] 
2418.131: [GC (Allocation Failure) [PSYoungGen: 68013K->1613K(68608K)] 409295K->342895K(736256K), 0.0016361 secs] [Times: user=0.01 sys=0.00, real=0.00 secs] 
2418.534: [GC (Allocation Failure) [PSYoungGen: 68173K->1581K(68608K)] 409455K->342863K(736256K), 0.0016826 secs] [Times: user=0.00 sys=0.00, real=0.00 secs] 
2418.934: [GC (Allocation Failure) [PSYoungGen: 68127K->1549K(68608K)] 409410K->342863K(736256K), 0.0016474 secs] [Times: user=0.01 sys=0.00, real=0.00 secs] 
2419.514: [GC (Allocation Failure) [PSYoungGen: 68109K->1408K(68608K)] 409423K->342722K(736256K), 0.0018892 secs] [Times: user=0.01 sys=0.00, real=0.00 secs] 
2419.790: [GC (Allocation Failure) [PSYoungGen: 67968K->1376K(68608K)] 409282K->342690K(736256K), 0.0018427 secs] [Times: user=0.01 sys=0.00, real=0.00 secs] 
2420.067: [GC (Allocation Failure) [PSYoungGen: 67936K->1376K(68608K)] 409250K->342690K(736256K), 0.0019692 secs] [Times: user=0.01 sys=0.00, real=0.00 secs] 
2420.344: [GC (Allocation Failure) [PSYoungGen: 67936K->1376K(68608K)] 409250K->342690K(736256K), 0.0019334 secs] [Times: user=0.01 sys=0.00, real=0.00 secs] 
2420.729: [GC (Allocation Failure) [PSYoungGen: 67936K->1485K(68608K)] 409250K->342799K(736256K), 0.0016320 secs] [Times: user=0.01 sys=0.00, real=0.00 secs] 
2421.137: [GC (Allocation Failure) [PSYoungGen: 68045K->1533K(68608K)] 409359K->342847K(736256K), 0.0016939 secs] [Times: user=0.01 sys=0.00, real=0.00 secs] 
2421.537: [GC (Allocation Failure) [PSYoungGen: 68093K->1533K(68608K)] 409407K->342847K(736256K), 0.0016024 secs] [Times: user=0.01 sys=0.00, real=0.00 secs] 
2421.940: [GC (Allocation Failure) [PSYoungGen: 68093K->1549K(68608K)] 409407K->342879K(736256K), 0.0017260 secs] [Times: user=0.00 sys=0.00, real=0.00 secs] 
2422.291: [GC (Allocation Failure) [PSYoungGen: 68109K->1408K(68608K)] 409439K->342738K(736256K), 0.0019229 secs] [Times: user=0.01 sys=0.00, real=0.01 secs] 
2422.568: [GC (Allocation Failure) [PSYoungGen: 67968K->1376K(68608K)] 409298K->342706K(736256K), 0.0018670 secs] [Times: user=0.01 sys=0.00, real=0.00 secs] 
2422.882: [GC (Allocation Failure) [PSYoungGen: 67936K->1360K(68608K)] 409266K->342690K(736256K), 0.0018295 secs] [Times: user=0.01 sys=0.00, real=0.01 secs] 
2423.175: [GC (Allocation Failure) [PSYoungGen: 67920K->1376K(68608K)] 409250K->342714K(736256K), 0.0019962 secs] [Times: user=0.01 sys=0.00, real=0.00 secs] 
2423.566: [GC (Allocation Failure) [PSYoungGen: 67936K->1517K(68608K)] 409274K->342855K(736256K), 0.0015013 secs] [Times: user=0.00 sys=0.00, real=0.00 secs] 
2424.066: [GC (Allocation Failure) [PSYoungGen: 68077K->1616K(68608K)] 409415K->342954K(736256K), 0.0016744 secs] [Times: user=0.00 sys=0.00, real=0.00 secs] 
2424.526: [GC (Allocation Failure) [PSYoungGen: 68169K->1581K(68608K)] 409507K->342919K(736256K), 0.0017219 secs] [Times: user=0.00 sys=0.00, real=0.00 secs] 
2424.924: [GC (Allocation Failure) [PSYoungGen: 68141K->256K(68608K)] 409479K->341602K(736256K), 0.0016899 secs] [Times: user=0.00 sys=0.00, real=0.00 secs] 
2425.421: [GC (Allocation Failure) [PSYoungGen: 66816K->1408K(68608K)] 408162K->342754K(736256K), 0.0026259 secs] [Times: user=0.01 sys=0.00, real=0.01 secs] 
2425.936: [GC (Allocation Failure) [PSYoungGen: 67968K->1408K(68608K)] 409314K->342754K(736256K), 0.0023444 secs] [Times: user=0.01 sys=0.00, real=0.00 secs] 
2426.481: [GC (Allocation Failure) [PSYoungGen: 67968K->1376K(68608K)] 409314K->342722K(736256K), 0.0023783 secs] [Times: user=0.01 sys=0.00, real=0.00 secs] 
2427.034: [GC (Allocation Failure) [PSYoungGen: 67936K->1376K(68608K)] 409282K->342722K(736256K), 0.0023383 secs] [Times: user=0.01 sys=0.00, real=0.00 secs] 
2427.613: [GC (Allocation Failure) [PSYoungGen: 67936K->1517K(68608K)] 409282K->342863K(736256K), 0.0017854 secs] [Times: user=0.01 sys=0.00, real=0.01 secs] 
2428.017: [GC (Allocation Failure) [PSYoungGen: 68077K->1565K(68608K)] 409423K->342911K(736256K), 0.0018353 secs] [Times: user=0.00 sys=0.00, real=0.00 secs] 
2428.421: [GC (Allocation Failure) [PSYoungGen: 68125K->1549K(68608K)] 409471K->342895K(736256K), 0.0016727 secs] [Times: user=0.00 sys=0.00, real=0.01 secs] 
2428.901: [GC (Allocation Failure) [PSYoungGen: 68109K->2016K(68608K)] 409455K->343362K(736256K), 0.0018789 secs] [Times: user=0.01 sys=0.00, real=0.00 secs] 
2429.231: [GC (Allocation Failure) [PSYoungGen: 68576K->1408K(68608K)] 409922K->342754K(736256K), 0.0020717 secs] [Times: user=0.01 sys=0.00, real=0.00 secs] 
2429.511: [GC (Allocation Failure) [PSYoungGen: 67968K->1344K(68608K)] 409314K->342690K(736256K), 0.0020524 secs] [Times: user=0.01 sys=0.00, real=0.00 secs] 
2429.789: [GC (Allocation Failure) [PSYoungGen: 67904K->1408K(68608K)] 409250K->342770K(736256K), 0.0020415 secs] [Times: user=0.00 sys=0.00, real=0.00 secs] 
2430.070: [GC (Allocation Failure) [PSYoungGen: 67968K->1408K(68608K)] 409330K->342770K(736256K), 0.0019721 secs] [Times: user=0.01 sys=0.00, real=0.00 secs] 
2430.491: [GC (Allocation Failure) [PSYoungGen: 67968K->1549K(68608K)] 409330K->342911K(736256K), 0.0017420 secs] [Times: user=0.01 sys=0.00, real=0.01 secs] 
2430.896: [GC (Allocation Failure) [PSYoungGen: 68109K->1581K(68608K)] 409471K->342943K(736256K), 0.0027724 secs] [Times: user=0.01 sys=0.00, real=0.00 secs] 
2431.300: [GC (Allocation Failure) [PSYoungGen: 68141K->1533K(68608K)] 409503K->342895K(736256K), 0.0017247 secs] [Times: user=0.00 sys=0.00, real=0.00 secs] 
2431.949: [GC (Allocation Failure) [PSYoungGen: 68093K->1504K(68608K)] 409455K->342866K(736256K), 0.0029105 secs] [Times: user=0.01 sys=0.00, real=0.00 secs] 
2432.507: [GC (Allocation Failure) [PSYoungGen: 68064K->1376K(68608K)] 409426K->342738K(736256K), 0.0034397 secs] [Times: user=0.01 sys=0.00, real=0.00 secs] 
2433.141: [GC (Allocation Failure) [PSYoungGen: 67936K->1408K(68608K)] 409298K->342770K(736256K), 0.0023554 secs] [Times: user=0.01 sys=0.00, real=0.01 secs] 
2433.728: [GC (Allocation Failure) [PSYoungGen: 67968K->1376K(68608K)] 409330K->342738K(736256K), 0.0021824 secs] [Times: user=0.01 sys=0.00, real=0.00 secs] 
2434.230: [GC (Allocation Failure) [PSYoungGen: 67936K->1456K(68608K)] 409298K->342818K(736256K), 0.0022540 secs] [Times: user=0.00 sys=0.00, real=0.00 secs] 
2434.743: [GC (Allocation Failure) [PSYoungGen: 68016K->1549K(68608K)] 409378K->342911K(736256K), 0.0016045 secs] [Times: user=0.01 sys=0.00, real=0.01 secs] 
2435.145: [GC (Allocation Failure) [PSYoungGen: 68109K->1549K(68608K)] 409471K->342911K(736256K), 0.0018073 secs] [Times: user=0.00 sys=0.00, real=0.00 secs] 
2435.545: [GC (Allocation Failure) [PSYoungGen: 68098K->1517K(68608K)] 409460K->342887K(736256K), 0.0016581 secs] [Times: user=0.00 sys=0.00, real=0.00 secs] 
2436.157: [GC (Allocation Failure) [PSYoungGen: 68077K->1472K(68608K)] 409447K->342842K(736256K), 0.0035285 secs] [Times: user=0.01 sys=0.00, real=0.00 secs] 
2436.701: [GC (Allocation Failure) [PSYoungGen: 68032K->1424K(68608K)] 409402K->342794K(736256K), 0.0032498 secs] [Times: user=0.01 sys=0.00, real=0.01 secs] 
2437.241: [GC (Allocation Failure) [PSYoungGen: 67984K->1360K(68608K)] 409354K->342730K(736256K), 0.0026491 secs] [Times: user=0.01 sys=0.00, real=0.01 secs] 
2437.780: [GC (Allocation Failure) [PSYoungGen: 67920K->1376K(68608K)] 409290K->342746K(736256K), 0.0027897 secs] [Times: user=0.01 sys=0.00, real=0.01 secs] 
2438.494: [GC (Allocation Failure) [PSYoungGen: 67936K->1485K(68608K)] 409306K->342855K(736256K), 0.0020264 secs] [Times: user=0.01 sys=0.00, real=0.00 secs] 
2439.011: [GC (Allocation Failure) [PSYoungGen: 68045K->1549K(68608K)] 409415K->342919K(736256K), 0.0017172 secs] [Times: user=0.00 sys=0.00, real=0.00 secs] 
2439.474: [GC (Allocation Failure) [PSYoungGen: 68109K->1613K(68608K)] 409479K->342983K(736256K), 0.0016951 secs] [Times: user=0.01 sys=0.00, real=0.00 secs] 
2439.936: [GC (Allocation Failure) [PSYoungGen: 68173K->1565K(68608K)] 409543K->342951K(736256K), 0.0018143 secs] [Times: user=0.00 sys=0.00, real=0.00 secs] 
2440.643: [GC (Allocation Failure) [PSYoungGen: 68125K->1504K(68608K)] 409511K->342890K(736256K), 0.0063249 secs] [Times: user=0.02 sys=0.00, real=0.01 secs] 
2441.354: [GC (Allocation Failure) [PSYoungGen: 68064K->1408K(68608K)] 409450K->342810K(736256K), 0.0026134 secs] [Times: user=0.01 sys=0.00, real=0.00 secs] 
2441.946: [GC (Allocation Failure) [PSYoungGen: 67968K->1376K(68608K)] 409370K->342778K(736256K), 0.0026330 secs] [Times: user=0.01 sys=0.00, real=0.00 secs] 
2442.305: [GC (Allocation Failure) [PSYoungGen: 67936K->1392K(68608K)] 409338K->342794K(736256K), 0.0019800 secs] [Times: user=0.00 sys=0.00, real=0.00 secs] 
2442.685: [GC (Allocation Failure) [PSYoungGen: 67952K->1424K(68608K)] 409354K->342826K(736256K), 0.0016568 secs] [Times: user=0.00 sys=0.00, real=0.00 secs] 
2443.087: [GC (Allocation Failure) [PSYoungGen: 67984K->1581K(68608K)] 409386K->342983K(736256K), 0.0017590 secs] [Times: user=0.01 sys=0.00, real=0.00 secs] 
2443.489: [GC (Allocation Failure) [PSYoungGen: 68141K->1581K(68608K)] 409543K->342983K(736256K), 0.0016686 secs] [Times: user=0.00 sys=0.00, real=0.00 secs] 
2443.892: [GC (Allocation Failure) [PSYoungGen: 68141K->1581K(68608K)] 409543K->342999K(736256K), 0.0017710 secs] [Times: user=0.01 sys=0.00, real=0.01 secs] 
2446.059: [GC (Allocation Failure) [PSYoungGen: 68141K->1408K(68608K)] 409559K->342826K(736256K), 0.0035648 secs] [Times: user=0.02 sys=0.00, real=0.00 secs] 
2446.380: [GC (Allocation Failure) [PSYoungGen: 67968K->1408K(68608K)] 409386K->342826K(736256K), 0.0019832 secs] [Times: user=0.00 sys=0.00, real=0.00 secs] 
2446.657: [GC (Allocation Failure) [PSYoungGen: 67968K->1376K(68608K)] 409386K->342794K(736256K), 0.0019278 secs] [Times: user=0.01 sys=0.00, real=0.00 secs] 
2446.934: [GC (Allocation Failure) [PSYoungGen: 67936K->1408K(68608K)] 409354K->342826K(736256K), 0.0018166 secs] [Times: user=0.01 sys=0.00, real=0.00 secs] 
2447.307: [GC (Allocation Failure) [PSYoungGen: 67968K->1501K(68608K)] 409386K->342919K(736256K), 0.0016301 secs] [Times: user=0.01 sys=0.00, real=0.00 secs] 
2447.710: [GC (Allocation Failure) [PSYoungGen: 68061K->1581K(68608K)] 409479K->342999K(736256K), 0.0017697 secs] [Times: user=0.01 sys=0.00, real=0.00 secs] 
2448.110: [GC (Allocation Failure) [PSYoungGen: 68141K->1581K(68608K)] 409559K->342999K(736256K), 0.0016806 secs] [Times: user=0.00 sys=0.00, real=0.00 secs] 
2448.513: [GC (Allocation Failure) [PSYoungGen: 68141K->1533K(68608K)] 409559K->342959K(736256K), 0.0017042 secs] [Times: user=0.01 sys=0.00, real=0.00 secs] 
2449.097: [GC (Allocation Failure) [PSYoungGen: 68093K->1440K(68608K)] 409519K->342866K(736256K), 0.0020152 secs] [Times: user=0.00 sys=0.00, real=0.00 secs] 
2449.407: [GC (Allocation Failure) [PSYoungGen: 68000K->1376K(68608K)] 409426K->342802K(736256K), 0.0019812 secs] [Times: user=0.01 sys=0.00, real=0.00 secs] 
2449.685: [GC (Allocation Failure) [PSYoungGen: 67936K->1408K(68608K)] 409362K->342834K(736256K), 0.0023642 secs] [Times: user=0.01 sys=0.00, real=0.00 secs] 
2449.963: [GC (Allocation Failure) [PSYoungGen: 67968K->1328K(68608K)] 409394K->342754K(736256K), 0.0020210 secs] [Times: user=0.01 sys=0.00, real=0.01 secs] 
2450.395: [GC (Allocation Failure) [PSYoungGen: 67888K->1485K(68608K)] 409314K->342927K(736256K), 0.0016701 secs] [Times: user=0.00 sys=0.00, real=0.00 secs] 
2450.860: [GC (Allocation Failure) [PSYoungGen: 68045K->1552K(68608K)] 409487K->342994K(736256K), 0.0017623 secs] [Times: user=0.01 sys=0.00, real=0.00 secs] 
2451.269: [GC (Allocation Failure) [PSYoungGen: 68112K->1549K(68608K)] 409554K->342991K(736256K), 0.0017302 secs] [Times: user=0.01 sys=0.00, real=0.00 secs] 
2451.728: [GC (Allocation Failure) [PSYoungGen: 68109K->1533K(68608K)] 409551K->342983K(736256K), 0.0018152 secs] [Times: user=0.00 sys=0.00, real=0.00 secs] 
2452.057: [GC (Allocation Failure) [PSYoungGen: 68093K->1408K(68608K)] 409543K->342858K(736256K), 0.0028530 secs] [Times: user=0.01 sys=0.00, real=0.00 secs] 
2452.331: [GC (Allocation Failure) [PSYoungGen: 67968K->1392K(68608K)] 409418K->342842K(736256K), 0.0019596 secs] [Times: user=0.01 sys=0.00, real=0.01 secs] 
2452.627: [GC (Allocation Failure) [PSYoungGen: 67952K->1376K(68608K)] 409402K->342826K(736256K), 0.0026584 secs] [Times: user=0.01 sys=0.00, real=0.00 secs] 
2452.955: [GC (Allocation Failure) [PSYoungGen: 67936K->1408K(68608K)] 409386K->342858K(736256K), 0.0018708 secs] [Times: user=0.01 sys=0.00, real=0.00 secs] 
2453.386: [GC (Allocation Failure) [PSYoungGen: 67968K->1517K(68608K)] 409418K->342967K(736256K), 0.0016397 secs] [Times: user=0.01 sys=0.00, real=0.00 secs] 
2453.789: [GC (Allocation Failure) [PSYoungGen: 68077K->1613K(68608K)] 409527K->343063K(736256K), 0.0016625 secs] [Times: user=0.00 sys=0.00, real=0.00 secs] 
2454.193: [GC (Allocation Failure) [PSYoungGen: 68173K->1549K(68608K)] 409623K->342999K(736256K), 0.0017559 secs] [Times: user=0.00 sys=0.00, real=0.00 secs] 
2454.633: [GC (Allocation Failure) [PSYoungGen: 68012K->2032K(68608K)] 409463K->343498K(736256K), 0.0018567 secs] [Times: user=0.00 sys=0.00, real=0.01 secs] 
2455.245: [GC (Allocation Failure) [PSYoungGen: 68592K->1328K(68608K)] 410058K->342794K(736256K), 0.0020176 secs] [Times: user=0.01 sys=0.00, real=0.00 secs] 
2456.095: [GC (Allocation Failure) [PSYoungGen: 67888K->1376K(68608K)] 409354K->342842K(736256K), 0.0030871 secs] [Times: user=0.01 sys=0.00, real=0.00 secs] 
2456.877: [GC (Allocation Failure) [PSYoungGen: 67936K->1408K(68608K)] 409402K->342874K(736256K), 0.0031405 secs] [Times: user=0.01 sys=0.00, real=0.00 secs] 
2457.755: [GC (Allocation Failure) [PSYoungGen: 67968K->1408K(68608K)] 409434K->342874K(736256K), 0.0036991 secs] [Times: user=0.01 sys=0.00, real=0.00 secs] 
2458.428: [GC (Allocation Failure) [PSYoungGen: 67968K->1549K(68608K)] 409434K->343015K(736256K), 0.0016832 secs] [Times: user=0.00 sys=0.00, real=0.00 secs] 
2458.830: [GC (Allocation Failure) [PSYoungGen: 68109K->1581K(68608K)] 409575K->343047K(736256K), 0.0017433 secs] [Times: user=0.01 sys=0.00, real=0.00 secs] 
2459.233: [GC (Allocation Failure) [PSYoungGen: 68141K->1552K(68608K)] 409607K->343018K(736256K), 0.0017123 secs] [Times: user=0.00 sys=0.00, real=0.01 secs] 
2459.686: [GC (Allocation Failure) [PSYoungGen: 68112K->1472K(68608K)] 409578K->342938K(736256K), 0.0018931 secs] [Times: user=0.01 sys=0.00, real=0.00 secs] 
2460.372: [GC (Allocation Failure) [PSYoungGen: 68032K->1376K(68608K)] 409498K->342842K(736256K), 0.0019194 secs] [Times: user=0.01 sys=0.00, real=0.01 secs] 
2461.217: [GC (Allocation Failure) [PSYoungGen: 67936K->1408K(68608K)] 409402K->342874K(736256K), 0.0022596 secs] [Times: user=0.01 sys=0.00, real=0.00 secs] 
2462.391: [GC (Allocation Failure) [PSYoungGen: 67968K->1424K(68608K)] 409434K->342906K(736256K), 0.0031088 secs] [Times: user=0.01 sys=0.00, real=0.01 secs] 
2463.265: [GC (Allocation Failure) [PSYoungGen: 67984K->1408K(68608K)] 409466K->342890K(736256K), 0.0038461 secs] [Times: user=0.01 sys=0.00, real=0.00 secs] 
2463.843: [GC (Allocation Failure) [PSYoungGen: 67968K->1549K(68608K)] 409450K->343031K(736256K), 0.0017017 secs] [Times: user=0.00 sys=0.00, real=0.01 secs] 
2464.245: [GC (Allocation Failure) [PSYoungGen: 68109K->1549K(68608K)] 409591K->343031K(736256K), 0.0016708 secs] [Times: user=0.01 sys=0.00, real=0.00 secs] 
2464.654: [GC (Allocation Failure) [PSYoungGen: 68109K->1613K(68608K)] 409591K->343119K(736256K), 0.0015995 secs] [Times: user=0.01 sys=0.00, real=0.00 secs] 
2465.132: [GC (Allocation Failure) [PSYoungGen: 68173K->1472K(68608K)] 409679K->342978K(736256K), 0.0019653 secs] [Times: user=0.01 sys=0.00, real=0.01 secs] 
2465.660: [GC (Allocation Failure) [PSYoungGen: 68032K->1376K(68608K)] 409538K->342882K(736256K), 0.0023673 secs] [Times: user=0.01 sys=0.00, real=0.00 secs] 
2466.140: [GC (Allocation Failure) [PSYoungGen: 67936K->1376K(68608K)] 409442K->342882K(736256K), 0.0028718 secs] [Times: user=0.01 sys=0.00, real=0.01 secs] 
2466.409: [GC (Allocation Failure) [PSYoungGen: 67936K->1376K(68608K)] 409442K->342882K(736256K), 0.0019498 secs] [Times: user=0.01 sys=0.00, real=0.00 secs] 
2466.775: [GC (Allocation Failure) [PSYoungGen: 67936K->1485K(68608K)] 409442K->342991K(736256K), 0.0026966 secs] [Times: user=0.01 sys=0.00, real=0.00 secs] 
2467.265: [GC (Allocation Failure) [PSYoungGen: 68045K->1549K(68608K)] 409551K->343055K(736256K), 0.0017091 secs] [Times: user=0.00 sys=0.00, real=0.00 secs] 
2467.667: [GC (Allocation Failure) [PSYoungGen: 68109K->1581K(68608K)] 409615K->343087K(736256K), 0.0016040 secs] [Times: user=0.01 sys=0.00, real=0.00 secs] 
2468.068: [GC (Allocation Failure) [PSYoungGen: 68141K->1549K(68608K)] 409647K->343063K(736256K), 0.0015959 secs] [Times: user=0.01 sys=0.00, real=0.00 secs] 
2468.530: [GC (Allocation Failure) [PSYoungGen: 68109K->1472K(68608K)] 409623K->342986K(736256K), 0.0023489 secs] [Times: user=0.01 sys=0.00, real=0.00 secs] 
2468.831: [GC (Allocation Failure) [PSYoungGen: 68032K->1376K(68608K)] 409546K->342890K(736256K), 0.0019494 secs] [Times: user=0.00 sys=0.00, real=0.01 secs] 
2469.111: [GC (Allocation Failure) [PSYoungGen: 67936K->1376K(68608K)] 409450K->342890K(736256K), 0.0020079 secs] [Times: user=0.00 sys=0.00, real=0.00 secs] 
2469.387: [GC (Allocation Failure) [PSYoungGen: 67936K->1376K(68608K)] 409450K->342914K(736256K), 0.0020736 secs] [Times: user=0.01 sys=0.00, real=0.00 secs] 
2469.780: [GC (Allocation Failure) [PSYoungGen: 67910K->1456K(68608K)] 409448K->342994K(736256K), 0.0021709 secs] [Times: user=0.01 sys=0.00, real=0.00 secs] 
2470.231: [GC (Allocation Failure) [PSYoungGen: 68016K->1565K(68608K)] 409554K->343103K(736256K), 0.0018210 secs] [Times: user=0.00 sys=0.00, real=0.01 secs] 
2470.633: [GC (Allocation Failure) [PSYoungGen: 68125K->1533K(68608K)] 409663K->343071K(736256K), 0.0016848 secs] [Times: user=0.01 sys=0.00, real=0.00 secs] 
2471.039: [GC (Allocation Failure) [PSYoungGen: 68093K->1581K(68608K)] 409631K->343135K(736256K), 0.0016647 secs] [Times: user=0.01 sys=0.00, real=0.00 secs] 
2471.361: [GC (Allocation Failure) [PSYoungGen: 68141K->1376K(68608K)] 409695K->342930K(736256K), 0.0026458 secs] [Times: user=0.01 sys=0.00, real=0.01 secs] 
2471.641: [GC (Allocation Failure) [PSYoungGen: 67936K->1344K(68608K)] 409490K->342898K(736256K), 0.0019851 secs] [Times: user=0.01 sys=0.00, real=0.01 secs] 
2471.918: [GC (Allocation Failure) [PSYoungGen: 67904K->1408K(68608K)] 409458K->342962K(736256K), 0.0019581 secs] [Times: user=0.01 sys=0.00, real=0.00 secs] 
2472.194: [GC (Allocation Failure) [PSYoungGen: 67968K->1376K(68608K)] 409522K->342930K(736256K), 0.0019172 secs] [Times: user=0.01 sys=0.00, real=0.00 secs] 
2472.553: [GC (Allocation Failure) [PSYoungGen: 67936K->1485K(68608K)] 409490K->343039K(736256K), 0.0016039 secs] [Times: user=0.01 sys=0.00, real=0.00 secs] 
2472.952: [GC (GCLocker Initiated GC) [PSYoungGen: 68045K->1501K(68608K)] 409599K->343055K(736256K), 0.0016150 secs] [Times: user=0.01 sys=0.00, real=0.01 secs] 
2473.359: [GC (Allocation Failure) [PSYoungGen: 68061K->1453K(68608K)] 410289K->343681K(736256K), 0.0016253 secs] [Times: user=0.01 sys=0.00, real=0.00 secs] 
2473.762: [GC (Allocation Failure) [PSYoungGen: 68013K->1501K(68608K)] 410241K->343737K(736256K), 0.0016313 secs] [Times: user=0.01 sys=0.00, real=0.01 secs] 
2475.698: [GC (Allocation Failure) [PSYoungGen: 68061K->1472K(68608K)] 410297K->343707K(736256K), 0.0041877 secs] [Times: user=0.02 sys=0.00, real=0.00 secs] 
2476.299: [GC (Allocation Failure) [PSYoungGen: 68032K->1392K(68608K)] 410267K->343627K(736256K), 0.0031265 secs] [Times: user=0.02 sys=0.00, real=0.00 secs] 
2476.822: [GC (Allocation Failure) [PSYoungGen: 67952K->1440K(68608K)] 410187K->343675K(736256K), 0.0040171 secs] [Times: user=0.02 sys=0.00, real=0.01 secs] 
2477.472: [GC (Allocation Failure) [PSYoungGen: 68000K->1408K(68608K)] 410235K->343643K(736256K), 0.0031342 secs] [Times: user=0.01 sys=0.00, real=0.01 secs] 
2478.092: [GC (Allocation Failure) [PSYoungGen: 67968K->1517K(68608K)] 410203K->343753K(736256K), 0.0017269 secs] [Times: user=0.01 sys=0.00, real=0.01 secs] 
2478.495: [GC (Allocation Failure) [PSYoungGen: 68077K->1581K(68608K)] 410313K->343817K(736256K), 0.0017104 secs] [Times: user=0.00 sys=0.00, real=0.00 secs] 
2478.899: [GC (Allocation Failure) [PSYoungGen: 68141K->1581K(68608K)] 410377K->343817K(736256K), 0.0017131 secs] [Times: user=0.00 sys=0.00, real=0.00 secs] 
2479.302: [GC (Allocation Failure) [PSYoungGen: 68141K->1533K(68608K)] 410377K->343785K(736256K), 0.0017441 secs] [Times: user=0.01 sys=0.00, real=0.01 secs] 
2479.977: [GC (Allocation Failure) [PSYoungGen: 68093K->1472K(68608K)] 410345K->343723K(736256K), 0.0026429 secs] [Times: user=0.01 sys=0.00, real=0.00 secs] 
2480.561: [GC (Allocation Failure) [PSYoungGen: 68032K->1424K(68608K)] 410283K->343675K(736256K), 0.0029783 secs] [Times: user=0.01 sys=0.00, real=0.01 secs] 
2481.171: [GC (Allocation Failure) [PSYoungGen: 67984K->1408K(68608K)] 410235K->343659K(736256K), 0.0022780 secs] [Times: user=0.01 sys=0.00, real=0.00 secs] 
2481.677: [GC (Allocation Failure) [PSYoungGen: 67968K->1408K(68608K)] 410219K->343699K(736256K), 0.0021876 secs] [Times: user=0.01 sys=0.00, real=0.00 secs] 
2482.280: [GC (Allocation Failure) [PSYoungGen: 67968K->1517K(68608K)] 410259K->343833K(736256K), 0.0017632 secs] [Times: user=0.01 sys=0.00, real=0.00 secs] 
2482.683: [GC (Allocation Failure) [PSYoungGen: 68077K->1549K(68608K)] 410393K->343873K(736256K), 0.0018052 secs] [Times: user=0.01 sys=0.00, real=0.00 secs] 
2483.086: [GC (Allocation Failure) [PSYoungGen: 68109K->1581K(68608K)] 410433K->343905K(736256K), 0.0017312 secs] [Times: user=0.01 sys=0.00, real=0.00 secs] 
2483.501: [GC (Allocation Failure) [PSYoungGen: 68141K->1536K(68608K)] 410465K->343867K(736256K), 0.0016168 secs] [Times: user=0.00 sys=0.00, real=0.01 secs] 
2484.064: [GC (Allocation Failure) [PSYoungGen: 68096K->1408K(68608K)] 410427K->343739K(736256K), 0.0038044 secs] [Times: user=0.01 sys=0.00, real=0.00 secs] 
2484.549: [GC (Allocation Failure) [PSYoungGen: 67968K->1408K(68608K)] 410299K->343739K(736256K), 0.0025708 secs] [Times: user=0.01 sys=0.00, real=0.00 secs] 
2485.053: [GC (Allocation Failure) [PSYoungGen: 67968K->1440K(68608K)] 410299K->343771K(736256K), 0.0080664 secs] [Times: user=0.04 sys=0.01, real=0.01 secs] 
2485.574: [GC (Allocation Failure) [PSYoungGen: 68000K->1376K(68608K)] 410331K->343707K(736256K), 0.0020958 secs] [Times: user=0.01 sys=0.00, real=0.00 secs] 
2486.082: [GC (Allocation Failure) [PSYoungGen: 67936K->1549K(68608K)] 410267K->343881K(736256K), 0.0016845 secs] [Times: user=0.01 sys=0.00, real=0.01 secs] 
2486.486: [GC (Allocation Failure) [PSYoungGen: 68109K->1581K(68608K)] 410441K->343913K(736256K), 0.0017030 secs] [Times: user=0.00 sys=0.00, real=0.00 secs] 
2486.887: [GC (Allocation Failure) [PSYoungGen: 68141K->1517K(68608K)] 410473K->343849K(736256K), 0.0017879 secs] [Times: user=0.01 sys=0.00, real=0.00 secs] 
2487.434: [GC (Allocation Failure) [PSYoungGen: 68077K->1536K(68608K)] 410409K->343875K(736256K), 0.0021240 secs] [Times: user=0.01 sys=0.00, real=0.00 secs] 
2488.206: [GC (Allocation Failure) [PSYoungGen: 68096K->1408K(68608K)] 410435K->343747K(736256K), 0.0045717 secs] [Times: user=0.02 sys=0.00, real=0.00 secs] 
2489.021: [GC (Allocation Failure) [PSYoungGen: 67968K->1376K(68608K)] 410307K->343715K(736256K), 0.0037417 secs] [Times: user=0.02 sys=0.00, real=0.01 secs] 
2489.769: [GC (Allocation Failure) [PSYoungGen: 67936K->1408K(68608K)] 410275K->343747K(736256K), 0.0022865 secs] [Times: user=0.01 sys=0.00, real=0.00 secs] 
2490.279: [GC (Allocation Failure) [PSYoungGen: 67968K->1376K(68608K)] 410307K->343715K(736256K), 0.0026647 secs] [Times: user=0.01 sys=0.00, real=0.00 secs] 
2490.771: [GC (Allocation Failure) [PSYoungGen: 67936K->1549K(68608K)] 410275K->343889K(736256K), 0.0017622 secs] [Times: user=0.00 sys=0.00, real=0.01 secs] 
2491.176: [GC (Allocation Failure) [PSYoungGen: 68109K->1581K(68608K)] 410449K->343945K(736256K), 0.0016913 secs] [Times: user=0.01 sys=0.00, real=0.00 secs] 
2491.578: [GC (Allocation Failure) [PSYoungGen: 68141K->1517K(68608K)] 410505K->343889K(736256K), 0.0016862 secs] [Times: user=0.00 sys=0.00, real=0.00 secs] 
2491.991: [GC (Allocation Failure) [PSYoungGen: 68077K->1472K(68608K)] 410449K->343843K(736256K), 0.0019565 secs] [Times: user=0.01 sys=0.00, real=0.01 secs] 
2492.313: [GC (Allocation Failure) [PSYoungGen: 68032K->1376K(68608K)] 410403K->343747K(736256K), 0.0019269 secs] [Times: user=0.00 sys=0.00, real=0.01 secs] 
2492.590: [GC (Allocation Failure) [PSYoungGen: 67936K->1376K(68608K)] 410307K->343747K(736256K), 0.0017880 secs] [Times: user=0.00 sys=0.00, real=0.00 secs] 
2492.867: [GC (Allocation Failure) [PSYoungGen: 67936K->1376K(68608K)] 410307K->343747K(736256K), 0.0018919 secs] [Times: user=0.01 sys=0.00, real=0.00 secs] 
2493.239: [GC (Allocation Failure) [PSYoungGen: 67936K->1488K(68608K)] 410307K->343859K(736256K), 0.0021272 secs] [Times: user=0.01 sys=0.01, real=0.00 secs] 
2493.667: [GC (Allocation Failure) [PSYoungGen: 68048K->1549K(68608K)] 410419K->343921K(736256K), 0.0017843 secs] [Times: user=0.01 sys=0.00, real=0.00 secs] 
2494.069: [GC (Allocation Failure) [PSYoungGen: 68109K->1581K(68608K)] 410481K->343953K(736256K), 0.0018349 secs] [Times: user=0.01 sys=0.00, real=0.00 secs] 
2494.470: [GC (Allocation Failure) [PSYoungGen: 68141K->1549K(68608K)] 410513K->343929K(736256K), 0.0016740 secs] [Times: user=0.01 sys=0.00, real=0.00 secs] 
2494.879: [GC (Allocation Failure) [PSYoungGen: 68109K->1456K(68608K)] 410489K->343835K(736256K), 0.0019118 secs] [Times: user=0.01 sys=0.00, real=0.00 secs] 
2495.264: [GC (Allocation Failure) [PSYoungGen: 68016K->1376K(68608K)] 410395K->343755K(736256K), 0.0020093 secs] [Times: user=0.01 sys=0.00, real=0.00 secs] 
2495.831: [GC (Allocation Failure) [PSYoungGen: 67936K->1376K(68608K)] 410315K->343755K(736256K), 0.0022523 secs] [Times: user=0.01 sys=0.00, real=0.01 secs] 
2496.451: [GC (Allocation Failure) [PSYoungGen: 67936K->1408K(68608K)] 410315K->343787K(736256K), 0.0027888 secs] [Times: user=0.01 sys=0.00, real=0.01 secs] 
2497.133: [GC (Allocation Failure) [PSYoungGen: 67968K->1485K(68608K)] 410347K->343865K(736256K), 0.0020011 secs] [Times: user=0.01 sys=0.00, real=0.01 secs] 
2497.547: [GC (Allocation Failure) [PSYoungGen: 68045K->1581K(68608K)] 410425K->343961K(736256K), 0.0017075 secs] [Times: user=0.01 sys=0.00, real=0.00 secs] 
2497.949: [GC (Allocation Failure) [PSYoungGen: 68141K->1549K(68608K)] 410521K->343929K(736256K), 0.0017048 secs] [Times: user=0.01 sys=0.00, real=0.00 secs] 
2498.408: [GC (Allocation Failure) [PSYoungGen: 68098K->1549K(68608K)] 410478K->343953K(736256K), 0.0017716 secs] [Times: user=0.00 sys=0.00, real=0.00 secs] 
2498.898: [GC (Allocation Failure) [PSYoungGen: 68109K->1472K(68608K)] 410513K->343875K(736256K), 0.0019426 secs] [Times: user=0.00 sys=0.00, real=0.00 secs] 
2499.793: [GC (Allocation Failure) [PSYoungGen: 68032K->1344K(68608K)] 410435K->343747K(736256K), 0.0028090 secs] [Times: user=0.01 sys=0.00, real=0.00 secs] 
2500.674: [GC (Allocation Failure) [PSYoungGen: 67904K->1376K(68608K)] 410307K->343779K(736256K), 0.0023744 secs] [Times: user=0.01 sys=0.00, real=0.00 secs] 
2501.461: [GC (Allocation Failure) [PSYoungGen: 67936K->1408K(68608K)] 410339K->343827K(736256K), 0.0027190 secs] [Times: user=0.01 sys=0.00, real=0.01 secs] 
2502.276: [GC (Allocation Failure) [PSYoungGen: 67968K->1517K(68608K)] 410387K->343937K(736256K), 0.0018847 secs] [Times: user=0.01 sys=0.00, real=0.00 secs] 
2502.759: [GC (Allocation Failure) [PSYoungGen: 68068K->1549K(68608K)] 410488K->343969K(736256K), 0.0017780 secs] [Times: user=0.00 sys=0.00, real=0.00 secs] 
2503.160: [GC (Allocation Failure) [PSYoungGen: 68109K->1549K(68608K)] 410529K->343969K(736256K), 0.0017582 secs] [Times: user=0.01 sys=0.00, real=0.00 secs] 
2503.562: [GC (Allocation Failure) [PSYoungGen: 68109K->1581K(68608K)] 410529K->344009K(736256K), 0.0017269 secs] [Times: user=0.00 sys=0.00, real=0.01 secs] 
2503.973: [GC (Allocation Failure) [PSYoungGen: 68141K->1424K(68608K)] 410569K->343851K(736256K), 0.0026928 secs] [Times: user=0.01 sys=0.00, real=0.01 secs] 
2504.269: [GC (Allocation Failure) [PSYoungGen: 67984K->1376K(68608K)] 410411K->343803K(736256K), 0.0021553 secs] [Times: user=0.01 sys=0.00, real=0.00 secs] 
2504.690: [GC (Allocation Failure) [PSYoungGen: 67936K->1376K(68608K)] 410363K->343803K(736256K), 0.0020125 secs] [Times: user=0.01 sys=0.00, real=0.00 secs] 
2505.344: [GC (Allocation Failure) [PSYoungGen: 67936K->1408K(68608K)] 410363K->343835K(736256K), 0.0026340 secs] [Times: user=0.01 sys=0.00, real=0.00 secs] 
2506.152: [GC (Allocation Failure) [PSYoungGen: 67968K->1517K(68608K)] 410395K->343945K(736256K), 0.0016132 secs] [Times: user=0.00 sys=0.00, real=0.01 secs] 
2506.556: [GC (Allocation Failure) [PSYoungGen: 68077K->1517K(68608K)] 410505K->343945K(736256K), 0.0017372 secs] [Times: user=0.00 sys=0.00, real=0.00 secs] 
2506.956: [GC (GCLocker Initiated GC) [PSYoungGen: 68077K->1517K(68608K)] 410505K->343945K(736256K), 0.0016998 secs] [Times: user=0.00 sys=0.00, real=0.00 secs] 
2507.419: [GC (Allocation Failure) [PSYoungGen: 68077K->1488K(68608K)] 410698K->344125K(736256K), 0.0016834 secs] [Times: user=0.00 sys=0.00, real=0.00 secs] 
2507.769: [GC (Allocation Failure) [PSYoungGen: 68048K->1504K(68608K)] 410685K->344141K(736256K), 0.0021365 secs] [Times: user=0.01 sys=0.00, real=0.00 secs] 
2508.046: [GC (Allocation Failure) [PSYoungGen: 68064K->1440K(68608K)] 410701K->344077K(736256K), 0.0022459 secs] [Times: user=0.01 sys=0.00, real=0.00 secs] 
2508.324: [GC (Allocation Failure) [PSYoungGen: 68000K->1408K(68608K)] 410637K->344045K(736256K), 0.0022926 secs] [Times: user=0.01 sys=0.00, real=0.00 secs] 
2508.601: [GC (Allocation Failure) [PSYoungGen: 67968K->1504K(68608K)] 410605K->344141K(736256K), 0.0019042 secs] [Times: user=0.00 sys=0.00, real=0.00 secs] 
2508.985: [GC (Allocation Failure) [PSYoungGen: 68064K->1597K(68608K)] 410701K->344234K(736256K), 0.0015969 secs] [Times: user=0.00 sys=0.00, real=0.00 secs] 
2509.446: [GC (Allocation Failure) [PSYoungGen: 68157K->1677K(68608K)] 410794K->344330K(736256K), 0.0018369 secs] [Times: user=0.01 sys=0.00, real=0.00 secs] 
2509.846: [GC (Allocation Failure) [PSYoungGen: 68237K->1629K(68608K)] 410890K->344282K(736256K), 0.0016187 secs] [Times: user=0.01 sys=0.00, real=0.00 secs] 
2510.250: [GC (Allocation Failure) [PSYoungGen: 68189K->1645K(68608K)] 410842K->344314K(736256K), 0.0017938 secs] [Times: user=0.01 sys=0.00, real=0.00 secs] 
2510.580: [GC (Allocation Failure) [PSYoungGen: 68205K->1536K(68608K)] 410874K->344205K(736256K), 0.0021092 secs] [Times: user=0.01 sys=0.00, real=0.00 secs] 
2510.888: [GC (Allocation Failure) [PSYoungGen: 68096K->1504K(68608K)] 410765K->344173K(736256K), 0.0019782 secs] [Times: user=0.01 sys=0.00, real=0.00 secs] 
2511.176: [GC (Allocation Failure) [PSYoungGen: 68064K->1504K(68608K)] 410733K->344173K(736256K), 0.0027415 secs] [Times: user=0.01 sys=0.01, real=0.00 secs] 
2511.500: [GC (Allocation Failure) [PSYoungGen: 68064K->1472K(68608K)] 410733K->344189K(736256K), 0.0022775 secs] [Times: user=0.01 sys=0.00, real=0.00 secs] 
2511.930: [GC (Allocation Failure) [PSYoungGen: 68032K->1645K(68608K)] 410749K->344362K(736256K), 0.0016745 secs] [Times: user=0.01 sys=0.00, real=0.00 secs] 
2512.333: [GC (Allocation Failure) [PSYoungGen: 68205K->1677K(68608K)] 410922K->344394K(736256K), 0.0017500 secs] [Times: user=0.01 sys=0.00, real=0.00 secs] 
2512.798: [GC (Allocation Failure) [PSYoungGen: 68237K->1581K(68608K)] 410954K->344338K(736256K), 0.0017227 secs] [Times: user=0.01 sys=0.00, real=0.00 secs] 
2513.226: [GC (Allocation Failure) [PSYoungGen: 67685K->2032K(68608K)] 410443K->344829K(736256K), 0.0017297 secs] [Times: user=0.01 sys=0.00, real=0.00 secs] 
2513.568: [GC (Allocation Failure) [PSYoungGen: 68592K->1376K(68608K)] 411389K->344173K(736256K), 0.0019652 secs] [Times: user=0.01 sys=0.00, real=0.00 secs] 
2513.856: [GC (Allocation Failure) [PSYoungGen: 67936K->1408K(68608K)] 410733K->344205K(736256K), 0.0021151 secs] [Times: user=0.01 sys=0.00, real=0.00 secs] 
2514.227: [GC (Allocation Failure) [PSYoungGen: 67968K->1376K(68608K)] 410765K->344173K(736256K), 0.0019602 secs] [Times: user=0.01 sys=0.00, real=0.00 secs] 
2514.531: [GC (Allocation Failure) [PSYoungGen: 67936K->1376K(68608K)] 410733K->344173K(736256K), 0.0019643 secs] [Times: user=0.00 sys=0.00, real=0.00 secs] 
2515.045: [GC (Allocation Failure) [PSYoungGen: 67936K->1581K(68608K)] 410733K->344378K(736256K), 0.0016943 secs] [Times: user=0.01 sys=0.00, real=0.00 secs] 
2515.448: [GC (Allocation Failure) [PSYoungGen: 68141K->1549K(68608K)] 410938K->344346K(736256K), 0.0017928 secs] [Times: user=0.00 sys=0.00, real=0.00 secs] 
2515.854: [GC (Allocation Failure) [PSYoungGen: 68109K->1581K(68608K)] 410906K->344378K(736256K), 0.0015135 secs] [Times: user=0.01 sys=0.00, real=0.00 secs] 
2516.269: [GC (Allocation Failure) [PSYoungGen: 68141K->1504K(68608K)] 410938K->344309K(736256K), 0.0016167 secs] [Times: user=0.01 sys=0.00, real=0.00 secs] 
2516.719: [GC (Allocation Failure) [PSYoungGen: 68064K->1376K(68608K)] 410869K->344181K(736256K), 0.0017367 secs] [Times: user=0.00 sys=0.00, real=0.00 secs] 
2517.481: [GC (Allocation Failure) [PSYoungGen: 67936K->1344K(68608K)] 410741K->344149K(736256K), 0.0017484 secs] [Times: user=0.01 sys=0.00, real=0.00 secs] 
2518.249: [GC (Allocation Failure) [PSYoungGen: 67904K->1376K(68608K)] 410709K->344181K(736256K), 0.0020359 secs] [Times: user=0.00 sys=0.00, real=0.00 secs] 
2519.070: [GC (Allocation Failure) [PSYoungGen: 67936K->1408K(68608K)] 410741K->344213K(736256K), 0.0021657 secs] [Times: user=0.01 sys=0.00, real=0.00 secs] 
2519.697: [GC (Allocation Failure) [PSYoungGen: 67968K->1501K(68608K)] 410773K->344306K(736256K), 0.0017840 secs] [Times: user=0.01 sys=0.00, real=0.00 secs] 
2520.159: [GC (Allocation Failure) [PSYoungGen: 68061K->1581K(68608K)] 410866K->344386K(736256K), 0.0018554 secs] [Times: user=0.01 sys=0.00, real=0.00 secs] 
2520.621: [GC (Allocation Failure) [PSYoungGen: 68141K->1549K(68608K)] 410946K->344370K(736256K), 0.0017853 secs] [Times: user=0.00 sys=0.00, real=0.01 secs] 
2521.146: [GC (Allocation Failure) [PSYoungGen: 68109K->1472K(68608K)] 410930K->344293K(736256K), 0.0022834 secs] [Times: user=0.01 sys=0.00, real=0.00 secs] 
2521.685: [GC (Allocation Failure) [PSYoungGen: 68032K->1392K(68608K)] 410853K->344213K(736256K), 0.0023203 secs] [Times: user=0.01 sys=0.00, real=0.00 secs] 
2522.240: [GC (Allocation Failure) [PSYoungGen: 67952K->1376K(68608K)] 410773K->344197K(736256K), 0.0021957 secs] [Times: user=0.01 sys=0.00, real=0.00 secs] 
2522.736: [GC (Allocation Failure) [PSYoungGen: 67936K->1376K(68608K)] 410757K->344197K(736256K), 0.0022477 secs] [Times: user=0.01 sys=0.00, real=0.00 secs] 
2523.298: [GC (Allocation Failure) [PSYoungGen: 67936K->1453K(68608K)] 410757K->344274K(736256K), 0.0020254 secs] [Times: user=0.00 sys=0.00, real=0.00 secs] 
2523.712: [GC (Allocation Failure) [PSYoungGen: 68013K->1517K(68608K)] 410834K->344338K(736256K), 0.0016055 secs] [Times: user=0.01 sys=0.00, real=0.01 secs] 
2524.115: [GC (Allocation Failure) [PSYoungGen: 68077K->1517K(68608K)] 410898K->344338K(736256K), 0.0017115 secs] [Times: user=0.01 sys=0.00, real=0.00 secs] 
2524.516: [GC (Allocation Failure) [PSYoungGen: 68077K->1549K(68608K)] 410898K->344378K(736256K), 0.0017236 secs] [Times: user=0.01 sys=0.00, real=0.00 secs] 
2524.999: [GC (Allocation Failure) [PSYoungGen: 68109K->1504K(68608K)] 410938K->344333K(736256K), 0.0019164 secs] [Times: user=0.01 sys=0.00, real=0.00 secs] 
2525.555: [GC (Allocation Failure) [PSYoungGen: 68064K->1392K(68608K)] 410893K->344221K(736256K), 0.0041672 secs] [Times: user=0.02 sys=0.00, real=0.00 secs] 
2526.105: [GC (Allocation Failure) [PSYoungGen: 67952K->1344K(68608K)] 410781K->344173K(736256K), 0.0075354 secs] [Times: user=0.03 sys=0.00, real=0.00 secs] 
2526.712: [GC (Allocation Failure) [PSYoungGen: 67904K->1344K(68608K)] 410733K->344173K(736256K), 0.0038462 secs] [Times: user=0.01 sys=0.00, real=0.01 secs] 
2527.427: [GC (Allocation Failure) [PSYoungGen: 67904K->1437K(68608K)] 410733K->344266K(736256K), 0.0020452 secs] [Times: user=0.00 sys=0.00, real=0.00 secs] 
2527.837: [GC (Allocation Failure) [PSYoungGen: 67997K->1581K(68608K)] 410826K->344410K(736256K), 0.0016968 secs] [Times: user=0.01 sys=0.00, real=0.00 secs] 
2528.238: [GC (Allocation Failure) [PSYoungGen: 68141K->1581K(68608K)] 410970K->344410K(736256K), 0.0016548 secs] [Times: user=0.00 sys=0.00, real=0.00 secs] 
2528.703: [GC (Allocation Failure) [PSYoungGen: 68141K->1517K(68608K)] 410970K->344362K(736256K), 0.0016303 secs] [Times: user=0.01 sys=0.00, real=0.01 secs] 
2529.125: [GC (Allocation Failure) [PSYoungGen: 68077K->1456K(68608K)] 410922K->344301K(736256K), 0.0023125 secs] [Times: user=0.01 sys=0.00, real=0.00 secs] 
2529.448: [GC (Allocation Failure) [PSYoungGen: 68016K->1408K(68608K)] 410861K->344261K(736256K), 0.0020298 secs] [Times: user=0.01 sys=0.00, real=0.00 secs] 
2529.759: [GC (Allocation Failure) [PSYoungGen: 67968K->1408K(68608K)] 410821K->344261K(736256K), 0.0020588 secs] [Times: user=0.00 sys=0.00, real=0.00 secs] 
2530.324: [GC (Allocation Failure) [PSYoungGen: 67968K->1376K(68608K)] 410821K->344245K(736256K), 0.0020311 secs] [Times: user=0.01 sys=0.00, real=0.00 secs] 
2530.918: [GC (Allocation Failure) [PSYoungGen: 67936K->1421K(68608K)] 410805K->344290K(736256K), 0.0015325 secs] [Times: user=0.01 sys=0.00, real=0.00 secs] 
2531.321: [GC (Allocation Failure) [PSYoungGen: 67981K->1549K(68608K)] 410850K->344418K(736256K), 0.0018504 secs] [Times: user=0.00 sys=0.00, real=0.00 secs] 
2531.785: [GC (Allocation Failure) [PSYoungGen: 68109K->1581K(68608K)] 410978K->344458K(736256K), 0.0018079 secs] [Times: user=0.01 sys=0.00, real=0.00 secs] 
2532.189: [GC (Allocation Failure) [PSYoungGen: 68141K->1581K(68608K)] 411018K->344466K(736256K), 0.0018363 secs] [Times: user=0.00 sys=0.00, real=0.00 secs] 
2532.948: [GC (Allocation Failure) [PSYoungGen: 68141K->1376K(68608K)] 411026K->344261K(736256K), 0.0032972 secs] [Times: user=0.01 sys=0.00, real=0.00 secs] 
2533.572: [GC (Allocation Failure) [PSYoungGen: 67936K->1408K(68608K)] 410821K->344293K(736256K), 0.0033474 secs] [Times: user=0.02 sys=0.00, real=0.01 secs] 
2534.282: [GC (Allocation Failure) [PSYoungGen: 67968K->1408K(68608K)] 410853K->344293K(736256K), 0.0031479 secs] [Times: user=0.01 sys=0.00, real=0.01 secs] 
2534.828: [GC (Allocation Failure) [PSYoungGen: 67968K->1376K(68608K)] 410853K->344261K(736256K), 0.0021984 secs] [Times: user=0.01 sys=0.00, real=0.00 secs] 
2535.379: [GC (Allocation Failure) [PSYoungGen: 67936K->1485K(68608K)] 410821K->344370K(736256K), 0.0016044 secs] [Times: user=0.01 sys=0.00, real=0.00 secs] 
2535.840: [GC (Allocation Failure) [PSYoungGen: 68045K->1549K(68608K)] 410930K->344434K(736256K), 0.0016347 secs] [Times: user=0.00 sys=0.00, real=0.00 secs] 
2536.243: [GC (Allocation Failure) [PSYoungGen: 68109K->1517K(68608K)] 410994K->344402K(736256K), 0.0016194 secs] [Times: user=0.01 sys=0.00, real=0.00 secs] 
2536.655: [GC (Allocation Failure) [PSYoungGen: 68063K->1501K(68608K)] 410948K->344394K(736256K), 0.0018354 secs] [Times: user=0.01 sys=0.00, real=0.00 secs] 
2537.553: [GC (Allocation Failure) [PSYoungGen: 68061K->1424K(68608K)] 410954K->344317K(736256K), 0.0030551 secs] [Times: user=0.01 sys=0.00, real=0.01 secs] 
2538.116: [GC (Allocation Failure) [PSYoungGen: 67984K->1376K(68608K)] 410877K->344269K(736256K), 0.0028621 secs] [Times: user=0.01 sys=0.00, real=0.00 secs] 
2538.668: [GC (Allocation Failure) [PSYoungGen: 67936K->1408K(68608K)] 410829K->344309K(736256K), 0.0039203 secs] [Times: user=0.02 sys=0.00, real=0.00 secs] 
2539.124: [GC (Allocation Failure) [PSYoungGen: 67968K->1376K(68608K)] 410869K->344277K(736256K), 0.0023113 secs] [Times: user=0.01 sys=0.00, real=0.00 secs] 
2539.609: [GC (Allocation Failure) [PSYoungGen: 67936K->1517K(68608K)] 410837K->344418K(736256K), 0.0016533 secs] [Times: user=0.00 sys=0.00, real=0.00 secs] 
2540.012: [GC (Allocation Failure) [PSYoungGen: 68077K->1584K(68608K)] 410978K->344485K(736256K), 0.0017578 secs] [Times: user=0.01 sys=0.00, real=0.01 secs] 
2540.415: [GC (Allocation Failure) [PSYoungGen: 68144K->1581K(68608K)] 411045K->344482K(736256K), 0.0016577 secs] [Times: user=0.01 sys=0.00, real=0.00 secs] 
2540.959: [GC (Allocation Failure) [PSYoungGen: 68141K->1552K(68608K)] 411042K->344477K(736256K), 0.0018882 secs] [Times: user=0.01 sys=0.00, real=0.00 secs] 
2541.560: [GC (Allocation Failure) [PSYoungGen: 68112K->1376K(68608K)] 411037K->344301K(736256K), 0.0023049 secs] [Times: user=0.01 sys=0.00, real=0.00 secs] 
2542.376: [GC (Allocation Failure) [PSYoungGen: 67936K->1344K(68608K)] 410861K->344269K(736256K), 0.0024013 secs] [Times: user=0.01 sys=0.00, real=0.00 secs] 
2543.299: [GC (Allocation Failure) [PSYoungGen: 67904K->1408K(68608K)] 410829K->344333K(736256K), 0.0027714 secs] [Times: user=0.01 sys=0.00, real=0.00 secs] 
2544.164: [GC (Allocation Failure) [PSYoungGen: 67968K->1408K(68608K)] 410893K->344333K(736256K), 0.0035613 secs] [Times: user=0.01 sys=0.00, real=0.00 secs] 
2544.765: [GC (Allocation Failure) [PSYoungGen: 67968K->1517K(68608K)] 410893K->344442K(736256K), 0.0016682 secs] [Times: user=0.00 sys=0.00, real=0.00 secs] 
2545.167: [GC (Allocation Failure) [PSYoungGen: 68046K->1581K(68608K)] 410972K->344506K(736256K), 0.0016818 secs] [Times: user=0.01 sys=0.00, real=0.00 secs] 
2545.569: [GC (Allocation Failure) [PSYoungGen: 68141K->1581K(68608K)] 411066K->344506K(736256K), 0.0017081 secs] [Times: user=0.01 sys=0.00, real=0.00 secs] 
2546.076: [GC (Allocation Failure) [PSYoungGen: 68141K->1504K(68608K)] 411066K->344429K(736256K), 0.0018742 secs] [Times: user=0.01 sys=0.00, real=0.00 secs] 
2546.370: [GC (Allocation Failure) [PSYoungGen: 68064K->1408K(68608K)] 410989K->344333K(736256K), 0.0018131 secs] [Times: user=0.01 sys=0.00, real=0.00 secs] 
2546.646: [GC (Allocation Failure) [PSYoungGen: 67968K->1376K(68608K)] 410893K->344301K(736256K), 0.0014709 secs] [Times: user=0.01 sys=0.00, real=0.00 secs] 
2547.048: [GC (Allocation Failure) [PSYoungGen: 67936K->1408K(68608K)] 410861K->344333K(736256K), 0.0019676 secs] [Times: user=0.01 sys=0.00, real=0.00 secs] 
2547.613: [GC (Allocation Failure) [PSYoungGen: 67968K->1408K(68608K)] 410893K->344333K(736256K), 0.0025229 secs] [Times: user=0.01 sys=0.00, real=0.00 secs] 
2548.210: [GC (Allocation Failure) [PSYoungGen: 67968K->1581K(68608K)] 410893K->344506K(736256K), 0.0018227 secs] [Times: user=0.00 sys=0.00, real=0.00 secs] 
2548.614: [GC (Allocation Failure) [PSYoungGen: 68141K->1549K(68608K)] 411066K->344474K(736256K), 0.0017818 secs] [Times: user=0.01 sys=0.00, real=0.00 secs] 
2549.014: [GC (Allocation Failure) [PSYoungGen: 68101K->1549K(68608K)] 411027K->344490K(736256K), 0.0016933 secs] [Times: user=0.01 sys=0.00, real=0.00 secs] 
2549.636: [GC (Allocation Failure) [PSYoungGen: 68109K->1456K(68608K)] 411050K->344397K(736256K), 0.0028546 secs] [Times: user=0.01 sys=0.00, real=0.00 secs] 
2550.277: [GC (Allocation Failure) [PSYoungGen: 68016K->1408K(68608K)] 410957K->344349K(736256K), 0.0031545 secs] [Times: user=0.01 sys=0.00, real=0.00 secs] 
2550.774: [GC (Allocation Failure) [PSYoungGen: 67968K->1344K(68608K)] 410909K->344293K(736256K), 0.0020157 secs] [Times: user=0.01 sys=0.00, real=0.00 secs] 
2551.093: [GC (Allocation Failure) [PSYoungGen: 67904K->1376K(68608K)] 410853K->344325K(736256K), 0.0019811 secs] [Times: user=0.01 sys=0.00, real=0.01 secs] 
2551.518: [GC (Allocation Failure) [PSYoungGen: 67936K->1453K(68608K)] 410885K->344402K(736256K), 0.0018663 secs] [Times: user=0.01 sys=0.00, real=0.00 secs] 
2551.929: [GC (Allocation Failure) [PSYoungGen: 68013K->1549K(68608K)] 410962K->344498K(736256K), 0.0017021 secs] [Times: user=0.01 sys=0.00, real=0.00 secs] 
2552.331: [GC (Allocation Failure) [PSYoungGen: 68109K->1581K(68608K)] 411058K->344530K(736256K), 0.0017065 secs] [Times: user=0.01 sys=0.00, real=0.00 secs] 
2552.732: [GC (Allocation Failure) [PSYoungGen: 68141K->1517K(68608K)] 411090K->344482K(736256K), 0.0016228 secs] [Times: user=0.00 sys=0.00, real=0.01 secs] 
2553.403: [GC (Allocation Failure) [PSYoungGen: 68077K->1408K(68608K)] 411042K->344381K(736256K), 0.0021056 secs] [Times: user=0.01 sys=0.00, real=0.00 secs] 
2554.131: [GC (Allocation Failure) [PSYoungGen: 67968K->1376K(68608K)] 410941K->344349K(736256K), 0.0030629 secs] [Times: user=0.01 sys=0.00, real=0.01 secs] 
2555.023: [GC (Allocation Failure) [PSYoungGen: 67936K->1408K(68608K)] 410909K->344381K(736256K), 0.0041192 secs] [Times: user=0.02 sys=0.00, real=0.01 secs] 
2555.675: [GC (Allocation Failure) [PSYoungGen: 67968K->1408K(68608K)] 410941K->344381K(736256K), 0.0031035 secs] [Times: user=0.01 sys=0.00, real=0.00 secs] 
2556.463: [GC (Allocation Failure) [PSYoungGen: 67968K->1517K(68608K)] 410941K->344490K(736256K), 0.0021012 secs] [Times: user=0.01 sys=0.00, real=0.01 secs] 
2556.890: [GC (Allocation Failure) [PSYoungGen: 68077K->1549K(68608K)] 411050K->344522K(736256K), 0.0017005 secs] [Times: user=0.00 sys=0.00, real=0.00 secs] 
2557.296: [GC (Allocation Failure) [PSYoungGen: 68109K->1581K(68608K)] 411082K->344554K(736256K), 0.0017149 secs] [Times: user=0.01 sys=0.01, real=0.00 secs] 
2557.696: [GC (Allocation Failure) [PSYoungGen: 68141K->1549K(68608K)] 411114K->344546K(736256K), 0.0016632 secs] [Times: user=0.00 sys=0.00, real=0.00 secs] 
2558.064: [GC (Allocation Failure) [PSYoungGen: 68109K->1472K(68608K)] 411106K->344469K(736256K), 0.0017190 secs] [Times: user=0.00 sys=0.00, real=0.00 secs] 
2558.389: [GC (Allocation Failure) [PSYoungGen: 68032K->1344K(68608K)] 411029K->344341K(736256K), 0.0017849 secs] [Times: user=0.01 sys=0.00, real=0.00 secs] 
2558.876: [GC (Allocation Failure) [PSYoungGen: 67904K->1344K(68608K)] 410901K->344341K(736256K), 0.0026570 secs] [Times: user=0.01 sys=0.00, real=0.00 secs] 
2559.351: [GC (Allocation Failure) [PSYoungGen: 67904K->1344K(68608K)] 410901K->344341K(736256K), 0.0021958 secs] [Times: user=0.01 sys=0.00, real=0.01 secs] 
2559.873: [GC (Allocation Failure) [PSYoungGen: 67904K->1453K(68608K)] 410901K->344450K(736256K), 0.0016058 secs] [Times: user=0.01 sys=0.00, real=0.01 secs] 
2560.276: [GC (Allocation Failure) [PSYoungGen: 68013K->1581K(68608K)] 411010K->344578K(736256K), 0.0020886 secs] [Times: user=0.00 sys=0.00, real=0.00 secs] 
2560.678: [GC (Allocation Failure) [PSYoungGen: 68141K->1549K(68608K)] 411138K->344546K(736256K), 0.0017370 secs] [Times: user=0.01 sys=0.00, real=0.00 secs] 
2561.083: [GC (Allocation Failure) [PSYoungGen: 68109K->1549K(68608K)] 411106K->344578K(736256K), 0.0017061 secs] [Times: user=0.01 sys=0.00, real=0.00 secs] 
2562.001: [GC (Allocation Failure) [PSYoungGen: 68109K->1424K(68608K)] 411138K->344453K(736256K), 0.0028995 secs] [Times: user=0.01 sys=0.00, real=0.01 secs] 
2562.776: [GC (Allocation Failure) [PSYoungGen: 67984K->1408K(68608K)] 411013K->344437K(736256K), 0.0025581 secs] [Times: user=0.01 sys=0.00, real=0.00 secs] 
2563.353: [GC (Allocation Failure) [PSYoungGen: 67968K->1408K(68608K)] 410997K->344445K(736256K), 0.0023014 secs] [Times: user=0.01 sys=0.00, real=0.00 secs] 
2563.919: [GC (Allocation Failure) [PSYoungGen: 67968K->1376K(68608K)] 411005K->344413K(736256K), 0.0020726 secs] [Times: user=0.01 sys=0.00, real=0.00 secs] 
2564.315: [GC (Allocation Failure) [PSYoungGen: 67936K->1517K(68608K)] 410973K->344554K(736256K), 0.0016273 secs] [Times: user=0.01 sys=0.00, real=0.00 secs] 
2564.716: [GC (Allocation Failure) [PSYoungGen: 68065K->1549K(68608K)] 411102K->344586K(736256K), 0.0016880 secs] [Times: user=0.01 sys=0.00, real=0.00 secs] 
2565.118: [GC (Allocation Failure) [PSYoungGen: 68109K->1549K(68608K)] 411146K->344586K(736256K), 0.0016478 secs] [Times: user=0.01 sys=0.00, real=0.00 secs] 
2565.582: [GC (Allocation Failure) [PSYoungGen: 68109K->1549K(68608K)] 411146K->344594K(736256K), 0.0018324 secs] [Times: user=0.01 sys=0.00, real=0.01 secs] 
2566.187: [GC (Allocation Failure) [PSYoungGen: 68109K->1408K(68608K)] 411154K->344453K(736256K), 0.0023443 secs] [Times: user=0.01 sys=0.00, real=0.00 secs] 
2566.737: [GC (Allocation Failure) [PSYoungGen: 67968K->1376K(68608K)] 411013K->344421K(736256K), 0.0020733 secs] [Times: user=0.00 sys=0.00, real=0.00 secs] 
2567.310: [GC (Allocation Failure) [PSYoungGen: 67936K->1376K(68608K)] 410981K->344421K(736256K), 0.0021916 secs] [Times: user=0.01 sys=0.00, real=0.00 secs] 
2567.857: [GC (Allocation Failure) [PSYoungGen: 67936K->1408K(68608K)] 410981K->344453K(736256K), 0.0020449 secs] [Times: user=0.01 sys=0.00, real=0.00 secs] 
2568.312: [GC (Allocation Failure) [PSYoungGen: 67968K->1517K(68608K)] 411013K->344562K(736256K), 0.0015930 secs] [Times: user=0.01 sys=0.00, real=0.01 secs] 
2568.714: [GC (Allocation Failure) [PSYoungGen: 68077K->1549K(68608K)] 411122K->344594K(736256K), 0.0015673 secs] [Times: user=0.01 sys=0.00, real=0.00 secs] 
2569.115: [GC (Allocation Failure) [PSYoungGen: 68109K->1581K(68608K)] 411154K->344626K(736256K), 0.0017020 secs] [Times: user=0.00 sys=0.00, real=0.00 secs] 
2569.516: [GC (Allocation Failure) [PSYoungGen: 68141K->1549K(68608K)] 411186K->344602K(736256K), 0.0016644 secs] [Times: user=0.01 sys=0.00, real=0.00 secs] 
2569.904: [GC (Allocation Failure) [PSYoungGen: 68109K->1408K(68608K)] 411162K->344461K(736256K), 0.0018143 secs] [Times: user=0.01 sys=0.00, real=0.00 secs] 
2570.187: [GC (Allocation Failure) [PSYoungGen: 67968K->1376K(68608K)] 411021K->344445K(736256K), 0.0019938 secs] [Times: user=0.01 sys=0.00, real=0.00 secs] 
2570.521: [GC (Allocation Failure) [PSYoungGen: 67936K->1408K(68608K)] 411005K->344477K(736256K), 0.0018122 secs] [Times: user=0.01 sys=0.00, real=0.00 secs] 
2570.797: [GC (Allocation Failure) [PSYoungGen: 67968K->1344K(68608K)] 411037K->344413K(736256K), 0.0019554 secs] [Times: user=0.00 sys=0.00, real=0.00 secs] 
2571.199: [GC (Allocation Failure) [PSYoungGen: 67904K->1485K(68608K)] 410973K->344554K(736256K), 0.0016461 secs] [Times: user=0.01 sys=0.00, real=0.00 secs] 
2571.600: [GC (Allocation Failure) [PSYoungGen: 68045K->1533K(68608K)] 411114K->344602K(736256K), 0.0017409 secs] [Times: user=0.01 sys=0.00, real=0.00 secs] 
2572.007: [GC (Allocation Failure) [PSYoungGen: 68093K->1549K(68608K)] 411162K->344618K(736256K), 0.0017137 secs] [Times: user=0.00 sys=0.00, real=0.00 secs] 
2572.451: [GC (Allocation Failure) [PSYoungGen: 68109K->1744K(68608K)] 411178K->344813K(736256K), 0.0019431 secs] [Times: user=0.01 sys=0.00, real=0.01 secs] 
2572.772: [GC (Allocation Failure) [PSYoungGen: 68304K->1408K(68608K)] 411373K->344477K(736256K), 0.0018977 secs] [Times: user=0.01 sys=0.00, real=0.01 secs] 
2573.049: [GC (Allocation Failure) [PSYoungGen: 67968K->1376K(68608K)] 411037K->344445K(736256K), 0.0018636 secs] [Times: user=0.01 sys=0.00, real=0.00 secs] 
2573.326: [GC (Allocation Failure) [PSYoungGen: 67936K->1376K(68608K)] 411005K->344445K(736256K), 0.0017281 secs] [Times: user=0.01 sys=0.00, real=0.00 secs] 
2573.659: [GC (Allocation Failure) [PSYoungGen: 67936K->1376K(68608K)] 411005K->344445K(736256K), 0.0018883 secs] [Times: user=0.01 sys=0.00, real=0.00 secs] 
2574.086: [GC (Allocation Failure) [PSYoungGen: 67918K->1517K(68608K)] 410987K->344586K(736256K), 0.0016886 secs] [Times: user=0.00 sys=0.00, real=0.00 secs] 
2574.488: [GC (Allocation Failure) [PSYoungGen: 68077K->1581K(68608K)] 411146K->344650K(736256K), 0.0016971 secs] [Times: user=0.00 sys=0.00, real=0.00 secs] 
2574.891: [GC (Allocation Failure) [PSYoungGen: 68141K->1581K(68608K)] 411210K->344650K(736256K), 0.0017423 secs] [Times: user=0.01 sys=0.00, real=0.01 secs] 
2575.310: [GC (Allocation Failure) [PSYoungGen: 68141K->1488K(68608K)] 411210K->344565K(736256K), 0.0019256 secs] [Times: user=0.01 sys=0.00, real=0.00 secs] 
2575.678: [GC (Allocation Failure) [PSYoungGen: 68048K->1376K(68608K)] 411125K->344453K(736256K), 0.0018294 secs] [Times: user=0.00 sys=0.00, real=0.00 secs] 
2575.994: [GC (Allocation Failure) [PSYoungGen: 67936K->1376K(68608K)] 411013K->344453K(736256K), 0.0022846 secs] [Times: user=0.01 sys=0.00, real=0.00 secs] 
2576.281: [GC (Allocation Failure) [PSYoungGen: 67936K->1344K(68608K)] 411013K->344421K(736256K), 0.0020090 secs] [Times: user=0.01 sys=0.01, real=0.01 secs] 
2576.580: [GC (Allocation Failure) [PSYoungGen: 67904K->1392K(68608K)] 410981K->344469K(736256K), 0.0020609 secs] [Times: user=0.01 sys=0.00, real=0.00 secs] 
2577.004: [GC (Allocation Failure) [PSYoungGen: 67952K->1581K(68608K)] 411029K->344658K(736256K), 0.0016946 secs] [Times: user=0.01 sys=0.00, real=0.00 secs] 
2577.412: [GC (Allocation Failure) [PSYoungGen: 68139K->1581K(68608K)] 411217K->344658K(736256K), 0.0016980 secs] [Times: user=0.01 sys=0.00, real=0.01 secs] 
2577.814: [GC (Allocation Failure) [PSYoungGen: 68129K->1581K(68608K)] 411207K->344666K(736256K), 0.0018001 secs] [Times: user=0.00 sys=0.00, real=0.00 secs] 
2578.221: [GC (Allocation Failure) [PSYoungGen: 68141K->1504K(68608K)] 411226K->344589K(736256K), 0.0022337 secs] [Times: user=0.01 sys=0.00, real=0.01 secs] 
2578.508: [GC (Allocation Failure) [PSYoungGen: 68064K->1344K(68608K)] 411149K->344437K(736256K), 0.0017893 secs] [Times: user=0.01 sys=0.00, real=0.00 secs] 
2578.785: [GC (Allocation Failure) [PSYoungGen: 67904K->1408K(68608K)] 410997K->344501K(736256K), 0.0019588 secs] [Times: user=0.00 sys=0.00, real=0.00 secs] 
2579.067: [GC (Allocation Failure) [PSYoungGen: 67968K->1408K(68608K)] 411061K->344501K(736256K), 0.0026457 secs] [Times: user=0.01 sys=0.00, real=0.00 secs] 
2579.635: [GC (Allocation Failure) [PSYoungGen: 67968K->1424K(68608K)] 411061K->344517K(736256K), 0.0022850 secs] [Times: user=0.01 sys=0.00, real=0.00 secs] 
2580.074: [GC (Allocation Failure) [PSYoungGen: 67984K->1549K(68608K)] 411077K->344642K(736256K), 0.0016240 secs] [Times: user=0.01 sys=0.00, real=0.00 secs] 
2580.535: [GC (Allocation Failure) [PSYoungGen: 68079K->1581K(68608K)] 411173K->344674K(736256K), 0.0017729 secs] [Times: user=0.01 sys=0.00, real=0.00 secs] 
2580.935: [GC (Allocation Failure) [PSYoungGen: 68120K->1549K(68608K)] 411214K->344650K(736256K), 0.0017996 secs] [Times: user=0.01 sys=0.00, real=0.00 secs] 
2581.361: [GC (Allocation Failure) [PSYoungGen: 68109K->1504K(68608K)] 411210K->344605K(736256K), 0.0025622 secs] [Times: user=0.01 sys=0.00, real=0.01 secs] 
2581.647: [GC (Allocation Failure) [PSYoungGen: 68064K->1408K(68608K)] 411165K->344509K(736256K), 0.0020266 secs] [Times: user=0.00 sys=0.00, real=0.00 secs] 
2581.958: [GC (Allocation Failure) [PSYoungGen: 67968K->1376K(68608K)] 411069K->344477K(736256K), 0.0019897 secs] [Times: user=0.01 sys=0.00, real=0.00 secs] 
2582.272: [GC (Allocation Failure) [PSYoungGen: 67936K->1408K(68608K)] 411037K->344509K(736256K), 0.0020200 secs] [Times: user=0.01 sys=0.00, real=0.01 secs] 
2582.611: [GC (Allocation Failure) [PSYoungGen: 67962K->1437K(68608K)] 411063K->344538K(736256K), 0.0015603 secs] [Times: user=0.01 sys=0.00, real=0.00 secs] 
2583.013: [GC (Allocation Failure) [PSYoungGen: 67997K->1581K(68608K)] 411098K->344682K(736256K), 0.0015796 secs] [Times: user=0.01 sys=0.00, real=0.01 secs] 
2583.472: [GC (Allocation Failure) [PSYoungGen: 68141K->1549K(68608K)] 411242K->344650K(736256K), 0.0018212 secs] [Times: user=0.01 sys=0.00, real=0.01 secs] 
2583.873: [GC (Allocation Failure) [PSYoungGen: 68109K->1549K(68608K)] 411210K->344666K(736256K), 0.0016521 secs] [Times: user=0.01 sys=0.00, real=0.00 secs] 
2584.282: [GC (Allocation Failure) [PSYoungGen: 68109K->1456K(68608K)] 411226K->344573K(736256K), 0.0025126 secs] [Times: user=0.01 sys=0.00, real=0.01 secs] 
2584.585: [GC (Allocation Failure) [PSYoungGen: 68016K->1376K(68608K)] 411133K->344493K(736256K), 0.0020475 secs] [Times: user=0.00 sys=0.00, real=0.00 secs] 
2584.862: [GC (Allocation Failure) [PSYoungGen: 67936K->1408K(68608K)] 411053K->344525K(736256K), 0.0021106 secs] [Times: user=0.01 sys=0.00, real=0.01 secs] 
2585.142: [GC (Allocation Failure) [PSYoungGen: 67968K->1376K(68608K)] 411085K->344493K(736256K), 0.0027933 secs] [Times: user=0.01 sys=0.00, real=0.01 secs] 
2585.694: [GC (Allocation Failure) [PSYoungGen: 67936K->1469K(68608K)] 411053K->344586K(736256K), 0.0015929 secs] [Times: user=0.00 sys=0.00, real=0.00 secs] 
2586.158: [GC (Allocation Failure) [PSYoungGen: 68029K->1501K(68608K)] 411146K->344618K(736256K), 0.0016116 secs] [Times: user=0.01 sys=0.00, real=0.00 secs] 
2586.559: [GC (Allocation Failure) [PSYoungGen: 68061K->1549K(68608K)] 411178K->344666K(736256K), 0.0017764 secs] [Times: user=0.01 sys=0.00, real=0.00 secs] 
2586.964: [GC (Allocation Failure) [PSYoungGen: 68109K->1549K(68608K)] 411226K->344674K(736256K), 0.0018253 secs] [Times: user=0.01 sys=0.00, real=0.00 secs] 
2587.328: [GC (Allocation Failure) [PSYoungGen: 68109K->1408K(68608K)] 411234K->344533K(736256K), 0.0022619 secs] [Times: user=0.01 sys=0.00, real=0.00 secs] 
2587.605: [GC (Allocation Failure) [PSYoungGen: 67968K->1376K(68608K)] 411093K->344501K(736256K), 0.0022046 secs] [Times: user=0.00 sys=0.01, real=0.00 secs] 
2587.955: [GC (Allocation Failure) [PSYoungGen: 67936K->1376K(68608K)] 411061K->344501K(736256K), 0.0020380 secs] [Times: user=0.01 sys=0.00, real=0.00 secs] 
2588.399: [GC (Allocation Failure) [PSYoungGen: 67936K->1376K(68608K)] 411061K->344501K(736256K), 0.0033306 secs] [Times: user=0.02 sys=0.00, real=0.00 secs] 
2588.911: [GC (Allocation Failure) [PSYoungGen: 67936K->1549K(68608K)] 411061K->344690K(736256K), 0.0015285 secs] [Times: user=0.01 sys=0.00, real=0.00 secs] 
2589.314: [GC (Allocation Failure) [PSYoungGen: 68109K->1581K(68608K)] 411250K->344722K(736256K), 0.0018459 secs] [Times: user=0.01 sys=0.00, real=0.00 secs] 
2589.716: [GC (Allocation Failure) [PSYoungGen: 68141K->1533K(68608K)] 411282K->344674K(736256K), 0.0017100 secs] [Times: user=0.00 sys=0.00, real=0.00 secs] 
2590.116: [GC (Allocation Failure) [PSYoungGen: 68081K->1549K(68608K)] 411223K->344698K(736256K), 0.0016785 secs] [Times: user=0.00 sys=0.00, real=0.00 secs] 
2590.452: [GC (Allocation Failure) [PSYoungGen: 68109K->1408K(68608K)] 411258K->344557K(736256K), 0.0019608 secs] [Times: user=0.01 sys=0.00, real=0.01 secs] 
2590.729: [GC (Allocation Failure) [PSYoungGen: 67968K->1392K(68608K)] 411117K->344541K(736256K), 0.0017322 secs] [Times: user=0.01 sys=0.00, real=0.00 secs] 
2591.006: [GC (Allocation Failure) [PSYoungGen: 67952K->1376K(68608K)] 411101K->344525K(736256K), 0.0019070 secs] [Times: user=0.01 sys=0.00, real=0.00 secs] 
2591.283: [GC (Allocation Failure) [PSYoungGen: 67936K->1376K(68608K)] 411085K->344525K(736256K), 0.0024622 secs] [Times: user=0.00 sys=0.00, real=0.01 secs] 
2591.694: [GC (Allocation Failure) [PSYoungGen: 67936K->1517K(68608K)] 411085K->344666K(736256K), 0.0016300 secs] [Times: user=0.01 sys=0.00, real=0.00 secs] 
2592.101: [GC (Allocation Failure) [PSYoungGen: 68077K->1549K(68608K)] 411226K->344698K(736256K), 0.0016729 secs] [Times: user=0.01 sys=0.00, real=0.00 secs] 
2592.505: [GC (Allocation Failure) [PSYoungGen: 68109K->1549K(68608K)] 411258K->344698K(736256K), 0.0016823 secs] [Times: user=0.01 sys=0.00, real=0.00 secs] 
2592.923: [GC (Allocation Failure) [PSYoungGen: 68109K->1744K(68608K)] 411258K->344893K(736256K), 0.0017986 secs] [Times: user=0.00 sys=0.00, real=0.01 secs] 
2593.460: [GC (Allocation Failure) [PSYoungGen: 68304K->1376K(68608K)] 411453K->344525K(736256K), 0.0018502 secs] [Times: user=0.01 sys=0.01, real=0.00 secs] 
2594.007: [GC (Allocation Failure) [PSYoungGen: 67936K->1360K(68608K)] 411085K->344509K(736256K), 0.0020140 secs] [Times: user=0.01 sys=0.00, real=0.00 secs] 
2594.526: [GC (Allocation Failure) [PSYoungGen: 67920K->1344K(68608K)] 411069K->344493K(736256K), 0.0019610 secs] [Times: user=0.01 sys=0.00, real=0.00 secs] 
2594.803: [GC (Allocation Failure) [PSYoungGen: 67904K->1376K(68608K)] 411053K->344525K(736256K), 0.0019305 secs] [Times: user=0.00 sys=0.00, real=0.01 secs] 
2595.211: [GC (Allocation Failure) [PSYoungGen: 67936K->1517K(68608K)] 411085K->344666K(736256K), 0.0016973 secs] [Times: user=0.00 sys=0.00, real=0.00 secs] 
2595.614: [GC (Allocation Failure) [PSYoungGen: 68077K->1517K(68608K)] 411226K->344666K(736256K), 0.0016610 secs] [Times: user=0.01 sys=0.00, real=0.00 secs] 
2596.016: [GC (Allocation Failure) [PSYoungGen: 68077K->1549K(68608K)] 411226K->344698K(736256K), 0.0018061 secs] [Times: user=0.01 sys=0.00, real=0.00 secs] 
2596.458: [GC (Allocation Failure) [PSYoungGen: 68109K->1504K(68608K)] 411258K->344661K(736256K), 0.0019556 secs] [Times: user=0.00 sys=0.00, real=0.00 secs] 
2597.023: [GC (Allocation Failure) [PSYoungGen: 68064K->1344K(68608K)] 411221K->344501K(736256K), 0.0018224 secs] [Times: user=0.01 sys=0.00, real=0.01 secs] 
2597.585: [GC (Allocation Failure) [PSYoungGen: 67904K->1408K(68608K)] 411061K->344565K(736256K), 0.0030610 secs] [Times: user=0.01 sys=0.00, real=0.00 secs] 
2598.122: [GC (Allocation Failure) [PSYoungGen: 67968K->1376K(68608K)] 411125K->344533K(736256K), 0.0022997 secs] [Times: user=0.00 sys=0.00, real=0.01 secs] 
2598.669: [GC (Allocation Failure) [PSYoungGen: 67936K->1344K(68608K)] 411093K->344501K(736256K), 0.0021762 secs] [Times: user=0.01 sys=0.01, real=0.00 secs] 
2599.108: [GC (Allocation Failure) [PSYoungGen: 67904K->1549K(68608K)] 411061K->344706K(736256K), 0.0017158 secs] [Times: user=0.01 sys=0.00, real=0.00 secs] 
2599.510: [GC (Allocation Failure) [PSYoungGen: 68109K->1517K(68608K)] 411266K->344674K(736256K), 0.0016582 secs] [Times: user=0.00 sys=0.00, real=0.00 secs] 
2599.913: [GC (Allocation Failure) [PSYoungGen: 68077K->1552K(68608K)] 411234K->344725K(736256K), 0.0017746 secs] [Times: user=0.01 sys=0.00, real=0.00 secs] 
2600.295: [GC (Allocation Failure) [PSYoungGen: 68112K->1440K(68608K)] 411285K->344629K(736256K), 0.0019684 secs] [Times: user=0.01 sys=0.00, real=0.00 secs] 
2600.574: [GC (Allocation Failure) [PSYoungGen: 68000K->1376K(68608K)] 411189K->344565K(736256K), 0.0018707 secs] [Times: user=0.01 sys=0.00, real=0.00 secs] 
2600.851: [GC (Allocation Failure) [PSYoungGen: 67936K->1376K(68608K)] 411125K->344565K(736256K), 0.0017966 secs] [Times: user=0.01 sys=0.00, real=0.01 secs] 
2601.252: [GC (Allocation Failure) [PSYoungGen: 67936K->1392K(68608K)] 411125K->344581K(736256K), 0.0020325 secs] [Times: user=0.01 sys=0.01, real=0.01 secs] 
2601.852: [GC (Allocation Failure) [PSYoungGen: 67952K->1485K(68608K)] 411141K->344674K(736256K), 0.0025241 secs] [Times: user=0.01 sys=0.00, real=0.01 secs] 
2602.338: [GC (Allocation Failure) [PSYoungGen: 68028K->1517K(68608K)] 411217K->344706K(736256K), 0.0018003 secs] [Times: user=0.00 sys=0.00, real=0.00 secs] 
2602.739: [GC (Allocation Failure) [PSYoungGen: 68077K->1549K(68608K)] 411266K->344738K(736256K), 0.0017065 secs] [Times: user=0.01 sys=0.00, real=0.00 secs] 
2603.144: [GC (Allocation Failure) [PSYoungGen: 68109K->1517K(68608K)] 411298K->344722K(736256K), 0.0016765 secs] [Times: user=0.01 sys=0.00, real=0.00 secs] 
2603.716: [GC (Allocation Failure) [PSYoungGen: 68077K->1424K(68608K)] 411282K->344629K(736256K), 0.0035257 secs] [Times: user=0.01 sys=0.00, real=0.00 secs] 
2604.460: [GC (Allocation Failure) [PSYoungGen: 67984K->1376K(68608K)] 411189K->344581K(736256K), 0.0040528 secs] [Times: user=0.01 sys=0.00, real=0.01 secs] 
2605.317: [GC (Allocation Failure) [PSYoungGen: 67936K->1408K(68608K)] 411141K->344613K(736256K), 0.0038152 secs] [Times: user=0.01 sys=0.01, real=0.00 secs] 
2605.987: [GC (Allocation Failure) [PSYoungGen: 67968K->1376K(68608K)] 411173K->344581K(736256K), 0.0031840 secs] [Times: user=0.01 sys=0.00, real=0.00 secs] 
2606.702: [GC (Allocation Failure) [PSYoungGen: 67936K->1453K(68608K)] 411141K->344658K(736256K), 0.0019719 secs] [Times: user=0.00 sys=0.00, real=0.01 secs] 
2607.109: [GC (Allocation Failure) [PSYoungGen: 68011K->1549K(68608K)] 411217K->344754K(736256K), 0.0016212 secs] [Times: user=0.01 sys=0.00, real=0.00 secs] 
2607.518: [GC (Allocation Failure) [PSYoungGen: 68109K->1549K(68608K)] 411314K->344754K(736256K), 0.0016766 secs] [Times: user=0.00 sys=0.00, real=0.00 secs] 
2607.922: [GC (Allocation Failure) [PSYoungGen: 68109K->1549K(68608K)] 411314K->344762K(736256K), 0.0017564 secs] [Times: user=0.01 sys=0.00, real=0.01 secs] 
2608.382: [GC (Allocation Failure) [PSYoungGen: 68109K->1424K(68608K)] 411322K->344637K(736256K), 0.0020359 secs] [Times: user=0.01 sys=0.00, real=0.01 secs] 
2608.659: [GC (Allocation Failure) [PSYoungGen: 67984K->1344K(68608K)] 411197K->344557K(736256K), 0.0018553 secs] [Times: user=0.01 sys=0.00, real=0.00 secs] 
2608.936: [GC (Allocation Failure) [PSYoungGen: 67904K->1376K(68608K)] 411117K->344589K(736256K), 0.0019603 secs] [Times: user=0.00 sys=0.00, real=0.00 secs] 
2609.276: [GC (Allocation Failure) [PSYoungGen: 67936K->1312K(68608K)] 411149K->344525K(736256K), 0.0021530 secs] [Times: user=0.01 sys=0.00, real=0.00 secs] 
2609.635: [GC (Allocation Failure) [PSYoungGen: 67872K->1453K(68608K)] 411085K->344666K(736256K), 0.0016038 secs] [Times: user=0.00 sys=0.00, real=0.00 secs] 
2610.038: [GC (Allocation Failure) [PSYoungGen: 68013K->1549K(68608K)] 411226K->344762K(736256K), 0.0015657 secs] [Times: user=0.01 sys=0.00, real=0.00 secs] 
2610.500: [GC (Allocation Failure) [PSYoungGen: 68109K->1581K(68608K)] 411322K->344818K(736256K), 0.0018012 secs] [Times: user=0.01 sys=0.00, real=0.00 secs] 
2610.967: [GC (Allocation Failure) [PSYoungGen: 68141K->1581K(68608K)] 411378K->344826K(736256K), 0.0020718 secs] [Times: user=0.01 sys=0.00, real=0.00 secs] 
2611.598: [GC (Allocation Failure) [PSYoungGen: 68141K->1376K(68608K)] 411386K->344621K(736256K), 0.0034389 secs] [Times: user=0.01 sys=0.00, real=0.00 secs] 
2612.188: [GC (Allocation Failure) [PSYoungGen: 67936K->1376K(68608K)] 411181K->344621K(736256K), 0.0029589 secs] [Times: user=0.01 sys=0.00, real=0.00 secs] 
2612.786: [GC (Allocation Failure) [PSYoungGen: 67936K->1376K(68608K)] 411181K->344621K(736256K), 0.0033182 secs] [Times: user=0.01 sys=0.00, real=0.00 secs] 
2613.562: [GC (Allocation Failure) [PSYoungGen: 67936K->1376K(68608K)] 411181K->344621K(736256K), 0.0032794 secs] [Times: user=0.02 sys=0.00, real=0.01 secs] 
2614.090: [GC (Allocation Failure) [PSYoungGen: 67936K->1549K(68608K)] 411181K->344794K(736256K), 0.0017318 secs] [Times: user=0.01 sys=0.01, real=0.00 secs] 
2614.493: [GC (Allocation Failure) [PSYoungGen: 68109K->1549K(68608K)] 411354K->344794K(736256K), 0.0016045 secs] [Times: user=0.01 sys=0.00, real=0.01 secs] 
2614.896: [GC (Allocation Failure) [PSYoungGen: 68109K->1549K(68608K)] 411354K->344794K(736256K), 0.0016727 secs] [Times: user=0.00 sys=0.00, real=0.00 secs] 
2615.296: [GC (Allocation Failure) [PSYoungGen: 68100K->1549K(68608K)] 411345K->344810K(736256K), 0.0016619 secs] [Times: user=0.01 sys=0.00, real=0.00 secs] 
2615.855: [GC (Allocation Failure) [PSYoungGen: 68109K->1440K(68608K)] 411370K->344701K(736256K), 0.0018607 secs] [Times: user=0.01 sys=0.00, real=0.00 secs] 
2616.403: [GC (Allocation Failure) [PSYoungGen: 68000K->1376K(68608K)] 411261K->344637K(736256K), 0.0023095 secs] [Times: user=0.01 sys=0.00, real=0.01 secs] 
2616.884: [GC (Allocation Failure) [PSYoungGen: 67936K->1376K(68608K)] 411197K->344637K(736256K), 0.0022947 secs] [Times: user=0.01 sys=0.00, real=0.00 secs] 
2617.480: [GC (Allocation Failure) [PSYoungGen: 67936K->1376K(68608K)] 411197K->344637K(736256K), 0.0028090 secs] [Times: user=0.01 sys=0.00, real=0.01 secs] 
2618.163: [GC (Allocation Failure) [PSYoungGen: 67936K->1549K(68608K)] 411197K->344810K(736256K), 0.0017424 secs] [Times: user=0.01 sys=0.00, real=0.00 secs] 
2618.575: [GC (Allocation Failure) [PSYoungGen: 68109K->1549K(68608K)] 411370K->344810K(736256K), 0.0016127 secs] [Times: user=0.01 sys=0.00, real=0.00 secs] 
2618.970: [GC (GCLocker Initiated GC) [PSYoungGen: 68109K->1549K(68608K)] 411370K->344810K(736256K), 0.0017784 secs] [Times: user=0.00 sys=0.00, real=0.00 secs] 
2619.434: [GC (Allocation Failure) [PSYoungGen: 68109K->1517K(68608K)] 411692K->345116K(736256K), 0.0017925 secs] [Times: user=0.00 sys=0.00, real=0.00 secs] 
2620.464: [GC (Allocation Failure) [PSYoungGen: 68077K->1536K(68608K)] 411676K->345135K(736256K), 0.0023029 secs] [Times: user=0.01 sys=0.00, real=0.00 secs] 
2620.792: [GC (Allocation Failure) [PSYoungGen: 68096K->1472K(68608K)] 411695K->345071K(736256K), 0.0020231 secs] [Times: user=0.01 sys=0.00, real=0.01 secs] 
2621.069: [GC (Allocation Failure) [PSYoungGen: 68032K->1536K(68608K)] 411631K->345151K(736256K), 0.0020020 secs] [Times: user=0.01 sys=0.00, real=0.00 secs] 
2621.345: [GC (Allocation Failure) [PSYoungGen: 68096K->1472K(68608K)] 411711K->345087K(736256K), 0.0019604 secs] [Times: user=0.01 sys=0.00, real=0.00 secs] 
2621.736: [GC (Allocation Failure) [PSYoungGen: 68032K->1597K(68608K)] 411647K->345212K(736256K), 0.0015572 secs] [Times: user=0.01 sys=0.01, real=0.00 secs] 
2622.138: [GC (Allocation Failure) [PSYoungGen: 68157K->1677K(68608K)] 411772K->345292K(736256K), 0.0016094 secs] [Times: user=0.00 sys=0.00, real=0.00 secs] 
2622.601: [GC (Allocation Failure) [PSYoungGen: 68237K->1677K(68608K)] 411852K->345292K(736256K), 0.0016632 secs] [Times: user=0.01 sys=0.00, real=0.00 secs] 
2623.035: [GC (Allocation Failure) [PSYoungGen: 68237K->2032K(68608K)] 411852K->345743K(736256K), 0.0021173 secs] [Times: user=0.01 sys=0.00, real=0.00 secs] 
2623.313: [GC (Allocation Failure) [PSYoungGen: 68592K->1472K(68608K)] 412303K->345183K(736256K), 0.0021608 secs] [Times: user=0.01 sys=0.00, real=0.00 secs] 
2623.590: [GC (Allocation Failure) [PSYoungGen: 68032K->1472K(68608K)] 411743K->345183K(736256K), 0.0018872 secs] [Times: user=0.00 sys=0.00, real=0.00 secs] 
2623.867: [GC (Allocation Failure) [PSYoungGen: 68032K->1504K(68608K)] 411743K->345215K(736256K), 0.0018773 secs] [Times: user=0.00 sys=0.00, real=0.00 secs] 
2624.176: [GC (Allocation Failure) [PSYoungGen: 68064K->1440K(68608K)] 411775K->345199K(736256K), 0.0021166 secs] [Times: user=0.01 sys=0.00, real=0.00 secs] 
2624.725: [GC (Allocation Failure) [PSYoungGen: 68000K->1645K(68608K)] 411759K->345404K(736256K), 0.0018330 secs] [Times: user=0.00 sys=0.00, real=0.00 secs] 
2625.187: [GC (Allocation Failure) [PSYoungGen: 68205K->1613K(68608K)] 411964K->345372K(736256K), 0.0018219 secs] [Times: user=0.00 sys=0.00, real=0.00 secs] 
2625.589: [GC (Allocation Failure) [PSYoungGen: 68173K->1613K(68608K)] 411932K->345380K(736256K), 0.0017580 secs] [Times: user=0.01 sys=0.00, real=0.00 secs] 
2626.088: [GC (Allocation Failure) [PSYoungGen: 68173K->1488K(68608K)] 411940K->345335K(736256K), 0.0024435 secs] [Times: user=0.01 sys=0.00, real=0.00 secs] 
2626.707: [GC (Allocation Failure) [PSYoungGen: 68048K->1408K(68608K)] 411895K->345255K(736256K), 0.0030679 secs] [Times: user=0.01 sys=0.00, real=0.00 secs] 
2627.259: [GC (Allocation Failure) [PSYoungGen: 67968K->1376K(68608K)] 411815K->345223K(736256K), 0.0027611 secs] [Times: user=0.01 sys=0.01, real=0.00 secs] 
2627.799: [GC (Allocation Failure) [PSYoungGen: 67936K->1344K(68608K)] 411783K->345191K(736256K), 0.0031013 secs] [Times: user=0.02 sys=0.00, real=0.00 secs] 
2628.356: [GC (Allocation Failure) [PSYoungGen: 67904K->1453K(68608K)] 411751K->345300K(736256K), 0.0022889 secs] [Times: user=0.01 sys=0.00, real=0.00 secs] 
2628.821: [GC (Allocation Failure) [PSYoungGen: 68013K->1549K(68608K)] 411860K->345396K(736256K), 0.0017450 secs] [Times: user=0.01 sys=0.00, real=0.00 secs] 
2629.223: [GC (Allocation Failure) [PSYoungGen: 68109K->1581K(68608K)] 411956K->345428K(736256K), 0.0017315 secs] [Times: user=0.00 sys=0.00, real=0.01 secs] 
2629.625: [GC (Allocation Failure) [PSYoungGen: 68141K->1581K(68608K)] 411988K->345452K(736256K), 0.0017209 secs] [Times: user=0.01 sys=0.00, real=0.00 secs] 
2630.090: [GC (Allocation Failure) [PSYoungGen: 68141K->1504K(68608K)] 412012K->345375K(736256K), 0.0018620 secs] [Times: user=0.01 sys=0.00, real=0.00 secs] 
2630.686: [GC (Allocation Failure) [PSYoungGen: 68064K->1392K(68608K)] 411935K->345263K(736256K), 0.0018929 secs] [Times: user=0.00 sys=0.00, real=0.00 secs] 
2631.273: [GC (Allocation Failure) [PSYoungGen: 67952K->1344K(68608K)] 411823K->345215K(736256K), 0.0020084 secs] [Times: user=0.00 sys=0.00, real=0.00 secs] 
2632.065: [GC (Allocation Failure) [PSYoungGen: 67904K->1376K(68608K)] 411775K->345247K(736256K), 0.0040199 secs] [Times: user=0.02 sys=0.00, real=0.00 secs] 
2632.751: [GC (Allocation Failure) [PSYoungGen: 67936K->1453K(68608K)] 411807K->345324K(736256K), 0.0022092 secs] [Times: user=0.01 sys=0.00, real=0.00 secs] 
2633.173: [GC (Allocation Failure) [PSYoungGen: 68013K->1549K(68608K)] 411884K->345420K(736256K), 0.0017638 secs] [Times: user=0.01 sys=0.00, real=0.00 secs] 
2633.575: [GC (Allocation Failure) [PSYoungGen: 68109K->1581K(68608K)] 411980K->345452K(736256K), 0.0016734 secs] [Times: user=0.00 sys=0.00, real=0.00 secs] 
2634.042: [GC (Allocation Failure) [PSYoungGen: 68141K->1549K(68608K)] 412012K->345436K(736256K), 0.0018094 secs] [Times: user=0.01 sys=0.00, real=0.01 secs] 
2634.667: [GC (Allocation Failure) [PSYoungGen: 68109K->1488K(68608K)] 411996K->345375K(736256K), 0.0035191 secs] [Times: user=0.01 sys=0.00, real=0.00 secs] 
2635.224: [GC (Allocation Failure) [PSYoungGen: 68048K->1376K(68608K)] 411935K->345263K(736256K), 0.0032247 secs] [Times: user=0.01 sys=0.00, real=0.00 secs] 
2635.861: [GC (Allocation Failure) [PSYoungGen: 67936K->1392K(68608K)] 411823K->345279K(736256K), 0.0036053 secs] [Times: user=0.01 sys=0.00, real=0.01 secs] 
2636.320: [GC (Allocation Failure) [PSYoungGen: 67952K->1376K(68608K)] 411839K->345263K(736256K), 0.0025554 secs] [Times: user=0.01 sys=0.01, real=0.00 secs] 
2636.999: [GC (Allocation Failure) [PSYoungGen: 67936K->1453K(68608K)] 411823K->345340K(736256K), 0.0015798 secs] [Times: user=0.00 sys=0.00, real=0.00 secs] 
2637.403: [GC (Allocation Failure) [PSYoungGen: 68013K->1581K(68608K)] 411900K->345468K(736256K), 0.0017438 secs] [Times: user=0.01 sys=0.01, real=0.01 secs] 
2637.809: [GC (Allocation Failure) [PSYoungGen: 68141K->1501K(68608K)] 412028K->345388K(736256K), 0.0017061 secs] [Times: user=0.00 sys=0.00, real=0.00 secs] 
2638.210: [GC (Allocation Failure) [PSYoungGen: 68052K->1549K(68608K)] 411939K->345444K(736256K), 0.0018262 secs] [Times: user=0.01 sys=0.00, real=0.00 secs] 
2638.717: [GC (Allocation Failure) [PSYoungGen: 68109K->1408K(68608K)] 412004K->345303K(736256K), 0.0018622 secs] [Times: user=0.00 sys=0.00, real=0.00 secs] 
2639.236: [GC (Allocation Failure) [PSYoungGen: 67968K->1376K(68608K)] 411863K->345271K(736256K), 0.0016123 secs] [Times: user=0.00 sys=0.00, real=0.00 secs] 
2639.512: [GC (Allocation Failure) [PSYoungGen: 67936K->1376K(68608K)] 411831K->345271K(736256K), 0.0016033 secs] [Times: user=0.01 sys=0.00, real=0.01 secs] 
2639.788: [GC (Allocation Failure) [PSYoungGen: 67936K->1376K(68608K)] 411831K->345271K(736256K), 0.0014989 secs] [Times: user=0.01 sys=0.00, real=0.00 secs] 
2640.131: [GC (Allocation Failure) [PSYoungGen: 67936K->1504K(68608K)] 411831K->345415K(736256K), 0.0016516 secs] [Times: user=0.01 sys=0.00, real=0.00 secs] 
2640.533: [GC (Allocation Failure) [PSYoungGen: 68064K->1549K(68608K)] 411975K->345460K(736256K), 0.0016546 secs] [Times: user=0.01 sys=0.00, real=0.00 secs] 
2640.936: [GC (Allocation Failure) [PSYoungGen: 68109K->1549K(68608K)] 412020K->345460K(736256K), 0.0017499 secs] [Times: user=0.01 sys=0.00, real=0.00 secs] 
2641.341: [GC (Allocation Failure) [PSYoungGen: 68109K->1581K(68608K)] 412020K->345508K(736256K), 0.0017055 secs] [Times: user=0.00 sys=0.00, real=0.01 secs] 
2642.177: [GC (Allocation Failure) [PSYoungGen: 68141K->1440K(68608K)] 412068K->345367K(736256K), 0.0022595 secs] [Times: user=0.01 sys=0.00, real=0.00 secs] 
2643.115: [GC (Allocation Failure) [PSYoungGen: 68000K->1408K(68608K)] 411927K->345335K(736256K), 0.0023113 secs] [Times: user=0.01 sys=0.00, real=0.00 secs] 
2643.965: [GC (Allocation Failure) [PSYoungGen: 67968K->1376K(68608K)] 411895K->345303K(736256K), 0.0023606 secs] [Times: user=0.01 sys=0.00, real=0.00 secs] 
2644.693: [GC (Allocation Failure) [PSYoungGen: 67936K->1408K(68608K)] 411863K->345335K(736256K), 0.0026204 secs] [Times: user=0.01 sys=0.00, real=0.01 secs] 
2645.241: [GC (Allocation Failure) [PSYoungGen: 67968K->1549K(68608K)] 411895K->345476K(736256K), 0.0016680 secs] [Times: user=0.01 sys=0.00, real=0.00 secs] 
2645.644: [GC (Allocation Failure) [PSYoungGen: 68103K->1581K(68608K)] 412030K->345508K(736256K), 0.0016783 secs] [Times: user=0.01 sys=0.00, real=0.00 secs] 
2646.112: [GC (Allocation Failure) [PSYoungGen: 68141K->1549K(68608K)] 412068K->345476K(736256K), 0.0016045 secs] [Times: user=0.01 sys=0.00, real=0.01 secs] 
2646.512: [GC (Allocation Failure) [PSYoungGen: 68099K->1549K(68608K)] 412026K->345492K(736256K), 0.0017936 secs] [Times: user=0.01 sys=0.00, real=0.01 secs] 
2646.830: [GC (Allocation Failure) [PSYoungGen: 68109K->1440K(68608K)] 412052K->345383K(736256K), 0.0020061 secs] [Times: user=0.01 sys=0.00, real=0.00 secs] 
2647.106: [GC (Allocation Failure) [PSYoungGen: 68000K->1376K(68608K)] 411943K->345319K(736256K), 0.0020458 secs] [Times: user=0.01 sys=0.00, real=0.00 secs] 
2647.383: [GC (Allocation Failure) [PSYoungGen: 67936K->1376K(68608K)] 411879K->345319K(736256K), 0.0019684 secs] [Times: user=0.01 sys=0.01, real=0.00 secs] 
2647.661: [GC (Allocation Failure) [PSYoungGen: 67936K->1408K(68608K)] 411879K->345351K(736256K), 0.0027048 secs] [Times: user=0.01 sys=0.00, real=0.01 secs] 
2648.087: [GC (Allocation Failure) [PSYoungGen: 67968K->1517K(68608K)] 411911K->345460K(736256K), 0.0016435 secs] [Times: user=0.00 sys=0.00, real=0.00 secs] 
2648.548: [GC (Allocation Failure) [PSYoungGen: 68077K->1581K(68608K)] 412020K->345524K(736256K), 0.0018101 secs] [Times: user=0.00 sys=0.00, real=0.00 secs] 
2648.950: [GC (Allocation Failure) [PSYoungGen: 68141K->1549K(68608K)] 412084K->345492K(736256K), 0.0017670 secs] [Times: user=0.01 sys=0.00, real=0.00 secs] 
2649.375: [GC (Allocation Failure) [PSYoungGen: 68109K->1632K(68608K)] 412052K->345583K(736256K), 0.0020065 secs] [Times: user=0.01 sys=0.00, real=0.00 secs] 
2649.663: [GC (Allocation Failure) [PSYoungGen: 68192K->1408K(68608K)] 412143K->345375K(736256K), 0.0025722 secs] [Times: user=0.01 sys=0.00, real=0.00 secs] 
2649.937: [GC (Allocation Failure) [PSYoungGen: 67968K->1408K(68608K)] 411935K->345375K(736256K), 0.0019842 secs] [Times: user=0.01 sys=0.00, real=0.00 secs] 
2650.320: [GC (Allocation Failure) [PSYoungGen: 67968K->1376K(68608K)] 411935K->345351K(736256K), 0.0022442 secs] [Times: user=0.01 sys=0.00, real=0.00 secs] 
2650.677: [GC (Allocation Failure) [PSYoungGen: 67936K->1376K(68608K)] 411911K->345351K(736256K), 0.0024080 secs] [Times: user=0.01 sys=0.00, real=0.00 secs] 
2651.229: [GC (Allocation Failure) [PSYoungGen: 67936K->1581K(68608K)] 411911K->345556K(736256K), 0.0016585 secs] [Times: user=0.01 sys=0.00, real=0.00 secs] 
2651.695: [GC (Allocation Failure) [PSYoungGen: 68141K->1581K(68608K)] 412116K->345556K(736256K), 0.0017266 secs] [Times: user=0.00 sys=0.01, real=0.00 secs] 
2652.095: [GC (Allocation Failure) [PSYoungGen: 68141K->1549K(68608K)] 412116K->345524K(736256K), 0.0016817 secs] [Times: user=0.00 sys=0.00, real=0.00 secs] 
2652.520: [GC (Allocation Failure) [PSYoungGen: 68109K->1536K(68608K)] 412084K->345511K(736256K), 0.0019010 secs] [Times: user=0.00 sys=0.00, real=0.00 secs] 
2653.047: [GC (Allocation Failure) [PSYoungGen: 68096K->1344K(68608K)] 412071K->345319K(736256K), 0.0029596 secs] [Times: user=0.02 sys=0.00, real=0.00 secs] 
2653.558: [GC (Allocation Failure) [PSYoungGen: 67904K->1408K(68608K)] 411879K->345383K(736256K), 0.0024299 secs] [Times: user=0.01 sys=0.00, real=0.00 secs] 
2654.282: [GC (Allocation Failure) [PSYoungGen: 67968K->1376K(68608K)] 411943K->345351K(736256K), 0.0030354 secs] [Times: user=0.02 sys=0.00, real=0.01 secs] 
2655.145: [GC (Allocation Failure) [PSYoungGen: 67936K->1344K(68608K)] 411911K->345319K(736256K), 0.0027286 secs] [Times: user=0.01 sys=0.00, real=0.00 secs] 
2655.680: [GC (Allocation Failure) [PSYoungGen: 67904K->1549K(68608K)] 411879K->345524K(736256K), 0.0017010 secs] [Times: user=0.01 sys=0.00, real=0.00 secs] 
2656.083: [GC (Allocation Failure) [PSYoungGen: 68109K->1549K(68608K)] 412084K->345524K(736256K), 0.0017859 secs] [Times: user=0.00 sys=0.00, real=0.00 secs] 
2656.485: [GC (Allocation Failure) [PSYoungGen: 68109K->1581K(68608K)] 412084K->345572K(736256K), 0.0017532 secs] [Times: user=0.01 sys=0.00, real=0.00 secs] 
2657.019: [GC (Allocation Failure) [PSYoungGen: 68141K->1472K(68608K)] 412132K->345463K(736256K), 0.0024971 secs] [Times: user=0.01 sys=0.00, real=0.00 secs] 
2657.360: [GC (Allocation Failure) [PSYoungGen: 68032K->1376K(68608K)] 412023K->345367K(736256K), 0.0019967 secs] [Times: user=0.01 sys=0.00, real=0.00 secs] 
2657.655: [GC (Allocation Failure) [PSYoungGen: 67936K->1376K(68608K)] 411927K->345383K(736256K), 0.0022421 secs] [Times: user=0.01 sys=0.00, real=0.00 secs] 
2657.940: [GC (Allocation Failure) [PSYoungGen: 67936K->1360K(68608K)] 411943K->345367K(736256K), 0.0026412 secs] [Times: user=0.01 sys=0.00, real=0.00 secs] 
2658.364: [GC (Allocation Failure) [PSYoungGen: 67920K->1453K(68608K)] 411927K->345460K(736256K), 0.0018163 secs] [Times: user=0.01 sys=0.00, real=0.00 secs] 
2658.849: [GC (Allocation Failure) [PSYoungGen: 68013K->1581K(68608K)] 412020K->345588K(736256K), 0.0017998 secs] [Times: user=0.01 sys=0.00, real=0.00 secs] 
2659.251: [GC (Allocation Failure) [PSYoungGen: 68141K->1581K(68608K)] 412148K->345588K(736256K), 0.0018131 secs] [Times: user=0.00 sys=0.00, real=0.00 secs] 
2659.664: [GC (Allocation Failure) [PSYoungGen: 68141K->1517K(68608K)] 412148K->345540K(736256K), 0.0018107 secs] [Times: user=0.01 sys=0.00, real=0.00 secs] 
2660.436: [GC (Allocation Failure) [PSYoungGen: 68077K->1504K(68608K)] 412100K->345551K(736256K), 0.0044308 secs] [Times: user=0.01 sys=0.00, real=0.00 secs] 
2661.073: [GC (Allocation Failure) [PSYoungGen: 68064K->1344K(68608K)] 412111K->345391K(736256K), 0.0031778 secs] [Times: user=0.01 sys=0.00, real=0.00 secs] 
2661.667: [GC (Allocation Failure) [PSYoungGen: 67904K->1376K(68608K)] 411951K->345423K(736256K), 0.0031229 secs] [Times: user=0.02 sys=0.00, real=0.00 secs] 
2662.583: [GC (Allocation Failure) [PSYoungGen: 67936K->1376K(68608K)] 411983K->345423K(736256K), 0.0033557 secs] [Times: user=0.01 sys=0.00, real=0.01 secs] 
2663.433: [GC (Allocation Failure) [PSYoungGen: 67936K->1488K(68608K)] 411983K->345535K(736256K), 0.0019920 secs] [Times: user=0.01 sys=0.00, real=0.00 secs] 
2663.929: [GC (Allocation Failure) [PSYoungGen: 68048K->1517K(68608K)] 412095K->345564K(736256K), 0.0016494 secs] [Times: user=0.00 sys=0.00, real=0.00 secs] 
2664.331: [GC (Allocation Failure) [PSYoungGen: 68077K->1581K(68608K)] 412124K->345628K(736256K), 0.0017532 secs] [Times: user=0.01 sys=0.00, real=0.01 secs] 
2664.732: [GC (Allocation Failure) [PSYoungGen: 68141K->1549K(68608K)] 412188K->345604K(736256K), 0.0018042 secs] [Times: user=0.01 sys=0.00, real=0.01 secs] 
2665.344: [GC (Allocation Failure) [PSYoungGen: 68109K->1456K(68608K)] 412164K->345511K(736256K), 0.0037814 secs] [Times: user=0.02 sys=0.00, real=0.00 secs] 
2665.953: [GC (Allocation Failure) [PSYoungGen: 68016K->1408K(68608K)] 412071K->345463K(736256K), 0.0037788 secs] [Times: user=0.02 sys=0.00, real=0.01 secs] 
2666.598: [GC (Allocation Failure) [PSYoungGen: 67968K->1376K(68608K)] 412023K->345431K(736256K), 0.0033386 secs] [Times: user=0.02 sys=0.00, real=0.00 secs] 
2667.179: [GC (Allocation Failure) [PSYoungGen: 67936K->1376K(68608K)] 411991K->345431K(736256K), 0.0023067 secs] [Times: user=0.01 sys=0.00, real=0.00 secs] 
2667.554: [GC (Allocation Failure) [PSYoungGen: 67936K->1517K(68608K)] 411991K->345572K(736256K), 0.0016009 secs] [Times: user=0.01 sys=0.00, real=0.00 secs] 
2667.960: [GC (Allocation Failure) [PSYoungGen: 68077K->1581K(68608K)] 412132K->345636K(736256K), 0.0018107 secs] [Times: user=0.01 sys=0.00, real=0.00 secs] 
2668.363: [GC (Allocation Failure) [PSYoungGen: 68141K->1549K(68608K)] 412196K->345604K(736256K), 0.0015899 secs] [Times: user=0.01 sys=0.00, real=0.00 secs] 
2668.823: [GC (Allocation Failure) [PSYoungGen: 68095K->1549K(68608K)] 412150K->345612K(736256K), 0.0018104 secs] [Times: user=0.01 sys=0.00, real=0.01 secs] 
2669.158: [GC (Allocation Failure) [PSYoungGen: 68109K->1440K(68608K)] 412172K->345503K(736256K), 0.0021711 secs] [Times: user=0.00 sys=0.00, real=0.00 secs] 
2669.435: [GC (Allocation Failure) [PSYoungGen: 68000K->1408K(68608K)] 412063K->345471K(736256K), 0.0020313 secs] [Times: user=0.01 sys=0.00, real=0.00 secs] 
2669.712: [GC (Allocation Failure) [PSYoungGen: 67968K->1408K(68608K)] 412031K->345471K(736256K), 0.0020140 secs] [Times: user=0.00 sys=0.00, real=0.01 secs] 
2669.989: [GC (Allocation Failure) [PSYoungGen: 67968K->1344K(68608K)] 412031K->345415K(736256K), 0.0019284 secs] [Times: user=0.01 sys=0.00, real=0.00 secs] 
2670.370: [GC (Allocation Failure) [PSYoungGen: 67904K->1453K(68608K)] 411975K->345524K(736256K), 0.0016835 secs] [Times: user=0.01 sys=0.00, real=0.00 secs] 
2670.771: [GC (Allocation Failure) [PSYoungGen: 68013K->1549K(68608K)] 412084K->345620K(736256K), 0.0017126 secs] [Times: user=0.00 sys=0.00, real=0.01 secs] 
2671.175: [GC (Allocation Failure) [PSYoungGen: 68109K->1581K(68608K)] 412180K->345652K(736256K), 0.0017412 secs] [Times: user=0.01 sys=0.00, real=0.00 secs] 
2671.577: [GC (Allocation Failure) [PSYoungGen: 68141K->1581K(68608K)] 412212K->345676K(736256K), 0.0016759 secs] [Times: user=0.01 sys=0.00, real=0.00 secs] 
2671.935: [GC (Allocation Failure) [PSYoungGen: 68141K->1424K(68608K)] 412236K->345519K(736256K), 0.0018858 secs] [Times: user=0.01 sys=0.01, real=0.00 secs] 
2672.212: [GC (Allocation Failure) [PSYoungGen: 67984K->1376K(68608K)] 412079K->345471K(736256K), 0.0018698 secs] [Times: user=0.01 sys=0.00, real=0.01 secs] 
2672.489: [GC (Allocation Failure) [PSYoungGen: 67936K->1408K(68608K)] 412031K->345503K(736256K), 0.0017964 secs] [Times: user=0.00 sys=0.00, real=0.00 secs] 
2672.765: [GC (Allocation Failure) [PSYoungGen: 67968K->1376K(68608K)] 412063K->345471K(736256K), 0.0018260 secs] [Times: user=0.00 sys=0.00, real=0.00 secs] 
2673.217: [GC (Allocation Failure) [PSYoungGen: 67936K->1469K(68608K)] 412031K->345564K(736256K), 0.0015109 secs] [Times: user=0.01 sys=0.00, real=0.00 secs] 
2673.680: [GC (Allocation Failure) [PSYoungGen: 68029K->1549K(68608K)] 412124K->345644K(736256K), 0.0018238 secs] [Times: user=0.00 sys=0.00, real=0.00 secs] 
2674.141: [GC (Allocation Failure) [PSYoungGen: 68109K->1549K(68608K)] 412204K->345644K(736256K), 0.0017804 secs] [Times: user=0.01 sys=0.00, real=0.00 secs] 
2674.536: [GC (Allocation Failure) [PSYoungGen: 68109K->432K(68608K)] 412204K->344535K(736256K), 0.0017897 secs] [Times: user=0.00 sys=0.00, real=0.00 secs] 
2675.235: [GC (Allocation Failure) [PSYoungGen: 66992K->1408K(68608K)] 411095K->345511K(736256K), 0.0028607 secs] [Times: user=0.01 sys=0.00, real=0.00 secs] 
2675.773: [GC (Allocation Failure) [PSYoungGen: 67968K->1408K(68608K)] 412071K->345511K(736256K), 0.0027692 secs] [Times: user=0.01 sys=0.00, real=0.00 secs] 
2676.322: [GC (Allocation Failure) [PSYoungGen: 67968K->1376K(68608K)] 412071K->345479K(736256K), 0.0026257 secs] [Times: user=0.02 sys=0.00, real=0.01 secs] 
2676.791: [GC (Allocation Failure) [PSYoungGen: 67936K->1408K(68608K)] 412039K->345511K(736256K), 0.0024125 secs] [Times: user=0.01 sys=0.00, real=0.01 secs] 
2677.260: [GC (Allocation Failure) [PSYoungGen: 67968K->1549K(68608K)] 412071K->345652K(736256K), 0.0016604 secs] [Times: user=0.00 sys=0.00, real=0.00 secs] 
2677.666: [GC (Allocation Failure) [PSYoungGen: 68109K->1520K(68608K)] 412212K->345623K(736256K), 0.0016840 secs] [Times: user=0.01 sys=0.00, real=0.00 secs] 
2678.069: [GC (Allocation Failure) [PSYoungGen: 68076K->1581K(68608K)] 412179K->345684K(736256K), 0.0017375 secs] [Times: user=0.00 sys=0.00, real=0.00 secs] 
2678.488: [GC (Allocation Failure) [PSYoungGen: 68141K->1984K(68608K)] 412244K->346087K(736256K), 0.0018409 secs] [Times: user=0.01 sys=0.00, real=0.00 secs] 
2678.769: [GC (Allocation Failure) [PSYoungGen: 68544K->1344K(68608K)] 412647K->345447K(736256K), 0.0018937 secs] [Times: user=0.01 sys=0.00, real=0.00 secs] 
2679.189: [GC (Allocation Failure) [PSYoungGen: 67904K->1376K(68608K)] 412007K->345479K(736256K), 0.0019692 secs] [Times: user=0.01 sys=0.00, real=0.00 secs] 
2679.815: [GC (Allocation Failure) [PSYoungGen: 67936K->1376K(68608K)] 412039K->345479K(736256K), 0.0017797 secs] [Times: user=0.01 sys=0.00, real=0.00 secs] 
2680.615: [GC (Allocation Failure) [PSYoungGen: 67936K->1376K(68608K)] 412039K->345487K(736256K), 0.0041646 secs] [Times: user=0.02 sys=0.00, real=0.00 secs] 
2681.196: [GC (Allocation Failure) [PSYoungGen: 67936K->1581K(68608K)] 412047K->345692K(736256K), 0.0016873 secs] [Times: user=0.01 sys=0.00, real=0.00 secs] 
2681.600: [GC (Allocation Failure) [PSYoungGen: 68141K->1549K(68608K)] 412252K->345660K(736256K), 0.0017778 secs] [Times: user=0.00 sys=0.00, real=0.00 secs] 
2682.003: [GC (Allocation Failure) [PSYoungGen: 68109K->1549K(68608K)] 412220K->345660K(736256K), 0.0016686 secs] [Times: user=0.01 sys=0.00, real=0.00 secs] 
2682.449: [GC (Allocation Failure) [PSYoungGen: 68109K->1472K(68608K)] 412220K->345583K(736256K), 0.0018901 secs] [Times: user=0.01 sys=0.00, real=0.00 secs] 
2683.041: [GC (Allocation Failure) [PSYoungGen: 68032K->1376K(68608K)] 412143K->345487K(736256K), 0.0026339 secs] [Times: user=0.01 sys=0.00, real=0.01 secs] 
2683.587: [GC (Allocation Failure) [PSYoungGen: 67936K->1392K(68608K)] 412047K->345503K(736256K), 0.0026594 secs] [Times: user=0.01 sys=0.00, real=0.00 secs] 
2684.278: [GC (Allocation Failure) [PSYoungGen: 67952K->1408K(68608K)] 412063K->345519K(736256K), 0.0040902 secs] [Times: user=0.01 sys=0.00, real=0.00 secs] 
2684.958: [GC (Allocation Failure) [PSYoungGen: 67968K->1485K(68608K)] 412079K->345596K(736256K), 0.0023392 secs] [Times: user=0.01 sys=0.00, real=0.00 secs] 
2685.416: [GC (Allocation Failure) [PSYoungGen: 68045K->1565K(68608K)] 412156K->345676K(736256K), 0.0016810 secs] [Times: user=0.01 sys=0.00, real=0.00 secs] 
2685.819: [GC (Allocation Failure) [PSYoungGen: 68125K->1517K(68608K)] 412236K->345628K(736256K), 0.0017077 secs] [Times: user=0.00 sys=0.00, real=0.00 secs] 
2686.222: [GC (Allocation Failure) [PSYoungGen: 68077K->1549K(68608K)] 412188K->345676K(736256K), 0.0017231 secs] [Times: user=0.01 sys=0.00, real=0.01 secs] 
2686.594: [GC (Allocation Failure) [PSYoungGen: 68109K->1472K(68608K)] 412236K->345599K(736256K), 0.0018731 secs] [Times: user=0.01 sys=0.00, real=0.00 secs] 
2686.870: [GC (Allocation Failure) [PSYoungGen: 68032K->1408K(68608K)] 412159K->345535K(736256K), 0.0018144 secs] [Times: user=0.01 sys=0.00, real=0.00 secs] 
2687.147: [GC (Allocation Failure) [PSYoungGen: 67968K->1408K(68608K)] 412095K->345535K(736256K), 0.0017911 secs] [Times: user=0.01 sys=0.00, real=0.00 secs] 
2687.423: [GC (Allocation Failure) [PSYoungGen: 67968K->1344K(68608K)] 412095K->345471K(736256K), 0.0017241 secs] [Times: user=0.01 sys=0.00, real=0.01 secs] 
2687.742: [GC (Allocation Failure) [PSYoungGen: 67904K->1437K(68608K)] 412031K->345564K(736256K), 0.0016778 secs] [Times: user=0.01 sys=0.00, real=0.01 secs] 
2688.145: [GC (Allocation Failure) [PSYoungGen: 67997K->1581K(68608K)] 412124K->345708K(736256K), 0.0017055 secs] [Times: user=0.01 sys=0.00, real=0.00 secs] 
2688.545: [GC (Allocation Failure) [PSYoungGen: 68141K->1565K(68608K)] 412268K->345692K(736256K), 0.0016868 secs] [Times: user=0.00 sys=0.00, real=0.00 secs] 
2688.950: [GC (Allocation Failure) [PSYoungGen: 68125K->1533K(68608K)] 412252K->345668K(736256K), 0.0015473 secs] [Times: user=0.01 sys=0.00, real=0.00 secs] 
2689.367: [GC (Allocation Failure) [PSYoungGen: 68093K->1456K(68608K)] 412228K->345607K(736256K), 0.0019502 secs] [Times: user=0.01 sys=0.00, real=0.00 secs] 
2689.819: [GC (Allocation Failure) [PSYoungGen: 68016K->1408K(68608K)] 412167K->345559K(736256K), 0.0019754 secs] [Times: user=0.01 sys=0.00, real=0.00 secs] 
2690.400: [GC (Allocation Failure) [PSYoungGen: 67968K->1408K(68608K)] 412119K->345559K(736256K), 0.0023918 secs] [Times: user=0.00 sys=0.00, real=0.00 secs] 
2691.035: [GC (Allocation Failure) [PSYoungGen: 67968K->1376K(68608K)] 412119K->345527K(736256K), 0.0027554 secs] [Times: user=0.01 sys=0.00, real=0.00 secs] 
2691.712: [GC (Allocation Failure) [PSYoungGen: 67936K->1453K(68608K)] 412087K->345604K(736256K), 0.0017068 secs] [Times: user=0.01 sys=0.00, real=0.01 secs] 
2692.115: [GC (Allocation Failure) [PSYoungGen: 68013K->1549K(68608K)] 412164K->345700K(736256K), 0.0017414 secs] [Times: user=0.01 sys=0.00, real=0.00 secs] 
2692.517: [GC (Allocation Failure) [PSYoungGen: 68109K->1581K(68608K)] 412260K->345732K(736256K), 0.0017495 secs] [Times: user=0.00 sys=0.00, real=0.00 secs] 
2692.924: [GC (Allocation Failure) [PSYoungGen: 68141K->1581K(68608K)] 412292K->345748K(736256K), 0.0017146 secs] [Times: user=0.01 sys=0.00, real=0.00 secs] 
2693.294: [GC (Allocation Failure) [PSYoungGen: 68141K->1440K(68608K)] 412308K->345607K(736256K), 0.0019205 secs] [Times: user=0.01 sys=0.00, real=0.00 secs] 
2693.755: [GC (Allocation Failure) [PSYoungGen: 68000K->1344K(68608K)] 412167K->345511K(736256K), 0.0019867 secs] [Times: user=0.01 sys=0.00, real=0.00 secs] 
2694.345: [GC (Allocation Failure) [PSYoungGen: 67904K->1344K(68608K)] 412071K->345511K(736256K), 0.0023104 secs] [Times: user=0.01 sys=0.00, real=0.00 secs] 
2694.865: [GC (Allocation Failure) [PSYoungGen: 67904K->1376K(68608K)] 412071K->345543K(736256K), 0.0021894 secs] [Times: user=0.01 sys=0.00, real=0.00 secs] 
2695.455: [GC (Allocation Failure) [PSYoungGen: 67936K->1485K(68608K)] 412103K->345652K(736256K), 0.0016403 secs] [Times: user=0.01 sys=0.00, real=0.00 secs] 
2695.857: [GC (Allocation Failure) [PSYoungGen: 68045K->1581K(68608K)] 412212K->345748K(736256K), 0.0017280 secs] [Times: user=0.01 sys=0.00, real=0.00 secs] 
2696.259: [GC (Allocation Failure) [PSYoungGen: 68141K->1517K(68608K)] 412308K->345684K(736256K), 0.0016372 secs] [Times: user=0.01 sys=0.00, real=0.00 secs] 
2696.663: [GC (Allocation Failure) [PSYoungGen: 68077K->1517K(68608K)] 412244K->345692K(736256K), 0.0016991 secs] [Times: user=0.01 sys=0.00, real=0.00 secs] 
2697.100: [GC (Allocation Failure) [PSYoungGen: 68077K->1440K(68608K)] 412252K->345615K(736256K), 0.0025632 secs] [Times: user=0.01 sys=0.00, real=0.00 secs] 
2697.831: [GC (Allocation Failure) [PSYoungGen: 68000K->1376K(68608K)] 412175K->345551K(736256K), 0.0024488 secs] [Times: user=0.01 sys=0.00, real=0.01 secs] 
2698.686: [GC (Allocation Failure) [PSYoungGen: 67936K->1408K(68608K)] 412111K->345583K(736256K), 0.0026869 secs] [Times: user=0.01 sys=0.00, real=0.00 secs] 
2699.683: [GC (Allocation Failure) [PSYoungGen: 67968K->1392K(68608K)] 412143K->345567K(736256K), 0.0032430 secs] [Times: user=0.01 sys=0.00, real=0.00 secs] 
2700.616: [GC (Allocation Failure) [PSYoungGen: 67952K->1533K(68608K)] 412127K->345708K(736256K), 0.0017638 secs] [Times: user=0.01 sys=0.00, real=0.00 secs] 
2701.018: [GC (Allocation Failure) [PSYoungGen: 68093K->1581K(68608K)] 412268K->345756K(736256K), 0.0018109 secs] [Times: user=0.01 sys=0.00, real=0.00 secs] 
2701.479: [GC (Allocation Failure) [PSYoungGen: 68141K->1565K(68608K)] 412316K->345740K(736256K), 0.0018012 secs] [Times: user=0.01 sys=0.00, real=0.00 secs] 
2701.880: [GC (Allocation Failure) [PSYoungGen: 68111K->1549K(68608K)] 412286K->345748K(736256K), 0.0017857 secs] [Times: user=0.00 sys=0.00, real=0.00 secs] 
2702.222: [GC (Allocation Failure) [PSYoungGen: 68109K->1408K(68608K)] 412308K->345607K(736256K), 0.0020882 secs] [Times: user=0.01 sys=0.00, real=0.01 secs] 
2702.519: [GC (Allocation Failure) [PSYoungGen: 67968K->1376K(68608K)] 412167K->345575K(736256K), 0.0019660 secs] [Times: user=0.01 sys=0.00, real=0.00 secs] 
2702.796: [GC (Allocation Failure) [PSYoungGen: 67936K->1392K(68608K)] 412135K->345591K(736256K), 0.0019816 secs] [Times: user=0.01 sys=0.00, real=0.00 secs] 
2703.073: [GC (Allocation Failure) [PSYoungGen: 67952K->1424K(68608K)] 412151K->345623K(736256K), 0.0018003 secs] [Times: user=0.00 sys=0.00, real=0.01 secs] 
2703.468: [GC (Allocation Failure) [PSYoungGen: 67984K->1549K(68608K)] 412183K->345748K(736256K), 0.0016790 secs] [Times: user=0.00 sys=0.00, real=0.00 secs] 
2703.870: [GC (Allocation Failure) [PSYoungGen: 68109K->1549K(68608K)] 412308K->345748K(736256K), 0.0017607 secs] [Times: user=0.00 sys=0.00, real=0.00 secs] 
2704.271: [GC (Allocation Failure) [PSYoungGen: 68109K->1549K(68608K)] 412308K->345748K(736256K), 0.0017212 secs] [Times: user=0.01 sys=0.00, real=0.01 secs] 
2704.668: [GC (Allocation Failure) [PSYoungGen: 68109K->1760K(68608K)] 412308K->345991K(736256K), 0.0017397 secs] [Times: user=0.01 sys=0.00, real=0.00 secs] 
2704.967: [GC (Allocation Failure) [PSYoungGen: 68320K->1344K(68608K)] 412551K->345575K(736256K), 0.0018028 secs] [Times: user=0.01 sys=0.00, real=0.00 secs] 
2705.245: [GC (Allocation Failure) [PSYoungGen: 67904K->1408K(68608K)] 412135K->345639K(736256K), 0.0021380 secs] [Times: user=0.01 sys=0.00, real=0.00 secs] 
2705.522: [GC (Allocation Failure) [PSYoungGen: 67968K->1344K(68608K)] 412199K->345575K(736256K), 0.0022844 secs] [Times: user=0.01 sys=0.00, real=0.01 secs] 
2705.801: [GC (Allocation Failure) [PSYoungGen: 67904K->1344K(68608K)] 412135K->345575K(736256K), 0.0028094 secs] [Times: user=0.01 sys=0.00, real=0.01 secs] 
2706.275: [GC (Allocation Failure) [PSYoungGen: 67904K->1533K(68608K)] 412135K->345764K(736256K), 0.0017216 secs] [Times: user=0.01 sys=0.00, real=0.00 secs] 
2706.677: [GC (Allocation Failure) [PSYoungGen: 68093K->1549K(68608K)] 412324K->345780K(736256K), 0.0016549 secs] [Times: user=0.01 sys=0.00, real=0.00 secs] 
2707.080: [GC (Allocation Failure) [PSYoungGen: 68109K->1549K(68608K)] 412340K->345780K(736256K), 0.0016474 secs] [Times: user=0.01 sys=0.00, real=0.00 secs] 
2708.701: [GC (Allocation Failure) [PSYoungGen: 68109K->1456K(68608K)] 412340K->345687K(736256K), 0.0042708 secs] [Times: user=0.01 sys=0.00, real=0.01 secs] 
2709.723: [GC (Allocation Failure) [PSYoungGen: 68016K->1376K(68608K)] 412247K->345607K(736256K), 0.0031049 secs] [Times: user=0.01 sys=0.00, real=0.00 secs] 
2710.279: [GC (Allocation Failure) [PSYoungGen: 67936K->1376K(68608K)] 412167K->345607K(736256K), 0.0025309 secs] [Times: user=0.01 sys=0.00, real=0.00 secs] 
2710.554: [GC (Allocation Failure) [PSYoungGen: 67936K->1376K(68608K)] 412167K->345631K(736256K), 0.0066794 secs] [Times: user=0.03 sys=0.00, real=0.00 secs] 
2710.903: [GC (Allocation Failure) [PSYoungGen: 67882K->272K(68608K)] 412137K->344527K(736256K), 0.0018730 secs] [Times: user=0.01 sys=0.00, real=0.01 secs] 
2711.333: [GC (Allocation Failure) [PSYoungGen: 66808K->1517K(68608K)] 411063K->345772K(736256K), 0.0017138 secs] [Times: user=0.01 sys=0.00, real=0.01 secs] 
2711.732: [GC (Allocation Failure) [PSYoungGen: 68046K->1581K(68608K)] 412301K->345836K(736256K), 0.0016977 secs] [Times: user=0.01 sys=0.00, real=0.01 secs] 
2712.134: [GC (Allocation Failure) [PSYoungGen: 68112K->1549K(68608K)] 412367K->345820K(736256K), 0.0017568 secs] [Times: user=0.01 sys=0.00, real=0.00 secs] 
2712.640: [GC (Allocation Failure) [PSYoungGen: 68109K->1408K(68608K)] 412380K->345679K(736256K), 0.0019540 secs] [Times: user=0.01 sys=0.00, real=0.00 secs] 
2713.236: [GC (Allocation Failure) [PSYoungGen: 67968K->1376K(68608K)] 412239K->345647K(736256K), 0.0019562 secs] [Times: user=0.01 sys=0.00, real=0.00 secs] 
2713.713: [GC (Allocation Failure) [PSYoungGen: 67936K->1312K(68608K)] 412207K->345583K(736256K), 0.0020633 secs] [Times: user=0.01 sys=0.00, real=0.00 secs] 
2713.994: [GC (Allocation Failure) [PSYoungGen: 67872K->1408K(68608K)] 412143K->345679K(736256K), 0.0019843 secs] [Times: user=0.01 sys=0.00, real=0.00 secs] 
2714.329: [GC (Allocation Failure) [PSYoungGen: 67968K->1456K(68608K)] 412239K->345727K(736256K), 0.0021706 secs] [Times: user=0.01 sys=0.00, real=0.00 secs] 
2714.850: [GC (Allocation Failure) [PSYoungGen: 68016K->1581K(68608K)] 412287K->345852K(736256K), 0.0016367 secs] [Times: user=0.00 sys=0.00, real=0.00 secs] 
2715.255: [GC (Allocation Failure) [PSYoungGen: 68141K->1517K(68608K)] 412412K->345788K(736256K), 0.0017912 secs] [Times: user=0.01 sys=0.00, real=0.00 secs] 
2715.662: [GC (Allocation Failure) [PSYoungGen: 68077K->1549K(68608K)] 412348K->345836K(736256K), 0.0016583 secs] [Times: user=0.00 sys=0.00, real=0.01 secs] 
2717.222: [GC (Allocation Failure) [PSYoungGen: 68109K->1504K(68608K)] 412396K->345791K(736256K), 0.0041708 secs] [Times: user=0.01 sys=0.00, real=0.01 secs] 
2718.588: [GC (Allocation Failure) [PSYoungGen: 68064K->1376K(68608K)] 412351K->345663K(736256K), 0.0040687 secs] [Times: user=0.02 sys=0.01, real=0.00 secs] 
2719.217: [GC (Allocation Failure) [PSYoungGen: 67936K->1376K(68608K)] 412223K->345663K(736256K), 0.0020947 secs] [Times: user=0.01 sys=0.00, real=0.00 secs] 
2719.554: [GC (Allocation Failure) [PSYoungGen: 67936K->1408K(68608K)] 412223K->345695K(736256K), 0.0019385 secs] [Times: user=0.01 sys=0.00, real=0.00 secs] 
2719.895: [GC (Allocation Failure) [PSYoungGen: 67968K->1453K(68608K)] 412255K->345740K(736256K), 0.0015851 secs] [Times: user=0.01 sys=0.00, real=0.00 secs] 
2720.300: [GC (Allocation Failure) [PSYoungGen: 68008K->1581K(68608K)] 412295K->345868K(736256K), 0.0016722 secs] [Times: user=0.00 sys=0.00, real=0.00 secs] 
2720.767: [GC (Allocation Failure) [PSYoungGen: 68141K->1549K(68608K)] 412428K->345836K(736256K), 0.0016960 secs] [Times: user=0.00 sys=0.00, real=0.00 secs] 
2721.180: [GC (Allocation Failure) [PSYoungGen: 68109K->1581K(68608K)] 412396K->345884K(736256K), 0.0018009 secs] [Times: user=0.01 sys=0.00, real=0.00 secs] 
2721.969: [GC (Allocation Failure) [PSYoungGen: 68141K->1456K(68608K)] 412444K->345783K(736256K), 0.0042410 secs] [Times: user=0.02 sys=0.00, real=0.01 secs] 
2723.022: [GC (Allocation Failure) [PSYoungGen: 68016K->1408K(68608K)] 412343K->345735K(736256K), 0.0040444 secs] [Times: user=0.02 sys=0.00, real=0.01 secs] 
2723.643: [GC (Allocation Failure) [PSYoungGen: 67968K->1344K(68608K)] 412295K->345671K(736256K), 0.0025542 secs] [Times: user=0.01 sys=0.01, real=0.00 secs] 
2723.959: [GC (Allocation Failure) [PSYoungGen: 67904K->1376K(68608K)] 412231K->345703K(736256K), 0.0019806 secs] [Times: user=0.01 sys=0.00, real=0.00 secs] 
2724.309: [GC (Allocation Failure) [PSYoungGen: 67936K->1517K(68608K)] 412263K->345844K(736256K), 0.0016187 secs] [Times: user=0.00 sys=0.00, real=0.00 secs] 
2724.711: [GC (Allocation Failure) [PSYoungGen: 68077K->1549K(68608K)] 412404K->345876K(736256K), 0.0017114 secs] [Times: user=0.01 sys=0.00, real=0.00 secs] 
2725.181: [GC (Allocation Failure) [PSYoungGen: 68109K->1581K(68608K)] 412436K->345908K(736256K), 0.0017649 secs] [Times: user=0.00 sys=0.00, real=0.00 secs] 
2725.646: [GC (Allocation Failure) [PSYoungGen: 68141K->1581K(68608K)] 412468K->345924K(736256K), 0.0017452 secs] [Times: user=0.01 sys=0.00, real=0.00 secs] 
2727.897: [GC (Allocation Failure) [PSYoungGen: 68141K->1408K(68608K)] 412484K->345751K(736256K), 0.0042790 secs] [Times: user=0.02 sys=0.00, real=0.00 secs] 
2728.794: [GC (Allocation Failure) [PSYoungGen: 67968K->1376K(68608K)] 412311K->345719K(736256K), 0.0031138 secs] [Times: user=0.02 sys=0.00, real=0.00 secs] 
2729.071: [GC (Allocation Failure) [PSYoungGen: 67936K->1376K(68608K)] 412279K->345719K(736256K), 0.0020415 secs] [Times: user=0.01 sys=0.00, real=0.01 secs] 
2729.348: [GC (Allocation Failure) [PSYoungGen: 67936K->1376K(68608K)] 412279K->345719K(736256K), 0.0019673 secs] [Times: user=0.01 sys=0.00, real=0.00 secs] 
2729.731: [GC (Allocation Failure) [PSYoungGen: 67936K->1501K(68608K)] 412279K->345844K(736256K), 0.0015953 secs] [Times: user=0.01 sys=0.00, real=0.00 secs] 
2730.198: [GC (Allocation Failure) [PSYoungGen: 68061K->1549K(68608K)] 412404K->345892K(736256K), 0.0018001 secs] [Times: user=0.01 sys=0.00, real=0.00 secs] 
2730.599: [GC (Allocation Failure) [PSYoungGen: 68109K->1581K(68608K)] 412452K->345924K(736256K), 0.0017789 secs] [Times: user=0.00 sys=0.00, real=0.00 secs] 
2731.003: [GC (Allocation Failure) [PSYoungGen: 68141K->1565K(68608K)] 412484K->345924K(736256K), 0.0018012 secs] [Times: user=0.01 sys=0.00, real=0.01 secs] 
2731.800: [GC (Allocation Failure) [PSYoungGen: 68125K->1424K(68608K)] 412484K->345799K(736256K), 0.0033136 secs] [Times: user=0.02 sys=0.00, real=0.01 secs] 
2732.321: [GC (Allocation Failure) [PSYoungGen: 67984K->1376K(68608K)] 412359K->345751K(736256K), 0.0028148 secs] [Times: user=0.01 sys=0.01, real=0.01 secs] 
2732.721: [GC (Allocation Failure) [PSYoungGen: 67936K->1408K(68608K)] 412311K->345783K(736256K), 0.0021791 secs] [Times: user=0.01 sys=0.00, real=0.00 secs] 
2733.224: [GC (Allocation Failure) [PSYoungGen: 67968K->1392K(68608K)] 412343K->345767K(736256K), 0.0023927 secs] [Times: user=0.01 sys=0.00, real=0.00 secs] 
2733.767: [GC (Allocation Failure) [PSYoungGen: 67952K->1517K(68608K)] 412327K->345892K(736256K), 0.0016473 secs] [Times: user=0.01 sys=0.00, real=0.00 secs] 
2734.171: [GC (Allocation Failure) [PSYoungGen: 68077K->1517K(68608K)] 412452K->345892K(736256K), 0.0018268 secs] [Times: user=0.01 sys=0.00, real=0.00 secs] 
2734.574: [GC (Allocation Failure) [PSYoungGen: 68074K->1581K(68608K)] 412449K->345956K(736256K), 0.0016885 secs] [Times: user=0.00 sys=0.00, real=0.00 secs] 
2734.974: [GC (Allocation Failure) [PSYoungGen: 68141K->400K(68608K)] 412516K->344783K(736256K), 0.0014803 secs] [Times: user=0.01 sys=0.00, real=0.00 secs] 
2735.491: [GC (Allocation Failure) [PSYoungGen: 66960K->1376K(68608K)] 411343K->345759K(736256K), 0.0020049 secs] [Times: user=0.01 sys=0.00, real=0.01 secs] 
2735.769: [GC (Allocation Failure) [PSYoungGen: 67936K->1344K(68608K)] 412319K->345727K(736256K), 0.0019673 secs] [Times: user=0.01 sys=0.00, real=0.00 secs] 
2736.046: [GC (Allocation Failure) [PSYoungGen: 67904K->1376K(68608K)] 412287K->345759K(736256K), 0.0020601 secs] [Times: user=0.01 sys=0.00, real=0.00 secs] 
2736.323: [GC (Allocation Failure) [PSYoungGen: 67936K->1408K(68608K)] 412319K->345791K(736256K), 0.0019759 secs] [Times: user=0.01 sys=0.00, real=0.00 secs] 
2736.739: [GC (Allocation Failure) [PSYoungGen: 67968K->1517K(68608K)] 412351K->345900K(736256K), 0.0017136 secs] [Times: user=0.01 sys=0.00, real=0.00 secs] 
2737.144: [GC (Allocation Failure) [PSYoungGen: 68077K->1549K(68608K)] 412460K->345932K(736256K), 0.0016932 secs] [Times: user=0.01 sys=0.00, real=0.00 secs] 
2737.545: [GC (Allocation Failure) [PSYoungGen: 68109K->1549K(68608K)] 412492K->345932K(736256K), 0.0017264 secs] [Times: user=0.01 sys=0.00, real=0.00 secs] 
2737.974: [GC (Allocation Failure) [PSYoungGen: 68109K->2016K(68608K)] 412492K->346399K(736256K), 0.0019656 secs] [Times: user=0.01 sys=0.00, real=0.00 secs] 
2738.259: [GC (Allocation Failure) [PSYoungGen: 68576K->1344K(68608K)] 412959K->345727K(736256K), 0.0018092 secs] [Times: user=0.00 sys=0.00, real=0.00 secs] 
2738.536: [GC (Allocation Failure) [PSYoungGen: 67904K->1376K(68608K)] 412287K->345759K(736256K), 0.0019815 secs] [Times: user=0.00 sys=0.00, real=0.00 secs] 
2738.897: [GC (Allocation Failure) [PSYoungGen: 67936K->1376K(68608K)] 412319K->345783K(736256K), 0.0020392 secs] [Times: user=0.00 sys=0.00, real=0.00 secs] 
2739.174: [GC (Allocation Failure) [PSYoungGen: 67936K->1376K(68608K)] 412343K->345783K(736256K), 0.0019697 secs] [Times: user=0.01 sys=0.00, real=0.00 secs] 
2740.169: [GC (Allocation Failure) [PSYoungGen: 67936K->1533K(68608K)] 412343K->345940K(736256K), 0.0017550 secs] [Times: user=0.01 sys=0.00, real=0.00 secs] 
2740.572: [GC (Allocation Failure) [PSYoungGen: 68093K->1549K(68608K)] 412500K->345956K(736256K), 0.0018088 secs] [Times: user=0.01 sys=0.00, real=0.01 secs] 
2740.975: [GC (Allocation Failure) [PSYoungGen: 68109K->1549K(68608K)] 412516K->345956K(736256K), 0.0017597 secs] [Times: user=0.01 sys=0.00, real=0.00 secs] 
2741.483: [GC (Allocation Failure) [PSYoungGen: 68109K->1472K(68608K)] 412516K->345879K(736256K), 0.0018201 secs] [Times: user=0.01 sys=0.00, real=0.01 secs] 
2742.270: [GC (Allocation Failure) [PSYoungGen: 68032K->1440K(68608K)] 412439K->345847K(736256K), 0.0041369 secs] [Times: user=0.01 sys=0.00, real=0.01 secs] 
2743.274: [GC (Allocation Failure) [PSYoungGen: 68000K->1408K(68608K)] 412407K->345815K(736256K), 0.0041080 secs] [Times: user=0.02 sys=0.00, real=0.00 secs] 
2744.278: [GC (Allocation Failure) [PSYoungGen: 67968K->1440K(68608K)] 412375K->345847K(736256K), 0.0040232 secs] [Times: user=0.02 sys=0.00, real=0.00 secs] 
2745.093: [GC (Allocation Failure) [PSYoungGen: 68000K->1488K(68608K)] 412407K->345895K(736256K), 0.0027164 secs] [Times: user=0.01 sys=0.00, real=0.00 secs] 
2745.575: [GC (Allocation Failure) [PSYoungGen: 68048K->1581K(68608K)] 412455K->345988K(736256K), 0.0016184 secs] [Times: user=0.01 sys=0.00, real=0.00 secs] 
2745.976: [GC (Allocation Failure) [PSYoungGen: 68141K->1613K(68608K)] 412548K->346020K(736256K), 0.0017460 secs] [Times: user=0.00 sys=0.00, real=0.00 secs] 
2746.379: [GC (Allocation Failure) [PSYoungGen: 68173K->1581K(68608K)] 412580K->345996K(736256K), 0.0016810 secs] [Times: user=0.00 sys=0.00, real=0.00 secs] 
2747.142: [GC (Allocation Failure) [PSYoungGen: 68141K->1472K(68608K)] 412556K->345887K(736256K), 0.0020667 secs] [Times: user=0.01 sys=0.00, real=0.01 secs] 
2748.104: [GC (Allocation Failure) [PSYoungGen: 68032K->1408K(68608K)] 412447K->345823K(736256K), 0.0021661 secs] [Times: user=0.01 sys=0.00, real=0.00 secs] 
2748.800: [GC (Allocation Failure) [PSYoungGen: 67968K->1376K(68608K)] 412383K->345791K(736256K), 0.0023321 secs] [Times: user=0.01 sys=0.00, real=0.00 secs] 
2749.413: [GC (Allocation Failure) [PSYoungGen: 67936K->1408K(68608K)] 412351K->345823K(736256K), 0.0023346 secs] [Times: user=0.01 sys=0.00, real=0.01 secs] 
2750.058: [GC (Allocation Failure) [PSYoungGen: 67968K->1485K(68608K)] 412383K->345900K(736256K), 0.0017078 secs] [Times: user=0.01 sys=0.00, real=0.00 secs] 
2750.460: [GC (Allocation Failure) [PSYoungGen: 68044K->1549K(68608K)] 412459K->345964K(736256K), 0.0017178 secs] [Times: user=0.00 sys=0.00, real=0.00 secs] 
2750.860: [GC (Allocation Failure) [PSYoungGen: 68109K->1549K(68608K)] 412524K->345964K(736256K), 0.0017797 secs] [Times: user=0.01 sys=0.00, real=0.00 secs] 
2751.330: [GC (Allocation Failure) [PSYoungGen: 68109K->1517K(68608K)] 412524K->345940K(736256K), 0.0017815 secs] [Times: user=0.01 sys=0.00, real=0.00 secs] 
2751.942: [GC (Allocation Failure) [PSYoungGen: 68077K->1472K(68608K)] 412500K->345895K(736256K), 0.0022651 secs] [Times: user=0.01 sys=0.00, real=0.01 secs] 
2752.571: [GC (Allocation Failure) [PSYoungGen: 68032K->1376K(68608K)] 412455K->345815K(736256K), 0.0023487 secs] [Times: user=0.01 sys=0.00, real=0.01 secs] 
2753.110: [GC (Allocation Failure) [PSYoungGen: 67936K->1408K(68608K)] 412375K->345847K(736256K), 0.0024988 secs] [Times: user=0.01 sys=0.00, real=0.00 secs] 
2753.653: [GC (Allocation Failure) [PSYoungGen: 67968K->1376K(68608K)] 412407K->345815K(736256K), 0.0023212 secs] [Times: user=0.01 sys=0.00, real=0.00 secs] 
2754.165: [GC (Allocation Failure) [PSYoungGen: 67936K->1456K(68608K)] 412375K->345895K(736256K), 0.0015970 secs] [Times: user=0.01 sys=0.00, real=0.00 secs] 
2754.566: [GC (Allocation Failure) [PSYoungGen: 68016K->1581K(68608K)] 412455K->346020K(736256K), 0.0017355 secs] [Times: user=0.01 sys=0.01, real=0.00 secs] 
2754.969: [GC (Allocation Failure) [PSYoungGen: 68141K->1549K(68608K)] 412580K->345988K(736256K), 0.0017035 secs] [Times: user=0.00 sys=0.00, real=0.00 secs] 
2755.372: [GC (Allocation Failure) [PSYoungGen: 68099K->1549K(68608K)] 412538K->346004K(736256K), 0.0016971 secs] [Times: user=0.01 sys=0.00, real=0.01 secs] 
2755.774: [GC (Allocation Failure) [PSYoungGen: 68109K->1424K(68608K)] 412564K->345879K(736256K), 0.0017894 secs] [Times: user=0.01 sys=0.00, real=0.00 secs] 
2756.061: [GC (Allocation Failure) [PSYoungGen: 67984K->1392K(68608K)] 412439K->345847K(736256K), 0.0015830 secs] [Times: user=0.00 sys=0.00, real=0.01 secs] 
2756.444: [GC (Allocation Failure) [PSYoungGen: 67952K->1376K(68608K)] 412407K->345831K(736256K), 0.0019069 secs] [Times: user=0.01 sys=0.00, real=0.00 secs] 
2757.001: [GC (Allocation Failure) [PSYoungGen: 67936K->1408K(68608K)] 412391K->345863K(736256K), 0.0023601 secs] [Times: user=0.01 sys=0.00, real=0.01 secs] 
2757.563: [GC (Allocation Failure) [PSYoungGen: 67968K->1485K(68608K)] 412423K->345940K(736256K), 0.0017020 secs] [Times: user=0.01 sys=0.00, real=0.00 secs] 
2757.966: [GC (Allocation Failure) [PSYoungGen: 68045K->1533K(68608K)] 412500K->345988K(736256K), 0.0017211 secs] [Times: user=0.01 sys=0.00, real=0.00 secs] 
2758.370: [GC (Allocation Failure) [PSYoungGen: 68093K->1549K(68608K)] 412548K->346004K(736256K), 0.0017293 secs] [Times: user=0.01 sys=0.00, real=0.00 secs] 
2758.772: [GC (Allocation Failure) [PSYoungGen: 68109K->1549K(68608K)] 412564K->346020K(736256K), 0.0016234 secs] [Times: user=0.01 sys=0.00, real=0.01 secs] 
2759.733: [GC (Allocation Failure) [PSYoungGen: 68109K->1408K(68608K)] 412580K->345879K(736256K), 0.0020330 secs] [Times: user=0.00 sys=0.00, real=0.00 secs] 
2760.102: [GC (Allocation Failure) [PSYoungGen: 67968K->1408K(68608K)] 412439K->345895K(736256K), 0.0019771 secs] [Times: user=0.01 sys=0.00, real=0.01 secs] 
2760.390: [GC (Allocation Failure) [PSYoungGen: 67968K->1392K(68608K)] 412455K->345879K(736256K), 0.0020773 secs] [Times: user=0.01 sys=0.00, real=0.00 secs] 
2760.668: [GC (Allocation Failure) [PSYoungGen: 67952K->1392K(68608K)] 412439K->345879K(736256K), 0.0017831 secs] [Times: user=0.01 sys=0.00, real=0.00 secs] 
2761.037: [GC (Allocation Failure) [PSYoungGen: 67952K->1485K(68608K)] 412439K->345972K(736256K), 0.0016327 secs] [Times: user=0.01 sys=0.00, real=0.00 secs] 
2761.439: [GC (Allocation Failure) [PSYoungGen: 68045K->1549K(68608K)] 412532K->346036K(736256K), 0.0016571 secs] [Times: user=0.01 sys=0.00, real=0.00 secs] 
2761.843: [GC (Allocation Failure) [PSYoungGen: 68109K->1549K(68608K)] 412596K->346036K(736256K), 0.0015118 secs] [Times: user=0.01 sys=0.00, real=0.00 secs] 
2762.253: [GC (Allocation Failure) [PSYoungGen: 68109K->1549K(68608K)] 412596K->346052K(736256K), 0.0017009 secs] [Times: user=0.01 sys=0.00, real=0.01 secs] 
2762.658: [GC (Allocation Failure) [PSYoungGen: 68109K->1424K(68608K)] 412612K->345927K(736256K), 0.0017866 secs] [Times: user=0.01 sys=0.00, real=0.00 secs] 
2762.941: [GC (Allocation Failure) [PSYoungGen: 67984K->1376K(68608K)] 412487K->345879K(736256K), 0.0017769 secs] [Times: user=0.01 sys=0.00, real=0.00 secs] 
2763.280: [GC (Allocation Failure) [PSYoungGen: 67936K->1392K(68608K)] 412439K->345895K(736256K), 0.0039628 secs] [Times: user=0.02 sys=0.00, real=0.01 secs] 
2763.706: [GC (Allocation Failure) [PSYoungGen: 67952K->1408K(68608K)] 412455K->345911K(736256K), 0.0028628 secs] [Times: user=0.02 sys=0.00, real=0.00 secs] 
2764.242: [GC (Allocation Failure) [PSYoungGen: 67968K->1549K(68608K)] 412471K->346052K(736256K), 0.0016219 secs] [Times: user=0.01 sys=0.00, real=0.01 secs] 
2764.644: [GC (Allocation Failure) [PSYoungGen: 68109K->1581K(68608K)] 412612K->346084K(736256K), 0.0017476 secs] [Times: user=0.01 sys=0.00, real=0.00 secs] 
2765.045: [GC (Allocation Failure) [PSYoungGen: 68141K->1581K(68608K)] 412644K->346084K(736256K), 0.0017509 secs] [Times: user=0.00 sys=0.00, real=0.00 secs] 
2765.489: [GC (Allocation Failure) [PSYoungGen: 68141K->1760K(68608K)] 412644K->346263K(736256K), 0.0019434 secs] [Times: user=0.01 sys=0.00, real=0.00 secs] 
2765.765: [GC (Allocation Failure) [PSYoungGen: 68320K->1376K(68608K)] 412823K->345879K(736256K), 0.0036840 secs] [Times: user=0.01 sys=0.00, real=0.00 secs] 
2766.044: [GC (Allocation Failure) [PSYoungGen: 67936K->1376K(68608K)] 412439K->345879K(736256K), 0.0018711 secs] [Times: user=0.00 sys=0.00, real=0.00 secs] 
2766.320: [GC (Allocation Failure) [PSYoungGen: 67936K->1376K(68608K)] 412439K->345879K(736256K), 0.0018311 secs] [Times: user=0.01 sys=0.00, real=0.00 secs] 
2766.596: [GC (Allocation Failure) [PSYoungGen: 67936K->1376K(68608K)] 412439K->345879K(736256K), 0.0018324 secs] [Times: user=0.01 sys=0.00, real=0.00 secs] 
2767.067: [GC (Allocation Failure) [PSYoungGen: 67936K->1581K(68608K)] 412439K->346084K(736256K), 0.0016523 secs] [Times: user=0.01 sys=0.00, real=0.00 secs] 
2767.469: [GC (Allocation Failure) [PSYoungGen: 68141K->1549K(68608K)] 412644K->346052K(736256K), 0.0017285 secs] [Times: user=0.01 sys=0.00, real=0.00 secs] 
2767.873: [GC (Allocation Failure) [PSYoungGen: 68109K->1549K(68608K)] 412612K->346060K(736256K), 0.0017888 secs] [Times: user=0.01 sys=0.00, real=0.01 secs] 
2768.339: [GC (Allocation Failure) [PSYoungGen: 68109K->1504K(68608K)] 412620K->346015K(736256K), 0.0018957 secs] [Times: user=0.01 sys=0.00, real=0.00 secs] 
2769.034: [GC (Allocation Failure) [PSYoungGen: 68064K->1408K(68608K)] 412575K->345927K(736256K), 0.0019346 secs] [Times: user=0.01 sys=0.00, real=0.00 secs] 
2769.739: [GC (Allocation Failure) [PSYoungGen: 67968K->1408K(68608K)] 412487K->345927K(736256K), 0.0027928 secs] [Times: user=0.01 sys=0.01, real=0.00 secs] 
2770.637: [GC (Allocation Failure) [PSYoungGen: 67968K->1392K(68608K)] 412487K->345911K(736256K), 0.0042907 secs] [Times: user=0.02 sys=0.00, real=0.00 secs] 
2771.352: [GC (Allocation Failure) [PSYoungGen: 67952K->1408K(68608K)] 412471K->345943K(736256K), 0.0033195 secs] [Times: user=0.01 sys=0.00, real=0.01 secs] 
2771.890: [GC (Allocation Failure) [PSYoungGen: 67968K->1581K(68608K)] 412503K->346124K(736256K), 0.0017435 secs] [Times: user=0.01 sys=0.00, real=0.00 secs] 
2772.302: [GC (Allocation Failure) [PSYoungGen: 68141K->1549K(68608K)] 412684K->346092K(736256K), 0.0017123 secs] [Times: user=0.00 sys=0.00, real=0.01 secs] 
2772.705: [GC (Allocation Failure) [PSYoungGen: 68109K->1517K(68608K)] 412652K->346076K(736256K), 0.0016671 secs] [Times: user=0.01 sys=0.00, real=0.00 secs] 
2773.223: [GC (Allocation Failure) [PSYoungGen: 68077K->1440K(68608K)] 412636K->345999K(736256K), 0.0018715 secs] [Times: user=0.01 sys=0.00, real=0.00 secs] 
2773.891: [GC (Allocation Failure) [PSYoungGen: 68000K->1408K(68608K)] 412559K->345967K(736256K), 0.0018358 secs] [Times: user=0.00 sys=0.00, real=0.00 secs] 
2774.585: [GC (Allocation Failure) [PSYoungGen: 67968K->1376K(68608K)] 412527K->345935K(736256K), 0.0020905 secs] [Times: user=0.00 sys=0.00, real=0.00 secs] 
2774.927: [GC (Allocation Failure) [PSYoungGen: 67936K->1408K(68608K)] 412495K->345967K(736256K), 0.0019988 secs] [Times: user=0.01 sys=0.00, real=0.00 secs] 
2775.296: [GC (Allocation Failure) [PSYoungGen: 67968K->1485K(68608K)] 412527K->346044K(736256K), 0.0016849 secs] [Times: user=0.01 sys=0.00, real=0.00 secs] 
2775.698: [GC (Allocation Failure) [PSYoungGen: 68045K->1581K(68608K)] 412604K->346140K(736256K), 0.0017263 secs] [Times: user=0.00 sys=0.00, real=0.00 secs] 
2776.098: [GC (Allocation Failure) [PSYoungGen: 68141K->1581K(68608K)] 412700K->346140K(736256K), 0.0017206 secs] [Times: user=0.00 sys=0.00, real=0.00 secs] 
2776.504: [GC (Allocation Failure) [PSYoungGen: 68141K->1549K(68608K)] 412700K->346124K(736256K), 0.0017751 secs] [Times: user=0.00 sys=0.00, real=0.00 secs] 
2776.909: [GC (Allocation Failure) [PSYoungGen: 68109K->1504K(68608K)] 412684K->346079K(736256K), 0.0018679 secs] [Times: user=0.01 sys=0.00, real=0.00 secs] 
2777.196: [GC (Allocation Failure) [PSYoungGen: 68064K->1376K(68608K)] 412639K->345951K(736256K), 0.0018206 secs] [Times: user=0.01 sys=0.00, real=0.00 secs] 
2777.474: [GC (Allocation Failure) [PSYoungGen: 67936K->1408K(68608K)] 412511K->345999K(736256K), 0.0022597 secs] [Times: user=0.01 sys=0.00, real=0.00 secs] 
2777.751: [GC (Allocation Failure) [PSYoungGen: 67968K->1408K(68608K)] 412559K->345999K(736256K), 0.0021754 secs] [Times: user=0.01 sys=0.00, real=0.00 secs] 
2778.163: [GC (Allocation Failure) [PSYoungGen: 67962K->1517K(68608K)] 412553K->346108K(736256K), 0.0016320 secs] [Times: user=0.00 sys=0.00, real=0.00 secs] 
2778.568: [GC (Allocation Failure) [PSYoungGen: 68077K->1581K(68608K)] 412668K->346172K(736256K), 0.0018006 secs] [Times: user=0.01 sys=0.00, real=0.00 secs] 
2778.969: [GC (Allocation Failure) [PSYoungGen: 68141K->1613K(68608K)] 412732K->346204K(736256K), 0.0017049 secs] [Times: user=0.01 sys=0.00, real=0.00 secs] 
2779.375: [GC (Allocation Failure) [PSYoungGen: 68173K->1565K(68608K)] 412764K->346172K(736256K), 0.0015921 secs] [Times: user=0.00 sys=0.00, real=0.00 secs] 
2779.966: [GC (Allocation Failure) [PSYoungGen: 68125K->1472K(68608K)] 412732K->346079K(736256K), 0.0018651 secs] [Times: user=0.00 sys=0.00, real=0.00 secs] 
2780.576: [GC (Allocation Failure) [PSYoungGen: 68032K->1376K(68608K)] 412639K->345983K(736256K), 0.0041642 secs] [Times: user=0.02 sys=0.00, real=0.00 secs] 
2781.037: [GC (Allocation Failure) [PSYoungGen: 67936K->1376K(68608K)] 412543K->345983K(736256K), 0.0023056 secs] [Times: user=0.01 sys=0.00, real=0.00 secs] 
2781.361: [GC (Allocation Failure) [PSYoungGen: 67936K->1376K(68608K)] 412543K->345983K(736256K), 0.0018035 secs] [Times: user=0.01 sys=0.00, real=0.00 secs] 
2781.742: [GC (Allocation Failure) [PSYoungGen: 67936K->1485K(68608K)] 412543K->346092K(736256K), 0.0016098 secs] [Times: user=0.00 sys=0.00, real=0.01 secs] 
2782.144: [GC (Allocation Failure) [PSYoungGen: 68045K->1549K(68608K)] 412652K->346156K(736256K), 0.0017130 secs] [Times: user=0.01 sys=0.00, real=0.00 secs] 
2782.616: [GC (Allocation Failure) [PSYoungGen: 68109K->1533K(68608K)] 412716K->346140K(736256K), 0.0017908 secs] [Times: user=0.01 sys=0.00, real=0.00 secs] 
2783.019: [GC (Allocation Failure) [PSYoungGen: 68093K->1517K(68608K)] 412700K->346132K(736256K), 0.0018229 secs] [Times: user=0.01 sys=0.00, real=0.00 secs] 
2783.736: [GC (Allocation Failure) [PSYoungGen: 68077K->1440K(68608K)] 412692K->346055K(736256K), 0.0043522 secs] [Times: user=0.01 sys=0.00, real=0.00 secs] 
2784.302: [GC (Allocation Failure) [PSYoungGen: 68000K->1408K(68608K)] 412615K->346023K(736256K), 0.0027950 secs] [Times: user=0.01 sys=0.00, real=0.01 secs] 
2784.578: [GC (Allocation Failure) [PSYoungGen: 67968K->1392K(68608K)] 412583K->346007K(736256K), 0.0019066 secs] [Times: user=0.01 sys=0.00, real=0.00 secs] 
2784.899: [GC (Allocation Failure) [PSYoungGen: 67952K->1376K(68608K)] 412567K->345991K(736256K), 0.0019367 secs] [Times: user=0.01 sys=0.00, real=0.00 secs] 
2785.290: [GC (Allocation Failure) [PSYoungGen: 67936K->1549K(68608K)] 412551K->346164K(736256K), 0.0016267 secs] [Times: user=0.01 sys=0.00, real=0.00 secs] 
2785.693: [GC (Allocation Failure) [PSYoungGen: 68109K->1517K(68608K)] 412724K->346132K(736256K), 0.0017131 secs] [Times: user=0.00 sys=0.00, real=0.00 secs] 
2786.094: [GC (Allocation Failure) [PSYoungGen: 68077K->1581K(68608K)] 412692K->346196K(736256K), 0.0016732 secs] [Times: user=0.00 sys=0.00, real=0.00 secs] 
2786.497: [GC (Allocation Failure) [PSYoungGen: 68141K->1581K(68608K)] 412756K->346212K(736256K), 0.0016928 secs] [Times: user=0.01 sys=0.00, real=0.00 secs] 
2787.396: [GC (Allocation Failure) [PSYoungGen: 68141K->1376K(68608K)] 412772K->346007K(736256K), 0.0021165 secs] [Times: user=0.01 sys=0.00, real=0.00 secs] 
2787.681: [GC (Allocation Failure) [PSYoungGen: 67936K->1376K(68608K)] 412567K->346007K(736256K), 0.0019932 secs] [Times: user=0.00 sys=0.00, real=0.00 secs] 
2787.957: [GC (Allocation Failure) [PSYoungGen: 67936K->1344K(68608K)] 412567K->345975K(736256K), 0.0019300 secs] [Times: user=0.01 sys=0.00, real=0.00 secs] 
2788.234: [GC (Allocation Failure) [PSYoungGen: 67904K->1312K(68608K)] 412535K->345943K(736256K), 0.0017883 secs] [Times: user=0.01 sys=0.00, real=0.00 secs] 
2788.708: [GC (Allocation Failure) [PSYoungGen: 67872K->1517K(68608K)] 412503K->346148K(736256K), 0.0017117 secs] [Times: user=0.00 sys=0.00, real=0.00 secs] 
2789.164: [GC (Allocation Failure) [PSYoungGen: 68077K->1549K(68608K)] 412708K->346180K(736256K), 0.0018028 secs] [Times: user=0.01 sys=0.00, real=0.00 secs] 
2789.566: [GC (Allocation Failure) [PSYoungGen: 68109K->1533K(68608K)] 412740K->346172K(736256K), 0.0018573 secs] [Times: user=0.01 sys=0.00, real=0.00 secs] 
2789.962: [GC (Allocation Failure) [PSYoungGen: 68093K->1344K(68608K)] 412732K->345983K(736256K), 0.0016377 secs] [Times: user=0.01 sys=0.00, real=0.01 secs] 
2791.443: [GC (Allocation Failure) [PSYoungGen: 67904K->1408K(68608K)] 412543K->346047K(736256K), 0.0026098 secs] [Times: user=0.01 sys=0.00, real=0.00 secs] 
2791.751: [GC (Allocation Failure) [PSYoungGen: 67968K->1376K(68608K)] 412607K->346015K(736256K), 0.0025682 secs] [Times: user=0.01 sys=0.00, real=0.01 secs] 
2792.093: [GC (Allocation Failure) [PSYoungGen: 67936K->1376K(68608K)] 412575K->346015K(736256K), 0.0020121 secs] [Times: user=0.01 sys=0.00, real=0.01 secs] 
2792.383: [GC (Allocation Failure) [PSYoungGen: 67936K->1312K(68608K)] 412575K->345951K(736256K), 0.0018762 secs] [Times: user=0.00 sys=0.00, real=0.00 secs] 
2792.911: [GC (Allocation Failure) [PSYoungGen: 67872K->1485K(68608K)] 412511K->346124K(736256K), 0.0016322 secs] [Times: user=0.01 sys=0.00, real=0.00 secs] 
2793.315: [GC (Allocation Failure) [PSYoungGen: 68045K->1517K(68608K)] 412684K->346156K(736256K), 0.0015779 secs] [Times: user=0.01 sys=0.00, real=0.00 secs] 
2793.716: [GC (Allocation Failure) [PSYoungGen: 68077K->1581K(68608K)] 412716K->346220K(736256K), 0.0017063 secs] [Times: user=0.01 sys=0.00, real=0.00 secs] 
2794.141: [GC (Allocation Failure) [PSYoungGen: 68141K->1504K(68608K)] 412780K->346143K(736256K), 0.0018878 secs] [Times: user=0.01 sys=0.00, real=0.00 secs] 
2794.711: [GC (Allocation Failure) [PSYoungGen: 68064K->1408K(68608K)] 412703K->346047K(736256K), 0.0028146 secs] [Times: user=0.02 sys=0.00, real=0.01 secs] 
2795.213: [GC (Allocation Failure) [PSYoungGen: 67968K->1344K(68608K)] 412607K->345983K(736256K), 0.0028868 secs] [Times: user=0.01 sys=0.00, real=0.00 secs] 
2795.910: [GC (Allocation Failure) [PSYoungGen: 67904K->1408K(68608K)] 412543K->346047K(736256K), 0.0029115 secs] [Times: user=0.01 sys=0.00, real=0.01 secs] 
2796.699: [GC (Allocation Failure) [PSYoungGen: 67968K->1376K(68608K)] 412607K->346015K(736256K), 0.0041186 secs] [Times: user=0.02 sys=0.00, real=0.01 secs] 
2797.297: [GC (Allocation Failure) [PSYoungGen: 67936K->1549K(68608K)] 412575K->346188K(736256K), 0.0016753 secs] [Times: user=0.01 sys=0.00, real=0.00 secs] 
2797.761: [GC (Allocation Failure) [PSYoungGen: 68109K->1581K(68608K)] 412748K->346220K(736256K), 0.0018229 secs] [Times: user=0.00 sys=0.00, real=0.00 secs] 
2798.221: [GC (Allocation Failure) [PSYoungGen: 68141K->1549K(68608K)] 412780K->346196K(736256K), 0.0018233 secs] [Times: user=0.01 sys=0.00, real=0.01 secs] 
2798.676: [GC (Allocation Failure) [PSYoungGen: 68109K->1472K(68608K)] 412756K->346127K(736256K), 0.0024237 secs] [Times: user=0.01 sys=0.00, real=0.00 secs] 
2799.292: [GC (Allocation Failure) [PSYoungGen: 68032K->1376K(68608K)] 412687K->346031K(736256K), 0.0026379 secs] [Times: user=0.01 sys=0.00, real=0.01 secs] 
2799.819: [GC (Allocation Failure) [PSYoungGen: 67936K->1376K(68608K)] 412591K->346031K(736256K), 0.0027815 secs] [Times: user=0.01 sys=0.00, real=0.00 secs] 
2800.370: [GC (Allocation Failure) [PSYoungGen: 67936K->1344K(68608K)] 412591K->345999K(736256K), 0.0024655 secs] [Times: user=0.01 sys=0.00, real=0.00 secs] 
2800.934: [GC (Allocation Failure) [PSYoungGen: 67904K->1485K(68608K)] 412559K->346140K(736256K), 0.0031812 secs] [Times: user=0.01 sys=0.00, real=0.00 secs] 
2801.439: [GC (Allocation Failure) [PSYoungGen: 68045K->1581K(68608K)] 412700K->346252K(736256K), 0.0016769 secs] [Times: user=0.01 sys=0.00, real=0.00 secs] 
2801.841: [GC (Allocation Failure) [PSYoungGen: 68141K->1549K(68608K)] 412812K->346220K(736256K), 0.0017175 secs] [Times: user=0.01 sys=0.00, real=0.01 secs] 
2802.242: [GC (Allocation Failure) [PSYoungGen: 68101K->1517K(68608K)] 412772K->346204K(736256K), 0.0016864 secs] [Times: user=0.01 sys=0.00, real=0.01 secs] 
2803.070: [GC (Allocation Failure) [PSYoungGen: 68077K->1472K(68608K)] 412764K->346159K(736256K), 0.0021436 secs] [Times: user=0.01 sys=0.00, real=0.00 secs] 
2803.650: [GC (Allocation Failure) [PSYoungGen: 68032K->1392K(68608K)] 412719K->346079K(736256K), 0.0023217 secs] [Times: user=0.01 sys=0.00, real=0.00 secs] 
2804.236: [GC (Allocation Failure) [PSYoungGen: 67952K->1344K(68608K)] 412639K->346031K(736256K), 0.0020965 secs] [Times: user=0.01 sys=0.00, real=0.00 secs] 
2804.818: [GC (Allocation Failure) [PSYoungGen: 67904K->1408K(68608K)] 412591K->346095K(736256K), 0.0023094 secs] [Times: user=0.01 sys=0.00, real=0.00 secs] 
2805.441: [GC (Allocation Failure) [PSYoungGen: 67968K->1421K(68608K)] 412655K->346108K(736256K), 0.0016086 secs] [Times: user=0.00 sys=0.00, real=0.00 secs] 
2805.846: [GC (Allocation Failure) [PSYoungGen: 67981K->1581K(68608K)] 412668K->346268K(736256K), 0.0017028 secs] [Times: user=0.01 sys=0.00, real=0.00 secs] 
2806.249: [GC (Allocation Failure) [PSYoungGen: 68141K->1549K(68608K)] 412828K->346236K(736256K), 0.0017220 secs] [Times: user=0.00 sys=0.00, real=0.00 secs] 
2806.649: [GC (Allocation Failure) [PSYoungGen: 68096K->1549K(68608K)] 412783K->346244K(736256K), 0.0017583 secs] [Times: user=0.00 sys=0.00, real=0.00 secs] 
2807.127: [GC (Allocation Failure) [PSYoungGen: 68109K->1440K(68608K)] 412804K->346135K(736256K), 0.0017966 secs] [Times: user=0.00 sys=0.00, real=0.00 secs] 
2807.660: [GC (Allocation Failure) [PSYoungGen: 68000K->1344K(68608K)] 412695K->346039K(736256K), 0.0025231 secs] [Times: user=0.01 sys=0.00, real=0.00 secs] 
2808.187: [GC (Allocation Failure) [PSYoungGen: 67904K->1408K(68608K)] 412599K->346103K(736256K), 0.0031194 secs] [Times: user=0.01 sys=0.00, real=0.00 secs] 
2808.739: [GC (Allocation Failure) [PSYoungGen: 67968K->1408K(68608K)] 412663K->346103K(736256K), 0.0033018 secs] [Times: user=0.01 sys=0.00, real=0.00 secs] 
2809.173: [GC (Allocation Failure) [PSYoungGen: 67968K->1485K(68608K)] 412663K->346180K(736256K), 0.0015937 secs] [Times: user=0.01 sys=0.00, real=0.00 secs] 
2809.574: [GC (Allocation Failure) [PSYoungGen: 68045K->1581K(68608K)] 412740K->346276K(736256K), 0.0016959 secs] [Times: user=0.01 sys=0.00, real=0.00 secs] 
2809.977: [GC (Allocation Failure) [PSYoungGen: 68141K->1581K(68608K)] 412836K->346276K(736256K), 0.0017403 secs] [Times: user=0.00 sys=0.00, real=0.00 secs] 
2810.380: [GC (Allocation Failure) [PSYoungGen: 68141K->1549K(68608K)] 412836K->346268K(736256K), 0.0017508 secs] [Times: user=0.01 sys=0.00, real=0.00 secs] 
2810.722: [GC (Allocation Failure) [PSYoungGen: 68109K->1408K(68608K)] 412828K->346127K(736256K), 0.0016894 secs] [Times: user=0.01 sys=0.00, real=0.01 secs] 
2810.998: [GC (Allocation Failure) [PSYoungGen: 67968K->1408K(68608K)] 412687K->346127K(736256K), 0.0015432 secs] [Times: user=0.01 sys=0.00, real=0.00 secs] 
2811.273: [GC (Allocation Failure) [PSYoungGen: 67968K->1440K(68608K)] 412687K->346159K(736256K), 0.0016956 secs] [Times: user=0.01 sys=0.00, real=0.00 secs] 
2811.605: [GC (Allocation Failure) [PSYoungGen: 68000K->1408K(68608K)] 412719K->346127K(736256K), 0.0019049 secs] [Times: user=0.00 sys=0.00, real=0.00 secs] 
2812.134: [GC (Allocation Failure) [PSYoungGen: 67968K->1517K(68608K)] 412687K->346236K(736256K), 0.0017138 secs] [Times: user=0.01 sys=0.00, real=0.00 secs] 
2812.534: [GC (Allocation Failure) [PSYoungGen: 68077K->1613K(68608K)] 412796K->346332K(736256K), 0.0017341 secs] [Times: user=0.01 sys=0.00, real=0.00 secs] 
2812.937: [GC (Allocation Failure) [PSYoungGen: 68173K->1597K(68608K)] 412892K->346316K(736256K), 0.0016964 secs] [Times: user=0.00 sys=0.00, real=0.00 secs] 
2813.351: [GC (Allocation Failure) [PSYoungGen: 68157K->1581K(68608K)] 412876K->346316K(736256K), 0.0017383 secs] [Times: user=0.01 sys=0.00, real=0.00 secs] 
2813.742: [GC (Allocation Failure) [PSYoungGen: 68141K->1456K(68608K)] 412876K->346191K(736256K), 0.0019324 secs] [Times: user=0.01 sys=0.00, real=0.01 secs] 
2814.391: [GC (Allocation Failure) [PSYoungGen: 68016K->1344K(68608K)] 412751K->346079K(736256K), 0.0023146 secs] [Times: user=0.01 sys=0.00, real=0.01 secs] 
2815.120: [GC (Allocation Failure) [PSYoungGen: 67904K->1376K(68608K)] 412639K->346111K(736256K), 0.0019757 secs] [Times: user=0.00 sys=0.00, real=0.00 secs] 
2815.793: [GC (Allocation Failure) [PSYoungGen: 67936K->1376K(68608K)] 412671K->346111K(736256K), 0.0022015 secs] [Times: user=0.01 sys=0.00, real=0.00 secs] 
2816.450: [GC (Allocation Failure) [PSYoungGen: 67936K->1517K(68608K)] 412671K->346252K(736256K), 0.0017447 secs] [Times: user=0.01 sys=0.00, real=0.00 secs] 
2816.852: [GC (Allocation Failure) [PSYoungGen: 68077K->1549K(68608K)] 412812K->346284K(736256K), 0.0016461 secs] [Times: user=0.01 sys=0.00, real=0.01 secs] 
2817.310: [GC (Allocation Failure) [PSYoungGen: 68109K->1581K(68608K)] 412844K->346316K(736256K), 0.0017484 secs] [Times: user=0.01 sys=0.00, real=0.00 secs] 
2817.713: [GC (Allocation Failure) [PSYoungGen: 68141K->1549K(68608K)] 412876K->346292K(736256K), 0.0015735 secs] [Times: user=0.00 sys=0.00, real=0.01 secs] 
2818.401: [GC (Allocation Failure) [PSYoungGen: 68109K->1440K(68608K)] 412852K->346183K(736256K), 0.0027489 secs] [Times: user=0.01 sys=0.00, real=0.01 secs] 
2818.956: [GC (Allocation Failure) [PSYoungGen: 68000K->1376K(68608K)] 412743K->346119K(736256K), 0.0025720 secs] [Times: user=0.01 sys=0.00, real=0.00 secs] 
2819.533: [GC (Allocation Failure) [PSYoungGen: 67936K->1376K(68608K)] 412679K->346119K(736256K), 0.0026016 secs] [Times: user=0.01 sys=0.00, real=0.01 secs] 
2820.078: [GC (Allocation Failure) [PSYoungGen: 67936K->1344K(68608K)] 412679K->346087K(736256K), 0.0030448 secs] [Times: user=0.02 sys=0.00, real=0.00 secs] 
2820.687: [GC (Allocation Failure) [PSYoungGen: 67904K->1533K(68608K)] 412647K->346276K(736256K), 0.0016889 secs] [Times: user=0.01 sys=0.00, real=0.00 secs] 
2821.148: [GC (Allocation Failure) [PSYoungGen: 68093K->1549K(68608K)] 412836K->346308K(736256K), 0.0016718 secs] [Times: user=0.01 sys=0.00, real=0.00 secs] 
2821.551: [GC (Allocation Failure) [PSYoungGen: 68109K->1581K(68608K)] 412868K->346340K(736256K), 0.0018367 secs] [Times: user=0.01 sys=0.00, real=0.00 secs] 
2821.979: [GC (Allocation Failure) [PSYoungGen: 67830K->2000K(68608K)] 412589K->346759K(736256K), 0.0018681 secs] [Times: user=0.01 sys=0.00, real=0.00 secs] 
2822.743: [GC (Allocation Failure) [PSYoungGen: 68560K->1360K(68608K)] 413319K->346119K(736256K), 0.0035181 secs] [Times: user=0.01 sys=0.00, real=0.01 secs] 
2823.503: [GC (Allocation Failure) [PSYoungGen: 67920K->1408K(68608K)] 412679K->346167K(736256K), 0.0038870 secs] [Times: user=0.02 sys=0.00, real=0.00 secs] 
2824.156: [GC (Allocation Failure) [PSYoungGen: 67968K->1344K(68608K)] 412727K->346103K(736256K), 0.0031130 secs] [Times: user=0.01 sys=0.00, real=0.00 secs] 
2824.647: [GC (Allocation Failure) [PSYoungGen: 67904K->1408K(68608K)] 412663K->346167K(736256K), 0.0028515 secs] [Times: user=0.01 sys=0.00, real=0.00 secs] 
2825.132: [GC (Allocation Failure) [PSYoungGen: 67968K->1581K(68608K)] 412727K->346340K(736256K), 0.0017100 secs] [Times: user=0.01 sys=0.00, real=0.01 secs] 
2825.535: [GC (Allocation Failure) [PSYoungGen: 68141K->1581K(68608K)] 412900K->346340K(736256K), 0.0018069 secs] [Times: user=0.01 sys=0.00, real=0.00 secs] 
2825.938: [GC (Allocation Failure) [PSYoungGen: 68141K->1501K(68608K)] 412900K->346260K(736256K), 0.0017706 secs] [Times: user=0.01 sys=0.00, real=0.00 secs] 
2826.431: [GC (Allocation Failure) [PSYoungGen: 68061K->1472K(68608K)] 412820K->346231K(736256K), 0.0019541 secs] [Times: user=0.01 sys=0.00, real=0.00 secs] 
2827.172: [GC (Allocation Failure) [PSYoungGen: 68032K->1376K(68608K)] 412791K->346135K(736256K), 0.0033826 secs] [Times: user=0.01 sys=0.00, real=0.01 secs] 
2827.705: [GC (Allocation Failure) [PSYoungGen: 67936K->1376K(68608K)] 412695K->346135K(736256K), 0.0033573 secs] [Times: user=0.01 sys=0.00, real=0.00 secs] 
2828.215: [GC (Allocation Failure) [PSYoungGen: 67936K->1376K(68608K)] 412695K->346135K(736256K), 0.0023285 secs] [Times: user=0.00 sys=0.00, real=0.00 secs] 
2828.779: [GC (Allocation Failure) [PSYoungGen: 67879K->256K(68608K)] 412638K->345015K(736256K), 0.0022819 secs] [Times: user=0.01 sys=0.00, real=0.00 secs] 
2829.298: [GC (Allocation Failure) [PSYoungGen: 66789K->1517K(68608K)] 411549K->346276K(736256K), 0.0016570 secs] [Times: user=0.01 sys=0.00, real=0.00 secs] 
2829.697: [GC (Allocation Failure) [PSYoungGen: 68077K->1581K(68608K)] 412836K->346340K(736256K), 0.0016886 secs] [Times: user=0.01 sys=0.00, real=0.00 secs] 
2830.097: [GC (Allocation Failure) [PSYoungGen: 68141K->1581K(68608K)] 412900K->346356K(736256K), 0.0016918 secs] [Times: user=0.00 sys=0.00, real=0.00 secs] 
2830.542: [GC (Allocation Failure) [PSYoungGen: 68141K->1456K(68608K)] 412916K->346231K(736256K), 0.0024663 secs] [Times: user=0.01 sys=0.00, real=0.01 secs] 
2831.109: [GC (Allocation Failure) [PSYoungGen: 68016K->1376K(68608K)] 412791K->346159K(736256K), 0.0028981 secs] [Times: user=0.01 sys=0.00, real=0.00 secs] 
2831.616: [GC (Allocation Failure) [PSYoungGen: 67936K->1376K(68608K)] 412719K->346159K(736256K), 0.0025678 secs] [Times: user=0.01 sys=0.00, real=0.00 secs] 
2832.151: [GC (Allocation Failure) [PSYoungGen: 67936K->1408K(68608K)] 412719K->346191K(736256K), 0.0023166 secs] [Times: user=0.01 sys=0.00, real=0.01 secs] 
2832.776: [GC (Allocation Failure) [PSYoungGen: 67968K->1424K(68608K)] 412751K->346207K(736256K), 0.0022521 secs] [Times: user=0.01 sys=0.01, real=0.00 secs] 
2833.214: [GC (Allocation Failure) [PSYoungGen: 67984K->1549K(68608K)] 412767K->346332K(736256K), 0.0016418 secs] [Times: user=0.01 sys=0.00, real=0.00 secs] 
2833.621: [GC (Allocation Failure) [PSYoungGen: 68109K->1581K(68608K)] 412892K->346364K(736256K), 0.0017466 secs] [Times: user=0.01 sys=0.00, real=0.00 secs] 
2834.028: [GC (Allocation Failure) [PSYoungGen: 68141K->1549K(68608K)] 412924K->346348K(736256K), 0.0017469 secs] [Times: user=0.01 sys=0.00, real=0.00 secs] 
2834.381: [GC (Allocation Failure) [PSYoungGen: 68109K->1472K(68608K)] 412908K->346271K(736256K), 0.0017281 secs] [Times: user=0.01 sys=0.00, real=0.00 secs] 
2834.808: [GC (Allocation Failure) [PSYoungGen: 68032K->1376K(68608K)] 412831K->346175K(736256K), 0.0021000 secs] [Times: user=0.01 sys=0.00, real=0.00 secs] 
2835.395: [GC (Allocation Failure) [PSYoungGen: 67936K->1408K(68608K)] 412735K->346207K(736256K), 0.0031085 secs] [Times: user=0.01 sys=0.00, real=0.00 secs] 
2836.041: [GC (Allocation Failure) [PSYoungGen: 67968K->1376K(68608K)] 412767K->346175K(736256K), 0.0033844 secs] [Times: user=0.02 sys=0.00, real=0.01 secs] 
2836.790: [GC (Allocation Failure) [PSYoungGen: 67936K->1453K(68608K)] 412735K->346252K(736256K), 0.0020053 secs] [Times: user=0.01 sys=0.00, real=0.00 secs] 
2837.201: [GC (Allocation Failure) [PSYoungGen: 68013K->1549K(68608K)] 412812K->346348K(736256K), 0.0016631 secs] [Times: user=0.01 sys=0.00, real=0.00 secs] 
2837.601: [GC (Allocation Failure) [PSYoungGen: 68109K->1581K(68608K)] 412908K->346380K(736256K), 0.0017596 secs] [Times: user=0.00 sys=0.00, real=0.01 secs] 
2838.007: [GC (Allocation Failure) [PSYoungGen: 68141K->1533K(68608K)] 412940K->346340K(736256K), 0.0017139 secs] [Times: user=0.01 sys=0.00, real=0.00 secs] 
2839.110: [GC (Allocation Failure) [PSYoungGen: 68093K->1472K(68608K)] 412900K->346279K(736256K), 0.0040132 secs] [Times: user=0.02 sys=0.00, real=0.01 secs] 
2839.420: [GC (Allocation Failure) [PSYoungGen: 68032K->1376K(68608K)] 412839K->346183K(736256K), 0.0026406 secs] [Times: user=0.01 sys=0.00, real=0.01 secs] 
2839.696: [GC (Allocation Failure) [PSYoungGen: 67936K->1376K(68608K)] 412743K->346183K(736256K), 0.0020612 secs] [Times: user=0.01 sys=0.00, real=0.00 secs] 
2839.972: [GC (Allocation Failure) [PSYoungGen: 67936K->1376K(68608K)] 412743K->346183K(736256K), 0.0019624 secs] [Times: user=0.01 sys=0.00, real=0.01 secs] 
2840.317: [GC (Allocation Failure) [PSYoungGen: 67936K->1437K(68608K)] 412743K->346260K(736256K), 0.0016436 secs] [Times: user=0.01 sys=0.00, real=0.00 secs] 
2840.719: [GC (Allocation Failure) [PSYoungGen: 67997K->1581K(68608K)] 412820K->346404K(736256K), 0.0016966 secs] [Times: user=0.00 sys=0.00, real=0.00 secs] 
2841.187: [GC (Allocation Failure) [PSYoungGen: 68141K->1517K(68608K)] 412964K->346340K(736256K), 0.0018525 secs] [Times: user=0.00 sys=0.00, real=0.00 secs] 
2841.587: [GC (Allocation Failure) [PSYoungGen: 68063K->1485K(68608K)] 412886K->346316K(736256K), 0.0017876 secs] [Times: user=0.01 sys=0.00, real=0.00 secs] 
2842.038: [GC (Allocation Failure) [PSYoungGen: 68045K->1456K(68608K)] 412876K->346287K(736256K), 0.0023714 secs] [Times: user=0.01 sys=0.00, real=0.00 secs] 
2842.306: [GC (Allocation Failure) [PSYoungGen: 68016K->1376K(68608K)] 412847K->346207K(736256K), 0.0020989 secs] [Times: user=0.01 sys=0.00, real=0.00 secs] 
2842.582: [GC (Allocation Failure) [PSYoungGen: 67936K->1408K(68608K)] 412767K->346239K(736256K), 0.0019853 secs] [Times: user=0.01 sys=0.00, real=0.01 secs] 
2842.859: [GC (Allocation Failure) [PSYoungGen: 67968K->1344K(68608K)] 412799K->346175K(736256K), 0.0018218 secs] [Times: user=0.01 sys=0.00, real=0.00 secs] 
2843.255: [GC (Allocation Failure) [PSYoungGen: 67881K->1485K(68608K)] 412712K->346316K(736256K), 0.0017335 secs] [Times: user=0.01 sys=0.00, real=0.00 secs] 
2843.657: [GC (Allocation Failure) [PSYoungGen: 68045K->1549K(68608K)] 412876K->346380K(736256K), 0.0015938 secs] [Times: user=0.01 sys=0.00, real=0.00 secs] 
2844.071: [GC (Allocation Failure) [PSYoungGen: 68109K->1581K(68608K)] 412940K->346412K(736256K), 0.0016448 secs] [Times: user=0.01 sys=0.00, real=0.01 secs] 
2844.537: [GC (Allocation Failure) [PSYoungGen: 68141K->1581K(68608K)] 412972K->346428K(736256K), 0.0017137 secs] [Times: user=0.01 sys=0.00, real=0.00 secs] 
2845.676: [GC (Allocation Failure) [PSYoungGen: 68141K->1456K(68608K)] 412988K->346303K(736256K), 0.0026386 secs] [Times: user=0.02 sys=0.01, real=0.00 secs] 
2846.540: [GC (Allocation Failure) [PSYoungGen: 68016K->1440K(68608K)] 412863K->346287K(736256K), 0.0030568 secs] [Times: user=0.02 sys=0.00, real=0.00 secs] 
2846.871: [GC (Allocation Failure) [PSYoungGen: 68000K->1408K(68608K)] 412847K->346255K(736256K), 0.0020681 secs] [Times: user=0.01 sys=0.00, real=0.01 secs] 
2847.231: [GC (Allocation Failure) [PSYoungGen: 67968K->1360K(68608K)] 412815K->346207K(736256K), 0.0018336 secs] [Times: user=0.01 sys=0.00, real=0.00 secs] 
2847.674: [GC (Allocation Failure) [PSYoungGen: 67920K->1485K(68608K)] 412767K->346332K(736256K), 0.0017005 secs] [Times: user=0.01 sys=0.00, real=0.00 secs] 
2848.077: [GC (Allocation Failure) [PSYoungGen: 68045K->1565K(68608K)] 412892K->346412K(736256K), 0.0017283 secs] [Times: user=0.01 sys=0.00, real=0.00 secs] 
2848.480: [GC (Allocation Failure) [PSYoungGen: 68125K->1613K(68608K)] 412972K->346460K(736256K), 0.0017067 secs] [Times: user=0.01 sys=0.00, real=0.00 secs] 
2848.879: [GC (Allocation Failure) [PSYoungGen: 68173K->256K(68608K)] 413020K->345111K(736256K), 0.0016932 secs] [Times: user=0.01 sys=0.00, real=0.00 secs] 
2849.524: [GC (Allocation Failure) [PSYoungGen: 66816K->1408K(68608K)] 411671K->346263K(736256K), 0.0019586 secs] [Times: user=0.01 sys=0.00, real=0.00 secs] 
2850.028: [GC (Allocation Failure) [PSYoungGen: 67968K->1344K(68608K)] 412823K->346199K(736256K), 0.0020083 secs] [Times: user=0.01 sys=0.00, real=0.00 secs] 
2850.373: [GC (Allocation Failure) [PSYoungGen: 67904K->1376K(68608K)] 412759K->346231K(736256K), 0.0020047 secs] [Times: user=0.00 sys=0.00, real=0.01 secs] 
2850.710: [GC (Allocation Failure) [PSYoungGen: 67936K->1360K(68608K)] 412791K->346223K(736256K), 0.0018209 secs] [Times: user=0.01 sys=0.00, real=0.00 secs] 
2851.114: [GC (Allocation Failure) [PSYoungGen: 67920K->1501K(68608K)] 412783K->346364K(736256K), 0.0016854 secs] [Times: user=0.01 sys=0.00, real=0.00 secs] 
2851.517: [GC (Allocation Failure) [PSYoungGen: 68061K->1581K(68608K)] 412924K->346444K(736256K), 0.0017495 secs] [Times: user=0.00 sys=0.00, real=0.00 secs] 
2851.917: [GC (Allocation Failure) [PSYoungGen: 68141K->1549K(68608K)] 413004K->346412K(736256K), 0.0016859 secs] [Times: user=0.01 sys=0.00, real=0.00 secs] 
2852.376: [GC (Allocation Failure) [PSYoungGen: 68109K->2016K(68608K)] 412972K->347431K(736256K), 0.0019120 secs] [Times: user=0.01 sys=0.00, real=0.00 secs] 
2853.021: [GC (Allocation Failure) [PSYoungGen: 68576K->1376K(69120K)] 413991K->346791K(736768K), 0.0026234 secs] [Times: user=0.01 sys=0.00, real=0.01 secs] 
2853.644: [GC (Allocation Failure) [PSYoungGen: 67936K->1408K(69120K)] 413351K->346823K(736768K), 0.0034004 secs] [Times: user=0.01 sys=0.00, real=0.00 secs] 
2854.175: [GC (Allocation Failure) [PSYoungGen: 67968K->1376K(69120K)] 413383K->346791K(736768K), 0.0022748 secs] [Times: user=0.00 sys=0.00, real=0.00 secs] 
2854.452: [GC (Allocation Failure) [PSYoungGen: 67936K->1376K(68096K)] 413351K->346791K(735744K), 0.0021319 secs] [Times: user=0.01 sys=0.00, real=0.01 secs] 
2854.897: [GC (Allocation Failure) [PSYoungGen: 67936K->1581K(68608K)] 413351K->346996K(736256K), 0.0018282 secs] [Times: user=0.00 sys=0.00, real=0.00 secs] 
2855.298: [GC (Allocation Failure) [PSYoungGen: 68141K->1581K(68608K)] 413556K->346996K(736256K), 0.0016246 secs] [Times: user=0.00 sys=0.00, real=0.00 secs] 
2855.702: [GC (Allocation Failure) [PSYoungGen: 68141K->1517K(68608K)] 413556K->346932K(736256K), 0.0017317 secs] [Times: user=0.01 sys=0.00, real=0.01 secs] 
2856.146: [GC (Allocation Failure) [PSYoungGen: 68077K->1472K(68608K)] 413492K->346887K(736256K), 0.0018737 secs] [Times: user=0.01 sys=0.00, real=0.00 secs] 
2856.711: [GC (Allocation Failure) [PSYoungGen: 68032K->1376K(68608K)] 413447K->346791K(736256K), 0.0018166 secs] [Times: user=0.00 sys=0.00, real=0.00 secs] 
2857.313: [GC (Allocation Failure) [PSYoungGen: 67936K->1376K(68608K)] 413351K->346791K(736256K), 0.0021021 secs] [Times: user=0.00 sys=0.00, real=0.00 secs] 
2857.634: [GC (Allocation Failure) [PSYoungGen: 67936K->1376K(68608K)] 413351K->346791K(736256K), 0.0020732 secs] [Times: user=0.01 sys=0.00, real=0.00 secs] 
2858.031: [GC (Allocation Failure) [PSYoungGen: 67936K->1421K(68608K)] 413351K->346836K(736256K), 0.0022669 secs] [Times: user=0.01 sys=0.00, real=0.01 secs] 
2858.462: [GC (Allocation Failure) [PSYoungGen: 67981K->1581K(68608K)] 413396K->346996K(736256K), 0.0017092 secs] [Times: user=0.01 sys=0.00, real=0.01 secs] 
2858.867: [GC (Allocation Failure) [PSYoungGen: 68141K->1549K(68608K)] 413556K->346964K(736256K), 0.0017591 secs] [Times: user=0.01 sys=0.00, real=0.00 secs] 
2859.329: [GC (Allocation Failure) [PSYoungGen: 68109K->1549K(68608K)] 413524K->346980K(736256K), 0.0018095 secs] [Times: user=0.01 sys=0.00, real=0.00 secs] 
2859.792: [GC (Allocation Failure) [PSYoungGen: 68109K->1488K(68608K)] 413540K->346943K(736256K), 0.0025274 secs] [Times: user=0.01 sys=0.00, real=0.01 secs] 
2860.337: [GC (Allocation Failure) [PSYoungGen: 68048K->1408K(68608K)] 413503K->346863K(736256K), 0.0021728 secs] [Times: user=0.01 sys=0.00, real=0.00 secs] 
2860.915: [GC (Allocation Failure) [PSYoungGen: 67968K->1408K(68608K)] 413423K->346863K(736256K), 0.0021740 secs] [Times: user=0.01 sys=0.00, real=0.00 secs] 
2861.261: [GC (Allocation Failure) [PSYoungGen: 67968K->1376K(68608K)] 413423K->346831K(736256K), 0.0021012 secs] [Times: user=0.00 sys=0.00, real=0.01 secs] 
2861.590: [GC (Allocation Failure) [PSYoungGen: 67936K->1453K(68608K)] 413391K->346908K(736256K), 0.0015321 secs] [Times: user=0.01 sys=0.00, real=0.00 secs] 
2861.991: [GC (Allocation Failure) [PSYoungGen: 68013K->1549K(68608K)] 413468K->347004K(736256K), 0.0017020 secs] [Times: user=0.01 sys=0.00, real=0.01 secs] 
2862.395: [GC (Allocation Failure) [PSYoungGen: 68109K->1549K(68608K)] 413564K->347004K(736256K), 0.0016433 secs] [Times: user=0.01 sys=0.00, real=0.00 secs] 
2862.798: [GC (Allocation Failure) [PSYoungGen: 68109K->1549K(68608K)] 413564K->347012K(736256K), 0.0016871 secs] [Times: user=0.00 sys=0.00, real=0.00 secs] 
2863.373: [GC (Allocation Failure) [PSYoungGen: 68109K->1424K(68608K)] 413572K->346887K(736256K), 0.0020387 secs] [Times: user=0.00 sys=0.00, real=0.01 secs] 
2863.972: [GC (Allocation Failure) [PSYoungGen: 67984K->1376K(68608K)] 413447K->346839K(736256K), 0.0018750 secs] [Times: user=0.01 sys=0.00, real=0.01 secs] 
2864.538: [GC (Allocation Failure) [PSYoungGen: 67936K->1376K(68608K)] 413399K->346839K(736256K), 0.0019265 secs] [Times: user=0.00 sys=0.00, real=0.00 secs] 
2865.047: [GC (Allocation Failure) [PSYoungGen: 67936K->1376K(68608K)] 413399K->346839K(736256K), 0.0019816 secs] [Times: user=0.01 sys=0.00, real=0.00 secs] 
2865.396: [GC (Allocation Failure) [PSYoungGen: 67936K->1485K(68608K)] 413399K->346948K(736256K), 0.0015724 secs] [Times: user=0.01 sys=0.00, real=0.00 secs] 
2865.800: [GC (Allocation Failure) [PSYoungGen: 68045K->1517K(68608K)] 413508K->346980K(736256K), 0.0017054 secs] [Times: user=0.01 sys=0.00, real=0.00 secs] 
2866.202: [GC (Allocation Failure) [PSYoungGen: 68077K->1549K(68608K)] 413540K->347012K(736256K), 0.0016919 secs] [Times: user=0.00 sys=0.00, real=0.01 secs] 
2866.607: [GC (Allocation Failure) [PSYoungGen: 68109K->1581K(68608K)] 413572K->347060K(736256K), 0.0017376 secs] [Times: user=0.01 sys=0.00, real=0.00 secs] 
2868.318: [GC (Allocation Failure) [PSYoungGen: 68141K->1456K(68608K)] 413620K->346935K(736256K), 0.0040887 secs] [Times: user=0.02 sys=0.01, real=0.00 secs] 
2870.211: [GC (Allocation Failure) [PSYoungGen: 68016K->1408K(68608K)] 413495K->346887K(736256K), 0.0034458 secs] [Times: user=0.01 sys=0.00, real=0.01 secs] 
2870.768: [GC (Allocation Failure) [PSYoungGen: 67968K->1408K(68608K)] 413447K->346887K(736256K), 0.0019405 secs] [Times: user=0.01 sys=0.00, real=0.00 secs] 
2871.051: [GC (Allocation Failure) [PSYoungGen: 67968K->1408K(68608K)] 413447K->346887K(736256K), 0.0020347 secs] [Times: user=0.01 sys=0.00, real=0.01 secs] 
2871.447: [GC (Allocation Failure) [PSYoungGen: 67968K->1485K(68608K)] 413447K->346964K(736256K), 0.0017155 secs] [Times: user=0.00 sys=0.00, real=0.00 secs] 
2871.922: [GC (Allocation Failure) [PSYoungGen: 68045K->1581K(68608K)] 413524K->347060K(736256K), 0.0017608 secs] [Times: user=0.01 sys=0.00, real=0.01 secs] 
2872.379: [GC (Allocation Failure) [PSYoungGen: 68141K->1517K(68608K)] 413620K->346996K(736256K), 0.0017210 secs] [Times: user=0.00 sys=0.00, real=0.00 secs] 
2872.780: [GC (Allocation Failure) [PSYoungGen: 68064K->1501K(68608K)] 413543K->346996K(736256K), 0.0017724 secs] [Times: user=0.00 sys=0.00, real=0.00 secs] 
2873.145: [GC (Allocation Failure) [PSYoungGen: 68061K->1440K(68608K)] 413556K->346935K(736256K), 0.0029536 secs] [Times: user=0.01 sys=0.00, real=0.00 secs] 
2873.417: [GC (Allocation Failure) [PSYoungGen: 68000K->1376K(68608K)] 413495K->346871K(736256K), 0.0019477 secs] [Times: user=0.01 sys=0.00, real=0.00 secs] 
2873.693: [GC (Allocation Failure) [PSYoungGen: 67936K->1408K(68608K)] 413431K->346903K(736256K), 0.0019429 secs] [Times: user=0.01 sys=0.00, real=0.00 secs] 
2873.988: [GC (Allocation Failure) [PSYoungGen: 67968K->1376K(68608K)] 413463K->346871K(736256K), 0.0019609 secs] [Times: user=0.01 sys=0.00, real=0.00 secs] 
2874.401: [GC (Allocation Failure) [PSYoungGen: 67936K->1517K(68608K)] 413431K->347012K(736256K), 0.0016668 secs] [Times: user=0.00 sys=0.00, real=0.00 secs] 
2874.811: [GC (Allocation Failure) [PSYoungGen: 68077K->1517K(68608K)] 413572K->347012K(736256K), 0.0016636 secs] [Times: user=0.01 sys=0.00, real=0.00 secs] 
2875.215: [GC (Allocation Failure) [PSYoungGen: 68077K->1533K(68608K)] 413572K->347028K(736256K), 0.0017394 secs] [Times: user=0.00 sys=0.00, real=0.00 secs] 
2875.618: [GC (Allocation Failure) [PSYoungGen: 68093K->1549K(68608K)] 413588K->347060K(736256K), 0.0018028 secs] [Times: user=0.01 sys=0.00, real=0.00 secs] 
2876.226: [GC (Allocation Failure) [PSYoungGen: 68109K->1344K(68608K)] 413620K->346855K(736256K), 0.0029410 secs] [Times: user=0.01 sys=0.00, real=0.00 secs] 
2876.839: [GC (Allocation Failure) [PSYoungGen: 67904K->1344K(68608K)] 413415K->346855K(736256K), 0.0027685 secs] [Times: user=0.01 sys=0.01, real=0.00 secs] 
2877.319: [GC (Allocation Failure) [PSYoungGen: 67904K->1376K(68608K)] 413415K->346887K(736256K), 0.0023323 secs] [Times: user=0.01 sys=0.00, real=0.00 secs] 
2877.643: [GC (Allocation Failure) [PSYoungGen: 67936K->1376K(68608K)] 413447K->346887K(736256K), 0.0019021 secs] [Times: user=0.01 sys=0.00, real=0.01 secs] 
2878.086: [GC (Allocation Failure) [PSYoungGen: 67936K->1549K(68608K)] 413447K->347060K(736256K), 0.0017455 secs] [Times: user=0.00 sys=0.00, real=0.00 secs] 
2878.487: [GC (Allocation Failure) [PSYoungGen: 68109K->1581K(68608K)] 413620K->347092K(736256K), 0.0017630 secs] [Times: user=0.01 sys=0.00, real=0.00 secs] 
2878.892: [GC (Allocation Failure) [PSYoungGen: 68141K->1581K(68608K)] 413652K->347092K(736256K), 0.0017939 secs] [Times: user=0.00 sys=0.00, real=0.01 secs] 
2879.370: [GC (Allocation Failure) [PSYoungGen: 68141K->1792K(68608K)] 413652K->347319K(736256K), 0.0020842 secs] [Times: user=0.01 sys=0.00, real=0.00 secs] 
2880.111: [GC (Allocation Failure) [PSYoungGen: 68352K->1440K(68608K)] 413879K->346967K(736256K), 0.0018381 secs] [Times: user=0.01 sys=0.00, real=0.00 secs] 
2880.667: [GC (Allocation Failure) [PSYoungGen: 68000K->1408K(68608K)] 413527K->346935K(736256K), 0.0026342 secs] [Times: user=0.01 sys=0.00, real=0.00 secs] 
2881.059: [GC (Allocation Failure) [PSYoungGen: 67968K->1408K(68608K)] 413495K->346935K(736256K), 0.0019641 secs] [Times: user=0.01 sys=0.00, real=0.00 secs] 
2881.371: [GC (Allocation Failure) [PSYoungGen: 67968K->1440K(68608K)] 413495K->346967K(736256K), 0.0025432 secs] [Times: user=0.01 sys=0.00, real=0.01 secs] 
2881.792: [GC (Allocation Failure) [PSYoungGen: 68000K->1597K(68608K)] 413527K->347124K(736256K), 0.0016732 secs] [Times: user=0.00 sys=0.00, real=0.01 secs] 
2882.245: [GC (Allocation Failure) [PSYoungGen: 68157K->1613K(68608K)] 413684K->347140K(736256K), 0.0017794 secs] [Times: user=0.01 sys=0.00, real=0.00 secs] 
2882.705: [GC (Allocation Failure) [PSYoungGen: 68173K->1549K(68608K)] 413700K->347076K(736256K), 0.0017854 secs] [Times: user=0.00 sys=0.00, real=0.00 secs] 
2883.164: [GC (Allocation Failure) [PSYoungGen: 68109K->1536K(68608K)] 413636K->347063K(736256K), 0.0020584 secs] [Times: user=0.01 sys=0.00, real=0.00 secs] 
2883.815: [GC (Allocation Failure) [PSYoungGen: 68096K->1376K(68608K)] 413623K->346903K(736256K), 0.0029818 secs] [Times: user=0.01 sys=0.00, real=0.00 secs] 
2884.159: [GC (Allocation Failure) [PSYoungGen: 67936K->1344K(68608K)] 413463K->346871K(736256K), 0.0019546 secs] [Times: user=0.01 sys=0.00, real=0.00 secs] 
2884.475: [GC (Allocation Failure) [PSYoungGen: 67904K->1344K(68608K)] 413431K->346871K(736256K), 0.0019550 secs] [Times: user=0.01 sys=0.00, real=0.00 secs] 
2884.760: [GC (Allocation Failure) [PSYoungGen: 67904K->1344K(68608K)] 413431K->346871K(736256K), 0.0020034 secs] [Times: user=0.01 sys=0.00, real=0.00 secs] 
2885.347: [GC (Allocation Failure) [PSYoungGen: 67904K->1533K(68608K)] 413431K->347060K(736256K), 0.0018208 secs] [Times: user=0.00 sys=0.00, real=0.00 secs] 
2885.784: [GC (Allocation Failure) [PSYoungGen: 68093K->1581K(68608K)] 413620K->347108K(736256K), 0.0017201 secs] [Times: user=0.01 sys=0.00, real=0.00 secs] 
2886.185: [GC (Allocation Failure) [PSYoungGen: 68141K->1581K(68608K)] 413668K->347124K(736256K), 0.0017327 secs] [Times: user=0.01 sys=0.00, real=0.00 secs] 
2886.898: [GC (Allocation Failure) [PSYoungGen: 68141K->1504K(68608K)] 413684K->347047K(736256K), 0.0030124 secs] [Times: user=0.01 sys=0.00, real=0.00 secs] 
2887.655: [GC (Allocation Failure) [PSYoungGen: 68064K->1376K(68608K)] 413607K->346919K(736256K), 0.0030610 secs] [Times: user=0.02 sys=0.00, real=0.00 secs] 
2887.978: [GC (Allocation Failure) [PSYoungGen: 67936K->1392K(68608K)] 413479K->346935K(736256K), 0.0028171 secs] [Times: user=0.01 sys=0.00, real=0.00 secs] 
2888.415: [GC (Allocation Failure) [PSYoungGen: 67952K->1408K(68608K)] 413495K->346951K(736256K), 0.0029665 secs] [Times: user=0.01 sys=0.00, real=0.00 secs] 
2888.922: [GC (Allocation Failure) [PSYoungGen: 67968K->1453K(68608K)] 413511K->346996K(736256K), 0.0022788 secs] [Times: user=0.01 sys=0.00, real=0.01 secs] 
2889.360: [GC (Allocation Failure) [PSYoungGen: 67996K->1581K(68608K)] 413539K->347132K(736256K), 0.0017060 secs] [Times: user=0.01 sys=0.00, real=0.00 secs] 
2889.761: [GC (Allocation Failure) [PSYoungGen: 68141K->1581K(68608K)] 413692K->347132K(736256K), 0.0016740 secs] [Times: user=0.01 sys=0.00, real=0.00 secs] 
2890.165: [GC (Allocation Failure) [PSYoungGen: 68141K->1549K(68608K)] 413692K->347124K(736256K), 0.0017405 secs] [Times: user=0.01 sys=0.00, real=0.00 secs] 
2890.549: [GC (Allocation Failure) [PSYoungGen: 68109K->1472K(68608K)] 413684K->347055K(736256K), 0.0020179 secs] [Times: user=0.00 sys=0.00, real=0.00 secs] 
2890.826: [GC (Allocation Failure) [PSYoungGen: 68032K->1408K(68608K)] 413615K->346991K(736256K), 0.0019522 secs] [Times: user=0.01 sys=0.00, real=0.00 secs] 
2891.322: [GC (Allocation Failure) [PSYoungGen: 67968K->1408K(68608K)] 413551K->346991K(736256K), 0.0022781 secs] [Times: user=0.01 sys=0.00, real=0.01 secs] 
2891.862: [GC (Allocation Failure) [PSYoungGen: 67968K->1408K(68608K)] 413551K->346999K(736256K), 0.0027240 secs] [Times: user=0.01 sys=0.00, real=0.01 secs] 
2892.576: [GC (Allocation Failure) [PSYoungGen: 67957K->1517K(68608K)] 413548K->347108K(736256K), 0.0021937 secs] [Times: user=0.01 sys=0.00, real=0.00 secs] 
2892.999: [GC (Allocation Failure) [PSYoungGen: 68077K->1517K(68608K)] 413668K->347108K(736256K), 0.0018179 secs] [Times: user=0.01 sys=0.00, real=0.00 secs] 
2893.401: [GC (Allocation Failure) [PSYoungGen: 68077K->1581K(68608K)] 413668K->347172K(736256K), 0.0017320 secs] [Times: user=0.01 sys=0.00, real=0.01 secs] 
2893.805: [GC (Allocation Failure) [PSYoungGen: 68141K->1549K(68608K)] 413732K->347156K(736256K), 0.0018795 secs] [Times: user=0.00 sys=0.00, real=0.00 secs] 
2894.150: [GC (Allocation Failure) [PSYoungGen: 68109K->1424K(68608K)] 413716K->347039K(736256K), 0.0025725 secs] [Times: user=0.01 sys=0.00, real=0.00 secs] 
2894.428: [GC (Allocation Failure) [PSYoungGen: 67984K->1344K(68608K)] 413599K->346959K(736256K), 0.0019345 secs] [Times: user=0.01 sys=0.00, real=0.00 secs] 
2894.728: [GC (Allocation Failure) [PSYoungGen: 67904K->1376K(68608K)] 413519K->346991K(736256K), 0.0019821 secs] [Times: user=0.01 sys=0.00, real=0.00 secs] 
2895.283: [GC (Allocation Failure) [PSYoungGen: 67936K->1376K(68608K)] 413551K->346991K(736256K), 0.0021772 secs] [Times: user=0.01 sys=0.00, real=0.01 secs] 
2895.908: [GC (Allocation Failure) [PSYoungGen: 67936K->1453K(68608K)] 413551K->347068K(736256K), 0.0016070 secs] [Times: user=0.01 sys=0.00, real=0.00 secs] 
2896.310: [GC (Allocation Failure) [PSYoungGen: 68013K->1517K(68608K)] 413628K->347132K(736256K), 0.0017515 secs] [Times: user=0.01 sys=0.00, real=0.00 secs] 
2896.711: [GC (Allocation Failure) [PSYoungGen: 68077K->1581K(68608K)] 413692K->347196K(736256K), 0.0016419 secs] [Times: user=0.01 sys=0.00, real=0.00 secs] 
2897.113: [GC (Allocation Failure) [PSYoungGen: 68141K->1549K(68608K)] 413756K->347180K(736256K), 0.0016906 secs] [Times: user=0.01 sys=0.00, real=0.00 secs] 
2897.493: [GC (Allocation Failure) [PSYoungGen: 68109K->1424K(68608K)] 413740K->347055K(736256K), 0.0028366 secs] [Times: user=0.02 sys=0.00, real=0.00 secs] 
2897.837: [GC (Allocation Failure) [PSYoungGen: 67984K->1392K(68608K)] 413615K->347023K(736256K), 0.0020109 secs] [Times: user=0.01 sys=0.00, real=0.00 secs] 
2898.125: [GC (Allocation Failure) [PSYoungGen: 67952K->1424K(68608K)] 413583K->347055K(736256K), 0.0024399 secs] [Times: user=0.01 sys=0.00, real=0.00 secs] 
2898.411: [GC (Allocation Failure) [PSYoungGen: 67984K->1376K(68608K)] 413615K->347007K(736256K), 0.0025234 secs] [Times: user=0.01 sys=0.00, real=0.01 secs] 
2898.999: [GC (Allocation Failure) [PSYoungGen: 67936K->1421K(68608K)] 413567K->347068K(736256K), 0.0018679 secs] [Times: user=0.01 sys=0.00, real=0.00 secs] 
2899.405: [GC (Allocation Failure) [PSYoungGen: 67981K->1549K(68608K)] 413628K->347196K(736256K), 0.0017154 secs] [Times: user=0.01 sys=0.00, real=0.00 secs] 
2899.805: [GC (Allocation Failure) [PSYoungGen: 68109K->1517K(68608K)] 413756K->347164K(736256K), 0.0016626 secs] [Times: user=0.01 sys=0.00, real=0.00 secs] 
2900.269: [GC (Allocation Failure) [PSYoungGen: 68077K->1517K(68608K)] 413724K->347180K(736256K), 0.0018380 secs] [Times: user=0.01 sys=0.00, real=0.00 secs] 
2900.589: [GC (Allocation Failure) [PSYoungGen: 68077K->1408K(68608K)] 413740K->347071K(736256K), 0.0019828 secs] [Times: user=0.01 sys=0.00, real=0.00 secs] 
2900.865: [GC (Allocation Failure) [PSYoungGen: 67968K->1376K(68608K)] 413631K->347039K(736256K), 0.0022476 secs] [Times: user=0.01 sys=0.00, real=0.00 secs] 
2901.144: [GC (Allocation Failure) [PSYoungGen: 67936K->1376K(68608K)] 413599K->347039K(736256K), 0.0019804 secs] [Times: user=0.00 sys=0.00, real=0.00 secs] 
2901.420: [GC (Allocation Failure) [PSYoungGen: 67936K->1376K(68608K)] 413599K->347039K(736256K), 0.0020941 secs] [Times: user=0.01 sys=0.00, real=0.00 secs] 
2901.848: [GC (Allocation Failure) [PSYoungGen: 67936K->1549K(68608K)] 413599K->347212K(736256K), 0.0017670 secs] [Times: user=0.01 sys=0.00, real=0.00 secs] 
2902.250: [GC (Allocation Failure) [PSYoungGen: 68109K->1581K(68608K)] 413772K->347244K(736256K), 0.0016814 secs] [Times: user=0.01 sys=0.00, real=0.00 secs] 
2902.653: [GC (Allocation Failure) [PSYoungGen: 68141K->1552K(68608K)] 413804K->347215K(736256K), 0.0015538 secs] [Times: user=0.01 sys=0.00, real=0.01 secs] 
2903.056: [GC (Allocation Failure) [PSYoungGen: 68112K->1520K(68608K)] 413775K->347183K(736256K), 0.0015793 secs] [Times: user=0.01 sys=0.00, real=0.00 secs] 
2904.171: [GC (Allocation Failure) [PSYoungGen: 68080K->1376K(68608K)] 413743K->347039K(736256K), 0.0023491 secs] [Times: user=0.01 sys=0.00, real=0.01 secs] 
2905.184: [GC (Allocation Failure) [PSYoungGen: 67936K->1408K(68608K)] 413599K->347071K(736256K), 0.0031230 secs] [Times: user=0.01 sys=0.00, real=0.00 secs] 
2905.861: [GC (Allocation Failure) [PSYoungGen: 67968K->1408K(68608K)] 413631K->347071K(736256K), 0.0021392 secs] [Times: user=0.01 sys=0.00, real=0.00 secs] 
2906.155: [GC (Allocation Failure) [PSYoungGen: 67968K->1376K(68608K)] 413631K->347039K(736256K), 0.0019656 secs] [Times: user=0.01 sys=0.00, real=0.00 secs] 
2906.557: [GC (Allocation Failure) [PSYoungGen: 67936K->1517K(68608K)] 413599K->347180K(736256K), 0.0016891 secs] [Times: user=0.01 sys=0.00, real=0.00 secs] 
2906.958: [GC (Allocation Failure) [PSYoungGen: 68077K->1581K(68608K)] 413740K->347244K(736256K), 0.0017238 secs] [Times: user=0.00 sys=0.00, real=0.00 secs] 
2907.361: [GC (Allocation Failure) [PSYoungGen: 68141K->1581K(68608K)] 413804K->347244K(736256K), 0.0016552 secs] [Times: user=0.01 sys=0.00, real=0.01 secs] 
2907.884: [GC (Allocation Failure) [PSYoungGen: 68141K->1504K(68608K)] 413804K->347167K(736256K), 0.0022270 secs] [Times: user=0.01 sys=0.00, real=0.00 secs] 
2908.412: [GC (Allocation Failure) [PSYoungGen: 68064K->1408K(68608K)] 413727K->347071K(736256K), 0.0022786 secs] [Times: user=0.01 sys=0.00, real=0.01 secs] 
2908.967: [GC (Allocation Failure) [PSYoungGen: 67968K->1376K(68608K)] 413631K->347039K(736256K), 0.0022059 secs] [Times: user=0.01 sys=0.00, real=0.00 secs] 
2909.443: [GC (Allocation Failure) [PSYoungGen: 67936K->1376K(68608K)] 413599K->347039K(736256K), 0.0020728 secs] [Times: user=0.01 sys=0.00, real=0.00 secs] 
2909.726: [GC (Allocation Failure) [PSYoungGen: 67936K->1376K(68608K)] 413599K->347039K(736256K), 0.0020634 secs] [Times: user=0.01 sys=0.00, real=0.00 secs] 
2910.172: [GC (Allocation Failure) [PSYoungGen: 67936K->1581K(68608K)] 413599K->347244K(736256K), 0.0016631 secs] [Times: user=0.01 sys=0.00, real=0.01 secs] 
2910.573: [GC (Allocation Failure) [PSYoungGen: 68141K->1549K(68608K)] 413804K->347212K(736256K), 0.0018606 secs] [Times: user=0.01 sys=0.00, real=0.00 secs] 
2910.977: [GC (Allocation Failure) [PSYoungGen: 68109K->1549K(68608K)] 413772K->347236K(736256K), 0.0017707 secs] [Times: user=0.01 sys=0.00, real=0.00 secs] 
2911.429: [GC (Allocation Failure) [PSYoungGen: 68109K->1504K(68608K)] 413796K->347191K(736256K), 0.0020170 secs] [Times: user=0.01 sys=0.00, real=0.00 secs] 
2912.031: [GC (Allocation Failure) [PSYoungGen: 68064K->1360K(68608K)] 413751K->347047K(736256K), 0.0020159 secs] [Times: user=0.00 sys=0.00, real=0.01 secs] 
2912.609: [GC (Allocation Failure) [PSYoungGen: 67920K->1376K(68608K)] 413607K->347063K(736256K), 0.0021570 secs] [Times: user=0.00 sys=0.00, real=0.00 secs] 
2912.886: [GC (Allocation Failure) [PSYoungGen: 67936K->1408K(68608K)] 413623K->347095K(736256K), 0.0020480 secs] [Times: user=0.01 sys=0.00, real=0.00 secs] 
2913.234: [GC (Allocation Failure) [PSYoungGen: 67968K->1485K(68608K)] 413655K->347172K(736256K), 0.0017228 secs] [Times: user=0.01 sys=0.00, real=0.00 secs] 
2913.636: [GC (Allocation Failure) [PSYoungGen: 68045K->1581K(68608K)] 413732K->347268K(736256K), 0.0018088 secs] [Times: user=0.01 sys=0.00, real=0.00 secs] 
2914.037: [GC (Allocation Failure) [PSYoungGen: 68141K->1581K(68608K)] 413828K->347268K(736256K), 0.0016886 secs] [Times: user=0.01 sys=0.00, real=0.00 secs] 
2914.444: [GC (Allocation Failure) [PSYoungGen: 68141K->1581K(68608K)] 413828K->347284K(736256K), 0.0016503 secs] [Times: user=0.01 sys=0.00, real=0.00 secs] 
2915.040: [GC (Allocation Failure) [PSYoungGen: 68141K->1504K(68608K)] 413844K->347207K(736256K), 0.0019512 secs] [Times: user=0.00 sys=0.00, real=0.00 secs] 
2915.952: [GC (Allocation Failure) [PSYoungGen: 68064K->1408K(68608K)] 413767K->347111K(736256K), 0.0026192 secs] [Times: user=0.01 sys=0.00, real=0.01 secs] 
2916.709: [GC (Allocation Failure) [PSYoungGen: 67968K->1408K(68608K)] 413671K->347111K(736256K), 0.0033551 secs] [Times: user=0.02 sys=0.00, real=0.00 secs] 
2917.386: [GC (Allocation Failure) [PSYoungGen: 67968K->1376K(68608K)] 413671K->347079K(736256K), 0.0023878 secs] [Times: user=0.01 sys=0.00, real=0.00 secs] 
2918.040: [GC (Allocation Failure) [PSYoungGen: 67936K->1517K(68608K)] 413639K->347220K(736256K), 0.0020824 secs] [Times: user=0.00 sys=0.00, real=0.00 secs] 
2918.547: [GC (Allocation Failure) [PSYoungGen: 68077K->1581K(68608K)] 413780K->347284K(736256K), 0.0016928 secs] [Times: user=0.01 sys=0.01, real=0.00 secs] 
2919.004: [GC (Allocation Failure) [PSYoungGen: 68141K->1549K(68608K)] 413844K->347252K(736256K), 0.0017598 secs] [Times: user=0.00 sys=0.00, real=0.00 secs] 
2919.463: [GC (Allocation Failure) [PSYoungGen: 68081K->1549K(68608K)] 413784K->347260K(736256K), 0.0017326 secs] [Times: user=0.01 sys=0.00, real=0.01 secs] 
2920.166: [GC (Allocation Failure) [PSYoungGen: 68109K->1504K(68608K)] 413820K->347215K(736256K), 0.0044193 secs] [Times: user=0.02 sys=0.00, real=0.00 secs] 
2920.735: [GC (Allocation Failure) [PSYoungGen: 68064K->1376K(68608K)] 413775K->347087K(736256K), 0.0024938 secs] [Times: user=0.01 sys=0.00, real=0.00 secs] 
2921.072: [GC (Allocation Failure) [PSYoungGen: 67936K->1376K(68608K)] 413647K->347087K(736256K), 0.0024718 secs] [Times: user=0.01 sys=0.00, real=0.01 secs] 
2921.360: [GC (Allocation Failure) [PSYoungGen: 67936K->1392K(68608K)] 413647K->347119K(736256K), 0.0020538 secs] [Times: user=0.00 sys=0.01, real=0.00 secs] 
2921.719: [GC (Allocation Failure) [PSYoungGen: 67952K->1485K(68608K)] 413679K->347212K(736256K), 0.0015482 secs] [Times: user=0.01 sys=0.00, real=0.00 secs] 
2922.123: [GC (Allocation Failure) [PSYoungGen: 68045K->1517K(68608K)] 413772K->347244K(736256K), 0.0016795 secs] [Times: user=0.00 sys=0.00, real=0.01 secs] 
2922.587: [GC (Allocation Failure) [PSYoungGen: 68077K->1581K(68608K)] 413804K->347308K(736256K), 0.0018219 secs] [Times: user=0.01 sys=0.00, real=0.00 secs] 
2922.987: [GC (Allocation Failure) [PSYoungGen: 68141K->1549K(68608K)] 413868K->347292K(736256K), 0.0017454 secs] [Times: user=0.01 sys=0.00, real=0.00 secs] 
2924.254: [GC (Allocation Failure) [PSYoungGen: 68109K->1392K(68608K)] 413852K->347135K(736256K), 0.0041886 secs] [Times: user=0.02 sys=0.00, real=0.00 secs] 
2924.868: [GC (Allocation Failure) [PSYoungGen: 67952K->1376K(68608K)] 413695K->347119K(736256K), 0.0023779 secs] [Times: user=0.01 sys=0.00, real=0.00 secs] 
2925.142: [GC (Allocation Failure) [PSYoungGen: 67936K->1376K(68608K)] 413679K->347119K(736256K), 0.0019710 secs] [Times: user=0.01 sys=0.00, real=0.01 secs] 
2925.418: [GC (Allocation Failure) [PSYoungGen: 67936K->1376K(68608K)] 413679K->347119K(736256K), 0.0019563 secs] [Times: user=0.01 sys=0.00, real=0.00 secs] 
2925.778: [GC (Allocation Failure) [PSYoungGen: 67936K->1517K(68608K)] 413679K->347260K(736256K), 0.0056353 secs] [Times: user=0.02 sys=0.00, real=0.01 secs] 
2926.259: [GC (Allocation Failure) [PSYoungGen: 68055K->1581K(68608K)] 413799K->347324K(736256K), 0.0017564 secs] [Times: user=0.01 sys=0.00, real=0.00 secs] 
2926.726: [GC (Allocation Failure) [PSYoungGen: 68141K->1517K(68608K)] 413884K->347260K(736256K), 0.0018204 secs] [Times: user=0.01 sys=0.00, real=0.00 secs] 
2927.130: [GC (Allocation Failure) [PSYoungGen: 68051K->1581K(68608K)] 413794K->347340K(736256K), 0.0017428 secs] [Times: user=0.01 sys=0.00, real=0.00 secs] 
2927.643: [GC (Allocation Failure) [PSYoungGen: 68141K->1392K(68608K)] 413900K->347151K(736256K), 0.0040172 secs] [Times: user=0.01 sys=0.00, real=0.00 secs] 
2927.935: [GC (Allocation Failure) [PSYoungGen: 67952K->1392K(68608K)] 413711K->347151K(736256K), 0.0020998 secs] [Times: user=0.00 sys=0.00, real=0.00 secs] 
2928.212: [GC (Allocation Failure) [PSYoungGen: 67952K->1392K(68608K)] 413711K->347151K(736256K), 0.0020954 secs] [Times: user=0.00 sys=0.00, real=0.01 secs] 
2928.488: [GC (Allocation Failure) [PSYoungGen: 67952K->1344K(68608K)] 413711K->347103K(736256K), 0.0022004 secs] [Times: user=0.00 sys=0.00, real=0.00 secs] 
2928.869: [GC (Allocation Failure) [PSYoungGen: 67904K->1549K(68608K)] 413663K->347308K(736256K), 0.0015792 secs] [Times: user=0.01 sys=0.00, real=0.00 secs] 
2929.341: [GC (Allocation Failure) [PSYoungGen: 68109K->1485K(68608K)] 413868K->347244K(736256K), 0.0016417 secs] [Times: user=0.01 sys=0.00, real=0.00 secs] 
2929.747: [GC (Allocation Failure) [PSYoungGen: 68045K->1581K(68608K)] 413804K->347356K(736256K), 0.0018222 secs] [Times: user=0.01 sys=0.00, real=0.00 secs] 
2930.147: [GC (Allocation Failure) [PSYoungGen: 68116K->1517K(68608K)] 413891K->347308K(736256K), 0.0017267 secs] [Times: user=0.00 sys=0.00, real=0.00 secs] 
2930.466: [GC (Allocation Failure) [PSYoungGen: 68077K->1408K(68608K)] 413868K->347199K(736256K), 0.0029069 secs] [Times: user=0.01 sys=0.00, real=0.00 secs] 
2930.735: [GC (Allocation Failure) [PSYoungGen: 67968K->1392K(68608K)] 413759K->347183K(736256K), 0.0021118 secs] [Times: user=0.01 sys=0.00, real=0.00 secs] 
2931.012: [GC (Allocation Failure) [PSYoungGen: 67952K->1408K(68608K)] 413743K->347199K(736256K), 0.0019505 secs] [Times: user=0.00 sys=0.00, real=0.01 secs] 
2931.288: [GC (Allocation Failure) [PSYoungGen: 67968K->1408K(68608K)] 413759K->347199K(736256K), 0.0019987 secs] [Times: user=0.01 sys=0.00, real=0.00 secs] 
2931.715: [GC (Allocation Failure) [PSYoungGen: 67968K->1485K(68608K)] 413759K->347276K(736256K), 0.0017518 secs] [Times: user=0.01 sys=0.00, real=0.00 secs] 
2932.117: [GC (Allocation Failure) [PSYoungGen: 68045K->1549K(68608K)] 413836K->347340K(736256K), 0.0017023 secs] [Times: user=0.01 sys=0.00, real=0.00 secs] 
2932.519: [GC (Allocation Failure) [PSYoungGen: 68109K->1581K(68608K)] 413900K->347372K(736256K), 0.0016599 secs] [Times: user=0.01 sys=0.00, real=0.00 secs] 
2932.972: [GC (Allocation Failure) [PSYoungGen: 68141K->2016K(68608K)] 413932K->347823K(736256K), 0.0018808 secs] [Times: user=0.01 sys=0.00, real=0.01 secs] 
2933.761: [GC (Allocation Failure) [PSYoungGen: 68576K->1408K(68608K)] 414383K->347215K(736256K), 0.0026528 secs] [Times: user=0.01 sys=0.00, real=0.01 secs] 
2934.627: [GC (Allocation Failure) [PSYoungGen: 67968K->1376K(68608K)] 413775K->347183K(736256K), 0.0046041 secs] [Times: user=0.02 sys=0.00, real=0.00 secs] 
2934.929: [GC (Allocation Failure) [PSYoungGen: 67936K->1408K(68608K)] 413743K->347215K(736256K), 0.0020225 secs] [Times: user=0.01 sys=0.00, real=0.00 secs] 
2935.205: [GC (Allocation Failure) [PSYoungGen: 67968K->1408K(68608K)] 413775K->347215K(736256K), 0.0020074 secs] [Times: user=0.00 sys=0.00, real=0.00 secs] 
2935.621: [GC (Allocation Failure) [PSYoungGen: 67968K->1549K(68608K)] 413775K->347356K(736256K), 0.0017230 secs] [Times: user=0.01 sys=0.00, real=0.01 secs] 
2936.025: [GC (Allocation Failure) [PSYoungGen: 68109K->1597K(68608K)] 413916K->347404K(736256K), 0.0021198 secs] [Times: user=0.01 sys=0.00, real=0.00 secs] 
2936.436: [GC (Allocation Failure) [PSYoungGen: 68157K->1581K(68608K)] 413964K->347388K(736256K), 0.0016722 secs] [Times: user=0.01 sys=0.00, real=0.00 secs] 
2936.941: [GC (Allocation Failure) [PSYoungGen: 68141K->1504K(68608K)] 413948K->347311K(736256K), 0.0019689 secs] [Times: user=0.01 sys=0.00, real=0.00 secs] 
2937.509: [GC (Allocation Failure) [PSYoungGen: 68064K->1408K(68608K)] 413871K->347215K(736256K), 0.0018673 secs] [Times: user=0.01 sys=0.00, real=0.00 secs] 
2937.791: [GC (Allocation Failure) [PSYoungGen: 67968K->1376K(68608K)] 413775K->347183K(736256K), 0.0027613 secs] [Times: user=0.01 sys=0.00, real=0.01 secs] 
2938.065: [GC (Allocation Failure) [PSYoungGen: 67936K->1344K(68608K)] 413743K->347151K(736256K), 0.0020399 secs] [Times: user=0.01 sys=0.00, real=0.00 secs] 
2938.342: [GC (Allocation Failure) [PSYoungGen: 67904K->1344K(68608K)] 413711K->347151K(736256K), 0.0019654 secs] [Times: user=0.01 sys=0.00, real=0.01 secs] 
2938.782: [GC (Allocation Failure) [PSYoungGen: 67904K->1549K(68608K)] 413711K->347356K(736256K), 0.0016734 secs] [Times: user=0.00 sys=0.00, real=0.01 secs] 
2939.186: [GC (Allocation Failure) [PSYoungGen: 68109K->1549K(68608K)] 413916K->347356K(736256K), 0.0018040 secs] [Times: user=0.00 sys=0.00, real=0.00 secs] 
2939.591: [GC (Allocation Failure) [PSYoungGen: 68109K->1549K(68608K)] 413916K->347380K(736256K), 0.0017369 secs] [Times: user=0.01 sys=0.00, real=0.00 secs] 
2940.000: [GC (Allocation Failure) [PSYoungGen: 68109K->1472K(68608K)] 413940K->347303K(736256K), 0.0018896 secs] [Times: user=0.01 sys=0.00, real=0.00 secs] 
2940.312: [GC (Allocation Failure) [PSYoungGen: 68032K->1408K(68608K)] 413863K->347239K(736256K), 0.0019128 secs] [Times: user=0.01 sys=0.00, real=0.01 secs] 
2940.662: [GC (Allocation Failure) [PSYoungGen: 67968K->1376K(68608K)] 413799K->347207K(736256K), 0.0020145 secs] [Times: user=0.01 sys=0.00, real=0.01 secs] 
2940.972: [GC (Allocation Failure) [PSYoungGen: 67936K->1376K(68608K)] 413767K->347207K(736256K), 0.0018696 secs] [Times: user=0.01 sys=0.01, real=0.01 secs] 
2941.407: [GC (Allocation Failure) [PSYoungGen: 67936K->1408K(68608K)] 413767K->347239K(736256K), 0.0023794 secs] [Times: user=0.01 sys=0.01, real=0.00 secs] 
2941.885: [GC (Allocation Failure) [PSYoungGen: 67968K->1581K(68608K)] 413799K->347412K(736256K), 0.0017597 secs] [Times: user=0.00 sys=0.00, real=0.00 secs] 
2942.288: [GC (Allocation Failure) [PSYoungGen: 68141K->1581K(68608K)] 413972K->347412K(736256K), 0.0018280 secs] [Times: user=0.01 sys=0.00, real=0.00 secs] 
2942.749: [GC (Allocation Failure) [PSYoungGen: 68141K->1517K(68608K)] 413972K->347356K(736256K), 0.0016465 secs] [Times: user=0.01 sys=0.00, real=0.00 secs] 
2943.363: [GC (Allocation Failure) [PSYoungGen: 68077K->1488K(68608K)] 413916K->347327K(736256K), 0.0043824 secs] [Times: user=0.02 sys=0.00, real=0.01 secs] 
2944.149: [GC (Allocation Failure) [PSYoungGen: 68048K->1408K(68608K)] 413887K->347247K(736256K), 0.0039457 secs] [Times: user=0.01 sys=0.00, real=0.01 secs] 
2944.831: [GC (Allocation Failure) [PSYoungGen: 67968K->1408K(68608K)] 413807K->347247K(736256K), 0.0033224 secs] [Times: user=0.01 sys=0.00, real=0.01 secs] 
2945.336: [GC (Allocation Failure) [PSYoungGen: 67968K->1408K(68608K)] 413807K->347247K(736256K), 0.0025508 secs] [Times: user=0.01 sys=0.00, real=0.00 secs] 
2945.890: [GC (Allocation Failure) [PSYoungGen: 67968K->1549K(68608K)] 413807K->347388K(736256K), 0.0016384 secs] [Times: user=0.00 sys=0.00, real=0.00 secs] 
2946.294: [GC (Allocation Failure) [PSYoungGen: 68109K->1549K(68608K)] 413948K->347388K(736256K), 0.0021372 secs] [Times: user=0.00 sys=0.00, real=0.00 secs] 
2946.705: [GC (Allocation Failure) [PSYoungGen: 68109K->1613K(68608K)] 413948K->347452K(736256K), 0.0017263 secs] [Times: user=0.01 sys=0.00, real=0.00 secs] 
2947.108: [GC (Allocation Failure) [PSYoungGen: 68173K->1613K(68608K)] 414012K->347468K(736256K), 0.0017007 secs] [Times: user=0.00 sys=0.00, real=0.00 secs] 
2947.467: [GC (Allocation Failure) [PSYoungGen: 68173K->1472K(68608K)] 414028K->347327K(736256K), 0.0018765 secs] [Times: user=0.01 sys=0.00, real=0.00 secs] 
2947.744: [GC (Allocation Failure) [PSYoungGen: 68032K->1376K(68608K)] 413887K->347231K(736256K), 0.0017247 secs] [Times: user=0.01 sys=0.00, real=0.00 secs] 
2948.020: [GC (Allocation Failure) [PSYoungGen: 67936K->1344K(68608K)] 413791K->347199K(736256K), 0.0024653 secs] [Times: user=0.01 sys=0.00, real=0.00 secs] 
2948.298: [GC (Allocation Failure) [PSYoungGen: 67904K->1376K(68608K)] 413759K->347231K(736256K), 0.0022146 secs] [Times: user=0.01 sys=0.00, real=0.00 secs] 
2948.687: [GC (Allocation Failure) [PSYoungGen: 67936K->1517K(68608K)] 413791K->347372K(736256K), 0.0016457 secs] [Times: user=0.01 sys=0.00, real=0.00 secs] 
2949.089: [GC (Allocation Failure) [PSYoungGen: 68077K->1549K(68608K)] 413932K->347404K(736256K), 0.0016598 secs] [Times: user=0.00 sys=0.00, real=0.00 secs] 
2949.492: [GC (Allocation Failure) [PSYoungGen: 68109K->1517K(68608K)] 413964K->347372K(736256K), 0.0017402 secs] [Times: user=0.01 sys=0.00, real=0.01 secs] 
2949.895: [GC (Allocation Failure) [PSYoungGen: 68077K->1549K(68608K)] 413932K->347428K(736256K), 0.0016686 secs] [Times: user=0.00 sys=0.00, real=0.00 secs] 
2950.231: [GC (Allocation Failure) [PSYoungGen: 68109K->1408K(68608K)] 413988K->347287K(736256K), 0.0016696 secs] [Times: user=0.01 sys=0.00, real=0.00 secs] 
2950.506: [GC (Allocation Failure) [PSYoungGen: 67968K->1344K(68608K)] 413847K->347223K(736256K), 0.0015180 secs] [Times: user=0.01 sys=0.00, real=0.00 secs] 
2950.941: [GC (Allocation Failure) [PSYoungGen: 67904K->1360K(68608K)] 413783K->347239K(736256K), 0.0023970 secs] [Times: user=0.01 sys=0.00, real=0.01 secs] 
2951.549: [GC (Allocation Failure) [PSYoungGen: 67920K->1408K(68608K)] 413799K->347287K(736256K), 0.0022719 secs] [Times: user=0.01 sys=0.01, real=0.00 secs] 
2952.103: [GC (Allocation Failure) [PSYoungGen: 67968K->1453K(68608K)] 413847K->347332K(736256K), 0.0016038 secs] [Times: user=0.00 sys=0.00, real=0.01 secs] 
2952.565: [GC (Allocation Failure) [PSYoungGen: 68013K->1549K(68608K)] 413892K->347428K(736256K), 0.0018586 secs] [Times: user=0.01 sys=0.00, real=0.00 secs] 
2953.028: [GC (Allocation Failure) [PSYoungGen: 68109K->1533K(68608K)] 413988K->347412K(736256K), 0.0018174 secs] [Times: user=0.01 sys=0.00, real=0.00 secs] 
2953.433: [GC (Allocation Failure) [PSYoungGen: 68093K->1517K(68608K)] 413972K->347412K(736256K), 0.0015852 secs] [Times: user=0.01 sys=0.00, real=0.01 secs] 
2953.756: [GC (Allocation Failure) [PSYoungGen: 68077K->1376K(68608K)] 413972K->347271K(736256K), 0.0026722 secs] [Times: user=0.01 sys=0.00, real=0.00 secs] 
2954.030: [GC (Allocation Failure) [PSYoungGen: 67936K->1376K(68608K)] 413831K->347271K(736256K), 0.0020719 secs] [Times: user=0.01 sys=0.00, real=0.00 secs] 
2954.307: [GC (Allocation Failure) [PSYoungGen: 67936K->1344K(68608K)] 413831K->347239K(736256K), 0.0019997 secs] [Times: user=0.01 sys=0.00, real=0.00 secs] 
2954.610: [GC (Allocation Failure) [PSYoungGen: 67904K->1424K(68608K)] 413799K->347319K(736256K), 0.0019169 secs] [Times: user=0.01 sys=0.00, real=0.00 secs] 
2955.075: [GC (Allocation Failure) [PSYoungGen: 67984K->1472K(68608K)] 413879K->347367K(736256K), 0.0016878 secs] [Times: user=0.01 sys=0.00, real=0.00 secs] 
2955.537: [GC (Allocation Failure) [PSYoungGen: 68025K->1533K(68608K)] 413920K->347428K(736256K), 0.0016407 secs] [Times: user=0.01 sys=0.00, real=0.00 secs] 
2955.937: [GC (Allocation Failure) [PSYoungGen: 68093K->1581K(68608K)] 413988K->347476K(736256K), 0.0018269 secs] [Times: user=0.01 sys=0.00, real=0.00 secs] 
2956.357: [GC (Allocation Failure) [PSYoungGen: 68141K->1568K(68608K)] 414036K->347463K(736256K), 0.0016637 secs] [Times: user=0.01 sys=0.00, real=0.00 secs] 
2956.886: [GC (Allocation Failure) [PSYoungGen: 68128K->1408K(68608K)] 414023K->347303K(736256K), 0.0029921 secs] [Times: user=0.01 sys=0.01, real=0.00 secs] 
2957.420: [GC (Allocation Failure) [PSYoungGen: 67968K->1376K(68608K)] 413863K->347271K(736256K), 0.0032915 secs] [Times: user=0.02 sys=0.00, real=0.01 secs] 
2957.934: [GC (Allocation Failure) [PSYoungGen: 67936K->1376K(68608K)] 413831K->347271K(736256K), 0.0023206 secs] [Times: user=0.01 sys=0.00, real=0.00 secs] 
2958.427: [GC (Allocation Failure) [PSYoungGen: 67936K->1376K(68608K)] 413831K->347271K(736256K), 0.0022967 secs] [Times: user=0.01 sys=0.00, real=0.00 secs] 
2958.891: [GC (Allocation Failure) [PSYoungGen: 67936K->1549K(68608K)] 413831K->347444K(736256K), 0.0016990 secs] [Times: user=0.01 sys=0.00, real=0.01 secs] 
2959.294: [GC (Allocation Failure) [PSYoungGen: 68109K->1549K(68608K)] 414004K->347460K(736256K), 0.0016974 secs] [Times: user=0.01 sys=0.00, real=0.00 secs] 
2959.699: [GC (Allocation Failure) [PSYoungGen: 68109K->1549K(68608K)] 414020K->347460K(736256K), 0.0017001 secs] [Times: user=0.00 sys=0.00, real=0.00 secs] 
2960.180: [GC (Allocation Failure) [PSYoungGen: 68109K->1504K(68608K)] 414020K->347423K(736256K), 0.0019641 secs] [Times: user=0.01 sys=0.00, real=0.00 secs] 
2960.802: [GC (Allocation Failure) [PSYoungGen: 68064K->1376K(68608K)] 413983K->347295K(736256K), 0.0017749 secs] [Times: user=0.01 sys=0.00, real=0.01 secs] 
2961.332: [GC (Allocation Failure) [PSYoungGen: 67936K->1376K(68608K)] 413855K->347295K(736256K), 0.0019291 secs] [Times: user=0.01 sys=0.00, real=0.01 secs] 
2961.829: [GC (Allocation Failure) [PSYoungGen: 67936K->1408K(68608K)] 413855K->347327K(736256K), 0.0018065 secs] [Times: user=0.01 sys=0.00, real=0.00 secs] 
2962.105: [GC (Allocation Failure) [PSYoungGen: 67968K->1376K(68608K)] 413887K->347295K(736256K), 0.0017933 secs] [Times: user=0.00 sys=0.01, real=0.00 secs] 
2962.536: [GC (Allocation Failure) [PSYoungGen: 67936K->1549K(68608K)] 413855K->347468K(736256K), 0.0016824 secs] [Times: user=0.00 sys=0.00, real=0.00 secs] 
2962.932: [GC (Allocation Failure) [PSYoungGen: 68109K->1549K(68608K)] 414028K->347468K(736256K), 0.0016933 secs] [Times: user=0.01 sys=0.00, real=0.01 secs] 
2963.335: [GC (Allocation Failure) [PSYoungGen: 68109K->1549K(68608K)] 414028K->347476K(736256K), 0.0017125 secs] [Times: user=0.01 sys=0.00, real=0.00 secs] 
2963.899: [GC (Allocation Failure) [PSYoungGen: 68109K->1488K(68608K)] 414036K->347415K(736256K), 0.0021702 secs] [Times: user=0.01 sys=0.00, real=0.00 secs] 
2964.496: [GC (Allocation Failure) [PSYoungGen: 68048K->1376K(68608K)] 413975K->347303K(736256K), 0.0025200 secs] [Times: user=0.00 sys=0.01, real=0.00 secs] 
2965.064: [GC (Allocation Failure) [PSYoungGen: 67936K->1376K(68608K)] 413863K->347303K(736256K), 0.0022736 secs] [Times: user=0.01 sys=0.00, real=0.00 secs] 
2965.813: [GC (Allocation Failure) [PSYoungGen: 67936K->1376K(68608K)] 413863K->347303K(736256K), 0.0023947 secs] [Times: user=0.01 sys=0.00, real=0.00 secs] 
2966.443: [GC (Allocation Failure) [PSYoungGen: 67936K->1440K(68608K)] 413863K->347367K(736256K), 0.0023172 secs] [Times: user=0.01 sys=0.00, real=0.00 secs] 
2966.894: [GC (Allocation Failure) [PSYoungGen: 68000K->1549K(68608K)] 413927K->347476K(736256K), 0.0015246 secs] [Times: user=0.01 sys=0.00, real=0.00 secs] 
2967.298: [GC (Allocation Failure) [PSYoungGen: 68109K->1549K(68608K)] 414036K->347476K(736256K), 0.0016792 secs] [Times: user=0.01 sys=0.00, real=0.00 secs] 
2967.700: [GC (Allocation Failure) [PSYoungGen: 68109K->1549K(68608K)] 414036K->347492K(736256K), 0.0016960 secs] [Times: user=0.01 sys=0.00, real=0.00 secs] 
2968.238: [GC (Allocation Failure) [PSYoungGen: 68109K->1472K(68608K)] 414052K->347415K(736256K), 0.0024311 secs] [Times: user=0.01 sys=0.01, real=0.00 secs] 
2968.832: [GC (Allocation Failure) [PSYoungGen: 68032K->1376K(68608K)] 413975K->347319K(736256K), 0.0022789 secs] [Times: user=0.01 sys=0.00, real=0.01 secs] 
2969.469: [GC (Allocation Failure) [PSYoungGen: 67936K->1408K(68608K)] 413879K->347351K(736256K), 0.0023345 secs] [Times: user=0.01 sys=0.00, real=0.00 secs] 
2970.119: [GC (Allocation Failure) [PSYoungGen: 67968K->1408K(68608K)] 413911K->347351K(736256K), 0.0026040 secs] [Times: user=0.01 sys=0.00, real=0.00 secs] 
2970.707: [GC (Allocation Failure) [PSYoungGen: 67968K->1520K(68608K)] 413911K->347463K(736256K), 0.0021224 secs] [Times: user=0.01 sys=0.00, real=0.00 secs] 
2971.126: [GC (Allocation Failure) [PSYoungGen: 68080K->1549K(68608K)] 414023K->347492K(736256K), 0.0017253 secs] [Times: user=0.01 sys=0.00, real=0.00 secs] 
2971.528: [GC (Allocation Failure) [PSYoungGen: 68109K->1581K(68608K)] 414052K->347540K(736256K), 0.0017115 secs] [Times: user=0.00 sys=0.00, real=0.00 secs] 
2971.934: [GC (Allocation Failure) [PSYoungGen: 68141K->1517K(68608K)] 414100K->347492K(736256K), 0.0017444 secs] [Times: user=0.01 sys=0.00, real=0.00 secs] 
2972.513: [GC (Allocation Failure) [PSYoungGen: 68077K->1488K(68608K)] 414052K->347463K(736256K), 0.0016888 secs] [Times: user=0.01 sys=0.00, real=0.01 secs] 
2973.241: [GC (Allocation Failure) [PSYoungGen: 68048K->1376K(68608K)] 414023K->347351K(736256K), 0.0032954 secs] [Times: user=0.01 sys=0.00, real=0.01 secs] 
2974.000: [GC (Allocation Failure) [PSYoungGen: 67936K->1376K(68608K)] 413911K->347351K(736256K), 0.0030627 secs] [Times: user=0.01 sys=0.00, real=0.00 secs] 
2974.551: [GC (Allocation Failure) [PSYoungGen: 67936K->1376K(68608K)] 413911K->347351K(736256K), 0.0026201 secs] [Times: user=0.01 sys=0.00, real=0.01 secs] 
2975.177: [GC (Allocation Failure) [PSYoungGen: 67936K->1469K(68608K)] 413911K->347444K(736256K), 0.0015656 secs] [Times: user=0.01 sys=0.00, real=0.00 secs] 
2975.579: [GC (Allocation Failure) [PSYoungGen: 68029K->1549K(68608K)] 414004K->347524K(736256K), 0.0017521 secs] [Times: user=0.01 sys=0.00, real=0.00 secs] 
2975.981: [GC (Allocation Failure) [PSYoungGen: 68109K->1533K(68608K)] 414084K->347508K(736256K), 0.0017895 secs] [Times: user=0.01 sys=0.00, real=0.00 secs] 
2976.381: [GC (Allocation Failure) [PSYoungGen: 68093K->1504K(68608K)] 414068K->347487K(736256K), 0.0017578 secs] [Times: user=0.01 sys=0.00, real=0.00 secs] 
2976.749: [GC (Allocation Failure) [PSYoungGen: 68064K->1456K(68608K)] 414047K->347439K(736256K), 0.0018376 secs] [Times: user=0.01 sys=0.00, real=0.00 secs] 
2977.231: [GC (Allocation Failure) [PSYoungGen: 68016K->1376K(68608K)] 413999K->347359K(736256K), 0.0019663 secs] [Times: user=0.01 sys=0.00, real=0.00 secs] 
2978.037: [GC (Allocation Failure) [PSYoungGen: 67936K->1376K(68608K)] 413919K->347359K(736256K), 0.0022306 secs] [Times: user=0.01 sys=0.00, real=0.00 secs] 
2979.084: [GC (Allocation Failure) [PSYoungGen: 67936K->1344K(68608K)] 413919K->347327K(736256K), 0.0040400 secs] [Times: user=0.02 sys=0.00, real=0.00 secs] 
2979.814: [GC (Allocation Failure) [PSYoungGen: 67904K->1549K(68608K)] 413887K->347532K(736256K), 0.0016561 secs] [Times: user=0.01 sys=0.00, real=0.00 secs] 
2980.218: [GC (Allocation Failure) [PSYoungGen: 68107K->1549K(68608K)] 414090K->347532K(736256K), 0.0016974 secs] [Times: user=0.00 sys=0.00, real=0.00 secs] 
2980.618: [GC (Allocation Failure) [PSYoungGen: 68109K->1581K(68608K)] 414092K->347564K(736256K), 0.0016794 secs] [Times: user=0.00 sys=0.00, real=0.00 secs] 
2981.084: [GC (Allocation Failure) [PSYoungGen: 68141K->1533K(68608K)] 414124K->347524K(736256K), 0.0018536 secs] [Times: user=0.00 sys=0.00, real=0.00 secs] 
2981.802: [GC (Allocation Failure) [PSYoungGen: 68093K->1392K(68608K)] 414084K->347391K(736256K), 0.0028657 secs] [Times: user=0.01 sys=0.00, real=0.01 secs] 
2982.510: [GC (Allocation Failure) [PSYoungGen: 67952K->1376K(68608K)] 413951K->347375K(736256K), 0.0035336 secs] [Times: user=0.02 sys=0.00, real=0.01 secs] 
2983.004: [GC (Allocation Failure) [PSYoungGen: 67936K->1376K(68608K)] 413935K->347375K(736256K), 0.0022924 secs] [Times: user=0.01 sys=0.00, real=0.00 secs] 
2983.273: [GC (Allocation Failure) [PSYoungGen: 67936K->1376K(68608K)] 413935K->347375K(736256K), 0.0019336 secs] [Times: user=0.01 sys=0.00, real=0.00 secs] 
2983.666: [GC (Allocation Failure) [PSYoungGen: 67936K->1517K(68608K)] 413935K->347516K(736256K), 0.0015888 secs] [Times: user=0.00 sys=0.00, real=0.00 secs] 
2984.117: [GC (Allocation Failure) [PSYoungGen: 68077K->1549K(68608K)] 414076K->347548K(736256K), 0.0017080 secs] [Times: user=0.00 sys=0.00, real=0.00 secs] 
2984.519: [GC (Allocation Failure) [PSYoungGen: 68109K->1517K(68608K)] 414108K->347516K(736256K), 0.0018594 secs] [Times: user=0.01 sys=0.00, real=0.00 secs] 
2984.925: [GC (Allocation Failure) [PSYoungGen: 68077K->1549K(68608K)] 414076K->347564K(736256K), 0.0018085 secs] [Times: user=0.01 sys=0.00, real=0.00 secs] 
2985.556: [GC (Allocation Failure) [PSYoungGen: 68109K->1408K(68608K)] 414124K->347423K(736256K), 0.0033941 secs] [Times: user=0.01 sys=0.00, real=0.00 secs] 
2986.130: [GC (Allocation Failure) [PSYoungGen: 67968K->1376K(68608K)] 413983K->347391K(736256K), 0.0027507 secs] [Times: user=0.01 sys=0.00, real=0.00 secs] 
2986.734: [GC (Allocation Failure) [PSYoungGen: 67936K->1408K(68608K)] 413951K->347423K(736256K), 0.0025970 secs] [Times: user=0.01 sys=0.00, real=0.00 secs] 
2987.302: [GC (Allocation Failure) [PSYoungGen: 67968K->1376K(68608K)] 413983K->347391K(736256K), 0.0032674 secs] [Times: user=0.01 sys=0.00, real=0.01 secs] 
2987.835: [GC (Allocation Failure) [PSYoungGen: 67936K->1517K(68608K)] 413951K->347532K(736256K), 0.0016697 secs] [Times: user=0.00 sys=0.00, real=0.00 secs] 
2988.238: [GC (Allocation Failure) [PSYoungGen: 68077K->1581K(68608K)] 414092K->347596K(736256K), 0.0017184 secs] [Times: user=0.00 sys=0.00, real=0.00 secs] 
2988.639: [GC (Allocation Failure) [PSYoungGen: 68141K->1581K(68608K)] 414156K->347596K(736256K), 0.0018408 secs] [Times: user=0.01 sys=0.00, real=0.00 secs] 
2989.181: [GC (Allocation Failure) [PSYoungGen: 68141K->1664K(68608K)] 414156K->347679K(736256K), 0.0020243 secs] [Times: user=0.01 sys=0.00, real=0.01 secs] 
2990.313: [GC (Allocation Failure) [PSYoungGen: 68224K->1408K(68608K)] 414239K->347423K(736256K), 0.0027243 secs] [Times: user=0.01 sys=0.00, real=0.01 secs] 
2990.880: [GC (Allocation Failure) [PSYoungGen: 67968K->1312K(68608K)] 413983K->347343K(736256K), 0.0021254 secs] [Times: user=0.01 sys=0.00, real=0.00 secs] 
2991.165: [GC (Allocation Failure) [PSYoungGen: 67872K->1360K(68608K)] 413903K->347391K(736256K), 0.0020014 secs] [Times: user=0.01 sys=0.00, real=0.00 secs] 
2991.485: [GC (Allocation Failure) [PSYoungGen: 67920K->1344K(68608K)] 413951K->347375K(736256K), 0.0019698 secs] [Times: user=0.01 sys=0.00, real=0.00 secs] 
2991.925: [GC (Allocation Failure) [PSYoungGen: 67904K->1549K(68608K)] 413935K->347580K(736256K), 0.0016388 secs] [Times: user=0.00 sys=0.00, real=0.00 secs] 
2992.329: [GC (Allocation Failure) [PSYoungGen: 68109K->1581K(68608K)] 414140K->347612K(736256K), 0.0017239 secs] [Times: user=0.01 sys=0.00, real=0.00 secs] 
2992.788: [GC (Allocation Failure) [PSYoungGen: 68141K->1549K(68608K)] 414172K->347580K(736256K), 0.0017212 secs] [Times: user=0.01 sys=0.00, real=0.00 secs] 
2993.352: [GC (Allocation Failure) [PSYoungGen: 68109K->1488K(68608K)] 414140K->347519K(736256K), 0.0027755 secs] [Times: user=0.01 sys=0.00, real=0.01 secs] 
2994.478: [GC (Allocation Failure) [PSYoungGen: 68048K->1408K(68608K)] 414079K->347439K(736256K), 0.0033217 secs] [Times: user=0.01 sys=0.00, real=0.00 secs] 
2995.073: [GC (Allocation Failure) [PSYoungGen: 67968K->1376K(68608K)] 413999K->347407K(736256K), 0.0029273 secs] [Times: user=0.02 sys=0.00, real=0.00 secs] 
2995.487: [GC (Allocation Failure) [PSYoungGen: 67936K->1376K(68608K)] 413967K->347407K(736256K), 0.0029837 secs] [Times: user=0.01 sys=0.01, real=0.00 secs] 
2995.955: [GC (Allocation Failure) [PSYoungGen: 67936K->1360K(68608K)] 413967K->347391K(736256K), 0.0022749 secs] [Times: user=0.01 sys=0.00, real=0.00 secs] 
2996.613: [GC (Allocation Failure) [PSYoungGen: 67920K->1517K(68608K)] 413951K->347548K(736256K), 0.0018401 secs] [Times: user=0.00 sys=0.00, real=0.01 secs] 
2997.013: [GC (GCLocker Initiated GC) [PSYoungGen: 68077K->1517K(68608K)] 414108K->347548K(736256K), 0.0018011 secs] [Times: user=0.01 sys=0.00, real=0.00 secs] 
2997.416: [GC (Allocation Failure) [PSYoungGen: 68077K->1517K(68608K)] 414302K->347750K(736256K), 0.0017330 secs] [Times: user=0.01 sys=0.00, real=0.00 secs] 
2998.029: [GC (Allocation Failure) [PSYoungGen: 68077K->1600K(68608K)] 414310K->347832K(736256K), 0.0027015 secs] [Times: user=0.01 sys=0.00, real=0.00 secs] 
2998.857: [GC (Allocation Failure) [PSYoungGen: 68160K->1504K(68608K)] 414392K->347736K(736256K), 0.0026408 secs] [Times: user=0.01 sys=0.00, real=0.00 secs] 
2999.657: [GC (Allocation Failure) [PSYoungGen: 68064K->1472K(68608K)] 414296K->347704K(736256K), 0.0035231 secs] [Times: user=0.01 sys=0.00, real=0.00 secs] 
3000.192: [GC (Allocation Failure) [PSYoungGen: 68032K->1504K(68608K)] 414264K->347736K(736256K), 0.0032772 secs] [Times: user=0.01 sys=0.00, real=0.01 secs] 
3000.566: [GC (Allocation Failure) [PSYoungGen: 68064K->1517K(68608K)] 414296K->347750K(736256K), 0.0021447 secs] [Times: user=0.00 sys=0.00, real=0.00 secs] 
3000.984: [GC (Allocation Failure) [PSYoungGen: 68077K->1645K(68608K)] 414310K->347878K(736256K), 0.0015818 secs] [Times: user=0.01 sys=0.00, real=0.00 secs] 
3001.387: [GC (Allocation Failure) [PSYoungGen: 68205K->1613K(68608K)] 414438K->347846K(736256K), 0.0016946 secs] [Times: user=0.00 sys=0.00, real=0.00 secs] 
3001.788: [GC (Allocation Failure) [PSYoungGen: 68162K->1645K(68608K)] 414395K->347902K(736256K), 0.0016669 secs] [Times: user=0.00 sys=0.00, real=0.00 secs] 
3002.348: [GC (Allocation Failure) [PSYoungGen: 68205K->1568K(68608K)] 414462K->347824K(736256K), 0.0020498 secs] [Times: user=0.01 sys=0.00, real=0.00 secs] 
3002.949: [GC (Allocation Failure) [PSYoungGen: 68128K->1472K(68608K)] 414384K->347728K(736256K), 0.0032741 secs] [Times: user=0.02 sys=0.00, real=0.00 secs] 
3003.537: [GC (Allocation Failure) [PSYoungGen: 68032K->1472K(68608K)] 414288K->347728K(736256K), 0.0022551 secs] [Times: user=0.01 sys=0.00, real=0.00 secs] 
3004.064: [GC (Allocation Failure) [PSYoungGen: 68032K->1440K(68608K)] 414288K->347696K(736256K), 0.0021208 secs] [Times: user=0.01 sys=0.00, real=0.00 secs] 
3004.429: [GC (Allocation Failure) [PSYoungGen: 68000K->1485K(68608K)] 414256K->347790K(736256K), 0.0015934 secs] [Times: user=0.01 sys=0.00, real=0.00 secs] 
3004.831: [GC (Allocation Failure) [PSYoungGen: 68036K->1597K(68608K)] 414341K->347902K(736256K), 0.0016374 secs] [Times: user=0.01 sys=0.00, real=0.00 secs] 
3005.233: [GC (Allocation Failure) [PSYoungGen: 68157K->1581K(68608K)] 414462K->347926K(736256K), 0.0017227 secs] [Times: user=0.01 sys=0.00, real=0.00 secs] 
3005.637: [GC (Allocation Failure) [PSYoungGen: 68141K->1549K(68608K)] 414486K->347942K(736256K), 0.0017714 secs] [Times: user=0.00 sys=0.00, real=0.00 secs] 
3006.229: [GC (Allocation Failure) [PSYoungGen: 68109K->1472K(68608K)] 414502K->347864K(736256K), 0.0021958 secs] [Times: user=0.01 sys=0.00, real=0.00 secs] 
3006.850: [GC (Allocation Failure) [PSYoungGen: 68032K->1376K(68608K)] 414424K->347768K(736256K), 0.0039130 secs] [Times: user=0.01 sys=0.00, real=0.01 secs] 
3007.400: [GC (Allocation Failure) [PSYoungGen: 67936K->1344K(68608K)] 414328K->347736K(736256K), 0.0025791 secs] [Times: user=0.01 sys=0.00, real=0.00 secs] 
3007.693: [GC (Allocation Failure) [PSYoungGen: 67904K->1376K(68608K)] 414296K->347768K(736256K), 0.0020022 secs] [Times: user=0.01 sys=0.00, real=0.00 secs] 
3008.086: [GC (Allocation Failure) [PSYoungGen: 67936K->1453K(68608K)] 414328K->347846K(736256K), 0.0015551 secs] [Times: user=0.00 sys=0.00, real=0.00 secs] 
3008.487: [GC (Allocation Failure) [PSYoungGen: 68013K->1549K(68608K)] 414406K->347942K(736256K), 0.0017256 secs] [Times: user=0.00 sys=0.00, real=0.00 secs] 
3008.889: [GC (Allocation Failure) [PSYoungGen: 68109K->1549K(68608K)] 414502K->347942K(736256K), 0.0016371 secs] [Times: user=0.01 sys=0.00, real=0.00 secs] 
3009.290: [GC (Allocation Failure) [PSYoungGen: 68099K->1549K(68608K)] 414492K->347958K(736256K), 0.0016445 secs] [Times: user=0.00 sys=0.00, real=0.00 secs] 
3010.292: [GC (Allocation Failure) [PSYoungGen: 68109K->1392K(68608K)] 414518K->347808K(736256K), 0.0028034 secs] [Times: user=0.01 sys=0.00, real=0.01 secs] 
3011.369: [GC (Allocation Failure) [PSYoungGen: 67952K->1344K(68608K)] 414368K->347760K(736256K), 0.0038670 secs] [Times: user=0.01 sys=0.00, real=0.00 secs] 
3012.135: [GC (Allocation Failure) [PSYoungGen: 67904K->1344K(68608K)] 414320K->347760K(736256K), 0.0031337 secs] [Times: user=0.01 sys=0.00, real=0.00 secs] 
3012.675: [GC (Allocation Failure) [PSYoungGen: 67904K->1376K(68608K)] 414320K->347792K(736256K), 0.0028028 secs] [Times: user=0.01 sys=0.00, real=0.00 secs] 
3013.282: [GC (Allocation Failure) [PSYoungGen: 67936K->1469K(68608K)] 414352K->347894K(736256K), 0.0017573 secs] [Times: user=0.00 sys=0.00, real=0.01 secs] 
3013.685: [GC (Allocation Failure) [PSYoungGen: 68029K->1581K(68608K)] 414454K->348006K(736256K), 0.0017730 secs] [Times: user=0.01 sys=0.00, real=0.00 secs] 
3014.087: [GC (Allocation Failure) [PSYoungGen: 68141K->1581K(68608K)] 414566K->348006K(736256K), 0.0017551 secs] [Times: user=0.00 sys=0.00, real=0.00 secs] 
3014.491: [GC (Allocation Failure) [PSYoungGen: 68141K->1549K(68608K)] 414566K->347982K(736256K), 0.0016971 secs] [Times: user=0.01 sys=0.00, real=0.00 secs] 
3015.295: [GC (Allocation Failure) [PSYoungGen: 68109K->1408K(68608K)] 414542K->347840K(736256K), 0.0018993 secs] [Times: user=0.01 sys=0.00, real=0.00 secs] 
3016.132: [GC (Allocation Failure) [PSYoungGen: 67968K->1408K(68608K)] 414400K->347840K(736256K), 0.0033121 secs] [Times: user=0.01 sys=0.01, real=0.01 secs] 
3016.681: [GC (Allocation Failure) [PSYoungGen: 67968K->1408K(68608K)] 414400K->347840K(736256K), 0.0035840 secs] [Times: user=0.01 sys=0.00, real=0.01 secs] 
3017.295: [GC (Allocation Failure) [PSYoungGen: 67968K->1376K(68608K)] 414400K->347808K(736256K), 0.0033121 secs] [Times: user=0.02 sys=0.00, real=0.00 secs] 
3017.871: [GC (Allocation Failure) [PSYoungGen: 67936K->1549K(68608K)] 414368K->347982K(736256K), 0.0016342 secs] [Times: user=0.01 sys=0.00, real=0.00 secs] 
3018.353: [GC (Allocation Failure) [PSYoungGen: 68109K->1581K(68608K)] 414542K->348014K(736256K), 0.0017724 secs] [Times: user=0.01 sys=0.00, real=0.00 secs] 
3018.836: [GC (Allocation Failure) [PSYoungGen: 68141K->1501K(68608K)] 414574K->347934K(736256K), 0.0017921 secs] [Times: user=0.01 sys=0.00, real=0.00 secs] 
3019.239: [GC (Allocation Failure) [PSYoungGen: 68036K->1581K(68608K)] 414469K->348022K(736256K), 0.0017852 secs] [Times: user=0.00 sys=0.00, real=0.00 secs] 
3019.557: [GC (Allocation Failure) [PSYoungGen: 68141K->1440K(68608K)] 414582K->347888K(736256K), 0.0026447 secs] [Times: user=0.02 sys=0.00, real=0.00 secs] 
3019.830: [GC (Allocation Failure) [PSYoungGen: 68000K->1376K(68608K)] 414448K->347824K(736256K), 0.0020070 secs] [Times: user=0.01 sys=0.00, real=0.00 secs] 
3020.107: [GC (Allocation Failure) [PSYoungGen: 67936K->1376K(68608K)] 414384K->347824K(736256K), 0.0019824 secs] [Times: user=0.00 sys=0.00, real=0.00 secs] 
3020.412: [GC (Allocation Failure) [PSYoungGen: 67936K->1312K(68608K)] 414384K->347776K(736256K), 0.0020311 secs] [Times: user=0.01 sys=0.00, real=0.01 secs] 
3020.859: [GC (Allocation Failure) [PSYoungGen: 67872K->1517K(68608K)] 414336K->347982K(736256K), 0.0015716 secs] [Times: user=0.01 sys=0.00, real=0.00 secs] 
3021.261: [GC (Allocation Failure) [PSYoungGen: 68077K->1581K(68608K)] 414542K->348046K(736256K), 0.0016978 secs] [Times: user=0.00 sys=0.00, real=0.00 secs] 
3021.664: [GC (Allocation Failure) [PSYoungGen: 68141K->1549K(68608K)] 414606K->348014K(736256K), 0.0016601 secs] [Times: user=0.00 sys=0.00, real=0.00 secs] 
3022.073: [GC (Allocation Failure) [PSYoungGen: 68109K->1792K(68608K)] 414574K->348256K(736256K), 0.0016113 secs] [Times: user=0.00 sys=0.00, real=0.01 secs] 
3022.346: [GC (Allocation Failure) [PSYoungGen: 68352K->1376K(68608K)] 414816K->347840K(736256K), 0.0015551 secs] [Times: user=0.01 sys=0.00, real=0.00 secs] 
3022.622: [GC (Allocation Failure) [PSYoungGen: 67936K->1376K(68608K)] 414400K->347840K(736256K), 0.0021905 secs] [Times: user=0.01 sys=0.00, real=0.01 secs] 
3022.899: [GC (Allocation Failure) [PSYoungGen: 67936K->1344K(68608K)] 414400K->347808K(736256K), 0.0021998 secs] [Times: user=0.01 sys=0.00, real=0.00 secs] 
3023.176: [GC (Allocation Failure) [PSYoungGen: 67904K->1408K(68608K)] 414368K->347872K(736256K), 0.0028281 secs] [Times: user=0.01 sys=0.00, real=0.00 secs] 
3023.636: [GC (Allocation Failure) [PSYoungGen: 67968K->1581K(68608K)] 414432K->348046K(736256K), 0.0016457 secs] [Times: user=0.01 sys=0.00, real=0.00 secs] 
3024.039: [GC (Allocation Failure) [PSYoungGen: 68110K->1581K(68608K)] 414575K->348046K(736256K), 0.0017185 secs] [Times: user=0.01 sys=0.00, real=0.00 secs] 
3024.442: [GC (Allocation Failure) [PSYoungGen: 68141K->1552K(68608K)] 414606K->348016K(736256K), 0.0017051 secs] [Times: user=0.01 sys=0.00, real=0.01 secs] 
3024.878: [GC (Allocation Failure) [PSYoungGen: 68112K->1472K(68608K)] 414576K->347944K(736256K), 0.0017739 secs] [Times: user=0.01 sys=0.00, real=0.00 secs] 
3025.154: [GC (Allocation Failure) [PSYoungGen: 68032K->1376K(68608K)] 414504K->347848K(736256K), 0.0015838 secs] [Times: user=0.00 sys=0.00, real=0.00 secs] 
3025.429: [GC (Allocation Failure) [PSYoungGen: 67936K->1392K(68608K)] 414408K->347864K(736256K), 0.0015971 secs] [Times: user=0.00 sys=0.00, real=0.00 secs] 
3025.707: [GC (Allocation Failure) [PSYoungGen: 67952K->1376K(68608K)] 414424K->347848K(736256K), 0.0031318 secs] [Times: user=0.01 sys=0.00, real=0.00 secs] 
3026.015: [GC (Allocation Failure) [PSYoungGen: 67881K->256K(68608K)] 414354K->346728K(736256K), 0.0020092 secs] [Times: user=0.00 sys=0.00, real=0.00 secs] 
3026.430: [GC (Allocation Failure) [PSYoungGen: 66790K->1549K(68608K)] 413263K->348022K(736256K), 0.0016894 secs] [Times: user=0.00 sys=0.00, real=0.00 secs] 
3026.829: [GC (Allocation Failure) [PSYoungGen: 68079K->1549K(68608K)] 414551K->348022K(736256K), 0.0017074 secs] [Times: user=0.00 sys=0.00, real=0.00 secs] 
3027.231: [GC (Allocation Failure) [PSYoungGen: 68109K->1549K(68608K)] 414582K->348038K(736256K), 0.0016944 secs] [Times: user=0.01 sys=0.00, real=0.00 secs] 
3027.704: [GC (Allocation Failure) [PSYoungGen: 68109K->1440K(68608K)] 414598K->347928K(736256K), 0.0019599 secs] [Times: user=0.01 sys=0.00, real=0.00 secs] 
3028.253: [GC (Allocation Failure) [PSYoungGen: 68000K->1408K(68608K)] 414488K->347896K(736256K), 0.0018929 secs] [Times: user=0.01 sys=0.00, real=0.00 secs] 
3028.840: [GC (Allocation Failure) [PSYoungGen: 67968K->1376K(68608K)] 414456K->347864K(736256K), 0.0018618 secs] [Times: user=0.01 sys=0.00, real=0.00 secs] 
3029.430: [GC (Allocation Failure) [PSYoungGen: 67936K->1376K(68608K)] 414424K->347880K(736256K), 0.0020279 secs] [Times: user=0.00 sys=0.00, real=0.00 secs] 
3029.940: [GC (Allocation Failure) [PSYoungGen: 67936K->1456K(68608K)] 414440K->347960K(736256K), 0.0020264 secs] [Times: user=0.00 sys=0.00, real=0.00 secs] 
3030.438: [GC (Allocation Failure) [PSYoungGen: 67986K->1549K(68608K)] 414491K->348054K(736256K), 0.0017062 secs] [Times: user=0.00 sys=0.01, real=0.00 secs] 
3030.839: [GC (Allocation Failure) [PSYoungGen: 68109K->1549K(68608K)] 414614K->348054K(736256K), 0.0016557 secs] [Times: user=0.00 sys=0.00, real=0.00 secs] 
3031.243: [GC (Allocation Failure) [PSYoungGen: 68109K->1549K(68608K)] 414614K->348070K(736256K), 0.0016823 secs] [Times: user=0.00 sys=0.00, real=0.01 secs] 
3031.650: [GC (Allocation Failure) [PSYoungGen: 68109K->1456K(68608K)] 414630K->347976K(736256K), 0.0024346 secs] [Times: user=0.01 sys=0.00, real=0.00 secs] 
3031.972: [GC (Allocation Failure) [PSYoungGen: 68016K->1328K(68608K)] 414536K->347848K(736256K), 0.0020270 secs] [Times: user=0.01 sys=0.00, real=0.01 secs] 
3032.521: [GC (Allocation Failure) [PSYoungGen: 67888K->1360K(68608K)] 414408K->347880K(736256K), 0.0022435 secs] [Times: user=0.01 sys=0.00, real=0.01 secs] 
3033.070: [GC (Allocation Failure) [PSYoungGen: 67920K->1392K(68608K)] 414440K->347912K(736256K), 0.0025848 secs] [Times: user=0.01 sys=0.00, real=0.00 secs] 
3033.637: [GC (Allocation Failure) [PSYoungGen: 67952K->1485K(68608K)] 414472K->348006K(736256K), 0.0016719 secs] [Times: user=0.01 sys=0.00, real=0.00 secs] 
3034.039: [GC (Allocation Failure) [PSYoungGen: 68045K->1549K(68608K)] 414566K->348070K(736256K), 0.0017287 secs] [Times: user=0.01 sys=0.00, real=0.00 secs] 
3034.441: [GC (Allocation Failure) [PSYoungGen: 68109K->1549K(68608K)] 414630K->348070K(736256K), 0.0016985 secs] [Times: user=0.01 sys=0.00, real=0.00 secs] 
3034.902: [GC (Allocation Failure) [PSYoungGen: 68109K->1549K(68608K)] 414630K->348086K(736256K), 0.0017962 secs] [Times: user=0.01 sys=0.00, real=0.01 secs] 
3035.326: [GC (Allocation Failure) [PSYoungGen: 68109K->1440K(68608K)] 414646K->347976K(736256K), 0.0023170 secs] [Times: user=0.01 sys=0.00, real=0.00 secs] 
3035.603: [GC (Allocation Failure) [PSYoungGen: 68000K->1328K(68608K)] 414536K->347864K(736256K), 0.0019664 secs] [Times: user=0.01 sys=0.00, real=0.00 secs] 
3035.938: [GC (Allocation Failure) [PSYoungGen: 67888K->1344K(68608K)] 414424K->347880K(736256K), 0.0019531 secs] [Times: user=0.01 sys=0.00, real=0.00 secs] 
3036.214: [GC (Allocation Failure) [PSYoungGen: 67904K->1376K(68608K)] 414440K->347912K(736256K), 0.0018793 secs] [Times: user=0.00 sys=0.00, real=0.00 secs] 
3036.703: [GC (Allocation Failure) [PSYoungGen: 67936K->1437K(68608K)] 414472K->347974K(736256K), 0.0015351 secs] [Times: user=0.01 sys=0.00, real=0.00 secs] 
3037.105: [GC (Allocation Failure) [PSYoungGen: 67997K->1581K(68608K)] 414534K->348118K(736256K), 0.0016781 secs] [Times: user=0.01 sys=0.00, real=0.00 secs] 
3037.505: [GC (Allocation Failure) [PSYoungGen: 68141K->1549K(68608K)] 414678K->348086K(736256K), 0.0017087 secs] [Times: user=0.01 sys=0.00, real=0.00 secs] 
3037.909: [GC (Allocation Failure) [PSYoungGen: 68109K->1549K(68608K)] 414646K->348102K(736256K), 0.0017026 secs] [Times: user=0.00 sys=0.00, real=0.00 secs] 
3038.247: [GC (Allocation Failure) [PSYoungGen: 68109K->1408K(68608K)] 414662K->347960K(736256K), 0.0016944 secs] [Times: user=0.01 sys=0.00, real=0.00 secs] 
3038.523: [GC (Allocation Failure) [PSYoungGen: 67968K->1344K(68608K)] 414520K->347896K(736256K), 0.0016426 secs] [Times: user=0.01 sys=0.00, real=0.01 secs] 
3038.923: [GC (Allocation Failure) [PSYoungGen: 67904K->1360K(68608K)] 414456K->347920K(736256K), 0.0034364 secs] [Times: user=0.01 sys=0.00, real=0.00 secs] 
3039.531: [GC (Allocation Failure) [PSYoungGen: 67920K->1360K(68608K)] 414480K->347920K(736256K), 0.0031232 secs] [Times: user=0.01 sys=0.00, real=0.01 secs] 
3040.095: [GC (Allocation Failure) [PSYoungGen: 67920K->1501K(68608K)] 414480K->348062K(736256K), 0.0016518 secs] [Times: user=0.01 sys=0.00, real=0.00 secs] 
3040.502: [GC (Allocation Failure) [PSYoungGen: 68061K->1549K(68608K)] 414622K->348110K(736256K), 0.0017261 secs] [Times: user=0.00 sys=0.00, real=0.01 secs] 
3040.905: [GC (Allocation Failure) [PSYoungGen: 68109K->1581K(68608K)] 414670K->348142K(736256K), 0.0017009 secs] [Times: user=0.01 sys=0.00, real=0.00 secs] 
3041.363: [GC (Allocation Failure) [PSYoungGen: 68141K->1549K(68608K)] 414702K->348126K(736256K), 0.0017609 secs] [Times: user=0.01 sys=0.00, real=0.00 secs] 
3043.067: [GC (Allocation Failure) [PSYoungGen: 68109K->1408K(68608K)] 414686K->347992K(736256K), 0.0031661 secs] [Times: user=0.01 sys=0.00, real=0.00 secs] 
3043.346: [GC (Allocation Failure) [PSYoungGen: 67968K->1344K(68608K)] 414552K->347928K(736256K), 0.0022187 secs] [Times: user=0.01 sys=0.00, real=0.00 secs] 
3043.621: [GC (Allocation Failure) [PSYoungGen: 67904K->1344K(68608K)] 414488K->347928K(736256K), 0.0019803 secs] [Times: user=0.01 sys=0.00, real=0.01 secs] 
3043.897: [GC (Allocation Failure) [PSYoungGen: 67904K->1360K(68608K)] 414488K->347944K(736256K), 0.0020113 secs] [Times: user=0.01 sys=0.00, real=0.00 secs] 
3044.420: [GC (Allocation Failure) [PSYoungGen: 67920K->1517K(68608K)] 414504K->348102K(736256K), 0.0016987 secs] [Times: user=0.01 sys=0.00, real=0.00 secs] 
3044.822: [GC (Allocation Failure) [PSYoungGen: 68077K->1581K(68608K)] 414662K->348166K(736256K), 0.0017198 secs] [Times: user=0.01 sys=0.00, real=0.01 secs] 
3045.228: [GC (Allocation Failure) [PSYoungGen: 68141K->1581K(68608K)] 414726K->348166K(736256K), 0.0016967 secs] [Times: user=0.00 sys=0.00, real=0.00 secs] 
3045.626: [GC (Allocation Failure) [PSYoungGen: 68141K->224K(68608K)] 414726K->346816K(736256K), 0.0017149 secs] [Times: user=0.00 sys=0.00, real=0.00 secs] 
3046.063: [GC (Allocation Failure) [PSYoungGen: 66784K->1376K(68608K)] 413376K->347968K(736256K), 0.0024129 secs] [Times: user=0.01 sys=0.00, real=0.00 secs] 
3046.364: [GC (Allocation Failure) [PSYoungGen: 67936K->1408K(68608K)] 414528K->348000K(736256K), 0.0020424 secs] [Times: user=0.00 sys=0.00, real=0.00 secs] 
3046.673: [GC (Allocation Failure) [PSYoungGen: 67968K->1376K(68608K)] 414560K->347968K(736256K), 0.0020612 secs] [Times: user=0.01 sys=0.00, real=0.00 secs] 
3046.968: [GC (Allocation Failure) [PSYoungGen: 67936K->1376K(68608K)] 414528K->347968K(736256K), 0.0019765 secs] [Times: user=0.01 sys=0.00, real=0.00 secs] 
3047.398: [GC (Allocation Failure) [PSYoungGen: 67936K->1501K(68608K)] 414528K->348094K(736256K), 0.0016986 secs] [Times: user=0.01 sys=0.00, real=0.00 secs] 
3047.800: [GC (Allocation Failure) [PSYoungGen: 68059K->1549K(68608K)] 414651K->348142K(736256K), 0.0016753 secs] [Times: user=0.01 sys=0.00, real=0.00 secs] 
3048.259: [GC (Allocation Failure) [PSYoungGen: 68089K->1517K(68608K)] 414682K->348110K(736256K), 0.0017419 secs] [Times: user=0.01 sys=0.00, real=0.00 secs] 
3048.731: [GC (Allocation Failure) [PSYoungGen: 68077K->2032K(68096K)] 414670K->349160K(735744K), 0.0019640 secs] [Times: user=0.01 sys=0.00, real=0.00 secs] 
3049.021: [GC (Allocation Failure) [PSYoungGen: 68080K->1344K(68608K)] 415208K->348472K(736256K), 0.0020386 secs] [Times: user=0.01 sys=0.00, real=0.01 secs] 
3049.432: [GC (Allocation Failure) [PSYoungGen: 67392K->1376K(68608K)] 414520K->348504K(736256K), 0.0020705 secs] [Times: user=0.01 sys=0.00, real=0.01 secs] 
3049.892: [GC (Allocation Failure) [PSYoungGen: 67424K->1376K(68608K)] 414552K->348504K(736256K), 0.0021029 secs] [Times: user=0.01 sys=0.00, real=0.01 secs] 
3050.363: [GC (Allocation Failure) [PSYoungGen: 67424K->1344K(67584K)] 414552K->348472K(735232K), 0.0021825 secs] [Times: user=0.01 sys=0.00, real=0.00 secs] 
3050.807: [GC (Allocation Failure) [PSYoungGen: 67377K->1501K(68096K)] 414506K->348630K(735744K), 0.0016429 secs] [Times: user=0.01 sys=0.00, real=0.00 secs] 
3051.204: [GC (Allocation Failure) [PSYoungGen: 67549K->1549K(68096K)] 414678K->348678K(735744K), 0.0016809 secs] [Times: user=0.01 sys=0.00, real=0.00 secs] 
3051.601: [GC (Allocation Failure) [PSYoungGen: 67597K->1517K(68096K)] 414726K->348646K(735744K), 0.0018092 secs] [Times: user=0.01 sys=0.00, real=0.01 secs] 
3051.989: [GC (Allocation Failure) [PSYoungGen: 67565K->1504K(68096K)] 414694K->348632K(735744K), 0.0017808 secs] [Times: user=0.01 sys=0.00, real=0.00 secs] 
3052.263: [GC (Allocation Failure) [PSYoungGen: 67552K->1376K(68096K)] 414680K->348504K(735744K), 0.0016019 secs] [Times: user=0.01 sys=0.00, real=0.00 secs] 
3052.590: [GC (Allocation Failure) [PSYoungGen: 67424K->1376K(68096K)] 414552K->348504K(735744K), 0.0026819 secs] [Times: user=0.01 sys=0.00, real=0.01 secs] 
3053.079: [GC (Allocation Failure) [PSYoungGen: 67424K->1408K(68096K)] 414552K->348536K(735744K), 0.0017481 secs] [Times: user=0.01 sys=0.00, real=0.00 secs] 
3053.611: [GC (Allocation Failure) [PSYoungGen: 67456K->1408K(68096K)] 414584K->348536K(735744K), 0.0020481 secs] [Times: user=0.01 sys=0.00, real=0.00 secs] 
3054.073: [GC (Allocation Failure) [PSYoungGen: 67451K->1501K(68096K)] 414580K->348630K(735744K), 0.0016886 secs] [Times: user=0.00 sys=0.00, real=0.01 secs] 
3054.468: [GC (Allocation Failure) [PSYoungGen: 67549K->1581K(68096K)] 414678K->348710K(735744K), 0.0017158 secs] [Times: user=0.01 sys=0.00, real=0.00 secs] 
3054.863: [GC (Allocation Failure) [PSYoungGen: 67629K->1517K(68096K)] 414758K->348662K(735744K), 0.0016826 secs] [Times: user=0.01 sys=0.00, real=0.00 secs] 
3055.281: [GC (Allocation Failure) [PSYoungGen: 67565K->1504K(68096K)] 414710K->348648K(735744K), 0.0020342 secs] [Times: user=0.01 sys=0.00, real=0.00 secs] 
3055.577: [GC (Allocation Failure) [PSYoungGen: 67552K->1344K(68096K)] 414696K->348488K(735744K), 0.0019316 secs] [Times: user=0.01 sys=0.00, real=0.00 secs] 
3055.907: [GC (Allocation Failure) [PSYoungGen: 67392K->1408K(68096K)] 414536K->348552K(735744K), 0.0020333 secs] [Times: user=0.01 sys=0.00, real=0.00 secs] 
3056.591: [GC (Allocation Failure) [PSYoungGen: 67456K->1376K(68096K)] 414600K->348520K(735744K), 0.0033557 secs] [Times: user=0.01 sys=0.00, real=0.01 secs] 
3057.504: [GC (Allocation Failure) [PSYoungGen: 67424K->1376K(68096K)] 414568K->348520K(735744K), 0.0031270 secs] [Times: user=0.01 sys=0.00, real=0.00 secs] 
3058.009: [GC (Allocation Failure) [PSYoungGen: 67419K->1517K(68096K)] 414564K->348662K(735744K), 0.0016949 secs] [Times: user=0.01 sys=0.00, real=0.00 secs] 
3058.407: [GC (Allocation Failure) [PSYoungGen: 67565K->1549K(68096K)] 414710K->348694K(735744K), 0.0016720 secs] [Times: user=0.01 sys=0.00, real=0.00 secs] 
3058.801: [GC (Allocation Failure) [PSYoungGen: 67597K->1581K(68096K)] 414742K->348742K(735744K), 0.0017269 secs] [Times: user=0.01 sys=0.00, real=0.01 secs] 
3059.591: [GC (Allocation Failure) [PSYoungGen: 67629K->1488K(68096K)] 414790K->348648K(735744K), 0.0028321 secs] [Times: user=0.01 sys=0.00, real=0.01 secs] 
3060.461: [GC (Allocation Failure) [PSYoungGen: 67536K->1376K(68096K)] 414696K->348536K(735744K), 0.0022075 secs] [Times: user=0.00 sys=0.00, real=0.01 secs] 
3060.736: [GC (Allocation Failure) [PSYoungGen: 67424K->1312K(68096K)] 414584K->348488K(735744K), 0.0020906 secs] [Times: user=0.01 sys=0.00, real=0.00 secs] 
3061.055: [GC (Allocation Failure) [PSYoungGen: 67360K->1376K(68096K)] 414536K->348552K(735744K), 0.0019971 secs] [Times: user=0.01 sys=0.00, real=0.00 secs] 
3061.378: [GC (Allocation Failure) [PSYoungGen: 67404K->1453K(68096K)] 414581K->348630K(735744K), 0.0020913 secs] [Times: user=0.00 sys=0.00, real=0.00 secs] 
3061.800: [GC (Allocation Failure) [PSYoungGen: 67501K->1517K(68096K)] 414678K->348694K(735744K), 0.0017500 secs] [Times: user=0.01 sys=0.00, real=0.00 secs] 
3062.196: [GC (Allocation Failure) [PSYoungGen: 67565K->1549K(68096K)] 414742K->348726K(735744K), 0.0017054 secs] [Times: user=0.01 sys=0.00, real=0.00 secs] 
3062.592: [GC (Allocation Failure) [PSYoungGen: 67597K->1517K(68096K)] 414774K->348710K(735744K), 0.0017233 secs] [Times: user=0.00 sys=0.00, real=0.01 secs] 
3063.001: [GC (Allocation Failure) [PSYoungGen: 67565K->1440K(68096K)] 414758K->348632K(735744K), 0.0019365 secs] [Times: user=0.01 sys=0.00, real=0.01 secs] 
3063.303: [GC (Allocation Failure) [PSYoungGen: 67488K->1344K(68096K)] 414680K->348536K(735744K), 0.0020096 secs] [Times: user=0.01 sys=0.00, real=0.01 secs] 
3063.640: [GC (Allocation Failure) [PSYoungGen: 67392K->1344K(68096K)] 414584K->348536K(735744K), 0.0019649 secs] [Times: user=0.01 sys=0.00, real=0.00 secs] 
3063.914: [GC (Allocation Failure) [PSYoungGen: 67392K->1376K(68096K)] 414584K->348568K(735744K), 0.0020393 secs] [Times: user=0.01 sys=0.00, real=0.00 secs] 
3064.258: [GC (Allocation Failure) [PSYoungGen: 67424K->1453K(68096K)] 414616K->348646K(735744K), 0.0019101 secs] [Times: user=0.01 sys=0.00, real=0.00 secs] 
3064.668: [GC (Allocation Failure) [PSYoungGen: 67501K->1549K(68096K)] 414694K->348742K(735744K), 0.0016769 secs] [Times: user=0.01 sys=0.00, real=0.00 secs] 
3065.123: [GC (Allocation Failure) [PSYoungGen: 67597K->1549K(68096K)] 414790K->348742K(735744K), 0.0017204 secs] [Times: user=0.00 sys=0.00, real=0.00 secs] 
3065.572: [GC (Allocation Failure) [PSYoungGen: 67578K->1549K(68096K)] 414771K->348758K(735744K), 0.0018160 secs] [Times: user=0.00 sys=0.00, real=0.01 secs] 
3066.158: [GC (Allocation Failure) [PSYoungGen: 67597K->1504K(68096K)] 414806K->348712K(735744K), 0.0025726 secs] [Times: user=0.01 sys=0.00, real=0.00 secs] 
3067.062: [GC (Allocation Failure) [PSYoungGen: 67552K->1376K(68096K)] 414760K->348584K(735744K), 0.0033389 secs] [Times: user=0.02 sys=0.00, real=0.01 secs] 
3067.598: [GC (Allocation Failure) [PSYoungGen: 67424K->1408K(68096K)] 414632K->348616K(735744K), 0.0033285 secs] [Times: user=0.02 sys=0.00, real=0.00 secs] 
3068.246: [GC (Allocation Failure) [PSYoungGen: 67456K->1408K(68096K)] 414664K->348616K(735744K), 0.0025901 secs] [Times: user=0.00 sys=0.01, real=0.00 secs] 
3069.003: [GC (Allocation Failure) [PSYoungGen: 67456K->1485K(68096K)] 414664K->348694K(735744K), 0.0023030 secs] [Times: user=0.01 sys=0.00, real=0.00 secs] 
3069.521: [GC (Allocation Failure) [PSYoungGen: 67512K->1549K(68096K)] 414721K->348758K(735744K), 0.0017355 secs] [Times: user=0.01 sys=0.00, real=0.01 secs] 
3069.916: [GC (Allocation Failure) [PSYoungGen: 67597K->1581K(68096K)] 414806K->348790K(735744K), 0.0018265 secs] [Times: user=0.00 sys=0.00, real=0.00 secs] 
3070.312: [GC (Allocation Failure) [PSYoungGen: 67629K->1584K(68096K)] 414838K->348824K(735744K), 0.0017347 secs] [Times: user=0.01 sys=0.00, real=0.01 secs] 
3070.848: [GC (Allocation Failure) [PSYoungGen: 67632K->1472K(68096K)] 414872K->348712K(735744K), 0.0025070 secs] [Times: user=0.01 sys=0.00, real=0.00 secs] 
3071.178: [GC (Allocation Failure) [PSYoungGen: 67520K->1344K(68096K)] 414760K->348584K(735744K), 0.0019887 secs] [Times: user=0.00 sys=0.00, real=0.00 secs] 
3071.507: [GC (Allocation Failure) [PSYoungGen: 67392K->1408K(68096K)] 414632K->348648K(735744K), 0.0020666 secs] [Times: user=0.01 sys=0.00, real=0.00 secs] 
3071.782: [GC (Allocation Failure) [PSYoungGen: 67456K->1392K(68096K)] 414696K->348632K(735744K), 0.0019519 secs] [Times: user=0.01 sys=0.00, real=0.01 secs] 
3072.151: [GC (Allocation Failure) [PSYoungGen: 67440K->1456K(68096K)] 414680K->348696K(735744K), 0.0015904 secs] [Times: user=0.01 sys=0.00, real=0.00 secs] 
3072.548: [GC (Allocation Failure) [PSYoungGen: 67477K->1581K(68096K)] 414718K->348822K(735744K), 0.0017662 secs] [Times: user=0.01 sys=0.00, real=0.00 secs] 
3072.944: [GC (Allocation Failure) [PSYoungGen: 67629K->1581K(68096K)] 414870K->348822K(735744K), 0.0017087 secs] [Times: user=0.01 sys=0.00, real=0.00 secs] 
3073.341: [GC (Allocation Failure) [PSYoungGen: 67629K->1581K(68096K)] 414870K->348838K(735744K), 0.0017236 secs] [Times: user=0.00 sys=0.00, real=0.01 secs] 
3073.713: [GC (Allocation Failure) [PSYoungGen: 67629K->1408K(68096K)] 414886K->348664K(735744K), 0.0018395 secs] [Times: user=0.00 sys=0.00, real=0.01 secs] 
3073.987: [GC (Allocation Failure) [PSYoungGen: 67456K->1408K(68096K)] 414712K->348664K(735744K), 0.0017474 secs] [Times: user=0.01 sys=0.00, real=0.00 secs] 
3074.260: [GC (Allocation Failure) [PSYoungGen: 67456K->1344K(68096K)] 414712K->348600K(735744K), 0.0021268 secs] [Times: user=0.01 sys=0.00, real=0.00 secs] 
3074.534: [GC (Allocation Failure) [PSYoungGen: 67392K->1376K(68096K)] 414648K->348632K(735744K), 0.0017940 secs] [Times: user=0.01 sys=0.00, real=0.00 secs] 
3074.892: [GC (Allocation Failure) [PSYoungGen: 67424K->1453K(68096K)] 414680K->348710K(735744K), 0.0015797 secs] [Times: user=0.01 sys=0.00, real=0.01 secs] 
3075.290: [GC (Allocation Failure) [PSYoungGen: 67478K->1581K(68096K)] 414735K->348838K(735744K), 0.0016771 secs] [Times: user=0.01 sys=0.00, real=0.00 secs] 
3075.689: [GC (Allocation Failure) [PSYoungGen: 67629K->1549K(68096K)] 414886K->348806K(735744K), 0.0016888 secs] [Times: user=0.01 sys=0.00, real=0.00 secs] 
3076.085: [GC (Allocation Failure) [PSYoungGen: 67597K->1581K(68096K)] 414854K->348854K(735744K), 0.0015928 secs] [Times: user=0.01 sys=0.00, real=0.00 secs] 
3076.455: [GC (Allocation Failure) [PSYoungGen: 67629K->1424K(68096K)] 414902K->348696K(735744K), 0.0018134 secs] [Times: user=0.00 sys=0.00, real=0.00 secs] 
3076.729: [GC (Allocation Failure) [PSYoungGen: 67472K->1376K(68096K)] 414744K->348648K(735744K), 0.0017811 secs] [Times: user=0.01 sys=0.00, real=0.00 secs] 
3077.003: [GC (Allocation Failure) [PSYoungGen: 67424K->1376K(68096K)] 414696K->348648K(735744K), 0.0017371 secs] [Times: user=0.01 sys=0.00, real=0.00 secs] 
3077.277: [GC (Allocation Failure) [PSYoungGen: 67424K->1408K(68096K)] 414696K->348680K(735744K), 0.0021338 secs] [Times: user=0.00 sys=0.00, real=0.00 secs] 
3077.720: [GC (Allocation Failure) [PSYoungGen: 67456K->1405K(68096K)] 414728K->348678K(735744K), 0.0023898 secs] [Times: user=0.01 sys=0.00, real=0.00 secs] 
3078.152: [GC (Allocation Failure) [PSYoungGen: 67429K->1549K(68096K)] 414702K->348838K(735744K), 0.0017937 secs] [Times: user=0.01 sys=0.00, real=0.01 secs] 
3078.606: [GC (Allocation Failure) [PSYoungGen: 67597K->1581K(68096K)] 414886K->348870K(735744K), 0.0018469 secs] [Times: user=0.01 sys=0.00, real=0.00 secs] 
3079.001: [GC (Allocation Failure) [PSYoungGen: 67629K->1549K(68096K)] 414918K->348854K(735744K), 0.0018183 secs] [Times: user=0.00 sys=0.00, real=0.00 secs] 
3079.329: [GC (Allocation Failure) [PSYoungGen: 67597K->1392K(68096K)] 414902K->348696K(735744K), 0.0023148 secs] [Times: user=0.01 sys=0.00, real=0.00 secs] 
3079.605: [GC (Allocation Failure) [PSYoungGen: 67440K->1376K(68096K)] 414744K->348680K(735744K), 0.0019439 secs] [Times: user=0.01 sys=0.00, real=0.00 secs] 
3079.879: [GC (Allocation Failure) [PSYoungGen: 67424K->1328K(68096K)] 414728K->348632K(735744K), 0.0018718 secs] [Times: user=0.01 sys=0.00, real=0.00 secs] 
3080.153: [GC (Allocation Failure) [PSYoungGen: 67376K->1408K(68096K)] 414680K->348712K(735744K), 0.0018640 secs] [Times: user=0.01 sys=0.00, real=0.00 secs] 
3080.596: [GC (Allocation Failure) [PSYoungGen: 67456K->1517K(68096K)] 414760K->348822K(735744K), 0.0016234 secs] [Times: user=0.00 sys=0.00, real=0.00 secs] 
3080.994: [GC (Allocation Failure) [PSYoungGen: 67558K->1581K(68096K)] 414863K->348886K(735744K), 0.0016769 secs] [Times: user=0.01 sys=0.00, real=0.00 secs] 
3081.391: [GC (Allocation Failure) [PSYoungGen: 67629K->1520K(68096K)] 414934K->348824K(735744K), 0.0016789 secs] [Times: user=0.01 sys=0.00, real=0.00 secs] 
3081.846: [GC (Allocation Failure) [PSYoungGen: 67568K->1549K(68096K)] 414872K->348862K(735744K), 0.0018372 secs] [Times: user=0.01 sys=0.00, real=0.00 secs] 
3082.175: [GC (Allocation Failure) [PSYoungGen: 67597K->1408K(68096K)] 414910K->348720K(735744K), 0.0021145 secs] [Times: user=0.01 sys=0.00, real=0.00 secs] 
3082.450: [GC (Allocation Failure) [PSYoungGen: 67456K->1376K(68096K)] 414768K->348688K(735744K), 0.0019266 secs] [Times: user=0.01 sys=0.00, real=0.00 secs] 
3082.724: [GC (Allocation Failure) [PSYoungGen: 67424K->1360K(68096K)] 414736K->348672K(735744K), 0.0019673 secs] [Times: user=0.01 sys=0.00, real=0.00 secs] 
3082.998: [GC (Allocation Failure) [PSYoungGen: 67408K->1408K(68096K)] 414720K->348720K(735744K), 0.0018467 secs] [Times: user=0.01 sys=0.00, real=0.00 secs] 
3083.343: [GC (Allocation Failure) [PSYoungGen: 67456K->1456K(68096K)] 414768K->348768K(735744K), 0.0016504 secs] [Times: user=0.01 sys=0.00, real=0.00 secs] 
3083.739: [GC (Allocation Failure) [PSYoungGen: 67491K->1549K(68096K)] 414804K->348862K(735744K), 0.0016917 secs] [Times: user=0.01 sys=0.00, real=0.00 secs] 
3084.136: [GC (Allocation Failure) [PSYoungGen: 67597K->1549K(68096K)] 414910K->348862K(735744K), 0.0017118 secs] [Times: user=0.01 sys=0.00, real=0.00 secs] 
3084.531: [GC (Allocation Failure) [PSYoungGen: 67597K->1581K(68096K)] 414910K->348910K(735744K), 0.0016603 secs] [Times: user=0.01 sys=0.00, real=0.00 secs] 
3084.979: [GC (Allocation Failure) [PSYoungGen: 67629K->1440K(68096K)] 414958K->348768K(735744K), 0.0018278 secs] [Times: user=0.01 sys=0.00, real=0.00 secs] 
3085.309: [GC (Allocation Failure) [PSYoungGen: 67488K->1360K(68096K)] 414816K->348688K(735744K), 0.0018911 secs] [Times: user=0.01 sys=0.00, real=0.00 secs] 
3085.939: [GC (Allocation Failure) [PSYoungGen: 67408K->1408K(68096K)] 414736K->348736K(735744K), 0.0039243 secs] [Times: user=0.02 sys=0.00, real=0.01 secs] 
3086.593: [GC (Allocation Failure) [PSYoungGen: 67456K->1376K(68096K)] 414784K->348704K(735744K), 0.0031184 secs] [Times: user=0.01 sys=0.00, real=0.00 secs] 
3087.207: [GC (Allocation Failure) [PSYoungGen: 67396K->1485K(68096K)] 414724K->348814K(735744K), 0.0016145 secs] [Times: user=0.01 sys=0.00, real=0.00 secs] 
3087.602: [GC (Allocation Failure) [PSYoungGen: 67533K->1549K(68096K)] 414862K->348878K(735744K), 0.0018013 secs] [Times: user=0.01 sys=0.00, real=0.01 secs] 
3088.062: [GC (Allocation Failure) [PSYoungGen: 67584K->1549K(68096K)] 414912K->348878K(735744K), 0.0016463 secs] [Times: user=0.00 sys=0.00, real=0.01 secs] 
3088.460: [GC (Allocation Failure) [PSYoungGen: 67597K->1581K(68096K)] 414926K->348918K(735744K), 0.0017563 secs] [Times: user=0.00 sys=0.00, real=0.00 secs] 
3088.951: [GC (Allocation Failure) [PSYoungGen: 67629K->1376K(68096K)] 414966K->348712K(735744K), 0.0034729 secs] [Times: user=0.02 sys=0.00, real=0.01 secs] 
3089.445: [GC (Allocation Failure) [PSYoungGen: 67424K->1376K(68096K)] 414760K->348712K(735744K), 0.0029755 secs] [Times: user=0.02 sys=0.00, real=0.00 secs] 
3089.953: [GC (Allocation Failure) [PSYoungGen: 67424K->1376K(68096K)] 414760K->348720K(735744K), 0.0024719 secs] [Times: user=0.01 sys=0.00, real=0.00 secs] 
3090.540: [GC (Allocation Failure) [PSYoungGen: 67424K->1376K(68096K)] 414768K->348720K(735744K), 0.0025272 secs] [Times: user=0.01 sys=0.00, real=0.00 secs] 
3091.121: [GC (Allocation Failure) [PSYoungGen: 67420K->1469K(68096K)] 414765K->348814K(735744K), 0.0016848 secs] [Times: user=0.01 sys=0.00, real=0.00 secs] 
3091.516: [GC (Allocation Failure) [PSYoungGen: 67517K->1581K(68096K)] 414862K->348926K(735744K), 0.0017787 secs] [Times: user=0.01 sys=0.00, real=0.00 secs] 
3091.911: [GC (Allocation Failure) [PSYoungGen: 67629K->1549K(68096K)] 414974K->348894K(735744K), 0.0017484 secs] [Times: user=0.01 sys=0.00, real=0.01 secs] 
3092.371: [GC (Allocation Failure) [PSYoungGen: 67597K->1517K(68096K)] 414942K->348878K(735744K), 0.0018096 secs] [Times: user=0.01 sys=0.00, real=0.00 secs] 
3092.714: [GC (Allocation Failure) [PSYoungGen: 67565K->1376K(68096K)] 414926K->348736K(735744K), 0.0020893 secs] [Times: user=0.01 sys=0.00, real=0.00 secs] 
3093.020: [GC (Allocation Failure) [PSYoungGen: 67424K->1392K(68096K)] 414784K->348752K(735744K), 0.0022877 secs] [Times: user=0.01 sys=0.01, real=0.00 secs] 
3093.313: [GC (Allocation Failure) [PSYoungGen: 67440K->1376K(68096K)] 414800K->348736K(735744K), 0.0019130 secs] [Times: user=0.01 sys=0.00, real=0.00 secs] 
3093.590: [GC (Allocation Failure) [PSYoungGen: 67424K->1408K(68096K)] 414784K->348768K(735744K), 0.0019526 secs] [Times: user=0.01 sys=0.01, real=0.00 secs] 
3093.994: [GC (Allocation Failure) [PSYoungGen: 67456K->1485K(68096K)] 414816K->348846K(735744K), 0.0016993 secs] [Times: user=0.00 sys=0.00, real=0.00 secs] 
3094.390: [GC (Allocation Failure) [PSYoungGen: 67510K->1520K(68096K)] 414871K->348880K(735744K), 0.0017270 secs] [Times: user=0.01 sys=0.00, real=0.00 secs] 
3094.785: [GC (Allocation Failure) [PSYoungGen: 67568K->1581K(68096K)] 414928K->348942K(735744K), 0.0016242 secs] [Times: user=0.01 sys=0.00, real=0.00 secs] 
3095.181: [GC (Allocation Failure) [PSYoungGen: 67629K->1533K(68096K)] 414990K->348902K(735744K), 0.0018375 secs] [Times: user=0.01 sys=0.00, real=0.00 secs] 
3095.882: [GC (Allocation Failure) [PSYoungGen: 67581K->1424K(68096K)] 414950K->348792K(735744K), 0.0022182 secs] [Times: user=0.00 sys=0.00, real=0.01 secs] 
3096.411: [GC (Allocation Failure) [PSYoungGen: 67472K->1376K(68096K)] 414840K->348744K(735744K), 0.0022011 secs] [Times: user=0.01 sys=0.00, real=0.00 secs] 
3096.972: [GC (Allocation Failure) [PSYoungGen: 67424K->1408K(68096K)] 414792K->348776K(735744K), 0.0022272 secs] [Times: user=0.00 sys=0.00, real=0.01 secs] 
3097.468: [GC (Allocation Failure) [PSYoungGen: 67456K->1408K(68096K)] 414824K->348776K(735744K), 0.0019926 secs] [Times: user=0.00 sys=0.00, real=0.00 secs] 
3098.076: [GC (Allocation Failure) [PSYoungGen: 67456K->1517K(68096K)] 414824K->348886K(735744K), 0.0017385 secs] [Times: user=0.01 sys=0.00, real=0.00 secs] 
3098.472: [GC (Allocation Failure) [PSYoungGen: 67539K->1549K(68096K)] 414908K->348918K(735744K), 0.0017114 secs] [Times: user=0.01 sys=0.00, real=0.01 secs] 
3098.869: [GC (Allocation Failure) [PSYoungGen: 67597K->1549K(68096K)] 414966K->348918K(735744K), 0.0018279 secs] [Times: user=0.01 sys=0.00, real=0.00 secs] 
3099.265: [GC (Allocation Failure) [PSYoungGen: 67597K->1549K(68096K)] 414966K->348934K(735744K), 0.0016974 secs] [Times: user=0.01 sys=0.00, real=0.00 secs] 
3100.029: [GC (Allocation Failure) [PSYoungGen: 67597K->1440K(68096K)] 414982K->348840K(735744K), 0.0071048 secs] [Times: user=0.03 sys=0.00, real=0.01 secs] 
3101.052: [GC (Allocation Failure) [PSYoungGen: 67488K->1408K(68096K)] 414888K->348808K(735744K), 0.0026018 secs] [Times: user=0.01 sys=0.00, real=0.01 secs] 
3101.896: [GC (Allocation Failure) [PSYoungGen: 67456K->1376K(68096K)] 414856K->348776K(735744K), 0.0026060 secs] [Times: user=0.01 sys=0.00, real=0.00 secs] 
3102.817: [GC (Allocation Failure) [PSYoungGen: 67424K->1408K(68096K)] 414824K->348808K(735744K), 0.0025905 secs] [Times: user=0.01 sys=0.00, real=0.00 secs] 
3103.566: [GC (Allocation Failure) [PSYoungGen: 67456K->1552K(68096K)] 414856K->348952K(735744K), 0.0017557 secs] [Times: user=0.01 sys=0.01, real=0.00 secs] 
3103.963: [GC (Allocation Failure) [PSYoungGen: 67600K->1549K(68096K)] 415000K->348950K(735744K), 0.0015980 secs] [Times: user=0.01 sys=0.00, real=0.00 secs] 
3104.359: [GC (Allocation Failure) [PSYoungGen: 67597K->1549K(68096K)] 414998K->348950K(735744K), 0.0017071 secs] [Times: user=0.01 sys=0.00, real=0.00 secs] 
3104.754: [GC (Allocation Failure) [PSYoungGen: 67597K->1517K(68096K)] 414998K->348926K(735744K), 0.0017493 secs] [Times: user=0.01 sys=0.00, real=0.00 secs] 
3105.067: [GC (Allocation Failure) [PSYoungGen: 67565K->1440K(68096K)] 414974K->348848K(735744K), 0.0015796 secs] [Times: user=0.01 sys=0.00, real=0.00 secs] 
3105.486: [GC (Allocation Failure) [PSYoungGen: 67488K->1344K(68096K)] 414896K->348752K(735744K), 0.0019426 secs] [Times: user=0.00 sys=0.00, real=0.00 secs] 
3105.996: [GC (Allocation Failure) [PSYoungGen: 67392K->1408K(68096K)] 414800K->348816K(735744K), 0.0031709 secs] [Times: user=0.01 sys=0.00, real=0.00 secs] 
3106.576: [GC (Allocation Failure) [PSYoungGen: 67456K->1376K(68096K)] 414864K->348784K(735744K), 0.0023875 secs] [Times: user=0.01 sys=0.00, real=0.00 secs] 
3107.154: [GC (Allocation Failure) [PSYoungGen: 67424K->1485K(68096K)] 414832K->348894K(735744K), 0.0017496 secs] [Times: user=0.01 sys=0.00, real=0.00 secs] 
3107.551: [GC (Allocation Failure) [PSYoungGen: 67531K->1517K(68096K)] 414940K->348926K(735744K), 0.0016797 secs] [Times: user=0.01 sys=0.00, real=0.00 secs] 
3107.948: [GC (Allocation Failure) [PSYoungGen: 67565K->1517K(68096K)] 414974K->348926K(735744K), 0.0016660 secs] [Times: user=0.00 sys=0.00, real=0.00 secs] 
3108.396: [GC (Allocation Failure) [PSYoungGen: 67565K->1549K(68096K)] 414974K->348966K(735744K), 0.0018363 secs] [Times: user=0.00 sys=0.00, real=0.00 secs] 
3108.698: [GC (Allocation Failure) [PSYoungGen: 67597K->1392K(68096K)] 415014K->348808K(735744K), 0.0020791 secs] [Times: user=0.00 sys=0.00, real=0.00 secs] 
3108.973: [GC (Allocation Failure) [PSYoungGen: 67440K->1392K(68096K)] 414856K->348808K(735744K), 0.0020488 secs] [Times: user=0.01 sys=0.00, real=0.00 secs] 
3109.248: [GC (Allocation Failure) [PSYoungGen: 67440K->1344K(68096K)] 414856K->348760K(735744K), 0.0020966 secs] [Times: user=0.01 sys=0.00, real=0.00 secs] 
3109.606: [GC (Allocation Failure) [PSYoungGen: 67392K->1344K(68096K)] 414808K->348776K(735744K), 0.0020182 secs] [Times: user=0.01 sys=0.00, real=0.00 secs] 
3110.054: [GC (Allocation Failure) [PSYoungGen: 67392K->1469K(68096K)] 414824K->348902K(735744K), 0.0016521 secs] [Times: user=0.01 sys=0.00, real=0.00 secs] 
3110.459: [GC (Allocation Failure) [PSYoungGen: 67511K->1520K(68096K)] 414944K->348952K(735744K), 0.0016586 secs] [Times: user=0.00 sys=0.00, real=0.00 secs] 
3110.860: [GC (Allocation Failure) [PSYoungGen: 67568K->1517K(68096K)] 415000K->348950K(735744K), 0.0017256 secs] [Times: user=0.00 sys=0.00, real=0.00 secs] 
3111.259: [GC (Allocation Failure) [PSYoungGen: 67565K->1517K(68096K)] 414998K->348966K(735744K), 0.0017102 secs] [Times: user=0.01 sys=0.00, real=0.00 secs] 
3111.757: [GC (Allocation Failure) [PSYoungGen: 67565K->1440K(68096K)] 415014K->348888K(735744K), 0.0020183 secs] [Times: user=0.01 sys=0.00, real=0.00 secs] 
3112.303: [GC (Allocation Failure) [PSYoungGen: 67488K->1408K(68096K)] 414936K->348856K(735744K), 0.0020033 secs] [Times: user=0.01 sys=0.00, real=0.01 secs] 
3112.837: [GC (Allocation Failure) [PSYoungGen: 67456K->1408K(68096K)] 414904K->348856K(735744K), 0.0041475 secs] [Times: user=0.01 sys=0.00, real=0.00 secs] 
3113.361: [GC (Allocation Failure) [PSYoungGen: 67456K->1408K(68096K)] 414904K->348856K(735744K), 0.0046807 secs] [Times: user=0.02 sys=0.00, real=0.01 secs] 
3113.894: [GC (Allocation Failure) [PSYoungGen: 67425K->1517K(68096K)] 414874K->348966K(735744K), 0.0016698 secs] [Times: user=0.01 sys=0.00, real=0.00 secs] 
3114.291: [GC (Allocation Failure) [PSYoungGen: 67565K->1549K(68096K)] 415014K->348998K(735744K), 0.0017078 secs] [Times: user=0.01 sys=0.00, real=0.01 secs] 
3114.749: [GC (Allocation Failure) [PSYoungGen: 67597K->1581K(68096K)] 415046K->349030K(735744K), 0.0017473 secs] [Times: user=0.01 sys=0.00, real=0.00 secs] 
3115.196: [GC (Allocation Failure) [PSYoungGen: 67629K->1504K(68096K)] 415078K->348960K(735744K), 0.0017122 secs] [Times: user=0.01 sys=0.00, real=0.00 secs] 
3115.796: [GC (Allocation Failure) [PSYoungGen: 67552K->1408K(68096K)] 415008K->348864K(735744K), 0.0029428 secs] [Times: user=0.01 sys=0.00, real=0.00 secs] 
3116.382: [GC (Allocation Failure) [PSYoungGen: 67456K->1408K(68096K)] 414912K->348864K(735744K), 0.0025557 secs] [Times: user=0.01 sys=0.00, real=0.01 secs] 
3117.020: [GC (Allocation Failure) [PSYoungGen: 67456K->1408K(68096K)] 414912K->348864K(735744K), 0.0026020 secs] [Times: user=0.01 sys=0.00, real=0.01 secs] 
3117.727: [GC (Allocation Failure) [PSYoungGen: 67456K->1344K(68096K)] 414912K->348800K(735744K), 0.0028119 secs] [Times: user=0.01 sys=0.01, real=0.00 secs] 
3118.283: [GC (Allocation Failure) [PSYoungGen: 67365K->1517K(68096K)] 414822K->348974K(735744K), 0.0016641 secs] [Times: user=0.00 sys=0.00, real=0.00 secs] 
3118.679: [GC (Allocation Failure) [PSYoungGen: 67565K->1517K(68096K)] 415022K->348974K(735744K), 0.0017270 secs] [Times: user=0.01 sys=0.00, real=0.00 secs] 
3119.073: [GC (Allocation Failure) [PSYoungGen: 67543K->1549K(68096K)] 415000K->349006K(735744K), 0.0017104 secs] [Times: user=0.01 sys=0.00, real=0.00 secs] 
3119.506: [GC (Allocation Failure) [PSYoungGen: 67597K->1744K(68096K)] 415054K->349200K(735744K), 0.0019522 secs] [Times: user=0.01 sys=0.00, real=0.00 secs] 
3120.070: [GC (Allocation Failure) [PSYoungGen: 67792K->1392K(68096K)] 415248K->348848K(735744K), 0.0020420 secs] [Times: user=0.01 sys=0.00, real=0.00 secs] 
3120.514: [GC (Allocation Failure) [PSYoungGen: 67440K->1376K(68096K)] 414896K->348832K(735744K), 0.0020749 secs] [Times: user=0.01 sys=0.00, real=0.00 secs] 
3121.040: [GC (Allocation Failure) [PSYoungGen: 67424K->1376K(68096K)] 414880K->348864K(735744K), 0.0030493 secs] [Times: user=0.02 sys=0.00, real=0.00 secs] 
3121.628: [GC (Allocation Failure) [PSYoungGen: 67424K->1376K(68096K)] 414912K->348864K(735744K), 0.0020986 secs] [Times: user=0.01 sys=0.00, real=0.00 secs] 
3122.093: [GC (Allocation Failure) [PSYoungGen: 67424K->1549K(68096K)] 414912K->349038K(735744K), 0.0016547 secs] [Times: user=0.00 sys=0.00, real=0.01 secs] 
3122.489: [GC (Allocation Failure) [PSYoungGen: 67597K->1517K(68096K)] 415086K->349006K(735744K), 0.0016902 secs] [Times: user=0.00 sys=0.00, real=0.00 secs] 
3122.884: [GC (Allocation Failure) [PSYoungGen: 67565K->1549K(68096K)] 415054K->349054K(735744K), 0.0017383 secs] [Times: user=0.01 sys=0.00, real=0.00 secs] 
3123.299: [GC (Allocation Failure) [PSYoungGen: 67597K->2016K(68096K)] 415102K->349520K(735744K), 0.0017712 secs] [Times: user=0.01 sys=0.00, real=0.00 secs] 
3123.574: [GC (Allocation Failure) [PSYoungGen: 68064K->1408K(68096K)] 415568K->348912K(735744K), 0.0016653 secs] [Times: user=0.01 sys=0.00, real=0.00 secs] 
3123.848: [GC (Allocation Failure) [PSYoungGen: 67456K->1408K(68096K)] 414960K->348912K(735744K), 0.0022524 secs] [Times: user=0.01 sys=0.00, real=0.00 secs] 
3124.124: [GC (Allocation Failure) [PSYoungGen: 67456K->1408K(68096K)] 414960K->348912K(735744K), 0.0022693 secs] [Times: user=0.01 sys=0.00, real=0.00 secs] 
3124.404: [GC (Allocation Failure) [PSYoungGen: 67456K->1376K(68096K)] 414960K->348880K(735744K), 0.0025779 secs] [Times: user=0.01 sys=0.00, real=0.00 secs] 
3124.844: [GC (Allocation Failure) [PSYoungGen: 67422K->1501K(68096K)] 414927K->349006K(735744K), 0.0016340 secs] [Times: user=0.01 sys=0.00, real=0.00 secs] 
3125.299: [GC (Allocation Failure) [PSYoungGen: 67549K->1581K(68096K)] 415054K->349086K(735744K), 0.0018235 secs] [Times: user=0.01 sys=0.00, real=0.00 secs] 
3125.695: [GC (Allocation Failure) [PSYoungGen: 67629K->1549K(68096K)] 415134K->349062K(735744K), 0.0017225 secs] [Times: user=0.01 sys=0.00, real=0.00 secs] 
3126.332: [GC (Allocation Failure) [PSYoungGen: 67597K->1536K(68096K)] 415110K->349048K(735744K), 0.0029707 secs] [Times: user=0.02 sys=0.01, real=0.01 secs] 
3127.281: [GC (Allocation Failure) [PSYoungGen: 67584K->1376K(68096K)] 415096K->348888K(735744K), 0.0039973 secs] [Times: user=0.02 sys=0.00, real=0.01 secs] 
3128.032: [GC (Allocation Failure) [PSYoungGen: 67424K->1392K(68096K)] 414936K->348904K(735744K), 0.0031305 secs] [Times: user=0.01 sys=0.00, real=0.01 secs] 
3128.602: [GC (Allocation Failure) [PSYoungGen: 67440K->1392K(68096K)] 414952K->348904K(735744K), 0.0028408 secs] [Times: user=0.01 sys=0.00, real=0.01 secs] 
3129.231: [GC (Allocation Failure) [PSYoungGen: 67440K->1376K(68096K)] 414952K->348896K(735744K), 0.0027727 secs] [Times: user=0.01 sys=0.00, real=0.01 secs] 
3129.719: [GC (Allocation Failure) [PSYoungGen: 67424K->1485K(68096K)] 414944K->349006K(735744K), 0.0016425 secs] [Times: user=0.01 sys=0.00, real=0.00 secs] 
3130.114: [GC (Allocation Failure) [PSYoungGen: 67533K->1581K(68096K)] 415054K->349102K(735744K), 0.0016779 secs] [Times: user=0.01 sys=0.00, real=0.00 secs] 
3130.509: [GC (Allocation Failure) [PSYoungGen: 67629K->1533K(68096K)] 415150K->349078K(735744K), 0.0016865 secs] [Times: user=0.01 sys=0.00, real=0.00 secs] 
3130.902: [GC (Allocation Failure) [PSYoungGen: 67581K->1504K(68096K)] 415126K->349048K(735744K), 0.0018006 secs] [Times: user=0.00 sys=0.00, real=0.01 secs] 
3131.176: [GC (Allocation Failure) [PSYoungGen: 67552K->1376K(68096K)] 415096K->348920K(735744K), 0.0017989 secs] [Times: user=0.00 sys=0.00, real=0.00 secs] 
3131.472: [GC (Allocation Failure) [PSYoungGen: 67424K->1344K(68096K)] 414968K->348888K(735744K), 0.0018443 secs] [Times: user=0.00 sys=0.00, real=0.01 secs] 
3132.035: [GC (Allocation Failure) [PSYoungGen: 67392K->1408K(68096K)] 414936K->348952K(735744K), 0.0019750 secs] [Times: user=0.01 sys=0.00, real=0.00 secs] 
3132.664: [GC (Allocation Failure) [PSYoungGen: 67456K->1376K(68096K)] 415000K->348920K(735744K), 0.0021617 secs] [Times: user=0.01 sys=0.00, real=0.00 secs] 
3133.213: [GC (Allocation Failure) [PSYoungGen: 67416K->1581K(68096K)] 414961K->349134K(735744K), 0.0017899 secs] [Times: user=0.00 sys=0.00, real=0.01 secs] 
3133.609: [GC (Allocation Failure) [PSYoungGen: 67629K->1581K(68096K)] 415182K->349134K(735744K), 0.0017970 secs] [Times: user=0.01 sys=0.00, real=0.00 secs] 
3134.004: [GC (Allocation Failure) [PSYoungGen: 67629K->1581K(68096K)] 415182K->349150K(735744K), 0.0017325 secs] [Times: user=0.01 sys=0.00, real=0.00 secs] 
3134.512: [GC (Allocation Failure) [PSYoungGen: 67629K->1504K(68096K)] 415198K->349072K(735744K), 0.0022360 secs] [Times: user=0.01 sys=0.00, real=0.01 secs] 
3135.100: [GC (Allocation Failure) [PSYoungGen: 67552K->1408K(68096K)] 415120K->348976K(735744K), 0.0030605 secs] [Times: user=0.02 sys=0.00, real=0.01 secs] 
3135.701: [GC (Allocation Failure) [PSYoungGen: 67456K->1344K(68096K)] 415024K->348912K(735744K), 0.0034276 secs] [Times: user=0.01 sys=0.01, real=0.01 secs] 
3136.106: [GC (Allocation Failure) [PSYoungGen: 67392K->1408K(68096K)] 414960K->348976K(735744K), 0.0028180 secs] [Times: user=0.01 sys=0.00, real=0.00 secs] 
3136.609: [GC (Allocation Failure) [PSYoungGen: 67456K->1408K(68096K)] 415024K->348976K(735744K), 0.0027322 secs] [Times: user=0.01 sys=0.00, real=0.00 secs] 
3137.137: [GC (Allocation Failure) [PSYoungGen: 67448K->1581K(68096K)] 415017K->349150K(735744K), 0.0016970 secs] [Times: user=0.01 sys=0.00, real=0.00 secs] 
3137.533: [GC (Allocation Failure) [PSYoungGen: 67629K->1581K(68096K)] 415198K->349158K(735744K), 0.0017144 secs] [Times: user=0.01 sys=0.00, real=0.00 secs] 
3137.991: [GC (Allocation Failure) [PSYoungGen: 67629K->1581K(68096K)] 415206K->349174K(735744K), 0.0017220 secs] [Times: user=0.01 sys=0.00, real=0.00 secs] 
3138.443: [GC (Allocation Failure) [PSYoungGen: 67629K->1456K(68096K)] 415222K->349048K(735744K), 0.0021642 secs] [Times: user=0.01 sys=0.00, real=0.01 secs] 
3138.717: [GC (Allocation Failure) [PSYoungGen: 67504K->1408K(68096K)] 415096K->349000K(735744K), 0.0021141 secs] [Times: user=0.01 sys=0.00, real=0.00 secs] 
3139.093: [GC (Allocation Failure) [PSYoungGen: 67456K->1408K(68096K)] 415048K->349000K(735744K), 0.0019926 secs] [Times: user=0.01 sys=0.00, real=0.01 secs] 
3139.584: [GC (Allocation Failure) [PSYoungGen: 67456K->1376K(68096K)] 415048K->348968K(735744K), 0.0020907 secs] [Times: user=0.01 sys=0.00, real=0.00 secs] 
3140.187: [GC (Allocation Failure) [PSYoungGen: 67424K->1453K(68096K)] 415016K->349062K(735744K), 0.0024785 secs] [Times: user=0.01 sys=0.00, real=0.00 secs] 
3140.636: [GC (Allocation Failure) [PSYoungGen: 67486K->1520K(68096K)] 415094K->349128K(735744K), 0.0016920 secs] [Times: user=0.01 sys=0.00, real=0.00 secs] 
3141.104: [GC (Allocation Failure) [PSYoungGen: 67568K->1581K(68096K)] 415176K->349190K(735744K), 0.0017598 secs] [Times: user=0.01 sys=0.00, real=0.00 secs] 
3141.507: [GC (Allocation Failure) [PSYoungGen: 67629K->1565K(68096K)] 415238K->349182K(735744K), 0.0018215 secs] [Times: user=0.01 sys=0.00, real=0.00 secs] 
3141.975: [GC (Allocation Failure) [PSYoungGen: 67613K->1456K(68096K)] 415230K->349072K(735744K), 0.0027814 secs] [Times: user=0.01 sys=0.00, real=0.00 secs] 
3142.603: [GC (Allocation Failure) [PSYoungGen: 67504K->1376K(68096K)] 415120K->348992K(735744K), 0.0026532 secs] [Times: user=0.01 sys=0.00, real=0.00 secs] 
3143.032: [GC (Allocation Failure) [PSYoungGen: 67424K->1376K(68096K)] 415040K->348992K(735744K), 0.0020189 secs] [Times: user=0.00 sys=0.00, real=0.01 secs] 
3143.306: [GC (Allocation Failure) [PSYoungGen: 67424K->1376K(68096K)] 415040K->348992K(735744K), 0.0019684 secs] [Times: user=0.01 sys=0.00, real=0.00 secs] 
3143.619: [GC (Allocation Failure) [PSYoungGen: 67424K->1453K(68096K)] 415040K->349070K(735744K), 0.0015936 secs] [Times: user=0.00 sys=0.00, real=0.00 secs] 
3144.019: [GC (Allocation Failure) [PSYoungGen: 67498K->1549K(68096K)] 415115K->349166K(735744K), 0.0017099 secs] [Times: user=0.01 sys=0.00, real=0.00 secs] 
3144.414: [GC (Allocation Failure) [PSYoungGen: 67597K->1549K(68096K)] 415214K->349166K(735744K), 0.0017884 secs] [Times: user=0.01 sys=0.00, real=0.00 secs] 
3144.809: [GC (Allocation Failure) [PSYoungGen: 67597K->1581K(68096K)] 415214K->349206K(735744K), 0.0016863 secs] [Times: user=0.01 sys=0.00, real=0.00 secs] 
3145.281: [GC (Allocation Failure) [PSYoungGen: 67629K->1472K(68096K)] 415254K->349096K(735744K), 0.0018419 secs] [Times: user=0.00 sys=0.00, real=0.00 secs] 
3145.869: [GC (Allocation Failure) [PSYoungGen: 67520K->1376K(68096K)] 415144K->349000K(735744K), 0.0019022 secs] [Times: user=0.00 sys=0.00, real=0.00 secs] 
3146.499: [GC (Allocation Failure) [PSYoungGen: 67424K->1392K(68096K)] 415048K->349016K(735744K), 0.0025767 secs] [Times: user=0.01 sys=0.00, real=0.00 secs] 
3147.019: [GC (Allocation Failure) [PSYoungGen: 67440K->1376K(68096K)] 415064K->349000K(735744K), 0.0025317 secs] [Times: user=0.01 sys=0.00, real=0.00 secs] 
3147.593: [GC (Allocation Failure) [PSYoungGen: 67424K->1485K(68096K)] 415048K->349110K(735744K), 0.0020122 secs] [Times: user=0.01 sys=0.00, real=0.00 secs] 
3148.004: [GC (Allocation Failure) [PSYoungGen: 67520K->1517K(68096K)] 415144K->349142K(735744K), 0.0016680 secs] [Times: user=0.01 sys=0.00, real=0.00 secs] 
3148.401: [GC (Allocation Failure) [PSYoungGen: 67565K->1549K(68096K)] 415190K->349174K(735744K), 0.0017044 secs] [Times: user=0.00 sys=0.00, real=0.00 secs] 
3148.795: [GC (Allocation Failure) [PSYoungGen: 67597K->1517K(68096K)] 415222K->349158K(735744K), 0.0017946 secs] [Times: user=0.01 sys=0.00, real=0.00 secs] 
3149.222: [GC (Allocation Failure) [PSYoungGen: 67565K->1472K(68096K)] 415206K->349112K(735744K), 0.0020374 secs] [Times: user=0.01 sys=0.00, real=0.01 secs] 
3149.558: [GC (Allocation Failure) [PSYoungGen: 67520K->1376K(68096K)] 415160K->349024K(735744K), 0.0017965 secs] [Times: user=0.00 sys=0.00, real=0.00 secs] 
3149.931: [GC (Allocation Failure) [PSYoungGen: 67424K->1376K(68096K)] 415072K->349024K(735744K), 0.0018558 secs] [Times: user=0.00 sys=0.00, real=0.01 secs] 
3150.409: [GC (Allocation Failure) [PSYoungGen: 67424K->1376K(68096K)] 415072K->349024K(735744K), 0.0022801 secs] [Times: user=0.01 sys=0.00, real=0.00 secs] 
3150.950: [GC (Allocation Failure) [PSYoungGen: 67424K->1517K(68096K)] 415072K->349166K(735744K), 0.0020227 secs] [Times: user=0.01 sys=0.00, real=0.00 secs] 
3151.362: [GC (Allocation Failure) [PSYoungGen: 67565K->1581K(68096K)] 415214K->349230K(735744K), 0.0015907 secs] [Times: user=0.01 sys=0.00, real=0.01 secs] 
3151.761: [GC (Allocation Failure) [PSYoungGen: 67629K->1581K(68096K)] 415278K->349230K(735744K), 0.0016807 secs] [Times: user=0.01 sys=0.00, real=0.01 secs] 
3152.157: [GC (Allocation Failure) [PSYoungGen: 67629K->1549K(68096K)] 415278K->349214K(735744K), 0.0016777 secs] [Times: user=0.01 sys=0.00, real=0.00 secs] 
3152.597: [GC (Allocation Failure) [PSYoungGen: 67597K->1472K(68096K)] 415262K->349136K(735744K), 0.0021295 secs] [Times: user=0.01 sys=0.00, real=0.00 secs] 
3152.872: [GC (Allocation Failure) [PSYoungGen: 67520K->1376K(68096K)] 415184K->349040K(735744K), 0.0019575 secs] [Times: user=0.01 sys=0.00, real=0.01 secs] 
3153.147: [GC (Allocation Failure) [PSYoungGen: 67424K->1376K(68096K)] 415088K->349040K(735744K), 0.0020467 secs] [Times: user=0.01 sys=0.00, real=0.00 secs] 
3153.421: [GC (Allocation Failure) [PSYoungGen: 67424K->1344K(68096K)] 415088K->349008K(735744K), 0.0019584 secs] [Times: user=0.01 sys=0.01, real=0.01 secs] 
3153.748: [GC (Allocation Failure) [PSYoungGen: 67392K->1453K(68096K)] 415056K->349118K(735744K), 0.0016064 secs] [Times: user=0.01 sys=0.00, real=0.00 secs] 
3154.144: [GC (Allocation Failure) [PSYoungGen: 67470K->1581K(68096K)] 415135K->349246K(735744K), 0.0016827 secs] [Times: user=0.01 sys=0.00, real=0.00 secs] 
3154.540: [GC (Allocation Failure) [PSYoungGen: 67629K->1549K(68096K)] 415294K->349214K(735744K), 0.0017368 secs] [Times: user=0.00 sys=0.00, real=0.00 secs] 
3154.934: [GC (Allocation Failure) [PSYoungGen: 67597K->1581K(68096K)] 415262K->349262K(735744K), 0.0017357 secs] [Times: user=0.01 sys=0.00, real=0.00 secs] 
3155.280: [GC (Allocation Failure) [PSYoungGen: 67629K->1424K(68096K)] 415310K->349104K(735744K), 0.0018479 secs] [Times: user=0.01 sys=0.00, real=0.00 secs] 
3155.554: [GC (Allocation Failure) [PSYoungGen: 67472K->1408K(68096K)] 415152K->349088K(735744K), 0.0018134 secs] [Times: user=0.01 sys=0.00, real=0.00 secs] 
3155.970: [GC (Allocation Failure) [PSYoungGen: 67456K->1376K(68096K)] 415136K->349056K(735744K), 0.0017380 secs] [Times: user=0.01 sys=0.00, real=0.00 secs] 
3156.513: [GC (Allocation Failure) [PSYoungGen: 67424K->1328K(68096K)] 415104K->349008K(735744K), 0.0022999 secs] [Times: user=0.01 sys=0.00, real=0.00 secs] 
3157.093: [GC (Allocation Failure) [PSYoungGen: 67376K->1469K(68096K)] 415056K->349150K(735744K), 0.0015423 secs] [Times: user=0.01 sys=0.00, real=0.00 secs] 
3157.489: [GC (Allocation Failure) [PSYoungGen: 67491K->1581K(68096K)] 415171K->349262K(735744K), 0.0016560 secs] [Times: user=0.01 sys=0.00, real=0.00 secs] 
3157.949: [GC (Allocation Failure) [PSYoungGen: 67629K->1549K(68096K)] 415310K->349230K(735744K), 0.0017934 secs] [Times: user=0.00 sys=0.00, real=0.00 secs] 
3158.348: [GC (Allocation Failure) [PSYoungGen: 67597K->1549K(68096K)] 415278K->349246K(735744K), 0.0018462 secs] [Times: user=0.00 sys=0.00, real=0.00 secs] 
3158.820: [GC (Allocation Failure) [PSYoungGen: 67597K->1472K(68096K)] 415294K->349168K(735744K), 0.0018452 secs] [Times: user=0.01 sys=0.00, real=0.00 secs] 
3159.094: [GC (Allocation Failure) [PSYoungGen: 67520K->1376K(68096K)] 415216K->349088K(735744K), 0.0019719 secs] [Times: user=0.01 sys=0.00, real=0.00 secs] 
3159.369: [GC (Allocation Failure) [PSYoungGen: 67424K->1376K(68096K)] 415136K->349088K(735744K), 0.0019308 secs] [Times: user=0.00 sys=0.00, real=0.00 secs] 
3159.643: [GC (Allocation Failure) [PSYoungGen: 67424K->1376K(68096K)] 415136K->349088K(735744K), 0.0020777 secs] [Times: user=0.01 sys=0.00, real=0.00 secs] 
3159.995: [GC (Allocation Failure) [PSYoungGen: 67424K->1440K(68096K)] 415136K->349152K(735744K), 0.0016449 secs] [Times: user=0.01 sys=0.00, real=0.00 secs] 
3160.394: [GC (Allocation Failure) [PSYoungGen: 67484K->1581K(68096K)] 415197K->349294K(735744K), 0.0017029 secs] [Times: user=0.01 sys=0.00, real=0.00 secs] 
3160.790: [GC (Allocation Failure) [PSYoungGen: 67629K->1581K(68096K)] 415342K->349294K(735744K), 0.0016565 secs] [Times: user=0.01 sys=0.00, real=0.00 secs] 
3161.254: [GC (Allocation Failure) [PSYoungGen: 67629K->1517K(68096K)] 415342K->349238K(735744K), 0.0018182 secs] [Times: user=0.00 sys=0.00, real=0.00 secs] 
3161.925: [GC (Allocation Failure) [PSYoungGen: 67565K->1408K(68096K)] 415286K->349128K(735744K), 0.0023619 secs] [Times: user=0.01 sys=0.01, real=0.00 secs] 
3162.200: [GC (Allocation Failure) [PSYoungGen: 67456K->1408K(68096K)] 415176K->349128K(735744K), 0.0020330 secs] [Times: user=0.01 sys=0.00, real=0.00 secs] 
3162.522: [GC (Allocation Failure) [PSYoungGen: 67456K->1344K(68096K)] 415176K->349064K(735744K), 0.0019517 secs] [Times: user=0.00 sys=0.00, real=0.01 secs] 
3162.877: [GC (Allocation Failure) [PSYoungGen: 67392K->1376K(68096K)] 415112K->349096K(735744K), 0.0019948 secs] [Times: user=0.01 sys=0.00, real=0.00 secs] 
3163.235: [GC (Allocation Failure) [PSYoungGen: 67393K->1437K(68096K)] 415114K->349158K(735744K), 0.0016283 secs] [Times: user=0.01 sys=0.00, real=0.00 secs] 
3163.631: [GC (Allocation Failure) [PSYoungGen: 67485K->1581K(68096K)] 415206K->349302K(735744K), 0.0017008 secs] [Times: user=0.01 sys=0.00, real=0.00 secs] 
3164.026: [GC (Allocation Failure) [PSYoungGen: 67614K->1485K(68096K)] 415334K->349206K(735744K), 0.0018201 secs] [Times: user=0.00 sys=0.00, real=0.00 secs] 
3164.488: [GC (Allocation Failure) [PSYoungGen: 67533K->1581K(68096K)] 415254K->349318K(735744K), 0.0017122 secs] [Times: user=0.00 sys=0.00, real=0.00 secs] 
3164.909: [GC (Allocation Failure) [PSYoungGen: 67629K->1408K(68096K)] 415366K->349144K(735744K), 0.0020899 secs] [Times: user=0.01 sys=0.00, real=0.00 secs] 
3165.184: [GC (Allocation Failure) [PSYoungGen: 67456K->1376K(68096K)] 415192K->349112K(735744K), 0.0020747 secs] [Times: user=0.01 sys=0.00, real=0.00 secs] 
3165.460: [GC (Allocation Failure) [PSYoungGen: 67424K->1376K(68096K)] 415160K->349112K(735744K), 0.0017550 secs] [Times: user=0.01 sys=0.00, real=0.00 secs] 
3165.755: [GC (Allocation Failure) [PSYoungGen: 67424K->1344K(68096K)] 415160K->349080K(735744K), 0.0018987 secs] [Times: user=0.01 sys=0.00, real=0.00 secs] 
3166.143: [GC (Allocation Failure) [PSYoungGen: 67389K->1517K(68096K)] 415126K->349254K(735744K), 0.0017596 secs] [Times: user=0.01 sys=0.00, real=0.00 secs] 
3166.541: [GC (Allocation Failure) [PSYoungGen: 67565K->1517K(68096K)] 415302K->349254K(735744K), 0.0016378 secs] [Times: user=0.00 sys=0.00, real=0.00 secs] 
3166.937: [GC (Allocation Failure) [PSYoungGen: 67550K->1581K(68096K)] 415286K->349318K(735744K), 0.0016634 secs] [Times: user=0.00 sys=0.00, real=0.00 secs] 
3167.334: [GC (Allocation Failure) [PSYoungGen: 67629K->1549K(68096K)] 415366K->349302K(735744K), 0.0017024 secs] [Times: user=0.00 sys=0.00, real=0.00 secs] 
3169.017: [GC (Allocation Failure) [PSYoungGen: 67597K->1408K(68096K)] 415350K->349160K(735744K), 0.0042039 secs] [Times: user=0.02 sys=0.00, real=0.00 secs] 
3169.632: [GC (Allocation Failure) [PSYoungGen: 67456K->1408K(68096K)] 415208K->349160K(735744K), 0.0027120 secs] [Times: user=0.02 sys=0.00, real=0.01 secs] 
3170.180: [GC (Allocation Failure) [PSYoungGen: 67456K->1344K(68096K)] 415208K->349096K(735744K), 0.0025625 secs] [Times: user=0.01 sys=0.00, real=0.00 secs] 
3170.804: [GC (Allocation Failure) [PSYoungGen: 67392K->1408K(68096K)] 415144K->349184K(735744K), 0.0031312 secs] [Times: user=0.01 sys=0.00, real=0.00 secs] 
3171.589: [GC (Allocation Failure) [PSYoungGen: 67456K->1485K(68096K)] 415232K->349262K(735744K), 0.0015871 secs] [Times: user=0.00 sys=0.00, real=0.00 secs] 
3172.065: [GC (Allocation Failure) [PSYoungGen: 67516K->1552K(68096K)] 415293K->349328K(735744K), 0.0016084 secs] [Times: user=0.01 sys=0.00, real=0.00 secs] 
3172.541: [GC (Allocation Failure) [PSYoungGen: 67600K->1517K(68096K)] 415376K->349294K(735744K), 0.0018441 secs] [Times: user=0.00 sys=0.00, real=0.01 secs] 
3172.936: [GC (Allocation Failure) [PSYoungGen: 67565K->1581K(68096K)] 415342K->349374K(735744K), 0.0017725 secs] [Times: user=0.01 sys=0.00, real=0.00 secs] 
3173.403: [GC (Allocation Failure) [PSYoungGen: 67629K->1440K(68096K)] 415422K->349232K(735744K), 0.0028119 secs] [Times: user=0.01 sys=0.00, real=0.01 secs] 
3173.682: [GC (Allocation Failure) [PSYoungGen: 67488K->1376K(68096K)] 415280K->349168K(735744K), 0.0019517 secs] [Times: user=0.01 sys=0.00, real=0.01 secs] 
3173.966: [GC (Allocation Failure) [PSYoungGen: 67424K->1408K(68096K)] 415216K->349200K(735744K), 0.0019259 secs] [Times: user=0.01 sys=0.00, real=0.00 secs] 
3174.259: [GC (Allocation Failure) [PSYoungGen: 67456K->1408K(68096K)] 415248K->349208K(735744K), 0.0020118 secs] [Times: user=0.00 sys=0.00, real=0.00 secs] 
3174.759: [GC (Allocation Failure) [PSYoungGen: 67456K->1488K(68096K)] 415256K->349288K(735744K), 0.0016438 secs] [Times: user=0.01 sys=0.00, real=0.00 secs] 
3175.156: [GC (Allocation Failure) [PSYoungGen: 67510K->1549K(68096K)] 415311K->349350K(735744K), 0.0018378 secs] [Times: user=0.01 sys=0.00, real=0.00 secs] 
3175.613: [GC (Allocation Failure) [PSYoungGen: 67597K->1581K(68096K)] 415398K->349382K(735744K), 0.0016212 secs] [Times: user=0.01 sys=0.00, real=0.00 secs] 
3176.007: [GC (Allocation Failure) [PSYoungGen: 67629K->1581K(68096K)] 415430K->349398K(735744K), 0.0017932 secs] [Times: user=0.00 sys=0.00, real=0.00 secs] 
3177.260: [GC (Allocation Failure) [PSYoungGen: 67629K->1392K(68096K)] 415446K->349208K(735744K), 0.0035878 secs] [Times: user=0.01 sys=0.00, real=0.01 secs] 
3178.188: [GC (Allocation Failure) [PSYoungGen: 67440K->1408K(68096K)] 415256K->349224K(735744K), 0.0030907 secs] [Times: user=0.01 sys=0.00, real=0.00 secs] 
3179.028: [GC (Allocation Failure) [PSYoungGen: 67456K->1408K(68096K)] 415272K->349224K(735744K), 0.0036096 secs] [Times: user=0.01 sys=0.01, real=0.00 secs] 
3179.735: [GC (Allocation Failure) [PSYoungGen: 67456K->1392K(68096K)] 415272K->349208K(735744K), 0.0031126 secs] [Times: user=0.01 sys=0.00, real=0.00 secs] 
3180.509: [GC (Allocation Failure) [PSYoungGen: 67440K->1485K(68096K)] 415256K->349302K(735744K), 0.0017260 secs] [Times: user=0.00 sys=0.00, real=0.00 secs] 
3180.906: [GC (Allocation Failure) [PSYoungGen: 67505K->1517K(68096K)] 415322K->349334K(735744K), 0.0017829 secs] [Times: user=0.00 sys=0.00, real=0.00 secs] 
3181.306: [GC (Allocation Failure) [PSYoungGen: 67565K->1552K(68096K)] 415382K->349384K(735744K), 0.0017032 secs] [Times: user=0.01 sys=0.00, real=0.00 secs] 
3181.704: [GC (Allocation Failure) [PSYoungGen: 67600K->1549K(68096K)] 415432K->349390K(735744K), 0.0016785 secs] [Times: user=0.01 sys=0.00, real=0.00 secs] 
3182.586: [GC (Allocation Failure) [PSYoungGen: 67597K->1440K(68096K)] 415438K->349280K(735744K), 0.0024537 secs] [Times: user=0.01 sys=0.00, real=0.00 secs] 
3183.214: [GC (Allocation Failure) [PSYoungGen: 67488K->1408K(68096K)] 415328K->349248K(735744K), 0.0023776 secs] [Times: user=0.01 sys=0.00, real=0.00 secs] 
3183.865: [GC (Allocation Failure) [PSYoungGen: 67456K->1376K(68096K)] 415296K->349216K(735744K), 0.0031556 secs] [Times: user=0.02 sys=0.00, real=0.00 secs] 
3184.382: [GC (Allocation Failure) [PSYoungGen: 67424K->1408K(68096K)] 415264K->349248K(735744K), 0.0023472 secs] [Times: user=0.01 sys=0.00, real=0.01 secs] 
3184.837: [GC (Allocation Failure) [PSYoungGen: 67438K->1485K(68096K)] 415279K->349326K(735744K), 0.0015829 secs] [Times: user=0.01 sys=0.00, real=0.00 secs] 
3185.232: [GC (Allocation Failure) [PSYoungGen: 67533K->1549K(68096K)] 415374K->349390K(735744K), 0.0017669 secs] [Times: user=0.00 sys=0.00, real=0.01 secs] 
3185.627: [GC (Allocation Failure) [PSYoungGen: 67597K->1549K(68096K)] 415438K->349390K(735744K), 0.0017112 secs] [Times: user=0.00 sys=0.00, real=0.00 secs] 
3186.025: [GC (Allocation Failure) [PSYoungGen: 67597K->1581K(68096K)] 415438K->349430K(735744K), 0.0017074 secs] [Times: user=0.00 sys=0.00, real=0.00 secs] 
3186.944: [GC (Allocation Failure) [PSYoungGen: 67629K->1408K(68096K)] 415478K->349256K(735744K), 0.0025073 secs] [Times: user=0.01 sys=0.00, real=0.00 secs] 
3187.577: [GC (Allocation Failure) [PSYoungGen: 67456K->1376K(68096K)] 415304K->349224K(735744K), 0.0033169 secs] [Times: user=0.01 sys=0.00, real=0.00 secs] 
3188.364: [GC (Allocation Failure) [PSYoungGen: 67424K->1392K(68096K)] 415272K->349240K(735744K), 0.0030214 secs] [Times: user=0.02 sys=0.00, real=0.00 secs] 
3189.159: [GC (Allocation Failure) [PSYoungGen: 67440K->1376K(68096K)] 415288K->349224K(735744K), 0.0030905 secs] [Times: user=0.02 sys=0.00, real=0.00 secs] 
3189.886: [GC (Allocation Failure) [PSYoungGen: 67424K->1517K(68096K)] 415272K->349366K(735744K), 0.0016015 secs] [Times: user=0.01 sys=0.00, real=0.00 secs] 
3190.283: [GC (Allocation Failure) [PSYoungGen: 67561K->1549K(68096K)] 415410K->349398K(735744K), 0.0017313 secs] [Times: user=0.00 sys=0.00, real=0.01 secs] 
3190.679: [GC (Allocation Failure) [PSYoungGen: 67597K->1549K(68096K)] 415446K->349398K(735744K), 0.0017590 secs] [Times: user=0.01 sys=0.00, real=0.00 secs] 
3191.075: [GC (Allocation Failure) [PSYoungGen: 67597K->1549K(68096K)] 415446K->349422K(735744K), 0.0016737 secs] [Times: user=0.00 sys=0.00, real=0.00 secs] 
3191.475: [GC (Allocation Failure) [PSYoungGen: 67597K->1376K(68096K)] 415470K->349256K(735744K), 0.0020230 secs] [Times: user=0.00 sys=0.00, real=0.00 secs] 
3191.869: [GC (Allocation Failure) [PSYoungGen: 67424K->1408K(68096K)] 415304K->349288K(735744K), 0.0019037 secs] [Times: user=0.01 sys=0.00, real=0.00 secs] 
3192.169: [GC (Allocation Failure) [PSYoungGen: 67456K->1344K(68096K)] 415336K->349224K(735744K), 0.0019611 secs] [Times: user=0.01 sys=0.00, real=0.00 secs] 
3192.462: [GC (Allocation Failure) [PSYoungGen: 67392K->1376K(68096K)] 415272K->349256K(735744K), 0.0019179 secs] [Times: user=0.00 sys=0.00, real=0.01 secs] 
3192.844: [GC (Allocation Failure) [PSYoungGen: 67424K->1485K(68096K)] 415304K->349366K(735744K), 0.0016446 secs] [Times: user=0.01 sys=0.00, real=0.00 secs] 
3193.239: [GC (Allocation Failure) [PSYoungGen: 67533K->1517K(68096K)] 415414K->349398K(735744K), 0.0016985 secs] [Times: user=0.01 sys=0.00, real=0.00 secs] 
3193.633: [GC (Allocation Failure) [PSYoungGen: 67565K->1549K(68096K)] 415446K->349430K(735744K), 0.0017021 secs] [Times: user=0.00 sys=0.00, real=0.00 secs] 
3194.028: [GC (Allocation Failure) [PSYoungGen: 67597K->416K(68096K)] 415478K->348312K(735744K), 0.0015175 secs] [Times: user=0.01 sys=0.00, real=0.00 secs] 
3194.374: [GC (Allocation Failure) [PSYoungGen: 66464K->1376K(68096K)] 414360K->349272K(735744K), 0.0018745 secs] [Times: user=0.00 sys=0.01, real=0.00 secs] 
3194.650: [GC (Allocation Failure) [PSYoungGen: 67424K->1376K(68096K)] 415320K->349272K(735744K), 0.0018602 secs] [Times: user=0.01 sys=0.00, real=0.00 secs] 
3194.930: [GC (Allocation Failure) [PSYoungGen: 67424K->1376K(68096K)] 415320K->349272K(735744K), 0.0018919 secs] [Times: user=0.01 sys=0.00, real=0.00 secs] 
3195.206: [GC (Allocation Failure) [PSYoungGen: 67424K->1376K(68096K)] 415320K->349272K(735744K), 0.0018469 secs] [Times: user=0.01 sys=0.00, real=0.00 secs] 
3195.593: [GC (Allocation Failure) [PSYoungGen: 67397K->1485K(68096K)] 415294K->349382K(735744K), 0.0016208 secs] [Times: user=0.01 sys=0.00, real=0.01 secs] 
3196.051: [GC (Allocation Failure) [PSYoungGen: 67533K->1581K(68096K)] 415430K->349478K(735744K), 0.0018124 secs] [Times: user=0.01 sys=0.00, real=0.01 secs] 
3196.449: [GC (Allocation Failure) [PSYoungGen: 67629K->1581K(68096K)] 415526K->349478K(735744K), 0.0018053 secs] [Times: user=0.01 sys=0.00, real=0.00 secs] 
3196.944: [GC (Allocation Failure) [PSYoungGen: 67629K->1664K(68096K)] 415526K->349568K(735744K), 0.0018051 secs] [Times: user=0.01 sys=0.00, real=0.00 secs] 
3197.268: [GC (Allocation Failure) [PSYoungGen: 67712K->1376K(68096K)] 415616K->349280K(735744K), 0.0022032 secs] [Times: user=0.01 sys=0.00, real=0.00 secs] 
3197.738: [GC (Allocation Failure) [PSYoungGen: 67424K->1360K(68096K)] 415328K->349264K(735744K), 0.0021982 secs] [Times: user=0.01 sys=0.00, real=0.00 secs] 
3198.270: [GC (Allocation Failure) [PSYoungGen: 67408K->1408K(68096K)] 415312K->349312K(735744K), 0.0023380 secs] [Times: user=0.01 sys=0.00, real=0.00 secs] 
3198.823: [GC (Allocation Failure) [PSYoungGen: 67456K->1408K(68096K)] 415360K->349312K(735744K), 0.0024650 secs] [Times: user=0.01 sys=0.00, real=0.00 secs] 
3199.310: [GC (Allocation Failure) [PSYoungGen: 67456K->1549K(68096K)] 415360K->349470K(735744K), 0.0015183 secs] [Times: user=0.00 sys=0.00, real=0.00 secs] 
3199.707: [GC (Allocation Failure) [PSYoungGen: 67597K->1549K(68096K)] 415518K->349470K(735744K), 0.0017146 secs] [Times: user=0.01 sys=0.00, real=0.00 secs] 
3200.101: [GC (Allocation Failure) [PSYoungGen: 67597K->1517K(68096K)] 415518K->349438K(735744K), 0.0016805 secs] [Times: user=0.01 sys=0.00, real=0.00 secs] 
3200.480: [GC (Allocation Failure) [PSYoungGen: 67565K->2000K(68096K)] 415486K->349920K(735744K), 0.0017904 secs] [Times: user=0.01 sys=0.00, real=0.00 secs] 
3200.995: [GC (Allocation Failure) [PSYoungGen: 68048K->1376K(68096K)] 415968K->349296K(735744K), 0.0016906 secs] [Times: user=0.01 sys=0.00, real=0.00 secs] 
3201.598: [GC (Allocation Failure) [PSYoungGen: 67424K->1408K(68096K)] 415344K->349328K(735744K), 0.0017194 secs] [Times: user=0.00 sys=0.00, real=0.00 secs] 
3202.204: [GC (Allocation Failure) [PSYoungGen: 67456K->1376K(68096K)] 415376K->349296K(735744K), 0.0017865 secs] [Times: user=0.00 sys=0.00, real=0.00 secs] 
3202.772: [GC (Allocation Failure) [PSYoungGen: 67424K->1376K(68096K)] 415344K->349296K(735744K), 0.0019139 secs] [Times: user=0.01 sys=0.00, real=0.01 secs] 
3203.157: [GC (Allocation Failure) [PSYoungGen: 67400K->1581K(68096K)] 415321K->349510K(735744K), 0.0016626 secs] [Times: user=0.01 sys=0.00, real=0.00 secs] 
3203.554: [GC (Allocation Failure) [PSYoungGen: 67629K->1581K(68096K)] 415558K->349510K(735744K), 0.0017060 secs] [Times: user=0.01 sys=0.00, real=0.00 secs] 
3203.949: [GC (Allocation Failure) [PSYoungGen: 67629K->1549K(68096K)] 415558K->349494K(735744K), 0.0017050 secs] [Times: user=0.00 sys=0.00, real=0.00 secs] 
3204.391: [GC (Allocation Failure) [PSYoungGen: 67597K->2016K(68096K)] 415542K->349960K(735744K), 0.0018453 secs] [Times: user=0.01 sys=0.00, real=0.01 secs] 
3205.000: [GC (Allocation Failure) [PSYoungGen: 68064K->1408K(68096K)] 416008K->349352K(735744K), 0.0019769 secs] [Times: user=0.00 sys=0.00, real=0.00 secs] 
3205.564: [GC (Allocation Failure) [PSYoungGen: 67456K->1376K(68096K)] 415400K->349320K(735744K), 0.0020530 secs] [Times: user=0.01 sys=0.00, real=0.00 secs] 
3206.196: [GC (Allocation Failure) [PSYoungGen: 67424K->1360K(68096K)] 415368K->349304K(735744K), 0.0022556 secs] [Times: user=0.01 sys=0.00, real=0.00 secs] 
3206.494: [GC (Allocation Failure) [PSYoungGen: 67408K->1408K(68096K)] 415352K->349352K(735744K), 0.0020698 secs] [Times: user=0.01 sys=0.00, real=0.00 secs] 
3206.915: [GC (Allocation Failure) [PSYoungGen: 67454K->1549K(68096K)] 415399K->349494K(735744K), 0.0016550 secs] [Times: user=0.01 sys=0.00, real=0.00 secs] 
3207.312: [GC (Allocation Failure) [PSYoungGen: 67597K->1517K(68096K)] 415542K->349462K(735744K), 0.0016496 secs] [Times: user=0.01 sys=0.00, real=0.01 secs] 
3207.706: [GC (Allocation Failure) [PSYoungGen: 67565K->1581K(68096K)] 415510K->349542K(735744K), 0.0017221 secs] [Times: user=0.01 sys=0.00, real=0.00 secs] 
3208.100: [GC (Allocation Failure) [PSYoungGen: 67629K->1568K(68096K)] 415590K->349528K(735744K), 0.0017246 secs] [Times: user=0.00 sys=0.00, real=0.00 secs] 
3208.373: [GC (Allocation Failure) [PSYoungGen: 67616K->1376K(68096K)] 415576K->349336K(735744K), 0.0016511 secs] [Times: user=0.00 sys=0.00, real=0.00 secs] 
3208.647: [GC (Allocation Failure) [PSYoungGen: 67424K->1344K(68096K)] 415384K->349304K(735744K), 0.0018323 secs] [Times: user=0.01 sys=0.00, real=0.00 secs] 
3208.931: [GC (Allocation Failure) [PSYoungGen: 67392K->1392K(68096K)] 415352K->349352K(735744K), 0.0022316 secs] [Times: user=0.01 sys=0.00, real=0.01 secs] 
3209.393: [GC (Allocation Failure) [PSYoungGen: 67440K->1408K(68096K)] 415400K->349392K(735744K), 0.0033242 secs] [Times: user=0.02 sys=0.00, real=0.00 secs] 
3209.878: [GC (Allocation Failure) [PSYoungGen: 67456K->1549K(68096K)] 415440K->349534K(735744K), 0.0016661 secs] [Times: user=0.00 sys=0.00, real=0.00 secs] 
3210.274: [GC (Allocation Failure) [PSYoungGen: 67594K->1549K(68096K)] 415579K->349534K(735744K), 0.0016319 secs] [Times: user=0.01 sys=0.00, real=0.00 secs] 
3210.672: [GC (Allocation Failure) [PSYoungGen: 67597K->1549K(68096K)] 415582K->349550K(735744K), 0.0015778 secs] [Times: user=0.01 sys=0.00, real=0.01 secs] 
3211.161: [GC (Allocation Failure) [PSYoungGen: 67597K->1472K(68096K)] 415598K->349472K(735744K), 0.0018507 secs] [Times: user=0.01 sys=0.00, real=0.01 secs] 
3211.831: [GC (Allocation Failure) [PSYoungGen: 67520K->1376K(68096K)] 415520K->349376K(735744K), 0.0048178 secs] [Times: user=0.02 sys=0.00, real=0.01 secs] 
3212.501: [GC (Allocation Failure) [PSYoungGen: 67424K->1408K(68096K)] 415424K->349408K(735744K), 0.0040266 secs] [Times: user=0.01 sys=0.00, real=0.01 secs] 
3212.985: [GC (Allocation Failure) [PSYoungGen: 67456K->1408K(68096K)] 415456K->349408K(735744K), 0.0028299 secs] [Times: user=0.02 sys=0.00, real=0.00 secs] 
3213.494: [GC (Allocation Failure) [PSYoungGen: 67456K->1376K(68096K)] 415456K->349376K(735744K), 0.0022787 secs] [Times: user=0.00 sys=0.00, real=0.00 secs] 
3213.952: [GC (Allocation Failure) [PSYoungGen: 67424K->1549K(68096K)] 415424K->349550K(735744K), 0.0017035 secs] [Times: user=0.01 sys=0.00, real=0.01 secs] 
3214.348: [GC (Allocation Failure) [PSYoungGen: 67597K->1549K(68096K)] 415598K->349550K(735744K), 0.0017007 secs] [Times: user=0.00 sys=0.00, real=0.00 secs] 
3214.742: [GC (Allocation Failure) [PSYoungGen: 67597K->1549K(68096K)] 415598K->349558K(735744K), 0.0016360 secs] [Times: user=0.00 sys=0.00, real=0.01 secs] 
3215.185: [GC (Allocation Failure) [PSYoungGen: 67597K->1472K(68096K)] 415606K->349480K(735744K), 0.0017229 secs] [Times: user=0.01 sys=0.00, real=0.00 secs] 
3215.748: [GC (Allocation Failure) [PSYoungGen: 67520K->1408K(68096K)] 415528K->349416K(735744K), 0.0025845 secs] [Times: user=0.01 sys=0.00, real=0.00 secs] 
3216.371: [GC (Allocation Failure) [PSYoungGen: 67456K->1344K(68096K)] 415464K->349352K(735744K), 0.0028224 secs] [Times: user=0.02 sys=0.00, real=0.01 secs] 
3216.643: [GC (Allocation Failure) [PSYoungGen: 67392K->1376K(68096K)] 415400K->349384K(735744K), 0.0020726 secs] [Times: user=0.00 sys=0.00, real=0.00 secs] 
3216.939: [GC (Allocation Failure) [PSYoungGen: 67424K->1485K(68096K)] 415432K->349494K(735744K), 0.0019650 secs] [Times: user=0.01 sys=0.00, real=0.00 secs] 
3217.430: [GC (Allocation Failure) [PSYoungGen: 67518K->1581K(68096K)] 415526K->349590K(735744K), 0.0018102 secs] [Times: user=0.00 sys=0.00, real=0.00 secs] 
3217.827: [GC (Allocation Failure) [PSYoungGen: 67629K->1517K(68096K)] 415638K->349526K(735744K), 0.0017028 secs] [Times: user=0.01 sys=0.00, real=0.00 secs] 
3218.222: [GC (Allocation Failure) [PSYoungGen: 67565K->1517K(68096K)] 415574K->349542K(735744K), 0.0017190 secs] [Times: user=0.01 sys=0.00, real=0.01 secs] 
3218.760: [GC (Allocation Failure) [PSYoungGen: 67565K->1440K(68096K)] 415590K->349464K(735744K), 0.0035113 secs] [Times: user=0.01 sys=0.00, real=0.01 secs] 
3219.634: [GC (Allocation Failure) [PSYoungGen: 67488K->1408K(68096K)] 415512K->349432K(735744K), 0.0030722 secs] [Times: user=0.02 sys=0.00, real=0.00 secs] 
3220.599: [GC (Allocation Failure) [PSYoungGen: 67456K->1376K(68096K)] 415480K->349416K(735744K), 0.0027385 secs] [Times: user=0.01 sys=0.00, real=0.00 secs] 
3221.435: [GC (Allocation Failure) [PSYoungGen: 67424K->1408K(68096K)] 415464K->349448K(735744K), 0.0039689 secs] [Times: user=0.02 sys=0.00, real=0.00 secs] 
3222.171: [GC (Allocation Failure) [PSYoungGen: 67456K->1421K(68096K)] 415496K->349462K(735744K), 0.0024390 secs] [Times: user=0.01 sys=0.00, real=0.01 secs] 
3222.689: [GC (Allocation Failure) [PSYoungGen: 67454K->1549K(68096K)] 415495K->349590K(735744K), 0.0017379 secs] [Times: user=0.00 sys=0.00, real=0.00 secs] 
3223.089: [GC (Allocation Failure) [PSYoungGen: 67597K->1517K(68096K)] 415638K->349558K(735744K), 0.0017894 secs] [Times: user=0.01 sys=0.00, real=0.00 secs] 
3223.489: [GC (Allocation Failure) [PSYoungGen: 67565K->1549K(68096K)] 415606K->349606K(735744K), 0.0016995 secs] [Times: user=0.01 sys=0.00, real=0.00 secs] 
3223.970: [GC (Allocation Failure) [PSYoungGen: 67597K->1488K(68096K)] 415654K->349544K(735744K), 0.0029557 secs] [Times: user=0.02 sys=0.00, real=0.00 secs] 
3224.692: [GC (Allocation Failure) [PSYoungGen: 67536K->1376K(68096K)] 415592K->349432K(735744K), 0.0029003 secs] [Times: user=0.01 sys=0.00, real=0.01 secs] 
3225.297: [GC (Allocation Failure) [PSYoungGen: 67424K->1376K(68096K)] 415480K->349432K(735744K), 0.0022926 secs] [Times: user=0.01 sys=0.01, real=0.00 secs] 
3225.840: [GC (Allocation Failure) [PSYoungGen: 67424K->1408K(68096K)] 415480K->349464K(735744K), 0.0021833 secs] [Times: user=0.01 sys=0.00, real=0.00 secs] 
3226.505: [GC (Allocation Failure) [PSYoungGen: 67456K->1485K(68096K)] 415512K->349542K(735744K), 0.0021807 secs] [Times: user=0.01 sys=0.00, real=0.00 secs] 
3226.936: [GC (Allocation Failure) [PSYoungGen: 67522K->1597K(68096K)] 415579K->349654K(735744K), 0.0017405 secs] [Times: user=0.01 sys=0.00, real=0.00 secs] 
3227.333: [GC (Allocation Failure) [PSYoungGen: 67645K->1581K(68096K)] 415702K->349638K(735744K), 0.0017176 secs] [Times: user=0.01 sys=0.00, real=0.00 secs] 
3227.727: [GC (Allocation Failure) [PSYoungGen: 67629K->1581K(68096K)] 415686K->349654K(735744K), 0.0017694 secs] [Times: user=0.01 sys=0.00, real=0.00 secs] 
3228.255: [GC (Allocation Failure) [PSYoungGen: 67629K->1472K(68096K)] 415702K->349544K(735744K), 0.0021953 secs] [Times: user=0.01 sys=0.00, real=0.00 secs] 
3228.761: [GC (Allocation Failure) [PSYoungGen: 67520K->1408K(68096K)] 415592K->349480K(735744K), 0.0020605 secs] [Times: user=0.01 sys=0.00, real=0.00 secs] 
3229.036: [GC (Allocation Failure) [PSYoungGen: 67456K->1408K(68096K)] 415528K->349480K(735744K), 0.0019906 secs] [Times: user=0.01 sys=0.00, real=0.00 secs] 
3229.310: [GC (Allocation Failure) [PSYoungGen: 67456K->1344K(68096K)] 415528K->349416K(735744K), 0.0019679 secs] [Times: user=0.01 sys=0.00, real=0.00 secs] 
3229.659: [GC (Allocation Failure) [PSYoungGen: 67364K->1453K(68096K)] 415436K->349526K(735744K), 0.0016060 secs] [Times: user=0.01 sys=0.00, real=0.00 secs] 
3230.121: [GC (Allocation Failure) [PSYoungGen: 67501K->1581K(68096K)] 415574K->349670K(735744K), 0.0018359 secs] [Times: user=0.01 sys=0.00, real=0.00 secs] 
3230.572: [GC (Allocation Failure) [PSYoungGen: 67629K->1581K(68096K)] 415718K->349670K(735744K), 0.0017807 secs] [Times: user=0.01 sys=0.00, real=0.01 secs] 
3231.028: [GC (Allocation Failure) [PSYoungGen: 67629K->1549K(68096K)] 415718K->349646K(735744K), 0.0017849 secs] [Times: user=0.01 sys=0.00, real=0.00 secs] 
3231.682: [GC (Allocation Failure) [PSYoungGen: 67597K->1504K(68096K)] 415694K->349600K(735744K), 0.0042401 secs] [Times: user=0.02 sys=0.00, real=0.01 secs] 
3232.548: [GC (Allocation Failure) [PSYoungGen: 67552K->1408K(68096K)] 415648K->349504K(735744K), 0.0038620 secs] [Times: user=0.02 sys=0.00, real=0.00 secs] 
3233.196: [GC (Allocation Failure) [PSYoungGen: 67456K->1376K(68096K)] 415552K->349472K(735744K), 0.0028245 secs] [Times: user=0.01 sys=0.00, real=0.00 secs] 
3233.654: [GC (Allocation Failure) [PSYoungGen: 67424K->1408K(68096K)] 415520K->349504K(735744K), 0.0027658 secs] [Times: user=0.01 sys=0.01, real=0.00 secs] 
3234.215: [GC (Allocation Failure) [PSYoungGen: 67456K->1392K(68096K)] 415552K->349488K(735744K), 0.0020720 secs] [Times: user=0.00 sys=0.00, real=0.00 secs] 
3234.712: [GC (Allocation Failure) [PSYoungGen: 67409K->1533K(68096K)] 415506K->349630K(735744K), 0.0017132 secs] [Times: user=0.00 sys=0.00, real=0.01 secs] 
3235.108: [GC (Allocation Failure) [PSYoungGen: 67581K->1549K(68096K)] 415678K->349646K(735744K), 0.0018246 secs] [Times: user=0.01 sys=0.00, real=0.00 secs] 
3235.504: [GC (Allocation Failure) [PSYoungGen: 67597K->1549K(68096K)] 415694K->349662K(735744K), 0.0017999 secs] [Times: user=0.01 sys=0.00, real=0.00 secs] 
3236.000: [GC (Allocation Failure) [PSYoungGen: 67597K->1456K(68096K)] 415710K->349568K(735744K), 0.0030148 secs] [Times: user=0.01 sys=0.00, real=0.00 secs] 
3236.274: [GC (Allocation Failure) [PSYoungGen: 67504K->1408K(68096K)] 415616K->349520K(735744K), 0.0020167 secs] [Times: user=0.01 sys=0.00, real=0.00 secs] 
3236.549: [GC (Allocation Failure) [PSYoungGen: 67456K->1344K(68096K)] 415568K->349456K(735744K), 0.0020076 secs] [Times: user=0.01 sys=0.00, real=0.00 secs] 
3236.823: [GC (Allocation Failure) [PSYoungGen: 67392K->1344K(68096K)] 415504K->349456K(735744K), 0.0019873 secs] [Times: user=0.01 sys=0.00, real=0.00 secs] 
3237.148: [GC (Allocation Failure) [PSYoungGen: 67383K->1469K(68096K)] 415496K->349582K(735744K), 0.0015773 secs] [Times: user=0.00 sys=0.00, real=0.00 secs] 
3237.615: [GC (Allocation Failure) [PSYoungGen: 67517K->1581K(68096K)] 415630K->349694K(735744K), 0.0017230 secs] [Times: user=0.00 sys=0.00, real=0.00 secs] 
3238.011: [GC (Allocation Failure) [PSYoungGen: 67629K->1549K(68096K)] 415742K->349662K(735744K), 0.0018107 secs] [Times: user=0.00 sys=0.00, real=0.00 secs] 
3238.407: [GC (Allocation Failure) [PSYoungGen: 67597K->1581K(68096K)] 415710K->349702K(735744K), 0.0018203 secs] [Times: user=0.01 sys=0.00, real=0.00 secs] 
3239.020: [GC (Allocation Failure) [PSYoungGen: 67629K->1424K(68096K)] 415750K->349544K(735744K), 0.0038877 secs] [Times: user=0.01 sys=0.00, real=0.01 secs] 
3239.947: [GC (Allocation Failure) [PSYoungGen: 67472K->1408K(68096K)] 415592K->349544K(735744K), 0.0041532 secs] [Times: user=0.02 sys=0.00, real=0.00 secs] 
3240.386: [GC (Allocation Failure) [PSYoungGen: 67456K->1344K(68096K)] 415592K->349480K(735744K), 0.0023410 secs] [Times: user=0.01 sys=0.00, real=0.00 secs] 
3240.837: [GC (Allocation Failure) [PSYoungGen: 67392K->1344K(68096K)] 415528K->349480K(735744K), 0.0025180 secs] [Times: user=0.01 sys=0.00, real=0.00 secs] 
3241.362: [GC (Allocation Failure) [PSYoungGen: 67392K->1437K(68096K)] 415528K->349574K(735744K), 0.0016137 secs] [Times: user=0.01 sys=0.00, real=0.01 secs] 
3241.762: [GC (Allocation Failure) [PSYoungGen: 67485K->1517K(68096K)] 415622K->349654K(735744K), 0.0017151 secs] [Times: user=0.01 sys=0.01, real=0.01 secs] 
3242.162: [GC (Allocation Failure) [PSYoungGen: 67555K->1549K(68096K)] 415692K->349686K(735744K), 0.0017330 secs] [Times: user=0.01 sys=0.00, real=0.01 secs] 
3242.561: [GC (Allocation Failure) [PSYoungGen: 67597K->1549K(68096K)] 415734K->349702K(735744K), 0.0017197 secs] [Times: user=0.00 sys=0.00, real=0.00 secs] 
3243.223: [GC (Allocation Failure) [PSYoungGen: 67597K->1440K(68096K)] 415750K->349592K(735744K), 0.0021309 secs] [Times: user=0.01 sys=0.00, real=0.00 secs] 
3243.668: [GC (Allocation Failure) [PSYoungGen: 67488K->1376K(68096K)] 415640K->349528K(735744K), 0.0020749 secs] [Times: user=0.01 sys=0.00, real=0.00 secs] 
3243.997: [GC (Allocation Failure) [PSYoungGen: 67424K->1344K(68096K)] 415576K->349496K(735744K), 0.0020459 secs] [Times: user=0.01 sys=0.00, real=0.00 secs] 
3244.277: [GC (Allocation Failure) [PSYoungGen: 67392K->1376K(68096K)] 415544K->349528K(735744K), 0.0021042 secs] [Times: user=0.01 sys=0.00, real=0.00 secs] 
3244.677: [GC (Allocation Failure) [PSYoungGen: 67397K->1453K(68096K)] 415550K->349606K(735744K), 0.0017139 secs] [Times: user=0.00 sys=0.00, real=0.00 secs] 
3245.073: [GC (Allocation Failure) [PSYoungGen: 67501K->1581K(68096K)] 415654K->349734K(735744K), 0.0016210 secs] [Times: user=0.01 sys=0.00, real=0.01 secs] 
3245.468: [GC (Allocation Failure) [PSYoungGen: 67629K->1549K(68096K)] 415782K->349702K(735744K), 0.0017552 secs] [Times: user=0.00 sys=0.00, real=0.00 secs] 
3245.863: [GC (Allocation Failure) [PSYoungGen: 67597K->1581K(68096K)] 415750K->349758K(735744K), 0.0016466 secs] [Times: user=0.00 sys=0.00, real=0.00 secs] 
3246.242: [GC (Allocation Failure) [PSYoungGen: 67629K->1408K(68096K)] 415806K->349584K(735744K), 0.0018192 secs] [Times: user=0.01 sys=0.00, real=0.01 secs] 
3246.517: [GC (Allocation Failure) [PSYoungGen: 67456K->1376K(68096K)] 415632K->349552K(735744K), 0.0017426 secs] [Times: user=0.00 sys=0.00, real=0.00 secs] 
3246.800: [GC (Allocation Failure) [PSYoungGen: 67424K->1376K(68096K)] 415600K->349552K(735744K), 0.0017917 secs] [Times: user=0.01 sys=0.00, real=0.00 secs] 
3247.074: [GC (Allocation Failure) [PSYoungGen: 67424K->1376K(68096K)] 415600K->349552K(735744K), 0.0020906 secs] [Times: user=0.01 sys=0.00, real=0.00 secs] 
3247.420: [GC (Allocation Failure) [PSYoungGen: 67398K->1469K(68096K)] 415575K->349646K(735744K), 0.0016084 secs] [Times: user=0.00 sys=0.00, real=0.00 secs] 
3247.816: [GC (Allocation Failure) [PSYoungGen: 67517K->1517K(68096K)] 415694K->349710K(735744K), 0.0017169 secs] [Times: user=0.01 sys=0.00, real=0.00 secs] 
3248.211: [GC (Allocation Failure) [PSYoungGen: 67560K->1581K(68096K)] 415753K->349774K(735744K), 0.0017082 secs] [Times: user=0.01 sys=0.00, real=0.00 secs] 
3248.609: [GC (Allocation Failure) [PSYoungGen: 67629K->1517K(68096K)] 415822K->349734K(735744K), 0.0016963 secs] [Times: user=0.01 sys=0.00, real=0.00 secs] 
3249.418: [GC (Allocation Failure) [PSYoungGen: 67565K->1440K(68096K)] 415782K->349656K(735744K), 0.0022919 secs] [Times: user=0.01 sys=0.00, real=0.00 secs] 
3250.088: [GC (Allocation Failure) [PSYoungGen: 67488K->1376K(68096K)] 415704K->349592K(735744K), 0.0024746 secs] [Times: user=0.01 sys=0.00, real=0.00 secs] 
3250.509: [GC (Allocation Failure) [PSYoungGen: 67424K->1408K(68096K)] 415640K->349624K(735744K), 0.0019897 secs] [Times: user=0.01 sys=0.00, real=0.00 secs] 
3250.971: [GC (Allocation Failure) [PSYoungGen: 67456K->1344K(68096K)] 415672K->349560K(735744K), 0.0020889 secs] [Times: user=0.01 sys=0.00, real=0.01 secs] 
3251.518: [GC (Allocation Failure) [PSYoungGen: 67391K->1485K(68096K)] 415608K->349710K(735744K), 0.0016995 secs] [Times: user=0.00 sys=0.00, real=0.00 secs] 
3251.916: [GC (Allocation Failure) [PSYoungGen: 67533K->1581K(68096K)] 415758K->349806K(735744K), 0.0017215 secs] [Times: user=0.00 sys=0.00, real=0.00 secs] 
3252.312: [GC (Allocation Failure) [PSYoungGen: 67615K->1520K(68096K)] 415840K->349744K(735744K), 0.0016741 secs] [Times: user=0.00 sys=0.00, real=0.01 secs] 
3252.709: [GC (Allocation Failure) [PSYoungGen: 67568K->1581K(68096K)] 415792K->349814K(735744K), 0.0015898 secs] [Times: user=0.00 sys=0.00, real=0.00 secs] 
3253.077: [GC (Allocation Failure) [PSYoungGen: 67629K->1424K(68096K)] 415862K->349656K(735744K), 0.0018586 secs] [Times: user=0.01 sys=0.00, real=0.00 secs] 
3253.500: [GC (Allocation Failure) [PSYoungGen: 67472K->1376K(68096K)] 415704K->349608K(735744K), 0.0022842 secs] [Times: user=0.01 sys=0.00, real=0.00 secs] 
3254.131: [GC (Allocation Failure) [PSYoungGen: 67424K->1376K(68096K)] 415656K->349608K(735744K), 0.0027509 secs] [Times: user=0.01 sys=0.00, real=0.01 secs] 
3254.873: [GC (Allocation Failure) [PSYoungGen: 67424K->1408K(68096K)] 415656K->349640K(735744K), 0.0026253 secs] [Times: user=0.01 sys=0.00, real=0.01 secs] 
3255.722: [GC (Allocation Failure) [PSYoungGen: 67456K->1485K(68096K)] 415688K->349718K(735744K), 0.0017588 secs] [Times: user=0.00 sys=0.00, real=0.01 secs] 
3256.119: [GC (Allocation Failure) [PSYoungGen: 67514K->1549K(68096K)] 415746K->349782K(735744K), 0.0017499 secs] [Times: user=0.01 sys=0.00, real=0.00 secs] 
3256.575: [GC (Allocation Failure) [PSYoungGen: 67597K->1549K(68096K)] 415830K->349782K(735744K), 0.0018343 secs] [Times: user=0.01 sys=0.00, real=0.00 secs] 
3257.033: [GC (Allocation Failure) [PSYoungGen: 67597K->1533K(68096K)] 415830K->349774K(735744K), 0.0018468 secs] [Times: user=0.01 sys=0.00, real=0.00 secs] 
3257.380: [GC (Allocation Failure) [PSYoungGen: 67581K->1408K(68096K)] 415822K->349648K(735744K), 0.0020401 secs] [Times: user=0.01 sys=0.00, real=0.00 secs] 
3257.655: [GC (Allocation Failure) [PSYoungGen: 67456K->1376K(68096K)] 415696K->349632K(735744K), 0.0020435 secs] [Times: user=0.00 sys=0.00, real=0.00 secs] 
3258.228: [GC (Allocation Failure) [PSYoungGen: 67424K->1344K(68096K)] 415680K->349600K(735744K), 0.0025412 secs] [Times: user=0.01 sys=0.00, real=0.00 secs] 
3258.837: [GC (Allocation Failure) [PSYoungGen: 67392K->1408K(68096K)] 415648K->349664K(735744K), 0.0025720 secs] [Times: user=0.01 sys=0.00, real=0.00 secs] 
3259.535: [GC (Allocation Failure) [PSYoungGen: 67456K->1485K(68096K)] 415712K->349742K(735744K), 0.0016503 secs] [Times: user=0.01 sys=0.00, real=0.00 secs] 
3259.930: [GC (Allocation Failure) [PSYoungGen: 67533K->1549K(68096K)] 415790K->349806K(735744K), 0.0017163 secs] [Times: user=0.01 sys=0.00, real=0.00 secs] 
3260.325: [GC (Allocation Failure) [PSYoungGen: 67597K->1581K(68096K)] 415854K->349838K(735744K), 0.0016732 secs] [Times: user=0.00 sys=0.00, real=0.00 secs] 
3260.720: [GC (Allocation Failure) [PSYoungGen: 67629K->1517K(68096K)] 415886K->349790K(735744K), 0.0017385 secs] [Times: user=0.01 sys=0.00, real=0.00 secs] 
3261.880: [GC (Allocation Failure) [PSYoungGen: 67565K->1440K(68096K)] 415838K->349712K(735744K), 0.0039471 secs] [Times: user=0.02 sys=0.00, real=0.01 secs] 
3262.328: [GC (Allocation Failure) [PSYoungGen: 67488K->1376K(68096K)] 415760K->349648K(735744K), 0.0019687 secs] [Times: user=0.01 sys=0.00, real=0.00 secs] 
3262.603: [GC (Allocation Failure) [PSYoungGen: 67424K->1376K(68096K)] 415696K->349648K(735744K), 0.0020847 secs] [Times: user=0.00 sys=0.00, real=0.00 secs] 
3262.877: [GC (Allocation Failure) [PSYoungGen: 67424K->1376K(68096K)] 415696K->349648K(735744K), 0.0018815 secs] [Times: user=0.01 sys=0.00, real=0.00 secs] 
3263.248: [GC (Allocation Failure) [PSYoungGen: 67418K->1485K(68096K)] 415691K->349758K(735744K), 0.0016467 secs] [Times: user=0.01 sys=0.01, real=0.00 secs] 
3263.643: [GC (Allocation Failure) [PSYoungGen: 67533K->1549K(68096K)] 415806K->349822K(735744K), 0.0016944 secs] [Times: user=0.01 sys=0.00, real=0.01 secs] 
3264.040: [GC (Allocation Failure) [PSYoungGen: 67597K->1533K(68096K)] 415870K->349806K(735744K), 0.0017270 secs] [Times: user=0.00 sys=0.00, real=0.00 secs] 
3264.518: [GC (Allocation Failure) [PSYoungGen: 67581K->1581K(68096K)] 415854K->349862K(735744K), 0.0018730 secs] [Times: user=0.01 sys=0.00, real=0.00 secs] 
3265.164: [GC (Allocation Failure) [PSYoungGen: 67629K->1408K(68096K)] 415910K->349688K(735744K), 0.0023425 secs] [Times: user=0.00 sys=0.00, real=0.00 secs] 
3265.439: [GC (Allocation Failure) [PSYoungGen: 67456K->1344K(68096K)] 415736K->349624K(735744K), 0.0019584 secs] [Times: user=0.00 sys=0.01, real=0.00 secs] 
3265.714: [GC (Allocation Failure) [PSYoungGen: 67392K->1344K(68096K)] 415672K->349624K(735744K), 0.0020942 secs] [Times: user=0.01 sys=0.00, real=0.00 secs] 
3265.988: [GC (Allocation Failure) [PSYoungGen: 67392K->1408K(68096K)] 415672K->349688K(735744K), 0.0018372 secs] [Times: user=0.01 sys=0.00, real=0.00 secs] 
3266.372: [GC (Allocation Failure) [PSYoungGen: 67447K->1549K(68096K)] 415728K->349830K(735744K), 0.0015331 secs] [Times: user=0.00 sys=0.00, real=0.01 secs] 
3266.769: [GC (Allocation Failure) [PSYoungGen: 67597K->1549K(68096K)] 415878K->349830K(735744K), 0.0017173 secs] [Times: user=0.01 sys=0.00, real=0.00 secs] 
3267.168: [GC (Allocation Failure) [PSYoungGen: 67597K->1581K(68096K)] 415878K->349862K(735744K), 0.0016777 secs] [Times: user=0.01 sys=0.00, real=0.00 secs] 
3267.564: [GC (Allocation Failure) [PSYoungGen: 67629K->1581K(68096K)] 415910K->349870K(735744K), 0.0017461 secs] [Times: user=0.01 sys=0.00, real=0.00 secs] 
3268.433: [GC (Allocation Failure) [PSYoungGen: 67629K->1344K(68096K)] 415918K->349632K(735744K), 0.0039077 secs] [Times: user=0.02 sys=0.00, real=0.00 secs] 
3269.004: [GC (Allocation Failure) [PSYoungGen: 67392K->1376K(68096K)] 415680K->349664K(735744K), 0.0026162 secs] [Times: user=0.01 sys=0.00, real=0.00 secs] 
3269.464: [GC (Allocation Failure) [PSYoungGen: 67424K->1376K(68096K)] 415712K->349664K(735744K), 0.0027723 secs] [Times: user=0.01 sys=0.00, real=0.00 secs] 
3270.099: [GC (Allocation Failure) [PSYoungGen: 67424K->1408K(68096K)] 415712K->349712K(735744K), 0.0025861 secs] [Times: user=0.01 sys=0.00, real=0.00 secs] 
3270.710: [GC (Allocation Failure) [PSYoungGen: 67442K->1501K(68096K)] 415747K->349806K(735744K), 0.0017710 secs] [Times: user=0.00 sys=0.00, real=0.00 secs] 
3271.108: [GC (Allocation Failure) [PSYoungGen: 67549K->1584K(68096K)] 415854K->349888K(735744K), 0.0018311 secs] [Times: user=0.01 sys=0.00, real=0.00 secs] 
3271.563: [GC (Allocation Failure) [PSYoungGen: 67632K->1549K(68096K)] 415936K->349854K(735744K), 0.0018451 secs] [Times: user=0.00 sys=0.00, real=0.01 secs] 
3272.058: [GC (Allocation Failure) [PSYoungGen: 67579K->1501K(68096K)] 415883K->349822K(735744K), 0.0016281 secs] [Times: user=0.01 sys=0.00, real=0.00 secs] 
3272.404: [GC (Allocation Failure) [PSYoungGen: 67549K->1408K(68096K)] 415870K->349728K(735744K), 0.0017377 secs] [Times: user=0.01 sys=0.00, real=0.00 secs] 
3272.740: [GC (Allocation Failure) [PSYoungGen: 67456K->1344K(68096K)] 415776K->349664K(735744K), 0.0018569 secs] [Times: user=0.00 sys=0.00, real=0.00 secs] 
3273.131: [GC (Allocation Failure) [PSYoungGen: 67392K->1376K(68096K)] 415712K->349696K(735744K), 0.0022288 secs] [Times: user=0.01 sys=0.00, real=0.01 secs] 
3273.891: [GC (Allocation Failure) [PSYoungGen: 67424K->1408K(68096K)] 415744K->349728K(735744K), 0.0022533 secs] [Times: user=0.01 sys=0.00, real=0.00 secs] 
3274.460: [GC (Allocation Failure) [PSYoungGen: 67443K->1485K(68096K)] 415764K->349806K(735744K), 0.0016064 secs] [Times: user=0.00 sys=0.00, real=0.00 secs] 
3274.858: [GC (Allocation Failure) [PSYoungGen: 67533K->1549K(68096K)] 415854K->349870K(735744K), 0.0016405 secs] [Times: user=0.01 sys=0.00, real=0.00 secs] 
3275.252: [GC (Allocation Failure) [PSYoungGen: 67583K->1517K(68096K)] 415904K->349838K(735744K), 0.0017359 secs] [Times: user=0.01 sys=0.00, real=0.01 secs] 
3275.649: [GC (Allocation Failure) [PSYoungGen: 67565K->1533K(68096K)] 415886K->349862K(735744K), 0.0016848 secs] [Times: user=0.01 sys=0.00, real=0.00 secs] 
3276.674: [GC (Allocation Failure) [PSYoungGen: 67581K->1408K(68096K)] 415910K->349736K(735744K), 0.0033822 secs] [Times: user=0.01 sys=0.00, real=0.00 secs] 
3277.259: [GC (Allocation Failure) [PSYoungGen: 67456K->1376K(68096K)] 415784K->349704K(735744K), 0.0025961 secs] [Times: user=0.01 sys=0.01, real=0.00 secs] 
3277.865: [GC (Allocation Failure) [PSYoungGen: 67424K->1376K(68096K)] 415752K->349704K(735744K), 0.0029392 secs] [Times: user=0.01 sys=0.00, real=0.00 secs] 
3278.154: [GC (Allocation Failure) [PSYoungGen: 67424K->1376K(68096K)] 415752K->349704K(735744K), 0.0020551 secs] [Times: user=0.01 sys=0.00, real=0.00 secs] 
3278.677: [GC (Allocation Failure) [PSYoungGen: 67424K->1520K(68096K)] 415752K->349848K(735744K), 0.0016759 secs] [Times: user=0.00 sys=0.01, real=0.00 secs] 
3279.072: [GC (Allocation Failure) [PSYoungGen: 67568K->1549K(68096K)] 415896K->349878K(735744K), 0.0016988 secs] [Times: user=0.01 sys=0.00, real=0.01 secs] 
3279.526: [GC (Allocation Failure) [PSYoungGen: 67597K->1549K(68096K)] 415926K->349878K(735744K), 0.0017815 secs] [Times: user=0.01 sys=0.00, real=0.00 secs] 
3279.939: [GC (Allocation Failure) [PSYoungGen: 67597K->1632K(68096K)] 415926K->349960K(735744K), 0.0018415 secs] [Times: user=0.01 sys=0.00, real=0.00 secs] 
3280.540: [GC (Allocation Failure) [PSYoungGen: 67680K->1408K(68096K)] 416008K->349736K(735744K), 0.0026010 secs] [Times: user=0.01 sys=0.00, real=0.00 secs] 
3281.257: [GC (Allocation Failure) [PSYoungGen: 67456K->1408K(68096K)] 415784K->349752K(735744K), 0.0027295 secs] [Times: user=0.01 sys=0.00, real=0.00 secs] 
3281.933: [GC (Allocation Failure) [PSYoungGen: 67456K->1376K(68096K)] 415800K->349720K(735744K), 0.0026782 secs] [Times: user=0.02 sys=0.00, real=0.01 secs] 
3282.547: [GC (Allocation Failure) [PSYoungGen: 67424K->1376K(68096K)] 415768K->349720K(735744K), 0.0025019 secs] [Times: user=0.01 sys=0.00, real=0.00 secs] 
3283.080: [GC (Allocation Failure) [PSYoungGen: 67419K->1501K(68096K)] 415764K->349846K(735744K), 0.0016791 secs] [Times: user=0.00 sys=0.00, real=0.00 secs] 
3283.477: [GC (Allocation Failure) [PSYoungGen: 67549K->1549K(68096K)] 415894K->349894K(735744K), 0.0016110 secs] [Times: user=0.00 sys=0.00, real=0.00 secs] 
3283.873: [GC (Allocation Failure) [PSYoungGen: 67597K->1581K(68096K)] 415942K->349926K(735744K), 0.0017362 secs] [Times: user=0.01 sys=0.00, real=0.01 secs] 
3284.349: [GC (Allocation Failure) [PSYoungGen: 67629K->1712K(68096K)] 415974K->350056K(735744K), 0.0017524 secs] [Times: user=0.01 sys=0.00, real=0.00 secs] 
3284.901: [GC (Allocation Failure) [PSYoungGen: 67760K->1408K(68096K)] 416104K->349752K(735744K), 0.0019891 secs] [Times: user=0.01 sys=0.00, real=0.00 secs] 
3285.443: [GC (Allocation Failure) [PSYoungGen: 67456K->1376K(68096K)] 415800K->349720K(735744K), 0.0027170 secs] [Times: user=0.01 sys=0.00, real=0.00 secs] 
3285.843: [GC (Allocation Failure) [PSYoungGen: 67424K->1376K(68096K)] 415768K->349720K(735744K), 0.0021475 secs] [Times: user=0.01 sys=0.00, real=0.01 secs] 
3286.170: [GC (Allocation Failure) [PSYoungGen: 67424K->1376K(68096K)] 415768K->349720K(735744K), 0.0028314 secs] [Times: user=0.01 sys=0.00, real=0.01 secs] 
3286.596: [GC (Allocation Failure) [PSYoungGen: 67398K->1549K(68096K)] 415743K->349894K(735744K), 0.0016408 secs] [Times: user=0.00 sys=0.00, real=0.00 secs] 
3286.994: [GC (Allocation Failure) [PSYoungGen: 67597K->1581K(68096K)] 415942K->349926K(735744K), 0.0021423 secs] [Times: user=0.01 sys=0.00, real=0.00 secs] 
3287.450: [GC (Allocation Failure) [PSYoungGen: 67629K->1549K(68096K)] 415974K->349910K(735744K), 0.0018064 secs] [Times: user=0.01 sys=0.00, real=0.00 secs] 
3287.878: [GC (Allocation Failure) [PSYoungGen: 67597K->2032K(68096K)] 415958K->350904K(735744K), 0.0021911 secs] [Times: user=0.01 sys=0.00, real=0.00 secs] 
3288.191: [GC (Allocation Failure) [PSYoungGen: 68080K->1376K(68096K)] 416952K->350248K(735744K), 0.0020678 secs] [Times: user=0.01 sys=0.00, real=0.01 secs] 
3288.523: [GC (Allocation Failure) [PSYoungGen: 67424K->1376K(68096K)] 416296K->350248K(735744K), 0.0019476 secs] [Times: user=0.01 sys=0.01, real=0.00 secs] 
3288.813: [GC (Allocation Failure) [PSYoungGen: 67424K->1376K(68096K)] 416296K->350248K(735744K), 0.0020962 secs] [Times: user=0.01 sys=0.00, real=0.00 secs] 
3289.341: [GC (Allocation Failure) [PSYoungGen: 67424K->1392K(68096K)] 416296K->350280K(735744K), 0.0020393 secs] [Times: user=0.00 sys=0.00, real=0.01 secs] 
3289.804: [GC (Allocation Failure) [PSYoungGen: 67439K->1549K(68096K)] 416328K->350438K(735744K), 0.0015230 secs] [Times: user=0.00 sys=0.00, real=0.00 secs] 
3290.260: [GC (Allocation Failure) [PSYoungGen: 67597K->1584K(68096K)] 416486K->350472K(735744K), 0.0018080 secs] [Times: user=0.00 sys=0.01, real=0.00 secs] 
3290.654: [GC (Allocation Failure) [PSYoungGen: 67632K->1549K(68096K)] 416520K->350454K(735744K), 0.0017004 secs] [Times: user=0.01 sys=0.00, real=0.00 secs] 
3291.084: [GC (Allocation Failure) [PSYoungGen: 67597K->1504K(68096K)] 416502K->350408K(735744K), 0.0019496 secs] [Times: user=0.00 sys=0.00, real=0.00 secs] 
3291.402: [GC (Allocation Failure) [PSYoungGen: 67552K->1408K(68096K)] 416456K->350312K(735744K), 0.0019089 secs] [Times: user=0.01 sys=0.00, real=0.01 secs] 
3291.856: [GC (Allocation Failure) [PSYoungGen: 67456K->1376K(68096K)] 416360K->350280K(735744K), 0.0018050 secs] [Times: user=0.01 sys=0.00, real=0.00 secs] 
3292.466: [GC (Allocation Failure) [PSYoungGen: 67424K->1376K(68096K)] 416328K->350280K(735744K), 0.0018339 secs] [Times: user=0.01 sys=0.00, real=0.00 secs] 
3293.153: [GC (Allocation Failure) [PSYoungGen: 67424K->1376K(68096K)] 416328K->350280K(735744K), 0.0018690 secs] [Times: user=0.01 sys=0.00, real=0.00 secs] 
3293.684: [GC (Allocation Failure) [PSYoungGen: 67424K->1549K(68096K)] 416328K->350454K(735744K), 0.0017122 secs] [Times: user=0.01 sys=0.00, real=0.00 secs] 
3294.080: [GC (Allocation Failure) [PSYoungGen: 67597K->1581K(68096K)] 416502K->350486K(735744K), 0.0016068 secs] [Times: user=0.01 sys=0.00, real=0.00 secs] 
3294.474: [GC (Allocation Failure) [PSYoungGen: 67629K->1565K(68096K)] 416534K->350478K(735744K), 0.0017155 secs] [Times: user=0.01 sys=0.00, real=0.00 secs] 
3294.965: [GC (Allocation Failure) [PSYoungGen: 67613K->1488K(68096K)] 416526K->350400K(735744K), 0.0022322 secs] [Times: user=0.01 sys=0.00, real=0.00 secs] 
3295.554: [GC (Allocation Failure) [PSYoungGen: 67536K->1408K(68096K)] 416448K->350320K(735744K), 0.0025786 secs] [Times: user=0.01 sys=0.00, real=0.00 secs] 
3295.838: [GC (Allocation Failure) [PSYoungGen: 67456K->1424K(68096K)] 416368K->350336K(735744K), 0.0020783 secs] [Times: user=0.01 sys=0.00, real=0.00 secs] 
3296.124: [GC (Allocation Failure) [PSYoungGen: 67472K->1376K(68096K)] 416384K->350288K(735744K), 0.0020472 secs] [Times: user=0.01 sys=0.00, real=0.00 secs] 
3296.460: [GC (Allocation Failure) [PSYoungGen: 67424K->1408K(68096K)] 416336K->350320K(735744K), 0.0018220 secs] [Times: user=0.01 sys=0.00, real=0.00 secs] 
3297.002: [GC (Allocation Failure) [PSYoungGen: 67456K->1549K(68096K)] 416368K->350462K(735744K), 0.0017932 secs] [Times: user=0.01 sys=0.00, real=0.01 secs] 
3297.403: [GC (Allocation Failure) [PSYoungGen: 67597K->1549K(68096K)] 416510K->350462K(735744K), 0.0018327 secs] [Times: user=0.00 sys=0.00, real=0.01 secs] 
3297.797: [GC (Allocation Failure) [PSYoungGen: 67597K->1581K(68096K)] 416510K->350502K(735744K), 0.0016914 secs] [Times: user=0.00 sys=0.00, real=0.00 secs] 
3298.175: [GC (Allocation Failure) [PSYoungGen: 67629K->1472K(68096K)] 416550K->350392K(735744K), 0.0021755 secs] [Times: user=0.01 sys=0.00, real=0.00 secs] 
3298.451: [GC (Allocation Failure) [PSYoungGen: 67520K->1376K(68096K)] 416440K->350296K(735744K), 0.0020141 secs] [Times: user=0.00 sys=0.00, real=0.01 secs] 
3298.726: [GC (Allocation Failure) [PSYoungGen: 67424K->1408K(68096K)] 416344K->350328K(735744K), 0.0019977 secs] [Times: user=0.01 sys=0.00, real=0.00 secs] 
3299.000: [GC (Allocation Failure) [PSYoungGen: 67456K->1312K(68096K)] 416376K->350240K(735744K), 0.0019985 secs] [Times: user=0.01 sys=0.00, real=0.00 secs] 
3299.296: [GC (Allocation Failure) [PSYoungGen: 67360K->1453K(68096K)] 416288K->350382K(735744K), 0.0019791 secs] [Times: user=0.01 sys=0.00, real=0.00 secs] 
3299.707: [GC (Allocation Failure) [PSYoungGen: 67485K->1549K(68096K)] 416414K->350478K(735744K), 0.0017901 secs] [Times: user=0.01 sys=0.00, real=0.00 secs] 
3300.104: [GC (Allocation Failure) [PSYoungGen: 67597K->1517K(68096K)] 416526K->350446K(735744K), 0.0018088 secs] [Times: user=0.01 sys=0.00, real=0.00 secs] 
3300.498: [GC (Allocation Failure) [PSYoungGen: 67565K->1549K(68096K)] 416494K->350494K(735744K), 0.0015672 secs] [Times: user=0.01 sys=0.00, real=0.00 secs] 
3301.053: [GC (Allocation Failure) [PSYoungGen: 67597K->1472K(68096K)] 416542K->350416K(735744K), 0.0019378 secs] [Times: user=0.00 sys=0.00, real=0.01 secs] 
3301.727: [GC (Allocation Failure) [PSYoungGen: 67520K->1376K(68096K)] 416464K->350320K(735744K), 0.0026228 secs] [Times: user=0.01 sys=0.00, real=0.00 secs] 
3302.071: [GC (Allocation Failure) [PSYoungGen: 67424K->1344K(68096K)] 416368K->350288K(735744K), 0.0022100 secs] [Times: user=0.01 sys=0.00, real=0.01 secs] 
3302.430: [GC (Allocation Failure) [PSYoungGen: 67392K->1408K(68096K)] 416336K->350352K(735744K), 0.0020103 secs] [Times: user=0.01 sys=0.00, real=0.00 secs] 
3302.773: [GC (Allocation Failure) [PSYoungGen: 67456K->1517K(68096K)] 416400K->350462K(735744K), 0.0020257 secs] [Times: user=0.01 sys=0.00, real=0.00 secs] 
3303.188: [GC (Allocation Failure) [PSYoungGen: 67549K->1517K(68096K)] 416494K->350462K(735744K), 0.0017296 secs] [Times: user=0.01 sys=0.00, real=0.00 secs] 
3303.584: [GC (Allocation Failure) [PSYoungGen: 67565K->1581K(68096K)] 416510K->350526K(735744K), 0.0017724 secs] [Times: user=0.01 sys=0.00, real=0.00 secs] 
3303.980: [GC (Allocation Failure) [PSYoungGen: 67629K->1581K(68096K)] 416574K->350542K(735744K), 0.0017141 secs] [Times: user=0.00 sys=0.00, real=0.00 secs] 
3305.083: [GC (Allocation Failure) [PSYoungGen: 67629K->1456K(68096K)] 416590K->350416K(735744K), 0.0040154 secs] [Times: user=0.02 sys=0.00, real=0.00 secs] 
3305.622: [GC (Allocation Failure) [PSYoungGen: 67504K->1392K(68096K)] 416464K->350352K(735744K), 0.0022974 secs] [Times: user=0.01 sys=0.00, real=0.01 secs] 
3306.245: [GC (Allocation Failure) [PSYoungGen: 67440K->1376K(68096K)] 416400K->350336K(735744K), 0.0022924 secs] [Times: user=0.01 sys=0.00, real=0.00 secs] 
3306.992: [GC (Allocation Failure) [PSYoungGen: 67424K->1344K(68096K)] 416384K->350304K(735744K), 0.0032922 secs] [Times: user=0.01 sys=0.00, real=0.01 secs] 
3307.572: [GC (Allocation Failure) [PSYoungGen: 67392K->1472K(68096K)] 416352K->350432K(735744K), 0.0023237 secs] [Times: user=0.01 sys=0.00, real=0.01 secs] 
3308.006: [GC (Allocation Failure) [PSYoungGen: 67498K->1565K(68096K)] 416459K->350526K(735744K), 0.0017037 secs] [Times: user=0.00 sys=0.00, real=0.00 secs] 
3308.405: [GC (Allocation Failure) [PSYoungGen: 67613K->1549K(68096K)] 416574K->350510K(735744K), 0.0015900 secs] [Times: user=0.01 sys=0.00, real=0.00 secs] 
3308.800: [GC (Allocation Failure) [PSYoungGen: 67597K->1517K(68096K)] 416558K->350494K(735744K), 0.0016966 secs] [Times: user=0.01 sys=0.00, real=0.00 secs] 
3309.291: [GC (Allocation Failure) [PSYoungGen: 67565K->1472K(68096K)] 416542K->350448K(735744K), 0.0018284 secs] [Times: user=0.00 sys=0.00, real=0.01 secs] 
3309.960: [GC (Allocation Failure) [PSYoungGen: 67520K->1344K(68096K)] 416496K->350320K(735744K), 0.0039769 secs] [Times: user=0.02 sys=0.00, real=0.01 secs] 
3310.592: [GC (Allocation Failure) [PSYoungGen: 67392K->1344K(68096K)] 416368K->350320K(735744K), 0.0024482 secs] [Times: user=0.01 sys=0.00, real=0.01 secs] 
3311.172: [GC (Allocation Failure) [PSYoungGen: 67392K->1408K(68096K)] 416368K->350384K(735744K), 0.0025905 secs] [Times: user=0.01 sys=0.00, real=0.01 secs] 
3311.751: [GC (Allocation Failure) [PSYoungGen: 67456K->1453K(68096K)] 416432K->350454K(735744K), 0.0021546 secs] [Times: user=0.00 sys=0.00, real=0.01 secs] 
3312.172: [GC (Allocation Failure) [PSYoungGen: 67480K->1517K(68096K)] 416481K->350518K(735744K), 0.0015850 secs] [Times: user=0.01 sys=0.00, real=0.01 secs] 
3312.630: [GC (Allocation Failure) [PSYoungGen: 67565K->1581K(68096K)] 416566K->350582K(735744K), 0.0019539 secs] [Times: user=0.01 sys=0.00, real=0.00 secs] 
3313.084: [GC (Allocation Failure) [PSYoungGen: 67629K->1536K(68096K)] 416630K->350552K(735744K), 0.0018095 secs] [Times: user=0.00 sys=0.00, real=0.00 secs] 
3313.622: [GC (Allocation Failure) [PSYoungGen: 67584K->1472K(68096K)] 416600K->350488K(735744K), 0.0041952 secs] [Times: user=0.02 sys=0.00, real=0.01 secs] 
3314.320: [GC (Allocation Failure) [PSYoungGen: 67520K->1376K(68096K)] 416536K->350392K(735744K), 0.0030855 secs] [Times: user=0.02 sys=0.00, real=0.00 secs] 
3315.066: [GC (Allocation Failure) [PSYoungGen: 67424K->1376K(68096K)] 416440K->350392K(735744K), 0.0030997 secs] [Times: user=0.01 sys=0.00, real=0.00 secs] 
3315.907: [GC (Allocation Failure) [PSYoungGen: 67424K->1376K(68096K)] 416440K->350400K(735744K), 0.0037426 secs] [Times: user=0.01 sys=0.00, real=0.00 secs] 
3316.742: [GC (Allocation Failure) [PSYoungGen: 67424K->1517K(68096K)] 416448K->350542K(735744K), 0.0020957 secs] [Times: user=0.01 sys=0.00, real=0.01 secs] 
3317.167: [GC (Allocation Failure) [PSYoungGen: 67543K->1549K(68096K)] 416568K->350574K(735744K), 0.0017001 secs] [Times: user=0.01 sys=0.00, real=0.00 secs] 
3317.568: [GC (Allocation Failure) [PSYoungGen: 67597K->1581K(68096K)] 416622K->350606K(735744K), 0.0015907 secs] [Times: user=0.01 sys=0.00, real=0.00 secs] 
3317.964: [GC (Allocation Failure) [PSYoungGen: 67629K->1549K(68096K)] 416654K->350590K(735744K), 0.0017009 secs] [Times: user=0.00 sys=0.00, real=0.00 secs] 
3318.562: [GC (Allocation Failure) [PSYoungGen: 67597K->1440K(68096K)] 416638K->350480K(735744K), 0.0019560 secs] [Times: user=0.01 sys=0.00, real=0.01 secs] 
3319.185: [GC (Allocation Failure) [PSYoungGen: 67488K->1408K(68096K)] 416528K->350448K(735744K), 0.0038353 secs] [Times: user=0.02 sys=0.00, real=0.00 secs] 
3319.967: [GC (Allocation Failure) [PSYoungGen: 67456K->1392K(68096K)] 416496K->350432K(735744K), 0.0028771 secs] [Times: user=0.01 sys=0.00, real=0.00 secs] 
3320.714: [GC (Allocation Failure) [PSYoungGen: 67440K->1408K(68096K)] 416480K->350448K(735744K), 0.0025949 secs] [Times: user=0.01 sys=0.00, real=0.00 secs] 
3321.358: [GC (Allocation Failure) [PSYoungGen: 67447K->1456K(68096K)] 416488K->350496K(735744K), 0.0019629 secs] [Times: user=0.00 sys=0.00, real=0.00 secs] 
3321.759: [GC (Allocation Failure) [PSYoungGen: 67504K->1549K(68096K)] 416544K->350590K(735744K), 0.0016902 secs] [Times: user=0.01 sys=0.00, real=0.00 secs] 
3322.154: [GC (Allocation Failure) [PSYoungGen: 67597K->1517K(68096K)] 416638K->350574K(735744K), 0.0017538 secs] [Times: user=0.00 sys=0.00, real=0.00 secs] 
3322.553: [GC (Allocation Failure) [PSYoungGen: 67565K->1549K(68096K)] 416622K->350622K(735744K), 0.0017046 secs] [Times: user=0.01 sys=0.00, real=0.01 secs] 
3322.947: [GC (Allocation Failure) [PSYoungGen: 67597K->1472K(68096K)] 416670K->350544K(735744K), 0.0018008 secs] [Times: user=0.00 sys=0.00, real=0.00 secs] 
3323.268: [GC (Allocation Failure) [PSYoungGen: 67520K->1376K(68096K)] 416592K->350448K(735744K), 0.0017035 secs] [Times: user=0.00 sys=0.00, real=0.00 secs] 
3323.560: [GC (Allocation Failure) [PSYoungGen: 67424K->1344K(68096K)] 416496K->350416K(735744K), 0.0018095 secs] [Times: user=0.01 sys=0.00, real=0.00 secs] 
3324.072: [GC (Allocation Failure) [PSYoungGen: 67392K->1408K(68096K)] 416464K->350480K(735744K), 0.0039565 secs] [Times: user=0.01 sys=0.00, real=0.01 secs] 
3324.727: [GC (Allocation Failure) [PSYoungGen: 67456K->1469K(68096K)] 416528K->350542K(735744K), 0.0016834 secs] [Times: user=0.01 sys=0.00, real=0.00 secs] 
3325.124: [GC (Allocation Failure) [PSYoungGen: 67504K->1549K(68096K)] 416577K->350622K(735744K), 0.0017118 secs] [Times: user=0.00 sys=0.00, real=0.00 secs] 
3325.520: [GC (Allocation Failure) [PSYoungGen: 67597K->1501K(68096K)] 416670K->350574K(735744K), 0.0036067 secs] [Times: user=0.01 sys=0.00, real=0.01 secs] 
3326.013: [GC (Allocation Failure) [PSYoungGen: 67549K->1581K(68096K)] 416622K->350670K(735744K), 0.0017466 secs] [Times: user=0.01 sys=0.00, real=0.00 secs] 
3326.366: [GC (Allocation Failure) [PSYoungGen: 67629K->1392K(68096K)] 416718K->350480K(735744K), 0.0027070 secs] [Times: user=0.01 sys=0.00, real=0.00 secs] 
3326.642: [GC (Allocation Failure) [PSYoungGen: 67440K->1376K(68096K)] 416528K->350464K(735744K), 0.0020442 secs] [Times: user=0.01 sys=0.00, real=0.01 secs] 
3326.917: [GC (Allocation Failure) [PSYoungGen: 67424K->1376K(68096K)] 416512K->350464K(735744K), 0.0020683 secs] [Times: user=0.00 sys=0.00, real=0.00 secs] 
3327.375: [GC (Allocation Failure) [PSYoungGen: 67424K->1376K(68096K)] 416512K->350464K(735744K), 0.0020316 secs] [Times: user=0.01 sys=0.00, real=0.00 secs] 
3327.931: [GC (Allocation Failure) [PSYoungGen: 67424K->1485K(68096K)] 416512K->350574K(735744K), 0.0016023 secs] [Times: user=0.01 sys=0.00, real=0.01 secs] 
3328.326: [GC (Allocation Failure) [PSYoungGen: 67533K->1549K(68096K)] 416622K->350638K(735744K), 0.0017110 secs] [Times: user=0.01 sys=0.00, real=0.00 secs] 
3328.723: [GC (Allocation Failure) [PSYoungGen: 67597K->1549K(68096K)] 416686K->350638K(735744K), 0.0017127 secs] [Times: user=0.01 sys=0.00, real=0.01 secs] 
3329.118: [GC (Allocation Failure) [PSYoungGen: 67597K->1549K(68096K)] 416686K->350662K(735744K), 0.0016194 secs] [Times: user=0.01 sys=0.00, real=0.00 secs] 
3329.497: [GC (Allocation Failure) [PSYoungGen: 67597K->1440K(68096K)] 416710K->350552K(735744K), 0.0018539 secs] [Times: user=0.01 sys=0.00, real=0.00 secs] 
3329.772: [GC (Allocation Failure) [PSYoungGen: 67488K->1408K(68096K)] 416600K->350520K(735744K), 0.0018062 secs] [Times: user=0.01 sys=0.00, real=0.01 secs] 
3330.089: [GC (Allocation Failure) [PSYoungGen: 67456K->1376K(68096K)] 416568K->350488K(735744K), 0.0019497 secs] [Times: user=0.01 sys=0.00, real=0.00 secs] 
3330.545: [GC (Allocation Failure) [PSYoungGen: 67424K->1376K(68096K)] 416536K->350488K(735744K), 0.0019798 secs] [Times: user=0.01 sys=0.00, real=0.00 secs] 
3331.174: [GC (Allocation Failure) [PSYoungGen: 67424K->1520K(68096K)] 416536K->350632K(735744K), 0.0019845 secs] [Times: user=0.01 sys=0.00, real=0.00 secs] 
3331.576: [GC (Allocation Failure) [PSYoungGen: 67568K->1549K(68096K)] 416680K->350662K(735744K), 0.0016450 secs] [Times: user=0.01 sys=0.00, real=0.00 secs] 
3331.971: [GC (Allocation Failure) [PSYoungGen: 67597K->1584K(68096K)] 416710K->350696K(735744K), 0.0017324 secs] [Times: user=0.01 sys=0.00, real=0.00 secs] 
3332.367: [GC (Allocation Failure) [PSYoungGen: 67632K->1549K(68096K)] 416744K->350670K(735744K), 0.0016406 secs] [Times: user=0.00 sys=0.00, real=0.00 secs] 
3332.715: [GC (Allocation Failure) [PSYoungGen: 67597K->1360K(68096K)] 416718K->350480K(735744K), 0.0028814 secs] [Times: user=0.01 sys=0.00, real=0.00 secs] 
3332.995: [GC (Allocation Failure) [PSYoungGen: 67408K->1344K(68096K)] 416528K->350464K(735744K), 0.0020779 secs] [Times: user=0.01 sys=0.00, real=0.00 secs] 
3333.270: [GC (Allocation Failure) [PSYoungGen: 67392K->1408K(68096K)] 416512K->350528K(735744K), 0.0020977 secs] [Times: user=0.00 sys=0.00, real=0.00 secs] 
3333.545: [GC (Allocation Failure) [PSYoungGen: 67456K->1344K(68096K)] 416576K->350464K(735744K), 0.0019991 secs] [Times: user=0.01 sys=0.00, real=0.00 secs] 
3333.902: [GC (Allocation Failure) [PSYoungGen: 67384K->1485K(68096K)] 416505K->350606K(735744K), 0.0016287 secs] [Times: user=0.01 sys=0.00, real=0.01 secs] 
3334.297: [GC (Allocation Failure) [PSYoungGen: 67533K->1549K(68096K)] 416654K->350670K(735744K), 0.0016486 secs] [Times: user=0.01 sys=0.00, real=0.00 secs] 
3334.693: [GC (Allocation Failure) [PSYoungGen: 67582K->1565K(68096K)] 416703K->350686K(735744K), 0.0018071 secs] [Times: user=0.01 sys=0.00, real=0.00 secs] 
3335.093: [GC (Allocation Failure) [PSYoungGen: 67613K->1549K(68096K)] 416734K->350678K(735744K), 0.0016745 secs] [Times: user=0.01 sys=0.00, real=0.01 secs] 
3336.243: [GC (Allocation Failure) [PSYoungGen: 67597K->1424K(68096K)] 416726K->350552K(735744K), 0.0040502 secs] [Times: user=0.01 sys=0.00, real=0.01 secs] 
3337.009: [GC (Allocation Failure) [PSYoungGen: 67472K->1376K(68096K)] 416600K->350504K(735744K), 0.0032404 secs] [Times: user=0.01 sys=0.00, real=0.00 secs] 
3337.738: [GC (Allocation Failure) [PSYoungGen: 67424K->1408K(68096K)] 416552K->350536K(735744K), 0.0030427 secs] [Times: user=0.01 sys=0.00, real=0.00 secs] 
3338.343: [GC (Allocation Failure) [PSYoungGen: 67456K->1376K(68096K)] 416584K->350504K(735744K), 0.0027247 secs] [Times: user=0.01 sys=0.00, real=0.01 secs] 
3338.948: [GC (Allocation Failure) [PSYoungGen: 67424K->1485K(68096K)] 416552K->350614K(735744K), 0.0017543 secs] [Times: user=0.00 sys=0.00, real=0.00 secs] 
3339.396: [GC (Allocation Failure) [PSYoungGen: 67533K->1549K(68096K)] 416662K->350678K(735744K), 0.0018273 secs] [Times: user=0.01 sys=0.00, real=0.00 secs] 
3339.790: [GC (Allocation Failure) [PSYoungGen: 67586K->1581K(68096K)] 416715K->350710K(735744K), 0.0018424 secs] [Times: user=0.00 sys=0.00, real=0.00 secs] 
3340.189: [GC (Allocation Failure) [PSYoungGen: 67629K->1520K(68096K)] 416758K->350656K(735744K), 0.0018217 secs] [Times: user=0.01 sys=0.00, real=0.00 secs] 
3340.530: [GC (Allocation Failure) [PSYoungGen: 67568K->1408K(68096K)] 416704K->350560K(735744K), 0.0024358 secs] [Times: user=0.01 sys=0.00, real=0.00 secs] 
3340.805: [GC (Allocation Failure) [PSYoungGen: 67456K->1408K(68096K)] 416608K->350560K(735744K), 0.0019984 secs] [Times: user=0.01 sys=0.00, real=0.00 secs] 
3341.080: [GC (Allocation Failure) [PSYoungGen: 67456K->1376K(68096K)] 416608K->350528K(735744K), 0.0019530 secs] [Times: user=0.00 sys=0.00, real=0.00 secs] 
3341.418: [GC (Allocation Failure) [PSYoungGen: 67424K->1408K(68096K)] 416576K->350560K(735744K), 0.0019477 secs] [Times: user=0.01 sys=0.00, real=0.00 secs] 
3341.878: [GC (Allocation Failure) [PSYoungGen: 67456K->1517K(68096K)] 416608K->350670K(735744K), 0.0016613 secs] [Times: user=0.01 sys=0.00, real=0.00 secs] 
3342.274: [GC (Allocation Failure) [PSYoungGen: 67542K->1581K(68096K)] 416695K->350734K(735744K), 0.0017045 secs] [Times: user=0.00 sys=0.01, real=0.00 secs] 
3342.677: [GC (Allocation Failure) [PSYoungGen: 67629K->1549K(68096K)] 416782K->350702K(735744K), 0.0017747 secs] [Times: user=0.01 sys=0.00, real=0.00 secs] 
3343.072: [GC (Allocation Failure) [PSYoungGen: 67597K->1581K(68096K)] 416750K->350758K(735744K), 0.0016950 secs] [Times: user=0.01 sys=0.00, real=0.01 secs] 
3343.794: [GC (Allocation Failure) [PSYoungGen: 67629K->1440K(68096K)] 416806K->350616K(735744K), 0.0020293 secs] [Times: user=0.01 sys=0.00, real=0.00 secs] 
3344.522: [GC (Allocation Failure) [PSYoungGen: 67488K->1408K(68096K)] 416664K->350584K(735744K), 0.0029151 secs] [Times: user=0.01 sys=0.00, real=0.01 secs] 
3345.159: [GC (Allocation Failure) [PSYoungGen: 67456K->1376K(68096K)] 416632K->350552K(735744K), 0.0027243 secs] [Times: user=0.01 sys=0.00, real=0.00 secs] 
3345.792: [GC (Allocation Failure) [PSYoungGen: 67424K->1376K(68096K)] 416600K->350552K(735744K), 0.0028021 secs] [Times: user=0.01 sys=0.00, real=0.01 secs] 
3346.358: [GC (Allocation Failure) [PSYoungGen: 67413K->1517K(68096K)] 416589K->350694K(735744K), 0.0015716 secs] [Times: user=0.01 sys=0.00, real=0.00 secs] 
3346.754: [GC (Allocation Failure) [PSYoungGen: 67565K->1549K(68096K)] 416742K->350726K(735744K), 0.0016448 secs] [Times: user=0.00 sys=0.00, real=0.00 secs] 
3347.150: [GC (Allocation Failure) [PSYoungGen: 67597K->1549K(68096K)] 416774K->350726K(735744K), 0.0017270 secs] [Times: user=0.01 sys=0.00, real=0.00 secs] 
3347.549: [GC (Allocation Failure) [PSYoungGen: 67597K->1565K(68096K)] 416774K->350758K(735744K), 0.0016898 secs] [Times: user=0.01 sys=0.00, real=0.00 secs] 
3347.863: [GC (Allocation Failure) [PSYoungGen: 67613K->1408K(68096K)] 416806K->350600K(735744K), 0.0018864 secs] [Times: user=0.00 sys=0.00, real=0.00 secs] 
3348.138: [GC (Allocation Failure) [PSYoungGen: 67456K->1376K(68096K)] 416648K->350568K(735744K), 0.0016404 secs] [Times: user=0.01 sys=0.00, real=0.00 secs] 
3348.412: [GC (Allocation Failure) [PSYoungGen: 67424K->1344K(68096K)] 416616K->350536K(735744K), 0.0018344 secs] [Times: user=0.01 sys=0.00, real=0.01 secs] 
3348.686: [GC (Allocation Failure) [PSYoungGen: 67392K->1376K(68096K)] 416584K->350568K(735744K), 0.0018413 secs] [Times: user=0.01 sys=0.00, real=0.00 secs] 
3349.047: [GC (Allocation Failure) [PSYoungGen: 67424K->1485K(68096K)] 416616K->350678K(735744K), 0.0016821 secs] [Times: user=0.01 sys=0.00, real=0.00 secs] 
3349.444: [GC (Allocation Failure) [PSYoungGen: 67532K->1581K(68096K)] 416725K->350774K(735744K), 0.0016270 secs] [Times: user=0.00 sys=0.00, real=0.00 secs] 
3349.841: [GC (Allocation Failure) [PSYoungGen: 67629K->1517K(68096K)] 416822K->350734K(735744K), 0.0017246 secs] [Times: user=0.01 sys=0.00, real=0.00 secs] 
3350.236: [GC (Allocation Failure) [PSYoungGen: 67565K->1517K(68096K)] 416782K->350742K(735744K), 0.0015746 secs] [Times: user=0.00 sys=0.00, real=0.00 secs] 
3350.751: [GC (Allocation Failure) [PSYoungGen: 67565K->1440K(68096K)] 416790K->350664K(735744K), 0.0019409 secs] [Times: user=0.01 sys=0.00, real=0.00 secs] 
3351.280: [GC (Allocation Failure) [PSYoungGen: 67488K->1360K(68096K)] 416712K->350584K(735744K), 0.0039080 secs] [Times: user=0.02 sys=0.00, real=0.01 secs] 
3351.829: [GC (Allocation Failure) [PSYoungGen: 67408K->1376K(68096K)] 416632K->350600K(735744K), 0.0026246 secs] [Times: user=0.01 sys=0.00, real=0.00 secs] 
3352.370: [GC (Allocation Failure) [PSYoungGen: 67424K->1408K(68096K)] 416648K->350632K(735744K), 0.0031481 secs] [Times: user=0.01 sys=0.00, real=0.01 secs] 
3352.789: [GC (Allocation Failure) [PSYoungGen: 67439K->1517K(68096K)] 416663K->350742K(735744K), 0.0015986 secs] [Times: user=0.01 sys=0.00, real=0.00 secs] 
3353.254: [GC (Allocation Failure) [PSYoungGen: 67565K->1565K(68096K)] 416790K->350790K(735744K), 0.0016204 secs] [Times: user=0.00 sys=0.00, real=0.00 secs] 
3353.649: [GC (Allocation Failure) [PSYoungGen: 67613K->1581K(68096K)] 416838K->350806K(735744K), 0.0017896 secs] [Times: user=0.00 sys=0.00, real=0.00 secs] 
3354.046: [GC (Allocation Failure) [PSYoungGen: 67629K->1549K(68096K)] 416854K->350790K(735744K), 0.0018033 secs] [Times: user=0.01 sys=0.00, real=0.00 secs] 
3354.714: [GC (Allocation Failure) [PSYoungGen: 67597K->1440K(68096K)] 416838K->350680K(735744K), 0.0033790 secs] [Times: user=0.01 sys=0.00, real=0.00 secs] 
3355.041: [GC (Allocation Failure) [PSYoungGen: 67488K->1408K(68096K)] 416728K->350648K(735744K), 0.0019682 secs] [Times: user=0.01 sys=0.00, real=0.01 secs] 
3355.462: [GC (Allocation Failure) [PSYoungGen: 67456K->1392K(68096K)] 416696K->350632K(735744K), 0.0019974 secs] [Times: user=0.01 sys=0.00, real=0.01 secs] 
3355.992: [GC (Allocation Failure) [PSYoungGen: 67440K->1408K(68096K)] 416680K->350648K(735744K), 0.0022492 secs] [Times: user=0.00 sys=0.00, real=0.01 secs] 
3356.582: [GC (Allocation Failure) [PSYoungGen: 67456K->1517K(68096K)] 416696K->350758K(735744K), 0.0016619 secs] [Times: user=0.01 sys=0.00, real=0.01 secs] 
3356.977: [GC (Allocation Failure) [PSYoungGen: 67565K->1549K(68096K)] 416806K->350790K(735744K), 0.0017001 secs] [Times: user=0.01 sys=0.00, real=0.00 secs] 
3357.371: [GC (Allocation Failure) [PSYoungGen: 67597K->1552K(68096K)] 416838K->350792K(735744K), 0.0017174 secs] [Times: user=0.01 sys=0.00, real=0.01 secs] 
3357.767: [GC (Allocation Failure) [PSYoungGen: 67600K->288K(68096K)] 416840K->349528K(735744K), 0.0016039 secs] [Times: user=0.00 sys=0.00, real=0.00 secs] 
3358.097: [GC (Allocation Failure) [PSYoungGen: 66336K->1376K(68096K)] 415576K->350616K(735744K), 0.0022477 secs] [Times: user=0.01 sys=0.00, real=0.00 secs] 
3358.431: [GC (Allocation Failure) [PSYoungGen: 67424K->1376K(68096K)] 416664K->350616K(735744K), 0.0020001 secs] [Times: user=0.01 sys=0.00, real=0.00 secs] 
3358.706: [GC (Allocation Failure) [PSYoungGen: 67424K->1376K(68096K)] 416664K->350616K(735744K), 0.0019404 secs] [Times: user=0.00 sys=0.00, real=0.00 secs] 
3359.030: [GC (Allocation Failure) [PSYoungGen: 67424K->1376K(68096K)] 416664K->350616K(735744K), 0.0020116 secs] [Times: user=0.01 sys=0.00, real=0.00 secs] 
3359.418: [GC (Allocation Failure) [PSYoungGen: 67410K->1485K(68096K)] 416651K->350750K(735744K), 0.0017594 secs] [Times: user=0.00 sys=0.00, real=0.00 secs] 
3359.815: [GC (Allocation Failure) [PSYoungGen: 67533K->1549K(68096K)] 416798K->350814K(735744K), 0.0016994 secs] [Times: user=0.00 sys=0.00, real=0.00 secs] 
3360.210: [GC (Allocation Failure) [PSYoungGen: 67597K->1520K(68096K)] 416862K->350784K(735744K), 0.0018235 secs] [Times: user=0.00 sys=0.00, real=0.00 secs] 
3360.621: [GC (Allocation Failure) [PSYoungGen: 67568K->1808K(68096K)] 416832K->351080K(735744K), 0.0018262 secs] [Times: user=0.00 sys=0.00, real=0.00 secs] 
3361.218: [GC (Allocation Failure) [PSYoungGen: 67856K->1408K(68096K)] 417128K->350680K(735744K), 0.0026349 secs] [Times: user=0.01 sys=0.00, real=0.00 secs] 
3361.793: [GC (Allocation Failure) [PSYoungGen: 67456K->1376K(68096K)] 416728K->350648K(735744K), 0.0023322 secs] [Times: user=0.01 sys=0.00, real=0.01 secs] 
3362.301: [GC (Allocation Failure) [PSYoungGen: 67424K->1376K(68096K)] 416696K->350648K(735744K), 0.0023216 secs] [Times: user=0.01 sys=0.00, real=0.01 secs] 
3362.826: [GC (Allocation Failure) [PSYoungGen: 67424K->1376K(68096K)] 416696K->350648K(735744K), 0.0021320 secs] [Times: user=0.00 sys=0.00, real=0.00 secs] 
3363.360: [GC (Allocation Failure) [PSYoungGen: 67424K->1517K(68096K)] 416696K->350790K(735744K), 0.0017051 secs] [Times: user=0.01 sys=0.00, real=0.00 secs] 
3363.756: [GC (Allocation Failure) [PSYoungGen: 67565K->1549K(68096K)] 416838K->350822K(735744K), 0.0017000 secs] [Times: user=0.01 sys=0.00, real=0.00 secs] 
3364.151: [GC (Allocation Failure) [PSYoungGen: 67597K->1549K(68096K)] 416870K->350830K(735744K), 0.0017693 secs] [Times: user=0.01 sys=0.00, real=0.00 secs] 
3364.558: [GC (Allocation Failure) [PSYoungGen: 67597K->1984K(68096K)] 416878K->351264K(735744K), 0.0017120 secs] [Times: user=0.01 sys=0.00, real=0.00 secs] 
3364.984: [GC (Allocation Failure) [PSYoungGen: 68032K->1408K(68096K)] 417312K->350688K(735744K), 0.0015515 secs] [Times: user=0.01 sys=0.00, real=0.00 secs] 
3365.269: [GC (Allocation Failure) [PSYoungGen: 67456K->1376K(68096K)] 416736K->350656K(735744K), 0.0031006 secs] [Times: user=0.01 sys=0.00, real=0.00 secs] 
3365.565: [GC (Allocation Failure) [PSYoungGen: 67424K->1376K(68096K)] 416704K->350656K(735744K), 0.0025135 secs] [Times: user=0.01 sys=0.00, real=0.00 secs] 
3365.850: [GC (Allocation Failure) [PSYoungGen: 67424K->1376K(68096K)] 416704K->350656K(735744K), 0.0020013 secs] [Times: user=0.01 sys=0.00, real=0.00 secs] 
3366.263: [GC (Allocation Failure) [PSYoungGen: 67393K->1581K(68096K)] 416674K->350862K(735744K), 0.0016759 secs] [Times: user=0.00 sys=0.00, real=0.00 secs] 
3366.666: [GC (Allocation Failure) [PSYoungGen: 67629K->1501K(68096K)] 416910K->350782K(735744K), 0.0015644 secs] [Times: user=0.01 sys=0.00, real=0.00 secs] 
3367.062: [GC (Allocation Failure) [PSYoungGen: 67517K->1549K(68096K)] 416798K->350854K(735744K), 0.0017780 secs] [Times: user=0.00 sys=0.00, real=0.01 secs] 
3367.495: [GC (Allocation Failure) [PSYoungGen: 67597K->1504K(68096K)] 416902K->350816K(735744K), 0.0017772 secs] [Times: user=0.01 sys=0.00, real=0.00 secs] 
3367.919: [GC (Allocation Failure) [PSYoungGen: 67552K->1408K(68096K)] 416864K->350720K(735744K), 0.0018583 secs] [Times: user=0.00 sys=0.00, real=0.00 secs] 
3368.211: [GC (Allocation Failure) [PSYoungGen: 67456K->1376K(68096K)] 416768K->350696K(735744K), 0.0022596 secs] [Times: user=0.01 sys=0.00, real=0.01 secs] 
3368.487: [GC (Allocation Failure) [PSYoungGen: 67424K->1376K(68096K)] 416744K->350696K(735744K), 0.0024310 secs] [Times: user=0.01 sys=0.00, real=0.00 secs] 
3368.762: [GC (Allocation Failure) [PSYoungGen: 67424K->1408K(68096K)] 416744K->350744K(735744K), 0.0021527 secs] [Times: user=0.00 sys=0.00, real=0.01 secs] 
3369.178: [GC (Allocation Failure) [PSYoungGen: 67456K->1485K(68096K)] 416792K->350822K(735744K), 0.0017206 secs] [Times: user=0.00 sys=0.00, real=0.00 secs] 
3369.574: [GC (Allocation Failure) [PSYoungGen: 67533K->1581K(68096K)] 416870K->350918K(735744K), 0.0016982 secs] [Times: user=0.01 sys=0.00, real=0.00 secs] 
3369.969: [GC (Allocation Failure) [PSYoungGen: 67629K->1517K(68096K)] 416966K->350870K(735744K), 0.0017062 secs] [Times: user=0.00 sys=0.00, real=0.00 secs] 
3370.416: [GC (Allocation Failure) [PSYoungGen: 67565K->1536K(68096K)] 416918K->350888K(735744K), 0.0024031 secs] [Times: user=0.01 sys=0.00, real=0.00 secs] 
3370.740: [GC (Allocation Failure) [PSYoungGen: 67584K->1376K(68096K)] 416936K->350736K(735744K), 0.0017969 secs] [Times: user=0.01 sys=0.00, real=0.00 secs] 
3371.014: [GC (Allocation Failure) [PSYoungGen: 67424K->1376K(68096K)] 416784K->350736K(735744K), 0.0017997 secs] [Times: user=0.01 sys=0.00, real=0.00 secs] 
3371.288: [GC (Allocation Failure) [PSYoungGen: 67424K->1408K(68096K)] 416784K->350768K(735744K), 0.0027742 secs] [Times: user=0.01 sys=0.00, real=0.00 secs] 
3371.562: [GC (Allocation Failure) [PSYoungGen: 67456K->1408K(68096K)] 416816K->350768K(735744K), 0.0020094 secs] [Times: user=0.01 sys=0.00, real=0.01 secs] 
3371.993: [GC (Allocation Failure) [PSYoungGen: 67456K->1549K(68096K)] 416816K->350910K(735744K), 0.0017059 secs] [Times: user=0.01 sys=0.00, real=0.01 secs] 
3372.389: [GC (Allocation Failure) [PSYoungGen: 67597K->1549K(68096K)] 416958K->350910K(735744K), 0.0017362 secs] [Times: user=0.00 sys=0.00, real=0.00 secs] 
3372.791: [GC (Allocation Failure) [PSYoungGen: 67597K->1581K(68096K)] 416958K->350958K(735744K), 0.0015460 secs] [Times: user=0.01 sys=0.00, real=0.00 secs] 
3373.397: [GC (Allocation Failure) [PSYoungGen: 67629K->1472K(68096K)] 417006K->350848K(735744K), 0.0027746 secs] [Times: user=0.01 sys=0.00, real=0.00 secs] 
3374.212: [GC (Allocation Failure) [PSYoungGen: 67520K->1376K(68096K)] 416896K->350752K(735744K), 0.0033250 secs] [Times: user=0.01 sys=0.01, real=0.01 secs] 
3374.533: [GC (Allocation Failure) [PSYoungGen: 67424K->1376K(68096K)] 416800K->350752K(735744K), 0.0021925 secs] [Times: user=0.01 sys=0.00, real=0.00 secs] 
3374.989: [GC (Allocation Failure) [PSYoungGen: 67424K->1376K(68096K)] 416800K->350752K(735744K), 0.0030560 secs] [Times: user=0.02 sys=0.00, real=0.00 secs] 
3375.561: [GC (Allocation Failure) [PSYoungGen: 67263K->240K(68096K)] 416639K->349616K(735744K), 0.0026094 secs] [Times: user=0.01 sys=0.00, real=0.01 secs] 
3376.025: [GC (Allocation Failure) [PSYoungGen: 66288K->1581K(68096K)] 415664K->350958K(735744K), 0.0015652 secs] [Times: user=0.01 sys=0.00, real=0.00 secs] 
3376.420: [GC (Allocation Failure) [PSYoungGen: 67629K->1549K(68096K)] 417006K->350926K(735744K), 0.0017138 secs] [Times: user=0.00 sys=0.00, real=0.00 secs] 
3376.819: [GC (Allocation Failure) [PSYoungGen: 67597K->1520K(68096K)] 416974K->350912K(735744K), 0.0016888 secs] [Times: user=0.00 sys=0.00, real=0.00 secs] 
3377.277: [GC (Allocation Failure) [PSYoungGen: 67568K->1456K(68096K)] 416960K->350856K(735744K), 0.0017879 secs] [Times: user=0.00 sys=0.00, real=0.00 secs] 
3377.868: [GC (Allocation Failure) [PSYoungGen: 67504K->1344K(68096K)] 416904K->350744K(735744K), 0.0018726 secs] [Times: user=0.01 sys=0.00, real=0.00 secs] 
3378.264: [GC (Allocation Failure) [PSYoungGen: 67392K->1376K(68096K)] 416792K->350776K(735744K), 0.0019282 secs] [Times: user=0.01 sys=0.00, real=0.00 secs] 
3378.539: [GC (Allocation Failure) [PSYoungGen: 67424K->1408K(68096K)] 416824K->350808K(735744K), 0.0019070 secs] [Times: user=0.01 sys=0.00, real=0.00 secs] 
3379.018: [GC (Allocation Failure) [PSYoungGen: 67452K->1456K(68096K)] 416853K->350856K(735744K), 0.0021130 secs] [Times: user=0.01 sys=0.00, real=0.00 secs] 
3379.440: [GC (Allocation Failure) [PSYoungGen: 67504K->1581K(68096K)] 416904K->350982K(735744K), 0.0015906 secs] [Times: user=0.00 sys=0.00, real=0.00 secs] 
3379.906: [GC (Allocation Failure) [PSYoungGen: 67629K->1549K(68096K)] 417030K->350950K(735744K), 0.0016057 secs] [Times: user=0.00 sys=0.00, real=0.00 secs] 
3380.300: [GC (Allocation Failure) [PSYoungGen: 67597K->1549K(68096K)] 416998K->350974K(735744K), 0.0017869 secs] [Times: user=0.01 sys=0.00, real=0.00 secs] 
3380.789: [GC (Allocation Failure) [PSYoungGen: 67597K->1456K(68096K)] 417022K->350880K(735744K), 0.0024842 secs] [Times: user=0.01 sys=0.00, real=0.00 secs] 
3381.374: [GC (Allocation Failure) [PSYoungGen: 67504K->1408K(68096K)] 416928K->350832K(735744K), 0.0040300 secs] [Times: user=0.02 sys=0.00, real=0.00 secs] 
3381.909: [GC (Allocation Failure) [PSYoungGen: 67456K->1344K(68096K)] 416880K->350768K(735744K), 0.0031098 secs] [Times: user=0.01 sys=0.00, real=0.00 secs] 
3382.464: [GC (Allocation Failure) [PSYoungGen: 67392K->1344K(68096K)] 416816K->350768K(735744K), 0.0027964 secs] [Times: user=0.01 sys=0.00, real=0.00 secs] 
3382.957: [GC (Allocation Failure) [PSYoungGen: 67392K->1517K(68096K)] 416816K->350942K(735744K), 0.0024173 secs] [Times: user=0.01 sys=0.00, real=0.00 secs] 
3383.399: [GC (Allocation Failure) [PSYoungGen: 67565K->1517K(68096K)] 416990K->350942K(735744K), 0.0016864 secs] [Times: user=0.01 sys=0.00, real=0.00 secs] 
3383.794: [GC (Allocation Failure) [PSYoungGen: 67562K->1533K(68096K)] 416986K->350958K(735744K), 0.0017019 secs] [Times: user=0.01 sys=0.00, real=0.00 secs] 
3384.192: [GC (Allocation Failure) [PSYoungGen: 67581K->1581K(68096K)] 417006K->351022K(735744K), 0.0016991 secs] [Times: user=0.01 sys=0.00, real=0.01 secs] 
3384.642: [GC (Allocation Failure) [PSYoungGen: 67629K->1472K(68096K)] 417070K->350912K(735744K), 0.0019065 secs] [Times: user=0.00 sys=0.00, real=0.01 secs] 
3384.919: [GC (Allocation Failure) [PSYoungGen: 67520K->1392K(68096K)] 416960K->350832K(735744K), 0.0019110 secs] [Times: user=0.01 sys=0.00, real=0.00 secs] 
3385.194: [GC (Allocation Failure) [PSYoungGen: 67440K->1376K(68096K)] 416880K->350816K(735744K), 0.0017874 secs] [Times: user=0.01 sys=0.00, real=0.00 secs] 
3385.469: [GC (Allocation Failure) [PSYoungGen: 67424K->1376K(68096K)] 416864K->350816K(735744K), 0.0018107 secs] [Times: user=0.00 sys=0.00, real=0.00 secs] 
3385.930: [GC (Allocation Failure) [PSYoungGen: 67407K->1456K(68096K)] 416848K->350896K(735744K), 0.0018202 secs] [Times: user=0.01 sys=0.00, real=0.00 secs] 
3386.327: [GC (Allocation Failure) [PSYoungGen: 67504K->1549K(68096K)] 416944K->350990K(735744K), 0.0017251 secs] [Times: user=0.01 sys=0.00, real=0.00 secs] 
3386.722: [GC (Allocation Failure) [PSYoungGen: 67597K->1581K(68096K)] 417038K->351022K(735744K), 0.0016733 secs] [Times: user=0.01 sys=0.01, real=0.01 secs] 
3387.122: [GC (Allocation Failure) [PSYoungGen: 67629K->1581K(68096K)] 417070K->351030K(735744K), 0.0017626 secs] [Times: user=0.00 sys=0.00, real=0.01 secs] 
3387.581: [GC (Allocation Failure) [PSYoungGen: 67629K->1488K(68096K)] 417078K->350936K(735744K), 0.0019916 secs] [Times: user=0.01 sys=0.00, real=0.00 secs] 
3388.128: [GC (Allocation Failure) [PSYoungGen: 67536K->1344K(68096K)] 416984K->350792K(735744K), 0.0019305 secs] [Times: user=0.01 sys=0.00, real=0.00 secs] 
3388.675: [GC (Allocation Failure) [PSYoungGen: 67392K->1376K(68096K)] 416840K->350824K(735744K), 0.0020875 secs] [Times: user=0.01 sys=0.00, real=0.00 secs] 
3389.019: [GC (Allocation Failure) [PSYoungGen: 67424K->1408K(68096K)] 416872K->350872K(735744K), 0.0019917 secs] [Times: user=0.01 sys=0.01, real=0.00 secs] 
3389.354: [GC (Allocation Failure) [PSYoungGen: 67456K->1485K(68096K)] 416920K->350950K(735744K), 0.0015837 secs] [Times: user=0.00 sys=0.00, real=0.00 secs] 
3389.751: [GC (Allocation Failure) [PSYoungGen: 67532K->1549K(68096K)] 416997K->351014K(735744K), 0.0015686 secs] [Times: user=0.01 sys=0.00, real=0.00 secs] 
3390.147: [GC (Allocation Failure) [PSYoungGen: 67597K->1549K(68096K)] 417062K->351014K(735744K), 0.0016918 secs] [Times: user=0.00 sys=0.00, real=0.00 secs] 
3390.542: [GC (Allocation Failure) [PSYoungGen: 67597K->1581K(68096K)] 417062K->351054K(735744K), 0.0016891 secs] [Times: user=0.01 sys=0.00, real=0.01 secs] 
3391.028: [GC (Allocation Failure) [PSYoungGen: 67629K->1472K(68096K)] 417102K->350944K(735744K), 0.0018926 secs] [Times: user=0.01 sys=0.00, real=0.00 secs] 
3391.741: [GC (Allocation Failure) [PSYoungGen: 67520K->1344K(68096K)] 416992K->350816K(735744K), 0.0040196 secs] [Times: user=0.02 sys=0.00, real=0.01 secs] 
3392.452: [GC (Allocation Failure) [PSYoungGen: 67392K->1376K(68096K)] 416864K->350848K(735744K), 0.0039201 secs] [Times: user=0.02 sys=0.00, real=0.01 secs] 
3392.995: [GC (Allocation Failure) [PSYoungGen: 67424K->1376K(68096K)] 416896K->350848K(735744K), 0.0027318 secs] [Times: user=0.01 sys=0.00, real=0.00 secs] 
3393.543: [GC (Allocation Failure) [PSYoungGen: 67424K->1456K(68096K)] 416896K->350928K(735744K), 0.0018717 secs] [Times: user=0.00 sys=0.00, real=0.01 secs] 
3394.018: [GC (Allocation Failure) [PSYoungGen: 67479K->1549K(68096K)] 416952K->351022K(735744K), 0.0018069 secs] [Times: user=0.00 sys=0.00, real=0.00 secs] 
3394.416: [GC (Allocation Failure) [PSYoungGen: 67597K->1581K(68096K)] 417070K->351054K(735744K), 0.0017295 secs] [Times: user=0.01 sys=0.00, real=0.00 secs] 
3394.810: [GC (Allocation Failure) [PSYoungGen: 67629K->1549K(68096K)] 417102K->351038K(735744K), 0.0018154 secs] [Times: user=0.01 sys=0.00, real=0.00 secs] 
3395.174: [GC (Allocation Failure) [PSYoungGen: 67597K->1392K(68096K)] 417086K->350880K(735744K), 0.0024261 secs] [Times: user=0.01 sys=0.00, real=0.00 secs] 
3395.456: [GC (Allocation Failure) [PSYoungGen: 67440K->1376K(68096K)] 416928K->350864K(735744K), 0.0020355 secs] [Times: user=0.01 sys=0.00, real=0.00 secs] 
3395.731: [GC (Allocation Failure) [PSYoungGen: 67424K->1344K(68096K)] 416912K->350832K(735744K), 0.0019386 secs] [Times: user=0.00 sys=0.00, real=0.00 secs] 
3396.005: [GC (Allocation Failure) [PSYoungGen: 67392K->1408K(68096K)] 416880K->350896K(735744K), 0.0017949 secs] [Times: user=0.01 sys=0.00, real=0.00 secs] 
3396.344: [GC (Allocation Failure) [PSYoungGen: 67456K->1408K(68096K)] 416944K->350896K(735744K), 0.0016289 secs] [Times: user=0.01 sys=0.00, real=0.00 secs] 
3396.799: [GC (Allocation Failure) [PSYoungGen: 67428K->1581K(68096K)] 416917K->351070K(735744K), 0.0017999 secs] [Times: user=0.01 sys=0.00, real=0.00 secs] 
3397.196: [GC (Allocation Failure) [PSYoungGen: 67629K->1517K(68096K)] 417118K->351006K(735744K), 0.0018163 secs] [Times: user=0.01 sys=0.00, real=0.00 secs] 
3397.601: [GC (Allocation Failure) [PSYoungGen: 67565K->1552K(68096K)] 417054K->351056K(735744K), 0.0017534 secs] [Times: user=0.01 sys=0.00, real=0.00 secs] 
3398.439: [GC (Allocation Failure) [PSYoungGen: 67600K->1456K(68096K)] 417104K->350960K(735744K), 0.0036160 secs] [Times: user=0.02 sys=0.00, real=0.01 secs] 
3399.068: [GC (Allocation Failure) [PSYoungGen: 67504K->1408K(68096K)] 417008K->350912K(735744K), 0.0032764 secs] [Times: user=0.01 sys=0.00, real=0.00 secs] 
3399.790: [GC (Allocation Failure) [PSYoungGen: 67456K->1392K(68096K)] 416960K->350912K(735744K), 0.0035576 secs] [Times: user=0.02 sys=0.00, real=0.01 secs] 
3400.772: [GC (Allocation Failure) [PSYoungGen: 67440K->1408K(68096K)] 416960K->350928K(735744K), 0.0041236 secs] [Times: user=0.01 sys=0.00, real=0.01 secs] 
3401.735: [GC (Allocation Failure) [PSYoungGen: 67456K->1440K(68096K)] 416976K->350960K(735744K), 0.0016449 secs] [Times: user=0.01 sys=0.00, real=0.00 secs] 
3402.133: [GC (Allocation Failure) [PSYoungGen: 67456K->1517K(68096K)] 416977K->351038K(735744K), 0.0016830 secs] [Times: user=0.00 sys=0.00, real=0.01 secs] 
3402.529: [GC (Allocation Failure) [PSYoungGen: 67565K->1581K(68096K)] 417086K->351102K(735744K), 0.0016690 secs] [Times: user=0.01 sys=0.00, real=0.00 secs] 
3402.926: [GC (Allocation Failure) [PSYoungGen: 67629K->1549K(68096K)] 417150K->351086K(735744K), 0.0017890 secs] [Times: user=0.01 sys=0.00, real=0.00 secs] 
3403.594: [GC (Allocation Failure) [PSYoungGen: 67597K->1440K(68096K)] 417134K->350976K(735744K), 0.0020727 secs] [Times: user=0.01 sys=0.00, real=0.00 secs] 
3404.274: [GC (Allocation Failure) [PSYoungGen: 67488K->1376K(68096K)] 417024K->350912K(735744K), 0.0020286 secs] [Times: user=0.01 sys=0.00, real=0.00 secs] 
3405.220: [GC (Allocation Failure) [PSYoungGen: 67424K->1408K(68096K)] 416960K->350944K(735744K), 0.0031530 secs] [Times: user=0.01 sys=0.00, real=0.01 secs] 
3406.378: [GC (Allocation Failure) [PSYoungGen: 67456K->1408K(68096K)] 416992K->350944K(735744K), 0.0031886 secs] [Times: user=0.01 sys=0.00, real=0.00 secs] 
3407.221: [GC (Allocation Failure) [PSYoungGen: 67442K->1517K(68096K)] 416979K->351054K(735744K), 0.0016260 secs] [Times: user=0.01 sys=0.00, real=0.00 secs] 
3407.683: [GC (Allocation Failure) [PSYoungGen: 67565K->1581K(68096K)] 417102K->351118K(735744K), 0.0015881 secs] [Times: user=0.00 sys=0.00, real=0.00 secs] 
3408.082: [GC (Allocation Failure) [PSYoungGen: 67598K->1581K(68096K)] 417135K->351118K(735744K), 0.0017995 secs] [Times: user=0.01 sys=0.00, real=0.01 secs] 
3408.540: [GC (Allocation Failure) [PSYoungGen: 67629K->1549K(68096K)] 417166K->351102K(735744K), 0.0018254 secs] [Times: user=0.01 sys=0.00, real=0.00 secs] 
3409.303: [GC (Allocation Failure) [PSYoungGen: 67597K->1440K(68096K)] 417150K->350992K(735744K), 0.0032362 secs] [Times: user=0.02 sys=0.00, real=0.00 secs] 
3409.885: [GC (Allocation Failure) [PSYoungGen: 67488K->1376K(68096K)] 417040K->350928K(735744K), 0.0031481 secs] [Times: user=0.02 sys=0.01, real=0.00 secs] 
3410.462: [GC (Allocation Failure) [PSYoungGen: 67424K->1376K(68096K)] 416976K->350928K(735744K), 0.0026476 secs] [Times: user=0.01 sys=0.00, real=0.01 secs] 
3411.037: [GC (Allocation Failure) [PSYoungGen: 67424K->1376K(68096K)] 416976K->350928K(735744K), 0.0025348 secs] [Times: user=0.01 sys=0.00, real=0.00 secs] 
3411.482: [GC (Allocation Failure) [PSYoungGen: 67401K->1469K(68096K)] 416953K->351022K(735744K), 0.0016009 secs] [Times: user=0.01 sys=0.00, real=0.01 secs] 
3411.878: [GC (Allocation Failure) [PSYoungGen: 67517K->1549K(68096K)] 417070K->351102K(735744K), 0.0017445 secs] [Times: user=0.01 sys=0.00, real=0.00 secs] 
3412.275: [GC (Allocation Failure) [PSYoungGen: 67593K->1517K(68096K)] 417146K->351070K(735744K), 0.0015728 secs] [Times: user=0.00 sys=0.00, real=0.00 secs] 
3412.673: [GC (Allocation Failure) [PSYoungGen: 67565K->1581K(68096K)] 417118K->351166K(735744K), 0.0017201 secs] [Times: user=0.01 sys=0.00, real=0.01 secs] 
3413.206: [GC (Allocation Failure) [PSYoungGen: 67629K->1392K(68096K)] 417214K->350976K(735744K), 0.0020066 secs] [Times: user=0.00 sys=0.00, real=0.00 secs] 
3413.740: [GC (Allocation Failure) [PSYoungGen: 67440K->1408K(68096K)] 417024K->350992K(735744K), 0.0033837 secs] [Times: user=0.02 sys=0.00, real=0.01 secs] 
3414.519: [GC (Allocation Failure) [PSYoungGen: 67456K->1376K(68096K)] 417040K->350960K(735744K), 0.0042993 secs] [Times: user=0.01 sys=0.00, real=0.01 secs] 
3415.293: [GC (Allocation Failure) [PSYoungGen: 67424K->1376K(68096K)] 417008K->350960K(735744K), 0.0032878 secs] [Times: user=0.01 sys=0.00, real=0.00 secs] 
3415.945: [GC (Allocation Failure) [PSYoungGen: 67424K->1472K(68096K)] 417008K->351056K(735744K), 0.0017294 secs] [Times: user=0.00 sys=0.00, real=0.00 secs] 
3416.342: [GC (Allocation Failure) [PSYoungGen: 67502K->1549K(68096K)] 417087K->351134K(735744K), 0.0018343 secs] [Times: user=0.01 sys=0.00, real=0.01 secs] 
3416.738: [GC (Allocation Failure) [PSYoungGen: 67597K->1581K(68096K)] 417182K->351166K(735744K), 0.0018131 secs] [Times: user=0.01 sys=0.00, real=0.00 secs] 
3417.132: [GC (Allocation Failure) [PSYoungGen: 67629K->1581K(68096K)] 417214K->351182K(735744K), 0.0017754 secs] [Times: user=0.01 sys=0.00, real=0.01 secs] 
3417.761: [GC (Allocation Failure) [PSYoungGen: 67629K->1424K(68096K)] 417230K->351024K(735744K), 0.0028971 secs] [Times: user=0.01 sys=0.00, real=0.01 secs] 
3418.270: [GC (Allocation Failure) [PSYoungGen: 67472K->1408K(68096K)] 417072K->351008K(735744K), 0.0029090 secs] [Times: user=0.01 sys=0.00, real=0.00 secs] 
3418.757: [GC (Allocation Failure) [PSYoungGen: 67456K->1408K(68096K)] 417056K->351008K(735744K), 0.0026100 secs] [Times: user=0.01 sys=0.00, real=0.00 secs] 
3419.295: [GC (Allocation Failure) [PSYoungGen: 67456K->1408K(68096K)] 417056K->351008K(735744K), 0.0025723 secs] [Times: user=0.01 sys=0.00, real=0.00 secs] 
3419.996: [GC (Allocation Failure) [PSYoungGen: 67456K->1517K(68096K)] 417056K->351118K(735744K), 0.0017217 secs] [Times: user=0.01 sys=0.00, real=0.00 secs] 
3420.393: [GC (Allocation Failure) [PSYoungGen: 67541K->1581K(68096K)] 417141K->351182K(735744K), 0.0016711 secs] [Times: user=0.00 sys=0.00, real=0.01 secs] 
3420.789: [GC (Allocation Failure) [PSYoungGen: 67629K->1549K(68096K)] 417230K->351150K(735744K), 0.0017034 secs] [Times: user=0.01 sys=0.00, real=0.00 secs] 
3421.184: [GC (Allocation Failure) [PSYoungGen: 67597K->1517K(68096K)] 417198K->351142K(735744K), 0.0017565 secs] [Times: user=0.00 sys=0.00, real=0.00 secs] 
3421.640: [GC (Allocation Failure) [PSYoungGen: 67565K->1376K(68096K)] 417190K->351000K(735744K), 0.0029827 secs] [Times: user=0.01 sys=0.00, real=0.00 secs] 
3421.915: [GC (Allocation Failure) [PSYoungGen: 67424K->1360K(68096K)] 417048K->350984K(735744K), 0.0021932 secs] [Times: user=0.01 sys=0.00, real=0.00 secs] 
3422.198: [GC (Allocation Failure) [PSYoungGen: 67408K->1344K(68096K)] 417032K->350968K(735744K), 0.0020857 secs] [Times: user=0.01 sys=0.00, real=0.00 secs] 
3422.580: [GC (Allocation Failure) [PSYoungGen: 67392K->1408K(68096K)] 417016K->351032K(735744K), 0.0019656 secs] [Times: user=0.01 sys=0.00, real=0.00 secs] 
3423.119: [GC (Allocation Failure) [PSYoungGen: 67456K->1485K(68096K)] 417080K->351110K(735744K), 0.0024695 secs] [Times: user=0.01 sys=0.00, real=0.00 secs] 
3423.517: [GC (Allocation Failure) [PSYoungGen: 67533K->1549K(68096K)] 417158K->351174K(735744K), 0.0017298 secs] [Times: user=0.00 sys=0.00, real=0.00 secs] 
3423.912: [GC (Allocation Failure) [PSYoungGen: 67597K->1549K(68096K)] 417222K->351174K(735744K), 0.0017229 secs] [Times: user=0.01 sys=0.00, real=0.01 secs] 
3424.307: [GC (Allocation Failure) [PSYoungGen: 67597K->1517K(68096K)] 417222K->351150K(735744K), 0.0017388 secs] [Times: user=0.00 sys=0.00, real=0.00 secs] 
3424.617: [GC (Allocation Failure) [PSYoungGen: 67565K->1408K(68096K)] 417198K->351040K(735744K), 0.0018079 secs] [Times: user=0.01 sys=0.00, real=0.00 secs] 
3424.891: [GC (Allocation Failure) [PSYoungGen: 67456K->1376K(68096K)] 417088K->351008K(735744K), 0.0019947 secs] [Times: user=0.01 sys=0.00, real=0.01 secs] 
3425.363: [GC (Allocation Failure) [PSYoungGen: 67424K->1376K(68096K)] 417056K->351008K(735744K), 0.0018120 secs] [Times: user=0.01 sys=0.00, real=0.01 secs] 
3425.932: [GC (Allocation Failure) [PSYoungGen: 67424K->1312K(68096K)] 417056K->350944K(735744K), 0.0019279 secs] [Times: user=0.01 sys=0.00, real=0.01 secs] 
3426.496: [GC (Allocation Failure) [PSYoungGen: 67350K->1517K(68096K)] 416983K->351150K(735744K), 0.0016203 secs] [Times: user=0.01 sys=0.00, real=0.00 secs] 
3426.953: [GC (Allocation Failure) [PSYoungGen: 67565K->1549K(68096K)] 417198K->351182K(735744K), 0.0018053 secs] [Times: user=0.00 sys=0.00, real=0.00 secs] 
3427.409: [GC (Allocation Failure) [PSYoungGen: 67597K->1549K(68096K)] 417230K->351182K(735744K), 0.0018217 secs] [Times: user=0.01 sys=0.00, real=0.00 secs] 
3427.864: [GC (Allocation Failure) [PSYoungGen: 67597K->1581K(68096K)] 417230K->351230K(735744K), 0.0017715 secs] [Times: user=0.00 sys=0.00, real=0.00 secs] 
3428.390: [GC (Allocation Failure) [PSYoungGen: 67629K->1408K(68096K)] 417278K->351056K(735744K), 0.0027661 secs] [Times: user=0.01 sys=0.00, real=0.00 secs] 
3428.942: [GC (Allocation Failure) [PSYoungGen: 67456K->1408K(68096K)] 417104K->351056K(735744K), 0.0027582 secs] [Times: user=0.01 sys=0.00, real=0.01 secs] 
3429.616: [GC (Allocation Failure) [PSYoungGen: 67456K->1392K(68096K)] 417104K->351040K(735744K), 0.0023710 secs] [Times: user=0.01 sys=0.00, real=0.00 secs] 
3430.232: [GC (Allocation Failure) [PSYoungGen: 67440K->1344K(68096K)] 417088K->351008K(735744K), 0.0025051 secs] [Times: user=0.01 sys=0.00, real=0.01 secs] 
3430.803: [GC (Allocation Failure) [PSYoungGen: 67392K->1485K(68096K)] 417056K->351150K(735744K), 0.0016418 secs] [Times: user=0.00 sys=0.00, real=0.01 secs] 
3431.202: [GC (Allocation Failure) [PSYoungGen: 67533K->1533K(68096K)] 417198K->351198K(735744K), 0.0017241 secs] [Times: user=0.01 sys=0.00, real=0.01 secs] 
3431.597: [GC (Allocation Failure) [PSYoungGen: 67581K->1549K(68096K)] 417246K->351214K(735744K), 0.0017180 secs] [Times: user=0.00 sys=0.00, real=0.00 secs] 
3432.055: [GC (Allocation Failure) [PSYoungGen: 67597K->1533K(68096K)] 417262K->351222K(735744K), 0.0018058 secs] [Times: user=0.01 sys=0.00, real=0.00 secs] 
3432.469: [GC (Allocation Failure) [PSYoungGen: 67581K->1440K(68096K)] 417270K->351128K(735744K), 0.0022512 secs] [Times: user=0.00 sys=0.00, real=0.00 secs] 
3432.875: [GC (Allocation Failure) [PSYoungGen: 67488K->1376K(68096K)] 417176K->351064K(735744K), 0.0023278 secs] [Times: user=0.01 sys=0.00, real=0.00 secs] 
3433.365: [GC (Allocation Failure) [PSYoungGen: 67424K->1408K(68096K)] 417112K->351096K(735744K), 0.0023307 secs] [Times: user=0.01 sys=0.00, real=0.00 secs] 
3433.854: [GC (Allocation Failure) [PSYoungGen: 67456K->1376K(68096K)] 417144K->351064K(735744K), 0.0023467 secs] [Times: user=0.01 sys=0.00, real=0.00 secs] 
3434.388: [GC (Allocation Failure) [PSYoungGen: 67424K->1517K(68096K)] 417112K->351206K(735744K), 0.0016260 secs] [Times: user=0.00 sys=0.00, real=0.00 secs] 
3434.785: [GC (Allocation Failure) [PSYoungGen: 67562K->1517K(68096K)] 417251K->351206K(735744K), 0.0017995 secs] [Times: user=0.01 sys=0.00, real=0.00 secs] 
3435.182: [GC (Allocation Failure) [PSYoungGen: 67565K->1549K(68096K)] 417254K->351238K(735744K), 0.0016022 secs] [Times: user=0.01 sys=0.00, real=0.01 secs] 
3435.576: [GC (Allocation Failure) [PSYoungGen: 67597K->1549K(68096K)] 417286K->351246K(735744K), 0.0016756 secs] [Times: user=0.00 sys=0.00, real=0.00 secs] 
3436.301: [GC (Allocation Failure) [PSYoungGen: 67597K->1408K(68096K)] 417294K->351104K(735744K), 0.0019074 secs] [Times: user=0.01 sys=0.00, real=0.01 secs] 
3436.659: [GC (Allocation Failure) [PSYoungGen: 67456K->1376K(68096K)] 417152K->351072K(735744K), 0.0020373 secs] [Times: user=0.01 sys=0.00, real=0.00 secs] 
3436.934: [GC (Allocation Failure) [PSYoungGen: 67424K->1376K(68096K)] 417120K->351072K(735744K), 0.0019228 secs] [Times: user=0.01 sys=0.00, real=0.00 secs] 
3437.209: [GC (Allocation Failure) [PSYoungGen: 67424K->1376K(68096K)] 417120K->351072K(735744K), 0.0019807 secs] [Times: user=0.00 sys=0.00, real=0.00 secs] 
3437.609: [GC (Allocation Failure) [PSYoungGen: 67416K->1549K(68096K)] 417112K->351246K(735744K), 0.0016376 secs] [Times: user=0.00 sys=0.00, real=0.00 secs] 
3438.005: [GC (Allocation Failure) [PSYoungGen: 67597K->1581K(68096K)] 417294K->351278K(735744K), 0.0017106 secs] [Times: user=0.01 sys=0.00, real=0.00 secs] 
3438.403: [GC (Allocation Failure) [PSYoungGen: 67629K->1581K(68096K)] 417326K->351278K(735744K), 0.0016722 secs] [Times: user=0.00 sys=0.00, real=0.00 secs] 
3438.815: [GC (Allocation Failure) [PSYoungGen: 67629K->1504K(68096K)] 417326K->351200K(735744K), 0.0018556 secs] [Times: user=0.01 sys=0.00, real=0.00 secs] 
3439.123: [GC (Allocation Failure) [PSYoungGen: 67552K->1376K(68096K)] 417248K->351072K(735744K), 0.0019946 secs] [Times: user=0.01 sys=0.00, real=0.01 secs] 
3439.397: [GC (Allocation Failure) [PSYoungGen: 67424K->1344K(68096K)] 417120K->351056K(735744K), 0.0018919 secs] [Times: user=0.01 sys=0.00, real=0.00 secs] 
3439.672: [GC (Allocation Failure) [PSYoungGen: 67392K->1376K(68096K)] 417104K->351088K(735744K), 0.0017801 secs] [Times: user=0.01 sys=0.00, real=0.01 secs] 
3440.045: [GC (Allocation Failure) [PSYoungGen: 67424K->1408K(68096K)] 417136K->351120K(735744K), 0.0022431 secs] [Times: user=0.01 sys=0.00, real=0.00 secs] 
3440.490: [GC (Allocation Failure) [PSYoungGen: 67456K->1488K(68096K)] 417168K->351200K(735744K), 0.0016424 secs] [Times: user=0.01 sys=0.00, real=0.00 secs] 
3440.887: [GC (Allocation Failure) [PSYoungGen: 67516K->1549K(68096K)] 417228K->351262K(735744K), 0.0016975 secs] [Times: user=0.01 sys=0.00, real=0.00 secs] 
3441.284: [GC (Allocation Failure) [PSYoungGen: 67597K->1549K(68096K)] 417310K->351262K(735744K), 0.0018012 secs] [Times: user=0.00 sys=0.00, real=0.00 secs] 
3442.434: [GC (Allocation Failure) [PSYoungGen: 67597K->1760K(68096K)] 417310K->351472K(735744K), 0.0024913 secs] [Times: user=0.01 sys=0.00, real=0.00 secs] 
3443.932: [GC (Allocation Failure) [PSYoungGen: 67808K->1376K(68096K)] 417520K->351088K(735744K), 0.0028260 secs] [Times: user=0.01 sys=0.00, real=0.01 secs] 
3444.527: [GC (Allocation Failure) [PSYoungGen: 67424K->1376K(68096K)] 417136K->351088K(735744K), 0.0025273 secs] [Times: user=0.01 sys=0.00, real=0.00 secs] 
3445.159: [GC (Allocation Failure) [PSYoungGen: 67424K->1392K(68096K)] 417136K->351104K(735744K), 0.0022853 secs] [Times: user=0.01 sys=0.00, real=0.00 secs] 
3445.950: [GC (Allocation Failure) [PSYoungGen: 67440K->1376K(68096K)] 417152K->351088K(735744K), 0.0024036 secs] [Times: user=0.01 sys=0.00, real=0.00 secs] 
3446.438: [GC (Allocation Failure) [PSYoungGen: 67424K->1549K(68096K)] 417136K->351262K(735744K), 0.0017453 secs] [Times: user=0.01 sys=0.00, real=0.00 secs] 
3446.833: [GC (Allocation Failure) [PSYoungGen: 67597K->1581K(68096K)] 417310K->351294K(735744K), 0.0018184 secs] [Times: user=0.00 sys=0.00, real=0.01 secs] 
3447.230: [GC (Allocation Failure) [PSYoungGen: 67629K->1501K(68096K)] 417342K->351230K(735744K), 0.0016869 secs] [Times: user=0.01 sys=0.00, real=0.00 secs] 
3447.629: [GC (Allocation Failure) [PSYoungGen: 67549K->2016K(68096K)] 417278K->351752K(735744K), 0.0016817 secs] [Times: user=0.01 sys=0.00, real=0.00 secs] 
3447.903: [GC (Allocation Failure) [PSYoungGen: 68064K->1376K(68096K)] 417800K->351112K(735744K), 0.0015626 secs] [Times: user=0.01 sys=0.00, real=0.00 secs] 
3448.235: [GC (Allocation Failure) [PSYoungGen: 67424K->1376K(68096K)] 417160K->351112K(735744K), 0.0015005 secs] [Times: user=0.00 sys=0.00, real=0.00 secs] 
3448.781: [GC (Allocation Failure) [PSYoungGen: 67424K->1408K(68096K)] 417160K->351144K(735744K), 0.0020627 secs] [Times: user=0.01 sys=0.00, real=0.00 secs] 
3449.331: [GC (Allocation Failure) [PSYoungGen: 67456K->1376K(68096K)] 417192K->351112K(735744K), 0.0017811 secs] [Times: user=0.00 sys=0.00, real=0.00 secs] 
3449.794: [GC (Allocation Failure) [PSYoungGen: 67424K->1549K(68096K)] 417160K->351286K(735744K), 0.0016865 secs] [Times: user=0.01 sys=0.00, real=0.00 secs] 
3450.190: [GC (Allocation Failure) [PSYoungGen: 67596K->1549K(68096K)] 417332K->351286K(735744K), 0.0017083 secs] [Times: user=0.01 sys=0.00, real=0.00 secs] 
3450.646: [GC (Allocation Failure) [PSYoungGen: 67597K->1581K(68096K)] 417334K->351334K(735744K), 0.0017360 secs] [Times: user=0.01 sys=0.00, real=0.00 secs] 
3451.077: [GC (Allocation Failure) [PSYoungGen: 67629K->1520K(68096K)] 417382K->351288K(735744K), 0.0019235 secs] [Times: user=0.00 sys=0.00, real=0.00 secs] 
3451.442: [GC (Allocation Failure) [PSYoungGen: 67568K->1344K(68096K)] 417336K->351112K(735744K), 0.0020763 secs] [Times: user=0.01 sys=0.00, real=0.01 secs] 
3451.937: [GC (Allocation Failure) [PSYoungGen: 67392K->1376K(68096K)] 417160K->351144K(735744K), 0.0021737 secs] [Times: user=0.01 sys=0.00, real=0.00 secs] 
3452.459: [GC (Allocation Failure) [PSYoungGen: 67424K->1344K(68096K)] 417192K->351112K(735744K), 0.0022628 secs] [Times: user=0.00 sys=0.00, real=0.00 secs] 
3452.982: [GC (Allocation Failure) [PSYoungGen: 67392K->1376K(68096K)] 417160K->351144K(735744K), 0.0034909 secs] [Times: user=0.02 sys=0.00, real=0.01 secs] 
3453.549: [GC (Allocation Failure) [PSYoungGen: 67424K->1581K(68096K)] 417192K->351350K(735744K), 0.0017316 secs] [Times: user=0.00 sys=0.00, real=0.00 secs] 
3453.945: [GC (Allocation Failure) [PSYoungGen: 67629K->1549K(68096K)] 417398K->351318K(735744K), 0.0018169 secs] [Times: user=0.00 sys=0.00, real=0.00 secs] 
3454.340: [GC (Allocation Failure) [PSYoungGen: 67597K->1549K(68096K)] 417366K->351334K(735744K), 0.0017678 secs] [Times: user=0.00 sys=0.00, real=0.00 secs] 
3454.805: [GC (Allocation Failure) [PSYoungGen: 67597K->1504K(68096K)] 417382K->351288K(735744K), 0.0024211 secs] [Times: user=0.01 sys=0.00, real=0.00 secs] 
3455.216: [GC (Allocation Failure) [PSYoungGen: 67552K->1360K(68096K)] 417336K->351144K(735744K), 0.0019976 secs] [Times: user=0.00 sys=0.00, real=0.00 secs] 
3455.490: [GC (Allocation Failure) [PSYoungGen: 67408K->1376K(68096K)] 417192K->351160K(735744K), 0.0019672 secs] [Times: user=0.01 sys=0.00, real=0.00 secs] 
3455.764: [GC (Allocation Failure) [PSYoungGen: 67424K->1376K(68096K)] 417208K->351160K(735744K), 0.0018709 secs] [Times: user=0.01 sys=0.00, real=0.00 secs] 
3456.039: [GC (Allocation Failure) [PSYoungGen: 67424K->1344K(68096K)] 417208K->351128K(735744K), 0.0017997 secs] [Times: user=0.00 sys=0.00, real=0.00 secs] 
3456.459: [GC (Allocation Failure) [PSYoungGen: 67378K->1581K(68096K)] 417163K->351366K(735744K), 0.0017041 secs] [Times: user=0.01 sys=0.00, real=0.00 secs] 
3456.855: [GC (Allocation Failure) [PSYoungGen: 67629K->1581K(68096K)] 417414K->351366K(735744K), 0.0016831 secs] [Times: user=0.01 sys=0.00, real=0.00 secs] 
3457.313: [GC (Allocation Failure) [PSYoungGen: 67629K->1549K(68096K)] 417414K->351350K(735744K), 0.0016498 secs] [Times: user=0.01 sys=0.00, real=0.00 secs] 
3459.217: [GC (Allocation Failure) [PSYoungGen: 67597K->1536K(68096K)] 417398K->351344K(735744K), 0.0030554 secs] [Times: user=0.01 sys=0.00, real=0.00 secs] 
3459.753: [GC (Allocation Failure) [PSYoungGen: 67584K->2016K(66560K)] 417392K->355722K(734208K), 0.0031902 secs] [Times: user=0.02 sys=0.00, real=0.01 secs] 
3464.215: [GC (Allocation Failure) [PSYoungGen: 66528K->3552K(68096K)] 420234K->368756K(735744K), 0.0265656 secs] [Times: user=0.12 sys=0.02, real=0.02 secs] 
3471.195: [GC (Allocation Failure) [PSYoungGen: 68064K->8160K(64512K)] 433268K->391380K(732160K), 0.0396668 secs] [Times: user=0.19 sys=0.03, real=0.04 secs] 
3471.702: [GC (Allocation Failure) [PSYoungGen: 64480K->16352K(72704K)] 447700K->414356K(740352K), 0.0364234 secs] [Times: user=0.12 sys=0.06, real=0.04 secs] 
3471.864: [GC (Allocation Failure) [PSYoungGen: 72672K->24544K(75776K)] 470676K->442332K(743424K), 0.0277645 secs] [Times: user=0.11 sys=0.05, real=0.02 secs] 
3471.982: [GC (Allocation Failure) [PSYoungGen: 75744K->36320K(87552K)] 493532K->459380K(755200K), 0.0165713 secs] [Times: user=0.07 sys=0.02, real=0.02 secs] 
3472.065: [GC (Allocation Failure) [PSYoungGen: 87520K->45024K(89088K)] 510580K->489092K(756736K), 0.0232482 secs] [Times: user=0.08 sys=0.06, real=0.02 secs] 
3472.149: [GC (Allocation Failure) [PSYoungGen: 89056K->55200K(104960K)] 533124K->499608K(772608K), 0.0156743 secs] [Times: user=0.08 sys=0.00, real=0.02 secs] 
3472.240: [GC (Allocation Failure) [PSYoungGen: 99232K->70112K(109056K)] 543640K->518103K(776704K), 0.0186119 secs] [Times: user=0.09 sys=0.01, real=0.02 secs] 
3472.316: [GC (Allocation Failure) [PSYoungGen: 109024K->83936K(122880K)] 557015K->534695K(790528K), 0.0228788 secs] [Times: user=0.13 sys=0.01, real=0.02 secs] 
3472.416: [GC (Allocation Failure) [PSYoungGen: 122848K->99808K(128512K)] 573607K->550927K(796160K), 0.0256197 secs] [Times: user=0.13 sys=0.02, real=0.02 secs] 
3474.850: [GC (Allocation Failure) [PSYoungGen: 128480K->69632K(146432K)] 579599K->560859K(814080K), 0.1000427 secs] [Times: user=0.57 sys=0.02, real=0.10 secs] 
3477.016: [GC (Allocation Failure) [PSYoungGen: 98304K->44224K(139776K)] 589531K->570907K(807424K), 0.0623522 secs] [Times: user=0.22 sys=0.15, real=0.06 secs] 
3477.748: [GC (Allocation Failure) [PSYoungGen: 78528K->22400K(147456K)] 605211K->583167K(815104K), 0.0684622 secs] [Times: user=0.32 sys=0.07, real=0.07 secs] 
3477.920: [GC (Allocation Failure) [PSYoungGen: 56704K->14528K(146944K)] 617471K->597575K(814592K), 0.0470181 secs] [Times: user=0.26 sys=0.01, real=0.05 secs] 
3478.873: [GC (Allocation Failure) [PSYoungGen: 55488K->252K(148992K)] 638535K->597635K(816640K), 0.0219243 secs] [Times: user=0.10 sys=0.02, real=0.03 secs] 
3478.988: [GC (Allocation Failure) [PSYoungGen: 41212K->480K(153088K)] 638595K->597887K(820736K), 0.0063441 secs] [Times: user=0.04 sys=0.00, real=0.01 secs] 
3479.649: [GC (Allocation Failure) [PSYoungGen: 49120K->8096K(154624K)] 646527K->605527K(822272K), 0.0087068 secs] [Times: user=0.03 sys=0.00, real=0.01 secs] 
3481.972: [GC (Allocation Failure) [PSYoungGen: 56736K->18240K(147968K)] 654167K->622748K(815616K), 0.0159300 secs] [Times: user=0.06 sys=0.03, real=0.02 secs] 
3483.135: [GC (Allocation Failure) [PSYoungGen: 75072K->23840K(154112K)] 679580K->645264K(821760K), 0.0323573 secs] [Times: user=0.14 sys=0.02, real=0.03 secs] 
3483.279: [GC (Allocation Failure) [PSYoungGen: 80672K->23840K(147456K)] 702096K->666928K(815104K), 0.0211424 secs] [Times: user=0.09 sys=0.01, real=0.02 secs] 
3483.300: [Full GC (Ergonomics) [PSYoungGen: 23840K->0K(147456K)] [ParOldGen: 643088K->84729K(548864K)] 666928K->84729K(696320K), [Metaspace: 60070K->59978K(1105920K)], 0.1962433 secs] [Times: user=0.69 sys=0.01, real=0.20 secs] 
3483.576: [GC (Allocation Failure) [PSYoungGen: 59003K->25152K(152576K)] 143733K->109881K(701440K), 0.0364324 secs] [Times: user=0.18 sys=0.00, real=0.03 secs] 
3483.696: [GC (Allocation Failure) [PSYoungGen: 92224K->31936K(154112K)] 176953K->141753K(702976K), 0.0201529 secs] [Times: user=0.10 sys=0.00, real=0.02 secs] 
3483.817: [GC (Allocation Failure) [PSYoungGen: 111808K->34208K(156672K)] 221625K->175877K(705536K), 0.0241888 secs] [Times: user=0.12 sys=0.01, real=0.02 secs] 
3483.926: [GC (Allocation Failure) [PSYoungGen: 101895K->28896K(161280K)] 243564K->204717K(710144K), 0.0658806 secs] [Times: user=0.33 sys=0.00, real=0.06 secs] 
3484.095: [GC (Allocation Failure) [PSYoungGen: 124640K->47776K(165376K)] 300461K->252397K(714240K), 0.0311764 secs] [Times: user=0.15 sys=0.00, real=0.03 secs] 
3485.004: [GC (Allocation Failure) [PSYoungGen: 143520K->17600K(182784K)] 348141K->269445K(731648K), 0.0288130 secs] [Times: user=0.17 sys=0.00, real=0.03 secs] 
3485.271: [GC (Allocation Failure) [PSYoungGen: 131776K->25536K(184832K)] 383621K->294573K(733696K), 0.0285322 secs] [Times: user=0.17 sys=0.01, real=0.03 secs] 
3485.513: [GC (Allocation Failure) [PSYoungGen: 139712K->47712K(199168K)] 408749K->338690K(748032K), 0.0198953 secs] [Times: user=0.11 sys=0.01, real=0.01 secs] 
3485.693: [GC (Allocation Failure) [PSYoungGen: 179808K->59968K(202752K)] 470786K->394434K(751616K), 0.0266446 secs] [Times: user=0.16 sys=0.00, real=0.03 secs] 
3485.887: [GC (Allocation Failure) [PSYoungGen: 192064K->56672K(229888K)] 526530K->459166K(778752K), 0.0372154 secs] [Times: user=0.20 sys=0.02, real=0.04 secs] 
3486.769: [GC (Allocation Failure) [PSYoungGen: 207554K->81376K(233984K)] 610048K->562646K(782848K), 0.0494548 secs] [Times: user=0.29 sys=0.01, real=0.05 secs] 
3486.819: [Full GC (Ergonomics) [PSYoungGen: 81376K->0K(233984K)] [ParOldGen: 481270K->256609K(812032K)] 562646K->256609K(1046016K), [Metaspace: 59986K->59986K(1105920K)], 0.5505899 secs] [Times: user=2.17 sys=0.00, real=0.55 secs] 
3488.225: [GC (Allocation Failure) [PSYoungGen: 152576K->29458K(282112K)] 409185K->286068K(1094144K), 0.0261024 secs] [Times: user=0.11 sys=0.03, real=0.02 secs] 
3489.467: [GC (Allocation Failure) [PSYoungGen: 203538K->70112K(292864K)] 460148K->353856K(1104896K), 0.0216646 secs] [Times: user=0.13 sys=0.00, real=0.02 secs] 
3489.755: [GC (Allocation Failure) [PSYoungGen: 244192K->77728K(313344K)] 527936K->426920K(1125376K), 0.0395826 secs] [Times: user=0.19 sys=0.02, real=0.04 secs] 
3491.138: [GC (Allocation Failure) [PSYoungGen: 270752K->83104K(316928K)] 619944K->501560K(1128960K), 0.0464003 secs] [Times: user=0.27 sys=0.00, real=0.05 secs] 
3491.979: [GC (Allocation Failure) [PSYoungGen: 276128K->41856K(337408K)] 694584K->543360K(1149440K), 0.0890258 secs] [Times: user=0.53 sys=0.00, real=0.09 secs] 
3492.373: [GC (Allocation Failure) [PSYoungGen: 260480K->89312K(342016K)] 761984K->629384K(1154048K), 0.0304282 secs] [Times: user=0.17 sys=0.00, real=0.04 secs] 
3492.663: [GC (Allocation Failure) [PSYoungGen: 307936K->101728K(368128K)] 848008K->722736K(1180160K), 0.0662375 secs] [Times: user=0.20 sys=0.16, real=0.07 secs] 
3493.901: [GC (GCLocker Initiated GC) [PSYoungGen: 340320K->52800K(377344K)] 961328K->775264K(1189376K), 0.0807864 secs] [Times: user=0.37 sys=0.10, real=0.08 secs] 
3493.982: [Full GC (Ergonomics) [PSYoungGen: 52800K->0K(377344K)] [ParOldGen: 722464K->50395K(695808K)] 775264K->50395K(1073152K), [Metaspace: 59995K->59995K(1105920K)], 0.1046992 secs] [Times: user=0.42 sys=0.01, real=0.11 secs] 
3494.473: [GC (Allocation Failure) [PSYoungGen: 238592K->102112K(396800K)] 288990K->152510K(1092608K), 0.0259611 secs] [Times: user=0.11 sys=0.04, real=0.03 secs] 
3495.510: [GC (Allocation Failure) [PSYoungGen: 364744K->140768K(404992K)] 415142K->295290K(1100800K), 0.0638527 secs] [Times: user=0.38 sys=0.00, real=0.07 secs] 
3496.671: [GC (Allocation Failure) [PSYoungGen: 404960K->65504K(481792K)] 559482K->324114K(1177600K), 0.0560280 secs] [Times: user=0.20 sys=0.09, real=0.06 secs] 
3497.080: [GC (Allocation Failure) [PSYoungGen: 350728K->123040K(490496K)] 609338K->441237K(1186304K), 0.0427134 secs] [Times: user=0.25 sys=0.00, real=0.04 secs] 
3499.278: [GC (Allocation Failure) [PSYoungGen: 422560K->91136K(495104K)] 740757K->524021K(1190912K), 0.1196451 secs] [Times: user=0.66 sys=0.05, real=0.12 secs] 
3500.635: [GC (GCLocker Initiated GC) [PSYoungGen: 403456K->128032K(499200K)] 836341K->648890K(1195008K), 0.0467567 secs] [Times: user=0.27 sys=0.00, real=0.04 secs] 
3501.951: [GC (Allocation Failure) [PSYoungGen: 440352K->99280K(503296K)] 961214K->739358K(1199104K), 0.0680821 secs] [Times: user=0.40 sys=0.01, real=0.07 secs] 
3502.019: [Full GC (Ergonomics) [PSYoungGen: 99280K->0K(503296K)] [ParOldGen: 640078K->19335K(756736K)] 739358K->19335K(1260032K), [Metaspace: 60005K->60005K(1105920K)], 0.0286567 secs] [Times: user=0.07 sys=0.00, real=0.03 secs] 
3502.816: [GC (Allocation Failure) [PSYoungGen: 319488K->126400K(504832K)] 338823K->145735K(1261568K), 0.0302794 secs] [Times: user=0.15 sys=0.00, real=0.03 secs] 
3504.197: [GC (Allocation Failure) [PSYoungGen: 445888K->120832K(509440K)] 465223K->257191K(1266176K), 0.0679491 secs] [Times: user=0.37 sys=0.03, real=0.07 secs] 
3506.684: [GC (Allocation Failure) [PSYoungGen: 440832K->101984K(422400K)] 577191K->358647K(1179136K), 0.0524990 secs] [Times: user=0.30 sys=0.00, real=0.05 secs] 
3507.122: [GC (Allocation Failure) [PSYoungGen: 421984K->145280K(493056K)] 678647K->494260K(1249792K), 0.0599842 secs] [Times: user=0.34 sys=0.02, real=0.06 secs] 
3508.400: [GC (Allocation Failure) [PSYoungGen: 456064K->83968K(502272K)] 805044K->578132K(1259008K), 0.0609851 secs] [Times: user=0.36 sys=0.00, real=0.06 secs] 
3508.827: [GC (Allocation Failure) [PSYoungGen: 394752K->136320K(503296K)] 888916K->708252K(1260032K), 0.0527905 secs] [Times: user=0.31 sys=0.00, real=0.05 secs] 
3508.880: [Full GC (Ergonomics) [PSYoungGen: 136320K->0K(503296K)] [ParOldGen: 571932K->228319K(1043968K)] 708252K->228319K(1547264K), [Metaspace: 60010K->60010K(1105920K)], 0.5425202 secs] [Times: user=2.54 sys=0.00, real=0.54 secs] 
3511.455: [GC (Allocation Failure) [PSYoungGen: 317952K->80288K(508416K)] 546271K->308607K(1552384K), 0.0575962 secs] [Times: user=0.34 sys=0.00, real=0.05 secs] 
3511.912: [GC (Allocation Failure) [PSYoungGen: 386628K->132608K(505856K)] 614948K->435737K(1549824K), 0.0456424 secs] [Times: user=0.27 sys=0.00, real=0.05 secs] 
3514.241: [GC (Allocation Failure) [PSYoungGen: 452608K->98272K(418304K)] 755737K->525425K(1462272K), 0.1648256 secs] [Times: user=0.98 sys=0.00, real=0.17 secs] 
3515.074: [GC (Allocation Failure) [PSYoungGen: 418272K->134336K(502784K)] 845425K->656154K(1546752K), 0.0484564 secs] [Times: user=0.29 sys=0.00, real=0.04 secs] 
3516.709: [GC (Allocation Failure) [PSYoungGen: 455360K->96128K(505856K)] 977178K->743338K(1549824K), 0.0632252 secs] [Times: user=0.37 sys=0.00, real=0.06 secs] 
3517.178: [GC (Allocation Failure) [PSYoungGen: 417152K->132864K(508928K)] 1064362K->873655K(1552896K), 0.0507214 secs] [Times: user=0.27 sys=0.02, real=0.05 secs] 
3518.470: [GC (Allocation Failure) [PSYoungGen: 462592K->107552K(511488K)] 1203383K->971579K(1555456K), 0.0889499 secs] [Times: user=0.32 sys=0.17, real=0.09 secs] 
3518.559: [Full GC (Ergonomics) [PSYoungGen: 107552K->0K(511488K)] [ParOldGen: 864027K->19009K(880640K)] 971579K->19009K(1392128K), [Metaspace: 60020K->60020K(1105920K)], 0.0295019 secs] [Times: user=0.07 sys=0.00, real=0.03 secs] 
3519.513: [GC (Allocation Failure) [PSYoungGen: 329728K->128288K(511488K)] 348737K->147297K(1392128K), 0.0258143 secs] [Times: user=0.15 sys=0.00, real=0.02 secs] 
3520.849: [GC (Allocation Failure) [PSYoungGen: 465184K->118848K(512512K)] 484193K->256969K(1393152K), 0.0631723 secs] [Times: user=0.37 sys=0.00, real=0.06 secs] 
3522.812: [GC (Allocation Failure) [PSYoungGen: 455744K->123264K(521728K)] 593865K->379841K(1402368K), 0.0541883 secs] [Times: user=0.32 sys=0.00, real=0.06 secs] 
3524.141: [GC (Allocation Failure) [PSYoungGen: 473472K->124832K(520704K)] 730049K->494366K(1401344K), 0.0620449 secs] [Times: user=0.36 sys=0.00, real=0.06 secs] 
3524.628: [GC (Allocation Failure) [PSYoungGen: 475040K->138848K(521728K)] 844574K->633110K(1402368K), 0.0575796 secs] [Times: user=0.34 sys=0.01, real=0.06 secs] 
3525.970: [GC (Allocation Failure) [PSYoungGen: 491616K->2976K(355840K)] 985878K->497434K(1236480K), 0.0022027 secs] [Times: user=0.01 sys=0.00, real=0.00 secs] 
3527.047: [GC (Allocation Failure) [PSYoungGen: 355744K->136928K(505344K)] 850202K->632483K(1385984K), 0.0277004 secs] [Times: user=0.16 sys=0.00, real=0.03 secs] 
3530.282: [GC (Allocation Failure) [PSYoungGen: 455904K->111008K(430080K)] 951459K->734487K(1310720K), 0.0638288 secs] [Times: user=0.38 sys=0.00, real=0.07 secs] 
3530.893: [GC (Allocation Failure) [PSYoungGen: 429984K->115520K(510976K)] 1053463K->849011K(1391616K), 0.0527257 secs] [Times: user=0.31 sys=0.00, real=0.05 secs] 
3530.946: [Full GC (Ergonomics) [PSYoungGen: 115520K->0K(510976K)] [ParOldGen: 733491K->131724K(1079296K)] 849011K->131724K(1590272K), [Metaspace: 60045K->60045K(1105920K)], 0.2998985 secs] [Times: user=1.37 sys=0.00, real=0.30 secs] 
3532.450: [GC (Allocation Failure) [PSYoungGen: 327680K->132352K(505856K)] 459404K->264076K(1585152K), 0.0466970 secs] [Times: user=0.28 sys=0.00, real=0.05 secs] 
3533.068: [GC (Allocation Failure) [PSYoungGen: 460032K->102400K(514048K)] 591756K->366508K(1593344K), 0.0673749 secs] [Times: user=0.39 sys=0.00, real=0.07 secs] 
3534.677: [GC (Allocation Failure) [PSYoungGen: 442066K->174560K(515584K)] 706175K->536561K(1594880K), 0.0649552 secs] [Times: user=0.31 sys=0.00, real=0.06 secs] 
3538.267: [GC (Allocation Failure) [PSYoungGen: 514491K->92704K(434688K)] 876492K->595185K(1513984K), 0.0619557 secs] [Times: user=0.37 sys=0.00, real=0.06 secs] 
3538.617: [GC (Allocation Failure) [PSYoungGen: 344096K->126080K(475136K)] 846577K->715996K(1554432K), 0.0514232 secs] [Times: user=0.31 sys=0.00, real=0.05 secs] 
3539.822: [GC (Allocation Failure) [PSYoungGen: 377472K->61600K(468480K)] 967388K->760796K(1547776K), 0.0519118 secs] [Times: user=0.31 sys=0.00, real=0.06 secs] 
3540.337: [GC (Allocation Failure) [PSYoungGen: 321696K->114272K(476160K)] 1020892K->872305K(1555456K), 0.0440569 secs] [Times: user=0.26 sys=0.00, real=0.04 secs] 
3540.704: [GC (Allocation Failure) [PSYoungGen: 374368K->118944K(467968K)] 1132401K->972893K(1547264K), 0.0551002 secs] [Times: user=0.32 sys=0.00, real=0.05 secs] 
3542.130: [GC (Allocation Failure) [PSYoungGen: 394912K->68224K(474624K)] 1248861K->1041101K(1553920K), 0.0914364 secs] [Times: user=0.45 sys=0.08, real=0.09 secs] 
3542.222: [Full GC (Ergonomics) [PSYoungGen: 68224K->0K(474624K)] [ParOldGen: 972877K->78343K(1046016K)] 1041101K->78343K(1520640K), [Metaspace: 60058K->60058K(1105920K)], 0.1730276 secs] [Times: user=0.77 sys=0.01, real=0.18 secs] 
3542.749: [GC (Allocation Failure) [PSYoungGen: 275968K->119936K(488960K)] 354311K->198279K(1534976K), 0.0254764 secs] [Times: user=0.15 sys=0.00, real=0.03 secs] 
3544.330: [GC (Allocation Failure) [PSYoungGen: 421504K->92320K(494592K)] 499847K->282343K(1540608K), 0.1334923 secs] [Times: user=0.79 sys=0.00, real=0.14 secs] 
3545.162: [GC (Allocation Failure) [PSYoungGen: 393888K->124096K(499712K)] 583911K->404340K(1545728K), 0.0465138 secs] [Times: user=0.27 sys=0.00, real=0.05 secs] 
3546.524: [GC (Allocation Failure) [PSYoungGen: 441536K->106592K(503296K)] 721780K->502104K(1549312K), 0.0598094 secs] [Times: user=0.36 sys=0.00, real=0.06 secs] 
3547.058: [GC (Allocation Failure) [PSYoungGen: 424032K->118656K(507904K)] 819544K->620516K(1553920K), 0.0518242 secs] [Times: user=0.31 sys=0.00, real=0.05 secs] 
3548.339: [GC (Allocation Failure) [PSYoungGen: 452480K->129568K(508928K)] 954340K->739820K(1554944K), 0.0621759 secs] [Times: user=0.37 sys=0.00, real=0.06 secs] 
3549.436: [GC (Allocation Failure) [PSYoungGen: 463392K->110272K(513536K)] 1073644K->849608K(1559552K), 0.0558514 secs] [Times: user=0.32 sys=0.00, real=0.05 secs] 
3550.803: [GC (Allocation Failure) [PSYoungGen: 458944K->138208K(518656K)] 1198280K->977453K(1564672K), 0.0617513 secs] [Times: user=0.37 sys=0.00, real=0.06 secs] 
3552.504: [GC (Allocation Failure) [PSYoungGen: 486880K->114464K(521216K)] 1326125K->1091421K(1567232K), 0.0591041 secs] [Times: user=0.35 sys=0.00, real=0.06 secs] 
3552.563: [Full GC (Ergonomics) [PSYoungGen: 114464K->0K(521216K)] [ParOldGen: 976957K->130171K(1151488K)] 1091421K->130171K(1672704K), [Metaspace: 60070K->60070K(1105920K)], 0.3052016 secs] [Times: user=1.37 sys=0.00, real=0.30 secs] 
3554.128: [GC (Allocation Failure) [PSYoungGen: 355328K->133792K(523264K)] 485499K->263964K(1674752K), 0.0522317 secs] [Times: user=0.31 sys=0.01, real=0.05 secs] 
3554.716: [GC (GCLocker Initiated GC) [PSYoungGen: 489120K->124288K(526336K)] 619292K->387952K(1677824K), 0.0700480 secs] [Times: user=0.41 sys=0.00, real=0.07 secs] 
3556.143: [GC (Allocation Failure) [PSYoungGen: 485760K->2144K(364032K)] 749426K->265874K(1515520K), 0.0028487 secs] [Times: user=0.01 sys=0.00, real=0.00 secs] 
3556.834: [GC (Allocation Failure) [PSYoungGen: 363616K->137920K(508928K)] 627346K->402635K(1660416K), 0.0278113 secs] [Times: user=0.16 sys=0.00, real=0.02 secs] 
3559.761: [GC (Allocation Failure) [PSYoungGen: 465088K->1760K(329216K)] 729803K->266610K(1480704K), 0.0018474 secs] [Times: user=0.01 sys=0.00, real=0.00 secs] 
3560.506: [GC (Allocation Failure) [PSYoungGen: 328928K->122080K(503808K)] 593778K->387519K(1655296K), 0.0250118 secs] [Times: user=0.13 sys=0.01, real=0.02 secs] 
3561.715: [GC (Allocation Failure) [PSYoungGen: 429280K->125792K(502272K)] 694719K->503135K(1653760K), 0.0627613 secs] [Times: user=0.36 sys=0.00, real=0.06 secs] 
3562.475: [GC (Allocation Failure) [PSYoungGen: 432992K->92224K(491008K)] 810335K->595311K(1642496K), 0.0532518 secs] [Times: user=0.31 sys=0.00, real=0.05 secs] 
3562.947: [GC (Allocation Failure) [PSYoungGen: 400960K->135584K(496640K)] 904047K->725072K(1648128K), 0.0544598 secs] [Times: user=0.32 sys=0.00, real=0.05 secs] 
3566.322: [GC (Allocation Failure) [PSYoungGen: 444320K->81120K(506368K)] 1033808K->806048K(1657856K), 0.0856703 secs] [Times: user=0.50 sys=0.00, real=0.09 secs] 
3566.788: [GC (Allocation Failure) [PSYoungGen: 400608K->140192K(459776K)] 1125536K->935921K(1611264K), 0.0510528 secs] [Times: user=0.30 sys=0.00, real=0.05 secs] 
3568.119: [GC (GCLocker Initiated GC) [PSYoungGen: 459680K->88256K(511488K)] 1255410K->1023810K(1662976K), 0.0776736 secs] [Times: user=0.46 sys=0.01, real=0.08 secs] 
3568.629: [GC (Allocation Failure) [PSYoungGen: 407232K->135104K(506368K)] 1342789K->1154369K(1657856K), 0.0506214 secs] [Times: user=0.28 sys=0.01, real=0.05 secs] 
3568.680: [Full GC (Ergonomics) [PSYoungGen: 135104K->0K(506368K)] [ParOldGen: 1019265K->188901K(1272832K)] 1154369K->188901K(1779200K), [Metaspace: 60083K->60083K(1105920K)], 0.4457300 secs] [Times: user=2.07 sys=0.00, real=0.45 secs] 
3570.655: [GC (GCLocker Initiated GC) [PSYoungGen: 318976K->94272K(502784K)] 507877K->283174K(1775616K), 0.0427432 secs] [Times: user=0.24 sys=0.00, real=0.04 secs] 
3571.637: [GC (Allocation Failure) [PSYoungGen: 415808K->140160K(505856K)] 604748K->420097K(1778688K), 0.0478853 secs] [Times: user=0.28 sys=0.00, real=0.05 secs] 
3573.060: [GC (Allocation Failure) [PSYoungGen: 461696K->105088K(504832K)] 741633K->507841K(1777664K), 0.0705283 secs] [Times: user=0.41 sys=0.00, real=0.07 secs] 
3574.400: [GC (Allocation Failure) [PSYoungGen: 430720K->130240K(507392K)] 833473K->636770K(1780224K), 0.0515152 secs] [Times: user=0.30 sys=0.00, real=0.05 secs] 
3575.769: [GC (Allocation Failure) [PSYoungGen: 455872K->113216K(504320K)] 962402K->741106K(1777152K), 0.0635292 secs] [Times: user=0.38 sys=0.00, real=0.06 secs] 
3576.252: [GC (Allocation Failure) [PSYoungGen: 448064K->122176K(510464K)] 1075954K->863234K(1783296K), 0.0536908 secs] [Times: user=0.32 sys=0.00, real=0.06 secs] 
3577.578: [GC (Allocation Failure) [PSYoungGen: 457024K->126176K(518656K)] 1198082K->978935K(1791488K), 0.0630558 secs] [Times: user=0.37 sys=0.00, real=0.06 secs] 
3578.890: [GC (Allocation Failure) [PSYoungGen: 476384K->119840K(522240K)] 1329143K->1098319K(1795072K), 0.0560613 secs] [Times: user=0.33 sys=0.00, real=0.06 secs] 
3581.788: [GC (Allocation Failure) [PSYoungGen: 470048K->128480K(525824K)] 1448527K->1216148K(1798656K), 0.0654618 secs] [Times: user=0.36 sys=0.02, real=0.07 secs] 
3581.854: [Full GC (Ergonomics) [PSYoungGen: 128480K->0K(525824K)] [ParOldGen: 1087668K->252458K(1397760K)] 1216148K->252458K(1923584K), [Metaspace: 60097K->60097K(1105920K)], 0.5465920 secs] [Times: user=2.38 sys=0.00, real=0.54 secs] 
3583.107: [GC (Allocation Failure) [PSYoungGen: 358400K->125280K(526336K)] 610858K->377738K(1924096K), 0.0254419 secs] [Times: user=0.15 sys=0.00, real=0.02 secs] 
3584.482: [GC (Allocation Failure) [PSYoungGen: 483680K->640K(502784K)] 736138K->253218K(1900544K), 0.0016640 secs] [Times: user=0.01 sys=0.00, real=0.01 secs] 
3586.075: [GC (Allocation Failure) [PSYoungGen: 337024K->123936K(517632K)] 589602K->376522K(1915392K), 0.0251026 secs] [Times: user=0.15 sys=0.00, real=0.02 secs] 
3587.490: [GC (Allocation Failure) [PSYoungGen: 460320K->180704K(436224K)] 712906K->490314K(1833984K), 0.0642417 secs] [Times: user=0.37 sys=0.01, real=0.07 secs] 
3589.653: [GC (GCLocker Initiated GC) [PSYoungGen: 436192K->81632K(477184K)] 745802K->391282K(1874944K), 0.0170842 secs] [Times: user=0.09 sys=0.00, real=0.02 secs] 
3589.986: [GC (Allocation Failure) [PSYoungGen: 337120K->179296K(455168K)] 663157K->505333K(1852928K), 0.2617939 secs] [Times: user=1.57 sys=0.01, real=0.26 secs] 
3591.429: [GC (Allocation Failure) [PSYoungGen: 416352K->53184K(290304K)] 742389K->558065K(1688064K), 0.3436658 secs] [Times: user=2.04 sys=0.01, real=0.34 secs] 
3592.249: [GC (Allocation Failure) [PSYoungGen: 290240K->97088K(475136K)] 795121K->652986K(1872896K), 0.0410274 secs] [Times: user=0.24 sys=0.00, real=0.04 secs] 
3592.585: [GC (Allocation Failure) [PSYoungGen: 340288K->110944K(354304K)] 896186K->754846K(1752064K), 0.0547881 secs] [Times: user=0.31 sys=0.00, real=0.05 secs] 
3593.946: [GC (Allocation Failure) [PSYoungGen: 354144K->57568K(457216K)] 998046K->811634K(1854976K), 0.0636424 secs] [Times: user=0.38 sys=0.00, real=0.06 secs] 
3594.395: [GC (GCLocker Initiated GC) [PSYoungGen: 301280K->100544K(456704K)] 1055346K->910447K(1854464K), 0.0366541 secs] [Times: user=0.22 sys=0.00, real=0.03 secs] 
3595.433: [GC (GCLocker Initiated GC) [PSYoungGen: 344256K->111072K(477696K)] 1154163K->1012979K(1875456K), 0.1242797 secs] [Times: user=0.64 sys=0.00, real=0.12 secs] 
3596.760: [GC (Allocation Failure) [PSYoungGen: 391648K->69376K(476160K)] 1293558K->1082150K(1873920K), 0.0756297 secs] [Times: user=0.45 sys=0.00, real=0.08 secs] 
3597.224: [GC (Allocation Failure) [PSYoungGen: 349952K->121344K(501248K)] 1362726K->1198091K(1899008K), 0.0432315 secs] [Times: user=0.26 sys=0.00, real=0.04 secs] 
3598.529: [GC (Allocation Failure) [PSYoungGen: 429568K->90208K(499200K)] 1506315K->1279779K(1896960K), 0.0931551 secs] [Times: user=0.29 sys=0.23, real=0.09 secs] 
3599.440: [GC (Allocation Failure) [PSYoungGen: 398432K->127008K(499200K)] 1588003K->1403984K(1896960K), 0.0810887 secs] [Times: user=0.28 sys=0.17, real=0.08 secs] 
3599.521: [Full GC (Ergonomics) [PSYoungGen: 127008K->0K(499200K)] [ParOldGen: 1276976K->154737K(1332224K)] 1403984K->154737K(1831424K), [Metaspace: 60141K->60141K(1105920K)], 0.3625090 secs] [Times: user=1.67 sys=0.00, real=0.37 secs] 
3601.082: [GC (Allocation Failure) [PSYoungGen: 314368K->109280K(499712K)] 469105K->264025K(1831936K), 0.0402334 secs] [Times: user=0.24 sys=0.01, real=0.04 secs] 
3603.458: [GC (Allocation Failure) [PSYoungGen: 423648K->108992K(506368K)] 578393K->372229K(1838592K), 0.0544295 secs] [Times: user=0.33 sys=0.00, real=0.05 secs] 
3604.741: [GC (Allocation Failure) [PSYoungGen: 443840K->139456K(506880K)] 707077K->500948K(1839104K), 0.0611346 secs] [Times: user=0.36 sys=0.00, real=0.06 secs] 
3605.259: [GC (Allocation Failure) [PSYoungGen: 474304K->102752K(521728K)] 835796K->603676K(1853952K), 0.0581759 secs] [Times: user=0.34 sys=0.00, real=0.06 secs] 
3606.542: [GC (Allocation Failure) [PSYoungGen: 451424K->145280K(494080K)] 952348K->738321K(1826304K), 0.0615035 secs] [Times: user=0.36 sys=0.01, real=0.07 secs] 
3607.231: [GC (Allocation Failure) [PSYoungGen: 493952K->107712K(525312K)] 1086993K->845977K(1857536K), 0.0597976 secs] [Times: user=0.35 sys=0.01, real=0.06 secs] 
3608.975: [GC (Allocation Failure) [PSYoungGen: 453824K->141184K(519680K)] 1192089K->975986K(1851904K), 0.0616275 secs] [Times: user=0.37 sys=0.00, real=0.06 secs] 
3611.459: [GC (Allocation Failure) [PSYoungGen: 487296K->104352K(520704K)] 1322098K->1080250K(1852928K), 0.0599112 secs] [Times: user=0.34 sys=0.02, real=0.06 secs] 
3612.815: [GC (Allocation Failure) [PSYoungGen: 451488K->144224K(491520K)] 1427386K->1213703K(1823744K), 0.0611471 secs] [Times: user=0.37 sys=0.00, real=0.06 secs] 
3613.600: [GC (Allocation Failure) [PSYoungGen: 491360K->107104K(524288K)] 1560839K->1320751K(1856512K), 0.0597364 secs] [Times: user=0.35 sys=0.00, real=0.06 secs] 
3613.660: [Full GC (Ergonomics) [PSYoungGen: 107104K->0K(524288K)] [ParOldGen: 1213647K->122750K(1381888K)] 1320751K->122750K(1906176K), [Metaspace: 60265K->60265K(1105920K)], 0.2812334 secs] [Times: user=1.28 sys=0.00, real=0.28 secs] 
3615.167: [GC (Allocation Failure) [PSYoungGen: 345600K->142528K(520192K)] 468350K->265278K(1902080K), 0.0517732 secs] [Times: user=0.31 sys=0.00, real=0.05 secs] 
3618.000: [GC (Allocation Failure) [PSYoungGen: 488128K->104320K(520704K)] 610878K->369258K(1902592K), 0.0729997 secs] [Times: user=0.43 sys=0.00, real=0.08 secs] 
3619.326: [GC (Allocation Failure) [PSYoungGen: 449408K->144416K(489984K)] 714346K->502947K(1871872K), 0.0610983 secs] [Times: user=0.36 sys=0.00, real=0.06 secs] 
3619.863: [GC (Allocation Failure) [PSYoungGen: 489504K->107072K(523264K)] 848035K->609979K(1905152K), 0.0598566 secs] [Times: user=0.35 sys=0.00, real=0.06 secs] 
3621.161: [GC (Allocation Failure) [PSYoungGen: 451136K->141536K(519680K)] 954043K->740656K(1901568K), 0.0610850 secs] [Times: user=0.36 sys=0.01, real=0.06 secs] 
3621.732: [GC (Allocation Failure) [PSYoungGen: 485600K->108192K(518656K)] 1084720K->848592K(1900544K), 0.0581213 secs] [Times: user=0.35 sys=0.00, real=0.06 secs] 
3623.109: [GC (Allocation Failure) [PSYoungGen: 453280K->140032K(519680K)] 1193680K->978252K(1901568K), 0.0615959 secs] [Times: user=0.37 sys=0.00, real=0.06 secs] 
3625.164: [GC (Allocation Failure) [PSYoungGen: 485120K->108032K(520192K)] 1323340K->1085916K(1902080K), 0.0590430 secs] [Times: user=0.35 sys=0.00, real=0.05 secs] 
3626.511: [GC (Allocation Failure) [PSYoungGen: 455680K->140480K(521216K)] 1433564K->1215601K(1903104K), 0.0624130 secs] [Times: user=0.36 sys=0.01, real=0.07 secs] 
3627.130: [GC (Allocation Failure) [PSYoungGen: 488128K->112800K(520192K)] 1563249K->1327953K(1902080K), 0.0589143 secs] [Times: user=0.34 sys=0.00, real=0.06 secs] 
3627.189: [Full GC (Ergonomics) [PSYoungGen: 112800K->0K(520192K)] [ParOldGen: 1215153K->128904K(1398272K)] 1327953K->128904K(1918464K), [Metaspace: 60267K->60267K(1105920K)], 0.2953240 secs] [Times: user=1.34 sys=0.00, real=0.30 secs] 
3628.745: [GC (Allocation Failure) [PSYoungGen: 349696K->135488K(521728K)] 478600K->264392K(1920000K), 0.0502660 secs] [Times: user=0.29 sys=0.00, real=0.05 secs] 
3629.350: [GC (Allocation Failure) [PSYoungGen: 485184K->118848K(518656K)] 614088K->383296K(1916928K), 0.0701998 secs] [Times: user=0.42 sys=0.00, real=0.07 secs] 
3631.148: [GC (Allocation Failure) [PSYoungGen: 473664K->129792K(522752K)] 738112K->502133K(1921024K), 0.0620307 secs] [Times: user=0.37 sys=0.00, real=0.06 secs] 
3631.779: [GC (Allocation Failure) [PSYoungGen: 484608K->129120K(525312K)] 856949K->631213K(1923584K), 0.0584815 secs] [Times: user=0.34 sys=0.00, real=0.06 secs] 
3633.832: [GC (Allocation Failure) [PSYoungGen: 493664K->3808K(368640K)] 995757K->505973K(1766912K), 0.0039660 secs] [Times: user=0.02 sys=0.00, real=0.01 secs] 
3634.702: [GC (Allocation Failure) [PSYoungGen: 368352K->145664K(506880K)] 870517K->649202K(1905152K), 0.0300999 secs] [Times: user=0.18 sys=0.00, real=0.03 secs] 
3635.942: [GC (Allocation Failure) [PSYoungGen: 471808K->104160K(512512K)] 975346K->744194K(1910784K), 0.0667157 secs] [Times: user=0.40 sys=0.00, real=0.07 secs] 
3636.683: [GC (Allocation Failure) [PSYoungGen: 430304K->129344K(509952K)] 1070338K->871846K(1908224K), 0.0518157 secs] [Times: user=0.31 sys=0.00, real=0.05 secs] 
3637.983: [GC (Allocation Failure) [PSYoungGen: 460608K->116736K(511488K)] 1203110K->979278K(1909760K), 0.0634083 secs] [Times: user=0.37 sys=0.00, real=0.06 secs] 
3641.026: [GC (Allocation Failure) [PSYoungGen: 448000K->118304K(513024K)] 1310542K->1097175K(1911296K), 0.0546789 secs] [Times: user=0.32 sys=0.00, real=0.05 secs] 
3642.330: [GC (Allocation Failure) [PSYoungGen: 462880K->129152K(513536K)] 1441751K->1216187K(1911808K), 0.0629480 secs] [Times: user=0.38 sys=0.00, real=0.06 secs] 
3642.855: [GC (GCLocker Initiated GC) [PSYoungGen: 473728K->121024K(521728K)] 1560764K->1337180K(1920000K), 0.0590957 secs] [Times: user=0.33 sys=0.00, real=0.06 secs] 
3642.914: [Full GC (Ergonomics) [PSYoungGen: 121024K->0K(521728K)] [ParOldGen: 1216156K->137630K(1398272K)] 1337180K->137630K(1920000K), [Metaspace: 60270K->60270K(1105920K)], 0.3149317 secs] [Times: user=1.44 sys=0.00, real=0.31 secs] 
3644.523: [GC (Allocation Failure) [PSYoungGen: 360960K->126656K(525824K)] 498592K->264288K(1924096K), 0.0442069 secs] [Times: user=0.25 sys=0.00, real=0.05 secs] 
3646.225: [GC (Allocation Failure) [PSYoungGen: 487616K->131008K(532992K)] 625248K->395336K(1931264K), 0.0639434 secs] [Times: user=0.37 sys=0.00, real=0.06 secs] 
3647.843: [GC (Allocation Failure) [PSYoungGen: 501184K->6912K(377344K)] 765512K->271324K(1775616K), 0.0031188 secs] [Times: user=0.02 sys=0.00, real=0.00 secs] 
3649.896: [GC (Allocation Failure) [PSYoungGen: 377088K->147456K(505856K)] 641500K->416425K(1904128K), 0.0309880 secs] [Times: user=0.18 sys=0.00, real=0.03 secs] 
3651.190: [GC (Allocation Failure) [PSYoungGen: 474624K->102336K(513024K)] 743593K->509669K(1911296K), 0.0661970 secs] [Times: user=0.39 sys=0.00, real=0.07 secs] 
3651.873: [GC (Allocation Failure) [PSYoungGen: 429504K->132192K(513024K)] 836837K->640081K(1911296K), 0.0510981 secs] [Times: user=0.30 sys=0.00, real=0.05 secs] 
3653.173: [GC (Allocation Failure) [PSYoungGen: 464992K->112320K(445440K)] 972881K->742777K(1843712K), 0.0629017 secs] [Times: user=0.37 sys=0.00, real=0.07 secs] 
3654.860: [GC (Allocation Failure) [PSYoungGen: 445120K->125568K(513536K)] 1075577K->867814K(1911808K), 0.0536933 secs] [Times: user=0.32 sys=0.00, real=0.06 secs] 
3657.340: [GC (Allocation Failure) [PSYoungGen: 464512K->122176K(512000K)] 1206758K->979978K(1910272K), 0.0638691 secs] [Times: user=0.37 sys=0.00, real=0.07 secs] 
3658.040: [GC (Allocation Failure) [PSYoungGen: 461120K->121024K(522752K)] 1318922K->1100814K(1921024K), 0.0565060 secs] [Times: user=0.33 sys=0.00, real=0.06 secs] 
3659.427: [GC (Allocation Failure) [PSYoungGen: 475328K->126880K(521216K)] 1455118K->1217503K(1919488K), 0.0627892 secs] [Times: user=0.38 sys=0.00, real=0.06 secs] 
3660.750: [GC (Allocation Failure) [PSYoungGen: 481184K->126816K(530432K)] 1571807K->1344231K(1928704K), 0.0578646 secs] [Times: user=0.34 sys=0.00, real=0.06 secs] 
3660.808: [Full GC (Ergonomics) [PSYoungGen: 126816K->0K(530432K)] [ParOldGen: 1217415K->142941K(1398272K)] 1344231K->142941K(1928704K), [Metaspace: 60303K->60303K(1105920K)], 0.3214531 secs] [Times: user=1.46 sys=0.00, real=0.32 secs] 
3662.444: [GC (Allocation Failure) [PSYoungGen: 365056K->124896K(529408K)] 507997K->267837K(1927680K), 0.0454936 secs] [Times: user=0.27 sys=0.00, real=0.04 secs] 
3664.021: [GC (Allocation Failure) [PSYoungGen: 489952K->141664K(527360K)] 632893K->408142K(1925632K), 0.0622546 secs] [Times: user=0.37 sys=0.00, real=0.07 secs] 
3665.359: [GC (GCLocker Initiated GC) [PSYoungGen: 506720K->115360K(531456K)] 773199K->514211K(1929728K), 0.0754449 secs] [Times: user=0.44 sys=0.01, real=0.08 secs] 
3666.014: [GC (Allocation Failure) [PSYoungGen: 480416K->151584K(520704K)] 879338K->663599K(1918976K), 0.0562838 secs] [Times: user=0.33 sys=0.00, real=0.05 secs] 
3667.584: [GC (Allocation Failure) [PSYoungGen: 509472K->111296K(528384K)] 1021487K->765571K(1926656K), 0.0693694 secs] [Times: user=0.41 sys=0.00, real=0.07 secs] 
3668.397: [GC (GCLocker Initiated GC) [PSYoungGen: 469184K->146912K(521728K)] 1123459K->909728K(1920000K), 0.0542330 secs] [Times: user=0.33 sys=0.00, real=0.05 secs] 
3670.470: [GC (Allocation Failure) [PSYoungGen: 500704K->111104K(526336K)] 1263522K->1012006K(1924608K), 0.1588050 secs] [Times: user=0.93 sys=0.02, real=0.16 secs] 
3671.312: [GC (Allocation Failure) [PSYoungGen: 464896K->148544K(519680K)] 1365798K->1156083K(1917952K), 0.0543136 secs] [Times: user=0.32 sys=0.00, real=0.06 secs] 
3672.614: [GC (Allocation Failure) [PSYoungGen: 498240K->111104K(524288K)] 1505779K->1258331K(1922560K), 0.0683620 secs] [Times: user=0.41 sys=0.00, real=0.06 secs] 
3673.204: [GC (Allocation Failure) [PSYoungGen: 460800K->146848K(519680K)] 1608027K->1400520K(1917952K), 0.0529566 secs] [Times: user=0.31 sys=0.00, real=0.05 secs] 
3673.257: [Full GC (Ergonomics) [PSYoungGen: 146848K->0K(519680K)] [ParOldGen: 1253672K->196466K(1398272K)] 1400520K->196466K(1917952K), [Metaspace: 60305K->60305K(1105920K)], 0.4741802 secs] [Times: user=2.21 sys=0.00, real=0.47 secs] 
3675.307: [GC (Allocation Failure) [PSYoungGen: 347648K->108448K(523264K)] 544114K->304914K(1921536K), 0.0434734 secs] [Times: user=0.26 sys=0.00, real=0.04 secs] 
3675.775: [GC (Allocation Failure) [PSYoungGen: 456096K->145152K(519680K)] 652562K->446370K(1917952K), 0.0514347 secs] [Times: user=0.31 sys=0.00, real=0.05 secs] 
3678.239: [GC (Allocation Failure) [PSYoungGen: 490752K->107008K(522240K)] 791970K->544138K(1920512K), 0.1091113 secs] [Times: user=0.65 sys=0.00, real=0.11 secs] 
3678.775: [GC (Allocation Failure) [PSYoungGen: 441072K->143264K(520704K)] 878202K->683990K(1918976K), 0.0512796 secs] [Times: user=0.30 sys=0.00, real=0.05 secs] 
3680.184: [GC (Allocation Failure) [PSYoungGen: 488864K->104384K(522240K)] 1029590K->780086K(1920512K), 0.0639340 secs] [Times: user=0.38 sys=0.00, real=0.06 secs] 
3680.737: [GC (Allocation Failure) [PSYoungGen: 448667K->147520K(516096K)] 1124370K->922751K(1914368K), 0.0507418 secs] [Times: user=0.30 sys=0.00, real=0.05 secs] 
3682.922: [GC (Allocation Failure) [PSYoungGen: 488000K->101824K(519680K)] 1263231K->1015811K(1917952K), 0.1525751 secs] [Times: user=0.91 sys=0.00, real=0.16 secs] 
3683.564: [GC (Allocation Failure) [PSYoungGen: 442304K->144544K(516608K)] 1356291K->1156984K(1914880K), 0.0504986 secs] [Times: user=0.30 sys=0.00, real=0.05 secs] 
3685.868: [GC (Allocation Failure) [PSYoungGen: 482976K->103520K(518656K)] 1495416K->1251664K(1916928K), 0.1370638 secs] [Times: user=0.81 sys=0.00, real=0.14 secs] 
3686.618: [GC (Allocation Failure) [PSYoungGen: 441952K->142112K(517120K)] 1590096K->1389977K(1915392K), 0.0518384 secs] [Times: user=0.31 sys=0.00, real=0.05 secs] 
3686.670: [Full GC (Ergonomics) [PSYoungGen: 142112K->0K(517120K)] [ParOldGen: 1247865K->188190K(1398272K)] 1389977K->188190K(1915392K), [Metaspace: 60313K->60313K(1105920K)], 0.4491781 secs] [Times: user=2.08 sys=0.00, real=0.45 secs] 
3688.854: [GC (Allocation Failure) [PSYoungGen: 338432K->104832K(443392K)] 526622K->293022K(1841664K), 0.0451573 secs] [Times: user=0.27 sys=0.01, real=0.04 secs] 
3689.588: [GC (Allocation Failure) [PSYoungGen: 443264K->143648K(516096K)] 631454K->430251K(1914368K), 0.0507999 secs] [Times: user=0.30 sys=0.00, real=0.05 secs] 
3691.410: [GC (Allocation Failure) [PSYoungGen: 481568K->103008K(518144K)] 768171K->524867K(1916416K), 0.0997038 secs] [Times: user=0.59 sys=0.00, real=0.10 secs] 
3692.223: [GC (Allocation Failure) [PSYoungGen: 440928K->142208K(517120K)] 862787K->664766K(1915392K), 0.0514821 secs] [Times: user=0.31 sys=0.00, real=0.06 secs] 
3694.633: [GC (Allocation Failure) [PSYoungGen: 480640K->105824K(444416K)] 1003198K->761982K(1842688K), 0.0748219 secs] [Times: user=0.44 sys=0.00, real=0.07 secs] 
3695.311: [GC (Allocation Failure) [PSYoungGen: 444256K->136736K(517632K)] 1100414K->895636K(1915904K), 0.0526359 secs] [Times: user=0.30 sys=0.00, real=0.06 secs] 
3696.692: [GC (Allocation Failure) [PSYoungGen: 476704K->109408K(517632K)] 1235604K->995720K(1915904K), 0.0710480 secs] [Times: user=0.42 sys=0.00, real=0.07 secs] 
3697.265: [GC (GCLocker Initiated GC) [PSYoungGen: 449376K->138912K(517120K)] 1335688K->1131725K(1915392K), 0.0555196 secs] [Times: user=0.32 sys=0.00, real=0.05 secs] 
3698.643: [GC (Allocation Failure) [PSYoungGen: 481440K->108992K(518144K)] 1474324K->1231288K(1916416K), 0.0656407 secs] [Times: user=0.39 sys=0.00, real=0.06 secs] 
3699.434: [GC (Allocation Failure) [PSYoungGen: 451520K->139872K(520704K)] 1573816K->1368923K(1918976K), 0.0556155 secs] [Times: user=0.33 sys=0.00, real=0.05 secs] 
3701.436: [GC (Allocation Failure) [PSYoungGen: 487520K->109728K(521728K)] 1716571K->1469188K(1920000K), 0.0806443 secs] [Times: user=0.40 sys=0.07, real=0.08 secs] 
3701.517: [Full GC (Ergonomics) [PSYoungGen: 109728K->0K(521728K)] [ParOldGen: 1359459K->27968K(1398272K)] 1469188K->27968K(1920000K), [Metaspace: 60317K->60317K(1105920K)], 0.0449913 secs] [Times: user=0.14 sys=0.00, real=0.04 secs] 
3702.296: [GC (Allocation Failure) [PSYoungGen: 347648K->142272K(521728K)] 375616K->170240K(1920000K), 0.0285353 secs] [Times: user=0.17 sys=0.00, real=0.03 secs] 
3703.690: [GC (Allocation Failure) [PSYoungGen: 491968K->110944K(523776K)] 519936K->271824K(1922048K), 0.0803621 secs] [Times: user=0.48 sys=0.00, real=0.08 secs] 
3704.352: [GC (Allocation Failure) [PSYoungGen: 460640K->152416K(515072K)] 621520K->421919K(1913344K), 0.0538434 secs] [Times: user=0.32 sys=0.00, real=0.06 secs] 
3706.230: [GC (Allocation Failure) [PSYoungGen: 495968K->106912K(521216K)] 765471K->511167K(1919488K), 0.1183019 secs] [Times: user=0.70 sys=0.00, real=0.12 secs] 
3708.359: [GC (Allocation Failure) [PSYoungGen: 450464K->140000K(521216K)] 854719K->648648K(1919488K), 0.0523842 secs] [Times: user=0.30 sys=0.00, real=0.05 secs] 
3709.651: [GC (Allocation Failure) [PSYoungGen: 485600K->110176K(456192K)] 994248K->749760K(1854464K), 0.0742205 secs] [Times: user=0.44 sys=0.00, real=0.08 secs] 
3710.312: [GC (Allocation Failure) [PSYoungGen: 455776K->141184K(519680K)] 1095360K->888117K(1917952K), 0.0546550 secs] [Times: user=0.31 sys=0.02, real=0.06 secs] 
3711.725: [GC (Allocation Failure) [PSYoungGen: 486784K->110272K(520704K)] 1233717K->988549K(1918976K), 0.0847327 secs] [Times: user=0.50 sys=0.01, real=0.08 secs] 
3712.528: [GC (Allocation Failure) [PSYoungGen: 455872K->143648K(520192K)] 1334149K->1129818K(1918464K), 0.0546599 secs] [Times: user=0.33 sys=0.00, real=0.05 secs] 
3714.753: [GC (GCLocker Initiated GC) [PSYoungGen: 490784K->108000K(522752K)] 1476959K->1228479K(1921024K), 0.1329531 secs] [Times: user=0.78 sys=0.00, real=0.13 secs] 
3716.214: [GC (Allocation Failure) [PSYoungGen: 455136K->142144K(522240K)] 1575654K->1367583K(1920512K), 0.0534862 secs] [Times: user=0.31 sys=0.00, real=0.05 secs] 
3717.607: [GC (Allocation Failure) [PSYoungGen: 490816K->108768K(523776K)] 1716255K->1467355K(1922048K), 0.0668262 secs] [Times: user=0.40 sys=0.00, real=0.07 secs] 
3717.674: [Full GC (Ergonomics) [PSYoungGen: 108768K->0K(523776K)] [ParOldGen: 1358587K->33849K(1398272K)] 1467355K->33849K(1922048K), [Metaspace: 60327K->60327K(1105920K)], 0.0602329 secs] [Times: user=0.20 sys=0.01, real=0.06 secs] 
3718.443: [GC (Allocation Failure) [PSYoungGen: 348672K->145824K(520192K)] 382521K->179673K(1918464K), 0.0292452 secs] [Times: user=0.17 sys=0.00, real=0.02 secs] 
3720.483: [GC (Allocation Failure) [PSYoungGen: 492448K->106944K(522752K)] 526297K->277601K(1921024K), 0.1217836 secs] [Times: user=0.72 sys=0.00, real=0.12 secs] 
3722.440: [GC (Allocation Failure) [PSYoungGen: 453568K->143136K(520192K)] 624225K->417478K(1918464K), 0.0521902 secs] [Times: user=0.31 sys=0.00, real=0.05 secs] 
3723.822: [GC (GCLocker Initiated GC) [PSYoungGen: 488736K->107136K(522240K)] 763082K->515650K(1920512K), 0.0825773 secs] [Times: user=0.49 sys=0.01, real=0.09 secs] 
3724.494: [GC (Allocation Failure) [PSYoungGen: 452736K->150944K(514560K)] 861253K->663784K(1912832K), 0.0527116 secs] [Times: user=0.31 sys=0.00, real=0.05 secs] 
3726.118: [GC (Allocation Failure) [PSYoungGen: 490400K->107168K(519168K)] 1003240K->754104K(1917440K), 0.0781629 secs] [Times: user=0.46 sys=0.01, real=0.08 secs] 
3726.606: [GC (GCLocker Initiated GC) [PSYoungGen: 446624K->140832K(518144K)] 1093563K->891943K(1916416K), 0.0522999 secs] [Times: user=0.30 sys=0.00, real=0.05 secs] 
3728.512: [GC (Allocation Failure) [PSYoungGen: 482336K->105792K(519680K)] 1234474K->989238K(1917952K), 0.1573167 secs] [Times: user=0.93 sys=0.00, real=0.16 secs] 
3729.825: [GC (Allocation Failure) [PSYoungGen: 447296K->141376K(519680K)] 1330742K->1129029K(1917952K), 0.0531888 secs] [Times: user=0.31 sys=0.00, real=0.05 secs] 
3731.639: [GC (Allocation Failure) [PSYoungGen: 484416K->107584K(520704K)] 1472069K->1227397K(1918976K), 0.0743080 secs] [Times: user=0.44 sys=0.00, real=0.08 secs] 
3732.289: [GC (Allocation Failure) [PSYoungGen: 450624K->142624K(519168K)] 1570437K->1367842K(1917440K), 0.0535661 secs] [Times: user=0.32 sys=0.00, real=0.05 secs] 
3733.662: [GC (Allocation Failure) [PSYoungGen: 485664K->106112K(520704K)] 1710882K->1464682K(1918976K), 0.0730066 secs] [Times: user=0.43 sys=0.00, real=0.08 secs] 
3733.735: [Full GC (Ergonomics) [PSYoungGen: 106112K->0K(520704K)] [ParOldGen: 1358570K->27092K(1398272K)] 1464682K->27092K(1918976K), [Metaspace: 60328K->60328K(1105920K)], 0.0842332 secs] [Times: user=0.33 sys=0.01, real=0.08 secs] 
3734.581: [GC (Allocation Failure) [PSYoungGen: 343040K->141248K(519168K)] 370132K->168340K(1917440K), 0.0279943 secs] [Times: user=0.17 sys=0.00, real=0.03 secs] 
3736.167: [GC (Allocation Failure) [PSYoungGen: 484800K->108512K(520704K)] 511892K->267092K(1918976K), 0.1192591 secs] [Times: user=0.70 sys=0.01, real=0.12 secs] 
3737.563: [GC (Allocation Failure) [PSYoungGen: 452064K->141920K(520192K)] 610644K->406544K(1918464K), 0.0525691 secs] [Times: user=0.31 sys=0.00, real=0.06 secs] 
3738.852: [GC (GCLocker Initiated GC) [PSYoungGen: 487008K->107040K(521216K)] 751633K->504594K(1919488K), 0.0643060 secs] [Times: user=0.38 sys=0.00, real=0.07 secs] 
3739.523: [GC (Allocation Failure) [PSYoungGen: 452128K->143008K(520192K)] 849752K->645541K(1918464K), 0.0531799 secs] [Times: user=0.31 sys=0.00, real=0.05 secs] 
3740.948: [GC (Allocation Failure) [PSYoungGen: 488608K->109184K(522240K)] 991141K->745741K(1920512K), 0.0683478 secs] [Times: user=0.40 sys=0.00, real=0.07 secs] 
3741.967: [GC (Allocation Failure) [PSYoungGen: 454784K->142144K(520704K)] 1091341K->885714K(1918976K), 0.0541540 secs] [Times: user=0.32 sys=0.00, real=0.05 secs] 
3744.104: [GC (Allocation Failure) [PSYoungGen: 488256K->108128K(522240K)] 1231826K->984358K(1920512K), 0.1230045 secs] [Times: user=0.73 sys=0.00, real=0.12 secs] 
3745.698: [GC (Allocation Failure) [PSYoungGen: 454240K->141408K(520704K)] 1330470K->1123003K(1918976K), 0.0533732 secs] [Times: user=0.31 sys=0.00, real=0.05 secs] 
3747.166: [GC (Allocation Failure) [PSYoungGen: 488032K->107328K(522240K)] 1469627K->1221283K(1920512K), 0.0660848 secs] [Times: user=0.39 sys=0.00, real=0.06 secs] 
3747.968: [GC (Allocation Failure) [PSYoungGen: 453952K->143840K(520192K)] 1567907K->1362596K(1918464K), 0.0534539 secs] [Times: user=0.31 sys=0.00, real=0.05 secs] 
3750.082: [GC (Allocation Failure) [PSYoungGen: 490464K->108256K(522752K)] 1709220K->1461636K(1921024K), 0.1644156 secs] [Times: user=0.98 sys=0.00, real=0.17 secs] 
3750.247: [Full GC (Ergonomics) [PSYoungGen: 108256K->0K(522752K)] [ParOldGen: 1353380K->29166K(1398272K)] 1461636K->29166K(1921024K), [Metaspace: 60336K->60336K(1105920K)], 0.0819595 secs] [Times: user=0.28 sys=0.00, real=0.08 secs] 
3752.570: [GC (Allocation Failure) [PSYoungGen: 346624K->141440K(521728K)] 375790K->170606K(1920000K), 0.0279493 secs] [Times: user=0.16 sys=0.00, real=0.03 secs] 
3753.855: [GC (Allocation Failure) [PSYoungGen: 489088K->110496K(458240K)] 518254K->272154K(1856512K), 0.0866670 secs] [Times: user=0.51 sys=0.01, real=0.08 secs] 
3754.565: [GC (Allocation Failure) [PSYoungGen: 458144K->144896K(519168K)] 619802K->412079K(1917440K), 0.0529422 secs] [Times: user=0.31 sys=0.01, real=0.05 secs] 
3756.168: [GC (Allocation Failure) [PSYoungGen: 491008K->108448K(522240K)] 758191K->511575K(1920512K), 0.1109734 secs] [Times: user=0.65 sys=0.00, real=0.11 secs] 
3757.389: [GC (Allocation Failure) [PSYoungGen: 454560K->141856K(521728K)] 857687K->650659K(1920000K), 0.0529269 secs] [Times: user=0.32 sys=0.00, real=0.05 secs] 
3759.255: [GC (Allocation Failure) [PSYoungGen: 489504K->109696K(457728K)] 998307K->750971K(1856000K), 0.1253163 secs] [Times: user=0.74 sys=0.00, real=0.12 secs] 
3760.620: [GC (Allocation Failure) [PSYoungGen: 457344K->143296K(520704K)] 1098619K->891320K(1918976K), 0.0531744 secs] [Times: user=0.32 sys=0.00, real=0.06 secs] 
3761.912: [GC (GCLocker Initiated GC) [PSYoungGen: 490432K->109408K(522752K)] 1238458K->991706K(1921024K), 0.0647909 secs] [Times: user=0.38 sys=0.00, real=0.07 secs] 
3762.699: [GC (Allocation Failure) [PSYoungGen: 456544K->141728K(521728K)] 1338844K->1130505K(1920000K), 0.0534732 secs] [Times: user=0.31 sys=0.00, real=0.05 secs] 
3764.639: [GC (Allocation Failure) [PSYoungGen: 489888K->109856K(523264K)] 1478665K->1231185K(1921536K), 0.1501451 secs] [Times: user=0.89 sys=0.01, real=0.15 secs] 
3765.924: [GC (Allocation Failure) [PSYoungGen: 458016K->144640K(520704K)] 1579345K->1372986K(1918976K), 0.0542202 secs] [Times: user=0.32 sys=0.00, real=0.05 secs] 
3768.197: [GC (GCLocker Initiated GC) [PSYoungGen: 492288K->108480K(523264K)] 1720634K->1472314K(1921536K), 0.1190305 secs] [Times: user=0.71 sys=0.00, real=0.12 secs] 
3768.316: [Full GC (Ergonomics) [PSYoungGen: 108480K->0K(523264K)] [ParOldGen: 1363834K->40646K(1398272K)] 1472314K->40646K(1921536K), [Metaspace: 60347K->60347K(1105920K)], 0.1096427 secs] [Times: user=0.43 sys=0.00, real=0.11 secs] 
3769.099: [GC (Allocation Failure) [PSYoungGen: 347648K->150240K(516096K)] 388297K->190889K(1914368K), 0.0288573 secs] [Times: user=0.16 sys=0.00, real=0.03 secs] 
3770.342: [GC (GCLocker Initiated GC) [PSYoungGen: 492768K->110592K(520704K)] 533417K->284289K(1918976K), 0.0635795 secs] [Times: user=0.37 sys=0.01, real=0.07 secs] 
3770.979: [GC (Allocation Failure) [PSYoungGen: 453120K->142496K(520704K)] 626820K->422633K(1918976K), 0.0525934 secs] [Times: user=0.31 sys=0.00, real=0.05 secs] 
3772.429: [GC (Allocation Failure) [PSYoungGen: 487072K->106976K(451584K)] 767209K->519865K(1849856K), 0.0693810 secs] [Times: user=0.41 sys=0.00, real=0.07 secs] 
3773.044: [GC (Allocation Failure) [PSYoungGen: 451552K->144672K(519168K)] 864441K->661730K(1917440K), 0.0525133 secs] [Times: user=0.31 sys=0.00, real=0.05 secs] 
3774.894: [GC (Allocation Failure) [PSYoungGen: 488224K->105856K(521216K)] 1005282K->758810K(1919488K), 0.1664561 secs] [Times: user=0.98 sys=0.01, real=0.16 secs] 
3776.032: [GC (Allocation Failure) [PSYoungGen: 449408K->142208K(520192K)] 1102362K->897767K(1918464K), 0.0520767 secs] [Times: user=0.31 sys=0.00, real=0.06 secs] 
3777.357: [GC (Allocation Failure) [PSYoungGen: 485760K->105568K(449536K)] 1241319K->994311K(1847808K), 0.0968022 secs] [Times: user=0.58 sys=0.00, real=0.10 secs] 
3777.981: [GC (Allocation Failure) [PSYoungGen: 449120K->142880K(519168K)] 1337863K->1134019K(1917440K), 0.0526265 secs] [Times: user=0.31 sys=0.00, real=0.06 secs] 
3779.774: [GC (GCLocker Initiated GC) [PSYoungGen: 485920K->105152K(520704K)] 1477059K->1229771K(1918976K), 0.1045084 secs] [Times: user=0.62 sys=0.00, real=0.10 secs] 
3781.275: [GC (Allocation Failure) [PSYoungGen: 448192K->148224K(515072K)] 1572850K->1375233K(1913344K), 0.0525329 secs] [Times: user=0.31 sys=0.00, real=0.05 secs] 
3782.644: [GC (Allocation Failure) [PSYoungGen: 486656K->108672K(518656K)] 1713665K->1466270K(1916928K), 0.0645912 secs] [Times: user=0.38 sys=0.00, real=0.06 secs] 
3782.708: [Full GC (Ergonomics) [PSYoungGen: 108672K->0K(518656K)] [ParOldGen: 1357597K->31736K(1398272K)] 1466270K->31736K(1916928K), [Metaspace: 60351K->60351K(1105920K)], 0.0650202 secs] [Times: user=0.23 sys=0.00, real=0.07 secs] 
3783.282: [GC (Allocation Failure) [PSYoungGen: 338432K->141920K(518656K)] 370168K->173656K(1916928K), 0.0286061 secs] [Times: user=0.16 sys=0.00, real=0.03 secs] 
3784.556: [GC (Allocation Failure) [PSYoungGen: 482912K->105248K(519680K)] 514648K->270152K(1917952K), 0.0647806 secs] [Times: user=0.38 sys=0.00, real=0.06 secs] 
3785.150: [GC (Allocation Failure) [PSYoungGen: 446240K->141664K(518656K)] 611144K->409572K(1916928K), 0.0521687 secs] [Times: user=0.30 sys=0.00, real=0.05 secs] 
3786.830: [GC (Allocation Failure) [PSYoungGen: 483168K->108160K(519680K)] 751076K->508709K(1917952K), 0.1371924 secs] [Times: user=0.82 sys=0.01, real=0.14 secs] 
3788.698: [GC (Allocation Failure) [PSYoungGen: 449664K->137536K(519680K)] 850213K->644137K(1917952K), 0.0526956 secs] [Times: user=0.31 sys=0.00, real=0.05 secs] 
3790.678: [GC (Allocation Failure) [PSYoungGen: 481088K->108192K(519680K)] 987689K->743121K(1917952K), 0.0725481 secs] [Times: user=0.43 sys=0.00, real=0.07 secs] 
3791.564: [GC (Allocation Failure) [PSYoungGen: 451744K->139456K(520192K)] 1086673K->880453K(1918464K), 0.0535487 secs] [Times: user=0.31 sys=0.00, real=0.05 secs] 
3792.919: [GC (Allocation Failure) [PSYoungGen: 485568K->110080K(520704K)] 1226565K->981373K(1918976K), 0.0656034 secs] [Times: user=0.39 sys=0.00, real=0.07 secs] 
3794.517: [GC (Allocation Failure) [PSYoungGen: 456192K->138880K(522240K)] 1327485K->1117754K(1920512K), 0.0537069 secs] [Times: user=0.31 sys=0.00, real=0.05 secs] 
3796.066: [GC (Allocation Failure) [PSYoungGen: 488576K->112768K(522752K)] 1467450K->1220990K(1921024K), 0.1073103 secs] [Times: user=0.63 sys=0.00, real=0.11 secs] 
3798.226: [GC (Allocation Failure) [PSYoungGen: 462464K->140320K(522240K)] 1570686K->1358642K(1920512K), 0.0547654 secs] [Times: user=0.32 sys=0.01, real=0.05 secs] 
3799.533: [GC (Allocation Failure) [PSYoungGen: 492064K->114016K(523776K)] 1710386K->1462811K(1922048K), 0.0660253 secs] [Times: user=0.39 sys=0.00, real=0.07 secs] 
3799.599: [Full GC (Ergonomics) [PSYoungGen: 114016K->0K(523776K)] [ParOldGen: 1348794K->29648K(1398272K)] 1462811K->29648K(1922048K), [Metaspace: 60354K->60354K(1105920K)], 0.0546461 secs] [Times: user=0.17 sys=0.01, real=0.06 secs] 
3800.118: [GC (Allocation Failure) [PSYoungGen: 351744K->142368K(523776K)] 381392K->172016K(1922048K), 0.0281588 secs] [Times: user=0.16 sys=0.00, real=0.03 secs] 
3801.896: [GC (Allocation Failure) [PSYoungGen: 496672K->114016K(525824K)] 526320K->276272K(1924096K), 0.1621672 secs] [Times: user=0.96 sys=0.01, real=0.16 secs] 
3803.498: [GC (Allocation Failure) [PSYoungGen: 468320K->153728K(517632K)] 630576K->426663K(1915904K), 0.0544122 secs] [Times: user=0.32 sys=0.00, real=0.05 secs] 
3805.091: [GC (Allocation Failure) [PSYoungGen: 502400K->110624K(523776K)] 775335K->519647K(1922048K), 0.1248050 secs] [Times: user=0.73 sys=0.01, real=0.13 secs] 
3805.794: [GC (Allocation Failure) [PSYoungGen: 459296K->143424K(522240K)] 868319K->660036K(1920512K), 0.0540841 secs] [Times: user=0.31 sys=0.01, real=0.05 secs] 
3807.095: [GC (Allocation Failure) [PSYoungGen: 492096K->110752K(523776K)] 1008708K->761272K(1922048K), 0.0645563 secs] [Times: user=0.38 sys=0.00, real=0.06 secs] 
3807.685: [GC (Allocation Failure) [PSYoungGen: 459424K->146528K(520192K)] 1109944K->903693K(1918464K), 0.0545778 secs] [Times: user=0.32 sys=0.00, real=0.05 secs] 
3809.669: [GC (Allocation Failure) [PSYoungGen: 493152K->105696K(522752K)] 1250317K->1000357K(1921024K), 0.1018636 secs] [Times: user=0.60 sys=0.00, real=0.10 secs] 
3810.458: [GC (Allocation Failure) [PSYoungGen: 452320K->147200K(517632K)] 1346981K->1144074K(1915904K), 0.0530713 secs] [Times: user=0.31 sys=0.01, real=0.05 secs] 
3812.607: [GC (Allocation Failure) [PSYoungGen: 489728K->105184K(520704K)] 1486602K->1240774K(1918976K), 0.0661621 secs] [Times: user=0.39 sys=0.00, real=0.07 secs] 
3813.183: [GC (Allocation Failure) [PSYoungGen: 447712K->146528K(516608K)] 1583302K->1382995K(1914880K), 0.0533174 secs] [Times: user=0.32 sys=0.00, real=0.05 secs] 
3813.236: [Full GC (Ergonomics) [PSYoungGen: 146528K->0K(516608K)] [ParOldGen: 1236467K->185664K(1398272K)] 1382995K->185664K(1914880K), [Metaspace: 60359K->60359K(1105920K)], 0.4490810 secs] [Times: user=2.09 sys=0.00, real=0.45 secs] 
3814.954: [GC (Allocation Failure) [PSYoungGen: 339456K->104704K(519168K)] 525120K->290368K(1917440K), 0.0330232 secs] [Times: user=0.20 sys=0.00, real=0.03 secs] 
3815.468: [GC (Allocation Failure) [PSYoungGen: 444160K->150176K(513024K)] 629824K->434479K(1911296K), 0.0512721 secs] [Times: user=0.30 sys=0.00, real=0.05 secs] 
3817.456: [GC (Allocation Failure) [PSYoungGen: 484512K->103360K(516608K)] 768815K->519791K(1914880K), 0.1323235 secs] [Times: user=0.78 sys=0.01, real=0.13 secs] 
3818.526: [GC (Allocation Failure) [PSYoungGen: 437696K->139136K(514560K)] 854127K->655980K(1912832K), 0.0523072 secs] [Times: user=0.31 sys=0.00, real=0.05 secs] 
3819.957: [GC (GCLocker Initiated GC) [PSYoungGen: 474496K->104448K(516096K)] 991340K->751156K(1914368K), 0.0647939 secs] [Times: user=0.39 sys=0.00, real=0.06 secs] 
3820.577: [GC (Allocation Failure) [PSYoungGen: 439808K->138528K(517120K)] 1086518K->887627K(1915392K), 0.0527191 secs] [Times: user=0.30 sys=0.00, real=0.05 secs] 
3822.691: [GC (Allocation Failure) [PSYoungGen: 477472K->106592K(517632K)] 1226571K->985411K(1915904K), 0.1359966 secs] [Times: user=0.81 sys=0.00, real=0.14 secs] 
3824.525: [GC (Allocation Failure) [PSYoungGen: 445536K->136480K(519168K)] 1324355K->1119576K(1917440K), 0.0523073 secs] [Times: user=0.31 sys=0.00, real=0.05 secs] 
3826.143: [GC (Allocation Failure) [PSYoungGen: 479008K->109536K(518656K)] 1462104K->1219800K(1916928K), 0.1031269 secs] [Times: user=0.61 sys=0.01, real=0.11 secs] 
3828.331: [GC (Allocation Failure) [PSYoungGen: 452064K->134464K(520704K)] 1562328K->1352373K(1918976K), 0.0539137 secs] [Times: user=0.32 sys=0.00, real=0.06 secs] 
3829.686: [GC (GCLocker Initiated GC) [PSYoungGen: 481600K->113504K(519680K)] 1699509K->1456697K(1917952K), 0.0646510 secs] [Times: user=0.38 sys=0.00, real=0.06 secs] 
3829.750: [Full GC (Ergonomics) [PSYoungGen: 113504K->0K(519680K)] [ParOldGen: 1343193K->18640K(1398272K)] 1456697K->18640K(1917952K), [Metaspace: 60368K->60368K(1105920K)], 0.0322393 secs] [Times: user=0.08 sys=0.00, real=0.03 secs] 
3830.517: [GC (Allocation Failure) [PSYoungGen: 347136K->137408K(522240K)] 365779K->156051K(1920512K), 0.0271524 secs] [Times: user=0.16 sys=0.00, real=0.03 secs] 
3831.939: [GC (Allocation Failure) [PSYoungGen: 489664K->113664K(522752K)] 508307K->260379K(1921024K), 0.0674905 secs] [Times: user=0.40 sys=0.00, real=0.07 secs] 
3834.775: [GC (Allocation Failure) [PSYoungGen: 465920K->139168K(525312K)] 612635K->397352K(1923584K), 0.0530830 secs] [Times: user=0.31 sys=0.00, real=0.05 secs] 
3836.175: [GC (GCLocker Initiated GC) [PSYoungGen: 496544K->115200K(526336K)] 754728K->503028K(1924608K), 0.0684590 secs] [Times: user=0.40 sys=0.01, real=0.07 secs] 
3836.873: [GC (Allocation Failure) [PSYoungGen: 472576K->143776K(525312K)] 860475K->644783K(1923584K), 0.0544606 secs] [Times: user=0.32 sys=0.00, real=0.06 secs] 
3838.284: [GC (GCLocker Initiated GC) [PSYoungGen: 502688K->117632K(528384K)] 1003696K->753384K(1926656K), 0.0768050 secs] [Times: user=0.46 sys=0.00, real=0.07 secs] 
3839.491: [GC (Allocation Failure) [PSYoungGen: 476544K->146400K(524800K)] 1112335K->896895K(1923072K), 0.0557186 secs] [Times: user=0.33 sys=0.00, real=0.06 secs] 
3842.109: [GC (Allocation Failure) [PSYoungGen: 504288K->114112K(528384K)] 1254783K->1001231K(1926656K), 0.1547506 secs] [Times: user=0.92 sys=0.00, real=0.16 secs] 
3843.275: [GC (Allocation Failure) [PSYoungGen: 472000K->150016K(521216K)] 1359119K->1146736K(1919488K), 0.0549597 secs] [Times: user=0.32 sys=0.00, real=0.05 secs] 
3844.675: [GC (Allocation Failure) [PSYoungGen: 502784K->110784K(525824K)] 1499504K->1248172K(1924096K), 0.0710821 secs] [Times: user=0.41 sys=0.00, real=0.07 secs] 
3845.277: [GC (Allocation Failure) [PSYoungGen: 463552K->147392K(521216K)] 1600940K->1391129K(1919488K), 0.0534391 secs] [Times: user=0.31 sys=0.00, real=0.05 secs] 
3845.330: [Full GC (Ergonomics) [PSYoungGen: 147392K->0K(521216K)] [ParOldGen: 1243737K->196301K(1398272K)] 1391129K->196301K(1919488K), [Metaspace: 60379K->60379K(1105920K)], 0.4695245 secs] [Times: user=2.18 sys=0.00, real=0.47 secs] 
3848.792: [GC (Allocation Failure) [PSYoungGen: 349696K->104000K(524288K)] 545997K->300301K(1922560K), 0.0870456 secs] [Times: user=0.41 sys=0.01, real=0.09 secs] 
3849.591: [GC (Allocation Failure) [PSYoungGen: 453696K->148768K(517120K)] 649997K->444938K(1915392K), 0.0500655 secs] [Times: user=0.29 sys=0.00, real=0.05 secs] 
3851.034: [GC (Allocation Failure) [PSYoungGen: 491296K->103008K(520704K)] 787466K->539322K(1918976K), 0.1135571 secs] [Times: user=0.65 sys=0.01, real=0.11 secs] 
3851.662: [GC (Allocation Failure) [PSYoungGen: 445536K->146528K(516608K)] 881850K->681447K(1914880K), 0.0504613 secs] [Times: user=0.30 sys=0.00, real=0.05 secs] 
3853.022: [GC (Allocation Failure) [PSYoungGen: 485984K->104032K(519168K)] 1020903K->776687K(1917440K), 0.1048243 secs] [Times: user=0.62 sys=0.00, real=0.11 secs] 
3853.839: [GC (Allocation Failure) [PSYoungGen: 443488K->141856K(518144K)] 1116143K->914224K(1916416K), 0.0505517 secs] [Times: user=0.30 sys=0.00, real=0.05 secs] 
3855.706: [GC (Allocation Failure) [PSYoungGen: 481312K->105312K(444928K)] 1253680K->1010432K(1843200K), 0.1179713 secs] [Times: user=0.70 sys=0.00, real=0.12 secs] 
3856.408: [GC (Allocation Failure) [PSYoungGen: 444768K->143904K(517120K)] 1349888K->1150765K(1915392K), 0.0523819 secs] [Times: user=0.31 sys=0.00, real=0.05 secs] 
3857.773: [GC (GCLocker Initiated GC) [PSYoungGen: 482848K->104032K(518656K)] 1489709K->1245849K(1916928K), 0.0645420 secs] [Times: user=0.38 sys=0.01, real=0.06 secs] 
3858.436: [GC (Allocation Failure) [PSYoungGen: 442976K->144640K(516608K)] 1584796K->1385689K(1914880K), 0.0516767 secs] [Times: user=0.30 sys=0.00, real=0.05 secs] 
3858.487: [Full GC (Ergonomics) [PSYoungGen: 144640K->0K(516608K)] [ParOldGen: 1241049K->184506K(1398272K)] 1385689K->184506K(1914880K), [Metaspace: 60382K->60382K(1105920K)], 0.4356873 secs] [Times: user=2.02 sys=0.00, real=0.44 secs] 
3860.374: [GC (Allocation Failure) [PSYoungGen: 338432K->101952K(518656K)] 522938K->286458K(1916928K), 0.0660523 secs] [Times: user=0.39 sys=0.01, real=0.06 secs] 
3861.409: [GC (Allocation Failure) [PSYoungGen: 440384K->139392K(517632K)] 624890K->423219K(1915904K), 0.0510759 secs] [Times: user=0.30 sys=0.00, real=0.05 secs] 
3863.299: [GC (Allocation Failure) [PSYoungGen: 478848K->104896K(518656K)] 762675K->518551K(1916928K), 0.1579442 secs] [Times: user=0.93 sys=0.01, real=0.16 secs] 
3865.239: [GC (Allocation Failure) [PSYoungGen: 444352K->137216K(519168K)] 858007K->652660K(1917440K), 0.0522578 secs] [Times: user=0.31 sys=0.00, real=0.05 secs] 
3866.573: [GC (Allocation Failure) [PSYoungGen: 479232K->105568K(519168K)] 994676K->749048K(1917440K), 0.0631178 secs] [Times: user=0.37 sys=0.01, real=0.07 secs] 
3867.221: [GC (Allocation Failure) [PSYoungGen: 447584K->140224K(519168K)] 1091064K->887125K(1917440K), 0.0527383 secs] [Times: user=0.31 sys=0.00, real=0.06 secs] 
3868.916: [GC (Allocation Failure) [PSYoungGen: 483776K->109216K(520192K)] 1230677K->986845K(1918464K), 0.1101748 secs] [Times: user=0.65 sys=0.00, real=0.11 secs] 
3871.541: [GC (Allocation Failure) [PSYoungGen: 452768K->138144K(520192K)] 1330397K->1122574K(1918464K), 0.0539246 secs] [Times: user=0.32 sys=0.00, real=0.06 secs] 
3872.855: [GC (GCLocker Initiated GC) [PSYoungGen: 484256K->109152K(520704K)] 1468688K->1222324K(1918976K), 0.0756496 secs] [Times: user=0.45 sys=0.00, real=0.07 secs] 
3873.694: [GC (Allocation Failure) [PSYoungGen: 455264K->148160K(517632K)] 1568507K->1368434K(1915904K), 0.0544511 secs] [Times: user=0.32 sys=0.00, real=0.05 secs] 
3875.352: [GC (Allocation Failure) [PSYoungGen: 493760K->108736K(522240K)] 1714034K->1459394K(1920512K), 0.1046191 secs] [Times: user=0.62 sys=0.00, real=0.11 secs] 
3875.457: [Full GC (Ergonomics) [PSYoungGen: 108736K->0K(522240K)] [ParOldGen: 1350658K->20847K(1398272K)] 1459394K->20847K(1920512K), [Metaspace: 60382K->60382K(1105920K)], 0.0424761 secs] [Times: user=0.11 sys=0.00, real=0.04 secs] 
3877.643: [GC (Allocation Failure) [PSYoungGen: 345600K->136224K(519168K)] 366447K->157071K(1917440K), 0.0270522 secs] [Times: user=0.16 sys=0.00, real=0.02 secs] 
3879.084: [GC (Allocation Failure) [PSYoungGen: 483872K->113504K(521728K)] 504719K->260971K(1920000K), 0.0668459 secs] [Times: user=0.39 sys=0.01, real=0.06 secs] 
3879.897: [GC (Allocation Failure) [PSYoungGen: 461152K->139232K(523264K)] 608619K->398790K(1921536K), 0.0538995 secs] [Times: user=0.32 sys=0.00, real=0.05 secs] 
3881.296: [GC (Allocation Failure) [PSYoungGen: 491488K->112768K(524288K)] 751046K->502454K(1922560K), 0.0684474 secs] [Times: user=0.40 sys=0.00, real=0.07 secs] 
3882.403: [GC (Allocation Failure) [PSYoungGen: 465024K->141280K(523264K)] 854710K->641987K(1921536K), 0.0550834 secs] [Times: user=0.32 sys=0.00, real=0.06 secs] 
3884.128: [GC (Allocation Failure) [PSYoungGen: 495072K->113280K(525312K)] 995779K->745815K(1923584K), 0.0932632 secs] [Times: user=0.55 sys=0.01, real=0.09 secs] 
3885.872: [GC (Allocation Failure) [PSYoungGen: 467072K->144096K(524288K)] 1099607K->887148K(1922560K), 0.0556828 secs] [Times: user=0.33 sys=0.00, real=0.06 secs] 
3887.284: [GC (Allocation Failure) [PSYoungGen: 499424K->115808K(526848K)] 1242476K->993040K(1925120K), 0.0657122 secs] [Times: user=0.39 sys=0.00, real=0.06 secs] 
3887.830: [GC (Allocation Failure) [PSYoungGen: 471136K->145952K(522752K)] 1348368K->1136173K(1921024K), 0.0569484 secs] [Times: user=0.33 sys=0.00, real=0.06 secs] 
3889.403: [GC (Allocation Failure) [PSYoungGen: 499744K->112480K(526336K)] 1489965K->1239085K(1924608K), 0.0675870 secs] [Times: user=0.39 sys=0.00, real=0.07 secs] 
3890.529: [GC (Allocation Failure) [PSYoungGen: 466272K->146144K(522240K)] 1592877K->1381244K(1920512K), 0.0558966 secs] [Times: user=0.33 sys=0.00, real=0.06 secs] 
3890.585: [Full GC (Ergonomics) [PSYoungGen: 146144K->0K(522240K)] [ParOldGen: 1235100K->185007K(1398272K)] 1381244K->185007K(1920512K), [Metaspace: 60382K->60382K(1105920K)], 0.4438133 secs] [Times: user=2.06 sys=0.00, real=0.44 secs] 
3893.346: [GC (Allocation Failure) [PSYoungGen: 351744K->111136K(525312K)] 536751K->296143K(1923584K), 0.0750765 secs] [Times: user=0.43 sys=0.01, real=0.07 secs] 
3894.147: [GC (Allocation Failure) [PSYoungGen: 462880K->146336K(521728K)] 647887K->438443K(1920000K), 0.0536119 secs] [Times: user=0.31 sys=0.00, real=0.05 secs] 
3895.516: [GC (Allocation Failure) [PSYoungGen: 496032K->113056K(524288K)] 788139K->542827K(1922560K), 0.0664507 secs] [Times: user=0.39 sys=0.00, real=0.06 secs] 
3896.179: [GC (Allocation Failure) [PSYoungGen: 462752K->145376K(521216K)] 892523K->683751K(1919488K), 0.0532886 secs] [Times: user=0.31 sys=0.01, real=0.05 secs] 
3898.315: [GC (Allocation Failure) [PSYoungGen: 494048K->107616K(523776K)] 1032423K->782299K(1922048K), 0.1660656 secs] [Times: user=0.99 sys=0.01, real=0.16 secs] 
3898.987: [GC (Allocation Failure) [PSYoungGen: 450722K->144288K(521728K)] 1125405K->922504K(1920000K), 0.0513591 secs] [Times: user=0.31 sys=0.00, real=0.05 secs] 
3901.527: [GC (Allocation Failure) [PSYoungGen: 491936K->105568K(523264K)] 1270152K->1019360K(1921536K), 0.1001820 secs] [Times: user=0.59 sys=0.00, real=0.10 secs] 
3902.060: [GC (Allocation Failure) [PSYoungGen: 453216K->144192K(520704K)] 1367008K->1159561K(1918976K), 0.0515321 secs] [Times: user=0.30 sys=0.00, real=0.05 secs] 
3903.928: [GC (Allocation Failure) [PSYoungGen: 489792K->108384K(522240K)] 1505161K->1259457K(1920512K), 0.0765696 secs] [Times: user=0.45 sys=0.00, real=0.08 secs] 
3904.480: [GC (Allocation Failure) [PSYoungGen: 450516K->144352K(519680K)] 1601589K->1399534K(1917952K), 0.0528684 secs] [Times: user=0.32 sys=0.01, real=0.06 secs] 
3904.533: [Full GC (Ergonomics) [PSYoungGen: 144352K->0K(519680K)] [ParOldGen: 1255182K->197859K(1398272K)] 1399534K->197859K(1917952K), [Metaspace: 60382K->60382K(1105920K)], 0.4714202 secs] [Times: user=2.18 sys=0.00, real=0.47 secs] 
3907.700: [GC (Allocation Failure) [PSYoungGen: 344576K->104352K(521728K)] 542435K->302211K(1920000K), 0.0731170 secs] [Times: user=0.43 sys=0.00, real=0.08 secs] 
3908.383: [GC (Allocation Failure) [PSYoungGen: 448928K->145888K(517632K)] 646787K->443764K(1915904K), 0.0505177 secs] [Times: user=0.30 sys=0.00, real=0.05 secs] 
3909.786: [GC (GCLocker Initiated GC) [PSYoungGen: 487392K->104768K(520192K)] 785268K->539548K(1918464K), 0.0715884 secs] [Times: user=0.41 sys=0.01, real=0.07 secs] 
3910.351: [GC (Allocation Failure) [PSYoungGen: 446272K->143392K(518144K)] 881055K->678896K(1916416K), 0.0505792 secs] [Times: user=0.29 sys=0.01, real=0.05 secs] 
3912.208: [GC (GCLocker Initiated GC) [PSYoungGen: 483872K->103808K(519680K)] 1019379K->773883K(1917952K), 0.1128996 secs] [Times: user=0.67 sys=0.01, real=0.11 secs] 
3913.069: [GC (Allocation Failure) [PSYoungGen: 444288K->152224K(510976K)] 1114366K->921627K(1909248K), 0.0514232 secs] [Times: user=0.30 sys=0.00, real=0.05 secs] 
3915.047: [GC (GCLocker Initiated GC) [PSYoungGen: 485536K->103360K(516096K)] 1254939K->1007987K(1914368K), 0.1701728 secs] [Times: user=1.00 sys=0.01, real=0.17 secs] 
3916.033: [GC (Allocation Failure) [PSYoungGen: 436672K->140704K(514560K)] 1341369K->1144638K(1912832K), 0.0510674 secs] [Times: user=0.30 sys=0.01, real=0.06 secs] 
3917.418: [GC (GCLocker Initiated GC) [PSYoungGen: 475552K->102624K(516096K)] 1479488K->1238096K(1914368K), 0.0896632 secs] [Times: user=0.53 sys=0.00, real=0.09 secs] 
3918.123: [GC (Allocation Failure) [PSYoungGen: 437472K->137696K(516096K)] 1572947K->1372675K(1914368K), 0.0520226 secs] [Times: user=0.30 sys=0.01, real=0.05 secs] 
3918.175: [Full GC (Ergonomics) [PSYoungGen: 137696K->0K(516096K)] [ParOldGen: 1234979K->171625K(1398272K)] 1372675K->171625K(1914368K), [Metaspace: 60382K->60382K(1105920K)], 0.4081155 secs] [Times: user=1.89 sys=0.00, real=0.41 secs] 
3920.008: [GC (Allocation Failure) [PSYoungGen: 337408K->104960K(517120K)] 509033K->276586K(1915392K), 0.0528579 secs] [Times: user=0.31 sys=0.00, real=0.05 secs] 
3921.389: [GC (Allocation Failure) [PSYoungGen: 442368K->138688K(518144K)] 613994K->412966K(1916416K), 0.0531230 secs] [Times: user=0.31 sys=0.00, real=0.05 secs] 
3923.091: [GC (Allocation Failure) [PSYoungGen: 479168K->109248K(518144K)] 753446K->512818K(1916416K), 0.1126787 secs] [Times: user=0.66 sys=0.01, real=0.12 secs] 
3924.050: [GC (Allocation Failure) [PSYoungGen: 449728K->140288K(517632K)] 853298K->650343K(1915904K), 0.0530456 secs] [Times: user=0.31 sys=0.00, real=0.05 secs] 
3925.426: [GC (Allocation Failure) [PSYoungGen: 482816K->108544K(518656K)] 992871K->749323K(1916928K), 0.0652148 secs] [Times: user=0.39 sys=0.00, real=0.06 secs] 
3926.026: [GC (Allocation Failure) [PSYoungGen: 451072K->141664K(520192K)] 1091851K->888812K(1918464K), 0.0540839 secs] [Times: user=0.32 sys=0.00, real=0.05 secs] 
3927.549: [GC (Allocation Failure) [PSYoungGen: 487776K->108832K(521728K)] 1234924K->988236K(1920000K), 0.0821340 secs] [Times: user=0.49 sys=0.00, real=0.08 secs] 
3928.762: [GC (Allocation Failure) [PSYoungGen: 454944K->142976K(520704K)] 1334348K->1129161K(1918976K), 0.0538850 secs] [Times: user=0.31 sys=0.00, real=0.06 secs] 
3930.733: [GC (Allocation Failure) [PSYoungGen: 490112K->110720K(522752K)] 1476297K->1231081K(1921024K), 0.1126818 secs] [Times: user=0.63 sys=0.00, real=0.12 secs] 
3932.298: [GC (Allocation Failure) [PSYoungGen: 457856K->136864K(522752K)] 1578217K->1365422K(1921024K), 0.0545089 secs] [Times: user=0.32 sys=0.00, real=0.05 secs] 
3933.806: [GC (Allocation Failure) [PSYoungGen: 486560K->109344K(522752K)] 1715118K->1465182K(1921024K), 0.0832997 secs] [Times: user=0.50 sys=0.00, real=0.08 secs] 
3933.889: [Full GC (Ergonomics) [PSYoungGen: 109344K->0K(522752K)] [ParOldGen: 1355838K->24764K(1398272K)] 1465182K->24764K(1921024K), [Metaspace: 60385K->60385K(1105920K)], 0.0393930 secs] [Times: user=0.11 sys=0.00, real=0.04 secs] 
3934.668: [GC (Allocation Failure) [PSYoungGen: 349696K->143072K(521216K)] 374460K->167836K(1919488K), 0.0286522 secs] [Times: user=0.17 sys=0.00, real=0.03 secs] 
3936.536: [GC (Allocation Failure) [PSYoungGen: 493280K->109280K(523776K)] 518044K->267693K(1922048K), 0.1674232 secs] [Times: user=1.00 sys=0.00, real=0.17 secs] 
3938.209: [GC (Allocation Failure) [PSYoungGen: 459488K->151776K(516096K)] 617901K->416945K(1914368K), 0.0535298 secs] [Times: user=0.31 sys=0.00, real=0.06 secs] 
3939.599: [GC (Allocation Failure) [PSYoungGen: 496352K->108608K(521728K)] 761521K->507945K(1920000K), 0.0787800 secs] [Times: user=0.46 sys=0.00, real=0.08 secs] 
3940.302: [GC (Allocation Failure) [PSYoungGen: 453184K->140640K(521728K)] 852521K->646705K(1920000K), 0.0528560 secs] [Times: user=0.31 sys=0.00, real=0.06 secs] 
3941.960: [GC (Allocation Failure) [PSYoungGen: 487264K->111072K(457728K)] 993329K->749017K(1856000K), 0.0735187 secs] [Times: user=0.43 sys=0.01, real=0.08 secs] 
3942.969: [GC (Allocation Failure) [PSYoungGen: 457696K->142176K(519680K)] 1095641K->888572K(1917952K), 0.0549918 secs] [Times: user=0.33 sys=0.00, real=0.06 secs] 
3945.026: [GC (Allocation Failure) [PSYoungGen: 488288K->109152K(521216K)] 1234684K->988228K(1919488K), 0.1106331 secs] [Times: user=0.66 sys=0.00, real=0.11 secs] 
3946.640: [GC (Allocation Failure) [PSYoungGen: 455264K->142784K(522240K)] 1334340K->1127689K(1920512K), 0.0546031 secs] [Times: user=0.32 sys=0.00, real=0.06 secs] 
3948.150: [GC (Allocation Failure) [PSYoungGen: 491456K->108160K(523776K)] 1476361K->1226765K(1922048K), 0.0763684 secs] [Times: user=0.45 sys=0.01, real=0.08 secs] 
3948.955: [GC (Allocation Failure) [PSYoungGen: 456832K->145952K(519168K)] 1575437K->1369954K(1917440K), 0.0542606 secs] [Times: user=0.32 sys=0.00, real=0.05 secs] 
3950.976: [GC (Allocation Failure) [PSYoungGen: 491552K->107008K(522240K)] 1715554K->1467882K(1920512K), 0.1297099 secs] [Times: user=0.76 sys=0.01, real=0.13 secs] 
3951.105: [Full GC (Ergonomics) [PSYoungGen: 107008K->0K(522240K)] [ParOldGen: 1360874K->34078K(1398272K)] 1467882K->34078K(1920512K), [Metaspace: 60387K->60387K(1105920K)], 0.0882798 secs] [Times: user=0.32 sys=0.00, real=0.09 secs] 
3953.245: [GC (Allocation Failure) [PSYoungGen: 345600K->139232K(520704K)] 379678K->173310K(1918976K), 0.0282792 secs] [Times: user=0.17 sys=0.00, real=0.03 secs] 
3954.604: [GC (Allocation Failure) [PSYoungGen: 486368K->108544K(522240K)] 520446K->272498K(1920512K), 0.0633123 secs] [Times: user=0.38 sys=0.00, real=0.06 secs] 
3955.247: [GC (Allocation Failure) [PSYoungGen: 455680K->143488K(521216K)] 619634K->413359K(1919488K), 0.0530773 secs] [Times: user=0.32 sys=0.01, real=0.05 secs] 
3956.913: [GC (Allocation Failure) [PSYoungGen: 491136K->107840K(523264K)] 761007K->511895K(1921536K), 0.0742033 secs] [Times: user=0.44 sys=0.00, real=0.07 secs] 
3958.043: [GC (Allocation Failure) [PSYoungGen: 455488K->142848K(521728K)] 859543K->651812K(1920000K), 0.0536590 secs] [Times: user=0.32 sys=0.00, real=0.05 secs] 
3959.832: [GC (Allocation Failure) [PSYoungGen: 490496K->110560K(458240K)] 999460K->752956K(1856512K), 0.0960055 secs] [Times: user=0.57 sys=0.00, real=0.10 secs] 
3960.871: [GC (Allocation Failure) [PSYoungGen: 458208K->141728K(521216K)] 1100604K->892041K(1919488K), 0.0540336 secs] [Times: user=0.32 sys=0.01, real=0.06 secs] 
3962.257: [GC (GCLocker Initiated GC) [PSYoungGen: 489376K->109536K(522752K)] 1239689K->992337K(1921024K), 0.0658861 secs] [Times: user=0.39 sys=0.00, real=0.07 secs] 
3963.174: [GC (Allocation Failure) [PSYoungGen: 457184K->144096K(521216K)] 1339988K->1133601K(1919488K), 0.0551572 secs] [Times: user=0.33 sys=0.00, real=0.05 secs] 
3964.954: [GC (Allocation Failure) [PSYoungGen: 492256K->107168K(523264K)] 1481761K->1231585K(1921536K), 0.0889033 secs] [Times: user=0.53 sys=0.00, real=0.09 secs] 
3966.372: [GC (Allocation Failure) [PSYoungGen: 455328K->143808K(520192K)] 1579745K->1371949K(1918464K), 0.0535534 secs] [Times: user=0.31 sys=0.00, real=0.06 secs] 
3967.814: [GC (Allocation Failure) [PSYoungGen: 490432K->110272K(522752K)] 1718573K->1472465K(1921024K), 0.0657188 secs] [Times: user=0.38 sys=0.00, real=0.06 secs] 
3967.880: [Full GC (Ergonomics) [PSYoungGen: 110272K->0K(522752K)] [ParOldGen: 1362193K->39849K(1398272K)] 1472465K->39849K(1921024K), [Metaspace: 60389K->60389K(1105920K)], 0.0844158 secs] [Times: user=0.31 sys=0.00, real=0.09 secs] 
3968.591: [GC (Allocation Failure) [PSYoungGen: 346624K->143872K(520704K)] 386473K->183721K(1918976K), 0.0285952 secs] [Times: user=0.16 sys=0.00, real=0.03 secs] 
3970.059: [GC (Allocation Failure) [PSYoungGen: 490496K->108064K(522752K)] 530345K->282746K(1921024K), 0.1049465 secs] [Times: user=0.62 sys=0.00, real=0.11 secs] 
3970.755: [GC (Allocation Failure) [PSYoungGen: 454688K->144928K(519680K)] 629370K->424478K(1917952K), 0.0525487 secs] [Times: user=0.31 sys=0.00, real=0.05 secs] 
3972.634: [GC (Allocation Failure) [PSYoungGen: 490528K->107040K(522240K)] 770078K->522082K(1920512K), 0.0747114 secs] [Times: user=0.43 sys=0.00, real=0.07 secs] 
3973.364: [GC (Allocation Failure) [PSYoungGen: 452640K->145952K(517632K)] 867682K->664135K(1915904K), 0.0522332 secs] [Times: user=0.31 sys=0.00, real=0.05 secs] 
3974.989: [GC (Allocation Failure) [PSYoungGen: 488480K->107648K(520704K)] 1006663K->762563K(1918976K), 0.1202027 secs] [Times: user=0.71 sys=0.00, real=0.12 secs] 
3975.665: [GC (Allocation Failure) [PSYoungGen: 450176K->145888K(517632K)] 1105091K->902828K(1915904K), 0.0526468 secs] [Times: user=0.31 sys=0.00, real=0.05 secs] 
3977.050: [GC (GCLocker Initiated GC) [PSYoungGen: 487392K->105184K(520192K)] 1244332K->999340K(1918464K), 0.0654021 secs] [Times: user=0.38 sys=0.00, real=0.07 secs] 
3977.786: [GC (Allocation Failure) [PSYoungGen: 446688K->142048K(519168K)] 1340847K->1137564K(1917440K), 0.0522185 secs] [Times: user=0.30 sys=0.00, real=0.05 secs] 
3979.720: [GC (Allocation Failure) [PSYoungGen: 483552K->105696K(447488K)] 1479068K->1233832K(1845760K), 0.1585057 secs] [Times: user=0.93 sys=0.01, real=0.16 secs] 
3981.269: [GC (Allocation Failure) [PSYoungGen: 447200K->142208K(518656K)] 1575336K->1372605K(1916928K), 0.0526956 secs] [Times: user=0.31 sys=0.00, real=0.05 secs] 
3981.322: [Full GC (Ergonomics) [PSYoungGen: 142208K->0K(518656K)] [ParOldGen: 1230397K->176768K(1398272K)] 1372605K->176768K(1916928K), [Metaspace: 60389K->60389K(1105920K)], 0.4145756 secs] [Times: user=1.92 sys=0.00, real=0.42 secs] 
3983.067: [GC (GCLocker Initiated GC) [PSYoungGen: 341504K->105024K(519680K)] 518273K->281794K(1917952K), 0.0351728 secs] [Times: user=0.20 sys=0.00, real=0.03 secs] 
3983.793: [GC (Allocation Failure) [PSYoungGen: 446528K->149440K(514048K)] 623300K->428417K(1912320K), 0.0531252 secs] [Times: user=0.31 sys=0.00, real=0.05 secs] 
3985.323: [GC (Allocation Failure) [PSYoungGen: 486848K->105248K(518144K)] 765825K->516209K(1916416K), 0.0891018 secs] [Times: user=0.53 sys=0.00, real=0.09 secs] 
3986.916: [GC (Allocation Failure) [PSYoungGen: 442656K->137888K(515584K)] 853617K->651342K(1913856K), 0.0521512 secs] [Times: user=0.31 sys=0.00, real=0.05 secs] 
3988.402: [GC (Allocation Failure) [PSYoungGen: 476832K->108640K(517632K)] 990286K->750390K(1915904K), 0.0839955 secs] [Times: user=0.50 sys=0.00, real=0.09 secs] 
3989.475: [GC (Allocation Failure) [PSYoungGen: 447584K->135616K(518656K)] 1089334K->883843K(1916928K), 0.0535577 secs] [Times: user=0.31 sys=0.00, real=0.05 secs] 
3991.176: [GC (Allocation Failure) [PSYoungGen: 479680K->112000K(519168K)] 1227907K->985727K(1917440K), 0.0641366 secs] [Times: user=0.38 sys=0.00, real=0.06 secs] 
3991.990: [GC (Allocation Failure) [PSYoungGen: 456064K->138976K(521216K)] 1329791K->1122894K(1919488K), 0.0546883 secs] [Times: user=0.32 sys=0.01, real=0.06 secs] 
3993.526: [GC (Allocation Failure) [PSYoungGen: 487648K->111968K(521728K)] 1471566K->1225618K(1920000K), 0.0680782 secs] [Times: user=0.40 sys=0.01, real=0.07 secs] 
3995.236: [GC (Allocation Failure) [PSYoungGen: 460640K->142240K(522240K)] 1574290K->1365591K(1920512K), 0.0548310 secs] [Times: user=0.33 sys=0.00, real=0.05 secs] 
3997.173: [GC (Allocation Failure) [PSYoungGen: 493472K->111584K(524288K)] 1716823K->1467719K(1922560K), 0.0662592 secs] [Times: user=0.40 sys=0.00, real=0.06 secs] 
3997.240: [Full GC (Ergonomics) [PSYoungGen: 111584K->0K(524288K)] [ParOldGen: 1356135K->28884K(1398272K)] 1467719K->28884K(1922560K), [Metaspace: 60389K->60389K(1105920K)], 0.0518129 secs] [Times: user=0.16 sys=0.00, real=0.05 secs] 
3997.900: [GC (Allocation Failure) [PSYoungGen: 351232K->143552K(522752K)] 380116K->172436K(1921024K), 0.0289028 secs] [Times: user=0.17 sys=0.00, real=0.03 secs] 
3999.377: [GC (Allocation Failure) [PSYoungGen: 495808K->111360K(525312K)] 524692K->274956K(1923584K), 0.0792864 secs] [Times: user=0.47 sys=0.00, real=0.08 secs] 
4000.171: [GC (Allocation Failure) [PSYoungGen: 463616K->145152K(521728K)] 627212K->417017K(1920000K), 0.0535158 secs] [Times: user=0.31 sys=0.00, real=0.06 secs] 
4002.526: [GC (Allocation Failure) [PSYoungGen: 495872K->110912K(524800K)] 767737K->517961K(1923072K), 0.1427803 secs] [Times: user=0.75 sys=0.00, real=0.14 secs] 
4004.148: [GC (Allocation Failure) [PSYoungGen: 461632K->153152K(515584K)] 868681K->668196K(1913856K), 0.0551572 secs] [Times: user=0.32 sys=0.00, real=0.05 secs] 
4005.505: [GC (Allocation Failure) [PSYoungGen: 496704K->107136K(521216K)] 1011748K->757692K(1919488K), 0.0675108 secs] [Times: user=0.40 sys=0.00, real=0.06 secs] 
4006.265: [GC (Allocation Failure) [PSYoungGen: 450688K->141088K(520704K)] 1101244K->895857K(1918976K), 0.0539408 secs] [Times: user=0.32 sys=0.01, real=0.05 secs] 
4007.819: [GC (GCLocker Initiated GC) [PSYoungGen: 486176K->108128K(521728K)] 1240946K->994282K(1920000K), 0.1092983 secs] [Times: user=0.65 sys=0.00, real=0.11 secs] 
4008.864: [GC (Allocation Failure) [PSYoungGen: 453216K->142496K(520192K)] 1339441K->1133836K(1918464K), 0.0546251 secs] [Times: user=0.32 sys=0.00, real=0.05 secs] 
4010.922: [GC (GCLocker Initiated GC) [PSYoungGen: 487584K->107712K(521728K)] 1478925K->1232397K(1920000K), 0.1154760 secs] [Times: user=0.69 sys=0.00, real=0.12 secs] 
4012.089: [GC (Allocation Failure) [PSYoungGen: 452800K->149440K(515584K)] 1577555K->1379524K(1913856K), 0.0542930 secs] [Times: user=0.32 sys=0.00, real=0.06 secs] 
4013.579: [GC (Allocation Failure) [PSYoungGen: 489920K->104992K(519680K)] 1720004K->1467868K(1917952K), 0.0673648 secs] [Times: user=0.40 sys=0.01, real=0.07 secs] 
4013.646: [Full GC (Ergonomics) [PSYoungGen: 104992K->0K(519680K)] [ParOldGen: 1362876K->33903K(1398272K)] 1467868K->33903K(1917952K), [Metaspace: 60399K->60399K(1105920K)], 0.0602028 secs] [Times: user=0.21 sys=0.00, real=0.06 secs] 
4014.253: [GC (Allocation Failure) [PSYoungGen: 340480K->141856K(519168K)] 374383K->175759K(1917440K), 0.0284518 secs] [Times: user=0.17 sys=0.00, real=0.02 secs] 
4015.905: [GC (GCLocker Initiated GC) [PSYoungGen: 483360K->105760K(447488K)] 517263K->272043K(1845760K), 0.0904100 secs] [Times: user=0.54 sys=0.00, real=0.09 secs] 
4017.382: [GC (Allocation Failure) [PSYoungGen: 447264K->140352K(519168K)] 613550K->409847K(1917440K), 0.0520108 secs] [Times: user=0.31 sys=0.00, real=0.06 secs] 
4018.871: [GC (GCLocker Initiated GC) [PSYoungGen: 482368K->107136K(519680K)] 751863K->507623K(1917952K), 0.0672591 secs] [Times: user=0.40 sys=0.00, real=0.07 secs] 
4019.563: [GC (Allocation Failure) [PSYoungGen: 449152K->140096K(518656K)] 849642K->645247K(1916928K), 0.0525933 secs] [Times: user=0.31 sys=0.00, real=0.06 secs] 
4020.936: [GC (GCLocker Initiated GC) [PSYoungGen: 483136K->106944K(519680K)] 988287K->742939K(1917952K), 0.0685104 secs] [Times: user=0.39 sys=0.01, real=0.07 secs] 
4021.778: [GC (Allocation Failure) [PSYoungGen: 449984K->147968K(516096K)] 1086018K->889654K(1914368K), 0.0536135 secs] [Times: user=0.31 sys=0.00, real=0.05 secs] 
4023.279: [GC (GCLocker Initiated GC) [PSYoungGen: 489472K->108512K(520192K)] 1231158K->980626K(1918464K), 0.0732321 secs] [Times: user=0.43 sys=0.00, real=0.07 secs] 
4024.839: [GC (Allocation Failure) [PSYoungGen: 450016K->146592K(517120K)] 1322133K->1125209K(1915392K), 0.0538085 secs] [Times: user=0.32 sys=0.00, real=0.05 secs] 
4026.282: [GC (Allocation Failure) [PSYoungGen: 487072K->109088K(519680K)] 1465689K->1216609K(1917952K), 0.0650047 secs] [Times: user=0.38 sys=0.00, real=0.07 secs] 
4027.196: [GC (Allocation Failure) [PSYoungGen: 449568K->135936K(517120K)] 1557089K->1350945K(1915392K), 0.0534124 secs] [Times: user=0.31 sys=0.00, real=0.05 secs] 
4028.616: [GC (Allocation Failure) [PSYoungGen: 478464K->112352K(518656K)] 1693473K->1453938K(1916928K), 0.0651629 secs] [Times: user=0.39 sys=0.00, real=0.06 secs] 
4028.682: [Full GC (Ergonomics) [PSYoungGen: 112352K->0K(518656K)] [ParOldGen: 1341585K->19336K(1398272K)] 1453938K->19336K(1916928K), [Metaspace: 60400K->60400K(1105920K)], 0.0298906 secs] [Times: user=0.07 sys=0.00, real=0.03 secs] 
4030.786: [GC (Allocation Failure) [PSYoungGen: 342528K->132800K(519680K)] 361864K->152136K(1917952K), 0.0263178 secs] [Times: user=0.16 sys=0.00, real=0.02 secs] 
4032.183: [GC (Allocation Failure) [PSYoungGen: 481984K->117056K(520704K)] 501320K->259616K(1918976K), 0.0624749 secs] [Times: user=0.37 sys=0.00, real=0.06 secs] 
4033.314: [GC (Allocation Failure) [PSYoungGen: 466240K->135904K(525824K)] 608800K->394096K(1924096K), 0.0549525 secs] [Times: user=0.31 sys=0.00, real=0.05 secs] 
4034.780: [GC (Allocation Failure) [PSYoungGen: 493280K->114080K(525312K)] 751472K->499041K(1923584K), 0.0667759 secs] [Times: user=0.40 sys=0.01, real=0.07 secs] 
4035.666: [GC (GCLocker Initiated GC) [PSYoungGen: 471456K->141120K(526336K)] 856417K->638494K(1924608K), 0.0547193 secs] [Times: user=0.32 sys=0.00, real=0.05 secs] 
4037.572: [GC (Allocation Failure) [PSYoungGen: 501568K->116064K(528384K)] 998944K->744844K(1926656K), 0.1697832 secs] [Times: user=1.00 sys=0.01, real=0.17 secs] 
4039.658: [GC (Allocation Failure) [PSYoungGen: 476512K->146240K(525312K)] 1105292K->888513K(1923584K), 0.0554036 secs] [Times: user=0.33 sys=0.00, real=0.06 secs] 
4041.145: [GC (GCLocker Initiated GC) [PSYoungGen: 506176K->114016K(529408K)] 1248449K->993133K(1927680K), 0.0875487 secs] [Times: user=0.51 sys=0.01, real=0.08 secs] 
4042.090: [GC (Allocation Failure) [PSYoungGen: 473952K->147776K(523264K)] 1353072K->1137565K(1921536K), 0.0553981 secs] [Times: user=0.32 sys=0.00, real=0.06 secs] 
4044.416: [GC (GCLocker Initiated GC) [PSYoungGen: 503616K->110592K(527360K)] 1493405K->1238753K(1925632K), 0.1189537 secs] [Times: user=0.70 sys=0.00, real=0.12 secs] 
4045.227: [GC (Allocation Failure) [PSYoungGen: 466432K->151968K(518656K)] 1594596K->1387209K(1916928K), 0.0542623 secs] [Times: user=0.32 sys=0.00, real=0.05 secs] 
4045.281: [Full GC (Ergonomics) [PSYoungGen: 151968K->0K(518656K)] [ParOldGen: 1235241K->190505K(1398272K)] 1387209K->190505K(1916928K), [Metaspace: 60400K->60400K(1105920K)], 0.4510141 secs] [Times: user=2.09 sys=0.00, real=0.45 secs] 
4047.505: [GC (Allocation Failure) [PSYoungGen: 348672K->109248K(523776K)] 539177K->299753K(1922048K), 0.0496870 secs] [Times: user=0.29 sys=0.00, real=0.05 secs] 
4048.257: [GC (Allocation Failure) [PSYoungGen: 457920K->144896K(521728K)] 648425K->440590K(1920000K), 0.0522978 secs] [Times: user=0.31 sys=0.01, real=0.05 secs] 
4049.820: [GC (Allocation Failure) [PSYoungGen: 492544K->107808K(523264K)] 788238K->539830K(1921536K), 0.0920841 secs] [Times: user=0.54 sys=0.00, real=0.09 secs] 
4050.458: [GC (Allocation Failure) [PSYoungGen: 455456K->147456K(518144K)] 887478K->682887K(1916416K), 0.0517070 secs] [Times: user=0.31 sys=0.00, real=0.05 secs] 
4052.472: [GC (GCLocker Initiated GC) [PSYoungGen: 491008K->103584K(521216K)] 1026439K->777623K(1919488K), 0.0745859 secs] [Times: user=0.44 sys=0.00, real=0.08 secs] 
4053.540: [GC (Allocation Failure) [PSYoungGen: 447136K->145440K(517632K)] 1121178K->918711K(1915904K), 0.0505493 secs] [Times: user=0.29 sys=0.00, real=0.05 secs] 
4054.977: [GC (Allocation Failure) [PSYoungGen: 485920K->106400K(519680K)] 1259191K->1016067K(1917952K), 0.0656262 secs] [Times: user=0.39 sys=0.01, real=0.07 secs] 
4055.540: [GC (Allocation Failure) [PSYoungGen: 446880K->143392K(518144K)] 1356547K->1155184K(1916416K), 0.0514358 secs] [Times: user=0.30 sys=0.00, real=0.05 secs] 
4057.048: [GC (Allocation Failure) [PSYoungGen: 483872K->104800K(519680K)] 1495664K->1251272K(1917952K), 0.0640521 secs] [Times: user=0.37 sys=0.00, real=0.06 secs] 
4057.991: [GC (Allocation Failure) [PSYoungGen: 445280K->142048K(518656K)] 1591752K->1389229K(1916928K), 0.0520465 secs] [Times: user=0.31 sys=0.01, real=0.05 secs] 
4058.043: [Full GC (Ergonomics) [PSYoungGen: 142048K->0K(518656K)] [ParOldGen: 1247181K->187028K(1398272K)] 1389229K->187028K(1916928K), [Metaspace: 60400K->60400K(1105920K)], 0.4480080 secs] [Times: user=2.07 sys=0.00, real=0.45 secs] 
4060.762: [GC (Allocation Failure) [PSYoungGen: 340992K->104576K(519680K)] 528020K->291604K(1917952K), 0.0634682 secs] [Times: user=0.38 sys=0.01, real=0.07 secs] 
4062.054: [GC (Allocation Failure) [PSYoungGen: 445568K->141024K(519680K)] 632596K->428796K(1917952K), 0.0514915 secs] [Times: user=0.29 sys=0.01, real=0.05 secs] 
4063.386: [GC (Allocation Failure) [PSYoungGen: 481760K->106080K(448512K)] 769533K->526236K(1846784K), 0.0640882 secs] [Times: user=0.38 sys=0.00, real=0.06 secs] 
4064.092: [GC (Allocation Failure) [PSYoungGen: 448096K->141536K(518656K)] 868252K->664449K(1916928K), 0.0517810 secs] [Times: user=0.30 sys=0.00, real=0.06 secs] 
4065.590: [GC (Allocation Failure) [PSYoungGen: 483348K->108480K(519680K)] 1006261K->763937K(1917952K), 0.0640300 secs] [Times: user=0.37 sys=0.00, real=0.07 secs] 
4066.749: [GC (Allocation Failure) [PSYoungGen: 450496K->139488K(519680K)] 1105953K->900886K(1917952K), 0.0534208 secs] [Times: user=0.32 sys=0.00, real=0.05 secs] 
4068.837: [GC (Allocation Failure) [PSYoungGen: 483552K->109440K(520192K)] 1244950K->1000494K(1918464K), 0.1017413 secs] [Times: user=0.60 sys=0.01, real=0.10 secs] 
4070.018: [GC (Allocation Failure) [PSYoungGen: 453504K->139872K(520704K)] 1344558K->1137227K(1918976K), 0.0539371 secs] [Times: user=0.32 sys=0.00, real=0.05 secs] 
4071.546: [GC (Allocation Failure) [PSYoungGen: 486496K->111040K(521216K)] 1483851K->1239019K(1919488K), 0.1001615 secs] [Times: user=0.59 sys=0.01, real=0.10 secs] 
4072.419: [GC (Allocation Failure) [PSYoungGen: 457664K->144384K(520192K)] 1585643K->1379744K(1918464K), 0.0538395 secs] [Times: user=0.31 sys=0.00, real=0.06 secs] 
4074.629: [GC (Allocation Failure) [PSYoungGen: 492032K->107488K(522752K)] 1727392K->1478032K(1921024K), 0.1566778 secs] [Times: user=0.93 sys=0.00, real=0.16 secs] 
4074.786: [Full GC (Ergonomics) [PSYoungGen: 107488K->0K(522752K)] [ParOldGen: 1370544K->38814K(1398272K)] 1478032K->38814K(1921024K), [Metaspace: 60400K->60400K(1105920K)], 0.1167752 secs] [Times: user=0.45 sys=0.01, real=0.11 secs] 
4076.408: [GC (Allocation Failure) [PSYoungGen: 347648K->143936K(521216K)] 386462K->182750K(1919488K), 0.0287465 secs] [Times: user=0.17 sys=0.01, real=0.03 secs] 
4077.807: [GC (GCLocker Initiated GC) [PSYoungGen: 491584K->107936K(523264K)] 530398K->281710K(1921536K), 0.0637532 secs] [Times: user=0.37 sys=0.00, real=0.06 secs] 
4078.681: [GC (Allocation Failure) [PSYoungGen: 455584K->144352K(520704K)] 629429K->422286K(1918976K), 0.0524874 secs] [Times: user=0.31 sys=0.00, real=0.06 secs] 
4080.135: [GC (Allocation Failure) [PSYoungGen: 490976K->108928K(522752K)] 768910K->522378K(1921024K), 0.0658129 secs] [Times: user=0.38 sys=0.00, real=0.06 secs] 
4081.317: [GC (Allocation Failure) [PSYoungGen: 455552K->143776K(520192K)] 869002K->662066K(1918464K), 0.0529057 secs] [Times: user=0.31 sys=0.00, real=0.05 secs] 
4083.758: [GC (GCLocker Initiated GC) [PSYoungGen: 489376K->108896K(522240K)] 1007666K->761291K(1920512K), 0.0973360 secs] [Times: user=0.58 sys=0.00, real=0.10 secs] 
4084.882: [GC (Allocation Failure) [PSYoungGen: 454496K->151200K(515072K)] 1106929K->908206K(1913344K), 0.0533923 secs] [Times: user=0.32 sys=0.00, real=0.06 secs] 
4086.270: [GC (Allocation Failure) [PSYoungGen: 489686K->107168K(519680K)] 1246692K->997854K(1917952K), 0.0644853 secs] [Times: user=0.39 sys=0.00, real=0.07 secs] 
4087.106: [GC (Allocation Failure) [PSYoungGen: 447648K->139360K(518144K)] 1338334K->1134091K(1916416K), 0.0525118 secs] [Times: user=0.31 sys=0.00, real=0.05 secs] 
4089.203: [GC (Allocation Failure) [PSYoungGen: 481376K->107328K(519680K)] 1476107K->1232155K(1917952K), 0.1504372 secs] [Times: user=0.89 sys=0.01, real=0.15 secs] 
4090.946: [GC (Allocation Failure) [PSYoungGen: 449344K->140992K(519680K)] 1574171K->1369848K(1917952K), 0.0534838 secs] [Times: user=0.31 sys=0.00, real=0.05 secs] 
4092.435: [GC (Allocation Failure) [PSYoungGen: 485056K->106880K(520704K)] 1713912K->1466976K(1918976K), 0.0672604 secs] [Times: user=0.39 sys=0.00, real=0.06 secs] 
4092.503: [Full GC (Ergonomics) [PSYoungGen: 106880K->0K(520704K)] [ParOldGen: 1360096K->32847K(1398272K)] 1466976K->32847K(1918976K), [Metaspace: 60402K->60402K(1105920K)], 0.0596851 secs] [Times: user=0.21 sys=0.00, real=0.06 secs] 
4093.519: [GC (Allocation Failure) [PSYoungGen: 344064K->138784K(521728K)] 376911K->171631K(1920000K), 0.0281129 secs] [Times: user=0.17 sys=0.00, real=0.03 secs] 
4094.882: [GC (Allocation Failure) [PSYoungGen: 485408K->110688K(521728K)] 518255K->272971K(1920000K), 0.0689685 secs] [Times: user=0.41 sys=0.00, real=0.07 secs] 
4096.162: [GC (GCLocker Initiated GC) [PSYoungGen: 457312K->142272K(520192K)] 619596K->412049K(1918464K), 0.0532448 secs] [Times: user=0.31 sys=0.01, real=0.06 secs] 
4097.939: [GC (Allocation Failure) [PSYoungGen: 489408K->112384K(521728K)] 759255K->514543K(1920000K), 0.1298903 secs] [Times: user=0.77 sys=0.00, real=0.13 secs] 
4099.112: [GC (Allocation Failure) [PSYoungGen: 459520K->144576K(521216K)] 861679K->656300K(1919488K), 0.0549558 secs] [Times: user=0.33 sys=0.00, real=0.06 secs] 
4100.504: [GC (Allocation Failure) [PSYoungGen: 493248K->107936K(523776K)] 1004972K->754748K(1922048K), 0.0914784 secs] [Times: user=0.54 sys=0.00, real=0.09 secs] 
4101.336: [GC (Allocation Failure) [PSYoungGen: 456608K->144672K(520704K)] 1103420K->896361K(1918976K), 0.0538171 secs] [Times: user=0.31 sys=0.00, real=0.05 secs] 
4102.933: [GC (GCLocker Initiated GC) [PSYoungGen: 492320K->105184K(523264K)] 1244009K->992301K(1921536K), 0.0958521 secs] [Times: user=0.57 sys=0.00, real=0.10 secs] 
4104.360: [GC (Allocation Failure) [PSYoungGen: 452832K->144224K(520192K)] 1339952K->1133397K(1918464K), 0.0531628 secs] [Times: user=0.32 sys=0.00, real=0.05 secs] 
4106.255: [GC (Allocation Failure) [PSYoungGen: 489824K->106432K(522240K)] 1478997K->1230429K(1920512K), 0.1464963 secs] [Times: user=0.87 sys=0.01, real=0.14 secs] 
4107.261: [GC (Allocation Failure) [PSYoungGen: 452032K->142752K(519680K)] 1576029K->1370026K(1917952K), 0.0533698 secs] [Times: user=0.32 sys=0.00, real=0.06 secs] 
4108.731: [GC (Allocation Failure) [PSYoungGen: 487328K->105792K(521728K)] 1714602K->1466826K(1920000K), 0.1119122 secs] [Times: user=0.67 sys=0.00, real=0.12 secs] 
4108.843: [Full GC (Ergonomics) [PSYoungGen: 105792K->0K(521728K)] [ParOldGen: 1361034K->33652K(1398272K)] 1466826K->33652K(1920000K), [Metaspace: 60402K->60402K(1105920K)], 0.0877845 secs] [Times: user=0.33 sys=0.00, real=0.08 secs] 
4109.574: [GC (Allocation Failure) [PSYoungGen: 344576K->143520K(519168K)] 378228K->177172K(1917440K), 0.0288621 secs] [Times: user=0.17 sys=0.00, real=0.03 secs] 
4111.213: [GC (Allocation Failure) [PSYoungGen: 487072K->106336K(521216K)] 520724K->273996K(1919488K), 0.1249426 secs] [Times: user=0.73 sys=0.00, real=0.12 secs] 
4113.229: [GC (Allocation Failure) [PSYoungGen: 449888K->140832K(520192K)] 617548K->412009K(1918464K), 0.0521088 secs] [Times: user=0.31 sys=0.01, real=0.05 secs] 
4114.594: [GC (Allocation Failure) [PSYoungGen: 485408K->107680K(521216K)] 756585K->510293K(1919488K), 0.0642727 secs] [Times: user=0.38 sys=0.01, real=0.06 secs] 
4115.290: [GC (Allocation Failure) [PSYoungGen: 452256K->142880K(519168K)] 854869K->650426K(1917440K), 0.0546674 secs] [Times: user=0.29 sys=0.00, real=0.06 secs] 
4116.780: [GC (Allocation Failure) [PSYoungGen: 487456K->109728K(521216K)] 995002K->750906K(1919488K), 0.0785821 secs] [Times: user=0.47 sys=0.01, real=0.08 secs] 
4117.759: [GC (Allocation Failure) [PSYoungGen: 454304K->141504K(521216K)] 1095482K->889527K(1919488K), 0.0538885 secs] [Times: user=0.32 sys=0.00, real=0.05 secs] 
4119.778: [GC (Allocation Failure) [PSYoungGen: 488128K->110400K(522240K)] 1236151K->990439K(1920512K), 0.0967912 secs] [Times: user=0.57 sys=0.01, real=0.10 secs] 
4121.050: [GC (Allocation Failure) [PSYoungGen: 457024K->141920K(520704K)] 1337063K->1129420K(1918976K), 0.0544787 secs] [Times: user=0.32 sys=0.00, real=0.06 secs] 
4122.547: [GC (Allocation Failure) [PSYoungGen: 489056K->108768K(522240K)] 1476556K->1228876K(1920512K), 0.0945828 secs] [Times: user=0.56 sys=0.01, real=0.09 secs] 
4123.284: [GC (Allocation Failure) [PSYoungGen: 455904K->145664K(519680K)] 1576012K->1371688K(1917952K), 0.0542544 secs] [Times: user=0.32 sys=0.00, real=0.05 secs] 
4125.080: [GC (Allocation Failure) [PSYoungGen: 492288K->107200K(522752K)] 1718312K->1469756K(1921024K), 0.1452465 secs] [Times: user=0.86 sys=0.00, real=0.15 secs] 
4125.225: [Full GC (Ergonomics) [PSYoungGen: 107200K->0K(522752K)] [ParOldGen: 1362556K->36591K(1398272K)] 1469756K->36591K(1921024K), [Metaspace: 60404K->60404K(1105920K)], 0.1022908 secs] [Times: user=0.38 sys=0.00, real=0.10 secs] 
4126.196: [GC (Allocation Failure) [PSYoungGen: 346624K->143808K(520192K)] 383215K->180399K(1918464K), 0.0288201 secs] [Times: user=0.17 sys=0.00, real=0.03 secs] 
4128.049: [GC (Allocation Failure) [PSYoungGen: 489408K->108416K(522240K)] 525999K->279495K(1920512K), 0.1169594 secs] [Times: user=0.69 sys=0.01, real=0.12 secs] 
4129.175: [GC (Allocation Failure) [PSYoungGen: 454016K->144896K(519168K)] 625095K->421268K(1917440K), 0.0530666 secs] [Times: user=0.31 sys=0.00, real=0.05 secs] 
4130.661: [GC (Allocation Failure) [PSYoungGen: 489472K->104736K(521728K)] 765844K->517092K(1920000K), 0.0676460 secs] [Times: user=0.40 sys=0.00, real=0.07 secs] 
4131.302: [GC (Allocation Failure) [PSYoungGen: 449312K->144672K(518656K)] 861668K->659057K(1916928K), 0.0517559 secs] [Times: user=0.31 sys=0.00, real=0.06 secs] 
4133.326: [GC (Allocation Failure) [PSYoungGen: 487200K->104288K(520704K)] 1001585K->754545K(1918976K), 0.1284283 secs] [Times: user=0.77 sys=0.00, real=0.13 secs] 
4134.532: [GC (Allocation Failure) [PSYoungGen: 446816K->144096K(517632K)] 1097073K->895573K(1915904K), 0.0527977 secs] [Times: user=0.31 sys=0.00, real=0.06 secs] 
4136.238: [GC (Allocation Failure) [PSYoungGen: 484576K->106240K(519680K)] 1236053K->992845K(1917952K), 0.1097395 secs] [Times: user=0.64 sys=0.01, real=0.11 secs] 
4137.304: [GC (Allocation Failure) [PSYoungGen: 446720K->141248K(518656K)] 1333325K->1130550K(1916928K), 0.0528957 secs] [Times: user=0.31 sys=0.00, real=0.05 secs] 
4138.730: [GC (GCLocker Initiated GC) [PSYoungGen: 482752K->105728K(519680K)] 1472055K->1227195K(1917952K), 0.0707853 secs] [Times: user=0.42 sys=0.00, real=0.07 secs] 
4139.394: [GC (Allocation Failure) [PSYoungGen: 447232K->142176K(518656K)] 1568702K->1366370K(1916928K), 0.0531300 secs] [Times: user=0.31 sys=0.00, real=0.05 secs] 
4140.892: [GC (Allocation Failure) [PSYoungGen: 484192K->105984K(520192K)] 1708386K->1462739K(1918464K), 0.0823984 secs] [Times: user=0.48 sys=0.00, real=0.09 secs] 
4140.975: [Full GC (Ergonomics) [PSYoungGen: 105984K->0K(520192K)] [ParOldGen: 1356754K->28912K(1398272K)] 1462739K->28912K(1918464K), [Metaspace: 60405K->60405K(1105920K)], 0.0567217 secs] [Times: user=0.19 sys=0.00, real=0.05 secs] 
4142.882: [GC (Allocation Failure) [PSYoungGen: 342016K->138624K(519680K)] 370928K->167536K(1917952K), 0.0276653 secs] [Times: user=0.16 sys=0.00, real=0.03 secs] 
4144.328: [GC (GCLocker Initiated GC) [PSYoungGen: 482176K->108768K(520192K)] 511088K->266888K(1918464K), 0.0740265 secs] [Times: user=0.44 sys=0.00, real=0.07 secs] 
4145.315: [GC (Allocation Failure) [PSYoungGen: 452320K->146496K(516608K)] 610479K->410742K(1914880K), 0.0530217 secs] [Times: user=0.30 sys=0.00, real=0.05 secs] 
4146.706: [GC (Allocation Failure) [PSYoungGen: 489024K->111648K(520192K)] 753270K->504802K(1918464K), 0.0654025 secs] [Times: user=0.39 sys=0.00, real=0.06 secs] 
4147.972: [GC (Allocation Failure) [PSYoungGen: 454176K->137376K(519168K)] 847330K->640023K(1917440K), 0.0539869 secs] [Times: user=0.32 sys=0.00, real=0.06 secs] 
4149.584: [GC (Allocation Failure) [PSYoungGen: 483488K->112160K(520704K)] 986135K->742335K(1918976K), 0.0826602 secs] [Times: user=0.49 sys=0.00, real=0.08 secs] 
4150.802: [GC (Allocation Failure) [PSYoungGen: 458272K->150464K(516608K)] 1088447K->890662K(1914880K), 0.0559937 secs] [Times: user=0.33 sys=0.00, real=0.06 secs] 
4152.195: [GC (Allocation Failure) [PSYoungGen: 495040K->107552K(521728K)] 1235238K->980570K(1920000K), 0.0658103 secs] [Times: user=0.39 sys=0.01, real=0.06 secs] 
4152.888: [GC (Allocation Failure) [PSYoungGen: 452128K->150496K(514560K)] 1325146K->1129359K(1912832K), 0.0544217 secs] [Times: user=0.32 sys=0.00, real=0.05 secs] 
4154.291: [GC (Allocation Failure) [PSYoungGen: 489952K->106976K(519168K)] 1468815K->1219419K(1917440K), 0.0720694 secs] [Times: user=0.43 sys=0.00, real=0.08 secs] 
4155.624: [GC (Allocation Failure) [PSYoungGen: 446432K->137248K(515584K)] 1558875K->1354610K(1913856K), 0.0541692 secs] [Times: user=0.32 sys=0.00, real=0.05 secs] 
4157.305: [GC (Allocation Failure) [PSYoungGen: 478240K->110144K(518144K)] 1695602K->1455471K(1916416K), 0.0700862 secs] [Times: user=0.41 sys=0.00, real=0.07 secs] 
4157.375: [Full GC (Ergonomics) [PSYoungGen: 110144K->0K(518144K)] [ParOldGen: 1345326K->21481K(1398272K)] 1455471K->21481K(1916416K), [Metaspace: 60406K->60406K(1105920K)], 0.0322521 secs] [Times: user=0.08 sys=0.00, real=0.03 secs] 
4159.896: [GC (Allocation Failure) [PSYoungGen: 340992K->135520K(519168K)] 362473K->157001K(1917440K), 0.0274404 secs] [Times: user=0.16 sys=0.00, real=0.03 secs] 
4161.282: [GC (Allocation Failure) [PSYoungGen: 482144K->111776K(520704K)] 503625K->259337K(1918976K), 0.0699425 secs] [Times: user=0.42 sys=0.00, real=0.07 secs] 
4162.408: [GC (GCLocker Initiated GC) [PSYoungGen: 458400K->134368K(523776K)] 605962K->392221K(1922048K), 0.0534177 secs] [Times: user=0.31 sys=0.00, real=0.05 secs] 
4163.859: [GC (Allocation Failure) [PSYoungGen: 487648K->117600K(523776K)] 745761K->500406K(1922048K), 0.0778145 secs] [Times: user=0.46 sys=0.00, real=0.08 secs] 
4166.518: [GC (Allocation Failure) [PSYoungGen: 470880K->138432K(524800K)] 853686K->637046K(1923072K), 0.0566949 secs] [Times: user=0.30 sys=0.00, real=0.06 secs] 
4168.034: [GC (Allocation Failure) [PSYoungGen: 495808K->114848K(525312K)] 994422K->742422K(1923584K), 0.0736160 secs] [Times: user=0.44 sys=0.00, real=0.07 secs] 
4168.911: [GC (Allocation Failure) [PSYoungGen: 472224K->147584K(524800K)] 1099798K->888099K(1923072K), 0.0556961 secs] [Times: user=0.33 sys=0.00, real=0.06 secs] 
4170.776: [GC (GCLocker Initiated GC) [PSYoungGen: 506496K->113184K(528896K)] 1247013K->992589K(1927168K), 0.1006328 secs] [Times: user=0.59 sys=0.00, real=0.10 secs] 
4171.780: [GC (Allocation Failure) [PSYoungGen: 472096K->149376K(521216K)] 1351503K->1139100K(1919488K), 0.0554259 secs] [Times: user=0.33 sys=0.00, real=0.06 secs] 
4174.186: [GC (GCLocker Initiated GC) [PSYoungGen: 502144K->107744K(525824K)] 1491868K->1237452K(1924096K), 0.1634965 secs] [Times: user=0.97 sys=0.00, real=0.16 secs] 
4176.012: [GC (Allocation Failure) [PSYoungGen: 460512K->146752K(520704K)] 1590223K->1380272K(1918976K), 0.0528890 secs] [Times: user=0.31 sys=0.00, real=0.06 secs] 
4176.065: [Full GC (Ergonomics) [PSYoungGen: 146752K->0K(520704K)] [ParOldGen: 1233520K->183975K(1398272K)] 1380272K->183975K(1918976K), [Metaspace: 60413K->60413K(1105920K)], 0.4354081 secs] [Times: user=2.01 sys=0.00, real=0.43 secs] 
4177.823: [GC (GCLocker Initiated GC) [PSYoungGen: 348672K->107200K(523776K)] 532647K->291175K(1922048K), 0.0577377 secs] [Times: user=0.33 sys=0.00, real=0.05 secs] 
4178.615: [GC (Allocation Failure) [PSYoungGen: 455872K->154848K(513536K)] 639918K->442163K(1911808K), 0.0532904 secs] [Times: user=0.32 sys=0.00, real=0.05 secs] 
4180.806: [GC (GCLocker Initiated GC) [PSYoungGen: 494304K->104800K(519168K)] 781619K->529779K(1917440K), 0.1314779 secs] [Times: user=0.78 sys=0.01, real=0.13 secs] 
4182.822: [GC (Allocation Failure) [PSYoungGen: 444256K->141376K(519168K)] 869306K->666790K(1917440K), 0.0512916 secs] [Times: user=0.31 sys=0.00, real=0.06 secs] 
4184.541: [GC (Allocation Failure) [PSYoungGen: 481856K->104800K(445440K)] 1007270K->762246K(1843712K), 0.1295258 secs] [Times: user=0.77 sys=0.00, real=0.13 secs] 
4185.603: [GC (Allocation Failure) [PSYoungGen: 445280K->142496K(518144K)] 1102726K->901227K(1916416K), 0.0522434 secs] [Times: user=0.30 sys=0.00, real=0.05 secs] 
4187.271: [GC (Allocation Failure) [PSYoungGen: 482464K->106432K(446464K)] 1241195K->998643K(1844736K), 0.1186038 secs] [Times: user=0.71 sys=0.00, real=0.12 secs] 
4188.402: [GC (Allocation Failure) [PSYoungGen: 446400K->141024K(517632K)] 1338611K->1136944K(1915904K), 0.0531171 secs] [Times: user=0.31 sys=0.00, real=0.06 secs] 
4190.346: [GC (Allocation Failure) [PSYoungGen: 481504K->106464K(518656K)] 1477424K->1234248K(1916928K), 0.0883125 secs] [Times: user=0.52 sys=0.00, real=0.09 secs] 
4192.244: [GC (Allocation Failure) [PSYoungGen: 446944K->138496K(520192K)] 1574728K->1369565K(1918464K), 0.0535046 secs] [Times: user=0.32 sys=0.00, real=0.05 secs] 
4193.617: [GC (GCLocker Initiated GC) [PSYoungGen: 482560K->109696K(520192K)] 1713629K->1470157K(1918464K), 0.0667716 secs] [Times: user=0.39 sys=0.00, real=0.07 secs] 
4193.684: [Full GC (Ergonomics) [PSYoungGen: 109696K->0K(520192K)] [ParOldGen: 1360461K->30742K(1398272K)] 1470157K->30742K(1918464K), [Metaspace: 60430K->60430K(1105920K)], 0.0541496 secs] [Times: user=0.18 sys=0.00, real=0.05 secs] 
4194.397: [GC (Allocation Failure) [PSYoungGen: 344064K->148832K(516608K)] 374845K->179613K(1914880K), 0.0286347 secs] [Times: user=0.17 sys=0.00, real=0.03 secs] 
4195.918: [GC (Allocation Failure) [PSYoungGen: 491360K->109280K(520704K)] 522141K->271433K(1918976K), 0.0962171 secs] [Times: user=0.57 sys=0.00, real=0.10 secs] 
4198.106: [GC (Allocation Failure) [PSYoungGen: 451808K->138848K(518656K)] 613961K->407549K(1916928K), 0.0530613 secs] [Times: user=0.31 sys=0.00, real=0.05 secs] 
4199.635: [GC (Allocation Failure) [PSYoungGen: 483424K->111296K(520704K)] 752125K->508786K(1918976K), 0.0864548 secs] [Times: user=0.51 sys=0.00, real=0.08 secs] 
4200.625: [GC (Allocation Failure) [PSYoungGen: 455872K->139104K(521728K)] 853362K->645766K(1920000K), 0.0543340 secs] [Times: user=0.32 sys=0.00, real=0.05 secs] 
4202.141: [GC (Allocation Failure) [PSYoungGen: 487264K->112128K(522240K)] 993926K->748526K(1920512K), 0.0908157 secs] [Times: user=0.54 sys=0.00, real=0.09 secs] 
4203.606: [GC (Allocation Failure) [PSYoungGen: 460288K->140832K(522240K)] 1096686K->887203K(1920512K), 0.0548669 secs] [Times: user=0.33 sys=0.00, real=0.05 secs] 
4205.337: [GC (Allocation Failure) [PSYoungGen: 491040K->110976K(523264K)] 1237411K->988723K(1921536K), 0.1009036 secs] [Times: user=0.60 sys=0.01, real=0.10 secs] 
4206.985: [GC (Allocation Failure) [PSYoungGen: 461184K->143392K(522752K)] 1338931K->1128928K(1921024K), 0.0561347 secs] [Times: user=0.33 sys=0.01, real=0.05 secs] 
4208.398: [GC (GCLocker Initiated GC) [PSYoungGen: 495136K->113568K(524800K)] 1480672K->1233096K(1923072K), 0.0872648 secs] [Times: user=0.52 sys=0.00, real=0.09 secs] 
4209.322: [GC (Allocation Failure) [PSYoungGen: 465312K->151168K(517632K)] 1584911K->1381284K(1915904K), 0.0572095 secs] [Times: user=0.34 sys=0.00, real=0.06 secs] 
4211.351: [GC (Allocation Failure) [PSYoungGen: 497792K->110720K(522752K)] 1727908K->1473936K(1921024K), 0.1465376 secs] [Times: user=0.87 sys=0.01, real=0.15 secs] 
4211.497: [Full GC (Ergonomics) [PSYoungGen: 110720K->0K(522752K)] [ParOldGen: 1363216K->39127K(1398272K)] 1473936K->39127K(1921024K), [Metaspace: 60430K->60430K(1105920K)], 0.1124653 secs] [Times: user=0.46 sys=0.00, real=0.11 secs] 
4212.867: [GC (Allocation Failure) [PSYoungGen: 346624K->143200K(521728K)] 385751K->182327K(1920000K), 0.0285450 secs] [Times: user=0.16 sys=0.00, real=0.03 secs] 
4214.597: [GC (Allocation Failure) [PSYoungGen: 490848K->109984K(523264K)] 529975K->282643K(1921536K), 0.0869870 secs] [Times: user=0.51 sys=0.00, real=0.09 secs] 
4215.575: [GC (Allocation Failure) [PSYoungGen: 457632K->142688K(522240K)] 630291K->422116K(1920512K), 0.0529892 secs] [Times: user=0.31 sys=0.01, real=0.05 secs] 
4216.979: [GC (Allocation Failure) [PSYoungGen: 490848K->109600K(523264K)] 770276K->522732K(1921536K), 0.0649936 secs] [Times: user=0.39 sys=0.00, real=0.07 secs] 
4217.588: [GC (Allocation Failure) [PSYoungGen: 457760K->146336K(519168K)] 870892K->664905K(1917440K), 0.0533914 secs] [Times: user=0.31 sys=0.00, real=0.05 secs] 
4219.895: [GC (Allocation Failure) [PSYoungGen: 491936K->105376K(522240K)] 1010505K->761105K(1920512K), 0.1442897 secs] [Times: user=0.86 sys=0.00, real=0.14 secs] 
4221.181: [GC (Allocation Failure) [PSYoungGen: 450976K->147008K(518144K)] 1106705K->904093K(1916416K), 0.0534036 secs] [Times: user=0.31 sys=0.00, real=0.06 secs] 
4223.187: [GC (Allocation Failure) [PSYoungGen: 489536K->104544K(520704K)] 1246621K->999833K(1918976K), 0.0666068 secs] [Times: user=0.39 sys=0.00, real=0.07 secs] 
4224.303: [GC (Allocation Failure) [PSYoungGen: 447072K->141344K(519680K)] 1342361K->1137193K(1917952K), 0.0534161 secs] [Times: user=0.31 sys=0.01, real=0.05 secs] 
4225.978: [GC (Allocation Failure) [PSYoungGen: 483872K->106944K(449536K)] 1479721K->1234785K(1847808K), 0.1095142 secs] [Times: user=0.64 sys=0.01, real=0.11 secs] 
4227.148: [GC (Allocation Failure) [PSYoungGen: 449472K->141280K(519680K)] 1577313K->1372989K(1917952K), 0.0542496 secs] [Times: user=0.31 sys=0.00, real=0.05 secs] 
4227.202: [Full GC (Ergonomics) [PSYoungGen: 141280K->0K(519680K)] [ParOldGen: 1231709K->176675K(1398272K)] 1372989K->176675K(1917952K), [Metaspace: 60431K->60431K(1105920K)], 0.4200142 secs] [Times: user=1.95 sys=0.00, real=0.42 secs] 
4229.397: [GC (Allocation Failure) [PSYoungGen: 343040K->107904K(520192K)] 519715K->284579K(1918464K), 0.0584613 secs] [Times: user=0.35 sys=0.00, real=0.06 secs] 
4230.989: [GC (Allocation Failure) [PSYoungGen: 450944K->140736K(520192K)] 627619K->421820K(1918464K), 0.0531581 secs] [Times: user=0.32 sys=0.00, real=0.05 secs] 
4232.757: [GC (Allocation Failure) [PSYoungGen: 485312K->103904K(520704K)] 766396K->516320K(1918976K), 0.1071121 secs] [Times: user=0.63 sys=0.00, real=0.11 secs] 
4233.514: [GC (Allocation Failure) [PSYoungGen: 448480K->143328K(519680K)] 860896K->656749K(1917952K), 0.0523040 secs] [Times: user=0.31 sys=0.00, real=0.05 secs] 
4235.159: [GC (Allocation Failure) [PSYoungGen: 487904K->109120K(521728K)] 1001325K->756565K(1920000K), 0.0943388 secs] [Times: user=0.55 sys=0.01, real=0.10 secs] 
4237.150: [GC (Allocation Failure) [PSYoungGen: 453696K->141280K(520704K)] 1101141K->895106K(1918976K), 0.0540644 secs] [Times: user=0.32 sys=0.00, real=0.06 secs] 
4238.920: [GC (Allocation Failure) [PSYoungGen: 486880K->108896K(521728K)] 1240706K->994650K(1920000K), 0.0651754 secs] [Times: user=0.38 sys=0.01, real=0.07 secs] 
4240.016: [GC (Allocation Failure) [PSYoungGen: 454496K->140256K(520704K)] 1340250K->1132318K(1918976K), 0.0543528 secs] [Times: user=0.32 sys=0.00, real=0.05 secs] 
4242.103: [GC (GCLocker Initiated GC) [PSYoungGen: 486880K->109056K(521728K)] 1478942K->1232415K(1920000K), 0.0797713 secs] [Times: user=0.47 sys=0.00, real=0.08 secs] 
4243.573: [GC (Allocation Failure) [PSYoungGen: 455680K->143264K(520704K)] 1579041K->1372678K(1918976K), 0.0550799 secs] [Times: user=0.33 sys=0.00, real=0.05 secs] 
4245.447: [GC (Allocation Failure) [PSYoungGen: 490912K->108832K(522752K)] 1720326K->1472138K(1921024K), 0.0968930 secs] [Times: user=0.58 sys=0.01, real=0.10 secs] 
4245.544: [Full GC (Ergonomics) [PSYoungGen: 108832K->0K(522752K)] [ParOldGen: 1363306K->32741K(1398272K)] 1472138K->32741K(1921024K), [Metaspace: 60433K->60433K(1105920K)], 0.0626437 secs] [Times: user=0.22 sys=0.00, real=0.06 secs] 
4246.520: [GC (Allocation Failure) [PSYoungGen: 347648K->142368K(521728K)] 380389K->175109K(1920000K), 0.0286849 secs] [Times: user=0.16 sys=0.00, real=0.03 secs] 
4248.310: [GC (GCLocker Initiated GC) [PSYoungGen: 491040K->107552K(523776K)] 523781K->273293K(1922048K), 0.1442363 secs] [Times: user=0.86 sys=0.00, real=0.15 secs] 
4249.450: [GC (Allocation Failure) [PSYoungGen: 456224K->143488K(521216K)] 622003K->413684K(1919488K), 0.0527033 secs] [Times: user=0.31 sys=0.01, real=0.05 secs] 
4251.378: [GC (GCLocker Initiated GC) [PSYoungGen: 491136K->109984K(523264K)] 761332K->514280K(1921536K), 0.1401853 secs] [Times: user=0.83 sys=0.01, real=0.14 secs] 
4253.067: [GC (Allocation Failure) [PSYoungGen: 457632K->142592K(521728K)] 861931K->653848K(1920000K), 0.0528119 secs] [Times: user=0.31 sys=0.00, real=0.05 secs] 
4254.446: [GC (Allocation Failure) [PSYoungGen: 490752K->109728K(523264K)] 1002008K->754296K(1921536K), 0.0639527 secs] [Times: user=0.38 sys=0.00, real=0.06 secs] 
4255.386: [GC (Allocation Failure) [PSYoungGen: 457888K->141312K(521728K)] 1102456K->892709K(1920000K), 0.0539762 secs] [Times: user=0.32 sys=0.00, real=0.05 secs] 
4256.913: [GC (Allocation Failure) [PSYoungGen: 489984K->110848K(523264K)] 1241381K->993697K(1921536K), 0.0690655 secs] [Times: user=0.41 sys=0.00, real=0.06 secs] 
4258.100: [GC (Allocation Failure) [PSYoungGen: 459520K->143936K(521728K)] 1342369K->1134190K(1920000K), 0.0556035 secs] [Times: user=0.32 sys=0.00, real=0.06 secs] 
4260.274: [GC (Allocation Failure) [PSYoungGen: 493120K->110976K(523776K)] 1483374K->1235390K(1922048K), 0.1665675 secs] [Times: user=0.98 sys=0.01, real=0.16 secs] 
4261.766: [GC (Allocation Failure) [PSYoungGen: 460160K->143200K(522240K)] 1584574K->1375679K(1920512K), 0.0551817 secs] [Times: user=0.32 sys=0.01, real=0.05 secs] 
4263.208: [GC (Allocation Failure) [PSYoungGen: 492896K->109696K(524288K)] 1725375K->1476387K(1922560K), 0.0778984 secs] [Times: user=0.46 sys=0.00, real=0.08 secs] 
4263.286: [Full GC (Ergonomics) [PSYoungGen: 109696K->0K(524288K)] [ParOldGen: 1366691K->42258K(1398272K)] 1476387K->42258K(1922560K), [Metaspace: 60433K->60433K(1105920K)], 0.0822760 secs] [Times: user=0.31 sys=0.00, real=0.08 secs] 
4264.251: [GC (Allocation Failure) [PSYoungGen: 349696K->145184K(520192K)] 391954K->187442K(1918464K), 0.0296628 secs] [Times: user=0.17 sys=0.00, real=0.03 secs] 
4266.698: [GC (Allocation Failure) [PSYoungGen: 492832K->106752K(523264K)] 535090K->285090K(1921536K), 0.1520849 secs] [Times: user=0.89 sys=0.01, real=0.15 secs] 
4268.391: [GC (Allocation Failure) [PSYoungGen: 454400K->144480K(519680K)] 632738K->425175K(1917952K), 0.0514276 secs] [Times: user=0.30 sys=0.00, real=0.05 secs] 
4269.790: [GC (Allocation Failure) [PSYoungGen: 490080K->109504K(522240K)] 770775K->525415K(1920512K), 0.0635918 secs] [Times: user=0.38 sys=0.00, real=0.07 secs] 
4270.550: [GC (Allocation Failure) [PSYoungGen: 455104K->143104K(521216K)] 871015K->662316K(1919488K), 0.0523318 secs] [Times: user=0.30 sys=0.00, real=0.05 secs] 
4272.212: [GC (Allocation Failure) [PSYoungGen: 489728K->108384K(522752K)] 1008940K->761356K(1921024K), 0.1197856 secs] [Times: user=0.70 sys=0.01, real=0.12 secs] 
4273.778: [GC (Allocation Failure) [PSYoungGen: 455008K->144544K(520192K)] 1107980K->901376K(1918464K), 0.0526174 secs] [Times: user=0.31 sys=0.00, real=0.05 secs] 
4275.809: [GC (Allocation Failure) [PSYoungGen: 490144K->108320K(522240K)] 1246976K->999948K(1920512K), 0.1298273 secs] [Times: user=0.77 sys=0.00, real=0.13 secs] 
4276.856: [GC (Allocation Failure) [PSYoungGen: 453920K->144128K(519680K)] 1345548K->1139909K(1917952K), 0.0532297 secs] [Times: user=0.32 sys=0.00, real=0.05 secs] 
4278.279: [GC (Allocation Failure) [PSYoungGen: 488704K->109888K(521728K)] 1484485K->1240497K(1920000K), 0.0735443 secs] [Times: user=0.43 sys=0.01, real=0.07 secs] 
4279.102: [GC (Allocation Failure) [PSYoungGen: 454464K->142336K(520704K)] 1585073K->1378406K(1918976K), 0.0537783 secs] [Times: user=0.31 sys=0.00, real=0.06 secs] 
4279.156: [Full GC (Ergonomics) [PSYoungGen: 142336K->0K(520704K)] [ParOldGen: 1236070K->182069K(1398272K)] 1378406K->182069K(1918976K), [Metaspace: 60433K->60433K(1105920K)], 0.4331593 secs] [Times: user=1.93 sys=0.00, real=0.43 secs] 
4281.437: [GC (Allocation Failure) [PSYoungGen: 345600K->108960K(521728K)] 527669K->291029K(1920000K), 0.0792268 secs] [Times: user=0.46 sys=0.00, real=0.08 secs] 
4282.427: [GC (Allocation Failure) [PSYoungGen: 454560K->144896K(520192K)] 636629K->431694K(1918464K), 0.0533844 secs] [Times: user=0.31 sys=0.00, real=0.05 secs] 
4285.377: [GC (GCLocker Initiated GC) [PSYoungGen: 490496K->106272K(522240K)] 777295K->528555K(1920512K), 0.1111947 secs] [Times: user=0.65 sys=0.01, real=0.11 secs] 
4286.210: [GC (Allocation Failure) [PSYoungGen: 451872K->144864K(519168K)] 874158K->668835K(1917440K), 0.0522389 secs] [Times: user=0.31 sys=0.00, real=0.05 secs] 
4287.707: [GC (Allocation Failure) [PSYoungGen: 488416K->106336K(521216K)] 1012387K->766155K(1919488K), 0.0949301 secs] [Times: user=0.56 sys=0.00, real=0.09 secs] 
4288.662: [GC (Allocation Failure) [PSYoungGen: 449888K->144512K(518656K)] 1109707K->906579K(1916928K), 0.0527941 secs] [Times: user=0.31 sys=0.00, real=0.06 secs] 
4290.880: [GC (Allocation Failure) [PSYoungGen: 487040K->104608K(520704K)] 1249107K->1001843K(1918976K), 0.1538470 secs] [Times: user=0.91 sys=0.00, real=0.16 secs] 
4292.427: [GC (Allocation Failure) [PSYoungGen: 447136K->141248K(519680K)] 1344371K->1140220K(1917952K), 0.0523131 secs] [Times: user=0.31 sys=0.00, real=0.05 secs] 
4293.826: [GC (GCLocker Initiated GC) [PSYoungGen: 483776K->108288K(451072K)] 1482749K->1239149K(1849344K), 0.0847267 secs] [Times: user=0.50 sys=0.01, real=0.08 secs] 
4294.898: [GC (Allocation Failure) [PSYoungGen: 450816K->140256K(519168K)] 1581716K->1376536K(1917440K), 0.0529420 secs] [Times: user=0.31 sys=0.00, real=0.05 secs] 
4294.951: [Full GC (Ergonomics) [PSYoungGen: 140256K->0K(519168K)] [ParOldGen: 1236280K->175341K(1398272K)] 1376536K->175341K(1917440K), [Metaspace: 60435K->60435K(1105920K)], 0.4114796 secs] [Times: user=1.90 sys=0.00, real=0.41 secs] 
4297.143: [GC (GCLocker Initiated GC) [PSYoungGen: 343040K->105600K(519680K)] 518381K->280941K(1917952K), 0.0736282 secs] [Times: user=0.43 sys=0.01, real=0.07 secs] 
4299.273: [GC (Allocation Failure) [PSYoungGen: 448640K->139360K(520704K)] 623984K->417125K(1918976K), 0.0529482 secs] [Times: user=0.31 sys=0.00, real=0.05 secs] 
4300.707: [GC (Allocation Failure) [PSYoungGen: 484960K->109760K(521216K)] 762725K->517073K(1919488K), 0.0705987 secs] [Times: user=0.41 sys=0.00, real=0.07 secs] 
4301.425: [GC (Allocation Failure) [PSYoungGen: 455360K->145088K(519168K)] 862673K->659402K(1917440K), 0.0537608 secs] [Times: user=0.32 sys=0.00, real=0.05 secs] 
4303.251: [GC (Allocation Failure) [PSYoungGen: 490688K->106080K(521728K)] 1005002K->756594K(1920000K), 0.0947081 secs] [Times: user=0.56 sys=0.00, real=0.10 secs] 
4304.033: [GC (Allocation Failure) [PSYoungGen: 451680K->145728K(518144K)] 1102194K->899331K(1916416K), 0.0530376 secs] [Times: user=0.31 sys=0.00, real=0.05 secs] 
4306.034: [GC (Allocation Failure) [PSYoungGen: 489280K->106048K(521216K)] 1242883K->996203K(1919488K), 0.1352446 secs] [Times: user=0.80 sys=0.01, real=0.13 secs] 
4307.614: [GC (Allocation Failure) [PSYoungGen: 449600K->142656K(519680K)] 1339755K->1135955K(1917952K), 0.0531472 secs] [Times: user=0.31 sys=0.00, real=0.05 secs] 
4309.119: [GC (GCLocker Initiated GC) [PSYoungGen: 486208K->106528K(450560K)] 1479508K->1233360K(1848832K), 0.0846844 secs] [Times: user=0.50 sys=0.01, real=0.09 secs] 
4310.229: [GC (Allocation Failure) [PSYoungGen: 450080K->139680K(519680K)] 1576982K->1370227K(1917952K), 0.0530522 secs] [Times: user=0.31 sys=0.01, real=0.05 secs] 
4310.282: [Full GC (Ergonomics) [PSYoungGen: 139680K->0K(519680K)] [ParOldGen: 1230547K->167914K(1398272K)] 1370227K->167914K(1917952K), [Metaspace: 60438K->60438K(1105920K)], 0.3926562 secs] [Times: user=1.81 sys=0.00, real=0.40 secs] 
4312.715: [GC (Allocation Failure) [PSYoungGen: 344064K->108352K(520704K)] 511978K->276266K(1918976K), 0.1048929 secs] [Times: user=0.62 sys=0.00, real=0.10 secs] 
4314.836: [GC (Allocation Failure) [PSYoungGen: 452416K->140256K(520704K)] 620330K->414215K(1918976K), 0.0541731 secs] [Times: user=0.32 sys=0.01, real=0.05 secs] 
4316.390: [GC (Allocation Failure) [PSYoungGen: 486368K->109600K(521216K)] 760327K->514651K(1919488K), 0.0661215 secs] [Times: user=0.39 sys=0.00, real=0.07 secs] 
4317.218: [GC (Allocation Failure) [PSYoungGen: 455712K->141184K(520704K)] 860763K->653714K(1918976K), 0.0535652 secs] [Times: user=0.31 sys=0.00, real=0.05 secs] 
4318.808: [GC (GCLocker Initiated GC) [PSYoungGen: 488832K->108960K(522240K)] 1001363K->753927K(1920512K), 0.0822989 secs] [Times: user=0.49 sys=0.00, real=0.08 secs] 
4319.797: [GC (Allocation Failure) [PSYoungGen: 456608K->142880K(521728K)] 1101578K->894174K(1920000K), 0.0541892 secs] [Times: user=0.32 sys=0.01, real=0.05 secs] 
4322.315: [GC (Allocation Failure) [PSYoungGen: 492064K->110176K(523776K)] 1243358K->994910K(1922048K), 0.1367055 secs] [Times: user=0.81 sys=0.00, real=0.13 secs] 
4324.276: [GC (Allocation Failure) [PSYoungGen: 459360K->141856K(522752K)] 1344094K->1133643K(1921024K), 0.0553167 secs] [Times: user=0.32 sys=0.00, real=0.05 secs] 
4325.777: [GC (Allocation Failure) [PSYoungGen: 492064K->110528K(524288K)] 1483851K->1235259K(1922560K), 0.0679378 secs] [Times: user=0.40 sys=0.00, real=0.07 secs] 
4327.100: [GC (Allocation Failure) [PSYoungGen: 460736K->143424K(521728K)] 1585467K->1375456K(1920000K), 0.0552747 secs] [Times: user=0.33 sys=0.00, real=0.06 secs] 
4329.024: [GC (Allocation Failure) [PSYoungGen: 493120K->109312K(524288K)] 1725152K->1475544K(1922560K), 0.1302229 secs] [Times: user=0.77 sys=0.00, real=0.13 secs] 
4329.154: [Full GC (Ergonomics) [PSYoungGen: 109312K->0K(524288K)] [ParOldGen: 1366232K->36964K(1398272K)] 1475544K->36964K(1922560K), [Metaspace: 60442K->60442K(1105920K)], 0.1028761 secs] [Times: user=0.39 sys=0.00, real=0.10 secs] 
4331.138: [GC (Allocation Failure) [PSYoungGen: 349696K->145760K(520192K)] 386660K->182724K(1918464K), 0.0292088 secs] [Times: user=0.17 sys=0.00, real=0.03 secs] 
4332.564: [GC (Allocation Failure) [PSYoungGen: 493408K->109088K(523264K)] 530372K->283072K(1921536K), 0.0639058 secs] [Times: user=0.38 sys=0.01, real=0.06 secs] 
4333.700: [GC (Allocation Failure) [PSYoungGen: 456736K->141824K(522240K)] 630720K->421445K(1920512K), 0.0529022 secs] [Times: user=0.31 sys=0.00, real=0.05 secs] 
4335.152: [GC (GCLocker Initiated GC) [PSYoungGen: 490496K->112672K(461824K)] 770118K->525138K(1860096K), 0.1032727 secs] [Times: user=0.61 sys=0.00, real=0.11 secs] 
4336.294: [GC (Allocation Failure) [PSYoungGen: 461344K->144224K(520192K)] 873848K->665301K(1918464K), 0.0541750 secs] [Times: user=0.32 sys=0.00, real=0.05 secs] 
4338.154: [GC (Allocation Failure) [PSYoungGen: 491872K->108384K(522752K)] 1012949K->763993K(1921024K), 0.0881632 secs] [Times: user=0.52 sys=0.00, real=0.08 secs] 
4339.479: [GC (Allocation Failure) [PSYoungGen: 456032K->147296K(519168K)] 1111641K->907266K(1917440K), 0.0535855 secs] [Times: user=0.32 sys=0.00, real=0.05 secs] 
4340.933: [GC (Allocation Failure) [PSYoungGen: 492896K->107008K(522240K)] 1252866K->1005378K(1920512K), 0.0657029 secs] [Times: user=0.38 sys=0.00, real=0.07 secs] 
4341.658: [GC (Allocation Failure) [PSYoungGen: 452608K->146080K(517632K)] 1350978K->1147103K(1915904K), 0.0530494 secs] [Times: user=0.31 sys=0.00, real=0.05 secs] 
4343.258: [GC (Allocation Failure) [PSYoungGen: 488608K->105248K(520704K)] 1489631K->1243227K(1918976K), 0.1265118 secs] [Times: user=0.75 sys=0.00, real=0.13 secs] 
4344.044: [GC (Allocation Failure) [PSYoungGen: 447776K->144928K(518144K)] 1585755K->1384016K(1916416K), 0.0531521 secs] [Times: user=0.32 sys=0.00, real=0.05 secs] 
4344.097: [Full GC (Ergonomics) [PSYoungGen: 144928K->0K(518144K)] [ParOldGen: 1239088K->186911K(1398272K)] 1384016K->186911K(1916416K), [Metaspace: 60442K->60442K(1105920K)], 0.4458010 secs] [Times: user=2.05 sys=0.00, real=0.44 secs] 
4346.628: [GC (GCLocker Initiated GC) [PSYoungGen: 341504K->104512K(520192K)] 528417K->291425K(1918464K), 0.0542611 secs] [Times: user=0.32 sys=0.00, real=0.05 secs] 
4347.993: [GC (Allocation Failure) [PSYoungGen: 446016K->143744K(518144K)] 632968K->430753K(1916416K), 0.0511683 secs] [Times: user=0.30 sys=0.00, real=0.05 secs] 
4349.402: [GC (GCLocker Initiated GC) [PSYoungGen: 484224K->102592K(519680K)] 771233K->524181K(1917952K), 0.0905932 secs] [Times: user=0.54 sys=0.00, real=0.09 secs] 
4350.078: [GC (Allocation Failure) [PSYoungGen: 443072K->141760K(518656K)] 864732K->662945K(1916928K), 0.0511276 secs] [Times: user=0.30 sys=0.00, real=0.05 secs] 
4351.746: [GC (Allocation Failure) [PSYoungGen: 482240K->104384K(444928K)] 1003425K->758145K(1843200K), 0.0945597 secs] [Times: user=0.56 sys=0.01, real=0.09 secs] 
4353.024: [GC (Allocation Failure) [PSYoungGen: 444864K->141824K(517632K)] 1098625K->896712K(1915904K), 0.0519586 secs] [Times: user=0.30 sys=0.00, real=0.05 secs] 
4354.754: [GC (Allocation Failure) [PSYoungGen: 481792K->108096K(448512K)] 1236680K->995488K(1846784K), 0.1151618 secs] [Times: user=0.68 sys=0.01, real=0.11 secs] 
4356.251: [GC (Allocation Failure) [PSYoungGen: 448064K->146880K(515584K)] 1335456K->1139238K(1913856K), 0.0537837 secs] [Times: user=0.32 sys=0.00, real=0.06 secs] 
4357.653: [GC (Allocation Failure) [PSYoungGen: 485824K->108352K(518656K)] 1478182K->1229998K(1916928K), 0.0650793 secs] [Times: user=0.39 sys=0.00, real=0.07 secs] 
4358.564: [GC (Allocation Failure) [PSYoungGen: 447296K->138112K(517120K)] 1568942K->1365155K(1915392K), 0.0534471 secs] [Times: user=0.31 sys=0.00, real=0.05 secs] 
4360.141: [GC (Allocation Failure) [PSYoungGen: 479616K->108768K(518656K)] 1706659K->1464359K(1916928K), 0.0940384 secs] [Times: user=0.55 sys=0.01, real=0.10 secs] 
4360.235: [Full GC (Ergonomics) [PSYoungGen: 108768K->0K(518656K)] [ParOldGen: 1355591K->26210K(1398272K)] 1464359K->26210K(1916928K), [Metaspace: 60442K->60442K(1105920K)], 0.0572784 secs] [Times: user=0.18 sys=0.00, real=0.05 secs] 
4362.186: [GC (Allocation Failure) [PSYoungGen: 341504K->137408K(521216K)] 367714K->163618K(1919488K), 0.0276226 secs] [Times: user=0.16 sys=0.00, real=0.03 secs] 
4363.590: [GC (Allocation Failure) [PSYoungGen: 483520K->111520K(521216K)] 509730K->265107K(1919488K), 0.0638846 secs] [Times: user=0.38 sys=0.00, real=0.07 secs] 
4364.479: [GC (Allocation Failure) [PSYoungGen: 457632K->141664K(519680K)] 611219K->404375K(1917952K), 0.0534513 secs] [Times: user=0.31 sys=0.01, real=0.05 secs] 
4365.874: [GC (Allocation Failure) [PSYoungGen: 488800K->110016K(521216K)] 751511K->504611K(1919488K), 0.0746527 secs] [Times: user=0.44 sys=0.01, real=0.07 secs] 
4366.669: [GC (Allocation Failure) [PSYoungGen: 457152K->144160K(521728K)] 851747K->647072K(1920000K), 0.0534141 secs] [Times: user=0.31 sys=0.00, real=0.05 secs] 
4368.619: [GC (Allocation Failure) [PSYoungGen: 493856K->109600K(524288K)] 996768K->747808K(1922560K), 0.0970024 secs] [Times: user=0.57 sys=0.00, real=0.10 secs] 
4371.083: [GC (GCLocker Initiated GC) [PSYoungGen: 459296K->140192K(523776K)] 1097504K->885589K(1922048K), 0.0537919 secs] [Times: user=0.31 sys=0.00, real=0.06 secs] 
4372.457: [GC (GCLocker Initiated GC) [PSYoungGen: 491424K->109472K(460800K)] 1236823K->985656K(1859072K), 0.0650271 secs] [Times: user=0.38 sys=0.01, real=0.06 secs] 
4373.237: [GC (Allocation Failure) [PSYoungGen: 460704K->144288K(521216K)] 1336958K->1127747K(1919488K), 0.0544623 secs] [Times: user=0.31 sys=0.00, real=0.05 secs] 
4375.003: [GC (Allocation Failure) [PSYoungGen: 493984K->110336K(524288K)] 1477443K->1228715K(1922560K), 0.0981815 secs] [Times: user=0.58 sys=0.01, real=0.10 secs] 
4377.060: [GC (Allocation Failure) [PSYoungGen: 460032K->143424K(522240K)] 1578411K->1368912K(1920512K), 0.0538016 secs] [Times: user=0.31 sys=0.00, real=0.06 secs] 
4378.521: [GC (GCLocker Initiated GC) [PSYoungGen: 493120K->109728K(524288K)] 1718608K->1469292K(1922560K), 0.0676102 secs] [Times: user=0.40 sys=0.00, real=0.07 secs] 
4378.589: [Full GC (Ergonomics) [PSYoungGen: 109728K->0K(524288K)] [ParOldGen: 1359564K->37106K(1398272K)] 1469292K->37106K(1922560K), [Metaspace: 60442K->60442K(1105920K)], 0.0698101 secs] [Times: user=0.25 sys=0.00, real=0.07 secs] 
4379.464: [GC (Allocation Failure) [PSYoungGen: 349696K->143456K(522240K)] 386805K->180565K(1920512K), 0.0288494 secs] [Times: user=0.16 sys=0.00, real=0.02 secs] 
4380.926: [GC (Allocation Failure) [PSYoungGen: 493152K->110848K(524288K)] 530261K->282257K(1922560K), 0.0982511 secs] [Times: user=0.57 sys=0.00, real=0.10 secs] 
4382.213: [GC (Allocation Failure) [PSYoungGen: 460544K->143872K(521216K)] 631953K->423022K(1919488K), 0.0533271 secs] [Times: user=0.32 sys=0.00, real=0.06 secs] 
4384.130: [GC (Allocation Failure) [PSYoungGen: 492544K->107328K(523776K)] 771694K->520910K(1922048K), 0.1567358 secs] [Times: user=0.92 sys=0.00, real=0.16 secs] 
4385.562: [GC (Allocation Failure) [PSYoungGen: 456000K->144128K(521216K)] 869582K->661575K(1919488K), 0.0524266 secs] [Times: user=0.31 sys=0.00, real=0.06 secs] 
4386.991: [GC (GCLocker Initiated GC) [PSYoungGen: 491776K->111424K(523264K)] 1009223K->763403K(1921536K), 0.0650862 secs] [Times: user=0.38 sys=0.00, real=0.07 secs] 
4387.666: [GC (Allocation Failure) [PSYoungGen: 459072K->144896K(520192K)] 1111054K->904027K(1918464K), 0.0538061 secs] [Times: user=0.32 sys=0.00, real=0.05 secs] 
4389.184: [GC (Allocation Failure) [PSYoungGen: 491520K->109344K(522752K)] 1250651K->1003787K(1921024K), 0.0789216 secs] [Times: user=0.46 sys=0.00, real=0.08 secs] 
4390.227: [GC (Allocation Failure) [PSYoungGen: 455968K->146464K(518656K)] 1350411K->1146236K(1916928K), 0.0537040 secs] [Times: user=0.32 sys=0.01, real=0.05 secs] 
4392.895: [GC (Allocation Failure) [PSYoungGen: 491040K->104032K(521728K)] 1490812K->1240996K(1920000K), 0.1273913 secs] [Times: user=0.75 sys=0.00, real=0.12 secs] 
4394.317: [GC (Allocation Failure) [PSYoungGen: 448608K->143424K(519680K)] 1585572K->1380900K(1917952K), 0.0523806 secs] [Times: user=0.31 sys=0.00, real=0.05 secs] 
4394.369: [Full GC (Ergonomics) [PSYoungGen: 143424K->0K(519680K)] [ParOldGen: 1237476K->184798K(1398272K)] 1380900K->184798K(1917952K), [Metaspace: 60444K->60444K(1105920K)], 0.4303547 secs] [Times: user=1.99 sys=0.00, real=0.43 secs] 
4396.095: [GC (GCLocker Initiated GC) [PSYoungGen: 343552K->106400K(521216K)] 528350K->291198K(1919488K), 0.0334393 secs] [Times: user=0.20 sys=0.00, real=0.03 secs] 
4397.156: [GC (Allocation Failure) [PSYoungGen: 449952K->152544K(512512K)] 634789K->439230K(1910784K), 0.0526280 secs] [Times: user=0.31 sys=0.00, real=0.05 secs] 
4399.029: [GC (GCLocker Initiated GC) [PSYoungGen: 488928K->104032K(517632K)] 775614K->525726K(1915904K), 0.1123698 secs] [Times: user=0.67 sys=0.01, real=0.11 secs] 
4400.587: [GC (Allocation Failure) [PSYoungGen: 440416K->138880K(515584K)] 862113K->661178K(1913856K), 0.0514838 secs] [Times: user=0.30 sys=0.00, real=0.05 secs] 
4402.054: [GC (GCLocker Initiated GC) [PSYoungGen: 476288K->107584K(517120K)] 998586K->759190K(1915392K), 0.0636343 secs] [Times: user=0.37 sys=0.00, real=0.06 secs] 
4402.828: [GC (Allocation Failure) [PSYoungGen: 444992K->139712K(518656K)] 1096669K->896162K(1916928K), 0.0529188 secs] [Times: user=0.32 sys=0.00, real=0.05 secs] 
4404.230: [GC (Allocation Failure) [PSYoungGen: 480704K->105248K(518656K)] 1237154K->992402K(1916928K), 0.0811841 secs] [Times: user=0.48 sys=0.00, real=0.08 secs] 
4405.470: [GC (Allocation Failure) [PSYoungGen: 446240K->147552K(515584K)] 1333394K->1137110K(1913856K), 0.0530727 secs] [Times: user=0.31 sys=0.00, real=0.06 secs] 
4406.999: [GC (Allocation Failure) [PSYoungGen: 487008K->107424K(519168K)] 1476566K->1226910K(1917440K), 0.0671456 secs] [Times: user=0.40 sys=0.00, real=0.07 secs] 
4409.114: [GC (Allocation Failure) [PSYoungGen: 446880K->137888K(516608K)] 1566366K->1362083K(1914880K), 0.0539114 secs] [Times: user=0.32 sys=0.00, real=0.05 secs] 
4410.515: [GC (Allocation Failure) [PSYoungGen: 479392K->110016K(518656K)] 1703587K->1462355K(1916928K), 0.0648894 secs] [Times: user=0.39 sys=0.00, real=0.06 secs] 
4410.580: [Full GC (Ergonomics) [PSYoungGen: 110016K->0K(518656K)] [ParOldGen: 1352339K->23527K(1398272K)] 1462355K->23527K(1916928K), [Metaspace: 60444K->60444K(1105920K)], 0.0417298 secs] [Times: user=0.12 sys=0.00, real=0.04 secs] 
4411.337: [GC (GCLocker Initiated GC) [PSYoungGen: 341504K->135328K(519680K)] 365031K->158855K(1917952K), 0.0275027 secs] [Times: user=0.16 sys=0.00, real=0.03 secs] 
4412.713: [GC (Allocation Failure) [PSYoungGen: 481952K->112256K(520704K)] 505482K->261926K(1918976K), 0.0687057 secs] [Times: user=0.40 sys=0.00, real=0.07 secs] 
4414.434: [GC (Allocation Failure) [PSYoungGen: 458880K->139904K(522240K)] 608550K->399747K(1920512K), 0.0536716 secs] [Times: user=0.32 sys=0.00, real=0.05 secs] 
4415.972: [GC (Allocation Failure) [PSYoungGen: 490624K->111712K(523264K)] 750467K->502187K(1921536K), 0.0702462 secs] [Times: user=0.41 sys=0.00, real=0.07 secs] 
4417.673: [GC (Allocation Failure) [PSYoungGen: 462432K->139968K(524288K)] 852907K->640071K(1922560K), 0.0533192 secs] [Times: user=0.31 sys=0.00, real=0.06 secs] 
4419.076: [GC (Allocation Failure) [PSYoungGen: 493760K->113408K(525312K)] 993863K->743999K(1923584K), 0.0644213 secs] [Times: user=0.38 sys=0.00, real=0.06 secs] 
4420.001: [GC (Allocation Failure) [PSYoungGen: 467200K->144864K(522752K)] 1097791K->886740K(1921024K), 0.0555074 secs] [Times: user=0.33 sys=0.00, real=0.06 secs] 
4422.070: [GC (Allocation Failure) [PSYoungGen: 498656K->110816K(525824K)] 1240532K->988188K(1924096K), 0.1028412 secs] [Times: user=0.61 sys=0.00, real=0.11 secs] 
4423.787: [GC (Allocation Failure) [PSYoungGen: 464608K->146912K(521216K)] 1341980K->1131849K(1919488K), 0.0547426 secs] [Times: user=0.33 sys=0.00, real=0.05 secs] 
4425.288: [GC (GCLocker Initiated GC) [PSYoungGen: 497632K->106752K(524800K)] 1482570K->1229194K(1923072K), 0.0954114 secs] [Times: user=0.57 sys=0.00, real=0.10 secs] 
4426.301: [GC (Allocation Failure) [PSYoungGen: 457472K->147104K(519168K)] 1579917K->1372930K(1917440K), 0.0540061 secs] [Times: user=0.32 sys=0.00, real=0.06 secs] 
4427.845: [GC (GCLocker Initiated GC) [PSYoungGen: 493728K->108256K(522752K)] 1719554K->1472298K(1921024K), 0.0674485 secs] [Times: user=0.39 sys=0.00, real=0.06 secs] 
4427.913: [Full GC (Ergonomics) [PSYoungGen: 108256K->0K(522752K)] [ParOldGen: 1364042K->39641K(1398272K)] 1472298K->39641K(1921024K), [Metaspace: 60445K->60445K(1105920K)], 0.0813173 secs] [Times: user=0.31 sys=0.00, real=0.09 secs] 
4429.332: [GC (Allocation Failure) [PSYoungGen: 346624K->150752K(515072K)] 386304K->190432K(1913344K), 0.0285197 secs] [Times: user=0.17 sys=0.00, real=0.03 secs] 
4431.665: [GC (Allocation Failure) [PSYoungGen: 491232K->103904K(519680K)] 530912K->276868K(1917952K), 0.1298343 secs] [Times: user=0.77 sys=0.00, real=0.13 secs] 
4433.240: [GC (Allocation Failure) [PSYoungGen: 444384K->139360K(517632K)] 617348K->412937K(1915904K), 0.0508432 secs] [Times: user=0.30 sys=0.00, real=0.05 secs] 
4434.908: [GC (Allocation Failure) [PSYoungGen: 480864K->105600K(519168K)] 754441K->509065K(1917440K), 0.1179576 secs] [Times: user=0.69 sys=0.01, real=0.12 secs] 
4436.048: [GC (Allocation Failure) [PSYoungGen: 447104K->141248K(521216K)] 850569K->647966K(1919488K), 0.0527306 secs] [Times: user=0.31 sys=0.00, real=0.05 secs] 
4437.751: [GC (Allocation Failure) [PSYoungGen: 485824K->107712K(452608K)] 992542K->746738K(1850880K), 0.1102369 secs] [Times: user=0.65 sys=0.00, real=0.11 secs] 
4439.675: [GC (Allocation Failure) [PSYoungGen: 452288K->139424K(520192K)] 1091314K->883655K(1918464K), 0.0535215 secs] [Times: user=0.32 sys=0.01, real=0.05 secs] 
4441.069: [GC (GCLocker Initiated GC) [PSYoungGen: 484000K->109984K(520704K)] 1228231K->984283K(1918976K), 0.0652257 secs] [Times: user=0.39 sys=0.00, real=0.07 secs] 
4441.766: [GC (Allocation Failure) [PSYoungGen: 454560K->139808K(519680K)] 1328930K->1121967K(1917952K), 0.0547423 secs] [Times: user=0.32 sys=0.00, real=0.05 secs] 
4443.296: [GC (Allocation Failure) [PSYoungGen: 485920K->111360K(520704K)] 1468079K->1223623K(1918976K), 0.0945141 secs] [Times: user=0.50 sys=0.01, real=0.09 secs] 
4444.621: [GC (GCLocker Initiated GC) [PSYoungGen: 457472K->139232K(521728K)] 1569738K->1360527K(1920000K), 0.0551389 secs] [Times: user=0.32 sys=0.00, real=0.06 secs] 
4446.342: [GC (Allocation Failure) [PSYoungGen: 488928K->112672K(522752K)] 1710225K->1464079K(1921024K), 0.0841170 secs] [Times: user=0.50 sys=0.01, real=0.09 secs] 
4446.426: [Full GC (Ergonomics) [PSYoungGen: 112672K->0K(522752K)] [ParOldGen: 1351407K->30996K(1398272K)] 1464079K->30996K(1921024K), [Metaspace: 60446K->60446K(1105920K)], 0.0548203 secs] [Times: user=0.19 sys=0.00, real=0.05 secs] 
4448.205: [GC (Allocation Failure) [PSYoungGen: 349696K->144608K(521728K)] 380692K->175604K(1920000K), 0.0291800 secs] [Times: user=0.17 sys=0.00, real=0.03 secs] 
4449.574: [GC (Allocation Failure) [PSYoungGen: 495840K->108544K(524288K)] 526836K->274924K(1922560K), 0.0645264 secs] [Times: user=0.38 sys=0.01, real=0.06 secs] 
4450.337: [GC (Allocation Failure) [PSYoungGen: 459776K->145728K(521216K)] 626156K->417945K(1919488K), 0.0527584 secs] [Times: user=0.31 sys=0.00, real=0.05 secs] 
4452.230: [GC (Allocation Failure) [PSYoungGen: 495424K->110432K(524288K)] 767641K->519033K(1922560K), 0.1063047 secs] [Times: user=0.62 sys=0.00, real=0.11 secs] 
4453.785: [GC (Allocation Failure) [PSYoungGen: 460128K->144640K(521728K)] 868729K->660162K(1920000K), 0.0534122 secs] [Times: user=0.31 sys=0.00, real=0.05 secs] 
4456.042: [GC (Allocation Failure) [PSYoungGen: 493312K->109856K(523776K)] 1008834K->760402K(1922048K), 0.1311777 secs] [Times: user=0.78 sys=0.01, real=0.14 secs] 
4457.191: [GC (Allocation Failure) [PSYoungGen: 458528K->144608K(521216K)] 1109074K->901131K(1919488K), 0.0537786 secs] [Times: user=0.32 sys=0.00, real=0.06 secs] 
4458.558: [GC (Allocation Failure) [PSYoungGen: 492256K->108448K(523264K)] 1248779K->1000831K(1921536K), 0.0659079 secs] [Times: user=0.39 sys=0.00, real=0.07 secs] 
4459.330: [GC (Allocation Failure) [PSYoungGen: 456096K->146688K(518656K)] 1348479K->1143475K(1916928K), 0.0541561 secs] [Times: user=0.32 sys=0.00, real=0.06 secs] 
4461.263: [GC (Allocation Failure) [PSYoungGen: 491264K->105248K(521728K)] 1488051K->1239456K(1920000K), 0.1020590 secs] [Times: user=0.60 sys=0.01, real=0.10 secs] 
4462.680: [GC (Allocation Failure) [PSYoungGen: 449824K->145504K(517632K)] 1584032K->1380532K(1915904K), 0.0540739 secs] [Times: user=0.31 sys=0.00, real=0.06 secs] 
4462.734: [Full GC (Ergonomics) [PSYoungGen: 145504K->0K(517632K)] [ParOldGen: 1235028K->184939K(1398272K)] 1380532K->184939K(1915904K), [Metaspace: 60446K->60446K(1105920K)], 0.4425102 secs] [Times: user=2.06 sys=0.00, real=0.44 secs] 
4464.592: [GC (Allocation Failure) [PSYoungGen: 341504K->106944K(520192K)] 526443K->291883K(1918464K), 0.0714274 secs] [Times: user=0.42 sys=0.00, real=0.08 secs] 
4465.341: [GC (Allocation Failure) [PSYoungGen: 448448K->142304K(519168K)] 633387K->427280K(1917440K), 0.0514585 secs] [Times: user=0.30 sys=0.01, real=0.05 secs] 
4466.804: [GC (GCLocker Initiated GC) [PSYoungGen: 484832K->105888K(520704K)] 769808K->523765K(1918976K), 0.0662600 secs] [Times: user=0.39 sys=0.00, real=0.06 secs] 
4467.526: [GC (Allocation Failure) [PSYoungGen: 448416K->143136K(519168K)] 866296K->664068K(1917440K), 0.0533743 secs] [Times: user=0.31 sys=0.00, real=0.05 secs] 
4469.717: [GC (Allocation Failure) [PSYoungGen: 485664K->105536K(520704K)] 1006596K->760264K(1918976K), 0.1543297 secs] [Times: user=0.91 sys=0.01, real=0.15 secs] 
4471.438: [GC (Allocation Failure) [PSYoungGen: 448064K->149920K(514048K)] 1102792K->906773K(1912320K), 0.0540318 secs] [Times: user=0.31 sys=0.01, real=0.05 secs] 
4472.856: [GC (Allocation Failure) [PSYoungGen: 487328K->103680K(518144K)] 1244181K->992949K(1916416K), 0.0662960 secs] [Times: user=0.38 sys=0.01, real=0.06 secs] 
4473.735: [GC (Allocation Failure) [PSYoungGen: 441088K->141216K(517632K)] 1330357K->1130746K(1915904K), 0.0526761 secs] [Times: user=0.32 sys=0.00, real=0.05 secs] 
4475.312: [GC (GCLocker Initiated GC) [PSYoungGen: 479648K->104864K(443392K)] 1469178K->1226554K(1841664K), 0.0695978 secs] [Times: user=0.42 sys=0.00, real=0.07 secs] 
4477.167: [GC (Allocation Failure) [PSYoungGen: 443296K->136704K(518144K)] 1565057K->1360814K(1916416K), 0.0534421 secs] [Times: user=0.31 sys=0.00, real=0.05 secs] 
4478.554: [GC (Allocation Failure) [PSYoungGen: 476672K->109824K(517632K)] 1700782K->1461150K(1915904K), 0.0659802 secs] [Times: user=0.39 sys=0.00, real=0.06 secs] 
4478.620: [Full GC (Ergonomics) [PSYoungGen: 109824K->0K(517632K)] [ParOldGen: 1351326K->21295K(1398272K)] 1461150K->21295K(1915904K), [Metaspace: 60446K->60446K(1105920K)], 0.0335568 secs] [Times: user=0.08 sys=0.00, real=0.04 secs] 
4480.238: [GC (Allocation Failure) [PSYoungGen: 339968K->135168K(519168K)] 361263K->156463K(1917440K), 0.0273970 secs] [Times: user=0.16 sys=0.00, real=0.03 secs] 
4481.609: [GC (Allocation Failure) [PSYoungGen: 479232K->111680K(518144K)] 500527K->258779K(1916416K), 0.0640470 secs] [Times: user=0.38 sys=0.00, real=0.07 secs] 
4482.361: [GC (Allocation Failure) [PSYoungGen: 455744K->137088K(521216K)] 602843K->394288K(1919488K), 0.0529696 secs] [Times: user=0.31 sys=0.00, real=0.06 secs] 
4483.808: [GC (Allocation Failure) [PSYoungGen: 486784K->113344K(521216K)] 743984K->498072K(1919488K), 0.0749962 secs] [Times: user=0.45 sys=0.00, real=0.07 secs] 
4486.331: [GC (Allocation Failure) [PSYoungGen: 463040K->139296K(523264K)] 847768K->635460K(1921536K), 0.0549901 secs] [Times: user=0.32 sys=0.00, real=0.06 secs] 
4487.731: [GC (Allocation Failure) [PSYoungGen: 493600K->113120K(524800K)] 989764K->739073K(1923072K), 0.0651804 secs] [Times: user=0.38 sys=0.00, real=0.07 secs] 
4488.555: [GC (Allocation Failure) [PSYoungGen: 467424K->145056K(523776K)] 1093377K->882417K(1922048K), 0.0549742 secs] [Times: user=0.32 sys=0.00, real=0.05 secs] 
4490.040: [GC (Allocation Failure) [PSYoungGen: 500896K->112768K(527360K)] 1238257K->986245K(1925632K), 0.0696681 secs] [Times: user=0.41 sys=0.00, real=0.07 secs] 
4491.349: [GC (Allocation Failure) [PSYoungGen: 468608K->145856K(522752K)] 1342085K->1129262K(1921024K), 0.0553384 secs] [Times: user=0.32 sys=0.00, real=0.06 secs] 
4493.459: [GC (Allocation Failure) [PSYoungGen: 499648K->110240K(526336K)] 1483054K->1230102K(1924608K), 0.1349409 secs] [Times: user=0.80 sys=0.00, real=0.14 secs] 
4495.351: [GC (Allocation Failure) [PSYoungGen: 464032K->144736K(522752K)] 1583894K->1371763K(1921024K), 0.0549669 secs] [Times: user=0.33 sys=0.00, real=0.06 secs] 
4496.755: [GC (GCLocker Initiated GC) [PSYoungGen: 496480K->112064K(525312K)] 1723507K->1474395K(1923584K), 0.0665105 secs] [Times: user=0.40 sys=0.00, real=0.06 secs] 
4496.822: [Full GC (Ergonomics) [PSYoungGen: 112064K->0K(525312K)] [ParOldGen: 1362331K->40955K(1398272K)] 1474395K->40955K(1923584K), [Metaspace: 60453K->60453K(1105920K)], 0.0823276 secs] [Times: user=0.31 sys=0.00, real=0.09 secs] 
4497.980: [GC (Allocation Failure) [PSYoungGen: 351744K->152736K(517120K)] 392702K->193694K(1915392K), 0.0288733 secs] [Times: user=0.16 sys=0.00, real=0.03 secs] 
4499.488: [GC (Allocation Failure) [PSYoungGen: 498336K->108992K(522240K)] 539294K->285098K(1920512K), 0.0650796 secs] [Times: user=0.39 sys=0.00, real=0.07 secs] 
4500.829: [GC (Allocation Failure) [PSYoungGen: 454592K->145472K(519168K)] 630698K->426631K(1917440K), 0.0523531 secs] [Times: user=0.31 sys=0.00, real=0.05 secs] 
4502.617: [GC (Allocation Failure) [PSYoungGen: 489024K->106336K(521216K)] 770183K->524063K(1919488K), 0.0795946 secs] [Times: user=0.47 sys=0.00, real=0.08 secs] 
4503.650: [GC (Allocation Failure) [PSYoungGen: 449888K->152768K(513024K)] 867615K->672642K(1911296K), 0.0520050 secs] [Times: user=0.30 sys=0.00, real=0.05 secs] 
4505.099: [GC (Allocation Failure) [PSYoungGen: 489152K->101408K(517632K)] 1009026K->757098K(1915904K), 0.0863095 secs] [Times: user=0.51 sys=0.01, real=0.09 secs] 
4506.419: [GC (Allocation Failure) [PSYoungGen: 437792K->139552K(516096K)] 1093482K->893067K(1914368K), 0.0505160 secs] [Times: user=0.29 sys=0.01, real=0.05 secs] 
4508.514: [GC (Allocation Failure) [PSYoungGen: 476448K->105280K(517120K)] 1229963K->988931K(1915392K), 0.1324028 secs] [Times: user=0.78 sys=0.01, real=0.13 secs] 
4510.051: [GC (Allocation Failure) [PSYoungGen: 442176K->137984K(518144K)] 1325827K->1123816K(1916416K), 0.0515783 secs] [Times: user=0.30 sys=0.00, real=0.05 secs] 
4511.440: [GC (Allocation Failure) [PSYoungGen: 477952K->108608K(518144K)] 1463784K->1222664K(1916416K), 0.0633646 secs] [Times: user=0.38 sys=0.00, real=0.06 secs] 
4512.352: [GC (Allocation Failure) [PSYoungGen: 448576K->137632K(519168K)] 1562632K->1358021K(1917440K), 0.0535593 secs] [Times: user=0.31 sys=0.00, real=0.06 secs] 
4514.102: [GC (Allocation Failure) [PSYoungGen: 480672K->108128K(518656K)] 1701061K->1456477K(1916928K), 0.1311459 secs] [Times: user=0.78 sys=0.01, real=0.14 secs] 
4514.233: [Full GC (Ergonomics) [PSYoungGen: 108128K->0K(518656K)] [ParOldGen: 1348348K->23185K(1398272K)] 1456477K->23185K(1916928K), [Metaspace: 60453K->60453K(1105920K)], 0.0531001 secs] [Times: user=0.16 sys=0.00, real=0.05 secs] 
4516.223: [GC (Allocation Failure) [PSYoungGen: 343040K->139008K(519680K)] 366225K->162193K(1917952K), 0.0273668 secs] [Times: user=0.16 sys=0.00, real=0.02 secs] 
4517.595: [GC (Allocation Failure) [PSYoungGen: 485120K->110048K(520704K)] 508305K->262689K(1918976K), 0.0645102 secs] [Times: user=0.38 sys=0.00, real=0.06 secs] 
4518.726: [GC (Allocation Failure) [PSYoungGen: 456160K->139968K(521728K)] 608801K->400654K(1920000K), 0.0534930 secs] [Times: user=0.31 sys=0.00, real=0.05 secs] 
4520.122: [GC (Allocation Failure) [PSYoungGen: 489664K->111648K(522752K)] 750350K->503006K(1921024K), 0.0644540 secs] [Times: user=0.38 sys=0.00, real=0.07 secs] 
4520.915: [GC (Allocation Failure) [PSYoungGen: 461344K->144768K(521728K)] 852702K->645723K(1920000K), 0.0543554 secs] [Times: user=0.32 sys=0.00, real=0.05 secs] 
4522.933: [GC (GCLocker Initiated GC) [PSYoungGen: 495488K->107776K(524800K)] 996443K->744411K(1923072K), 0.1788651 secs] [Times: user=1.06 sys=0.01, real=0.18 secs] 
4525.323: [GC (Allocation Failure) [PSYoungGen: 458496K->142304K(522752K)] 1095134K->884235K(1921024K), 0.0567294 secs] [Times: user=0.28 sys=0.00, real=0.05 secs] 
4526.909: [GC (Allocation Failure) [PSYoungGen: 493024K->111552K(524800K)] 1234955K->985843K(1923072K), 0.0715991 secs] [Times: user=0.42 sys=0.00, real=0.07 secs] 
4527.701: [GC (Allocation Failure) [PSYoungGen: 462256K->143488K(522752K)] 1336548K->1126312K(1921024K), 0.0549954 secs] [Times: user=0.33 sys=0.00, real=0.06 secs] 
4529.185: [GC (GCLocker Initiated GC) [PSYoungGen: 494208K->111424K(524800K)] 1477032K->1228288K(1923072K), 0.0658263 secs] [Times: user=0.39 sys=0.00, real=0.06 secs] 
4530.185: [GC (Allocation Failure) [PSYoungGen: 462144K->145856K(520704K)] 1579047K->1371196K(1918976K), 0.0552477 secs] [Times: user=0.32 sys=0.01, real=0.05 secs] 
4532.485: [GC (Allocation Failure) [PSYoungGen: 494528K->109376K(523776K)] 1719868K->1471180K(1922048K), 0.1256275 secs] [Times: user=0.74 sys=0.01, real=0.12 secs] 
4532.610: [Full GC (Ergonomics) [PSYoungGen: 109376K->0K(523776K)] [ParOldGen: 1361804K->38077K(1398272K)] 1471180K->38077K(1922048K), [Metaspace: 60453K->60453K(1105920K)], 0.0932073 secs] [Times: user=0.37 sys=0.00, real=0.10 secs] 
4534.203: [GC (GCLocker Initiated GC) [PSYoungGen: 348672K->142368K(522752K)] 386750K->180446K(1921024K), 0.0284938 secs] [Times: user=0.16 sys=0.00, real=0.02 secs] 
4535.527: [GC (Allocation Failure) [PSYoungGen: 492064K->115808K(465920K)] 530146K->287026K(1864192K), 0.0685269 secs] [Times: user=0.35 sys=0.00, real=0.07 secs] 
4536.293: [GC (Allocation Failure) [PSYoungGen: 465504K->146048K(520704K)] 636722K->429383K(1918976K), 0.0521911 secs] [Times: user=0.31 sys=0.00, real=0.05 secs] 
4538.235: [GC (Allocation Failure) [PSYoungGen: 494720K->108416K(523264K)] 778055K->528727K(1921536K), 0.1233076 secs] [Times: user=0.73 sys=0.00, real=0.12 secs] 
4539.409: [GC (Allocation Failure) [PSYoungGen: 457088K->147424K(519168K)] 877399K->672112K(1917440K), 0.0525646 secs] [Times: user=0.31 sys=0.01, real=0.05 secs] 
4541.831: [GC (Allocation Failure) [PSYoungGen: 493024K->104160K(522240K)] 1017712K->767000K(1920512K), 0.1551974 secs] [Times: user=0.91 sys=0.01, real=0.16 secs] 
4543.002: [GC (Allocation Failure) [PSYoungGen: 449760K->144800K(518656K)] 1112600K->907853K(1916928K), 0.0518720 secs] [Times: user=0.30 sys=0.00, real=0.06 secs] 
4544.510: [GC (Allocation Failure) [PSYoungGen: 487328K->106240K(520704K)] 1250381K->1004737K(1918976K), 0.1115118 secs] [Times: user=0.66 sys=0.01, real=0.11 secs] 
4545.757: [GC (Allocation Failure) [PSYoungGen: 448768K->143552K(519168K)] 1347265K->1143686K(1917440K), 0.0532327 secs] [Times: user=0.29 sys=0.00, real=0.05 secs] 
4547.850: [GC (Allocation Failure) [PSYoungGen: 486080K->106656K(520704K)] 1486214K->1241490K(1918976K), 0.1360847 secs] [Times: user=0.81 sys=0.01, real=0.14 secs] 
4549.515: [GC (Allocation Failure) [PSYoungGen: 449184K->142144K(519680K)] 1584018K->1379733K(1917952K), 0.0531142 secs] [Times: user=0.31 sys=0.00, real=0.05 secs] 
4549.569: [Full GC (Ergonomics) [PSYoungGen: 142144K->0K(519680K)] [ParOldGen: 1237589K->179856K(1398272K)] 1379733K->179856K(1917952K), [Metaspace: 60455K->60455K(1105920K)], 0.4328682 secs] [Times: user=2.01 sys=0.00, real=0.43 secs] 
4551.728: [GC (Allocation Failure) [PSYoungGen: 343040K->107488K(520704K)] 522896K->287344K(1918976K), 0.0483009 secs] [Times: user=0.29 sys=0.00, real=0.05 secs] 
4552.778: [GC (Allocation Failure) [PSYoungGen: 450528K->141280K(519680K)] 630384K->425493K(1917952K), 0.0530159 secs] [Times: user=0.31 sys=0.00, real=0.05 secs] 
4554.517: [GC (Allocation Failure) [PSYoungGen: 484832K->108928K(520704K)] 769045K->525421K(1918976K), 0.1110634 secs] [Times: user=0.66 sys=0.00, real=0.11 secs] 
4556.162: [GC (Allocation Failure) [PSYoungGen: 452480K->141760K(519680K)] 868973K->663986K(1917952K), 0.0534152 secs] [Times: user=0.31 sys=0.00, real=0.06 secs] 
4558.163: [GC (Allocation Failure) [PSYoungGen: 486336K->106272K(520704K)] 1008562K->760674K(1918976K), 0.1588653 secs] [Times: user=0.94 sys=0.00, real=0.15 secs] 
4559.736: [GC (Allocation Failure) [PSYoungGen: 450848K->142304K(520704K)] 1105250K->899431K(1918976K), 0.0524764 secs] [Times: user=0.31 sys=0.00, real=0.05 secs] 
4561.145: [GC (Allocation Failure) [PSYoungGen: 488416K->111936K(458240K)] 1245543K->1001743K(1856512K), 0.0643763 secs] [Times: user=0.38 sys=0.00, real=0.06 secs] 
4561.800: [GC (Allocation Failure) [PSYoungGen: 458048K->142784K(519680K)] 1347855K->1141391K(1917952K), 0.0537405 secs] [Times: user=0.31 sys=0.00, real=0.06 secs] 
4563.334: [GC (Allocation Failure) [PSYoungGen: 488896K->110112K(521728K)] 1487503K->1241632K(1920000K), 0.0638907 secs] [Times: user=0.38 sys=0.00, real=0.06 secs] 
4564.300: [GC (Allocation Failure) [PSYoungGen: 456224K->144864K(520192K)] 1587744K->1382740K(1918464K), 0.0543175 secs] [Times: user=0.32 sys=0.00, real=0.06 secs] 
4564.355: [Full GC (Ergonomics) [PSYoungGen: 144864K->0K(520192K)] [ParOldGen: 1237876K->181742K(1398272K)] 1382740K->181742K(1918464K), [Metaspace: 60455K->60455K(1105920K)], 0.4446398 secs] [Times: user=2.07 sys=0.00, real=0.44 secs] 
4567.454: [GC (Allocation Failure) [PSYoungGen: 346624K->107264K(522752K)] 528366K->289006K(1921024K), 0.1022556 secs] [Times: user=0.61 sys=0.00, real=0.10 secs] 
4568.565: [GC (Allocation Failure) [PSYoungGen: 453888K->145056K(519168K)] 635630K->430295K(1917440K), 0.0526010 secs] [Times: user=0.31 sys=0.00, real=0.05 secs] 
4569.950: [GC (Allocation Failure) [PSYoungGen: 489632K->107008K(521728K)] 774871K->528011K(1920000K), 0.0651911 secs] [Times: user=0.38 sys=0.00, real=0.07 secs] 
4570.652: [GC (Allocation Failure) [PSYoungGen: 451584K->144000K(519168K)] 872587K->667792K(1917440K), 0.0520355 secs] [Times: user=0.30 sys=0.00, real=0.06 secs] 
4572.311: [GC (Allocation Failure) [PSYoungGen: 487552K->107456K(521216K)] 1011344K->765504K(1919488K), 0.1332203 secs] [Times: user=0.80 sys=0.00, real=0.14 secs] 
4573.278: [GC (Allocation Failure) [PSYoungGen: 451008K->144096K(519168K)] 1109056K->905773K(1917440K), 0.0538163 secs] [Times: user=0.31 sys=0.00, real=0.05 secs] 
4575.807: [GC (Allocation Failure) [PSYoungGen: 487648K->106336K(521216K)] 1249325K->1002821K(1919488K), 0.1398453 secs] [Times: user=0.82 sys=0.00, real=0.14 secs] 
4577.034: [GC (Allocation Failure) [PSYoungGen: 449888K->140832K(520704K)] 1346373K->1140878K(1918976K), 0.0535964 secs] [Times: user=0.31 sys=0.00, real=0.05 secs] 
4578.711: [GC (Allocation Failure) [PSYoungGen: 485408K->106176K(451072K)] 1485454K->1238286K(1849344K), 0.0834086 secs] [Times: user=0.49 sys=0.01, real=0.09 secs] 
4579.410: [GC (Allocation Failure) [PSYoungGen: 450752K->144800K(519168K)] 1582862K->1380587K(1917440K), 0.0551849 secs] [Times: user=0.32 sys=0.00, real=0.06 secs] 
4579.465: [Full GC (Ergonomics) [PSYoungGen: 144800K->0K(519168K)] [ParOldGen: 1235787K->179450K(1398272K)] 1380587K->179450K(1917440K), [Metaspace: 60471K->60471K(1105920K)], 0.4343099 secs] [Times: user=2.02 sys=0.00, real=0.43 secs] 
4582.296: [GC (Allocation Failure) [PSYoungGen: 343552K->104288K(521216K)] 523002K->283738K(1919488K), 0.1092846 secs] [Times: user=0.65 sys=0.01, real=0.11 secs] 
4584.856: [GC (Allocation Failure) [PSYoungGen: 447840K->149152K(514048K)] 627290K->430111K(1912320K), 0.0525560 secs] [Times: user=0.31 sys=0.00, real=0.05 secs] 
4586.240: [GC (Allocation Failure) [PSYoungGen: 486560K->103040K(518144K)] 767519K->515839K(1916416K), 0.0627377 secs] [Times: user=0.37 sys=0.00, real=0.06 secs] 
4587.346: [GC (Allocation Failure) [PSYoungGen: 440448K->137760K(515584K)] 853247K->650923K(1913856K), 0.0516221 secs] [Times: user=0.31 sys=0.00, real=0.05 secs] 
4588.778: [GC (Allocation Failure) [PSYoungGen: 476704K->107840K(517632K)] 989867K->749291K(1915904K), 0.0669219 secs] [Times: user=0.40 sys=0.01, real=0.07 secs] 
4590.777: [GC (Allocation Failure) [PSYoungGen: 446784K->135808K(518144K)] 1088235K->882968K(1916416K), 0.0528299 secs] [Times: user=0.31 sys=0.00, real=0.05 secs] 
4592.168: [GC (Allocation Failure) [PSYoungGen: 479360K->112864K(519168K)] 1226520K->986316K(1917440K), 0.0646544 secs] [Times: user=0.38 sys=0.00, real=0.06 secs] 
4593.518: [GC (Allocation Failure) [PSYoungGen: 456416K->138112K(520704K)] 1329868K->1122457K(1918976K), 0.0546476 secs] [Times: user=0.33 sys=0.00, real=0.05 secs] 
4594.927: [GC (Allocation Failure) [PSYoungGen: 486272K->109952K(521216K)] 1470617K->1223065K(1919488K), 0.0764383 secs] [Times: user=0.45 sys=0.01, real=0.08 secs] 
4595.769: [GC (Allocation Failure) [PSYoungGen: 458112K->141376K(522752K)] 1571225K->1362662K(1921024K), 0.0550009 secs] [Times: user=0.32 sys=0.00, real=0.06 secs] 
4597.629: [GC (GCLocker Initiated GC) [PSYoungGen: 493120K->111008K(524288K)] 1714406K->1464186K(1922560K), 0.1030134 secs] [Times: user=0.61 sys=0.00, real=0.10 secs] 
4597.732: [Full GC (Ergonomics) [PSYoungGen: 111008K->0K(524288K)] [ParOldGen: 1353178K->24756K(1398272K)] 1464186K->24756K(1922560K), [Metaspace: 60472K->60472K(1105920K)], 0.0503957 secs] [Times: user=0.14 sys=0.00, real=0.05 secs] 
4600.537: [GC (Allocation Failure) [PSYoungGen: 351744K->140256K(524288K)] 376507K->165019K(1922560K), 0.0281533 secs] [Times: user=0.17 sys=0.00, real=0.03 secs] 
4601.950: [GC (Allocation Failure) [PSYoungGen: 494048K->113408K(525824K)] 518811K->268667K(1924096K), 0.0654227 secs] [Times: user=0.38 sys=0.00, real=0.07 secs] 
4603.380: [GC (Allocation Failure) [PSYoungGen: 467200K->141152K(524288K)] 622459K->407412K(1922560K), 0.0547197 secs] [Times: user=0.32 sys=0.00, real=0.06 secs] 
4605.302: [GC (Allocation Failure) [PSYoungGen: 495968K->114816K(525824K)] 762228K->512948K(1924096K), 0.0917718 secs] [Times: user=0.53 sys=0.00, real=0.10 secs] 
4606.862: [GC (Allocation Failure) [PSYoungGen: 469632K->145632K(523264K)] 867764K->655649K(1921536K), 0.0550174 secs] [Times: user=0.33 sys=0.00, real=0.06 secs] 
4608.526: [GC (Allocation Failure) [PSYoungGen: 498472K->113408K(526848K)] 1008489K->759341K(1925120K), 0.1217741 secs] [Times: user=0.72 sys=0.01, real=0.12 secs] 
4609.739: [GC (Allocation Failure) [PSYoungGen: 468224K->145248K(523776K)] 1114157K->901202K(1922048K), 0.0543769 secs] [Times: user=0.32 sys=0.00, real=0.06 secs] 
4611.629: [GC (GCLocker Initiated GC) [PSYoungGen: 499040K->112352K(526336K)] 1254994K->1004298K(1924608K), 0.1502154 secs] [Times: user=0.89 sys=0.01, real=0.15 secs] 
4612.458: [GC (Allocation Failure) [PSYoungGen: 466144K->157888K(513024K)] 1358093K->1157954K(1911296K), 0.0554334 secs] [Times: user=0.33 sys=0.00, real=0.06 secs] 
4615.021: [GC (Allocation Failure) [PSYoungGen: 500416K->103968K(520704K)] 1500482K->1244530K(1918976K), 0.1337320 secs] [Times: user=0.80 sys=0.01, real=0.14 secs] 
4616.164: [GC (Allocation Failure) [PSYoungGen: 446496K->143776K(519168K)] 1587058K->1384511K(1917440K), 0.0519536 secs] [Times: user=0.31 sys=0.00, real=0.05 secs] 
4616.216: [Full GC (Ergonomics) [PSYoungGen: 143776K->0K(519168K)] [ParOldGen: 1240734K->189055K(1398272K)] 1384511K->189055K(1917440K), [Metaspace: 60472K->60472K(1105920K)], 0.4555315 secs] [Times: user=2.12 sys=0.00, real=0.45 secs] 
4618.020: [GC (Allocation Failure) [PSYoungGen: 341504K->105408K(520192K)] 530559K->294463K(1918464K), 0.0412260 secs] [Times: user=0.24 sys=0.00, real=0.04 secs] 
4618.709: [GC (Allocation Failure) [PSYoungGen: 446912K->144256K(518144K)] 635967K->434107K(1916416K), 0.0515267 secs] [Times: user=0.30 sys=0.00, real=0.05 secs] 
4620.309: [GC (Allocation Failure) [PSYoungGen: 484736K->106752K(519680K)] 774587K->531556K(1917952K), 0.1364413 secs] [Times: user=0.81 sys=0.01, real=0.14 secs] 
4621.721: [GC (GCLocker Initiated GC) [PSYoungGen: 447232K->142688K(518656K)] 872036K->670264K(1916928K), 0.0516983 secs] [Times: user=0.31 sys=0.00, real=0.05 secs] 
4623.978: [GC (Allocation Failure) [PSYoungGen: 483680K->105344K(519680K)] 1011259K->766711K(1917952K), 0.1319560 secs] [Times: user=0.78 sys=0.00, real=0.13 secs] 
4625.690: [GC (Allocation Failure) [PSYoungGen: 446336K->141248K(519680K)] 1107703K->903776K(1917952K), 0.0515493 secs] [Times: user=0.31 sys=0.01, real=0.05 secs] 
4627.114: [GC (Allocation Failure) [PSYoungGen: 483264K->105888K(448000K)] 1245792K->1000840K(1846272K), 0.0637622 secs] [Times: user=0.38 sys=0.00, real=0.06 secs] 
4627.857: [GC (Allocation Failure) [PSYoungGen: 447904K->142784K(518144K)] 1342856K->1140477K(1916416K), 0.0534448 secs] [Times: user=0.32 sys=0.00, real=0.05 secs] 
4629.992: [GC (GCLocker Initiated GC) [PSYoungGen: 484288K->105504K(519680K)] 1481981K->1236565K(1917952K), 0.1459426 secs] [Times: user=0.86 sys=0.01, real=0.15 secs] 
4632.266: [GC (Allocation Failure) [PSYoungGen: 447008K->140032K(520192K)] 1578140K->1373381K(1918464K), 0.0531660 secs] [Times: user=0.31 sys=0.00, real=0.05 secs] 
4632.319: [Full GC (Ergonomics) [PSYoungGen: 140032K->0K(520192K)] [ParOldGen: 1233349K->172293K(1398272K)] 1373381K->172293K(1918464K), [Metaspace: 60472K->60472K(1105920K)], 0.4100820 secs] [Times: user=1.90 sys=0.00, real=0.41 secs] 
4634.056: [GC (Allocation Failure) [PSYoungGen: 343552K->105184K(520704K)] 515845K->277477K(1918976K), 0.0377742 secs] [Times: user=0.23 sys=0.01, real=0.04 secs] 
4634.701: [GC (GCLocker Initiated GC) [PSYoungGen: 448736K->143936K(518656K)] 621029K->418546K(1916928K), 0.0534793 secs] [Times: user=0.32 sys=0.00, real=0.06 secs] 
4636.180: [GC (Allocation Failure) [PSYoungGen: 486976K->105792K(520704K)] 761657K->515165K(1918976K), 0.0803333 secs] [Times: user=0.48 sys=0.00, real=0.08 secs] 
4637.174: [GC (Allocation Failure) [PSYoungGen: 448832K->143360K(518656K)] 858205K->656058K(1916928K), 0.0532465 secs] [Times: user=0.31 sys=0.00, real=0.05 secs] 
4638.867: [GC (Allocation Failure) [PSYoungGen: 485888K->107200K(520704K)] 998586K->754362K(1918976K), 0.0999378 secs] [Times: user=0.59 sys=0.00, real=0.10 secs] 
4641.490: [GC (Allocation Failure) [PSYoungGen: 449728K->140448K(519680K)] 1096890K->891583K(1917952K), 0.0534767 secs] [Times: user=0.31 sys=0.01, real=0.06 secs] 
4642.912: [GC (GCLocker Initiated GC) [PSYoungGen: 484000K->107040K(520704K)] 1235135K->989163K(1918976K), 0.0811525 secs] [Times: user=0.47 sys=0.01, real=0.08 secs] 
4644.053: [GC (Allocation Failure) [PSYoungGen: 450592K->142304K(519168K)] 1332754K->1128883K(1917440K), 0.0538462 secs] [Times: user=0.31 sys=0.00, real=0.05 secs] 
4645.595: [GC (Allocation Failure) [PSYoungGen: 486368K->107968K(520704K)] 1472947K->1227803K(1918976K), 0.0890929 secs] [Times: user=0.53 sys=0.00, real=0.09 secs] 
4648.452: [GC (Allocation Failure) [PSYoungGen: 452032K->137856K(521728K)] 1571867K->1363328K(1920000K), 0.0535363 secs] [Times: user=0.31 sys=0.00, real=0.06 secs] 
4649.867: [GC (Allocation Failure) [PSYoungGen: 484992K->111104K(521728K)] 1710464K->1464972K(1920000K), 0.0798461 secs] [Times: user=0.40 sys=0.00, real=0.08 secs] 
4649.947: [Full GC (Ergonomics) [PSYoungGen: 111104K->0K(521728K)] [ParOldGen: 1353868K->26065K(1398272K)] 1464972K->26065K(1920000K), [Metaspace: 60472K->60472K(1105920K)], 0.0452664 secs] [Times: user=0.14 sys=0.00, real=0.04 secs] 
4651.005: [GC (Allocation Failure) [PSYoungGen: 347136K->140032K(521216K)] 373201K->166097K(1919488K), 0.0281417 secs] [Times: user=0.16 sys=0.01, real=0.03 secs] 
4652.450: [GC (Allocation Failure) [PSYoungGen: 488683K->112768K(522240K)] 514749K->269737K(1920512K), 0.0806628 secs] [Times: user=0.47 sys=0.00, real=0.08 secs] 
4653.246: [GC (Allocation Failure) [PSYoungGen: 461440K->141888K(522240K)] 618409K->409514K(1920512K), 0.0540152 secs] [Times: user=0.31 sys=0.00, real=0.05 secs] 
4655.230: [GC (Allocation Failure) [PSYoungGen: 493120K->111872K(523776K)] 760746K->511610K(1922048K), 0.1188506 secs] [Times: user=0.70 sys=0.00, real=0.12 secs] 
4656.992: [GC (Allocation Failure) [PSYoungGen: 463104K->145536K(522240K)] 862842K->654071K(1920512K), 0.0543519 secs] [Times: user=0.32 sys=0.00, real=0.06 secs] 
4658.701: [GC (Allocation Failure) [PSYoungGen: 497280K->110048K(525312K)] 1005815K->754967K(1923584K), 0.0865995 secs] [Times: user=0.50 sys=0.01, real=0.09 secs] 
4659.456: [GC (Allocation Failure) [PSYoungGen: 461792K->148320K(519680K)] 1106711K->900508K(1917952K), 0.0543384 secs] [Times: user=0.32 sys=0.00, real=0.05 secs] 
4661.349: [GC (Allocation Failure) [PSYoungGen: 495968K->104960K(523264K)] 1248156K->996624K(1921536K), 0.1065903 secs] [Times: user=0.63 sys=0.00, real=0.11 secs] 
4662.179: [GC (Allocation Failure) [PSYoungGen: 452608K->146016K(518144K)] 1344272K->1140243K(1916416K), 0.0533783 secs] [Times: user=0.31 sys=0.01, real=0.05 secs] 
4665.190: [GC (Allocation Failure) [PSYoungGen: 489568K->103456K(521216K)] 1483795K->1234971K(1919488K), 0.1603616 secs] [Times: user=0.95 sys=0.01, real=0.16 secs] 
4667.055: [GC (Allocation Failure) [PSYoungGen: 447008K->140928K(520192K)] 1578523K->1372440K(1918464K), 0.0529649 secs] [Times: user=0.31 sys=0.00, real=0.05 secs] 
4667.108: [Full GC (Ergonomics) [PSYoungGen: 140928K->0K(520192K)] [ParOldGen: 1231512K->176564K(1398272K)] 1372440K->176564K(1918464K), [Metaspace: 60472K->60472K(1105920K)], 0.4205350 secs] [Times: user=1.95 sys=0.00, real=0.42 secs] 
4669.118: [GC (Allocation Failure) [PSYoungGen: 343552K->105184K(449024K)] 520116K->281748K(1847296K), 0.0565959 secs] [Times: user=0.33 sys=0.00, real=0.06 secs] 
4670.745: [GC (Allocation Failure) [PSYoungGen: 448736K->140960K(519680K)] 625300K->419533K(1917952K), 0.0526936 secs] [Times: user=0.31 sys=0.00, real=0.05 secs] 
4672.545: [GC (GCLocker Initiated GC) [PSYoungGen: 484512K->107808K(520704K)] 763085K->517993K(1918976K), 0.1301830 secs] [Times: user=0.76 sys=0.00, real=0.13 secs] 
4674.519: [GC (Allocation Failure) [PSYoungGen: 451360K->141632K(519168K)] 861552K->656509K(1917440K), 0.0531124 secs] [Times: user=0.31 sys=0.00, real=0.05 secs] 
4675.929: [GC (Allocation Failure) [PSYoungGen: 485696K->106400K(520704K)] 1000573K->753629K(1918976K), 0.0651645 secs] [Times: user=0.38 sys=0.00, real=0.07 secs] 
4676.642: [GC (Allocation Failure) [PSYoungGen: 450464K->142208K(519680K)] 1097693K->893034K(1917952K), 0.0532723 secs] [Times: user=0.32 sys=0.00, real=0.06 secs] 
4678.264: [GC (Allocation Failure) [PSYoungGen: 487296K->108960K(521728K)] 1238122K->992746K(1920000K), 0.0929491 secs] [Times: user=0.55 sys=0.01, real=0.09 secs] 
4681.314: [GC (Allocation Failure) [PSYoungGen: 454048K->138592K(521216K)] 1337834K->1128423K(1919488K), 0.0538307 secs] [Times: user=0.32 sys=0.00, real=0.05 secs] 
4682.770: [GC (Allocation Failure) [PSYoungGen: 485728K->111648K(521728K)] 1475559K->1230647K(1920000K), 0.0692253 secs] [Times: user=0.41 sys=0.00, real=0.07 secs] 
4684.111: [GC (Allocation Failure) [PSYoungGen: 458784K->140896K(520704K)] 1577783K->1368643K(1918976K), 0.0552271 secs] [Times: user=0.32 sys=0.00, real=0.06 secs] 
4685.956: [GC (GCLocker Initiated GC) [PSYoungGen: 489568K->109728K(522240K)] 1717317K->1469081K(1920512K), 0.1177166 secs] [Times: user=0.68 sys=0.01, real=0.12 secs] 
4686.074: [Full GC (Ergonomics) [PSYoungGen: 109728K->0K(522240K)] [ParOldGen: 1359353K->31133K(1398272K)] 1469081K->31133K(1920512K), [Metaspace: 60472K->60472K(1105920K)], 0.0766705 secs] [Times: user=0.27 sys=0.00, real=0.07 secs] 
4688.155: [GC (Allocation Failure) [PSYoungGen: 348672K->149984K(518144K)] 379844K->181156K(1916416K), 0.0288579 secs] [Times: user=0.17 sys=0.00, real=0.03 secs] 
4689.798: [GC (Allocation Failure) [PSYoungGen: 496608K->108384K(522752K)] 527780K->272092K(1921024K), 0.1316360 secs] [Times: user=0.79 sys=0.00, real=0.13 secs] 
4691.198: [GC (Allocation Failure) [PSYoungGen: 455008K->143328K(520192K)] 618716K->412473K(1918464K), 0.0526602 secs] [Times: user=0.31 sys=0.00, real=0.05 secs] 
4692.616: [GC (Allocation Failure) [PSYoungGen: 488928K->108224K(522240K)] 758073K->511265K(1920512K), 0.0644672 secs] [Times: user=0.38 sys=0.00, real=0.06 secs] 
4693.271: [GC (Allocation Failure) [PSYoungGen: 453824K->145152K(519168K)] 856865K->653858K(1917440K), 0.0531564 secs] [Times: user=0.31 sys=0.00, real=0.06 secs] 
4695.394: [GC (Allocation Failure) [PSYoungGen: 489728K->104992K(521728K)] 998434K->749994K(1920000K), 0.1454621 secs] [Times: user=0.86 sys=0.00, real=0.14 secs] 
4698.135: [GC (Allocation Failure) [PSYoungGen: 449568K->140672K(521728K)] 1094570K->887582K(1920000K), 0.0520525 secs] [Times: user=0.31 sys=0.00, real=0.05 secs] 
4699.604: [GC (Allocation Failure) [PSYoungGen: 486272K->108288K(454144K)] 1233182K->986490K(1852416K), 0.0675610 secs] [Times: user=0.40 sys=0.00, real=0.06 secs] 
4700.692: [GC (Allocation Failure) [PSYoungGen: 453888K->140608K(519680K)] 1332090K->1124103K(1917952K), 0.0527805 secs] [Times: user=0.31 sys=0.00, real=0.06 secs] 
4702.219: [GC (Allocation Failure) [PSYoungGen: 485696K->112224K(520704K)] 1469191K->1226323K(1918976K), 0.0861004 secs] [Times: user=0.51 sys=0.01, real=0.09 secs] 
4703.888: [GC (Allocation Failure) [PSYoungGen: 457312K->140160K(520704K)] 1571411K->1363596K(1918976K), 0.0545962 secs] [Times: user=0.33 sys=0.00, real=0.05 secs] 
4705.425: [GC (Allocation Failure) [PSYoungGen: 487808K->112448K(521728K)] 1711244K->1466232K(1920000K), 0.0816838 secs] [Times: user=0.48 sys=0.00, real=0.08 secs] 
4705.507: [Full GC (Ergonomics) [PSYoungGen: 112448K->0K(521728K)] [ParOldGen: 1353784K->31949K(1398272K)] 1466232K->31949K(1920000K), [Metaspace: 60472K->60472K(1105920K)], 0.0574939 secs] [Times: user=0.19 sys=0.00, real=0.06 secs] 
4707.228: [GC (Allocation Failure) [PSYoungGen: 347648K->140928K(521728K)] 379597K->172877K(1920000K), 0.0285189 secs] [Times: user=0.17 sys=0.00, real=0.03 secs] 
4708.694: [GC (Allocation Failure) [PSYoungGen: 491136K->112032K(523264K)] 523085K->274997K(1921536K), 0.0668295 secs] [Times: user=0.39 sys=0.00, real=0.06 secs] 
4709.386: [GC (Allocation Failure) [PSYoungGen: 462240K->143936K(523264K)] 625205K->416018K(1921536K), 0.0534951 secs] [Times: user=0.31 sys=0.00, real=0.05 secs] 
4710.971: [GC (Allocation Failure) [PSYoungGen: 496192K->112512K(525312K)] 768274K->518902K(1923584K), 0.0695533 secs] [Times: user=0.41 sys=0.00, real=0.07 secs] 
4712.035: [GC (Allocation Failure) [PSYoungGen: 464768K->145856K(521728K)] 871158K->661707K(1920000K), 0.0549407 secs] [Times: user=0.32 sys=0.00, real=0.05 secs] 
4714.481: [GC (Allocation Failure) [PSYoungGen: 496576K->111072K(524800K)] 1012427K->763083K(1923072K), 0.1421572 secs] [Times: user=0.83 sys=0.01, real=0.15 secs] 
4716.224: [GC (Allocation Failure) [PSYoungGen: 461792K->146688K(520704K)] 1113803K->905192K(1918976K), 0.0534276 secs] [Times: user=0.31 sys=0.00, real=0.05 secs] 
4717.949: [GC (Allocation Failure) [PSYoungGen: 495360K->105376K(523776K)] 1253864K->1001032K(1922048K), 0.1178106 secs] [Times: user=0.70 sys=0.01, real=0.12 secs] 
4719.772: [GC (Allocation Failure) [PSYoungGen: 454048K->144800K(520192K)] 1349704K->1141300K(1918464K), 0.0527914 secs] [Times: user=0.31 sys=0.00, real=0.06 secs] 
4722.211: [GC (Allocation Failure) [PSYoungGen: 490400K->106592K(522240K)] 1486900K->1238669K(1920512K), 0.1218210 secs] [Times: user=0.73 sys=0.01, real=0.13 secs] 
4724.109: [GC (Allocation Failure) [PSYoungGen: 452192K->153952K(512512K)] 1584269K->1388133K(1910784K), 0.0542530 secs] [Times: user=0.32 sys=0.00, real=0.06 secs] 
4724.163: [Full GC (Ergonomics) [PSYoungGen: 153952K->0K(512512K)] [ParOldGen: 1234181K->185174K(1398272K)] 1388133K->185174K(1910784K), [Metaspace: 60472K->60472K(1105920K)], 0.4432210 secs] [Times: user=2.05 sys=0.00, real=0.44 secs] 
4725.948: [GC (Allocation Failure) [PSYoungGen: 337408K->103968K(518144K)] 522582K->289142K(1916416K), 0.0330429 secs] [Times: user=0.19 sys=0.00, real=0.03 secs] 
4726.605: [GC (Allocation Failure) [PSYoungGen: 441376K->142400K(517120K)] 626550K->427067K(1915392K), 0.0515066 secs] [Times: user=0.31 sys=0.00, real=0.05 secs] 
4728.102: [GC (Allocation Failure) [PSYoungGen: 479808K->104928K(442368K)] 764475K->522707K(1840640K), 0.0700258 secs] [Times: user=0.41 sys=0.00, real=0.07 secs] 
4730.386: [GC (Allocation Failure) [PSYoungGen: 442336K->137536K(518656K)] 860115K->657280K(1916928K), 0.0513854 secs] [Times: user=0.30 sys=0.00, real=0.05 secs] 
4732.045: [GC (Allocation Failure) [PSYoungGen: 476992K->106240K(517632K)] 996736K->754212K(1915904K), 0.0980794 secs] [Times: user=0.58 sys=0.00, real=0.10 secs] 
4733.647: [GC (Allocation Failure) [PSYoungGen: 445696K->137184K(518656K)] 1093668K->888585K(1916928K), 0.0528456 secs] [Times: user=0.30 sys=0.01, real=0.05 secs] 
4735.126: [GC (Allocation Failure) [PSYoungGen: 479200K->108448K(518144K)] 1230601K->987185K(1916416K), 0.0763006 secs] [Times: user=0.45 sys=0.00, real=0.07 secs] 
4735.869: [GC (Allocation Failure) [PSYoungGen: 450464K->141984K(518656K)] 1329201K->1127014K(1916928K), 0.0537239 secs] [Times: user=0.31 sys=0.00, real=0.06 secs] 
4737.414: [GC (Allocation Failure) [PSYoungGen: 486560K->108608K(520192K)] 1471590K->1226570K(1918464K), 0.0878659 secs] [Times: user=0.52 sys=0.01, real=0.08 secs] 
4740.735: [GC (Allocation Failure) [PSYoungGen: 453184K->137024K(522752K)] 1571146K->1360975K(1921024K), 0.0540436 secs] [Times: user=0.31 sys=0.00, real=0.05 secs] 
4742.139: [GC (Allocation Failure) [PSYoungGen: 486208K->114688K(464384K)] 1710159K->1465895K(1862656K), 0.0654837 secs] [Times: user=0.38 sys=0.00, real=0.07 secs] 
4742.205: [Full GC (Ergonomics) [PSYoungGen: 114688K->0K(464384K)] [ParOldGen: 1351206K->27470K(1398272K)] 1465895K->27470K(1862656K), [Metaspace: 60472K->60472K(1105920K)], 0.0499097 secs] [Times: user=0.16 sys=0.00, real=0.05 secs] 
4743.423: [GC (Allocation Failure) [PSYoungGen: 349184K->139296K(521216K)] 376654K->166766K(1919488K), 0.0279102 secs] [Times: user=0.16 sys=0.01, real=0.03 secs] 
4744.846: [GC (Allocation Failure) [PSYoungGen: 490016K->113760K(522240K)] 517486K->271102K(1920512K), 0.0761106 secs] [Times: user=0.45 sys=0.01, real=0.07 secs] 
4746.716: [GC (Allocation Failure) [PSYoungGen: 464480K->143776K(523264K)] 621822K->411610K(1921536K), 0.0541475 secs] [Times: user=0.32 sys=0.00, real=0.05 secs] 
4748.686: [GC (GCLocker Initiated GC) [PSYoungGen: 498080K->112736K(525824K)] 765917K->514533K(1924096K), 0.1144345 secs] [Times: user=0.68 sys=0.00, real=0.11 secs] 
4750.209: [GC (Allocation Failure) [PSYoungGen: 467040K->154112K(517120K)] 868906K->665543K(1915392K), 0.0551116 secs] [Times: user=0.32 sys=0.00, real=0.06 secs] 
4751.656: [GC (GCLocker Initiated GC) [PSYoungGen: 501760K->109824K(523264K)] 1013191K->757947K(1921536K), 0.0660075 secs] [Times: user=0.39 sys=0.00, real=0.06 secs] 
4752.341: [GC (Allocation Failure) [PSYoungGen: 457472K->143936K(520704K)] 1105598K->898491K(1918976K), 0.0541177 secs] [Times: user=0.32 sys=0.00, real=0.06 secs] 
4754.006: [GC (Allocation Failure) [PSYoungGen: 490560K->109472K(522752K)] 1245115K->998067K(1921024K), 0.0854898 secs] [Times: user=0.51 sys=0.00, real=0.08 secs] 
4754.914: [GC (Allocation Failure) [PSYoungGen: 456096K->145888K(520192K)] 1344691K->1140532K(1918464K), 0.0551738 secs] [Times: user=0.33 sys=0.00, real=0.05 secs] 
4757.588: [GC (Allocation Failure) [PSYoungGen: 491488K->107360K(522240K)] 1486132K->1238836K(1920512K), 0.1460081 secs] [Times: user=0.79 sys=0.02, real=0.15 secs] 
4758.793: [GC (Allocation Failure) [PSYoungGen: 452960K->145024K(519168K)] 1584436K->1379489K(1917440K), 0.0538584 secs] [Times: user=0.32 sys=0.00, real=0.06 secs] 
4758.847: [Full GC (Ergonomics) [PSYoungGen: 145024K->0K(519168K)] [ParOldGen: 1234465K->184122K(1398272K)] 1379489K->184122K(1917440K), [Metaspace: 60472K->60472K(1105920K)], 0.4421759 secs] [Times: user=2.05 sys=0.00, real=0.44 secs] 
4760.760: [GC (GCLocker Initiated GC) [PSYoungGen: 343552K->103904K(521216K)] 527676K->288028K(1919488K), 0.0523749 secs] [Times: user=0.31 sys=0.00, real=0.05 secs] 
4761.742: [GC (Allocation Failure) [PSYoungGen: 447456K->144576K(518144K)] 631583K->428832K(1916416K), 0.0514412 secs] [Times: user=0.30 sys=0.00, real=0.06 secs] 
4763.713: [GC (GCLocker Initiated GC) [PSYoungGen: 486080K->104896K(520192K)] 770336K->524476K(1918464K), 0.1125884 secs] [Times: user=0.66 sys=0.00, real=0.12 secs] 
4765.219: [GC (Allocation Failure) [PSYoungGen: 446400K->149344K(514048K)] 866019K->670330K(1912320K), 0.0522807 secs] [Times: user=0.31 sys=0.00, real=0.05 secs] 
4766.603: [GC (GCLocker Initiated GC) [PSYoungGen: 485728K->105728K(517632K)] 1006714K->758299K(1915904K), 0.0641106 secs] [Times: user=0.38 sys=0.00, real=0.06 secs] 
4767.636: [GC (Allocation Failure) [PSYoungGen: 442112K->136640K(513024K)] 1094686K->891986K(1911296K), 0.0530272 secs] [Times: user=0.31 sys=0.00, real=0.05 secs] 
4769.059: [GC (Allocation Failure) [PSYoungGen: 474560K->107488K(516096K)] 1229906K->990055K(1914368K), 0.0639975 secs] [Times: user=0.38 sys=0.00, real=0.06 secs] 
4769.856: [GC (Allocation Failure) [PSYoungGen: 445408K->139392K(519168K)] 1327975K->1127107K(1917440K), 0.0537400 secs] [Times: user=0.32 sys=0.01, real=0.05 secs] 
4771.437: [GC (Allocation Failure) [PSYoungGen: 483456K->109376K(520704K)] 1471171K->1227027K(1918976K), 0.1012025 secs] [Times: user=0.59 sys=0.00, real=0.10 secs] 
4774.303: [GC (Allocation Failure) [PSYoungGen: 453440K->146272K(518144K)] 1571091K->1370584K(1916416K), 0.0553780 secs] [Times: user=0.32 sys=0.00, real=0.06 secs] 
4775.714: [GC (Allocation Failure) [PSYoungGen: 489824K->109280K(521216K)] 1714136K->1462248K(1919488K), 0.0645726 secs] [Times: user=0.38 sys=0.00, real=0.06 secs] 
4775.778: [Full GC (Ergonomics) [PSYoungGen: 109280K->0K(521216K)] [ParOldGen: 1352968K->23395K(1398272K)] 1462248K->23395K(1919488K), [Metaspace: 60472K->60472K(1105920K)], 0.0399762 secs] [Times: user=0.11 sys=0.00, real=0.04 secs] 
4776.496: [GC (Allocation Failure) [PSYoungGen: 343552K->141600K(521216K)] 366947K->164995K(1919488K), 0.0284143 secs] [Times: user=0.17 sys=0.00, real=0.03 secs] 
4777.849: [GC (Allocation Failure) [PSYoungGen: 487200K->110240K(456192K)] 510595K->266151K(1854464K), 0.0649142 secs] [Times: user=0.39 sys=0.01, real=0.07 secs] 
4780.185: [GC (Allocation Failure) [PSYoungGen: 455840K->138144K(521216K)] 611751K->401707K(1919488K), 0.0530914 secs] [Times: user=0.31 sys=0.00, real=0.05 secs] 
4781.687: [GC (Allocation Failure) [PSYoungGen: 484768K->112416K(521216K)] 748331K->504304K(1919488K), 0.0745539 secs] [Times: user=0.45 sys=0.00, real=0.07 secs] 
4783.398: [GC (Allocation Failure) [PSYoungGen: 459040K->141152K(520704K)] 850928K->643140K(1918976K), 0.0545360 secs] [Times: user=0.32 sys=0.00, real=0.05 secs] 
4784.866: [GC (GCLocker Initiated GC) [PSYoungGen: 489824K->109696K(521728K)] 991812K->743532K(1920000K), 0.0656699 secs] [Times: user=0.38 sys=0.00, real=0.06 secs] 
4786.161: [GC (Allocation Failure) [PSYoungGen: 458368K->141312K(523776K)] 1092275K->882544K(1922048K), 0.0533813 secs] [Times: user=0.31 sys=0.00, real=0.06 secs] 
4787.636: [GC (Allocation Failure) [PSYoungGen: 493568K->111712K(525312K)] 1234800K->984784K(1923584K), 0.0735950 secs] [Times: user=0.44 sys=0.00, real=0.07 secs] 
4789.601: [GC (Allocation Failure) [PSYoungGen: 463968K->142560K(523776K)] 1337040K->1124717K(1922048K), 0.0552765 secs] [Times: user=0.32 sys=0.01, real=0.06 secs] 
4791.179: [GC (Allocation Failure) [PSYoungGen: 495328K->113856K(525312K)] 1477485K->1228825K(1923584K), 0.0659822 secs] [Times: user=0.39 sys=0.00, real=0.07 secs] 
4792.376: [GC (Allocation Failure) [PSYoungGen: 466624K->144320K(523264K)] 1581593K->1370326K(1921536K), 0.0557944 secs] [Times: user=0.33 sys=0.00, real=0.05 secs] 
4794.237: [GC (GCLocker Initiated GC) [PSYoungGen: 497088K->110144K(525824K)] 1723094K->1471246K(1924096K), 0.1048677 secs] [Times: user=0.62 sys=0.00, real=0.10 secs] 
4794.342: [Full GC (Ergonomics) [PSYoungGen: 110144K->0K(525824K)] [ParOldGen: 1361102K->39143K(1398272K)] 1471246K->39143K(1924096K), [Metaspace: 60472K->60472K(1105920K)], 0.0868921 secs] [Times: user=0.35 sys=0.00, real=0.09 secs] 
4795.566: [GC (Allocation Failure) [PSYoungGen: 352768K->145344K(522240K)] 391981K->184557K(1920512K), 0.0296354 secs] [Times: user=0.17 sys=0.01, real=0.03 secs] 
4797.766: [GC (Allocation Failure) [PSYoungGen: 496064K->110112K(524800K)] 535277K->285374K(1923072K), 0.1707584 secs] [Times: user=1.01 sys=0.01, real=0.17 secs] 
4798.637: [GC (Allocation Failure) [PSYoungGen: 460832K->148448K(519168K)] 636094K->429882K(1917440K), 0.0531007 secs] [Times: user=0.32 sys=0.00, real=0.05 secs] 
4800.170: [GC (Allocation Failure) [PSYoungGen: 495072K->107232K(522752K)] 776506K->527966K(1921024K), 0.0655360 secs] [Times: user=0.39 sys=0.00, real=0.07 secs] 
4800.886: [GC (Allocation Failure) [PSYoungGen: 453856K->146464K(518656K)] 874590K->670582K(1916928K), 0.0523901 secs] [Times: user=0.31 sys=0.00, real=0.05 secs] 
4803.077: [GC (Allocation Failure) [PSYoungGen: 490016K->104512K(521216K)] 1014134K->766142K(1919488K), 0.1534687 secs] [Times: user=0.90 sys=0.00, real=0.15 secs] 
4804.587: [GC (Allocation Failure) [PSYoungGen: 448064K->144608K(518144K)] 1109694K->906735K(1916416K), 0.0558858 secs] [Times: user=0.30 sys=0.00, real=0.05 secs] 
4806.663: [GC (Allocation Failure) [PSYoungGen: 486112K->106304K(520192K)] 1248239K->1003967K(1918464K), 0.1482270 secs] [Times: user=0.88 sys=0.00, real=0.15 secs] 
4807.466: [GC (Allocation Failure) [PSYoungGen: 447808K->145632K(516608K)] 1345471K->1145960K(1914880K), 0.0525352 secs] [Times: user=0.32 sys=0.00, real=0.05 secs] 
4809.431: [GC (Allocation Failure) [PSYoungGen: 485088K->101920K(519168K)] 1485416K->1239232K(1917440K), 0.0986216 secs] [Times: user=0.58 sys=0.01, real=0.10 secs] 
4810.114: [GC (Allocation Failure) [PSYoungGen: 441376K->145344K(516096K)] 1578688K->1380457K(1914368K), 0.0511868 secs] [Times: user=0.30 sys=0.00, real=0.05 secs] 
4810.165: [Full GC (Ergonomics) [PSYoungGen: 145344K->0K(516096K)] [ParOldGen: 1235112K->184394K(1398272K)] 1380457K->184394K(1914368K), [Metaspace: 60475K->60475K(1105920K)], 0.4481035 secs] [Times: user=2.09 sys=0.00, real=0.45 secs] 
4812.893: [GC (GCLocker Initiated GC) [PSYoungGen: 337408K->100320K(518144K)] 521803K->284715K(1916416K), 0.1065999 secs] [Times: user=0.63 sys=0.00, real=0.11 secs] 
4814.461: [GC (Allocation Failure) [PSYoungGen: 437728K->145920K(514560K)] 622126K->427646K(1912832K), 0.0507709 secs] [Times: user=0.30 sys=0.00, real=0.05 secs] 
4815.912: [GC (Allocation Failure) [PSYoungGen: 480256K->106784K(516608K)] 761982K->516858K(1914880K), 0.0733862 secs] [Times: user=0.43 sys=0.00, real=0.08 secs] 
4816.991: [GC (Allocation Failure) [PSYoungGen: 441120K->146624K(513536K)] 851194K->660391K(1911808K), 0.0526997 secs] [Times: user=0.31 sys=0.00, real=0.06 secs] 
4818.366: [GC (Allocation Failure) [PSYoungGen: 479936K->104448K(516096K)] 993703K->747619K(1914368K), 0.0650863 secs] [Times: user=0.39 sys=0.00, real=0.06 secs] 
4819.873: [GC (Allocation Failure) [PSYoungGen: 437760K->134688K(510976K)] 1080931K->880172K(1909248K), 0.0526379 secs] [Times: user=0.31 sys=0.00, real=0.06 secs] 
4821.312: [GC (Allocation Failure) [PSYoungGen: 469536K->110304K(514048K)] 1215020K->980996K(1912320K), 0.0683305 secs] [Times: user=0.41 sys=0.00, real=0.07 secs] 
4823.923: [GC (GCLocker Initiated GC) [PSYoungGen: 445152K->128192K(510976K)] 1315844K->1107361K(1909248K), 0.0538838 secs] [Times: user=0.31 sys=0.00, real=0.06 secs] 
4825.343: [GC (Allocation Failure) [PSYoungGen: 471232K->117120K(515584K)] 1450403K->1215099K(1913856K), 0.0635671 secs] [Times: user=0.38 sys=0.00, real=0.06 secs] 
4826.061: [GC (Allocation Failure) [PSYoungGen: 460160K->130912K(522240K)] 1558139K->1345929K(1920512K), 0.0562291 secs] [Times: user=0.33 sys=0.00, real=0.06 secs] 
4827.489: [GC (Allocation Failure) [PSYoungGen: 488288K->3040K(360448K)] 1703305K->1218089K(1758720K), 0.0042666 secs] [Times: user=0.03 sys=0.00, real=0.01 secs] 
4829.258: [GC (Allocation Failure) [PSYoungGen: 360416K->139872K(508928K)] 1575465K->1356006K(1907200K), 0.0293638 secs] [Times: user=0.17 sys=0.00, real=0.03 secs] 
4829.287: [Full GC (Ergonomics) [PSYoungGen: 139872K->0K(508928K)] [ParOldGen: 1216134K->155908K(1398272K)] 1356006K->155908K(1907200K), [Metaspace: 60475K->60475K(1105920K)], 0.3700537 secs] [Times: user=1.70 sys=0.00, real=0.37 secs] 
4830.984: [GC (Allocation Failure) [PSYoungGen: 325120K->109888K(435200K)] 481028K->265796K(1833472K), 0.0407266 secs] [Times: user=0.24 sys=0.00, real=0.04 secs] 
4832.798: [GC (Allocation Failure) [PSYoungGen: 435008K->123552K(512512K)] 590916K->387457K(1910784K), 0.0551391 secs] [Times: user=0.32 sys=0.00, real=0.06 secs] 
4834.208: [GC (Allocation Failure) [PSYoungGen: 455328K->123552K(508928K)] 719233K->501329K(1907200K), 0.0618388 secs] [Times: user=0.37 sys=0.00, real=0.06 secs] 
4835.061: [GC (Allocation Failure) [PSYoungGen: 455328K->114752K(516096K)] 833105K->616009K(1914368K), 0.0549182 secs] [Times: user=0.32 sys=0.00, real=0.06 secs] 
4836.503: [GC (Allocation Failure) [PSYoungGen: 461376K->134400K(515072K)] 962633K->739134K(1913344K), 0.0615380 secs] [Times: user=0.36 sys=0.00, real=0.07 secs] 
4839.268: [GC (Allocation Failure) [PSYoungGen: 481024K->116416K(522752K)] 1085758K->855126K(1921024K), 0.0578729 secs] [Times: user=0.34 sys=0.00, real=0.06 secs] 
4840.694: [GC (Allocation Failure) [PSYoungGen: 476864K->131584K(525824K)] 1215574K->975978K(1924096K), 0.0619179 secs] [Times: user=0.36 sys=0.00, real=0.06 secs] 
4841.584: [GC (Allocation Failure) [PSYoungGen: 492032K->140640K(526336K)] 1336426K->1116571K(1924608K), 0.0591638 secs] [Times: user=0.35 sys=0.00, real=0.06 secs] 
4843.030: [GC (Allocation Failure) [PSYoungGen: 501600K->3168K(364544K)] 1477531K->979123K(1762816K), 0.0025642 secs] [Times: user=0.01 sys=0.00, real=0.00 secs] 
4844.033: [GC (Allocation Failure) [PSYoungGen: 364128K->145024K(503296K)] 1340083K->1122862K(1901568K), 0.0295719 secs] [Times: user=0.17 sys=0.00, real=0.02 secs] 
4845.369: [GC (Allocation Failure) [PSYoungGen: 464000K->103888K(422912K)] 1441838K->1217694K(1821184K), 0.0653684 secs] [Times: user=0.39 sys=0.00, real=0.07 secs] 
4847.643: [GC (Allocation Failure) [PSYoungGen: 422864K->122656K(511488K)] 1536670K->1338571K(1909760K), 0.0512029 secs] [Times: user=0.29 sys=0.00, real=0.06 secs] 
4847.694: [Full GC (Ergonomics) [PSYoungGen: 122656K->0K(511488K)] [ParOldGen: 1215915K->138843K(1398272K)] 1338571K->138843K(1909760K), [Metaspace: 60475K->60475K(1105920K)], 0.3249781 secs] [Times: user=1.50 sys=0.00, real=0.32 secs] 
4849.339: [GC (Allocation Failure) [PSYoungGen: 327680K->124352K(508416K)] 466523K->263195K(1906688K), 0.0448458 secs] [Times: user=0.27 sys=0.00, real=0.05 secs] 
4850.108: [GC (Allocation Failure) [PSYoungGen: 452032K->112128K(511488K)] 590875K->375379K(1909760K), 0.0636214 secs] [Times: user=0.38 sys=0.00, real=0.06 secs] 
4851.603: [GC (Allocation Failure) [PSYoungGen: 452096K->136448K(512000K)] 715347K->501108K(1910272K), 0.0616740 secs] [Times: user=0.36 sys=0.00, real=0.07 secs] 
4852.297: [GC (Allocation Failure) [PSYoungGen: 476416K->110432K(520192K)] 841076K->611516K(1918464K), 0.0580751 secs] [Times: user=0.34 sys=0.00, real=0.06 secs] 
4853.735: [GC (Allocation Failure) [PSYoungGen: 462688K->138048K(522240K)] 963772K->738927K(1920512K), 0.0613180 secs] [Times: user=0.36 sys=0.00, real=0.06 secs] 
4856.961: [GC (Allocation Failure) [PSYoungGen: 490304K->113312K(522240K)] 1091183K->851783K(1920512K), 0.0584680 secs] [Times: user=0.35 sys=0.00, real=0.06 secs] 
4858.375: [GC (Allocation Failure) [PSYoungGen: 469664K->135392K(524288K)] 1208135K->976756K(1922560K), 0.0625030 secs] [Times: user=0.37 sys=0.00, real=0.06 secs] 
4859.683: [GC (Allocation Failure) [PSYoungGen: 491744K->122848K(525312K)] 1333108K->1099148K(1923584K), 0.0595810 secs] [Times: user=0.35 sys=0.01, real=0.05 secs] 
4861.138: [GC (Allocation Failure) [PSYoungGen: 484320K->1440K(363008K)] 1460620K->977812K(1761280K), 0.0028174 secs] [Times: user=0.01 sys=0.00, real=0.00 secs] 
4863.568: [GC (Allocation Failure) [PSYoungGen: 362912K->135136K(511488K)] 1339284K->1112105K(1909760K), 0.0279641 secs] [Times: user=0.16 sys=0.00, real=0.03 secs] 
4864.950: [GC (Allocation Failure) [PSYoungGen: 465376K->1728K(332288K)] 1442345K->978849K(1730560K), 0.0027188 secs] [Times: user=0.01 sys=0.00, real=0.01 secs] 
4865.919: [GC (Allocation Failure) [PSYoungGen: 331968K->125120K(503808K)] 1309089K->1102865K(1902080K), 0.0259721 secs] [Times: user=0.15 sys=0.00, real=0.03 secs] 
4867.329: [GC (Allocation Failure) [PSYoungGen: 433344K->122400K(431104K)] 1411089K->1215241K(1829376K), 0.0632262 secs] [Times: user=0.38 sys=0.00, real=0.06 secs] 
4868.101: [GC (Allocation Failure) [PSYoungGen: 427281K->93632K(508928K)] 1520123K->1308745K(1907200K), 0.0535627 secs] [Times: user=0.32 sys=0.01, real=0.06 secs] 
4868.155: [Full GC (Ergonomics) [PSYoungGen: 93632K->0K(508928K)] [ParOldGen: 1215113K->108771K(1398272K)] 1308745K->108771K(1907200K), [Metaspace: 60475K->60475K(1105920K)], 0.2726179 secs] [Times: user=1.18 sys=0.00, real=0.27 secs] 
4868.813: [GC (Allocation Failure) [PSYoungGen: 315392K->138272K(501760K)] 424163K->247043K(1900032K), 0.0288763 secs] [Times: user=0.17 sys=0.00, real=0.03 secs] 
4872.477: [GC (Allocation Failure) [PSYoungGen: 453664K->85568K(507904K)] 562435K->332395K(1906176K), 0.1266958 secs] [Times: user=0.75 sys=0.00, real=0.13 secs] 
4873.051: [GC (Allocation Failure) [PSYoungGen: 407104K->139520K(507904K)] 653931K->462252K(1906176K), 0.0525857 secs] [Times: user=0.31 sys=0.01, real=0.06 secs] 
4875.708: [GC (Allocation Failure) [PSYoungGen: 461056K->84352K(508416K)] 783788K->546012K(1906688K), 0.1326600 secs] [Times: user=0.79 sys=0.00, real=0.13 secs] 
4876.334: [GC (Allocation Failure) [PSYoungGen: 405376K->137696K(507904K)] 867036K->679940K(1906176K), 0.0475517 secs] [Times: user=0.28 sys=0.00, real=0.04 secs] 
4878.053: [GC (Allocation Failure) [PSYoungGen: 458720K->95936K(504320K)] 1000964K->767492K(1902592K), 0.0966008 secs] [Times: user=0.57 sys=0.00, real=0.09 secs] 
4880.205: [GC (Allocation Failure) [PSYoungGen: 417472K->133120K(506368K)] 1089028K->896369K(1904640K), 0.0471128 secs] [Times: user=0.27 sys=0.01, real=0.04 secs] 
4881.612: [GC (Allocation Failure) [PSYoungGen: 454656K->101120K(503296K)] 1217905K->988069K(1901568K), 0.0625846 secs] [Times: user=0.37 sys=0.01, real=0.07 secs] 
4882.529: [GC (Allocation Failure) [PSYoungGen: 428800K->134400K(507904K)] 1315749K->1120790K(1906176K), 0.0515331 secs] [Times: user=0.30 sys=0.00, real=0.05 secs] 
4883.955: [GC (Allocation Failure) [PSYoungGen: 462080K->105280K(509440K)] 1448470K->1216886K(1907712K), 0.0640438 secs] [Times: user=0.38 sys=0.01, real=0.06 secs] 
4884.940: [GC (Allocation Failure) [PSYoungGen: 441664K->133824K(513024K)] 1553270K->1349195K(1911296K), 0.0526534 secs] [Times: user=0.30 sys=0.01, real=0.05 secs] 
4884.993: [Full GC (Ergonomics) [PSYoungGen: 133824K->0K(513024K)] [ParOldGen: 1215371K->150825K(1398272K)] 1349195K->150825K(1911296K), [Metaspace: 60475K->60475K(1105920K)], 0.3507925 secs] [Times: user=1.60 sys=0.00, real=0.36 secs] 
4886.662: [GC (Allocation Failure) [PSYoungGen: 336384K->114080K(510976K)] 487209K->264905K(1909248K), 0.0414004 secs] [Times: user=0.25 sys=0.00, real=0.05 secs] 
4888.242: [GC (Allocation Failure) [PSYoungGen: 457632K->131616K(515584K)] 608457K->395516K(1913856K), 0.0565208 secs] [Times: user=0.34 sys=0.00, real=0.06 secs] 
4889.718: [GC (Allocation Failure) [PSYoungGen: 475168K->118400K(518656K)] 739068K->504332K(1916928K), 0.0643680 secs] [Times: user=0.38 sys=0.00, real=0.06 secs] 
4891.743: [GC (Allocation Failure) [PSYoungGen: 472192K->134912K(522240K)] 858124K->637489K(1920512K), 0.0548302 secs] [Times: user=0.32 sys=0.00, real=0.06 secs] 
4893.256: [GC (Allocation Failure) [PSYoungGen: 488704K->117056K(522240K)] 991281K->745089K(1920512K), 0.0686406 secs] [Times: user=0.41 sys=0.00, real=0.07 secs] 
4894.078: [GC (Allocation Failure) [PSYoungGen: 476992K->144448K(525312K)] 1105025K->887806K(1923584K), 0.0560984 secs] [Times: user=0.33 sys=0.00, real=0.06 secs] 
4895.678: [GC (Allocation Failure) [PSYoungGen: 504384K->116128K(528896K)] 1247742K->994074K(1927168K), 0.0705517 secs] [Times: user=0.42 sys=0.00, real=0.07 secs] 
4896.703: [GC (Allocation Failure) [PSYoungGen: 478624K->150560K(513536K)] 1356570K->1142095K(1911808K), 0.0567390 secs] [Times: user=0.33 sys=0.00, real=0.06 secs] 
4898.666: [GC (Allocation Failure) [PSYoungGen: 513056K->113632K(529408K)] 1504591K->1246431K(1927680K), 0.1630686 secs] [Times: user=0.97 sys=0.00, real=0.16 secs] 
4900.356: [GC (Allocation Failure) [PSYoungGen: 469984K->148896K(505344K)] 1602783K->1390968K(1903616K), 0.0550493 secs] [Times: user=0.32 sys=0.00, real=0.05 secs] 
4900.411: [Full GC (Ergonomics) [PSYoungGen: 148896K->0K(505344K)] [ParOldGen: 1242072K->188896K(1398272K)] 1390968K->188896K(1903616K), [Metaspace: 60475K->60475K(1105920K)], 0.4534136 secs] [Times: user=2.10 sys=0.01, real=0.46 secs] 
4902.379: [GC (Allocation Failure) [PSYoungGen: 356352K->109280K(526336K)] 545248K->298184K(1924608K), 0.0468223 secs] [Times: user=0.27 sys=0.01, real=0.05 secs] 
4903.214: [GC (Allocation Failure) [PSYoungGen: 461024K->158336K(510464K)] 649928K->451841K(1908736K), 0.0524712 secs] [Times: user=0.31 sys=0.00, real=0.05 secs] 
4905.596: [GC (Allocation Failure) [PSYoungGen: 510080K->109920K(520704K)] 803585K->544753K(1918976K), 0.1558600 secs] [Times: user=0.91 sys=0.01, real=0.15 secs] 
4906.580: [GC (Allocation Failure) [PSYoungGen: 449888K->142912K(518144K)] 884721K->683457K(1916416K), 0.0515032 secs] [Times: user=0.30 sys=0.01, real=0.05 secs] 
4908.927: [GC (Allocation Failure) [PSYoungGen: 482880K->102272K(519680K)] 1023425K->776825K(1917952K), 0.1106296 secs] [Times: user=0.66 sys=0.00, real=0.11 secs] 
4909.657: [GC (Allocation Failure) [PSYoungGen: 443264K->145184K(486400K)] 1117817K->918581K(1884672K), 0.0505230 secs] [Times: user=0.30 sys=0.00, real=0.05 secs] 
4911.648: [GC (Allocation Failure) [PSYoungGen: 486176K->103008K(519680K)] 1259573K->1012941K(1917952K), 0.0971611 secs] [Times: user=0.58 sys=0.00, real=0.10 secs] 
4912.691: [GC (Allocation Failure) [PSYoungGen: 441952K->143360K(518144K)] 1351885K->1152250K(1916416K), 0.0508228 secs] [Times: user=0.30 sys=0.00, real=0.05 secs] 
4916.288: [GC (Allocation Failure) [PSYoungGen: 482304K->100672K(518656K)] 1491194K->1244422K(1916928K), 0.1480871 secs] [Times: user=0.88 sys=0.00, real=0.15 secs] 
4917.616: [GC (Allocation Failure) [PSYoungGen: 439104K->140992K(518144K)] 1582854K->1381699K(1916416K), 0.0507543 secs] [Times: user=0.29 sys=0.00, real=0.05 secs] 
4917.666: [Full GC (Ergonomics) [PSYoungGen: 140992K->0K(518144K)] [ParOldGen: 1240707K->180137K(1398272K)] 1381699K->180137K(1916416K), [Metaspace: 60475K->60475K(1105920K)], 0.4409283 secs] [Times: user=2.06 sys=0.00, real=0.44 secs] 
4919.435: [GC (Allocation Failure) [PSYoungGen: 338432K->107072K(515072K)] 518569K->287209K(1913344K), 0.0349472 secs] [Times: user=0.18 sys=0.00, real=0.03 secs] 
4920.131: [GC (Allocation Failure) [PSYoungGen: 445504K->149056K(516608K)] 625641K->433030K(1914880K), 0.0530155 secs] [Times: user=0.31 sys=0.00, real=0.06 secs] 
4921.596: [GC (Allocation Failure) [PSYoungGen: 487488K->104288K(518656K)] 771462K->519766K(1916928K), 0.0651198 secs] [Times: user=0.38 sys=0.00, real=0.06 secs] 
4922.579: [GC (Allocation Failure) [PSYoungGen: 440672K->141024K(516608K)] 856150K->658442K(1914880K), 0.0517970 secs] [Times: user=0.30 sys=0.00, real=0.05 secs] 
4924.166: [GC (Allocation Failure) [PSYoungGen: 477408K->105504K(514560K)] 994826K->755171K(1912832K), 0.0845705 secs] [Times: user=0.49 sys=0.01, real=0.08 secs] 
4926.243: [GC (Allocation Failure) [PSYoungGen: 442912K->136768K(516096K)] 1092579K->889151K(1914368K), 0.0524237 secs] [Times: user=0.31 sys=0.00, real=0.05 secs] 
4927.663: [GC (Allocation Failure) [PSYoungGen: 474176K->108320K(514560K)] 1226559K->988255K(1912832K), 0.0645527 secs] [Times: user=0.38 sys=0.00, real=0.06 secs] 
4928.314: [GC (Allocation Failure) [PSYoungGen: 450336K->139840K(517632K)] 1330271K->1126456K(1915904K), 0.0540887 secs] [Times: user=0.32 sys=0.00, real=0.05 secs] 
4929.770: [GC (Allocation Failure) [PSYoungGen: 481856K->108736K(519168K)] 1468472K->1225808K(1917440K), 0.0755569 secs] [Times: user=0.45 sys=0.00, real=0.08 secs] 
4931.858: [GC (Allocation Failure) [PSYoungGen: 455360K->141056K(520704K)] 1572432K->1364933K(1918976K), 0.0553313 secs] [Times: user=0.32 sys=0.00, real=0.06 secs] 
4933.315: [GC (Allocation Failure) [PSYoungGen: 487680K->110592K(521216K)] 1711557K->1466645K(1919488K), 0.0677971 secs] [Times: user=0.40 sys=0.00, real=0.06 secs] 
4933.383: [Full GC (Ergonomics) [PSYoungGen: 110592K->0K(521216K)] [ParOldGen: 1356053K->26831K(1398272K)] 1466645K->26831K(1919488K), [Metaspace: 60491K->60491K(1105920K)], 0.0489072 secs] [Times: user=0.15 sys=0.00, real=0.05 secs] 
4934.353: [GC (Allocation Failure) [PSYoungGen: 349184K->144128K(522240K)] 376015K->170959K(1920512K), 0.0289904 secs] [Times: user=0.17 sys=0.00, real=0.03 secs] 
4936.577: [GC (GCLocker Initiated GC) [PSYoungGen: 493312K->106240K(523776K)] 520143K->268855K(1922048K), 0.0730280 secs] [Times: user=0.43 sys=0.00, real=0.07 secs] 
4937.297: [GC (Allocation Failure) [PSYoungGen: 454912K->144384K(493568K)] 617531K->411144K(1891840K), 0.0521580 secs] [Times: user=0.31 sys=0.00, real=0.05 secs] 
4938.693: [GC (Allocation Failure) [PSYoungGen: 493056K->108032K(524288K)] 759816K->510016K(1922560K), 0.0646823 secs] [Times: user=0.38 sys=0.00, real=0.06 secs] 
4940.701: [GC (Allocation Failure) [PSYoungGen: 455680K->143552K(491520K)] 857664K->651257K(1889792K), 0.0529322 secs] [Times: user=0.31 sys=0.00, real=0.06 secs] 
4942.829: [GC (GCLocker Initiated GC) [PSYoungGen: 491200K->107776K(523776K)] 998906K->749962K(1922048K), 0.0659818 secs] [Times: user=0.39 sys=0.00, real=0.07 secs] 
4943.756: [GC (Allocation Failure) [PSYoungGen: 454400K->145152K(492032K)] 1096588K->892865K(1890304K), 0.0533162 secs] [Times: user=0.31 sys=0.00, real=0.05 secs] 
4945.142: [GC (GCLocker Initiated GC) [PSYoungGen: 491776K->107136K(523264K)] 1239492K->991140K(1921536K), 0.0656532 secs] [Times: user=0.39 sys=0.00, real=0.07 secs] 
4945.820: [GC (Allocation Failure) [PSYoungGen: 452736K->142848K(521216K)] 1336779K->1131587K(1919488K), 0.0541498 secs] [Times: user=0.30 sys=0.00, real=0.06 secs] 
4948.286: [GC (Allocation Failure) [PSYoungGen: 488448K->107936K(521216K)] 1477187K->1230572K(1919488K), 0.0918226 secs] [Times: user=0.55 sys=0.00, real=0.09 secs] 
4950.247: [GC (Allocation Failure) [PSYoungGen: 453536K->141760K(521216K)] 1576172K->1369528K(1919488K), 0.0530972 secs] [Times: user=0.32 sys=0.00, real=0.05 secs] 
4951.726: [GC (GCLocker Initiated GC) [PSYoungGen: 487360K->109952K(520192K)] 1715129K->1470081K(1918464K), 0.0842149 secs] [Times: user=0.49 sys=0.01, real=0.08 secs] 
4951.810: [Full GC (Ergonomics) [PSYoungGen: 109952K->0K(520192K)] [ParOldGen: 1360129K->35759K(1398272K)] 1470081K->35759K(1918464K), [Metaspace: 60495K->60495K(1105920K)], 0.0693709 secs] [Times: user=0.25 sys=0.00, real=0.07 secs] 
4952.581: [GC (Allocation Failure) [PSYoungGen: 346624K->143744K(521216K)] 382386K->179506K(1919488K), 0.0290456 secs] [Times: user=0.16 sys=0.00, real=0.03 secs] 
4954.206: [GC (Allocation Failure) [PSYoungGen: 490368K->108352K(522240K)] 526130K->278602K(1920512K), 0.0831236 secs] [Times: user=0.49 sys=0.00, real=0.08 secs] 
4954.968: [GC (Allocation Failure) [PSYoungGen: 456000K->153504K(501248K)] 626250K->428947K(1899520K), 0.0533106 secs] [Times: user=0.32 sys=0.00, real=0.05 secs] 
4956.699: [GC (Allocation Failure) [PSYoungGen: 501152K->112352K(521216K)] 776595K->523803K(1919488K), 0.0939356 secs] [Times: user=0.56 sys=0.00, real=0.10 secs] 
4958.704: [GC (Allocation Failure) [PSYoungGen: 453344K->141216K(518656K)] 864795K->659096K(1916928K), 0.0528858 secs] [Times: user=0.31 sys=0.00, real=0.05 secs] 
4960.195: [GC (Allocation Failure) [PSYoungGen: 482208K->108224K(519680K)] 1000088K->758008K(1917952K), 0.0734209 secs] [Times: user=0.43 sys=0.00, real=0.07 secs] 
4961.020: [GC (Allocation Failure) [PSYoungGen: 450752K->152224K(495104K)] 1100536K->907551K(1893376K), 0.0543643 secs] [Times: user=0.32 sys=0.00, real=0.06 secs] 
4962.564: [GC (Allocation Failure) [PSYoungGen: 494752K->104928K(519168K)] 1250079K->995183K(1917440K), 0.0688478 secs] [Times: user=0.41 sys=0.00, real=0.06 secs] 
4963.383: [GC (Allocation Failure) [PSYoungGen: 442848K->141376K(517632K)] 1333103K->1134060K(1915904K), 0.0528233 secs] [Times: user=0.31 sys=0.00, real=0.06 secs] 
4965.698: [GC (Allocation Failure) [PSYoungGen: 479296K->105696K(517120K)] 1471980K->1230916K(1915392K), 0.1757767 secs] [Times: user=1.04 sys=0.00, real=0.18 secs] 
4968.282: [GC (Allocation Failure) [PSYoungGen: 444640K->136128K(517632K)] 1569860K->1364129K(1915904K), 0.0523160 secs] [Times: user=0.31 sys=0.00, real=0.06 secs] 
4969.712: [GC (Allocation Failure) [PSYoungGen: 475072K->107840K(516608K)] 1703073K->1462553K(1914880K), 0.0654396 secs] [Times: user=0.39 sys=0.01, real=0.07 secs] 
4969.778: [Full GC (Ergonomics) [PSYoungGen: 107840K->0K(516608K)] [ParOldGen: 1354713K->30039K(1398272K)] 1462553K->30039K(1914880K), [Metaspace: 60497K->60497K(1105920K)], 0.0556820 secs] [Times: user=0.17 sys=0.00, real=0.06 secs] 
4970.468: [GC (Allocation Failure) [PSYoungGen: 342528K->143520K(518144K)] 372567K->173559K(1916416K), 0.0291274 secs] [Times: user=0.17 sys=0.00, real=0.03 secs] 
4971.882: [GC (Allocation Failure) [PSYoungGen: 486048K->106208K(521216K)] 516087K->271039K(1919488K), 0.0643849 secs] [Times: user=0.38 sys=0.00, real=0.07 secs] 
4972.850: [GC (Allocation Failure) [PSYoungGen: 451808K->143584K(521216K)] 616639K->413123K(1919488K), 0.0526122 secs] [Times: user=0.31 sys=0.00, real=0.05 secs] 
4974.769: [GC (Allocation Failure) [PSYoungGen: 489184K->108832K(521216K)] 758723K->513419K(1919488K), 0.1012268 secs] [Times: user=0.60 sys=0.01, real=0.10 secs] 
4976.936: [GC (Allocation Failure) [PSYoungGen: 454432K->140832K(521216K)] 859019K->651720K(1919488K), 0.0529035 secs] [Times: user=0.31 sys=0.00, real=0.05 secs] 
4978.988: [GC (GCLocker Initiated GC) [PSYoungGen: 486432K->107424K(520192K)] 997320K->749936K(1918464K), 0.0705473 secs] [Times: user=0.42 sys=0.00, real=0.07 secs] 
4979.861: [GC (Allocation Failure) [PSYoungGen: 454048K->143136K(521216K)] 1096631K->890428K(1919488K), 0.0535909 secs] [Times: user=0.32 sys=0.00, real=0.06 secs] 
4981.300: [GC (Allocation Failure) [PSYoungGen: 489760K->109568K(522240K)] 1237052K->990936K(1920512K), 0.0657188 secs] [Times: user=0.39 sys=0.00, real=0.07 secs] 
4984.025: [GC (Allocation Failure) [PSYoungGen: 457216K->139968K(522240K)] 1338584K->1127997K(1920512K), 0.0535119 secs] [Times: user=0.31 sys=0.00, real=0.05 secs] 
4985.463: [GC (Allocation Failure) [PSYoungGen: 487616K->111904K(519680K)] 1475645K->1230501K(1917952K), 0.0659046 secs] [Times: user=0.39 sys=0.00, real=0.07 secs] 
4987.074: [GC (Allocation Failure) [PSYoungGen: 461088K->141856K(521728K)] 1579685K->1369910K(1920000K), 0.0560135 secs] [Times: user=0.33 sys=0.00, real=0.05 secs] 
4989.541: [GC (Allocation Failure) [PSYoungGen: 491040K->109728K(524288K)] 1719094K->1470470K(1922560K), 0.1024630 secs] [Times: user=0.61 sys=0.00, real=0.11 secs] 
4989.644: [Full GC (Ergonomics) [PSYoungGen: 109728K->0K(524288K)] [ParOldGen: 1360742K->35146K(1398272K)] 1470470K->35146K(1922560K), [Metaspace: 60564K->60564K(1105920K)], 0.0800765 secs] [Times: user=0.32 sys=0.00, real=0.08 secs] 
4990.852: [GC (Allocation Failure) [PSYoungGen: 351744K->145504K(497664K)] 386890K->180650K(1895936K), 0.0291774 secs] [Times: user=0.17 sys=0.00, real=0.03 secs] 
4993.042: [GC (Allocation Failure) [PSYoungGen: 497248K->110432K(525824K)] 532394K->282498K(1924096K), 0.1229774 secs] [Times: user=0.73 sys=0.01, real=0.13 secs] 
4994.588: [GC (Allocation Failure) [PSYoungGen: 461152K->146080K(497152K)] 633218K->424855K(1895424K), 0.0529347 secs] [Times: user=0.32 sys=0.00, real=0.05 secs] 
4996.026: [GC (Allocation Failure) [PSYoungGen: 496800K->109280K(524288K)] 775575K->525219K(1922560K), 0.0658243 secs] [Times: user=0.39 sys=0.01, real=0.06 secs] 
4997.027: [GC (Allocation Failure) [PSYoungGen: 457440K->146208K(494592K)] 873379K->667640K(1892864K), 0.0540734 secs] [Times: user=0.26 sys=0.00, real=0.05 secs] 
4998.943: [GC (Allocation Failure) [PSYoungGen: 494368K->105824K(522752K)] 1015800K->764664K(1921024K), 0.1295514 secs] [Times: user=0.77 sys=0.01, real=0.13 secs] 
4999.839: [GC (Allocation Failure) [PSYoungGen: 451424K->144640K(490496K)] 1110264K->905681K(1888768K), 0.0516833 secs] [Times: user=0.30 sys=0.00, real=0.05 secs] 
5002.284: [GC (Allocation Failure) [PSYoungGen: 490240K->108320K(522752K)] 1251281K->1004441K(1921024K), 0.1407425 secs] [Times: user=0.84 sys=0.00, real=0.14 secs] 
5003.720: [GC (Allocation Failure) [PSYoungGen: 452896K->144736K(520704K)] 1349017K->1145341K(1918976K), 0.0526825 secs] [Times: user=0.31 sys=0.00, real=0.05 secs] 
5005.117: [GC (GCLocker Initiated GC) [PSYoungGen: 489312K->105184K(521728K)] 1489918K->1241758K(1920000K), 0.0650331 secs] [Times: user=0.39 sys=0.01, real=0.06 secs] 
5005.943: [GC (Allocation Failure) [PSYoungGen: 448736K->142048K(520704K)] 1585312K->1380751K(1918976K), 0.0514480 secs] [Times: user=0.31 sys=0.00, real=0.05 secs] 
5005.995: [Full GC (Ergonomics) [PSYoungGen: 142048K->0K(520704K)] [ParOldGen: 1238703K->185692K(1398272K)] 1380751K->185692K(1918976K), [Metaspace: 60564K->60564K(1105920K)], 0.4446756 secs] [Times: user=2.05 sys=0.00, real=0.44 secs] 
5008.090: [GC (Allocation Failure) [PSYoungGen: 343552K->105440K(519680K)] 529244K->291132K(1917952K), 0.0462495 secs] [Times: user=0.28 sys=0.00, real=0.05 secs] 
5009.607: [GC (Allocation Failure) [PSYoungGen: 448992K->142464K(520192K)] 634684K->430105K(1918464K), 0.0508514 secs] [Times: user=0.30 sys=0.00, real=0.05 secs] 
5012.441: [GC (Allocation Failure) [PSYoungGen: 486016K->106880K(519680K)] 773657K->527757K(1917952K), 0.0652148 secs] [Times: user=0.38 sys=0.00, real=0.07 secs] 
5013.820: [GC (Allocation Failure) [PSYoungGen: 450944K->142016K(520192K)] 871821K->665866K(1918464K), 0.0529781 secs] [Times: user=0.31 sys=0.00, real=0.05 secs] 
5015.267: [GC (Allocation Failure) [PSYoungGen: 486080K->108800K(520192K)] 1009930K->765434K(1918464K), 0.0652435 secs] [Times: user=0.39 sys=0.00, real=0.06 secs] 
5016.320: [GC (GCLocker Initiated GC) [PSYoungGen: 453888K->141216K(520704K)] 1110522K->902603K(1918976K), 0.0540380 secs] [Times: user=0.31 sys=0.01, real=0.06 secs] 
5018.308: [GC (Allocation Failure) [PSYoungGen: 486304K->110752K(519168K)] 1247693K->1003449K(1917440K), 0.0831300 secs] [Times: user=0.49 sys=0.00, real=0.08 secs] 
5019.954: [GC (Allocation Failure) [PSYoungGen: 457376K->143520K(520704K)] 1350073K->1143118K(1918976K), 0.0552209 secs] [Times: user=0.32 sys=0.00, real=0.05 secs] 
5021.394: [GC (GCLocker Initiated GC) [PSYoungGen: 490144K->109440K(522752K)] 1489742K->1243294K(1921024K), 0.0947324 secs] [Times: user=0.57 sys=0.00, real=0.09 secs] 
5022.317: [GC (Allocation Failure) [PSYoungGen: 458112K->145760K(494592K)] 1591969K->1385485K(1892864K), 0.0545713 secs] [Times: user=0.32 sys=0.00, real=0.05 secs] 
5022.372: [Full GC (Ergonomics) [PSYoungGen: 145760K->0K(494592K)] [ParOldGen: 1239725K->184957K(1398272K)] 1385485K->184957K(1892864K), [Metaspace: 60564K->60564K(1105920K)], 0.4508171 secs] [Times: user=2.10 sys=0.00, real=0.45 secs] 
5024.196: [GC (Allocation Failure) [PSYoungGen: 348672K->107776K(523776K)] 533629K->292733K(1922048K), 0.0376168 secs] [Times: user=0.21 sys=0.00, real=0.04 secs] 
5025.429: [GC (Allocation Failure) [PSYoungGen: 454400K->145920K(493056K)] 639357K->434690K(1891328K), 0.0524045 secs] [Times: user=0.31 sys=0.00, real=0.05 secs] 
5027.502: [GC (GCLocker Initiated GC) [PSYoungGen: 492544K->106560K(522240K)] 781314K->532002K(1920512K), 0.1521004 secs] [Times: user=0.90 sys=0.00, real=0.16 secs] 
5028.488: [GC (Allocation Failure) [PSYoungGen: 450624K->146112K(490496K)] 876137K->674485K(1888768K), 0.0521116 secs] [Times: user=0.31 sys=0.01, real=0.05 secs] 
5030.449: [GC (Allocation Failure) [PSYoungGen: 490176K->106176K(521216K)] 1018549K->772101K(1919488K), 0.0655356 secs] [Times: user=0.38 sys=0.00, real=0.07 secs] 
5031.574: [GC (Allocation Failure) [PSYoungGen: 448192K->143584K(519680K)] 1114117K->912074K(1917952K), 0.0519848 secs] [Times: user=0.31 sys=0.00, real=0.05 secs] 
5033.187: [GC (GCLocker Initiated GC) [PSYoungGen: 485600K->105280K(519680K)] 1254090K->1008506K(1917952K), 0.1009653 secs] [Times: user=0.60 sys=0.01, real=0.10 secs] 
5034.661: [GC (Allocation Failure) [PSYoungGen: 447296K->142560K(519680K)] 1350593K->1147006K(1917952K), 0.0524696 secs] [Times: user=0.31 sys=0.00, real=0.06 secs] 
5036.244: [GC (Allocation Failure) [PSYoungGen: 484576K->105856K(518656K)] 1489022K->1243554K(1916928K), 0.0908133 secs] [Times: user=0.53 sys=0.00, real=0.09 secs] 
5037.149: [GC (Allocation Failure) [PSYoungGen: 447872K->145504K(519168K)] 1585570K->1386087K(1917440K), 0.0529939 secs] [Times: user=0.31 sys=0.00, real=0.05 secs] 
5037.202: [Full GC (Ergonomics) [PSYoungGen: 145504K->0K(519168K)] [ParOldGen: 1240583K->185089K(1398272K)] 1386087K->185089K(1917440K), [Metaspace: 60564K->60564K(1105920K)], 0.4425355 secs] [Times: user=2.04 sys=0.00, real=0.45 secs] 
5039.348: [GC (Allocation Failure) [PSYoungGen: 342016K->103456K(520192K)] 527105K->288545K(1918464K), 0.0428026 secs] [Times: user=0.25 sys=0.00, real=0.04 secs] 
5040.166: [GC (Allocation Failure) [PSYoungGen: 444448K->144896K(486400K)] 629537K->430463K(1884672K), 0.0509291 secs] [Times: user=0.30 sys=0.00, real=0.05 secs] 
5042.111: [GC (Allocation Failure) [PSYoungGen: 485888K->103168K(519680K)] 771455K->524935K(1917952K), 0.0988353 secs] [Times: user=0.59 sys=0.01, real=0.10 secs] 
5043.222: [GC (Allocation Failure) [PSYoungGen: 442112K->142048K(518144K)] 863879K->664280K(1916416K), 0.0512532 secs] [Times: user=0.29 sys=0.00, real=0.05 secs] 
5045.064: [GC (Allocation Failure) [PSYoungGen: 480992K->104320K(517632K)] 1003224K->759816K(1915904K), 0.1036950 secs] [Times: user=0.61 sys=0.00, real=0.10 secs] 
5046.695: [GC (Allocation Failure) [PSYoungGen: 443776K->139744K(518144K)] 1099272K->897417K(1916416K), 0.0521937 secs] [Times: user=0.31 sys=0.00, real=0.05 secs] 
5048.381: [GC (Allocation Failure) [PSYoungGen: 479200K->106976K(515584K)] 1236873K->995425K(1913856K), 0.0782027 secs] [Times: user=0.47 sys=0.00, real=0.08 secs] 
5049.441: [GC (Allocation Failure) [PSYoungGen: 447968K->149024K(517632K)] 1336417K->1141750K(1915904K), 0.0532924 secs] [Times: user=0.32 sys=0.00, real=0.06 secs] 
5050.884: [GC (Allocation Failure) [PSYoungGen: 490016K->106944K(520192K)] 1482742K->1231502K(1918464K), 0.0654388 secs] [Times: user=0.38 sys=0.00, real=0.06 secs] 
5052.735: [GC (Allocation Failure) [PSYoungGen: 446400K->139552K(518144K)] 1570958K->1369017K(1916416K), 0.0539304 secs] [Times: user=0.31 sys=0.00, real=0.05 secs] 
5054.157: [GC (Allocation Failure) [PSYoungGen: 479008K->107232K(516608K)] 1708473K->1467266K(1914880K), 0.0659175 secs] [Times: user=0.39 sys=0.00, real=0.07 secs] 
5054.223: [Full GC (Ergonomics) [PSYoungGen: 107232K->0K(516608K)] [ParOldGen: 1360033K->27122K(1398272K)] 1467266K->27122K(1914880K), [Metaspace: 60564K->60564K(1105920K)], 0.0470234 secs] [Times: user=0.15 sys=0.00, real=0.04 secs] 
5055.084: [GC (GCLocker Initiated GC) [PSYoungGen: 340992K->140672K(517632K)] 368114K->167794K(1915904K), 0.0282552 secs] [Times: user=0.17 sys=0.00, real=0.02 secs] 
5057.151: [GC (Allocation Failure) [PSYoungGen: 481664K->107168K(519168K)] 508789K->266469K(1917440K), 0.0651133 secs] [Times: user=0.39 sys=0.00, real=0.07 secs] 
5058.025: [GC (Allocation Failure) [PSYoungGen: 451744K->140864K(520192K)] 611045K->405281K(1918464K), 0.0522641 secs] [Times: user=0.31 sys=0.00, real=0.05 secs] 
5059.489: [GC (Allocation Failure) [PSYoungGen: 485440K->109280K(519680K)] 749857K->505385K(1917952K), 0.0765059 secs] [Times: user=0.46 sys=0.00, real=0.08 secs] 
5060.461: [GC (Allocation Failure) [PSYoungGen: 455392K->141792K(520704K)] 851497K->645594K(1918976K), 0.0542471 secs] [Times: user=0.32 sys=0.00, real=0.06 secs] 
5061.953: [GC (Allocation Failure) [PSYoungGen: 487904K->109920K(520704K)] 991706K->746202K(1918976K), 0.0665514 secs] [Times: user=0.39 sys=0.00, real=0.07 secs] 
5063.336: [GC (Allocation Failure) [PSYoungGen: 458080K->142624K(521728K)] 1094362K->887723K(1920000K), 0.0551538 secs] [Times: user=0.32 sys=0.00, real=0.05 secs] 
5065.214: [GC (Allocation Failure) [PSYoungGen: 490784K->109248K(523264K)] 1235883K->988115K(1921536K), 0.0663208 secs] [Times: user=0.40 sys=0.00, real=0.06 secs] 
5066.736: [GC (Allocation Failure) [PSYoungGen: 458944K->140704K(523264K)] 1337811K->1126304K(1921536K), 0.0535514 secs] [Times: user=0.31 sys=0.01, real=0.05 secs] 
5068.227: [GC (Allocation Failure) [PSYoungGen: 490400K->114016K(521216K)] 1476000K->1230928K(1919488K), 0.0652676 secs] [Times: user=0.39 sys=0.00, real=0.06 secs] 
5070.297: [GC (Allocation Failure) [PSYoungGen: 464736K->151744K(502784K)] 1581648K->1379989K(1901056K), 0.0561330 secs] [Times: user=0.33 sys=0.00, real=0.05 secs] 
5071.831: [GC (Allocation Failure) [PSYoungGen: 502464K->112160K(523776K)] 1730709K->1474601K(1922048K), 0.0664066 secs] [Times: user=0.40 sys=0.00, real=0.07 secs] 
5071.897: [Full GC (Ergonomics) [PSYoungGen: 112160K->0K(523776K)] [ParOldGen: 1362441K->41612K(1398272K)] 1474601K->41612K(1922048K), [Metaspace: 60564K->60564K(1105920K)], 0.0875204 secs] [Times: user=0.32 sys=0.00, real=0.09 secs] 
5072.911: [GC (Allocation Failure) [PSYoungGen: 346624K->142784K(521728K)] 388236K->184396K(1920000K), 0.0295800 secs] [Times: user=0.17 sys=0.00, real=0.03 secs] 
5074.368: [GC (GCLocker Initiated GC) [PSYoungGen: 489408K->108256K(521728K)] 531020K->283524K(1920000K), 0.0775439 secs] [Times: user=0.46 sys=0.01, real=0.08 secs] 
5075.019: [GC (GCLocker Initiated GC) [PSYoungGen: 455904K->147008K(495104K)] 631175K->427104K(1893376K), 0.0521940 secs] [Times: user=0.31 sys=0.00, real=0.05 secs] 
5077.469: [GC (Allocation Failure) [PSYoungGen: 494656K->106080K(522240K)] 774790K->524686K(1920512K), 0.1486580 secs] [Times: user=0.87 sys=0.01, real=0.15 secs] 
5078.777: [GC (Allocation Failure) [PSYoungGen: 450656K->144768K(489472K)] 869262K->665851K(1887744K), 0.0519393 secs] [Times: user=0.31 sys=0.00, real=0.05 secs] 
5080.540: [GC (Allocation Failure) [PSYoungGen: 489344K->105888K(521728K)] 1010427K->762683K(1920000K), 0.0649130 secs] [Times: user=0.38 sys=0.00, real=0.07 secs] 
5081.361: [GC (Allocation Failure) [PSYoungGen: 448928K->146144K(489472K)] 1105723K->905695K(1887744K), 0.0523525 secs] [Times: user=0.30 sys=0.00, real=0.06 secs] 
5082.865: [GC (GCLocker Initiated GC) [PSYoungGen: 489184K->104832K(520704K)] 1248736K->1001832K(1918976K), 0.0910835 secs] [Times: user=0.54 sys=0.01, real=0.09 secs] 
5083.979: [GC (Allocation Failure) [PSYoungGen: 445824K->149472K(490496K)] 1342863K->1147387K(1888768K), 0.0521079 secs] [Times: user=0.31 sys=0.00, real=0.05 secs] 
5085.904: [GC (Allocation Failure) [PSYoungGen: 490464K->108352K(519168K)] 1488379K->1238243K(1917440K), 0.1227223 secs] [Times: user=0.73 sys=0.00, real=0.12 secs] 
5087.346: [GC (Allocation Failure) [PSYoungGen: 445760K->140416K(517120K)] 1575651K->1374664K(1915392K), 0.0523239 secs] [Times: user=0.31 sys=0.00, real=0.05 secs] 
5087.398: [Full GC (Ergonomics) [PSYoungGen: 140416K->0K(517120K)] [ParOldGen: 1234248K->177396K(1398272K)] 1374664K->177396K(1915392K), [Metaspace: 60564K->60564K(1105920K)], 0.4261534 secs] [Times: user=1.98 sys=0.00, real=0.43 secs] 
5089.345: [GC (Allocation Failure) [PSYoungGen: 337408K->106464K(517632K)] 514804K->283860K(1915904K), 0.0529935 secs] [Times: user=0.30 sys=0.00, real=0.05 secs] 
5090.209: [GC (GCLocker Initiated GC) [PSYoungGen: 445408K->139936K(517120K)] 622805K->421681K(1915392K), 0.0522747 secs] [Times: user=0.31 sys=0.00, real=0.05 secs] 
5091.716: [GC (Allocation Failure) [PSYoungGen: 478880K->106272K(518144K)] 760627K->518835K(1916416K), 0.0791162 secs] [Times: user=0.47 sys=0.00, real=0.08 secs] 
5093.018: [GC (Allocation Failure) [PSYoungGen: 448800K->141504K(519168K)] 861363K->657672K(1917440K), 0.0523041 secs] [Times: user=0.31 sys=0.00, real=0.05 secs] 
5094.444: [GC (Allocation Failure) [PSYoungGen: 484032K->106240K(520192K)] 1000200K->754732K(1918464K), 0.0679475 secs] [Times: user=0.40 sys=0.01, real=0.06 secs] 
5096.221: [GC (Allocation Failure) [PSYoungGen: 450816K->142048K(520704K)] 1099308K->893761K(1918976K), 0.0523404 secs] [Times: user=0.31 sys=0.01, real=0.06 secs] 
5097.712: [GC (Allocation Failure) [PSYoungGen: 486624K->110944K(519168K)] 1238337K->995377K(1917440K), 0.0881066 secs] [Times: user=0.53 sys=0.00, real=0.09 secs] 
5099.565: [GC (Allocation Failure) [PSYoungGen: 456032K->139808K(520192K)] 1340465K->1132689K(1918464K), 0.0563924 secs] [Times: user=0.31 sys=0.00, real=0.05 secs] 
5101.318: [GC (Allocation Failure) [PSYoungGen: 484896K->109184K(520192K)] 1477777K->1233057K(1918464K), 0.0657729 secs] [Times: user=0.38 sys=0.00, real=0.07 secs] 
5102.655: [GC (Allocation Failure) [PSYoungGen: 457344K->141216K(521728K)] 1581217K->1371598K(1920000K), 0.0540397 secs] [Times: user=0.32 sys=0.00, real=0.05 secs] 
5104.138: [GC (Allocation Failure) [PSYoungGen: 489376K->111808K(521728K)] 1719758K->1473650K(1920000K), 0.0677952 secs] [Times: user=0.40 sys=0.00, real=0.07 secs] 
5104.206: [Full GC (Ergonomics) [PSYoungGen: 111808K->0K(521728K)] [ParOldGen: 1361842K->33955K(1398272K)] 1473650K->33955K(1920000K), [Metaspace: 60564K->60564K(1105920K)], 0.0698300 secs] [Times: user=0.24 sys=0.00, real=0.07 secs] 
5105.259: [GC (GCLocker Initiated GC) [PSYoungGen: 350208K->146912K(522752K)] 384163K->180867K(1921024K), 0.0295611 secs] [Times: user=0.17 sys=0.00, real=0.03 secs] 
5106.728: [GC (Allocation Failure) [PSYoungGen: 497120K->112416K(523776K)] 531076K->284380K(1922048K), 0.0676785 secs] [Times: user=0.40 sys=0.00, real=0.07 secs] 
5107.480: [GC (Allocation Failure) [PSYoungGen: 461600K->145024K(522752K)] 633564K->424757K(1921024K), 0.0533340 secs] [Times: user=0.31 sys=0.00, real=0.06 secs] 
5109.238: [GC (Allocation Failure) [PSYoungGen: 494208K->112192K(522752K)] 773941K->528325K(1921024K), 0.0660448 secs] [Times: user=0.39 sys=0.00, real=0.07 secs] 
5110.375: [GC (Allocation Failure) [PSYoungGen: 461376K->145088K(522752K)] 877509K->669830K(1921024K), 0.0535236 secs] [Times: user=0.32 sys=0.00, real=0.05 secs] 
5112.305: [GC (Allocation Failure) [PSYoungGen: 494272K->108000K(523776K)] 1019014K->768934K(1922048K), 0.1167942 secs] [Times: user=0.68 sys=0.01, real=0.11 secs] 
5113.741: [GC (Allocation Failure) [PSYoungGen: 456160K->155360K(503808K)] 1117094K->919627K(1902080K), 0.0533700 secs] [Times: user=0.32 sys=0.00, real=0.06 secs] 
5115.698: [GC (Allocation Failure) [PSYoungGen: 503520K->108352K(519680K)] 1267787K->1010523K(1917952K), 0.1123706 secs] [Times: user=0.66 sys=0.00, real=0.11 secs] 
5116.525: [GC (Allocation Failure) [PSYoungGen: 447296K->144928K(518144K)] 1349467K->1151202K(1916416K), 0.0528620 secs] [Times: user=0.31 sys=0.00, real=0.05 secs] 
5117.953: [GC (GCLocker Initiated GC) [PSYoungGen: 483872K->106016K(518144K)] 1490147K->1248603K(1916416K), 0.0669954 secs] [Times: user=0.39 sys=0.00, real=0.07 secs] 
5118.933: [GC (Allocation Failure) [PSYoungGen: 444960K->148992K(488448K)] 1587550K->1393635K(1886720K), 0.0522705 secs] [Times: user=0.31 sys=0.00, real=0.06 secs] 
5118.985: [Full GC (Ergonomics) [PSYoungGen: 148992K->0K(488448K)] [ParOldGen: 1244643K->188872K(1398272K)] 1393635K->188872K(1886720K), [Metaspace: 60564K->60564K(1105920K)], 0.4469542 secs] [Times: user=2.07 sys=0.00, real=0.44 secs] 
5120.983: [GC (Allocation Failure) [PSYoungGen: 338944K->105856K(518144K)] 527818K->294730K(1916416K), 0.0405580 secs] [Times: user=0.24 sys=0.00, real=0.04 secs] 
5122.421: [GC (Allocation Failure) [PSYoungGen: 441728K->138784K(475136K)] 630602K->429359K(1873408K), 0.0505901 secs] [Times: user=0.30 sys=0.00, real=0.05 secs] 
5123.942: [GC (Allocation Failure) [PSYoungGen: 474656K->107008K(518144K)] 765231K->526759K(1916416K), 0.0951222 secs] [Times: user=0.56 sys=0.01, real=0.10 secs] 
5124.626: [GC (Allocation Failure) [PSYoungGen: 444928K->142080K(516096K)] 864679K->665396K(1914368K), 0.0523961 secs] [Times: user=0.31 sys=0.00, real=0.05 secs] 
5126.288: [GC (Allocation Failure) [PSYoungGen: 480000K->104832K(518656K)] 1003316K->761124K(1916928K), 0.0643648 secs] [Times: user=0.38 sys=0.00, real=0.06 secs] 
5127.265: [GC (Allocation Failure) [PSYoungGen: 446336K->151200K(493056K)] 1102628K->910572K(1891328K), 0.0535282 secs] [Times: user=0.31 sys=0.00, real=0.05 secs] 
5128.953: [GC (Allocation Failure) [PSYoungGen: 492704K->106080K(518656K)] 1252076K->999980K(1916928K), 0.0691221 secs] [Times: user=0.41 sys=0.00, real=0.07 secs] 
5130.586: [GC (Allocation Failure) [PSYoungGen: 442464K->137216K(474112K)] 1336364K->1134553K(1872384K), 0.0521866 secs] [Times: user=0.30 sys=0.00, real=0.05 secs] 
5132.025: [GC (Allocation Failure) [PSYoungGen: 473600K->107200K(517632K)] 1470937K->1232289K(1915904K), 0.0692401 secs] [Times: user=0.41 sys=0.00, real=0.07 secs] 
5133.106: [GC (Allocation Failure) [PSYoungGen: 445632K->141472K(515584K)] 1570721K->1372069K(1913856K), 0.0542734 secs] [Times: user=0.32 sys=0.00, real=0.05 secs] 
5135.116: [GC (Allocation Failure) [PSYoungGen: 479904K->105856K(519680K)] 1710501K->1469405K(1917952K), 0.0665005 secs] [Times: user=0.39 sys=0.00, real=0.07 secs] 
5135.183: [Full GC (Ergonomics) [PSYoungGen: 105856K->0K(519680K)] [ParOldGen: 1363549K->28210K(1398272K)] 1469405K->28210K(1917952K), [Metaspace: 60602K->60602K(1105920K)], 0.0525953 secs] [Times: user=0.17 sys=0.00, real=0.05 secs] 
5135.908: [GC (Allocation Failure) [PSYoungGen: 343552K->140224K(520192K)] 371762K->168434K(1918464K), 0.0280451 secs] [Times: user=0.16 sys=0.01, real=0.03 secs] 
5137.397: [GC (Allocation Failure) [PSYoungGen: 483776K->108800K(518656K)] 511986K->268186K(1916928K), 0.0648597 secs] [Times: user=0.39 sys=0.00, real=0.06 secs] 
5138.504: [GC (Allocation Failure) [PSYoungGen: 453888K->143040K(520192K)] 613274K->409667K(1918464K), 0.0533903 secs] [Times: user=0.31 sys=0.00, real=0.05 secs] 
5140.106: [GC (Allocation Failure) [PSYoungGen: 488128K->107328K(521728K)] 754755K->508143K(1920000K), 0.0722810 secs] [Times: user=0.43 sys=0.00, real=0.07 secs] 
5141.536: [GC (Allocation Failure) [PSYoungGen: 453952K->143360K(521728K)] 854767K->649487K(1920000K), 0.0526213 secs] [Times: user=0.31 sys=0.00, real=0.05 secs] 
5143.235: [GC (Allocation Failure) [PSYoungGen: 489984K->108672K(521728K)] 996111K->749487K(1920000K), 0.0656016 secs] [Times: user=0.39 sys=0.01, real=0.06 secs] 
5144.585: [GC (Allocation Failure) [PSYoungGen: 455296K->142944K(521728K)] 1096111K->890140K(1920000K), 0.0541151 secs] [Times: user=0.32 sys=0.00, real=0.05 secs] 
5146.076: [GC (Allocation Failure) [PSYoungGen: 489568K->109088K(520704K)] 1236764K->990340K(1918976K), 0.0657272 secs] [Times: user=0.39 sys=0.00, real=0.06 secs] 
5147.472: [GC (Allocation Failure) [PSYoungGen: 455712K->143424K(521216K)] 1336964K->1131205K(1919488K), 0.0541731 secs] [Times: user=0.32 sys=0.01, real=0.06 secs] 
5148.941: [GC (Allocation Failure) [PSYoungGen: 490048K->110816K(522240K)] 1477829K->1232613K(1920512K), 0.0697460 secs] [Times: user=0.41 sys=0.00, real=0.07 secs] 
5150.076: [GC (Allocation Failure) [PSYoungGen: 458464K->143584K(522240K)] 1580261K->1373994K(1920512K), 0.0548572 secs] [Times: user=0.32 sys=0.00, real=0.05 secs] 
5152.001: [GC (Allocation Failure) [PSYoungGen: 491232K->108320K(522240K)] 1721642K->1473626K(1920512K), 0.0696445 secs] [Times: user=0.41 sys=0.00, real=0.07 secs] 
5152.071: [Full GC (Ergonomics) [PSYoungGen: 108320K->0K(522240K)] [ParOldGen: 1365306K->40305K(1398272K)] 1473626K->40305K(1920512K), [Metaspace: 60603K->60603K(1105920K)], 0.0789882 secs] [Times: user=0.30 sys=0.00, real=0.08 secs] 
5152.831: [GC (Allocation Failure) [PSYoungGen: 347648K->145664K(493568K)] 387953K->185969K(1891840K), 0.0288335 secs] [Times: user=0.17 sys=0.00, real=0.03 secs] 
5154.582: [GC (Allocation Failure) [PSYoungGen: 493312K->106624K(523264K)] 533617K->283773K(1921536K), 0.1218439 secs] [Times: user=0.72 sys=0.00, real=0.13 secs] 
5156.119: [GC (GCLocker Initiated GC) [PSYoungGen: 452736K->143488K(489984K)] 629885K->423642K(1888256K), 0.0515485 secs] [Times: user=0.31 sys=0.00, real=0.05 secs] 
5157.975: [GC (Allocation Failure) [PSYoungGen: 489600K->108064K(523264K)] 769757K->522513K(1921536K), 0.1345215 secs] [Times: user=0.79 sys=0.00, real=0.13 secs] 
5159.552: [GC (Allocation Failure) [PSYoungGen: 453664K->144928K(491008K)] 868113K->663434K(1889280K), 0.0522791 secs] [Times: user=0.31 sys=0.00, real=0.06 secs] 
5161.468: [GC (Allocation Failure) [PSYoungGen: 490528K->107776K(522752K)] 1009034K->762510K(1921024K), 0.0773613 secs] [Times: user=0.45 sys=0.01, real=0.08 secs] 
5162.448: [GC (Allocation Failure) [PSYoungGen: 452352K->144256K(520704K)] 1107086K->903151K(1918976K), 0.0525327 secs] [Times: user=0.31 sys=0.00, real=0.05 secs] 
5164.314: [GC (Allocation Failure) [PSYoungGen: 488832K->107040K(521216K)] 1247727K->1001191K(1919488K), 0.1102632 secs] [Times: user=0.65 sys=0.00, real=0.11 secs] 
5165.131: [GC (Allocation Failure) [PSYoungGen: 451104K->144928K(489472K)] 1345255K->1142959K(1887744K), 0.0524456 secs] [Times: user=0.30 sys=0.00, real=0.06 secs] 
5167.166: [GC (Allocation Failure) [PSYoungGen: 488992K->106528K(521728K)] 1487023K->1240344K(1920000K), 0.1500202 secs] [Times: user=0.89 sys=0.00, real=0.15 secs] 
5168.143: [GC (Allocation Failure) [PSYoungGen: 449568K->144096K(487424K)] 1583384K->1381484K(1885696K), 0.0541921 secs] [Times: user=0.32 sys=0.00, real=0.06 secs] 
5168.197: [Full GC (Ergonomics) [PSYoungGen: 144096K->0K(487424K)] [ParOldGen: 1237388K->184825K(1398272K)] 1381484K->184825K(1885696K), [Metaspace: 60603K->60603K(1105920K)], 0.4444779 secs] [Times: user=2.05 sys=0.00, real=0.44 secs] 
5170.729: [GC (Allocation Failure) [PSYoungGen: 343040K->107360K(521728K)] 527865K->292186K(1920000K), 0.0376922 secs] [Times: user=0.22 sys=0.00, real=0.04 secs] 
5171.331: [GC (Allocation Failure) [PSYoungGen: 449888K->143008K(519680K)] 634714K->431126K(1917952K), 0.0522653 secs] [Times: user=0.29 sys=0.00, real=0.06 secs] 
5172.983: [GC (Allocation Failure) [PSYoungGen: 485536K->107744K(519168K)] 773654K->529378K(1917440K), 0.0839520 secs] [Times: user=0.49 sys=0.00, real=0.08 secs] 
5173.969: [GC (Allocation Failure) [PSYoungGen: 450784K->145888K(519680K)] 872418K->671874K(1917952K), 0.0528684 secs] [Times: user=0.31 sys=0.00, real=0.05 secs] 
5176.263: [GC (Allocation Failure) [PSYoungGen: 488928K->104320K(520704K)] 1014914K->767422K(1918976K), 0.1624499 secs] [Times: user=0.96 sys=0.01, real=0.16 secs] 
5177.210: [GC (Allocation Failure) [PSYoungGen: 445824K->143456K(485376K)] 1108926K->907813K(1883648K), 0.0519597 secs] [Times: user=0.31 sys=0.00, real=0.05 secs] 
5179.087: [GC (GCLocker Initiated GC) [PSYoungGen: 484960K->105568K(521216K)] 1249317K->1004565K(1919488K), 0.1208180 secs] [Times: user=0.72 sys=0.01, real=0.12 secs] 
5180.329: [GC (Allocation Failure) [PSYoungGen: 447072K->149504K(491520K)] 1346108K->1150153K(1889792K), 0.0524680 secs] [Times: user=0.30 sys=0.00, real=0.05 secs] 
5181.889: [GC (Allocation Failure) [PSYoungGen: 491008K->107488K(519168K)] 1491657K->1240181K(1917440K), 0.0767350 secs] [Times: user=0.45 sys=0.00, real=0.08 secs] 
5182.712: [GC (Allocation Failure) [PSYoungGen: 444896K->140480K(517120K)] 1577589K->1377818K(1915392K), 0.0530359 secs] [Times: user=0.32 sys=0.00, real=0.06 secs] 
5182.766: [Full GC (Ergonomics) [PSYoungGen: 140480K->0K(517120K)] [ParOldGen: 1237338K->175865K(1398272K)] 1377818K->175865K(1915392K), [Metaspace: 60603K->60603K(1105920K)], 0.4227905 secs] [Times: user=1.96 sys=0.00, real=0.42 secs] 
5184.622: [GC (Allocation Failure) [PSYoungGen: 337408K->105376K(516608K)] 513273K->281241K(1914880K), 0.0426402 secs] [Times: user=0.25 sys=0.00, real=0.05 secs] 
5186.199: [GC (Allocation Failure) [PSYoungGen: 444320K->139520K(517120K)] 620185K->418030K(1915392K), 0.0524595 secs] [Times: user=0.30 sys=0.00, real=0.05 secs] 
5187.602: [GC (Allocation Failure) [PSYoungGen: 478464K->106112K(517120K)] 756974K->515158K(1915392K), 0.0644698 secs] [Times: user=0.38 sys=0.00, real=0.07 secs] 
5188.441: [GC (Allocation Failure) [PSYoungGen: 448128K->140992K(518656K)] 857174K->654139K(1916928K), 0.0525499 secs] [Times: user=0.31 sys=0.01, real=0.06 secs] 
5190.146: [GC (Allocation Failure) [PSYoungGen: 483008K->109024K(518144K)] 996155K->754203K(1916416K), 0.0658968 secs] [Times: user=0.39 sys=0.00, real=0.06 secs] 
5192.227: [GC (Allocation Failure) [PSYoungGen: 453600K->139488K(519680K)] 1098779K->891328K(1917952K), 0.0534629 secs] [Times: user=0.31 sys=0.00, real=0.05 secs] 
5193.616: [GC (GCLocker Initiated GC) [PSYoungGen: 484064K->110688K(519680K)] 1235904K->993000K(1917952K), 0.0650297 secs] [Times: user=0.39 sys=0.00, real=0.06 secs] 
5196.175: [GC (Allocation Failure) [PSYoungGen: 458336K->149248K(521216K)] 1340687K->1139540K(1919488K), 0.0552574 secs] [Times: user=0.33 sys=0.00, real=0.05 secs] 
5197.599: [GC (Allocation Failure) [PSYoungGen: 496896K->108672K(523264K)] 1487188K->1230912K(1921536K), 0.0732925 secs] [Times: user=0.44 sys=0.00, real=0.07 secs] 
5198.948: [GC (Allocation Failure) [PSYoungGen: 454272K->142144K(521216K)] 1576512K->1370635K(1919488K), 0.0549750 secs] [Times: user=0.32 sys=0.00, real=0.05 secs] 
5200.387: [GC (Allocation Failure) [PSYoungGen: 487744K->111072K(519680K)] 1716235K->1472431K(1917952K), 0.0664787 secs] [Times: user=0.40 sys=0.00, real=0.07 secs] 
5200.454: [Full GC (Ergonomics) [PSYoungGen: 111072K->0K(519680K)] [ParOldGen: 1361359K->32908K(1398272K)] 1472431K->32908K(1917952K), [Metaspace: 60603K->60603K(1105920K)], 0.0594993 secs] [Times: user=0.20 sys=0.00, real=0.06 secs] 
5201.630: [GC (Allocation Failure) [PSYoungGen: 346112K->143232K(520704K)] 379020K->176140K(1918976K), 0.0286802 secs] [Times: user=0.17 sys=0.00, real=0.03 secs] 
5203.058: [GC (Allocation Failure) [PSYoungGen: 489344K->110464K(522240K)] 522252K->277428K(1920512K), 0.0860583 secs] [Times: user=0.51 sys=0.00, real=0.09 secs] 
5203.974: [GC (Allocation Failure) [PSYoungGen: 458112K->143680K(522240K)] 625076K->418937K(1920512K), 0.0535322 secs] [Times: user=0.31 sys=0.00, real=0.05 secs] 
5205.559: [GC (Allocation Failure) [PSYoungGen: 491328K->109536K(522752K)] 766585K->519569K(1921024K), 0.1018723 secs] [Times: user=0.60 sys=0.00, real=0.10 secs] 
5206.767: [GC (Allocation Failure) [PSYoungGen: 457696K->142880K(522752K)] 867729K->659774K(1921024K), 0.0532683 secs] [Times: user=0.31 sys=0.00, real=0.05 secs] 
5208.217: [GC (Allocation Failure) [PSYoungGen: 491040K->110592K(521728K)] 1007934K->761366K(1920000K), 0.0652985 secs] [Times: user=0.38 sys=0.00, real=0.06 secs] 
5209.082: [GC (Allocation Failure) [PSYoungGen: 458752K->143968K(522240K)] 1109526K->902371K(1920512K), 0.0538771 secs] [Times: user=0.32 sys=0.00, real=0.06 secs] 
5210.899: [GC (Allocation Failure) [PSYoungGen: 492128K->110144K(522752K)] 1250531K->1003555K(1921024K), 0.0924683 secs] [Times: user=0.55 sys=0.00, real=0.09 secs] 
5211.801: [GC (Allocation Failure) [PSYoungGen: 458816K->145888K(494592K)] 1352227K->1146216K(1892864K), 0.0531702 secs] [Times: user=0.31 sys=0.00, real=0.06 secs] 
5213.455: [GC (Allocation Failure) [PSYoungGen: 494560K->108800K(523776K)] 1494888K->1246312K(1922048K), 0.0691025 secs] [Times: user=0.40 sys=0.01, real=0.07 secs] 
5214.642: [GC (Allocation Failure) [PSYoungGen: 455936K->146464K(494080K)] 1593448K->1388044K(1892352K), 0.0529571 secs] [Times: user=0.31 sys=0.00, real=0.06 secs] 
5214.695: [Full GC (Ergonomics) [PSYoungGen: 146464K->0K(494080K)] [ParOldGen: 1241580K->191259K(1398272K)] 1388044K->191259K(1892352K), [Metaspace: 60603K->60603K(1105920K)], 0.4677799 secs] [Times: user=2.19 sys=0.00, real=0.46 secs] 
5217.088: [GC (Allocation Failure) [PSYoungGen: 347136K->107232K(522752K)] 538395K->298491K(1921024K), 0.0849798 secs] [Times: user=0.50 sys=0.00, real=0.08 secs] 
5217.959: [GC (Allocation Failure) [PSYoungGen: 452320K->146080K(491520K)] 643579K->440472K(1889792K), 0.0508332 secs] [Times: user=0.30 sys=0.01, real=0.05 secs] 
5219.929: [GC (Allocation Failure) [PSYoungGen: 491168K->106880K(521728K)] 785560K->538176K(1920000K), 0.1058029 secs] [Times: user=0.63 sys=0.00, real=0.11 secs] 
5220.653: [GC (Allocation Failure) [PSYoungGen: 449920K->144512K(487936K)] 881216K->679773K(1886208K), 0.0529270 secs] [Times: user=0.31 sys=0.00, real=0.05 secs] 
5222.369: [GC (Allocation Failure) [PSYoungGen: 487552K->105440K(521216K)] 1022813K->776837K(1919488K), 0.0652613 secs] [Times: user=0.39 sys=0.01, real=0.07 secs] 
5223.026: [GC (Allocation Failure) [PSYoungGen: 447456K->145760K(487936K)] 1118853K->919070K(1886208K), 0.0514923 secs] [Times: user=0.30 sys=0.00, real=0.05 secs] 
5224.758: [GC (Allocation Failure) [PSYoungGen: 487776K->103520K(520192K)] 1261086K->1014126K(1918464K), 0.0650916 secs] [Times: user=0.39 sys=0.01, real=0.07 secs] 
5226.027: [GC (Allocation Failure) [PSYoungGen: 443488K->143232K(518656K)] 1354094K->1152915K(1916928K), 0.0507274 secs] [Times: user=0.30 sys=0.01, real=0.05 secs] 
5227.725: [GC (Allocation Failure) [PSYoungGen: 483200K->105312K(518656K)] 1492883K->1249155K(1916928K), 0.0719441 secs] [Times: user=0.43 sys=0.00, real=0.07 secs] 
5228.865: [GC (Allocation Failure) [PSYoungGen: 445280K->144448K(484864K)] 1589123K->1389808K(1883136K), 0.0517170 secs] [Times: user=0.30 sys=0.00, real=0.05 secs] 
5228.917: [Full GC (Ergonomics) [PSYoungGen: 144448K->0K(484864K)] [ParOldGen: 1245360K->189079K(1398272K)] 1389808K->189079K(1883136K), [Metaspace: 60603K->60603K(1105920K)], 0.4567744 secs] [Times: user=2.12 sys=0.00, real=0.46 secs] 
5230.656: [GC (GCLocker Initiated GC) [PSYoungGen: 339968K->104512K(519680K)] 529047K->293591K(1917952K), 0.0325963 secs] [Times: user=0.19 sys=0.00, real=0.03 secs] 
5231.236: [GC (Allocation Failure) [PSYoungGen: 443456K->152384K(491520K)] 632574K->442959K(1889792K), 0.0512153 secs] [Times: user=0.30 sys=0.00, real=0.05 secs] 
5233.179: [GC (Allocation Failure) [PSYoungGen: 491328K->102400K(516608K)] 781903K->528695K(1914880K), 0.1076535 secs] [Times: user=0.63 sys=0.00, real=0.11 secs] 
5234.189: [GC (Allocation Failure) [PSYoungGen: 435200K->139712K(515072K)] 861495K->664964K(1913344K), 0.0507859 secs] [Times: user=0.30 sys=0.00, real=0.05 secs] 
5235.652: [GC (Allocation Failure) [PSYoungGen: 472512K->104800K(514048K)] 997764K->760692K(1912320K), 0.0648010 secs] [Times: user=0.38 sys=0.00, real=0.07 secs] 
5236.837: [GC (Allocation Failure) [PSYoungGen: 439136K->138080K(514560K)] 1095028K->896389K(1912832K), 0.0529446 secs] [Times: user=0.32 sys=0.00, real=0.05 secs] 
5238.498: [GC (Allocation Failure) [PSYoungGen: 472416K->104480K(515584K)] 1230725K->992021K(1913856K), 0.0690228 secs] [Times: user=0.40 sys=0.00, real=0.07 secs] 
5239.236: [GC (Allocation Failure) [PSYoungGen: 443424K->138752K(517120K)] 1330965K->1129468K(1915392K), 0.0537658 secs] [Times: user=0.32 sys=0.00, real=0.05 secs] 
5240.698: [GC (Allocation Failure) [PSYoungGen: 477696K->107008K(516608K)] 1468412K->1227340K(1914880K), 0.0661293 secs] [Times: user=0.39 sys=0.00, real=0.07 secs] 
5242.770: [GC (Allocation Failure) [PSYoungGen: 449536K->139136K(518656K)] 1569868K->1365041K(1916928K), 0.0546249 secs] [Times: user=0.32 sys=0.00, real=0.06 secs] 
5244.503: [GC (Allocation Failure) [PSYoungGen: 481664K->108384K(518144K)] 1707569K->1464761K(1916416K), 0.0731402 secs] [Times: user=0.43 sys=0.00, real=0.07 secs] 
5244.577: [Full GC (Ergonomics) [PSYoungGen: 108384K->0K(518144K)] [ParOldGen: 1356377K->24054K(1398272K)] 1464761K->24054K(1916416K), [Metaspace: 60603K->60603K(1105920K)], 0.0383886 secs] [Times: user=0.11 sys=0.00, real=0.04 secs] 
5245.286: [GC (Allocation Failure) [PSYoungGen: 346112K->143072K(520192K)] 370166K->167126K(1918464K), 0.0290934 secs] [Times: user=0.17 sys=0.00, real=0.03 secs] 
5246.732: [GC (Allocation Failure) [PSYoungGen: 489184K->109536K(522240K)] 513238K->267910K(1920512K), 0.0650663 secs] [Times: user=0.38 sys=0.01, real=0.07 secs] 
5247.956: [GC (Allocation Failure) [PSYoungGen: 457696K->150176K(498688K)] 616070K->416589K(1896960K), 0.0538135 secs] [Times: user=0.32 sys=0.00, real=0.05 secs] 
5249.356: [GC (Allocation Failure) [PSYoungGen: 498336K->110272K(522240K)] 764749K->509861K(1920512K), 0.0800830 secs] [Times: user=0.48 sys=0.00, real=0.08 secs] 
5251.189: [GC (GCLocker Initiated GC) [PSYoungGen: 453824K->138304K(482304K)] 853413K->645306K(1880576K), 0.0528337 secs] [Times: user=0.31 sys=0.00, real=0.05 secs] 
5252.689: [GC (Allocation Failure) [PSYoungGen: 481856K->109024K(521728K)] 988929K->745297K(1920000K), 0.0638349 secs] [Times: user=0.38 sys=0.00, real=0.06 secs] 
5254.500: [GC (Allocation Failure) [PSYoungGen: 454624K->140832K(519680K)] 1090897K->884546K(1917952K), 0.0536785 secs] [Times: user=0.31 sys=0.00, real=0.06 secs] 
5255.972: [GC (Allocation Failure) [PSYoungGen: 486432K->109696K(521728K)] 1230146K->985330K(1920000K), 0.0656584 secs] [Times: user=0.39 sys=0.00, real=0.07 secs] 
5257.265: [GC (Allocation Failure) [PSYoungGen: 459392K->143424K(522752K)] 1335026K->1126475K(1921024K), 0.0538803 secs] [Times: user=0.32 sys=0.00, real=0.05 secs] 
5259.191: [GC (Allocation Failure) [PSYoungGen: 493120K->111040K(523264K)] 1476171K->1228579K(1921536K), 0.0914221 secs] [Times: user=0.54 sys=0.00, real=0.09 secs] 
5260.186: [GC (Allocation Failure) [PSYoungGen: 461248K->144384K(523264K)] 1578787K->1370072K(1921536K), 0.0537622 secs] [Times: user=0.32 sys=0.00, real=0.05 secs] 
5261.927: [GC (Allocation Failure) [PSYoungGen: 494592K->112160K(523264K)] 1720280K->1472432K(1921536K), 0.1129465 secs] [Times: user=0.67 sys=0.00, real=0.11 secs] 
5262.040: [Full GC (Ergonomics) [PSYoungGen: 112160K->0K(523264K)] [ParOldGen: 1360272K->39687K(1398272K)] 1472432K->39687K(1921536K), [Metaspace: 60603K->60603K(1105920K)], 0.1017871 secs] [Times: user=0.41 sys=0.00, real=0.10 secs] 
5262.876: [GC (Allocation Failure) [PSYoungGen: 350208K->146816K(497152K)] 389895K->186504K(1895424K), 0.0290777 secs] [Times: user=0.17 sys=0.00, real=0.03 secs] 
5265.099: [GC (Allocation Failure) [PSYoungGen: 497024K->106816K(523776K)] 536712K->284864K(1922048K), 0.1332043 secs] [Times: user=0.80 sys=0.00, real=0.13 secs] 
5265.976: [GC (Allocation Failure) [PSYoungGen: 454464K->146688K(494592K)] 632512K->427016K(1892864K), 0.0512585 secs] [Times: user=0.30 sys=0.00, real=0.05 secs] 
5267.799: [GC (Allocation Failure) [PSYoungGen: 494336K->109376K(522752K)] 774664K->527408K(1921024K), 0.1166254 secs] [Times: user=0.69 sys=0.01, real=0.12 secs] 
5269.055: [GC (GCLocker Initiated GC) [PSYoungGen: 453952K->142848K(520704K)] 871987K->666296K(1918976K), 0.0518551 secs] [Times: user=0.30 sys=0.00, real=0.05 secs] 
5270.863: [GC (Allocation Failure) [PSYoungGen: 487424K->107648K(520704K)] 1010873K->764697K(1918976K), 0.1073604 secs] [Times: user=0.64 sys=0.00, real=0.10 secs] 
5271.669: [GC (Allocation Failure) [PSYoungGen: 453248K->145120K(491008K)] 1110297K->906812K(1889280K), 0.0551156 secs] [Times: user=0.33 sys=0.00, real=0.06 secs] 
5273.865: [GC (Allocation Failure) [PSYoungGen: 490720K->106368K(522240K)] 1252412K->1004716K(1920512K), 0.0957964 secs] [Times: user=0.57 sys=0.00, real=0.09 secs] 
5274.713: [GC (Allocation Failure) [PSYoungGen: 450432K->145248K(489472K)] 1348780K->1146273K(1887744K), 0.0518380 secs] [Times: user=0.30 sys=0.00, real=0.05 secs] 
5276.553: [GC (Allocation Failure) [PSYoungGen: 489312K->106208K(521728K)] 1490337K->1243409K(1920000K), 0.0820534 secs] [Times: user=0.49 sys=0.01, real=0.09 secs] 
5277.863: [GC (Allocation Failure) [PSYoungGen: 449248K->143456K(520192K)] 1586449K->1382558K(1918464K), 0.0517058 secs] [Times: user=0.30 sys=0.00, real=0.05 secs] 
5277.915: [Full GC (Ergonomics) [PSYoungGen: 143456K->0K(520192K)] [ParOldGen: 1239102K->186938K(1398272K)] 1382558K->186938K(1918464K), [Metaspace: 60603K->60603K(1105920K)], 0.4497696 secs] [Times: user=2.09 sys=0.00, real=0.45 secs] 
5279.791: [GC (Allocation Failure) [PSYoungGen: 343040K->111552K(518144K)] 529978K->298490K(1916416K), 0.0469342 secs] [Times: user=0.27 sys=0.00, real=0.05 secs] 
5280.483: [GC (Allocation Failure) [PSYoungGen: 454592K->144704K(519168K)] 641530K->437087K(1917440K), 0.0522799 secs] [Times: user=0.31 sys=0.00, real=0.05 secs] 
5282.224: [GC (Allocation Failure) [PSYoungGen: 487744K->105984K(521728K)] 780127K->534007K(1920000K), 0.0958852 secs] [Times: user=0.56 sys=0.00, real=0.09 secs] 
5283.053: [GC (Allocation Failure) [PSYoungGen: 449536K->144320K(487936K)] 877559K->674452K(1886208K), 0.0519645 secs] [Times: user=0.31 sys=0.00, real=0.05 secs] 
5284.846: [GC (Allocation Failure) [PSYoungGen: 487872K->105024K(521216K)] 1018004K->770516K(1919488K), 0.1325839 secs] [Times: user=0.78 sys=0.00, real=0.13 secs] 
5286.791: [GC (Allocation Failure) [PSYoungGen: 447552K->141920K(520192K)] 1113044K->908209K(1918464K), 0.0524235 secs] [Times: user=0.31 sys=0.00, real=0.06 secs] 
5288.259: [GC (Allocation Failure) [PSYoungGen: 484448K->107712K(518144K)] 1250737K->1006561K(1916416K), 0.0679284 secs] [Times: user=0.41 sys=0.01, real=0.07 secs] 
5289.500: [GC (Allocation Failure) [PSYoungGen: 450240K->142528K(519168K)] 1349089K->1144749K(1917440K), 0.0535614 secs] [Times: user=0.32 sys=0.00, real=0.06 secs] 
5290.962: [GC (GCLocker Initiated GC) [PSYoungGen: 485056K->107584K(519680K)] 1487278K->1243370K(1917952K), 0.0936604 secs] [Times: user=0.55 sys=0.00, real=0.10 secs] 
5291.696: [GC (Allocation Failure) [PSYoungGen: 451648K->145344K(520192K)] 1587437K->1384609K(1918464K), 0.0534640 secs] [Times: user=0.31 sys=0.00, real=0.05 secs] 
5291.749: [Full GC (Ergonomics) [PSYoungGen: 145344K->0K(520192K)] [ParOldGen: 1239265K->184160K(1398272K)] 1384609K->184160K(1918464K), [Metaspace: 60603K->60603K(1105920K)], 0.4469391 secs] [Times: user=2.08 sys=0.00, real=0.45 secs] 
5293.911: [GC (Allocation Failure) [PSYoungGen: 344064K->108736K(520704K)] 528224K->292897K(1918976K), 0.0791958 secs] [Times: user=0.46 sys=0.00, real=0.08 secs] 
5295.157: [GC (Allocation Failure) [PSYoungGen: 452288K->144512K(520192K)] 636449K->431725K(1918464K), 0.0521663 secs] [Times: user=0.31 sys=0.01, real=0.05 secs] 
5296.694: [GC (Allocation Failure) [PSYoungGen: 488064K->107968K(520192K)] 775277K->530493K(1918464K), 0.0810833 secs] [Times: user=0.48 sys=0.00, real=0.08 secs] 
5297.570: [GC (Allocation Failure) [PSYoungGen: 451520K->144512K(520192K)] 874045K->671382K(1918464K), 0.0528206 secs] [Times: user=0.31 sys=0.00, real=0.06 secs] 
5298.931: [GC (Allocation Failure) [PSYoungGen: 488064K->108608K(520192K)] 1014934K->771030K(1918464K), 0.0650381 secs] [Times: user=0.38 sys=0.00, real=0.07 secs] 
5300.377: [GC (Allocation Failure) [PSYoungGen: 452160K->141760K(520192K)] 1114582K->909195K(1918464K), 0.0527688 secs] [Times: user=0.31 sys=0.00, real=0.05 secs] 
5302.252: [GC (Allocation Failure) [PSYoungGen: 485312K->108160K(519168K)] 1252747K->1008627K(1917440K), 0.0658359 secs] [Times: user=0.39 sys=0.00, real=0.07 secs] 
5303.185: [GC (Allocation Failure) [PSYoungGen: 452736K->145664K(520192K)] 1353203K->1150304K(1918464K), 0.0526073 secs] [Times: user=0.31 sys=0.00, real=0.05 secs] 
5304.846: [GC (Allocation Failure) [PSYoungGen: 490240K->106880K(521216K)] 1494880K->1247888K(1919488K), 0.1005026 secs] [Times: user=0.60 sys=0.00, real=0.10 secs] 
5305.690: [GC (Allocation Failure) [PSYoungGen: 450432K->143712K(520192K)] 1591440K->1389069K(1918464K), 0.0531486 secs] [Times: user=0.32 sys=0.00, real=0.05 secs] 
5305.743: [Full GC (Ergonomics) [PSYoungGen: 143712K->0K(520192K)] [ParOldGen: 1245357K->187737K(1398272K)] 1389069K->187737K(1918464K), [Metaspace: 60603K->60603K(1105920K)], 0.4580096 secs] [Times: user=2.11 sys=0.02, real=0.46 secs] 
5307.865: [GC (Allocation Failure) [PSYoungGen: 343552K->106016K(520704K)] 531289K->293754K(1918976K), 0.0546168 secs] [Times: user=0.32 sys=0.00, real=0.05 secs] 
5308.866: [GC (Allocation Failure) [PSYoungGen: 449056K->151968K(495104K)] 636794K->442302K(1893376K), 0.0515899 secs] [Times: user=0.31 sys=0.00, real=0.05 secs] 
5310.973: [GC (Allocation Failure) [PSYoungGen: 495008K->106016K(518656K)] 785342K->531498K(1916928K), 0.1354754 secs] [Times: user=0.80 sys=0.00, real=0.13 secs] 
5312.549: [GC (GCLocker Initiated GC) [PSYoungGen: 442912K->138112K(475136K)] 868394K->666267K(1873408K), 0.0514119 secs] [Times: user=0.30 sys=0.00, real=0.05 secs] 
5314.376: [GC (GCLocker Initiated GC) [PSYoungGen: 475008K->103648K(517120K)] 1003165K->761189K(1915392K), 0.1321158 secs] [Times: user=0.78 sys=0.01, real=0.13 secs] 
5315.800: [GC (Allocation Failure) [PSYoungGen: 441568K->146112K(516096K)] 1099148K->904820K(1914368K), 0.0524393 secs] [Times: user=0.31 sys=0.00, real=0.05 secs] 
5317.961: [GC (Allocation Failure) [PSYoungGen: 484032K->106400K(518656K)] 1242740K->994320K(1916928K), 0.0841712 secs] [Times: user=0.50 sys=0.00, real=0.09 secs] 
5320.630: [GC (Allocation Failure) [PSYoungGen: 445856K->139104K(518144K)] 1333776K->1130188K(1916416K), 0.0530099 secs] [Times: user=0.32 sys=0.00, real=0.06 secs] 
5322.022: [GC (Allocation Failure) [PSYoungGen: 478560K->106560K(516608K)] 1469644K->1227885K(1914880K), 0.0652965 secs] [Times: user=0.39 sys=0.00, real=0.07 secs] 
5323.805: [GC (Allocation Failure) [PSYoungGen: 448064K->140352K(518144K)] 1569389K->1366216K(1916416K), 0.0535524 secs] [Times: user=0.32 sys=0.00, real=0.05 secs] 
5325.571: [GC (Allocation Failure) [PSYoungGen: 481856K->107680K(519168K)] 1707720K->1465272K(1917440K), 0.0756678 secs] [Times: user=0.45 sys=0.00, real=0.08 secs] 
5325.646: [Full GC (Ergonomics) [PSYoungGen: 107680K->0K(519168K)] [ParOldGen: 1357592K->26034K(1398272K)] 1465272K->26034K(1917440K), [Metaspace: 60603K->59701K(1105920K)], 0.0508872 secs] [Times: user=0.14 sys=0.00, real=0.05 secs] 
5326.859: [GC (Allocation Failure) [PSYoungGen: 344576K->140192K(520192K)] 370610K->166227K(1918464K), 0.0282131 secs] [Times: user=0.16 sys=0.00, real=0.03 secs] 
5328.249: [GC (Allocation Failure) [PSYoungGen: 484768K->109568K(519680K)] 510803K->266819K(1917952K), 0.0758752 secs] [Times: user=0.46 sys=0.00, real=0.08 secs] 
5329.857: [GC (Allocation Failure) [PSYoungGen: 456704K->140224K(521216K)] 613955K->405079K(1919488K), 0.0523981 secs] [Times: user=0.31 sys=0.00, real=0.05 secs] 
5331.315: [GC (Allocation Failure) [PSYoungGen: 487360K->111968K(520704K)] 752215K->507595K(1918976K), 0.0658923 secs] [Times: user=0.39 sys=0.00, real=0.06 secs] 
5332.681: [GC (Allocation Failure) [PSYoungGen: 461664K->141600K(522240K)] 857291K->646992K(1920512K), 0.0541789 secs] [Times: user=0.32 sys=0.00, real=0.06 secs] 
5334.126: [GC (Allocation Failure) [PSYoungGen: 491296K->112192K(522752K)] 996688K->749856K(1921024K), 0.0732695 secs] [Times: user=0.40 sys=0.00, real=0.07 secs] 
5334.922: [GC (Allocation Failure) [PSYoungGen: 464448K->154144K(506880K)] 1102112K->901769K(1905152K), 0.0558650 secs] [Times: user=0.33 sys=0.01, real=0.06 secs] 
5336.598: [GC (Allocation Failure) [PSYoungGen: 506400K->111360K(523264K)] 1254025K->995913K(1921536K), 0.0884009 secs] [Times: user=0.53 sys=0.00, real=0.09 secs] 
5337.907: [GC (Allocation Failure) [PSYoungGen: 456960K->143008K(521216K)] 1341513K->1136673K(1919488K), 0.0543695 secs] [Times: user=0.32 sys=0.00, real=0.05 secs] 
5340.579: [GC (Allocation Failure) [PSYoungGen: 488608K->107488K(521728K)] 1482273K->1235289K(1920000K), 0.0742954 secs] [Times: user=0.44 sys=0.00, real=0.08 secs] 
5341.965: [GC (Allocation Failure) [PSYoungGen: 453600K->141600K(521728K)] 1581401K->1374477K(1920000K), 0.0539207 secs] [Times: user=0.32 sys=0.00, real=0.05 secs] 
5342.019: [Full GC (Ergonomics) [PSYoungGen: 141600K->0K(521728K)] [ParOldGen: 1232877K->178782K(1398272K)] 1374477K->178782K(1920000K), [Metaspace: 59701K->59701K(1105920K)], 0.4253945 secs] [Times: user=1.96 sys=0.00, real=0.43 secs] 
5343.744: [GC (Allocation Failure) [PSYoungGen: 346112K->110208K(520192K)] 524894K->288990K(1918464K), 0.0563653 secs] [Times: user=0.33 sys=0.00, real=0.05 secs] 
5344.807: [GC (Allocation Failure) [PSYoungGen: 456832K->143680K(521216K)] 635614K->428610K(1919488K), 0.0531163 secs] [Times: user=0.31 sys=0.00, real=0.05 secs] 
5346.235: [GC (Allocation Failure) [PSYoungGen: 490304K->108192K(522752K)] 775234K->527434K(1921024K), 0.0644610 secs] [Times: user=0.38 sys=0.00, real=0.06 secs] 
5347.323: [GC (Allocation Failure) [PSYoungGen: 456352K->145408K(494080K)] 875594K->669835K(1892352K), 0.0531524 secs] [Times: user=0.31 sys=0.00, real=0.06 secs] 
5349.006: [GC (Allocation Failure) [PSYoungGen: 493568K->108992K(523264K)] 1017995K->770131K(1921536K), 0.0929156 secs] [Times: user=0.55 sys=0.00, real=0.09 secs] 
5350.082: [GC (Allocation Failure) [PSYoungGen: 455104K->144768K(491008K)] 1116243K->911396K(1889280K), 0.0533405 secs] [Times: user=0.32 sys=0.00, real=0.06 secs] 
5351.621: [GC (Allocation Failure) [PSYoungGen: 490880K->109216K(523264K)] 1257508K->1011740K(1921536K), 0.0931301 secs] [Times: user=0.55 sys=0.00, real=0.10 secs] 
5352.615: [GC (Allocation Failure) [PSYoungGen: 454816K->143648K(521216K)] 1357340K->1151409K(1919488K), 0.0533707 secs] [Times: user=0.31 sys=0.00, real=0.05 secs] 
5354.481: [GC (Allocation Failure) [PSYoungGen: 489248K->109344K(521728K)] 1497009K->1251409K(1920000K), 0.1157393 secs] [Times: user=0.68 sys=0.00, real=0.12 secs] 
5355.966: [GC (Allocation Failure) [PSYoungGen: 455456K->143168K(521728K)] 1597521K->1390678K(1920000K), 0.0531813 secs] [Times: user=0.32 sys=0.01, real=0.05 secs] 
5356.019: [Full GC (Ergonomics) [PSYoungGen: 143168K->0K(521728K)] [ParOldGen: 1247510K->188341K(1398272K)] 1390678K->188341K(1920000K), [Metaspace: 59704K->59699K(1105920K)], 0.4601038 secs] [Times: user=2.13 sys=0.00, real=0.46 secs] 
5357.879: [GC (Allocation Failure) [PSYoungGen: 346112K->109312K(520704K)] 534453K->297653K(1918976K), 0.0480733 secs] [Times: user=0.28 sys=0.00, real=0.05 secs] 
5358.584: [GC (Allocation Failure) [PSYoungGen: 455424K->146016K(521216K)] 643765K->439650K(1919488K), 0.0578491 secs] [Times: user=0.31 sys=0.01, real=0.05 secs] 
5360.047: [GC (Allocation Failure) [PSYoungGen: 492128K->106560K(522240K)] 785762K->537082K(1920512K), 0.1006454 secs] [Times: user=0.60 sys=0.00, real=0.10 secs] 
5360.815: [GC (Allocation Failure) [PSYoungGen: 451648K->145024K(490496K)] 882170K->678705K(1888768K), 0.0515712 secs] [Times: user=0.31 sys=0.01, real=0.05 secs] 
5362.488: [GC (GCLocker Initiated GC) [PSYoungGen: 490112K->106464K(521728K)] 1023794K->776226K(1920000K), 0.0949772 secs] [Times: user=0.56 sys=0.00, real=0.09 secs] 
5363.969: [GC (Allocation Failure) [PSYoungGen: 449504K->150752K(494080K)] 1119269K->922754K(1892352K), 0.0518473 secs] [Times: user=0.31 sys=0.00, real=0.05 secs] 
5365.413: [GC (Allocation Failure) [PSYoungGen: 493792K->106592K(519168K)] 1265794K->1012186K(1917440K), 0.0652160 secs] [Times: user=0.39 sys=0.00, real=0.07 secs] 
5366.301: [GC (Allocation Failure) [PSYoungGen: 444512K->142240K(517632K)] 1350106K->1150655K(1915904K), 0.0528843 secs] [Times: user=0.31 sys=0.00, real=0.06 secs] 
5368.061: [GC (Allocation Failure) [PSYoungGen: 480160K->103840K(518144K)] 1488575K->1245415K(1916416K), 0.0927533 secs] [Times: user=0.55 sys=0.01, real=0.10 secs] 
5368.946: [GC (Allocation Failure) [PSYoungGen: 442784K->142400K(518144K)] 1584359K->1384412K(1916416K), 0.0535409 secs] [Times: user=0.32 sys=0.00, real=0.05 secs] 
5368.999: [Full GC (Ergonomics) [PSYoungGen: 142400K->0K(518144K)] [ParOldGen: 1242012K->182865K(1398272K)] 1384412K->182865K(1916416K), [Metaspace: 59702K->59702K(1105920K)], 0.4372076 secs] [Times: user=2.03 sys=0.00, real=0.44 secs] 
5370.985: [GC (Allocation Failure) [PSYoungGen: 338944K->107552K(516608K)] 521809K->290417K(1914880K), 0.0474271 secs] [Times: user=0.28 sys=0.00, real=0.04 secs] 
5373.177: [GC (Allocation Failure) [PSYoungGen: 447008K->138944K(517632K)] 629873K->423950K(1915904K), 0.0514846 secs] [Times: user=0.30 sys=0.00, real=0.05 secs] 
5374.569: [GC (Allocation Failure) [PSYoungGen: 478400K->105600K(516608K)] 763406K->520774K(1914880K), 0.0631894 secs] [Times: user=0.37 sys=0.00, real=0.06 secs] 
5375.288: [GC (Allocation Failure) [PSYoungGen: 448128K->142368K(518656K)] 863302K->660873K(1916928K), 0.0519148 secs] [Times: user=0.30 sys=0.01, real=0.05 secs] 
5377.173: [GC (Allocation Failure) [PSYoungGen: 484896K->106976K(521216K)] 1003401K->758601K(1919488K), 0.0803615 secs] [Times: user=0.47 sys=0.00, real=0.09 secs] 
5378.174: [GC (Allocation Failure) [PSYoungGen: 452064K->144576K(489984K)] 1103689K->901070K(1888256K), 0.0533314 secs] [Times: user=0.31 sys=0.00, real=0.05 secs] 
5379.616: [GC (Allocation Failure) [PSYoungGen: 489664K->108032K(522752K)] 1246158K->1000382K(1921024K), 0.0804525 secs] [Times: user=0.47 sys=0.00, real=0.08 secs] 
5381.185: [GC (Allocation Failure) [PSYoungGen: 452608K->140288K(520704K)] 1344958K->1138950K(1918976K), 0.0534744 secs] [Times: user=0.31 sys=0.00, real=0.05 secs] 
5382.851: [GC (GCLocker Initiated GC) [PSYoungGen: 484864K->109216K(518656K)] 1483526K->1239374K(1916928K), 0.0812889 secs] [Times: user=0.48 sys=0.00, real=0.08 secs] 
5384.087: [GC (GCLocker Initiated GC) [PSYoungGen: 454816K->139200K(520192K)] 1584980K->1376057K(1918464K), 0.0530615 secs] [Times: user=0.31 sys=0.00, real=0.05 secs] 
5384.140: [Full GC (Ergonomics) [PSYoungGen: 139200K->0K(520192K)] [ParOldGen: 1236857K->172919K(1398272K)] 1376057K->172919K(1918464K), [Metaspace: 59702K->59702K(1105920K)], 0.4182686 secs] [Times: user=1.94 sys=0.00, real=0.42 secs] 
5385.876: [GC (GCLocker Initiated GC) [PSYoungGen: 345600K->108192K(521728K)] 518521K->281113K(1920000K), 0.0352583 secs] [Times: user=0.20 sys=0.00, real=0.03 secs] 
5386.787: [GC (Allocation Failure) [PSYoungGen: 457376K->144832K(522752K)] 630304K->423684K(1921024K), 0.0541404 secs] [Times: user=0.32 sys=0.00, real=0.05 secs] 
5388.933: [GC (GCLocker Initiated GC) [PSYoungGen: 494016K->108064K(523264K)] 772869K->522685K(1921536K), 0.0664771 secs] [Times: user=0.39 sys=0.00, real=0.07 secs] 
5389.841: [GC (Allocation Failure) [PSYoungGen: 456736K->146240K(495104K)] 871428K->667111K(1893376K), 0.0542455 secs] [Times: user=0.32 sys=0.00, real=0.06 secs] 
5391.422: [GC (Allocation Failure) [PSYoungGen: 494912K->107712K(523264K)] 1015783K->766247K(1921536K), 0.0668410 secs] [Times: user=0.39 sys=0.00, real=0.07 secs] 
5392.366: [GC (Allocation Failure) [PSYoungGen: 453824K->145952K(492544K)] 1112359K->909332K(1890816K), 0.0538304 secs] [Times: user=0.32 sys=0.01, real=0.05 secs] 
5394.352: [GC (Allocation Failure) [PSYoungGen: 492064K->105664K(522240K)] 1255444K->1006484K(1920512K), 0.1137880 secs] [Times: user=0.61 sys=0.00, real=0.12 secs] 
5395.778: [GC (Allocation Failure) [PSYoungGen: 449728K->144256K(488448K)] 1350548K->1146857K(1886720K), 0.0536049 secs] [Times: user=0.31 sys=0.00, real=0.05 secs] 
5397.683: [GC (Allocation Failure) [PSYoungGen: 488320K->107072K(521728K)] 1490921K->1245057K(1920000K), 0.0934852 secs] [Times: user=0.56 sys=0.00, real=0.10 secs] 
5399.083: [GC (Allocation Failure) [PSYoungGen: 450112K->143328K(520192K)] 1588097K->1384238K(1918464K), 0.0547730 secs] [Times: user=0.32 sys=0.00, real=0.05 secs] 
5399.138: [Full GC (Ergonomics) [PSYoungGen: 143328K->0K(520192K)] [ParOldGen: 1240910K->181261K(1398272K)] 1384238K->181261K(1918464K), [Metaspace: 59703K->59703K(1105920K)], 0.4354344 secs] [Times: user=2.02 sys=0.00, real=0.44 secs] 
5400.925: [GC (Allocation Failure) [PSYoungGen: 343040K->107136K(519168K)] 524301K->288397K(1917440K), 0.0489124 secs] [Times: user=0.28 sys=0.00, real=0.05 secs] 
5402.379: [GC (Allocation Failure) [PSYoungGen: 450176K->141728K(519680K)] 631437K->426186K(1917952K), 0.0522964 secs] [Times: user=0.30 sys=0.00, real=0.05 secs] 
5403.996: [GC (Allocation Failure) [PSYoungGen: 483453K->108480K(518656K)] 767912K->525294K(1916928K), 0.1166207 secs] [Times: user=0.69 sys=0.01, real=0.11 secs] 
5404.867: [GC (GCLocker Initiated GC) [PSYoungGen: 452544K->143776K(519680K)] 869358K->666811K(1917952K), 0.0533356 secs] [Times: user=0.31 sys=0.00, real=0.05 secs] 
5406.369: [GC (Allocation Failure) [PSYoungGen: 487840K->107328K(521728K)] 1010946K->765570K(1920000K), 0.0649970 secs] [Times: user=0.38 sys=0.00, real=0.07 secs] 
5407.924: [GC (Allocation Failure) [PSYoungGen: 452416K->150336K(495616K)] 1110658K->912287K(1893888K), 0.0525814 secs] [Times: user=0.31 sys=0.00, real=0.05 secs] 
5409.307: [GC (Allocation Failure) [PSYoungGen: 495424K->109760K(520704K)] 1257375K->1004887K(1918976K), 0.0651270 secs] [Times: user=0.39 sys=0.00, real=0.06 secs] 
5410.423: [GC (Allocation Failure) [PSYoungGen: 450240K->142656K(518656K)] 1345367K->1143720K(1916928K), 0.0531121 secs] [Times: user=0.31 sys=0.00, real=0.05 secs] 
5411.852: [GC (Allocation Failure) [PSYoungGen: 483136K->107680K(517632K)] 1484200K->1242232K(1915904K), 0.0642275 secs] [Times: user=0.38 sys=0.00, real=0.07 secs] 
5413.474: [GC (Allocation Failure) [PSYoungGen: 449184K->141056K(518656K)] 1583736K->1379724K(1916928K), 0.0531619 secs] [Times: user=0.31 sys=0.00, real=0.05 secs] 
5413.527: [Full GC (Ergonomics) [PSYoungGen: 141056K->0K(518656K)] [ParOldGen: 1238668K->178140K(1398272K)] 1379724K->178140K(1916928K), [Metaspace: 59703K->59703K(1105920K)], 0.4347697 secs] [Times: user=2.03 sys=0.00, real=0.43 secs] 
5415.275: [GC (Allocation Failure) [PSYoungGen: 341504K->106624K(518656K)] 519644K->284764K(1916928K), 0.0518472 secs] [Times: user=0.30 sys=0.01, real=0.05 secs] 
5416.144: [GC (Allocation Failure) [PSYoungGen: 450176K->144064K(519680K)] 628316K->426460K(1917952K), 0.0528637 secs] [Times: user=0.31 sys=0.00, real=0.05 secs] 
5417.591: [GC (GCLocker Initiated GC) [PSYoungGen: 487616K->105088K(521216K)] 770012K->522828K(1919488K), 0.0893095 secs] [Times: user=0.53 sys=0.00, real=0.09 secs] 
5418.929: [GC (Allocation Failure) [PSYoungGen: 449152K->142304K(520704K)] 866895K->662276K(1918976K), 0.0525249 secs] [Times: user=0.31 sys=0.00, real=0.05 secs] 
5420.351: [GC (Allocation Failure) [PSYoungGen: 486368K->109856K(518656K)] 1006340K->762748K(1916928K), 0.0653604 secs] [Times: user=0.38 sys=0.00, real=0.07 secs] 
5421.577: [GC (Allocation Failure) [PSYoungGen: 453920K->144160K(519680K)] 1106812K->904601K(1917952K), 0.0540447 secs] [Times: user=0.31 sys=0.01, real=0.05 secs] 
5423.209: [GC (Allocation Failure) [PSYoungGen: 488215K->106272K(521216K)] 1248656K->1002257K(1919488K), 0.0646523 secs] [Times: user=0.39 sys=0.00, real=0.07 secs] 
5424.773: [GC (Allocation Failure) [PSYoungGen: 450848K->143392K(520704K)] 1346833K->1143113K(1918976K), 0.0529336 secs] [Times: user=0.31 sys=0.00, real=0.06 secs] 
5426.192: [GC (Allocation Failure) [PSYoungGen: 487968K->107168K(520704K)] 1487689K->1241497K(1918976K), 0.0654058 secs] [Times: user=0.39 sys=0.01, real=0.07 secs] 
5426.948: [GC (Allocation Failure) [PSYoungGen: 451744K->143200K(520704K)] 1586073K->1382106K(1918976K), 0.0534534 secs] [Times: user=0.32 sys=0.00, real=0.05 secs] 
5427.001: [Full GC (Ergonomics) [PSYoungGen: 143200K->0K(520704K)] [ParOldGen: 1238906K->180279K(1398272K)] 1382106K->180279K(1918976K), [Metaspace: 59703K->59703K(1105920K)], 0.4282221 secs] [Times: user=1.98 sys=0.00, real=0.43 secs] 
5428.771: [GC (GCLocker Initiated GC) [PSYoungGen: 344576K->108608K(520704K)] 524857K->288889K(1918976K), 0.0344265 secs] [Times: user=0.20 sys=0.00, real=0.04 secs] 
5430.418: [GC (Allocation Failure) [PSYoungGen: 453184K->149664K(494592K)] 633503K->434756K(1892864K), 0.0535431 secs] [Times: user=0.32 sys=0.00, real=0.05 secs] 
5431.845: [GC (Allocation Failure) [PSYoungGen: 494240K->112800K(521728K)] 779332K->529656K(1920000K), 0.0643423 secs] [Times: user=0.38 sys=0.01, real=0.06 secs] 
5433.184: [GC (Allocation Failure) [PSYoungGen: 454304K->141728K(518656K)] 871160K->665585K(1916928K), 0.0533709 secs] [Times: user=0.32 sys=0.00, real=0.05 secs] 
5434.661: [GC (Allocation Failure) [PSYoungGen: 483232K->106528K(520192K)] 1007089K->762805K(1918464K), 0.0789666 secs] [Times: user=0.47 sys=0.00, real=0.08 secs] 
5435.832: [GC (Allocation Failure) [PSYoungGen: 449568K->142240K(519680K)] 1105845K->902585K(1917952K), 0.0534645 secs] [Times: user=0.31 sys=0.00, real=0.06 secs] 
5437.279: [GC (GCLocker Initiated GC) [PSYoungGen: 485280K->108800K(519168K)] 1245625K->1002001K(1917440K), 0.0651195 secs] [Times: user=0.38 sys=0.01, real=0.07 secs] 
5438.924: [GC (Allocation Failure) [PSYoungGen: 453376K->148896K(493568K)] 1346581K->1148257K(1891840K), 0.0540849 secs] [Times: user=0.32 sys=0.00, real=0.05 secs] 
5440.356: [GC (Allocation Failure) [PSYoungGen: 493472K->110080K(521728K)] 1492833K->1249117K(1920000K), 0.1094711 secs] [Times: user=0.65 sys=0.00, real=0.11 secs] 
5441.653: [GC (Allocation Failure) [PSYoungGen: 452096K->141664K(519168K)] 1591133K->1387857K(1917440K), 0.0548970 secs] [Times: user=0.33 sys=0.00, real=0.05 secs] 
5441.708: [Full GC (Ergonomics) [PSYoungGen: 141664K->0K(519168K)] [ParOldGen: 1246193K->176742K(1398272K)] 1387857K->176742K(1917440K), [Metaspace: 59703K->59703K(1105920K)], 0.4246781 secs] [Times: user=1.97 sys=0.00, real=0.43 secs] 
5443.446: [GC (Allocation Failure) [PSYoungGen: 342016K->107008K(520192K)] 518758K->283750K(1918464K), 0.0510591 secs] [Times: user=0.30 sys=0.00, real=0.05 secs] 
5444.761: [GC (Allocation Failure) [PSYoungGen: 450560K->140800K(520192K)] 627302K->421971K(1918464K), 0.0526948 secs] [Times: user=0.31 sys=0.00, real=0.06 secs] 
5446.174: [GC (Allocation Failure) [PSYoungGen: 484352K->109216K(518656K)] 765523K->521371K(1916928K), 0.0659587 secs] [Times: user=0.39 sys=0.01, real=0.06 secs] 
5447.066: [GC (Allocation Failure) [PSYoungGen: 454304K->144576K(520192K)] 866459K->663926K(1918464K), 0.0547465 secs] [Times: user=0.32 sys=0.00, real=0.05 secs] 
5448.521: [GC (Allocation Failure) [PSYoungGen: 489664K->108672K(522240K)] 1009014K->763846K(1920512K), 0.0737491 secs] [Times: user=0.44 sys=0.00, real=0.08 secs] 
5449.983: [GC (Allocation Failure) [PSYoungGen: 454784K->142848K(521728K)] 1109958K->904089K(1920000K), 0.0540519 secs] [Times: user=0.32 sys=0.00, real=0.06 secs] 
5452.089: [GC (GCLocker Initiated GC) [PSYoungGen: 488960K->106400K(521728K)] 1250202K->1001922K(1920000K), 0.0661438 secs] [Times: user=0.39 sys=0.00, real=0.07 secs] 
5452.902: [GC (GCLocker Initiated GC) [PSYoungGen: 452512K->141952K(521728K)] 1348037K->1141614K(1920000K), 0.0543917 secs] [Times: user=0.31 sys=0.01, real=0.06 secs] 
5454.324: [GC (Allocation Failure) [PSYoungGen: 488064K->108832K(520192K)] 1487797K->1241317K(1918464K), 0.0660929 secs] [Times: user=0.39 sys=0.00, real=0.06 secs] 
5455.667: [GC (Allocation Failure) [PSYoungGen: 455456K->145024K(521216K)] 1587941K->1384494K(1919488K), 0.0547933 secs] [Times: user=0.33 sys=0.00, real=0.05 secs] 
5455.721: [Full GC (Ergonomics) [PSYoungGen: 145024K->0K(521216K)] [ParOldGen: 1239470K->181343K(1398272K)] 1384494K->181343K(1919488K), [Metaspace: 59703K->59703K(1105920K)], 0.4612324 secs] [Times: user=2.12 sys=0.00, real=0.46 secs] 
5457.572: [GC (Allocation Failure) [PSYoungGen: 346624K->106336K(522752K)] 527967K->287679K(1921024K), 0.0503103 secs] [Times: user=0.30 sys=0.00, real=0.05 secs] 
5458.949: [GC (Allocation Failure) [PSYoungGen: 452448K->142944K(489472K)] 633791K->426908K(1887744K), 0.0520310 secs] [Times: user=0.31 sys=0.00, real=0.05 secs] 
5460.388: [GC (Allocation Failure) [PSYoungGen: 489056K->108608K(523264K)] 773020K->526188K(1921536K), 0.1069430 secs] [Times: user=0.63 sys=0.00, real=0.11 secs] 
5462.093: [GC (Allocation Failure) [PSYoungGen: 454208K->143648K(521216K)] 871788K->665576K(1919488K), 0.0533341 secs] [Times: user=0.31 sys=0.00, real=0.06 secs] 
5463.512: [GC (Allocation Failure) [PSYoungGen: 489248K->109792K(520704K)] 1011176K->765700K(1918976K), 0.0944511 secs] [Times: user=0.56 sys=0.01, real=0.10 secs] 
5464.885: [GC (GCLocker Initiated GC) [PSYoungGen: 455904K->144128K(521216K)] 1111814K->905362K(1919488K), 0.0535677 secs] [Times: user=0.32 sys=0.00, real=0.05 secs] 
5466.388: [GC (Allocation Failure) [PSYoungGen: 490240K->109600K(521728K)] 1251477K->1005949K(1920000K), 0.0910518 secs] [Times: user=0.54 sys=0.00, real=0.09 secs] 
5467.475: [GC (Allocation Failure) [PSYoungGen: 456224K->145312K(492032K)] 1352573K->1147489K(1890304K), 0.0539085 secs] [Times: user=0.32 sys=0.00, real=0.05 secs] 
5468.919: [GC (GCLocker Initiated GC) [PSYoungGen: 491936K->107488K(522752K)] 1494113K->1246058K(1921024K), 0.0723618 secs] [Times: user=0.43 sys=0.00, real=0.07 secs] 
5469.774: [GC (Allocation Failure) [PSYoungGen: 452576K->145344K(490496K)] 1591148K->1388037K(1888768K), 0.0544610 secs] [Times: user=0.32 sys=0.00, real=0.05 secs] 
5469.829: [Full GC (Ergonomics) [PSYoungGen: 145344K->0K(490496K)] [ParOldGen: 1242693K->186953K(1398272K)] 1388037K->186953K(1888768K), [Metaspace: 59703K->59683K(1105920K)], 0.4607125 secs] [Times: user=2.10 sys=0.00, real=0.46 secs] 
5471.599: [GC (Allocation Failure) [PSYoungGen: 345088K->106496K(522240K)] 532041K->293449K(1920512K), 0.0328715 secs] [Times: user=0.19 sys=0.00, real=0.03 secs] 
5472.513: [GC (Allocation Failure) [PSYoungGen: 450560K->146048K(490496K)] 637513K->436329K(1888768K), 0.0519348 secs] [Times: user=0.30 sys=0.00, real=0.05 secs] 
5474.176: [GC (Allocation Failure) [PSYoungGen: 490112K->105984K(521216K)] 780393K->533849K(1919488K), 0.0985697 secs] [Times: user=0.59 sys=0.00, real=0.10 secs] 
5475.338: [GC (Allocation Failure) [PSYoungGen: 448000K->142144K(519680K)] 875865K->671989K(1917952K), 0.0515801 secs] [Times: user=0.30 sys=0.00, real=0.05 secs] 
5476.784: [GC (Allocation Failure) [PSYoungGen: 484160K->107456K(519168K)] 1014005K->770165K(1917440K), 0.0664741 secs] [Times: user=0.39 sys=0.00, real=0.06 secs] 
5477.771: [GC (Allocation Failure) [PSYoungGen: 449984K->143168K(519680K)] 1112693K->909218K(1917952K), 0.0522332 secs] [Times: user=0.31 sys=0.00, real=0.06 secs] 
5479.220: [GC (Allocation Failure) [PSYoungGen: 485696K->108096K(519168K)] 1251746K->1008202K(1917440K), 0.0651356 secs] [Times: user=0.39 sys=0.00, real=0.07 secs] 
5479.949: [GC (Allocation Failure) [PSYoungGen: 451136K->143872K(519680K)] 1351242K->1148695K(1917952K), 0.0528562 secs] [Times: user=0.31 sys=0.00, real=0.05 secs] 
5481.762: [GC (Allocation Failure) [PSYoungGen: 486912K->106144K(520192K)] 1491735K->1246091K(1918464K), 0.0652643 secs] [Times: user=0.39 sys=0.00, real=0.07 secs] 
5482.386: [GC (GCLocker Initiated GC) [PSYoungGen: 449696K->143296K(520192K)] 1589643K->1386843K(1918464K), 0.0531111 secs] [Times: user=0.32 sys=0.01, real=0.05 secs] 
5482.439: [Full GC (Ergonomics) [PSYoungGen: 143296K->0K(520192K)] [ParOldGen: 1243547K->185330K(1398272K)] 1386843K->185330K(1918464K), [Metaspace: 59683K->59683K(1105920K)], 0.4539556 secs] [Times: user=2.11 sys=0.00, real=0.46 secs] 
5484.154: [GC (Allocation Failure) [PSYoungGen: 343552K->104768K(520704K)] 528885K->290101K(1918976K), 0.0326044 secs] [Times: user=0.19 sys=0.00, real=0.03 secs] 
5485.605: [GC (Allocation Failure) [PSYoungGen: 447808K->153472K(496640K)] 633141K->440090K(1894912K), 0.0519161 secs] [Times: user=0.31 sys=0.00, real=0.05 secs] 
5487.995: [GC (Allocation Failure) [PSYoungGen: 496512K->103936K(517632K)] 783130K->527242K(1915904K), 0.0646776 secs] [Times: user=0.38 sys=0.00, real=0.06 secs] 
5488.824: [GC (Allocation Failure) [PSYoungGen: 438784K->142752K(516096K)] 862090K->666486K(1914368K), 0.0513302 secs] [Times: user=0.30 sys=0.00, real=0.05 secs] 
5490.606: [GC (Allocation Failure) [PSYoungGen: 477600K->102592K(515584K)] 1001334K->760590K(1913856K), 0.0645105 secs] [Times: user=0.38 sys=0.00, real=0.06 secs] 
5492.138: [GC (Allocation Failure) [PSYoungGen: 437952K->139712K(516096K)] 1095950K->897257K(1914368K), 0.0512744 secs] [Times: user=0.30 sys=0.00, real=0.05 secs] 
5493.591: [GC (Allocation Failure) [PSYoungGen: 475072K->106240K(514048K)] 1232617K->994665K(1912320K), 0.0808433 secs] [Times: user=0.48 sys=0.00, real=0.08 secs] 
5494.974: [GC (Allocation Failure) [PSYoungGen: 443648K->136224K(516096K)] 1332073K->1128522K(1914368K), 0.0525324 secs] [Times: user=0.31 sys=0.00, real=0.05 secs] 
5496.769: [GC (Allocation Failure) [PSYoungGen: 473632K->109664K(514048K)] 1465930K->1228562K(1912320K), 0.0645720 secs] [Times: user=0.38 sys=0.00, real=0.07 secs] 
5497.504: [GC (Allocation Failure) [PSYoungGen: 452192K->141920K(517632K)] 1571090K->1368535K(1915904K), 0.0539951 secs] [Times: user=0.32 sys=0.00, real=0.05 secs] 
5498.894: [GC (Allocation Failure) [PSYoungGen: 484448K->107424K(521216K)] 1711063K->1467023K(1919488K), 0.0649720 secs] [Times: user=0.39 sys=0.00, real=0.06 secs] 
5498.959: [Full GC (Ergonomics) [PSYoungGen: 107424K->0K(521216K)] [ParOldGen: 1359599K->26890K(1398272K)] 1467023K->26890K(1919488K), [Metaspace: 59683K->59683K(1105920K)], 0.0533853 secs] [Times: user=0.16 sys=0.00, real=0.05 secs] 
5500.261: [GC (Allocation Failure) [PSYoungGen: 347136K->143072K(521728K)] 374026K->169962K(1920000K), 0.0286183 secs] [Times: user=0.17 sys=0.00, real=0.03 secs] 
5501.880: [GC (Allocation Failure) [PSYoungGen: 490208K->109312K(522240K)] 517098K->270842K(1920512K), 0.0870027 secs] [Times: user=0.52 sys=0.00, real=0.09 secs] 
5504.091: [GC (Allocation Failure) [PSYoungGen: 456960K->140992K(522240K)] 618490K->409031K(1920512K), 0.0521970 secs] [Times: user=0.31 sys=0.00, real=0.06 secs] 
5505.547: [GC (Allocation Failure) [PSYoungGen: 488640K->111264K(520192K)] 756679K->511111K(1918464K), 0.0763167 secs] [Times: user=0.45 sys=0.00, real=0.08 secs] 
5507.013: [GC (Allocation Failure) [PSYoungGen: 459936K->140768K(521728K)] 859783K->649180K(1920000K), 0.0540980 secs] [Times: user=0.32 sys=0.00, real=0.06 secs] 
5508.446: [GC (GCLocker Initiated GC) [PSYoungGen: 489440K->112800K(522240K)] 997852K->752344K(1920512K), 0.0656827 secs] [Times: user=0.39 sys=0.00, real=0.06 secs] 
5509.372: [GC (Allocation Failure) [PSYoungGen: 464032K->145824K(523264K)] 1103647K->895236K(1921536K), 0.0559292 secs] [Times: user=0.33 sys=0.00, real=0.06 secs] 
5510.783: [GC (Allocation Failure) [PSYoungGen: 497056K->110272K(524800K)] 1246468K->996236K(1923072K), 0.0664982 secs] [Times: user=0.39 sys=0.00, real=0.06 secs] 
5511.940: [GC (Allocation Failure) [PSYoungGen: 460992K->147040K(498176K)] 1346956K->1139333K(1896448K), 0.0545489 secs] [Times: user=0.32 sys=0.00, real=0.06 secs] 
5513.385: [GC (Allocation Failure) [PSYoungGen: 497760K->111328K(524800K)] 1490053K->1241549K(1923072K), 0.0679356 secs] [Times: user=0.40 sys=0.01, real=0.07 secs] 
5514.839: [GC (Allocation Failure) [PSYoungGen: 460000K->144448K(522752K)] 1590221K->1382161K(1921024K), 0.0551162 secs] [Times: user=0.33 sys=0.00, real=0.06 secs] 
5514.894: [Full GC (Ergonomics) [PSYoungGen: 144448K->0K(522752K)] [ParOldGen: 1237713K->188676K(1398272K)] 1382161K->188676K(1921024K), [Metaspace: 59683K->59683K(1105920K)], 0.4642232 secs] [Times: user=2.17 sys=0.00, real=0.46 secs] 
5516.719: [GC (Allocation Failure) [PSYoungGen: 348672K->108288K(523264K)] 537348K->296964K(1921536K), 0.0415096 secs] [Times: user=0.24 sys=0.00, real=0.04 secs] 
5517.383: [GC (Allocation Failure) [PSYoungGen: 456448K->146784K(495104K)] 645124K->439915K(1893376K), 0.0517747 secs] [Times: user=0.30 sys=0.00, real=0.05 secs] 
5519.020: [GC (Allocation Failure) [PSYoungGen: 494944K->107008K(522752K)] 788075K->538195K(1921024K), 0.0796051 secs] [Times: user=0.47 sys=0.00, real=0.08 secs] 
5519.753: [GC (Allocation Failure) [PSYoungGen: 452037K->146624K(492032K)] 883225K->681711K(1890304K), 0.0517163 secs] [Times: user=0.29 sys=0.00, real=0.05 secs] 
5521.785: [GC (Allocation Failure) [PSYoungGen: 491712K->106560K(521216K)] 1026799K->779807K(1919488K), 0.0966209 secs] [Times: user=0.58 sys=0.00, real=0.09 secs] 
5523.037: [GC (Allocation Failure) [PSYoungGen: 448576K->143456K(519680K)] 1121823K->919756K(1917952K), 0.0779326 secs] [Times: user=0.46 sys=0.00, real=0.08 secs] 
5525.183: [GC (Allocation Failure) [PSYoungGen: 485472K->102912K(520704K)] 1261772K->1014212K(1918976K), 0.0786407 secs] [Times: user=0.47 sys=0.00, real=0.08 secs] 
5526.373: [GC (GCLocker Initiated GC) [PSYoungGen: 444928K->144576K(486912K)] 1356229K->1155236K(1885184K), 0.0560786 secs] [Times: user=0.33 sys=0.00, real=0.06 secs] 
5528.412: [GC (Allocation Failure) [PSYoungGen: 486592K->103968K(520192K)] 1497254K->1250766K(1918464K), 0.1047587 secs] [Times: user=0.61 sys=0.00, real=0.11 secs] 
5530.191: [GC (Allocation Failure) [PSYoungGen: 444448K->142656K(519168K)] 1591246K->1388731K(1917440K), 0.0514389 secs] [Times: user=0.30 sys=0.00, real=0.05 secs] 
5530.243: [Full GC (Ergonomics) [PSYoungGen: 142656K->0K(519168K)] [ParOldGen: 1246075K->186717K(1398272K)] 1388731K->186717K(1917440K), [Metaspace: 59683K->59683K(1105920K)], 0.4486675 secs] [Times: user=2.08 sys=0.00, real=0.45 secs] 
5532.107: [GC (Allocation Failure) [PSYoungGen: 340480K->105696K(518144K)] 527197K->292413K(1916416K), 0.0339156 secs] [Times: user=0.20 sys=0.00, real=0.03 secs] 
5533.729: [GC (Allocation Failure) [PSYoungGen: 446176K->142144K(518656K)] 632893K->431098K(1916928K), 0.0514727 secs] [Times: user=0.30 sys=0.00, real=0.05 secs] 
5535.448: [GC (Allocation Failure) [PSYoungGen: 482624K->105056K(518656K)] 771578K->527554K(1916928K), 0.0814069 secs] [Times: user=0.49 sys=0.00, real=0.08 secs] 
5536.192: [GC (Allocation Failure) [PSYoungGen: 446560K->143392K(519168K)] 869058K->667303K(1917440K), 0.0514640 secs] [Times: user=0.30 sys=0.00, real=0.06 secs] 
5537.595: [GC (Allocation Failure) [PSYoungGen: 482914K->105568K(519680K)] 1006825K->763767K(1917952K), 0.0640345 secs] [Times: user=0.38 sys=0.00, real=0.06 secs] 
5538.856: [GC (Allocation Failure) [PSYoungGen: 447584K->141312K(519680K)] 1105783K->903034K(1917952K), 0.0526518 secs] [Times: user=0.31 sys=0.00, real=0.05 secs] 
5540.379: [GC (Allocation Failure) [PSYoungGen: 483328K->105984K(518144K)] 1245050K->1000010K(1916416K), 0.0672767 secs] [Times: user=0.39 sys=0.00, real=0.07 secs] 
5542.131: [GC (Allocation Failure) [PSYoungGen: 448512K->139296K(519168K)] 1342538K->1136383K(1917440K), 0.0522393 secs] [Times: user=0.31 sys=0.00, real=0.05 secs] 
5543.549: [GC (Allocation Failure) [PSYoungGen: 481824K->108608K(518656K)] 1478911K->1235599K(1916928K), 0.0640791 secs] [Times: user=0.38 sys=0.00, real=0.06 secs] 
5544.395: [GC (Allocation Failure) [PSYoungGen: 453696K->153152K(498688K)] 1580687K->1385958K(1896960K), 0.0546441 secs] [Times: user=0.32 sys=0.00, real=0.05 secs] 
5544.450: [Full GC (Ergonomics) [PSYoungGen: 153152K->0K(498688K)] [ParOldGen: 1232806K->175484K(1398272K)] 1385958K->175484K(1896960K), [Metaspace: 59683K->59683K(1105920K)], 0.4263578 secs] [Times: user=1.98 sys=0.00, real=0.43 secs] 
5546.161: [GC (Allocation Failure) [PSYoungGen: 345088K->106944K(520192K)] 520572K->282428K(1918464K), 0.0343820 secs] [Times: user=0.20 sys=0.00, real=0.04 secs] 
5547.558: [GC (Allocation Failure) [PSYoungGen: 446400K->148000K(487936K)] 621884K->427521K(1886208K), 0.0529570 secs] [Times: user=0.31 sys=0.00, real=0.05 secs] 
5548.932: [GC (Allocation Failure) [PSYoungGen: 487456K->106400K(519168K)] 766977K->516481K(1917440K), 0.0636416 secs] [Times: user=0.38 sys=0.01, real=0.07 secs] 
5550.719: [GC (Allocation Failure) [PSYoungGen: 443808K->138688K(517120K)] 853889K->652438K(1915392K), 0.0525764 secs] [Times: user=0.31 sys=0.00, real=0.05 secs] 
5552.104: [GC (Allocation Failure) [PSYoungGen: 476096K->106688K(517120K)] 989846K->750014K(1915392K), 0.0645447 secs] [Times: user=0.38 sys=0.00, real=0.06 secs] 
5553.922: [GC (Allocation Failure) [PSYoungGen: 446144K->136832K(517120K)] 1089470K->884515K(1915392K), 0.0531373 secs] [Times: user=0.31 sys=0.00, real=0.06 secs] 
5555.345: [GC (Allocation Failure) [PSYoungGen: 476288K->109792K(516608K)] 1223971K->984707K(1914880K), 0.0730044 secs] [Times: user=0.43 sys=0.00, real=0.07 secs] 
5557.233: [GC (Allocation Failure) [PSYoungGen: 453856K->137856K(518656K)] 1328771K->1120327K(1916928K), 0.0544213 secs] [Times: user=0.32 sys=0.00, real=0.05 secs] 
5558.629: [GC (Allocation Failure) [PSYoungGen: 481920K->111104K(519168K)] 1464391K->1222128K(1917440K), 0.0671346 secs] [Times: user=0.40 sys=0.00, real=0.07 secs] 
5559.562: [GC (Allocation Failure) [PSYoungGen: 460800K->141824K(521728K)] 1571824K->1362060K(1920000K), 0.0566162 secs] [Times: user=0.33 sys=0.00, real=0.06 secs] 
5560.988: [GC (Allocation Failure) [PSYoungGen: 491520K->111712K(523776K)] 1711756K->1464316K(1922048K), 0.0671720 secs] [Times: user=0.39 sys=0.01, real=0.07 secs] 
5561.056: [Full GC (Ergonomics) [PSYoungGen: 111712K->0K(523776K)] [ParOldGen: 1352604K->26125K(1398272K)] 1464316K->26125K(1922048K), [Metaspace: 59683K->59683K(1105920K)], 0.0444366 secs] [Times: user=0.13 sys=0.00, real=0.04 secs] 
5562.456: [GC (Allocation Failure) [PSYoungGen: 352768K->144256K(524288K)] 378893K->170381K(1922560K), 0.0289400 secs] [Times: user=0.17 sys=0.00, real=0.03 secs] 
5563.921: [GC (Allocation Failure) [PSYoungGen: 497024K->111936K(525312K)] 523149K->272981K(1923584K), 0.0651379 secs] [Times: user=0.38 sys=0.00, real=0.07 secs] 
5565.157: [GC (Allocation Failure) [PSYoungGen: 464704K->144864K(497664K)] 625749K->415434K(1895936K), 0.0536989 secs] [Times: user=0.32 sys=0.00, real=0.05 secs] 
5566.665: [GC (GCLocker Initiated GC) [PSYoungGen: 497632K->110400K(526336K)] 768202K->516818K(1924608K), 0.0650406 secs] [Times: user=0.38 sys=0.01, real=0.06 secs] 
5567.609: [GC (Allocation Failure) [PSYoungGen: 462144K->146016K(498176K)] 868632K->659801K(1896448K), 0.0534389 secs] [Times: user=0.31 sys=0.00, real=0.05 secs] 
5569.343: [GC (Allocation Failure) [PSYoungGen: 497760K->109824K(525312K)] 1011545K->760749K(1923584K), 0.1111489 secs] [Times: user=0.66 sys=0.00, real=0.12 secs] 
5570.667: [GC (Allocation Failure) [PSYoungGen: 459520K->146816K(496640K)] 1110445K->903946K(1894912K), 0.0538760 secs] [Times: user=0.32 sys=0.00, real=0.05 secs] 
5572.151: [GC (Allocation Failure) [PSYoungGen: 496512K->107264K(523264K)] 1253642K->1002610K(1921536K), 0.1018505 secs] [Times: user=0.60 sys=0.01, real=0.10 secs] 
5572.933: [GC (GCLocker Initiated GC) [PSYoungGen: 453888K->146624K(493568K)] 1349234K->1146107K(1891840K), 0.0539352 secs] [Times: user=0.32 sys=0.00, real=0.06 secs] 
5574.358: [GC (Allocation Failure) [PSYoungGen: 493248K->104096K(521728K)] 1492733K->1241461K(1920000K), 0.1046425 secs] [Times: user=0.62 sys=0.01, real=0.11 secs] 
5575.573: [GC (Allocation Failure) [PSYoungGen: 447648K->146176K(489984K)] 1585013K->1383298K(1888256K), 0.0517711 secs] [Times: user=0.31 sys=0.00, real=0.05 secs] 
5575.625: [Full GC (Ergonomics) [PSYoungGen: 146176K->0K(489984K)] [ParOldGen: 1237122K->187124K(1398272K)] 1383298K->187124K(1888256K), [Metaspace: 59683K->59683K(1105920K)], 0.4480154 secs] [Times: user=2.07 sys=0.00, real=0.45 secs] 
5577.438: [GC (Allocation Failure) [PSYoungGen: 343552K->104416K(520192K)] 530676K->291540K(1918464K), 0.0496425 secs] [Times: user=0.29 sys=0.00, real=0.05 secs] 
5578.580: [GC (Allocation Failure) [PSYoungGen: 444896K->145120K(485888K)] 632020K->432425K(1884160K), 0.0508387 secs] [Times: user=0.30 sys=0.00, real=0.05 secs] 
5580.011: [GC (Allocation Failure) [PSYoungGen: 485600K->105184K(519680K)] 772905K->528681K(1917952K), 0.0656261 secs] [Times: user=0.38 sys=0.00, real=0.07 secs] 
5581.595: [GC (Allocation Failure) [PSYoungGen: 444128K->142048K(518144K)] 867625K->667086K(1916416K), 0.0514366 secs] [Times: user=0.30 sys=0.00, real=0.05 secs] 
5582.987: [GC (Allocation Failure) [PSYoungGen: 480992K->104704K(517632K)] 1006030K->762854K(1915904K), 0.0644717 secs] [Times: user=0.38 sys=0.00, real=0.06 secs] 
5584.235: [GC (Allocation Failure) [PSYoungGen: 444672K->140832K(518144K)] 1102822K->900843K(1916416K), 0.0522091 secs] [Times: user=0.31 sys=0.00, real=0.05 secs] 
5585.624: [GC (GCLocker Initiated GC) [PSYoungGen: 480800K->104384K(518656K)] 1240811K->996315K(1916928K), 0.0680158 secs] [Times: user=0.39 sys=0.01, real=0.06 secs] 
5587.656: [GC (Allocation Failure) [PSYoungGen: 445888K->140000K(519168K)] 1337821K->1133308K(1917440K), 0.0541723 secs] [Times: user=0.31 sys=0.01, real=0.05 secs] 
5589.093: [GC (Allocation Failure) [PSYoungGen: 481504K->108544K(516608K)] 1474812K->1232476K(1914880K), 0.0654557 secs] [Times: user=0.38 sys=0.00, real=0.06 secs] 
5590.017: [GC (Allocation Failure) [PSYoungGen: 451584K->142176K(518656K)] 1575516K->1372213K(1916928K), 0.0543411 secs] [Times: user=0.32 sys=0.00, real=0.05 secs] 
5591.443: [GC (Allocation Failure) [PSYoungGen: 485216K->108192K(520704K)] 1715253K->1471125K(1918976K), 0.0881774 secs] [Times: user=0.51 sys=0.00, real=0.08 secs] 
5591.531: [Full GC (Ergonomics) [PSYoungGen: 108192K->0K(520704K)] [ParOldGen: 1362933K->32240K(1398272K)] 1471125K->32240K(1918976K), [Metaspace: 59683K->59683K(1105920K)], 0.0694959 secs] [Times: user=0.22 sys=0.00, real=0.07 secs] 
5593.043: [GC (Allocation Failure) [PSYoungGen: 346112K->144352K(521216K)] 378352K->176592K(1919488K), 0.0291362 secs] [Times: user=0.17 sys=0.00, real=0.02 secs] 
5594.448: [GC (GCLocker Initiated GC) [PSYoungGen: 490464K->106656K(521728K)] 522704K->274300K(1920000K), 0.0897603 secs] [Times: user=0.54 sys=0.00, real=0.09 secs] 
5595.848: [GC (Allocation Failure) [PSYoungGen: 452256K->142528K(521216K)] 619971K->414292K(1919488K), 0.0523545 secs] [Times: user=0.31 sys=0.00, real=0.05 secs] 
5597.254: [GC (Allocation Failure) [PSYoungGen: 488128K->108544K(520192K)] 759892K->513876K(1918464K), 0.0648151 secs] [Times: user=0.38 sys=0.00, real=0.06 secs] 
5598.005: [GC (Allocation Failure) [PSYoungGen: 454144K->143072K(520704K)] 859476K->654553K(1918976K), 0.0526011 secs] [Times: user=0.31 sys=0.00, real=0.05 secs] 
5599.399: [GC (Allocation Failure) [PSYoungGen: 488672K->109248K(521728K)] 1000153K->754745K(1920000K), 0.0646833 secs] [Times: user=0.38 sys=0.01, real=0.07 secs] 
5601.184: [GC (Allocation Failure) [PSYoungGen: 455872K->142208K(521728K)] 1101369K->894414K(1920000K), 0.0540168 secs] [Times: user=0.32 sys=0.00, real=0.05 secs] 
5602.799: [GC (Allocation Failure) [PSYoungGen: 488832K->106944K(521216K)] 1241038K->992606K(1919488K), 0.0651191 secs] [Times: user=0.38 sys=0.00, real=0.07 secs] 
5603.900: [GC (Allocation Failure) [PSYoungGen: 454080K->143808K(521728K)] 1339742K->1134591K(1920000K), 0.0534821 secs] [Times: user=0.31 sys=0.00, real=0.06 secs] 
5605.538: [GC (GCLocker Initiated GC) [PSYoungGen: 490944K->110432K(521728K)] 1481727K->1236175K(1920000K), 0.0801824 secs] [Times: user=0.47 sys=0.00, real=0.08 secs] 
5607.290: [GC (Allocation Failure) [PSYoungGen: 457568K->143296K(521728K)] 1583314K->1375694K(1920000K), 0.0538739 secs] [Times: user=0.31 sys=0.01, real=0.06 secs] 
5607.344: [Full GC (Ergonomics) [PSYoungGen: 143296K->0K(521728K)] [ParOldGen: 1232398K->179284K(1398272K)] 1375694K->179284K(1920000K), [Metaspace: 59683K->59683K(1105920K)], 0.4274323 secs] [Times: user=1.98 sys=0.00, real=0.42 secs] 
5609.100: [GC (Allocation Failure) [PSYoungGen: 347136K->108864K(522240K)] 526420K->288148K(1920512K), 0.0516390 secs] [Times: user=0.31 sys=0.00, real=0.05 secs] 
5610.093: [GC (Allocation Failure) [PSYoungGen: 456512K->146016K(494080K)] 635796K->429987K(1892352K), 0.0530374 secs] [Times: user=0.32 sys=0.00, real=0.06 secs] 
5611.526: [GC (Allocation Failure) [PSYoungGen: 493664K->108320K(523264K)] 777635K->529379K(1921536K), 0.0661000 secs] [Times: user=0.40 sys=0.00, real=0.06 secs] 
5612.317: [GC (Allocation Failure) [PSYoungGen: 453920K->155040K(500736K)] 874979K->680794K(1899008K), 0.0537369 secs] [Times: user=0.32 sys=0.00, real=0.05 secs] 
5613.695: [GC (GCLocker Initiated GC) [PSYoungGen: 500640K->103456K(518144K)] 1026394K->767306K(1916416K), 0.0941695 secs] [Times: user=0.56 sys=0.01, real=0.09 secs] 
5614.915: [GC (Allocation Failure) [PSYoungGen: 439840K->151008K(487424K)] 1103693K->914582K(1885696K), 0.0523209 secs] [Times: user=0.30 sys=0.01, real=0.05 secs] 
5616.408: [GC (Allocation Failure) [PSYoungGen: 487392K->104096K(516096K)] 1250966K->1001662K(1914368K), 0.0942449 secs] [Times: user=0.56 sys=0.00, real=0.09 secs] 
5618.136: [GC (Allocation Failure) [PSYoungGen: 435872K->135392K(467456K)] 1333438K->1134163K(1865728K), 0.0518552 secs] [Times: user=0.30 sys=0.00, real=0.05 secs] 
5619.526: [GC (GCLocker Initiated GC) [PSYoungGen: 467168K->104480K(514048K)] 1465940K->1229428K(1912320K), 0.0705245 secs] [Times: user=0.41 sys=0.00, real=0.07 secs] 
5621.088: [GC (Allocation Failure) [PSYoungGen: 437792K->143616K(512512K)] 1562779K->1370239K(1910784K), 0.0529843 secs] [Times: user=0.32 sys=0.00, real=0.05 secs] 
5622.575: [GC (Allocation Failure) [PSYoungGen: 476928K->107616K(517120K)] 1703551K->1460336K(1915392K), 0.0738727 secs] [Times: user=0.44 sys=0.00, real=0.07 secs] 
5622.649: [Full GC (Ergonomics) [PSYoungGen: 107616K->0K(517120K)] [ParOldGen: 1352719K->21582K(1398272K)] 1460336K->21582K(1915392K), [Metaspace: 59683K->59683K(1105920K)], 0.0370478 secs] [Times: user=0.09 sys=0.00, real=0.04 secs] 
5623.907: [GC (Allocation Failure) [PSYoungGen: 338944K->135232K(517632K)] 360526K->156814K(1915904K), 0.0269169 secs] [Times: user=0.16 sys=0.00, real=0.03 secs] 
5625.367: [GC (Allocation Failure) [PSYoungGen: 474176K->111200K(516096K)] 495758K->258606K(1914368K), 0.0643599 secs] [Times: user=0.39 sys=0.00, real=0.06 secs] 
5626.940: [GC (Allocation Failure) [PSYoungGen: 454240K->134848K(517632K)] 601646K->391915K(1915904K), 0.0533937 secs] [Times: user=0.31 sys=0.00, real=0.06 secs] 
5628.396: [GC (Allocation Failure) [PSYoungGen: 477888K->113920K(517632K)] 734955K->496375K(1915904K), 0.0642494 secs] [Times: user=0.38 sys=0.00, real=0.06 secs] 
5629.444: [GC (Allocation Failure) [PSYoungGen: 464640K->138240K(521216K)] 847095K->633331K(1919488K), 0.0542101 secs] [Times: user=0.32 sys=0.00, real=0.05 secs] 
5630.864: [GC (Allocation Failure) [PSYoungGen: 488960K->112288K(524800K)] 984051K->736651K(1923072K), 0.0651936 secs] [Times: user=0.39 sys=0.00, real=0.06 secs] 
5632.022: [GC (Allocation Failure) [PSYoungGen: 469664K->143520K(526336K)] 1094027K->878972K(1924608K), 0.0562619 secs] [Times: user=0.33 sys=0.01, real=0.06 secs] 
5633.482: [GC (Allocation Failure) [PSYoungGen: 500896K->114624K(527360K)] 1236348K->984412K(1925632K), 0.0667474 secs] [Times: user=0.40 sys=0.00, real=0.07 secs] 
5635.219: [GC (Allocation Failure) [PSYoungGen: 473024K->146464K(505344K)] 1342812K->1128689K(1903616K), 0.0552864 secs] [Times: user=0.33 sys=0.00, real=0.06 secs] 
5637.539: [GC (Allocation Failure) [PSYoungGen: 504864K->111904K(528384K)] 1487089K->1231705K(1926656K), 0.0664293 secs] [Times: user=0.39 sys=0.00, real=0.07 secs] 
5638.778: [GC (Allocation Failure) [PSYoungGen: 467744K->145760K(501760K)] 1587545K->1375102K(1900032K), 0.0548803 secs] [Times: user=0.33 sys=0.00, real=0.05 secs] 
5640.545: [GC (Allocation Failure) [PSYoungGen: 501600K->113120K(527360K)] 1730942K->1479166K(1925632K), 0.0663698 secs] [Times: user=0.39 sys=0.00, real=0.06 secs] 
5640.612: [Full GC (Ergonomics) [PSYoungGen: 113120K->0K(527360K)] [ParOldGen: 1366046K->44731K(1398272K)] 1479166K->44731K(1925632K), [Metaspace: 59683K->59683K(1105920K)], 0.0940215 secs] [Times: user=0.38 sys=0.00, real=0.10 secs] 
5641.586: [GC (Allocation Failure) [PSYoungGen: 353792K->149120K(503296K)] 398523K->193851K(1901568K), 0.0298517 secs] [Times: user=0.17 sys=0.00, real=0.03 secs] 
5643.370: [GC (Allocation Failure) [PSYoungGen: 502912K->110688K(524800K)] 547643K->295227K(1923072K), 0.1061798 secs] [Times: user=0.63 sys=0.00, real=0.11 secs] 
5644.528: [GC (Allocation Failure) [PSYoungGen: 459872K->146336K(495616K)] 644411K->438024K(1893888K), 0.0520468 secs] [Times: user=0.31 sys=0.00, real=0.05 secs] 
5646.361: [GC (Allocation Failure) [PSYoungGen: 495520K->107712K(523776K)] 787208K->537184K(1922048K), 0.1496567 secs] [Times: user=0.88 sys=0.00, real=0.15 secs] 
5647.821: [GC (Allocation Failure) [PSYoungGen: 454848K->152512K(499712K)] 884320K->685445K(1897984K), 0.0518102 secs] [Times: user=0.31 sys=0.00, real=0.05 secs] 
5649.297: [GC (Allocation Failure) [PSYoungGen: 499648K->109152K(520704K)] 1032581K->777681K(1918976K), 0.0661671 secs] [Times: user=0.39 sys=0.00, real=0.07 secs] 
5649.928: [GC (Allocation Failure) [PSYoungGen: 449632K->142848K(518656K)] 1118161K->916150K(1916928K), 0.0516030 secs] [Times: user=0.30 sys=0.00, real=0.05 secs] 
5651.557: [GC (GCLocker Initiated GC) [PSYoungGen: 483328K->104288K(519680K)] 1256630K->1011126K(1917952K), 0.1183800 secs] [Times: user=0.69 sys=0.00, real=0.12 secs] 
5652.313: [GC (GCLocker Initiated GC) [PSYoungGen: 445792K->145184K(486912K)] 1352633K->1153298K(1885184K), 0.0520976 secs] [Times: user=0.30 sys=0.00, real=0.06 secs] 
5654.220: [GC (Allocation Failure) [PSYoungGen: 486688K->102592K(519680K)] 1494803K->1247443K(1917952K), 0.1046902 secs] [Times: user=0.62 sys=0.00, real=0.11 secs] 
5655.538: [GC (Allocation Failure) [PSYoungGen: 442048K->144672K(484352K)] 1586899K->1388084K(1882624K), 0.0518319 secs] [Times: user=0.31 sys=0.00, real=0.05 secs] 
5655.590: [Full GC (Ergonomics) [PSYoungGen: 144672K->0K(484352K)] [ParOldGen: 1243411K->190833K(1398272K)] 1388084K->190833K(1882624K), [Metaspace: 59683K->59683K(1105920K)], 0.4659363 secs] [Times: user=2.16 sys=0.01, real=0.47 secs] 
5657.339: [GC (Allocation Failure) [PSYoungGen: 339456K->102912K(519168K)] 530289K->293745K(1917440K), 0.0317687 secs] [Times: user=0.19 sys=0.00, real=0.03 secs] 
5658.776: [GC (Allocation Failure) [PSYoungGen: 441344K->143552K(482304K)] 632177K->433518K(1880576K), 0.0502577 secs] [Times: user=0.30 sys=0.00, real=0.05 secs] 
5660.196: [GC (Allocation Failure) [PSYoungGen: 481984K->102592K(519168K)] 771950K->527346K(1917440K), 0.0641832 secs] [Times: user=0.38 sys=0.00, real=0.06 secs] 
5661.618: [GC (Allocation Failure) [PSYoungGen: 440512K->142016K(517632K)] 865266K->665207K(1915904K), 0.0501718 secs] [Times: user=0.30 sys=0.00, real=0.05 secs] 
5663.013: [GC (Allocation Failure) [PSYoungGen: 479936K->106656K(516096K)] 1003127K->762731K(1914368K), 0.0748057 secs] [Times: user=0.44 sys=0.00, real=0.07 secs] 
5663.796: [GC (Allocation Failure) [PSYoungGen: 445088K->140512K(517120K)] 1101163K->900396K(1915392K), 0.0525222 secs] [Times: user=0.31 sys=0.00, real=0.05 secs] 
5665.295: [GC (Allocation Failure) [PSYoungGen: 478944K->105792K(517632K)] 1238828K->997156K(1915904K), 0.0655286 secs] [Times: user=0.39 sys=0.00, real=0.06 secs] 
5667.201: [GC (Allocation Failure) [PSYoungGen: 446784K->140288K(518656K)] 1338148K->1134824K(1916928K), 0.0530214 secs] [Times: user=0.31 sys=0.00, real=0.06 secs] 
5668.621: [GC (Allocation Failure) [PSYoungGen: 481280K->106240K(517632K)] 1475816K->1232040K(1915904K), 0.0664496 secs] [Times: user=0.39 sys=0.00, real=0.07 secs] 
5669.780: [GC (Allocation Failure) [PSYoungGen: 449280K->141888K(519168K)] 1575080K->1371189K(1917440K), 0.0548524 secs] [Times: user=0.33 sys=0.00, real=0.06 secs] 
5671.221: [GC (Allocation Failure) [PSYoungGen: 484928K->106720K(520192K)] 1714229K->1468849K(1918464K), 0.0786678 secs] [Times: user=0.46 sys=0.00, real=0.08 secs] 
5671.300: [Full GC (Ergonomics) [PSYoungGen: 106720K->0K(520192K)] [ParOldGen: 1362129K->30557K(1398272K)] 1468849K->30557K(1918464K), [Metaspace: 59683K->59683K(1105920K)], 0.0547013 secs] [Times: user=0.18 sys=0.00, real=0.06 secs] 
5672.465: [GC (Allocation Failure) [PSYoungGen: 345088K->142528K(520704K)] 375645K->173085K(1918976K), 0.0289375 secs] [Times: user=0.17 sys=0.00, real=0.03 secs] 
5673.884: [GC (Allocation Failure) [PSYoungGen: 487616K->108864K(520192K)] 518173K->273057K(1918464K), 0.0759913 secs] [Times: user=0.45 sys=0.00, real=0.07 secs] 
5675.460: [GC (Allocation Failure) [PSYoungGen: 454464K->142592K(520704K)] 618657K->413118K(1918976K), 0.0528454 secs] [Times: user=0.31 sys=0.00, real=0.05 secs] 
5677.509: [GC (Allocation Failure) [PSYoungGen: 488192K->108192K(521728K)] 758718K->512574K(1920000K), 0.0814357 secs] [Times: user=0.48 sys=0.00, real=0.08 secs] 
5678.555: [GC (Allocation Failure) [PSYoungGen: 454816K->143648K(521728K)] 859198K->653754K(1920000K), 0.0530029 secs] [Times: user=0.32 sys=0.00, real=0.05 secs] 
5679.945: [GC (GCLocker Initiated GC) [PSYoungGen: 490272K->108192K(521728K)] 1000378K->752627K(1920000K), 0.0648418 secs] [Times: user=0.39 sys=0.00, real=0.06 secs] 
5680.674: [GC (Allocation Failure) [PSYoungGen: 454816K->151360K(498176K)] 1099253K->902198K(1896448K), 0.0541169 secs] [Times: user=0.31 sys=0.00, real=0.05 secs] 
5682.103: [GC (Allocation Failure) [PSYoungGen: 497984K->110688K(521216K)] 1248822K->995790K(1919488K), 0.0651926 secs] [Times: user=0.38 sys=0.00, real=0.06 secs] 
5683.643: [GC (Allocation Failure) [PSYoungGen: 451680K->138880K(480256K)] 1336782K->1132250K(1878528K), 0.0536156 secs] [Times: user=0.32 sys=0.00, real=0.06 secs] 
5685.089: [GC (Allocation Failure) [PSYoungGen: 479872K->105824K(519680K)] 1473242K->1229074K(1917952K), 0.0883733 secs] [Times: user=0.52 sys=0.01, real=0.09 secs] 
5686.428: [GC (Allocation Failure) [PSYoungGen: 448352K->139680K(518144K)] 1571602K->1365847K(1916416K), 0.0525065 secs] [Times: user=0.30 sys=0.01, real=0.05 secs] 
5687.842: [GC (GCLocker Initiated GC) [PSYoungGen: 482208K->108416K(520192K)] 1708375K->1464807K(1918464K), 0.0663377 secs] [Times: user=0.40 sys=0.00, real=0.07 secs] 
5687.909: [Full GC (Ergonomics) [PSYoungGen: 108416K->0K(520192K)] [ParOldGen: 1356391K->30759K(1398272K)] 1464807K->30759K(1918464K), [Metaspace: 59683K->59683K(1105920K)], 0.0567197 secs] [Times: user=0.19 sys=0.00, real=0.06 secs] 
5689.678: [GC (Allocation Failure) [PSYoungGen: 347136K->149376K(496640K)] 377934K->180174K(1894912K), 0.0285208 secs] [Times: user=0.16 sys=0.00, real=0.03 secs] 
5691.076: [GC (GCLocker Initiated GC) [PSYoungGen: 496512K->110464K(522752K)] 527310K->273274K(1921024K), 0.0641858 secs] [Times: user=0.37 sys=0.00, real=0.06 secs] 
5691.874: [GC (Allocation Failure) [PSYoungGen: 454528K->143744K(520192K)] 617409K->415499K(1918464K), 0.0535323 secs] [Times: user=0.32 sys=0.00, real=0.05 secs] 
5693.310: [GC (Allocation Failure) [PSYoungGen: 487808K->106944K(520704K)] 759563K->513695K(1918976K), 0.0640948 secs] [Times: user=0.38 sys=0.00, real=0.07 secs] 
5694.967: [GC (Allocation Failure) [PSYoungGen: 451520K->143264K(520704K)] 858271K->653964K(1918976K), 0.0525113 secs] [Times: user=0.31 sys=0.00, real=0.05 secs] 
5696.372: [GC (GCLocker Initiated GC) [PSYoungGen: 487840K->107776K(520704K)] 998540K->752868K(1918976K), 0.0941120 secs] [Times: user=0.56 sys=0.00, real=0.10 secs] 
5698.504: [GC (Allocation Failure) [PSYoungGen: 452352K->138432K(520704K)] 1097482K->888751K(1918976K), 0.0524298 secs] [Times: user=0.31 sys=0.00, real=0.05 secs] 
5699.966: [GC (GCLocker Initiated GC) [PSYoungGen: 483008K->108352K(518656K)] 1233327K->987863K(1916928K), 0.0644492 secs] [Times: user=0.38 sys=0.00, real=0.06 secs] 
5700.756: [GC (Allocation Failure) [PSYoungGen: 454976K->143232K(520704K)] 1334490K->1128375K(1918976K), 0.0539357 secs] [Times: user=0.32 sys=0.00, real=0.05 secs] 
5702.224: [GC (GCLocker Initiated GC) [PSYoungGen: 489856K->107808K(523264K)] 1474999K->1226991K(1921536K), 0.0663510 secs] [Times: user=0.40 sys=0.00, real=0.06 secs] 
5703.457: [GC (Allocation Failure) [PSYoungGen: 455968K->143360K(522752K)] 1575153K->1368149K(1921024K), 0.0548288 secs] [Times: user=0.33 sys=0.00, real=0.05 secs] 
5704.894: [GC (GCLocker Initiated GC) [PSYoungGen: 491520K->109664K(521728K)] 1716311K->1468791K(1920000K), 0.0883229 secs] [Times: user=0.52 sys=0.00, real=0.08 secs] 
5704.982: [Full GC (Ergonomics) [PSYoungGen: 109664K->0K(521728K)] [ParOldGen: 1359127K->33759K(1398272K)] 1468791K->33759K(1920000K), [Metaspace: 59683K->59683K(1105920K)], 0.0672885 secs] [Times: user=0.25 sys=0.00, real=0.07 secs] 
5706.247: [GC (Allocation Failure) [PSYoungGen: 348160K->141696K(522240K)] 381922K->175458K(1920512K), 0.0281869 secs] [Times: user=0.17 sys=0.00, real=0.03 secs] 
5707.649: [GC (GCLocker Initiated GC) [PSYoungGen: 489856K->112128K(521216K)] 523618K->277666K(1919488K), 0.0643782 secs] [Times: user=0.38 sys=0.00, real=0.07 secs] 
5708.436: [GC (Allocation Failure) [PSYoungGen: 461312K->152160K(501760K)] 626889K->426952K(1900032K), 0.0543447 secs] [Times: user=0.32 sys=0.01, real=0.05 secs] 
5709.881: [GC (Allocation Failure) [PSYoungGen: 501344K->113568K(523264K)] 776136K->522392K(1921536K), 0.0644210 secs] [Times: user=0.38 sys=0.00, real=0.07 secs] 
5710.693: [GC (Allocation Failure) [PSYoungGen: 458656K->146080K(520704K)] 867480K->663196K(1918976K), 0.0543794 secs] [Times: user=0.32 sys=0.00, real=0.05 secs] 
5712.328: [GC (Allocation Failure) [PSYoungGen: 491168K->107424K(521728K)] 1008284K->761812K(1920000K), 0.0772495 secs] [Times: user=0.45 sys=0.00, real=0.08 secs] 
5714.195: [GC (GCLocker Initiated GC) [PSYoungGen: 451488K->141344K(520704K)] 1105876K->899513K(1918976K), 0.0525055 secs] [Times: user=0.30 sys=0.00, real=0.05 secs] 
5715.618: [GC (Allocation Failure) [PSYoungGen: 485408K->105888K(520704K)] 1245629K->998365K(1918976K), 0.1010298 secs] [Times: user=0.60 sys=0.00, real=0.10 secs] 
5717.078: [GC (Allocation Failure) [PSYoungGen: 450976K->143456K(521216K)] 1343453K->1140437K(1919488K), 0.0533617 secs] [Times: user=0.32 sys=0.00, real=0.05 secs] 
5718.556: [GC (Allocation Failure) [PSYoungGen: 488544K->107456K(521216K)] 1485525K->1239209K(1919488K), 0.0661145 secs] [Times: user=0.39 sys=0.00, real=0.06 secs] 
5719.343: [GC (Allocation Failure) [PSYoungGen: 452544K->145632K(491008K)] 1584297K->1382266K(1889280K), 0.0555437 secs] [Times: user=0.32 sys=0.00, real=0.06 secs] 
5719.398: [Full GC (Ergonomics) [PSYoungGen: 145632K->0K(491008K)] [ParOldGen: 1236634K->182505K(1398272K)] 1382266K->182505K(1889280K), [Metaspace: 59684K->59684K(1105920K)], 0.4396592 secs] [Times: user=2.02 sys=0.00, real=0.44 secs] 
5721.398: [GC (Allocation Failure) [PSYoungGen: 345088K->105280K(521728K)] 527593K->287785K(1920000K), 0.0332457 secs] [Times: user=0.20 sys=0.00, real=0.03 secs] 
5722.907: [GC (Allocation Failure) [PSYoungGen: 448320K->143136K(520192K)] 630825K->427342K(1918464K), 0.0515521 secs] [Times: user=0.31 sys=0.00, real=0.05 secs] 
5724.494: [GC (Allocation Failure) [PSYoungGen: 486024K->106656K(520192K)] 770230K->525030K(1918464K), 0.0817737 secs] [Times: user=0.48 sys=0.00, real=0.08 secs] 
5726.167: [GC (Allocation Failure) [PSYoungGen: 449696K->148160K(491520K)] 868070K->670815K(1889792K), 0.0526720 secs] [Times: user=0.31 sys=0.00, real=0.05 secs] 
5728.054: [GC (Allocation Failure) [PSYoungGen: 491200K->106848K(520192K)] 1013855K->760531K(1918464K), 0.0940821 secs] [Times: user=0.56 sys=0.00, real=0.09 secs] 
5729.718: [GC (GCLocker Initiated GC) [PSYoungGen: 446816K->136640K(476672K)] 1100499K->894424K(1874944K), 0.0522375 secs] [Times: user=0.30 sys=0.00, real=0.05 secs] 
5731.146: [GC (Allocation Failure) [PSYoungGen: 476608K->108160K(519680K)] 1234431K->993559K(1917952K), 0.0641390 secs] [Times: user=0.37 sys=0.01, real=0.06 secs] 
5731.906: [GC (Allocation Failure) [PSYoungGen: 450176K->141824K(517632K)] 1335575K->1132652K(1915904K), 0.0541728 secs] [Times: user=0.31 sys=0.01, real=0.05 secs] 
5733.330: [GC (Allocation Failure) [PSYoungGen: 483840K->107072K(521216K)] 1474668K->1230416K(1919488K), 0.0825686 secs] [Times: user=0.49 sys=0.00, real=0.09 secs] 
5734.157: [GC (Allocation Failure) [PSYoungGen: 453696K->145024K(492032K)] 1577040K->1373601K(1890304K), 0.0551632 secs] [Times: user=0.33 sys=0.00, real=0.05 secs] 
5735.676: [GC (Allocation Failure) [PSYoungGen: 491648K->108960K(523264K)] 1720225K->1473777K(1921536K), 0.0952784 secs] [Times: user=0.57 sys=0.00, real=0.09 secs] 
5735.771: [Full GC (Ergonomics) [PSYoungGen: 108960K->0K(523264K)] [ParOldGen: 1364817K->33628K(1398272K)] 1473777K->33628K(1921536K), [Metaspace: 59684K->59684K(1105920K)], 0.0669094 secs] [Times: user=0.24 sys=0.00, real=0.07 secs] 
5736.755: [GC (Allocation Failure) [PSYoungGen: 345600K->142720K(521216K)] 379228K->176348K(1919488K), 0.0288171 secs] [Times: user=0.17 sys=0.00, real=0.03 secs] 
5738.129: [GC (Allocation Failure) [PSYoungGen: 488320K->109408K(520704K)] 521948K->276644K(1918976K), 0.0816705 secs] [Times: user=0.48 sys=0.01, real=0.08 secs] 
5738.829: [GC (Allocation Failure) [PSYoungGen: 455520K->143200K(521216K)] 622756K->417225K(1919488K), 0.0526903 secs] [Times: user=0.31 sys=0.00, real=0.05 secs] 
5740.229: [GC (Allocation Failure) [PSYoungGen: 489312K->108768K(522240K)] 763337K->516721K(1920512K), 0.0639651 secs] [Times: user=0.38 sys=0.00, real=0.07 secs] 
5741.387: [GC (Allocation Failure) [PSYoungGen: 455904K->145216K(492544K)] 863857K->659970K(1890816K), 0.0532684 secs] [Times: user=0.31 sys=0.00, real=0.05 secs] 
5742.783: [GC (Allocation Failure) [PSYoungGen: 492352K->108160K(523264K)] 1007106K->759386K(1921536K), 0.0649819 secs] [Times: user=0.38 sys=0.00, real=0.07 secs] 
5743.894: [GC (Allocation Failure) [PSYoungGen: 453760K->144864K(521216K)] 1104986K->900807K(1919488K), 0.0527546 secs] [Times: user=0.31 sys=0.00, real=0.05 secs] 
5745.980: [GC (GCLocker Initiated GC) [PSYoungGen: 490464K->106240K(521728K)] 1246407K->998283K(1920000K), 0.0936496 secs] [Times: user=0.55 sys=0.00, real=0.10 secs] 
5746.886: [GC (Allocation Failure) [PSYoungGen: 451328K->145152K(490496K)] 1343374K->1139371K(1888768K), 0.0522293 secs] [Times: user=0.31 sys=0.00, real=0.05 secs] 
5748.324: [GC (GCLocker Initiated GC) [PSYoungGen: 490240K->106048K(521728K)] 1484460K->1236405K(1920000K), 0.0659409 secs] [Times: user=0.39 sys=0.00, real=0.06 secs] 
5749.567: [GC (Allocation Failure) [PSYoungGen: 449088K->143904K(487424K)] 1579515K->1376280K(1885696K), 0.0520689 secs] [Times: user=0.30 sys=0.00, real=0.05 secs] 
5749.619: [Full GC (Ergonomics) [PSYoungGen: 143904K->0K(487424K)] [ParOldGen: 1232376K->180610K(1398272K)] 1376280K->180610K(1885696K), [Metaspace: 59684K->59684K(1105920K)], 0.4420833 secs] [Times: user=2.07 sys=0.00, real=0.44 secs] 
5751.335: [GC (GCLocker Initiated GC) [PSYoungGen: 343040K->103200K(521216K)] 523650K->283811K(1919488K), 0.0330286 secs] [Times: user=0.19 sys=0.01, real=0.03 secs] 
5752.510: [GC (Allocation Failure) [PSYoungGen: 445216K->149248K(491520K)] 625833K->430602K(1889792K), 0.0514679 secs] [Times: user=0.30 sys=0.00, real=0.05 secs] 
5753.930: [GC (GCLocker Initiated GC) [PSYoungGen: 491264K->108288K(519680K)] 772620K->521716K(1917952K), 0.0829053 secs] [Times: user=0.49 sys=0.00, real=0.08 secs] 
5755.231: [GC (Allocation Failure) [PSYoungGen: 446208K->137984K(476160K)] 859639K->656691K(1874432K), 0.0527750 secs] [Times: user=0.31 sys=0.00, real=0.06 secs] 
5756.670: [GC (GCLocker Initiated GC) [PSYoungGen: 475904K->106720K(518656K)] 994613K->754341K(1916928K), 0.0760499 secs] [Times: user=0.45 sys=0.00, real=0.08 secs] 
5757.856: [GC (Allocation Failure) [PSYoungGen: 446688K->140896K(516608K)] 1094378K->892366K(1914880K), 0.0527067 secs] [Times: user=0.31 sys=0.00, real=0.05 secs] 
5759.252: [GC (Allocation Failure) [PSYoungGen: 480864K->105696K(520192K)] 1232334K->989038K(1918464K), 0.0658296 secs] [Times: user=0.39 sys=0.00, real=0.07 secs] 
5760.543: [GC (Allocation Failure) [PSYoungGen: 450272K->140800K(520704K)] 1333614K->1127979K(1918976K), 0.0535931 secs] [Times: user=0.32 sys=0.00, real=0.06 secs] 
5761.976: [GC (GCLocker Initiated GC) [PSYoungGen: 485376K->107040K(519680K)] 1472556K->1226060K(1917952K), 0.0757085 secs] [Times: user=0.45 sys=0.00, real=0.07 secs] 
5762.830: [GC (Allocation Failure) [PSYoungGen: 452640K->149600K(495616K)] 1571731K->1373940K(1893888K), 0.0551662 secs] [Times: user=0.33 sys=0.00, real=0.06 secs] 
5764.238: [GC (Allocation Failure) [PSYoungGen: 495200K->110368K(521728K)] 1719540K->1466996K(1920000K), 0.0674736 secs] [Times: user=0.40 sys=0.00, real=0.07 secs] 
5764.305: [Full GC (Ergonomics) [PSYoungGen: 110368K->0K(521728K)] [ParOldGen: 1356628K->28137K(1398272K)] 1466996K->28137K(1920000K), [Metaspace: 59684K->59684K(1105920K)], 0.0505430 secs] [Times: user=0.16 sys=0.00, real=0.05 secs] 
5765.673: [GC (Allocation Failure) [PSYoungGen: 342016K->139200K(519168K)] 370153K->167337K(1917440K), 0.0276987 secs] [Times: user=0.16 sys=0.00, real=0.02 secs] 
5767.096: [GC (Allocation Failure) [PSYoungGen: 481216K->107552K(519680K)] 509353K->265717K(1917952K), 0.0644045 secs] [Times: user=0.38 sys=0.00, real=0.06 secs] 
5768.573: [GC (Allocation Failure) [PSYoungGen: 451616K->140224K(519168K)] 609781K->403818K(1917440K), 0.0525188 secs] [Times: user=0.31 sys=0.00, real=0.06 secs] 
5769.958: [GC (GCLocker Initiated GC) [PSYoungGen: 484288K->108512K(520704K)] 747882K->503166K(1918976K), 0.0647478 secs] [Times: user=0.38 sys=0.00, real=0.06 secs] 
5771.329: [GC (Allocation Failure) [PSYoungGen: 456160K->149344K(497152K)] 850817K->650022K(1895424K), 0.0532123 secs] [Times: user=0.32 sys=0.00, real=0.05 secs] 
5772.807: [GC (GCLocker Initiated GC) [PSYoungGen: 496992K->111808K(523264K)] 997671K->744495K(1921536K), 0.0647362 secs] [Times: user=0.38 sys=0.00, real=0.06 secs] 
5773.789: [GC (Allocation Failure) [PSYoungGen: 456896K->149152K(494592K)] 1089586K->891447K(1892864K), 0.0542780 secs] [Times: user=0.32 sys=0.00, real=0.06 secs] 
5775.309: [GC (Allocation Failure) [PSYoungGen: 494240K->109312K(521216K)] 1236535K->983503K(1919488K), 0.0649095 secs] [Times: user=0.38 sys=0.00, real=0.07 secs] 
5776.302: [GC (Allocation Failure) [PSYoungGen: 450816K->139872K(519168K)] 1325007K->1121276K(1917440K), 0.0538697 secs] [Times: user=0.31 sys=0.00, real=0.06 secs] 
5777.731: [GC (GCLocker Initiated GC) [PSYoungGen: 481376K->107488K(519680K)] 1462781K->1219525K(1917952K), 0.0652979 secs] [Times: user=0.39 sys=0.00, real=0.07 secs] 
5778.589: [GC (Allocation Failure) [PSYoungGen: 450528K->148160K(519168K)] 1562568K->1366009K(1917440K), 0.0535306 secs] [Times: user=0.31 sys=0.00, real=0.06 secs] 
5780.234: [GC (GCLocker Initiated GC) [PSYoungGen: 491200K->108128K(521216K)] 1709049K->1456977K(1919488K), 0.0659198 secs] [Times: user=0.39 sys=0.00, real=0.06 secs] 
5780.300: [Full GC (Ergonomics) [PSYoungGen: 108128K->0K(521216K)] [ParOldGen: 1348849K->22764K(1398272K)] 1456977K->22764K(1919488K), [Metaspace: 59684K->59684K(1105920K)], 0.0697353 secs] [Times: user=0.27 sys=0.01, real=0.07 secs] 
5781.779: [GC (Allocation Failure) [PSYoungGen: 342016K->137312K(479744K)] 364818K->160114K(1878016K), 0.0275053 secs] [Times: user=0.16 sys=0.00, real=0.03 secs] 
5783.217: [GC (Allocation Failure) [PSYoungGen: 479328K->110560K(520704K)] 502130K->261226K(1918976K), 0.0654467 secs] [Times: user=0.39 sys=0.01, real=0.06 secs] 
5784.756: [GC (Allocation Failure) [PSYoungGen: 454624K->138784K(518656K)] 605290K->398191K(1916928K), 0.0529638 secs] [Times: user=0.31 sys=0.00, real=0.05 secs] 
5786.177: [GC (Allocation Failure) [PSYoungGen: 482848K->110528K(522240K)] 742255K->499655K(1920512K), 0.0673989 secs] [Times: user=0.40 sys=0.00, real=0.07 secs] 
5787.098: [GC (Allocation Failure) [PSYoungGen: 460224K->141056K(522240K)] 849351K->638900K(1920512K), 0.0537791 secs] [Times: user=0.32 sys=0.00, real=0.05 secs] 
5788.510: [GC (Allocation Failure) [PSYoungGen: 490752K->110688K(523264K)] 988596K->740124K(1921536K), 0.0708570 secs] [Times: user=0.42 sys=0.01, real=0.07 secs] 
5790.545: [GC (Allocation Failure) [PSYoungGen: 463456K->141344K(524288K)] 1092892K->878985K(1922560K), 0.0541673 secs] [Times: user=0.32 sys=0.00, real=0.05 secs] 
5791.971: [GC (Allocation Failure) [PSYoungGen: 494112K->114304K(523776K)] 1231753K->984161K(1922048K), 0.0777207 secs] [Times: user=0.46 sys=0.00, real=0.08 secs] 
5794.778: [GC (Allocation Failure) [PSYoungGen: 468608K->143200K(524800K)] 1338465K->1124454K(1923072K), 0.0558346 secs] [Times: user=0.33 sys=0.00, real=0.06 secs] 
5796.236: [GC (Allocation Failure) [PSYoungGen: 497504K->112320K(526336K)] 1478758K->1227726K(1924608K), 0.0680343 secs] [Times: user=0.41 sys=0.00, real=0.07 secs] 
5797.438: [GC (Allocation Failure) [PSYoungGen: 468160K->146976K(503296K)] 1583566K->1372265K(1901568K), 0.0561467 secs] [Times: user=0.33 sys=0.00, real=0.06 secs] 
5798.939: [GC (Allocation Failure) [PSYoungGen: 502816K->112160K(526848K)] 1728105K->1475561K(1925120K), 0.0990817 secs] [Times: user=0.59 sys=0.00, real=0.10 secs] 
5799.038: [Full GC (Ergonomics) [PSYoungGen: 112160K->0K(526848K)] [ParOldGen: 1363401K->42741K(1398272K)] 1475561K->42741K(1925120K), [Metaspace: 59684K->59684K(1105920K)], 0.0938941 secs] [Times: user=0.38 sys=0.00, real=0.09 secs] 
5800.116: [GC (Allocation Failure) [PSYoungGen: 352768K->147648K(500736K)] 395509K->190389K(1899008K), 0.0298892 secs] [Times: user=0.18 sys=0.00, real=0.03 secs] 
5801.592: [GC (Allocation Failure) [PSYoungGen: 500416K->110592K(524800K)] 543157K->291965K(1923072K), 0.0965308 secs] [Times: user=0.57 sys=0.00, real=0.10 secs] 
5802.862: [GC (Allocation Failure) [PSYoungGen: 459776K->144864K(494080K)] 641149K->432834K(1892352K), 0.0524707 secs] [Times: user=0.31 sys=0.00, real=0.06 secs] 
5804.307: [GC (Allocation Failure) [PSYoungGen: 494048K->110304K(524800K)] 782018K->533898K(1923072K), 0.0649050 secs] [Times: user=0.39 sys=0.00, real=0.06 secs] 
5804.947: [GC (Allocation Failure) [PSYoungGen: 457991K->145792K(494592K)] 881586K->676309K(1892864K), 0.0525543 secs] [Times: user=0.31 sys=0.00, real=0.05 secs] 
5806.824: [GC (Allocation Failure) [PSYoungGen: 494464K->107936K(523776K)] 1024981K->775674K(1922048K), 0.0953770 secs] [Times: user=0.53 sys=0.01, real=0.09 secs] 
5807.697: [GC (Allocation Failure) [PSYoungGen: 454698K->144160K(491520K)] 1122436K->915590K(1889792K), 0.0517313 secs] [Times: user=0.30 sys=0.00, real=0.05 secs] 
5809.547: [GC (GCLocker Initiated GC) [PSYoungGen: 491296K->107232K(523264K)] 1262727K->1013271K(1921536K), 0.0905067 secs] [Times: user=0.53 sys=0.01, real=0.09 secs] 
5810.322: [GC (Allocation Failure) [PSYoungGen: 453344K->137184K(483328K)] 1375770K->1162626K(1881600K), 0.2399091 secs] [Times: user=1.43 sys=0.00, real=0.24 secs] 
5812.579: [GC (Allocation Failure) [PSYoungGen: 480230K->95552K(520704K)] 1505673K->1257770K(1918976K), 0.3562638 secs] [Times: user=2.12 sys=0.00, real=0.36 secs] 
5813.538: [GC (Allocation Failure) [PSYoungGen: 430926K->138720K(521216K)] 1593145K->1392291K(1919488K), 0.0515059 secs] [Times: user=0.30 sys=0.00, real=0.05 secs] 
5813.590: [Full GC (Ergonomics) [PSYoungGen: 138720K->0K(521216K)] [ParOldGen: 1253571K->196277K(1398272K)] 1392291K->196277K(1919488K), [Metaspace: 59684K->59684K(1105920K)], 0.4727259 secs] [Times: user=2.20 sys=0.00, real=0.47 secs] 
5815.653: [GC (Allocation Failure) [PSYoungGen: 345600K->106912K(520192K)] 541877K->303189K(1918464K), 0.0648632 secs] [Times: user=0.38 sys=0.00, real=0.06 secs] 
5817.336: [GC (Allocation Failure) [PSYoungGen: 454560K->144000K(521728K)] 650837K->442842K(1920000K), 0.0501158 secs] [Times: user=0.29 sys=0.00, real=0.05 secs] 
5819.035: [GC (Allocation Failure) [PSYoungGen: 491648K->105408K(523264K)] 790490K->539550K(1921536K), 0.1171048 secs] [Times: user=0.70 sys=0.00, real=0.11 secs] 
5819.734: [GC (Allocation Failure) [PSYoungGen: 452544K->146432K(494080K)] 886686K->681443K(1892352K), 0.0506258 secs] [Times: user=0.30 sys=0.00, real=0.05 secs] 
5821.387: [GC (Allocation Failure) [PSYoungGen: 493568K->108256K(522752K)] 1028579K->780691K(1921024K), 0.1223053 secs] [Times: user=0.72 sys=0.00, real=0.12 secs] 
5822.333: [GC (Allocation Failure) [PSYoungGen: 447952K->142496K(520704K)] 1120387K->919160K(1918976K), 0.0507720 secs] [Times: user=0.30 sys=0.00, real=0.05 secs] 
5824.061: [GC (Allocation Failure) [PSYoungGen: 487072K->104928K(521216K)] 1263736K->1015344K(1919488K), 0.1213969 secs] [Times: user=0.71 sys=0.01, real=0.12 secs] 
5825.353: [GC (Allocation Failure) [PSYoungGen: 450016K->146624K(492032K)] 1360432K->1157436K(1890304K), 0.0510114 secs] [Times: user=0.31 sys=0.00, real=0.06 secs] 
5826.825: [GC (Allocation Failure) [PSYoungGen: 491712K->105440K(521216K)] 1502524K->1254088K(1919488K), 0.0671129 secs] [Times: user=0.40 sys=0.00, real=0.06 secs] 
5827.912: [GC (Allocation Failure) [PSYoungGen: 447456K->143584K(519680K)] 1596104K->1393565K(1917952K), 0.0519020 secs] [Times: user=0.30 sys=0.00, real=0.06 secs] 
5827.964: [Full GC (Ergonomics) [PSYoungGen: 143584K->0K(519680K)] [ParOldGen: 1249981K->193772K(1398272K)] 1393565K->193772K(1917952K), [Metaspace: 59684K->59684K(1105920K)], 0.4768469 secs] [Times: user=2.23 sys=0.01, real=0.47 secs] 
5829.953: [GC (Allocation Failure) [PSYoungGen: 342016K->106400K(519680K)] 535788K->300172K(1917952K), 0.0423111 secs] [Times: user=0.25 sys=0.00, real=0.05 secs] 
5830.529: [GC (Allocation Failure) [PSYoungGen: 448416K->144608K(486912K)] 642188K->440905K(1885184K), 0.0509675 secs] [Times: user=0.30 sys=0.00, real=0.05 secs] 
5831.906: [GC (Allocation Failure) [PSYoungGen: 486624K->107200K(521216K)] 782921K->539297K(1919488K), 0.0648280 secs] [Times: user=0.38 sys=0.00, real=0.06 secs] 
5832.943: [GC (Allocation Failure) [PSYoungGen: 448704K->143200K(519168K)] 880801K->678102K(1917440K), 0.0511980 secs] [Times: user=0.30 sys=0.00, real=0.06 secs] 
5834.331: [GC (GCLocker Initiated GC) [PSYoungGen: 484704K->105760K(519680K)] 1019607K->774887K(1917952K), 0.0644405 secs] [Times: user=0.38 sys=0.00, real=0.07 secs] 
5835.096: [GC (Allocation Failure) [PSYoungGen: 447776K->152352K(494592K)] 1116906K->923246K(1892864K), 0.0522976 secs] [Times: user=0.31 sys=0.00, real=0.05 secs] 
5836.476: [GC (Allocation Failure) [PSYoungGen: 494368K->106464K(518144K)] 1265262K->1012438K(1916416K), 0.0654503 secs] [Times: user=0.39 sys=0.00, real=0.06 secs] 
5838.427: [GC (Allocation Failure) [PSYoungGen: 441824K->139712K(516096K)] 1347798K->1148219K(1914368K), 0.0532017 secs] [Times: user=0.31 sys=0.00, real=0.05 secs] 
5839.874: [GC (Allocation Failure) [PSYoungGen: 475072K->103744K(516608K)] 1483579K->1243155K(1914880K), 0.0942158 secs] [Times: user=0.55 sys=0.01, real=0.09 secs] 
5841.915: [GC (GCLocker Initiated GC) [PSYoungGen: 440640K->138240K(516096K)] 1580052K->1377761K(1914368K), 0.0523348 secs] [Times: user=0.31 sys=0.00, real=0.05 secs] 
5841.967: [Full GC (Ergonomics) [PSYoungGen: 138240K->0K(516096K)] [ParOldGen: 1239521K->177160K(1398272K)] 1377761K->177160K(1914368K), [Metaspace: 59684K->59684K(1105920K)], 0.4324917 secs] [Times: user=1.99 sys=0.00, real=0.43 secs] 
5843.850: [GC (Allocation Failure) [PSYoungGen: 336896K->101216K(518656K)] 514058K->278379K(1916928K), 0.0558562 secs] [Times: user=0.33 sys=0.00, real=0.06 secs] 
5844.904: [GC (Allocation Failure) [PSYoungGen: 442208K->142656K(518656K)] 619371K->418551K(1916928K), 0.0508750 secs] [Times: user=0.30 sys=0.00, real=0.05 secs] 
5846.335: [GC (Allocation Failure) [PSYoungGen: 483648K->106784K(518656K)] 759543K->516575K(1916928K), 0.0633433 secs] [Times: user=0.38 sys=0.00, real=0.06 secs] 
5847.881: [GC (Allocation Failure) [PSYoungGen: 448800K->140800K(519168K)] 858591K->654892K(1917440K), 0.0528565 secs] [Times: user=0.31 sys=0.00, real=0.06 secs] 
5849.282: [GC (Allocation Failure) [PSYoungGen: 482816K->105728K(518656K)] 996908K->751716K(1916928K), 0.0654811 secs] [Times: user=0.39 sys=0.00, real=0.07 secs] 
5850.593: [GC (Allocation Failure) [PSYoungGen: 449280K->141984K(519680K)] 1095268K->891980K(1917952K), 0.0535718 secs] [Times: user=0.32 sys=0.01, real=0.06 secs] 
5851.990: [GC (Allocation Failure) [PSYoungGen: 485536K->107616K(519680K)] 1235532K->990712K(1917952K), 0.0652181 secs] [Times: user=0.38 sys=0.00, real=0.07 secs] 
5853.370: [GC (Allocation Failure) [PSYoungGen: 452192K->140096K(520192K)] 1335288K->1128236K(1918464K), 0.0538909 secs] [Times: user=0.32 sys=0.00, real=0.06 secs] 
5854.798: [GC (GCLocker Initiated GC) [PSYoungGen: 484672K->109312K(519168K)] 1472813K->1228125K(1917440K), 0.0664405 secs] [Times: user=0.39 sys=0.00, real=0.07 secs] 
5856.224: [GC (Allocation Failure) [PSYoungGen: 455936K->148000K(520704K)] 1574787K->1373912K(1918976K), 0.0547661 secs] [Times: user=0.32 sys=0.01, real=0.05 secs] 
5857.640: [GC (Allocation Failure) [PSYoungGen: 494624K->110560K(522240K)] 1720536K->1467196K(1920512K), 0.0675755 secs] [Times: user=0.41 sys=0.00, real=0.07 secs] 
5857.708: [Full GC (Ergonomics) [PSYoungGen: 110560K->0K(522240K)] [ParOldGen: 1356636K->28353K(1398272K)] 1467196K->28353K(1920512K), [Metaspace: 59684K->59684K(1105920K)], 0.0527453 secs] [Times: user=0.16 sys=0.01, real=0.05 secs] 
5858.971: [GC (Allocation Failure) [PSYoungGen: 345088K->140320K(520704K)] 373441K->168673K(1918976K), 0.0284175 secs] [Times: user=0.17 sys=0.00, real=0.03 secs] 
5860.326: [GC (Allocation Failure) [PSYoungGen: 485408K->109600K(519168K)] 513761K->269221K(1917440K), 0.0656881 secs] [Times: user=0.38 sys=0.00, real=0.06 secs] 
5861.615: [GC (Allocation Failure) [PSYoungGen: 456224K->142240K(520704K)] 615845K->408825K(1918976K), 0.0530809 secs] [Times: user=0.31 sys=0.01, real=0.05 secs] 
5863.031: [GC (Allocation Failure) [PSYoungGen: 488864K->109920K(522240K)] 755449K->509161K(1920512K), 0.0652961 secs] [Times: user=0.38 sys=0.01, real=0.07 secs] 
5864.433: [GC (Allocation Failure) [PSYoungGen: 459104K->142240K(522752K)] 858345K->648670K(1921024K), 0.0532961 secs] [Times: user=0.32 sys=0.00, real=0.06 secs] 
5865.924: [GC (Allocation Failure) [PSYoungGen: 491424K->108768K(523776K)] 997854K->748402K(1922048K), 0.0653174 secs] [Times: user=0.38 sys=0.01, real=0.06 secs] 
5867.149: [GC (Allocation Failure) [PSYoungGen: 458976K->144544K(495104K)] 1098610K->890143K(1893376K), 0.0536917 secs] [Times: user=0.31 sys=0.00, real=0.05 secs] 
5868.552: [GC (GCLocker Initiated GC) [PSYoungGen: 494752K->112128K(525312K)] 1240352K->993160K(1923584K), 0.0656587 secs] [Times: user=0.39 sys=0.00, real=0.07 secs] 
5869.887: [GC (Allocation Failure) [PSYoungGen: 461312K->150752K(500224K)] 1342383K->1141284K(1898496K), 0.0551989 secs] [Times: user=0.32 sys=0.01, real=0.05 secs] 
5871.389: [GC (GCLocker Initiated GC) [PSYoungGen: 499936K->108864K(522752K)] 1490468K->1232832K(1921024K), 0.0665069 secs] [Times: user=0.40 sys=0.00, real=0.07 secs] 
5872.631: [GC (Allocation Failure) [PSYoungGen: 453440K->143296K(520704K)] 1577411K->1373200K(1918976K), 0.0543757 secs] [Times: user=0.32 sys=0.00, real=0.06 secs] 
5874.026: [GC (Allocation Failure) [PSYoungGen: 487872K->107840K(521216K)] 1717776K->1471776K(1919488K), 0.0650948 secs] [Times: user=0.39 sys=0.00, real=0.06 secs] 
5874.091: [Full GC (Ergonomics) [PSYoungGen: 107840K->0K(521216K)] [ParOldGen: 1363936K->38848K(1398272K)] 1471776K->38848K(1919488K), [Metaspace: 59684K->59684K(1105920K)], 0.0788583 secs] [Times: user=0.29 sys=0.00, real=0.08 secs] 
5875.316: [GC (Allocation Failure) [PSYoungGen: 345088K->144608K(489984K)] 383936K->183456K(1888256K), 0.0287413 secs] [Times: user=0.17 sys=0.00, real=0.03 secs] 
5876.716: [GC (Allocation Failure) [PSYoungGen: 489696K->107520K(522240K)] 528544K->282108K(1920512K), 0.0647640 secs] [Times: user=0.38 sys=0.00, real=0.06 secs] 
5878.325: [GC (Allocation Failure) [PSYoungGen: 451584K->141856K(520704K)] 626172K->420241K(1918976K), 0.0513040 secs] [Times: user=0.31 sys=0.00, real=0.05 secs] 
5879.737: [GC (Allocation Failure) [PSYoungGen: 484469K->107072K(520192K)] 762854K->518393K(1918464K), 0.0635683 secs] [Times: user=0.37 sys=0.00, real=0.06 secs] 
5880.921: [GC (Allocation Failure) [PSYoungGen: 451648K->141984K(520704K)] 862969K->658297K(1918976K), 0.0526267 secs] [Times: user=0.31 sys=0.01, real=0.06 secs] 
5882.738: [GC (Allocation Failure) [PSYoungGen: 486560K->107648K(519680K)] 1002873K->756873K(1917952K), 0.0733631 secs] [Times: user=0.44 sys=0.01, real=0.07 secs] 
5884.296: [GC (Allocation Failure) [PSYoungGen: 453248K->141440K(520704K)] 1102473K->895278K(1918976K), 0.0525050 secs] [Times: user=0.31 sys=0.00, real=0.05 secs] 
5885.701: [GC (Allocation Failure) [PSYoungGen: 487040K->110240K(520192K)] 1240878K->996246K(1918464K), 0.0833568 secs] [Times: user=0.49 sys=0.00, real=0.09 secs] 
5886.577: [GC (Allocation Failure) [PSYoungGen: 457376K->143360K(521216K)] 1343382K->1136371K(1919488K), 0.0537761 secs] [Times: user=0.32 sys=0.00, real=0.05 secs] 
5888.055: [GC (GCLocker Initiated GC) [PSYoungGen: 490496K->109504K(522752K)] 1483507K->1236239K(1921024K), 0.0651485 secs] [Times: user=0.39 sys=0.00, real=0.06 secs] 
5888.962: [GC (Allocation Failure) [PSYoungGen: 458176K->148096K(497152K)] 1584914K->1381654K(1895424K), 0.0548592 secs] [Times: user=0.32 sys=0.00, real=0.06 secs] 
5889.017: [Full GC (Ergonomics) [PSYoungGen: 148096K->0K(497152K)] [ParOldGen: 1233558K->185818K(1398272K)] 1381654K->185818K(1895424K), [Metaspace: 59684K->59684K(1105920K)], 0.4549567 secs] [Times: user=2.12 sys=0.00, real=0.45 secs] 
5890.727: [GC (Allocation Failure) [PSYoungGen: 348672K->107520K(522752K)] 534490K->293338K(1921024K), 0.0330609 secs] [Times: user=0.19 sys=0.00, real=0.03 secs] 
5892.024: [GC (Allocation Failure) [PSYoungGen: 452608K->145120K(490496K)] 638426K->434319K(1888768K), 0.0519857 secs] [Times: user=0.31 sys=0.00, real=0.05 secs] 
5893.499: [GC (Allocation Failure) [PSYoungGen: 490208K->105792K(521728K)] 779407K->531247K(1920000K), 0.0787779 secs] [Times: user=0.46 sys=0.00, real=0.08 secs] 
5894.384: [GC (Allocation Failure) [PSYoungGen: 449344K->152864K(496640K)] 874799K->680850K(1894912K), 0.0523843 secs] [Times: user=0.30 sys=0.00, real=0.05 secs] 
5895.795: [GC (GCLocker Initiated GC) [PSYoungGen: 496416K->104544K(518144K)] 1024404K->768416K(1916416K), 0.0635091 secs] [Times: user=0.38 sys=0.00, real=0.06 secs] 
5896.657: [GC (Allocation Failure) [PSYoungGen: 440416K->141184K(516608K)] 1104357K->906212K(1914880K), 0.0517280 secs] [Times: user=0.31 sys=0.00, real=0.05 secs] 
5898.080: [GC (Allocation Failure) [PSYoungGen: 477056K->104256K(517120K)] 1242084K->1001468K(1915392K), 0.0651166 secs] [Times: user=0.39 sys=0.01, real=0.07 secs] 
5899.148: [GC (Allocation Failure) [PSYoungGen: 441152K->138816K(516608K)] 1338364K->1138065K(1914880K), 0.0524227 secs] [Times: user=0.30 sys=0.00, real=0.05 secs] 
5900.558: [GC (Allocation Failure) [PSYoungGen: 475712K->105152K(517120K)] 1474961K->1234341K(1915392K), 0.0889114 secs] [Times: user=0.53 sys=0.00, real=0.09 secs] 
5902.100: [GC (Allocation Failure) [PSYoungGen: 445120K->140032K(517632K)] 1574309K->1371458K(1915904K), 0.0535139 secs] [Times: user=0.32 sys=0.00, real=0.06 secs] 
5903.544: [GC (Allocation Failure) [PSYoungGen: 480000K->106624K(517632K)] 1711426K->1469154K(1915904K), 0.0667244 secs] [Times: user=0.40 sys=0.00, real=0.06 secs] 
5903.610: [Full GC (Ergonomics) [PSYoungGen: 106624K->0K(517632K)] [ParOldGen: 1362530K->28853K(1398272K)] 1469154K->28853K(1915904K), [Metaspace: 59684K->59684K(1105920K)], 0.0559231 secs] [Times: user=0.19 sys=0.00, real=0.06 secs] 
5904.592: [GC (Allocation Failure) [PSYoungGen: 343040K->141280K(519168K)] 371893K->170133K(1917440K), 0.0286396 secs] [Times: user=0.17 sys=0.00, real=0.03 secs] 
5906.022: [GC (Allocation Failure) [PSYoungGen: 484320K->110592K(518656K)] 513173K->271598K(1916928K), 0.0654455 secs] [Times: user=0.39 sys=0.00, real=0.07 secs] 
5907.317: [GC (Allocation Failure) [PSYoungGen: 456192K->140896K(520192K)] 617198K->408682K(1918464K), 0.0527728 secs] [Times: user=0.32 sys=0.00, real=0.05 secs] 
5908.737: [GC (Allocation Failure) [PSYoungGen: 486496K->109216K(520704K)] 754282K->508762K(1918976K), 0.0653415 secs] [Times: user=0.38 sys=0.00, real=0.06 secs] 
5910.201: [GC (Allocation Failure) [PSYoungGen: 457376K->143104K(521728K)] 856922K->648791K(1920000K), 0.0531719 secs] [Times: user=0.31 sys=0.00, real=0.06 secs] 
5911.635: [GC (GCLocker Initiated GC) [PSYoungGen: 491264K->111136K(523264K)] 996951K->750871K(1921536K), 0.0656547 secs] [Times: user=0.39 sys=0.01, real=0.06 secs] 
5912.887: [GC (Allocation Failure) [PSYoungGen: 460832K->149888K(499712K)] 1100606K->897827K(1897984K), 0.0548652 secs] [Times: user=0.32 sys=0.00, real=0.05 secs] 
5914.376: [GC (Allocation Failure) [PSYoungGen: 499584K->113472K(523776K)] 1247523K->993439K(1922048K), 0.0663806 secs] [Times: user=0.39 sys=0.00, real=0.06 secs] 
5915.299: [GC (Allocation Failure) [PSYoungGen: 459072K->142240K(520704K)] 1339039K->1132552K(1918976K), 0.0546411 secs] [Times: user=0.32 sys=0.01, real=0.06 secs] 
5916.874: [GC (Allocation Failure) [PSYoungGen: 487840K->109920K(521216K)] 1478152K->1232800K(1919488K), 0.0980690 secs] [Times: user=0.58 sys=0.01, real=0.09 secs] 
5917.631: [GC (Allocation Failure) [PSYoungGen: 457056K->154112K(501760K)] 1579936K->1384461K(1900032K), 0.0557686 secs] [Times: user=0.33 sys=0.00, real=0.06 secs] 
5919.130: [GC (Allocation Failure) [PSYoungGen: 501248K->108064K(520192K)] 1731597K->1475613K(1918464K), 0.1144363 secs] [Times: user=0.67 sys=0.00, real=0.12 secs] 
5919.244: [Full GC (Ergonomics) [PSYoungGen: 108064K->0K(520192K)] [ParOldGen: 1367549K->43019K(1398272K)] 1475613K->43019K(1918464K), [Metaspace: 59684K->59684K(1105920K)], 0.1070488 secs] [Times: user=0.46 sys=0.00, real=0.10 secs] 
5920.416: [GC (Allocation Failure) [PSYoungGen: 339968K->141952K(518656K)] 382987K->184971K(1916928K), 0.0288159 secs] [Times: user=0.17 sys=0.00, real=0.03 secs] 
5921.859: [GC (Allocation Failure) [PSYoungGen: 480554K->105184K(518144K)] 523573K->281211K(1916416K), 0.0643264 secs] [Times: user=0.38 sys=0.00, real=0.07 secs] 
5923.462: [GC (Allocation Failure) [PSYoungGen: 446176K->139744K(518656K)] 622203K->417711K(1916928K), 0.0508531 secs] [Times: user=0.29 sys=0.00, real=0.05 secs] 
5924.863: [GC (Allocation Failure) [PSYoungGen: 480736K->107008K(518144K)] 758703K->515536K(1916416K), 0.0639899 secs] [Times: user=0.38 sys=0.00, real=0.07 secs] 
5925.601: [GC (Allocation Failure) [PSYoungGen: 450560K->142528K(519680K)] 859088K->655092K(1917952K), 0.0530394 secs] [Times: user=0.31 sys=0.00, real=0.06 secs] 
5927.023: [GC (Allocation Failure) [PSYoungGen: 486080K->107360K(520192K)] 998644K->753364K(1918464K), 0.0655459 secs] [Times: user=0.39 sys=0.00, real=0.07 secs] 
5927.801: [GC (Allocation Failure) [PSYoungGen: 452448K->143008K(520704K)] 1098452K->893665K(1918976K), 0.0537689 secs] [Times: user=0.32 sys=0.00, real=0.06 secs] 
5929.221: [GC (GCLocker Initiated GC) [PSYoungGen: 488096K->106880K(521216K)] 1238753K->991557K(1919488K), 0.0668396 secs] [Times: user=0.39 sys=0.00, real=0.07 secs] 
5930.367: [GC (Allocation Failure) [PSYoungGen: 452480K->144896K(491008K)] 1337196K->1133969K(1889280K), 0.0540317 secs] [Times: user=0.32 sys=0.00, real=0.05 secs] 
5931.792: [GC (Allocation Failure) [PSYoungGen: 490496K->107040K(522240K)] 1479569K->1232449K(1920512K), 0.0653749 secs] [Times: user=0.39 sys=0.00, real=0.07 secs] 
5932.986: [GC (GCLocker Initiated GC) [PSYoungGen: 451104K->141568K(520704K)] 1576514K->1372050K(1918976K), 0.0565173 secs] [Times: user=0.34 sys=0.00, real=0.05 secs] 
5933.042: [Full GC (Ergonomics) [PSYoungGen: 141568K->0K(520704K)] [ParOldGen: 1230482K->175834K(1398272K)] 1372050K->175834K(1918976K), [Metaspace: 59684K->59684K(1105920K)], 0.4231242 secs] [Times: user=1.94 sys=0.01, real=0.43 secs] 
5934.842: [GC (Allocation Failure) [PSYoungGen: 344064K->106688K(519168K)] 519900K->282524K(1917440K), 0.0356570 secs] [Times: user=0.20 sys=0.00, real=0.04 secs] 
5936.533: [GC (Allocation Failure) [PSYoungGen: 451264K->140736K(520192K)] 627100K->420560K(1918464K), 0.0522422 secs] [Times: user=0.31 sys=0.00, real=0.05 secs] 
5937.964: [GC (Allocation Failure) [PSYoungGen: 485312K->108672K(520192K)] 765136K->520225K(1918464K), 0.0643890 secs] [Times: user=0.38 sys=0.01, real=0.06 secs] 
5939.033: [GC (Allocation Failure) [PSYoungGen: 455296K->140768K(521216K)] 866849K->658024K(1919488K), 0.0527987 secs] [Times: user=0.31 sys=0.00, real=0.06 secs] 
5940.435: [GC (GCLocker Initiated GC) [PSYoungGen: 487392K->111488K(520192K)] 1004648K->759536K(1918464K), 0.0657066 secs] [Times: user=0.39 sys=0.00, real=0.06 secs] 
5941.098: [GC (Allocation Failure) [PSYoungGen: 460160K->144512K(521728K)] 1108211K->901120K(1920000K), 0.0548769 secs] [Times: user=0.32 sys=0.01, real=0.05 secs] 
5942.549: [GC (Allocation Failure) [PSYoungGen: 493184K->109056K(524288K)] 1249792K->1001056K(1922560K), 0.0653044 secs] [Times: user=0.39 sys=0.00, real=0.07 secs] 
5943.393: [GC (Allocation Failure) [PSYoungGen: 458240K->146272K(495616K)] 1350240K->1145499K(1893888K), 0.0603509 secs] [Times: user=0.35 sys=0.00, real=0.06 secs] 
5945.115: [GC (Allocation Failure) [PSYoungGen: 495456K->108192K(523776K)] 1494683K->1245339K(1922048K), 0.0675209 secs] [Times: user=0.40 sys=0.00, real=0.06 secs] 
5946.359: [GC (Allocation Failure) [PSYoungGen: 454816K->145120K(492032K)] 1591963K->1387180K(1890304K), 0.0548763 secs] [Times: user=0.33 sys=0.00, real=0.06 secs] 
5946.414: [Full GC (Ergonomics) [PSYoungGen: 145120K->0K(492032K)] [ParOldGen: 1242060K->185449K(1398272K)] 1387180K->185449K(1890304K), [Metaspace: 59684K->59684K(1105920K)], 0.4485139 secs] [Times: user=2.07 sys=0.00, real=0.44 secs] 
5948.227: [GC (Allocation Failure) [PSYoungGen: 346624K->105504K(522752K)] 532073K->290954K(1921024K), 0.0328972 secs] [Times: user=0.19 sys=0.00, real=0.03 secs] 
5949.026: [GC (Allocation Failure) [PSYoungGen: 450592K->146976K(492544K)] 636042K->434354K(1890816K), 0.0517895 secs] [Times: user=0.30 sys=0.01, real=0.05 secs] 
5950.436: [GC (Allocation Failure) [PSYoungGen: 492064K->105920K(521216K)] 779442K->531626K(1919488K), 0.0654656 secs] [Times: user=0.39 sys=0.00, real=0.06 secs] 
5952.018: [GC (Allocation Failure) [PSYoungGen: 447936K->143040K(519680K)] 873642K->670547K(1917952K), 0.0515189 secs] [Times: user=0.30 sys=0.00, real=0.05 secs] 
5953.409: [GC (Allocation Failure) [PSYoungGen: 485056K->105632K(519680K)] 1012563K->767155K(1917952K), 0.0648516 secs] [Times: user=0.38 sys=0.00, real=0.07 secs] 
5954.221: [GC (GCLocker Initiated GC) [PSYoungGen: 447648K->143360K(519680K)] 1109172K->907137K(1917952K), 0.0520660 secs] [Times: user=0.30 sys=0.00, real=0.05 secs] 
5955.680: [GC (Allocation Failure) [PSYoungGen: 485376K->106208K(518656K)] 1249155K->1004244K(1916928K), 0.0658301 secs] [Times: user=0.39 sys=0.00, real=0.07 secs] 
5957.009: [GC (Allocation Failure) [PSYoungGen: 448224K->143136K(519168K)] 1346260K->1143840K(1917440K), 0.0524447 secs] [Times: user=0.30 sys=0.00, real=0.05 secs] 
5958.843: [GC (Allocation Failure) [PSYoungGen: 485152K->107136K(519680K)] 1485856K->1242088K(1917952K), 0.0653323 secs] [Times: user=0.39 sys=0.00, real=0.06 secs] 
5960.029: [GC (Allocation Failure) [PSYoungGen: 449664K->143456K(519680K)] 1584616K->1381589K(1917952K), 0.0530524 secs] [Times: user=0.32 sys=0.00, real=0.05 secs] 
5960.082: [Full GC (Ergonomics) [PSYoungGen: 143456K->0K(519680K)] [ParOldGen: 1238133K->179812K(1398272K)] 1381589K->179812K(1917952K), [Metaspace: 59684K->59684K(1105920K)], 0.4438220 secs] [Times: user=2.07 sys=0.00, real=0.45 secs] 
5961.815: [GC (GCLocker Initiated GC) [PSYoungGen: 342528K->104288K(520192K)] 522340K->284100K(1918464K), 0.0451206 secs] [Times: user=0.27 sys=0.00, real=0.04 secs] 
5963.135: [GC (Allocation Failure) [PSYoungGen: 447328K->150272K(493568K)] 627143K->431444K(1891840K), 0.0521380 secs] [Times: user=0.30 sys=0.00, real=0.05 secs] 
5964.553: [GC (Allocation Failure) [PSYoungGen: 493312K->107200K(519168K)] 774484K->521404K(1917440K), 0.0646415 secs] [Times: user=0.39 sys=0.00, real=0.06 secs] 
5965.448: [GC (Allocation Failure) [PSYoungGen: 444608K->139680K(517120K)] 858812K->658384K(1915392K), 0.0523333 secs] [Times: user=0.30 sys=0.00, real=0.05 secs] 
5966.916: [GC (Allocation Failure) [PSYoungGen: 477088K->105408K(517120K)] 995792K->754616K(1915392K), 0.0637320 secs] [Times: user=0.38 sys=0.00, real=0.06 secs] 
5968.644: [GC (Allocation Failure) [PSYoungGen: 444864K->139552K(517120K)] 1094072K->891477K(1915392K), 0.0529766 secs] [Times: user=0.31 sys=0.00, real=0.05 secs] 
5970.056: [GC (Allocation Failure) [PSYoungGen: 479008K->106816K(517632K)] 1230933K->989365K(1915904K), 0.0665685 secs] [Times: user=0.39 sys=0.00, real=0.06 secs] 
5970.838: [GC (Allocation Failure) [PSYoungGen: 449856K->140928K(519168K)] 1332405K->1128470K(1917440K), 0.0545261 secs] [Times: user=0.31 sys=0.01, real=0.05 secs] 
5972.602: [GC (Allocation Failure) [PSYoungGen: 483968K->108128K(519680K)] 1471510K->1227838K(1917952K), 0.0729415 secs] [Times: user=0.44 sys=0.00, real=0.08 secs] 
5973.596: [GC (Allocation Failure) [PSYoungGen: 453728K->142976K(520704K)] 1573438K->1369422K(1918976K), 0.0550204 secs] [Times: user=0.33 sys=0.00, real=0.05 secs] 
5975.138: [GC (Allocation Failure) [PSYoungGen: 488576K->107136K(521728K)] 1715022K->1467614K(1920000K), 0.0663655 secs] [Times: user=0.39 sys=0.00, real=0.07 secs] 
5975.204: [Full GC (Ergonomics) [PSYoungGen: 107136K->0K(521728K)] [ParOldGen: 1360478K->28798K(1398272K)] 1467614K->28798K(1920000K), [Metaspace: 59684K->59684K(1105920K)], 0.0539502 secs] [Times: user=0.18 sys=0.00, real=0.05 secs] 
5976.550: [GC (Allocation Failure) [PSYoungGen: 346624K->140256K(521728K)] 375422K->169054K(1920000K), 0.0282826 secs] [Times: user=0.16 sys=0.00, real=0.03 secs] 
5978.147: [GC (Allocation Failure) [PSYoungGen: 486880K->109600K(519680K)] 515678K->269614K(1917952K), 0.0710088 secs] [Times: user=0.43 sys=0.00, real=0.07 secs] 
5978.848: [GC (Allocation Failure) [PSYoungGen: 457248K->143104K(521216K)] 617262K->410315K(1919488K), 0.0534509 secs] [Times: user=0.31 sys=0.00, real=0.05 secs] 
5980.299: [GC (Allocation Failure) [PSYoungGen: 490752K->109216K(522752K)] 757963K->510079K(1921024K), 0.0795523 secs] [Times: user=0.47 sys=0.00, real=0.08 secs] 
5981.707: [GC (Allocation Failure) [PSYoungGen: 458400K->143104K(522752K)] 859263K->650228K(1921024K), 0.0532176 secs] [Times: user=0.31 sys=0.00, real=0.05 secs] 
5983.148: [GC (Allocation Failure) [PSYoungGen: 492288K->111744K(523264K)] 999412K->752380K(1921536K), 0.0829619 secs] [Times: user=0.50 sys=0.00, real=0.08 secs] 
5984.329: [GC (GCLocker Initiated GC) [PSYoungGen: 461440K->144352K(523264K)] 1102076K->893960K(1921536K), 0.0544224 secs] [Times: user=0.32 sys=0.00, real=0.06 secs] 
5985.756: [GC (Allocation Failure) [PSYoungGen: 494048K->108256K(523776K)] 1243695K->993367K(1922048K), 0.0647689 secs] [Times: user=0.38 sys=0.00, real=0.06 secs] 
5986.632: [GC (Allocation Failure) [PSYoungGen: 457440K->146176K(495616K)] 1342551K->1138079K(1893888K), 0.0547418 secs] [Times: user=0.32 sys=0.00, real=0.06 secs] 
5988.205: [GC (Allocation Failure) [PSYoungGen: 495360K->108864K(523776K)] 1487263K->1238327K(1922048K), 0.0918806 secs] [Times: user=0.54 sys=0.00, real=0.09 secs] 
5989.725: [GC (Allocation Failure) [PSYoungGen: 455488K->145056K(492032K)] 1584951K->1379548K(1890304K), 0.0546923 secs] [Times: user=0.32 sys=0.00, real=0.05 secs] 
5989.780: [Full GC (Ergonomics) [PSYoungGen: 145056K->0K(492032K)] [ParOldGen: 1234492K->182625K(1398272K)] 1379548K->182625K(1890304K), [Metaspace: 59684K->59684K(1105920K)], 0.4461602 secs] [Times: user=2.07 sys=0.00, real=0.45 secs] 
5991.518: [GC (GCLocker Initiated GC) [PSYoungGen: 346624K->105152K(522752K)] 529250K->287778K(1921024K), 0.0533357 secs] [Times: user=0.31 sys=0.01, real=0.05 secs] 
5992.860: [GC (Allocation Failure) [PSYoungGen: 450240K->145152K(490496K)] 632870K->428383K(1888768K), 0.0513871 secs] [Times: user=0.30 sys=0.00, real=0.05 secs] 
5994.252: [GC (Allocation Failure) [PSYoungGen: 490240K->107040K(522240K)] 773471K->526063K(1920512K), 0.0642414 secs] [Times: user=0.38 sys=0.00, real=0.07 secs] 
5995.560: [GC (Allocation Failure) [PSYoungGen: 450592K->144224K(520192K)] 869615K->666380K(1918464K), 0.0525338 secs] [Times: user=0.30 sys=0.01, real=0.05 secs] 
5997.033: [GC (Allocation Failure) [PSYoungGen: 487776K->108352K(520192K)] 1009932K->765380K(1918464K), 0.0659463 secs] [Times: user=0.39 sys=0.00, real=0.07 secs] 
5998.370: [GC (Allocation Failure) [PSYoungGen: 451904K->142464K(520192K)] 1108932K->904104K(1918464K), 0.0528720 secs] [Times: user=0.31 sys=0.00, real=0.05 secs] 
5999.803: [GC (Allocation Failure) [PSYoungGen: 486016K->107040K(519680K)] 1247656K->1001748K(1917952K), 0.0653851 secs] [Times: user=0.39 sys=0.00, real=0.06 secs] 
6000.884: [GC (Allocation Failure) [PSYoungGen: 451104K->144096K(520192K)] 1345812K->1142113K(1918464K), 0.0535962 secs] [Times: user=0.31 sys=0.01, real=0.05 secs] 
6002.310: [GC (Allocation Failure) [PSYoungGen: 488160K->107136K(521216K)] 1486177K->1239993K(1919488K), 0.0657295 secs] [Times: user=0.39 sys=0.00, real=0.07 secs] 
6003.128: [GC (Allocation Failure) [PSYoungGen: 451200K->145568K(489984K)] 1584057K->1382614K(1888256K), 0.0539217 secs] [Times: user=0.32 sys=0.00, real=0.05 secs] 
6003.182: [Full GC (Ergonomics) [PSYoungGen: 145568K->0K(489984K)] [ParOldGen: 1237046K->182299K(1398272K)] 1382614K->182299K(1888256K), [Metaspace: 59687K->59687K(1105920K)], 0.4382505 secs] [Times: user=2.02 sys=0.00, real=0.44 secs] 
6004.947: [GC (GCLocker Initiated GC) [PSYoungGen: 344064K->106272K(521728K)] 526363K->288571K(1920000K), 0.0336399 secs] [Times: user=0.20 sys=0.00, real=0.03 secs] 
6006.093: [GC (Allocation Failure) [PSYoungGen: 448800K->142144K(519680K)] 631170K->426559K(1917952K), 0.0515914 secs] [Times: user=0.30 sys=0.00, real=0.05 secs] 
6007.493: [GC (Allocation Failure) [PSYoungGen: 483133K->108000K(519168K)] 767548K->525399K(1917440K), 0.0642999 secs] [Times: user=0.38 sys=0.00, real=0.07 secs] 
6008.167: [GC (Allocation Failure) [PSYoungGen: 451040K->144384K(519680K)] 868439K->666835K(1917952K), 0.0530245 secs] [Times: user=0.31 sys=0.00, real=0.05 secs] 
6009.664: [GC (Allocation Failure) [PSYoungGen: 487424K->104448K(520704K)] 1009875K->762387K(1918976K), 0.0660812 secs] [Times: user=0.39 sys=0.00, real=0.06 secs] 
6010.712: [GC (Allocation Failure) [PSYoungGen: 447488K->143616K(486912K)] 1105427K->903748K(1885184K), 0.0529439 secs] [Times: user=0.32 sys=0.00, real=0.06 secs] 
6012.445: [GC (Allocation Failure) [PSYoungGen: 486656K->105920K(521728K)] 1246788K->1000860K(1920000K), 0.0655562 secs] [Times: user=0.39 sys=0.00, real=0.06 secs] 
6014.293: [GC (Allocation Failure) [PSYoungGen: 448448K->138912K(519680K)] 1343388K->1137152K(1917952K), 0.0522850 secs] [Times: user=0.31 sys=0.00, real=0.06 secs] 
6015.751: [GC (Allocation Failure) [PSYoungGen: 481440K->108192K(518144K)] 1479680K->1236472K(1916416K), 0.0643255 secs] [Times: user=0.38 sys=0.00, real=0.07 secs] 
6017.669: [GC (Allocation Failure) [PSYoungGen: 452256K->139872K(519168K)] 1580536K->1373845K(1917440K), 0.0545319 secs] [Times: user=0.32 sys=0.00, real=0.06 secs] 
6017.724: [Full GC (Ergonomics) [PSYoungGen: 139872K->0K(519168K)] [ParOldGen: 1233973K->172038K(1398272K)] 1373845K->172038K(1917440K), [Metaspace: 59687K->59687K(1105920K)], 0.4098555 secs] [Times: user=1.89 sys=0.00, real=0.41 secs] 
6019.445: [GC (Allocation Failure) [PSYoungGen: 344064K->107776K(520704K)] 516102K->279814K(1918976K), 0.0489004 secs] [Times: user=0.29 sys=0.00, real=0.05 secs] 
6020.639: [GC (Allocation Failure) [PSYoungGen: 455424K->142016K(521728K)] 627462K->419003K(1920000K), 0.0535440 secs] [Times: user=0.32 sys=0.00, real=0.05 secs] 
6022.080: [GC (GCLocker Initiated GC) [PSYoungGen: 489664K->109664K(522240K)] 766653K->519349K(1920512K), 0.0668108 secs] [Times: user=0.39 sys=0.00, real=0.07 secs] 
6023.050: [GC (Allocation Failure) [PSYoungGen: 458848K->144512K(522752K)] 868536K->661060K(1921024K), 0.0551000 secs] [Times: user=0.32 sys=0.00, real=0.06 secs] 
6024.432: [GC (GCLocker Initiated GC) [PSYoungGen: 493696K->107648K(523776K)] 1010246K->759698K(1922048K), 0.0659431 secs] [Times: user=0.39 sys=0.00, real=0.07 secs] 
6025.182: [GC (Allocation Failure) [PSYoungGen: 455808K->143776K(492032K)] 1107929K->901588K(1890304K), 0.0542867 secs] [Times: user=0.32 sys=0.00, real=0.06 secs] 
6026.900: [GC (Allocation Failure) [PSYoungGen: 491936K->107552K(524288K)] 1249748K->1000220K(1922560K), 0.0659971 secs] [Times: user=0.39 sys=0.00, real=0.07 secs] 
6028.800: [GC (Allocation Failure) [PSYoungGen: 455200K->141856K(522240K)] 1347868K->1138929K(1920512K), 0.0535430 secs] [Times: user=0.31 sys=0.00, real=0.06 secs] 
6030.263: [GC (Allocation Failure) [PSYoungGen: 489504K->109376K(521728K)] 1486577K->1239141K(1920000K), 0.0928263 secs] [Times: user=0.56 sys=0.00, real=0.10 secs] 
6031.515: [GC (Allocation Failure) [PSYoungGen: 457536K->152032K(500224K)] 1587301K->1388782K(1898496K), 0.0558450 secs] [Times: user=0.33 sys=0.00, real=0.05 secs] 
6031.571: [Full GC (Ergonomics) [PSYoungGen: 152032K->0K(500224K)] [ParOldGen: 1236750K->177884K(1398272K)] 1388782K->177884K(1898496K), [Metaspace: 59687K->59687K(1105920K)], 0.4277642 secs] [Times: user=1.97 sys=0.00, real=0.43 secs] 
6033.427: [GC (Allocation Failure) [PSYoungGen: 348160K->109280K(521728K)] 526044K->287164K(1920000K), 0.0362818 secs] [Times: user=0.21 sys=0.00, real=0.03 secs] 
6034.504: [GC (Allocation Failure) [PSYoungGen: 451808K->141472K(519680K)] 629692K->425192K(1917952K), 0.0526591 secs] [Times: user=0.31 sys=0.00, real=0.05 secs] 
6036.194: [GC (Allocation Failure) [PSYoungGen: 484000K->109024K(518656K)] 767720K->524760K(1916928K), 0.0642430 secs] [Times: user=0.38 sys=0.00, real=0.06 secs] 
6037.384: [GC (Allocation Failure) [PSYoungGen: 452576K->142112K(519680K)] 868312K->664005K(1917952K), 0.0538810 secs] [Times: user=0.31 sys=0.00, real=0.05 secs] 
6038.770: [GC (GCLocker Initiated GC) [PSYoungGen: 485664K->106048K(520704K)] 1007557K->760901K(1918976K), 0.0654704 secs] [Times: user=0.38 sys=0.00, real=0.07 secs] 
6039.641: [GC (Allocation Failure) [PSYoungGen: 451648K->145280K(491008K)] 1106572K->903769K(1889280K), 0.0533669 secs] [Times: user=0.32 sys=0.00, real=0.06 secs] 
6041.293: [GC (Allocation Failure) [PSYoungGen: 490880K->105952K(522240K)] 1249369K->1001057K(1920512K), 0.0994392 secs] [Times: user=0.59 sys=0.00, real=0.09 secs] 
6042.263: [GC (Allocation Failure) [PSYoungGen: 450016K->144256K(488448K)] 1345121K->1143010K(1886720K), 0.0539613 secs] [Times: user=0.32 sys=0.00, real=0.06 secs] 
6043.675: [GC (Allocation Failure) [PSYoungGen: 488320K->107232K(522240K)] 1487074K->1241458K(1920512K), 0.0658772 secs] [Times: user=0.39 sys=0.00, real=0.06 secs] 
6045.372: [GC (Allocation Failure) [PSYoungGen: 450784K->143488K(520192K)] 1585010K->1381103K(1918464K), 0.0534712 secs] [Times: user=0.32 sys=0.00, real=0.06 secs] 
6045.426: [Full GC (Ergonomics) [PSYoungGen: 143488K->0K(520192K)] [ParOldGen: 1237615K->179983K(1398272K)] 1381103K->179983K(1918464K), [Metaspace: 59687K->59687K(1105920K)], 0.4416138 secs] [Times: user=2.05 sys=0.00, real=0.44 secs] 
6047.137: [GC (Allocation Failure) [PSYoungGen: 343552K->105408K(520704K)] 523535K->285391K(1918976K), 0.0338347 secs] [Times: user=0.20 sys=0.00, real=0.03 secs] 
6048.135: [GC (Allocation Failure) [PSYoungGen: 448448K->140928K(520192K)] 628431K->423552K(1918464K), 0.0513691 secs] [Times: user=0.30 sys=0.01, real=0.05 secs] 
6049.547: [GC (Allocation Failure) [PSYoungGen: 483968K->109152K(518144K)] 766592K->522960K(1916416K), 0.0828605 secs] [Times: user=0.48 sys=0.01, real=0.08 secs] 
6051.123: [GC (Allocation Failure) [PSYoungGen: 453216K->142016K(519680K)] 867024K->662039K(1917952K), 0.0527165 secs] [Times: user=0.30 sys=0.00, real=0.05 secs] 
6052.530: [GC (Allocation Failure) [PSYoungGen: 486080K->108064K(520704K)] 1006103K->761063K(1918976K), 0.0636837 secs] [Times: user=0.38 sys=0.00, real=0.07 secs] 
6053.485: [GC (Allocation Failure) [PSYoungGen: 454176K->142592K(521216K)] 1107175K->901440K(1919488K), 0.0531277 secs] [Times: user=0.31 sys=0.00, real=0.05 secs] 
6054.903: [GC (Allocation Failure) [PSYoungGen: 488704K->109856K(521216K)] 1247552K->1002500K(1919488K), 0.0924978 secs] [Times: user=0.54 sys=0.00, real=0.09 secs] 
6056.062: [GC (Allocation Failure) [PSYoungGen: 456992K->145600K(521728K)] 1349636K->1143921K(1920000K), 0.0539227 secs] [Times: user=0.32 sys=0.00, real=0.06 secs] 
6057.489: [GC (GCLocker Initiated GC) [PSYoungGen: 492736K->106208K(522752K)] 1491058K->1241238K(1921024K), 0.0955512 secs] [Times: user=0.56 sys=0.01, real=0.10 secs] 
6058.443: [GC (Allocation Failure) [PSYoungGen: 452320K->145248K(491520K)] 1587420K->1382185K(1889792K), 0.0529213 secs] [Times: user=0.31 sys=0.00, real=0.06 secs] 
6058.496: [Full GC (Ergonomics) [PSYoungGen: 145248K->0K(491520K)] [ParOldGen: 1236937K->181525K(1398272K)] 1382185K->181525K(1889792K), [Metaspace: 59687K->59687K(1105920K)], 0.4422965 secs] [Times: user=2.06 sys=0.00, real=0.44 secs] 
6060.217: [GC (GCLocker Initiated GC) [PSYoungGen: 346112K->105984K(522240K)] 527637K->287509K(1920512K), 0.0337204 secs] [Times: user=0.19 sys=0.00, real=0.03 secs] 
6060.922: [GC (Allocation Failure) [PSYoungGen: 450048K->144288K(488448K)] 631576K->428501K(1886720K), 0.0524557 secs] [Times: user=0.31 sys=0.00, real=0.06 secs] 
6062.390: [GC (Allocation Failure) [PSYoungGen: 488352K->106720K(521728K)] 772565K->526597K(1920000K), 0.0652986 secs] [Times: user=0.38 sys=0.00, real=0.07 secs] 
6063.371: [GC (Allocation Failure) [PSYoungGen: 449760K->143680K(520192K)] 869637K->666798K(1918464K), 0.0527819 secs] [Times: user=0.31 sys=0.00, real=0.06 secs] 
6064.824: [GC (Allocation Failure) [PSYoungGen: 486720K->108192K(519168K)] 1009838K->765966K(1917440K), 0.0650475 secs] [Times: user=0.38 sys=0.00, real=0.06 secs] 
6066.315: [GC (Allocation Failure) [PSYoungGen: 451232K->142368K(519680K)] 1109006K->904733K(1917952K), 0.0532707 secs] [Times: user=0.31 sys=0.00, real=0.05 secs] 
6067.723: [GC (Allocation Failure) [PSYoungGen: 484709K->106304K(519680K)] 1247074K->1001577K(1917952K), 0.0646993 secs] [Times: user=0.38 sys=0.01, real=0.07 secs] 
6068.686: [GC (Allocation Failure) [PSYoungGen: 450368K->143136K(520192K)] 1345641K->1141826K(1918464K), 0.0526817 secs] [Times: user=0.31 sys=0.00, real=0.05 secs] 
6070.172: [GC (Allocation Failure) [PSYoungGen: 487200K->108416K(520704K)] 1485890K->1241162K(1918976K), 0.0655581 secs] [Times: user=0.39 sys=0.00, real=0.07 secs] 
6071.351: [GC (Allocation Failure) [PSYoungGen: 452992K->142304K(520704K)] 1585738K->1379407K(1918976K), 0.0530316 secs] [Times: user=0.31 sys=0.00, real=0.06 secs] 
6071.404: [Full GC (Ergonomics) [PSYoungGen: 142304K->0K(520704K)] [ParOldGen: 1237103K->178218K(1398272K)] 1379407K->178218K(1918976K), [Metaspace: 59687K->59687K(1105920K)], 0.4298968 secs] [Times: user=1.99 sys=0.00, real=0.43 secs] 
6073.105: [GC (Allocation Failure) [PSYoungGen: 344576K->108960K(519168K)] 522794K->287178K(1917440K), 0.0343426 secs] [Times: user=0.20 sys=0.00, real=0.03 secs] 
6074.572: [GC (Allocation Failure) [PSYoungGen: 454048K->141632K(520192K)] 632266K->424895K(1918464K), 0.0525977 secs] [Times: user=0.31 sys=0.00, real=0.06 secs] 
6075.954: [GC (GCLocker Initiated GC) [PSYoungGen: 486720K->110528K(520192K)] 769983K->525627K(1918464K), 0.0651077 secs] [Times: user=0.38 sys=0.01, real=0.06 secs] 
6076.758: [GC (Allocation Failure) [PSYoungGen: 457664K->152416K(499712K)] 872802K->673998K(1897984K), 0.0536926 secs] [Times: user=0.32 sys=0.00, real=0.05 secs] 
6078.169: [GC (Allocation Failure) [PSYoungGen: 499552K->109728K(521216K)] 1021134K->766190K(1919488K), 0.0647500 secs] [Times: user=0.39 sys=0.00, real=0.07 secs] 
6078.859: [GC (Allocation Failure) [PSYoungGen: 451232K->153696K(495616K)] 1107694K->916283K(1893888K), 0.0545512 secs] [Times: user=0.33 sys=0.00, real=0.06 secs] 
6080.271: [GC (Allocation Failure) [PSYoungGen: 495200K->103840K(517632K)] 1257787K->1003171K(1915904K), 0.0653611 secs] [Times: user=0.38 sys=0.00, real=0.07 secs] 
6081.614: [GC (Allocation Failure) [PSYoungGen: 438688K->142176K(516096K)] 1338019K->1141440K(1914368K), 0.0513950 secs] [Times: user=0.30 sys=0.00, real=0.05 secs] 
6083.079: [GC (GCLocker Initiated GC) [PSYoungGen: 477024K->101408K(516608K)] 1476289K->1233993K(1914880K), 0.0739756 secs] [Times: user=0.44 sys=0.00, real=0.08 secs] 
6083.921: [GC (Allocation Failure) [PSYoungGen: 437280K->139040K(516608K)] 1569870K->1369827K(1914880K), 0.0514576 secs] [Times: user=0.30 sys=0.00, real=0.05 secs] 
6083.972: [Full GC (Ergonomics) [PSYoungGen: 139040K->0K(516608K)] [ParOldGen: 1230786K->169468K(1398272K)] 1369827K->169468K(1914880K), [Metaspace: 59687K->59687K(1105920K)], 0.4134916 secs] [Times: user=1.92 sys=0.00, real=0.42 secs] 
6085.667: [GC (Allocation Failure) [PSYoungGen: 335766K->105184K(514048K)] 505235K->274652K(1912320K), 0.0376437 secs] [Times: user=0.22 sys=0.01, real=0.04 secs] 
6086.401: [GC (Allocation Failure) [PSYoungGen: 442592K->145120K(516096K)] 612060K->417608K(1914368K), 0.0531497 secs] [Times: user=0.30 sys=0.01, real=0.06 secs] 
6087.831: [GC (Allocation Failure) [PSYoungGen: 482528K->108288K(517632K)] 755016K->507908K(1915904K), 0.0644530 secs] [Times: user=0.38 sys=0.01, real=0.07 secs] 
6088.896: [GC (Allocation Failure) [PSYoungGen: 447232K->148160K(487424K)] 846852K->654144K(1885696K), 0.0531739 secs] [Times: user=0.31 sys=0.00, real=0.05 secs] 
6090.370: [GC (GCLocker Initiated GC) [PSYoungGen: 487104K->105088K(518656K)] 993088K->741984K(1916928K), 0.0641146 secs] [Times: user=0.39 sys=0.00, real=0.07 secs] 
6091.236: [GC (Allocation Failure) [PSYoungGen: 441472K->136608K(473088K)] 1078371K->877056K(1871360K), 0.0520997 secs] [Times: user=0.31 sys=0.00, real=0.05 secs] 
6092.710: [GC (Allocation Failure) [PSYoungGen: 472992K->111104K(518656K)] 1213440K->979124K(1916928K), 0.0653137 secs] [Times: user=0.39 sys=0.00, real=0.07 secs] 
6094.198: [GC (Allocation Failure) [PSYoungGen: 450560K->133088K(515584K)] 1318580K->1110701K(1913856K), 0.0538233 secs] [Times: user=0.32 sys=0.00, real=0.05 secs] 
6095.675: [GC (Allocation Failure) [PSYoungGen: 472544K->113824K(519680K)] 1450157K->1215413K(1917952K), 0.0648420 secs] [Times: user=0.39 sys=0.00, real=0.06 secs] 
6096.849: [GC (Allocation Failure) [PSYoungGen: 460448K->130272K(518144K)] 1562037K->1345453K(1916416K), 0.0549394 secs] [Times: user=0.32 sys=0.00, real=0.06 secs] 
6098.320: [GC (Allocation Failure) [PSYoungGen: 476896K->352K(496128K)] 1692077K->1215581K(1894400K), 0.0029092 secs] [Times: user=0.02 sys=0.00, real=0.01 secs] 
6099.719: [GC (Allocation Failure) [PSYoungGen: 327520K->120000K(513024K)] 1542749K->1335237K(1911296K), 0.0255132 secs] [Times: user=0.14 sys=0.01, real=0.03 secs] 
6099.745: [Full GC (Ergonomics) [PSYoungGen: 120000K->0K(513024K)] [ParOldGen: 1215237K->134007K(1398272K)] 1335237K->134007K(1911296K), [Metaspace: 59687K->59687K(1105920K)], 0.3140128 secs] [Times: user=1.43 sys=0.00, real=0.31 secs] 
6101.368: [GC (Allocation Failure) [PSYoungGen: 327168K->127904K(506368K)] 461175K->261911K(1904640K), 0.0464991 secs] [Times: user=0.27 sys=0.00, real=0.05 secs] 
6102.672: [GC (Allocation Failure) [PSYoungGen: 459680K->107936K(512000K)] 593687K->369867K(1910272K), 0.0634363 secs] [Times: user=0.37 sys=0.00, real=0.07 secs] 
6104.077: [GC (Allocation Failure) [PSYoungGen: 439712K->140352K(515072K)] 701643K->499578K(1913344K), 0.0621826 secs] [Times: user=0.37 sys=0.00, real=0.06 secs] 
6104.965: [GC (Allocation Failure) [PSYoungGen: 480832K->102944K(518656K)] 840058K->602462K(1916928K), 0.0579200 secs] [Times: user=0.35 sys=0.00, real=0.05 secs] 
6106.296: [GC (Allocation Failure) [PSYoungGen: 442009K->174560K(417792K)] 941527K->774653K(1816064K), 0.0712142 secs] [Times: user=0.42 sys=0.00, real=0.07 secs] 
6106.960: [GC (Allocation Failure) [PSYoungGen: 417760K->61184K(304640K)] 1017853K->799181K(1702912K), 0.1147949 secs] [Times: user=0.67 sys=0.00, real=0.12 secs] 
6107.416: [GC (Allocation Failure) [PSYoungGen: 304384K->107424K(476672K)] 1042381K->900330K(1874944K), 0.0385318 secs] [Times: user=0.23 sys=0.00, real=0.04 secs] 
6108.630: [GC (Allocation Failure) [PSYoungGen: 354208K->85216K(332288K)] 1147114K->976930K(1730560K), 0.0543509 secs] [Times: user=0.32 sys=0.00, real=0.06 secs] 
6110.085: [GC (GCLocker Initiated GC) [PSYoungGen: 332000K->79680K(468480K)] 1223714K->1055906K(1866752K), 0.0636615 secs] [Times: user=0.37 sys=0.00, real=0.06 secs] 
6110.465: [GC (Allocation Failure) [PSYoungGen: 329536K->100128K(465408K)] 1322150K->1167209K(1863680K), 0.2429952 secs] [Times: user=1.45 sys=0.01, real=0.24 secs] 
6112.069: [GC (GCLocker Initiated GC) [PSYoungGen: 349984K->59008K(472576K)] 1417065K->1226001K(1870848K), 0.2324777 secs] [Times: user=1.39 sys=0.00, real=0.23 secs] 
6112.865: [GC (Allocation Failure) [PSYoungGen: 323712K->108832K(472576K)] 1490708K->1333220K(1870848K), 0.0505243 secs] [Times: user=0.29 sys=0.00, real=0.05 secs] 
6113.234: [GC (Allocation Failure) [PSYoungGen: 373536K->119360K(485888K)] 1597924K->1443468K(1884160K), 0.0590419 secs] [Times: user=0.35 sys=0.00, real=0.06 secs] 
6113.293: [Full GC (Ergonomics) [PSYoungGen: 119360K->0K(485888K)] [ParOldGen: 1324108K->240578K(1398272K)] 1443468K->240578K(1884160K), [Metaspace: 59687K->59687K(1105920K)], 0.5815142 secs] [Times: user=2.72 sys=0.00, real=0.58 secs] 
6115.385: [GC (Allocation Failure) [PSYoungGen: 287744K->70080K(481280K)] 528322K->310658K(1879552K), 0.0281037 secs] [Times: user=0.16 sys=0.00, real=0.02 secs] 
6115.792: [GC (Allocation Failure) [PSYoungGen: 357824K->125920K(499712K)] 598402K->429359K(1897984K), 0.0429260 secs] [Times: user=0.25 sys=0.00, real=0.05 secs] 
6117.159: [GC (Allocation Failure) [PSYoungGen: 434144K->92544K(498688K)] 737583K->513463K(1896960K), 0.0569256 secs] [Times: user=0.34 sys=0.00, real=0.06 secs] 
6118.935: [GC (Allocation Failure) [PSYoungGen: 400768K->126720K(501760K)] 821687K->637488K(1900032K), 0.0461142 secs] [Times: user=0.28 sys=0.00, real=0.04 secs] 
6120.246: [GC (Allocation Failure) [PSYoungGen: 443648K->102144K(501760K)] 954416K->730592K(1900032K), 0.0600869 secs] [Times: user=0.36 sys=0.00, real=0.06 secs] 
6121.121: [GC (Allocation Failure) [PSYoungGen: 419072K->122592K(508928K)] 1047520K->851757K(1907200K), 0.0505888 secs] [Times: user=0.30 sys=0.00, real=0.05 secs] 
6122.494: [GC (Allocation Failure) [PSYoungGen: 453344K->124480K(507392K)] 1182509K->966681K(1905664K), 0.0624701 secs] [Times: user=0.37 sys=0.00, real=0.06 secs] 
6123.966: [GC (Allocation Failure) [PSYoungGen: 455232K->110624K(511488K)] 1297433K->1077065K(1909760K), 0.0550875 secs] [Times: user=0.33 sys=0.00, real=0.05 secs] 
6125.390: [GC (Allocation Failure) [PSYoungGen: 457248K->137792K(515584K)] 1423689K->1204014K(1913856K), 0.0617039 secs] [Times: user=0.37 sys=0.00, real=0.06 secs] 
6126.922: [GC (Allocation Failure) [PSYoungGen: 484416K->112416K(522240K)] 1550638K->1316254K(1920512K), 0.0587490 secs] [Times: user=0.35 sys=0.00, real=0.06 secs] 
6128.360: [GC (Allocation Failure) [PSYoungGen: 468768K->135488K(523776K)] 1672606K->1441343K(1922048K), 0.0617797 secs] [Times: user=0.36 sys=0.00, real=0.06 secs] 
6128.422: [Full GC (Ergonomics) [PSYoungGen: 135488K->0K(523776K)] [ParOldGen: 1305855K->250581K(1398272K)] 1441343K->250581K(1922048K), [Metaspace: 59688K->59688K(1105920K)], 0.5374320 secs] [Times: user=2.37 sys=0.00, real=0.54 secs] 
6130.404: [GC (Allocation Failure) [PSYoungGen: 356352K->122848K(528896K)] 606933K->373429K(1927168K), 0.0253336 secs] [Times: user=0.14 sys=0.00, real=0.02 secs] 
6131.795: [GC (Allocation Failure) [PSYoungGen: 483296K->1120K(361984K)] 733877K->251789K(1760256K), 0.0027381 secs] [Times: user=0.01 sys=0.00, real=0.00 secs] 
6132.609: [GC (Allocation Failure) [PSYoungGen: 361568K->137408K(508416K)] 612237K->388077K(1906688K), 0.0281730 secs] [Times: user=0.15 sys=0.01, real=0.03 secs] 
6133.970: [GC (Allocation Failure) [PSYoungGen: 463552K->352K(326656K)] 714221K->251041K(1724928K), 0.0025646 secs] [Times: user=0.01 sys=0.00, real=0.00 secs] 
6134.603: [GC (Allocation Failure) [PSYoungGen: 326496K->123808K(501760K)] 577185K->374497K(1900032K), 0.0254902 secs] [Times: user=0.14 sys=0.00, real=0.02 secs] 
6135.871: [GC (Allocation Failure) [PSYoungGen: 428448K->197088K(501760K)] 679137K->488289K(1900032K), 0.0612019 secs] [Times: user=0.36 sys=0.00, real=0.06 secs] 
6137.167: [GC (Allocation Failure) [PSYoungGen: 501728K->89984K(436224K)] 792929K->381225K(1834496K), 0.0210228 secs] [Times: user=0.12 sys=0.00, real=0.02 secs] 
6137.465: [GC (Allocation Failure) [PSYoungGen: 312959K->182304K(421888K)] 604200K->473545K(1820160K), 0.0356977 secs] [Times: user=0.21 sys=0.01, real=0.03 secs] 
6138.692: [GC (GCLocker Initiated GC) [PSYoungGen: 421408K->3872K(465920K)] 712649K->295137K(1864192K), 0.0032958 secs] [Times: user=0.01 sys=0.00, real=0.01 secs] 
6139.923: [GC (Allocation Failure) [PSYoungGen: 236832K->95296K(465920K)] 528136K->386616K(1864192K), 0.0260894 secs] [Times: user=0.15 sys=0.00, real=0.02 secs] 
6140.230: [GC (Allocation Failure) [PSYoungGen: 319125K->97152K(453632K)] 610446K->474013K(1851904K), 0.0464964 secs] [Times: user=0.28 sys=0.00, real=0.05 secs] 
6141.395: [GC (GCLocker Initiated GC) [PSYoungGen: 330112K->67872K(459776K)] 706973K->533181K(1858048K), 0.0562743 secs] [Times: user=0.33 sys=0.00, real=0.05 secs] 
6142.269: [GC (Allocation Failure) [PSYoungGen: 300832K->89120K(451072K)] 766212K->620809K(1849344K), 0.0378384 secs] [Times: user=0.21 sys=0.00, real=0.04 secs] 
6142.664: [GC (Allocation Failure) [PSYoungGen: 340000K->109376K(461824K)] 871689K->724241K(1860096K), 0.0490828 secs] [Times: user=0.28 sys=0.00, real=0.04 secs] 
6143.966: [GC (GCLocker Initiated GC) [PSYoungGen: 360256K->63296K(480256K)] 975122K->786962K(1878528K), 0.0748215 secs] [Times: user=0.44 sys=0.00, real=0.07 secs] 
6144.600: [GC (Allocation Failure) [PSYoungGen: 347968K->117952K(484352K)] 1071672K->902036K(1882624K), 0.0445716 secs] [Times: user=0.26 sys=0.01, real=0.05 secs] 
6145.910: [GC (Allocation Failure) [PSYoungGen: 402624K->114880K(489472K)] 1186708K->1007268K(1887744K), 0.0615431 secs] [Times: user=0.37 sys=0.00, real=0.06 secs] 
6146.424: [GC (Allocation Failure) [PSYoungGen: 416960K->91200K(495104K)] 1309348K->1098420K(1893376K), 0.0520071 secs] [Times: user=0.30 sys=0.00, real=0.05 secs] 
6146.894: [GC (Allocation Failure) [PSYoungGen: 393280K->128992K(501248K)] 1400500K->1220965K(1899520K), 0.0551216 secs] [Times: user=0.32 sys=0.01, real=0.05 secs] 
6148.298: [GC (GCLocker Initiated GC) [PSYoungGen: 444896K->87232K(503808K)] 1536869K->1307589K(1902080K), 0.0903557 secs] [Times: user=0.53 sys=0.01, real=0.09 secs] 
6148.388: [Full GC (Ergonomics) [PSYoungGen: 87232K->0K(503808K)] [ParOldGen: 1220357K->76145K(1398272K)] 1307589K->76145K(1902080K), [Metaspace: 59688K->59688K(1105920K)], 0.1879877 secs] [Times: user=0.79 sys=0.00, real=0.19 secs] 
6148.998: [GC (Allocation Failure) [PSYoungGen: 315904K->126816K(505856K)] 408436K->219348K(1904128K), 0.1453998 secs] [Times: user=0.87 sys=0.00, real=0.15 secs] 
Heap
 PSYoungGen      total 505856K, used 3236