5.516: [GC (Allocation Failure) [PSYoungGen: 128000K->12501K(148992K)] 128000K->12589K(488960K), 0.0192244 secs] [Times: user=0.03 sys=0.00, real=0.02 secs] 
5.955: [GC (Metadata GC Threshold) [PSYoungGen: 48897K->6102K(148992K)] 48985K->6198K(488960K), 0.0044462 secs] [Times: user=0.01 sys=0.01, real=0.01 secs] 
5.960: [Full GC (Metadata GC Threshold) [PSYoungGen: 6102K->0K(148992K)] [ParOldGen: 96K->5935K(134144K)] 6198K->5935K(283136K), [Metaspace: 20451K->20451K(1067008K)], 0.0180803 secs] [Times: user=0.05 sys=0.01, real=0.01 secs] 
7.392: [GC (Allocation Failure) [PSYoungGen: 128000K->9861K(148992K)] 133935K->15804K(283136K), 0.0032356 secs] [Times: user=0.00 sys=0.00, real=0.00 secs] 
7.946: [GC (Metadata GC Threshold) [PSYoungGen: 37922K->4684K(148992K)] 43865K->10636K(283136K), 0.0031081 secs] [Times: user=0.01 sys=0.00, real=0.01 secs] 
7.949: [Full GC (Metadata GC Threshold) [PSYoungGen: 4684K->0K(148992K)] [ParOldGen: 5951K->8876K(219136K)] 10636K->8876K(368128K), [Metaspace: 33719K->33719K(1079296K)], 0.0282837 secs] [Times: user=0.06 sys=0.00, real=0.02 secs] 
9.368: [GC (Allocation Failure) [PSYoungGen: 128000K->13063K(148992K)] 136876K->21948K(368128K), 0.0037439 secs] [Times: user=0.01 sys=0.00, real=0.00 secs] 
9.921: [GC (Allocation Failure) [PSYoungGen: 139165K->14696K(184832K)] 148049K->56357K(403968K), 0.0114531 secs] [Times: user=0.04 sys=0.01, real=0.01 secs] 
10.782: [GC (Allocation Failure) [PSYoungGen: 177130K->4784K(186880K)] 218791K->111988K(406016K), 0.0126232 secs] [Times: user=0.06 sys=0.01, real=0.01 secs] 
11.554: [GC (Allocation Failure) [PSYoungGen: 163221K->4800K(278528K)] 270426K->177540K(497664K), 0.0128691 secs] [Times: user=0.05 sys=0.02, real=0.01 secs] 
11.567: [Full GC (Ergonomics) [PSYoungGen: 4800K->0K(278528K)] [ParOldGen: 172740K->159710K(502784K)] 177540K->159710K(781312K), [Metaspace: 52370K->52370K(1097728K)], 0.0827384 secs] [Times: user=0.35 sys=0.00, real=0.09 secs] 
12.488: [GC (Allocation Failure) [PSYoungGen: 260096K->17891K(278016K)] 419806K->362505K(780800K), 0.0252393 secs] [Times: user=0.08 sys=0.01, real=0.03 secs] 
12.829: [GC (Allocation Failure) [PSYoungGen: 277987K->95230K(421376K)] 622601K->552053K(924160K), 0.0247177 secs] [Times: user=0.03 sys=0.01, real=0.02 secs] 
12.854: [Full GC (Ergonomics) [PSYoungGen: 95230K->0K(421376K)] [ParOldGen: 456823K->415028K(905728K)] 552053K->415028K(1327104K), [Metaspace: 52452K->52452K(1097728K)], 0.0500533 secs] [Times: user=0.23 sys=0.00, real=0.05 secs] 
13.687: [GC (Allocation Failure) [PSYoungGen: 326144K->113086K(439296K)] 741172K->603694K(1345024K), 0.0278025 secs] [Times: user=0.03 sys=0.01, real=0.03 secs] 
15.404: [GC (Allocation Failure) [PSYoungGen: 439230K->88076K(550912K)] 929838K->578692K(1456640K), 0.0116704 secs] [Times: user=0.01 sys=0.00, real=0.01 secs] 
15.895: [GC (Allocation Failure) [PSYoungGen: 505356K->140759K(558080K)] 995972K->824481K(1463808K), 0.0380068 secs] [Times: user=0.04 sys=0.01, real=0.04 secs] 
18.550: [GC (Allocation Failure) [PSYoungGen: 558039K->80960K(513024K)] 1241761K->764912K(1418752K), 0.0121871 secs] [Times: user=0.02 sys=0.00, real=0.01 secs] 
19.002: [GC (Allocation Failure) [PSYoungGen: 453184K->163319K(535552K)] 1137136K->981083K(1441280K), 0.0331917 secs] [Times: user=0.03 sys=0.01, real=0.03 secs] 
19.036: [Full GC (Ergonomics) [PSYoungGen: 163319K->0K(535552K)] [ParOldGen: 817763K->505391K(1095680K)] 981083K->505391K(1631232K), [Metaspace: 53005K->53005K(1097728K)], 0.0507446 secs] [Times: user=0.23 sys=0.00, real=0.05 secs] 
20.769: [GC (Allocation Failure) [PSYoungGen: 372224K->163229K(396288K)] 877615K->705129K(1491968K), 0.0566767 secs] [Times: user=0.08 sys=0.01, real=0.05 secs] 
22.653: [GC (Allocation Failure) [PSYoungGen: 396189K->64610K(465920K)] 938089K->606849K(1561600K), 0.0092724 secs] [Times: user=0.01 sys=0.00, real=0.01 secs] 
22.937: [GC (Allocation Failure) [PSYoungGen: 297570K->184687K(465920K)] 839809K->728308K(1561600K), 0.0199844 secs] [Times: user=0.02 sys=0.00, real=0.02 secs] 
23.278: [GC (Allocation Failure) [PSYoungGen: 417647K->184623K(465920K)] 961268K->728389K(1561600K), 0.0200239 secs] [Times: user=0.02 sys=0.00, real=0.02 secs] 
25.589: [GC (Allocation Failure) [PSYoungGen: 417583K->81553K(465920K)] 961349K->625592K(1561600K), 0.0131218 secs] [Times: user=0.03 sys=0.00, real=0.01 secs] 
26.421: [GC (Allocation Failure) [PSYoungGen: 314513K->68337K(465920K)] 858552K->612858K(1561600K), 0.0085215 secs] [Times: user=0.02 sys=0.00, real=0.01 secs] 
26.692: [GC (Allocation Failure) [PSYoungGen: 301297K->184076K(465920K)] 845818K->729851K(1561600K), 0.0199537 secs] [Times: user=0.02 sys=0.00, real=0.02 secs] 
26.974: [GC (Allocation Failure) [PSYoungGen: 417036K->184012K(465920K)] 962811K->730060K(1561600K), 0.0199369 secs] [Times: user=0.02 sys=0.00, real=0.02 secs] 
28.775: [GC (Allocation Failure) [PSYoungGen: 416972K->78709K(465920K)] 963020K->625030K(1561600K), 0.0147237 secs] [Times: user=0.05 sys=0.00, real=0.02 secs] 
30.132: [GC (Allocation Failure) [PSYoungGen: 311669K->76691K(465920K)] 857990K->623336K(1561600K), 0.0102791 secs] [Times: user=0.01 sys=0.00, real=0.01 secs] 
30.411: [GC (Allocation Failure) [PSYoungGen: 309651K->184494K(465920K)] 856296K->732513K(1561600K), 0.0199056 secs] [Times: user=0.02 sys=0.00, real=0.02 secs] 
30.694: [GC (Allocation Failure) [PSYoungGen: 417454K->184622K(465920K)] 965473K->732922K(1561600K), 0.0199178 secs] [Times: user=0.03 sys=0.00, real=0.02 secs] 
33.497: [GC (Allocation Failure) [PSYoungGen: 417582K->69423K(465920K)] 965882K->617868K(1561600K), 0.0115827 secs] [Times: user=0.03 sys=0.00, real=0.02 secs] 
35.290: [GC (Allocation Failure) [PSYoungGen: 302383K->83917K(465920K)] 850828K->632670K(1561600K), 0.0098503 secs] [Times: user=0.02 sys=0.00, real=0.01 secs] 
35.563: [GC (Allocation Failure) [PSYoungGen: 316877K->184558K(465920K)] 865630K->734564K(1561600K), 0.0200795 secs] [Times: user=0.02 sys=0.00, real=0.02 secs] 
35.845: [GC (Allocation Failure) [PSYoungGen: 417518K->184301K(465920K)] 967524K->734580K(1561600K), 0.0200941 secs] [Times: user=0.03 sys=0.00, real=0.02 secs] 
38.110: [GC (Allocation Failure) [PSYoungGen: 417261K->62418K(465920K)] 967540K->612971K(1561600K), 0.0105760 secs] [Times: user=0.03 sys=0.00, real=0.01 secs] 
39.737: [GC (Allocation Failure) [PSYoungGen: 295378K->91342K(465920K)] 845931K->642219K(1561600K), 0.0107383 secs] [Times: user=0.01 sys=0.00, real=0.01 secs] 
40.010: [GC (Allocation Failure) [PSYoungGen: 324302K->184301K(465920K)] 875179K->736415K(1561600K), 0.0201017 secs] [Times: user=0.03 sys=0.00, real=0.02 secs] 
40.295: [GC (Allocation Failure) [PSYoungGen: 417261K->184558K(465920K)] 969375K->736945K(1561600K), 0.0201839 secs] [Times: user=0.02 sys=0.00, real=0.02 secs] 
42.098: [GC (Allocation Failure) [PSYoungGen: 417518K->54932K(465920K)] 969905K->607584K(1561600K), 0.0089645 secs] [Times: user=0.03 sys=0.00, real=0.01 secs] 
42.938: [GC (Allocation Failure) [PSYoungGen: 287892K->100757K(465920K)] 840544K->653727K(1561600K), 0.0116762 secs] [Times: user=0.02 sys=0.00, real=0.02 secs] 
43.273: [GC (Allocation Failure) [PSYoungGen: 333717K->184173K(465920K)] 886687K->738388K(1561600K), 0.0202029 secs] [Times: user=0.03 sys=0.00, real=0.02 secs] 
43.556: [GC (Allocation Failure) [PSYoungGen: 417133K->184558K(465920K)] 971348K->739047K(1561600K), 0.0200299 secs] [Times: user=0.03 sys=0.00, real=0.02 secs] 
44.963: [GC (Allocation Failure) [PSYoungGen: 417518K->45646K(465920K)] 972007K->600529K(1561600K), 0.0047763 secs] [Times: user=0.02 sys=0.00, real=0.00 secs] 
45.591: [GC (Allocation Failure) [PSYoungGen: 278606K->110139K(465920K)] 833489K->665215K(1561600K), 0.0125666 secs] [Times: user=0.01 sys=0.00, real=0.01 secs] 
45.868: [GC (Allocation Failure) [PSYoungGen: 343099K->183916K(465920K)] 898175K->740229K(1561600K), 0.0200393 secs] [Times: user=0.02 sys=0.00, real=0.02 secs] 
46.210: [GC (Allocation Failure) [PSYoungGen: 416876K->184430K(465920K)] 973189K->741145K(1561600K), 0.0201072 secs] [Times: user=0.03 sys=0.00, real=0.02 secs] 
47.375: [GC (Allocation Failure) [PSYoungGen: 417390K->36618K(465920K)] 974105K->593597K(1561600K), 0.0044734 secs] [Times: user=0.02 sys=0.00, real=0.01 secs] 
48.068: [GC (Allocation Failure) [PSYoungGen: 269578K->118975K(465920K)] 826557K->676118K(1561600K), 0.0135345 secs] [Times: user=0.02 sys=0.00, real=0.02 secs] 
48.399: [GC (Allocation Failure) [PSYoungGen: 351935K->184205K(465920K)] 909078K->742594K(1561600K), 0.0201631 secs] [Times: user=0.02 sys=0.00, real=0.02 secs] 
48.762: [GC (Allocation Failure) [PSYoungGen: 417165K->179538K(465920K)] 975554K->738193K(1561600K), 0.0225561 secs] [Times: user=0.03 sys=0.00, real=0.02 secs] 
49.857: [GC (Allocation Failure) [PSYoungGen: 412498K->32864K(465920K)] 971153K->592966K(1561600K), 0.0041890 secs] [Times: user=0.02 sys=0.00, real=0.01 secs] 
50.516: [GC (Allocation Failure) [PSYoungGen: 265824K->127907K(465920K)] 825926K->688025K(1561600K), 0.0143194 secs] [Times: user=0.02 sys=0.00, real=0.02 secs] 
50.850: [GC (Allocation Failure) [PSYoungGen: 360867K->184173K(465920K)] 920985K->745536K(1561600K), 0.0199921 secs] [Times: user=0.02 sys=0.00, real=0.02 secs] 
51.473: [GC (Allocation Failure) [PSYoungGen: 417133K->172158K(465920K)] 978496K->733795K(1561600K), 0.0268712 secs] [Times: user=0.03 sys=0.00, real=0.03 secs] 
53.975: [GC (Allocation Failure) [PSYoungGen: 405118K->32864K(465920K)] 966755K->595941K(1561600K), 0.0064753 secs] [Times: user=0.03 sys=0.00, real=0.01 secs] 
54.967: [GC (Allocation Failure) [PSYoungGen: 265824K->135233K(465920K)] 828901K->698342K(1561600K), 0.0151450 secs] [Times: user=0.02 sys=0.00, real=0.02 secs] 
55.245: [GC (Allocation Failure) [PSYoungGen: 368193K->184430K(465920K)] 931302K->748792K(1561600K), 0.0201781 secs] [Times: user=0.03 sys=0.00, real=0.02 secs] 
55.936: [GC (Allocation Failure) [PSYoungGen: 417390K->164591K(465920K)] 981752K->729219K(1561600K), 0.0220078 secs] [Times: user=0.03 sys=0.00, real=0.02 secs] 
58.249: [GC (Allocation Failure) [PSYoungGen: 397551K->64K(465920K)] 962179K->566147K(1561600K), 0.0031305 secs] [Times: user=0.01 sys=0.00, real=0.00 secs] 
59.066: [GC (Allocation Failure) [PSYoungGen: 233015K->144548K(465920K)] 799098K->710647K(1561600K), 0.0161066 secs] [Times: user=0.03 sys=0.00, real=0.02 secs] 
59.352: [GC (Allocation Failure) [PSYoungGen: 377508K->184141K(465920K)] 943607K->751486K(1561600K), 0.0204766 secs] [Times: user=0.02 sys=0.01, real=0.02 secs] 
60.040: [GC (Allocation Failure) [PSYoungGen: 417101K->161787K(465920K)] 984446K->729405K(1561600K), 0.0212249 secs] [Times: user=0.03 sys=0.00, real=0.02 secs] 
61.689: [GC (Allocation Failure) [PSYoungGen: 394747K->64K(465920K)] 962365K->569119K(1561600K), 0.0023619 secs] [Times: user=0.02 sys=0.00, real=0.00 secs] 
62.142: [GC (Allocation Failure) [PSYoungGen: 233024K->154640K(465920K)] 802079K->723720K(1561600K), 0.0171053 secs] [Times: user=0.02 sys=0.00, real=0.02 secs] 
62.424: [GC (Allocation Failure) [PSYoungGen: 387600K->186229K(465920K)] 956680K->756554K(1561600K), 0.0202825 secs] [Times: user=0.03 sys=0.00, real=0.02 secs] 
62.885: [GC (Allocation Failure) [PSYoungGen: 419189K->149545K(465920K)] 989514K->720136K(1561600K), 0.0173617 secs] [Times: user=0.02 sys=0.00, real=0.02 secs] 
63.767: [GC (Allocation Failure) [PSYoungGen: 382505K->64K(465920K)] 953096K->572118K(1561600K), 0.0030993 secs] [Times: user=0.01 sys=0.01, real=0.01 secs] 
64.149: [GC (Allocation Failure) [PSYoungGen: 233024K->166943K(465920K)] 805078K->739013K(1561600K), 0.0181582 secs] [Times: user=0.02 sys=0.00, real=0.01 secs] 
64.431: [GC (Allocation Failure) [PSYoungGen: 399903K->184558K(465920K)] 971973K->757882K(1561600K), 0.0201102 secs] [Times: user=0.03 sys=0.00, real=0.02 secs] 
66.137: [GC (Allocation Failure) [PSYoungGen: 412723K->139006K(465920K)] 986047K->712595K(1561600K), 0.0382644 secs] [Times: user=0.06 sys=0.00, real=0.04 secs] 
68.255: [GC (Allocation Failure) [PSYoungGen: 371966K->64K(465920K)] 945555K->575088K(1561600K), 0.0030557 secs] [Times: user=0.01 sys=0.00, real=0.01 secs] 
68.800: [GC (Allocation Failure) [PSYoungGen: 233024K->172473K(465920K)] 808048K->747514K(1561600K), 0.0188138 secs] [Times: user=0.03 sys=0.00, real=0.02 secs] 
69.088: [GC (Allocation Failure) [PSYoungGen: 405433K->184430K(465920K)] 980474K->760708K(1561600K), 0.0201319 secs] [Times: user=0.03 sys=0.00, real=0.02 secs] 
69.702: [GC (Allocation Failure) [PSYoungGen: 417390K->141656K(465920K)] 993668K->718199K(1561600K), 0.0196017 secs] [Times: user=0.03 sys=0.01, real=0.02 secs] 
70.719: [GC (Allocation Failure) [PSYoungGen: 374616K->64K(465920K)] 951159K->578049K(1561600K), 0.0022550 secs] [Times: user=0.01 sys=0.00, real=0.00 secs] 
71.030: [GC (Allocation Failure) [PSYoungGen: 233024K->181887K(465920K)] 811009K->759889K(1561600K), 0.0197945 secs] [Times: user=0.03 sys=0.00, real=0.02 secs] 
71.311: [GC (Allocation Failure) [PSYoungGen: 414847K->184430K(465920K)] 992849K->763669K(1561600K), 0.0202403 secs] [Times: user=0.03 sys=0.00, real=0.02 secs] 
72.968: [GC (Allocation Failure) [PSYoungGen: 417390K->132273K(465920K)] 996629K->711778K(1561600K), 0.0337705 secs] [Times: user=0.06 sys=0.00, real=0.04 secs] 
74.741: [GC (Allocation Failure) [PSYoungGen: 365233K->7157K(465920K)] 944738K->586967K(1561600K), 0.0031107 secs] [Times: user=0.01 sys=0.00, real=0.00 secs] 
75.027: [GC (Allocation Failure) [PSYoungGen: 240117K->184076K(465920K)] 819927K->765148K(1561600K), 0.0201352 secs] [Times: user=0.02 sys=0.00, real=0.02 secs] 
75.309: [GC (Allocation Failure) [PSYoungGen: 417036K->184044K(465920K)] 998108K->765389K(1561600K), 0.0201291 secs] [Times: user=0.02 sys=0.00, real=0.02 secs] 
76.274: [GC (Allocation Failure) [PSYoungGen: 417004K->123534K(465920K)] 998349K->705280K(1561600K), 0.0157866 secs] [Times: user=0.03 sys=0.00, real=0.02 secs] 
77.701: [GC (Allocation Failure) [PSYoungGen: 356494K->15867K(465920K)] 938240K->597793K(1561600K), 0.0037790 secs] [Times: user=0.01 sys=0.00, real=0.00 secs] 
77.980: [GC (Allocation Failure) [PSYoungGen: 248827K->186389K(465920K)] 830753K->769569K(1561600K), 0.0202812 secs] [Times: user=0.03 sys=0.00, real=0.02 secs] 
78.270: [GC (Allocation Failure) [PSYoungGen: 419349K->186004K(465920K)] 1002529K->769457K(1561600K), 0.0201605 secs] [Times: user=0.02 sys=0.00, real=0.02 secs] 
79.812: [GC (Allocation Failure) [PSYoungGen: 418964K->110585K(465920K)] 1002417K->694431K(1561600K), 0.0183303 secs] [Times: user=0.03 sys=0.00, real=0.02 secs] 
81.916: [GC (Allocation Failure) [PSYoungGen: 343545K->29391K(465920K)] 927391K->613431K(1561600K), 0.0054167 secs] [Times: user=0.01 sys=0.00, real=0.01 secs] 
82.192: [GC (Allocation Failure) [PSYoungGen: 262351K->185715K(465920K)] 846391K->771128K(1561600K), 0.0202287 secs] [Times: user=0.03 sys=0.00, real=0.02 secs] 
82.476: [GC (Allocation Failure) [PSYoungGen: 418675K->185811K(465920K)] 1004088K->771369K(1561600K), 0.0203815 secs] [Times: user=0.03 sys=0.00, real=0.02 secs] 
84.440: [GC (Allocation Failure) [PSYoungGen: 417340K->97813K(465920K)] 1002898K->683636K(1561600K), 0.0175427 secs] [Times: user=0.03 sys=0.00, real=0.01 secs] 
86.402: [GC (Allocation Failure) [PSYoungGen: 330773K->37845K(465920K)] 916596K->623989K(1561600K), 0.0067411 secs] [Times: user=0.02 sys=0.00, real=0.01 secs] 
86.694: [GC (Allocation Failure) [PSYoungGen: 270805K->184558K(465920K)] 856949K->771957K(1561600K), 0.0201813 secs] [Times: user=0.02 sys=0.00, real=0.02 secs] 
86.976: [GC (Allocation Failure) [PSYoungGen: 417518K->183723K(465920K)] 1004917K->771394K(1561600K), 0.0200798 secs] [Times: user=0.02 sys=0.00, real=0.02 secs] 
88.761: [GC (Allocation Failure) [PSYoungGen: 408992K->92512K(465920K)] 996663K->680448K(1561600K), 0.0146701 secs] [Times: user=0.02 sys=0.00, real=0.01 secs] 
91.164: [GC (Allocation Failure) [PSYoungGen: 325472K->37459K(465920K)] 913408K->625704K(1561600K), 0.0072601 secs] [Times: user=0.01 sys=0.00, real=0.01 secs] 
91.481: [GC (Allocation Failure) [PSYoungGen: 270419K->184430K(465920K)] 858664K->773912K(1561600K), 0.0200396 secs] [Times: user=0.02 sys=0.00, real=0.02 secs] 
91.763: [GC (Allocation Failure) [PSYoungGen: 417390K->184333K(465920K)] 1006872K->774080K(1561600K), 0.0199245 secs] [Times: user=0.03 sys=0.00, real=0.02 secs] 
93.162: [GC (Allocation Failure) [PSYoungGen: 409366K->92480K(465920K)] 999113K->682621K(1561600K), 0.0185144 secs] [Times: user=0.04 sys=0.00, real=0.02 secs] 
94.551: [GC (Allocation Failure) [PSYoungGen: 325440K->38034K(465920K)] 915581K->628355K(1561600K), 0.0054387 secs] [Times: user=0.01 sys=0.00, real=0.00 secs] 
94.819: [GC (Allocation Failure) [PSYoungGen: 270994K->184687K(465920K)] 861315K->776261K(1561600K), 0.0206740 secs] [Times: user=0.03 sys=0.00, real=0.02 secs] 
95.111: [GC (Allocation Failure) [PSYoungGen: 417647K->184655K(465920K)] 1009221K->776502K(1561600K), 0.0203856 secs] [Times: user=0.03 sys=0.00, real=0.02 secs] 
95.821: [GC (Allocation Failure) [PSYoungGen: 407219K->91355K(465920K)] 999066K->683467K(1561600K), 0.0110427 secs] [Times: user=0.02 sys=0.00, real=0.01 secs] 
96.763: [GC (Allocation Failure) [PSYoungGen: 324315K->38002K(465920K)] 916427K->630428K(1561600K), 0.0062619 secs] [Times: user=0.01 sys=0.00, real=0.01 secs] 
97.040: [GC (Allocation Failure) [PSYoungGen: 270962K->183916K(465920K)] 863388K->777587K(1561600K), 0.0200591 secs] [Times: user=0.03 sys=0.00, real=0.02 secs] 
97.328: [GC (Allocation Failure) [PSYoungGen: 416876K->184430K(465920K)] 1010547K->778374K(1561600K), 0.0201169 secs] [Times: user=0.03 sys=0.00, real=0.02 secs] 
98.563: [GC (Allocation Failure) [PSYoungGen: 408146K->92367K(465920K)] 1002090K->686577K(1561600K), 0.0110649 secs] [Times: user=0.02 sys=0.00, real=0.01 secs] 
100.431: [GC (Allocation Failure) [PSYoungGen: 325327K->37202K(465920K)] 919537K->631737K(1561600K), 0.0061016 secs] [Times: user=0.02 sys=0.00, real=0.00 secs] 
100.714: [GC (Allocation Failure) [PSYoungGen: 270162K->184430K(465920K)] 864697K->780331K(1561600K), 0.0200939 secs] [Times: user=0.02 sys=0.00, real=0.02 secs] 
100.998: [GC (Allocation Failure) [PSYoungGen: 417390K->184526K(465920K)] 1013291K->780572K(1561600K), 0.0201167 secs] [Times: user=0.03 sys=0.00, real=0.02 secs] 
103.481: [GC (Allocation Failure) [PSYoungGen: 408088K->92464K(465920K)] 1004133K->688775K(1561600K), 0.0134042 secs] [Times: user=0.03 sys=0.00, real=0.01 secs] 
104.315: [GC (Allocation Failure) [PSYoungGen: 325424K->37973K(465920K)] 921735K->634600K(1561600K), 0.0054725 secs] [Times: user=0.01 sys=0.00, real=0.01 secs] 
104.586: [GC (Allocation Failure) [PSYoungGen: 270933K->184430K(465920K)] 867560K->782302K(1561600K), 0.0201805 secs] [Times: user=0.03 sys=0.00, real=0.02 secs] 
104.932: [GC (Allocation Failure) [PSYoungGen: 417390K->184558K(465920K)] 1015262K->782704K(1561600K), 0.0205785 secs] [Times: user=0.03 sys=0.00, real=0.02 secs] 
106.004: [GC (Allocation Failure) [PSYoungGen: 407102K->91725K(465920K)] 1005247K->690143K(1561600K), 0.0129854 secs] [Times: user=0.03 sys=0.00, real=0.01 secs] 
107.208: [GC (Allocation Failure) [PSYoungGen: 324685K->37973K(465920K)] 923103K->636692K(1561600K), 0.0071406 secs] [Times: user=0.02 sys=0.00, real=0.00 secs] 
107.515: [GC (Allocation Failure) [PSYoungGen: 270933K->184430K(465920K)] 869652K->784378K(1561600K), 0.0202545 secs] [Times: user=0.03 sys=0.00, real=0.02 secs] 
107.796: [GC (Allocation Failure) [PSYoungGen: 417390K->184301K(465920K)] 1017338K->784522K(1561600K), 0.0201501 secs] [Times: user=0.03 sys=0.00, real=0.02 secs] 
109.330: [GC (Allocation Failure) [PSYoungGen: 409336K->91998K(465920K)] 1009557K->692612K(1561600K), 0.0163096 secs] [Times: user=0.03 sys=0.00, real=0.01 secs] 
111.589: [GC (Allocation Failure) [PSYoungGen: 324958K->37716K(465920K)] 925572K->638508K(1561600K), 0.0074830 secs] [Times: user=0.02 sys=0.00, real=0.00 secs] 
111.970: [GC (Allocation Failure) [PSYoungGen: 270676K->184687K(465920K)] 871468K->786853K(1561600K), 0.0202355 secs] [Times: user=0.02 sys=0.00, real=0.02 secs] 
112.267: [GC (Allocation Failure) [PSYoungGen: 417647K->184687K(465920K)] 1019813K->786997K(1561600K), 0.0202134 secs] [Times: user=0.03 sys=0.00, real=0.02 secs] 
113.345: [GC (Allocation Failure) [PSYoungGen: 407231K->91612K(465920K)] 1009542K->694188K(1561600K), 0.0118527 secs] [Times: user=0.03 sys=0.00, real=0.01 secs] 
114.243: [GC (Allocation Failure) [PSYoungGen: 324572K->38005K(465920K)] 927148K->640885K(1561600K), 0.0054647 secs] [Times: user=0.01 sys=0.00, real=0.01 secs] 
114.510: [GC (Allocation Failure) [PSYoungGen: 270965K->183787K(465920K)] 873845K->787912K(1561600K), 0.0200979 secs] [Times: user=0.02 sys=0.00, real=0.02 secs] 
114.793: [GC (Allocation Failure) [PSYoungGen: 416747K->184430K(465920K)] 1020872K->788828K(1561600K), 0.0200804 secs] [Times: user=0.02 sys=0.00, real=0.02 secs] 
117.155: [GC (Allocation Failure) [PSYoungGen: 409787K->92464K(465920K)] 1014185K->697135K(1561600K), 0.0165352 secs] [Times: user=0.03 sys=0.00, real=0.02 secs] 
118.239: [GC (Allocation Failure) [PSYoungGen: 325424K->37941K(465920K)] 930095K->642921K(1561600K), 0.0064032 secs] [Times: user=0.02 sys=0.00, real=0.00 secs] 
118.525: [GC (Allocation Failure) [PSYoungGen: 270901K->184301K(465920K)] 875881K->790534K(1561600K), 0.0201239 secs] [Times: user=0.03 sys=0.00, real=0.02 secs] 
118.808: [GC (Allocation Failure) [PSYoungGen: 417261K->184783K(465920K)] 1023494K->791289K(1561600K), 0.0202334 secs] [Times: user=0.03 sys=0.00, real=0.02 secs] 
120.056: [GC (Allocation Failure) [PSYoungGen: 407924K->91596K(465920K)] 1014430K->698496K(1561600K), 0.0243629 secs] [Times: user=0.05 sys=0.00, real=0.03 secs] 
122.305: [GC (Allocation Failure) [PSYoungGen: 324556K->37877K(465920K)] 931456K->644979K(1561600K), 0.0077730 secs] [Times: user=0.02 sys=0.00, real=0.01 secs] 
122.701: [GC (Allocation Failure) [PSYoungGen: 270837K->184558K(465920K)] 877939K->793043K(1561600K), 0.0204244 secs] [Times: user=0.03 sys=0.00, real=0.02 secs] 
122.989: [GC (Allocation Failure) [PSYoungGen: 417518K->184687K(465920K)] 1026003K->793316K(1561600K), 0.0202516 secs] [Times: user=0.02 sys=0.00, real=0.02 secs] 
123.659: [GC (Allocation Failure) [PSYoungGen: 407400K->91532K(465920K)] 1016029K->700563K(1561600K), 0.0120822 secs] [Times: user=0.02 sys=0.00, real=0.01 secs] 
124.499: [GC (Allocation Failure) [PSYoungGen: 324492K->38034K(465920K)] 933523K->647261K(1561600K), 0.0056304 secs] [Times: user=0.01 sys=0.00, real=0.00 secs] 
124.769: [GC (Allocation Failure) [PSYoungGen: 270994K->184687K(465920K)] 880221K->795158K(1561600K), 0.0203453 secs] [Times: user=0.03 sys=0.00, real=0.02 secs] 
125.097: [GC (Allocation Failure) [PSYoungGen: 417647K->184719K(465920K)] 1028118K->795464K(1561600K), 0.0207104 secs] [Times: user=0.03 sys=0.00, real=0.02 secs] 
125.812: [GC (Allocation Failure) [PSYoungGen: 407275K->91355K(465920K)] 1018020K->702365K(1561600K), 0.0130278 secs] [Times: user=0.02 sys=0.00, real=0.01 secs] 
126.636: [GC (Allocation Failure) [PSYoungGen: 324315K->38002K(465920K)] 935325K->649312K(1561600K), 0.0054743 secs] [Times: user=0.01 sys=0.00, real=0.01 secs] 
126.903: [GC (Allocation Failure) [PSYoungGen: 270962K->183916K(465920K)] 882272K->796471K(1561600K), 0.0200432 secs] [Times: user=0.03 sys=0.00, real=0.02 secs] 
127.242: [GC (Allocation Failure) [PSYoungGen: 416876K->184430K(465920K)] 1029431K->797266K(1561600K), 0.0201053 secs] [Times: user=0.03 sys=0.00, real=0.02 secs] 
127.956: [GC (Allocation Failure) [PSYoungGen: 409114K->92367K(465920K)] 1021950K->705469K(1561600K), 0.0121055 secs] [Times: user=0.02 sys=0.00, real=0.01 secs] 
128.912: [GC (Allocation Failure) [PSYoungGen: 325327K->37973K(465920K)] 938429K->651389K(1561600K), 0.0063833 secs] [Times: user=0.01 sys=0.00, real=0.01 secs] 
129.263: [GC (Allocation Failure) [PSYoungGen: 270933K->183787K(465920K)] 884349K->798448K(1561600K), 0.0201844 secs] [Times: user=0.03 sys=0.00, real=0.02 secs] 
129.547: [GC (Allocation Failure) [PSYoungGen: 416747K->184366K(465920K)] 1031408K->799436K(1561600K), 0.0202944 secs] [Times: user=0.03 sys=0.00, real=0.02 secs] 
130.883: [GC (Allocation Failure) [PSYoungGen: 409708K->92464K(465920K)] 1024779K->707679K(1561600K), 0.0194626 secs] [Times: user=0.04 sys=0.00, real=0.02 secs] 
131.736: [GC (Allocation Failure) [PSYoungGen: 325424K->38131K(465920K)] 940639K->653662K(1561600K), 0.0054971 secs] [Times: user=0.02 sys=0.00, real=0.01 secs] 
132.005: [GC (Allocation Failure) [PSYoungGen: 271091K->184687K(465920K)] 886622K->801455K(1561600K), 0.0200854 secs] [Times: user=0.02 sys=0.00, real=0.02 secs] 
132.290: [GC (Allocation Failure) [PSYoungGen: 417647K->184719K(465920K)] 1034415K->801881K(1561600K), 0.0202620 secs] [Times: user=0.03 sys=0.00, real=0.02 secs] 
133.493: [GC (Allocation Failure) [PSYoungGen: 407148K->91178K(465920K)] 1024310K->708614K(1561600K), 0.0120599 secs] [Times: user=0.02 sys=0.00, real=0.01 secs] 
134.804: [GC (Allocation Failure) [PSYoungGen: 324138K->37906K(465920K)] 941574K->655538K(1561600K), 0.0054527 secs] [Times: user=0.01 sys=0.00, real=0.01 secs] 
135.074: [GC (Allocation Failure) [PSYoungGen: 270866K->183787K(465920K)] 888498K->802665K(1561600K), 0.0200914 secs] [Times: user=0.02 sys=0.00, real=0.02 secs] 
135.359: [GC (Allocation Failure) [PSYoungGen: 416747K->184430K(465920K)] 1035625K->803581K(1561600K), 0.0201743 secs] [Times: user=0.03 sys=0.00, real=0.02 secs] 
136.587: [GC (Allocation Failure) [PSYoungGen: 408248K->92640K(465920K)] 1027400K->712057K(1561600K), 0.0126567 secs] [Times: user=0.02 sys=0.00, real=0.02 secs] 
137.660: [GC (Allocation Failure) [PSYoungGen: 325600K->37845K(465920K)] 945017K->657575K(1561600K), 0.0054652 secs] [Times: user=0.01 sys=0.00, real=0.00 secs] 
137.928: [GC (Allocation Failure) [PSYoungGen: 270805K->184430K(465920K)] 890535K->805518K(1561600K), 0.0202232 secs] [Times: user=0.02 sys=0.00, real=0.03 secs] 
138.266: [GC (Allocation Failure) [PSYoungGen: 417390K->184590K(465920K)] 1038478K->805815K(1561600K), 0.0200197 secs] [Times: user=0.03 sys=0.00, real=0.02 secs] 
138.891: [GC (Allocation Failure) [PSYoungGen: 407637K->91901K(465920K)] 1028861K->713391K(1561600K), 0.0116792 secs] [Times: user=0.02 sys=0.00, real=0.01 secs] 
139.689: [GC (Allocation Failure) [PSYoungGen: 324861K->38002K(465920K)] 946351K->659800K(1561600K), 0.0054977 secs] [Times: user=0.02 sys=0.00, real=0.00 secs] 
140.017: [GC (Allocation Failure) [PSYoungGen: 270962K->184430K(465920K)] 892760K->807473K(1561600K), 0.0203642 secs] [Times: user=0.03 sys=0.00, real=0.02 secs] 
140.300: [GC (Allocation Failure) [PSYoungGen: 417390K->184558K(465920K)] 1040433K->807875K(1561600K), 0.0201284 secs] [Times: user=0.03 sys=0.00, real=0.02 secs] 
140.946: [GC (Allocation Failure) [PSYoungGen: 407097K->91725K(465920K)] 1030414K->715306K(1561600K), 0.0119859 secs] [Times: user=0.02 sys=0.00, real=0.02 secs] 
141.965: [GC (Allocation Failure) [PSYoungGen: 324685K->37845K(465920K)] 948266K->661734K(1561600K), 0.0054929 secs] [Times: user=0.01 sys=0.00, real=0.01 secs] 
142.233: [GC (Allocation Failure) [PSYoungGen: 270805K->184430K(465920K)] 894694K->809565K(1561600K), 0.0202359 secs] [Times: user=0.02 sys=0.00, real=0.02 secs] 
142.515: [GC (Allocation Failure) [PSYoungGen: 417390K->184301K(465920K)] 1042525K->809709K(1561600K), 0.0200840 secs] [Times: user=0.03 sys=0.00, real=0.02 secs] 
143.569: [GC (Allocation Failure) [PSYoungGen: 409345K->92126K(465920K)] 1034753K->717928K(1561600K), 0.0117090 secs] [Times: user=0.02 sys=0.00, real=0.01 secs] 
145.154: [GC (Allocation Failure) [PSYoungGen: 325086K->38037K(465920K)] 950888K->664026K(1561600K), 0.0071264 secs] [Times: user=0.01 sys=0.00, real=0.01 secs] 
145.451: [GC (Allocation Failure) [PSYoungGen: 270997K->184815K(465920K)] 896986K->812050K(1561600K), 0.0202443 secs] [Times: user=0.02 sys=0.00, real=0.02 secs] 
145.790: [GC (Allocation Failure) [PSYoungGen: 417775K->184687K(465920K)] 1045010K->812323K(1561600K), 0.0203332 secs] [Times: user=0.03 sys=0.00, real=0.02 secs] 
146.408: [GC (Allocation Failure) [PSYoungGen: 407112K->91226K(465920K)] 1034748K->718999K(1561600K), 0.0114177 secs] [Times: user=0.03 sys=0.00, real=0.02 secs] 
147.228: [GC (Allocation Failure) [PSYoungGen: 324186K->38002K(465920K)] 951959K->666067K(1561600K), 0.0055120 secs] [Times: user=0.01 sys=0.00, real=0.01 secs] 
147.495: [GC (Allocation Failure) [PSYoungGen: 270962K->183916K(465920K)] 899027K->813226K(1561600K), 0.0201302 secs] [Times: user=0.03 sys=0.00, real=0.02 secs] 
147.778: [GC (Allocation Failure) [PSYoungGen: 416876K->184847K(465920K)] 1046186K->814431K(1561600K), 0.0202141 secs] [Times: user=0.03 sys=0.00, real=0.02 secs] 
149.597: [GC (Allocation Failure) [PSYoungGen: 410160K->91966K(465920K)] 1039743K->721943K(1561600K), 0.0163882 secs] [Times: user=0.03 sys=0.00, real=0.02 secs] 
151.279: [GC (Allocation Failure) [PSYoungGen: 324926K->37973K(465920K)] 954903K->668137K(1561600K), 0.0065121 secs] [Times: user=0.02 sys=0.00, real=0.00 secs] 
151.566: [GC (Allocation Failure) [PSYoungGen: 270933K->184430K(465920K)] 901097K->815839K(1561600K), 0.0203290 secs] [Times: user=0.03 sys=0.00, real=0.02 secs] 
151.857: [GC (Allocation Failure) [PSYoungGen: 417390K->184751K(465920K)] 1048799K->816434K(1561600K), 0.0200568 secs] [Times: user=0.03 sys=0.00, real=0.02 secs] 
153.151: [GC (Allocation Failure) [PSYoungGen: 407149K->91484K(465920K)] 1038832K->723560K(1561600K), 0.0126305 secs] [Times: user=0.02 sys=0.00, real=0.01 secs] 
156.010: [GC (Allocation Failure) [PSYoungGen: 324444K->36977K(465920K)] 956520K->669233K(1561600K), 0.0074568 secs] [Times: user=0.02 sys=0.00, real=0.00 secs] 
156.315: [GC (Allocation Failure) [PSYoungGen: 269937K->184044K(465920K)] 902193K->817538K(1561600K), 0.0202975 secs] [Times: user=0.02 sys=0.00, real=0.02 secs] 
156.658: [GC (Allocation Failure) [PSYoungGen: 417004K->184462K(465920K)] 1050498K->818357K(1561600K), 0.0204187 secs] [Times: user=0.03 sys=0.00, real=0.03 secs] 
157.682: [GC (Allocation Failure) [PSYoungGen: 410750K->93203K(465920K)] 1044646K->727243K(1561600K), 0.0135758 secs] [Times: user=0.02 sys=0.00, real=0.01 secs] 
159.609: [GC (Allocation Failure) [PSYoungGen: 326163K->37716K(465920K)] 960203K->672062K(1561600K), 0.0075738 secs] [Times: user=0.02 sys=0.00, real=0.00 secs] 
159.916: [GC (Allocation Failure) [PSYoungGen: 270676K->184430K(465920K)] 905022K->820157K(1561600K), 0.0202141 secs] [Times: user=0.03 sys=0.00, real=0.02 secs] 
160.253: [GC (Allocation Failure) [PSYoungGen: 417390K->184558K(465920K)] 1053117K->820430K(1561600K), 0.0204767 secs] [Times: user=0.02 sys=0.00, real=0.02 secs] 
161.455: [GC (Allocation Failure) [PSYoungGen: 407613K->91998K(465920K)] 1043485K->728135K(1561600K), 0.0131729 secs] [Times: user=0.03 sys=0.00, real=0.01 secs] 
163.423: [GC (Allocation Failure) [PSYoungGen: 324958K->38002K(465920K)] 961095K->674453K(1561600K), 0.0063151 secs] [Times: user=0.01 sys=0.00, real=0.01 secs] 
163.700: [GC (Allocation Failure) [PSYoungGen: 270962K->183787K(465920K)] 907413K->821475K(1561600K), 0.0201512 secs] [Times: user=0.02 sys=0.00, real=0.02 secs] 
163.988: [GC (Allocation Failure) [PSYoungGen: 416747K->184365K(465920K)] 1054435K->822327K(1561600K), 0.0201901 secs] [Times: user=0.03 sys=0.00, real=0.02 secs] 
164.653: [GC (Allocation Failure) [PSYoungGen: 409609K->92640K(465920K)] 1047570K->730891K(1561600K), 0.0108027 secs] [Times: user=0.02 sys=0.00, real=0.01 secs] 
166.326: [GC (Allocation Failure) [PSYoungGen: 325600K->37459K(465920K)] 963851K->676026K(1561600K), 0.0055481 secs] [Times: user=0.02 sys=0.00, real=0.01 secs] 
166.595: [GC (Allocation Failure) [PSYoungGen: 270419K->184687K(465920K)] 908986K->824507K(1561600K), 0.0203512 secs] [Times: user=0.02 sys=0.00, real=0.02 secs] 
166.877: [GC (Allocation Failure) [PSYoungGen: 417647K->184687K(465920K)] 1057467K->824909K(1561600K), 0.0201594 secs] [Times: user=0.03 sys=0.00, real=0.02 secs] 
169.190: [GC (Allocation Failure) [PSYoungGen: 409686K->91869K(465920K)] 1049907K->732356K(1561600K), 0.0145906 secs] [Times: user=0.02 sys=0.00, real=0.01 secs] 
171.491: [GC (Allocation Failure) [PSYoungGen: 324829K->37973K(465920K)] 965316K->678640K(1561600K), 0.0075734 secs] [Times: user=0.01 sys=0.00, real=0.01 secs] 
171.870: [GC (Allocation Failure) [PSYoungGen: 270933K->184815K(465920K)] 911600K->826848K(1561600K), 0.0202523 secs] [Times: user=0.03 sys=0.00, real=0.02 secs] 
172.152: [GC (Allocation Failure) [PSYoungGen: 417775K->184655K(465920K)] 1059808K->826832K(1561600K), 0.0202413 secs] [Times: user=0.03 sys=0.00, real=0.02 secs] 
172.802: [GC (Allocation Failure) [PSYoungGen: 406595K->91226K(465920K)] 1048772K->733669K(1561600K), 0.0116832 secs] [Times: user=0.03 sys=0.00, real=0.01 secs] 
173.604: [GC (Allocation Failure) [PSYoungGen: 324186K->38002K(465920K)] 966629K->680753K(1561600K), 0.0054423 secs] [Times: user=0.01 sys=0.00, real=0.01 secs] 
173.874: [GC (Allocation Failure) [PSYoungGen: 270962K->184462K(465920K)] 913713K->828449K(1561600K), 0.0202143 secs] [Times: user=0.02 sys=0.00, real=0.02 secs] 
174.157: [GC (Allocation Failure) [PSYoungGen: 417422K->184526K(465920K)] 1061409K->828787K(1561600K), 0.0201498 secs] [Times: user=0.03 sys=0.00, real=0.02 secs] 
176.287: [GC (Allocation Failure) [PSYoungGen: 407065K->91693K(465920K)] 1051326K->736227K(1561600K), 0.0158876 secs] [Times: user=0.03 sys=0.00, real=0.02 secs] 
178.773: [GC (Allocation Failure) [PSYoungGen: 324653K->38102K(465920K)] 969187K->682928K(1561600K), 0.0071845 secs] [Times: user=0.02 sys=0.00, real=0.01 secs] 
179.146: [GC (Allocation Failure) [PSYoungGen: 271062K->184430K(465920K)] 915888K->830501K(1561600K), 0.0201738 secs] [Times: user=0.02 sys=0.00, real=0.02 secs] 
179.488: [GC (Allocation Failure) [PSYoungGen: 417390K->184301K(465920K)] 1063461K->830638K(1561600K), 0.0201621 secs] [Times: user=0.02 sys=0.00, real=0.02 secs] 
181.795: [GC (Allocation Failure) [PSYoungGen: 404722K->91869K(465920K)] 1051059K->738599K(1561600K), 0.0121169 secs] [Times: user=0.03 sys=0.00, real=0.01 secs] 
183.659: [GC (Allocation Failure) [PSYoungGen: 324829K->37973K(465920K)] 971559K->684889K(1561600K), 0.0068453 secs] [Times: user=0.02 sys=0.00, real=0.00 secs] 
183.953: [GC (Allocation Failure) [PSYoungGen: 270933K->184719K(465920K)] 917849K->833000K(1561600K), 0.0202421 secs] [Times: user=0.03 sys=0.00, real=0.02 secs] 
184.237: [GC (Allocation Failure) [PSYoungGen: 417679K->184623K(465920K)] 1065960K->833193K(1561600K), 0.0201311 secs] [Times: user=0.02 sys=0.00, real=0.02 secs] 
185.133: [GC (Allocation Failure) [PSYoungGen: 407190K->91355K(465920K)] 1055760K->740062K(1561600K), 0.0122421 secs] [Times: user=0.02 sys=0.00, real=0.01 secs] 
187.033: [GC (Allocation Failure) [PSYoungGen: 324315K->37459K(465920K)] 973022K->686482K(1561600K), 0.0087657 secs] [Times: user=0.02 sys=0.00, real=0.01 secs] 
187.378: [GC (Allocation Failure) [PSYoungGen: 270419K->184687K(465920K)] 919442K->834947K(1561600K), 0.0202108 secs] [Times: user=0.03 sys=0.00, real=0.03 secs] 
187.724: [GC (Allocation Failure) [PSYoungGen: 417647K->184655K(465920K)] 1067907K->835180K(1561600K), 0.0201737 secs] [Times: user=0.03 sys=0.00, real=0.02 secs] 
188.486: [GC (Allocation Failure) [PSYoungGen: 405160K->91837K(465920K)] 1055686K->742628K(1561600K), 0.0120313 secs] [Times: user=0.03 sys=0.00, real=0.01 secs] 
189.637: [GC (Allocation Failure) [PSYoungGen: 324797K->37716K(465920K)] 975588K->688809K(1561600K), 0.0055208 secs] [Times: user=0.02 sys=0.00, real=0.01 secs] 
189.963: [GC (Allocation Failure) [PSYoungGen: 270676K->184687K(465920K)] 921769K->837025K(1561600K), 0.0201301 secs] [Times: user=0.03 sys=0.00, real=0.02 secs] 
190.306: [GC (Allocation Failure) [PSYoungGen: 417647K->184076K(465920K)] 1069985K->836687K(1561600K), 0.0205683 secs] [Times: user=0.03 sys=0.00, real=0.02 secs] 
190.918: [GC (Allocation Failure) [PSYoungGen: 408043K->92255K(465920K)] 1060654K->745131K(1561600K), 0.0118481 secs] [Times: user=0.03 sys=0.00, real=0.01 secs] 
191.719: [GC (Allocation Failure) [PSYoungGen: 325215K->37973K(465920K)] 978091K->691155K(1561600K), 0.0055672 secs] [Times: user=0.01 sys=0.00, real=0.00 secs] 
191.987: [GC (Allocation Failure) [PSYoungGen: 270933K->184430K(465920K)] 924115K->838849K(1561600K), 0.0203993 secs] [Times: user=0.03 sys=0.00, real=0.02 secs] 
192.271: [GC (Allocation Failure) [PSYoungGen: 417390K->184590K(465920K)] 1071809K->839283K(1561600K), 0.0201271 secs] [Times: user=0.03 sys=0.00, real=0.02 secs] 
194.937: [GC (Allocation Failure) [PSYoungGen: 407161K->91693K(465920K)] 1061854K->746658K(1561600K), 0.0193416 secs] [Times: user=0.03 sys=0.00, real=0.02 secs] 
197.302: [GC (Allocation Failure) [PSYoungGen: 324653K->37813K(465920K)] 979618K->693100K(1561600K), 0.0070588 secs] [Times: user=0.02 sys=0.00, real=0.01 secs] 
197.602: [GC (Allocation Failure) [PSYoungGen: 270773K->184430K(465920K)] 926060K->840963K(1561600K), 0.0202837 secs] [Times: user=0.03 sys=0.00, real=0.02 secs] 
197.947: [GC (Allocation Failure) [PSYoungGen: 417390K->184333K(465920K)] 1073923K->841139K(1561600K), 0.0202303 secs] [Times: user=0.03 sys=0.00, real=0.02 secs] 
199.192: [GC (Allocation Failure) [PSYoungGen: 409374K->92158K(465920K)] 1066180K->749358K(1561600K), 0.0131891 secs] [Times: user=0.03 sys=0.00, real=0.01 secs] 
200.854: [GC (Allocation Failure) [PSYoungGen: 325118K->37745K(465920K)] 982318K->695108K(1561600K), 0.0065414 secs] [Times: user=0.02 sys=0.00, real=0.01 secs] 
201.136: [GC (Allocation Failure) [PSYoungGen: 270705K->184687K(465920K)] 928068K->843432K(1561600K), 0.0202122 secs] [Times: user=0.03 sys=0.00, real=0.02 secs] 
201.420: [GC (Allocation Failure) [PSYoungGen: 417647K->184719K(465920K)] 1076392K->843737K(1561600K), 0.0202299 secs] [Times: user=0.03 sys=0.00, real=0.02 secs] 
202.771: [GC (Allocation Failure) [PSYoungGen: 407409K->91644K(465920K)] 1066427K->750927K(1561600K), 0.0236734 secs] [Times: user=0.05 sys=0.00, real=0.02 secs] 
204.951: [GC (Allocation Failure) [PSYoungGen: 324604K->37877K(465920K)] 983887K->697335K(1561600K), 0.0081144 secs] [Times: user=0.02 sys=0.00, real=0.01 secs] 
205.349: [GC (Allocation Failure) [PSYoungGen: 270837K->183787K(465920K)] 930295K->844499K(1561600K), 0.0209179 secs] [Times: user=0.03 sys=0.00, real=0.02 secs] 
205.693: [GC (Allocation Failure) [PSYoungGen: 416747K->184398K(465920K)] 1077459K->845383K(1561600K), 0.0200590 secs] [Times: user=0.03 sys=0.00, real=0.02 secs] 
206.934: [GC (Allocation Failure) [PSYoungGen: 409623K->92576K(465920K)] 1070608K->753835K(1561600K), 0.0130463 secs] [Times: user=0.03 sys=0.00, real=0.01 secs] 
208.888: [GC (Allocation Failure) [PSYoungGen: 325536K->37845K(465920K)] 986795K->699411K(1561600K), 0.0066503 secs] [Times: user=0.02 sys=0.00, real=0.00 secs] 
209.171: [GC (Allocation Failure) [PSYoungGen: 270805K->184173K(465920K)] 932371K->846977K(1561600K), 0.0201722 secs] [Times: user=0.03 sys=0.00, real=0.02 secs] 
209.454: [GC (Allocation Failure) [PSYoungGen: 417133K->184526K(465920K)] 1079937K->847724K(1561600K), 0.0201225 secs] [Times: user=0.02 sys=0.00, real=0.02 secs] 
210.783: [GC (Allocation Failure) [PSYoungGen: 409676K->92126K(465920K)] 1072873K->755460K(1561600K), 0.0252370 secs] [Times: user=0.05 sys=0.00, real=0.02 secs] 
211.876: [GC (Allocation Failure) [PSYoungGen: 325086K->38002K(465920K)] 988420K->701634K(1561600K), 0.0055020 secs] [Times: user=0.02 sys=0.00, real=0.01 secs] 
212.144: [GC (Allocation Failure) [PSYoungGen: 270962K->184173K(465920K)] 934594K->849042K(1561600K), 0.0201342 secs] [Times: user=0.03 sys=0.00, real=0.02 secs] 
212.428: [GC (Allocation Failure) [PSYoungGen: 417133K->184912K(465920K)] 1082002K->850054K(1561600K), 0.0201837 secs] [Times: user=0.03 sys=0.00, real=0.02 secs] 
213.398: [GC (Allocation Failure) [PSYoungGen: 407821K->91580K(465920K)] 1072964K->756988K(1561600K), 0.0112048 secs] [Times: user=0.03 sys=0.00, real=0.01 secs] 
214.386: [GC (Allocation Failure) [PSYoungGen: 324540K->38005K(465920K)] 989948K->703723K(1561600K), 0.0064928 secs] [Times: user=0.02 sys=0.00, real=0.01 secs] 
214.726: [GC (Allocation Failure) [PSYoungGen: 270965K->183916K(465920K)] 936683K->850895K(1561600K), 0.0202611 secs] [Times: user=0.03 sys=0.00, real=0.02 secs] 
215.009: [GC (Allocation Failure) [PSYoungGen: 416876K->184558K(465920K)] 1083855K->851810K(1561600K), 0.0201275 secs] [Times: user=0.03 sys=0.00, real=0.02 secs] 
216.441: [GC (Allocation Failure) [PSYoungGen: 405455K->92239K(465920K)] 1072707K->759756K(1561600K), 0.0174617 secs] [Times: user=0.03 sys=0.00, real=0.02 secs] 
218.402: [GC (Allocation Failure) [PSYoungGen: 325199K->38259K(465920K)] 992716K->706085K(1561600K), 0.0056373 secs] [Times: user=0.01 sys=0.00, real=0.00 secs] 
218.671: [GC (Allocation Failure) [PSYoungGen: 271219K->184558K(465920K)] 939045K->853758K(1561600K), 0.0204114 secs] [Times: user=0.03 sys=0.00, real=0.02 secs] 
219.017: [GC (Allocation Failure) [PSYoungGen: 417518K->184655K(465920K)] 1086718K->853999K(1561600K), 0.0203106 secs] [Times: user=0.02 sys=0.00, real=0.02 secs] 
219.667: [GC (Allocation Failure) [PSYoungGen: 407115K->91210K(465920K)] 1076459K->760828K(1561600K), 0.0119501 secs] [Times: user=0.02 sys=0.00, real=0.02 secs] 
220.627: [GC (Allocation Failure) [PSYoungGen: 324170K->38002K(465920K)] 993788K->707928K(1561600K), 0.0055977 secs] [Times: user=0.01 sys=0.00, real=0.01 secs] 
220.897: [GC (Allocation Failure) [PSYoungGen: 270962K->183916K(465920K)] 940888K->855086K(1561600K), 0.0203136 secs] [Times: user=0.03 sys=0.00, real=0.02 secs] 
221.186: [GC (Allocation Failure) [PSYoungGen: 416876K->184751K(465920K)] 1088046K->856195K(1561600K), 0.0202539 secs] [Times: user=0.02 sys=0.00, real=0.02 secs] 
223.930: [GC (Allocation Failure) [PSYoungGen: 410101K->91998K(465920K)] 1081545K->763835K(1561600K), 0.0187429 secs] [Times: user=0.03 sys=0.00, real=0.02 secs] 
226.231: [GC (Allocation Failure) [PSYoungGen: 324958K->38070K(465920K)] 996795K->710095K(1561600K), 0.0069866 secs] [Times: user=0.02 sys=0.00, real=0.00 secs] 
226.528: [GC (Allocation Failure) [PSYoungGen: 271030K->184687K(465920K)] 943055K->858094K(1561600K), 0.0202569 secs] [Times: user=0.03 sys=0.00, real=0.02 secs] 
226.811: [GC (Allocation Failure) [PSYoungGen: 417647K->184366K(465920K)] 1091054K->857917K(1561600K), 0.0201849 secs] [Times: user=0.03 sys=0.00, real=0.02 secs] 
227.605: [GC (Allocation Failure) [PSYoungGen: 406683K->91452K(465920K)] 1080235K->765268K(1561600K), 0.0114958 secs] [Times: user=0.02 sys=0.00, real=0.01 secs] 
228.677: [GC (Allocation Failure) [PSYoungGen: 324412K->37874K(465920K)] 998228K->712007K(1561600K), 0.0054665 secs] [Times: user=0.02 sys=0.00, real=0.01 secs] 
228.946: [GC (Allocation Failure) [PSYoungGen: 270834K->184430K(465920K)] 944967K->859800K(1561600K), 0.0201621 secs] [Times: user=0.02 sys=0.00, real=0.02 secs] 
229.229: [GC (Allocation Failure) [PSYoungGen: 417390K->184590K(465920K)] 1092760K->860234K(1561600K), 0.0203518 secs] [Times: user=0.03 sys=0.00, real=0.02 secs] 
230.475: [GC (Allocation Failure) [PSYoungGen: 407135K->91853K(465920K)] 1082778K->767762K(1561600K), 0.0236682 secs] [Times: user=0.04 sys=0.00, real=0.03 secs] 
232.474: [GC (Allocation Failure) [PSYoungGen: 324813K->37716K(465920K)] 1000722K->713917K(1561600K), 0.0068911 secs] [Times: user=0.01 sys=0.00, real=0.01 secs] 
232.762: [GC (Allocation Failure) [PSYoungGen: 270676K->184430K(465920K)] 946877K->861876K(1561600K), 0.0203905 secs] [Times: user=0.03 sys=0.00, real=0.02 secs] 
233.046: [GC (Allocation Failure) [PSYoungGen: 417390K->184590K(465920K)] 1094836K->862309K(1561600K), 0.0203456 secs] [Times: user=0.03 sys=0.00, real=0.02 secs] 
233.722: [GC (Allocation Failure) [PSYoungGen: 407649K->91934K(465920K)] 1085369K->769926K(1561600K), 0.0129343 secs] [Times: user=0.02 sys=0.00, real=0.01 secs] 
234.563: [GC (Allocation Failure) [PSYoungGen: 324894K->38005K(465920K)] 1002886K->716298K(1561600K), 0.0056588 secs] [Times: user=0.01 sys=0.00, real=0.01 secs] 
234.895: [GC (Allocation Failure) [PSYoungGen: 270965K->184430K(465920K)] 949258K->864104K(1561600K), 0.0205549 secs] [Times: user=0.03 sys=0.00, real=0.02 secs] 
235.178: [GC (Allocation Failure) [PSYoungGen: 417390K->184526K(465920K)] 1097064K->864345K(1561600K), 0.0203629 secs] [Times: user=0.02 sys=0.00, real=0.02 secs] 
236.606: [GC (Allocation Failure) [PSYoungGen: 407071K->91725K(465920K)] 1086890K->771809K(1561600K), 0.0163928 secs] [Times: user=0.04 sys=0.00, real=0.02 secs] 
239.322: [GC (Allocation Failure) [PSYoungGen: 324685K->37363K(465920K)] 1004769K->717763K(1561600K), 0.0073792 secs] [Times: user=0.02 sys=0.00, real=0.01 secs] 
239.634: [GC (Allocation Failure) [PSYoungGen: 270323K->184430K(465920K)] 950723K->866196K(1561600K), 0.0203598 secs] [Times: user=0.02 sys=0.00, real=0.02 secs] 
239.917: [GC (Allocation Failure) [PSYoungGen: 417390K->184558K(465920K)] 1099156K->866469K(1561600K), 0.0202940 secs] [Times: user=0.02 sys=0.00, real=0.02 secs] 
240.757: [GC (Allocation Failure) [PSYoungGen: 408163K->92383K(465920K)] 1090074K->774559K(1561600K), 0.0118837 secs] [Times: user=0.02 sys=0.00, real=0.02 secs] 
242.161: [GC (Allocation Failure) [PSYoungGen: 325343K->37845K(465920K)] 1007519K->720321K(1561600K), 0.0089267 secs] [Times: user=0.02 sys=0.00, real=0.01 secs] 
242.502: [GC (Allocation Failure) [PSYoungGen: 270805K->184430K(465920K)] 953281K->868143K(1561600K), 0.0204127 secs] [Times: user=0.03 sys=0.00, real=0.02 secs] 
242.841: [GC (Allocation Failure) [PSYoungGen: 417390K->184301K(465920K)] 1101103K->868280K(1561600K), 0.0201472 secs] [Times: user=0.03 sys=0.00, real=0.02 secs] 
244.059: [GC (Allocation Failure) [PSYoungGen: 409376K->92158K(465920K)] 1093355K->776530K(1561600K), 0.0143913 secs] [Times: user=0.03 sys=0.00, real=0.01 secs] 
245.483: [GC (Allocation Failure) [PSYoungGen: 325118K->37877K(465920K)] 1009490K->722445K(1561600K), 0.0071147 secs] [Times: user=0.01 sys=0.00, real=0.01 secs] 
245.786: [GC (Allocation Failure) [PSYoungGen: 270837K->184655K(465920K)] 955405K->870468K(1561600K), 0.0203023 secs] [Times: user=0.03 sys=0.00, real=0.02 secs] 
246.070: [GC (Allocation Failure) [PSYoungGen: 417615K->184366K(465920K)] 1103428K->870452K(1561600K), 0.0203185 secs] [Times: user=0.02 sys=0.00, real=0.02 secs] 
248.767: [GC (Allocation Failure) [PSYoungGen: 407090K->91725K(465920K)] 1093177K->778076K(1561600K), 0.0188279 secs] [Times: user=0.04 sys=0.00, real=0.02 secs] 
249.755: [GC (Allocation Failure) [PSYoungGen: 324685K->38102K(465920K)] 1011036K->724771K(1561600K), 0.0056750 secs] [Times: user=0.01 sys=0.00, real=0.01 secs] 
250.024: [GC (Allocation Failure) [PSYoungGen: 271062K->184687K(465920K)] 957731K->872602K(1561600K), 0.0202758 secs] [Times: user=0.03 sys=0.00, real=0.02 secs] 
250.307: [GC (Allocation Failure) [PSYoungGen: 417647K->184430K(465920K)] 1105562K->872610K(1561600K), 0.0200829 secs] [Times: user=0.03 sys=0.00, real=0.02 secs] 
251.466: [GC (Allocation Failure) [PSYoungGen: 406907K->91484K(465920K)] 1095087K->779929K(1561600K), 0.0120670 secs] [Times: user=0.03 sys=0.00, real=0.01 secs] 
252.700: [GC (Allocation Failure) [PSYoungGen: 324444K->37845K(465920K)] 1012889K->726606K(1561600K), 0.0064305 secs] [Times: user=0.02 sys=0.00, real=0.00 secs] 
252.979: [GC (Allocation Failure) [PSYoungGen: 270805K->184687K(465920K)] 959566K->874694K(1561600K), 0.0203026 secs] [Times: user=0.02 sys=0.00, real=0.02 secs] 
253.267: [GC (Allocation Failure) [PSYoungGen: 417647K->184398K(465920K)] 1107654K->874678K(1561600K), 0.0202694 secs] [Times: user=0.03 sys=0.00, real=0.02 secs] 
255.443: [GC (Allocation Failure) [PSYoungGen: 407163K->91725K(465920K)] 1097443K->782270K(1561600K), 0.0161451 secs] [Times: user=0.04 sys=0.00, real=0.02 secs] 
256.913: [GC (Allocation Failure) [PSYoungGen: 324685K->37845K(465920K)] 1015230K->728698K(1561600K), 0.0073698 secs] [Times: user=0.02 sys=0.00, real=0.01 secs] 
257.218: [GC (Allocation Failure) [PSYoungGen: 270805K->184687K(465920K)] 961658K->876786K(1561600K), 0.0204187 secs] [Times: user=0.03 sys=0.00, real=0.02 secs] 
257.506: [GC (Allocation Failure) [PSYoungGen: 417647K->184398K(465920K)] 1109746K->876770K(1561600K), 0.0202298 secs] [Times: user=0.02 sys=0.00, real=0.02 secs] 
259.124: [GC (Allocation Failure) [PSYoungGen: 407135K->91725K(465920K)] 1099507K->784369K(1561600K), 0.0203939 secs] [Times: user=0.04 sys=0.00, real=0.02 secs] 
260.644: [GC (Allocation Failure) [PSYoungGen: 324685K->37845K(465920K)] 1017329K->730790K(1561600K), 0.0084642 secs] [Times: user=0.02 sys=0.00, real=0.01 secs] 
260.971: [GC (Allocation Failure) [PSYoungGen: 270805K->183787K(465920K)] 963750K->877962K(1561600K), 0.0201464 secs] [Times: user=0.03 sys=0.00, real=0.02 secs] 
261.309: [GC (Allocation Failure) [PSYoungGen: 416747K->184719K(465920K)] 1110922K->879166K(1561600K), 0.0201974 secs] [Times: user=0.03 sys=0.00, real=0.02 secs] 
262.788: [GC (Allocation Failure) [PSYoungGen: 410132K->92383K(465920K)] 1104580K->787096K(1561600K), 0.0136745 secs] [Times: user=0.03 sys=0.00, real=0.02 secs] 
264.871: [GC (Allocation Failure) [PSYoungGen: 325343K->36623K(465920K)] 1020056K->731644K(1561600K), 0.0069741 secs] [Times: user=0.01 sys=0.00, real=0.01 secs] 
265.244: [GC (Allocation Failure) [PSYoungGen: 269583K->184173K(465920K)] 964604K->880439K(1561600K), 0.0204442 secs] [Times: user=0.03 sys=0.00, real=0.02 secs] 
265.528: [GC (Allocation Failure) [PSYoungGen: 417133K->184558K(465920K)] 1113399K->881089K(1561600K), 0.0203766 secs] [Times: user=0.03 sys=0.00, real=0.02 secs] 
266.382: [GC (Allocation Failure) [PSYoungGen: 409906K->93395K(465920K)] 1106438K->790320K(1561600K), 0.0126051 secs] [Times: user=0.03 sys=0.00, real=0.01 secs] 
268.186: [GC (Allocation Failure) [PSYoungGen: 326355K->37299K(465920K)] 1023280K->734408K(1561600K), 0.0073301 secs] [Times: user=0.02 sys=0.00, real=0.01 secs] 
268.577: [GC (Allocation Failure) [PSYoungGen: 270259K->184815K(465920K)] 967368K->883171K(1561600K), 0.0203181 secs] [Times: user=0.03 sys=0.00, real=0.02 secs] 
268.917: [GC (Allocation Failure) [PSYoungGen: 417775K->184655K(465920K)] 1116131K->883283K(1561600K), 0.0203499 secs] [Times: user=0.02 sys=0.00, real=0.02 secs] 
269.647: [GC (Allocation Failure) [PSYoungGen: 407324K->91885K(465920K)] 1105952K->790787K(1561600K), 0.0123007 secs] [Times: user=0.02 sys=0.00, real=0.02 secs] 
270.498: [GC (Allocation Failure) [PSYoungGen: 324845K->37845K(465920K)] 1023747K->737054K(1561600K), 0.0076204 secs] [Times: user=0.02 sys=0.00, real=0.01 secs] 
270.860: [GC (Allocation Failure) [PSYoungGen: 270805K->184430K(465920K)] 970014K->884877K(1561600K), 0.0203854 secs] [Times: user=0.03 sys=0.00, real=0.02 secs] 
271.204: [GC (Allocation Failure) [PSYoungGen: 417390K->184205K(465920K)] 1117837K->884925K(1561600K), 0.0202198 secs] [Times: user=0.03 sys=0.00, real=0.02 secs] 
272.160: [GC (Allocation Failure) [PSYoungGen: 409148K->92255K(465920K)] 1109868K->793240K(1561600K), 0.0126781 secs] [Times: user=0.03 sys=0.00, real=0.01 secs] 
273.090: [GC (Allocation Failure) [PSYoungGen: 325215K->38002K(465920K)] 1026200K->739293K(1561600K), 0.0065976 secs] [Times: user=0.02 sys=0.00, real=0.00 secs] 
273.367: [GC (Allocation Failure) [PSYoungGen: 270962K->184558K(465920K)] 972253K->887095K(1561600K), 0.0203232 secs] [Times: user=0.02 sys=0.00, real=0.02 secs] 
273.709: [GC (Allocation Failure) [PSYoungGen: 417518K->184558K(465920K)] 1120055K->887496K(1561600K), 0.0203218 secs] [Times: user=0.03 sys=0.00, real=0.02 secs] 
275.310: [GC (Allocation Failure) [PSYoungGen: 407095K->91660K(465920K)] 1110033K->794735K(1561600K), 0.0171384 secs] [Times: user=0.03 sys=0.00, real=0.01 secs] 
276.511: [GC (Allocation Failure) [PSYoungGen: 324620K->37973K(465920K)] 1027695K->741348K(1561600K), 0.0055688 secs] [Times: user=0.01 sys=0.01, real=0.00 secs] 
276.780: [GC (Allocation Failure) [PSYoungGen: 270933K->184430K(465920K)] 974308K->889042K(1561600K), 0.0203908 secs] [Times: user=0.02 sys=0.00, real=0.02 secs] 
277.068: [GC (Allocation Failure) [PSYoungGen: 417390K->184526K(465920K)] 1122002K->889412K(1561600K), 0.0203302 secs] [Times: user=0.03 sys=0.00, real=0.02 secs] 
279.395: [GC (Allocation Failure) [PSYoungGen: 407067K->91741K(465920K)] 1111953K->796891K(1561600K), 0.0137738 secs] [Times: user=0.03 sys=0.00, real=0.02 secs] 
281.505: [GC (Allocation Failure) [PSYoungGen: 324701K->37170K(465920K)] 1029851K->742629K(1561600K), 0.0070543 secs] [Times: user=0.02 sys=0.00, real=0.01 secs] 
281.804: [GC (Allocation Failure) [PSYoungGen: 270130K->184430K(465920K)] 975589K->891126K(1561600K), 0.0203246 secs] [Times: user=0.03 sys=0.00, real=0.02 secs] 
282.087: [GC (Allocation Failure) [PSYoungGen: 417390K->184269K(465920K)] 1124086K->891230K(1561600K), 0.0201648 secs] [Times: user=0.03 sys=0.00, real=0.02 secs] 
283.241: [GC (Allocation Failure) [PSYoungGen: 409309K->92721K(465920K)] 1116270K->800076K(1561600K), 0.0123039 secs] [Times: user=0.02 sys=0.00, real=0.01 secs] 
284.238: [GC (Allocation Failure) [PSYoungGen: 325681K->38005K(465920K)] 1033036K->745532K(1561600K), 0.0064808 secs] [Times: user=0.01 sys=0.00, real=0.01 secs] 
284.518: [GC (Allocation Failure) [PSYoungGen: 270965K->184687K(465920K)] 978492K->893459K(1561600K), 0.0203502 secs] [Times: user=0.03 sys=0.00, real=0.03 secs] 
284.807: [GC (Allocation Failure) [PSYoungGen: 417647K->184687K(465920K)] 1126419K->893732K(1561600K), 0.0202984 secs] [Times: user=0.03 sys=0.00, real=0.02 secs] 
285.935: [GC (Allocation Failure) [PSYoungGen: 407253K->91387K(465920K)] 1116298K->800697K(1561600K), 0.0121100 secs] [Times: user=0.03 sys=0.00, real=0.01 secs] 
287.490: [GC (Allocation Failure) [PSYoungGen: 324347K->37845K(465920K)] 1033657K->747455K(1561600K), 0.0076364 secs] [Times: user=0.02 sys=0.00, real=0.00 secs] 
287.794: [GC (Allocation Failure) [PSYoungGen: 270805K->183787K(465920K)] 980415K->894643K(1561600K), 0.0203685 secs] [Times: user=0.03 sys=0.00, real=0.02 secs] 
288.152: [GC (Allocation Failure) [PSYoungGen: 416747K->184719K(465920K)] 1127603K->895840K(1561600K), 0.0203803 secs] [Times: user=0.03 sys=0.00, real=0.02 secs] 
289.774: [GC (Allocation Failure) [PSYoungGen: 410123K->92303K(465920K)] 1121244K->803689K(1561600K), 0.0123951 secs] [Times: user=0.03 sys=0.00, real=0.01 secs] 
290.585: [GC (Allocation Failure) [PSYoungGen: 325263K->38002K(465920K)] 1036649K->749696K(1561600K), 0.0057183 secs] [Times: user=0.01 sys=0.00, real=0.01 secs] 
290.856: [GC (Allocation Failure) [PSYoungGen: 270962K->184301K(465920K)] 982656K->897241K(1561600K), 0.0203148 secs] [Times: user=0.03 sys=0.00, real=0.02 secs] 
291.139: [GC (Allocation Failure) [PSYoungGen: 417261K->184751K(465920K)] 1130201K->897964K(1561600K), 0.0203201 secs] [Times: user=0.03 sys=0.00, real=0.02 secs] 
292.213: [GC (Allocation Failure) [PSYoungGen: 407907K->91564K(465920K)] 1121120K->805178K(1561600K), 0.0111817 secs] [Times: user=0.02 sys=0.00, real=0.01 secs] 
293.047: [GC (Allocation Failure) [PSYoungGen: 324524K->38002K(465920K)] 1038138K->751812K(1561600K), 0.0056084 secs] [Times: user=0.01 sys=0.00, real=0.01 secs] 
293.374: [GC (Allocation Failure) [PSYoungGen: 270962K->183916K(465920K)] 984772K->898963K(1561600K), 0.0201383 secs] [Times: user=0.03 sys=0.00, real=0.02 secs] 
293.656: [GC (Allocation Failure) [PSYoungGen: 416876K->184430K(465920K)] 1131923K->899750K(1561600K), 0.0203545 secs] [Times: user=0.03 sys=0.00, real=0.02 secs] 
294.711: [GC (Allocation Failure) [PSYoungGen: 409691K->92383K(465920K)] 1125012K->807969K(1561600K), 0.0133066 secs] [Times: user=0.02 sys=0.01, real=0.01 secs] 
295.635: [GC (Allocation Failure) [PSYoungGen: 325343K->37973K(465920K)] 1040929K->753866K(1561600K), 0.0066344 secs] [Times: user=0.01 sys=0.00, real=0.01 secs] 
295.917: [GC (Allocation Failure) [PSYoungGen: 270933K->184173K(465920K)] 986826K->901303K(1561600K), 0.0203739 secs] [Times: user=0.03 sys=0.00, real=0.02 secs] 
296.205: [GC (Allocation Failure) [PSYoungGen: 417133K->184558K(465920K)] 1134263K->902091K(1561600K), 0.0203619 secs] [Times: user=0.02 sys=0.00, real=0.02 secs] 
296.835: [GC (Allocation Failure) [PSYoungGen: 405115K->91950K(465920K)] 1122647K->809619K(1561600K), 0.0115812 secs] [Times: user=0.02 sys=0.00, real=0.01 secs] 
298.179: [GC (Allocation Failure) [PSYoungGen: 324910K->37588K(465920K)] 1042579K->755570K(1561600K), 0.0065294 secs] [Times: user=0.02 sys=0.00, real=0.00 secs] 
298.459: [GC (Allocation Failure) [PSYoungGen: 270548K->184687K(465920K)] 988530K->903915K(1561600K), 0.0204348 secs] [Times: user=0.03 sys=0.00, real=0.02 secs] 
298.802: [GC (Allocation Failure) [PSYoungGen: 417647K->186422K(465920K)] 1136875K->905923K(1561600K), 0.0204560 secs] [Times: user=0.03 sys=0.00, real=0.02 secs] 
300.248: [GC (Allocation Failure) [PSYoungGen: 408320K->89941K(465920K)] 1127822K->809708K(1561600K), 0.0144007 secs] [Times: user=0.03 sys=0.00, real=0.02 secs] 
301.899: [GC (Allocation Failure) [PSYoungGen: 322901K->37845K(465920K)] 1042668K->757919K(1561600K), 0.0076282 secs] [Times: user=0.02 sys=0.00, real=0.00 secs] 
302.219: [GC (Allocation Failure) [PSYoungGen: 270805K->184687K(465920K)] 990879K->905991K(1561600K), 0.0202692 secs] [Times: user=0.03 sys=0.00, real=0.02 secs] 
302.505: [GC (Allocation Failure) [PSYoungGen: 417647K->183916K(465920K)] 1138951K->905485K(1561600K), 0.0200649 secs] [Times: user=0.03 sys=0.00, real=0.02 secs] 
303.796: [GC (Allocation Failure) [PSYoungGen: 409341K->92207K(465920K)] 1130911K->814041K(1561600K), 0.0120787 secs] [Times: user=0.03 sys=0.00, real=0.01 secs] 
304.681: [GC (Allocation Failure) [PSYoungGen: 325167K->37973K(465920K)] 1047001K->760107K(1561600K), 0.0084139 secs] [Times: user=0.01 sys=0.00, real=0.01 secs] 
305.030: [GC (Allocation Failure) [PSYoungGen: 270933K->184430K(465920K)] 993067K->907810K(1561600K), 0.0203169 secs] [Times: user=0.03 sys=0.00, real=0.02 secs] 
305.315: [GC (Allocation Failure) [PSYoungGen: 417390K->184719K(465920K)] 1140770K->908372K(1561600K), 0.0205421 secs] [Times: user=0.03 sys=0.00, real=0.02 secs] 
306.178: [GC (Allocation Failure) [PSYoungGen: 407166K->91580K(465920K)] 1130819K->815498K(1561600K), 0.0130923 secs] [Times: user=0.03 sys=0.01, real=0.01 secs] 
307.845: [GC (Allocation Failure) [PSYoungGen: 324540K->37684K(465920K)] 1048458K->761902K(1561600K), 0.0084123 secs] [Times: user=0.02 sys=0.00, real=0.01 secs] 
308.238: [GC (Allocation Failure) [PSYoungGen: 270644K->184430K(465920K)] 994862K->910021K(1561600K), 0.0204247 secs] [Times: user=0.03 sys=0.00, real=0.02 secs] 
308.529: [GC (Allocation Failure) [PSYoungGen: 417390K->184558K(465920K)] 1142981K->910294K(1561600K), 0.0202006 secs] [Times: user=0.03 sys=0.00, real=0.02 secs] 
309.823: [GC (Allocation Failure) [PSYoungGen: 407623K->92030K(465920K)] 1133359K->818031K(1561600K), 0.0136163 secs] [Times: user=0.02 sys=0.00, real=0.01 secs] 
311.492: [GC (Allocation Failure) [PSYoungGen: 324990K->37716K(465920K)] 1050991K->764026K(1561600K), 0.0074077 secs] [Times: user=0.02 sys=0.00, real=0.01 secs] 
311.797: [GC (Allocation Failure) [PSYoungGen: 270676K->184430K(465920K)] 996986K->912121K(1561600K), 0.0204087 secs] [Times: user=0.03 sys=0.00, real=0.02 secs] 
312.086: [GC (Allocation Failure) [PSYoungGen: 417390K->184526K(465920K)] 1145081K->912362K(1561600K), 0.0202849 secs] [Times: user=0.03 sys=0.00, real=0.02 secs] 
313.363: [GC (Allocation Failure) [PSYoungGen: 407579K->91982K(465920K)] 1135415K->820083K(1561600K), 0.0173785 secs] [Times: user=0.03 sys=0.00, real=0.02 secs] 
315.031: [GC (Allocation Failure) [PSYoungGen: 324942K->37716K(465920K)] 1053043K->766125K(1561600K), 0.0077242 secs] [Times: user=0.01 sys=0.00, real=0.01 secs] 
315.337: [GC (Allocation Failure) [PSYoungGen: 270676K->184687K(465920K)] 999085K->914342K(1561600K), 0.0204252 secs] [Times: user=0.03 sys=0.00, real=0.02 secs] 
315.624: [GC (Allocation Failure) [PSYoungGen: 417647K->183658K(465920K)] 1147302K->913586K(1561600K), 0.0202910 secs] [Times: user=0.03 sys=0.00, real=0.02 secs] 
316.355: [GC (Allocation Failure) [PSYoungGen: 409074K->92672K(465920K)] 1139002K->822865K(1561600K), 0.0126555 secs] [Times: user=0.03 sys=0.00, real=0.01 secs] 
317.220: [GC (Allocation Failure) [PSYoungGen: 325632K->37973K(465920K)] 1055825K->768482K(1561600K), 0.0056829 secs] [Times: user=0.01 sys=0.00, real=0.00 secs] 
317.489: [GC (Allocation Failure) [PSYoungGen: 270933K->184430K(465920K)] 1001442K->916192K(1561600K), 0.0205218 secs] [Times: user=0.03 sys=0.00, real=0.02 secs] 
317.772: [GC (Allocation Failure) [PSYoungGen: 417390K->184269K(465920K)] 1149152K->916305K(1561600K), 0.0202873 secs] [Times: user=0.02 sys=0.00, real=0.02 secs] 
319.049: [GC (Allocation Failure) [PSYoungGen: 409418K->92030K(465920K)] 1141454K->824330K(1561600K), 0.0170789 secs] [Times: user=0.03 sys=0.00, real=0.01 secs] 
320.684: [GC (Allocation Failure) [PSYoungGen: 324990K->37716K(465920K)] 1057290K->770317K(1561600K), 0.0070114 secs] [Times: user=0.02 sys=0.00, real=0.01 secs] 
320.978: [GC (Allocation Failure) [PSYoungGen: 270676K->184301K(465920K)] 1003277K->918140K(1561600K), 0.0203877 secs] [Times: user=0.03 sys=0.00, real=0.03 secs] 
321.318: [GC (Allocation Failure) [PSYoungGen: 417261K->184687K(465920K)] 1151100K->918790K(1561600K), 0.0201728 secs] [Times: user=0.03 sys=0.00, real=0.02 secs] 
321.989: [GC (Allocation Failure) [PSYoungGen: 409808K->91950K(465920K)] 1143912K->826326K(1561600K), 0.0119906 secs] [Times: user=0.02 sys=0.00, real=0.01 secs] 
322.819: [GC (Allocation Failure) [PSYoungGen: 324910K->37973K(465920K)] 1059286K->772650K(1561600K), 0.0076678 secs] [Times: user=0.02 sys=0.00, real=0.00 secs] 
323.178: [GC (Allocation Failure) [PSYoungGen: 270933K->184430K(465920K)] 1005610K->920336K(1561600K), 0.0203242 secs] [Times: user=0.02 sys=0.00, real=0.03 secs] 
323.466: [GC (Allocation Failure) [PSYoungGen: 417390K->184687K(465920K)] 1153296K->920858K(1561600K), 0.0203309 secs] [Times: user=0.02 sys=0.00, real=0.02 secs] 
324.262: [GC (Allocation Failure) [PSYoungGen: 407151K->91596K(465920K)] 1143322K->828032K(1561600K), 0.0121095 secs] [Times: user=0.02 sys=0.00, real=0.01 secs] 
325.229: [GC (Allocation Failure) [PSYoungGen: 324556K->37973K(465920K)] 1060992K->774717K(1561600K), 0.0056277 secs] [Times: user=0.01 sys=0.00, real=0.00 secs] 
325.557: [GC (Allocation Failure) [PSYoungGen: 270933K->184430K(465920K)] 1007677K->922419K(1561600K), 0.0204558 secs] [Times: user=0.03 sys=0.00, real=0.02 secs] 
325.847: [GC (Allocation Failure) [PSYoungGen: 417390K->184365K(465920K)] 1155379K->922628K(1561600K), 0.0205719 secs] [Times: user=0.03 sys=0.00, real=0.02 secs] 
329.259: [GC (Allocation Failure) [PSYoungGen: 409410K->92014K(465920K)] 1147673K->830670K(1561600K), 0.0167720 secs] [Times: user=0.03 sys=0.00, real=0.01 secs] 
330.804: [GC (Allocation Failure) [PSYoungGen: 324974K->37845K(465920K)] 1063630K->776681K(1561600K), 0.0056039 secs] [Times: user=0.01 sys=0.00, real=0.01 secs] 
331.129: [GC (Allocation Failure) [PSYoungGen: 270805K->184173K(465920K)] 1009641K->924262K(1561600K), 0.0203800 secs] [Times: user=0.02 sys=0.00, real=0.02 secs] 
331.412: [GC (Allocation Failure) [PSYoungGen: 417133K->184558K(465920K)] 1157222K->925049K(1561600K), 0.0204272 secs] [Times: user=0.03 sys=0.00, real=0.02 secs] 
332.055: [GC (Allocation Failure) [PSYoungGen: 409735K->92078K(465920K)] 1150226K->832706K(1561600K), 0.0112024 secs] [Times: user=0.02 sys=0.00, real=0.01 secs] 
332.855: [GC (Allocation Failure) [PSYoungGen: 325038K->37973K(465920K)] 1065666K->778917K(1561600K), 0.0056270 secs] [Times: user=0.02 sys=0.00, real=0.01 secs] 
333.126: [GC (Allocation Failure) [PSYoungGen: 270933K->184815K(465920K)] 1011877K->926996K(1561600K), 0.0201422 secs] [Times: user=0.03 sys=0.00, real=0.02 secs] 
333.409: [GC (Allocation Failure) [PSYoungGen: 417775K->184687K(465920K)] 1159956K->927141K(1561600K), 0.0202242 secs] [Times: user=0.03 sys=0.00, real=0.02 secs] 
334.535: [GC (Allocation Failure) [PSYoungGen: 406653K->91210K(465920K)] 1149108K->833930K(1561600K), 0.0115233 secs] [Times: user=0.03 sys=0.00, real=0.01 secs] 
335.734: [GC (Allocation Failure) [PSYoungGen: 324170K->37845K(465920K)] 1066890K->780880K(1561600K), 0.0056421 secs] [Times: user=0.01 sys=0.00, real=0.01 secs] 
336.063: [GC (Allocation Failure) [PSYoungGen: 270805K->184944K(465920K)] 1013840K->929233K(1561600K), 0.0204544 secs] [Times: user=0.02 sys=0.00, real=0.02 secs] 
336.395: [GC (Allocation Failure) [PSYoungGen: 417904K->184173K(465920K)] 1162193K->928863K(1561600K), 0.0200377 secs] [Times: user=0.03 sys=0.00, real=0.02 secs] 
337.464: [GC (Allocation Failure) [PSYoungGen: 406972K->91693K(465920K)] 1151663K->836520K(1561600K), 0.0123588 secs] [Times: user=0.03 sys=0.00, real=0.01 secs] 
338.912: [GC (Allocation Failure) [PSYoungGen: 324653K->37588K(465920K)] 1069480K->782715K(1561600K), 0.0064853 secs] [Times: user=0.02 sys=0.00, real=0.01 secs] 
339.188: [GC (Allocation Failure) [PSYoungGen: 270548K->184430K(465920K)] 1015675K->930802K(1561600K), 0.0204402 secs] [Times: user=0.02 sys=0.00, real=0.03 secs] 
339.471: [GC (Allocation Failure) [PSYoungGen: 417390K->184494K(465920K)] 1163762K->931140K(1561600K), 0.0203099 secs] [Times: user=0.03 sys=0.00, real=0.02 secs] 
340.719: [GC (Allocation Failure) [PSYoungGen: 407553K->92094K(465920K)] 1154199K->839005K(1561600K), 0.0138190 secs] [Times: user=0.03 sys=0.00, real=0.01 secs] 
341.677: [GC (Allocation Failure) [PSYoungGen: 325054K->37973K(465920K)] 1071965K->785204K(1561600K), 0.0057073 secs] [Times: user=0.01 sys=0.00, real=0.01 secs] 
341.946: [GC (Allocation Failure) [PSYoungGen: 270933K->184430K(465920K)] 1018164K->932906K(1561600K), 0.0202762 secs] [Times: user=0.03 sys=0.00, real=0.02 secs] 
342.229: [GC (Allocation Failure) [PSYoungGen: 417390K->184590K(465920K)] 1165866K->933340K(1561600K), 0.0203425 secs] [Times: user=0.03 sys=0.00, real=0.02 secs] 
343.458: [GC (Allocation Failure) [PSYoungGen: 407124K->91693K(465920K)] 1155874K->840707K(1561600K), 0.0259718 secs] [Times: user=0.05 sys=0.00, real=0.02 secs] 
344.563: [GC (Allocation Failure) [PSYoungGen: 324653K->38005K(465920K)] 1073667K->787328K(1561600K), 0.0057374 secs] [Times: user=0.01 sys=0.00, real=0.01 secs] 
344.894: [GC (Allocation Failure) [PSYoungGen: 270965K->184430K(465920K)] 1020288K->935006K(1561600K), 0.0204400 secs] [Times: user=0.03 sys=0.00, real=0.02 secs] 
345.230: [GC (Allocation Failure) [PSYoungGen: 417390K->184237K(465920K)] 1167966K->935087K(1561600K), 0.0203222 secs] [Times: user=0.03 sys=0.00, real=0.02 secs] 
347.364: [GC (Allocation Failure) [PSYoungGen: 409283K->91998K(465920K)] 1160133K->843241K(1561600K), 0.0264175 secs] [Times: user=0.06 sys=0.00, real=0.03 secs] 
349.771: [GC (Allocation Failure) [PSYoungGen: 324958K->37813K(465920K)] 1076201K->789227K(1561600K), 0.0076123 secs] [Times: user=0.02 sys=0.00, real=0.01 secs] 
350.075: [GC (Allocation Failure) [PSYoungGen: 270773K->184173K(465920K)] 1022187K->936833K(1561600K), 0.0202894 secs] [Times: user=0.02 sys=0.00, real=0.02 secs] 
350.418: [GC (Allocation Failure) [PSYoungGen: 417133K->184880K(465920K)] 1169793K->937813K(1561600K), 0.0201840 secs] [Times: user=0.02 sys=0.00, real=0.02 secs] 
352.507: [GC (Allocation Failure) [PSYoungGen: 407592K->91741K(465920K)] 1160526K->844939K(1561600K), 0.0258806 secs] [Times: user=0.06 sys=0.00, real=0.03 secs] 
354.323: [GC (Allocation Failure) [PSYoungGen: 324701K->37716K(465920K)] 1077899K->791239K(1561600K), 0.0076562 secs] [Times: user=0.02 sys=0.00, real=0.01 secs] 
354.640: [GC (Allocation Failure) [PSYoungGen: 270676K->184301K(465920K)] 1024199K->939198K(1561600K), 0.0203872 secs] [Times: user=0.03 sys=0.00, real=0.02 secs] 
354.928: [GC (Allocation Failure) [PSYoungGen: 417261K->184526K(465920K)] 1172158K->939567K(1561600K), 0.0202061 secs] [Times: user=0.02 sys=0.00, real=0.02 secs] 
356.134: [GC (Allocation Failure) [PSYoungGen: 409690K->92094K(465920K)] 1164731K->847400K(1561600K), 0.0160784 secs] [Times: user=0.04 sys=0.00, real=0.02 secs] 
358.273: [GC (Allocation Failure) [PSYoungGen: 325054K->37556K(465920K)] 1080360K->793188K(1561600K), 0.0074881 secs] [Times: user=0.02 sys=0.00, real=0.01 secs] 
358.576: [GC (Allocation Failure) [PSYoungGen: 270516K->184301K(465920K)] 1026148K->941179K(1561600K), 0.0203465 secs] [Times: user=0.02 sys=0.00, real=0.02 secs] 
358.860: [GC (Allocation Failure) [PSYoungGen: 417261K->184655K(465920K)] 1174139K->941806K(1561600K), 0.0203411 secs] [Times: user=0.03 sys=0.00, real=0.02 secs] 
359.877: [GC (Allocation Failure) [PSYoungGen: 409771K->92126K(465920K)] 1166922K->849542K(1561600K), 0.0120331 secs] [Times: user=0.03 sys=0.00, real=0.02 secs] 
360.803: [GC (Allocation Failure) [PSYoungGen: 325086K->37973K(465920K)] 1082502K->795707K(1561600K), 0.0056864 secs] [Times: user=0.01 sys=0.00, real=0.01 secs] 
361.133: [GC (Allocation Failure) [PSYoungGen: 270933K->184815K(465920K)] 1028667K->943779K(1561600K), 0.0202845 secs] [Times: user=0.03 sys=0.00, real=0.02 secs] 
361.474: [GC (Allocation Failure) [PSYoungGen: 417775K->184687K(465920K)] 1176739K->943915K(1561600K), 0.0203498 secs] [Times: user=0.03 sys=0.00, real=0.02 secs] 
362.252: [GC (Allocation Failure) [PSYoungGen: 406625K->91146K(465920K)] 1165854K->850640K(1561600K), 0.0131304 secs] [Times: user=0.02 sys=0.00, real=0.01 secs] 
363.190: [GC (Allocation Failure) [PSYoungGen: 324106K->37813K(465920K)] 1083600K->797606K(1561600K), 0.0080327 secs] [Times: user=0.02 sys=0.00, real=0.01 secs] 
363.540: [GC (Allocation Failure) [PSYoungGen: 270773K->184430K(465920K)] 1030566K->945461K(1561600K), 0.0205512 secs] [Times: user=0.03 sys=0.00, real=0.02 secs] 
363.886: [GC (Allocation Failure) [PSYoungGen: 417390K->184558K(465920K)] 1178421K->945863K(1561600K), 0.0202911 secs] [Times: user=0.02 sys=0.00, real=0.02 secs] 
364.644: [GC (Allocation Failure) [PSYoungGen: 407099K->91853K(465920K)] 1168404K->853455K(1561600K), 0.0124619 secs] [Times: user=0.02 sys=0.00, real=0.01 secs] 
365.553: [GC (Allocation Failure) [PSYoungGen: 324813K->37941K(465920K)] 1086415K->799853K(1561600K), 0.0086408 secs] [Times: user=0.02 sys=0.00, real=0.01 secs] 
365.906: [GC (Allocation Failure) [PSYoungGen: 270901K->183658K(465920K)] 1032813K->946824K(1561600K), 0.0204039 secs] [Times: user=0.03 sys=0.00, real=0.02 secs] 
366.194: [GC (Allocation Failure) [PSYoungGen: 416618K->184398K(465920K)] 1179784K->947828K(1561600K), 0.0206286 secs] [Times: user=0.02 sys=0.00, real=0.02 secs] 
366.978: [GC (Allocation Failure) [PSYoungGen: 408456K->92576K(465920K)] 1171887K->856271K(1561600K), 0.0166910 secs] [Times: user=0.05 sys=0.00, real=0.01 secs] 
367.781: [GC (Allocation Failure) [PSYoungGen: 325536K->37973K(465920K)] 1089231K->801984K(1561600K), 0.0055585 secs] [Times: user=0.01 sys=0.00, real=0.00 secs] 
368.049: [GC (Allocation Failure) [PSYoungGen: 270933K->184301K(465920K)] 1034944K->949686K(1561600K), 0.0204223 secs] [Times: user=0.03 sys=0.00, real=0.02 secs] 
368.332: [GC (Allocation Failure) [PSYoungGen: 417261K->184397K(465920K)] 1182646K->949927K(1561600K), 0.0202314 secs] [Times: user=0.03 sys=0.00, real=0.02 secs] 
370.233: [GC (Allocation Failure) [PSYoungGen: 409442K->92078K(465920K)] 1174972K->858009K(1561600K), 0.0260593 secs] [Times: user=0.05 sys=0.00, real=0.03 secs] 
372.049: [GC (Allocation Failure) [PSYoungGen: 325038K->37813K(465920K)] 1090969K->803907K(1561600K), 0.0070077 secs] [Times: user=0.02 sys=0.00, real=0.00 secs] 
372.347: [GC (Allocation Failure) [PSYoungGen: 270773K->184687K(465920K)] 1036867K->952027K(1561600K), 0.0202836 secs] [Times: user=0.03 sys=0.00, real=0.02 secs] 
372.635: [GC (Allocation Failure) [PSYoungGen: 417647K->184623K(465920K)] 1184987K->952236K(1561600K), 0.0201255 secs] [Times: user=0.03 sys=0.00, real=0.02 secs] 
374.150: [GC (Allocation Failure) [PSYoungGen: 407205K->91499K(465920K)] 1174819K->859378K(1561600K), 0.0146903 secs] [Times: user=0.03 sys=0.00, real=0.01 secs] 
375.809: [GC (Allocation Failure) [PSYoungGen: 324459K->37716K(465920K)] 1092338K->805911K(1561600K), 0.0069741 secs] [Times: user=0.02 sys=0.00, real=0.00 secs] 
376.102: [GC (Allocation Failure) [PSYoungGen: 270676K->184687K(465920K)] 1038871K->954119K(1561600K), 0.0206189 secs] [Times: user=0.03 sys=0.00, real=0.02 secs] 
376.388: [GC (Allocation Failure) [PSYoungGen: 417647K->184719K(465920K)] 1187079K->954424K(1561600K), 0.0203522 secs] [Times: user=0.03 sys=0.00, real=0.02 secs] 
377.165: [GC (Allocation Failure) [PSYoungGen: 407273K->91644K(465920K)] 1176978K->861614K(1561600K), 0.0115038 secs] [Times: user=0.03 sys=0.00, real=0.01 secs] 
378.520: [GC (Allocation Failure) [PSYoungGen: 324604K->37459K(465920K)] 1094574K->807721K(1561600K), 0.0086347 secs] [Times: user=0.02 sys=0.00, real=0.01 secs] 
378.849: [GC (Allocation Failure) [PSYoungGen: 270419K->183787K(465920K)] 1040681K->955295K(1561600K), 0.0202555 secs] [Times: user=0.03 sys=0.01, real=0.02 secs] 
379.132: [GC (Allocation Failure) [PSYoungGen: 416747K->184719K(465920K)] 1188255K->956500K(1561600K), 0.0203511 secs] [Times: user=0.02 sys=0.00, real=0.02 secs] 
380.364: [GC (Allocation Failure) [PSYoungGen: 410136K->92769K(465920K)] 1181917K->864815K(1561600K), 0.0136065 secs] [Times: user=0.02 sys=0.00, real=0.01 secs] 
381.778: [GC (Allocation Failure) [PSYoungGen: 325729K->37813K(465920K)] 1097775K->810167K(1561600K), 0.0080555 secs] [Times: user=0.01 sys=0.00, real=0.00 secs] 
382.099: [GC (Allocation Failure) [PSYoungGen: 270773K->184558K(465920K)] 1043127K->958286K(1561600K), 0.0204312 secs] [Times: user=0.03 sys=0.00, real=0.02 secs] 
382.388: [GC (Allocation Failure) [PSYoungGen: 417518K->184655K(465920K)] 1191246K->958527K(1561600K), 0.0203942 secs] [Times: user=0.03 sys=0.00, real=0.02 secs] 
384.188: [GC (Allocation Failure) [PSYoungGen: 407253K->91612K(465920K)] 1181126K->865750K(1561600K), 0.0127690 secs] [Times: user=0.03 sys=0.00, real=0.02 secs] 
385.665: [GC (Allocation Failure) [PSYoungGen: 324572K->37716K(465920K)] 1098710K->812164K(1561600K), 0.0065876 secs] [Times: user=0.02 sys=0.00, real=0.01 secs] 
386.010: [GC (Allocation Failure) [PSYoungGen: 270676K->183916K(465920K)] 1045124K->959601K(1561600K), 0.0207922 secs] [Times: user=0.03 sys=0.00, real=0.02 secs] 
386.349: [GC (Allocation Failure) [PSYoungGen: 416876K->184462K(465920K)] 1192561K->960557K(1561600K), 0.0203290 secs] [Times: user=0.03 sys=0.00, real=0.02 secs] 
387.162: [GC (Allocation Failure) [PSYoungGen: 409561K->92592K(465920K)] 1185657K->868960K(1561600K), 0.0123505 secs] [Times: user=0.03 sys=0.00, real=0.01 secs] 
388.425: [GC (Allocation Failure) [PSYoungGen: 325552K->37813K(465920K)] 1101920K->814354K(1561600K), 0.0068677 secs] [Times: user=0.01 sys=0.00, real=0.01 secs] 
388.708: [GC (Allocation Failure) [PSYoungGen: 270773K->184687K(465920K)] 1047314K->962474K(1561600K), 0.0204199 secs] [Times: user=0.03 sys=0.00, real=0.02 secs] 
388.992: [GC (Allocation Failure) [PSYoungGen: 417647K->184687K(465920K)] 1195434K->962876K(1561600K), 0.0204558 secs] [Times: user=0.02 sys=0.00, real=0.02 secs] 
389.877: [GC (Allocation Failure) [PSYoungGen: 407124K->91435K(465920K)] 1185313K->869897K(1561600K), 0.0133051 secs] [Times: user=0.02 sys=0.00, real=0.02 secs] 
390.735: [GC (Allocation Failure) [PSYoungGen: 324395K->37973K(465920K)] 1102857K->816615K(1561600K), 0.0066852 secs] [Times: user=0.02 sys=0.00, real=0.01 secs] 
391.011: [GC (Allocation Failure) [PSYoungGen: 270933K->183787K(465920K)] 1049575K->963682K(1561600K), 0.0203992 secs] [Times: user=0.03 sys=0.00, real=0.02 secs] 
391.299: [GC (Allocation Failure) [PSYoungGen: 416747K->184623K(465920K)] 1196642K->964791K(1561600K), 0.0204933 secs] [Times: user=0.03 sys=0.00, real=0.02 secs] 
392.313: [GC (Allocation Failure) [PSYoungGen: 410023K->92239K(465920K)] 1190191K->872672K(1561600K), 0.0109559 secs] [Times: user=0.02 sys=0.00, real=0.01 secs] 
394.116: [GC (Allocation Failure) [PSYoungGen: 325199K->37845K(465920K)] 1105632K->818586K(1561600K), 0.0072568 secs] [Times: user=0.02 sys=0.00, real=0.01 secs] 
394.411: [GC (Allocation Failure) [PSYoungGen: 270805K->184687K(465920K)] 1051546K->966682K(1561600K), 0.0204771 secs] [Times: user=0.03 sys=0.00, real=0.02 secs] 
394.695: [GC (Allocation Failure) [PSYoungGen: 417647K->184687K(465920K)] 1199642K->967075K(1561600K), 0.0204481 secs] [Times: user=0.03 sys=0.00, real=0.02 secs] 
395.803: [GC (Allocation Failure) [PSYoungGen: 407128K->91484K(465920K)] 1189516K->874137K(1561600K), 0.0270423 secs] [Times: user=0.06 sys=0.00, real=0.03 secs] 
397.003: [GC (Allocation Failure) [PSYoungGen: 324444K->145027K(465920K)] 1107097K->927852K(1561600K), 0.0165930 secs] [Times: user=0.03 sys=0.00, real=0.02 secs] 
397.210: [GC (Allocation Failure) [PSYoungGen: 377987K->184655K(465920K)] 1160812K->1001485K(1561600K), 0.0220991 secs] [Times: user=0.03 sys=0.00, real=0.02 secs] 
397.416: [GC (Allocation Failure) [PSYoungGen: 417615K->184012K(465920K)] 1234445K->1001115K(1561600K), 0.0205615 secs] [Times: user=0.03 sys=0.00, real=0.02 secs] 
399.066: [GC (Allocation Failure) [PSYoungGen: 416972K->1360K(465920K)] 1234075K->818607K(1561600K), 0.0036402 secs] [Times: user=0.01 sys=0.00, real=0.01 secs] 
399.762: [GC (Allocation Failure) [PSYoungGen: 234320K->135262K(465920K)] 1051567K->952695K(1561600K), 0.0155226 secs] [Times: user=0.03 sys=0.00, real=0.01 secs] 
400.039: [GC (Allocation Failure) [PSYoungGen: 368222K->183916K(465920K)] 1185655K->1002594K(1561600K), 0.0204187 secs] [Times: user=0.03 sys=0.00, real=0.02 secs] 
400.948: [GC (Allocation Failure) [PSYoungGen: 416876K->167122K(465920K)] 1235554K->986065K(1561600K), 0.0300200 secs] [Times: user=0.05 sys=0.00, real=0.04 secs] 
403.319: [GC (Allocation Failure) [PSYoungGen: 400082K->128K(465920K)] 1219025K->820487K(1561600K), 0.0036351 secs] [Times: user=0.02 sys=0.00, real=0.00 secs] 
404.015: [GC (Allocation Failure) [PSYoungGen: 233012K->157082K(465920K)] 1053371K->977465K(1561600K), 0.0176587 secs] [Times: user=0.02 sys=0.00, real=0.02 secs] 
404.296: [GC (Allocation Failure) [PSYoungGen: 390042K->184269K(465920K)] 1210425K->1005898K(1561600K), 0.0205751 secs] [Times: user=0.03 sys=0.00, real=0.02 secs] 
404.996: [GC (Allocation Failure) [PSYoungGen: 417229K->149015K(465920K)] 1238858K->970917K(1561600K), 0.0201507 secs] [Times: user=0.03 sys=0.00, real=0.02 secs] 
408.091: [GC (Allocation Failure) [PSYoungGen: 381975K->96K(465920K)] 1203877K->823443K(1561600K), 0.0037259 secs] [Times: user=0.02 sys=0.00, real=0.00 secs] 
408.504: [GC (Allocation Failure) [PSYoungGen: 233056K->179863K(465920K)] 1056403K->1003226K(1561600K), 0.0198004 secs] [Times: user=0.03 sys=0.00, real=0.02 secs] 
408.786: [GC (Allocation Failure) [PSYoungGen: 412823K->184430K(465920K)] 1236186K->1009168K(1561600K), 0.0204682 secs] [Times: user=0.02 sys=0.00, real=0.02 secs] 
409.486: [GC (Allocation Failure) [PSYoungGen: 417390K->134330K(465920K)] 1242128K->959204K(1561600K), 0.0176253 secs] [Times: user=0.03 sys=0.00, real=0.02 secs] 
411.553: [GC (Allocation Failure) [PSYoungGen: 367290K->18309K(465920K)] 1192164K->843500K(1561600K), 0.0059854 secs] [Times: user=0.02 sys=0.00, real=0.01 secs] 
411.868: [GC (Allocation Failure) [PSYoungGen: 251269K->186325K(465920K)] 1076460K->1012882K(1561600K), 0.0207296 secs] [Times: user=0.03 sys=0.00, real=0.03 secs] 
412.152: [GC (Allocation Failure) [PSYoungGen: 419285K->184815K(465920K)] 1245842K->1011509K(1561600K), 0.0204957 secs] [Times: user=0.03 sys=0.00, real=0.02 secs] 
413.291: [GC (Allocation Failure) [PSYoungGen: 417775K->109236K(465920K)] 1244469K->936194K(1561600K), 0.0148740 secs] [Times: user=0.03 sys=0.00, real=0.01 secs] 
414.282: [GC (Allocation Failure) [PSYoungGen: 342196K->43018K(465920K)] 1169154K->870276K(1561600K), 0.0062774 secs] [Times: user=0.01 sys=0.00, real=0.01 secs] 
414.552: [GC (Allocation Failure) [PSYoungGen: 275978K->184847K(465920K)] 1103236K->1013359K(1561600K), 0.0207675 secs] [Times: user=0.03 sys=0.00, real=0.02 secs] 
414.836: [GC (Allocation Failure) [PSYoungGen: 417807K->184173K(465920K)] 1246319K->1012957K(1561600K), 0.0204283 secs] [Times: user=0.03 sys=0.00, real=0.02 secs] 
417.551: [GC (Allocation Failure) [PSYoungGen: 417133K->70280K(465920K)] 1245917K->899330K(1561600K), 0.0145863 secs] [Times: user=0.03 sys=0.00, real=0.01 secs] 
419.416: [GC (Allocation Failure) [PSYoungGen: 303240K->65220K(465920K)] 1132290K->894576K(1561600K), 0.0147953 secs] [Times: user=0.04 sys=0.00, real=0.02 secs] 
419.719: [GC (Allocation Failure) [PSYoungGen: 298180K->186454K(465920K)] 1127536K->1017184K(1561600K), 0.0211099 secs] [Times: user=0.03 sys=0.00, real=0.02 secs] 
420.009: [GC (Allocation Failure) [PSYoungGen: 419414K->186100K(465920K)] 1250144K->1017103K(1561600K), 0.0205703 secs] [Times: user=0.02 sys=0.01, real=0.02 secs] 
421.511: [GC (Allocation Failure) [PSYoungGen: 419060K->44447K(465920K)] 1250063K->875715K(1561600K), 0.0133271 secs] [Times: user=0.03 sys=0.00, real=0.01 secs] 
423.194: [GC (Allocation Failure) [PSYoungGen: 277407K->91757K(465920K)] 1108675K->923196K(1561600K), 0.0130027 secs] [Times: user=0.02 sys=0.00, real=0.01 secs] 
423.474: [GC (Allocation Failure) [PSYoungGen: 324717K->185940K(465920K)] 1156156K->1018616K(1561600K), 0.0207750 secs] [Times: user=0.03 sys=0.00, real=0.02 secs] 
423.759: [GC (Allocation Failure) [PSYoungGen: 418900K->186004K(465920K)] 1251576K->1018945K(1561600K), 0.0205540 secs] [Times: user=0.03 sys=0.00, real=0.02 secs] 
424.773: [GC (Allocation Failure) [PSYoungGen: 418964K->18614K(465920K)] 1251905K->851949K(1561600K), 0.0048899 secs] [Times: user=0.02 sys=0.00, real=0.00 secs] 
425.382: [GC (Allocation Failure) [PSYoungGen: 251574K->118139K(465920K)] 1084909K->951654K(1561600K), 0.0137523 secs] [Times: user=0.02 sys=0.00, real=0.01 secs] 
425.661: [GC (Allocation Failure) [PSYoungGen: 351099K->185940K(465920K)] 1184614K->1020828K(1561600K), 0.0207199 secs] [Times: user=0.02 sys=0.00, real=0.02 secs] 
426.217: [GC (Allocation Failure) [PSYoungGen: 418900K->178639K(465920K)] 1253788K->1013672K(1561600K), 0.0327502 secs] [Times: user=0.05 sys=0.00, real=0.04 secs] 
429.828: [GC (Allocation Failure) [PSYoungGen: 411599K->128K(465920K)] 1246632K->836598K(1561600K), 0.0040704 secs] [Times: user=0.02 sys=0.00, real=0.00 secs] 
430.645: [GC (Allocation Failure) [PSYoungGen: 233088K->140275K(465920K)] 1069558K->976761K(1561600K), 0.0158485 secs] [Times: user=0.02 sys=0.00, real=0.02 secs] 
430.923: [GC (Allocation Failure) [PSYoungGen: 373235K->184430K(465920K)] 1209721K->1022162K(1561600K), 0.0205022 secs] [Times: user=0.03 sys=0.01, real=0.02 secs] 
431.949: [GC (Allocation Failure) [PSYoungGen: 416774K->161627K(465920K)] 1254507K->999632K(1561600K), 0.0219679 secs] [Times: user=0.03 sys=0.00, real=0.02 secs] 
433.222: [GC (Allocation Failure) [PSYoungGen: 394587K->96K(465920K)] 1232592K->839539K(1561600K), 0.0077359 secs] [Times: user=0.04 sys=0.00, real=0.01 secs] 
433.833: [GC (Allocation Failure) [PSYoungGen: 233056K->161484K(465920K)] 1072499K->1000951K(1561600K), 0.0180168 secs] [Times: user=0.03 sys=0.00, real=0.02 secs] 
434.177: [GC (Allocation Failure) [PSYoungGen: 394444K->184655K(465920K)] 1233911K->1025368K(1561600K), 0.0207687 secs] [Times: user=0.03 sys=0.00, real=0.02 secs] 
434.656: [GC (Allocation Failure) [PSYoungGen: 417615K->144324K(465920K)] 1258328K->985302K(1561600K), 0.0194554 secs] [Times: user=0.03 sys=0.00, real=0.02 secs] 
435.813: [GC (Allocation Failure) [PSYoungGen: 377284K->128K(465920K)] 1218262K->841403K(1561600K), 0.0029623 secs] [Times: user=0.01 sys=0.00, real=0.00 secs] 
436.195: [GC (Allocation Failure) [PSYoungGen: 233088K->185001K(465920K)] 1074363K->1026308K(1561600K), 0.0206153 secs] [Times: user=0.03 sys=0.00, real=0.02 secs] 
436.535: [GC (Allocation Failure) [PSYoungGen: 417961K->184141K(465920K)] 1259268K->1026686K(1561600K), 0.0208089 secs] [Times: user=0.03 sys=0.00, real=0.02 secs] 
437.106: [GC (Allocation Failure) [PSYoungGen: 417101K->129446K(465920K)] 1259646K->972256K(1561600K), 0.0178770 secs] [Times: user=0.03 sys=0.00, real=0.02 secs] 
438.023: [GC (Allocation Failure) [PSYoungGen: 362406K->23611K(465920K)] 1205216K->866745K(1561600K), 0.0045104 secs] [Times: user=0.02 sys=0.00, real=0.00 secs] 
438.294: [GC (Allocation Failure) [PSYoungGen: 256571K->186357K(465920K)] 1099705K->1030866K(1561600K), 0.0208155 secs] [Times: user=0.03 sys=0.00, real=0.02 secs] 
438.579: [GC (Allocation Failure) [PSYoungGen: 419317K->186100K(465920K)] 1263826K->1030754K(1561600K), 0.0206541 secs] [Times: user=0.03 sys=0.00, real=0.02 secs] 
439.226: [GC (Allocation Failure) [PSYoungGen: 419060K->102633K(465920K)] 1263714K->947680K(1561600K), 0.0124730 secs] [Times: user=0.03 sys=0.00, real=0.01 secs] 
440.038: [GC (Allocation Failure) [PSYoungGen: 335593K->50697K(465920K)] 1180640K->895931K(1561600K), 0.0070209 secs] [Times: user=0.01 sys=0.01, real=0.01 secs] 
440.372: [GC (Allocation Failure) [PSYoungGen: 283657K->185811K(465920K)] 1128891K->1032291K(1561600K), 0.0206786 secs] [Times: user=0.03 sys=0.00, real=0.02 secs] 
440.657: [GC (Allocation Failure) [PSYoungGen: 418771K->185843K(465920K)] 1265251K->1032596K(1561600K), 0.0205791 secs] [Times: user=0.03 sys=0.00, real=0.02 secs] 
441.383: [GC (Allocation Failure) [PSYoungGen: 418803K->59886K(465920K)] 1265556K->906904K(1561600K), 0.0101834 secs] [Times: user=0.03 sys=0.00, real=0.01 secs] 
442.387: [GC (Allocation Failure) [PSYoungGen: 292846K->76177K(465920K)] 1139864K->923511K(1561600K), 0.0133198 secs] [Times: user=0.03 sys=0.00, real=0.02 secs] 
442.709: [GC (Allocation Failure) [PSYoungGen: 309137K->186389K(465920K)] 1156471K->1035098K(1561600K), 0.0206726 secs] [Times: user=0.02 sys=0.00, real=0.02 secs] 
442.993: [GC (Allocation Failure) [PSYoungGen: 419349K->186132K(465920K)] 1268058K->1034985K(1561600K), 0.0206568 secs] [Times: user=0.03 sys=0.00, real=0.02 secs] 
443.902: [GC (Allocation Failure) [PSYoungGen: 419092K->33619K(465920K)] 1267945K->882865K(1561600K), 0.0070297 secs] [Times: user=0.02 sys=0.00, real=0.01 secs] 
445.021: [GC (Allocation Failure) [PSYoungGen: 266579K->102942K(465920K)] 1115825K->952375K(1561600K), 0.0125615 secs] [Times: user=0.02 sys=0.00, real=0.01 secs] 
445.356: [GC (Allocation Failure) [PSYoungGen: 335902K->186132K(465920K)] 1185335K->1036820K(1561600K), 0.0210279 secs] [Times: user=0.03 sys=0.00, real=0.02 secs] 
445.643: [GC (Allocation Failure) [PSYoungGen: 419092K->185811K(465920K)] 1269780K->1036892K(1561600K), 0.0206508 secs] [Times: user=0.03 sys=0.00, real=0.02 secs] 
446.611: [GC (Allocation Failure) [PSYoungGen: 418771K->7480K(465920K)] 1269852K->858697K(1561600K), 0.0034282 secs] [Times: user=0.01 sys=0.00, real=0.00 secs] 
447.235: [GC (Allocation Failure) [PSYoungGen: 240440K->128804K(465920K)] 1091657K->980329K(1561600K), 0.0147834 secs] [Times: user=0.02 sys=0.00, real=0.02 secs] 
447.512: [GC (Allocation Failure) [PSYoungGen: 361764K->184173K(465920K)] 1213289K->1037072K(1561600K), 0.0206946 secs] [Times: user=0.02 sys=0.00, real=0.02 secs] 
447.867: [GC (Allocation Failure) [PSYoungGen: 417133K->173307K(465920K)] 1270032K->1026350K(1561600K), 0.0233729 secs] [Times: user=0.04 sys=0.00, real=0.03 secs] 
448.807: [GC (Allocation Failure) [PSYoungGen: 406267K->128K(465920K)] 1259310K->854609K(1561600K), 0.0027802 secs] [Times: user=0.01 sys=0.00, real=0.01 secs] 
449.285: [GC (Allocation Failure) [PSYoungGen: 233070K->151328K(465920K)] 1087552K->1005825K(1561600K), 0.0171404 secs] [Times: user=0.02 sys=0.00, real=0.02 secs] 
449.564: [GC (Allocation Failure) [PSYoungGen: 384288K->184301K(465920K)] 1238785K->1040044K(1561600K), 0.0206131 secs] [Times: user=0.03 sys=0.01, real=0.02 secs] 
449.998: [GC (Allocation Failure) [PSYoungGen: 417261K->154799K(465920K)] 1273004K->1010943K(1561600K), 0.0195744 secs] [Times: user=0.03 sys=0.00, real=0.02 secs] 
451.260: [GC (Allocation Failure) [PSYoungGen: 387759K->96K(465920K)] 1243903K->857551K(1561600K), 0.0027784 secs] [Times: user=0.02 sys=0.00, real=0.00 secs] 
451.679: [GC (Allocation Failure) [PSYoungGen: 233056K->173501K(465920K)] 1090511K->1030973K(1561600K), 0.0193623 secs] [Times: user=0.03 sys=0.00, real=0.02 secs] 
451.965: [GC (Allocation Failure) [PSYoungGen: 406461K->183819K(465920K)] 1263933K->1042544K(1561600K), 0.0206376 secs] [Times: user=0.03 sys=0.00, real=0.02 secs] 
452.491: [GC (Allocation Failure) [PSYoungGen: 416779K->141302K(465920K)] 1275504K->1000293K(1561600K), 0.0174546 secs] [Times: user=0.03 sys=0.00, real=0.01 secs] 
453.605: [GC (Allocation Failure) [PSYoungGen: 374262K->11912K(465920K)] 1233253K->871211K(1561600K), 0.0039455 secs] [Times: user=0.02 sys=0.00, real=0.01 secs] 
453.882: [GC (Allocation Failure) [PSYoungGen: 244872K->184462K(465920K)] 1104171K->1045118K(1561600K), 0.0204943 secs] [Times: user=0.03 sys=0.00, real=0.02 secs] 
454.227: [GC (Allocation Failure) [PSYoungGen: 417422K->184751K(465920K)] 1278078K->1045560K(1561600K), 0.0204952 secs] [Times: user=0.03 sys=0.00, real=0.02 secs] 
454.879: [GC (Allocation Failure) [PSYoungGen: 417711K->117590K(465920K)] 1278520K->978664K(1561600K), 0.0155990 secs] [Times: user=0.03 sys=0.00, real=0.01 secs] 
455.848: [GC (Allocation Failure) [PSYoungGen: 350550K->35146K(465920K)] 1211624K->896536K(1561600K), 0.0054737 secs] [Times: user=0.01 sys=0.00, real=0.01 secs] 
456.119: [GC (Allocation Failure) [PSYoungGen: 268106K->186357K(465920K)] 1129496K->1048985K(1561600K), 0.0207955 secs] [Times: user=0.03 sys=0.00, real=0.02 secs] 
456.414: [GC (Allocation Failure) [PSYoungGen: 419317K->185940K(465920K)] 1281945K->1048961K(1561600K), 0.0209975 secs] [Times: user=0.03 sys=0.00, real=0.02 secs] 
458.253: [GC (Allocation Failure) [PSYoungGen: 418900K->74794K(465920K)] 1281921K->937960K(1561600K), 0.0154997 secs] [Times: user=0.03 sys=0.00, real=0.02 secs] 
459.462: [GC (Allocation Failure) [PSYoungGen: 307754K->61040K(465920K)] 1170920K->924530K(1561600K), 0.0081401 secs] [Times: user=0.01 sys=0.00, real=0.01 secs] 
459.735: [GC (Allocation Failure) [PSYoungGen: 294000K->186357K(465920K)] 1157490K->1051093K(1561600K), 0.0207059 secs] [Times: user=0.03 sys=0.00, real=0.02 secs] 
460.078: [GC (Allocation Failure) [PSYoungGen: 419317K->185940K(465920K)] 1284053K->1050949K(1561600K), 0.0204904 secs] [Times: user=0.03 sys=0.00, real=0.02 secs] 
460.858: [GC (Allocation Failure) [PSYoungGen: 418900K->48977K(465920K)] 1283909K->914251K(1561600K), 0.0086201 secs] [Times: user=0.02 sys=0.00, real=0.00 secs] 
461.546: [GC (Allocation Failure) [PSYoungGen: 281937K->87198K(465920K)] 1147211K->952793K(1561600K), 0.0107670 secs] [Times: user=0.02 sys=0.00, real=0.01 secs] 
461.879: [GC (Allocation Failure) [PSYoungGen: 320158K->184012K(465920K)] 1185753K->1050845K(1561600K), 0.0204627 secs] [Times: user=0.03 sys=0.00, real=0.02 secs] 
462.169: [GC (Allocation Failure) [PSYoungGen: 416972K->183884K(465920K)] 1283805K->1050990K(1561600K), 0.0204392 secs] [Times: user=0.03 sys=0.00, real=0.02 secs] 
463.460: [GC (Allocation Failure) [PSYoungGen: 416844K->27144K(465920K)] 1283950K->894515K(1561600K), 0.0065991 secs] [Times: user=0.02 sys=0.00, real=0.00 secs] 
464.630: [GC (Allocation Failure) [PSYoungGen: 260104K->108083K(465920K)] 1127475K->975762K(1561600K), 0.0129646 secs] [Times: user=0.02 sys=0.00, real=0.01 secs] 
464.905: [GC (Allocation Failure) [PSYoungGen: 341043K->184430K(465920K)] 1208722K->1053499K(1561600K), 0.0206430 secs] [Times: user=0.03 sys=0.00, real=0.02 secs] 
465.245: [GC (Allocation Failure) [PSYoungGen: 417390K->184237K(465920K)] 1286459K->1053451K(1561600K), 0.0205450 secs] [Times: user=0.03 sys=0.00, real=0.02 secs] 
467.186: [GC (Allocation Failure) [PSYoungGen: 417197K->5520K(465920K)] 1286411K->874999K(1561600K), 0.0046025 secs] [Times: user=0.02 sys=0.00, real=0.01 secs] 
468.002: [GC (Allocation Failure) [PSYoungGen: 238480K->130317K(465920K)] 1107959K->1000110K(1561600K), 0.0150451 secs] [Times: user=0.02 sys=0.00, real=0.01 secs] 
468.341: [GC (Allocation Failure) [PSYoungGen: 363277K->184269K(465920K)] 1233070K->1055299K(1561600K), 0.0206495 secs] [Times: user=0.02 sys=0.00, real=0.02 secs] 
468.873: [GC (Allocation Failure) [PSYoungGen: 417229K->169588K(465920K)] 1288259K->1040891K(1561600K), 0.0251008 secs] [Times: user=0.04 sys=0.00, real=0.02 secs] 
470.207: [GC (Allocation Failure) [PSYoungGen: 402548K->96K(465920K)] 1273851K->872844K(1561600K), 0.0046278 secs] [Times: user=0.02 sys=0.00, real=0.01 secs] 
470.667: [GC (Allocation Failure) [PSYoungGen: 233056K->155026K(465920K)] 1105804K->1027798K(1561600K), 0.0176004 secs] [Times: user=0.03 sys=0.00, real=0.02 secs] 
470.949: [GC (Allocation Failure) [PSYoungGen: 387986K->186100K(465920K)] 1260758K->1060110K(1561600K), 0.0208501 secs] [Times: user=0.03 sys=0.00, real=0.02 secs] 
471.777: [GC (Allocation Failure) [PSYoungGen: 419060K->149272K(465920K)] 1293070K->1023547K(1561600K), 0.0441706 secs] [Times: user=0.07 sys=0.00, real=0.05 secs] 
472.977: [GC (Allocation Failure) [PSYoungGen: 382232K->96K(465920K)] 1256507K->875808K(1561600K), 0.0030387 secs] [Times: user=0.01 sys=0.00, real=0.01 secs] 
473.288: [GC (Allocation Failure) [PSYoungGen: 233056K->182016K(465920K)] 1108768K->1057752K(1561600K), 0.0202835 secs] [Times: user=0.03 sys=0.00, real=0.03 secs] 
473.572: [GC (Allocation Failure) [PSYoungGen: 414976K->185811K(465920K)] 1290712K->1062786K(1561600K), 0.0207468 secs] [Times: user=0.03 sys=0.00, real=0.02 secs] 
475.029: [GC (Allocation Failure) [PSYoungGen: 418771K->130731K(465920K)] 1295746K->1007970K(1561600K), 0.0211672 secs] [Times: user=0.04 sys=0.00, real=0.02 secs] 
478.335: [GC (Allocation Failure) [PSYoungGen: 363691K->21747K(465920K)] 1240930K->899288K(1561600K), 0.0074546 secs] [Times: user=0.02 sys=0.00, real=0.01 secs] 
478.681: [GC (Allocation Failure) [PSYoungGen: 254707K->185843K(465920K)] 1132248K->1064622K(1561600K), 0.0210823 secs] [Times: user=0.03 sys=0.00, real=0.02 secs] 
479.038: [GC (Allocation Failure) [PSYoungGen: 418803K->184430K(465920K)] 1297582K->1063474K(1561600K), 0.0205742 secs] [Times: user=0.03 sys=0.00, real=0.03 secs] 
480.340: [GC (Allocation Failure) [PSYoungGen: 417390K->106649K(465920K)] 1296434K->985958K(1561600K), 0.0187734 secs] [Times: user=0.04 sys=0.00, real=0.02 secs] 
482.253: [GC (Allocation Failure) [PSYoungGen: 339609K->45588K(465920K)] 1218918K->925205K(1561600K), 0.0083032 secs] [Times: user=0.02 sys=0.00, real=0.01 secs] 
482.615: [GC (Allocation Failure) [PSYoungGen: 278548K->186261K(465920K)] 1158165K->1067252K(1561600K), 0.0206989 secs] [Times: user=0.03 sys=0.00, real=0.02 secs] 
482.900: [GC (Allocation Failure) [PSYoungGen: 419221K->185940K(465920K)] 1300212K->1067068K(1561600K), 0.0207753 secs] [Times: user=0.03 sys=0.00, real=0.02 secs] 
484.232: [GC (Allocation Failure) [PSYoungGen: 418900K->64513K(465920K)] 1300028K->945905K(1561600K), 0.0121225 secs] [Times: user=0.03 sys=0.00, real=0.01 secs] 
485.065: [GC (Allocation Failure) [PSYoungGen: 297473K->71132K(465920K)] 1178865K->952847K(1561600K), 0.0090323 secs] [Times: user=0.02 sys=0.00, real=0.01 secs] 
485.399: [GC (Allocation Failure) [PSYoungGen: 304092K->186325K(465920K)] 1185807K->1069278K(1561600K), 0.0209777 secs] [Times: user=0.03 sys=0.00, real=0.02 secs] 
485.689: [GC (Allocation Failure) [PSYoungGen: 419285K->186100K(465920K)] 1302238K->1069326K(1561600K), 0.0207658 secs] [Times: user=0.03 sys=0.00, real=0.02 secs] 
486.761: [GC (Allocation Failure) [PSYoungGen: 419060K->38679K(465920K)] 1302286K->922178K(1561600K), 0.0077056 secs] [Times: user=0.02 sys=0.00, real=0.01 secs] 
487.429: [GC (Allocation Failure) [PSYoungGen: 271639K->97926K(465920K)] 1155138K->981730K(1561600K), 0.0117946 secs] [Times: user=0.02 sys=0.00, real=0.01 secs] 
487.705: [GC (Allocation Failure) [PSYoungGen: 330886K->185972K(465920K)] 1214690K->1071021K(1561600K), 0.0206597 secs] [Times: user=0.02 sys=0.00, real=0.02 secs] 
487.990: [GC (Allocation Failure) [PSYoungGen: 418932K->186004K(465920K)] 1303981K->1071326K(1561600K), 0.0207875 secs] [Times: user=0.03 sys=0.00, real=0.02 secs] 
489.247: [GC (Allocation Failure) [PSYoungGen: 418964K->12461K(465920K)] 1304286K->898048K(1561600K), 0.0043133 secs] [Times: user=0.02 sys=0.00, real=0.01 secs] 
489.790: [GC (Allocation Failure) [PSYoungGen: 245421K->123891K(465920K)] 1131008K->1009771K(1561600K), 0.0144947 secs] [Times: user=0.02 sys=0.00, real=0.01 secs] 
490.076: [GC (Allocation Failure) [PSYoungGen: 356851K->186100K(465920K)] 1242731K->1073226K(1561600K), 0.0209134 secs] [Times: user=0.03 sys=0.00, real=0.02 secs] 
490.779: [GC (Allocation Failure) [PSYoungGen: 419060K->174215K(465920K)] 1306186K->1061734K(1561600K), 0.0241215 secs] [Times: user=0.03 sys=0.00, real=0.02 secs] 
493.373: [GC (Allocation Failure) [PSYoungGen: 407175K->128K(465920K)] 1294694K->888958K(1561600K), 0.0048090 secs] [Times: user=0.02 sys=0.00, real=0.00 secs] 
494.302: [GC (Allocation Failure) [PSYoungGen: 233088K->147186K(465920K)] 1121918K->1036040K(1561600K), 0.0167861 secs] [Times: user=0.03 sys=0.00, real=0.02 secs] 
494.580: [GC (Allocation Failure) [PSYoungGen: 380146K->184141K(465920K)] 1269000K->1074232K(1561600K), 0.0204798 secs] [Times: user=0.03 sys=0.00, real=0.02 secs] 
496.200: [GC (Allocation Failure) [PSYoungGen: 417101K->159072K(465920K)] 1307192K->1049437K(1561600K), 0.0420450 secs] [Times: user=0.07 sys=0.00, real=0.04 secs] 
498.712: [GC (Allocation Failure) [PSYoungGen: 392032K->96K(465920K)] 1282397K->891896K(1561600K), 0.0040995 secs] [Times: user=0.02 sys=0.00, real=0.00 secs] 
499.323: [GC (Allocation Failure) [PSYoungGen: 233056K->171477K(465920K)] 1124856K->1063301K(1561600K), 0.0191782 secs] [Times: user=0.03 sys=0.00, real=0.02 secs] 
499.607: [GC (Allocation Failure) [PSYoungGen: 404437K->186068K(465920K)] 1296261K->1079138K(1561600K), 0.0208704 secs] [Times: user=0.03 sys=0.00, real=0.02 secs] 
500.144: [GC (Allocation Failure) [PSYoungGen: 419028K->141013K(465920K)] 1312098K->1034348K(1561600K), 0.0173113 secs] [Times: user=0.04 sys=0.00, real=0.02 secs] 
501.214: [GC (Allocation Failure) [PSYoungGen: 373973K->11112K(465920K)] 1267308K->904757K(1561600K), 0.0042839 secs] [Times: user=0.02 sys=0.00, real=0.01 secs] 
501.503: [GC (Allocation Failure) [PSYoungGen: 244072K->186357K(465920K)] 1137717K->1081240K(1561600K), 0.0211361 secs] [Times: user=0.03 sys=0.00, real=0.02 secs] 
501.792: [GC (Allocation Failure) [PSYoungGen: 419317K->186100K(465920K)] 1314200K->1081256K(1561600K), 0.0210341 secs] [Times: user=0.03 sys=0.00, real=0.02 secs] 
502.956: [GC (Allocation Failure) [PSYoungGen: 419060K->115196K(465920K)] 1314216K->1010753K(1561600K), 0.0363610 secs] [Times: user=0.08 sys=0.00, real=0.04 secs] 
504.908: [GC (Allocation Failure) [PSYoungGen: 348156K->37748K(465920K)] 1243713K->933479K(1561600K), 0.0091099 secs] [Times: user=0.02 sys=0.00, real=0.01 secs] 
505.236: [GC (Allocation Failure) [PSYoungGen: 270708K->185972K(465920K)] 1166439K->1082956K(1561600K), 0.0209326 secs] [Times: user=0.03 sys=0.00, real=0.02 secs] 
505.525: [GC (Allocation Failure) [PSYoungGen: 418932K->184366K(465920K)] 1315916K->1081623K(1561600K), 0.0205406 secs] [Times: user=0.03 sys=0.00, real=0.02 secs] 
506.488: [GC (Allocation Failure) [PSYoungGen: 417326K->74152K(465920K)] 1314583K->971674K(1561600K), 0.0135138 secs] [Times: user=0.03 sys=0.00, real=0.02 secs] 
508.221: [GC (Allocation Failure) [PSYoungGen: 307112K->62650K(465920K)] 1204634K->960480K(1561600K), 0.0095597 secs] [Times: user=0.02 sys=0.00, real=0.01 secs] 
508.502: [GC (Allocation Failure) [PSYoungGen: 295610K->184815K(465920K)] 1193440K->1083892K(1561600K), 0.0206367 secs] [Times: user=0.03 sys=0.00, real=0.02 secs] 
508.786: [GC (Allocation Failure) [PSYoungGen: 417775K->184173K(465920K)] 1316852K->1083522K(1561600K), 0.0207146 secs] [Times: user=0.03 sys=0.00, real=0.02 secs] 
510.786: [GC (Allocation Failure) [PSYoungGen: 417133K->50680K(465920K)] 1316482K->950303K(1561600K), 0.0122425 secs] [Times: user=0.03 sys=0.00, real=0.02 secs] 
513.178: [GC (Allocation Failure) [PSYoungGen: 283640K->84884K(465920K)] 1183263K->984814K(1561600K), 0.0121077 secs] [Times: user=0.03 sys=0.00, real=0.01 secs] 
513.461: [GC (Allocation Failure) [PSYoungGen: 317844K->184044K(465920K)] 1217774K->1085332K(1561600K), 0.0206498 secs] [Times: user=0.03 sys=0.00, real=0.02 secs] 
513.744: [GC (Allocation Failure) [PSYoungGen: 417004K->184590K(465920K)] 1318292K->1086023K(1561600K), 0.0205505 secs] [Times: user=0.03 sys=0.00, real=0.02 secs] 
515.270: [GC (Allocation Failure) [PSYoungGen: 417550K->28815K(465920K)] 1318983K->930641K(1561600K), 0.0144647 secs] [Times: user=0.05 sys=0.00, real=0.01 secs] 
516.791: [GC (Allocation Failure) [PSYoungGen: 261775K->106926K(465920K)] 1163601K->1008931K(1561600K), 0.0127886 secs] [Times: user=0.02 sys=0.00, real=0.01 secs] 
517.069: [GC (Allocation Failure) [PSYoungGen: 339886K->184141K(465920K)] 1241891K->1087400K(1561600K), 0.0211085 secs] [Times: user=0.03 sys=0.00, real=0.02 secs] 
517.353: [GC (Allocation Failure) [PSYoungGen: 417101K->184012K(465920K)] 1320360K->1087536K(1561600K), 0.0206460 secs] [Times: user=0.03 sys=0.00, real=0.02 secs] 
518.583: [GC (Allocation Failure) [PSYoungGen: 416972K->7207K(465920K)] 1320496K->911004K(1561600K), 0.0038156 secs] [Times: user=0.02 sys=0.00, real=0.00 secs] 
519.440: [GC (Allocation Failure) [PSYoungGen: 240167K->128807K(465920K)] 1143964K->1032912K(1561600K), 0.0150345 secs] [Times: user=0.03 sys=0.00, real=0.01 secs] 
519.718: [GC (Allocation Failure) [PSYoungGen: 361767K->184944K(465920K)] 1265872K->1090279K(1561600K), 0.0207345 secs] [Times: user=0.03 sys=0.00, real=0.03 secs] 
521.388: [GC (Allocation Failure) [PSYoungGen: 417904K->170503K(465920K)] 1323239K->1076104K(1561600K), 0.0497531 secs] [Times: user=0.08 sys=0.01, real=0.05 secs] 
524.366: [GC (Allocation Failure) [PSYoungGen: 403463K->96K(465920K)] 1309064K->907149K(1561600K), 0.0042586 secs] [Times: user=0.02 sys=0.00, real=0.01 secs] 
524.930: [GC (Allocation Failure) [PSYoungGen: 233056K->151041K(465920K)] 1140109K->1058127K(1561600K), 0.0169979 secs] [Times: user=0.02 sys=0.00, real=0.01 secs] 
525.209: [GC (Allocation Failure) [PSYoungGen: 384001K->184462K(465920K)] 1291087K->1092801K(1561600K), 0.0205598 secs] [Times: user=0.03 sys=0.00, real=0.02 secs] 
526.472: [GC (Allocation Failure) [PSYoungGen: 417422K->154911K(465920K)] 1325761K->1063516K(1561600K), 0.0352415 secs] [Times: user=0.06 sys=0.00, real=0.03 secs] 
528.585: [GC (Allocation Failure) [PSYoungGen: 387871K->96K(465920K)] 1296476K->910148K(1561600K), 0.0036929 secs] [Times: user=0.02 sys=0.00, real=0.01 secs] 
529.133: [GC (Allocation Failure) [PSYoungGen: 233056K->175300K(465920K)] 1143108K->1085384K(1561600K), 0.0196134 secs] [Times: user=0.03 sys=0.00, real=0.02 secs] 
529.417: [GC (Allocation Failure) [PSYoungGen: 408260K->186100K(465920K)] 1318344K->1097414K(1561600K), 0.0207745 secs] [Times: user=0.03 sys=0.00, real=0.03 secs] 
529.963: [GC (Allocation Failure) [PSYoungGen: 419060K->137157K(465920K)] 1330374K->1048744K(1561600K), 0.0173530 secs] [Times: user=0.03 sys=0.00, real=0.02 secs] 
531.034: [GC (Allocation Failure) [PSYoungGen: 370117K->16735K(465920K)] 1281704K->928619K(1561600K), 0.0047858 secs] [Times: user=0.01 sys=0.00, real=0.01 secs] 
531.398: [GC (Allocation Failure) [PSYoungGen: 249695K->185715K(465920K)] 1161579K->1098837K(1561600K), 0.0207586 secs] [Times: user=0.03 sys=0.00, real=0.02 secs] 
531.689: [GC (Allocation Failure) [PSYoungGen: 418675K->185811K(465920K)] 1331797K->1099207K(1561600K), 0.0207734 secs] [Times: user=0.03 sys=0.01, real=0.02 secs] 
532.412: [GC (Allocation Failure) [PSYoungGen: 418771K->110408K(465920K)] 1332167K->1024085K(1561600K), 0.0152591 secs] [Times: user=0.03 sys=0.00, real=0.01 secs] 
533.499: [GC (Allocation Failure) [PSYoungGen: 343368K->43272K(465920K)] 1257045K->957264K(1561600K), 0.0064773 secs] [Times: user=0.02 sys=0.00, real=0.00 secs] 
533.770: [GC (Allocation Failure) [PSYoungGen: 276232K->185715K(465920K)] 1190224K->1101065K(1561600K), 0.0208648 secs] [Times: user=0.03 sys=0.00, real=0.02 secs] 
534.054: [GC (Allocation Failure) [PSYoungGen: 418675K->184462K(465920K)] 1334025K->1099957K(1561600K), 0.0207955 secs] [Times: user=0.03 sys=0.00, real=0.02 secs] 
534.900: [GC (Allocation Failure) [PSYoungGen: 417422K->68866K(465920K)] 1332917K->984763K(1561600K), 0.0159634 secs] [Times: user=0.04 sys=0.00, real=0.01 secs] 
536.010: [GC (Allocation Failure) [PSYoungGen: 301826K->68562K(465920K)] 1217723K->984638K(1561600K), 0.0105129 secs] [Times: user=0.02 sys=0.00, real=0.01 secs] 
536.297: [GC (Allocation Failure) [PSYoungGen: 301522K->185972K(465920K)] 1217598K->1103294K(1561600K), 0.0206696 secs] [Times: user=0.03 sys=0.00, real=0.02 secs] 
536.587: [GC (Allocation Failure) [PSYoungGen: 418932K->185811K(465920K)] 1336254K->1103535K(1561600K), 0.0208731 secs] [Times: user=0.03 sys=0.00, real=0.02 secs] 
538.702: [GC (Allocation Failure) [PSYoungGen: 418771K->41924K(465920K)] 1336495K->959784K(1561600K), 0.0095415 secs] [Times: user=0.02 sys=0.00, real=0.01 secs] 
539.946: [GC (Allocation Failure) [PSYoungGen: 274884K->94813K(465920K)] 1192744K->1012980K(1561600K), 0.0116629 secs] [Times: user=0.02 sys=0.00, real=0.01 secs] 
540.222: [GC (Allocation Failure) [PSYoungGen: 327773K->185683K(465920K)] 1245940K->1105088K(1561600K), 0.0207875 secs] [Times: user=0.03 sys=0.00, real=0.02 secs] 
540.505: [GC (Allocation Failure) [PSYoungGen: 418643K->184398K(465920K)] 1338048K->1104076K(1561600K), 0.0206011 secs] [Times: user=0.03 sys=0.00, real=0.02 secs] 
541.825: [GC (Allocation Failure) [PSYoungGen: 417358K->17344K(465920K)] 1337036K->937417K(1561600K), 0.0046521 secs] [Times: user=0.02 sys=0.00, real=0.01 secs] 
543.107: [GC (Allocation Failure) [PSYoungGen: 250304K->119036K(465920K)] 1170377K->1039293K(1561600K), 0.0138841 secs] [Times: user=0.03 sys=0.00, real=0.02 secs] 
543.385: [GC (Allocation Failure) [PSYoungGen: 351996K->186068K(465920K)] 1272253K->1107692K(1561600K), 0.0208189 secs] [Times: user=0.03 sys=0.00, real=0.02 secs] 
543.747: [GC (Allocation Failure) [PSYoungGen: 419028K->178155K(465920K)] 1340652K->1099923K(1561600K), 0.0217594 secs] [Times: user=0.03 sys=0.00, real=0.03 secs] 
544.682: [GC (Allocation Failure) [PSYoungGen: 411115K->128K(465920K)] 1332883K->923329K(1561600K), 0.0026577 secs] [Times: user=0.02 sys=0.00, real=0.00 secs] 
545.261: [GC (Allocation Failure) [PSYoungGen: 233088K->145129K(465920K)] 1156289K->1068355K(1561600K), 0.0166133 secs] [Times: user=0.03 sys=0.00, real=0.01 secs] 
545.603: [GC (Allocation Failure) [PSYoungGen: 378089K->186100K(465920K)] 1301315K->1110700K(1561600K), 0.0208142 secs] [Times: user=0.03 sys=0.00, real=0.02 secs] 
546.255: [GC (Allocation Failure) [PSYoungGen: 419060K->159136K(465920K)] 1343660K->1083873K(1561600K), 0.0334690 secs] [Times: user=0.05 sys=0.00, real=0.03 secs] 
549.768: [GC (Allocation Failure) [PSYoungGen: 392096K->96K(465920K)] 1316833K->926270K(1561600K), 0.0057800 secs] [Times: user=0.03 sys=0.01, real=0.01 secs] 
550.436: [GC (Allocation Failure) [PSYoungGen: 233056K->170577K(465920K)] 1159230K->1096767K(1561600K), 0.0190931 secs] [Times: user=0.03 sys=0.00, real=0.02 secs] 
550.723: [GC (Allocation Failure) [PSYoungGen: 403537K->184269K(465920K)] 1329727K->1111697K(1561600K), 0.0205180 secs] [Times: user=0.03 sys=0.00, real=0.02 secs] 
551.227: [GC (Allocation Failure) [PSYoungGen: 409891K->135552K(465920K)] 1337319K->1063253K(1561600K), 0.0163393 secs] [Times: user=0.03 sys=0.00, real=0.02 secs] 
553.180: [GC (Allocation Failure) [PSYoungGen: 368512K->1152K(465920K)] 1296213K->929160K(1561600K), 0.0037019 secs] [Times: user=0.01 sys=0.00, real=0.00 secs] 
553.488: [GC (Allocation Failure) [PSYoungGen: 234112K->183626K(465920K)] 1162120K->1112760K(1561600K), 0.0204847 secs] [Times: user=0.03 sys=0.00, real=0.03 secs] 
553.771: [GC (Allocation Failure) [PSYoungGen: 416586K->184237K(465920K)] 1345720K->1113644K(1561600K), 0.0204638 secs] [Times: user=0.03 sys=0.00, real=0.02 secs] 
554.640: [GC (Allocation Failure) [PSYoungGen: 417197K->129574K(465920K)] 1346604K->1059246K(1561600K), 0.0163912 secs] [Times: user=0.03 sys=0.00, real=0.01 secs] 
557.016: [GC (Allocation Failure) [PSYoungGen: 362534K->22454K(465920K)] 1292206K->952444K(1561600K), 0.0086794 secs] [Times: user=0.02 sys=0.00, real=0.01 secs] 
557.386: [GC (Allocation Failure) [PSYoungGen: 255414K->186357K(465920K)] 1185404K->1117577K(1561600K), 0.0209156 secs] [Times: user=0.02 sys=0.00, real=0.02 secs] 
557.671: [GC (Allocation Failure) [PSYoungGen: 419317K->185972K(465920K)] 1350537K->1117464K(1561600K), 0.0207701 secs] [Times: user=0.03 sys=0.00, real=0.02 secs] 
558.308: [GC (Allocation Failure) [PSYoungGen: 418932K->103934K(465920K)] 1350424K->1035692K(1561600K), 0.0144081 secs] [Times: user=0.03 sys=0.00, real=0.01 secs] 
559.228: [GC (Allocation Failure) [PSYoungGen: 336894K->49540K(465920K)] 1268652K->981599K(1561600K), 0.0108033 secs] [Times: user=0.02 sys=0.00, real=0.02 secs] 
559.556: [GC (Allocation Failure) [PSYoungGen: 282500K->186100K(465920K)] 1214559K->1119397K(1561600K), 0.0208955 secs] [Times: user=0.03 sys=0.00, real=0.02 secs] 
559.846: [GC (Allocation Failure) [PSYoungGen: 419060K->185940K(465920K)] 1352357K->1119638K(1561600K), 0.0207981 secs] [Times: user=0.03 sys=0.00, real=0.02 secs] 
560.583: [GC (Allocation Failure) [PSYoungGen: 418900K->60673K(465920K)] 1352598K->994644K(1561600K), 0.0107508 secs] [Times: user=0.02 sys=0.00, real=0.01 secs] 
561.365: [GC (Allocation Failure) [PSYoungGen: 293633K->76273K(465920K)] 1227604K->1010426K(1561600K), 0.0099011 secs] [Times: user=0.02 sys=0.00, real=0.01 secs] 
561.698: [GC (Allocation Failure) [PSYoungGen: 309233K->184141K(465920K)] 1243386K->1119539K(1561600K), 0.0236685 secs] [Times: user=0.04 sys=0.00, real=0.03 secs] 
562.057: [GC (Allocation Failure) [PSYoungGen: 417101K->184655K(465920K)] 1352499K->1120326K(1561600K), 0.0204083 secs] [Times: user=0.03 sys=0.00, real=0.02 secs] 
563.497: [GC (Allocation Failure) [PSYoungGen: 417615K->37137K(465920K)] 1353286K->973074K(1561600K), 0.0080939 secs] [Times: user=0.02 sys=0.00, real=0.01 secs] 
565.116: [GC (Allocation Failure) [PSYoungGen: 270097K->97544K(465920K)] 1206034K->1033796K(1561600K), 0.0119655 secs] [Times: user=0.03 sys=0.00, real=0.01 secs] 
565.391: [GC (Allocation Failure) [PSYoungGen: 330504K->184141K(465920K)] 1266756K->1121631K(1561600K), 0.0207258 secs] [Times: user=0.03 sys=0.00, real=0.02 secs] 
565.676: [GC (Allocation Failure) [PSYoungGen: 417101K->184526K(465920K)] 1354591K->1122290K(1561600K), 0.0206900 secs] [Times: user=0.03 sys=0.00, real=0.02 secs] 
566.668: [GC (Allocation Failure) [PSYoungGen: 417486K->16059K(465920K)] 1355250K->954088K(1561600K), 0.0045562 secs] [Times: user=0.01 sys=0.00, real=0.01 secs] 
567.215: [GC (Allocation Failure) [PSYoungGen: 249019K->120132K(465920K)] 1187048K->1058468K(1561600K), 0.0141056 secs] [Times: user=0.02 sys=0.00, real=0.02 secs] 
567.492: [GC (Allocation Failure) [PSYoungGen: 353092K->184173K(465920K)] 1291428K->1123747K(1561600K), 0.0206371 secs] [Times: user=0.03 sys=0.00, real=0.02 secs] 
567.985: [GC (Allocation Failure) [PSYoungGen: 417133K->178366K(465920K)] 1356707K->1118213K(1561600K), 0.0232827 secs] [Times: user=0.03 sys=0.00, real=0.02 secs] 
569.205: [GC (Allocation Failure) [PSYoungGen: 411326K->64K(465920K)] 1351173K->941362K(1561600K), 0.0028914 secs] [Times: user=0.01 sys=0.00, real=0.01 secs] 
569.734: [GC (Allocation Failure) [PSYoungGen: 233024K->141945K(465920K)] 1174322K->1083260K(1561600K), 0.0162873 secs] [Times: user=0.02 sys=0.00, real=0.02 secs] 
570.012: [GC (Allocation Failure) [PSYoungGen: 374905K->184333K(465920K)] 1316220K->1127030K(1561600K), 0.0208178 secs] [Times: user=0.03 sys=0.00, real=0.02 secs] 
570.609: [GC (Allocation Failure) [PSYoungGen: 413875K->160085K(465920K)] 1356572K->1103055K(1561600K), 0.0207380 secs] [Times: user=0.03 sys=0.00, real=0.02 secs] 
572.999: [GC (Allocation Failure) [PSYoungGen: 393045K->96K(465920K)] 1336015K->944383K(1561600K), 0.0039043 secs] [Times: user=0.02 sys=0.00, real=0.00 secs] 
573.548: [GC (Allocation Failure) [PSYoungGen: 233056K->161259K(465920K)] 1177343K->1105562K(1561600K), 0.0182002 secs] [Times: user=0.03 sys=0.00, real=0.02 secs] 
573.829: [GC (Allocation Failure) [PSYoungGen: 394219K->184590K(465920K)] 1338522K->1130139K(1561600K), 0.0207715 secs] [Times: user=0.03 sys=0.00, real=0.02 secs] 
574.368: [GC (Allocation Failure) [PSYoungGen: 417550K->144485K(465920K)] 1363099K->1090315K(1561600K), 0.0203625 secs] [Times: user=0.03 sys=0.00, real=0.02 secs] 
575.435: [GC (Allocation Failure) [PSYoungGen: 377445K->96K(465920K)] 1323275K->947371K(1561600K), 0.0030847 secs] [Times: user=0.02 sys=0.01, real=0.01 secs] 
575.753: [GC (Allocation Failure) [PSYoungGen: 233056K->184104K(465920K)] 1180331K->1131404K(1561600K), 0.0206602 secs] [Times: user=0.03 sys=0.00, real=0.02 secs] 
576.037: [GC (Allocation Failure) [PSYoungGen: 417064K->184590K(465920K)] 1364364K->1133119K(1561600K), 0.0207214 secs] [Times: user=0.03 sys=0.00, real=0.02 secs] 
577.062: [GC (Allocation Failure) [PSYoungGen: 417550K->129928K(465920K)] 1366079K->1078851K(1561600K), 0.0175008 secs] [Times: user=0.03 sys=0.00, real=0.02 secs] 
578.202: [GC (Allocation Failure) [PSYoungGen: 362888K->22550K(465920K)] 1311811K->971645K(1561600K), 0.0071470 secs] [Times: user=0.03 sys=0.00, real=0.01 secs] 
578.571: [GC (Allocation Failure) [PSYoungGen: 255510K->186486K(465920K)] 1204605K->1136826K(1561600K), 0.0210584 secs] [Times: user=0.03 sys=0.00, real=0.02 secs] 
578.861: [GC (Allocation Failure) [PSYoungGen: 419446K->186164K(465920K)] 1369786K->1136906K(1561600K), 0.0208138 secs] [Times: user=0.03 sys=0.00, real=0.02 secs] 
579.877: [GC (Allocation Failure) [PSYoungGen: 419124K->103597K(465920K)] 1369866K->1054603K(1561600K), 0.0145903 secs] [Times: user=0.03 sys=0.00, real=0.02 secs] 
581.498: [GC (Allocation Failure) [PSYoungGen: 336557K->49508K(465920K)] 1287563K->1000697K(1561600K), 0.0097152 secs] [Times: user=0.02 sys=0.00, real=0.01 secs] 
581.811: [GC (Allocation Failure) [PSYoungGen: 282468K->185811K(465920K)] 1233657K->1138245K(1561600K), 0.0211250 secs] [Times: user=0.03 sys=0.00, real=0.02 secs] 
582.100: [GC (Allocation Failure) [PSYoungGen: 418771K->185811K(465920K)] 1371205K->1138518K(1561600K), 0.0209011 secs] [Times: user=0.03 sys=0.00, real=0.02 secs] 
584.102: [GC (Allocation Failure) [PSYoungGen: 418771K->61122K(465920K)] 1371478K->1014094K(1561600K), 0.0122896 secs] [Times: user=0.03 sys=0.00, real=0.01 secs] 
585.690: [GC (Allocation Failure) [PSYoungGen: 294082K->75631K(465920K)] 1247054K->1028929K(1561600K), 0.0096711 secs] [Times: user=0.02 sys=0.00, real=0.01 secs] 
585.963: [GC (Allocation Failure) [PSYoungGen: 308591K->184815K(465920K)] 1261889K->1139359K(1561600K), 0.0208854 secs] [Times: user=0.03 sys=0.00, real=0.02 secs] 
586.307: [GC (Allocation Failure) [PSYoungGen: 417775K->184076K(465920K)] 1372319K->1139021K(1561600K), 0.0207212 secs] [Times: user=0.03 sys=0.00, real=0.02 secs] 
587.507: [GC (Allocation Failure) [PSYoungGen: 417036K->37780K(465920K)] 1371981K->992861K(1561600K), 0.0076656 secs] [Times: user=0.02 sys=0.00, real=0.01 secs] 
588.250: [GC (Allocation Failure) [PSYoungGen: 270740K->98411K(465920K)] 1225821K->1053801K(1561600K), 0.0121077 secs] [Times: user=0.02 sys=0.00, real=0.01 secs] 
588.585: [GC (Allocation Failure) [PSYoungGen: 331371K->184301K(465920K)] 1286761K->1141057K(1561600K), 0.0209742 secs] [Times: user=0.03 sys=0.00, real=0.02 secs] 
588.929: [GC (Allocation Failure) [PSYoungGen: 417261K->184558K(465920K)] 1374017K->1141458K(1561600K), 0.0208411 secs] [Times: user=0.03 sys=0.00, real=0.02 secs] 
590.824: [GC (Allocation Failure) [PSYoungGen: 417518K->15031K(465920K)] 1374418K->972196K(1561600K), 0.0073465 secs] [Times: user=0.03 sys=0.00, real=0.01 secs] 
592.158: [GC (Allocation Failure) [PSYoungGen: 247991K->120806K(465920K)] 1205156K->1078280K(1561600K), 0.0143918 secs] [Times: user=0.02 sys=0.00, real=0.02 secs] 
592.439: [GC (Allocation Failure) [PSYoungGen: 353766K->184237K(465920K)] 1311240K->1142948K(1561600K), 0.0248861 secs] [Times: user=0.04 sys=0.00, real=0.02 secs] 
592.979: [GC (Allocation Failure) [PSYoungGen: 417197K->178075K(465920K)] 1375908K->1137179K(1561600K), 0.0298468 secs] [Times: user=0.05 sys=0.00, real=0.03 secs] 
596.058: [GC (Allocation Failure) [PSYoungGen: 411035K->96K(465920K)] 1370139K->960511K(1561600K), 0.0045389 secs] [Times: user=0.02 sys=0.00, real=0.01 secs] 
596.894: [GC (Allocation Failure) [PSYoungGen: 233056K->142719K(465920K)] 1193471K->1103167K(1561600K), 0.0164111 secs] [Times: user=0.02 sys=0.00, real=0.02 secs] 
597.173: [GC (Allocation Failure) [PSYoungGen: 375679K->183787K(465920K)] 1336127K->1145472K(1561600K), 0.0209276 secs] [Times: user=0.03 sys=0.00, real=0.02 secs] 
597.583: [GC (Allocation Failure) [PSYoungGen: 414294K->159844K(465920K)] 1375979K->1121794K(1561600K), 0.0201457 secs] [Times: user=0.03 sys=0.01, real=0.02 secs] 
598.794: [GC (Allocation Failure) [PSYoungGen: 392804K->96K(465920K)] 1354754K->963353K(1561600K), 0.0031701 secs] [Times: user=0.01 sys=0.00, real=0.00 secs] 
599.175: [GC (Allocation Failure) [PSYoungGen: 233056K->161709K(465920K)] 1196313K->1124991K(1561600K), 0.0183003 secs] [Times: user=0.02 sys=0.00, real=0.02 secs] 
599.457: [GC (Allocation Failure) [PSYoungGen: 394669K->184526K(465920K)] 1357951K->1149174K(1561600K), 0.0207041 secs] [Times: user=0.03 sys=0.00, real=0.02 secs] 
599.955: [GC (Allocation Failure) [PSYoungGen: 417486K->144131K(465920K)] 1382134K->1108916K(1561600K), 0.0176544 secs] [Times: user=0.03 sys=0.00, real=0.02 secs] 
601.025: [GC (Allocation Failure) [PSYoungGen: 377091K->96K(465920K)] 1341876K->965180K(1561600K), 0.0031572 secs] [Times: user=0.02 sys=0.00, real=0.01 secs] 
601.306: [GC (Allocation Failure) [PSYoungGen: 233056K->183943K(465920K)] 1198140K->1149060K(1561600K), 0.0204779 secs] [Times: user=0.03 sys=0.00, real=0.02 secs] 
601.589: [GC (Allocation Failure) [PSYoungGen: 416903K->184269K(465920K)] 1382020K->1150751K(1561600K), 0.0207455 secs] [Times: user=0.03 sys=0.00, real=0.02 secs] 
602.949: [GC (Allocation Failure) [PSYoungGen: 417229K->130362K(465920K)] 1383711K->1096980K(1561600K), 0.0357410 secs] [Times: user=0.07 sys=0.00, real=0.03 secs] 
605.661: [GC (Allocation Failure) [PSYoungGen: 363322K->21940K(465920K)] 1329940K->988859K(1561600K), 0.0075939 secs] [Times: user=0.03 sys=0.00, real=0.01 secs] 
606.013: [GC (Allocation Failure) [PSYoungGen: 254900K->184141K(465920K)] 1221819K->1152313K(1561600K), 0.0206643 secs] [Times: user=0.03 sys=0.00, real=0.02 secs] 
606.299: [GC (Allocation Failure) [PSYoungGen: 417101K->184494K(465920K)] 1385273K->1152940K(1561600K), 0.0207397 secs] [Times: user=0.03 sys=0.00, real=0.02 secs] 
607.013: [GC (Allocation Failure) [PSYoungGen: 417454K->108159K(465920K)] 1385900K->1076998K(1561600K), 0.0146684 secs] [Times: user=0.03 sys=0.00, real=0.01 secs] 
607.892: [GC (Allocation Failure) [PSYoungGen: 341119K->44882K(465920K)] 1309958K->1013892K(1561600K), 0.0066910 secs] [Times: user=0.02 sys=0.00, real=0.01 secs] 
608.164: [GC (Allocation Failure) [PSYoungGen: 277842K->186454K(465920K)] 1246852K->1156702K(1561600K), 0.0211075 secs] [Times: user=0.03 sys=0.00, real=0.02 secs] 
608.511: [GC (Allocation Failure) [PSYoungGen: 419414K->186100K(465920K)] 1389662K->1156622K(1561600K), 0.0210099 secs] [Times: user=0.03 sys=0.00, real=0.02 secs] 
610.487: [GC (Allocation Failure) [PSYoungGen: 419060K->64754K(465920K)] 1389582K->1035540K(1561600K), 0.0122807 secs] [Times: user=0.03 sys=0.00, real=0.02 secs] 
611.674: [GC (Allocation Failure) [PSYoungGen: 297698K->72032K(465920K)] 1268484K->1043124K(1561600K), 0.0094058 secs] [Times: user=0.02 sys=0.00, real=0.01 secs] 
611.949: [GC (Allocation Failure) [PSYoungGen: 304992K->185683K(465920K)] 1276084K->1158141K(1561600K), 0.0209182 secs] [Times: user=0.03 sys=0.00, real=0.02 secs] 
612.291: [GC (Allocation Failure) [PSYoungGen: 418643K->183273K(465920K)] 1391101K->1155876K(1561600K), 0.0209711 secs] [Times: user=0.03 sys=0.00, real=0.02 secs] 
614.549: [GC (Allocation Failure) [PSYoungGen: 416233K->41266K(465920K)] 1388836K->1014134K(1561600K), 0.0132980 secs] [Times: user=0.03 sys=0.00, real=0.01 secs] 
616.573: [GC (Allocation Failure) [PSYoungGen: 274226K->95327K(465920K)] 1247094K->1068366K(1561600K), 0.0125023 secs] [Times: user=0.02 sys=0.00, real=0.01 secs] 
616.906: [GC (Allocation Failure) [PSYoungGen: 328287K->186197K(465920K)] 1301326K->1160482K(1561600K), 0.0209756 secs] [Times: user=0.03 sys=0.00, real=0.02 secs] 
617.192: [GC (Allocation Failure) [PSYoungGen: 419157K->185875K(465920K)] 1393442K->1160434K(1561600K), 0.0212351 secs] [Times: user=0.03 sys=0.00, real=0.02 secs] 
619.604: [GC (Allocation Failure) [PSYoungGen: 418835K->14902K(465920K)] 1393394K->989726K(1561600K), 0.0076916 secs] [Times: user=0.03 sys=0.00, real=0.01 secs] 
620.485: [GC (Allocation Failure) [PSYoungGen: 247862K->121063K(465920K)] 1222686K->1096203K(1561600K), 0.0142783 secs] [Times: user=0.03 sys=0.00, real=0.02 secs] 
620.761: [GC (Allocation Failure) [PSYoungGen: 354023K->184141K(465920K)] 1329163K->1160662K(1561600K), 0.0205691 secs] [Times: user=0.03 sys=0.00, real=0.02 secs] 
621.178: [GC (Allocation Failure) [PSYoungGen: 417101K->178026K(465920K)] 1393622K->1154813K(1561600K), 0.0228176 secs] [Times: user=0.04 sys=0.00, real=0.02 secs] 
622.691: [GC (Allocation Failure) [PSYoungGen: 410986K->64K(465920K)] 1387773K->978169K(1561600K), 0.0060467 secs] [Times: user=0.03 sys=0.00, real=0.00 secs] 
623.562: [GC (Allocation Failure) [PSYoungGen: 233024K->143137K(465920K)] 1211129K->1121259K(1561600K), 0.0164788 secs] [Times: user=0.03 sys=0.00, real=0.01 secs] 
623.841: [GC (Allocation Failure) [PSYoungGen: 376097K->184397K(465920K)] 1354219K->1163772K(1561600K), 0.0209349 secs] [Times: user=0.03 sys=0.00, real=0.02 secs] 
624.247: [GC (Allocation Failure) [PSYoungGen: 417357K->162896K(465920K)] 1396732K->1142552K(1561600K), 0.0198332 secs] [Times: user=0.03 sys=0.00, real=0.02 secs] 
626.092: [GC (Allocation Failure) [PSYoungGen: 395856K->64K(465920K)] 1375512K->981165K(1561600K), 0.0034535 secs] [Times: user=0.01 sys=0.00, real=0.00 secs] 
626.695: [GC (Allocation Failure) [PSYoungGen: 233024K->165115K(465920K)] 1214125K->1146233K(1561600K), 0.0188028 secs] [Times: user=0.03 sys=0.00, real=0.02 secs] 
626.976: [GC (Allocation Failure) [PSYoungGen: 398075K->184398K(465920K)] 1379193K->1166753K(1561600K), 0.0208339 secs] [Times: user=0.03 sys=0.00, real=0.02 secs] 
627.721: [GC (Allocation Failure) [PSYoungGen: 416333K->140757K(465920K)] 1398688K->1123507K(1561600K), 0.0188431 secs] [Times: user=0.04 sys=0.00, real=0.02 secs] 
628.858: [GC (Allocation Failure) [PSYoungGen: 373683K->1569K(465920K)] 1356432K->984497K(1561600K), 0.0032536 secs] [Times: user=0.02 sys=0.00, real=0.01 secs] 
629.149: [GC (Allocation Failure) [PSYoungGen: 234529K->184687K(465920K)] 1217457K->1168861K(1561600K), 0.0207537 secs] [Times: user=0.03 sys=0.00, real=0.02 secs] 
629.432: [GC (Allocation Failure) [PSYoungGen: 417647K->184398K(465920K)] 1401821K->1168845K(1561600K), 0.0205725 secs] [Times: user=0.03 sys=0.00, real=0.02 secs] 
630.869: [GC (Allocation Failure) [PSYoungGen: 417358K->128064K(465920K)] 1401805K->1112776K(1561600K), 0.0265412 secs] [Times: user=0.05 sys=0.00, real=0.02 secs] 
632.581: [GC (Allocation Failure) [PSYoungGen: 361024K->24446K(465920K)] 1345736K->1009478K(1561600K), 0.0081277 secs] [Times: user=0.02 sys=0.00, real=0.01 secs] 
632.958: [GC (Allocation Failure) [PSYoungGen: 257406K->186486K(465920K)] 1242438K->1172764K(1561600K), 0.0209143 secs] [Times: user=0.03 sys=0.00, real=0.03 secs] 
633.304: [GC (Allocation Failure) [PSYoungGen: 419446K->186100K(465920K)] 1405724K->1172780K(1561600K), 0.0208630 secs] [Times: user=0.03 sys=0.00, real=0.02 secs] 
635.247: [GC (Allocation Failure) [PSYoungGen: 419060K->85285K(465920K)] 1405740K->1072229K(1561600K), 0.0261013 secs] [Times: user=0.05 sys=0.00, real=0.03 secs] 
636.958: [GC (Allocation Failure) [PSYoungGen: 318245K->51308K(465920K)] 1305189K->1038434K(1561600K), 0.0085944 secs] [Times: user=0.02 sys=0.00, real=0.01 secs] 
637.241: [GC (Allocation Failure) [PSYoungGen: 284268K->185972K(465920K)] 1271394K->1174343K(1561600K), 0.0210591 secs] [Times: user=0.03 sys=0.00, real=0.02 secs] 
637.583: [GC (Allocation Failure) [PSYoungGen: 418932K->185875K(465920K)] 1407303K->1174520K(1561600K), 0.0208697 secs] [Times: user=0.03 sys=0.00, real=0.02 secs] 
638.715: [GC (Allocation Failure) [PSYoungGen: 418835K->59179K(465920K)] 1407480K->1048088K(1561600K), 0.0115824 secs] [Times: user=0.03 sys=0.00, real=0.01 secs] 
639.493: [GC (Allocation Failure) [PSYoungGen: 292139K->77816K(465920K)] 1281048K->1067033K(1561600K), 0.0099960 secs] [Times: user=0.02 sys=0.00, real=0.01 secs] 
639.768: [GC (Allocation Failure) [PSYoungGen: 310776K->185843K(465920K)] 1299993K->1176299K(1561600K), 0.0207944 secs] [Times: user=0.03 sys=0.00, real=0.03 secs] 
640.051: [GC (Allocation Failure) [PSYoungGen: 418803K->184398K(465920K)] 1409259K->1175126K(1561600K), 0.0206186 secs] [Times: user=0.03 sys=0.00, real=0.02 secs] 
642.237: [GC (Allocation Failure) [PSYoungGen: 417358K->34165K(465920K)] 1408086K->1025159K(1561600K), 0.0080954 secs] [Times: user=0.02 sys=0.00, real=0.01 secs] 
643.482: [GC (Allocation Failure) [PSYoungGen: 267125K->100982K(465920K)] 1258119K->1092299K(1561600K), 0.0123367 secs] [Times: user=0.02 sys=0.00, real=0.01 secs] 
643.760: [GC (Allocation Failure) [PSYoungGen: 333942K->184012K(465920K)] 1325259K->1176567K(1561600K), 0.0207948 secs] [Times: user=0.03 sys=0.00, real=0.02 secs] 
644.098: [GC (Allocation Failure) [PSYoungGen: 416972K->184076K(465920K)] 1409527K->1176904K(1561600K), 0.0205937 secs] [Times: user=0.03 sys=0.00, real=0.03 secs] 
645.512: [GC (Allocation Failure) [PSYoungGen: 417036K->13232K(465920K)] 1409864K->1006461K(1561600K), 0.0049840 secs] [Times: user=0.02 sys=0.00, real=0.00 secs] 
646.399: [GC (Allocation Failure) [PSYoungGen: 246192K->122346K(465920K)] 1239421K->1115747K(1561600K), 0.0144159 secs] [Times: user=0.02 sys=0.00, real=0.01 secs] 
646.678: [GC (Allocation Failure) [PSYoungGen: 355306K->184687K(465920K)] 1348707K->1179333K(1561600K), 0.0206421 secs] [Times: user=0.03 sys=0.00, real=0.03 secs] 
647.121: [GC (Allocation Failure) [PSYoungGen: 417647K->176163K(465920K)] 1412293K->1171074K(1561600K), 0.0247055 secs] [Times: user=0.04 sys=0.00, real=0.02 secs] 
649.324: [GC (Allocation Failure) [PSYoungGen: 409123K->96K(465920K)] 1404034K->996451K(1561600K), 0.0050095 secs] [Times: user=0.02 sys=0.00, real=0.01 secs] 
650.026: [GC (Allocation Failure) [PSYoungGen: 232965K->144615K(465920K)] 1229320K->1140994K(1561600K), 0.0165837 secs] [Times: user=0.03 sys=0.00, real=0.02 secs] 
650.305: [GC (Allocation Failure) [PSYoungGen: 377575K->184333K(465920K)] 1373954K->1181966K(1561600K), 0.0209700 secs] [Times: user=0.04 sys=0.00, real=0.02 secs] 
650.805: [GC (Allocation Failure) [PSYoungGen: 417293K->161498K(465920K)] 1414926K->1159404K(1561600K), 0.0207905 secs] [Times: user=0.03 sys=0.01, real=0.02 secs] 
652.354: [GC (Allocation Failure) [PSYoungGen: 394458K->64K(465920K)] 1392364K->999419K(1561600K), 0.0036510 secs] [Times: user=0.02 sys=0.00, real=0.00 secs] 
652.892: [GC (Allocation Failure) [PSYoungGen: 233024K->166978K(465920K)] 1232379K->1166350K(1561600K), 0.0189529 secs] [Times: user=0.03 sys=0.00, real=0.02 secs] 
653.173: [GC (Allocation Failure) [PSYoungGen: 399938K->184301K(465920K)] 1399310K->1185039K(1561600K), 0.0208103 secs] [Times: user=0.03 sys=0.00, real=0.02 secs] 
654.008: [GC (Allocation Failure) [PSYoungGen: 414015K->139071K(465920K)] 1414753K->1139953K(1561600K), 0.0199559 secs] [Times: user=0.03 sys=0.00, real=0.02 secs] 
656.526: [GC (Allocation Failure) [PSYoungGen: 372031K->128K(465920K)] 1372913K->1001318K(1561600K), 0.0044268 secs] [Times: user=0.02 sys=0.00, real=0.01 secs] 
656.863: [GC (Allocation Failure) [PSYoungGen: 233088K->185004K(465920K)] 1234278K->1186218K(1561600K), 0.0206366 secs] [Times: user=0.03 sys=0.00, real=0.02 secs] 
657.146: [GC (Allocation Failure) [PSYoungGen: 417964K->184205K(465920K)] 1419178K->1186656K(1561600K), 0.0206486 secs] [Times: user=0.03 sys=0.00, real=0.02 secs] 
658.101: [GC (Allocation Failure) [PSYoungGen: 417165K->129430K(465920K)] 1419616K->1132147K(1561600K), 0.0162188 secs] [Times: user=0.03 sys=0.00, real=0.01 secs] 
659.616: [GC (Allocation Failure) [PSYoungGen: 362390K->22775K(465920K)] 1365107K->1025792K(1561600K), 0.0051123 secs] [Times: user=0.01 sys=0.00, real=0.01 secs] 
659.885: [GC (Allocation Failure) [PSYoungGen: 255735K->184205K(465920K)] 1258752K->1188475K(1561600K), 0.0206573 secs] [Times: user=0.03 sys=0.00, real=0.02 secs] 
660.219: [GC (Allocation Failure) [PSYoungGen: 417165K->184141K(465920K)] 1421435K->1188813K(1561600K), 0.0208494 secs] [Times: user=0.03 sys=0.00, real=0.02 secs] 
661.067: [GC (Allocation Failure) [PSYoungGen: 417101K->107645K(465920K)] 1421773K->1112454K(1561600K), 0.0155345 secs] [Times: user=0.03 sys=0.00, real=0.02 secs] 
662.731: [GC (Allocation Failure) [PSYoungGen: 340605K->44496K(465920K)] 1345414K->1049492K(1561600K), 0.0078903 secs] [Times: user=0.02 sys=0.00, real=0.01 secs] 
663.081: [GC (Allocation Failure) [PSYoungGen: 277456K->183916K(465920K)] 1282452K->1190157K(1561600K), 0.0208023 secs] [Times: user=0.03 sys=0.00, real=0.02 secs] 
663.364: [GC (Allocation Failure) [PSYoungGen: 416876K->184558K(465920K)] 1423117K->1191073K(1561600K), 0.0210143 secs] [Times: user=0.03 sys=0.00, real=0.02 secs] 
664.583: [GC (Allocation Failure) [PSYoungGen: 417518K->69348K(465920K)] 1424033K->1076128K(1561600K), 0.0112174 secs] [Times: user=0.03 sys=0.00, real=0.01 secs] 
665.803: [GC (Allocation Failure) [PSYoungGen: 302308K->66634K(465920K)] 1309088K->1073716K(1561600K), 0.0088303 secs] [Times: user=0.02 sys=0.00, real=0.01 secs] 
666.077: [GC (Allocation Failure) [PSYoungGen: 299594K->186357K(465920K)] 1306676K->1194693K(1561600K), 0.0211143 secs] [Times: user=0.03 sys=0.00, real=0.02 secs] 
666.367: [GC (Allocation Failure) [PSYoungGen: 419317K->184815K(465920K)] 1427653K->1193424K(1561600K), 0.0208499 secs] [Times: user=0.03 sys=0.00, real=0.02 secs] 
667.760: [GC (Allocation Failure) [PSYoungGen: 417775K->44511K(465920K)] 1426384K->1053385K(1561600K), 0.0084748 secs] [Times: user=0.02 sys=0.00, real=0.01 secs] 
669.240: [GC (Allocation Failure) [PSYoungGen: 277471K->92111K(465920K)] 1286345K->1101292K(1561600K), 0.0114951 secs] [Times: user=0.02 sys=0.00, real=0.01 secs] 
669.516: [GC (Allocation Failure) [PSYoungGen: 325071K->186004K(465920K)] 1334252K->1196431K(1561600K), 0.0209406 secs] [Times: user=0.03 sys=0.00, real=0.02 secs] 
669.799: [GC (Allocation Failure) [PSYoungGen: 418964K->184526K(465920K)] 1429391K->1195226K(1561600K), 0.0207511 secs] [Times: user=0.03 sys=0.01, real=0.02 secs] 
672.042: [GC (Allocation Failure) [PSYoungGen: 417486K->19626K(465920K)] 1428186K->1030591K(1561600K), 0.0056692 secs] [Times: user=0.02 sys=0.00, real=0.00 secs] 
672.609: [GC (Allocation Failure) [PSYoungGen: 252586K->117722K(465920K)] 1263551K->1128995K(1561600K), 0.0139717 secs] [Times: user=0.02 sys=0.00, real=0.01 secs] 
672.886: [GC (Allocation Failure) [PSYoungGen: 350682K->184719K(465920K)] 1361955K->1197237K(1561600K), 0.0207322 secs] [Times: user=0.03 sys=0.00, real=0.02 secs] 
673.253: [GC (Allocation Failure) [PSYoungGen: 417679K->180054K(465920K)] 1430197K->1192837K(1561600K), 0.0232087 secs] [Times: user=0.03 sys=0.00, real=0.02 secs] 
675.643: [GC (Allocation Failure) [PSYoungGen: 413014K->128K(465920K)] 1425797K->1014347K(1561600K), 0.0032517 secs] [Times: user=0.01 sys=0.00, real=0.00 secs] 
676.171: [GC (Allocation Failure) [PSYoungGen: 233088K->138028K(465920K)] 1247307K->1152272K(1561600K), 0.0161354 secs] [Times: user=0.02 sys=0.00, real=0.01 secs] 
676.450: [GC (Allocation Failure) [PSYoungGen: 370988K->184655K(465920K)] 1385232K->1200136K(1561600K), 0.0207280 secs] [Times: user=0.03 sys=0.00, real=0.02 secs] 
677.076: [GC (Allocation Failure) [PSYoungGen: 417615K->161539K(465920K)] 1433096K->1177285K(1561600K), 0.0222467 secs] [Times: user=0.04 sys=0.00, real=0.02 secs] 
678.363: [GC (Allocation Failure) [PSYoungGen: 394499K->96K(465920K)] 1410245K->1017285K(1561600K), 0.0034106 secs] [Times: user=0.02 sys=0.00, real=0.00 secs] 
678.755: [GC (Allocation Failure) [PSYoungGen: 233056K->162191K(465920K)] 1250245K->1179397K(1561600K), 0.0185488 secs] [Times: user=0.02 sys=0.00, real=0.02 secs] 
679.056: [GC (Allocation Failure) [PSYoungGen: 395151K->184815K(465920K)] 1412357K->1203259K(1561600K), 0.0229015 secs] [Times: user=0.04 sys=0.00, real=0.03 secs] 
680.164: [GC (Allocation Failure) [PSYoungGen: 417775K->143376K(465920K)] 1436219K->1162084K(1561600K), 0.0348722 secs] [Times: user=0.06 sys=0.00, real=0.04 secs] 
682.322: [GC (Allocation Failure) [PSYoungGen: 376336K->1152K(465920K)] 1395044K->1020168K(1561600K), 0.0033763 secs] [Times: user=0.01 sys=0.00, real=0.00 secs] 
682.616: [GC (Allocation Failure) [PSYoungGen: 234112K->186132K(465920K)] 1253128K->1206266K(1561600K), 0.0209874 secs] [Times: user=0.03 sys=0.00, real=0.02 secs] 
682.955: [GC (Allocation Failure) [PSYoungGen: 419092K->185940K(465920K)] 1439226K->1206475K(1561600K), 0.0209936 secs] [Times: user=0.03 sys=0.00, real=0.02 secs] 
686.428: [GC (Allocation Failure) [PSYoungGen: 418900K->125430K(465920K)] 1439435K->1146238K(1561600K), 0.0379736 secs] [Times: user=0.08 sys=0.00, real=0.03 secs] 
688.050: [GC (Allocation Failure) [PSYoungGen: 358390K->28205K(465920K)] 1379198K->1049195K(1561600K), 0.0060460 secs] [Times: user=0.02 sys=0.00, real=0.00 secs] 
688.326: [GC (Allocation Failure) [PSYoungGen: 261165K->184205K(465920K)] 1282155K->1206432K(1561600K), 0.0207114 secs] [Times: user=0.03 sys=0.00, real=0.02 secs] 
688.611: [GC (Allocation Failure) [PSYoungGen: 417165K->186100K(465920K)] 1439392K->1208601K(1561600K), 0.0209744 secs] [Times: user=0.03 sys=0.00, real=0.02 secs] 
690.300: [GC (Allocation Failure) [PSYoungGen: 419060K->83807K(465920K)] 1441561K->1106572K(1561600K), 0.0258877 secs] [Times: user=0.05 sys=0.00, real=0.02 secs] 
692.010: [GC (Allocation Failure) [PSYoungGen: 316767K->52239K(465920K)] 1339532K->1075313K(1561600K), 0.0075163 secs] [Times: user=0.02 sys=0.00, real=0.00 secs] 
692.278: [GC (Allocation Failure) [PSYoungGen: 285199K->183530K(465920K)] 1308273K->1207857K(1561600K), 0.0207028 secs] [Times: user=0.03 sys=0.00, real=0.02 secs] 
692.570: [GC (Allocation Failure) [PSYoungGen: 416490K->184944K(465920K)] 1440817K->1209536K(1561600K), 0.0208186 secs] [Times: user=0.03 sys=0.00, real=0.02 secs] 
694.188: [GC (Allocation Failure) [PSYoungGen: 417904K->61605K(465920K)] 1442496K->1086333K(1561600K), 0.0106511 secs] [Times: user=0.02 sys=0.00, real=0.02 secs] 
695.526: [GC (Allocation Failure) [PSYoungGen: 294565K->74474K(465920K)] 1319293K->1099522K(1561600K), 0.0096301 secs] [Times: user=0.02 sys=0.00, real=0.01 secs] 
695.857: [GC (Allocation Failure) [PSYoungGen: 307434K->184205K(465920K)] 1332482K->1210499K(1561600K), 0.0208003 secs] [Times: user=0.03 sys=0.00, real=0.02 secs] 
696.198: [GC (Allocation Failure) [PSYoungGen: 417165K->184430K(465920K)] 1443459K->1211125K(1561600K), 0.0207275 secs] [Times: user=0.03 sys=0.00, real=0.02 secs] 
697.802: [GC (Allocation Failure) [PSYoungGen: 417390K->39193K(465920K)] 1444085K->1066154K(1561600K), 0.0084199 secs] [Times: user=0.02 sys=0.00, real=0.01 secs] 
698.820: [GC (Allocation Failure) [PSYoungGen: 272153K->97158K(465920K)] 1299114K->1124290K(1561600K), 0.0119967 secs] [Times: user=0.03 sys=0.00, real=0.01 secs] 
699.094: [GC (Allocation Failure) [PSYoungGen: 330118K->183787K(465920K)] 1357250K->1212165K(1561600K), 0.0206903 secs] [Times: user=0.03 sys=0.00, real=0.02 secs] 
699.434: [GC (Allocation Failure) [PSYoungGen: 416747K->184301K(465920K)] 1445125K->1212952K(1561600K), 0.0207121 secs] [Times: user=0.03 sys=0.00, real=0.02 secs] 
701.416: [GC (Allocation Failure) [PSYoungGen: 417261K->17071K(465920K)] 1445912K->1045987K(1561600K), 0.0053687 secs] [Times: user=0.02 sys=0.00, real=0.01 secs] 
702.346: [GC (Allocation Failure) [PSYoungGen: 250031K->119264K(465920K)] 1278947K->1148496K(1561600K), 0.0144640 secs] [Times: user=0.03 sys=0.00, real=0.02 secs] 
702.624: [GC (Allocation Failure) [PSYoungGen: 352224K->183819K(465920K)] 1381456K->1214305K(1561600K), 0.0209509 secs] [Times: user=0.03 sys=0.00, real=0.02 secs] 
703.002: [GC (Allocation Failure) [PSYoungGen: 416779K->179699K(465920K)] 1447265K->1210458K(1561600K), 0.0232647 secs] [Times: user=0.03 sys=0.00, real=0.02 secs] 
705.702: [GC (Allocation Failure) [PSYoungGen: 412659K->96K(465920K)] 1443418K->1032302K(1561600K), 0.0037938 secs] [Times: user=0.02 sys=0.00, real=0.00 secs] 
706.486: [GC (Allocation Failure) [PSYoungGen: 233056K->141402K(465920K)] 1265262K->1173633K(1561600K), 0.0165425 secs] [Times: user=0.02 sys=0.00, real=0.02 secs] 
706.764: [GC (Allocation Failure) [PSYoungGen: 374362K->184269K(465920K)] 1406593K->1217745K(1561600K), 0.0207482 secs] [Times: user=0.03 sys=0.00, real=0.02 secs] 
707.427: [GC (Allocation Failure) [PSYoungGen: 413949K->160567K(465920K)] 1447425K->1194316K(1561600K), 0.0216741 secs] [Times: user=0.04 sys=0.00, real=0.03 secs] 
709.751: [GC (Allocation Failure) [PSYoungGen: 393527K->64K(465920K)] 1427276K->1035248K(1561600K), 0.0038224 secs] [Times: user=0.02 sys=0.00, real=0.00 secs] 
710.266: [GC (Allocation Failure) [PSYoungGen: 233024K->161709K(465920K)] 1268208K->1196918K(1561600K), 0.0184262 secs] [Times: user=0.03 sys=0.00, real=0.02 secs] 
710.547: [GC (Allocation Failure) [PSYoungGen: 394669K->184655K(465920K)] 1429878K->1221109K(1561600K), 0.0210283 secs] [Times: user=0.03 sys=0.01, real=0.02 secs] 
711.150: [GC (Allocation Failure) [PSYoungGen: 417615K->144051K(465920K)] 1454069K->1180770K(1561600K), 0.0186200 secs] [Times: user=0.04 sys=0.00, real=0.02 secs] 
712.453: [GC (Allocation Failure) [PSYoungGen: 377011K->128K(465920K)] 1413730K->1037155K(1561600K), 0.0037461 secs] [Times: user=0.02 sys=0.01, real=0.00 secs] 
712.756: [GC (Allocation Failure) [PSYoungGen: 233088K->184940K(465920K)] 1270115K->1221991K(1561600K), 0.0207080 secs] [Times: user=0.03 sys=0.00, real=0.02 secs] 
713.045: [GC (Allocation Failure) [PSYoungGen: 417900K->184141K(465920K)] 1454951K->1222429K(1561600K), 0.0209393 secs] [Times: user=0.03 sys=0.00, real=0.02 secs] 
713.895: [GC (Allocation Failure) [PSYoungGen: 417101K->129478K(465920K)] 1455389K->1168032K(1561600K), 0.0230253 secs] [Times: user=0.05 sys=0.00, real=0.02 secs] 
715.222: [GC (Allocation Failure) [PSYoungGen: 362438K->23161K(465920K)] 1400992K->1062019K(1561600K), 0.0055953 secs] [Times: user=0.02 sys=0.00, real=0.00 secs] 
715.504: [GC (Allocation Failure) [PSYoungGen: 256121K->184141K(465920K)] 1294979K->1224244K(1561600K), 0.0208306 secs] [Times: user=0.03 sys=0.00, real=0.02 secs] 
715.792: [GC (Allocation Failure) [PSYoungGen: 417101K->184269K(465920K)] 1457204K->1224766K(1561600K), 0.0206934 secs] [Times: user=0.03 sys=0.00, real=0.02 secs] 
717.052: [GC (Allocation Failure) [PSYoungGen: 417229K->107083K(465920K)] 1457726K->1147716K(1561600K), 0.0205738 secs] [Times: user=0.05 sys=0.00, real=0.02 secs] 
718.945: [GC (Allocation Failure) [PSYoungGen: 340043K->45942K(465920K)] 1380676K->1086891K(1561600K), 0.0081692 secs] [Times: user=0.02 sys=0.00, real=0.01 secs] 
719.303: [GC (Allocation Failure) [PSYoungGen: 278902K->182855K(465920K)] 1319851K->1225043K(1561600K), 0.0205679 secs] [Times: user=0.03 sys=0.00, real=0.02 secs] 
719.649: [GC (Allocation Failure) [PSYoungGen: 415815K->183980K(465920K)] 1458003K->1226432K(1561600K), 0.0208529 secs] [Times: user=0.03 sys=0.00, real=0.02 secs] 
721.267: [GC (Allocation Failure) [PSYoungGen: 416940K->69412K(465920K)] 1459392K->1112009K(1561600K), 0.0135916 secs] [Times: user=0.03 sys=0.00, real=0.02 secs] 
722.717: [GC (Allocation Failure) [PSYoungGen: 302372K->66631K(465920K)] 1344969K->1109534K(1561600K), 0.0104121 secs] [Times: user=0.02 sys=0.00, real=0.01 secs] 
723.000: [GC (Allocation Failure) [PSYoungGen: 299591K->184141K(465920K)] 1342494K->1228281K(1561600K), 0.0208915 secs] [Times: user=0.03 sys=0.00, real=0.02 secs] 
723.288: [GC (Allocation Failure) [PSYoungGen: 417101K->184076K(465920K)] 1461241K->1228489K(1561600K), 0.0208474 secs] [Times: user=0.03 sys=0.00, real=0.02 secs] 
726.492: [GC (Allocation Failure) [PSYoungGen: 417036K->47451K(465920K)] 1461449K->1092137K(1561600K), 0.0152091 secs] [Times: user=0.04 sys=0.00, real=0.01 secs] 
728.230: [GC (Allocation Failure) [PSYoungGen: 280411K->88801K(465920K)] 1325097K->1133787K(1561600K), 0.0111474 secs] [Times: user=0.02 sys=0.00, real=0.01 secs] 
728.561: [GC (Allocation Failure) [PSYoungGen: 321761K->184269K(465920K)] 1366747K->1230493K(1561600K), 0.0208408 secs] [Times: user=0.03 sys=0.00, real=0.02 secs] 
728.907: [GC (Allocation Failure) [PSYoungGen: 417229K->184398K(465920K)] 1463453K->1230894K(1561600K), 0.0209045 secs] [Times: user=0.03 sys=0.00, real=0.02 secs] 
731.294: [GC (Allocation Failure) [PSYoungGen: 417358K->24831K(465920K)] 1463854K->1071593K(1561600K), 0.0069896 secs] [Times: user=0.02 sys=0.01, real=0.01 secs] 
732.578: [GC (Allocation Failure) [PSYoungGen: 257791K->111424K(465920K)] 1304553K->1158486K(1561600K), 0.0137483 secs] [Times: user=0.03 sys=0.00, real=0.02 secs] 
732.857: [GC (Allocation Failure) [PSYoungGen: 344384K->184141K(465920K)] 1391446K->1232448K(1561600K), 0.0207300 secs] [Times: user=0.03 sys=0.00, real=0.02 secs] 
733.146: [GC (Allocation Failure) [PSYoungGen: 417101K->184526K(465920K)] 1465408K->1233107K(1561600K), 0.0206089 secs] [Times: user=0.03 sys=0.00, real=0.02 secs] 
736.283: [GC (Allocation Failure) [PSYoungGen: 417486K->2179K(465920K)] 1466067K->1051024K(1561600K), 0.0057835 secs] [Times: user=0.03 sys=0.00, real=0.01 secs] 
737.494: [GC (Allocation Failure) [PSYoungGen: 235139K->133945K(465920K)] 1283984K->1183098K(1561600K), 0.0157969 secs] [Times: user=0.02 sys=0.00, real=0.02 secs] 
737.776: [GC (Allocation Failure) [PSYoungGen: 366905K->184815K(465920K)] 1416058K->1235206K(1561600K), 0.0208984 secs] [Times: user=0.04 sys=0.00, real=0.02 secs] 
738.425: [GC (Allocation Failure) [PSYoungGen: 417775K->165507K(465920K)] 1468166K->1216171K(1561600K), 0.0251108 secs] [Times: user=0.04 sys=0.00, real=0.03 secs] 
741.654: [GC (Allocation Failure) [PSYoungGen: 398467K->64K(465920K)] 1449131K->1052169K(1561600K), 0.0055381 secs] [Times: user=0.03 sys=0.00, real=0.01 secs] 
742.494: [GC (Allocation Failure) [PSYoungGen: 233024K->156568K(465920K)] 1285129K->1208689K(1561600K), 0.0184341 secs] [Times: user=0.03 sys=0.00, real=0.02 secs] 
742.779: [GC (Allocation Failure) [PSYoungGen: 389528K->184462K(465920K)] 1441649K->1237829K(1561600K), 0.0213277 secs] [Times: user=0.03 sys=0.00, real=0.02 secs] 
743.283: [GC (Allocation Failure) [PSYoungGen: 417422K->149433K(465920K)] 1470789K->1203193K(1561600K), 0.0190296 secs] [Times: user=0.04 sys=0.00, real=0.02 secs] 
746.248: [GC (Allocation Failure) [PSYoungGen: 382393K->96K(465920K)] 1436153K->1055166K(1561600K), 0.0050609 secs] [Times: user=0.03 sys=0.00, real=0.01 secs] 
746.825: [GC (Allocation Failure) [PSYoungGen: 233056K->178577K(465920K)] 1288126K->1233688K(1561600K), 0.0202129 secs] [Times: user=0.03 sys=0.00, real=0.02 secs] 
747.107: [GC (Allocation Failure) [PSYoungGen: 411537K->184398K(465920K)] 1466648K->1240746K(1561600K), 0.0209292 secs] [Times: user=0.03 sys=0.00, real=0.03 secs] 
748.253: [GC (Allocation Failure) [PSYoungGen: 417358K->135615K(465920K)] 1473706K->1192228K(1561600K), 0.0174462 secs] [Times: user=0.04 sys=0.00, real=0.02 secs] 
751.292: [GC (Allocation Failure) [PSYoungGen: 368575K->17281K(465920K)] 1425188K->1074202K(1561600K), 0.0060421 secs] [Times: user=0.02 sys=0.00, real=0.00 secs] 
751.597: [GC (Allocation Failure) [PSYoungGen: 250241K->184141K(465920K)] 1307162K->1242307K(1561600K), 0.0208205 secs] [Times: user=0.03 sys=0.00, real=0.02 secs] 
751.887: [GC (Allocation Failure) [PSYoungGen: 417101K->183852K(465920K)] 1475267K->1242291K(1561600K), 0.0208627 secs] [Times: user=0.03 sys=0.00, real=0.02 secs] 
753.018: [GC (Allocation Failure) [PSYoungGen: 416812K->113380K(465920K)] 1475251K->1172222K(1561600K), 0.0160472 secs] [Times: user=0.03 sys=0.00, real=0.02 secs] 
755.345: [GC (Allocation Failure) [PSYoungGen: 346340K->39387K(465920K)] 1405182K->1098410K(1561600K), 0.0073772 secs] [Times: user=0.02 sys=0.00, real=0.01 secs] 
755.626: [GC (Allocation Failure) [PSYoungGen: 272347K->186357K(465920K)] 1331370K->1246626K(1561600K), 0.0211124 secs] [Times: user=0.03 sys=0.00, real=0.02 secs] 
755.911: [GC (Allocation Failure) [PSYoungGen: 419317K->184783K(465920K)] 1479586K->1245325K(1561600K), 0.0208488 secs] [Times: user=0.03 sys=0.00, real=0.02 secs] 
757.292: [GC (Allocation Failure) [PSYoungGen: 417743K->71726K(465920K)] 1478285K->1132533K(1561600K), 0.0162530 secs] [Times: user=0.03 sys=0.00, real=0.02 secs] 
759.235: [GC (Allocation Failure) [PSYoungGen: 304686K->64449K(465920K)] 1365493K->1125553K(1561600K), 0.0101770 secs] [Times: user=0.02 sys=0.00, real=0.01 secs] 
759.515: [GC (Allocation Failure) [PSYoungGen: 297409K->186325K(465920K)] 1358513K->1248675K(1561600K), 0.0210099 secs] [Times: user=0.03 sys=0.00, real=0.02 secs] 
759.801: [GC (Allocation Failure) [PSYoungGen: 419285K->186100K(465920K)] 1481635K->1248723K(1561600K), 0.0209011 secs] [Times: user=0.03 sys=0.00, real=0.02 secs] 
761.412: [GC (Allocation Failure) [PSYoungGen: 419060K->45443K(465920K)] 1481683K->1108459K(1561600K), 0.0111969 secs] [Times: user=0.03 sys=0.00, real=0.01 secs] 
762.119: [GC (Allocation Failure) [PSYoungGen: 278403K->91374K(465920K)] 1341419K->1154563K(1561600K), 0.0113608 secs] [Times: user=0.02 sys=0.00, real=0.01 secs] 
762.395: [GC (Allocation Failure) [PSYoungGen: 324334K->185940K(465920K)] 1387523K->1250366K(1561600K), 0.0207649 secs] [Times: user=0.04 sys=0.00, real=0.02 secs] 
762.682: [GC (Allocation Failure) [PSYoungGen: 418900K->185908K(465920K)] 1483326K->1250599K(1561600K), 0.0211550 secs] [Times: user=0.03 sys=0.01, real=0.02 secs] 
763.706: [GC (Allocation Failure) [PSYoungGen: 418868K->18983K(465920K)] 1483559K->1084068K(1561600K), 0.0055356 secs] [Times: user=0.02 sys=0.00, real=0.01 secs] 
764.309: [GC (Allocation Failure) [PSYoungGen: 251943K->117622K(465920K)] 1317028K->1182892K(1561600K), 0.0139863 secs] [Times: user=0.03 sys=0.00, real=0.01 secs] 
764.586: [GC (Allocation Failure) [PSYoungGen: 350582K->184526K(465920K)] 1415852K->1251041K(1561600K), 0.0207052 secs] [Times: user=0.03 sys=0.00, real=0.02 secs] 
764.943: [GC (Allocation Failure) [PSYoungGen: 417486K->180519K(465920K)] 1484001K->1247299K(1561600K), 0.0223157 secs] [Times: user=0.04 sys=0.00, real=0.02 secs] 
766.160: [GC (Allocation Failure) [PSYoungGen: 413479K->96K(465920K)] 1480259K->1068307K(1561600K), 0.0033520 secs] [Times: user=0.01 sys=0.00, real=0.00 secs] 
766.784: [GC (Allocation Failure) [PSYoungGen: 233056K->142784K(465920K)] 1301267K->1211012K(1561600K), 0.0166606 secs] [Times: user=0.02 sys=0.00, real=0.02 secs] 
767.069: [GC (Allocation Failure) [PSYoungGen: 375744K->186357K(465920K)] 1443972K->1255831K(1561600K), 0.0211474 secs] [Times: user=0.03 sys=0.00, real=0.02 secs] 
767.477: [GC (Allocation Failure) [PSYoungGen: 419317K->161257K(465920K)] 1488791K->1230995K(1561600K), 0.0198686 secs] [Times: user=0.03 sys=0.00, real=0.02 secs] 
768.601: [GC (Allocation Failure) [PSYoungGen: 394217K->64K(465920K)] 1463955K->1071250K(1561600K), 0.0032318 secs] [Times: user=0.02 sys=0.00, real=0.00 secs] 
769.111: [GC (Allocation Failure) [PSYoungGen: 233024K->168103K(465920K)] 1304210K->1239306K(1561600K), 0.0190630 secs] [Times: user=0.03 sys=0.00, real=0.02 secs] 
769.450: [GC (Allocation Failure) [PSYoungGen: 401063K->186229K(465920K)] 1472266K->1258798K(1561600K), 0.0212098 secs] [Times: user=0.03 sys=0.00, real=0.02 secs] 
770.183: [GC (Allocation Failure) [PSYoungGen: 412044K->136034K(465920K)] 1484613K->1208740K(1561600K), 0.0225795 secs] [Times: user=0.04 sys=0.00, real=0.02 secs] 
771.252: [GC (Allocation Failure) [PSYoungGen: 368994K->1698K(465920K)] 1441700K->1074711K(1561600K), 0.0034882 secs] [Times: user=0.02 sys=0.00, real=0.00 secs] 
771.542: [GC (Allocation Failure) [PSYoungGen: 234658K->186518K(465920K)] 1307671K->1260785K(1561600K), 0.0209476 secs] [Times: user=0.03 sys=0.00, real=0.02 secs] 
771.828: [GC (Allocation Failure) [PSYoungGen: 419478K->186100K(465920K)] 1493745K->1260641K(1561600K), 0.0209441 secs] [Times: user=0.02 sys=0.00, real=0.03 secs] 
773.326: [GC (Allocation Failure) [PSYoungGen: 419060K->124433K(465920K)] 1493601K->1199239K(1561600K), 0.0265920 secs] [Times: user=0.05 sys=0.00, real=0.03 secs] 
776.926: [GC (Allocation Failure) [PSYoungGen: 357393K->29394K(465920K)] 1432199K->1104515K(1561600K), 0.0074697 secs] [Times: user=0.02 sys=0.01, real=0.01 secs] 
777.323: [GC (Allocation Failure) [PSYoungGen: 262354K->185875K(465920K)] 1337475K->1262250K(1561600K), 0.0211529 secs] [Times: user=0.03 sys=0.00, real=0.02 secs] 
777.610: [GC (Allocation Failure) [PSYoungGen: 418835K->185811K(465920K)] 1495210K->1262459K(1561600K), 0.0212763 secs] [Times: user=0.04 sys=0.00, real=0.02 secs] 
779.342: [GC (Allocation Failure) [PSYoungGen: 418771K->81269K(465920K)] 1495419K->1158318K(1561600K), 0.0173972 secs] [Times: user=0.04 sys=0.00, real=0.02 secs] 
781.356: [GC (Allocation Failure) [PSYoungGen: 314127K->55838K(465920K)] 1391176K->1133067K(1561600K), 0.0092605 secs] [Times: user=0.03 sys=0.00, real=0.01 secs] 
781.691: [GC (Allocation Failure) [PSYoungGen: 288798K->184687K(465920K)] 1366027K->1263161K(1561600K), 0.0210372 secs] [Times: user=0.03 sys=0.00, real=0.02 secs] 
781.977: [GC (Allocation Failure) [PSYoungGen: 417647K->186454K(465920K)] 1496121K->1265202K(1561600K), 0.0209915 secs] [Times: user=0.04 sys=0.00, real=0.02 secs] 
782.838: [GC (Allocation Failure) [PSYoungGen: 419414K->55275K(465920K)] 1498162K->1134288K(1561600K), 0.0098618 secs] [Times: user=0.02 sys=0.00, real=0.01 secs] 
784.144: [GC (Allocation Failure) [PSYoungGen: 288235K->81543K(465920K)] 1367248K->1160885K(1561600K), 0.0106699 secs] [Times: user=0.03 sys=0.00, real=0.01 secs] 
784.419: [GC (Allocation Failure) [PSYoungGen: 314503K->185940K(465920K)] 1393845K->1266528K(1561600K), 0.0210057 secs] [Times: user=0.03 sys=0.00, real=0.02 secs] 
784.714: [GC (Allocation Failure) [PSYoungGen: 418900K->185908K(465920K)] 1499488K->1266769K(1561600K), 0.0210154 secs] [Times: user=0.03 sys=0.00, real=0.02 secs] 
785.655: [GC (Allocation Failure) [PSYoungGen: 418868K->28815K(465920K)] 1499729K->1110070K(1561600K), 0.0068516 secs] [Times: user=0.02 sys=0.00, real=0.01 secs] 
786.867: [GC (Allocation Failure) [PSYoungGen: 261775K->107697K(465920K)] 1343030K->1189123K(1561600K), 0.0133917 secs] [Times: user=0.03 sys=0.00, real=0.02 secs] 
787.142: [GC (Allocation Failure) [PSYoungGen: 340657K->184430K(465920K)] 1422083K->1267093K(1561600K), 0.0208088 secs] [Times: user=0.04 sys=0.00, real=0.02 secs] 
787.434: [GC (Allocation Failure) [PSYoungGen: 417390K->184687K(465920K)] 1500053K->1267623K(1561600K), 0.0208225 secs] [Times: user=0.03 sys=0.00, real=0.02 secs] 
789.614: [GC (Allocation Failure) [PSYoungGen: 417647K->5552K(465920K)] 1500583K->1088754K(1561600K), 0.0048439 secs] [Times: user=0.02 sys=0.00, real=0.01 secs] 
790.276: [GC (Allocation Failure) [PSYoungGen: 238512K->131217K(465920K)] 1321714K->1214726K(1561600K), 0.0155369 secs] [Times: user=0.03 sys=0.00, real=0.02 secs] 
790.556: [GC (Allocation Failure) [PSYoungGen: 364177K->186229K(465920K)] 1447686K->1270992K(1561600K), 0.0208529 secs] [Times: user=0.04 sys=0.00, real=0.02 secs] 
791.794: [GC (Allocation Failure) [PSYoungGen: 419189K->166792K(465920K)] 1503952K->1251821K(1561600K), 0.0315662 secs] [Times: user=0.04 sys=0.00, real=0.03 secs] 
795.085: [GC (Allocation Failure) [PSYoungGen: 399752K->96K(465920K)] 1484781K->1086562K(1561600K), 0.0040339 secs] [Times: user=0.02 sys=0.00, real=0.01 secs] 
796.195: [GC (Allocation Failure) [PSYoungGen: 233056K->157786K(465920K)] 1319522K->1244284K(1561600K), 0.0182416 secs] [Times: user=0.03 sys=0.00, real=0.02 secs] 
796.536: [GC (Allocation Failure) [PSYoungGen: 390746K->186100K(465920K)] 1477244K->1273981K(1561600K), 0.0211994 secs] [Times: user=0.03 sys=0.00, real=0.02 secs] 
797.472: [GC (Allocation Failure) [PSYoungGen: 419060K->146541K(465920K)] 1506941K->1234558K(1561600K), 0.0302039 secs] [Times: user=0.06 sys=0.00, real=0.03 secs] 
800.133: [GC (Allocation Failure) [PSYoungGen: 379501K->64K(465920K)] 1467518K->1089498K(1561600K), 0.0053196 secs] [Times: user=0.02 sys=0.00, real=0.01 secs] 
800.514: [GC (Allocation Failure) [PSYoungGen: 233024K->183461K(465920K)] 1322458K->1272904K(1561600K), 0.0207094 secs] [Times: user=0.03 sys=0.00, real=0.02 secs] 
800.847: [GC (Allocation Failure) [PSYoungGen: 416421K->184301K(465920K)] 1505864K->1274989K(1561600K), 0.0209806 secs] [Times: user=0.03 sys=0.00, real=0.02 secs] 
801.441: [GC (Allocation Failure) [PSYoungGen: 417261K->130876K(465920K)] 1507949K->1221829K(1561600K), 0.0165249 secs] [Times: user=0.03 sys=0.00, real=0.01 secs] 
803.227: [GC (Allocation Failure) [PSYoungGen: 363713K->21779K(465920K)] 1454667K->1113034K(1561600K), 0.0071817 secs] [Times: user=0.02 sys=0.00, real=0.01 secs] 
803.555: [GC (Allocation Failure) [PSYoungGen: 254739K->186229K(465920K)] 1345994K->1278722K(1561600K), 0.0210550 secs] [Times: user=0.04 sys=0.00, real=0.02 secs] 
803.840: [GC (Allocation Failure) [PSYoungGen: 419189K->184623K(465920K)] 1511682K->1277389K(1561600K), 0.0208705 secs] [Times: user=0.03 sys=0.00, real=0.02 secs] 
805.740: [GC (Allocation Failure) [PSYoungGen: 417583K->106055K(465920K)] 1510349K->1199094K(1561600K), 0.0161687 secs] [Times: user=0.03 sys=0.00, real=0.01 secs] 
807.978: [GC (Allocation Failure) [PSYoungGen: 339015K->46552K(465920K)] 1432054K->1139883K(1561600K), 0.0083610 secs] [Times: user=0.02 sys=0.00, real=0.00 secs] 
808.343: [GC (Allocation Failure) [PSYoungGen: 279512K->186357K(465920K)] 1372843K->1280942K(1561600K), 0.0211158 secs] [Times: user=0.03 sys=0.00, real=0.02 secs] 
808.364: [Full GC (Ergonomics) [PSYoungGen: 186357K->0K(465920K)] [ParOldGen: 1094584K->567807K(997376K)] 1280942K->567807K(1463296K), [Metaspace: 55407K->55399K(1099776K)], 0.0621877 secs] [Times: user=0.27 sys=0.00, real=0.06 secs] 
808.741: [GC (Allocation Failure) [PSYoungGen: 232960K->185940K(465920K)] 800767K->753747K(1463296K), 0.0202438 secs] [Times: user=0.02 sys=0.00, real=0.02 secs] 
810.066: [GC (Allocation Failure) [PSYoungGen: 418900K->96188K(465920K)] 986707K->664164K(1463296K), 0.0123044 secs] [Times: user=0.03 sys=0.00, real=0.02 secs] 
812.408: [GC (Allocation Failure) [PSYoungGen: 329148K->59951K(465920K)] 897124K->628230K(1463296K), 0.0100783 secs] [Times: user=0.02 sys=0.00, real=0.01 secs] 
812.721: [GC (Allocation Failure) [PSYoungGen: 292911K->186389K(465920K)] 861190K->756051K(1463296K), 0.0207456 secs] [Times: user=0.03 sys=0.00, real=0.02 secs] 
813.012: [GC (Allocation Failure) [PSYoungGen: 419349K->185972K(465920K)] 989011K->755907K(1463296K), 0.0202414 secs] [Times: user=0.03 sys=0.00, real=0.02 secs] 
814.838: [GC (Allocation Failure) [PSYoungGen: 418932K->82805K(465920K)] 988867K->652877K(1463296K), 0.0109642 secs] [Times: user=0.03 sys=0.00, real=0.02 secs] 
816.556: [GC (Allocation Failure) [PSYoungGen: 315765K->73478K(465920K)] 885837K->643867K(1463296K), 0.0089555 secs] [Times: user=0.01 sys=0.01, real=0.01 secs] 
816.830: [GC (Allocation Failure) [PSYoungGen: 306438K->186357K(465920K)] 876827K->757992K(1463296K), 0.0205425 secs] [Times: user=0.03 sys=0.00, real=0.02 secs] 
817.114: [GC (Allocation Failure) [PSYoungGen: 419317K->184783K(465920K)] 990952K->756699K(1463296K), 0.0203668 secs] [Times: user=0.03 sys=0.00, real=0.02 secs] 
818.884: [GC (Allocation Failure) [PSYoungGen: 417743K->70499K(465920K)] 989659K->642680K(1463296K), 0.0089675 secs] [Times: user=0.03 sys=0.00, real=0.01 secs] 
820.270: [GC (Allocation Failure) [PSYoungGen: 303459K->85462K(465920K)] 875640K->657951K(1463296K), 0.0102956 secs] [Times: user=0.02 sys=0.00, real=0.01 secs] 
820.542: [GC (Allocation Failure) [PSYoungGen: 318422K->183658K(465920K)] 890911K->757393K(1463296K), 0.0199029 secs] [Times: user=0.03 sys=0.00, real=0.02 secs] 
820.878: [GC (Allocation Failure) [PSYoungGen: 416618K->184494K(465920K)] 990353K->758501K(1463296K), 0.0200565 secs] [Times: user=0.03 sys=0.00, real=0.02 secs] 
822.274: [GC (Allocation Failure) [PSYoungGen: 417454K->61615K(465920K)] 991461K->635888K(1463296K), 0.0077111 secs] [Times: user=0.02 sys=0.01, real=0.01 secs] 
822.925: [GC (Allocation Failure) [PSYoungGen: 294575K->94459K(465920K)] 868848K->669048K(1463296K), 0.0109292 secs] [Times: user=0.02 sys=0.00, real=0.01 secs] 
823.197: [GC (Allocation Failure) [PSYoungGen: 327419K->183916K(465920K)] 902008K->759750K(1463296K), 0.0199593 secs] [Times: user=0.03 sys=0.00, real=0.02 secs] 
823.542: [GC (Allocation Failure) [PSYoungGen: 416876K->184430K(465920K)] 992710K->760537K(1463296K), 0.0198785 secs] [Times: user=0.03 sys=0.00, real=0.02 secs] 
826.365: [GC (Allocation Failure) [PSYoungGen: 417390K->52329K(465920K)] 993497K->628702K(1463296K), 0.0073894 secs] [Times: user=0.03 sys=0.00, real=0.01 secs] 
827.045: [GC (Allocation Failure) [PSYoungGen: 285267K->103745K(465920K)] 861640K->680433K(1463296K), 0.0120439 secs] [Times: user=0.02 sys=0.00, real=0.01 secs] 
827.319: [GC (Allocation Failure) [PSYoungGen: 336705K->184173K(465920K)] 913393K->762107K(1463296K), 0.0199687 secs] [Times: user=0.02 sys=0.00, real=0.02 secs] 
827.607: [GC (Allocation Failure) [PSYoungGen: 417133K->184623K(465920K)] 995067K->762830K(1463296K), 0.0199439 secs] [Times: user=0.03 sys=0.00, real=0.02 secs] 
829.228: [GC (Allocation Failure) [PSYoungGen: 417583K->42562K(465920K)] 995790K->621162K(1463296K), 0.0053298 secs] [Times: user=0.02 sys=0.01, real=0.01 secs] 
829.809: [GC (Allocation Failure) [PSYoungGen: 275522K->114444K(465920K)] 854122K->693232K(1463296K), 0.0129425 secs] [Times: user=0.02 sys=0.00, real=0.01 secs] 
830.146: [GC (Allocation Failure) [PSYoungGen: 347404K->185972K(465920K)] 926192K->766013K(1463296K), 0.0201573 secs] [Times: user=0.03 sys=0.00, real=0.02 secs] 
830.596: [GC (Allocation Failure) [PSYoungGen: 418932K->182078K(465920K)] 998973K->762385K(1463296K), 0.0225999 secs] [Times: user=0.03 sys=0.00, real=0.03 secs] 
833.466: [GC (Allocation Failure) [PSYoungGen: 415038K->32864K(465920K)] 995345K->614620K(1463296K), 0.0051267 secs] [Times: user=0.03 sys=0.00, real=0.01 secs] 
834.260: [GC (Allocation Failure) [PSYoungGen: 265824K->125818K(465920K)] 847580K->707583K(1463296K), 0.0141028 secs] [Times: user=0.02 sys=0.00, real=0.01 secs] 
834.539: [GC (Allocation Failure) [PSYoungGen: 358778K->186100K(465920K)] 940543K->769126K(1463296K), 0.0203449 secs] [Times: user=0.03 sys=0.00, real=0.02 secs] 
834.903: [GC (Allocation Failure) [PSYoungGen: 419060K->172399K(465920K)] 1002086K->755698K(1463296K), 0.0203782 secs] [Times: user=0.03 sys=0.00, real=0.02 secs] 
836.463: [GC (Allocation Failure) [PSYoungGen: 405359K->32832K(465920K)] 988658K->617579K(1463296K), 0.0035963 secs] [Times: user=0.02 sys=0.00, real=0.00 secs] 
837.173: [GC (Allocation Failure) [PSYoungGen: 265792K->134716K(465920K)] 850539K->719479K(1463296K), 0.0150448 secs] [Times: user=0.02 sys=0.00, real=0.02 secs] 
837.451: [GC (Allocation Failure) [PSYoungGen: 367676K->184301K(465920K)] 952439K->770318K(1463296K), 0.0201442 secs] [Times: user=0.03 sys=0.00, real=0.02 secs] 
838.003: [GC (Allocation Failure) [PSYoungGen: 417261K->165202K(465920K)] 1003278K->751613K(1463296K), 0.0210820 secs] [Times: user=0.03 sys=0.00, real=0.02 secs] 
840.493: [GC (Allocation Failure) [PSYoungGen: 398162K->96K(465920K)] 984573K->587799K(1463296K), 0.0047424 secs] [Times: user=0.02 sys=0.00, real=0.00 secs] 
841.759: [GC (Allocation Failure) [PSYoungGen: 233056K->143552K(465920K)] 820759K->731272K(1463296K), 0.0158632 secs] [Times: user=0.02 sys=0.00, real=0.01 secs] 
842.037: [GC (Allocation Failure) [PSYoungGen: 376512K->184687K(465920K)] 964232K->773652K(1463296K), 0.0199864 secs] [Times: user=0.03 sys=0.00, real=0.02 secs] 
842.902: [GC (Allocation Failure) [PSYoungGen: 417647K->162156K(465920K)] 1006612K->751515K(1463296K), 0.0253912 secs] [Times: user=0.03 sys=0.00, real=0.02 secs] 
845.702: [GC (Allocation Failure) [PSYoungGen: 395116K->96K(465920K)] 984475K->590764K(1463296K), 0.0046748 secs] [Times: user=0.02 sys=0.00, real=0.00 secs] 
846.643: [GC (Allocation Failure) [PSYoungGen: 233056K->152998K(465920K)] 823724K->743698K(1463296K), 0.0167370 secs] [Times: user=0.02 sys=0.00, real=0.02 secs] 
846.925: [GC (Allocation Failure) [PSYoungGen: 385958K->184301K(465920K)] 976658K->776375K(1463296K), 0.0200800 secs] [Times: user=0.03 sys=0.00, real=0.02 secs] 
848.008: [GC (Allocation Failure) [PSYoungGen: 417261K->153128K(465920K)] 1009335K->745347K(1463296K), 0.0206697 secs] [Times: user=0.03 sys=0.00, real=0.03 secs] 
849.391: [GC (Allocation Failure) [PSYoungGen: 386088K->96K(465920K)] 978307K->593772K(1463296K), 0.0021059 secs] [Times: user=0.01 sys=0.00, real=0.00 secs] 
849.910: [GC (Allocation Failure) [PSYoungGen: 232979K->162126K(465920K)] 826655K->755835K(1463296K), 0.0178059 secs] [Times: user=0.02 sys=0.00, real=0.01 secs] 
850.191: [GC (Allocation Failure) [PSYoungGen: 395086K->184333K(465920K)] 988795K->779295K(1463296K), 0.0199282 secs] [Times: user=0.02 sys=0.00, real=0.02 secs] 
850.997: [GC (Allocation Failure) [PSYoungGen: 417293K->144003K(465920K)] 1012255K->739238K(1463296K), 0.0185561 secs] [Times: user=0.02 sys=0.00, real=0.02 secs] 
853.360: [GC (Allocation Failure) [PSYoungGen: 376963K->64K(465920K)] 972198K->596746K(1463296K), 0.0050805 secs] [Times: user=0.02 sys=0.00, real=0.00 secs] 
853.920: [GC (Allocation Failure) [PSYoungGen: 233024K->173340K(465920K)] 829706K->770039K(1463296K), 0.0188636 secs] [Times: user=0.03 sys=0.00, real=0.02 secs] 
854.208: [GC (Allocation Failure) [PSYoungGen: 406300K->186132K(465920K)] 1002999K->784093K(1463296K), 0.0202015 secs] [Times: user=0.03 sys=0.00, real=0.02 secs] 
854.725: [GC (Allocation Failure) [PSYoungGen: 419092K->139214K(465920K)] 1017053K->737439K(1463296K), 0.0165627 secs] [Times: user=0.03 sys=0.00, real=0.02 secs] 
855.651: [GC (Allocation Failure) [PSYoungGen: 372174K->1698K(465920K)] 970399K->600223K(1463296K), 0.0020846 secs] [Times: user=0.00 sys=0.00, real=0.00 secs] 
855.927: [GC (Allocation Failure) [PSYoungGen: 234658K->185715K(465920K)] 833183K->785494K(1463296K), 0.0203855 secs] [Times: user=0.03 sys=0.00, real=0.02 secs] 
856.212: [GC (Allocation Failure) [PSYoungGen: 418675K->185811K(465920K)] 1018454K->785864K(1463296K), 0.0201056 secs] [Times: user=0.03 sys=0.00, real=0.02 secs] 
857.255: [GC (Allocation Failure) [PSYoungGen: 418771K->125494K(465920K)] 1018824K->725819K(1463296K), 0.0166850 secs] [Times: user=0.03 sys=0.01, real=0.02 secs] 
858.150: [GC (Allocation Failure) [PSYoungGen: 358454K->15222K(465920K)] 958779K->615855K(1463296K), 0.0036663 secs] [Times: user=0.01 sys=0.00, real=0.00 secs] 
858.428: [GC (Allocation Failure) [PSYoungGen: 248182K->185586K(465920K)] 848815K->787594K(1463296K), 0.0202066 secs] [Times: user=0.02 sys=0.00, real=0.02 secs] 
858.771: [GC (Allocation Failure) [PSYoungGen: 418546K->184430K(465920K)] 1020554K->786589K(1463296K), 0.0200698 secs] [Times: user=0.03 sys=0.00, real=0.02 secs] 
860.222: [GC (Allocation Failure) [PSYoungGen: 417390K->113509K(465920K)] 1019549K->716062K(1463296K), 0.0227738 secs] [Times: user=0.04 sys=0.00, real=0.02 secs] 
861.715: [GC (Allocation Failure) [PSYoungGen: 346469K->27017K(465920K)] 949022K->629742K(1463296K), 0.0055416 secs] [Times: user=0.01 sys=0.00, real=0.01 secs] 
862.004: [GC (Allocation Failure) [PSYoungGen: 259977K->185843K(465920K)] 862702K->789942K(1463296K), 0.0201881 secs] [Times: user=0.02 sys=0.00, real=0.02 secs] 
862.288: [GC (Allocation Failure) [PSYoungGen: 418803K->185972K(465920K)] 1022902K->790215K(1463296K), 0.0204204 secs] [Times: user=0.03 sys=0.00, real=0.03 secs] 
863.887: [GC (Allocation Failure) [PSYoungGen: 418932K->99870K(465920K)] 1023175K->704507K(1463296K), 0.0205129 secs] [Times: user=0.04 sys=0.01, real=0.02 secs] 
865.729: [GC (Allocation Failure) [PSYoungGen: 332830K->37845K(465920K)] 937467K->642673K(1463296K), 0.0068995 secs] [Times: user=0.02 sys=0.00, real=0.00 secs] 
866.105: [GC (Allocation Failure) [PSYoungGen: 270805K->184333K(465920K)] 875633K->790415K(1463296K), 0.0201405 secs] [Times: user=0.02 sys=0.00, real=0.02 secs] 
866.446: [GC (Allocation Failure) [PSYoungGen: 417293K->184012K(465920K)] 1023375K->790375K(1463296K), 0.0201859 secs] [Times: user=0.03 sys=0.00, real=0.02 secs] 
867.721: [GC (Allocation Failure) [PSYoungGen: 407979K->92496K(465920K)] 1014342K->699132K(1463296K), 0.0164539 secs] [Times: user=0.03 sys=0.00, real=0.01 secs] 
869.201: [GC (Allocation Failure) [PSYoungGen: 325456K->37874K(465920K)] 932092K->644808K(1463296K), 0.0074163 secs] [Times: user=0.02 sys=0.00, real=0.01 secs] 
869.564: [GC (Allocation Failure) [PSYoungGen: 270834K->184430K(465920K)] 877768K->792609K(1463296K), 0.0203369 secs] [Times: user=0.03 sys=0.00, real=0.02 secs] 
869.847: [GC (Allocation Failure) [PSYoungGen: 417390K->184301K(465920K)] 1025569K->792762K(1463296K), 0.0201106 secs] [Times: user=0.02 sys=0.00, real=0.02 secs] 
871.065: [GC (Allocation Failure) [PSYoungGen: 409349K->92142K(465920K)] 1017810K->701004K(1463296K), 0.0190105 secs] [Times: user=0.04 sys=0.00, real=0.02 secs] 
871.966: [GC (Allocation Failure) [PSYoungGen: 325102K->38102K(465920K)] 933964K->647140K(1463296K), 0.0055638 secs] [Times: user=0.01 sys=0.00, real=0.01 secs] 
872.234: [GC (Allocation Failure) [PSYoungGen: 271062K->184719K(465920K)] 880100K->795010K(1463296K), 0.0201146 secs] [Times: user=0.02 sys=0.00, real=0.02 secs] 
872.517: [GC (Allocation Failure) [PSYoungGen: 417679K->184398K(465920K)] 1027970K->794970K(1463296K), 0.0200350 secs] [Times: user=0.03 sys=0.00, real=0.02 secs] 
873.779: [GC (Allocation Failure) [PSYoungGen: 406874K->91452K(465920K)] 1017447K->702289K(1463296K), 0.0143737 secs] [Times: user=0.03 sys=0.00, real=0.01 secs] 
874.762: [GC (Allocation Failure) [PSYoungGen: 324412K->38102K(465920K)] 935249K->649247K(1463296K), 0.0054981 secs] [Times: user=0.01 sys=0.00, real=0.00 secs] 
875.099: [GC (Allocation Failure) [PSYoungGen: 271062K->184687K(465920K)] 882207K->797222K(1463296K), 0.0202660 secs] [Times: user=0.02 sys=0.00, real=0.02 secs] 
875.387: [GC (Allocation Failure) [PSYoungGen: 417647K->184687K(465920K)] 1030182K->797367K(1463296K), 0.0201407 secs] [Times: user=0.02 sys=0.00, real=0.02 secs] 
877.567: [GC (Allocation Failure) [PSYoungGen: 407110K->91194K(465920K)] 1019790K->704140K(1463296K), 0.0128145 secs] [Times: user=0.03 sys=0.01, real=0.02 secs] 
878.856: [GC (Allocation Failure) [PSYoungGen: 324154K->38005K(465920K)] 937100K->651260K(1463296K), 0.0055817 secs] [Times: user=0.01 sys=0.00, real=0.01 secs] 
879.124: [GC (Allocation Failure) [PSYoungGen: 270965K->183916K(465920K)] 884220K->798416K(1463296K), 0.0200897 secs] [Times: user=0.02 sys=0.00, real=0.02 secs] 
879.408: [GC (Allocation Failure) [PSYoungGen: 416876K->184847K(465920K)] 1031376K->799621K(1463296K), 0.0201603 secs] [Times: user=0.02 sys=0.00, real=0.02 secs] 
880.096: [GC (Allocation Failure) [PSYoungGen: 405547K->92030K(465920K)] 1020320K->707197K(1463296K), 0.0117795 secs] [Times: user=0.02 sys=0.00, real=0.01 secs] 
881.359: [GC (Allocation Failure) [PSYoungGen: 324990K->37941K(465920K)] 940157K->653298K(1463296K), 0.0068007 secs] [Times: user=0.02 sys=0.00, real=0.00 secs] 
881.660: [GC (Allocation Failure) [PSYoungGen: 270901K->184558K(465920K)] 886258K->801169K(1463296K), 0.0200192 secs] [Times: user=0.03 sys=0.00, real=0.02 secs] 
881.948: [GC (Allocation Failure) [PSYoungGen: 417518K->184847K(465920K)] 1034129K->801731K(1463296K), 0.0200187 secs] [Times: user=0.03 sys=0.00, real=0.02 secs] 
882.911: [GC (Allocation Failure) [PSYoungGen: 407232K->91387K(465920K)] 1024115K->708536K(1463296K), 0.0118478 secs] [Times: user=0.03 sys=0.00, real=0.01 secs] 
884.264: [GC (Allocation Failure) [PSYoungGen: 324347K->37745K(465920K)] 941496K->655209K(1463296K), 0.0063675 secs] [Times: user=0.01 sys=0.00, real=0.01 secs] 
884.545: [GC (Allocation Failure) [PSYoungGen: 270705K->186518K(465920K)] 888169K->805244K(1463296K), 0.0203073 secs] [Times: user=0.03 sys=0.00, real=0.02 secs] 
884.890: [GC (Allocation Failure) [PSYoungGen: 419478K->186132K(465920K)] 1038204K->805260K(1463296K), 0.0202660 secs] [Times: user=0.03 sys=0.00, real=0.02 secs] 
886.354: [GC (Allocation Failure) [PSYoungGen: 405444K->88383K(465920K)] 1024571K->707783K(1463296K), 0.0130771 secs] [Times: user=0.03 sys=0.00, real=0.01 secs] 
888.710: [GC (Allocation Failure) [PSYoungGen: 321343K->37427K(465920K)] 940743K->657009K(1463296K), 0.0073893 secs] [Times: user=0.01 sys=0.00, real=0.00 secs] 
889.016: [GC (Allocation Failure) [PSYoungGen: 270387K->184301K(465920K)] 889969K->805137K(1463296K), 0.0201563 secs] [Times: user=0.03 sys=0.00, real=0.02 secs] 
889.352: [GC (Allocation Failure) [PSYoungGen: 417261K->184301K(465920K)] 1038097K->805410K(1463296K), 0.0200803 secs] [Times: user=0.03 sys=0.00, real=0.02 secs] 
891.147: [GC (Allocation Failure) [PSYoungGen: 409549K->92624K(465920K)] 1030658K->714006K(1463296K), 0.0201081 secs] [Times: user=0.05 sys=0.00, real=0.02 secs] 
892.841: [GC (Allocation Failure) [PSYoungGen: 325584K->37684K(465920K)] 946966K->659368K(1463296K), 0.0066133 secs] [Times: user=0.02 sys=0.00, real=0.00 secs] 
893.137: [GC (Allocation Failure) [PSYoungGen: 270644K->184719K(465920K)] 892328K->807656K(1463296K), 0.0203262 secs] [Times: user=0.03 sys=0.00, real=0.02 secs] 
893.421: [GC (Allocation Failure) [PSYoungGen: 417679K->184623K(465920K)] 1040616K->807962K(1463296K), 0.0201587 secs] [Times: user=0.03 sys=0.00, real=0.02 secs] 
894.051: [GC (Allocation Failure) [PSYoungGen: 407346K->91580K(465920K)] 1030685K->715184K(1463296K), 0.0111434 secs] [Times: user=0.02 sys=0.00, real=0.01 secs] 
895.383: [GC (Allocation Failure) [PSYoungGen: 324540K->37556K(465920K)] 948144K->661339K(1463296K), 0.0063180 secs] [Times: user=0.01 sys=0.01, real=0.01 secs] 
895.661: [GC (Allocation Failure) [PSYoungGen: 270516K->183916K(465920K)] 894299K->808953K(1463296K), 0.0200207 secs] [Times: user=0.03 sys=0.00, real=0.02 secs] 
895.949: [GC (Allocation Failure) [PSYoungGen: 416876K->184430K(465920K)] 1041913K->809740K(1463296K), 0.0201288 secs] [Times: user=0.02 sys=0.00, real=0.02 secs] 
896.845: [GC (Allocation Failure) [PSYoungGen: 409648K->92769K(465920K)] 1034958K->718344K(1463296K), 0.0117939 secs] [Times: user=0.02 sys=0.00, real=0.01 secs] 
898.180: [GC (Allocation Failure) [PSYoungGen: 325729K->37684K(465920K)] 951304K->663559K(1463296K), 0.0064374 secs] [Times: user=0.01 sys=0.00, real=0.00 secs] 
898.458: [GC (Allocation Failure) [PSYoungGen: 270644K->184044K(465920K)] 896519K->811173K(1463296K), 0.0200274 secs] [Times: user=0.02 sys=0.00, real=0.02 secs] 
898.803: [GC (Allocation Failure) [PSYoungGen: 417004K->184558K(465920K)] 1044133K->811960K(1463296K), 0.0201432 secs] [Times: user=0.03 sys=0.00, real=0.02 secs] 
900.668: [GC (Allocation Failure) [PSYoungGen: 409741K->92383K(465920K)] 1037143K->720050K(1463296K), 0.0244920 secs] [Times: user=0.04 sys=0.01, real=0.02 secs] 
902.989: [GC (Allocation Failure) [PSYoungGen: 325343K->37845K(465920K)] 953010K->665822K(1463296K), 0.0072976 secs] [Times: user=0.02 sys=0.00, real=0.00 secs] 
903.299: [GC (Allocation Failure) [PSYoungGen: 270805K->184173K(465920K)] 898782K->813403K(1463296K), 0.0201048 secs] [Times: user=0.03 sys=0.00, real=0.02 secs] 
903.589: [GC (Allocation Failure) [PSYoungGen: 417133K->184558K(465920K)] 1046363K->814062K(1463296K), 0.0201383 secs] [Times: user=0.03 sys=0.00, real=0.02 secs] 
904.396: [GC (Allocation Failure) [PSYoungGen: 407662K->92126K(465920K)] 1037166K->721895K(1463296K), 0.0118511 secs] [Times: user=0.02 sys=0.00, real=0.01 secs] 
905.608: [GC (Allocation Failure) [PSYoungGen: 325086K->38070K(465920K)] 954855K->668151K(1463296K), 0.0067284 secs] [Times: user=0.02 sys=0.00, real=0.01 secs] 
905.972: [GC (Allocation Failure) [PSYoungGen: 271030K->184430K(465920K)] 901111K->815756K(1463296K), 0.0202603 secs] [Times: user=0.03 sys=0.00, real=0.02 secs] 
906.254: [GC (Allocation Failure) [PSYoungGen: 417390K->184558K(465920K)] 1048716K->816166K(1463296K), 0.0203631 secs] [Times: user=0.02 sys=0.00, real=0.02 secs] 
907.238: [GC (Allocation Failure) [PSYoungGen: 407100K->91596K(465920K)] 1038708K->723477K(1463296K), 0.0125402 secs] [Times: user=0.03 sys=0.00, real=0.02 secs] 
908.976: [GC (Allocation Failure) [PSYoungGen: 324556K->37684K(465920K)] 956437K->669867K(1463296K), 0.0075711 secs] [Times: user=0.02 sys=0.00, real=0.01 secs] 
909.359: [GC (Allocation Failure) [PSYoungGen: 270644K->184430K(465920K)] 902827K->817986K(1463296K), 0.0202679 secs] [Times: user=0.03 sys=0.00, real=0.02 secs] 
909.649: [GC (Allocation Failure) [PSYoungGen: 417390K->184558K(465920K)] 1050946K->818259K(1463296K), 0.0204363 secs] [Times: user=0.02 sys=0.00, real=0.02 secs] 
910.835: [GC (Allocation Failure) [PSYoungGen: 407623K->91950K(465920K)] 1041324K->725924K(1463296K), 0.0121563 secs] [Times: user=0.03 sys=0.00, real=0.01 secs] 
912.633: [GC (Allocation Failure) [PSYoungGen: 324910K->37813K(465920K)] 958884K->672103K(1463296K), 0.0076750 secs] [Times: user=0.02 sys=0.00, real=0.01 secs] 
912.947: [GC (Allocation Failure) [PSYoungGen: 270773K->184430K(465920K)] 905063K->820102K(1463296K), 0.0205759 secs] [Times: user=0.02 sys=0.00, real=0.02 secs] 
913.235: [GC (Allocation Failure) [PSYoungGen: 417390K->184494K(465920K)] 1053062K->820311K(1463296K), 0.0205673 secs] [Times: user=0.02 sys=0.00, real=0.02 secs] 
913.849: [GC (Allocation Failure) [PSYoungGen: 407066K->91837K(465920K)] 1042883K->727919K(1463296K), 0.0106016 secs] [Times: user=0.02 sys=0.00, real=0.01 secs] 
914.649: [GC (Allocation Failure) [PSYoungGen: 324797K->37877K(465920K)] 960879K->674273K(1463296K), 0.0054082 secs] [Times: user=0.01 sys=0.00, real=0.00 secs] 
914.918: [GC (Allocation Failure) [PSYoungGen: 270837K->184430K(465920K)] 907233K->822079K(1463296K), 0.0200928 secs] [Times: user=0.03 sys=0.00, real=0.02 secs] 
915.206: [GC (Allocation Failure) [PSYoungGen: 417390K->184365K(465920K)] 1055039K->822288K(1463296K), 0.0199973 secs] [Times: user=0.02 sys=0.00, real=0.02 secs] 
915.851: [GC (Allocation Failure) [PSYoungGen: 409414K->92062K(465920K)] 1047336K->730378K(1463296K), 0.0113934 secs] [Times: user=0.02 sys=0.00, real=0.01 secs] 
916.926: [GC (Allocation Failure) [PSYoungGen: 325022K->37941K(465920K)] 963338K->676429K(1463296K), 0.0062842 secs] [Times: user=0.02 sys=0.00, real=0.01 secs] 
917.203: [GC (Allocation Failure) [PSYoungGen: 270901K->184815K(465920K)] 909389K->824549K(1463296K), 0.0202988 secs] [Times: user=0.02 sys=0.00, real=0.02 secs] 
917.551: [GC (Allocation Failure) [PSYoungGen: 417775K->184687K(465920K)] 1057509K->824822K(1463296K), 0.0202032 secs] [Times: user=0.03 sys=0.00, real=0.02 secs] 
918.202: [GC (Allocation Failure) [PSYoungGen: 407095K->91242K(465920K)] 1047230K->731522K(1463296K), 0.0116530 secs] [Times: user=0.02 sys=0.00, real=0.01 secs] 
919.193: [GC (Allocation Failure) [PSYoungGen: 324202K->37973K(465920K)] 964482K->678563K(1463296K), 0.0055006 secs] [Times: user=0.02 sys=0.00, real=0.01 secs] 
919.460: [GC (Allocation Failure) [PSYoungGen: 270933K->183916K(465920K)] 911523K->825743K(1463296K), 0.0202031 secs] [Times: user=0.03 sys=0.00, real=0.02 secs] 
919.804: [GC (Allocation Failure) [PSYoungGen: 416876K->184783K(465920K)] 1058703K->826891K(1463296K), 0.0202813 secs] [Times: user=0.02 sys=0.00, real=0.02 secs] 
920.482: [GC (Allocation Failure) [PSYoungGen: 405487K->91966K(465920K)] 1047595K->734467K(1463296K), 0.0130042 secs] [Times: user=0.03 sys=0.00, real=0.01 secs] 
921.328: [GC (Allocation Failure) [PSYoungGen: 324926K->38131K(465920K)] 967427K->680820K(1463296K), 0.0054632 secs] [Times: user=0.01 sys=0.00, real=0.01 secs] 
921.597: [GC (Allocation Failure) [PSYoungGen: 271091K->184558K(465920K)] 913780K->828630K(1463296K), 0.0203318 secs] [Times: user=0.03 sys=0.00, real=0.02 secs] 
921.885: [GC (Allocation Failure) [PSYoungGen: 417518K->184623K(465920K)] 1061590K->828839K(1463296K), 0.0204305 secs] [Times: user=0.02 sys=0.00, real=0.02 secs] 
923.426: [GC (Allocation Failure) [PSYoungGen: 407185K->91291K(465920K)] 1051401K->735772K(1463296K), 0.0162879 secs] [Times: user=0.03 sys=0.00, real=0.02 secs] 
925.280: [GC (Allocation Failure) [PSYoungGen: 324251K->37459K(465920K)] 968732K->682248K(1463296K), 0.0070073 secs] [Times: user=0.01 sys=0.00, real=0.00 secs] 
925.656: [GC (Allocation Failure) [PSYoungGen: 270419K->183787K(465920K)] 915208K->829830K(1463296K), 0.0200932 secs] [Times: user=0.03 sys=0.00, real=0.02 secs] 
925.938: [GC (Allocation Failure) [PSYoungGen: 416747K->184719K(465920K)] 1062790K->831034K(1463296K), 0.0202757 secs] [Times: user=0.03 sys=0.00, real=0.02 secs] 
927.329: [GC (Allocation Failure) [PSYoungGen: 410147K->92753K(465920K)] 1056462K->739342K(1463296K), 0.0145959 secs] [Times: user=0.03 sys=0.00, real=0.01 secs] 
929.176: [GC (Allocation Failure) [PSYoungGen: 325713K->38070K(465920K)] 972302K->684959K(1463296K), 0.0063307 secs] [Times: user=0.02 sys=0.00, real=0.01 secs] 
929.452: [GC (Allocation Failure) [PSYoungGen: 271030K->184590K(465920K)] 917919K->832733K(1463296K), 0.0202016 secs] [Times: user=0.03 sys=0.00, real=0.02 secs] 
929.736: [GC (Allocation Failure) [PSYoungGen: 417550K->184269K(465920K)] 1065693K->832685K(1463296K), 0.0200927 secs] [Times: user=0.02 sys=0.00, real=0.02 secs] 
931.320: [GC (Allocation Failure) [PSYoungGen: 406846K->91709K(465920K)] 1055262K->740389K(1463296K), 0.0156635 secs] [Times: user=0.03 sys=0.00, real=0.01 secs] 
932.845: [GC (Allocation Failure) [PSYoungGen: 324669K->37684K(465920K)] 973349K->686673K(1463296K), 0.0069580 secs] [Times: user=0.01 sys=0.00, real=0.01 secs] 
933.146: [GC (Allocation Failure) [PSYoungGen: 270644K->184430K(465920K)] 919633K->834664K(1463296K), 0.0204727 secs] [Times: user=0.03 sys=0.00, real=0.02 secs] 
933.489: [GC (Allocation Failure) [PSYoungGen: 417390K->184333K(465920K)] 1067624K->834840K(1463296K), 0.0201858 secs] [Times: user=0.03 sys=0.00, real=0.02 secs] 
934.699: [GC (Allocation Failure) [PSYoungGen: 409406K->92255K(465920K)] 1059913K->743156K(1463296K), 0.0141350 secs] [Times: user=0.03 sys=0.00, real=0.01 secs] 
935.855: [GC (Allocation Failure) [PSYoungGen: 325215K->37813K(465920K)] 976116K->688895K(1463296K), 0.0063889 secs] [Times: user=0.02 sys=0.00, real=0.01 secs] 
936.195: [GC (Allocation Failure) [PSYoungGen: 270773K->184173K(465920K)] 921855K->836493K(1463296K), 0.0202058 secs] [Times: user=0.03 sys=0.00, real=0.02 secs] 
936.479: [GC (Allocation Failure) [PSYoungGen: 417133K->184526K(465920K)] 1069453K->837119K(1463296K), 0.0201767 secs] [Times: user=0.03 sys=0.00, real=0.02 secs] 
937.999: [GC (Allocation Failure) [PSYoungGen: 409684K->92094K(465920K)] 1062277K->744952K(1463296K), 0.0193082 secs] [Times: user=0.03 sys=0.01, real=0.02 secs] 
939.901: [GC (Allocation Failure) [PSYoungGen: 325054K->37684K(465920K)] 977912K->690840K(1463296K), 0.0075361 secs] [Times: user=0.02 sys=0.00, real=0.01 secs] 
940.211: [GC (Allocation Failure) [PSYoungGen: 270644K->184333K(465920K)] 923800K->838743K(1463296K), 0.0202612 secs] [Times: user=0.02 sys=0.00, real=0.02 secs] 
940.494: [GC (Allocation Failure) [PSYoungGen: 417293K->184655K(465920K)] 1071703K->839337K(1463296K), 0.0202026 secs] [Times: user=0.03 sys=0.00, real=0.02 secs] 
941.153: [GC (Allocation Failure) [PSYoungGen: 405168K->91998K(465920K)] 1059851K->746945K(1463296K), 0.0112677 secs] [Times: user=0.03 sys=0.00, real=0.01 secs] 
942.488: [GC (Allocation Failure) [PSYoungGen: 324958K->37520K(465920K)] 979905K->692776K(1463296K), 0.0054133 secs] [Times: user=0.01 sys=0.00, real=0.01 secs] 
942.757: [GC (Allocation Failure) [PSYoungGen: 270480K->184687K(465920K)] 925736K->841196K(1463296K), 0.0201562 secs] [Times: user=0.03 sys=0.00, real=0.02 secs] 
943.046: [GC (Allocation Failure) [PSYoungGen: 417647K->183980K(465920K)] 1074156K->840762K(1463296K), 0.0200541 secs] [Times: user=0.03 sys=0.00, real=0.02 secs] 
944.263: [GC (Allocation Failure) [PSYoungGen: 407983K->92496K(465920K)] 1064766K->749551K(1463296K), 0.0203865 secs] [Times: user=0.05 sys=0.00, real=0.02 secs] 
946.038: [GC (Allocation Failure) [PSYoungGen: 325456K->37813K(465920K)] 982511K->695194K(1463296K), 0.0068564 secs] [Times: user=0.02 sys=0.00, real=0.00 secs] 
946.332: [GC (Allocation Failure) [PSYoungGen: 270773K->184430K(465920K)] 928154K->843057K(1463296K), 0.0201330 secs] [Times: user=0.03 sys=0.00, real=0.02 secs] 
946.614: [GC (Allocation Failure) [PSYoungGen: 417390K->184333K(465920K)] 1076017K->843233K(1463296K), 0.0202387 secs] [Times: user=0.03 sys=0.00, real=0.02 secs] 
948.822: [GC (Allocation Failure) [PSYoungGen: 409379K->92142K(465920K)] 1068279K->751436K(1463296K), 0.0169692 secs] [Times: user=0.04 sys=0.00, real=0.02 secs] 
951.294: [GC (Allocation Failure) [PSYoungGen: 325102K->37713K(465920K)] 984396K->697180K(1463296K), 0.0074512 secs] [Times: user=0.02 sys=0.00, real=0.01 secs] 
951.593: [GC (Allocation Failure) [PSYoungGen: 270673K->184687K(465920K)] 930140K->845399K(1463296K), 0.0203448 secs] [Times: user=0.03 sys=0.00, real=0.02 secs] 
951.876: [GC (Allocation Failure) [PSYoungGen: 417647K->184366K(465920K)] 1078359K->845343K(1463296K), 0.0204620 secs] [Times: user=0.03 sys=0.00, real=0.02 secs] 
953.460: [GC (Allocation Failure) [PSYoungGen: 409411K->91885K(465920K)] 1070389K->753136K(1463296K), 0.0138216 secs] [Times: user=0.03 sys=0.00, real=0.01 secs] 
955.285: [GC (Allocation Failure) [PSYoungGen: 324845K->37620K(465920K)] 986096K->699170K(1463296K), 0.0074301 secs] [Times: user=0.02 sys=0.00, real=0.01 secs] 
955.670: [GC (Allocation Failure) [PSYoungGen: 270580K->184301K(465920K)] 932130K->847105K(1463296K), 0.0201414 secs] [Times: user=0.03 sys=0.00, real=0.02 secs] 
955.954: [GC (Allocation Failure) [PSYoungGen: 417261K->184558K(465920K)] 1080065K->847772K(1463296K), 0.0201676 secs] [Times: user=0.03 sys=0.00, real=0.02 secs] 
956.600: [GC (Allocation Failure) [PSYoungGen: 408064K->92255K(465920K)] 1071278K->755605K(1463296K), 0.0125466 secs] [Times: user=0.03 sys=0.00, real=0.01 secs] 
957.406: [GC (Allocation Failure) [PSYoungGen: 325215K->38034K(465920K)] 988565K->701693K(1463296K), 0.0054676 secs] [Times: user=0.02 sys=0.00, real=0.01 secs] 
957.733: [GC (Allocation Failure) [PSYoungGen: 270994K->184430K(465920K)] 934653K->849334K(1463296K), 0.0202361 secs] [Times: user=0.03 sys=0.00, real=0.02 secs] 
958.016: [GC (Allocation Failure) [PSYoungGen: 417390K->184558K(465920K)] 1082294K->849743K(1463296K), 0.0203086 secs] [Times: user=0.02 sys=0.00, real=0.02 secs] 
958.737: [GC (Allocation Failure) [PSYoungGen: 407097K->91741K(465920K)] 1072282K->757191K(1463296K), 0.0113070 secs] [Times: user=0.02 sys=0.00, real=0.02 secs] 
959.761: [GC (Allocation Failure) [PSYoungGen: 324701K->37973K(465920K)] 990151K->703731K(1463296K), 0.0062600 secs] [Times: user=0.01 sys=0.00, real=0.00 secs] 
960.039: [GC (Allocation Failure) [PSYoungGen: 270933K->184430K(465920K)] 936691K->851433K(1463296K), 0.0201440 secs] [Times: user=0.02 sys=0.00, real=0.02 secs] 
960.327: [GC (Allocation Failure) [PSYoungGen: 417390K->184526K(465920K)] 1084393K->851803K(1463296K), 0.0200595 secs] [Times: user=0.03 sys=0.00, real=0.02 secs] 
961.412: [GC (Allocation Failure) [PSYoungGen: 407068K->91709K(465920K)] 1074345K->759251K(1463296K), 0.0158070 secs] [Times: user=0.04 sys=0.00, real=0.01 secs] 
963.443: [GC (Allocation Failure) [PSYoungGen: 324669K->37941K(465920K)] 992211K->705783K(1463296K), 0.0063241 secs] [Times: user=0.01 sys=0.00, real=0.01 secs] 
963.727: [GC (Allocation Failure) [PSYoungGen: 270901K->184430K(465920K)] 938743K->853509K(1463296K), 0.0201254 secs] [Times: user=0.03 sys=0.00, real=0.02 secs] 
964.010: [GC (Allocation Failure) [PSYoungGen: 417390K->184237K(465920K)] 1086469K->853597K(1463296K), 0.0201617 secs] [Times: user=0.02 sys=0.00, real=0.02 secs] 
966.226: [GC (Allocation Failure) [PSYoungGen: 409141K->92110K(465920K)] 1078502K->761760K(1463296K), 0.0146363 secs] [Times: user=0.03 sys=0.00, real=0.02 secs] 
968.837: [GC (Allocation Failure) [PSYoungGen: 325070K->37202K(465920K)] 994720K->707168K(1463296K), 0.0068104 secs] [Times: user=0.01 sys=0.00, real=0.01 secs] 
969.131: [GC (Allocation Failure) [PSYoungGen: 270162K->184430K(465920K)] 940128K->855641K(1463296K), 0.0202135 secs] [Times: user=0.03 sys=0.00, real=0.02 secs] 
969.473: [GC (Allocation Failure) [PSYoungGen: 417390K->184269K(465920K)] 1088601K->855762K(1463296K), 0.0203729 secs] [Times: user=0.03 sys=0.00, real=0.02 secs] 
970.107: [GC (Allocation Failure) [PSYoungGen: 409431K->92817K(465920K)] 1080923K->764590K(1463296K), 0.0119773 secs] [Times: user=0.03 sys=0.00, real=0.02 secs] 
970.966: [GC (Allocation Failure) [PSYoungGen: 325777K->37973K(465920K)] 997550K->710057K(1463296K), 0.0055080 secs] [Times: user=0.01 sys=0.00, real=0.01 secs] 
971.234: [GC (Allocation Failure) [PSYoungGen: 270933K->184173K(465920K)] 943017K->857502K(1463296K), 0.0201452 secs] [Times: user=0.03 sys=0.00, real=0.02 secs] 
971.517: [GC (Allocation Failure) [PSYoungGen: 417133K->184558K(465920K)] 1090462K->858168K(1463296K), 0.0203054 secs] [Times: user=0.02 sys=0.00, real=0.02 secs] 
973.101: [GC (Allocation Failure) [PSYoungGen: 409712K->91998K(465920K)] 1083322K->765873K(1463296K), 0.0123252 secs] [Times: user=0.02 sys=0.00, real=0.01 secs] 
974.392: [GC (Allocation Failure) [PSYoungGen: 324958K->37877K(465920K)] 998833K->712044K(1463296K), 0.0070041 secs] [Times: user=0.02 sys=0.00, real=0.01 secs] 
974.761: [GC (Allocation Failure) [PSYoungGen: 270837K->184301K(465920K)] 945004K->859722K(1463296K), 0.0205149 secs] [Times: user=0.02 sys=0.01, real=0.02 secs] 
975.048: [GC (Allocation Failure) [PSYoungGen: 417261K->183658K(465920K)] 1092682K->859361K(1463296K), 0.0202308 secs] [Times: user=0.03 sys=0.00, real=0.02 secs] 
975.666: [GC (Allocation Failure) [PSYoungGen: 408077K->92865K(465920K)] 1083779K->768832K(1463296K), 0.0125859 secs] [Times: user=0.02 sys=0.00, real=0.02 secs] 
977.137: [GC (Allocation Failure) [PSYoungGen: 325825K->37845K(465920K)] 1001792K->714112K(1463296K), 0.0076727 secs] [Times: user=0.02 sys=0.00, real=0.01 secs] 
977.449: [GC (Allocation Failure) [PSYoungGen: 270805K->184815K(465920K)] 947072K->862336K(1463296K), 0.0203798 secs] [Times: user=0.03 sys=0.00, real=0.02 secs] 
977.732: [GC (Allocation Failure) [PSYoungGen: 417775K->184655K(465920K)] 1095296K->862577K(1463296K), 0.0202953 secs] [Times: user=0.03 sys=0.00, real=0.02 secs] 
978.978: [GC (Allocation Failure) [PSYoungGen: 407203K->91339K(465920K)] 1085126K->769406K(1463296K), 0.0198028 secs] [Times: user=0.05 sys=0.00, real=0.02 secs] 
980.935: [GC (Allocation Failure) [PSYoungGen: 324299K->37716K(465920K)] 1002366K->716099K(1463296K), 0.0078855 secs] [Times: user=0.02 sys=0.00, real=0.01 secs] 
981.247: [GC (Allocation Failure) [PSYoungGen: 270676K->183787K(465920K)] 949059K->863408K(1463296K), 0.0203537 secs] [Times: user=0.03 sys=0.00, real=0.02 secs] 
981.591: [GC (Allocation Failure) [PSYoungGen: 416747K->184687K(465920K)] 1096368K->864580K(1463296K), 0.0201805 secs] [Times: user=0.03 sys=0.00, real=0.02 secs] 
982.267: [GC (Allocation Failure) [PSYoungGen: 410095K->92528K(465920K)] 1089989K->772702K(1463296K), 0.0112956 secs] [Times: user=0.02 sys=0.00, real=0.02 secs] 
983.093: [GC (Allocation Failure) [PSYoungGen: 325488K->37973K(465920K)] 1005662K->718468K(1463296K), 0.0055274 secs] [Times: user=0.02 sys=0.00, real=0.01 secs] 
983.365: [GC (Allocation Failure) [PSYoungGen: 270933K->184430K(465920K)] 951428K->866162K(1463296K), 0.0201970 secs] [Times: user=0.02 sys=0.00, real=0.02 secs] 
983.647: [GC (Allocation Failure) [PSYoungGen: 417390K->184751K(465920K)] 1099122K->866757K(1463296K), 0.0201778 secs] [Times: user=0.03 sys=0.00, real=0.02 secs] 
984.270: [GC (Allocation Failure) [PSYoungGen: 407819K->91499K(465920K)] 1089825K->773786K(1463296K), 0.0106859 secs] [Times: user=0.02 sys=0.00, real=0.01 secs] 
985.646: [GC (Allocation Failure) [PSYoungGen: 324459K->37684K(465920K)] 1006746K->720287K(1463296K), 0.0070549 secs] [Times: user=0.02 sys=0.00, real=0.01 secs] 
985.943: [GC (Allocation Failure) [PSYoungGen: 270644K->183658K(465920K)] 953247K->867515K(1463296K), 0.0201391 secs] [Times: user=0.03 sys=0.00, real=0.02 secs] 
986.226: [GC (Allocation Failure) [PSYoungGen: 416618K->184655K(465920K)] 1100475K->868784K(1463296K), 0.0203563 secs] [Times: user=0.02 sys=0.00, real=0.02 secs] 
987.504: [GC (Allocation Failure) [PSYoungGen: 408516K->92608K(465920K)] 1092645K->777003K(1463296K), 0.0138115 secs] [Times: user=0.02 sys=0.00, real=0.01 secs] 
989.870: [GC (Allocation Failure) [PSYoungGen: 325568K->37588K(465920K)] 1009963K->722290K(1463296K), 0.0078360 secs] [Times: user=0.01 sys=0.00, real=0.00 secs] 
990.185: [GC (Allocation Failure) [PSYoungGen: 270548K->184462K(465920K)] 955250K->870418K(1463296K), 0.0203446 secs] [Times: user=0.03 sys=0.00, real=0.02 secs] 
990.469: [GC (Allocation Failure) [PSYoungGen: 417422K->184590K(465920K)] 1103378K->870956K(1463296K), 0.0203127 secs] [Times: user=0.03 sys=0.00, real=0.02 secs] 
992.343: [GC (Allocation Failure) [PSYoungGen: 409742K->92126K(465920K)] 1096107K->778628K(1463296K), 0.0164137 secs] [Times: user=0.03 sys=0.01, real=0.02 secs] 
994.034: [GC (Allocation Failure) [PSYoungGen: 325086K->37620K(465920K)] 1011588K->724448K(1463296K), 0.0065239 secs] [Times: user=0.01 sys=0.00, real=0.01 secs] 
994.315: [GC (Allocation Failure) [PSYoungGen: 270580K->184687K(465920K)] 957408K->872776K(1463296K), 0.0202089 secs] [Times: user=0.03 sys=0.00, real=0.02 secs] 
994.651: [GC (Allocation Failure) [PSYoungGen: 417647K->184430K(465920K)] 1105736K->872792K(1463296K), 0.0203073 secs] [Times: user=0.03 sys=0.00, real=0.02 secs] 
995.460: [GC (Allocation Failure) [PSYoungGen: 409462K->91966K(465920K)] 1097825K->780593K(1463296K), 0.0111137 secs] [Times: user=0.02 sys=0.00, real=0.01 secs] 
996.916: [GC (Allocation Failure) [PSYoungGen: 324926K->37588K(465920K)] 1013553K->726510K(1463296K), 0.0069809 secs] [Times: user=0.02 sys=0.00, real=0.01 secs] 
997.212: [GC (Allocation Failure) [PSYoungGen: 270548K->184815K(465920K)] 959470K->875103K(1463296K), 0.0201847 secs] [Times: user=0.02 sys=0.00, real=0.02 secs] 
997.498: [GC (Allocation Failure) [PSYoungGen: 417775K->184623K(465920K)] 1108063K->875184K(1463296K), 0.0202224 secs] [Times: user=0.03 sys=0.00, real=0.02 secs] 
998.577: [GC (Allocation Failure) [PSYoungGen: 407163K->91612K(465920K)] 1097724K->782310K(1463296K), 0.0111450 secs] [Times: user=0.03 sys=0.00, real=0.01 secs] 
999.592: [GC (Allocation Failure) [PSYoungGen: 324572K->37874K(465920K)] 1015270K->728888K(1463296K), 0.0054529 secs] [Times: user=0.01 sys=0.00, real=0.00 secs] 
999.861: [GC (Allocation Failure) [PSYoungGen: 270834K->184687K(465920K)] 961848K->877059K(1463296K), 0.0203690 secs] [Times: user=0.03 sys=0.00, real=0.02 secs] 
1000.145: [GC (Allocation Failure) [PSYoungGen: 417647K->184719K(465920K)] 1110019K->877235K(1463296K), 0.0203522 secs] [Times: user=0.03 sys=0.00, real=0.02 secs] 
1001.258: [GC (Allocation Failure) [PSYoungGen: 407278K->91484K(465920K)] 1099795K->784265K(1463296K), 0.0165546 secs] [Times: user=0.03 sys=0.01, real=0.02 secs] 
1002.861: [GC (Allocation Failure) [PSYoungGen: 324444K->37941K(465920K)] 1017225K->731028K(1463296K), 0.0069373 secs] [Times: user=0.02 sys=0.00, real=0.00 secs] 
1003.153: [GC (Allocation Failure) [PSYoungGen: 270901K->183787K(465920K)] 963988K->878112K(1463296K), 0.0202316 secs] [Times: user=0.03 sys=0.00, real=0.02 secs] 
1003.439: [GC (Allocation Failure) [PSYoungGen: 416747K->184462K(465920K)] 1111072K->879059K(1463296K), 0.0205517 secs] [Times: user=0.03 sys=0.00, real=0.02 secs] 
1005.412: [GC (Allocation Failure) [PSYoungGen: 409725K->92464K(465920K)] 1104322K->787335K(1463296K), 0.0179009 secs] [Times: user=0.03 sys=0.00, real=0.02 secs] 
1007.633: [GC (Allocation Failure) [PSYoungGen: 325424K->37813K(465920K)] 1020295K->732991K(1463296K), 0.0076949 secs] [Times: user=0.01 sys=0.00, real=0.01 secs] 
1007.938: [GC (Allocation Failure) [PSYoungGen: 270773K->184719K(465920K)] 965951K->881151K(1463296K), 0.0204146 secs] [Times: user=0.02 sys=0.00, real=0.03 secs] 
1008.226: [GC (Allocation Failure) [PSYoungGen: 417679K->184719K(465920K)] 1114111K->881552K(1463296K), 0.0208625 secs] [Times: user=0.03 sys=0.00, real=0.02 secs] 
1009.143: [GC (Allocation Failure) [PSYoungGen: 407158K->91452K(465920K)] 1103992K->788550K(1463296K), 0.0115680 secs] [Times: user=0.02 sys=0.00, real=0.01 secs] 
1011.643: [GC (Allocation Failure) [PSYoungGen: 324412K->37684K(465920K)] 1021510K->734972K(1463296K), 0.0078675 secs] [Times: user=0.01 sys=0.00, real=0.01 secs] 
1011.962: [GC (Allocation Failure) [PSYoungGen: 270644K->184687K(465920K)] 967932K->883221K(1463296K), 0.0203371 secs] [Times: user=0.03 sys=0.00, real=0.02 secs] 
1012.245: [GC (Allocation Failure) [PSYoungGen: 417647K->184687K(465920K)] 1116181K->883494K(1463296K), 0.0203912 secs] [Times: user=0.03 sys=0.00, real=0.02 secs] 
1013.000: [GC (Allocation Failure) [PSYoungGen: 407236K->91580K(465920K)] 1106043K->790652K(1463296K), 0.0111993 secs] [Times: user=0.03 sys=0.00, real=0.01 secs] 
1014.458: [GC (Allocation Failure) [PSYoungGen: 324540K->37877K(465920K)] 1023612K->737265K(1463296K), 0.0079608 secs] [Times: user=0.02 sys=0.00, real=0.01 secs] 
1014.778: [GC (Allocation Failure) [PSYoungGen: 270837K->183948K(465920K)] 970225K->884597K(1463296K), 0.0202065 secs] [Times: user=0.03 sys=0.00, real=0.02 secs] 
1015.066: [GC (Allocation Failure) [PSYoungGen: 416908K->184398K(465920K)] 1117557K->885449K(1463296K), 0.0201862 secs] [Times: user=0.02 sys=0.00, real=0.02 secs] 
1017.560: [GC (Allocation Failure) [PSYoungGen: 409628K->92512K(465920K)] 1110679K->793700K(1463296K), 0.0267881 secs] [Times: user=0.06 sys=0.00, real=0.02 secs] 
1018.732: [GC (Allocation Failure) [PSYoungGen: 325472K->38002K(465920K)] 1026660K->739498K(1463296K), 0.0055423 secs] [Times: user=0.01 sys=0.00, real=0.00 secs] 
1019.000: [GC (Allocation Failure) [PSYoungGen: 270962K->183916K(465920K)] 972458K->886649K(1463296K), 0.0202781 secs] [Times: user=0.03 sys=0.00, real=0.02 secs] 
1019.340: [GC (Allocation Failure) [PSYoungGen: 416876K->184526K(465920K)] 1119609K->887532K(1463296K), 0.0203728 secs] [Times: user=0.03 sys=0.00, real=0.02 secs] 
1020.418: [GC (Allocation Failure) [PSYoungGen: 409713K->92223K(465920K)] 1112720K->795494K(1463296K), 0.0125368 secs] [Times: user=0.02 sys=0.00, real=0.02 secs] 
1021.370: [GC (Allocation Failure) [PSYoungGen: 325183K->38102K(465920K)] 1028454K->741673K(1463296K), 0.0097427 secs] [Times: user=0.02 sys=0.00, real=0.01 secs] 
1021.718: [GC (Allocation Failure) [PSYoungGen: 271062K->184687K(465920K)] 974633K->889504K(1463296K), 0.0202483 secs] [Times: user=0.03 sys=0.00, real=0.02 secs] 
1022.008: [GC (Allocation Failure) [PSYoungGen: 417647K->184462K(465920K)] 1122464K->889560K(1463296K), 0.0201957 secs] [Times: user=0.03 sys=0.00, real=0.02 secs] 
1023.013: [GC (Allocation Failure) [PSYoungGen: 406937K->91516K(465920K)] 1112035K->796879K(1463296K), 0.0186767 secs] [Times: user=0.03 sys=0.00, real=0.02 secs] 
1023.942: [GC (Allocation Failure) [PSYoungGen: 324476K->38131K(465920K)] 1029839K->743802K(1463296K), 0.0055958 secs] [Times: user=0.01 sys=0.00, real=0.00 secs] 
1024.273: [GC (Allocation Failure) [PSYoungGen: 271091K->184719K(465920K)] 976762K->891780K(1463296K), 0.0202229 secs] [Times: user=0.03 sys=0.01, real=0.02 secs] 
1024.556: [GC (Allocation Failure) [PSYoungGen: 417679K->184687K(465920K)] 1124740K->891900K(1463296K), 0.0203455 secs] [Times: user=0.03 sys=0.00, real=0.02 secs] 
1026.085: [GC (Allocation Failure) [PSYoungGen: 407111K->91226K(465920K)] 1114324K->798705K(1463296K), 0.0213588 secs] [Times: user=0.04 sys=0.00, real=0.02 secs] 
1028.207: [GC (Allocation Failure) [PSYoungGen: 324186K->38070K(465920K)] 1031665K->745851K(1463296K), 0.0069402 secs] [Times: user=0.02 sys=0.00, real=0.01 secs] 
1028.500: [GC (Allocation Failure) [PSYoungGen: 271030K->184173K(465920K)] 978811K->893199K(1463296K), 0.0202936 secs] [Times: user=0.03 sys=0.00, real=0.02 secs] 
1028.790: [GC (Allocation Failure) [PSYoungGen: 417133K->184526K(465920K)] 1126159K->893962K(1463296K), 0.0201923 secs] [Times: user=0.03 sys=0.00, real=0.02 secs] 
1029.403: [GC (Allocation Failure) [PSYoungGen: 407132K->91853K(465920K)] 1116568K->801426K(1463296K), 0.0099068 secs] [Times: user=0.02 sys=0.00, real=0.01 secs] 
1030.794: [GC (Allocation Failure) [PSYoungGen: 324813K->37459K(465920K)] 1034386K->747340K(1463296K), 0.0055309 secs] [Times: user=0.01 sys=0.00, real=0.01 secs] 
1031.063: [GC (Allocation Failure) [PSYoungGen: 270419K->184719K(465920K)] 980300K->895853K(1463296K), 0.0202122 secs] [Times: user=0.02 sys=0.00, real=0.02 secs] 
1031.348: [GC (Allocation Failure) [PSYoungGen: 417679K->184687K(465920K)] 1128813K->896094K(1463296K), 0.0204540 secs] [Times: user=0.02 sys=0.00, real=0.03 secs] 
1032.814: [GC (Allocation Failure) [PSYoungGen: 407249K->91869K(465920K)] 1118657K->803542K(1463296K), 0.0160564 secs] [Times: user=0.04 sys=0.00, real=0.02 secs] 
1034.071: [GC (Allocation Failure) [PSYoungGen: 324829K->37877K(465920K)] 1036502K->749857K(1463296K), 0.0076466 secs] [Times: user=0.02 sys=0.00, real=0.01 secs] 
1034.426: [GC (Allocation Failure) [PSYoungGen: 270837K->183658K(465920K)] 982817K->896901K(1463296K), 0.0202311 secs] [Times: user=0.03 sys=0.00, real=0.02 secs] 
1034.709: [GC (Allocation Failure) [PSYoungGen: 416618K->184494K(465920K)] 1129861K->898017K(1463296K), 0.0202385 secs] [Times: user=0.03 sys=0.00, real=0.02 secs] 
1036.196: [GC (Allocation Failure) [PSYoungGen: 408449K->92592K(465920K)] 1121972K->806388K(1463296K), 0.0196635 secs] [Times: user=0.04 sys=0.00, real=0.02 secs] 
1037.298: [GC (Allocation Failure) [PSYoungGen: 325552K->37973K(465920K)] 1039348K->752079K(1463296K), 0.0055731 secs] [Times: user=0.01 sys=0.00, real=0.01 secs] 
1037.569: [GC (Allocation Failure) [PSYoungGen: 270933K->184333K(465920K)] 985039K->899814K(1463296K), 0.0204128 secs] [Times: user=0.03 sys=0.00, real=0.02 secs] 
1037.904: [GC (Allocation Failure) [PSYoungGen: 417293K->184365K(465920K)] 1132774K->899990K(1463296K), 0.0202759 secs] [Times: user=0.02 sys=0.00, real=0.02 secs] 
1040.063: [GC (Allocation Failure) [PSYoungGen: 409418K->92110K(465920K)] 1125043K->808137K(1463296K), 0.0171303 secs] [Times: user=0.03 sys=0.00, real=0.02 secs] 
1041.936: [GC (Allocation Failure) [PSYoungGen: 325070K->37459K(465920K)] 1041097K->753673K(1463296K), 0.0065093 secs] [Times: user=0.02 sys=0.00, real=0.01 secs] 
1042.211: [GC (Allocation Failure) [PSYoungGen: 270419K->184687K(465920K)] 986633K->902154K(1463296K), 0.0202505 secs] [Times: user=0.02 sys=0.00, real=0.02 secs] 
1042.494: [GC (Allocation Failure) [PSYoungGen: 417647K->184687K(465920K)] 1135114K->902435K(1463296K), 0.0202162 secs] [Times: user=0.03 sys=0.00, real=0.02 secs] 
1043.186: [GC (Allocation Failure) [PSYoungGen: 407247K->91869K(465920K)] 1124996K->809883K(1463296K), 0.0120496 secs] [Times: user=0.02 sys=0.00, real=0.02 secs] 
1044.043: [GC (Allocation Failure) [PSYoungGen: 324829K->38005K(465920K)] 1042843K->756329K(1463296K), 0.0057026 secs] [Times: user=0.01 sys=0.00, real=0.01 secs] 
1044.310: [GC (Allocation Failure) [PSYoungGen: 270965K->183787K(465920K)] 989289K->903372K(1463296K), 0.0201735 secs] [Times: user=0.03 sys=0.00, real=0.02 secs] 
1044.594: [GC (Allocation Failure) [PSYoungGen: 416747K->184333K(465920K)] 1136332K->904320K(1463296K), 0.0203808 secs] [Times: user=0.03 sys=0.00, real=0.02 secs] 
1046.067: [GC (Allocation Failure) [PSYoungGen: 408164K->92608K(465920K)] 1128151K->812732K(1463296K), 0.0132977 secs] [Times: user=0.03 sys=0.00, real=0.02 secs] 
1047.543: [GC (Allocation Failure) [PSYoungGen: 325568K->38005K(465920K)] 1045692K->758429K(1463296K), 0.0058188 secs] [Times: user=0.02 sys=0.00, real=0.01 secs] 
1047.811: [GC (Allocation Failure) [PSYoungGen: 270965K->184430K(465920K)] 991389K->906099K(1463296K), 0.0202877 secs] [Times: user=0.03 sys=0.00, real=0.02 secs] 
1048.094: [GC (Allocation Failure) [PSYoungGen: 417390K->184301K(465920K)] 1139059K->906251K(1463296K), 0.0202564 secs] [Times: user=0.02 sys=0.00, real=0.02 secs] 
1049.008: [GC (Allocation Failure) [PSYoungGen: 409341K->92030K(465920K)] 1131291K->814374K(1463296K), 0.0120776 secs] [Times: user=0.02 sys=0.00, real=0.02 secs] 
1050.078: [GC (Allocation Failure) [PSYoungGen: 324990K->37845K(465920K)] 1047334K->760368K(1463296K), 0.0059772 secs] [Times: user=0.01 sys=0.00, real=0.01 secs] 
1050.348: [GC (Allocation Failure) [PSYoungGen: 270805K->184847K(465920K)] 993328K->908616K(1463296K), 0.0203851 secs] [Times: user=0.02 sys=0.00, real=0.03 secs] 
1050.632: [GC (Allocation Failure) [PSYoungGen: 417807K->184623K(465920K)] 1141576K->908665K(1463296K), 0.0203046 secs] [Times: user=0.03 sys=0.00, real=0.02 secs] 
1051.813: [GC (Allocation Failure) [PSYoungGen: 407157K->91307K(465920K)] 1131199K->815622K(1463296K), 0.0145668 secs] [Times: user=0.03 sys=0.00, real=0.01 secs] 
1053.965: [GC (Allocation Failure) [PSYoungGen: 324267K->37620K(465920K)] 1048582K->762235K(1463296K), 0.0076948 secs] [Times: user=0.02 sys=0.00, real=0.01 secs] 
1054.335: [GC (Allocation Failure) [PSYoungGen: 270580K->183916K(465920K)] 995195K->909784K(1463296K), 0.0201699 secs] [Times: user=0.03 sys=0.00, real=0.02 secs] 
1054.670: [GC (Allocation Failure) [PSYoungGen: 416876K->184398K(465920K)] 1142744K->910540K(1463296K), 0.0204083 secs] [Times: user=0.03 sys=0.00, real=0.02 secs] 
1055.325: [GC (Allocation Failure) [PSYoungGen: 409615K->92785K(465920K)] 1135757K->819200K(1463296K), 0.0155645 secs] [Times: user=0.03 sys=0.00, real=0.02 secs] 
1056.787: [GC (Allocation Failure) [PSYoungGen: 325745K->37845K(465920K)] 1052160K->764560K(1463296K), 0.0079019 secs] [Times: user=0.02 sys=0.00, real=0.01 secs] 
1057.104: [GC (Allocation Failure) [PSYoungGen: 270805K->184687K(465920K)] 997520K->912647K(1463296K), 0.0202140 secs] [Times: user=0.03 sys=0.00, real=0.02 secs] 
1057.442: [GC (Allocation Failure) [PSYoungGen: 417647K->184655K(465920K)] 1145607K->913017K(1463296K), 0.0204311 secs] [Times: user=0.03 sys=0.00, real=0.02 secs] 
1058.121: [GC (Allocation Failure) [PSYoungGen: 407094K->91435K(465920K)] 1135457K->820071K(1463296K), 0.0125197 secs] [Times: user=0.02 sys=0.00, real=0.01 secs] 
1059.178: [GC (Allocation Failure) [PSYoungGen: 324395K->37941K(465920K)] 1053031K->766752K(1463296K), 0.0064587 secs] [Times: user=0.01 sys=0.00, real=0.01 secs] 
1059.458: [GC (Allocation Failure) [PSYoungGen: 270901K->184687K(465920K)] 999712K->914743K(1463296K), 0.0203524 secs] [Times: user=0.03 sys=0.00, real=0.03 secs] 
1059.803: [GC (Allocation Failure) [PSYoungGen: 417647K->184719K(465920K)] 1147703K->915048K(1463296K), 0.0202796 secs] [Times: user=0.03 sys=0.00, real=0.02 secs] 
1060.660: [GC (Allocation Failure) [PSYoungGen: 407275K->91355K(465920K)] 1137605K->821950K(1463296K), 0.0138037 secs] [Times: user=0.03 sys=0.00, real=0.01 secs] 
1062.659: [GC (Allocation Failure) [PSYoungGen: 324315K->37716K(465920K)] 1054910K->768627K(1463296K), 0.0078812 secs] [Times: user=0.02 sys=0.00, real=0.00 secs] 
1062.980: [GC (Allocation Failure) [PSYoungGen: 270676K->184719K(465920K)] 1001587K->917011K(1463296K), 0.0204656 secs] [Times: user=0.03 sys=0.00, real=0.02 secs] 
1063.324: [GC (Allocation Failure) [PSYoungGen: 417679K->184687K(465920K)] 1149971K->917124K(1463296K), 0.0203475 secs] [Times: user=0.02 sys=0.00, real=0.02 secs] 
1064.369: [GC (Allocation Failure) [PSYoungGen: 407280K->91644K(465920K)] 1139718K->824354K(1463296K), 0.0116188 secs] [Times: user=0.02 sys=0.00, real=0.01 secs] 
1066.266: [GC (Allocation Failure) [PSYoungGen: 324604K->37331K(465920K)] 1057314K->770351K(1463296K), 0.0065414 secs] [Times: user=0.02 sys=0.00, real=0.01 secs] 
1066.549: [GC (Allocation Failure) [PSYoungGen: 270291K->183819K(465920K)] 1003311K->918085K(1463296K), 0.0202399 secs] [Times: user=0.02 sys=0.00, real=0.02 secs] 
1066.833: [GC (Allocation Failure) [PSYoungGen: 416779K->184301K(465920K)] 1151045K->918969K(1463296K), 0.0203847 secs] [Times: user=0.03 sys=0.00, real=0.02 secs] 
1068.519: [GC (Allocation Failure) [PSYoungGen: 410671K->93251K(465920K)] 1145339K->828055K(1463296K), 0.0133518 secs] [Times: user=0.03 sys=0.00, real=0.01 secs] 
1070.383: [GC (Allocation Failure) [PSYoungGen: 326211K->37588K(465920K)] 1061015K->772700K(1463296K), 0.0069903 secs] [Times: user=0.02 sys=0.00, real=0.01 secs] 
1070.676: [GC (Allocation Failure) [PSYoungGen: 270548K->184430K(465920K)] 1005660K->920924K(1463296K), 0.0202736 secs] [Times: user=0.03 sys=0.00, real=0.02 secs] 
1070.959: [GC (Allocation Failure) [PSYoungGen: 417390K->184558K(465920K)] 1153884K->921205K(1463296K), 0.0202557 secs] [Times: user=0.03 sys=0.00, real=0.02 secs] 
1072.134: [GC (Allocation Failure) [PSYoungGen: 407620K->92094K(465920K)] 1144266K->829006K(1463296K), 0.0137421 secs] [Times: user=0.03 sys=0.00, real=0.01 secs] 
1073.725: [GC (Allocation Failure) [PSYoungGen: 325054K->37588K(465920K)] 1061966K->774824K(1463296K), 0.0068073 secs] [Times: user=0.01 sys=0.00, real=0.01 secs] 
1074.009: [GC (Allocation Failure) [PSYoungGen: 270548K->184526K(465920K)] 1007784K->923136K(1463296K), 0.0202752 secs] [Times: user=0.03 sys=0.00, real=0.02 secs] 
1074.348: [GC (Allocation Failure) [PSYoungGen: 417486K->184622K(465920K)] 1156096K->923393K(1463296K), 0.0203234 secs] [Times: user=0.03 sys=0.00, real=0.03 secs] 
1075.664: [GC (Allocation Failure) [PSYoungGen: 407683K->92110K(465920K)] 1146454K->831154K(1463296K), 0.0195901 secs] [Times: user=0.04 sys=0.00, real=0.02 secs] 
1077.089: [GC (Allocation Failure) [PSYoungGen: 325070K->37845K(465920K)] 1064114K->777200K(1463296K), 0.0056077 secs] [Times: user=0.01 sys=0.00, real=0.00 secs] 
1077.359: [GC (Allocation Failure) [PSYoungGen: 270805K->184462K(465920K)] 1010160K->925200K(1463296K), 0.0204425 secs] [Times: user=0.03 sys=0.00, real=0.02 secs] 
1077.705: [GC (Allocation Failure) [PSYoungGen: 417422K->184590K(465920K)] 1158160K->925473K(1463296K), 0.0203417 secs] [Times: user=0.03 sys=0.00, real=0.02 secs] 
1080.270: [GC (Allocation Failure) [PSYoungGen: 407653K->91837K(465920K)] 1148535K->832985K(1463296K), 0.0199866 secs] [Times: user=0.04 sys=0.00, real=0.02 secs] 
1082.196: [GC (Allocation Failure) [PSYoungGen: 324797K->37716K(465920K)] 1065945K->779182K(1463296K), 0.0078532 secs] [Times: user=0.01 sys=0.00, real=0.01 secs] 
1082.509: [GC (Allocation Failure) [PSYoungGen: 270676K->184430K(465920K)] 1012142K->927269K(1463296K), 0.0203645 secs] [Times: user=0.03 sys=0.00, real=0.02 secs] 
1082.792: [GC (Allocation Failure) [PSYoungGen: 417390K->184558K(465920K)] 1160229K->927550K(1463296K), 0.0204846 secs] [Times: user=0.03 sys=0.00, real=0.02 secs] 
1084.486: [GC (Allocation Failure) [PSYoungGen: 407650K->91966K(465920K)] 1150642K->835239K(1463296K), 0.0299322 secs] [Times: user=0.07 sys=0.00, real=0.03 secs] 
1086.141: [GC (Allocation Failure) [PSYoungGen: 324926K->37973K(465920K)] 1068199K->781558K(1463296K), 0.0056467 secs] [Times: user=0.02 sys=0.00, real=0.00 secs] 
1086.410: [GC (Allocation Failure) [PSYoungGen: 270933K->184430K(465920K)] 1014518K->929269K(1463296K), 0.0202145 secs] [Times: user=0.03 sys=0.00, real=0.02 secs] 
1086.750: [GC (Allocation Failure) [PSYoungGen: 417390K->184301K(465920K)] 1162229K->929421K(1463296K), 0.0202811 secs] [Times: user=0.03 sys=0.00, real=0.02 secs] 
1088.511: [GC (Allocation Failure) [PSYoungGen: 409347K->92030K(465920K)] 1154467K->837543K(1463296K), 0.0211312 secs] [Times: user=0.04 sys=0.00, real=0.02 secs] 
1090.264: [GC (Allocation Failure) [PSYoungGen: 324990K->37973K(465920K)] 1070503K->783676K(1463296K), 0.0067520 secs] [Times: user=0.02 sys=0.00, real=0.01 secs] 
1090.542: [GC (Allocation Failure) [PSYoungGen: 270933K->184301K(465920K)] 1016636K->931250K(1463296K), 0.0203658 secs] [Times: user=0.03 sys=0.00, real=0.02 secs] 
1090.825: [GC (Allocation Failure) [PSYoungGen: 417261K->184719K(465920K)] 1164210K->931948K(1463296K), 0.0204818 secs] [Times: user=0.03 sys=0.00, real=0.02 secs] 
1092.441: [GC (Allocation Failure) [PSYoungGen: 407536K->91725K(465920K)] 1154766K->839235K(1463296K), 0.0260666 secs] [Times: user=0.06 sys=0.00, real=0.02 secs] 
1094.672: [GC (Allocation Failure) [PSYoungGen: 324685K->37652K(465920K)] 1072195K->785470K(1463296K), 0.0080610 secs] [Times: user=0.02 sys=0.00, real=0.01 secs] 
1095.065: [GC (Allocation Failure) [PSYoungGen: 270612K->183819K(465920K)] 1018430K->932899K(1463296K), 0.0204078 secs] [Times: user=0.03 sys=0.00, real=0.02 secs] 
1095.408: [GC (Allocation Failure) [PSYoungGen: 416779K->184366K(465920K)] 1165859K->933719K(1463296K), 0.0204370 secs] [Times: user=0.03 sys=0.00, real=0.02 secs] 
1096.884: [GC (Allocation Failure) [PSYoungGen: 409578K->92897K(465920K)] 1158932K->842516K(1463296K), 0.0171331 secs] [Times: user=0.04 sys=0.00, real=0.02 secs] 
1098.346: [GC (Allocation Failure) [PSYoungGen: 325857K->38102K(465920K)] 1075476K->788036K(1463296K), 0.0065530 secs] [Times: user=0.02 sys=0.00, real=0.01 secs] 
1098.686: [GC (Allocation Failure) [PSYoungGen: 271062K->184687K(465920K)] 1020996K->935859K(1463296K), 0.0204158 secs] [Times: user=0.03 sys=0.00, real=0.02 secs] 
1098.969: [GC (Allocation Failure) [PSYoungGen: 417647K->184687K(465920K)] 1168819K->936132K(1463296K), 0.0203658 secs] [Times: user=0.03 sys=0.00, real=0.02 secs] 
1100.264: [GC (Allocation Failure) [PSYoungGen: 407123K->91226K(465920K)] 1158568K->842937K(1463296K), 0.0255505 secs] [Times: user=0.05 sys=0.00, real=0.03 secs] 
1102.203: [GC (Allocation Failure) [PSYoungGen: 324186K->37716K(465920K)] 1075897K->789732K(1463296K), 0.0072625 secs] [Times: user=0.01 sys=0.00, real=0.01 secs] 
1102.501: [GC (Allocation Failure) [PSYoungGen: 270676K->183948K(465920K)] 1022692K->937217K(1463296K), 0.0203380 secs] [Times: user=0.02 sys=0.00, real=0.02 secs] 
1102.784: [GC (Allocation Failure) [PSYoungGen: 416908K->184430K(465920K)] 1170177K->938109K(1463296K), 0.0204195 secs] [Times: user=0.03 sys=0.00, real=0.02 secs] 
1104.000: [GC (Allocation Failure) [PSYoungGen: 409691K->92656K(465920K)] 1163370K->846480K(1463296K), 0.0149316 secs] [Times: user=0.03 sys=0.00, real=0.01 secs] 
1106.134: [GC (Allocation Failure) [PSYoungGen: 325616K->37845K(465920K)] 1079440K->791989K(1463296K), 0.0077337 secs] [Times: user=0.02 sys=0.00, real=0.01 secs] 
1106.513: [GC (Allocation Failure) [PSYoungGen: 270805K->184687K(465920K)] 1024949K->940068K(1463296K), 0.0202789 secs] [Times: user=0.03 sys=0.00, real=0.02 secs] 
1106.850: [GC (Allocation Failure) [PSYoungGen: 417647K->184687K(465920K)] 1173028K->940341K(1463296K), 0.0203770 secs] [Times: user=0.03 sys=0.00, real=0.02 secs] 
1108.052: [GC (Allocation Failure) [PSYoungGen: 407258K->91452K(465920K)] 1162913K->847371K(1463296K), 0.0163586 secs] [Times: user=0.03 sys=0.00, real=0.02 secs] 
1108.976: [GC (Allocation Failure) [PSYoungGen: 324412K->37973K(465920K)] 1080331K->794185K(1463296K), 0.0056589 secs] [Times: user=0.01 sys=0.00, real=0.01 secs] 
1109.243: [GC (Allocation Failure) [PSYoungGen: 270933K->183916K(465920K)] 1027145K->941373K(1463296K), 0.0203333 secs] [Times: user=0.02 sys=0.00, real=0.02 secs] 
1109.527: [GC (Allocation Failure) [PSYoungGen: 416876K->184430K(465920K)] 1174333K->942288K(1463296K), 0.0202956 secs] [Times: user=0.03 sys=0.00, real=0.02 secs] 
1110.867: [GC (Allocation Failure) [PSYoungGen: 409658K->92367K(465920K)] 1167517K->850363K(1463296K), 0.0139014 secs] [Times: user=0.03 sys=0.00, real=0.02 secs] 
1113.030: [GC (Allocation Failure) [PSYoungGen: 325327K->37588K(465920K)] 1083323K->795877K(1463296K), 0.0076679 secs] [Times: user=0.02 sys=0.00, real=0.00 secs] 
1113.336: [GC (Allocation Failure) [PSYoungGen: 270548K->184687K(465920K)] 1028837K->944222K(1463296K), 0.0203889 secs] [Times: user=0.03 sys=0.01, real=0.02 secs] 
1113.621: [GC (Allocation Failure) [PSYoungGen: 417647K->184655K(465920K)] 1177182K->944591K(1463296K), 0.0205556 secs] [Times: user=0.02 sys=0.00, real=0.02 secs] 
1114.312: [GC (Allocation Failure) [PSYoungGen: 407128K->91725K(465920K)] 1167065K->851926K(1463296K), 0.0116358 secs] [Times: user=0.02 sys=0.00, real=0.01 secs] 
1115.195: [GC (Allocation Failure) [PSYoungGen: 324685K->38002K(465920K)] 1084886K->798389K(1463296K), 0.0057149 secs] [Times: user=0.01 sys=0.00, real=0.01 secs] 
1115.469: [GC (Allocation Failure) [PSYoungGen: 270962K->183787K(465920K)] 1031349K->945427K(1463296K), 0.0201828 secs] [Times: user=0.03 sys=0.00, real=0.02 secs] 
1115.751: [GC (Allocation Failure) [PSYoungGen: 416747K->184462K(465920K)] 1178387K->946383K(1463296K), 0.0202944 secs] [Times: user=0.03 sys=0.00, real=0.02 secs] 
1117.051: [GC (Allocation Failure) [PSYoungGen: 409705K->92512K(465920K)] 1171627K->854698K(1463296K), 0.0172309 secs] [Times: user=0.04 sys=0.00, real=0.02 secs] 
1118.837: [GC (Allocation Failure) [PSYoungGen: 325472K->37941K(465920K)] 1087658K->800444K(1463296K), 0.0091679 secs] [Times: user=0.02 sys=0.00, real=0.01 secs] 
1119.170: [GC (Allocation Failure) [PSYoungGen: 270901K->184687K(465920K)] 1033404K->948443K(1463296K), 0.0205934 secs] [Times: user=0.03 sys=0.00, real=0.02 secs] 
1119.512: [GC (Allocation Failure) [PSYoungGen: 417647K->184623K(465920K)] 1181403K->948781K(1463296K), 0.0206043 secs] [Times: user=0.03 sys=0.00, real=0.02 secs] 
1120.649: [GC (Allocation Failure) [PSYoungGen: 407065K->91355K(465920K)] 1171223K->855778K(1463296K), 0.0151212 secs] [Times: user=0.03 sys=0.00, real=0.01 secs] 
1121.625: [GC (Allocation Failure) [PSYoungGen: 324315K->38230K(465920K)] 1088738K->802841K(1463296K), 0.0057777 secs] [Times: user=0.01 sys=0.00, real=0.01 secs] 
1121.894: [GC (Allocation Failure) [PSYoungGen: 271190K->184687K(465920K)] 1035801K->950663K(1463296K), 0.0202846 secs] [Times: user=0.03 sys=0.00, real=0.02 secs] 
1122.232: [GC (Allocation Failure) [PSYoungGen: 417647K->184719K(465920K)] 1183623K->950848K(1463296K), 0.0204277 secs] [Times: user=0.03 sys=0.00, real=0.02 secs] 
1123.634: [GC (Allocation Failure) [PSYoungGen: 407025K->91098K(465920K)] 1173154K->857492K(1463296K), 0.0190416 secs] [Times: user=0.05 sys=0.00, real=0.02 secs] 
1125.781: [GC (Allocation Failure) [PSYoungGen: 324058K->37877K(465920K)] 1090452K->804575K(1463296K), 0.0070722 secs] [Times: user=0.02 sys=0.00, real=0.00 secs] 
1126.075: [GC (Allocation Failure) [PSYoungGen: 270837K->184719K(465920K)] 1037535K->952678K(1463296K), 0.0203323 secs] [Times: user=0.02 sys=0.00, real=0.02 secs] 
1126.358: [GC (Allocation Failure) [PSYoungGen: 417679K->184719K(465920K)] 1185638K->952960K(1463296K), 0.0204176 secs] [Times: user=0.03 sys=0.00, real=0.03 secs] 
1127.494: [GC (Allocation Failure) [PSYoungGen: 407271K->91452K(465920K)] 1175512K->859957K(1463296K), 0.0132055 secs] [Times: user=0.03 sys=0.00, real=0.01 secs] 
1129.760: [GC (Allocation Failure) [PSYoungGen: 324412K->37813K(465920K)] 1092917K->806629K(1463296K), 0.0080540 secs] [Times: user=0.02 sys=0.00, real=0.00 secs] 
1130.079: [GC (Allocation Failure) [PSYoungGen: 270773K->183787K(465920K)] 1039589K->953841K(1463296K), 0.0202452 secs] [Times: user=0.03 sys=0.00, real=0.02 secs] 
1130.423: [GC (Allocation Failure) [PSYoungGen: 416747K->184623K(465920K)] 1186801K->954957K(1463296K), 0.0203077 secs] [Times: user=0.03 sys=0.00, real=0.02 secs] 
1131.942: [GC (Allocation Failure) [PSYoungGen: 410037K->92399K(465920K)] 1180371K->862999K(1463296K), 0.0194971 secs] [Times: user=0.05 sys=0.00, real=0.02 secs] 
1133.135: [GC (Allocation Failure) [PSYoungGen: 325359K->37973K(465920K)] 1095959K->808881K(1463296K), 0.0069924 secs] [Times: user=0.01 sys=0.00, real=0.01 secs] 
1133.480: [GC (Allocation Failure) [PSYoungGen: 270933K->184430K(465920K)] 1041841K->956591K(1463296K), 0.0202232 secs] [Times: user=0.03 sys=0.00, real=0.02 secs] 
1133.827: [GC (Allocation Failure) [PSYoungGen: 417390K->184815K(465920K)] 1189551K->957250K(1463296K), 0.0205789 secs] [Times: user=0.03 sys=0.01, real=0.02 secs] 
1135.768: [GC (Allocation Failure) [PSYoungGen: 407847K->91484K(465920K)] 1180281K->864207K(1463296K), 0.0235338 secs] [Times: user=0.05 sys=0.00, real=0.03 secs] 
1137.335: [GC (Allocation Failure) [PSYoungGen: 324444K->37845K(465920K)] 1097167K->810876K(1463296K), 0.0069175 secs] [Times: user=0.02 sys=0.00, real=0.01 secs] 
1137.617: [GC (Allocation Failure) [PSYoungGen: 270805K->184558K(465920K)] 1043836K->958827K(1463296K), 0.0204610 secs] [Times: user=0.03 sys=0.00, real=0.02 secs] 
1137.905: [GC (Allocation Failure) [PSYoungGen: 417518K->184655K(465920K)] 1191787K->959205K(1463296K), 0.0203023 secs] [Times: user=0.03 sys=0.00, real=0.02 secs] 
1138.564: [GC (Allocation Failure) [PSYoungGen: 407352K->91580K(465920K)] 1181902K->866524K(1463296K), 0.0098418 secs] [Times: user=0.02 sys=0.00, real=0.01 secs] 
1139.377: [GC (Allocation Failure) [PSYoungGen: 324540K->37845K(465920K)] 1099484K->812968K(1463296K), 0.0061810 secs] [Times: user=0.02 sys=0.00, real=0.01 secs] 
1139.732: [GC (Allocation Failure) [PSYoungGen: 270805K->183787K(465920K)] 1045928K->960148K(1463296K), 0.0202548 secs] [Times: user=0.03 sys=0.00, real=0.02 secs] 
1140.015: [GC (Allocation Failure) [PSYoungGen: 416747K->184751K(465920K)] 1193108K->961385K(1463296K), 0.0202861 secs] [Times: user=0.03 sys=0.00, real=0.02 secs] 
1142.076: [GC (Allocation Failure) [PSYoungGen: 410178K->92383K(465920K)] 1186812K->869282K(1463296K), 0.0257430 secs] [Times: user=0.05 sys=0.01, real=0.03 secs] 
1143.852: [GC (Allocation Failure) [PSYoungGen: 325343K->37780K(465920K)] 1102242K->814987K(1463296K), 0.0070697 secs] [Times: user=0.02 sys=0.00, real=0.01 secs] 
1144.207: [GC (Allocation Failure) [PSYoungGen: 270740K->184076K(465920K)] 1047947K->962545K(1463296K), 0.0204239 secs] [Times: user=0.02 sys=0.00, real=0.02 secs] 
1144.491: [GC (Allocation Failure) [PSYoungGen: 417036K->184944K(465920K)] 1195505K->963694K(1463296K), 0.0203991 secs] [Times: user=0.03 sys=0.00, real=0.02 secs] 
1145.227: [GC (Allocation Failure) [PSYoungGen: 409106K->91966K(465920K)] 1187855K->870981K(1463296K), 0.0125199 secs] [Times: user=0.02 sys=0.00, real=0.02 secs] 
1146.314: [GC (Allocation Failure) [PSYoungGen: 324926K->37716K(465920K)] 1103941K->817037K(1463296K), 0.0057243 secs] [Times: user=0.01 sys=0.00, real=0.01 secs] 
1146.584: [GC (Allocation Failure) [PSYoungGen: 270676K->184944K(465920K)] 1049997K->965510K(1463296K), 0.0203378 secs] [Times: user=0.03 sys=0.00, real=0.02 secs] 
1146.922: [GC (Allocation Failure) [PSYoungGen: 417904K->184173K(465920K)] 1198470K->965012K(1463296K), 0.0202258 secs] [Times: user=0.02 sys=0.00, real=0.02 secs] 
1147.799: [GC (Allocation Failure) [PSYoungGen: 407015K->91901K(465920K)] 1187855K->873005K(1463296K), 0.0121404 secs] [Times: user=0.03 sys=0.00, real=0.01 secs] 
1148.681: [GC (Allocation Failure) [PSYoungGen: 324861K->37973K(465920K)] 1105965K->819394K(1463296K), 0.0056935 secs] [Times: user=0.02 sys=0.00, real=0.00 secs] 
1148.952: [GC (Allocation Failure) [PSYoungGen: 270933K->184430K(465920K)] 1052354K->967096K(1463296K), 0.0203349 secs] [Times: user=0.03 sys=0.00, real=0.02 secs] 
1149.234: [GC (Allocation Failure) [PSYoungGen: 417390K->184333K(465920K)] 1200056K->967280K(1463296K), 0.0202979 secs] [Times: user=0.03 sys=0.00, real=0.02 secs] 
1149.928: [GC (Allocation Failure) [PSYoungGen: 409379K->91950K(465920K)] 1192326K->875298K(1463296K), 0.0122732 secs] [Times: user=0.03 sys=0.00, real=0.01 secs] 
1151.203: [GC (Allocation Failure) [PSYoungGen: 324910K->38262K(465920K)] 1108258K->821806K(1463296K), 0.0074703 secs] [Times: user=0.02 sys=0.00, real=0.01 secs] 
1151.584: [GC (Allocation Failure) [PSYoungGen: 271222K->184815K(465920K)] 1054766K->969726K(1463296K), 0.0204884 secs] [Times: user=0.03 sys=0.00, real=0.02 secs] 
1151.867: [GC (Allocation Failure) [PSYoungGen: 417775K->184687K(465920K)] 1202686K->969870K(1463296K), 0.0204694 secs] [Times: user=0.03 sys=0.00, real=0.02 secs] 
1153.286: [GC (Allocation Failure) [PSYoungGen: 406975K->90969K(465920K)] 1192158K->876289K(1463296K), 0.0172923 secs] [Times: user=0.04 sys=0.00, real=0.02 secs] 
1154.969: [GC (Allocation Failure) [PSYoungGen: 323929K->38005K(465920K)] 1109249K->823633K(1463296K), 0.0071571 secs] [Times: user=0.02 sys=0.00, real=0.00 secs] 
1155.258: [GC (Allocation Failure) [PSYoungGen: 270965K->183948K(465920K)] 1056593K->970837K(1463296K), 0.0204271 secs] [Times: user=0.03 sys=0.00, real=0.03 secs] 
1155.547: [GC (Allocation Failure) [PSYoungGen: 416908K->184398K(465920K)] 1203797K->971560K(1463296K), 0.0204503 secs] [Times: user=0.03 sys=0.00, real=0.02 secs] 
1157.012: [GC (Allocation Failure) [PSYoungGen: 408104K->92383K(465920K)] 1195266K->879811K(1463296K), 0.0167182 secs] [Times: user=0.03 sys=0.00, real=0.02 secs] 
1158.661: [GC (Allocation Failure) [PSYoungGen: 325343K->37973K(465920K)] 1112771K->825711K(1463296K), 0.0059966 secs] [Times: user=0.01 sys=0.00, real=0.00 secs] 
1158.987: [GC (Allocation Failure) [PSYoungGen: 270933K->184462K(465920K)] 1058671K->973453K(1463296K), 0.0205017 secs] [Times: user=0.03 sys=0.00, real=0.02 secs] 
1159.273: [GC (Allocation Failure) [PSYoungGen: 417422K->184269K(465920K)] 1206413K->973534K(1463296K), 0.0204628 secs] [Times: user=0.02 sys=0.00, real=0.02 secs] 
1160.411: [GC (Allocation Failure) [PSYoungGen: 409316K->91998K(465920K)] 1198580K->881656K(1463296K), 0.0262249 secs] [Times: user=0.06 sys=0.00, real=0.02 secs] 
1161.961: [GC (Allocation Failure) [PSYoungGen: 324958K->37845K(465920K)] 1114616K->827676K(1463296K), 0.0070215 secs] [Times: user=0.02 sys=0.00, real=0.01 secs] 
1162.254: [GC (Allocation Failure) [PSYoungGen: 270805K->184687K(465920K)] 1060636K->975764K(1463296K), 0.0203515 secs] [Times: user=0.03 sys=0.00, real=0.02 secs] 
1162.537: [GC (Allocation Failure) [PSYoungGen: 417647K->184494K(465920K)] 1208724K->975852K(1463296K), 0.0203953 secs] [Times: user=0.03 sys=0.00, real=0.02 secs] 
1163.579: [GC (Allocation Failure) [PSYoungGen: 407215K->91741K(465920K)] 1198573K->883372K(1463296K), 0.0246680 secs] [Times: user=0.05 sys=0.01, real=0.02 secs] 
1165.420: [GC (Allocation Failure) [PSYoungGen: 324701K->37877K(465920K)] 1116332K->829810K(1463296K), 0.0073568 secs] [Times: user=0.02 sys=0.00, real=0.00 secs] 
1165.720: [GC (Allocation Failure) [PSYoungGen: 270837K->183787K(465920K)] 1062770K->976982K(1463296K), 0.0203568 secs] [Times: user=0.02 sys=0.00, real=0.02 secs] 
1166.008: [GC (Allocation Failure) [PSYoungGen: 416747K->184430K(465920K)] 1209942K->977898K(1463296K), 0.0204075 secs] [Times: user=0.03 sys=0.00, real=0.03 secs] 
1166.670: [GC (Allocation Failure) [PSYoungGen: 409786K->92656K(465920K)] 1203254K->886389K(1463296K), 0.0115480 secs] [Times: user=0.02 sys=0.00, real=0.01 secs] 
1167.472: [GC (Allocation Failure) [PSYoungGen: 325616K->38002K(465920K)] 1119349K->832035K(1463296K), 0.0057181 secs] [Times: user=0.02 sys=0.00, real=0.00 secs] 
1167.741: [GC (Allocation Failure) [PSYoungGen: 270962K->184173K(465920K)] 1064995K->979451K(1463296K), 0.0207302 secs] [Times: user=0.03 sys=0.00, real=0.02 secs] 
1168.029: [GC (Allocation Failure) [PSYoungGen: 417133K->184494K(465920K)] 1212411K->980054K(1463296K), 0.0204299 secs] [Times: user=0.03 sys=0.00, real=0.02 secs] 
1169.327: [GC (Allocation Failure) [PSYoungGen: 407558K->91998K(465920K)] 1203117K->887830K(1463296K), 0.0126923 secs] [Times: user=0.03 sys=0.00, real=0.02 secs] 
1171.041: [GC (Allocation Failure) [PSYoungGen: 324958K->37716K(465920K)] 1120790K->833862K(1463296K), 0.0058707 secs] [Times: user=0.02 sys=0.00, real=0.00 secs] 
1171.370: [GC (Allocation Failure) [PSYoungGen: 270676K->184462K(465920K)] 1066822K->981861K(1463296K), 0.0203910 secs] [Times: user=0.02 sys=0.00, real=0.02 secs] 
1171.653: [GC (Allocation Failure) [PSYoungGen: 417422K->184558K(465920K)] 1214821K->982231K(1463296K), 0.0204495 secs] [Times: user=0.03 sys=0.00, real=0.02 secs] 
1172.587: [GC (Allocation Failure) [PSYoungGen: 407618K->91966K(465920K)] 1205291K->889903K(1463296K), 0.0167866 secs] [Times: user=0.04 sys=0.00, real=0.02 secs] 
1174.767: [GC (Allocation Failure) [PSYoungGen: 324926K->37877K(465920K)] 1122863K->836131K(1463296K), 0.0080233 secs] [Times: user=0.02 sys=0.00, real=0.01 secs] 
1175.084: [GC (Allocation Failure) [PSYoungGen: 270837K->184462K(465920K)] 1069091K->984098K(1463296K), 0.0203955 secs] [Times: user=0.03 sys=0.00, real=0.02 secs] 
1175.367: [GC (Allocation Failure) [PSYoungGen: 417422K->184494K(465920K)] 1217058K->984275K(1463296K), 0.0204290 secs] [Times: user=0.02 sys=0.00, real=0.02 secs] 
1175.990: [GC (Allocation Failure) [PSYoungGen: 407041K->91869K(465920K)] 1206821K->891915K(1463296K), 0.0109167 secs] [Times: user=0.03 sys=0.00, real=0.01 secs] 
1176.997: [GC (Allocation Failure) [PSYoungGen: 324829K->37973K(465920K)] 1124875K->838323K(1463296K), 0.0067407 secs] [Times: user=0.02 sys=0.00, real=0.01 secs] 
1177.283: [GC (Allocation Failure) [PSYoungGen: 270933K->184462K(465920K)] 1071283K->986065K(1463296K), 0.0203146 secs] [Times: user=0.03 sys=0.00, real=0.02 secs] 
1177.566: [GC (Allocation Failure) [PSYoungGen: 417422K->184365K(465920K)] 1219025K->986241K(1463296K), 0.0203795 secs] [Times: user=0.03 sys=0.00, real=0.02 secs] 
1178.811: [GC (Allocation Failure) [PSYoungGen: 409413K->91950K(465920K)] 1211289K->894220K(1463296K), 0.0171545 secs] [Times: user=0.03 sys=0.00, real=0.01 secs] 
1180.405: [GC (Allocation Failure) [PSYoungGen: 324910K->37845K(465920K)] 1127180K->840298K(1463296K), 0.0073004 secs] [Times: user=0.01 sys=0.00, real=0.01 secs] 
1180.705: [GC (Allocation Failure) [PSYoungGen: 270805K->184815K(465920K)] 1073258K->988506K(1463296K), 0.0205086 secs] [Times: user=0.02 sys=0.00, real=0.02 secs] 
1181.036: [GC (Allocation Failure) [PSYoungGen: 417775K->184623K(465920K)] 1221466K->988715K(1463296K), 0.0205251 secs] [Times: user=0.03 sys=0.00, real=0.02 secs] 
1182.236: [GC (Allocation Failure) [PSYoungGen: 407176K->91275K(465920K)] 1211269K->895504K(1463296K), 0.0141493 secs] [Times: user=0.03 sys=0.00, real=0.02 secs] 
1183.237: [GC (Allocation Failure) [PSYoungGen: 324235K->37973K(465920K)] 1128464K->842508K(1463296K), 0.0057742 secs] [Times: user=0.01 sys=0.00, real=0.01 secs] 
1183.559: [GC (Allocation Failure) [PSYoungGen: 270933K->183819K(465920K)] 1075468K->989608K(1463296K), 0.0205232 secs] [Times: user=0.03 sys=0.00, real=0.02 secs] 
1183.852: [GC (Allocation Failure) [PSYoungGen: 416779K->184687K(465920K)] 1222568K->990748K(1463296K), 0.0204397 secs] [Times: user=0.03 sys=0.00, real=0.02 secs] 
1186.344: [GC (Allocation Failure) [PSYoungGen: 405477K->92223K(465920K)] 1211538K->898549K(1463296K), 0.0246707 secs] [Times: user=0.05 sys=0.00, real=0.03 secs] 
1187.377: [GC (Allocation Failure) [PSYoungGen: 325183K->145124K(465920K)] 1131509K->951758K(1463296K), 0.0148939 secs] [Times: user=0.03 sys=0.00, real=0.02 secs] 
1187.576: [GC (Allocation Failure) [PSYoungGen: 378084K->184558K(465920K)] 1184718K->1025214K(1463296K), 0.0220050 secs] [Times: user=0.04 sys=0.00, real=0.02 secs] 
1187.787: [GC (Allocation Failure) [PSYoungGen: 417518K->184012K(465920K)] 1258174K->1024941K(1463296K), 0.0202963 secs] [Times: user=0.03 sys=0.00, real=0.02 secs] 
1189.586: [GC (Allocation Failure) [PSYoungGen: 416972K->1376K(465920K)] 1257901K->842457K(1463296K), 0.0040351 secs] [Times: user=0.02 sys=0.00, real=0.01 secs] 
1190.069: [GC (Allocation Failure) [PSYoungGen: 234336K->134976K(465920K)] 1075417K->976231K(1463296K), 0.0153620 secs] [Times: user=0.02 sys=0.00, real=0.01 secs] 
1190.404: [GC (Allocation Failure) [PSYoungGen: 367936K->184301K(465920K)] 1209191K->1026930K(1463296K), 0.0205199 secs] [Times: user=0.03 sys=0.00, real=0.02 secs] 
1190.915: [GC (Allocation Failure) [PSYoungGen: 417261K->164945K(465920K)] 1259890K->1007719K(1463296K), 0.0239958 secs] [Times: user=0.04 sys=0.00, real=0.03 secs] 
1192.772: [GC (Allocation Failure) [PSYoungGen: 397905K->192K(465920K)] 1240679K->844385K(1463296K), 0.0041113 secs] [Times: user=0.01 sys=0.00, real=0.00 secs] 
1193.350: [GC (Allocation Failure) [PSYoungGen: 233152K->156985K(465920K)] 1077345K->1001203K(1463296K), 0.0175078 secs] [Times: user=0.03 sys=0.00, real=0.01 secs] 
1193.630: [GC (Allocation Failure) [PSYoungGen: 389945K->184430K(465920K)] 1234163K->1029901K(1463296K), 0.0203496 secs] [Times: user=0.03 sys=0.00, real=0.02 secs] 
1195.293: [GC (Allocation Failure) [PSYoungGen: 417390K->149047K(465920K)] 1262861K->994783K(1463296K), 0.0264858 secs] [Times: user=0.05 sys=0.00, real=0.03 secs] 
1196.959: [GC (Allocation Failure) [PSYoungGen: 382007K->96K(465920K)] 1227743K->847280K(1463296K), 0.0056358 secs] [Times: user=0.03 sys=0.00, real=0.00 secs] 
1197.406: [GC (Allocation Failure) [PSYoungGen: 233056K->181244K(465920K)] 1080240K->1028453K(1463296K), 0.0207914 secs] [Times: user=0.03 sys=0.00, real=0.02 secs] 
1197.693: [GC (Allocation Failure) [PSYoungGen: 414204K->186068K(465920K)] 1261413K->1034530K(1463296K), 0.0208402 secs] [Times: user=0.03 sys=0.00, real=0.02 secs] 
1198.893: [GC (Allocation Failure) [PSYoungGen: 419028K->131213K(465920K)] 1267490K->979940K(1463296K), 0.0285256 secs] [Times: user=0.05 sys=0.00, real=0.03 secs] 
1201.299: [GC (Allocation Failure) [PSYoungGen: 364173K->22165K(465920K)] 1212900K->871202K(1463296K), 0.0066920 secs] [Times: user=0.02 sys=0.00, real=0.00 secs] 
1201.698: [GC (Allocation Failure) [PSYoungGen: 255125K->185747K(465920K)] 1104162K->1036038K(1463296K), 0.0205792 secs] [Times: user=0.03 sys=0.00, real=0.02 secs] 
1201.987: [GC (Allocation Failure) [PSYoungGen: 418707K->185843K(465920K)] 1268998K->1036415K(1463296K), 0.0204929 secs] [Times: user=0.03 sys=0.00, real=0.02 secs] 
1202.749: [GC (Allocation Failure) [PSYoungGen: 418803K->105074K(465920K)] 1269375K->955911K(1463296K), 0.0143589 secs] [Times: user=0.03 sys=0.00, real=0.01 secs] 
1203.742: [GC (Allocation Failure) [PSYoungGen: 338029K->48641K(465920K)] 1188866K->899791K(1463296K), 0.0091858 secs] [Times: user=0.02 sys=0.00, real=0.01 secs] 
1204.087: [GC (Allocation Failure) [PSYoungGen: 281601K->184751K(465920K)] 1132751K->1037155K(1463296K), 0.0207882 secs] [Times: user=0.03 sys=0.00, real=0.02 secs] 
1204.374: [GC (Allocation Failure) [PSYoungGen: 417711K->186518K(465920K)] 1270115K->1039332K(1463296K), 0.0207557 secs] [Times: user=0.03 sys=0.00, real=0.02 secs] 
1205.466: [GC (Allocation Failure) [PSYoungGen: 419478K->62472K(465920K)] 1272292K->915422K(1463296K), 0.0104767 secs] [Times: user=0.02 sys=0.00, real=0.01 secs] 
1206.468: [GC (Allocation Failure) [PSYoungGen: 295432K->74377K(465920K)] 1148382K->927645K(1463296K), 0.0096345 secs] [Times: user=0.02 sys=0.00, real=0.01 secs] 
1206.740: [GC (Allocation Failure) [PSYoungGen: 307337K->184462K(465920K)] 1160605K->1038983K(1463296K), 0.0202872 secs] [Times: user=0.03 sys=0.00, real=0.02 secs] 
1207.030: [GC (Allocation Failure) [PSYoungGen: 417422K->186389K(465920K)] 1271943K->1041192K(1463296K), 0.0205639 secs] [Times: user=0.03 sys=0.00, real=0.02 secs] 
1209.110: [GC (Allocation Failure) [PSYoungGen: 419349K->37121K(465920K)] 1274152K->892189K(1463296K), 0.0089573 secs] [Times: user=0.02 sys=0.00, real=0.01 secs] 
1210.213: [GC (Allocation Failure) [PSYoungGen: 270081K->99115K(465920K)] 1125149K->954482K(1463296K), 0.0118927 secs] [Times: user=0.02 sys=0.00, real=0.01 secs] 
1210.489: [GC (Allocation Failure) [PSYoungGen: 332075K->186100K(465920K)] 1187442K->1042721K(1463296K), 0.0205979 secs] [Times: user=0.03 sys=0.00, real=0.02 secs] 
1210.837: [GC (Allocation Failure) [PSYoungGen: 419060K->185907K(465920K)] 1275681K->1042801K(1463296K), 0.0205115 secs] [Times: user=0.03 sys=0.00, real=0.02 secs] 
1211.906: [GC (Allocation Failure) [PSYoungGen: 418867K->11272K(465920K)] 1275761K->868431K(1463296K), 0.0042373 secs] [Times: user=0.01 sys=0.00, real=0.01 secs] 
1212.562: [GC (Allocation Failure) [PSYoungGen: 244232K->124951K(465920K)] 1101391K->982432K(1463296K), 0.0144158 secs] [Times: user=0.03 sys=0.00, real=0.01 secs] 
1212.899: [GC (Allocation Failure) [PSYoungGen: 357911K->184173K(465920K)] 1215392K->1042899K(1463296K), 0.0204772 secs] [Times: user=0.03 sys=0.00, real=0.02 secs] 
1213.372: [GC (Allocation Failure) [PSYoungGen: 417133K->174138K(465920K)] 1275859K->1033138K(1463296K), 0.0224598 secs] [Times: user=0.03 sys=0.00, real=0.02 secs] 
1215.749: [GC (Allocation Failure) [PSYoungGen: 407098K->160K(465920K)] 1266098K->860609K(1463296K), 0.0049591 secs] [Times: user=0.02 sys=0.00, real=0.00 secs] 
1216.545: [GC (Allocation Failure) [PSYoungGen: 233120K->146897K(465920K)] 1093569K->1007378K(1463296K), 0.0165747 secs] [Times: user=0.03 sys=0.00, real=0.02 secs] 
1216.823: [GC (Allocation Failure) [PSYoungGen: 379857K->184333K(465920K)] 1240338K->1046068K(1463296K), 0.0204771 secs] [Times: user=0.03 sys=0.00, real=0.02 secs] 
1217.325: [GC (Allocation Failure) [PSYoungGen: 417293K->159200K(465920K)] 1279028K->1021200K(1463296K), 0.0196281 secs] [Times: user=0.03 sys=0.00, real=0.02 secs] 
1218.276: [GC (Allocation Failure) [PSYoungGen: 392160K->160K(465920K)] 1254160K->863609K(1463296K), 0.0026852 secs] [Times: user=0.01 sys=0.00, real=0.01 secs] 
1218.617: [GC (Allocation Failure) [PSYoungGen: 233120K->169163K(465920K)] 1096569K->1032645K(1463296K), 0.0188251 secs] [Times: user=0.03 sys=0.00, real=0.02 secs] 
1218.955: [GC (Allocation Failure) [PSYoungGen: 402123K->184462K(465920K)] 1265605K->1049197K(1463296K), 0.0206914 secs] [Times: user=0.03 sys=0.00, real=0.02 secs] 
1219.440: [GC (Allocation Failure) [PSYoungGen: 411383K->136789K(465920K)] 1276118K->1001926K(1463296K), 0.0188267 secs] [Times: user=0.03 sys=0.00, real=0.02 secs] 
1220.492: [GC (Allocation Failure) [PSYoungGen: 369683K->1730K(465920K)] 1234820K->867034K(1463296K), 0.0030128 secs] [Times: user=0.01 sys=0.00, real=0.00 secs] 
1220.863: [GC (Allocation Failure) [PSYoungGen: 234690K->184687K(465920K)] 1099994K->1051245K(1463296K), 0.0205242 secs] [Times: user=0.03 sys=0.00, real=0.02 secs] 
1221.146: [GC (Allocation Failure) [PSYoungGen: 417647K->184430K(465920K)] 1284205K->1051261K(1463296K), 0.0203534 secs] [Times: user=0.03 sys=0.00, real=0.02 secs] 
1222.419: [GC (Allocation Failure) [PSYoungGen: 417390K->127904K(465920K)] 1284221K->995000K(1463296K), 0.0269346 secs] [Times: user=0.05 sys=0.00, real=0.02 secs] 
1223.657: [GC (Allocation Failure) [PSYoungGen: 360864K->25153K(465920K)] 1227960K->892551K(1463296K), 0.0057353 secs] [Times: user=0.02 sys=0.00, real=0.01 secs] 
1223.933: [GC (Allocation Failure) [PSYoungGen: 258113K->186550K(465920K)] 1125511K->1055202K(1463296K), 0.0207349 secs] [Times: user=0.02 sys=0.00, real=0.02 secs] 
1224.221: [GC (Allocation Failure) [PSYoungGen: 419510K->186100K(465920K)] 1288162K->1055186K(1463296K), 0.0208901 secs] [Times: user=0.03 sys=0.00, real=0.02 secs] 
1225.187: [GC (Allocation Failure) [PSYoungGen: 419060K->84594K(465920K)] 1288146K->953945K(1463296K), 0.0138334 secs] [Times: user=0.03 sys=0.00, real=0.02 secs] 
1226.242: [GC (Allocation Failure) [PSYoungGen: 317554K->52911K(465920K)] 1186905K->922439K(1463296K), 0.0073999 secs] [Times: user=0.01 sys=0.00, real=0.01 secs] 
1226.513: [GC (Allocation Failure) [PSYoungGen: 285871K->185747K(465920K)] 1155399K->1056649K(1463296K), 0.0206392 secs] [Times: user=0.03 sys=0.00, real=0.02 secs] 
1226.798: [GC (Allocation Failure) [PSYoungGen: 418707K->185843K(465920K)] 1289609K->1056898K(1463296K), 0.0205640 secs] [Times: user=0.03 sys=0.00, real=0.02 secs] 
1228.673: [GC (Allocation Failure) [PSYoungGen: 418803K->57861K(465920K)] 1289858K->929181K(1463296K), 0.0110086 secs] [Times: user=0.02 sys=0.00, real=0.01 secs] 
1229.533: [GC (Allocation Failure) [PSYoungGen: 290821K->78394K(465920K)] 1162141K->950026K(1463296K), 0.0098002 secs] [Times: user=0.01 sys=0.00, real=0.01 secs] 
1229.865: [GC (Allocation Failure) [PSYoungGen: 311354K->186229K(465920K)] 1182986K->1059116K(1463296K), 0.0207000 secs] [Times: user=0.03 sys=0.00, real=0.02 secs] 
1230.152: [GC (Allocation Failure) [PSYoungGen: 419189K->184430K(465920K)] 1292076K->1057597K(1463296K), 0.0205340 secs] [Times: user=0.03 sys=0.00, real=0.02 secs] 
1234.205: [GC (Allocation Failure) [PSYoungGen: 417390K->33313K(465920K)] 1290557K->906875K(1463296K), 0.0093715 secs] [Times: user=0.03 sys=0.00, real=0.01 secs] 
1235.309: [GC (Allocation Failure) [PSYoungGen: 266273K->102717K(465920K)] 1139835K->976465K(1463296K), 0.0124076 secs] [Times: user=0.02 sys=0.00, real=0.01 secs] 
1235.645: [GC (Allocation Failure) [PSYoungGen: 335677K->186132K(465920K)] 1209425K->1061134K(1463296K), 0.0207318 secs] [Times: user=0.03 sys=0.00, real=0.02 secs] 
1235.929: [GC (Allocation Failure) [PSYoungGen: 419092K->185940K(465920K)] 1294094K->1061215K(1463296K), 0.0207568 secs] [Times: user=0.03 sys=0.00, real=0.02 secs] 
1238.063: [GC (Allocation Failure) [PSYoungGen: 418900K->7577K(465920K)] 1294175K->883117K(1463296K), 0.0060739 secs] [Times: user=0.02 sys=0.00, real=0.01 secs] 
1238.957: [GC (Allocation Failure) [PSYoungGen: 240537K->128550K(465920K)] 1116077K->1004408K(1463296K), 0.0148308 secs] [Times: user=0.02 sys=0.00, real=0.02 secs] 
1239.240: [GC (Allocation Failure) [PSYoungGen: 361510K->186004K(465920K)] 1237368K->1063244K(1463296K), 0.0207494 secs] [Times: user=0.02 sys=0.00, real=0.02 secs] 
1239.721: [GC (Allocation Failure) [PSYoungGen: 418964K->171812K(465920K)] 1296204K->1049197K(1463296K), 0.0206475 secs] [Times: user=0.03 sys=0.00, real=0.02 secs] 
1241.732: [GC (Allocation Failure) [PSYoungGen: 404772K->96K(465920K)] 1282157K->878918K(1463296K), 0.0032058 secs] [Times: user=0.01 sys=0.00, real=0.00 secs] 
1242.394: [GC (Allocation Failure) [PSYoungGen: 233056K->152969K(465920K)] 1111878K->1031808K(1463296K), 0.0173865 secs] [Times: user=0.03 sys=0.00, real=0.02 secs] 
1242.677: [GC (Allocation Failure) [PSYoungGen: 385929K->186261K(465920K)] 1264768K->1066345K(1463296K), 0.0207430 secs] [Times: user=0.03 sys=0.00, real=0.03 secs] 
1243.519: [GC (Allocation Failure) [PSYoungGen: 419221K->151200K(465920K)] 1299305K->1031557K(1463296K), 0.0320347 secs] [Times: user=0.05 sys=0.00, real=0.03 secs] 
1245.838: [GC (Allocation Failure) [PSYoungGen: 384160K->160K(465920K)] 1264517K->881960K(1463296K), 0.0042834 secs] [Times: user=0.02 sys=0.00, real=0.01 secs] 
1246.323: [GC (Allocation Failure) [PSYoungGen: 233120K->177967K(465920K)] 1114920K->1059808K(1463296K), 0.0197393 secs] [Times: user=0.03 sys=0.00, real=0.02 secs] 
1246.664: [GC (Allocation Failure) [PSYoungGen: 410927K->186357K(465920K)] 1292768K->1069444K(1463296K), 0.0206930 secs] [Times: user=0.03 sys=0.00, real=0.02 secs] 
1247.223: [GC (Allocation Failure) [PSYoungGen: 419317K->134314K(465920K)] 1302404K->1017673K(1463296K), 0.0167786 secs] [Times: user=0.03 sys=0.00, real=0.02 secs] 
1248.375: [GC (Allocation Failure) [PSYoungGen: 367274K->19466K(465920K)] 1250633K->903137K(1463296K), 0.0051258 secs] [Times: user=0.01 sys=0.00, real=0.01 secs] 
1248.670: [GC (Allocation Failure) [PSYoungGen: 252426K->184076K(465920K)] 1136097K->1068993K(1463296K), 0.0204436 secs] [Times: user=0.03 sys=0.00, real=0.02 secs] 
1248.954: [GC (Allocation Failure) [PSYoungGen: 417036K->184687K(465920K)] 1301953K->1069885K(1463296K), 0.0205230 secs] [Times: user=0.03 sys=0.00, real=0.02 secs] 
1250.156: [GC (Allocation Failure) [PSYoungGen: 417647K->110585K(465920K)] 1302845K->996177K(1463296K), 0.0160767 secs] [Times: user=0.03 sys=0.00, real=0.02 secs] 
1252.315: [GC (Allocation Failure) [PSYoungGen: 343545K->42632K(465920K)] 1229137K->928397K(1463296K), 0.0088116 secs] [Times: user=0.02 sys=0.00, real=0.01 secs] 
1252.630: [GC (Allocation Failure) [PSYoungGen: 275592K->186004K(465920K)] 1161357K->1073151K(1463296K), 0.0207120 secs] [Times: user=0.03 sys=0.00, real=0.02 secs] 
1252.975: [GC (Allocation Failure) [PSYoungGen: 418964K->185843K(465920K)] 1306111K->1073264K(1463296K), 0.0208399 secs] [Times: user=0.03 sys=0.00, real=0.02 secs] 
1254.161: [GC (Allocation Failure) [PSYoungGen: 418803K->67854K(465920K)] 1306224K->955411K(1463296K), 0.0160143 secs] [Times: user=0.04 sys=0.00, real=0.01 secs] 
1255.575: [GC (Allocation Failure) [PSYoungGen: 300814K->67791K(465920K)] 1188371K->955669K(1463296K), 0.0105505 secs] [Times: user=0.02 sys=0.00, real=0.01 secs] 
1255.853: [GC (Allocation Failure) [PSYoungGen: 300751K->184076K(465920K)] 1188629K->1073201K(1463296K), 0.0205258 secs] [Times: user=0.02 sys=0.00, real=0.02 secs] 
1256.137: [GC (Allocation Failure) [PSYoungGen: 417036K->183948K(465920K)] 1306161K->1073353K(1463296K), 0.0204529 secs] [Times: user=0.03 sys=0.00, real=0.02 secs] 
1256.919: [GC (Allocation Failure) [PSYoungGen: 416908K->46519K(465920K)] 1306313K->936318K(1463296K), 0.0075844 secs] [Times: user=0.02 sys=0.00, real=0.00 secs] 
1257.596: [GC (Allocation Failure) [PSYoungGen: 279479K->89736K(465920K)] 1169278K->979720K(1463296K), 0.0109426 secs] [Times: user=0.01 sys=0.00, real=0.01 secs] 
1257.929: [GC (Allocation Failure) [PSYoungGen: 322696K->183819K(465920K)] 1212680K->1075057K(1463296K), 0.0204542 secs] [Times: user=0.03 sys=0.00, real=0.02 secs] 
1258.276: [GC (Allocation Failure) [PSYoungGen: 416779K->184366K(465920K)] 1308017K->1075877K(1463296K), 0.0205821 secs] [Times: user=0.03 sys=0.00, real=0.02 secs] 
1261.283: [GC (Allocation Failure) [PSYoungGen: 417326K->24445K(465920K)] 1308837K->916221K(1463296K), 0.0081869 secs] [Times: user=0.02 sys=0.00, real=0.01 secs] 
1262.778: [GC (Allocation Failure) [PSYoungGen: 257405K->111713K(465920K)] 1149181K->1003803K(1463296K), 0.0131246 secs] [Times: user=0.02 sys=0.00, real=0.01 secs] 
1263.071: [GC (Allocation Failure) [PSYoungGen: 344673K->184430K(465920K)] 1236763K->1077757K(1463296K), 0.0234418 secs] [Times: user=0.04 sys=0.00, real=0.02 secs] 
1263.365: [GC (Allocation Failure) [PSYoungGen: 417390K->184590K(465920K)] 1310717K->1078327K(1463296K), 0.0205819 secs] [Times: user=0.03 sys=0.00, real=0.02 secs] 
1266.347: [GC (Allocation Failure) [PSYoungGen: 417550K->1649K(465920K)] 1311287K->895530K(1463296K), 0.0037349 secs] [Times: user=0.02 sys=0.00, real=0.01 secs] 
1267.195: [GC (Allocation Failure) [PSYoungGen: 234609K->134237K(465920K)] 1128490K->1028440K(1463296K), 0.0154575 secs] [Times: user=0.02 sys=0.00, real=0.02 secs] 
1267.474: [GC (Allocation Failure) [PSYoungGen: 367197K->184333K(465920K)] 1261400K->1079790K(1463296K), 0.0207368 secs] [Times: user=0.03 sys=0.00, real=0.02 secs] 
1267.912: [GC (Allocation Failure) [PSYoungGen: 417293K->167796K(465920K)] 1312750K->1063518K(1463296K), 0.0210498 secs] [Times: user=0.04 sys=0.00, real=0.02 secs] 
1268.848: [GC (Allocation Failure) [PSYoungGen: 400756K->96K(465920K)] 1296478K->897257K(1463296K), 0.0031864 secs] [Times: user=0.02 sys=0.00, real=0.01 secs] 
1269.265: [GC (Allocation Failure) [PSYoungGen: 233056K->156664K(465920K)] 1130217K->1053834K(1463296K), 0.0177451 secs] [Times: user=0.03 sys=0.00, real=0.02 secs] 
1269.548: [GC (Allocation Failure) [PSYoungGen: 389624K->184462K(465920K)] 1286794K->1082877K(1463296K), 0.0207650 secs] [Times: user=0.03 sys=0.00, real=0.02 secs] 
1269.989: [GC (Allocation Failure) [PSYoungGen: 417422K->149320K(465920K)] 1315837K->1048137K(1463296K), 0.0180497 secs] [Times: user=0.03 sys=0.00, real=0.01 secs] 
1271.252: [GC (Allocation Failure) [PSYoungGen: 382280K->96K(465920K)] 1281097K->900227K(1463296K), 0.0042810 secs] [Times: user=0.01 sys=0.00, real=0.00 secs] 
1271.716: [GC (Allocation Failure) [PSYoungGen: 233056K->179252K(465920K)] 1133187K->1079400K(1463296K), 0.0199810 secs] [Times: user=0.03 sys=0.00, real=0.02 secs] 
1271.999: [GC (Allocation Failure) [PSYoungGen: 412212K->184462K(465920K)] 1312360K->1085984K(1463296K), 0.0204814 secs] [Times: user=0.03 sys=0.00, real=0.02 secs] 
1272.730: [GC (Allocation Failure) [PSYoungGen: 417422K->134972K(465920K)] 1318944K->1036759K(1463296K), 0.0220260 secs] [Times: user=0.04 sys=0.00, real=0.02 secs] 
1274.449: [GC (Allocation Failure) [PSYoungGen: 367932K->17602K(465920K)] 1269719K->919571K(1463296K), 0.0052597 secs] [Times: user=0.02 sys=0.00, real=0.00 secs] 
1274.745: [GC (Allocation Failure) [PSYoungGen: 250562K->184141K(465920K)] 1152531K->1087363K(1463296K), 0.0205080 secs] [Times: user=0.03 sys=0.00, real=0.02 secs] 
1275.028: [GC (Allocation Failure) [PSYoungGen: 417101K->183948K(465920K)] 1320323K->1087451K(1463296K), 0.0204163 secs] [Times: user=0.03 sys=0.00, real=0.03 secs] 
1275.806: [GC (Allocation Failure) [PSYoungGen: 416908K->113075K(465920K)] 1320411K->1016972K(1463296K), 0.0166439 secs] [Times: user=0.03 sys=0.00, real=0.02 secs] 
1277.413: [GC (Allocation Failure) [PSYoungGen: 346035K->39322K(465920K)] 1249932K->943401K(1463296K), 0.0073270 secs] [Times: user=0.02 sys=0.00, real=0.01 secs] 
1277.697: [GC (Allocation Failure) [PSYoungGen: 272282K->186389K(465920K)] 1176361K->1091721K(1463296K), 0.0208911 secs] [Times: user=0.03 sys=0.00, real=0.02 secs] 
1277.987: [GC (Allocation Failure) [PSYoungGen: 419349K->186100K(465920K)] 1324681K->1091705K(1463296K), 0.0206787 secs] [Times: user=0.02 sys=0.00, real=0.03 secs] 
1278.809: [GC (Allocation Failure) [PSYoungGen: 419060K->70553K(465920K)] 1324665K->976431K(1463296K), 0.0113949 secs] [Times: user=0.03 sys=0.00, real=0.01 secs] 
1280.267: [GC (Allocation Failure) [PSYoungGen: 303513K->66441K(465920K)] 1209391K->972627K(1463296K), 0.0086661 secs] [Times: user=0.02 sys=0.00, real=0.01 secs] 
1280.540: [GC (Allocation Failure) [PSYoungGen: 299401K->185875K(465920K)] 1205587K->1093435K(1463296K), 0.0207692 secs] [Times: user=0.03 sys=0.00, real=0.02 secs] 
1280.830: [GC (Allocation Failure) [PSYoungGen: 418835K->185843K(465920K)] 1326395K->1093556K(1463296K), 0.0208198 secs] [Times: user=0.03 sys=0.00, real=0.02 secs] 
1281.752: [GC (Allocation Failure) [PSYoungGen: 418803K->44270K(465920K)] 1326516K->952255K(1463296K), 0.0089023 secs] [Times: user=0.02 sys=0.00, real=0.01 secs] 
1283.215: [GC (Allocation Failure) [PSYoungGen: 277230K->92978K(465920K)] 1185215K->1001279K(1463296K), 0.0113091 secs] [Times: user=0.02 sys=0.00, real=0.01 secs] 
1283.547: [GC (Allocation Failure) [PSYoungGen: 325938K->185972K(465920K)] 1234239K->1095527K(1463296K), 0.0208403 secs] [Times: user=0.03 sys=0.00, real=0.02 secs] 
1283.890: [GC (Allocation Failure) [PSYoungGen: 418932K->184590K(465920K)] 1328487K->1094418K(1463296K), 0.0206128 secs] [Times: user=0.03 sys=0.00, real=0.02 secs] 
1284.810: [GC (Allocation Failure) [PSYoungGen: 417550K->18871K(465920K)] 1327378K->928988K(1463296K), 0.0056949 secs] [Times: user=0.02 sys=0.00, real=0.00 secs] 
1285.443: [GC (Allocation Failure) [PSYoungGen: 251831K->118040K(465920K)] 1161948K->1028465K(1463296K), 0.0139452 secs] [Times: user=0.02 sys=0.00, real=0.01 secs] 
1285.720: [GC (Allocation Failure) [PSYoungGen: 351000K->184719K(465920K)] 1261425K->1096397K(1463296K), 0.0205066 secs] [Times: user=0.03 sys=0.00, real=0.02 secs] 
1286.116: [GC (Allocation Failure) [PSYoungGen: 417679K->180581K(465920K)] 1329357K->1092524K(1463296K), 0.0233062 secs] [Times: user=0.03 sys=0.00, real=0.03 secs] 
1287.042: [GC (Allocation Failure) [PSYoungGen: 413541K->96K(465920K)] 1325484K->913477K(1463296K), 0.0035956 secs] [Times: user=0.01 sys=0.00, real=0.00 secs] 
1287.553: [GC (Allocation Failure) [PSYoungGen: 233056K->142077K(465920K)] 1146437K->1055475K(1463296K), 0.0161357 secs] [Times: user=0.02 sys=0.00, real=0.02 secs] 
1287.834: [GC (Allocation Failure) [PSYoungGen: 375037K->186261K(465920K)] 1288435K->1100912K(1463296K), 0.0206878 secs] [Times: user=0.03 sys=0.00, real=0.02 secs] 
1288.221: [GC (Allocation Failure) [PSYoungGen: 419221K->162140K(465920K)] 1333872K->1077065K(1463296K), 0.0193822 secs] [Times: user=0.03 sys=0.00, real=0.02 secs] 
1289.175: [GC (Allocation Failure) [PSYoungGen: 395100K->128K(465920K)] 1310025K->916508K(1463296K), 0.0043195 secs] [Times: user=0.03 sys=0.00, real=0.01 secs] 
1289.568: [GC (Allocation Failure) [PSYoungGen: 233088K->167521K(465920K)] 1149468K->1083934K(1463296K), 0.0188425 secs] [Times: user=0.03 sys=0.00, real=0.01 secs] 
1289.854: [GC (Allocation Failure) [PSYoungGen: 400481K->184976K(465920K)] 1316894K->1102642K(1463296K), 0.0205838 secs] [Times: user=0.03 sys=0.00, real=0.02 secs] 
1290.555: [GC (Allocation Failure) [PSYoungGen: 415274K->137994K(465920K)] 1332940K->1055925K(1463296K), 0.0166316 secs] [Times: user=0.02 sys=0.00, real=0.02 secs] 
1292.648: [GC (Allocation Failure) [PSYoungGen: 370954K->1730K(465920K)] 1288885K->919963K(1463296K), 0.0039764 secs] [Times: user=0.02 sys=0.00, real=0.01 secs] 
1292.962: [GC (Allocation Failure) [PSYoungGen: 234690K->184687K(465920K)] 1152923K->1104294K(1463296K), 0.0205593 secs] [Times: user=0.03 sys=0.00, real=0.02 secs] 
1293.301: [GC (Allocation Failure) [PSYoungGen: 417647K->184719K(465920K)] 1337254K->1104607K(1463296K), 0.0205324 secs] [Times: user=0.03 sys=0.00, real=0.02 secs] 
1293.899: [GC (Allocation Failure) [PSYoungGen: 417679K->127647K(465920K)] 1337567K->1047800K(1463296K), 0.0170038 secs] [Times: user=0.04 sys=0.00, real=0.01 secs] 
1295.116: [GC (Allocation Failure) [PSYoungGen: 360607K->25249K(465920K)] 1280760K->945576K(1463296K), 0.0084469 secs] [Times: user=0.03 sys=0.00, real=0.01 secs] 
1295.484: [GC (Allocation Failure) [PSYoungGen: 258209K->186518K(465920K)] 1178536K->1108227K(1463296K), 0.0208279 secs] [Times: user=0.03 sys=0.00, real=0.02 secs] 
1295.769: [GC (Allocation Failure) [PSYoungGen: 419478K->186100K(465920K)] 1341187K->1108082K(1463296K), 0.0208981 secs] [Times: user=0.03 sys=0.00, real=0.02 secs] 
1297.013: [GC (Allocation Failure) [PSYoungGen: 419060K->84466K(465920K)] 1341042K->1006713K(1463296K), 0.0159787 secs] [Times: user=0.03 sys=0.00, real=0.02 secs] 
1298.661: [GC (Allocation Failure) [PSYoungGen: 317426K->52625K(465920K)] 1239673K->975053K(1463296K), 0.0090453 secs] [Times: user=0.02 sys=0.00, real=0.01 secs] 
1298.957: [GC (Allocation Failure) [PSYoungGen: 285585K->185747K(465920K)] 1208013K->1109421K(1463296K), 0.0206140 secs] [Times: user=0.03 sys=0.00, real=0.02 secs] 
1299.247: [GC (Allocation Failure) [PSYoungGen: 418707K->185843K(465920K)] 1342381K->1109799K(1463296K), 0.0207457 secs] [Times: user=0.03 sys=0.00, real=0.02 secs] 
1300.676: [GC (Allocation Failure) [PSYoungGen: 418803K->58182K(465920K)] 1342759K->982403K(1463296K), 0.0224312 secs] [Times: user=0.05 sys=0.00, real=0.03 secs] 
1302.463: [GC (Allocation Failure) [PSYoungGen: 291142K->77622K(465920K)] 1215363K->1002161K(1463296K), 0.0115154 secs] [Times: user=0.03 sys=0.00, real=0.01 secs] 
1302.817: [GC (Allocation Failure) [PSYoungGen: 310582K->186389K(465920K)] 1235121K->1112310K(1463296K), 0.0207781 secs] [Times: user=0.03 sys=0.00, real=0.02 secs] 
1303.105: [GC (Allocation Failure) [PSYoungGen: 419349K->186068K(465920K)] 1345270K->1112133K(1463296K), 0.0207015 secs] [Times: user=0.03 sys=0.00, real=0.02 secs] 
1303.927: [GC (Allocation Failure) [PSYoungGen: 419028K->32253K(465920K)] 1345093K->958712K(1463296K), 0.0063362 secs] [Times: user=0.01 sys=0.00, real=0.01 secs] 
1304.534: [GC (Allocation Failure) [PSYoungGen: 265213K->104516K(465920K)] 1191672K->1031162K(1463296K), 0.0124532 secs] [Times: user=0.02 sys=0.00, real=0.01 secs] 
1304.812: [GC (Allocation Failure) [PSYoungGen: 337476K->185972K(465920K)] 1264122K->1113864K(1463296K), 0.0207018 secs] [Times: user=0.03 sys=0.00, real=0.02 secs] 
1305.095: [GC (Allocation Failure) [PSYoungGen: 418932K->184494K(465920K)] 1346824K->1112659K(1463296K), 0.0205448 secs] [Times: user=0.03 sys=0.00, real=0.02 secs] 
1306.033: [GC (Allocation Failure) [PSYoungGen: 417454K->7336K(465920K)] 1345619K->935766K(1463296K), 0.0042377 secs] [Times: user=0.02 sys=0.00, real=0.00 secs] 
1306.612: [GC (Allocation Failure) [PSYoungGen: 240296K->129578K(465920K)] 1168726K->1058329K(1463296K), 0.0149695 secs] [Times: user=0.02 sys=0.00, real=0.01 secs] 
1306.893: [GC (Allocation Failure) [PSYoungGen: 362538K->186100K(465920K)] 1291289K->1116226K(1463296K), 0.0207568 secs] [Times: user=0.03 sys=0.00, real=0.02 secs] 
1307.622: [GC (Allocation Failure) [PSYoungGen: 419060K->168544K(465920K)] 1349186K->1098806K(1463296K), 0.0286299 secs] [Times: user=0.04 sys=0.00, real=0.03 secs] 
1310.617: [GC (Allocation Failure) [PSYoungGen: 401504K->96K(465920K)] 1331766K->931805K(1463296K), 0.0040704 secs] [Times: user=0.02 sys=0.00, real=0.01 secs] 
1311.031: [GC (Allocation Failure) [PSYoungGen: 233056K->154994K(465920K)] 1164765K->1086728K(1463296K), 0.0176486 secs] [Times: user=0.03 sys=0.00, real=0.02 secs] 
1311.312: [GC (Allocation Failure) [PSYoungGen: 387954K->184687K(465920K)] 1319688K->1117666K(1463296K), 0.0205566 secs] [Times: user=0.03 sys=0.00, real=0.02 secs] 
1311.824: [GC (Allocation Failure) [PSYoungGen: 417647K->150702K(465920K)] 1350626K->1083954K(1463296K), 0.0189651 secs] [Times: user=0.03 sys=0.00, real=0.02 secs] 
1313.437: [GC (Allocation Failure) [PSYoungGen: 383662K->64K(465920K)] 1316914K->934752K(1463296K), 0.0033752 secs] [Times: user=0.02 sys=0.00, real=0.01 secs] 
1313.792: [GC (Allocation Failure) [PSYoungGen: 233024K->179927K(465920K)] 1167712K->1114631K(1463296K), 0.0199517 secs] [Times: user=0.03 sys=0.00, real=0.02 secs] 
1314.077: [GC (Allocation Failure) [PSYoungGen: 412887K->186293K(465920K)] 1347591K->1122243K(1463296K), 0.0207345 secs] [Times: user=0.03 sys=0.00, real=0.02 secs] 
1314.698: [GC (Allocation Failure) [PSYoungGen: 419253K->132562K(465920K)] 1355203K->1068794K(1463296K), 0.0164966 secs] [Times: user=0.03 sys=0.00, real=0.02 secs] 
1315.751: [GC (Allocation Failure) [PSYoungGen: 365522K->21394K(465920K)] 1301754K->957935K(1463296K), 0.0051663 secs] [Times: user=0.02 sys=0.00, real=0.00 secs] 
1316.106: [GC (Allocation Failure) [PSYoungGen: 254354K->185715K(465920K)] 1190895K->1123630K(1463296K), 0.0207426 secs] [Times: user=0.03 sys=0.00, real=0.02 secs] 
1316.389: [GC (Allocation Failure) [PSYoungGen: 418675K->184462K(465920K)] 1356590K->1122529K(1463296K), 0.0206161 secs] [Times: user=0.03 sys=0.00, real=0.02 secs] 
1317.882: [GC (Allocation Failure) [PSYoungGen: 417422K->107211K(465920K)] 1355489K->1045544K(1463296K), 0.0165117 secs] [Times: user=0.03 sys=0.00, real=0.02 secs] 
1319.105: [GC (Allocation Failure) [PSYoungGen: 340171K->46549K(465920K)] 1278504K->985197K(1463296K), 0.0067276 secs] [Times: user=0.02 sys=0.00, real=0.01 secs] 
1319.438: [GC (Allocation Failure) [PSYoungGen: 279509K->185972K(465920K)] 1218157K->1125874K(1463296K), 0.0208929 secs] [Times: user=0.03 sys=0.00, real=0.03 secs] 
1319.732: [GC (Allocation Failure) [PSYoungGen: 418932K->185940K(465920K)] 1358834K->1126115K(1463296K), 0.0210532 secs] [Times: user=0.03 sys=0.00, real=0.02 secs] 
1320.462: [GC (Allocation Failure) [PSYoungGen: 418900K->63934K(465920K)] 1359075K->1004503K(1463296K), 0.0107562 secs] [Times: user=0.03 sys=0.00, real=0.01 secs] 
1321.282: [GC (Allocation Failure) [PSYoungGen: 296894K->73153K(465920K)] 1237463K->1013902K(1463296K), 0.0093606 secs] [Times: user=0.02 sys=0.00, real=0.01 secs] 
1321.554: [GC (Allocation Failure) [PSYoungGen: 306113K->184269K(465920K)] 1246862K->1126263K(1463296K), 0.0207079 secs] [Times: user=0.03 sys=0.00, real=0.02 secs] 
1321.839: [GC (Allocation Failure) [PSYoungGen: 417229K->184751K(465920K)] 1359223K->1127026K(1463296K), 0.0204627 secs] [Times: user=0.03 sys=0.00, real=0.02 secs] 
1323.769: [GC (Allocation Failure) [PSYoungGen: 417711K->40238K(465920K)] 1359986K->982914K(1463296K), 0.0126039 secs] [Times: user=0.03 sys=0.00, real=0.01 secs] 
1325.140: [GC (Allocation Failure) [PSYoungGen: 273198K->96547K(465920K)] 1215874K->1039403K(1463296K), 0.0116942 secs] [Times: user=0.02 sys=0.00, real=0.01 secs] 
1325.417: [GC (Allocation Failure) [PSYoungGen: 329507K->186357K(465920K)] 1272363K->1130475K(1463296K), 0.0208704 secs] [Times: user=0.03 sys=0.00, real=0.02 secs] 
1325.706: [GC (Allocation Failure) [PSYoungGen: 419317K->184494K(465920K)] 1363435K->1128893K(1463296K), 0.0206535 secs] [Times: user=0.03 sys=0.00, real=0.02 secs] 
1326.999: [GC (Allocation Failure) [PSYoungGen: 417454K->14934K(465920K)] 1361853K->959598K(1463296K), 0.0047598 secs] [Times: user=0.02 sys=0.00, real=0.00 secs] 
1327.698: [GC (Allocation Failure) [PSYoungGen: 247894K->121995K(465920K)] 1192558K->1066975K(1463296K), 0.0142036 secs] [Times: user=0.02 sys=0.00, real=0.02 secs] 
1327.977: [GC (Allocation Failure) [PSYoungGen: 354955K->186100K(465920K)] 1299935K->1132326K(1463296K), 0.0207145 secs] [Times: user=0.03 sys=0.00, real=0.02 secs] 
1328.370: [GC (Allocation Failure) [PSYoungGen: 419060K->175119K(465920K)] 1365286K->1121617K(1463296K), 0.0215354 secs] [Times: user=0.03 sys=0.00, real=0.02 secs] 
1330.033: [GC (Allocation Failure) [PSYoungGen: 408079K->96K(465920K)] 1354577K->948034K(1463296K), 0.0037800 secs] [Times: user=0.02 sys=0.00, real=0.00 secs] 
1330.758: [GC (Allocation Failure) [PSYoungGen: 233056K->146832K(465920K)] 1180994K->1094786K(1463296K), 0.0167426 secs] [Times: user=0.02 sys=0.00, real=0.02 secs] 
1331.094: [GC (Allocation Failure) [PSYoungGen: 379792K->186229K(465920K)] 1327746K->1135429K(1463296K), 0.0207539 secs] [Times: user=0.03 sys=0.00, real=0.02 secs] 
1331.852: [GC (Allocation Failure) [PSYoungGen: 419189K->157401K(465920K)] 1368389K->1106866K(1463296K), 0.0256329 secs] [Times: user=0.04 sys=0.00, real=0.02 secs] 
1332.976: [GC (Allocation Failure) [PSYoungGen: 390361K->96K(465920K)] 1339826K->951008K(1463296K), 0.0032907 secs] [Times: user=0.01 sys=0.00, real=0.01 secs] 
1333.536: [GC (Allocation Failure) [PSYoungGen: 233056K->172216K(465920K)] 1183968K->1123152K(1463296K), 0.0192799 secs] [Times: user=0.03 sys=0.00, real=0.02 secs] 
1333.820: [GC (Allocation Failure) [PSYoungGen: 405176K->186421K(465920K)] 1356112K->1138612K(1463296K), 0.0211769 secs] [Times: user=0.03 sys=0.00, real=0.02 secs] 
1334.543: [GC (Allocation Failure) [PSYoungGen: 419381K->139985K(465920K)] 1371572K->1092577K(1463296K), 0.0201331 secs] [Times: user=0.04 sys=0.00, real=0.02 secs] 
1336.697: [GC (Allocation Failure) [PSYoungGen: 372945K->13939K(465920K)] 1325537K->966719K(1463296K), 0.0076176 secs] [Times: user=0.02 sys=0.01, real=0.01 secs] 
1337.053: [GC (Allocation Failure) [PSYoungGen: 246899K->185747K(465920K)] 1199679K->1139900K(1463296K), 0.0207070 secs] [Times: user=0.03 sys=0.00, real=0.02 secs] 
1337.339: [GC (Allocation Failure) [PSYoungGen: 418707K->185875K(465920K)] 1372860K->1140181K(1463296K), 0.0206094 secs] [Times: user=0.03 sys=0.00, real=0.02 secs] 
1339.039: [GC (Allocation Failure) [PSYoungGen: 418835K->113252K(465920K)] 1373141K->1067823K(1463296K), 0.0304804 secs] [Times: user=0.06 sys=0.00, real=0.03 secs] 
1340.803: [GC (Allocation Failure) [PSYoungGen: 346212K->39901K(465920K)] 1300783K->994780K(1463296K), 0.0102475 secs] [Times: user=0.03 sys=0.00, real=0.01 secs] 
1341.126: [GC (Allocation Failure) [PSYoungGen: 272861K->186261K(465920K)] 1227740K->1142385K(1463296K), 0.0209551 secs] [Times: user=0.03 sys=0.01, real=0.02 secs] 
1341.412: [GC (Allocation Failure) [PSYoungGen: 419221K->185875K(465920K)] 1375345K->1142273K(1463296K), 0.0207353 secs] [Times: user=0.03 sys=0.00, real=0.02 secs] 
1344.217: [GC (Allocation Failure) [PSYoungGen: 418835K->70360K(465920K)] 1375233K->1027031K(1463296K), 0.0184780 secs] [Times: user=0.04 sys=0.00, real=0.02 secs] 
1345.644: [GC (Allocation Failure) [PSYoungGen: 303320K->66567K(465920K)] 1259991K->1023551K(1463296K), 0.0087804 secs] [Times: user=0.02 sys=0.00, real=0.01 secs] 
1345.978: [GC (Allocation Failure) [PSYoungGen: 299527K->186197K(465920K)] 1256511K->1144427K(1463296K), 0.0207503 secs] [Times: user=0.03 sys=0.00, real=0.03 secs] 
1346.267: [GC (Allocation Failure) [PSYoungGen: 419157K->185972K(465920K)] 1377387K->1144483K(1463296K), 0.0207692 secs] [Times: user=0.03 sys=0.00, real=0.02 secs] 
1348.269: [GC (Allocation Failure) [PSYoungGen: 418932K->43627K(465920K)] 1377443K->1002532K(1463296K), 0.0119513 secs] [Times: user=0.03 sys=0.00, real=0.01 secs] 
1349.280: [GC (Allocation Failure) [PSYoungGen: 276494K->92917K(465920K)] 1235399K->1052014K(1463296K), 0.0115379 secs] [Times: user=0.02 sys=0.00, real=0.01 secs] 
1349.555: [GC (Allocation Failure) [PSYoungGen: 325877K->184847K(465920K)] 1284974K->1145199K(1463296K), 0.0206384 secs] [Times: user=0.03 sys=0.00, real=0.02 secs] 
1349.898: [GC (Allocation Failure) [PSYoungGen: 417807K->184141K(465920K)] 1378159K->1144765K(1463296K), 0.0208988 secs] [Times: user=0.03 sys=0.00, real=0.03 secs] 
1350.765: [GC (Allocation Failure) [PSYoungGen: 417101K->20461K(465920K)] 1377725K->981350K(1463296K), 0.0053383 secs] [Times: user=0.01 sys=0.00, real=0.01 secs] 
1351.680: [GC (Allocation Failure) [PSYoungGen: 253421K->117079K(465920K)] 1214310K->1078290K(1463296K), 0.0138358 secs] [Times: user=0.02 sys=0.00, real=0.01 secs] 
1352.021: [GC (Allocation Failure) [PSYoungGen: 350039K->186100K(465920K)] 1311250K->1148565K(1463296K), 0.0208600 secs] [Times: user=0.03 sys=0.00, real=0.02 secs] 
1352.402: [GC (Allocation Failure) [PSYoungGen: 419060K->180082K(465920K)] 1381525K->1142820K(1463296K), 0.0231726 secs] [Times: user=0.03 sys=0.01, real=0.02 secs] 
1354.179: [GC (Allocation Failure) [PSYoungGen: 413042K->128K(465920K)] 1375780K->964303K(1463296K), 0.0052032 secs] [Times: user=0.02 sys=0.01, real=0.00 secs] 
1355.131: [GC (Allocation Failure) [PSYoungGen: 233088K->142013K(465920K)] 1197263K->1106220K(1463296K), 0.0162797 secs] [Times: user=0.02 sys=0.00, real=0.01 secs] 
1355.411: [GC (Allocation Failure) [PSYoungGen: 374973K->184269K(465920K)] 1339180K->1149859K(1463296K), 0.0209781 secs] [Times: user=0.03 sys=0.00, real=0.02 secs] 
1356.462: [GC (Allocation Failure) [PSYoungGen: 413824K->159956K(465920K)] 1379413K->1125819K(1463296K), 0.0457140 secs] [Times: user=0.08 sys=0.00, real=0.04 secs] 
1358.112: [GC (Allocation Failure) [PSYoungGen: 392916K->96K(465920K)] 1358779K->967265K(1463296K), 0.0033127 secs] [Times: user=0.01 sys=0.00, real=0.00 secs] 
1358.506: [GC (Allocation Failure) [PSYoungGen: 233056K->161644K(465920K)] 1200225K->1128830K(1463296K), 0.0181701 secs] [Times: user=0.03 sys=0.00, real=0.02 secs] 
1358.788: [GC (Allocation Failure) [PSYoungGen: 394604K->184815K(465920K)] 1361790K->1153247K(1463296K), 0.0205852 secs] [Times: user=0.03 sys=0.00, real=0.03 secs] 
1359.547: [GC (Allocation Failure) [PSYoungGen: 417775K->144035K(465920K)] 1386207K->1112731K(1463296K), 0.0197402 secs] [Times: user=0.04 sys=0.00, real=0.02 secs] 
1360.810: [GC (Allocation Failure) [PSYoungGen: 376995K->96K(465920K)] 1345691K->969098K(1463296K), 0.0034278 secs] [Times: user=0.02 sys=0.00, real=0.00 secs] 
1361.116: [GC (Allocation Failure) [PSYoungGen: 233056K->185100K(465920K)] 1202058K->1154134K(1463296K), 0.0204538 secs] [Times: user=0.03 sys=0.00, real=0.02 secs] 
1361.408: [GC (Allocation Failure) [PSYoungGen: 418060K->184815K(465920K)] 1387094K->1155103K(1463296K), 0.0206977 secs] [Times: user=0.03 sys=0.00, real=0.03 secs] 
1362.249: [GC (Allocation Failure) [PSYoungGen: 417775K->128675K(465920K)] 1388063K->1099236K(1463296K), 0.0173356 secs] [Times: user=0.04 sys=0.00, real=0.01 secs] 
1363.288: [GC (Allocation Failure) [PSYoungGen: 361508K->24350K(465920K)] 1332069K->995216K(1463296K), 0.0052710 secs] [Times: user=0.02 sys=0.00, real=0.01 secs] 
1363.561: [GC (Allocation Failure) [PSYoungGen: 257310K->186261K(465920K)] 1228176K->1158381K(1463296K), 0.0208873 secs] [Times: user=0.03 sys=0.00, real=0.02 secs] 
1363.851: [GC (Allocation Failure) [PSYoungGen: 419221K->184687K(465920K)] 1391341K->1157080K(1463296K), 0.0206550 secs] [Times: user=0.03 sys=0.00, real=0.02 secs] 
1364.971: [GC (Allocation Failure) [PSYoungGen: 417647K->103452K(465920K)] 1390040K->1076127K(1463296K), 0.0131905 secs] [Times: user=0.03 sys=0.00, real=0.01 secs] 
1365.814: [GC (Allocation Failure) [PSYoungGen: 336412K->48705K(465920K)] 1309087K->1021701K(1463296K), 0.0069547 secs] [Times: user=0.01 sys=0.00, real=0.01 secs] 
1366.087: [GC (Allocation Failure) [PSYoungGen: 281665K->186389K(465920K)] 1254661K->1160623K(1463296K), 0.0207784 secs] [Times: user=0.03 sys=0.00, real=0.02 secs] 
1366.432: [GC (Allocation Failure) [PSYoungGen: 419349K->186004K(465920K)] 1393583K->1160647K(1463296K), 0.0206578 secs] [Times: user=0.03 sys=0.00, real=0.02 secs] 
1367.580: [GC (Allocation Failure) [PSYoungGen: 418964K->61347K(465920K)] 1393607K->1036135K(1463296K), 0.0103286 secs] [Times: user=0.02 sys=0.00, real=0.01 secs] 
1368.425: [GC (Allocation Failure) [PSYoungGen: 294307K->75823K(465920K)] 1269095K->1050917K(1463296K), 0.0097175 secs] [Times: user=0.02 sys=0.00, real=0.01 secs] 
1368.699: [GC (Allocation Failure) [PSYoungGen: 308783K->186132K(465920K)] 1283877K->1162480K(1463296K), 0.0208246 secs] [Times: user=0.03 sys=0.00, real=0.02 secs] 
1369.047: [GC (Allocation Failure) [PSYoungGen: 419092K->185972K(465920K)] 1395440K->1162592K(1463296K), 0.0209950 secs] [Times: user=0.03 sys=0.01, real=0.02 secs] 
1370.163: [GC (Allocation Failure) [PSYoungGen: 418932K->34406K(465920K)] 1395552K->1011291K(1463296K), 0.0116140 secs] [Times: user=0.04 sys=0.00, real=0.01 secs] 
1370.949: [GC (Allocation Failure) [PSYoungGen: 267366K->102138K(465920K)] 1244251K->1079339K(1463296K), 0.0125219 secs] [Times: user=0.02 sys=0.00, real=0.01 secs] 
1371.226: [GC (Allocation Failure) [PSYoungGen: 335098K->186004K(465920K)] 1312299K->1164450K(1463296K), 0.0208922 secs] [Times: user=0.03 sys=0.00, real=0.02 secs] 
1371.516: [GC (Allocation Failure) [PSYoungGen: 418964K->186036K(465920K)] 1397410K->1164755K(1463296K), 0.0209436 secs] [Times: user=0.03 sys=0.00, real=0.02 secs] 
1373.593: [GC (Allocation Failure) [PSYoungGen: 418996K->8219K(465920K)] 1397715K->987204K(1463296K), 0.0045688 secs] [Times: user=0.02 sys=0.00, real=0.00 secs] 
1374.488: [GC (Allocation Failure) [PSYoungGen: 241179K->127811K(465920K)] 1220164K->1107119K(1463296K), 0.0149493 secs] [Times: user=0.03 sys=0.00, real=0.01 secs] 
1374.765: [GC (Allocation Failure) [PSYoungGen: 360771K->184301K(465920K)] 1340079K->1164871K(1463296K), 0.0210449 secs] [Times: user=0.03 sys=0.00, real=0.02 secs] 
1375.359: [GC (Allocation Failure) [PSYoungGen: 417261K->172158K(465920K)] 1397831K->1152994K(1463296K), 0.0334488 secs] [Times: user=0.05 sys=0.00, real=0.03 secs] 
1377.646: [GC (Allocation Failure) [PSYoungGen: 405118K->96K(465920K)] 1385954K->982371K(1463296K), 0.0057996 secs] [Times: user=0.03 sys=0.00, real=0.01 secs] 
1378.379: [GC (Allocation Failure) [PSYoungGen: 233056K->152420K(465920K)] 1215331K->1134711K(1463296K), 0.0172530 secs] [Times: user=0.03 sys=0.00, real=0.01 secs] 
1378.659: [GC (GCLocker Initiated GC) [PSYoungGen: 385380K->185201K(465920K)] 1367671K->1168745K(1463296K), 0.0207567 secs] [Times: user=0.03 sys=0.00, real=0.02 secs] 
1379.160: [GC (Allocation Failure) [PSYoungGen: 418161K->152742K(465920K)] 1401709K->1136555K(1463296K), 0.0199650 secs] [Times: user=0.03 sys=0.00, real=0.02 secs] 
1380.112: [GC (Allocation Failure) [PSYoungGen: 385702K->64K(465920K)] 1369515K->985186K(1463296K), 0.0031031 secs] [Times: user=0.02 sys=0.00, real=0.00 secs] 
1380.434: [GC (Allocation Failure) [PSYoungGen: 233024K->177967K(465920K)] 1218146K->1163105K(1463296K), 0.0197474 secs] [Times: user=0.03 sys=0.00, real=0.02 secs] 
1380.776: [GC (Allocation Failure) [PSYoungGen: 410927K->186004K(465920K)] 1396065K->1172388K(1463296K), 0.0206666 secs] [Times: user=0.03 sys=0.00, real=0.02 secs] 
1381.287: [GC (Allocation Failure) [PSYoungGen: 418964K->134715K(465920K)] 1405348K->1121365K(1463296K), 0.0183546 secs] [Times: user=0.03 sys=0.00, real=0.02 secs] 
1383.335: [GC (Allocation Failure) [PSYoungGen: 367675K->18566K(465920K)] 1354325K->1005515K(1463296K), 0.0059461 secs] [Times: user=0.02 sys=0.00, real=0.01 secs] 
1383.640: [GC (Allocation Failure) [PSYoungGen: 251526K->185715K(465920K)] 1238475K->1173902K(1463296K), 0.0207016 secs] [Times: user=0.03 sys=0.00, real=0.02 secs] 
1383.932: [GC (Allocation Failure) [PSYoungGen: 418675K->185907K(465920K)] 1406862K->1174375K(1463296K), 0.0207521 secs] [Times: user=0.03 sys=0.00, real=0.02 secs] 
1385.262: [GC (Allocation Failure) [PSYoungGen: 418867K->108609K(465920K)] 1407335K->1097350K(1463296K), 0.0161863 secs] [Times: user=0.03 sys=0.00, real=0.02 secs] 
1386.916: [GC (Allocation Failure) [PSYoungGen: 341569K->44046K(465920K)] 1330310K->1033092K(1463296K), 0.0073025 secs] [Times: user=0.02 sys=0.00, real=0.01 secs] 
1387.245: [GC (Allocation Failure) [PSYoungGen: 277006K->185875K(465920K)] 1266052K->1176176K(1463296K), 0.0208361 secs] [Times: user=0.03 sys=0.00, real=0.02 secs] 
1387.591: [GC (Allocation Failure) [PSYoungGen: 418835K->185875K(465920K)] 1409136K->1176585K(1463296K), 0.0208873 secs] [Times: user=0.03 sys=0.00, real=0.02 secs] 
1389.140: [GC (Allocation Failure) [PSYoungGen: 418835K->66585K(465920K)] 1409545K->1057431K(1463296K), 0.0128947 secs] [Times: user=0.03 sys=0.00, real=0.01 secs] 
1390.765: [GC (Allocation Failure) [PSYoungGen: 299545K->69654K(465920K)] 1290391K->1060814K(1463296K), 0.0091041 secs] [Times: user=0.02 sys=0.00, real=0.01 secs] 
1391.097: [GC (Allocation Failure) [PSYoungGen: 302614K->185843K(465920K)] 1293774K->1178257K(1463296K), 0.0208172 secs] [Times: user=0.03 sys=0.00, real=0.02 secs] 
1391.385: [GC (Allocation Failure) [PSYoungGen: 418803K->184430K(465920K)] 1411217K->1177124K(1463296K), 0.0206207 secs] [Times: user=0.03 sys=0.00, real=0.02 secs] 
1392.922: [GC (Allocation Failure) [PSYoungGen: 417390K->42439K(465920K)] 1410084K->1035398K(1463296K), 0.0100002 secs] [Times: user=0.02 sys=0.00, real=0.01 secs] 
1394.370: [GC (Allocation Failure) [PSYoungGen: 275399K->93623K(465920K)] 1268358K->1086897K(1463296K), 0.0118135 secs] [Times: user=0.02 sys=0.00, real=0.01 secs] 
1394.646: [GC (Allocation Failure) [PSYoungGen: 326583K->184944K(465920K)] 1319857K->1179479K(1463296K), 0.0206407 secs] [Times: user=0.03 sys=0.00, real=0.02 secs] 
1394.991: [GC (Allocation Failure) [PSYoungGen: 417904K->183626K(465920K)] 1412439K->1178435K(1463296K), 0.0209305 secs] [Times: user=0.03 sys=0.00, real=0.02 secs] 
1396.583: [GC (Allocation Failure) [PSYoungGen: 416586K->20204K(465920K)] 1411395K->1015277K(1463296K), 0.0055720 secs] [Times: user=0.02 sys=0.00, real=0.01 secs] 
1397.647: [GC (Allocation Failure) [PSYoungGen: 253164K->117111K(465920K)] 1248237K->1112492K(1463296K), 0.0138106 secs] [Times: user=0.02 sys=0.00, real=0.02 secs] 
1397.925: [GC (Allocation Failure) [PSYoungGen: 350071K->185972K(465920K)] 1345452K->1182599K(1463296K), 0.0208955 secs] [Times: user=0.03 sys=0.00, real=0.02 secs] 
1397.946: [Full GC (Ergonomics) [PSYoungGen: 185972K->0K(465920K)] [ParOldGen: 996626K->530989K(985600K)] 1182599K->530989K(1451520K), [Metaspace: 55959K->55959K(1101824K)], 0.0538324 secs] [Times: user=0.23 sys=0.00, real=0.06 secs] 
1398.314: [GC (Allocation Failure) [PSYoungGen: 232960K->179699K(465920K)] 763949K->710689K(1451520K), 0.0225101 secs] [Times: user=0.03 sys=0.00, real=0.02 secs] 
1399.171: [GC (Allocation Failure) [PSYoungGen: 412659K->32864K(465920K)] 943649K->565345K(1451520K), 0.0041808 secs] [Times: user=0.02 sys=0.00, real=0.00 secs] 
1399.691: [GC (Allocation Failure) [PSYoungGen: 265824K->128547K(465920K)] 798305K->661037K(1451520K), 0.0144275 secs] [Times: user=0.02 sys=0.00, real=0.01 secs] 
1399.971: [GC (Allocation Failure) [PSYoungGen: 361507K->184815K(465920K)] 893997K->718543K(1451520K), 0.0204059 secs] [Times: user=0.03 sys=0.00, real=0.02 secs] 
1400.443: [GC (Allocation Failure) [PSYoungGen: 417775K->172953K(465920K)] 951503K->706946K(1451520K), 0.0222525 secs] [Times: user=0.03 sys=0.00, real=0.02 secs] 
1401.838: [GC (Allocation Failure) [PSYoungGen: 405913K->64K(465920K)] 939906K->535504K(1451520K), 0.0022503 secs] [Times: user=0.01 sys=0.00, real=0.01 secs] 
1402.345: [GC (Allocation Failure) [PSYoungGen: 233024K->137833K(465920K)] 768464K->673281K(1451520K), 0.0152135 secs] [Times: user=0.02 sys=0.00, real=0.02 secs] 
1402.623: [GC (Allocation Failure) [PSYoungGen: 370793K->184590K(465920K)] 906241K->721284K(1451520K), 0.0199202 secs] [Times: user=0.02 sys=0.00, real=0.02 secs] 
1403.120: [GC (Allocation Failure) [PSYoungGen: 417550K->163956K(465920K)] 954244K->700923K(1451520K), 0.0191790 secs] [Times: user=0.02 sys=0.00, real=0.02 secs] 
1404.435: [GC (Allocation Failure) [PSYoungGen: 396916K->96K(465920K)] 933883K->538498K(1451520K), 0.0021561 secs] [Times: user=0.01 sys=0.00, real=0.00 secs] 
1404.949: [GC (Allocation Failure) [PSYoungGen: 233056K->148824K(465920K)] 771458K->687267K(1451520K), 0.0164691 secs] [Times: user=0.02 sys=0.00, real=0.01 secs] 
1405.233: [GC (Allocation Failure) [PSYoungGen: 381784K->186100K(465920K)] 920227K->725789K(1451520K), 0.0202160 secs] [Times: user=0.02 sys=0.00, real=0.02 secs] 
1405.923: [GC (Allocation Failure) [PSYoungGen: 419060K->155441K(465920K)] 958749K->695523K(1451520K), 0.0193739 secs] [Times: user=0.02 sys=0.00, real=0.02 secs] 
1407.334: [GC (Allocation Failure) [PSYoungGen: 388401K->64K(465920K)] 928483K->541455K(1451520K), 0.0024647 secs] [Times: user=0.01 sys=0.00, real=0.00 secs] 
1407.802: [GC (Allocation Failure) [PSYoungGen: 233024K->161420K(465920K)] 774415K->702827K(1451520K), 0.0177153 secs] [Times: user=0.02 sys=0.00, real=0.02 secs] 
1408.085: [GC (Allocation Failure) [PSYoungGen: 394380K->186100K(465920K)] 935787K->728745K(1451520K), 0.0202588 secs] [Times: user=0.02 sys=0.00, real=0.02 secs] 
1408.872: [GC (Allocation Failure) [PSYoungGen: 419060K->142894K(465920K)] 961705K->685804K(1451520K), 0.0184702 secs] [Times: user=0.02 sys=0.00, real=0.02 secs] 
1410.150: [GC (Allocation Failure) [PSYoungGen: 375854K->64K(465920K)] 918764K->544399K(1451520K), 0.0026328 secs] [Times: user=0.02 sys=0.00, real=0.00 secs] 
1410.599: [GC (Allocation Failure) [PSYoungGen: 233024K->172248K(465920K)] 777359K->716607K(1451520K), 0.0186713 secs] [Times: user=0.03 sys=0.00, real=0.01 secs] 
1410.886: [GC (Allocation Failure) [PSYoungGen: 405208K->184301K(465920K)] 949567K->730035K(1451520K), 0.0201666 secs] [Times: user=0.02 sys=0.00, real=0.02 secs] 
1411.927: [GC (Allocation Failure) [PSYoungGen: 409313K->133849K(465920K)] 955047K->679728K(1451520K), 0.0370554 secs] [Times: user=0.05 sys=0.00, real=0.04 secs] 
1413.756: [GC (Allocation Failure) [PSYoungGen: 366809K->96K(465920K)] 912688K->547418K(1451520K), 0.0026249 secs] [Times: user=0.01 sys=0.00, real=0.01 secs] 
1414.170: [GC (Allocation Failure) [PSYoungGen: 233056K->173083K(465920K)] 780378K->720421K(1451520K), 0.0188668 secs] [Times: user=0.03 sys=0.00, real=0.02 secs] 
1414.453: [GC (Allocation Failure) [PSYoungGen: 406043K->184815K(465920K)] 953381K->733415K(1451520K), 0.0202558 secs] [Times: user=0.02 sys=0.00, real=0.02 secs] 
1415.722: [GC (Allocation Failure) [PSYoungGen: 417775K->140804K(465920K)] 966375K->689797K(1451520K), 0.0379648 secs] [Times: user=0.06 sys=0.00, real=0.04 secs] 
1417.632: [GC (Allocation Failure) [PSYoungGen: 373764K->96K(465920K)] 922757K->550400K(1451520K), 0.0023144 secs] [Times: user=0.01 sys=0.00, real=0.00 secs] 
1417.991: [GC (Allocation Failure) [PSYoungGen: 233056K->182947K(465920K)] 783360K->733276K(1451520K), 0.0197491 secs] [Times: user=0.03 sys=0.00, real=0.02 secs] 
1418.273: [GC (Allocation Failure) [PSYoungGen: 415907K->184430K(465920K)] 966236K->735996K(1451520K), 0.0199797 secs] [Times: user=0.03 sys=0.00, real=0.02 secs] 
1419.223: [GC (Allocation Failure) [PSYoungGen: 417390K->131245K(465920K)] 968956K->683076K(1451520K), 0.0165944 secs] [Times: user=0.03 sys=0.00, real=0.02 secs] 
1420.389: [GC (Allocation Failure) [PSYoungGen: 364205K->8381K(465920K)] 916036K->560528K(1451520K), 0.0030661 secs] [Times: user=0.01 sys=0.00, real=0.00 secs] 
1420.745: [GC (Allocation Failure) [PSYoungGen: 241341K->184944K(465920K)] 793488K->738329K(1451520K), 0.0201655 secs] [Times: user=0.03 sys=0.00, real=0.02 secs] 
1421.028: [GC (Allocation Failure) [PSYoungGen: 417904K->184301K(465920K)] 971289K->737959K(1451520K), 0.0200492 secs] [Times: user=0.03 sys=0.00, real=0.02 secs] 
1421.715: [GC (Allocation Failure) [PSYoungGen: 417261K->121124K(465920K)] 970919K->675175K(1451520K), 0.0163035 secs] [Times: user=0.03 sys=0.00, real=0.02 secs] 
1422.693: [GC (Allocation Failure) [PSYoungGen: 354084K->18949K(465920K)] 908135K->573178K(1451520K), 0.0051752 secs] [Times: user=0.02 sys=0.00, real=0.01 secs] 
1423.063: [GC (Allocation Failure) [PSYoungGen: 251909K->186357K(465920K)] 806138K->741832K(1451520K), 0.0202722 secs] [Times: user=0.02 sys=0.00, real=0.02 secs] 
1423.404: [GC (Allocation Failure) [PSYoungGen: 419317K->186100K(465920K)] 974792K->741848K(1451520K), 0.0204403 secs] [Times: user=0.03 sys=0.00, real=0.02 secs] 
1424.958: [GC (Allocation Failure) [PSYoungGen: 419060K->107324K(465920K)] 974808K->663465K(1451520K), 0.0166444 secs] [Times: user=0.03 sys=0.00, real=0.01 secs] 
1427.014: [GC (Allocation Failure) [PSYoungGen: 340284K->32929K(465920K)] 896425K->589263K(1451520K), 0.0073509 secs] [Times: user=0.02 sys=0.00, real=0.01 secs] 
1427.338: [GC (Allocation Failure) [PSYoungGen: 265889K->185843K(465920K)] 822223K->743431K(1451520K), 0.0201649 secs] [Times: user=0.02 sys=0.00, real=0.02 secs] 
1427.684: [GC (Allocation Failure) [PSYoungGen: 418803K->185779K(465920K)] 976391K->743769K(1451520K), 0.0203223 secs] [Times: user=0.03 sys=0.00, real=0.02 secs] 
1428.759: [GC (Allocation Failure) [PSYoungGen: 412578K->94038K(465920K)] 970568K->652164K(1451520K), 0.0169648 secs] [Times: user=0.04 sys=0.00, real=0.01 secs] 
1430.856: [GC (Allocation Failure) [PSYoungGen: 326998K->37845K(465920K)] 885124K->596271K(1451520K), 0.0074298 secs] [Times: user=0.02 sys=0.00, real=0.01 secs] 
1431.169: [GC (Allocation Failure) [PSYoungGen: 270805K->184687K(465920K)] 829231K->744358K(1451520K), 0.0200965 secs] [Times: user=0.03 sys=0.00, real=0.02 secs] 
1431.451: [GC (Allocation Failure) [PSYoungGen: 417647K->184141K(465920K)] 977318K->744214K(1451520K), 0.0200452 secs] [Times: user=0.03 sys=0.00, real=0.02 secs] 
1432.644: [GC (Allocation Failure) [PSYoungGen: 409347K->91950K(465920K)] 969420K->652296K(1451520K), 0.0118402 secs] [Times: user=0.02 sys=0.00, real=0.01 secs] 
1434.295: [GC (Allocation Failure) [PSYoungGen: 324910K->37363K(465920K)] 885256K->597872K(1451520K), 0.0065773 secs] [Times: user=0.01 sys=0.00, real=0.01 secs] 
1434.582: [GC (Allocation Failure) [PSYoungGen: 270323K->184173K(465920K)] 830832K->745936K(1451520K), 0.0200551 secs] [Times: user=0.03 sys=0.00, real=0.02 secs] 
1434.924: [GC (Allocation Failure) [PSYoungGen: 417133K->184558K(465920K)] 978896K->746595K(1451520K), 0.0210215 secs] [Times: user=0.03 sys=0.00, real=0.02 secs] 
1436.566: [GC (Allocation Failure) [PSYoungGen: 408271K->92608K(465920K)] 970307K->654910K(1451520K), 0.0202324 secs] [Times: user=0.04 sys=0.00, real=0.02 secs] 
1438.223: [GC (Allocation Failure) [PSYoungGen: 325568K->37684K(465920K)] 887870K->600286K(1451520K), 0.0066016 secs] [Times: user=0.01 sys=0.00, real=0.01 secs] 
1438.516: [GC (Allocation Failure) [PSYoungGen: 270644K->184430K(465920K)] 833246K->748285K(1451520K), 0.0202726 secs] [Times: user=0.03 sys=0.00, real=0.02 secs] 
1438.803: [GC (Allocation Failure) [PSYoungGen: 417390K->184301K(465920K)] 981245K->748437K(1451520K), 0.0201551 secs] [Times: user=0.03 sys=0.00, real=0.02 secs] 
1439.880: [GC (Allocation Failure) [PSYoungGen: 409339K->92223K(465920K)] 973475K->656752K(1451520K), 0.0251853 secs] [Times: user=0.05 sys=0.00, real=0.02 secs] 
1440.813: [GC (Allocation Failure) [PSYoungGen: 325183K->38102K(465920K)] 889712K->602819K(1451520K), 0.0084865 secs] [Times: user=0.02 sys=0.00, real=0.01 secs] 
1441.169: [GC (Allocation Failure) [PSYoungGen: 271062K->184558K(465920K)] 835779K->750513K(1451520K), 0.0203097 secs] [Times: user=0.03 sys=0.00, real=0.02 secs] 
1441.453: [GC (Allocation Failure) [PSYoungGen: 417518K->184879K(465920K)] 983473K->751236K(1451520K), 0.0201742 secs] [Times: user=0.03 sys=0.00, real=0.02 secs] 
1442.627: [GC (Allocation Failure) [PSYoungGen: 407273K->91226K(465920K)] 973629K->657720K(1451520K), 0.0187290 secs] [Times: user=0.04 sys=0.00, real=0.02 secs] 
1443.697: [GC (Allocation Failure) [PSYoungGen: 324186K->37973K(465920K)] 890680K->604766K(1451520K), 0.0073132 secs] [Times: user=0.01 sys=0.00, real=0.01 secs] 
1444.094: [GC (Allocation Failure) [PSYoungGen: 270933K->183980K(465920K)] 837726K->752026K(1451520K), 0.0200647 secs] [Times: user=0.03 sys=0.00, real=0.02 secs] 
1444.378: [GC (Allocation Failure) [PSYoungGen: 416940K->184430K(465920K)] 984986K->752773K(1451520K), 0.0202108 secs] [Times: user=0.03 sys=0.00, real=0.02 secs] 
1445.464: [GC (Allocation Failure) [PSYoungGen: 409634K->92431K(465920K)] 977978K->661056K(1451520K), 0.0157778 secs] [Times: user=0.03 sys=0.01, real=0.02 secs] 
1447.072: [GC (Allocation Failure) [PSYoungGen: 325391K->37684K(465920K)] 894016K->606625K(1451520K), 0.0072398 secs] [Times: user=0.02 sys=0.00, real=0.01 secs] 
1447.376: [GC (Allocation Failure) [PSYoungGen: 270644K->184687K(465920K)] 839585K->754873K(1451520K), 0.0200045 secs] [Times: user=0.03 sys=0.00, real=0.02 secs] 
1447.731: [GC (Allocation Failure) [PSYoungGen: 417647K->184719K(465920K)] 987833K->755178K(1451520K), 0.0200278 secs] [Times: user=0.02 sys=0.00, real=0.02 secs] 
1449.295: [GC (Allocation Failure) [PSYoungGen: 407262K->91580K(465920K)] 977721K->662321K(1451520K), 0.0184766 secs] [Times: user=0.04 sys=0.00, real=0.02 secs] 
1451.472: [GC (Allocation Failure) [PSYoungGen: 324540K->37813K(465920K)] 895281K->608861K(1451520K), 0.0071839 secs] [Times: user=0.02 sys=0.00, real=0.01 secs] 
1451.775: [GC (Allocation Failure) [PSYoungGen: 270773K->183787K(465920K)] 841821K->756089K(1451520K), 0.0199221 secs] [Times: user=0.02 sys=0.00, real=0.02 secs] 
1452.058: [GC (Allocation Failure) [PSYoungGen: 416747K->184366K(465920K)] 989049K->756941K(1451520K), 0.0199585 secs] [Times: user=0.03 sys=0.00, real=0.02 secs] 
1453.546: [GC (Allocation Failure) [PSYoungGen: 409725K->92576K(465920K)] 982300K->665416K(1451520K), 0.0132465 secs] [Times: user=0.02 sys=0.00, real=0.02 secs] 
1454.356: [GC (Allocation Failure) [PSYoungGen: 325536K->38037K(465920K)] 898376K->611201K(1451520K), 0.0053480 secs] [Times: user=0.01 sys=0.00, real=0.01 secs] 
1454.624: [GC (Allocation Failure) [PSYoungGen: 270997K->184687K(465920K)] 844161K->759112K(1451520K), 0.0201813 secs] [Times: user=0.03 sys=0.00, real=0.02 secs] 
1454.907: [GC (Allocation Failure) [PSYoungGen: 417647K->184687K(465920K)] 992072K->759385K(1451520K), 0.0201465 secs] [Times: user=0.02 sys=0.00, real=0.02 secs] 
1456.190: [GC (Allocation Failure) [PSYoungGen: 407236K->91371K(465920K)] 981934K->666343K(1451520K), 0.0191517 secs] [Times: user=0.03 sys=0.00, real=0.02 secs] 
1458.061: [GC (Allocation Failure) [PSYoungGen: 324331K->37813K(465920K)] 899303K->613082K(1451520K), 0.0071789 secs] [Times: user=0.01 sys=0.00, real=0.01 secs] 
1458.370: [GC (Allocation Failure) [PSYoungGen: 270773K->183787K(465920K)] 846042K->760310K(1451520K), 0.0199373 secs] [Times: user=0.03 sys=0.00, real=0.02 secs] 
1458.653: [GC (Allocation Failure) [PSYoungGen: 416747K->184623K(465920K)] 993270K->761419K(1451520K), 0.0201129 secs] [Times: user=0.02 sys=0.00, real=0.02 secs] 
1459.892: [GC (Allocation Failure) [PSYoungGen: 410042K->92399K(465920K)] 986838K->669468K(1451520K), 0.0124565 secs] [Times: user=0.03 sys=0.00, real=0.01 secs] 
1461.923: [GC (Allocation Failure) [PSYoungGen: 325359K->37588K(465920K)] 902428K->614965K(1451520K), 0.0067206 secs] [Times: user=0.02 sys=0.00, real=0.01 secs] 
1462.282: [GC (Allocation Failure) [PSYoungGen: 270548K->184558K(465920K)] 847925K->763181K(1451520K), 0.0200606 secs] [Times: user=0.02 sys=0.00, real=0.02 secs] 
1462.564: [GC (Allocation Failure) [PSYoungGen: 417518K->184301K(465920K)] 996141K->763197K(1451520K), 0.0200345 secs] [Times: user=0.03 sys=0.00, real=0.02 secs] 
1464.305: [GC (Allocation Failure) [PSYoungGen: 409219K->92223K(465920K)] 988115K->671384K(1451520K), 0.0254108 secs] [Times: user=0.04 sys=0.00, real=0.03 secs] 
1466.560: [GC (Allocation Failure) [PSYoungGen: 325183K->37684K(465920K)] 904344K->617169K(1451520K), 0.0074073 secs] [Times: user=0.02 sys=0.00, real=0.00 secs] 
1466.870: [GC (Allocation Failure) [PSYoungGen: 270644K->184430K(465920K)] 850129K->765289K(1451520K), 0.0203187 secs] [Times: user=0.03 sys=0.00, real=0.02 secs] 
1467.213: [GC (Allocation Failure) [PSYoungGen: 417390K->184494K(465920K)] 998249K->765498K(1451520K), 0.0203152 secs] [Times: user=0.02 sys=0.00, real=0.02 secs] 
1468.295: [GC (Allocation Failure) [PSYoungGen: 407547K->92046K(465920K)] 988551K->673322K(1451520K), 0.0121746 secs] [Times: user=0.03 sys=0.00, real=0.01 secs] 
1469.741: [GC (Allocation Failure) [PSYoungGen: 325006K->37684K(465920K)] 906282K->619274K(1451520K), 0.0063265 secs] [Times: user=0.02 sys=0.00, real=0.00 secs] 
1470.019: [GC (Allocation Failure) [PSYoungGen: 270644K->184430K(465920K)] 852234K->767273K(1451520K), 0.0201671 secs] [Times: user=0.03 sys=0.00, real=0.02 secs] 
1470.311: [GC (Allocation Failure) [PSYoungGen: 417390K->184365K(465920K)] 1000233K->767482K(1451520K), 0.0200962 secs] [Times: user=0.02 sys=0.00, real=0.02 secs] 
1472.180: [GC (Allocation Failure) [PSYoungGen: 409405K->92271K(465920K)] 992522K->675789K(1451520K), 0.0186440 secs] [Times: user=0.03 sys=0.00, real=0.02 secs] 
1473.440: [GC (Allocation Failure) [PSYoungGen: 325231K->37973K(465920K)] 908749K->621679K(1451520K), 0.0056536 secs] [Times: user=0.01 sys=0.00, real=0.00 secs] 
1473.709: [GC (Allocation Failure) [PSYoungGen: 270933K->184687K(465920K)] 854639K->769646K(1451520K), 0.0201745 secs] [Times: user=0.02 sys=0.00, real=0.02 secs] 
1474.058: [GC (Allocation Failure) [PSYoungGen: 417647K->184751K(465920K)] 1002606K->769975K(1451520K), 0.0200832 secs] [Times: user=0.02 sys=0.00, real=0.02 secs] 
1475.298: [GC (Allocation Failure) [PSYoungGen: 407182K->91307K(465920K)] 992406K->676941K(1451520K), 0.0156084 secs] [Times: user=0.03 sys=0.00, real=0.02 secs] 
1477.137: [GC (Allocation Failure) [PSYoungGen: 324267K->37588K(465920K)] 909901K->623393K(1451520K), 0.0069429 secs] [Times: user=0.02 sys=0.00, real=0.01 secs] 
1477.440: [GC (Allocation Failure) [PSYoungGen: 270548K->184687K(465920K)] 856353K->771738K(1451520K), 0.0202475 secs] [Times: user=0.02 sys=0.00, real=0.02 secs] 
1477.728: [GC (Allocation Failure) [PSYoungGen: 417647K->184719K(465920K)] 1004698K->772051K(1451520K), 0.0202512 secs] [Times: user=0.03 sys=0.00, real=0.02 secs] 
1478.366: [GC (Allocation Failure) [PSYoungGen: 407519K->91741K(465920K)] 994852K->679338K(1451520K), 0.0110224 secs] [Times: user=0.02 sys=0.00, real=0.01 secs] 
1479.164: [GC (Allocation Failure) [PSYoungGen: 324701K->38005K(465920K)] 912298K->625903K(1451520K), 0.0054552 secs] [Times: user=0.01 sys=0.00, real=0.01 secs] 
1479.431: [GC (Allocation Failure) [PSYoungGen: 270965K->183916K(465920K)] 858863K->773059K(1451520K), 0.0199519 secs] [Times: user=0.03 sys=0.01, real=0.02 secs] 
1479.713: [GC (Allocation Failure) [PSYoungGen: 416876K->184430K(465920K)] 1006019K->773846K(1451520K), 0.0200054 secs] [Times: user=0.02 sys=0.00, real=0.02 secs] 
1480.615: [GC (Allocation Failure) [PSYoungGen: 409648K->92383K(465920K)] 999065K->682064K(1451520K), 0.0119242 secs] [Times: user=0.02 sys=0.00, real=0.01 secs] 
1481.528: [GC (Allocation Failure) [PSYoungGen: 325343K->37941K(465920K)] 915024K->627944K(1451520K), 0.0063448 secs] [Times: user=0.01 sys=0.00, real=0.01 secs] 
1481.804: [GC (Allocation Failure) [PSYoungGen: 270901K->184173K(465920K)] 860904K->775429K(1451520K), 0.0201228 secs] [Times: user=0.03 sys=0.00, real=0.02 secs] 
1482.090: [GC (Allocation Failure) [PSYoungGen: 417133K->184526K(465920K)] 1008389K->776056K(1451520K), 0.0201639 secs] [Times: user=0.03 sys=0.00, real=0.02 secs] 
1483.087: [GC (Allocation Failure) [PSYoungGen: 407589K->91966K(465920K)] 999119K->683760K(1451520K), 0.0127165 secs] [Times: user=0.02 sys=0.00, real=0.02 secs] 
1484.810: [GC (Allocation Failure) [PSYoungGen: 324926K->37877K(465920K)] 916720K->629985K(1451520K), 0.0067764 secs] [Times: user=0.01 sys=0.00, real=0.00 secs] 
1485.107: [GC (Allocation Failure) [PSYoungGen: 270837K->184430K(465920K)] 862945K->777920K(1451520K), 0.0201656 secs] [Times: user=0.03 sys=0.00, real=0.02 secs] 
1485.394: [GC (Allocation Failure) [PSYoungGen: 417390K->184590K(465920K)] 1010880K->778225K(1451520K), 0.0204805 secs] [Times: user=0.03 sys=0.00, real=0.02 secs] 
1486.653: [GC (Allocation Failure) [PSYoungGen: 407139K->91869K(465920K)] 1000774K->685769K(1451520K), 0.0188929 secs] [Times: user=0.04 sys=0.00, real=0.02 secs] 
1488.149: [GC (Allocation Failure) [PSYoungGen: 324829K->37684K(465920K)] 918729K->631906K(1451520K), 0.0068465 secs] [Times: user=0.01 sys=0.00, real=0.00 secs] 
1488.439: [GC (Allocation Failure) [PSYoungGen: 270644K->184430K(465920K)] 864866K->780026K(1451520K), 0.0201204 secs] [Times: user=0.02 sys=0.00, real=0.02 secs] 
1488.779: [GC (Allocation Failure) [PSYoungGen: 417390K->184558K(465920K)] 1012986K->780307K(1451520K), 0.0201006 secs] [Times: user=0.03 sys=0.00, real=0.02 secs] 
1489.393: [GC (Allocation Failure) [PSYoungGen: 407608K->91982K(465920K)] 1003356K->688003K(1451520K), 0.0119983 secs] [Times: user=0.03 sys=0.00, real=0.01 secs] 
1490.950: [GC (Allocation Failure) [PSYoungGen: 324942K->37684K(465920K)] 920963K->634027K(1451520K), 0.0074637 secs] [Times: user=0.02 sys=0.00, real=0.00 secs] 
1491.265: [GC (Allocation Failure) [PSYoungGen: 270644K->184430K(465920K)] 866987K->782155K(1451520K), 0.0200720 secs] [Times: user=0.03 sys=0.00, real=0.02 secs] 
1491.604: [GC (Allocation Failure) [PSYoungGen: 417390K->184558K(465920K)] 1015115K->782428K(1451520K), 0.0201181 secs] [Times: user=0.03 sys=0.00, real=0.02 secs] 
1493.824: [GC (Allocation Failure) [PSYoungGen: 407645K->91966K(465920K)] 1005515K->690101K(1451520K), 0.0263269 secs] [Times: user=0.06 sys=0.00, real=0.03 secs] 
1496.090: [GC (Allocation Failure) [PSYoungGen: 324926K->37684K(465920K)] 923061K->636133K(1451520K), 0.0081678 secs] [Times: user=0.02 sys=0.00, real=0.00 secs] 
1496.415: [GC (Allocation Failure) [PSYoungGen: 270644K->184398K(465920K)] 869093K->784092K(1451520K), 0.0202514 secs] [Times: user=0.03 sys=0.00, real=0.02 secs] 
1496.756: [GC (Allocation Failure) [PSYoungGen: 417358K->184269K(465920K)] 1017052K->784236K(1451520K), 0.0200082 secs] [Times: user=0.03 sys=0.00, real=0.02 secs] 
1497.494: [GC (Allocation Failure) [PSYoungGen: 409313K->92255K(465920K)] 1009281K->692616K(1451520K), 0.0119015 secs] [Times: user=0.02 sys=0.00, real=0.01 secs] 
1499.411: [GC (Allocation Failure) [PSYoungGen: 325215K->37556K(465920K)] 925576K->638096K(1451520K), 0.0088030 secs] [Times: user=0.02 sys=0.00, real=0.01 secs] 
1499.815: [GC (Allocation Failure) [PSYoungGen: 270516K->184687K(465920K)] 871056K->786593K(1451520K), 0.0201239 secs] [Times: user=0.02 sys=0.00, real=0.02 secs] 
1500.097: [GC (Allocation Failure) [PSYoungGen: 417647K->184719K(465920K)] 1019553K->786778K(1451520K), 0.0200933 secs] [Times: user=0.03 sys=0.00, real=0.02 secs] 
1501.553: [GC (Allocation Failure) [PSYoungGen: 407517K->91741K(465920K)] 1009577K->694065K(1451520K), 0.0144048 secs] [Times: user=0.03 sys=0.00, real=0.01 secs] 
1502.455: [GC (Allocation Failure) [PSYoungGen: 324701K->38070K(465920K)] 927025K->640686K(1451520K), 0.0064236 secs] [Times: user=0.01 sys=0.00, real=0.01 secs] 
1502.806: [GC (Allocation Failure) [PSYoungGen: 271030K->184687K(465920K)] 873646K->788677K(1451520K), 0.0201750 secs] [Times: user=0.03 sys=0.00, real=0.02 secs] 
1503.150: [GC (Allocation Failure) [PSYoungGen: 417647K->184751K(465920K)] 1021637K->788886K(1451520K), 0.0203732 secs] [Times: user=0.02 sys=0.00, real=0.02 secs] 
1504.029: [GC (Allocation Failure) [PSYoungGen: 407217K->91226K(465920K)] 1011352K->695626K(1451520K), 0.0118092 secs] [Times: user=0.03 sys=0.00, real=0.01 secs] 
1505.278: [GC (Allocation Failure) [PSYoungGen: 324186K->37684K(465920K)] 928586K->642398K(1451520K), 0.0068282 secs] [Times: user=0.02 sys=0.00, real=0.00 secs] 
1505.663: [GC (Allocation Failure) [PSYoungGen: 270644K->184655K(465920K)] 875358K->790742K(1451520K), 0.0203001 secs] [Times: user=0.03 sys=0.00, real=0.02 secs] 
1505.945: [GC (Allocation Failure) [PSYoungGen: 417615K->184623K(465920K)] 1023702K->790855K(1451520K), 0.0203001 secs] [Times: user=0.03 sys=0.00, real=0.02 secs] 
1507.470: [GC (Allocation Failure) [PSYoungGen: 407189K->91612K(465920K)] 1013422K->698109K(1451520K), 0.0208512 secs] [Times: user=0.04 sys=0.01, real=0.02 secs] 
1509.012: [GC (Allocation Failure) [PSYoungGen: 324572K->37813K(465920K)] 931069K->644618K(1451520K), 0.0067620 secs] [Times: user=0.01 sys=0.01, real=0.01 secs] 
1509.299: [GC (Allocation Failure) [PSYoungGen: 270773K->183787K(465920K)] 877578K->791846K(1451520K), 0.0199739 secs] [Times: user=0.03 sys=0.00, real=0.02 secs] 
1509.662: [GC (Allocation Failure) [PSYoungGen: 416747K->184623K(465920K)] 1024806K->792954K(1451520K), 0.0199681 secs] [Times: user=0.03 sys=0.00, real=0.02 secs] 
1510.274: [GC (Allocation Failure) [PSYoungGen: 410041K->92383K(465920K)] 1018373K->700988K(1451520K), 0.0121551 secs] [Times: user=0.02 sys=0.00, real=0.01 secs] 
1511.082: [GC (Allocation Failure) [PSYoungGen: 325343K->38034K(465920K)] 933948K->646955K(1451520K), 0.0054018 secs] [Times: user=0.01 sys=0.00, real=0.00 secs] 
1511.410: [GC (Allocation Failure) [PSYoungGen: 270994K->184558K(465920K)] 879915K->794725K(1451520K), 0.0202502 secs] [Times: user=0.03 sys=0.00, real=0.02 secs] 
1511.694: [GC (Allocation Failure) [PSYoungGen: 417518K->184783K(465920K)] 1027685K->795351K(1451520K), 0.0202872 secs] [Times: user=0.03 sys=0.00, real=0.02 secs] 
1513.093: [GC (Allocation Failure) [PSYoungGen: 407173K->91355K(465920K)] 1017741K->702188K(1451520K), 0.0139392 secs] [Times: user=0.03 sys=0.00, real=0.01 secs] 
1514.826: [GC (Allocation Failure) [PSYoungGen: 324315K->37941K(465920K)] 935148K->648961K(1451520K), 0.0053733 secs] [Times: user=0.01 sys=0.00, real=0.01 secs] 
1515.169: [GC (Allocation Failure) [PSYoungGen: 270901K->183916K(465920K)] 881921K->796190K(1451520K), 0.0199827 secs] [Times: user=0.03 sys=0.00, real=0.02 secs] 
1515.516: [GC (Allocation Failure) [PSYoungGen: 416876K->184462K(465920K)] 1029150K->797009K(1451520K), 0.0206693 secs] [Times: user=0.03 sys=0.00, real=0.02 secs] 
1516.724: [GC (Allocation Failure) [PSYoungGen: 409675K->92512K(465920K)] 1022222K->705324K(1451520K), 0.0145362 secs] [Times: user=0.03 sys=0.00, real=0.01 secs] 
1518.777: [GC (Allocation Failure) [PSYoungGen: 325472K->37716K(465920K)] 938284K->650821K(1451520K), 0.0072510 secs] [Times: user=0.02 sys=0.00, real=0.01 secs] 
1519.159: [GC (Allocation Failure) [PSYoungGen: 270676K->184687K(465920K)] 883781K->799037K(1451520K), 0.0200781 secs] [Times: user=0.03 sys=0.00, real=0.02 secs] 
1519.447: [GC (Allocation Failure) [PSYoungGen: 417647K->184687K(465920K)] 1031997K->799310K(1451520K), 0.0201324 secs] [Times: user=0.03 sys=0.00, real=0.02 secs] 
1520.556: [GC (Allocation Failure) [PSYoungGen: 407250K->91612K(465920K)] 1021873K->706500K(1451520K), 0.0159341 secs] [Times: user=0.03 sys=0.00, real=0.02 secs] 
1522.125: [GC (Allocation Failure) [PSYoungGen: 324572K->37684K(465920K)] 939460K->652888K(1451520K), 0.0066363 secs] [Times: user=0.02 sys=0.00, real=0.01 secs] 
1522.415: [GC (Allocation Failure) [PSYoungGen: 270644K->183787K(465920K)] 885848K->800245K(1451520K), 0.0200658 secs] [Times: user=0.03 sys=0.00, real=0.02 secs] 
1522.760: [GC (Allocation Failure) [PSYoungGen: 416747K->184687K(465920K)] 1033205K->801426K(1451520K), 0.0202437 secs] [Times: user=0.03 sys=0.00, real=0.02 secs] 
1524.068: [GC (Allocation Failure) [PSYoungGen: 410139K->92512K(465920K)] 1026878K->709516K(1451520K), 0.0146960 secs] [Times: user=0.03 sys=0.00, real=0.02 secs] 
1526.461: [GC (Allocation Failure) [PSYoungGen: 325472K->37716K(465920K)] 942476K->655034K(1451520K), 0.0077602 secs] [Times: user=0.02 sys=0.00, real=0.01 secs] 
1526.779: [GC (Allocation Failure) [PSYoungGen: 270676K->184044K(465920K)] 887994K->802599K(1451520K), 0.0200471 secs] [Times: user=0.03 sys=0.00, real=0.02 secs] 
1527.124: [GC (Allocation Failure) [PSYoungGen: 417004K->184912K(465920K)] 1035559K->803740K(1451520K), 0.0203056 secs] [Times: user=0.02 sys=0.00, real=0.02 secs] 
1528.293: [GC (Allocation Failure) [PSYoungGen: 410239K->91982K(465920K)] 1029068K->711212K(1451520K), 0.0129767 secs] [Times: user=0.02 sys=0.00, real=0.01 secs] 
1529.848: [GC (Allocation Failure) [PSYoungGen: 324942K->37813K(465920K)] 944172K->657214K(1451520K), 0.0066533 secs] [Times: user=0.01 sys=0.00, real=0.00 secs] 
1530.137: [GC (Allocation Failure) [PSYoungGen: 270773K->184173K(465920K)] 890174K->804827K(1451520K), 0.0200973 secs] [Times: user=0.02 sys=0.00, real=0.02 secs] 
1530.482: [GC (Allocation Failure) [PSYoungGen: 417133K->184944K(465920K)] 1037787K->805871K(1451520K), 0.0204175 secs] [Times: user=0.03 sys=0.00, real=0.02 secs] 
1532.828: [GC (Allocation Failure) [PSYoungGen: 407669K->91757K(465920K)] 1028597K->712957K(1451520K), 0.0207918 secs] [Times: user=0.04 sys=0.00, real=0.02 secs] 
1534.295: [GC (Allocation Failure) [PSYoungGen: 324717K->37877K(465920K)] 945917K->659391K(1451520K), 0.0063923 secs] [Times: user=0.02 sys=0.00, real=0.01 secs] 
1534.569: [GC (Allocation Failure) [PSYoungGen: 270837K->184815K(465920K)] 892351K->807591K(1451520K), 0.0201365 secs] [Times: user=0.02 sys=0.00, real=0.02 secs] 
1534.853: [GC (Allocation Failure) [PSYoungGen: 417775K->184847K(465920K)] 1040551K->807896K(1451520K), 0.0201190 secs] [Times: user=0.02 sys=0.00, real=0.02 secs] 
1536.601: [GC (Allocation Failure) [PSYoungGen: 407175K->91258K(465920K)] 1030224K->714573K(1451520K), 0.0204057 secs] [Times: user=0.04 sys=0.00, real=0.02 secs] 
1538.504: [GC (Allocation Failure) [PSYoungGen: 324218K->37845K(465920K)] 947533K->661467K(1451520K), 0.0055406 secs] [Times: user=0.01 sys=0.00, real=0.01 secs] 
1538.774: [GC (Allocation Failure) [PSYoungGen: 270805K->186454K(465920K)] 894427K->811330K(1451520K), 0.0205342 secs] [Times: user=0.03 sys=0.00, real=0.02 secs] 
1539.118: [GC (Allocation Failure) [PSYoungGen: 419414K->186036K(465920K)] 1044290K->811185K(1451520K), 0.0205403 secs] [Times: user=0.02 sys=0.00, real=0.02 secs] 
1541.049: [GC (Allocation Failure) [PSYoungGen: 404953K->88270K(465920K)] 1030102K->713684K(1451520K), 0.0244995 secs] [Times: user=0.05 sys=0.00, real=0.02 secs] 
1542.903: [GC (Allocation Failure) [PSYoungGen: 321230K->37941K(465920K)] 946644K->663665K(1451520K), 0.0068448 secs] [Times: user=0.02 sys=0.00, real=0.01 secs] 
1543.194: [GC (Allocation Failure) [PSYoungGen: 270901K->184205K(465920K)] 896625K->811174K(1451520K), 0.0203992 secs] [Times: user=0.02 sys=0.00, real=0.02 secs] 
1543.535: [GC (Allocation Failure) [PSYoungGen: 417165K->184462K(465920K)] 1044134K->811833K(1451520K), 0.0202354 secs] [Times: user=0.03 sys=0.00, real=0.02 secs] 
1544.661: [GC (Allocation Failure) [PSYoungGen: 407595K->92110K(465920K)] 1034966K->719634K(1451520K), 0.0151578 secs] [Times: user=0.03 sys=0.00, real=0.01 secs] 
1545.937: [GC (Allocation Failure) [PSYoungGen: 325070K->37684K(465920K)] 952594K->665516K(1451520K), 0.0059556 secs] [Times: user=0.01 sys=0.00, real=0.01 secs] 
1546.206: [GC (Allocation Failure) [PSYoungGen: 270644K->184430K(465920K)] 898476K->813515K(1451520K), 0.0202758 secs] [Times: user=0.02 sys=0.00, real=0.02 secs] 
1546.489: [GC (Allocation Failure) [PSYoungGen: 417390K->184590K(465920K)] 1046475K->813956K(1451520K), 0.0202263 secs] [Times: user=0.03 sys=0.00, real=0.02 secs] 
1547.099: [GC (Allocation Failure) [PSYoungGen: 407650K->91966K(465920K)] 1037016K->721597K(1451520K), 0.0107694 secs] [Times: user=0.02 sys=0.00, real=0.01 secs] 
1548.383: [GC (Allocation Failure) [PSYoungGen: 324926K->37716K(465920K)] 954557K->667647K(1451520K), 0.0054551 secs] [Times: user=0.01 sys=0.00, real=0.00 secs] 
1548.714: [GC (Allocation Failure) [PSYoungGen: 270676K->184430K(465920K)] 900607K->815727K(1451520K), 0.0201719 secs] [Times: user=0.02 sys=0.00, real=0.02 secs] 
1549.051: [GC (Allocation Failure) [PSYoungGen: 417390K->184494K(465920K)] 1048687K->815936K(1451520K), 0.0201543 secs] [Times: user=0.02 sys=0.00, real=0.02 secs] 
1550.030: [GC (Allocation Failure) [PSYoungGen: 407554K->91966K(465920K)] 1038996K->723673K(1451520K), 0.0145664 secs] [Times: user=0.03 sys=0.00, real=0.01 secs] 
1551.527: [GC (Allocation Failure) [PSYoungGen: 324926K->37556K(465920K)] 956633K->669570K(1451520K), 0.0067924 secs] [Times: user=0.02 sys=0.00, real=0.01 secs] 
1551.825: [GC (Allocation Failure) [PSYoungGen: 270516K->184430K(465920K)] 902530K->817690K(1451520K), 0.0201684 secs] [Times: user=0.02 sys=0.00, real=0.02 secs] 
1552.107: [GC (Allocation Failure) [PSYoungGen: 417390K->184622K(465920K)] 1050650K->818164K(1451520K), 0.0201702 secs] [Times: user=0.03 sys=0.00, real=0.02 secs] 
1552.767: [GC (Allocation Failure) [PSYoungGen: 407667K->92110K(465920K)] 1041209K->725925K(1451520K), 0.0107914 secs] [Times: user=0.02 sys=0.00, real=0.01 secs] 
1554.209: [GC (Allocation Failure) [PSYoungGen: 325070K->37620K(465920K)] 958885K->671740K(1451520K), 0.0070087 secs] [Times: user=0.02 sys=0.00, real=0.00 secs] 
1554.577: [GC (Allocation Failure) [PSYoungGen: 270580K->184430K(465920K)] 904700K->819803K(1451520K), 0.0201591 secs] [Times: user=0.03 sys=0.00, real=0.02 secs] 
1554.864: [GC (Allocation Failure) [PSYoungGen: 417390K->184301K(465920K)] 1052763K->819948K(1451520K), 0.0202250 secs] [Times: user=0.03 sys=0.00, real=0.02 secs] 
1555.545: [GC (Allocation Failure) [PSYoungGen: 409348K->92367K(465920K)] 1044994K->728416K(1451520K), 0.0122002 secs] [Times: user=0.03 sys=0.00, real=0.01 secs] 
1556.360: [GC (Allocation Failure) [PSYoungGen: 325327K->38102K(465920K)] 961376K->674322K(1451520K), 0.0057830 secs] [Times: user=0.02 sys=0.00, real=0.00 secs] 
1556.629: [GC (Allocation Failure) [PSYoungGen: 271062K->184558K(465920K)] 907282K->822024K(1451520K), 0.0200781 secs] [Times: user=0.03 sys=0.00, real=0.02 secs] 
1556.912: [GC (Allocation Failure) [PSYoungGen: 417518K->184815K(465920K)] 1054984K->822562K(1451520K), 0.0201106 secs] [Times: user=0.02 sys=0.00, real=0.02 secs] 
1557.542: [GC (Allocation Failure) [PSYoungGen: 407178K->91210K(465920K)] 1044925K->729230K(1451520K), 0.0097458 secs] [Times: user=0.02 sys=0.00, real=0.01 secs] 
1558.500: [GC (Allocation Failure) [PSYoungGen: 324170K->38230K(465920K)] 962190K->676558K(1451520K), 0.0056005 secs] [Times: user=0.01 sys=0.00, real=0.00 secs] 
1558.769: [GC (Allocation Failure) [PSYoungGen: 271190K->184687K(465920K)] 909518K->824397K(1451520K), 0.0201788 secs] [Times: user=0.03 sys=0.00, real=0.02 secs] 
1559.085: [GC (Allocation Failure) [PSYoungGen: 417647K->184687K(465920K)] 1057357K->824541K(1451520K), 0.0201263 secs] [Times: user=0.03 sys=0.00, real=0.02 secs] 
1560.794: [GC (Allocation Failure) [PSYoungGen: 406984K->91066K(465920K)] 1046838K->731185K(1451520K), 0.0158870 secs] [Times: user=0.03 sys=0.00, real=0.02 secs] 
1561.854: [GC (Allocation Failure) [PSYoungGen: 324026K->38163K(465920K)] 964145K->678598K(1451520K), 0.0054611 secs] [Times: user=0.01 sys=0.00, real=0.01 secs] 
1562.123: [GC (Allocation Failure) [PSYoungGen: 271123K->184687K(465920K)] 911558K->826496K(1451520K), 0.0203138 secs] [Times: user=0.03 sys=0.00, real=0.02 secs] 
1562.407: [GC (Allocation Failure) [PSYoungGen: 417647K->184655K(465920K)] 1059456K->826601K(1451520K), 0.0204990 secs] [Times: user=0.03 sys=0.00, real=0.02 secs] 
1563.649: [GC (Allocation Failure) [PSYoungGen: 407080K->91258K(465920K)] 1049026K->733470K(1451520K), 0.0122864 secs] [Times: user=0.03 sys=0.00, real=0.01 secs] 
1564.645: [GC (Allocation Failure) [PSYoungGen: 324218K->145027K(465920K)] 966430K->787554K(1451520K), 0.0142025 secs] [Times: user=0.02 sys=0.00, real=0.02 secs] 
1564.843: [GC (Allocation Failure) [PSYoungGen: 377987K->183755K(465920K)] 1020514K->860304K(1451520K), 0.0213568 secs] [Times: user=0.03 sys=0.00, real=0.02 secs] 
1565.047: [GC (Allocation Failure) [PSYoungGen: 416715K->183723K(465920K)] 1093264K->860545K(1451520K), 0.0201184 secs] [Times: user=0.03 sys=0.00, real=0.02 secs] 
1568.421: [GC (Allocation Failure) [PSYoungGen: 416683K->2500K(465920K)] 1093505K->679587K(1451520K), 0.0052722 secs] [Times: user=0.02 sys=0.01, real=0.00 secs] 
1569.108: [GC (Allocation Failure) [PSYoungGen: 235460K->133048K(465920K)] 912547K->810440K(1451520K), 0.0151343 secs] [Times: user=0.02 sys=0.00, real=0.02 secs] 
1569.445: [GC (Allocation Failure) [PSYoungGen: 366008K->184333K(465920K)] 1043400K->862979K(1451520K), 0.0202733 secs] [Times: user=0.03 sys=0.00, real=0.02 secs] 
1570.100: [GC (Allocation Failure) [PSYoungGen: 417293K->168905K(465920K)] 1095939K->847824K(1451520K), 0.0339006 secs] [Times: user=0.05 sys=0.00, real=0.03 secs] 
1572.366: [GC (Allocation Failure) [PSYoungGen: 401865K->64K(465920K)] 1080784K->680395K(1451520K), 0.0031499 secs] [Times: user=0.02 sys=0.00, real=0.01 secs] 
1573.001: [GC (Allocation Failure) [PSYoungGen: 233024K->156921K(465920K)] 913355K->837269K(1451520K), 0.0173132 secs] [Times: user=0.02 sys=0.00, real=0.01 secs] 
1573.288: [GC (Allocation Failure) [PSYoungGen: 389881K->186100K(465920K)] 1070229K->867693K(1451520K), 0.0202621 secs] [Times: user=0.03 sys=0.00, real=0.02 secs] 
1574.129: [GC (Allocation Failure) [PSYoungGen: 419060K->147376K(465920K)] 1100653K->829242K(1451520K), 0.0298512 secs] [Times: user=0.05 sys=0.00, real=0.03 secs] 
1576.620: [GC (Allocation Failure) [PSYoungGen: 380336K->64K(465920K)] 1062202K->683381K(1451520K), 0.0045939 secs] [Times: user=0.02 sys=0.00, real=0.00 secs] 
1577.077: [GC (Allocation Failure) [PSYoungGen: 233024K->182016K(465920K)] 916341K->865357K(1451520K), 0.0198001 secs] [Times: user=0.02 sys=0.00, real=0.02 secs] 
1577.365: [GC (Allocation Failure) [PSYoungGen: 414976K->184301K(465920K)] 1098317K->868872K(1451520K), 0.0201616 secs] [Times: user=0.03 sys=0.00, real=0.02 secs] 
1577.991: [GC (Allocation Failure) [PSYoungGen: 417261K->132273K(465920K)] 1101832K->817118K(1451520K), 0.0166419 secs] [Times: user=0.02 sys=0.00, real=0.01 secs] 
1579.088: [GC (Allocation Failure) [PSYoungGen: 365233K->20366K(465920K)] 1050078K->705509K(1451520K), 0.0047316 secs] [Times: user=0.02 sys=0.00, real=0.00 secs] 
1579.365: [GC (Allocation Failure) [PSYoungGen: 253326K->186229K(465920K)] 938469K->872610K(1451520K), 0.0203563 secs] [Times: user=0.03 sys=0.00, real=0.02 secs] 
1579.649: [GC (Allocation Failure) [PSYoungGen: 419189K->184687K(465920K)] 1105570K->871341K(1451520K), 0.0203773 secs] [Times: user=0.03 sys=0.00, real=0.02 secs] 
1582.293: [GC (Allocation Failure) [PSYoungGen: 417647K->107468K(465920K)] 1104301K->794388K(1451520K), 0.0222609 secs] [Times: user=0.04 sys=0.00, real=0.02 secs] 
1584.240: [GC (Allocation Failure) [PSYoungGen: 340428K->44303K(465920K)] 1027348K->731528K(1451520K), 0.0078643 secs] [Times: user=0.02 sys=0.00, real=0.01 secs] 
1584.542: [GC (Allocation Failure) [PSYoungGen: 277263K->184815K(465920K)] 964488K->873294K(1451520K), 0.0203303 secs] [Times: user=0.02 sys=0.00, real=0.02 secs] 
1584.825: [GC (Allocation Failure) [PSYoungGen: 417775K->184173K(465920K)] 1106254K->872925K(1451520K), 0.0202149 secs] [Times: user=0.03 sys=0.00, real=0.02 secs] 
1585.576: [GC (Allocation Failure) [PSYoungGen: 417133K->69027K(465920K)] 1105885K->758044K(1451520K), 0.0097578 secs] [Times: user=0.02 sys=0.00, real=0.01 secs] 
1589.286: [GC (Allocation Failure) [PSYoungGen: 301987K->67437K(465920K)] 991004K->756762K(1451520K), 0.0084389 secs] [Times: user=0.02 sys=0.00, real=0.01 secs] 
1589.617: [GC (Allocation Failure) [PSYoungGen: 300397K->184301K(465920K)] 989722K->874864K(1451520K), 0.0202842 secs] [Times: user=0.03 sys=0.00, real=0.02 secs] 
1589.957: [GC (Allocation Failure) [PSYoungGen: 417261K->184269K(465920K)] 1107824K->875105K(1451520K), 0.0201202 secs] [Times: user=0.03 sys=0.00, real=0.02 secs] 
1593.347: [GC (Allocation Failure) [PSYoungGen: 417229K->46262K(465920K)] 1108065K->737363K(1451520K), 0.0090994 secs] [Times: user=0.02 sys=0.00, real=0.01 secs] 
1594.728: [GC (Allocation Failure) [PSYoungGen: 279222K->88933K(465920K)] 970323K->780347K(1451520K), 0.0106077 secs] [Times: user=0.02 sys=0.00, real=0.01 secs] 
1595.002: [GC (Allocation Failure) [PSYoungGen: 321893K->184301K(465920K)] 1013307K->877082K(1451520K), 0.0203688 secs] [Times: user=0.03 sys=0.00, real=0.02 secs] 
1595.285: [GC (Allocation Failure) [PSYoungGen: 417261K->184590K(465920K)] 1110042K->877515K(1451520K), 0.0202981 secs] [Times: user=0.03 sys=0.00, real=0.02 secs] 
1596.956: [GC (Allocation Failure) [PSYoungGen: 417550K->24558K(465920K)] 1110475K->717748K(1451520K), 0.0075067 secs] [Times: user=0.02 sys=0.00, real=0.01 secs] 
1597.939: [GC (Allocation Failure) [PSYoungGen: 257518K->111328K(465920K)] 950708K->804831K(1451520K), 0.0132221 secs] [Times: user=0.02 sys=0.00, real=0.01 secs] 
1598.216: [GC (Allocation Failure) [PSYoungGen: 344288K->184173K(465920K)] 1037791K->878922K(1451520K), 0.0203708 secs] [Times: user=0.02 sys=0.00, real=0.02 secs] 
1598.500: [GC (Allocation Failure) [PSYoungGen: 417133K->184590K(465920K)] 1111882K->879621K(1451520K), 0.0204675 secs] [Times: user=0.03 sys=0.00, real=0.02 secs] 
1599.794: [GC (Allocation Failure) [PSYoungGen: 417550K->2339K(465920K)] 1112581K->697635K(1451520K), 0.0043590 secs] [Times: user=0.02 sys=0.00, real=0.01 secs] 
1600.589: [GC (Allocation Failure) [PSYoungGen: 235299K->133659K(465920K)] 930595K->829139K(1451520K), 0.0151793 secs] [Times: user=0.03 sys=0.00, real=0.01 secs] 
1600.870: [GC (Allocation Failure) [PSYoungGen: 366619K->184301K(465920K)] 1062099K->881036K(1451520K), 0.0200665 secs] [Times: user=0.02 sys=0.00, real=0.02 secs] 
1601.513: [GC (Allocation Failure) [PSYoungGen: 417261K->166230K(465920K)] 1113996K->863230K(1451520K), 0.0239012 secs] [Times: user=0.04 sys=0.00, real=0.02 secs] 
1603.864: [GC (Allocation Failure) [PSYoungGen: 399190K->96K(465920K)] 1096190K->698547K(1451520K), 0.0032895 secs] [Times: user=0.02 sys=0.00, real=0.00 secs] 
1604.505: [GC (Allocation Failure) [PSYoungGen: 233056K->157465K(465920K)] 931507K->855940K(1451520K), 0.0175012 secs] [Times: user=0.03 sys=0.00, real=0.02 secs] 
1604.787: [GC (Allocation Failure) [PSYoungGen: 390425K->186100K(465920K)] 1088900K->885942K(1451520K), 0.0205730 secs] [Times: user=0.02 sys=0.00, real=0.02 secs] 
1605.694: [GC (Allocation Failure) [PSYoungGen: 419060K->146830K(465920K)] 1118902K->846936K(1451520K), 0.0209728 secs] [Times: user=0.03 sys=0.00, real=0.02 secs] 
1608.257: [GC (Allocation Failure) [PSYoungGen: 379790K->64K(465920K)] 1079896K->701482K(1451520K), 0.0026607 secs] [Times: user=0.01 sys=0.00, real=0.01 secs] 
1608.650: [GC (Allocation Failure) [PSYoungGen: 233024K->178706K(465920K)] 934442K->880140K(1451520K), 0.0195911 secs] [Times: user=0.03 sys=0.01, real=0.02 secs] 
1608.932: [GC (Allocation Failure) [PSYoungGen: 411666K->184430K(465920K)] 1113100K->887102K(1451520K), 0.0203034 secs] [Times: user=0.03 sys=0.00, real=0.02 secs] 
1610.639: [GC (Allocation Failure) [PSYoungGen: 417390K->135455K(465920K)] 1120062K->838392K(1451520K), 0.0309654 secs] [Times: user=0.05 sys=0.00, real=0.03 secs] 
1612.749: [GC (Allocation Failure) [PSYoungGen: 368351K->16895K(465920K)] 1071288K->720154K(1451520K), 0.0046339 secs] [Times: user=0.01 sys=0.00, real=0.00 secs] 
1613.116: [GC (Allocation Failure) [PSYoungGen: 249855K->183948K(465920K)] 953114K->888460K(1451520K), 0.0201477 secs] [Times: user=0.03 sys=0.00, real=0.02 secs] 
1613.401: [GC (Allocation Failure) [PSYoungGen: 416908K->184430K(465920K)] 1121420K->889215K(1451520K), 0.0201326 secs] [Times: user=0.03 sys=0.00, real=0.02 secs] 
1614.559: [GC (Allocation Failure) [PSYoungGen: 417390K->113477K(465920K)] 1122175K->818528K(1451520K), 0.0152655 secs] [Times: user=0.03 sys=0.00, real=0.01 secs] 
1615.761: [GC (Allocation Failure) [PSYoungGen: 346437K->38902K(465920K)] 1051488K->744282K(1451520K), 0.0058220 secs] [Times: user=0.02 sys=0.00, real=0.00 secs] 
1616.091: [GC (Allocation Failure) [PSYoungGen: 271862K->184815K(465920K)] 977242K->891441K(1451520K), 0.0202064 secs] [Times: user=0.03 sys=0.00, real=0.02 secs] 
1616.373: [GC (Allocation Failure) [PSYoungGen: 417775K->183658K(465920K)] 1124401K->890558K(1451520K), 0.0202603 secs] [Times: user=0.03 sys=0.00, real=0.02 secs] 
1617.714: [GC (Allocation Failure) [PSYoungGen: 416618K->74923K(465920K)] 1123518K->782087K(1451520K), 0.0173218 secs] [Times: user=0.03 sys=0.00, real=0.02 secs] 
1618.873: [GC (Allocation Failure) [PSYoungGen: 307883K->61171K(465920K)] 1015047K->768644K(1451520K), 0.0078232 secs] [Times: user=0.02 sys=0.00, real=0.01 secs] 
1619.145: [GC (Allocation Failure) [PSYoungGen: 294131K->186389K(465920K)] 1001604K->895115K(1451520K), 0.0203969 secs] [Times: user=0.02 sys=0.00, real=0.02 secs] 
1619.431: [GC (Allocation Failure) [PSYoungGen: 419349K->185972K(465920K)] 1128075K->895099K(1451520K), 0.0203320 secs] [Times: user=0.02 sys=0.00, real=0.02 secs] 
1622.343: [GC (Allocation Failure) [PSYoungGen: 418932K->48865K(465920K)] 1128059K->758129K(1451520K), 0.0095117 secs] [Times: user=0.02 sys=0.00, real=0.01 secs] 
1623.746: [GC (Allocation Failure) [PSYoungGen: 281825K->85784K(465920K)] 991089K->795356K(1451520K), 0.0105854 secs] [Times: user=0.02 sys=0.00, real=0.01 secs] 
1624.020: [GC (Allocation Failure) [PSYoungGen: 318744K->183819K(465920K)] 1028316K->894629K(1451520K), 0.0202910 secs] [Times: user=0.03 sys=0.00, real=0.02 secs] 
1624.307: [GC (Allocation Failure) [PSYoungGen: 416779K->184398K(465920K)] 1127589K->895496K(1451520K), 0.0202343 secs] [Times: user=0.03 sys=0.01, real=0.02 secs] 
1626.544: [GC (Allocation Failure) [PSYoungGen: 417358K->28269K(465920K)] 1128456K->739761K(1451520K), 0.0082926 secs] [Times: user=0.02 sys=0.00, real=0.01 secs] 
1627.379: [GC (Allocation Failure) [PSYoungGen: 261229K->107504K(465920K)] 972721K->819175K(1451520K), 0.0126128 secs] [Times: user=0.02 sys=0.00, real=0.01 secs] 
1627.714: [GC (Allocation Failure) [PSYoungGen: 340464K->183916K(465920K)] 1052135K->896833K(1451520K), 0.0227275 secs] [Times: user=0.03 sys=0.00, real=0.02 secs] 
1628.011: [GC (Allocation Failure) [PSYoungGen: 416876K->184462K(465920K)] 1129793K->897652K(1451520K), 0.0202544 secs] [Times: user=0.02 sys=0.00, real=0.02 secs] 
1629.854: [GC (Allocation Failure) [PSYoungGen: 417422K->6548K(465920K)] 1130612K->720004K(1451520K), 0.0032622 secs] [Times: user=0.01 sys=0.00, real=0.00 secs] 
1630.382: [GC (Allocation Failure) [PSYoungGen: 239508K->129032K(465920K)] 952964K->842795K(1451520K), 0.0147567 secs] [Times: user=0.02 sys=0.00, real=0.01 secs] 
1630.661: [GC (Allocation Failure) [PSYoungGen: 361992K->184815K(465920K)] 1075755K->899824K(1451520K), 0.0203164 secs] [Times: user=0.03 sys=0.00, real=0.02 secs] 
1631.072: [GC (Allocation Failure) [PSYoungGen: 417775K->172407K(465920K)] 1132784K->887689K(1451520K), 0.0204276 secs] [Times: user=0.03 sys=0.00, real=0.02 secs] 
1632.327: [GC (Allocation Failure) [PSYoungGen: 405367K->128K(465920K)] 1120649K->716851K(1451520K), 0.0028224 secs] [Times: user=0.01 sys=0.00, real=0.01 secs] 
1632.825: [GC (Allocation Failure) [PSYoungGen: 233088K->151296K(465920K)] 949811K->868035K(1451520K), 0.0169970 secs] [Times: user=0.02 sys=0.00, real=0.02 secs] 
1633.105: [GC (Allocation Failure) [PSYoungGen: 384256K->184301K(465920K)] 1100995K->902278K(1451520K), 0.0202422 secs] [Times: user=0.03 sys=0.00, real=0.02 secs] 
1633.917: [GC (Allocation Failure) [PSYoungGen: 417261K->154815K(465920K)] 1135238K->873057K(1451520K), 0.0290768 secs] [Times: user=0.04 sys=0.00, real=0.03 secs] 
1635.814: [GC (Allocation Failure) [PSYoungGen: 387775K->96K(465920K)] 1106017K->719779K(1451520K), 0.0037933 secs] [Times: user=0.02 sys=0.00, real=0.00 secs] 
1636.275: [GC (Allocation Failure) [PSYoungGen: 233056K->173147K(465920K)] 952739K->892847K(1451520K), 0.0190343 secs] [Times: user=0.02 sys=0.00, real=0.02 secs] 
1636.556: [GC (Allocation Failure) [PSYoungGen: 406107K->183916K(465920K)] 1125807K->904869K(1451520K), 0.0201493 secs] [Times: user=0.02 sys=0.00, real=0.02 secs] 
1637.058: [GC (Allocation Failure) [PSYoungGen: 416876K->141543K(465920K)] 1137829K->862770K(1451520K), 0.0163960 secs] [Times: user=0.03 sys=0.00, real=0.02 secs] 
1638.880: [GC (Allocation Failure) [PSYoungGen: 374503K->10598K(465920K)] 1095730K->732138K(1451520K), 0.0040601 secs] [Times: user=0.01 sys=0.00, real=0.00 secs] 
1639.185: [GC (Allocation Failure) [PSYoungGen: 243558K->186357K(465920K)] 965098K->909272K(1451520K), 0.0203944 secs] [Times: user=0.02 sys=0.00, real=0.02 secs] 
1639.470: [GC (Allocation Failure) [PSYoungGen: 419317K->186068K(465920K)] 1142232K->909127K(1451520K), 0.0204535 secs] [Times: user=0.03 sys=0.00, real=0.02 secs] 
1640.021: [GC (Allocation Failure) [PSYoungGen: 419028K->115662K(465920K)] 1142087K->839114K(1451520K), 0.0126003 secs] [Times: user=0.02 sys=0.00, real=0.01 secs] 
1641.048: [GC (Allocation Failure) [PSYoungGen: 348622K->37459K(465920K)] 1072074K->761091K(1451520K), 0.0055514 secs] [Times: user=0.01 sys=0.00, real=0.01 secs] 
1641.317: [GC (Allocation Failure) [PSYoungGen: 270419K->185843K(465920K)] 994051K->910713K(1451520K), 0.0205419 secs] [Times: user=0.02 sys=0.00, real=0.02 secs] 
1641.608: [GC (Allocation Failure) [PSYoungGen: 418803K->185811K(465920K)] 1143673K->911083K(1451520K), 0.0204215 secs] [Times: user=0.02 sys=0.00, real=0.03 secs] 
1643.475: [GC (Allocation Failure) [PSYoungGen: 418771K->73204K(465920K)] 1144043K->798611K(1451520K), 0.0147937 secs] [Times: user=0.03 sys=0.00, real=0.02 secs] 
1645.397: [GC (Allocation Failure) [PSYoungGen: 306164K->63870K(465920K)] 1031571K->789594K(1451520K), 0.0094936 secs] [Times: user=0.02 sys=0.00, real=0.01 secs] 
1645.746: [GC (Allocation Failure) [PSYoungGen: 296830K->185843K(465920K)] 1022554K->912813K(1451520K), 0.0209547 secs] [Times: user=0.02 sys=0.00, real=0.02 secs] 
1646.035: [GC (Allocation Failure) [PSYoungGen: 418803K->186004K(465920K)] 1145773K->913246K(1451520K), 0.0207253 secs] [Times: user=0.02 sys=0.00, real=0.02 secs] 
1647.608: [GC (Allocation Failure) [PSYoungGen: 418964K->46696K(465920K)] 1146206K->774332K(1451520K), 0.0087632 secs] [Times: user=0.02 sys=0.00, real=0.00 secs] 
1649.486: [GC (Allocation Failure) [PSYoungGen: 279656K->89701K(465920K)] 1007292K->817522K(1451520K), 0.0108073 secs] [Times: user=0.01 sys=0.00, real=0.01 secs] 
1649.819: [GC (Allocation Failure) [PSYoungGen: 322661K->186004K(465920K)] 1050482K->915078K(1451520K), 0.0208120 secs] [Times: user=0.03 sys=0.00, real=0.02 secs] 
1650.109: [GC (Allocation Failure) [PSYoungGen: 418964K->185972K(465920K)] 1148038K->915320K(1451520K), 0.0203530 secs] [Times: user=0.03 sys=0.00, real=0.02 secs] 
1653.057: [GC (Allocation Failure) [PSYoungGen: 418932K->20718K(465920K)] 1148280K->750459K(1451520K), 0.0079601 secs] [Times: user=0.03 sys=0.00, real=0.01 secs] 
1654.467: [GC (Allocation Failure) [PSYoungGen: 253678K->115569K(465920K)] 983419K->845506K(1451520K), 0.0132798 secs] [Times: user=0.02 sys=0.00, real=0.02 secs] 
1654.744: [GC (Allocation Failure) [PSYoungGen: 348529K->185972K(465920K)] 1078466K->917154K(1451520K), 0.0203825 secs] [Times: user=0.03 sys=0.00, real=0.02 secs] 
1655.089: [GC (Allocation Failure) [PSYoungGen: 418932K->181177K(465920K)] 1150114K->912625K(1451520K), 0.0217711 secs] [Times: user=0.03 sys=0.00, real=0.02 secs] 
1656.226: [GC (Allocation Failure) [PSYoungGen: 414137K->64K(465920K)] 1145585K->732941K(1451520K), 0.0025521 secs] [Times: user=0.01 sys=0.00, real=0.01 secs] 
1656.699: [GC (Allocation Failure) [PSYoungGen: 233024K->141402K(465920K)] 965901K->874295K(1451520K), 0.0157770 secs] [Times: user=0.02 sys=0.00, real=0.01 secs] 
1656.979: [GC (Allocation Failure) [PSYoungGen: 374362K->185875K(465920K)] 1107255K->920022K(1451520K), 0.0205454 secs] [Times: user=0.03 sys=0.00, real=0.02 secs] 
1657.649: [GC (Allocation Failure) [PSYoungGen: 418835K->163185K(465920K)] 1152982K->897604K(1451520K), 0.0237557 secs] [Times: user=0.04 sys=0.00, real=0.02 secs] 
1659.612: [GC (Allocation Failure) [PSYoungGen: 396145K->128K(465920K)] 1130564K->735985K(1451520K), 0.0029799 secs] [Times: user=0.02 sys=0.00, real=0.00 secs] 
1660.007: [GC (Allocation Failure) [PSYoungGen: 233088K->167107K(465920K)] 968945K->902989K(1451520K), 0.0185697 secs] [Times: user=0.03 sys=0.00, real=0.02 secs] 
1660.344: [GC (Allocation Failure) [PSYoungGen: 400067K->184590K(465920K)] 1135949K->921726K(1451520K), 0.0204079 secs] [Times: user=0.03 sys=0.00, real=0.02 secs] 
1661.126: [GC (Allocation Failure) [PSYoungGen: 414473K->138733K(465920K)] 1151608K->876142K(1451520K), 0.0212473 secs] [Times: user=0.03 sys=0.00, real=0.02 secs] 
1662.566: [GC (Allocation Failure) [PSYoungGen: 371693K->1698K(465920K)] 1109102K->739420K(1451520K), 0.0026078 secs] [Times: user=0.01 sys=0.00, real=0.01 secs] 
1662.847: [GC (Allocation Failure) [PSYoungGen: 234658K->184044K(465920K)] 972380K->923012K(1451520K), 0.0202276 secs] [Times: user=0.03 sys=0.00, real=0.02 secs] 
1663.181: [GC (Allocation Failure) [PSYoungGen: 417004K->184012K(465920K)] 1155972K->923253K(1451520K), 0.0203371 secs] [Times: user=0.02 sys=0.00, real=0.02 secs] 
1664.217: [GC (Allocation Failure) [PSYoungGen: 416972K->128964K(465920K)] 1156213K->868470K(1451520K), 0.0218706 secs] [Times: user=0.04 sys=0.00, real=0.03 secs] 
1666.346: [GC (Allocation Failure) [PSYoungGen: 361924K->23290K(465920K)] 1101430K->763090K(1451520K), 0.0059513 secs] [Times: user=0.02 sys=0.00, real=0.01 secs] 
1666.661: [GC (Allocation Failure) [PSYoungGen: 256250K->184173K(465920K)] 996050K->925218K(1451520K), 0.0202262 secs] [Times: user=0.03 sys=0.00, real=0.02 secs] 
1666.948: [GC (Allocation Failure) [PSYoungGen: 417133K->184333K(465920K)] 1158178K->925780K(1451520K), 0.0201836 secs] [Times: user=0.03 sys=0.00, real=0.02 secs] 
1668.087: [GC (Allocation Failure) [PSYoungGen: 417293K->106954K(465920K)] 1158740K->848538K(1451520K), 0.0145486 secs] [Times: user=0.02 sys=0.00, real=0.02 secs] 
1669.310: [GC (Allocation Failure) [PSYoungGen: 339914K->45396K(465920K)] 1081498K->787271K(1451520K), 0.0072898 secs] [Times: user=0.01 sys=0.00, real=0.00 secs] 
1669.586: [GC (Allocation Failure) [PSYoungGen: 278356K->184044K(465920K)] 1020231K->927174K(1451520K), 0.0203745 secs] [Times: user=0.03 sys=0.00, real=0.02 secs] 
1669.869: [GC (Allocation Failure) [PSYoungGen: 417004K->184462K(465920K)] 1160134K->927993K(1451520K), 0.0203934 secs] [Times: user=0.03 sys=0.00, real=0.02 secs] 
1671.299: [GC (Allocation Failure) [PSYoungGen: 417422K->68416K(465920K)] 1160953K->812092K(1451520K), 0.0099697 secs] [Times: user=0.02 sys=0.00, real=0.01 secs] 
1672.245: [GC (Allocation Failure) [PSYoungGen: 301376K->67466K(465920K)] 1045052K->811449K(1451520K), 0.0085430 secs] [Times: user=0.02 sys=0.00, real=0.01 secs] 
1672.517: [GC (Allocation Failure) [PSYoungGen: 300426K->184944K(465920K)] 1044409K->930165K(1451520K), 0.0204483 secs] [Times: user=0.03 sys=0.00, real=0.02 secs] 
1672.804: [GC (Allocation Failure) [PSYoungGen: 417904K->183852K(465920K)] 1163125K->929337K(1451520K), 0.0204921 secs] [Times: user=0.02 sys=0.00, real=0.02 secs] 
1674.042: [GC (Allocation Failure) [PSYoungGen: 416812K->46053K(465920K)] 1162297K->791804K(1451520K), 0.0080699 secs] [Times: user=0.02 sys=0.00, real=0.01 secs] 
1674.770: [GC (Allocation Failure) [PSYoungGen: 279013K->90057K(465920K)] 1024764K->836124K(1451520K), 0.0108824 secs] [Times: user=0.02 sys=0.00, real=0.01 secs] 
1675.044: [GC (Allocation Failure) [PSYoungGen: 323017K->184044K(465920K)] 1069084K->931493K(1451520K), 0.0202808 secs] [Times: user=0.03 sys=0.00, real=0.02 secs] 
1675.327: [GC (Allocation Failure) [PSYoungGen: 417004K->184526K(465920K)] 1164453K->932120K(1451520K), 0.0204581 secs] [Times: user=0.03 sys=0.00, real=0.02 secs] 
1677.228: [GC (Allocation Failure) [PSYoungGen: 417486K->23610K(465920K)] 1165080K->771597K(1451520K), 0.0073845 secs] [Times: user=0.02 sys=0.00, real=0.01 secs] 
1678.090: [GC (Allocation Failure) [PSYoungGen: 256570K->112195K(465920K)] 1004557K->860368K(1451520K), 0.0130689 secs] [Times: user=0.02 sys=0.00, real=0.01 secs] 
1678.367: [GC (Allocation Failure) [PSYoungGen: 345155K->184173K(465920K)] 1093328K->933727K(1451520K), 0.0203960 secs] [Times: user=0.02 sys=0.00, real=0.02 secs] 
1678.705: [GC (Allocation Failure) [PSYoungGen: 417133K->184526K(465920K)] 1166687K->934225K(1451520K), 0.0204697 secs] [Times: user=0.03 sys=0.00, real=0.02 secs] 
1679.655: [GC (Allocation Failure) [PSYoungGen: 417486K->1440K(465920K)] 1167185K->751283K(1451520K), 0.0026017 secs] [Times: user=0.01 sys=0.00, real=0.00 secs] 
1680.135: [GC (Allocation Failure) [PSYoungGen: 234400K->134719K(465920K)] 984243K->884750K(1451520K), 0.0152889 secs] [Times: user=0.03 sys=0.00, real=0.02 secs] 
1680.471: [GC (Allocation Failure) [PSYoungGen: 367679K->184815K(465920K)] 1117710K->936084K(1451520K), 0.0204284 secs] [Times: user=0.02 sys=0.00, real=0.02 secs] 
1681.123: [GC (Allocation Failure) [PSYoungGen: 417775K->164704K(465920K)] 1169044K->916374K(1451520K), 0.0263024 secs] [Times: user=0.03 sys=0.00, real=0.03 secs] 
1683.709: [GC (Allocation Failure) [PSYoungGen: 397664K->64K(465920K)] 1149334K->753051K(1451520K), 0.0043899 secs] [Times: user=0.02 sys=0.00, real=0.00 secs] 
1684.354: [GC (Allocation Failure) [PSYoungGen: 233024K->156985K(465920K)] 986011K->910005K(1451520K), 0.0176389 secs] [Times: user=0.03 sys=0.00, real=0.02 secs] 
1684.695: [GC (Allocation Failure) [PSYoungGen: 389945K->184430K(465920K)] 1142965K->938702K(1451520K), 0.0205812 secs] [Times: user=0.02 sys=0.00, real=0.02 secs] 
1685.143: [GC (Allocation Failure) [PSYoungGen: 417390K->149015K(465920K)] 1171662K->903553K(1451520K), 0.0203674 secs] [Times: user=0.03 sys=0.00, real=0.02 secs] 
1687.107: [GC (Allocation Failure) [PSYoungGen: 381975K->96K(465920K)] 1136513K->756057K(1451520K), 0.0051484 secs] [Times: user=0.03 sys=0.00, real=0.01 secs] 
1687.583: [GC (Allocation Failure) [PSYoungGen: 233056K->179220K(465920K)] 989017K->935214K(1451520K), 0.0196795 secs] [Times: user=0.02 sys=0.00, real=0.02 secs] 
1687.866: [GC (Allocation Failure) [PSYoungGen: 412180K->184462K(465920K)] 1168174K->941837K(1451520K), 0.0203028 secs] [Times: user=0.02 sys=0.00, real=0.02 secs] 
1688.710: [GC (Allocation Failure) [PSYoungGen: 417422K->134972K(465920K)] 1174797K->892613K(1451520K), 0.0350595 secs] [Times: user=0.07 sys=0.00, real=0.03 secs] 
1689.733: [GC (Allocation Failure) [PSYoungGen: 367932K->17792K(465920K)] 1125573K->775604K(1451520K), 0.0045266 secs] [Times: user=0.01 sys=0.00, real=0.00 secs] 
1690.008: [GC (Allocation Failure) [PSYoungGen: 250752K->184173K(465920K)] 1008564K->943230K(1451520K), 0.0203644 secs] [Times: user=0.03 sys=0.00, real=0.02 secs] 
1690.290: [GC (Allocation Failure) [PSYoungGen: 417133K->183916K(465920K)] 1176190K->943246K(1451520K), 0.0203292 secs] [Times: user=0.03 sys=0.00, real=0.02 secs] 
1691.450: [GC (Allocation Failure) [PSYoungGen: 416876K->112866K(465920K)] 1176206K->872591K(1451520K), 0.0165201 secs] [Times: user=0.04 sys=0.00, real=0.01 secs] 
1694.210: [GC (Allocation Failure) [PSYoungGen: 345826K->39290K(465920K)] 1105551K->799178K(1451520K), 0.0082053 secs] [Times: user=0.02 sys=0.00, real=0.01 secs] 
1694.528: [GC (Allocation Failure) [PSYoungGen: 272250K->186325K(465920K)] 1032138K->947466K(1451520K), 0.0205039 secs] [Times: user=0.03 sys=0.00, real=0.02 secs] 
1694.813: [GC (Allocation Failure) [PSYoungGen: 419285K->184815K(465920K)] 1180426K->946229K(1451520K), 0.0204546 secs] [Times: user=0.03 sys=0.00, real=0.02 secs] 
1696.424: [GC (Allocation Failure) [PSYoungGen: 417775K->71886K(465920K)] 1179189K->833566K(1451520K), 0.0116549 secs] [Times: user=0.03 sys=0.00, real=0.01 secs] 
1698.353: [GC (Allocation Failure) [PSYoungGen: 304846K->63678K(465920K)] 1066526K->825671K(1451520K), 0.0104473 secs] [Times: user=0.02 sys=0.00, real=0.01 secs] 
1698.654: [GC (Allocation Failure) [PSYoungGen: 296638K->186389K(465920K)] 1058631K->949764K(1451520K), 0.0204830 secs] [Times: user=0.03 sys=0.00, real=0.02 secs] 
1698.939: [GC (Allocation Failure) [PSYoungGen: 419349K->186132K(465920K)] 1182724K->949652K(1451520K), 0.0204584 secs] [Times: user=0.03 sys=0.00, real=0.02 secs] 
1700.589: [GC (Allocation Failure) [PSYoungGen: 419092K->46182K(465920K)] 1182612K->810095K(1451520K), 0.0174212 secs] [Times: user=0.04 sys=0.00, real=0.01 secs] 
1702.200: [GC (Allocation Failure) [PSYoungGen: 279142K->90314K(465920K)] 1043055K->854423K(1451520K), 0.0109076 secs] [Times: user=0.02 sys=0.00, real=0.01 secs] 
1702.475: [GC (Allocation Failure) [PSYoungGen: 323274K->185972K(465920K)] 1087383K->951318K(1451520K), 0.0204432 secs] [Times: user=0.03 sys=0.00, real=0.02 secs] 
1702.818: [GC (Allocation Failure) [PSYoungGen: 418932K->185972K(465920K)] 1184278K->951591K(1451520K), 0.0207807 secs] [Times: user=0.03 sys=0.00, real=0.03 secs] 
1705.749: [GC (Allocation Failure) [PSYoungGen: 418932K->20059K(465920K)] 1184551K->786072K(1451520K), 0.0111566 secs] [Times: user=0.03 sys=0.00, real=0.01 secs] 
1706.959: [GC (Allocation Failure) [PSYoungGen: 253019K->115890K(465920K)] 1019032K->882085K(1451520K), 0.0136010 secs] [Times: user=0.02 sys=0.00, real=0.01 secs] 
1707.298: [GC (Allocation Failure) [PSYoungGen: 348850K->185972K(465920K)] 1115045K->953412K(1451520K), 0.0207327 secs] [Times: user=0.02 sys=0.00, real=0.02 secs] 
1707.642: [GC (Allocation Failure) [PSYoungGen: 418932K->180824K(465920K)] 1186372K->948529K(1451520K), 0.0232989 secs] [Times: user=0.03 sys=0.00, real=0.02 secs] 
1709.655: [GC (Allocation Failure) [PSYoungGen: 413784K->96K(465920K)] 1181489K->769234K(1451520K), 0.0027213 secs] [Times: user=0.01 sys=0.00, real=0.00 secs] 
1710.495: [GC (Allocation Failure) [PSYoungGen: 233056K->140502K(465920K)] 1002194K->909657K(1451520K), 0.0158607 secs] [Times: user=0.02 sys=0.00, real=0.02 secs] 
1710.776: [GC (Allocation Failure) [PSYoungGen: 373462K->186261K(465920K)] 1142617K->956669K(1451520K), 0.0205741 secs] [Times: user=0.03 sys=0.00, real=0.02 secs] 
1711.881: [GC (Allocation Failure) [PSYoungGen: 415251K->159619K(465920K)] 1185660K->930292K(1451520K), 0.0453373 secs] [Times: user=0.06 sys=0.00, real=0.04 secs] 
1713.893: [GC (Allocation Failure) [PSYoungGen: 392579K->128K(465920K)] 1163252K->772233K(1451520K), 0.0028222 secs] [Times: user=0.01 sys=0.00, real=0.00 secs] 
1714.282: [GC (Allocation Failure) [PSYoungGen: 233088K->161066K(465920K)] 1005193K->933211K(1451520K), 0.0178844 secs] [Times: user=0.02 sys=0.00, real=0.02 secs] 
1714.563: [GC (Allocation Failure) [PSYoungGen: 394026K->184462K(465920K)] 1166171K->957860K(1451520K), 0.0204579 secs] [Times: user=0.03 sys=0.00, real=0.02 secs] 
1715.031: [GC (Allocation Failure) [PSYoungGen: 417422K->144934K(465920K)] 1190820K->918598K(1451520K), 0.0181151 secs] [Times: user=0.03 sys=0.01, real=0.02 secs] 
1715.981: [GC (Allocation Failure) [PSYoungGen: 377894K->96K(465920K)] 1151558K->775209K(1451520K), 0.0025240 secs] [Times: user=0.01 sys=0.00, real=0.00 secs] 
1716.376: [GC (Allocation Failure) [PSYoungGen: 233056K->183622K(465920K)] 1008169K->958760K(1451520K), 0.0202604 secs] [Times: user=0.02 sys=0.00, real=0.02 secs] 
1716.659: [GC (Allocation Failure) [PSYoungGen: 416582K->184462K(465920K)] 1191720K->960853K(1451520K), 0.0204505 secs] [Times: user=0.03 sys=0.00, real=0.02 secs] 
1717.886: [GC (Allocation Failure) [PSYoungGen: 417422K->130571K(465920K)] 1193813K->907235K(1451520K), 0.0208041 secs] [Times: user=0.04 sys=0.00, real=0.02 secs] 
1720.503: [GC (Allocation Failure) [PSYoungGen: 363531K->21747K(465920K)] 1140195K->798712K(1451520K), 0.0069341 secs] [Times: user=0.02 sys=0.00, real=0.01 secs] 
1720.843: [GC (Allocation Failure) [PSYoungGen: 254707K->184205K(465920K)] 1031672K->962423K(1451520K), 0.0203822 secs] [Times: user=0.03 sys=0.00, real=0.02 secs] 
1721.187: [GC (Allocation Failure) [PSYoungGen: 417165K->184558K(465920K)] 1195383K->963050K(1451520K), 0.0208803 secs] [Times: user=0.02 sys=0.00, real=0.03 secs] 
1721.767: [GC (Allocation Failure) [PSYoungGen: 417518K->108272K(465920K)] 1196010K->887156K(1451520K), 0.0144640 secs] [Times: user=0.03 sys=0.00, real=0.02 secs] 
1723.365: [GC (Allocation Failure) [PSYoungGen: 341232K->44300K(465920K)] 1120116K->823364K(1451520K), 0.0078235 secs] [Times: user=0.01 sys=0.01, real=0.01 secs] 
1723.660: [GC (Allocation Failure) [PSYoungGen: 277260K->186486K(465920K)] 1056324K->966788K(1451520K), 0.0207247 secs] [Times: user=0.03 sys=0.00, real=0.02 secs] 
1724.007: [GC (Allocation Failure) [PSYoungGen: 419446K->186100K(465920K)] 1199748K->966675K(1451520K), 0.0207179 secs] [Times: user=0.03 sys=0.00, real=0.02 secs] 
1726.066: [GC (Allocation Failure) [PSYoungGen: 419060K->65476K(465920K)] 1199635K->846453K(1451520K), 0.0108024 secs] [Times: user=0.02 sys=0.00, real=0.01 secs] 
1727.097: [GC (Allocation Failure) [PSYoungGen: 298436K->71678K(465920K)] 1079413K->852836K(1451520K), 0.0090837 secs] [Times: user=0.02 sys=0.00, real=0.01 secs] 
1727.371: [GC (Allocation Failure) [PSYoungGen: 304638K->185875K(465920K)] 1085796K->968271K(1451520K), 0.0206872 secs] [Times: user=0.03 sys=0.00, real=0.02 secs] 
1727.655: [GC (Allocation Failure) [PSYoungGen: 418835K->184430K(465920K)] 1201231K->967098K(1451520K), 0.0203864 secs] [Times: user=0.03 sys=0.00, real=0.02 secs] 
1730.059: [GC (Allocation Failure) [PSYoungGen: 417390K->40398K(465920K)] 1200058K->823332K(1451520K), 0.0090115 secs] [Times: user=0.02 sys=0.00, real=0.01 secs] 
1731.294: [GC (Allocation Failure) [PSYoungGen: 273323K->95070K(465920K)] 1056256K->878309K(1451520K), 0.0113984 secs] [Times: user=0.02 sys=0.00, real=0.01 secs] 
1731.567: [GC (Allocation Failure) [PSYoungGen: 328030K->184076K(465920K)] 1111269K->968561K(1451520K), 0.0203873 secs] [Times: user=0.02 sys=0.00, real=0.02 secs] 
1731.850: [GC (Allocation Failure) [PSYoungGen: 417036K->184430K(465920K)] 1201521K->969188K(1451520K), 0.0205770 secs] [Times: user=0.03 sys=0.00, real=0.02 secs] 
1733.720: [GC (Allocation Failure) [PSYoungGen: 417390K->18790K(465920K)] 1202148K->803813K(1451520K), 0.0055663 secs] [Times: user=0.02 sys=0.00, real=0.00 secs] 
1734.911: [GC (Allocation Failure) [PSYoungGen: 251750K->117590K(465920K)] 1036773K->902929K(1451520K), 0.0135823 secs] [Times: user=0.02 sys=0.00, real=0.01 secs] 
1735.244: [GC (Allocation Failure) [PSYoungGen: 350550K->184462K(465920K)] 1135889K->971046K(1451520K), 0.0203647 secs] [Times: user=0.03 sys=0.00, real=0.02 secs] 
1735.587: [GC (Allocation Failure) [PSYoungGen: 417422K->180824K(465920K)] 1204006K->967689K(1451520K), 0.0216598 secs] [Times: user=0.03 sys=0.00, real=0.03 secs] 
1737.255: [GC (Allocation Failure) [PSYoungGen: 413784K->96K(465920K)] 1200649K->788407K(1451520K), 0.0054757 secs] [Times: user=0.03 sys=0.01, real=0.01 secs] 
1738.172: [GC (Allocation Failure) [PSYoungGen: 233056K->139760K(465920K)] 1021367K->928088K(1451520K), 0.0159563 secs] [Times: user=0.02 sys=0.00, real=0.02 secs] 
1738.451: [GC (Allocation Failure) [PSYoungGen: 372720K->184301K(465920K)] 1161048K->974003K(1451520K), 0.0203288 secs] [Times: user=0.02 sys=0.00, real=0.02 secs] 
1739.039: [GC (Allocation Failure) [PSYoungGen: 416921K->162238K(465920K)] 1206623K->952212K(1451520K), 0.0204884 secs] [Times: user=0.03 sys=0.00, real=0.02 secs] 
1741.070: [GC (Allocation Failure) [PSYoungGen: 395198K->64K(465920K)] 1185172K->791357K(1451520K), 0.0028710 secs] [Times: user=0.01 sys=0.00, real=0.00 secs] 
1741.734: [GC (Allocation Failure) [PSYoungGen: 233024K->160678K(465920K)] 1024317K->951988K(1451520K), 0.0179321 secs] [Times: user=0.02 sys=0.00, real=0.02 secs] 
1742.015: [GC (Allocation Failure) [PSYoungGen: 393638K->184687K(465920K)] 1184948K->977234K(1451520K), 0.0205615 secs] [Times: user=0.03 sys=0.00, real=0.02 secs] 
1742.743: [GC (Allocation Failure) [PSYoungGen: 417647K->145031K(465920K)] 1210194K->937843K(1451520K), 0.0210937 secs] [Times: user=0.03 sys=0.00, real=0.02 secs] 
1745.897: [GC (Allocation Failure) [PSYoungGen: 377991K->128K(465920K)] 1170803K->794372K(1451520K), 0.0054276 secs] [Times: user=0.03 sys=0.00, real=0.01 secs] 
1746.315: [GC (Allocation Failure) [PSYoungGen: 233088K->183236K(465920K)] 1027332K->977504K(1451520K), 0.0200514 secs] [Times: user=0.02 sys=0.00, real=0.02 secs] 
1746.651: [GC (Allocation Failure) [PSYoungGen: 416196K->184044K(465920K)] 1210464K->979566K(1451520K), 0.0204929 secs] [Times: user=0.03 sys=0.00, real=0.02 secs] 
1747.258: [GC (Allocation Failure) [PSYoungGen: 417004K->131374K(465920K)] 1212526K->927169K(1451520K), 0.0171823 secs] [Times: user=0.03 sys=0.00, real=0.01 secs] 
1748.867: [GC (Allocation Failure) [PSYoungGen: 364334K->21137K(465920K)] 1160129K->817253K(1451520K), 0.0052559 secs] [Times: user=0.01 sys=0.00, real=0.01 secs] 
1749.157: [GC (Allocation Failure) [PSYoungGen: 254097K->184205K(465920K)] 1050213K->981567K(1451520K), 0.0202702 secs] [Times: user=0.03 sys=0.00, real=0.02 secs] 
1749.498: [GC (Allocation Failure) [PSYoungGen: 417165K->184333K(465920K)] 1214527K->982097K(1451520K), 0.0204957 secs] [Times: user=0.03 sys=0.00, real=0.02 secs] 
1750.103: [GC (Allocation Failure) [PSYoungGen: 417293K->109139K(465920K)] 1215057K->907040K(1451520K), 0.0148292 secs] [Times: user=0.02 sys=0.00, real=0.01 secs] 
1750.959: [GC (Allocation Failure) [PSYoungGen: 342099K->43628K(465920K)] 1140000K->841837K(1451520K), 0.0063618 secs] [Times: user=0.02 sys=0.00, real=0.00 secs] 
1751.228: [GC (Allocation Failure) [PSYoungGen: 276588K->184076K(465920K)] 1074797K->983530K(1451520K), 0.0205807 secs] [Times: user=0.03 sys=0.00, real=0.02 secs] 
1751.515: [GC (Allocation Failure) [PSYoungGen: 417036K->184398K(465920K)] 1216490K->984253K(1451520K), 0.0204805 secs] [Times: user=0.03 sys=0.00, real=0.02 secs] 
1752.713: [GC (Allocation Failure) [PSYoungGen: 417358K->70168K(465920K)] 1217213K->870160K(1451520K), 0.0168431 secs] [Times: user=0.03 sys=0.00, real=0.02 secs] 
1753.481: [GC (Allocation Failure) [PSYoungGen: 303128K->66120K(465920K)] 1103120K->866420K(1451520K), 0.0085022 secs] [Times: user=0.02 sys=0.00, real=0.01 secs] 
1753.751: [GC (Allocation Failure) [PSYoungGen: 299080K->184301K(465920K)] 1099380K->985839K(1451520K), 0.0204261 secs] [Times: user=0.03 sys=0.00, real=0.02 secs] 
1754.100: [GC (Allocation Failure) [PSYoungGen: 417261K->184526K(465920K)] 1218799K->986337K(1451520K), 0.0204802 secs] [Times: user=0.03 sys=0.00, real=0.02 secs] 
1756.736: [GC (Allocation Failure) [PSYoungGen: 417486K->47338K(465920K)] 1219297K->849430K(1451520K), 0.0111688 secs] [Times: user=0.03 sys=0.00, real=0.01 secs] 
1757.914: [GC (Allocation Failure) [PSYoungGen: 280298K->88737K(465920K)] 1082390K->891152K(1451520K), 0.0107008 secs] [Times: user=0.02 sys=0.00, real=0.01 secs] 
1758.186: [GC (Allocation Failure) [PSYoungGen: 321697K->184173K(465920K)] 1124112K->987954K(1451520K), 0.0204088 secs] [Times: user=0.03 sys=0.00, real=0.02 secs] 
1758.469: [GC (Allocation Failure) [PSYoungGen: 417133K->184494K(465920K)] 1220914K->988548K(1451520K), 0.0204803 secs] [Times: user=0.02 sys=0.00, real=0.02 secs] 
1761.630: [GC (Allocation Failure) [PSYoungGen: 417454K->25040K(465920K)] 1221508K->829231K(1451520K), 0.0076349 secs] [Times: user=0.03 sys=0.00, real=0.00 secs] 
1762.664: [GC (Allocation Failure) [PSYoungGen: 258000K->110782K(465920K)] 1062191K->915273K(1451520K), 0.0129870 secs] [Times: user=0.02 sys=0.00, real=0.01 secs] 
1762.939: [GC (Allocation Failure) [PSYoungGen: 343742K->184301K(465920K)] 1148233K->990046K(1451520K), 0.0205222 secs] [Times: user=0.03 sys=0.00, real=0.02 secs] 
1763.228: [GC (Allocation Failure) [PSYoungGen: 417261K->184623K(465920K)] 1223006K->990641K(1451520K), 0.0205319 secs] [Times: user=0.03 sys=0.00, real=0.03 secs] 
1764.308: [GC (Allocation Failure) [PSYoungGen: 417583K->2596K(465920K)] 1223601K->808879K(1451520K), 0.0040641 secs] [Times: user=0.02 sys=0.00, real=0.00 secs] 
1764.912: [GC (Allocation Failure) [PSYoungGen: 235556K->133498K(465920K)] 1041839K->940099K(1451520K), 0.0153618 secs] [Times: user=0.03 sys=0.00, real=0.01 secs] 
1765.195: [GC (Allocation Failure) [PSYoungGen: 366458K->184173K(465920K)] 1173059K->992019K(1451520K), 0.0202920 secs] [Times: user=0.02 sys=0.00, real=0.02 secs] 
1765.637: [GC (Allocation Failure) [PSYoungGen: 417133K->168615K(465920K)] 1224979K->976735K(1451520K), 0.0210381 secs] [Times: user=0.03 sys=0.00, real=0.02 secs] 
1767.639: [GC (Allocation Failure) [PSYoungGen: 401575K->64K(465920K)] 1209695K->809631K(1451520K), 0.0063261 secs] [Times: user=0.03 sys=0.00, real=0.00 secs] 
1768.414: [GC (Allocation Failure) [PSYoungGen: 233024K->155700K(465920K)] 1042591K->965284K(1451520K), 0.0174995 secs] [Times: user=0.03 sys=0.00, real=0.02 secs] 
1768.697: [GC (Allocation Failure) [PSYoungGen: 388660K->184301K(465920K)] 1198244K->995130K(1451520K), 0.0204361 secs] [Times: user=0.03 sys=0.00, real=0.02 secs] 
1769.153: [GC (Allocation Failure) [PSYoungGen: 417261K->150445K(465920K)] 1228090K->961547K(1451520K), 0.0178232 secs] [Times: user=0.03 sys=0.00, real=0.02 secs] 
1770.102: [GC (Allocation Failure) [PSYoungGen: 383405K->96K(465920K)] 1194507K->812639K(1451520K), 0.0025222 secs] [Times: user=0.01 sys=0.00, real=0.00 secs] 
1770.407: [GC (Allocation Failure) [PSYoungGen: 233056K->177935K(465920K)] 1045599K->990495K(1451520K), 0.0198875 secs] [Times: user=0.03 sys=0.00, real=0.02 secs] 
1770.771: [GC (Allocation Failure) [PSYoungGen: 410895K->184430K(465920K)] 1223455K->998235K(1451520K), 0.0204033 secs] [Times: user=0.03 sys=0.00, real=0.02 secs] 
1771.282: [GC (Allocation Failure) [PSYoungGen: 417390K->136322K(465920K)] 1231195K->950392K(1451520K), 0.0204574 secs] [Times: user=0.03 sys=0.00, real=0.02 secs] 
1772.236: [GC (Allocation Failure) [PSYoungGen: 369229K->16764K(465920K)] 1183299K->831142K(1451520K), 0.0043594 secs] [Times: user=0.02 sys=0.00, real=0.01 secs] 
1772.512: [GC (Allocation Failure) [PSYoungGen: 249724K->183948K(465920K)] 1064102K->999580K(1451520K), 0.0204503 secs] [Times: user=0.03 sys=0.00, real=0.02 secs] 
1772.858: [GC (Allocation Failure) [PSYoungGen: 416908K->184398K(465920K)] 1232540K->1000303K(1451520K), 0.0205997 secs] [Times: user=0.02 sys=0.00, real=0.03 secs] 
1774.082: [GC (Allocation Failure) [PSYoungGen: 417358K->113654K(465920K)] 1233263K->929824K(1451520K), 0.0252904 secs] [Times: user=0.04 sys=0.00, real=0.02 secs] 
1776.096: [GC (Allocation Failure) [PSYoungGen: 346614K->38873K(465920K)] 1162784K->855351K(1451520K), 0.0078092 secs] [Times: user=0.02 sys=0.00, real=0.01 secs] 
1776.401: [GC (Allocation Failure) [PSYoungGen: 271833K->184847K(465920K)] 1088311K->1002571K(1451520K), 0.0205138 secs] [Times: user=0.03 sys=0.00, real=0.02 secs] 
1776.686: [GC (Allocation Failure) [PSYoungGen: 417807K->183690K(465920K)] 1235531K->1001687K(1451520K), 0.0204670 secs] [Times: user=0.03 sys=0.00, real=0.02 secs] 
1777.956: [GC (Allocation Failure) [PSYoungGen: 416650K->74971K(465920K)] 1234647K->893233K(1451520K), 0.0127703 secs] [Times: user=0.03 sys=0.00, real=0.02 secs] 
1778.919: [GC (Allocation Failure) [PSYoungGen: 307931K->61622K(465920K)] 1126193K->880185K(1451520K), 0.0081773 secs] [Times: user=0.01 sys=0.00, real=0.00 secs] 
1779.261: [GC (Allocation Failure) [PSYoungGen: 294582K->185972K(465920K)] 1113145K->1005789K(1451520K), 0.0206999 secs] [Times: user=0.03 sys=0.00, real=0.02 secs] 
1779.598: [GC (Allocation Failure) [PSYoungGen: 418932K->184526K(465920K)] 1238749K->1004617K(1451520K), 0.0205772 secs] [Times: user=0.03 sys=0.00, real=0.03 secs] 
1781.577: [GC (Allocation Failure) [PSYoungGen: 417486K->50102K(465920K)] 1237577K->870458K(1451520K), 0.0115247 secs] [Times: user=0.02 sys=0.00, real=0.02 secs] 
1782.594: [GC (Allocation Failure) [PSYoungGen: 283062K->86459K(465920K)] 1103418K->907122K(1451520K), 0.0106226 secs] [Times: user=0.02 sys=0.00, real=0.01 secs] 
1782.872: [GC (Allocation Failure) [PSYoungGen: 319419K->186100K(465920K)] 1140082K->1008018K(1451520K), 0.0207412 secs] [Times: user=0.03 sys=0.00, real=0.02 secs] 
1783.217: [GC (Allocation Failure) [PSYoungGen: 419060K->185940K(465920K)] 1240978K->1008130K(1451520K), 0.0207374 secs] [Times: user=0.02 sys=0.00, real=0.03 secs] 
1785.275: [GC (Allocation Failure) [PSYoungGen: 418900K->23819K(465920K)] 1241090K->846274K(1451520K), 0.0078375 secs] [Times: user=0.02 sys=0.00, real=0.01 secs] 
1786.450: [GC (Allocation Failure) [PSYoungGen: 256779K->112227K(465920K)] 1079234K->935008K(1451520K), 0.0133347 secs] [Times: user=0.02 sys=0.00, real=0.01 secs] 
1786.731: [GC (Allocation Failure) [PSYoungGen: 345187K->184687K(465920K)] 1167968K->1008713K(1451520K), 0.0205427 secs] [Times: user=0.03 sys=0.00, real=0.02 secs] 
1787.018: [GC (Allocation Failure) [PSYoungGen: 417647K->184044K(465920K)] 1241673K->1008344K(1451520K), 0.0204972 secs] [Times: user=0.02 sys=0.00, real=0.02 secs] 
1787.981: [GC (Allocation Failure) [PSYoungGen: 417004K->1408K(465920K)] 1241304K->825852K(1451520K), 0.0025259 secs] [Times: user=0.01 sys=0.00, real=0.00 secs] 
1788.553: [GC (Allocation Failure) [PSYoungGen: 234368K->134976K(465920K)] 1058812K->959600K(1451520K), 0.0154182 secs] [Times: user=0.02 sys=0.00, real=0.02 secs] 
1788.891: [GC (Allocation Failure) [PSYoungGen: 367936K->184847K(465920K)] 1192560K->1010717K(1451520K), 0.0204797 secs] [Times: user=0.03 sys=0.00, real=0.02 secs] 
1789.323: [GC (Allocation Failure) [PSYoungGen: 417807K->164463K(465920K)] 1243677K->990597K(1451520K), 0.0242139 secs] [Times: user=0.04 sys=0.00, real=0.02 secs] 
1790.433: [GC (Allocation Failure) [PSYoungGen: 397423K->64K(465920K)] 1223557K->827636K(1451520K), 0.0027441 secs] [Times: user=0.01 sys=0.00, real=0.00 secs] 
1790.977: [GC (Allocation Failure) [PSYoungGen: 233024K->157465K(465920K)] 1060596K->985045K(1451520K), 0.0179315 secs] [Times: user=0.03 sys=0.00, real=0.02 secs] 
1791.266: [GC (Allocation Failure) [PSYoungGen: 390425K->184333K(465920K)] 1218005K->1013159K(1451520K), 0.0208012 secs] [Times: user=0.02 sys=0.00, real=0.02 secs] 
1791.836: [GC (Allocation Failure) [PSYoungGen: 417293K->148597K(465920K)] 1246119K->977688K(1451520K), 0.0161977 secs] [Times: user=0.02 sys=0.00, real=0.02 secs] 
1792.884: [GC (Allocation Failure) [PSYoungGen: 381557K->64K(465920K)] 1210648K->830592K(1451520K), 0.0030383 secs] [Times: user=0.01 sys=0.00, real=0.00 secs] 
1793.231: [GC (Allocation Failure) [PSYoungGen: 233024K->179381K(465920K)] 1063552K->1009925K(1451520K), 0.0198786 secs] [Times: user=0.03 sys=0.00, real=0.02 secs] 
1793.519: [GC (Allocation Failure) [PSYoungGen: 412341K->184430K(465920K)] 1242885K->1016212K(1451520K), 0.0207816 secs] [Times: user=0.03 sys=0.00, real=0.02 secs] 
1795.892: [GC (Allocation Failure) [PSYoungGen: 417390K->134876K(465920K)] 1249172K->966931K(1451520K), 0.0378433 secs] [Times: user=0.07 sys=0.00, real=0.04 secs] 
1798.844: [GC (Allocation Failure) [PSYoungGen: 367836K->16893K(465920K)] 1199891K->849262K(1451520K), 0.0065463 secs] [Times: user=0.02 sys=0.00, real=0.01 secs] 
1799.183: [GC (Allocation Failure) [PSYoungGen: 249853K->184076K(465920K)] 1082222K->1017819K(1451520K), 0.0204886 secs] [Times: user=0.03 sys=0.00, real=0.02 secs] 
1799.465: [GC (Allocation Failure) [PSYoungGen: 417036K->184076K(465920K)] 1250779K->1017964K(1451520K), 0.0204953 secs] [Times: user=0.03 sys=0.00, real=0.02 secs] 
1800.810: [GC (Allocation Failure) [PSYoungGen: 417036K->113766K(465920K)] 1250924K->947919K(1451520K), 0.0337566 secs] [Times: user=0.07 sys=0.00, real=0.03 secs] 
1803.149: [GC (Allocation Failure) [PSYoungGen: 346726K->38455K(465920K)] 1180879K->872908K(1451520K), 0.0079690 secs] [Times: user=0.02 sys=0.01, real=0.00 secs] 
1803.539: [GC (Allocation Failure) [PSYoungGen: 271415K->184847K(465920K)] 1105868K->1020554K(1451520K), 0.0204631 secs] [Times: user=0.02 sys=0.00, real=0.02 secs] 
1803.829: [GC (Allocation Failure) [PSYoungGen: 417807K->184044K(465920K)] 1253514K->1020152K(1451520K), 0.0204853 secs] [Times: user=0.02 sys=0.00, real=0.02 secs] 
1805.220: [GC (Allocation Failure) [PSYoungGen: 417004K->74987K(465920K)] 1253112K->911264K(1451520K), 0.0157419 secs] [Times: user=0.04 sys=0.00, real=0.01 secs] 
1807.124: [GC (Allocation Failure) [PSYoungGen: 307947K->61236K(465920K)] 1144224K->897818K(1451520K), 0.0100148 secs] [Times: user=0.02 sys=0.00, real=0.01 secs] 
1807.418: [GC (Allocation Failure) [PSYoungGen: 294196K->184205K(465920K)] 1130778K->1022040K(1451520K), 0.0204903 secs] [Times: user=0.03 sys=0.00, real=0.03 secs] 
1807.706: [GC (Allocation Failure) [PSYoungGen: 417165K->184622K(465920K)] 1255000K->1022731K(1451520K), 0.0204113 secs] [Times: user=0.03 sys=0.00, real=0.02 secs] 
1808.482: [GC (Allocation Failure) [PSYoungGen: 417582K->52351K(465920K)] 1255691K->890725K(1451520K), 0.0092088 secs] [Times: user=0.02 sys=0.00, real=0.01 secs] 
1809.543: [GC (Allocation Failure) [PSYoungGen: 285311K->84242K(465920K)] 1123685K->922931K(1451520K), 0.0105279 secs] [Times: user=0.02 sys=0.00, real=0.01 secs] 
1809.875: [GC (Allocation Failure) [PSYoungGen: 317202K->184205K(465920K)] 1155891K->1024148K(1451520K), 0.0204582 secs] [Times: user=0.03 sys=0.00, real=0.02 secs] 
1810.215: [GC (Allocation Failure) [PSYoungGen: 417165K->184558K(465920K)] 1257108K->1024775K(1451520K), 0.0206142 secs] [Times: user=0.03 sys=0.00, real=0.02 secs] 
1811.178: [GC (Allocation Failure) [PSYoungGen: 417518K->29329K(465920K)] 1257735K->869939K(1451520K), 0.0062838 secs] [Times: user=0.02 sys=0.00, real=0.01 secs] 
1811.811: [GC (Allocation Failure) [PSYoungGen: 262289K->107115K(465920K)] 1102899K->947907K(1451520K), 0.0126299 secs] [Times: user=0.02 sys=0.00, real=0.01 secs] 
1812.143: [GC (Allocation Failure) [PSYoungGen: 340075K->184173K(465920K)] 1180867K->1026346K(1451520K), 0.0203816 secs] [Times: user=0.03 sys=0.00, real=0.02 secs] 
1812.509: [GC (Allocation Failure) [PSYoungGen: 417133K->184558K(465920K)] 1259306K->1026876K(1451520K), 0.0203302 secs] [Times: user=0.02 sys=0.00, real=0.02 secs] 
1813.585: [GC (Allocation Failure) [PSYoungGen: 417518K->6564K(465920K)] 1259836K->849276K(1451520K), 0.0049955 secs] [Times: user=0.02 sys=0.00, real=0.01 secs] 
1814.152: [GC (Allocation Failure) [PSYoungGen: 239524K->129770K(465920K)] 1082236K->972661K(1451520K), 0.0149947 secs] [Times: user=0.02 sys=0.00, real=0.01 secs] 
1814.429: [GC (Allocation Failure) [PSYoungGen: 362730K->184590K(465920K)] 1205621K->1028735K(1451520K), 0.0205620 secs] [Times: user=0.03 sys=0.00, real=0.02 secs] 
1814.920: [GC (Allocation Failure) [PSYoungGen: 417550K->172021K(465920K)] 1261695K->1016439K(1451520K), 0.0274180 secs] [Times: user=0.04 sys=0.00, real=0.02 secs] 
1816.641: [GC (Allocation Failure) [PSYoungGen: 404981K->96K(465920K)] 1249399K->845953K(1451520K), 0.0034539 secs] [Times: user=0.02 sys=0.01, real=0.00 secs] 
1817.344: [GC (Allocation Failure) [PSYoungGen: 233056K->152067K(465920K)] 1078913K->997948K(1451520K), 0.0170970 secs] [Times: user=0.02 sys=0.00, real=0.02 secs] 
1817.624: [GC (Allocation Failure) [PSYoungGen: 385027K->184333K(465920K)] 1230908K->1031452K(1451520K), 0.0203397 secs] [Times: user=0.03 sys=0.00, real=0.02 secs] 
1818.488: [GC (Allocation Failure) [PSYoungGen: 417293K->154027K(465920K)] 1264412K->1001411K(1451520K), 0.0206265 secs] [Times: user=0.04 sys=0.00, real=0.02 secs] 
1820.810: [GC (Allocation Failure) [PSYoungGen: 386987K->64K(465920K)] 1234371K->848895K(1451520K), 0.0029765 secs] [Times: user=0.01 sys=0.00, real=0.00 secs] 
1821.233: [GC (Allocation Failure) [PSYoungGen: 233024K->175844K(465920K)] 1081855K->1024683K(1451520K), 0.0194567 secs] [Times: user=0.03 sys=0.00, real=0.02 secs] 
1821.520: [GC (Allocation Failure) [PSYoungGen: 408804K->184558K(465920K)] 1257643K->1034635K(1451520K), 0.0205950 secs] [Times: user=0.03 sys=0.00, real=0.02 secs] 
1822.338: [GC (Allocation Failure) [PSYoungGen: 417518K->138218K(465920K)] 1267595K->988568K(1451520K), 0.0172249 secs] [Times: user=0.03 sys=0.00, real=0.01 secs] 
1823.457: [GC (Allocation Failure) [PSYoungGen: 371178K->15867K(465920K)] 1221528K->866518K(1451520K), 0.0042740 secs] [Times: user=0.01 sys=0.00, real=0.01 secs] 
1823.798: [GC (Allocation Failure) [PSYoungGen: 248827K->183401K(465920K)] 1099478K->1035297K(1451520K), 0.0205239 secs] [Times: user=0.03 sys=0.00, real=0.02 secs] 
1824.087: [GC (Allocation Failure) [PSYoungGen: 416361K->184494K(465920K)] 1268257K->1036655K(1451520K), 0.0205176 secs] [Times: user=0.03 sys=0.00, real=0.02 secs] 
1825.123: [GC (Allocation Failure) [PSYoungGen: 417454K->115083K(465920K)] 1269615K->967397K(1451520K), 0.0185764 secs] [Times: user=0.04 sys=0.00, real=0.02 secs] 
1826.757: [GC (Allocation Failure) [PSYoungGen: 348043K->37556K(465920K)] 1200357K->890161K(1451520K), 0.0097887 secs] [Times: user=0.02 sys=0.00, real=0.01 secs] 
1827.103: [GC (Allocation Failure) [PSYoungGen: 270516K->186357K(465920K)] 1123121K->1040217K(1451520K), 0.0206588 secs] [Times: user=0.03 sys=0.00, real=0.02 secs] 
1827.386: [GC (Allocation Failure) [PSYoungGen: 419317K->184751K(465920K)] 1273177K->1038884K(1451520K), 0.0206346 secs] [Times: user=0.03 sys=0.00, real=0.02 secs] 
1828.145: [GC (Allocation Failure) [PSYoungGen: 417711K->73477K(465920K)] 1271844K->927875K(1451520K), 0.0120068 secs] [Times: user=0.03 sys=0.00, real=0.01 secs] 
1829.019: [GC (Allocation Failure) [PSYoungGen: 306437K->62778K(465920K)] 1160835K->917492K(1451520K), 0.0095832 secs] [Times: user=0.02 sys=0.00, real=0.01 secs] 
1829.302: [GC (Allocation Failure) [PSYoungGen: 295738K->186357K(465920K)] 1150452K->1042317K(1451520K), 0.0207885 secs] [Times: user=0.03 sys=0.00, real=0.02 secs] 
1829.643: [GC (Allocation Failure) [PSYoungGen: 419317K->186100K(465920K)] 1275277K->1042333K(1451520K), 0.0207161 secs] [Times: user=0.03 sys=0.01, real=0.02 secs] 
1831.039: [GC (Allocation Failure) [PSYoungGen: 419060K->47081K(465920K)] 1275293K->903707K(1451520K), 0.0087097 secs] [Times: user=0.02 sys=0.00, real=0.00 secs] 
1832.052: [GC (Allocation Failure) [PSYoungGen: 280041K->90054K(465920K)] 1136667K->946865K(1451520K), 0.0129837 secs] [Times: user=0.03 sys=0.00, real=0.01 secs] 
1832.338: [GC (Allocation Failure) [PSYoungGen: 323014K->184333K(465920K)] 1179825K->1042390K(1451520K), 0.0205754 secs] [Times: user=0.03 sys=0.00, real=0.03 secs] 
1832.629: [GC (Allocation Failure) [PSYoungGen: 417293K->186261K(465920K)] 1275350K->1044599K(1451520K), 0.0207047 secs] [Times: user=0.03 sys=0.00, real=0.02 secs] 
1833.661: [GC (Allocation Failure) [PSYoungGen: 419221K->21746K(465920K)] 1277559K->880349K(1451520K), 0.0054629 secs] [Times: user=0.02 sys=0.00, real=0.00 secs] 
1834.586: [GC (Allocation Failure) [PSYoungGen: 254706K->115019K(465920K)] 1113309K->973932K(1451520K), 0.0135278 secs] [Times: user=0.02 sys=0.00, real=0.02 secs] 
1834.925: [GC (Allocation Failure) [PSYoungGen: 347979K->186100K(465920K)] 1206892K->1046266K(1451520K), 0.0207066 secs] [Times: user=0.03 sys=0.00, real=0.02 secs] 
1835.282: [GC (Allocation Failure) [PSYoungGen: 419060K->181723K(465920K)] 1279226K->1042283K(1451520K), 0.0219100 secs] [Times: user=0.03 sys=0.01, real=0.02 secs] 
1836.244: [GC (Allocation Failure) [PSYoungGen: 414683K->64K(465920K)] 1275243K->861934K(1451520K), 0.0026363 secs] [Times: user=0.01 sys=0.00, real=0.00 secs] 
1836.737: [GC (Allocation Failure) [PSYoungGen: 233024K->141142K(465920K)] 1094894K->1003021K(1451520K), 0.0159881 secs] [Times: user=0.03 sys=0.00, real=0.02 secs] 
1837.017: [GC (Allocation Failure) [PSYoungGen: 374102K->186100K(465920K)] 1235981K->1049217K(1451520K), 0.0205198 secs] [Times: user=0.02 sys=0.00, real=0.02 secs] 
1837.697: [GC (Allocation Failure) [PSYoungGen: 419060K->163137K(465920K)] 1282177K->1026518K(1451520K), 0.0218428 secs] [Times: user=0.04 sys=0.00, real=0.03 secs] 
1841.247: [GC (Allocation Failure) [PSYoungGen: 396097K->96K(465920K)] 1259478K->864923K(1451520K), 0.0056168 secs] [Times: user=0.02 sys=0.01, real=0.01 secs] 
1841.866: [GC (Allocation Failure) [PSYoungGen: 233056K->167010K(465920K)] 1097883K->1031869K(1451520K), 0.0187209 secs] [Times: user=0.02 sys=0.00, real=0.02 secs] 
1842.208: [GC (Allocation Failure) [PSYoungGen: 399970K->185843K(465920K)] 1264829K->1051940K(1451520K), 0.0207587 secs] [Times: user=0.03 sys=0.00, real=0.03 secs] 
1843.207: [GC (Allocation Failure) [PSYoungGen: 414207K->137544K(465920K)] 1280304K->1003914K(1451520K), 0.0427885 secs] [Times: user=0.07 sys=0.00, real=0.05 secs] 
1845.803: [GC (Allocation Failure) [PSYoungGen: 370504K->1312K(465920K)] 1236874K->867982K(1451520K), 0.0053064 secs] [Times: user=0.02 sys=0.00, real=0.01 secs] 
1846.217: [GC (Allocation Failure) [PSYoungGen: 234272K->184076K(465920K)] 1100942K->1052000K(1451520K), 0.0204426 secs] [Times: user=0.03 sys=0.00, real=0.02 secs] 
1846.506: [GC (Allocation Failure) [PSYoungGen: 417036K->184012K(465920K)] 1284960K->1052088K(1451520K), 0.0207721 secs] [Times: user=0.03 sys=0.00, real=0.02 secs] 
1847.785: [GC (Allocation Failure) [PSYoungGen: 416972K->129381K(465920K)] 1285048K->997722K(1451520K), 0.0380450 secs] [Times: user=0.08 sys=0.00, real=0.04 secs] 
1849.773: [GC (Allocation Failure) [PSYoungGen: 362341K->23290K(465920K)] 1230682K->891931K(1451520K), 0.0058047 secs] [Times: user=0.02 sys=0.01, real=0.01 secs] 
1850.148: [GC (Allocation Failure) [PSYoungGen: 256250K->186357K(465920K)] 1124891K->1056244K(1451520K), 0.0206873 secs] [Times: user=0.03 sys=0.00, real=0.03 secs] 
1850.492: [GC (Allocation Failure) [PSYoungGen: 419317K->184783K(465920K)] 1289204K->1054943K(1451520K), 0.0206675 secs] [Times: user=0.03 sys=0.00, real=0.02 secs] 
1852.207: [GC (Allocation Failure) [PSYoungGen: 417743K->104207K(465920K)] 1287903K->974632K(1451520K), 0.0222525 secs] [Times: user=0.05 sys=0.00, real=0.03 secs] 
1853.349: [GC (Allocation Failure) [PSYoungGen: 337167K->47998K(465920K)] 1207592K->918737K(1451520K), 0.0067719 secs] [Times: user=0.01 sys=0.00, real=0.00 secs] 
1853.681: [GC (Allocation Failure) [PSYoungGen: 280958K->186357K(465920K)] 1151697K->1058478K(1451520K), 0.0207630 secs] [Times: user=0.03 sys=0.00, real=0.02 secs] 
1854.041: [GC (Allocation Failure) [PSYoungGen: 419317K->186068K(465920K)] 1291438K->1058462K(1451520K), 0.0207151 secs] [Times: user=0.03 sys=0.00, real=0.02 secs] 
1855.393: [GC (Allocation Failure) [PSYoungGen: 419028K->62006K(465920K)] 1291422K->934544K(1451520K), 0.0124851 secs] [Times: user=0.03 sys=0.00, real=0.01 secs] 
1856.598: [GC (Allocation Failure) [PSYoungGen: 294966K->74474K(465920K)] 1167504K->947312K(1451520K), 0.0094023 secs] [Times: user=0.02 sys=0.00, real=0.01 secs] 
1856.872: [GC (Allocation Failure) [PSYoungGen: 307434K->186004K(465920K)] 1180272K->1060095K(1451520K), 0.0206716 secs] [Times: user=0.03 sys=0.00, real=0.02 secs] 
1857.156: [GC (Allocation Failure) [PSYoungGen: 418964K->185843K(465920K)] 1293055K->1060345K(1451520K), 0.0206833 secs] [Times: user=0.02 sys=0.00, real=0.02 secs] 
1858.100: [GC (Allocation Failure) [PSYoungGen: 418803K->35980K(465920K)] 1293305K->910618K(1451520K), 0.0080384 secs] [Times: user=0.02 sys=0.00, real=0.00 secs] 
1859.067: [GC (Allocation Failure) [PSYoungGen: 268940K->100432K(465920K)] 1143578K->975386K(1451520K), 0.0120149 secs] [Times: user=0.02 sys=0.00, real=0.02 secs] 
1859.400: [GC (Allocation Failure) [PSYoungGen: 333392K->184076K(465920K)] 1208346K->1060404K(1451520K), 0.0206105 secs] [Times: user=0.03 sys=0.00, real=0.02 secs] 
1859.687: [GC (Allocation Failure) [PSYoungGen: 417036K->184076K(465920K)] 1293364K->1060548K(1451520K), 0.0206496 secs] [Times: user=0.03 sys=0.00, real=0.02 secs] 
1860.592: [GC (Allocation Failure) [PSYoungGen: 417036K->13906K(465920K)] 1293508K->890644K(1451520K), 0.0043882 secs] [Times: user=0.02 sys=0.00, real=0.00 secs] 
1861.516: [GC (Allocation Failure) [PSYoungGen: 246866K->122220K(465920K)] 1123604K->999274K(1451520K), 0.0143018 secs] [Times: user=0.02 sys=0.00, real=0.02 secs] 
1861.796: [GC (Allocation Failure) [PSYoungGen: 355180K->184719K(465920K)] 1232234K->1063026K(1451520K), 0.0205178 secs] [Times: user=0.03 sys=0.00, real=0.02 secs] 
1862.227: [GC (Allocation Failure) [PSYoungGen: 417679K->176307K(465920K)] 1295986K->1054879K(1451520K), 0.0220371 secs] [Times: user=0.03 sys=0.00, real=0.03 secs] 
1864.741: [GC (Allocation Failure) [PSYoungGen: 409267K->96K(465920K)] 1287839K->880115K(1451520K), 0.0058283 secs] [Times: user=0.02 sys=0.00, real=0.00 secs] 
1865.691: [GC (Allocation Failure) [PSYoungGen: 233013K->144133K(465920K)] 1113033K->1024193K(1451520K), 0.0164655 secs] [Times: user=0.03 sys=0.00, real=0.01 secs] 
1865.971: [GC (Allocation Failure) [PSYoungGen: 377093K->184333K(465920K)] 1257153K->1065647K(1451520K), 0.0204104 secs] [Times: user=0.03 sys=0.00, real=0.02 secs] 
1866.431: [GC (Allocation Failure) [PSYoungGen: 417293K->162028K(465920K)] 1298607K->1043743K(1451520K), 0.0205933 secs] [Times: user=0.04 sys=0.00, real=0.02 secs] 
1868.182: [GC (Allocation Failure) [PSYoungGen: 394988K->64K(465920K)] 1276703K->883098K(1451520K), 0.0041564 secs] [Times: user=0.02 sys=0.00, real=0.00 secs] 
1868.663: [GC (Allocation Failure) [PSYoungGen: 233024K->166528K(465920K)] 1116058K->1049586K(1451520K), 0.0185601 secs] [Times: user=0.02 sys=0.00, real=0.02 secs] 
1869.002: [GC (Allocation Failure) [PSYoungGen: 399488K->184430K(465920K)] 1282546K->1068726K(1451520K), 0.0205374 secs] [Times: user=0.03 sys=0.00, real=0.02 secs] 
1869.491: [GC (Allocation Failure) [PSYoungGen: 414813K->139504K(465920K)] 1299109K->1024073K(1451520K), 0.0178522 secs] [Times: user=0.03 sys=0.00, real=0.02 secs] 
1870.580: [GC (Allocation Failure) [PSYoungGen: 372418K->1698K(465920K)] 1256987K->886564K(1451520K), 0.0029646 secs] [Times: user=0.02 sys=0.00, real=0.00 secs] 
1870.863: [GC (Allocation Failure) [PSYoungGen: 234658K->183948K(465920K)] 1119524K->1070068K(1451520K), 0.0204926 secs] [Times: user=0.03 sys=0.00, real=0.02 secs] 
1871.147: [GC (Allocation Failure) [PSYoungGen: 416908K->184430K(465920K)] 1303028K->1070831K(1451520K), 0.0204377 secs] [Times: user=0.03 sys=0.00, real=0.02 secs] 
1871.706: [GC (Allocation Failure) [PSYoungGen: 417390K->128707K(465920K)] 1303791K->1015373K(1451520K), 0.0163339 secs] [Times: user=0.03 sys=0.00, real=0.02 secs] 
1873.239: [GC (Allocation Failure) [PSYoungGen: 361667K->23932K(465920K)] 1248333K->910899K(1451520K), 0.0077199 secs] [Times: user=0.02 sys=0.00, real=0.00 secs] 
1873.584: [GC (Allocation Failure) [PSYoungGen: 256892K->186518K(465920K)] 1143859K->1074730K(1451520K), 0.0207454 secs] [Times: user=0.03 sys=0.00, real=0.02 secs] 
1873.877: [GC (Allocation Failure) [PSYoungGen: 419478K->185940K(465920K)] 1307690K->1074554K(1451520K), 0.0207418 secs] [Times: user=0.03 sys=0.00, real=0.02 secs] 
1874.507: [GC (Allocation Failure) [PSYoungGen: 418900K->102327K(465920K)] 1307514K->991094K(1451520K), 0.0146307 secs] [Times: user=0.03 sys=0.00, real=0.02 secs] 
1875.344: [GC (Allocation Failure) [PSYoungGen: 335287K->50598K(465920K)] 1224054K->939662K(1451520K), 0.0070812 secs] [Times: user=0.02 sys=0.00, real=0.01 secs] 
1875.615: [GC (Allocation Failure) [PSYoungGen: 283558K->184719K(465920K)] 1172622K->1075036K(1451520K), 0.0206414 secs] [Times: user=0.03 sys=0.00, real=0.02 secs] 
1875.901: [GC (Allocation Failure) [PSYoungGen: 417679K->186518K(465920K)] 1307996K->1077245K(1451520K), 0.0206504 secs] [Times: user=0.03 sys=0.01, real=0.02 secs] 
1876.644: [GC (Allocation Failure) [PSYoungGen: 419478K->60592K(465920K)] 1310205K->951584K(1451520K), 0.0095468 secs] [Times: user=0.02 sys=0.00, real=0.01 secs] 
1877.418: [GC (Allocation Failure) [PSYoungGen: 293552K->76530K(465920K)] 1184544K->967694K(1451520K), 0.0133797 secs] [Times: user=0.02 sys=0.00, real=0.02 secs] 
1877.743: [GC (Allocation Failure) [PSYoungGen: 309490K->185843K(465920K)] 1200654K->1078381K(1451520K), 0.0206239 secs] [Times: user=0.03 sys=0.00, real=0.02 secs] 
1878.027: [GC (Allocation Failure) [PSYoungGen: 418803K->184558K(465920K)] 1311341K->1077241K(1451520K), 0.0206902 secs] [Times: user=0.03 sys=0.00, real=0.02 secs] 
1878.855: [GC (Allocation Failure) [PSYoungGen: 417518K->35338K(465920K)] 1310201K->928293K(1451520K), 0.0072246 secs] [Times: user=0.02 sys=0.00, real=0.01 secs] 
1879.546: [GC (Allocation Failure) [PSYoungGen: 268298K->102556K(465920K)] 1161253K->995827K(1451520K), 0.0122387 secs] [Times: user=0.02 sys=0.00, real=0.01 secs] 
1879.880: [GC (Allocation Failure) [PSYoungGen: 335516K->185875K(465920K)] 1228787K->1080400K(1451520K), 0.0206132 secs] [Times: user=0.03 sys=0.00, real=0.02 secs] 
1880.172: [GC (Allocation Failure) [PSYoungGen: 418835K->184430K(465920K)] 1313360K->1079227K(1451520K), 0.0205967 secs] [Times: user=0.03 sys=0.00, real=0.02 secs] 
1882.301: [GC (Allocation Failure) [PSYoungGen: 417390K->9537K(465920K)] 1312187K->904599K(1451520K), 0.0088023 secs] [Times: user=0.04 sys=0.00, real=0.01 secs] 
1883.640: [GC (Allocation Failure) [PSYoungGen: 242497K->126236K(465920K)] 1137559K->1021607K(1451520K), 0.0145831 secs] [Times: user=0.02 sys=0.00, real=0.01 secs] 
1883.917: [GC (Allocation Failure) [PSYoungGen: 359196K->184269K(465920K)] 1254567K->1080893K(1451520K), 0.0205565 secs] [Times: user=0.03 sys=0.00, real=0.02 secs] 
1884.483: [GC (Allocation Failure) [PSYoungGen: 417229K->172789K(465920K)] 1313853K->1069711K(1451520K), 0.0238875 secs] [Times: user=0.03 sys=0.00, real=0.02 secs] 
1886.510: [GC (Allocation Failure) [PSYoungGen: 405749K->96K(465920K)] 1302671K->898457K(1451520K), 0.0094589 secs] [Times: user=0.05 sys=0.00, real=0.01 secs] 
1886.946: [GC (Allocation Failure) [PSYoungGen: 233056K->147954K(465920K)] 1131417K->1046323K(1451520K), 0.0167676 secs] [Times: user=0.02 sys=0.00, real=0.02 secs] 
1887.279: [GC (Allocation Failure) [PSYoungGen: 380914K->184205K(465920K)] 1279283K->1083820K(1451520K), 0.0204123 secs] [Times: user=0.03 sys=0.00, real=0.02 secs] 
1887.978: [GC (Allocation Failure) [PSYoungGen: 417165K->158269K(465920K)] 1316780K->1058157K(1451520K), 0.0256244 secs] [Times: user=0.04 sys=0.00, real=0.02 secs] 
1889.232: [GC (Allocation Failure) [PSYoungGen: 391229K->64K(465920K)] 1291117K->901375K(1451520K), 0.0043930 secs] [Times: user=0.02 sys=0.00, real=0.00 secs] 
1889.633: [GC (Allocation Failure) [PSYoungGen: 233024K->171252K(465920K)] 1134335K->1072587K(1451520K), 0.0192131 secs] [Times: user=0.03 sys=0.00, real=0.02 secs] 
1889.917: [GC (Allocation Failure) [PSYoungGen: 404212K->186357K(465920K)] 1305547K->1088939K(1451520K), 0.0208055 secs] [Times: user=0.03 sys=0.00, real=0.02 secs] 
1891.431: [GC (Allocation Failure) [PSYoungGen: 419317K->141045K(465920K)] 1321899K->1043891K(1451520K), 0.0423429 secs] [Times: user=0.08 sys=0.00, real=0.04 secs] 
1893.745: [GC (Allocation Failure) [PSYoungGen: 374005K->12237K(465920K)] 1276851K->915391K(1451520K), 0.0058855 secs] [Times: user=0.02 sys=0.00, real=0.01 secs] 
1894.146: [GC (Allocation Failure) [PSYoungGen: 245197K->184494K(465920K)] 1148351K->1088894K(1451520K), 0.0205652 secs] [Times: user=0.03 sys=0.00, real=0.02 secs] 
1894.440: [GC (Allocation Failure) [PSYoungGen: 417454K->186357K(465920K)] 1321854K->1091047K(1451520K), 0.0207472 secs] [Times: user=0.03 sys=0.00, real=0.02 secs] 
1895.475: [GC (Allocation Failure) [PSYoungGen: 419317K->115726K(465920K)] 1324007K->1020680K(1451520K), 0.0241434 secs] [Times: user=0.05 sys=0.00, real=0.03 secs] 
1896.811: [GC (Allocation Failure) [PSYoungGen: 348686K->38002K(465920K)] 1253640K->943273K(1451520K), 0.0068616 secs] [Times: user=0.02 sys=0.00, real=0.01 secs] 
1897.090: [GC (Allocation Failure) [PSYoungGen: 270962K->185875K(465920K)] 1176233K->1092520K(1451520K), 0.0206560 secs] [Times: user=0.03 sys=0.00, real=0.02 secs] 
1897.374: [GC (Allocation Failure) [PSYoungGen: 418835K->185843K(465920K)] 1325480K->1092761K(1451520K), 0.0207025 secs] [Times: user=0.03 sys=0.00, real=0.02 secs] 
1898.624: [GC (Allocation Failure) [PSYoungGen: 418803K->72658K(465920K)] 1325721K->979712K(1451520K), 0.0194316 secs] [Times: user=0.04 sys=0.00, real=0.02 secs] 
1899.713: [GC (Allocation Failure) [PSYoungGen: 305618K->64224K(465920K)] 1212672K->971586K(1451520K), 0.0084675 secs] [Times: user=0.02 sys=0.00, real=0.01 secs] 
1899.984: [GC (Allocation Failure) [PSYoungGen: 297184K->184558K(465920K)] 1204546K->1093165K(1451520K), 0.0205694 secs] [Times: user=0.03 sys=0.00, real=0.02 secs] 
1900.269: [GC (Allocation Failure) [PSYoungGen: 417518K->186357K(465920K)] 1326125K->1095238K(1451520K), 0.0207180 secs] [Times: user=0.03 sys=0.00, real=0.02 secs] 
1901.112: [GC (Allocation Failure) [PSYoungGen: 419317K->47178K(465920K)] 1328198K->956323K(1451520K), 0.0082544 secs] [Times: user=0.02 sys=0.00, real=0.01 secs] 
1901.872: [GC (Allocation Failure) [PSYoungGen: 280138K->89190K(465920K)] 1189283K->998649K(1451520K), 0.0110077 secs] [Times: user=0.02 sys=0.00, real=0.01 secs] 
1902.147: [GC (Allocation Failure) [PSYoungGen: 322150K->184173K(465920K)] 1231609K->1094877K(1451520K), 0.0207951 secs] [Times: user=0.03 sys=0.00, real=0.02 secs] 
1902.429: [GC (Allocation Failure) [PSYoungGen: 417133K->184044K(465920K)] 1327837K->1095022K(1451520K), 0.0207229 secs] [Times: user=0.03 sys=0.00, real=0.02 secs] 
1903.861: [GC (Allocation Failure) [PSYoungGen: 417004K->24927K(465920K)] 1327982K->936299K(1451520K), 0.0059465 secs] [Times: user=0.02 sys=0.00, real=0.00 secs] 
1904.723: [GC (Allocation Failure) [PSYoungGen: 257887K->110907K(465920K)] 1169259K->1022458K(1451520K), 0.0131602 secs] [Times: user=0.02 sys=0.00, real=0.01 secs] 
1904.999: [GC (Allocation Failure) [PSYoungGen: 343867K->183819K(465920K)] 1255418K->1096616K(1451520K), 0.0205159 secs] [Times: user=0.03 sys=0.00, real=0.02 secs] 
1905.339: [GC (Allocation Failure) [PSYoungGen: 416779K->184301K(465920K)] 1329576K->1097371K(1451520K), 0.0204957 secs] [Times: user=0.03 sys=0.00, real=0.02 secs] 
1907.390: [GC (Allocation Failure) [PSYoungGen: 417261K->3335K(465920K)] 1330331K->916670K(1451520K), 0.0038999 secs] [Times: user=0.02 sys=0.00, real=0.00 secs] 
1907.900: [GC (Allocation Failure) [PSYoungGen: 236295K->132791K(465920K)] 1149630K->1046433K(1451520K), 0.0152996 secs] [Times: user=0.02 sys=0.00, real=0.01 secs] 
1908.178: [GC (Allocation Failure) [PSYoungGen: 365751K->184462K(465920K)] 1279393K->1099350K(1451520K), 0.0204707 secs] [Times: user=0.03 sys=0.00, real=0.02 secs] 
1908.669: [GC (Allocation Failure) [PSYoungGen: 417422K->167065K(465920K)] 1332310K->1082218K(1451520K), 0.0227353 secs] [Times: user=0.03 sys=0.00, real=0.02 secs] 
1910.598: [GC (Allocation Failure) [PSYoungGen: 400025K->64K(465920K)] 1315178K->916654K(1451520K), 0.0042059 secs] [Times: user=0.02 sys=0.00, real=0.01 secs] 
1911.187: [GC (Allocation Failure) [PSYoungGen: 233024K->155090K(465920K)] 1149614K->1071696K(1451520K), 0.0174546 secs] [Times: user=0.02 sys=0.00, real=0.02 secs] 
1911.524: [GC (Allocation Failure) [PSYoungGen: 388050K->184333K(465920K)] 1304656K->1102185K(1451520K), 0.0204977 secs] [Times: user=0.03 sys=0.00, real=0.02 secs] 
1912.220: [GC (Allocation Failure) [PSYoungGen: 417293K->151087K(465920K)] 1335145K->1069205K(1451520K), 0.0226430 secs] [Times: user=0.04 sys=0.00, real=0.02 secs] 
1913.631: [GC (Allocation Failure) [PSYoungGen: 384047K->64K(465920K)] 1302165K->919621K(1451520K), 0.0029660 secs] [Times: user=0.02 sys=0.00, real=0.00 secs] 
1913.961: [GC (Allocation Failure) [PSYoungGen: 233024K->177260K(465920K)] 1152581K->1096841K(1451520K), 0.0196559 secs] [Times: user=0.03 sys=0.01, real=0.02 secs] 
1914.243: [GC (Allocation Failure) [PSYoungGen: 410220K->183819K(465920K)] 1329801K->1104662K(1451520K), 0.0204810 secs] [Times: user=0.03 sys=0.00, real=0.02 secs] 
1915.129: [GC (Allocation Failure) [PSYoungGen: 416779K->137687K(465920K)] 1337622K->1058795K(1451520K), 0.0185537 secs] [Times: user=0.04 sys=0.00, real=0.01 secs] 
1917.732: [GC (Allocation Failure) [PSYoungGen: 370647K->14936K(465920K)] 1291755K->936343K(1451520K), 0.0077711 secs] [Times: user=0.03 sys=0.00, real=0.01 secs] 
1918.093: [GC (Allocation Failure) [PSYoungGen: 247896K->186389K(465920K)] 1169303K->1109051K(1451520K), 0.0207590 secs] [Times: user=0.03 sys=0.00, real=0.02 secs] 
1918.380: [GC (Allocation Failure) [PSYoungGen: 419349K->185908K(465920K)] 1342011K->1108971K(1451520K), 0.0207101 secs] [Times: user=0.03 sys=0.00, real=0.02 secs] 
1919.047: [GC (Allocation Failure) [PSYoungGen: 418868K->111453K(465920K)] 1341931K->1034652K(1451520K), 0.0153780 secs] [Times: user=0.03 sys=0.00, real=0.02 secs] 
1919.958: [GC (Allocation Failure) [PSYoungGen: 344413K->41989K(465920K)] 1267612K->965499K(1451520K), 0.0062150 secs] [Times: user=0.02 sys=0.00, real=0.00 secs] 
1920.296: [GC (Allocation Failure) [PSYoungGen: 274949K->186389K(465920K)] 1198459K->1111145K(1451520K), 0.0206804 secs] [Times: user=0.03 sys=0.00, real=0.02 secs] 
1920.581: [GC (Allocation Failure) [PSYoungGen: 419349K->185972K(465920K)] 1344105K->1111000K(1451520K), 0.0206618 secs] [Times: user=0.03 sys=0.00, real=0.02 secs] 
1922.315: [GC (Allocation Failure) [PSYoungGen: 418932K->67999K(465920K)] 1343960K->993292K(1451520K), 0.0125620 secs] [Times: user=0.02 sys=0.00, real=0.01 secs] 
1924.751: [GC (Allocation Failure) [PSYoungGen: 300946K->68851K(465920K)] 1226239K->994444K(1451520K), 0.0110368 secs] [Times: user=0.02 sys=0.00, real=0.01 secs] 
1925.050: [GC (Allocation Failure) [PSYoungGen: 301811K->185715K(465920K)] 1227404K->1112698K(1451520K), 0.0207059 secs] [Times: user=0.03 sys=0.00, real=0.02 secs] 
1925.395: [GC (Allocation Failure) [PSYoungGen: 418675K->185811K(465920K)] 1345658K->1112939K(1451520K), 0.0207360 secs] [Times: user=0.03 sys=0.00, real=0.02 secs] 
1926.313: [GC (Allocation Failure) [PSYoungGen: 418771K->41940K(465920K)] 1345899K->969334K(1451520K), 0.0081036 secs] [Times: user=0.02 sys=0.00, real=0.01 secs] 
1926.975: [GC (Allocation Failure) [PSYoungGen: 274900K->94973K(465920K)] 1202294K->1022688K(1451520K), 0.0114953 secs] [Times: user=0.02 sys=0.00, real=0.01 secs] 
1927.251: [GC (Allocation Failure) [PSYoungGen: 327933K->185972K(465920K)] 1255648K->1114940K(1451520K), 0.0206202 secs] [Times: user=0.03 sys=0.00, real=0.02 secs] 
1927.536: [GC (Allocation Failure) [PSYoungGen: 418932K->186036K(465920K)] 1347900K->1115277K(1451520K), 0.0206937 secs] [Times: user=0.03 sys=0.00, real=0.02 secs] 
1928.493: [GC (Allocation Failure) [PSYoungGen: 418996K->15385K(465920K)] 1348237K->945020K(1451520K), 0.0052777 secs] [Times: user=0.01 sys=0.00, real=0.00 secs] 
1929.154: [GC (Allocation Failure) [PSYoungGen: 248345K->121285K(465920K)] 1177980K->1051089K(1451520K), 0.0140690 secs] [Times: user=0.03 sys=0.00, real=0.02 secs] 
1929.486: [GC (Allocation Failure) [PSYoungGen: 354245K->184462K(465920K)] 1284049K->1115519K(1451520K), 0.0206348 secs] [Times: user=0.03 sys=0.00, real=0.02 secs] 
1929.867: [GC (Allocation Failure) [PSYoungGen: 417422K->178664K(465920K)] 1348479K->1109995K(1451520K), 0.0229739 secs] [Times: user=0.03 sys=0.00, real=0.03 secs] 
1931.393: [GC (Allocation Failure) [PSYoungGen: 411624K->96K(465920K)] 1342955K->932888K(1451520K), 0.0040503 secs] [Times: user=0.02 sys=0.00, real=0.00 secs] 
1932.074: [GC (Allocation Failure) [PSYoungGen: 233056K->144583K(465920K)] 1165848K->1077392K(1451520K), 0.0164259 secs] [Times: user=0.03 sys=0.00, real=0.02 secs] 
1932.356: [GC (Allocation Failure) [PSYoungGen: 377543K->186229K(465920K)] 1310352K->1120420K(1451520K), 0.0208413 secs] [Times: user=0.03 sys=0.00, real=0.02 secs] 
1933.398: [GC (Allocation Failure) [PSYoungGen: 419189K->159618K(465920K)] 1353380K->1093953K(1451520K), 0.0284356 secs] [Times: user=0.04 sys=0.00, real=0.03 secs] 
1935.796: [GC (Allocation Failure) [PSYoungGen: 392578K->128K(465920K)] 1326913K->935901K(1451520K), 0.0070405 secs] [Times: user=0.03 sys=0.00, real=0.01 secs] 
1936.418: [GC (Allocation Failure) [PSYoungGen: 233088K->170191K(465920K)] 1168861K->1106004K(1451520K), 0.0191860 secs] [Times: user=0.03 sys=0.00, real=0.02 secs] 
1936.765: [GC (Allocation Failure) [PSYoungGen: 403151K->186229K(465920K)] 1338964K->1123416K(1451520K), 0.0210621 secs] [Times: user=0.03 sys=0.00, real=0.02 secs] 
1937.248: [GC (Allocation Failure) [PSYoungGen: 419189K->142170K(465920K)] 1356376K->1079622K(1451520K), 0.0193458 secs] [Times: user=0.03 sys=0.00, real=0.01 secs] 
1938.226: [GC (Allocation Failure) [PSYoungGen: 375130K->11880K(465920K)] 1312582K->949510K(1451520K), 0.0042555 secs] [Times: user=0.02 sys=0.00, real=0.01 secs] 
1938.510: [GC (Allocation Failure) [PSYoungGen: 244840K->185747K(465920K)] 1182470K->1124622K(1451520K), 0.0206657 secs] [Times: user=0.02 sys=0.00, real=0.02 secs] 
1938.793: [GC (Allocation Failure) [PSYoungGen: 418707K->184398K(465920K)] 1357582K->1123554K(1451520K), 0.0205396 secs] [Times: user=0.03 sys=0.00, real=0.02 secs] 
1940.295: [GC (Allocation Failure) [PSYoungGen: 417358K->116754K(465920K)] 1356514K->1056304K(1451520K), 0.0218783 secs] [Times: user=0.04 sys=0.00, real=0.02 secs] 
1941.674: [GC (Allocation Failure) [PSYoungGen: 349714K->36817K(465920K)] 1289264K->976544K(1451520K), 0.0058180 secs] [Times: user=0.01 sys=0.00, real=0.01 secs] 
1942.010: [GC (Allocation Failure) [PSYoungGen: 269777K->185843K(465920K)] 1209504K->1126824K(1451520K), 0.0208319 secs] [Times: user=0.03 sys=0.00, real=0.02 secs] 
1942.347: [GC (Allocation Failure) [PSYoungGen: 418803K->184430K(465920K)] 1359784K->1125692K(1451520K), 0.0205013 secs] [Times: user=0.03 sys=0.00, real=0.02 secs] 
1943.575: [GC (Allocation Failure) [PSYoungGen: 417390K->75228K(465920K)] 1358652K->1016755K(1451520K), 0.0163004 secs] [Times: user=0.04 sys=0.00, real=0.02 secs] 
1945.196: [GC (Allocation Failure) [PSYoungGen: 308188K->61622K(465920K)] 1249715K->1003449K(1451520K), 0.0096948 secs] [Times: user=0.02 sys=0.00, real=0.01 secs] 
1945.484: [GC (Allocation Failure) [PSYoungGen: 294582K->186132K(465920K)] 1236409K->1129221K(1451520K), 0.0217173 secs] [Times: user=0.03 sys=0.00, real=0.02 secs] 
1945.775: [GC (Allocation Failure) [PSYoungGen: 419092K->185940K(465920K)] 1362181K->1129310K(1451520K), 0.0207440 secs] [Times: user=0.03 sys=0.00, real=0.02 secs] 
1947.363: [GC (Allocation Failure) [PSYoungGen: 418900K->48560K(465920K)] 1362270K->992195K(1451520K), 0.0094594 secs] [Times: user=0.02 sys=0.00, real=0.01 secs] 
1948.624: [GC (Allocation Failure) [PSYoungGen: 281520K->87872K(465920K)] 1225155K->1031807K(1451520K), 0.0108176 secs] [Times: user=0.02 sys=0.00, real=0.01 secs] 
1948.899: [GC (Allocation Failure) [PSYoungGen: 320832K->186357K(465920K)] 1264767K->1131538K(1451520K), 0.0207242 secs] [Times: user=0.02 sys=0.00, real=0.02 secs] 
1949.190: [GC (Allocation Failure) [PSYoungGen: 419317K->185940K(465920K)] 1364498K->1131393K(1451520K), 0.0208403 secs] [Times: user=0.03 sys=0.00, real=0.02 secs] 
1950.415: [GC (Allocation Failure) [PSYoungGen: 418900K->22036K(465920K)] 1364353K->967754K(1451520K), 0.0055759 secs] [Times: user=0.02 sys=0.00, real=0.01 secs] 
1951.222: [GC (Allocation Failure) [PSYoungGen: 254996K->114637K(465920K)] 1200714K->1060664K(1451520K), 0.0135220 secs] [Times: user=0.02 sys=0.00, real=0.01 secs] 
1951.499: [GC (Allocation Failure) [PSYoungGen: 347597K->184687K(465920K)] 1293624K->1131959K(1451520K), 0.0204645 secs] [Times: user=0.03 sys=0.00, real=0.02 secs] 
1951.840: [GC (Allocation Failure) [PSYoungGen: 417647K->182834K(465920K)] 1364919K->1130379K(1451520K), 0.0206954 secs] [Times: user=0.03 sys=0.00, real=0.02 secs] 
1954.885: [GC (Allocation Failure) [PSYoungGen: 415794K->128K(465920K)] 1363339K->949072K(1451520K), 0.0048475 secs] [Times: user=0.03 sys=0.00, real=0.01 secs] 
1955.862: [GC (Allocation Failure) [PSYoungGen: 233088K->136001K(465920K)] 1182032K->1084986K(1451520K), 0.0158964 secs] [Times: user=0.03 sys=0.00, real=0.01 secs] 
1956.141: [GC (Allocation Failure) [PSYoungGen: 368961K->184301K(465920K)] 1317946K->1134532K(1451520K), 0.0206710 secs] [Times: user=0.03 sys=0.00, real=0.02 secs] 
1956.581: [GC (Allocation Failure) [PSYoungGen: 417261K->163901K(465920K)] 1367492K->1114396K(1451520K), 0.0216326 secs] [Times: user=0.03 sys=0.00, real=0.02 secs] 
1958.325: [GC (Allocation Failure) [PSYoungGen: 396861K->64K(465920K)] 1347356K->951975K(1451520K), 0.0043899 secs] [Times: user=0.02 sys=0.00, real=0.01 secs] 
1958.983: [GC (Allocation Failure) [PSYoungGen: 233024K->158268K(465920K)] 1184935K->1110195K(1451520K), 0.0179293 secs] [Times: user=0.03 sys=0.00, real=0.02 secs] 
1959.324: [GC (Allocation Failure) [PSYoungGen: 391228K->184462K(465920K)] 1343155K->1137650K(1451520K), 0.0205685 secs] [Times: user=0.03 sys=0.00, real=0.02 secs] 
1959.809: [GC (Allocation Failure) [PSYoungGen: 417422K->147762K(465920K)] 1370610K->1101216K(1451520K), 0.0197791 secs] [Times: user=0.03 sys=0.00, real=0.02 secs] 
1960.938: [GC (Allocation Failure) [PSYoungGen: 380722K->96K(465920K)] 1334176K->954995K(1451520K), 0.0031952 secs] [Times: user=0.02 sys=0.00, real=0.00 secs] 
1961.264: [GC (Allocation Failure) [PSYoungGen: 233056K->183233K(465920K)] 1187955K->1138157K(1451520K), 0.0203319 secs] [Times: user=0.03 sys=0.00, real=0.02 secs] 
1961.549: [GC (Allocation Failure) [PSYoungGen: 416193K->186004K(465920K)] 1371117K->1142294K(1451520K), 0.0207535 secs] [Times: user=0.03 sys=0.00, real=0.02 secs] 
1962.475: [GC (Allocation Failure) [PSYoungGen: 418964K->129446K(465920K)] 1375254K->1085880K(1451520K), 0.0175967 secs] [Times: user=0.03 sys=0.00, real=0.02 secs] 
1963.577: [GC (Allocation Failure) [PSYoungGen: 362394K->23222K(465920K)] 1318829K->979965K(1451520K), 0.0049391 secs] [Times: user=0.01 sys=0.00, real=0.01 secs] 
1963.899: [GC (Allocation Failure) [PSYoungGen: 256182K->185008K(465920K)] 1212925K->1142996K(1451520K), 0.0206532 secs] [Times: user=0.03 sys=0.00, real=0.02 secs] 
1964.186: [GC (Allocation Failure) [PSYoungGen: 417968K->184333K(465920K)] 1375956K->1142610K(1451520K), 0.0207319 secs] [Times: user=0.03 sys=0.00, real=0.02 secs] 
1964.882: [GC (Allocation Failure) [PSYoungGen: 417293K->106328K(465920K)] 1375570K->1064870K(1451520K), 0.0147629 secs] [Times: user=0.03 sys=0.00, real=0.01 secs] 
1965.759: [GC (Allocation Failure) [PSYoungGen: 339288K->46616K(465920K)] 1297830K->1005468K(1451520K), 0.0067102 secs] [Times: user=0.02 sys=0.00, real=0.00 secs] 
1966.034: [GC (Allocation Failure) [PSYoungGen: 279576K->184944K(465920K)] 1238428K->1145041K(1451520K), 0.0205693 secs] [Times: user=0.03 sys=0.00, real=0.02 secs] 
1966.320: [GC (Allocation Failure) [PSYoungGen: 417904K->184141K(465920K)] 1378001K->1144511K(1451520K), 0.0206096 secs] [Times: user=0.03 sys=0.00, real=0.02 secs] 
1967.210: [GC (Allocation Failure) [PSYoungGen: 417101K->66601K(465920K)] 1377471K->1027237K(1451520K), 0.0108224 secs] [Times: user=0.02 sys=0.00, real=0.01 secs] 
1968.484: [GC (Allocation Failure) [PSYoungGen: 299561K->69333K(465920K)] 1260197K->1030276K(1451520K), 0.0090055 secs] [Times: user=0.02 sys=0.00, real=0.01 secs] 
1968.756: [GC (Allocation Failure) [PSYoungGen: 302293K->184815K(465920K)] 1263236K->1147012K(1451520K), 0.0208034 secs] [Times: user=0.03 sys=0.00, real=0.02 secs] 
1969.100: [GC (Allocation Failure) [PSYoungGen: 417775K->183884K(465920K)] 1379972K->1146354K(1451520K), 0.0207039 secs] [Times: user=0.02 sys=0.00, real=0.02 secs] 
1970.660: [GC (Allocation Failure) [PSYoungGen: 416844K->44174K(465920K)] 1379314K->1006909K(1451520K), 0.0103877 secs] [Times: user=0.03 sys=0.00, real=0.01 secs] 
1971.325: [GC (Allocation Failure) [PSYoungGen: 277134K->91728K(465920K)] 1239869K->1054771K(1451520K), 0.0112679 secs] [Times: user=0.02 sys=0.01, real=0.01 secs] 
1971.658: [GC (Allocation Failure) [PSYoungGen: 324688K->184173K(465920K)] 1287731K->1148461K(1451520K), 0.0205119 secs] [Times: user=0.03 sys=0.00, real=0.02 secs] 
1971.948: [GC (Allocation Failure) [PSYoungGen: 417133K->184494K(465920K)] 1381421K->1149184K(1451520K), 0.0209776 secs] [Times: user=0.03 sys=0.00, real=0.02 secs] 
1974.456: [GC (Allocation Failure) [PSYoungGen: 417454K->21987K(465920K)] 1382144K->986814K(1451520K), 0.0088367 secs] [Times: user=0.03 sys=0.00, real=0.01 secs] 
1975.879: [GC (Allocation Failure) [PSYoungGen: 254947K->112513K(465920K)] 1219774K->1077670K(1451520K), 0.0133282 secs] [Times: user=0.02 sys=0.00, real=0.01 secs] 
1976.217: [GC (Allocation Failure) [PSYoungGen: 345473K->184205K(465920K)] 1310630K->1150751K(1451520K), 0.0241466 secs] [Times: user=0.03 sys=0.00, real=0.03 secs] 
1976.510: [GC (Allocation Failure) [PSYoungGen: 417165K->184269K(465920K)] 1383711K->1150960K(1451520K), 0.0206708 secs] [Times: user=0.03 sys=0.00, real=0.02 secs] 
1978.498: [GC (Allocation Failure) [PSYoungGen: 417229K->1408K(465920K)] 1383920K->968259K(1451520K), 0.0071819 secs] [Times: user=0.03 sys=0.00, real=0.01 secs] 
1979.581: [GC (Allocation Failure) [PSYoungGen: 234368K->134944K(465920K)] 1201219K->1101975K(1451520K), 0.0155740 secs] [Times: user=0.02 sys=0.00, real=0.01 secs] 
1979.929: [GC (Allocation Failure) [PSYoungGen: 367904K->184590K(465920K)] 1334935K->1152867K(1451520K), 0.0206564 secs] [Times: user=0.03 sys=0.00, real=0.02 secs] 
1980.443: [GC (Allocation Failure) [PSYoungGen: 417550K->166752K(465920K)] 1385827K->1135422K(1451520K), 0.0247695 secs] [Times: user=0.04 sys=0.00, real=0.03 secs] 
1981.518: [GC (Allocation Failure) [PSYoungGen: 399712K->64K(465920K)] 1368382K->970061K(1451520K), 0.0030846 secs] [Times: user=0.02 sys=0.00, real=0.00 secs] 
1982.026: [GC (Allocation Failure) [PSYoungGen: 233024K->157853K(465920K)] 1203021K->1127875K(1451520K), 0.0180510 secs] [Times: user=0.02 sys=0.00, real=0.02 secs] 
1982.309: [GC (Allocation Failure) [PSYoungGen: 390813K->184462K(465920K)] 1360835K->1155729K(1451520K), 0.0206074 secs] [Times: user=0.02 sys=0.00, real=0.02 secs] 
1983.430: [GC (Allocation Failure) [PSYoungGen: 417422K->148083K(465920K)] 1388689K->1119616K(1451520K), 0.0443449 secs] [Times: user=0.08 sys=0.00, real=0.04 secs] 
1986.687: [GC (Allocation Failure) [PSYoungGen: 381043K->96K(465920K)] 1352576K->973075K(1451520K), 0.0052091 secs] [Times: user=0.02 sys=0.01, real=0.01 secs] 
1987.135: [GC (Allocation Failure) [PSYoungGen: 233056K->179734K(465920K)] 1206035K->1152746K(1451520K), 0.0201082 secs] [Times: user=0.02 sys=0.00, real=0.02 secs] 
1987.418: [GC (Allocation Failure) [PSYoungGen: 412694K->184430K(465920K)] 1385706K->1158816K(1451520K), 0.0205756 secs] [Times: user=0.03 sys=0.00, real=0.03 secs] 
1988.228: [GC (Allocation Failure) [PSYoungGen: 417390K->134490K(465920K)] 1391776K->1109141K(1451520K), 0.0181124 secs] [Times: user=0.03 sys=0.00, real=0.02 secs] 
1989.504: [GC (Allocation Failure) [PSYoungGen: 367450K->18181K(465920K)] 1342101K->993019K(1451520K), 0.0048560 secs] [Times: user=0.02 sys=0.00, real=0.01 secs] 
1989.859: [GC (Allocation Failure) [PSYoungGen: 251141K->186357K(465920K)] 1225979K->1162442K(1451520K), 0.0208386 secs] [Times: user=0.03 sys=0.00, real=0.02 secs] 
1990.206: [GC (Allocation Failure) [PSYoungGen: 419317K->184847K(465920K)] 1395402K->1161205K(1451520K), 0.0206750 secs] [Times: user=0.03 sys=0.00, real=0.02 secs] 
1991.568: [GC (Allocation Failure) [PSYoungGen: 417807K->109412K(465920K)] 1394165K->1086035K(1451520K), 0.0251356 secs] [Times: user=0.06 sys=0.00, real=0.03 secs] 
1993.716: [GC (Allocation Failure) [PSYoungGen: 342372K->42825K(465920K)] 1318995K->1019756K(1451520K), 0.0084985 secs] [Times: user=0.02 sys=0.00, real=0.01 secs] 
1994.020: [GC (Allocation Failure) [PSYoungGen: 275785K->184847K(465920K)] 1252716K->1163023K(1451520K), 0.0206476 secs] [Times: user=0.03 sys=0.00, real=0.02 secs] 
1994.307: [GC (Allocation Failure) [PSYoungGen: 417807K->184141K(465920K)] 1395983K->1162598K(1451520K), 0.0206857 secs] [Times: user=0.03 sys=0.00, real=0.02 secs] 
1996.965: [GC (Allocation Failure) [PSYoungGen: 417101K->70457K(465920K)] 1395558K->1049179K(1451520K), 0.0224194 secs] [Times: user=0.05 sys=0.00, real=0.02 secs] 
1999.022: [GC (Allocation Failure) [PSYoungGen: 303417K->65477K(465920K)] 1282139K->1044507K(1451520K), 0.0101152 secs] [Times: user=0.02 sys=0.00, real=0.01 secs] 
1999.303: [GC (Allocation Failure) [PSYoungGen: 298437K->184590K(465920K)] 1277467K->1164866K(1451520K), 0.0207356 secs] [Times: user=0.03 sys=0.00, real=0.02 secs] 
1999.585: [GC (Allocation Failure) [PSYoungGen: 417550K->183851K(465920K)] 1397826K->1164400K(1451520K), 0.0206591 secs] [Times: user=0.03 sys=0.00, real=0.02 secs] 
2000.928: [GC (Allocation Failure) [PSYoungGen: 416811K->48495K(465920K)] 1397360K->1029309K(1451520K), 0.0091313 secs] [Times: user=0.02 sys=0.00, real=0.00 secs] 
2001.608: [GC (Allocation Failure) [PSYoungGen: 281455K->87519K(465920K)] 1262269K->1068640K(1451520K), 0.0109160 secs] [Times: user=0.02 sys=0.00, real=0.02 secs] 
2001.945: [GC (Allocation Failure) [PSYoungGen: 320479K->184173K(465920K)] 1301600K->1166548K(1451520K), 0.0209275 secs] [Times: user=0.03 sys=0.00, real=0.02 secs] 
2002.232: [GC (Allocation Failure) [PSYoungGen: 417133K->184366K(465920K)] 1399508K->1167014K(1451520K), 0.0207297 secs] [Times: user=0.03 sys=0.00, real=0.02 secs] 
2003.608: [GC (Allocation Failure) [PSYoungGen: 417326K->26245K(465920K)] 1399974K->1009158K(1451520K), 0.0066700 secs] [Times: user=0.02 sys=0.00, real=0.01 secs] 
2004.679: [GC (Allocation Failure) [PSYoungGen: 259205K->109721K(465920K)] 1242118K->1092942K(1451520K), 0.0130384 secs] [Times: user=0.02 sys=0.00, real=0.01 secs] 
2005.022: [GC (Allocation Failure) [PSYoungGen: 342681K->184205K(465920K)] 1325902K->1168687K(1451520K), 0.0204714 secs] [Times: user=0.03 sys=0.00, real=0.02 secs] 
2005.042: [Full GC (Ergonomics) [PSYoungGen: 184205K->0K(465920K)] [ParOldGen: 984482K->525522K(1001984K)] 1168687K->525522K(1467904K), [Metaspace: 56413K->56289K(1101824K)], 0.0553865 secs] [Times: user=0.23 sys=0.00, real=0.05 secs] 
2005.361: [GC (Allocation Failure) [PSYoungGen: 232960K->184044K(465920K)] 758482K->709567K(1467904K), 0.0200397 secs] [Times: user=0.02 sys=0.00, real=0.02 secs] 
2007.535: [GC (Allocation Failure) [PSYoungGen: 417004K->37292K(465920K)] 942527K->563112K(1467904K), 0.0099594 secs] [Times: user=0.05 sys=0.00, real=0.01 secs] 
2008.496: [GC (Allocation Failure) [PSYoungGen: 270252K->119036K(465920K)] 796072K->645180K(1467904K), 0.0133488 secs] [Times: user=0.02 sys=0.00, real=0.02 secs] 
2008.772: [GC (Allocation Failure) [PSYoungGen: 351996K->184333K(465920K)] 878140K->711730K(1467904K), 0.0200756 secs] [Times: user=0.02 sys=0.00, real=0.02 secs] 
2009.210: [GC (Allocation Failure) [PSYoungGen: 417293K->179458K(465920K)] 944690K->707136K(1467904K), 0.0233104 secs] [Times: user=0.03 sys=0.00, real=0.02 secs] 
2010.452: [GC (Allocation Failure) [PSYoungGen: 412418K->32864K(465920K)] 940096K->561992K(1467904K), 0.0038034 secs] [Times: user=0.02 sys=0.00, real=0.00 secs] 
2011.005: [GC (Allocation Failure) [PSYoungGen: 265824K->128582K(465920K)] 794952K->657726K(1467904K), 0.0144065 secs] [Times: user=0.02 sys=0.00, real=0.02 secs] 
2011.283: [GC (Allocation Failure) [PSYoungGen: 361542K->184847K(465920K)] 890686K->715245K(1467904K), 0.0200299 secs] [Times: user=0.03 sys=0.00, real=0.02 secs] 
2011.808: [GC (Allocation Failure) [PSYoungGen: 417807K->170825K(465920K)] 948205K->701488K(1467904K), 0.0222562 secs] [Times: user=0.03 sys=0.00, real=0.03 secs] 
2013.947: [GC (Allocation Failure) [PSYoungGen: 403785K->96K(465920K)] 934448K->532194K(1467904K), 0.0029523 secs] [Times: user=0.01 sys=0.00, real=0.01 secs] 
2014.944: [GC (Allocation Failure) [PSYoungGen: 233056K->137578K(465920K)] 765154K->669709K(1467904K), 0.0153443 secs] [Times: user=0.02 sys=0.00, real=0.02 secs] 
2015.221: [GC (Allocation Failure) [PSYoungGen: 370538K->184719K(465920K)] 902669K->718103K(1467904K), 0.0198871 secs] [Times: user=0.03 sys=0.00, real=0.02 secs] 
2016.077: [GC (Allocation Failure) [PSYoungGen: 417679K->164101K(465920K)] 951063K->697887K(1467904K), 0.0216238 secs] [Times: user=0.03 sys=0.00, real=0.03 secs] 
2017.375: [GC (Allocation Failure) [PSYoungGen: 397061K->96K(465920K)] 930847K->535192K(1467904K), 0.0031276 secs] [Times: user=0.01 sys=0.00, real=0.01 secs] 
2018.005: [GC (Allocation Failure) [PSYoungGen: 233056K->146669K(465920K)] 768152K->681782K(1467904K), 0.0161887 secs] [Times: user=0.02 sys=0.00, real=0.02 secs] 
2018.284: [GC (Allocation Failure) [PSYoungGen: 379629K->184590K(465920K)] 914742K->720957K(1467904K), 0.0199092 secs] [Times: user=0.02 sys=0.00, real=0.02 secs] 
2018.995: [GC (Allocation Failure) [PSYoungGen: 417550K->159168K(465920K)] 953917K->695800K(1467904K), 0.0207477 secs] [Times: user=0.03 sys=0.00, real=0.02 secs] 
2020.510: [GC (Allocation Failure) [PSYoungGen: 392128K->96K(465920K)] 928760K->538173K(1467904K), 0.0023049 secs] [Times: user=0.01 sys=0.00, real=0.00 secs] 
2021.012: [GC (Allocation Failure) [PSYoungGen: 233056K->158110K(465920K)] 771133K->696211K(1467904K), 0.0173295 secs] [Times: user=0.03 sys=0.00, real=0.02 secs] 
2021.292: [GC (Allocation Failure) [PSYoungGen: 391070K->184815K(465920K)] 929171K->724170K(1467904K), 0.0202180 secs] [Times: user=0.03 sys=0.00, real=0.02 secs] 
2024.853: [GC (Allocation Failure) [PSYoungGen: 417775K->147489K(465920K)] 957130K->687117K(1467904K), 0.0296799 secs] [Times: user=0.04 sys=0.00, real=0.03 secs] 
2026.127: [GC (Allocation Failure) [PSYoungGen: 380449K->96K(465920K)] 920077K->541173K(1467904K), 0.0022830 secs] [Times: user=0.01 sys=0.00, real=0.01 secs] 
2026.714: [GC (Allocation Failure) [PSYoungGen: 233056K->169160K(465920K)] 774133K->710254K(1467904K), 0.0183863 secs] [Times: user=0.02 sys=0.00, real=0.02 secs] 
2027.053: [GC (Allocation Failure) [PSYoungGen: 402120K->186389K(465920K)] 943214K->728737K(1467904K), 0.0205993 secs] [Times: user=0.03 sys=0.00, real=0.02 secs] 
2028.187: [GC (Allocation Failure) [PSYoungGen: 419349K->143085K(465920K)] 961697K->685826K(1467904K), 0.0292728 secs] [Times: user=0.05 sys=0.00, real=0.03 secs] 
2030.500: [GC (Allocation Failure) [PSYoungGen: 376045K->64K(465920K)] 918786K->544124K(1467904K), 0.0031132 secs] [Times: user=0.02 sys=0.00, real=0.00 secs] 
2030.875: [GC (Allocation Failure) [PSYoungGen: 233024K->181951K(465920K)] 777084K->726035K(1467904K), 0.0195876 secs] [Times: user=0.02 sys=0.00, real=0.02 secs] 
2031.209: [GC (Allocation Failure) [PSYoungGen: 414911K->186261K(465920K)] 958995K->731599K(1467904K), 0.0201390 secs] [Times: user=0.02 sys=0.00, real=0.02 secs] 
2032.661: [GC (Allocation Failure) [PSYoungGen: 419221K->130474K(465920K)] 964559K->676077K(1467904K), 0.0232987 secs] [Times: user=0.04 sys=0.00, real=0.02 secs] 
2034.429: [GC (Allocation Failure) [PSYoungGen: 363434K->10244K(465920K)] 909037K->556147K(1467904K), 0.0040584 secs] [Times: user=0.01 sys=0.00, real=0.00 secs] 
2034.744: [GC (Allocation Failure) [PSYoungGen: 243204K->185747K(465920K)] 789107K->732911K(1467904K), 0.0201076 secs] [Times: user=0.03 sys=0.00, real=0.02 secs] 
2035.027: [GC (Allocation Failure) [PSYoungGen: 418707K->184430K(465920K)] 965871K->731867K(1467904K), 0.0199973 secs] [Times: user=0.03 sys=0.00, real=0.02 secs] 
2035.752: [GC (Allocation Failure) [PSYoungGen: 417390K->118393K(465920K)] 964827K->666224K(1467904K), 0.0156302 secs] [Times: user=0.03 sys=0.00, real=0.01 secs] 
2036.645: [GC (Allocation Failure) [PSYoungGen: 351353K->22550K(465920K)] 899184K->570553K(1467904K), 0.0039270 secs] [Times: user=0.01 sys=0.00, real=0.01 secs] 
2036.980: [GC (Allocation Failure) [PSYoungGen: 255510K->185843K(465920K)] 803513K->735100K(1467904K), 0.0207047 secs] [Times: user=0.03 sys=0.00, real=0.02 secs] 
2037.273: [GC (Allocation Failure) [PSYoungGen: 418803K->185811K(465920K)] 968060K->735341K(1467904K), 0.0202161 secs] [Times: user=0.02 sys=0.00, real=0.02 secs] 
2037.963: [GC (Allocation Failure) [PSYoungGen: 418771K->104512K(465920K)] 968301K->654307K(1467904K), 0.0128269 secs] [Times: user=0.02 sys=0.00, real=0.01 secs] 
2038.863: [GC (Allocation Failure) [PSYoungGen: 337472K->35432K(465920K)] 887267K->585534K(1467904K), 0.0057271 secs] [Times: user=0.01 sys=0.00, real=0.01 secs] 
2039.142: [GC (Allocation Failure) [PSYoungGen: 268392K->186132K(465920K)] 818494K->737609K(1467904K), 0.0202833 secs] [Times: user=0.03 sys=0.00, real=0.02 secs] 
2039.425: [GC (Allocation Failure) [PSYoungGen: 419092K->184687K(465920K)] 970569K->736308K(1467904K), 0.0200169 secs] [Times: user=0.02 sys=0.00, real=0.02 secs] 
2040.679: [GC (Allocation Failure) [PSYoungGen: 408218K->92512K(465920K)] 959839K->644398K(1467904K), 0.0117888 secs] [Times: user=0.02 sys=0.00, real=0.01 secs] 
2042.406: [GC (Allocation Failure) [PSYoungGen: 325472K->38002K(465920K)] 877358K->590196K(1467904K), 0.0071519 secs] [Times: user=0.02 sys=0.00, real=0.01 secs] 
2042.714: [GC (Allocation Failure) [PSYoungGen: 270962K->184301K(465920K)] 823156K->737877K(1467904K), 0.0199265 secs] [Times: user=0.03 sys=0.00, real=0.02 secs] 
2043.058: [GC (Allocation Failure) [PSYoungGen: 417261K->184494K(465920K)] 970837K->738343K(1467904K), 0.0201069 secs] [Times: user=0.02 sys=0.00, real=0.02 secs] 
2043.761: [GC (Allocation Failure) [PSYoungGen: 404936K->91869K(465920K)] 958785K->645983K(1467904K), 0.0118032 secs] [Times: user=0.02 sys=0.00, real=0.01 secs] 
2044.744: [GC (Allocation Failure) [PSYoungGen: 324829K->38034K(465920K)] 878943K->592328K(1467904K), 0.0061890 secs] [Times: user=0.01 sys=0.00, real=0.01 secs] 
2045.022: [GC (Allocation Failure) [PSYoungGen: 270994K->184719K(465920K)] 825288K->740274K(1467904K), 0.0199778 secs] [Times: user=0.03 sys=0.00, real=0.02 secs] 
2045.305: [GC (Allocation Failure) [PSYoungGen: 417679K->184623K(465920K)] 973234K->740451K(1467904K), 0.0200706 secs] [Times: user=0.03 sys=0.00, real=0.02 secs] 
2046.149: [GC (Allocation Failure) [PSYoungGen: 407182K->91355K(465920K)] 963010K->647448K(1467904K), 0.0143280 secs] [Times: user=0.02 sys=0.00, real=0.01 secs] 
2048.203: [GC (Allocation Failure) [PSYoungGen: 324315K->37684K(465920K)] 880408K->594069K(1467904K), 0.0074089 secs] [Times: user=0.02 sys=0.00, real=0.01 secs] 
2048.521: [GC (Allocation Failure) [PSYoungGen: 270644K->184687K(465920K)] 827029K->742317K(1467904K), 0.0200220 secs] [Times: user=0.03 sys=0.00, real=0.02 secs] 
2048.804: [GC (Allocation Failure) [PSYoungGen: 417647K->184687K(465920K)] 975277K->742590K(1467904K), 0.0201236 secs] [Times: user=0.02 sys=0.00, real=0.02 secs] 
2049.408: [GC (Allocation Failure) [PSYoungGen: 407242K->91564K(465920K)] 965146K->649741K(1467904K), 0.0096348 secs] [Times: user=0.01 sys=0.00, real=0.00 secs] 
2050.413: [GC (Allocation Failure) [PSYoungGen: 324524K->37620K(465920K)] 882701K->596104K(1467904K), 0.0053146 secs] [Times: user=0.01 sys=0.00, real=0.01 secs] 
2050.681: [GC (Allocation Failure) [PSYoungGen: 270580K->183819K(465920K)] 829064K->743557K(1467904K), 0.0199422 secs] [Times: user=0.03 sys=0.00, real=0.02 secs] 
2051.020: [GC (Allocation Failure) [PSYoungGen: 416779K->184366K(465920K)] 976517K->744377K(1467904K), 0.0201671 secs] [Times: user=0.03 sys=0.00, real=0.02 secs] 
2051.745: [GC (Allocation Failure) [PSYoungGen: 409596K->92897K(465920K)] 969608K->653174K(1467904K), 0.0110573 secs] [Times: user=0.02 sys=0.00, real=0.01 secs] 
2052.643: [GC (Allocation Failure) [PSYoungGen: 325857K->38102K(465920K)] 886134K->598684K(1467904K), 0.0060717 secs] [Times: user=0.01 sys=0.00, real=0.01 secs] 
2052.921: [GC (Allocation Failure) [PSYoungGen: 271062K->184719K(465920K)] 831644K->746547K(1467904K), 0.0200392 secs] [Times: user=0.03 sys=0.00, real=0.02 secs] 
2053.208: [GC (Allocation Failure) [PSYoungGen: 417679K->184687K(465920K)] 979507K->746916K(1467904K), 0.0201693 secs] [Times: user=0.03 sys=0.00, real=0.02 secs] 
2054.793: [GC (Allocation Failure) [PSYoungGen: 407160K->91242K(465920K)] 969390K->653745K(1467904K), 0.0236359 secs] [Times: user=0.05 sys=0.00, real=0.02 secs] 
2057.235: [GC (Allocation Failure) [PSYoungGen: 324202K->37684K(465920K)] 886705K->600366K(1467904K), 0.0080715 secs] [Times: user=0.01 sys=0.00, real=0.01 secs] 
2057.556: [GC (Allocation Failure) [PSYoungGen: 270644K->183819K(465920K)] 833326K->747755K(1467904K), 0.0199773 secs] [Times: user=0.02 sys=0.00, real=0.02 secs] 
2057.838: [GC (Allocation Failure) [PSYoungGen: 416779K->184430K(465920K)] 980715K->748638K(1467904K), 0.0200047 secs] [Times: user=0.03 sys=0.00, real=0.02 secs] 
2058.787: [GC (Allocation Failure) [PSYoungGen: 409655K->92737K(465920K)] 973863K->657211K(1467904K), 0.0127506 secs] [Times: user=0.02 sys=0.00, real=0.02 secs] 
2060.346: [GC (Allocation Failure) [PSYoungGen: 325697K->37845K(465920K)] 890171K->602619K(1467904K), 0.0073519 secs] [Times: user=0.02 sys=0.00, real=0.01 secs] 
2060.730: [GC (Allocation Failure) [PSYoungGen: 270805K->184687K(465920K)] 835579K->750714K(1467904K), 0.0201416 secs] [Times: user=0.02 sys=0.00, real=0.02 secs] 
2061.071: [GC (Allocation Failure) [PSYoungGen: 417647K->184655K(465920K)] 983674K->751084K(1467904K), 0.0202555 secs] [Times: user=0.02 sys=0.00, real=0.02 secs] 
2062.699: [GC (Allocation Failure) [PSYoungGen: 407088K->91499K(465920K)] 973517K->658202K(1467904K), 0.0157486 secs] [Times: user=0.03 sys=0.00, real=0.01 secs] 
2064.265: [GC (Allocation Failure) [PSYoungGen: 324459K->37777K(465920K)] 891162K->604667K(1467904K), 0.0064769 secs] [Times: user=0.02 sys=0.00, real=0.01 secs] 
2064.557: [GC (Allocation Failure) [PSYoungGen: 270737K->184719K(465920K)] 837627K->752998K(1467904K), 0.0200837 secs] [Times: user=0.02 sys=0.00, real=0.02 secs] 
2064.840: [GC (Allocation Failure) [PSYoungGen: 417679K->184655K(465920K)] 985958K->753079K(1467904K), 0.0198554 secs] [Times: user=0.02 sys=0.00, real=0.02 secs] 
2066.229: [GC (Allocation Failure) [PSYoungGen: 407218K->91612K(465920K)] 975643K->660301K(1467904K), 0.0141602 secs] [Times: user=0.03 sys=0.00, real=0.01 secs] 
2067.116: [GC (Allocation Failure) [PSYoungGen: 324572K->37973K(465920K)] 893261K->606971K(1467904K), 0.0061904 secs] [Times: user=0.01 sys=0.00, real=0.01 secs] 
2067.392: [GC (Allocation Failure) [PSYoungGen: 270933K->183787K(465920K)] 839931K->754038K(1467904K), 0.0201932 secs] [Times: user=0.03 sys=0.00, real=0.02 secs] 
2067.677: [GC (Allocation Failure) [PSYoungGen: 416747K->184462K(465920K)] 986998K->754994K(1467904K), 0.0201287 secs] [Times: user=0.03 sys=0.00, real=0.02 secs] 
2069.374: [GC (Allocation Failure) [PSYoungGen: 409686K->92480K(465920K)] 980218K->663277K(1467904K), 0.0145237 secs] [Times: user=0.02 sys=0.00, real=0.02 secs] 
2071.002: [GC (Allocation Failure) [PSYoungGen: 325440K->37617K(465920K)] 896237K->608728K(1467904K), 0.0067696 secs] [Times: user=0.02 sys=0.00, real=0.01 secs] 
2071.302: [GC (Allocation Failure) [PSYoungGen: 270577K->184719K(465920K)] 841688K->757075K(1467904K), 0.0200170 secs] [Times: user=0.02 sys=0.00, real=0.02 secs] 
2071.585: [GC (Allocation Failure) [PSYoungGen: 417679K->184719K(465920K)] 990035K->757477K(1467904K), 0.0200213 secs] [Times: user=0.03 sys=0.00, real=0.02 secs] 
2072.890: [GC (Allocation Failure) [PSYoungGen: 407152K->91677K(465920K)] 979911K->664700K(1467904K), 0.0232889 secs] [Times: user=0.05 sys=0.00, real=0.02 secs] 
2074.408: [GC (Allocation Failure) [PSYoungGen: 324637K->37748K(465920K)] 897660K->610951K(1467904K), 0.0079512 secs] [Times: user=0.02 sys=0.00, real=0.01 secs] 
2074.764: [GC (Allocation Failure) [PSYoungGen: 270708K->184944K(465920K)] 843911K->759408K(1467904K), 0.0201261 secs] [Times: user=0.03 sys=0.00, real=0.02 secs] 
2075.047: [GC (Allocation Failure) [PSYoungGen: 417904K->184141K(465920K)] 992368K->758878K(1467904K), 0.0199366 secs] [Times: user=0.02 sys=0.00, real=0.02 secs] 
2076.676: [GC (Allocation Failure) [PSYoungGen: 406984K->91917K(465920K)] 981721K->666927K(1467904K), 0.0213907 secs] [Times: user=0.04 sys=0.00, real=0.02 secs] 
2079.032: [GC (Allocation Failure) [PSYoungGen: 324877K->37845K(465920K)] 899887K->613155K(1467904K), 0.0074716 secs] [Times: user=0.02 sys=0.00, real=0.01 secs] 
2079.347: [GC (Allocation Failure) [PSYoungGen: 270805K->184462K(465920K)] 846115K->761154K(1467904K), 0.0201254 secs] [Times: user=0.03 sys=0.00, real=0.02 secs] 
2079.629: [GC (Allocation Failure) [PSYoungGen: 417422K->184494K(465920K)] 994114K->761331K(1467904K), 0.0201595 secs] [Times: user=0.02 sys=0.00, real=0.02 secs] 
2080.319: [GC (Allocation Failure) [PSYoungGen: 407039K->91869K(465920K)] 983876K->668971K(1467904K), 0.0112843 secs] [Times: user=0.03 sys=0.00, real=0.01 secs] 
2081.839: [GC (Allocation Failure) [PSYoungGen: 324829K->37588K(465920K)] 901931K->614998K(1467904K), 0.0075637 secs] [Times: user=0.02 sys=0.00, real=0.00 secs] 
2082.158: [GC (Allocation Failure) [PSYoungGen: 270548K->184462K(465920K)] 847958K->763254K(1467904K), 0.0203946 secs] [Times: user=0.02 sys=0.00, real=0.02 secs] 
2082.450: [GC (Allocation Failure) [PSYoungGen: 417422K->184494K(465920K)] 996214K->763431K(1467904K), 0.0200413 secs] [Times: user=0.03 sys=0.00, real=0.02 secs] 
2083.672: [GC (Allocation Failure) [PSYoungGen: 407547K->92110K(465920K)] 986484K->671320K(1467904K), 0.0142973 secs] [Times: user=0.03 sys=0.00, real=0.01 secs] 
2085.439: [GC (Allocation Failure) [PSYoungGen: 325070K->37459K(465920K)] 904280K->616969K(1467904K), 0.0068490 secs] [Times: user=0.01 sys=0.00, real=0.00 secs] 
2085.814: [GC (Allocation Failure) [PSYoungGen: 270419K->184815K(465920K)] 849929K->765587K(1467904K), 0.0200376 secs] [Times: user=0.02 sys=0.00, real=0.02 secs] 
2086.100: [GC (Allocation Failure) [PSYoungGen: 417775K->184012K(465920K)] 998547K->765185K(1467904K), 0.0201075 secs] [Times: user=0.03 sys=0.00, real=0.02 secs] 
2086.798: [GC (Allocation Failure) [PSYoungGen: 407909K->92367K(465920K)] 989083K->673685K(1467904K), 0.0118507 secs] [Times: user=0.02 sys=0.00, real=0.02 secs] 
2087.602: [GC (Allocation Failure) [PSYoungGen: 325327K->38037K(465920K)] 906645K->619663K(1467904K), 0.0054860 secs] [Times: user=0.01 sys=0.01, real=0.00 secs] 
2087.927: [GC (Allocation Failure) [PSYoungGen: 270997K->184430K(465920K)] 852623K->767309K(1467904K), 0.0200266 secs] [Times: user=0.02 sys=0.00, real=0.02 secs] 
2088.209: [GC (Allocation Failure) [PSYoungGen: 417390K->184590K(465920K)] 1000269K->767743K(1467904K), 0.0200920 secs] [Times: user=0.03 sys=0.00, real=0.02 secs] 
2088.817: [GC (Allocation Failure) [PSYoungGen: 407131K->91709K(465920K)] 990283K->675126K(1467904K), 0.0117570 secs] [Times: user=0.02 sys=0.00, real=0.02 secs] 
2089.614: [GC (Allocation Failure) [PSYoungGen: 324669K->38005K(465920K)] 908086K->621728K(1467904K), 0.0053904 secs] [Times: user=0.01 sys=0.00, real=0.01 secs] 
2089.883: [GC (Allocation Failure) [PSYoungGen: 270965K->184462K(465920K)] 854688K->769439K(1467904K), 0.0200006 secs] [Times: user=0.02 sys=0.00, real=0.02 secs] 
2090.164: [GC (Allocation Failure) [PSYoungGen: 417422K->184237K(465920K)] 1002399K->769487K(1467904K), 0.0200249 secs] [Times: user=0.02 sys=0.00, real=0.02 secs] 
2090.838: [GC (Allocation Failure) [PSYoungGen: 409275K->91998K(465920K)] 994525K->677649K(1467904K), 0.0118999 secs] [Times: user=0.02 sys=0.00, real=0.02 secs] 
2092.186: [GC (Allocation Failure) [PSYoungGen: 324958K->37745K(465920K)] 910609K->623560K(1467904K), 0.0060218 secs] [Times: user=0.01 sys=0.00, real=0.01 secs] 
2092.465: [GC (Allocation Failure) [PSYoungGen: 270705K->184847K(465920K)] 856520K->771916K(1467904K), 0.0201234 secs] [Times: user=0.03 sys=0.00, real=0.02 secs] 
2092.748: [GC (Allocation Failure) [PSYoungGen: 417807K->184655K(465920K)] 1004876K->771996K(1467904K), 0.0202099 secs] [Times: user=0.02 sys=0.01, real=0.02 secs] 
2093.606: [GC (Allocation Failure) [PSYoungGen: 407112K->91516K(465920K)] 994454K->679122K(1467904K), 0.0193467 secs] [Times: user=0.03 sys=0.00, real=0.02 secs] 
2095.281: [GC (Allocation Failure) [PSYoungGen: 324476K->37877K(465920K)] 912082K->625784K(1467904K), 0.0069641 secs] [Times: user=0.02 sys=0.00, real=0.00 secs] 
2095.582: [GC (Allocation Failure) [PSYoungGen: 270837K->184462K(465920K)] 858744K->773622K(1467904K), 0.0202238 secs] [Times: user=0.02 sys=0.00, real=0.02 secs] 
2095.863: [GC (GCLocker Initiated GC) [PSYoungGen: 417422K->181859K(465920K)] 1006582K->771301K(1467904K), 0.0199065 secs] [Times: user=0.02 sys=0.00, real=0.02 secs] 
2096.623: [GC (Allocation Failure) [PSYoungGen: 414819K->78168K(465920K)] 1020648K->684262K(1467904K), 0.0109658 secs] [Times: user=0.01 sys=0.00, real=0.01 secs] 
2097.845: [GC (Allocation Failure) [PSYoungGen: 311128K->58309K(465920K)] 917222K->664628K(1467904K), 0.0087146 secs] [Times: user=0.02 sys=0.00, real=0.01 secs] 
2098.123: [GC (Allocation Failure) [PSYoungGen: 291269K->183787K(465920K)] 897588K->791352K(1467904K), 0.0201209 secs] [Times: user=0.02 sys=0.00, real=0.02 secs] 
2098.406: [GC (Allocation Failure) [PSYoungGen: 416747K->184719K(465920K)] 1024312K->792556K(1467904K), 0.0201601 secs] [Times: user=0.03 sys=0.00, real=0.02 secs] 
2100.207: [GC (Allocation Failure) [PSYoungGen: 417679K->55580K(465920K)] 1025516K->663691K(1467904K), 0.0123427 secs] [Times: user=0.02 sys=0.00, real=0.02 secs] 
2102.174: [GC (Allocation Failure) [PSYoungGen: 288540K->80032K(465920K)] 896651K->688465K(1467904K), 0.0110073 secs] [Times: user=0.02 sys=0.00, real=0.01 secs] 
2102.460: [GC (Allocation Failure) [PSYoungGen: 312992K->184333K(465920K)] 921425K->794011K(1467904K), 0.0200875 secs] [Times: user=0.03 sys=0.00, real=0.02 secs] 
2102.747: [GC (Allocation Failure) [PSYoungGen: 417293K->184237K(465920K)] 1026971K->794188K(1467904K), 0.0201528 secs] [Times: user=0.03 sys=0.00, real=0.02 secs] 
2103.638: [GC (Allocation Failure) [PSYoungGen: 417197K->33699K(465920K)] 1027148K->643923K(1467904K), 0.0064579 secs] [Times: user=0.01 sys=0.00, real=0.00 secs] 
2104.405: [GC (Allocation Failure) [PSYoungGen: 266576K->102906K(465920K)] 876800K->713446K(1467904K), 0.0118801 secs] [Times: user=0.02 sys=0.00, real=0.01 secs] 
2104.679: [GC (Allocation Failure) [PSYoungGen: 335866K->184462K(465920K)] 946406K->796263K(1467904K), 0.0201237 secs] [Times: user=0.03 sys=0.00, real=0.02 secs] 
2105.024: [GC (Allocation Failure) [PSYoungGen: 417422K->184590K(465920K)] 1029223K->796793K(1467904K), 0.0201465 secs] [Times: user=0.03 sys=0.00, real=0.02 secs] 
2107.756: [GC (Allocation Failure) [PSYoungGen: 417550K->10565K(465920K)] 1029753K->622904K(1467904K), 0.0047389 secs] [Times: user=0.02 sys=0.00, real=0.01 secs] 
2108.713: [GC (Allocation Failure) [PSYoungGen: 243525K->124980K(465920K)] 855864K->737638K(1467904K), 0.0140796 secs] [Times: user=0.02 sys=0.00, real=0.01 secs] 
2108.990: [GC (Allocation Failure) [PSYoungGen: 357940K->184205K(465920K)] 970598K->798116K(1467904K), 0.0201104 secs] [Times: user=0.03 sys=0.00, real=0.02 secs] 
2109.594: [GC (Allocation Failure) [PSYoungGen: 417165K->175146K(465920K)] 1031076K->789331K(1467904K), 0.0233284 secs] [Times: user=0.03 sys=0.00, real=0.02 secs] 
2110.662: [GC (Allocation Failure) [PSYoungGen: 408106K->128K(465920K)] 1022291K->615752K(1467904K), 0.0023679 secs] [Times: user=0.01 sys=0.00, real=0.00 secs] 
2111.109: [GC (Allocation Failure) [PSYoungGen: 233088K->146961K(465920K)] 848712K->762601K(1467904K), 0.0161971 secs] [Times: user=0.03 sys=0.00, real=0.01 secs] 
2111.388: [GC (Allocation Failure) [PSYoungGen: 379921K->184333K(465920K)] 995561K->801227K(1467904K), 0.0201078 secs] [Times: user=0.03 sys=0.00, real=0.02 secs] 
2112.568: [GC (Allocation Failure) [PSYoungGen: 417293K->159200K(465920K)] 1034187K->776367K(1467904K), 0.0439969 secs] [Times: user=0.07 sys=0.00, real=0.05 secs] 
2116.061: [GC (Allocation Failure) [PSYoungGen: 392160K->160K(465920K)] 1009327K->618772K(1467904K), 0.0033865 secs] [Times: user=0.02 sys=0.00, real=0.00 secs] 
2116.682: [GC (Allocation Failure) [PSYoungGen: 233120K->168553K(465920K)] 851732K->787205K(1467904K), 0.0183706 secs] [Times: user=0.02 sys=0.00, real=0.02 secs] 
2117.023: [GC (Allocation Failure) [PSYoungGen: 401513K->184301K(465920K)] 1020165K->804336K(1467904K), 0.0200320 secs] [Times: user=0.03 sys=0.00, real=0.02 secs] 
2117.544: [GC (Allocation Failure) [PSYoungGen: 413479K->137592K(465920K)] 1033514K->757764K(1467904K), 0.0176037 secs] [Times: user=0.02 sys=0.00, real=0.02 secs] 
2118.527: [GC (Allocation Failure) [PSYoungGen: 370552K->1730K(465920K)] 990724K->622207K(1467904K), 0.0022950 secs] [Times: user=0.01 sys=0.00, real=0.01 secs] 
2118.808: [GC (Allocation Failure) [PSYoungGen: 234690K->184590K(465920K)] 855167K->806313K(1467904K), 0.0200113 secs] [Times: user=0.03 sys=0.00, real=0.02 secs] 
2119.091: [GC (Allocation Failure) [PSYoungGen: 417550K->184719K(465920K)] 1039273K->806714K(1467904K), 0.0201929 secs] [Times: user=0.02 sys=0.00, real=0.02 secs] 
2119.595: [GC (Allocation Failure) [PSYoungGen: 417679K->127775K(465920K)] 1039674K->750044K(1467904K), 0.0133410 secs] [Times: user=0.03 sys=0.00, real=0.02 secs] 
2121.129: [GC (Allocation Failure) [PSYoungGen: 360735K->24864K(465920K)] 983004K->647440K(1467904K), 0.0069513 secs] [Times: user=0.02 sys=0.01, real=0.00 secs] 
2121.468: [GC (Allocation Failure) [PSYoungGen: 257824K->186486K(465920K)] 880400K->810316K(1467904K), 0.0204256 secs] [Times: user=0.03 sys=0.00, real=0.02 secs] 
2121.752: [GC (Allocation Failure) [PSYoungGen: 419446K->186100K(465920K)] 1043276K->810340K(1467904K), 0.0201449 secs] [Times: user=0.03 sys=0.00, real=0.02 secs] 
2123.075: [GC (Allocation Failure) [PSYoungGen: 419060K->84883K(465920K)] 1043300K->709388K(1467904K), 0.0126465 secs] [Times: user=0.02 sys=0.00, real=0.01 secs] 
2124.539: [GC (Allocation Failure) [PSYoungGen: 317843K->51404K(465920K)] 942348K->676088K(1467904K), 0.0067074 secs] [Times: user=0.01 sys=0.00, real=0.00 secs] 
2124.873: [GC (Allocation Failure) [PSYoungGen: 284364K->185843K(465920K)] 909048K->811781K(1467904K), 0.0205047 secs] [Times: user=0.03 sys=0.00, real=0.02 secs] 
2125.156: [GC (Allocation Failure) [PSYoungGen: 418803K->185779K(465920K)] 1044741K->811990K(1467904K), 0.0203640 secs] [Times: user=0.02 sys=0.00, real=0.02 secs] 
2126.919: [GC (Allocation Failure) [PSYoungGen: 418739K->59275K(465920K)] 1044950K->685759K(1467904K), 0.0096450 secs] [Times: user=0.02 sys=0.00, real=0.01 secs] 
2127.642: [GC (Allocation Failure) [PSYoungGen: 292235K->77012K(465920K)] 918719K->703810K(1467904K), 0.0093934 secs] [Times: user=0.02 sys=0.00, real=0.01 secs] 
2127.980: [GC (Allocation Failure) [PSYoungGen: 309972K->184205K(465920K)] 936770K->812256K(1467904K), 0.0204151 secs] [Times: user=0.02 sys=0.00, real=0.02 secs] 
2128.268: [GC (Allocation Failure) [PSYoungGen: 417165K->183851K(465920K)] 1045216K->812183K(1467904K), 0.0200725 secs] [Times: user=0.03 sys=0.00, real=0.02 secs] 
2130.171: [GC (Allocation Failure) [PSYoungGen: 416811K->37394K(465920K)] 1045143K->665992K(1467904K), 0.0107374 secs] [Times: user=0.02 sys=0.00, real=0.01 secs] 
2131.544: [GC (Allocation Failure) [PSYoungGen: 270354K->98732K(465920K)] 898952K->727651K(1467904K), 0.0114873 secs] [Times: user=0.02 sys=0.00, real=0.01 secs] 
2131.876: [GC (Allocation Failure) [PSYoungGen: 331692K->184044K(465920K)] 960611K->814217K(1467904K), 0.0201438 secs] [Times: user=0.03 sys=0.00, real=0.02 secs] 
2132.158: [GC (Allocation Failure) [PSYoungGen: 417004K->184398K(465920K)] 1047177K->814972K(1467904K), 0.0200920 secs] [Times: user=0.02 sys=0.00, real=0.02 secs] 
2134.305: [GC (Allocation Failure) [PSYoungGen: 417358K->15224K(465920K)] 1047932K->645934K(1467904K), 0.0046664 secs] [Times: user=0.02 sys=0.00, real=0.01 secs] 
2135.086: [GC (Allocation Failure) [PSYoungGen: 248184K->120967K(465920K)] 878894K->752007K(1467904K), 0.0136615 secs] [Times: user=0.02 sys=0.00, real=0.02 secs] 
2135.361: [GC (Allocation Failure) [PSYoungGen: 353927K->184205K(465920K)] 984967K->816499K(1467904K), 0.0200627 secs] [Times: user=0.02 sys=0.00, real=0.02 secs] 
2135.787: [GC (Allocation Failure) [PSYoungGen: 417165K->178155K(465920K)] 1049459K->810730K(1467904K), 0.0220392 secs] [Times: user=0.03 sys=0.00, real=0.03 secs] 
2137.293: [GC (Allocation Failure) [PSYoungGen: 411115K->96K(465920K)] 1043690K->634116K(1467904K), 0.0031086 secs] [Times: user=0.01 sys=0.00, real=0.00 secs] 
2137.990: [GC (Allocation Failure) [PSYoungGen: 233056K->143587K(465920K)] 867076K->777624K(1467904K), 0.0159443 secs] [Times: user=0.02 sys=0.00, real=0.01 secs] 
2138.270: [GC (Allocation Failure) [PSYoungGen: 376547K->184301K(465920K)] 1010584K->819584K(1467904K), 0.0201340 secs] [Times: user=0.02 sys=0.00, real=0.02 secs] 
2139.273: [GC (Allocation Failure) [PSYoungGen: 417261K->162478K(465920K)] 1052544K->798034K(1467904K), 0.0462476 secs] [Times: user=0.07 sys=0.00, real=0.05 secs] 
2140.663: [GC (Allocation Failure) [PSYoungGen: 395438K->96K(465920K)] 1030994K->637081K(1467904K), 0.0022375 secs] [Times: user=0.01 sys=0.00, real=0.00 secs] 
2141.032: [GC (Allocation Failure) [PSYoungGen: 233056K->165950K(465920K)] 870041K->802951K(1467904K), 0.0181676 secs] [Times: user=0.02 sys=0.00, real=0.02 secs] 
2141.312: [GC (Allocation Failure) [PSYoungGen: 398910K->183948K(465920K)] 1035911K->822187K(1467904K), 0.0202403 secs] [Times: user=0.03 sys=0.01, real=0.02 secs] 
2142.049: [GC (Allocation Failure) [PSYoungGen: 415685K->140580K(465920K)] 1053924K->779085K(1467904K), 0.0172778 secs] [Times: user=0.02 sys=0.00, real=0.01 secs] 
2143.872: [GC (Allocation Failure) [PSYoungGen: 373540K->1216K(465920K)] 1012045K->640019K(1467904K), 0.0027561 secs] [Times: user=0.01 sys=0.00, real=0.00 secs] 
2144.175: [GC (Allocation Failure) [PSYoungGen: 234176K->184590K(465920K)] 872979K->824519K(1467904K), 0.0200747 secs] [Times: user=0.03 sys=0.00, real=0.02 secs] 
2144.461: [GC (Allocation Failure) [PSYoungGen: 417550K->184301K(465920K)] 1057479K->824511K(1467904K), 0.0200599 secs] [Times: user=0.03 sys=0.00, real=0.02 secs] 
2145.476: [GC (Allocation Failure) [PSYoungGen: 417261K->128643K(465920K)] 1057471K->769118K(1467904K), 0.0223890 secs] [Times: user=0.03 sys=0.00, real=0.03 secs] 
2147.194: [GC (Allocation Failure) [PSYoungGen: 361603K->24061K(465920K)] 1002078K->664827K(1467904K), 0.0066918 secs] [Times: user=0.02 sys=0.00, real=0.01 secs] 
2147.528: [GC (Allocation Failure) [PSYoungGen: 257021K->184976K(465920K)] 897787K->826996K(1467904K), 0.0201249 secs] [Times: user=0.03 sys=0.00, real=0.02 secs] 
2147.813: [GC (Allocation Failure) [PSYoungGen: 417936K->184141K(465920K)] 1059956K->826434K(1467904K), 0.0200595 secs] [Times: user=0.02 sys=0.00, real=0.02 secs] 
2148.511: [GC (Allocation Failure) [PSYoungGen: 417101K->105573K(465920K)] 1059394K->748131K(1467904K), 0.0128907 secs] [Times: user=0.02 sys=0.00, real=0.01 secs] 
2149.826: [GC (Allocation Failure) [PSYoungGen: 338533K->47098K(465920K)] 981091K->689970K(1467904K), 0.0073506 secs] [Times: user=0.02 sys=0.00, real=0.01 secs] 
2150.109: [GC (Allocation Failure) [PSYoungGen: 280058K->184173K(465920K)] 922930K->828298K(1467904K), 0.0202257 secs] [Times: user=0.03 sys=0.00, real=0.02 secs] 
2150.391: [GC (Allocation Failure) [PSYoungGen: 417133K->184558K(465920K)] 1061258K->828965K(1467904K), 0.0201476 secs] [Times: user=0.02 sys=0.00, real=0.02 secs] 
2151.406: [GC (Allocation Failure) [PSYoungGen: 417518K->66488K(465920K)] 1061925K->711289K(1467904K), 0.0111067 secs] [Times: user=0.02 sys=0.00, real=0.01 secs] 
2152.850: [GC (Allocation Failure) [PSYoungGen: 299448K->69461K(465920K)] 944249K->714449K(1467904K), 0.0106175 secs] [Times: user=0.02 sys=0.00, real=0.01 secs] 
2153.151: [GC (Allocation Failure) [PSYoungGen: 302421K->184590K(465920K)] 947409K->830831K(1467904K), 0.0200591 secs] [Times: user=0.03 sys=0.00, real=0.02 secs] 
2153.433: [GC (Allocation Failure) [PSYoungGen: 417550K->184173K(465920K)] 1063791K->830687K(1467904K), 0.0200774 secs] [Times: user=0.03 sys=0.00, real=0.02 secs] 
2155.086: [GC (Allocation Failure) [PSYoungGen: 417133K->44125K(465920K)] 1063647K->690905K(1467904K), 0.0106336 secs] [Times: user=0.03 sys=0.00, real=0.01 secs] 
2156.291: [GC (Allocation Failure) [PSYoungGen: 277085K->91889K(465920K)] 923865K->738989K(1467904K), 0.0107593 secs] [Times: user=0.02 sys=0.00, real=0.01 secs] 
2156.564: [GC (Allocation Failure) [PSYoungGen: 324849K->184108K(465920K)] 971949K->832591K(1467904K), 0.0200477 secs] [Times: user=0.03 sys=0.00, real=0.02 secs] 
2156.903: [GC (Allocation Failure) [PSYoungGen: 417068K->184044K(465920K)] 1065551K->832680K(1467904K), 0.0200933 secs] [Times: user=0.03 sys=0.00, real=0.02 secs] 
2158.693: [GC (Allocation Failure) [PSYoungGen: 417004K->22405K(465920K)] 1065640K->671306K(1467904K), 0.0105555 secs] [Times: user=0.03 sys=0.00, real=0.01 secs] 
2160.490: [GC (Allocation Failure) [PSYoungGen: 255365K->113384K(465920K)] 904266K->762606K(1467904K), 0.0129832 secs] [Times: user=0.02 sys=0.00, real=0.01 secs] 
2160.771: [GC (Allocation Failure) [PSYoungGen: 346344K->184173K(465920K)] 995566K->834649K(1467904K), 0.0201551 secs] [Times: user=0.02 sys=0.00, real=0.02 secs] 
2161.057: [GC (Allocation Failure) [PSYoungGen: 417133K->183401K(465920K)] 1067609K->834150K(1467904K), 0.0199936 secs] [Times: user=0.03 sys=0.00, real=0.02 secs] 
2163.526: [GC (Allocation Failure) [PSYoungGen: 416361K->1408K(465920K)] 1067110K->652309K(1467904K), 0.0032613 secs] [Times: user=0.01 sys=0.00, real=0.01 secs] 
2164.329: [GC (Allocation Failure) [PSYoungGen: 234368K->134716K(465920K)] 885269K->785797K(1467904K), 0.0151448 secs] [Times: user=0.02 sys=0.00, real=0.01 secs] 
2164.607: [GC (Allocation Failure) [PSYoungGen: 367676K->184558K(465920K)] 1018757K->836901K(1467904K), 0.0200629 secs] [Times: user=0.02 sys=0.00, real=0.02 secs] 
2165.373: [GC (Allocation Failure) [PSYoungGen: 417518K->167057K(465920K)] 1069861K->819801K(1467904K), 0.0243121 secs] [Times: user=0.03 sys=0.00, real=0.02 secs] 
2167.283: [GC (Allocation Failure) [PSYoungGen: 400017K->96K(465920K)] 1052761K->654149K(1467904K), 0.0029388 secs] [Times: user=0.01 sys=0.00, real=0.00 secs] 
2168.108: [GC (Allocation Failure) [PSYoungGen: 233056K->157082K(465920K)] 887109K->811151K(1467904K), 0.0173998 secs] [Times: user=0.03 sys=0.00, real=0.02 secs] 
2168.442: [GC (Allocation Failure) [PSYoungGen: 390042K->184462K(465920K)] 1044111K->839785K(1467904K), 0.0203483 secs] [Times: user=0.03 sys=0.00, real=0.02 secs] 
2169.175: [GC (Allocation Failure) [PSYoungGen: 417422K->148918K(465920K)] 1072745K->804515K(1467904K), 0.0310402 secs] [Times: user=0.04 sys=0.00, real=0.03 secs] 
2171.606: [GC (Allocation Failure) [PSYoungGen: 381878K->96K(465920K)] 1037475K->657137K(1467904K), 0.0052240 secs] [Times: user=0.02 sys=0.00, real=0.01 secs] 
2172.122: [GC (Allocation Failure) [PSYoungGen: 233056K->178963K(465920K)] 890097K->836029K(1467904K), 0.0194817 secs] [Times: user=0.03 sys=0.00, real=0.02 secs] 
2172.403: [GC (Allocation Failure) [PSYoungGen: 411923K->184044K(465920K)] 1068989K->842364K(1467904K), 0.0201107 secs] [Times: user=0.03 sys=0.00, real=0.02 secs] 
2173.071: [GC (Allocation Failure) [PSYoungGen: 417004K->135631K(465920K)] 1075324K->794216K(1467904K), 0.0173815 secs] [Times: user=0.03 sys=0.00, real=0.02 secs] 
2174.362: [GC (Allocation Failure) [PSYoungGen: 368591K->17345K(465920K)] 1027176K->676251K(1467904K), 0.0043538 secs] [Times: user=0.02 sys=0.00, real=0.00 secs] 
2174.649: [GC (Allocation Failure) [PSYoungGen: 250305K->186389K(465920K)] 909211K->846541K(1467904K), 0.0205497 secs] [Times: user=0.03 sys=0.00, real=0.02 secs] 
2174.990: [GC (Allocation Failure) [PSYoungGen: 419349K->185908K(465920K)] 1079501K->846333K(1467904K), 0.0202941 secs] [Times: user=0.02 sys=0.01, real=0.02 secs] 
2176.165: [GC (Allocation Failure) [PSYoungGen: 418868K->109123K(465920K)] 1079293K->769813K(1467904K), 0.0185881 secs] [Times: user=0.04 sys=0.00, real=0.02 secs] 
2177.703: [GC (Allocation Failure) [PSYoungGen: 342083K->43275K(465920K)] 1002773K->704280K(1467904K), 0.0074599 secs] [Times: user=0.02 sys=0.00, real=0.01 secs] 
2178.001: [GC (Allocation Failure) [PSYoungGen: 276235K->186261K(465920K)] 937240K->848520K(1467904K), 0.0204526 secs] [Times: user=0.03 sys=0.00, real=0.02 secs] 
2178.290: [GC (Allocation Failure) [PSYoungGen: 419221K->185972K(465920K)] 1081480K->848504K(1467904K), 0.0203947 secs] [Times: user=0.03 sys=0.00, real=0.02 secs] 
2180.889: [GC (Allocation Failure) [PSYoungGen: 418932K->66858K(465920K)] 1081464K->729655K(1467904K), 0.0159076 secs] [Times: user=0.03 sys=0.00, real=0.01 secs] 
2182.924: [GC (Allocation Failure) [PSYoungGen: 299818K->68562K(465920K)] 962615K->731673K(1467904K), 0.0098723 secs] [Times: user=0.02 sys=0.00, real=0.01 secs] 
2183.216: [GC (Allocation Failure) [PSYoungGen: 301522K->186357K(465920K)] 964633K->850722K(1467904K), 0.0203052 secs] [Times: user=0.02 sys=0.00, real=0.02 secs] 
2183.500: [GC (Allocation Failure) [PSYoungGen: 419317K->186100K(465920K)] 1083682K->850746K(1467904K), 0.0203129 secs] [Times: user=0.03 sys=0.00, real=0.02 secs] 
2185.910: [GC (Allocation Failure) [PSYoungGen: 419060K->41266K(465920K)] 1083706K->706305K(1467904K), 0.0077858 secs] [Times: user=0.01 sys=0.00, real=0.00 secs] 
2187.047: [GC (Allocation Failure) [PSYoungGen: 274226K->94491K(465920K)] 939265K->759710K(1467904K), 0.0111648 secs] [Times: user=0.02 sys=0.00, real=0.01 secs] 
2187.322: [GC (Allocation Failure) [PSYoungGen: 327451K->186004K(465920K)] 992670K->852476K(1467904K), 0.0202461 secs] [Times: user=0.03 sys=0.00, real=0.02 secs] 
2187.607: [GC (Allocation Failure) [PSYoungGen: 418964K->185908K(465920K)] 1085436K->852653K(1467904K), 0.0202310 secs] [Times: user=0.03 sys=0.00, real=0.02 secs] 
2189.443: [GC (Allocation Failure) [PSYoungGen: 418868K->15947K(465920K)] 1085613K->682957K(1467904K), 0.0047092 secs] [Times: user=0.01 sys=0.00, real=0.00 secs] 
2190.311: [GC (Allocation Failure) [PSYoungGen: 248907K->120196K(465920K)] 915917K->787528K(1467904K), 0.0137037 secs] [Times: user=0.02 sys=0.00, real=0.01 secs] 
2190.590: [GC (Allocation Failure) [PSYoungGen: 353156K->186004K(465920K)] 1020488K->854718K(1467904K), 0.0202731 secs] [Times: user=0.02 sys=0.00, real=0.02 secs] 
2190.932: [GC (Allocation Failure) [PSYoungGen: 418964K->177126K(465920K)] 1087678K->845977K(1467904K), 0.0209695 secs] [Times: user=0.03 sys=0.00, real=0.02 secs] 
2192.053: [GC (Allocation Failure) [PSYoungGen: 410086K->96K(465920K)] 1078937K->670376K(1467904K), 0.0027859 secs] [Times: user=0.01 sys=0.00, real=0.00 secs] 
2192.764: [GC (Allocation Failure) [PSYoungGen: 232990K->144712K(465920K)] 903270K->815000K(1467904K), 0.0162210 secs] [Times: user=0.03 sys=0.00, real=0.02 secs] 
2193.044: [GC (Allocation Failure) [PSYoungGen: 377672K->183819K(465920K)] 1047960K->855361K(1467904K), 0.0200900 secs] [Times: user=0.03 sys=0.00, real=0.02 secs] 
2193.432: [GC (Allocation Failure) [PSYoungGen: 416779K->161899K(465920K)] 1088321K->833715K(1467904K), 0.0173902 secs] [Times: user=0.03 sys=0.00, real=0.02 secs] 
2195.238: [GC (Allocation Failure) [PSYoungGen: 394859K->128K(465920K)] 1066675K->673383K(1467904K), 0.0028568 secs] [Times: user=0.01 sys=0.00, real=0.00 secs] 
2195.976: [GC (Allocation Failure) [PSYoungGen: 233088K->166111K(465920K)] 906343K->839398K(1467904K), 0.0182377 secs] [Times: user=0.02 sys=0.00, real=0.02 secs] 
2196.256: [GC (Allocation Failure) [PSYoungGen: 399071K->184430K(465920K)] 1072358K->858962K(1467904K), 0.0202447 secs] [Times: user=0.03 sys=0.00, real=0.02 secs] 
2196.741: [GC (Allocation Failure) [PSYoungGen: 415214K->139906K(465920K)] 1089747K->814840K(1467904K), 0.0164751 secs] [Times: user=0.02 sys=0.00, real=0.01 secs] 
2198.471: [GC (Allocation Failure) [PSYoungGen: 372822K->1152K(465920K)] 1047756K->676263K(1467904K), 0.0028323 secs] [Times: user=0.01 sys=0.01, real=0.00 secs] 
2198.782: [GC (Allocation Failure) [PSYoungGen: 234112K->183980K(465920K)] 909223K->860208K(1467904K), 0.0201729 secs] [Times: user=0.03 sys=0.00, real=0.02 secs] 
2199.064: [GC (Allocation Failure) [PSYoungGen: 416940K->184366K(465920K)] 1093168K->860996K(1467904K), 0.0200991 secs] [Times: user=0.03 sys=0.00, real=0.02 secs] 
2200.793: [GC (Allocation Failure) [PSYoungGen: 417326K->129205K(465920K)] 1093956K->806100K(1467904K), 0.0367561 secs] [Times: user=0.06 sys=0.00, real=0.04 secs] 
2203.054: [GC (Allocation Failure) [PSYoungGen: 362165K->23097K(465920K)] 1039060K->700171K(1467904K), 0.0058191 secs] [Times: user=0.01 sys=0.00, real=0.01 secs] 
2203.362: [GC (Allocation Failure) [PSYoungGen: 256057K->186389K(465920K)] 933131K->864710K(1467904K), 0.0203591 secs] [Times: user=0.02 sys=0.00, real=0.02 secs] 
2203.706: [GC (Allocation Failure) [PSYoungGen: 419349K->184847K(465920K)] 1097670K->863449K(1467904K), 0.0201892 secs] [Times: user=0.03 sys=0.00, real=0.02 secs] 
2204.417: [GC (Allocation Failure) [PSYoungGen: 417807K->104512K(465920K)] 1096409K->783379K(1467904K), 0.0132484 secs] [Times: user=0.03 sys=0.00, real=0.02 secs] 
2205.253: [GC (Allocation Failure) [PSYoungGen: 337472K->48191K(465920K)] 1016339K->727367K(1467904K), 0.0064715 secs] [Times: user=0.01 sys=0.00, real=0.01 secs] 
2205.581: [GC (Allocation Failure) [PSYoungGen: 281151K->184815K(465920K)] 960327K->865237K(1467904K), 0.0201846 secs] [Times: user=0.02 sys=0.00, real=0.02 secs] 
2205.864: [GC (Allocation Failure) [PSYoungGen: 417775K->183980K(465920K)] 1098197K->864804K(1467904K), 0.0201950 secs] [Times: user=0.03 sys=0.00, real=0.02 secs] 
2206.607: [GC (Allocation Failure) [PSYoungGen: 416940K->65348K(465920K)] 1097764K->746308K(1467904K), 0.0103783 secs] [Times: user=0.02 sys=0.00, real=0.01 secs] 
2207.373: [GC (Allocation Failure) [PSYoungGen: 298308K->71068K(465920K)] 979268K->752342K(1467904K), 0.0087852 secs] [Times: user=0.01 sys=0.00, real=0.01 secs] 
2207.706: [GC (Allocation Failure) [PSYoungGen: 304028K->184815K(465920K)] 985302K->867343K(1467904K), 0.0202019 secs] [Times: user=0.03 sys=0.00, real=0.02 secs] 
2208.050: [GC (Allocation Failure) [PSYoungGen: 417775K->183916K(465920K)] 1100303K->866724K(1467904K), 0.0205378 secs] [Times: user=0.03 sys=0.00, real=0.02 secs] 
2209.535: [GC (Allocation Failure) [PSYoungGen: 416876K->42567K(465920K)] 1099684K->725641K(1467904K), 0.0099789 secs] [Times: user=0.03 sys=0.00, real=0.01 secs] 
2210.864: [GC (Allocation Failure) [PSYoungGen: 275527K->93334K(465920K)] 958601K->776730K(1467904K), 0.0109511 secs] [Times: user=0.01 sys=0.01, real=0.01 secs] 
2211.196: [GC (Allocation Failure) [PSYoungGen: 326294K->184044K(465920K)] 1009690K->868814K(1467904K), 0.0200817 secs] [Times: user=0.03 sys=0.00, real=0.02 secs] 
2211.478: [GC (Allocation Failure) [PSYoungGen: 417004K->184494K(465920K)] 1101774K->869408K(1467904K), 0.0201687 secs] [Times: user=0.03 sys=0.00, real=0.02 secs] 
2213.510: [GC (Allocation Failure) [PSYoungGen: 417454K->20413K(465920K)] 1102368K->705721K(1467904K), 0.0048942 secs] [Times: user=0.01 sys=0.00, real=0.00 secs] 
2214.152: [GC (Allocation Failure) [PSYoungGen: 253373K->115472K(465920K)] 938681K->800973K(1467904K), 0.0133050 secs] [Times: user=0.02 sys=0.00, real=0.01 secs] 
2214.427: [GC (Allocation Failure) [PSYoungGen: 348432K->184173K(465920K)] 1033933K->870935K(1467904K), 0.0200080 secs] [Times: user=0.03 sys=0.00, real=0.02 secs] 
2214.815: [GC (Allocation Failure) [PSYoungGen: 417133K->182753K(465920K)] 1103895K->869781K(1467904K), 0.0229663 secs] [Times: user=0.03 sys=0.00, real=0.02 secs] 
2217.034: [GC (Allocation Failure) [PSYoungGen: 415713K->64K(465920K)] 1102741K->688539K(1467904K), 0.0027095 secs] [Times: user=0.01 sys=0.00, real=0.00 secs] 
2217.569: [GC (Allocation Failure) [PSYoungGen: 233024K->137064K(465920K)] 921499K->825555K(1467904K), 0.0153291 secs] [Times: user=0.02 sys=0.00, real=0.01 secs] 
2217.848: [GC (Allocation Failure) [PSYoungGen: 370024K->184237K(465920K)] 1058515K->874110K(1467904K), 0.0204413 secs] [Times: user=0.03 sys=0.00, real=0.02 secs] 
2218.729: [GC (Allocation Failure) [PSYoungGen: 417197K->165129K(465920K)] 1107070K->855139K(1467904K), 0.0356553 secs] [Times: user=0.05 sys=0.00, real=0.03 secs] 
2221.697: [GC (Allocation Failure) [PSYoungGen: 398089K->96K(465920K)] 1088099K->691541K(1467904K), 0.0039067 secs] [Times: user=0.02 sys=0.00, real=0.01 secs] 
2222.368: [GC (Allocation Failure) [PSYoungGen: 233056K->158785K(465920K)] 924501K->850254K(1467904K), 0.0176523 secs] [Times: user=0.03 sys=0.00, real=0.01 secs] 
2222.651: [GC (Allocation Failure) [PSYoungGen: 391745K->184333K(465920K)] 1083214K->877185K(1467904K), 0.0202782 secs] [Times: user=0.03 sys=0.00, real=0.02 secs] 
2223.402: [GC (Allocation Failure) [PSYoungGen: 417293K->147344K(465920K)] 1110145K->840332K(1467904K), 0.0193112 secs] [Times: user=0.03 sys=0.00, real=0.02 secs] 
2225.436: [GC (Allocation Failure) [PSYoungGen: 380304K->96K(465920K)] 1073292K->694526K(1467904K), 0.0026916 secs] [Times: user=0.01 sys=0.01, real=0.01 secs] 
2225.799: [GC (Allocation Failure) [PSYoungGen: 233056K->180248K(465920K)] 927486K->874710K(1467904K), 0.0197071 secs] [Times: user=0.03 sys=0.00, real=0.02 secs] 
2226.086: [GC (Allocation Failure) [PSYoungGen: 413208K->184173K(465920K)] 1107670K->879889K(1467904K), 0.0201558 secs] [Times: user=0.03 sys=0.00, real=0.02 secs] 
2226.662: [GC (Allocation Failure) [PSYoungGen: 417133K->134201K(465920K)] 1112849K->830319K(1467904K), 0.0172159 secs] [Times: user=0.03 sys=0.00, real=0.02 secs] 
2227.656: [GC (Allocation Failure) [PSYoungGen: 367161K->18823K(465920K)] 1063279K->715126K(1467904K), 0.0041951 secs] [Times: user=0.02 sys=0.00, real=0.01 secs] 
2228.014: [GC (Allocation Failure) [PSYoungGen: 251783K->184205K(465920K)] 948086K->881761K(1467904K), 0.0200490 secs] [Times: user=0.03 sys=0.00, real=0.02 secs] 
2228.354: [GC (Allocation Failure) [PSYoungGen: 417165K->183980K(465920K)] 1114721K->881817K(1467904K), 0.0201903 secs] [Times: user=0.03 sys=0.00, real=0.02 secs] 
2230.928: [GC (Allocation Failure) [PSYoungGen: 416940K->111870K(465920K)] 1114777K->810101K(1467904K), 0.0223611 secs] [Times: user=0.05 sys=0.00, real=0.02 secs] 
2232.525: [GC (Allocation Failure) [PSYoungGen: 344830K->40444K(465920K)] 1043061K->738844K(1467904K), 0.0081797 secs] [Times: user=0.02 sys=0.00, real=0.01 secs] 
2232.908: [GC (Allocation Failure) [PSYoungGen: 273404K->183658K(465920K)] 971804K->883312K(1467904K), 0.0202743 secs] [Times: user=0.02 sys=0.01, real=0.02 secs] 
2233.193: [GC (Allocation Failure) [PSYoungGen: 416618K->184269K(465920K)] 1116272K->884196K(1467904K), 0.0202891 secs] [Times: user=0.02 sys=0.00, real=0.02 secs] 
2234.985: [GC (Allocation Failure) [PSYoungGen: 417229K->73943K(465920K)] 1117156K->774135K(1467904K), 0.0174102 secs] [Times: user=0.03 sys=0.00, real=0.02 secs] 
2236.651: [GC (Allocation Failure) [PSYoungGen: 306903K->62454K(465920K)] 1007095K->762955K(1467904K), 0.0080827 secs] [Times: user=0.02 sys=0.00, real=0.01 secs] 
2236.924: [GC (Allocation Failure) [PSYoungGen: 295414K->186518K(465920K)] 995915K->888265K(1467904K), 0.0203804 secs] [Times: user=0.02 sys=0.00, real=0.02 secs] 
2237.270: [GC (Allocation Failure) [PSYoungGen: 419478K->186132K(465920K)] 1121225K->888161K(1467904K), 0.0204189 secs] [Times: user=0.03 sys=0.00, real=0.02 secs] 
2239.072: [GC (Allocation Failure) [PSYoungGen: 419092K->47322K(465920K)] 1121121K->749616K(1467904K), 0.0093843 secs] [Times: user=0.02 sys=0.00, real=0.01 secs] 
2240.264: [GC (Allocation Failure) [PSYoungGen: 280282K->89158K(465920K)] 982576K->791772K(1467904K), 0.0129092 secs] [Times: user=0.03 sys=0.00, real=0.01 secs] 
2240.561: [GC (Allocation Failure) [PSYoungGen: 322118K->185972K(465920K)] 1024732K->889832K(1467904K), 0.0203899 secs] [Times: user=0.03 sys=0.00, real=0.02 secs] 
2240.854: [GC (Allocation Failure) [PSYoungGen: 418932K->185940K(465920K)] 1122792K->890074K(1467904K), 0.0203916 secs] [Times: user=0.02 sys=0.00, real=0.02 secs] 
2242.144: [GC (Allocation Failure) [PSYoungGen: 418900K->21264K(465920K)] 1123034K->725791K(1467904K), 0.0058794 secs] [Times: user=0.02 sys=0.00, real=0.01 secs] 
2242.986: [GC (Allocation Failure) [PSYoungGen: 254224K->115440K(465920K)] 958751K->820153K(1467904K), 0.0132120 secs] [Times: user=0.02 sys=0.00, real=0.02 secs] 
2243.264: [GC (Allocation Failure) [PSYoungGen: 348400K->184333K(465920K)] 1053113K->890291K(1467904K), 0.0201690 secs] [Times: user=0.02 sys=0.00, real=0.02 secs] 
2243.624: [GC (Allocation Failure) [PSYoungGen: 417293K->183025K(465920K)] 1123251K->889256K(1467904K), 0.0218808 secs] [Times: user=0.03 sys=0.00, real=0.02 secs] 
2244.711: [GC (Allocation Failure) [PSYoungGen: 415985K->96K(465920K)] 1122216K->707765K(1467904K), 0.0036346 secs] [Times: user=0.02 sys=0.00, real=0.00 secs] 
2245.188: [GC (Allocation Failure) [PSYoungGen: 233056K->139603K(465920K)] 940725K->847304K(1467904K), 0.0156336 secs] [Times: user=0.02 sys=0.00, real=0.01 secs] 
2245.466: [GC (Allocation Failure) [PSYoungGen: 372563K->184333K(465920K)] 1080264K->893288K(1467904K), 0.0201489 secs] [Times: user=0.02 sys=0.00, real=0.02 secs] 
2245.924: [GC (Allocation Failure) [PSYoungGen: 417065K->162446K(465920K)] 1126020K->871666K(1467904K), 0.0206266 secs] [Times: user=0.03 sys=0.00, real=0.02 secs] 
2247.582: [GC (Allocation Failure) [PSYoungGen: 395406K->96K(465920K)] 1104626K->710761K(1467904K), 0.0031294 secs] [Times: user=0.01 sys=0.00, real=0.00 secs] 
2248.111: [GC (Allocation Failure) [PSYoungGen: 233056K->161580K(465920K)] 943721K->872262K(1467904K), 0.0179805 secs] [Times: user=0.03 sys=0.00, real=0.02 secs] 
2248.396: [GC (Allocation Failure) [PSYoungGen: 394540K->184719K(465920K)] 1105222K->896774K(1467904K), 0.0217322 secs] [Times: user=0.03 sys=0.01, real=0.02 secs] 
2249.416: [GC (Allocation Failure) [PSYoungGen: 417679K->144147K(465920K)] 1129734K->856476K(1467904K), 0.0414787 secs] [Times: user=0.07 sys=0.00, real=0.04 secs] 
2250.881: [GC (Allocation Failure) [PSYoungGen: 377107K->96K(465920K)] 1089436K->712609K(1467904K), 0.0025218 secs] [Times: user=0.01 sys=0.00, real=0.00 secs] 
2251.162: [GC (Allocation Failure) [PSYoungGen: 233056K->184264K(465920K)] 945569K->896810K(1467904K), 0.0200055 secs] [Times: user=0.03 sys=0.00, real=0.02 secs] 
2251.444: [GC (Allocation Failure) [PSYoungGen: 417224K->184462K(465920K)] 1129770K->898261K(1467904K), 0.0203359 secs] [Times: user=0.03 sys=0.00, real=0.02 secs] 
2252.503: [GC (Allocation Failure) [PSYoungGen: 417422K->129992K(465920K)] 1131221K->844057K(1467904K), 0.0334830 secs] [Times: user=0.07 sys=0.00, real=0.03 secs] 
2255.773: [GC (Allocation Failure) [PSYoungGen: 362952K->22229K(465920K)] 1077017K->736607K(1467904K), 0.0066920 secs] [Times: user=0.02 sys=0.00, real=0.01 secs] 
2256.117: [GC (Allocation Failure) [PSYoungGen: 255189K->184430K(465920K)] 969567K->900070K(1467904K), 0.0203043 secs] [Times: user=0.03 sys=0.00, real=0.02 secs] 
2256.405: [GC (Allocation Failure) [PSYoungGen: 417390K->184333K(465920K)] 1133030K->900375K(1467904K), 0.0201895 secs] [Times: user=0.03 sys=0.00, real=0.02 secs] 
2257.073: [GC (Allocation Failure) [PSYoungGen: 417293K->107870K(465920K)] 1133335K->824048K(1467904K), 0.0126752 secs] [Times: user=0.02 sys=0.00, real=0.01 secs] 
2258.360: [GC (Allocation Failure) [PSYoungGen: 340830K->44946K(465920K)] 1057008K->761445K(1467904K), 0.0071649 secs] [Times: user=0.02 sys=0.00, real=0.00 secs] 
2258.640: [GC (Allocation Failure) [PSYoungGen: 277906K->184173K(465920K)] 994405K->901918K(1467904K), 0.0202354 secs] [Times: user=0.03 sys=0.00, real=0.02 secs] 
2258.984: [GC (Allocation Failure) [PSYoungGen: 417133K->184622K(465920K)] 1134878K->902641K(1467904K), 0.0203247 secs] [Times: user=0.03 sys=0.00, real=0.02 secs] 
2259.978: [GC (Allocation Failure) [PSYoungGen: 417582K->68657K(465920K)] 1135601K->786949K(1467904K), 0.0118552 secs] [Times: user=0.03 sys=0.00, real=0.01 secs] 
2261.542: [GC (Allocation Failure) [PSYoungGen: 301617K->67405K(465920K)] 1019909K->786004K(1467904K), 0.0101381 secs] [Times: user=0.02 sys=0.00, real=0.01 secs] 
2261.904: [GC (Allocation Failure) [PSYoungGen: 300365K->184462K(465920K)] 1018964K->904306K(1467904K), 0.0203218 secs] [Times: user=0.03 sys=0.00, real=0.02 secs] 
2262.246: [GC (Allocation Failure) [PSYoungGen: 417422K->184237K(465920K)] 1137266K->904355K(1467904K), 0.0203336 secs] [Times: user=0.03 sys=0.00, real=0.02 secs] 
2263.086: [GC (Allocation Failure) [PSYoungGen: 417197K->46198K(465920K)] 1137315K->766581K(1467904K), 0.0079814 secs] [Times: user=0.02 sys=0.00, real=0.01 secs] 
2263.761: [GC (Allocation Failure) [PSYoungGen: 279158K->90250K(465920K)] 999541K->810946K(1467904K), 0.0106814 secs] [Times: user=0.01 sys=0.00, real=0.01 secs] 
2264.033: [GC (Allocation Failure) [PSYoungGen: 323210K->184140K(465920K)] 1043906K->906082K(1467904K), 0.0201109 secs] [Times: user=0.03 sys=0.00, real=0.02 secs] 
2264.377: [GC (Allocation Failure) [PSYoungGen: 417100K->184044K(465920K)] 1139042K->906291K(1467904K), 0.0201383 secs] [Times: user=0.03 sys=0.00, real=0.02 secs] 
2265.243: [GC (Allocation Failure) [PSYoungGen: 417004K->24028K(465920K)] 1139251K->746540K(1467904K), 0.0050053 secs] [Times: user=0.01 sys=0.00, real=0.00 secs] 
2265.919: [GC (Allocation Failure) [PSYoungGen: 256988K->112195K(465920K)] 979500K->835008K(1467904K), 0.0130573 secs] [Times: user=0.02 sys=0.00, real=0.01 secs] 
2266.255: [GC (Allocation Failure) [PSYoungGen: 345155K->184205K(465920K)] 1067968K->908271K(1467904K), 0.0204184 secs] [Times: user=0.03 sys=0.00, real=0.02 secs] 
2266.596: [GC (Allocation Failure) [PSYoungGen: 417165K->184526K(465920K)] 1141231K->908865K(1467904K), 0.0202156 secs] [Times: user=0.03 sys=0.00, real=0.02 secs] 
2267.928: [GC (Allocation Failure) [PSYoungGen: 417486K->1440K(465920K)] 1141825K->725923K(1467904K), 0.0034074 secs] [Times: user=0.01 sys=0.00, real=0.00 secs] 
2268.723: [GC (Allocation Failure) [PSYoungGen: 234400K->134526K(465920K)] 958883K->859195K(1467904K), 0.0153596 secs] [Times: user=0.02 sys=0.00, real=0.01 secs] 
2269.000: [GC (Allocation Failure) [PSYoungGen: 367486K->184301K(465920K)] 1092155K->910215K(1467904K), 0.0201693 secs] [Times: user=0.03 sys=0.00, real=0.02 secs] 
2269.514: [GC (Allocation Failure) [PSYoungGen: 417261K->167411K(465920K)] 1143175K->893590K(1467904K), 0.0286480 secs] [Times: user=0.04 sys=0.00, real=0.03 secs] 
2272.118: [GC (Allocation Failure) [PSYoungGen: 400371K->64K(465920K)] 1126550K->727691K(1467904K), 0.0039173 secs] [Times: user=0.02 sys=0.00, real=0.01 secs] 
2272.999: [GC (Allocation Failure) [PSYoungGen: 233024K->158750K(465920K)] 960651K->886393K(1467904K), 0.0174468 secs] [Times: user=0.02 sys=0.00, real=0.01 secs] 
2273.290: [GC (Allocation Failure) [PSYoungGen: 391710K->186132K(465920K)] 1119353K->915013K(1467904K), 0.0210328 secs] [Times: user=0.03 sys=0.00, real=0.02 secs] 
2274.110: [GC (Allocation Failure) [PSYoungGen: 419092K->145545K(465920K)] 1147973K->874699K(1467904K), 0.0252563 secs] [Times: user=0.03 sys=0.00, real=0.02 secs] 
2275.323: [GC (Allocation Failure) [PSYoungGen: 378505K->96K(465920K)] 1107659K->730680K(1467904K), 0.0026477 secs] [Times: user=0.01 sys=0.00, real=0.00 secs] 
2275.662: [GC (Allocation Failure) [PSYoungGen: 233056K->185903K(465920K)] 963640K->916504K(1467904K), 0.0203450 secs] [Times: user=0.03 sys=0.00, real=0.02 secs] 
2276.010: [GC (Allocation Failure) [PSYoungGen: 418863K->185843K(465920K)] 1149464K->917697K(1467904K), 0.0204234 secs] [Times: user=0.03 sys=0.00, real=0.02 secs] 
2279.004: [GC (Allocation Failure) [PSYoungGen: 418803K->126907K(465920K)] 1150657K->859035K(1467904K), 0.0255755 secs] [Times: user=0.04 sys=0.00, real=0.03 secs] 
2280.200: [GC (Allocation Failure) [PSYoungGen: 359867K->26663K(465920K)] 1091995K->759104K(1467904K), 0.0045795 secs] [Times: user=0.01 sys=0.00, real=0.00 secs] 
2280.470: [GC (Allocation Failure) [PSYoungGen: 259623K->185747K(465920K)] 992064K->919441K(1467904K), 0.0204953 secs] [Times: user=0.03 sys=0.00, real=0.02 secs] 
2280.812: [GC (Allocation Failure) [PSYoungGen: 418707K->184430K(465920K)] 1152401K->918397K(1467904K), 0.0201797 secs] [Times: user=0.03 sys=0.00, real=0.02 secs] 
2281.440: [GC (Allocation Failure) [PSYoungGen: 417390K->85510K(465920K)] 1151357K->819871K(1467904K), 0.0126778 secs] [Times: user=0.02 sys=0.00, real=0.01 secs] 
2282.493: [GC (Allocation Failure) [PSYoungGen: 318470K->51854K(465920K)] 1052831K->786396K(1467904K), 0.0079440 secs] [Times: user=0.02 sys=0.00, real=0.01 secs] 
2282.772: [GC (Allocation Failure) [PSYoungGen: 284814K->186261K(465920K)] 1019356K->922049K(1467904K), 0.0205371 secs] [Times: user=0.03 sys=0.00, real=0.02 secs] 
2283.056: [GC (Allocation Failure) [PSYoungGen: 419221K->185843K(465920K)] 1155009K->922041K(1467904K), 0.0204281 secs] [Times: user=0.02 sys=0.00, real=0.02 secs] 
2283.932: [GC (Allocation Failure) [PSYoungGen: 418803K->58407K(465920K)] 1155001K->794750K(1467904K), 0.0106625 secs] [Times: user=0.02 sys=0.00, real=0.01 secs] 
2285.045: [GC (Allocation Failure) [PSYoungGen: 291367K->78519K(465920K)] 1027710K->815188K(1467904K), 0.0095508 secs] [Times: user=0.01 sys=0.00, real=0.01 secs] 
2285.319: [GC (Allocation Failure) [PSYoungGen: 311479K->186261K(465920K)] 1048148K->924183K(1467904K), 0.0203858 secs] [Times: user=0.03 sys=0.00, real=0.02 secs] 
2285.606: [GC (Allocation Failure) [PSYoungGen: 419221K->184430K(465920K)] 1157143K->922633K(1467904K), 0.0202093 secs] [Times: user=0.03 sys=0.00, real=0.02 secs] 
2287.404: [GC (Allocation Failure) [PSYoungGen: 417390K->33153K(465920K)] 1155593K->771749K(1467904K), 0.0080666 secs] [Times: user=0.02 sys=0.00, real=0.01 secs] 
2289.290: [GC (Allocation Failure) [PSYoungGen: 266113K->103260K(465920K)] 1004709K->842034K(1467904K), 0.0120180 secs] [Times: user=0.02 sys=0.00, real=0.01 secs] 
2289.621: [GC (Allocation Failure) [PSYoungGen: 336220K->186132K(465920K)] 1074994K->926160K(1467904K), 0.0203394 secs] [Times: user=0.03 sys=0.00, real=0.02 secs] 
2289.905: [GC (Allocation Failure) [PSYoungGen: 419092K->186004K(465920K)] 1159120K->926441K(1467904K), 0.0202874 secs] [Times: user=0.03 sys=0.00, real=0.02 secs] 
2290.870: [GC (Allocation Failure) [PSYoungGen: 418964K->7095K(465920K)] 1159401K->747797K(1467904K), 0.0032442 secs] [Times: user=0.02 sys=0.00, real=0.00 secs] 
2291.461: [GC (Allocation Failure) [PSYoungGen: 240055K->129578K(465920K)] 980757K->870477K(1467904K), 0.0146429 secs] [Times: user=0.02 sys=0.00, real=0.01 secs] 
2291.801: [GC (Allocation Failure) [PSYoungGen: 362538K->186518K(465920K)] 1103437K->928671K(1467904K), 0.0203924 secs] [Times: user=0.02 sys=0.00, real=0.02 secs] 
2293.365: [GC (Allocation Failure) [PSYoungGen: 419478K->170254K(465920K)] 1161631K->912801K(1467904K), 0.0344198 secs] [Times: user=0.05 sys=0.00, real=0.04 secs] 
2295.329: [GC (Allocation Failure) [PSYoungGen: 403214K->96K(465920K)] 1145761K->743967K(1467904K), 0.0035417 secs] [Times: user=0.02 sys=0.00, real=0.00 secs] 
2296.108: [GC (Allocation Failure) [PSYoungGen: 233056K->156115K(465920K)] 976927K->900027K(1467904K), 0.0173468 secs] [Times: user=0.03 sys=0.00, real=0.02 secs] 
2296.442: [GC (Allocation Failure) [PSYoungGen: 389075K->184719K(465920K)] 1132987K->929884K(1467904K), 0.0202613 secs] [Times: user=0.03 sys=0.00, real=0.02 secs] 
2297.335: [GC (Allocation Failure) [PSYoungGen: 417679K->149690K(465920K)] 1162844K->895249K(1467904K), 0.0411233 secs] [Times: user=0.07 sys=0.00, real=0.04 secs] 
2299.479: [GC (Allocation Failure) [PSYoungGen: 382650K->96K(465920K)] 1128209K->746966K(1467904K), 0.0057528 secs] [Times: user=0.02 sys=0.00, real=0.00 secs] 
2299.982: [GC (Allocation Failure) [PSYoungGen: 233056K->180794K(465920K)] 979926K->927697K(1467904K), 0.0199078 secs] [Times: user=0.03 sys=0.00, real=0.02 secs] 
2300.266: [GC (Allocation Failure) [PSYoungGen: 413754K->186229K(465920K)] 1160657K->934377K(1467904K), 0.0204111 secs] [Times: user=0.03 sys=0.00, real=0.02 secs] 
2300.968: [GC (Allocation Failure) [PSYoungGen: 419189K->131631K(465920K)] 1167337K->880044K(1467904K), 0.0178240 secs] [Times: user=0.03 sys=0.00, real=0.02 secs] 
2301.909: [GC (Allocation Failure) [PSYoungGen: 364591K->21294K(465920K)] 1113004K->770023K(1467904K), 0.0046660 secs] [Times: user=0.01 sys=0.00, real=0.00 secs] 
2302.181: [GC (Allocation Failure) [PSYoungGen: 254254K->186261K(465920K)] 1002983K->936243K(1467904K), 0.0206261 secs] [Times: user=0.03 sys=0.00, real=0.02 secs] 
2302.471: [GC (Allocation Failure) [PSYoungGen: 419221K->186004K(465920K)] 1169203K->936259K(1467904K), 0.0206342 secs] [Times: user=0.02 sys=0.00, real=0.02 secs] 
2303.092: [GC (Allocation Failure) [PSYoungGen: 418964K->105300K(465920K)] 1169219K->855828K(1467904K), 0.0129842 secs] [Times: user=0.03 sys=0.00, real=0.01 secs] 
2303.911: [GC (Allocation Failure) [PSYoungGen: 338260K->47580K(465920K)] 1088788K->798424K(1467904K), 0.0065324 secs] [Times: user=0.01 sys=0.00, real=0.00 secs] 
2304.181: [GC (Allocation Failure) [PSYoungGen: 280540K->184719K(465920K)] 1031384K->936824K(1467904K), 0.0224677 secs] [Times: user=0.03 sys=0.00, real=0.02 secs] 
2304.543: [GC (Allocation Failure) [PSYoungGen: 417679K->186454K(465920K)] 1169784K->938833K(1467904K), 0.0203698 secs] [Times: user=0.03 sys=0.00, real=0.02 secs] 
2305.852: [GC (Allocation Failure) [PSYoungGen: 419414K->63645K(465920K)] 1171793K->816297K(1467904K), 0.0193815 secs] [Times: user=0.04 sys=0.00, real=0.02 secs] 
2306.870: [GC (Allocation Failure) [PSYoungGen: 296605K->73539K(465920K)] 1049257K->826512K(1467904K), 0.0090681 secs] [Times: user=0.02 sys=0.00, real=0.01 secs] 
2307.201: [GC (Allocation Failure) [PSYoungGen: 306499K->184462K(465920K)] 1059472K->938681K(1467904K), 0.0202531 secs] [Times: user=0.02 sys=0.00, real=0.02 secs] 
2307.490: [GC (Allocation Failure) [PSYoungGen: 417422K->186357K(465920K)] 1171641K->940858K(1467904K), 0.0204900 secs] [Times: user=0.02 sys=0.00, real=0.02 secs] 
2309.093: [GC (Allocation Failure) [PSYoungGen: 419317K->38037K(465920K)] 1173818K->792802K(1467904K), 0.0072647 secs] [Times: user=0.02 sys=0.00, real=0.01 secs] 
2309.940: [GC (Allocation Failure) [PSYoungGen: 270997K->98890K(465920K)] 1025762K->853987K(1467904K), 0.0116161 secs] [Times: user=0.02 sys=0.00, real=0.01 secs] 
2310.216: [GC (Allocation Failure) [PSYoungGen: 331850K->186004K(465920K)] 1086947K->942355K(1467904K), 0.0204053 secs] [Times: user=0.02 sys=0.00, real=0.02 secs] 
2310.499: [GC (Allocation Failure) [PSYoungGen: 418964K->184526K(465920K)] 1175315K->941150K(1467904K), 0.0201967 secs] [Times: user=0.02 sys=0.00, real=0.02 secs] 
2312.035: [GC (Allocation Failure) [PSYoungGen: 417486K->13007K(465920K)] 1174110K->769896K(1467904K), 0.0078254 secs] [Times: user=0.03 sys=0.00, real=0.01 secs] 
2313.203: [GC (Allocation Failure) [PSYoungGen: 245967K->123666K(465920K)] 1002856K->880861K(1467904K), 0.0141253 secs] [Times: user=0.02 sys=0.00, real=0.01 secs] 
2313.485: [GC (Allocation Failure) [PSYoungGen: 356626K->186261K(465920K)] 1113821K->944701K(1467904K), 0.0206319 secs] [Times: user=0.03 sys=0.00, real=0.02 secs] 
2313.863: [GC (Allocation Failure) [PSYoungGen: 419221K->174375K(465920K)] 1177661K->933217K(1467904K), 0.0217410 secs] [Times: user=0.04 sys=0.00, real=0.02 secs] 
2315.066: [GC (Allocation Failure) [PSYoungGen: 407335K->64K(465920K)] 1166177K->760217K(1467904K), 0.0023662 secs] [Times: user=0.01 sys=0.00, real=0.00 secs] 
2315.874: [GC (Allocation Failure) [PSYoungGen: 233024K->148211K(465920K)] 993177K->908372K(1467904K), 0.0166888 secs] [Times: user=0.03 sys=0.00, real=0.02 secs] 
2316.152: [GC (Allocation Failure) [PSYoungGen: 381171K->184076K(465920K)] 1141332K->945491K(1467904K), 0.0202172 secs] [Times: user=0.03 sys=0.00, real=0.02 secs] 
2317.519: [GC (Allocation Failure) [PSYoungGen: 417036K->158172K(465920K)] 1178451K->919860K(1467904K), 0.0444397 secs] [Times: user=0.06 sys=0.00, real=0.04 secs] 
2319.921: [GC (Allocation Failure) [PSYoungGen: 391132K->64K(465920K)] 1152820K->763183K(1467904K), 0.0034215 secs] [Times: user=0.01 sys=0.00, real=0.00 secs] 
2320.289: [GC (Allocation Failure) [PSYoungGen: 233024K->170866K(465920K)] 996143K->934009K(1467904K), 0.0189705 secs] [Times: user=0.03 sys=0.00, real=0.02 secs] 
2320.574: [GC (Allocation Failure) [PSYoungGen: 403826K->186389K(465920K)] 1166969K->950787K(1467904K), 0.0206165 secs] [Times: user=0.03 sys=0.00, real=0.02 secs] 
2321.370: [GC (Allocation Failure) [PSYoungGen: 419349K->141399K(465920K)] 1183747K->906061K(1467904K), 0.0189546 secs] [Times: user=0.03 sys=0.00, real=0.02 secs] 
2323.804: [GC (GCLocker Initiated GC) [PSYoungGen: 374359K->11240K(465920K)] 1139021K->776216K(1467904K), 0.0052801 secs] [Times: user=0.02 sys=0.00, real=0.01 secs] 
2324.201: [GC (Allocation Failure) [PSYoungGen: 244200K->184301K(465920K)] 1010301K->951632K(1467904K), 0.0204145 secs] [Times: user=0.02 sys=0.00, real=0.02 secs] 
2324.489: [GC (Allocation Failure) [PSYoungGen: 417261K->186229K(465920K)] 1184592K->953712K(1467904K), 0.0205683 secs] [Times: user=0.03 sys=0.00, real=0.02 secs] 
2325.430: [GC (Allocation Failure) [PSYoungGen: 419189K->116063K(465920K)] 1186672K->883715K(1467904K), 0.0186920 secs] [Times: user=0.03 sys=0.00, real=0.02 secs] 
2327.365: [GC (Allocation Failure) [PSYoungGen: 349023K->37331K(465920K)] 1116675K->805282K(1467904K), 0.0076806 secs] [Times: user=0.02 sys=0.00, real=0.01 secs] 
2327.674: [GC (Allocation Failure) [PSYoungGen: 270291K->185843K(465920K)] 1038242K->955048K(1467904K), 0.0205734 secs] [Times: user=0.03 sys=0.00, real=0.02 secs] 
2328.016: [GC (Allocation Failure) [PSYoungGen: 418803K->185875K(465920K)] 1188008K->955490K(1467904K), 0.0205302 secs] [Times: user=0.03 sys=0.00, real=0.02 secs] 
2329.147: [GC (Allocation Failure) [PSYoungGen: 418835K->73348K(465920K)] 1188450K->843107K(1467904K), 0.0124247 secs] [Times: user=0.03 sys=0.00, real=0.02 secs] 
2331.388: [GC (Allocation Failure) [PSYoungGen: 306308K->63549K(465920K)] 1076067K->833622K(1467904K), 0.0097618 secs] [Times: user=0.02 sys=0.00, real=0.01 secs] 
2331.749: [GC (Allocation Failure) [PSYoungGen: 296509K->185715K(465920K)] 1066582K->957025K(1467904K), 0.0205981 secs] [Times: user=0.03 sys=0.00, real=0.02 secs] 
2332.032: [GC (Allocation Failure) [PSYoungGen: 418675K->184398K(465920K)] 1189985K->955981K(1467904K), 0.0203285 secs] [Times: user=0.03 sys=0.00, real=0.02 secs] 
2333.175: [GC (Allocation Failure) [PSYoungGen: 417358K->48592K(465920K)] 1188941K->820569K(1467904K), 0.0084684 secs] [Times: user=0.02 sys=0.00, real=0.01 secs] 
2335.007: [GC (Allocation Failure) [PSYoungGen: 281552K->87805K(465920K)] 1053529K->859975K(1467904K), 0.0134330 secs] [Times: user=0.03 sys=0.00, real=0.02 secs] 
2335.294: [GC (Allocation Failure) [PSYoungGen: 320765K->186004K(465920K)] 1092935K->959556K(1467904K), 0.0204524 secs] [Times: user=0.03 sys=0.00, real=0.02 secs] 
2335.577: [GC (Allocation Failure) [PSYoungGen: 418964K->184590K(465920K)] 1192516K->958295K(1467904K), 0.0202865 secs] [Times: user=0.02 sys=0.00, real=0.02 secs] 
2337.395: [GC (Allocation Failure) [PSYoungGen: 417550K->24076K(465920K)] 1191255K->798046K(1467904K), 0.0061339 secs] [Times: user=0.02 sys=0.00, real=0.01 secs] 
2338.073: [GC (Allocation Failure) [PSYoungGen: 257036K->112227K(465920K)] 1031006K->886507K(1467904K), 0.0129589 secs] [Times: user=0.02 sys=0.00, real=0.01 secs] 
2338.351: [GC (Allocation Failure) [PSYoungGen: 345187K->184173K(465920K)] 1119467K->959698K(1467904K), 0.0212263 secs] [Times: user=0.03 sys=0.00, real=0.02 secs] 
2338.638: [GC (Allocation Failure) [PSYoungGen: 417133K->184558K(465920K)] 1192658K->960365K(1467904K), 0.0203524 secs] [Times: user=0.03 sys=0.00, real=0.02 secs] 
2339.578: [GC (Allocation Failure) [PSYoungGen: 417518K->1408K(465920K)] 1193325K->777608K(1467904K), 0.0039390 secs] [Times: user=0.02 sys=0.00, real=0.01 secs] 
2340.089: [GC (Allocation Failure) [PSYoungGen: 234368K->134941K(465920K)] 1010568K->911319K(1467904K), 0.0153247 secs] [Times: user=0.03 sys=0.00, real=0.01 secs] 
2340.427: [GC (Allocation Failure) [PSYoungGen: 367901K->184333K(465920K)] 1144279K->961964K(1467904K), 0.0203646 secs] [Times: user=0.03 sys=0.00, real=0.02 secs] 
2340.815: [GC (Allocation Failure) [PSYoungGen: 417293K->167025K(465920K)] 1194924K->944921K(1467904K), 0.0183479 secs] [Times: user=0.03 sys=0.00, real=0.02 secs] 
2341.749: [GC (Allocation Failure) [PSYoungGen: 399985K->96K(465920K)] 1177881K->779410K(1467904K), 0.0037119 secs] [Times: user=0.02 sys=0.01, real=0.00 secs] 
2342.158: [GC (Allocation Failure) [PSYoungGen: 233056K->157468K(465920K)] 1012370K->936790K(1467904K), 0.0175194 secs] [Times: user=0.03 sys=0.00, real=0.01 secs] 
2342.500: [GC (Allocation Failure) [PSYoungGen: 390428K->184301K(465920K)] 1169750K->964869K(1467904K), 0.0203489 secs] [Times: user=0.03 sys=0.00, real=0.02 secs] 
2343.162: [GC (Allocation Failure) [PSYoungGen: 417261K->148597K(465920K)] 1197829K->929439K(1467904K), 0.0201160 secs] [Times: user=0.03 sys=0.00, real=0.02 secs] 
2344.801: [GC (Allocation Failure) [PSYoungGen: 381557K->64K(465920K)] 1162399K->782343K(1467904K), 0.0034917 secs] [Times: user=0.02 sys=0.00, real=0.00 secs] 
2345.224: [GC (Allocation Failure) [PSYoungGen: 233024K->179606K(465920K)] 1015303K->961909K(1467904K), 0.0250304 secs] [Times: user=0.05 sys=0.00, real=0.03 secs] 
2345.518: [GC (Allocation Failure) [PSYoungGen: 412566K->184462K(465920K)] 1194869K->968018K(1467904K), 0.0204107 secs] [Times: user=0.03 sys=0.00, real=0.02 secs] 
2346.989: [GC (Allocation Failure) [PSYoungGen: 417422K->134619K(465920K)] 1200978K->918441K(1467904K), 0.0304537 secs] [Times: user=0.06 sys=0.00, real=0.03 secs] 
2348.899: [GC (Allocation Failure) [PSYoungGen: 367579K->17535K(465920K)] 1151401K->801663K(1467904K), 0.0074191 secs] [Times: user=0.02 sys=0.00, real=0.00 secs] 
2349.265: [GC (Allocation Failure) [PSYoungGen: 250495K->184430K(465920K)] 1034623K->969811K(1467904K), 0.0203127 secs] [Times: user=0.03 sys=0.00, real=0.02 secs] 
2349.548: [GC (Allocation Failure) [PSYoungGen: 417390K->184333K(465920K)] 1202771K->969995K(1467904K), 0.0202265 secs] [Times: user=0.03 sys=0.00, real=0.02 secs] 
2351.620: [GC (Allocation Failure) [PSYoungGen: 417293K->112513K(465920K)] 1202955K->898440K(1467904K), 0.0152078 secs] [Times: user=0.03 sys=0.00, real=0.01 secs] 
2353.096: [GC (Allocation Failure) [PSYoungGen: 345473K->40287K(465920K)] 1131400K->826522K(1467904K), 0.0076420 secs] [Times: user=0.02 sys=0.00, real=0.01 secs] 
2353.398: [GC (Allocation Failure) [PSYoungGen: 273247K->183787K(465920K)] 1059482K->971268K(1467904K), 0.0207249 secs] [Times: user=0.03 sys=0.00, real=0.02 secs] 
2353.688: [GC (Allocation Failure) [PSYoungGen: 416747K->184301K(465920K)] 1204228K->972055K(1467904K), 0.0204063 secs] [Times: user=0.03 sys=0.00, real=0.02 secs] 
2356.380: [GC (Allocation Failure) [PSYoungGen: 417261K->73975K(465920K)] 1205015K->861994K(1467904K), 0.0115833 secs] [Times: user=0.02 sys=0.00, real=0.01 secs] 
2357.214: [GC (Allocation Failure) [PSYoungGen: 306935K->62068K(465920K)] 1094954K->850411K(1467904K), 0.0079723 secs] [Times: user=0.02 sys=0.00, real=0.01 secs] 
2357.541: [GC (Allocation Failure) [PSYoungGen: 295028K->184333K(465920K)] 1083371K->973913K(1467904K), 0.0203759 secs] [Times: user=0.03 sys=0.00, real=0.02 secs] 
2357.824: [GC (Allocation Failure) [PSYoungGen: 417293K->184590K(465920K)] 1206873K->974572K(1467904K), 0.0204968 secs] [Times: user=0.02 sys=0.00, real=0.02 secs] 
2359.979: [GC (Allocation Failure) [PSYoungGen: 417550K->51419K(465920K)] 1207532K->841666K(1467904K), 0.0132079 secs] [Times: user=0.03 sys=0.00, real=0.01 secs] 
2360.672: [GC (Allocation Failure) [PSYoungGen: 284379K->84431K(465920K)] 1074626K->874868K(1467904K), 0.0102178 secs] [Times: user=0.02 sys=0.00, real=0.01 secs] 
2360.945: [GC (Allocation Failure) [PSYoungGen: 317391K->184333K(465920K)] 1107828K->976015K(1467904K), 0.0203420 secs] [Times: user=0.03 sys=0.00, real=0.02 secs] 
2361.228: [GC (Allocation Failure) [PSYoungGen: 417293K->183884K(465920K)] 1208975K->975838K(1467904K), 0.0201151 secs] [Times: user=0.02 sys=0.00, real=0.02 secs] 
2364.190: [GC (Allocation Failure) [PSYoungGen: 416844K->29715K(465920K)] 1208798K->821935K(1467904K), 0.0118646 secs] [Times: user=0.03 sys=0.00, real=0.01 secs] 
2365.080: [GC (Allocation Failure) [PSYoungGen: 262675K->105959K(465920K)] 1054895K->898492K(1467904K), 0.0123879 secs] [Times: user=0.02 sys=0.00, real=0.01 secs] 
2365.393: [GC (Allocation Failure) [PSYoungGen: 338919K->183916K(465920K)] 1131452K->977687K(1467904K), 0.0220021 secs] [Times: user=0.03 sys=0.00, real=0.02 secs] 
2365.679: [GC (Allocation Failure) [PSYoungGen: 416876K->184430K(465920K)] 1210647K->978474K(1467904K), 0.0218497 secs] [Times: user=0.03 sys=0.00, real=0.02 secs] 
2368.982: [GC (Allocation Failure) [PSYoungGen: 417390K->8107K(465920K)] 1211434K->802416K(1467904K), 0.0078344 secs] [Times: user=0.03 sys=0.00, real=0.01 secs] 
2370.020: [GC (Allocation Failure) [PSYoungGen: 241067K->127586K(465920K)] 1035376K->922203K(1467904K), 0.0144054 secs] [Times: user=0.02 sys=0.00, real=0.01 secs] 
2370.298: [GC (Allocation Failure) [PSYoungGen: 360546K->184944K(465920K)] 1155163K->980814K(1467904K), 0.0203999 secs] [Times: user=0.03 sys=0.00, real=0.02 secs] 
2371.128: [GC (Allocation Failure) [PSYoungGen: 417904K->173708K(465920K)] 1213774K->969980K(1467904K), 0.0303949 secs] [Times: user=0.05 sys=0.00, real=0.03 secs] 
2372.215: [GC (Allocation Failure) [PSYoungGen: 406668K->96K(465920K)] 1202940K->797689K(1467904K), 0.0025744 secs] [Times: user=0.02 sys=0.00, real=0.00 secs] 
2372.638: [GC (Allocation Failure) [PSYoungGen: 233056K->150656K(465920K)] 1030649K->948273K(1467904K), 0.0170081 secs] [Times: user=0.02 sys=0.00, real=0.02 secs] 
2372.918: [GC (Allocation Failure) [PSYoungGen: 383616K->184333K(465920K)] 1181233K->983204K(1467904K), 0.0204674 secs] [Times: user=0.02 sys=0.00, real=0.03 secs] 
2373.646: [GC (Allocation Failure) [PSYoungGen: 417293K->155473K(465920K)] 1216164K->954617K(1467904K), 0.0226865 secs] [Times: user=0.04 sys=0.00, real=0.03 secs] 
2375.056: [GC (Allocation Failure) [PSYoungGen: 388433K->160K(465920K)] 1187577K->800753K(1467904K), 0.0026550 secs] [Times: user=0.01 sys=0.00, real=0.01 secs] 
2375.390: [GC (Allocation Failure) [PSYoungGen: 233120K->175201K(465920K)] 1033713K->975819K(1467904K), 0.0192969 secs] [Times: user=0.03 sys=0.00, real=0.02 secs] 
2375.675: [GC (Allocation Failure) [PSYoungGen: 408161K->186132K(465920K)] 1208779K->987996K(1467904K), 0.0205396 secs] [Times: user=0.03 sys=0.00, real=0.02 secs] 
2376.515: [GC (Allocation Failure) [PSYoungGen: 419092K->137334K(465920K)] 1220956K->939462K(1467904K), 0.0196935 secs] [Times: user=0.03 sys=0.00, real=0.02 secs] 
2377.792: [GC (Allocation Failure) [PSYoungGen: 370294K->16539K(465920K)] 1172422K->818989K(1467904K), 0.0043325 secs] [Times: user=0.01 sys=0.00, real=0.00 secs] 
2378.068: [GC (Allocation Failure) [PSYoungGen: 249499K->185747K(465920K)] 1051949K->989451K(1467904K), 0.0204961 secs] [Times: user=0.03 sys=0.00, real=0.03 secs] 
2378.408: [GC (Allocation Failure) [PSYoungGen: 418707K->185843K(465920K)] 1222411K->989828K(1467904K), 0.0203490 secs] [Times: user=0.03 sys=0.00, real=0.03 secs] 
2379.521: [GC (Allocation Failure) [PSYoungGen: 418803K->110649K(465920K)] 1222788K->914899K(1467904K), 0.0163040 secs] [Times: user=0.03 sys=0.00, real=0.01 secs] 
2380.609: [GC (Allocation Failure) [PSYoungGen: 343609K->42372K(465920K)] 1147859K->846936K(1467904K), 0.0061430 secs] [Times: user=0.02 sys=0.00, real=0.00 secs] 
2380.881: [GC (Allocation Failure) [PSYoungGen: 275332K->186004K(465920K)] 1079896K->991813K(1467904K), 0.0203979 secs] [Times: user=0.03 sys=0.00, real=0.02 secs] 
2381.168: [GC (Allocation Failure) [PSYoungGen: 418964K->184558K(465920K)] 1224773K->990648K(1467904K), 0.0202585 secs] [Times: user=0.03 sys=0.00, real=0.02 secs] 
2382.678: [GC (Allocation Failure) [PSYoungGen: 417518K->69428K(465920K)] 1223608K->875784K(1467904K), 0.0123022 secs] [Times: user=0.03 sys=0.00, real=0.02 secs] 
2384.171: [GC (Allocation Failure) [PSYoungGen: 302388K->67081K(465920K)] 1108744K->873734K(1467904K), 0.0085293 secs] [Times: user=0.01 sys=0.00, real=0.01 secs] 
2384.443: [GC (Allocation Failure) [PSYoungGen: 300041K->184687K(465920K)] 1106694K->992601K(1467904K), 0.0203654 secs] [Times: user=0.03 sys=0.00, real=0.02 secs] 
2384.726: [GC (Allocation Failure) [PSYoungGen: 417647K->184655K(465920K)] 1225561K->992842K(1467904K), 0.0202547 secs] [Times: user=0.03 sys=0.00, real=0.02 secs] 
2386.194: [GC (Allocation Failure) [PSYoungGen: 417615K->45893K(465920K)] 1225802K->854482K(1467904K), 0.0108415 secs] [Times: user=0.03 sys=0.00, real=0.01 secs] 
2387.728: [GC (Allocation Failure) [PSYoungGen: 278853K->90571K(465920K)] 1087442K->899324K(1467904K), 0.0108754 secs] [Times: user=0.02 sys=0.00, real=0.02 secs] 
2388.004: [GC (Allocation Failure) [PSYoungGen: 323531K->186100K(465920K)] 1132284K->996091K(1467904K), 0.0205674 secs] [Times: user=0.03 sys=0.00, real=0.02 secs] 
2388.351: [GC (Allocation Failure) [PSYoungGen: 419060K->185972K(465920K)] 1229051K->996243K(1467904K), 0.0204946 secs] [Times: user=0.03 sys=0.00, real=0.02 secs] 
2391.282: [GC (Allocation Failure) [PSYoungGen: 418932K->19658K(465920K)] 1229203K->830194K(1467904K), 0.0066003 secs] [Times: user=0.02 sys=0.00, real=0.01 secs] 
2392.293: [GC (Allocation Failure) [PSYoungGen: 252618K->117240K(465920K)] 1063154K->928074K(1467904K), 0.0134011 secs] [Times: user=0.02 sys=0.00, real=0.01 secs] 
2392.571: [GC (Allocation Failure) [PSYoungGen: 350200K->185715K(465920K)] 1161034K->997787K(1467904K), 0.0204335 secs] [Times: user=0.03 sys=0.00, real=0.02 secs] 
2392.903: [GC (Allocation Failure) [PSYoungGen: 418675K->179523K(465920K)] 1230747K->991868K(1467904K), 0.0223132 secs] [Times: user=0.03 sys=0.00, real=0.02 secs] 
2394.892: [GC (Allocation Failure) [PSYoungGen: 412483K->64K(465920K)] 1224828K->813850K(1467904K), 0.0037764 secs] [Times: user=0.02 sys=0.00, real=0.00 secs] 
2395.652: [GC (Allocation Failure) [PSYoungGen: 233024K->140374K(465920K)] 1046810K->954193K(1467904K), 0.0159759 secs] [Times: user=0.03 sys=0.00, real=0.01 secs] 
2395.991: [GC (Allocation Failure) [PSYoungGen: 373334K->186132K(465920K)] 1187153K->1001205K(1467904K), 0.0207486 secs] [Times: user=0.03 sys=0.00, real=0.02 secs] 
2396.439: [GC (Allocation Failure) [PSYoungGen: 415506K->159812K(465920K)] 1230578K->975149K(1467904K), 0.0233385 secs] [Times: user=0.03 sys=0.01, real=0.02 secs] 
2398.114: [GC (Allocation Failure) [PSYoungGen: 392772K->128K(465920K)] 1208109K->816898K(1467904K), 0.0033206 secs] [Times: user=0.02 sys=0.00, real=0.00 secs] 
2398.743: [GC (Allocation Failure) [PSYoungGen: 233088K->160581K(465920K)] 1049858K->977368K(1467904K), 0.0177988 secs] [Times: user=0.02 sys=0.00, real=0.02 secs] 
2399.024: [GC (Allocation Failure) [PSYoungGen: 393541K->184462K(465920K)] 1210328K->1002631K(1467904K), 0.0203035 secs] [Times: user=0.03 sys=0.00, real=0.02 secs] 
2399.670: [GC (Allocation Failure) [PSYoungGen: 417422K->145416K(465920K)] 1235591K->963851K(1467904K), 0.0173394 secs] [Times: user=0.03 sys=0.00, real=0.01 secs] 
2401.381: [GC (Allocation Failure) [PSYoungGen: 378376K->96K(465920K)] 1196811K->819839K(1467904K), 0.0034358 secs] [Times: user=0.01 sys=0.00, real=0.00 secs] 
2401.783: [GC (Allocation Failure) [PSYoungGen: 233056K->185258K(465920K)] 1052799K->1005025K(1467904K), 0.0204668 secs] [Times: user=0.03 sys=0.00, real=0.02 secs] 
2402.068: [GC (Allocation Failure) [PSYoungGen: 418218K->186132K(465920K)] 1237985K->1007153K(1467904K), 0.0205383 secs] [Times: user=0.02 sys=0.00, real=0.02 secs] 
2403.778: [GC (Allocation Failure) [PSYoungGen: 419092K->127245K(465920K)] 1240113K->948531K(1467904K), 0.0240333 secs] [Times: user=0.05 sys=0.00, real=0.02 secs] 
2405.702: [GC (Allocation Failure) [PSYoungGen: 360205K->26210K(465920K)] 1181491K->847804K(1467904K), 0.0056607 secs] [Times: user=0.02 sys=0.00, real=0.00 secs] 
2405.988: [GC (Allocation Failure) [PSYoungGen: 259170K->185747K(465920K)] 1080764K->1008594K(1467904K), 0.0204735 secs] [Times: user=0.03 sys=0.00, real=0.02 secs] 
2406.321: [GC (Allocation Failure) [PSYoungGen: 418707K->184430K(465920K)] 1241554K->1007550K(1467904K), 0.0202846 secs] [Times: user=0.03 sys=0.00, real=0.02 secs] 
2406.978: [GC (Allocation Failure) [PSYoungGen: 417390K->86008K(465920K)] 1240510K->909393K(1467904K), 0.0127628 secs] [Times: user=0.02 sys=0.00, real=0.01 secs] 
2407.823: [GC (Allocation Failure) [PSYoungGen: 318968K->51372K(465920K)] 1142353K->875067K(1467904K), 0.0069424 secs] [Times: user=0.01 sys=0.00, real=0.01 secs] 
2408.095: [GC (Allocation Failure) [PSYoungGen: 284332K->186100K(465920K)] 1108027K->1011050K(1467904K), 0.0205252 secs] [Times: user=0.03 sys=0.00, real=0.02 secs] 
2408.436: [GC (Allocation Failure) [PSYoungGen: 419060K->184398K(465920K)] 1244010K->1009628K(1467904K), 0.0203992 secs] [Times: user=0.03 sys=0.00, real=0.02 secs] 
2409.392: [GC (Allocation Failure) [PSYoungGen: 417358K->60432K(465920K)] 1242588K->885927K(1467904K), 0.0099696 secs] [Times: user=0.02 sys=0.00, real=0.01 secs] 
2410.165: [GC (Allocation Failure) [PSYoungGen: 293392K->76816K(465920K)] 1118887K->902627K(1467904K), 0.0095391 secs] [Times: user=0.02 sys=0.00, real=0.01 secs] 
2410.440: [GC (Allocation Failure) [PSYoungGen: 309776K->185972K(465920K)] 1135587K->1013021K(1467904K), 0.0205625 secs] [Times: user=0.03 sys=0.00, real=0.02 secs] 
2410.727: [GC (Allocation Failure) [PSYoungGen: 418932K->184558K(465920K)] 1245981K->1011880K(1467904K), 0.0203196 secs] [Times: user=0.02 sys=0.00, real=0.02 secs] 
2412.435: [GC (Allocation Failure) [PSYoungGen: 417518K->35000K(465920K)] 1244840K->862587K(1467904K), 0.0077849 secs] [Times: user=0.03 sys=0.00, real=0.01 secs] 
2413.660: [GC (Allocation Failure) [PSYoungGen: 267960K->101589K(465920K)] 1095547K->929483K(1467904K), 0.0122090 secs] [Times: user=0.02 sys=0.00, real=0.01 secs] 
2413.939: [GC (Allocation Failure) [PSYoungGen: 334549K->186325K(465920K)] 1162443K->1015473K(1467904K), 0.0204731 secs] [Times: user=0.03 sys=0.00, real=0.02 secs] 
2414.229: [GC (Allocation Failure) [PSYoungGen: 419285K->186036K(465920K)] 1248433K->1015465K(1467904K), 0.0206421 secs] [Times: user=0.02 sys=0.00, real=0.02 secs] 
2417.284: [GC (Allocation Failure) [PSYoungGen: 418996K->8605K(465920K)] 1248425K->838428K(1467904K), 0.0045062 secs] [Times: user=0.02 sys=0.00, real=0.01 secs] 
2418.763: [GC (Allocation Failure) [PSYoungGen: 241565K->128004K(465920K)] 1071388K->958014K(1467904K), 0.0150426 secs] [Times: user=0.02 sys=0.00, real=0.01 secs] 
2419.046: [GC (Allocation Failure) [PSYoungGen: 360964K->185875K(465920K)] 1190974K->1017131K(1467904K), 0.0206223 secs] [Times: user=0.03 sys=0.00, real=0.02 secs] 
2419.572: [GC (Allocation Failure) [PSYoungGen: 418835K->172455K(465920K)] 1250091K->1004112K(1467904K), 0.0218222 secs] [Times: user=0.03 sys=0.00, real=0.02 secs] 
2421.394: [GC (Allocation Failure) [PSYoungGen: 405415K->96K(465920K)] 1237072K->833074K(1467904K), 0.0028034 secs] [Times: user=0.01 sys=0.00, real=0.00 secs] 
2422.004: [GC (Allocation Failure) [PSYoungGen: 233016K->152712K(465920K)] 1065994K->985715K(1467904K), 0.0171533 secs] [Times: user=0.02 sys=0.00, real=0.02 secs] 
2422.288: [GC (Allocation Failure) [PSYoungGen: 385672K->184944K(465920K)] 1218675K->1019192K(1467904K), 0.0205734 secs] [Times: user=0.03 sys=0.00, real=0.03 secs] 
2423.113: [GC (Allocation Failure) [PSYoungGen: 417904K->152774K(465920K)] 1252152K->987295K(1467904K), 0.0205241 secs] [Times: user=0.03 sys=0.00, real=0.02 secs] 
2425.189: [GC (Allocation Failure) [PSYoungGen: 385734K->128K(465920K)] 1220255K->836088K(1467904K), 0.0039196 secs] [Times: user=0.02 sys=0.00, real=0.00 secs] 
2425.587: [GC (Allocation Failure) [PSYoungGen: 233088K->176007K(465920K)] 1069048K->1012016K(1467904K), 0.0195177 secs] [Times: user=0.03 sys=0.00, real=0.02 secs] 
2425.871: [GC (Allocation Failure) [PSYoungGen: 408967K->186357K(465920K)] 1244976K->1023604K(1467904K), 0.0204954 secs] [Times: user=0.02 sys=0.00, real=0.02 secs] 
2426.755: [GC (Allocation Failure) [PSYoungGen: 419317K->136258K(465920K)] 1256564K->973769K(1467904K), 0.0298126 secs] [Times: user=0.06 sys=0.00, real=0.03 secs] 
2427.946: [GC (Allocation Failure) [PSYoungGen: 369218K->17410K(465920K)] 1206729K->855221K(1467904K), 0.0043632 secs] [Times: user=0.01 sys=0.00, real=0.01 secs] 
2428.225: [GC (Allocation Failure) [PSYoungGen: 250370K->185747K(465920K)] 1088181K->1024812K(1467904K), 0.0204957 secs] [Times: user=0.03 sys=0.00, real=0.02 secs] 
2428.509: [GC (Allocation Failure) [PSYoungGen: 418707K->184430K(465920K)] 1257772K->1023768K(1467904K), 0.0204767 secs] [Times: user=0.03 sys=0.00, real=0.02 secs] 
2430.302: [GC (Allocation Failure) [PSYoungGen: 417390K->111180K(465920K)] 1256728K->950791K(1467904K), 0.0292418 secs] [Times: user=0.06 sys=0.00, real=0.03 secs] 
2432.189: [GC (Allocation Failure) [PSYoungGen: 344140K->42215K(465920K)] 1183751K->882131K(1467904K), 0.0086965 secs] [Times: user=0.02 sys=0.00, real=0.00 secs] 
2432.507: [GC (Allocation Failure) [PSYoungGen: 275175K->185843K(465920K)] 1115091K->1027142K(1467904K), 0.0205766 secs] [Times: user=0.02 sys=0.00, real=0.02 secs] 
2432.849: [GC (Allocation Failure) [PSYoungGen: 418803K->184558K(465920K)] 1260102K->1026002K(1467904K), 0.0204020 secs] [Times: user=0.03 sys=0.00, real=0.02 secs] 
2434.501: [GC (Allocation Failure) [PSYoungGen: 417518K->69701K(465920K)] 1258962K->911418K(1467904K), 0.0104878 secs] [Times: user=0.02 sys=0.00, real=0.01 secs] 
2435.330: [GC (Allocation Failure) [PSYoungGen: 302661K->67855K(465920K)] 1144378K->909893K(1467904K), 0.0086937 secs] [Times: user=0.02 sys=0.00, real=0.01 secs] 
2435.604: [GC (Allocation Failure) [PSYoungGen: 300815K->186004K(465920K)] 1142853K->1029424K(1467904K), 0.0207605 secs] [Times: user=0.03 sys=0.00, real=0.02 secs] 
2435.890: [GC (Allocation Failure) [PSYoungGen: 418964K->185908K(465920K)] 1262384K->1029473K(1467904K), 0.0206773 secs] [Times: user=0.02 sys=0.00, real=0.02 secs] 
2437.900: [GC (Allocation Failure) [PSYoungGen: 418868K->42615K(465920K)] 1262433K->886445K(1467904K), 0.0168901 secs] [Times: user=0.04 sys=0.00, real=0.01 secs] 
2439.350: [GC (Allocation Failure) [PSYoungGen: 275575K->93913K(465920K)] 1119405K->938064K(1467904K), 0.0130896 secs] [Times: user=0.03 sys=0.00, real=0.01 secs] 
2439.639: [GC (Allocation Failure) [PSYoungGen: 326873K->185972K(465920K)] 1171024K->1031377K(1467904K), 0.0206012 secs] [Times: user=0.03 sys=0.00, real=0.02 secs] 
2439.928: [GC (Allocation Failure) [PSYoungGen: 418932K->186004K(465920K)] 1264337K->1031682K(1467904K), 0.0204637 secs] [Times: user=0.03 sys=0.00, real=0.03 secs] 
2443.271: [GC (Allocation Failure) [PSYoungGen: 418964K->16445K(465920K)] 1264642K->862517K(1467904K), 0.0066374 secs] [Times: user=0.02 sys=0.00, real=0.00 secs] 
2444.227: [GC (Allocation Failure) [PSYoungGen: 249405K->119328K(465920K)] 1095477K->965593K(1467904K), 0.0137613 secs] [Times: user=0.03 sys=0.00, real=0.02 secs] 
2444.506: [GC (Allocation Failure) [PSYoungGen: 352288K->185972K(465920K)] 1198553K->1033611K(1467904K), 0.0205899 secs] [Times: user=0.03 sys=0.00, real=0.02 secs] 
2444.899: [GC (Allocation Failure) [PSYoungGen: 418932K->179050K(465920K)] 1266571K->1026826K(1467904K), 0.0239511 secs] [Times: user=0.03 sys=0.00, real=0.02 secs] 
2446.043: [GC (Allocation Failure) [PSYoungGen: 412010K->96K(465920K)] 1259786K->849313K(1467904K), 0.0027396 secs] [Times: user=0.01 sys=0.00, real=0.00 secs] 
2446.538: [GC (Allocation Failure) [PSYoungGen: 233056K->144326K(465920K)] 1082273K->993559K(1467904K), 0.0163440 secs] [Times: user=0.03 sys=0.00, real=0.02 secs] 
2446.819: [GC (Allocation Failure) [PSYoungGen: 377286K->186229K(465920K)] 1226519K->1036716K(1467904K), 0.0206373 secs] [Times: user=0.03 sys=0.00, real=0.02 secs] 
2447.573: [GC (Allocation Failure) [PSYoungGen: 419189K->159843K(465920K)] 1269676K->1010603K(1467904K), 0.0231213 secs] [Times: user=0.03 sys=0.00, real=0.02 secs] 
2449.278: [GC (Allocation Failure) [PSYoungGen: 392803K->64K(465920K)] 1243563K->852266K(1467904K), 0.0042849 secs] [Times: user=0.02 sys=0.00, real=0.01 secs] 
2449.762: [GC (Allocation Failure) [PSYoungGen: 233024K->170191K(465920K)] 1085226K->1022409K(1467904K), 0.0189647 secs] [Times: user=0.03 sys=0.00, real=0.02 secs] 
2450.047: [GC (Allocation Failure) [PSYoungGen: 403151K->186132K(465920K)] 1255369K->1039717K(1467904K), 0.0206268 secs] [Times: user=0.03 sys=0.00, real=0.02 secs] 
2450.863: [GC (Allocation Failure) [PSYoungGen: 410995K->134090K(465920K)] 1264579K->987811K(1467904K), 0.0219047 secs] [Times: user=0.03 sys=0.00, real=0.02 secs] 
2452.194: [GC (Allocation Failure) [PSYoungGen: 367050K->1730K(465920K)] 1220771K->855756K(1467904K), 0.0027934 secs] [Times: user=0.02 sys=0.00, real=0.00 secs] 
2452.473: [GC (Allocation Failure) [PSYoungGen: 234690K->184558K(465920K)] 1088716K->1039838K(1467904K), 0.0203156 secs] [Times: user=0.03 sys=0.00, real=0.02 secs] 
2452.813: [GC (Allocation Failure) [PSYoungGen: 417518K->186325K(465920K)] 1272798K->1042007K(1467904K), 0.0208936 secs] [Times: user=0.03 sys=0.00, real=0.02 secs] 
2454.459: [GC (Allocation Failure) [PSYoungGen: 419285K->126104K(465920K)] 1274967K->981923K(1467904K), 0.0207029 secs] [Times: user=0.04 sys=0.00, real=0.02 secs] 
2456.694: [GC (Allocation Failure) [PSYoungGen: 359064K->26792K(465920K)] 1214883K->882918K(1467904K), 0.0060113 secs] [Times: user=0.02 sys=0.00, real=0.01 secs] 
2456.991: [GC (Allocation Failure) [PSYoungGen: 259752K->185747K(465920K)] 1115878K->1043247K(1467904K), 0.0204428 secs] [Times: user=0.03 sys=0.00, real=0.02 secs] 
2457.274: [GC (Allocation Failure) [PSYoungGen: 418707K->184430K(465920K)] 1276207K->1042075K(1467904K), 0.0203052 secs] [Times: user=0.02 sys=0.00, real=0.02 secs] 
2459.136: [GC (Allocation Failure) [PSYoungGen: 417390K->101781K(465920K)] 1275035K->959691K(1467904K), 0.0182175 secs] [Times: user=0.03 sys=0.00, real=0.02 secs] 
2461.064: [GC (Allocation Failure) [PSYoungGen: 334741K->50054K(465920K)] 1192651K->908264K(1467904K), 0.0078169 secs] [Times: user=0.02 sys=0.00, real=0.01 secs] 
2461.343: [GC (Allocation Failure) [PSYoungGen: 283014K->184719K(465920K)] 1141224K->1044182K(1467904K), 0.0204165 secs] [Times: user=0.03 sys=0.01, real=0.02 secs] 
2461.629: [GC (Allocation Failure) [PSYoungGen: 417679K->186486K(465920K)] 1277142K->1046351K(1467904K), 0.0205681 secs] [Times: user=0.03 sys=0.00, real=0.02 secs] 
2463.610: [GC (Allocation Failure) [PSYoungGen: 419446K->61074K(465920K)] 1279311K->921204K(1467904K), 0.0136088 secs] [Times: user=0.03 sys=0.00, real=0.01 secs] 
2464.911: [GC (Allocation Failure) [PSYoungGen: 294034K->75210K(465920K)] 1154164K->935525K(1467904K), 0.0094580 secs] [Times: user=0.02 sys=0.00, real=0.01 secs] 
2465.185: [GC (Allocation Failure) [PSYoungGen: 308170K->185972K(465920K)] 1168485K->1047541K(1467904K), 0.0206556 secs] [Times: user=0.03 sys=0.00, real=0.02 secs] 
2465.470: [GC (Allocation Failure) [PSYoungGen: 418932K->185940K(465920K)] 1280501K->1047790K(1467904K), 0.0207273 secs] [Times: user=0.03 sys=0.00, real=0.02 secs] 
2467.552: [GC (Allocation Failure) [PSYoungGen: 418900K->35273K(465920K)] 1280750K->897517K(1467904K), 0.0067646 secs] [Times: user=0.02 sys=0.00, real=0.01 secs] 
2468.534: [GC (Allocation Failure) [PSYoungGen: 268233K->101075K(465920K)] 1130477K->963511K(1467904K), 0.0120300 secs] [Times: user=0.02 sys=0.00, real=0.01 secs] 
2468.811: [GC (Allocation Failure) [PSYoungGen: 334035K->186004K(465920K)] 1196471K->1049815K(1467904K), 0.0205388 secs] [Times: user=0.02 sys=0.00, real=0.02 secs] 
2469.155: [GC (Allocation Failure) [PSYoungGen: 418964K->186004K(465920K)] 1282775K->1049959K(1467904K), 0.0205674 secs] [Times: user=0.03 sys=0.00, real=0.02 secs] 
2470.122: [GC (Allocation Failure) [PSYoungGen: 418964K->9408K(465920K)] 1282919K->873765K(1467904K), 0.0036614 secs] [Times: user=0.02 sys=0.00, real=0.00 secs] 
2470.852: [GC (Allocation Failure) [PSYoungGen: 242368K->126879K(465920K)] 1106725K->991423K(1467904K), 0.0145677 secs] [Times: user=0.03 sys=0.01, real=0.01 secs] 
2471.197: [GC (Allocation Failure) [PSYoungGen: 359839K->184333K(465920K)] 1224383K->1050131K(1467904K), 0.0203054 secs] [Times: user=0.03 sys=0.00, real=0.02 secs] 
2471.951: [GC (Allocation Failure) [PSYoungGen: 417293K->175170K(465920K)] 1283091K->1041241K(1467904K), 0.0482178 secs] [Times: user=0.08 sys=0.00, real=0.05 secs] 
2473.747: [GC (Allocation Failure) [PSYoungGen: 408130K->96K(465920K)] 1274201K->867602K(1467904K), 0.0035750 secs] [Times: user=0.01 sys=0.00, real=0.01 secs] 
2474.239: [GC (Allocation Failure) [PSYoungGen: 232936K->151073K(465920K)] 1100443K->1018596K(1467904K), 0.0170763 secs] [Times: user=0.03 sys=0.00, real=0.01 secs] 
2474.518: [GC (Allocation Failure) [PSYoungGen: 384033K->183658K(465920K)] 1251556K->1052443K(1467904K), 0.0204656 secs] [Times: user=0.03 sys=0.00, real=0.03 secs] 
2474.944: [GC (Allocation Failure) [PSYoungGen: 416618K->155730K(465920K)] 1285403K->1024788K(1467904K), 0.0183680 secs] [Times: user=0.03 sys=0.00, real=0.02 secs] 
2476.181: [GC (Allocation Failure) [PSYoungGen: 388690K->96K(465920K)] 1257748K->870585K(1467904K), 0.0030501 secs] [Times: user=0.01 sys=0.00, real=0.00 secs] 
2476.654: [GC (Allocation Failure) [PSYoungGen: 233056K->174401K(465920K)] 1103545K->1044906K(1467904K), 0.0192268 secs] [Times: user=0.02 sys=0.00, real=0.02 secs] 
2476.939: [GC (Allocation Failure) [PSYoungGen: 407361K->185972K(465920K)] 1277866K->1057723K(1467904K), 0.0205773 secs] [Times: user=0.03 sys=0.00, real=0.02 secs] 
2478.265: [GC (Allocation Failure) [PSYoungGen: 418932K->138154K(465920K)] 1290683K->1010169K(1467904K), 0.0301386 secs] [Times: user=0.06 sys=0.00, real=0.03 secs] 
2481.258: [GC (Allocation Failure) [PSYoungGen: 371114K->13907K(465920K)] 1243129K->886231K(1467904K), 0.0048185 secs] [Times: user=0.01 sys=0.00, real=0.01 secs] 
2481.561: [GC (Allocation Failure) [PSYoungGen: 246867K->186132K(465920K)] 1119191K->1059702K(1467904K), 0.0205339 secs] [Times: user=0.03 sys=0.00, real=0.02 secs] 
2481.908: [GC (Allocation Failure) [PSYoungGen: 419092K->185908K(465920K)] 1292662K->1059750K(1467904K), 0.0205789 secs] [Times: user=0.03 sys=0.00, real=0.03 secs] 
2482.546: [GC (Allocation Failure) [PSYoungGen: 418868K->112738K(465920K)] 1292710K->986854K(1467904K), 0.0147843 secs] [Times: user=0.03 sys=0.00, real=0.02 secs] 
2483.540: [GC (Allocation Failure) [PSYoungGen: 345698K->41090K(465920K)] 1219814K->915521K(1467904K), 0.0061963 secs] [Times: user=0.02 sys=0.00, real=0.00 secs] 
2483.811: [GC (Allocation Failure) [PSYoungGen: 274050K->185939K(465920K)] 1148481K->1061617K(1467904K), 0.0205772 secs] [Times: user=0.03 sys=0.00, real=0.02 secs] 
2484.099: [GC (Allocation Failure) [PSYoungGen: 418899K->185843K(465920K)] 1294577K->1061946K(1467904K), 0.0206982 secs] [Times: user=0.02 sys=0.00, real=0.02 secs] 
2486.733: [GC (Allocation Failure) [PSYoungGen: 418803K->69541K(465920K)] 1294906K->945780K(1467904K), 0.0144311 secs] [Times: user=0.02 sys=0.00, real=0.01 secs] 
2488.305: [GC (Allocation Failure) [PSYoungGen: 302501K->67148K(465920K)] 1178740K->943693K(1467904K), 0.0086410 secs] [Times: user=0.01 sys=0.00, real=0.01 secs] 
2488.578: [GC (Allocation Failure) [PSYoungGen: 300108K->185715K(465920K)] 1176653K->1063514K(1467904K), 0.0206269 secs] [Times: user=0.03 sys=0.00, real=0.03 secs] 
2488.876: [GC (Allocation Failure) [PSYoungGen: 418675K->185843K(465920K)] 1296474K->1063915K(1467904K), 0.0207287 secs] [Times: user=0.02 sys=0.00, real=0.02 secs] 
2489.965: [GC (Allocation Failure) [PSYoungGen: 418803K->43595K(465920K)] 1296875K->921932K(1467904K), 0.0075100 secs] [Times: user=0.02 sys=0.00, real=0.01 secs] 
2491.162: [GC (Allocation Failure) [PSYoungGen: 276538K->92146K(465920K)] 1154875K->970782K(1467904K), 0.0112605 secs] [Times: user=0.02 sys=0.00, real=0.01 secs] 
2491.438: [GC (Allocation Failure) [PSYoungGen: 325106K->186486K(465920K)] 1203742K->1066369K(1467904K), 0.0206829 secs] [Times: user=0.03 sys=0.00, real=0.02 secs] 
2491.784: [GC (Allocation Failure) [PSYoungGen: 419446K->185908K(465920K)] 1299329K->1066192K(1467904K), 0.0205886 secs] [Times: user=0.02 sys=0.00, real=0.02 secs] 
2493.457: [GC (Allocation Failure) [PSYoungGen: 418868K->17762K(465920K)] 1299152K->898191K(1467904K), 0.0050236 secs] [Times: user=0.02 sys=0.00, real=0.01 secs] 
2494.017: [GC (Allocation Failure) [PSYoungGen: 250722K->118043K(465920K)] 1131151K->998779K(1467904K), 0.0137702 secs] [Times: user=0.02 sys=0.00, real=0.02 secs] 
2494.294: [GC (Allocation Failure) [PSYoungGen: 351003K->184205K(465920K)] 1231739K->1066331K(1467904K), 0.0203933 secs] [Times: user=0.02 sys=0.00, real=0.02 secs] 
2494.707: [GC (Allocation Failure) [PSYoungGen: 417165K->181079K(465920K)] 1299291K->1063350K(1467904K), 0.0225627 secs] [Times: user=0.03 sys=0.00, real=0.03 secs] 
2496.700: [GC (Allocation Failure) [PSYoungGen: 414039K->64K(465920K)] 1296310K->883772K(1467904K), 0.0032666 secs] [Times: user=0.01 sys=0.00, real=0.00 secs] 
2497.515: [GC (Allocation Failure) [PSYoungGen: 233024K->141945K(465920K)] 1116732K->1025662K(1467904K), 0.0163251 secs] [Times: user=0.03 sys=0.00, real=0.02 secs] 
2497.796: [GC (Allocation Failure) [PSYoungGen: 374905K->186132K(465920K)] 1258622K->1071103K(1467904K), 0.0205895 secs] [Times: user=0.03 sys=0.00, real=0.02 secs] 
2498.203: [GC (Allocation Failure) [PSYoungGen: 419092K->162413K(465920K)] 1304063K->1047649K(1467904K), 0.0192962 secs] [Times: user=0.03 sys=0.00, real=0.02 secs] 
2499.412: [GC (Allocation Failure) [PSYoungGen: 395373K->96K(465920K)] 1280609K->886771K(1467904K), 0.0026205 secs] [Times: user=0.01 sys=0.00, real=0.00 secs] 
2499.849: [GC (Allocation Failure) [PSYoungGen: 233056K->167521K(465920K)] 1119731K->1054221K(1467904K), 0.0187559 secs] [Times: user=0.03 sys=0.00, real=0.01 secs] 
2500.130: [GC (Allocation Failure) [PSYoungGen: 400481K->184590K(465920K)] 1287181K->1072535K(1467904K), 0.0205588 secs] [Times: user=0.03 sys=0.00, real=0.02 secs] 
2500.649: [GC (Allocation Failure) [PSYoungGen: 412299K->138316K(465920K)] 1300243K->1026533K(1467904K), 0.0166188 secs] [Times: user=0.03 sys=0.00, real=0.01 secs] 
2501.829: [GC (Allocation Failure) [PSYoungGen: 371276K->1698K(465920K)] 1259493K->890207K(1467904K), 0.0035354 secs] [Times: user=0.01 sys=0.00, real=0.00 secs] 
2502.142: [GC (Allocation Failure) [PSYoungGen: 234658K->184590K(465920K)] 1123167K->1074354K(1467904K), 0.0204392 secs] [Times: user=0.03 sys=0.00, real=0.02 secs] 
2502.428: [GC (Allocation Failure) [PSYoungGen: 417550K->186357K(465920K)] 1307314K->1076402K(1467904K), 0.0205959 secs] [Times: user=0.03 sys=0.00, real=0.03 secs] 
2503.351: [GC (Allocation Failure) [PSYoungGen: 419317K->126104K(465920K)] 1309362K->1016414K(1467904K), 0.0171857 secs] [Times: user=0.03 sys=0.00, real=0.01 secs] 
2504.870: [GC (Allocation Failure) [PSYoungGen: 359056K->26535K(465920K)] 1249365K->917144K(1467904K), 0.0059081 secs] [Times: user=0.02 sys=0.00, real=0.00 secs] 
2505.161: [GC (Allocation Failure) [PSYoungGen: 259495K->186229K(465920K)] 1150104K->1078092K(1467904K), 0.0206187 secs] [Times: user=0.03 sys=0.00, real=0.02 secs] 
2505.445: [GC (Allocation Failure) [PSYoungGen: 419189K->184655K(465920K)] 1311052K->1076791K(1467904K), 0.0204895 secs] [Times: user=0.03 sys=0.00, real=0.02 secs] 
2506.149: [GC (Allocation Failure) [PSYoungGen: 417615K->84883K(465920K)] 1309751K->977285K(1467904K), 0.0118953 secs] [Times: user=0.02 sys=0.00, real=0.01 secs] 
2507.474: [GC (Allocation Failure) [PSYoungGen: 317843K->51115K(465920K)] 1210245K->943832K(1467904K), 0.0081213 secs] [Times: user=0.01 sys=0.00, real=0.01 secs] 
2507.753: [GC (Allocation Failure) [PSYoungGen: 284075K->186389K(465920K)] 1176792K->1080353K(1467904K), 0.0205502 secs] [Times: user=0.03 sys=0.00, real=0.02 secs] 
2508.038: [GC (Allocation Failure) [PSYoungGen: 419349K->185940K(465920K)] 1313313K->1080305K(1467904K), 0.0206400 secs] [Times: user=0.03 sys=0.00, real=0.02 secs] 
2510.245: [GC (Allocation Failure) [PSYoungGen: 418900K->58938K(465920K)] 1313265K->953439K(1467904K), 0.0099404 secs] [Times: user=0.02 sys=0.00, real=0.01 secs] 
2510.963: [GC (Allocation Failure) [PSYoungGen: 291898K->77331K(465920K)] 1186399K->972155K(1467904K), 0.0096064 secs] [Times: user=0.01 sys=0.00, real=0.01 secs] 
2511.238: [GC (Allocation Failure) [PSYoungGen: 310291K->186357K(465920K)] 1205115K->1082436K(1467904K), 0.0206873 secs] [Times: user=0.03 sys=0.00, real=0.03 secs] 
2511.527: [GC (Allocation Failure) [PSYoungGen: 419317K->184847K(465920K)] 1315396K->1081207K(1467904K), 0.0206201 secs] [Times: user=0.03 sys=0.00, real=0.02 secs] 
2514.132: [GC (Allocation Failure) [PSYoungGen: 417807K->33827K(465920K)] 1314167K->930452K(1467904K), 0.0107251 secs] [Times: user=0.03 sys=0.00, real=0.01 secs] 
2514.833: [GC (Allocation Failure) [PSYoungGen: 266787K->101945K(465920K)] 1163412K->998902K(1467904K), 0.0120873 secs] [Times: user=0.02 sys=0.00, real=0.01 secs] 
2515.111: [GC (Allocation Failure) [PSYoungGen: 334905K->186518K(465920K)] 1231862K->1084848K(1467904K), 0.0206278 secs] [Times: user=0.03 sys=0.00, real=0.02 secs] 
2515.454: [GC (Allocation Failure) [PSYoungGen: 419478K->186100K(465920K)] 1317808K->1084712K(1467904K), 0.0207673 secs] [Times: user=0.03 sys=0.00, real=0.02 secs] 
2517.211: [GC (Allocation Failure) [PSYoungGen: 419060K->7898K(465920K)] 1317672K->906774K(1467904K), 0.0036056 secs] [Times: user=0.01 sys=0.00, real=0.00 secs] 
2517.730: [GC (Allocation Failure) [PSYoungGen: 240858K->128678K(465920K)] 1139734K->1027752K(1467904K), 0.0148156 secs] [Times: user=0.03 sys=0.00, real=0.01 secs] 
2518.069: [GC (Allocation Failure) [PSYoungGen: 361638K->186004K(465920K)] 1260712K->1086452K(1467904K), 0.0206874 secs] [Times: user=0.02 sys=0.00, real=0.02 secs] 
2518.645: [GC (Allocation Failure) [PSYoungGen: 418964K->171668K(465920K)] 1319412K->1072253K(1467904K), 0.0303697 secs] [Times: user=0.04 sys=0.00, real=0.03 secs] 
2521.595: [GC (Allocation Failure) [PSYoungGen: 404628K->128K(465920K)] 1305213K->902156K(1467904K), 0.0041997 secs] [Times: user=0.02 sys=0.00, real=0.01 secs] 
2522.321: [GC (Allocation Failure) [PSYoungGen: 233088K->152712K(465920K)] 1135116K->1054757K(1467904K), 0.0173016 secs] [Times: user=0.02 sys=0.00, real=0.02 secs] 
2522.604: [GC (Allocation Failure) [PSYoungGen: 385672K->186261K(465920K)] 1287717K->1089559K(1467904K), 0.0207323 secs] [Times: user=0.02 sys=0.00, real=0.02 secs] 
2523.876: [GC (Allocation Failure) [PSYoungGen: 419221K->151473K(465920K)] 1322519K->1055036K(1467904K), 0.0332368 secs] [Times: user=0.05 sys=0.01, real=0.04 secs] 
2526.100: [GC (Allocation Failure) [PSYoungGen: 384433K->96K(465920K)] 1287996K->905110K(1467904K), 0.0032135 secs] [Times: user=0.01 sys=0.00, real=0.00 secs] 
2526.429: [GC (Allocation Failure) [PSYoungGen: 233056K->179089K(465920K)] 1138070K->1084119K(1467904K), 0.0199213 secs] [Times: user=0.03 sys=0.00, real=0.02 secs] 
2526.713: [GC (Allocation Failure) [PSYoungGen: 412049K->186004K(465920K)] 1317079K->1092280K(1467904K), 0.0206269 secs] [Times: user=0.03 sys=0.00, real=0.02 secs] 
2528.930: [GC (Allocation Failure) [PSYoungGen: 418964K->133591K(465920K)] 1325240K->1040132K(1467904K), 0.0370030 secs] [Times: user=0.07 sys=0.00, real=0.03 secs] 
2531.192: [GC (Allocation Failure) [PSYoungGen: 366551K->19466K(465920K)] 1273092K->926315K(1467904K), 0.0055291 secs] [Times: user=0.02 sys=0.00, real=0.00 secs] 
2531.487: [GC (Allocation Failure) [PSYoungGen: 252426K->184462K(465920K)] 1159275K->1092548K(1467904K), 0.0205573 secs] [Times: user=0.03 sys=0.00, real=0.02 secs] 
2531.773: [GC (Allocation Failure) [PSYoungGen: 417422K->186357K(465920K)] 1325508K->1094717K(1467904K), 0.0206301 secs] [Times: user=0.03 sys=0.00, real=0.02 secs] 
2532.956: [GC (Allocation Failure) [PSYoungGen: 419317K->108465K(465920K)] 1327677K->1017226K(1467904K), 0.0205768 secs] [Times: user=0.05 sys=0.00, real=0.02 secs] 
2533.969: [GC (Allocation Failure) [PSYoungGen: 341425K->45074K(465920K)] 1250186K->954015K(1467904K), 0.0075541 secs] [Times: user=0.02 sys=0.00, real=0.00 secs] 
2534.250: [GC (Allocation Failure) [PSYoungGen: 278034K->185843K(465920K)] 1186975K->1096046K(1467904K), 0.0207213 secs] [Times: user=0.03 sys=0.00, real=0.02 secs] 
2534.538: [GC (Allocation Failure) [PSYoungGen: 418803K->185843K(465920K)] 1329006K->1096319K(1467904K), 0.0205152 secs] [Times: user=0.03 sys=0.00, real=0.02 secs] 
2535.488: [GC (Allocation Failure) [PSYoungGen: 418803K->65605K(465920K)] 1329279K->976345K(1467904K), 0.0141135 secs] [Times: user=0.03 sys=0.00, real=0.02 secs] 
2537.449: [GC (Allocation Failure) [PSYoungGen: 298565K->71161K(465920K)] 1209305K->982217K(1467904K), 0.0111419 secs] [Times: user=0.02 sys=0.00, real=0.01 secs] 
2537.743: [GC (Allocation Failure) [PSYoungGen: 304121K->186004K(465920K)] 1215177K->1098298K(1467904K), 0.0205826 secs] [Times: user=0.03 sys=0.00, real=0.02 secs] 
2538.028: [GC (Allocation Failure) [PSYoungGen: 418964K->184590K(465920K)] 1331258K->1097157K(1467904K), 0.0204155 secs] [Times: user=0.03 sys=0.00, real=0.03 secs] 
2540.087: [GC (Allocation Failure) [PSYoungGen: 417550K->40607K(465920K)] 1330117K->953439K(1467904K), 0.0077247 secs] [Times: user=0.02 sys=0.00, real=0.01 secs] 
2542.258: [GC (Allocation Failure) [PSYoungGen: 273567K->95359K(465920K)] 1186399K->1008498K(1467904K), 0.0118703 secs] [Times: user=0.02 sys=0.00, real=0.02 secs] 
2542.535: [GC (Allocation Failure) [PSYoungGen: 328319K->186100K(465920K)] 1241458K->1100486K(1467904K), 0.0207428 secs] [Times: user=0.03 sys=0.00, real=0.02 secs] 
2542.881: [GC (Allocation Failure) [PSYoungGen: 419060K->185972K(465920K)] 1333446K->1100630K(1467904K), 0.0206645 secs] [Times: user=0.03 sys=0.00, real=0.02 secs] 
2544.358: [GC (Allocation Failure) [PSYoungGen: 418932K->14887K(465920K)] 1333590K->929810K(1467904K), 0.0046489 secs] [Times: user=0.01 sys=0.00, real=0.00 secs] 
2544.968: [GC (Allocation Failure) [PSYoungGen: 247847K->122477K(465920K)] 1162770K->1037717K(1467904K), 0.0143968 secs] [Times: user=0.02 sys=0.00, real=0.02 secs] 
2545.305: [GC (Allocation Failure) [PSYoungGen: 355437K->185715K(465920K)] 1270677K->1102200K(1467904K), 0.0205627 secs] [Times: user=0.03 sys=0.00, real=0.02 secs] 
2546.248: [GC (Allocation Failure) [PSYoungGen: 418675K->174942K(465920K)] 1335160K->1091692K(1467904K), 0.0460796 secs] [Times: user=0.07 sys=0.00, real=0.05 secs] 
2548.352: [GC (Allocation Failure) [PSYoungGen: 407902K->64K(465920K)] 1324652K->918269K(1467904K), 0.0038220 secs] [Times: user=0.02 sys=0.00, real=0.00 secs] 
2549.122: [GC (Allocation Failure) [PSYoungGen: 233024K->147571K(465920K)] 1151229K->1065793K(1467904K), 0.0181150 secs] [Times: user=0.03 sys=0.00, real=0.02 secs] 
2549.410: [GC (Allocation Failure) [PSYoungGen: 380531K->185843K(465920K)] 1298753K->1105319K(1467904K), 0.0208325 secs] [Times: user=0.03 sys=0.00, real=0.02 secs] 
2550.091: [GC (Allocation Failure) [PSYoungGen: 418803K->157047K(465920K)] 1338279K->1076796K(1467904K), 0.0196554 secs] [Times: user=0.03 sys=0.00, real=0.02 secs] 
2551.992: [GC (Allocation Failure) [PSYoungGen: 390007K->64K(465920K)] 1309756K->921250K(1467904K), 0.0041616 secs] [Times: user=0.02 sys=0.00, real=0.00 secs] 
2552.510: [GC (Allocation Failure) [PSYoungGen: 233024K->173016K(465920K)] 1154210K->1094210K(1467904K), 0.0191837 secs] [Times: user=0.03 sys=0.00, real=0.02 secs] 
2552.794: [GC (Allocation Failure) [PSYoungGen: 405976K->185972K(465920K)] 1327170K->1108420K(1467904K), 0.0205891 secs] [Times: user=0.03 sys=0.00, real=0.02 secs] 
2553.688: [GC (Allocation Failure) [PSYoungGen: 418932K->139599K(465920K)] 1341380K->1062441K(1467904K), 0.0244313 secs] [Times: user=0.05 sys=0.00, real=0.03 secs] 
2556.629: [GC (Allocation Failure) [PSYoungGen: 372559K->13522K(465920K)] 1295401K->936527K(1467904K), 0.0071278 secs] [Times: user=0.03 sys=0.00, real=0.00 secs] 
2556.989: [GC (Allocation Failure) [PSYoungGen: 246482K->184430K(465920K)] 1169487K->1108696K(1467904K), 0.0204955 secs] [Times: user=0.03 sys=0.00, real=0.02 secs] 
2557.276: [GC (Allocation Failure) [PSYoungGen: 417390K->184430K(465920K)] 1341656K->1108969K(1467904K), 0.0204943 secs] [Times: user=0.03 sys=0.00, real=0.02 secs] 
2557.908: [GC (Allocation Failure) [PSYoungGen: 417390K->116337K(465920K)] 1341929K->1041141K(1467904K), 0.0144789 secs] [Times: user=0.03 sys=0.00, real=0.02 secs] 
2558.830: [GC (Allocation Failure) [PSYoungGen: 349297K->36559K(465920K)] 1274101K->961670K(1467904K), 0.0056786 secs] [Times: user=0.01 sys=0.00, real=0.00 secs] 
2559.102: [GC (Allocation Failure) [PSYoungGen: 269519K->186229K(465920K)] 1194630K->1112593K(1467904K), 0.0206735 secs] [Times: user=0.03 sys=0.01, real=0.02 secs] 
2559.446: [GC (Allocation Failure) [PSYoungGen: 419189K->185972K(465920K)] 1345553K->1112617K(1467904K), 0.0207222 secs] [Times: user=0.03 sys=0.00, real=0.02 secs] 
2560.174: [GC (Allocation Failure) [PSYoungGen: 418932K->73557K(465920K)] 1345577K->1000467K(1467904K), 0.0118444 secs] [Times: user=0.02 sys=0.00, real=0.01 secs] 
2561.043: [GC (Allocation Failure) [PSYoungGen: 306517K->62810K(465920K)] 1233427K->990029K(1467904K), 0.0082872 secs] [Times: user=0.01 sys=0.00, real=0.01 secs] 
2561.317: [GC (Allocation Failure) [PSYoungGen: 295770K->186389K(465920K)] 1222989K->1114861K(1467904K), 0.0207176 secs] [Times: user=0.03 sys=0.00, real=0.02 secs] 
2561.608: [GC (Allocation Failure) [PSYoungGen: 419349K->186004K(465920K)] 1347821K->1114757K(1467904K), 0.0205989 secs] [Times: user=0.03 sys=0.00, real=0.03 secs] 
2563.161: [GC (Allocation Failure) [PSYoungGen: 418964K->47162K(465920K)] 1347717K->976180K(1467904K), 0.0131764 secs] [Times: user=0.03 sys=0.00, real=0.01 secs] 
2564.196: [GC (Allocation Failure) [PSYoungGen: 280122K->88868K(465920K)] 1209140K->1018194K(1467904K), 0.0109234 secs] [Times: user=0.02 sys=0.00, real=0.01 secs] 
2564.475: [GC (Allocation Failure) [PSYoungGen: 321828K->186486K(465920K)] 1251154K->1117065K(1467904K), 0.0210068 secs] [Times: user=0.03 sys=0.00, real=0.02 secs] 
2564.764: [GC (Allocation Failure) [PSYoungGen: 419446K->186068K(465920K)] 1350025K->1116921K(1467904K), 0.0208259 secs] [Times: user=0.02 sys=0.00, real=0.02 secs] 
2567.500: [GC (Allocation Failure) [PSYoungGen: 419028K->20975K(465920K)] 1349881K->952093K(1467904K), 0.0105896 secs] [Times: user=0.04 sys=0.00, real=0.01 secs] 
2568.281: [GC (Allocation Failure) [PSYoungGen: 253935K->115440K(465920K)] 1185053K->1046871K(1467904K), 0.0136219 secs] [Times: user=0.02 sys=0.00, real=0.01 secs] 
2568.562: [GC (Allocation Failure) [PSYoungGen: 348400K->186004K(465920K)] 1279831K->1118801K(1467904K), 0.0206661 secs] [Times: user=0.03 sys=0.00, real=0.02 secs] 
2568.965: [GC (Allocation Failure) [PSYoungGen: 418964K->181354K(465920K)] 1351761K->1114296K(1467904K), 0.0236404 secs] [Times: user=0.04 sys=0.00, real=0.03 secs] 
2571.081: [GC (Allocation Failure) [PSYoungGen: 414314K->96K(465920K)] 1347256K->934477K(1467904K), 0.0044836 secs] [Times: user=0.02 sys=0.00, real=0.00 secs] 
2571.847: [GC (Allocation Failure) [PSYoungGen: 233056K->141046K(465920K)] 1167437K->1075451K(1467904K), 0.0161441 secs] [Times: user=0.02 sys=0.00, real=0.02 secs] 
2572.129: [GC (Allocation Failure) [PSYoungGen: 374006K->186100K(465920K)] 1308411K->1121760K(1467904K), 0.0206619 secs] [Times: user=0.03 sys=0.00, real=0.02 secs] 
2572.850: [GC (Allocation Failure) [PSYoungGen: 419060K->163345K(465920K)] 1354720K->1099277K(1467904K), 0.0220082 secs] [Times: user=0.04 sys=0.00, real=0.02 secs] 
2575.255: [GC (Allocation Failure) [PSYoungGen: 396305K->128K(465920K)] 1332237K->937505K(1467904K), 0.0032522 secs] [Times: user=0.02 sys=0.00, real=0.00 secs] 
2575.992: [GC (Allocation Failure) [PSYoungGen: 233088K->164919K(465920K)] 1170465K->1102329K(1467904K), 0.0184321 secs] [Times: user=0.02 sys=0.00, real=0.02 secs] 
2576.278: [GC (Allocation Failure) [PSYoungGen: 397879K->184944K(465920K)] 1335289K->1123599K(1467904K), 0.0205081 secs] [Times: user=0.03 sys=0.00, real=0.03 secs] 
2577.163: [GC (Allocation Failure) [PSYoungGen: 417214K->140548K(465920K)] 1355870K->1079598K(1467904K), 0.0187803 secs] [Times: user=0.03 sys=0.00, real=0.02 secs] 
2578.579: [GC (Allocation Failure) [PSYoungGen: 373508K->1473K(465920K)] 1312558K->940699K(1467904K), 0.0029423 secs] [Times: user=0.01 sys=0.00, real=0.00 secs] 
2578.863: [GC (Allocation Failure) [PSYoungGen: 234433K->184590K(465920K)] 1173659K->1125191K(1467904K), 0.0205552 secs] [Times: user=0.03 sys=0.00, real=0.02 secs] 
2579.147: [GC (Allocation Failure) [PSYoungGen: 417550K->184494K(465920K)] 1358151K->1125247K(1467904K), 0.0205704 secs] [Times: user=0.03 sys=0.00, real=0.02 secs] 
2580.070: [GC (Allocation Failure) [PSYoungGen: 417454K->128273K(465920K)] 1358207K->1069299K(1467904K), 0.0187208 secs] [Times: user=0.03 sys=0.00, real=0.02 secs] 
2581.217: [GC (Allocation Failure) [PSYoungGen: 361233K->24478K(465920K)] 1302259K->965804K(1467904K), 0.0057429 secs] [Times: user=0.02 sys=0.00, real=0.01 secs] 
2581.583: [GC (Allocation Failure) [PSYoungGen: 257438K->186486K(465920K)] 1198764K->1129058K(1467904K), 0.0208137 secs] [Times: user=0.03 sys=0.00, real=0.02 secs] 
2581.930: [GC (Allocation Failure) [PSYoungGen: 419446K->186036K(465920K)] 1362018K->1128881K(1467904K), 0.0207998 secs] [Times: user=0.03 sys=0.00, real=0.02 secs] 
2582.767: [GC (Allocation Failure) [PSYoungGen: 418996K->85269K(465920K)] 1361841K->1028379K(1467904K), 0.0129314 secs] [Times: user=0.02 sys=0.00, real=0.02 secs] 
2584.026: [GC (Allocation Failure) [PSYoungGen: 318229K->51918K(465920K)] 1261339K->995349K(1467904K), 0.0099335 secs] [Times: user=0.02 sys=0.00, real=0.01 secs] 
2584.316: [GC (Allocation Failure) [PSYoungGen: 284878K->185875K(465920K)] 1228309K->1130689K(1467904K), 0.0209767 secs] [Times: user=0.03 sys=0.00, real=0.02 secs] 
2584.655: [GC (Allocation Failure) [PSYoungGen: 418835K->185875K(465920K)] 1363649K->1130842K(1467904K), 0.0209494 secs] [Times: user=0.03 sys=0.00, real=0.02 secs] 
2585.693: [GC (Allocation Failure) [PSYoungGen: 418835K->58729K(465920K)] 1363802K->1003960K(1467904K), 0.0124167 secs] [Times: user=0.03 sys=0.00, real=0.01 secs] 
2586.814: [GC (Allocation Failure) [PSYoungGen: 291689K->76945K(465920K)] 1236920K->1022484K(1467904K), 0.0097503 secs] [Times: user=0.02 sys=0.00, real=0.01 secs] 
2587.087: [GC (Allocation Failure) [PSYoungGen: 309905K->184173K(465920K)] 1255444K->1130965K(1467904K), 0.0204704 secs] [Times: user=0.03 sys=0.00, real=0.02 secs] 
2587.369: [GC (Allocation Failure) [PSYoungGen: 417133K->183884K(465920K)] 1363925K->1130949K(1467904K), 0.0203888 secs] [Times: user=0.03 sys=0.00, real=0.02 secs] 
2588.198: [GC (Allocation Failure) [PSYoungGen: 416844K->37298K(465920K)] 1363909K->984757K(1467904K), 0.0094955 secs] [Times: user=0.02 sys=0.01, real=0.01 secs] 
2588.894: [GC (Allocation Failure) [PSYoungGen: 270258K->98987K(465920K)] 1217717K->1046631K(1467904K), 0.0119902 secs] [Times: user=0.02 sys=0.01, real=0.01 secs] 
2589.169: [GC (Allocation Failure) [PSYoungGen: 331947K->184044K(465920K)] 1279591K->1132934K(1467904K), 0.0204844 secs] [Times: user=0.03 sys=0.00, real=0.02 secs] 
2589.511: [GC (Allocation Failure) [PSYoungGen: 417004K->183980K(465920K)] 1365894K->1133143K(1467904K), 0.0208671 secs] [Times: user=0.02 sys=0.00, real=0.02 secs] 
2590.601: [GC (Allocation Failure) [PSYoungGen: 416940K->15256K(465920K)] 1366103K->964684K(1467904K), 0.0044198 secs] [Times: user=0.01 sys=0.00, real=0.00 secs] 
2591.161: [GC (Allocation Failure) [PSYoungGen: 248216K->122509K(465920K)] 1197644K->1072251K(1467904K), 0.0142904 secs] [Times: user=0.02 sys=0.00, real=0.01 secs] 
2591.525: [GC (Allocation Failure) [PSYoungGen: 355469K->186100K(465920K)] 1305211K->1137088K(1467904K), 0.0207350 secs] [Times: user=0.03 sys=0.00, real=0.02 secs] 
2591.933: [GC (Allocation Failure) [PSYoungGen: 419060K->174572K(465920K)] 1370048K->1125825K(1467904K), 0.0247237 secs] [Times: user=0.04 sys=0.00, real=0.02 secs] 
2593.527: [GC (Allocation Failure) [PSYoungGen: 407532K->64K(465920K)] 1358785K->952748K(1467904K), 0.0030103 secs] [Times: user=0.01 sys=0.01, real=0.01 secs] 
2594.120: [GC (Allocation Failure) [PSYoungGen: 233024K->148500K(465920K)] 1185708K->1101200K(1467904K), 0.0170276 secs] [Times: user=0.02 sys=0.00, real=0.01 secs] 
2594.405: [GC (Allocation Failure) [PSYoungGen: 381460K->186132K(465920K)] 1334160K->1140215K(1467904K), 0.0208183 secs] [Times: user=0.03 sys=0.00, real=0.02 secs] 
2595.088: [GC (Allocation Failure) [PSYoungGen: 419092K->155875K(465920K)] 1373175K->1110094K(1467904K), 0.0260117 secs] [Times: user=0.04 sys=0.00, real=0.02 secs] 
2596.633: [GC (Allocation Failure) [PSYoungGen: 388835K->64K(465920K)] 1343054K->955722K(1467904K), 0.0029611 secs] [Times: user=0.01 sys=0.00, real=0.00 secs] 
2596.972: [GC (Allocation Failure) [PSYoungGen: 233024K->174304K(465920K)] 1188682K->1129987K(1467904K), 0.0193612 secs] [Times: user=0.02 sys=0.00, real=0.02 secs] 
2597.308: [GC (Allocation Failure) [PSYoungGen: 407264K->186261K(465920K)] 1362947K->1143197K(1467904K), 0.0207227 secs] [Times: user=0.03 sys=0.00, real=0.03 secs] 
2597.802: [GC (Allocation Failure) [PSYoungGen: 419221K->138089K(465920K)] 1376157K->1095290K(1467904K), 0.0182649 secs] [Times: user=0.03 sys=0.00, real=0.02 secs] 
2598.769: [GC (Allocation Failure) [PSYoungGen: 371049K->15867K(465920K)] 1328250K->973392K(1467904K), 0.0036982 secs] [Times: user=0.01 sys=0.00, real=0.00 secs] 
2599.081: [GC (Allocation Failure) [PSYoungGen: 248827K->185715K(465920K)] 1206352K->1144477K(1467904K), 0.0206242 secs] [Times: user=0.03 sys=0.00, real=0.02 secs] 
2599.366: [GC (Allocation Failure) [PSYoungGen: 418675K->184494K(465920K)] 1377437K->1143529K(1467904K), 0.0208516 secs] [Times: user=0.03 sys=0.00, real=0.02 secs] 
2600.738: [GC (Allocation Failure) [PSYoungGen: 417454K->112738K(465920K)] 1376489K->1072175K(1467904K), 0.0203434 secs] [Times: user=0.04 sys=0.00, real=0.02 secs] 
2603.086: [GC (Allocation Failure) [PSYoungGen: 345698K->40573K(465920K)] 1305135K->1000181K(1467904K), 0.0083169 secs] [Times: user=0.02 sys=0.00, real=0.01 secs] 
2603.396: [GC (Allocation Failure) [PSYoungGen: 273533K->185843K(465920K)] 1233141K->1146705K(1467904K), 0.0206140 secs] [Times: user=0.02 sys=0.00, real=0.02 secs] 
2603.681: [GC (Allocation Failure) [PSYoungGen: 418803K->185843K(465920K)] 1379665K->1146978K(1467904K), 0.0207243 secs] [Times: user=0.03 sys=0.00, real=0.02 secs] 
2605.658: [GC (Allocation Failure) [PSYoungGen: 418803K->70087K(465920K)] 1379938K->1031487K(1467904K), 0.0244359 secs] [Times: user=0.05 sys=0.00, real=0.03 secs] 
2607.568: [GC (Allocation Failure) [PSYoungGen: 303047K->65509K(465920K)] 1264447K->1027217K(1467904K), 0.0099176 secs] [Times: user=0.02 sys=0.00, real=0.01 secs] 
2607.916: [GC (Allocation Failure) [PSYoungGen: 298469K->186357K(465920K)] 1260177K->1149319K(1467904K), 0.0206632 secs] [Times: user=0.03 sys=0.00, real=0.02 secs] 
2608.201: [GC (Allocation Failure) [PSYoungGen: 419317K->185972K(465920K)] 1382279K->1149343K(1467904K), 0.0206760 secs] [Times: user=0.03 sys=0.00, real=0.02 secs] 
2609.029: [GC (Allocation Failure) [PSYoungGen: 418932K->44463K(465920K)] 1382303K->1007970K(1467904K), 0.0080880 secs] [Times: user=0.02 sys=0.00, real=0.00 secs] 
2609.757: [GC (Allocation Failure) [PSYoungGen: 277412K->91821K(465920K)] 1240920K->1055634K(1467904K), 0.0113860 secs] [Times: user=0.02 sys=0.00, real=0.02 secs] 
2610.034: [GC (Allocation Failure) [PSYoungGen: 324781K->186486K(465920K)] 1288594K->1151545K(1467904K), 0.0206587 secs] [Times: user=0.03 sys=0.00, real=0.02 secs] 
2610.320: [GC (Allocation Failure) [PSYoungGen: 419446K->186100K(465920K)] 1384505K->1151432K(1467904K), 0.0206646 secs] [Times: user=0.03 sys=0.00, real=0.02 secs] 
2612.989: [GC (Allocation Failure) [PSYoungGen: 419060K->17987K(465920K)] 1384392K->983584K(1467904K), 0.0103039 secs] [Times: user=0.04 sys=0.00, real=0.01 secs] 
2614.310: [GC (Allocation Failure) [PSYoungGen: 250947K->118268K(465920K)] 1216544K->1084180K(1467904K), 0.0141456 secs] [Times: user=0.02 sys=0.00, real=0.01 secs] 
2614.646: [GC (Allocation Failure) [PSYoungGen: 351228K->186004K(465920K)] 1317140K->1153307K(1467904K), 0.0223940 secs] [Times: user=0.04 sys=0.00, real=0.03 secs] 
2614.991: [GC (Allocation Failure) [PSYoungGen: 418964K->178990K(465920K)] 1386267K->1146438K(1467904K), 0.0226419 secs] [Times: user=0.03 sys=0.00, real=0.02 secs] 
2616.051: [GC (Allocation Failure) [PSYoungGen: 411950K->96K(465920K)] 1379398K->968992K(1467904K), 0.0030302 secs] [Times: user=0.01 sys=0.00, real=0.00 secs] 
2616.645: [GC (Allocation Failure) [PSYoungGen: 233056K->142427K(465920K)] 1201952K->1111332K(1467904K), 0.0163125 secs] [Times: user=0.03 sys=0.00, real=0.02 secs] 
2616.924: [GC (Allocation Failure) [PSYoungGen: 375387K->184301K(465920K)] 1344292K->1154444K(1467904K), 0.0205187 secs] [Times: user=0.03 sys=0.00, real=0.02 secs] 
2617.433: [GC (Allocation Failure) [PSYoungGen: 413590K->159555K(465920K)] 1383733K->1130091K(1467904K), 0.0354816 secs] [Times: user=0.05 sys=0.00, real=0.04 secs] 
2619.222: [GC (Allocation Failure) [PSYoungGen: 392515K->32K(465920K)] 1363051K->971869K(1467904K), 0.0037584 secs] [Times: user=0.02 sys=0.00, real=0.00 secs] 
2619.862: [GC (Allocation Failure) [PSYoungGen: 232992K->161352K(465920K)] 1204829K->1133214K(1467904K), 0.0180932 secs] [Times: user=0.03 sys=0.00, real=0.02 secs] 
2620.143: [GC (Allocation Failure) [PSYoungGen: 394312K->184687K(465920K)] 1366174K->1157794K(1467904K), 0.0205340 secs] [Times: user=0.03 sys=0.00, real=0.02 secs] 
2621.439: [GC (Allocation Failure) [PSYoungGen: 417647K->144388K(465920K)] 1390754K->1117760K(1467904K), 0.0397304 secs] [Times: user=0.07 sys=0.00, real=0.04 secs] 
2622.476: [GC (Allocation Failure) [PSYoungGen: 377348K->96K(465920K)] 1350720K->974915K(1467904K), 0.0030542 secs] [Times: user=0.02 sys=0.00, real=0.01 secs] 
2622.789: [GC (Allocation Failure) [PSYoungGen: 233056K->186578K(465920K)] 1207875K->1161422K(1467904K), 0.0207423 secs] [Times: user=0.02 sys=0.00, real=0.02 secs] 
2623.073: [GC (Allocation Failure) [PSYoungGen: 419538K->184847K(465920K)] 1394382K->1160945K(1467904K), 0.0207313 secs] [Times: user=0.03 sys=0.00, real=0.02 secs] 
2623.621: [GC (Allocation Failure) [PSYoungGen: 417807K->127229K(465920K)] 1393905K->1103591K(1467904K), 0.0161422 secs] [Times: user=0.03 sys=0.00, real=0.01 secs] 
2624.578: [GC (Allocation Failure) [PSYoungGen: 360189K->25378K(465920K)] 1336551K->1002048K(1467904K), 0.0055920 secs] [Times: user=0.01 sys=0.00, real=0.00 secs] 
2624.856: [GC (Allocation Failure) [PSYoungGen: 258338K->186389K(465920K)] 1235008K->1164314K(1467904K), 0.0207408 secs] [Times: user=0.03 sys=0.00, real=0.02 secs] 
2625.195: [GC (Allocation Failure) [PSYoungGen: 419349K->185972K(465920K)] 1397274K->1164298K(1467904K), 0.0208508 secs] [Times: user=0.03 sys=0.00, real=0.02 secs] 
2625.941: [GC (Allocation Failure) [PSYoungGen: 418932K->84626K(465920K)] 1397258K->1063096K(1467904K), 0.0129243 secs] [Times: user=0.02 sys=0.00, real=0.01 secs] 
2627.431: [GC (Allocation Failure) [PSYoungGen: 317586K->51883K(465920K)] 1296056K->1030661K(1467904K), 0.0084333 secs] [Times: user=0.02 sys=0.00, real=0.01 secs] 
2627.771: [GC (Allocation Failure) [PSYoungGen: 284843K->186132K(465920K)] 1263621K->1166164K(1467904K), 0.0209592 secs] [Times: user=0.03 sys=0.00, real=0.02 secs] 
2628.056: [GC (Allocation Failure) [PSYoungGen: 419092K->186004K(465920K)] 1399124K->1166437K(1467904K), 0.0207844 secs] [Times: user=0.03 sys=0.00, real=0.02 secs] 
2629.450: [GC (Allocation Failure) [PSYoungGen: 418964K->58359K(465920K)] 1399397K->1039058K(1467904K), 0.0102448 secs] [Times: user=0.02 sys=0.00, real=0.01 secs] 
2630.710: [GC (Allocation Failure) [PSYoungGen: 291319K->78005K(465920K)] 1272018K->1058873K(1467904K), 0.0098519 secs] [Times: user=0.02 sys=0.00, real=0.01 secs] 
2630.985: [GC (Allocation Failure) [PSYoungGen: 310965K->185875K(465920K)] 1291833K->1167997K(1467904K), 0.0207593 secs] [Times: user=0.03 sys=0.00, real=0.02 secs] 
2631.269: [GC (Allocation Failure) [PSYoungGen: 418835K->184430K(465920K)] 1400957K->1166824K(1467904K), 0.0206754 secs] [Times: user=0.03 sys=0.00, real=0.02 secs] 
2633.002: [GC (Allocation Failure) [PSYoungGen: 417390K->34084K(465920K)] 1399784K->1016744K(1467904K), 0.0072740 secs] [Times: user=0.03 sys=0.00, real=0.01 secs] 
2634.071: [GC (Allocation Failure) [PSYoungGen: 267044K->101717K(465920K)] 1249704K->1084685K(1467904K), 0.0123085 secs] [Times: user=0.02 sys=0.00, real=0.01 secs] 
2634.345: [GC (Allocation Failure) [PSYoungGen: 334677K->183916K(465920K)] 1317645K->1168137K(1467904K), 0.0204413 secs] [Times: user=0.03 sys=0.00, real=0.02 secs] 
2634.633: [GC (Allocation Failure) [PSYoungGen: 416876K->184398K(465920K)] 1401097K->1168892K(1467904K), 0.0204471 secs] [Times: user=0.03 sys=0.00, real=0.02 secs] 
2637.611: [GC (Allocation Failure) [PSYoungGen: 417358K->12300K(465920K)] 1401852K->997059K(1467904K), 0.0069999 secs] [Times: user=0.03 sys=0.00, real=0.01 secs] 
2638.430: [GC (Allocation Failure) [PSYoungGen: 245260K->123120K(465920K)] 1230019K->1108171K(1467904K), 0.0143748 secs] [Times: user=0.02 sys=0.00, real=0.01 secs] 
2638.707: [GC (Allocation Failure) [PSYoungGen: 356080K->184205K(465920K)] 1341131K->1170510K(1467904K), 0.0206747 secs] [Times: user=0.03 sys=0.00, real=0.02 secs] 
2639.256: [GC (Allocation Failure) [PSYoungGen: 417165K->175842K(465920K)] 1403470K->1162420K(1467904K), 0.0242313 secs] [Times: user=0.03 sys=0.00, real=0.03 secs] 
2642.015: [GC (Allocation Failure) [PSYoungGen: 408802K->96K(465920K)] 1395380K->988115K(1467904K), 0.0031421 secs] [Times: user=0.01 sys=0.01, real=0.01 secs] 
2642.478: [GC (Allocation Failure) [PSYoungGen: 233056K->146575K(465920K)] 1221075K->1134611K(1467904K), 0.0175182 secs] [Times: user=0.02 sys=0.00, real=0.01 secs] 
2642.860: [GC (Allocation Failure) [PSYoungGen: 379535K->186100K(465920K)] 1367571K->1175382K(1467904K), 0.0207695 secs] [Times: user=0.03 sys=0.00, real=0.02 secs] 
2643.498: [GC (Allocation Failure) [PSYoungGen: 419060K->157755K(465920K)] 1408342K->1147301K(1467904K), 0.0351930 secs] [Times: user=0.06 sys=0.00, real=0.03 secs] 
2645.108: [GC (Allocation Failure) [PSYoungGen: 390715K->96K(465920K)] 1380261K->991078K(1467904K), 0.0032918 secs] [Times: user=0.02 sys=0.00, real=0.00 secs] 
2645.500: [GC (Allocation Failure) [PSYoungGen: 233056K->173562K(465920K)] 1224038K->1164584K(1467904K), 0.0193695 secs] [Times: user=0.03 sys=0.00, real=0.02 secs] 
2645.789: [GC (Allocation Failure) [PSYoungGen: 406522K->185875K(465920K)] 1397544K->1178272K(1467904K), 0.0208979 secs] [Times: user=0.03 sys=0.00, real=0.02 secs] 
2646.348: [GC (Allocation Failure) [PSYoungGen: 418835K->139230K(465920K)] 1411232K->1131891K(1467904K), 0.0165255 secs] [Times: user=0.03 sys=0.00, real=0.02 secs] 
2647.412: [GC (Allocation Failure) [PSYoungGen: 372190K->14582K(465920K)] 1364851K->1007422K(1467904K), 0.0046732 secs] [Times: user=0.02 sys=0.00, real=0.00 secs] 
2647.695: [GC (Allocation Failure) [PSYoungGen: 247542K->185715K(465920K)] 1240382K->1179801K(1467904K), 0.0208587 secs] [Times: user=0.03 sys=0.00, real=0.02 secs] 
2647.981: [GC (Allocation Failure) [PSYoungGen: 418675K->185875K(465920K)] 1412761K->1180235K(1467904K), 0.0208694 secs] [Times: user=0.03 sys=0.00, real=0.02 secs] 
2649.389: [GC (Allocation Failure) [PSYoungGen: 418835K->112609K(465920K)] 1413195K->1107234K(1467904K), 0.0161061 secs] [Times: user=0.04 sys=0.00, real=0.01 secs] 
2652.365: [GC (Allocation Failure) [PSYoungGen: 345569K->39516K(465920K)] 1340194K->1034445K(1467904K), 0.0088344 secs] [Times: user=0.03 sys=0.00, real=0.01 secs] 
2652.685: [GC (Allocation Failure) [PSYoungGen: 272476K->185843K(465920K)] 1267405K->1182027K(1467904K), 0.0270213 secs] [Times: user=0.04 sys=0.00, real=0.03 secs] 
2653.082: [GC (Allocation Failure) [PSYoungGen: 418803K->185875K(465920K)] 1414987K->1182460K(1467904K), 0.0208931 secs] [Times: user=0.03 sys=0.00, real=0.02 secs] 
2655.569: [GC (Allocation Failure) [PSYoungGen: 418835K->71115K(465920K)] 1415420K->1067837K(1467904K), 0.0252802 secs] [Times: user=0.05 sys=0.00, real=0.02 secs] 
2656.996: [GC (Allocation Failure) [PSYoungGen: 304075K->65378K(465920K)] 1300797K->1062405K(1467904K), 0.0085933 secs] [Times: user=0.02 sys=0.00, real=0.01 secs] 
2657.268: [GC (Allocation Failure) [PSYoungGen: 298338K->184526K(465920K)] 1295365K->1182807K(1467904K), 0.0206549 secs] [Times: user=0.03 sys=0.00, real=0.02 secs] 
2657.554: [GC (Allocation Failure) [PSYoungGen: 417486K->186357K(465920K)] 1415767K->1184911K(1467904K), 0.0207479 secs] [Times: user=0.03 sys=0.00, real=0.02 secs] 
2659.487: [GC (Allocation Failure) [PSYoungGen: 419317K->46069K(465920K)] 1417871K->1044888K(1467904K), 0.0118454 secs] [Times: user=0.04 sys=0.00, real=0.02 secs] 
2660.779: [GC (Allocation Failure) [PSYoungGen: 279029K->89800K(465920K)] 1277848K->1088935K(1467904K), 0.0129903 secs] [Times: user=0.02 sys=0.00, real=0.01 secs] 
2661.069: [GC (Allocation Failure) [PSYoungGen: 322760K->184173K(465920K)] 1321895K->1184561K(1467904K), 0.0207008 secs] [Times: user=0.03 sys=0.00, real=0.02 secs] 
2661.090: [Full GC (Ergonomics) [PSYoungGen: 184173K->0K(465920K)] [ParOldGen: 1000388K->533852K(1025024K)] 1184561K->533852K(1490944K), [Metaspace: 56383K->56383K(1101824K)], 0.0541916 secs] [Times: user=0.23 sys=0.00, real=0.05 secs] 
2661.408: [GC (Allocation Failure) [PSYoungGen: 232960K->184430K(465920K)] 766812K->718282K(1490944K), 0.0202373 secs] [Times: user=0.03 sys=0.00, real=0.02 secs] 
2663.680: [GC (Allocation Failure) [PSYoungGen: 417390K->56699K(465920K)] 951242K->590721K(1490944K), 0.0069986 secs] [Times: user=0.02 sys=0.00, real=0.00 secs] 
2665.047: [GC (Allocation Failure) [PSYoungGen: 289659K->98989K(465920K)] 823681K->633311K(1490944K), 0.0113654 secs] [Times: user=0.02 sys=0.00, real=0.02 secs] 
2665.325: [GC (Allocation Failure) [PSYoungGen: 331949K->184430K(465920K)] 866271K->720141K(1490944K), 0.0200540 secs] [Times: user=0.02 sys=0.00, real=0.02 secs] 
2665.610: [GC (Allocation Failure) [PSYoungGen: 417390K->184558K(465920K)] 953101K->720414K(1490944K), 0.0200149 secs] [Times: user=0.03 sys=0.00, real=0.02 secs] 
2666.445: [GC (Allocation Failure) [PSYoungGen: 417518K->47156K(465920K)] 953374K->583278K(1490944K), 0.0057646 secs] [Times: user=0.03 sys=0.00, real=0.01 secs] 
2667.125: [GC (Allocation Failure) [PSYoungGen: 280116K->109368K(465920K)] 816238K->645797K(1490944K), 0.0123366 secs] [Times: user=0.02 sys=0.00, real=0.01 secs] 
2667.401: [GC (Allocation Failure) [PSYoungGen: 342328K->184301K(465920K)] 878757K->721984K(1490944K), 0.0198582 secs] [Times: user=0.02 sys=0.00, real=0.02 secs] 
2667.690: [GC (Allocation Failure) [PSYoungGen: 417261K->184687K(465920K)] 954944K->722642K(1490944K), 0.0200593 secs] [Times: user=0.02 sys=0.00, real=0.02 secs] 
2669.588: [GC (Allocation Failure) [PSYoungGen: 417647K->36810K(465920K)] 955602K->575031K(1490944K), 0.0060624 secs] [Times: user=0.03 sys=0.00, real=0.01 secs] 
2670.390: [GC (Allocation Failure) [PSYoungGen: 269770K->118782K(465920K)] 807991K->657316K(1490944K), 0.0133863 secs] [Times: user=0.02 sys=0.00, real=0.01 secs] 
2670.667: [GC (Allocation Failure) [PSYoungGen: 351742K->184076K(465920K)] 890276K->723984K(1490944K), 0.0201018 secs] [Times: user=0.03 sys=0.00, real=0.02 secs] 
2671.022: [GC (Allocation Failure) [PSYoungGen: 417036K->179972K(465920K)] 956944K->720033K(1490944K), 0.0222325 secs] [Times: user=0.03 sys=0.00, real=0.02 secs] 
2672.085: [GC (Allocation Failure) [PSYoungGen: 412932K->32864K(465920K)] 952993K->574370K(1490944K), 0.0041803 secs] [Times: user=0.02 sys=0.00, real=0.01 secs] 
2673.096: [GC (Allocation Failure) [PSYoungGen: 265824K->127647K(465920K)] 807330K->669170K(1490944K), 0.0143279 secs] [Times: user=0.02 sys=0.00, real=0.02 secs] 
2673.382: [GC (Allocation Failure) [PSYoungGen: 360607K->184173K(465920K)] 902130K->727077K(1490944K), 0.0200291 secs] [Times: user=0.02 sys=0.00, real=0.02 secs] 
2673.793: [GC (Allocation Failure) [PSYoungGen: 417133K->172479K(465920K)] 960037K->715529K(1490944K), 0.0213760 secs] [Times: user=0.03 sys=0.00, real=0.02 secs] 
2674.780: [GC (Allocation Failure) [PSYoungGen: 405439K->32896K(465920K)] 948489K->577381K(1490944K), 0.0041391 secs] [Times: user=0.02 sys=0.00, real=0.00 secs] 
2675.594: [GC (Allocation Failure) [PSYoungGen: 265856K->136133K(465920K)] 810341K->680658K(1490944K), 0.0150774 secs] [Times: user=0.02 sys=0.00, real=0.02 secs] 
2675.872: [GC (Allocation Failure) [PSYoungGen: 369093K->184430K(465920K)] 913618K->730337K(1490944K), 0.0202354 secs] [Times: user=0.03 sys=0.00, real=0.02 secs] 
2676.352: [GC (Allocation Failure) [PSYoungGen: 417390K->165708K(465920K)] 963297K->711760K(1490944K), 0.0289486 secs] [Times: user=0.07 sys=0.00, real=0.03 secs] 
2677.601: [GC (Allocation Failure) [PSYoungGen: 398668K->64K(465920K)] 944720K->547555K(1490944K), 0.0031609 secs] [Times: user=0.01 sys=0.00, real=0.00 secs] 
2678.313: [GC (Allocation Failure) [PSYoungGen: 233024K->145804K(465920K)] 780515K->693312K(1490944K), 0.0160062 secs] [Times: user=0.03 sys=0.00, real=0.02 secs] 
2678.593: [GC (Allocation Failure) [PSYoungGen: 378764K->184333K(465920K)] 926272K->733095K(1490944K), 0.0199258 secs] [Times: user=0.03 sys=0.00, real=0.02 secs] 
2679.037: [GC (Allocation Failure) [PSYoungGen: 417293K->160357K(465920K)] 966055K->709384K(1490944K), 0.0185894 secs] [Times: user=0.03 sys=0.00, real=0.02 secs] 
2679.920: [GC (Allocation Failure) [PSYoungGen: 393317K->64K(465920K)] 942344K->550538K(1490944K), 0.0024246 secs] [Times: user=0.01 sys=0.00, real=0.00 secs] 
2680.330: [GC (Allocation Failure) [PSYoungGen: 233024K->155026K(465920K)] 783498K->705516K(1490944K), 0.0169595 secs] [Times: user=0.03 sys=0.00, real=0.01 secs] 
2680.609: [GC (Allocation Failure) [PSYoungGen: 387986K->184237K(465920K)] 938476K->735980K(1490944K), 0.0198759 secs] [Times: user=0.03 sys=0.00, real=0.02 secs] 
2682.395: [GC (Allocation Failure) [PSYoungGen: 417197K->151232K(465920K)] 968940K->703369K(1490944K), 0.0397088 secs] [Times: user=0.06 sys=0.00, real=0.04 secs] 
2684.724: [GC (Allocation Failure) [PSYoungGen: 384192K->96K(465920K)] 936329K->553552K(1490944K), 0.0031226 secs] [Times: user=0.02 sys=0.00, real=0.00 secs] 
2685.454: [GC (Allocation Failure) [PSYoungGen: 233056K->163797K(465920K)] 786512K->717294K(1490944K), 0.0178952 secs] [Times: user=0.03 sys=0.00, real=0.02 secs] 
2685.736: [GC (Allocation Failure) [PSYoungGen: 396757K->184333K(465920K)] 950254K->739083K(1490944K), 0.0202159 secs] [Times: user=0.03 sys=0.00, real=0.02 secs] 
2686.501: [GC (Allocation Failure) [PSYoungGen: 417293K->142332K(465920K)] 972043K->697355K(1490944K), 0.0178269 secs] [Times: user=0.02 sys=0.00, real=0.02 secs] 
2687.609: [GC (Allocation Failure) [PSYoungGen: 375292K->64K(465920K)] 930315K->556528K(1490944K), 0.0022197 secs] [Times: user=0.01 sys=0.00, real=0.00 secs] 
2687.952: [GC (Allocation Failure) [PSYoungGen: 233024K->173147K(465920K)] 789488K->729628K(1490944K), 0.0188715 secs] [Times: user=0.02 sys=0.00, real=0.02 secs] 
2688.234: [GC (Allocation Failure) [PSYoungGen: 406107K->184462K(465920K)] 962588K->742188K(1490944K), 0.0200203 secs] [Times: user=0.02 sys=0.00, real=0.02 secs] 
2689.139: [GC (Allocation Failure) [PSYoungGen: 417422K->141045K(465920K)] 975148K->699037K(1490944K), 0.0210743 secs] [Times: user=0.03 sys=0.00, real=0.02 secs] 
2691.403: [GC (Allocation Failure) [PSYoungGen: 374005K->64K(465920K)] 931997K->559501K(1490944K), 0.0027279 secs] [Times: user=0.02 sys=0.00, real=0.00 secs] 
2691.758: [GC (Allocation Failure) [PSYoungGen: 233024K->183525K(465920K)] 792461K->742979K(1490944K), 0.0197937 secs] [Times: user=0.03 sys=0.00, real=0.02 secs] 
2692.048: [GC (Allocation Failure) [PSYoungGen: 416485K->186389K(465920K)] 975939K->747225K(1490944K), 0.0201973 secs] [Times: user=0.03 sys=0.00, real=0.02 secs] 
2693.313: [GC (Allocation Failure) [PSYoungGen: 419349K->128771K(465920K)] 980185K->689743K(1490944K), 0.0341469 secs] [Times: user=0.07 sys=0.01, real=0.03 secs] 
2694.990: [GC (Allocation Failure) [PSYoungGen: 361731K->11398K(465920K)] 922703K->572686K(1490944K), 0.0058067 secs] [Times: user=0.02 sys=0.00, real=0.00 secs] 
2695.362: [GC (Allocation Failure) [PSYoungGen: 244358K->186421K(465920K)] 805646K->748971K(1490944K), 0.0204277 secs] [Times: user=0.03 sys=0.00, real=0.02 secs] 
2695.647: [GC (Allocation Failure) [PSYoungGen: 419381K->185940K(465920K)] 981931K->748891K(1490944K), 0.0202808 secs] [Times: user=0.02 sys=0.00, real=0.02 secs] 
2696.908: [GC (Allocation Failure) [PSYoungGen: 418900K->115083K(465920K)] 981851K->678171K(1490944K), 0.0229740 secs] [Times: user=0.04 sys=0.00, real=0.03 secs] 
2698.782: [GC (Allocation Failure) [PSYoungGen: 348043K->25153K(465920K)] 911131K->588557K(1490944K), 0.0055987 secs] [Times: user=0.02 sys=0.00, real=0.00 secs] 
2699.091: [GC (Allocation Failure) [PSYoungGen: 258113K->184590K(465920K)] 821517K->749240K(1490944K), 0.0199592 secs] [Times: user=0.02 sys=0.01, real=0.02 secs] 
2699.376: [GC (Allocation Failure) [PSYoungGen: 417550K->186389K(465920K)] 982200K->751449K(1490944K), 0.0202654 secs] [Times: user=0.03 sys=0.00, real=0.02 secs] 
2700.561: [GC (Allocation Failure) [PSYoungGen: 419349K->102633K(465920K)] 984409K->667829K(1490944K), 0.0301529 secs] [Times: user=0.06 sys=0.00, real=0.03 secs] 
2702.099: [GC (Allocation Failure) [PSYoungGen: 335593K->37970K(465920K)] 900789K->603480K(1490944K), 0.0082643 secs] [Times: user=0.02 sys=0.00, real=0.00 secs] 
2702.510: [GC (Allocation Failure) [PSYoungGen: 270930K->185747K(465920K)] 836440K->752510K(1490944K), 0.0202003 secs] [Times: user=0.03 sys=0.00, real=0.02 secs] 
2702.796: [GC (Allocation Failure) [PSYoungGen: 418707K->184398K(465920K)] 985470K->751442K(1490944K), 0.0199033 secs] [Times: user=0.02 sys=0.00, real=0.02 secs] 
2703.429: [GC (Allocation Failure) [PSYoungGen: 405951K->90616K(465920K)] 972995K->658053K(1490944K), 0.0116766 secs] [Times: user=0.02 sys=0.00, real=0.01 secs] 
2704.234: [GC (Allocation Failure) [PSYoungGen: 323576K->38166K(465920K)] 891013K->605783K(1490944K), 0.0052903 secs] [Times: user=0.02 sys=0.00, real=0.01 secs] 
2704.502: [GC (Allocation Failure) [PSYoungGen: 271126K->184205K(465920K)] 838743K->753075K(1490944K), 0.0199139 secs] [Times: user=0.03 sys=0.00, real=0.02 secs] 
2704.787: [GC (Allocation Failure) [PSYoungGen: 417165K->184076K(465920K)] 986035K->753228K(1490944K), 0.0199812 secs] [Times: user=0.02 sys=0.00, real=0.02 secs] 
2706.578: [GC (Allocation Failure) [PSYoungGen: 409003K->92383K(465920K)] 978154K->661800K(1490944K), 0.0146066 secs] [Times: user=0.02 sys=0.00, real=0.02 secs] 
2708.030: [GC (Allocation Failure) [PSYoungGen: 325343K->37713K(465920K)] 894760K->607437K(1490944K), 0.0087878 secs] [Times: user=0.02 sys=0.00, real=0.01 secs] 
2708.376: [GC (Allocation Failure) [PSYoungGen: 270673K->183819K(465920K)] 840397K->754797K(1490944K), 0.0199399 secs] [Times: user=0.02 sys=0.00, real=0.02 secs] 
2708.721: [GC (Allocation Failure) [PSYoungGen: 416779K->184590K(465920K)] 987757K->755841K(1490944K), 0.0201972 secs] [Times: user=0.02 sys=0.00, real=0.02 secs] 
2710.306: [GC (Allocation Failure) [PSYoungGen: 409664K->92576K(465920K)] 980915K->664221K(1490944K), 0.0262922 secs] [Times: user=0.06 sys=0.00, real=0.03 secs] 
2712.054: [GC (Allocation Failure) [PSYoungGen: 325536K->37588K(465920K)] 897181K->609417K(1490944K), 0.0088378 secs] [Times: user=0.02 sys=0.00, real=0.01 secs] 
2712.398: [GC (Allocation Failure) [PSYoungGen: 270548K->184076K(465920K)] 842377K->757159K(1490944K), 0.0199000 secs] [Times: user=0.02 sys=0.00, real=0.02 secs] 
2712.686: [GC (Allocation Failure) [PSYoungGen: 417036K->184526K(465920K)] 990119K->757882K(1490944K), 0.0202367 secs] [Times: user=0.03 sys=0.00, real=0.02 secs] 
2713.789: [GC (Allocation Failure) [PSYoungGen: 409720K->92480K(465920K)] 983076K->666101K(1490944K), 0.0194976 secs] [Times: user=0.04 sys=0.00, real=0.02 secs] 
2716.504: [GC (Allocation Failure) [PSYoungGen: 325440K->38134K(465920K)] 899061K->612069K(1490944K), 0.0066918 secs] [Times: user=0.01 sys=0.00, real=0.01 secs] 
2716.796: [GC (Allocation Failure) [PSYoungGen: 271094K->184590K(465920K)] 845029K->759787K(1490944K), 0.0199252 secs] [Times: user=0.03 sys=0.00, real=0.02 secs] 
2717.079: [GC (Allocation Failure) [PSYoungGen: 417550K->184847K(465920K)] 992747K->760325K(1490944K), 0.0200383 secs] [Times: user=0.03 sys=0.00, real=0.02 secs] 
2718.301: [GC (Allocation Failure) [PSYoungGen: 407215K->91178K(465920K)] 982693K->666921K(1490944K), 0.0241752 secs] [Times: user=0.05 sys=0.00, real=0.02 secs] 
2719.579: [GC (Allocation Failure) [PSYoungGen: 324138K->38102K(465920K)] 899881K->614145K(1490944K), 0.0072899 secs] [Times: user=0.02 sys=0.00, real=0.00 secs] 
2719.965: [GC (Allocation Failure) [PSYoungGen: 271062K->184719K(465920K)] 847105K->762007K(1490944K), 0.0203502 secs] [Times: user=0.02 sys=0.00, real=0.02 secs] 
2720.304: [GC (Allocation Failure) [PSYoungGen: 417679K->184623K(465920K)] 994967K->762184K(1490944K), 0.0201958 secs] [Times: user=0.02 sys=0.00, real=0.02 secs] 
2722.369: [GC (Allocation Failure) [PSYoungGen: 407035K->91210K(465920K)] 984597K->669045K(1490944K), 0.0272146 secs] [Times: user=0.06 sys=0.00, real=0.02 secs] 
2724.349: [GC (Allocation Failure) [PSYoungGen: 324170K->37909K(465920K)] 902005K->616061K(1490944K), 0.0072037 secs] [Times: user=0.01 sys=0.00, real=0.00 secs] 
2724.662: [GC (Allocation Failure) [PSYoungGen: 270869K->184719K(465920K)] 849021K->764125K(1490944K), 0.0200863 secs] [Times: user=0.03 sys=0.00, real=0.02 secs] 
2725.011: [GC (Allocation Failure) [PSYoungGen: 417679K->184719K(465920K)] 997085K->764398K(1490944K), 0.0202470 secs] [Times: user=0.02 sys=0.00, real=0.02 secs] 
2726.162: [GC (Allocation Failure) [PSYoungGen: 407279K->91516K(465920K)] 986958K->671460K(1490944K), 0.0144406 secs] [Times: user=0.03 sys=0.00, real=0.01 secs] 
2728.694: [GC (Allocation Failure) [PSYoungGen: 324476K->37585K(465920K)] 904420K->617829K(1490944K), 0.0082831 secs] [Times: user=0.02 sys=0.00, real=0.01 secs] 
2729.016: [GC (Allocation Failure) [PSYoungGen: 270545K->183980K(465920K)] 850789K->765477K(1490944K), 0.0201136 secs] [Times: user=0.02 sys=0.00, real=0.02 secs] 
2729.351: [GC (Allocation Failure) [PSYoungGen: 416940K->184430K(465920K)] 998437K->766337K(1490944K), 0.0201774 secs] [Times: user=0.03 sys=0.00, real=0.02 secs] 
2730.484: [GC (Allocation Failure) [PSYoungGen: 409660K->92785K(465920K)] 991568K->674828K(1490944K), 0.0124669 secs] [Times: user=0.02 sys=0.00, real=0.01 secs] 
2731.426: [GC (Allocation Failure) [PSYoungGen: 325745K->38037K(465920K)] 907788K->620389K(1490944K), 0.0053361 secs] [Times: user=0.01 sys=0.00, real=0.01 secs] 
2731.759: [GC (Allocation Failure) [PSYoungGen: 270997K->184687K(465920K)] 853349K->768292K(1490944K), 0.0200660 secs] [Times: user=0.02 sys=0.00, real=0.02 secs] 
2732.047: [GC (Allocation Failure) [PSYoungGen: 417647K->184719K(465920K)] 1001252K->768725K(1490944K), 0.0200835 secs] [Times: user=0.03 sys=0.00, real=0.02 secs] 
2733.724: [GC (Allocation Failure) [PSYoungGen: 407160K->91355K(465920K)] 991167K->675627K(1490944K), 0.0187238 secs] [Times: user=0.03 sys=0.00, real=0.02 secs] 
2736.081: [GC (Allocation Failure) [PSYoungGen: 324315K->37748K(465920K)] 908587K->622199K(1490944K), 0.0074632 secs] [Times: user=0.02 sys=0.00, real=0.01 secs] 
2736.400: [GC (Allocation Failure) [PSYoungGen: 270708K->184719K(465920K)] 855159K->770431K(1490944K), 0.0200252 secs] [Times: user=0.03 sys=0.00, real=0.02 secs] 
2736.744: [GC (Allocation Failure) [PSYoungGen: 417679K->184687K(465920K)] 1003391K->770672K(1490944K), 0.0201982 secs] [Times: user=0.03 sys=0.00, real=0.02 secs] 
2737.919: [GC (Allocation Failure) [PSYoungGen: 407243K->91628K(465920K)] 993229K->677887K(1490944K), 0.0131866 secs] [Times: user=0.03 sys=0.00, real=0.01 secs] 
2740.093: [GC (Allocation Failure) [PSYoungGen: 324588K->37874K(465920K)] 910847K->624448K(1490944K), 0.0072900 secs] [Times: user=0.02 sys=0.00, real=0.01 secs] 
2740.470: [GC (Allocation Failure) [PSYoungGen: 270834K->183787K(465920K)] 857408K->771615K(1490944K), 0.0200904 secs] [Times: user=0.03 sys=0.00, real=0.02 secs] 
2740.753: [GC (Allocation Failure) [PSYoungGen: 416747K->184719K(465920K)] 1004575K->772820K(1490944K), 0.0200947 secs] [Times: user=0.03 sys=0.00, real=0.02 secs] 
2741.595: [GC (Allocation Failure) [PSYoungGen: 410139K->92399K(465920K)] 998240K->680765K(1490944K), 0.0118310 secs] [Times: user=0.02 sys=0.00, real=0.01 secs] 
2742.409: [GC (Allocation Failure) [PSYoungGen: 325359K->38066K(465920K)] 913725K->626732K(1490944K), 0.0053637 secs] [Times: user=0.01 sys=0.00, real=0.00 secs] 
2742.679: [GC (Allocation Failure) [PSYoungGen: 271026K->184590K(465920K)] 859692K->774510K(1490944K), 0.0200463 secs] [Times: user=0.03 sys=0.00, real=0.02 secs] 
2742.967: [GC (Allocation Failure) [PSYoungGen: 417550K->184815K(465920K)] 1007470K->775008K(1490944K), 0.0202037 secs] [Times: user=0.03 sys=0.00, real=0.02 secs] 
2743.578: [GC (Allocation Failure) [PSYoungGen: 407312K->91339K(465920K)] 997504K->681797K(1490944K), 0.0105431 secs] [Times: user=0.02 sys=0.01, real=0.02 secs] 
2744.373: [GC (Allocation Failure) [PSYoungGen: 324299K->37909K(465920K)] 914757K->628680K(1490944K), 0.0054831 secs] [Times: user=0.01 sys=0.01, real=0.01 secs] 
2744.641: [GC (Allocation Failure) [PSYoungGen: 270869K->183948K(465920K)] 861640K->775981K(1490944K), 0.0198748 secs] [Times: user=0.02 sys=0.00, real=0.02 secs] 
2744.931: [GC (Allocation Failure) [PSYoungGen: 416908K->184430K(465920K)] 1008941K->776744K(1490944K), 0.0221307 secs] [Times: user=0.03 sys=0.00, real=0.02 secs] 
2746.110: [GC (Allocation Failure) [PSYoungGen: 408120K->92528K(465920K)] 1000434K->685115K(1490944K), 0.0134359 secs] [Times: user=0.03 sys=0.00, real=0.01 secs] 
2747.866: [GC (Allocation Failure) [PSYoungGen: 325488K->37488K(465920K)] 918075K->630375K(1490944K), 0.0066522 secs] [Times: user=0.02 sys=0.00, real=0.01 secs] 
2748.164: [GC (Allocation Failure) [PSYoungGen: 270448K->184462K(465920K)] 863335K->778731K(1490944K), 0.0200316 secs] [Times: user=0.03 sys=0.00, real=0.02 secs] 
2748.509: [GC (Allocation Failure) [PSYoungGen: 417422K->184590K(465920K)] 1011691K->779012K(1490944K), 0.0199984 secs] [Times: user=0.03 sys=0.00, real=0.02 secs] 
2750.599: [GC (Allocation Failure) [PSYoungGen: 408165K->92239K(465920K)] 1002586K->686925K(1490944K), 0.0157521 secs] [Times: user=0.03 sys=0.00, real=0.01 secs] 
2752.314: [GC (Allocation Failure) [PSYoungGen: 325199K->37617K(465920K)] 919885K->632611K(1490944K), 0.0067087 secs] [Times: user=0.01 sys=0.00, real=0.01 secs] 
2752.610: [GC (Allocation Failure) [PSYoungGen: 270577K->184462K(465920K)] 865571K->780710K(1490944K), 0.0199712 secs] [Times: user=0.02 sys=0.00, real=0.02 secs] 
2752.893: [GC (Allocation Failure) [PSYoungGen: 417422K->184494K(465920K)] 1013670K->781007K(1490944K), 0.0202049 secs] [Times: user=0.03 sys=0.00, real=0.02 secs] 
2753.526: [GC (Allocation Failure) [PSYoungGen: 407548K->92110K(465920K)] 1004061K->688888K(1490944K), 0.0102448 secs] [Times: user=0.02 sys=0.00, real=0.01 secs] 
2754.473: [GC (Allocation Failure) [PSYoungGen: 325070K->37909K(465920K)] 921848K->635002K(1490944K), 0.0061158 secs] [Times: user=0.02 sys=0.00, real=0.01 secs] 
2754.820: [GC (Allocation Failure) [PSYoungGen: 270869K->184430K(465920K)] 867962K->782769K(1490944K), 0.0204006 secs] [Times: user=0.03 sys=0.00, real=0.02 secs] 
2755.109: [GC (Allocation Failure) [PSYoungGen: 417390K->184333K(465920K)] 1015729K->782953K(1490944K), 0.0199896 secs] [Times: user=0.02 sys=0.00, real=0.02 secs] 
2757.440: [GC (Allocation Failure) [PSYoungGen: 409381K->92158K(465920K)] 1008001K->691172K(1490944K), 0.0159643 secs] [Times: user=0.03 sys=0.00, real=0.01 secs] 
2758.808: [GC (Allocation Failure) [PSYoungGen: 325118K->37716K(465920K)] 924132K->636909K(1490944K), 0.0063047 secs] [Times: user=0.01 sys=0.00, real=0.01 secs] 
2759.084: [GC (Allocation Failure) [PSYoungGen: 270676K->184205K(465920K)] 869869K->784643K(1490944K), 0.0200793 secs] [Times: user=0.03 sys=0.00, real=0.02 secs] 
2759.367: [GC (Allocation Failure) [PSYoungGen: 417165K->184526K(465920K)] 1017603K->785238K(1490944K), 0.0200050 secs] [Times: user=0.02 sys=0.00, real=0.02 secs] 
2760.850: [GC (Allocation Failure) [PSYoungGen: 409682K->92239K(465920K)] 1010394K->693223K(1490944K), 0.0195663 secs] [Times: user=0.04 sys=0.00, real=0.02 secs] 
2761.751: [GC (Allocation Failure) [PSYoungGen: 325199K->38262K(465920K)] 926183K->639561K(1490944K), 0.0066715 secs] [Times: user=0.01 sys=0.00, real=0.00 secs] 
2762.041: [GC (Allocation Failure) [PSYoungGen: 271222K->184687K(465920K)] 872521K->787239K(1490944K), 0.0200680 secs] [Times: user=0.03 sys=0.00, real=0.02 secs] 
2762.382: [GC (Allocation Failure) [PSYoungGen: 417647K->184751K(465920K)] 1020199K->787584K(1490944K), 0.0201721 secs] [Times: user=0.03 sys=0.00, real=0.02 secs] 
2763.734: [GC (Allocation Failure) [PSYoungGen: 407061K->91098K(465920K)] 1009894K->694196K(1490944K), 0.0141849 secs] [Times: user=0.03 sys=0.00, real=0.01 secs] 
2766.152: [GC (Allocation Failure) [PSYoungGen: 324058K->37649K(465920K)] 927156K->641053K(1490944K), 0.0068325 secs] [Times: user=0.02 sys=0.00, real=0.01 secs] 
2766.518: [GC (Allocation Failure) [PSYoungGen: 270609K->184719K(465920K)] 874013K->789384K(1490944K), 0.0200873 secs] [Times: user=0.02 sys=0.00, real=0.02 secs] 
2766.864: [GC (Allocation Failure) [PSYoungGen: 417679K->184687K(465920K)] 1022344K->789625K(1490944K), 0.0200254 secs] [Times: user=0.02 sys=0.00, real=0.02 secs] 
2768.208: [GC (Allocation Failure) [PSYoungGen: 407494K->91773K(465920K)] 1012433K->696976K(1490944K), 0.0156097 secs] [Times: user=0.03 sys=0.00, real=0.02 secs] 
2769.574: [GC (Allocation Failure) [PSYoungGen: 324733K->37845K(465920K)] 929936K->643364K(1490944K), 0.0074026 secs] [Times: user=0.02 sys=0.00, real=0.01 secs] 
2769.922: [GC (Allocation Failure) [PSYoungGen: 270805K->183787K(465920K)] 876324K->790560K(1490944K), 0.0201426 secs] [Times: user=0.03 sys=0.00, real=0.02 secs] 
2770.208: [GC (Allocation Failure) [PSYoungGen: 416747K->184719K(465920K)] 1023520K->791765K(1490944K), 0.0201200 secs] [Times: user=0.03 sys=0.00, real=0.02 secs] 
2770.925: [GC (Allocation Failure) [PSYoungGen: 410148K->92415K(465920K)] 1017194K->699727K(1490944K), 0.0120595 secs] [Times: user=0.02 sys=0.00, real=0.01 secs] 
2772.514: [GC (Allocation Failure) [PSYoungGen: 325375K->37617K(465920K)] 932687K->645226K(1490944K), 0.0066587 secs] [Times: user=0.01 sys=0.00, real=0.01 secs] 
2772.801: [GC (Allocation Failure) [PSYoungGen: 270577K->184205K(465920K)] 878186K->793059K(1490944K), 0.0200953 secs] [Times: user=0.02 sys=0.00, real=0.02 secs] 
2773.087: [GC (Allocation Failure) [PSYoungGen: 417165K->183690K(465920K)] 1026019K->792818K(1490944K), 0.0200060 secs] [Times: user=0.02 sys=0.00, real=0.02 secs] 
2774.760: [GC (Allocation Failure) [PSYoungGen: 410681K->93251K(465920K)] 1019809K->702644K(1490944K), 0.0239227 secs] [Times: user=0.05 sys=0.01, real=0.02 secs] 
2776.921: [GC (Allocation Failure) [PSYoungGen: 326211K->37845K(465920K)] 935604K->647559K(1490944K), 0.0067710 secs] [Times: user=0.01 sys=0.00, real=0.00 secs] 
2777.223: [GC (Allocation Failure) [PSYoungGen: 270805K->184301K(465920K)] 880519K->795269K(1490944K), 0.0200127 secs] [Times: user=0.03 sys=0.00, real=0.02 secs] 
2777.507: [GC (Allocation Failure) [PSYoungGen: 417261K->184687K(465920K)] 1028229K->795936K(1490944K), 0.0202533 secs] [Times: user=0.02 sys=0.01, real=0.02 secs] 
2778.337: [GC (Allocation Failure) [PSYoungGen: 407252K->91869K(465920K)] 1018502K->703383K(1490944K), 0.0118451 secs] [Times: user=0.02 sys=0.00, real=0.02 secs] 
2779.276: [GC (Allocation Failure) [PSYoungGen: 324829K->38102K(465920K)] 936343K->649924K(1490944K), 0.0064043 secs] [Times: user=0.01 sys=0.00, real=0.01 secs] 
2779.631: [GC (Allocation Failure) [PSYoungGen: 271062K->184076K(465920K)] 882884K->797152K(1490944K), 0.0200400 secs] [Times: user=0.03 sys=0.00, real=0.02 secs] 
2779.914: [GC (Allocation Failure) [PSYoungGen: 417036K->184558K(465920K)] 1030112K->797915K(1490944K), 0.0199923 secs] [Times: user=0.03 sys=0.00, real=0.02 secs] 
2781.410: [GC (Allocation Failure) [PSYoungGen: 409628K->91966K(465920K)] 1022985K->705716K(1490944K), 0.0186684 secs] [Times: user=0.04 sys=0.00, real=0.02 secs] 
2783.094: [GC (Allocation Failure) [PSYoungGen: 324926K->37874K(465920K)] 938676K->651801K(1490944K), 0.0074923 secs] [Times: user=0.02 sys=0.00, real=0.01 secs] 
2783.486: [GC (Allocation Failure) [PSYoungGen: 270834K->184687K(465920K)] 884761K->799868K(1490944K), 0.0200713 secs] [Times: user=0.03 sys=0.00, real=0.02 secs] 
2783.769: [GC (Allocation Failure) [PSYoungGen: 417647K->184398K(465920K)] 1032828K->799852K(1490944K), 0.0201910 secs] [Times: user=0.03 sys=0.00, real=0.02 secs] 
2784.661: [GC (Allocation Failure) [PSYoungGen: 407168K->91693K(465920K)] 1022622K->707428K(1490944K), 0.0119015 secs] [Times: user=0.02 sys=0.00, real=0.01 secs] 
2785.465: [GC (Allocation Failure) [PSYoungGen: 324653K->38195K(465920K)] 940388K->654240K(1490944K), 0.0053666 secs] [Times: user=0.02 sys=0.00, real=0.01 secs] 
2785.735: [GC (Allocation Failure) [PSYoungGen: 271155K->184719K(465920K)] 887200K->802146K(1490944K), 0.0200896 secs] [Times: user=0.02 sys=0.00, real=0.02 secs] 
2786.023: [GC (Allocation Failure) [PSYoungGen: 417679K->184719K(465920K)] 1035106K->802291K(1490944K), 0.0200688 secs] [Times: user=0.03 sys=0.00, real=0.02 secs] 
2787.633: [GC (Allocation Failure) [PSYoungGen: 407131K->91274K(465920K)] 1024703K->709119K(1490944K), 0.0143352 secs] [Times: user=0.03 sys=0.00, real=0.01 secs] 
2789.428: [GC (Allocation Failure) [PSYoungGen: 324234K->37588K(465920K)] 942079K->655730K(1490944K), 0.0082913 secs] [Times: user=0.02 sys=0.00, real=0.01 secs] 
2789.754: [GC (Allocation Failure) [PSYoungGen: 270548K->183948K(465920K)] 888690K->803344K(1490944K), 0.0202064 secs] [Times: user=0.02 sys=0.00, real=0.02 secs] 
2790.096: [GC (Allocation Failure) [PSYoungGen: 416908K->184430K(465920K)] 1036304K->804227K(1490944K), 0.0207010 secs] [Times: user=0.02 sys=0.00, real=0.02 secs] 
2791.680: [GC (Allocation Failure) [PSYoungGen: 409659K->92785K(465920K)] 1029457K->712719K(1490944K), 0.0172338 secs] [Times: user=0.03 sys=0.01, real=0.01 secs] 
2793.352: [GC (Allocation Failure) [PSYoungGen: 325745K->37748K(465920K)] 945679K->657998K(1490944K), 0.0067912 secs] [Times: user=0.01 sys=0.00, real=0.01 secs] 
2793.649: [GC (Allocation Failure) [PSYoungGen: 270708K->183916K(465920K)] 890958K->805419K(1490944K), 0.0200323 secs] [Times: user=0.02 sys=0.00, real=0.02 secs] 
2793.933: [GC (Allocation Failure) [PSYoungGen: 416876K->184815K(465920K)] 1038379K->806592K(1490944K), 0.0201165 secs] [Times: user=0.03 sys=0.00, real=0.02 secs] 
2794.616: [GC (Allocation Failure) [PSYoungGen: 410233K->92255K(465920K)] 1032009K->714304K(1490944K), 0.0112335 secs] [Times: user=0.02 sys=0.00, real=0.01 secs] 
2795.821: [GC (Allocation Failure) [PSYoungGen: 325215K->38034K(465920K)] 947264K->660376K(1490944K), 0.0065280 secs] [Times: user=0.01 sys=0.00, real=0.00 secs] 
2796.107: [GC (Allocation Failure) [PSYoungGen: 270994K->184558K(465920K)] 893336K->808162K(1490944K), 0.0202374 secs] [Times: user=0.03 sys=0.00, real=0.02 secs] 
2796.400: [GC (Allocation Failure) [PSYoungGen: 417518K->184783K(465920K)] 1041122K->808788K(1490944K), 0.0203600 secs] [Times: user=0.03 sys=0.00, real=0.02 secs] 
2797.025: [GC (Allocation Failure) [PSYoungGen: 407301K->91339K(465920K)] 1031306K->715481K(1490944K), 0.0106819 secs] [Times: user=0.02 sys=0.00, real=0.01 secs] 
2798.262: [GC (Allocation Failure) [PSYoungGen: 324299K->37777K(465920K)] 948441K->662233K(1490944K), 0.0053806 secs] [Times: user=0.02 sys=0.00, real=0.00 secs] 
2798.588: [GC (Allocation Failure) [PSYoungGen: 270737K->184719K(465920K)] 895193K->810548K(1490944K), 0.0203243 secs] [Times: user=0.03 sys=0.00, real=0.02 secs] 
2798.877: [GC (Allocation Failure) [PSYoungGen: 417679K->184655K(465920K)] 1043508K->810629K(1490944K), 0.0203904 secs] [Times: user=0.02 sys=0.00, real=0.02 secs] 
2799.973: [GC (Allocation Failure) [PSYoungGen: 407203K->91564K(465920K)] 1033177K->717803K(1490944K), 0.0123281 secs] [Times: user=0.02 sys=0.00, real=0.01 secs] 
2800.785: [GC (Allocation Failure) [PSYoungGen: 324524K->38034K(465920K)] 950763K->664587K(1490944K), 0.0054020 secs] [Times: user=0.02 sys=0.00, real=0.01 secs] 
2801.052: [GC (Allocation Failure) [PSYoungGen: 270994K->183819K(465920K)] 897547K->811617K(1490944K), 0.0200469 secs] [Times: user=0.03 sys=0.00, real=0.02 secs] 
2801.393: [GC (Allocation Failure) [PSYoungGen: 416779K->184430K(465920K)] 1044577K->812501K(1490944K), 0.0200244 secs] [Times: user=0.03 sys=0.00, real=0.02 secs] 
2803.233: [GC (Allocation Failure) [PSYoungGen: 409664K->92512K(465920K)] 1037735K->720848K(1490944K), 0.0236442 secs] [Times: user=0.05 sys=0.01, real=0.02 secs] 
2805.173: [GC (Allocation Failure) [PSYoungGen: 325472K->37906K(465920K)] 953808K->666550K(1490944K), 0.0083320 secs] [Times: user=0.02 sys=0.01, real=0.01 secs] 
2805.565: [GC (Allocation Failure) [PSYoungGen: 270866K->184751K(465920K)] 899510K->814648K(1490944K), 0.0202315 secs] [Times: user=0.03 sys=0.00, real=0.02 secs] 
2805.848: [GC (Allocation Failure) [PSYoungGen: 417711K->184687K(465920K)] 1047608K->814986K(1490944K), 0.0201764 secs] [Times: user=0.02 sys=0.00, real=0.03 secs] 
2807.117: [GC (Allocation Failure) [PSYoungGen: 407129K->91452K(465920K)] 1037429K->722016K(1490944K), 0.0172232 secs] [Times: user=0.03 sys=0.00, real=0.02 secs] 
2809.701: [GC (Allocation Failure) [PSYoungGen: 324412K->37588K(465920K)] 954976K->668331K(1490944K), 0.0076146 secs] [Times: user=0.02 sys=0.00, real=0.01 secs] 
2810.020: [GC (Allocation Failure) [PSYoungGen: 270548K->183819K(465920K)] 901291K->815808K(1490944K), 0.0199933 secs] [Times: user=0.02 sys=0.00, real=0.02 secs] 
2810.310: [GC (Allocation Failure) [PSYoungGen: 416779K->184462K(465920K)] 1048768K->816724K(1490944K), 0.0210778 secs] [Times: user=0.03 sys=0.00, real=0.02 secs] 
2812.086: [GC (Allocation Failure) [PSYoungGen: 409694K->92865K(465920K)] 1041957K->725393K(1490944K), 0.0196435 secs] [Times: user=0.05 sys=0.00, real=0.02 secs] 
2812.932: [GC (Allocation Failure) [PSYoungGen: 325825K->38134K(465920K)] 958353K->670975K(1490944K), 0.0054690 secs] [Times: user=0.01 sys=0.00, real=0.00 secs] 
2813.259: [GC (Allocation Failure) [PSYoungGen: 271094K->184687K(465920K)] 903935K->818782K(1490944K), 0.0201600 secs] [Times: user=0.03 sys=0.00, real=0.02 secs] 
2813.600: [GC (Allocation Failure) [PSYoungGen: 417647K->184655K(465920K)] 1051742K->819151K(1490944K), 0.0203027 secs] [Times: user=0.03 sys=0.00, real=0.02 secs] 
2814.802: [GC (Allocation Failure) [PSYoungGen: 407127K->91226K(465920K)] 1041624K->725988K(1490944K), 0.0167438 secs] [Times: user=0.03 sys=0.00, real=0.02 secs] 
2816.218: [GC (Allocation Failure) [PSYoungGen: 324186K->37745K(465920K)] 958948K->672694K(1490944K), 0.0083761 secs] [Times: user=0.02 sys=0.00, real=0.01 secs] 
2816.548: [GC (Allocation Failure) [PSYoungGen: 270705K->183916K(465920K)] 905654K->820118K(1490944K), 0.0202387 secs] [Times: user=0.03 sys=0.00, real=0.02 secs] 
2816.839: [GC (Allocation Failure) [PSYoungGen: 416876K->184430K(465920K)] 1053078K->821034K(1490944K), 0.0202292 secs] [Times: user=0.02 sys=0.00, real=0.02 secs] 
2818.495: [GC (Allocation Failure) [PSYoungGen: 409787K->92656K(465920K)] 1046391K->729405K(1490944K), 0.0198240 secs] [Times: user=0.04 sys=0.00, real=0.02 secs] 
2820.001: [GC (Allocation Failure) [PSYoungGen: 325616K->37845K(465920K)] 962365K->674899K(1490944K), 0.0067843 secs] [Times: user=0.01 sys=0.00, real=0.00 secs] 
2820.374: [GC (Allocation Failure) [PSYoungGen: 270805K->184719K(465920K)] 907859K->823026K(1490944K), 0.0205856 secs] [Times: user=0.03 sys=0.00, real=0.02 secs] 
2820.718: [GC (Allocation Failure) [PSYoungGen: 417679K->184719K(465920K)] 1055986K->823436K(1490944K), 0.0201040 secs] [Times: user=0.02 sys=0.00, real=0.02 secs] 
2821.923: [GC (Allocation Failure) [PSYoungGen: 407157K->91467K(465920K)] 1045874K->730450K(1490944K), 0.0161388 secs] [Times: user=0.03 sys=0.00, real=0.02 secs] 
2824.521: [GC (Allocation Failure) [PSYoungGen: 324427K->37906K(465920K)] 963410K->677067K(1490944K), 0.0075075 secs] [Times: user=0.01 sys=0.00, real=0.01 secs] 
2824.840: [GC (Allocation Failure) [PSYoungGen: 270866K->183819K(465920K)] 910027K->824234K(1490944K), 0.0199028 secs] [Times: user=0.03 sys=0.00, real=0.02 secs] 
2825.176: [GC (Allocation Failure) [PSYoungGen: 416779K->184687K(465920K)] 1057194K->825375K(1490944K), 0.0200127 secs] [Times: user=0.03 sys=0.00, real=0.02 secs] 
2826.891: [GC (Allocation Failure) [PSYoungGen: 410110K->92351K(465920K)] 1050799K->733304K(1490944K), 0.0145154 secs] [Times: user=0.03 sys=0.00, real=0.01 secs] 
2828.547: [GC (Allocation Failure) [PSYoungGen: 325311K->37459K(465920K)] 966264K->678720K(1490944K), 0.0065253 secs] [Times: user=0.01 sys=0.00, real=0.01 secs] 
2828.830: [GC (Allocation Failure) [PSYoungGen: 270419K->184205K(465920K)] 911680K->826712K(1490944K), 0.0201618 secs] [Times: user=0.02 sys=0.00, real=0.02 secs] 
2829.113: [GC (Allocation Failure) [PSYoungGen: 417165K->184590K(465920K)] 1059672K->827378K(1490944K), 0.0201578 secs] [Times: user=0.03 sys=0.00, real=0.02 secs] 
2830.589: [GC (Allocation Failure) [PSYoungGen: 408181K->92512K(465920K)] 1050969K->735565K(1490944K), 0.0164419 secs] [Times: user=0.04 sys=0.00, real=0.01 secs] 
2832.508: [GC (Allocation Failure) [PSYoungGen: 325472K->37813K(465920K)] 968525K->681166K(1490944K), 0.0078550 secs] [Times: user=0.02 sys=0.00, real=0.01 secs] 
2832.898: [GC (Allocation Failure) [PSYoungGen: 270773K->184430K(465920K)] 914126K->829028K(1490944K), 0.0204117 secs] [Times: user=0.03 sys=0.01, real=0.03 secs] 
2833.188: [GC (Allocation Failure) [PSYoungGen: 417390K->184526K(465920K)] 1061988K->829398K(1490944K), 0.0202452 secs] [Times: user=0.03 sys=0.00, real=0.02 secs] 
2835.996: [GC (Allocation Failure) [PSYoungGen: 407103K->91837K(465920K)] 1051974K->736974K(1490944K), 0.0188785 secs] [Times: user=0.04 sys=0.00, real=0.02 secs] 
2837.549: [GC (Allocation Failure) [PSYoungGen: 324797K->37748K(465920K)] 969934K->683203K(1490944K), 0.0054619 secs] [Times: user=0.01 sys=0.00, real=0.00 secs] 
2837.819: [GC (Allocation Failure) [PSYoungGen: 270708K->184462K(465920K)] 916163K->831170K(1490944K), 0.0201018 secs] [Times: user=0.03 sys=0.00, real=0.02 secs] 
2838.169: [GC (Allocation Failure) [PSYoungGen: 417422K->184333K(465920K)] 1064130K->831315K(1490944K), 0.0200623 secs] [Times: user=0.03 sys=0.00, real=0.02 secs] 
2840.079: [GC (Allocation Failure) [PSYoungGen: 409380K->92271K(465920K)] 1056362K->739654K(1490944K), 0.0120315 secs] [Times: user=0.03 sys=0.00, real=0.01 secs] 
2841.223: [GC (Allocation Failure) [PSYoungGen: 325231K->37716K(465920K)] 972614K->685276K(1490944K), 0.0055160 secs] [Times: user=0.01 sys=0.00, real=0.01 secs] 
2841.491: [GC (Allocation Failure) [PSYoungGen: 270676K->184205K(465920K)] 918236K->833019K(1490944K), 0.0200950 secs] [Times: user=0.02 sys=0.00, real=0.02 secs] 
2841.833: [GC (Allocation Failure) [PSYoungGen: 417165K->184526K(465920K)] 1065979K->833750K(1490944K), 0.0201325 secs] [Times: user=0.03 sys=0.00, real=0.02 secs] 
2843.621: [GC (Allocation Failure) [PSYoungGen: 409705K->92255K(465920K)] 1058929K->741615K(1490944K), 0.0133821 secs] [Times: user=0.03 sys=0.00, real=0.01 secs] 
2844.499: [GC (Allocation Failure) [PSYoungGen: 325215K->38131K(465920K)] 974575K->687815K(1490944K), 0.0085434 secs] [Times: user=0.02 sys=0.00, real=0.00 secs] 
2844.861: [GC (Allocation Failure) [PSYoungGen: 271091K->184687K(465920K)] 920775K->835632K(1490944K), 0.0202796 secs] [Times: user=0.03 sys=0.00, real=0.02 secs] 
2845.145: [GC (Allocation Failure) [PSYoungGen: 417647K->184719K(465920K)] 1068592K->835945K(1490944K), 0.0203276 secs] [Times: user=0.03 sys=0.00, real=0.02 secs] 
2845.755: [GC (Allocation Failure) [PSYoungGen: 407158K->91194K(465920K)] 1058384K->742686K(1490944K), 0.0121554 secs] [Times: user=0.02 sys=0.00, real=0.01 secs] 
2846.619: [GC (Allocation Failure) [PSYoungGen: 324154K->37973K(465920K)] 975646K->689773K(1490944K), 0.0075874 secs] [Times: user=0.02 sys=0.00, real=0.00 secs] 
2846.929: [GC (Allocation Failure) [PSYoungGen: 270933K->184044K(465920K)] 922733K->837097K(1490944K), 0.0201714 secs] [Times: user=0.03 sys=0.00, real=0.02 secs] 
2847.212: [GC (Allocation Failure) [PSYoungGen: 417004K->184366K(465920K)] 1070057K->837820K(1490944K), 0.0199897 secs] [Times: user=0.03 sys=0.00, real=0.02 secs] 
2848.448: [GC (Allocation Failure) [PSYoungGen: 407992K->92223K(465920K)] 1061447K->745814K(1490944K), 0.0135151 secs] [Times: user=0.03 sys=0.00, real=0.02 secs] 
2850.327: [GC (Allocation Failure) [PSYoungGen: 325183K->37745K(465920K)] 978774K->691645K(1490944K), 0.0073025 secs] [Times: user=0.02 sys=0.00, real=0.01 secs] 
2850.638: [GC (Allocation Failure) [PSYoungGen: 270705K->184462K(465920K)] 924605K->839735K(1490944K), 0.0204457 secs] [Times: user=0.03 sys=0.00, real=0.02 secs] 
2850.928: [GC (Allocation Failure) [PSYoungGen: 417422K->184590K(465920K)] 1072695K->840008K(1490944K), 0.0202403 secs] [Times: user=0.03 sys=0.00, real=0.02 secs] 
2852.130: [GC (Allocation Failure) [PSYoungGen: 407659K->92014K(465920K)] 1063077K->747705K(1490944K), 0.0123877 secs] [Times: user=0.02 sys=0.00, real=0.01 secs] 
2854.137: [GC (Allocation Failure) [PSYoungGen: 324974K->37909K(465920K)] 980665K->693913K(1490944K), 0.0064856 secs] [Times: user=0.01 sys=0.00, real=0.01 secs] 
2854.425: [GC (Allocation Failure) [PSYoungGen: 270869K->184430K(465920K)] 926873K->841696K(1490944K), 0.0202657 secs] [Times: user=0.03 sys=0.00, real=0.02 secs] 
2854.708: [GC (Allocation Failure) [PSYoungGen: 417390K->184526K(465920K)] 1074656K->842066K(1490944K), 0.0202661 secs] [Times: user=0.03 sys=0.00, real=0.02 secs] 
2855.732: [GC (Allocation Failure) [PSYoungGen: 407061K->91869K(465920K)] 1064600K->749674K(1490944K), 0.0193536 secs] [Times: user=0.04 sys=0.00, real=0.02 secs] 
2857.283: [GC (Allocation Failure) [PSYoungGen: 324829K->37874K(465920K)] 982634K->695994K(1490944K), 0.0068880 secs] [Times: user=0.01 sys=0.00, real=0.01 secs] 
2857.584: [GC (Allocation Failure) [PSYoungGen: 270834K->184462K(465920K)] 928954K->843828K(1490944K), 0.0201366 secs] [Times: user=0.02 sys=0.00, real=0.02 secs] 
2857.940: [GC (Allocation Failure) [PSYoungGen: 417422K->184365K(465920K)] 1076788K->844004K(1490944K), 0.0203943 secs] [Times: user=0.03 sys=0.00, real=0.02 secs] 
2858.873: [GC (Allocation Failure) [PSYoungGen: 409413K->92126K(465920K)] 1069052K->752159K(1490944K), 0.0150048 secs] [Times: user=0.03 sys=0.00, real=0.01 secs] 
2860.368: [GC (Allocation Failure) [PSYoungGen: 325086K->37874K(465920K)] 985119K->698092K(1490944K), 0.0072862 secs] [Times: user=0.01 sys=0.00, real=0.00 secs] 
2860.669: [GC (Allocation Failure) [PSYoungGen: 270834K->184847K(465920K)] 931052K->846319K(1490944K), 0.0201491 secs] [Times: user=0.03 sys=0.00, real=0.02 secs] 
2861.008: [GC (Allocation Failure) [PSYoungGen: 417807K->184687K(465920K)] 1079279K->846560K(1490944K), 0.0201552 secs] [Times: user=0.02 sys=0.00, real=0.02 secs] 
2861.662: [GC (Allocation Failure) [PSYoungGen: 407241K->91339K(465920K)] 1069114K->753357K(1490944K), 0.0117612 secs] [Times: user=0.03 sys=0.00, real=0.01 secs] 
2863.158: [GC (Allocation Failure) [PSYoungGen: 324299K->37877K(465920K)] 986317K->700210K(1490944K), 0.0062504 secs] [Times: user=0.02 sys=0.00, real=0.00 secs] 
2863.439: [GC (Allocation Failure) [PSYoungGen: 270837K->184719K(465920K)] 933170K->848435K(1490944K), 0.0201316 secs] [Times: user=0.03 sys=0.00, real=0.02 secs] 
2863.728: [GC (Allocation Failure) [PSYoungGen: 417679K->184687K(465920K)] 1081395K->848555K(1490944K), 0.0201056 secs] [Times: user=0.03 sys=0.00, real=0.02 secs] 
2864.377: [GC (Allocation Failure) [PSYoungGen: 407280K->91452K(465920K)] 1071148K->755585K(1490944K), 0.0106986 secs] [Times: user=0.02 sys=0.00, real=0.01 secs] 
2865.196: [GC (Allocation Failure) [PSYoungGen: 324412K->38037K(465920K)] 988545K->702491K(1490944K), 0.0054316 secs] [Times: user=0.01 sys=0.00, real=0.01 secs] 
2865.523: [GC (Allocation Failure) [PSYoungGen: 270997K->184719K(465920K)] 935451K->850554K(1490944K), 0.0202819 secs] [Times: user=0.03 sys=0.00, real=0.02 secs] 
2865.868: [GC (Allocation Failure) [PSYoungGen: 417679K->184687K(465920K)] 1083514K->850675K(1490944K), 0.0201420 secs] [Times: user=0.03 sys=0.00, real=0.02 secs] 
2866.543: [GC (Allocation Failure) [PSYoungGen: 407246K->91355K(465920K)] 1073234K->757608K(1490944K), 0.0111706 secs] [Times: user=0.02 sys=0.00, real=0.01 secs] 
2867.479: [GC (Allocation Failure) [PSYoungGen: 324315K->38005K(465920K)] 990568K->704567K(1490944K), 0.0056799 secs] [Times: user=0.01 sys=0.00, real=0.00 secs] 
2867.748: [GC (Allocation Failure) [PSYoungGen: 270965K->183948K(465920K)] 937527K->851754K(1490944K), 0.0200670 secs] [Times: user=0.03 sys=0.00, real=0.03 secs] 
2868.036: [GC (Allocation Failure) [PSYoungGen: 416908K->184879K(465920K)] 1084714K->852967K(1490944K), 0.0204076 secs] [Times: user=0.03 sys=0.00, real=0.02 secs] 
2869.240: [GC (Allocation Failure) [PSYoungGen: 410197K->91998K(465920K)] 1078285K->760479K(1490944K), 0.0170813 secs] [Times: user=0.03 sys=0.00, real=0.01 secs] 
2871.242: [GC (Allocation Failure) [PSYoungGen: 324958K->37588K(465920K)] 993439K->706241K(1490944K), 0.0070534 secs] [Times: user=0.02 sys=0.01, real=0.01 secs] 
2871.619: [GC (Allocation Failure) [PSYoungGen: 270548K->184205K(465920K)] 939201K->854103K(1490944K), 0.0202355 secs] [Times: user=0.02 sys=0.00, real=0.02 secs] 
2871.909: [GC (Allocation Failure) [PSYoungGen: 417165K->184976K(465920K)] 1087063K->855147K(1490944K), 0.0202964 secs] [Times: user=0.03 sys=0.00, real=0.02 secs] 
2872.604: [GC (Allocation Failure) [PSYoungGen: 408210K->91998K(465920K)] 1078381K->762434K(1490944K), 0.0125202 secs] [Times: user=0.02 sys=0.00, real=0.01 secs] 
2874.595: [GC (Allocation Failure) [PSYoungGen: 324958K->37459K(465920K)] 995394K->708212K(1490944K), 0.0084452 secs] [Times: user=0.02 sys=0.00, real=0.01 secs] 
2874.919: [GC (Allocation Failure) [PSYoungGen: 270419K->184301K(465920K)] 941172K->856436K(1490944K), 0.0203829 secs] [Times: user=0.03 sys=0.00, real=0.02 secs] 
2875.208: [GC (Allocation Failure) [PSYoungGen: 417261K->184526K(465920K)] 1089396K->856806K(1490944K), 0.0201565 secs] [Times: user=0.03 sys=0.00, real=0.03 secs] 
2876.651: [GC (Allocation Failure) [PSYoungGen: 409691K->92351K(465920K)] 1081971K->764896K(1490944K), 0.0146845 secs] [Times: user=0.03 sys=0.00, real=0.01 secs] 
2877.609: [GC (Allocation Failure) [PSYoungGen: 325311K->38002K(465920K)] 997856K->710869K(1490944K), 0.0062803 secs] [Times: user=0.01 sys=0.00, real=0.00 secs] 
2877.885: [GC (Allocation Failure) [PSYoungGen: 270962K->184333K(465920K)] 943829K->858445K(1490944K), 0.0200227 secs] [Times: user=0.03 sys=0.00, real=0.02 secs] 
2878.170: [GC (Allocation Failure) [PSYoungGen: 417293K->184687K(465920K)] 1091405K->859080K(1490944K), 0.0202571 secs] [Times: user=0.02 sys=0.00, real=0.02 secs] 
2879.337: [GC (Allocation Failure) [PSYoungGen: 407499K->91741K(465920K)] 1081892K->766399K(1490944K), 0.0121494 secs] [Times: user=0.02 sys=0.00, real=0.02 secs] 
2880.843: [GC (Allocation Failure) [PSYoungGen: 324701K->37588K(465920K)] 999359K->712551K(1490944K), 0.0055458 secs] [Times: user=0.01 sys=0.00, real=0.01 secs] 
2881.111: [GC (Allocation Failure) [PSYoungGen: 270548K->183787K(465920K)] 945511K->860004K(1490944K), 0.0200877 secs] [Times: user=0.02 sys=0.00, real=0.02 secs] 
2881.394: [GC (Allocation Failure) [PSYoungGen: 416747K->184398K(465920K)] 1092964K->861017K(1490944K), 0.0201049 secs] [Times: user=0.03 sys=0.00, real=0.02 secs] 
2882.012: [GC (Allocation Failure) [PSYoungGen: 409578K->92913K(465920K)] 1086197K->769805K(1490944K), 0.0107274 secs] [Times: user=0.02 sys=0.00, real=0.01 secs] 
2883.143: [GC (Allocation Failure) [PSYoungGen: 325873K->37617K(465920K)] 1002765K->714704K(1490944K), 0.0054816 secs] [Times: user=0.01 sys=0.00, real=0.01 secs] 
2883.413: [GC (Allocation Failure) [PSYoungGen: 270577K->184687K(465920K)] 947664K->863020K(1490944K), 0.0201950 secs] [Times: user=0.03 sys=0.00, real=0.02 secs] 
2883.751: [GC (Allocation Failure) [PSYoungGen: 417647K->184719K(465920K)] 1095980K->863453K(1490944K), 0.0203295 secs] [Times: user=0.03 sys=0.00, real=0.02 secs] 
2884.539: [GC (Allocation Failure) [PSYoungGen: 407189K->91725K(465920K)] 1085924K->770724K(1490944K), 0.0134216 secs] [Times: user=0.03 sys=0.00, real=0.01 secs] 
2885.513: [GC (Allocation Failure) [PSYoungGen: 324685K->38002K(465920K)] 1003684K->717181K(1490944K), 0.0056404 secs] [Times: user=0.01 sys=0.00, real=0.00 secs] 
2885.782: [GC (Allocation Failure) [PSYoungGen: 270962K->183787K(465920K)] 950141K->864212K(1490944K), 0.0201061 secs] [Times: user=0.03 sys=0.00, real=0.02 secs] 
2886.066: [GC (Allocation Failure) [PSYoungGen: 416747K->184398K(465920K)] 1097172K->865095K(1490944K), 0.0201868 secs] [Times: user=0.03 sys=0.00, real=0.02 secs] 
2887.546: [GC (Allocation Failure) [PSYoungGen: 409629K->92528K(465920K)] 1090327K->773498K(1490944K), 0.0197980 secs] [Times: user=0.04 sys=0.00, real=0.02 secs] 
2889.639: [GC (Allocation Failure) [PSYoungGen: 325488K->37716K(465920K)] 1006458K->718995K(1490944K), 0.0072392 secs] [Times: user=0.02 sys=0.00, real=0.00 secs] 
2889.942: [GC (Allocation Failure) [PSYoungGen: 270676K->184590K(465920K)] 951955K->867243K(1490944K), 0.0203018 secs] [Times: user=0.03 sys=0.00, real=0.02 secs] 
2890.225: [GC (Allocation Failure) [PSYoungGen: 417550K->184430K(465920K)] 1100203K->867235K(1490944K), 0.0202922 secs] [Times: user=0.03 sys=0.00, real=0.02 secs] 
2890.839: [GC (Allocation Failure) [PSYoungGen: 409473K->91966K(465920K)] 1092278K->775036K(1490944K), 0.0106222 secs] [Times: user=0.03 sys=0.00, real=0.01 secs] 
2891.687: [GC (Allocation Failure) [PSYoungGen: 324926K->37906K(465920K)] 1007996K->721300K(1490944K), 0.0056100 secs] [Times: user=0.01 sys=0.00, real=0.01 secs] 
2891.957: [GC (Allocation Failure) [PSYoungGen: 270866K->184462K(465920K)] 954260K->869102K(1490944K), 0.0202135 secs] [Times: user=0.03 sys=0.00, real=0.02 secs] 
2892.246: [GC (Allocation Failure) [PSYoungGen: 417422K->184623K(465920K)] 1102062K->869536K(1490944K), 0.0203142 secs] [Times: user=0.03 sys=0.00, real=0.02 secs] 
2893.822: [GC (Allocation Failure) [PSYoungGen: 407100K->91773K(465920K)] 1092013K->776951K(1490944K), 0.0137402 secs] [Times: user=0.03 sys=0.00, real=0.01 secs] 
2895.628: [GC (Allocation Failure) [PSYoungGen: 324733K->37973K(465920K)] 1009911K->723476K(1490944K), 0.0057041 secs] [Times: user=0.02 sys=0.00, real=0.00 secs] 
2895.899: [GC (Allocation Failure) [PSYoungGen: 270933K->184430K(465920K)] 956436K->871178K(1490944K), 0.0202186 secs] [Times: user=0.02 sys=0.00, real=0.02 secs] 
2896.238: [GC (Allocation Failure) [PSYoungGen: 417390K->184301K(465920K)] 1104138K->871330K(1490944K), 0.0202945 secs] [Times: user=0.03 sys=0.00, real=0.02 secs] 
2897.040: [GC (Allocation Failure) [PSYoungGen: 409346K->92014K(465920K)] 1096375K->779444K(1490944K), 0.0119044 secs] [Times: user=0.02 sys=0.00, real=0.01 secs] 
2898.906: [GC (Allocation Failure) [PSYoungGen: 324974K->37459K(465920K)] 1012404K->725061K(1490944K), 0.0068200 secs] [Times: user=0.01 sys=0.00, real=0.01 secs] 
2899.267: [GC (Allocation Failure) [PSYoungGen: 270419K->184815K(465920K)] 958021K->873663K(1490944K), 0.0202004 secs] [Times: user=0.03 sys=0.00, real=0.02 secs] 
2899.551: [GC (Allocation Failure) [PSYoungGen: 417775K->184687K(465920K)] 1106623K->873807K(1490944K), 0.0201813 secs] [Times: user=0.03 sys=0.00, real=0.02 secs] 
2900.729: [GC (Allocation Failure) [PSYoungGen: 407143K->91725K(465920K)] 1096264K->781118K(1490944K), 0.0146207 secs] [Times: user=0.03 sys=0.00, real=0.01 secs] 
2902.144: [GC (Allocation Failure) [PSYoungGen: 324685K->37713K(465920K)] 1014078K->727405K(1490944K), 0.0063804 secs] [Times: user=0.02 sys=0.00, real=0.01 secs] 
2902.422: [GC (Allocation Failure) [PSYoungGen: 270673K->184430K(465920K)] 960365K->875495K(1490944K), 0.0203424 secs] [Times: user=0.03 sys=0.00, real=0.02 secs] 
2902.706: [GC (Allocation Failure) [PSYoungGen: 417390K->184526K(465920K)] 1108455K->875736K(1490944K), 0.0202236 secs] [Times: user=0.03 sys=0.00, real=0.02 secs] 
2903.336: [GC (Allocation Failure) [PSYoungGen: 407580K->91950K(465920K)] 1098790K->783425K(1490944K), 0.0113136 secs] [Times: user=0.02 sys=0.00, real=0.01 secs] 
2904.172: [GC (Allocation Failure) [PSYoungGen: 324910K->38005K(465920K)] 1016385K->729794K(1490944K), 0.0055272 secs] [Times: user=0.02 sys=0.00, real=0.00 secs] 
2904.440: [GC (Allocation Failure) [PSYoungGen: 270965K->184462K(465920K)] 962754K->877504K(1490944K), 0.0202868 secs] [Times: user=0.03 sys=0.00, real=0.02 secs] 
2904.780: [GC (Allocation Failure) [PSYoungGen: 417422K->184590K(465920K)] 1110464K->877906K(1490944K), 0.0203113 secs] [Times: user=0.03 sys=0.00, real=0.02 secs] 
2906.937: [GC (Allocation Failure) [PSYoungGen: 407133K->91741K(465920K)] 1100448K->785321K(1490944K), 0.0212420 secs] [Times: user=0.04 sys=0.00, real=0.02 secs] 
2908.825: [GC (Allocation Failure) [PSYoungGen: 324701K->37716K(465920K)] 1018281K->731597K(1490944K), 0.0069692 secs] [Times: user=0.01 sys=0.00, real=0.01 secs] 
2909.204: [GC (Allocation Failure) [PSYoungGen: 270676K->184590K(465920K)] 964557K->879724K(1490944K), 0.0203133 secs] [Times: user=0.03 sys=0.00, real=0.02 secs] 
2909.487: [GC (Allocation Failure) [PSYoungGen: 417550K->184944K(465920K)] 1112684K->880359K(1490944K), 0.0204695 secs] [Times: user=0.02 sys=0.00, real=0.02 secs] 
2910.140: [GC (Allocation Failure) [PSYoungGen: 408023K->91452K(465920K)] 1103438K->787132K(1490944K), 0.0127666 secs] [Times: user=0.03 sys=0.00, real=0.01 secs] 
2911.530: [GC (Allocation Failure) [PSYoungGen: 324412K->37713K(465920K)] 1020092K->733693K(1490944K), 0.0070469 secs] [Times: user=0.02 sys=0.00, real=0.00 secs] 
2911.899: [GC (Allocation Failure) [PSYoungGen: 270673K->184558K(465920K)] 966653K->881912K(1490944K), 0.0204213 secs] [Times: user=0.03 sys=0.00, real=0.02 secs] 
2912.246: [GC (Allocation Failure) [PSYoungGen: 417518K->184526K(465920K)] 1114872K->882153K(1490944K), 0.0204993 secs] [Times: user=0.02 sys=0.00, real=0.02 secs] 
2912.877: [GC (Allocation Failure) [PSYoungGen: 407013K->91869K(465920K)] 1104640K->789633K(1490944K), 0.0118209 secs] [Times: user=0.02 sys=0.00, real=0.02 secs] 
2913.904: [GC (Allocation Failure) [PSYoungGen: 324829K->38005K(465920K)] 1022593K->736077K(1490944K), 0.0064942 secs] [Times: user=0.01 sys=0.00, real=0.01 secs] 
2914.183: [GC (Allocation Failure) [PSYoungGen: 270965K->184462K(465920K)] 969037K->883915K(1490944K), 0.0201052 secs] [Times: user=0.03 sys=0.00, real=0.02 secs] 
2914.466: [GC (Allocation Failure) [PSYoungGen: 417422K->184590K(465920K)] 1116875K->884188K(1490944K), 0.0203000 secs] [Times: user=0.02 sys=0.00, real=0.02 secs] 
2916.324: [GC (Allocation Failure) [PSYoungGen: 407144K->91757K(465920K)] 1106742K->791628K(1490944K), 0.0239078 secs] [Times: user=0.05 sys=0.00, real=0.03 secs] 
2917.234: [GC (Allocation Failure) [PSYoungGen: 324717K->37973K(465920K)] 1024588K->738145K(1490944K), 0.0065101 secs] [Times: user=0.02 sys=0.00, real=0.01 secs] 
2917.511: [GC (Allocation Failure) [PSYoungGen: 270933K->184976K(465920K)] 971105K->886401K(1490944K), 0.0202262 secs] [Times: user=0.03 sys=0.00, real=0.02 secs] 
2917.794: [GC (Allocation Failure) [PSYoungGen: 417936K->184109K(465920K)] 1119361K->885935K(1490944K), 0.0202969 secs] [Times: user=0.02 sys=0.00, real=0.02 secs] 
2919.180: [GC (Allocation Failure) [PSYoungGen: 406825K->91660K(465920K)] 1108651K->793631K(1490944K), 0.0141083 secs] [Times: user=0.03 sys=0.00, real=0.01 secs] 
2920.781: [GC (Allocation Failure) [PSYoungGen: 324620K->37617K(465920K)] 1026591K->739902K(1490944K), 0.0065146 secs] [Times: user=0.01 sys=0.00, real=0.00 secs] 
2921.138: [GC (Allocation Failure) [PSYoungGen: 270577K->184558K(465920K)] 972862K->888217K(1490944K), 0.0203497 secs] [Times: user=0.03 sys=0.00, real=0.02 secs] 
2921.483: [GC (Allocation Failure) [PSYoungGen: 417518K->184462K(465920K)] 1121177K->888265K(1490944K), 0.0206593 secs] [Times: user=0.02 sys=0.00, real=0.02 secs] 
2922.458: [GC (Allocation Failure) [PSYoungGen: 409517K->92110K(465920K)] 1113320K->796179K(1490944K), 0.0150620 secs] [Times: user=0.03 sys=0.00, real=0.01 secs] 
2923.911: [GC (Allocation Failure) [PSYoungGen: 325070K->37809K(465920K)] 1029139K->742184K(1490944K), 0.0065937 secs] [Times: user=0.01 sys=0.00, real=0.00 secs] 
2924.194: [GC (Allocation Failure) [PSYoungGen: 270769K->184847K(465920K)] 975144K->890483K(1490944K), 0.0202549 secs] [Times: user=0.03 sys=0.00, real=0.02 secs] 
2924.540: [GC (Allocation Failure) [PSYoungGen: 417807K->184687K(465920K)] 1123443K->890596K(1490944K), 0.0203105 secs] [Times: user=0.03 sys=0.00, real=0.02 secs] 
2925.719: [GC (Allocation Failure) [PSYoungGen: 407143K->91484K(465920K)] 1113052K->797657K(1490944K), 0.0187653 secs] [Times: user=0.04 sys=0.00, real=0.01 secs] 
2927.858: [GC (Allocation Failure) [PSYoungGen: 324444K->37617K(465920K)] 1030617K->744107K(1490944K), 0.0070210 secs] [Times: user=0.02 sys=0.00, real=0.00 secs] 
2928.161: [GC (Allocation Failure) [PSYoungGen: 270577K->184462K(465920K)] 977067K->892326K(1490944K), 0.0202347 secs] [Times: user=0.03 sys=0.00, real=0.02 secs] 
2928.500: [GC (Allocation Failure) [PSYoungGen: 417422K->184558K(465920K)] 1125286K->892575K(1490944K), 0.0203729 secs] [Times: user=0.03 sys=0.00, real=0.02 secs] 
2929.687: [GC (Allocation Failure) [PSYoungGen: 407621K->92126K(465920K)] 1115638K->800408K(1490944K), 0.0136641 secs] [Times: user=0.03 sys=0.00, real=0.02 secs] 
2931.527: [GC (Allocation Failure) [PSYoungGen: 325086K->37716K(465920K)] 1033368K->746306K(1490944K), 0.0072666 secs] [Times: user=0.01 sys=0.00, real=0.01 secs] 
2931.826: [GC (Allocation Failure) [PSYoungGen: 270676K->184462K(465920K)] 979266K->894433K(1490944K), 0.0203749 secs] [Times: user=0.03 sys=0.00, real=0.02 secs] 
2932.110: [GC (Allocation Failure) [PSYoungGen: 417422K->184558K(465920K)] 1127393K->894674K(1490944K), 0.0202007 secs] [Times: user=0.03 sys=0.00, real=0.02 secs] 
2932.793: [GC (Allocation Failure) [PSYoungGen: 407616K->91998K(465920K)] 1117732K->802379K(1490944K), 0.0111977 secs] [Times: user=0.03 sys=0.00, real=0.01 secs] 
2933.690: [GC (Allocation Failure) [PSYoungGen: 324958K->37973K(465920K)] 1035339K->748668K(1490944K), 0.0055283 secs] [Times: user=0.01 sys=0.00, real=0.00 secs] 
2934.018: [GC (Allocation Failure) [PSYoungGen: 270933K->184462K(465920K)] 981628K->896394K(1490944K), 0.0202390 secs] [Times: user=0.03 sys=0.00, real=0.02 secs] 
2934.306: [GC (Allocation Failure) [PSYoungGen: 417422K->184526K(465920K)] 1129354K->896748K(1490944K), 0.0202989 secs] [Times: user=0.02 sys=0.00, real=0.02 secs] 
2935.023: [GC (Allocation Failure) [PSYoungGen: 407068K->91709K(465920K)] 1119289K->804195K(1490944K), 0.0121665 secs] [Times: user=0.03 sys=0.00, real=0.01 secs] 
2936.884: [GC (Allocation Failure) [PSYoungGen: 324669K->37331K(465920K)] 1037155K->750133K(1490944K), 0.0070634 secs] [Times: user=0.02 sys=0.00, real=0.01 secs] 
2937.184: [GC (Allocation Failure) [PSYoungGen: 270291K->184847K(465920K)] 983093K->898903K(1490944K), 0.0201491 secs] [Times: user=0.02 sys=0.00, real=0.02 secs] 
2937.523: [GC (Allocation Failure) [PSYoungGen: 417807K->184076K(465920K)] 1131863K->898534K(1490944K), 0.0201876 secs] [Times: user=0.03 sys=0.00, real=0.02 secs] 
2938.610: [GC (Allocation Failure) [PSYoungGen: 407978K->92496K(465920K)] 1122436K->807098K(1490944K), 0.0137555 secs] [Times: user=0.03 sys=0.01, real=0.01 secs] 
2940.017: [GC (Allocation Failure) [PSYoungGen: 325456K->37845K(465920K)] 1040058K->752753K(1490944K), 0.0060526 secs] [Times: user=0.02 sys=0.00, real=0.01 secs] 
2940.349: [GC (Allocation Failure) [PSYoungGen: 270805K->184430K(465920K)] 985713K->900720K(1490944K), 0.0203205 secs] [Times: user=0.03 sys=0.00, real=0.02 secs] 
2940.635: [GC (Allocation Failure) [PSYoungGen: 417390K->184494K(465920K)] 1133680K->900929K(1490944K), 0.0203037 secs] [Times: user=0.03 sys=0.00, real=0.02 secs] 
2941.291: [GC (Allocation Failure) [PSYoungGen: 407047K->91837K(465920K)] 1123481K->808537K(1490944K), 0.0118537 secs] [Times: user=0.02 sys=0.00, real=0.01 secs] 
2942.511: [GC (Allocation Failure) [PSYoungGen: 324797K->37745K(465920K)] 1041497K->754761K(1490944K), 0.0095812 secs] [Times: user=0.02 sys=0.00, real=0.01 secs] 
2942.847: [GC (Allocation Failure) [PSYoungGen: 270705K->184462K(465920K)] 987721K->902852K(1490944K), 0.0203716 secs] [Times: user=0.03 sys=0.01, real=0.02 secs] 
2943.191: [GC (Allocation Failure) [PSYoungGen: 417422K->184590K(465920K)] 1135812K->903125K(1490944K), 0.0202080 secs] [Times: user=0.03 sys=0.00, real=0.02 secs] 
2944.696: [GC (Allocation Failure) [PSYoungGen: 407684K->91966K(465920K)] 1126219K->810765K(1490944K), 0.0188833 secs] [Times: user=0.04 sys=0.00, real=0.02 secs] 
2946.022: [GC (Allocation Failure) [PSYoungGen: 324926K->37874K(465920K)] 1043725K->756989K(1490944K), 0.0065402 secs] [Times: user=0.01 sys=0.00, real=0.01 secs] 
2946.309: [GC (Allocation Failure) [PSYoungGen: 270834K->184430K(465920K)] 989949K->904791K(1490944K), 0.0203084 secs] [Times: user=0.03 sys=0.00, real=0.02 secs] 
2946.592: [GC (Allocation Failure) [PSYoungGen: 417390K->184301K(465920K)] 1137751K->904935K(1490944K), 0.0201424 secs] [Times: user=0.03 sys=0.00, real=0.02 secs] 
2947.341: [GC (Allocation Failure) [PSYoungGen: 409338K->92142K(465920K)] 1129973K->813170K(1490944K), 0.0111360 secs] [Times: user=0.02 sys=0.00, real=0.01 secs] 
2948.163: [GC (Allocation Failure) [PSYoungGen: 325102K->38005K(465920K)] 1046130K->759218K(1490944K), 0.0055245 secs] [Times: user=0.01 sys=0.00, real=0.01 secs] 
2948.432: [GC (Allocation Failure) [PSYoungGen: 270965K->184301K(465920K)] 992178K->906760K(1490944K), 0.0202229 secs] [Times: user=0.02 sys=0.00, real=0.02 secs] 
2948.715: [GC (Allocation Failure) [PSYoungGen: 417261K->184687K(465920K)] 1139720K->907426K(1490944K), 0.0202244 secs] [Times: user=0.03 sys=0.00, real=0.02 secs] 
2949.387: [GC (Allocation Failure) [PSYoungGen: 407516K->91725K(465920K)] 1130256K->814729K(1490944K), 0.0115320 secs] [Times: user=0.03 sys=0.00, real=0.02 secs] 
2950.298: [GC (Allocation Failure) [PSYoungGen: 324685K->38005K(465920K)] 1047689K->761318K(1490944K), 0.0055113 secs] [Times: user=0.02 sys=0.00, real=0.00 secs] 
2950.566: [GC (Allocation Failure) [PSYoungGen: 270965K->183948K(465920K)] 994278K->908514K(1490944K), 0.0202059 secs] [Times: user=0.03 sys=0.00, real=0.02 secs] 
2950.849: [GC (Allocation Failure) [PSYoungGen: 416908K->184398K(465920K)] 1141474K->909237K(1490944K), 0.0212318 secs] [Times: user=0.03 sys=0.00, real=0.02 secs] 
2952.379: [GC (Allocation Failure) [PSYoungGen: 409619K->92383K(465920K)] 1134458K->817487K(1490944K), 0.0140962 secs] [Times: user=0.03 sys=0.00, real=0.01 secs] 
2954.557: [GC (Allocation Failure) [PSYoungGen: 325343K->37520K(465920K)] 1050447K->762933K(1490944K), 0.0079938 secs] [Times: user=0.01 sys=0.00, real=0.01 secs] 
2954.879: [GC (Allocation Failure) [PSYoungGen: 270480K->184719K(465920K)] 995893K->911377K(1490944K), 0.0202183 secs] [Times: user=0.03 sys=0.00, real=0.02 secs] 
2955.168: [GC (Allocation Failure) [PSYoungGen: 417679K->184655K(465920K)] 1144337K->911586K(1490944K), 0.0202522 secs] [Times: user=0.03 sys=0.00, real=0.02 secs] 
2956.291: [GC (Allocation Failure) [PSYoungGen: 407226K->91901K(465920K)] 1134157K->819097K(1490944K), 0.0106143 secs] [Times: user=0.02 sys=0.00, real=0.01 secs] 
2957.938: [GC (Allocation Failure) [PSYoungGen: 324861K->37360K(465920K)] 1052057K->764853K(1490944K), 0.0055900 secs] [Times: user=0.01 sys=0.00, real=0.01 secs] 
2958.209: [GC (Allocation Failure) [PSYoungGen: 270320K->184719K(465920K)] 997813K->913458K(1490944K), 0.0203069 secs] [Times: user=0.03 sys=0.00, real=0.02 secs] 
2958.492: [GC (Allocation Failure) [PSYoungGen: 417679K->184719K(465920K)] 1146418K->913739K(1490944K), 0.0202318 secs] [Times: user=0.02 sys=0.00, real=0.02 secs] 
2959.287: [GC (Allocation Failure) [PSYoungGen: 405220K->91966K(465920K)] 1134241K->821251K(1490944K), 0.0118710 secs] [Times: user=0.02 sys=0.00, real=0.02 secs] 
2960.643: [GC (Allocation Failure) [PSYoungGen: 324926K->38002K(465920K)] 1054211K->767596K(1490944K), 0.0071368 secs] [Times: user=0.02 sys=0.00, real=0.01 secs] 
2961.013: [GC (Allocation Failure) [PSYoungGen: 270962K->184430K(465920K)] 1000556K->915277K(1490944K), 0.0206127 secs] [Times: user=0.02 sys=0.00, real=0.02 secs] 
2961.296: [GC (Allocation Failure) [PSYoungGen: 417390K->184205K(465920K)] 1148237K->915453K(1490944K), 0.0201390 secs] [Times: user=0.03 sys=0.00, real=0.02 secs] 
2963.276: [GC (Allocation Failure) [PSYoungGen: 407506K->92158K(465920K)] 1138754K->823543K(1490944K), 0.0189634 secs] [Times: user=0.04 sys=0.00, real=0.02 secs] 
2965.284: [GC (Allocation Failure) [PSYoungGen: 325118K->37617K(465920K)] 1056503K->769310K(1490944K), 0.0076298 secs] [Times: user=0.02 sys=0.00, real=0.01 secs] 
2965.593: [GC (Allocation Failure) [PSYoungGen: 270577K->184430K(465920K)] 1002270K->917513K(1490944K), 0.0202627 secs] [Times: user=0.02 sys=0.00, real=0.02 secs] 
2965.878: [GC (Allocation Failure) [PSYoungGen: 417390K->184526K(465920K)] 1150473K->917754K(1490944K), 0.0208707 secs] [Times: user=0.03 sys=0.00, real=0.03 secs] 
2967.150: [GC (Allocation Failure) [PSYoungGen: 407590K->92126K(465920K)] 1140818K->825619K(1490944K), 0.0128352 secs] [Times: user=0.02 sys=0.00, real=0.01 secs] 
2968.712: [GC (Allocation Failure) [PSYoungGen: 325086K->37874K(465920K)] 1058579K->771680K(1490944K), 0.0066753 secs] [Times: user=0.01 sys=0.00, real=0.01 secs] 
2968.995: [GC (Allocation Failure) [PSYoungGen: 270834K->184462K(465920K)] 1004640K->919506K(1490944K), 0.0202929 secs] [Times: user=0.03 sys=0.00, real=0.02 secs] 
2969.279: [GC (Allocation Failure) [PSYoungGen: 417422K->184590K(465920K)] 1152466K->919907K(1490944K), 0.0204889 secs] [Times: user=0.03 sys=0.00, real=0.02 secs] 
2970.811: [GC (Allocation Failure) [PSYoungGen: 407126K->91901K(465920K)] 1142443K->827483K(1490944K), 0.0136174 secs] [Times: user=0.02 sys=0.00, real=0.01 secs] 
2973.153: [GC (Allocation Failure) [PSYoungGen: 324861K->37456K(465920K)] 1060443K->773344K(1490944K), 0.0077194 secs] [Times: user=0.02 sys=0.00, real=0.01 secs] 
2973.459: [GC (Allocation Failure) [PSYoungGen: 270416K->184590K(465920K)] 1006304K->921732K(1490944K), 0.0204633 secs] [Times: user=0.02 sys=0.00, real=0.02 secs] 
2973.750: [GC (Allocation Failure) [PSYoungGen: 417550K->186357K(465920K)] 1154692K->923772K(1490944K), 0.0204486 secs] [Times: user=0.03 sys=0.00, real=0.02 secs] 
2974.522: [GC (Allocation Failure) [PSYoungGen: 407497K->90359K(465920K)] 1144911K->827910K(1490944K), 0.0120242 secs] [Times: user=0.03 sys=0.00, real=0.01 secs] 
2976.116: [GC (Allocation Failure) [PSYoungGen: 323319K->37716K(465920K)] 1060870K->775589K(1490944K), 0.0071083 secs] [Times: user=0.01 sys=0.00, real=0.01 secs] 
2976.414: [GC (Allocation Failure) [PSYoungGen: 270676K->186357K(465920K)] 1008549K->925484K(1490944K), 0.0204603 secs] [Times: user=0.03 sys=0.00, real=0.02 secs] 
2976.753: [GC (Allocation Failure) [PSYoungGen: 419317K->186132K(465920K)] 1158444K->925532K(1490944K), 0.0205120 secs] [Times: user=0.03 sys=0.00, real=0.02 secs] 
2977.370: [GC (Allocation Failure) [PSYoungGen: 405442K->88527K(465920K)] 1144842K->828320K(1490944K), 0.0122949 secs] [Times: user=0.03 sys=0.00, real=0.01 secs] 
2978.322: [GC (Allocation Failure) [PSYoungGen: 321487K->38230K(465920K)] 1061280K->778195K(1490944K), 0.0066153 secs] [Times: user=0.02 sys=0.00, real=0.01 secs] 
2978.670: [GC (Allocation Failure) [PSYoungGen: 271190K->184590K(465920K)] 1011155K->925808K(1490944K), 0.0203247 secs] [Times: user=0.02 sys=0.00, real=0.02 secs] 
2979.009: [GC (Allocation Failure) [PSYoungGen: 417550K->184205K(465920K)] 1158768K->925824K(1490944K), 0.0202103 secs] [Times: user=0.03 sys=0.00, real=0.02 secs] 
2980.187: [GC (Allocation Failure) [PSYoungGen: 407228K->91709K(465920K)] 1148847K->833465K(1490944K), 0.0192169 secs] [Times: user=0.04 sys=0.00, real=0.02 secs] 
2981.285: [GC (Allocation Failure) [PSYoungGen: 324669K->38131K(465920K)] 1066425K->780203K(1490944K), 0.0057868 secs] [Times: user=0.01 sys=0.00, real=0.01 secs] 
2981.556: [GC (Allocation Failure) [PSYoungGen: 271091K->184687K(465920K)] 1013163K->928004K(1490944K), 0.0203889 secs] [Times: user=0.02 sys=0.01, real=0.02 secs] 
2981.840: [GC (Allocation Failure) [PSYoungGen: 417647K->184687K(465920K)] 1160964K->928406K(1490944K), 0.0202569 secs] [Times: user=0.02 sys=0.00, real=0.02 secs] 
2983.209: [GC (Allocation Failure) [PSYoungGen: 407136K->91242K(465920K)] 1150856K->835227K(1490944K), 0.0124074 secs] [Times: user=0.03 sys=0.00, real=0.01 secs] 
2984.263: [GC (Allocation Failure) [PSYoungGen: 324202K->37906K(465920K)] 1068187K->782061K(1490944K), 0.0056929 secs] [Times: user=0.02 sys=0.00, real=0.01 secs] 
2984.531: [GC (Allocation Failure) [PSYoungGen: 270866K->183819K(465920K)] 1015021K->929236K(1490944K), 0.0203038 secs] [Times: user=0.03 sys=0.00, real=0.02 secs] 
2984.814: [GC (Allocation Failure) [PSYoungGen: 416779K->184687K(465920K)] 1162196K->930385K(1490944K), 0.0203799 secs] [Times: user=0.02 sys=0.00, real=0.02 secs] 
2986.681: [GC (Allocation Failure) [PSYoungGen: 410096K->92367K(465920K)] 1155794K->838331K(1490944K), 0.0328617 secs] [Times: user=0.09 sys=0.00, real=0.03 secs] 
2989.408: [GC (Allocation Failure) [PSYoungGen: 325327K->37588K(465920K)] 1071291K->783867K(1490944K), 0.0086193 secs] [Times: user=0.03 sys=0.00, real=0.01 secs] 
2989.735: [GC (Allocation Failure) [PSYoungGen: 270548K->184590K(465920K)] 1016827K->932123K(1490944K), 0.0202783 secs] [Times: user=0.03 sys=0.00, real=0.02 secs] 
2990.071: [GC (Allocation Failure) [PSYoungGen: 417550K->184301K(465920K)] 1165083K->932107K(1490944K), 0.0201291 secs] [Times: user=0.03 sys=0.00, real=0.02 secs] 
2990.841: [GC (Allocation Failure) [PSYoungGen: 409178K->92287K(465920K)] 1156984K->840358K(1490944K), 0.0120347 secs] [Times: user=0.03 sys=0.00, real=0.01 secs] 
2991.844: [GC (Allocation Failure) [PSYoungGen: 325247K->37874K(465920K)] 1073318K->786245K(1490944K), 0.0093820 secs] [Times: user=0.02 sys=0.00, real=0.01 secs] 
2992.183: [GC (Allocation Failure) [PSYoungGen: 270834K->184173K(465920K)] 1019205K->933781K(1490944K), 0.0202282 secs] [Times: user=0.03 sys=0.00, real=0.02 secs] 
2992.466: [GC (Allocation Failure) [PSYoungGen: 417133K->184590K(465920K)] 1166741K->934472K(1490944K), 0.0202956 secs] [Times: user=0.03 sys=0.00, real=0.02 secs] 
2993.390: [GC (Allocation Failure) [PSYoungGen: 407653K->92126K(465920K)] 1157535K->842273K(1490944K), 0.0125056 secs] [Times: user=0.03 sys=0.00, real=0.01 secs] 
2994.828: [GC (Allocation Failure) [PSYoungGen: 325086K->37459K(465920K)] 1075233K->787898K(1490944K), 0.0084803 secs] [Times: user=0.02 sys=0.00, real=0.01 secs] 
2995.185: [GC (Allocation Failure) [PSYoungGen: 270419K->184815K(465920K)] 1020858K->936508K(1490944K), 0.0203082 secs] [Times: user=0.03 sys=0.00, real=0.02 secs] 
2995.523: [GC (Allocation Failure) [PSYoungGen: 417775K->184173K(465920K)] 1169468K->936138K(1490944K), 0.0203643 secs] [Times: user=0.03 sys=0.00, real=0.02 secs] 
2997.445: [GC (Allocation Failure) [PSYoungGen: 409516K->92223K(465920K)] 1161482K->844453K(1490944K), 0.0246713 secs] [Times: user=0.06 sys=0.00, real=0.03 secs] 
3000.003: [GC (Allocation Failure) [PSYoungGen: 325183K->37745K(465920K)] 1077413K->790284K(1490944K), 0.0076120 secs] [Times: user=0.02 sys=0.00, real=0.01 secs] 
3000.390: [GC (Allocation Failure) [PSYoungGen: 270705K->184590K(465920K)] 1023244K->938511K(1490944K), 0.0205339 secs] [Times: user=0.02 sys=0.00, real=0.02 secs] 
3000.673: [GC (Allocation Failure) [PSYoungGen: 417550K->184430K(465920K)] 1171471K->938503K(1490944K), 0.0203487 secs] [Times: user=0.03 sys=0.00, real=0.02 secs] 
3001.365: [GC (Allocation Failure) [PSYoungGen: 404874K->91998K(465920K)] 1158947K->846336K(1490944K), 0.0123032 secs] [Times: user=0.02 sys=0.00, real=0.01 secs] 
3002.169: [GC (Allocation Failure) [PSYoungGen: 324958K->38131K(465920K)] 1079296K->792791K(1490944K), 0.0055829 secs] [Times: user=0.01 sys=0.00, real=0.00 secs] 
3002.498: [GC (Allocation Failure) [PSYoungGen: 271091K->184687K(465920K)] 1025751K->940713K(1490944K), 0.0204579 secs] [Times: user=0.03 sys=0.00, real=0.03 secs] 
3002.786: [GC (Allocation Failure) [PSYoungGen: 417647K->184719K(465920K)] 1173673K->940889K(1490944K), 0.0204489 secs] [Times: user=0.03 sys=0.00, real=0.02 secs] 
3003.446: [GC (Allocation Failure) [PSYoungGen: 407129K->91226K(465920K)] 1163300K->847662K(1490944K), 0.0127929 secs] [Times: user=0.03 sys=0.00, real=0.02 secs] 
3005.075: [GC (Allocation Failure) [PSYoungGen: 324186K->37620K(465920K)] 1080622K->794369K(1490944K), 0.0065736 secs] [Times: user=0.01 sys=0.00, real=0.01 secs] 
3005.356: [GC (Allocation Failure) [PSYoungGen: 270580K->183916K(465920K)] 1027329K->941918K(1490944K), 0.0202451 secs] [Times: user=0.02 sys=0.00, real=0.02 secs] 
3005.639: [GC (Allocation Failure) [PSYoungGen: 416876K->184558K(465920K)] 1174878K->942834K(1490944K), 0.0203009 secs] [Times: user=0.03 sys=0.00, real=0.02 secs] 
3007.157: [GC (Allocation Failure) [PSYoungGen: 409636K->92688K(465920K)] 1167912K->851366K(1490944K), 0.0130150 secs] [Times: user=0.03 sys=0.00, real=0.02 secs] 
3008.858: [GC (Allocation Failure) [PSYoungGen: 325648K->37488K(465920K)] 1084326K->796351K(1490944K), 0.0068377 secs] [Times: user=0.02 sys=0.00, real=0.01 secs] 
3009.144: [GC (Allocation Failure) [PSYoungGen: 270448K->183916K(465920K)] 1029311K->944024K(1490944K), 0.0203954 secs] [Times: user=0.03 sys=0.00, real=0.02 secs] 
3009.428: [GC (Allocation Failure) [PSYoungGen: 416876K->184847K(465920K)] 1176984K->945237K(1490944K), 0.0203352 secs] [Times: user=0.03 sys=0.00, real=0.03 secs] 
3010.037: [GC (Allocation Failure) [PSYoungGen: 410261K->92528K(465920K)] 1170650K->853182K(1490944K), 0.0099084 secs] [Times: user=0.02 sys=0.00, real=0.01 secs] 
3010.827: [GC (Allocation Failure) [PSYoungGen: 325488K->37745K(465920K)] 1086142K->798708K(1490944K), 0.0056019 secs] [Times: user=0.02 sys=0.01, real=0.01 secs] 
3011.156: [GC (Allocation Failure) [PSYoungGen: 270705K->184590K(465920K)] 1031668K->946798K(1490944K), 0.0204621 secs] [Times: user=0.03 sys=0.00, real=0.02 secs] 
3011.442: [GC (Allocation Failure) [PSYoungGen: 417550K->184269K(465920K)] 1179758K->946750K(1490944K), 0.0232582 secs] [Times: user=0.03 sys=0.00, real=0.02 secs] 
3012.077: [GC (Allocation Failure) [PSYoungGen: 409152K->92142K(465920K)] 1171634K->854888K(1490944K), 0.0123557 secs] [Times: user=0.03 sys=0.00, real=0.02 secs] 
3012.931: [GC (Allocation Failure) [PSYoungGen: 325102K->37973K(465920K)] 1087848K->801041K(1490944K), 0.0066420 secs] [Times: user=0.01 sys=0.00, real=0.00 secs] 
3013.208: [GC (Allocation Failure) [PSYoungGen: 270933K->184590K(465920K)] 1034001K->948904K(1490944K), 0.0204834 secs] [Times: user=0.02 sys=0.00, real=0.02 secs] 
3013.492: [GC (Allocation Failure) [PSYoungGen: 417550K->184687K(465920K)] 1181864K->949281K(1490944K), 0.0205406 secs] [Times: user=0.03 sys=0.00, real=0.02 secs] 
3014.415: [GC (Allocation Failure) [PSYoungGen: 407287K->91484K(465920K)] 1171882K->856343K(1490944K), 0.0123127 secs] [Times: user=0.02 sys=0.00, real=0.01 secs] 
3015.308: [GC (Allocation Failure) [PSYoungGen: 324444K->38037K(465920K)] 1089303K->803215K(1490944K), 0.0056286 secs] [Times: user=0.01 sys=0.00, real=0.01 secs] 
3015.576: [GC (Allocation Failure) [PSYoungGen: 270997K->183787K(465920K)] 1036175K->950218K(1490944K), 0.0203397 secs] [Times: user=0.03 sys=0.00, real=0.02 secs] 
3015.860: [GC (Allocation Failure) [PSYoungGen: 416747K->184719K(465920K)] 1183178K->951423K(1490944K), 0.0204309 secs] [Times: user=0.03 sys=0.00, real=0.02 secs] 
3018.075: [GC (Allocation Failure) [PSYoungGen: 410130K->92239K(465920K)] 1176834K->859216K(1490944K), 0.0283699 secs] [Times: user=0.06 sys=0.00, real=0.03 secs] 
3020.081: [GC (Allocation Failure) [PSYoungGen: 325199K->37716K(465920K)] 1092176K->805002K(1490944K), 0.0096597 secs] [Times: user=0.03 sys=0.00, real=0.01 secs] 
3020.497: [GC (Allocation Failure) [PSYoungGen: 270676K->184076K(465920K)] 1037962K->952607K(1490944K), 0.0203359 secs] [Times: user=0.03 sys=0.00, real=0.02 secs] 
3020.786: [GC (Allocation Failure) [PSYoungGen: 417036K->184912K(465920K)] 1185567K->953716K(1490944K), 0.0205986 secs] [Times: user=0.03 sys=0.00, real=0.02 secs] 
3022.214: [GC (Allocation Failure) [PSYoungGen: 410231K->91966K(465920K)] 1179035K->861163K(1490944K), 0.0195313 secs] [Times: user=0.04 sys=0.00, real=0.02 secs] 
3023.765: [GC (Allocation Failure) [PSYoungGen: 324926K->37745K(465920K)] 1094123K->807115K(1490944K), 0.0072789 secs] [Times: user=0.01 sys=0.00, real=0.01 secs] 
3024.064: [GC (Allocation Failure) [PSYoungGen: 270705K->184237K(465920K)] 1040075K->954852K(1490944K), 0.0202674 secs] [Times: user=0.03 sys=0.00, real=0.02 secs] 
3024.348: [GC (Allocation Failure) [PSYoungGen: 417197K->184590K(465920K)] 1187812K->955486K(1490944K), 0.0203162 secs] [Times: user=0.03 sys=0.00, real=0.02 secs] 
3026.180: [GC (Allocation Failure) [PSYoungGen: 408147K->92255K(465920K)] 1179043K->863416K(1490944K), 0.0127009 secs] [Times: user=0.03 sys=0.00, real=0.01 secs] 
3027.413: [GC (Allocation Failure) [PSYoungGen: 325215K->37716K(465920K)] 1096376K->809177K(1490944K), 0.0078370 secs] [Times: user=0.02 sys=0.00, real=0.01 secs] 
3027.728: [GC (Allocation Failure) [PSYoungGen: 270676K->184430K(465920K)] 1042137K->957265K(1490944K), 0.0202808 secs] [Times: user=0.03 sys=0.00, real=0.02 secs] 
3028.016: [GC (Allocation Failure) [PSYoungGen: 417390K->184494K(465920K)] 1190225K->957474K(1490944K), 0.0203739 secs] [Times: user=0.02 sys=0.00, real=0.02 secs] 
3028.637: [GC (Allocation Failure) [PSYoungGen: 407554K->91934K(465920K)] 1180534K->865178K(1490944K), 0.0122713 secs] [Times: user=0.02 sys=0.00, real=0.02 secs] 
3029.445: [GC (Allocation Failure) [PSYoungGen: 324894K->37973K(465920K)] 1098138K->811516K(1490944K), 0.0057524 secs] [Times: user=0.01 sys=0.00, real=0.01 secs] 
3029.714: [GC (Allocation Failure) [PSYoungGen: 270933K->184430K(465920K)] 1044476K->959218K(1490944K), 0.0202752 secs] [Times: user=0.03 sys=0.00, real=0.02 secs] 
3029.997: [GC (Allocation Failure) [PSYoungGen: 417390K->184526K(465920K)] 1192178K->959595K(1490944K), 0.0203993 secs] [Times: user=0.03 sys=0.00, real=0.02 secs] 
3030.622: [GC (Allocation Failure) [PSYoungGen: 407068K->91773K(465920K)] 1182137K->867107K(1490944K), 0.0106884 secs] [Times: user=0.02 sys=0.00, real=0.01 secs] 
3031.437: [GC (Allocation Failure) [PSYoungGen: 324733K->37845K(465920K)] 1100067K->813495K(1490944K), 0.0060415 secs] [Times: user=0.01 sys=0.00, real=0.01 secs] 
3031.710: [GC (Allocation Failure) [PSYoungGen: 270805K->184976K(465920K)] 1046455K->961880K(1490944K), 0.0203279 secs] [Times: user=0.03 sys=0.00, real=0.02 secs] 
3031.998: [GC (Allocation Failure) [PSYoungGen: 417936K->185008K(465920K)] 1194840K->962185K(1490944K), 0.0207826 secs] [Times: user=0.03 sys=0.00, real=0.02 secs] 
3032.743: [GC (Allocation Failure) [PSYoungGen: 407807K->90969K(465920K)] 1184984K->868411K(1490944K), 0.0112949 secs] [Times: user=0.03 sys=0.00, real=0.01 secs] 
3033.620: [GC (Allocation Failure) [PSYoungGen: 323929K->37973K(465920K)] 1101371K->815715K(1490944K), 0.0059787 secs] [Times: user=0.02 sys=0.00, real=0.00 secs] 
3033.889: [GC (Allocation Failure) [PSYoungGen: 270933K->184622K(465920K)] 1048675K->963618K(1490944K), 0.0203536 secs] [Times: user=0.03 sys=0.00, real=0.02 secs] 
3034.173: [GC (Allocation Failure) [PSYoungGen: 417582K->184526K(465920K)] 1196578K->963955K(1490944K), 0.0206245 secs] [Times: user=0.03 sys=0.00, real=0.02 secs] 
3034.788: [GC (Allocation Failure) [PSYoungGen: 407001K->91580K(465920K)] 1186431K->871146K(1490944K), 0.0112767 secs] [Times: user=0.02 sys=0.00, real=0.02 secs] 
3035.811: [GC (Allocation Failure) [PSYoungGen: 324540K->37973K(465920K)] 1104106K->817831K(1490944K), 0.0067087 secs] [Times: user=0.02 sys=0.01, real=0.00 secs] 
3036.089: [GC (Allocation Failure) [PSYoungGen: 270933K->184462K(465920K)] 1050791K->965557K(1490944K), 0.0202801 secs] [Times: user=0.03 sys=0.00, real=0.02 secs] 
3036.428: [GC (Allocation Failure) [PSYoungGen: 417422K->184558K(465920K)] 1198517K->965926K(1490944K), 0.0207983 secs] [Times: user=0.03 sys=0.00, real=0.03 secs] 
3037.607: [GC (Allocation Failure) [PSYoungGen: 407099K->91725K(465920K)] 1188468K->873366K(1490944K), 0.0183596 secs] [Times: user=0.03 sys=0.00, real=0.02 secs] 
3039.435: [GC (Allocation Failure) [PSYoungGen: 324685K->37845K(465920K)] 1106326K->819786K(1490944K), 0.0082871 secs] [Times: user=0.02 sys=0.00, real=0.01 secs] 
3039.823: [GC (Allocation Failure) [PSYoungGen: 270805K->184430K(465920K)] 1052746K->967624K(1490944K), 0.0204405 secs] [Times: user=0.03 sys=0.00, real=0.02 secs] 
3040.107: [GC (Allocation Failure) [PSYoungGen: 417390K->184494K(465920K)] 1200584K->967962K(1490944K), 0.0205477 secs] [Times: user=0.03 sys=0.00, real=0.02 secs] 
3042.364: [GC (Allocation Failure) [PSYoungGen: 407548K->91885K(465920K)] 1191015K->875618K(1490944K), 0.0147315 secs] [Times: user=0.03 sys=0.01, real=0.02 secs] 
3043.207: [GC (Allocation Failure) [PSYoungGen: 324845K->37973K(465920K)] 1108578K->821996K(1490944K), 0.0073152 secs] [Times: user=0.02 sys=0.00, real=0.01 secs] 
3043.559: [GC (Allocation Failure) [PSYoungGen: 270933K->184462K(465920K)] 1054956K->969738K(1490944K), 0.0203656 secs] [Times: user=0.03 sys=0.00, real=0.02 secs] 
3043.847: [GC (Allocation Failure) [PSYoungGen: 417422K->184269K(465920K)] 1202698K->969818K(1490944K), 0.0204049 secs] [Times: user=0.03 sys=0.00, real=0.02 secs] 
3045.618: [GC (Allocation Failure) [PSYoungGen: 409174K->92126K(465920K)] 1194723K->877956K(1490944K), 0.0254514 secs] [Times: user=0.06 sys=0.00, real=0.03 secs] 
3047.298: [GC (Allocation Failure) [PSYoungGen: 325086K->37845K(465920K)] 1110916K->823982K(1490944K), 0.0065794 secs] [Times: user=0.01 sys=0.00, real=0.01 secs] 
3047.578: [GC (Allocation Failure) [PSYoungGen: 270805K->184590K(465920K)] 1056942K->971982K(1490944K), 0.0204916 secs] [Times: user=0.03 sys=0.00, real=0.02 secs] 
3047.919: [GC (Allocation Failure) [PSYoungGen: 417550K->184719K(465920K)] 1204942K->972383K(1490944K), 0.0204455 secs] [Times: user=0.02 sys=0.01, real=0.02 secs] 
3049.001: [GC (Allocation Failure) [PSYoungGen: 407436K->91564K(465920K)] 1195100K->879622K(1490944K), 0.0152553 secs] [Times: user=0.03 sys=0.00, real=0.01 secs] 
3050.460: [GC (Allocation Failure) [PSYoungGen: 324524K->37973K(465920K)] 1112582K->826208K(1490944K), 0.0066547 secs] [Times: user=0.01 sys=0.00, real=0.00 secs] 
3050.740: [GC (Allocation Failure) [PSYoungGen: 270933K->184719K(465920K)] 1059168K->974336K(1490944K), 0.0204071 secs] [Times: user=0.03 sys=0.00, real=0.02 secs] 
3051.081: [GC (Allocation Failure) [PSYoungGen: 417679K->184687K(465920K)] 1207296K->974449K(1490944K), 0.0204783 secs] [Times: user=0.03 sys=0.00, real=0.02 secs] 
3052.176: [GC (Allocation Failure) [PSYoungGen: 407254K->91387K(465920K)] 1197015K->881414K(1490944K), 0.0121452 secs] [Times: user=0.03 sys=0.00, real=0.01 secs] 
3054.863: [GC (Allocation Failure) [PSYoungGen: 324347K->37877K(465920K)] 1114374K->828212K(1490944K), 0.0077692 secs] [Times: user=0.02 sys=0.00, real=0.01 secs] 
3055.173: [GC (Allocation Failure) [PSYoungGen: 270837K->184719K(465920K)] 1061172K->976436K(1490944K), 0.0203425 secs] [Times: user=0.03 sys=0.00, real=0.02 secs] 
3055.515: [GC (Allocation Failure) [PSYoungGen: 417679K->184687K(465920K)] 1209396K->976548K(1490944K), 0.0203527 secs] [Times: user=0.03 sys=0.00, real=0.02 secs] 
3056.219: [GC (Allocation Failure) [PSYoungGen: 407250K->91516K(465920K)] 1199111K->883642K(1490944K), 0.0114056 secs] [Times: user=0.02 sys=0.00, real=0.01 secs] 
3057.041: [GC (Allocation Failure) [PSYoungGen: 324476K->38002K(465920K)] 1116602K->830437K(1490944K), 0.0056780 secs] [Times: user=0.02 sys=0.00, real=0.00 secs] 
3057.309: [GC (Allocation Failure) [PSYoungGen: 270962K->183948K(465920K)] 1063397K->977628K(1490944K), 0.0204017 secs] [Times: user=0.03 sys=0.00, real=0.02 secs] 
3057.593: [GC (Allocation Failure) [PSYoungGen: 416908K->184398K(465920K)] 1210588K->978351K(1490944K), 0.0204222 secs] [Times: user=0.03 sys=0.00, real=0.02 secs] 
3059.891: [GC (Allocation Failure) [PSYoungGen: 409599K->92383K(465920K)] 1203552K->886602K(1490944K), 0.0195770 secs] [Times: user=0.05 sys=0.00, real=0.02 secs] 
3062.066: [GC (Allocation Failure) [PSYoungGen: 325343K->37845K(465920K)] 1119562K->832371K(1490944K), 0.0076458 secs] [Times: user=0.02 sys=0.00, real=0.01 secs] 
3062.375: [GC (Allocation Failure) [PSYoungGen: 270805K->184719K(465920K)] 1065331K->980491K(1490944K), 0.0203289 secs] [Times: user=0.03 sys=0.00, real=0.02 secs] 
3062.659: [GC (Allocation Failure) [PSYoungGen: 417679K->184687K(465920K)] 1213451K->980860K(1490944K), 0.0204252 secs] [Times: user=0.03 sys=0.00, real=0.02 secs] 
3063.340: [GC (Allocation Failure) [PSYoungGen: 407118K->91516K(465920K)] 1203292K->887954K(1490944K), 0.0114776 secs] [Times: user=0.03 sys=0.00, real=0.01 secs] 
3064.328: [GC (Allocation Failure) [PSYoungGen: 324476K->38291K(465920K)] 1120914K->834912K(1490944K), 0.0057156 secs] [Times: user=0.01 sys=0.00, real=0.01 secs] 
3064.598: [GC (Allocation Failure) [PSYoungGen: 271251K->184719K(465920K)] 1067872K->982721K(1490944K), 0.0204276 secs] [Times: user=0.03 sys=0.00, real=0.02 secs] 
3064.951: [GC (Allocation Failure) [PSYoungGen: 417679K->184719K(465920K)] 1215681K->982866K(1490944K), 0.0203960 secs] [Times: user=0.03 sys=0.00, real=0.02 secs] 
3066.219: [GC (Allocation Failure) [PSYoungGen: 407017K->91050K(465920K)] 1205164K->889470K(1490944K), 0.0196027 secs] [Times: user=0.04 sys=0.00, real=0.02 secs] 
3067.831: [GC (Allocation Failure) [PSYoungGen: 324010K->37842K(465920K)] 1122430K->836554K(1490944K), 0.0088786 secs] [Times: user=0.02 sys=0.00, real=0.01 secs] 
3068.156: [GC (Allocation Failure) [PSYoungGen: 270802K->184719K(465920K)] 1069514K->984676K(1490944K), 0.0204395 secs] [Times: user=0.03 sys=0.00, real=0.02 secs] 
3068.439: [GC (Allocation Failure) [PSYoungGen: 417679K->184719K(465920K)] 1217636K->984950K(1490944K), 0.0205388 secs] [Times: user=0.03 sys=0.00, real=0.02 secs] 
3069.751: [GC (Allocation Failure) [PSYoungGen: 407279K->91484K(465920K)] 1207510K->891979K(1490944K), 0.0267864 secs] [Times: user=0.06 sys=0.00, real=0.02 secs] 
3071.472: [GC (Allocation Failure) [PSYoungGen: 324444K->37874K(465920K)] 1124939K->838686K(1490944K), 0.0071292 secs] [Times: user=0.02 sys=0.00, real=0.01 secs] 
3071.762: [GC (Allocation Failure) [PSYoungGen: 270834K->183787K(465920K)] 1071646K->985837K(1490944K), 0.0203697 secs] [Times: user=0.02 sys=0.00, real=0.02 secs] 
3072.048: [GC (Allocation Failure) [PSYoungGen: 416747K->184623K(465920K)] 1218797K->986945K(1490944K), 0.0203053 secs] [Times: user=0.03 sys=0.00, real=0.02 secs] 
3074.481: [GC (Allocation Failure) [PSYoungGen: 410085K->92351K(465920K)] 1212407K->894939K(1490944K), 0.0215240 secs] [Times: user=0.04 sys=0.00, real=0.02 secs] 
3076.777: [GC (Allocation Failure) [PSYoungGen: 325311K->37845K(465920K)] 1127899K->840738K(1490944K), 0.0083227 secs] [Times: user=0.02 sys=0.00, real=0.01 secs] 
3077.164: [GC (Allocation Failure) [PSYoungGen: 270805K->184044K(465920K)] 1073698K->988175K(1490944K), 0.0203449 secs] [Times: user=0.03 sys=0.00, real=0.02 secs] 
3077.508: [GC (Allocation Failure) [PSYoungGen: 417004K->184976K(465920K)] 1221135K->989380K(1490944K), 0.0204225 secs] [Times: user=0.03 sys=0.00, real=0.02 secs] 
3079.109: [GC (Allocation Failure) [PSYoungGen: 410294K->91885K(465920K)] 1214698K->896691K(1490944K), 0.0164662 secs] [Times: user=0.04 sys=0.00, real=0.01 secs] 
3080.665: [GC (Allocation Failure) [PSYoungGen: 324845K->37845K(465920K)] 1129651K->842827K(1490944K), 0.0079474 secs] [Times: user=0.02 sys=0.00, real=0.01 secs] 
3081.056: [GC (Allocation Failure) [PSYoungGen: 270805K->184301K(465920K)] 1075787K->990538K(1490944K), 0.0205154 secs] [Times: user=0.03 sys=0.00, real=0.02 secs] 
3081.397: [GC (Allocation Failure) [PSYoungGen: 417261K->184558K(465920K)] 1223498K->991196K(1490944K), 0.0204995 secs] [Times: user=0.03 sys=0.00, real=0.02 secs] 
3082.458: [GC (Allocation Failure) [PSYoungGen: 407554K->91998K(465920K)] 1214192K->898772K(1490944K), 0.0138840 secs] [Times: user=0.03 sys=0.00, real=0.02 secs] 
3083.867: [GC (Allocation Failure) [PSYoungGen: 324958K->37877K(465920K)] 1131732K->844949K(1490944K), 0.0056966 secs] [Times: user=0.01 sys=0.00, real=0.01 secs] 
3084.132: [GC (Allocation Failure) [PSYoungGen: 270837K->182630K(465920K)] 1077909K->991085K(1490944K), 0.0204481 secs] [Times: user=0.03 sys=0.00, real=0.02 secs] 
3084.415: [GC (Allocation Failure) [PSYoungGen: 415590K->184301K(465920K)] 1224045K->992900K(1490944K), 0.0205049 secs] [Times: user=0.03 sys=0.00, real=0.02 secs] 
3085.053: [GC (Allocation Failure) [PSYoungGen: 411452K->93925K(465920K)] 1220050K->902661K(1490944K), 0.0111051 secs] [Times: user=0.02 sys=0.00, real=0.01 secs] 
3085.839: [GC (Allocation Failure) [PSYoungGen: 326885K->38005K(465920K)] 1135621K->847059K(1490944K), 0.0056964 secs] [Times: user=0.02 sys=0.00, real=0.00 secs] 
3086.170: [GC (Allocation Failure) [PSYoungGen: 270965K->184462K(465920K)] 1080019K->994769K(1490944K), 0.0204333 secs] [Times: user=0.02 sys=0.00, real=0.02 secs] 
3086.512: [GC (Allocation Failure) [PSYoungGen: 417422K->184719K(465920K)] 1227729K->995299K(1490944K), 0.0204370 secs] [Times: user=0.03 sys=0.00, real=0.02 secs] 
3087.692: [GC (Allocation Failure) [PSYoungGen: 407165K->91628K(465920K)] 1217745K->902473K(1490944K), 0.0249929 secs] [Times: user=0.05 sys=0.00, real=0.02 secs] 
3088.707: [GC (Allocation Failure) [PSYoungGen: 324588K->38002K(465920K)] 1135433K->849148K(1490944K), 0.0056590 secs] [Times: user=0.01 sys=0.00, real=0.01 secs] 
3088.976: [GC (Allocation Failure) [PSYoungGen: 270962K->184430K(465920K)] 1082108K->996829K(1490944K), 0.0202982 secs] [Times: user=0.03 sys=0.00, real=0.02 secs] 
3089.317: [GC (Allocation Failure) [PSYoungGen: 417390K->184494K(465920K)] 1229789K->997166K(1490944K), 0.0202783 secs] [Times: user=0.03 sys=0.00, real=0.02 secs] 
3090.519: [GC (Allocation Failure) [PSYoungGen: 407035K->91757K(465920K)] 1219707K->904702K(1490944K), 0.0125613 secs] [Times: user=0.03 sys=0.00, real=0.01 secs] 
3091.493: [GC (Allocation Failure) [PSYoungGen: 324717K->37845K(465920K)] 1137662K->851098K(1490944K), 0.0067733 secs] [Times: user=0.02 sys=0.00, real=0.01 secs] 
3091.835: [GC (Allocation Failure) [PSYoungGen: 270805K->184847K(465920K)] 1084058K->999354K(1490944K), 0.0208149 secs] [Times: user=0.03 sys=0.00, real=0.02 secs] 
3092.124: [GC (Allocation Failure) [PSYoungGen: 417807K->184976K(465920K)] 1232314K->999755K(1490944K), 0.0206038 secs] [Times: user=0.03 sys=0.00, real=0.02 secs] 
3093.084: [GC (Allocation Failure) [PSYoungGen: 407818K->91114K(465920K)] 1222597K->906295K(1490944K), 0.0126580 secs] [Times: user=0.02 sys=0.00, real=0.01 secs] 
3094.021: [GC (Allocation Failure) [PSYoungGen: 324074K->38034K(465920K)] 1139255K->853387K(1490944K), 0.0067358 secs] [Times: user=0.01 sys=0.00, real=0.00 secs] 
3094.301: [GC (Allocation Failure) [PSYoungGen: 270994K->184430K(465920K)] 1086347K->1001157K(1490944K), 0.0203983 secs] [Times: user=0.03 sys=0.00, real=0.02 secs] 
3094.584: [GC (Allocation Failure) [PSYoungGen: 417390K->184269K(465920K)] 1234117K->1001141K(1490944K), 0.0204173 secs] [Times: user=0.02 sys=0.00, real=0.02 secs] 
3095.907: [GC (Allocation Failure) [PSYoungGen: 409162K->91966K(465920K)] 1226033K->909102K(1490944K), 0.0126502 secs] [Times: user=0.02 sys=0.00, real=0.02 secs] 
3096.811: [GC (Allocation Failure) [PSYoungGen: 324926K->38002K(465920K)] 1142062K->855440K(1490944K), 0.0057395 secs] [Times: user=0.01 sys=0.00, real=0.00 secs] 
3097.143: [GC (Allocation Failure) [PSYoungGen: 270962K->184462K(465920K)] 1088400K->1003144K(1490944K), 0.0203485 secs] [Times: user=0.02 sys=0.00, real=0.02 secs] 
3097.484: [GC (Allocation Failure) [PSYoungGen: 417422K->184301K(465920K)] 1236104K->1003257K(1490944K), 0.0205530 secs] [Times: user=0.03 sys=0.00, real=0.02 secs] 
3103.157: [GC (Allocation Failure) [PSYoungGen: 417261K->96956K(465920K)] 1236217K->916313K(1490944K), 0.0250344 secs] [Times: user=0.07 sys=0.00, real=0.03 secs] 
3106.565: [GC (Allocation Failure) [PSYoungGen: 329916K->168820K(465920K)] 1149273K->999851K(1490944K), 0.0360733 secs] [Times: user=0.14 sys=0.00, real=0.04 secs] 
3109.102: [GC (Allocation Failure) [PSYoungGen: 401780K->181877K(465920K)] 1232811K->1065605K(1490944K), 0.0549842 secs] [Times: user=0.26 sys=0.00, real=0.05 secs] 
3109.316: [GC (GCLocker Initiated GC) [PSYoungGen: 414837K->182550K(465920K)] 1298565K->1129683K(1490944K), 0.0716093 secs] [Times: user=0.35 sys=0.00, real=0.07 secs] 
3110.100: [GC (Allocation Failure) [PSYoungGen: 415510K->216820K(465920K)] 1362646K->1222245K(1490944K), 0.0755017 secs] [Times: user=0.38 sys=0.00, real=0.07 secs] 
3110.176: [Full GC (Ergonomics) [PSYoungGen: 216820K->0K(465920K)] [ParOldGen: 1005424K->474119K(1026048K)] 1222245K->474119K(1491968K), [Metaspace: 59757K->59757K(1105920K)], 0.6138656 secs] [Times: user=2.82 sys=0.00, real=0.62 secs] 
3112.001: [GC (Allocation Failure) [PSYoungGen: 232938K->95764K(465920K)] 707057K->569883K(1491968K), 0.0172792 secs] [Times: user=0.07 sys=0.00, real=0.01 secs] 
3112.173: [GC (Allocation Failure) [PSYoungGen: 328724K->182934K(465920K)] 802843K->691771K(1491968K), 0.0344365 secs] [Times: user=0.14 sys=0.01, real=0.03 secs] 
3112.349: [GC (Allocation Failure) [PSYoungGen: 415894K->184758K(465920K)] 924731K->750551K(1491968K), 0.0519039 secs] [Times: user=0.25 sys=0.00, real=0.05 secs] 
3114.760: [GC (Allocation Failure) [PSYoungGen: 417718K->176628K(465920K)] 983511K->798397K(1491968K), 0.0497719 secs] [Times: user=0.24 sys=0.00, real=0.05 secs] 
3115.792: [GC (Allocation Failure) [PSYoungGen: 409588K->104476K(465920K)] 1031357K->793262K(1491968K), 0.0441219 secs] [Times: user=0.23 sys=0.00, real=0.04 secs] 
3118.137: [GC (Allocation Failure) [PSYoungGen: 337436K->158099K(465920K)] 1026222K->880089K(1491968K), 0.0709040 secs] [Times: user=0.36 sys=0.00, real=0.07 secs] 
3118.388: [GC (Allocation Failure) [PSYoungGen: 391059K->184854K(465920K)] 1113049K->956460K(1491968K), 0.0572265 secs] [Times: user=0.27 sys=0.00, real=0.06 secs] 
3118.621: [GC (Allocation Failure) [PSYoungGen: 417814K->186039K(465920K)] 1189420K->1021973K(1491968K), 0.0604265 secs] [Times: user=0.30 sys=0.00, real=0.06 secs] 
3118.796: [GC (Allocation Failure) [PSYoungGen: 418999K->186869K(465920K)] 1254933K->1081795K(1491968K), 0.0554089 secs] [Times: user=0.27 sys=0.00, real=0.06 secs] 
3119.807: [GC (Allocation Failure) [PSYoungGen: 419829K->86906K(465920K)] 1314755K->1052504K(1491968K), 0.0404727 secs] [Times: user=0.21 sys=0.00, real=0.04 secs] 
3119.847: [Full GC (Ergonomics) [PSYoungGen: 86906K->0K(465920K)] [ParOldGen: 965598K->100450K(701440K)] 1052504K->100450K(1167360K), [Metaspace: 59911K->59911K(1105920K)], 0.0859227 secs] [Times: user=0.35 sys=0.00, real=0.09 secs] 
3120.112: [GC (Allocation Failure) [PSYoungGen: 232960K->181654K(465920K)] 333410K->282104K(1167360K), 0.0279661 secs] [Times: user=0.10 sys=0.00, real=0.03 secs] 
3120.258: [GC (Allocation Failure) [PSYoungGen: 414614K->184374K(465920K)] 515064K->341484K(1167360K), 0.0413262 secs] [Times: user=0.18 sys=0.00, real=0.05 secs] 
3120.413: [GC (Allocation Failure) [PSYoungGen: 417334K->186613K(465920K)] 574444K->399755K(1167360K), 0.0446016 secs] [Times: user=0.20 sys=0.00, real=0.04 secs] 
3121.411: [GC (Allocation Failure) [PSYoungGen: 419573K->107341K(465920K)] 632715K->390839K(1167360K), 0.0452091 secs] [Times: user=0.23 sys=0.00, real=0.04 secs] 
3121.587: [GC (Allocation Failure) [PSYoungGen: 340301K->156883K(465920K)] 623799K->475586K(1167360K), 0.0470340 secs] [Times: user=0.23 sys=0.00, real=0.05 secs] 
3121.754: [GC (Allocation Failure) [PSYoungGen: 389843K->208501K(465920K)] 708546K->575865K(1167360K), 0.0415898 secs] [Times: user=0.19 sys=0.00, real=0.04 secs] 
3121.915: [GC (Allocation Failure) [PSYoungGen: 441461K->185815K(465920K)] 808825K->617234K(1167360K), 0.0497144 secs] [Times: user=0.23 sys=0.00, real=0.05 secs] 
3122.124: [GC (Allocation Failure) [PSYoungGen: 418775K->185045K(465920K)] 850194K->675248K(1167360K), 0.0556126 secs] [Times: user=0.27 sys=0.00, real=0.06 secs] 
3123.742: [GC (Allocation Failure) [PSYoungGen: 418005K->84394K(465920K)] 908208K->644565K(1167360K), 0.1053992 secs] [Times: user=0.59 sys=0.01, real=0.10 secs] 
3124.078: [GC (Allocation Failure) [PSYoungGen: 317354K->179125K(465920K)] 877525K->767277K(1167360K), 0.0328201 secs] [Times: user=0.14 sys=0.00, real=0.04 secs] 
3124.254: [GC (Allocation Failure) [PSYoungGen: 412085K->184886K(465920K)] 1000237K->828453K(1167360K), 0.0478722 secs] [Times: user=0.22 sys=0.00, real=0.05 secs] 
3124.302: [Full GC (Ergonomics) [PSYoungGen: 184886K->0K(465920K)] [ParOldGen: 643567K->278853K(889344K)] 828453K->278853K(1355264K), [Metaspace: 59920K->59920K(1105920K)], 0.3584468 secs] [Times: user=1.57 sys=0.00, real=0.36 secs] 
3125.023: [GC (Allocation Failure) [PSYoungGen: 232960K->182740K(465920K)] 511813K->461594K(1355264K), 0.0490564 secs] [Times: user=0.23 sys=0.00, real=0.05 secs] 
3126.635: [GC (Allocation Failure) [PSYoungGen: 415700K->119838K(465920K)] 694554K->468184K(1355264K), 0.0495420 secs] [Times: user=0.25 sys=0.00, real=0.05 secs] 
3127.791: [GC (Allocation Failure) [PSYoungGen: 352798K->147761K(465920K)] 701144K->534175K(1355264K), 0.0782636 secs] [Times: user=0.40 sys=0.00, real=0.08 secs] 
3128.046: [GC (Allocation Failure) [PSYoungGen: 380721K->183381K(465920K)] 767135K->615928K(1355264K), 0.0490984 secs] [Times: user=0.23 sys=0.00, real=0.05 secs] 
3128.215: [GC (Allocation Failure) [PSYoungGen: 416341K->186007K(465920K)] 848888K->682225K(1355264K), 0.0493550 secs] [Times: user=0.23 sys=0.00, real=0.05 secs] 
3128.377: [GC (Allocation Failure) [PSYoungGen: 418967K->186709K(465920K)] 915185K->741887K(1355264K), 0.0561564 secs] [Times: user=0.28 sys=0.00, real=0.06 secs] 
3129.363: [GC (Allocation Failure) [PSYoungGen: 419669K->85018K(465920K)] 974847K->710612K(1355264K), 0.0410399 secs] [Times: user=0.22 sys=0.00, real=0.04 secs] 
3129.528: [GC (Allocation Failure) [PSYoungGen: 317978K->178645K(465920K)] 943572K->832084K(1355264K), 0.0325643 secs] [Times: user=0.13 sys=0.00, real=0.04 secs] 
3129.679: [GC (Allocation Failure) [PSYoungGen: 411605K->184918K(465920K)] 1065044K->893884K(1355264K), 0.0449346 secs] [Times: user=0.18 sys=0.02, real=0.04 secs] 
3131.170: [GC (Allocation Failure) [PSYoungGen: 417878K->186133K(465920K)] 1126844K->951387K(1355264K), 0.0726366 secs] [Times: user=0.29 sys=0.06, real=0.07 secs] 
3132.230: [GC (Allocation Failure) [PSYoungGen: 419093K->123759K(465920K)] 1184347K->959086K(1355264K), 0.0574294 secs] [Times: user=0.24 sys=0.06, real=0.05 secs] 
3132.287: [Full GC (Ergonomics) [PSYoungGen: 123759K->0K(465920K)] [ParOldGen: 835326K->338845K(969728K)] 959086K->338845K(1435648K), [Metaspace: 59928K->59928K(1105920K)], 0.5650808 secs] [Times: user=2.45 sys=0.00, real=0.57 secs] 
3133.231: [GC (Allocation Failure) [PSYoungGen: 232960K->141553K(465920K)] 571805K->480398K(1435648K), 0.0221642 secs] [Times: user=0.08 sys=0.00, real=0.02 secs] 
3133.420: [GC (Allocation Failure) [PSYoungGen: 374513K->179061K(465920K)] 713358K->563231K(1435648K), 0.0399736 secs] [Times: user=0.17 sys=0.01, real=0.04 secs] 
3133.587: [GC (Allocation Failure) [PSYoungGen: 411933K->185719K(465920K)] 796103K->632169K(1435648K), 0.0488344 secs] [Times: user=0.23 sys=0.00, real=0.05 secs] 
3135.893: [GC (GCLocker Initiated GC) [PSYoungGen: 418679K->181140K(465920K)] 865130K->686608K(1435648K), 0.1391286 secs] [Times: user=0.73 sys=0.02, real=0.14 secs] 
3137.096: [GC (Allocation Failure) [PSYoungGen: 414100K->89546K(465920K)] 919570K->663689K(1435648K), 0.0502963 secs] [Times: user=0.27 sys=0.00, real=0.05 secs] 
3137.349: [GC (Allocation Failure) [PSYoungGen: 322506K->177941K(465920K)] 896649K->780664K(1435648K), 0.0388532 secs] [Times: user=0.16 sys=0.00, real=0.03 secs] 
3137.529: [GC (Allocation Failure) [PSYoungGen: 410901K->177397K(465920K)] 1013624K->836176K(1435648K), 0.0559070 secs] [Times: user=0.26 sys=0.01, real=0.05 secs] 
3137.715: [GC (Allocation Failure) [PSYoungGen: 410357K->186613K(465920K)] 1069136K->898976K(1435648K), 0.0484461 secs] [Times: user=0.23 sys=0.00, real=0.05 secs] 
3138.682: [GC (Allocation Failure) [PSYoungGen: 419573K->143217K(465920K)] 1131936K->925865K(1435648K), 0.0496892 secs] [Times: user=0.25 sys=0.00, real=0.05 secs] 
3138.912: [GC (GCLocker Initiated GC) [PSYoungGen: 376177K->132095K(465920K)] 1158825K->960271K(1435648K), 0.0684033 secs] [Times: user=0.36 sys=0.00, real=0.07 secs] 
3139.145: [GC (Allocation Failure) [PSYoungGen: 365055K->177717K(465920K)] 1193234K->1047508K(1435648K), 0.0534047 secs] [Times: user=0.22 sys=0.04, real=0.06 secs] 
3139.322: [GC (Allocation Failure) [PSYoungGen: 410677K->182070K(465920K)] 1280468K->1114374K(1435648K), 0.0588894 secs] [Times: user=0.24 sys=0.04, real=0.06 secs] 
3139.381: [Full GC (Ergonomics) [PSYoungGen: 182070K->0K(465920K)] [ParOldGen: 932303K->302669K(943104K)] 1114374K->302669K(1409024K), [Metaspace: 59933K->59933K(1105920K)], 0.4198368 secs] [Times: user=1.97 sys=0.00, real=0.42 secs] 
3139.926: [GC (Allocation Failure) [PSYoungGen: 232960K->186453K(465920K)] 535629K->489122K(1409024K), 0.0306746 secs] [Times: user=0.12 sys=0.00, real=0.03 secs] 
3140.950: [GC (Allocation Failure) [PSYoungGen: 419413K->91034K(465920K)] 722082K->464096K(1409024K), 0.0426891 secs] [Times: user=0.23 sys=0.00, real=0.04 secs] 
3141.130: [GC (Allocation Failure) [PSYoungGen: 323994K->177717K(465920K)] 697056K->580543K(1409024K), 0.0332467 secs] [Times: user=0.14 sys=0.00, real=0.03 secs] 
3141.317: [GC (Allocation Failure) [PSYoungGen: 410677K->182197K(465920K)] 813503K->640591K(1409024K), 0.0600791 secs] [Times: user=0.28 sys=0.00, real=0.06 secs] 
3141.869: [GC (Allocation Failure) [PSYoungGen: 415157K->232852K(465920K)] 873551K->750255K(1409024K), 0.1076271 secs] [Times: user=0.54 sys=0.00, real=0.10 secs] 
3144.126: [GC (Allocation Failure) [PSYoungGen: 465812K->145842K(465920K)] 983215K->733701K(1409024K), 0.0505865 secs] [Times: user=0.25 sys=0.00, real=0.05 secs] 
3144.449: [GC (Allocation Failure) [PSYoungGen: 378802K->120750K(465920K)] 966661K->754729K(1409024K), 0.0691041 secs] [Times: user=0.37 sys=0.00, real=0.06 secs] 
3144.653: [GC (Allocation Failure) [PSYoungGen: 353710K->175892K(465920K)] 987689K->848620K(1409024K), 0.0372469 secs] [Times: user=0.17 sys=0.00, real=0.04 secs] 
3144.853: [GC (Allocation Failure) [PSYoungGen: 408852K->179190K(465920K)] 1081580K->913382K(1409024K), 0.0740308 secs] [Times: user=0.36 sys=0.01, real=0.07 secs] 
3145.057: [GC (Allocation Failure) [PSYoungGen: 412150K->182580K(465920K)] 1146342K->973520K(1409024K), 0.0566032 secs] [Times: user=0.27 sys=0.01, real=0.06 secs] 
3146.055: [GC (Allocation Failure) [PSYoungGen: 415540K->101532K(465920K)] 1206480K->961476K(1409024K), 0.0479515 secs] [Times: user=0.25 sys=0.00, real=0.05 secs] 
3146.103: [Full GC (Ergonomics) [PSYoungGen: 101532K->0K(465920K)] [ParOldGen: 859944K->96381K(756224K)] 961476K->96381K(1222144K), [Metaspace: 59941K->59941K(1105920K)], 0.0491281 secs] [Times: user=0.17 sys=0.00, real=0.05 secs] 
3146.278: [GC (Allocation Failure) [PSYoungGen: 232960K->174677K(465920K)] 329341K->271059K(1222144K), 0.0239931 secs] [Times: user=0.08 sys=0.00, real=0.02 secs] 
3146.420: [GC (Allocation Failure) [PSYoungGen: 407637K->184886K(465920K)] 504019K->335596K(1222144K), 0.0424683 secs] [Times: user=0.19 sys=0.00, real=0.04 secs] 
3146.702: [GC (Allocation Failure) [PSYoungGen: 407283K->173717K(465920K)] 557993K->388883K(1222144K), 0.0494531 secs] [Times: user=0.24 sys=0.00, real=0.05 secs] 
3147.688: [GC (Allocation Failure) [PSYoungGen: 406677K->169811K(465920K)] 621843K->440113K(1222144K), 0.0552799 secs] [Times: user=0.28 sys=0.00, real=0.06 secs] 
3147.976: [GC (Allocation Failure) [PSYoungGen: 402771K->101596K(465920K)] 673073K->436770K(1222144K), 0.0388129 secs] [Times: user=0.20 sys=0.00, real=0.04 secs] 
3148.137: [GC (Allocation Failure) [PSYoungGen: 332349K->180821K(465920K)] 667523K->548240K(1222144K), 0.0347937 secs] [Times: user=0.14 sys=0.00, real=0.04 secs] 
3148.289: [GC (Allocation Failure) [PSYoungGen: 413781K->182677K(465920K)] 781200K->606744K(1222144K), 0.0432214 secs] [Times: user=0.20 sys=0.00, real=0.04 secs] 
3148.501: [GC (Allocation Failure) [PSYoungGen: 415637K->183284K(465920K)] 839704K->662783K(1222144K), 0.0556485 secs] [Times: user=0.28 sys=0.00, real=0.05 secs] 
3149.933: [GC (Allocation Failure) [PSYoungGen: 416244K->99804K(465920K)] 895743K->648375K(1222144K), 0.0796633 secs] [Times: user=0.43 sys=0.00, real=0.08 secs] 
3151.451: [GC (Allocation Failure) [PSYoungGen: 332764K->170164K(465920K)] 881335K->750992K(1222144K), 0.0593416 secs] [Times: user=0.28 sys=0.00, real=0.06 secs] 
3151.643: [GC (Allocation Failure) [PSYoungGen: 403124K->181589K(465920K)] 983952K->815737K(1222144K), 0.0432813 secs] [Times: user=0.20 sys=0.00, real=0.04 secs] 
3151.840: [GC (Allocation Failure) [PSYoungGen: 414549K->185847K(465920K)] 1048697K->882979K(1222144K), 0.0671559 secs] [Times: user=0.33 sys=0.00, real=0.06 secs] 
3151.907: [Full GC (Ergonomics) [PSYoungGen: 185847K->0K(465920K)] [ParOldGen: 697132K->322526K(998912K)] 882979K->322526K(1464832K), [Metaspace: 59951K->59951K(1105920K)], 0.4465771 secs] [Times: user=2.07 sys=0.00, real=0.45 secs] 
3152.585: [GC (Allocation Failure) [PSYoungGen: 232960K->214580K(465920K)] 555486K->537107K(1464832K), 0.0296132 secs] [Times: user=0.11 sys=0.00, real=0.03 secs] 
3153.418: [GC (Allocation Failure) [PSYoungGen: 447540K->90826K(465920K)] 770067K->481809K(1464832K), 0.0586495 secs] [Times: user=0.31 sys=0.00, real=0.06 secs] 
3153.650: [GC (Allocation Failure) [PSYoungGen: 323786K->178773K(465920K)] 714769K->598516K(1464832K), 0.0337428 secs] [Times: user=0.14 sys=0.00, real=0.03 secs] 
3153.802: [GC (Allocation Failure) [PSYoungGen: 411733K->184694K(465920K)] 831476K->660104K(1464832K), 0.0431802 secs] [Times: user=0.19 sys=0.00, real=0.04 secs] 
3155.165: [GC (GCLocker Initiated GC) [PSYoungGen: 417654K->181652K(465920K)] 893065K->712975K(1464832K), 0.1159081 secs] [Times: user=0.59 sys=0.00, real=0.12 secs] 
3156.320: [GC (Allocation Failure) [PSYoungGen: 414612K->103804K(465920K)] 946101K->704193K(1464832K), 0.0452350 secs] [Times: user=0.23 sys=0.00, real=0.04 secs] 
3156.551: [GC (Allocation Failure) [PSYoungGen: 336764K->161683K(465920K)] 937153K->795753K(1464832K), 0.0649172 secs] [Times: user=0.32 sys=0.00, real=0.06 secs] 
3156.749: [GC (Allocation Failure) [PSYoungGen: 394643K->184342K(465920K)] 1028713K->869336K(1464832K), 0.0423395 secs] [Times: user=0.19 sys=0.00, real=0.04 secs] 
3156.911: [GC (Allocation Failure) [PSYoungGen: 417302K->182774K(465920K)] 1102296K->931769K(1464832K), 0.0500917 secs] [Times: user=0.23 sys=0.00, real=0.05 secs] 
3157.101: [GC (Allocation Failure) [PSYoungGen: 415734K->186773K(465920K)] 1164729K->994111K(1464832K), 0.0745843 secs] [Times: user=0.33 sys=0.05, real=0.07 secs] 
3159.885: [GC (Allocation Failure) [PSYoungGen: 419733K->89130K(465920K)] 1227071K->966921K(1464832K), 0.1131907 secs] [Times: user=0.56 sys=0.07, real=0.12 secs] 
3160.209: [GC (Allocation Failure) [PSYoungGen: 322090K->175029K(465920K)] 1199881K->1081516K(1464832K), 0.0382239 secs] [Times: user=0.16 sys=0.01, real=0.03 secs] 
3160.247: [Full GC (Ergonomics) [PSYoungGen: 175029K->0K(465920K)] [ParOldGen: 906487K->217810K(919552K)] 1081516K->217810K(1385472K), [Metaspace: 59957K->59957K(1105920K)], 0.2330124 secs] [Times: user=1.06 sys=0.00, real=0.24 secs] 
3160.603: [GC (Allocation Failure) [PSYoungGen: 232960K->184470K(465920K)] 450770K->402280K(1385472K), 0.0263679 secs] [Times: user=0.10 sys=0.00, real=0.03 secs] 
3160.743: [GC (Allocation Failure) [PSYoungGen: 417430K->186997K(465920K)] 635240K->460703K(1385472K), 0.0449095 secs] [Times: user=0.21 sys=0.00, real=0.04 secs] 
3161.719: [GC (Allocation Failure) [PSYoungGen: 419957K->110397K(465920K)] 693663K->454687K(1385472K), 0.0453312 secs] [Times: user=0.23 sys=0.00, real=0.04 secs] 
3161.936: [GC (Allocation Failure) [PSYoungGen: 343357K->158483K(465920K)] 687647K->538837K(1385472K), 0.0681617 secs] [Times: user=0.34 sys=0.00, real=0.07 secs] 
3162.199: [GC (Allocation Failure) [PSYoungGen: 391443K->179477K(465920K)] 771797K->608992K(1385472K), 0.0549497 secs] [Times: user=0.26 sys=0.00, real=0.05 secs] 
3162.384: [GC (Allocation Failure) [PSYoungGen: 412437K->185911K(465920K)] 841952K->678257K(1385472K), 0.0494570 secs] [Times: user=0.23 sys=0.00, real=0.05 secs] 
3163.514: [GC (Allocation Failure) [PSYoungGen: 418871K->186069K(465920K)] 911217K->737207K(1385472K), 0.0801940 secs] [Times: user=0.41 sys=0.00, real=0.08 secs] 
3164.548: [GC (Allocation Failure) [PSYoungGen: 419029K->90074K(465920K)] 970167K->711533K(1385472K), 0.0418538 secs] [Times: user=0.21 sys=0.00, real=0.05 secs] 
3164.773: [GC (Allocation Failure) [PSYoungGen: 323034K->177781K(465920K)] 944493K->828491K(1385472K), 0.0501785 secs] [Times: user=0.22 sys=0.00, real=0.05 secs] 
3164.969: [GC (Allocation Failure) [PSYoungGen: 410741K->184470K(465920K)] 1061451K->890816K(1385472K), 0.0434325 secs] [Times: user=0.20 sys=0.00, real=0.04 secs] 
3165.125: [GC (Allocation Failure) [PSYoungGen: 417430K->183188K(465920K)] 1123776K->945635K(1385472K), 0.0455923 secs] [Times: user=0.21 sys=0.01, real=0.05 secs] 
3166.120: [GC (Allocation Failure) [PSYoungGen: 416148K->118718K(465920K)] 1178595K->950513K(1385472K), 0.0471688 secs] [Times: user=0.24 sys=0.00, real=0.04 secs] 
3166.167: [Full GC (Ergonomics) [PSYoungGen: 118718K->0K(465920K)] [ParOldGen: 831794K->100557K(821760K)] 950513K->100557K(1287680K), [Metaspace: 59963K->59963K(1105920K)], 0.0334392 secs] [Times: user=0.11 sys=0.00, real=0.04 secs] 
3167.467: [GC (Allocation Failure) [PSYoungGen: 232960K->149233K(465920K)] 333517K->249799K(1287680K), 0.0308942 secs] [Times: user=0.11 sys=0.00, real=0.03 secs] 
3167.744: [GC (Allocation Failure) [PSYoungGen: 382193K->183765K(465920K)] 482759K->331335K(1287680K), 0.0528727 secs] [Times: user=0.25 sys=0.00, real=0.05 secs] 
3167.927: [GC (Allocation Failure) [PSYoungGen: 416725K->185975K(465920K)] 564295K->397477K(1287680K), 0.0491263 secs] [Times: user=0.23 sys=0.00, real=0.05 secs] 
3168.093: [GC (Allocation Failure) [PSYoungGen: 418935K->186485K(465920K)] 630437K->457155K(1287680K), 0.0562806 secs] [Times: user=0.27 sys=0.01, real=0.06 secs] 
3169.147: [GC (Allocation Failure) [PSYoungGen: 419445K->91098K(465920K)] 690115K->432032K(1287680K), 0.0411988 secs] [Times: user=0.21 sys=0.00, real=0.05 secs] 
3169.362: [GC (Allocation Failure) [PSYoungGen: 324058K->178165K(465920K)] 664992K->548596K(1287680K), 0.0371082 secs] [Times: user=0.15 sys=0.00, real=0.04 secs] 
3169.527: [GC (Allocation Failure) [PSYoungGen: 411125K->184438K(465920K)] 781556K->610508K(1287680K), 0.0432410 secs] [Times: user=0.19 sys=0.00, real=0.05 secs] 
3169.685: [GC (Allocation Failure) [PSYoungGen: 417398K->186485K(465920K)] 843468K->668660K(1287680K), 0.0453708 secs] [Times: user=0.21 sys=0.00, real=0.05 secs] 
3170.664: [GC (Allocation Failure) [PSYoungGen: 419445K->116270K(465920K)] 901620K->668717K(1287680K), 0.0462848 secs] [Times: user=0.23 sys=0.00, real=0.05 secs] 
3170.945: [GC (Allocation Failure) [PSYoungGen: 349230K->146049K(465920K)] 901677K->735344K(1287680K), 0.0617229 secs] [Times: user=0.31 sys=0.00, real=0.06 secs] 
3171.131: [GC (Allocation Failure) [PSYoungGen: 379009K->183701K(465920K)] 968304K->819373K(1287680K), 0.0396150 secs] [Times: user=0.17 sys=0.00, real=0.04 secs] 
3171.292: [GC (Allocation Failure) [PSYoungGen: 416661K->185847K(465920K)] 1052333K->885351K(1287680K), 0.0494972 secs] [Times: user=0.23 sys=0.01, real=0.05 secs] 
3171.483: [GC (Allocation Failure) [PSYoungGen: 418807K->186453K(465920K)] 1118311K->944901K(1287680K), 0.0721478 secs] [Times: user=0.37 sys=0.00, real=0.07 secs] 
3171.555: [Full GC (Ergonomics) [PSYoungGen: 186453K->0K(465920K)] [ParOldGen: 758447K->362473K(1099264K)] 944901K->362473K(1565184K), [Metaspace: 59975K->59975K(1105920K)], 0.5567839 secs] [Times: user=2.58 sys=0.00, real=0.56 secs] 
3173.413: [GC (Allocation Failure) [PSYoungGen: 232960K->85754K(465920K)] 595433K->448228K(1565184K), 0.0473592 secs] [Times: user=0.23 sys=0.00, real=0.05 secs] 
3173.739: [GC (Allocation Failure) [PSYoungGen: 318714K->175829K(465920K)] 681188K->566512K(1565184K), 0.0322706 secs] [Times: user=0.13 sys=0.00, real=0.03 secs] 
3173.934: [GC (Allocation Failure) [PSYoungGen: 408789K->184854K(465920K)] 799472K->630320K(1565184K), 0.0578985 secs] [Times: user=0.27 sys=0.00, real=0.06 secs] 
3174.255: [GC (Allocation Failure) [PSYoungGen: 417814K->184180K(465920K)] 863280K->685703K(1565184K), 0.0615778 secs] [Times: user=0.30 sys=0.00, real=0.06 secs] 
3176.039: [GC (Allocation Failure) [PSYoungGen: 417140K->130000K(465920K)] 918663K->700978K(1565184K), 0.0500342 secs] [Times: user=0.25 sys=0.01, real=0.05 secs] 
3176.317: [GC (Allocation Failure) [PSYoungGen: 362960K->137472K(465920K)] 933938K->749587K(1565184K), 0.1183864 secs] [Times: user=0.65 sys=0.01, real=0.12 secs] 
3176.616: [GC (Allocation Failure) [PSYoungGen: 370432K->178485K(465920K)] 982547K->834272K(1565184K), 0.0389039 secs] [Times: user=0.17 sys=0.00, real=0.04 secs] 
3176.774: [GC (Allocation Failure) [PSYoungGen: 411445K->186199K(465920K)] 1067232K->904438K(1565184K), 0.0490813 secs] [Times: user=0.23 sys=0.00, real=0.05 secs] 
3176.964: [GC (Allocation Failure) [PSYoungGen: 419159K->183604K(465920K)] 1137398K->960916K(1565184K), 0.0602455 secs] [Times: user=0.30 sys=0.00, real=0.06 secs] 
3177.967: [GC (GCLocker Initiated GC) [PSYoungGen: 416564K->89450K(465920K)] 1193877K->936055K(1565184K), 0.0466772 secs] [Times: user=0.22 sys=0.03, real=0.05 secs] 
3178.138: [GC (Allocation Failure) [PSYoungGen: 322410K->178165K(465920K)] 1169054K->1053681K(1565184K), 0.0363486 secs] [Times: user=0.11 sys=0.05, real=0.04 secs] 
3178.317: [GC (Allocation Failure) [PSYoungGen: 411125K->184822K(465920K)] 1286641K->1115998K(1565184K), 0.0602371 secs] [Times: user=0.29 sys=0.00, real=0.06 secs] 
3178.518: [GC (Allocation Failure) [PSYoungGen: 417782K->182964K(465920K)] 1348958K->1170172K(1565184K), 0.0598384 secs] [Times: user=0.25 sys=0.05, real=0.06 secs] 
3179.522: [GC (Allocation Failure) [PSYoungGen: 415924K->141137K(465920K)] 1403132K->1197689K(1565184K), 0.0572815 secs] [Times: user=0.27 sys=0.02, real=0.06 secs] 
3179.579: [Full GC (Ergonomics) [PSYoungGen: 141137K->0K(465920K)] [ParOldGen: 1056552K->351500K(1117696K)] 1197689K->351500K(1583616K), [Metaspace: 59981K->59981K(1105920K)], 0.5760278 secs] [Times: user=2.49 sys=0.00, real=0.57 secs] 
3180.411: [GC (Allocation Failure) [PSYoungGen: 232960K->126863K(465920K)] 584460K->478364K(1583616K), 0.0221132 secs] [Times: user=0.08 sys=0.00, real=0.02 secs] 
3180.605: [GC (Allocation Failure) [PSYoungGen: 359823K->175508K(465920K)] 711324K->568088K(1583616K), 0.0371113 secs] [Times: user=0.15 sys=0.01, real=0.04 secs] 
3181.055: [GC (Allocation Failure) [PSYoungGen: 408468K->182902K(465920K)] 801048K->637034K(1583616K), 0.0747788 secs] [Times: user=0.37 sys=0.00, real=0.08 secs] 
3182.150: [GC (Allocation Failure) [PSYoungGen: 415862K->184757K(465920K)] 869994K->696808K(1583616K), 0.0808302 secs] [Times: user=0.42 sys=0.00, real=0.08 secs] 
3184.032: [GC (Allocation Failure) [PSYoungGen: 417717K->94299K(465920K)] 929768K->676062K(1583616K), 0.0578899 secs] [Times: user=0.30 sys=0.00, real=0.06 secs] 
3184.328: [GC (Allocation Failure) [PSYoungGen: 327259K->171220K(465920K)] 909022K->783325K(1583616K), 0.0451503 secs] [Times: user=0.20 sys=0.00, real=0.05 secs] 
3184.500: [GC (Allocation Failure) [PSYoungGen: 404180K->184534K(465920K)] 1016285K->850210K(1583616K), 0.0427327 secs] [Times: user=0.19 sys=0.00, real=0.04 secs] 
3184.656: [GC (Allocation Failure) [PSYoungGen: 403784K->173429K(465920K)] 1069460K->903202K(1583616K), 0.0481335 secs] [Times: user=0.22 sys=0.00, real=0.05 secs] 
3185.447: [GC (Allocation Failure) [PSYoungGen: 401693K->205747K(465920K)] 1131465K->990623K(1583616K), 0.0535462 secs] [Times: user=0.25 sys=0.01, real=0.06 secs] 
3185.830: [GC (Allocation Failure) [PSYoungGen: 438707K->100620K(465920K)] 1223583K->949944K(1583616K), 0.0402644 secs] [Times: user=0.20 sys=0.00, real=0.04 secs] 
3186.051: [GC (GCLocker Initiated GC) [PSYoungGen: 333580K->178037K(465920K)] 1182906K->1059440K(1583616K), 0.0533705 secs] [Times: user=0.24 sys=0.01, real=0.05 secs] 
3186.252: [GC (Allocation Failure) [PSYoungGen: 410997K->184438K(465920K)] 1292437K->1121009K(1583616K), 0.0443546 secs] [Times: user=0.20 sys=0.00, real=0.04 secs] 
3186.671: [GC (Allocation Failure) [PSYoungGen: 417398K->186645K(465920K)] 1353969K->1179288K(1583616K), 0.0532641 secs] [Times: user=0.25 sys=0.00, real=0.05 secs] 
3188.951: [GC (Allocation Failure) [PSYoungGen: 419605K->96843K(465920K)] 1412248K->1159743K(1583616K), 0.0455860 secs] [Times: user=0.23 sys=0.00, real=0.04 secs] 
3188.996: [Full GC (Ergonomics) [PSYoungGen: 96843K->0K(465920K)] [ParOldGen: 1062899K->88720K(885760K)] 1159743K->88720K(1351680K), [Metaspace: 59993K->59993K(1105920K)], 0.0418647 secs] [Times: user=0.12 sys=0.01, real=0.04 secs] 
3189.162: [GC (Allocation Failure) [PSYoungGen: 232960K->168116K(465920K)] 321682K->256839K(1351680K), 0.0239049 secs] [Times: user=0.08 sys=0.01, real=0.02 secs] 
3189.303: [GC (Allocation Failure) [PSYoungGen: 401076K->181589K(465920K)] 489799K->322856K(1351680K), 0.0416148 secs] [Times: user=0.19 sys=0.00, real=0.04 secs] 
3189.497: [GC (Allocation Failure) [PSYoungGen: 414549K->186039K(465920K)] 555816K->391058K(1351680K), 0.0708141 secs] [Times: user=0.35 sys=0.00, real=0.07 secs] 
3191.084: [GC (Allocation Failure) [PSYoungGen: 418999K->217172K(465920K)] 624018K->481083K(1351680K), 0.0575247 secs] [Times: user=0.29 sys=0.00, real=0.06 secs] 
3193.116: [GC (Allocation Failure) [PSYoungGen: 450132K->84841K(465920K)] 714043K->418248K(1351680K), 0.0836302 secs] [Times: user=0.45 sys=0.01, real=0.09 secs] 
3193.381: [GC (Allocation Failure) [PSYoungGen: 317801K->181366K(465920K)] 651208K->541701K(1351680K), 0.0327431 secs] [Times: user=0.13 sys=0.01, real=0.03 secs] 
3193.581: [GC (Allocation Failure) [PSYoungGen: 414326K->184758K(465920K)] 774661K->601442K(1351680K), 0.0644753 secs] [Times: user=0.31 sys=0.00, real=0.06 secs] 
3193.829: [GC (Allocation Failure) [PSYoungGen: 417718K->186965K(465920K)] 834402K->659777K(1351680K), 0.0605697 secs] [Times: user=0.30 sys=0.00, real=0.06 secs] 
3194.821: [GC (Allocation Failure) [PSYoungGen: 419925K->99708K(465920K)] 892737K->643040K(1351680K), 0.0447016 secs] [Times: user=0.23 sys=0.00, real=0.04 secs] 
3194.993: [GC (Allocation Failure) [PSYoungGen: 332668K->164371K(465920K)] 876000K->740696K(1351680K), 0.0425611 secs] [Times: user=0.19 sys=0.00, real=0.04 secs] 
3195.155: [GC (Allocation Failure) [PSYoungGen: 397331K->184342K(465920K)] 973656K->811930K(1351680K), 0.0418495 secs] [Times: user=0.19 sys=0.00, real=0.04 secs] 
3195.315: [GC (Allocation Failure) [PSYoungGen: 417302K->185847K(465920K)] 1044890K->877539K(1351680K), 0.0499638 secs] [Times: user=0.23 sys=0.00, real=0.05 secs] 
3195.939: [GC (Allocation Failure) [PSYoungGen: 418807K->185877K(465920K)] 1110499K->936473K(1351680K), 0.0795504 secs] [Times: user=0.41 sys=0.00, real=0.08 secs] 
3197.430: [GC (Allocation Failure) [PSYoungGen: 418837K->80393K(465920K)] 1169433K->901149K(1351680K), 0.0930644 secs] [Times: user=0.51 sys=0.01, real=0.09 secs] 
3197.523: [Full GC (Ergonomics) [PSYoungGen: 80393K->0K(465920K)] [ParOldGen: 820756K->96660K(920576K)] 901149K->96660K(1386496K), [Metaspace: 59995K->59995K(1105920K)], 0.1437721 secs] [Times: user=0.63 sys=0.00, real=0.14 secs] 
3197.818: [GC (Allocation Failure) [PSYoungGen: 232960K->182038K(465920K)] 329620K->278698K(1386496K), 0.0317692 secs] [Times: user=0.13 sys=0.00, real=0.04 secs] 
3197.995: [GC (Allocation Failure) [PSYoungGen: 414998K->184758K(465920K)] 511658K->337942K(1386496K), 0.0456501 secs] [Times: user=0.21 sys=0.00, real=0.05 secs] 
3198.737: [GC (Allocation Failure) [PSYoungGen: 417718K->183924K(465920K)] 570902K->392965K(1386496K), 0.0602558 secs] [Times: user=0.30 sys=0.00, real=0.06 secs] 
3199.860: [GC (Allocation Failure) [PSYoungGen: 416884K->111933K(465920K)] 625925K->390909K(1386496K), 0.0450557 secs] [Times: user=0.23 sys=0.00, real=0.04 secs] 
3201.051: [GC (Allocation Failure) [PSYoungGen: 344893K->152402K(465920K)] 623869K->467303K(1386496K), 0.0787110 secs] [Times: user=0.41 sys=0.00, real=0.08 secs] 
3201.332: [GC (Allocation Failure) [PSYoungGen: 385362K->184566K(465920K)] 700263K->547159K(1386496K), 0.0533059 secs] [Times: user=0.25 sys=0.00, real=0.05 secs] 
3201.549: [GC (Allocation Failure) [PSYoungGen: 417526K->185975K(465920K)] 780119K->612660K(1386496K), 0.0587715 secs] [Times: user=0.29 sys=0.00, real=0.06 secs] 
3201.726: [GC (Allocation Failure) [PSYoungGen: 418935K->186773K(465920K)] 845620K->672530K(1386496K), 0.0564729 secs] [Times: user=0.28 sys=0.00, real=0.06 secs] 
3202.739: [GC (GCLocker Initiated GC) [PSYoungGen: 419733K->85290K(465920K)] 905490K->641547K(1386496K), 0.0401123 secs] [Times: user=0.21 sys=0.00, real=0.04 secs] 
3202.989: [GC (Allocation Failure) [PSYoungGen: 318250K->182517K(465920K)] 874546K->766246K(1386496K), 0.0442151 secs] [Times: user=0.20 sys=0.00, real=0.04 secs] 
3203.208: [GC (Allocation Failure) [PSYoungGen: 415477K->184630K(465920K)] 999206K->824118K(1386496K), 0.0532625 secs] [Times: user=0.26 sys=0.00, real=0.06 secs] 
3203.574: [GC (Allocation Failure) [PSYoungGen: 417590K->186581K(465920K)] 1057078K->881949K(1386496K), 0.0474277 secs] [Times: user=0.23 sys=0.00, real=0.05 secs] 
3204.578: [GC (Allocation Failure) [PSYoungGen: 419541K->116014K(465920K)] 1114909K->881806K(1386496K), 0.0482794 secs] [Times: user=0.24 sys=0.00, real=0.05 secs] 
3205.121: [GC (Allocation Failure) [PSYoungGen: 348974K->146049K(465920K)] 1114766K->948434K(1386496K), 0.0729904 secs] [Times: user=0.38 sys=0.01, real=0.07 secs] 
3205.323: [GC (Allocation Failure) [PSYoungGen: 379009K->184054K(465920K)] 1181394K->1032807K(1386496K), 0.0402593 secs] [Times: user=0.18 sys=0.00, real=0.04 secs] 
3205.363: [Full GC (Ergonomics) [PSYoungGen: 184054K->0K(465920K)] [ParOldGen: 848753K->248127K(1095168K)] 1032807K->248127K(1561088K), [Metaspace: 60001K->60001K(1105920K)], 0.2968582 secs] [Times: user=1.33 sys=0.00, real=0.30 secs] 
3205.782: [GC (Allocation Failure) [PSYoungGen: 232960K->185655K(465920K)] 481087K->433783K(1561088K), 0.0825119 secs] [Times: user=0.43 sys=0.00, real=0.08 secs] 
3205.996: [GC (Allocation Failure) [PSYoungGen: 418615K->186741K(465920K)] 666743K->493937K(1561088K), 0.0569689 secs] [Times: user=0.28 sys=0.00, real=0.06 secs] 
3208.231: [GC (Allocation Failure) [PSYoungGen: 419701K->89002K(465920K)] 726897K->466626K(1561088K), 0.1108197 secs] [Times: user=0.61 sys=0.00, real=0.11 secs] 
3208.805: [GC (Allocation Failure) [PSYoungGen: 321962K->174357K(465920K)] 699586K->581134K(1561088K), 0.0318963 secs] [Times: user=0.13 sys=0.00, real=0.03 secs] 
3208.964: [GC (Allocation Failure) [PSYoungGen: 407317K->184438K(465920K)] 814094K->645206K(1561088K), 0.0420967 secs] [Times: user=0.19 sys=0.00, real=0.04 secs] 
3209.120: [GC (Allocation Failure) [PSYoungGen: 417398K->187317K(465920K)] 878166K->703910K(1561088K), 0.0451635 secs] [Times: user=0.21 sys=0.00, real=0.04 secs] 
3210.143: [GC (Allocation Failure) [PSYoungGen: 420277K->124527K(465920K)] 936870K->711864K(1561088K), 0.0476491 secs] [Times: user=0.24 sys=0.00, real=0.05 secs] 
3210.361: [GC (Allocation Failure) [PSYoungGen: 357487K->140048K(465920K)] 944824K->767049K(1561088K), 0.0600644 secs] [Times: user=0.31 sys=0.00, real=0.06 secs] 
3210.546: [GC (Allocation Failure) [PSYoungGen: 373008K->178613K(465920K)] 1000009K->850258K(1561088K), 0.0395867 secs] [Times: user=0.17 sys=0.00, real=0.04 secs] 
3210.704: [GC (Allocation Failure) [PSYoungGen: 411573K->185751K(465920K)] 1083218K->919644K(1561088K), 0.0496642 secs] [Times: user=0.24 sys=0.00, real=0.05 secs] 
3211.427: [GC (GCLocker Initiated GC) [PSYoungGen: 418711K->186165K(465920K)] 1152604K->979106K(1561088K), 0.0859089 secs] [Times: user=0.44 sys=0.00, real=0.09 secs] 
3212.563: [GC (Allocation Failure) [PSYoungGen: 419125K->86778K(465920K)] 1212233K->950142K(1561088K), 0.0571642 secs] [Times: user=0.30 sys=0.00, real=0.06 secs] 
3212.833: [GC (Allocation Failure) [PSYoungGen: 319738K->177813K(465920K)] 1183102K->1069550K(1561088K), 0.0400040 secs] [Times: user=0.17 sys=0.01, real=0.04 secs] 
3212.992: [GC (Allocation Failure) [PSYoungGen: 410773K->184213K(465920K)] 1302510K->1131343K(1561088K), 0.0545368 secs] [Times: user=0.24 sys=0.03, real=0.05 secs] 
3213.160: [GC (Allocation Failure) [PSYoungGen: 417173K->186677K(465920K)] 1364303K->1189838K(1561088K), 0.0583769 secs] [Times: user=0.20 sys=0.08, real=0.06 secs] 
3214.258: [GC (Allocation Failure) [PSYoungGen: 419637K->135856K(465920K)] 1422798K->1209354K(1561088K), 0.0597238 secs] [Times: user=0.26 sys=0.06, real=0.06 secs] 
3214.317: [Full GC (Ergonomics) [PSYoungGen: 135856K->0K(465920K)] [ParOldGen: 1073497K->346040K(1224192K)] 1209354K->346040K(1690112K), [Metaspace: 60003K->60003K(1105920K)], 0.5835618 secs] [Times: user=2.52 sys=0.00, real=0.59 secs] 
3216.647: [GC (Allocation Failure) [PSYoungGen: 232960K->130479K(465920K)] 579000K->476519K(1690112K), 0.0285986 secs] [Times: user=0.11 sys=0.00, real=0.03 secs] 
3216.925: [GC (Allocation Failure) [PSYoungGen: 363439K->178773K(465920K)] 709479K->566838K(1690112K), 0.0517924 secs] [Times: user=0.23 sys=0.00, real=0.05 secs] 
3217.152: [GC (Allocation Failure) [PSYoungGen: 411733K->185111K(465920K)] 799798K->635440K(1690112K), 0.0676201 secs] [Times: user=0.33 sys=0.00, real=0.07 secs] 
3217.381: [GC (Allocation Failure) [PSYoungGen: 418071K->186677K(465920K)] 868400K->695686K(1690112K), 0.0601347 secs] [Times: user=0.30 sys=0.00, real=0.06 secs] 
3218.414: [GC (Allocation Failure) [PSYoungGen: 419637K->87402K(465920K)] 928646K->666771K(1690112K), 0.0422894 secs] [Times: user=0.22 sys=0.00, real=0.04 secs] 
3218.583: [GC (Allocation Failure) [PSYoungGen: 320362K->177365K(465920K)] 899731K->785158K(1690112K), 0.0329827 secs] [Times: user=0.13 sys=0.00, real=0.03 secs] 
3218.734: [GC (Allocation Failure) [PSYoungGen: 410325K->184630K(465920K)] 1018118K->847607K(1690112K), 0.0426250 secs] [Times: user=0.19 sys=0.00, real=0.04 secs] 
3219.226: [GC (Allocation Failure) [PSYoungGen: 417590K->187253K(465920K)] 1080567K->906190K(1690112K), 0.0484150 secs] [Times: user=0.23 sys=0.00, real=0.05 secs] 
3220.442: [GC (Allocation Failure) [PSYoungGen: 420213K->142545K(465920K)] 1139150K->932195K(1690112K), 0.0498119 secs] [Times: user=0.25 sys=0.00, real=0.05 secs] 
3220.755: [GC (Allocation Failure) [PSYoungGen: 375505K->123390K(465920K)] 1165155K->958120K(1690112K), 0.0719177 secs] [Times: user=0.38 sys=0.00, real=0.07 secs] 
3220.983: [GC (Allocation Failure) [PSYoungGen: 356350K->178357K(465920K)] 1191080K->1052335K(1690112K), 0.0426016 secs] [Times: user=0.20 sys=0.00, real=0.04 secs] 
3221.148: [GC (Allocation Failure) [PSYoungGen: 411317K->185495K(465920K)] 1285295K->1122025K(1690112K), 0.0493208 secs] [Times: user=0.23 sys=0.00, real=0.05 secs] 
3221.386: [GC (Allocation Failure) [PSYoungGen: 418455K->183828K(465920K)] 1354985K->1179283K(1690112K), 0.0579328 secs] [Times: user=0.29 sys=0.00, real=0.06 secs] 
3223.382: [GC (Allocation Failure) [PSYoungGen: 416788K->93771K(465920K)] 1412243K->1158569K(1690112K), 0.0474446 secs] [Times: user=0.25 sys=0.00, real=0.05 secs] 
3224.159: [GC (Allocation Failure) [PSYoungGen: 326731K->172660K(465920K)] 1391529K->1267344K(1690112K), 0.0517359 secs] [Times: user=0.18 sys=0.06, real=0.05 secs] 
3224.355: [GC (Allocation Failure) [PSYoungGen: 405620K->184854K(465920K)] 1500304K->1333565K(1690112K), 0.0530700 secs] [Times: user=0.21 sys=0.05, real=0.06 secs] 
3224.409: [Full GC (Ergonomics) [PSYoungGen: 184854K->0K(465920K)] [ParOldGen: 1148711K->265545K(1171456K)] 1333565K->265545K(1637376K), [Metaspace: 60014K->60014K(1105920K)], 0.3417463 secs] [Times: user=1.59 sys=0.00, real=0.34 secs] 
3224.862: [GC (Allocation Failure) [PSYoungGen: 219336K->170869K(465920K)] 484881K->436414K(1637376K), 0.0720783 secs] [Times: user=0.38 sys=0.00, real=0.07 secs] 
3225.725: [GC (Allocation Failure) [PSYoungGen: 402018K->206355K(465920K)] 667563K->526076K(1637376K), 0.0507441 secs] [Times: user=0.25 sys=0.00, real=0.05 secs] 
3226.099: [GC (GCLocker Initiated GC) [PSYoungGen: 439315K->99307K(465920K)] 759037K->483886K(1637376K), 0.0434004 secs] [Times: user=0.23 sys=0.00, real=0.04 secs] 
3226.293: [GC (Allocation Failure) [PSYoungGen: 332267K->187158K(465920K)] 716885K->603367K(1637376K), 0.0348037 secs] [Times: user=0.14 sys=0.00, real=0.03 secs] 
3226.446: [GC (Allocation Failure) [PSYoungGen: 420118K->184982K(465920K)] 836327K->658242K(1637376K), 0.0439231 secs] [Times: user=0.20 sys=0.00, real=0.05 secs] 
3226.645: [GC (Allocation Failure) [PSYoungGen: 417942K->182100K(465920K)] 891202K->711449K(1637376K), 0.0453771 secs] [Times: user=0.21 sys=0.01, real=0.05 secs] 
3227.660: [GC (GCLocker Initiated GC) [PSYoungGen: 415060K->98428K(465920K)] 944409K->696809K(1637376K), 0.0436473 secs] [Times: user=0.23 sys=0.00, real=0.04 secs] 
3227.925: [GC (Allocation Failure) [PSYoungGen: 331388K->174836K(465920K)] 929899K->804936K(1637376K), 0.0519745 secs] [Times: user=0.25 sys=0.00, real=0.05 secs] 
3228.098: [GC (Allocation Failure) [PSYoungGen: 407796K->181045K(465920K)] 1037896K->869093K(1637376K), 0.0444222 secs] [Times: user=0.19 sys=0.01, real=0.05 secs] 
3228.265: [GC (Allocation Failure) [PSYoungGen: 414005K->185943K(465920K)] 1102053K->936739K(1637376K), 0.0451095 secs] [Times: user=0.20 sys=0.00, real=0.05 secs] 
3228.544: [GC (Allocation Failure) [PSYoungGen: 417642K->213620K(465920K)] 1168438K->1023624K(1637376K), 0.0538047 secs] [Times: user=0.26 sys=0.01, real=0.05 secs] 
3230.895: [GC (Allocation Failure) [PSYoungGen: 446580K->85514K(465920K)] 1256584K->963410K(1637376K), 0.0924354 secs] [Times: user=0.49 sys=0.00, real=0.09 secs] 
3231.210: [GC (Allocation Failure) [PSYoungGen: 318474K->183126K(465920K)] 1196370K->1088667K(1637376K), 0.0344251 secs] [Times: user=0.14 sys=0.00, real=0.03 secs] 
3231.389: [GC (Allocation Failure) [PSYoungGen: 416086K->185078K(465920K)] 1321627K->1147363K(1637376K), 0.0500222 secs] [Times: user=0.23 sys=0.00, real=0.05 secs] 
3231.571: [GC (Allocation Failure) [PSYoungGen: 418038K->186773K(465920K)] 1380323K->1205322K(1637376K), 0.0475864 secs] [Times: user=0.22 sys=0.00, real=0.05 secs] 
3232.572: [GC (Allocation Failure) [PSYoungGen: 419733K->97067K(465920K)] 1438282K->1186064K(1637376K), 0.0474135 secs] [Times: user=0.25 sys=0.00, real=0.05 secs] 
3232.619: [Full GC (Ergonomics) [PSYoungGen: 97067K->0K(465920K)] [ParOldGen: 1088996K->84783K(1020416K)] 1186064K->84783K(1486336K), [Metaspace: 60015K->60015K(1105920K)], 0.0347396 secs] [Times: user=0.10 sys=0.00, real=0.03 secs] 
3232.854: [GC (Allocation Failure) [PSYoungGen: 232960K->166324K(465920K)] 317743K->251107K(1486336K), 0.0378635 secs] [Times: user=0.14 sys=0.00, real=0.04 secs] 
3233.062: [GC (Allocation Failure) [PSYoungGen: 399284K->184566K(465920K)] 484067K->321189K(1486336K), 0.0410611 secs] [Times: user=0.18 sys=0.00, real=0.04 secs] 
3233.353: [GC (Allocation Failure) [PSYoungGen: 417526K->184055K(465920K)] 554149K->384782K(1486336K), 0.0538322 secs] [Times: user=0.26 sys=0.00, real=0.05 secs] 
3234.122: [GC (Allocation Failure) [PSYoungGen: 417015K->183188K(465920K)] 617742K->442188K(1486336K), 0.0873677 secs] [Times: user=0.45 sys=0.00, real=0.09 secs] 
3235.313: [GC (Allocation Failure) [PSYoungGen: 416148K->84906K(465920K)] 675148K->412929K(1486336K), 0.0581670 secs] [Times: user=0.31 sys=0.00, real=0.06 secs] 
3235.560: [GC (Allocation Failure) [PSYoungGen: 317866K->182774K(465920K)] 645889K->538200K(1486336K), 0.0331156 secs] [Times: user=0.13 sys=0.00, real=0.03 secs] 
3235.711: [GC (Allocation Failure) [PSYoungGen: 415734K->184886K(465920K)] 771160K->597212K(1486336K), 0.0438236 secs] [Times: user=0.20 sys=0.00, real=0.04 secs] 
3236.007: [GC (Allocation Failure) [PSYoungGen: 417846K->186805K(465920K)] 830172K->655252K(1486336K), 0.0496994 secs] [Times: user=0.24 sys=0.00, real=0.05 secs] 
3237.132: [GC (Allocation Failure) [PSYoungGen: 419765K->104348K(465920K)] 888212K->643147K(1486336K), 0.0452545 secs] [Times: user=0.23 sys=0.00, real=0.04 secs] 
3238.861: [GC (Allocation Failure) [PSYoungGen: 337308K->152658K(465920K)] 876107K->724918K(1486336K), 0.0707245 secs] [Times: user=0.36 sys=0.00, real=0.07 secs] 
3239.068: [GC (Allocation Failure) [PSYoungGen: 385618K->184822K(465920K)] 957878K->804957K(1486336K), 0.0404392 secs] [Times: user=0.18 sys=0.00, real=0.04 secs] 
3239.227: [GC (Allocation Failure) [PSYoungGen: 417782K->186039K(465920K)] 1037917K->870247K(1486336K), 0.0494608 secs] [Times: user=0.23 sys=0.00, real=0.05 secs] 
3239.417: [GC (Allocation Failure) [PSYoungGen: 418999K->186805K(465920K)] 1103207K->929901K(1486336K), 0.0592639 secs] [Times: user=0.29 sys=0.00, real=0.06 secs] 
3240.397: [GC (Allocation Failure) [PSYoungGen: 419765K->84442K(465920K)] 1162861K->898177K(1486336K), 0.0416407 secs] [Times: user=0.22 sys=0.00, real=0.05 secs] 
3240.641: [GC (Allocation Failure) [PSYoungGen: 317402K->178613K(465920K)] 1131137K->1019694K(1486336K), 0.0474732 secs] [Times: user=0.20 sys=0.00, real=0.05 secs] 
3240.831: [GC (Allocation Failure) [PSYoungGen: 411573K->184950K(465920K)] 1252654K->1081526K(1486336K), 0.0439494 secs] [Times: user=0.20 sys=0.00, real=0.04 secs] 
3241.562: [GC (Allocation Failure) [PSYoungGen: 417910K->185941K(465920K)] 1314486K->1138669K(1486336K), 0.0559708 secs] [Times: user=0.28 sys=0.00, real=0.06 secs] 
3241.618: [Full GC (Ergonomics) [PSYoungGen: 185941K->0K(465920K)] [ParOldGen: 952728K->333545K(1297408K)] 1138669K->333545K(1763328K), [Metaspace: 60016K->60016K(1105920K)], 0.4942714 secs] [Times: user=2.29 sys=0.00, real=0.49 secs] 
3243.053: [GC (Allocation Failure) [PSYoungGen: 232960K->117070K(465920K)] 566505K->450616K(1763328K), 0.0575421 secs] [Times: user=0.30 sys=0.00, real=0.06 secs] 
3243.251: [GC (Allocation Failure) [PSYoungGen: 350030K->144993K(465920K)] 683576K->515403K(1763328K), 0.0535557 secs] [Times: user=0.27 sys=0.00, real=0.05 secs] 
3243.425: [GC (Allocation Failure) [PSYoungGen: 377953K->183509K(465920K)] 748363K->599524K(1763328K), 0.0397086 secs] [Times: user=0.18 sys=0.00, real=0.04 secs] 
3243.614: [GC (Allocation Failure) [PSYoungGen: 416469K->186007K(465920K)] 832484K->665922K(1763328K), 0.0553161 secs] [Times: user=0.26 sys=0.00, real=0.06 secs] 
3245.072: [GC (Allocation Failure) [PSYoungGen: 418943K->179028K(465920K)] 898858K->718027K(1763328K), 0.1484764 secs] [Times: user=0.79 sys=0.00, real=0.15 secs] 
3246.590: [GC (Allocation Failure) [PSYoungGen: 411988K->90826K(465920K)] 950987K->697649K(1763328K), 0.0886703 secs] [Times: user=0.48 sys=0.00, real=0.09 secs] 
3247.063: [GC (Allocation Failure) [PSYoungGen: 323786K->178965K(465920K)] 930609K->815957K(1763328K), 0.0410596 secs] [Times: user=0.17 sys=0.00, real=0.04 secs] 
3247.226: [GC (Allocation Failure) [PSYoungGen: 411925K->181173K(465920K)] 1048917K->873525K(1763328K), 0.0435904 secs] [Times: user=0.18 sys=0.01, real=0.05 secs] 
3247.385: [GC (Allocation Failure) [PSYoungGen: 414133K->186837K(465920K)] 1106485K->933877K(1763328K), 0.0445144 secs] [Times: user=0.20 sys=0.00, real=0.05 secs] 
3248.390: [GC (Allocation Failure) [PSYoungGen: 419797K->131696K(465920K)] 1166837K->949240K(1763328K), 0.0480880 secs] [Times: user=0.24 sys=0.00, real=0.04 secs] 
3248.622: [GC (Allocation Failure) [PSYoungGen: 364656K->138928K(465920K)] 1182200K->998288K(1763328K), 0.0761053 secs] [Times: user=0.40 sys=0.00, real=0.07 secs] 
3248.847: [GC (Allocation Failure) [PSYoungGen: 371888K->178549K(465920K)] 1231248K->1082190K(1763328K), 0.0481707 secs] [Times: user=0.23 sys=0.00, real=0.05 secs] 
3249.014: [GC (Allocation Failure) [PSYoungGen: 411509K->185751K(465920K)] 1315150K->1151784K(1763328K), 0.0488741 secs] [Times: user=0.23 sys=0.00, real=0.05 secs] 
3249.188: [GC (Allocation Failure) [PSYoungGen: 418664K->183284K(465920K)] 1384697K->1208229K(1763328K), 0.0565744 secs] [Times: user=0.27 sys=0.01, real=0.05 secs] 
3250.361: [GC (Allocation Failure) [PSYoungGen: 416244K->88938K(465920K)] 1441189K->1182919K(1763328K), 0.0644641 secs] [Times: user=0.28 sys=0.07, real=0.06 secs] 
3250.629: [GC (Allocation Failure) [PSYoungGen: 321898K->177301K(465920K)] 1415879K->1300027K(1763328K), 0.0385352 secs] [Times: user=0.16 sys=0.01, real=0.03 secs] 
3250.829: [GC (Allocation Failure) [PSYoungGen: 410261K->184758K(465920K)] 1532987K->1362952K(1763328K), 0.0654636 secs] [Times: user=0.27 sys=0.05, real=0.06 secs] 
3251.058: [GC (Allocation Failure) [PSYoungGen: 417718K->186933K(465920K)] 1595912K->1421207K(1763328K), 0.0523678 secs] [Times: user=0.23 sys=0.01, real=0.06 secs] 
3251.111: [Full GC (Ergonomics) [PSYoungGen: 186933K->0K(465920K)] [ParOldGen: 1234274K->328194K(1316352K)] 1421207K->328194K(1782272K), [Metaspace: 60017K->60017K(1105920K)], 0.4896197 secs] [Times: user=2.29 sys=0.00, real=0.49 secs] 
3252.496: [GC (Allocation Failure) [PSYoungGen: 232960K->137521K(465920K)] 561154K->465715K(1782272K), 0.0659721 secs] [Times: user=0.34 sys=0.00, real=0.07 secs] 
3254.224: [GC (Allocation Failure) [PSYoungGen: 370481K->130255K(465920K)] 698675K->501738K(1782272K), 0.1028432 secs] [Times: user=0.56 sys=0.00, real=0.10 secs] 
3254.471: [GC (Allocation Failure) [PSYoungGen: 363215K->187189K(465920K)] 734698K->599907K(1782272K), 0.0380799 secs] [Times: user=0.17 sys=0.00, real=0.04 secs] 
3254.628: [GC (Allocation Failure) [PSYoungGen: 420149K->185847K(465920K)] 832867K->669053K(1782272K), 0.0494262 secs] [Times: user=0.23 sys=0.00, real=0.04 secs] 
3254.791: [GC (Allocation Failure) [PSYoungGen: 418695K->183028K(465920K)] 901901K->725226K(1782272K), 0.0558995 secs] [Times: user=0.28 sys=0.01, real=0.05 secs] 
3255.825: [GC (Allocation Failure) [PSYoungGen: 415988K->90762K(465920K)] 958186K->702201K(1782272K), 0.0450741 secs] [Times: user=0.24 sys=0.00, real=0.05 secs] 
3256.057: [GC (Allocation Failure) [PSYoungGen: 323722K->176949K(465920K)] 935161K->817676K(1782272K), 0.0493883 secs] [Times: user=0.21 sys=0.00, real=0.05 secs] 
3256.268: [GC (Allocation Failure) [PSYoungGen: 409909K->184790K(465920K)] 1050636K->880769K(1782272K), 0.0433089 secs] [Times: user=0.20 sys=0.00, real=0.04 secs] 
3256.427: [GC (Allocation Failure) [PSYoungGen: 417750K->186901K(465920K)] 1113729K->938920K(1782272K), 0.0455177 secs] [Times: user=0.21 sys=0.00, real=0.05 secs] 
3257.652: [GC (Allocation Failure) [PSYoungGen: 419861K->144978K(465920K)] 1171880K->967565K(1782272K), 0.0506718 secs] [Times: user=0.24 sys=0.00, real=0.05 secs] 
3258.064: [GC (Allocation Failure) [PSYoungGen: 377938K->120894K(465920K)] 1200525K->989321K(1782272K), 0.0864711 secs] [Times: user=0.48 sys=0.00, real=0.09 secs] 
3258.277: [GC (Allocation Failure) [PSYoungGen: 353854K->178453K(465920K)] 1222281K->1085461K(1782272K), 0.0373583 secs] [Times: user=0.16 sys=0.00, real=0.04 secs] 
3258.461: [GC (Allocation Failure) [PSYoungGen: 411413K->182646K(465920K)] 1318421K->1152146K(1782272K), 0.0532367 secs] [Times: user=0.25 sys=0.00, real=0.05 secs] 
3258.653: [GC (Allocation Failure) [PSYoungGen: 415606K->186197K(465920K)] 1385106K->1213713K(1782272K), 0.0722784 secs] [Times: user=0.37 sys=0.01, real=0.07 secs] 
3260.132: [GC (Allocation Failure) [PSYoungGen: 419157K->94363K(465920K)] 1446673K->1192103K(1782272K), 0.1232640 secs] [Times: user=0.69 sys=0.00, real=0.12 secs] 
3261.472: [GC (Allocation Failure) [PSYoungGen: 327323K->168788K(465920K)] 1425063K->1296685K(1782272K), 0.0404182 secs] [Times: user=0.17 sys=0.00, real=0.04 secs] 
3261.659: [GC (Allocation Failure) [PSYoungGen: 401748K->184982K(465920K)] 1529645K->1365755K(1782272K), 0.0480842 secs] [Times: user=0.22 sys=0.00, real=0.04 secs] 
3261.827: [GC (Allocation Failure) [PSYoungGen: 409452K->176726K(465920K)] 1590225K->1421763K(1782272K), 0.0514601 secs] [Times: user=0.23 sys=0.01, real=0.06 secs] 
3261.879: [Full GC (Ergonomics) [PSYoungGen: 176726K->0K(465920K)] [ParOldGen: 1245037K->319556K(1340416K)] 1421763K->319556K(1806336K), [Metaspace: 60021K->60021K(1105920K)], 0.4638494 secs] [Times: user=2.15 sys=0.00, real=0.46 secs] 
3262.992: [GC (Allocation Failure) [PSYoungGen: 232960K->205843K(465920K)] 552516K->525399K(1806336K), 0.0288525 secs] [Times: user=0.11 sys=0.01, real=0.03 secs] 
3263.439: [GC (Allocation Failure) [PSYoungGen: 438803K->99948K(465920K)] 758359K->484168K(1806336K), 0.0664095 secs] [Times: user=0.35 sys=0.00, real=0.06 secs] 
3263.661: [GC (Allocation Failure) [PSYoungGen: 332908K->181366K(465920K)] 717128K->597571K(1806336K), 0.0344170 secs] [Times: user=0.15 sys=0.00, real=0.03 secs] 
3263.839: [GC (Allocation Failure) [PSYoungGen: 414326K->184598K(465920K)] 830531K->657379K(1806336K), 0.0541514 secs] [Times: user=0.26 sys=0.00, real=0.05 secs] 
3264.152: [GC (Allocation Failure) [PSYoungGen: 417558K->186613K(465920K)] 890339K->715243K(1806336K), 0.0464934 secs] [Times: user=0.22 sys=0.00, real=0.05 secs] 
3265.143: [GC (Allocation Failure) [PSYoungGen: 419573K->93499K(465920K)] 948203K->692585K(1806336K), 0.0431831 secs] [Times: user=0.22 sys=0.00, real=0.04 secs] 
3265.473: [GC (Allocation Failure) [PSYoungGen: 326459K->170612K(465920K)] 925545K->799755K(1806336K), 0.0661058 secs] [Times: user=0.32 sys=0.00, real=0.07 secs] 
3265.695: [GC (Allocation Failure) [PSYoungGen: 403572K->184245K(465920K)] 1032715K->866740K(1806336K), 0.0421415 secs] [Times: user=0.19 sys=0.00, real=0.04 secs] 
3265.857: [GC (Allocation Failure) [PSYoungGen: 417205K->186295K(465920K)] 1099700K->933062K(1806336K), 0.0498391 secs] [Times: user=0.23 sys=0.00, real=0.05 secs] 
3266.294: [GC (Allocation Failure) [PSYoungGen: 416307K->212500K(465920K)] 1163074K->1018367K(1806336K), 0.0543294 secs] [Times: user=0.27 sys=0.00, real=0.06 secs] 
3268.493: [GC (Allocation Failure) [PSYoungGen: 445460K->86938K(465920K)] 1251327K->960317K(1806336K), 0.0994431 secs] [Times: user=0.54 sys=0.01, real=0.10 secs] 
3268.820: [GC (Allocation Failure) [PSYoungGen: 319898K->182710K(465920K)] 1193277K->1083842K(1806336K), 0.0343185 secs] [Times: user=0.14 sys=0.00, real=0.03 secs] 
3268.999: [GC (Allocation Failure) [PSYoungGen: 415670K->184854K(465920K)] 1316802K->1142661K(1806336K), 0.0541053 secs] [Times: user=0.26 sys=0.00, real=0.05 secs] 
3269.169: [GC (Allocation Failure) [PSYoungGen: 417814K->186837K(465920K)] 1375621K->1200645K(1806336K), 0.0454731 secs] [Times: user=0.21 sys=0.00, real=0.04 secs] 
3270.194: [GC (Allocation Failure) [PSYoungGen: 419731K->96843K(465920K)] 1433539K->1181147K(1806336K), 0.0447572 secs] [Times: user=0.23 sys=0.01, real=0.05 secs] 
3270.446: [GC (Allocation Failure) [PSYoungGen: 329803K->166772K(465920K)] 1414107K->1282469K(1806336K), 0.0666001 secs] [Times: user=0.32 sys=0.00, real=0.07 secs] 
3270.681: [GC (GCLocker Initiated GC) [PSYoungGen: 399732K->182997K(465920K)] 1515430K->1350751K(1806336K), 0.0431151 secs] [Times: user=0.19 sys=0.00, real=0.04 secs] 
3270.845: [GC (Allocation Failure) [PSYoungGen: 415957K->185975K(465920K)] 1583841K->1417650K(1806336K), 0.0514373 secs] [Times: user=0.24 sys=0.00, real=0.05 secs] 
3271.408: [GC (Allocation Failure) [PSYoungGen: 418935K->179508K(465920K)] 1650610K->1470063K(1806336K), 0.0959990 secs] [Times: user=0.50 sys=0.01, real=0.09 secs] 
3271.504: [Full GC (Ergonomics) [PSYoungGen: 179508K->0K(465920K)] [ParOldGen: 1290555K->363015K(1398272K)] 1470063K->363015K(1864192K), [Metaspace: 60026K->60026K(1105920K)], 0.6231332 secs] [Times: user=2.94 sys=0.00, real=0.62 secs] 
3273.100: [GC (Allocation Failure) [PSYoungGen: 232960K->85466K(465920K)] 595975K->448481K(1864192K), 0.0183847 secs] [Times: user=0.08 sys=0.00, real=0.01 secs] 
3273.353: [GC (Allocation Failure) [PSYoungGen: 318426K->181846K(465920K)] 681441K->571762K(1864192K), 0.0352257 secs] [Times: user=0.14 sys=0.00, real=0.03 secs] 
3273.507: [GC (Allocation Failure) [PSYoungGen: 414806K->182037K(465920K)] 804722K->628593K(1864192K), 0.0429893 secs] [Times: user=0.19 sys=0.00, real=0.05 secs] 
3273.728: [GC (Allocation Failure) [PSYoungGen: 414997K->200308K(465920K)] 861553K->701929K(1864192K), 0.0651368 secs] [Times: user=0.32 sys=0.01, real=0.07 secs] 
3274.832: [GC (Allocation Failure) [PSYoungGen: 433268K->113437K(465920K)] 934889K->684490K(1864192K), 0.0453983 secs] [Times: user=0.24 sys=0.00, real=0.04 secs] 
3276.145: [GC (Allocation Failure) [PSYoungGen: 346397K->157203K(465920K)] 917450K->764528K(1864192K), 0.0737535 secs] [Times: user=0.38 sys=0.00, real=0.08 secs] 
3276.392: [GC (Allocation Failure) [PSYoungGen: 390163K->184310K(465920K)] 997488K->840795K(1864192K), 0.0535316 secs] [Times: user=0.25 sys=0.00, real=0.05 secs] 
3276.590: [GC (Allocation Failure) [PSYoungGen: 417270K->182710K(465920K)] 1073755K->903187K(1864192K), 0.0543166 secs] [Times: user=0.26 sys=0.00, real=0.05 secs] 
3276.765: [GC (Allocation Failure) [PSYoungGen: 415670K->182452K(465920K)] 1136147K->960873K(1864192K), 0.0550210 secs] [Times: user=0.26 sys=0.01, real=0.06 secs] 
3277.758: [GC (Allocation Failure) [PSYoungGen: 415412K->93611K(465920K)] 1193833K->941152K(1864192K), 0.0525588 secs] [Times: user=0.28 sys=0.00, real=0.06 secs] 
3278.028: [GC (Allocation Failure) [PSYoungGen: 326571K->178325K(465920K)] 1174112K->1056199K(1864192K), 0.0501125 secs] [Times: user=0.22 sys=0.01, real=0.06 secs] 
3278.227: [GC (Allocation Failure) [PSYoungGen: 411285K->184886K(465920K)] 1289159K->1118348K(1864192K), 0.0435545 secs] [Times: user=0.20 sys=0.00, real=0.05 secs] 
3278.386: [GC (Allocation Failure) [PSYoungGen: 417846K->186421K(465920K)] 1351308K->1176003K(1864192K), 0.0453378 secs] [Times: user=0.21 sys=0.00, real=0.05 secs] 
3279.397: [GC (Allocation Failure) [PSYoungGen: 419381K->112141K(465920K)] 1408963K->1172220K(1864192K), 0.0466578 secs] [Times: user=0.24 sys=0.00, real=0.05 secs] 
3279.680: [GC (Allocation Failure) [PSYoungGen: 345101K->150161K(465920K)] 1405180K->1245728K(1864192K), 0.0524182 secs] [Times: user=0.26 sys=0.00, real=0.05 secs] 
3279.852: [GC (GCLocker Initiated GC) [PSYoungGen: 383121K->181973K(465920K)] 1478689K->1324633K(1864192K), 0.0407510 secs] [Times: user=0.18 sys=0.00, real=0.04 secs] 
3280.013: [GC (Allocation Failure) [PSYoungGen: 414933K->186103K(465920K)] 1557596K->1400585K(1864192K), 0.0501907 secs] [Times: user=0.23 sys=0.00, real=0.05 secs] 
3280.176: [GC (Allocation Failure) [PSYoungGen: 419063K->186517K(465920K)] 1633545K->1460151K(1864192K), 0.0576894 secs] [Times: user=0.29 sys=0.00, real=0.06 secs] 
3282.619: [GC (GCLocker Initiated GC) [PSYoungGen: 419477K->81209K(465920K)] 1693112K->1425085K(1864192K), 0.1202420 secs] [Times: user=0.61 sys=0.06, real=0.12 secs] 
3282.739: [Full GC (Ergonomics) [PSYoungGen: 81209K->0K(465920K)] [ParOldGen: 1343875K->90412K(1181696K)] 1425085K->90412K(1647616K), [Metaspace: 60031K->60031K(1105920K)], 0.1372171 secs] [Times: user=0.53 sys=0.01, real=0.13 secs] 
3283.385: [GC (Allocation Failure) [PSYoungGen: 232960K->177205K(465920K)] 323538K->267784K(1647616K), 0.0312944 secs] [Times: user=0.12 sys=0.00, real=0.03 secs] 
3283.588: [GC (Allocation Failure) [PSYoungGen: 410165K->184566K(465920K)] 500744K->330048K(1647616K), 0.0554210 secs] [Times: user=0.26 sys=0.00, real=0.06 secs] 
3283.781: [GC (Allocation Failure) [PSYoungGen: 417526K->187189K(465920K)] 563008K->388711K(1647616K), 0.0448146 secs] [Times: user=0.21 sys=0.00, real=0.04 secs] 
3284.734: [GC (Allocation Failure) [PSYoungGen: 420149K->127951K(465920K)] 621671K->399970K(1647616K), 0.0475692 secs] [Times: user=0.24 sys=0.00, real=0.05 secs] 
3285.086: [GC (Allocation Failure) [PSYoungGen: 360911K->140961K(465920K)] 632930K->453675K(1647616K), 0.1181073 secs] [Times: user=0.64 sys=0.00, real=0.12 secs] 
3285.403: [GC (Allocation Failure) [PSYoungGen: 373921K->174772K(465920K)] 686635K->532632K(1647616K), 0.0385822 secs] [Times: user=0.17 sys=0.00, real=0.04 secs] 
3285.608: [GC (Allocation Failure) [PSYoungGen: 407732K->185463K(465920K)] 765592K->604298K(1647616K), 0.0687354 secs] [Times: user=0.33 sys=0.00, real=0.07 secs] 
3286.110: [GC (GCLocker Initiated GC) [PSYoungGen: 418423K->186293K(465920K)] 837259K->663729K(1647616K), 0.0760909 secs] [Times: user=0.39 sys=0.00, real=0.07 secs] 
3287.224: [GC (Allocation Failure) [PSYoungGen: 419253K->86106K(465920K)] 896692K->633961K(1647616K), 0.0618922 secs] [Times: user=0.32 sys=0.02, real=0.06 secs] 
3287.547: [GC (Allocation Failure) [PSYoungGen: 319066K->177045K(465920K)] 866921K->753025K(1647616K), 0.0349868 secs] [Times: user=0.14 sys=0.00, real=0.04 secs] 
3287.701: [GC (Allocation Failure) [PSYoungGen: 410005K->184566K(465920K)] 985985K->815722K(1647616K), 0.0451153 secs] [Times: user=0.21 sys=0.00, real=0.04 secs] 
3287.859: [GC (Allocation Failure) [PSYoungGen: 417526K->187189K(465920K)] 1048682K->874273K(1647616K), 0.0473989 secs] [Times: user=0.22 sys=0.00, real=0.04 secs] 
3288.843: [GC (Allocation Failure) [PSYoungGen: 420149K->139025K(465920K)] 1107233K->896589K(1647616K), 0.0512945 secs] [Times: user=0.25 sys=0.00, real=0.05 secs] 
3291.147: [GC (Allocation Failure) [PSYoungGen: 371985K->123230K(465920K)] 1129549K->924779K(1647616K), 0.1074044 secs] [Times: user=0.59 sys=0.00, real=0.11 secs] 
3291.447: [GC (Allocation Failure) [PSYoungGen: 356190K->178997K(465920K)] 1157739K->1020226K(1647616K), 0.0376773 secs] [Times: user=0.16 sys=0.00, real=0.04 secs] 
3291.605: [GC (Allocation Failure) [PSYoungGen: 411957K->185943K(465920K)] 1253186K->1089492K(1647616K), 0.0498582 secs] [Times: user=0.23 sys=0.00, real=0.05 secs] 
3291.912: [GC (Allocation Failure) [PSYoungGen: 418903K->186357K(465920K)] 1322452K->1148994K(1647616K), 0.0710210 secs] [Times: user=0.37 sys=0.00, real=0.07 secs] 
3292.945: [GC (Allocation Failure) [PSYoungGen: 419317K->92123K(465920K)] 1381954K->1124936K(1647616K), 0.0442523 secs] [Times: user=0.23 sys=0.00, real=0.05 secs] 
3293.291: [GC (Allocation Failure) [PSYoungGen: 325083K->172308K(465920K)] 1357896K->1234599K(1647616K), 0.0571790 secs] [Times: user=0.26 sys=0.01, real=0.05 secs] 
3293.492: [GC (Allocation Failure) [PSYoungGen: 405268K->184758K(465920K)] 1467559K->1301084K(1647616K), 0.0435817 secs] [Times: user=0.19 sys=0.00, real=0.04 secs] 
3293.536: [Full GC (Ergonomics) [PSYoungGen: 184758K->0K(465920K)] [ParOldGen: 1116326K->267190K(1387520K)] 1301084K->267190K(1853440K), [Metaspace: 60033K->60033K(1105920K)], 0.3274702 secs] [Times: user=1.49 sys=0.00, real=0.33 secs] 
3293.977: [GC (Allocation Failure) [PSYoungGen: 232960K->187765K(465920K)] 500150K->454955K(1853440K), 0.0359979 secs] [Times: user=0.15 sys=0.00, real=0.04 secs] 
3294.896: [GC (Allocation Failure) [PSYoungGen: 420725K->150034K(465920K)] 687915K->488069K(1853440K), 0.0536860 secs] [Times: user=0.26 sys=0.00, real=0.06 secs] 
3295.207: [GC (GCLocker Initiated GC) [PSYoungGen: 382994K->121118K(465920K)] 721030K->506878K(1853440K), 0.0930723 secs] [Times: user=0.51 sys=0.01, real=0.10 secs] 
3295.454: [GC (Allocation Failure) [PSYoungGen: 354078K->178037K(465920K)] 739973K->602704K(1853440K), 0.0507762 secs] [Times: user=0.23 sys=0.00, real=0.05 secs] 
3295.640: [GC (GCLocker Initiated GC) [PSYoungGen: 410997K->179510K(465920K)] 835664K->666458K(1853440K), 0.0483893 secs] [Times: user=0.22 sys=0.01, real=0.04 secs] 
3295.837: [GC (Allocation Failure) [PSYoungGen: 412470K->186581K(465920K)] 899549K->730620K(1853440K), 0.0744636 secs] [Times: user=0.38 sys=0.00, real=0.08 secs] 
3297.042: [GC (Allocation Failure) [PSYoungGen: 419541K->96635K(465920K)] 963580K->711066K(1853440K), 0.0702636 secs] [Times: user=0.38 sys=0.00, real=0.07 secs] 
3298.252: [GC (Allocation Failure) [PSYoungGen: 329595K->171476K(465920K)] 944026K->817040K(1853440K), 0.0462353 secs] [Times: user=0.20 sys=0.00, real=0.05 secs] 
3298.424: [GC (Allocation Failure) [PSYoungGen: 404436K->181365K(465920K)] 1050000K->880353K(1853440K), 0.0424073 secs] [Times: user=0.19 sys=0.00, real=0.04 secs] 
3298.587: [GC (Allocation Failure) [PSYoungGen: 408830K->178934K(465920K)] 1107817K->941202K(1853440K), 0.0485834 secs] [Times: user=0.23 sys=0.00, real=0.05 secs] 
3299.494: [GC (Allocation Failure) [PSYoungGen: 411894K->168339K(465920K)] 1174162K->987598K(1853440K), 0.0565948 secs] [Times: user=0.28 sys=0.00, real=0.06 secs] 
3299.914: [GC (Allocation Failure) [PSYoungGen: 401299K->104044K(465920K)] 1220558K->987776K(1853440K), 0.0537189 secs] [Times: user=0.28 sys=0.00, real=0.05 secs] 
3300.117: [GC (Allocation Failure) [PSYoungGen: 337004K->179701K(465920K)] 1220736K->1096573K(1853440K), 0.0354500 secs] [Times: user=0.15 sys=0.01, real=0.04 secs] 
3300.271: [GC (Allocation Failure) [PSYoungGen: 412661K->184182K(465920K)] 1329533K->1156973K(1853440K), 0.0433358 secs] [Times: user=0.20 sys=0.00, real=0.04 secs] 
3300.429: [GC (Allocation Failure) [PSYoungGen: 417142K->183348K(465920K)] 1389933K->1211876K(1853440K), 0.0454538 secs] [Times: user=0.21 sys=0.00, real=0.04 secs] 
3301.425: [GC (GCLocker Initiated GC) [PSYoungGen: 416308K->102188K(465920K)] 1444836K->1200084K(1853440K), 0.0448180 secs] [Times: user=0.23 sys=0.00, real=0.05 secs] 
3301.595: [GC (Allocation Failure) [PSYoungGen: 335148K->169268K(465920K)] 1433046K->1300974K(1853440K), 0.0418122 secs] [Times: user=0.19 sys=0.00, real=0.04 secs] 
3301.755: [GC (Allocation Failure) [PSYoungGen: 402228K->183989K(465920K)] 1533934K->1368440K(1853440K), 0.0440051 secs] [Times: user=0.20 sys=0.00, real=0.05 secs] 
3301.947: [GC (Allocation Failure) [PSYoungGen: 416949K->185687K(465920K)] 1601400K->1434437K(1853440K), 0.0636904 secs] [Times: user=0.29 sys=0.02, real=0.07 secs] 
3302.285: [GC (Allocation Failure) [PSYoungGen: 417900K->208435K(465920K)] 1666651K->1516050K(1853440K), 0.0559789 secs] [Times: user=0.27 sys=0.01, real=0.06 secs] 
3302.341: [Full GC (Ergonomics) [PSYoungGen: 208435K->0K(465920K)] [ParOldGen: 1307614K->364003K(1398272K)] 1516050K->364003K(1864192K), [Metaspace: 60036K->60036K(1105920K)], 0.5766758 secs] [Times: user=2.56 sys=0.00, real=0.57 secs] 
3304.744: [GC (Allocation Failure) [PSYoungGen: 232960K->94921K(465920K)] 596963K->458924K(1864192K), 0.0407664 secs] [Times: user=0.16 sys=0.00, real=0.04 secs] 
3305.052: [GC (Allocation Failure) [PSYoungGen: 327881K->187478K(465920K)] 691884K->585819K(1864192K), 0.0368783 secs] [Times: user=0.16 sys=0.00, real=0.04 secs] 
3305.207: [GC (Allocation Failure) [PSYoungGen: 420438K->184694K(465920K)] 818779K->640027K(1864192K), 0.0448722 secs] [Times: user=0.20 sys=0.00, real=0.05 secs] 
3305.363: [GC (Allocation Failure) [PSYoungGen: 417654K->180980K(465920K)] 872987K->692254K(1864192K), 0.0452709 secs] [Times: user=0.21 sys=0.00, real=0.05 secs] 
3306.356: [GC (Allocation Failure) [PSYoungGen: 413940K->103116K(465920K)] 925214K->682830K(1864192K), 0.0455040 secs] [Times: user=0.24 sys=0.00, real=0.05 secs] 
3306.603: [GC (Allocation Failure) [PSYoungGen: 336076K->167188K(465920K)] 915790K->780658K(1864192K), 0.0752753 secs] [Times: user=0.38 sys=0.00, real=0.07 secs] 
3306.823: [GC (Allocation Failure) [PSYoungGen: 400148K->178229K(465920K)] 1013618K->844399K(1864192K), 0.0422106 secs] [Times: user=0.18 sys=0.01, real=0.04 secs] 
3306.987: [GC (Allocation Failure) [PSYoungGen: 411189K->183190K(465920K)] 1077359K->911929K(1864192K), 0.0487889 secs] [Times: user=0.23 sys=0.01, real=0.05 secs] 
3307.212: [GC (Allocation Failure) [PSYoungGen: 416150K->185045K(465920K)] 1144889K->971879K(1864192K), 0.0768582 secs] [Times: user=0.39 sys=0.01, real=0.08 secs] 
3308.337: [GC (GCLocker Initiated GC) [PSYoungGen: 418005K->93531K(465920K)] 1204839K->950349K(1864192K), 0.0644607 secs] [Times: user=0.35 sys=0.00, real=0.07 secs] 
3308.611: [GC (Allocation Failure) [PSYoungGen: 326491K->179317K(465920K)] 1183476K->1066188K(1864192K), 0.0420321 secs] [Times: user=0.19 sys=0.00, real=0.04 secs] 
3308.772: [GC (Allocation Failure) [PSYoungGen: 412277K->184470K(465920K)] 1299148K->1127244K(1864192K), 0.0438240 secs] [Times: user=0.20 sys=0.00, real=0.04 secs] 
3308.985: [GC (Allocation Failure) [PSYoungGen: 417430K->199828K(465920K)] 1360204K->1198523K(1864192K), 0.0667868 secs] [Times: user=0.34 sys=0.00, real=0.07 secs] 
3310.097: [GC (Allocation Failure) [PSYoungGen: 432788K->108941K(465920K)] 1431483K->1176915K(1864192K), 0.0466131 secs] [Times: user=0.24 sys=0.00, real=0.05 secs] 
3311.079: [GC (Allocation Failure) [PSYoungGen: 341901K->159059K(465920K)] 1409875K->1262290K(1864192K), 0.0745837 secs] [Times: user=0.38 sys=0.00, real=0.07 secs] 
3311.291: [GC (Allocation Failure) [PSYoungGen: 392019K->184470K(465920K)] 1495250K->1337421K(1864192K), 0.0446521 secs] [Times: user=0.20 sys=0.00, real=0.04 secs] 
3311.457: [GC (Allocation Failure) [PSYoungGen: 417430K->183766K(465920K)] 1570381K->1400846K(1864192K), 0.0529176 secs] [Times: user=0.25 sys=0.00, real=0.06 secs] 
3311.659: [GC (Allocation Failure) [PSYoungGen: 416726K->183828K(465920K)] 1633806K->1459444K(1864192K), 0.0803441 secs] [Times: user=0.41 sys=0.00, real=0.08 secs] 
3313.238: [GC (Allocation Failure) [PSYoungGen: 416788K->91002K(465920K)] 1692404K->1436074K(1864192K), 0.0663165 secs] [Times: user=0.31 sys=0.05, real=0.07 secs] 
3313.304: [Full GC (Ergonomics) [PSYoungGen: 91002K->0K(465920K)] [ParOldGen: 1345071K->103089K(1291264K)] 1436074K->103089K(1757184K), [Metaspace: 60038K->60038K(1105920K)], 0.0985048 secs] [Times: user=0.41 sys=0.00, real=0.10 secs] 
3313.728: [GC (Allocation Failure) [PSYoungGen: 232960K->176661K(465920K)] 336049K->279751K(1757184K), 0.0307742 secs] [Times: user=0.11 sys=0.00, real=0.03 secs] 
3313.964: [GC (Allocation Failure) [PSYoungGen: 409621K->180853K(465920K)] 512711K->339127K(1757184K), 0.0566826 secs] [Times: user=0.26 sys=0.01, real=0.06 secs] 
3314.187: [GC (Allocation Failure) [PSYoungGen: 413813K->186805K(465920K)] 572087K->399791K(1757184K), 0.0537724 secs] [Times: user=0.26 sys=0.00, real=0.06 secs] 
3315.945: [GC (Allocation Failure) [PSYoungGen: 419765K->117774K(465920K)] 632751K->401220K(1757184K), 0.0459047 secs] [Times: user=0.23 sys=0.00, real=0.05 secs] 
3316.115: [GC (Allocation Failure) [PSYoungGen: 350734K->145649K(465920K)] 634180K->467564K(1757184K), 0.0542188 secs] [Times: user=0.26 sys=0.01, real=0.06 secs] 
3316.336: [GC (Allocation Failure) [PSYoungGen: 378609K->182517K(465920K)] 700524K->550056K(1757184K), 0.0574904 secs] [Times: user=0.27 sys=0.00, real=0.06 secs] 
3316.537: [GC (Allocation Failure) [PSYoungGen: 415477K->185175K(465920K)] 783016K->641138K(1757184K), 0.0501102 secs] [Times: user=0.24 sys=0.00, real=0.05 secs] 
3316.763: [GC (Allocation Failure) [PSYoungGen: 418135K->186741K(465920K)] 874098K->701676K(1757184K), 0.0557886 secs] [Times: user=0.27 sys=0.00, real=0.06 secs] 
3318.174: [GC (Allocation Failure) [PSYoungGen: 419701K->90234K(465920K)] 934636K->675601K(1757184K), 0.1116159 secs] [Times: user=0.62 sys=0.00, real=0.11 secs] 
3318.631: [GC (Allocation Failure) [PSYoungGen: 323194K->178677K(465920K)] 908561K->794201K(1757184K), 0.0353348 secs] [Times: user=0.15 sys=0.00, real=0.03 secs] 
3318.786: [GC (Allocation Failure) [PSYoungGen: 411637K->192726K(465920K)] 1027161K->863734K(1757184K), 0.0431178 secs] [Times: user=0.19 sys=0.00, real=0.05 secs] 
3318.942: [GC (Allocation Failure) [PSYoungGen: 425686K->180852K(465920K)] 1096694K->907860K(1757184K), 0.0441525 secs] [Times: user=0.21 sys=0.00, real=0.04 secs] 
3320.515: [GC (Allocation Failure) [PSYoungGen: 413812K->129840K(465920K)] 1140820K->925184K(1757184K), 0.0478595 secs] [Times: user=0.23 sys=0.00, real=0.05 secs] 
3320.787: [GC (Allocation Failure) [PSYoungGen: 360193K->141345K(465920K)] 1155537K->977913K(1757184K), 0.0942783 secs] [Times: user=0.51 sys=0.01, real=0.10 secs] 
3321.067: [GC (Allocation Failure) [PSYoungGen: 374305K->178357K(465920K)] 1210873K->1059962K(1757184K), 0.0528501 secs] [Times: user=0.25 sys=0.00, real=0.06 secs] 
3321.246: [GC (Allocation Failure) [PSYoungGen: 411317K->182422K(465920K)] 1292922K->1126367K(1757184K), 0.0502183 secs] [Times: user=0.23 sys=0.00, real=0.05 secs] 
3321.452: [GC (Allocation Failure) [PSYoungGen: 415382K->182772K(465920K)] 1359327K->1184357K(1757184K), 0.0801855 secs] [Times: user=0.41 sys=0.00, real=0.08 secs] 
3322.489: [GC (Allocation Failure) [PSYoungGen: 415732K->92795K(465920K)] 1417317K->1163504K(1757184K), 0.0468308 secs] [Times: user=0.24 sys=0.00, real=0.04 secs] 
3322.718: [GC (Allocation Failure) [PSYoungGen: 325755K->177973K(465920K)] 1396464K->1278743K(1757184K), 0.0489112 secs] [Times: user=0.22 sys=0.00, real=0.05 secs] 
3322.911: [GC (Allocation Failure) [PSYoungGen: 410933K->184822K(465920K)] 1511703K->1341216K(1757184K), 0.0444006 secs] [Times: user=0.20 sys=0.00, real=0.04 secs] 
3323.070: [GC (Allocation Failure) [PSYoungGen: 417782K->186901K(465920K)] 1574176K->1399359K(1757184K), 0.0466160 secs] [Times: user=0.22 sys=0.00, real=0.04 secs] 
3323.117: [Full GC (Ergonomics) [PSYoungGen: 186901K->0K(465920K)] [ParOldGen: 1212457K->329322K(1398272K)] 1399359K->329322K(1864192K), [Metaspace: 60074K->60074K(1105920K)], 0.5005162 secs] [Times: user=2.36 sys=0.00, real=0.50 secs] 
3324.510: [GC (Allocation Failure) [PSYoungGen: 232960K->134704K(465920K)] 562282K->464035K(1864192K), 0.0659710 secs] [Times: user=0.35 sys=0.00, real=0.06 secs] 
3325.062: [GC (Allocation Failure) [PSYoungGen: 367664K->130815K(465920K)] 696995K->502914K(1864192K), 0.1099073 secs] [Times: user=0.60 sys=0.00, real=0.11 secs] 
3325.314: [GC (Allocation Failure) [PSYoungGen: 363775K->175860K(465920K)] 735874K->589808K(1864192K), 0.0373232 secs] [Times: user=0.16 sys=0.00, real=0.04 secs] 
3325.475: [GC (Allocation Failure) [PSYoungGen: 408809K->185303K(465920K)] 822757K->660818K(1864192K), 0.0489161 secs] [Times: user=0.23 sys=0.00, real=0.05 secs] 
3325.642: [GC (Allocation Failure) [PSYoungGen: 418263K->186965K(465920K)] 893778K->721473K(1864192K), 0.0582010 secs] [Times: user=0.28 sys=0.00, real=0.06 secs] 
3327.257: [GC (Allocation Failure) [PSYoungGen: 419925K->88282K(465920K)] 954433K->693510K(1864192K), 0.1256951 secs] [Times: user=0.70 sys=0.00, real=0.13 secs] 
3327.835: [GC (Allocation Failure) [PSYoungGen: 321242K->176245K(465920K)] 926470K->810322K(1864192K), 0.0379789 secs] [Times: user=0.17 sys=0.00, real=0.04 secs] 
3327.990: [GC (GCLocker Initiated GC) [PSYoungGen: 409205K->182933K(465920K)] 1043282K->871758K(1864192K), 0.0425426 secs] [Times: user=0.20 sys=0.00, real=0.04 secs] 
3328.147: [GC (Allocation Failure) [PSYoungGen: 415893K->183732K(465920K)] 1104849K->928240K(1864192K), 0.0453679 secs] [Times: user=0.21 sys=0.00, real=0.05 secs] 
3329.084: [GC (Allocation Failure) [PSYoungGen: 416692K->150802K(465920K)] 1161200K->964662K(1864192K), 0.0509855 secs] [Times: user=0.26 sys=0.00, real=0.05 secs] 
3329.405: [GC (GCLocker Initiated GC) [PSYoungGen: 383762K->119502K(465920K)] 1197622K->981250K(1864192K), 0.0688275 secs] [Times: user=0.37 sys=0.00, real=0.07 secs] 
3329.595: [GC (Allocation Failure) [PSYoungGen: 352462K->178133K(465920K)] 1214212K->1078152K(1864192K), 0.0375857 secs] [Times: user=0.17 sys=0.00, real=0.04 secs] 
3329.785: [GC (Allocation Failure) [PSYoungGen: 411093K->185783K(465920K)] 1311112K->1147914K(1864192K), 0.0554176 secs] [Times: user=0.26 sys=0.00, real=0.06 secs] 
3329.982: [GC (Allocation Failure) [PSYoungGen: 418743K->182420K(465920K)] 1380874K->1203503K(1864192K), 0.0604128 secs] [Times: user=0.28 sys=0.00, real=0.06 secs] 
3331.049: [GC (Allocation Failure) [PSYoungGen: 415380K->96971K(465920K)] 1436463K->1186982K(1864192K), 0.0474142 secs] [Times: user=0.25 sys=0.00, real=0.04 secs] 
3331.344: [GC (Allocation Failure) [PSYoungGen: 329931K->171636K(465920K)] 1419942K->1293068K(1864192K), 0.0521905 secs] [Times: user=0.23 sys=0.00, real=0.05 secs] 
3331.615: [GC (Allocation Failure) [PSYoungGen: 404596K->183990K(465920K)] 1526028K->1358833K(1864192K), 0.0611187 secs] [Times: user=0.29 sys=0.00, real=0.06 secs] 
3331.852: [GC (Allocation Failure) [PSYoungGen: 407270K->174357K(465920K)] 1582114K->1413001K(1864192K), 0.0701291 secs] [Times: user=0.35 sys=0.01, real=0.07 secs] 
3333.200: [GC (Allocation Failure) [PSYoungGen: 407317K->168338K(463872K)] 1645961K->1462426K(1862144K), 0.0569463 secs] [Times: user=0.29 sys=0.00, real=0.05 secs] 
3334.156: [GC (Allocation Failure) [PSYoungGen: 401298K->107260K(464896K)] 1695386K->1465772K(1863168K), 0.0910149 secs] [Times: user=0.35 sys=0.14, real=0.09 secs] 
3334.247: [Full GC (Ergonomics) [PSYoungGen: 107260K->0K(464896K)] [ParOldGen: 1358512K->124739K(1360384K)] 1465772K->124739K(1825280K), [Metaspace: 60086K->60086K(1105920K)], 0.1669472 secs] [Times: user=0.73 sys=0.00, real=0.17 secs] 
3334.542: [GC (Allocation Failure) [PSYoungGen: 232960K->179477K(465920K)] 357699K->304217K(1826304K), 0.0263086 secs] [Times: user=0.10 sys=0.00, real=0.03 secs] 
3334.689: [GC (Allocation Failure) [PSYoungGen: 412437K->181494K(465920K)] 537177K->369022K(1826304K), 0.0460900 secs] [Times: user=0.21 sys=0.00, real=0.04 secs] 
3334.851: [GC (Allocation Failure) [PSYoungGen: 414454K->186581K(465920K)] 601982K->431789K(1826304K), 0.0564401 secs] [Times: user=0.28 sys=0.00, real=0.05 secs] 
3335.857: [GC (Allocation Failure) [PSYoungGen: 419541K->92875K(465920K)] 664749K->408491K(1826304K), 0.0441709 secs] [Times: user=0.23 sys=0.00, real=0.05 secs] 
3336.075: [GC (Allocation Failure) [PSYoungGen: 325835K->171700K(465920K)] 641451K->517464K(1826304K), 0.0377003 secs] [Times: user=0.17 sys=0.00, real=0.04 secs] 
3336.259: [GC (Allocation Failure) [PSYoungGen: 404660K->184438K(465920K)] 750424K->583842K(1826304K), 0.0478745 secs] [Times: user=0.22 sys=0.00, real=0.04 secs] 
3336.444: [GC (Allocation Failure) [PSYoungGen: 417398K->185783K(465920K)] 816802K->649299K(1826304K), 0.0498651 secs] [Times: user=0.23 sys=0.00, real=0.05 secs] 
3337.790: [GC (Allocation Failure) [PSYoungGen: 418553K->207411K(465920K)] 882069K->730055K(1826304K), 0.0550702 secs] [Times: user=0.27 sys=0.00, real=0.05 secs] 
3338.148: [GC (Allocation Failure) [PSYoungGen: 440371K->98731K(465920K)] 963015K->686599K(1826304K), 0.0402383 secs] [Times: user=0.20 sys=0.01, real=0.05 secs] 
3338.404: [GC (Allocation Failure) [PSYoungGen: 331691K->180053K(465920K)] 919559K->799086K(1826304K), 0.0483760 secs] [Times: user=0.22 sys=0.00, real=0.05 secs] 
3338.603: [GC (Allocation Failure) [PSYoungGen: 413013K->183957K(465920K)] 1032046K->859379K(1826304K), 0.0441418 secs] [Times: user=0.20 sys=0.00, real=0.04 secs] 
3338.782: [GC (Allocation Failure) [PSYoungGen: 416917K->183924K(465920K)] 1092339K->915145K(1826304K), 0.0493018 secs] [Times: user=0.23 sys=0.00, real=0.05 secs] 
3339.874: [GC (GCLocker Initiated GC) [PSYoungGen: 416884K->100108K(465920K)] 1148106K->900725K(1826304K), 0.0480817 secs] [Times: user=0.25 sys=0.00, real=0.05 secs] 
3341.029: [GC (Allocation Failure) [PSYoungGen: 333068K->167476K(465920K)] 1133852K->1000681K(1826304K), 0.0641789 secs] [Times: user=0.31 sys=0.00, real=0.06 secs] 
3341.237: [GC (Allocation Failure) [PSYoungGen: 400436K->184598K(465920K)] 1233641K->1070366K(1826304K), 0.0421903 secs] [Times: user=0.19 sys=0.00, real=0.05 secs] 
3341.402: [GC (Allocation Failure) [PSYoungGen: 417558K->185751K(465920K)] 1303326K->1135536K(1826304K), 0.0499165 secs] [Times: user=0.23 sys=0.00, real=0.05 secs] 
3341.637: [GC (Allocation Failure) [PSYoungGen: 418711K->199252K(465920K)] 1368496K->1207965K(1826304K), 0.0545438 secs] [Times: user=0.26 sys=0.01, real=0.06 secs] 
3342.640: [GC (Allocation Failure) [PSYoungGen: 432212K->90810K(465920K)] 1440925K->1168195K(1826304K), 0.0538255 secs] [Times: user=0.29 sys=0.00, real=0.05 secs] 
3342.907: [GC (Allocation Failure) [PSYoungGen: 323770K->182870K(465920K)] 1401155K->1289100K(1826304K), 0.0446166 secs] [Times: user=0.20 sys=0.00, real=0.05 secs] 
3343.116: [GC (Allocation Failure) [PSYoungGen: 415830K->184886K(465920K)] 1522060K->1348459K(1826304K), 0.0497459 secs] [Times: user=0.24 sys=0.00, real=0.05 secs] 
3343.304: [GC (Allocation Failure) [PSYoungGen: 417846K->199764K(465920K)] 1581419K->1419322K(1826304K), 0.0597091 secs] [Times: user=0.29 sys=0.01, real=0.06 secs] 
3344.345: [GC (Allocation Failure) [PSYoungGen: 432724K->97515K(465920K)] 1652284K->1386304K(1826304K), 0.0454442 secs] [Times: user=0.23 sys=0.00, real=0.05 secs] 
3344.390: [Full GC (Ergonomics) [PSYoungGen: 97515K->0K(465920K)] [ParOldGen: 1288788K->86533K(1340416K)] 1386304K->86533K(1806336K), [Metaspace: 60086K->60086K(1105920K)], 0.0338921 secs] [Times: user=0.11 sys=0.00, real=0.03 secs] 
3344.676: [GC (Allocation Failure) [PSYoungGen: 232960K->165748K(465920K)] 319493K->252281K(1806336K), 0.0329090 secs] [Times: user=0.13 sys=0.00, real=0.04 secs] 
3344.893: [GC (Allocation Failure) [PSYoungGen: 398708K->184758K(465920K)] 485241K->323471K(1806336K), 0.0412268 secs] [Times: user=0.18 sys=0.00, real=0.04 secs] 
3345.053: [GC (Allocation Failure) [PSYoungGen: 417718K->186135K(465920K)] 556431K->397313K(1806336K), 0.0494706 secs] [Times: user=0.23 sys=0.00, real=0.05 secs] 
3345.239: [GC (Allocation Failure) [PSYoungGen: 419095K->186581K(465920K)] 630273K->456839K(1806336K), 0.0597843 secs] [Times: user=0.30 sys=0.00, real=0.06 secs] 
3346.695: [GC (Allocation Failure) [PSYoungGen: 419541K->82185K(465920K)] 689799K->422851K(1806336K), 0.0904458 secs] [Times: user=0.49 sys=0.00, real=0.09 secs] 
3346.991: [GC (Allocation Failure) [PSYoungGen: 315145K->180053K(465920K)] 655811K->547076K(1806336K), 0.0329418 secs] [Times: user=0.13 sys=0.00, real=0.03 secs] 
3347.145: [GC (Allocation Failure) [PSYoungGen: 413013K->184694K(465920K)] 780036K->607916K(1806336K), 0.0431688 secs] [Times: user=0.20 sys=0.00, real=0.04 secs] 
3347.559: [GC (GCLocker Initiated GC) [PSYoungGen: 417654K->186517K(465920K)] 840877K->665580K(1806336K), 0.1082311 secs] [Times: user=0.55 sys=0.00, real=0.10 secs] 
3349.363: [GC (Allocation Failure) [PSYoungGen: 419477K->104956K(465920K)] 898542K->654422K(1806336K), 0.0451856 secs] [Times: user=0.24 sys=0.00, real=0.04 secs] 
3349.636: [GC (Allocation Failure) [PSYoungGen: 337916K->158067K(465920K)] 887382K->741577K(1806336K), 0.0926512 secs] [Times: user=0.48 sys=0.00, real=0.10 secs] 
3349.890: [GC (Allocation Failure) [PSYoungGen: 391027K->181077K(465920K)] 974537K->814284K(1806336K), 0.0420473 secs] [Times: user=0.19 sys=0.00, real=0.04 secs] 
3350.053: [GC (Allocation Failure) [PSYoungGen: 414037K->185367K(465920K)] 1047244K->881621K(1806336K), 0.0501927 secs] [Times: user=0.24 sys=0.00, real=0.05 secs] 
3350.219: [GC (Allocation Failure) [PSYoungGen: 418327K->183092K(465920K)] 1114581K->938039K(1806336K), 0.0562686 secs] [Times: user=0.27 sys=0.00, real=0.05 secs] 
3351.314: [GC (Allocation Failure) [PSYoungGen: 416052K->91403K(465920K)] 1170999K->915589K(1806336K), 0.0415438 secs] [Times: user=0.21 sys=0.00, real=0.04 secs] 
3351.550: [GC (Allocation Failure) [PSYoungGen: 324363K->175125K(465920K)] 1148549K->1028324K(1806336K), 0.0420125 secs] [Times: user=0.18 sys=0.00, real=0.04 secs] 
3351.737: [GC (Allocation Failure) [PSYoungGen: 408085K->184374K(465920K)] 1261284K->1092217K(1806336K), 0.0441261 secs] [Times: user=0.20 sys=0.00, real=0.05 secs] 
3351.904: [GC (Allocation Failure) [PSYoungGen: 417334K->183956K(465920K)] 1325177K->1147704K(1806336K), 0.0457470 secs] [Times: user=0.21 sys=0.00, real=0.05 secs] 
3352.966: [GC (Allocation Failure) [PSYoungGen: 416916K->120239K(465920K)] 1380664K->1153346K(1806336K), 0.0473994 secs] [Times: user=0.24 sys=0.00, real=0.05 secs] 
3353.790: [GC (Allocation Failure) [PSYoungGen: 353199K->147633K(465920K)] 1386306K->1218937K(1806336K), 0.0960688 secs] [Times: user=0.51 sys=0.00, real=0.09 secs] 
3354.036: [GC (Allocation Failure) [PSYoungGen: 380593K->183861K(465920K)] 1451897K->1302114K(1806336K), 0.0410252 secs] [Times: user=0.18 sys=0.00, real=0.04 secs] 
3354.200: [GC (Allocation Failure) [PSYoungGen: 416821K->185175K(465920K)] 1535074K->1367203K(1806336K), 0.0520439 secs] [Times: user=0.25 sys=0.00, real=0.05 secs] 
3354.605: [GC (Allocation Failure) [PSYoungGen: 418135K->183508K(465920K)] 1600163K->1424313K(1806336K), 0.1035283 secs] [Times: user=0.54 sys=0.00, real=0.11 secs] 
3355.791: [GC (Allocation Failure) [PSYoungGen: 416468K->92891K(465920K)] 1657273K->1403095K(1806336K), 0.0466448 secs] [Times: user=0.25 sys=0.00, real=0.04 secs] 
3355.838: [Full GC (Ergonomics) [PSYoungGen: 92891K->0K(465920K)] [ParOldGen: 1310204K->101497K(1369088K)] 1403095K->101497K(1835008K), [Metaspace: 60091K->60091K(1105920K)], 0.0742702 secs] [Times: user=0.29 sys=0.00, real=0.08 secs] 
3356.100: [GC (Allocation Failure) [PSYoungGen: 232960K->178293K(465920K)] 334457K->279791K(1835008K), 0.0321566 secs] [Times: user=0.12 sys=0.00, real=0.03 secs] 
3356.264: [GC (Allocation Failure) [PSYoungGen: 411253K->184982K(465920K)] 512751K->342328K(1835008K), 0.0425073 secs] [Times: user=0.19 sys=0.00, real=0.04 secs] 
3356.442: [GC (Allocation Failure) [PSYoungGen: 417942K->186837K(465920K)] 575288K->400287K(1835008K), 0.0487471 secs] [Times: user=0.23 sys=0.00, real=0.05 secs] 
3357.434: [GC (Allocation Failure) [PSYoungGen: 419797K->119983K(465920K)] 633247K->403833K(1835008K), 0.0460970 secs] [Times: user=0.23 sys=0.00, real=0.05 secs] 
3357.720: [GC (Allocation Failure) [PSYoungGen: 352943K->144001K(465920K)] 636793K->465991K(1835008K), 0.0750575 secs] [Times: user=0.40 sys=0.00, real=0.07 secs] 
3357.916: [GC (Allocation Failure) [PSYoungGen: 376961K->183381K(465920K)] 698951K->550644K(1835008K), 0.0392640 secs] [Times: user=0.18 sys=0.00, real=0.04 secs] 
3358.104: [GC (Allocation Failure) [PSYoungGen: 416341K->185239K(465920K)] 783604K->616398K(1835008K), 0.0546969 secs] [Times: user=0.26 sys=0.00, real=0.06 secs] 
3358.290: [GC (Allocation Failure) [PSYoungGen: 418199K->186869K(465920K)] 849358K->677004K(1835008K), 0.0563904 secs] [Times: user=0.28 sys=0.00, real=0.05 secs] 
3359.294: [GC (Allocation Failure) [PSYoungGen: 419829K->89754K(465920K)] 909964K->650281K(1835008K), 0.0450077 secs] [Times: user=0.23 sys=0.00, real=0.05 secs] 
3359.552: [GC (Allocation Failure) [PSYoungGen: 322714K->175477K(465920K)] 883241K->765329K(1835008K), 0.0405274 secs] [Times: user=0.17 sys=0.00, real=0.04 secs] 
3359.793: [GC (Allocation Failure) [PSYoungGen: 408437K->183637K(465920K)] 998289K->828241K(1835008K), 0.0638254 secs] [Times: user=0.31 sys=0.00, real=0.06 secs] 
3359.985: [GC (Allocation Failure) [PSYoungGen: 416597K->187093K(465920K)] 1061201K->887545K(1835008K), 0.0475756 secs] [Times: user=0.22 sys=0.00, real=0.05 secs] 
3362.270: [GC (Allocation Failure) [PSYoungGen: 420053K->128240K(465920K)] 1120505K->899124K(1835008K), 0.0495371 secs] [Times: user=0.24 sys=0.00, real=0.05 secs] 
3363.279: [GC (Allocation Failure) [PSYoungGen: 361200K->130047K(465920K)] 1132084K->941707K(1835008K), 0.0906645 secs] [Times: user=0.49 sys=0.00, real=0.09 secs] 
3363.548: [GC (Allocation Failure) [PSYoungGen: 363007K->178037K(465920K)] 1174667K->1031054K(1835008K), 0.0506508 secs] [Times: user=0.23 sys=0.00, real=0.06 secs] 
3363.725: [GC (Allocation Failure) [PSYoungGen: 410997K->185879K(465920K)] 1264014K->1109408K(1835008K), 0.0493193 secs] [Times: user=0.23 sys=0.00, real=0.05 secs] 
3363.887: [GC (Allocation Failure) [PSYoungGen: 418839K->186965K(465920K)] 1342368K->1169422K(1835008K), 0.0579183 secs] [Times: user=0.28 sys=0.00, real=0.06 secs] 
3364.916: [GC (Allocation Failure) [PSYoungGen: 419925K->91723K(465920K)] 1402382K->1144732K(1835008K), 0.0446313 secs] [Times: user=0.23 sys=0.00, real=0.05 secs] 
3365.373: [GC (Allocation Failure) [PSYoungGen: 324683K->172436K(465920K)] 1377692K->1254850K(1835008K), 0.0500639 secs] [Times: user=0.22 sys=0.00, real=0.05 secs] 
3365.630: [GC (Allocation Failure) [PSYoungGen: 405396K->184726K(465920K)] 1487810K->1320792K(1835008K), 0.0526064 secs] [Times: user=0.25 sys=0.00, real=0.05 secs] 
3365.797: [GC (Allocation Failure) [PSYoungGen: 417686K->187285K(465920K)] 1553752K->1379511K(1835008K), 0.0473198 secs] [Times: user=0.22 sys=0.00, real=0.05 secs] 
3366.728: [GC (Allocation Failure) [PSYoungGen: 420245K->144689K(465920K)] 1612471K->1407404K(1835008K), 0.0534962 secs] [Times: user=0.27 sys=0.00, real=0.06 secs] 
3368.171: [GC (Allocation Failure) [PSYoungGen: 377649K->122014K(465920K)] 1640364K->1430684K(1835008K), 0.1314070 secs] [Times: user=0.73 sys=0.01, real=0.13 secs] 
3368.303: [Full GC (Ergonomics) [PSYoungGen: 122014K->0K(465920K)] [ParOldGen: 1308670K->140569K(1398272K)] 1430684K->140569K(1864192K), [Metaspace: 60096K->60096K(1105920K)], 0.1495739 secs] [Times: user=0.68 sys=0.00, real=0.15 secs] 
3368.575: [GC (Allocation Failure) [PSYoungGen: 232960K->178293K(465920K)] 373529K->318862K(1864192K), 0.0260251 secs] [Times: user=0.10 sys=0.00, real=0.03 secs] 
3368.721: [GC (Allocation Failure) [PSYoungGen: 411253K->185687K(465920K)] 551822K->388528K(1864192K), 0.0474908 secs] [Times: user=0.22 sys=0.00, real=0.05 secs] 
3369.106: [GC (Allocation Failure) [PSYoungGen: 418647K->186677K(465920K)] 621488K->448510K(1864192K), 0.0588599 secs] [Times: user=0.30 sys=0.00, real=0.06 secs] 
3370.232: [GC (Allocation Failure) [PSYoungGen: 419637K->89242K(465920K)] 681470K->421420K(1864192K), 0.0608732 secs] [Times: user=0.33 sys=0.00, real=0.06 secs] 
3370.665: [GC (Allocation Failure) [PSYoungGen: 322202K->173301K(465920K)] 654380K->534627K(1864192K), 0.0422538 secs] [Times: user=0.18 sys=0.00, real=0.04 secs] 
3370.850: [GC (Allocation Failure) [PSYoungGen: 406261K->184149K(465920K)] 767587K->599220K(1864192K), 0.0422772 secs] [Times: user=0.19 sys=0.00, real=0.04 secs] 
3371.012: [GC (Allocation Failure) [PSYoungGen: 404104K->173045K(465920K)] 819174K->652452K(1864192K), 0.0476262 secs] [Times: user=0.22 sys=0.00, real=0.05 secs] 
3371.937: [GC (Allocation Failure) [PSYoungGen: 406005K->168659K(465920K)] 885412K->702985K(1864192K), 0.0526935 secs] [Times: user=0.26 sys=0.00, real=0.06 secs] 
3372.409: [GC (GCLocker Initiated GC) [PSYoungGen: 401619K->99147K(465920K)] 935945K->697970K(1864192K), 0.0562159 secs] [Times: user=0.29 sys=0.01, real=0.05 secs] 
3372.702: [GC (Allocation Failure) [PSYoungGen: 332107K->186358K(465920K)] 930969K->816723K(1864192K), 0.0394481 secs] [Times: user=0.17 sys=0.00, real=0.04 secs] 
3372.861: [GC (Allocation Failure) [PSYoungGen: 419318K->184758K(465920K)] 1049683K->871811K(1864192K), 0.0442172 secs] [Times: user=0.20 sys=0.00, real=0.04 secs] 
3373.025: [GC (Allocation Failure) [PSYoungGen: 417718K->186485K(465920K)] 1104771K->929522K(1864192K), 0.0461386 secs] [Times: user=0.22 sys=0.00, real=0.05 secs] 
3374.056: [GC (Allocation Failure) [PSYoungGen: 419445K->96123K(465920K)] 1162482K->909633K(1864192K), 0.0446513 secs] [Times: user=0.23 sys=0.00, real=0.05 secs] 
3374.642: [GC (Allocation Failure) [PSYoungGen: 329083K->168660K(465920K)] 1142593K->1013567K(1864192K), 0.0522705 secs] [Times: user=0.24 sys=0.00, real=0.05 secs] 
3374.887: [GC (Allocation Failure) [PSYoungGen: 401620K->184214K(465920K)] 1246527K->1081952K(1864192K), 0.0598756 secs] [Times: user=0.29 sys=0.00, real=0.06 secs] 
3375.147: [GC (Allocation Failure) [PSYoungGen: 417174K->185463K(465920K)] 1314912K->1147273K(1864192K), 0.0713602 secs] [Times: user=0.36 sys=0.00, real=0.08 secs] 
3375.625: [GC (Allocation Failure) [PSYoungGen: 416583K->213044K(465920K)] 1378394K->1233742K(1864192K), 0.0545950 secs] [Times: user=0.26 sys=0.00, real=0.06 secs] 
3377.257: [GC (Allocation Failure) [PSYoungGen: 446004K->86506K(465920K)] 1466702K->1174869K(1864192K), 0.0737211 secs] [Times: user=0.39 sys=0.01, real=0.08 secs] 
3377.565: [GC (Allocation Failure) [PSYoungGen: 319466K->183158K(465920K)] 1407829K->1299394K(1864192K), 0.0383252 secs] [Times: user=0.17 sys=0.00, real=0.04 secs] 
3377.749: [GC (Allocation Failure) [PSYoungGen: 416118K->184886K(465920K)] 1532354K->1357833K(1864192K), 0.0491074 secs] [Times: user=0.23 sys=0.00, real=0.05 secs] 
3377.928: [GC (Allocation Failure) [PSYoungGen: 417846K->183508K(465920K)] 1590793K->1412576K(1864192K), 0.0465443 secs] [Times: user=0.21 sys=0.00, real=0.05 secs] 
3378.998: [GC (Allocation Failure) [PSYoungGen: 416468K->100956K(465920K)] 1645536K->1399224K(1864192K), 0.0497794 secs] [Times: user=0.25 sys=0.00, real=0.04 secs] 
3379.264: [GC (Allocation Failure) [PSYoungGen: 333916K->166548K(465920K)] 1632184K->1497496K(1864192K), 0.0466561 secs] [Times: user=0.22 sys=0.00, real=0.05 secs] 
3379.310: [Full GC (Ergonomics) [PSYoungGen: 166548K->0K(465920K)] [ParOldGen: 1330947K->187778K(1398272K)] 1497496K->187778K(1864192K), [Metaspace: 60100K->60100K(1105920K)], 0.1705801 secs] [Times: user=0.76 sys=0.00, real=0.17 secs] 
3379.600: [GC (Allocation Failure) [PSYoungGen: 232960K->184149K(465920K)] 420738K->371928K(1864192K), 0.0336857 secs] [Times: user=0.14 sys=0.00, real=0.03 secs] 
3379.789: [GC (Allocation Failure) [PSYoungGen: 417109K->182038K(465920K)] 604888K->434225K(1864192K), 0.0444853 secs] [Times: user=0.20 sys=0.00, real=0.04 secs] 
3379.977: [GC (Allocation Failure) [PSYoungGen: 414998K->186357K(465920K)] 667185K->496328K(1864192K), 0.0654841 secs] [Times: user=0.33 sys=0.00, real=0.07 secs] 
3381.580: [GC (Allocation Failure) [PSYoungGen: 419317K->85898K(465920K)] 729288K->466053K(1864192K), 0.1054365 secs] [Times: user=0.58 sys=0.00, real=0.10 secs] 
3381.937: [GC (Allocation Failure) [PSYoungGen: 318858K->180053K(465920K)] 699013K->587933K(1864192K), 0.0330986 secs] [Times: user=0.13 sys=0.00, real=0.04 secs] 
3382.091: [GC (Allocation Failure) [PSYoungGen: 413013K->184726K(465920K)] 820893K->648693K(1864192K), 0.0427079 secs] [Times: user=0.19 sys=0.00, real=0.04 secs] 
3382.311: [GC (Allocation Failure) [PSYoungGen: 417686K->186741K(465920K)] 881653K->706685K(1864192K), 0.0649717 secs] [Times: user=0.32 sys=0.00, real=0.06 secs] 
3383.367: [GC (Allocation Failure) [PSYoungGen: 419701K->106285K(465920K)] 939645K->696708K(1864192K), 0.0452183 secs] [Times: user=0.23 sys=0.00, real=0.05 secs] 
3383.728: [GC (Allocation Failure) [PSYoungGen: 339245K->163891K(465920K)] 929668K->788368K(1864192K), 0.0714986 secs] [Times: user=0.36 sys=0.00, real=0.08 secs] 
3383.976: [GC (Allocation Failure) [PSYoungGen: 396851K->184630K(465920K)] 1021328K->860470K(1864192K), 0.0561277 secs] [Times: user=0.26 sys=0.00, real=0.06 secs] 
3384.154: [GC (Allocation Failure) [PSYoungGen: 417590K->182582K(465920K)] 1093430K->922623K(1864192K), 0.0504710 secs] [Times: user=0.23 sys=0.00, real=0.05 secs] 
3384.320: [GC (Allocation Failure) [PSYoungGen: 415542K->186165K(465920K)] 1155583K->984134K(1864192K), 0.0566376 secs] [Times: user=0.27 sys=0.00, real=0.05 secs] 
3385.340: [GC (GCLocker Initiated GC) [PSYoungGen: 419125K->85914K(465920K)] 1217094K->954243K(1864192K), 0.0449107 secs] [Times: user=0.24 sys=0.00, real=0.04 secs] 
3385.562: [GC (Allocation Failure) [PSYoungGen: 318874K->182454K(465920K)] 1187206K->1078166K(1864192K), 0.0463327 secs] [Times: user=0.20 sys=0.00, real=0.04 secs] 
3385.752: [GC (Allocation Failure) [PSYoungGen: 415414K->184950K(465920K)] 1311126K->1137642K(1864192K), 0.0443818 secs] [Times: user=0.20 sys=0.00, real=0.04 secs] 
3385.944: [GC (Allocation Failure) [PSYoungGen: 417910K->183444K(465920K)] 1370602K->1192209K(1864192K), 0.0553744 secs] [Times: user=0.26 sys=0.01, real=0.06 secs] 
3387.052: [GC (Allocation Failure) [PSYoungGen: 416404K->109773K(465920K)] 1425169K->1187554K(1864192K), 0.0476542 secs] [Times: user=0.24 sys=0.00, real=0.05 secs] 
3387.430: [GC (Allocation Failure) [PSYoungGen: 342733K->153810K(465920K)] 1420514K->1267532K(1864192K), 0.0776353 secs] [Times: user=0.39 sys=0.01, real=0.07 secs] 
3387.704: [GC (Allocation Failure) [PSYoungGen: 386770K->184053K(465920K)] 1500492K->1345915K(1864192K), 0.0556829 secs] [Times: user=0.26 sys=0.00, real=0.06 secs] 
3387.885: [GC (Allocation Failure) [PSYoungGen: 417013K->183286K(465920K)] 1578875K->1409216K(1864192K), 0.0498647 secs] [Times: user=0.23 sys=0.00, real=0.05 secs] 
3388.107: [GC (Allocation Failure) [PSYoungGen: 416246K->186805K(465920K)] 1642176K->1471255K(1864192K), 0.0828486 secs] [Times: user=0.42 sys=0.00, real=0.09 secs] 
3389.740: [GC (Allocation Failure) [PSYoungGen: 419765K->88938K(465920K)] 1704215K->1443764K(1864192K), 0.1266302 secs] [Times: user=0.58 sys=0.12, real=0.12 secs] 
3389.867: [Full GC (Ergonomics) [PSYoungGen: 88938K->0K(465920K)] [ParOldGen: 1354825K->100763K(1390592K)] 1443764K->100763K(1856512K), [Metaspace: 60100K->60100K(1105920K)], 0.1353443 secs] [Times: user=0.57 sys=0.00, real=0.14 secs] 
3390.651: [GC (Allocation Failure) [PSYoungGen: 232960K->169780K(465920K)] 333723K->270544K(1856512K), 0.0297077 secs] [Times: user=0.11 sys=0.01, real=0.03 secs] 
3390.813: [GC (Allocation Failure) [PSYoungGen: 402740K->183733K(465920K)] 503504K->337105K(1856512K), 0.0419607 secs] [Times: user=0.18 sys=0.00, real=0.04 secs] 
3390.996: [GC (Allocation Failure) [PSYoungGen: 416585K->186709K(465920K)] 569957K->395633K(1856512K), 0.0494594 secs] [Times: user=0.24 sys=0.00, real=0.05 secs] 
3391.993: [GC (Allocation Failure) [PSYoungGen: 419669K->125583K(465920K)] 628593K->404891K(1856512K), 0.0477587 secs] [Times: user=0.24 sys=0.01, real=0.05 secs] 
3392.308: [GC (Allocation Failure) [PSYoungGen: 357486K->142305K(465920K)] 636794K->461405K(1856512K), 0.0765028 secs] [Times: user=0.40 sys=0.00, real=0.08 secs] 
3392.586: [GC (GCLocker Initiated GC) [PSYoungGen: 375265K->177045K(465920K)] 694365K->541718K(1856512K), 0.0479593 secs] [Times: user=0.22 sys=0.00, real=0.05 secs] 
3392.762: [GC (Allocation Failure) [PSYoungGen: 410005K->185783K(465920K)] 774681K->620599K(1856512K), 0.0483408 secs] [Times: user=0.22 sys=0.00, real=0.05 secs] 
3392.923: [GC (Allocation Failure) [PSYoungGen: 418743K->186805K(465920K)] 853559K->680645K(1856512K), 0.0564728 secs] [Times: user=0.27 sys=0.00, real=0.06 secs] 
3394.054: [GC (Allocation Failure) [PSYoungGen: 419765K->93963K(465920K)] 913605K->658187K(1856512K), 0.0455331 secs] [Times: user=0.24 sys=0.00, real=0.05 secs] 
3394.306: [GC (Allocation Failure) [PSYoungGen: 326923K->178645K(465920K)] 891147K->773430K(1856512K), 0.0488614 secs] [Times: user=0.22 sys=0.00, real=0.05 secs] 
3394.502: [GC (Allocation Failure) [PSYoungGen: 411605K->181685K(465920K)] 1006390K->832142K(1856512K), 0.0424704 secs] [Times: user=0.19 sys=0.00, real=0.04 secs] 
3394.683: [GC (Allocation Failure) [PSYoungGen: 414645K->186453K(465920K)] 1065102K->892334K(1856512K), 0.0543214 secs] [Times: user=0.27 sys=0.00, real=0.05 secs] 
3395.681: [GC (Allocation Failure) [PSYoungGen: 419413K->130224K(465920K)] 1125294K->906533K(1856512K), 0.0481569 secs] [Times: user=0.24 sys=0.00, real=0.05 secs] 
3396.951: [GC (Allocation Failure) [PSYoungGen: 363184K->135872K(465920K)] 1139493K->953541K(1856512K), 0.1107393 secs] [Times: user=0.60 sys=0.01, real=0.11 secs] 
3397.256: [GC (Allocation Failure) [PSYoungGen: 368832K->178165K(465920K)] 1186501K->1039115K(1856512K), 0.0396370 secs] [Times: user=0.18 sys=0.00, real=0.04 secs] 
3397.433: [GC (Allocation Failure) [PSYoungGen: 411125K->185847K(465920K)] 1272075K->1108805K(1856512K), 0.0499759 secs] [Times: user=0.23 sys=0.00, real=0.05 secs] 
3397.596: [GC (Allocation Failure) [PSYoungGen: 418807K->186805K(465920K)] 1341765K->1168811K(1856512K), 0.0586106 secs] [Times: user=0.29 sys=0.00, real=0.06 secs] 
3398.667: [GC (Allocation Failure) [PSYoungGen: 419765K->92379K(465920K)] 1401771K->1145001K(1856512K), 0.0511559 secs] [Times: user=0.28 sys=0.00, real=0.06 secs] 
3398.932: [GC (Allocation Failure) [PSYoungGen: 325339K->171476K(465920K)] 1377961K->1254167K(1856512K), 0.0323422 secs] [Times: user=0.13 sys=0.00, real=0.03 secs] 
3399.149: [GC (Allocation Failure) [PSYoungGen: 404436K->183733K(465920K)] 1487127K->1319637K(1856512K), 0.0630738 secs] [Times: user=0.30 sys=0.00, real=0.06 secs] 
3399.343: [GC (Allocation Failure) [PSYoungGen: 416693K->187477K(465920K)] 1552597K->1379252K(1856512K), 0.0461492 secs] [Times: user=0.22 sys=0.00, real=0.05 secs] 
3400.373: [GC (Allocation Failure) [PSYoungGen: 420437K->140273K(465920K)] 1612212K->1402824K(1856512K), 0.0503864 secs] [Times: user=0.25 sys=0.00, real=0.05 secs] 
3400.623: [GC (Allocation Failure) [PSYoungGen: 373233K->132832K(465920K)] 1635784K->1439839K(1856512K), 0.0770298 secs] [Times: user=0.42 sys=0.00, real=0.08 secs] 
3400.700: [Full GC (Ergonomics) [PSYoungGen: 132832K->0K(465920K)] [ParOldGen: 1307007K->151677K(1398272K)] 1439839K->151677K(1864192K), [Metaspace: 60101K->60101K(1105920K)], 0.1338697 secs] [Times: user=0.57 sys=0.00, real=0.13 secs] 
3400.981: [GC (Allocation Failure) [PSYoungGen: 232960K->180692K(465920K)] 384637K->332370K(1864192K), 0.0254279 secs] [Times: user=0.09 sys=0.00, real=0.02 secs] 
3401.204: [GC (Allocation Failure) [PSYoungGen: 413652K->184182K(465920K)] 565330K->396136K(1864192K), 0.0474595 secs] [Times: user=0.22 sys=0.00, real=0.05 secs] 
3401.392: [GC (Allocation Failure) [PSYoungGen: 417142K->186741K(465920K)] 629096K->457175K(1864192K), 0.0608460 secs] [Times: user=0.30 sys=0.00, real=0.06 secs] 
3402.764: [GC (Allocation Failure) [PSYoungGen: 419701K->93611K(465920K)] 690135K->434533K(1864192K), 0.0703661 secs] [Times: user=0.38 sys=0.00, real=0.07 secs] 
3404.056: [GC (Allocation Failure) [PSYoungGen: 326571K->169972K(465920K)] 667493K->540323K(1864192K), 0.0430456 secs] [Times: user=0.18 sys=0.00, real=0.05 secs] 
3404.285: [GC (Allocation Failure) [PSYoungGen: 402932K->184374K(465920K)] 773283K->608112K(1864192K), 0.0625080 secs] [Times: user=0.29 sys=0.00, real=0.06 secs] 
3404.477: [GC (Allocation Failure) [PSYoungGen: 403861K->171541K(465920K)] 827599K->659288K(1864192K), 0.0474756 secs] [Times: user=0.22 sys=0.00, real=0.05 secs] 
3405.365: [GC (Allocation Failure) [PSYoungGen: 404501K->168851K(401920K)] 892248K->711181K(1800192K), 0.0528592 secs] [Times: user=0.27 sys=0.00, real=0.06 secs] 
3405.791: [GC (Allocation Failure) [PSYoungGen: 401811K->101884K(462848K)] 944141K->708863K(1861120K), 0.0470831 secs] [Times: user=0.24 sys=0.01, real=0.04 secs] 
3405.959: [GC (Allocation Failure) [PSYoungGen: 333308K->178549K(464384K)] 940287K->818245K(1862656K), 0.0345151 secs] [Times: user=0.14 sys=0.00, real=0.03 secs] 
3406.111: [GC (Allocation Failure) [PSYoungGen: 409973K->183349K(465920K)] 1049669K->878509K(1864192K), 0.0424401 secs] [Times: user=0.19 sys=0.00, real=0.04 secs] 
3406.566: [GC (Allocation Failure) [PSYoungGen: 416309K->186773K(465920K)] 1111469K->937525K(1864192K), 0.0592329 secs] [Times: user=0.28 sys=0.00, real=0.06 secs] 
3407.668: [GC (Allocation Failure) [PSYoungGen: 419733K->99804K(465920K)] 1170485K->921164K(1864192K), 0.0438579 secs] [Times: user=0.23 sys=0.00, real=0.05 secs] 
3407.987: [GC (Allocation Failure) [PSYoungGen: 332764K->171188K(465920K)] 1154124K->1024369K(1864192K), 0.0578934 secs] [Times: user=0.27 sys=0.00, real=0.06 secs] 
3408.182: [GC (Allocation Failure) [PSYoungGen: 404148K->181781K(465920K)] 1257329K->1088994K(1864192K), 0.0429002 secs] [Times: user=0.20 sys=0.00, real=0.04 secs] 
3408.397: [GC (Allocation Failure) [PSYoungGen: 414741K->185367K(465920K)] 1321954K->1155804K(1864192K), 0.0764945 secs] [Times: user=0.39 sys=0.00, real=0.08 secs] 
3408.886: [GC (Allocation Failure) [PSYoungGen: 415898K->212692K(465920K)] 1386335K->1241953K(1864192K), 0.0547754 secs] [Times: user=0.27 sys=0.00, real=0.06 secs] 
3410.728: [GC (GCLocker Initiated GC) [PSYoungGen: 445652K->85770K(465920K)] 1474913K->1182347K(1864192K), 0.1015659 secs] [Times: user=0.55 sys=0.01, real=0.10 secs] 
3411.042: [GC (Allocation Failure) [PSYoungGen: 318730K->181302K(465920K)] 1415310K->1305751K(1864192K), 0.0341870 secs] [Times: user=0.14 sys=0.00, real=0.03 secs] 
3411.233: [GC (Allocation Failure) [PSYoungGen: 414262K->183990K(465920K)] 1538711K->1364479K(1864192K), 0.0587589 secs] [Times: user=0.28 sys=0.00, real=0.06 secs] 
3411.420: [GC (Allocation Failure) [PSYoungGen: 416950K->187189K(465920K)] 1597439K->1423390K(1864192K), 0.0474792 secs] [Times: user=0.23 sys=0.00, real=0.04 secs] 
3412.465: [GC (Allocation Failure) [PSYoungGen: 420149K->99292K(465920K)] 1656350K->1406093K(1864192K), 0.0479897 secs] [Times: user=0.25 sys=0.00, real=0.05 secs] 
3412.857: [GC (Allocation Failure) [PSYoungGen: 332252K->163667K(465920K)] 1639053K->1502842K(1864192K), 0.0844928 secs] [Times: user=0.44 sys=0.00, real=0.09 secs] 
3412.942: [Full GC (Ergonomics) [PSYoungGen: 163667K->0K(465920K)] [ParOldGen: 1339174K->183907K(1398272K)] 1502842K->183907K(1864192K), [Metaspace: 60102K->60102K(1105920K)], 0.1804219 secs] [Times: user=0.82 sys=0.00, real=0.18 secs] 
3413.260: [GC (Allocation Failure) [PSYoungGen: 232960K->192534K(465920K)] 416867K->376441K(1864192K), 0.0328531 secs] [Times: user=0.13 sys=0.00, real=0.03 secs] 
3413.414: [GC (Allocation Failure) [PSYoungGen: 425494K->185879K(465920K)] 609401K->433963K(1864192K), 0.0441102 secs] [Times: user=0.19 sys=0.00, real=0.04 secs] 
3413.572: [GC (Allocation Failure) [PSYoungGen: 418839K->186229K(465920K)] 666923K->493281K(1864192K), 0.0546306 secs] [Times: user=0.26 sys=0.00, real=0.05 secs] 
3414.569: [GC (GCLocker Initiated GC) [PSYoungGen: 419189K->86170K(465920K)] 726241K->463398K(1864192K), 0.0477349 secs] [Times: user=0.26 sys=0.00, real=0.04 secs] 
3414.818: [GC (Allocation Failure) [PSYoungGen: 319130K->179573K(465920K)] 696397K->584185K(1864192K), 0.0440331 secs] [Times: user=0.19 sys=0.01, real=0.04 secs] 
3414.996: [GC (Allocation Failure) [PSYoungGen: 412533K->184438K(465920K)] 817145K->645453K(1864192K), 0.0429450 secs] [Times: user=0.19 sys=0.01, real=0.05 secs] 
3415.155: [GC (Allocation Failure) [PSYoungGen: 417398K->186037K(465920K)] 878413K->702981K(1864192K), 0.0446070 secs] [Times: user=0.21 sys=0.00, real=0.05 secs] 
3416.194: [GC (Allocation Failure) [PSYoungGen: 418997K->108509K(465920K)] 935941K->695765K(1864192K), 0.0494360 secs] [Times: user=0.25 sys=0.00, real=0.05 secs] 
3417.999: [GC (Allocation Failure) [PSYoungGen: 341469K->156402K(465920K)] 928725K->778599K(1864192K), 0.0761023 secs] [Times: user=0.39 sys=0.00, real=0.07 secs] 
3418.276: [GC (Allocation Failure) [PSYoungGen: 389362K->183253K(465920K)] 1011559K->854254K(1864192K), 0.0533925 secs] [Times: user=0.25 sys=0.00, real=0.06 secs] 
3418.453: [GC (Allocation Failure) [PSYoungGen: 416213K->185975K(465920K)] 1087214K->920648K(1864192K), 0.0494823 secs] [Times: user=0.23 sys=0.00, real=0.05 secs] 
3418.616: [GC (Allocation Failure) [PSYoungGen: 418935K->186837K(465920K)] 1153608K->980558K(1864192K), 0.0566284 secs] [Times: user=0.28 sys=0.00, real=0.06 secs] 
3419.764: [GC (GCLocker Initiated GC) [PSYoungGen: 419797K->90362K(465920K)] 1213521K->954639K(1864192K), 0.0636502 secs] [Times: user=0.34 sys=0.00, real=0.06 secs] 
3420.306: [GC (Allocation Failure) [PSYoungGen: 323322K->181814K(465920K)] 1187599K->1075722K(1864192K), 0.0434119 secs] [Times: user=0.18 sys=0.00, real=0.05 secs] 
3420.470: [GC (Allocation Failure) [PSYoungGen: 414774K->179637K(465920K)] 1308682K->1130025K(1864192K), 0.0451522 secs] [Times: user=0.20 sys=0.00, real=0.04 secs] 
3420.771: [GC (Allocation Failure) [PSYoungGen: 412597K->182580K(465920K)] 1362985K->1187105K(1864192K), 0.0659496 secs] [Times: user=0.33 sys=0.00, real=0.06 secs] 
3421.904: [GC (Allocation Failure) [PSYoungGen: 415540K->116462K(465920K)] 1420065K->1190235K(1864192K), 0.0471680 secs] [Times: user=0.24 sys=0.00, real=0.05 secs] 
3422.180: [GC (Allocation Failure) [PSYoungGen: 349422K->154002K(465920K)] 1423195K->1265400K(1864192K), 0.1077831 secs] [Times: user=0.52 sys=0.00, real=0.10 secs] 
3422.505: [GC (Allocation Failure) [PSYoungGen: 386962K->184085K(465920K)] 1498360K->1343487K(1864192K), 0.0417193 secs] [Times: user=0.18 sys=0.00, real=0.04 secs] 
3422.666: [GC (Allocation Failure) [PSYoungGen: 417045K->185687K(465920K)] 1576447K->1409580K(1864192K), 0.0510965 secs] [Times: user=0.24 sys=0.00, real=0.05 secs] 
3422.850: [GC (Allocation Failure) [PSYoungGen: 418647K->200020K(465920K)] 1642540K->1482822K(1864192K), 0.0640466 secs] [Times: user=0.32 sys=0.01, real=0.06 secs] 
3424.610: [GC (Allocation Failure) [PSYoungGen: 432980K->85802K(465920K)] 1715782K->1438000K(1864192K), 0.1128891 secs] [Times: user=0.62 sys=0.00, real=0.11 secs] 
3424.723: [Full GC (Ergonomics) [PSYoungGen: 85802K->0K(465920K)] [ParOldGen: 1352197K->97078K(1398272K)] 1438000K->97078K(1864192K), [Metaspace: 60123K->60123K(1105920K)], 0.1338462 secs] [Times: user=0.55 sys=0.00, real=0.13 secs] 
3425.164: [GC (Allocation Failure) [PSYoungGen: 232960K->175605K(465920K)] 330038K->272683K(1864192K), 0.0240188 secs] [Times: user=0.08 sys=0.00, real=0.03 secs] 
3425.334: [GC (Allocation Failure) [PSYoungGen: 408565K->184822K(465920K)] 505643K->336976K(1864192K), 0.0490495 secs] [Times: user=0.23 sys=0.00, real=0.05 secs] 
3425.528: [GC (Allocation Failure) [PSYoungGen: 417782K->187061K(465920K)] 569936K->395256K(1864192K), 0.0444930 secs] [Times: user=0.20 sys=0.00, real=0.05 secs] 
3426.591: [GC (Allocation Failure) [PSYoungGen: 420021K->121775K(465920K)] 628216K->400449K(1864192K), 0.0463188 secs] [Times: user=0.23 sys=0.00, real=0.04 secs] 
3427.082: [GC (Allocation Failure) [PSYoungGen: 354735K->141761K(465920K)] 633409K->459155K(1864192K), 0.0990883 secs] [Times: user=0.53 sys=0.00, real=0.10 secs] 
3427.329: [GC (Allocation Failure) [PSYoungGen: 374721K->178389K(465920K)] 692115K->541416K(1864192K), 0.0388218 secs] [Times: user=0.17 sys=0.00, real=0.03 secs] 
3427.515: [GC (Allocation Failure) [PSYoungGen: 411349K->185847K(465920K)] 774376K->610994K(1864192K), 0.0539787 secs] [Times: user=0.26 sys=0.00, real=0.06 secs] 
3427.713: [GC (Allocation Failure) [PSYoungGen: 418807K->186869K(465920K)] 843954K->671081K(1864192K), 0.0565639 secs] [Times: user=0.28 sys=0.00, real=0.06 secs] 
3429.544: [GC (Allocation Failure) [PSYoungGen: 419829K->88202K(465920K)] 904064K->642917K(1864192K), 0.0417125 secs] [Times: user=0.22 sys=0.00, real=0.04 secs] 
3429.779: [GC (Allocation Failure) [PSYoungGen: 321162K->174325K(465920K)] 875877K->757805K(1864192K), 0.0482363 secs] [Times: user=0.21 sys=0.00, real=0.04 secs] 
3429.997: [GC (Allocation Failure) [PSYoungGen: 407285K->184374K(465920K)] 990765K->822554K(1864192K), 0.0431652 secs] [Times: user=0.19 sys=0.00, real=0.05 secs] 
3430.156: [GC (Allocation Failure) [PSYoungGen: 417334K->187157K(465920K)] 1055514K->881081K(1864192K), 0.0457070 secs] [Times: user=0.21 sys=0.00, real=0.05 secs] 
3431.161: [GC (Allocation Failure) [PSYoungGen: 420117K->135792K(465920K)] 1114041K->900409K(1864192K), 0.0490463 secs] [Times: user=0.25 sys=0.00, real=0.05 secs] 
3433.116: [GC (Allocation Failure) [PSYoungGen: 368752K->126735K(465920K)] 1133369K->934451K(1864192K), 0.1320112 secs] [Times: user=0.73 sys=0.00, real=0.13 secs] 
3433.403: [GC (Allocation Failure) [PSYoungGen: 359695K->178869K(465920K)] 1167411K->1027526K(1864192K), 0.0380335 secs] [Times: user=0.17 sys=0.00, real=0.04 secs] 
3433.564: [GC (Allocation Failure) [PSYoungGen: 411829K->185591K(465920K)] 1260486K->1096488K(1864192K), 0.0492047 secs] [Times: user=0.23 sys=0.00, real=0.05 secs] 
3433.731: [GC (Allocation Failure) [PSYoungGen: 418551K->186421K(465920K)] 1329448K->1156142K(1864192K), 0.0573674 secs] [Times: user=0.28 sys=0.01, real=0.05 secs] 
3434.749: [GC (Allocation Failure) [PSYoungGen: 419381K->91194K(465920K)] 1389102K->1131276K(1864192K), 0.0522665 secs] [Times: user=0.28 sys=0.00, real=0.05 secs] 
3435.132: [GC (Allocation Failure) [PSYoungGen: 324154K->170676K(465920K)] 1364236K->1240230K(1864192K), 0.0320800 secs] [Times: user=0.13 sys=0.00, real=0.03 secs] 
3435.315: [GC (Allocation Failure) [PSYoungGen: 403636K->184374K(465920K)] 1473190K->1307332K(1864192K), 0.0608771 secs] [Times: user=0.28 sys=0.01, real=0.06 secs] 
3435.510: [GC (Allocation Failure) [PSYoungGen: 417334K->187445K(465920K)] 1540292K->1366395K(1864192K), 0.0477804 secs] [Times: user=0.23 sys=0.00, real=0.04 secs] 
3437.013: [GC (Allocation Failure) [PSYoungGen: 420405K->150354K(465920K)] 1599355K->1399885K(1864192K), 0.0535749 secs] [Times: user=0.27 sys=0.00, real=0.05 secs] 
3437.352: [GC (Allocation Failure) [PSYoungGen: 383314K->121278K(465920K)] 1632845K->1418661K(1864192K), 0.1198710 secs] [Times: user=0.67 sys=0.00, real=0.12 secs] 
3437.634: [GC (Allocation Failure) [PSYoungGen: 354238K->175316K(465920K)] 1651621K->1511764K(1864192K), 0.0372070 secs] [Times: user=0.16 sys=0.00, real=0.04 secs] 
3437.671: [Full GC (Ergonomics) [PSYoungGen: 175316K->0K(465920K)] [ParOldGen: 1336447K->231318K(1398272K)] 1511764K->231318K(1864192K), [Metaspace: 60123K->60123K(1105920K)], 0.2503834 secs] [Times: user=1.12 sys=0.00, real=0.25 secs] 
3438.044: [GC (Allocation Failure) [PSYoungGen: 232960K->181910K(465920K)] 464278K->413229K(1864192K), 0.0828981 secs] [Times: user=0.43 sys=0.00, real=0.08 secs] 
3438.259: [GC (Allocation Failure) [PSYoungGen: 414870K->186261K(465920K)] 646189K->475571K(1864192K), 0.0571015 secs] [Times: user=0.28 sys=0.00, real=0.05 secs] 
3439.943: [GC (Allocation Failure) [PSYoungGen: 419221K->98331K(465920K)] 708531K->457766K(1864192K), 0.1073779 secs] [Times: user=0.59 sys=0.00, real=0.11 secs] 
3441.283: [GC (Allocation Failure) [PSYoungGen: 331291K->167348K(465920K)] 690726K->558579K(1864192K), 0.0456670 secs] [Times: user=0.20 sys=0.00, real=0.05 secs] 
3441.509: [GC (Allocation Failure) [PSYoungGen: 400308K->184438K(465920K)] 791539K->628069K(1864192K), 0.0622421 secs] [Times: user=0.29 sys=0.00, real=0.06 secs] 
3441.760: [GC (Allocation Failure) [PSYoungGen: 414581K->179926K(465920K)] 858213K->687670K(1864192K), 0.0675915 secs] [Times: user=0.33 sys=0.00, real=0.06 secs] 
3442.668: [GC (Allocation Failure) [PSYoungGen: 412886K->168691K(465920K)] 920630K->733706K(1864192K), 0.0550587 secs] [Times: user=0.26 sys=0.00, real=0.06 secs] 
3443.243: [GC (Allocation Failure) [PSYoungGen: 401651K->99707K(465920K)] 966666K->729267K(1864192K), 0.0659777 secs] [Times: user=0.35 sys=0.01, real=0.07 secs] 
3443.513: [GC (Allocation Failure) [PSYoungGen: 332667K->182262K(465920K)] 962227K->844062K(1864192K), 0.0422653 secs] [Times: user=0.19 sys=0.00, real=0.04 secs] 
3443.671: [GC (Allocation Failure) [PSYoungGen: 415222K->193046K(465920K)] 1077022K->911486K(1864192K), 0.0436813 secs] [Times: user=0.20 sys=0.00, real=0.04 secs] 
3444.075: [GC (Allocation Failure) [PSYoungGen: 426006K->186613K(465920K)] 1144446K->960978K(1864192K), 0.0516842 secs] [Times: user=0.25 sys=0.00, real=0.05 secs] 
3445.121: [GC (Allocation Failure) [PSYoungGen: 419573K->96411K(465920K)] 1193938K->941176K(1864192K), 0.0543533 secs] [Times: user=0.29 sys=0.01, real=0.05 secs] 
3445.623: [GC (GCLocker Initiated GC) [PSYoungGen: 329371K->164692K(465920K)] 1174136K->1040793K(1864192K), 0.0560568 secs] [Times: user=0.28 sys=0.00, real=0.06 secs] 
3445.797: [GC (Allocation Failure) [PSYoungGen: 397652K->192438K(465920K)] 1273756K->1119714K(1864192K), 0.0427386 secs] [Times: user=0.19 sys=0.00, real=0.05 secs] 
3445.997: [GC (Allocation Failure) [PSYoungGen: 425398K->185751K(465920K)] 1352674K->1177036K(1864192K), 0.0631702 secs] [Times: user=0.31 sys=0.00, real=0.07 secs] 
3446.562: [GC (Allocation Failure) [PSYoungGen: 415229K->214868K(465920K)] 1406514K->1265193K(1864192K), 0.0555959 secs] [Times: user=0.28 sys=0.00, real=0.05 secs] 
3448.749: [GC (Allocation Failure) [PSYoungGen: 447828K->83225K(465920K)] 1498153K->1201750K(1864192K), 0.1085517 secs] [Times: user=0.60 sys=0.00, real=0.10 secs] 
3449.064: [GC (Allocation Failure) [PSYoungGen: 316185K->182646K(465920K)] 1434710K->1327991K(1864192K), 0.0339525 secs] [Times: user=0.14 sys=0.00, real=0.03 secs] 
3449.215: [GC (Allocation Failure) [PSYoungGen: 415495K->184790K(465920K)] 1560841K->1386751K(1864192K), 0.0437994 secs] [Times: user=0.20 sys=0.01, real=0.05 secs] 
3449.399: [GC (Allocation Failure) [PSYoungGen: 417750K->186997K(465920K)] 1619711K->1444974K(1864192K), 0.0499524 secs] [Times: user=0.24 sys=0.00, real=0.05 secs] 
3450.445: [GC (GCLocker Initiated GC) [PSYoungGen: 419957K->101452K(465920K)] 1677936K->1430079K(1864192K), 0.0453766 secs] [Times: user=0.23 sys=0.00, real=0.05 secs] 
3450.491: [Full GC (Ergonomics) [PSYoungGen: 101452K->0K(465920K)] [ParOldGen: 1328627K->88620K(1398272K)] 1430079K->88620K(1864192K), [Metaspace: 60130K->60130K(1105920K)], 0.0323675 secs] [Times: user=0.10 sys=0.00, real=0.03 secs] 
3450.854: [GC (Allocation Failure) [PSYoungGen: 232960K->167347K(465920K)] 321619K->256007K(1864192K), 0.0284168 secs] [Times: user=0.10 sys=0.00, real=0.03 secs] 
3451.023: [GC (Allocation Failure) [PSYoungGen: 400307K->184214K(465920K)] 488967K->323273K(1864192K), 0.0408387 secs] [Times: user=0.18 sys=0.00, real=0.04 secs] 
3451.282: [GC (Allocation Failure) [PSYoungGen: 417174K->183926K(465920K)] 556233K->387026K(1864192K), 0.0822942 secs] [Times: user=0.41 sys=0.00, real=0.08 secs] 
3452.123: [GC (Allocation Failure) [PSYoungGen: 416886K->186325K(465920K)] 619986K->447784K(1864192K), 0.0784404 secs] [Times: user=0.40 sys=0.00, real=0.08 secs] 
3453.136: [GC (Allocation Failure) [PSYoungGen: 419285K->87578K(465920K)] 680744K->419189K(1864192K), 0.0400310 secs] [Times: user=0.20 sys=0.00, real=0.04 secs] 
3453.453: [GC (Allocation Failure) [PSYoungGen: 320525K->177461K(465920K)] 652136K->536877K(1864192K), 0.0472444 secs] [Times: user=0.20 sys=0.01, real=0.05 secs] 
3453.640: [GC (Allocation Failure) [PSYoungGen: 410421K->184854K(465920K)] 769837K->599957K(1864192K), 0.0427070 secs] [Times: user=0.19 sys=0.00, real=0.04 secs] 
3453.824: [GC (Allocation Failure) [PSYoungGen: 417814K->187029K(465920K)] 832917K->658213K(1864192K), 0.0491330 secs] [Times: user=0.23 sys=0.00, real=0.05 secs] 
3454.874: [GC (Allocation Failure) [PSYoungGen: 419989K->108733K(465920K)] 891173K->650597K(1864192K), 0.0452218 secs] [Times: user=0.23 sys=0.00, real=0.05 secs] 
3456.021: [GC (Allocation Failure) [PSYoungGen: 341693K->159315K(465920K)] 883557K->736419K(1864192K), 0.0734684 secs] [Times: user=0.37 sys=0.00, real=0.07 secs] 
3456.235: [GC (Allocation Failure) [PSYoungGen: 392275K->179509K(465920K)] 969379K->806309K(1864192K), 0.0406952 secs] [Times: user=0.18 sys=0.00, real=0.04 secs] 
3456.398: [GC (Allocation Failure) [PSYoungGen: 412469K->184919K(465920K)] 1039269K->874943K(1864192K), 0.0488105 secs] [Times: user=0.23 sys=0.00, real=0.04 secs] 
3456.596: [GC (Allocation Failure) [PSYoungGen: 417879K->186773K(465920K)] 1107903K->935493K(1864192K), 0.0787286 secs] [Times: user=0.41 sys=0.00, real=0.08 secs] 
3457.812: [GC (Allocation Failure) [PSYoungGen: 419733K->92779K(465920K)] 1168453K->912147K(1864192K), 0.0654772 secs] [Times: user=0.35 sys=0.00, real=0.06 secs] 
3458.220: [GC (Allocation Failure) [PSYoungGen: 325739K->175189K(465920K)] 1145107K->1025110K(1864192K), 0.0341076 secs] [Times: user=0.14 sys=0.00, real=0.03 secs] 
3458.374: [GC (Allocation Failure) [PSYoungGen: 408088K->183765K(465920K)] 1258009K->1087879K(1864192K), 0.0439740 secs] [Times: user=0.19 sys=0.00, real=0.05 secs] 
3458.561: [GC (Allocation Failure) [PSYoungGen: 416725K->182772K(465920K)] 1320839K->1142437K(1864192K), 0.0606176 secs] [Times: user=0.29 sys=0.00, real=0.06 secs] 
3459.590: [GC (Allocation Failure) [PSYoungGen: 415732K->119886K(465920K)] 1375397K->1148699K(1864192K), 0.0483404 secs] [Times: user=0.25 sys=0.00, real=0.04 secs] 
3459.832: [GC (GCLocker Initiated GC) [PSYoungGen: 352846K->154898K(465920K)] 1381660K->1222733K(1864192K), 0.0750999 secs] [Times: user=0.39 sys=0.00, real=0.07 secs] 
3460.037: [GC (Allocation Failure) [PSYoungGen: 387858K->183989K(465920K)] 1455860K->1300599K(1864192K), 0.0420568 secs] [Times: user=0.19 sys=0.00, real=0.05 secs] 
3460.243: [GC (Allocation Failure) [PSYoungGen: 416949K->178838K(465920K)] 1533559K->1359507K(1864192K), 0.0747900 secs] [Times: user=0.36 sys=0.01, real=0.07 secs] 
3460.486: [GC (Allocation Failure) [PSYoungGen: 411798K->186165K(465920K)] 1592467K->1423314K(1864192K), 0.0790371 secs] [Times: user=0.40 sys=0.00, real=0.08 secs] 
3461.870: [GC (Allocation Failure) [PSYoungGen: 419125K->92955K(465920K)] 1656274K->1400484K(1864192K), 0.0837278 secs] [Times: user=0.46 sys=0.00, real=0.08 secs] 
3462.267: [GC (Allocation Failure) [PSYoungGen: 325915K->175829K(465920K)] 1633444K->1513571K(1864192K), 0.0375067 secs] [Times: user=0.16 sys=0.00, real=0.04 secs] 
3462.305: [Full GC (Ergonomics) [PSYoungGen: 175829K->0K(465920K)] [ParOldGen: 1337742K->215100K(1398272K)] 1513571K->215100K(1864192K), [Metaspace: 60130K->60130K(1105920K)], 0.2162545 secs] [Times: user=0.96 sys=0.00, real=0.22 secs] 
3462.705: [GC (Allocation Failure) [PSYoungGen: 232960K->184694K(465920K)] 448060K->399794K(1864192K), 0.0266092 secs] [Times: user=0.10 sys=0.00, real=0.03 secs] 
3462.849: [GC (Allocation Failure) [PSYoungGen: 417654K->186901K(465920K)] 632754K->458185K(1864192K), 0.0449505 secs] [Times: user=0.20 sys=0.00, real=0.04 secs] 
3464.278: [GC (Allocation Failure) [PSYoungGen: 419861K->118158K(465920K)] 691145K->459915K(1864192K), 0.0462005 secs] [Times: user=0.23 sys=0.00, real=0.05 secs] 
3464.679: [GC (Allocation Failure) [PSYoungGen: 351118K->148753K(465920K)] 692875K->528157K(1864192K), 0.0789031 secs] [Times: user=0.41 sys=0.00, real=0.07 secs] 
3464.894: [GC (Allocation Failure) [PSYoungGen: 381713K->183637K(465920K)] 761117K->609179K(1864192K), 0.0402036 secs] [Times: user=0.18 sys=0.00, real=0.04 secs] 
3465.144: [GC (Allocation Failure) [PSYoungGen: 416597K->178614K(465920K)] 842139K->667947K(1864192K), 0.0675952 secs] [Times: user=0.32 sys=0.01, real=0.07 secs] 
3465.384: [GC (Allocation Failure) [PSYoungGen: 411574K->186165K(465920K)] 900907K->731802K(1864192K), 0.0764340 secs] [Times: user=0.39 sys=0.00, real=0.08 secs] 
3466.402: [GC (GCLocker Initiated GC) [PSYoungGen: 419125K->97803K(465920K)] 964764K->713874K(1864192K), 0.0600776 secs] [Times: user=0.32 sys=0.00, real=0.06 secs] 
3466.646: [GC (Allocation Failure) [PSYoungGen: 330763K->178005K(465920K)] 947001K->825456K(1864192K), 0.0330958 secs] [Times: user=0.14 sys=0.00, real=0.04 secs] 
3466.820: [GC (Allocation Failure) [PSYoungGen: 410965K->184598K(465920K)] 1058416K->887956K(1864192K), 0.0494852 secs] [Times: user=0.23 sys=0.00, real=0.05 secs] 
3467.009: [GC (Allocation Failure) [PSYoungGen: 417558K->184084K(465920K)] 1120916K->943283K(1864192K), 0.0484120 secs] [Times: user=0.23 sys=0.00, real=0.04 secs] 
3467.977: [GC (Allocation Failure) [PSYoungGen: 417044K->126639K(465920K)] 1176243K->955366K(1864192K), 0.0489887 secs] [Times: user=0.25 sys=0.01, real=0.05 secs] 
3468.659: [GC (Allocation Failure) [PSYoungGen: 359599K->140961K(465920K)] 1188326K->1009903K(1864192K), 0.1060315 secs] [Times: user=0.57 sys=0.00, real=0.10 secs] 
3468.902: [GC (Allocation Failure) [PSYoungGen: 373921K->175636K(465920K)] 1242863K->1089801K(1864192K), 0.0393407 secs] [Times: user=0.17 sys=0.00, real=0.04 secs] 
3469.065: [GC (Allocation Failure) [PSYoungGen: 408596K->185943K(465920K)] 1322761K->1161807K(1864192K), 0.0503796 secs] [Times: user=0.24 sys=0.00, real=0.05 secs] 
3469.275: [GC (Allocation Failure) [PSYoungGen: 418903K->186581K(465920K)] 1394767K->1221541K(1864192K), 0.0844142 secs] [Times: user=0.43 sys=0.00, real=0.09 secs] 
3470.420: [GC (Allocation Failure) [PSYoungGen: 419541K->87706K(465920K)] 1454501K->1193098K(1864192K), 0.0535661 secs] [Times: user=0.29 sys=0.00, real=0.05 secs] 
3471.074: [GC (Allocation Failure) [PSYoungGen: 320666K->176469K(465920K)] 1426058K->1310026K(1864192K), 0.0422110 secs] [Times: user=0.18 sys=0.00, real=0.04 secs] 
3471.242: [GC (Allocation Failure) [PSYoungGen: 409429K->184758K(465920K)] 1542986K->1373439K(1864192K), 0.0448410 secs] [Times: user=0.20 sys=0.00, real=0.04 secs] 
3471.401: [GC (Allocation Failure) [PSYoungGen: 417718K->187221K(465920K)] 1606399K->1431918K(1864192K), 0.0474055 secs] [Times: user=0.22 sys=0.00, real=0.05 secs] 
3472.387: [GC (Allocation Failure) [PSYoungGen: 420181K->136625K(465920K)] 1664878K->1451834K(1864192K), 0.0515716 secs] [Times: user=0.25 sys=0.01, real=0.06 secs] 
3472.438: [Full GC (Ergonomics) [PSYoungGen: 136625K->0K(465920K)] [ParOldGen: 1315209K->347464K(1398272K)] 1451834K->347464K(1864192K), [Metaspace: 60132K->60132K(1105920K)], 0.5829208 secs] [Times: user=2.55 sys=0.00, real=0.58 secs] 
3473.248: [GC (Allocation Failure) [PSYoungGen: 232960K->127407K(465920K)] 580424K->474871K(1864192K), 0.0224970 secs] [Times: user=0.09 sys=0.00, real=0.03 secs] 
3473.406: [GC (Allocation Failure) [PSYoungGen: 360367K->178933K(465920K)] 707831K->567138K(1864192K), 0.0391698 secs] [Times: user=0.17 sys=0.00, real=0.04 secs] 
3473.602: [GC (Allocation Failure) [PSYoungGen: 411893K->185687K(465920K)] 800098K->636364K(1864192K), 0.0491563 secs] [Times: user=0.23 sys=0.00, real=0.05 secs] 
3474.002: [GC (Allocation Failure) [PSYoungGen: 418647K->202997K(465920K)] 869324K->712674K(1864192K), 0.0571920 secs] [Times: user=0.29 sys=0.00, real=0.06 secs] 
3475.006: [GC (Allocation Failure) [PSYoungGen: 435957K->88778K(465920K)] 945634K->668912K(1864192K), 0.0559884 secs] [Times: user=0.30 sys=0.00, real=0.06 secs] 
3475.371: [GC (Allocation Failure) [PSYoungGen: 321738K->173237K(465920K)] 901872K->782303K(1864192K), 0.0389741 secs] [Times: user=0.16 sys=0.00, real=0.04 secs] 
3475.534: [GC (Allocation Failure) [PSYoungGen: 406197K->184406K(465920K)] 1015263K->847804K(1864192K), 0.0427992 secs] [Times: user=0.19 sys=0.00, real=0.04 secs] 
3475.693: [GC (Allocation Failure) [PSYoungGen: 417366K->187157K(465920K)] 1080764K->906443K(1864192K), 0.0458823 secs] [Times: user=0.21 sys=0.00, real=0.05 secs] 
3476.671: [GC (Allocation Failure) [PSYoungGen: 420117K->150354K(465920K)] 1139403K->940321K(1864192K), 0.0510092 secs] [Times: user=0.25 sys=0.00, real=0.05 secs] 
3478.084: [GC (Allocation Failure) [PSYoungGen: 383314K->114989K(465920K)] 1173281K->952548K(1864192K), 0.1249305 secs] [Times: user=0.70 sys=0.00, real=0.13 secs] 
3478.407: [GC (Allocation Failure) [PSYoungGen: 347949K->179061K(465920K)] 1185508K->1053584K(1864192K), 0.0374181 secs] [Times: user=0.16 sys=0.00, real=0.04 secs] 
3478.564: [GC (Allocation Failure) [PSYoungGen: 412021K->185687K(465920K)] 1286544K->1122642K(1864192K), 0.0511721 secs] [Times: user=0.24 sys=0.00, real=0.05 secs] 
3478.756: [GC (Allocation Failure) [PSYoungGen: 418647K->186741K(465920K)] 1355602K->1182624K(1864192K), 0.0649215 secs] [Times: user=0.33 sys=0.00, real=0.07 secs] 
3479.821: [GC (Allocation Failure) [PSYoungGen: 419701K->89290K(465920K)] 1415584K->1155582K(1864192K), 0.0468072 secs] [Times: user=0.24 sys=0.00, real=0.04 secs] 
3480.076: [GC (Allocation Failure) [PSYoungGen: 322250K->174293K(465920K)] 1388542K->1269653K(1864192K), 0.0456154 secs] [Times: user=0.19 sys=0.00, real=0.05 secs] 
3480.260: [GC (Allocation Failure) [PSYoungGen: 407253K->184790K(465920K)] 1502613K->1334478K(1864192K), 0.0433868 secs] [Times: user=0.20 sys=0.00, real=0.04 secs] 
3480.450: [GC (Allocation Failure) [PSYoungGen: 405400K->175509K(465920K)] 1555088K->1389390K(1864192K), 0.0534954 secs] [Times: user=0.26 sys=0.00, real=0.05 secs] 
3481.469: [GC (Allocation Failure) [PSYoungGen: 404971K->206675K(465920K)] 1618851K->1476387K(1864192K), 0.0527957 secs] [Times: user=0.25 sys=0.00, real=0.05 secs] 
3482.143: [GC (Allocation Failure) [PSYoungGen: 439635K->96379K(465920K)] 1709347K->1430820K(1864192K), 0.0984394 secs] [Times: user=0.53 sys=0.00, real=0.10 secs] 
3482.241: [Full GC (Ergonomics) [PSYoungGen: 96379K->0K(465920K)] [ParOldGen: 1334440K->113483K(1398272K)] 1430820K->113483K(1864192K), [Metaspace: 60132K->60132K(1105920K)], 0.1678004 secs] [Times: user=0.73 sys=0.00, real=0.17 secs] 
3482.555: [GC (Allocation Failure) [PSYoungGen: 232960K->182678K(465920K)] 346443K->296161K(1864192K), 0.0254322 secs] [Times: user=0.09 sys=0.00, real=0.03 secs] 
3482.733: [GC (Allocation Failure) [PSYoungGen: 415638K->184630K(465920K)] 529121K->355257K(1864192K), 0.0494266 secs] [Times: user=0.24 sys=0.00, real=0.05 secs] 
3482.906: [GC (Allocation Failure) [PSYoungGen: 417590K->186421K(465920K)] 588217K->412928K(1864192K), 0.0447470 secs] [Times: user=0.21 sys=0.00, real=0.05 secs] 
3484.073: [GC (Allocation Failure) [PSYoungGen: 419381K->95307K(465920K)] 645888K->392174K(1864192K), 0.0640833 secs] [Times: user=0.34 sys=0.00, real=0.06 secs] 
3485.902: [GC (Allocation Failure) [PSYoungGen: 328267K->166964K(465920K)] 625134K->494524K(1864192K), 0.0533805 secs] [Times: user=0.25 sys=0.00, real=0.05 secs] 
3486.089: [GC (Allocation Failure) [PSYoungGen: 399924K->183990K(465920K)] 727484K->563766K(1864192K), 0.0423583 secs] [Times: user=0.19 sys=0.00, real=0.04 secs] 
3486.280: [GC (Allocation Failure) [PSYoungGen: 416950K->185943K(465920K)] 796726K->629655K(1864192K), 0.0620830 secs] [Times: user=0.30 sys=0.00, real=0.06 secs] 
3486.478: [GC (Allocation Failure) [PSYoungGen: 418903K->216404K(465920K)] 862615K->719157K(1864192K), 0.0536479 secs] [Times: user=0.26 sys=0.00, real=0.06 secs] 
3487.660: [GC (Allocation Failure) [PSYoungGen: 449364K->84986K(465920K)] 952117K->656978K(1864192K), 0.0624399 secs] [Times: user=0.33 sys=0.01, real=0.06 secs] 
3487.952: [GC (Allocation Failure) [PSYoungGen: 317946K->182934K(465920K)] 889938K->782563K(1864192K), 0.0413653 secs] [Times: user=0.18 sys=0.00, real=0.04 secs] 
3488.111: [GC (Allocation Failure) [PSYoungGen: 415894K->184630K(465920K)] 1015523K->841051K(1864192K), 0.0443761 secs] [Times: user=0.20 sys=0.00, real=0.04 secs] 
3488.291: [GC (Allocation Failure) [PSYoungGen: 417590K->183508K(465920K)] 1074011K->895946K(1864192K), 0.0588546 secs] [Times: user=0.29 sys=0.01, real=0.06 secs] 
3489.418: [GC (Allocation Failure) [PSYoungGen: 416468K->103484K(465920K)] 1128906K->885298K(1864192K), 0.0452060 secs] [Times: user=0.24 sys=0.01, real=0.05 secs] 
3489.890: [GC (GCLocker Initiated GC) [PSYoungGen: 336444K->161683K(465920K)] 1118258K->977061K(1864192K), 0.0669763 secs] [Times: user=0.33 sys=0.01, real=0.06 secs] 
3490.107: [GC (Allocation Failure) [PSYoungGen: 394643K->181653K(465920K)] 1210024K->1047794K(1864192K), 0.0428849 secs] [Times: user=0.20 sys=0.00, real=0.05 secs] 
3490.274: [GC (Allocation Failure) [PSYoungGen: 414613K->185815K(465920K)] 1280754K->1115451K(1864192K), 0.0512586 secs] [Times: user=0.24 sys=0.00, real=0.05 secs] 
3490.442: [GC (Allocation Failure) [PSYoungGen: 418775K->186133K(465920K)] 1348411K->1174673K(1864192K), 0.0568116 secs] [Times: user=0.28 sys=0.00, real=0.06 secs] 
3493.200: [GC (Allocation Failure) [PSYoungGen: 418236K->83145K(465920K)] 1406777K->1141986K(1864192K), 0.1055385 secs] [Times: user=0.58 sys=0.01, real=0.10 secs] 
3493.564: [GC (Allocation Failure) [PSYoungGen: 316105K->178645K(465920K)] 1374946K->1264763K(1864192K), 0.0340301 secs] [Times: user=0.14 sys=0.00, real=0.03 secs] 
3493.715: [GC (Allocation Failure) [PSYoungGen: 411605K->184918K(465920K)] 1497723K->1326235K(1864192K), 0.0441861 secs] [Times: user=0.20 sys=0.00, real=0.05 secs] 
3493.895: [GC (Allocation Failure) [PSYoungGen: 417878K->186837K(465920K)] 1559195K->1384163K(1864192K), 0.0546912 secs] [Times: user=0.25 sys=0.00, real=0.06 secs] 
3494.947: [GC (Allocation Failure) [PSYoungGen: 419797K->111453K(465920K)] 1617123K->1379291K(1864192K), 0.0470518 secs] [Times: user=0.24 sys=0.00, real=0.05 secs] 
3495.348: [GC (Allocation Failure) [PSYoungGen: 344413K->152370K(465920K)] 1612251K->1456228K(1864192K), 0.0532324 secs] [Times: user=0.27 sys=0.00, real=0.06 secs] 
3495.520: [GC (Allocation Failure) [PSYoungGen: 385330K->184438K(465920K)] 1689188K->1535815K(1864192K), 0.0415306 secs] [Times: user=0.18 sys=0.00, real=0.04 secs] 
3495.562: [Full GC (Ergonomics) [PSYoungGen: 184438K->0K(465920K)] [ParOldGen: 1351377K->250172K(1398272K)] 1535815K->250172K(1864192K), [Metaspace: 60134K->60134K(1105920K)], 0.3013479 secs] [Times: user=1.40 sys=0.00, real=0.30 secs] 
3495.986: [GC (Allocation Failure) [PSYoungGen: 232960K->183702K(465920K)] 483132K->433874K(1864192K), 0.0901646 secs] [Times: user=0.48 sys=0.00, real=0.09 secs] 
3496.466: [GC (Allocation Failure) [PSYoungGen: 416662K->182292K(465920K)] 666834K->490648K(1864192K), 0.0771020 secs] [Times: user=0.40 sys=0.00, real=0.08 secs] 
3497.573: [GC (Allocation Failure) [PSYoungGen: 415252K->90746K(465920K)] 723608K->468118K(1864192K), 0.0592500 secs] [Times: user=0.31 sys=0.01, real=0.06 secs] 
3498.156: [GC (Allocation Failure) [PSYoungGen: 323706K->177589K(465920K)] 701078K->583758K(1864192K), 0.0431381 secs] [Times: user=0.18 sys=0.00, real=0.05 secs] 
3498.331: [GC (Allocation Failure) [PSYoungGen: 410549K->192950K(465920K)] 816718K->654795K(1864192K), 0.0434398 secs] [Times: user=0.19 sys=0.00, real=0.04 secs] 
3498.489: [GC (Allocation Failure) [PSYoungGen: 425910K->183988K(465920K)] 887755K->701842K(1864192K), 0.0450899 secs] [Times: user=0.21 sys=0.01, real=0.04 secs] 
3499.521: [GC (Allocation Failure) [PSYoungGen: 416948K->122095K(465920K)] 934802K->709296K(1864192K), 0.0466777 secs] [Times: user=0.24 sys=0.00, real=0.04 secs] 
3500.810: [GC (Allocation Failure) [PSYoungGen: 355055K->141489K(465920K)] 942256K->767422K(1864192K), 0.0991730 secs] [Times: user=0.53 sys=0.00, real=0.10 secs] 
3501.057: [GC (Allocation Failure) [PSYoungGen: 374449K->178933K(465920K)] 1000382K->850427K(1864192K), 0.0391398 secs] [Times: user=0.17 sys=0.00, real=0.04 secs] 
3501.228: [GC (Allocation Failure) [PSYoungGen: 411893K->185399K(465920K)] 1083387K->919173K(1864192K), 0.0491087 secs] [Times: user=0.23 sys=0.00, real=0.05 secs] 
3501.390: [GC (Allocation Failure) [PSYoungGen: 418359K->187029K(465920K)] 1152133K->979523K(1864192K), 0.0566217 secs] [Times: user=0.28 sys=0.00, real=0.05 secs] 
3502.401: [GC (Allocation Failure) [PSYoungGen: 419989K->91019K(465920K)] 1212483K->954177K(1864192K), 0.0425458 secs] [Times: user=0.22 sys=0.01, real=0.04 secs] 
3502.631: [GC (Allocation Failure) [PSYoungGen: 323979K->172340K(465920K)] 1187137K->1065043K(1864192K), 0.0405629 secs] [Times: user=0.17 sys=0.00, real=0.04 secs] 
3502.832: [GC (Allocation Failure) [PSYoungGen: 405300K->184598K(465920K)] 1298003K->1130960K(1864192K), 0.0432257 secs] [Times: user=0.19 sys=0.00, real=0.04 secs] 
3503.042: [GC (Allocation Failure) [PSYoungGen: 417558K->186933K(465920K)] 1363920K->1189387K(1864192K), 0.0462861 secs] [Times: user=0.21 sys=0.00, real=0.04 secs] 
3504.197: [GC (Allocation Failure) [PSYoungGen: 419893K->132560K(465920K)] 1422347K->1205399K(1864192K), 0.0525552 secs] [Times: user=0.22 sys=0.00, real=0.06 secs] 
3504.758: [GC (Allocation Failure) [PSYoungGen: 365520K->136032K(465920K)] 1438359K->1250910K(1864192K), 0.0632593 secs] [Times: user=0.33 sys=0.00, real=0.06 secs] 
3504.941: [GC (Allocation Failure) [PSYoungGen: 368992K->186549K(465920K)] 1483870K->1344788K(1864192K), 0.0390693 secs] [Times: user=0.17 sys=0.00, real=0.04 secs] 
3505.137: [GC (Allocation Failure) [PSYoungGen: 419509K->185367K(465920K)] 1577748K->1406058K(1864192K), 0.0570700 secs] [Times: user=0.28 sys=0.00, real=0.06 secs] 
3505.311: [GC (Allocation Failure) [PSYoungGen: 418327K->183860K(465920K)] 1639018K->1463344K(1864192K), 0.0593398 secs] [Times: user=0.30 sys=0.00, real=0.06 secs] 
3507.200: [GC (Allocation Failure) [PSYoungGen: 416820K->88042K(465920K)] 1696304K->1437006K(1864192K), 0.1084259 secs] [Times: user=0.59 sys=0.01, real=0.11 secs] 
3507.308: [Full GC (Ergonomics) [PSYoungGen: 88042K->0K(465920K)] [ParOldGen: 1348963K->91535K(1398272K)] 1437006K->91535K(1864192K), [Metaspace: 60138K->60138K(1105920K)], 0.1017306 secs] [Times: user=0.38 sys=0.00, real=0.10 secs] 
3507.712: [GC (Allocation Failure) [PSYoungGen: 232960K->177749K(465920K)] 324495K->269284K(1864192K), 0.0244369 secs] [Times: user=0.08 sys=0.00, real=0.02 secs] 
3507.855: [GC (Allocation Failure) [PSYoungGen: 410709K->184662K(465920K)] 502244K->331633K(1864192K), 0.0418629 secs] [Times: user=0.19 sys=0.00, real=0.04 secs] 
3508.010: [GC (Allocation Failure) [PSYoungGen: 417622K->187157K(465920K)] 564593K->390192K(1864192K), 0.0447096 secs] [Times: user=0.21 sys=0.00, real=0.04 secs] 
3508.959: [GC (Allocation Failure) [PSYoungGen: 420117K->139697K(465920K)] 623152K->413276K(1864192K), 0.0489826 secs] [Times: user=0.24 sys=0.00, real=0.04 secs] 
3509.435: [GC (Allocation Failure) [PSYoungGen: 372657K->125695K(465920K)] 646236K->443746K(1864192K), 0.0918696 secs] [Times: user=0.50 sys=0.00, real=0.09 secs] 
3509.650: [GC (Allocation Failure) [PSYoungGen: 358655K->178677K(465920K)] 676706K->536789K(1864192K), 0.0368393 secs] [Times: user=0.16 sys=0.00, real=0.03 secs] 
3509.838: [GC (Allocation Failure) [PSYoungGen: 411637K->185751K(465920K)] 769749K->606323K(1864192K), 0.0544467 secs] [Times: user=0.25 sys=0.01, real=0.05 secs] 
3510.201: [GC (GCLocker Initiated GC) [PSYoungGen: 418711K->185877K(465920K)] 839283K->665361K(1864192K), 0.0602276 secs] [Times: user=0.29 sys=0.00, real=0.06 secs] 
3511.294: [GC (Allocation Failure) [PSYoungGen: 418837K->87946K(465920K)] 898323K->637625K(1864192K), 0.0544890 secs] [Times: user=0.29 sys=0.00, real=0.06 secs] 
3511.733: [GC (Allocation Failure) [PSYoungGen: 320906K->178677K(465920K)] 870585K->757144K(1864192K), 0.0441287 secs] [Times: user=0.19 sys=0.00, real=0.04 secs] 
3511.938: [GC (Allocation Failure) [PSYoungGen: 411637K->184534K(465920K)] 990104K->817680K(1864192K), 0.0542095 secs] [Times: user=0.26 sys=0.00, real=0.06 secs] 
3512.116: [GC (Allocation Failure) [PSYoungGen: 417494K->187605K(465920K)] 1050640K->876784K(1864192K), 0.0455226 secs] [Times: user=0.22 sys=0.00, real=0.05 secs] 
3513.027: [GC (Allocation Failure) [PSYoungGen: 420565K->150866K(465920K)] 1109744K->910765K(1864192K), 0.0511022 secs] [Times: user=0.25 sys=0.00, real=0.06 secs] 
3514.657: [GC (Allocation Failure) [PSYoungGen: 383826K->114957K(465920K)] 1143725K->922444K(1864192K), 0.1358220 secs] [Times: user=0.76 sys=0.00, real=0.14 secs] 
3514.954: [GC (Allocation Failure) [PSYoungGen: 347917K->176084K(465920K)] 1155404K->1020616K(1864192K), 0.0370299 secs] [Times: user=0.16 sys=0.00, real=0.04 secs] 
3515.147: [GC (Allocation Failure) [PSYoungGen: 409044K->185239K(465920K)] 1253576K->1091411K(1864192K), 0.0744252 secs] [Times: user=0.37 sys=0.00, real=0.08 secs] 
3515.391: [GC (Allocation Failure) [PSYoungGen: 418199K->186261K(465920K)] 1324371K->1151209K(1864192K), 0.0739487 secs] [Times: user=0.39 sys=0.00, real=0.07 secs] 
3516.388: [GC (Allocation Failure) [PSYoungGen: 419221K->93595K(465920K)] 1384169K->1128887K(1864192K), 0.0466723 secs] [Times: user=0.25 sys=0.00, real=0.05 secs] 
3516.809: [GC (Allocation Failure) [PSYoungGen: 326513K->173589K(465920K)] 1361805K->1239010K(1864192K), 0.0620651 secs] [Times: user=0.29 sys=0.00, real=0.06 secs] 
3517.019: [GC (Allocation Failure) [PSYoungGen: 406549K->180245K(465920K)] 1471970K->1299554K(1864192K), 0.0436669 secs] [Times: user=0.20 sys=0.00, real=0.04 secs] 
3517.211: [GC (Allocation Failure) [PSYoungGen: 408204K->181910K(465920K)] 1527513K->1364051K(1864192K), 0.0554163 secs] [Times: user=0.26 sys=0.00, real=0.05 secs] 
3518.297: [GC (Allocation Failure) [PSYoungGen: 409698K->205747K(465920K)] 1591839K->1445800K(1864192K), 0.0558245 secs] [Times: user=0.28 sys=0.00, real=0.06 secs] 
3519.140: [GC (Allocation Failure) [PSYoungGen: 438707K->96139K(465920K)] 1678760K->1400720K(1864192K), 0.0861386 secs] [Times: user=0.46 sys=0.00, real=0.08 secs] 
3519.404: [GC (Allocation Failure) [PSYoungGen: 329099K->182902K(465920K)] 1633680K->1517960K(1864192K), 0.0356190 secs] [Times: user=0.14 sys=0.00, real=0.04 secs] 
3519.439: [Full GC (Ergonomics) [PSYoungGen: 182902K->0K(465920K)] [ParOldGen: 1335057K->230519K(1398272K)] 1517960K->230519K(1864192K), [Metaspace: 60142K->60142K(1105920K)], 0.2513690 secs] [Times: user=1.12 sys=0.01, real=0.25 secs] 
3519.813: [GC (Allocation Failure) [PSYoungGen: 232960K->184374K(465920K)] 463479K->414893K(1864192K), 0.0263809 secs] [Times: user=0.09 sys=0.00, real=0.03 secs] 
3519.969: [GC (Allocation Failure) [PSYoungGen: 417334K->186837K(465920K)] 647853K->473444K(1864192K), 0.0445203 secs] [Times: user=0.21 sys=0.00, real=0.04 secs] 
3521.297: [GC (Allocation Failure) [PSYoungGen: 419797K->95243K(465920K)] 706404K->452218K(1864192K), 0.0833003 secs] [Times: user=0.46 sys=0.00, real=0.09 secs] 
3522.489: [GC (Allocation Failure) [PSYoungGen: 328203K->167572K(465920K)] 685178K->555316K(1864192K), 0.0527037 secs] [Times: user=0.24 sys=0.00, real=0.05 secs] 
3522.717: [GC (Allocation Failure) [PSYoungGen: 400532K->184534K(465920K)] 788276K->624370K(1864192K), 0.0572847 secs] [Times: user=0.28 sys=0.01, real=0.06 secs] 
3522.940: [GC (Allocation Failure) [PSYoungGen: 417494K->185879K(465920K)] 857330K->690059K(1864192K), 0.0535870 secs] [Times: user=0.26 sys=0.00, real=0.05 secs] 
3523.295: [GC (Allocation Failure) [PSYoungGen: 418839K->216916K(465920K)] 923019K->780088K(1864192K), 0.0554164 secs] [Times: user=0.28 sys=0.00, real=0.06 secs] 
3524.161: [GC (Allocation Failure) [PSYoungGen: 449876K->87546K(465920K)] 1013048K->719686K(1864192K), 0.0397011 secs] [Times: user=0.20 sys=0.00, real=0.04 secs] 
3524.360: [GC (Allocation Failure) [PSYoungGen: 320506K->182774K(465920K)] 952646K->842714K(1864192K), 0.0428367 secs] [Times: user=0.18 sys=0.00, real=0.04 secs] 
3524.525: [GC (Allocation Failure) [PSYoungGen: 415734K->184854K(465920K)] 1075674K->901634K(1864192K), 0.0438119 secs] [Times: user=0.19 sys=0.00, real=0.05 secs] 
3525.055: [GC (Allocation Failure) [PSYoungGen: 417814K->186197K(465920K)] 1134594K->958969K(1864192K), 0.0802353 secs] [Times: user=0.40 sys=0.00, real=0.08 secs] 
3526.146: [GC (Allocation Failure) [PSYoungGen: 419157K->96011K(465920K)] 1191929K->939024K(1864192K), 0.0441101 secs] [Times: user=0.23 sys=0.00, real=0.05 secs] 
3526.495: [GC (GCLocker Initiated GC) [PSYoungGen: 328971K->162291K(465920K)] 1171984K->1037128K(1864192K), 0.0425982 secs] [Times: user=0.20 sys=0.00, real=0.04 secs] 
3526.657: [GC (Allocation Failure) [PSYoungGen: 395251K->183605K(465920K)] 1270090K->1108908K(1864192K), 0.0417806 secs] [Times: user=0.19 sys=0.00, real=0.05 secs] 
3526.820: [GC (Allocation Failure) [PSYoungGen: 416565K->185751K(465920K)] 1341868K->1174926K(1864192K), 0.0500719 secs] [Times: user=0.23 sys=0.00, real=0.05 secs] 
3526.986: [GC (Allocation Failure) [PSYoungGen: 418711K->186517K(465920K)] 1407886K->1234636K(1864192K), 0.0566240 secs] [Times: user=0.27 sys=0.00, real=0.06 secs] 
3529.721: [GC (Allocation Failure) [PSYoungGen: 419477K->81657K(465920K)] 1467596K->1200232K(1864192K), 0.1058600 secs] [Times: user=0.58 sys=0.01, real=0.10 secs] 
3530.049: [GC (Allocation Failure) [PSYoungGen: 314617K->179061K(465920K)] 1433192K->1323817K(1864192K), 0.0336214 secs] [Times: user=0.14 sys=0.00, real=0.03 secs] 
3530.203: [GC (Allocation Failure) [PSYoungGen: 412021K->184758K(465920K)] 1556777K->1385338K(1864192K), 0.0445516 secs] [Times: user=0.20 sys=0.00, real=0.04 secs] 
3530.364: [GC (Allocation Failure) [PSYoungGen: 417718K->186485K(465920K)] 1618298K->1442825K(1864192K), 0.0466703 secs] [Times: user=0.22 sys=0.00, real=0.05 secs] 
3531.387: [GC (Allocation Failure) [PSYoungGen: 419445K->111133K(465920K)] 1675785K->1437985K(1864192K), 0.0470067 secs] [Times: user=0.25 sys=0.00, real=0.05 secs] 
3531.434: [Full GC (Ergonomics) [PSYoungGen: 111133K->0K(465920K)] [ParOldGen: 1326852K->94848K(1398272K)] 1437985K->94848K(1864192K), [Metaspace: 60148K->60148K(1105920K)], 0.0344145 secs] [Times: user=0.10 sys=0.00, real=0.04 secs] 
3531.751: [GC (Allocation Failure) [PSYoungGen: 232960K->155442K(465920K)] 327808K->250291K(1864192K), 0.0277380 secs] [Times: user=0.10 sys=0.00, real=0.03 secs] 
3531.959: [GC (Allocation Failure) [PSYoungGen: 388402K->184278K(465920K)] 483251K->327654K(1864192K), 0.0524294 secs] [Times: user=0.24 sys=0.00, real=0.05 secs] 
3532.185: [GC (Allocation Failure) [PSYoungGen: 417238K->186039K(465920K)] 560614K->393679K(1864192K), 0.0599929 secs] [Times: user=0.30 sys=0.00, real=0.06 secs] 
3532.587: [GC (Allocation Failure) [PSYoungGen: 418999K->179188K(465920K)] 626639K->445773K(1864192K), 0.0776231 secs] [Times: user=0.40 sys=0.00, real=0.08 secs] 
3533.713: [GC (Allocation Failure) [PSYoungGen: 412148K->89690K(465920K)] 678733K->424315K(1864192K), 0.0536125 secs] [Times: user=0.29 sys=0.00, real=0.05 secs] 
3534.054: [GC (Allocation Failure) [PSYoungGen: 322650K->175125K(465920K)] 657275K->538234K(1864192K), 0.0389996 secs] [Times: user=0.17 sys=0.00, real=0.04 secs] 
3534.274: [GC (Allocation Failure) [PSYoungGen: 408085K->184246K(465920K)] 771194K->602195K(1864192K), 0.0650483 secs] [Times: user=0.31 sys=0.01, real=0.07 secs] 
3534.498: [GC (Allocation Failure) [PSYoungGen: 417206K->186997K(465920K)] 835155K->660802K(1864192K), 0.0453596 secs] [Times: user=0.21 sys=0.00, real=0.04 secs] 
3535.498: [GC (Allocation Failure) [PSYoungGen: 419957K->121711K(465920K)] 893762K->666048K(1864192K), 0.0470967 secs] [Times: user=0.24 sys=0.00, real=0.05 secs] 
3536.990: [GC (Allocation Failure) [PSYoungGen: 353533K->141041K(465920K)] 897871K->723862K(1864192K), 0.0897090 secs] [Times: user=0.48 sys=0.00, real=0.09 secs] 
3537.217: [GC (Allocation Failure) [PSYoungGen: 374001K->176116K(465920K)] 956822K->804015K(1864192K), 0.0388190 secs] [Times: user=0.17 sys=0.00, real=0.04 secs] 
3537.405: [GC (Allocation Failure) [PSYoungGen: 409076K->185783K(465920K)] 1036975K->875233K(1864192K), 0.0647649 secs] [Times: user=0.31 sys=0.01, real=0.07 secs] 
3537.634: [GC (Allocation Failure) [PSYoungGen: 418743K->186037K(465920K)] 1108193K->934567K(1864192K), 0.0769834 secs] [Times: user=0.39 sys=0.00, real=0.08 secs] 
3538.704: [GC (Allocation Failure) [PSYoungGen: 418997K->90939K(465920K)] 1167527K->909725K(1864192K), 0.0436835 secs] [Times: user=0.22 sys=0.00, real=0.04 secs] 
3538.932: [GC (Allocation Failure) [PSYoungGen: 323899K->177813K(465920K)] 1142685K->1026080K(1864192K), 0.0461090 secs] [Times: user=0.19 sys=0.00, real=0.05 secs] 
3539.116: [GC (Allocation Failure) [PSYoungGen: 410773K->181749K(465920K)] 1259040K->1085448K(1864192K), 0.0448389 secs] [Times: user=0.19 sys=0.00, real=0.05 secs] 
3539.371: [GC (Allocation Failure) [PSYoungGen: 414709K->186357K(465920K)] 1318408K->1145040K(1864192K), 0.0596988 secs] [Times: user=0.29 sys=0.00, real=0.06 secs] 
3540.551: [GC (Allocation Failure) [PSYoungGen: 419317K->135408K(465920K)] 1378000K->1164467K(1864192K), 0.0496478 secs] [Times: user=0.25 sys=0.00, real=0.05 secs] 
3541.010: [GC (Allocation Failure) [PSYoungGen: 368368K->133328K(465920K)] 1397427K->1205043K(1864192K), 0.0681017 secs] [Times: user=0.36 sys=0.00, real=0.07 secs] 
3541.198: [GC (Allocation Failure) [PSYoungGen: 366288K->178357K(465920K)] 1438003K->1292468K(1864192K), 0.0386522 secs] [Times: user=0.17 sys=0.00, real=0.03 secs] 
3541.359: [GC (Allocation Failure) [PSYoungGen: 411317K->185879K(465920K)] 1525428K->1362206K(1864192K), 0.0495382 secs] [Times: user=0.23 sys=0.00, real=0.05 secs] 
3541.523: [GC (Allocation Failure) [PSYoungGen: 418839K->183508K(465920K)] 1595166K->1418932K(1864192K), 0.0579621 secs] [Times: user=0.28 sys=0.00, real=0.06 secs] 
3543.374: [GC (GCLocker Initiated GC) [PSYoungGen: 416468K->89466K(465920K)] 1651892K->1394250K(1864192K), 0.1139632 secs] [Times: user=0.62 sys=0.00, real=0.12 secs] 
3544.258: [GC (Allocation Failure) [PSYoungGen: 322426K->174133K(465920K)] 1627341K->1507748K(1864192K), 0.0419322 secs] [Times: user=0.18 sys=0.00, real=0.05 secs] 
3544.300: [Full GC (Ergonomics) [PSYoungGen: 174133K->0K(465920K)] [ParOldGen: 1333615K->205359K(1398272K)] 1507748K->205359K(1864192K), [Metaspace: 60148K->60148K(1105920K)], 0.2010401 secs] [Times: user=0.91 sys=0.00, real=0.20 secs] 
3544.654: [GC (Allocation Failure) [PSYoungGen: 232960K->184726K(465920K)] 438319K->390085K(1864192K), 0.0275417 secs] [Times: user=0.10 sys=0.00, real=0.03 secs] 
3544.796: [GC (Allocation Failure) [PSYoungGen: 417686K->186805K(465920K)] 623045K->448124K(1864192K), 0.0437991 secs] [Times: user=0.20 sys=0.00, real=0.05 secs] 
3545.778: [GC (Allocation Failure) [PSYoungGen: 419765K->146098K(465920K)] 681084K->477865K(1864192K), 0.0495890 secs] [Times: user=0.24 sys=0.00, real=0.04 secs] 
3546.053: [GC (Allocation Failure) [PSYoungGen: 379058K->120542K(465920K)] 710825K->498630K(1864192K), 0.0767815 secs] [Times: user=0.42 sys=0.00, real=0.08 secs] 
3546.296: [GC (Allocation Failure) [PSYoungGen: 353502K->178261K(465920K)] 731590K->594657K(1864192K), 0.0376207 secs] [Times: user=0.17 sys=0.00, real=0.04 secs] 
3546.456: [GC (Allocation Failure) [PSYoungGen: 411221K->185655K(465920K)] 827617K->664411K(1864192K), 0.0496630 secs] [Times: user=0.23 sys=0.00, real=0.05 secs] 
3546.622: [GC (Allocation Failure) [PSYoungGen: 418615K->186389K(465920K)] 897371K->723977K(1864192K), 0.0574713 secs] [Times: user=0.29 sys=0.00, real=0.06 secs] 
3547.654: [GC (Allocation Failure) [PSYoungGen: 419349K->90747K(465920K)] 956937K->698647K(1864192K), 0.0448139 secs] [Times: user=0.24 sys=0.01, real=0.05 secs] 
3547.942: [GC (Allocation Failure) [PSYoungGen: 323707K->174805K(465920K)] 931607K->812338K(1864192K), 0.0339079 secs] [Times: user=0.14 sys=0.00, real=0.03 secs] 
3548.128: [GC (Allocation Failure) [PSYoungGen: 407765K->181685K(465920K)] 1045298K->873687K(1864192K), 0.0592806 secs] [Times: user=0.29 sys=0.00, real=0.06 secs] 
3548.324: [GC (Allocation Failure) [PSYoungGen: 402344K->174389K(465920K)] 1094346K->929655K(1864192K), 0.0483123 secs] [Times: user=0.22 sys=0.00, real=0.05 secs] 
3549.567: [GC (Allocation Failure) [PSYoungGen: 403286K->205171K(465920K)] 1158551K->1015716K(1864192K), 0.0530253 secs] [Times: user=0.26 sys=0.01, real=0.06 secs] 
3550.441: [GC (Allocation Failure) [PSYoungGen: 438131K->99051K(465920K)] 1248676K->974101K(1864192K), 0.0849090 secs] [Times: user=0.45 sys=0.01, real=0.08 secs] 
3550.703: [GC (Allocation Failure) [PSYoungGen: 332011K->180790K(465920K)] 1207061K->1087808K(1864192K), 0.0356264 secs] [Times: user=0.15 sys=0.00, real=0.04 secs] 
3550.879: [GC (Allocation Failure) [PSYoungGen: 413750K->181685K(465920K)] 1320768K->1144736K(1864192K), 0.0587133 secs] [Times: user=0.27 sys=0.00, real=0.05 secs] 
3551.111: [GC (Allocation Failure) [PSYoungGen: 414645K->186325K(465920K)] 1377696K->1204591K(1864192K), 0.0680632 secs] [Times: user=0.32 sys=0.00, real=0.07 secs] 
3552.150: [GC (GCLocker Initiated GC) [PSYoungGen: 419285K->99532K(465920K)] 1437551K->1188110K(1864192K), 0.0453609 secs] [Times: user=0.24 sys=0.00, real=0.04 secs] 
3552.323: [GC (Allocation Failure) [PSYoungGen: 332492K->171380K(465920K)] 1421201K->1292647K(1864192K), 0.0420081 secs] [Times: user=0.19 sys=0.00, real=0.04 secs] 
3552.507: [GC (Allocation Failure) [PSYoungGen: 404340K->182133K(465920K)] 1525607K->1356632K(1864192K), 0.0488460 secs] [Times: user=0.23 sys=0.00, real=0.05 secs] 
3552.700: [GC (Allocation Failure) [PSYoungGen: 415093K->179478K(465920K)] 1589592K->1417504K(1864192K), 0.0511046 secs] [Times: user=0.23 sys=0.00, real=0.05 secs] 
3553.421: [GC (Allocation Failure) [PSYoungGen: 412438K->217973K(465920K)] 1650464K->1512631K(1864192K), 0.0751751 secs] [Times: user=0.39 sys=0.00, real=0.07 secs] 
3554.820: [GC (Allocation Failure) [PSYoungGen: 450933K->83593K(465920K)] 1745591K->1447956K(1864192K), 0.0866331 secs] [Times: user=0.46 sys=0.02, real=0.08 secs] 
3554.907: [Full GC (Ergonomics) [PSYoungGen: 83593K->0K(465920K)] [ParOldGen: 1364362K->101272K(1398272K)] 1447956K->101272K(1864192K), [Metaspace: 60148K->60148K(1105920K)], 0.1418038 secs] [Times: user=0.59 sys=0.00, real=0.15 secs] 
3555.348: [GC (Allocation Failure) [PSYoungGen: 232960K->179637K(465920K)] 334232K->280910K(1864192K), 0.0253949 secs] [Times: user=0.08 sys=0.00, real=0.03 secs] 
3555.496: [GC (Allocation Failure) [PSYoungGen: 412597K->184950K(465920K)] 513870K->342350K(1864192K), 0.0410959 secs] [Times: user=0.18 sys=0.00, real=0.04 secs] 
3555.657: [GC (Allocation Failure) [PSYoungGen: 417910K->186773K(465920K)] 575310K->400390K(1864192K), 0.0445070 secs] [Times: user=0.20 sys=0.00, real=0.05 secs] 
3556.699: [GC (Allocation Failure) [PSYoungGen: 419733K->103260K(465920K)] 633350K->387205K(1864192K), 0.0477613 secs] [Times: user=0.25 sys=0.00, real=0.04 secs] 
3557.909: [GC (Allocation Failure) [PSYoungGen: 336220K->159187K(465920K)] 620165K->476180K(1864192K), 0.0610821 secs] [Times: user=0.29 sys=0.00, real=0.06 secs] 
3558.107: [GC (Allocation Failure) [PSYoungGen: 392147K->184054K(465920K)] 709140K->550683K(1864192K), 0.0425788 secs] [Times: user=0.19 sys=0.01, real=0.05 secs] 
3558.299: [GC (Allocation Failure) [PSYoungGen: 417014K->185975K(465920K)] 783643K->616501K(1864192K), 0.0565408 secs] [Times: user=0.27 sys=0.00, real=0.05 secs] 
3558.497: [GC (Allocation Failure) [PSYoungGen: 418935K->186901K(465920K)] 849461K->676475K(1864192K), 0.0609159 secs] [Times: user=0.31 sys=0.00, real=0.06 secs] 
3559.597: [GC (Allocation Failure) [PSYoungGen: 419861K->84618K(465920K)] 909435K->644911K(1864192K), 0.0405873 secs] [Times: user=0.21 sys=0.00, real=0.04 secs] 
3559.796: [GC (Allocation Failure) [PSYoungGen: 317578K->181174K(465920K)] 877871K->768272K(1864192K), 0.0394669 secs] [Times: user=0.17 sys=0.00, real=0.04 secs] 
3559.972: [GC (Allocation Failure) [PSYoungGen: 414134K->184886K(465920K)] 1001232K->828400K(1864192K), 0.0438861 secs] [Times: user=0.20 sys=0.00, real=0.04 secs] 
3560.521: [GC (Allocation Failure) [PSYoungGen: 417846K->183412K(465920K)] 1061360K->883038K(1864192K), 0.0610583 secs] [Times: user=0.28 sys=0.01, real=0.06 secs] 
3561.751: [GC (Allocation Failure) [PSYoungGen: 416372K->113341K(465920K)] 1115998K->882176K(1864192K), 0.0463714 secs] [Times: user=0.24 sys=0.00, real=0.04 secs] 
3562.153: [GC (Allocation Failure) [PSYoungGen: 346301K->157075K(465920K)] 1115136K->962838K(1864192K), 0.0791177 secs] [Times: user=0.41 sys=0.00, real=0.08 secs] 
3562.429: [GC (Allocation Failure) [PSYoungGen: 390035K->181045K(465920K)] 1195798K->1035712K(1864192K), 0.0547399 secs] [Times: user=0.25 sys=0.00, real=0.05 secs] 
3562.653: [GC (Allocation Failure) [PSYoungGen: 414005K->185847K(465920K)] 1268672K->1104274K(1864192K), 0.0636924 secs] [Times: user=0.32 sys=0.00, real=0.06 secs] 
3562.836: [GC (Allocation Failure) [PSYoungGen: 418807K->186613K(465920K)] 1337234K->1163832K(1864192K), 0.0563023 secs] [Times: user=0.27 sys=0.01, real=0.06 secs] 
3564.671: [GC (Allocation Failure) [PSYoungGen: 419573K->85610K(465920K)] 1396792K->1133273K(1864192K), 0.1225851 secs] [Times: user=0.68 sys=0.00, real=0.12 secs] 
3565.276: [GC (Allocation Failure) [PSYoungGen: 318570K->177685K(465920K)] 1366233K->1252705K(1864192K), 0.0341280 secs] [Times: user=0.14 sys=0.00, real=0.04 secs] 
3565.429: [GC (Allocation Failure) [PSYoungGen: 410645K->184982K(465920K)] 1485665K->1315606K(1864192K), 0.0432706 secs] [Times: user=0.19 sys=0.00, real=0.04 secs] 
3565.585: [GC (Allocation Failure) [PSYoungGen: 417942K->187221K(465920K)] 1548566K->1373845K(1864192K), 0.0456162 secs] [Times: user=0.21 sys=0.00, real=0.05 secs] 
3566.596: [GC (Allocation Failure) [PSYoungGen: 420181K->115982K(465920K)] 1606805K->1373270K(1864192K), 0.0472412 secs] [Times: user=0.24 sys=0.00, real=0.05 secs] 
3566.832: [GC (Allocation Failure) [PSYoungGen: 348942K->149105K(465920K)] 1606230K->1443137K(1864192K), 0.0664917 secs] [Times: user=0.34 sys=0.00, real=0.07 secs] 
3567.052: [GC (Allocation Failure) [PSYoungGen: 382065K->183669K(465920K)] 1676097K->1524310K(1864192K), 0.0540186 secs] [Times: user=0.25 sys=0.00, real=0.05 secs] 
3567.106: [Full GC (Ergonomics) [PSYoungGen: 183669K->0K(465920K)] [ParOldGen: 1340640K->247640K(1398272K)] 1524310K->247640K(1864192K), [Metaspace: 60149K->60149K(1105920K)], 0.2831907 secs] [Times: user=1.28 sys=0.00, real=0.29 secs] 
3567.508: [GC (Allocation Failure) [PSYoungGen: 232960K->185847K(465920K)] 480600K->433487K(1864192K), 0.0898211 secs] [Times: user=0.47 sys=0.00, real=0.08 secs] 
3568.211: [GC (Allocation Failure) [PSYoungGen: 418747K->181780K(465920K)] 666387K->488380K(1864192K), 0.0830917 secs] [Times: user=0.42 sys=0.00, real=0.08 secs] 
3569.643: [GC (Allocation Failure) [PSYoungGen: 414740K->90826K(465920K)] 721340K->466323K(1864192K), 0.0923319 secs] [Times: user=0.50 sys=0.00, real=0.09 secs] 
3570.156: [GC (Allocation Failure) [PSYoungGen: 323786K->174677K(465920K)] 699283K->579346K(1864192K), 0.0409371 secs] [Times: user=0.18 sys=0.01, real=0.04 secs] 
3570.325: [GC (Allocation Failure) [PSYoungGen: 407637K->184566K(465920K)] 812306K->644283K(1864192K), 0.0428113 secs] [Times: user=0.19 sys=0.00, real=0.05 secs] 
3570.486: [GC (Allocation Failure) [PSYoungGen: 417526K->187285K(465920K)] 877243K->702770K(1864192K), 0.0454146 secs] [Times: user=0.21 sys=0.01, real=0.05 secs] 
3571.857: [GC (Allocation Failure) [PSYoungGen: 420245K->126383K(465920K)] 935730K->712501K(1864192K), 0.0475042 secs] [Times: user=0.24 sys=0.00, real=0.05 secs] 
3572.666: [GC (Allocation Failure) [PSYoungGen: 357708K->141329K(465920K)] 943825K->767498K(1864192K), 0.0970774 secs] [Times: user=0.52 sys=0.00, real=0.10 secs] 
3572.962: [GC (Allocation Failure) [PSYoungGen: 374289K->178517K(465920K)] 1000458K->850287K(1864192K), 0.0443129 secs] [Times: user=0.20 sys=0.00, real=0.04 secs] 
3573.124: [GC (Allocation Failure) [PSYoungGen: 411477K->180118K(465920K)] 1083247K->914004K(1864192K), 0.0486118 secs] [Times: user=0.22 sys=0.00, real=0.05 secs] 
3573.288: [GC (Allocation Failure) [PSYoungGen: 413078K->186581K(465920K)] 1146964K->978147K(1864192K), 0.0570548 secs] [Times: user=0.28 sys=0.00, real=0.05 secs] 
3574.277: [GC (Allocation Failure) [PSYoungGen: 419541K->96779K(465920K)] 1211107K->958873K(1864192K), 0.0436781 secs] [Times: user=0.22 sys=0.01, real=0.05 secs] 
3574.566: [GC (Allocation Failure) [PSYoungGen: 329739K->177717K(465920K)] 1191833K->1070852K(1864192K), 0.0474211 secs] [Times: user=0.20 sys=0.00, real=0.05 secs] 
3574.755: [GC (Allocation Failure) [PSYoungGen: 410677K->184278K(465920K)] 1303812K->1133113K(1864192K), 0.0447710 secs] [Times: user=0.20 sys=0.00, real=0.05 secs] 
3574.914: [GC (Allocation Failure) [PSYoungGen: 417238K->183316K(465920K)] 1366073K->1188008K(1864192K), 0.0463199 secs] [Times: user=0.22 sys=0.00, real=0.05 secs] 
3575.982: [GC (Allocation Failure) [PSYoungGen: 416276K->132880K(465920K)] 1420968K->1206819K(1864192K), 0.0514134 secs] [Times: user=0.25 sys=0.00, real=0.05 secs] 
3576.356: [GC (Allocation Failure) [PSYoungGen: 365840K->137840K(465920K)] 1439779K->1254019K(1864192K), 0.1001920 secs] [Times: user=0.54 sys=0.01, real=0.10 secs] 
3576.598: [GC (Allocation Failure) [PSYoungGen: 370800K->178453K(465920K)] 1486979K->1338393K(1864192K), 0.0402475 secs] [Times: user=0.18 sys=0.00, real=0.04 secs] 
3576.758: [GC (Allocation Failure) [PSYoungGen: 411413K->185847K(465920K)] 1571353K->1408359K(1864192K), 0.0501016 secs] [Times: user=0.23 sys=0.00, real=0.05 secs] 
3576.939: [GC (Allocation Failure) [PSYoungGen: 418807K->181076K(465920K)] 1641319K->1462548K(1864192K), 0.0696124 secs] [Times: user=0.36 sys=0.00, real=0.07 secs] 
3578.680: [GC (GCLocker Initiated GC) [PSYoungGen: 414036K->89610K(465920K)] 1695509K->1439267K(1864192K), 0.1221313 secs] [Times: user=0.68 sys=0.00, real=0.12 secs] 
3578.802: [Full GC (Ergonomics) [PSYoungGen: 89610K->0K(465920K)] [ParOldGen: 1349656K->92760K(1398272K)] 1439267K->92760K(1864192K), [Metaspace: 60161K->60161K(1105920K)], 0.1051649 secs] [Times: user=0.40 sys=0.01, real=0.10 secs] 
3579.360: [GC (Allocation Failure) [PSYoungGen: 232960K->178197K(465920K)] 325886K->271124K(1864192K), 0.0302530 secs] [Times: user=0.11 sys=0.00, real=0.03 secs] 
3579.559: [GC (Allocation Failure) [PSYoungGen: 411157K->184246K(465920K)] 504084K->332672K(1864192K), 0.0522163 secs] [Times: user=0.25 sys=0.00, real=0.05 secs] 
3579.750: [GC (Allocation Failure) [PSYoungGen: 417206K->184628K(465920K)] 565632K->388911K(1864192K), 0.0502012 secs] [Times: user=0.24 sys=0.00, real=0.05 secs] 
3580.714: [GC (Allocation Failure) [PSYoungGen: 417588K->142065K(465920K)] 621871K->416028K(1864192K), 0.0488085 secs] [Times: user=0.24 sys=0.00, real=0.05 secs] 
3581.025: [GC (GCLocker Initiated GC) [PSYoungGen: 375025K->127359K(465920K)] 648989K->446314K(1864192K), 0.0957242 secs] [Times: user=0.52 sys=0.00, real=0.10 secs] 
3581.332: [GC (Allocation Failure) [PSYoungGen: 360319K->178005K(465920K)] 679441K->537264K(1864192K), 0.0390720 secs] [Times: user=0.17 sys=0.00, real=0.04 secs] 
3581.491: [GC (Allocation Failure) [PSYoungGen: 410965K->185847K(465920K)] 770224K->615782K(1864192K), 0.0490442 secs] [Times: user=0.23 sys=0.00, real=0.05 secs] 
3581.653: [GC (Allocation Failure) [PSYoungGen: 418807K->186741K(465920K)] 848742K->675720K(1864192K), 0.0577853 secs] [Times: user=0.29 sys=0.00, real=0.06 secs] 
3582.716: [GC (Allocation Failure) [PSYoungGen: 419701K->88842K(465920K)] 908680K->648037K(1864192K), 0.0433101 secs] [Times: user=0.22 sys=0.00, real=0.05 secs] 
3583.076: [GC (Allocation Failure) [PSYoungGen: 321802K->175797K(465920K)] 880997K->763713K(1864192K), 0.0517912 secs] [Times: user=0.22 sys=0.00, real=0.05 secs] 
3583.340: [GC (Allocation Failure) [PSYoungGen: 408757K->184694K(465920K)] 996673K->827326K(1864192K), 0.0476259 secs] [Times: user=0.22 sys=0.00, real=0.04 secs] 
3583.502: [GC (Allocation Failure) [PSYoungGen: 417654K->186965K(465920K)] 1060286K->885629K(1864192K), 0.0454854 secs] [Times: user=0.21 sys=0.00, real=0.04 secs] 
3584.442: [GC (Allocation Failure) [PSYoungGen: 419925K->147058K(465920K)] 1118589K->916250K(1864192K), 0.0510755 secs] [Times: user=0.25 sys=0.00, real=0.05 secs] 
3586.535: [GC (Allocation Failure) [PSYoungGen: 380018K->114957K(465920K)] 1149210K->930733K(1864192K), 0.1653029 secs] [Times: user=0.93 sys=0.00, real=0.17 secs] 
3586.858: [GC (Allocation Failure) [PSYoungGen: 347917K->178581K(465920K)] 1163693K->1031122K(1864192K), 0.0372013 secs] [Times: user=0.16 sys=0.00, real=0.03 secs] 
3587.016: [GC (Allocation Failure) [PSYoungGen: 411541K->185495K(465920K)] 1264082K->1100324K(1864192K), 0.0499960 secs] [Times: user=0.23 sys=0.00, real=0.05 secs] 
3587.179: [GC (Allocation Failure) [PSYoungGen: 418455K->186773K(465920K)] 1333284K->1160338K(1864192K), 0.0583079 secs] [Times: user=0.29 sys=0.00, real=0.05 secs] 
3588.251: [GC (Allocation Failure) [PSYoungGen: 419733K->93419K(465920K)] 1393298K->1137496K(1864192K), 0.0457604 secs] [Times: user=0.24 sys=0.00, real=0.04 secs] 
3588.597: [GC (Allocation Failure) [PSYoungGen: 326379K->170036K(465920K)] 1370456K->1244538K(1864192K), 0.0410508 secs] [Times: user=0.19 sys=0.00, real=0.04 secs] 
3588.781: [GC (Allocation Failure) [PSYoungGen: 402996K->184598K(465920K)] 1477498K->1312336K(1864192K), 0.0483300 secs] [Times: user=0.23 sys=0.00, real=0.05 secs] 
3588.959: [GC (Allocation Failure) [PSYoungGen: 409356K->177206K(465920K)] 1537094K->1369224K(1864192K), 0.0494917 secs] [Times: user=0.23 sys=0.00, real=0.05 secs] 
3589.869: [GC (Allocation Failure) [PSYoungGen: 410166K->207207K(465920K)] 1602184K->1455417K(1864192K), 0.0502964 secs] [Times: user=0.24 sys=0.00, real=0.05 secs] 
3590.511: [GC (Allocation Failure) [PSYoungGen: 440167K->99627K(465920K)] 1688377K->1412390K(1864192K), 0.0955109 secs] [Times: user=0.52 sys=0.00, real=0.09 secs] 
3590.607: [Full GC (Ergonomics) [PSYoungGen: 99627K->0K(465920K)] [ParOldGen: 1312762K->117460K(1398272K)] 1412390K->117460K(1864192K), [Metaspace: 60161K->60161K(1105920K)], 0.1718130 secs] [Times: user=0.76 sys=0.00, real=0.18 secs] 
3590.951: [GC (Allocation Failure) [PSYoungGen: 232960K->180085K(465920K)] 350420K->297546K(1864192K), 0.0250606 secs] [Times: user=0.08 sys=0.00, real=0.02 secs] 
3591.100: [GC (Allocation Failure) [PSYoungGen: 413045K->184534K(465920K)] 530506K->358326K(1864192K), 0.0413446 secs] [Times: user=0.18 sys=0.00, real=0.04 secs] 
3591.255: [GC (Allocation Failure) [PSYoungGen: 417494K->186837K(465920K)] 591286K->416549K(1864192K), 0.0444236 secs] [Times: user=0.21 sys=0.00, real=0.05 secs] 
3592.712: [GC (Allocation Failure) [PSYoungGen: 419797K->93755K(465920K)] 649509K->393884K(1864192K), 0.1160913 secs] [Times: user=0.63 sys=0.00, real=0.11 secs] 
3593.975: [GC (Allocation Failure) [PSYoungGen: 326715K->169620K(465920K)] 626844K->500478K(1864192K), 0.0519867 secs] [Times: user=0.24 sys=0.00, real=0.05 secs] 
3594.155: [GC (Allocation Failure) [PSYoungGen: 402580K->183573K(465920K)] 733438K->567251K(1864192K), 0.0420457 secs] [Times: user=0.19 sys=0.00, real=0.04 secs] 
3594.316: [GC (Allocation Failure) [PSYoungGen: 416533K->186295K(465920K)] 800211K->634012K(1864192K), 0.0495692 secs] [Times: user=0.23 sys=0.00, real=0.05 secs] 
3594.603: [GC (Allocation Failure) [PSYoungGen: 417972K->214036K(465920K)] 865690K->720842K(1864192K), 0.0544965 secs] [Times: user=0.27 sys=0.00, real=0.05 secs] 
3595.670: [GC (Allocation Failure) [PSYoungGen: 446996K->86666K(465920K)] 953802K->661608K(1864192K), 0.0572835 secs] [Times: user=0.31 sys=0.00, real=0.05 secs] 
3595.884: [GC (Allocation Failure) [PSYoungGen: 319626K->183062K(465920K)] 894568K->785832K(1864192K), 0.0338692 secs] [Times: user=0.14 sys=0.00, real=0.03 secs] 
3596.058: [GC (Allocation Failure) [PSYoungGen: 416022K->185014K(465920K)] 1018792K->844700K(1864192K), 0.0486251 secs] [Times: user=0.23 sys=0.00, real=0.04 secs] 
3596.238: [GC (Allocation Failure) [PSYoungGen: 417974K->186453K(465920K)] 1077660K->902203K(1864192K), 0.0455046 secs] [Times: user=0.21 sys=0.00, real=0.05 secs] 
3597.301: [GC (Allocation Failure) [PSYoungGen: 419413K->98379K(465920K)] 1135163K->884570K(1864192K), 0.0483497 secs] [Times: user=0.25 sys=0.00, real=0.05 secs] 
3597.613: [GC (Allocation Failure) [PSYoungGen: 331339K->166004K(465920K)] 1117530K->984539K(1864192K), 0.0634943 secs] [Times: user=0.31 sys=0.00, real=0.06 secs] 
3597.847: [GC (Allocation Failure) [PSYoungGen: 398964K->184117K(465920K)] 1217499K->1054296K(1864192K), 0.0428628 secs] [Times: user=0.19 sys=0.00, real=0.05 secs] 
3598.010: [GC (Allocation Failure) [PSYoungGen: 417077K->185943K(465920K)] 1287256K->1120226K(1864192K), 0.0508171 secs] [Times: user=0.23 sys=0.00, real=0.05 secs] 
3598.285: [GC (Allocation Failure) [PSYoungGen: 418903K->202453K(465920K)] 1353186K->1195736K(1864192K), 0.0588500 secs] [Times: user=0.29 sys=0.00, real=0.06 secs] 
3600.340: [GC (Allocation Failure) [PSYoungGen: 435413K->82297K(465920K)] 1428696K->1145836K(1864192K), 0.0979793 secs] [Times: user=0.54 sys=0.01, real=0.09 secs] 
3600.825: [GC (Allocation Failure) [PSYoungGen: 315257K->178549K(465920K)] 1378796K->1268449K(1864192K), 0.0435496 secs] [Times: user=0.19 sys=0.00, real=0.05 secs] 
3600.991: [GC (Allocation Failure) [PSYoungGen: 411509K->184662K(465920K)] 1501409K->1330066K(1864192K), 0.0460608 secs] [Times: user=0.21 sys=0.00, real=0.04 secs] 
3601.151: [GC (Allocation Failure) [PSYoungGen: 417622K->184501K(465920K)] 1563026K->1385929K(1864192K), 0.0481405 secs] [Times: user=0.23 sys=0.00, real=0.05 secs] 
3602.202: [GC (Allocation Failure) [PSYoungGen: 417461K->109309K(465920K)] 1618889K->1380377K(1864192K), 0.0484507 secs] [Times: user=0.25 sys=0.01, real=0.05 secs] 
3602.650: [GC (Allocation Failure) [PSYoungGen: 342269K->158739K(465920K)] 1613337K->1465080K(1864192K), 0.0920656 secs] [Times: user=0.47 sys=0.00, real=0.09 secs] 
3602.951: [GC (Allocation Failure) [PSYoungGen: 391699K->180181K(465920K)] 1698040K->1536146K(1864192K), 0.0461133 secs] [Times: user=0.21 sys=0.01, real=0.04 secs] 
3602.997: [Full GC (Ergonomics) [PSYoungGen: 180181K->0K(465920K)] [ParOldGen: 1355965K->248444K(1398272K)] 1536146K->248444K(1864192K), [Metaspace: 60285K->60285K(1105920K)], 0.2982961 secs] [Times: user=1.37 sys=0.00, real=0.30 secs] 
3603.417: [GC (Allocation Failure) [PSYoungGen: 232960K->185783K(465920K)] 481404K->434227K(1864192K), 0.0841124 secs] [Times: user=0.44 sys=0.00, real=0.09 secs] 
3603.614: [GC (Allocation Failure) [PSYoungGen: 418743K->186933K(465920K)] 667187K->494601K(1864192K), 0.0564451 secs] [Times: user=0.28 sys=0.00, real=0.06 secs] 
3604.700: [GC (Allocation Failure) [PSYoungGen: 419775K->89402K(465920K)] 727444K->467587K(1864192K), 0.0717277 secs] [Times: user=0.39 sys=0.00, real=0.07 secs] 
3605.119: [GC (Allocation Failure) [PSYoungGen: 322362K->178069K(465920K)] 700547K->584659K(1864192K), 0.0332558 secs] [Times: user=0.13 sys=0.00, real=0.03 secs] 
3605.300: [GC (Allocation Failure) [PSYoungGen: 411029K->184886K(465920K)] 817619K->647295K(1864192K), 0.0476938 secs] [Times: user=0.22 sys=0.00, real=0.04 secs] 
3605.497: [GC (Allocation Failure) [PSYoungGen: 417846K->183476K(465920K)] 880255K->701998K(1864192K), 0.0656237 secs] [Times: user=0.32 sys=0.00, real=0.07 secs] 
3606.590: [GC (Allocation Failure) [PSYoungGen: 416436K->115742K(465920K)] 934958K->703479K(1864192K), 0.0586269 secs] [Times: user=0.31 sys=0.00, real=0.06 secs] 
3608.169: [GC (Allocation Failure) [PSYoungGen: 348702K->147857K(465920K)] 936439K->772456K(1864192K), 0.0961104 secs] [Times: user=0.51 sys=0.00, real=0.09 secs] 
3608.421: [GC (Allocation Failure) [PSYoungGen: 380817K->181301K(465920K)] 1005416K->852020K(1864192K), 0.0400935 secs] [Times: user=0.17 sys=0.00, real=0.04 secs] 
3608.589: [GC (Allocation Failure) [PSYoungGen: 414261K->185623K(465920K)] 1084980K->919845K(1864192K), 0.0499173 secs] [Times: user=0.23 sys=0.00, real=0.05 secs] 
3608.784: [GC (Allocation Failure) [PSYoungGen: 418583K->186741K(465920K)] 1152805K->979651K(1864192K), 0.0772380 secs] [Times: user=0.39 sys=0.00, real=0.08 secs] 
3609.877: [GC (Allocation Failure) [PSYoungGen: 419701K->91947K(465920K)] 1212611K->955425K(1864192K), 0.0667756 secs] [Times: user=0.36 sys=0.00, real=0.07 secs] 
3610.231: [GC (Allocation Failure) [PSYoungGen: 324907K->171412K(465920K)] 1188385K->1064820K(1864192K), 0.0437423 secs] [Times: user=0.19 sys=0.00, real=0.04 secs] 
3610.500: [GC (Allocation Failure) [PSYoungGen: 404372K->184278K(465920K)] 1297780K->1130977K(1864192K), 0.0581604 secs] [Times: user=0.28 sys=0.00, real=0.05 secs] 
3610.679: [GC (Allocation Failure) [PSYoungGen: 417238K->187349K(465920K)] 1363937K->1189968K(1864192K), 0.0457710 secs] [Times: user=0.21 sys=0.00, real=0.04 secs] 
3612.616: [GC (Allocation Failure) [PSYoungGen: 420309K->126447K(465920K)] 1422928K->1199739K(1864192K), 0.0482357 secs] [Times: user=0.24 sys=0.00, real=0.05 secs] 
3612.916: [GC (GCLocker Initiated GC) [PSYoungGen: 359407K->143585K(465920K)] 1432699K->1257092K(1864192K), 0.0930813 secs] [Times: user=0.49 sys=0.00, real=0.10 secs] 
3613.234: [GC (Allocation Failure) [PSYoungGen: 376545K->175828K(465920K)] 1490055K->1334452K(1864192K), 0.0408062 secs] [Times: user=0.18 sys=0.00, real=0.04 secs] 
3613.437: [GC (Allocation Failure) [PSYoungGen: 408788K->185719K(465920K)] 1567412K->1406466K(1864192K), 0.0503853 secs] [Times: user=0.24 sys=0.00, real=0.05 secs] 
3613.601: [GC (Allocation Failure) [PSYoungGen: 418679K->183540K(465920K)] 1639426K->1463264K(1864192K), 0.0583868 secs] [Times: user=0.28 sys=0.01, real=0.06 secs] 
3615.101: [GC (Allocation Failure) [PSYoungGen: 416500K->96235K(465920K)] 1696224K->1445379K(1864192K), 0.1224644 secs] [Times: user=0.67 sys=0.00, real=0.12 secs] 
3615.223: [Full GC (Ergonomics) [PSYoungGen: 96235K->0K(465920K)] [ParOldGen: 1349143K->100206K(1398272K)] 1445379K->100206K(1864192K), [Metaspace: 60287K->60287K(1105920K)], 0.1166893 secs] [Times: user=0.46 sys=0.01, real=0.12 secs] 
3615.867: [GC (Allocation Failure) [PSYoungGen: 232960K->173172K(465920K)] 333166K->273379K(1864192K), 0.0273106 secs] [Times: user=0.10 sys=0.00, real=0.03 secs] 
3616.070: [GC (Allocation Failure) [PSYoungGen: 406132K->184566K(465920K)] 506339K->339076K(1864192K), 0.0640339 secs] [Times: user=0.31 sys=0.00, real=0.06 secs] 
3616.325: [GC (Allocation Failure) [PSYoungGen: 417526K->186389K(465920K)] 572036K->397012K(1864192K), 0.0545692 secs] [Times: user=0.27 sys=0.00, real=0.06 secs] 
3617.309: [GC (Allocation Failure) [PSYoungGen: 419349K->136241K(465920K)] 629972K->417159K(1864192K), 0.0485326 secs] [Times: user=0.24 sys=0.00, real=0.04 secs] 
3617.762: [GC (Allocation Failure) [PSYoungGen: 369192K->133696K(465920K)] 650111K->458030K(1864192K), 0.1342561 secs] [Times: user=0.74 sys=0.00, real=0.13 secs] 
3618.052: [GC (Allocation Failure) [PSYoungGen: 366656K->174260K(465920K)] 690990K->541648K(1864192K), 0.0376742 secs] [Times: user=0.16 sys=0.00, real=0.04 secs] 
3618.212: [GC (Allocation Failure) [PSYoungGen: 407220K->185527K(465920K)] 774608K->613751K(1864192K), 0.0480522 secs] [Times: user=0.22 sys=0.00, real=0.05 secs] 
3618.374: [GC (Allocation Failure) [PSYoungGen: 418487K->182644K(465920K)] 846711K->669868K(1864192K), 0.0568427 secs] [Times: user=0.28 sys=0.00, real=0.06 secs] 
3619.692: [GC (Allocation Failure) [PSYoungGen: 415604K->95835K(465920K)] 902828K->652087K(1864192K), 0.0430450 secs] [Times: user=0.22 sys=0.00, real=0.04 secs] 
3620.109: [GC (Allocation Failure) [PSYoungGen: 328795K->176789K(465920K)] 885047K->763674K(1864192K), 0.0442522 secs] [Times: user=0.19 sys=0.00, real=0.04 secs] 
3620.288: [GC (Allocation Failure) [PSYoungGen: 409749K->184566K(465920K)] 996634K->826858K(1864192K), 0.0436613 secs] [Times: user=0.20 sys=0.00, real=0.05 secs] 
3620.473: [GC (Allocation Failure) [PSYoungGen: 417526K->186901K(465920K)] 1059818K->885338K(1864192K), 0.0508842 secs] [Times: user=0.24 sys=0.00, real=0.05 secs] 
3621.476: [GC (Allocation Failure) [PSYoungGen: 419861K->141713K(465920K)] 1118298K->910682K(1864192K), 0.0498424 secs] [Times: user=0.24 sys=0.00, real=0.05 secs] 
3623.551: [GC (Allocation Failure) [PSYoungGen: 374673K->116878K(465920K)] 1143642K->930910K(1864192K), 0.1315819 secs] [Times: user=0.72 sys=0.01, real=0.13 secs] 
3623.840: [GC (Allocation Failure) [PSYoungGen: 349838K->178773K(465920K)] 1163870K->1030735K(1864192K), 0.0374339 secs] [Times: user=0.16 sys=0.00, real=0.03 secs] 
3624.042: [GC (Allocation Failure) [PSYoungGen: 411733K->184631K(465920K)] 1263695K->1098985K(1864192K), 0.0729490 secs] [Times: user=0.37 sys=0.00, real=0.07 secs] 
3624.279: [GC (Allocation Failure) [PSYoungGen: 417591K->184212K(465920K)] 1331945K->1157182K(1864192K), 0.0780160 secs] [Times: user=0.41 sys=0.00, real=0.07 secs] 
3625.318: [GC (Allocation Failure) [PSYoungGen: 417172K->96459K(465920K)] 1390142K->1138921K(1864192K), 0.0612623 secs] [Times: user=0.32 sys=0.00, real=0.07 secs] 
3625.705: [GC (Allocation Failure) [PSYoungGen: 329419K->170644K(465920K)] 1371881K->1244467K(1864192K), 0.0608112 secs] [Times: user=0.29 sys=0.00, real=0.06 secs] 
3625.963: [GC (Allocation Failure) [PSYoungGen: 403604K->184566K(465920K)] 1477427K->1311769K(1864192K), 0.0584412 secs] [Times: user=0.28 sys=0.00, real=0.06 secs] 
3626.191: [GC (Allocation Failure) [PSYoungGen: 410016K->175509K(465920K)] 1537219K->1366912K(1864192K), 0.0695866 secs] [Times: user=0.34 sys=0.00, real=0.07 secs] 
3627.208: [GC (Allocation Failure) [PSYoungGen: 408469K->169331K(465920K)] 1599872K->1416530K(1864192K), 0.0577020 secs] [Times: user=0.27 sys=0.00, real=0.06 secs] 
3627.775: [GC (Allocation Failure) [PSYoungGen: 402291K->104012K(465920K)] 1649490K->1415867K(1864192K), 0.0749225 secs] [Times: user=0.40 sys=0.00, real=0.08 secs] 
3628.014: [GC (Allocation Failure) [PSYoungGen: 335254K->179157K(465920K)] 1647109K->1524653K(1864192K), 0.0359603 secs] [Times: user=0.15 sys=0.00, real=0.04 secs] 
3628.050: [Full GC (Ergonomics) [PSYoungGen: 179157K->0K(465920K)] [ParOldGen: 1345495K->229982K(1398272K)] 1524653K->229982K(1864192K), [Metaspace: 60287K->60287K(1105920K)], 0.2549835 secs] [Times: user=1.15 sys=0.00, real=0.25 secs] 
3628.430: [GC (Allocation Failure) [PSYoungGen: 232960K->184630K(465920K)] 462942K->414612K(1864192K), 0.0261766 secs] [Times: user=0.09 sys=0.00, real=0.02 secs] 
3628.596: [GC (Allocation Failure) [PSYoungGen: 417590K->183892K(465920K)] 647572K->469859K(1864192K), 0.0446021 secs] [Times: user=0.21 sys=0.00, real=0.05 secs] 
3629.682: [GC (Allocation Failure) [PSYoungGen: 416852K->97787K(465920K)] 702819K->453002K(1864192K), 0.0577816 secs] [Times: user=0.30 sys=0.00, real=0.06 secs] 
3630.471: [GC (Allocation Failure) [PSYoungGen: 330747K->170996K(465920K)] 685962K->557504K(1864192K), 0.0569454 secs] [Times: user=0.26 sys=0.00, real=0.05 secs] 
3630.663: [GC (Allocation Failure) [PSYoungGen: 403956K->184598K(465920K)] 790464K->624669K(1864192K), 0.0415543 secs] [Times: user=0.19 sys=0.00, real=0.04 secs] 
3630.854: [GC (Allocation Failure) [PSYoungGen: 417558K->183254K(465920K)] 857629K->687366K(1864192K), 0.0542698 secs] [Times: user=0.26 sys=0.00, real=0.06 secs] 
3631.213: [GC (Allocation Failure) [PSYoungGen: 416214K->212660K(465920K)] 920326K->774915K(1864192K), 0.0537488 secs] [Times: user=0.26 sys=0.00, real=0.05 secs] 
3632.080: [GC (GCLocker Initiated GC) [PSYoungGen: 445620K->92747K(465920K)] 1007876K->722339K(1864192K), 0.0431619 secs] [Times: user=0.23 sys=0.00, real=0.04 secs] 
3632.307: [GC (Allocation Failure) [PSYoungGen: 325707K->183190K(465920K)] 955465K->842533K(1864192K), 0.0451680 secs] [Times: user=0.20 sys=0.00, real=0.05 secs] 
3632.480: [GC (Allocation Failure) [PSYoungGen: 416150K->184918K(465920K)] 1075493K->901277K(1864192K), 0.0433182 secs] [Times: user=0.19 sys=0.00, real=0.04 secs] 
3632.663: [GC (Allocation Failure) [PSYoungGen: 417813K->186581K(465920K)] 1134173K->958836K(1864192K), 0.0501039 secs] [Times: user=0.23 sys=0.00, real=0.05 secs] 
3633.682: [GC (Allocation Failure) [PSYoungGen: 419541K->95899K(465920K)] 1191796K->938507K(1864192K), 0.0438891 secs] [Times: user=0.23 sys=0.00, real=0.04 secs] 
3634.187: [GC (Allocation Failure) [PSYoungGen: 328859K->168276K(465920K)] 1171467K->1042069K(1864192K), 0.0705864 secs] [Times: user=0.35 sys=0.00, real=0.07 secs] 
3634.406: [GC (Allocation Failure) [PSYoungGen: 401236K->184149K(465920K)] 1275029K->1110446K(1864192K), 0.0420290 secs] [Times: user=0.18 sys=0.00, real=0.05 secs] 
3634.570: [GC (Allocation Failure) [PSYoungGen: 417109K->186039K(465920K)] 1343406K->1176431K(1864192K), 0.0496600 secs] [Times: user=0.23 sys=0.01, real=0.05 secs] 
3634.842: [GC (Allocation Failure) [PSYoungGen: 418999K->216084K(465920K)] 1409391K->1265541K(1864192K), 0.0551464 secs] [Times: user=0.27 sys=0.00, real=0.05 secs] 
3636.585: [GC (Allocation Failure) [PSYoungGen: 449044K->87322K(465920K)] 1498501K->1205659K(1864192K), 0.1027354 secs] [Times: user=0.57 sys=0.00, real=0.10 secs] 
3636.971: [GC (Allocation Failure) [PSYoungGen: 320282K->180309K(465920K)] 1438619K->1327018K(1864192K), 0.0344910 secs] [Times: user=0.14 sys=0.00, real=0.03 secs] 
3637.161: [GC (Allocation Failure) [PSYoungGen: 413269K->184598K(465920K)] 1559978K->1387635K(1864192K), 0.0694436 secs] [Times: user=0.34 sys=0.00, real=0.07 secs] 
3637.417: [GC (Allocation Failure) [PSYoungGen: 417558K->186613K(465920K)] 1620595K->1445610K(1864192K), 0.0613847 secs] [Times: user=0.27 sys=0.00, real=0.07 secs] 
3638.525: [GC (Allocation Failure) [PSYoungGen: 419573K->101612K(465920K)] 1678570K->1430861K(1864192K), 0.0460434 secs] [Times: user=0.24 sys=0.00, real=0.05 secs] 
3638.571: [Full GC (Ergonomics) [PSYoungGen: 101612K->0K(465920K)] [ParOldGen: 1329249K->89588K(1398272K)] 1430861K->89588K(1864192K), [Metaspace: 60287K->60287K(1105920K)], 0.0333801 secs] [Times: user=0.10 sys=0.00, real=0.03 secs] 
3639.242: [GC (Allocation Failure) [PSYoungGen: 232960K->160595K(465920K)] 322548K->250183K(1864192K), 0.0357961 secs] [Times: user=0.13 sys=0.01, real=0.03 secs] 
3639.493: [GC (Allocation Failure) [PSYoungGen: 393555K->181141K(465920K)] 483143K->321049K(1864192K), 0.0567166 secs] [Times: user=0.26 sys=0.00, real=0.06 secs] 
3639.681: [GC (Allocation Failure) [PSYoungGen: 414101K->185687K(465920K)] 554009K->388499K(1864192K), 0.0490910 secs] [Times: user=0.22 sys=0.00, real=0.05 secs] 
3639.845: [GC (Allocation Failure) [PSYoungGen: 418647K->187093K(465920K)] 621459K->449025K(1864192K), 0.0554269 secs] [Times: user=0.27 sys=0.00, real=0.06 secs] 
3640.833: [GC (GCLocker Initiated GC) [PSYoungGen: 420053K->94139K(465920K)] 681985K->426503K(1864192K), 0.0402792 secs] [Times: user=0.21 sys=0.00, real=0.04 secs] 
3641.046: [GC (Allocation Failure) [PSYoungGen: 327099K->182550K(465920K)] 659630K->545270K(1864192K), 0.0489549 secs] [Times: user=0.22 sys=0.00, real=0.05 secs] 
3641.293: [GC (Allocation Failure) [PSYoungGen: 415510K->184149K(465920K)] 778230K->603770K(1864192K), 0.0607288 secs] [Times: user=0.29 sys=0.00, real=0.06 secs] 
3641.484: [GC (GCLocker Initiated GC) [PSYoungGen: 417109K->182612K(465920K)] 836731K->658130K(1864192K), 0.0458194 secs] [Times: user=0.21 sys=0.00, real=0.05 secs] 
3642.525: [GC (GCLocker Initiated GC) [PSYoungGen: 415572K->103916K(465920K)] 891092K->648584K(1864192K), 0.0453010 secs] [Times: user=0.23 sys=0.00, real=0.05 secs] 
3643.269: [GC (Allocation Failure) [PSYoungGen: 336876K->162035K(465920K)] 881674K->740102K(1864192K), 0.0698681 secs] [Times: user=0.35 sys=0.00, real=0.07 secs] 
3643.479: [GC (Allocation Failure) [PSYoungGen: 394995K->184598K(465920K)] 973062K->813428K(1864192K), 0.0420909 secs] [Times: user=0.19 sys=0.00, real=0.04 secs] 
3643.640: [GC (Allocation Failure) [PSYoungGen: 417558K->185431K(465920K)] 1046388K->878381K(1864192K), 0.0498380 secs] [Times: user=0.23 sys=0.00, real=0.05 secs] 
3643.831: [GC (Allocation Failure) [PSYoungGen: 418391K->186453K(465920K)] 1111341K->938051K(1864192K), 0.0611852 secs] [Times: user=0.31 sys=0.00, real=0.06 secs] 
3646.104: [GC (Allocation Failure) [PSYoungGen: 419413K->82089K(465920K)] 1171011K->904144K(1864192K), 0.1011696 secs] [Times: user=0.56 sys=0.00, real=0.10 secs] 
3646.475: [GC (Allocation Failure) [PSYoungGen: 315049K->181846K(465920K)] 1137104K->1030621K(1864192K), 0.0337327 secs] [Times: user=0.13 sys=0.00, real=0.04 secs] 
3646.626: [GC (Allocation Failure) [PSYoungGen: 414806K->184950K(465920K)] 1263581K->1089941K(1864192K), 0.0437874 secs] [Times: user=0.19 sys=0.00, real=0.05 secs] 
3646.823: [GC (Allocation Failure) [PSYoungGen: 417910K->183380K(465920K)] 1322901K->1144436K(1864192K), 0.0659615 secs] [Times: user=0.32 sys=0.00, real=0.07 secs] 
3647.905: [GC (Allocation Failure) [PSYoungGen: 416340K->111117K(465920K)] 1377396K->1141389K(1864192K), 0.0464117 secs] [Times: user=0.24 sys=0.00, real=0.05 secs] 
3648.167: [GC (Allocation Failure) [PSYoungGen: 344077K->156242K(465920K)] 1374349K->1222450K(1864192K), 0.0693256 secs] [Times: user=0.35 sys=0.00, real=0.07 secs] 
3648.405: [GC (Allocation Failure) [PSYoungGen: 389187K->184310K(465920K)] 1455395K->1299169K(1864192K), 0.0422225 secs] [Times: user=0.19 sys=0.00, real=0.04 secs] 
3648.567: [GC (Allocation Failure) [PSYoungGen: 417270K->186071K(465920K)] 1532129K->1365171K(1864192K), 0.0514603 secs] [Times: user=0.24 sys=0.00, real=0.06 secs] 
3649.033: [GC (Allocation Failure) [PSYoungGen: 419031K->186229K(465920K)] 1598131K->1424577K(1864192K), 0.0691810 secs] [Times: user=0.36 sys=0.00, real=0.07 secs] 
3650.490: [GC (Allocation Failure) [PSYoungGen: 419189K->81961K(465920K)] 1657537K->1390613K(1864192K), 0.1065493 secs] [Times: user=0.59 sys=0.01, real=0.10 secs] 
3650.904: [GC (Allocation Failure) [PSYoungGen: 314921K->178389K(465920K)] 1623573K->1513582K(1864192K), 0.0339033 secs] [Times: user=0.14 sys=0.00, real=0.04 secs] 
3650.938: [Full GC (Ergonomics) [PSYoungGen: 178389K->0K(465920K)] [ParOldGen: 1335192K->217630K(1398272K)] 1513582K->217630K(1864192K), [Metaspace: 60290K->60290K(1105920K)], 0.2226946 secs] [Times: user=1.00 sys=0.01, real=0.22 secs] 
3651.285: [GC (Allocation Failure) [PSYoungGen: 232960K->182101K(465920K)] 450590K->399732K(1864192K), 0.0261865 secs] [Times: user=0.10 sys=0.00, real=0.03 secs] 
3651.428: [GC (Allocation Failure) [PSYoungGen: 415061K->186901K(465920K)] 632692K->460172K(1864192K), 0.0446409 secs] [Times: user=0.20 sys=0.00, real=0.05 secs] 
3652.831: [GC (Allocation Failure) [PSYoungGen: 419861K->119854K(465920K)] 693132K->463485K(1864192K), 0.0462753 secs] [Times: user=0.23 sys=0.00, real=0.04 secs] 
3653.480: [GC (Allocation Failure) [PSYoungGen: 352814K->146001K(465920K)] 696445K->527656K(1864192K), 0.0643570 secs] [Times: user=0.34 sys=0.00, real=0.06 secs] 
3653.665: [GC (Allocation Failure) [PSYoungGen: 378961K->184278K(465920K)] 760616K->612305K(1864192K), 0.0400411 secs] [Times: user=0.17 sys=0.00, real=0.04 secs] 
3653.824: [GC (Allocation Failure) [PSYoungGen: 417238K->185783K(465920K)] 845265K->677987K(1864192K), 0.0494690 secs] [Times: user=0.23 sys=0.00, real=0.05 secs] 
3653.987: [GC (Allocation Failure) [PSYoungGen: 418743K->186229K(465920K)] 910947K->737273K(1864192K), 0.0563363 secs] [Times: user=0.28 sys=0.00, real=0.06 secs] 
3654.983: [GC (Allocation Failure) [PSYoungGen: 419189K->86042K(465920K)] 970233K->707286K(1864192K), 0.0416875 secs] [Times: user=0.22 sys=0.00, real=0.04 secs] 
3655.186: [GC (Allocation Failure) [PSYoungGen: 319002K->178485K(465920K)] 940246K->827429K(1864192K), 0.0324542 secs] [Times: user=0.14 sys=0.00, real=0.04 secs] 
3655.337: [GC (Allocation Failure) [PSYoungGen: 411445K->184662K(465920K)] 1060389K->889206K(1864192K), 0.0428634 secs] [Times: user=0.20 sys=0.00, real=0.05 secs] 
3655.742: [GC (Allocation Failure) [PSYoungGen: 417622K->186005K(465920K)] 1122166K->946581K(1864192K), 0.0544800 secs] [Times: user=0.27 sys=0.00, real=0.05 secs] 
3657.044: [GC (Allocation Failure) [PSYoungGen: 418965K->124655K(465920K)] 1179541K->955335K(1864192K), 0.0474603 secs] [Times: user=0.24 sys=0.00, real=0.05 secs] 
3657.622: [GC (Allocation Failure) [PSYoungGen: 357615K->141601K(465920K)] 1188295K->1011753K(1864192K), 0.0954564 secs] [Times: user=0.51 sys=0.00, real=0.09 secs] 
3657.858: [GC (Allocation Failure) [PSYoungGen: 374561K->177909K(465920K)] 1244713K->1093082K(1864192K), 0.0393363 secs] [Times: user=0.17 sys=0.00, real=0.04 secs] 
3658.021: [GC (Allocation Failure) [PSYoungGen: 410869K->184407K(465920K)] 1326042K->1161700K(1864192K), 0.0499632 secs] [Times: user=0.23 sys=0.00, real=0.05 secs] 
3658.189: [GC (Allocation Failure) [PSYoungGen: 417367K->186677K(465920K)] 1394660K->1222674K(1864192K), 0.0572157 secs] [Times: user=0.29 sys=0.00, real=0.05 secs] 
3659.848: [GC (Allocation Failure) [PSYoungGen: 419637K->90618K(465920K)] 1455634K->1196968K(1864192K), 0.1219204 secs] [Times: user=0.68 sys=0.00, real=0.12 secs] 
3660.648: [GC (Allocation Failure) [PSYoungGen: 323578K->177685K(465920K)] 1429928K->1313999K(1864192K), 0.0408160 secs] [Times: user=0.18 sys=0.00, real=0.04 secs] 
3660.817: [GC (Allocation Failure) [PSYoungGen: 410645K->181557K(465920K)] 1546959K->1373147K(1864192K), 0.0438254 secs] [Times: user=0.20 sys=0.00, real=0.05 secs] 
3661.007: [GC (Allocation Failure) [PSYoungGen: 414517K->187093K(465920K)] 1606107K->1434091K(1864192K), 0.0615148 secs] [Times: user=0.30 sys=0.00, real=0.07 secs] 
3662.048: [GC (Allocation Failure) [PSYoungGen: 420053K->134032K(465920K)] 1667051K->1451679K(1864192K), 0.0496533 secs] [Times: user=0.25 sys=0.00, real=0.05 secs] 
3662.098: [Full GC (Ergonomics) [PSYoungGen: 134032K->0K(465920K)] [ParOldGen: 1317646K->345845K(1398272K)] 1451679K->345845K(1864192K), [Metaspace: 60293K->60293K(1105920K)], 0.5788551 secs] [Times: user=2.53 sys=0.00, real=0.58 secs] 
3663.328: [GC (Allocation Failure) [PSYoungGen: 232960K->131535K(465920K)] 578805K->477381K(1864192K), 0.0404038 secs] [Times: user=0.15 sys=0.00, real=0.04 secs] 
3663.574: [GC (Allocation Failure) [PSYoungGen: 364495K->174740K(465920K)] 710341K->562887K(1864192K), 0.0373998 secs] [Times: user=0.16 sys=0.00, real=0.04 secs] 
3663.733: [GC (Allocation Failure) [PSYoungGen: 407700K->185527K(465920K)] 795847K->643057K(1864192K), 0.0486060 secs] [Times: user=0.22 sys=0.00, real=0.05 secs] 
3663.963: [GC (Allocation Failure) [PSYoungGen: 418487K->186805K(465920K)] 876017K->703271K(1864192K), 0.0578011 secs] [Times: user=0.29 sys=0.00, real=0.06 secs] 
3665.354: [GC (Allocation Failure) [PSYoungGen: 419765K->90362K(465920K)] 936231K->677237K(1864192K), 0.0441205 secs] [Times: user=0.23 sys=0.00, real=0.05 secs] 
3666.033: [GC (Allocation Failure) [PSYoungGen: 323322K->173365K(465920K)] 910197K->789340K(1864192K), 0.0398264 secs] [Times: user=0.17 sys=0.00, real=0.04 secs] 
3666.199: [GC (Allocation Failure) [PSYoungGen: 406325K->184822K(465920K)] 1022300K->855229K(1864192K), 0.0428772 secs] [Times: user=0.19 sys=0.00, real=0.04 secs] 
3666.356: [GC (Allocation Failure) [PSYoungGen: 417782K->187541K(465920K)] 1088189K->913877K(1864192K), 0.0447682 secs] [Times: user=0.21 sys=0.00, real=0.05 secs] 
3667.304: [GC (Allocation Failure) [PSYoungGen: 420501K->146866K(465920K)] 1146837K->944001K(1864192K), 0.0501092 secs] [Times: user=0.25 sys=0.00, real=0.05 secs] 
3668.849: [GC (Allocation Failure) [PSYoungGen: 379826K->115181K(465920K)] 1176961K->958717K(1864192K), 0.1485566 secs] [Times: user=0.83 sys=0.00, real=0.14 secs] 
3669.166: [GC (Allocation Failure) [PSYoungGen: 348141K->177557K(465920K)] 1191677K->1058377K(1864192K), 0.0371705 secs] [Times: user=0.16 sys=0.00, real=0.04 secs] 
3669.324: [GC (Allocation Failure) [PSYoungGen: 410517K->184791K(465920K)] 1291337K->1127507K(1864192K), 0.0494747 secs] [Times: user=0.23 sys=0.00, real=0.05 secs] 
3669.523: [GC (Allocation Failure) [PSYoungGen: 417751K->183892K(465920K)] 1360467K->1185001K(1864192K), 0.0621074 secs] [Times: user=0.31 sys=0.00, real=0.06 secs] 
3670.580: [GC (Allocation Failure) [PSYoungGen: 416852K->93979K(465920K)] 1417961K->1164568K(1864192K), 0.0495557 secs] [Times: user=0.26 sys=0.00, real=0.05 secs] 
3670.896: [GC (Allocation Failure) [PSYoungGen: 326939K->170452K(465920K)] 1397528K->1271861K(1864192K), 0.0621046 secs] [Times: user=0.29 sys=0.00, real=0.06 secs] 
3671.165: [GC (Allocation Failure) [PSYoungGen: 403412K->184534K(465920K)] 1504821K->1338798K(1864192K), 0.0522197 secs] [Times: user=0.25 sys=0.00, real=0.05 secs] 
3671.337: [GC (Allocation Failure) [PSYoungGen: 412564K->180854K(465920K)] 1566829K->1399555K(1864192K), 0.0499948 secs] [Times: user=0.23 sys=0.00, real=0.05 secs] 
3672.266: [GC (Allocation Failure) [PSYoungGen: 413814K->168947K(465920K)] 1632515K->1445160K(1864192K), 0.0573930 secs] [Times: user=0.29 sys=0.00, real=0.06 secs] 
3672.992: [GC (Allocation Failure) [PSYoungGen: 401907K->103052K(465920K)] 1678120K->1443905K(1864192K), 0.0899251 secs] [Times: user=0.48 sys=0.00, real=0.09 secs] 
3673.082: [Full GC (Ergonomics) [PSYoungGen: 103052K->0K(465920K)] [ParOldGen: 1340852K->120356K(1398272K)] 1443905K->120356K(1864192K), [Metaspace: 60302K->60302K(1105920K)], 0.1683145 secs] [Times: user=0.74 sys=0.01, real=0.17 secs] 
3673.382: [GC (Allocation Failure) [PSYoungGen: 232960K->179957K(465920K)] 353316K->300314K(1864192K), 0.0248874 secs] [Times: user=0.09 sys=0.00, real=0.02 secs] 
3673.556: [GC (Allocation Failure) [PSYoungGen: 412917K->184214K(465920K)] 533274K->361058K(1864192K), 0.0564769 secs] [Times: user=0.27 sys=0.00, real=0.06 secs] 
3673.774: [GC (Allocation Failure) [PSYoungGen: 417174K->186933K(465920K)] 594018K->419582K(1864192K), 0.0500925 secs] [Times: user=0.24 sys=0.00, real=0.05 secs] 
3674.880: [GC (Allocation Failure) [PSYoungGen: 419893K->99516K(465920K)] 652542K->402516K(1864192K), 0.0540296 secs] [Times: user=0.29 sys=0.00, real=0.05 secs] 
3676.243: [GC (Allocation Failure) [PSYoungGen: 332476K->164435K(465920K)] 635476K->499037K(1864192K), 0.0530800 secs] [Times: user=0.26 sys=0.00, real=0.05 secs] 
3676.431: [GC (Allocation Failure) [PSYoungGen: 397395K->184214K(465920K)] 731997K->570275K(1864192K), 0.0416108 secs] [Times: user=0.19 sys=0.01, real=0.04 secs] 
3676.622: [GC (Allocation Failure) [PSYoungGen: 417174K->186423K(465920K)] 803235K->636505K(1864192K), 0.0548978 secs] [Times: user=0.26 sys=0.00, real=0.05 secs] 
3677.338: [GC (Allocation Failure) [PSYoungGen: 419383K->214132K(465920K)] 869465K->723430K(1864192K), 0.0537939 secs] [Times: user=0.27 sys=0.00, real=0.05 secs] 
3677.874: [GC (Allocation Failure) [PSYoungGen: 447092K->90922K(465920K)] 956390K->667404K(1864192K), 0.0514222 secs] [Times: user=0.26 sys=0.00, real=0.05 secs] 
3678.126: [GC (Allocation Failure) [PSYoungGen: 323882K->182902K(465920K)] 900364K->788577K(1864192K), 0.0497302 secs] [Times: user=0.22 sys=0.00, real=0.05 secs] 
3678.325: [GC (Allocation Failure) [PSYoungGen: 415862K->184982K(465920K)] 1021537K->847416K(1864192K), 0.0433367 secs] [Times: user=0.20 sys=0.00, real=0.04 secs] 
3678.863: [GC (Allocation Failure) [PSYoungGen: 417942K->186549K(465920K)] 1080376K->905140K(1864192K), 0.0854974 secs] [Times: user=0.43 sys=0.00, real=0.09 secs] 
3680.064: [GC (Allocation Failure) [PSYoungGen: 419509K->100508K(465920K)] 1138100K->889571K(1864192K), 0.0446339 secs] [Times: user=0.23 sys=0.00, real=0.05 secs] 
3680.464: [GC (Allocation Failure) [PSYoungGen: 333468K->170740K(465920K)] 1122531K->992172K(1864192K), 0.0717664 secs] [Times: user=0.35 sys=0.00, real=0.07 secs] 
3680.753: [GC (Allocation Failure) [PSYoungGen: 403700K->184502K(465920K)] 1225132K->1059365K(1864192K), 0.0499216 secs] [Times: user=0.24 sys=0.00, real=0.05 secs] 
3680.922: [GC (Allocation Failure) [PSYoungGen: 417462K->185879K(465920K)] 1292325K->1125163K(1864192K), 0.0504945 secs] [Times: user=0.24 sys=0.00, real=0.05 secs] 
3681.289: [GC (Allocation Failure) [PSYoungGen: 418839K->196372K(465920K)] 1358123K->1194736K(1864192K), 0.0568001 secs] [Times: user=0.28 sys=0.00, real=0.05 secs] 
3682.994: [GC (Allocation Failure) [PSYoungGen: 429332K->87370K(465920K)] 1427696K->1153150K(1864192K), 0.0998843 secs] [Times: user=0.55 sys=0.00, real=0.10 secs] 
3683.319: [GC (Allocation Failure) [PSYoungGen: 320330K->183414K(465920K)] 1386110K->1277531K(1864192K), 0.0348086 secs] [Times: user=0.14 sys=0.00, real=0.03 secs] 
3683.472: [GC (Allocation Failure) [PSYoungGen: 416374K->184694K(465920K)] 1510491K->1335662K(1864192K), 0.0451407 secs] [Times: user=0.21 sys=0.00, real=0.04 secs] 
3683.657: [GC (Allocation Failure) [PSYoungGen: 417654K->186933K(465920K)] 1568622K->1393846K(1864192K), 0.0514742 secs] [Times: user=0.25 sys=0.00, real=0.06 secs] 
3684.720: [GC (Allocation Failure) [PSYoungGen: 419893K->100044K(465920K)] 1626806K->1377405K(1864192K), 0.0501985 secs] [Times: user=0.27 sys=0.00, real=0.05 secs] 
3685.314: [GC (Allocation Failure) [PSYoungGen: 333004K->163379K(465920K)] 1610365K->1473085K(1864192K), 0.0660049 secs] [Times: user=0.32 sys=0.00, real=0.07 secs] 
3685.380: [Full GC (Ergonomics) [PSYoungGen: 163379K->0K(465920K)] [ParOldGen: 1309705K->184427K(1398272K)] 1473085K->184427K(1864192K), [Metaspace: 60303K->60303K(1105920K)], 0.2040490 secs] [Times: user=0.95 sys=0.00, real=0.20 secs] 
3685.702: [GC (Allocation Failure) [PSYoungGen: 232960K->184758K(465920K)] 417387K->369186K(1864192K), 0.0342172 secs] [Times: user=0.14 sys=0.00, real=0.03 secs] 
3685.858: [GC (Allocation Failure) [PSYoungGen: 417718K->182518K(465920K)] 602146K->431050K(1864192K), 0.0438363 secs] [Times: user=0.20 sys=0.00, real=0.05 secs] 
3686.035: [GC (Allocation Failure) [PSYoungGen: 415478K->186293K(465920K)] 664010K->492745K(1864192K), 0.0549645 secs] [Times: user=0.27 sys=0.00, real=0.06 secs] 
3687.032: [GC (GCLocker Initiated GC) [PSYoungGen: 419253K->86282K(465920K)] 725706K->463007K(1864192K), 0.0531907 secs] [Times: user=0.28 sys=0.00, real=0.05 secs] 
3687.295: [GC (Allocation Failure) [PSYoungGen: 319242K->181750K(465920K)] 696005K->586325K(1864192K), 0.0334208 secs] [Times: user=0.13 sys=0.00, real=0.04 secs] 
3687.447: [GC (Allocation Failure) [PSYoungGen: 414710K->184502K(465920K)] 819285K->645665K(1864192K), 0.0439220 secs] [Times: user=0.20 sys=0.00, real=0.05 secs] 
3687.607: [GC (Allocation Failure) [PSYoungGen: 417462K->186389K(465920K)] 878625K->703464K(1864192K), 0.0456460 secs] [Times: user=0.22 sys=0.00, real=0.05 secs] 
3688.602: [GC (Allocation Failure) [PSYoungGen: 419349K->104444K(465920K)] 936424K->691800K(1864192K), 0.0460215 secs] [Times: user=0.24 sys=0.00, real=0.04 secs] 
3690.060: [GC (Allocation Failure) [PSYoungGen: 337404K->159635K(465920K)] 924760K->780523K(1864192K), 0.0760487 secs] [Times: user=0.39 sys=0.00, real=0.07 secs] 
3690.338: [GC (Allocation Failure) [PSYoungGen: 392595K->181429K(465920K)] 1013483K->852241K(1864192K), 0.0543058 secs] [Times: user=0.26 sys=0.00, real=0.05 secs] 
3690.576: [GC (Allocation Failure) [PSYoungGen: 414389K->185719K(465920K)] 1085201K->919995K(1864192K), 0.0744345 secs] [Times: user=0.37 sys=0.00, real=0.08 secs] 
3690.775: [GC (Allocation Failure) [PSYoungGen: 418679K->186805K(465920K)] 1152955K->980145K(1864192K), 0.0572789 secs] [Times: user=0.28 sys=0.00, real=0.06 secs] 
3691.891: [GC (Allocation Failure) [PSYoungGen: 419765K->89946K(465920K)] 1213105K->954023K(1864192K), 0.0781137 secs] [Times: user=0.42 sys=0.01, real=0.08 secs] 
3692.132: [GC (Allocation Failure) [PSYoungGen: 322906K->176725K(465920K)] 1186983K->1069401K(1864192K), 0.0340689 secs] [Times: user=0.14 sys=0.00, real=0.03 secs] 
3692.320: [GC (Allocation Failure) [PSYoungGen: 409685K->180629K(465920K)] 1302361K->1128774K(1864192K), 0.0672829 secs] [Times: user=0.31 sys=0.01, real=0.06 secs] 
3692.572: [GC (Allocation Failure) [PSYoungGen: 413589K->186485K(465920K)] 1361734K->1189134K(1864192K), 0.0621526 secs] [Times: user=0.30 sys=0.00, real=0.06 secs] 
3693.595: [GC (Allocation Failure) [PSYoungGen: 419445K->116814K(465920K)] 1422094K->1189871K(1864192K), 0.0469825 secs] [Times: user=0.24 sys=0.00, real=0.05 secs] 
3693.920: [GC (Allocation Failure) [PSYoungGen: 349771K->155186K(465920K)] 1422828K->1265643K(1864192K), 0.0945305 secs] [Times: user=0.50 sys=0.00, real=0.09 secs] 
3694.157: [GC (Allocation Failure) [PSYoungGen: 388146K->184310K(465920K)] 1498603K->1342974K(1864192K), 0.0419013 secs] [Times: user=0.18 sys=0.00, real=0.05 secs] 
3694.349: [GC (Allocation Failure) [PSYoungGen: 417270K->185143K(465920K)] 1575934K->1407968K(1864192K), 0.0552353 secs] [Times: user=0.27 sys=0.00, real=0.05 secs] 
3694.553: [GC (Allocation Failure) [PSYoungGen: 418103K->184181K(465920K)] 1640928K->1465725K(1864192K), 0.0578501 secs] [Times: user=0.29 sys=0.00, real=0.06 secs] 
3695.897: [GC (Allocation Failure) [PSYoungGen: 417141K->82121K(465920K)] 1698685K->1433282K(1864192K), 0.0939495 secs] [Times: user=0.52 sys=0.00, real=0.10 secs] 
3695.991: [Full GC (Ergonomics) [PSYoungGen: 82121K->0K(465920K)] [ParOldGen: 1351161K->93213K(1398272K)] 1433282K->93213K(1864192K), [Metaspace: 60309K->60309K(1105920K)], 0.1290782 secs] [Times: user=0.53 sys=0.00, real=0.13 secs] 
3696.378: [GC (Allocation Failure) [PSYoungGen: 232960K->178517K(465920K)] 326173K->271731K(1864192K), 0.0246118 secs] [Times: user=0.08 sys=0.00, real=0.03 secs] 
3696.548: [GC (Allocation Failure) [PSYoungGen: 411477K->193206K(465920K)] 504691K->342135K(1864192K), 0.0474444 secs] [Times: user=0.22 sys=0.00, real=0.04 secs] 
3696.751: [GC (Allocation Failure) [PSYoungGen: 426166K->184404K(465920K)] 575095K->389534K(1864192K), 0.0631161 secs] [Times: user=0.30 sys=0.01, real=0.06 secs] 
3697.769: [GC (Allocation Failure) [PSYoungGen: 417364K->123375K(465920K)] 622494K->398153K(1864192K), 0.0464397 secs] [Times: user=0.23 sys=0.00, real=0.04 secs] 
3698.879: [GC (Allocation Failure) [PSYoungGen: 356335K->152177K(465920K)] 631113K->465835K(1864192K), 0.1174421 secs] [Times: user=0.61 sys=0.00, real=0.11 secs] 
3699.157: [GC (Allocation Failure) [PSYoungGen: 385137K->183317K(465920K)] 698795K->542284K(1864192K), 0.0396629 secs] [Times: user=0.17 sys=0.00, real=0.04 secs] 
3699.316: [GC (Allocation Failure) [PSYoungGen: 416277K->185655K(465920K)] 775244K->608374K(1864192K), 0.0506072 secs] [Times: user=0.24 sys=0.00, real=0.05 secs] 
3699.480: [GC (Allocation Failure) [PSYoungGen: 418615K->183636K(465920K)] 841334K->665099K(1864192K), 0.0576764 secs] [Times: user=0.28 sys=0.00, real=0.05 secs] 
3700.463: [GC (GCLocker Initiated GC) [PSYoungGen: 416596K->88730K(465920K)] 898061K->639467K(1864192K), 0.0440836 secs] [Times: user=0.23 sys=0.00, real=0.04 secs] 
3700.710: [GC (Allocation Failure) [PSYoungGen: 321690K->178293K(465920K)] 872459K->757578K(1864192K), 0.0542762 secs] [Times: user=0.23 sys=0.00, real=0.05 secs] 
3700.927: [GC (Allocation Failure) [PSYoungGen: 411253K->184790K(465920K)] 990538K->819467K(1864192K), 0.0434847 secs] [Times: user=0.19 sys=0.00, real=0.05 secs] 
3701.373: [GC (Allocation Failure) [PSYoungGen: 417750K->203061K(465920K)] 1052427K->893662K(1864192K), 0.0468119 secs] [Times: user=0.22 sys=0.00, real=0.05 secs] 
3703.060: [GC (Allocation Failure) [PSYoungGen: 436021K->126767K(465920K)] 1126622K->887881K(1864192K), 0.0478276 secs] [Times: user=0.24 sys=0.00, real=0.04 secs] 
3704.470: [GC (Allocation Failure) [PSYoungGen: 359727K->131695K(465920K)] 1120841K->932793K(1864192K), 0.1161729 secs] [Times: user=0.63 sys=0.01, real=0.11 secs] 
3704.741: [GC (Allocation Failure) [PSYoungGen: 364655K->178901K(465920K)] 1165753K->1022691K(1864192K), 0.0387146 secs] [Times: user=0.17 sys=0.00, real=0.04 secs] 
3704.903: [GC (Allocation Failure) [PSYoungGen: 411861K->185783K(465920K)] 1255651K->1091781K(1864192K), 0.0496334 secs] [Times: user=0.23 sys=0.00, real=0.05 secs] 
3705.121: [GC (Allocation Failure) [PSYoungGen: 418743K->186741K(465920K)] 1324741K->1151555K(1864192K), 0.0611932 secs] [Times: user=0.30 sys=0.00, real=0.06 secs] 
3706.419: [GC (Allocation Failure) [PSYoungGen: 419701K->89130K(465920K)] 1384515K->1124528K(1864192K), 0.0881252 secs] [Times: user=0.48 sys=0.01, real=0.08 secs] 
3707.163: [GC (Allocation Failure) [PSYoungGen: 322090K->173397K(465920K)] 1357488K->1237976K(1864192K), 0.0442679 secs] [Times: user=0.19 sys=0.01, real=0.04 secs] 
3707.400: [GC (Allocation Failure) [PSYoungGen: 406357K->181365K(465920K)] 1470936K->1299836K(1864192K), 0.0449905 secs] [Times: user=0.20 sys=0.01, real=0.04 secs] 
3707.601: [GC (Allocation Failure) [PSYoungGen: 414325K->186901K(465920K)] 1532796K->1360080K(1864192K), 0.0664958 secs] [Times: user=0.33 sys=0.00, real=0.06 secs] 
3708.587: [GC (Allocation Failure) [PSYoungGen: 419861K->146930K(465920K)] 1593040K->1390541K(1864192K), 0.0530950 secs] [Times: user=0.26 sys=0.00, real=0.06 secs] 
3708.925: [GC (Allocation Failure) [PSYoungGen: 379890K->125359K(465920K)] 1623501K->1415778K(1864192K), 0.1225880 secs] [Times: user=0.68 sys=0.00, real=0.12 secs] 
3709.183: [GC (Allocation Failure) [PSYoungGen: 358319K->177685K(465920K)] 1648738K->1507665K(1864192K), 0.0400751 secs] [Times: user=0.16 sys=0.00, real=0.04 secs] 
3709.223: [Full GC (Ergonomics) [PSYoungGen: 177685K->0K(465920K)] [ParOldGen: 1329980K->234326K(1398272K)] 1507665K->234326K(1864192K), [Metaspace: 60313K->60313K(1105920K)], 0.2671174 secs] [Times: user=1.15 sys=0.00, real=0.27 secs] 
3709.610: [GC (Allocation Failure) [PSYoungGen: 232960K->185431K(465920K)] 467286K->419758K(1864192K), 0.0886701 secs] [Times: user=0.46 sys=0.00, real=0.09 secs] 
3709.812: [GC (Allocation Failure) [PSYoungGen: 418391K->184052K(465920K)] 652718K->477155K(1864192K), 0.0563130 secs] [Times: user=0.28 sys=0.00, real=0.06 secs] 
3710.902: [GC (Allocation Failure) [PSYoungGen: 417012K->94235K(465920K)] 710115K->456970K(1864192K), 0.0600945 secs] [Times: user=0.32 sys=0.00, real=0.06 secs] 
3711.601: [GC (GCLocker Initiated GC) [PSYoungGen: 327195K->171124K(465920K)] 689930K->564384K(1864192K), 0.0445245 secs] [Times: user=0.19 sys=0.00, real=0.04 secs] 
3711.856: [GC (Allocation Failure) [PSYoungGen: 404084K->192726K(465920K)] 797383K->639664K(1864192K), 0.0576263 secs] [Times: user=0.27 sys=0.00, real=0.06 secs] 
3712.048: [GC (Allocation Failure) [PSYoungGen: 412569K->170773K(465920K)] 859507K->681936K(1864192K), 0.0475544 secs] [Times: user=0.22 sys=0.00, real=0.05 secs] 
3713.002: [GC (Allocation Failure) [PSYoungGen: 403733K->169299K(465920K)] 914896K->734645K(1864192K), 0.0549731 secs] [Times: user=0.28 sys=0.00, real=0.05 secs] 
3713.560: [GC (Allocation Failure) [PSYoungGen: 402259K->105996K(465920K)] 967605K->736247K(1864192K), 0.1061983 secs] [Times: user=0.58 sys=0.00, real=0.10 secs] 
3713.862: [GC (Allocation Failure) [PSYoungGen: 334118K->176853K(465920K)] 964369K->840589K(1864192K), 0.0345915 secs] [Times: user=0.14 sys=0.00, real=0.03 secs] 
3714.015: [GC (Allocation Failure) [PSYoungGen: 409813K->181685K(465920K)] 1073549K->900637K(1864192K), 0.0423886 secs] [Times: user=0.19 sys=0.00, real=0.04 secs] 
3714.216: [GC (Allocation Failure) [PSYoungGen: 414645K->186485K(465920K)] 1133597K->960229K(1864192K), 0.0706063 secs] [Times: user=0.35 sys=0.00, real=0.07 secs] 
3715.236: [GC (Allocation Failure) [PSYoungGen: 419445K->94459K(465920K)] 1193189K->938571K(1864192K), 0.0485203 secs] [Times: user=0.25 sys=0.00, real=0.05 secs] 
3715.576: [GC (Allocation Failure) [PSYoungGen: 327419K->170772K(465920K)] 1171531K->1045553K(1864192K), 0.0681431 secs] [Times: user=0.33 sys=0.00, real=0.07 secs] 
3715.843: [GC (Allocation Failure) [PSYoungGen: 403732K->184534K(465920K)] 1278513K->1112530K(1864192K), 0.0479013 secs] [Times: user=0.23 sys=0.00, real=0.05 secs] 
3716.039: [GC (Allocation Failure) [PSYoungGen: 417494K->185367K(465920K)] 1345490K->1177587K(1864192K), 0.0563001 secs] [Times: user=0.27 sys=0.00, real=0.05 secs] 
3716.481: [GC (Allocation Failure) [PSYoungGen: 415926K->213268K(465920K)] 1408147K->1264304K(1864192K), 0.0552223 secs] [Times: user=0.28 sys=0.00, real=0.05 secs] 
3717.850: [GC (Allocation Failure) [PSYoungGen: 446228K->87258K(465920K)] 1497264K->1205887K(1864192K), 0.0805162 secs] [Times: user=0.44 sys=0.01, real=0.08 secs] 
3718.231: [GC (Allocation Failure) [PSYoungGen: 320218K->182998K(465920K)] 1438847K->1329487K(1864192K), 0.0345855 secs] [Times: user=0.15 sys=0.00, real=0.03 secs] 
3718.382: [GC (Allocation Failure) [PSYoungGen: 415958K->184854K(465920K)] 1562447K->1388227K(1864192K), 0.0447804 secs] [Times: user=0.20 sys=0.00, real=0.04 secs] 
3718.543: [GC (Allocation Failure) [PSYoungGen: 417814K->183956K(465920K)] 1621187K->1443402K(1864192K), 0.0471866 secs] [Times: user=0.22 sys=0.00, real=0.05 secs] 
3719.854: [GC (Allocation Failure) [PSYoungGen: 416916K->100796K(465920K)] 1676362K->1429657K(1864192K), 0.0728354 secs] [Times: user=0.39 sys=0.01, real=0.07 secs] 
3719.927: [Full GC (Ergonomics) [PSYoungGen: 100796K->0K(465920K)] [ParOldGen: 1328861K->88454K(1398272K)] 1429657K->88454K(1864192K), [Metaspace: 60320K->60320K(1105920K)], 0.0456573 secs] [Times: user=0.13 sys=0.00, real=0.05 secs] 
3721.045: [GC (Allocation Failure) [PSYoungGen: 232960K->165748K(465920K)] 321414K->254202K(1864192K), 0.0359441 secs] [Times: user=0.14 sys=0.00, real=0.04 secs] 
3721.298: [GC (Allocation Failure) [PSYoungGen: 398708K->184630K(465920K)] 487162K->324880K(1864192K), 0.0557469 secs] [Times: user=0.26 sys=0.00, real=0.06 secs] 
3721.482: [GC (Allocation Failure) [PSYoungGen: 417590K->182998K(465920K)] 557840K->387273K(1864192K), 0.0488117 secs] [Times: user=0.23 sys=0.00, real=0.05 secs] 
3721.649: [GC (Allocation Failure) [PSYoungGen: 415958K->186453K(465920K)] 620233K->449127K(1864192K), 0.0538572 secs] [Times: user=0.26 sys=0.00, real=0.05 secs] 
3722.682: [GC (Allocation Failure) [PSYoungGen: 419413K->88906K(465920K)] 682087K->421877K(1864192K), 0.0428440 secs] [Times: user=0.22 sys=0.00, real=0.04 secs] 
3722.998: [GC (Allocation Failure) [PSYoungGen: 321866K->181494K(465920K)] 654837K->542476K(1864192K), 0.0455963 secs] [Times: user=0.19 sys=0.00, real=0.05 secs] 
3723.174: [GC (Allocation Failure) [PSYoungGen: 414454K->184117K(465920K)] 775436K->601572K(1864192K), 0.0433757 secs] [Times: user=0.20 sys=0.00, real=0.04 secs] 
3723.387: [GC (Allocation Failure) [PSYoungGen: 417077K->183540K(465920K)] 834532K->656811K(1864192K), 0.0484514 secs] [Times: user=0.23 sys=0.00, real=0.05 secs] 
3724.987: [GC (Allocation Failure) [PSYoungGen: 416500K->106284K(465920K)] 889771K->648947K(1864192K), 0.0591097 secs] [Times: user=0.31 sys=0.00, real=0.06 secs] 
3726.512: [GC (Allocation Failure) [PSYoungGen: 339244K->153234K(465920K)] 881907K->729654K(1864192K), 0.0807448 secs] [Times: user=0.41 sys=0.00, real=0.08 secs] 
3726.807: [GC (Allocation Failure) [PSYoungGen: 386194K->184182K(465920K)] 962614K->808857K(1864192K), 0.0458783 secs] [Times: user=0.21 sys=0.00, real=0.05 secs] 
3727.005: [GC (GCLocker Initiated GC) [PSYoungGen: 417142K->184823K(465920K)] 1041818K->873483K(1864192K), 0.0721965 secs] [Times: user=0.36 sys=0.00, real=0.07 secs] 
3727.210: [GC (Allocation Failure) [PSYoungGen: 417783K->183636K(465920K)] 1106446K->930916K(1864192K), 0.0572990 secs] [Times: user=0.28 sys=0.00, real=0.05 secs] 
3728.377: [GC (Allocation Failure) [PSYoungGen: 416596K->92843K(465920K)] 1163876K->909466K(1864192K), 0.0760237 secs] [Times: user=0.41 sys=0.00, real=0.08 secs] 
3728.783: [GC (Allocation Failure) [PSYoungGen: 325803K->178389K(465920K)] 1142426K->1024546K(1864192K), 0.0385727 secs] [Times: user=0.17 sys=0.00, real=0.04 secs] 
3728.940: [GC (Allocation Failure) [PSYoungGen: 411349K->181845K(465920K)] 1257506K->1083886K(1864192K), 0.0436288 secs] [Times: user=0.20 sys=0.01, real=0.04 secs] 
3729.099: [GC (Allocation Failure) [PSYoungGen: 414805K->186389K(465920K)] 1316846K->1143413K(1864192K), 0.0457045 secs] [Times: user=0.21 sys=0.00, real=0.04 secs] 
3730.176: [GC (Allocation Failure) [PSYoungGen: 419349K->116302K(465920K)] 1376373K->1143518K(1864192K), 0.0476853 secs] [Times: user=0.24 sys=0.00, real=0.05 secs] 
3730.493: [GC (Allocation Failure) [PSYoungGen: 349262K->151346K(465920K)] 1376478K->1215618K(1864192K), 0.0849443 secs] [Times: user=0.44 sys=0.01, real=0.08 secs] 
3730.779: [GC (Allocation Failure) [PSYoungGen: 384306K->183957K(465920K)] 1448578K->1295507K(1864192K), 0.0469419 secs] [Times: user=0.21 sys=0.00, real=0.04 secs] 
3730.974: [GC (Allocation Failure) [PSYoungGen: 416917K->185367K(465920K)] 1528467K->1360868K(1864192K), 0.0569115 secs] [Times: user=0.27 sys=0.01, real=0.06 secs] 
3731.468: [GC (Allocation Failure) [PSYoungGen: 418327K->181812K(465920K)] 1593828K->1416274K(1864192K), 0.0858170 secs] [Times: user=0.45 sys=0.00, real=0.09 secs] 
3733.015: [GC (Allocation Failure) [PSYoungGen: 414772K->88586K(465920K)] 1649234K->1391992K(1864192K), 0.1136699 secs] [Times: user=0.63 sys=0.01, real=0.12 secs] 
3733.595: [GC (Allocation Failure) [PSYoungGen: 321546K->175733K(465920K)] 1624952K->1507887K(1864192K), 0.0428315 secs] [Times: user=0.18 sys=0.00, real=0.04 secs] 
3733.637: [Full GC (Ergonomics) [PSYoungGen: 175733K->0K(465920K)] [ParOldGen: 1332154K->213428K(1398272K)] 1507887K->213428K(1864192K), [Metaspace: 60341K->60341K(1105920K)], 0.2196253 secs] [Times: user=0.99 sys=0.00, real=0.22 secs] 
3734.004: [GC (Allocation Failure) [PSYoungGen: 232960K->184662K(465920K)] 446388K->398090K(1864192K), 0.0267998 secs] [Times: user=0.10 sys=0.00, real=0.03 secs] 
3734.148: [GC (Allocation Failure) [PSYoungGen: 417622K->187189K(465920K)] 631050K->456657K(1864192K), 0.0447518 secs] [Times: user=0.20 sys=0.00, real=0.05 secs] 
3735.689: [GC (Allocation Failure) [PSYoungGen: 420149K->124783K(465920K)] 689617K->464843K(1864192K), 0.0471171 secs] [Times: user=0.24 sys=0.00, real=0.04 secs] 
3736.597: [GC (Allocation Failure) [PSYoungGen: 357743K->140785K(465920K)] 697803K->520429K(1864192K), 0.1010815 secs] [Times: user=0.54 sys=0.00, real=0.10 secs] 
3736.842: [GC (Allocation Failure) [PSYoungGen: 373745K->178869K(465920K)] 753389K->603378K(1864192K), 0.0389791 secs] [Times: user=0.17 sys=0.00, real=0.04 secs] 
3737.002: [GC (Allocation Failure) [PSYoungGen: 411829K->185975K(465920K)] 836338K->673040K(1864192K), 0.0487845 secs] [Times: user=0.23 sys=0.00, real=0.05 secs] 
3737.165: [GC (Allocation Failure) [PSYoungGen: 418935K->186741K(465920K)] 906000K->732870K(1864192K), 0.0572028 secs] [Times: user=0.29 sys=0.00, real=0.06 secs] 
3738.190: [GC (Allocation Failure) [PSYoungGen: 419701K->89514K(465920K)] 965830K->706308K(1864192K), 0.0458811 secs] [Times: user=0.24 sys=0.01, real=0.04 secs] 
3738.525: [GC (Allocation Failure) [PSYoungGen: 322474K->174197K(465920K)] 939268K->819799K(1864192K), 0.0442429 secs] [Times: user=0.19 sys=0.01, real=0.05 secs] 
3738.706: [GC (Allocation Failure) [PSYoungGen: 407157K->184726K(465920K)] 1052759K->884488K(1864192K), 0.0431362 secs] [Times: user=0.20 sys=0.00, real=0.05 secs] 
3738.863: [GC (Allocation Failure) [PSYoungGen: 417686K->187381K(465920K)] 1117448K->943215K(1864192K), 0.0459342 secs] [Times: user=0.21 sys=0.00, real=0.05 secs] 
3739.974: [GC (Allocation Failure) [PSYoungGen: 420341K->132912K(465920K)] 1176175K->959498K(1864192K), 0.0510882 secs] [Times: user=0.23 sys=0.00, real=0.05 secs] 
3740.600: [GC (Allocation Failure) [PSYoungGen: 365872K->137248K(465920K)] 1192458K->1005914K(1864192K), 0.0612566 secs] [Times: user=0.32 sys=0.00, real=0.06 secs] 
3740.818: [GC (Allocation Failure) [PSYoungGen: 370208K->178389K(465920K)] 1238874K->1090548K(1864192K), 0.0507041 secs] [Times: user=0.24 sys=0.00, real=0.06 secs] 
3741.003: [GC (Allocation Failure) [PSYoungGen: 411349K->185783K(465920K)] 1323508K->1160310K(1864192K), 0.0506781 secs] [Times: user=0.24 sys=0.00, real=0.05 secs] 
3741.187: [GC (Allocation Failure) [PSYoungGen: 418743K->183380K(465920K)] 1393270K->1216835K(1864192K), 0.0654154 secs] [Times: user=0.33 sys=0.00, real=0.07 secs] 
3743.056: [GC (GCLocker Initiated GC) [PSYoungGen: 416340K->87482K(465920K)] 1449796K->1190217K(1864192K), 0.1049538 secs] [Times: user=0.58 sys=0.00, real=0.11 secs] 
3743.539: [GC (Allocation Failure) [PSYoungGen: 320442K->175381K(465920K)] 1423180K->1306484K(1864192K), 0.0342524 secs] [Times: user=0.14 sys=0.01, real=0.03 secs] 
3743.694: [GC (Allocation Failure) [PSYoungGen: 408341K->184630K(465920K)] 1539444K->1370557K(1864192K), 0.0446943 secs] [Times: user=0.20 sys=0.00, real=0.05 secs] 
3743.854: [GC (Allocation Failure) [PSYoungGen: 417590K->186709K(465920K)] 1603517K->1428652K(1864192K), 0.0475279 secs] [Times: user=0.22 sys=0.01, real=0.05 secs] 
3744.875: [GC (Allocation Failure) [PSYoungGen: 419669K->142257K(465920K)] 1661612K->1454712K(1864192K), 0.0517224 secs] [Times: user=0.26 sys=0.00, real=0.05 secs] 
3744.927: [Full GC (Ergonomics) [PSYoungGen: 142257K->0K(465920K)] [ParOldGen: 1312455K->351418K(1398272K)] 1454712K->351418K(1864192K), [Metaspace: 60341K->60341K(1105920K)], 0.5878680 secs] [Times: user=2.58 sys=0.00, real=0.59 secs] 
3745.855: [GC (Allocation Failure) [PSYoungGen: 232960K->124622K(465920K)] 584378K->476041K(1864192K), 0.0267786 secs] [Times: user=0.10 sys=0.00, real=0.03 secs] 
3746.055: [GC (Allocation Failure) [PSYoungGen: 357582K->175604K(465920K)] 709001K->567256K(1864192K), 0.0367223 secs] [Times: user=0.16 sys=0.00, real=0.04 secs] 
3746.216: [GC (Allocation Failure) [PSYoungGen: 408564K->185143K(465920K)] 800216K->638162K(1864192K), 0.0483789 secs] [Times: user=0.22 sys=0.00, real=0.05 secs] 
3746.416: [GC (Allocation Failure) [PSYoungGen: 418103K->183444K(465920K)] 871122K->695376K(1864192K), 0.0786163 secs] [Times: user=0.40 sys=0.01, real=0.08 secs] 
3747.603: [GC (Allocation Failure) [PSYoungGen: 416404K->99148K(465920K)] 928336K->680439K(1864192K), 0.0639967 secs] [Times: user=0.33 sys=0.00, real=0.06 secs] 
3748.054: [GC (Allocation Failure) [PSYoungGen: 332108K->172948K(465920K)] 913399K->786548K(1864192K), 0.0404289 secs] [Times: user=0.17 sys=0.00, real=0.04 secs] 
3748.215: [GC (Allocation Failure) [PSYoungGen: 405908K->184662K(465920K)] 1019508K->852361K(1864192K), 0.0429402 secs] [Times: user=0.19 sys=0.00, real=0.04 secs] 
3748.411: [GC (Allocation Failure) [PSYoungGen: 417622K->187381K(465920K)] 1085321K->911120K(1864192K), 0.0696416 secs] [Times: user=0.35 sys=0.00, real=0.07 secs] 
3749.389: [GC (Allocation Failure) [PSYoungGen: 420341K->149906K(465920K)] 1144080K->944318K(1864192K), 0.0514696 secs] [Times: user=0.25 sys=0.01, real=0.05 secs] 
3750.477: [GC (Allocation Failure) [PSYoungGen: 382866K->115629K(465920K)] 1177278K->957497K(1864192K), 0.1679247 secs] [Times: user=0.95 sys=0.00, real=0.17 secs] 
3750.812: [GC (Allocation Failure) [PSYoungGen: 348589K->178773K(465920K)] 1190457K->1057766K(1864192K), 0.0373052 secs] [Times: user=0.16 sys=0.00, real=0.04 secs] 
3750.998: [GC (Allocation Failure) [PSYoungGen: 411733K->185399K(465920K)] 1290726K->1126728K(1864192K), 0.0542598 secs] [Times: user=0.26 sys=0.01, real=0.06 secs] 
3751.194: [GC (Allocation Failure) [PSYoungGen: 418359K->186965K(465920K)] 1359688K->1187046K(1864192K), 0.0594864 secs] [Times: user=0.30 sys=0.00, real=0.06 secs] 
3752.262: [GC (Allocation Failure) [PSYoungGen: 419925K->89498K(465920K)] 1420006K->1160220K(1864192K), 0.0660051 secs] [Times: user=0.36 sys=0.00, real=0.06 secs] 
3752.616: [GC (Allocation Failure) [PSYoungGen: 322458K->174517K(465920K)] 1393180K->1274194K(1864192K), 0.0379729 secs] [Times: user=0.16 sys=0.00, real=0.04 secs] 
3752.799: [GC (Allocation Failure) [PSYoungGen: 407477K->184534K(465920K)] 1507154K->1338539K(1864192K), 0.0485619 secs] [Times: user=0.23 sys=0.00, real=0.04 secs] 
3752.990: [GC (Allocation Failure) [PSYoungGen: 410193K->176150K(465920K)] 1564199K->1394331K(1864192K), 0.0508044 secs] [Times: user=0.24 sys=0.00, real=0.05 secs] 
3754.476: [GC (Allocation Failure) [PSYoungGen: 405211K->204755K(465920K)] 1623392K->1478792K(1864192K), 0.0540729 secs] [Times: user=0.27 sys=0.00, real=0.06 secs] 
3755.496: [GC (Allocation Failure) [PSYoungGen: 437715K->93403K(465920K)] 1711752K->1431656K(1864192K), 0.0790102 secs] [Times: user=0.43 sys=0.00, real=0.08 secs] 
3755.575: [Full GC (Ergonomics) [PSYoungGen: 93403K->0K(465920K)] [ParOldGen: 1338253K->110233K(1398272K)] 1431656K->110233K(1864192K), [Metaspace: 60341K->60341K(1105920K)], 0.1552427 secs] [Times: user=0.67 sys=0.00, real=0.16 secs] 
3755.952: [GC (Allocation Failure) [PSYoungGen: 232960K->183126K(465920K)] 343193K->293359K(1864192K), 0.0256524 secs] [Times: user=0.09 sys=0.00, real=0.02 secs] 
3756.096: [GC (Allocation Failure) [PSYoungGen: 416086K->182069K(465920K)] 526319K->349115K(1864192K), 0.0414118 secs] [Times: user=0.19 sys=0.00, real=0.04 secs] 
3756.255: [GC (Allocation Failure) [PSYoungGen: 415029K->186965K(465920K)] 582075K->409626K(1864192K), 0.0449310 secs] [Times: user=0.21 sys=0.00, real=0.05 secs] 
3757.389: [GC (Allocation Failure) [PSYoungGen: 419925K->99116K(465920K)] 642586K->392289K(1864192K), 0.0599207 secs] [Times: user=0.32 sys=0.00, real=0.06 secs] 
3758.652: [GC (Allocation Failure) [PSYoungGen: 332076K->163283K(465920K)] 625249K->488374K(1864192K), 0.0651545 secs] [Times: user=0.32 sys=0.00, real=0.06 secs] 
3758.865: [GC (Allocation Failure) [PSYoungGen: 396243K->184758K(465920K)] 721334K->560900K(1864192K), 0.0412857 secs] [Times: user=0.18 sys=0.00, real=0.04 secs] 
3759.093: [GC (Allocation Failure) [PSYoungGen: 417718K->182006K(465920K)] 793860K->622341K(1864192K), 0.0687239 secs] [Times: user=0.34 sys=0.00, real=0.07 secs] 
3759.325: [GC (Allocation Failure) [PSYoungGen: 414966K->186933K(465920K)] 855301K->684919K(1864192K), 0.0588707 secs] [Times: user=0.30 sys=0.00, real=0.06 secs] 
3760.345: [GC (Allocation Failure) [PSYoungGen: 419893K->89002K(465920K)] 917879K->657513K(1864192K), 0.0493667 secs] [Times: user=0.26 sys=0.00, real=0.05 secs] 
3760.594: [GC (Allocation Failure) [PSYoungGen: 321962K->179701K(465920K)] 890473K->776845K(1864192K), 0.0466821 secs] [Times: user=0.20 sys=0.00, real=0.05 secs] 
3760.778: [GC (Allocation Failure) [PSYoungGen: 412661K->183926K(465920K)] 1009805K->836889K(1864192K), 0.0431206 secs] [Times: user=0.20 sys=0.00, real=0.04 secs] 
3760.935: [GC (Allocation Failure) [PSYoungGen: 416886K->184148K(465920K)] 1069849K->892968K(1864192K), 0.0452689 secs] [Times: user=0.21 sys=0.00, real=0.05 secs] 
3761.937: [GC (Allocation Failure) [PSYoungGen: 417108K->104652K(465920K)] 1125928K->882944K(1864192K), 0.0448280 secs] [Times: user=0.23 sys=0.00, real=0.05 secs] 
3762.523: [GC (Allocation Failure) [PSYoungGen: 337612K->164211K(465920K)] 1115904K->976052K(1864192K), 0.0733017 secs] [Times: user=0.37 sys=0.00, real=0.07 secs] 
3762.736: [GC (Allocation Failure) [PSYoungGen: 397171K->181941K(465920K)] 1209012K->1045322K(1864192K), 0.0420995 secs] [Times: user=0.19 sys=0.00, real=0.04 secs] 
3762.901: [GC (Allocation Failure) [PSYoungGen: 414901K->186007K(465920K)] 1278282K->1113067K(1864192K), 0.0497527 secs] [Times: user=0.23 sys=0.00, real=0.05 secs] 
3763.111: [GC (Allocation Failure) [PSYoungGen: 418967K->186773K(465920K)] 1346027K->1172777K(1864192K), 0.0774377 secs] [Times: user=0.39 sys=0.00, real=0.08 secs] 
3765.040: [GC (Allocation Failure) [PSYoungGen: 419733K->84570K(465920K)] 1405737K->1141198K(1864192K), 0.0897728 secs] [Times: user=0.49 sys=0.00, real=0.09 secs] 
3765.381: [GC (Allocation Failure) [PSYoungGen: 317530K->179989K(465920K)] 1374158K->1263787K(1864192K), 0.0340528 secs] [Times: user=0.14 sys=0.00, real=0.03 secs] 
3765.535: [GC (Allocation Failure) [PSYoungGen: 412949K->184470K(465920K)] 1496747K->1324671K(1864192K), 0.0441638 secs] [Times: user=0.20 sys=0.00, real=0.05 secs] 
3765.697: [GC (Allocation Failure) [PSYoungGen: 417430K->186773K(465920K)] 1557631K->1382958K(1864192K), 0.0462024 secs] [Times: user=0.21 sys=0.00, real=0.05 secs] 
3766.770: [GC (Allocation Failure) [PSYoungGen: 419733K->108893K(465920K)] 1615918K->1375526K(1864192K), 0.0468691 secs] [Times: user=0.24 sys=0.00, real=0.04 secs] 
3767.122: [GC (Allocation Failure) [PSYoungGen: 341853K->157971K(465920K)] 1608486K->1460001K(1864192K), 0.0674321 secs] [Times: user=0.32 sys=0.01, real=0.07 secs] 
3767.325: [GC (Allocation Failure) [PSYoungGen: 390931K->181173K(465920K)] 1692961K->1532656K(1864192K), 0.0417768 secs] [Times: user=0.18 sys=0.00, real=0.04 secs] 
3767.367: [Full GC (Ergonomics) [PSYoungGen: 181173K->0K(465920K)] [ParOldGen: 1351482K->249271K(1398272K)] 1532656K->249271K(1864192K), [Metaspace: 60343K->60343K(1105920K)], 0.3013711 secs] [Times: user=1.38 sys=0.00, real=0.30 secs] 
3767.800: [GC (Allocation Failure) [PSYoungGen: 232960K->185399K(465920K)] 482231K->434670K(1864192K), 0.0786480 secs] [Times: user=0.40 sys=0.00, real=0.08 secs] 
3768.427: [GC (Allocation Failure) [PSYoungGen: 418359K->186293K(465920K)] 667630K->494572K(1864192K), 0.0629509 secs] [Times: user=0.32 sys=0.00, real=0.07 secs] 
3769.507: [GC (Allocation Failure) [PSYoungGen: 419253K->91114K(465920K)] 727532K->469634K(1864192K), 0.0523707 secs] [Times: user=0.28 sys=0.00, real=0.06 secs] 
3769.886: [GC (Allocation Failure) [PSYoungGen: 324074K->180501K(465920K)] 702594K->587970K(1864192K), 0.0439497 secs] [Times: user=0.19 sys=0.00, real=0.05 secs] 
3770.092: [GC (Allocation Failure) [PSYoungGen: 413461K->181845K(465920K)] 820930K->645718K(1864192K), 0.0494037 secs] [Times: user=0.23 sys=0.00, real=0.05 secs] 
3770.281: [GC (Allocation Failure) [PSYoungGen: 414805K->186741K(465920K)] 878678K->705877K(1864192K), 0.0641149 secs] [Times: user=0.31 sys=0.00, real=0.06 secs] 
3771.310: [GC (Allocation Failure) [PSYoungGen: 419701K->113629K(465920K)] 938837K->703206K(1864192K), 0.0471245 secs] [Times: user=0.24 sys=0.00, real=0.04 secs] 
3772.642: [GC (Allocation Failure) [PSYoungGen: 346589K->150450K(465920K)] 936166K->776103K(1864192K), 0.0810420 secs] [Times: user=0.41 sys=0.00, real=0.08 secs] 
3772.865: [GC (Allocation Failure) [PSYoungGen: 383410K->184310K(465920K)] 1009063K->857207K(1864192K), 0.0410118 secs] [Times: user=0.18 sys=0.00, real=0.04 secs] 
3773.029: [GC (Allocation Failure) [PSYoungGen: 417270K->186039K(465920K)] 1090167K->923000K(1864192K), 0.0501762 secs] [Times: user=0.23 sys=0.00, real=0.05 secs] 
3773.242: [GC (Allocation Failure) [PSYoungGen: 418999K->186229K(465920K)] 1155960K->982046K(1864192K), 0.0729212 secs] [Times: user=0.38 sys=0.00, real=0.07 secs] 
3774.318: [GC (Allocation Failure) [PSYoungGen: 419189K->88634K(465920K)] 1215006K->954860K(1864192K), 0.0532431 secs] [Times: user=0.28 sys=0.00, real=0.06 secs] 
3774.665: [GC (Allocation Failure) [PSYoungGen: 321594K->174485K(465920K)] 1187820K->1069575K(1864192K), 0.0469321 secs] [Times: user=0.21 sys=0.00, real=0.05 secs] 
3774.909: [GC (Allocation Failure) [PSYoungGen: 407445K->184374K(465920K)] 1302535K->1133783K(1864192K), 0.0615869 secs] [Times: user=0.30 sys=0.00, real=0.06 secs] 
3775.131: [GC (Allocation Failure) [PSYoungGen: 417334K->186997K(465920K)] 1366743K->1192431K(1864192K), 0.0471100 secs] [Times: user=0.22 sys=0.00, real=0.05 secs] 
3776.509: [GC (Allocation Failure) [PSYoungGen: 419957K->121359K(465920K)] 1425391K->1197401K(1864192K), 0.0493938 secs] [Times: user=0.24 sys=0.00, real=0.05 secs] 
3776.814: [GC (Allocation Failure) [PSYoungGen: 354319K->149905K(465920K)] 1430361K->1264363K(1864192K), 0.0621681 secs] [Times: user=0.32 sys=0.00, real=0.06 secs] 
3777.020: [GC (Allocation Failure) [PSYoungGen: 382865K->192021K(465920K)] 1497323K->1353536K(1864192K), 0.0463970 secs] [Times: user=0.22 sys=0.00, real=0.04 secs] 
3777.212: [GC (Allocation Failure) [PSYoungGen: 424981K->184951K(465920K)] 1586496K->1410729K(1864192K), 0.0519397 secs] [Times: user=0.25 sys=0.00, real=0.05 secs] 
3777.382: [GC (Allocation Failure) [PSYoungGen: 417911K->183348K(465920K)] 1643689K->1467767K(1864192K), 0.0579648 secs] [Times: user=0.29 sys=0.00, real=0.06 secs] 
3778.747: [GC (Allocation Failure) [PSYoungGen: 416308K->92459K(465920K)] 1700727K->1446230K(1864192K), 0.0724949 secs] [Times: user=0.39 sys=0.00, real=0.08 secs] 
3778.820: [Full GC (Ergonomics) [PSYoungGen: 92459K->0K(465920K)] [ParOldGen: 1353770K->101028K(1398272K)] 1446230K->101028K(1864192K), [Metaspace: 60343K->60343K(1105920K)], 0.1160027 secs] [Times: user=0.47 sys=0.00, real=0.11 secs] 
3779.248: [GC (Allocation Failure) [PSYoungGen: 232960K->179989K(465920K)] 333988K->281017K(1864192K), 0.0241841 secs] [Times: user=0.08 sys=0.00, real=0.02 secs] 
3779.450: [GC (GCLocker Initiated GC) [PSYoungGen: 412949K->184118K(465920K)] 513977K->340382K(1864192K), 0.0640107 secs] [Times: user=0.31 sys=0.01, real=0.06 secs] 
3779.651: [GC (Allocation Failure) [PSYoungGen: 417078K->187061K(465920K)] 573345K->399048K(1864192K), 0.0446744 secs] [Times: user=0.20 sys=0.00, real=0.04 secs] 
3780.623: [GC (Allocation Failure) [PSYoungGen: 420021K->121935K(465920K)] 632008K->404410K(1864192K), 0.0463921 secs] [Times: user=0.24 sys=0.00, real=0.05 secs] 
3781.552: [GC (Allocation Failure) [PSYoungGen: 354851K->141841K(465920K)] 637326K->462848K(1864192K), 0.0882765 secs] [Times: user=0.47 sys=0.01, real=0.09 secs] 
3781.828: [GC (Allocation Failure) [PSYoungGen: 374801K->178933K(465920K)] 695808K->545691K(1864192K), 0.0520344 secs] [Times: user=0.25 sys=0.00, real=0.06 secs] 
3782.007: [GC (Allocation Failure) [PSYoungGen: 411893K->185495K(465920K)] 778651K->614573K(1864192K), 0.0489218 secs] [Times: user=0.22 sys=0.00, real=0.05 secs] 
3782.168: [GC (Allocation Failure) [PSYoungGen: 418455K->186677K(465920K)] 847533K->674563K(1864192K), 0.0561599 secs] [Times: user=0.27 sys=0.00, real=0.05 secs] 
3783.205: [GC (Allocation Failure) [PSYoungGen: 419637K->90314K(465920K)] 907523K->648625K(1864192K), 0.0423867 secs] [Times: user=0.22 sys=0.00, real=0.04 secs] 
3783.512: [GC (Allocation Failure) [PSYoungGen: 323274K->175189K(465920K)] 881585K->762748K(1864192K), 0.0463398 secs] [Times: user=0.19 sys=0.01, real=0.05 secs] 
3783.698: [GC (Allocation Failure) [PSYoungGen: 408149K->184054K(465920K)] 995708K->826004K(1864192K), 0.0438248 secs] [Times: user=0.20 sys=0.00, real=0.04 secs] 
3783.857: [GC (Allocation Failure) [PSYoungGen: 417014K->187061K(465920K)] 1058964K->884692K(1864192K), 0.0465544 secs] [Times: user=0.21 sys=0.00, real=0.05 secs] 
3785.414: [GC (Allocation Failure) [PSYoungGen: 420021K->131152K(465920K)] 1117652K->899303K(1864192K), 0.0491998 secs] [Times: user=0.24 sys=0.00, real=0.05 secs] 
3786.104: [GC (GCLocker Initiated GC) [PSYoungGen: 364112K->134176K(465920K)] 1132263K->943775K(1864192K), 0.1184538 secs] [Times: user=0.65 sys=0.01, real=0.12 secs] 
3786.370: [GC (Allocation Failure) [PSYoungGen: 367136K->178357K(465920K)] 1176901K->1031291K(1864192K), 0.0390828 secs] [Times: user=0.17 sys=0.00, real=0.04 secs] 
3786.593: [GC (Allocation Failure) [PSYoungGen: 411317K->185623K(465920K)] 1264251K->1100761K(1864192K), 0.0778651 secs] [Times: user=0.39 sys=0.00, real=0.08 secs] 
3786.850: [GC (Allocation Failure) [PSYoungGen: 418583K->183284K(465920K)] 1333721K->1157271K(1864192K), 0.0636533 secs] [Times: user=0.32 sys=0.00, real=0.06 secs] 
3788.041: [GC (Allocation Failure) [PSYoungGen: 416244K->93019K(465920K)] 1390231K->1136261K(1864192K), 0.0543898 secs] [Times: user=0.28 sys=0.01, real=0.05 secs] 
3788.452: [GC (Allocation Failure) [PSYoungGen: 325979K->177685K(465920K)] 1369221K->1250605K(1864192K), 0.0496449 secs] [Times: user=0.22 sys=0.00, real=0.05 secs] 
3788.639: [GC (Allocation Failure) [PSYoungGen: 410645K->184918K(465920K)] 1483565K->1313573K(1864192K), 0.0437822 secs] [Times: user=0.20 sys=0.00, real=0.04 secs] 
3788.795: [GC (Allocation Failure) [PSYoungGen: 417878K->186677K(465920K)] 1546533K->1371461K(1864192K), 0.0461138 secs] [Times: user=0.22 sys=0.00, real=0.05 secs] 
3789.763: [GC (Allocation Failure) [PSYoungGen: 419637K->137841K(465920K)] 1604421K->1393097K(1864192K), 0.0502066 secs] [Times: user=0.25 sys=0.00, real=0.05 secs] 
3790.096: [GC (Allocation Failure) [PSYoungGen: 370801K->129647K(465920K)] 1626057K->1428527K(1864192K), 0.0732018 secs] [Times: user=0.38 sys=0.01, real=0.08 secs] 
3790.290: [GC (Allocation Failure) [PSYoungGen: 362542K->178325K(465920K)] 1661422K->1518653K(1864192K), 0.0389775 secs] [Times: user=0.16 sys=0.00, real=0.04 secs] 
3790.329: [Full GC (Ergonomics) [PSYoungGen: 178325K->0K(465920K)] [ParOldGen: 1340328K->236849K(1398272K)] 1518653K->236849K(1864192K), [Metaspace: 60343K->60343K(1105920K)], 0.2793266 secs] [Times: user=1.28 sys=0.00, real=0.28 secs] 
3790.732: [GC (Allocation Failure) [PSYoungGen: 232960K->185335K(465920K)] 469809K->422184K(1864192K), 0.0918523 secs] [Times: user=0.48 sys=0.00, real=0.09 secs] 
3790.938: [GC (Allocation Failure) [PSYoungGen: 418256K->186677K(465920K)] 655106K->482414K(1864192K), 0.0580065 secs] [Times: user=0.28 sys=0.00, real=0.05 secs] 
3792.007: [GC (Allocation Failure) [PSYoungGen: 419637K->87642K(465920K)] 715374K->453772K(1864192K), 0.0505727 secs] [Times: user=0.27 sys=0.00, real=0.05 secs] 
3792.687: [GC (Allocation Failure) [PSYoungGen: 320559K->175797K(465920K)] 686689K->569731K(1864192K), 0.0425130 secs] [Times: user=0.18 sys=0.00, real=0.05 secs] 
3792.863: [GC (Allocation Failure) [PSYoungGen: 408757K->182037K(465920K)] 802691K->630944K(1864192K), 0.0432295 secs] [Times: user=0.19 sys=0.00, real=0.04 secs] 
3793.024: [GC (Allocation Failure) [PSYoungGen: 414997K->187477K(465920K)] 863904K->691784K(1864192K), 0.0456689 secs] [Times: user=0.21 sys=0.00, real=0.05 secs] 
3794.032: [GC (Allocation Failure) [PSYoungGen: 420437K->149234K(465920K)] 924744K->724085K(1864192K), 0.0509339 secs] [Times: user=0.25 sys=0.00, real=0.05 secs] 
3795.398: [GC (Allocation Failure) [PSYoungGen: 382194K->120942K(465920K)] 957045K->743097K(1864192K), 0.1333917 secs] [Times: user=0.75 sys=0.00, real=0.14 secs] 
3795.716: [GC (Allocation Failure) [PSYoungGen: 353902K->175604K(465920K)] 976057K->836456K(1864192K), 0.0368288 secs] [Times: user=0.16 sys=0.00, real=0.04 secs] 
3795.875: [GC (Allocation Failure) [PSYoungGen: 408564K->185207K(465920K)] 1069416K->907714K(1864192K), 0.0488843 secs] [Times: user=0.22 sys=0.00, real=0.05 secs] 
3796.038: [GC (Allocation Failure) [PSYoungGen: 418167K->183348K(465920K)] 1140674K->964832K(1864192K), 0.0567347 secs] [Times: user=0.28 sys=0.00, real=0.06 secs] 
3797.042: [GC (Allocation Failure) [PSYoungGen: 416308K->100156K(465920K)] 1197792K->950975K(1864192K), 0.0452663 secs] [Times: user=0.24 sys=0.00, real=0.04 secs] 
3797.389: [GC (GCLocker Initiated GC) [PSYoungGen: 333116K->167412K(465920K)] 1183938K->1050767K(1864192K), 0.0579238 secs] [Times: user=0.27 sys=0.00, real=0.05 secs] 
3797.592: [GC (Allocation Failure) [PSYoungGen: 400372K->181685K(465920K)] 1284021K->1117575K(1864192K), 0.0449490 secs] [Times: user=0.20 sys=0.00, real=0.04 secs] 
3797.783: [GC (Allocation Failure) [PSYoungGen: 404569K->177750K(465920K)] 1340459K->1176979K(1864192K), 0.0623611 secs] [Times: user=0.31 sys=0.00, real=0.06 secs] 
3799.438: [GC (Allocation Failure) [PSYoungGen: 407241K->190163K(465920K)] 1406471K->1245880K(1864192K), 0.0540303 secs] [Times: user=0.27 sys=0.00, real=0.06 secs] 
3799.929: [GC (Allocation Failure) [PSYoungGen: 423123K->97195K(465920K)] 1478840K->1217769K(1864192K), 0.0763084 secs] [Times: user=0.40 sys=0.00, real=0.07 secs] 
3800.367: [GC (Allocation Failure) [PSYoungGen: 330155K->182486K(465920K)] 1450729K->1334584K(1864192K), 0.0355275 secs] [Times: user=0.14 sys=0.01, real=0.04 secs] 
3800.577: [GC (Allocation Failure) [PSYoungGen: 415446K->184534K(465920K)] 1567544K->1393348K(1864192K), 0.0606107 secs] [Times: user=0.29 sys=0.00, real=0.06 secs] 
3800.803: [GC (Allocation Failure) [PSYoungGen: 417494K->184020K(465920K)] 1626308K->1448882K(1864192K), 0.0616280 secs] [Times: user=0.30 sys=0.00, real=0.06 secs] 
3802.033: [GC (Allocation Failure) [PSYoungGen: 416980K->100380K(465920K)] 1681842K->1434658K(1864192K), 0.0612657 secs] [Times: user=0.32 sys=0.00, real=0.06 secs] 
3802.095: [Full GC (Ergonomics) [PSYoungGen: 100380K->0K(465920K)] [ParOldGen: 1334278K->91173K(1398272K)] 1434658K->91173K(1864192K), [Metaspace: 60343K->60343K(1105920K)], 0.0441656 secs] [Times: user=0.14 sys=0.00, real=0.05 secs] 
3802.804: [GC (Allocation Failure) [PSYoungGen: 232960K->167476K(465920K)] 324133K->258649K(1864192K), 0.0327581 secs] [Times: user=0.12 sys=0.00, real=0.03 secs] 
3802.977: [GC (Allocation Failure) [PSYoungGen: 400436K->192278K(465920K)] 491609K->335707K(1864192K), 0.0416472 secs] [Times: user=0.19 sys=0.00, real=0.05 secs] 
3803.138: [GC (Allocation Failure) [PSYoungGen: 425238K->186103K(465920K)] 568667K->393588K(1864192K), 0.0493008 secs] [Times: user=0.23 sys=0.00, real=0.04 secs] 
3803.482: [GC (Allocation Failure) [PSYoungGen: 417905K->213684K(465920K)] 625390K->480209K(1864192K), 0.0542253 secs] [Times: user=0.27 sys=0.00, real=0.05 secs] 
3804.457: [GC (Allocation Failure) [PSYoungGen: 446644K->87674K(465920K)] 713169K->422263K(1864192K), 0.0499571 secs] [Times: user=0.27 sys=0.00, real=0.05 secs] 
3804.745: [GC (Allocation Failure) [PSYoungGen: 320634K->182934K(465920K)] 655223K->545263K(1864192K), 0.0489380 secs] [Times: user=0.21 sys=0.01, real=0.05 secs] 
3804.936: [GC (Allocation Failure) [PSYoungGen: 415894K->184598K(465920K)] 778223K->603923K(1864192K), 0.0441023 secs] [Times: user=0.20 sys=0.00, real=0.05 secs] 
3805.200: [GC (Allocation Failure) [PSYoungGen: 417558K->186741K(465920K)] 836883K->662154K(1864192K), 0.0515669 secs] [Times: user=0.24 sys=0.00, real=0.05 secs] 
3806.282: [GC (Allocation Failure) [PSYoungGen: 419701K->98092K(465920K)] 895114K->644137K(1864192K), 0.0453086 secs] [Times: user=0.24 sys=0.00, real=0.04 secs] 
3807.188: [GC (Allocation Failure) [PSYoungGen: 331052K->161843K(465920K)] 877097K->739493K(1864192K), 0.0607193 secs] [Times: user=0.29 sys=0.00, real=0.07 secs] 
3807.438: [GC (Allocation Failure) [PSYoungGen: 394803K->182101K(465920K)] 972453K->810604K(1864192K), 0.0546039 secs] [Times: user=0.26 sys=0.01, real=0.05 secs] 
3807.668: [GC (Allocation Failure) [PSYoungGen: 415061K->185783K(465920K)] 1043564K->878093K(1864192K), 0.0699707 secs] [Times: user=0.34 sys=0.00, real=0.07 secs] 
3807.860: [GC (Allocation Failure) [PSYoungGen: 418743K->186613K(465920K)] 1111053K->937875K(1864192K), 0.0558347 secs] [Times: user=0.27 sys=0.00, real=0.05 secs] 
3809.334: [GC (Allocation Failure) [PSYoungGen: 419573K->88714K(465920K)] 1170835K->910441K(1864192K), 0.1090661 secs] [Times: user=0.61 sys=0.00, real=0.11 secs] 
3809.723: [GC (Allocation Failure) [PSYoungGen: 321674K->180085K(465920K)] 1143401K->1030305K(1864192K), 0.0341578 secs] [Times: user=0.14 sys=0.00, real=0.03 secs] 
3809.878: [GC (Allocation Failure) [PSYoungGen: 413045K->184854K(465920K)] 1263265K->1091413K(1864192K), 0.0434848 secs] [Times: user=0.19 sys=0.00, real=0.05 secs] 
3810.039: [GC (Allocation Failure) [PSYoungGen: 417814K->186549K(465920K)] 1324373K->1149172K(1864192K), 0.0452679 secs] [Times: user=0.21 sys=0.00, real=0.04 secs] 
3811.045: [GC (Allocation Failure) [PSYoungGen: 419509K->104892K(465920K)] 1382132K->1137740K(1864192K), 0.0450535 secs] [Times: user=0.23 sys=0.00, real=0.05 secs] 
3811.296: [GC (GCLocker Initiated GC) [PSYoungGen: 337852K->160307K(465920K)] 1370700K->1227587K(1864192K), 0.0466589 secs] [Times: user=0.22 sys=0.00, real=0.05 secs] 
3811.463: [GC (Allocation Failure) [PSYoungGen: 393267K->192886K(465920K)] 1460586K->1310357K(1864192K), 0.0418368 secs] [Times: user=0.18 sys=0.00, real=0.04 secs] 
3811.623: [GC (Allocation Failure) [PSYoungGen: 425846K->180502K(465920K)] 1543317K->1362181K(1864192K), 0.0492539 secs] [Times: user=0.22 sys=0.00, real=0.05 secs] 
3811.961: [GC (Allocation Failure) [PSYoungGen: 413462K->181908K(465920K)] 1595141K->1420788K(1864192K), 0.0596680 secs] [Times: user=0.29 sys=0.00, real=0.06 secs] 
3813.525: [GC (GCLocker Initiated GC) [PSYoungGen: 414868K->93675K(465920K)] 1653748K->1401450K(1864192K), 0.0502224 secs] [Times: user=0.27 sys=0.00, real=0.05 secs] 
3813.903: [GC (Allocation Failure) [PSYoungGen: 326635K->175061K(465920K)] 1634449K->1512568K(1864192K), 0.0488463 secs] [Times: user=0.21 sys=0.00, real=0.05 secs] 
3813.952: [Full GC (Ergonomics) [PSYoungGen: 175061K->0K(465920K)] [ParOldGen: 1337507K->215317K(1398272K)] 1512568K->215317K(1864192K), [Metaspace: 60344K->60344K(1105920K)], 0.2543639 secs] [Times: user=1.17 sys=0.00, real=0.25 secs] 
3814.331: [GC (GCLocker Initiated GC) [PSYoungGen: 232960K->181685K(465920K)] 448277K->397003K(1864192K), 0.0265253 secs] [Times: user=0.09 sys=0.00, real=0.02 secs] 
3814.495: [GC (Allocation Failure) [PSYoungGen: 414645K->184276K(465920K)] 629966K->454677K(1864192K), 0.0441447 secs] [Times: user=0.20 sys=0.00, real=0.05 secs] 
3815.509: [GC (Allocation Failure) [PSYoungGen: 417236K->120399K(465920K)] 687637K->460335K(1864192K), 0.0462366 secs] [Times: user=0.23 sys=0.00, real=0.04 secs] 
3817.142: [GC (Allocation Failure) [PSYoungGen: 352754K->142145K(465920K)] 692691K->520125K(1864192K), 0.0974208 secs] [Times: user=0.52 sys=0.00, real=0.10 secs] 
3817.436: [GC (Allocation Failure) [PSYoungGen: 375105K->177909K(465920K)] 753085K->601058K(1864192K), 0.0457764 secs] [Times: user=0.21 sys=0.00, real=0.05 secs] 
3817.631: [GC (Allocation Failure) [PSYoungGen: 410869K->186039K(465920K)] 834018K->671092K(1864192K), 0.0545998 secs] [Times: user=0.27 sys=0.00, real=0.05 secs] 
3817.815: [GC (Allocation Failure) [PSYoungGen: 418999K->187093K(465920K)] 904052K->731338K(1864192K), 0.0572717 secs] [Times: user=0.28 sys=0.00, real=0.06 secs] 
3818.842: [GC (Allocation Failure) [PSYoungGen: 420053K->90458K(465920K)] 964298K->705320K(1864192K), 0.0452855 secs] [Times: user=0.23 sys=0.00, real=0.04 secs] 
3819.200: [GC (Allocation Failure) [PSYoungGen: 323418K->177301K(465920K)] 938280K->821188K(1864192K), 0.0442611 secs] [Times: user=0.19 sys=0.00, real=0.04 secs] 
3819.453: [GC (Allocation Failure) [PSYoungGen: 410261K->180757K(465920K)] 1054148K->879992K(1864192K), 0.0593256 secs] [Times: user=0.28 sys=0.00, real=0.06 secs] 
3819.640: [GC (Allocation Failure) [PSYoungGen: 413717K->187221K(465920K)] 1112952K->941295K(1864192K), 0.0452284 secs] [Times: user=0.21 sys=0.00, real=0.04 secs] 
3820.626: [GC (Allocation Failure) [PSYoungGen: 420181K->132656K(465920K)] 1174255K->957395K(1864192K), 0.0489179 secs] [Times: user=0.24 sys=0.00, real=0.05 secs] 
3821.113: [GC (Allocation Failure) [PSYoungGen: 365616K->140913K(465920K)] 1190355K->1007795K(1864192K), 0.1128932 secs] [Times: user=0.62 sys=0.00, real=0.11 secs] 
3821.422: [GC (Allocation Failure) [PSYoungGen: 373873K->173140K(465920K)] 1240755K->1085276K(1864192K), 0.0439387 secs] [Times: user=0.21 sys=0.00, real=0.04 secs] 
3821.587: [GC (Allocation Failure) [PSYoungGen: 406100K->185495K(465920K)] 1318236K->1166862K(1864192K), 0.0491008 secs] [Times: user=0.23 sys=0.00, real=0.05 secs] 
3821.751: [GC (Allocation Failure) [PSYoungGen: 418455K->186293K(465920K)] 1399822K->1226548K(1864192K), 0.0579794 secs] [Times: user=0.28 sys=0.00, real=0.06 secs] 
3823.207: [GC (Allocation Failure) [PSYoungGen: 419253K->90794K(465920K)] 1459508K->1201278K(1864192K), 0.1161325 secs] [Times: user=0.64 sys=0.00, real=0.12 secs] 
3824.468: [GC (Allocation Failure) [PSYoungGen: 323754K->171124K(465920K)] 1434238K->1310945K(1864192K), 0.0446354 secs] [Times: user=0.19 sys=0.00, real=0.05 secs] 
3824.649: [GC (Allocation Failure) [PSYoungGen: 404084K->184694K(465920K)] 1543905K->1377958K(1864192K), 0.0430973 secs] [Times: user=0.19 sys=0.00, real=0.04 secs] 
3824.810: [GC (Allocation Failure) [PSYoungGen: 417654K->187221K(465920K)] 1610918K->1436405K(1864192K), 0.0466003 secs] [Times: user=0.21 sys=0.00, real=0.04 secs] 
3825.844: [GC (Allocation Failure) [PSYoungGen: 420181K->141105K(465920K)] 1669365K->1460882K(1864192K), 0.0506657 secs] [Times: user=0.25 sys=0.00, real=0.05 secs] 
3825.895: [Full GC (Ergonomics) [PSYoungGen: 141105K->0K(465920K)] [ParOldGen: 1319776K->350281K(1398272K)] 1460882K->350281K(1864192K), [Metaspace: 60345K->60345K(1105920K)], 0.5739865 secs] [Times: user=2.50 sys=0.00, real=0.58 secs] 
3826.727: [GC (Allocation Failure) [PSYoungGen: 232960K->123374K(465920K)] 583241K->473656K(1864192K), 0.0230800 secs] [Times: user=0.08 sys=0.00, real=0.03 secs] 
3826.892: [GC (Allocation Failure) [PSYoungGen: 356334K->177237K(465920K)] 706616K->566599K(1864192K), 0.0370360 secs] [Times: user=0.16 sys=0.00, real=0.04 secs] 
3827.051: [GC (Allocation Failure) [PSYoungGen: 410197K->185463K(465920K)] 799559K->636653K(1864192K), 0.0487262 secs] [Times: user=0.23 sys=0.00, real=0.05 secs] 
3827.678: [GC (Allocation Failure) [PSYoungGen: 418423K->182452K(465920K)] 869613K->692675K(1864192K), 0.1030538 secs] [Times: user=0.54 sys=0.00, real=0.11 secs] 
3828.797: [GC (Allocation Failure) [PSYoungGen: 415412K->99067K(465920K)] 925635K->678426K(1864192K), 0.0483470 secs] [Times: user=0.25 sys=0.00, real=0.05 secs] 
3829.703: [GC (GCLocker Initiated GC) [PSYoungGen: 332027K->163603K(465920K)] 911386K->774567K(1864192K), 0.0501389 secs] [Times: user=0.23 sys=0.00, real=0.05 secs] 
3829.897: [GC (Allocation Failure) [PSYoungGen: 396563K->184790K(465920K)] 1007530K->847396K(1864192K), 0.0417522 secs] [Times: user=0.19 sys=0.00, real=0.05 secs] 
3830.085: [GC (Allocation Failure) [PSYoungGen: 410985K->177782K(465920K)] 1073592K->904596K(1864192K), 0.0708581 secs] [Times: user=0.34 sys=0.01, real=0.07 secs] 
3831.032: [GC (Allocation Failure) [PSYoungGen: 410742K->168883K(401920K)] 1137556K->952169K(1800192K), 0.0558642 secs] [Times: user=0.28 sys=0.00, real=0.05 secs] 
3831.953: [GC (GCLocker Initiated GC) [PSYoungGen: 401843K->108653K(461824K)] 1185129K->956723K(1860096K), 0.0877520 secs] [Times: user=0.47 sys=0.00, real=0.09 secs] 
3832.221: [GC (Allocation Failure) [PSYoungGen: 339565K->170869K(463872K)] 1195830K->1062151K(1862144K), 0.1283764 secs] [Times: user=0.65 sys=0.00, real=0.13 secs] 
3832.472: [GC (Allocation Failure) [PSYoungGen: 401781K->183126K(464384K)] 1293063K->1129313K(1862656K), 0.1657833 secs] [Times: user=0.93 sys=0.01, real=0.17 secs] 
3832.755: [GC (Allocation Failure) [PSYoungGen: 416598K->186613K(465920K)] 1362785K->1190831K(1864192K), 0.0580455 secs] [Times: user=0.29 sys=0.00, real=0.06 secs] 
3833.858: [GC (Allocation Failure) [PSYoungGen: 420085K->97147K(465920K)] 1424303K->1171918K(1864192K), 0.0465854 secs] [Times: user=0.24 sys=0.00, real=0.04 secs] 
3834.158: [GC (Allocation Failure) [PSYoungGen: 330107K->173941K(465920K)] 1404878K->1280016K(1864192K), 0.0645053 secs] [Times: user=0.31 sys=0.00, real=0.07 secs] 
3834.433: [GC (Allocation Failure) [PSYoungGen: 406901K->184342K(465920K)] 1512976K->1344901K(1864192K), 0.0568111 secs] [Times: user=0.27 sys=0.00, real=0.06 secs] 
3834.647: [GC (Allocation Failure) [PSYoungGen: 410881K->178486K(465920K)] 1571441K->1403093K(1864192K), 0.0544772 secs] [Times: user=0.26 sys=0.00, real=0.06 secs] 
3835.127: [GC (Allocation Failure) [PSYoungGen: 408097K->204499K(465920K)] 1632704K->1486018K(1864192K), 0.0522740 secs] [Times: user=0.26 sys=0.00, real=0.06 secs] 
3836.082: [GC (Allocation Failure) [PSYoungGen: 437459K->94171K(465920K)] 1718978K->1440406K(1864192K), 0.0676766 secs] [Times: user=0.36 sys=0.01, real=0.07 secs] 
3836.150: [Full GC (Ergonomics) [PSYoungGen: 94171K->0K(465920K)] [ParOldGen: 1346235K->110890K(1398272K)] 1440406K->110890K(1864192K), [Metaspace: 60345K->60345K(1105920K)], 0.1465531 secs] [Times: user=0.63 sys=0.00, real=0.14 secs] 
3836.495: [GC (Allocation Failure) [PSYoungGen: 232960K->186998K(465920K)] 343850K->297889K(1864192K), 0.0256231 secs] [Times: user=0.09 sys=0.00, real=0.03 secs] 
3836.638: [GC (Allocation Failure) [PSYoungGen: 419958K->184726K(465920K)] 530849K->352753K(1864192K), 0.0413874 secs] [Times: user=0.18 sys=0.00, real=0.05 secs] 
3836.792: [GC (Allocation Failure) [PSYoungGen: 417686K->186837K(465920K)] 585713K->410684K(1864192K), 0.0446868 secs] [Times: user=0.20 sys=0.00, real=0.04 secs] 
3837.871: [GC (Allocation Failure) [PSYoungGen: 419797K->96027K(465920K)] 643644K->390366K(1864192K), 0.0513126 secs] [Times: user=0.28 sys=0.00, real=0.05 secs] 
3839.095: [GC (Allocation Failure) [PSYoungGen: 328987K->167764K(465920K)] 623326K->493160K(1864192K), 0.0614175 secs] [Times: user=0.30 sys=0.00, real=0.06 secs] 
3839.297: [GC (Allocation Failure) [PSYoungGen: 400724K->183349K(465920K)] 726120K->561225K(1864192K), 0.0429247 secs] [Times: user=0.20 sys=0.00, real=0.05 secs] 
3839.459: [GC (Allocation Failure) [PSYoungGen: 416309K->186071K(465920K)] 794185K->627751K(1864192K), 0.0503522 secs] [Times: user=0.23 sys=0.00, real=0.05 secs] 
3839.738: [GC (Allocation Failure) [PSYoungGen: 418514K->200532K(465920K)] 860194K->701245K(1864192K), 0.0545193 secs] [Times: user=0.27 sys=0.00, real=0.06 secs] 
3841.016: [GC (Allocation Failure) [PSYoungGen: 433492K->84105K(465920K)] 934205K->654082K(1864192K), 0.0850215 secs] [Times: user=0.46 sys=0.01, real=0.09 secs] 
3841.311: [GC (Allocation Failure) [PSYoungGen: 317065K->182870K(465920K)] 887042K->779659K(1864192K), 0.0338554 secs] [Times: user=0.14 sys=0.00, real=0.03 secs] 
3841.490: [GC (Allocation Failure) [PSYoungGen: 415830K->184662K(465920K)] 1012619K->838383K(1864192K), 0.0486690 secs] [Times: user=0.22 sys=0.00, real=0.05 secs] 
3841.672: [GC (Allocation Failure) [PSYoungGen: 417622K->186677K(465920K)] 1071343K->896302K(1864192K), 0.0453140 secs] [Times: user=0.21 sys=0.00, real=0.04 secs] 
3842.655: [GC (Allocation Failure) [PSYoungGen: 419637K->100764K(465920K)] 1129262K->881069K(1864192K), 0.0448936 secs] [Times: user=0.23 sys=0.00, real=0.05 secs] 
3843.037: [GC (GCLocker Initiated GC) [PSYoungGen: 333724K->164468K(465920K)] 1114029K->977773K(1864192K), 0.0875802 secs] [Times: user=0.45 sys=0.00, real=0.09 secs] 
3843.279: [GC (Allocation Failure) [PSYoungGen: 397428K->192342K(465920K)] 1210736K->1056866K(1864192K), 0.0428592 secs] [Times: user=0.20 sys=0.00, real=0.04 secs] 
3843.469: [GC (Allocation Failure) [PSYoungGen: 425302K->183030K(465920K)] 1289826K->1111659K(1864192K), 0.0597698 secs] [Times: user=0.29 sys=0.00, real=0.06 secs] 
3843.762: [GC (Allocation Failure) [PSYoungGen: 415990K->185301K(465920K)] 1344619K->1171865K(1864192K), 0.0858903 secs] [Times: user=0.45 sys=0.00, real=0.09 secs] 
3844.963: [GC (Allocation Failure) [PSYoungGen: 418261K->90122K(465920K)] 1404825K->1146575K(1864192K), 0.0672694 secs] [Times: user=0.36 sys=0.00, real=0.07 secs] 
3845.413: [GC (Allocation Failure) [PSYoungGen: 323082K->179893K(465920K)] 1379535K->1265147K(1864192K), 0.0466945 secs] [Times: user=0.20 sys=0.00, real=0.05 secs] 
3845.593: [GC (Allocation Failure) [PSYoungGen: 412853K->184758K(465920K)] 1498107K->1326243K(1864192K), 0.0457758 secs] [Times: user=0.20 sys=0.01, real=0.05 secs] 
3845.848: [GC (Allocation Failure) [PSYoungGen: 417718K->186389K(465920K)] 1559203K->1383786K(1864192K), 0.0630958 secs] [Times: user=0.31 sys=0.00, real=0.06 secs] 
3847.147: [GC (Allocation Failure) [PSYoungGen: 419349K->103724K(465920K)] 1616746K->1371410K(1864192K), 0.0484688 secs] [Times: user=0.25 sys=0.00, real=0.05 secs] 
3848.085: [GC (Allocation Failure) [PSYoungGen: 336684K->159539K(465920K)] 1604370K->1460325K(1864192K), 0.0732355 secs] [Times: user=0.37 sys=0.00, real=0.07 secs] 
3848.335: [GC (Allocation Failure) [PSYoungGen: 392499K->184854K(465920K)] 1693285K->1535540K(1864192K), 0.0589120 secs] [Times: user=0.28 sys=0.00, real=0.06 secs] 
3848.394: [Full GC (Ergonomics) [PSYoungGen: 184854K->0K(465920K)] [ParOldGen: 1350686K->252851K(1398272K)] 1535540K->252851K(1864192K), [Metaspace: 60345K->60345K(1105920K)], 0.3065908 secs] [Times: user=1.41 sys=0.00, real=0.31 secs] 
3848.818: [GC (Allocation Failure) [PSYoungGen: 232960K->180694K(465920K)] 485811K->433546K(1864192K), 0.0828887 secs] [Times: user=0.43 sys=0.01, real=0.09 secs] 
3849.014: [GC (Allocation Failure) [PSYoungGen: 413654K->183988K(465920K)] 666506K->494840K(1864192K), 0.0556704 secs] [Times: user=0.26 sys=0.01, real=0.06 secs] 
3849.999: [GC (Allocation Failure) [PSYoungGen: 416948K->92235K(465920K)] 727800K->472643K(1864192K), 0.0401291 secs] [Times: user=0.20 sys=0.00, real=0.04 secs] 
3850.265: [GC (Allocation Failure) [PSYoungGen: 325195K->178837K(465920K)] 705603K->588849K(1864192K), 0.0508445 secs] [Times: user=0.22 sys=0.00, real=0.05 secs] 
3850.472: [GC (Allocation Failure) [PSYoungGen: 411797K->184470K(465920K)] 821809K->650134K(1864192K), 0.0430256 secs] [Times: user=0.19 sys=0.00, real=0.04 secs] 
3850.631: [GC (Allocation Failure) [PSYoungGen: 417430K->186645K(465920K)] 883094K->708365K(1864192K), 0.0455567 secs] [Times: user=0.21 sys=0.00, real=0.04 secs] 
3851.697: [GC (Allocation Failure) [PSYoungGen: 419605K->111501K(465920K)] 941325K->703533K(1864192K), 0.0467084 secs] [Times: user=0.24 sys=0.00, real=0.05 secs] 
3852.476: [GC (Allocation Failure) [PSYoungGen: 344461K->155570K(465920K)] 936493K->783247K(1864192K), 0.0803931 secs] [Times: user=0.42 sys=0.00, real=0.08 secs] 
3852.698: [GC (Allocation Failure) [PSYoungGen: 388440K->184470K(465920K)] 1016117K->859575K(1864192K), 0.0442132 secs] [Times: user=0.16 sys=0.00, real=0.04 secs] 
3852.867: [GC (Allocation Failure) [PSYoungGen: 417430K->185751K(465920K)] 1092535K->924960K(1864192K), 0.0494677 secs] [Times: user=0.23 sys=0.00, real=0.05 secs] 
3853.031: [GC (Allocation Failure) [PSYoungGen: 418711K->186549K(465920K)] 1157920K->984830K(1864192K), 0.0549814 secs] [Times: user=0.27 sys=0.00, real=0.05 secs] 
3855.052: [GC (GCLocker Initiated GC) [PSYoungGen: 419509K->85498K(465920K)] 1217790K->954167K(1864192K), 0.1197897 secs] [Times: user=0.66 sys=0.00, real=0.12 secs] 
3855.531: [GC (Allocation Failure) [PSYoungGen: 318458K->178165K(465920K)] 1187258K->1074914K(1864192K), 0.0329756 secs] [Times: user=0.13 sys=0.00, real=0.03 secs] 
3855.704: [GC (Allocation Failure) [PSYoungGen: 411125K->185014K(465920K)] 1307874K->1136951K(1864192K), 0.0481708 secs] [Times: user=0.23 sys=0.00, real=0.05 secs] 
3855.902: [GC (Allocation Failure) [PSYoungGen: 417974K->186581K(465920K)] 1369911K->1194478K(1864192K), 0.0454971 secs] [Times: user=0.21 sys=0.00, real=0.04 secs] 
3857.021: [GC (Allocation Failure) [PSYoungGen: 419541K->117966K(465920K)] 1427438K->1196231K(1864192K), 0.0471344 secs] [Times: user=0.24 sys=0.00, real=0.05 secs] 
3857.338: [GC (Allocation Failure) [PSYoungGen: 350926K->148177K(465920K)] 1429191K->1264082K(1864192K), 0.1033088 secs] [Times: user=0.55 sys=0.00, real=0.10 secs] 
3857.624: [GC (Allocation Failure) [PSYoungGen: 381137K->183605K(465920K)] 1497042K->1345867K(1864192K), 0.0407060 secs] [Times: user=0.18 sys=0.00, real=0.04 secs] 
3857.787: [GC (Allocation Failure) [PSYoungGen: 416565K->185591K(465920K)] 1578827K->1411685K(1864192K), 0.0513773 secs] [Times: user=0.24 sys=0.00, real=0.06 secs] 
3858.119: [GC (Allocation Failure) [PSYoungGen: 418551K->181396K(465920K)] 1644645K->1466298K(1864192K), 0.0790579 secs] [Times: user=0.40 sys=0.00, real=0.07 secs] 
3859.716: [GC (Allocation Failure) [PSYoungGen: 414356K->89850K(465920K)] 1699258K->1443316K(1864192K), 0.0453385 secs] [Times: user=0.24 sys=0.00, real=0.05 secs] 
3859.761: [Full GC (Ergonomics) [PSYoungGen: 89850K->0K(465920K)] [ParOldGen: 1353466K->97030K(1398272K)] 1443316K->97030K(1864192K), [Metaspace: 60360K->60360K(1105920K)], 0.0736195 secs] [Times: user=0.29 sys=0.00, real=0.07 secs] 
3860.110: [GC (Allocation Failure) [PSYoungGen: 232960K->175189K(465920K)] 329990K->272219K(1864192K), 0.0326093 secs] [Times: user=0.12 sys=0.00, real=0.03 secs] 
3860.284: [GC (Allocation Failure) [PSYoungGen: 408149K->184534K(465920K)] 505179K->337213K(1864192K), 0.0422074 secs] [Times: user=0.18 sys=0.00, real=0.04 secs] 
3860.445: [GC (Allocation Failure) [PSYoungGen: 417494K->187029K(465920K)] 570173K->395628K(1864192K), 0.0445356 secs] [Times: user=0.21 sys=0.00, real=0.05 secs] 
3861.419: [GC (Allocation Failure) [PSYoungGen: 419989K->128944K(465920K)] 628588K->408011K(1864192K), 0.0475108 secs] [Times: user=0.24 sys=0.00, real=0.04 secs] 
3863.340: [GC (Allocation Failure) [PSYoungGen: 361904K->136752K(465920K)] 640971K->456619K(1864192K), 0.1292856 secs] [Times: user=0.71 sys=0.00, real=0.13 secs] 
3863.631: [GC (Allocation Failure) [PSYoungGen: 369712K->184340K(465920K)] 689579K->547983K(1864192K), 0.0384089 secs] [Times: user=0.17 sys=0.00, real=0.04 secs] 
3863.848: [GC (Allocation Failure) [PSYoungGen: 417300K->185463K(465920K)] 780943K->610905K(1864192K), 0.0521010 secs] [Times: user=0.24 sys=0.00, real=0.06 secs] 
3864.045: [GC (Allocation Failure) [PSYoungGen: 418423K->186069K(465920K)] 843865K->670327K(1864192K), 0.0783569 secs] [Times: user=0.40 sys=0.00, real=0.08 secs] 
3865.069: [GC (Allocation Failure) [PSYoungGen: 419029K->91339K(465920K)] 903287K->645797K(1864192K), 0.0431993 secs] [Times: user=0.22 sys=0.00, real=0.04 secs] 
3865.373: [GC (Allocation Failure) [PSYoungGen: 324299K->172436K(465920K)] 878757K->756392K(1864192K), 0.0473587 secs] [Times: user=0.20 sys=0.01, real=0.05 secs] 
3865.620: [GC (GCLocker Initiated GC) [PSYoungGen: 405396K->182453K(465920K)] 989352K->819989K(1864192K), 0.0615894 secs] [Times: user=0.29 sys=0.01, real=0.06 secs] 
3865.859: [GC (Allocation Failure) [PSYoungGen: 415413K->187125K(465920K)] 1052952K->879983K(1864192K), 0.0655441 secs] [Times: user=0.33 sys=0.00, real=0.06 secs] 
3866.962: [GC (Allocation Failure) [PSYoungGen: 420085K->143537K(465920K)] 1112943K->906964K(1864192K), 0.0511866 secs] [Times: user=0.26 sys=0.00, real=0.05 secs] 
3867.396: [GC (Allocation Failure) [PSYoungGen: 376497K->130959K(465920K)] 1139924K->939946K(1864192K), 0.1217881 secs] [Times: user=0.68 sys=0.00, real=0.12 secs] 
3867.681: [GC (Allocation Failure) [PSYoungGen: 363919K->175700K(465920K)] 1172906K->1026272K(1864192K), 0.0384485 secs] [Times: user=0.16 sys=0.00, real=0.04 secs] 
3867.843: [GC (Allocation Failure) [PSYoungGen: 408660K->185527K(465920K)] 1259232K->1097950K(1864192K), 0.0499361 secs] [Times: user=0.23 sys=0.00, real=0.05 secs] 
3868.052: [GC (Allocation Failure) [PSYoungGen: 418487K->183412K(465920K)] 1330910K->1154652K(1864192K), 0.0634021 secs] [Times: user=0.32 sys=0.00, real=0.06 secs] 
3869.666: [GC (Allocation Failure) [PSYoungGen: 416372K->93259K(465920K)] 1387612K->1133722K(1864192K), 0.1106398 secs] [Times: user=0.60 sys=0.00, real=0.11 secs] 
3870.881: [GC (Allocation Failure) [PSYoungGen: 326219K->170932K(465920K)] 1366682K->1241429K(1864192K), 0.0451500 secs] [Times: user=0.20 sys=0.00, real=0.04 secs] 
3871.064: [GC (Allocation Failure) [PSYoungGen: 403892K->184726K(465920K)] 1474389K->1308658K(1864192K), 0.0431512 secs] [Times: user=0.20 sys=0.00, real=0.04 secs] 
3871.225: [GC (Allocation Failure) [PSYoungGen: 417686K->187637K(465920K)] 1541618K->1367337K(1864192K), 0.0463598 secs] [Times: user=0.22 sys=0.00, real=0.05 secs] 
3872.226: [GC (Allocation Failure) [PSYoungGen: 420597K->148626K(465920K)] 1600297K->1399231K(1864192K), 0.0514648 secs] [Times: user=0.25 sys=0.00, real=0.05 secs] 
3872.739: [GC (Allocation Failure) [PSYoungGen: 381586K->118814K(465920K)] 1632191K->1416514K(1864192K), 0.1414856 secs] [Times: user=0.79 sys=0.00, real=0.14 secs] 
3873.068: [GC (Allocation Failure) [PSYoungGen: 351774K->174708K(465920K)] 1649474K->1510382K(1864192K), 0.0368995 secs] [Times: user=0.16 sys=0.00, real=0.04 secs] 
3873.105: [Full GC (Ergonomics) [PSYoungGen: 174708K->0K(465920K)] [ParOldGen: 1335673K->229770K(1398272K)] 1510382K->229770K(1864192K), [Metaspace: 60360K->60360K(1105920K)], 0.2538065 secs] [Times: user=1.08 sys=0.00, real=0.26 secs] 
3873.497: [GC (Allocation Failure) [PSYoungGen: 232960K->182070K(465920K)] 462730K->411841K(1864192K), 0.0848430 secs] [Times: user=0.44 sys=0.01, real=0.09 secs] 
3874.538: [GC (Allocation Failure) [PSYoungGen: 415030K->186101K(465920K)] 644801K->473656K(1864192K), 0.0975516 secs] [Times: user=0.51 sys=0.00, real=0.10 secs] 
3875.682: [GC (Allocation Failure) [PSYoungGen: 419061K->94939K(465920K)] 706616K->452622K(1864192K), 0.0602902 secs] [Times: user=0.32 sys=0.00, real=0.06 secs] 
3876.385: [GC (Allocation Failure) [PSYoungGen: 327899K->170196K(465920K)] 685582K->557932K(1864192K), 0.0402676 secs] [Times: user=0.18 sys=0.01, real=0.04 secs] 
3876.545: [GC (Allocation Failure) [PSYoungGen: 403156K->184470K(465920K)] 790892K->625753K(1864192K), 0.0426588 secs] [Times: user=0.19 sys=0.00, real=0.04 secs] 
3876.708: [GC (Allocation Failure) [PSYoungGen: 413485K->181398K(465920K)] 854769K->686738K(1864192K), 0.0494855 secs] [Times: user=0.23 sys=0.01, real=0.05 secs] 
3877.626: [GC (Allocation Failure) [PSYoungGen: 414358K->167890K(465920K)] 919698K->730786K(1864192K), 0.0562673 secs] [Times: user=0.28 sys=0.00, real=0.06 secs] 
3878.889: [GC (Allocation Failure) [PSYoungGen: 400850K->103740K(465920K)] 963746K->730924K(1864192K), 0.0865644 secs] [Times: user=0.47 sys=0.00, real=0.08 secs] 
3879.191: [GC (Allocation Failure) [PSYoungGen: 336700K->179669K(465920K)] 963884K->839926K(1864192K), 0.0347264 secs] [Times: user=0.14 sys=0.00, real=0.03 secs] 
3879.345: [GC (Allocation Failure) [PSYoungGen: 412629K->184502K(465920K)] 1072886K->900807K(1864192K), 0.0433972 secs] [Times: user=0.20 sys=0.00, real=0.05 secs] 
3879.504: [GC (Allocation Failure) [PSYoungGen: 417462K->183604K(465920K)] 1133767K->955617K(1864192K), 0.0457208 secs] [Times: user=0.22 sys=0.00, real=0.05 secs] 
3880.561: [GC (Allocation Failure) [PSYoungGen: 416564K->101292K(465920K)] 1188577K->942545K(1864192K), 0.0480041 secs] [Times: user=0.25 sys=0.00, real=0.05 secs] 
3880.908: [GC (Allocation Failure) [PSYoungGen: 334252K->168340K(465920K)] 1175505K->1042650K(1864192K), 0.0641767 secs] [Times: user=0.30 sys=0.01, real=0.06 secs] 
3881.201: [GC (Allocation Failure) [PSYoungGen: 401300K->180117K(465920K)] 1275610K->1106987K(1864192K), 0.0574707 secs] [Times: user=0.27 sys=0.01, real=0.06 secs] 
3881.385: [GC (Allocation Failure) [PSYoungGen: 413077K->185175K(465920K)] 1339947K->1174877K(1864192K), 0.0504442 secs] [Times: user=0.23 sys=0.00, real=0.05 secs] 
3881.826: [GC (Allocation Failure) [PSYoungGen: 417866K->213716K(465920K)] 1407568K->1262138K(1864192K), 0.0543206 secs] [Times: user=0.27 sys=0.00, real=0.06 secs] 
3882.685: [GC (Allocation Failure) [PSYoungGen: 446676K->97611K(465920K)] 1495098K->1213849K(1864192K), 0.0633686 secs] [Times: user=0.34 sys=0.01, real=0.07 secs] 
3882.975: [GC (Allocation Failure) [PSYoungGen: 330571K->182710K(465920K)] 1446809K->1329869K(1864192K), 0.0359347 secs] [Times: user=0.15 sys=0.00, real=0.04 secs] 
3883.129: [GC (Allocation Failure) [PSYoungGen: 415670K->181493K(465920K)] 1562829K->1385784K(1864192K), 0.0436983 secs] [Times: user=0.20 sys=0.00, real=0.04 secs] 
3883.290: [GC (Allocation Failure) [PSYoungGen: 414453K->186645K(465920K)] 1618744K->1446096K(1864192K), 0.0454988 secs] [Times: user=0.21 sys=0.00, real=0.04 secs] 
3884.432: [GC (Allocation Failure) [PSYoungGen: 419605K->97499K(465920K)] 1679056K->1427294K(1864192K), 0.0528293 secs] [Times: user=0.28 sys=0.01, real=0.05 secs] 
3884.485: [Full GC (Ergonomics) [PSYoungGen: 97499K->0K(465920K)] [ParOldGen: 1329795K->87859K(1398272K)] 1427294K->87859K(1864192K), [Metaspace: 60363K->60363K(1105920K)], 0.0363232 secs] [Times: user=0.11 sys=0.00, real=0.04 secs] 
3885.419: [GC (Allocation Failure) [PSYoungGen: 232960K->170004K(465920K)] 320819K->257863K(1864192K), 0.0322340 secs] [Times: user=0.12 sys=0.00, real=0.03 secs] 
3885.653: [GC (Allocation Failure) [PSYoungGen: 402964K->181813K(465920K)] 490823K->322664K(1864192K), 0.0603608 secs] [Times: user=0.29 sys=0.00, real=0.06 secs] 
3885.872: [GC (Allocation Failure) [PSYoungGen: 414773K->183350K(465920K)] 555624K->387706K(1864192K), 0.0486083 secs] [Times: user=0.22 sys=0.00, real=0.05 secs] 
3886.137: [GC (Allocation Failure) [PSYoungGen: 416310K->217941K(465920K)] 620666K->480576K(1864192K), 0.0644694 secs] [Times: user=0.33 sys=0.00, real=0.07 secs] 
3887.347: [GC (Allocation Failure) [PSYoungGen: 450901K->87018K(465920K)] 713536K->419357K(1864192K), 0.0803848 secs] [Times: user=0.44 sys=0.00, real=0.08 secs] 
3887.732: [GC (Allocation Failure) [PSYoungGen: 319978K->182582K(465920K)] 652317K->542822K(1864192K), 0.0399993 secs] [Times: user=0.17 sys=0.00, real=0.04 secs] 
3887.889: [GC (Allocation Failure) [PSYoungGen: 415542K->184758K(465920K)] 775782K->601642K(1864192K), 0.0434580 secs] [Times: user=0.20 sys=0.00, real=0.04 secs] 
3888.072: [GC (Allocation Failure) [PSYoungGen: 417718K->186645K(465920K)] 834602K->659561K(1864192K), 0.0590672 secs] [Times: user=0.28 sys=0.00, real=0.06 secs] 
3889.108: [GC (Allocation Failure) [PSYoungGen: 419605K->99276K(465920K)] 892521K->642572K(1864192K), 0.0443701 secs] [Times: user=0.23 sys=0.00, real=0.05 secs] 
3889.755: [GC (Allocation Failure) [PSYoungGen: 332236K->163891K(465920K)] 875532K->739492K(1864192K), 0.0781054 secs] [Times: user=0.39 sys=0.00, real=0.08 secs] 
3890.046: [GC (Allocation Failure) [PSYoungGen: 396851K->184598K(465920K)] 972452K->811511K(1864192K), 0.0446791 secs] [Times: user=0.20 sys=0.00, real=0.05 secs] 
3890.210: [GC (Allocation Failure) [PSYoungGen: 417558K->186231K(465920K)] 1044471K->877432K(1864192K), 0.0494000 secs] [Times: user=0.23 sys=0.00, real=0.05 secs] 
3890.397: [GC (Allocation Failure) [PSYoungGen: 419191K->183732K(465920K)] 1110392K->934222K(1864192K), 0.0580031 secs] [Times: user=0.29 sys=0.00, real=0.06 secs] 
3892.298: [GC (GCLocker Initiated GC) [PSYoungGen: 416692K->83017K(465920K)] 1167182K->902691K(1864192K), 0.0972412 secs] [Times: user=0.53 sys=0.00, real=0.09 secs] 
3892.674: [GC (Allocation Failure) [PSYoungGen: 315977K->179957K(465920K)] 1135817K->1026462K(1864192K), 0.0332198 secs] [Times: user=0.13 sys=0.00, real=0.03 secs] 
3892.891: [GC (Allocation Failure) [PSYoungGen: 412917K->184566K(465920K)] 1259422K->1087187K(1864192K), 0.0673066 secs] [Times: user=0.32 sys=0.00, real=0.06 secs] 
3893.158: [GC (Allocation Failure) [PSYoungGen: 417526K->186901K(465920K)] 1320147K->1145346K(1864192K), 0.0574320 secs] [Times: user=0.28 sys=0.00, real=0.06 secs] 
3894.240: [GC (Allocation Failure) [PSYoungGen: 419861K->107661K(465920K)] 1378306K->1136654K(1864192K), 0.0465344 secs] [Times: user=0.24 sys=0.00, real=0.04 secs] 
3894.765: [GC (Allocation Failure) [PSYoungGen: 340621K->159827K(465920K)] 1369614K->1223641K(1864192K), 0.0782799 secs] [Times: user=0.40 sys=0.01, real=0.08 secs] 
3894.989: [GC (Allocation Failure) [PSYoungGen: 392787K->184278K(465920K)] 1456601K->1298039K(1864192K), 0.0418101 secs] [Times: user=0.18 sys=0.00, real=0.04 secs] 
3895.182: [GC (Allocation Failure) [PSYoungGen: 417238K->182678K(465920K)] 1530999K->1360620K(1864192K), 0.0739266 secs] [Times: user=0.37 sys=0.00, real=0.07 secs] 
3895.430: [GC (Allocation Failure) [PSYoungGen: 415638K->186197K(465920K)] 1593580K->1422047K(1864192K), 0.0763229 secs] [Times: user=0.39 sys=0.00, real=0.07 secs] 
3896.483: [GC (Allocation Failure) [PSYoungGen: 417740K->88522K(465920K)] 1653590K->1394660K(1864192K), 0.0446100 secs] [Times: user=0.23 sys=0.00, real=0.04 secs] 
3896.962: [GC (Allocation Failure) [PSYoungGen: 321482K->177749K(465920K)] 1627620K->1511972K(1864192K), 0.0429611 secs] [Times: user=0.19 sys=0.01, real=0.04 secs] 
3897.005: [Full GC (Ergonomics) [PSYoungGen: 177749K->0K(465920K)] [ParOldGen: 1334222K->218074K(1398272K)] 1511972K->218074K(1864192K), [Metaspace: 60363K->60363K(1105920K)], 0.2311347 secs] [Times: user=1.04 sys=0.00, real=0.23 secs] 
3897.363: [GC (Allocation Failure) [PSYoungGen: 232960K->181749K(465920K)] 451034K->399824K(1864192K), 0.0261457 secs] [Times: user=0.09 sys=0.00, real=0.03 secs] 
3897.505: [GC (Allocation Failure) [PSYoungGen: 414709K->186517K(465920K)] 632784K->459647K(1864192K), 0.0449505 secs] [Times: user=0.21 sys=0.00, real=0.05 secs] 
3898.487: [GC (Allocation Failure) [PSYoungGen: 419477K->116430K(465920K)] 692607K->460016K(1864192K), 0.0462782 secs] [Times: user=0.23 sys=0.00, real=0.05 secs] 
3899.610: [GC (Allocation Failure) [PSYoungGen: 349390K->149745K(465920K)] 692976K->530720K(1864192K), 0.1022471 secs] [Times: user=0.54 sys=0.00, real=0.10 secs] 
3899.876: [GC (Allocation Failure) [PSYoungGen: 382705K->184086K(465920K)] 763680K->611313K(1864192K), 0.0400975 secs] [Times: user=0.18 sys=0.00, real=0.04 secs] 
3900.040: [GC (Allocation Failure) [PSYoungGen: 417046K->185751K(465920K)] 844273K->676706K(1864192K), 0.0496895 secs] [Times: user=0.23 sys=0.00, real=0.05 secs] 
3900.207: [GC (Allocation Failure) [PSYoungGen: 418711K->186581K(465920K)] 909666K->736440K(1864192K), 0.0571388 secs] [Times: user=0.28 sys=0.00, real=0.06 secs] 
3901.525: [GC (Allocation Failure) [PSYoungGen: 419541K->90218K(465920K)] 969400K->710374K(1864192K), 0.1003474 secs] [Times: user=0.55 sys=0.01, real=0.10 secs] 
3902.222: [GC (GCLocker Initiated GC) [PSYoungGen: 323178K->173301K(465920K)] 943335K->822668K(1864192K), 0.0409375 secs] [Times: user=0.18 sys=0.00, real=0.04 secs] 
3902.388: [GC (Allocation Failure) [PSYoungGen: 406261K->184278K(465920K)] 1055923K->887764K(1864192K), 0.0449460 secs] [Times: user=0.21 sys=0.00, real=0.05 secs] 
3902.548: [GC (Allocation Failure) [PSYoungGen: 417238K->183252K(465920K)] 1120724K->942642K(1864192K), 0.0474970 secs] [Times: user=0.22 sys=0.00, real=0.05 secs] 
3903.522: [GC (Allocation Failure) [PSYoungGen: 416212K->129904K(465920K)] 1175602K->958654K(1864192K), 0.0499744 secs] [Times: user=0.25 sys=0.00, real=0.05 secs] 
3904.120: [GC (Allocation Failure) [PSYoungGen: 362864K->141041K(465920K)] 1191614K->1010991K(1864192K), 0.0756285 secs] [Times: user=0.41 sys=0.00, real=0.07 secs] 
3904.316: [GC (Allocation Failure) [PSYoungGen: 374001K->178549K(465920K)] 1243951K->1093560K(1864192K), 0.0397391 secs] [Times: user=0.18 sys=0.00, real=0.04 secs] 
3904.475: [GC (Allocation Failure) [PSYoungGen: 411509K->182902K(465920K)] 1326520K->1160217K(1864192K), 0.0522027 secs] [Times: user=0.25 sys=0.00, real=0.05 secs] 
3904.644: [GC (GCLocker Initiated GC) [PSYoungGen: 415862K->185717K(465920K)] 1393178K->1221296K(1864192K), 0.0603342 secs] [Times: user=0.30 sys=0.00, real=0.06 secs] 
3905.915: [GC (Allocation Failure) [PSYoungGen: 418677K->90634K(465920K)] 1454551K->1196709K(1864192K), 0.0711235 secs] [Times: user=0.38 sys=0.00, real=0.07 secs] 
3906.691: [GC (Allocation Failure) [PSYoungGen: 323594K->174229K(465920K)] 1429669K->1308988K(1864192K), 0.0442714 secs] [Times: user=0.20 sys=0.00, real=0.04 secs] 
3906.931: [GC (Allocation Failure) [PSYoungGen: 407189K->184790K(465920K)] 1541948K->1374245K(1864192K), 0.0632055 secs] [Times: user=0.31 sys=0.00, real=0.06 secs] 
3907.157: [GC (Allocation Failure) [PSYoungGen: 417750K->187093K(465920K)] 1607205K->1432428K(1864192K), 0.0712212 secs] [Times: user=0.36 sys=0.00, real=0.07 secs] 
3908.259: [GC (Allocation Failure) [PSYoungGen: 420053K->136016K(465920K)] 1665388K->1451828K(1864192K), 0.0526195 secs] [Times: user=0.27 sys=0.00, real=0.05 secs] 
3908.311: [Full GC (Ergonomics) [PSYoungGen: 136016K->0K(465920K)] [ParOldGen: 1315811K->346638K(1398272K)] 1451828K->346638K(1864192K), [Metaspace: 60363K->60363K(1105920K)], 0.5733677 secs] [Times: user=2.49 sys=0.00, real=0.57 secs] 
3909.765: [GC (Allocation Failure) [PSYoungGen: 232960K->130655K(465920K)] 579598K->477294K(1864192K), 0.0439390 secs] [Times: user=0.17 sys=0.00, real=0.05 secs] 
3910.061: [GC (Allocation Failure) [PSYoungGen: 363615K->178037K(465920K)] 710254K->566413K(1864192K), 0.0429738 secs] [Times: user=0.20 sys=0.00, real=0.04 secs] 
3910.223: [GC (Allocation Failure) [PSYoungGen: 410997K->182486K(465920K)] 799373K->641230K(1864192K), 0.0482360 secs] [Times: user=0.23 sys=0.00, real=0.05 secs] 
3910.386: [GC (Allocation Failure) [PSYoungGen: 415446K->186389K(465920K)] 874190K->702893K(1864192K), 0.0562850 secs] [Times: user=0.28 sys=0.00, real=0.06 secs] 
3911.361: [GC (Allocation Failure) [PSYoungGen: 419349K->98763K(465920K)] 935853K->685627K(1864192K), 0.0435407 secs] [Times: user=0.22 sys=0.00, real=0.04 secs] 
3911.636: [GC (Allocation Failure) [PSYoungGen: 331723K->174421K(465920K)] 918587K->793069K(1864192K), 0.0471591 secs] [Times: user=0.20 sys=0.00, real=0.05 secs] 
3911.830: [GC (Allocation Failure) [PSYoungGen: 407381K->184150K(465920K)] 1026029K->857346K(1864192K), 0.0430760 secs] [Times: user=0.19 sys=0.00, real=0.04 secs] 
3911.986: [GC (Allocation Failure) [PSYoungGen: 417110K->184180K(465920K)] 1090306K->913269K(1864192K), 0.0444063 secs] [Times: user=0.20 sys=0.00, real=0.05 secs] 
3912.946: [GC (Allocation Failure) [PSYoungGen: 417140K->143089K(465920K)] 1146229K->941554K(1864192K), 0.0493001 secs] [Times: user=0.25 sys=0.00, real=0.05 secs] 
3913.413: [GC (Allocation Failure) [PSYoungGen: 376049K->131119K(465920K)] 1174514K->974960K(1864192K), 0.0621026 secs] [Times: user=0.32 sys=0.00, real=0.06 secs] 
3913.595: [GC (Allocation Failure) [PSYoungGen: 364079K->178389K(465920K)] 1207920K->1064027K(1864192K), 0.0383441 secs] [Times: user=0.17 sys=0.00, real=0.04 secs] 
3913.754: [GC (Allocation Failure) [PSYoungGen: 411349K->185591K(465920K)] 1296987K->1133501K(1864192K), 0.0494107 secs] [Times: user=0.23 sys=0.00, real=0.05 secs] 
3914.170: [GC (Allocation Failure) [PSYoungGen: 418551K->181332K(465920K)] 1366461K->1188170K(1864192K), 0.0875817 secs] [Times: user=0.44 sys=0.01, real=0.08 secs] 
3915.588: [GC (Allocation Failure) [PSYoungGen: 414292K->90474K(465920K)] 1421130K->1165928K(1864192K), 0.0867080 secs] [Times: user=0.47 sys=0.00, real=0.09 secs] 
3916.251: [GC (Allocation Failure) [PSYoungGen: 323434K->176565K(465920K)] 1398888K->1280848K(1864192K), 0.0465003 secs] [Times: user=0.21 sys=0.00, real=0.04 secs] 
3916.475: [GC (Allocation Failure) [PSYoungGen: 409525K->182069K(465920K)] 1513808K->1341488K(1864192K), 0.0616689 secs] [Times: user=0.30 sys=0.00, real=0.06 secs] 
3916.725: [GC (Allocation Failure) [PSYoungGen: 415029K->187509K(465920K)] 1574448K->1402424K(1864192K), 0.0611928 secs] [Times: user=0.30 sys=0.00, real=0.06 secs] 
3917.691: [GC (Allocation Failure) [PSYoungGen: 420469K->147890K(465920K)] 1635384K->1433349K(1864192K), 0.0511485 secs] [Times: user=0.26 sys=0.00, real=0.05 secs] 
3918.016: [GC (Allocation Failure) [PSYoungGen: 380850K->122542K(465920K)] 1666309K->1454973K(1864192K), 0.1047453 secs] [Times: user=0.58 sys=0.00, real=0.11 secs] 
3918.121: [Full GC (Ergonomics) [PSYoungGen: 122542K->0K(465920K)] [ParOldGen: 1332430K->139336K(1398272K)] 1454973K->139336K(1864192K), [Metaspace: 60363K->60363K(1105920K)], 0.1440200 secs] [Times: user=0.64 sys=0.00, real=0.14 secs] 
3918.418: [GC (Allocation Failure) [PSYoungGen: 232960K->174996K(465920K)] 372296K->314333K(1864192K), 0.0302151 secs] [Times: user=0.11 sys=0.00, real=0.04 secs] 
3918.593: [GC (Allocation Failure) [PSYoungGen: 407956K->185143K(465920K)] 547293K->385787K(1864192K), 0.0557042 secs] [Times: user=0.26 sys=0.00, real=0.06 secs] 
3918.833: [GC (Allocation Failure) [PSYoungGen: 418103K->182164K(465920K)] 618747K->441609K(1864192K), 0.0579023 secs] [Times: user=0.28 sys=0.00, real=0.06 secs] 
3919.916: [GC (Allocation Failure) [PSYoungGen: 415124K->97979K(465920K)] 674569K->426200K(1864192K), 0.0634204 secs] [Times: user=0.34 sys=0.01, real=0.07 secs] 
3920.567: [GC (Allocation Failure) [PSYoungGen: 330939K->170484K(465920K)] 659160K->530029K(1864192K), 0.0490767 secs] [Times: user=0.22 sys=0.00, real=0.05 secs] 
3920.800: [GC (Allocation Failure) [PSYoungGen: 403444K->181973K(465920K)] 762989K->594839K(1864192K), 0.0592776 secs] [Times: user=0.28 sys=0.00, real=0.06 secs] 
3921.037: [GC (Allocation Failure) [PSYoungGen: 405984K->176726K(465920K)] 818849K->653311K(1864192K), 0.0487344 secs] [Times: user=0.23 sys=0.00, real=0.05 secs] 
3921.937: [GC (Allocation Failure) [PSYoungGen: 409686K->169075K(402432K)] 886271K->701852K(1800704K), 0.0563294 secs] [Times: user=0.29 sys=0.00, real=0.06 secs] 
3923.021: [GC (Allocation Failure) [PSYoungGen: 402035K->102844K(460800K)] 934812K->700321K(1859072K), 0.0971628 secs] [Times: user=0.52 sys=0.00, real=0.09 secs] 
3923.383: [GC (Allocation Failure) [PSYoungGen: 333244K->175829K(463360K)] 930721K->806271K(1861632K), 0.0342380 secs] [Times: user=0.14 sys=0.00, real=0.03 secs] 
3923.536: [GC (Allocation Failure) [PSYoungGen: 406229K->182869K(465920K)] 1036671K->868384K(1864192K), 0.0425959 secs] [Times: user=0.19 sys=0.00, real=0.05 secs] 
3923.697: [GC (Allocation Failure) [PSYoungGen: 415829K->186677K(465920K)] 1101344K->927431K(1864192K), 0.0451418 secs] [Times: user=0.21 sys=0.00, real=0.05 secs] 
3924.747: [GC (Allocation Failure) [PSYoungGen: 419637K->102844K(465920K)] 1160391K->914062K(1864192K), 0.0449941 secs] [Times: user=0.23 sys=0.00, real=0.05 secs] 
3925.123: [GC (Allocation Failure) [PSYoungGen: 335804K->171092K(465920K)] 1147022K->1015728K(1864192K), 0.0732690 secs] [Times: user=0.36 sys=0.01, real=0.07 secs] 
3925.417: [GC (GCLocker Initiated GC) [PSYoungGen: 404052K->181941K(465920K)] 1248691K->1079880K(1864192K), 0.0540338 secs] [Times: user=0.26 sys=0.00, real=0.06 secs] 
3925.609: [GC (Allocation Failure) [PSYoungGen: 414901K->184599K(465920K)] 1313004K->1146081K(1864192K), 0.0497062 secs] [Times: user=0.24 sys=0.00, real=0.05 secs] 
3926.105: [GC (Allocation Failure) [PSYoungGen: 415418K->211252K(465920K)] 1376900K->1231326K(1864192K), 0.0534781 secs] [Times: user=0.26 sys=0.00, real=0.06 secs] 
3926.976: [GC (Allocation Failure) [PSYoungGen: 444212K->93403K(465920K)] 1464286K->1180549K(1864192K), 0.0834672 secs] [Times: user=0.45 sys=0.00, real=0.09 secs] 
3927.277: [GC (Allocation Failure) [PSYoungGen: 326363K->182774K(465920K)] 1413509K->1299753K(1864192K), 0.0348203 secs] [Times: user=0.14 sys=0.00, real=0.04 secs] 
3927.458: [GC (Allocation Failure) [PSYoungGen: 415734K->184886K(465920K)] 1532713K->1358721K(1864192K), 0.0499502 secs] [Times: user=0.24 sys=0.00, real=0.05 secs] 
3927.623: [GC (Allocation Failure) [PSYoungGen: 417846K->186517K(465920K)] 1591681K->1416480K(1864192K), 0.0473319 secs] [Times: user=0.22 sys=0.00, real=0.05 secs] 
3928.827: [GC (Allocation Failure) [PSYoungGen: 419477K->95467K(465920K)] 1649440K->1395734K(1864192K), 0.0634142 secs] [Times: user=0.33 sys=0.01, real=0.07 secs] 
3929.871: [GC (Allocation Failure) [PSYoungGen: 328427K->165748K(465920K)] 1628694K->1496867K(1864192K), 0.0756075 secs] [Times: user=0.38 sys=0.00, real=0.07 secs] 
3929.946: [Full GC (Ergonomics) [PSYoungGen: 165748K->0K(465920K)] [ParOldGen: 1331119K->186619K(1398272K)] 1496867K->186619K(1864192K), [Metaspace: 60363K->60363K(1105920K)], 0.1967231 secs] [Times: user=0.90 sys=0.00, real=0.20 secs] 
3930.277: [GC (Allocation Failure) [PSYoungGen: 232960K->181685K(465920K)] 419579K->368305K(1864192K), 0.0320000 secs] [Times: user=0.13 sys=0.00, real=0.04 secs] 
3930.466: [GC (Allocation Failure) [PSYoungGen: 414645K->185719K(465920K)] 601265K->435923K(1864192K), 0.0526424 secs] [Times: user=0.25 sys=0.01, real=0.06 secs] 
3930.683: [GC (Allocation Failure) [PSYoungGen: 418679K->186677K(465920K)] 668883K->495729K(1864192K), 0.0716527 secs] [Times: user=0.36 sys=0.00, real=0.07 secs] 
3932.165: [GC (Allocation Failure) [PSYoungGen: 419637K->85290K(465920K)] 728689K->464773K(1864192K), 0.1114271 secs] [Times: user=0.62 sys=0.00, real=0.11 secs] 
3932.573: [GC (GCLocker Initiated GC) [PSYoungGen: 318250K->178229K(465920K)] 697734K->585193K(1864192K), 0.0350446 secs] [Times: user=0.15 sys=0.00, real=0.03 secs] 
3932.727: [GC (Allocation Failure) [PSYoungGen: 411189K->184726K(465920K)] 818156K->646848K(1864192K), 0.0426441 secs] [Times: user=0.19 sys=0.00, real=0.05 secs] 
3932.883: [GC (Allocation Failure) [PSYoungGen: 417686K->187157K(465920K)] 879808K->705328K(1864192K), 0.0450342 secs] [Times: user=0.21 sys=0.00, real=0.05 secs] 
3933.872: [GC (Allocation Failure) [PSYoungGen: 420117K->104908K(465920K)] 938288K->693671K(1864192K), 0.0451375 secs] [Times: user=0.24 sys=0.00, real=0.04 secs] 
3934.197: [GC (Allocation Failure) [PSYoungGen: 337868K->166228K(465920K)] 926631K->789266K(1864192K), 0.0424692 secs] [Times: user=0.19 sys=0.00, real=0.05 secs] 
3934.357: [GC (Allocation Failure) [PSYoungGen: 399188K->181013K(465920K)] 1022226K->856051K(1864192K), 0.0430375 secs] [Times: user=0.20 sys=0.00, real=0.05 secs] 
3934.522: [GC (Allocation Failure) [PSYoungGen: 413973K->183895K(465920K)] 1089011K->922497K(1864192K), 0.0502462 secs] [Times: user=0.23 sys=0.01, real=0.05 secs] 
3934.688: [GC (Allocation Failure) [PSYoungGen: 416855K->186581K(465920K)] 1155457K->983615K(1864192K), 0.0579812 secs] [Times: user=0.26 sys=0.00, real=0.06 secs] 
3936.179: [GC (GCLocker Initiated GC) [PSYoungGen: 419541K->84826K(465920K)] 1216575K->952284K(1864192K), 0.0986921 secs] [Times: user=0.54 sys=0.00, real=0.09 secs] 
3936.797: [GC (Allocation Failure) [PSYoungGen: 317786K->179509K(465920K)] 1185247K->1074043K(1864192K), 0.0397067 secs] [Times: user=0.17 sys=0.00, real=0.04 secs] 
3936.957: [GC (Allocation Failure) [PSYoungGen: 412469K->184822K(465920K)] 1307003K->1135392K(1864192K), 0.0437190 secs] [Times: user=0.20 sys=0.00, real=0.05 secs] 
3937.115: [GC (Allocation Failure) [PSYoungGen: 417782K->183924K(465920K)] 1368352K->1190318K(1864192K), 0.0455931 secs] [Times: user=0.21 sys=0.00, real=0.05 secs] 
3938.181: [GC (Allocation Failure) [PSYoungGen: 416884K->111917K(465920K)] 1423278K->1187911K(1864192K), 0.0470649 secs] [Times: user=0.24 sys=0.00, real=0.04 secs] 
3939.566: [GC (Allocation Failure) [PSYoungGen: 344877K->151378K(465920K)] 1420871K->1263193K(1864192K), 0.0836236 secs] [Times: user=0.44 sys=0.00, real=0.09 secs] 
3939.859: [GC (Allocation Failure) [PSYoungGen: 384338K->184021K(465920K)] 1496153K->1343237K(1864192K), 0.0468432 secs] [Times: user=0.22 sys=0.00, real=0.04 secs] 
3940.060: [GC (Allocation Failure) [PSYoungGen: 416981K->186071K(465920K)] 1576197K->1409334K(1864192K), 0.0632188 secs] [Times: user=0.32 sys=0.00, real=0.06 secs] 
3940.247: [GC (Allocation Failure) [PSYoungGen: 419031K->186901K(465920K)] 1642294K->1469040K(1864192K), 0.0585248 secs] [Times: user=0.29 sys=0.00, real=0.06 secs] 
3941.288: [GC (Allocation Failure) [PSYoungGen: 418078K->92811K(465920K)] 1700218K->1445510K(1864192K), 0.0453198 secs] [Times: user=0.24 sys=0.00, real=0.05 secs] 
3941.333: [Full GC (Ergonomics) [PSYoungGen: 92811K->0K(465920K)] [ParOldGen: 1352699K->103860K(1398272K)] 1445510K->103860K(1864192K), [Metaspace: 60363K->60363K(1105920K)], 0.0820591 secs] [Times: user=0.32 sys=0.00, real=0.08 secs] 
3941.582: [GC (Allocation Failure) [PSYoungGen: 232960K->175189K(465920K)] 336820K->279049K(1864192K), 0.0302673 secs] [Times: user=0.11 sys=0.00, real=0.03 secs] 
3941.783: [GC (Allocation Failure) [PSYoungGen: 408149K->183989K(465920K)] 512009K->342242K(1864192K), 0.0427142 secs] [Times: user=0.20 sys=0.00, real=0.04 secs] 
3941.941: [GC (Allocation Failure) [PSYoungGen: 416949K->186869K(465920K)] 575202K->400969K(1864192K), 0.0450282 secs] [Times: user=0.21 sys=0.00, real=0.04 secs] 
3943.121: [GC (Allocation Failure) [PSYoungGen: 419829K->116270K(465920K)] 633929K->400874K(1864192K), 0.0461588 secs] [Times: user=0.23 sys=0.00, real=0.04 secs] 
3944.092: [GC (Allocation Failure) [PSYoungGen: 349230K->145681K(465920K)] 633834K->467466K(1864192K), 0.1038579 secs] [Times: user=0.55 sys=0.00, real=0.10 secs] 
3944.358: [GC (Allocation Failure) [PSYoungGen: 378641K->184054K(465920K)] 700426K->551935K(1864192K), 0.0393728 secs] [Times: user=0.17 sys=0.00, real=0.03 secs] 
3944.544: [GC (Allocation Failure) [PSYoungGen: 417014K->185815K(465920K)] 784895K->617680K(1864192K), 0.0661063 secs] [Times: user=0.32 sys=0.00, real=0.07 secs] 
3944.781: [GC (Allocation Failure) [PSYoungGen: 418775K->186229K(465920K)] 850640K->676878K(1864192K), 0.0760873 secs] [Times: user=0.39 sys=0.00, real=0.07 secs] 
3946.246: [GC (Allocation Failure) [PSYoungGen: 419189K->94331K(465920K)] 909838K->655384K(1864192K), 0.1050392 secs] [Times: user=0.58 sys=0.01, real=0.11 secs] 
3946.827: [GC (Allocation Failure) [PSYoungGen: 327291K->175893K(465920K)] 888344K->767731K(1864192K), 0.0414972 secs] [Times: user=0.18 sys=0.00, real=0.05 secs] 
3947.055: [GC (GCLocker Initiated GC) [PSYoungGen: 408853K->181109K(465920K)] 1000697K->827345K(1864192K), 0.0613527 secs] [Times: user=0.30 sys=0.01, real=0.06 secs] 
3947.250: [GC (Allocation Failure) [PSYoungGen: 414069K->182932K(465920K)] 1060436K->884331K(1864192K), 0.0443789 secs] [Times: user=0.20 sys=0.00, real=0.04 secs] 
3948.296: [GC (Allocation Failure) [PSYoungGen: 415892K->126447K(465920K)] 1117291K->896975K(1864192K), 0.0470406 secs] [Times: user=0.24 sys=0.00, real=0.05 secs] 
3948.645: [GC (Allocation Failure) [PSYoungGen: 355413K->141601K(465920K)] 1125940K->952288K(1864192K), 0.1069299 secs] [Times: user=0.58 sys=0.00, real=0.11 secs] 
3948.895: [GC (Allocation Failure) [PSYoungGen: 374561K->177973K(465920K)] 1185248K->1033853K(1864192K), 0.0397381 secs] [Times: user=0.16 sys=0.00, real=0.04 secs] 
3949.056: [GC (Allocation Failure) [PSYoungGen: 410922K->182550K(465920K)] 1266802K->1100634K(1864192K), 0.0491134 secs] [Times: user=0.23 sys=0.00, real=0.05 secs] 
3949.258: [GC (Allocation Failure) [PSYoungGen: 415510K->186325K(465920K)] 1333594K->1162121K(1864192K), 0.0624288 secs] [Times: user=0.31 sys=0.00, real=0.07 secs] 
3950.375: [GC (Allocation Failure) [PSYoungGen: 419285K->92059K(465920K)] 1395081K->1138063K(1864192K), 0.0565384 secs] [Times: user=0.31 sys=0.00, real=0.06 secs] 
3950.753: [GC (Allocation Failure) [PSYoungGen: 325019K->174741K(465920K)] 1371023K->1250078K(1864192K), 0.0417612 secs] [Times: user=0.18 sys=0.01, real=0.04 secs] 
3950.964: [GC (Allocation Failure) [PSYoungGen: 407701K->184886K(465920K)] 1483038K->1315187K(1864192K), 0.0637000 secs] [Times: user=0.31 sys=0.00, real=0.06 secs] 
3951.204: [GC (Allocation Failure) [PSYoungGen: 417846K->183956K(465920K)] 1548147K->1370274K(1864192K), 0.0680512 secs] [Times: user=0.34 sys=0.00, real=0.07 secs] 
3952.203: [GC (Allocation Failure) [PSYoungGen: 416916K->138769K(465920K)] 1603234K->1394526K(1864192K), 0.0498179 secs] [Times: user=0.25 sys=0.00, real=0.05 secs] 
3953.642: [GC (Allocation Failure) [PSYoungGen: 371729K->127407K(465920K)] 1627486K->1427180K(1864192K), 0.1526823 secs] [Times: user=0.85 sys=0.01, real=0.15 secs] 
3953.971: [GC (Allocation Failure) [PSYoungGen: 360367K->178517K(465920K)] 1660140K->1519639K(1864192K), 0.0394644 secs] [Times: user=0.17 sys=0.00, real=0.04 secs] 
3954.010: [Full GC (Ergonomics) [PSYoungGen: 178517K->0K(465920K)] [ParOldGen: 1341122K->236879K(1398272K)] 1519639K->236879K(1864192K), [Metaspace: 60363K->60363K(1105920K)], 0.2673845 secs] [Times: user=1.21 sys=0.00, real=0.26 secs] 
3954.416: [GC (Allocation Failure) [PSYoungGen: 232960K->182294K(465920K)] 469839K->419174K(1864192K), 0.0827453 secs] [Times: user=0.43 sys=0.00, real=0.09 secs] 
3954.650: [GC (Allocation Failure) [PSYoungGen: 415254K->186773K(465920K)] 652134K->481749K(1864192K), 0.0557062 secs] [Times: user=0.27 sys=0.00, real=0.05 secs] 
3955.695: [GC (Allocation Failure) [PSYoungGen: 419733K->95547K(465920K)] 714709K->461079K(1864192K), 0.0438770 secs] [Times: user=0.23 sys=0.00, real=0.05 secs] 
3956.042: [GC (Allocation Failure) [PSYoungGen: 328507K->173301K(465920K)] 694039K->569721K(1864192K), 0.0564447 secs] [Times: user=0.25 sys=0.00, real=0.06 secs] 
3956.275: [GC (Allocation Failure) [PSYoungGen: 406261K->184662K(465920K)] 802681K->635170K(1864192K), 0.0430863 secs] [Times: user=0.19 sys=0.00, real=0.05 secs] 
3956.459: [GC (Allocation Failure) [PSYoungGen: 417622K->184180K(465920K)] 868130K->690825K(1864192K), 0.0598490 secs] [Times: user=0.29 sys=0.01, real=0.06 secs] 
3957.874: [GC (Allocation Failure) [PSYoungGen: 417140K->150162K(465920K)] 923785K->726399K(1864192K), 0.0506176 secs] [Times: user=0.25 sys=0.00, real=0.05 secs] 
3958.906: [GC (GCLocker Initiated GC) [PSYoungGen: 383122K->115021K(465920K)] 959359K->738874K(1864192K), 0.1518950 secs] [Times: user=0.85 sys=0.01, real=0.16 secs] 
3959.255: [GC (Allocation Failure) [PSYoungGen: 347981K->178069K(465920K)] 972001K->839081K(1864192K), 0.0369467 secs] [Times: user=0.15 sys=0.00, real=0.04 secs] 
3959.413: [GC (Allocation Failure) [PSYoungGen: 411029K->185303K(465920K)] 1072041K->908395K(1864192K), 0.0493705 secs] [Times: user=0.23 sys=0.00, real=0.05 secs] 
3959.618: [GC (Allocation Failure) [PSYoungGen: 418263K->186549K(465920K)] 1141355K->968393K(1864192K), 0.0845260 secs] [Times: user=0.44 sys=0.00, real=0.09 secs] 
3960.774: [GC (Allocation Failure) [PSYoungGen: 419509K->96539K(465920K)] 1201353K->948791K(1864192K), 0.0702866 secs] [Times: user=0.38 sys=0.00, real=0.07 secs] 
3961.433: [GC (Allocation Failure) [PSYoungGen: 329499K->174421K(465920K)] 1181751K->1057686K(1864192K), 0.0482364 secs] [Times: user=0.21 sys=0.00, real=0.05 secs] 
3961.620: [GC (Allocation Failure) [PSYoungGen: 407381K->181909K(465920K)] 1290646K->1119690K(1864192K), 0.0439767 secs] [Times: user=0.20 sys=0.00, real=0.04 secs] 
3961.826: [GC (Allocation Failure) [PSYoungGen: 402277K->173973K(465920K)] 1340058K->1175282K(1864192K), 0.0775600 secs] [Times: user=0.39 sys=0.00, real=0.08 secs] 
3962.689: [GC (Allocation Failure) [PSYoungGen: 403334K->205555K(465920K)] 1404643K->1262216K(1864192K), 0.0532763 secs] [Times: user=0.25 sys=0.00, real=0.05 secs] 
3963.187: [GC (Allocation Failure) [PSYoungGen: 438515K->100396K(465920K)] 1495176K->1221581K(1864192K), 0.0776629 secs] [Times: user=0.42 sys=0.01, real=0.08 secs] 
3963.467: [GC (Allocation Failure) [PSYoungGen: 333356K->182390K(465920K)] 1454541K->1335556K(1864192K), 0.0364579 secs] [Times: user=0.16 sys=0.00, real=0.04 secs] 
3963.649: [GC (Allocation Failure) [PSYoungGen: 415350K->184598K(465920K)] 1568516K->1394484K(1864192K), 0.0495513 secs] [Times: user=0.23 sys=0.00, real=0.05 secs] 
3963.839: [GC (Allocation Failure) [PSYoungGen: 417558K->183124K(465920K)] 1627444K->1448834K(1864192K), 0.0620529 secs] [Times: user=0.29 sys=0.01, real=0.06 secs] 
3964.922: [GC (Allocation Failure) [PSYoungGen: 416084K->97243K(465920K)] 1681794K->1432178K(1864192K), 0.0457075 secs] [Times: user=0.24 sys=0.00, real=0.04 secs] 
3964.968: [Full GC (Ergonomics) [PSYoungGen: 97243K->0K(465920K)] [ParOldGen: 1334934K->88516K(1398272K)] 1432178K->88516K(1864192K), [Metaspace: 60363K->60363K(1105920K)], 0.0383199 secs] [Times: user=0.11 sys=0.00, real=0.03 secs] 
3965.570: [GC (Allocation Failure) [PSYoungGen: 232960K->169940K(465920K)] 321476K->258457K(1864192K), 0.0366144 secs] [Times: user=0.12 sys=0.00, real=0.03 secs] 
3965.761: [GC (Allocation Failure) [PSYoungGen: 402900K->184630K(465920K)] 491417K->326542K(1864192K), 0.0415462 secs] [Times: user=0.18 sys=0.00, real=0.04 secs] 
3965.954: [GC (Allocation Failure) [PSYoungGen: 417590K->182998K(465920K)] 559502K->389143K(1864192K), 0.0658510 secs] [Times: user=0.32 sys=0.00, real=0.07 secs] 
3966.416: [GC (Allocation Failure) [PSYoungGen: 415958K->198420K(465920K)] 622103K->462517K(1864192K), 0.0516817 secs] [Times: user=0.25 sys=0.00, real=0.05 secs] 
3968.138: [GC (Allocation Failure) [PSYoungGen: 431380K->90970K(465920K)] 695477K->423043K(1864192K), 0.0892301 secs] [Times: user=0.49 sys=0.00, real=0.08 secs] 
3968.499: [GC (Allocation Failure) [PSYoungGen: 323930K->180341K(465920K)] 656003K->541535K(1864192K), 0.0333008 secs] [Times: user=0.14 sys=0.00, real=0.03 secs] 
3968.714: [GC (Allocation Failure) [PSYoungGen: 413301K->192918K(465920K)] 774495K->610475K(1864192K), 0.0660239 secs] [Times: user=0.32 sys=0.00, real=0.07 secs] 
3968.914: [GC (Allocation Failure) [PSYoungGen: 425878K->183732K(465920K)] 843435K->657266K(1864192K), 0.0448810 secs] [Times: user=0.21 sys=0.00, real=0.05 secs] 
3969.892: [GC (Allocation Failure) [PSYoungGen: 416692K->100940K(465920K)] 890226K->643858K(1864192K), 0.0445614 secs] [Times: user=0.23 sys=0.01, real=0.04 secs] 
3970.280: [GC (Allocation Failure) [PSYoungGen: 333900K->167732K(465920K)] 876818K->743358K(1864192K), 0.0778449 secs] [Times: user=0.39 sys=0.00, real=0.07 secs] 
3970.555: [GC (Allocation Failure) [PSYoungGen: 400692K->184342K(465920K)] 976318K->812187K(1864192K), 0.0583953 secs] [Times: user=0.27 sys=0.00, real=0.06 secs] 
3970.744: [GC (Allocation Failure) [PSYoungGen: 417302K->185623K(465920K)] 1045147K->877605K(1864192K), 0.0500352 secs] [Times: user=0.24 sys=0.00, real=0.05 secs] 
3970.968: [GC (Allocation Failure) [PSYoungGen: 418583K->176275K(465920K)] 1110565K->927225K(1864192K), 0.0671121 secs] [Times: user=0.34 sys=0.00, real=0.07 secs] 
3972.418: [GC (Allocation Failure) [PSYoungGen: 409235K->87242K(465920K)] 1160185K->905112K(1864192K), 0.0830632 secs] [Times: user=0.46 sys=0.00, real=0.08 secs] 
3972.865: [GC (Allocation Failure) [PSYoungGen: 320202K->179317K(465920K)] 1138072K->1025144K(1864192K), 0.0338332 secs] [Times: user=0.13 sys=0.00, real=0.04 secs] 
3973.019: [GC (Allocation Failure) [PSYoungGen: 412277K->184598K(465920K)] 1258104K->1086277K(1864192K), 0.0446764 secs] [Times: user=0.21 sys=0.01, real=0.04 secs] 
3973.231: [GC (Allocation Failure) [PSYoungGen: 417558K->186549K(465920K)] 1319237K->1144308K(1864192K), 0.0645069 secs] [Times: user=0.32 sys=0.00, real=0.06 secs] 
3974.318: [GC (Allocation Failure) [PSYoungGen: 419509K->109453K(465920K)] 1377268K->1137440K(1864192K), 0.0471888 secs] [Times: user=0.24 sys=0.00, real=0.04 secs] 
3975.465: [GC (Allocation Failure) [PSYoungGen: 342413K->153458K(465920K)] 1370400K->1216834K(1864192K), 0.0880138 secs] [Times: user=0.45 sys=0.01, real=0.09 secs] 
3975.770: [GC (Allocation Failure) [PSYoungGen: 386418K->184214K(465920K)] 1449794K->1296042K(1864192K), 0.0448593 secs] [Times: user=0.20 sys=0.00, real=0.04 secs] 
3975.937: [GC (Allocation Failure) [PSYoungGen: 417060K->182902K(465920K)] 1528888K->1358482K(1864192K), 0.0504737 secs] [Times: user=0.23 sys=0.00, real=0.05 secs] 
3976.103: [GC (Allocation Failure) [PSYoungGen: 415862K->186773K(465920K)] 1591442K->1420673K(1864192K), 0.0574790 secs] [Times: user=0.28 sys=0.00, real=0.06 secs] 
3977.208: [GC (Allocation Failure) [PSYoungGen: 419733K->92363K(465920K)] 1653633K->1396879K(1864192K), 0.0652816 secs] [Times: user=0.35 sys=0.00, real=0.06 secs] 
3977.565: [GC (Allocation Failure) [PSYoungGen: 325323K->177429K(465920K)] 1629839K->1511938K(1864192K), 0.0470773 secs] [Times: user=0.21 sys=0.00, real=0.05 secs] 
3977.612: [Full GC (Ergonomics) [PSYoungGen: 177429K->0K(465920K)] [ParOldGen: 1334509K->217819K(1398272K)] 1511938K->217819K(1864192K), [Metaspace: 60363K->60363K(1105920K)], 0.2379952 secs] [Times: user=1.08 sys=0.00, real=0.24 secs] 
3977.972: [GC (Allocation Failure) [PSYoungGen: 232960K->180085K(465920K)] 450779K->397905K(1864192K), 0.0260109 secs] [Times: user=0.10 sys=0.00, real=0.03 secs] 
3978.115: [GC (Allocation Failure) [PSYoungGen: 413045K->186613K(465920K)] 630865K->459377K(1864192K), 0.0444867 secs] [Times: user=0.21 sys=0.00, real=0.05 secs] 
3979.230: [GC (Allocation Failure) [PSYoungGen: 419573K->119166K(465920K)] 692337K->462214K(1864192K), 0.0461674 secs] [Times: user=0.23 sys=0.00, real=0.04 secs] 
3979.631: [GC (Allocation Failure) [PSYoungGen: 352126K->151378K(465920K)] 695174K->532534K(1864192K), 0.0830644 secs] [Times: user=0.44 sys=0.00, real=0.08 secs] 
3979.847: [GC (Allocation Failure) [PSYoungGen: 384338K->181045K(465920K)] 765494K->609266K(1864192K), 0.0406725 secs] [Times: user=0.17 sys=0.00, real=0.04 secs] 
3980.010: [GC (Allocation Failure) [PSYoungGen: 414005K->185687K(465920K)] 842226K->677184K(1864192K), 0.0487952 secs] [Times: user=0.23 sys=0.00, real=0.05 secs] 
3980.173: [GC (Allocation Failure) [PSYoungGen: 418647K->183508K(465920K)] 910144K->733741K(1864192K), 0.0544959 secs] [Times: user=0.26 sys=0.00, real=0.05 secs] 
3981.616: [GC (Allocation Failure) [PSYoungGen: 416468K->90266K(465920K)] 966701K->709915K(1864192K), 0.0863930 secs] [Times: user=0.47 sys=0.00, real=0.09 secs] 
3982.072: [GC (Allocation Failure) [PSYoungGen: 323226K->178517K(465920K)] 942875K->827451K(1864192K), 0.0347260 secs] [Times: user=0.15 sys=0.00, real=0.03 secs] 
3982.254: [GC (Allocation Failure) [PSYoungGen: 411477K->184566K(465920K)] 1060411K->888943K(1864192K), 0.0484226 secs] [Times: user=0.22 sys=0.00, real=0.05 secs] 
3982.437: [GC (Allocation Failure) [PSYoungGen: 417526K->184148K(465920K)] 1121903K->944590K(1864192K), 0.0450625 secs] [Times: user=0.21 sys=0.00, real=0.05 secs] 
3983.486: [GC (Allocation Failure) [PSYoungGen: 417108K->123599K(465920K)] 1177550K->953665K(1864192K), 0.0472680 secs] [Times: user=0.24 sys=0.01, real=0.05 secs] 
3984.212: [GC (Allocation Failure) [PSYoungGen: 356401K->141457K(465920K)] 1186467K->1010627K(1864192K), 0.1046267 secs] [Times: user=0.57 sys=0.00, real=0.10 secs] 
3984.516: [GC (Allocation Failure) [PSYoungGen: 374417K->178709K(465920K)] 1243587K->1092744K(1864192K), 0.0456835 secs] [Times: user=0.21 sys=0.00, real=0.05 secs] 
3984.681: [GC (Allocation Failure) [PSYoungGen: 411669K->186071K(465920K)] 1325704K->1162630K(1864192K), 0.0493861 secs] [Times: user=0.23 sys=0.00, real=0.05 secs] 
3984.844: [GC (Allocation Failure) [PSYoungGen: 419031K->186773K(465920K)] 1395590K->1222324K(1864192K), 0.0575899 secs] [Times: user=0.29 sys=0.00, real=0.06 secs] 
3985.871: [GC (Allocation Failure) [PSYoungGen: 419733K->87338K(465920K)] 1455284K->1193313K(1864192K), 0.0423545 secs] [Times: user=0.22 sys=0.00, real=0.04 secs] 
3986.551: [GC (Allocation Failure) [PSYoungGen: 320298K->173813K(465920K)] 1426273K->1307680K(1864192K), 0.0453843 secs] [Times: user=0.20 sys=0.00, real=0.04 secs] 
3986.735: [GC (Allocation Failure) [PSYoungGen: 406773K->184886K(465920K)] 1540640K->1373233K(1864192K), 0.0437292 secs] [Times: user=0.20 sys=0.00, real=0.05 secs] 
3986.893: [GC (Allocation Failure) [PSYoungGen: 417846K->187253K(465920K)] 1606193K->1431593K(1864192K), 0.0461036 secs] [Times: user=0.22 sys=0.00, real=0.05 secs] 
3987.901: [GC (Allocation Failure) [PSYoungGen: 420213K->134896K(465920K)] 1664553K->1449796K(1864192K), 0.0502832 secs] [Times: user=0.25 sys=0.00, real=0.05 secs] 
3987.951: [Full GC (Ergonomics) [PSYoungGen: 134896K->0K(465920K)] [ParOldGen: 1314899K->346247K(1398272K)] 1449796K->346247K(1864192K), [Metaspace: 60363K->60363K(1105920K)], 0.5712109 secs] [Times: user=2.48 sys=0.00, real=0.57 secs] 
3989.982: [GC (Allocation Failure) [PSYoungGen: 232960K->127439K(465920K)] 579207K->473686K(1864192K), 0.0437619 secs] [Times: user=0.18 sys=0.00, real=0.04 secs] 
3990.279: [GC (Allocation Failure) [PSYoungGen: 360399K->177909K(465920K)] 706646K->565225K(1864192K), 0.0436033 secs] [Times: user=0.20 sys=0.00, real=0.04 secs] 
3990.489: [GC (Allocation Failure) [PSYoungGen: 410869K->182486K(465920K)] 798185K->631931K(1864192K), 0.0762786 secs] [Times: user=0.38 sys=0.00, real=0.07 secs] 
3990.706: [GC (Allocation Failure) [PSYoungGen: 415446K->186901K(465920K)] 864891K->694449K(1864192K), 0.0571580 secs] [Times: user=0.28 sys=0.00, real=0.06 secs] 
3991.821: [GC (Allocation Failure) [PSYoungGen: 419861K->94075K(465920K)] 927409K->672183K(1864192K), 0.0485760 secs] [Times: user=0.25 sys=0.00, real=0.05 secs] 
3992.274: [GC (Allocation Failure) [PSYoungGen: 327035K->173333K(465920K)] 905143K->781738K(1864192K), 0.0324244 secs] [Times: user=0.12 sys=0.00, real=0.03 secs] 
3992.451: [GC (Allocation Failure) [PSYoungGen: 406293K->184726K(465920K)] 1014698K->847243K(1864192K), 0.0494441 secs] [Times: user=0.23 sys=0.00, real=0.05 secs] 
3992.637: [GC (Allocation Failure) [PSYoungGen: 417686K->183444K(465920K)] 1080203K->902082K(1864192K), 0.0475323 secs] [Times: user=0.22 sys=0.00, real=0.05 secs] 
3993.577: [GC (Allocation Failure) [PSYoungGen: 416404K->150706K(465920K)] 1135042K->938784K(1864192K), 0.0517765 secs] [Times: user=0.26 sys=0.00, real=0.06 secs] 
3994.134: [GC (Allocation Failure) [PSYoungGen: 383666K->122910K(465920K)] 1171744K->958788K(1864192K), 0.1028074 secs] [Times: user=0.57 sys=0.00, real=0.10 secs] 
3994.355: [GC (Allocation Failure) [PSYoungGen: 355870K->178869K(465920K)] 1191748K->1054003K(1864192K), 0.0385363 secs] [Times: user=0.17 sys=0.00, real=0.04 secs] 
3994.513: [GC (Allocation Failure) [PSYoungGen: 411829K->182902K(465920K)] 1286963K->1120421K(1864192K), 0.0507787 secs] [Times: user=0.24 sys=0.00, real=0.05 secs] 
3994.680: [GC (Allocation Failure) [PSYoungGen: 415862K->186261K(465920K)] 1353381K->1182259K(1864192K), 0.0589428 secs] [Times: user=0.29 sys=0.00, real=0.06 secs] 
3995.699: [GC (Allocation Failure) [PSYoungGen: 419221K->93179K(465920K)] 1415219K->1159369K(1864192K), 0.0581750 secs] [Times: user=0.31 sys=0.00, real=0.05 secs] 
3996.284: [GC (Allocation Failure) [PSYoungGen: 326139K->171540K(465920K)] 1392329K->1268303K(1864192K), 0.0375035 secs] [Times: user=0.16 sys=0.00, real=0.04 secs] 
3996.478: [GC (Allocation Failure) [PSYoungGen: 404500K->184182K(465920K)] 1501263K->1334628K(1864192K), 0.0690192 secs] [Times: user=0.34 sys=0.00, real=0.07 secs] 
3996.685: [GC (Allocation Failure) [PSYoungGen: 406742K->172373K(465920K)] 1557189K->1386948K(1864192K), 0.0498234 secs] [Times: user=0.24 sys=0.00, real=0.05 secs] 
3997.962: [GC (Allocation Failure) [PSYoungGen: 405333K->169427K(463872K)] 1619908K->1438745K(1862144K), 0.0552604 secs] [Times: user=0.27 sys=0.00, real=0.05 secs] 
3998.689: [GC (GCLocker Initiated GC) [PSYoungGen: 402387K->104220K(464896K)] 1671706K->1438371K(1863168K), 0.0989933 secs] [Times: user=0.52 sys=0.00, real=0.09 secs] 
3998.788: [Full GC (Ergonomics) [PSYoungGen: 104220K->0K(464896K)] [ParOldGen: 1334151K->120963K(1398272K)] 1438371K->120963K(1863168K), [Metaspace: 60363K->60363K(1105920K)], 0.1775614 secs] [Times: user=0.78 sys=0.00, real=0.18 secs] 
3999.093: [GC (Allocation Failure) [PSYoungGen: 232960K->181493K(465920K)] 354089K->302623K(1864192K), 0.0245663 secs] [Times: user=0.09 sys=0.00, real=0.02 secs] 
3999.260: [GC (Allocation Failure) [PSYoungGen: 414453K->184566K(465920K)] 535583K->361379K(1864192K), 0.0414344 secs] [Times: user=0.18 sys=0.00, real=0.04 secs] 
3999.434: [GC (Allocation Failure) [PSYoungGen: 417526K->186101K(465920K)] 594339K->418867K(1864192K), 0.0570525 secs] [Times: user=0.28 sys=0.00, real=0.06 secs] 
4000.877: [GC (Allocation Failure) [PSYoungGen: 419061K->99564K(465920K)] 651827K->402338K(1864192K), 0.0440195 secs] [Times: user=0.22 sys=0.00, real=0.05 secs] 
4001.590: [GC (Allocation Failure) [PSYoungGen: 332524K->166996K(465920K)] 635298K->501670K(1864192K), 0.0672266 secs] [Times: user=0.33 sys=0.00, real=0.06 secs] 
4001.870: [GC (Allocation Failure) [PSYoungGen: 399836K->181621K(465920K)] 734511K->568832K(1864192K), 0.0500054 secs] [Times: user=0.24 sys=0.00, real=0.05 secs] 
4002.067: [GC (Allocation Failure) [PSYoungGen: 414581K->185623K(465920K)] 801792K->635978K(1864192K), 0.0586737 secs] [Times: user=0.29 sys=0.00, real=0.06 secs] 
4002.511: [GC (Allocation Failure) [PSYoungGen: 418208K->214580K(465920K)] 868563K->723707K(1864192K), 0.0537145 secs] [Times: user=0.26 sys=0.00, real=0.05 secs] 
4003.617: [GC (Allocation Failure) [PSYoungGen: 447540K->89578K(465920K)] 956667K->666865K(1864192K), 0.1027283 secs] [Times: user=0.56 sys=0.00, real=0.11 secs] 
4004.569: [GC (Allocation Failure) [PSYoungGen: 322538K->180277K(465920K)] 899825K->786081K(1864192K), 0.0427995 secs] [Times: user=0.18 sys=0.00, real=0.04 secs] 
4004.736: [GC (Allocation Failure) [PSYoungGen: 413237K->184726K(465920K)] 1019041K->846933K(1864192K), 0.0431283 secs] [Times: user=0.19 sys=0.00, real=0.05 secs] 
4004.893: [GC (Allocation Failure) [PSYoungGen: 417686K->184212K(465920K)] 1079893K->902284K(1864192K), 0.0448070 secs] [Times: user=0.21 sys=0.00, real=0.05 secs] 
4005.951: [GC (Allocation Failure) [PSYoungGen: 417172K->101900K(465920K)] 1135244K->889499K(1864192K), 0.0440405 secs] [Times: user=0.23 sys=0.00, real=0.04 secs] 
4006.809: [GC (Allocation Failure) [PSYoungGen: 334860K->164915K(465920K)] 1122459K->985392K(1864192K), 0.0693065 secs] [Times: user=0.34 sys=0.00, real=0.07 secs] 
4007.017: [GC (Allocation Failure) [PSYoungGen: 397875K->184310K(465920K)] 1218352K->1056366K(1864192K), 0.0413280 secs] [Times: user=0.19 sys=0.00, real=0.04 secs] 
4007.177: [GC (Allocation Failure) [PSYoungGen: 417270K->185943K(465920K)] 1289326K->1121935K(1864192K), 0.0494199 secs] [Times: user=0.23 sys=0.00, real=0.05 secs] 
4007.338: [GC (Allocation Failure) [PSYoungGen: 418903K->183668K(465920K)] 1354895K->1178661K(1864192K), 0.0547758 secs] [Times: user=0.27 sys=0.00, real=0.06 secs] 
4008.518: [GC (Allocation Failure) [PSYoungGen: 416628K->85626K(465920K)] 1411621K->1150018K(1864192K), 0.0630713 secs] [Times: user=0.34 sys=0.00, real=0.06 secs] 
4008.884: [GC (Allocation Failure) [PSYoungGen: 318586K->182262K(465920K)] 1382978K->1273987K(1864192K), 0.0339698 secs] [Times: user=0.14 sys=0.00, real=0.04 secs] 
4009.037: [GC (Allocation Failure) [PSYoungGen: 415222K->184950K(465920K)] 1506947K->1333511K(1864192K), 0.0440655 secs] [Times: user=0.20 sys=0.00, real=0.05 secs] 
4009.196: [GC (Allocation Failure) [PSYoungGen: 417910K->186709K(465920K)] 1566471K->1391438K(1864192K), 0.0457092 secs] [Times: user=0.21 sys=0.00, real=0.05 secs] 
4010.235: [GC (Allocation Failure) [PSYoungGen: 419669K->103164K(465920K)] 1624398K->1378533K(1864192K), 0.0455599 secs] [Times: user=0.23 sys=0.00, real=0.05 secs] 
4010.733: [GC (Allocation Failure) [PSYoungGen: 336124K->164083K(465920K)] 1611493K->1472846K(1864192K), 0.0642980 secs] [Times: user=0.32 sys=0.00, real=0.06 secs] 
4010.930: [GC (Allocation Failure) [PSYoungGen: 397043K->181749K(465920K)] 1705806K->1541559K(1864192K), 0.0442172 secs] [Times: user=0.20 sys=0.00, real=0.04 secs] 
4010.974: [Full GC (Ergonomics) [PSYoungGen: 181749K->0K(465920K)] [ParOldGen: 1359810K->251572K(1398272K)] 1541559K->251572K(1864192K), [Metaspace: 60363K->60363K(1105920K)], 0.3094847 secs] [Times: user=1.42 sys=0.00, real=0.31 secs] 
4011.407: [GC (Allocation Failure) [PSYoungGen: 232960K->185751K(465920K)] 484532K->437324K(1864192K), 0.0899937 secs] [Times: user=0.47 sys=0.00, real=0.09 secs] 
4011.755: [GC (Allocation Failure) [PSYoungGen: 418711K->182900K(465920K)] 670284K->493545K(1864192K), 0.0682306 secs] [Times: user=0.35 sys=0.00, real=0.07 secs] 
4013.488: [GC (Allocation Failure) [PSYoungGen: 415860K->88778K(465920K)] 726505K->468447K(1864192K), 0.1098397 secs] [Times: user=0.61 sys=0.00, real=0.11 secs] 
4013.955: [GC (Allocation Failure) [PSYoungGen: 321738K->181046K(465920K)] 701407K->588784K(1864192K), 0.0345544 secs] [Times: user=0.14 sys=0.00, real=0.04 secs] 
4014.130: [GC (Allocation Failure) [PSYoungGen: 414006K->180245K(465920K)] 821744K->643991K(1864192K), 0.0552660 secs] [Times: user=0.25 sys=0.00, real=0.05 secs] 
4014.331: [GC (Allocation Failure) [PSYoungGen: 413205K->186133K(465920K)] 876951K->704391K(1864192K), 0.0448629 secs] [Times: user=0.21 sys=0.00, real=0.04 secs] 
4015.316: [GC (Allocation Failure) [PSYoungGen: 419093K->114270K(465920K)] 937351K->702712K(1864192K), 0.0458964 secs] [Times: user=0.24 sys=0.00, real=0.05 secs] 
4015.859: [GC (Allocation Failure) [PSYoungGen: 347230K->153202K(465920K)] 935672K->778425K(1864192K), 0.0721238 secs] [Times: user=0.37 sys=0.00, real=0.07 secs] 
4016.061: [GC (GCLocker Initiated GC) [PSYoungGen: 386162K->181749K(465920K)] 1011387K->854734K(1864192K), 0.0405320 secs] [Times: user=0.17 sys=0.00, real=0.04 secs] 
4016.222: [GC (Allocation Failure) [PSYoungGen: 414709K->182934K(465920K)] 1087694K->919464K(1864192K), 0.0504035 secs] [Times: user=0.23 sys=0.00, real=0.05 secs] 
4016.455: [GC (Allocation Failure) [PSYoungGen: 415894K->186197K(465920K)] 1152424K->980702K(1864192K), 0.0756245 secs] [Times: user=0.39 sys=0.00, real=0.08 secs] 
4018.089: [GC (Allocation Failure) [PSYoungGen: 419157K->88298K(465920K)] 1213662K->952963K(1864192K), 0.1091628 secs] [Times: user=0.60 sys=0.00, real=0.11 secs] 
4018.928: [GC (Allocation Failure) [PSYoungGen: 321258K->175637K(465920K)] 1185923K->1068827K(1864192K), 0.0433389 secs] [Times: user=0.19 sys=0.00, real=0.04 secs] 
4019.145: [GC (GCLocker Initiated GC) [PSYoungGen: 408597K->182805K(465920K)] 1301788K->1130948K(1864192K), 0.0647420 secs] [Times: user=0.31 sys=0.00, real=0.07 secs] 
4019.339: [GC (Allocation Failure) [PSYoungGen: 415765K->200532K(465920K)] 1363911K->1203982K(1864192K), 0.0454083 secs] [Times: user=0.21 sys=0.00, real=0.04 secs] 
4020.385: [GC (Allocation Failure) [PSYoungGen: 433492K->127407K(465920K)] 1436942K->1200289K(1864192K), 0.0492426 secs] [Times: user=0.24 sys=0.00, real=0.05 secs] 
4020.932: [GC (GCLocker Initiated GC) [PSYoungGen: 360367K->143665K(465920K)] 1433249K->1256882K(1864192K), 0.1245770 secs] [Times: user=0.68 sys=0.00, real=0.12 secs] 
4021.206: [GC (Allocation Failure) [PSYoungGen: 376625K->179637K(465920K)] 1490009K->1337978K(1864192K), 0.0404912 secs] [Times: user=0.18 sys=0.00, real=0.04 secs] 
4021.423: [GC (Allocation Failure) [PSYoungGen: 412597K->185463K(465920K)] 1570938K->1406392K(1864192K), 0.0610830 secs] [Times: user=0.30 sys=0.00, real=0.06 secs] 
4021.625: [GC (Allocation Failure) [PSYoungGen: 418423K->186709K(465920K)] 1639352K->1466430K(1864192K), 0.0644260 secs] [Times: user=0.32 sys=0.00, real=0.07 secs] 
4022.752: [GC (Allocation Failure) [PSYoungGen: 419669K->89946K(465920K)] 1699390K->1440204K(1864192K), 0.0594118 secs] [Times: user=0.32 sys=0.00, real=0.06 secs] 
4022.811: [Full GC (Ergonomics) [PSYoungGen: 89946K->0K(465920K)] [ParOldGen: 1350257K->96048K(1398272K)] 1440204K->96048K(1864192K), [Metaspace: 60364K->60364K(1105920K)], 0.0782235 secs] [Times: user=0.32 sys=0.00, real=0.08 secs] 
4023.159: [GC (Allocation Failure) [PSYoungGen: 232960K->175477K(465920K)] 329008K->271525K(1864192K), 0.0304205 secs] [Times: user=0.11 sys=0.00, real=0.03 secs] 
4023.320: [GC (Allocation Failure) [PSYoungGen: 408437K->184310K(465920K)] 504485K->335330K(1864192K), 0.0423165 secs] [Times: user=0.19 sys=0.00, real=0.04 secs] 
4023.516: [GC (Allocation Failure) [PSYoungGen: 417270K->186485K(465920K)] 568290K->393586K(1864192K), 0.0642024 secs] [Times: user=0.31 sys=0.00, real=0.07 secs] 
4024.523: [GC (Allocation Failure) [PSYoungGen: 419445K->132304K(465920K)] 626546K->409933K(1864192K), 0.0480341 secs] [Times: user=0.24 sys=0.00, real=0.05 secs] 
4025.964: [GC (Allocation Failure) [PSYoungGen: 365264K->130879K(465920K)] 642893K->450532K(1864192K), 0.1211463 secs] [Times: user=0.66 sys=0.01, real=0.12 secs] 
4026.240: [GC (Allocation Failure) [PSYoungGen: 363839K->176180K(465920K)] 683492K->537818K(1864192K), 0.0376402 secs] [Times: user=0.16 sys=0.00, real=0.03 secs] 
4026.401: [GC (Allocation Failure) [PSYoungGen: 409140K->185623K(465920K)] 770778K->609124K(1864192K), 0.0488230 secs] [Times: user=0.23 sys=0.00, real=0.05 secs] 
4026.608: [GC (Allocation Failure) [PSYoungGen: 418583K->186613K(465920K)] 842084K->668915K(1864192K), 0.0848932 secs] [Times: user=0.44 sys=0.00, real=0.09 secs] 
4027.901: [GC (Allocation Failure) [PSYoungGen: 419573K->93627K(465920K)] 901875K->646493K(1864192K), 0.0824467 secs] [Times: user=0.44 sys=0.01, real=0.08 secs] 
4028.343: [GC (Allocation Failure) [PSYoungGen: 326587K->174645K(465920K)] 879453K->757323K(1864192K), 0.0397759 secs] [Times: user=0.17 sys=0.01, real=0.04 secs] 
4028.509: [GC (Allocation Failure) [PSYoungGen: 407605K->184694K(465920K)] 990283K->822276K(1864192K), 0.0429418 secs] [Times: user=0.19 sys=0.00, real=0.04 secs] 
4028.714: [GC (Allocation Failure) [PSYoungGen: 417654K->183732K(465920K)] 1055236K->877451K(1864192K), 0.0641953 secs] [Times: user=0.32 sys=0.00, real=0.06 secs] 
4029.682: [GC (Allocation Failure) [PSYoungGen: 416692K->146130K(465920K)] 1110411K->909169K(1864192K), 0.0497051 secs] [Times: user=0.25 sys=0.00, real=0.05 secs] 
4030.054: [GC (Allocation Failure) [PSYoungGen: 379090K->128143K(465920K)] 1142129K->937606K(1864192K), 0.1025256 secs] [Times: user=0.56 sys=0.00, real=0.10 secs] 
4030.336: [GC (Allocation Failure) [PSYoungGen: 361103K->178421K(465920K)] 1170566K->1028392K(1864192K), 0.0394531 secs] [Times: user=0.18 sys=0.00, real=0.04 secs] 
4030.494: [GC (Allocation Failure) [PSYoungGen: 411381K->185527K(465920K)] 1261352K->1097918K(1864192K), 0.0500869 secs] [Times: user=0.23 sys=0.00, real=0.05 secs] 
4030.659: [GC (Allocation Failure) [PSYoungGen: 418487K->183540K(465920K)] 1330878K->1154884K(1864192K), 0.0581839 secs] [Times: user=0.29 sys=0.00, real=0.05 secs] 
4031.673: [GC (Allocation Failure) [PSYoungGen: 416500K->91419K(465920K)] 1387844K->1132030K(1864192K), 0.0583781 secs] [Times: user=0.31 sys=0.00, real=0.06 secs] 
4032.043: [GC (Allocation Failure) [PSYoungGen: 324379K->176565K(465920K)] 1364990K->1247333K(1864192K), 0.0386548 secs] [Times: user=0.17 sys=0.00, real=0.04 secs] 
4032.201: [GC (Allocation Failure) [PSYoungGen: 409525K->184213K(465920K)] 1480293K->1309797K(1864192K), 0.0432956 secs] [Times: user=0.20 sys=0.00, real=0.04 secs] 
4032.358: [GC (Allocation Failure) [PSYoungGen: 417173K->186837K(465920K)] 1542757K->1368469K(1864192K), 0.0458061 secs] [Times: user=0.21 sys=0.00, real=0.04 secs] 
4033.308: [GC (Allocation Failure) [PSYoungGen: 419797K->146866K(465920K)] 1601429K->1399058K(1864192K), 0.0510084 secs] [Times: user=0.26 sys=0.00, real=0.06 secs] 
4035.735: [GC (Allocation Failure) [PSYoungGen: 379742K->118446K(465920K)] 1631934K->1417126K(1864192K), 0.1281521 secs] [Times: user=0.71 sys=0.00, real=0.13 secs] 
4036.010: [GC (Allocation Failure) [PSYoungGen: 351406K->176212K(465920K)] 1650086K->1513013K(1864192K), 0.0380315 secs] [Times: user=0.17 sys=0.00, real=0.04 secs] 
4036.048: [Full GC (Ergonomics) [PSYoungGen: 176212K->0K(465920K)] [ParOldGen: 1336800K->231379K(1398272K)] 1513013K->231379K(1864192K), [Metaspace: 60373K->60373K(1105920K)], 0.2692008 secs] [Times: user=1.21 sys=0.00, real=0.26 secs] 
4036.449: [GC (Allocation Failure) [PSYoungGen: 232960K->185175K(465920K)] 464339K->416554K(1864192K), 0.0917822 secs] [Times: user=0.49 sys=0.00, real=0.09 secs] 
4036.651: [GC (Allocation Failure) [PSYoungGen: 418135K->180660K(465920K)] 649514K->470671K(1864192K), 0.0573631 secs] [Times: user=0.29 sys=0.00, real=0.06 secs] 
4037.682: [GC (Allocation Failure) [PSYoungGen: 413620K->99612K(465920K)] 703631K->457759K(1864192K), 0.0541067 secs] [Times: user=0.29 sys=0.00, real=0.05 secs] 
4038.038: [GC (Allocation Failure) [PSYoungGen: 332572K->171188K(465920K)] 690719K->561316K(1864192K), 0.0509375 secs] [Times: user=0.23 sys=0.00, real=0.06 secs] 
4038.259: [GC (Allocation Failure) [PSYoungGen: 404148K->184214K(465920K)] 794276K->627882K(1864192K), 0.0597122 secs] [Times: user=0.28 sys=0.00, real=0.06 secs] 
4038.453: [GC (Allocation Failure) [PSYoungGen: 409056K->176598K(465920K)] 852724K->684546K(1864192K), 0.0487876 secs] [Times: user=0.23 sys=0.00, real=0.05 secs] 
4039.262: [GC (Allocation Failure) [PSYoungGen: 406571K->206579K(465920K)] 914520K->770623K(1864192K), 0.0542524 secs] [Times: user=0.26 sys=0.00, real=0.05 secs] 
4039.857: [GC (Allocation Failure) [PSYoungGen: 439539K->100540K(465920K)] 1003583K->729580K(1864192K), 0.0846936 secs] [Times: user=0.45 sys=0.00, real=0.09 secs] 
4040.243: [GC (Allocation Failure) [PSYoungGen: 333500K->180309K(465920K)] 962540K->841147K(1864192K), 0.0398283 secs] [Times: user=0.17 sys=0.00, real=0.04 secs] 
4040.401: [GC (Allocation Failure) [PSYoungGen: 413269K->181845K(465920K)] 1074107K->899031K(1864192K), 0.0441691 secs] [Times: user=0.20 sys=0.00, real=0.04 secs] 
4040.562: [GC (Allocation Failure) [PSYoungGen: 414805K->186581K(465920K)] 1131991K->959022K(1864192K), 0.0464642 secs] [Times: user=0.22 sys=0.00, real=0.05 secs] 
4041.898: [GC (Allocation Failure) [PSYoungGen: 419541K->96987K(465920K)] 1191982K->939825K(1864192K), 0.0817854 secs] [Times: user=0.44 sys=0.01, real=0.09 secs] 
4042.830: [GC (Allocation Failure) [PSYoungGen: 329947K->170100K(465920K)] 1172785K->1044110K(1864192K), 0.0582466 secs] [Times: user=0.28 sys=0.00, real=0.06 secs] 
4043.024: [GC (Allocation Failure) [PSYoungGen: 403060K->184726K(465920K)] 1277070K->1112080K(1864192K), 0.0431258 secs] [Times: user=0.20 sys=0.00, real=0.04 secs] 
4043.214: [GC (Allocation Failure) [PSYoungGen: 417686K->182774K(465920K)] 1345040K->1174153K(1864192K), 0.0558624 secs] [Times: user=0.27 sys=0.00, real=0.06 secs] 
4043.579: [GC (Allocation Failure) [PSYoungGen: 415734K->216852K(465920K)] 1407113K->1266119K(1864192K), 0.0554089 secs] [Times: user=0.27 sys=0.01, real=0.05 secs] 
4044.571: [GC (Allocation Failure) [PSYoungGen: 449812K->89626K(465920K)] 1499079K->1207793K(1864192K), 0.0575966 secs] [Times: user=0.30 sys=0.00, real=0.06 secs] 
4044.916: [GC (Allocation Failure) [PSYoungGen: 322586K->183062K(465920K)] 1440753K->1329713K(1864192K), 0.0414048 secs] [Times: user=0.18 sys=0.00, real=0.04 secs] 
4045.110: [GC (Allocation Failure) [PSYoungGen: 416022K->184758K(465920K)] 1562673K->1388545K(1864192K), 0.0505962 secs] [Times: user=0.24 sys=0.00, real=0.05 secs] 
4045.287: [GC (Allocation Failure) [PSYoungGen: 417718K->186837K(465920K)] 1621505K->1446592K(1864192K), 0.0477089 secs] [Times: user=0.22 sys=0.00, real=0.05 secs] 
4046.432: [GC (GCLocker Initiated GC) [PSYoungGen: 419797K->95675K(465920K)] 1679553K->1425927K(1864192K), 0.0534727 secs] [Times: user=0.28 sys=0.00, real=0.05 secs] 
4046.486: [Full GC (Ergonomics) [PSYoungGen: 95675K->0K(465920K)] [ParOldGen: 1330251K->85058K(1398272K)] 1425927K->85058K(1864192K), [Metaspace: 60381K->60381K(1105920K)], 0.0337870 secs] [Times: user=0.10 sys=0.00, real=0.04 secs] 
4047.158: [GC (Allocation Failure) [PSYoungGen: 232960K->165844K(465920K)] 318020K->250905K(1864192K), 0.0401904 secs] [Times: user=0.16 sys=0.00, real=0.04 secs] 
4047.433: [GC (Allocation Failure) [PSYoungGen: 398804K->184630K(465920K)] 483865K->321551K(1864192K), 0.0559711 secs] [Times: user=0.24 sys=0.00, real=0.06 secs] 
4047.672: [GC (Allocation Failure) [PSYoungGen: 417590K->183382K(465920K)] 554511K->384464K(1864192K), 0.0716253 secs] [Times: user=0.35 sys=0.00, real=0.07 secs] 
4047.917: [GC (Allocation Failure) [PSYoungGen: 416342K->186453K(465920K)] 617424K->445926K(1864192K), 0.0713493 secs] [Times: user=0.36 sys=0.00, real=0.07 secs] 
4049.734: [GC (Allocation Failure) [PSYoungGen: 419413K->83673K(465920K)] 678886K->413639K(1864192K), 0.0995250 secs] [Times: user=0.55 sys=0.00, real=0.10 secs] 
4050.465: [GC (Allocation Failure) [PSYoungGen: 316633K->177205K(465920K)] 646599K->534003K(1864192K), 0.0435087 secs] [Times: user=0.19 sys=0.00, real=0.05 secs] 
4050.718: [GC (Allocation Failure) [PSYoungGen: 410165K->184086K(465920K)] 766963K->595632K(1864192K), 0.0551255 secs] [Times: user=0.27 sys=0.00, real=0.06 secs] 
4050.887: [GC (Allocation Failure) [PSYoungGen: 417046K->187221K(465920K)] 828592K->654631K(1864192K), 0.0454384 secs] [Times: user=0.21 sys=0.00, real=0.05 secs] 
4051.887: [GC (Allocation Failure) [PSYoungGen: 420181K->108861K(465920K)] 887591K->646895K(1864192K), 0.0462248 secs] [Times: user=0.24 sys=0.00, real=0.05 secs] 
4052.549: [GC (Allocation Failure) [PSYoungGen: 341821K->158291K(465920K)] 879855K->731218K(1864192K), 0.0839083 secs] [Times: user=0.43 sys=0.00, real=0.08 secs] 
4052.793: [GC (Allocation Failure) [PSYoungGen: 391251K->181525K(465920K)] 964178K->804136K(1864192K), 0.0413144 secs] [Times: user=0.19 sys=0.00, real=0.04 secs] 
4053.024: [GC (Allocation Failure) [PSYoungGen: 414485K->185303K(465920K)] 1037096K->870850K(1864192K), 0.0733583 secs] [Times: user=0.37 sys=0.00, real=0.07 secs] 
4053.226: [GC (Allocation Failure) [PSYoungGen: 418263K->186933K(465920K)] 1103810K->931120K(1864192K), 0.0566024 secs] [Times: user=0.27 sys=0.00, real=0.06 secs] 
4054.422: [GC (Allocation Failure) [PSYoungGen: 419893K->89082K(465920K)] 1164080K->903749K(1864192K), 0.0724637 secs] [Times: user=0.39 sys=0.00, real=0.07 secs] 
4054.936: [GC (Allocation Failure) [PSYoungGen: 322042K->177301K(465920K)] 1136709K->1020768K(1864192K), 0.0430779 secs] [Times: user=0.19 sys=0.00, real=0.05 secs] 
4055.106: [GC (Allocation Failure) [PSYoungGen: 410261K->184630K(465920K)] 1253728K->1083697K(1864192K), 0.0441180 secs] [Times: user=0.20 sys=0.00, real=0.05 secs] 
4055.301: [GC (Allocation Failure) [PSYoungGen: 417590K->186037K(465920K)] 1316657K->1141096K(1864192K), 0.0606420 secs] [Times: user=0.29 sys=0.00, real=0.06 secs] 
4056.381: [GC (Allocation Failure) [PSYoungGen: 418997K->114654K(465920K)] 1374056K->1140049K(1864192K), 0.0473884 secs] [Times: user=0.24 sys=0.00, real=0.05 secs] 
4057.466: [GC (Allocation Failure) [PSYoungGen: 347614K->152754K(465920K)] 1373009K->1214378K(1864192K), 0.0807780 secs] [Times: user=0.41 sys=0.00, real=0.08 secs] 
4057.693: [GC (Allocation Failure) [PSYoungGen: 385714K->181397K(465920K)] 1447338K->1290818K(1864192K), 0.0465985 secs] [Times: user=0.18 sys=0.00, real=0.05 secs] 
4057.866: [GC (Allocation Failure) [PSYoungGen: 414357K->186039K(465920K)] 1523778K->1358947K(1864192K), 0.0506701 secs] [Times: user=0.24 sys=0.00, real=0.05 secs] 
4058.085: [GC (Allocation Failure) [PSYoungGen: 418999K->183092K(465920K)] 1591907K->1414953K(1864192K), 0.0798002 secs] [Times: user=0.40 sys=0.00, real=0.08 secs] 
4059.265: [GC (Allocation Failure) [PSYoungGen: 416052K->93179K(465920K)] 1647913K->1394443K(1864192K), 0.0550796 secs] [Times: user=0.29 sys=0.00, real=0.06 secs] 
4059.692: [GC (Allocation Failure) [PSYoungGen: 326139K->178165K(465920K)] 1627403K->1509251K(1864192K), 0.0460869 secs] [Times: user=0.20 sys=0.00, real=0.04 secs] 
4059.738: [Full GC (Ergonomics) [PSYoungGen: 178165K->0K(465920K)] [ParOldGen: 1331085K->216830K(1398272K)] 1509251K->216830K(1864192K), [Metaspace: 60382K->60382K(1105920K)], 0.2389991 secs] [Times: user=1.09 sys=0.00, real=0.24 secs] 
4060.135: [GC (Allocation Failure) [PSYoungGen: 232960K->181077K(465920K)] 449790K->397908K(1864192K), 0.0260285 secs] [Times: user=0.09 sys=0.00, real=0.03 secs] 
4060.286: [GC (Allocation Failure) [PSYoungGen: 414037K->186773K(465920K)] 630868K->458287K(1864192K), 0.0443072 secs] [Times: user=0.21 sys=0.00, real=0.05 secs] 
4061.288: [GC (Allocation Failure) [PSYoungGen: 419733K->120399K(465920K)] 691247K->462385K(1864192K), 0.0463600 secs] [Times: user=0.24 sys=0.00, real=0.05 secs] 
4061.874: [GC (Allocation Failure) [PSYoungGen: 353359K->152705K(465920K)] 695345K->532875K(1864192K), 0.1092180 secs] [Times: user=0.58 sys=0.00, real=0.11 secs] 
4062.140: [GC (Allocation Failure) [PSYoungGen: 385665K->180981K(465920K)] 765835K->607009K(1864192K), 0.0396286 secs] [Times: user=0.17 sys=0.01, real=0.04 secs] 
4062.303: [GC (Allocation Failure) [PSYoungGen: 413941K->185399K(465920K)] 839969K->674802K(1864192K), 0.0494976 secs] [Times: user=0.23 sys=0.01, real=0.05 secs] 
4062.467: [GC (Allocation Failure) [PSYoungGen: 418359K->183668K(465920K)] 907762K->731800K(1864192K), 0.0561229 secs] [Times: user=0.28 sys=0.00, real=0.06 secs] 
4064.223: [GC (Allocation Failure) [PSYoungGen: 416628K->92267K(465920K)] 964760K->709806K(1864192K), 0.1172185 secs] [Times: user=0.64 sys=0.00, real=0.12 secs] 
4064.856: [GC (Allocation Failure) [PSYoungGen: 325227K->172340K(465920K)] 942766K->819549K(1864192K), 0.0373681 secs] [Times: user=0.15 sys=0.00, real=0.04 secs] 
4065.084: [GC (Allocation Failure) [PSYoungGen: 405300K->184502K(465920K)] 1052509K->886114K(1864192K), 0.0640972 secs] [Times: user=0.31 sys=0.00, real=0.06 secs] 
4065.318: [GC (Allocation Failure) [PSYoungGen: 417462K->186357K(465920K)] 1119074K->944081K(1864192K), 0.0622038 secs] [Times: user=0.31 sys=0.00, real=0.07 secs] 
4066.392: [GC (Allocation Failure) [PSYoungGen: 419317K->134672K(465920K)] 1177041K->962565K(1864192K), 0.0491305 secs] [Times: user=0.24 sys=0.00, real=0.05 secs] 
4067.358: [GC (Allocation Failure) [PSYoungGen: 367632K->131471K(465920K)] 1195525K->1002196K(1864192K), 0.1321011 secs] [Times: user=0.73 sys=0.00, real=0.13 secs] 
4067.657: [GC (Allocation Failure) [PSYoungGen: 364431K->178549K(465920K)] 1235156K->1091798K(1864192K), 0.0384651 secs] [Times: user=0.17 sys=0.00, real=0.04 secs] 
4067.853: [GC (Allocation Failure) [PSYoungGen: 411509K->185463K(465920K)] 1324758K->1160960K(1864192K), 0.0663749 secs] [Times: user=0.33 sys=0.00, real=0.07 secs] 
4068.059: [GC (Allocation Failure) [PSYoungGen: 418423K->186869K(465920K)] 1393920K->1221166K(1864192K), 0.0572495 secs] [Times: user=0.28 sys=0.00, real=0.05 secs] 
4069.274: [GC (GCLocker Initiated GC) [PSYoungGen: 419829K->89178K(465920K)] 1454126K->1194044K(1864192K), 0.0736008 secs] [Times: user=0.40 sys=0.01, real=0.07 secs] 
4070.414: [GC (Allocation Failure) [PSYoungGen: 322138K->175605K(465920K)] 1427007K->1308974K(1864192K), 0.0498526 secs] [Times: user=0.22 sys=0.00, real=0.05 secs] 
4070.608: [GC (Allocation Failure) [PSYoungGen: 408565K->182549K(465920K)] 1541934K->1370891K(1864192K), 0.0436010 secs] [Times: user=0.20 sys=0.00, real=0.05 secs] 
4070.766: [GC (Allocation Failure) [PSYoungGen: 415509K->186421K(465920K)] 1603851K->1430170K(1864192K), 0.0464188 secs] [Times: user=0.21 sys=0.00, real=0.05 secs] 
4071.769: [GC (Allocation Failure) [PSYoungGen: 419381K->145874K(465920K)] 1663130K->1459935K(1864192K), 0.0512066 secs] [Times: user=0.26 sys=0.00, real=0.05 secs] 
4071.820: [Full GC (Ergonomics) [PSYoungGen: 145874K->0K(465920K)] [ParOldGen: 1314061K->353995K(1398272K)] 1459935K->353995K(1864192K), [Metaspace: 60382K->60382K(1105920K)], 0.5701341 secs] [Times: user=2.47 sys=0.00, real=0.57 secs] 
4073.896: [GC (Allocation Failure) [PSYoungGen: 232960K->119470K(465920K)] 586955K->473465K(1864192K), 0.0313767 secs] [Times: user=0.11 sys=0.01, real=0.03 secs] 
4074.123: [GC (Allocation Failure) [PSYoungGen: 352430K->175316K(465920K)] 706425K->567725K(1864192K), 0.0362090 secs] [Times: user=0.15 sys=0.00, real=0.04 secs] 
4074.280: [GC (Allocation Failure) [PSYoungGen: 408276K->185463K(465920K)] 800685K->639143K(1864192K), 0.0480481 secs] [Times: user=0.22 sys=0.00, real=0.04 secs] 
4074.442: [GC (Allocation Failure) [PSYoungGen: 418423K->183732K(465920K)] 872103K->696077K(1864192K), 0.0560428 secs] [Times: user=0.27 sys=0.01, real=0.05 secs] 
4075.456: [GC (Allocation Failure) [PSYoungGen: 416692K->97051K(465920K)] 929037K->678756K(1864192K), 0.0458588 secs] [Times: user=0.24 sys=0.00, real=0.05 secs] 
4075.761: [GC (Allocation Failure) [PSYoungGen: 330011K->173269K(465920K)] 911716K->786902K(1864192K), 0.0373902 secs] [Times: user=0.16 sys=0.00, real=0.03 secs] 
4075.916: [GC (Allocation Failure) [PSYoungGen: 406229K->181429K(465920K)] 1019862K->848943K(1864192K), 0.0421641 secs] [Times: user=0.19 sys=0.00, real=0.04 secs] 
4076.103: [GC (Allocation Failure) [PSYoungGen: 405895K->176278K(465920K)] 1073408K->907311K(1864192K), 0.0679228 secs] [Times: user=0.34 sys=0.00, real=0.07 secs] 
4077.088: [GC (Allocation Failure) [PSYoungGen: 409238K->169043K(402432K)] 1140271K->956148K(1800704K), 0.0548798 secs] [Times: user=0.27 sys=0.00, real=0.06 secs] 
4078.352: [GC (Allocation Failure) [PSYoungGen: 402003K->98843K(464896K)] 1189108K->950661K(1863168K), 0.0958475 secs] [Times: user=0.47 sys=0.01, real=0.09 secs] 
4078.874: [GC (Allocation Failure) [PSYoungGen: 331291K->179637K(465408K)] 1183109K->1063008K(1863680K), 0.0446704 secs] [Times: user=0.19 sys=0.01, real=0.05 secs] 
4079.046: [GC (Allocation Failure) [PSYoungGen: 412085K->184470K(465920K)] 1295456K->1123908K(1864192K), 0.0436191 secs] [Times: user=0.19 sys=0.01, real=0.05 secs] 
4079.206: [GC (Allocation Failure) [PSYoungGen: 417430K->186709K(465920K)] 1356868K->1182099K(1864192K), 0.0455761 secs] [Times: user=0.21 sys=0.00, real=0.05 secs] 
4080.295: [GC (Allocation Failure) [PSYoungGen: 419669K->103100K(465920K)] 1415059K->1168835K(1864192K), 0.0505292 secs] [Times: user=0.27 sys=0.00, real=0.05 secs] 
4081.184: [GC (Allocation Failure) [PSYoungGen: 336060K->161619K(465920K)] 1401795K->1261062K(1864192K), 0.0675733 secs] [Times: user=0.33 sys=0.00, real=0.07 secs] 
4081.396: [GC (Allocation Failure) [PSYoungGen: 394579K->184470K(465920K)] 1494022K->1334892K(1864192K), 0.0420747 secs] [Times: user=0.19 sys=0.00, real=0.04 secs] 
4081.561: [GC (Allocation Failure) [PSYoungGen: 417430K->185239K(465920K)] 1567852K->1399821K(1864192K), 0.0503610 secs] [Times: user=0.23 sys=0.00, real=0.05 secs] 
4082.147: [GC (Allocation Failure) [PSYoungGen: 416745K->216212K(465920K)] 1631328K->1489595K(1864192K), 0.0550537 secs] [Times: user=0.28 sys=0.00, real=0.06 secs] 
4083.261: [GC (Allocation Failure) [PSYoungGen: 449172K->90554K(465920K)] 1722555K->1432729K(1864192K), 0.0781126 secs] [Times: user=0.42 sys=0.00, real=0.08 secs] 
4083.339: [Full GC (Ergonomics) [PSYoungGen: 90554K->0K(465920K)] [ParOldGen: 1342174K->107896K(1398272K)] 1432729K->107896K(1864192K), [Metaspace: 60382K->60382K(1105920K)], 0.1498291 secs] [Times: user=0.64 sys=0.00, real=0.15 secs] 
4083.707: [GC (Allocation Failure) [PSYoungGen: 232960K->184501K(465920K)] 340856K->292398K(1864192K), 0.0252657 secs] [Times: user=0.09 sys=0.00, real=0.03 secs] 
4083.925: [GC (Allocation Failure) [PSYoungGen: 417461K->179541K(465920K)] 525358K->343473K(1864192K), 0.0572774 secs] [Times: user=0.26 sys=0.01, real=0.06 secs] 
4084.117: [GC (Allocation Failure) [PSYoungGen: 412501K->186293K(465920K)] 576433K->405001K(1864192K), 0.0442984 secs] [Times: user=0.20 sys=0.00, real=0.05 secs] 
4085.108: [GC (GCLocker Initiated GC) [PSYoungGen: 419253K->104508K(465920K)] 637961K->393529K(1864192K), 0.0444742 secs] [Times: user=0.23 sys=0.00, real=0.05 secs] 
4085.801: [GC (Allocation Failure) [PSYoungGen: 337468K->158675K(465920K)] 626656K->481643K(1864192K), 0.0720211 secs] [Times: user=0.36 sys=0.00, real=0.07 secs] 
4086.017: [GC (Allocation Failure) [PSYoungGen: 391635K->184566K(465920K)] 714603K->557926K(1864192K), 0.0410634 secs] [Times: user=0.18 sys=0.00, real=0.04 secs] 
4086.181: [GC (Allocation Failure) [PSYoungGen: 417526K->185847K(465920K)] 790886K->623183K(1864192K), 0.0489258 secs] [Times: user=0.23 sys=0.00, real=0.05 secs] 
4086.380: [GC (Allocation Failure) [PSYoungGen: 418807K->186613K(465920K)] 856143K->682982K(1864192K), 0.0787244 secs] [Times: user=0.40 sys=0.00, real=0.08 secs] 
4087.940: [GC (Allocation Failure) [PSYoungGen: 419573K->90858K(465920K)] 915942K->657695K(1864192K), 0.0985494 secs] [Times: user=0.54 sys=0.00, real=0.10 secs] 
4088.646: [GC (Allocation Failure) [PSYoungGen: 323818K->179957K(465920K)] 890655K->776287K(1864192K), 0.0448347 secs] [Times: user=0.19 sys=0.00, real=0.05 secs] 
4088.886: [GC (Allocation Failure) [PSYoungGen: 412917K->178805K(465920K)] 1009247K->830614K(1864192K), 0.0588614 secs] [Times: user=0.28 sys=0.00, real=0.06 secs] 
4089.162: [GC (Allocation Failure) [PSYoungGen: 411765K->185877K(465920K)] 1063574K->891822K(1864192K), 0.0566441 secs] [Times: user=0.28 sys=0.00, real=0.06 secs] 
4090.160: [GC (Allocation Failure) [PSYoungGen: 418837K->111117K(465920K)] 1124782K->887167K(1864192K), 0.0479928 secs] [Times: user=0.25 sys=0.00, real=0.05 secs] 
4090.542: [GC (Allocation Failure) [PSYoungGen: 344077K->164371K(465920K)] 1120127K->976826K(1864192K), 0.0791476 secs] [Times: user=0.39 sys=0.00, real=0.08 secs] 
4090.808: [GC (Allocation Failure) [PSYoungGen: 397331K->180725K(465920K)] 1209786K->1044660K(1864192K), 0.0557992 secs] [Times: user=0.26 sys=0.00, real=0.06 secs] 
4090.993: [GC (Allocation Failure) [PSYoungGen: 413685K->182294K(465920K)] 1277620K->1109349K(1864192K), 0.0497954 secs] [Times: user=0.23 sys=0.00, real=0.05 secs] 
4091.158: [GC (Allocation Failure) [PSYoungGen: 415254K->186645K(465920K)] 1342309K->1171636K(1864192K), 0.0562573 secs] [Times: user=0.27 sys=0.00, real=0.05 secs] 
4092.301: [GC (Allocation Failure) [PSYoungGen: 419605K->90570K(465920K)] 1404596K->1146065K(1864192K), 0.0660979 secs] [Times: user=0.35 sys=0.01, real=0.06 secs] 
4092.705: [GC (Allocation Failure) [PSYoungGen: 323530K->179317K(465920K)] 1379025K->1263393K(1864192K), 0.0442674 secs] [Times: user=0.19 sys=0.00, real=0.05 secs] 
4092.921: [GC (Allocation Failure) [PSYoungGen: 412277K->183477K(465920K)] 1496353K->1323905K(1864192K), 0.0655757 secs] [Times: user=0.32 sys=0.00, real=0.06 secs] 
4093.161: [GC (Allocation Failure) [PSYoungGen: 416437K->185557K(465920K)] 1556865K->1381584K(1864192K), 0.0631567 secs] [Times: user=0.31 sys=0.00, real=0.06 secs] 
4094.173: [GC (Allocation Failure) [PSYoungGen: 418517K->111597K(465920K)] 1614544K->1377713K(1864192K), 0.0476067 secs] [Times: user=0.25 sys=0.00, real=0.05 secs] 
4095.165: [GC (Allocation Failure) [PSYoungGen: 344557K->155218K(465920K)] 1610673K->1457335K(1864192K), 0.0827238 secs] [Times: user=0.43 sys=0.00, real=0.08 secs] 
4095.449: [GC (Allocation Failure) [PSYoungGen: 388178K->181301K(465920K)] 1690295K->1531878K(1864192K), 0.0460348 secs] [Times: user=0.21 sys=0.00, real=0.04 secs] 
4095.495: [Full GC (Ergonomics) [PSYoungGen: 181301K->0K(465920K)] [ParOldGen: 1350576K->248215K(1398272K)] 1531878K->248215K(1864192K), [Metaspace: 60382K->60382K(1105920K)], 0.3071582 secs] [Times: user=1.38 sys=0.00, real=0.31 secs] 
4095.931: [GC (Allocation Failure) [PSYoungGen: 232960K->185655K(465920K)] 481175K->433870K(1864192K), 0.0880861 secs] [Times: user=0.46 sys=0.00, real=0.09 secs] 
4096.133: [GC (Allocation Failure) [PSYoungGen: 418615K->183412K(465920K)] 666830K->490492K(1864192K), 0.0559938 secs] [Times: user=0.27 sys=0.00, real=0.06 secs] 
4097.220: [GC (Allocation Failure) [PSYoungGen: 416372K->90106K(465920K)] 723452K->466498K(1864192K), 0.0457635 secs] [Times: user=0.24 sys=0.00, real=0.04 secs] 
4097.602: [GC (Allocation Failure) [PSYoungGen: 323066K->178517K(465920K)] 699458K->584158K(1864192K), 0.0478557 secs] [Times: user=0.21 sys=0.01, real=0.05 secs] 
4097.792: [GC (Allocation Failure) [PSYoungGen: 411477K->181525K(465920K)] 817118K->642854K(1864192K), 0.0421196 secs] [Times: user=0.19 sys=0.00, real=0.04 secs] 
4097.950: [GC (Allocation Failure) [PSYoungGen: 414485K->186805K(465920K)] 875814K->703365K(1864192K), 0.0443925 secs] [Times: user=0.21 sys=0.01, real=0.04 secs] 
4098.931: [GC (Allocation Failure) [PSYoungGen: 419765K->119630K(465920K)] 936325K->706543K(1864192K), 0.0479448 secs] [Times: user=0.23 sys=0.00, real=0.05 secs] 
4099.636: [GC (Allocation Failure) [PSYoungGen: 349419K->141473K(465920K)] 936331K->766289K(1864192K), 0.0921806 secs] [Times: user=0.49 sys=0.00, real=0.09 secs] 
4099.874: [GC (Allocation Failure) [PSYoungGen: 374433K->178197K(465920K)] 999249K->848346K(1864192K), 0.0393622 secs] [Times: user=0.17 sys=0.00, real=0.04 secs] 
4100.059: [GC (Allocation Failure) [PSYoungGen: 411157K->185943K(465920K)] 1081306K->918132K(1864192K), 0.0547426 secs] [Times: user=0.26 sys=0.00, real=0.05 secs] 
4100.242: [GC (Allocation Failure) [PSYoungGen: 418903K->186645K(465920K)] 1151092K->977834K(1864192K), 0.0568895 secs] [Times: user=0.28 sys=0.00, real=0.06 secs] 
4102.114: [GC (GCLocker Initiated GC) [PSYoungGen: 419605K->84202K(465920K)] 1210794K->945887K(1864192K), 0.1146011 secs] [Times: user=0.63 sys=0.00, real=0.12 secs] 
4103.249: [GC (Allocation Failure) [PSYoungGen: 317162K->174165K(465920K)] 1179014K->1062910K(1864192K), 0.0450463 secs] [Times: user=0.19 sys=0.00, real=0.04 secs] 
4103.437: [GC (Allocation Failure) [PSYoungGen: 407125K->184694K(465920K)] 1295870K->1128191K(1864192K), 0.0431784 secs] [Times: user=0.20 sys=0.00, real=0.05 secs] 
4103.628: [GC (Allocation Failure) [PSYoungGen: 417654K->186421K(465920K)] 1361151K->1185758K(1864192K), 0.0631983 secs] [Times: user=0.30 sys=0.00, real=0.07 secs] 
4104.622: [GC (Allocation Failure) [PSYoungGen: 419381K->139633K(465920K)] 1418718K->1209226K(1864192K), 0.0497021 secs] [Times: user=0.24 sys=0.00, real=0.05 secs] 
4105.424: [GC (Allocation Failure) [PSYoungGen: 372558K->126863K(465920K)] 1442151K->1240848K(1864192K), 0.1521743 secs] [Times: user=0.85 sys=0.01, real=0.15 secs] 
4105.752: [GC (Allocation Failure) [PSYoungGen: 359771K->178165K(465920K)] 1473756K->1332339K(1864192K), 0.0386655 secs] [Times: user=0.17 sys=0.00, real=0.04 secs] 
4105.933: [GC (Allocation Failure) [PSYoungGen: 411125K->185847K(465920K)] 1565299K->1402465K(1864192K), 0.0563909 secs] [Times: user=0.27 sys=0.00, real=0.06 secs] 
4106.102: [GC (Allocation Failure) [PSYoungGen: 418807K->186901K(465920K)] 1635425K->1462415K(1864192K), 0.0596966 secs] [Times: user=0.29 sys=0.00, real=0.06 secs] 
4107.238: [GC (Allocation Failure) [PSYoungGen: 419861K->92219K(465920K)] 1695375K->1438109K(1864192K), 0.0671076 secs] [Times: user=0.36 sys=0.00, real=0.06 secs] 
4107.306: [Full GC (Ergonomics) [PSYoungGen: 92219K->0K(465920K)] [ParOldGen: 1345890K->93903K(1398272K)] 1438109K->93903K(1864192K), [Metaspace: 60384K->60384K(1105920K)], 0.0847941 secs] [Times: user=0.31 sys=0.00, real=0.09 secs] 
4108.298: [GC (Allocation Failure) [PSYoungGen: 232960K->172084K(465920K)] 326863K->265987K(1864192K), 0.0347778 secs] [Times: user=0.13 sys=0.00, real=0.03 secs] 
4108.483: [GC (Allocation Failure) [PSYoungGen: 405044K->184982K(465920K)] 498947K->332645K(1864192K), 0.0413437 secs] [Times: user=0.19 sys=0.00, real=0.04 secs] 
4108.662: [GC (Allocation Failure) [PSYoungGen: 417942K->187381K(465920K)] 565605K->391136K(1864192K), 0.0491843 secs] [Times: user=0.24 sys=0.00, real=0.05 secs] 
4109.644: [GC (Allocation Failure) [PSYoungGen: 420341K->146898K(465920K)] 624096K->421325K(1864192K), 0.0495297 secs] [Times: user=0.25 sys=0.00, real=0.05 secs] 
4111.120: [GC (GCLocker Initiated GC) [PSYoungGen: 379858K->118958K(465920K)] 654287K->440051K(1864192K), 0.1539107 secs] [Times: user=0.87 sys=0.00, real=0.15 secs] 
4111.442: [GC (Allocation Failure) [PSYoungGen: 351918K->200308K(465920K)] 673012K->559270K(1864192K), 0.0371143 secs] [Times: user=0.16 sys=0.00, real=0.04 secs] 
4111.602: [GC (Allocation Failure) [PSYoungGen: 433268K->185047K(465920K)] 792230K->605488K(1864192K), 0.0486724 secs] [Times: user=0.22 sys=0.00, real=0.05 secs] 
4111.773: [GC (Allocation Failure) [PSYoungGen: 418007K->186581K(465920K)] 838448K->665543K(1864192K), 0.0568404 secs] [Times: user=0.28 sys=0.01, real=0.06 secs] 
4112.863: [GC (Allocation Failure) [PSYoungGen: 419541K->94763K(465920K)] 898503K->644141K(1864192K), 0.0596072 secs] [Times: user=0.31 sys=0.00, real=0.06 secs] 
4113.571: [GC (Allocation Failure) [PSYoungGen: 327723K->167700K(465920K)] 877101K->747819K(1864192K), 0.0560467 secs] [Times: user=0.25 sys=0.00, real=0.05 secs] 
4113.790: [GC (Allocation Failure) [PSYoungGen: 400660K->192438K(465920K)] 980779K->824736K(1864192K), 0.0424979 secs] [Times: user=0.19 sys=0.01, real=0.04 secs] 
4113.977: [GC (Allocation Failure) [PSYoungGen: 420839K->179926K(465920K)] 1053138K->876265K(1864192K), 0.0546819 secs] [Times: user=0.27 sys=0.00, real=0.06 secs] 
4114.904: [GC (Allocation Failure) [PSYoungGen: 412886K->168851K(465920K)] 1109225K->922261K(1864192K), 0.0567584 secs] [Times: user=0.28 sys=0.00, real=0.06 secs] 
4115.537: [GC (Allocation Failure) [PSYoungGen: 401811K->102796K(465920K)] 1155221K->920807K(1864192K), 0.0924730 secs] [Times: user=0.50 sys=0.01, real=0.10 secs] 
4116.121: [GC (Allocation Failure) [PSYoungGen: 335756K->180501K(465920K)] 1153767K->1031213K(1864192K), 0.0457649 secs] [Times: user=0.20 sys=0.00, real=0.04 secs] 
4116.297: [GC (Allocation Failure) [PSYoungGen: 413461K->184182K(465920K)] 1264173K->1090925K(1864192K), 0.0443019 secs] [Times: user=0.20 sys=0.00, real=0.05 secs] 
4116.482: [GC (Allocation Failure) [PSYoungGen: 417142K->186869K(465920K)] 1323885K->1149420K(1864192K), 0.0515041 secs] [Times: user=0.25 sys=0.00, real=0.05 secs] 
4117.624: [GC (Allocation Failure) [PSYoungGen: 419829K->97259K(465920K)] 1382380K->1130339K(1864192K), 0.0645771 secs] [Times: user=0.35 sys=0.00, real=0.07 secs] 
4118.974: [GC (Allocation Failure) [PSYoungGen: 330219K->166420K(465920K)] 1363299K->1230632K(1864192K), 0.0635531 secs] [Times: user=0.31 sys=0.00, real=0.06 secs] 
4119.191: [GC (Allocation Failure) [PSYoungGen: 399380K->181749K(465920K)] 1463592K->1297965K(1864192K), 0.0423510 secs] [Times: user=0.19 sys=0.00, real=0.04 secs] 
4119.370: [GC (Allocation Failure) [PSYoungGen: 414709K->185559K(465920K)] 1530925K->1364871K(1864192K), 0.0501591 secs] [Times: user=0.23 sys=0.00, real=0.05 secs] 
4119.813: [GC (Allocation Failure) [PSYoungGen: 414641K->214580K(465920K)] 1593953K->1452804K(1864192K), 0.0553024 secs] [Times: user=0.27 sys=0.00, real=0.05 secs] 
4120.753: [GC (Allocation Failure) [PSYoungGen: 447540K->87722K(465920K)] 1685764K->1394018K(1864192K), 0.0792839 secs] [Times: user=0.44 sys=0.00, real=0.08 secs] 
4121.112: [GC (Allocation Failure) [PSYoungGen: 320682K->183094K(465920K)] 1626978K->1517735K(1864192K), 0.0366888 secs] [Times: user=0.16 sys=0.00, real=0.04 secs] 
4121.148: [Full GC (Ergonomics) [PSYoungGen: 183094K->0K(465920K)] [ParOldGen: 1334641K->228608K(1398272K)] 1517735K->228608K(1864192K), [Metaspace: 60384K->60384K(1105920K)], 0.2511598 secs] [Times: user=1.12 sys=0.00, real=0.25 secs] 
4121.517: [GC (Allocation Failure) [PSYoungGen: 232960K->181589K(465920K)] 461568K->410197K(1864192K), 0.0263170 secs] [Times: user=0.09 sys=0.00, real=0.03 secs] 
4121.677: [GC (Allocation Failure) [PSYoungGen: 414549K->186453K(465920K)] 643157K->470597K(1864192K), 0.0445456 secs] [Times: user=0.20 sys=0.00, real=0.05 secs] 
4122.656: [GC (Allocation Failure) [PSYoungGen: 419413K->102764K(465920K)] 703557K->457149K(1864192K), 0.0494254 secs] [Times: user=0.26 sys=0.00, real=0.05 secs] 
4123.539: [GC (GCLocker Initiated GC) [PSYoungGen: 335724K->162739K(465920K)] 690109K->550501K(1864192K), 0.0826356 secs] [Times: user=0.43 sys=0.00, real=0.08 secs] 
4123.822: [GC (Allocation Failure) [PSYoungGen: 395699K->182229K(465920K)] 783500K->620950K(1864192K), 0.0515339 secs] [Times: user=0.25 sys=0.00, real=0.05 secs] 
4124.059: [GC (Allocation Failure) [PSYoungGen: 415189K->185911K(465920K)] 853910K->688223K(1864192K), 0.0711772 secs] [Times: user=0.35 sys=0.00, real=0.07 secs] 
4124.302: [GC (Allocation Failure) [PSYoungGen: 418871K->183604K(465920K)] 921183K->744893K(1864192K), 0.0763493 secs] [Times: user=0.38 sys=0.01, real=0.07 secs] 
4125.952: [GC (GCLocker Initiated GC) [PSYoungGen: 416564K->88554K(465920K)] 977853K->719123K(1864192K), 0.0995482 secs] [Times: user=0.54 sys=0.00, real=0.10 secs] 
4126.412: [GC (Allocation Failure) [PSYoungGen: 321514K->177013K(465920K)] 952086K->836174K(1864192K), 0.0351772 secs] [Times: user=0.15 sys=0.00, real=0.03 secs] 
4126.568: [GC (Allocation Failure) [PSYoungGen: 409973K->184182K(465920K)] 1069134K->898391K(1864192K), 0.0428400 secs] [Times: user=0.19 sys=0.00, real=0.05 secs] 
4126.727: [GC (Allocation Failure) [PSYoungGen: 417142K->186805K(465920K)] 1131351K->956958K(1864192K), 0.0451179 secs] [Times: user=0.21 sys=0.00, real=0.05 secs] 
4127.808: [GC (Allocation Failure) [PSYoungGen: 419765K->110749K(465920K)] 1189918K->951250K(1864192K), 0.0463643 secs] [Times: user=0.24 sys=0.00, real=0.05 secs] 
4128.327: [GC (Allocation Failure) [PSYoungGen: 343709K->158002K(465920K)] 1184210K->1034072K(1864192K), 0.1006189 secs] [Times: user=0.53 sys=0.00, real=0.10 secs] 
4128.593: [GC (Allocation Failure) [PSYoungGen: 390962K->184054K(465920K)] 1267032K->1110192K(1864192K), 0.0423399 secs] [Times: user=0.19 sys=0.00, real=0.04 secs] 
4128.758: [GC (Allocation Failure) [PSYoungGen: 417014K->185591K(465920K)] 1343152K->1175577K(1864192K), 0.0505263 secs] [Times: user=0.24 sys=0.01, real=0.05 secs] 
4128.967: [GC (Allocation Failure) [PSYoungGen: 418551K->199700K(465920K)] 1408537K->1248598K(1864192K), 0.0782627 secs] [Times: user=0.40 sys=0.00, real=0.08 secs] 
4130.060: [GC (Allocation Failure) [PSYoungGen: 432660K->94299K(465920K)] 1481558K->1212493K(1864192K), 0.0658302 secs] [Times: user=0.35 sys=0.00, real=0.06 secs] 
4130.527: [GC (Allocation Failure) [PSYoungGen: 327259K->181846K(465920K)] 1445453K->1329693K(1864192K), 0.0439255 secs] [Times: user=0.19 sys=0.00, real=0.05 secs] 
4130.694: [GC (Allocation Failure) [PSYoungGen: 414806K->181557K(465920K)] 1562653K->1386216K(1864192K), 0.0442586 secs] [Times: user=0.21 sys=0.00, real=0.04 secs] 
4130.873: [GC (Allocation Failure) [PSYoungGen: 414517K->181140K(465920K)] 1619176K->1440847K(1864192K), 0.0577702 secs] [Times: user=0.28 sys=0.01, real=0.06 secs] 
4131.908: [GC (Allocation Failure) [PSYoungGen: 414100K->116014K(465920K)] 1673807K->1444505K(1864192K), 0.0473019 secs] [Times: user=0.24 sys=0.01, real=0.05 secs] 
4131.955: [Full GC (Ergonomics) [PSYoungGen: 116014K->0K(465920K)] [ParOldGen: 1328491K->98899K(1398272K)] 1444505K->98899K(1864192K), [Metaspace: 60384K->60384K(1105920K)], 0.0354587 secs] [Times: user=0.11 sys=0.00, real=0.04 secs] 
4133.063: [GC (Allocation Failure) [PSYoungGen: 232960K->157075K(465920K)] 331859K->255974K(1864192K), 0.0382598 secs] [Times: user=0.14 sys=0.00, real=0.04 secs] 
4133.278: [GC (Allocation Failure) [PSYoungGen: 390035K->184598K(465920K)] 488934K->332493K(1864192K), 0.0401231 secs] [Times: user=0.18 sys=0.00, real=0.04 secs] 
4133.467: [GC (Allocation Failure) [PSYoungGen: 417558K->186007K(465920K)] 565453K->398039K(1864192K), 0.0542901 secs] [Times: user=0.26 sys=0.00, real=0.06 secs] 
4133.646: [GC (Allocation Failure) [PSYoungGen: 418967K->183540K(465920K)] 630999K->454548K(1864192K), 0.0544337 secs] [Times: user=0.27 sys=0.00, real=0.06 secs] 
4134.892: [GC (GCLocker Initiated GC) [PSYoungGen: 416500K->88746K(465920K)] 687508K->429018K(1864192K), 0.0552413 secs] [Times: user=0.29 sys=0.01, real=0.05 secs] 
4135.231: [GC (Allocation Failure) [PSYoungGen: 321706K->178517K(465920K)] 662109K->547457K(1864192K), 0.0449514 secs] [Times: user=0.19 sys=0.00, real=0.04 secs] 
4135.454: [GC (Allocation Failure) [PSYoungGen: 411477K->192982K(465920K)] 780417K->617533K(1864192K), 0.0473600 secs] [Times: user=0.22 sys=0.00, real=0.05 secs] 
4135.624: [GC (Allocation Failure) [PSYoungGen: 425942K->186453K(465920K)] 850493K->667037K(1864192K), 0.0448273 secs] [Times: user=0.21 sys=0.00, real=0.05 secs] 
4136.670: [GC (Allocation Failure) [PSYoungGen: 419413K->112637K(465920K)] 899997K->663621K(1864192K), 0.0461539 secs] [Times: user=0.23 sys=0.00, real=0.04 secs] 
4137.102: [GC (Allocation Failure) [PSYoungGen: 345597K->154802K(465920K)] 896581K->742433K(1864192K), 0.0895329 secs] [Times: user=0.47 sys=0.00, real=0.09 secs] 
4137.404: [GC (Allocation Failure) [PSYoungGen: 387762K->180853K(465920K)] 975393K->816548K(1864192K), 0.0449707 secs] [Times: user=0.20 sys=0.00, real=0.05 secs] 
4137.618: [GC (Allocation Failure) [PSYoungGen: 413772K->185783K(465920K)] 1049468K->885018K(1864192K), 0.0765883 secs] [Times: user=0.38 sys=0.00, real=0.08 secs] 
4137.884: [GC (Allocation Failure) [PSYoungGen: 418743K->181396K(465920K)] 1117978K->939483K(1864192K), 0.0710331 secs] [Times: user=0.37 sys=0.00, real=0.07 secs] 
4139.537: [GC (Allocation Failure) [PSYoungGen: 414356K->89594K(465920K)] 1172443K->916385K(1864192K), 0.1099921 secs] [Times: user=0.60 sys=0.01, real=0.11 secs] 
4140.699: [GC (Allocation Failure) [PSYoungGen: 322554K->174709K(465920K)] 1149345K->1030041K(1864192K), 0.0454787 secs] [Times: user=0.19 sys=0.00, real=0.04 secs] 
4140.960: [GC (Allocation Failure) [PSYoungGen: 407669K->184886K(465920K)] 1263001K->1095010K(1864192K), 0.0591896 secs] [Times: user=0.28 sys=0.00, real=0.06 secs] 
4141.141: [GC (Allocation Failure) [PSYoungGen: 417846K->186709K(465920K)] 1327970K->1152785K(1864192K), 0.0463871 secs] [Times: user=0.21 sys=0.00, real=0.04 secs] 
4142.186: [GC (Allocation Failure) [PSYoungGen: 419669K->124687K(465920K)] 1385745K->1161035K(1864192K), 0.0486359 secs] [Times: user=0.24 sys=0.00, real=0.05 secs] 
4143.078: [GC (GCLocker Initiated GC) [PSYoungGen: 357647K->141537K(465920K)] 1393995K->1217565K(1864192K), 0.1253497 secs] [Times: user=0.68 sys=0.00, real=0.13 secs] 
4143.367: [GC (Allocation Failure) [PSYoungGen: 374497K->178293K(465920K)] 1450692K->1299661K(1864192K), 0.0389897 secs] [Times: user=0.17 sys=0.00, real=0.04 secs] 
4143.557: [GC (Allocation Failure) [PSYoungGen: 411253K->185783K(465920K)] 1532621K->1369299K(1864192K), 0.0550028 secs] [Times: user=0.26 sys=0.00, real=0.06 secs] 
4143.754: [GC (Allocation Failure) [PSYoungGen: 418743K->186709K(465920K)] 1602259K->1429201K(1864192K), 0.0590341 secs] [Times: user=0.29 sys=0.00, real=0.06 secs] 
4144.773: [GC (Allocation Failure) [PSYoungGen: 419669K->94091K(465920K)] 1662161K->1407031K(1864192K), 0.0437442 secs] [Times: user=0.23 sys=0.00, real=0.04 secs] 
4144.817: [Full GC (Ergonomics) [PSYoungGen: 94091K->0K(465920K)] [ParOldGen: 1312940K->100606K(1398272K)] 1407031K->100606K(1864192K), [Metaspace: 60384K->60384K(1105920K)], 0.0750304 secs] [Times: user=0.29 sys=0.00, real=0.08 secs] 
4145.708: [GC (Allocation Failure) [PSYoungGen: 232960K->168436K(465920K)] 333566K->269042K(1864192K), 0.0326214 secs] [Times: user=0.13 sys=0.00, real=0.03 secs] 
4145.890: [GC (Allocation Failure) [PSYoungGen: 401396K->184790K(465920K)] 502002K->338616K(1864192K), 0.0415077 secs] [Times: user=0.18 sys=0.00, real=0.04 secs] 
4146.084: [GC (Allocation Failure) [PSYoungGen: 417750K->183924K(465920K)] 571576K->393679K(1864192K), 0.0619545 secs] [Times: user=0.30 sys=0.00, real=0.06 secs] 
4147.123: [GC (Allocation Failure) [PSYoungGen: 416884K->138353K(465920K)] 626639K->417491K(1864192K), 0.0483675 secs] [Times: user=0.24 sys=0.01, real=0.05 secs] 
4148.567: [GC (GCLocker Initiated GC) [PSYoungGen: 371313K->129903K(465920K)] 650451K->452922K(1864192K), 0.1244182 secs] [Times: user=0.68 sys=0.01, real=0.13 secs] 
4148.887: [GC (Allocation Failure) [PSYoungGen: 362863K->185525K(465920K)] 685921K->550203K(1864192K), 0.0378111 secs] [Times: user=0.16 sys=0.00, real=0.04 secs] 
4149.101: [GC (Allocation Failure) [PSYoungGen: 418485K->185271K(465920K)] 783163K->611925K(1864192K), 0.0783048 secs] [Times: user=0.39 sys=0.00, real=0.08 secs] 
4149.316: [GC (Allocation Failure) [PSYoungGen: 418231K->186581K(465920K)] 844885K->671843K(1864192K), 0.0564102 secs] [Times: user=0.28 sys=0.00, real=0.06 secs] 
4150.383: [GC (GCLocker Initiated GC) [PSYoungGen: 419541K->91178K(465920K)] 904804K->646962K(1864192K), 0.0520565 secs] [Times: user=0.28 sys=0.00, real=0.05 secs] 
4150.965: [GC (Allocation Failure) [PSYoungGen: 324138K->176437K(465920K)] 880216K->761495K(1864192K), 0.0453976 secs] [Times: user=0.19 sys=0.00, real=0.05 secs] 
4151.152: [GC (Allocation Failure) [PSYoungGen: 409397K->181397K(465920K)] 994455K->821620K(1864192K), 0.0429660 secs] [Times: user=0.20 sys=0.00, real=0.04 secs] 
4151.311: [GC (Allocation Failure) [PSYoungGen: 414357K->203701K(465920K)] 1054580K->898667K(1864192K), 0.0464989 secs] [Times: user=0.21 sys=0.00, real=0.04 secs] 
4152.254: [GC (Allocation Failure) [PSYoungGen: 436661K->145682K(465920K)] 1131627K->911256K(1864192K), 0.0507922 secs] [Times: user=0.25 sys=0.00, real=0.05 secs] 
4152.706: [GC (Allocation Failure) [PSYoungGen: 378642K->129039K(465920K)] 1144216K->940814K(1864192K), 0.0835068 secs] [Times: user=0.45 sys=0.00, real=0.09 secs] 
4152.909: [GC (Allocation Failure) [PSYoungGen: 361999K->178293K(465920K)] 1173774K->1031232K(1864192K), 0.0381254 secs] [Times: user=0.17 sys=0.00, real=0.03 secs] 
4153.107: [GC (Allocation Failure) [PSYoungGen: 411253K->182262K(465920K)] 1264192K->1097386K(1864192K), 0.0722345 secs] [Times: user=0.35 sys=0.00, real=0.08 secs] 
4153.320: [GC (Allocation Failure) [PSYoungGen: 415222K->186549K(465920K)] 1330346K->1159840K(1864192K), 0.0577865 secs] [Times: user=0.29 sys=0.00, real=0.05 secs] 
4154.559: [GC (Allocation Failure) [PSYoungGen: 419509K->90826K(465920K)] 1392800K->1134510K(1864192K), 0.1091764 secs] [Times: user=0.60 sys=0.01, real=0.11 secs] 
4155.261: [GC (Allocation Failure) [PSYoungGen: 323786K->173525K(465920K)] 1367470K->1246425K(1864192K), 0.0461498 secs] [Times: user=0.20 sys=0.00, real=0.04 secs] 
4155.446: [GC (Allocation Failure) [PSYoungGen: 406485K->184406K(465920K)] 1479385K->1311662K(1864192K), 0.0437920 secs] [Times: user=0.20 sys=0.00, real=0.05 secs] 
4155.606: [GC (Allocation Failure) [PSYoungGen: 417366K->187445K(465920K)] 1544622K->1370445K(1864192K), 0.0466154 secs] [Times: user=0.22 sys=0.00, real=0.05 secs] 
4156.838: [GC (Allocation Failure) [PSYoungGen: 420405K->148850K(465920K)] 1603405K->1402482K(1864192K), 0.0521092 secs] [Times: user=0.26 sys=0.00, real=0.06 secs] 
4157.595: [GC (Allocation Failure) [PSYoungGen: 381810K->119918K(465920K)] 1635442K->1420734K(1864192K), 0.1258219 secs] [Times: user=0.70 sys=0.00, real=0.13 secs] 
4157.867: [GC (Allocation Failure) [PSYoungGen: 352878K->192565K(465920K)] 1653694K->1531794K(1864192K), 0.0393019 secs] [Times: user=0.17 sys=0.00, real=0.04 secs] 
4157.906: [Full GC (Ergonomics) [PSYoungGen: 192565K->0K(465920K)] [ParOldGen: 1339229K->231614K(1398272K)] 1531794K->231614K(1864192K), [Metaspace: 60384K->60384K(1105920K)], 0.2610685 secs] [Times: user=1.18 sys=0.00, real=0.26 secs] 
4158.287: [GC (Allocation Failure) [PSYoungGen: 232960K->179542K(465920K)] 464574K->411157K(1864192K), 0.0830173 secs] [Times: user=0.43 sys=0.00, real=0.09 secs] 
4158.500: [GC (Allocation Failure) [PSYoungGen: 412502K->186325K(465920K)] 644117K->474907K(1864192K), 0.0567916 secs] [Times: user=0.27 sys=0.00, real=0.05 secs] 
4159.521: [GC (Allocation Failure) [PSYoungGen: 419285K->95435K(465920K)] 707867K->454418K(1864192K), 0.0454224 secs] [Times: user=0.23 sys=0.00, real=0.04 secs] 
4160.032: [GC (Allocation Failure) [PSYoungGen: 328395K->170836K(465920K)] 687378K->560296K(1864192K), 0.0519875 secs] [Times: user=0.24 sys=0.01, real=0.05 secs] 
4160.231: [GC (Allocation Failure) [PSYoungGen: 403796K->184726K(465920K)] 793256K->628061K(1864192K), 0.0422202 secs] [Times: user=0.19 sys=0.00, real=0.04 secs] 
4160.391: [GC (Allocation Failure) [PSYoungGen: 409347K->178614K(465920K)] 852683K->686222K(1864192K), 0.0482170 secs] [Times: user=0.23 sys=0.00, real=0.05 secs] 
4161.217: [GC (Allocation Failure) [PSYoungGen: 407373K->206707K(465920K)] 914981K->771042K(1864192K), 0.0529932 secs] [Times: user=0.26 sys=0.00, real=0.06 secs] 
4162.483: [GC (Allocation Failure) [PSYoungGen: 439667K->94651K(465920K)] 1004002K->723922K(1864192K), 0.1222079 secs] [Times: user=0.68 sys=0.00, real=0.12 secs] 
4162.995: [GC (Allocation Failure) [PSYoungGen: 327611K->182934K(465920K)] 956882K->842518K(1864192K), 0.0355409 secs] [Times: user=0.15 sys=0.00, real=0.04 secs] 
4163.148: [GC (Allocation Failure) [PSYoungGen: 415894K->182197K(465920K)] 1075478K->898574K(1864192K), 0.0433699 secs] [Times: user=0.20 sys=0.00, real=0.04 secs] 
4163.309: [GC (Allocation Failure) [PSYoungGen: 415157K->186869K(465920K)] 1131534K->958509K(1864192K), 0.0452017 secs] [Times: user=0.21 sys=0.00, real=0.04 secs] 
4164.427: [GC (Allocation Failure) [PSYoungGen: 419829K->96667K(465920K)] 1191469K->938740K(1864192K), 0.0445795 secs] [Times: user=0.23 sys=0.00, real=0.05 secs] 
4164.934: [GC (Allocation Failure) [PSYoungGen: 329627K->167444K(465920K)] 1171700K->1041237K(1864192K), 0.0743070 secs] [Times: user=0.37 sys=0.00, real=0.08 secs] 
4165.152: [GC (Allocation Failure) [PSYoungGen: 400404K->184470K(465920K)] 1274197K->1110542K(1864192K), 0.0425355 secs] [Times: user=0.19 sys=0.00, real=0.04 secs] 
4165.343: [GC (Allocation Failure) [PSYoungGen: 417430K->186295K(465920K)] 1343502K->1176512K(1864192K), 0.0555797 secs] [Times: user=0.27 sys=0.00, real=0.06 secs] 
4165.596: [GC (Allocation Failure) [PSYoungGen: 419255K->216404K(465920K)] 1409472K->1265597K(1864192K), 0.0556838 secs] [Times: user=0.27 sys=0.00, real=0.06 secs] 
4166.791: [GC (Allocation Failure) [PSYoungGen: 449364K->85482K(465920K)] 1498557K->1203611K(1864192K), 0.0878325 secs] [Times: user=0.48 sys=0.01, real=0.09 secs] 
4167.227: [GC (Allocation Failure) [PSYoungGen: 318442K->182870K(465920K)] 1436571K->1328384K(1864192K), 0.0344489 secs] [Times: user=0.14 sys=0.00, real=0.04 secs] 
4167.380: [GC (Allocation Failure) [PSYoungGen: 415830K->184566K(465920K)] 1561344K->1387035K(1864192K), 0.0445046 secs] [Times: user=0.21 sys=0.00, real=0.04 secs] 
4167.568: [GC (Allocation Failure) [PSYoungGen: 417526K->186805K(465920K)] 1619995K->1445235K(1864192K), 0.0614189 secs] [Times: user=0.30 sys=0.00, real=0.07 secs] 
4168.701: [GC (Allocation Failure) [PSYoungGen: 419765K->98892K(465920K)] 1678195K->1427690K(1864192K), 0.0494794 secs] [Times: user=0.26 sys=0.01, real=0.05 secs] 
4168.750: [Full GC (Ergonomics) [PSYoungGen: 98892K->0K(465920K)] [ParOldGen: 1328797K->87350K(1398272K)] 1427690K->87350K(1864192K), [Metaspace: 60384K->60384K(1105920K)], 0.0332518 secs] [Times: user=0.10 sys=0.00, real=0.03 secs] 
4169.948: [GC (Allocation Failure) [PSYoungGen: 232960K->165076K(465920K)] 320310K->252426K(1864192K), 0.0367378 secs] [Times: user=0.14 sys=0.00, real=0.04 secs] 
4170.148: [GC (Allocation Failure) [PSYoungGen: 398036K->184278K(465920K)] 485386K->323060K(1864192K), 0.0412584 secs] [Times: user=0.18 sys=0.00, real=0.05 secs] 
4170.310: [GC (Allocation Failure) [PSYoungGen: 417238K->183190K(465920K)] 556020K->386013K(1864192K), 0.0491803 secs] [Times: user=0.23 sys=0.01, real=0.05 secs] 
4170.834: [GC (Allocation Failure) [PSYoungGen: 416150K->186005K(465920K)] 618973K->447339K(1864192K), 0.0888254 secs] [Times: user=0.46 sys=0.00, real=0.09 secs] 
4172.316: [GC (GCLocker Initiated GC) [PSYoungGen: 418965K->84473K(465920K)] 680300K->415841K(1864192K), 0.0822287 secs] [Times: user=0.45 sys=0.00, real=0.09 secs] 
4172.981: [GC (Allocation Failure) [PSYoungGen: 317433K->177845K(465920K)] 649095K->536444K(1864192K), 0.0453055 secs] [Times: user=0.19 sys=0.00, real=0.04 secs] 
4173.162: [GC (Allocation Failure) [PSYoungGen: 410805K->185046K(465920K)] 769404K->598800K(1864192K), 0.0425940 secs] [Times: user=0.19 sys=0.00, real=0.04 secs] 
4173.344: [GC (Allocation Failure) [PSYoungGen: 418006K->186901K(465920K)] 831760K->656719K(1864192K), 0.0498666 secs] [Times: user=0.24 sys=0.00, real=0.05 secs] 
4174.367: [GC (Allocation Failure) [PSYoungGen: 419861K->108157K(465920K)] 889679K->648303K(1864192K), 0.0452905 secs] [Times: user=0.23 sys=0.00, real=0.05 secs] 
4175.112: [GC (Allocation Failure) [PSYoungGen: 341117K->155154K(465920K)] 881263K->730430K(1864192K), 0.0901375 secs] [Times: user=0.47 sys=0.00, real=0.09 secs] 
4175.358: [GC (Allocation Failure) [PSYoungGen: 388114K->184470K(465920K)] 963390K->808481K(1864192K), 0.0411883 secs] [Times: user=0.19 sys=0.00, real=0.05 secs] 
4175.549: [GC (Allocation Failure) [PSYoungGen: 417430K->186231K(465920K)] 1041441K->874259K(1864192K), 0.0566433 secs] [Times: user=0.27 sys=0.00, real=0.05 secs] 
4175.741: [GC (Allocation Failure) [PSYoungGen: 419191K->183508K(465920K)] 1107219K->930704K(1864192K), 0.0550463 secs] [Times: user=0.27 sys=0.00, real=0.05 secs] 
4177.503: [GC (Allocation Failure) [PSYoungGen: 416468K->86106K(465920K)] 1163664K->902550K(1864192K), 0.1233534 secs] [Times: user=0.68 sys=0.00, real=0.12 secs] 
4178.321: [GC (Allocation Failure) [PSYoungGen: 319066K->175381K(465920K)] 1135510K->1019689K(1864192K), 0.0430275 secs] [Times: user=0.19 sys=0.01, real=0.04 secs] 
4178.496: [GC (Allocation Failure) [PSYoungGen: 408341K->184726K(465920K)] 1252649K->1083774K(1864192K), 0.0428485 secs] [Times: user=0.19 sys=0.00, real=0.05 secs] 
4178.687: [GC (Allocation Failure) [PSYoungGen: 417686K->186709K(465920K)] 1316734K->1141629K(1864192K), 0.0668469 secs] [Times: user=0.33 sys=0.00, real=0.07 secs] 
4179.794: [GC (Allocation Failure) [PSYoungGen: 419669K->119822K(465920K)] 1374589K->1145111K(1864192K), 0.0473415 secs] [Times: user=0.24 sys=0.00, real=0.05 secs] 
4180.395: [GC (Allocation Failure) [PSYoungGen: 352782K->145265K(465920K)] 1378071K->1208970K(1864192K), 0.1055597 secs] [Times: user=0.57 sys=0.00, real=0.11 secs] 
4180.702: [GC (Allocation Failure) [PSYoungGen: 378225K->182229K(465920K)] 1441930K->1290903K(1864192K), 0.0442806 secs] [Times: user=0.20 sys=0.01, real=0.04 secs] 
4180.867: [GC (Allocation Failure) [PSYoungGen: 415189K->185911K(465920K)] 1523863K->1358080K(1864192K), 0.0511583 secs] [Times: user=0.24 sys=0.00, real=0.06 secs] 
4181.036: [GC (Allocation Failure) [PSYoungGen: 418871K->186197K(465920K)] 1591040K->1417246K(1864192K), 0.0586152 secs] [Times: user=0.29 sys=0.00, real=0.06 secs] 
4182.256: [GC (Allocation Failure) [PSYoungGen: 419157K->93611K(465920K)] 1650206K->1394932K(1864192K), 0.0701681 secs] [Times: user=0.37 sys=0.01, real=0.07 secs] 
4182.918: [GC (Allocation Failure) [PSYoungGen: 326571K->173877K(465920K)] 1627892K->1505375K(1864192K), 0.0442610 secs] [Times: user=0.19 sys=0.00, real=0.05 secs] 
4182.962: [Full GC (Ergonomics) [PSYoungGen: 173877K->0K(465920K)] [ParOldGen: 1331498K->211665K(1398272K)] 1505375K->211665K(1864192K), [Metaspace: 60386K->60386K(1105920K)], 0.2208859 secs] [Times: user=1.00 sys=0.00, real=0.22 secs] 
4183.316: [GC (Allocation Failure) [PSYoungGen: 232960K->181589K(465920K)] 444625K->393255K(1864192K), 0.0263227 secs] [Times: user=0.10 sys=0.00, real=0.03 secs] 
4183.490: [GC (Allocation Failure) [PSYoungGen: 414549K->186805K(465920K)] 626215K->453734K(1864192K), 0.0523954 secs] [Times: user=0.25 sys=0.00, real=0.05 secs] 
4184.517: [GC (Allocation Failure) [PSYoungGen: 419765K->127663K(465920K)] 686694K->465065K(1864192K), 0.0472436 secs] [Times: user=0.23 sys=0.00, real=0.05 secs] 
4186.117: [GC (Allocation Failure) [PSYoungGen: 360623K->139120K(465920K)] 698025K->517002K(1864192K), 0.1210641 secs] [Times: user=0.66 sys=0.00, real=0.13 secs] 
4186.444: [GC (Allocation Failure) [PSYoungGen: 372080K->178741K(465920K)] 749962K->601495K(1864192K), 0.0388298 secs] [Times: user=0.17 sys=0.00, real=0.04 secs] 
4186.612: [GC (Allocation Failure) [PSYoungGen: 411701K->185111K(465920K)] 834455K->670073K(1864192K), 0.0489899 secs] [Times: user=0.22 sys=0.00, real=0.05 secs] 
4186.775: [GC (Allocation Failure) [PSYoungGen: 418071K->186773K(465920K)] 903033K->730488K(1864192K), 0.0568877 secs] [Times: user=0.28 sys=0.00, real=0.06 secs] 
4188.074: [GC (Allocation Failure) [PSYoungGen: 419733K->89578K(465920K)] 963448K->703725K(1864192K), 0.0703011 secs] [Times: user=0.38 sys=0.00, real=0.07 secs] 
4188.789: [GC (Allocation Failure) [PSYoungGen: 322538K->174069K(465920K)] 936685K->816864K(1864192K), 0.0476750 secs] [Times: user=0.21 sys=0.00, real=0.04 secs] 
4188.985: [GC (Allocation Failure) [PSYoungGen: 407029K->185046K(465920K)] 1049824K->882305K(1864192K), 0.0430151 secs] [Times: user=0.19 sys=0.00, real=0.04 secs] 
4189.140: [GC (Allocation Failure) [PSYoungGen: 418006K->186805K(465920K)] 1115265K->940209K(1864192K), 0.0456273 secs] [Times: user=0.21 sys=0.00, real=0.04 secs] 
4190.097: [GC (Allocation Failure) [PSYoungGen: 419765K->135344K(465920K)] 1173169K->959160K(1864192K), 0.0490752 secs] [Times: user=0.24 sys=0.00, real=0.05 secs] 
4191.013: [GC (Allocation Failure) [PSYoungGen: 368304K->130095K(465920K)] 1192120K->996863K(1864192K), 0.1153061 secs] [Times: user=0.64 sys=0.00, real=0.12 secs] 
4191.274: [GC (Allocation Failure) [PSYoungGen: 363055K->175892K(465920K)] 1229823K->1084177K(1864192K), 0.0383758 secs] [Times: user=0.17 sys=0.00, real=0.04 secs] 
4191.436: [GC (Allocation Failure) [PSYoungGen: 408852K->185399K(465920K)] 1317137K->1155411K(1864192K), 0.0495122 secs] [Times: user=0.23 sys=0.00, real=0.05 secs] 
4191.648: [GC (Allocation Failure) [PSYoungGen: 418359K->186485K(465920K)] 1388371K->1215426K(1864192K), 0.0856980 secs] [Times: user=0.45 sys=0.00, real=0.09 secs] 
4193.197: [GC (Allocation Failure) [PSYoungGen: 419445K->92075K(465920K)] 1448386K->1191367K(1864192K), 0.1047483 secs] [Times: user=0.58 sys=0.00, real=0.11 secs] 
4194.490: [GC (Allocation Failure) [PSYoungGen: 325035K->170164K(465920K)] 1424327K->1298982K(1864192K), 0.0446902 secs] [Times: user=0.20 sys=0.00, real=0.04 secs] 
4194.678: [GC (Allocation Failure) [PSYoungGen: 403124K->184630K(465920K)] 1531942K->1366927K(1864192K), 0.0428532 secs] [Times: user=0.19 sys=0.00, real=0.04 secs] 
4194.856: [GC (Allocation Failure) [PSYoungGen: 402785K->167796K(465920K)] 1585083K->1414286K(1864192K), 0.0679385 secs] [Times: user=0.34 sys=0.00, real=0.07 secs] 
4195.804: [GC (Allocation Failure) [PSYoungGen: 400756K->169491K(463872K)] 1647246K->1469236K(1862144K), 0.0551140 secs] [Times: user=0.28 sys=0.00, real=0.06 secs] 
4196.420: [GC (Allocation Failure) [PSYoungGen: 402451K->102028K(464896K)] 1702196K->1466814K(1863168K), 0.0846230 secs] [Times: user=0.45 sys=0.01, real=0.08 secs] 
4196.505: [Full GC (Ergonomics) [PSYoungGen: 102028K->0K(464896K)] [ParOldGen: 1364785K->119176K(1398272K)] 1466814K->119176K(1863168K), [Metaspace: 60389K->60389K(1105920K)], 0.1489009 secs] [Times: user=0.66 sys=0.00, real=0.15 secs] 
4196.964: [GC (Allocation Failure) [PSYoungGen: 232960K->177973K(465920K)] 352136K->297149K(1864192K), 0.0248974 secs] [Times: user=0.08 sys=0.01, real=0.03 secs] 
4197.109: [GC (Allocation Failure) [PSYoungGen: 410933K->184566K(465920K)] 530109K->359462K(1864192K), 0.0407071 secs] [Times: user=0.18 sys=0.00, real=0.04 secs] 
4197.266: [GC (Allocation Failure) [PSYoungGen: 417526K->186581K(465920K)] 592422K->417533K(1864192K), 0.0443168 secs] [Times: user=0.20 sys=0.00, real=0.05 secs] 
4198.285: [GC (Allocation Failure) [PSYoungGen: 419541K->103644K(465920K)] 650493K->405141K(1864192K), 0.0437904 secs] [Times: user=0.23 sys=0.00, real=0.05 secs] 
4199.054: [GC (Allocation Failure) [PSYoungGen: 336604K->165395K(465920K)] 638101K->499825K(1864192K), 0.0571366 secs] [Times: user=0.28 sys=0.00, real=0.06 secs] 
4199.256: [GC (Allocation Failure) [PSYoungGen: 398355K->184374K(465920K)] 732785K->570807K(1864192K), 0.0415590 secs] [Times: user=0.18 sys=0.00, real=0.04 secs] 
4199.421: [GC (Allocation Failure) [PSYoungGen: 417334K->185687K(465920K)] 803767K->636168K(1864192K), 0.0492281 secs] [Times: user=0.23 sys=0.00, real=0.05 secs] 
4199.864: [GC (Allocation Failure) [PSYoungGen: 414845K->211636K(465920K)] 865326K->721057K(1864192K), 0.0519644 secs] [Times: user=0.26 sys=0.00, real=0.05 secs] 
4200.987: [GC (Allocation Failure) [PSYoungGen: 444596K->92923K(465920K)] 954017K->669624K(1864192K), 0.0628020 secs] [Times: user=0.33 sys=0.00, real=0.07 secs] 
4201.662: [GC (Allocation Failure) [PSYoungGen: 325883K->182934K(465920K)] 902584K->789572K(1864192K), 0.0441053 secs] [Times: user=0.19 sys=0.00, real=0.04 secs] 
4201.896: [GC (Allocation Failure) [PSYoungGen: 415894K->179061K(465920K)] 1022532K->842595K(1864192K), 0.0615627 secs] [Times: user=0.29 sys=0.00, real=0.06 secs] 
4202.088: [GC (Allocation Failure) [PSYoungGen: 412021K->186901K(465920K)] 1075555K->905267K(1864192K), 0.0450265 secs] [Times: user=0.21 sys=0.00, real=0.05 secs] 
4203.167: [GC (Allocation Failure) [PSYoungGen: 419861K->102652K(465920K)] 1138227K->891554K(1864192K), 0.0518188 secs] [Times: user=0.27 sys=0.00, real=0.06 secs] 
4203.597: [GC (Allocation Failure) [PSYoungGen: 335612K->167764K(465920K)] 1124514K->990131K(1864192K), 0.0629050 secs] [Times: user=0.31 sys=0.00, real=0.07 secs] 
4203.849: [GC (Allocation Failure) [PSYoungGen: 400724K->184534K(465920K)] 1223091K->1059313K(1864192K), 0.0564272 secs] [Times: user=0.27 sys=0.00, real=0.05 secs] 
4204.071: [GC (Allocation Failure) [PSYoungGen: 417494K->182966K(465920K)] 1292273K->1130058K(1864192K), 0.0652021 secs] [Times: user=0.33 sys=0.00, real=0.06 secs] 
4204.270: [GC (Allocation Failure) [PSYoungGen: 415926K->202389K(465920K)] 1363018K->1207928K(1864192K), 0.0549476 secs] [Times: user=0.26 sys=0.00, real=0.05 secs] 
4205.353: [GC (Allocation Failure) [PSYoungGen: 435349K->85946K(465920K)] 1440888K->1161573K(1864192K), 0.0752751 secs] [Times: user=0.40 sys=0.01, real=0.08 secs] 
4205.809: [GC (GCLocker Initiated GC) [PSYoungGen: 318906K->182070K(465920K)] 1394534K->1285002K(1864192K), 0.0449265 secs] [Times: user=0.20 sys=0.00, real=0.04 secs] 
4205.980: [GC (Allocation Failure) [PSYoungGen: 415030K->184694K(465920K)] 1518001K->1344385K(1864192K), 0.0468334 secs] [Times: user=0.21 sys=0.00, real=0.04 secs] 
4206.141: [GC (Allocation Failure) [PSYoungGen: 417654K->183476K(465920K)] 1577345K->1399144K(1864192K), 0.0478388 secs] [Times: user=0.23 sys=0.00, real=0.05 secs] 
4207.162: [GC (Allocation Failure) [PSYoungGen: 416436K->102876K(465920K)] 1632104K->1387832K(1864192K), 0.0478099 secs] [Times: user=0.24 sys=0.00, real=0.05 secs] 
4207.801: [GC (Allocation Failure) [PSYoungGen: 335836K->163187K(465920K)] 1620792K->1481204K(1864192K), 0.0616691 secs] [Times: user=0.30 sys=0.00, real=0.06 secs] 
4207.863: [Full GC (Ergonomics) [PSYoungGen: 163187K->0K(465920K)] [ParOldGen: 1318016K->182718K(1398272K)] 1481204K->182718K(1864192K), [Metaspace: 60389K->60389K(1105920K)], 0.1776364 secs] [Times: user=0.81 sys=0.00, real=0.18 secs] 
4208.190: [GC (Allocation Failure) [PSYoungGen: 232960K->184406K(465920K)] 415678K->367124K(1864192K), 0.0333136 secs] [Times: user=0.13 sys=0.00, real=0.03 secs] 
4208.345: [GC (Allocation Failure) [PSYoungGen: 417366K->185911K(465920K)] 600084K->432925K(1864192K), 0.0437339 secs] [Times: user=0.19 sys=0.00, real=0.05 secs] 
4208.541: [GC (Allocation Failure) [PSYoungGen: 418871K->183316K(465920K)] 665885K->489458K(1864192K), 0.0839213 secs] [Times: user=0.42 sys=0.01, real=0.08 secs] 
4210.291: [GC (Allocation Failure) [PSYoungGen: 416276K->89050K(465920K)] 722418K->464384K(1864192K), 0.0975350 secs] [Times: user=0.51 sys=0.00, real=0.10 secs] 
4210.739: [GC (Allocation Failure) [PSYoungGen: 322010K->179765K(465920K)] 697344K->583572K(1864192K), 0.0338147 secs] [Times: user=0.14 sys=0.00, real=0.03 secs] 
4210.893: [GC (Allocation Failure) [PSYoungGen: 412725K->183285K(465920K)] 816532K->643248K(1864192K), 0.0435619 secs] [Times: user=0.20 sys=0.00, real=0.04 secs] 
4211.087: [GC (Allocation Failure) [PSYoungGen: 416245K->183860K(465920K)] 876208K->699327K(1864192K), 0.0497637 secs] [Times: user=0.24 sys=0.01, real=0.05 secs] 
4212.147: [GC (Allocation Failure) [PSYoungGen: 416820K->110285K(465920K)] 932287K->695080K(1864192K), 0.0463478 secs] [Times: user=0.24 sys=0.00, real=0.05 secs] 
4212.576: [GC (Allocation Failure) [PSYoungGen: 343245K->157267K(465920K)] 928040K->777862K(1864192K), 0.0897369 secs] [Times: user=0.46 sys=0.00, real=0.09 secs] 
4212.820: [GC (Allocation Failure) [PSYoungGen: 390227K->181429K(465920K)] 1010822K->851397K(1864192K), 0.0411434 secs] [Times: user=0.18 sys=0.00, real=0.04 secs] 
4212.984: [GC (Allocation Failure) [PSYoungGen: 414389K->185559K(465920K)] 1084357K->918983K(1864192K), 0.0491505 secs] [Times: user=0.23 sys=0.00, real=0.05 secs] 
4213.148: [GC (Allocation Failure) [PSYoungGen: 418519K->183476K(465920K)] 1151943K->975804K(1864192K), 0.0568940 secs] [Times: user=0.27 sys=0.01, real=0.06 secs] 
4214.281: [GC (Allocation Failure) [PSYoungGen: 416436K->93371K(465920K)] 1208764K->954931K(1864192K), 0.0645266 secs] [Times: user=0.34 sys=0.00, real=0.06 secs] 
4214.847: [GC (Allocation Failure) [PSYoungGen: 326331K->177589K(465920K)] 1187891K->1068634K(1864192K), 0.0464517 secs] [Times: user=0.21 sys=0.00, real=0.05 secs] 
4215.026: [GC (Allocation Failure) [PSYoungGen: 410549K->185014K(465920K)] 1301594K->1131647K(1864192K), 0.0439048 secs] [Times: user=0.20 sys=0.00, real=0.05 secs] 
4215.182: [GC (Allocation Failure) [PSYoungGen: 417974K->186773K(465920K)] 1364607K->1189646K(1864192K), 0.0465515 secs] [Times: user=0.22 sys=0.00, real=0.05 secs] 
4216.192: [GC (Allocation Failure) [PSYoungGen: 419733K->113357K(465920K)] 1422606K->1186655K(1864192K), 0.0474736 secs] [Times: user=0.25 sys=0.00, real=0.05 secs] 
4217.627: [GC (Allocation Failure) [PSYoungGen: 346317K->150354K(465920K)] 1419615K->1259904K(1864192K), 0.0909149 secs] [Times: user=0.47 sys=0.00, real=0.10 secs] 
4217.876: [GC (Allocation Failure) [PSYoungGen: 383314K->184182K(465920K)] 1492864K->1340559K(1864192K), 0.0426445 secs] [Times: user=0.19 sys=0.00, real=0.05 secs] 
4218.075: [GC (Allocation Failure) [PSYoungGen: 417142K->183478K(465920K)] 1573519K->1403944K(1864192K), 0.0653169 secs] [Times: user=0.32 sys=0.00, real=0.07 secs] 
4218.255: [GC (Allocation Failure) [PSYoungGen: 416438K->186613K(465920K)] 1636904K->1465655K(1864192K), 0.0586747 secs] [Times: user=0.29 sys=0.00, real=0.06 secs] 
4219.427: [GC (Allocation Failure) [PSYoungGen: 419573K->89274K(465920K)] 1698615K->1438716K(1864192K), 0.0479512 secs] [Times: user=0.25 sys=0.00, real=0.05 secs] 
4219.475: [Full GC (Ergonomics) [PSYoungGen: 89274K->0K(465920K)] [ParOldGen: 1349442K->98895K(1398272K)] 1438716K->98895K(1864192K), [Metaspace: 60389K->60389K(1105920K)], 0.0804905 secs] [Times: user=0.32 sys=0.00, real=0.08 secs] 
4219.953: [GC (GCLocker Initiated GC) [PSYoungGen: 232960K->176469K(465920K)] 331855K->275365K(1864192K), 0.0335025 secs] [Times: user=0.12 sys=0.00, real=0.03 secs] 
4220.189: [GC (Allocation Failure) [PSYoungGen: 409429K->184694K(465920K)] 508620K->338852K(1864192K), 0.0594150 secs] [Times: user=0.28 sys=0.00, real=0.06 secs] 
4220.422: [GC (Allocation Failure) [PSYoungGen: 417654K->183220K(465920K)] 571812K->393403K(1864192K), 0.0603427 secs] [Times: user=0.30 sys=0.01, real=0.06 secs] 
4221.405: [GC (Allocation Failure) [PSYoungGen: 416180K->123599K(465920K)] 626363K->403006K(1864192K), 0.0464539 secs] [Times: user=0.24 sys=0.00, real=0.05 secs] 
4222.199: [GC (Allocation Failure) [PSYoungGen: 355624K->141473K(465920K)] 635031K->459839K(1864192K), 0.1421080 secs] [Times: user=0.78 sys=0.00, real=0.14 secs] 
4222.523: [GC (Allocation Failure) [PSYoungGen: 374433K->178389K(465920K)] 692799K->542288K(1864192K), 0.0394572 secs] [Times: user=0.18 sys=0.00, real=0.04 secs] 
4222.720: [GC (Allocation Failure) [PSYoungGen: 411349K->185527K(465920K)] 775248K->611694K(1864192K), 0.0733800 secs] [Times: user=0.36 sys=0.00, real=0.07 secs] 
4222.976: [GC (Allocation Failure) [PSYoungGen: 418487K->186261K(465920K)] 844654K->671476K(1864192K), 0.0762849 secs] [Times: user=0.39 sys=0.00, real=0.08 secs] 
4224.901: [GC (Allocation Failure) [PSYoungGen: 419221K->86330K(465920K)] 904436K->641890K(1864192K), 0.1200181 secs] [Times: user=0.66 sys=0.01, real=0.12 secs] 
4225.924: [GC (Allocation Failure) [PSYoungGen: 319290K->175317K(465920K)] 874850K->758473K(1864192K), 0.0418093 secs] [Times: user=0.18 sys=0.00, real=0.04 secs] 
4226.094: [GC (Allocation Failure) [PSYoungGen: 408277K->184822K(465920K)] 991433K->822738K(1864192K), 0.0439441 secs] [Times: user=0.20 sys=0.00, real=0.04 secs] 
4226.251: [GC (Allocation Failure) [PSYoungGen: 417782K->184436K(465920K)] 1055698K->878305K(1864192K), 0.0461785 secs] [Times: user=0.22 sys=0.00, real=0.04 secs] 
4227.219: [GC (Allocation Failure) [PSYoungGen: 417396K->139121K(465920K)] 1111265K->902550K(1864192K), 0.0498066 secs] [Times: user=0.24 sys=0.00, real=0.05 secs] 
4227.773: [GC (Allocation Failure) [PSYoungGen: 372081K->130575K(465920K)] 1135510K->938092K(1864192K), 0.1133162 secs] [Times: user=0.62 sys=0.00, real=0.11 secs] 
4228.025: [GC (Allocation Failure) [PSYoungGen: 363535K->178517K(465920K)] 1171052K->1027890K(1864192K), 0.0389441 secs] [Times: user=0.17 sys=0.00, real=0.04 secs] 
4228.183: [GC (Allocation Failure) [PSYoungGen: 411477K->185783K(465920K)] 1260850K->1097412K(1864192K), 0.0500448 secs] [Times: user=0.23 sys=0.00, real=0.05 secs] 
4228.346: [GC (Allocation Failure) [PSYoungGen: 418743K->186549K(465920K)] 1330372K->1157283K(1864192K), 0.0578919 secs] [Times: user=0.28 sys=0.00, real=0.06 secs] 
4229.487: [GC (Allocation Failure) [PSYoungGen: 419406K->87834K(465920K)] 1390140K->1128824K(1864192K), 0.0581139 secs] [Times: user=0.31 sys=0.01, real=0.06 secs] 
4230.236: [GC (Allocation Failure) [PSYoungGen: 320794K->176757K(465920K)] 1361784K->1245828K(1864192K), 0.0425031 secs] [Times: user=0.18 sys=0.00, real=0.04 secs] 
4230.404: [GC (Allocation Failure) [PSYoungGen: 409717K->183829K(465920K)] 1478788K->1308172K(1864192K), 0.0468141 secs] [Times: user=0.22 sys=0.00, real=0.05 secs] 
4230.593: [GC (Allocation Failure) [PSYoungGen: 416789K->187413K(465920K)] 1541132K->1367556K(1864192K), 0.0533078 secs] [Times: user=0.26 sys=0.00, real=0.05 secs] 
4231.568: [GC (Allocation Failure) [PSYoungGen: 420373K->144369K(465920K)] 1600516K->1395032K(1864192K), 0.0535815 secs] [Times: user=0.27 sys=0.00, real=0.05 secs] 
4233.735: [GC (Allocation Failure) [PSYoungGen: 377329K->116301K(465920K)] 1627992K->1412860K(1864192K), 0.1713455 secs] [Times: user=0.97 sys=0.01, real=0.17 secs] 
4234.097: [GC (Allocation Failure) [PSYoungGen: 349261K->178933K(465920K)] 1645820K->1513229K(1864192K), 0.0378482 secs] [Times: user=0.16 sys=0.00, real=0.04 secs] 
4234.135: [Full GC (Ergonomics) [PSYoungGen: 178933K->0K(465920K)] [ParOldGen: 1334295K->233714K(1398272K)] 1513229K->233714K(1864192K), [Metaspace: 60389K->60389K(1105920K)], 0.2739388 secs] [Times: user=1.26 sys=0.00, real=0.28 secs] 
4234.554: [GC (Allocation Failure) [PSYoungGen: 232960K->182134K(465920K)] 466674K->415849K(1864192K), 0.0894648 secs] [Times: user=0.47 sys=0.00, real=0.09 secs] 
4234.759: [GC (Allocation Failure) [PSYoungGen: 415094K->186837K(465920K)] 648809K->478568K(1864192K), 0.0582985 secs] [Times: user=0.29 sys=0.00, real=0.05 secs] 
4235.749: [GC (Allocation Failure) [PSYoungGen: 419797K->96811K(465920K)] 711528K->459070K(1864192K), 0.0468868 secs] [Times: user=0.25 sys=0.00, real=0.04 secs] 
4236.543: [GC (Allocation Failure) [PSYoungGen: 329771K->166324K(465920K)] 692030K->559363K(1864192K), 0.0550544 secs] [Times: user=0.25 sys=0.00, real=0.05 secs] 
4236.754: [GC (Allocation Failure) [PSYoungGen: 399284K->180853K(465920K)] 792323K->626209K(1864192K), 0.0418850 secs] [Times: user=0.19 sys=0.00, real=0.04 secs] 
4236.918: [GC (Allocation Failure) [PSYoungGen: 413813K->184311K(465920K)] 859169K->692882K(1864192K), 0.0494903 secs] [Times: user=0.23 sys=0.01, real=0.05 secs] 
4237.826: [GC (Allocation Failure) [PSYoungGen: 417271K->168275K(465920K)] 925842K->735246K(1864192K), 0.0546432 secs] [Times: user=0.28 sys=0.00, real=0.06 secs] 
4238.324: [GC (GCLocker Initiated GC) [PSYoungGen: 401235K->109565K(465920K)] 968206K->741080K(1864192K), 0.0568900 secs] [Times: user=0.29 sys=0.01, real=0.06 secs] 
4238.572: [GC (Allocation Failure) [PSYoungGen: 342525K->178677K(465920K)] 974043K->844980K(1864192K), 0.0364232 secs] [Times: user=0.16 sys=0.00, real=0.04 secs] 
4238.730: [GC (Allocation Failure) [PSYoungGen: 411637K->184695K(465920K)] 1077940K->913666K(1864192K), 0.0497823 secs] [Times: user=0.23 sys=0.00, real=0.05 secs] 
4238.893: [GC (Allocation Failure) [PSYoungGen: 417655K->200532K(465920K)] 1146626K->988144K(1864192K), 0.0590417 secs] [Times: user=0.29 sys=0.00, real=0.06 secs] 
4240.066: [GC (Allocation Failure) [PSYoungGen: 433492K->94075K(465920K)] 1221104K->951159K(1864192K), 0.0488042 secs] [Times: user=0.26 sys=0.00, real=0.05 secs] 
4241.209: [GC (Allocation Failure) [PSYoungGen: 327035K->172404K(465920K)] 1184119K->1060109K(1864192K), 0.0557769 secs] [Times: user=0.26 sys=0.00, real=0.05 secs] 
4241.394: [GC (Allocation Failure) [PSYoungGen: 405364K->184278K(465920K)] 1293069K->1125606K(1864192K), 0.0432663 secs] [Times: user=0.20 sys=0.00, real=0.04 secs] 
4241.585: [GC (Allocation Failure) [PSYoungGen: 417238K->184791K(465920K)] 1358566K->1190351K(1864192K), 0.0557507 secs] [Times: user=0.27 sys=0.00, real=0.06 secs] 
4242.398: [GC (Allocation Failure) [PSYoungGen: 412871K->206035K(465920K)] 1418432K->1270427K(1864192K), 0.0560561 secs] [Times: user=0.28 sys=0.00, real=0.06 secs] 
4243.154: [GC (GCLocker Initiated GC) [PSYoungGen: 438995K->95563K(465920K)] 1503392K->1224704K(1864192K), 0.1087862 secs] [Times: user=0.59 sys=0.01, real=0.11 secs] 
4243.516: [GC (Allocation Failure) [PSYoungGen: 328523K->183094K(465920K)] 1457829K->1342677K(1864192K), 0.0360200 secs] [Times: user=0.15 sys=0.00, real=0.04 secs] 
4243.700: [GC (Allocation Failure) [PSYoungGen: 416054K->184790K(465920K)] 1575637K->1401461K(1864192K), 0.0597964 secs] [Times: user=0.28 sys=0.01, real=0.06 secs] 
4243.905: [GC (Allocation Failure) [PSYoungGen: 417750K->186517K(465920K)] 1634421K->1459252K(1864192K), 0.0471383 secs] [Times: user=0.22 sys=0.00, real=0.05 secs] 
4244.904: [GC (Allocation Failure) [PSYoungGen: 419477K->97035K(465920K)] 1692212K->1440227K(1864192K), 0.0456434 secs] [Times: user=0.24 sys=0.00, real=0.05 secs] 
4244.950: [Full GC (Ergonomics) [PSYoungGen: 97035K->0K(465920K)] [ParOldGen: 1343191K->88050K(1398272K)] 1440227K->88050K(1864192K), [Metaspace: 60389K->60389K(1105920K)], 0.0339305 secs] [Times: user=0.10 sys=0.00, real=0.03 secs] 
4245.660: [GC (Allocation Failure) [PSYoungGen: 232960K->164019K(465920K)] 321010K->252069K(1864192K), 0.0392488 secs] [Times: user=0.15 sys=0.00, real=0.04 secs] 
4245.934: [GC (Allocation Failure) [PSYoungGen: 396979K->184758K(465920K)] 485029K->324308K(1864192K), 0.0546350 secs] [Times: user=0.26 sys=0.00, real=0.06 secs] 
4246.113: [GC (Allocation Failure) [PSYoungGen: 417718K->186327K(465920K)] 557268K->390197K(1864192K), 0.0493773 secs] [Times: user=0.23 sys=0.00, real=0.05 secs] 
4246.392: [GC (Allocation Failure) [PSYoungGen: 417990K->216372K(465920K)] 621860K->479387K(1864192K), 0.0544580 secs] [Times: user=0.27 sys=0.00, real=0.05 secs] 
4248.033: [GC (Allocation Failure) [PSYoungGen: 449332K->84281K(465920K)] 712347K->416408K(1864192K), 0.0984574 secs] [Times: user=0.54 sys=0.01, real=0.10 secs] 
4248.703: [GC (Allocation Failure) [PSYoungGen: 317241K->182710K(465920K)] 649368K->542504K(1864192K), 0.0379154 secs] [Times: user=0.17 sys=0.00, real=0.04 secs] 
4248.922: [GC (Allocation Failure) [PSYoungGen: 415670K->181045K(465920K)] 775464K->597612K(1864192K), 0.0640419 secs] [Times: user=0.31 sys=0.00, real=0.06 secs] 
4249.164: [GC (Allocation Failure) [PSYoungGen: 414005K->186965K(465920K)] 830572K->658771K(1864192K), 0.0638562 secs] [Times: user=0.31 sys=0.00, real=0.06 secs] 
4250.171: [GC (Allocation Failure) [PSYoungGen: 419925K->105196K(465920K)] 891731K->647235K(1864192K), 0.0449048 secs] [Times: user=0.23 sys=0.00, real=0.04 secs] 
4250.968: [GC (GCLocker Initiated GC) [PSYoungGen: 338156K->159283K(465920K)] 880195K->735402K(1864192K), 0.0782378 secs] [Times: user=0.39 sys=0.00, real=0.08 secs] 
4251.257: [GC (Allocation Failure) [PSYoungGen: 392243K->181685K(465920K)] 968365K->807731K(1864192K), 0.0540160 secs] [Times: user=0.25 sys=0.00, real=0.06 secs] 
4251.435: [GC (Allocation Failure) [PSYoungGen: 414645K->185719K(465920K)] 1040691K->875293K(1864192K), 0.0498841 secs] [Times: user=0.24 sys=0.00, real=0.05 secs] 
4251.630: [GC (Allocation Failure) [PSYoungGen: 418679K->186485K(465920K)] 1108253K->935003K(1864192K), 0.0703803 secs] [Times: user=0.36 sys=0.00, real=0.07 secs] 
4252.789: [GC (Allocation Failure) [PSYoungGen: 419445K->92186K(465920K)] 1167963K->911044K(1864192K), 0.0828641 secs] [Times: user=0.45 sys=0.00, real=0.08 secs] 
4253.562: [GC (Allocation Failure) [PSYoungGen: 325146K->174165K(465920K)] 1144004K->1021755K(1864192K), 0.0454496 secs] [Times: user=0.19 sys=0.01, real=0.04 secs] 
4253.818: [GC (Allocation Failure) [PSYoungGen: 407125K->184438K(465920K)] 1254715K->1087001K(1864192K), 0.0595030 secs] [Times: user=0.28 sys=0.01, real=0.06 secs] 
4254.039: [GC (Allocation Failure) [PSYoungGen: 417398K->186549K(465920K)] 1319961K->1144992K(1864192K), 0.0659937 secs] [Times: user=0.32 sys=0.00, real=0.06 secs] 
4255.117: [GC (Allocation Failure) [PSYoungGen: 419509K->112221K(465920K)] 1377952K->1140928K(1864192K), 0.0475797 secs] [Times: user=0.24 sys=0.00, real=0.05 secs] 
4255.776: [GC (Allocation Failure) [PSYoungGen: 345181K->160787K(465920K)] 1373888K->1225843K(1864192K), 0.0661595 secs] [Times: user=0.34 sys=0.00, real=0.07 secs] 
4256.002: [GC (Allocation Failure) [PSYoungGen: 393747K->184342K(465920K)] 1458803K->1299953K(1864192K), 0.0641009 secs] [Times: user=0.31 sys=0.00, real=0.06 secs] 
4256.205: [GC (Allocation Failure) [PSYoungGen: 417302K->185303K(465920K)] 1532913K->1365123K(1864192K), 0.0514173 secs] [Times: user=0.24 sys=0.00, real=0.05 secs] 
4256.367: [GC (Allocation Failure) [PSYoungGen: 418263K->180532K(465920K)] 1598083K->1419056K(1864192K), 0.0568717 secs] [Times: user=0.28 sys=0.00, real=0.06 secs] 
4257.747: [GC (Allocation Failure) [PSYoungGen: 413492K->91930K(465920K)] 1652016K->1398703K(1864192K), 0.0830867 secs] [Times: user=0.45 sys=0.00, real=0.09 secs] 
4258.158: [GC (Allocation Failure) [PSYoungGen: 324890K->181910K(465920K)] 1631663K->1517895K(1864192K), 0.0412881 secs] [Times: user=0.18 sys=0.00, real=0.04 secs] 
4258.200: [Full GC (Ergonomics) [PSYoungGen: 181910K->0K(465920K)] [ParOldGen: 1335984K->222759K(1398272K)] 1517895K->222759K(1864192K), [Metaspace: 60389K->60389K(1105920K)], 0.2332554 secs] [Times: user=1.04 sys=0.00, real=0.23 secs] 
4258.582: [GC (Allocation Failure) [PSYoungGen: 232960K->181557K(465920K)] 455719K->404317K(1864192K), 0.0262229 secs] [Times: user=0.10 sys=0.00, real=0.02 secs] 
4258.722: [GC (Allocation Failure) [PSYoungGen: 414517K->186453K(465920K)] 637277K->464388K(1864192K), 0.0445075 secs] [Times: user=0.20 sys=0.00, real=0.04 secs] 
4259.738: [GC (Allocation Failure) [PSYoungGen: 419413K->110925K(465920K)] 697348K->459245K(1864192K), 0.0452372 secs] [Times: user=0.23 sys=0.00, real=0.05 secs] 
4260.094: [GC (Allocation Failure) [PSYoungGen: 343885K->156210K(465920K)] 692205K->540575K(1864192K), 0.0840502 secs] [Times: user=0.42 sys=0.00, real=0.08 secs] 
4260.359: [GC (Allocation Failure) [PSYoungGen: 389170K->183797K(465920K)] 773535K->616794K(1864192K), 0.0412013 secs] [Times: user=0.18 sys=0.00, real=0.04 secs] 
4260.536: [GC (Allocation Failure) [PSYoungGen: 416757K->185527K(465920K)] 849754K->682531K(1864192K), 0.0497377 secs] [Times: user=0.23 sys=0.00, real=0.05 secs] 
4260.699: [GC (Allocation Failure) [PSYoungGen: 418487K->183924K(465920K)] 915491K->739761K(1864192K), 0.0567010 secs] [Times: user=0.28 sys=0.00, real=0.05 secs] 
4261.902: [GC (Allocation Failure) [PSYoungGen: 416832K->89866K(465920K)] 972669K->715183K(1864192K), 0.0732334 secs] [Times: user=0.39 sys=0.00, real=0.07 secs] 
4262.622: [GC (Allocation Failure) [PSYoungGen: 322826K->177269K(465920K)] 948143K->830943K(1864192K), 0.0461493 secs] [Times: user=0.20 sys=0.00, real=0.05 secs] 
4262.801: [GC (Allocation Failure) [PSYoungGen: 410229K->182293K(465920K)] 1063903K->891439K(1864192K), 0.0433875 secs] [Times: user=0.20 sys=0.00, real=0.04 secs] 
4262.962: [GC (Allocation Failure) [PSYoungGen: 415253K->186805K(465920K)] 1124399K->951550K(1864192K), 0.0454140 secs] [Times: user=0.21 sys=0.00, real=0.04 secs] 
4264.021: [GC (Allocation Failure) [PSYoungGen: 419765K->117790K(465920K)] 1184510K->953008K(1864192K), 0.0469647 secs] [Times: user=0.24 sys=0.00, real=0.05 secs] 
4265.518: [GC (Allocation Failure) [PSYoungGen: 350750K->147729K(465920K)] 1185968K->1020328K(1864192K), 0.1078159 secs] [Times: user=0.57 sys=0.00, real=0.11 secs] 
4265.780: [GC (Allocation Failure) [PSYoungGen: 380689K->181077K(465920K)] 1253288K->1099696K(1864192K), 0.0404925 secs] [Times: user=0.18 sys=0.00, real=0.04 secs] 
4265.988: [GC (Allocation Failure) [PSYoungGen: 414037K->185655K(465920K)] 1332656K->1167573K(1864192K), 0.0797707 secs] [Times: user=0.40 sys=0.00, real=0.07 secs] 
4266.200: [GC (Allocation Failure) [PSYoungGen: 418615K->186645K(465920K)] 1400533K->1227435K(1864192K), 0.0582804 secs] [Times: user=0.29 sys=0.00, real=0.06 secs] 
4267.183: [GC (Allocation Failure) [PSYoungGen: 419605K->89962K(465920K)] 1460395K->1201105K(1864192K), 0.0440723 secs] [Times: user=0.23 sys=0.00, real=0.04 secs] 
4267.743: [GC (Allocation Failure) [PSYoungGen: 322922K->173461K(465920K)] 1434065K->1313408K(1864192K), 0.0455544 secs] [Times: user=0.20 sys=0.00, real=0.04 secs] 
4267.955: [GC (Allocation Failure) [PSYoungGen: 406421K->182325K(465920K)] 1546368K->1376477K(1864192K), 0.0500839 secs] [Times: user=0.23 sys=0.00, real=0.05 secs] 
4268.136: [GC (Allocation Failure) [PSYoungGen: 415285K->187093K(465920K)] 1609437K->1436677K(1864192K), 0.0460410 secs] [Times: user=0.21 sys=0.00, real=0.05 secs] 
4269.120: [GC (Allocation Failure) [PSYoungGen: 420053K->128016K(465920K)] 1669637K->1448055K(1864192K), 0.0489346 secs] [Times: user=0.25 sys=0.00, real=0.05 secs] 
4269.169: [Full GC (Ergonomics) [PSYoungGen: 128016K->0K(465920K)] [ParOldGen: 1320039K->341548K(1398272K)] 1448055K->341548K(1864192K), [Metaspace: 60389K->60389K(1105920K)], 0.5677142 secs] [Times: user=2.46 sys=0.00, real=0.56 secs] 
4271.101: [GC (Allocation Failure) [PSYoungGen: 232960K->138640K(465920K)] 574508K->480188K(1864192K), 0.0459219 secs] [Times: user=0.18 sys=0.00, real=0.04 secs] 
4271.376: [GC (Allocation Failure) [PSYoungGen: 371600K->178101K(465920K)] 713148K->564194K(1864192K), 0.0386243 secs] [Times: user=0.17 sys=0.00, real=0.04 secs] 
4271.543: [GC (Allocation Failure) [PSYoungGen: 411061K->183030K(465920K)] 797154K->630987K(1864192K), 0.0484391 secs] [Times: user=0.23 sys=0.00, real=0.05 secs] 
4271.732: [GC (Allocation Failure) [PSYoungGen: 415990K->186901K(465920K)] 863947K->693386K(1864192K), 0.0691973 secs] [Times: user=0.35 sys=0.00, real=0.07 secs] 
4273.375: [GC (Allocation Failure) [PSYoungGen: 419861K->89482K(465920K)] 926346K->666391K(1864192K), 0.1143577 secs] [Times: user=0.62 sys=0.00, real=0.12 secs] 
4274.500: [GC (Allocation Failure) [PSYoungGen: 322442K->173621K(465920K)] 899351K->779438K(1864192K), 0.0456265 secs] [Times: user=0.19 sys=0.00, real=0.04 secs] 
4274.697: [GC (Allocation Failure) [PSYoungGen: 406581K->182101K(465920K)] 1012398K->841843K(1864192K), 0.0426153 secs] [Times: user=0.19 sys=0.00, real=0.05 secs] 
4274.907: [GC (Allocation Failure) [PSYoungGen: 415061K->186741K(465920K)] 1074803K->902155K(1864192K), 0.0660640 secs] [Times: user=0.32 sys=0.00, real=0.07 secs] 
4275.886: [GC (Allocation Failure) [PSYoungGen: 419701K->143153K(465920K)] 1135115K->928943K(1864192K), 0.0501015 secs] [Times: user=0.24 sys=0.01, real=0.05 secs] 
4276.575: [GC (Allocation Failure) [PSYoungGen: 376113K->127327K(465920K)] 1161903K->958589K(1864192K), 0.1640435 secs] [Times: user=0.92 sys=0.01, real=0.17 secs] 
4276.906: [GC (Allocation Failure) [PSYoungGen: 360287K->175060K(465920K)] 1191549K->1047138K(1864192K), 0.0372866 secs] [Times: user=0.16 sys=0.00, real=0.04 secs] 
4277.128: [GC (Allocation Failure) [PSYoungGen: 408020K->184695K(465920K)] 1280098K->1117921K(1864192K), 0.0525508 secs] [Times: user=0.25 sys=0.00, real=0.06 secs] 
4277.319: [GC (Allocation Failure) [PSYoungGen: 417655K->186389K(465920K)] 1350881K->1178447K(1864192K), 0.0613681 secs] [Times: user=0.31 sys=0.00, real=0.06 secs] 
4278.544: [GC (Allocation Failure) [PSYoungGen: 419349K->96363K(465920K)] 1411407K->1158597K(1864192K), 0.0720135 secs] [Times: user=0.39 sys=0.00, real=0.07 secs] 
4278.997: [GC (Allocation Failure) [PSYoungGen: 329323K->173909K(465920K)] 1391557K->1267703K(1864192K), 0.0528644 secs] [Times: user=0.24 sys=0.00, real=0.06 secs] 
4279.187: [GC (Allocation Failure) [PSYoungGen: 406869K->184150K(465920K)] 1500663K->1332112K(1864192K), 0.0441099 secs] [Times: user=0.19 sys=0.00, real=0.05 secs] 
4279.371: [GC (Allocation Failure) [PSYoungGen: 417110K->186741K(465920K)] 1565072K->1390564K(1864192K), 0.0658568 secs] [Times: user=0.32 sys=0.00, real=0.06 secs] 
4280.415: [GC (Allocation Failure) [PSYoungGen: 419701K->147602K(465920K)] 1623524K->1421897K(1864192K), 0.0518249 secs] [Times: user=0.26 sys=0.00, real=0.05 secs] 
4281.913: [GC (Allocation Failure) [PSYoungGen: 380562K->116173K(465920K)] 1654857K->1437324K(1864192K), 0.1457038 secs] [Times: user=0.82 sys=0.00, real=0.15 secs] 
4282.059: [Full GC (Ergonomics) [PSYoungGen: 116173K->0K(465920K)] [ParOldGen: 1321150K->133464K(1398272K)] 1437324K->133464K(1864192K), [Metaspace: 60389K->60389K(1105920K)], 0.1619581 secs] [Times: user=0.75 sys=0.00, real=0.16 secs] 
4282.396: [GC (Allocation Failure) [PSYoungGen: 232960K->176084K(465920K)] 366424K->309548K(1864192K), 0.0259239 secs] [Times: user=0.10 sys=0.00, real=0.03 secs] 
4282.545: [GC (Allocation Failure) [PSYoungGen: 409044K->184951K(465920K)] 542508K->380183K(1864192K), 0.0465472 secs] [Times: user=0.22 sys=0.00, real=0.05 secs] 
4282.726: [GC (Allocation Failure) [PSYoungGen: 417911K->186229K(465920K)] 613143K->440053K(1864192K), 0.0603487 secs] [Times: user=0.31 sys=0.00, real=0.06 secs] 
4283.732: [GC (Allocation Failure) [PSYoungGen: 419189K->96747K(465920K)] 673013K->420947K(1864192K), 0.0554681 secs] [Times: user=0.24 sys=0.00, real=0.05 secs] 
4284.180: [GC (Allocation Failure) [PSYoungGen: 329707K->174645K(465920K)] 653907K->530254K(1864192K), 0.0527561 secs] [Times: user=0.23 sys=0.00, real=0.05 secs] 
4284.382: [GC (Allocation Failure) [PSYoungGen: 407605K->181685K(465920K)] 763214K->591718K(1864192K), 0.0426065 secs] [Times: user=0.20 sys=0.00, real=0.04 secs] 
4284.541: [GC (Allocation Failure) [PSYoungGen: 402629K->175093K(465920K)] 812662K->648694K(1864192K), 0.0481026 secs] [Times: user=0.22 sys=0.01, real=0.05 secs] 
4285.359: [GC (Allocation Failure) [PSYoungGen: 404211K->206323K(465920K)] 877812K->735740K(1864192K), 0.0536611 secs] [Times: user=0.27 sys=0.00, real=0.05 secs] 
4286.123: [GC (Allocation Failure) [PSYoungGen: 439283K->97835K(465920K)] 968700K->692012K(1864192K), 0.0637474 secs] [Times: user=0.33 sys=0.00, real=0.06 secs] 
4286.424: [GC (Allocation Failure) [PSYoungGen: 330795K->182678K(465920K)] 924972K->807912K(1864192K), 0.0351797 secs] [Times: user=0.14 sys=0.00, real=0.04 secs] 
4286.577: [GC (Allocation Failure) [PSYoungGen: 415638K->184566K(465920K)] 1040872K->866728K(1864192K), 0.0442871 secs] [Times: user=0.21 sys=0.00, real=0.05 secs] 
4286.763: [GC (Allocation Failure) [PSYoungGen: 417526K->186965K(465920K)] 1099688K->925191K(1864192K), 0.0503458 secs] [Times: user=0.24 sys=0.00, real=0.05 secs] 
4287.860: [GC (Allocation Failure) [PSYoungGen: 419925K->95179K(465920K)] 1158151K->903925K(1864192K), 0.0626356 secs] [Times: user=0.33 sys=0.00, real=0.06 secs] 
4289.405: [GC (Allocation Failure) [PSYoungGen: 328139K->168660K(465920K)] 1136885K->1007659K(1864192K), 0.0594868 secs] [Times: user=0.28 sys=0.00, real=0.06 secs] 
4289.609: [GC (Allocation Failure) [PSYoungGen: 401620K->184854K(465920K)] 1240619K->1076665K(1864192K), 0.0439000 secs] [Times: user=0.20 sys=0.00, real=0.04 secs] 
4289.774: [GC (Allocation Failure) [PSYoungGen: 417814K->183094K(465920K)] 1309625K->1139097K(1864192K), 0.0510005 secs] [Times: user=0.24 sys=0.00, real=0.05 secs] 
4290.079: [GC (Allocation Failure) [PSYoungGen: 416054K->216916K(465920K)] 1372057K->1231231K(1864192K), 0.0563507 secs] [Times: user=0.28 sys=0.01, real=0.05 secs] 
4291.028: [GC (Allocation Failure) [PSYoungGen: 449876K->89738K(465920K)] 1464191K->1173013K(1864192K), 0.0446182 secs] [Times: user=0.24 sys=0.00, real=0.04 secs] 
4291.363: [GC (Allocation Failure) [PSYoungGen: 322698K->182934K(465920K)] 1405973K->1294607K(1864192K), 0.0351161 secs] [Times: user=0.15 sys=0.00, real=0.03 secs] 
4291.517: [GC (Allocation Failure) [PSYoungGen: 415894K->184950K(465920K)] 1527567K->1353462K(1864192K), 0.0452620 secs] [Times: user=0.21 sys=0.00, real=0.05 secs] 
4291.702: [GC (Allocation Failure) [PSYoungGen: 417910K->202933K(465920K)] 1586422K->1427606K(1864192K), 0.0510256 secs] [Times: user=0.24 sys=0.00, real=0.05 secs] 
4292.908: [GC (Allocation Failure) [PSYoungGen: 435893K->96299K(465920K)] 1660566K->1391500K(1864192K), 0.0624725 secs] [Times: user=0.34 sys=0.00, real=0.07 secs] 
4293.845: [GC (Allocation Failure) [PSYoungGen: 329259K->166548K(465920K)] 1624460K->1492473K(1864192K), 0.0822513 secs] [Times: user=0.42 sys=0.00, real=0.08 secs] 
4293.927: [Full GC (Ergonomics) [PSYoungGen: 166548K->0K(465920K)] [ParOldGen: 1325925K->186454K(1398272K)] 1492473K->186454K(1864192K), [Metaspace: 60389K->60389K(1105920K)], 0.2206332 secs] [Times: user=0.97 sys=0.00, real=0.22 secs] 
4294.277: [GC (Allocation Failure) [PSYoungGen: 232960K->181781K(465920K)] 419414K->368236K(1864192K), 0.0329392 secs] [Times: user=0.13 sys=0.00, real=0.04 secs] 
4294.433: [GC (Allocation Failure) [PSYoungGen: 414741K->185687K(465920K)] 601196K->435525K(1864192K), 0.0433693 secs] [Times: user=0.20 sys=0.00, real=0.04 secs] 
4294.593: [GC (Allocation Failure) [PSYoungGen: 418647K->186677K(465920K)] 668485K->495531K(1864192K), 0.0550121 secs] [Times: user=0.27 sys=0.00, real=0.06 secs] 
4296.600: [GC (Allocation Failure) [PSYoungGen: 419637K->83945K(465920K)] 728491K->463408K(1864192K), 0.1022978 secs] [Times: user=0.56 sys=0.00, real=0.10 secs] 
4297.037: [GC (Allocation Failure) [PSYoungGen: 316905K->183478K(465920K)] 696368K->590009K(1864192K), 0.0345500 secs] [Times: user=0.15 sys=0.00, real=0.04 secs] 
4297.213: [GC (Allocation Failure) [PSYoungGen: 416438K->182197K(465920K)] 822969K->645752K(1864192K), 0.0512838 secs] [Times: user=0.25 sys=0.00, real=0.05 secs] 
4297.406: [GC (Allocation Failure) [PSYoungGen: 415157K->186709K(465920K)] 878712K->705840K(1864192K), 0.0599036 secs] [Times: user=0.29 sys=0.00, real=0.06 secs] 
4298.434: [GC (Allocation Failure) [PSYoungGen: 419669K->102940K(465920K)] 938800K->692287K(1864192K), 0.0454720 secs] [Times: user=0.23 sys=0.00, real=0.05 secs] 
4298.747: [GC (Allocation Failure) [PSYoungGen: 335900K->160787K(465920K)] 925247K->784247K(1864192K), 0.0848865 secs] [Times: user=0.43 sys=0.00, real=0.09 secs] 
4298.992: [GC (Allocation Failure) [PSYoungGen: 393747K->184213K(465920K)] 1017207K->857689K(1864192K), 0.0424353 secs] [Times: user=0.19 sys=0.00, real=0.04 secs] 
4299.156: [GC (Allocation Failure) [PSYoungGen: 417173K->185911K(465920K)] 1090649K->923506K(1864192K), 0.0507468 secs] [Times: user=0.24 sys=0.00, real=0.05 secs] 
4299.336: [GC (Allocation Failure) [PSYoungGen: 418871K->186357K(465920K)] 1156466K->983040K(1864192K), 0.0566841 secs] [Times: user=0.28 sys=0.00, real=0.06 secs] 
4300.422: [GC (Allocation Failure) [PSYoungGen: 419317K->85274K(465920K)] 1216000K->952253K(1864192K), 0.0442363 secs] [Times: user=0.24 sys=0.00, real=0.04 secs] 
4301.319: [GC (Allocation Failure) [PSYoungGen: 318234K->180213K(465920K)] 1185213K->1073934K(1864192K), 0.0450104 secs] [Times: user=0.19 sys=0.00, real=0.04 secs] 
4301.493: [GC (Allocation Failure) [PSYoungGen: 413173K->184790K(465920K)] 1306894K->1134822K(1864192K), 0.0450292 secs] [Times: user=0.20 sys=0.00, real=0.05 secs] 
4301.679: [GC (Allocation Failure) [PSYoungGen: 417750K->186805K(465920K)] 1367782K->1192885K(1864192K), 0.0518593 secs] [Times: user=0.25 sys=0.00, real=0.05 secs] 
4302.676: [GC (Allocation Failure) [PSYoungGen: 419765K->109837K(465920K)] 1425845K->1186358K(1864192K), 0.0473479 secs] [Times: user=0.24 sys=0.00, real=0.05 secs] 
4304.201: [GC (Allocation Failure) [PSYoungGen: 342797K->152242K(465920K)] 1419318K->1263823K(1864192K), 0.1062516 secs] [Times: user=0.50 sys=0.00, real=0.10 secs] 
4304.521: [GC (Allocation Failure) [PSYoungGen: 385202K->184630K(465920K)] 1496783K->1343911K(1864192K), 0.0471933 secs] [Times: user=0.22 sys=0.00, real=0.05 secs] 
4304.687: [GC (Allocation Failure) [PSYoungGen: 417509K->186039K(465920K)] 1576791K->1409552K(1864192K), 0.0515385 secs] [Times: user=0.25 sys=0.00, real=0.06 secs] 
4304.873: [GC (Allocation Failure) [PSYoungGen: 418999K->183604K(465920K)] 1642512K->1465998K(1864192K), 0.0760066 secs] [Times: user=0.39 sys=0.00, real=0.08 secs] 
4306.174: [GC (Allocation Failure) [PSYoungGen: 416564K->90042K(465920K)] 1698958K->1441824K(1864192K), 0.0888274 secs] [Times: user=0.48 sys=0.00, real=0.09 secs] 
4306.263: [Full GC (Ergonomics) [PSYoungGen: 90042K->0K(465920K)] [ParOldGen: 1351781K->100703K(1398272K)] 1441824K->100703K(1864192K), [Metaspace: 60390K->60390K(1105920K)], 0.1327227 secs] [Times: user=0.56 sys=0.00, real=0.13 secs] 
4306.721: [GC (GCLocker Initiated GC) [PSYoungGen: 232960K->177429K(465920K)] 333663K->278132K(1864192K), 0.0301691 secs] [Times: user=0.11 sys=0.00, real=0.03 secs] 
4306.964: [GC (Allocation Failure) [PSYoungGen: 410389K->181461K(465920K)] 511095K->337691K(1864192K), 0.0599352 secs] [Times: user=0.28 sys=0.00, real=0.06 secs] 
4307.187: [GC (Allocation Failure) [PSYoungGen: 414421K->186677K(465920K)] 570651K->398075K(1864192K), 0.0539128 secs] [Times: user=0.26 sys=0.00, real=0.06 secs] 
4308.169: [GC (Allocation Failure) [PSYoungGen: 419637K->120367K(465920K)] 631035K->402093K(1864192K), 0.0461984 secs] [Times: user=0.23 sys=0.01, real=0.04 secs] 
4308.690: [GC (Allocation Failure) [PSYoungGen: 353327K->145681K(465920K)] 635053K->465575K(1864192K), 0.1270275 secs] [Times: user=0.69 sys=0.00, real=0.12 secs] 
4308.988: [GC (Allocation Failure) [PSYoungGen: 378641K->183157K(465920K)] 698535K->549180K(1864192K), 0.0394340 secs] [Times: user=0.17 sys=0.00, real=0.04 secs] 
4309.151: [GC (Allocation Failure) [PSYoungGen: 416117K->185847K(465920K)] 782140K->615726K(1864192K), 0.0491626 secs] [Times: user=0.23 sys=0.00, real=0.05 secs] 
4309.335: [GC (Allocation Failure) [PSYoungGen: 418807K->183348K(465920K)] 848686K->672132K(1864192K), 0.0776146 secs] [Times: user=0.40 sys=0.00, real=0.08 secs] 
4311.217: [GC (Allocation Failure) [PSYoungGen: 416308K->92907K(465920K)] 905092K->651058K(1864192K), 0.1094516 secs] [Times: user=0.60 sys=0.00, real=0.11 secs] 
4312.295: [GC (Allocation Failure) [PSYoungGen: 325867K->171380K(465920K)] 884018K->759184K(1864192K), 0.0446166 secs] [Times: user=0.19 sys=0.00, real=0.05 secs] 
4312.482: [GC (Allocation Failure) [PSYoungGen: 404340K->184886K(465920K)] 992144K->826486K(1864192K), 0.0415075 secs] [Times: user=0.18 sys=0.00, real=0.04 secs] 
4312.641: [GC (Allocation Failure) [PSYoungGen: 417846K->187189K(465920K)] 1059446K->884781K(1864192K), 0.0448522 secs] [Times: user=0.21 sys=0.00, real=0.04 secs] 
4313.678: [GC (Allocation Failure) [PSYoungGen: 420149K->129328K(465920K)] 1117741K->897524K(1864192K), 0.0479087 secs] [Times: user=0.24 sys=0.00, real=0.04 secs] 
4314.277: [GC (Allocation Failure) [PSYoungGen: 362288K->140032K(465920K)] 1130484K->949229K(1864192K), 0.1254841 secs] [Times: user=0.68 sys=0.00, real=0.13 secs] 
4314.571: [GC (Allocation Failure) [PSYoungGen: 372992K->178357K(465920K)] 1182189K->1033038K(1864192K), 0.0390641 secs] [Times: user=0.17 sys=0.00, real=0.04 secs] 
4314.731: [GC (Allocation Failure) [PSYoungGen: 411317K->182454K(465920K)] 1265998K->1099264K(1864192K), 0.0490695 secs] [Times: user=0.23 sys=0.00, real=0.05 secs] 
4314.897: [GC (Allocation Failure) [PSYoungGen: 415414K->186773K(465920K)] 1332224K->1161742K(1864192K), 0.0574719 secs] [Times: user=0.29 sys=0.00, real=0.06 secs] 
4315.913: [GC (Allocation Failure) [PSYoungGen: 419733K->92187K(465920K)] 1394702K->1137588K(1864192K), 0.0446638 secs] [Times: user=0.23 sys=0.00, real=0.04 secs] 
4316.310: [GC (Allocation Failure) [PSYoungGen: 325147K->177909K(465920K)] 1370548K->1253187K(1864192K), 0.0335422 secs] [Times: user=0.14 sys=0.00, real=0.03 secs] 
4316.502: [GC (Allocation Failure) [PSYoungGen: 410869K->181429K(465920K)] 1486147K->1312183K(1864192K), 0.0572695 secs] [Times: user=0.27 sys=0.00, real=0.06 secs] 
4316.724: [GC (Allocation Failure) [PSYoungGen: 414389K->186773K(465920K)] 1545143K->1372903K(1864192K), 0.0636419 secs] [Times: user=0.31 sys=0.00, real=0.06 secs] 
4317.710: [GC (Allocation Failure) [PSYoungGen: 419733K->135888K(465920K)] 1605863K->1392539K(1864192K), 0.0495881 secs] [Times: user=0.25 sys=0.00, real=0.05 secs] 
4318.526: [GC (Allocation Failure) [PSYoungGen: 368848K->134992K(465920K)] 1625499K->1434682K(1864192K), 0.1266127 secs] [Times: user=0.69 sys=0.00, real=0.13 secs] 
4318.815: [GC (Allocation Failure) [PSYoungGen: 367952K->178229K(465920K)] 1667642K->1521356K(1864192K), 0.0392111 secs] [Times: user=0.17 sys=0.01, real=0.04 secs] 
4318.854: [Full GC (Ergonomics) [PSYoungGen: 178229K->0K(465920K)] [ParOldGen: 1343127K->238699K(1398272K)] 1521356K->238699K(1864192K), [Metaspace: 60390K->60390K(1105920K)], 0.2810316 secs] [Times: user=1.28 sys=0.00, real=0.28 secs] 
4319.263: [GC (Allocation Failure) [PSYoungGen: 232960K->182582K(465920K)] 471659K->421282K(1864192K), 0.0868816 secs] [Times: user=0.45 sys=0.00, real=0.09 secs] 
4319.488: [GC (Allocation Failure) [PSYoungGen: 415542K->186837K(465920K)] 654242K->483817K(1864192K), 0.0601402 secs] [Times: user=0.30 sys=0.00, real=0.06 secs] 
4320.816: [GC (Allocation Failure) [PSYoungGen: 419797K->91210K(465920K)] 716777K->458738K(1864192K), 0.0681670 secs] [Times: user=0.36 sys=0.00, real=0.07 secs] 
4321.482: [GC (Allocation Failure) [PSYoungGen: 324170K->175061K(465920K)] 691698K->572002K(1864192K), 0.0395763 secs] [Times: user=0.16 sys=0.00, real=0.04 secs] 
4321.646: [GC (Allocation Failure) [PSYoungGen: 408021K->181589K(465920K)] 804962K->633070K(1864192K), 0.0418623 secs] [Times: user=0.19 sys=0.00, real=0.04 secs] 
4321.831: [GC (Allocation Failure) [PSYoungGen: 414549K->186805K(465920K)] 866030K->693518K(1864192K), 0.0628754 secs] [Times: user=0.31 sys=0.00, real=0.06 secs] 
4322.800: [GC (Allocation Failure) [PSYoungGen: 419765K->144850K(465920K)] 926478K->721955K(1864192K), 0.0496617 secs] [Times: user=0.25 sys=0.00, real=0.05 secs] 
4323.266: [GC (Allocation Failure) [PSYoungGen: 377810K->126399K(465920K)] 954915K->749400K(1864192K), 0.1202183 secs] [Times: user=0.66 sys=0.00, real=0.12 secs] 
4323.568: [GC (Allocation Failure) [PSYoungGen: 359359K->178613K(465920K)] 982360K->841747K(1864192K), 0.0410755 secs] [Times: user=0.18 sys=0.00, real=0.04 secs] 
4323.730: [GC (Allocation Failure) [PSYoungGen: 411573K->185847K(465920K)] 1074707K->911209K(1864192K), 0.0492044 secs] [Times: user=0.22 sys=0.00, real=0.05 secs] 
4323.919: [GC (GCLocker Initiated GC) [PSYoungGen: 418807K->180788K(465920K)] 1144169K->965287K(1864192K), 0.0831295 secs] [Times: user=0.43 sys=0.00, real=0.08 secs] 
4325.097: [GC (Allocation Failure) [PSYoungGen: 413748K->95451K(465920K)] 1198249K->948176K(1864192K), 0.0680438 secs] [Times: user=0.36 sys=0.00, real=0.07 secs] 
4325.750: [GC (Allocation Failure) [PSYoungGen: 328411K->175413K(465920K)] 1181136K->1059846K(1864192K), 0.0494902 secs] [Times: user=0.21 sys=0.00, real=0.05 secs] 
4325.975: [GC (Allocation Failure) [PSYoungGen: 408373K->184694K(465920K)] 1292806K->1123835K(1864192K), 0.0574110 secs] [Times: user=0.27 sys=0.00, real=0.06 secs] 
4326.159: [GC (Allocation Failure) [PSYoungGen: 417654K->184789K(465920K)] 1356795K->1180050K(1864192K), 0.0480507 secs] [Times: user=0.23 sys=0.00, real=0.04 secs] 
4327.094: [GC (Allocation Failure) [PSYoungGen: 417749K->150066K(465920K)] 1413010K->1214944K(1864192K), 0.0529329 secs] [Times: user=0.27 sys=0.00, real=0.05 secs] 
4328.720: [GC (Allocation Failure) [PSYoungGen: 383026K->118494K(465920K)] 1447904K->1230827K(1864192K), 0.1545883 secs] [Times: user=0.87 sys=0.00, real=0.15 secs] 
4329.054: [GC (Allocation Failure) [PSYoungGen: 351454K->178997K(465920K)] 1463787K->1329235K(1864192K), 0.0377365 secs] [Times: user=0.17 sys=0.00, real=0.04 secs] 
4329.211: [GC (Allocation Failure) [PSYoungGen: 411957K->185687K(465920K)] 1562195K->1398261K(1864192K), 0.0501121 secs] [Times: user=0.23 sys=0.00, real=0.05 secs] 
4329.397: [GC (Allocation Failure) [PSYoungGen: 418647K->183572K(465920K)] 1631221K->1454979K(1864192K), 0.0586837 secs] [Times: user=0.29 sys=0.00, real=0.06 secs] 
4330.411: [GC (GCLocker Initiated GC) [PSYoungGen: 416532K->92251K(465920K)] 1687939K->1432857K(1864192K), 0.0468328 secs] [Times: user=0.25 sys=0.00, real=0.04 secs] 
4330.458: [Full GC (Ergonomics) [PSYoungGen: 92251K->0K(465920K)] [ParOldGen: 1340606K->90491K(1398272K)] 1432857K->90491K(1864192K), [Metaspace: 60391K->60391K(1105920K)], 0.0510626 secs] [Times: user=0.18 sys=0.00, real=0.06 secs] 
4330.976: [GC (Allocation Failure) [PSYoungGen: 232960K->174069K(465920K)] 323746K->264855K(1864192K), 0.0352837 secs] [Times: user=0.13 sys=0.00, real=0.04 secs] 
4331.161: [GC (Allocation Failure) [PSYoungGen: 407029K->184470K(465920K)] 497815K->329536K(1864192K), 0.0421914 secs] [Times: user=0.19 sys=0.00, real=0.04 secs] 
4331.317: [GC (Allocation Failure) [PSYoungGen: 403980K->173237K(465920K)] 549046K->382360K(1864192K), 0.0474593 secs] [Times: user=0.22 sys=0.00, real=0.05 secs] 
4332.131: [GC (Allocation Failure) [PSYoungGen: 402397K->205779K(465920K)] 611520K->469997K(1864192K), 0.0517241 secs] [Times: user=0.26 sys=0.00, real=0.05 secs] 
4333.077: [GC (Allocation Failure) [PSYoungGen: 438739K->95227K(465920K)] 702957K->424006K(1864192K), 0.1069174 secs] [Times: user=0.58 sys=0.00, real=0.11 secs] 
4333.587: [GC (Allocation Failure) [PSYoungGen: 328187K->182198K(465920K)] 656966K->541329K(1864192K), 0.0340380 secs] [Times: user=0.14 sys=0.00, real=0.04 secs] 
4333.739: [GC (Allocation Failure) [PSYoungGen: 415158K->192854K(465920K)] 774289K->608845K(1864192K), 0.0434154 secs] [Times: user=0.20 sys=0.00, real=0.04 secs] 
4333.928: [GC (Allocation Failure) [PSYoungGen: 425814K->183924K(465920K)] 841805K->656020K(1864192K), 0.0643277 secs] [Times: user=0.32 sys=0.00, real=0.07 secs] 
4334.959: [GC (Allocation Failure) [PSYoungGen: 416884K->100316K(465920K)] 888980K->641860K(1864192K), 0.0555943 secs] [Times: user=0.27 sys=0.00, real=0.05 secs] 
4336.465: [GC (Allocation Failure) [PSYoungGen: 333276K->163411K(465920K)] 874820K->737064K(1864192K), 0.0846796 secs] [Times: user=0.42 sys=0.01, real=0.09 secs] 
4336.735: [GC (Allocation Failure) [PSYoungGen: 396371K->184470K(465920K)] 970024K->809662K(1864192K), 0.0420824 secs] [Times: user=0.19 sys=0.00, real=0.04 secs] 
4336.902: [GC (Allocation Failure) [PSYoungGen: 417430K->185719K(465920K)] 1042622K->874927K(1864192K), 0.0502024 secs] [Times: user=0.23 sys=0.00, real=0.05 secs] 
4337.098: [GC (Allocation Failure) [PSYoungGen: 418679K->183732K(465920K)] 1107887K->931885K(1864192K), 0.0650538 secs] [Times: user=0.33 sys=0.00, real=0.06 secs] 
4338.124: [GC (Allocation Failure) [PSYoungGen: 416692K->89370K(465920K)] 1164845K->906971K(1864192K), 0.0410339 secs] [Times: user=0.21 sys=0.00, real=0.04 secs] 
4338.540: [GC (Allocation Failure) [PSYoungGen: 322330K->178229K(465920K)] 1139931K->1024407K(1864192K), 0.0455038 secs] [Times: user=0.20 sys=0.00, real=0.04 secs] 
4338.758: [GC (Allocation Failure) [PSYoungGen: 411189K->184918K(465920K)] 1257367K->1086615K(1864192K), 0.0594412 secs] [Times: user=0.28 sys=0.00, real=0.06 secs] 
4338.993: [GC (Allocation Failure) [PSYoungGen: 417878K->183636K(465920K)] 1319575K->1141350K(1864192K), 0.0595993 secs] [Times: user=0.29 sys=0.00, real=0.06 secs] 
4339.996: [GC (Allocation Failure) [PSYoungGen: 416596K->105916K(465920K)] 1374310K->1133086K(1864192K), 0.0465238 secs] [Times: user=0.24 sys=0.00, real=0.05 secs] 
4341.001: [GC (Allocation Failure) [PSYoungGen: 338876K->161395K(465920K)] 1366046K->1222386K(1864192K), 0.0924714 secs] [Times: user=0.49 sys=0.00, real=0.09 secs] 
4341.252: [GC (Allocation Failure) [PSYoungGen: 394355K->181845K(465920K)] 1455346K->1293368K(1864192K), 0.0420966 secs] [Times: user=0.19 sys=0.00, real=0.04 secs] 
4341.418: [GC (Allocation Failure) [PSYoungGen: 414805K->186007K(465920K)] 1526328K->1361009K(1864192K), 0.0504236 secs] [Times: user=0.23 sys=0.00, real=0.06 secs] 
4341.586: [GC (Allocation Failure) [PSYoungGen: 418967K->186421K(465920K)] 1593969K->1420655K(1864192K), 0.0572194 secs] [Times: user=0.28 sys=0.00, real=0.06 secs] 
4343.517: [GC (Allocation Failure) [PSYoungGen: 419381K->85466K(465920K)] 1653615K->1389932K(1864192K), 0.1022791 secs] [Times: user=0.56 sys=0.00, real=0.11 secs] 
4344.100: [GC (Allocation Failure) [PSYoungGen: 318426K->181942K(465920K)] 1622892K->1513677K(1864192K), 0.0396419 secs] [Times: user=0.17 sys=0.00, real=0.04 secs] 
4344.140: [Full GC (Ergonomics) [PSYoungGen: 181942K->0K(465920K)] [ParOldGen: 1331735K->223130K(1398272K)] 1513677K->223130K(1864192K), [Metaspace: 60391K->60391K(1105920K)], 0.2345731 secs] [Times: user=1.07 sys=0.00, real=0.23 secs] 
4344.529: [GC (Allocation Failure) [PSYoungGen: 232960K->181813K(465920K)] 456090K->404943K(1864192K), 0.0296230 secs] [Times: user=0.12 sys=0.00, real=0.03 secs] 
4344.681: [GC (Allocation Failure) [PSYoungGen: 414773K->186581K(465920K)] 637903K->465079K(1864192K), 0.0451018 secs] [Times: user=0.21 sys=0.00, real=0.04 secs] 
4345.692: [GC (Allocation Failure) [PSYoungGen: 419541K->110429K(465920K)] 698039K->459335K(1864192K), 0.0451068 secs] [Times: user=0.23 sys=0.00, real=0.04 secs] 
4346.117: [GC (Allocation Failure) [PSYoungGen: 343389K->155026K(465920K)] 692295K->539789K(1864192K), 0.0485232 secs] [Times: user=0.23 sys=0.00, real=0.05 secs] 
4346.286: [GC (Allocation Failure) [PSYoungGen: 387986K->184566K(465920K)] 772749K->617969K(1864192K), 0.0410375 secs] [Times: user=0.18 sys=0.00, real=0.04 secs] 
4346.488: [GC (Allocation Failure) [PSYoungGen: 417526K->182102K(465920K)] 850929K->679697K(1864192K), 0.0734055 secs] [Times: user=0.36 sys=0.00, real=0.08 secs] 
4346.688: [GC (Allocation Failure) [PSYoungGen: 415062K->186581K(465920K)] 912657K->742264K(1864192K), 0.0563655 secs] [Times: user=0.27 sys=0.00, real=0.06 secs] 
4347.780: [GC (Allocation Failure) [PSYoungGen: 419541K->92715K(465920K)] 975224K->718790K(1864192K), 0.0615688 secs] [Times: user=0.32 sys=0.00, real=0.06 secs] 
4348.235: [GC (Allocation Failure) [PSYoungGen: 325675K->175157K(465920K)] 951750K->831344K(1864192K), 0.0421675 secs] [Times: user=0.19 sys=0.00, real=0.04 secs] 
4348.405: [GC (Allocation Failure) [PSYoungGen: 408117K->184662K(465920K)] 1064304K->895693K(1864192K), 0.0431526 secs] [Times: user=0.19 sys=0.00, real=0.05 secs] 
4348.565: [GC (Allocation Failure) [PSYoungGen: 417622K->186453K(465920K)] 1128653K->953532K(1864192K), 0.0454628 secs] [Times: user=0.21 sys=0.00, real=0.05 secs] 
4349.692: [GC (Allocation Failure) [PSYoungGen: 419413K->115822K(465920K)] 1186492K->953133K(1864192K), 0.0469338 secs] [Times: user=0.24 sys=0.00, real=0.05 secs] 
4350.776: [GC (Allocation Failure) [PSYoungGen: 348782K->150482K(465920K)] 1186093K->1025050K(1864192K), 0.0898114 secs] [Times: user=0.46 sys=0.01, real=0.09 secs] 
4351.066: [GC (GCLocker Initiated GC) [PSYoungGen: 383442K->180085K(465920K)] 1258011K->1101518K(1864192K), 0.0533976 secs] [Times: user=0.25 sys=0.00, real=0.06 secs] 
4351.250: [GC (Allocation Failure) [PSYoungGen: 413045K->185847K(465920K)] 1334645K->1170739K(1864192K), 0.0527723 secs] [Times: user=0.25 sys=0.00, real=0.05 secs] 
4351.457: [GC (Allocation Failure) [PSYoungGen: 418807K->186581K(465920K)] 1403699K->1230345K(1864192K), 0.0875309 secs] [Times: user=0.45 sys=0.00, real=0.09 secs] 
4353.527: [GC (Allocation Failure) [PSYoungGen: 419541K->84890K(465920K)] 1463305K->1198990K(1864192K), 0.1138229 secs] [Times: user=0.63 sys=0.00, real=0.12 secs] 
4353.938: [GC (Allocation Failure) [PSYoungGen: 317850K->178613K(465920K)] 1431950K->1320294K(1864192K), 0.0417747 secs] [Times: user=0.18 sys=0.00, real=0.05 secs] 
4354.104: [GC (Allocation Failure) [PSYoungGen: 411573K->184950K(465920K)] 1553254K->1381927K(1864192K), 0.0443377 secs] [Times: user=0.20 sys=0.00, real=0.05 secs] 
4354.290: [GC (Allocation Failure) [PSYoungGen: 417910K->186869K(465920K)] 1614887K->1439942K(1864192K), 0.0510589 secs] [Times: user=0.24 sys=0.00, real=0.05 secs] 
4355.546: [GC (Allocation Failure) [PSYoungGen: 419829K->123055K(465920K)] 1672902K->1446696K(1864192K), 0.0486080 secs] [Times: user=0.25 sys=0.00, real=0.05 secs] 
4355.595: [Full GC (Ergonomics) [PSYoungGen: 123055K->0K(465920K)] [ParOldGen: 1323641K->337943K(1398272K)] 1446696K->337943K(1864192K), [Metaspace: 60391K->60391K(1105920K)], 0.5693635 secs] [Times: user=2.47 sys=0.00, real=0.57 secs] 
4357.108: [GC (Allocation Failure) [PSYoungGen: 232960K->141521K(465920K)] 570903K->479464K(1864192K), 0.0460897 secs] [Times: user=0.18 sys=0.00, real=0.05 secs] 
4357.400: [GC (Allocation Failure) [PSYoungGen: 374481K->175604K(465920K)] 712424K->558836K(1864192K), 0.0432249 secs] [Times: user=0.20 sys=0.00, real=0.04 secs] 
4357.566: [GC (Allocation Failure) [PSYoungGen: 408564K->185623K(465920K)] 791796K->630399K(1864192K), 0.0479475 secs] [Times: user=0.23 sys=0.00, real=0.05 secs] 
4357.729: [GC (Allocation Failure) [PSYoungGen: 418583K->186645K(465920K)] 863359K->690381K(1864192K), 0.0562511 secs] [Times: user=0.28 sys=0.00, real=0.05 secs] 
4359.043: [GC (Allocation Failure) [PSYoungGen: 419605K->90634K(465920K)] 923341K->664879K(1864192K), 0.0862810 secs] [Times: user=0.47 sys=0.00, real=0.09 secs] 
4360.136: [GC (Allocation Failure) [PSYoungGen: 323594K->174549K(465920K)] 897839K->777946K(1864192K), 0.0445273 secs] [Times: user=0.19 sys=0.00, real=0.05 secs] 
4360.322: [GC (Allocation Failure) [PSYoungGen: 407509K->184758K(465920K)] 1010906K->842843K(1864192K), 0.0436418 secs] [Times: user=0.20 sys=0.00, real=0.04 secs] 
4360.539: [GC (Allocation Failure) [PSYoungGen: 417718K->203317K(465920K)] 1075803K->917506K(1864192K), 0.0687324 secs] [Times: user=0.33 sys=0.00, real=0.06 secs] 
4361.553: [GC (Allocation Failure) [PSYoungGen: 436277K->135984K(465920K)] 1150466K->920758K(1864192K), 0.0496157 secs] [Times: user=0.25 sys=0.00, real=0.05 secs] 
4362.348: [GC (Allocation Failure) [PSYoungGen: 368944K->130255K(465920K)] 1153718K->958177K(1864192K), 0.1132940 secs] [Times: user=0.62 sys=0.00, real=0.12 secs] 
4362.660: [GC (Allocation Failure) [PSYoungGen: 363215K->174964K(465920K)] 1191137K->1044478K(1864192K), 0.0380350 secs] [Times: user=0.16 sys=0.01, real=0.04 secs] 
4362.820: [GC (Allocation Failure) [PSYoungGen: 407924K->185687K(465920K)] 1277438K->1116344K(1864192K), 0.0491233 secs] [Times: user=0.22 sys=0.00, real=0.05 secs] 
4363.716: [GC (Allocation Failure) [PSYoungGen: 418647K->182516K(465920K)] 1349304K->1172206K(1864192K), 0.0754373 secs] [Times: user=0.39 sys=0.00, real=0.08 secs] 
4364.928: [GC (Allocation Failure) [PSYoungGen: 415476K->95563K(465920K)] 1405166K->1154317K(1864192K), 0.0515520 secs] [Times: user=0.27 sys=0.00, real=0.05 secs] 
4366.214: [GC (Allocation Failure) [PSYoungGen: 328523K->169044K(465920K)] 1387277K->1257874K(1864192K), 0.0478014 secs] [Times: user=0.21 sys=0.00, real=0.05 secs] 
4366.410: [GC (Allocation Failure) [PSYoungGen: 402004K->184918K(465920K)] 1490834K->1327068K(1864192K), 0.0450610 secs] [Times: user=0.20 sys=0.01, real=0.04 secs] 
4366.572: [GC (Allocation Failure) [PSYoungGen: 417878K->187893K(465920K)] 1560028K->1386163K(1864192K), 0.0481642 secs] [Times: user=0.23 sys=0.00, real=0.05 secs] 
4367.580: [GC (Allocation Failure) [PSYoungGen: 420853K->151826K(465920K)] 1619123K->1420753K(1864192K), 0.0535857 secs] [Times: user=0.26 sys=0.00, real=0.05 secs] 
4368.979: [GC (Allocation Failure) [PSYoungGen: 384786K->116045K(465920K)] 1653713K->1433036K(1864192K), 0.1762010 secs] [Times: user=1.00 sys=0.00, real=0.17 secs] 
4369.156: [Full GC (Ergonomics) [PSYoungGen: 116045K->0K(465920K)] [ParOldGen: 1316990K->133312K(1398272K)] 1433036K->133312K(1864192K), [Metaspace: 60458K->60458K(1105920K)], 0.1617774 secs] [Times: user=0.74 sys=0.00, real=0.16 secs] 
4369.496: [GC (Allocation Failure) [PSYoungGen: 232960K->175444K(465920K)] 366272K->308757K(1864192K), 0.0259167 secs] [Times: user=0.10 sys=0.00, real=0.03 secs] 
4369.659: [GC (Allocation Failure) [PSYoungGen: 408404K->185015K(465920K)] 541717K->379391K(1864192K), 0.0468592 secs] [Times: user=0.22 sys=0.00, real=0.04 secs] 
4369.846: [GC (Allocation Failure) [PSYoungGen: 417975K->187061K(465920K)] 612351K->440141K(1864192K), 0.0659673 secs] [Times: user=0.34 sys=0.00, real=0.07 secs] 
4370.916: [GC (Allocation Failure) [PSYoungGen: 420021K->93915K(465920K)] 673101K->417632K(1864192K), 0.0604205 secs] [Times: user=0.33 sys=0.00, real=0.06 secs] 
4371.681: [GC (Allocation Failure) [PSYoungGen: 326875K->170164K(465920K)] 650592K->524389K(1864192K), 0.0529270 secs] [Times: user=0.24 sys=0.00, real=0.05 secs] 
4371.883: [GC (Allocation Failure) [PSYoungGen: 403124K->184245K(465920K)] 757349K->591278K(1864192K), 0.0421010 secs] [Times: user=0.19 sys=0.00, real=0.04 secs] 
4372.044: [GC (Allocation Failure) [PSYoungGen: 413436K->179606K(465920K)] 820469K->650703K(1864192K), 0.0485708 secs] [Times: user=0.23 sys=0.00, real=0.05 secs] 
4372.875: [GC (Allocation Failure) [PSYoungGen: 409207K->206675K(465920K)] 880304K->734932K(1864192K), 0.0538391 secs] [Times: user=0.27 sys=0.00, real=0.06 secs] 
4374.241: [GC (Allocation Failure) [PSYoungGen: 439635K->93867K(465920K)] 967892K->686908K(1864192K), 0.0828242 secs] [Times: user=0.45 sys=0.00, real=0.08 secs] 
4374.588: [GC (Allocation Failure) [PSYoungGen: 326827K->182678K(465920K)] 919868K->805540K(1864192K), 0.0346074 secs] [Times: user=0.14 sys=0.00, real=0.04 secs] 
4374.784: [GC (Allocation Failure) [PSYoungGen: 415638K->184534K(465920K)] 1038500K->864327K(1864192K), 0.0574909 secs] [Times: user=0.27 sys=0.00, real=0.06 secs] 
4374.999: [GC (Allocation Failure) [PSYoungGen: 417494K->184116K(465920K)] 1097287K->919838K(1864192K), 0.0600278 secs] [Times: user=0.30 sys=0.00, real=0.06 secs] 
4376.255: [GC (Allocation Failure) [PSYoungGen: 417076K->101020K(465920K)] 1152798K->906374K(1864192K), 0.0749669 secs] [Times: user=0.41 sys=0.00, real=0.08 secs] 
4377.181: [GC (Allocation Failure) [PSYoungGen: 333980K->165812K(465920K)] 1139334K->1003314K(1864192K), 0.0572784 secs] [Times: user=0.27 sys=0.00, real=0.06 secs] 
4377.369: [GC (Allocation Failure) [PSYoungGen: 398772K->182069K(465920K)] 1236274K->1071284K(1864192K), 0.0419931 secs] [Times: user=0.18 sys=0.01, real=0.04 secs] 
4377.534: [GC (Allocation Failure) [PSYoungGen: 415029K->185527K(465920K)] 1304244K->1138294K(1864192K), 0.0495800 secs] [Times: user=0.23 sys=0.00, real=0.05 secs] 
4377.711: [GC (Allocation Failure) [PSYoungGen: 418487K->218933K(465920K)] 1371254K->1230772K(1864192K), 0.0558620 secs] [Times: user=0.27 sys=0.00, real=0.05 secs] 
4378.767: [GC (Allocation Failure) [PSYoungGen: 451893K->87226K(465920K)] 1463732K->1169177K(1864192K), 0.0404888 secs] [Times: user=0.21 sys=0.00, real=0.04 secs] 
4379.039: [GC (Allocation Failure) [PSYoungGen: 320186K->182582K(465920K)] 1402137K->1292617K(1864192K), 0.0343119 secs] [Times: user=0.14 sys=0.00, real=0.03 secs] 
4379.218: [GC (Allocation Failure) [PSYoungGen: 415542K->184566K(465920K)] 1525577K->1351329K(1864192K), 0.0492784 secs] [Times: user=0.24 sys=0.01, real=0.05 secs] 
4379.402: [GC (Allocation Failure) [PSYoungGen: 417526K->183380K(465920K)] 1584289K->1406103K(1864192K), 0.0463876 secs] [Times: user=0.21 sys=0.01, real=0.04 secs] 
4380.421: [GC (Allocation Failure) [PSYoungGen: 416340K->103772K(465920K)] 1639063K->1395895K(1864192K), 0.0459107 secs] [Times: user=0.24 sys=0.00, real=0.04 secs] 
4381.199: [GC (Allocation Failure) [PSYoungGen: 336732K->164627K(465920K)] 1628855K->1490323K(1864192K), 0.0706642 secs] [Times: user=0.35 sys=0.00, real=0.07 secs] 
4381.270: [Full GC (Ergonomics) [PSYoungGen: 164627K->0K(465920K)] [ParOldGen: 1325696K->184816K(1398272K)] 1490323K->184816K(1864192K), [Metaspace: 60458K->60458K(1105920K)], 0.1906655 secs] [Times: user=0.88 sys=0.00, real=0.19 secs] 
4381.584: [GC (Allocation Failure) [PSYoungGen: 232960K->184085K(465920K)] 417776K->368902K(1864192K), 0.0333413 secs] [Times: user=0.13 sys=0.00, real=0.03 secs] 
4381.781: [GC (Allocation Failure) [PSYoungGen: 417045K->185847K(465920K)] 601862K->434800K(1864192K), 0.0433043 secs] [Times: user=0.20 sys=0.00, real=0.04 secs] 
4381.940: [GC (Allocation Failure) [PSYoungGen: 418807K->183732K(465920K)] 667760K->491645K(1864192K), 0.0537509 secs] [Times: user=0.25 sys=0.01, real=0.05 secs] 
4383.741: [GC (Allocation Failure) [PSYoungGen: 416692K->86714K(465920K)] 724605K->464215K(1864192K), 0.1050031 secs] [Times: user=0.57 sys=0.00, real=0.10 secs] 
4384.550: [GC (Allocation Failure) [PSYoungGen: 319674K->178581K(465920K)] 697175K->583759K(1864192K), 0.0452460 secs] [Times: user=0.19 sys=0.00, real=0.04 secs] 
4384.726: [GC (Allocation Failure) [PSYoungGen: 411541K->193174K(465920K)] 816719K->653708K(1864192K), 0.0434606 secs] [Times: user=0.19 sys=0.00, real=0.05 secs] 
4384.884: [GC (Allocation Failure) [PSYoungGen: 426134K->183540K(465920K)] 886668K->700298K(1864192K), 0.0451852 secs] [Times: user=0.20 sys=0.01, real=0.05 secs] 
4385.880: [GC (Allocation Failure) [PSYoungGen: 416500K->108829K(465920K)] 933258K->694811K(1864192K), 0.0452407 secs] [Times: user=0.23 sys=0.00, real=0.04 secs] 
4386.613: [GC (Allocation Failure) [PSYoungGen: 341789K->155954K(465920K)] 927771K->777245K(1864192K), 0.0827332 secs] [Times: user=0.43 sys=0.00, real=0.08 secs] 
4386.901: [GC (Allocation Failure) [PSYoungGen: 388914K->184309K(465920K)] 1010205K->854088K(1864192K), 0.0413262 secs] [Times: user=0.18 sys=0.00, real=0.04 secs] 
4387.082: [GC (Allocation Failure) [PSYoungGen: 417269K->182870K(465920K)] 1087048K->917125K(1864192K), 0.0548751 secs] [Times: user=0.27 sys=0.00, real=0.05 secs] 
4387.272: [GC (Allocation Failure) [PSYoungGen: 415830K->186581K(465920K)] 1150085K->979188K(1864192K), 0.0559729 secs] [Times: user=0.28 sys=0.01, real=0.06 secs] 
4388.445: [GC (Allocation Failure) [PSYoungGen: 418776K->92107K(465920K)] 1211383K->955130K(1864192K), 0.0701402 secs] [Times: user=0.37 sys=0.00, real=0.07 secs] 
4389.079: [GC (Allocation Failure) [PSYoungGen: 325067K->178261K(465920K)] 1188090K->1070585K(1864192K), 0.0470247 secs] [Times: user=0.20 sys=0.00, real=0.04 secs] 
4389.261: [GC (Allocation Failure) [PSYoungGen: 411221K->184822K(465920K)] 1303545K->1132950K(1864192K), 0.0432750 secs] [Times: user=0.19 sys=0.00, real=0.04 secs] 
4389.448: [GC (Allocation Failure) [PSYoungGen: 417782K->183796K(465920K)] 1365910K->1188021K(1864192K), 0.0590299 secs] [Times: user=0.29 sys=0.00, real=0.06 secs] 
4390.486: [GC (Allocation Failure) [PSYoungGen: 416756K->115486K(465920K)] 1420981K->1189090K(1864192K), 0.0467861 secs] [Times: user=0.23 sys=0.00, real=0.05 secs] 
4392.005: [GC (Allocation Failure) [PSYoungGen: 348446K->150034K(465920K)] 1422050K->1260299K(1864192K), 0.0881806 secs] [Times: user=0.47 sys=0.00, real=0.09 secs] 
4392.236: [GC (Allocation Failure) [PSYoungGen: 382994K->184374K(465920K)] 1493259K->1341427K(1864192K), 0.0413585 secs] [Times: user=0.18 sys=0.00, real=0.04 secs] 
4392.419: [GC (Allocation Failure) [PSYoungGen: 417334K->183286K(465920K)] 1574387K->1404460K(1864192K), 0.0558351 secs] [Times: user=0.27 sys=0.01, real=0.05 secs] 
4392.593: [GC (Allocation Failure) [PSYoungGen: 416246K->186613K(465920K)] 1637420K->1466186K(1864192K), 0.0584125 secs] [Times: user=0.29 sys=0.00, real=0.06 secs] 
4393.721: [GC (Allocation Failure) [PSYoungGen: 419573K->88954K(465920K)] 1699146K->1438967K(1864192K), 0.0600289 secs] [Times: user=0.32 sys=0.00, real=0.06 secs] 
4393.781: [Full GC (Ergonomics) [PSYoungGen: 88954K->0K(465920K)] [ParOldGen: 1350013K->98887K(1398272K)] 1438967K->98887K(1864192K), [Metaspace: 60458K->60458K(1105920K)], 0.0876917 secs] [Times: user=0.36 sys=0.01, real=0.09 secs] 
4394.280: [GC (Allocation Failure) [PSYoungGen: 232960K->178421K(465920K)] 331847K->277309K(1864192K), 0.0322642 secs] [Times: user=0.12 sys=0.00, real=0.03 secs] 
4394.507: [GC (Allocation Failure) [PSYoungGen: 411381K->184566K(465920K)] 510269K->338861K(1864192K), 0.0620352 secs] [Times: user=0.30 sys=0.00, real=0.07 secs] 
4394.711: [GC (Allocation Failure) [PSYoungGen: 417526K->186581K(465920K)] 571821K->397068K(1864192K), 0.0445148 secs] [Times: user=0.21 sys=0.00, real=0.04 secs] 
4395.719: [GC (Allocation Failure) [PSYoungGen: 419541K->119662K(465920K)] 630028K->400606K(1864192K), 0.0461389 secs] [Times: user=0.23 sys=0.00, real=0.04 secs] 
4396.507: [GC (Allocation Failure) [PSYoungGen: 352622K->144449K(465920K)] 633566K->463144K(1864192K), 0.0982063 secs] [Times: user=0.44 sys=0.01, real=0.10 secs] 
4396.818: [GC (Allocation Failure) [PSYoungGen: 377409K->183061K(465920K)] 696104K->546570K(1864192K), 0.0397408 secs] [Times: user=0.17 sys=0.01, real=0.04 secs] 
4396.977: [GC (Allocation Failure) [PSYoungGen: 416021K->185879K(465920K)] 779530K->613391K(1864192K), 0.0487327 secs] [Times: user=0.23 sys=0.00, real=0.05 secs] 
4397.162: [GC (Allocation Failure) [PSYoungGen: 418839K->183956K(465920K)] 846351K->670429K(1864192K), 0.0596994 secs] [Times: user=0.29 sys=0.00, real=0.06 secs] 
4398.894: [GC (Allocation Failure) [PSYoungGen: 416916K->88826K(465920K)] 903389K->644687K(1864192K), 0.1115931 secs] [Times: user=0.61 sys=0.00, real=0.11 secs] 
4399.650: [GC (Allocation Failure) [PSYoungGen: 321786K->177845K(465920K)] 877647K->762466K(1864192K), 0.0434329 secs] [Times: user=0.19 sys=0.00, real=0.04 secs] 
4399.826: [GC (Allocation Failure) [PSYoungGen: 410805K->181717K(465920K)] 995426K->821494K(1864192K), 0.0425169 secs] [Times: user=0.20 sys=0.00, real=0.05 secs] 
4400.034: [GC (Allocation Failure) [PSYoungGen: 414677K->186677K(465920K)] 1054454K->881846K(1864192K), 0.0674187 secs] [Times: user=0.33 sys=0.00, real=0.07 secs] 
4401.065: [GC (Allocation Failure) [PSYoungGen: 419637K->130736K(465920K)] 1114806K->896249K(1864192K), 0.0477153 secs] [Times: user=0.24 sys=0.00, real=0.05 secs] 
4401.923: [GC (Allocation Failure) [PSYoungGen: 363696K->139568K(465920K)] 1129209K->946642K(1864192K), 0.1379845 secs] [Times: user=0.76 sys=0.00, real=0.14 secs] 
4402.265: [GC (Allocation Failure) [PSYoungGen: 372528K->178293K(465920K)] 1179602K->1029771K(1864192K), 0.0394288 secs] [Times: user=0.18 sys=0.00, real=0.04 secs] 
4402.450: [GC (Allocation Failure) [PSYoungGen: 411253K->182166K(465920K)] 1262731K->1095900K(1864192K), 0.0641816 secs] [Times: user=0.32 sys=0.00, real=0.06 secs] 
4402.656: [GC (Allocation Failure) [PSYoungGen: 415126K->186517K(465920K)] 1328860K->1157923K(1864192K), 0.0633982 secs] [Times: user=0.32 sys=0.01, real=0.07 secs] 
4403.792: [GC (Allocation Failure) [PSYoungGen: 419477K->91402K(465920K)] 1390883K->1133209K(1864192K), 0.0714388 secs] [Times: user=0.38 sys=0.00, real=0.07 secs] 
4404.713: [GC (Allocation Failure) [PSYoungGen: 324362K->174133K(465920K)] 1366169K->1244744K(1864192K), 0.0506543 secs] [Times: user=0.22 sys=0.00, real=0.05 secs] 
4404.984: [GC (Allocation Failure) [PSYoungGen: 407093K->184246K(465920K)] 1477704K->1309689K(1864192K), 0.0533252 secs] [Times: user=0.26 sys=0.00, real=0.05 secs] 
4405.153: [GC (Allocation Failure) [PSYoungGen: 417206K->187093K(465920K)] 1542649K->1368272K(1864192K), 0.0461067 secs] [Times: user=0.21 sys=0.00, real=0.05 secs] 
4406.104: [GC (Allocation Failure) [PSYoungGen: 420053K->138801K(465920K)] 1601232K->1390632K(1864192K), 0.0498565 secs] [Times: user=0.25 sys=0.00, real=0.05 secs] 
4407.552: [GC (Allocation Failure) [PSYoungGen: 371761K->131727K(465920K)] 1623592K->1427583K(1864192K), 0.1445535 secs] [Times: user=0.81 sys=0.00, real=0.14 secs] 
4407.912: [GC (Allocation Failure) [PSYoungGen: 364687K->172884K(465920K)] 1660543K->1510780K(1864192K), 0.0381260 secs] [Times: user=0.17 sys=0.00, real=0.04 secs] 
4407.951: [Full GC (Ergonomics) [PSYoungGen: 172884K->0K(465920K)] [ParOldGen: 1337896K->232016K(1398272K)] 1510780K->232016K(1864192K), [Metaspace: 60458K->60458K(1105920K)], 0.2625406 secs] [Times: user=1.17 sys=0.00, real=0.26 secs] 
4408.342: [GC (Allocation Failure) [PSYoungGen: 232960K->185719K(465920K)] 464976K->417736K(1864192K), 0.0881239 secs] [Times: user=0.46 sys=0.00, real=0.09 secs] 
4408.551: [GC (Allocation Failure) [PSYoungGen: 418679K->186709K(465920K)] 650696K->477774K(1864192K), 0.0572053 secs] [Times: user=0.28 sys=0.00, real=0.05 secs] 
4409.621: [GC (Allocation Failure) [PSYoungGen: 419669K->96763K(465920K)] 710734K->458268K(1864192K), 0.0607844 secs] [Times: user=0.32 sys=0.00, real=0.06 secs] 
4410.278: [GC (Allocation Failure) [PSYoungGen: 329655K->170228K(465920K)] 691160K->562642K(1864192K), 0.0494873 secs] [Times: user=0.22 sys=0.00, real=0.05 secs] 
4410.480: [GC (Allocation Failure) [PSYoungGen: 403188K->181717K(465920K)] 795602K->627103K(1864192K), 0.0441156 secs] [Times: user=0.20 sys=0.00, real=0.04 secs] 
4410.672: [GC (Allocation Failure) [PSYoungGen: 414677K->186645K(465920K)] 860063K->687287K(1864192K), 0.0713709 secs] [Times: user=0.35 sys=0.00, real=0.07 secs] 
4411.649: [GC (Allocation Failure) [PSYoungGen: 419605K->149810K(465920K)] 920247K->720700K(1864192K), 0.0524287 secs] [Times: user=0.26 sys=0.00, real=0.05 secs] 
4412.247: [GC (Allocation Failure) [PSYoungGen: 382770K->123822K(465920K)] 953660K->742352K(1864192K), 0.1743329 secs] [Times: user=0.98 sys=0.00, real=0.18 secs] 
4412.869: [GC (Allocation Failure) [PSYoungGen: 356782K->175028K(465920K)] 975312K->832895K(1864192K), 0.0400326 secs] [Times: user=0.18 sys=0.00, real=0.04 secs] 
4413.076: [GC (Allocation Failure) [PSYoungGen: 407988K->185271K(465920K)] 1065855K->904602K(1864192K), 0.0750677 secs] [Times: user=0.38 sys=0.00, real=0.08 secs] 
4413.287: [GC (Allocation Failure) [PSYoungGen: 418231K->186581K(465920K)] 1137562K->964704K(1864192K), 0.0570067 secs] [Times: user=0.28 sys=0.00, real=0.06 secs] 
4414.484: [GC (Allocation Failure) [PSYoungGen: 419541K->93291K(465920K)] 1197664K->941846K(1864192K), 0.0889290 secs] [Times: user=0.48 sys=0.00, real=0.09 secs] 
4415.631: [GC (Allocation Failure) [PSYoungGen: 326251K->170644K(465920K)] 1174806K->1049012K(1864192K), 0.0558374 secs] [Times: user=0.25 sys=0.00, real=0.05 secs] 
4415.851: [GC (Allocation Failure) [PSYoungGen: 403604K->184310K(465920K)] 1281972K->1116441K(1864192K), 0.0429977 secs] [Times: user=0.19 sys=0.00, real=0.04 secs] 
4416.045: [GC (Allocation Failure) [PSYoungGen: 407602K->174613K(465920K)] 1339733K->1170513K(1864192K), 0.0722580 secs] [Times: user=0.36 sys=0.00, real=0.07 secs] 
4417.046: [GC (Allocation Failure) [PSYoungGen: 407573K->168050K(461824K)] 1403473K->1219454K(1860096K), 0.0550559 secs] [Times: user=0.28 sys=0.00, real=0.06 secs] 
4417.478: [GC (Allocation Failure) [PSYoungGen: 401010K->108445K(463872K)] 1452414K->1224296K(1862144K), 0.0728080 secs] [Times: user=0.38 sys=0.00, real=0.08 secs] 
4417.989: [GC (Allocation Failure) [PSYoungGen: 339344K->175189K(466432K)] 1455195K->1325126K(1864704K), 0.0462097 secs] [Times: user=0.20 sys=0.00, real=0.04 secs] 
4418.159: [GC (Allocation Failure) [PSYoungGen: 408661K->182325K(465920K)] 1558598K->1386918K(1864192K), 0.0450006 secs] [Times: user=0.21 sys=0.00, real=0.04 secs] 
4418.322: [GC (Allocation Failure) [PSYoungGen: 415797K->187029K(465920K)] 1620390K->1447094K(1864192K), 0.0474405 secs] [Times: user=0.22 sys=0.00, real=0.05 secs] 
4419.412: [GC (Allocation Failure) [PSYoungGen: 419989K->99308K(465920K)] 1680054K->1429804K(1864192K), 0.0467926 secs] [Times: user=0.24 sys=0.00, real=0.05 secs] 
4419.459: [Full GC (Ergonomics) [PSYoungGen: 99308K->0K(465920K)] [ParOldGen: 1330496K->91751K(1398272K)] 1429804K->91751K(1864192K), [Metaspace: 60458K->60458K(1105920K)], 0.0430217 secs] [Times: user=0.15 sys=0.00, real=0.04 secs] 
4419.910: [GC (Allocation Failure) [PSYoungGen: 232960K->168564K(465920K)] 324711K->260315K(1864192K), 0.0430394 secs] [Times: user=0.17 sys=0.00, real=0.04 secs] 
4420.135: [GC (Allocation Failure) [PSYoungGen: 401524K->192502K(465920K)] 493275K->337373K(1864192K), 0.0416018 secs] [Times: user=0.19 sys=0.00, real=0.04 secs] 
4420.300: [GC (Allocation Failure) [PSYoungGen: 425462K->185975K(465920K)] 570333K->395206K(1864192K), 0.0488335 secs] [Times: user=0.23 sys=0.00, real=0.05 secs] 
4421.125: [GC (Allocation Failure) [PSYoungGen: 417799K->211123K(465920K)] 627030K->479331K(1864192K), 0.0542363 secs] [Times: user=0.27 sys=0.00, real=0.06 secs] 
4422.180: [GC (Allocation Failure) [PSYoungGen: 444083K->95979K(465920K)] 712291K->430555K(1864192K), 0.0907001 secs] [Times: user=0.49 sys=0.00, real=0.09 secs] 
4422.792: [GC (Allocation Failure) [PSYoungGen: 328939K->180373K(465920K)] 663515K->545754K(1864192K), 0.0419380 secs] [Times: user=0.18 sys=0.00, real=0.04 secs] 
4422.955: [GC (Allocation Failure) [PSYoungGen: 413333K->184886K(465920K)] 778714K->606538K(1864192K), 0.0436015 secs] [Times: user=0.20 sys=0.00, real=0.05 secs] 
4423.116: [GC (Allocation Failure) [PSYoungGen: 417846K->186805K(465920K)] 839498K->664421K(1864192K), 0.0452728 secs] [Times: user=0.20 sys=0.00, real=0.05 secs] 
4424.166: [GC (Allocation Failure) [PSYoungGen: 419765K->97771K(465920K)] 897381K->645740K(1864192K), 0.0440001 secs] [Times: user=0.23 sys=0.00, real=0.05 secs] 
4425.000: [GC (Allocation Failure) [PSYoungGen: 330731K->169428K(465920K)] 878700K->749338K(1864192K), 0.0581230 secs] [Times: user=0.27 sys=0.00, real=0.06 secs] 
4425.252: [GC (Allocation Failure) [PSYoungGen: 402388K->181557K(465920K)] 982298K->814283K(1864192K), 0.0584532 secs] [Times: user=0.28 sys=0.00, real=0.06 secs] 
4425.441: [GC (Allocation Failure) [PSYoungGen: 414517K->186007K(465920K)] 1047243K->882404K(1864192K), 0.0500821 secs] [Times: user=0.24 sys=0.00, real=0.05 secs] 
4425.725: [GC (Allocation Failure) [PSYoungGen: 417914K->216148K(465920K)] 1114311K->971834K(1864192K), 0.0547506 secs] [Times: user=0.27 sys=0.00, real=0.06 secs] 
4426.708: [GC (Allocation Failure) [PSYoungGen: 449108K->88778K(465920K)] 1204794K->913456K(1864192K), 0.0628243 secs] [Times: user=0.34 sys=0.00, real=0.06 secs] 
4427.380: [GC (Allocation Failure) [PSYoungGen: 321738K->177493K(465920K)] 1146416K->1030212K(1864192K), 0.0448124 secs] [Times: user=0.20 sys=0.00, real=0.04 secs] 
4427.600: [GC (Allocation Failure) [PSYoungGen: 410453K->184918K(465920K)] 1263172K->1093112K(1864192K), 0.0584054 secs] [Times: user=0.28 sys=0.00, real=0.06 secs] 
4427.792: [GC (Allocation Failure) [PSYoungGen: 417878K->186933K(465920K)] 1326072K->1151319K(1864192K), 0.0463469 secs] [Times: user=0.22 sys=0.00, real=0.04 secs] 
4428.824: [GC (Allocation Failure) [PSYoungGen: 419893K->102796K(465920K)] 1384279K->1137543K(1864192K), 0.0491862 secs] [Times: user=0.26 sys=0.00, real=0.05 secs] 
4429.678: [GC (Allocation Failure) [PSYoungGen: 335756K->162963K(465920K)] 1370503K->1231027K(1864192K), 0.0892402 secs] [Times: user=0.45 sys=0.00, real=0.08 secs] 
4429.941: [GC (Allocation Failure) [PSYoungGen: 395923K->184214K(465920K)] 1463987K->1303689K(1864192K), 0.0423107 secs] [Times: user=0.19 sys=0.00, real=0.04 secs] 
4430.106: [GC (Allocation Failure) [PSYoungGen: 417174K->184727K(465920K)] 1536649K->1368410K(1864192K), 0.0503905 secs] [Times: user=0.23 sys=0.00, real=0.05 secs] 
4430.273: [GC (Allocation Failure) [PSYoungGen: 417687K->186805K(465920K)] 1601370K->1429024K(1864192K), 0.0566236 secs] [Times: user=0.28 sys=0.00, real=0.06 secs] 
4432.273: [GC (GCLocker Initiated GC) [PSYoungGen: 419765K->84233K(465920K)] 1661985K->1396941K(1864192K), 0.1098883 secs] [Times: user=0.61 sys=0.00, real=0.11 secs] 
4432.383: [Full GC (Ergonomics) [PSYoungGen: 84233K->0K(465920K)] [ParOldGen: 1312708K->100695K(1398272K)] 1396941K->100695K(1864192K), [Metaspace: 60458K->60458K(1105920K)], 0.1535325 secs] [Times: user=0.67 sys=0.00, real=0.15 secs] 
4433.288: [GC (Allocation Failure) [PSYoungGen: 232960K->176021K(465920K)] 333658K->276719K(1864192K), 0.0334497 secs] [Times: user=0.13 sys=0.00, real=0.04 secs] 
4433.514: [GC (Allocation Failure) [PSYoungGen: 408981K->184310K(465920K)] 509679K->340164K(1864192K), 0.0580383 secs] [Times: user=0.27 sys=0.00, real=0.06 secs] 
4433.751: [GC (Allocation Failure) [PSYoungGen: 417270K->186581K(465920K)] 573124K->398227K(1864192K), 0.0595924 secs] [Times: user=0.29 sys=0.00, real=0.06 secs] 
4434.829: [GC (Allocation Failure) [PSYoungGen: 419541K->109453K(465920K)] 631187K->391388K(1864192K), 0.0448782 secs] [Times: user=0.23 sys=0.00, real=0.04 secs] 
4435.217: [GC (GCLocker Initiated GC) [PSYoungGen: 342413K->157715K(465920K)] 624348K->475886K(1864192K), 0.1043724 secs] [Times: user=0.55 sys=0.00, real=0.11 secs] 
4435.541: [GC (Allocation Failure) [PSYoungGen: 390675K->180885K(465920K)] 708849K->548139K(1864192K), 0.0404985 secs] [Times: user=0.18 sys=0.00, real=0.04 secs] 
4435.750: [GC (Allocation Failure) [PSYoungGen: 413845K->185655K(465920K)] 781099K->616285K(1864192K), 0.0776618 secs] [Times: user=0.38 sys=0.00, real=0.07 secs] 
4436.131: [GC (Allocation Failure) [PSYoungGen: 418615K->185909K(465920K)] 849245K->675387K(1864192K), 0.0770006 secs] [Times: user=0.39 sys=0.00, real=0.08 secs] 
4437.613: [GC (Allocation Failure) [PSYoungGen: 418869K->88778K(465920K)] 908347K->648320K(1864192K), 0.1099931 secs] [Times: user=0.51 sys=0.00, real=0.11 secs] 
4438.198: [GC (Allocation Failure) [PSYoungGen: 321738K->177749K(465920K)] 881280K->765584K(1864192K), 0.0436682 secs] [Times: user=0.19 sys=0.00, real=0.05 secs] 
4438.371: [GC (Allocation Failure) [PSYoungGen: 410709K->184950K(465920K)] 998544K->828309K(1864192K), 0.0433486 secs] [Times: user=0.20 sys=0.00, real=0.04 secs] 
4438.526: [GC (Allocation Failure) [PSYoungGen: 417910K->183924K(465920K)] 1061269K->883475K(1864192K), 0.0448632 secs] [Times: user=0.21 sys=0.00, real=0.05 secs] 
4439.536: [GC (Allocation Failure) [PSYoungGen: 416884K->117566K(465920K)] 1116435K->886493K(1864192K), 0.0459667 secs] [Times: user=0.24 sys=0.00, real=0.05 secs] 
4440.961: [GC (Allocation Failure) [PSYoungGen: 350526K->144401K(465920K)] 1119453K->950781K(1864192K), 0.1317717 secs] [Times: user=0.71 sys=0.00, real=0.13 secs] 
4441.285: [GC (Allocation Failure) [PSYoungGen: 377361K->183605K(465920K)] 1183741K->1035245K(1864192K), 0.0396264 secs] [Times: user=0.17 sys=0.00, real=0.04 secs] 
4441.446: [GC (Allocation Failure) [PSYoungGen: 416565K->185815K(465920K)] 1268205K->1101359K(1864192K), 0.0497448 secs] [Times: user=0.23 sys=0.01, real=0.05 secs] 
4441.608: [GC (Allocation Failure) [PSYoungGen: 418775K->182676K(465920K)] 1334319K->1157068K(1864192K), 0.0564034 secs] [Times: user=0.27 sys=0.00, real=0.05 secs] 
4442.726: [GC (Allocation Failure) [PSYoungGen: 415636K->94027K(465920K)] 1390028K->1137547K(1864192K), 0.0669430 secs] [Times: user=0.36 sys=0.00, real=0.07 secs] 
4443.185: [GC (Allocation Failure) [PSYoungGen: 326987K->177845K(465920K)] 1370507K->1251738K(1864192K), 0.0436741 secs] [Times: user=0.19 sys=0.00, real=0.05 secs] 
4443.355: [GC (Allocation Failure) [PSYoungGen: 410805K->181493K(465920K)] 1484698K->1310642K(1864192K), 0.0439107 secs] [Times: user=0.20 sys=0.01, real=0.05 secs] 
4443.516: [GC (Allocation Failure) [PSYoungGen: 414453K->202901K(465920K)] 1543602K->1387322K(1864192K), 0.0464826 secs] [Times: user=0.22 sys=0.00, real=0.05 secs] 
4444.811: [GC (Allocation Failure) [PSYoungGen: 435861K->126351K(465920K)] 1620282K->1381412K(1864192K), 0.0484758 secs] [Times: user=0.24 sys=0.00, real=0.05 secs] 
4445.720: [GC (Allocation Failure) [PSYoungGen: 357544K->141489K(465920K)] 1612605K->1436566K(1864192K), 0.1273160 secs] [Times: user=0.69 sys=0.00, real=0.12 secs] 
4446.062: [GC (Allocation Failure) [PSYoungGen: 374449K->175636K(465920K)] 1669526K->1515962K(1864192K), 0.0400092 secs] [Times: user=0.18 sys=0.00, real=0.04 secs] 
4446.102: [Full GC (Ergonomics) [PSYoungGen: 175636K->0K(465920K)] [ParOldGen: 1340325K->238049K(1398272K)] 1515962K->238049K(1864192K), [Metaspace: 60460K->60460K(1105920K)], 0.2844488 secs] [Times: user=1.27 sys=0.00, real=0.28 secs] 
4446.521: [GC (Allocation Failure) [PSYoungGen: 232960K->185815K(465920K)] 471009K->423864K(1864192K), 0.0789820 secs] [Times: user=0.40 sys=0.01, real=0.08 secs] 
4446.715: [GC (Allocation Failure) [PSYoungGen: 418775K->186389K(465920K)] 656824K->483462K(1864192K), 0.0574073 secs] [Times: user=0.28 sys=0.00, real=0.06 secs] 
4448.219: [GC (Allocation Failure) [PSYoungGen: 419349K->89514K(465920K)] 716422K->456844K(1864192K), 0.1017287 secs] [Times: user=0.56 sys=0.00, real=0.10 secs] 
4449.461: [GC (Allocation Failure) [PSYoungGen: 322474K->172244K(465920K)] 689804K->568627K(1864192K), 0.0504851 secs] [Times: user=0.22 sys=0.00, real=0.05 secs] 
4449.673: [GC (Allocation Failure) [PSYoungGen: 405204K->184694K(465920K)] 801587K->635104K(1864192K), 0.0426569 secs] [Times: user=0.19 sys=0.00, real=0.04 secs] 
4449.833: [GC (Allocation Failure) [PSYoungGen: 417654K->187349K(465920K)] 868064K->693728K(1864192K), 0.0458429 secs] [Times: user=0.22 sys=0.00, real=0.05 secs] 
4450.806: [GC (Allocation Failure) [PSYoungGen: 420309K->138609K(465920K)] 926688K->715675K(1864192K), 0.0498745 secs] [Times: user=0.25 sys=0.00, real=0.05 secs] 
4451.281: [GC (Allocation Failure) [PSYoungGen: 371569K->134656K(465920K)] 948635K->755722K(1864192K), 0.0892831 secs] [Times: user=0.49 sys=0.00, real=0.09 secs] 
4451.495: [GC (Allocation Failure) [PSYoungGen: 367616K->172436K(465920K)] 988682K->836391K(1864192K), 0.0375897 secs] [Times: user=0.16 sys=0.00, real=0.04 secs] 
4451.708: [GC (Allocation Failure) [PSYoungGen: 405396K->185271K(465920K)] 1069351K->910458K(1864192K), 0.0581403 secs] [Times: user=0.28 sys=0.00, real=0.06 secs] 
4451.886: [GC (Allocation Failure) [PSYoungGen: 418231K->186069K(465920K)] 1143418K->969848K(1864192K), 0.0569665 secs] [Times: user=0.28 sys=0.00, real=0.06 secs] 
4453.086: [GC (Allocation Failure) [PSYoungGen: 419029K->93899K(465920K)] 1202808K->947978K(1864192K), 0.0521764 secs] [Times: user=0.27 sys=0.01, real=0.05 secs] 
4453.848: [GC (Allocation Failure) [PSYoungGen: 326859K->174165K(465920K)] 1180938K->1057809K(1864192K), 0.0479543 secs] [Times: user=0.20 sys=0.01, real=0.05 secs] 
4454.046: [GC (Allocation Failure) [PSYoungGen: 407125K->184470K(465920K)] 1290769K->1123006K(1864192K), 0.0433439 secs] [Times: user=0.20 sys=0.00, real=0.05 secs] 
4454.205: [GC (Allocation Failure) [PSYoungGen: 417430K->186933K(465920K)] 1355966K->1181309K(1864192K), 0.0458494 secs] [Times: user=0.22 sys=0.00, real=0.05 secs] 
4455.160: [GC (Allocation Failure) [PSYoungGen: 419893K->145074K(465920K)] 1414269K->1210002K(1864192K), 0.0508653 secs] [Times: user=0.25 sys=0.01, real=0.05 secs] 
4456.293: [GC (GCLocker Initiated GC) [PSYoungGen: 378034K->125551K(465920K)] 1442962K->1236423K(1864192K), 0.1177115 secs] [Times: user=0.65 sys=0.00, real=0.12 secs] 
4456.617: [GC (Allocation Failure) [PSYoungGen: 358511K->175988K(465920K)] 1469386K->1327129K(1864192K), 0.0384866 secs] [Times: user=0.17 sys=0.00, real=0.04 secs] 
4456.783: [GC (Allocation Failure) [PSYoungGen: 408948K->185527K(465920K)] 1560089K->1398515K(1864192K), 0.0513254 secs] [Times: user=0.24 sys=0.00, real=0.05 secs] 
4457.000: [GC (Allocation Failure) [PSYoungGen: 418383K->186101K(465920K)] 1631372K->1458009K(1864192K), 0.0840073 secs] [Times: user=0.43 sys=0.00, real=0.08 secs] 
4458.152: [GC (Allocation Failure) [PSYoungGen: 419061K->94203K(465920K)] 1690969K->1436336K(1864192K), 0.0509227 secs] [Times: user=0.26 sys=0.00, real=0.05 secs] 
4458.203: [Full GC (Ergonomics) [PSYoungGen: 94203K->0K(465920K)] [ParOldGen: 1342132K->94269K(1398272K)] 1436336K->94269K(1864192K), [Metaspace: 60460K->60460K(1105920K)], 0.0581036 secs] [Times: user=0.18 sys=0.00, real=0.06 secs] 
4458.574: [GC (Allocation Failure) [PSYoungGen: 232960K->173589K(465920K)] 327229K->267858K(1864192K), 0.0243592 secs] [Times: user=0.09 sys=0.01, real=0.03 secs] 
4458.719: [GC (Allocation Failure) [PSYoungGen: 406549K->184342K(465920K)] 500818K->333095K(1864192K), 0.0409006 secs] [Times: user=0.18 sys=0.01, real=0.04 secs] 
4458.899: [GC (Allocation Failure) [PSYoungGen: 417302K->232916K(465920K)] 566055K->438798K(1864192K), 0.0610859 secs] [Times: user=0.29 sys=0.00, real=0.06 secs] 
4459.874: [GC (Allocation Failure) [PSYoungGen: 465876K->152403K(465920K)] 671758K->428228K(1864192K), 0.0502783 secs] [Times: user=0.24 sys=0.00, real=0.05 secs] 
4460.463: [GC (Allocation Failure) [PSYoungGen: 385363K->120830K(465920K)] 661188K->444959K(1864192K), 0.1323766 secs] [Times: user=0.74 sys=0.00, real=0.13 secs] 
4460.946: [GC (Allocation Failure) [PSYoungGen: 353790K->175572K(465920K)] 677919K->538347K(1864192K), 0.0366287 secs] [Times: user=0.16 sys=0.00, real=0.04 secs] 
4461.153: [GC (Allocation Failure) [PSYoungGen: 408532K->185335K(465920K)] 771307K->609949K(1864192K), 0.0710409 secs] [Times: user=0.35 sys=0.00, real=0.07 secs] 
4461.369: [GC (Allocation Failure) [PSYoungGen: 418295K->183412K(465920K)] 842909K->666731K(1864192K), 0.0566070 secs] [Times: user=0.28 sys=0.00, real=0.05 secs] 
4462.531: [GC (Allocation Failure) [PSYoungGen: 416372K->97563K(465920K)] 899691K->650278K(1864192K), 0.0678979 secs] [Times: user=0.35 sys=0.01, real=0.07 secs] 
4463.920: [GC (Allocation Failure) [PSYoungGen: 330523K->168212K(465920K)] 883238K->752267K(1864192K), 0.0610549 secs] [Times: user=0.28 sys=0.00, real=0.06 secs] 
4464.221: [GC (Allocation Failure) [PSYoungGen: 401172K->184438K(465920K)] 985227K->821593K(1864192K), 0.0471715 secs] [Times: user=0.22 sys=0.00, real=0.04 secs] 
4464.425: [GC (Allocation Failure) [PSYoungGen: 408390K->178422K(465920K)] 1045545K->879553K(1864192K), 0.0685328 secs] [Times: user=0.34 sys=0.00, real=0.07 secs] 
4465.368: [GC (Allocation Failure) [PSYoungGen: 411382K->168595K(465920K)] 1112513K->926358K(1864192K), 0.0532123 secs] [Times: user=0.27 sys=0.00, real=0.06 secs] 
4465.809: [GC (Allocation Failure) [PSYoungGen: 401555K->106012K(465920K)] 1159318K->928212K(1864192K), 0.0836155 secs] [Times: user=0.44 sys=0.00, real=0.08 secs] 
4466.273: [GC (Allocation Failure) [PSYoungGen: 338972K->176181K(465920K)] 1161172K->1031873K(1864192K), 0.0350567 secs] [Times: user=0.15 sys=0.01, real=0.03 secs] 
4466.428: [GC (Allocation Failure) [PSYoungGen: 409141K->184438K(465920K)] 1264833K->1095218K(1864192K), 0.0437997 secs] [Times: user=0.20 sys=0.00, real=0.04 secs] 
4466.633: [GC (Allocation Failure) [PSYoungGen: 417398K->186581K(465920K)] 1328178K->1153401K(1864192K), 0.0636513 secs] [Times: user=0.32 sys=0.00, real=0.06 secs] 
4467.647: [GC (Allocation Failure) [PSYoungGen: 419541K->100268K(465920K)] 1386361K->1137448K(1864192K), 0.0449028 secs] [Times: user=0.24 sys=0.00, real=0.05 secs] 
4468.795: [GC (Allocation Failure) [PSYoungGen: 333228K->164307K(465920K)] 1370408K->1233605K(1864192K), 0.0798039 secs] [Times: user=0.38 sys=0.00, real=0.08 secs] 
4469.055: [GC (Allocation Failure) [PSYoungGen: 397267K->184534K(465920K)] 1466565K->1305615K(1864192K), 0.0424421 secs] [Times: user=0.18 sys=0.00, real=0.04 secs] 
4469.221: [GC (Allocation Failure) [PSYoungGen: 417494K->185943K(465920K)] 1538575K->1371144K(1864192K), 0.0503457 secs] [Times: user=0.24 sys=0.00, real=0.05 secs] 
4470.032: [GC (Allocation Failure) [PSYoungGen: 416791K->214196K(465920K)] 1601992K->1458477K(1864192K), 0.0579697 secs] [Times: user=0.29 sys=0.00, real=0.06 secs] 
4471.203: [GC (GCLocker Initiated GC) [PSYoungGen: 447156K->91178K(465920K)] 1691438K->1402904K(1864192K), 0.0676415 secs] [Times: user=0.36 sys=0.00, real=0.07 secs] 
4472.023: [GC (Allocation Failure) [PSYoungGen: 324138K->179413K(465920K)] 1636031K->1520095K(1864192K), 0.0437562 secs] [Times: user=0.19 sys=0.00, real=0.04 secs] 
4472.067: [Full GC (Ergonomics) [PSYoungGen: 179413K->0K(465920K)] [ParOldGen: 1340681K->225503K(1398272K)] 1520095K->225503K(1864192K), [Metaspace: 60460K->60460K(1105920K)], 0.2462554 secs] [Times: user=1.10 sys=0.00, real=0.25 secs] 
4472.439: [GC (Allocation Failure) [PSYoungGen: 232960K->184758K(465920K)] 458463K->410261K(1864192K), 0.0263922 secs] [Times: user=0.09 sys=0.00, real=0.02 secs] 
4472.617: [GC (Allocation Failure) [PSYoungGen: 417718K->186773K(465920K)] 643221K->468284K(1864192K), 0.0458763 secs] [Times: user=0.21 sys=0.00, real=0.05 secs] 
4473.596: [GC (Allocation Failure) [PSYoungGen: 419733K->102012K(465920K)] 701244K->453955K(1864192K), 0.0439520 secs] [Times: user=0.23 sys=0.00, real=0.05 secs] 
4474.343: [GC (Allocation Failure) [PSYoungGen: 334972K->164243K(465920K)] 686915K->548871K(1864192K), 0.0751145 secs] [Times: user=0.38 sys=0.00, real=0.08 secs] 
4474.584: [GC (Allocation Failure) [PSYoungGen: 397203K->184822K(465920K)] 781831K->620994K(1864192K), 0.0429280 secs] [Times: user=0.20 sys=0.00, real=0.04 secs] 
4474.746: [GC (Allocation Failure) [PSYoungGen: 417782K->185943K(465920K)] 853954K->686435K(1864192K), 0.0510818 secs] [Times: user=0.24 sys=0.00, real=0.05 secs] 
4474.912: [GC (Allocation Failure) [PSYoungGen: 418903K->183764K(465920K)] 919395K->743249K(1864192K), 0.0547754 secs] [Times: user=0.27 sys=0.00, real=0.05 secs] 
4476.072: [GC (Allocation Failure) [PSYoungGen: 416724K->90378K(465920K)] 976209K->719054K(1864192K), 0.0682225 secs] [Times: user=0.36 sys=0.01, real=0.07 secs] 
4476.562: [GC (Allocation Failure) [PSYoungGen: 323338K->179605K(465920K)] 952014K->836786K(1864192K), 0.0436559 secs] [Times: user=0.18 sys=0.00, real=0.04 secs] 
4476.730: [GC (Allocation Failure) [PSYoungGen: 412565K->184182K(465920K)] 1069746K->897731K(1864192K), 0.0445336 secs] [Times: user=0.21 sys=0.00, real=0.04 secs] 
4476.892: [GC (Allocation Failure) [PSYoungGen: 417142K->186517K(465920K)] 1130691K->955858K(1864192K), 0.0462090 secs] [Times: user=0.22 sys=0.00, real=0.05 secs] 
4477.913: [GC (Allocation Failure) [PSYoungGen: 419477K->102652K(465920K)] 1188818K->942313K(1864192K), 0.0464092 secs] [Times: user=0.24 sys=0.00, real=0.05 secs] 
4478.562: [GC (Allocation Failure) [PSYoungGen: 335612K->168020K(465920K)] 1175273K->1040910K(1864192K), 0.0632100 secs] [Times: user=0.31 sys=0.00, real=0.06 secs] 
4478.790: [GC (Allocation Failure) [PSYoungGen: 400980K->181813K(465920K)] 1273870K->1107247K(1864192K), 0.0543601 secs] [Times: user=0.25 sys=0.00, real=0.05 secs] 
4478.981: [GC (Allocation Failure) [PSYoungGen: 414773K->185719K(465920K)] 1340207K->1174825K(1864192K), 0.0502103 secs] [Times: user=0.24 sys=0.00, real=0.05 secs] 
4479.153: [GC (Allocation Failure) [PSYoungGen: 418679K->186517K(465920K)] 1407785K->1234695K(1864192K), 0.0547210 secs] [Times: user=0.27 sys=0.00, real=0.05 secs] 
4481.069: [GC (Allocation Failure) [PSYoungGen: 419477K->84890K(465920K)] 1467655K->1203420K(1864192K), 0.1105288 secs] [Times: user=0.61 sys=0.00, real=0.11 secs] 
4481.754: [GC (Allocation Failure) [PSYoungGen: 317850K->175861K(465920K)] 1436380K->1321796K(1864192K), 0.0443375 secs] [Times: user=0.19 sys=0.00, real=0.04 secs] 
4481.926: [GC (Allocation Failure) [PSYoungGen: 408821K->184502K(465920K)] 1554756K->1384877K(1864192K), 0.0445953 secs] [Times: user=0.19 sys=0.00, real=0.05 secs] 
4482.087: [GC (Allocation Failure) [PSYoungGen: 417462K->186741K(465920K)] 1617837K->1443012K(1864192K), 0.0468561 secs] [Times: user=0.22 sys=0.00, real=0.05 secs] 
4483.139: [GC (Allocation Failure) [PSYoungGen: 419701K->107661K(465920K)] 1675972K->1434320K(1864192K), 0.0468895 secs] [Times: user=0.24 sys=0.00, real=0.04 secs] 
4483.186: [Full GC (Ergonomics) [PSYoungGen: 107661K->0K(465920K)] [ParOldGen: 1326659K->93310K(1398272K)] 1434320K->93310K(1864192K), [Metaspace: 60460K->60460K(1105920K)], 0.0344605 secs] [Times: user=0.11 sys=0.00, real=0.04 secs] 
4483.950: [GC (Allocation Failure) [PSYoungGen: 232960K->161427K(465920K)] 326270K->254737K(1864192K), 0.0383020 secs] [Times: user=0.15 sys=0.00, real=0.03 secs] 
4484.162: [GC (Allocation Failure) [PSYoungGen: 394387K->183701K(465920K)] 487697K->327228K(1864192K), 0.0409211 secs] [Times: user=0.18 sys=0.00, real=0.04 secs] 
4484.345: [GC (Allocation Failure) [PSYoungGen: 416661K->183062K(465920K)] 560188K->390609K(1864192K), 0.0594358 secs] [Times: user=0.29 sys=0.00, real=0.06 secs] 
4484.541: [GC (Allocation Failure) [PSYoungGen: 416022K->186357K(465920K)] 623569K->452247K(1864192K), 0.0548318 secs] [Times: user=0.27 sys=0.00, real=0.05 secs] 
4485.677: [GC (Allocation Failure) [PSYoungGen: 419317K->96171K(465920K)] 685207K->432545K(1864192K), 0.0574517 secs] [Times: user=0.30 sys=0.00, real=0.06 secs] 
4486.188: [GC (Allocation Failure) [PSYoungGen: 329131K->179093K(465920K)] 665505K->545096K(1864192K), 0.0459992 secs] [Times: user=0.21 sys=0.00, real=0.05 secs] 
4486.370: [GC (Allocation Failure) [PSYoungGen: 412053K->184662K(465920K)] 778056K->606877K(1864192K), 0.0434865 secs] [Times: user=0.20 sys=0.01, real=0.04 secs] 
4486.598: [GC (Allocation Failure) [PSYoungGen: 417622K->183636K(465920K)] 839837K->661852K(1864192K), 0.0617068 secs] [Times: user=0.31 sys=0.00, real=0.07 secs] 
4487.687: [GC (Allocation Failure) [PSYoungGen: 416596K->109149K(465920K)] 894812K->656536K(1864192K), 0.0459311 secs] [Times: user=0.23 sys=0.00, real=0.05 secs] 
4488.513: [GC (Allocation Failure) [PSYoungGen: 342109K->161011K(465920K)] 889496K->744047K(1864192K), 0.0773343 secs] [Times: user=0.39 sys=0.00, real=0.08 secs] 
4488.719: [GC (Allocation Failure) [PSYoungGen: 393971K->181397K(465920K)] 977007K->814693K(1864192K), 0.0408086 secs] [Times: user=0.18 sys=0.00, real=0.04 secs] 
4488.883: [GC (Allocation Failure) [PSYoungGen: 414357K->186071K(465920K)] 1047653K->882851K(1864192K), 0.0498005 secs] [Times: user=0.23 sys=0.00, real=0.05 secs] 
4489.054: [GC (Allocation Failure) [PSYoungGen: 419031K->186325K(465920K)] 1115811K->942089K(1864192K), 0.0572084 secs] [Times: user=0.28 sys=0.00, real=0.06 secs] 
4490.156: [GC (Allocation Failure) [PSYoungGen: 419285K->86346K(465920K)] 1175049K->912302K(1864192K), 0.0405962 secs] [Times: user=0.21 sys=0.00, real=0.04 secs] 
4490.495: [GC (Allocation Failure) [PSYoungGen: 319306K->181654K(465920K)] 1145262K->1035130K(1864192K), 0.0344454 secs] [Times: user=0.14 sys=0.00, real=0.04 secs] 
4490.680: [GC (Allocation Failure) [PSYoungGen: 414614K->184630K(465920K)] 1268090K->1094706K(1864192K), 0.0557532 secs] [Times: user=0.27 sys=0.00, real=0.05 secs] 
4490.866: [GC (Allocation Failure) [PSYoungGen: 417590K->186709K(465920K)] 1327666K->1152961K(1864192K), 0.0464944 secs] [Times: user=0.22 sys=0.00, real=0.05 secs] 
4492.137: [GC (Allocation Failure) [PSYoungGen: 419669K->109197K(465920K)] 1385921K->1145802K(1864192K), 0.0468531 secs] [Times: user=0.24 sys=0.00, real=0.05 secs] 
4493.108: [GC (Allocation Failure) [PSYoungGen: 342157K->152850K(465920K)] 1378762K->1225072K(1864192K), 0.1091007 secs] [Times: user=0.57 sys=0.00, real=0.10 secs] 
4493.450: [GC (Allocation Failure) [PSYoungGen: 385810K->183957K(465920K)] 1458032K->1303635K(1864192K), 0.0447618 secs] [Times: user=0.20 sys=0.00, real=0.04 secs] 
4493.616: [GC (Allocation Failure) [PSYoungGen: 416917K->186039K(465920K)] 1536595K->1369953K(1864192K), 0.0509518 secs] [Times: user=0.23 sys=0.00, real=0.05 secs] 
4493.780: [GC (Allocation Failure) [PSYoungGen: 418999K->186581K(465920K)] 1602913K->1429711K(1864192K), 0.0575057 secs] [Times: user=0.28 sys=0.00, real=0.05 secs] 
4495.996: [GC (Allocation Failure) [PSYoungGen: 419541K->84170K(465920K)] 1662671K->1397615K(1864192K), 0.1203573 secs] [Times: user=0.67 sys=0.00, real=0.12 secs] 
4496.116: [Full GC (Ergonomics) [PSYoungGen: 84170K->0K(465920K)] [ParOldGen: 1313445K->95888K(1398272K)] 1397615K->95888K(1864192K), [Metaspace: 60467K->60467K(1105920K)], 0.1379070 secs] [Times: user=0.58 sys=0.00, real=0.14 secs] 
4496.825: [GC (Allocation Failure) [PSYoungGen: 232960K->175637K(465920K)] 328848K->271525K(1864192K), 0.0298226 secs] [Times: user=0.11 sys=0.00, real=0.03 secs] 
4496.983: [GC (Allocation Failure) [PSYoungGen: 408597K->184694K(465920K)] 504485K->335458K(1864192K), 0.0425354 secs] [Times: user=0.19 sys=0.00, real=0.04 secs] 
4497.144: [GC (Allocation Failure) [PSYoungGen: 417654K->187061K(465920K)] 568418K->393889K(1864192K), 0.0448456 secs] [Times: user=0.20 sys=0.00, real=0.05 secs] 
4498.143: [GC (Allocation Failure) [PSYoungGen: 420021K->121103K(465920K)] 626849K->398475K(1864192K), 0.0463081 secs] [Times: user=0.23 sys=0.00, real=0.05 secs] 
4498.605: [GC (Allocation Failure) [PSYoungGen: 354063K->145649K(465920K)] 631435K->461286K(1864192K), 0.0723540 secs] [Times: user=0.38 sys=0.00, real=0.07 secs] 
4498.837: [GC (Allocation Failure) [PSYoungGen: 378609K->183701K(465920K)] 694246K->545315K(1864192K), 0.0541816 secs] [Times: user=0.25 sys=0.00, real=0.06 secs] 
4499.020: [GC (Allocation Failure) [PSYoungGen: 416661K->183991K(465920K)] 778275K->609468K(1864192K), 0.0511937 secs] [Times: user=0.24 sys=0.00, real=0.05 secs] 
4499.188: [GC (Allocation Failure) [PSYoungGen: 416951K->187029K(465920K)] 842428K->671075K(1864192K), 0.0626026 secs] [Times: user=0.28 sys=0.00, real=0.06 secs] 
4500.211: [GC (Allocation Failure) [PSYoungGen: 419989K->91067K(465920K)] 904035K->645672K(1864192K), 0.0433960 secs] [Times: user=0.23 sys=0.00, real=0.04 secs] 
4500.784: [GC (Allocation Failure) [PSYoungGen: 324027K->174645K(465920K)] 878632K->758731K(1864192K), 0.0474435 secs] [Times: user=0.21 sys=0.00, real=0.05 secs] 
4500.984: [GC (Allocation Failure) [PSYoungGen: 407605K->184278K(465920K)] 991691K->822915K(1864192K), 0.0432020 secs] [Times: user=0.20 sys=0.00, real=0.04 secs] 
4501.144: [GC (Allocation Failure) [PSYoungGen: 417238K->186773K(465920K)] 1055875K->881291K(1864192K), 0.0460991 secs] [Times: user=0.21 sys=0.00, real=0.05 secs] 
4502.132: [GC (Allocation Failure) [PSYoungGen: 419733K->125935K(465920K)] 1114251K->891109K(1864192K), 0.0479781 secs] [Times: user=0.25 sys=0.01, real=0.05 secs] 
4503.229: [GC (Allocation Failure) [PSYoungGen: 358306K->141153K(465920K)] 1123480K->946127K(1864192K), 0.0893994 secs] [Times: user=0.48 sys=0.00, real=0.09 secs] 
4503.500: [GC (Allocation Failure) [PSYoungGen: 374113K->175892K(465920K)] 1179087K->1026187K(1864192K), 0.0389345 secs] [Times: user=0.17 sys=0.00, real=0.04 secs] 
4503.662: [GC (Allocation Failure) [PSYoungGen: 408852K->185783K(465920K)] 1259147K->1105846K(1864192K), 0.0497072 secs] [Times: user=0.24 sys=0.00, real=0.05 secs] 
4503.856: [GC (Allocation Failure) [PSYoungGen: 418743K->186389K(465920K)] 1338806K->1165492K(1864192K), 0.0805414 secs] [Times: user=0.41 sys=0.00, real=0.08 secs] 
4505.479: [GC (Allocation Failure) [PSYoungGen: 419349K->90106K(465920K)] 1398452K->1139601K(1864192K), 0.1281405 secs] [Times: user=0.71 sys=0.00, real=0.12 secs] 
4505.918: [GC (Allocation Failure) [PSYoungGen: 323066K->177781K(465920K)] 1372561K->1256233K(1864192K), 0.0335216 secs] [Times: user=0.14 sys=0.00, real=0.04 secs] 
4506.071: [GC (Allocation Failure) [PSYoungGen: 410741K->184822K(465920K)] 1489193K->1318701K(1864192K), 0.0450300 secs] [Times: user=0.20 sys=0.00, real=0.04 secs] 
4506.231: [GC (Allocation Failure) [PSYoungGen: 417782K->186645K(465920K)] 1551661K->1376717K(1864192K), 0.0469786 secs] [Times: user=0.22 sys=0.00, real=0.04 secs] 
4507.198: [GC (Allocation Failure) [PSYoungGen: 419605K->132528K(465920K)] 1609677K->1392904K(1864192K), 0.0499996 secs] [Times: user=0.24 sys=0.00, real=0.05 secs] 
4507.718: [GC (Allocation Failure) [PSYoungGen: 365488K->134864K(465920K)] 1625864K->1437132K(1864192K), 0.0900577 secs] [Times: user=0.49 sys=0.00, real=0.09 secs] 
4507.975: [GC (Allocation Failure) [PSYoungGen: 367824K->186549K(465920K)] 1670092K->1531510K(1864192K), 0.0393364 secs] [Times: user=0.18 sys=0.00, real=0.04 secs] 
4508.014: [Full GC (Ergonomics) [PSYoungGen: 186549K->0K(465920K)] [ParOldGen: 1344960K->238052K(1398272K)] 1531510K->238052K(1864192K), [Metaspace: 60467K->60467K(1105920K)], 0.2815225 secs] [Times: user=1.28 sys=0.00, real=0.28 secs] 
4508.416: [GC (Allocation Failure) [PSYoungGen: 232960K->185463K(465920K)] 471012K->423515K(1864192K), 0.0889443 secs] [Times: user=0.47 sys=0.00, real=0.09 secs] 
4508.679: [GC (Allocation Failure) [PSYoungGen: 418423K->186101K(465920K)] 656475K->482953K(1864192K), 0.0588961 secs] [Times: user=0.29 sys=0.00, real=0.05 secs] 
4509.893: [GC (Allocation Failure) [PSYoungGen: 419061K->88890K(465920K)] 715913K->455951K(1864192K), 0.0620570 secs] [Times: user=0.33 sys=0.00, real=0.06 secs] 
4510.900: [GC (Allocation Failure) [PSYoungGen: 321850K->174037K(465920K)] 688911K->569510K(1864192K), 0.0485247 secs] [Times: user=0.20 sys=0.01, real=0.05 secs] 
4511.102: [GC (Allocation Failure) [PSYoungGen: 406997K->184534K(465920K)] 802470K->634163K(1864192K), 0.0430906 secs] [Times: user=0.19 sys=0.00, real=0.04 secs] 
4511.260: [GC (Allocation Failure) [PSYoungGen: 417494K->187189K(465920K)] 867123K->692794K(1864192K), 0.0459092 secs] [Times: user=0.21 sys=0.00, real=0.04 secs] 
4512.232: [GC (Allocation Failure) [PSYoungGen: 420149K->142385K(465920K)] 925754K->718535K(1864192K), 0.0501611 secs] [Times: user=0.25 sys=0.00, real=0.05 secs] 
4513.670: [GC (Allocation Failure) [PSYoungGen: 375345K->124974K(465920K)] 951495K->746156K(1864192K), 0.1410980 secs] [Times: user=0.79 sys=0.00, real=0.14 secs] 
4514.016: [GC (Allocation Failure) [PSYoungGen: 357934K->179061K(465920K)] 979116K->839699K(1864192K), 0.0377607 secs] [Times: user=0.16 sys=0.00, real=0.04 secs] 
4514.216: [GC (Allocation Failure) [PSYoungGen: 412021K->182742K(465920K)] 1072659K->905781K(1864192K), 0.0754513 secs] [Times: user=0.38 sys=0.00, real=0.08 secs] 
4514.435: [GC (Allocation Failure) [PSYoungGen: 415702K->186389K(465920K)] 1138741K->967139K(1864192K), 0.0577690 secs] [Times: user=0.29 sys=0.00, real=0.06 secs] 
4515.520: [GC (Allocation Failure) [PSYoungGen: 419349K->94475K(465920K)] 1200099K->945725K(1864192K), 0.0545733 secs] [Times: user=0.29 sys=0.00, real=0.05 secs] 
4516.193: [GC (Allocation Failure) [PSYoungGen: 327435K->170740K(465920K)] 1178685K->1052696K(1864192K), 0.0570791 secs] [Times: user=0.26 sys=0.00, real=0.06 secs] 
4516.473: [GC (Allocation Failure) [PSYoungGen: 403700K->184117K(465920K)] 1285656K->1119521K(1864192K), 0.0568625 secs] [Times: user=0.27 sys=0.00, real=0.06 secs] 
4516.648: [GC (Allocation Failure) [PSYoungGen: 417077K->220629K(465920K)] 1352481K->1212140K(1864192K), 0.0467344 secs] [Times: user=0.21 sys=0.00, real=0.05 secs] 
4517.569: [GC (Allocation Failure) [PSYoungGen: 453589K->152531K(465920K)] 1445100K->1214802K(1864192K), 0.0515845 secs] [Times: user=0.25 sys=0.00, real=0.05 secs] 
4519.227: [GC (Allocation Failure) [PSYoungGen: 385491K->112621K(465920K)] 1447762K->1223117K(1864192K), 0.1746397 secs] [Times: user=0.99 sys=0.00, real=0.18 secs] 
4519.696: [GC (Allocation Failure) [PSYoungGen: 345581K->176308K(465920K)] 1456077K->1323029K(1864192K), 0.0410410 secs] [Times: user=0.15 sys=0.01, real=0.04 secs] 
4519.864: [GC (Allocation Failure) [PSYoungGen: 409268K->185111K(465920K)] 1555989K->1393663K(1864192K), 0.0493136 secs] [Times: user=0.23 sys=0.00, real=0.05 secs] 
4520.072: [GC (Allocation Failure) [PSYoungGen: 418071K->186741K(465920K)] 1626623K->1454093K(1864192K), 0.0828921 secs] [Times: user=0.43 sys=0.00, real=0.08 secs] 
4521.158: [GC (Allocation Failure) [PSYoungGen: 419701K->96731K(465920K)] 1687053K->1434524K(1864192K), 0.0569996 secs] [Times: user=0.31 sys=0.00, real=0.05 secs] 
4521.215: [Full GC (Ergonomics) [PSYoungGen: 96731K->0K(465920K)] [ParOldGen: 1337792K->93131K(1398272K)] 1434524K->93131K(1864192K), [Metaspace: 60467K->60467K(1105920K)], 0.0478635 secs] [Times: user=0.16 sys=0.00, real=0.05 secs] 
4522.264: [GC (Allocation Failure) [PSYoungGen: 232960K->166804K(465920K)] 326091K->259935K(1864192K), 0.0362477 secs] [Times: user=0.14 sys=0.00, real=0.04 secs] 
4522.465: [GC (Allocation Failure) [PSYoungGen: 399764K->181205K(465920K)] 492895K->326201K(1864192K), 0.0414463 secs] [Times: user=0.18 sys=0.00, real=0.04 secs] 
4522.630: [GC (Allocation Failure) [PSYoungGen: 414165K->185815K(465920K)] 559161K->394163K(1864192K), 0.0488738 secs] [Times: user=0.22 sys=0.00, real=0.05 secs] 
4523.522: [GC (Allocation Failure) [PSYoungGen: 418775K->169683K(465920K)] 627123K->437095K(1864192K), 0.0532409 secs] [Times: user=0.26 sys=0.00, real=0.05 secs] 
4524.011: [GC (Allocation Failure) [PSYoungGen: 402643K->108557K(465920K)] 670055K->440896K(1864192K), 0.0471133 secs] [Times: user=0.24 sys=0.00, real=0.05 secs] 
4524.728: [GC (Allocation Failure) [PSYoungGen: 335062K->174997K(465920K)] 667402K->541205K(1864192K), 0.0423779 secs] [Times: user=0.19 sys=0.00, real=0.05 secs] 
4524.888: [GC (Allocation Failure) [PSYoungGen: 407957K->184982K(465920K)] 774165K->605914K(1864192K), 0.0429391 secs] [Times: user=0.20 sys=0.00, real=0.05 secs] 
4525.044: [GC (Allocation Failure) [PSYoungGen: 417942K->186805K(465920K)] 838874K->663850K(1864192K), 0.0453197 secs] [Times: user=0.21 sys=0.00, real=0.05 secs] 
4526.119: [GC (Allocation Failure) [PSYoungGen: 419765K->96379K(465920K)] 896810K->643880K(1864192K), 0.0442539 secs] [Times: user=0.23 sys=0.00, real=0.04 secs] 
4527.044: [GC (Allocation Failure) [PSYoungGen: 329339K->167796K(465920K)] 876840K->746357K(1864192K), 0.0796343 secs] [Times: user=0.38 sys=0.01, real=0.08 secs] 
4527.351: [GC (Allocation Failure) [PSYoungGen: 400756K->184342K(465920K)] 979317K->815711K(1864192K), 0.0446205 secs] [Times: user=0.21 sys=0.00, real=0.04 secs] 
4527.520: [GC (Allocation Failure) [PSYoungGen: 417302K->183318K(465920K)] 1048671K->878960K(1864192K), 0.0494440 secs] [Times: user=0.23 sys=0.00, real=0.05 secs] 
4528.228: [GC (Allocation Failure) [PSYoungGen: 416278K->219444K(465920K)] 1111920K->972990K(1864192K), 0.0526814 secs] [Times: user=0.25 sys=0.00, real=0.06 secs] 
4529.485: [GC (Allocation Failure) [PSYoungGen: 452404K->91178K(465920K)] 1205950K->912500K(1864192K), 0.1033468 secs] [Times: user=0.57 sys=0.00, real=0.11 secs] 
4529.923: [GC (Allocation Failure) [PSYoungGen: 324138K->183158K(465920K)] 1145460K->1033981K(1864192K), 0.0370312 secs] [Times: user=0.14 sys=0.00, real=0.04 secs] 
4530.081: [GC (Allocation Failure) [PSYoungGen: 416118K->181941K(465920K)] 1266941K->1089484K(1864192K), 0.0436436 secs] [Times: user=0.19 sys=0.00, real=0.04 secs] 
4530.281: [GC (Allocation Failure) [PSYoungGen: 414901K->186517K(465920K)] 1322444K->1149524K(1864192K), 0.0679226 secs] [Times: user=0.34 sys=0.00, real=0.07 secs] 
4531.365: [GC (Allocation Failure) [PSYoungGen: 419477K->101756K(465920K)] 1382484K->1135071K(1864192K), 0.0452732 secs] [Times: user=0.23 sys=0.00, real=0.05 secs] 
4531.888: [GC (Allocation Failure) [PSYoungGen: 334716K->165683K(465920K)] 1368031K->1232067K(1864192K), 0.0742465 secs] [Times: user=0.37 sys=0.00, real=0.08 secs] 
4532.118: [GC (Allocation Failure) [PSYoungGen: 398643K->184470K(465920K)] 1465027K->1302677K(1864192K), 0.0422676 secs] [Times: user=0.19 sys=0.00, real=0.05 secs] 
4532.278: [GC (Allocation Failure) [PSYoungGen: 417430K->183062K(465920K)] 1535637K->1365486K(1864192K), 0.0498072 secs] [Times: user=0.24 sys=0.00, real=0.05 secs] 
4532.446: [GC (Allocation Failure) [PSYoungGen: 416022K->186613K(465920K)] 1598446K->1427381K(1864192K), 0.0543499 secs] [Times: user=0.26 sys=0.01, real=0.06 secs] 
4533.841: [GC (GCLocker Initiated GC) [PSYoungGen: 419573K->88906K(465920K)] 1660341K->1400250K(1864192K), 0.0644747 secs] [Times: user=0.35 sys=0.00, real=0.06 secs] 
4533.905: [Full GC (Ergonomics) [PSYoungGen: 88906K->0K(465920K)] [ParOldGen: 1311343K->106245K(1398272K)] 1400250K->106245K(1864192K), [Metaspace: 60467K->60467K(1105920K)], 0.1253822 secs] [Times: user=0.54 sys=0.00, real=0.13 secs] 
4534.514: [GC (Allocation Failure) [PSYoungGen: 232960K->183861K(465920K)] 339243K->290145K(1864192K), 0.0267292 secs] [Times: user=0.10 sys=0.00, real=0.03 secs] 
4534.661: [GC (Allocation Failure) [PSYoungGen: 416821K->184662K(465920K)] 523105K->347314K(1864192K), 0.0412148 secs] [Times: user=0.19 sys=0.00, real=0.04 secs] 
4534.883: [GC (Allocation Failure) [PSYoungGen: 417622K->186485K(465920K)] 580274K->404913K(1864192K), 0.0669023 secs] [Times: user=0.33 sys=0.00, real=0.07 secs] 
4535.952: [GC (Allocation Failure) [PSYoungGen: 419445K->101900K(465920K)] 637873K->390660K(1864192K), 0.0442364 secs] [Times: user=0.23 sys=0.00, real=0.04 secs] 
4537.750: [GC (Allocation Failure) [PSYoungGen: 334860K->161075K(465920K)] 623620K->482404K(1864192K), 0.0943821 secs] [Times: user=0.48 sys=0.00, real=0.09 secs] 
4538.057: [GC (Allocation Failure) [PSYoungGen: 394035K->181461K(465920K)] 715364K->553354K(1864192K), 0.0420151 secs] [Times: user=0.19 sys=0.00, real=0.05 secs] 
4538.217: [GC (Allocation Failure) [PSYoungGen: 414421K->182038K(465920K)] 786314K->616875K(1864192K), 0.0487003 secs] [Times: user=0.22 sys=0.00, real=0.05 secs] 
4538.381: [GC (Allocation Failure) [PSYoungGen: 414998K->186805K(465920K)] 849835K->679538K(1864192K), 0.0561064 secs] [Times: user=0.27 sys=0.00, real=0.05 secs] 
4539.491: [GC (Allocation Failure) [PSYoungGen: 419765K->89994K(465920K)] 912498K->653207K(1864192K), 0.0738683 secs] [Times: user=0.40 sys=0.00, real=0.07 secs] 
4539.951: [GC (Allocation Failure) [PSYoungGen: 322954K->182038K(465920K)] 886167K->774007K(1864192K), 0.0409346 secs] [Times: user=0.18 sys=0.00, real=0.04 secs] 
4540.111: [GC (Allocation Failure) [PSYoungGen: 414998K->184694K(465920K)] 1006967K->833467K(1864192K), 0.0442469 secs] [Times: user=0.20 sys=0.00, real=0.04 secs] 
4540.314: [GC (Allocation Failure) [PSYoungGen: 417587K->186293K(465920K)] 1066360K->890962K(1864192K), 0.0511012 secs] [Times: user=0.24 sys=0.00, real=0.05 secs] 
4541.573: [GC (Allocation Failure) [PSYoungGen: 419253K->106509K(465920K)] 1123922K->881466K(1864192K), 0.0458429 secs] [Times: user=0.23 sys=0.00, real=0.05 secs] 
4542.694: [GC (Allocation Failure) [PSYoungGen: 339469K->156658K(465920K)] 1114426K->966045K(1864192K), 0.0858150 secs] [Times: user=0.44 sys=0.00, real=0.09 secs] 
4542.971: [GC (Allocation Failure) [PSYoungGen: 389618K->184245K(465920K)] 1199005K->1042612K(1864192K), 0.0547909 secs] [Times: user=0.26 sys=0.00, real=0.05 secs] 
4543.150: [GC (Allocation Failure) [PSYoungGen: 417205K->186167K(465920K)] 1275572K->1108785K(1864192K), 0.0501730 secs] [Times: user=0.24 sys=0.00, real=0.05 secs] 
4543.337: [GC (Allocation Failure) [PSYoungGen: 419127K->183636K(465920K)] 1341745K->1165307K(1864192K), 0.0619405 secs] [Times: user=0.31 sys=0.00, real=0.07 secs] 
4545.346: [GC (Allocation Failure) [PSYoungGen: 416596K->89530K(465920K)] 1398267K->1140549K(1864192K), 0.1259207 secs] [Times: user=0.70 sys=0.00, real=0.13 secs] 
4546.180: [GC (Allocation Failure) [PSYoungGen: 322490K->174357K(465920K)] 1373509K->1253932K(1864192K), 0.0444412 secs] [Times: user=0.19 sys=0.00, real=0.04 secs] 
4546.355: [GC (Allocation Failure) [PSYoungGen: 407317K->184694K(465920K)] 1486892K->1318333K(1864192K), 0.0429723 secs] [Times: user=0.20 sys=0.00, real=0.04 secs] 
4546.512: [GC (Allocation Failure) [PSYoungGen: 417654K->184340K(465920K)] 1551293K->1374012K(1864192K), 0.0455580 secs] [Times: user=0.21 sys=0.00, real=0.04 secs] 
4547.521: [GC (Allocation Failure) [PSYoungGen: 417300K->118830K(465920K)] 1606972K->1377926K(1864192K), 0.0471969 secs] [Times: user=0.24 sys=0.00, real=0.04 secs] 
4547.895: [GC (Allocation Failure) [PSYoungGen: 351790K->151346K(465920K)] 1610886K->1448265K(1864192K), 0.0547326 secs] [Times: user=0.27 sys=0.00, real=0.06 secs] 
4548.071: [GC (Allocation Failure) [PSYoungGen: 384306K->184278K(465920K)] 1681225K->1528792K(1864192K), 0.0415955 secs] [Times: user=0.18 sys=0.00, real=0.04 secs] 
4548.113: [Full GC (Ergonomics) [PSYoungGen: 184278K->0K(465920K)] [ParOldGen: 1344514K->249231K(1398272K)] 1528792K->249231K(1864192K), [Metaspace: 60467K->60467K(1105920K)], 0.2999622 secs] [Times: user=1.38 sys=0.00, real=0.30 secs] 
4548.532: [GC (Allocation Failure) [PSYoungGen: 232960K->182422K(465920K)] 482191K->431654K(1864192K), 0.0830690 secs] [Times: user=0.44 sys=0.00, real=0.08 secs] 
4548.730: [GC (Allocation Failure) [PSYoungGen: 415382K->186165K(465920K)] 664614K->493804K(1864192K), 0.0554125 secs] [Times: user=0.27 sys=0.00, real=0.05 secs] 
4549.827: [GC (Allocation Failure) [PSYoungGen: 419125K->92763K(465920K)] 726764K->470666K(1864192K), 0.0497280 secs] [Times: user=0.26 sys=0.00, real=0.05 secs] 
4550.391: [GC (Allocation Failure) [PSYoungGen: 325723K->175061K(465920K)] 703626K->582657K(1864192K), 0.0458734 secs] [Times: user=0.20 sys=0.00, real=0.04 secs] 
4550.647: [GC (Allocation Failure) [PSYoungGen: 408021K->184310K(465920K)] 815617K->646974K(1864192K), 0.0564289 secs] [Times: user=0.27 sys=0.00, real=0.06 secs] 
4550.830: [GC (Allocation Failure) [PSYoungGen: 417270K->186389K(465920K)] 879934K->704909K(1864192K), 0.0448214 secs] [Times: user=0.20 sys=0.00, real=0.04 secs] 
4551.820: [GC (Allocation Failure) [PSYoungGen: 419349K->121583K(465920K)] 937869K->710359K(1864192K), 0.0464596 secs] [Times: user=0.24 sys=0.00, real=0.04 secs] 
4553.062: [GC (Allocation Failure) [PSYoungGen: 351531K->141297K(465920K)] 940307K->769073K(1864192K), 0.1166096 secs] [Times: user=0.63 sys=0.00, real=0.12 secs] 
4553.424: [GC (Allocation Failure) [PSYoungGen: 374257K->175956K(465920K)] 1002033K->849046K(1864192K), 0.0386752 secs] [Times: user=0.17 sys=0.00, real=0.04 secs] 
4553.587: [GC (Allocation Failure) [PSYoungGen: 408916K->185975K(465920K)] 1082006K->920688K(1864192K), 0.0485902 secs] [Times: user=0.22 sys=0.00, real=0.05 secs] 
4553.804: [GC (GCLocker Initiated GC) [PSYoungGen: 418935K->185909K(465920K)] 1153649K->979791K(1864192K), 0.0852588 secs] [Times: user=0.44 sys=0.00, real=0.09 secs] 
4554.969: [GC (Allocation Failure) [PSYoungGen: 418869K->86938K(465920K)] 1212752K->950922K(1864192K), 0.0627213 secs] [Times: user=0.33 sys=0.01, real=0.06 secs] 
4555.480: [GC (Allocation Failure) [PSYoungGen: 319898K->173749K(465920K)] 1183882K->1065549K(1864192K), 0.0413352 secs] [Times: user=0.17 sys=0.00, real=0.04 secs] 
4555.682: [GC (Allocation Failure) [PSYoungGen: 406709K->184790K(465920K)] 1298509K->1130874K(1864192K), 0.0483799 secs] [Times: user=0.23 sys=0.00, real=0.05 secs] 
4555.865: [GC (Allocation Failure) [PSYoungGen: 417750K->187317K(465920K)] 1363834K->1189330K(1864192K), 0.0459853 secs] [Times: user=0.22 sys=0.00, real=0.05 secs] 
4557.024: [GC (Allocation Failure) [PSYoungGen: 420277K->139057K(465920K)] 1422290K->1211870K(1864192K), 0.0498940 secs] [Times: user=0.25 sys=0.00, real=0.05 secs] 
4557.819: [GC (Allocation Failure) [PSYoungGen: 372017K->130975K(465920K)] 1444830K->1247724K(1864192K), 0.1099295 secs] [Times: user=0.60 sys=0.00, real=0.11 secs] 
4558.183: [GC (Allocation Failure) [PSYoungGen: 363935K->175892K(465920K)] 1480684K->1334538K(1864192K), 0.0388851 secs] [Times: user=0.17 sys=0.00, real=0.04 secs] 
4558.382: [GC (Allocation Failure) [PSYoungGen: 408852K->185431K(465920K)] 1567498K->1405860K(1864192K), 0.0710006 secs] [Times: user=0.35 sys=0.00, real=0.07 secs] 
4558.586: [GC (Allocation Failure) [PSYoungGen: 418391K->186389K(465920K)] 1638820K->1465546K(1864192K), 0.0576564 secs] [Times: user=0.28 sys=0.00, real=0.06 secs] 
4560.208: [GC (Allocation Failure) [PSYoungGen: 419349K->91130K(465920K)] 1698506K->1440656K(1864192K), 0.1216760 secs] [Times: user=0.64 sys=0.01, real=0.13 secs] 
4560.329: [Full GC (Ergonomics) [PSYoungGen: 91130K->0K(465920K)] [ParOldGen: 1349525K->92611K(1398272K)] 1440656K->92611K(1864192K), [Metaspace: 60467K->60467K(1105920K)], 0.1079951 secs] [Times: user=0.43 sys=0.00, real=0.10 secs] 
4561.880: [GC (Allocation Failure) [PSYoungGen: 232960K->169748K(465920K)] 325571K->262360K(1864192K), 0.0377935 secs] [Times: user=0.15 sys=0.00, real=0.03 secs] 
4562.161: [GC (Allocation Failure) [PSYoungGen: 402708K->184470K(465920K)] 495320K->330441K(1864192K), 0.0517804 secs] [Times: user=0.24 sys=0.01, real=0.05 secs] 
4562.365: [GC (Allocation Failure) [PSYoungGen: 417430K->187413K(465920K)] 563401K->389361K(1864192K), 0.0594222 secs] [Times: user=0.29 sys=0.00, real=0.06 secs] 
4563.310: [GC (Allocation Failure) [PSYoungGen: 420373K->151090K(465920K)] 622321K->423526K(1864192K), 0.0500831 secs] [Times: user=0.25 sys=0.00, real=0.05 secs] 
4563.913: [GC (Allocation Failure) [PSYoungGen: 384050K->115261K(465920K)] 656486K->435585K(1864192K), 0.1326150 secs] [Times: user=0.74 sys=0.01, real=0.13 secs] 
4564.423: [GC (Allocation Failure) [PSYoungGen: 348221K->194133K(465920K)] 668545K->550729K(1864192K), 0.0471615 secs] [Times: user=0.21 sys=0.00, real=0.05 secs] 
4564.594: [GC (Allocation Failure) [PSYoungGen: 427093K->185495K(465920K)] 783689K->604343K(1864192K), 0.0483636 secs] [Times: user=0.23 sys=0.00, real=0.05 secs] 
4565.238: [GC (Allocation Failure) [PSYoungGen: 418455K->183060K(465920K)] 837303K->660661K(1864192K), 0.1055763 secs] [Times: user=0.56 sys=0.00, real=0.10 secs] 
4566.869: [GC (Allocation Failure) [PSYoungGen: 416020K->97083K(465920K)] 893621K->643844K(1864192K), 0.0620309 secs] [Times: user=0.33 sys=0.01, real=0.06 secs] 
4567.474: [GC (GCLocker Initiated GC) [PSYoungGen: 330043K->172404K(465920K)] 876804K->750322K(1864192K), 0.0535204 secs] [Times: user=0.25 sys=0.00, real=0.05 secs] 
4567.670: [GC (Allocation Failure) [PSYoungGen: 405364K->181781K(465920K)] 983449K->813986K(1864192K), 0.0428112 secs] [Times: user=0.19 sys=0.00, real=0.04 secs] 
4567.833: [GC (Allocation Failure) [PSYoungGen: 410987K->179510K(465920K)] 1043191K->875218K(1864192K), 0.0487551 secs] [Times: user=0.23 sys=0.00, real=0.05 secs] 
4568.764: [GC (Allocation Failure) [PSYoungGen: 412470K->212772K(465920K)] 1108178K->965568K(1864192K), 0.0475634 secs] [Times: user=0.22 sys=0.00, real=0.05 secs] 
4570.096: [GC (Allocation Failure) [PSYoungGen: 445732K->99243K(465920K)] 1198528K->916776K(1864192K), 0.0854338 secs] [Times: user=0.46 sys=0.00, real=0.09 secs] 
4571.084: [GC (Allocation Failure) [PSYoungGen: 332203K->182230K(465920K)] 1149736K->1031395K(1864192K), 0.0494611 secs] [Times: user=0.22 sys=0.00, real=0.05 secs] 
4571.268: [GC (Allocation Failure) [PSYoungGen: 415190K->184982K(465920K)] 1264355K->1090635K(1864192K), 0.0439998 secs] [Times: user=0.20 sys=0.00, real=0.05 secs] 
4571.427: [GC (Allocation Failure) [PSYoungGen: 417942K->183956K(465920K)] 1323595K->1145810K(1864192K), 0.0455270 secs] [Times: user=0.21 sys=0.00, real=0.05 secs] 
4572.487: [GC (Allocation Failure) [PSYoungGen: 416916K->96155K(465920K)] 1378770K->1127425K(1864192K), 0.0441812 secs] [Times: user=0.22 sys=0.00, real=0.05 secs] 
4573.026: [GC (Allocation Failure) [PSYoungGen: 329115K->170932K(465920K)] 1360385K->1233486K(1864192K), 0.0676742 secs] [Times: user=0.33 sys=0.00, real=0.07 secs] 
4573.252: [GC (Allocation Failure) [PSYoungGen: 403892K->192470K(465920K)] 1466446K->1308183K(1864192K), 0.0432788 secs] [Times: user=0.20 sys=0.00, real=0.04 secs] 
4573.446: [GC (Allocation Failure) [PSYoungGen: 425430K->185815K(465920K)] 1541143K->1365736K(1864192K), 0.0557027 secs] [Times: user=0.27 sys=0.00, real=0.06 secs] 
4574.432: [GC (Allocation Failure) [PSYoungGen: 418775K->211956K(465920K)] 1598696K->1450765K(1864192K), 0.0550830 secs] [Times: user=0.27 sys=0.00, real=0.05 secs] 
4575.535: [GC (Allocation Failure) [PSYoungGen: 444916K->94795K(465920K)] 1683725K->1400901K(1864192K), 0.1104750 secs] [Times: user=0.59 sys=0.01, real=0.11 secs] 
4576.716: [GC (Allocation Failure) [PSYoungGen: 327755K->175957K(465920K)] 1633861K->1511843K(1864192K), 0.0491819 secs] [Times: user=0.22 sys=0.00, real=0.05 secs] 
4576.765: [Full GC (Ergonomics) [PSYoungGen: 175957K->0K(465920K)] [ParOldGen: 1335886K->222832K(1398272K)] 1511843K->222832K(1864192K), [Metaspace: 60467K->60467K(1105920K)], 0.2596390 secs] [Times: user=1.19 sys=0.00, real=0.26 secs] 
4577.146: [GC (Allocation Failure) [PSYoungGen: 232960K->184598K(465920K)] 455792K->407430K(1864192K), 0.0265198 secs] [Times: user=0.09 sys=0.00, real=0.03 secs] 
4577.290: [GC (Allocation Failure) [PSYoungGen: 417558K->186933K(465920K)] 640390K->465509K(1864192K), 0.0447849 secs] [Times: user=0.21 sys=0.00, real=0.04 secs] 
4578.333: [GC (Allocation Failure) [PSYoungGen: 419893K->102316K(465920K)] 698469K->451368K(1864192K), 0.0466501 secs] [Times: user=0.24 sys=0.00, real=0.05 secs] 
4579.691: [GC (Allocation Failure) [PSYoungGen: 335276K->161523K(465920K)] 684328K->543252K(1864192K), 0.0675066 secs] [Times: user=0.33 sys=0.00, real=0.07 secs] 
4579.909: [GC (Allocation Failure) [PSYoungGen: 394483K->184534K(465920K)] 776212K->617055K(1864192K), 0.0412069 secs] [Times: user=0.18 sys=0.00, real=0.04 secs] 
4580.073: [GC (Allocation Failure) [PSYoungGen: 417494K->185463K(465920K)] 850015K->682192K(1864192K), 0.0492942 secs] [Times: user=0.23 sys=0.00, real=0.05 secs] 
4580.237: [GC (Allocation Failure) [PSYoungGen: 418423K->200276K(465920K)] 915152K->755814K(1864192K), 0.0546114 secs] [Times: user=0.27 sys=0.00, real=0.06 secs] 
4581.418: [GC (Allocation Failure) [PSYoungGen: 433236K->87002K(465920K)] 988774K->712107K(1864192K), 0.0535966 secs] [Times: user=0.28 sys=0.00, real=0.06 secs] 
4582.122: [GC (Allocation Failure) [PSYoungGen: 319962K->181622K(465920K)] 945067K->834004K(1864192K), 0.0492802 secs] [Times: user=0.21 sys=0.00, real=0.05 secs] 
4582.369: [GC (Allocation Failure) [PSYoungGen: 414582K->184918K(465920K)] 1066964K->894108K(1864192K), 0.0607395 secs] [Times: user=0.29 sys=0.00, real=0.06 secs] 
4582.599: [GC (Allocation Failure) [PSYoungGen: 417878K->187061K(465920K)] 1127068K->952163K(1864192K), 0.0568247 secs] [Times: user=0.28 sys=0.00, real=0.05 secs] 
4583.655: [GC (Allocation Failure) [PSYoungGen: 420021K->103916K(465920K)] 1185123K->939642K(1864192K), 0.0504288 secs] [Times: user=0.27 sys=0.00, real=0.05 secs] 
4585.233: [GC (Allocation Failure) [PSYoungGen: 336876K->159699K(465920K)] 1172602K->1028734K(1864192K), 0.1073898 secs] [Times: user=0.55 sys=0.00, real=0.11 secs] 
4585.543: [GC (Allocation Failure) [PSYoungGen: 392659K->181749K(465920K)] 1261694K->1100648K(1864192K), 0.0417520 secs] [Times: user=0.18 sys=0.00, real=0.04 secs] 
4585.735: [GC (Allocation Failure) [PSYoungGen: 414709K->185559K(465920K)] 1333608K->1168026K(1864192K), 0.0586966 secs] [Times: user=0.28 sys=0.00, real=0.06 secs] 
4585.966: [GC (Allocation Failure) [PSYoungGen: 418519K->186165K(465920K)] 1400986K->1227296K(1864192K), 0.0831017 secs] [Times: user=0.43 sys=0.00, real=0.09 secs] 
4587.915: [GC (GCLocker Initiated GC) [PSYoungGen: 419125K->87754K(465920K)] 1460256K->1199189K(1864192K), 0.1119828 secs] [Times: user=0.62 sys=0.01, real=0.11 secs] 
4588.578: [GC (Allocation Failure) [PSYoungGen: 320714K->176789K(465920K)] 1432153K->1316033K(1864192K), 0.0433232 secs] [Times: user=0.19 sys=0.00, real=0.05 secs] 
4588.798: [GC (Allocation Failure) [PSYoungGen: 409749K->181397K(465920K)] 1548993K->1375625K(1864192K), 0.0648826 secs] [Times: user=0.32 sys=0.00, real=0.07 secs] 
4589.001: [GC (Allocation Failure) [PSYoungGen: 414357K->186549K(465920K)] 1608585K->1435889K(1864192K), 0.0472709 secs] [Times: user=0.22 sys=0.00, real=0.05 secs] 
4590.046: [GC (Allocation Failure) [PSYoungGen: 419509K->116830K(465920K)] 1668849K->1436530K(1864192K), 0.0488538 secs] [Times: user=0.25 sys=0.00, real=0.05 secs] 
4590.094: [Full GC (Ergonomics) [PSYoungGen: 116830K->0K(465920K)] [ParOldGen: 1319699K->98320K(1398272K)] 1436530K->98320K(1864192K), [Metaspace: 60467K->60467K(1105920K)], 0.0344949 secs] [Times: user=0.11 sys=0.00, real=0.04 secs] 
4590.493: [GC (Allocation Failure) [PSYoungGen: 232960K->152098K(465920K)] 331280K->250419K(1864192K), 0.0330451 secs] [Times: user=0.12 sys=0.01, real=0.03 secs] 
4590.757: [GC (Allocation Failure) [PSYoungGen: 385058K->180981K(465920K)] 483379K->326730K(1864192K), 0.0546100 secs] [Times: user=0.25 sys=0.00, real=0.06 secs] 
4590.997: [GC (Allocation Failure) [PSYoungGen: 413941K->185495K(465920K)] 559690K->394708K(1864192K), 0.0711397 secs] [Times: user=0.35 sys=0.00, real=0.08 secs] 
4591.250: [GC (Allocation Failure) [PSYoungGen: 418455K->182292K(465920K)] 627668K->450553K(1864192K), 0.0765118 secs] [Times: user=0.40 sys=0.00, real=0.07 secs] 
4592.452: [GC (Allocation Failure) [PSYoungGen: 415252K->93787K(465920K)] 683513K->430980K(1864192K), 0.0763636 secs] [Times: user=0.41 sys=0.00, real=0.07 secs] 
4593.475: [GC (Allocation Failure) [PSYoungGen: 326747K->171348K(465920K)] 663940K->538426K(1864192K), 0.0506236 secs] [Times: user=0.22 sys=0.00, real=0.05 secs] 
4593.680: [GC (Allocation Failure) [PSYoungGen: 404308K->184822K(465920K)] 771386K->605704K(1864192K), 0.0423269 secs] [Times: user=0.19 sys=0.00, real=0.04 secs] 
4593.900: [GC (Allocation Failure) [PSYoungGen: 417782K->186133K(465920K)] 838664K->663087K(1864192K), 0.0672348 secs] [Times: user=0.33 sys=0.00, real=0.06 secs] 
4594.935: [GC (Allocation Failure) [PSYoungGen: 419093K->126191K(465920K)] 896047K->673433K(1864192K), 0.0472382 secs] [Times: user=0.24 sys=0.00, real=0.05 secs] 
4596.649: [GC (Allocation Failure) [PSYoungGen: 359151K->139952K(465920K)] 906393K->727075K(1864192K), 0.1132274 secs] [Times: user=0.61 sys=0.00, real=0.11 secs] 
4597.074: [GC (Allocation Failure) [PSYoungGen: 372912K->175220K(465920K)] 960035K->806955K(1864192K), 0.0386196 secs] [Times: user=0.17 sys=0.00, real=0.04 secs] 
4597.255: [GC (Allocation Failure) [PSYoungGen: 408150K->185399K(465920K)] 1039885K->878166K(1864192K), 0.0536200 secs] [Times: user=0.25 sys=0.00, real=0.06 secs] 
4597.452: [GC (Allocation Failure) [PSYoungGen: 418359K->187157K(465920K)] 1111126K->938772K(1864192K), 0.0576636 secs] [Times: user=0.28 sys=0.00, real=0.06 secs] 
4598.468: [GC (Allocation Failure) [PSYoungGen: 420117K->90971K(465920K)] 1171732K->913386K(1864192K), 0.0426035 secs] [Times: user=0.22 sys=0.00, real=0.05 secs] 
4599.386: [GC (GCLocker Initiated GC) [PSYoungGen: 323931K->172724K(465920K)] 1146347K->1024149K(1864192K), 0.0508913 secs] [Times: user=0.22 sys=0.00, real=0.05 secs] 
4599.647: [GC (Allocation Failure) [PSYoungGen: 405684K->184886K(465920K)] 1257404K->1090805K(1864192K), 0.0515994 secs] [Times: user=0.25 sys=0.00, real=0.06 secs] 
4599.811: [GC (Allocation Failure) [PSYoungGen: 417846K->187317K(465920K)] 1323765K->1149365K(1864192K), 0.0457491 secs] [Times: user=0.21 sys=0.00, real=0.04 secs] 
4600.772: [GC (Allocation Failure) [PSYoungGen: 420277K->137489K(465920K)] 1382325K->1170192K(1864192K), 0.0496942 secs] [Times: user=0.25 sys=0.00, real=0.05 secs] 
4601.816: [GC (Allocation Failure) [PSYoungGen: 370449K->132944K(465920K)] 1403152K->1209151K(1864192K), 0.1352109 secs] [Times: user=0.71 sys=0.00, real=0.14 secs] 
4602.424: [GC (Allocation Failure) [PSYoungGen: 365904K->175732K(465920K)] 1442111K->1294445K(1864192K), 0.0479256 secs] [Times: user=0.22 sys=0.00, real=0.05 secs] 
4602.596: [GC (Allocation Failure) [PSYoungGen: 408692K->185591K(465920K)] 1527405K->1366000K(1864192K), 0.0499906 secs] [Times: user=0.23 sys=0.00, real=0.05 secs] 
4602.781: [GC (Allocation Failure) [PSYoungGen: 418551K->186485K(465920K)] 1598960K->1425942K(1864192K), 0.0682800 secs] [Times: user=0.35 sys=0.00, real=0.07 secs] 
4603.975: [GC (Allocation Failure) [PSYoungGen: 419445K->91354K(465920K)] 1658902K->1401019K(1864192K), 0.0664888 secs] [Times: user=0.36 sys=0.01, real=0.07 secs] 
4604.887: [GC (Allocation Failure) [PSYoungGen: 324314K->173589K(465920K)] 1633979K->1512226K(1864192K), 0.0449716 secs] [Times: user=0.19 sys=0.00, real=0.05 secs] 
4604.932: [Full GC (Ergonomics) [PSYoungGen: 173589K->0K(465920K)] [ParOldGen: 1338637K->204411K(1398272K)] 1512226K->204411K(1864192K), [Metaspace: 60468K->60468K(1105920K)], 0.2219228 secs] [Times: user=1.02 sys=0.00, real=0.22 secs] 
4605.279: [GC (Allocation Failure) [PSYoungGen: 232960K->184310K(465920K)] 437371K->388721K(1864192K), 0.0276039 secs] [Times: user=0.10 sys=0.00, real=0.02 secs] 
4605.471: [GC (Allocation Failure) [PSYoungGen: 417270K->186997K(465920K)] 621681K->447120K(1864192K), 0.0576547 secs] [Times: user=0.28 sys=0.00, real=0.06 secs] 
4606.451: [GC (Allocation Failure) [PSYoungGen: 419957K->144786K(465920K)] 680080K->475581K(1864192K), 0.0500047 secs] [Times: user=0.25 sys=0.00, real=0.05 secs] 
4606.805: [GC (Allocation Failure) [PSYoungGen: 377746K->130815K(465920K)] 708541K->507579K(1864192K), 0.1048389 secs] [Times: user=0.58 sys=0.00, real=0.11 secs] 
4607.112: [GC (Allocation Failure) [PSYoungGen: 363775K->175028K(465920K)] 740539K->593525K(1864192K), 0.0391762 secs] [Times: user=0.18 sys=0.00, real=0.04 secs] 
4607.277: [GC (Allocation Failure) [PSYoungGen: 407988K->185591K(465920K)] 826485K->665579K(1864192K), 0.0489039 secs] [Times: user=0.23 sys=0.00, real=0.05 secs] 
4607.615: [GC (Allocation Failure) [PSYoungGen: 418487K->182804K(465920K)] 898475K->721753K(1864192K), 0.0808899 secs] [Times: user=0.42 sys=0.01, real=0.08 secs] 
4608.896: [GC (Allocation Failure) [PSYoungGen: 415764K->94555K(465920K)] 954713K->702652K(1864192K), 0.0616999 secs] [Times: user=0.33 sys=0.00, real=0.06 secs] 
4609.554: [GC (Allocation Failure) [PSYoungGen: 327515K->176853K(465920K)] 935612K->815315K(1864192K), 0.0505531 secs] [Times: user=0.23 sys=0.00, real=0.05 secs] 
4609.748: [GC (Allocation Failure) [PSYoungGen: 409813K->181973K(465920K)] 1048275K->875891K(1864192K), 0.0437759 secs] [Times: user=0.20 sys=0.00, real=0.05 secs] 
4609.908: [GC (Allocation Failure) [PSYoungGen: 414933K->187317K(465920K)] 1108851K->936811K(1864192K), 0.0462852 secs] [Times: user=0.22 sys=0.00, real=0.04 secs] 
4610.865: [GC (Allocation Failure) [PSYoungGen: 420277K->148050K(465920K)] 1169771K->968080K(1864192K), 0.0512016 secs] [Times: user=0.25 sys=0.00, real=0.05 secs] 
4612.447: [GC (GCLocker Initiated GC) [PSYoungGen: 381010K->121134K(465920K)] 1201040K->987908K(1864192K), 0.1704569 secs] [Times: user=0.96 sys=0.00, real=0.17 secs] 
4613.034: [GC (Allocation Failure) [PSYoungGen: 354094K->183892K(465920K)] 1220907K->1089481K(1864192K), 0.0446224 secs] [Times: user=0.21 sys=0.00, real=0.05 secs] 
4613.238: [GC (Allocation Failure) [PSYoungGen: 416852K->185335K(465920K)] 1322441K->1152547K(1864192K), 0.0813776 secs] [Times: user=0.41 sys=0.00, real=0.09 secs] 
4613.503: [GC (Allocation Failure) [PSYoungGen: 418295K->182804K(465920K)] 1385507K->1208801K(1864192K), 0.0760669 secs] [Times: user=0.40 sys=0.00, real=0.08 secs] 
4614.660: [GC (Allocation Failure) [PSYoungGen: 415764K->93547K(465920K)] 1441761K->1188688K(1864192K), 0.0513000 secs] [Times: user=0.28 sys=0.00, real=0.05 secs] 
4615.166: [GC (Allocation Failure) [PSYoungGen: 326507K->174421K(465920K)] 1421648K->1300414K(1864192K), 0.0476596 secs] [Times: user=0.22 sys=0.00, real=0.05 secs] 
4615.382: [GC (Allocation Failure) [PSYoungGen: 407381K->181269K(465920K)] 1533374K->1361470K(1864192K), 0.0574997 secs] [Times: user=0.27 sys=0.00, real=0.06 secs] 
4615.627: [GC (Allocation Failure) [PSYoungGen: 405605K->177878K(465920K)] 1585806K->1421663K(1864192K), 0.0700124 secs] [Times: user=0.34 sys=0.00, real=0.07 secs] 
4617.024: [GC (Allocation Failure) [PSYoungGen: 410838K->169747K(465920K)] 1654623K->1469996K(1864192K), 0.0561975 secs] [Times: user=0.28 sys=0.00, real=0.06 secs] 
4618.826: [GC (Allocation Failure) [PSYoungGen: 402707K->97963K(465920K)] 1702956K->1463020K(1864192K), 0.1140292 secs] [Times: user=0.62 sys=0.00, real=0.12 secs] 
4618.940: [Full GC (Ergonomics) [PSYoungGen: 97963K->0K(465920K)] [ParOldGen: 1365057K->115645K(1398272K)] 1463020K->115645K(1864192K), [Metaspace: 60468K->60468K(1105920K)], 0.1823461 secs] [Times: user=0.81 sys=0.00, real=0.18 secs] 
4619.448: [GC (Allocation Failure) [PSYoungGen: 232960K->180405K(465920K)] 348605K->296051K(1864192K), 0.0249650 secs] [Times: user=0.09 sys=0.00, real=0.02 secs] 
4619.653: [GC (Allocation Failure) [PSYoungGen: 413365K->184726K(465920K)] 529011K->356643K(1864192K), 0.0628453 secs] [Times: user=0.30 sys=0.00, real=0.06 secs] 
4619.912: [GC (Allocation Failure) [PSYoungGen: 417686K->186549K(465920K)] 589603K->414443K(1864192K), 0.0615417 secs] [Times: user=0.30 sys=0.00, real=0.06 secs] 
4620.981: [GC (Allocation Failure) [PSYoungGen: 419509K->99740K(465920K)] 647403K->397969K(1864192K), 0.0452493 secs] [Times: user=0.24 sys=0.00, real=0.04 secs] 
4622.003: [GC (Allocation Failure) [PSYoungGen: 332700K->167508K(465920K)] 630929K->497598K(1864192K), 0.0650665 secs] [Times: user=0.31 sys=0.00, real=0.07 secs] 
4622.221: [GC (Allocation Failure) [PSYoungGen: 400468K->178901K(465920K)] 730558K->561371K(1864192K), 0.0426154 secs] [Times: user=0.17 sys=0.00, real=0.04 secs] 
4622.388: [GC (Allocation Failure) [PSYoungGen: 411861K->185751K(465920K)] 794331K->631093K(1864192K), 0.0490006 secs] [Times: user=0.23 sys=0.00, real=0.05 secs] 
4622.633: [GC (Allocation Failure) [PSYoungGen: 418711K->201237K(465920K)] 864053K->705611K(1864192K), 0.0536398 secs] [Times: user=0.26 sys=0.00, real=0.05 secs] 
4623.595: [GC (Allocation Failure) [PSYoungGen: 434197K->95963K(465920K)] 938571K->669674K(1864192K), 0.0410618 secs] [Times: user=0.21 sys=0.00, real=0.04 secs] 
4623.882: [GC (GCLocker Initiated GC) [PSYoungGen: 328923K->179093K(465920K)] 902635K->783549K(1864192K), 0.0341720 secs] [Times: user=0.14 sys=0.00, real=0.03 secs] 
4624.036: [GC (Allocation Failure) [PSYoungGen: 412053K->184406K(465920K)] 1016676K->845020K(1864192K), 0.0433406 secs] [Times: user=0.20 sys=0.00, real=0.05 secs] 
4624.197: [GC (Allocation Failure) [PSYoungGen: 417366K->186389K(465920K)] 1077980K->902795K(1864192K), 0.0453577 secs] [Times: user=0.21 sys=0.00, real=0.05 secs] 
4625.243: [GC (Allocation Failure) [PSYoungGen: 419349K->98764K(465920K)] 1135755K->885466K(1864192K), 0.0463408 secs] [Times: user=0.24 sys=0.00, real=0.05 secs] 
4626.268: [GC (Allocation Failure) [PSYoungGen: 331724K->166292K(465920K)] 1118426K->985163K(1864192K), 0.0647383 secs] [Times: user=0.31 sys=0.00, real=0.07 secs] 
4626.535: [GC (Allocation Failure) [PSYoungGen: 399252K->184246K(465920K)] 1218123K->1055401K(1864192K), 0.0604554 secs] [Times: user=0.29 sys=0.00, real=0.06 secs] 
4626.735: [GC (Allocation Failure) [PSYoungGen: 417206K->185911K(465920K)] 1288361K->1121146K(1864192K), 0.0505548 secs] [Times: user=0.23 sys=0.01, real=0.05 secs] 
4626.942: [GC (Allocation Failure) [PSYoungGen: 418871K->217173K(465920K)] 1354106K->1211376K(1864192K), 0.0562386 secs] [Times: user=0.28 sys=0.00, real=0.06 secs] 
4628.938: [GC (Allocation Failure) [PSYoungGen: 450133K->86026K(465920K)] 1444336K->1149773K(1864192K), 0.1000476 secs] [Times: user=0.55 sys=0.01, real=0.10 secs] 
4629.330: [GC (Allocation Failure) [PSYoungGen: 318986K->180021K(465920K)] 1382733K->1271034K(1864192K), 0.0343780 secs] [Times: user=0.14 sys=0.00, real=0.03 secs] 
4629.485: [GC (Allocation Failure) [PSYoungGen: 412981K->184886K(465920K)] 1503994K->1332346K(1864192K), 0.0445345 secs] [Times: user=0.21 sys=0.00, real=0.05 secs] 
4629.696: [GC (Allocation Failure) [PSYoungGen: 417846K->186389K(465920K)] 1565306K->1389985K(1864192K), 0.0698635 secs] [Times: user=0.34 sys=0.01, real=0.07 secs] 
4630.793: [GC (Allocation Failure) [PSYoungGen: 419349K->101308K(465920K)] 1622945K->1375105K(1864192K), 0.0461524 secs] [Times: user=0.24 sys=0.00, real=0.05 secs] 
4631.245: [GC (Allocation Failure) [PSYoungGen: 334268K->165588K(465920K)] 1608065K->1472405K(1864192K), 0.0754696 secs] [Times: user=0.37 sys=0.00, real=0.08 secs] 
4631.477: [GC (Allocation Failure) [PSYoungGen: 398548K->184438K(465920K)] 1705365K->1542863K(1864192K), 0.0449346 secs] [Times: user=0.21 sys=0.00, real=0.05 secs] 
4631.522: [Full GC (Ergonomics) [PSYoungGen: 184438K->0K(465920K)] [ParOldGen: 1358425K->255237K(1398272K)] 1542863K->255237K(1864192K), [Metaspace: 60468K->60468K(1105920K)], 0.3184064 secs] [Times: user=1.47 sys=0.00, real=0.32 secs] 
4631.961: [GC (Allocation Failure) [PSYoungGen: 232960K->182294K(465920K)] 488197K->437532K(1864192K), 0.0771981 secs] [Times: user=0.40 sys=0.00, real=0.07 secs] 
4632.153: [GC (Allocation Failure) [PSYoungGen: 415254K->186805K(465920K)] 670492K->500242K(1864192K), 0.0551820 secs] [Times: user=0.27 sys=0.00, real=0.06 secs] 
4633.303: [GC (GCLocker Initiated GC) [PSYoungGen: 419765K->89578K(465920K)] 733202K->473568K(1864192K), 0.0765510 secs] [Times: user=0.42 sys=0.00, real=0.08 secs] 
4633.842: [GC (Allocation Failure) [PSYoungGen: 322538K->186262K(465920K)] 706822K->598711K(1864192K), 0.0466340 secs] [Times: user=0.20 sys=0.00, real=0.05 secs] 
4634.022: [GC (Allocation Failure) [PSYoungGen: 419222K->181973K(465920K)] 831671K->651434K(1864192K), 0.0434977 secs] [Times: user=0.20 sys=0.00, real=0.04 secs] 
4634.183: [GC (Allocation Failure) [PSYoungGen: 414933K->186581K(465920K)] 884394K->711402K(1864192K), 0.0450829 secs] [Times: user=0.21 sys=0.00, real=0.04 secs] 
4635.372: [GC (Allocation Failure) [PSYoungGen: 419541K->104236K(465920K)] 944362K->699321K(1864192K), 0.0501698 secs] [Times: user=0.26 sys=0.00, real=0.05 secs] 
4637.434: [GC (Allocation Failure) [PSYoungGen: 337196K->158675K(465920K)] 932281K->787061K(1864192K), 0.1101809 secs] [Times: user=0.57 sys=0.00, real=0.11 secs] 
4637.741: [GC (Allocation Failure) [PSYoungGen: 391635K->181877K(465920K)] 1020021K->860059K(1864192K), 0.0412007 secs] [Times: user=0.18 sys=0.00, real=0.04 secs] 
4637.906: [GC (Allocation Failure) [PSYoungGen: 414837K->185687K(465920K)] 1093019K->927493K(1864192K), 0.0498567 secs] [Times: user=0.23 sys=0.00, real=0.05 secs] 
4638.130: [GC (Allocation Failure) [PSYoungGen: 418647K->186325K(465920K)] 1160453K->987131K(1864192K), 0.0764169 secs] [Times: user=0.39 sys=0.00, real=0.07 secs] 
4639.355: [GC (Allocation Failure) [PSYoungGen: 419285K->90634K(465920K)] 1220091K->961872K(1864192K), 0.0858674 secs] [Times: user=0.47 sys=0.00, real=0.09 secs] 
4639.853: [GC (Allocation Failure) [PSYoungGen: 323594K->182198K(465920K)] 1194832K->1082369K(1864192K), 0.0408306 secs] [Times: user=0.18 sys=0.00, real=0.04 secs] 
4640.072: [GC (Allocation Failure) [PSYoungGen: 415158K->178613K(465920K)] 1315329K->1135568K(1864192K), 0.0673696 secs] [Times: user=0.33 sys=0.00, real=0.07 secs] 
4640.274: [GC (Allocation Failure) [PSYoungGen: 411573K->186965K(465920K)] 1368528K->1198544K(1864192K), 0.0459430 secs] [Times: user=0.22 sys=0.00, real=0.05 secs] 
4641.313: [GC (GCLocker Initiated GC) [PSYoungGen: 419925K->113421K(465920K)] 1431504K->1195577K(1864192K), 0.0473216 secs] [Times: user=0.24 sys=0.00, real=0.05 secs] 
4642.191: [GC (GCLocker Initiated GC) [PSYoungGen: 346381K->154866K(465920K)] 1428542K->1273319K(1864192K), 0.1369816 secs] [Times: user=0.73 sys=0.00, real=0.14 secs] 
4642.532: [GC (Allocation Failure) [PSYoungGen: 387826K->181397K(465920K)] 1506317K->1348272K(1864192K), 0.0416390 secs] [Times: user=0.18 sys=0.00, real=0.04 secs] 
4642.770: [GC (Allocation Failure) [PSYoungGen: 414357K->185559K(465920K)] 1581232K->1415842K(1864192K), 0.0665381 secs] [Times: user=0.31 sys=0.00, real=0.06 secs] 
4642.953: [GC (Allocation Failure) [PSYoungGen: 418519K->203029K(465920K)] 1648802K->1492208K(1864192K), 0.0582466 secs] [Times: user=0.29 sys=0.00, real=0.06 secs] 
4644.360: [GC (Allocation Failure) [PSYoungGen: 435989K->91979K(465920K)] 1725168K->1451582K(1864192K), 0.1185760 secs] [Times: user=0.66 sys=0.00, real=0.12 secs] 
4644.478: [Full GC (Ergonomics) [PSYoungGen: 91979K->0K(465920K)] [ParOldGen: 1359603K->103460K(1398272K)] 1451582K->103460K(1864192K), [Metaspace: 60468K->60468K(1105920K)], 0.1458605 secs] [Times: user=0.62 sys=0.00, real=0.14 secs] 
4645.534: [GC (Allocation Failure) [PSYoungGen: 232960K->175189K(465920K)] 336420K->278649K(1864192K), 0.0333481 secs] [Times: user=0.12 sys=0.00, real=0.03 secs] 
4645.779: [GC (Allocation Failure) [PSYoungGen: 408149K->181813K(465920K)] 511609K->339534K(1864192K), 0.0564380 secs] [Times: user=0.26 sys=0.00, real=0.05 secs] 
4646.022: [GC (Allocation Failure) [PSYoungGen: 414773K->186805K(465920K)] 572494K->399913K(1864192K), 0.0630559 secs] [Times: user=0.31 sys=0.00, real=0.06 secs] 
4647.035: [GC (Allocation Failure) [PSYoungGen: 419765K->117358K(465920K)] 632873K->400963K(1864192K), 0.0457793 secs] [Times: user=0.23 sys=0.00, real=0.05 secs] 
4647.791: [GC (Allocation Failure) [PSYoungGen: 350318K->145905K(465920K)] 633923K->466741K(1864192K), 0.1305214 secs] [Times: user=0.70 sys=0.01, real=0.13 secs] 
4648.175: [GC (Allocation Failure) [PSYoungGen: 378865K->182773K(465920K)] 699701K->549693K(1864192K), 0.0394246 secs] [Times: user=0.17 sys=0.00, real=0.04 secs] 
4648.334: [GC (Allocation Failure) [PSYoungGen: 415733K->182550K(465920K)] 782653K->612966K(1864192K), 0.0500328 secs] [Times: user=0.23 sys=0.00, real=0.05 secs] 
4648.546: [GC (Allocation Failure) [PSYoungGen: 415510K->186197K(465920K)] 845926K->674485K(1864192K), 0.0852380 secs] [Times: user=0.44 sys=0.00, real=0.09 secs] 
4649.707: [GC (Allocation Failure) [PSYoungGen: 419157K->98027K(465920K)] 907445K->656475K(1864192K), 0.0607245 secs] [Times: user=0.32 sys=0.00, real=0.06 secs] 
4650.440: [GC (Allocation Failure) [PSYoungGen: 330987K->174677K(465920K)] 889435K->764481K(1864192K), 0.0486280 secs] [Times: user=0.21 sys=0.00, real=0.05 secs] 
4650.643: [GC (Allocation Failure) [PSYoungGen: 407637K->193142K(465920K)] 997441K->837718K(1864192K), 0.0429487 secs] [Times: user=0.19 sys=0.00, real=0.04 secs] 
4650.851: [GC (Allocation Failure) [PSYoungGen: 426102K->181012K(465920K)] 1070678K->881853K(1864192K), 0.0610591 secs] [Times: user=0.30 sys=0.00, real=0.06 secs] 
4651.933: [GC (Allocation Failure) [PSYoungGen: 413972K->128368K(465920K)] 1114813K->897400K(1864192K), 0.0475214 secs] [Times: user=0.23 sys=0.00, real=0.05 secs] 
4652.747: [GC (Allocation Failure) [PSYoungGen: 358055K->141905K(465920K)] 1127087K->951714K(1864192K), 0.1419134 secs] [Times: user=0.78 sys=0.01, real=0.15 secs] 
4653.285: [GC (Allocation Failure) [PSYoungGen: 374865K->178421K(465920K)] 1184674K->1033791K(1864192K), 0.0485034 secs] [Times: user=0.23 sys=0.00, real=0.05 secs] 
4653.457: [GC (Allocation Failure) [PSYoungGen: 411381K->185847K(465920K)] 1266751K->1103377K(1864192K), 0.0492895 secs] [Times: user=0.23 sys=0.00, real=0.05 secs] 
4653.623: [GC (Allocation Failure) [PSYoungGen: 418807K->186613K(465920K)] 1336337K->1163039K(1864192K), 0.0573025 secs] [Times: user=0.28 sys=0.00, real=0.06 secs] 
4655.458: [GC (Allocation Failure) [PSYoungGen: 419573K->83545K(465920K)] 1395999K->1130491K(1864192K), 0.1049788 secs] [Times: user=0.58 sys=0.00, real=0.11 secs] 
4656.023: [GC (Allocation Failure) [PSYoungGen: 316505K->175093K(465920K)] 1363451K->1249059K(1864192K), 0.0407619 secs] [Times: user=0.17 sys=0.00, real=0.04 secs] 
4656.190: [GC (Allocation Failure) [PSYoungGen: 408053K->184054K(465920K)] 1482019K->1312592K(1864192K), 0.0443892 secs] [Times: user=0.20 sys=0.00, real=0.04 secs] 
4656.353: [GC (Allocation Failure) [PSYoungGen: 417014K->187029K(465920K)] 1545552K->1371408K(1864192K), 0.0469434 secs] [Times: user=0.22 sys=0.00, real=0.05 secs] 
4657.316: [GC (Allocation Failure) [PSYoungGen: 419989K->138289K(465920K)] 1604368K->1393300K(1864192K), 0.0510735 secs] [Times: user=0.26 sys=0.00, real=0.05 secs] 
4657.901: [GC (Allocation Failure) [PSYoungGen: 371249K->132559K(465920K)] 1626260K->1431490K(1864192K), 0.1013560 secs] [Times: user=0.55 sys=0.00, real=0.10 secs] 
4658.278: [GC (Allocation Failure) [PSYoungGen: 365519K->176212K(465920K)] 1664450K->1518064K(1864192K), 0.0393345 secs] [Times: user=0.18 sys=0.00, real=0.03 secs] 
4658.318: [Full GC (Ergonomics) [PSYoungGen: 176212K->0K(465920K)] [ParOldGen: 1341851K->236214K(1398272K)] 1518064K->236214K(1864192K), [Metaspace: 60468K->60468K(1105920K)], 0.2766105 secs] [Times: user=1.25 sys=0.00, real=0.28 secs] 
4658.720: [GC (Allocation Failure) [PSYoungGen: 232960K->185175K(465920K)] 469174K->421389K(1864192K), 0.0878491 secs] [Times: user=0.46 sys=0.00, real=0.08 secs] 
4658.924: [GC (Allocation Failure) [PSYoungGen: 418135K->183412K(465920K)] 654349K->478339K(1864192K), 0.0568326 secs] [Times: user=0.28 sys=0.00, real=0.06 secs] 
4659.973: [GC (Allocation Failure) [PSYoungGen: 416372K->97131K(465920K)] 711299K->461322K(1864192K), 0.0482197 secs] [Times: user=0.25 sys=0.00, real=0.05 secs] 
4661.213: [GC (Allocation Failure) [PSYoungGen: 330091K->168212K(465920K)] 694282K->563399K(1864192K), 0.0560326 secs] [Times: user=0.24 sys=0.00, real=0.06 secs] 
4661.444: [GC (Allocation Failure) [PSYoungGen: 401172K->184662K(465920K)] 796359K->633017K(1864192K), 0.0423315 secs] [Times: user=0.19 sys=0.00, real=0.04 secs] 
4661.627: [GC (Allocation Failure) [PSYoungGen: 417622K->187189K(465920K)] 865977K->691456K(1864192K), 0.0633214 secs] [Times: user=0.30 sys=0.00, real=0.07 secs] 
4662.617: [GC (Allocation Failure) [PSYoungGen: 420149K->148562K(465920K)] 924416K->723534K(1864192K), 0.0507320 secs] [Times: user=0.25 sys=0.00, real=0.05 secs] 
4664.304: [GC (Allocation Failure) [PSYoungGen: 381522K->120206K(465920K)] 956494K->742186K(1864192K), 0.1384143 secs] [Times: user=0.77 sys=0.00, real=0.14 secs] 
4665.007: [GC (Allocation Failure) [PSYoungGen: 353166K->175124K(465920K)] 975146K->835625K(1864192K), 0.0496734 secs] [Times: user=0.23 sys=0.00, real=0.05 secs] 
4665.191: [GC (Allocation Failure) [PSYoungGen: 408084K->185431K(465920K)] 1068585K->906979K(1864192K), 0.0493282 secs] [Times: user=0.23 sys=0.00, real=0.05 secs] 
4665.356: [GC (Allocation Failure) [PSYoungGen: 418391K->183892K(465920K)] 1139939K->964393K(1864192K), 0.0572936 secs] [Times: user=0.28 sys=0.00, real=0.06 secs] 
4666.462: [GC (Allocation Failure) [PSYoungGen: 416852K->93611K(465920K)] 1197353K->943599K(1864192K), 0.0544042 secs] [Times: user=0.30 sys=0.00, real=0.05 secs] 
4667.426: [GC (Allocation Failure) [PSYoungGen: 326571K->173141K(465920K)] 1176559K->1053086K(1864192K), 0.0755111 secs] [Times: user=0.36 sys=0.01, real=0.08 secs] 
4667.676: [GC (Allocation Failure) [PSYoungGen: 406101K->185014K(465920K)] 1286046K->1119123K(1864192K), 0.0443277 secs] [Times: user=0.20 sys=0.00, real=0.05 secs] 
4667.857: [GC (Allocation Failure) [PSYoungGen: 409431K->176438K(465920K)] 1343540K->1174939K(1864192K), 0.0548286 secs] [Times: user=0.27 sys=0.00, real=0.06 secs] 
4668.720: [GC (Allocation Failure) [PSYoungGen: 404947K->189427K(465920K)] 1403448K->1243860K(1864192K), 0.0533427 secs] [Times: user=0.27 sys=0.00, real=0.05 secs] 
4670.199: [GC (Allocation Failure) [PSYoungGen: 422387K->95099K(465920K)] 1476820K->1214108K(1864192K), 0.0926324 secs] [Times: user=0.50 sys=0.01, real=0.09 secs] 
4671.445: [GC (Allocation Failure) [PSYoungGen: 328059K->176981K(465920K)] 1447068K->1326259K(1864192K), 0.0506488 secs] [Times: user=0.23 sys=0.00, real=0.05 secs] 
4671.637: [GC (Allocation Failure) [PSYoungGen: 409941K->184534K(465920K)] 1559219K->1389136K(1864192K), 0.0440652 secs] [Times: user=0.20 sys=0.00, real=0.05 secs] 
4671.798: [GC (Allocation Failure) [PSYoungGen: 417494K->186997K(465920K)] 1622096K->1447255K(1864192K), 0.0464108 secs] [Times: user=0.21 sys=0.00, real=0.05 secs] 
4672.811: [GC (Allocation Failure) [PSYoungGen: 419957K->101580K(465920K)] 1680215K->1432470K(1864192K), 0.0513021 secs] [Times: user=0.27 sys=0.00, real=0.05 secs] 
4672.863: [Full GC (Ergonomics) [PSYoungGen: 101580K->0K(465920K)] [ParOldGen: 1330890K->91304K(1398272K)] 1432470K->91304K(1864192K), [Metaspace: 60468K->60468K(1105920K)], 0.0366137 secs] [Times: user=0.11 sys=0.00, real=0.04 secs] 
4673.732: [GC (Allocation Failure) [PSYoungGen: 232960K->164179K(465920K)] 324264K->255484K(1864192K), 0.0484128 secs] [Times: user=0.19 sys=0.00, real=0.05 secs] 
4674.031: [GC (Allocation Failure) [PSYoungGen: 397139K->191765K(465920K)] 488444K->334258K(1864192K), 0.0498543 secs] [Times: user=0.23 sys=0.00, real=0.05 secs] 
4674.202: [GC (Allocation Failure) [PSYoungGen: 424725K->185847K(465920K)] 567218K->392484K(1864192K), 0.0494132 secs] [Times: user=0.22 sys=0.00, real=0.05 secs] 
4674.503: [GC (Allocation Failure) [PSYoungGen: 418695K->186197K(465920K)] 625332K->451794K(1864192K), 0.0632171 secs] [Times: user=0.32 sys=0.00, real=0.06 secs] 
4676.073: [GC (Allocation Failure) [PSYoungGen: 419157K->89898K(465920K)] 684754K->425751K(1864192K), 0.0920736 secs] [Times: user=0.50 sys=0.00, real=0.09 secs] 
4676.922: [GC (Allocation Failure) [PSYoungGen: 322858K->178869K(465920K)] 658711K->543383K(1864192K), 0.0447875 secs] [Times: user=0.20 sys=0.00, real=0.04 secs] 
4677.096: [GC (Allocation Failure) [PSYoungGen: 411829K->181877K(465920K)] 776343K->601967K(1864192K), 0.0425107 secs] [Times: user=0.19 sys=0.00, real=0.05 secs] 
4677.282: [GC (Allocation Failure) [PSYoungGen: 414837K->185493K(465920K)] 834927K->660847K(1864192K), 0.0591734 secs] [Times: user=0.28 sys=0.00, real=0.06 secs] 
4678.430: [GC (Allocation Failure) [PSYoungGen: 418453K->104972K(465920K)] 893807K->650478K(1864192K), 0.0649905 secs] [Times: user=0.34 sys=0.00, real=0.06 secs] 
4679.943: [GC (GCLocker Initiated GC) [PSYoungGen: 337932K->158323K(465920K)] 883439K->737330K(1864192K), 0.0853586 secs] [Times: user=0.44 sys=0.00, real=0.09 secs] 
4680.191: [GC (Allocation Failure) [PSYoungGen: 391283K->182133K(465920K)] 970457K->810976K(1864192K), 0.0422387 secs] [Times: user=0.19 sys=0.00, real=0.04 secs] 
4680.391: [GC (Allocation Failure) [PSYoungGen: 415093K->185879K(465920K)] 1043936K->878225K(1864192K), 0.0708282 secs] [Times: user=0.35 sys=0.00, real=0.07 secs] 
4680.641: [GC (Allocation Failure) [PSYoungGen: 418839K->186453K(465920K)] 1111185K->937751K(1864192K), 0.0742092 secs] [Times: user=0.38 sys=0.00, real=0.07 secs] 
4682.011: [GC (Allocation Failure) [PSYoungGen: 419413K->86506K(465920K)] 1170711K->908244K(1864192K), 0.1130801 secs] [Times: user=0.63 sys=0.00, real=0.11 secs] 
4682.725: [GC (Allocation Failure) [PSYoungGen: 319466K->177813K(465920K)] 1141204K->1026892K(1864192K), 0.0481435 secs] [Times: user=0.21 sys=0.00, real=0.05 secs] 
4682.914: [GC (Allocation Failure) [PSYoungGen: 410773K->184630K(465920K)] 1259852K->1089477K(1864192K), 0.0451302 secs] [Times: user=0.21 sys=0.00, real=0.05 secs] 
4683.074: [GC (Allocation Failure) [PSYoungGen: 417590K->186645K(465920K)] 1322437K->1147508K(1864192K), 0.0473915 secs] [Times: user=0.22 sys=0.00, real=0.05 secs] 
4684.064: [GC (Allocation Failure) [PSYoungGen: 419605K->113437K(465920K)] 1380468K->1144653K(1864192K), 0.0479625 secs] [Times: user=0.25 sys=0.00, real=0.05 secs] 
4685.250: [GC (Allocation Failure) [PSYoungGen: 346397K->154354K(465920K)] 1377613K->1221838K(1864192K), 0.1538448 secs] [Times: user=0.84 sys=0.00, real=0.15 secs] 
4685.597: [GC (Allocation Failure) [PSYoungGen: 387314K->181621K(465920K)] 1454798K->1297157K(1864192K), 0.0442681 secs] [Times: user=0.20 sys=0.00, real=0.05 secs] 
4685.807: [GC (Allocation Failure) [PSYoungGen: 414581K->185591K(465920K)] 1530117K->1364719K(1864192K), 0.0782256 secs] [Times: user=0.40 sys=0.00, real=0.08 secs] 
4686.010: [GC (Allocation Failure) [PSYoungGen: 418551K->186197K(465920K)] 1597679K->1424093K(1864192K), 0.0589156 secs] [Times: user=0.30 sys=0.00, real=0.06 secs] 
4687.925: [GC (GCLocker Initiated GC) [PSYoungGen: 419157K->88106K(465920K)] 1657053K->1396091K(1864192K), 0.1229166 secs] [Times: user=0.68 sys=0.01, real=0.12 secs] 
4688.941: [GC (Allocation Failure) [PSYoungGen: 321066K->174229K(465920K)] 1629217K->1510329K(1864192K), 0.0523270 secs] [Times: user=0.23 sys=0.00, real=0.05 secs] 
4688.993: [Full GC (Ergonomics) [PSYoungGen: 174229K->0K(465920K)] [ParOldGen: 1336100K->213100K(1398272K)] 1510329K->213100K(1864192K), [Metaspace: 60468K->60468K(1105920K)], 0.2471743 secs] [Times: user=1.16 sys=0.00, real=0.25 secs] 
4689.372: [GC (Allocation Failure) [PSYoungGen: 232960K->184566K(465920K)] 446060K->397666K(1864192K), 0.0265910 secs] [Times: user=0.09 sys=0.00, real=0.03 secs] 
4689.538: [GC (Allocation Failure) [PSYoungGen: 417526K->186901K(465920K)] 630626K->455810K(1864192K), 0.0453717 secs] [Times: user=0.21 sys=0.00, real=0.05 secs] 
4690.511: [GC (Allocation Failure) [PSYoungGen: 419861K->120431K(465920K)] 688770K->460003K(1864192K), 0.0464244 secs] [Times: user=0.23 sys=0.00, real=0.04 secs] 
4691.495: [GC (Allocation Failure) [PSYoungGen: 353391K->152449K(465920K)] 692963K->530078K(1864192K), 0.1176775 secs] [Times: user=0.64 sys=0.00, real=0.12 secs] 
4691.831: [GC (Allocation Failure) [PSYoungGen: 385409K->183285K(465920K)] 763038K->606391K(1864192K), 0.0395833 secs] [Times: user=0.17 sys=0.00, real=0.04 secs] 
4691.993: [GC (Allocation Failure) [PSYoungGen: 416245K->185591K(465920K)] 839351K->672641K(1864192K), 0.0496278 secs] [Times: user=0.23 sys=0.00, real=0.05 secs] 
4692.301: [GC (Allocation Failure) [PSYoungGen: 418551K->186389K(465920K)] 905601K->732215K(1864192K), 0.0669005 secs] [Times: user=0.34 sys=0.00, real=0.06 secs] 
4693.560: [GC (Allocation Failure) [PSYoungGen: 419349K->90458K(465920K)] 965175K->706668K(1864192K), 0.0469028 secs] [Times: user=0.24 sys=0.00, real=0.04 secs] 
4694.397: [GC (Allocation Failure) [PSYoungGen: 323418K->175445K(465920K)] 939628K->820568K(1864192K), 0.0474901 secs] [Times: user=0.21 sys=0.00, real=0.05 secs] 
4694.666: [GC (Allocation Failure) [PSYoungGen: 408405K->183893K(465920K)] 1053528K->883824K(1864192K), 0.0580338 secs] [Times: user=0.27 sys=0.00, real=0.06 secs] 
4694.890: [GC (Allocation Failure) [PSYoungGen: 416853K->186485K(465920K)] 1116784K->942320K(1864192K), 0.0631978 secs] [Times: user=0.31 sys=0.00, real=0.06 secs] 
4695.903: [GC (Allocation Failure) [PSYoungGen: 419445K->127407K(465920K)] 1175280K->953538K(1864192K), 0.0486774 secs] [Times: user=0.25 sys=0.00, real=0.05 secs] 
4697.466: [GC (Allocation Failure) [PSYoungGen: 360367K->138512K(465920K)] 1186498K->1004923K(1864192K), 0.1388632 secs] [Times: user=0.75 sys=0.00, real=0.14 secs] 
4697.940: [GC (Allocation Failure) [PSYoungGen: 371472K->178613K(465920K)] 1237883K->1089161K(1864192K), 0.0458074 secs] [Times: user=0.21 sys=0.00, real=0.04 secs] 
4698.105: [GC (Allocation Failure) [PSYoungGen: 411547K->185975K(465920K)] 1322095K->1158747K(1864192K), 0.0514869 secs] [Times: user=0.24 sys=0.00, real=0.05 secs] 
4698.271: [GC (Allocation Failure) [PSYoungGen: 418935K->184340K(465920K)] 1391707K->1215928K(1864192K), 0.0591864 secs] [Times: user=0.30 sys=0.00, real=0.06 secs] 
4699.789: [GC (Allocation Failure) [PSYoungGen: 417300K->91018K(465920K)] 1448888K->1192254K(1864192K), 0.1238933 secs] [Times: user=0.69 sys=0.00, real=0.12 secs] 
4700.563: [GC (Allocation Failure) [PSYoungGen: 323978K->176437K(465920K)] 1425214K->1307037K(1864192K), 0.0461512 secs] [Times: user=0.20 sys=0.00, real=0.05 secs] 
4700.790: [GC (Allocation Failure) [PSYoungGen: 409397K->184662K(465920K)] 1539997K->1370382K(1864192K), 0.0573925 secs] [Times: user=0.27 sys=0.00, real=0.05 secs] 
4700.985: [GC (Allocation Failure) [PSYoungGen: 417622K->187445K(465920K)] 1603342K->1429085K(1864192K), 0.0464383 secs] [Times: user=0.22 sys=0.00, real=0.05 secs] 
4701.956: [GC (Allocation Failure) [PSYoungGen: 420405K->133424K(465920K)] 1662045K->1445928K(1864192K), 0.0501157 secs] [Times: user=0.25 sys=0.00, real=0.05 secs] 
4702.006: [Full GC (Ergonomics) [PSYoungGen: 133424K->0K(465920K)] [ParOldGen: 1312504K->345117K(1398272K)] 1445928K->345117K(1864192K), [Metaspace: 60472K->60472K(1105920K)], 0.5677747 secs] [Times: user=2.45 sys=0.00, real=0.57 secs] 
4703.291: [GC (Allocation Failure) [PSYoungGen: 232960K->133072K(465920K)] 578077K->478189K(1864192K), 0.0339407 secs] [Times: user=0.12 sys=0.00, real=0.03 secs] 
4703.825: [GC (Allocation Failure) [PSYoungGen: 366032K->175668K(465920K)] 711149K->563455K(1864192K), 0.0420133 secs] [Times: user=0.19 sys=0.00, real=0.04 secs] 
4704.012: [GC (Allocation Failure) [PSYoungGen: 408628K->185239K(465920K)] 796415K->634705K(1864192K), 0.0628448 secs] [Times: user=0.31 sys=0.00, real=0.06 secs] 
4704.209: [GC (Allocation Failure) [PSYoungGen: 418199K->186869K(465920K)] 867665K->694919K(1864192K), 0.0613013 secs] [Times: user=0.27 sys=0.00, real=0.06 secs] 
4705.435: [GC (Allocation Failure) [PSYoungGen: 419829K->91562K(465920K)] 927879K->670301K(1864192K), 0.0605490 secs] [Times: user=0.32 sys=0.00, real=0.06 secs] 
4706.619: [GC (Allocation Failure) [PSYoungGen: 324522K->173973K(465920K)] 903261K->781768K(1864192K), 0.0515614 secs] [Times: user=0.23 sys=0.00, real=0.05 secs] 
4706.887: [GC (Allocation Failure) [PSYoungGen: 406912K->184534K(465920K)] 1014707K->847157K(1864192K), 0.0578756 secs] [Times: user=0.28 sys=0.00, real=0.06 secs] 
4707.114: [GC (Allocation Failure) [PSYoungGen: 417494K->186805K(465920K)] 1080117K->905228K(1864192K), 0.0658423 secs] [Times: user=0.33 sys=0.00, real=0.07 secs] 
4708.097: [GC (Allocation Failure) [PSYoungGen: 419765K->143922K(465920K)] 1138188K->932697K(1864192K), 0.0502080 secs] [Times: user=0.25 sys=0.00, real=0.05 secs] 
4708.997: [GC (Allocation Failure) [PSYoungGen: 376824K->126127K(465920K)] 1165599K->960654K(1864192K), 0.1319626 secs] [Times: user=0.73 sys=0.00, real=0.14 secs] 
4709.411: [GC (Allocation Failure) [PSYoungGen: 359087K->175284K(465920K)] 1193614K->1049828K(1864192K), 0.0457610 secs] [Times: user=0.21 sys=0.00, real=0.04 secs] 
4709.578: [GC (Allocation Failure) [PSYoungGen: 408244K->185335K(465920K)] 1282788K->1129359K(1864192K), 0.0492946 secs] [Times: user=0.23 sys=0.00, real=0.04 secs] 
4709.768: [GC (Allocation Failure) [PSYoungGen: 418295K->186901K(465920K)] 1362319K->1189805K(1864192K), 0.0604198 secs] [Times: user=0.30 sys=0.00, real=0.07 secs] 
4710.837: [GC (Allocation Failure) [PSYoungGen: 419861K->95131K(465920K)] 1422765K->1168515K(1864192K), 0.0647114 secs] [Times: user=0.34 sys=0.00, real=0.07 secs] 
4711.524: [GC (Allocation Failure) [PSYoungGen: 328091K->177301K(465920K)] 1401475K->1281582K(1864192K), 0.0524552 secs] [Times: user=0.23 sys=0.00, real=0.05 secs] 
4711.742: [GC (Allocation Failure) [PSYoungGen: 410261K->181269K(465920K)] 1514542K->1341046K(1864192K), 0.0434248 secs] [Times: user=0.19 sys=0.00, real=0.04 secs] 
4711.933: [GC (Allocation Failure) [PSYoungGen: 414229K->186933K(465920K)] 1574006K->1402042K(1864192K), 0.0660910 secs] [Times: user=0.33 sys=0.00, real=0.07 secs] 
4712.966: [GC (Allocation Failure) [PSYoungGen: 419893K->147698K(465920K)] 1635002K->1433159K(1864192K), 0.0514419 secs] [Times: user=0.25 sys=0.00, real=0.05 secs] 
4714.347: [GC (Allocation Failure) [PSYoungGen: 380658K->118190K(465920K)] 1666119K->1450443K(1864192K), 0.1760442 secs] [Times: user=0.95 sys=0.00, real=0.18 secs] 
4714.523: [Full GC (Ergonomics) [PSYoungGen: 118190K->0K(465920K)] [ParOldGen: 1332253K->135458K(1398272K)] 1450443K->135458K(1864192K), [Metaspace: 60474K->60474K(1105920K)], 0.1655227 secs] [Times: user=0.73 sys=0.00, real=0.17 secs] 
4714.915: [GC (Allocation Failure) [PSYoungGen: 232960K->176052K(465920K)] 368418K->311511K(1864192K), 0.0259759 secs] [Times: user=0.09 sys=0.00, real=0.03 secs] 
4715.065: [GC (Allocation Failure) [PSYoungGen: 409012K->185367K(465920K)] 544471K->382561K(1864192K), 0.0471985 secs] [Times: user=0.21 sys=0.00, real=0.05 secs] 
4715.229: [GC (Allocation Failure) [PSYoungGen: 418327K->186357K(465920K)] 615521K->442240K(1864192K), 0.0559037 secs] [Times: user=0.28 sys=0.00, real=0.05 secs] 
4716.710: [GC (Allocation Failure) [PSYoungGen: 419317K->95851K(465920K)] 675200K->422050K(1864192K), 0.1210363 secs] [Times: user=0.67 sys=0.00, real=0.12 secs] 
4718.616: [GC (Allocation Failure) [PSYoungGen: 328811K->167540K(465920K)] 655010K->524015K(1864192K), 0.0615007 secs] [Times: user=0.29 sys=0.00, real=0.06 secs] 
4718.853: [GC (Allocation Failure) [PSYoungGen: 400500K->184918K(465920K)] 756975K->593769K(1864192K), 0.0427498 secs] [Times: user=0.19 sys=0.00, real=0.04 secs] 
4719.011: [GC (Allocation Failure) [PSYoungGen: 412476K->178390K(465920K)] 821328K->651570K(1864192K), 0.0496408 secs] [Times: user=0.24 sys=0.01, real=0.05 secs] 
4719.961: [GC (Allocation Failure) [PSYoungGen: 411350K->168691K(465920K)] 884530K->698518K(1864192K), 0.0542684 secs] [Times: user=0.27 sys=0.00, real=0.05 secs] 
4720.488: [GC (Allocation Failure) [PSYoungGen: 401651K->105244K(465920K)] 931478K->699624K(1864192K), 0.0853301 secs] [Times: user=0.45 sys=0.00, real=0.08 secs] 
4720.998: [GC (Allocation Failure) [PSYoungGen: 331518K->177205K(465920K)] 925898K->804958K(1864192K), 0.0407821 secs] [Times: user=0.18 sys=0.00, real=0.05 secs] 
4721.182: [GC (Allocation Failure) [PSYoungGen: 410165K->184822K(465920K)] 1037918K->867750K(1864192K), 0.0477972 secs] [Times: user=0.22 sys=0.00, real=0.05 secs] 
4721.364: [GC (Allocation Failure) [PSYoungGen: 417782K->186741K(465920K)] 1100710K->925478K(1864192K), 0.0454607 secs] [Times: user=0.21 sys=0.00, real=0.05 secs] 
4722.788: [GC (Allocation Failure) [PSYoungGen: 419701K->93707K(465920K)] 1158438K->902924K(1864192K), 0.0930064 secs] [Times: user=0.50 sys=0.00, real=0.10 secs] 
4724.810: [GC (Allocation Failure) [PSYoungGen: 326667K->162387K(465920K)] 1135884K->1001425K(1864192K), 0.0911253 secs] [Times: user=0.36 sys=0.00, real=0.09 secs] 
4725.102: [GC (Allocation Failure) [PSYoungGen: 395347K->183957K(465920K)] 1234385K->1074159K(1864192K), 0.0430980 secs] [Times: user=0.20 sys=0.00, real=0.04 secs] 
4725.268: [GC (Allocation Failure) [PSYoungGen: 416917K->185975K(465920K)] 1307119K->1140104K(1864192K), 0.0512914 secs] [Times: user=0.24 sys=0.00, real=0.06 secs] 
4725.495: [GC (Allocation Failure) [PSYoungGen: 418935K->201749K(465920K)] 1373064K->1214942K(1864192K), 0.0735914 secs] [Times: user=0.38 sys=0.00, real=0.08 secs] 
4726.837: [GC (GCLocker Initiated GC) [PSYoungGen: 434709K->86346K(465920K)] 1447903K->1169492K(1864192K), 0.0930380 secs] [Times: user=0.51 sys=0.01, real=0.10 secs] 
4727.517: [GC (Allocation Failure) [PSYoungGen: 319306K->179253K(465920K)] 1402454K->1289815K(1864192K), 0.0455827 secs] [Times: user=0.20 sys=0.00, real=0.05 secs] 
4727.695: [GC (Allocation Failure) [PSYoungGen: 412213K->184310K(465920K)] 1522775K->1350771K(1864192K), 0.0458528 secs] [Times: user=0.21 sys=0.01, real=0.05 secs] 
4727.857: [GC (Allocation Failure) [PSYoungGen: 417270K->186325K(465920K)] 1583731K->1408706K(1864192K), 0.0476108 secs] [Times: user=0.22 sys=0.00, real=0.05 secs] 
4728.859: [GC (Allocation Failure) [PSYoungGen: 419285K->103132K(465920K)] 1641666K->1395690K(1864192K), 0.0509002 secs] [Times: user=0.26 sys=0.00, real=0.05 secs] 
4729.444: [GC (Allocation Failure) [PSYoungGen: 336092K->164755K(465920K)] 1628652K->1490860K(1864192K), 0.0760764 secs] [Times: user=0.38 sys=0.00, real=0.08 secs] 
4729.520: [Full GC (Ergonomics) [PSYoungGen: 164755K->0K(465920K)] [ParOldGen: 1326104K->184675K(1398272K)] 1490860K->184675K(1864192K), [Metaspace: 60475K->60475K(1105920K)], 0.1992269 secs] [Times: user=0.93 sys=0.00, real=0.20 secs] 
4729.839: [GC (Allocation Failure) [PSYoungGen: 232960K->181717K(465920K)] 417635K->366393K(1864192K), 0.0334991 secs] [Times: user=0.14 sys=0.00, real=0.03 secs] 
4730.029: [GC (Allocation Failure) [PSYoungGen: 414677K->185655K(465920K)] 599353K->433842K(1864192K), 0.0438491 secs] [Times: user=0.20 sys=0.00, real=0.04 secs] 
4730.192: [GC (Allocation Failure) [PSYoungGen: 418615K->186709K(465920K)] 666802K->493904K(1864192K), 0.0547467 secs] [Times: user=0.27 sys=0.00, real=0.05 secs] 
4731.752: [GC (Allocation Failure) [PSYoungGen: 419669K->84362K(465920K)] 726864K->461965K(1864192K), 0.1079472 secs] [Times: user=0.60 sys=0.01, real=0.11 secs] 
4732.444: [GC (Allocation Failure) [PSYoungGen: 317322K->179541K(465920K)] 694925K->584350K(1864192K), 0.0455614 secs] [Times: user=0.19 sys=0.00, real=0.05 secs] 
4732.626: [GC (Allocation Failure) [PSYoungGen: 412501K->184182K(465920K)] 817310K->645090K(1864192K), 0.0430535 secs] [Times: user=0.20 sys=0.01, real=0.05 secs] 
4732.784: [GC (Allocation Failure) [PSYoungGen: 417142K->186837K(465920K)] 878050K->703545K(1864192K), 0.0454594 secs] [Times: user=0.21 sys=0.00, real=0.05 secs] 
4733.779: [GC (Allocation Failure) [PSYoungGen: 419797K->109165K(465920K)] 936505K->696514K(1864192K), 0.0455800 secs] [Times: user=0.24 sys=0.00, real=0.04 secs] 
4735.301: [GC (Allocation Failure) [PSYoungGen: 342125K->155442K(465920K)] 929474K->777964K(1864192K), 0.0946210 secs] [Times: user=0.50 sys=0.00, real=0.09 secs] 
4735.579: [GC (Allocation Failure) [PSYoungGen: 388402K->184278K(465920K)] 1010924K->855783K(1864192K), 0.0412454 secs] [Times: user=0.18 sys=0.00, real=0.04 secs] 
4735.743: [GC (Allocation Failure) [PSYoungGen: 417238K->185687K(465920K)] 1088743K->921144K(1864192K), 0.0498096 secs] [Times: user=0.23 sys=0.00, real=0.05 secs] 
4735.906: [GC (Allocation Failure) [PSYoungGen: 418647K->186709K(465920K)] 1154104K->981206K(1864192K), 0.0562826 secs] [Times: user=0.27 sys=0.00, real=0.06 secs] 
4737.019: [GC (Allocation Failure) [PSYoungGen: 419669K->89386K(465920K)] 1214166K->954300K(1864192K), 0.0619670 secs] [Times: user=0.34 sys=0.00, real=0.06 secs] 
4738.282: [GC (Allocation Failure) [PSYoungGen: 322346K->175829K(465920K)] 1187260K->1068563K(1864192K), 0.0521218 secs] [Times: user=0.23 sys=0.00, real=0.05 secs] 
4738.535: [GC (Allocation Failure) [PSYoungGen: 408789K->184950K(465920K)] 1301523K->1132668K(1864192K), 0.0601040 secs] [Times: user=0.29 sys=0.00, real=0.06 secs] 
4738.723: [GC (Allocation Failure) [PSYoungGen: 417910K->184180K(465920K)] 1365628K->1188067K(1864192K), 0.0459821 secs] [Times: user=0.21 sys=0.00, real=0.05 secs] 
4739.723: [GC (Allocation Failure) [PSYoungGen: 417140K->117982K(465920K)] 1421027K->1191437K(1864192K), 0.0474882 secs] [Times: user=0.24 sys=0.00, real=0.05 secs] 
4741.215: [GC (Allocation Failure) [PSYoungGen: 350942K->149841K(465920K)] 1424397K->1260573K(1864192K), 0.1260319 secs] [Times: user=0.66 sys=0.00, real=0.13 secs] 
4741.636: [GC (Allocation Failure) [PSYoungGen: 382801K->181301K(465920K)] 1493533K->1338781K(1864192K), 0.0422281 secs] [Times: user=0.18 sys=0.00, real=0.04 secs] 
4741.801: [GC (Allocation Failure) [PSYoungGen: 414261K->186071K(465920K)] 1571741K->1406990K(1864192K), 0.0509718 secs] [Times: user=0.24 sys=0.00, real=0.05 secs] 
4741.968: [GC (Allocation Failure) [PSYoungGen: 419031K->186613K(465920K)] 1639950K->1466732K(1864192K), 0.0576311 secs] [Times: user=0.28 sys=0.00, real=0.05 secs] 
4743.847: [GC (Allocation Failure) [PSYoungGen: 419573K->90410K(465920K)] 1699692K->1440890K(1864192K), 0.1184772 secs] [Times: user=0.65 sys=0.01, real=0.12 secs] 
4743.965: [Full GC (Ergonomics) [PSYoungGen: 90410K->0K(465920K)] [ParOldGen: 1350479K->99859K(1398272K)] 1440890K->99859K(1864192K), [Metaspace: 60479K->60479K(1105920K)], 0.1372363 secs] [Times: user=0.56 sys=0.00, real=0.14 secs] 
4744.619: [GC (Allocation Failure) [PSYoungGen: 232960K->173877K(465920K)] 332819K->273736K(1864192K), 0.0311628 secs] [Times: user=0.11 sys=0.00, real=0.03 secs] 
4744.786: [GC (Allocation Failure) [PSYoungGen: 406837K->184758K(465920K)] 506696K->339245K(1864192K), 0.0420854 secs] [Times: user=0.19 sys=0.00, real=0.05 secs] 
4744.945: [GC (Allocation Failure) [PSYoungGen: 417718K->187061K(465920K)] 572205K->397548K(1864192K), 0.0441825 secs] [Times: user=0.20 sys=0.00, real=0.05 secs] 
4745.929: [GC (Allocation Failure) [PSYoungGen: 420021K->123631K(465920K)] 630508K->404679K(1864192K), 0.0467439 secs] [Times: user=0.24 sys=0.00, real=0.04 secs] 
4747.058: [GC (Allocation Failure) [PSYoungGen: 356591K->142049K(465920K)] 637639K->462200K(1864192K), 0.1466648 secs] [Times: user=0.81 sys=0.00, real=0.15 secs] 
4747.593: [GC (Allocation Failure) [PSYoungGen: 375009K->175636K(465920K)] 695160K->540989K(1864192K), 0.0409039 secs] [Times: user=0.18 sys=0.00, real=0.04 secs] 
4747.757: [GC (Allocation Failure) [PSYoungGen: 408596K->185719K(465920K)] 773949K->612623K(1864192K), 0.0480078 secs] [Times: user=0.22 sys=0.00, real=0.05 secs] 
4747.973: [GC (Allocation Failure) [PSYoungGen: 418679K->186581K(465920K)] 845583K->672269K(1864192K), 0.0789027 secs] [Times: user=0.40 sys=0.00, real=0.08 secs] 
4749.162: [GC (Allocation Failure) [PSYoungGen: 419541K->89882K(465920K)] 905229K->646003K(1864192K), 0.0590443 secs] [Times: user=0.32 sys=0.00, real=0.06 secs] 
4750.310: [GC (Allocation Failure) [PSYoungGen: 322842K->174005K(465920K)] 878963K->758666K(1864192K), 0.0474372 secs] [Times: user=0.20 sys=0.00, real=0.04 secs] 
4750.509: [GC (Allocation Failure) [PSYoungGen: 406965K->184662K(465920K)] 991626K->823927K(1864192K), 0.0428967 secs] [Times: user=0.20 sys=0.00, real=0.04 secs] 
4750.721: [GC (Allocation Failure) [PSYoungGen: 417622K->185781K(465920K)] 1056887K->881134K(1864192K), 0.0681540 secs] [Times: user=0.33 sys=0.00, real=0.07 secs] 
4751.720: [GC (Allocation Failure) [PSYoungGen: 418741K->137457K(465920K)] 1114094K->903026K(1864192K), 0.0493531 secs] [Times: user=0.25 sys=0.00, real=0.05 secs] 
4752.351: [GC (Allocation Failure) [PSYoungGen: 370417K->134464K(465920K)] 1135986K->943625K(1864192K), 0.1342156 secs] [Times: user=0.74 sys=0.00, real=0.13 secs] 
4752.738: [GC (Allocation Failure) [PSYoungGen: 367424K->177813K(465920K)] 1176585K->1029715K(1864192K), 0.0390805 secs] [Times: user=0.17 sys=0.00, real=0.04 secs] 
4752.901: [GC (Allocation Failure) [PSYoungGen: 410773K->185591K(465920K)] 1262675K->1099713K(1864192K), 0.0496349 secs] [Times: user=0.23 sys=0.00, real=0.05 secs] 
4753.067: [GC (Allocation Failure) [PSYoungGen: 418551K->186325K(465920K)] 1332673K->1159403K(1864192K), 0.0559207 secs] [Times: user=0.28 sys=0.00, real=0.06 secs] 
4754.157: [GC (Allocation Failure) [PSYoungGen: 419285K->91019K(465920K)] 1392363K->1134465K(1864192K), 0.0442604 secs] [Times: user=0.24 sys=0.00, real=0.05 secs] 
4754.769: [GC (Allocation Failure) [PSYoungGen: 323979K->173749K(465920K)] 1367425K->1246639K(1864192K), 0.0595031 secs] [Times: user=0.26 sys=0.01, real=0.05 secs] 
4755.002: [GC (Allocation Failure) [PSYoungGen: 406709K->184438K(465920K)] 1479599K->1312104K(1864192K), 0.0438671 secs] [Times: user=0.20 sys=0.00, real=0.04 secs] 
4755.185: [GC (Allocation Failure) [PSYoungGen: 417398K->187349K(465920K)] 1545064K->1370928K(1864192K), 0.0640821 secs] [Times: user=0.32 sys=0.00, real=0.07 secs] 
4756.236: [GC (Allocation Failure) [PSYoungGen: 420309K->141393K(465920K)] 1603888K->1395716K(1864192K), 0.0507449 secs] [Times: user=0.25 sys=0.00, real=0.05 secs] 
4757.510: [GC (Allocation Failure) [PSYoungGen: 374353K->130575K(465920K)] 1628676K->1429482K(1864192K), 0.1614526 secs] [Times: user=0.90 sys=0.00, real=0.16 secs] 
4758.051: [GC (Allocation Failure) [PSYoungGen: 363535K->175796K(465920K)] 1662442K->1515816K(1864192K), 0.0473613 secs] [Times: user=0.22 sys=0.00, real=0.05 secs] 
4758.099: [Full GC (Ergonomics) [PSYoungGen: 175796K->0K(465920K)] [ParOldGen: 1340019K->234045K(1398272K)] 1515816K->234045K(1864192K), [Metaspace: 60479K->60479K(1105920K)], 0.2760193 secs] [Times: user=1.25 sys=0.00, real=0.27 secs] 
4758.505: [GC (Allocation Failure) [PSYoungGen: 232960K->185527K(465920K)] 467005K->419572K(1864192K), 0.0874708 secs] [Times: user=0.46 sys=0.00, real=0.09 secs] 
4758.717: [GC (Allocation Failure) [PSYoungGen: 418487K->186517K(465920K)] 652532K->479330K(1864192K), 0.0580783 secs] [Times: user=0.28 sys=0.00, real=0.06 secs] 
4760.013: [GC (Allocation Failure) [PSYoungGen: 419477K->91355K(465920K)] 712290K->454520K(1864192K), 0.1075009 secs] [Times: user=0.59 sys=0.01, real=0.11 secs] 
4761.199: [GC (Allocation Failure) [PSYoungGen: 324315K->172436K(465920K)] 687480K->564527K(1864192K), 0.0568750 secs] [Times: user=0.26 sys=0.00, real=0.05 secs] 
4761.447: [GC (Allocation Failure) [PSYoungGen: 405396K->184406K(465920K)] 797487K->630860K(1864192K), 0.0423639 secs] [Times: user=0.19 sys=0.00, real=0.05 secs] 
4761.600: [GC (Allocation Failure) [PSYoungGen: 402814K->168405K(465920K)] 849268K->678979K(1864192K), 0.0470490 secs] [Times: user=0.22 sys=0.00, real=0.04 secs] 
4762.566: [GC (Allocation Failure) [PSYoungGen: 401365K->168979K(402432K)] 911939K->732929K(1800704K), 0.0547459 secs] [Times: user=0.26 sys=0.00, real=0.06 secs] 
4762.956: [GC (GCLocker Initiated GC) [PSYoungGen: 401939K->105788K(462848K)] 965889K->734499K(1861120K), 0.0658155 secs] [Times: user=0.35 sys=0.01, real=0.07 secs] 
4763.723: [GC (Allocation Failure) [PSYoungGen: 337212K->173493K(464384K)] 974118K->843780K(1862656K), 0.1559875 secs] [Times: user=0.87 sys=0.00, real=0.16 secs] 
4764.001: [GC (Allocation Failure) [PSYoungGen: 404917K->182454K(465408K)] 1075204K->908705K(1863680K), 0.1659617 secs] [Times: user=0.94 sys=0.00, real=0.16 secs] 
4764.281: [GC (Allocation Failure) [PSYoungGen: 415414K->183540K(465920K)] 1141665K->967743K(1864192K), 0.0596768 secs] [Times: user=0.29 sys=0.00, real=0.06 secs] 
4765.382: [GC (GCLocker Initiated GC) [PSYoungGen: 416500K->95163K(465920K)] 1200703K->948686K(1864192K), 0.0480828 secs] [Times: user=0.25 sys=0.00, real=0.05 secs] 
4766.559: [GC (Allocation Failure) [PSYoungGen: 328123K->169940K(465920K)] 1181649K->1054322K(1864192K), 0.0848996 secs] [Times: user=0.41 sys=0.00, real=0.08 secs] 
4766.832: [GC (Allocation Failure) [PSYoungGen: 402900K->184246K(465920K)] 1287282K->1120524K(1864192K), 0.0420619 secs] [Times: user=0.18 sys=0.00, real=0.04 secs] 
4766.997: [GC (Allocation Failure) [PSYoungGen: 417206K->186071K(465920K)] 1353484K->1186446K(1864192K), 0.0501055 secs] [Times: user=0.23 sys=0.00, real=0.05 secs] 
4767.887: [GC (Allocation Failure) [PSYoungGen: 417198K->212276K(465920K)] 1417573K->1271667K(1864192K), 0.0532238 secs] [Times: user=0.26 sys=0.00, real=0.06 secs] 
4769.150: [GC (Allocation Failure) [PSYoungGen: 445218K->93739K(465920K)] 1504609K->1220466K(1864192K), 0.0862134 secs] [Times: user=0.46 sys=0.00, real=0.08 secs] 
4769.894: [GC (Allocation Failure) [PSYoungGen: 326699K->178549K(465920K)] 1453426K->1334545K(1864192K), 0.0465503 secs] [Times: user=0.21 sys=0.00, real=0.05 secs] 
4770.137: [GC (Allocation Failure) [PSYoungGen: 411453K->184502K(465920K)] 1567449K->1396189K(1864192K), 0.0606611 secs] [Times: user=0.30 sys=0.00, real=0.06 secs] 
4770.329: [GC (Allocation Failure) [PSYoungGen: 417462K->183348K(465920K)] 1629149K->1451044K(1864192K), 0.0465063 secs] [Times: user=0.21 sys=0.01, real=0.04 secs] 
4771.392: [GC (Allocation Failure) [PSYoungGen: 416308K->103052K(465920K)] 1684004K->1440132K(1864192K), 0.0471540 secs] [Times: user=0.24 sys=0.00, real=0.05 secs] 
4771.439: [Full GC (Ergonomics) [PSYoungGen: 103052K->0K(465920K)] [ParOldGen: 1337079K->91453K(1398272K)] 1440132K->91453K(1864192K), [Metaspace: 60480K->60480K(1105920K)], 0.0371811 secs] [Times: user=0.12 sys=0.00, real=0.03 secs] 
4772.023: [GC (Allocation Failure) [PSYoungGen: 232960K->168404K(465920K)] 324413K->259857K(1864192K), 0.0458667 secs] [Times: user=0.18 sys=0.00, real=0.05 secs] 
4772.318: [GC (Allocation Failure) [PSYoungGen: 401364K->180853K(465920K)] 492817K->324802K(1864192K), 0.0478486 secs] [Times: user=0.22 sys=0.00, real=0.04 secs] 
4772.519: [GC (Allocation Failure) [PSYoungGen: 413813K->186007K(465920K)] 557762K->393124K(1864192K), 0.0705390 secs] [Times: user=0.35 sys=0.00, real=0.07 secs] 
4772.761: [GC (Allocation Failure) [PSYoungGen: 418967K->183380K(465920K)] 626084K->449426K(1864192K), 0.0721043 secs] [Times: user=0.37 sys=0.00, real=0.07 secs] 
4774.296: [GC (Allocation Failure) [PSYoungGen: 416340K->89450K(465920K)] 682386K->424759K(1864192K), 0.0988595 secs] [Times: user=0.54 sys=0.00, real=0.10 secs] 
4774.851: [GC (GCLocker Initiated GC) [PSYoungGen: 322410K->178357K(465920K)] 657721K->542509K(1864192K), 0.0408279 secs] [Times: user=0.18 sys=0.00, real=0.04 secs] 
4775.012: [GC (Allocation Failure) [PSYoungGen: 411317K->184470K(465920K)] 775634K->604511K(1864192K), 0.0426994 secs] [Times: user=0.19 sys=0.00, real=0.04 secs] 
4775.212: [GC (Allocation Failure) [PSYoungGen: 417430K->186293K(465920K)] 837471K->662182K(1864192K), 0.0643058 secs] [Times: user=0.32 sys=0.00, real=0.06 secs] 
4776.296: [GC (Allocation Failure) [PSYoungGen: 419253K->105020K(465920K)] 895142K->651110K(1864192K), 0.0447695 secs] [Times: user=0.23 sys=0.00, real=0.05 secs] 
4777.861: [GC (GCLocker Initiated GC) [PSYoungGen: 337980K->156786K(465920K)] 884070K->737100K(1864192K), 0.0745651 secs] [Times: user=0.38 sys=0.00, real=0.07 secs] 
4778.102: [GC (Allocation Failure) [PSYoungGen: 389746K->184310K(465920K)] 970227K->814250K(1864192K), 0.0414247 secs] [Times: user=0.19 sys=0.00, real=0.04 secs] 
4778.315: [GC (Allocation Failure) [PSYoungGen: 417270K->185559K(465920K)] 1047210K->879587K(1864192K), 0.0772258 secs] [Times: user=0.39 sys=0.00, real=0.08 secs] 
4778.562: [GC (Allocation Failure) [PSYoungGen: 418519K->186677K(465920K)] 1112547K->939609K(1864192K), 0.0724299 secs] [Times: user=0.37 sys=0.00, real=0.07 secs] 
4779.719: [GC (Allocation Failure) [PSYoungGen: 419637K->87050K(465920K)] 1172569K->910198K(1864192K), 0.0733338 secs] [Times: user=0.40 sys=0.00, real=0.07 secs] 
4780.762: [GC (Allocation Failure) [PSYoungGen: 320010K->176981K(465920K)] 1143158K->1027446K(1864192K), 0.0518264 secs] [Times: user=0.22 sys=0.01, real=0.05 secs] 
4781.044: [GC (Allocation Failure) [PSYoungGen: 409941K->184630K(465920K)] 1260406K->1090179K(1864192K), 0.0587192 secs] [Times: user=0.28 sys=0.00, real=0.06 secs] 
4781.264: [GC (Allocation Failure) [PSYoungGen: 417590K->186965K(465920K)] 1323139K->1148634K(1864192K), 0.0504557 secs] [Times: user=0.24 sys=0.00, real=0.05 secs] 
4782.288: [GC (Allocation Failure) [PSYoungGen: 419925K->112077K(465920K)] 1381594K->1144259K(1864192K), 0.0470772 secs] [Times: user=0.24 sys=0.00, real=0.04 secs] 
4783.797: [GC (Allocation Failure) [PSYoungGen: 345037K->151794K(465920K)] 1377219K->1219556K(1864192K), 0.1302202 secs] [Times: user=0.70 sys=0.00, real=0.13 secs] 
4784.202: [GC (Allocation Failure) [PSYoungGen: 384754K->192566K(465920K)] 1452516K->1307724K(1864192K), 0.0422441 secs] [Times: user=0.19 sys=0.00, real=0.04 secs] 
4784.392: [GC (Allocation Failure) [PSYoungGen: 425526K->183126K(465920K)] 1540684K->1362405K(1864192K), 0.0688712 secs] [Times: user=0.34 sys=0.00, real=0.07 secs] 
4784.594: [GC (Allocation Failure) [PSYoungGen: 416086K->186613K(465920K)] 1595365K->1424235K(1864192K), 0.0579642 secs] [Times: user=0.28 sys=0.00, real=0.06 secs] 
4786.403: [GC (Allocation Failure) [PSYoungGen: 419573K->89322K(465920K)] 1657195K->1397321K(1864192K), 0.1130057 secs] [Times: user=0.61 sys=0.01, real=0.11 secs] 
4787.052: [GC (Allocation Failure) [PSYoungGen: 322282K->175285K(465920K)] 1630281K->1511672K(1864192K), 0.0435820 secs] [Times: user=0.19 sys=0.00, real=0.04 secs] 
4787.095: [Full GC (Ergonomics) [PSYoungGen: 175285K->0K(465920K)] [ParOldGen: 1336387K->213395K(1398272K)] 1511672K->213395K(1864192K), [Metaspace: 60480K->60480K(1105920K)], 0.2334492 secs] [Times: user=1.06 sys=0.00, real=0.24 secs] 
4787.456: [GC (Allocation Failure) [PSYoungGen: 232960K->184438K(465920K)] 446355K->397833K(1864192K), 0.0267981 secs] [Times: user=0.09 sys=0.00, real=0.03 secs] 
4787.630: [GC (Allocation Failure) [PSYoungGen: 417398K->186677K(465920K)] 630793K->455904K(1864192K), 0.0585766 secs] [Times: user=0.29 sys=0.00, real=0.06 secs] 
4788.690: [GC (Allocation Failure) [PSYoungGen: 419637K->121295K(465920K)] 688864K->461018K(1864192K), 0.0465628 secs] [Times: user=0.23 sys=0.00, real=0.04 secs] 
4789.324: [GC (Allocation Failure) [PSYoungGen: 351565K->142097K(465920K)] 691289K->520276K(1864192K), 0.1213966 secs] [Times: user=0.65 sys=0.01, real=0.12 secs] 
4790.028: [GC (Allocation Failure) [PSYoungGen: 375057K->177941K(465920K)] 753236K->601577K(1864192K), 0.0478555 secs] [Times: user=0.22 sys=0.00, real=0.04 secs] 
4790.199: [GC (Allocation Failure) [PSYoungGen: 410901K->185623K(465920K)] 834537K->671283K(1864192K), 0.0492648 secs] [Times: user=0.23 sys=0.00, real=0.04 secs] 
4790.387: [GC (Allocation Failure) [PSYoungGen: 418583K->186805K(465920K)] 904243K->731329K(1864192K), 0.0615976 secs] [Times: user=0.31 sys=0.00, real=0.07 secs] 
4792.026: [GC (Allocation Failure) [PSYoungGen: 419765K->85978K(465920K)] 964289K->701134K(1864192K), 0.1261617 secs] [Times: user=0.70 sys=0.00, real=0.13 secs] 
4793.164: [GC (Allocation Failure) [PSYoungGen: 318938K->179029K(465920K)] 934094K->821850K(1864192K), 0.0494176 secs] [Times: user=0.22 sys=0.00, real=0.05 secs] 
4793.364: [GC (Allocation Failure) [PSYoungGen: 411989K->192726K(465920K)] 1054810K->890291K(1864192K), 0.0438031 secs] [Times: user=0.20 sys=0.00, real=0.04 secs] 
4793.577: [GC (Allocation Failure) [PSYoungGen: 425686K->186869K(465920K)] 1123251K->940346K(1864192K), 0.0691580 secs] [Times: user=0.34 sys=0.00, real=0.07 secs] 
4794.994: [GC (Allocation Failure) [PSYoungGen: 419829K->137137K(465920K)] 1173306K->961094K(1864192K), 0.0497429 secs] [Times: user=0.25 sys=0.00, real=0.05 secs] 
4795.871: [GC (GCLocker Initiated GC) [PSYoungGen: 370097K->133280K(465920K)] 1194054K->1000557K(1864192K), 0.1236082 secs] [Times: user=0.68 sys=0.01, real=0.12 secs] 
4796.323: [GC (Allocation Failure) [PSYoungGen: 366240K->172724K(465920K)] 1233519K->1082700K(1864192K), 0.0421717 secs] [Times: user=0.19 sys=0.00, real=0.04 secs] 
4796.490: [GC (Allocation Failure) [PSYoungGen: 405684K->185399K(465920K)] 1315660K->1156003K(1864192K), 0.0513573 secs] [Times: user=0.23 sys=0.00, real=0.05 secs] 
4796.690: [GC (Allocation Failure) [PSYoungGen: 418359K->186869K(465920K)] 1388963K->1216266K(1864192K), 0.0742145 secs] [Times: user=0.38 sys=0.00, real=0.07 secs] 
4798.009: [GC (Allocation Failure) [PSYoungGen: 419829K->91915K(465920K)] 1449226K->1191775K(1864192K), 0.0777021 secs] [Times: user=0.42 sys=0.00, real=0.07 secs] 
4799.645: [GC (Allocation Failure) [PSYoungGen: 324875K->169268K(465920K)] 1424735K->1298238K(1864192K), 0.0670430 secs] [Times: user=0.30 sys=0.00, real=0.07 secs] 
4799.905: [GC (Allocation Failure) [PSYoungGen: 402228K->184758K(465920K)] 1531198K->1366799K(1864192K), 0.0437555 secs] [Times: user=0.20 sys=0.00, real=0.05 secs] 
4800.062: [GC (Allocation Failure) [PSYoungGen: 401978K->170037K(465920K)] 1584020K->1416270K(1864192K), 0.0485318 secs] [Times: user=0.23 sys=0.00, real=0.05 secs] 
4801.062: [GC (Allocation Failure) [PSYoungGen: 402997K->168434K(465920K)] 1649230K->1468492K(1864192K), 0.0537360 secs] [Times: user=0.27 sys=0.00, real=0.05 secs] 
4802.084: [GC (Allocation Failure) [PSYoungGen: 401394K->106700K(465920K)] 1701452K->1471142K(1864192K), 0.0901693 secs] [Times: user=0.49 sys=0.01, real=0.09 secs] 
4802.175: [Full GC (Ergonomics) [PSYoungGen: 106700K->0K(465920K)] [ParOldGen: 1364441K->124332K(1398272K)] 1471142K->124332K(1864192K), [Metaspace: 60480K->60480K(1105920K)], 0.1764905 secs] [Times: user=0.77 sys=0.00, real=0.18 secs] 
4802.703: [GC (Allocation Failure) [PSYoungGen: 230296K->175637K(465920K)] 354629K->299969K(1864192K), 0.0240568 secs] [Times: user=0.09 sys=0.00, real=0.02 secs] 
4802.848: [GC (Allocation Failure) [PSYoungGen: 408597K->183862K(465920K)] 532929K->363198K(1864192K), 0.0409430 secs] [Times: user=0.19 sys=0.00, real=0.04 secs] 
4803.006: [GC (Allocation Failure) [PSYoungGen: 416822K->186837K(465920K)] 596158K->421861K(1864192K), 0.0441381 secs] [Times: user=0.20 sys=0.00, real=0.05 secs] 
4804.032: [GC (Allocation Failure) [PSYoungGen: 419797K->96971K(465920K)] 654821K->402364K(1864192K), 0.0440924 secs] [Times: user=0.23 sys=0.00, real=0.04 secs] 
4804.858: [GC (Allocation Failure) [PSYoungGen: 329931K->169876K(465920K)] 635324K->506578K(1864192K), 0.0600967 secs] [Times: user=0.29 sys=0.00, real=0.06 secs] 
4805.109: [GC (Allocation Failure) [PSYoungGen: 402836K->184854K(465920K)] 739538K->574831K(1864192K), 0.0498189 secs] [Times: user=0.24 sys=0.00, real=0.05 secs] 
4805.301: [GC (Allocation Failure) [PSYoungGen: 417814K->183062K(465920K)] 807791K->637432K(1864192K), 0.0602009 secs] [Times: user=0.29 sys=0.00, real=0.06 secs] 
4805.818: [GC (Allocation Failure) [PSYoungGen: 413418K->212084K(465920K)] 867788K->724245K(1864192K), 0.0522168 secs] [Times: user=0.26 sys=0.00, real=0.06 secs] 
4807.034: [GC (Allocation Failure) [PSYoungGen: 445044K->92186K(465920K)] 957205K->671552K(1864192K), 0.0931911 secs] [Times: user=0.51 sys=0.01, real=0.09 secs] 
4807.828: [GC (Allocation Failure) [PSYoungGen: 325146K->179957K(465920K)] 904512K->788748K(1864192K), 0.0466698 secs] [Times: user=0.21 sys=0.00, real=0.04 secs] 
4808.009: [GC (Allocation Failure) [PSYoungGen: 412917K->184662K(465920K)] 1021708K->849612K(1864192K), 0.0433705 secs] [Times: user=0.20 sys=0.00, real=0.04 secs] 
4808.229: [GC (Allocation Failure) [PSYoungGen: 417622K->186389K(465920K)] 1082572K->907339K(1864192K), 0.0626447 secs] [Times: user=0.31 sys=0.00, real=0.06 secs] 
4809.348: [GC (Allocation Failure) [PSYoungGen: 419349K->99836K(465920K)] 1140299K->891138K(1864192K), 0.0512236 secs] [Times: user=0.27 sys=0.00, real=0.06 secs] 
4810.388: [GC (Allocation Failure) [PSYoungGen: 332796K->167604K(465920K)] 1124098K->991555K(1864192K), 0.0770056 secs] [Times: user=0.38 sys=0.01, real=0.07 secs] 
4810.685: [GC (Allocation Failure) [PSYoungGen: 400564K->181365K(465920K)] 1224515K->1057689K(1864192K), 0.0457760 secs] [Times: user=0.21 sys=0.00, real=0.05 secs] 
4810.855: [GC (Allocation Failure) [PSYoungGen: 414325K->185879K(465920K)] 1290649K->1125810K(1864192K), 0.0504799 secs] [Times: user=0.23 sys=0.00, real=0.05 secs] 
4811.055: [GC (Allocation Failure) [PSYoungGen: 418839K->186581K(465920K)] 1358770K->1185593K(1864192K), 0.0775944 secs] [Times: user=0.40 sys=0.00, real=0.08 secs] 
4812.856: [GC (Allocation Failure) [PSYoungGen: 419541K->84954K(465920K)] 1418553K->1154213K(1864192K), 0.1092368 secs] [Times: user=0.60 sys=0.01, real=0.11 secs] 
4813.647: [GC (Allocation Failure) [PSYoungGen: 317914K->178325K(465920K)] 1387173K->1274158K(1864192K), 0.0463174 secs] [Times: user=0.21 sys=0.00, real=0.05 secs] 
4813.868: [GC (Allocation Failure) [PSYoungGen: 411285K->184950K(465920K)] 1507118K->1336642K(1864192K), 0.0581589 secs] [Times: user=0.28 sys=0.00, real=0.06 secs] 
4814.056: [GC (Allocation Failure) [PSYoungGen: 417910K->203445K(465920K)] 1569602K->1411194K(1864192K), 0.0473442 secs] [Times: user=0.22 sys=0.00, real=0.05 secs] 
4815.063: [GC (Allocation Failure) [PSYoungGen: 436405K->104332K(465920K)] 1644154K->1382673K(1864192K), 0.0465424 secs] [Times: user=0.24 sys=0.00, real=0.05 secs] 
4816.556: [GC (Allocation Failure) [PSYoungGen: 337292K->157779K(465920K)] 1615633K->1469532K(1864192K), 0.1131940 secs] [Times: user=0.59 sys=0.00, real=0.12 secs] 
4816.669: [Full GC (Ergonomics) [PSYoungGen: 157779K->0K(465920K)] [ParOldGen: 1311753K->177323K(1398272K)] 1469532K->177323K(1864192K), [Metaspace: 60480K->60480K(1105920K)], 0.2354118 secs] [Times: user=1.14 sys=0.00, real=0.23 secs] 
4817.044: [GC (Allocation Failure) [PSYoungGen: 232960K->181845K(465920K)] 410283K->359168K(1864192K), 0.0327711 secs] [Times: user=0.13 sys=0.00, real=0.03 secs] 
4817.202: [GC (Allocation Failure) [PSYoungGen: 414805K->185751K(465920K)] 592128K->426562K(1864192K), 0.0441469 secs] [Times: user=0.19 sys=0.00, real=0.04 secs] 
4817.401: [GC (Allocation Failure) [PSYoungGen: 418711K->186485K(465920K)] 659522K->486248K(1864192K), 0.0614734 secs] [Times: user=0.30 sys=0.00, real=0.06 secs] 
4818.980: [GC (Allocation Failure) [PSYoungGen: 418063K->87914K(465920K)] 717826K->457857K(1864192K), 0.1068960 secs] [Times: user=0.58 sys=0.00, real=0.10 secs] 
4820.005: [GC (Allocation Failure) [PSYoungGen: 320874K->174421K(465920K)] 690817K->572905K(1864192K), 0.0495393 secs] [Times: user=0.22 sys=0.00, real=0.05 secs] 
4820.206: [GC (Allocation Failure) [PSYoungGen: 407381K->184662K(465920K)] 805865K->637710K(1864192K), 0.0426200 secs] [Times: user=0.19 sys=0.00, real=0.05 secs] 
4820.405: [GC (Allocation Failure) [PSYoungGen: 417622K->186133K(465920K)] 870670K->695173K(1864192K), 0.0696453 secs] [Times: user=0.35 sys=0.00, real=0.07 secs] 
4821.462: [GC (Allocation Failure) [PSYoungGen: 419093K->116750K(465920K)] 928133K->696006K(1864192K), 0.0465666 secs] [Times: user=0.24 sys=0.00, real=0.04 secs] 
4822.016: [GC (Allocation Failure) [PSYoungGen: 349710K->154290K(465920K)] 928966K->771627K(1864192K), 0.1009916 secs] [Times: user=0.53 sys=0.00, real=0.10 secs] 
4822.285: [GC (Allocation Failure) [PSYoungGen: 387250K->184053K(465920K)] 1004587K->849271K(1864192K), 0.0409224 secs] [Times: user=0.18 sys=0.00, real=0.04 secs] 
4822.478: [GC (Allocation Failure) [PSYoungGen: 417013K->185623K(465920K)] 1082231K->914956K(1864192K), 0.0553157 secs] [Times: user=0.27 sys=0.00, real=0.06 secs] 
4822.667: [GC (Allocation Failure) [PSYoungGen: 418583K->183572K(465920K)] 1147916K->971938K(1864192K), 0.0563681 secs] [Times: user=0.28 sys=0.01, real=0.06 secs] 
4824.158: [GC (Allocation Failure) [PSYoungGen: 416532K->89066K(465920K)] 1204898K->946748K(1864192K), 0.0860502 secs] [Times: user=0.47 sys=0.00, real=0.09 secs] 
4824.803: [GC (Allocation Failure) [PSYoungGen: 322026K->178069K(465920K)] 1179708K->1064139K(1864192K), 0.0468803 secs] [Times: user=0.21 sys=0.00, real=0.05 secs] 
4825.027: [GC (Allocation Failure) [PSYoungGen: 411029K->182293K(465920K)] 1297099K->1123972K(1864192K), 0.0614187 secs] [Times: user=0.29 sys=0.00, real=0.07 secs] 
4825.255: [GC (Allocation Failure) [PSYoungGen: 415253K->186549K(465920K)] 1356932K->1183699K(1864192K), 0.0635103 secs] [Times: user=0.31 sys=0.00, real=0.06 secs] 
4826.278: [GC (Allocation Failure) [PSYoungGen: 419509K->119902K(465920K)] 1416659K->1187401K(1864192K), 0.0487999 secs] [Times: user=0.24 sys=0.00, real=0.04 secs] 
4827.420: [GC (Allocation Failure) [PSYoungGen: 352862K->147825K(465920K)] 1420361K->1253976K(1864192K), 0.0940118 secs] [Times: user=0.49 sys=0.00, real=0.09 secs] 
4827.818: [GC (Allocation Failure) [PSYoungGen: 380785K->181077K(465920K)] 1486936K->1333200K(1864192K), 0.0424797 secs] [Times: user=0.19 sys=0.00, real=0.05 secs] 
4827.984: [GC (Allocation Failure) [PSYoungGen: 414037K->185783K(465920K)] 1566160K->1401370K(1864192K), 0.0522940 secs] [Times: user=0.25 sys=0.01, real=0.05 secs] 
4828.153: [GC (Allocation Failure) [PSYoungGen: 418743K->186677K(465920K)] 1634330K->1461120K(1864192K), 0.0596113 secs] [Times: user=0.29 sys=0.00, real=0.06 secs] 
4829.655: [GC (Allocation Failure) [PSYoungGen: 419637K->91947K(465920K)] 1694080K->1436902K(1864192K), 0.1192390 secs] [Times: user=0.66 sys=0.00, real=0.12 secs] 
4829.774: [Full GC (Ergonomics) [PSYoungGen: 91947K->0K(465920K)] [ParOldGen: 1344955K->100490K(1398272K)] 1436902K->100490K(1864192K), [Metaspace: 60480K->60480K(1105920K)], 0.1372202 secs] [Times: user=0.57 sys=0.00, real=0.14 secs] 
4830.537: [GC (Allocation Failure) [PSYoungGen: 232960K->175477K(465920K)] 333450K->275967K(1864192K), 0.0351105 secs] [Times: user=0.13 sys=0.00, real=0.04 secs] 
4830.786: [GC (Allocation Failure) [PSYoungGen: 408437K->178805K(465920K)] 508927K->333715K(1864192K), 0.0620689 secs] [Times: user=0.29 sys=0.00, real=0.06 secs] 
4830.987: [GC (Allocation Failure) [PSYoungGen: 411765K->186581K(465920K)] 566675K->396179K(1864192K), 0.0440697 secs] [Times: user=0.20 sys=0.00, real=0.05 secs] 
4831.963: [GC (Allocation Failure) [PSYoungGen: 419541K->129200K(465920K)] 629139K->409238K(1864192K), 0.0475866 secs] [Times: user=0.24 sys=0.00, real=0.05 secs] 
4832.395: [GC (Allocation Failure) [PSYoungGen: 362056K->145713K(465920K)] 642094K->466695K(1864192K), 0.1317883 secs] [Times: user=0.72 sys=0.00, real=0.13 secs] 
4832.813: [GC (Allocation Failure) [PSYoungGen: 378673K->180405K(465920K)] 699655K->546732K(1864192K), 0.0389160 secs] [Times: user=0.17 sys=0.00, real=0.04 secs] 
4832.976: [GC (Allocation Failure) [PSYoungGen: 413365K->185719K(465920K)] 779692K->615498K(1864192K), 0.0490671 secs] [Times: user=0.23 sys=0.00, real=0.05 secs] 
4833.142: [GC (Allocation Failure) [PSYoungGen: 418679K->186357K(465920K)] 848458K->675040K(1864192K), 0.0557264 secs] [Times: user=0.28 sys=0.01, real=0.05 secs] 
4834.683: [GC (Allocation Failure) [PSYoungGen: 419317K->88714K(465920K)] 908000K->647738K(1864192K), 0.0929434 secs] [Times: user=0.51 sys=0.00, real=0.09 secs] 
4835.378: [GC (Allocation Failure) [PSYoungGen: 321674K->175573K(465920K)] 880698K->763197K(1864192K), 0.0422011 secs] [Times: user=0.18 sys=0.00, real=0.04 secs] 
4835.552: [GC (Allocation Failure) [PSYoungGen: 408533K->183221K(465920K)] 996157K->825786K(1864192K), 0.0428285 secs] [Times: user=0.19 sys=0.00, real=0.04 secs] 
4835.712: [GC (Allocation Failure) [PSYoungGen: 416181K->186933K(465920K)] 1058746K->885041K(1864192K), 0.0455200 secs] [Times: user=0.21 sys=0.01, real=0.04 secs] 
4836.768: [GC (Allocation Failure) [PSYoungGen: 419893K->130928K(465920K)] 1118001K->899452K(1864192K), 0.0481115 secs] [Times: user=0.24 sys=0.00, real=0.05 secs] 
4837.958: [GC (Allocation Failure) [PSYoungGen: 363888K->138752K(465920K)] 1132412K->948669K(1864192K), 0.1057612 secs] [Times: user=0.57 sys=0.00, real=0.10 secs] 
4838.302: [GC (Allocation Failure) [PSYoungGen: 371712K->184052K(465920K)] 1181629K->1038320K(1864192K), 0.0396208 secs] [Times: user=0.18 sys=0.00, real=0.04 secs] 
4838.465: [GC (Allocation Failure) [PSYoungGen: 417012K->185463K(465920K)] 1271280K->1101619K(1864192K), 0.0494659 secs] [Times: user=0.23 sys=0.00, real=0.05 secs] 
4838.683: [GC (Allocation Failure) [PSYoungGen: 418423K->186421K(465920K)] 1334579K->1161377K(1864192K), 0.0787551 secs] [Times: user=0.41 sys=0.00, real=0.08 secs] 
4839.728: [GC (GCLocker Initiated GC) [PSYoungGen: 419381K->87898K(465920K)] 1394338K->1133223K(1864192K), 0.0502634 secs] [Times: user=0.26 sys=0.01, real=0.05 secs] 
4840.186: [GC (Allocation Failure) [PSYoungGen: 320858K->177493K(465920K)] 1366350K->1251726K(1864192K), 0.0520178 secs] [Times: user=0.22 sys=0.00, real=0.06 secs] 
4840.444: [GC (Allocation Failure) [PSYoungGen: 410453K->181365K(465920K)] 1484686K->1310970K(1864192K), 0.0610887 secs] [Times: user=0.29 sys=0.00, real=0.06 secs] 
4840.631: [GC (Allocation Failure) [PSYoungGen: 414325K->186997K(465920K)] 1543930K->1371946K(1864192K), 0.0460171 secs] [Times: user=0.21 sys=0.00, real=0.04 secs] 
4841.655: [GC (Allocation Failure) [PSYoungGen: 419957K->141041K(465920K)] 1604906K->1396566K(1864192K), 0.0504324 secs] [Times: user=0.25 sys=0.00, real=0.05 secs] 
4843.045: [GC (Allocation Failure) [PSYoungGen: 374001K->125071K(465920K)] 1629526K->1425183K(1864192K), 0.1587351 secs] [Times: user=0.89 sys=0.00, real=0.16 secs] 
4843.615: [GC (Allocation Failure) [PSYoungGen: 358031K->178709K(465920K)] 1658143K->1518779K(1864192K), 0.0398450 secs] [Times: user=0.17 sys=0.00, real=0.04 secs] 
4843.655: [Full GC (Ergonomics) [PSYoungGen: 178709K->0K(465920K)] [ParOldGen: 1340069K->235725K(1398272K)] 1518779K->235725K(1864192K), [Metaspace: 60480K->60480K(1105920K)], 0.2710513 secs] [Times: user=1.21 sys=0.00, real=0.27 secs] 
4844.048: [GC (Allocation Failure) [PSYoungGen: 232960K->182902K(465920K)] 468685K->418628K(1864192K), 0.0898871 secs] [Times: user=0.47 sys=0.00, real=0.09 secs] 
4844.256: [GC (Allocation Failure) [PSYoungGen: 415862K->186869K(465920K)] 651588K->480890K(1864192K), 0.0568713 secs] [Times: user=0.28 sys=0.00, real=0.06 secs] 
4845.640: [GC (Allocation Failure) [PSYoungGen: 419829K->92683K(465920K)] 713850K->457184K(1864192K), 0.0774139 secs] [Times: user=0.41 sys=0.00, real=0.07 secs] 
4846.770: [GC (Allocation Failure) [PSYoungGen: 325643K->171124K(465920K)] 690144K->565423K(1864192K), 0.0696356 secs] [Times: user=0.32 sys=0.00, real=0.07 secs] 
4847.056: [GC (Allocation Failure) [PSYoungGen: 404084K->184246K(465920K)] 798383K->632280K(1864192K), 0.0424132 secs] [Times: user=0.18 sys=0.01, real=0.05 secs] 
4847.239: [GC (Allocation Failure) [PSYoungGen: 401268K->170197K(465920K)] 849303K->682287K(1864192K), 0.0686352 secs] [Times: user=0.34 sys=0.00, real=0.06 secs] 
4848.253: [GC (Allocation Failure) [PSYoungGen: 403157K->169555K(402944K)] 915247K->735717K(1801216K), 0.0546346 secs] [Times: user=0.28 sys=0.00, real=0.05 secs] 
4848.670: [GC (Allocation Failure) [PSYoungGen: 402515K->107836K(464896K)] 968677K->738919K(1863168K), 0.0530353 secs] [Times: user=0.27 sys=0.00, real=0.05 secs] 
4849.484: [GC (Allocation Failure) [PSYoungGen: 334853K->175637K(465408K)] 965936K->841076K(1863680K), 0.0388022 secs] [Times: user=0.17 sys=0.00, real=0.04 secs] 
4849.674: [GC (Allocation Failure) [PSYoungGen: 408085K->178965K(465920K)] 1073524K->899216K(1864192K), 0.0556016 secs] [Times: user=0.27 sys=0.00, real=0.06 secs] 
4849.912: [GC (Allocation Failure) [PSYoungGen: 411925K->186581K(465920K)] 1132176K->961528K(1864192K), 0.0650162 secs] [Times: user=0.32 sys=0.00, real=0.06 secs] 
4851.218: [GC (Allocation Failure) [PSYoungGen: 419541K->100252K(465920K)] 1194488K->945575K(1864192K), 0.0906327 secs] [Times: user=0.49 sys=0.00, real=0.09 secs] 
4852.688: [GC (Allocation Failure) [PSYoungGen: 333212K->164211K(465920K)] 1178535K->1041596K(1864192K), 0.0902758 secs] [Times: user=0.45 sys=0.00, real=0.09 secs] 
4852.965: [GC (Allocation Failure) [PSYoungGen: 397171K->181973K(465920K)] 1274556K->1110606K(1864192K), 0.0415568 secs] [Times: user=0.19 sys=0.00, real=0.04 secs] 
4853.149: [GC (Allocation Failure) [PSYoungGen: 414933K->185911K(465920K)] 1343566K->1178015K(1864192K), 0.0567405 secs] [Times: user=0.28 sys=0.00, real=0.05 secs] 
4853.358: [GC (Allocation Failure) [PSYoungGen: 418871K->218837K(465920K)] 1410975K->1269973K(1864192K), 0.0556384 secs] [Times: user=0.27 sys=0.00, real=0.06 secs] 
4854.948: [GC (Allocation Failure) [PSYoungGen: 451797K->86762K(465920K)] 1502933K->1207954K(1864192K), 0.1010308 secs] [Times: user=0.55 sys=0.00, real=0.11 secs] 
4855.645: [GC (Allocation Failure) [PSYoungGen: 319722K->182486K(465920K)] 1440914K->1331555K(1864192K), 0.0484160 secs] [Times: user=0.21 sys=0.00, real=0.05 secs] 
4855.827: [GC (Allocation Failure) [PSYoungGen: 415446K->181781K(465920K)] 1564515K->1387671K(1864192K), 0.0438398 secs] [Times: user=0.20 sys=0.00, real=0.05 secs] 
4855.987: [GC (Allocation Failure) [PSYoungGen: 414741K->186709K(465920K)] 1620631K->1448198K(1864192K), 0.0458323 secs] [Times: user=0.21 sys=0.00, real=0.05 secs] 
4857.001: [GC (GCLocker Initiated GC) [PSYoungGen: 419669K->102076K(465920K)] 1681159K->1433807K(1864192K), 0.0460204 secs] [Times: user=0.24 sys=0.00, real=0.04 secs] 
4857.047: [Full GC (Ergonomics) [PSYoungGen: 102076K->0K(465920K)] [ParOldGen: 1331730K->89569K(1398272K)] 1433807K->89569K(1864192K), [Metaspace: 60480K->60480K(1105920K)], 0.0331298 secs] [Times: user=0.09 sys=0.00, real=0.04 secs] 
4857.967: [GC (Allocation Failure) [PSYoungGen: 232960K->162643K(465920K)] 322530K->252214K(1864192K), 0.0525602 secs] [Times: user=0.17 sys=0.00, real=0.06 secs] 
4858.353: [GC (Allocation Failure) [PSYoungGen: 395603K->181365K(465920K)] 485174K->321964K(1864192K), 0.0426080 secs] [Times: user=0.19 sys=0.00, real=0.04 secs] 
4858.519: [GC (Allocation Failure) [PSYoungGen: 414325K->185975K(465920K)] 554924K->390053K(1864192K), 0.0489978 secs] [Times: user=0.22 sys=0.01, real=0.04 secs] 
4858.736: [GC (Allocation Failure) [PSYoungGen: 418935K->183284K(465920K)] 623013K->446379K(1864192K), 0.0773456 secs] [Times: user=0.40 sys=0.00, real=0.08 secs] 
4860.378: [GC (Allocation Failure) [PSYoungGen: 416244K->88218K(465920K)] 679339K->420341K(1864192K), 0.1058711 secs] [Times: user=0.58 sys=0.00, real=0.11 secs] 
4861.657: [GC (Allocation Failure) [PSYoungGen: 321178K->181909K(465920K)] 653301K->541749K(1864192K), 0.0594213 secs] [Times: user=0.26 sys=0.00, real=0.06 secs] 
4861.885: [GC (Allocation Failure) [PSYoungGen: 414869K->184662K(465920K)] 774709K->600073K(1864192K), 0.0434979 secs] [Times: user=0.19 sys=0.01, real=0.05 secs] 
4862.070: [GC (Allocation Failure) [PSYoungGen: 417622K->186773K(465920K)] 833033K->658080K(1864192K), 0.0627547 secs] [Times: user=0.31 sys=0.00, real=0.06 secs] 
4863.144: [GC (Allocation Failure) [PSYoungGen: 419733K->111933K(465920K)] 891040K->653561K(1864192K), 0.0461334 secs] [Times: user=0.23 sys=0.00, real=0.05 secs] 
4863.889: [GC (Allocation Failure) [PSYoungGen: 344893K->154962K(465920K)] 886521K->732923K(1864192K), 0.0911233 secs] [Times: user=0.47 sys=0.00, real=0.09 secs] 
4864.165: [GC (Allocation Failure) [PSYoungGen: 387922K->184022K(465920K)] 965883K->810694K(1864192K), 0.0420776 secs] [Times: user=0.18 sys=0.00, real=0.04 secs] 
4864.386: [GC (Allocation Failure) [PSYoungGen: 416982K->185719K(465920K)] 1043654K->876343K(1864192K), 0.0745448 secs] [Times: user=0.37 sys=0.00, real=0.08 secs] 
4864.628: [GC (Allocation Failure) [PSYoungGen: 418679K->181044K(465920K)] 1109303K->930637K(1864192K), 0.0803852 secs] [Times: user=0.42 sys=0.00, real=0.08 secs] 
4865.836: [GC (Allocation Failure) [PSYoungGen: 414004K->96107K(465920K)] 1163597K->913988K(1864192K), 0.0624740 secs] [Times: user=0.33 sys=0.00, real=0.07 secs] 
4867.197: [GC (Allocation Failure) [PSYoungGen: 329067K->171508K(465920K)] 1146948K->1020058K(1864192K), 0.0556167 secs] [Times: user=0.25 sys=0.00, real=0.06 secs] 
4867.411: [GC (Allocation Failure) [PSYoungGen: 404468K->181685K(465920K)] 1253018K->1083879K(1864192K), 0.0424391 secs] [Times: user=0.20 sys=0.00, real=0.04 secs] 
4867.570: [GC (Allocation Failure) [PSYoungGen: 414645K->186933K(465920K)] 1316839K->1144526K(1864192K), 0.0456420 secs] [Times: user=0.22 sys=0.00, real=0.04 secs] 
4868.587: [GC (Allocation Failure) [PSYoungGen: 419893K->121071K(465920K)] 1377486K->1149128K(1864192K), 0.0479310 secs] [Times: user=0.25 sys=0.00, real=0.05 secs] 
4869.734: [GC (Allocation Failure) [PSYoungGen: 354031K->149809K(465920K)] 1382088K->1216211K(1864192K), 0.1016555 secs] [Times: user=0.55 sys=0.00, real=0.10 secs] 
4870.130: [GC (Allocation Failure) [PSYoungGen: 382769K->180949K(465920K)] 1449171K->1294528K(1864192K), 0.0412686 secs] [Times: user=0.18 sys=0.01, real=0.04 secs] 
4870.326: [GC (Allocation Failure) [PSYoungGen: 413909K->185783K(465920K)] 1527488K->1362657K(1864192K), 0.0710571 secs] [Times: user=0.35 sys=0.00, real=0.07 secs] 
4870.583: [GC (Allocation Failure) [PSYoungGen: 418743K->186517K(465920K)] 1595617K->1422511K(1864192K), 0.0807690 secs] [Times: user=0.42 sys=0.00, real=0.08 secs] 
4872.299: [GC (Allocation Failure) [PSYoungGen: 419477K->88554K(465920K)] 1655471K->1394885K(1864192K), 0.1234982 secs] [Times: user=0.69 sys=0.00, real=0.12 secs] 
4873.443: [GC (Allocation Failure) [PSYoungGen: 321514K->174197K(465920K)] 1627845K->1508916K(1864192K), 0.0469441 secs] [Times: user=0.20 sys=0.00, real=0.05 secs] 
4873.490: [Full GC (Ergonomics) [PSYoungGen: 174197K->0K(465920K)] [ParOldGen: 1334719K->211072K(1398272K)] 1508916K->211072K(1864192K), [Metaspace: 60480K->60480K(1105920K)], 0.2295258 secs] [Times: user=1.04 sys=0.00, real=0.23 secs] 
4873.843: [GC (Allocation Failure) [PSYoungGen: 232960K->184694K(465920K)] 444032K->395766K(1864192K), 0.0267481 secs] [Times: user=0.10 sys=0.00, real=0.03 secs] 
4873.983: [GC (Allocation Failure) [PSYoungGen: 417654K->187189K(465920K)] 628726K->454093K(1864192K), 0.0440960 secs] [Times: user=0.20 sys=0.00, real=0.04 secs] 
4874.969: [GC (Allocation Failure) [PSYoungGen: 420149K->125871K(465920K)] 687053K->463296K(1864192K), 0.0468164 secs] [Times: user=0.24 sys=0.00, real=0.04 secs] 
4875.787: [GC (GCLocker Initiated GC) [PSYoungGen: 358831K->138144K(465920K)] 696256K->515689K(1864192K), 0.1341108 secs] [Times: user=0.73 sys=0.00, real=0.14 secs] 
4876.402: [GC (Allocation Failure) [PSYoungGen: 371104K->175732K(465920K)] 748652K->597329K(1864192K), 0.0487506 secs] [Times: user=0.23 sys=0.01, real=0.05 secs] 
4876.574: [GC (Allocation Failure) [PSYoungGen: 408692K->185527K(465920K)] 830289K->668683K(1864192K), 0.0491879 secs] [Times: user=0.23 sys=0.00, real=0.05 secs] 
4876.740: [GC (Allocation Failure) [PSYoungGen: 418487K->186709K(465920K)] 901643K->728601K(1864192K), 0.0564065 secs] [Times: user=0.28 sys=0.00, real=0.05 secs] 
4878.255: [GC (Allocation Failure) [PSYoungGen: 419669K->91194K(465920K)] 961561K->703511K(1864192K), 0.1087057 secs] [Times: user=0.60 sys=0.00, real=0.11 secs] 
4879.710: [GC (Allocation Failure) [PSYoungGen: 324154K->173845K(465920K)] 936471K->815198K(1864192K), 0.0630270 secs] [Times: user=0.27 sys=0.00, real=0.06 secs] 
4879.992: [GC (Allocation Failure) [PSYoungGen: 406805K->184342K(465920K)] 1048158K->880255K(1864192K), 0.0446686 secs] [Times: user=0.20 sys=0.00, real=0.04 secs] 
4880.187: [GC (Allocation Failure) [PSYoungGen: 417302K->187221K(465920K)] 1113215K->938958K(1864192K), 0.0598337 secs] [Times: user=0.29 sys=0.00, real=0.06 secs] 
4881.236: [GC (Allocation Failure) [PSYoungGen: 420181K->138961K(465920K)] 1171918K->961298K(1864192K), 0.0496937 secs] [Times: user=0.25 sys=0.00, real=0.05 secs] 
4882.256: [GC (Allocation Failure) [PSYoungGen: 371921K->131695K(465920K)] 1194258K->998249K(1864192K), 0.1272462 secs] [Times: user=0.70 sys=0.00, real=0.13 secs] 
4882.663: [GC (Allocation Failure) [PSYoungGen: 364655K->175156K(465920K)] 1231209K->1083422K(1864192K), 0.0508407 secs] [Times: user=0.24 sys=0.00, real=0.05 secs] 
4882.851: [GC (Allocation Failure) [PSYoungGen: 408116K->185207K(465920K)] 1316382K->1155073K(1864192K), 0.0495372 secs] [Times: user=0.23 sys=0.00, real=0.05 secs] 
4883.048: [GC (GCLocker Initiated GC) [PSYoungGen: 418167K->183444K(465920K)] 1388034K->1212112K(1864192K), 0.0833062 secs] [Times: user=0.43 sys=0.00, real=0.08 secs] 
4884.245: [GC (Allocation Failure) [PSYoungGen: 416404K->97451K(465920K)] 1445238K->1195709K(1864192K), 0.0533151 secs] [Times: user=0.28 sys=0.00, real=0.05 secs] 
4884.908: [GC (Allocation Failure) [PSYoungGen: 330411K->177653K(465920K)] 1428669K->1307011K(1864192K), 0.0557612 secs] [Times: user=0.25 sys=0.00, real=0.06 secs] 
4885.126: [GC (Allocation Failure) [PSYoungGen: 410613K->181557K(465920K)] 1539971K->1366495K(1864192K), 0.0438751 secs] [Times: user=0.20 sys=0.00, real=0.05 secs] 
4885.286: [GC (Allocation Failure) [PSYoungGen: 414517K->186965K(465920K)] 1599455K->1427167K(1864192K), 0.0464002 secs] [Times: user=0.22 sys=0.00, real=0.05 secs] 
4886.249: [GC (Allocation Failure) [PSYoungGen: 419925K->143825K(465920K)] 1660127K->1454660K(1864192K), 0.0513349 secs] [Times: user=0.26 sys=0.00, real=0.05 secs] 
4886.300: [Full GC (Ergonomics) [PSYoungGen: 143825K->0K(465920K)] [ParOldGen: 1310834K->353055K(1398272K)] 1454660K->353055K(1864192K), [Metaspace: 60480K->60480K(1105920K)], 0.5643068 secs] [Times: user=2.44 sys=0.00, real=0.56 secs] 
4888.157: [GC (Allocation Failure) [PSYoungGen: 232960K->122510K(465920K)] 586015K->475566K(1864192K), 0.0430620 secs] [Times: user=0.17 sys=0.00, real=0.05 secs] 
4888.956: [GC (Allocation Failure) [PSYoungGen: 355470K->173204K(465920K)] 708526K->565405K(1864192K), 0.0550543 secs] [Times: user=0.26 sys=0.00, real=0.06 secs] 
4889.158: [GC (Allocation Failure) [PSYoungGen: 406164K->185495K(465920K)] 798365K->638751K(1864192K), 0.0477194 secs] [Times: user=0.22 sys=0.00, real=0.05 secs] 
4889.322: [GC (Allocation Failure) [PSYoungGen: 418455K->186869K(465920K)] 871711K->699029K(1864192K), 0.0566922 secs] [Times: user=0.28 sys=0.00, real=0.06 secs] 
4890.557: [GC (Allocation Failure) [PSYoungGen: 419829K->98891K(465920K)] 931989K->681524K(1864192K), 0.0696745 secs] [Times: user=0.37 sys=0.00, real=0.07 secs] 
4891.521: [GC (Allocation Failure) [PSYoungGen: 331851K->168308K(465920K)] 914484K->782673K(1864192K), 0.0491743 secs] [Times: user=0.21 sys=0.00, real=0.05 secs] 
4891.802: [GC (Allocation Failure) [PSYoungGen: 401257K->184406K(465920K)] 1015623K->851563K(1864192K), 0.0530979 secs] [Times: user=0.25 sys=0.00, real=0.05 secs] 
4891.977: [GC (Allocation Failure) [PSYoungGen: 408680K->172725K(465920K)] 1075837K->904099K(1864192K), 0.0483915 secs] [Times: user=0.22 sys=0.00, real=0.05 secs] 
4892.935: [GC (Allocation Failure) [PSYoungGen: 405685K->170099K(403456K)] 1137059K->956360K(1801728K), 0.0549515 secs] [Times: user=0.27 sys=0.00, real=0.06 secs] 
4893.984: [GC (Allocation Failure) [PSYoungGen: 403059K->101884K(461824K)] 1189320K->953241K(1860096K), 0.1132352 secs] [Times: user=0.62 sys=0.00, real=0.11 secs] 
4895.063: [GC (Allocation Failure) [PSYoungGen: 332796K->178133K(463872K)] 1184153K->1061916K(1862144K), 0.0494106 secs] [Times: user=0.22 sys=0.00, real=0.05 secs] 
4895.320: [GC (Allocation Failure) [PSYoungGen: 409045K->183157K(465920K)] 1292828K->1122548K(1864192K), 0.0607740 secs] [Times: user=0.29 sys=0.00, real=0.06 secs] 
4895.502: [GC (Allocation Failure) [PSYoungGen: 416117K->186997K(465920K)] 1355508K->1181811K(1864192K), 0.0477252 secs] [Times: user=0.23 sys=0.00, real=0.05 secs] 
4896.679: [GC (Allocation Failure) [PSYoungGen: 419957K->97595K(465920K)] 1414771K->1163042K(1864192K), 0.0555454 secs] [Times: user=0.30 sys=0.00, real=0.05 secs] 
4898.217: [GC (Allocation Failure) [PSYoungGen: 330555K->166612K(465920K)] 1396002K->1263215K(1864192K), 0.1033354 secs] [Times: user=0.52 sys=0.00, real=0.11 secs] 
4898.534: [GC (Allocation Failure) [PSYoungGen: 399572K->184726K(465920K)] 1496175K->1333757K(1864192K), 0.0427147 secs] [Times: user=0.19 sys=0.01, real=0.04 secs] 
4898.700: [GC (Allocation Failure) [PSYoungGen: 417686K->185751K(465920K)] 1566717K->1399094K(1864192K), 0.0504978 secs] [Times: user=0.24 sys=0.00, real=0.05 secs] 
4898.997: [GC (Allocation Failure) [PSYoungGen: 418393K->215060K(465920K)] 1631736K->1487380K(1864192K), 0.0559215 secs] [Times: user=0.27 sys=0.00, real=0.06 secs] 
4900.418: [GC (Allocation Failure) [PSYoungGen: 448020K->90202K(465920K)] 1720340K->1430954K(1864192K), 0.0849308 secs] [Times: user=0.46 sys=0.01, real=0.09 secs] 
4900.503: [Full GC (Ergonomics) [PSYoungGen: 90202K->0K(465920K)] [ParOldGen: 1340751K->107480K(1398272K)] 1430954K->107480K(1864192K), [Metaspace: 60480K->59574K(1105920K)], 0.1637592 secs] [Times: user=0.67 sys=0.00, real=0.16 secs] 
4901.085: [GC (Allocation Failure) [PSYoungGen: 232960K->179381K(465920K)] 340440K->286861K(1864192K), 0.0251444 secs] [Times: user=0.09 sys=0.00, real=0.03 secs] 
4901.271: [GC (Allocation Failure) [PSYoungGen: 412341K->184118K(465920K)] 519821K->347426K(1864192K), 0.0563491 secs] [Times: user=0.27 sys=0.00, real=0.05 secs] 
4901.511: [GC (Allocation Failure) [PSYoungGen: 417078K->203317K(465920K)] 580386K->422481K(1864192K), 0.0623340 secs] [Times: user=0.31 sys=0.00, real=0.06 secs] 
4902.517: [GC (Allocation Failure) [PSYoungGen: 436277K->100716K(465920K)] 655441K->390460K(1864192K), 0.0439755 secs] [Times: user=0.23 sys=0.00, real=0.05 secs] 
4903.784: [GC (Allocation Failure) [PSYoungGen: 333676K->163283K(465920K)] 623420K->485216K(1864192K), 0.1192497 secs] [Times: user=0.62 sys=0.00, real=0.12 secs] 
4904.179: [GC (Allocation Failure) [PSYoungGen: 396243K->181525K(465920K)] 718176K->554630K(1864192K), 0.0412665 secs] [Times: user=0.18 sys=0.00, real=0.04 secs] 
4904.343: [GC (Allocation Failure) [PSYoungGen: 414485K->185879K(465920K)] 787590K->630464K(1864192K), 0.0491778 secs] [Times: user=0.23 sys=0.00, real=0.05 secs] 
4904.510: [GC (Allocation Failure) [PSYoungGen: 418839K->186677K(465920K)] 863424K->690334K(1864192K), 0.0558289 secs] [Times: user=0.27 sys=0.00, real=0.05 secs] 
4905.883: [GC (Allocation Failure) [PSYoungGen: 419637K->87338K(465920K)] 923294K->661491K(1864192K), 0.0711826 secs] [Times: user=0.39 sys=0.00, real=0.07 secs] 
4906.692: [GC (Allocation Failure) [PSYoungGen: 320298K->181558K(465920K)] 894451K->783324K(1864192K), 0.0572963 secs] [Times: user=0.25 sys=0.00, real=0.06 secs] 
4906.917: [GC (Allocation Failure) [PSYoungGen: 414518K->182293K(465920K)] 1016284K->840523K(1864192K), 0.0435070 secs] [Times: user=0.19 sys=0.00, real=0.05 secs] 
4907.293: [GC (Allocation Failure) [PSYoungGen: 415253K->186421K(465920K)] 1073483K->900147K(1864192K), 0.0713855 secs] [Times: user=0.35 sys=0.00, real=0.07 secs] 
4908.607: [GC (Allocation Failure) [PSYoungGen: 419381K->106877K(465920K)] 1133107K->890979K(1864192K), 0.0460091 secs] [Times: user=0.24 sys=0.00, real=0.05 secs] 
4909.302: [GC (Allocation Failure) [PSYoungGen: 339837K->158419K(465920K)] 1123939K->977329K(1864192K), 0.0913803 secs] [Times: user=0.41 sys=0.00, real=0.09 secs] 
4909.675: [GC (Allocation Failure) [PSYoungGen: 391379K->184310K(465920K)] 1210289K->1052552K(1864192K), 0.0429889 secs] [Times: user=0.20 sys=0.01, real=0.04 secs] 
4909.840: [GC (Allocation Failure) [PSYoungGen: 417270K->185687K(465920K)] 1285512K->1118025K(1864192K), 0.0514147 secs] [Times: user=0.24 sys=0.00, real=0.05 secs] 
4910.005: [GC (Allocation Failure) [PSYoungGen: 418647K->186485K(465920K)] 1350985K->1177711K(1864192K), 0.0576170 secs] [Times: user=0.28 sys=0.00, real=0.06 secs] 
4911.179: [GC (Allocation Failure) [PSYoungGen: 419445K->88186K(465920K)] 1410671K->1149877K(1864192K), 0.0523717 secs] [Times: user=0.28 sys=0.00, real=0.05 secs] 
4912.454: [GC (Allocation Failure) [PSYoungGen: 321146K->176885K(465920K)] 1382837K->1266356K(1864192K), 0.0527057 secs] [Times: user=0.24 sys=0.00, real=0.05 secs] 
4912.711: [GC (Allocation Failure) [PSYoungGen: 409845K->184726K(465920K)] 1499316K->1329305K(1864192K), 0.0595864 secs] [Times: user=0.29 sys=0.00, real=0.06 secs] 
4912.887: [GC (Allocation Failure) [PSYoungGen: 417686K->184084K(465920K)] 1562265K->1385008K(1864192K), 0.0476526 secs] [Times: user=0.23 sys=0.00, real=0.05 secs] 
4914.061: [GC (Allocation Failure) [PSYoungGen: 417044K->115678K(465920K)] 1617968K->1386017K(1864192K), 0.0490943 secs] [Times: user=0.25 sys=0.00, real=0.05 secs] 
4915.812: [GC (Allocation Failure) [PSYoungGen: 348638K->148561K(465920K)] 1618977K->1456430K(1864192K), 0.1370046 secs] [Times: user=0.74 sys=0.00, real=0.14 secs] 
4916.405: [GC (Allocation Failure) [PSYoungGen: 381521K->191637K(465920K)] 1689390K->1545978K(1864192K), 0.0451275 secs] [Times: user=0.20 sys=0.00, real=0.05 secs] 
4916.450: [Full GC (Ergonomics) [PSYoungGen: 191637K->0K(465920K)] [ParOldGen: 1354340K->247765K(1398272K)] 1545978K->247765K(1864192K), [Metaspace: 59574K->59574K(1105920K)], 0.2915924 secs] [Times: user=1.33 sys=0.00, real=0.29 secs] 
4916.863: [GC (Allocation Failure) [PSYoungGen: 232960K->185495K(465920K)] 480725K->433260K(1864192K), 0.0830037 secs] [Times: user=0.43 sys=0.00, real=0.08 secs] 
4917.073: [GC (Allocation Failure) [PSYoungGen: 418455K->200148K(465920K)] 666220K->506634K(1864192K), 0.0559055 secs] [Times: user=0.28 sys=0.00, real=0.06 secs] 
4918.391: [GC (Allocation Failure) [PSYoungGen: 433108K->92747K(465920K)] 739594K->468568K(1864192K), 0.0866353 secs] [Times: user=0.46 sys=0.00, real=0.08 secs] 
4919.205: [GC (Allocation Failure) [PSYoungGen: 325707K->171092K(465920K)] 701528K->576406K(1864192K), 0.0486426 secs] [Times: user=0.21 sys=0.00, real=0.05 secs] 
4919.481: [GC (Allocation Failure) [PSYoungGen: 404052K->184438K(465920K)] 809366K->643488K(1864192K), 0.0491503 secs] [Times: user=0.21 sys=0.00, real=0.05 secs] 
4919.671: [GC (Allocation Failure) [PSYoungGen: 417398K->187157K(465920K)] 876448K->702111K(1864192K), 0.0532506 secs] [Times: user=0.25 sys=0.01, real=0.05 secs] 
4920.718: [GC (Allocation Failure) [PSYoungGen: 420117K->126447K(465920K)] 935071K->711969K(1864192K), 0.0477036 secs] [Times: user=0.24 sys=0.00, real=0.05 secs] 
4921.719: [GC (Allocation Failure) [PSYoungGen: 359407K->141553K(465920K)] 944929K->767235K(1864192K), 0.1345838 secs] [Times: user=0.74 sys=0.00, real=0.13 secs] 
4922.491: [GC (Allocation Failure) [PSYoungGen: 374513K->175476K(465920K)] 1000195K->846495K(1864192K), 0.0521037 secs] [Times: user=0.24 sys=0.00, real=0.05 secs] 
4922.673: [GC (Allocation Failure) [PSYoungGen: 408436K->185687K(465920K)] 1079455K->918274K(1864192K), 0.0491547 secs] [Times: user=0.23 sys=0.00, real=0.05 secs] 
4922.841: [GC (Allocation Failure) [PSYoungGen: 418647K->186613K(465920K)] 1151234K->978192K(1864192K), 0.0580405 secs] [Times: user=0.28 sys=0.01, real=0.06 secs] 
4924.105: [GC (Allocation Failure) [PSYoungGen: 419573K->90970K(465920K)] 1211152K->952950K(1864192K), 0.0675186 secs] [Times: user=0.36 sys=0.00, real=0.07 secs] 
4925.137: [GC (Allocation Failure) [PSYoungGen: 323930K->174293K(465920K)] 1185910K->1065055K(1864192K), 0.0532060 secs] [Times: user=0.23 sys=0.00, real=0.06 secs] 
4925.361: [GC (Allocation Failure) [PSYoungGen: 407253K->181653K(465920K)] 1298015K->1127044K(1864192K), 0.0445430 secs] [Times: user=0.21 sys=0.00, real=0.04 secs] 
4925.522: [GC (Allocation Failure) [PSYoungGen: 414613K->187189K(465920K)] 1360004K->1187651K(1864192K), 0.0475532 secs] [Times: user=0.23 sys=0.00, real=0.05 secs] 
4926.487: [GC (Allocation Failure) [PSYoungGen: 420149K->138737K(465920K)] 1420611K->1209679K(1864192K), 0.0511547 secs] [Times: user=0.25 sys=0.00, real=0.06 secs] 
4927.275: [GC (Allocation Failure) [PSYoungGen: 371697K->133296K(465920K)] 1442639K->1248278K(1864192K), 0.1484910 secs] [Times: user=0.82 sys=0.01, real=0.15 secs] 
4927.777: [GC (Allocation Failure) [PSYoungGen: 366256K->177813K(465920K)] 1481238K->1335216K(1864192K), 0.0397164 secs] [Times: user=0.17 sys=0.00, real=0.04 secs] 
4927.984: [GC (Allocation Failure) [PSYoungGen: 410773K->182870K(465920K)] 1568176K->1402470K(1864192K), 0.0799162 secs] [Times: user=0.40 sys=0.00, real=0.08 secs] 
4928.252: [GC (Allocation Failure) [PSYoungGen: 415830K->186581K(465920K)] 1635430K->1464660K(1864192K), 0.0662741 secs] [Times: user=0.33 sys=0.00, real=0.07 secs] 
4929.327: [GC (GCLocker Initiated GC) [PSYoungGen: 419541K->93787K(465920K)] 1697620K->1442282K(1864192K), 0.0629882 secs] [Times: user=0.34 sys=0.00, real=0.07 secs] 
4929.390: [Full GC (Ergonomics) [PSYoungGen: 93787K->0K(465920K)] [ParOldGen: 1348495K->95884K(1398272K)] 1442282K->95884K(1864192K), [Metaspace: 59574K->59574K(1105920K)], 0.0734986 secs] [Times: user=0.29 sys=0.01, real=0.07 secs] 
4931.066: [GC (Allocation Failure) [PSYoungGen: 232960K->170004K(465920K)] 329011K->266055K(1864192K), 0.0458758 secs] [Times: user=0.17 sys=0.00, real=0.05 secs] 
4931.305: [GC (Allocation Failure) [PSYoungGen: 402964K->184758K(465920K)] 499015K->333685K(1864192K), 0.0407788 secs] [Times: user=0.18 sys=0.00, real=0.04 secs] 
4931.457: [GC (Allocation Failure) [PSYoungGen: 417718K->184949K(465920K)] 566645K->389908K(1864192K), 0.0443352 secs] [Times: user=0.20 sys=0.00, real=0.05 secs] 
4932.410: [GC (Allocation Failure) [PSYoungGen: 417909K->148978K(465920K)] 622868K->423657K(1864192K), 0.0498801 secs] [Times: user=0.25 sys=0.00, real=0.05 secs] 
4934.175: [GC (Allocation Failure) [PSYoungGen: 381938K->121214K(465920K)] 656617K->442965K(1864192K), 0.1377179 secs] [Times: user=0.76 sys=0.01, real=0.14 secs] 
4934.568: [GC (Allocation Failure) [PSYoungGen: 354174K->175604K(465920K)] 675925K->535672K(1864192K), 0.0365552 secs] [Times: user=0.16 sys=0.00, real=0.04 secs] 
4934.727: [GC (Allocation Failure) [PSYoungGen: 408564K->185367K(465920K)] 768632K->607095K(1864192K), 0.0479162 secs] [Times: user=0.22 sys=0.00, real=0.05 secs] 
4934.892: [GC (Allocation Failure) [PSYoungGen: 418327K->186645K(465920K)] 840055K->667069K(1864192K), 0.0554097 secs] [Times: user=0.28 sys=0.00, real=0.05 secs] 
4936.132: [GC (Allocation Failure) [PSYoungGen: 419605K->94027K(465920K)] 900029K->644931K(1864192K), 0.0627563 secs] [Times: user=0.33 sys=0.00, real=0.06 secs] 
4936.864: [GC (Allocation Failure) [PSYoungGen: 326987K->173205K(465920K)] 877891K->754438K(1864192K), 0.0520564 secs] [Times: user=0.23 sys=0.00, real=0.05 secs] 
4937.119: [GC (Allocation Failure) [PSYoungGen: 406165K->189269K(465920K)] 987398K->824674K(1864192K), 0.0577843 secs] [Times: user=0.28 sys=0.00, real=0.05 secs] 
4937.353: [GC (Allocation Failure) [PSYoungGen: 408280K->174997K(465920K)] 1043685K->873619K(1864192K), 0.0703796 secs] [Times: user=0.35 sys=0.00, real=0.07 secs] 
4938.356: [GC (Allocation Failure) [PSYoungGen: 407957K->169043K(465920K)] 1106579K->923128K(1864192K), 0.0536865 secs] [Times: user=0.27 sys=0.00, real=0.06 secs] 
4939.122: [GC (Allocation Failure) [PSYoungGen: 402003K->101932K(465920K)] 1156088K->920625K(1864192K), 0.1131330 secs] [Times: user=0.61 sys=0.00, real=0.11 secs] 
4940.084: [GC (Allocation Failure) [PSYoungGen: 334892K->181557K(465920K)] 1153585K->1032854K(1864192K), 0.0543367 secs] [Times: user=0.24 sys=0.00, real=0.05 secs] 
4940.350: [GC (Allocation Failure) [PSYoungGen: 414517K->184278K(465920K)] 1265814K->1091142K(1864192K), 0.0603975 secs] [Times: user=0.29 sys=0.00, real=0.06 secs] 
4940.596: [GC (Allocation Failure) [PSYoungGen: 417238K->186517K(465920K)] 1324102K->1149173K(1864192K), 0.0622851 secs] [Times: user=0.31 sys=0.00, real=0.07 secs] 
4941.605: [GC (Allocation Failure) [PSYoungGen: 419477K->100796K(465920K)] 1382133K->1133796K(1864192K), 0.0457026 secs] [Times: user=0.24 sys=0.00, real=0.05 secs] 
4943.008: [GC (Allocation Failure) [PSYoungGen: 333756K->166228K(465920K)] 1366756K->1231417K(1864192K), 0.0747794 secs] [Times: user=0.37 sys=0.00, real=0.08 secs] 
4943.249: [GC (Allocation Failure) [PSYoungGen: 399188K->184726K(465920K)] 1464377K->1302279K(1864192K), 0.0443883 secs] [Times: user=0.20 sys=0.00, real=0.04 secs] 
4943.417: [GC (Allocation Failure) [PSYoungGen: 417686K->185783K(465920K)] 1535239K->1367520K(1864192K), 0.0521086 secs] [Times: user=0.24 sys=0.00, real=0.06 secs] 
4943.704: [GC (Allocation Failure) [PSYoungGen: 418652K->196276K(465920K)] 1600389K->1436989K(1864192K), 0.0540484 secs] [Times: user=0.26 sys=0.01, real=0.06 secs] 
4944.794: [GC (Allocation Failure) [PSYoungGen: 429236K->91450K(465920K)] 1669949K->1399908K(1864192K), 0.0478226 secs] [Times: user=0.25 sys=0.00, real=0.05 secs] 
4945.181: [GC (Allocation Failure) [PSYoungGen: 324410K->183094K(465920K)] 1632868K->1520676K(1864192K), 0.0352629 secs] [Times: user=0.14 sys=0.00, real=0.03 secs] 
4945.216: [Full GC (Ergonomics) [PSYoungGen: 183094K->0K(465920K)] [ParOldGen: 1337582K->229354K(1398272K)] 1520676K->229354K(1864192K), [Metaspace: 59591K->59591K(1105920K)], 0.2544277 secs] [Times: user=1.14 sys=0.00, real=0.26 secs] 
4945.592: [GC (Allocation Failure) [PSYoungGen: 232960K->181621K(465920K)] 462314K->410975K(1864192K), 0.0260714 secs] [Times: user=0.09 sys=0.00, real=0.03 secs] 
4945.735: [GC (Allocation Failure) [PSYoungGen: 414581K->186837K(465920K)] 643935K->471455K(1864192K), 0.0447025 secs] [Times: user=0.21 sys=0.00, real=0.05 secs] 
4946.848: [GC (Allocation Failure) [PSYoungGen: 419797K->99692K(465920K)] 704415K->454534K(1864192K), 0.0503097 secs] [Times: user=0.27 sys=0.00, real=0.05 secs] 
4947.819: [GC (Allocation Failure) [PSYoungGen: 332652K->167316K(465920K)] 687494K->554498K(1864192K), 0.0821061 secs] [Times: user=0.41 sys=0.00, real=0.08 secs] 
4948.080: [GC (Allocation Failure) [PSYoungGen: 400276K->181589K(465920K)] 787458K->621112K(1864192K), 0.0412113 secs] [Times: user=0.18 sys=0.00, real=0.04 secs] 
4948.245: [GC (Allocation Failure) [PSYoungGen: 414549K->186135K(465920K)] 854072K->689289K(1864192K), 0.0490482 secs] [Times: user=0.23 sys=0.01, real=0.05 secs] 
4948.411: [GC (Allocation Failure) [PSYoungGen: 419095K->186549K(465920K)] 922249K->748751K(1864192K), 0.0547047 secs] [Times: user=0.26 sys=0.00, real=0.05 secs] 
4950.023: [GC (Allocation Failure) [PSYoungGen: 419509K->87386K(465920K)] 981711K->719964K(1864192K), 0.0668481 secs] [Times: user=0.36 sys=0.00, real=0.07 secs] 
4951.166: [GC (Allocation Failure) [PSYoungGen: 320346K->178517K(465920K)] 952924K->838572K(1864192K), 0.0489603 secs] [Times: user=0.22 sys=0.00, real=0.05 secs] 
4951.356: [GC (Allocation Failure) [PSYoungGen: 411477K->184950K(465920K)] 1071532K->901161K(1864192K), 0.0440506 secs] [Times: user=0.20 sys=0.00, real=0.05 secs] 
4951.547: [GC (Allocation Failure) [PSYoungGen: 417910K->186741K(465920K)] 1134121K->959024K(1864192K), 0.0667608 secs] [Times: user=0.33 sys=0.00, real=0.07 secs] 
4952.580: [GC (Allocation Failure) [PSYoungGen: 419701K->104252K(465920K)] 1191984K->947048K(1864192K), 0.0459248 secs] [Times: user=0.24 sys=0.00, real=0.04 secs] 
4953.186: [GC (Allocation Failure) [PSYoungGen: 337212K->161811K(465920K)] 1180008K->1038359K(1864192K), 0.0838834 secs] [Times: user=0.43 sys=0.00, real=0.09 secs] 
4953.442: [GC (Allocation Failure) [PSYoungGen: 394771K->184182K(465920K)] 1271319K->1111638K(1864192K), 0.0415255 secs] [Times: user=0.19 sys=0.00, real=0.04 secs] 
4953.629: [GC (Allocation Failure) [PSYoungGen: 417142K->185431K(465920K)] 1344598K->1176887K(1864192K), 0.0650584 secs] [Times: user=0.33 sys=0.00, real=0.06 secs] 
4953.817: [GC (Allocation Failure) [PSYoungGen: 418391K->183764K(465920K)] 1409847K->1234093K(1864192K), 0.0549274 secs] [Times: user=0.27 sys=0.00, real=0.06 secs] 
4955.239: [GC (Allocation Failure) [PSYoungGen: 416724K->89690K(465920K)] 1467053K->1209555K(1864192K), 0.0999767 secs] [Times: user=0.54 sys=0.01, real=0.10 secs] 
4956.184: [GC (Allocation Failure) [PSYoungGen: 322650K->176021K(465920K)] 1442515K->1324366K(1864192K), 0.0543963 secs] [Times: user=0.24 sys=0.01, real=0.06 secs] 
4956.397: [GC (Allocation Failure) [PSYoungGen: 408981K->184598K(465920K)] 1557326K->1387851K(1864192K), 0.0437070 secs] [Times: user=0.20 sys=0.00, real=0.05 secs] 
4956.601: [GC (Allocation Failure) [PSYoungGen: 417558K->203253K(465920K)] 1620811K->1462370K(1864192K), 0.0686297 secs] [Times: user=0.34 sys=0.00, real=0.07 secs] 
4957.651: [GC (Allocation Failure) [PSYoungGen: 436213K->109613K(465920K)] 1695330K->1439278K(1864192K), 0.0464794 secs] [Times: user=0.23 sys=0.00, real=0.04 secs] 
4957.698: [Full GC (Ergonomics) [PSYoungGen: 109613K->0K(465920K)] [ParOldGen: 1329665K->94164K(1398272K)] 1439278K->94164K(1864192K), [Metaspace: 59594K->59594K(1105920K)], 0.0332043 secs] [Times: user=0.10 sys=0.00, real=0.04 secs] 
4958.842: [GC (Allocation Failure) [PSYoungGen: 232960K->156946K(465920K)] 327124K->251111K(1864192K), 0.0490310 secs] [Times: user=0.19 sys=0.00, real=0.05 secs] 
4959.350: [GC (Allocation Failure) [PSYoungGen: 389906K->181141K(465920K)] 484071K->324294K(1864192K), 0.0480707 secs] [Times: user=0.23 sys=0.00, real=0.04 secs] 
4959.521: [GC (Allocation Failure) [PSYoungGen: 414101K->185911K(465920K)] 557254K->392319K(1864192K), 0.0485288 secs] [Times: user=0.22 sys=0.00, real=0.05 secs] 
4959.729: [GC (Allocation Failure) [PSYoungGen: 418871K->186613K(465920K)] 625279K->452133K(1864192K), 0.0775909 secs] [Times: user=0.39 sys=0.00, real=0.07 secs] 
4961.646: [GC (GCLocker Initiated GC) [PSYoungGen: 419573K->88682K(465920K)] 685093K->424611K(1864192K), 0.1042581 secs] [Times: user=0.57 sys=0.00, real=0.11 secs] 
4962.731: [GC (Allocation Failure) [PSYoungGen: 321642K->174293K(465920K)] 657574K->538549K(1864192K), 0.0504607 secs] [Times: user=0.22 sys=0.00, real=0.05 secs] 
4962.937: [GC (Allocation Failure) [PSYoungGen: 407253K->184822K(465920K)] 771509K->603398K(1864192K), 0.0420320 secs] [Times: user=0.19 sys=0.00, real=0.05 secs] 
4963.092: [GC (Allocation Failure) [PSYoungGen: 417782K->187253K(465920K)] 836358K->661661K(1864192K), 0.0450075 secs] [Times: user=0.21 sys=0.00, real=0.04 secs] 
4964.077: [GC (Allocation Failure) [PSYoungGen: 420213K->116942K(465920K)] 894621K->662127K(1864192K), 0.0465566 secs] [Times: user=0.23 sys=0.00, real=0.05 secs] 
4965.799: [GC (Allocation Failure) [PSYoungGen: 349902K->144993K(465920K)] 895087K->727085K(1864192K), 0.1458259 secs] [Times: user=0.79 sys=0.01, real=0.14 secs] 
4966.313: [GC (Allocation Failure) [PSYoungGen: 377953K->180725K(465920K)] 960045K->808067K(1864192K), 0.0477369 secs] [Times: user=0.22 sys=0.00, real=0.05 secs] 
4966.521: [GC (Allocation Failure) [PSYoungGen: 413685K->185367K(465920K)] 1041027K->876004K(1864192K), 0.0802600 secs] [Times: user=0.40 sys=0.00, real=0.08 secs] 
4966.732: [GC (Allocation Failure) [PSYoungGen: 418327K->182068K(465920K)] 1108964K->931298K(1864192K), 0.0573015 secs] [Times: user=0.29 sys=0.00, real=0.06 secs] 
4968.509: [GC (Allocation Failure) [PSYoungGen: 415028K->92011K(465920K)] 1164258K->910212K(1864192K), 0.1078119 secs] [Times: user=0.59 sys=0.00, real=0.10 secs] 
4969.883: [GC (Allocation Failure) [PSYoungGen: 324971K->169236K(465920K)] 1143172K->1016634K(1864192K), 0.0594817 secs] [Times: user=0.27 sys=0.00, real=0.06 secs] 
4970.119: [GC (Allocation Failure) [PSYoungGen: 402196K->184246K(465920K)] 1249594K->1084852K(1864192K), 0.0438225 secs] [Times: user=0.20 sys=0.00, real=0.04 secs] 
4970.280: [GC (Allocation Failure) [PSYoungGen: 417206K->187189K(465920K)] 1317812K->1143651K(1864192K), 0.0468389 secs] [Times: user=0.22 sys=0.00, real=0.04 secs] 
4971.333: [GC (Allocation Failure) [PSYoungGen: 420149K->138801K(465920K)] 1376611K->1165991K(1864192K), 0.0505923 secs] [Times: user=0.25 sys=0.00, real=0.05 secs] 
4972.141: [GC (Allocation Failure) [PSYoungGen: 371761K->131903K(465920K)] 1398951K->1202966K(1864192K), 0.1115107 secs] [Times: user=0.61 sys=0.00, real=0.11 secs] 
4972.491: [GC (Allocation Failure) [PSYoungGen: 364863K->178645K(465920K)] 1435926K->1292388K(1864192K), 0.0396076 secs] [Times: user=0.18 sys=0.00, real=0.04 secs] 
4972.654: [GC (Allocation Failure) [PSYoungGen: 411605K->185431K(465920K)] 1525348K->1361454K(1864192K), 0.0541857 secs] [Times: user=0.26 sys=0.00, real=0.06 secs] 
4972.823: [GC (Allocation Failure) [PSYoungGen: 418391K->183668K(465920K)] 1594414K->1418300K(1864192K), 0.0616989 secs] [Times: user=0.31 sys=0.00, real=0.06 secs] 
4973.972: [GC (Allocation Failure) [PSYoungGen: 416628K->94363K(465920K)] 1651260K->1398415K(1864192K), 0.0644182 secs] [Times: user=0.35 sys=0.00, real=0.06 secs] 
4975.239: [GC (GCLocker Initiated GC) [PSYoungGen: 327323K->168692K(465920K)] 1631375K->1502508K(1864192K), 0.0659518 secs] [Times: user=0.30 sys=0.00, real=0.06 secs] 
4975.305: [Full GC (Ergonomics) [PSYoungGen: 168692K->0K(465920K)] [ParOldGen: 1333816K->200582K(1398272K)] 1502508K->200582K(1864192K), [Metaspace: 59596K->59596K(1105920K)], 0.2504004 secs] [Times: user=1.20 sys=0.00, real=0.25 secs] 
4975.682: [GC (Allocation Failure) [PSYoungGen: 232960K->192982K(465920K)] 433581K->393603K(1864192K), 0.0273775 secs] [Times: user=0.10 sys=0.00, real=0.03 secs] 
4975.826: [GC (Allocation Failure) [PSYoungGen: 425942K->186645K(465920K)] 626563K->443330K(1864192K), 0.0443106 secs] [Times: user=0.20 sys=0.00, real=0.05 secs] 
4976.771: [GC (Allocation Failure) [PSYoungGen: 419605K->148402K(465920K)] 676290K->475607K(1864192K), 0.0502259 secs] [Times: user=0.24 sys=0.00, real=0.05 secs] 
4978.175: [GC (Allocation Failure) [PSYoungGen: 381362K->124382K(465920K)] 708567K->498428K(1864192K), 0.1384015 secs] [Times: user=0.78 sys=0.01, real=0.14 secs] 
4978.693: [GC (Allocation Failure) [PSYoungGen: 357342K->175924K(465920K)] 731388K->589371K(1864192K), 0.0370307 secs] [Times: user=0.16 sys=0.00, real=0.04 secs] 
4978.851: [GC (Allocation Failure) [PSYoungGen: 408884K->182646K(465920K)] 822331K->657485K(1864192K), 0.0483420 secs] [Times: user=0.23 sys=0.00, real=0.05 secs] 
4979.017: [GC (Allocation Failure) [PSYoungGen: 415606K->186805K(465920K)] 890445K->719819K(1864192K), 0.0566120 secs] [Times: user=0.28 sys=0.00, real=0.06 secs] 
4980.028: [GC (Allocation Failure) [PSYoungGen: 419765K->97419K(465920K)] 952779K->700962K(1864192K), 0.0457845 secs] [Times: user=0.24 sys=0.00, real=0.05 secs] 
4980.568: [GC (Allocation Failure) [PSYoungGen: 330379K->170548K(465920K)] 933922K->805811K(1864192K), 0.0459013 secs] [Times: user=0.20 sys=0.00, real=0.05 secs] 
4980.828: [GC (Allocation Failure) [PSYoungGen: 403508K->184374K(465920K)] 1038771K->872849K(1864192K), 0.0566618 secs] [Times: user=0.26 sys=0.00, real=0.06 secs] 
4981.018: [GC (Allocation Failure) [PSYoungGen: 408883K->173621K(465920K)] 1097359K->926377K(1864192K), 0.0479332 secs] [Times: user=0.23 sys=0.00, real=0.04 secs] 
4981.972: [GC (Allocation Failure) [PSYoungGen: 406581K->168338K(401408K)] 1159337K->976062K(1799680K), 0.0557220 secs] [Times: user=0.28 sys=0.00, real=0.05 secs] 
4982.555: [GC (Allocation Failure) [PSYoungGen: 401298K->105756K(461824K)] 1209022K->977752K(1860096K), 0.1084787 secs] [Times: user=0.58 sys=0.00, real=0.11 secs] 
4983.526: [GC (Allocation Failure) [PSYoungGen: 334664K->176981K(463872K)] 1206660K->1082873K(1862144K), 0.0546485 secs] [Times: user=0.25 sys=0.00, real=0.06 secs] 
4983.726: [GC (Allocation Failure) [PSYoungGen: 407893K->180405K(465920K)] 1313785K->1141389K(1864192K), 0.0426703 secs] [Times: user=0.19 sys=0.00, real=0.05 secs] 
4983.886: [GC (Allocation Failure) [PSYoungGen: 413365K->186709K(465920K)] 1374349K->1202573K(1864192K), 0.0451829 secs] [Times: user=0.21 sys=0.00, real=0.05 secs] 
4984.922: [GC (Allocation Failure) [PSYoungGen: 419669K->101212K(465920K)] 1435533K->1187516K(1864192K), 0.0454044 secs] [Times: user=0.23 sys=0.00, real=0.04 secs] 
4987.080: [GC (Allocation Failure) [PSYoungGen: 334172K->162739K(465920K)] 1420476K->1281640K(1864192K), 0.0954910 secs] [Times: user=0.47 sys=0.00, real=0.09 secs] 
4987.390: [GC (Allocation Failure) [PSYoungGen: 395699K->192438K(465920K)] 1514600K->1362523K(1864192K), 0.0433166 secs] [Times: user=0.19 sys=0.00, real=0.04 secs] 
4987.597: [GC (Allocation Failure) [PSYoungGen: 425398K->185687K(465920K)] 1595483K->1419832K(1864192K), 0.0765796 secs] [Times: user=0.38 sys=0.00, real=0.08 secs] 
4987.806: [GC (Allocation Failure) [PSYoungGen: 418647K->215540K(465920K)] 1652792K->1508694K(1864192K), 0.0556963 secs] [Times: user=0.28 sys=0.00, real=0.06 secs] 
4989.190: [GC (Allocation Failure) [PSYoungGen: 448500K->87770K(465920K)] 1741654K->1450003K(1864192K), 0.0649409 secs] [Times: user=0.35 sys=0.00, real=0.06 secs] 
4989.255: [Full GC (Ergonomics) [PSYoungGen: 87770K->0K(465920K)] [ParOldGen: 1362233K->105480K(1398272K)] 1450003K->105480K(1864192K), [Metaspace: 59599K->59599K(1105920K)], 0.1272693 secs] [Times: user=0.54 sys=0.00, real=0.13 secs] 
4990.096: [GC (Allocation Failure) [PSYoungGen: 232960K->179285K(465920K)] 338440K->284766K(1864192K), 0.0331824 secs] [Times: user=0.12 sys=0.00, real=0.04 secs] 
4990.342: [GC (Allocation Failure) [PSYoungGen: 412245K->182037K(465920K)] 517726K->342950K(1864192K), 0.0565054 secs] [Times: user=0.27 sys=0.00, real=0.06 secs] 
4990.537: [GC (Allocation Failure) [PSYoungGen: 414997K->186677K(465920K)] 575910K->403038K(1864192K), 0.0439615 secs] [Times: user=0.20 sys=0.00, real=0.05 secs] 
4991.564: [GC (Allocation Failure) [PSYoungGen: 419637K->102844K(465920K)] 635998K->389797K(1864192K), 0.0439725 secs] [Times: user=0.23 sys=0.00, real=0.04 secs] 
4992.668: [GC (Allocation Failure) [PSYoungGen: 335804K->162611K(465920K)] 622757K->483021K(1864192K), 0.0906820 secs] [Times: user=0.46 sys=0.00, real=0.10 secs] 
4992.986: [GC (Allocation Failure) [PSYoungGen: 395571K->184342K(465920K)] 715981K->555451K(1864192K), 0.0415228 secs] [Times: user=0.19 sys=0.00, real=0.04 secs] 
4993.148: [GC (Allocation Failure) [PSYoungGen: 417302K->183190K(465920K)] 788411K->626524K(1864192K), 0.0497487 secs] [Times: user=0.23 sys=0.00, real=0.05 secs] 
4993.338: [GC (Allocation Failure) [PSYoungGen: 416150K->186773K(465920K)] 859484K->688619K(1864192K), 0.0727631 secs] [Times: user=0.37 sys=0.00, real=0.07 secs] 
4995.388: [GC (Allocation Failure) [PSYoungGen: 419733K->84634K(465920K)] 921579K->656951K(1864192K), 0.1124358 secs] [Times: user=0.62 sys=0.00, real=0.11 secs] 
4996.391: [GC (Allocation Failure) [PSYoungGen: 317594K->178837K(465920K)] 889911K->778204K(1864192K), 0.0472703 secs] [Times: user=0.20 sys=0.01, real=0.04 secs] 
4996.579: [GC (Allocation Failure) [PSYoungGen: 411797K->184534K(465920K)] 1011164K->839756K(1864192K), 0.0432241 secs] [Times: user=0.20 sys=0.00, real=0.04 secs] 
4996.766: [GC (Allocation Failure) [PSYoungGen: 417494K->186709K(465920K)] 1072716K->897844K(1864192K), 0.0650339 secs] [Times: user=0.32 sys=0.00, real=0.07 secs] 
4997.817: [GC (Allocation Failure) [PSYoungGen: 419669K->111389K(465920K)] 1130804K->892928K(1864192K), 0.0459061 secs] [Times: user=0.24 sys=0.00, real=0.05 secs] 
4998.856: [GC (Allocation Failure) [PSYoungGen: 344349K->150258K(465920K)] 1125888K->967725K(1864192K), 0.1306754 secs] [Times: user=0.69 sys=0.00, real=0.13 secs] 
4999.458: [GC (Allocation Failure) [PSYoungGen: 383218K->180949K(465920K)] 1200685K->1045405K(1864192K), 0.0526296 secs] [Times: user=0.24 sys=0.00, real=0.06 secs] 
4999.697: [GC (Allocation Failure) [PSYoungGen: 413909K->185719K(465920K)] 1278365K->1113579K(1864192K), 0.0723080 secs] [Times: user=0.36 sys=0.00, real=0.08 secs] 
4999.946: [GC (Allocation Failure) [PSYoungGen: 418679K->186773K(465920K)] 1346539K->1173497K(1864192K), 0.0790631 secs] [Times: user=0.40 sys=0.00, real=0.08 secs] 
5001.144: [GC (Allocation Failure) [PSYoungGen: 419733K->93659K(465920K)] 1406457K->1150867K(1864192K), 0.0628585 secs] [Times: user=0.34 sys=0.01, real=0.06 secs] 
5002.241: [GC (GCLocker Initiated GC) [PSYoungGen: 326619K->173429K(465920K)] 1383829K->1261019K(1864192K), 0.0549840 secs] [Times: user=0.24 sys=0.00, real=0.05 secs] 
5002.465: [GC (Allocation Failure) [PSYoungGen: 406389K->184566K(465920K)] 1494146K->1326867K(1864192K), 0.0438310 secs] [Times: user=0.20 sys=0.00, real=0.05 secs] 
5002.622: [GC (Allocation Failure) [PSYoungGen: 417526K->181524K(465920K)] 1559827K->1379777K(1864192K), 0.0458680 secs] [Times: user=0.22 sys=0.00, real=0.04 secs] 
5003.631: [GC (Allocation Failure) [PSYoungGen: 414484K->126479K(465920K)] 1612737K->1393540K(1864192K), 0.0483456 secs] [Times: user=0.25 sys=0.00, real=0.05 secs] 
5004.648: [GC (Allocation Failure) [PSYoungGen: 359439K->146497K(465920K)] 1626500K->1453814K(1864192K), 0.1203204 secs] [Times: user=0.66 sys=0.00, real=0.12 secs] 
5005.659: [GC (Allocation Failure) [PSYoungGen: 379457K->177173K(465920K)] 1686774K->1530623K(1864192K), 0.0542489 secs] [Times: user=0.25 sys=0.00, real=0.05 secs] 
5005.714: [Full GC (Ergonomics) [PSYoungGen: 177173K->0K(465920K)] [ParOldGen: 1353450K->240450K(1398272K)] 1530623K->240450K(1864192K), [Metaspace: 59599K->59599K(1105920K)], 0.2922185 secs] [Times: user=1.35 sys=0.00, real=0.29 secs] 
5006.129: [GC (Allocation Failure) [PSYoungGen: 232960K->185783K(465920K)] 473410K->426234K(1864192K), 0.0853684 secs] [Times: user=0.44 sys=0.00, real=0.08 secs] 
5006.332: [GC (Allocation Failure) [PSYoungGen: 418743K->186901K(465920K)] 659194K->486352K(1864192K), 0.0576589 secs] [Times: user=0.28 sys=0.00, real=0.06 secs] 
5007.385: [GC (GCLocker Initiated GC) [PSYoungGen: 419861K->90922K(465920K)] 719312K->460949K(1864192K), 0.0459320 secs] [Times: user=0.24 sys=0.00, real=0.05 secs] 
5008.502: [GC (Allocation Failure) [PSYoungGen: 323882K->172916K(465920K)] 693948K->572099K(1864192K), 0.0579962 secs] [Times: user=0.26 sys=0.00, real=0.06 secs] 
5008.749: [GC (Allocation Failure) [PSYoungGen: 405876K->184566K(465920K)] 805059K->636980K(1864192K), 0.0423928 secs] [Times: user=0.19 sys=0.00, real=0.04 secs] 
5008.908: [GC (Allocation Failure) [PSYoungGen: 417526K->187093K(465920K)] 869940K->695535K(1864192K), 0.0458841 secs] [Times: user=0.21 sys=0.00, real=0.04 secs] 
5009.892: [GC (Allocation Failure) [PSYoungGen: 420053K->136017K(465920K)] 928495K->714947K(1864192K), 0.0488949 secs] [Times: user=0.25 sys=0.00, real=0.05 secs] 
5010.472: [GC (Allocation Failure) [PSYoungGen: 368977K->141505K(465920K)] 947907K->763643K(1864192K), 0.0666394 secs] [Times: user=0.35 sys=0.00, real=0.07 secs] 
5010.815: [GC (Allocation Failure) [PSYoungGen: 374465K->174996K(465920K)] 996603K->842223K(1864192K), 0.0392372 secs] [Times: user=0.18 sys=0.00, real=0.04 secs] 
5010.978: [GC (Allocation Failure) [PSYoungGen: 407956K->185815K(465920K)] 1075183K->914622K(1864192K), 0.0493221 secs] [Times: user=0.23 sys=0.00, real=0.05 secs] 
5011.144: [GC (Allocation Failure) [PSYoungGen: 418775K->186197K(465920K)] 1147582K->974076K(1864192K), 0.0569032 secs] [Times: user=0.28 sys=0.00, real=0.06 secs] 
5012.587: [GC (Allocation Failure) [PSYoungGen: 419157K->91387K(465920K)] 1207036K->949673K(1864192K), 0.1112768 secs] [Times: user=0.62 sys=0.00, real=0.11 secs] 
5013.799: [GC (Allocation Failure) [PSYoungGen: 324347K->173525K(465920K)] 1182633K->1061004K(1864192K), 0.0528389 secs] [Times: user=0.24 sys=0.00, real=0.05 secs] 
5014.013: [GC (Allocation Failure) [PSYoungGen: 406485K->184694K(465920K)] 1293964K->1126717K(1864192K), 0.0434603 secs] [Times: user=0.19 sys=0.00, real=0.04 secs] 
5014.174: [GC (Allocation Failure) [PSYoungGen: 417654K->186645K(465920K)] 1359677K->1184612K(1864192K), 0.0461201 secs] [Times: user=0.22 sys=0.00, real=0.05 secs] 
5015.229: [GC (Allocation Failure) [PSYoungGen: 419605K->137489K(465920K)] 1417572K->1206008K(1864192K), 0.0500732 secs] [Times: user=0.25 sys=0.00, real=0.05 secs] 
5015.986: [GC (Allocation Failure) [PSYoungGen: 370449K->132880K(465920K)] 1438968K->1244911K(1864192K), 0.1323012 secs] [Times: user=0.73 sys=0.00, real=0.14 secs] 
5016.507: [GC (Allocation Failure) [PSYoungGen: 365840K->175508K(465920K)] 1477871K->1329745K(1864192K), 0.0391850 secs] [Times: user=0.17 sys=0.00, real=0.04 secs] 
5016.670: [GC (Allocation Failure) [PSYoungGen: 408468K->185303K(465920K)] 1562705K->1401099K(1864192K), 0.0512121 secs] [Times: user=0.24 sys=0.00, real=0.05 secs] 
5016.838: [GC (Allocation Failure) [PSYoungGen: 418263K->186517K(465920K)] 1634059K->1461097K(1864192K), 0.0595759 secs] [Times: user=0.30 sys=0.00, real=0.05 secs] 
5017.973: [GC (Allocation Failure) [PSYoungGen: 419477K->92155K(465920K)] 1694057K->1437127K(1864192K), 0.0531349 secs] [Times: user=0.28 sys=0.00, real=0.05 secs] 
5018.026: [Full GC (Ergonomics) [PSYoungGen: 92155K->0K(465920K)] [ParOldGen: 1344972K->94500K(1398272K)] 1437127K->94500K(1864192K), [Metaspace: 59599K->59599K(1105920K)], 0.0631644 secs] [Times: user=0.24 sys=0.00, real=0.07 secs] 
5019.146: [GC (GCLocker Initiated GC) [PSYoungGen: 232960K->170196K(465920K)] 327460K->264697K(1864192K), 0.0399331 secs] [Times: user=0.15 sys=0.00, real=0.04 secs] 
5019.361: [GC (Allocation Failure) [PSYoungGen: 403156K->184630K(465920K)] 497660K->333185K(1864192K), 0.0413279 secs] [Times: user=0.18 sys=0.00, real=0.04 secs] 
5019.519: [GC (Allocation Failure) [PSYoungGen: 417590K->187093K(465920K)] 566145K->391648K(1864192K), 0.0450090 secs] [Times: user=0.21 sys=0.00, real=0.04 secs] 
5020.564: [GC (Allocation Failure) [PSYoungGen: 420053K->147698K(465920K)] 624608K->422646K(1864192K), 0.0497586 secs] [Times: user=0.24 sys=0.00, real=0.05 secs] 
5021.127: [GC (Allocation Failure) [PSYoungGen: 380658K->127135K(465920K)] 655606K->449010K(1864192K), 0.1220022 secs] [Times: user=0.67 sys=0.00, real=0.13 secs] 
5021.967: [GC (Allocation Failure) [PSYoungGen: 360095K->174964K(465920K)] 681970K->537077K(1864192K), 0.0530228 secs] [Times: user=0.20 sys=0.00, real=0.06 secs] 
5022.152: [GC (Allocation Failure) [PSYoungGen: 407924K->185271K(465920K)] 770037K->609043K(1864192K), 0.0486331 secs] [Times: user=0.23 sys=0.00, real=0.05 secs] 
5022.313: [GC (Allocation Failure) [PSYoungGen: 418231K->181172K(465920K)] 842003K->663537K(1864192K), 0.0561001 secs] [Times: user=0.28 sys=0.00, real=0.06 secs] 
5023.643: [GC (Allocation Failure) [PSYoungGen: 414132K->95067K(465920K)] 896497K->645984K(1864192K), 0.0652789 secs] [Times: user=0.35 sys=0.01, real=0.07 secs] 
5024.597: [GC (Allocation Failure) [PSYoungGen: 328027K->173813K(465920K)] 878944K->755302K(1864192K), 0.0545089 secs] [Times: user=0.25 sys=0.00, real=0.06 secs] 
5024.852: [GC (Allocation Failure) [PSYoungGen: 406773K->181621K(465920K)] 988262K->817163K(1864192K), 0.0554307 secs] [Times: user=0.26 sys=0.01, real=0.05 secs] 
5025.056: [GC (Allocation Failure) [PSYoungGen: 400895K->174549K(465920K)] 1036436K->873635K(1864192K), 0.0700383 secs] [Times: user=0.35 sys=0.00, real=0.07 secs] 
5026.057: [GC (Allocation Failure) [PSYoungGen: 407509K->169299K(402432K)] 1106595K->923808K(1800704K), 0.0544026 secs] [Times: user=0.27 sys=0.00, real=0.06 secs] 
5026.671: [GC (Allocation Failure) [PSYoungGen: 402259K->104876K(460800K)] 1156768K->924074K(1859072K), 0.1023014 secs] [Times: user=0.55 sys=0.00, real=0.10 secs] 
5027.376: [GC (GCLocker Initiated GC) [PSYoungGen: 335276K->176853K(463360K)] 1154474K->1028952K(1861632K), 0.0471408 secs] [Times: user=0.21 sys=0.00, real=0.05 secs] 
5027.554: [GC (Allocation Failure) [PSYoungGen: 407253K->182741K(465920K)] 1259390K->1090391K(1864192K), 0.0433069 secs] [Times: user=0.20 sys=0.00, real=0.04 secs] 
5027.772: [GC (Allocation Failure) [PSYoungGen: 415701K->202997K(465920K)] 1323351K->1166046K(1864192K), 0.0691722 secs] [Times: user=0.34 sys=0.00, real=0.07 secs] 
5028.892: [GC (GCLocker Initiated GC) [PSYoungGen: 435957K->95547K(465920K)] 1399006K->1129077K(1864192K), 0.0443880 secs] [Times: user=0.23 sys=0.00, real=0.04 secs] 
5030.060: [GC (Allocation Failure) [PSYoungGen: 328507K->169588K(465920K)] 1362039K->1234225K(1864192K), 0.0751504 secs] [Times: user=0.37 sys=0.00, real=0.07 secs] 
5030.312: [GC (Allocation Failure) [PSYoungGen: 402548K->184630K(465920K)] 1467185K->1302034K(1864192K), 0.0432518 secs] [Times: user=0.20 sys=0.00, real=0.04 secs] 
5030.478: [GC (Allocation Failure) [PSYoungGen: 417590K->185783K(465920K)] 1534994K->1367499K(1864192K), 0.0511102 secs] [Times: user=0.24 sys=0.00, real=0.06 secs] 
5031.123: [GC (Allocation Failure) [PSYoungGen: 418743K->197684K(465920K)] 1600459K->1438360K(1864192K), 0.0548424 secs] [Times: user=0.27 sys=0.00, real=0.05 secs] 
5032.702: [GC (Allocation Failure) [PSYoungGen: 430644K->88490K(465920K)] 1671320K->1397095K(1864192K), 0.1053181 secs] [Times: user=0.58 sys=0.01, real=0.10 secs] 
5033.351: [GC (Allocation Failure) [PSYoungGen: 321450K->182582K(465920K)] 1630055K->1518911K(1864192K), 0.0451129 secs] [Times: user=0.20 sys=0.00, real=0.04 secs] 
5033.396: [Full GC (Ergonomics) [PSYoungGen: 182582K->0K(465920K)] [ParOldGen: 1336329K->226393K(1398272K)] 1518911K->226393K(1864192K), [Metaspace: 59599K->59599K(1105920K)], 0.2541697 secs] [Times: user=1.14 sys=0.00, real=0.26 secs] 
5033.773: [GC (Allocation Failure) [PSYoungGen: 232960K->181781K(465920K)] 459353K->408174K(1864192K), 0.0261128 secs] [Times: user=0.10 sys=0.00, real=0.03 secs] 
5033.956: [GC (Allocation Failure) [PSYoungGen: 414741K->202869K(465920K)] 641134K->484462K(1864192K), 0.0514407 secs] [Times: user=0.24 sys=0.00, real=0.05 secs] 
5034.944: [GC (Allocation Failure) [PSYoungGen: 435829K->101532K(465920K)] 717422K->453653K(1864192K), 0.0437649 secs] [Times: user=0.23 sys=0.00, real=0.04 secs] 
5035.888: [GC (Allocation Failure) [PSYoungGen: 334492K->165748K(465920K)] 686613K->550798K(1864192K), 0.1047203 secs] [Times: user=0.53 sys=0.00, real=0.11 secs] 
5036.172: [GC (Allocation Failure) [PSYoungGen: 398708K->181173K(465920K)] 783758K->617863K(1864192K), 0.0410347 secs] [Times: user=0.18 sys=0.00, real=0.04 secs] 
5036.399: [GC (GCLocker Initiated GC) [PSYoungGen: 414133K->183606K(465920K)] 850824K->683858K(1864192K), 0.0677153 secs] [Times: user=0.33 sys=0.00, real=0.06 secs] 
5036.590: [GC (Allocation Failure) [PSYoungGen: 416566K->186773K(465920K)] 916820K->745194K(1864192K), 0.0557465 secs] [Times: user=0.27 sys=0.00, real=0.05 secs] 
5038.006: [GC (Allocation Failure) [PSYoungGen: 419733K->88202K(465920K)] 978154K->717079K(1864192K), 0.0971883 secs] [Times: user=0.53 sys=0.00, real=0.10 secs] 
5039.137: [GC (Allocation Failure) [PSYoungGen: 321162K->181174K(465920K)] 950039K->837432K(1864192K), 0.0497839 secs] [Times: user=0.22 sys=0.00, real=0.05 secs] 
5039.331: [GC (Allocation Failure) [PSYoungGen: 414134K->185078K(465920K)] 1070392K->897824K(1864192K), 0.0435985 secs] [Times: user=0.20 sys=0.00, real=0.04 secs] 
5039.535: [GC (Allocation Failure) [PSYoungGen: 418038K->183732K(465920K)] 1130784K->952647K(1864192K), 0.0644199 secs] [Times: user=0.31 sys=0.00, real=0.07 secs] 
5040.557: [GC (Allocation Failure) [PSYoungGen: 416692K->106909K(465920K)] 1185607K->945127K(1864192K), 0.0451046 secs] [Times: user=0.23 sys=0.00, real=0.05 secs] 
5042.071: [GC (Allocation Failure) [PSYoungGen: 339869K->160499K(465920K)] 1178087K->1032850K(1864192K), 0.0808916 secs] [Times: user=0.40 sys=0.01, real=0.08 secs] 
5042.380: [GC (GCLocker Initiated GC) [PSYoungGen: 393459K->178965K(465920K)] 1265811K->1101473K(1864192K), 0.0427859 secs] [Times: user=0.18 sys=0.01, real=0.04 secs] 
5042.607: [GC (Allocation Failure) [PSYoungGen: 411925K->185751K(465920K)] 1334728K->1171258K(1864192K), 0.0703344 secs] [Times: user=0.34 sys=0.00, real=0.07 secs] 
5042.851: [GC (Allocation Failure) [PSYoungGen: 418711K->186229K(465920K)] 1404218K->1230376K(1864192K), 0.0764205 secs] [Times: user=0.39 sys=0.00, real=0.07 secs] 
5044.270: [GC (Allocation Failure) [PSYoungGen: 419189K->87066K(465920K)] 1463336K->1201429K(1864192K), 0.1131662 secs] [Times: user=0.63 sys=0.00, real=0.11 secs] 
5044.979: [GC (Allocation Failure) [PSYoungGen: 320026K->178741K(465920K)] 1434389K->1321133K(1864192K), 0.0450989 secs] [Times: user=0.20 sys=0.00, real=0.04 secs] 
5045.154: [GC (Allocation Failure) [PSYoungGen: 411701K->181653K(465920K)] 1554093K->1379737K(1864192K), 0.0439699 secs] [Times: user=0.20 sys=0.00, real=0.04 secs] 
5045.314: [GC (Allocation Failure) [PSYoungGen: 414613K->186677K(465920K)] 1612697K->1440201K(1864192K), 0.0462770 secs] [Times: user=0.22 sys=0.00, real=0.05 secs] 
5046.334: [GC (Allocation Failure) [PSYoungGen: 419637K->115870K(465920K)] 1673161K->1439730K(1864192K), 0.0476357 secs] [Times: user=0.24 sys=0.00, real=0.05 secs] 
5046.382: [Full GC (Ergonomics) [PSYoungGen: 115870K->0K(465920K)] [ParOldGen: 1323859K->96875K(1398272K)] 1439730K->96875K(1864192K), [Metaspace: 59599K->59599K(1105920K)], 0.0337430 secs] [Times: user=0.10 sys=0.00, real=0.03 secs] 
5047.445: [GC (Allocation Failure) [PSYoungGen: 232960K->151794K(465920K)] 329835K->248670K(1864192K), 0.0319432 secs] [Times: user=0.11 sys=0.00, real=0.03 secs] 
5047.789: [GC (Allocation Failure) [PSYoungGen: 384754K->183861K(465920K)] 481630K->328065K(1864192K), 0.0623007 secs] [Times: user=0.29 sys=0.00, real=0.06 secs] 
5048.006: [GC (Allocation Failure) [PSYoungGen: 416821K->185943K(465920K)] 561025K->394298K(1864192K), 0.0494035 secs] [Times: user=0.22 sys=0.00, real=0.05 secs] 
5048.192: [GC (Allocation Failure) [PSYoungGen: 418903K->183924K(465920K)] 627258K->451472K(1864192K), 0.0635557 secs] [Times: user=0.32 sys=0.00, real=0.06 secs] 
5050.230: [GC (Allocation Failure) [PSYoungGen: 416884K->88410K(465920K)] 684432K->425389K(1864192K), 0.1110138 secs] [Times: user=0.61 sys=0.01, real=0.11 secs] 
5050.915: [GC (Allocation Failure) [PSYoungGen: 321370K->178485K(465920K)] 658349K->543661K(1864192K), 0.0475708 secs] [Times: user=0.21 sys=0.00, real=0.05 secs] 
5051.153: [GC (Allocation Failure) [PSYoungGen: 411445K->184854K(465920K)] 776621K->605594K(1864192K), 0.0599646 secs] [Times: user=0.29 sys=0.00, real=0.06 secs] 
5051.379: [GC (Allocation Failure) [PSYoungGen: 417814K->183700K(465920K)] 838554K->660545K(1864192K), 0.0574822 secs] [Times: user=0.28 sys=0.00, real=0.05 secs] 
5052.366: [GC (Allocation Failure) [PSYoungGen: 416660K->121615K(465920K)] 893505K->667739K(1864192K), 0.0474015 secs] [Times: user=0.24 sys=0.00, real=0.05 secs] 
5053.282: [GC (Allocation Failure) [PSYoungGen: 354575K->149169K(465920K)] 900699K->733925K(1864192K), 0.1161796 secs] [Times: user=0.63 sys=0.00, real=0.11 secs] 
5053.755: [GC (Allocation Failure) [PSYoungGen: 382129K->180565K(465920K)] 966885K->811002K(1864192K), 0.0581982 secs] [Times: user=0.27 sys=0.00, real=0.06 secs] 
5053.955: [GC (Allocation Failure) [PSYoungGen: 413525K->185783K(465920K)] 1043962K->879396K(1864192K), 0.0498953 secs] [Times: user=0.23 sys=0.00, real=0.05 secs] 
5054.122: [GC (Allocation Failure) [PSYoungGen: 418743K->186549K(465920K)] 1112356K->939154K(1864192K), 0.0567387 secs] [Times: user=0.28 sys=0.00, real=0.06 secs] 
5055.372: [GC (Allocation Failure) [PSYoungGen: 419509K->94043K(465920K)] 1172114K->916920K(1864192K), 0.0646110 secs] [Times: user=0.35 sys=0.00, real=0.06 secs] 
5056.533: [GC (Allocation Failure) [PSYoungGen: 327003K->174005K(465920K)] 1149880K->1026703K(1864192K), 0.0462140 secs] [Times: user=0.20 sys=0.00, real=0.05 secs] 
5056.717: [GC (Allocation Failure) [PSYoungGen: 406965K->182421K(465920K)] 1259663K->1089415K(1864192K), 0.0429577 secs] [Times: user=0.19 sys=0.00, real=0.05 secs] 
5056.876: [GC (Allocation Failure) [PSYoungGen: 415381K->186901K(465920K)] 1322375K->1149478K(1864192K), 0.0456291 secs] [Times: user=0.21 sys=0.00, real=0.05 secs] 
5057.866: [GC (Allocation Failure) [PSYoungGen: 419861K->128432K(465920K)] 1382438K->1161521K(1864192K), 0.0484663 secs] [Times: user=0.25 sys=0.00, real=0.05 secs] 
5059.109: [GC (Allocation Failure) [PSYoungGen: 360430K->141777K(465920K)] 1393519K->1215450K(1864192K), 0.1416268 secs] [Times: user=0.77 sys=0.00, real=0.14 secs] 
5060.216: [GC (Allocation Failure) [PSYoungGen: 374737K->174548K(465920K)] 1448410K->1293207K(1864192K), 0.0537494 secs] [Times: user=0.25 sys=0.00, real=0.06 secs] 
5060.434: [GC (Allocation Failure) [PSYoungGen: 407508K->182902K(465920K)] 1526167K->1362485K(1864192K), 0.0632739 secs] [Times: user=0.31 sys=0.00, real=0.06 secs] 
5060.613: [GC (Allocation Failure) [PSYoungGen: 415862K->186581K(465920K)] 1595445K->1424467K(1864192K), 0.0590189 secs] [Times: user=0.29 sys=0.00, real=0.06 secs] 
5061.902: [GC (Allocation Failure) [PSYoungGen: 419541K->90282K(465920K)] 1657427K->1398537K(1864192K), 0.0704409 secs] [Times: user=0.39 sys=0.00, real=0.07 secs] 
5063.408: [GC (Allocation Failure) [PSYoungGen: 323242K->173333K(465920K)] 1631497K->1510128K(1864192K), 0.0601061 secs] [Times: user=0.27 sys=0.00, real=0.06 secs] 
5063.468: [Full GC (Ergonomics) [PSYoungGen: 173333K->0K(465920K)] [ParOldGen: 1336795K->204442K(1398272K)] 1510128K->204442K(1864192K), [Metaspace: 59599K->59599K(1105920K)], 0.2531291 secs] [Times: user=1.21 sys=0.00, real=0.26 secs] 
5063.839: [GC (Allocation Failure) [PSYoungGen: 232960K->182101K(465920K)] 437402K->386544K(1864192K), 0.0269293 secs] [Times: user=0.10 sys=0.00, real=0.02 secs] 
5063.982: [GC (Allocation Failure) [PSYoungGen: 415061K->187029K(465920K)] 619504K->447023K(1864192K), 0.0436779 secs] [Times: user=0.20 sys=0.00, real=0.04 secs] 
5064.952: [GC (Allocation Failure) [PSYoungGen: 419989K->142897K(465920K)] 679983K->473472K(1864192K), 0.0490083 secs] [Times: user=0.24 sys=0.00, real=0.05 secs] 
5066.132: [GC (Allocation Failure) [PSYoungGen: 375857K->125615K(465920K)] 706432K->501533K(1864192K), 0.1337336 secs] [Times: user=0.74 sys=0.00, real=0.13 secs] 
5066.589: [GC (Allocation Failure) [PSYoungGen: 358575K->178549K(465920K)] 734493K->594268K(1864192K), 0.0370683 secs] [Times: user=0.16 sys=0.00, real=0.03 secs] 
5066.783: [GC (Allocation Failure) [PSYoungGen: 411509K->183062K(465920K)] 827228K->661070K(1864192K), 0.0717287 secs] [Times: user=0.36 sys=0.00, real=0.07 secs] 
5067.045: [GC (Allocation Failure) [PSYoungGen: 416022K->186485K(465920K)] 894030K->723052K(1864192K), 0.0657258 secs] [Times: user=0.33 sys=0.00, real=0.07 secs] 
5068.234: [GC (Allocation Failure) [PSYoungGen: 419445K->93003K(465920K)] 956012K->699794K(1864192K), 0.0689676 secs] [Times: user=0.37 sys=0.01, real=0.07 secs] 
5069.059: [GC (Allocation Failure) [PSYoungGen: 325963K->174933K(465920K)] 932754K->811297K(1864192K), 0.0484263 secs] [Times: user=0.21 sys=0.00, real=0.04 secs] 
5069.259: [GC (Allocation Failure) [PSYoungGen: 407893K->184598K(465920K)] 1044257K->875730K(1864192K), 0.0435036 secs] [Times: user=0.20 sys=0.00, real=0.04 secs] 
5069.415: [GC (Allocation Failure) [PSYoungGen: 417558K->187157K(465920K)] 1108690K->934225K(1864192K), 0.0459302 secs] [Times: user=0.21 sys=0.00, real=0.05 secs] 
5070.361: [GC (Allocation Failure) [PSYoungGen: 420117K->148242K(465920K)] 1167185K->965918K(1864192K), 0.0506273 secs] [Times: user=0.25 sys=0.00, real=0.05 secs] 
5070.970: [GC (Allocation Failure) [PSYoungGen: 381202K->119518K(465920K)] 1198878K->984166K(1864192K), 0.1066910 secs] [Times: user=0.59 sys=0.00, real=0.10 secs] 
5071.896: [GC (Allocation Failure) [PSYoungGen: 352478K->172628K(465920K)] 1217126K->1075045K(1864192K), 0.0524318 secs] [Times: user=0.24 sys=0.00, real=0.06 secs] 
5072.146: [GC (Allocation Failure) [PSYoungGen: 405588K->184951K(465920K)] 1308005K->1148340K(1864192K), 0.0668062 secs] [Times: user=0.32 sys=0.00, real=0.07 secs] 
5072.333: [GC (Allocation Failure) [PSYoungGen: 417911K->186645K(465920K)] 1381300K->1208558K(1864192K), 0.0564406 secs] [Times: user=0.28 sys=0.00, real=0.06 secs] 
5073.383: [GC (Allocation Failure) [PSYoungGen: 419605K->94907K(465920K)] 1441518K->1187156K(1864192K), 0.0557886 secs] [Times: user=0.29 sys=0.01, real=0.06 secs] 
5074.774: [GC (Allocation Failure) [PSYoungGen: 327867K->168884K(465920K)] 1420116K->1291514K(1864192K), 0.0842713 secs] [Times: user=0.41 sys=0.00, real=0.08 secs] 
5075.070: [GC (Allocation Failure) [PSYoungGen: 401844K->182389K(465920K)] 1524474K->1357968K(1864192K), 0.0429604 secs] [Times: user=0.19 sys=0.00, real=0.04 secs] 
5075.295: [GC (Allocation Failure) [PSYoungGen: 414546K->183094K(465920K)] 1590124K->1422385K(1864192K), 0.0774968 secs] [Times: user=0.38 sys=0.00, real=0.08 secs] 
5076.240: [GC (Allocation Failure) [PSYoungGen: 416054K->169107K(465920K)] 1655345K->1466541K(1864192K), 0.0553063 secs] [Times: user=0.27 sys=0.00, real=0.05 secs] 
5077.224: [GC (Allocation Failure) [PSYoungGen: 402067K->103180K(465920K)] 1699501K->1465186K(1864192K), 0.1042637 secs] [Times: user=0.56 sys=0.00, real=0.10 secs] 
5077.328: [Full GC (Ergonomics) [PSYoungGen: 103180K->0K(465920K)] [ParOldGen: 1362006K->119348K(1398272K)] 1465186K->119348K(1864192K), [Metaspace: 59599K->59599K(1105920K)], 0.1770108 secs] [Times: user=0.79 sys=0.00, real=0.18 secs] 
5077.965: [GC (Allocation Failure) [PSYoungGen: 232794K->179861K(465920K)] 352143K->299210K(1864192K), 0.0248728 secs] [Times: user=0.08 sys=0.00, real=0.03 secs] 
5078.109: [GC (Allocation Failure) [PSYoungGen: 412821K->184598K(465920K)] 532170K->360115K(1864192K), 0.0418062 secs] [Times: user=0.19 sys=0.00, real=0.04 secs] 
5078.291: [GC (Allocation Failure) [PSYoungGen: 417558K->186901K(465920K)] 593075K->418274K(1864192K), 0.0524741 secs] [Times: user=0.26 sys=0.00, real=0.05 secs] 
5079.298: [GC (Allocation Failure) [PSYoungGen: 419861K->95115K(465920K)] 651234K->396936K(1864192K), 0.0537502 secs] [Times: user=0.29 sys=0.01, real=0.05 secs] 
5080.629: [GC (Allocation Failure) [PSYoungGen: 328075K->166900K(465920K)] 629896K->499190K(1864192K), 0.0889358 secs] [Times: user=0.44 sys=0.01, real=0.08 secs] 
5080.955: [GC (Allocation Failure) [PSYoungGen: 399860K->184438K(465920K)] 732150K->569268K(1864192K), 0.0481970 secs] [Times: user=0.23 sys=0.00, real=0.05 secs] 
5081.164: [GC (Allocation Failure) [PSYoungGen: 417398K->182742K(465920K)] 802228K->631588K(1864192K), 0.0776602 secs] [Times: user=0.39 sys=0.00, real=0.08 secs] 
5081.650: [GC (Allocation Failure) [PSYoungGen: 415063K->216756K(465920K)] 863909K->723618K(1864192K), 0.0526465 secs] [Times: user=0.26 sys=0.00, real=0.05 secs] 
5082.752: [GC (Allocation Failure) [PSYoungGen: 449716K->90586K(465920K)] 956578K->666432K(1864192K), 0.1077270 secs] [Times: user=0.58 sys=0.00, real=0.11 secs] 
5083.799: [GC (Allocation Failure) [PSYoungGen: 323546K->181366K(465920K)] 899392K->785448K(1864192K), 0.0449755 secs] [Times: user=0.20 sys=0.00, real=0.04 secs] 
5083.972: [GC (Allocation Failure) [PSYoungGen: 414326K->181525K(465920K)] 1018408K->842296K(1864192K), 0.0430468 secs] [Times: user=0.19 sys=0.00, real=0.04 secs] 
5084.132: [GC (Allocation Failure) [PSYoungGen: 414485K->186805K(465920K)] 1075256K->902880K(1864192K), 0.0449843 secs] [Times: user=0.21 sys=0.00, real=0.04 secs] 
5085.133: [GC (Allocation Failure) [PSYoungGen: 419765K->103644K(465920K)] 1135840K->889927K(1864192K), 0.0450864 secs] [Times: user=0.23 sys=0.00, real=0.05 secs] 
5086.168: [GC (Allocation Failure) [PSYoungGen: 336604K->167284K(465920K)] 1122887K->986724K(1864192K), 0.0652625 secs] [Times: user=0.32 sys=0.00, real=0.06 secs] 
5086.442: [GC (Allocation Failure) [PSYoungGen: 400244K->181749K(465920K)] 1219684K->1053629K(1864192K), 0.0520640 secs] [Times: user=0.25 sys=0.00, real=0.05 secs] 
5086.620: [GC (Allocation Failure) [PSYoungGen: 414709K->185975K(465920K)] 1286589K->1121367K(1864192K), 0.0498996 secs] [Times: user=0.23 sys=0.00, real=0.05 secs] 
5086.790: [GC (Allocation Failure) [PSYoungGen: 418935K->186197K(465920K)] 1354327K->1180765K(1864192K), 0.0541967 secs] [Times: user=0.26 sys=0.00, real=0.05 secs] 
5088.129: [GC (Allocation Failure) [PSYoungGen: 419157K->85114K(465920K)] 1413725K->1149906K(1864192K), 0.0515447 secs] [Times: user=0.27 sys=0.00, real=0.05 secs] 
5088.957: [GC (Allocation Failure) [PSYoungGen: 318074K->179317K(465920K)] 1382866K->1271210K(1864192K), 0.0535940 secs] [Times: user=0.24 sys=0.00, real=0.06 secs] 
5089.161: [GC (Allocation Failure) [PSYoungGen: 412277K->181909K(465920K)] 1504170K->1329518K(1864192K), 0.0431383 secs] [Times: user=0.20 sys=0.00, real=0.04 secs] 
5089.321: [GC (Allocation Failure) [PSYoungGen: 414869K->186485K(465920K)] 1562478K->1389550K(1864192K), 0.0452021 secs] [Times: user=0.21 sys=0.00, real=0.04 secs] 
5090.324: [GC (Allocation Failure) [PSYoungGen: 419445K->106589K(465920K)] 1622510K->1379941K(1864192K), 0.0468322 secs] [Times: user=0.24 sys=0.00, real=0.05 secs] 
5091.672: [GC (Allocation Failure) [PSYoungGen: 339549K->161427K(465920K)] 1612901K->1468745K(1864192K), 0.1203096 secs] [Times: user=0.63 sys=0.00, real=0.12 secs] 
5092.117: [GC (Allocation Failure) [PSYoungGen: 394387K->181589K(465920K)] 1701705K->1539183K(1864192K), 0.0427310 secs] [Times: user=0.20 sys=0.01, real=0.05 secs] 
5092.160: [Full GC (Ergonomics) [PSYoungGen: 181589K->0K(465920K)] [ParOldGen: 1357593K->249559K(1398272K)] 1539183K->249559K(1864192K), [Metaspace: 59599K->59599K(1105920K)], 0.2909600 secs] [Times: user=1.31 sys=0.00, real=0.29 secs] 
5092.573: [GC (Allocation Failure) [PSYoungGen: 232960K->185975K(465920K)] 482519K->435535K(1864192K), 0.0896434 secs] [Times: user=0.47 sys=0.00, real=0.09 secs] 
5092.803: [GC (Allocation Failure) [PSYoungGen: 418935K->186421K(465920K)] 668495K->494949K(1864192K), 0.0550185 secs] [Times: user=0.27 sys=0.00, real=0.05 secs] 
5094.174: [GC (Allocation Failure) [PSYoungGen: 419381K->85850K(465920K)] 727909K->464850K(1864192K), 0.1018855 secs] [Times: user=0.56 sys=0.01, real=0.10 secs] 
5095.089: [GC (Allocation Failure) [PSYoungGen: 318810K->177845K(465920K)] 697810K->584156K(1864192K), 0.0470683 secs] [Times: user=0.20 sys=0.00, real=0.04 secs] 
5095.277: [GC (Allocation Failure) [PSYoungGen: 410805K->184630K(465920K)] 817116K->646289K(1864192K), 0.0440283 secs] [Times: user=0.20 sys=0.01, real=0.05 secs] 
5095.439: [GC (Allocation Failure) [PSYoungGen: 417590K->187093K(465920K)] 879249K->704776K(1864192K), 0.0467702 secs] [Times: user=0.22 sys=0.00, real=0.04 secs] 
5096.526: [GC (Allocation Failure) [PSYoungGen: 420053K->112173K(465920K)] 937736K->700393K(1864192K), 0.0479094 secs] [Times: user=0.25 sys=0.00, real=0.05 secs] 
5097.625: [GC (Allocation Failure) [PSYoungGen: 345133K->154930K(465920K)] 933353K->779198K(1864192K), 0.1329396 secs] [Times: user=0.72 sys=0.00, real=0.13 secs] 
5098.182: [GC (Allocation Failure) [PSYoungGen: 387890K->186837K(465920K)] 1012158K->859589K(1864192K), 0.0501989 secs] [Times: user=0.24 sys=0.00, real=0.05 secs] 
5098.356: [GC (Allocation Failure) [PSYoungGen: 419797K->185815K(465920K)] 1092549K->921455K(1864192K), 0.0489718 secs] [Times: user=0.23 sys=0.00, real=0.05 secs] 
5098.556: [GC (Allocation Failure) [PSYoungGen: 418775K->186805K(465920K)] 1154415K->981397K(1864192K), 0.0813928 secs] [Times: user=0.42 sys=0.01, real=0.08 secs] 
5100.139: [GC (Allocation Failure) [PSYoungGen: 419765K->86138K(465920K)] 1214357K->951210K(1864192K), 0.0789051 secs] [Times: user=0.42 sys=0.00, real=0.07 secs] 
5101.170: [GC (GCLocker Initiated GC) [PSYoungGen: 319098K->176085K(465920K)] 1184171K->1068931K(1864192K), 0.0493548 secs] [Times: user=0.22 sys=0.00, real=0.05 secs] 
5101.428: [GC (Allocation Failure) [PSYoungGen: 409045K->182325K(465920K)] 1302057K->1130254K(1864192K), 0.0518450 secs] [Times: user=0.24 sys=0.00, real=0.06 secs] 
5101.598: [GC (Allocation Failure) [PSYoungGen: 415285K->187061K(465920K)] 1363214K->1190349K(1864192K), 0.0461766 secs] [Times: user=0.22 sys=0.00, real=0.05 secs] 
5102.643: [GC (Allocation Failure) [PSYoungGen: 420021K->125583K(465920K)] 1423309K->1199456K(1864192K), 0.0488220 secs] [Times: user=0.25 sys=0.00, real=0.05 secs] 
5103.790: [GC (Allocation Failure) [PSYoungGen: 357356K->141745K(465920K)] 1431229K->1255285K(1864192K), 0.1242014 secs] [Times: user=0.69 sys=0.00, real=0.12 secs] 
5104.444: [GC (Allocation Failure) [PSYoungGen: 374705K->176212K(465920K)] 1488245K->1334710K(1864192K), 0.0433820 secs] [Times: user=0.19 sys=0.00, real=0.04 secs] 
5104.611: [GC (Allocation Failure) [PSYoungGen: 409172K->185751K(465920K)] 1567670K->1406008K(1864192K), 0.0510750 secs] [Times: user=0.24 sys=0.00, real=0.05 secs] 
5104.777: [GC (Allocation Failure) [PSYoungGen: 418711K->186645K(465920K)] 1638968K->1465934K(1864192K), 0.0596091 secs] [Times: user=0.30 sys=0.00, real=0.06 secs] 
5105.875: [GC (Allocation Failure) [PSYoungGen: 419605K->91194K(465920K)] 1698894K->1440820K(1864192K), 0.0448057 secs] [Times: user=0.23 sys=0.00, real=0.05 secs] 
5105.920: [Full GC (Ergonomics) [PSYoungGen: 91194K->0K(465920K)] [ParOldGen: 1349625K->95195K(1398272K)] 1440820K->95195K(1864192K), [Metaspace: 59599K->59599K(1105920K)], 0.0666598 secs] [Times: user=0.25 sys=0.00, real=0.06 secs] 
5106.470: [GC (Allocation Failure) [PSYoungGen: 232960K->172500K(465920K)] 328155K->267696K(1864192K), 0.0303216 secs] [Times: user=0.10 sys=0.01, real=0.03 secs] 
5106.634: [GC (Allocation Failure) [PSYoungGen: 405460K->184438K(465920K)] 500656K->333809K(1864192K), 0.0419847 secs] [Times: user=0.19 sys=0.00, real=0.04 secs] 
5106.793: [GC (Allocation Failure) [PSYoungGen: 417398K->187125K(465920K)] 566769K->392504K(1864192K), 0.0444964 secs] [Times: user=0.21 sys=0.00, real=0.04 secs] 
5107.746: [GC (Allocation Failure) [PSYoungGen: 420085K->136721K(465920K)] 625464K->412684K(1864192K), 0.0484657 secs] [Times: user=0.24 sys=0.01, real=0.05 secs] 
5109.205: [GC (Allocation Failure) [PSYoungGen: 369681K->133680K(465920K)] 645644K->452891K(1864192K), 0.1341599 secs] [Times: user=0.74 sys=0.00, real=0.14 secs] 
5109.827: [GC (Allocation Failure) [PSYoungGen: 366640K->175732K(465920K)] 685851K->537681K(1864192K), 0.0407671 secs] [Times: user=0.18 sys=0.01, real=0.04 secs] 
5110.044: [GC (Allocation Failure) [PSYoungGen: 408692K->185719K(465920K)] 770641K->609203K(1864192K), 0.0694817 secs] [Times: user=0.35 sys=0.01, real=0.07 secs] 
5110.287: [GC (Allocation Failure) [PSYoungGen: 418679K->186293K(465920K)] 842163K->668785K(1864192K), 0.0720342 secs] [Times: user=0.37 sys=0.00, real=0.08 secs] 
5111.462: [GC (GCLocker Initiated GC) [PSYoungGen: 419253K->94395K(465920K)] 901745K->647231K(1864192K), 0.0601823 secs] [Times: user=0.32 sys=0.00, real=0.06 secs] 
5112.048: [GC (Allocation Failure) [PSYoungGen: 327355K->177493K(465920K)] 880193K->760536K(1864192K), 0.0508489 secs] [Times: user=0.22 sys=0.00, real=0.05 secs] 
5112.253: [GC (Allocation Failure) [PSYoungGen: 410453K->181877K(465920K)] 993496K->820516K(1864192K), 0.0430913 secs] [Times: user=0.19 sys=0.00, real=0.04 secs] 
5112.412: [GC (Allocation Failure) [PSYoungGen: 414837K->186389K(465920K)] 1053476K->880340K(1864192K), 0.0451536 secs] [Times: user=0.21 sys=0.00, real=0.04 secs] 
5113.385: [GC (Allocation Failure) [PSYoungGen: 419349K->140337K(465920K)] 1113300K->904504K(1864192K), 0.0498070 secs] [Times: user=0.25 sys=0.01, real=0.05 secs] 
5113.765: [GC (GCLocker Initiated GC) [PSYoungGen: 373297K->131487K(465920K)] 1137469K->940067K(1864192K), 0.0668184 secs] [Times: user=0.35 sys=0.00, real=0.07 secs] 
5114.405: [GC (GCLocker Initiated GC) [PSYoungGen: 364447K->175924K(465920K)] 1173030K->1026080K(1864192K), 0.0426244 secs] [Times: user=0.19 sys=0.00, real=0.04 secs] 
5114.572: [GC (Allocation Failure) [PSYoungGen: 408884K->185463K(465920K)] 1259206K->1097589K(1864192K), 0.0498525 secs] [Times: user=0.24 sys=0.00, real=0.05 secs] 
5114.734: [GC (Allocation Failure) [PSYoungGen: 418423K->181172K(465920K)] 1330549K->1152082K(1864192K), 0.0580081 secs] [Times: user=0.29 sys=0.00, real=0.06 secs] 
5115.817: [GC (Allocation Failure) [PSYoungGen: 414132K->96747K(465920K)] 1385042K->1136385K(1864192K), 0.0553314 secs] [Times: user=0.29 sys=0.01, real=0.06 secs] 
5117.201: [GC (Allocation Failure) [PSYoungGen: 329707K->172820K(465920K)] 1369345K->1243287K(1864192K), 0.0641488 secs] [Times: user=0.28 sys=0.00, real=0.06 secs] 
5117.497: [GC (Allocation Failure) [PSYoungGen: 405780K->181973K(465920K)] 1476247K->1306564K(1864192K), 0.0496412 secs] [Times: user=0.23 sys=0.00, real=0.05 secs] 
5117.697: [GC (Allocation Failure) [PSYoungGen: 414933K->187381K(465920K)] 1539524K->1367412K(1864192K), 0.0716887 secs] [Times: user=0.35 sys=0.00, real=0.08 secs] 
5118.752: [GC (Allocation Failure) [PSYoungGen: 420341K->150034K(465920K)] 1600372K->1400769K(1864192K), 0.0520943 secs] [Times: user=0.26 sys=0.00, real=0.05 secs] 
5119.910: [GC (Allocation Failure) [PSYoungGen: 382994K->120366K(465920K)] 1633729K->1418557K(1864192K), 0.1760926 secs] [Times: user=1.00 sys=0.00, real=0.17 secs] 
5120.687: [GC (Allocation Failure) [PSYoungGen: 353326K->175412K(465920K)] 1651517K->1511760K(1864192K), 0.0558315 secs] [Times: user=0.26 sys=0.00, real=0.06 secs] 
5120.743: [Full GC (Ergonomics) [PSYoungGen: 175412K->0K(465920K)] [ParOldGen: 1336347K->229652K(1398272K)] 1511760K->229652K(1864192K), [Metaspace: 59599K->59599K(1105920K)], 0.2824239 secs] [Times: user=1.31 sys=0.00, real=0.28 secs] 
5121.153: [GC (Allocation Failure) [PSYoungGen: 232960K->185239K(465920K)] 462612K->414891K(1864192K), 0.0911409 secs] [Times: user=0.48 sys=0.00, real=0.09 secs] 
5121.365: [GC (Allocation Failure) [PSYoungGen: 418199K->186357K(465920K)] 647851K->474722K(1864192K), 0.0576219 secs] [Times: user=0.29 sys=0.00, real=0.06 secs] 
5122.385: [GC (Allocation Failure) [PSYoungGen: 419317K->96955K(465920K)] 707682K->455672K(1864192K), 0.0451400 secs] [Times: user=0.23 sys=0.00, real=0.05 secs] 
5122.886: [GC (Allocation Failure) [PSYoungGen: 329915K->174261K(465920K)] 688632K->564314K(1864192K), 0.0531219 secs] [Times: user=0.23 sys=0.00, real=0.06 secs] 
5123.094: [GC (Allocation Failure) [PSYoungGen: 407221K->189813K(465920K)] 797274K->634483K(1864192K), 0.0430271 secs] [Times: user=0.20 sys=0.00, real=0.04 secs] 
5123.280: [GC (Allocation Failure) [PSYoungGen: 409760K->172085K(465920K)] 854430K->680163K(1864192K), 0.0677173 secs] [Times: user=0.34 sys=0.00, real=0.07 secs] 
5124.120: [GC (Allocation Failure) [PSYoungGen: 400180K->206483K(465920K)] 908258K->769120K(1864192K), 0.0514990 secs] [Times: user=0.26 sys=0.00, real=0.05 secs] 
5124.946: [GC (Allocation Failure) [PSYoungGen: 439443K->100059K(465920K)] 1002080K->727537K(1864192K), 0.1042928 secs] [Times: user=0.56 sys=0.00, real=0.11 secs] 
5125.598: [GC (Allocation Failure) [PSYoungGen: 333019K->179637K(465920K)] 960497K->838844K(1864192K), 0.0493618 secs] [Times: user=0.22 sys=0.00, real=0.05 secs] 
5125.785: [GC (Allocation Failure) [PSYoungGen: 412597K->184502K(465920K)] 1071804K->900120K(1864192K), 0.0433256 secs] [Times: user=0.19 sys=0.00, real=0.05 secs] 
5125.946: [GC (Allocation Failure) [PSYoungGen: 417462K->186485K(465920K)] 1133080K->958088K(1864192K), 0.0454358 secs] [Times: user=0.21 sys=0.00, real=0.05 secs] 
5126.939: [GC (Allocation Failure) [PSYoungGen: 419445K->98539K(465920K)] 1191048K->940542K(1864192K), 0.0444064 secs] [Times: user=0.23 sys=0.00, real=0.04 secs] 
5128.549: [GC (GCLocker Initiated GC) [PSYoungGen: 331499K->162899K(465920K)] 1173503K->1036243K(1864192K), 0.1081368 secs] [Times: user=0.55 sys=0.00, real=0.10 secs] 
5128.929: [GC (Allocation Failure) [PSYoungGen: 395859K->183573K(465920K)] 1269242K->1107964K(1864192K), 0.0519011 secs] [Times: user=0.24 sys=0.00, real=0.05 secs] 
5129.104: [GC (Allocation Failure) [PSYoungGen: 416533K->185751K(465920K)] 1340924K->1174070K(1864192K), 0.0512791 secs] [Times: user=0.24 sys=0.00, real=0.05 secs] 
5129.394: [GC (Allocation Failure) [PSYoungGen: 418499K->217749K(465920K)] 1406818K->1264867K(1864192K), 0.0549167 secs] [Times: user=0.27 sys=0.00, real=0.06 secs] 
5130.805: [GC (Allocation Failure) [PSYoungGen: 450709K->89866K(465920K)] 1497827K->1206609K(1864192K), 0.0778709 secs] [Times: user=0.42 sys=0.00, real=0.08 secs] 
5131.518: [GC (Allocation Failure) [PSYoungGen: 322826K->177333K(465920K)] 1439569K->1322861K(1864192K), 0.0477346 secs] [Times: user=0.21 sys=0.00, real=0.04 secs] 
5131.783: [GC (Allocation Failure) [PSYoungGen: 410293K->184438K(465920K)] 1555821K->1385549K(1864192K), 0.0583021 secs] [Times: user=0.28 sys=0.00, real=0.06 secs] 
5131.962: [GC (Allocation Failure) [PSYoungGen: 417398K->186837K(465920K)] 1618509K->1443989K(1864192K), 0.0464371 secs] [Times: user=0.21 sys=0.00, real=0.05 secs] 
5133.055: [GC (Allocation Failure) [PSYoungGen: 419797K->103260K(465920K)] 1676949K->1430816K(1864192K), 0.0508518 secs] [Times: user=0.27 sys=0.00, real=0.05 secs] 
5133.106: [Full GC (Ergonomics) [PSYoungGen: 103260K->0K(465920K)] [ParOldGen: 1327555K->89228K(1398272K)] 1430816K->89228K(1864192K), [Metaspace: 59599K->59599K(1105920K)], 0.0337313 secs] [Times: user=0.10 sys=0.00, real=0.04 secs] 
5135.079: [GC (Allocation Failure) [PSYoungGen: 232960K->166611K(465920K)] 322188K->255839K(1864192K), 0.0652339 secs] [Times: user=0.25 sys=0.00, real=0.06 secs] 
5135.460: [GC (Allocation Failure) [PSYoungGen: 399571K->193014K(465920K)] 488799K->331886K(1864192K), 0.0462664 secs] [Times: user=0.21 sys=0.00, real=0.04 secs] 
5135.668: [GC (Allocation Failure) [PSYoungGen: 425974K->183030K(465920K)] 564846K->386103K(1864192K), 0.0764792 secs] [Times: user=0.38 sys=0.01, real=0.08 secs] 
5135.878: [GC (Allocation Failure) [PSYoungGen: 415990K->186485K(465920K)] 619063K->447841K(1864192K), 0.0557429 secs] [Times: user=0.28 sys=0.00, real=0.06 secs] 
5137.580: [GC (Allocation Failure) [PSYoungGen: 419445K->89690K(465920K)] 680801K->421394K(1864192K), 0.0838360 secs] [Times: user=0.45 sys=0.00, real=0.08 secs] 
5138.665: [GC (Allocation Failure) [PSYoungGen: 322650K->175573K(465920K)] 654354K->535754K(1864192K), 0.0480206 secs] [Times: user=0.21 sys=0.00, real=0.05 secs] 
5138.917: [GC (Allocation Failure) [PSYoungGen: 408533K->184726K(465920K)] 768714K->599863K(1864192K), 0.0582778 secs] [Times: user=0.28 sys=0.00, real=0.06 secs] 
5139.098: [GC (Allocation Failure) [PSYoungGen: 417686K->186805K(465920K)] 832823K->657982K(1864192K), 0.0450967 secs] [Times: user=0.21 sys=0.00, real=0.04 secs] 
5140.079: [GC (Allocation Failure) [PSYoungGen: 419765K->110669K(465920K)] 890942K->652102K(1864192K), 0.0458643 secs] [Times: user=0.24 sys=0.00, real=0.04 secs] 
5140.891: [GC (Allocation Failure) [PSYoungGen: 343629K->154034K(465920K)] 885062K->731064K(1864192K), 0.1129866 secs] [Times: user=0.60 sys=0.00, real=0.11 secs] 
5141.261: [GC (Allocation Failure) [PSYoungGen: 386994K->184566K(465920K)] 964024K->809784K(1864192K), 0.0414320 secs] [Times: user=0.18 sys=0.00, real=0.04 secs] 
5141.455: [GC (Allocation Failure) [PSYoungGen: 417526K->182614K(465920K)] 1042744K->872137K(1864192K), 0.0714300 secs] [Times: user=0.35 sys=0.00, real=0.07 secs] 
5141.714: [GC (Allocation Failure) [PSYoungGen: 415574K->186517K(465920K)] 1105097K->933991K(1864192K), 0.0682748 secs] [Times: user=0.35 sys=0.00, real=0.07 secs] 
5142.876: [GC (Allocation Failure) [PSYoungGen: 419477K->91034K(465920K)] 1166951K->908897K(1864192K), 0.0591482 secs] [Times: user=0.32 sys=0.00, real=0.06 secs] 
5143.617: [GC (Allocation Failure) [PSYoungGen: 323994K->175157K(465920K)] 1141857K->1022160K(1864192K), 0.0522630 secs] [Times: user=0.23 sys=0.00, real=0.06 secs] 
5143.873: [GC (Allocation Failure) [PSYoungGen: 408117K->184662K(465920K)] 1255120K->1086689K(1864192K), 0.0507346 secs] [Times: user=0.25 sys=0.00, real=0.05 secs] 
5144.056: [GC (Allocation Failure) [PSYoungGen: 417622K->184116K(465920K)] 1319649K->1142120K(1864192K), 0.0520082 secs] [Times: user=0.25 sys=0.00, real=0.06 secs] 
5145.082: [GC (Allocation Failure) [PSYoungGen: 417076K->120142K(465920K)] 1375080K->1147658K(1864192K), 0.0474080 secs] [Times: user=0.24 sys=0.00, real=0.05 secs] 
5146.328: [GC (Allocation Failure) [PSYoungGen: 353102K->146241K(465920K)] 1380618K->1211716K(1864192K), 0.1263480 secs] [Times: user=0.67 sys=0.01, real=0.12 secs] 
5146.989: [GC (Allocation Failure) [PSYoungGen: 379201K->183861K(465920K)] 1444676K->1295054K(1864192K), 0.0538141 secs] [Times: user=0.25 sys=0.00, real=0.05 secs] 
5147.168: [GC (Allocation Failure) [PSYoungGen: 416821K->185879K(465920K)] 1528014K->1360983K(1864192K), 0.0510227 secs] [Times: user=0.24 sys=0.00, real=0.06 secs] 
5147.331: [GC (Allocation Failure) [PSYoungGen: 418839K->183764K(465920K)] 1593943K->1417821K(1864192K), 0.0577001 secs] [Times: user=0.29 sys=0.00, real=0.06 secs] 
5148.778: [GC (Allocation Failure) [PSYoungGen: 416724K->90538K(465920K)] 1650781K->1393995K(1864192K), 0.1039986 secs] [Times: user=0.57 sys=0.00, real=0.11 secs] 
5149.867: [GC (Allocation Failure) [PSYoungGen: 323498K->176693K(465920K)] 1626955K->1508810K(1864192K), 0.0574384 secs] [Times: user=0.26 sys=0.00, real=0.06 secs] 
5149.924: [Full GC (Ergonomics) [PSYoungGen: 176693K->0K(465920K)] [ParOldGen: 1332117K->211816K(1398272K)] 1508810K->211816K(1864192K), [Metaspace: 59633K->59633K(1105920K)], 0.2618785 secs] [Times: user=1.24 sys=0.00, real=0.26 secs] 
5150.310: [GC (Allocation Failure) [PSYoungGen: 232960K->181749K(465920K)] 444776K->393566K(1864192K), 0.0264911 secs] [Times: user=0.10 sys=0.00, real=0.02 secs] 
5150.454: [GC (Allocation Failure) [PSYoungGen: 414709K->187157K(465920K)] 626526K->454245K(1864192K), 0.0437439 secs] [Times: user=0.20 sys=0.00, real=0.05 secs] 
5151.439: [GC (Allocation Failure) [PSYoungGen: 420117K->128239K(465920K)] 687205K->465892K(1864192K), 0.0474766 secs] [Times: user=0.23 sys=0.00, real=0.04 secs] 
5152.266: [GC (Allocation Failure) [PSYoungGen: 361199K->139472K(465920K)] 698852K->517781K(1864192K), 0.1077054 secs] [Times: user=0.59 sys=0.00, real=0.11 secs] 
5153.154: [GC (Allocation Failure) [PSYoungGen: 372432K->177685K(465920K)] 750741K->600070K(1864192K), 0.0505075 secs] [Times: user=0.23 sys=0.00, real=0.05 secs] 
5153.335: [GC (Allocation Failure) [PSYoungGen: 410645K->185943K(465920K)] 833030K->670656K(1864192K), 0.0487412 secs] [Times: user=0.22 sys=0.00, real=0.05 secs] 
5153.497: [GC (Allocation Failure) [PSYoungGen: 418903K->183732K(465920K)] 903616K->727366K(1864192K), 0.0564037 secs] [Times: user=0.27 sys=0.00, real=0.06 secs] 
5154.862: [GC (Allocation Failure) [PSYoungGen: 416692K->94075K(465920K)] 960326K->706932K(1864192K), 0.0662100 secs] [Times: user=0.36 sys=0.00, real=0.06 secs] 
5156.249: [GC (Allocation Failure) [PSYoungGen: 327035K->171508K(465920K)] 939892K->814267K(1864192K), 0.0475759 secs] [Times: user=0.21 sys=0.00, real=0.04 secs] 
5156.445: [GC (Allocation Failure) [PSYoungGen: 404468K->183893K(465920K)] 1047227K->880464K(1864192K), 0.0428733 secs] [Times: user=0.20 sys=0.00, real=0.04 secs] 
5156.605: [GC (Allocation Failure) [PSYoungGen: 416853K->187125K(465920K)] 1113424K->939367K(1864192K), 0.0458065 secs] [Times: user=0.21 sys=0.00, real=0.05 secs] 
5157.578: [GC (Allocation Failure) [PSYoungGen: 420085K->138833K(465920K)] 1172327K->961627K(1864192K), 0.0499193 secs] [Times: user=0.24 sys=0.00, real=0.05 secs] 
5158.235: [GC (GCLocker Initiated GC) [PSYoungGen: 371793K->131183K(465920K)] 1194587K->998178K(1864192K), 0.1041770 secs] [Times: user=0.57 sys=0.00, real=0.11 secs] 
5158.766: [GC (Allocation Failure) [PSYoungGen: 364143K->175604K(465920K)] 1231269K->1084419K(1864192K), 0.0420656 secs] [Times: user=0.19 sys=0.00, real=0.05 secs] 
5158.932: [GC (Allocation Failure) [PSYoungGen: 408564K->185431K(465920K)] 1317379K->1155845K(1864192K), 0.0511306 secs] [Times: user=0.24 sys=0.00, real=0.05 secs] 
5159.135: [GC (Allocation Failure) [PSYoungGen: 418391K->186421K(465920K)] 1388805K->1215595K(1864192K), 0.0851714 secs] [Times: user=0.44 sys=0.00, real=0.09 secs] 
5160.238: [GC (Allocation Failure) [PSYoungGen: 419381K->92763K(465920K)] 1448555K->1192233K(1864192K), 0.0464754 secs] [Times: user=0.24 sys=0.00, real=0.05 secs] 
5161.387: [GC (Allocation Failure) [PSYoungGen: 325723K->170292K(465920K)] 1425193K->1299327K(1864192K), 0.0588662 secs] [Times: user=0.26 sys=0.00, real=0.06 secs] 
5161.621: [GC (Allocation Failure) [PSYoungGen: 403252K->184726K(465920K)] 1532287K->1367325K(1864192K), 0.0443334 secs] [Times: user=0.21 sys=0.00, real=0.04 secs] 
5161.813: [GC (Allocation Failure) [PSYoungGen: 417686K->187157K(465920K)] 1600285K->1425732K(1864192K), 0.0643519 secs] [Times: user=0.31 sys=0.00, real=0.06 secs] 
5162.799: [GC (Allocation Failure) [PSYoungGen: 420117K->147890K(465920K)] 1658692K->1457073K(1864192K), 0.0523188 secs] [Times: user=0.26 sys=0.00, real=0.05 secs] 
5163.475: [GC (Allocation Failure) [PSYoungGen: 380850K->126031K(465920K)] 1690033K->1482182K(1864192K), 0.1566382 secs] [Times: user=0.87 sys=0.01, real=0.16 secs] 
5163.631: [Full GC (Ergonomics) [PSYoungGen: 126031K->0K(465920K)] [ParOldGen: 1356151K->142207K(1398272K)] 1482182K->142207K(1864192K), [Metaspace: 59633K->59633K(1105920K)], 0.1718272 secs] [Times: user=0.77 sys=0.00, real=0.17 secs] 
5164.142: [GC (Allocation Failure) [PSYoungGen: 232960K->175412K(465920K)] 375167K->317620K(1864192K), 0.0260676 secs] [Times: user=0.09 sys=0.00, real=0.03 secs] 
5164.338: [GC (Allocation Failure) [PSYoungGen: 408372K->185399K(465920K)] 550580K->389426K(1864192K), 0.0768295 secs] [Times: user=0.38 sys=0.00, real=0.08 secs] 
5164.620: [GC (Allocation Failure) [PSYoungGen: 418359K->186165K(465920K)] 622386K->448736K(1864192K), 0.0738937 secs] [Times: user=0.38 sys=0.00, real=0.07 secs] 
5165.827: [GC (Allocation Failure) [PSYoungGen: 419125K->94667K(465920K)] 681696K->427599K(1864192K), 0.0469394 secs] [Times: user=0.25 sys=0.00, real=0.05 secs] 
5166.900: [GC (Allocation Failure) [PSYoungGen: 327627K->171956K(465920K)] 660559K->535309K(1864192K), 0.0660031 secs] [Times: user=0.29 sys=0.00, real=0.06 secs] 
5167.159: [GC (Allocation Failure) [PSYoungGen: 404916K->179029K(465920K)] 768269K->596101K(1864192K), 0.0412216 secs] [Times: user=0.19 sys=0.00, real=0.04 secs] 
5167.315: [GC (Allocation Failure) [PSYoungGen: 400027K->173813K(465920K)] 817100K->653822K(1864192K), 0.0468156 secs] [Times: user=0.22 sys=0.00, real=0.05 secs] 
5168.296: [GC (Allocation Failure) [PSYoungGen: 406773K->169267K(402432K)] 886782K->704507K(1800704K), 0.0535651 secs] [Times: user=0.26 sys=0.00, real=0.06 secs] 
5168.797: [GC (GCLocker Initiated GC) [PSYoungGen: 402227K->109357K(460800K)] 937467K->709381K(1859072K), 0.0882830 secs] [Times: user=0.47 sys=0.00, real=0.09 secs] 
5169.613: [GC (Allocation Failure) [PSYoungGen: 339757K->171445K(463360K)] 948140K->814741K(1861632K), 0.1578855 secs] [Times: user=0.89 sys=0.00, real=0.16 secs] 
5169.890: [GC (Allocation Failure) [PSYoungGen: 401845K->177526K(464896K)] 1045141K->875302K(1863168K), 0.1626391 secs] [Times: user=0.91 sys=0.00, real=0.16 secs] 
5170.169: [GC (Allocation Failure) [PSYoungGen: 413046K->187957K(465408K)] 1110822K->942341K(1863680K), 0.0577789 secs] [Times: user=0.28 sys=0.00, real=0.05 secs] 
5171.347: [GC (Allocation Failure) [PSYoungGen: 423477K->102444K(465920K)] 1177861K->927572K(1864192K), 0.0496456 secs] [Times: user=0.26 sys=0.00, real=0.05 secs] 
5172.011: [GC (Allocation Failure) [PSYoungGen: 335404K->171476K(465920K)] 1160532K->1029774K(1864192K), 0.0597932 secs] [Times: user=0.29 sys=0.00, real=0.06 secs] 
5172.215: [GC (Allocation Failure) [PSYoungGen: 404436K->184726K(465920K)] 1262734K->1096919K(1864192K), 0.0430325 secs] [Times: user=0.19 sys=0.01, real=0.04 secs] 
5172.411: [GC (Allocation Failure) [PSYoungGen: 415779K->180438K(465920K)] 1327973K->1156816K(1864192K), 0.0718284 secs] [Times: user=0.36 sys=0.00, real=0.07 secs] 
5173.333: [GC (Allocation Failure) [PSYoungGen: 413398K->168466K(459776K)] 1389776K->1202076K(1858048K), 0.0556149 secs] [Times: user=0.28 sys=0.00, real=0.06 secs] 
5174.462: [GC (Allocation Failure) [PSYoungGen: 401426K->103676K(462848K)] 1435036K->1201997K(1861120K), 0.0982470 secs] [Times: user=0.53 sys=0.01, real=0.10 secs] 
5175.718: [GC (Allocation Failure) [PSYoungGen: 336636K->178869K(465920K)] 1434957K->1310460K(1864192K), 0.0582766 secs] [Times: user=0.23 sys=0.00, real=0.06 secs] 
5175.975: [GC (Allocation Failure) [PSYoungGen: 411829K->184502K(465920K)] 1543420K->1371780K(1864192K), 0.0610995 secs] [Times: user=0.29 sys=0.00, real=0.06 secs] 
5176.157: [GC (Allocation Failure) [PSYoungGen: 417462K->183732K(465920K)] 1604740K->1426867K(1864192K), 0.0472030 secs] [Times: user=0.22 sys=0.00, real=0.05 secs] 
5177.151: [GC (GCLocker Initiated GC) [PSYoungGen: 416692K->98252K(465920K)] 1659829K->1410780K(1864192K), 0.0512278 secs] [Times: user=0.27 sys=0.01, real=0.05 secs] 
5178.311: [GC (Allocation Failure) [PSYoungGen: 331212K->166836K(465920K)] 1643740K->1510793K(1864192K), 0.0918868 secs] [Times: user=0.46 sys=0.00, real=0.09 secs] 
5178.403: [Full GC (Ergonomics) [PSYoungGen: 166836K->0K(465920K)] [ParOldGen: 1343957K->188382K(1398272K)] 1510793K->188382K(1864192K), [Metaspace: 59633K->59633K(1105920K)], 0.2400733 secs] [Times: user=1.17 sys=0.00, real=0.24 secs] 
5178.759: [GC (Allocation Failure) [PSYoungGen: 232960K->184854K(465920K)] 421342K->373236K(1864192K), 0.0335671 secs] [Times: user=0.13 sys=0.00, real=0.03 secs] 
5178.912: [GC (Allocation Failure) [PSYoungGen: 417814K->186039K(465920K)] 606196K->438502K(1864192K), 0.0436660 secs] [Times: user=0.20 sys=0.00, real=0.04 secs] 
5179.358: [GC (Allocation Failure) [PSYoungGen: 416473K->212628K(465920K)] 668935K->524267K(1864192K), 0.0544144 secs] [Times: user=0.27 sys=0.00, real=0.06 secs] 
5180.944: [GC (Allocation Failure) [PSYoungGen: 445588K->89642K(465920K)] 757227K->468665K(1864192K), 0.0935324 secs] [Times: user=0.50 sys=0.00, real=0.09 secs] 
5182.001: [GC (Allocation Failure) [PSYoungGen: 322602K->178677K(465920K)] 701625K->585917K(1864192K), 0.0517403 secs] [Times: user=0.23 sys=0.00, real=0.05 secs] 
5182.250: [GC (Allocation Failure) [PSYoungGen: 411637K->184950K(465920K)] 818877K->647889K(1864192K), 0.0570309 secs] [Times: user=0.27 sys=0.00, real=0.05 secs] 
5182.442: [GC (Allocation Failure) [PSYoungGen: 417910K->186997K(465920K)] 880849K->706001K(1864192K), 0.0498822 secs] [Times: user=0.23 sys=0.00, real=0.05 secs] 
5183.467: [GC (Allocation Failure) [PSYoungGen: 419957K->100908K(465920K)] 938961K->690360K(1864192K), 0.0446117 secs] [Times: user=0.23 sys=0.00, real=0.05 secs] 
5185.440: [GC (Allocation Failure) [PSYoungGen: 333868K->158995K(465920K)] 923320K->780755K(1864192K), 0.0863523 secs] [Times: user=0.44 sys=0.00, real=0.08 secs] 
5185.888: [GC (Allocation Failure) [PSYoungGen: 391955K->181877K(465920K)] 1013715K->853262K(1864192K), 0.0445251 secs] [Times: user=0.20 sys=0.00, real=0.04 secs] 
5186.060: [GC (Allocation Failure) [PSYoungGen: 414837K->185751K(465920K)] 1086222K->920840K(1864192K), 0.0498951 secs] [Times: user=0.23 sys=0.00, real=0.05 secs] 
5186.228: [GC (Allocation Failure) [PSYoungGen: 418711K->186677K(465920K)] 1153800K->980694K(1864192K), 0.0562790 secs] [Times: user=0.28 sys=0.00, real=0.06 secs] 
5187.475: [GC (Allocation Failure) [PSYoungGen: 419637K->87482K(465920K)] 1213654K->952131K(1864192K), 0.0614298 secs] [Times: user=0.33 sys=0.01, real=0.06 secs] 
5188.432: [GC (Allocation Failure) [PSYoungGen: 320442K->176245K(465920K)] 1185091K->1068483K(1864192K), 0.0563786 secs] [Times: user=0.26 sys=0.00, real=0.05 secs] 
5188.702: [GC (Allocation Failure) [PSYoungGen: 409205K->184566K(465920K)] 1301443K->1132371K(1864192K), 0.0546351 secs] [Times: user=0.26 sys=0.00, real=0.05 secs] 
5188.906: [GC (Allocation Failure) [PSYoungGen: 417526K->186901K(465920K)] 1365331K->1190539K(1864192K), 0.0670151 secs] [Times: user=0.33 sys=0.00, real=0.07 secs] 
5189.943: [GC (Allocation Failure) [PSYoungGen: 419861K->113421K(465920K)] 1423499K->1187579K(1864192K), 0.0475766 secs] [Times: user=0.24 sys=0.00, real=0.05 secs] 
5191.406: [GC (GCLocker Initiated GC) [PSYoungGen: 346381K->155634K(465920K)] 1420539K->1266221K(1864192K), 0.1192920 secs] [Times: user=0.64 sys=0.00, real=0.12 secs] 
5191.919: [GC (Allocation Failure) [PSYoungGen: 388594K->178709K(465920K)] 1499348K->1338010K(1864192K), 0.0471533 secs] [Times: user=0.22 sys=0.00, real=0.04 secs] 
5192.089: [GC (GCLocker Initiated GC) [PSYoungGen: 411669K->184919K(465920K)] 1570973K->1406959K(1864192K), 0.0499455 secs] [Times: user=0.23 sys=0.00, real=0.05 secs] 
5192.256: [GC (Allocation Failure) [PSYoungGen: 417879K->203061K(465920K)] 1639920K->1483790K(1864192K), 0.0578119 secs] [Times: user=0.28 sys=0.00, real=0.06 secs] 
5193.471: [GC (Allocation Failure) [PSYoungGen: 436021K->93307K(465920K)] 1716750K->1444484K(1864192K), 0.0773277 secs] [Times: user=0.41 sys=0.00, real=0.08 secs] 
5193.549: [Full GC (Ergonomics) [PSYoungGen: 93307K->0K(465920K)] [ParOldGen: 1351177K->102367K(1398272K)] 1444484K->102367K(1864192K), [Metaspace: 59633K->59633K(1105920K)], 0.1284204 secs] [Times: user=0.54 sys=0.00, real=0.12 secs] 
5194.827: [GC (GCLocker Initiated GC) [PSYoungGen: 232960K->166484K(465920K)] 335328K->268852K(1864192K), 0.0423402 secs] [Times: user=0.16 sys=0.00, real=0.05 secs] 
5195.053: [GC (Allocation Failure) [PSYoungGen: 399444K->184021K(465920K)] 501815K->338573K(1864192K), 0.0407712 secs] [Times: user=0.18 sys=0.00, real=0.04 secs] 
5195.210: [GC (Allocation Failure) [PSYoungGen: 416981K->187029K(465920K)] 571533K->397445K(1864192K), 0.0444149 secs] [Times: user=0.20 sys=0.00, real=0.04 secs] 
5196.191: [GC (Allocation Failure) [PSYoungGen: 419989K->126095K(465920K)] 630405K->406903K(1864192K), 0.0506201 secs] [Times: user=0.24 sys=0.00, real=0.05 secs] 
5197.824: [GC (Allocation Failure) [PSYoungGen: 359055K->139152K(465920K)] 639863K->459896K(1864192K), 0.1579456 secs] [Times: user=0.87 sys=0.00, real=0.16 secs] 
5198.314: [GC (Allocation Failure) [PSYoungGen: 372112K->178421K(465920K)] 692856K->543662K(1864192K), 0.0399503 secs] [Times: user=0.17 sys=0.00, real=0.04 secs] 
5198.477: [GC (Allocation Failure) [PSYoungGen: 411381K->185687K(465920K)] 776622K->613212K(1864192K), 0.0490271 secs] [Times: user=0.23 sys=0.00, real=0.05 secs] 
5198.644: [GC (Allocation Failure) [PSYoungGen: 418647K->186517K(465920K)] 846172K->672938K(1864192K), 0.0558259 secs] [Times: user=0.27 sys=0.00, real=0.06 secs] 
5199.802: [GC (Allocation Failure) [PSYoungGen: 419477K->94107K(465920K)] 905898K->651000K(1864192K), 0.0563073 secs] [Times: user=0.30 sys=0.00, real=0.06 secs] 
5201.018: [GC (Allocation Failure) [PSYoungGen: 327067K->170836K(465920K)] 883960K->757654K(1864192K), 0.0595491 secs] [Times: user=0.27 sys=0.01, real=0.05 secs] 
5201.268: [GC (Allocation Failure) [PSYoungGen: 403796K->184534K(465920K)] 990614K->825159K(1864192K), 0.0420402 secs] [Times: user=0.19 sys=0.00, real=0.04 secs] 
5201.483: [GC (Allocation Failure) [PSYoungGen: 417494K->203477K(465920K)] 1058119K->899903K(1864192K), 0.0671665 secs] [Times: user=0.33 sys=0.00, real=0.07 secs] 
5202.489: [GC (Allocation Failure) [PSYoungGen: 436437K->135120K(465920K)] 1132863K->902146K(1864192K), 0.0487073 secs] [Times: user=0.24 sys=0.00, real=0.04 secs] 
5202.924: [GC (Allocation Failure) [PSYoungGen: 368080K->138112K(465920K)] 1135106K->947938K(1864192K), 0.1148890 secs] [Times: user=0.62 sys=0.00, real=0.12 secs] 
5203.479: [GC (Allocation Failure) [PSYoungGen: 371072K->174740K(465920K)] 1180898K->1028243K(1864192K), 0.0396684 secs] [Times: user=0.18 sys=0.00, real=0.04 secs] 
5203.692: [GC (Allocation Failure) [PSYoungGen: 407700K->182678K(465920K)] 1261203K->1097169K(1864192K), 0.0762095 secs] [Times: user=0.37 sys=0.00, real=0.07 secs] 
5203.901: [GC (Allocation Failure) [PSYoungGen: 415638K->186773K(465920K)] 1330129K->1159520K(1864192K), 0.0577694 secs] [Times: user=0.28 sys=0.01, real=0.06 secs] 
5204.958: [GC (Allocation Failure) [PSYoungGen: 419733K->94683K(465920K)] 1392480K->1137894K(1864192K), 0.0443295 secs] [Times: user=0.23 sys=0.00, real=0.05 secs] 
5205.606: [GC (GCLocker Initiated GC) [PSYoungGen: 327643K->174197K(465920K)] 1370854K->1247364K(1864192K), 0.0565828 secs] [Times: user=0.25 sys=0.00, real=0.06 secs] 
5205.829: [GC (Allocation Failure) [PSYoungGen: 407157K->184342K(465920K)] 1480327K->1312380K(1864192K), 0.0437071 secs] [Times: user=0.20 sys=0.00, real=0.04 secs] 
5205.989: [GC (Allocation Failure) [PSYoungGen: 417302K->186837K(465920K)] 1545340K->1370835K(1864192K), 0.0460983 secs] [Times: user=0.21 sys=0.00, real=0.04 secs] 
5206.970: [GC (Allocation Failure) [PSYoungGen: 419797K->140721K(465920K)] 1603795K->1395056K(1864192K), 0.0502089 secs] [Times: user=0.25 sys=0.00, real=0.05 secs] 
5208.265: [GC (Allocation Failure) [PSYoungGen: 373681K->126415K(465920K)] 1628016K->1425277K(1864192K), 0.1553083 secs] [Times: user=0.86 sys=0.00, real=0.16 secs] 
5209.734: [GC (Allocation Failure) [PSYoungGen: 359375K->173620K(465920K)] 1658237K->1512303K(1864192K), 0.0544667 secs] [Times: user=0.26 sys=0.00, real=0.05 secs] 
5209.788: [Full GC (Ergonomics) [PSYoungGen: 173620K->0K(465920K)] [ParOldGen: 1338683K->229516K(1398272K)] 1512303K->229516K(1864192K), [Metaspace: 59633K->59633K(1105920K)], 0.2804318 secs] [Times: user=1.30 sys=0.00, real=0.29 secs] 
5210.204: [GC (Allocation Failure) [PSYoungGen: 232960K->182614K(465920K)] 462476K->412131K(1864192K), 0.0862199 secs] [Times: user=0.45 sys=0.00, real=0.09 secs] 
5210.415: [GC (Allocation Failure) [PSYoungGen: 415574K->186677K(465920K)] 645091K->474322K(1864192K), 0.0575935 secs] [Times: user=0.28 sys=0.00, real=0.06 secs] 
5211.411: [GC (Allocation Failure) [PSYoungGen: 419350K->96763K(465920K)] 706995K->454896K(1864192K), 0.0448099 secs] [Times: user=0.24 sys=0.00, real=0.04 secs] 
5212.835: [GC (Allocation Failure) [PSYoungGen: 329723K->165844K(465920K)] 687856K->554861K(1864192K), 0.0682239 secs] [Times: user=0.31 sys=0.00, real=0.07 secs] 
5213.091: [GC (Allocation Failure) [PSYoungGen: 398804K->184470K(465920K)] 787821K->625223K(1864192K), 0.0417571 secs] [Times: user=0.18 sys=0.00, real=0.04 secs] 
5213.249: [GC (Allocation Failure) [PSYoungGen: 412540K->177142K(465920K)] 853294K->681823K(1864192K), 0.0480120 secs] [Times: user=0.22 sys=0.00, real=0.04 secs] 
5214.163: [GC (Allocation Failure) [PSYoungGen: 410102K->167794K(400896K)] 914783K->728532K(1799168K), 0.0554384 secs] [Times: user=0.28 sys=0.00, real=0.05 secs] 
5214.845: [GC (Allocation Failure) [PSYoungGen: 400754K->106476K(461824K)] 961492K->731494K(1860096K), 0.0620570 secs] [Times: user=0.32 sys=0.00, real=0.06 secs] 
5215.508: [GC (Allocation Failure) [PSYoungGen: 337388K->176629K(463872K)] 962406K->835440K(1862144K), 0.0508126 secs] [Times: user=0.22 sys=0.00, real=0.05 secs] 
5215.699: [GC (Allocation Failure) [PSYoungGen: 407541K->182901K(465920K)] 1066352K->897080K(1864192K), 0.0425988 secs] [Times: user=0.19 sys=0.00, real=0.04 secs] 
5215.859: [GC (Allocation Failure) [PSYoungGen: 415861K->186581K(465920K)] 1130040K->956208K(1864192K), 0.0456086 secs] [Times: user=0.21 sys=0.00, real=0.04 secs] 
5216.912: [GC (Allocation Failure) [PSYoungGen: 419541K->97515K(465920K)] 1189168K->937558K(1864192K), 0.0442575 secs] [Times: user=0.23 sys=0.00, real=0.04 secs] 
5218.250: [GC (Allocation Failure) [PSYoungGen: 330475K->170388K(465920K)] 1170518K->1042260K(1864192K), 0.0614307 secs] [Times: user=0.28 sys=0.00, real=0.06 secs] 
5218.461: [GC (Allocation Failure) [PSYoungGen: 403348K->184214K(465920K)] 1275220K->1108933K(1864192K), 0.0423236 secs] [Times: user=0.19 sys=0.00, real=0.04 secs] 
5218.625: [GC (Allocation Failure) [PSYoungGen: 417174K->185399K(465920K)] 1341893K->1174406K(1864192K), 0.0494978 secs] [Times: user=0.23 sys=0.00, real=0.05 secs] 
5219.270: [GC (Allocation Failure) [PSYoungGen: 418359K->215763K(465920K)] 1407366K->1263547K(1864192K), 0.0531131 secs] [Times: user=0.26 sys=0.00, real=0.05 secs] 
5220.232: [GC (Allocation Failure) [PSYoungGen: 448723K->95067K(465920K)] 1496507K->1209443K(1864192K), 0.0695652 secs] [Times: user=0.37 sys=0.00, real=0.07 secs] 
5221.136: [GC (Allocation Failure) [PSYoungGen: 328027K->182070K(465920K)] 1442403K->1326154K(1864192K), 0.0495664 secs] [Times: user=0.21 sys=0.00, real=0.05 secs] 
5221.320: [GC (Allocation Failure) [PSYoungGen: 415030K->181877K(465920K)] 1559114K->1382790K(1864192K), 0.0432963 secs] [Times: user=0.20 sys=0.00, real=0.04 secs] 
5221.481: [GC (Allocation Failure) [PSYoungGen: 414837K->186773K(465920K)] 1615750K->1443141K(1864192K), 0.0454205 secs] [Times: user=0.21 sys=0.00, real=0.04 secs] 
5222.558: [GC (Allocation Failure) [PSYoungGen: 419733K->99340K(465920K)] 1676101K->1426012K(1864192K), 0.0488484 secs] [Times: user=0.25 sys=0.00, real=0.05 secs] 
5222.607: [Full GC (Ergonomics) [PSYoungGen: 99340K->0K(465920K)] [ParOldGen: 1326672K->87698K(1398272K)] 1426012K->87698K(1864192K), [Metaspace: 59633K->59633K(1105920K)], 0.0348464 secs] [Times: user=0.10 sys=0.00, real=0.04 secs] 
5224.236: [GC (Allocation Failure) [PSYoungGen: 232960K->164051K(465920K)] 320658K->251750K(1864192K), 0.0648547 secs] [Times: user=0.25 sys=0.00, real=0.07 secs] 
5224.600: [GC (Allocation Failure) [PSYoungGen: 397011K->184758K(465920K)] 484710K->323669K(1864192K), 0.0463291 secs] [Times: user=0.22 sys=0.00, real=0.04 secs] 
5224.794: [GC (Allocation Failure) [PSYoungGen: 417701K->183286K(465920K)] 556612K->386389K(1864192K), 0.0622669 secs] [Times: user=0.30 sys=0.00, real=0.06 secs] 
5224.997: [GC (Allocation Failure) [PSYoungGen: 416246K->186805K(465920K)] 619349K->448196K(1864192K), 0.0572272 secs] [Times: user=0.28 sys=0.00, real=0.06 secs] 
5226.761: [GC (Allocation Failure) [PSYoungGen: 419765K->85226K(465920K)] 681156K->417153K(1864192K), 0.1062473 secs] [Times: user=0.58 sys=0.00, real=0.10 secs] 
5227.495: [GC (Allocation Failure) [PSYoungGen: 318186K->179669K(465920K)] 650113K->539065K(1864192K), 0.0503451 secs] [Times: user=0.22 sys=0.00, real=0.05 secs] 
5227.765: [GC (Allocation Failure) [PSYoungGen: 412629K->184566K(465920K)] 772025K->599922K(1864192K), 0.0534448 secs] [Times: user=0.25 sys=0.00, real=0.06 secs] 
5227.970: [GC (Allocation Failure) [PSYoungGen: 417526K->186901K(465920K)] 832882K->658321K(1864192K), 0.0617765 secs] [Times: user=0.30 sys=0.00, real=0.06 secs] 
5228.989: [GC (Allocation Failure) [PSYoungGen: 419861K->104492K(465920K)] 891281K->646464K(1864192K), 0.0463014 secs] [Times: user=0.23 sys=0.00, real=0.04 secs] 
5229.981: [GC (Allocation Failure) [PSYoungGen: 337452K->162611K(465920K)] 879424K->738072K(1864192K), 0.1257556 secs] [Times: user=0.66 sys=0.01, real=0.12 secs] 
5230.535: [GC (Allocation Failure) [PSYoungGen: 395571K->180885K(465920K)] 971032K->807230K(1864192K), 0.0477408 secs] [Times: user=0.22 sys=0.00, real=0.05 secs] 
5230.708: [GC (Allocation Failure) [PSYoungGen: 413845K->185591K(465920K)] 1040190K->875200K(1864192K), 0.0493063 secs] [Times: user=0.23 sys=0.00, real=0.05 secs] 
5230.878: [GC (Allocation Failure) [PSYoungGen: 418551K->183828K(465920K)] 1108160K->932357K(1864192K), 0.0541203 secs] [Times: user=0.27 sys=0.00, real=0.06 secs] 
5231.940: [GC (Allocation Failure) [PSYoungGen: 416788K->92347K(465920K)] 1165317K->910156K(1864192K), 0.0554282 secs] [Times: user=0.30 sys=0.00, real=0.05 secs] 
5232.780: [GC (Allocation Failure) [PSYoungGen: 325307K->178741K(465920K)] 1143116K->1025731K(1864192K), 0.0498859 secs] [Times: user=0.22 sys=0.00, real=0.05 secs] 
5233.041: [GC (Allocation Failure) [PSYoungGen: 411701K->184534K(465920K)] 1258691K->1087648K(1864192K), 0.0585505 secs] [Times: user=0.28 sys=0.00, real=0.06 secs] 
5233.268: [GC (Allocation Failure) [PSYoungGen: 417494K->181332K(465920K)] 1320608K->1140406K(1864192K), 0.0623751 secs] [Times: user=0.31 sys=0.00, real=0.06 secs] 
5234.296: [GC (Allocation Failure) [PSYoungGen: 414292K->114382K(465920K)] 1373366K->1142428K(1864192K), 0.0464485 secs] [Times: user=0.23 sys=0.00, real=0.05 secs] 
5235.599: [GC (Allocation Failure) [PSYoungGen: 347294K->154482K(465920K)] 1375340K->1219381K(1864192K), 0.1472215 secs] [Times: user=0.80 sys=0.00, real=0.14 secs] 
5236.039: [GC (Allocation Failure) [PSYoungGen: 387442K->184342K(465920K)] 1452341K->1297429K(1864192K), 0.0484072 secs] [Times: user=0.23 sys=0.00, real=0.04 secs] 
5236.207: [GC (Allocation Failure) [PSYoungGen: 417302K->186103K(465920K)] 1530389K->1363230K(1864192K), 0.0523165 secs] [Times: user=0.25 sys=0.00, real=0.06 secs] 
5236.372: [GC (Allocation Failure) [PSYoungGen: 419063K->183732K(465920K)] 1596190K->1419907K(1864192K), 0.0581060 secs] [Times: user=0.28 sys=0.00, real=0.06 secs] 
5237.763: [GC (Allocation Failure) [PSYoungGen: 416692K->90186K(465920K)] 1652867K->1395801K(1864192K), 0.1095072 secs] [Times: user=0.60 sys=0.01, real=0.11 secs] 
5239.041: [GC (Allocation Failure) [PSYoungGen: 323146K->173237K(465920K)] 1628761K->1507296K(1864192K), 0.0547168 secs] [Times: user=0.25 sys=0.00, real=0.05 secs] 
5239.096: [Full GC (Ergonomics) [PSYoungGen: 173237K->0K(465920K)] [ParOldGen: 1334059K->211505K(1398272K)] 1507296K->211505K(1864192K), [Metaspace: 59633K->59633K(1105920K)], 0.2711143 secs] [Times: user=1.29 sys=0.00, real=0.27 secs] 
5239.490: [GC (Allocation Failure) [PSYoungGen: 232960K->185078K(465920K)] 444465K->396583K(1864192K), 0.0266034 secs] [Times: user=0.10 sys=0.00, real=0.02 secs] 
5239.631: [GC (Allocation Failure) [PSYoungGen: 418038K->184084K(465920K)] 629543K->451678K(1864192K), 0.0445497 secs] [Times: user=0.20 sys=0.01, real=0.04 secs] 
5240.627: [GC (Allocation Failure) [PSYoungGen: 417044K->121263K(465920K)] 684638K->458312K(1864192K), 0.0462155 secs] [Times: user=0.23 sys=0.00, real=0.05 secs] 
5241.633: [GC (Allocation Failure) [PSYoungGen: 354223K->146385K(465920K)] 691272K->521811K(1864192K), 0.0913308 secs] [Times: user=0.48 sys=0.00, real=0.09 secs] 
5242.016: [GC (Allocation Failure) [PSYoungGen: 379345K->183861K(465920K)] 754771K->605264K(1864192K), 0.0396782 secs] [Times: user=0.17 sys=0.00, real=0.04 secs] 
5242.178: [GC (Allocation Failure) [PSYoungGen: 416821K->185911K(465920K)] 838224K->671365K(1864192K), 0.0493941 secs] [Times: user=0.23 sys=0.00, real=0.05 secs] 
5242.341: [GC (Allocation Failure) [PSYoungGen: 418871K->186485K(465920K)] 904325K->730987K(1864192K), 0.0569663 secs] [Times: user=0.28 sys=0.00, real=0.05 secs] 
5243.848: [GC (Allocation Failure) [PSYoungGen: 419437K->90314K(465920K)] 963940K->705233K(1864192K), 0.1138974 secs] [Times: user=0.63 sys=0.00, real=0.11 secs] 
5244.988: [GC (Allocation Failure) [PSYoungGen: 323274K->172276K(465920K)] 938193K->816136K(1864192K), 0.0511915 secs] [Times: user=0.23 sys=0.00, real=0.06 secs] 
5245.197: [GC (Allocation Failure) [PSYoungGen: 405236K->184598K(465920K)] 1049096K->882705K(1864192K), 0.0425133 secs] [Times: user=0.19 sys=0.00, real=0.05 secs] 
5245.356: [GC (Allocation Failure) [PSYoungGen: 417558K->186709K(465920K)] 1115665K->940768K(1864192K), 0.0453860 secs] [Times: user=0.21 sys=0.00, real=0.05 secs] 
5246.358: [GC (Allocation Failure) [PSYoungGen: 419669K->127087K(465920K)] 1173728K->951507K(1864192K), 0.0477665 secs] [Times: user=0.24 sys=0.00, real=0.04 secs] 
5247.243: [GC (Allocation Failure) [PSYoungGen: 360047K->151985K(465920K)] 1184467K->1016732K(1864192K), 0.1242366 secs] [Times: user=0.68 sys=0.00, real=0.12 secs] 
5247.831: [GC (Allocation Failure) [PSYoungGen: 384945K->176116K(465920K)] 1249692K->1086233K(1864192K), 0.0521615 secs] [Times: user=0.24 sys=0.00, real=0.05 secs] 
5248.012: [GC (Allocation Failure) [PSYoungGen: 409076K->185847K(465920K)] 1319193K->1157995K(1864192K), 0.0501327 secs] [Times: user=0.24 sys=0.00, real=0.05 secs] 
5248.180: [GC (Allocation Failure) [PSYoungGen: 418807K->186773K(465920K)] 1390955K->1217833K(1864192K), 0.0576875 secs] [Times: user=0.29 sys=0.00, real=0.05 secs] 
5249.288: [GC (Allocation Failure) [PSYoungGen: 419733K->95083K(465920K)] 1450793K->1196744K(1864192K), 0.0573328 secs] [Times: user=0.31 sys=0.00, real=0.06 secs] 
5250.015: [GC (Allocation Failure) [PSYoungGen: 328043K->178165K(465920K)] 1429704K->1310271K(1864192K), 0.0545508 secs] [Times: user=0.24 sys=0.00, real=0.06 secs] 
5250.274: [GC (Allocation Failure) [PSYoungGen: 411125K->178837K(465920K)] 1543231K->1366706K(1864192K), 0.0503695 secs] [Times: user=0.24 sys=0.00, real=0.05 secs] 
5250.485: [GC (Allocation Failure) [PSYoungGen: 411797K->187061K(465920K)] 1599666K->1429474K(1864192K), 0.0702631 secs] [Times: user=0.35 sys=0.00, real=0.07 secs] 
5251.500: [GC (Allocation Failure) [PSYoungGen: 420021K->133648K(465920K)] 1662434K->1446434K(1864192K), 0.0490443 secs] [Times: user=0.25 sys=0.00, real=0.05 secs] 
5251.549: [Full GC (Ergonomics) [PSYoungGen: 133648K->0K(465920K)] [ParOldGen: 1312785K->344736K(1398272K)] 1446434K->344736K(1864192K), [Metaspace: 59633K->59633K(1105920K)], 0.5633283 secs] [Times: user=2.43 sys=0.00, real=0.56 secs] 
5253.085: [GC (GCLocker Initiated GC) [PSYoungGen: 232960K->138672K(465920K)] 577696K->483409K(1864192K), 0.0430002 secs] [Times: user=0.16 sys=0.00, real=0.04 secs] 
5253.635: [GC (Allocation Failure) [PSYoungGen: 371632K->175732K(465920K)] 716500K->564869K(1864192K), 0.0392812 secs] [Times: user=0.18 sys=0.00, real=0.04 secs] 
5253.797: [GC (Allocation Failure) [PSYoungGen: 408692K->185879K(465920K)] 797829K->636695K(1864192K), 0.0484831 secs] [Times: user=0.22 sys=0.00, real=0.05 secs] 
5254.006: [GC (Allocation Failure) [PSYoungGen: 418839K->186645K(465920K)] 869655K->696301K(1864192K), 0.0861751 secs] [Times: user=0.44 sys=0.00, real=0.09 secs] 
5255.113: [GC (Allocation Failure) [PSYoungGen: 419605K->91642K(465920K)] 929261K->671715K(1864192K), 0.0569041 secs] [Times: user=0.30 sys=0.00, real=0.06 secs] 
5256.544: [GC (Allocation Failure) [PSYoungGen: 324602K->172532K(465920K)] 904675K->781282K(1864192K), 0.0639182 secs] [Times: user=0.28 sys=0.00, real=0.06 secs] 
5256.789: [GC (Allocation Failure) [PSYoungGen: 405492K->181845K(465920K)] 1014242K->844647K(1864192K), 0.0423472 secs] [Times: user=0.19 sys=0.01, real=0.04 secs] 
5256.982: [GC (Allocation Failure) [PSYoungGen: 414805K->187125K(465920K)] 1077607K->905302K(1864192K), 0.0695449 secs] [Times: user=0.34 sys=0.00, real=0.07 secs] 
5258.039: [GC (Allocation Failure) [PSYoungGen: 420085K->142417K(465920K)] 1138262K->931195K(1864192K), 0.0499559 secs] [Times: user=0.25 sys=0.00, real=0.05 secs] 
5259.273: [GC (Allocation Failure) [PSYoungGen: 375377K->125951K(465920K)] 1164155K->959792K(1864192K), 0.1603286 secs] [Times: user=0.89 sys=0.00, real=0.16 secs] 
5259.982: [GC (Allocation Failure) [PSYoungGen: 358911K->178101K(465920K)] 1192752K->1051635K(1864192K), 0.0509305 secs] [Times: user=0.23 sys=0.00, real=0.05 secs] 
5260.206: [GC (Allocation Failure) [PSYoungGen: 411061K->182998K(465920K)] 1284595K->1118761K(1864192K), 0.0593233 secs] [Times: user=0.29 sys=0.00, real=0.06 secs] 
5260.385: [GC (Allocation Failure) [PSYoungGen: 415958K->186933K(465920K)] 1351721K->1181079K(1864192K), 0.0580515 secs] [Times: user=0.29 sys=0.00, real=0.06 secs] 
5261.450: [GC (Allocation Failure) [PSYoungGen: 419893K->95067K(465920K)] 1414039K->1159718K(1864192K), 0.0542840 secs] [Times: user=0.29 sys=0.00, real=0.05 secs] 
5263.029: [GC (Allocation Failure) [PSYoungGen: 328027K->172276K(465920K)] 1392678K->1266940K(1864192K), 0.0536021 secs] [Times: user=0.24 sys=0.00, real=0.05 secs] 
5263.245: [GC (Allocation Failure) [PSYoungGen: 405170K->184566K(465920K)] 1499833K->1333217K(1864192K), 0.0435292 secs] [Times: user=0.20 sys=0.00, real=0.05 secs] 
5263.401: [GC (Allocation Failure) [PSYoungGen: 417526K->184724K(465920K)] 1566177K->1389192K(1864192K), 0.0463259 secs] [Times: user=0.21 sys=0.01, real=0.04 secs] 
5264.419: [GC (Allocation Failure) [PSYoungGen: 417684K->152786K(465920K)] 1622152K->1426958K(1864192K), 0.0520447 secs] [Times: user=0.26 sys=0.00, real=0.05 secs] 
5265.405: [GC (Allocation Failure) [PSYoungGen: 385746K->117326K(465920K)] 1659918K->1439809K(1864192K), 0.1605982 secs] [Times: user=0.90 sys=0.00, real=0.16 secs] 
5265.566: [Full GC (Ergonomics) [PSYoungGen: 117326K->0K(465920K)] [ParOldGen: 1322483K->133100K(1398272K)] 1439809K->133100K(1864192K), [Metaspace: 59633K->59633K(1105920K)], 0.1564194 secs] [Times: user=0.72 sys=0.00, real=0.16 secs] 
5266.620: [GC (Allocation Failure) [PSYoungGen: 232960K->174708K(465920K)] 366060K->307808K(1864192K), 0.0353055 secs] [Times: user=0.14 sys=0.01, real=0.03 secs] 
5266.797: [GC (Allocation Failure) [PSYoungGen: 407668K->185527K(465920K)] 540768K->379675K(1864192K), 0.0475236 secs] [Times: user=0.22 sys=0.00, real=0.05 secs] 
5266.995: [GC (Allocation Failure) [PSYoungGen: 418487K->183796K(465920K)] 612635K->436769K(1864192K), 0.0742207 secs] [Times: user=0.38 sys=0.01, real=0.08 secs] 
5268.072: [GC (Allocation Failure) [PSYoungGen: 416756K->97963K(465920K)] 669729K->420392K(1864192K), 0.0453432 secs] [Times: user=0.23 sys=0.00, real=0.04 secs] 
5269.538: [GC (Allocation Failure) [PSYoungGen: 330923K->169556K(465920K)] 653352K->523425K(1864192K), 0.0716655 secs] [Times: user=0.34 sys=0.00, real=0.08 secs] 
5269.829: [GC (Allocation Failure) [PSYoungGen: 402516K->184822K(465920K)] 756385K->591819K(1864192K), 0.0450152 secs] [Times: user=0.21 sys=0.00, real=0.04 secs] 
5270.015: [GC (Allocation Failure) [PSYoungGen: 413340K->178038K(465920K)] 820337K->649283K(1864192K), 0.0547401 secs] [Times: user=0.26 sys=0.00, real=0.06 secs] 
5270.943: [GC (Allocation Failure) [PSYoungGen: 410998K->169907K(402944K)] 882243K->697656K(1801216K), 0.0556114 secs] [Times: user=0.28 sys=0.00, real=0.06 secs] 
5271.935: [GC (Allocation Failure) [PSYoungGen: 402867K->102684K(463872K)] 930616K->695309K(1862144K), 0.0854681 secs] [Times: user=0.45 sys=0.00, real=0.09 secs] 
5273.108: [GC (Allocation Failure) [PSYoungGen: 334620K->177909K(464896K)] 927245K->802843K(1863168K), 0.0512464 secs] [Times: user=0.23 sys=0.00, real=0.05 secs] 
5273.334: [GC (Allocation Failure) [PSYoungGen: 409845K->184054K(465920K)] 1034779K->864592K(1864192K), 0.0483180 secs] [Times: user=0.22 sys=0.01, real=0.05 secs] 
5273.495: [GC (Allocation Failure) [PSYoungGen: 417014K->186997K(465920K)] 1097552K->923231K(1864192K), 0.0457666 secs] [Times: user=0.21 sys=0.00, real=0.05 secs] 
5274.514: [GC (Allocation Failure) [PSYoungGen: 419957K->95355K(465920K)] 1156191K->902277K(1864192K), 0.0444711 secs] [Times: user=0.23 sys=0.00, real=0.05 secs] 
5276.158: [GC (GCLocker Initiated GC) [PSYoungGen: 328315K->164403K(465920K)] 1135237K->1002246K(1864192K), 0.1066795 secs] [Times: user=0.54 sys=0.00, real=0.11 secs] 
5276.624: [GC (Allocation Failure) [PSYoungGen: 397363K->192566K(465920K)] 1235208K->1081710K(1864192K), 0.0461712 secs] [Times: user=0.21 sys=0.00, real=0.05 secs] 
5276.789: [GC (Allocation Failure) [PSYoungGen: 425526K->186103K(465920K)] 1314670K->1139420K(1864192K), 0.0515227 secs] [Times: user=0.24 sys=0.00, real=0.05 secs] 
5277.115: [GC (Allocation Failure) [PSYoungGen: 417902K->217492K(465920K)] 1371219K->1229713K(1864192K), 0.0569703 secs] [Times: user=0.28 sys=0.00, real=0.06 secs] 
5278.728: [GC (GCLocker Initiated GC) [PSYoungGen: 450452K->87082K(465920K)] 1462674K->1168751K(1864192K), 0.1117679 secs] [Times: user=0.62 sys=0.00, real=0.11 secs] 
5279.766: [GC (Allocation Failure) [PSYoungGen: 320042K->178581K(465920K)] 1401749K->1287925K(1864192K), 0.0492066 secs] [Times: user=0.21 sys=0.01, real=0.05 secs] 
5280.035: [GC (Allocation Failure) [PSYoungGen: 411541K->184790K(465920K)] 1520885K->1349818K(1864192K), 0.0606333 secs] [Times: user=0.29 sys=0.00, real=0.06 secs] 
5280.260: [GC (Allocation Failure) [PSYoungGen: 417750K->184276K(465920K)] 1582778K->1405184K(1864192K), 0.0642225 secs] [Times: user=0.32 sys=0.00, real=0.06 secs] 
5281.351: [GC (Allocation Failure) [PSYoungGen: 417236K->105052K(465920K)] 1638144K->1395560K(1864192K), 0.0460786 secs] [Times: user=0.24 sys=0.00, real=0.04 secs] 
5282.334: [GC (Allocation Failure) [PSYoungGen: 338012K->162099K(465920K)] 1628520K->1486244K(1864192K), 0.1160207 secs] [Times: user=0.60 sys=0.00, real=0.12 secs] 
5282.450: [Full GC (Ergonomics) [PSYoungGen: 162099K->0K(465920K)] [ParOldGen: 1324144K->180327K(1398272K)] 1486244K->180327K(1864192K), [Metaspace: 59633K->59633K(1105920K)], 0.2409184 secs] [Times: user=1.16 sys=0.00, real=0.24 secs] 
5282.982: [GC (Allocation Failure) [PSYoungGen: 232960K->178517K(465920K)] 413287K->358844K(1864192K), 0.0323636 secs] [Times: user=0.14 sys=0.00, real=0.03 secs] 
5283.168: [GC (Allocation Failure) [PSYoungGen: 411477K->185847K(465920K)] 591804K->429062K(1864192K), 0.0432584 secs] [Times: user=0.20 sys=0.00, real=0.04 secs] 
5283.335: [GC (Allocation Failure) [PSYoungGen: 418807K->186773K(465920K)] 662022K->489012K(1864192K), 0.0554314 secs] [Times: user=0.27 sys=0.00, real=0.06 secs] 
5284.425: [GC (Allocation Failure) [PSYoungGen: 419733K->94267K(465920K)] 721972K->466990K(1864192K), 0.0634567 secs] [Times: user=0.34 sys=0.00, real=0.07 secs] 
5285.485: [GC (Allocation Failure) [PSYoungGen: 327227K->171924K(465920K)] 699950K->574381K(1864192K), 0.0528001 secs] [Times: user=0.24 sys=0.00, real=0.05 secs] 
5285.770: [GC (Allocation Failure) [PSYoungGen: 404884K->192918K(465920K)] 807341K->649534K(1864192K), 0.0547951 secs] [Times: user=0.26 sys=0.01, real=0.05 secs] 
5285.965: [GC (Allocation Failure) [PSYoungGen: 425878K->186997K(465920K)] 882494K->699661K(1864192K), 0.0583845 secs] [Times: user=0.28 sys=0.00, real=0.06 secs] 
5287.053: [GC (Allocation Failure) [PSYoungGen: 419957K->112893K(465920K)] 932621K->695958K(1864192K), 0.0461791 secs] [Times: user=0.24 sys=0.00, real=0.05 secs] 
5287.837: [GC (Allocation Failure) [PSYoungGen: 345853K->155154K(465920K)] 928918K->774615K(1864192K), 0.0941757 secs] [Times: user=0.49 sys=0.00, real=0.10 secs] 
5288.702: [GC (Allocation Failure) [PSYoungGen: 388114K->178197K(465920K)] 1007575K->846114K(1864192K), 0.0547214 secs] [Times: user=0.26 sys=0.00, real=0.05 secs] 
5288.933: [GC (Allocation Failure) [PSYoungGen: 411157K->185559K(465920K)] 1079074K->916084K(1864192K), 0.0728150 secs] [Times: user=0.36 sys=0.00, real=0.07 secs] 
5289.191: [GC (Allocation Failure) [PSYoungGen: 418519K->186485K(465920K)] 1149044K->975898K(1864192K), 0.0703706 secs] [Times: user=0.36 sys=0.00, real=0.07 secs] 
5290.472: [GC (Allocation Failure) [PSYoungGen: 419445K->90266K(465920K)] 1208858K->950120K(1864192K), 0.0700260 secs] [Times: user=0.37 sys=0.01, real=0.07 secs] 
5292.438: [GC (Allocation Failure) [PSYoungGen: 323226K->166196K(465920K)] 1183080K->1054482K(1864192K), 0.0531667 secs] [Times: user=0.24 sys=0.00, real=0.06 secs] 
5292.652: [GC (Allocation Failure) [PSYoungGen: 399156K->184726K(465920K)] 1287442K->1125160K(1864192K), 0.0437785 secs] [Times: user=0.20 sys=0.00, real=0.04 secs] 
5292.862: [GC (Allocation Failure) [PSYoungGen: 417686K->187157K(465920K)] 1358120K->1183567K(1864192K), 0.0654717 secs] [Times: user=0.32 sys=0.00, real=0.06 secs] 
5293.866: [GC (Allocation Failure) [PSYoungGen: 420117K->128880K(465920K)] 1416527K->1195954K(1864192K), 0.0497298 secs] [Times: user=0.25 sys=0.00, real=0.05 secs] 
5294.388: [GC (Allocation Failure) [PSYoungGen: 360042K->141761K(465920K)] 1427117K->1249747K(1864192K), 0.1342413 secs] [Times: user=0.73 sys=0.01, real=0.13 secs] 
5294.930: [GC (Allocation Failure) [PSYoungGen: 374721K->173044K(465920K)] 1482707K->1326159K(1864192K), 0.0420594 secs] [Times: user=0.19 sys=0.00, real=0.04 secs] 
5295.095: [GC (Allocation Failure) [PSYoungGen: 406004K->185687K(465920K)] 1559119K->1399602K(1864192K), 0.0510441 secs] [Times: user=0.24 sys=0.00, real=0.05 secs] 
5295.260: [GC (Allocation Failure) [PSYoungGen: 418647K->182388K(465920K)] 1632562K->1455295K(1864192K), 0.0568156 secs] [Times: user=0.28 sys=0.00, real=0.05 secs] 
5296.376: [GC (Allocation Failure) [PSYoungGen: 415348K->94987K(465920K)] 1688255K->1436690K(1864192K), 0.0561221 secs] [Times: user=0.30 sys=0.00, real=0.06 secs] 
5296.432: [Full GC (Ergonomics) [PSYoungGen: 94987K->0K(465920K)] [ParOldGen: 1341703K->96555K(1398272K)] 1436690K->96555K(1864192K), [Metaspace: 59633K->59633K(1105920K)], 0.0633902 secs] [Times: user=0.23 sys=0.01, real=0.06 secs] 
5297.356: [GC (Allocation Failure) [PSYoungGen: 232960K->177205K(465920K)] 329515K->273760K(1864192K), 0.0363509 secs] [Times: user=0.13 sys=0.00, real=0.04 secs] 
5297.540: [GC (Allocation Failure) [PSYoungGen: 410165K->181973K(465920K)] 506720K->333900K(1864192K), 0.0417379 secs] [Times: user=0.19 sys=0.01, real=0.04 secs] 
5297.722: [GC (Allocation Failure) [PSYoungGen: 414933K->187221K(465920K)] 566860K->394444K(1864192K), 0.0587147 secs] [Times: user=0.28 sys=0.00, real=0.06 secs] 
5298.767: [GC (Allocation Failure) [PSYoungGen: 420181K->139217K(465920K)] 627404K->417024K(1864192K), 0.0489264 secs] [Times: user=0.24 sys=0.00, real=0.05 secs] 
5299.750: [GC (GCLocker Initiated GC) [PSYoungGen: 372177K->130351K(465920K)] 649984K->452367K(1864192K), 0.1235100 secs] [Times: user=0.68 sys=0.00, real=0.12 secs] 
5300.350: [GC (Allocation Failure) [PSYoungGen: 363311K->175444K(465920K)] 685493K->539319K(1864192K), 0.0458042 secs] [Times: user=0.21 sys=0.00, real=0.04 secs] 
5300.517: [GC (Allocation Failure) [PSYoungGen: 408404K->182614K(465920K)] 772279K->607561K(1864192K), 0.0483969 secs] [Times: user=0.22 sys=0.00, real=0.05 secs] 
5300.683: [GC (Allocation Failure) [PSYoungGen: 415574K->186709K(465920K)] 840521K->669808K(1864192K), 0.0564686 secs] [Times: user=0.28 sys=0.00, real=0.06 secs] 
5301.764: [GC (Allocation Failure) [PSYoungGen: 419669K->95147K(465920K)] 902768K->648678K(1864192K), 0.0525345 secs] [Times: user=0.28 sys=0.00, real=0.05 secs] 
5302.396: [GC (Allocation Failure) [PSYoungGen: 328107K->176501K(465920K)] 881638K->760940K(1864192K), 0.0517757 secs] [Times: user=0.23 sys=0.00, real=0.05 secs] 
5302.590: [GC (Allocation Failure) [PSYoungGen: 409461K->184854K(465920K)] 993900K->824653K(1864192K), 0.0460159 secs] [Times: user=0.21 sys=0.00, real=0.04 secs] 
5302.748: [GC (Allocation Failure) [PSYoungGen: 417814K->183764K(465920K)] 1057613K->879796K(1864192K), 0.0479459 secs] [Times: user=0.22 sys=0.00, real=0.04 secs] 
5303.710: [GC (Allocation Failure) [PSYoungGen: 416724K->147410K(465920K)] 1112756K->912633K(1864192K), 0.0528505 secs] [Times: user=0.26 sys=0.00, real=0.05 secs] 
5305.098: [GC (Allocation Failure) [PSYoungGen: 380370K->119790K(465920K)] 1145593K->931757K(1864192K), 0.1445190 secs] [Times: user=0.80 sys=0.00, real=0.15 secs] 
5306.053: [GC (Allocation Failure) [PSYoungGen: 352750K->178357K(465920K)] 1164717K->1028613K(1864192K), 0.0533830 secs] [Times: user=0.24 sys=0.00, real=0.05 secs] 
5306.244: [GC (Allocation Failure) [PSYoungGen: 411317K->185815K(465920K)] 1261573K->1098351K(1864192K), 0.0497599 secs] [Times: user=0.23 sys=0.00, real=0.05 secs] 
5306.452: [GC (Allocation Failure) [PSYoungGen: 418775K->183764K(465920K)] 1331311K->1155269K(1864192K), 0.0779089 secs] [Times: user=0.40 sys=0.00, real=0.08 secs] 
5307.470: [GC (Allocation Failure) [PSYoungGen: 416724K->94139K(465920K)] 1388229K->1135027K(1864192K), 0.0461615 secs] [Times: user=0.24 sys=0.00, real=0.04 secs] 
5308.786: [GC (Allocation Failure) [PSYoungGen: 327099K->170068K(465920K)] 1367987K->1240801K(1864192K), 0.0812154 secs] [Times: user=0.36 sys=0.01, real=0.08 secs] 
5309.082: [GC (Allocation Failure) [PSYoungGen: 403028K->184534K(465920K)] 1473761K->1308511K(1864192K), 0.0441907 secs] [Times: user=0.20 sys=0.00, real=0.04 secs] 
5309.284: [GC (Allocation Failure) [PSYoungGen: 412434K->178070K(465920K)] 1536412K->1366271K(1864192K), 0.0708624 secs] [Times: user=0.36 sys=0.00, real=0.07 secs] 
5310.224: [GC (Allocation Failure) [PSYoungGen: 411030K->168178K(465920K)] 1599231K->1412632K(1864192K), 0.0572420 secs] [Times: user=0.28 sys=0.00, real=0.06 secs] 
5310.755: [GC (Allocation Failure) [PSYoungGen: 401138K->108557K(465920K)] 1645592K->1417378K(1864192K), 0.0699358 secs] [Times: user=0.37 sys=0.00, real=0.07 secs] 
5311.283: [GC (Allocation Failure) [PSYoungGen: 341517K->187189K(465920K)] 1650338K->1530367K(1864192K), 0.0570547 secs] [Times: user=0.26 sys=0.00, real=0.06 secs] 
5311.340: [Full GC (Ergonomics) [PSYoungGen: 187189K->0K(465920K)] [ParOldGen: 1343178K->229384K(1398272K)] 1530367K->229384K(1864192K), [Metaspace: 59633K->59633K(1105920K)], 0.2821054 secs] [Times: user=1.30 sys=0.00, real=0.28 secs] 
5311.743: [GC (Allocation Failure) [PSYoungGen: 232960K->181558K(465920K)] 462344K->410942K(1864192K), 0.0764476 secs] [Times: user=0.40 sys=0.00, real=0.08 secs] 
5311.934: [GC (Allocation Failure) [PSYoungGen: 414518K->186549K(465920K)] 643902K->474025K(1864192K), 0.0577840 secs] [Times: user=0.29 sys=0.00, real=0.06 secs] 
5313.647: [GC (Allocation Failure) [PSYoungGen: 419509K->94107K(465920K)] 706985K->451811K(1864192K), 0.0455642 secs] [Times: user=0.24 sys=0.00, real=0.05 secs] 
5314.323: [GC (Allocation Failure) [PSYoungGen: 327067K->172788K(465920K)] 684771K->560982K(1864192K), 0.0623154 secs] [Times: user=0.29 sys=0.00, real=0.06 secs] 
5314.546: [GC (Allocation Failure) [PSYoungGen: 405748K->181589K(465920K)] 793942K->623846K(1864192K), 0.0426409 secs] [Times: user=0.19 sys=0.00, real=0.05 secs] 
5314.743: [GC (Allocation Failure) [PSYoungGen: 414549K->186103K(465920K)] 856806K->691796K(1864192K), 0.0743857 secs] [Times: user=0.37 sys=0.00, real=0.07 secs] 
5315.602: [GC (Allocation Failure) [PSYoungGen: 418874K->208403K(465920K)] 924567K->773136K(1864192K), 0.0572812 secs] [Times: user=0.29 sys=0.00, real=0.06 secs] 
5316.368: [GC (Allocation Failure) [PSYoungGen: 441363K->98795K(465920K)] 1006096K->728969K(1864192K), 0.0864997 secs] [Times: user=0.46 sys=0.00, real=0.09 secs] 
5316.909: [GC (Allocation Failure) [PSYoungGen: 331755K->183158K(465920K)] 961929K->844504K(1864192K), 0.0475653 secs] [Times: user=0.21 sys=0.00, real=0.04 secs] 
5317.126: [GC (Allocation Failure) [PSYoungGen: 416118K->181397K(465920K)] 1077464K->899911K(1864192K), 0.0518957 secs] [Times: user=0.24 sys=0.00, real=0.06 secs] 
5317.297: [GC (Allocation Failure) [PSYoungGen: 414357K->198676K(465920K)] 1132871K->972182K(1864192K), 0.0446196 secs] [Times: user=0.20 sys=0.01, real=0.05 secs] 
5318.278: [GC (Allocation Failure) [PSYoungGen: 431636K->100972K(465920K)] 1205142K->943330K(1864192K), 0.0442077 secs] [Times: user=0.23 sys=0.00, real=0.05 secs] 
5319.326: [GC (Allocation Failure) [PSYoungGen: 333932K->169684K(465920K)] 1176290K->1045287K(1864192K), 0.0716695 secs] [Times: user=0.34 sys=0.00, real=0.07 secs] 
5319.618: [GC (Allocation Failure) [PSYoungGen: 402644K->184181K(465920K)] 1278247K->1112801K(1864192K), 0.0576676 secs] [Times: user=0.27 sys=0.00, real=0.06 secs] 
5319.851: [GC (Allocation Failure) [PSYoungGen: 417141K->182646K(465920K)] 1345761K->1175441K(1864192K), 0.0722590 secs] [Times: user=0.36 sys=0.00, real=0.07 secs] 
5320.167: [GC (Allocation Failure) [PSYoungGen: 414756K->216948K(465920K)] 1407551K->1267880K(1864192K), 0.0552333 secs] [Times: user=0.28 sys=0.00, real=0.06 secs] 
5321.202: [GC (Allocation Failure) [PSYoungGen: 449908K->90442K(465920K)] 1500840K->1210661K(1864192K), 0.0599824 secs] [Times: user=0.31 sys=0.00, real=0.06 secs] 
5322.383: [GC (Allocation Failure) [PSYoungGen: 323402K->176597K(465920K)] 1443621K->1325285K(1864192K), 0.0513910 secs] [Times: user=0.23 sys=0.00, real=0.05 secs] 
5322.586: [GC (Allocation Failure) [PSYoungGen: 409557K->184694K(465920K)] 1558245K->1388706K(1864192K), 0.0444514 secs] [Times: user=0.20 sys=0.00, real=0.05 secs] 
5322.748: [GC (Allocation Failure) [PSYoungGen: 417654K->186773K(465920K)] 1621666K->1446721K(1864192K), 0.0467048 secs] [Times: user=0.22 sys=0.00, real=0.05 secs] 
5323.794: [GC (Allocation Failure) [PSYoungGen: 419733K->103004K(465920K)] 1679681K->1433528K(1864192K), 0.0468697 secs] [Times: user=0.24 sys=0.00, real=0.05 secs] 
5323.841: [Full GC (Ergonomics) [PSYoungGen: 103004K->0K(465920K)] [ParOldGen: 1330524K->89354K(1398272K)] 1433528K->89354K(1864192K), [Metaspace: 59633K->59633K(1105920K)], 0.0353248 secs] [Times: user=0.10 sys=0.01, real=0.03 secs] 
5324.987: [GC (Allocation Failure) [PSYoungGen: 232960K->163795K(465920K)] 322314K->253150K(1864192K), 0.0435953 secs] [Times: user=0.17 sys=0.00, real=0.05 secs] 
5325.348: [GC (Allocation Failure) [PSYoungGen: 396755K->178101K(465920K)] 486110K->318711K(1864192K), 0.0431003 secs] [Times: user=0.19 sys=0.00, real=0.05 secs] 
5325.514: [GC (Allocation Failure) [PSYoungGen: 411061K->185847K(465920K)] 551671K->389049K(1864192K), 0.0484222 secs] [Times: user=0.22 sys=0.00, real=0.05 secs] 
5325.723: [GC (Allocation Failure) [PSYoungGen: 418807K->186645K(465920K)] 622009K->448911K(1864192K), 0.0847048 secs] [Times: user=0.43 sys=0.01, real=0.08 secs] 
5326.825: [GC (Allocation Failure) [PSYoungGen: 419605K->93067K(465920K)] 681871K->425813K(1864192K), 0.0491746 secs] [Times: user=0.27 sys=0.00, real=0.05 secs] 
5327.570: [GC (Allocation Failure) [PSYoungGen: 326027K->179253K(465920K)] 658773K->542037K(1864192K), 0.0455960 secs] [Times: user=0.20 sys=0.00, real=0.04 secs] 
5327.812: [GC (Allocation Failure) [PSYoungGen: 412213K->192630K(465920K)] 774997K->611489K(1864192K), 0.0622602 secs] [Times: user=0.30 sys=0.00, real=0.06 secs] 
5328.004: [GC (Allocation Failure) [PSYoungGen: 425590K->186581K(465920K)] 844449K->661352K(1864192K), 0.0450998 secs] [Times: user=0.21 sys=0.00, real=0.05 secs] 
5328.984: [GC (Allocation Failure) [PSYoungGen: 419541K->103500K(465920K)] 894312K->648568K(1864192K), 0.0447142 secs] [Times: user=0.23 sys=0.00, real=0.05 secs] 
5329.880: [GC (Allocation Failure) [PSYoungGen: 336460K->156562K(465920K)] 881528K->734867K(1864192K), 0.0805821 secs] [Times: user=0.41 sys=0.00, real=0.08 secs] 
5330.344: [GC (Allocation Failure) [PSYoungGen: 389522K->183861K(465920K)] 967827K->811546K(1864192K), 0.0411033 secs] [Times: user=0.18 sys=0.00, real=0.04 secs] 
5330.542: [GC (Allocation Failure) [PSYoungGen: 416821K->185623K(465920K)] 1044506K->877099K(1864192K), 0.0741147 secs] [Times: user=0.37 sys=0.00, real=0.07 secs] 
5330.806: [GC (Allocation Failure) [PSYoungGen: 418583K->183668K(465920K)] 1110059K->933969K(1864192K), 0.0636632 secs] [Times: user=0.32 sys=0.00, real=0.07 secs] 
5331.896: [GC (Allocation Failure) [PSYoungGen: 414830K->91387K(465920K)] 1165130K->911047K(1864192K), 0.0451039 secs] [Times: user=0.24 sys=0.00, real=0.05 secs] 
5332.485: [GC (Allocation Failure) [PSYoungGen: 324347K->175349K(465920K)] 1144007K->1024274K(1864192K), 0.0507858 secs] [Times: user=0.23 sys=0.00, real=0.05 secs] 
5332.685: [GC (Allocation Failure) [PSYoungGen: 408309K->184406K(465920K)] 1257234K->1088251K(1864192K), 0.0439929 secs] [Times: user=0.20 sys=0.01, real=0.05 secs] 
5332.847: [GC (Allocation Failure) [PSYoungGen: 417366K->186997K(465920K)] 1321211K->1146650K(1864192K), 0.0461876 secs] [Times: user=0.22 sys=0.00, real=0.05 secs] 
5333.906: [GC (Allocation Failure) [PSYoungGen: 419957K->115022K(465920K)] 1379610K->1145331K(1864192K), 0.0470744 secs] [Times: user=0.24 sys=0.00, real=0.05 secs] 
5334.645: [GC (Allocation Failure) [PSYoungGen: 347982K->151090K(465920K)] 1378291K->1218052K(1864192K), 0.1195882 secs] [Times: user=0.63 sys=0.00, real=0.12 secs] 
5334.988: [GC (Allocation Failure) [PSYoungGen: 384050K->181141K(465920K)] 1451012K->1295235K(1864192K), 0.0414614 secs] [Times: user=0.19 sys=0.00, real=0.05 secs] 
5335.151: [GC (Allocation Failure) [PSYoungGen: 414080K->185975K(465920K)] 1528174K->1363181K(1864192K), 0.0515142 secs] [Times: user=0.24 sys=0.00, real=0.05 secs] 
5335.356: [GC (Allocation Failure) [PSYoungGen: 418935K->186197K(465920K)] 1596141K->1422331K(1864192K), 0.0760915 secs] [Times: user=0.39 sys=0.01, real=0.08 secs] 
5336.550: [GC (Allocation Failure) [PSYoungGen: 419157K->89962K(465920K)] 1655291K->1396169K(1864192K), 0.0463051 secs] [Times: user=0.24 sys=0.01, real=0.04 secs] 
5337.924: [GC (Allocation Failure) [PSYoungGen: 322922K->174005K(465920K)] 1629129K->1509127K(1864192K), 0.0584868 secs] [Times: user=0.27 sys=0.00, real=0.06 secs] 
5337.983: [Full GC (Ergonomics) [PSYoungGen: 174005K->0K(465920K)] [ParOldGen: 1335122K->211231K(1398272K)] 1509127K->211231K(1864192K), [Metaspace: 59633K->59633K(1105920K)], 0.2599140 secs] [Times: user=1.23 sys=0.00, real=0.26 secs] 
5338.377: [GC (Allocation Failure) [PSYoungGen: 232960K->184790K(465920K)] 444191K->396021K(1864192K), 0.0267060 secs] [Times: user=0.10 sys=0.00, real=0.03 secs] 
5338.526: [GC (Allocation Failure) [PSYoungGen: 417750K->183668K(465920K)] 628981K->450844K(1864192K), 0.0442908 secs] [Times: user=0.21 sys=0.00, real=0.05 secs] 
5339.514: [GC (Allocation Failure) [PSYoungGen: 416628K->125999K(465920K)] 683804K->462479K(1864192K), 0.0471904 secs] [Times: user=0.23 sys=0.00, real=0.05 secs] 
5340.582: [GC (Allocation Failure) [PSYoungGen: 358959K->141809K(465920K)] 695439K->518160K(1864192K), 0.1574832 secs] [Times: user=0.87 sys=0.00, real=0.16 secs] 
5341.153: [GC (Allocation Failure) [PSYoungGen: 374769K->175860K(465920K)] 751120K->597505K(1864192K), 0.0461263 secs] [Times: user=0.21 sys=0.00, real=0.05 secs] 
5341.321: [GC (Allocation Failure) [PSYoungGen: 408820K->185591K(465920K)] 830465K->676867K(1864192K), 0.0494283 secs] [Times: user=0.23 sys=0.00, real=0.05 secs] 
5341.488: [GC (Allocation Failure) [PSYoungGen: 418551K->186677K(465920K)] 909827K->736929K(1864192K), 0.0568737 secs] [Times: user=0.28 sys=0.00, real=0.06 secs] 
5342.520: [GC (Allocation Failure) [PSYoungGen: 419637K->94619K(465920K)] 969889K->715267K(1864192K), 0.0568153 secs] [Times: user=0.30 sys=0.00, real=0.05 secs] 
5343.930: [GC (Allocation Failure) [PSYoungGen: 327579K->169812K(465920K)] 948227K->820425K(1864192K), 0.0633801 secs] [Times: user=0.28 sys=0.00, real=0.06 secs] 
5344.175: [GC (Allocation Failure) [PSYoungGen: 402772K->184566K(465920K)] 1053385K->888687K(1864192K), 0.0430719 secs] [Times: user=0.19 sys=0.00, real=0.04 secs] 
5344.334: [GC (Allocation Failure) [PSYoungGen: 417526K->185813K(465920K)] 1121647K->945854K(1864192K), 0.0454746 secs] [Times: user=0.21 sys=0.00, real=0.05 secs] 
5345.303: [GC (Allocation Failure) [PSYoungGen: 418773K->136977K(465920K)] 1178814K->967098K(1864192K), 0.0499543 secs] [Times: user=0.25 sys=0.00, real=0.05 secs] 
5346.279: [GC (GCLocker Initiated GC) [PSYoungGen: 369937K->131103K(465920K)] 1200058K->1004569K(1864192K), 0.1584332 secs] [Times: user=0.88 sys=0.01, real=0.15 secs] 
5346.836: [GC (Allocation Failure) [PSYoungGen: 364063K->175540K(465920K)] 1237660K->1090858K(1864192K), 0.0399175 secs] [Times: user=0.18 sys=0.00, real=0.04 secs] 
5347.038: [GC (Allocation Failure) [PSYoungGen: 408500K->185719K(465920K)] 1323818K->1162492K(1864192K), 0.0675913 secs] [Times: user=0.33 sys=0.00, real=0.07 secs] 
5347.275: [GC (Allocation Failure) [PSYoungGen: 418679K->186581K(465920K)] 1395452K->1222290K(1864192K), 0.0827367 secs] [Times: user=0.43 sys=0.00, real=0.08 secs] 
5348.297: [GC (Allocation Failure) [PSYoungGen: 419541K->94459K(465920K)] 1455250K->1200560K(1864192K), 0.0470856 secs] [Times: user=0.25 sys=0.00, real=0.05 secs] 
5349.115: [GC (GCLocker Initiated GC) [PSYoungGen: 327419K->170676K(465920K)] 1433521K->1306687K(1864192K), 0.0667980 secs] [Times: user=0.31 sys=0.00, real=0.07 secs] 
5349.379: [GC (Allocation Failure) [PSYoungGen: 403636K->184342K(465920K)] 1539650K->1374184K(1864192K), 0.0438463 secs] [Times: user=0.20 sys=0.00, real=0.04 secs] 
5349.540: [GC (Allocation Failure) [PSYoungGen: 417302K->187189K(465920K)] 1607144K->1432987K(1864192K), 0.0472336 secs] [Times: user=0.22 sys=0.00, real=0.04 secs] 
5350.516: [GC (Allocation Failure) [PSYoungGen: 420149K->145938K(465920K)] 1665947K->1462224K(1864192K), 0.0518138 secs] [Times: user=0.26 sys=0.00, real=0.05 secs] 
5350.568: [Full GC (Ergonomics) [PSYoungGen: 145938K->0K(465920K)] [ParOldGen: 1316286K->352974K(1398272K)] 1462224K->352974K(1864192K), [Metaspace: 59633K->59633K(1105920K)], 0.5689972 secs] [Times: user=2.46 sys=0.00, real=0.57 secs] 
5352.094: [GC (Allocation Failure) [PSYoungGen: 232960K->120382K(465920K)] 585934K->473356K(1864192K), 0.0494205 secs] [Times: user=0.19 sys=0.00, real=0.05 secs] 
5352.866: [GC (Allocation Failure) [PSYoungGen: 353342K->175252K(465920K)] 706316K->566468K(1864192K), 0.0509451 secs] [Times: user=0.23 sys=0.00, real=0.05 secs] 
5353.123: [GC (Allocation Failure) [PSYoungGen: 408212K->185271K(465920K)] 799428K->637662K(1864192K), 0.0653314 secs] [Times: user=0.32 sys=0.00, real=0.07 secs] 
5353.333: [GC (Allocation Failure) [PSYoungGen: 418231K->186613K(465920K)] 870622K->697836K(1864192K), 0.0853583 secs] [Times: user=0.45 sys=0.00, real=0.09 secs] 
5354.418: [GC (GCLocker Initiated GC) [PSYoungGen: 419573K->97163K(465920K)] 930798K->678821K(1864192K), 0.0624245 secs] [Times: user=0.34 sys=0.00, real=0.06 secs] 
5355.555: [GC (Allocation Failure) [PSYoungGen: 330123K->170516K(465920K)] 911909K->783403K(1864192K), 0.0679787 secs] [Times: user=0.32 sys=0.00, real=0.07 secs] 
5355.785: [GC (Allocation Failure) [PSYoungGen: 403476K->181685K(465920K)] 1016363K->847916K(1864192K), 0.0422427 secs] [Times: user=0.19 sys=0.01, real=0.04 secs] 
5355.943: [GC (Allocation Failure) [PSYoungGen: 402320K->175221K(465920K)] 1068551K->904708K(1864192K), 0.0481202 secs] [Times: user=0.22 sys=0.00, real=0.05 secs] 
5356.850: [GC (Allocation Failure) [PSYoungGen: 408181K->169491K(402944K)] 1137668K->954801K(1801216K), 0.0567610 secs] [Times: user=0.29 sys=0.00, real=0.05 secs] 
5357.254: [GC (Allocation Failure) [PSYoungGen: 402451K->104956K(462848K)] 1187761K->955143K(1861120K), 0.0552166 secs] [Times: user=0.28 sys=0.00, real=0.06 secs] 
5358.138: [GC (Allocation Failure) [PSYoungGen: 336380K->174389K(464384K)] 1186567K->1057644K(1862656K), 0.0490045 secs] [Times: user=0.22 sys=0.00, real=0.04 secs] 
5358.325: [GC (Allocation Failure) [PSYoungGen: 405813K->183573K(465920K)] 1289068K->1121705K(1864192K), 0.0432971 secs] [Times: user=0.19 sys=0.00, real=0.04 secs] 
5358.513: [GC (Allocation Failure) [PSYoungGen: 416533K->186613K(465920K)] 1354665K->1180288K(1864192K), 0.0667121 secs] [Times: user=0.33 sys=0.00, real=0.07 secs] 
5359.593: [GC (Allocation Failure) [PSYoungGen: 419573K->99628K(465920K)] 1413248K->1163635K(1864192K), 0.0450161 secs] [Times: user=0.23 sys=0.00, real=0.04 secs] 
5360.697: [GC (GCLocker Initiated GC) [PSYoungGen: 332588K->164531K(465920K)] 1396596K->1260576K(1864192K), 0.0919936 secs] [Times: user=0.46 sys=0.00, real=0.10 secs] 
5360.970: [GC (Allocation Failure) [PSYoungGen: 397491K->182165K(465920K)] 1493703K->1329973K(1864192K), 0.0433193 secs] [Times: user=0.20 sys=0.00, real=0.04 secs] 
5361.200: [GC (Allocation Failure) [PSYoungGen: 415125K->185687K(465920K)] 1562933K->1397006K(1864192K), 0.0737034 secs] [Times: user=0.36 sys=0.00, real=0.07 secs] 
5361.434: [GC (Allocation Failure) [PSYoungGen: 418647K->182324K(465920K)] 1629966K->1452556K(1864192K), 0.0752247 secs] [Times: user=0.38 sys=0.00, real=0.08 secs] 
5362.852: [GC (Allocation Failure) [PSYoungGen: 415284K->88074K(465920K)] 1685516K->1427338K(1864192K), 0.0738910 secs] [Times: user=0.40 sys=0.01, real=0.07 secs] 
5362.926: [Full GC (Ergonomics) [PSYoungGen: 88074K->0K(465920K)] [ParOldGen: 1339263K->103116K(1398272K)] 1427338K->103116K(1864192K), [Metaspace: 59633K->59617K(1105920K)], 0.1466883 secs] [Times: user=0.61 sys=0.00, real=0.15 secs] 
5364.169: [GC (Allocation Failure) [PSYoungGen: 232960K->178933K(465920K)] 336076K->282050K(1864192K), 0.0369584 secs] [Times: user=0.14 sys=0.00, real=0.03 secs] 
5364.409: [GC (Allocation Failure) [PSYoungGen: 411893K->181813K(465920K)] 515010K->340510K(1864192K), 0.0549350 secs] [Times: user=0.26 sys=0.00, real=0.05 secs] 
5364.594: [GC (Allocation Failure) [PSYoungGen: 414773K->186933K(465920K)] 573470K->400725K(1864192K), 0.0439344 secs] [Times: user=0.21 sys=0.00, real=0.04 secs] 
5365.607: [GC (Allocation Failure) [PSYoungGen: 419893K->104668K(465920K)] 633685K->388949K(1864192K), 0.0443007 secs] [Times: user=0.23 sys=0.00, real=0.05 secs] 
5367.126: [GC (Allocation Failure) [PSYoungGen: 337628K->158867K(465920K)] 621909K->476768K(1864192K), 0.1209681 secs] [Times: user=0.63 sys=0.01, real=0.12 secs] 
5367.597: [GC (Allocation Failure) [PSYoungGen: 391827K->184694K(465920K)] 709728K->552375K(1864192K), 0.0473147 secs] [Times: user=0.22 sys=0.00, real=0.05 secs] 
5367.762: [GC (Allocation Failure) [PSYoungGen: 417654K->183126K(465920K)] 785335K->615024K(1864192K), 0.0492168 secs] [Times: user=0.23 sys=0.00, real=0.05 secs] 
5367.929: [GC (Allocation Failure) [PSYoungGen: 416086K->186901K(465920K)] 847984K->676870K(1864192K), 0.0549964 secs] [Times: user=0.27 sys=0.00, real=0.05 secs] 
5369.129: [GC (Allocation Failure) [PSYoungGen: 419861K->90858K(465920K)] 909830K->651312K(1864192K), 0.0593809 secs] [Times: user=0.31 sys=0.00, real=0.06 secs] 
5369.744: [GC (Allocation Failure) [PSYoungGen: 323818K->178709K(465920K)] 884272K->768160K(1864192K), 0.0377739 secs] [Times: user=0.16 sys=0.00, real=0.04 secs] 
5369.902: [GC (Allocation Failure) [PSYoungGen: 411669K->184598K(465920K)] 1001120K->829968K(1864192K), 0.0434779 secs] [Times: user=0.19 sys=0.00, real=0.04 secs] 
5370.113: [GC (Allocation Failure) [PSYoungGen: 417558K->186965K(465920K)] 1062928K->888183K(1864192K), 0.0655999 secs] [Times: user=0.32 sys=0.01, real=0.07 secs] 
5371.171: [GC (Allocation Failure) [PSYoungGen: 419925K->109517K(465920K)] 1121143K->881360K(1864192K), 0.0467841 secs] [Times: user=0.24 sys=0.00, real=0.04 secs] 
5372.160: [GC (Allocation Failure) [PSYoungGen: 342477K->154770K(465920K)] 1114320K->962034K(1864192K), 0.0938795 secs] [Times: user=0.49 sys=0.00, real=0.09 secs] 
5372.831: [GC (GCLocker Initiated GC) [PSYoungGen: 387730K->182389K(465920K)] 1194994K->1038145K(1864192K), 0.0439568 secs] [Times: user=0.20 sys=0.00, real=0.04 secs] 
5372.998: [GC (Allocation Failure) [PSYoungGen: 415349K->185719K(465920K)] 1271272K->1105185K(1864192K), 0.0497864 secs] [Times: user=0.23 sys=0.00, real=0.04 secs] 
5373.182: [GC (Allocation Failure) [PSYoungGen: 418679K->183540K(465920K)] 1338145K->1161967K(1864192K), 0.0610191 secs] [Times: user=0.31 sys=0.00, real=0.06 secs] 
5374.308: [GC (Allocation Failure) [PSYoungGen: 416500K->93323K(465920K)] 1394927K->1140973K(1864192K), 0.0503541 secs] [Times: user=0.26 sys=0.00, real=0.06 secs] 
5374.930: [GC (Allocation Failure) [PSYoungGen: 326283K->174869K(465920K)] 1373933K->1252752K(1864192K), 0.0577846 secs] [Times: user=0.25 sys=0.00, real=0.05 secs] 
5375.151: [GC (Allocation Failure) [PSYoungGen: 407829K->184246K(465920K)] 1485712K->1316705K(1864192K), 0.0442069 secs] [Times: user=0.20 sys=0.01, real=0.04 secs] 
5375.313: [GC (Allocation Failure) [PSYoungGen: 417206K->186869K(465920K)] 1549665K->1375240K(1864192K), 0.0464567 secs] [Times: user=0.22 sys=0.00, real=0.05 secs] 
5376.411: [GC (Allocation Failure) [PSYoungGen: 419829K->116302K(465920K)] 1608200K->1375282K(1864192K), 0.0475213 secs] [Times: user=0.24 sys=0.00, real=0.05 secs] 
5377.000: [GC (Allocation Failure) [PSYoungGen: 349262K->149969K(465920K)] 1608242K->1445885K(1864192K), 0.1215124 secs] [Times: user=0.66 sys=0.00, real=0.12 secs] 
5377.424: [GC (Allocation Failure) [PSYoungGen: 382929K->184150K(465920K)] 1678845K->1527106K(1864192K), 0.0418235 secs] [Times: user=0.18 sys=0.00, real=0.04 secs] 
5377.466: [Full GC (Ergonomics) [PSYoungGen: 184150K->0K(465920K)] [ParOldGen: 1342956K->247390K(1398272K)] 1527106K->247390K(1864192K), [Metaspace: 59617K->59617K(1105920K)], 0.2880807 secs] [Times: user=1.32 sys=0.00, real=0.29 secs] 
5377.874: [GC (Allocation Failure) [PSYoungGen: 232960K->182358K(465920K)] 480350K->429748K(1864192K), 0.0829107 secs] [Times: user=0.43 sys=0.00, real=0.08 secs] 
5378.074: [GC (Allocation Failure) [PSYoungGen: 415318K->186837K(465920K)] 662708K->492171K(1864192K), 0.0565177 secs] [Times: user=0.28 sys=0.00, real=0.06 secs] 
5379.113: [GC (Allocation Failure) [PSYoungGen: 419797K->91162K(465920K)] 725131K->467005K(1864192K), 0.0456688 secs] [Times: user=0.24 sys=0.00, real=0.05 secs] 
5380.195: [GC (Allocation Failure) [PSYoungGen: 324122K->177045K(465920K)] 699965K->581636K(1864192K), 0.0504492 secs] [Times: user=0.22 sys=0.00, real=0.05 secs] 
5380.398: [GC (Allocation Failure) [PSYoungGen: 410005K->193078K(465920K)] 814596K->653153K(1864192K), 0.0434194 secs] [Times: user=0.19 sys=0.00, real=0.05 secs] 
5380.581: [GC (Allocation Failure) [PSYoungGen: 426038K->186901K(465920K)] 886113K->702920K(1864192K), 0.0500860 secs] [Times: user=0.24 sys=0.00, real=0.05 secs] 
5381.610: [GC (Allocation Failure) [PSYoungGen: 419861K->120847K(465920K)] 935880K->707434K(1864192K), 0.0469410 secs] [Times: user=0.24 sys=0.00, real=0.04 secs] 
5382.647: [GC (Allocation Failure) [PSYoungGen: 350584K->141681K(465920K)] 937171K->766260K(1864192K), 0.1293435 secs] [Times: user=0.71 sys=0.00, real=0.13 secs] 
5383.097: [GC (Allocation Failure) [PSYoungGen: 374641K->178709K(465920K)] 999220K->848299K(1864192K), 0.0401068 secs] [Times: user=0.18 sys=0.00, real=0.04 secs] 
5383.255: [GC (Allocation Failure) [PSYoungGen: 411669K->183895K(465920K)] 1081259K->915729K(1864192K), 0.0486438 secs] [Times: user=0.22 sys=0.00, real=0.05 secs] 
5383.416: [GC (Allocation Failure) [PSYoungGen: 416855K->183828K(465920K)] 1148689K->974047K(1864192K), 0.0569654 secs] [Times: user=0.28 sys=0.00, real=0.06 secs] 
5384.464: [GC (Allocation Failure) [PSYoungGen: 416788K->90843K(465920K)] 1207007K->950381K(1864192K), 0.0447693 secs] [Times: user=0.24 sys=0.00, real=0.05 secs] 
5385.712: [GC (Allocation Failure) [PSYoungGen: 323803K->173525K(465920K)] 1183341K->1062104K(1864192K), 0.0496465 secs] [Times: user=0.22 sys=0.00, real=0.05 secs] 
5385.917: [GC (Allocation Failure) [PSYoungGen: 406485K->184950K(465920K)] 1295064K->1127713K(1864192K), 0.0438354 secs] [Times: user=0.20 sys=0.00, real=0.05 secs] 
5386.099: [GC (Allocation Failure) [PSYoungGen: 417910K->183956K(465920K)] 1360673K->1182856K(1864192K), 0.0617042 secs] [Times: user=0.30 sys=0.00, real=0.06 secs] 
5387.147: [GC (Allocation Failure) [PSYoungGen: 416916K->139601K(465920K)] 1415816K->1207756K(1864192K), 0.0498894 secs] [Times: user=0.25 sys=0.00, real=0.05 secs] 
5388.413: [GC (Allocation Failure) [PSYoungGen: 372561K->130495K(465920K)] 1440716K->1243019K(1864192K), 0.1582164 secs] [Times: user=0.89 sys=0.00, real=0.16 secs] 
5388.866: [GC (Allocation Failure) [PSYoungGen: 363455K->175348K(465920K)] 1475979K->1329415K(1864192K), 0.0421954 secs] [Times: user=0.19 sys=0.00, real=0.05 secs] 
5389.031: [GC (Allocation Failure) [PSYoungGen: 408308K->185719K(465920K)] 1562375K->1401301K(1864192K), 0.0497171 secs] [Times: user=0.23 sys=0.00, real=0.05 secs] 
5389.197: [GC (Allocation Failure) [PSYoungGen: 418679K->202933K(465920K)] 1634261K->1477420K(1864192K), 0.0594131 secs] [Times: user=0.30 sys=0.00, real=0.06 secs] 
5390.234: [GC (Allocation Failure) [PSYoungGen: 435893K->91851K(465920K)] 1710380K->1436817K(1864192K), 0.0551659 secs] [Times: user=0.30 sys=0.00, real=0.06 secs] 
5390.289: [Full GC (Ergonomics) [PSYoungGen: 91851K->0K(465920K)] [ParOldGen: 1344966K->92047K(1398272K)] 1436817K->92047K(1864192K), [Metaspace: 59617K->59617K(1105920K)], 0.0563306 secs] [Times: user=0.20 sys=0.00, real=0.05 secs] 
5391.247: [GC (Allocation Failure) [PSYoungGen: 232960K->176181K(465920K)] 325007K->268229K(1864192K), 0.0455376 secs] [Times: user=0.18 sys=0.00, real=0.05 secs] 
5391.472: [GC (Allocation Failure) [PSYoungGen: 409141K->184758K(465920K)] 501189K->331973K(1864192K), 0.0417113 secs] [Times: user=0.18 sys=0.00, real=0.04 secs] 
5391.652: [GC (Allocation Failure) [PSYoungGen: 417718K->181172K(465920K)] 564933K->384484K(1864192K), 0.0511265 secs] [Times: user=0.24 sys=0.00, real=0.05 secs] 
5392.629: [GC (Allocation Failure) [PSYoungGen: 414132K->150770K(465920K)] 617444K->422298K(1864192K), 0.0494956 secs] [Times: user=0.24 sys=0.00, real=0.05 secs] 
5393.381: [GC (Allocation Failure) [PSYoungGen: 383730K->122526K(465920K)] 655258K->441918K(1864192K), 0.1481391 secs] [Times: user=0.83 sys=0.01, real=0.15 secs] 
5393.824: [GC (Allocation Failure) [PSYoungGen: 355486K->178197K(465920K)] 674878K->537218K(1864192K), 0.0373226 secs] [Times: user=0.16 sys=0.00, real=0.04 secs] 
5394.005: [GC (Allocation Failure) [PSYoungGen: 411157K->185463K(465920K)] 770178K->606832K(1864192K), 0.0539188 secs] [Times: user=0.26 sys=0.00, real=0.06 secs] 
5394.189: [GC (Allocation Failure) [PSYoungGen: 418423K->186325K(465920K)] 839792K->666590K(1864192K), 0.0571067 secs] [Times: user=0.28 sys=0.00, real=0.05 secs] 
5395.173: [GC (Allocation Failure) [PSYoungGen: 419285K->92459K(465920K)] 899550K->643040K(1864192K), 0.0443642 secs] [Times: user=0.24 sys=0.00, real=0.04 secs] 
5397.294: [GC (Allocation Failure) [PSYoungGen: 325419K->169844K(465920K)] 876000K->749837K(1864192K), 0.0632167 secs] [Times: user=0.28 sys=0.00, real=0.06 secs] 
5397.588: [GC (Allocation Failure) [PSYoungGen: 402804K->184886K(465920K)] 982797K->818143K(1864192K), 0.0456323 secs] [Times: user=0.21 sys=0.00, real=0.05 secs] 
5397.744: [GC (Allocation Failure) [PSYoungGen: 403784K->172405K(465920K)] 1037041K->869710K(1864192K), 0.0479713 secs] [Times: user=0.22 sys=0.00, real=0.05 secs] 
5398.581: [GC (Allocation Failure) [PSYoungGen: 401443K->206131K(465920K)] 1098748K->958404K(1864192K), 0.0529314 secs] [Times: user=0.27 sys=0.00, real=0.05 secs] 
5399.445: [GC (GCLocker Initiated GC) [PSYoungGen: 439091K->97083K(465920K)] 1191364K->914092K(1864192K), 0.1121003 secs] [Times: user=0.61 sys=0.00, real=0.11 secs] 
5400.178: [GC (Allocation Failure) [PSYoungGen: 330043K->182358K(465920K)] 1147219K->1029803K(1864192K), 0.0466372 secs] [Times: user=0.20 sys=0.00, real=0.04 secs] 
5400.353: [GC (Allocation Failure) [PSYoungGen: 415318K->193206K(465920K)] 1262763K->1097527K(1864192K), 0.0441155 secs] [Times: user=0.19 sys=0.00, real=0.04 secs] 
5400.511: [GC (Allocation Failure) [PSYoungGen: 426166K->186773K(465920K)] 1330487K->1147046K(1864192K), 0.0455589 secs] [Times: user=0.21 sys=0.00, real=0.04 secs] 
5401.514: [GC (Allocation Failure) [PSYoungGen: 419733K->97307K(465920K)] 1380006K->1128088K(1864192K), 0.0446771 secs] [Times: user=0.23 sys=0.01, real=0.05 secs] 
5402.903: [GC (Allocation Failure) [PSYoungGen: 330267K->165844K(465920K)] 1361048K->1227757K(1864192K), 0.0796306 secs] [Times: user=0.39 sys=0.00, real=0.08 secs] 
5403.214: [GC (Allocation Failure) [PSYoungGen: 398804K->181685K(465920K)] 1460717K->1295587K(1864192K), 0.0439500 secs] [Times: user=0.20 sys=0.01, real=0.04 secs] 
5403.410: [GC (Allocation Failure) [PSYoungGen: 414645K->185879K(465920K)] 1528547K->1363029K(1864192K), 0.0650641 secs] [Times: user=0.32 sys=0.01, real=0.06 secs] 
5403.594: [GC (Allocation Failure) [PSYoungGen: 418839K->183444K(465920K)] 1595989K->1419674K(1864192K), 0.0544143 secs] [Times: user=0.27 sys=0.00, real=0.06 secs] 
5404.773: [GC (Allocation Failure) [PSYoungGen: 416404K->91194K(465920K)] 1652634K->1396656K(1864192K), 0.0734426 secs] [Times: user=0.39 sys=0.00, real=0.07 secs] 
5405.780: [GC (Allocation Failure) [PSYoungGen: 324154K->178069K(465920K)] 1629616K->1511832K(1864192K), 0.0509487 secs] [Times: user=0.23 sys=0.00, real=0.05 secs] 
5405.831: [Full GC (Ergonomics) [PSYoungGen: 178069K->0K(465920K)] [ParOldGen: 1333762K->222504K(1398272K)] 1511832K->222504K(1864192K), [Metaspace: 59617K->59617K(1105920K)], 0.2707902 secs] [Times: user=1.27 sys=0.00, real=0.27 secs] 
5406.222: [GC (Allocation Failure) [PSYoungGen: 232960K->184630K(465920K)] 455464K->407134K(1864192K), 0.0269014 secs] [Times: user=0.09 sys=0.00, real=0.03 secs] 
5406.365: [GC (Allocation Failure) [PSYoungGen: 417590K->186933K(465920K)] 640094K->465429K(1864192K), 0.0446804 secs] [Times: user=0.21 sys=0.00, real=0.05 secs] 
5407.358: [GC (Allocation Failure) [PSYoungGen: 419893K->100412K(465920K)] 698389K->449300K(1864192K), 0.0479083 secs] [Times: user=0.25 sys=0.01, real=0.04 secs] 
5408.172: [GC (Allocation Failure) [PSYoungGen: 333372K->166932K(465920K)] 682260K->547905K(1864192K), 0.0681630 secs] [Times: user=0.34 sys=0.00, real=0.07 secs] 
5408.394: [GC (Allocation Failure) [PSYoungGen: 399892K->206101K(465920K)] 780865K->639290K(1864192K), 0.0424142 secs] [Times: user=0.19 sys=0.00, real=0.04 secs] 
5408.560: [GC (Allocation Failure) [PSYoungGen: 439061K->186039K(465920K)] 872250K->682580K(1864192K), 0.0500348 secs] [Times: user=0.23 sys=0.00, real=0.05 secs] 
5408.781: [GC (Allocation Failure) [PSYoungGen: 418999K->183092K(465920K)] 915540K->738721K(1864192K), 0.0704539 secs] [Times: user=0.36 sys=0.00, real=0.07 secs] 
5409.959: [GC (Allocation Failure) [PSYoungGen: 416052K->90586K(465920K)] 971681K->715344K(1864192K), 0.0633381 secs] [Times: user=0.33 sys=0.00, real=0.06 secs] 
5410.510: [GC (Allocation Failure) [PSYoungGen: 323546K->181910K(465920K)] 948304K->835676K(1864192K), 0.0484444 secs] [Times: user=0.21 sys=0.00, real=0.05 secs] 
5410.697: [GC (Allocation Failure) [PSYoungGen: 414870K->184694K(465920K)] 1068636K->895092K(1864192K), 0.0440079 secs] [Times: user=0.20 sys=0.00, real=0.05 secs] 
5410.875: [GC (Allocation Failure) [PSYoungGen: 417654K->183764K(465920K)] 1128052K->950339K(1864192K), 0.0570717 secs] [Times: user=0.28 sys=0.00, real=0.06 secs] 
5411.895: [GC (Allocation Failure) [PSYoungGen: 416724K->106076K(465920K)] 1183299K->941955K(1864192K), 0.0452972 secs] [Times: user=0.24 sys=0.00, real=0.05 secs] 
5412.802: [GC (Allocation Failure) [PSYoungGen: 339036K->159635K(465920K)] 1174915K->1030286K(1864192K), 0.0834921 secs] [Times: user=0.42 sys=0.00, real=0.08 secs] 
5413.444: [GC (Allocation Failure) [PSYoungGen: 392595K->191957K(465920K)] 1263246K->1112689K(1864192K), 0.0452029 secs] [Times: user=0.21 sys=0.00, real=0.05 secs] 
5413.612: [GC (Allocation Failure) [PSYoungGen: 424917K->185943K(465920K)] 1345649K->1170726K(1864192K), 0.0510886 secs] [Times: user=0.24 sys=0.00, real=0.05 secs] 
5413.778: [GC (Allocation Failure) [PSYoungGen: 418903K->183092K(465920K)] 1403686K->1226748K(1864192K), 0.0573835 secs] [Times: user=0.29 sys=0.00, real=0.06 secs] 
5415.009: [GC (Allocation Failure) [PSYoungGen: 416052K->90010K(465920K)] 1459708K->1202737K(1864192K), 0.0597429 secs] [Times: user=0.32 sys=0.00, real=0.06 secs] 
5415.488: [GC (Allocation Failure) [PSYoungGen: 322970K->181846K(465920K)] 1435697K->1323470K(1864192K), 0.0374498 secs] [Times: user=0.16 sys=0.00, real=0.03 secs] 
5415.645: [GC (Allocation Failure) [PSYoungGen: 414806K->184758K(465920K)] 1556430K->1382978K(1864192K), 0.0456427 secs] [Times: user=0.21 sys=0.00, real=0.05 secs] 
5415.803: [GC (Allocation Failure) [PSYoungGen: 417718K->186741K(465920K)] 1615938K->1440953K(1864192K), 0.0476569 secs] [Times: user=0.23 sys=0.00, real=0.05 secs] 
5416.993: [GC (Allocation Failure) [PSYoungGen: 419701K->106861K(465920K)] 1673913K->1431629K(1864192K), 0.0906949 secs] [Times: user=0.49 sys=0.00, real=0.09 secs] 
5417.084: [Full GC (Ergonomics) [PSYoungGen: 106861K->0K(465920K)] [ParOldGen: 1324768K->90670K(1398272K)] 1431629K->90670K(1864192K), [Metaspace: 59617K->59617K(1105920K)], 0.0500570 secs] [Times: user=0.14 sys=0.00, real=0.05 secs] 
5418.520: [GC (Allocation Failure) [PSYoungGen: 232960K->153170K(465920K)] 323630K->243840K(1864192K), 0.0516341 secs] [Times: user=0.20 sys=0.00, real=0.05 secs] 
5419.361: [GC (Allocation Failure) [PSYoungGen: 386130K->180757K(465920K)] 476800K->319320K(1864192K), 0.0504281 secs] [Times: user=0.24 sys=0.00, real=0.05 secs] 
5419.534: [GC (Allocation Failure) [PSYoungGen: 413717K->185847K(465920K)] 552280K->395698K(1864192K), 0.0489532 secs] [Times: user=0.23 sys=0.00, real=0.05 secs] 
5419.700: [GC (Allocation Failure) [PSYoungGen: 418807K->186677K(465920K)] 628658K->455536K(1864192K), 0.0562866 secs] [Times: user=0.28 sys=0.00, real=0.05 secs] 
5420.698: [GC (Allocation Failure) [PSYoungGen: 419637K->93691K(465920K)] 688496K->432922K(1864192K), 0.0413515 secs] [Times: user=0.22 sys=0.00, real=0.05 secs] 
5421.696: [GC (Allocation Failure) [PSYoungGen: 326651K->174389K(465920K)] 665882K->543496K(1864192K), 0.0499434 secs] [Times: user=0.19 sys=0.00, real=0.05 secs] 
5421.927: [GC (Allocation Failure) [PSYoungGen: 407349K->181397K(465920K)] 776456K->604805K(1864192K), 0.0610220 secs] [Times: user=0.29 sys=0.00, real=0.06 secs] 
5422.128: [GC (Allocation Failure) [PSYoungGen: 414357K->187125K(465920K)] 837765K->665765K(1864192K), 0.0443508 secs] [Times: user=0.20 sys=0.00, real=0.05 secs] 
5423.193: [GC (Allocation Failure) [PSYoungGen: 420085K->119310K(465920K)] 898725K->668518K(1864192K), 0.0462291 secs] [Times: user=0.23 sys=0.00, real=0.05 secs] 
5423.637: [GC (Allocation Failure) [PSYoungGen: 352270K->149105K(465920K)] 901478K->736209K(1864192K), 0.1359852 secs] [Times: user=0.74 sys=0.00, real=0.14 secs] 
5424.189: [GC (Allocation Failure) [PSYoungGen: 382065K->180245K(465920K)] 969169K->813778K(1864192K), 0.0400380 secs] [Times: user=0.18 sys=0.00, real=0.04 secs] 
5424.352: [GC (Allocation Failure) [PSYoungGen: 413205K->185751K(465920K)] 1046738K->882263K(1864192K), 0.0489670 secs] [Times: user=0.23 sys=0.01, real=0.05 secs] 
5424.517: [GC (Allocation Failure) [PSYoungGen: 418711K->186517K(465920K)] 1115223K->941838K(1864192K), 0.0563787 secs] [Times: user=0.28 sys=0.00, real=0.06 secs] 
5425.676: [GC (Allocation Failure) [PSYoungGen: 419477K->88922K(465920K)] 1174798K->914603K(1864192K), 0.0530162 secs] [Times: user=0.28 sys=0.00, real=0.06 secs] 
5426.964: [GC (Allocation Failure) [PSYoungGen: 321882K->174133K(465920K)] 1147563K->1028462K(1864192K), 0.0556681 secs] [Times: user=0.25 sys=0.00, real=0.06 secs] 
5427.183: [GC (Allocation Failure) [PSYoungGen: 407093K->189717K(465920K)] 1261422K->1098427K(1864192K), 0.0431508 secs] [Times: user=0.19 sys=0.00, real=0.04 secs] 
5427.343: [GC (Allocation Failure) [PSYoungGen: 422677K->203349K(465920K)] 1331387K->1167163K(1864192K), 0.0464738 secs] [Times: user=0.22 sys=0.00, real=0.05 secs] 
5428.331: [GC (Allocation Failure) [PSYoungGen: 436309K->130512K(465920K)] 1400123K->1164686K(1864192K), 0.0488278 secs] [Times: user=0.24 sys=0.00, real=0.05 secs] 
5429.347: [GC (Allocation Failure) [PSYoungGen: 363472K->140689K(465920K)] 1397646K->1216230K(1864192K), 0.1111143 secs] [Times: user=0.60 sys=0.00, real=0.12 secs] 
5429.807: [GC (Allocation Failure) [PSYoungGen: 373649K->178197K(465920K)] 1449190K->1298303K(1864192K), 0.0395323 secs] [Times: user=0.17 sys=0.00, real=0.04 secs] 
5429.993: [GC (Allocation Failure) [PSYoungGen: 411157K->182454K(465920K)] 1531263K->1364881K(1864192K), 0.0572025 secs] [Times: user=0.27 sys=0.00, real=0.06 secs] 
5430.167: [GC (Allocation Failure) [PSYoungGen: 415414K->186901K(465920K)] 1597841K->1427408K(1864192K), 0.0579262 secs] [Times: user=0.29 sys=0.00, real=0.06 secs] 
5431.178: [GC (Allocation Failure) [PSYoungGen: 419861K->90858K(465920K)] 1660368K->1401981K(1864192K), 0.0433285 secs] [Times: user=0.22 sys=0.00, real=0.04 secs] 
5431.222: [Full GC (Ergonomics) [PSYoungGen: 90858K->0K(465920K)] [ParOldGen: 1311122K->94229K(1398272K)] 1401981K->94229K(1864192K), [Metaspace: 59617K->59617K(1105920K)], 0.0659870 secs] [Times: user=0.25 sys=0.00, real=0.06 secs] 
5432.361: [GC (Allocation Failure) [PSYoungGen: 232960K->176565K(465920K)] 327189K->270794K(1864192K), 0.0391789 secs] [Times: user=0.15 sys=0.00, real=0.04 secs] 
5432.620: [GC (Allocation Failure) [PSYoungGen: 409525K->184790K(465920K)] 503754K->334335K(1864192K), 0.0563491 secs] [Times: user=0.27 sys=0.00, real=0.05 secs] 
5432.796: [GC (Allocation Failure) [PSYoungGen: 417750K->183668K(465920K)] 567295K->389085K(1864192K), 0.0440963 secs] [Times: user=0.21 sys=0.00, real=0.05 secs] 
5433.804: [GC (Allocation Failure) [PSYoungGen: 416628K->138001K(465920K)] 622045K->412658K(1864192K), 0.0480968 secs] [Times: user=0.24 sys=0.00, real=0.05 secs] 
5434.639: [GC (Allocation Failure) [PSYoungGen: 370961K->124510K(465920K)] 645618K->443116K(1864192K), 0.1372725 secs] [Times: user=0.76 sys=0.00, real=0.13 secs] 
5435.607: [GC (Allocation Failure) [PSYoungGen: 357470K->178069K(465920K)] 676076K->535931K(1864192K), 0.0515821 secs] [Times: user=0.24 sys=0.00, real=0.06 secs] 
5435.792: [GC (Allocation Failure) [PSYoungGen: 411029K->185815K(465920K)] 768891K->606001K(1864192K), 0.0485532 secs] [Times: user=0.23 sys=0.00, real=0.05 secs] 
5435.980: [GC (Allocation Failure) [PSYoungGen: 418775K->186741K(465920K)] 838961K->665807K(1864192K), 0.0612304 secs] [Times: user=0.30 sys=0.01, real=0.06 secs] 
5436.992: [GC (Allocation Failure) [PSYoungGen: 419701K->92571K(465920K)] 898767K->642125K(1864192K), 0.0425234 secs] [Times: user=0.22 sys=0.00, real=0.04 secs] 
5438.540: [GC (Allocation Failure) [PSYoungGen: 325531K->171604K(465920K)] 875085K->750627K(1864192K), 0.0474675 secs] [Times: user=0.20 sys=0.00, real=0.04 secs] 
5438.740: [GC (Allocation Failure) [PSYoungGen: 404564K->184630K(465920K)] 983587K->817497K(1864192K), 0.0424997 secs] [Times: user=0.19 sys=0.00, real=0.04 secs] 
5438.898: [GC (Allocation Failure) [PSYoungGen: 417590K->187605K(465920K)] 1050457K->876360K(1864192K), 0.0452763 secs] [Times: user=0.21 sys=0.00, real=0.05 secs] 
5439.895: [GC (Allocation Failure) [PSYoungGen: 420565K->150546K(465920K)] 1109320K->909941K(1864192K), 0.0506631 secs] [Times: user=0.25 sys=0.00, real=0.05 secs] 
5440.807: [GC (Allocation Failure) [PSYoungGen: 383506K->116365K(465920K)] 1142901K->923577K(1864192K), 0.1489551 secs] [Times: user=0.84 sys=0.01, real=0.15 secs] 
5441.879: [GC (Allocation Failure) [PSYoungGen: 349325K->174484K(465920K)] 1156537K->1018604K(1864192K), 0.0541207 secs] [Times: user=0.25 sys=0.00, real=0.05 secs] 
5442.077: [GC (Allocation Failure) [PSYoungGen: 407444K->185431K(465920K)] 1251564K->1090591K(1864192K), 0.0488339 secs] [Times: user=0.23 sys=0.00, real=0.05 secs] 
5442.243: [GC (Allocation Failure) [PSYoungGen: 418391K->183412K(465920K)] 1323551K->1147500K(1864192K), 0.0572252 secs] [Times: user=0.28 sys=0.00, real=0.06 secs] 
5443.248: [GC (Allocation Failure) [PSYoungGen: 416372K->94699K(465920K)] 1380460K->1127939K(1864192K), 0.0451380 secs] [Times: user=0.23 sys=0.00, real=0.04 secs] 
5444.410: [GC (Allocation Failure) [PSYoungGen: 327593K->172884K(465920K)] 1360833K->1236445K(1864192K), 0.0587535 secs] [Times: user=0.27 sys=0.00, real=0.06 secs] 
5444.672: [GC (Allocation Failure) [PSYoungGen: 405844K->179285K(465920K)] 1469405K->1296854K(1864192K), 0.0561439 secs] [Times: user=0.26 sys=0.00, real=0.06 secs] 
5444.862: [GC (Allocation Failure) [PSYoungGen: 412245K->185367K(465920K)] 1529814K->1365976K(1864192K), 0.0495350 secs] [Times: user=0.23 sys=0.00, real=0.05 secs] 
5445.814: [GC (Allocation Failure) [PSYoungGen: 418327K->169491K(465920K)] 1598936K->1408892K(1864192K), 0.0581703 secs] [Times: user=0.30 sys=0.00, real=0.06 secs] 
5446.582: [GC (Allocation Failure) [PSYoungGen: 402451K->103148K(465920K)] 1641852K->1407221K(1864192K), 0.1218660 secs] [Times: user=0.66 sys=0.00, real=0.12 secs] 
5447.445: [GC (Allocation Failure) [PSYoungGen: 336108K->179797K(465920K)] 1640181K->1516563K(1864192K), 0.0529687 secs] [Times: user=0.24 sys=0.00, real=0.05 secs] 
5447.498: [Full GC (Ergonomics) [PSYoungGen: 179797K->0K(465920K)] [ParOldGen: 1336765K->228450K(1398272K)] 1516563K->228450K(1864192K), [Metaspace: 59617K->59617K(1105920K)], 0.2716887 secs] [Times: user=1.26 sys=0.00, real=0.28 secs] 
5447.888: [GC (Allocation Failure) [PSYoungGen: 232960K->184534K(465920K)] 461410K->412984K(1864192K), 0.0260579 secs] [Times: user=0.09 sys=0.00, real=0.02 secs] 
5448.068: [GC (Allocation Failure) [PSYoungGen: 417494K->186357K(465920K)] 645944K->470615K(1864192K), 0.0475010 secs] [Times: user=0.22 sys=0.00, real=0.05 secs] 
5449.052: [GC (Allocation Failure) [PSYoungGen: 419317K->96603K(465920K)] 703575K->451022K(1864192K), 0.0431573 secs] [Times: user=0.22 sys=0.00, real=0.04 secs] 
5449.942: [GC (Allocation Failure) [PSYoungGen: 329563K->170548K(465920K)] 683982K->556323K(1864192K), 0.0904660 secs] [Times: user=0.45 sys=0.00, real=0.09 secs] 
5450.223: [GC (Allocation Failure) [PSYoungGen: 403508K->184694K(465920K)] 789283K->623760K(1864192K), 0.0420916 secs] [Times: user=0.19 sys=0.00, real=0.04 secs] 
5450.384: [GC (Allocation Failure) [PSYoungGen: 417654K->182518K(465920K)] 856720K->685817K(1864192K), 0.0491989 secs] [Times: user=0.23 sys=0.00, real=0.05 secs] 
5450.916: [GC (Allocation Failure) [PSYoungGen: 415478K->218580K(465920K)] 918777K->779543K(1864192K), 0.0516241 secs] [Times: user=0.25 sys=0.00, real=0.05 secs] 
5452.251: [GC (Allocation Failure) [PSYoungGen: 451540K->93963K(465920K)] 1012503K->722294K(1864192K), 0.1186796 secs] [Times: user=0.66 sys=0.00, real=0.12 secs] 
5452.945: [GC (Allocation Failure) [PSYoungGen: 326923K->180278K(465920K)] 955254K->838673K(1864192K), 0.0440642 secs] [Times: user=0.19 sys=0.01, real=0.05 secs] 
5453.158: [GC (Allocation Failure) [PSYoungGen: 413238K->184758K(465920K)] 1071633K->899305K(1864192K), 0.0549650 secs] [Times: user=0.26 sys=0.00, real=0.05 secs] 
5453.367: [GC (Allocation Failure) [PSYoungGen: 417718K->186357K(465920K)] 1132265K->956969K(1864192K), 0.0664213 secs] [Times: user=0.33 sys=0.00, real=0.07 secs] 
5454.451: [GC (Allocation Failure) [PSYoungGen: 419317K->99404K(465920K)] 1189929K->940400K(1864192K), 0.0566849 secs] [Times: user=0.30 sys=0.00, real=0.05 secs] 
5455.923: [GC (Allocation Failure) [PSYoungGen: 332364K->163891K(465920K)] 1173360K->1036708K(1864192K), 0.0986413 secs] [Times: user=0.50 sys=0.00, real=0.10 secs] 
5456.235: [GC (Allocation Failure) [PSYoungGen: 396851K->181493K(465920K)] 1269668K->1105510K(1864192K), 0.0421730 secs] [Times: user=0.19 sys=0.01, real=0.04 secs] 
5456.444: [GC (Allocation Failure) [PSYoungGen: 414453K->185975K(465920K)] 1338470K->1173320K(1864192K), 0.0740559 secs] [Times: user=0.37 sys=0.00, real=0.08 secs] 
5456.652: [GC (Allocation Failure) [PSYoungGen: 418935K->186485K(465920K)] 1406280K->1232942K(1864192K), 0.0554330 secs] [Times: user=0.27 sys=0.00, real=0.05 secs] 
5457.911: [GC (Allocation Failure) [PSYoungGen: 419445K->87546K(465920K)] 1465902K->1204219K(1864192K), 0.0758229 secs] [Times: user=0.41 sys=0.00, real=0.07 secs] 
5458.651: [GC (Allocation Failure) [PSYoungGen: 320506K->181622K(465920K)] 1437179K->1325907K(1864192K), 0.0469856 secs] [Times: user=0.21 sys=0.00, real=0.05 secs] 
5458.828: [GC (Allocation Failure) [PSYoungGen: 414582K->184822K(465920K)] 1558867K->1386011K(1864192K), 0.0450895 secs] [Times: user=0.20 sys=0.00, real=0.04 secs] 
5459.016: [GC (Allocation Failure) [PSYoungGen: 417782K->183124K(465920K)] 1618971K->1440410K(1864192K), 0.0494272 secs] [Times: user=0.23 sys=0.00, real=0.05 secs] 
5460.386: [GC (Allocation Failure) [PSYoungGen: 416084K->103724K(465920K)] 1673370K->1430282K(1864192K), 0.0462853 secs] [Times: user=0.24 sys=0.00, real=0.05 secs] 
5460.433: [Full GC (Ergonomics) [PSYoungGen: 103724K->0K(465920K)] [ParOldGen: 1326557K->89149K(1398272K)] 1430282K->89149K(1864192K), [Metaspace: 59618K->59618K(1105920K)], 0.0323176 secs] [Times: user=0.09 sys=0.00, real=0.03 secs] 
5461.309: [GC (Allocation Failure) [PSYoungGen: 232960K->163155K(465920K)] 322109K->252305K(1864192K), 0.0571617 secs] [Times: user=0.23 sys=0.00, real=0.05 secs] 
5461.606: [GC (Allocation Failure) [PSYoungGen: 396115K->184502K(465920K)] 485265K->324923K(1864192K), 0.0411349 secs] [Times: user=0.19 sys=0.00, real=0.04 secs] 
5461.766: [GC (Allocation Failure) [PSYoungGen: 417462K->185783K(465920K)] 557883K->390284K(1864192K), 0.0493866 secs] [Times: user=0.23 sys=0.00, real=0.05 secs] 
5461.990: [GC (Allocation Failure) [PSYoungGen: 418743K->183412K(465920K)] 623244K->446786K(1864192K), 0.0676951 secs] [Times: user=0.34 sys=0.00, real=0.06 secs] 
5463.027: [GC (Allocation Failure) [PSYoungGen: 416372K->88874K(465920K)] 679746K->421644K(1864192K), 0.0391784 secs] [Times: user=0.20 sys=0.00, real=0.04 secs] 
5464.286: [GC (Allocation Failure) [PSYoungGen: 321834K->175861K(465920K)] 654604K->536475K(1864192K), 0.0434731 secs] [Times: user=0.18 sys=0.00, real=0.05 secs] 
5464.452: [GC (Allocation Failure) [PSYoungGen: 408821K->184790K(465920K)] 769435K->600676K(1864192K), 0.0428255 secs] [Times: user=0.19 sys=0.00, real=0.04 secs] 
5464.613: [GC (Allocation Failure) [PSYoungGen: 417750K->203157K(465920K)] 833636K->675060K(1864192K), 0.0452970 secs] [Times: user=0.21 sys=0.00, real=0.04 secs] 
5465.660: [GC (Allocation Failure) [PSYoungGen: 436117K->111965K(465920K)] 908020K->654388K(1864192K), 0.0457776 secs] [Times: user=0.23 sys=0.00, real=0.04 secs] 
5466.889: [GC (Allocation Failure) [PSYoungGen: 344925K->155666K(465920K)] 887348K->734706K(1864192K), 0.1460226 secs] [Times: user=0.79 sys=0.00, real=0.14 secs] 
5467.415: [GC (Allocation Failure) [PSYoungGen: 388626K->197205K(465920K)] 967666K->824561K(1864192K), 0.0473806 secs] [Times: user=0.22 sys=0.00, real=0.05 secs] 
5467.592: [GC (Allocation Failure) [PSYoungGen: 430165K->185559K(465920K)] 1057521K->876330K(1864192K), 0.0492346 secs] [Times: user=0.23 sys=0.00, real=0.05 secs] 
5467.758: [GC (Allocation Failure) [PSYoungGen: 418519K->186677K(465920K)] 1109290K->936449K(1864192K), 0.0569084 secs] [Times: user=0.27 sys=0.00, real=0.06 secs] 
5468.780: [GC (GCLocker Initiated GC) [PSYoungGen: 419637K->91995K(465920K)] 1169409K->912055K(1864192K), 0.0426345 secs] [Times: user=0.22 sys=0.00, real=0.04 secs] 
5469.983: [GC (Allocation Failure) [PSYoungGen: 324955K->171060K(465920K)] 1145182K->1020508K(1864192K), 0.0526776 secs] [Times: user=0.24 sys=0.00, real=0.05 secs] 
5470.204: [GC (Allocation Failure) [PSYoungGen: 404020K->193014K(465920K)] 1253468K->1096029K(1864192K), 0.0424741 secs] [Times: user=0.19 sys=0.01, real=0.04 secs] 
5470.391: [GC (Allocation Failure) [PSYoungGen: 425974K->186869K(465920K)] 1328989K->1145917K(1864192K), 0.0620706 secs] [Times: user=0.31 sys=0.00, real=0.06 secs] 
5471.488: [GC (Allocation Failure) [PSYoungGen: 419829K->119598K(465920K)] 1378877K->1149030K(1864192K), 0.0483338 secs] [Times: user=0.25 sys=0.00, real=0.05 secs] 
5473.075: [GC (Allocation Failure) [PSYoungGen: 352558K->146705K(465920K)] 1381990K->1214301K(1864192K), 0.1326394 secs] [Times: user=0.68 sys=0.00, real=0.13 secs] 
5473.655: [GC (Allocation Failure) [PSYoungGen: 379665K->182741K(465920K)] 1447261K->1294930K(1864192K), 0.0547602 secs] [Times: user=0.25 sys=0.00, real=0.06 secs] 
5473.839: [GC (Allocation Failure) [PSYoungGen: 415701K->185655K(465920K)] 1527890K->1361268K(1864192K), 0.0502749 secs] [Times: user=0.24 sys=0.00, real=0.05 secs] 
5474.003: [GC (Allocation Failure) [PSYoungGen: 418615K->187029K(465920K)] 1594228K->1421402K(1864192K), 0.0576149 secs] [Times: user=0.29 sys=0.00, real=0.06 secs] 
5475.025: [GC (Allocation Failure) [PSYoungGen: 419989K->87978K(465920K)] 1654362K->1392815K(1864192K), 0.0428909 secs] [Times: user=0.23 sys=0.00, real=0.04 secs] 
5476.239: [GC (Allocation Failure) [PSYoungGen: 320938K->176053K(465920K)] 1625775K->1508655K(1864192K), 0.0515564 secs] [Times: user=0.23 sys=0.00, real=0.05 secs] 
5476.290: [Full GC (Ergonomics) [PSYoungGen: 176053K->0K(465920K)] [ParOldGen: 1332601K->210147K(1398272K)] 1508655K->210147K(1864192K), [Metaspace: 59618K->59618K(1105920K)], 0.2411687 secs] [Times: user=1.13 sys=0.00, real=0.24 secs] 
5476.653: [GC (Allocation Failure) [PSYoungGen: 232960K->184854K(465920K)] 443107K->395001K(1864192K), 0.0268338 secs] [Times: user=0.10 sys=0.00, real=0.03 secs] 
5476.793: [GC (Allocation Failure) [PSYoungGen: 417814K->186965K(465920K)] 627961K->453113K(1864192K), 0.0448268 secs] [Times: user=0.21 sys=0.00, real=0.04 secs] 
5477.750: [GC (Allocation Failure) [PSYoungGen: 419925K->128016K(465920K)] 686073K->464939K(1864192K), 0.0475037 secs] [Times: user=0.23 sys=0.00, real=0.04 secs] 
5478.890: [GC (Allocation Failure) [PSYoungGen: 360976K->138528K(465920K)] 697899K->515980K(1864192K), 0.1329220 secs] [Times: user=0.73 sys=0.00, real=0.13 secs] 
5479.254: [GC (Allocation Failure) [PSYoungGen: 371488K->178549K(465920K)] 748940K->600077K(1864192K), 0.0380033 secs] [Times: user=0.17 sys=0.00, real=0.04 secs] 
5479.441: [GC (Allocation Failure) [PSYoungGen: 411509K->186039K(465920K)] 833037K->669860K(1864192K), 0.0545665 secs] [Times: user=0.26 sys=0.00, real=0.05 secs] 
5479.636: [GC (Allocation Failure) [PSYoungGen: 418999K->186773K(465920K)] 902820K->729826K(1864192K), 0.0576001 secs] [Times: user=0.28 sys=0.00, real=0.06 secs] 
5480.618: [GC (Allocation Failure) [PSYoungGen: 419733K->89562K(465920K)] 962786K->703059K(1864192K), 0.0421781 secs] [Times: user=0.22 sys=0.00, real=0.04 secs] 
5482.536: [GC (Allocation Failure) [PSYoungGen: 322522K->175125K(465920K)] 936019K->816966K(1864192K), 0.0521827 secs] [Times: user=0.23 sys=0.00, real=0.06 secs] 
5482.750: [GC (Allocation Failure) [PSYoungGen: 408085K->184822K(465920K)] 1049926K->881327K(1864192K), 0.0429861 secs] [Times: user=0.19 sys=0.00, real=0.04 secs] 
5482.907: [GC (Allocation Failure) [PSYoungGen: 417782K->186965K(465920K)] 1114287K->939631K(1864192K), 0.0451125 secs] [Times: user=0.21 sys=0.00, real=0.05 secs] 
5483.870: [GC (Allocation Failure) [PSYoungGen: 419925K->136048K(465920K)] 1172591K->959178K(1864192K), 0.0488466 secs] [Times: user=0.24 sys=0.00, real=0.05 secs] 
5485.143: [GC (Allocation Failure) [PSYoungGen: 369008K->129679K(465920K)] 1192138K->995797K(1864192K), 0.1471868 secs] [Times: user=0.81 sys=0.00, real=0.15 secs] 
5485.604: [GC (Allocation Failure) [PSYoungGen: 362639K->178293K(465920K)] 1228757K->1085587K(1864192K), 0.0385617 secs] [Times: user=0.17 sys=0.00, real=0.04 secs] 
5485.762: [GC (Allocation Failure) [PSYoungGen: 411253K->185879K(465920K)] 1318547K->1155782K(1864192K), 0.0498578 secs] [Times: user=0.23 sys=0.00, real=0.05 secs] 
5485.960: [GC (Allocation Failure) [PSYoungGen: 418839K->186581K(465920K)] 1388742K->1215412K(1864192K), 0.0688520 secs] [Times: user=0.35 sys=0.00, real=0.07 secs] 
5486.997: [GC (Allocation Failure) [PSYoungGen: 419541K->91595K(465920K)] 1448372K->1190701K(1864192K), 0.0438822 secs] [Times: user=0.23 sys=0.00, real=0.05 secs] 
5488.506: [GC (Allocation Failure) [PSYoungGen: 324555K->172020K(465920K)] 1423661K->1300076K(1864192K), 0.0543137 secs] [Times: user=0.24 sys=0.00, real=0.06 secs] 
5488.725: [GC (Allocation Failure) [PSYoungGen: 404980K->184790K(465920K)] 1533036K->1366881K(1864192K), 0.0441211 secs] [Times: user=0.20 sys=0.00, real=0.05 secs] 
5488.928: [GC (Allocation Failure) [PSYoungGen: 417750K->184148K(465920K)] 1599841K->1422144K(1864192K), 0.0614516 secs] [Times: user=0.30 sys=0.00, real=0.07 secs] 
5489.964: [GC (Allocation Failure) [PSYoungGen: 417108K->148882K(465920K)] 1655104K->1456470K(1864192K), 0.0516781 secs] [Times: user=0.26 sys=0.00, real=0.05 secs] 
5491.071: [GC (Allocation Failure) [PSYoungGen: 381842K->118926K(465920K)] 1689430K->1473794K(1864192K), 0.1913213 secs] [Times: user=1.08 sys=0.00, real=0.19 secs] 
5491.262: [Full GC (Ergonomics) [PSYoungGen: 118926K->0K(465920K)] [ParOldGen: 1354867K->135136K(1398272K)] 1473794K->135136K(1864192K), [Metaspace: 59618K->59618K(1105920K)], 0.1541235 secs] [Times: user=0.71 sys=0.01, real=0.15 secs] 
5491.944: [GC (Allocation Failure) [PSYoungGen: 232960K->175252K(465920K)] 368096K->310389K(1864192K), 0.0258421 secs] [Times: user=0.09 sys=0.00, real=0.03 secs] 
5492.094: [GC (Allocation Failure) [PSYoungGen: 408212K->185303K(465920K)] 543349K->381704K(1864192K), 0.0469018 secs] [Times: user=0.21 sys=0.00, real=0.05 secs] 
5492.255: [GC (Allocation Failure) [PSYoungGen: 418263K->183668K(465920K)] 614664K->438725K(1864192K), 0.0557153 secs] [Times: user=0.27 sys=0.00, real=0.06 secs] 
5493.264: [GC (Allocation Failure) [PSYoungGen: 416628K->96795K(465920K)] 671685K->421308K(1864192K), 0.0454916 secs] [Times: user=0.24 sys=0.01, real=0.05 secs] 
5493.787: [GC (Allocation Failure) [PSYoungGen: 329755K->173973K(465920K)] 654268K->530122K(1864192K), 0.0492760 secs] [Times: user=0.23 sys=0.00, real=0.05 secs] 
5494.012: [GC (Allocation Failure) [PSYoungGen: 406933K->184630K(465920K)] 763082K->595316K(1864192K), 0.0495551 secs] [Times: user=0.23 sys=0.00, real=0.05 secs] 
5494.180: [GC (Allocation Failure) [PSYoungGen: 404595K->172277K(465920K)] 815281K->647139K(1864192K), 0.0476528 secs] [Times: user=0.23 sys=0.00, real=0.04 secs] 
5494.793: [GC (Allocation Failure) [PSYoungGen: 405237K->211315K(465920K)] 880099K->741025K(1864192K), 0.0471655 secs] [Times: user=0.22 sys=0.00, real=0.05 secs] 
5495.692: [GC (Allocation Failure) [PSYoungGen: 444275K->99003K(465920K)] 973985K->693985K(1864192K), 0.0923679 secs] [Times: user=0.49 sys=0.00, real=0.09 secs] 
5496.668: [GC (Allocation Failure) [PSYoungGen: 331963K->181526K(465920K)] 926945K->807176K(1864192K), 0.0507008 secs] [Times: user=0.23 sys=0.00, real=0.06 secs] 
5496.897: [GC (Allocation Failure) [PSYoungGen: 414486K->181845K(465920K)] 1040136K->864316K(1864192K), 0.0619082 secs] [Times: user=0.30 sys=0.00, real=0.07 secs] 
5497.087: [GC (Allocation Failure) [PSYoungGen: 414805K->186613K(465920K)] 1097276K->924580K(1864192K), 0.0456711 secs] [Times: user=0.21 sys=0.00, real=0.05 secs] 
5498.071: [GC (Allocation Failure) [PSYoungGen: 419573K->97691K(465920K)] 1157540K->905978K(1864192K), 0.0498202 secs] [Times: user=0.27 sys=0.00, real=0.05 secs] 
5499.283: [GC (Allocation Failure) [PSYoungGen: 330651K->166644K(465920K)] 1138938K->1006516K(1864192K), 0.0744047 secs] [Times: user=0.36 sys=0.00, real=0.07 secs] 
5499.711: [GC (Allocation Failure) [PSYoungGen: 399604K->184022K(465920K)] 1239476K->1076313K(1864192K), 0.0424541 secs] [Times: user=0.19 sys=0.00, real=0.04 secs] 
5499.875: [GC (Allocation Failure) [PSYoungGen: 416982K->186199K(465920K)] 1309273K->1142331K(1864192K), 0.0505915 secs] [Times: user=0.23 sys=0.00, real=0.05 secs] 
5500.304: [GC (Allocation Failure) [PSYoungGen: 418001K->217076K(465920K)] 1374133K->1232360K(1864192K), 0.0543862 secs] [Times: user=0.27 sys=0.00, real=0.06 secs] 
5501.175: [GC (GCLocker Initiated GC) [PSYoungGen: 450036K->89674K(465920K)] 1465321K->1174015K(1864192K), 0.0574652 secs] [Times: user=0.31 sys=0.00, real=0.06 secs] 
5502.483: [GC (Allocation Failure) [PSYoungGen: 322634K->176853K(465920K)] 1407106K->1289169K(1864192K), 0.0499502 secs] [Times: user=0.22 sys=0.00, real=0.05 secs] 
5502.726: [GC (Allocation Failure) [PSYoungGen: 409813K->184918K(465920K)] 1522129K->1352546K(1864192K), 0.0617481 secs] [Times: user=0.30 sys=0.00, real=0.06 secs] 
5502.952: [GC (Allocation Failure) [PSYoungGen: 417878K->187029K(465920K)] 1585506K->1410569K(1864192K), 0.0532972 secs] [Times: user=0.26 sys=0.00, real=0.05 secs] 
5504.003: [GC (Allocation Failure) [PSYoungGen: 419989K->100924K(465920K)] 1643529K->1394944K(1864192K), 0.0452382 secs] [Times: user=0.24 sys=0.00, real=0.04 secs] 
5504.969: [GC (Allocation Failure) [PSYoungGen: 333884K->162099K(465920K)] 1627904K->1488836K(1864192K), 0.1102468 secs] [Times: user=0.57 sys=0.00, real=0.11 secs] 
5505.079: [Full GC (Ergonomics) [PSYoungGen: 162099K->0K(465920K)] [ParOldGen: 1326737K->180913K(1398272K)] 1488836K->180913K(1864192K), [Metaspace: 59618K->59618K(1105920K)], 0.2451612 secs] [Times: user=1.19 sys=0.00, real=0.24 secs] 
5505.547: [GC (Allocation Failure) [PSYoungGen: 232960K->184438K(465920K)] 413873K->365351K(1864192K), 0.0340011 secs] [Times: user=0.14 sys=0.00, real=0.04 secs] 
5505.700: [GC (Allocation Failure) [PSYoungGen: 417398K->186071K(465920K)] 598311K->431329K(1864192K), 0.0440230 secs] [Times: user=0.20 sys=0.00, real=0.04 secs] 
5505.862: [GC (Allocation Failure) [PSYoungGen: 418914K->186645K(465920K)] 664172K->490815K(1864192K), 0.0542662 secs] [Times: user=0.27 sys=0.00, real=0.05 secs] 
5507.005: [GC (Allocation Failure) [PSYoungGen: 419605K->85706K(465920K)] 723775K->460227K(1864192K), 0.0526377 secs] [Times: user=0.28 sys=0.00, real=0.05 secs] 
5508.390: [GC (Allocation Failure) [PSYoungGen: 318666K->179797K(465920K)] 693187K->580884K(1864192K), 0.0499120 secs] [Times: user=0.22 sys=0.00, real=0.05 secs] 
5508.585: [GC (Allocation Failure) [PSYoungGen: 412757K->184950K(465920K)] 813844K->642288K(1864192K), 0.0436335 secs] [Times: user=0.20 sys=0.00, real=0.05 secs] 
5508.741: [GC (Allocation Failure) [PSYoungGen: 417910K->186773K(465920K)] 875248K->700168K(1864192K), 0.0450779 secs] [Times: user=0.21 sys=0.00, real=0.04 secs] 
5509.738: [GC (Allocation Failure) [PSYoungGen: 419733K->104908K(465920K)] 933128K->688659K(1864192K), 0.0447535 secs] [Times: user=0.23 sys=0.00, real=0.05 secs] 
5510.274: [GC (Allocation Failure) [PSYoungGen: 337868K->158131K(465920K)] 921619K->775590K(1864192K), 0.0669008 secs] [Times: user=0.33 sys=0.00, real=0.07 secs] 
5510.517: [GC (Allocation Failure) [PSYoungGen: 391091K->184566K(465920K)] 1008550K->851822K(1864192K), 0.0414191 secs] [Times: user=0.19 sys=0.00, real=0.05 secs] 
5510.678: [GC (Allocation Failure) [PSYoungGen: 417526K->186071K(465920K)] 1084782K->917487K(1864192K), 0.0497341 secs] [Times: user=0.23 sys=0.00, real=0.04 secs] 
5510.841: [GC (Allocation Failure) [PSYoungGen: 418927K->186517K(465920K)] 1150343K->976973K(1864192K), 0.0550383 secs] [Times: user=0.27 sys=0.00, real=0.05 secs] 
5511.828: [GC (Allocation Failure) [PSYoungGen: 419477K->85994K(465920K)] 1209933K->946826K(1864192K), 0.0400083 secs] [Times: user=0.20 sys=0.01, real=0.04 secs] 
5512.330: [GC (Allocation Failure) [PSYoungGen: 318954K->177525K(465920K)] 1179786K->1065530K(1864192K), 0.0409198 secs] [Times: user=0.18 sys=0.00, real=0.04 secs] 
5512.487: [GC (Allocation Failure) [PSYoungGen: 410485K->184822K(465920K)] 1298490K->1128567K(1864192K), 0.0434129 secs] [Times: user=0.19 sys=0.00, real=0.05 secs] 
5512.644: [GC (Allocation Failure) [PSYoungGen: 417782K->186965K(465920K)] 1361527K->1186654K(1864192K), 0.0453949 secs] [Times: user=0.21 sys=0.00, real=0.05 secs] 
5513.635: [GC (Allocation Failure) [PSYoungGen: 419925K->112173K(465920K)] 1419614K->1182370K(1864192K), 0.0464969 secs] [Times: user=0.23 sys=0.01, real=0.05 secs] 
5513.893: [GC (Allocation Failure) [PSYoungGen: 345133K->150498K(465920K)] 1415330K->1256636K(1864192K), 0.0574976 secs] [Times: user=0.28 sys=0.00, real=0.06 secs] 
5514.187: [GC (Allocation Failure) [PSYoungGen: 383458K->181749K(465920K)] 1489596K->1334398K(1864192K), 0.0628554 secs] [Times: user=0.30 sys=0.00, real=0.07 secs] 
5514.396: [GC (Allocation Failure) [PSYoungGen: 414709K->186071K(465920K)] 1567358K->1402440K(1864192K), 0.0501304 secs] [Times: user=0.23 sys=0.00, real=0.05 secs] 
5514.589: [GC (Allocation Failure) [PSYoungGen: 419031K->186901K(465920K)] 1635400K->1462346K(1864192K), 0.0624763 secs] [Times: user=0.31 sys=0.00, real=0.06 secs] 
Heap
 PSYoungGen      total 465920K, used 323344K [0x00000000d5580000, 0x0000000100000000, 0x0000000100000000)
  eden space 232960K