5.291: [GC (Allocation Failure) [PSYoungGen: 128000K->12442K(148992K)] 128000K->12530K(488960K), 0.0189441 secs] [Times: user=0.03 sys=0.00, real=0.02 secs] 
5.831: [GC (Metadata GC Threshold) [PSYoungGen: 48838K->6037K(148992K)] 48926K->6133K(488960K), 0.0045479 secs] [Times: user=0.01 sys=0.01, real=0.01 secs] 
5.835: [Full GC (Metadata GC Threshold) [PSYoungGen: 6037K->0K(148992K)] [ParOldGen: 96K->5939K(134144K)] 6133K->5939K(283136K), [Metaspace: 20455K->20455K(1067008K)], 0.0206822 secs] [Times: user=0.06 sys=0.00, real=0.02 secs] 
7.060: [GC (Allocation Failure) [PSYoungGen: 128000K->9876K(148992K)] 133939K->15823K(283136K), 0.0049364 secs] [Times: user=0.01 sys=0.00, real=0.01 secs] 
7.742: [GC (Metadata GC Threshold) [PSYoungGen: 39505K->4662K(148992K)] 45452K->10617K(283136K), 0.0042959 secs] [Times: user=0.02 sys=0.00, real=0.01 secs] 
7.746: [Full GC (Metadata GC Threshold) [PSYoungGen: 4662K->0K(148992K)] [ParOldGen: 5955K->8871K(232960K)] 10617K->8871K(381952K), [Metaspace: 33740K->33740K(1079296K)], 0.0510813 secs] [Times: user=0.13 sys=0.00, real=0.05 secs] 
9.243: [GC (Allocation Failure) [PSYoungGen: 128000K->13097K(148992K)] 136871K->21977K(381952K), 0.0034519 secs] [Times: user=0.01 sys=0.00, real=0.00 secs] 
10.705: [GC (Allocation Failure) [PSYoungGen: 141097K->16383K(151552K)] 149977K->59672K(384512K), 0.0120883 secs] [Times: user=0.05 sys=0.01, real=0.01 secs] 
12.776: [GC (Allocation Failure) [PSYoungGen: 137743K->37232K(173568K)] 181033K->96913K(406528K), 0.0094974 secs] [Times: user=0.06 sys=0.00, real=0.01 secs] 
13.657: [GC (Allocation Failure) [PSYoungGen: 167648K->37264K(211456K)] 227330K->162489K(444416K), 0.0127049 secs] [Times: user=0.06 sys=0.01, real=0.01 secs] 
14.326: [GC (Allocation Failure) [PSYoungGen: 202640K->37264K(216064K)] 327865K->293570K(482304K), 0.0164659 secs] [Times: user=0.08 sys=0.02, real=0.01 secs] 
14.342: [Full GC (Ergonomics) [PSYoungGen: 37264K->0K(216064K)] [ParOldGen: 256305K->208592K(593920K)] 293570K->208592K(809984K), [Metaspace: 52270K->52270K(1097728K)], 0.0621695 secs] [Times: user=0.26 sys=0.00, real=0.07 secs] 
14.904: [GC (Allocation Failure) [PSYoungGen: 165376K->54260K(233472K)] 373968K->321951K(827392K), 0.0139423 secs] [Times: user=0.02 sys=0.01, real=0.01 secs] 
15.131: [GC (Allocation Failure) [PSYoungGen: 233460K->84402K(263680K)] 501151K->411342K(857600K), 0.0163956 secs] [Times: user=0.02 sys=0.01, real=0.02 secs] 
15.360: [GC (Allocation Failure) [PSYoungGen: 263602K->98793K(335872K)] 590542K->470202K(929792K), 0.0172399 secs] [Times: user=0.01 sys=0.01, real=0.02 secs] 
17.081: [GC (Allocation Failure) [PSYoungGen: 335849K->102174K(352256K)] 707258K->473591K(946176K), 0.0313316 secs] [Times: user=0.05 sys=0.00, real=0.03 secs] 
19.389: [GC (Allocation Failure) [PSYoungGen: 339230K->29499K(445952K)] 710647K->400924K(1039872K), 0.0066490 secs] [Times: user=0.02 sys=0.01, real=0.01 secs] 
19.868: [GC (Allocation Failure) [PSYoungGen: 362299K->125428K(458240K)] 733724K->636025K(1052160K), 0.0296194 secs] [Times: user=0.03 sys=0.01, real=0.03 secs] 
19.898: [Full GC (Ergonomics) [PSYoungGen: 125428K->0K(458240K)] [ParOldGen: 510596K->471910K(942592K)] 636025K->471910K(1400832K), [Metaspace: 52833K->52833K(1097728K)], 0.0463930 secs] [Times: user=0.19 sys=0.01, real=0.05 secs] 
21.099: [GC (Allocation Failure) [PSYoungGen: 332800K->146410K(503296K)] 804710K->678735K(1445888K), 0.0557086 secs] [Times: user=0.06 sys=0.02, real=0.06 secs] 
23.420: [GC (Allocation Failure) [PSYoungGen: 503274K->107725K(464896K)] 1035599K->640049K(1407488K), 0.0124379 secs] [Times: user=0.02 sys=0.00, real=0.02 secs] 
23.837: [GC (Allocation Failure) [PSYoungGen: 464589K->176550K(463872K)] 996913K->819232K(1406464K), 0.0315961 secs] [Times: user=0.03 sys=0.01, real=0.03 secs] 
25.102: [GC (Allocation Failure) [PSYoungGen: 463782K->122471K(410112K)] 1106464K->765350K(1352704K), 0.0164734 secs] [Times: user=0.04 sys=0.00, real=0.02 secs] 
27.579: [GC (Allocation Failure) [PSYoungGen: 409703K->113950K(491008K)] 1052582K->757146K(1433600K), 0.0132498 secs] [Times: user=0.02 sys=0.00, real=0.01 secs] 
27.967: [GC (Allocation Failure) [PSYoungGen: 396062K->207821K(489984K)] 1039258K->868102K(1432576K), 0.0244696 secs] [Times: user=0.03 sys=0.00, real=0.02 secs] 
29.506: [GC (Allocation Failure) [PSYoungGen: 489933K->161737K(441856K)] 1150214K->822283K(1384448K), 0.0285546 secs] [Times: user=0.04 sys=0.00, real=0.03 secs] 
31.546: [GC (Allocation Failure) [PSYoungGen: 394697K->15353K(465920K)] 1055243K->676087K(1408512K), 0.0043605 secs] [Times: user=0.01 sys=0.00, real=0.00 secs] 
31.852: [GC (Allocation Failure) [PSYoungGen: 248313K->184076K(465920K)] 909047K->846055K(1408512K), 0.0200042 secs] [Times: user=0.02 sys=0.00, real=0.03 secs] 
32.135: [GC (Allocation Failure) [PSYoungGen: 417036K->184494K(465920K)] 1079015K->846746K(1408512K), 0.0199418 secs] [Times: user=0.03 sys=0.00, real=0.02 secs] 
34.141: [GC (Allocation Failure) [PSYoungGen: 417454K->114826K(465920K)] 1079706K->777472K(1408512K), 0.0230118 secs] [Times: user=0.04 sys=0.00, real=0.03 secs] 
36.562: [GC (Allocation Failure) [PSYoungGen: 347786K->23707K(465920K)] 1010432K->686546K(1408512K), 0.0061812 secs] [Times: user=0.01 sys=0.00, real=0.01 secs] 
36.892: [GC (Allocation Failure) [PSYoungGen: 256667K->184847K(465920K)] 919506K->848940K(1408512K), 0.0201559 secs] [Times: user=0.03 sys=0.00, real=0.03 secs] 
37.174: [GC (Allocation Failure) [PSYoungGen: 417807K->184173K(465920K)] 1081900K->848546K(1408512K), 0.0199042 secs] [Times: user=0.03 sys=0.00, real=0.02 secs] 
37.824: [GC (Allocation Failure) [PSYoungGen: 417133K->106071K(465920K)] 1081506K->770709K(1408512K), 0.0129795 secs] [Times: user=0.02 sys=0.00, real=0.01 secs] 
38.717: [GC (Allocation Failure) [PSYoungGen: 339031K->30358K(465920K)] 1003669K->695317K(1408512K), 0.0052660 secs] [Times: user=0.01 sys=0.00, real=0.00 secs] 
38.993: [GC (Allocation Failure) [PSYoungGen: 263318K->184237K(465920K)] 928277K->850457K(1408512K), 0.0202779 secs] [Times: user=0.03 sys=0.00, real=0.02 secs] 
39.336: [GC (Allocation Failure) [PSYoungGen: 417197K->184815K(465920K)] 1083417K->851309K(1408512K), 0.0200133 secs] [Times: user=0.02 sys=0.00, real=0.02 secs] 
40.039: [GC (Allocation Failure) [PSYoungGen: 417067K->99484K(465920K)] 1083560K->766387K(1408512K), 0.0127789 secs] [Times: user=0.02 sys=0.00, real=0.01 secs] 
41.031: [GC (Allocation Failure) [PSYoungGen: 332444K->38005K(465920K)] 999347K->705085K(1408512K), 0.0062177 secs] [Times: user=0.01 sys=0.00, real=0.01 secs] 
41.313: [GC (Allocation Failure) [PSYoungGen: 270965K->183819K(465920K)] 938045K->852153K(1408512K), 0.0201131 secs] [Times: user=0.02 sys=0.00, real=0.02 secs] 
41.651: [GC (Allocation Failure) [PSYoungGen: 416779K->184462K(465920K)] 1085113K->853068K(1408512K), 0.0201567 secs] [Times: user=0.03 sys=0.00, real=0.02 secs] 
43.026: [GC (Allocation Failure) [PSYoungGen: 409653K->92576K(465920K)] 1078260K->761584K(1408512K), 0.0134655 secs] [Times: user=0.02 sys=0.00, real=0.01 secs] 
45.059: [GC (Allocation Failure) [PSYoungGen: 325536K->37973K(465920K)] 994544K->707153K(1408512K), 0.0066035 secs] [Times: user=0.02 sys=0.00, real=0.01 secs] 
45.346: [GC (Allocation Failure) [PSYoungGen: 270933K->184719K(465920K)] 940113K->855152K(1408512K), 0.0202497 secs] [Times: user=0.02 sys=0.00, real=0.02 secs] 
45.629: [GC (Allocation Failure) [PSYoungGen: 417679K->184655K(465920K)] 1088112K->855353K(1408512K), 0.0199711 secs] [Times: user=0.03 sys=0.00, real=0.02 secs] 
46.280: [GC (Allocation Failure) [PSYoungGen: 407273K->91307K(465920K)] 1077972K->762286K(1408512K), 0.0105163 secs] [Times: user=0.02 sys=0.00, real=0.01 secs] 
47.075: [GC (Allocation Failure) [PSYoungGen: 324267K->38005K(465920K)] 995246K->709290K(1408512K), 0.0053386 secs] [Times: user=0.01 sys=0.00, real=0.00 secs] 
47.344: [GC (Allocation Failure) [PSYoungGen: 270965K->184526K(465920K)] 942250K->857185K(1408512K), 0.0202855 secs] [Times: user=0.02 sys=0.00, real=0.02 secs] 
47.697: [GC (Allocation Failure) [PSYoungGen: 417486K->184430K(465920K)] 1090145K->857241K(1408512K), 0.0201557 secs] [Times: user=0.03 sys=0.00, real=0.02 secs] 
48.982: [GC (Allocation Failure) [PSYoungGen: 409478K->91805K(465920K)] 1082290K->764882K(1408512K), 0.0189211 secs] [Times: user=0.03 sys=0.00, real=0.01 secs] 
49.831: [GC (Allocation Failure) [PSYoungGen: 324765K->38166K(465920K)] 997842K->711564K(1408512K), 0.0053196 secs] [Times: user=0.01 sys=0.00, real=0.01 secs] 
50.099: [GC (Allocation Failure) [PSYoungGen: 271126K->184719K(465920K)] 944524K->859499K(1408512K), 0.0202966 secs] [Times: user=0.02 sys=0.00, real=0.02 secs] 
50.381: [GC (Allocation Failure) [PSYoungGen: 417679K->184398K(465920K)] 1092459K->859323K(1408512K), 0.0201270 secs] [Times: user=0.02 sys=0.00, real=0.02 secs] 
52.660: [GC (Allocation Failure) [PSYoungGen: 406725K->91484K(465920K)] 1081650K->766682K(1408512K), 0.0259344 secs] [Times: user=0.06 sys=0.00, real=0.03 secs] 
54.964: [GC (Allocation Failure) [PSYoungGen: 324444K->37716K(465920K)] 999642K->713228K(1408512K), 0.0072576 secs] [Times: user=0.02 sys=0.00, real=0.00 secs] 
55.273: [GC (Allocation Failure) [PSYoungGen: 270676K->184494K(465920K)] 946188K->861251K(1408512K), 0.0203210 secs] [Times: user=0.03 sys=0.00, real=0.02 secs] 
55.555: [GC (Allocation Failure) [PSYoungGen: 417454K->184558K(465920K)] 1094211K->861597K(1408512K), 0.0201433 secs] [Times: user=0.02 sys=0.00, real=0.02 secs] 
56.712: [GC (Allocation Failure) [PSYoungGen: 407620K->91982K(465920K)] 1084659K->769293K(1408512K), 0.0160918 secs] [Times: user=0.03 sys=0.00, real=0.02 secs] 
57.554: [GC (Allocation Failure) [PSYoungGen: 324942K->37877K(465920K)] 1002253K->715494K(1408512K), 0.0075840 secs] [Times: user=0.02 sys=0.00, real=0.00 secs] 
57.868: [GC (Allocation Failure) [PSYoungGen: 270837K->184430K(465920K)] 948454K->863309K(1408512K), 0.0203967 secs] [Times: user=0.03 sys=0.00, real=0.02 secs] 
58.150: [GC (Allocation Failure) [PSYoungGen: 417390K->184269K(465920K)] 1096269K->863421K(1408512K), 0.0200475 secs] [Times: user=0.02 sys=0.00, real=0.02 secs] 
59.167: [GC (Allocation Failure) [PSYoungGen: 409316K->92158K(465920K)] 1088468K->771712K(1408512K), 0.0125061 secs] [Times: user=0.02 sys=0.00, real=0.01 secs] 
59.967: [GC (Allocation Failure) [PSYoungGen: 325118K->37363K(465920K)] 1004672K->717096K(1408512K), 0.0052882 secs] [Times: user=0.01 sys=0.00, real=0.00 secs] 
60.295: [GC (Allocation Failure) [PSYoungGen: 270323K->184333K(465920K)] 950056K->865312K(1408512K), 0.0203786 secs] [Times: user=0.03 sys=0.00, real=0.02 secs] 
60.578: [GC (Allocation Failure) [PSYoungGen: 417293K->184687K(465920K)] 1098272K->866067K(1408512K), 0.0200823 secs] [Times: user=0.03 sys=0.00, real=0.02 secs] 
61.660: [GC (Allocation Failure) [PSYoungGen: 408109K->92383K(465920K)] 1089490K->773908K(1408512K), 0.0211105 secs] [Times: user=0.05 sys=0.00, real=0.02 secs] 
62.656: [GC (Allocation Failure) [PSYoungGen: 325343K->38005K(465920K)] 1006868K->719840K(1408512K), 0.0053205 secs] [Times: user=0.01 sys=0.00, real=0.00 secs] 
62.924: [GC (Allocation Failure) [PSYoungGen: 270965K->184462K(465920K)] 952800K->867550K(1408512K), 0.0201337 secs] [Times: user=0.03 sys=0.00, real=0.02 secs] 
63.212: [GC (Allocation Failure) [PSYoungGen: 417422K->184526K(465920K)] 1100510K->867896K(1408512K), 0.0199984 secs] [Times: user=0.03 sys=0.00, real=0.02 secs] 
65.223: [GC (Allocation Failure) [PSYoungGen: 407597K->91805K(465920K)] 1090967K->775455K(1408512K), 0.0155291 secs] [Times: user=0.03 sys=0.00, real=0.01 secs] 
67.431: [GC (Allocation Failure) [PSYoungGen: 324765K->37620K(465920K)] 1008415K->721602K(1408512K), 0.0068569 secs] [Times: user=0.01 sys=0.00, real=0.01 secs] 
67.806: [GC (Allocation Failure) [PSYoungGen: 270580K->184558K(465920K)] 954562K->869802K(1408512K), 0.0203493 secs] [Times: user=0.02 sys=0.00, real=0.02 secs] 
68.094: [GC (Allocation Failure) [PSYoungGen: 417518K->186389K(465920K)] 1102762K->871914K(1408512K), 0.0203514 secs] [Times: user=0.03 sys=0.00, real=0.02 secs] 
69.355: [GC (Allocation Failure) [PSYoungGen: 407543K->90230K(465920K)] 1093068K->776020K(1408512K), 0.0141218 secs] [Times: user=0.03 sys=0.00, real=0.01 secs] 
70.758: [GC (Allocation Failure) [PSYoungGen: 323190K->37973K(465920K)] 1008980K->724077K(1408512K), 0.0081868 secs] [Times: user=0.02 sys=0.00, real=0.01 secs] 
71.083: [GC (Allocation Failure) [PSYoungGen: 270933K->186357K(465920K)] 957037K->873707K(1408512K), 0.0203534 secs] [Times: user=0.02 sys=0.00, real=0.02 secs] 
71.372: [GC (Allocation Failure) [PSYoungGen: 419317K->186132K(465920K)] 1106667K->873763K(1408512K), 0.0201621 secs] [Times: user=0.02 sys=0.00, real=0.02 secs] 
72.833: [GC (Allocation Failure) [PSYoungGen: 405424K->88270K(465920K)] 1093054K->776302K(1408512K), 0.0158212 secs] [Times: user=0.03 sys=0.00, real=0.01 secs] 
74.438: [GC (Allocation Failure) [PSYoungGen: 321230K->38005K(465920K)] 1009262K->726222K(1408512K), 0.0068129 secs] [Times: user=0.01 sys=0.00, real=0.01 secs] 
74.732: [GC (Allocation Failure) [PSYoungGen: 270965K->183690K(465920K)] 959182K->873161K(1408512K), 0.0199730 secs] [Times: user=0.03 sys=0.00, real=0.02 secs] 
75.075: [GC (Allocation Failure) [PSYoungGen: 416650K->184076K(465920K)] 1106121K->873820K(1408512K), 0.0199621 secs] [Times: user=0.03 sys=0.00, real=0.02 secs] 
76.655: [GC (Allocation Failure) [PSYoungGen: 409250K->93026K(465920K)] 1098994K->783035K(1408512K), 0.0166957 secs] [Times: user=0.03 sys=0.00, real=0.01 secs] 
78.569: [GC (Allocation Failure) [PSYoungGen: 325986K->37748K(465920K)] 1015995K->728055K(1408512K), 0.0067681 secs] [Times: user=0.02 sys=0.00, real=0.01 secs] 
78.868: [GC (Allocation Failure) [PSYoungGen: 270708K->184687K(465920K)] 961015K->876383K(1408512K), 0.0201323 secs] [Times: user=0.03 sys=0.00, real=0.02 secs] 
79.154: [GC (Allocation Failure) [PSYoungGen: 417647K->184655K(465920K)] 1109343K->876624K(1408512K), 0.0201330 secs] [Times: user=0.02 sys=0.00, real=0.02 secs] 
79.888: [GC (Allocation Failure) [PSYoungGen: 407348K->91644K(465920K)] 1099317K->783887K(1408512K), 0.0114629 secs] [Times: user=0.02 sys=0.01, real=0.01 secs] 
80.826: [GC (Allocation Failure) [PSYoungGen: 324604K->37973K(465920K)] 1016847K->730401K(1408512K), 0.0055707 secs] [Times: user=0.02 sys=0.00, real=0.00 secs] 
81.148: [GC (Allocation Failure) [PSYoungGen: 270933K->183787K(465920K)] 963361K->877469K(1408512K), 0.0199327 secs] [Times: user=0.03 sys=0.00, real=0.02 secs] 
81.430: [GC (Allocation Failure) [PSYoungGen: 416747K->184751K(465920K)] 1110429K->878705K(1408512K), 0.0201675 secs] [Times: user=0.03 sys=0.00, real=0.02 secs] 
82.832: [GC (Allocation Failure) [PSYoungGen: 410160K->92255K(465920K)] 1104115K->786474K(1408512K), 0.0165052 secs] [Times: user=0.03 sys=0.00, real=0.02 secs] 
84.735: [GC (Allocation Failure) [PSYoungGen: 325215K->38002K(465920K)] 1019434K->732538K(1408512K), 0.0067091 secs] [Times: user=0.02 sys=0.00, real=0.00 secs] 
85.023: [GC (Allocation Failure) [PSYoungGen: 270962K->184430K(465920K)] 965498K->880219K(1408512K), 0.0200151 secs] [Times: user=0.03 sys=0.00, real=0.02 secs] 
85.310: [GC (Allocation Failure) [PSYoungGen: 417390K->184783K(465920K)] 1113179K->880845K(1408512K), 0.0199403 secs] [Times: user=0.02 sys=0.00, real=0.02 secs] 
85.926: [GC (Allocation Failure) [PSYoungGen: 407185K->91516K(465920K)] 1103247K->787987K(1408512K), 0.0107842 secs] [Times: user=0.02 sys=0.00, real=0.01 secs] 
87.386: [GC (Allocation Failure) [PSYoungGen: 324476K->37491K(465920K)] 1020947K->734148K(1408512K), 0.0076957 secs] [Times: user=0.02 sys=0.00, real=0.01 secs] 
87.745: [GC (Allocation Failure) [PSYoungGen: 270451K->183787K(465920K)] 967108K->881705K(1408512K), 0.0199592 secs] [Times: user=0.03 sys=0.00, real=0.02 secs] 
88.085: [GC (Allocation Failure) [PSYoungGen: 416747K->184494K(465920K)] 1114665K->882685K(1408512K), 0.0199498 secs] [Times: user=0.03 sys=0.00, real=0.02 secs] 
89.172: [GC (Allocation Failure) [PSYoungGen: 409784K->93010K(465920K)] 1107976K->791482K(1408512K), 0.0134546 secs] [Times: user=0.03 sys=0.00, real=0.02 secs] 
91.255: [GC (Allocation Failure) [PSYoungGen: 325970K->38005K(465920K)] 1024442K->736793K(1408512K), 0.0075603 secs] [Times: user=0.02 sys=0.00, real=0.00 secs] 
91.569: [GC (Allocation Failure) [PSYoungGen: 270965K->184687K(465920K)] 969753K->884728K(1408512K), 0.0200916 secs] [Times: user=0.03 sys=0.00, real=0.02 secs] 
91.851: [GC (Allocation Failure) [PSYoungGen: 417647K->184655K(465920K)] 1117688K->885098K(1408512K), 0.0203073 secs] [Times: user=0.02 sys=0.00, real=0.02 secs] 
93.223: [GC (Allocation Failure) [PSYoungGen: 407092K->91387K(465920K)] 1107535K->792103K(1408512K), 0.0185093 secs] [Times: user=0.03 sys=0.00, real=0.01 secs] 
95.065: [GC (Allocation Failure) [PSYoungGen: 324347K->37845K(465920K)] 1025063K->738754K(1408512K), 0.0082402 secs] [Times: user=0.02 sys=0.00, real=0.01 secs] 
95.394: [GC (Allocation Failure) [PSYoungGen: 270805K->184687K(465920K)] 971714K->886970K(1408512K), 0.0201028 secs] [Times: user=0.03 sys=0.00, real=0.02 secs] 
95.677: [GC (Allocation Failure) [PSYoungGen: 417647K->184687K(465920K)] 1119930K->887123K(1408512K), 0.0201901 secs] [Times: user=0.03 sys=0.00, real=0.02 secs] 
96.400: [GC (Allocation Failure) [PSYoungGen: 407246K->91516K(465920K)] 1109683K->794225K(1408512K), 0.0121518 secs] [Times: user=0.02 sys=0.00, real=0.01 secs] 
97.918: [GC (Allocation Failure) [PSYoungGen: 324476K->37909K(465920K)] 1027185K->740924K(1408512K), 0.0068581 secs] [Times: user=0.02 sys=0.00, real=0.01 secs] 
98.213: [GC (Allocation Failure) [PSYoungGen: 270869K->184719K(465920K)] 973884K->888995K(1408512K), 0.0203625 secs] [Times: user=0.03 sys=0.00, real=0.02 secs] 
98.495: [GC (Allocation Failure) [PSYoungGen: 417679K->184655K(465920K)] 1121955K->889204K(1408512K), 0.0204022 secs] [Times: user=0.03 sys=0.00, real=0.02 secs] 
99.893: [GC (Allocation Failure) [PSYoungGen: 407207K->91467K(465920K)] 1111757K->796290K(1408512K), 0.0118335 secs] [Times: user=0.02 sys=0.00, real=0.01 secs] 
101.730: [GC (Allocation Failure) [PSYoungGen: 324427K->37170K(465920K)] 1029250K->742293K(1408512K), 0.0061891 secs] [Times: user=0.02 sys=0.00, real=0.01 secs] 
102.007: [GC (Allocation Failure) [PSYoungGen: 270130K->184687K(465920K)] 975253K->891176K(1408512K), 0.0203396 secs] [Times: user=0.02 sys=0.00, real=0.02 secs] 
102.291: [GC (Allocation Failure) [PSYoungGen: 417647K->184751K(465920K)] 1124136K->891384K(1408512K), 0.0202254 secs] [Times: user=0.03 sys=0.00, real=0.02 secs] 
103.649: [GC (Allocation Failure) [PSYoungGen: 409866K->92126K(465920K)] 1116499K->799025K(1408512K), 0.0122031 secs] [Times: user=0.02 sys=0.00, real=0.01 secs] 
106.145: [GC (Allocation Failure) [PSYoungGen: 325086K->37331K(465920K)] 1031985K->744535K(1408512K), 0.0068370 secs] [Times: user=0.02 sys=0.00, real=0.00 secs] 
106.444: [GC (Allocation Failure) [PSYoungGen: 270291K->184205K(465920K)] 977495K->892662K(1408512K), 0.0201301 secs] [Times: user=0.03 sys=0.00, real=0.02 secs] 
106.731: [GC (Allocation Failure) [PSYoungGen: 417165K->184590K(465920K)] 1125622K->893329K(1408512K), 0.0202912 secs] [Times: user=0.03 sys=0.00, real=0.02 secs] 
107.408: [GC (Allocation Failure) [PSYoungGen: 408348K->92704K(465920K)] 1117087K->801716K(1408512K), 0.0111675 secs] [Times: user=0.02 sys=0.00, real=0.01 secs] 
109.118: [GC (Allocation Failure) [PSYoungGen: 325664K->37588K(465920K)] 1034676K->746915K(1408512K), 0.0075121 secs] [Times: user=0.02 sys=0.00, real=0.01 secs] 
109.434: [GC (Allocation Failure) [PSYoungGen: 270548K->184687K(465920K)] 979875K->895268K(1408512K), 0.0203403 secs] [Times: user=0.03 sys=0.00, real=0.02 secs] 
109.716: [GC (Allocation Failure) [PSYoungGen: 417647K->184044K(465920K)] 1128228K->894898K(1408512K), 0.0203123 secs] [Times: user=0.03 sys=0.00, real=0.02 secs] 
111.401: [GC (Allocation Failure) [PSYoungGen: 408057K->92351K(465920K)] 1118911K->803471K(1408512K), 0.0147085 secs] [Times: user=0.03 sys=0.00, real=0.02 secs] 
112.872: [GC (Allocation Failure) [PSYoungGen: 325311K->37845K(465920K)] 1036431K->749262K(1408512K), 0.0068536 secs] [Times: user=0.02 sys=0.00, real=0.01 secs] 
113.170: [GC (Allocation Failure) [PSYoungGen: 270805K->184430K(465920K)] 982222K->897229K(1408512K), 0.0204089 secs] [Times: user=0.02 sys=0.00, real=0.02 secs] 
113.452: [GC (Allocation Failure) [PSYoungGen: 417390K->184526K(465920K)] 1130189K->897470K(1408512K), 0.0201943 secs] [Times: user=0.02 sys=0.00, real=0.03 secs] 
114.911: [GC (Allocation Failure) [PSYoungGen: 407572K->91933K(465920K)] 1120516K->805150K(1408512K), 0.0167371 secs] [Times: user=0.03 sys=0.00, real=0.02 secs] 
117.173: [GC (Allocation Failure) [PSYoungGen: 324893K->37491K(465920K)] 1038110K->751014K(1408512K), 0.0074851 secs] [Times: user=0.02 sys=0.00, real=0.00 secs] 
117.488: [GC (Allocation Failure) [PSYoungGen: 270451K->184462K(465920K)] 983974K->899366K(1408512K), 0.0204576 secs] [Times: user=0.03 sys=0.00, real=0.02 secs] 
117.771: [GC (Allocation Failure) [PSYoungGen: 417422K->184494K(465920K)] 1132326K->899551K(1408512K), 0.0203105 secs] [Times: user=0.03 sys=0.00, real=0.02 secs] 
119.010: [GC (Allocation Failure) [PSYoungGen: 408062K->92255K(465920K)] 1123119K->807577K(1408512K), 0.0113526 secs] [Times: user=0.03 sys=0.00, real=0.01 secs] 
120.465: [GC (Allocation Failure) [PSYoungGen: 325215K->37331K(465920K)] 1040537K->752952K(1408512K), 0.0055070 secs] [Times: user=0.01 sys=0.00, real=0.00 secs] 
120.732: [GC (Allocation Failure) [PSYoungGen: 270291K->184462K(465920K)] 985912K->901337K(1408512K), 0.0204108 secs] [Times: user=0.03 sys=0.00, real=0.03 secs] 
121.016: [GC (Allocation Failure) [PSYoungGen: 417422K->184494K(465920K)] 1134297K->901643K(1408512K), 0.0201978 secs] [Times: user=0.03 sys=0.00, real=0.02 secs] 
121.914: [GC (Allocation Failure) [PSYoungGen: 408089K->92399K(465920K)] 1125238K->809813K(1408512K), 0.0145796 secs] [Times: user=0.03 sys=0.00, real=0.01 secs] 
123.791: [GC (Allocation Failure) [PSYoungGen: 325359K->37620K(465920K)] 1042773K->755371K(1408512K), 0.0069296 secs] [Times: user=0.02 sys=0.00, real=0.01 secs] 
124.089: [GC (Allocation Failure) [PSYoungGen: 270580K->184687K(465920K)] 988331K->903684K(1408512K), 0.0204422 secs] [Times: user=0.03 sys=0.00, real=0.02 secs] 
124.372: [GC (Allocation Failure) [PSYoungGen: 417647K->183626K(465920K)] 1136644K->902896K(1408512K), 0.0204875 secs] [Times: user=0.03 sys=0.00, real=0.03 secs] 
126.033: [GC (Allocation Failure) [PSYoungGen: 409038K->92769K(465920K)] 1128308K->812304K(1408512K), 0.0276891 secs] [Times: user=0.05 sys=0.00, real=0.02 secs] 
127.615: [GC (Allocation Failure) [PSYoungGen: 325729K->37138K(465920K)] 1045264K->756994K(1408512K), 0.0062440 secs] [Times: user=0.01 sys=0.00, real=0.00 secs] 
127.890: [GC (Allocation Failure) [PSYoungGen: 270098K->184430K(465920K)] 989954K->905677K(1408512K), 0.0202656 secs] [Times: user=0.03 sys=0.00, real=0.02 secs] 
128.228: [GC (Allocation Failure) [PSYoungGen: 417390K->184301K(465920K)] 1138637K->905693K(1408512K), 0.0199792 secs] [Times: user=0.03 sys=0.00, real=0.02 secs] 
129.763: [GC (Allocation Failure) [PSYoungGen: 409188K->92849K(465920K)] 1130580K->814522K(1408512K), 0.0269195 secs] [Times: user=0.06 sys=0.00, real=0.02 secs] 
131.319: [GC (Allocation Failure) [PSYoungGen: 325809K->37845K(465920K)] 1047482K->759825K(1408512K), 0.0064824 secs] [Times: user=0.01 sys=0.00, real=0.01 secs] 
131.599: [GC (Allocation Failure) [PSYoungGen: 270805K->184462K(465920K)] 992785K->907695K(1408512K), 0.0203848 secs] [Times: user=0.03 sys=0.00, real=0.02 secs] 
131.881: [GC (Allocation Failure) [PSYoungGen: 417422K->184333K(465920K)] 1140655K->907840K(1408512K), 0.0202676 secs] [Times: user=0.03 sys=0.00, real=0.02 secs] 
133.462: [GC (Allocation Failure) [PSYoungGen: 409369K->92126K(465920K)] 1132876K->816027K(1408512K), 0.0161730 secs] [Times: user=0.03 sys=0.00, real=0.02 secs] 
134.555: [GC (Allocation Failure) [PSYoungGen: 325086K->37973K(465920K)] 1048987K->762051K(1408512K), 0.0064888 secs] [Times: user=0.01 sys=0.00, real=0.00 secs] 
134.831: [GC (Allocation Failure) [PSYoungGen: 270933K->184719K(465920K)] 995011K->910050K(1408512K), 0.0203959 secs] [Times: user=0.03 sys=0.00, real=0.02 secs] 
135.115: [GC (Allocation Failure) [PSYoungGen: 417679K->184687K(465920K)] 1143010K->910299K(1408512K), 0.0203254 secs] [Times: user=0.03 sys=0.00, real=0.02 secs] 
135.934: [GC (Allocation Failure) [PSYoungGen: 407251K->91371K(465920K)] 1132863K->817256K(1408512K), 0.0112490 secs] [Times: user=0.02 sys=0.00, real=0.01 secs] 
137.196: [GC (Allocation Failure) [PSYoungGen: 324331K->37877K(465920K)] 1050216K->764076K(1408512K), 0.0069210 secs] [Times: user=0.01 sys=0.00, real=0.01 secs] 
137.550: [GC (Allocation Failure) [PSYoungGen: 270837K->183851K(465920K)] 997036K->911304K(1408512K), 0.0202536 secs] [Times: user=0.03 sys=0.00, real=0.02 secs] 
137.834: [GC (Allocation Failure) [PSYoungGen: 416811K->184751K(465920K)] 1144264K->912492K(1408512K), 0.0202915 secs] [Times: user=0.02 sys=0.01, real=0.02 secs] 
138.862: [GC (Allocation Failure) [PSYoungGen: 408568K->92399K(465920K)] 1136310K->820414K(1408512K), 0.0158449 secs] [Times: user=0.03 sys=0.00, real=0.02 secs] 
140.545: [GC (Allocation Failure) [PSYoungGen: 325359K->37748K(465920K)] 1053374K->766079K(1408512K), 0.0070065 secs] [Times: user=0.01 sys=0.00, real=0.00 secs] 
140.914: [GC (Allocation Failure) [PSYoungGen: 270708K->184847K(465920K)] 999039K->914431K(1408512K), 0.0203061 secs] [Times: user=0.03 sys=0.00, real=0.02 secs] 
141.197: [GC (Allocation Failure) [PSYoungGen: 417807K->184880K(465920K)] 1147391K->914729K(1408512K), 0.0202945 secs] [Times: user=0.03 sys=0.00, real=0.02 secs] 
141.838: [GC (Allocation Failure) [PSYoungGen: 407826K->91274K(465920K)] 1137675K->821397K(1408512K), 0.0121973 secs] [Times: user=0.02 sys=0.00, real=0.01 secs] 
142.748: [GC (Allocation Failure) [PSYoungGen: 324234K->38102K(465920K)] 1054357K->768546K(1408512K), 0.0055809 secs] [Times: user=0.01 sys=0.00, real=0.01 secs] 
143.082: [GC (Allocation Failure) [PSYoungGen: 271062K->184590K(465920K)] 1001506K->916280K(1408512K), 0.0204761 secs] [Times: user=0.03 sys=0.00, real=0.02 secs] 
143.420: [GC (Allocation Failure) [PSYoungGen: 417550K->184719K(465920K)] 1149240K->916681K(1408512K), 0.0202183 secs] [Times: user=0.03 sys=0.00, real=0.02 secs] 
144.765: [GC (Allocation Failure) [PSYoungGen: 407178K->91371K(465920K)] 1139140K->823735K(1408512K), 0.0146870 secs] [Times: user=0.03 sys=0.00, real=0.01 secs] 
146.434: [GC (Allocation Failure) [PSYoungGen: 324331K->37877K(465920K)] 1056695K->770418K(1408512K), 0.0075973 secs] [Times: user=0.01 sys=0.00, real=0.00 secs] 
146.814: [GC (Allocation Failure) [PSYoungGen: 270837K->184719K(465920K)] 1003378K->918642K(1408512K), 0.0205571 secs] [Times: user=0.03 sys=0.00, real=0.02 secs] 
147.100: [GC (Allocation Failure) [PSYoungGen: 417679K->184655K(465920K)] 1151602K->918723K(1408512K), 0.0203787 secs] [Times: user=0.03 sys=0.00, real=0.02 secs] 
148.557: [GC (Allocation Failure) [PSYoungGen: 407248K->91467K(465920K)] 1141316K->825808K(1408512K), 0.0165226 secs] [Times: user=0.03 sys=0.00, real=0.02 secs] 
150.661: [GC (Allocation Failure) [PSYoungGen: 324427K->37234K(465920K)] 1058768K->771901K(1408512K), 0.0079368 secs] [Times: user=0.02 sys=0.00, real=0.01 secs] 
151.065: [GC (Allocation Failure) [PSYoungGen: 270194K->183819K(465920K)] 1004861K->919740K(1408512K), 0.0202740 secs] [Times: user=0.03 sys=0.00, real=0.02 secs] 
151.396: [GC (Allocation Failure) [PSYoungGen: 416779K->184815K(465920K)] 1152700K->921009K(1408512K), 0.0203696 secs] [Times: user=0.03 sys=0.01, real=0.02 secs] 
152.669: [GC (Allocation Failure) [PSYoungGen: 410075K->92897K(465920K)] 1146269K->829493K(1408512K), 0.0138331 secs] [Times: user=0.03 sys=0.00, real=0.02 secs] 
153.946: [GC (Allocation Failure) [PSYoungGen: 325857K->37845K(465920K)] 1062453K->774617K(1408512K), 0.0056374 secs] [Times: user=0.02 sys=0.00, real=0.00 secs] 
154.213: [GC (Allocation Failure) [PSYoungGen: 270805K->184622K(465920K)] 1007577K->922777K(1408512K), 0.0202120 secs] [Times: user=0.03 sys=0.00, real=0.02 secs] 
154.557: [GC (Allocation Failure) [PSYoungGen: 417582K->184623K(465920K)] 1155737K->922922K(1408512K), 0.0205420 secs] [Times: user=0.02 sys=0.00, real=0.02 secs] 
155.230: [GC (Allocation Failure) [PSYoungGen: 407191K->91612K(465920K)] 1145490K->830176K(1408512K), 0.0113098 secs] [Times: user=0.02 sys=0.00, real=0.01 secs] 
156.181: [GC (Allocation Failure) [PSYoungGen: 324572K->37845K(465920K)] 1063136K->776725K(1408512K), 0.0070415 secs] [Times: user=0.01 sys=0.00, real=0.01 secs] 
156.531: [GC (Allocation Failure) [PSYoungGen: 270805K->183819K(465920K)] 1009685K->923953K(1408512K), 0.0202291 secs] [Times: user=0.03 sys=0.00, real=0.02 secs] 
156.813: [GC (Allocation Failure) [PSYoungGen: 416779K->184751K(465920K)] 1156913K->925158K(1408512K), 0.0202456 secs] [Times: user=0.03 sys=0.00, real=0.02 secs] 
157.530: [GC (Allocation Failure) [PSYoungGen: 410189K->92415K(465920K)] 1150595K->833087K(1408512K), 0.0121875 secs] [Times: user=0.02 sys=0.00, real=0.01 secs] 
158.384: [GC (Allocation Failure) [PSYoungGen: 325375K->37973K(465920K)] 1066047K->778959K(1408512K), 0.0056594 secs] [Times: user=0.01 sys=0.00, real=0.00 secs] 
158.714: [GC (Allocation Failure) [PSYoungGen: 270933K->184719K(465920K)] 1011919K->927086K(1408512K), 0.0206317 secs] [Times: user=0.03 sys=0.00, real=0.02 secs] 
158.997: [GC (Allocation Failure) [PSYoungGen: 417679K->184687K(465920K)] 1160046K->927199K(1408512K), 0.0203302 secs] [Times: user=0.03 sys=0.00, real=0.02 secs] 
160.411: [GC (Allocation Failure) [PSYoungGen: 407239K->91355K(465920K)] 1149751K->834132K(1408512K), 0.0196658 secs] [Times: user=0.04 sys=0.00, real=0.02 secs] 
162.517: [GC (Allocation Failure) [PSYoungGen: 324315K->37588K(465920K)] 1067092K->780679K(1408512K), 0.0069857 secs] [Times: user=0.02 sys=0.01, real=0.01 secs] 
162.813: [GC (Allocation Failure) [PSYoungGen: 270548K->184719K(465920K)] 1013639K->929063K(1408512K), 0.0203506 secs] [Times: user=0.03 sys=0.00, real=0.02 secs] 
163.095: [GC (Allocation Failure) [PSYoungGen: 417679K->184687K(465920K)] 1162023K->929304K(1408512K), 0.0201485 secs] [Times: user=0.03 sys=0.00, real=0.02 secs] 
164.158: [GC (Allocation Failure) [PSYoungGen: 407494K->91741K(465920K)] 1152112K->836631K(1408512K), 0.0112101 secs] [Times: user=0.02 sys=0.01, real=0.01 secs] 
165.795: [GC (Allocation Failure) [PSYoungGen: 324701K->37588K(465920K)] 1069591K->782803K(1408512K), 0.0067489 secs] [Times: user=0.01 sys=0.00, real=0.00 secs] 
166.082: [GC (Allocation Failure) [PSYoungGen: 270548K->183819K(465920K)] 1015763K->930288K(1408512K), 0.0201889 secs] [Times: user=0.03 sys=0.00, real=0.02 secs] 
166.369: [GC (Allocation Failure) [PSYoungGen: 416779K->184269K(465920K)] 1163248K->931131K(1408512K), 0.0202611 secs] [Times: user=0.03 sys=0.00, real=0.02 secs] 
168.939: [GC (Allocation Failure) [PSYoungGen: 409013K->93026K(465920K)] 1155875K->840032K(1408512K), 0.0149420 secs] [Times: user=0.04 sys=0.00, real=0.02 secs] 
170.075: [GC (Allocation Failure) [PSYoungGen: 325986K->37748K(465920K)] 1072992K->785062K(1408512K), 0.0064974 secs] [Times: user=0.01 sys=0.00, real=0.00 secs] 
170.350: [GC (Allocation Failure) [PSYoungGen: 270708K->184558K(465920K)] 1018022K->933126K(1408512K), 0.0203032 secs] [Times: user=0.03 sys=0.00, real=0.02 secs] 
170.633: [GC (Allocation Failure) [PSYoungGen: 417518K->184944K(465920K)] 1166086K->933785K(1408512K), 0.0203044 secs] [Times: user=0.02 sys=0.00, real=0.02 secs] 
172.172: [GC (Allocation Failure) [PSYoungGen: 408022K->91484K(465920K)] 1156863K->840590K(1408512K), 0.0186891 secs] [Times: user=0.04 sys=0.00, real=0.02 secs] 
173.143: [GC (Allocation Failure) [PSYoungGen: 324444K->38005K(465920K)] 1073550K->787425K(1408512K), 0.0058264 secs] [Times: user=0.01 sys=0.00, real=0.00 secs] 
173.472: [GC (Allocation Failure) [PSYoungGen: 270965K->184590K(465920K)] 1020385K->935263K(1408512K), 0.0202554 secs] [Times: user=0.03 sys=0.00, real=0.02 secs] 
173.811: [GC (Allocation Failure) [PSYoungGen: 417550K->184719K(465920K)] 1168223K->935673K(1408512K), 0.0202199 secs] [Times: user=0.03 sys=0.00, real=0.02 secs] 
175.139: [GC (Allocation Failure) [PSYoungGen: 407175K->91484K(465920K)] 1158129K->842847K(1408512K), 0.0137352 secs] [Times: user=0.03 sys=0.00, real=0.01 secs] 
177.297: [GC (Allocation Failure) [PSYoungGen: 324444K->37585K(465920K)] 1075807K->789136K(1408512K), 0.0085826 secs] [Times: user=0.02 sys=0.00, real=0.01 secs] 
177.619: [GC (Allocation Failure) [PSYoungGen: 270545K->183851K(465920K)] 1022096K->936656K(1408512K), 0.0203409 secs] [Times: user=0.03 sys=0.00, real=0.02 secs] 
177.903: [GC (Allocation Failure) [PSYoungGen: 416811K->184462K(465920K)] 1169616K->937547K(1408512K), 0.0202201 secs] [Times: user=0.03 sys=0.00, real=0.02 secs] 
178.798: [GC (Allocation Failure) [PSYoungGen: 409681K->92881K(465920K)] 1162766K->846240K(1408512K), 0.0125018 secs] [Times: user=0.03 sys=0.00, real=0.01 secs] 
179.639: [GC (Allocation Failure) [PSYoungGen: 325841K->37973K(465920K)] 1079200K->791640K(1408512K), 0.0056589 secs] [Times: user=0.01 sys=0.00, real=0.01 secs] 
179.918: [GC (Allocation Failure) [PSYoungGen: 270933K->184687K(465920K)] 1024600K->939607K(1408512K), 0.0204053 secs] [Times: user=0.02 sys=0.00, real=0.02 secs] 
180.200: [GC (Allocation Failure) [PSYoungGen: 417647K->184623K(465920K)] 1172567K->939944K(1408512K), 0.0202619 secs] [Times: user=0.03 sys=0.00, real=0.02 secs] 
181.338: [GC (Allocation Failure) [PSYoungGen: 407050K->91355K(465920K)] 1162372K->846950K(1408512K), 0.0110403 secs] [Times: user=0.02 sys=0.00, real=0.01 secs] 
183.271: [GC (Allocation Failure) [PSYoungGen: 324315K->37684K(465920K)] 1079910K->793472K(1408512K), 0.0068957 secs] [Times: user=0.02 sys=0.00, real=0.01 secs] 
183.561: [GC (Allocation Failure) [PSYoungGen: 270644K->184687K(465920K)] 1026432K->941720K(1408512K), 0.0202958 secs] [Times: user=0.03 sys=0.00, real=0.02 secs] 
183.843: [GC (Allocation Failure) [PSYoungGen: 417647K->184687K(465920K)] 1174680K->941993K(1408512K), 0.0203542 secs] [Times: user=0.03 sys=0.00, real=0.02 secs] 
184.608: [GC (Allocation Failure) [PSYoungGen: 407488K->91741K(465920K)] 1164795K->849312K(1408512K), 0.0122059 secs] [Times: user=0.03 sys=0.00, real=0.01 secs] 
185.470: [GC (Allocation Failure) [PSYoungGen: 324701K->37973K(465920K)] 1082272K->795859K(1408512K), 0.0055698 secs] [Times: user=0.01 sys=0.00, real=0.01 secs] 
185.800: [GC (Allocation Failure) [PSYoungGen: 270933K->184719K(465920K)] 1028819K->943858K(1408512K), 0.0202901 secs] [Times: user=0.03 sys=0.00, real=0.02 secs] 
186.081: [GC (Allocation Failure) [PSYoungGen: 417679K->184719K(465920K)] 1176818K->944131K(1408512K), 0.0201363 secs] [Times: user=0.02 sys=0.00, real=0.02 secs] 
186.699: [GC (Allocation Failure) [PSYoungGen: 407274K->91387K(465920K)] 1166686K->851080K(1408512K), 0.0119061 secs] [Times: user=0.03 sys=0.00, real=0.01 secs] 
187.509: [GC (Allocation Failure) [PSYoungGen: 324347K->38005K(465920K)] 1084040K->798012K(1408512K), 0.0055916 secs] [Times: user=0.01 sys=0.00, real=0.01 secs] 
187.777: [GC (Allocation Failure) [PSYoungGen: 270965K->184687K(465920K)] 1030972K->945939K(1408512K), 0.0201477 secs] [Times: user=0.03 sys=0.00, real=0.02 secs] 
188.112: [GC (Allocation Failure) [PSYoungGen: 417647K->184655K(465920K)] 1178899K->946188K(1408512K), 0.0202600 secs] [Times: user=0.02 sys=0.00, real=0.03 secs] 
189.667: [GC (Allocation Failure) [PSYoungGen: 407206K->91387K(465920K)] 1168739K->853186K(1408512K), 0.0166240 secs] [Times: user=0.04 sys=0.00, real=0.02 secs] 
191.061: [GC (Allocation Failure) [PSYoungGen: 324347K->37845K(465920K)] 1086146K->799941K(1408512K), 0.0067897 secs] [Times: user=0.01 sys=0.01, real=0.01 secs] 
191.418: [GC (Allocation Failure) [PSYoungGen: 270805K->184719K(465920K)] 1032901K->948197K(1408512K), 0.0203756 secs] [Times: user=0.03 sys=0.00, real=0.02 secs] 
191.700: [GC (Allocation Failure) [PSYoungGen: 417679K->184687K(465920K)] 1181157K->948310K(1408512K), 0.0201439 secs] [Times: user=0.03 sys=0.00, real=0.02 secs] 
192.792: [GC (Allocation Failure) [PSYoungGen: 407245K->91484K(465920K)] 1170868K->855379K(1408512K), 0.0117725 secs] [Times: user=0.03 sys=0.00, real=0.02 secs] 
194.398: [GC (Allocation Failure) [PSYoungGen: 324444K->37617K(465920K)] 1088339K->801828K(1408512K), 0.0068778 secs] [Times: user=0.01 sys=0.00, real=0.01 secs] 
194.687: [GC (Allocation Failure) [PSYoungGen: 270577K->183787K(465920K)] 1034788K->949244K(1408512K), 0.0202430 secs] [Times: user=0.03 sys=0.00, real=0.02 secs] 
195.039: [GC (Allocation Failure) [PSYoungGen: 416747K->184398K(465920K)] 1182204K->950128K(1408512K), 0.0201788 secs] [Times: user=0.03 sys=0.00, real=0.02 secs] 
197.019: [GC (Allocation Failure) [PSYoungGen: 409642K->92897K(465920K)] 1175373K->858893K(1408512K), 0.0268276 secs] [Times: user=0.05 sys=0.00, real=0.03 secs] 
198.616: [GC (Allocation Failure) [PSYoungGen: 325857K->37973K(465920K)] 1091853K->804290K(1408512K), 0.0071689 secs] [Times: user=0.02 sys=0.00, real=0.01 secs] 
198.912: [GC (Allocation Failure) [PSYoungGen: 270933K->184558K(465920K)] 1037250K->952249K(1408512K), 0.0203983 secs] [Times: user=0.03 sys=0.00, real=0.03 secs] 
199.250: [GC (Allocation Failure) [PSYoungGen: 417518K->184398K(465920K)] 1185209K->952233K(1408512K), 0.0203879 secs] [Times: user=0.02 sys=0.00, real=0.02 secs] 
199.880: [GC (Allocation Failure) [PSYoungGen: 407140K->91789K(465920K)] 1174976K->859897K(1408512K), 0.0111201 secs] [Times: user=0.02 sys=0.00, real=0.01 secs] 
201.457: [GC (Allocation Failure) [PSYoungGen: 324749K->37491K(465920K)] 1092857K->805900K(1408512K), 0.0064660 secs] [Times: user=0.02 sys=0.01, real=0.01 secs] 
201.733: [GC (Allocation Failure) [PSYoungGen: 270451K->184687K(465920K)] 1038860K->954470K(1408512K), 0.0203152 secs] [Times: user=0.03 sys=0.00, real=0.02 secs] 
202.015: [GC (Allocation Failure) [PSYoungGen: 417647K->184623K(465920K)] 1187430K->954550K(1408512K), 0.0202177 secs] [Times: user=0.02 sys=0.00, real=0.02 secs] 
202.674: [GC (Allocation Failure) [PSYoungGen: 407164K->91853K(465920K)] 1177091K->862054K(1408512K), 0.0112940 secs] [Times: user=0.02 sys=0.00, real=0.01 secs] 
203.481: [GC (Allocation Failure) [PSYoungGen: 324813K->38005K(465920K)] 1095014K->808519K(1408512K), 0.0056397 secs] [Times: user=0.01 sys=0.00, real=0.01 secs] 
203.749: [GC (Allocation Failure) [PSYoungGen: 270965K->183819K(465920K)] 1041479K->955587K(1408512K), 0.0201608 secs] [Times: user=0.03 sys=0.00, real=0.02 secs] 
204.094: [GC (Allocation Failure) [PSYoungGen: 416779K->184301K(465920K)] 1188547K->956471K(1408512K), 0.0203214 secs] [Times: user=0.03 sys=0.00, real=0.02 secs] 
204.712: [GC (Allocation Failure) [PSYoungGen: 408128K->92656K(465920K)] 1180297K->864970K(1408512K), 0.0122830 secs] [Times: user=0.03 sys=0.00, real=0.02 secs] 
205.905: [GC (Allocation Failure) [PSYoungGen: 325616K->37588K(465920K)] 1097930K->810202K(1408512K), 0.0056585 secs] [Times: user=0.01 sys=0.00, real=0.00 secs] 
206.234: [GC (Allocation Failure) [PSYoungGen: 270548K->184815K(465920K)] 1043162K->958667K(1408512K), 0.0205140 secs] [Times: user=0.03 sys=0.00, real=0.02 secs] 
206.515: [GC (Allocation Failure) [PSYoungGen: 417775K->184012K(465920K)] 1191627K->958265K(1408512K), 0.0203185 secs] [Times: user=0.02 sys=0.00, real=0.02 secs] 
208.045: [GC (Allocation Failure) [PSYoungGen: 407944K->92303K(465920K)] 1182198K->866692K(1408512K), 0.0133771 secs] [Times: user=0.03 sys=0.00, real=0.01 secs] 
209.862: [GC (Allocation Failure) [PSYoungGen: 325263K->37202K(465920K)] 1099652K->811900K(1408512K), 0.0065903 secs] [Times: user=0.02 sys=0.00, real=0.01 secs] 
210.147: [GC (Allocation Failure) [PSYoungGen: 270162K->184430K(465920K)] 1044860K->960510K(1408512K), 0.0201925 secs] [Times: user=0.02 sys=0.00, real=0.02 secs] 
210.429: [GC (Allocation Failure) [PSYoungGen: 417390K->184558K(465920K)] 1193470K->960783K(1408512K), 0.0217917 secs] [Times: user=0.03 sys=0.00, real=0.02 secs] 
211.158: [GC (Allocation Failure) [PSYoungGen: 408127K->92512K(465920K)] 1184352K->869001K(1408512K), 0.0110859 secs] [Times: user=0.02 sys=0.00, real=0.01 secs] 
212.333: [GC (Allocation Failure) [PSYoungGen: 325472K->37842K(465920K)] 1101961K->814645K(1408512K), 0.0079125 secs] [Times: user=0.02 sys=0.01, real=0.00 secs] 
212.728: [GC (Allocation Failure) [PSYoungGen: 270802K->184366K(465920K)] 1047605K->962543K(1408512K), 0.0203665 secs] [Times: user=0.03 sys=0.00, real=0.02 secs] 
213.010: [GC (Allocation Failure) [PSYoungGen: 417326K->184558K(465920K)] 1195503K->962880K(1408512K), 0.0203440 secs] [Times: user=0.03 sys=0.00, real=0.02 secs] 
213.886: [GC (Allocation Failure) [PSYoungGen: 407105K->91821K(465920K)] 1185427K->870424K(1408512K), 0.0161165 secs] [Times: user=0.03 sys=0.00, real=0.01 secs] 
215.560: [GC (Allocation Failure) [PSYoungGen: 324781K->37456K(465920K)] 1103384K->816369K(1408512K), 0.0070890 secs] [Times: user=0.01 sys=0.00, real=0.01 secs] 
215.854: [GC (Allocation Failure) [PSYoungGen: 270416K->184558K(465920K)] 1049329K->964708K(1408512K), 0.0202108 secs] [Times: user=0.03 sys=0.00, real=0.02 secs] 
216.137: [GC (Allocation Failure) [PSYoungGen: 417518K->184880K(465920K)] 1197668K->965303K(1408512K), 0.0203744 secs] [Times: user=0.03 sys=0.00, real=0.02 secs] 
218.580: [GC (Allocation Failure) [PSYoungGen: 407439K->91773K(465920K)] 1187862K->872469K(1408512K), 0.0205330 secs] [Times: user=0.05 sys=0.00, real=0.02 secs] 
221.159: [GC (Allocation Failure) [PSYoungGen: 324733K->37456K(465920K)] 1105429K->818462K(1408512K), 0.0077948 secs] [Times: user=0.02 sys=0.00, real=0.01 secs] 
221.474: [GC (Allocation Failure) [PSYoungGen: 270416K->186486K(465920K)] 1051422K->968730K(1408512K), 0.0203738 secs] [Times: user=0.03 sys=0.00, real=0.02 secs] 
221.817: [GC (Allocation Failure) [PSYoungGen: 419446K->186132K(465920K)] 1201690K->968778K(1408512K), 0.0208381 secs] [Times: user=0.03 sys=0.00, real=0.02 secs] 
223.233: [GC (Allocation Failure) [PSYoungGen: 405469K->88608K(465920K)] 1188114K->871526K(1408512K), 0.0162279 secs] [Times: user=0.03 sys=0.00, real=0.01 secs] 
224.831: [GC (Allocation Failure) [PSYoungGen: 321568K->37620K(465920K)] 1104486K->820709K(1408512K), 0.0067795 secs] [Times: user=0.02 sys=0.00, real=0.01 secs] 
225.118: [GC (Allocation Failure) [PSYoungGen: 270580K->184173K(465920K)] 1053669K->968508K(1408512K), 0.0202720 secs] [Times: user=0.03 sys=0.00, real=0.02 secs] 
225.438: [GC (Allocation Failure) [PSYoungGen: 417133K->184430K(465920K)] 1201468K->969167K(1408512K), 0.0206496 secs] [Times: user=0.02 sys=0.00, real=0.02 secs] 
226.096: [GC (Allocation Failure) [PSYoungGen: 408050K->92528K(465920K)] 1192787K->877409K(1408512K), 0.0120203 secs] [Times: user=0.03 sys=0.00, real=0.01 secs] 
227.102: [GC (Allocation Failure) [PSYoungGen: 325488K->38005K(465920K)] 1110369K->823200K(1408512K), 0.0065402 secs] [Times: user=0.02 sys=0.00, real=0.01 secs] 
227.381: [GC (Allocation Failure) [PSYoungGen: 270965K->184494K(465920K)] 1056160K->971063K(1408512K), 0.0205802 secs] [Times: user=0.03 sys=0.00, real=0.02 secs] 
227.669: [GC (Allocation Failure) [PSYoungGen: 417454K->184526K(465920K)] 1204023K->971393K(1408512K), 0.0203983 secs] [Times: user=0.03 sys=0.00, real=0.02 secs] 
228.761: [GC (Allocation Failure) [PSYoungGen: 407032K->91709K(465920K)] 1193898K->878712K(1408512K), 0.0120972 secs] [Times: user=0.02 sys=0.00, real=0.02 secs] 
230.184: [GC (Allocation Failure) [PSYoungGen: 324669K->37877K(465920K)] 1111672K->825188K(1408512K), 0.0067680 secs] [Times: user=0.01 sys=0.00, real=0.00 secs] 
230.541: [GC (Allocation Failure) [PSYoungGen: 270837K->184430K(465920K)] 1058148K->973115K(1408512K), 0.0205845 secs] [Times: user=0.03 sys=0.00, real=0.02 secs] 
230.876: [GC (Allocation Failure) [PSYoungGen: 417390K->184526K(465920K)] 1206075K->973356K(1408512K), 0.0203180 secs] [Times: user=0.03 sys=0.00, real=0.02 secs] 
231.524: [GC (Allocation Failure) [PSYoungGen: 407081K->91901K(465920K)] 1195911K->881012K(1408512K), 0.0122850 secs] [Times: user=0.03 sys=0.00, real=0.01 secs] 
232.433: [GC (Allocation Failure) [PSYoungGen: 324861K->38134K(465920K)] 1113972K->827566K(1408512K), 0.0067284 secs] [Times: user=0.02 sys=0.00, real=0.00 secs] 
232.711: [GC (GCLocker Initiated GC) [PSYoungGen: 271094K->181731K(465920K)] 1060526K->972409K(1408512K), 0.0203256 secs] [Times: user=0.02 sys=0.00, real=0.02 secs] 
232.994: [GC (Allocation Failure) [PSYoungGen: 414691K->184269K(465920K)] 1206494K->976337K(1408512K), 0.0204164 secs] [Times: user=0.03 sys=0.00, real=0.02 secs] 
233.696: [GC (Allocation Failure) [PSYoungGen: 411121K->93684K(465920K)] 1203190K->885897K(1408512K), 0.0122897 secs] [Times: user=0.02 sys=0.00, real=0.01 secs] 
235.751: [GC (Allocation Failure) [PSYoungGen: 326644K->37877K(465920K)] 1118857K->830301K(1408512K), 0.0075768 secs] [Times: user=0.02 sys=0.00, real=0.01 secs] 
236.057: [GC (Allocation Failure) [PSYoungGen: 270837K->184976K(465920K)] 1063261K->978654K(1408512K), 0.0203926 secs] [Times: user=0.03 sys=0.00, real=0.02 secs] 
236.340: [GC (Allocation Failure) [PSYoungGen: 417936K->184687K(465920K)] 1211614K->978766K(1408512K), 0.0204580 secs] [Times: user=0.03 sys=0.00, real=0.02 secs] 
237.014: [GC (Allocation Failure) [PSYoungGen: 406567K->91242K(465920K)] 1200646K->885467K(1408512K), 0.0112184 secs] [Times: user=0.02 sys=0.00, real=0.01 secs] 
237.877: [GC (Allocation Failure) [PSYoungGen: 324202K->37906K(465920K)] 1118427K->832446K(1408512K), 0.0065430 secs] [Times: user=0.01 sys=0.00, real=0.01 secs] 
238.214: [GC (Allocation Failure) [PSYoungGen: 270866K->183658K(465920K)] 1065406K->979460K(1408512K), 0.0203199 secs] [Times: user=0.02 sys=0.00, real=0.02 secs] 
238.550: [GC (Allocation Failure) [PSYoungGen: 416618K->184430K(465920K)] 1212420K->980504K(1408512K), 0.0203546 secs] [Times: user=0.02 sys=0.00, real=0.02 secs] 
240.616: [GC (Allocation Failure) [PSYoungGen: 408486K->92785K(465920K)] 1204561K->889132K(1408512K), 0.0245580 secs] [Times: user=0.05 sys=0.00, real=0.02 secs] 
243.304: [GC (Allocation Failure) [PSYoungGen: 325745K->37456K(465920K)] 1122092K->834117K(1408512K), 0.0071362 secs] [Times: user=0.02 sys=0.00, real=0.00 secs] 
243.680: [GC (Allocation Failure) [PSYoungGen: 270416K->184590K(465920K)] 1067077K->982505K(1408512K), 0.0205028 secs] [Times: user=0.03 sys=0.00, real=0.02 secs] 
244.030: [GC (Allocation Failure) [PSYoungGen: 417550K->186293K(465920K)] 1215465K->984481K(1408512K), 0.0205668 secs] [Times: user=0.03 sys=0.00, real=0.02 secs] 
245.302: [GC (Allocation Failure) [PSYoungGen: 407443K->90359K(465920K)] 1205631K->888820K(1408512K), 0.0142664 secs] [Times: user=0.03 sys=0.00, real=0.02 secs] 
246.547: [GC (Allocation Failure) [PSYoungGen: 323319K->37845K(465920K)] 1121780K->836629K(1408512K), 0.0059518 secs] [Times: user=0.02 sys=0.00, real=0.01 secs] 
246.817: [GC (Allocation Failure) [PSYoungGen: 270805K->186389K(465920K)] 1069589K->986556K(1408512K), 0.0204470 secs] [Times: user=0.03 sys=0.00, real=0.02 secs] 
247.102: [GC (Allocation Failure) [PSYoungGen: 419349K->186100K(465920K)] 1219516K->986412K(1408512K), 0.0204226 secs] [Times: user=0.03 sys=0.00, real=0.02 secs] 
248.306: [GC (Allocation Failure) [PSYoungGen: 405429K->88431K(465920K)] 1205740K->889136K(1408512K), 0.0260098 secs] [Times: user=0.06 sys=0.00, real=0.02 secs] 
249.946: [GC (Allocation Failure) [PSYoungGen: 321391K->37842K(465920K)] 1122096K->838734K(1408512K), 0.0066803 secs] [Times: user=0.02 sys=0.00, real=0.01 secs] 
250.230: [GC (Allocation Failure) [PSYoungGen: 270802K->184205K(465920K)] 1071694K->986350K(1408512K), 0.0203470 secs] [Times: user=0.03 sys=0.00, real=0.02 secs] 
250.512: [GC (Allocation Failure) [PSYoungGen: 417165K->184430K(465920K)] 1219310K->986977K(1408512K), 0.0202821 secs] [Times: user=0.03 sys=0.00, real=0.02 secs] 
251.922: [GC (Allocation Failure) [PSYoungGen: 408042K->92287K(465920K)] 1210589K->894978K(1408512K), 0.0151595 secs] [Times: user=0.03 sys=0.00, real=0.01 secs] 
254.250: [GC (Allocation Failure) [PSYoungGen: 325247K->37328K(465920K)] 1127938K->840325K(1408512K), 0.0086722 secs] [Times: user=0.02 sys=0.00, real=0.01 secs] 
254.655: [GC (Allocation Failure) [PSYoungGen: 270288K->184687K(465920K)] 1073285K->988922K(1408512K), 0.0204738 secs] [Times: user=0.03 sys=0.00, real=0.02 secs] 
254.938: [GC (Allocation Failure) [PSYoungGen: 417647K->183658K(465920K)] 1221882K->988167K(1408512K), 0.0202090 secs] [Times: user=0.02 sys=0.00, real=0.02 secs] 
255.668: [GC (Allocation Failure) [PSYoungGen: 409083K->92978K(465920K)] 1213591K->897759K(1408512K), 0.0123662 secs] [Times: user=0.02 sys=0.01, real=0.01 secs] 
256.505: [GC (Allocation Failure) [PSYoungGen: 325938K->37909K(465920K)] 1130719K->843006K(1408512K), 0.0057022 secs] [Times: user=0.02 sys=0.00, real=0.00 secs] 
256.773: [GC (Allocation Failure) [PSYoungGen: 270869K->184044K(465920K)] 1075966K->990387K(1408512K), 0.0202510 secs] [Times: user=0.03 sys=0.00, real=0.02 secs] 
257.114: [GC (Allocation Failure) [PSYoungGen: 417004K->184590K(465920K)] 1223347K->991206K(1408512K), 0.0202607 secs] [Times: user=0.02 sys=0.00, real=0.02 secs] 
258.274: [GC (Allocation Failure) [PSYoungGen: 409691K->92287K(465920K)] 1216307K->899304K(1408512K), 0.0149490 secs] [Times: user=0.03 sys=0.00, real=0.01 secs] 
259.866: [GC (Allocation Failure) [PSYoungGen: 325247K->37748K(465920K)] 1132264K->844945K(1408512K), 0.0066245 secs] [Times: user=0.02 sys=0.00, real=0.01 secs] 
260.147: [GC (Allocation Failure) [PSYoungGen: 270708K->184687K(465920K)] 1077905K->993121K(1408512K), 0.0204468 secs] [Times: user=0.02 sys=0.00, real=0.02 secs] 
260.432: [GC (Allocation Failure) [PSYoungGen: 417647K->184655K(465920K)] 1226081K->993362K(1408512K), 0.0204505 secs] [Times: user=0.02 sys=0.00, real=0.02 secs] 
261.565: [GC (Allocation Failure) [PSYoungGen: 407212K->91596K(465920K)] 1215919K->900568K(1408512K), 0.0165609 secs] [Times: user=0.03 sys=0.00, real=0.01 secs] 
262.360: [GC (Allocation Failure) [PSYoungGen: 324556K->38259K(465920K)] 1133528K->847537K(1408512K), 0.0056934 secs] [Times: user=0.02 sys=0.00, real=0.01 secs] 
262.628: [GC (Allocation Failure) [PSYoungGen: 271219K->184687K(465920K)] 1080497K->995331K(1408512K), 0.0204251 secs] [Times: user=0.02 sys=0.00, real=0.02 secs] 
262.911: [GC (Allocation Failure) [PSYoungGen: 417647K->184719K(465920K)] 1228291K->995507K(1408512K), 0.0203254 secs] [Times: user=0.03 sys=0.00, real=0.02 secs] 
264.502: [GC (Allocation Failure) [PSYoungGen: 409344K->91082K(465920K)] 1220133K->902136K(1408512K), 0.0162564 secs] [Times: user=0.03 sys=0.00, real=0.02 secs] 
266.101: [GC (Allocation Failure) [PSYoungGen: 324042K->36977K(465920K)] 1135096K->848339K(1408512K), 0.0066246 secs] [Times: user=0.01 sys=0.00, real=0.01 secs] 
266.386: [GC (Allocation Failure) [PSYoungGen: 269937K->183787K(465920K)] 1081299K->996394K(1408512K), 0.0203549 secs] [Times: user=0.02 sys=0.00, real=0.02 secs] 
266.727: [GC (Allocation Failure) [PSYoungGen: 416747K->183273K(465920K)] 1229354K->996153K(1408512K), 0.0203819 secs] [Times: user=0.03 sys=0.00, real=0.02 secs] 
267.947: [GC (Allocation Failure) [PSYoungGen: 410095K->94729K(465920K)] 1222975K->907890K(1408512K), 0.0133216 secs] [Times: user=0.02 sys=0.00, real=0.01 secs] 
269.538: [GC (Allocation Failure) [PSYoungGen: 327689K->37713K(465920K)] 1140850K->851190K(1408512K), 0.0068522 secs] [Times: user=0.01 sys=0.00, real=0.01 secs] 
269.826: [GC (Allocation Failure) [PSYoungGen: 270673K->184173K(465920K)] 1084150K->998887K(1408512K), 0.0204897 secs] [Times: user=0.03 sys=0.00, real=0.02 secs] 
270.112: [GC (Allocation Failure) [PSYoungGen: 417133K->184815K(465920K)] 1231847K->999811K(1408512K), 0.0205393 secs] [Times: user=0.03 sys=0.00, real=0.03 secs] 
272.109: [GC (Allocation Failure) [PSYoungGen: 408261K->92062K(465920K)] 1223256K->907330K(1408512K), 0.0320098 secs] [Times: user=0.07 sys=0.00, real=0.03 secs] 
274.291: [GC (Allocation Failure) [PSYoungGen: 325022K->37713K(465920K)] 1140290K->853282K(1408512K), 0.0078519 secs] [Times: user=0.02 sys=0.00, real=0.01 secs] 
274.597: [GC (Allocation Failure) [PSYoungGen: 270673K->184301K(465920K)] 1086242K->1001107K(1408512K), 0.0203564 secs] [Times: user=0.03 sys=0.00, real=0.02 secs] 
274.935: [GC (Allocation Failure) [PSYoungGen: 417261K->184205K(465920K)] 1234067K->1001284K(1408512K), 0.0205643 secs] [Times: user=0.03 sys=0.00, real=0.02 secs] 
276.306: [GC (Allocation Failure) [PSYoungGen: 409339K->92512K(465920K)] 1226418K->909984K(1408512K), 0.0205250 secs] [Times: user=0.04 sys=0.00, real=0.02 secs] 
278.144: [GC (Allocation Failure) [PSYoungGen: 325472K->37780K(465920K)] 1142944K->855424K(1408512K), 0.0071114 secs] [Times: user=0.02 sys=0.00, real=0.00 secs] 
278.445: [GC (Allocation Failure) [PSYoungGen: 270740K->184687K(465920K)] 1088384K->1003576K(1408512K), 0.0202553 secs] [Times: user=0.03 sys=0.00, real=0.02 secs] 
278.784: [GC (Allocation Failure) [PSYoungGen: 417647K->184719K(465920K)] 1236536K->1003881K(1408512K), 0.0203866 secs] [Times: user=0.02 sys=0.00, real=0.02 secs] 
281.035: [GC (Allocation Failure) [PSYoungGen: 407296K->91612K(465920K)] 1226459K->911048K(1408512K), 0.0196427 secs] [Times: user=0.04 sys=0.00, real=0.02 secs] 
282.201: [GC (Allocation Failure) [PSYoungGen: 324572K->37813K(465920K)] 1144008K->857554K(1408512K), 0.0109951 secs] [Times: user=0.03 sys=0.00, real=0.01 secs] 
282.566: [GC (Allocation Failure) [PSYoungGen: 270773K->183787K(465920K)] 1090514K->1004766K(1408512K), 0.0203419 secs] [Times: user=0.03 sys=0.00, real=0.02 secs] 
282.901: [GC (Allocation Failure) [PSYoungGen: 416747K->184398K(465920K)] 1237726K->1005650K(1408512K), 0.0203450 secs] [Times: user=0.03 sys=0.00, real=0.02 secs] 
283.642: [GC (Allocation Failure) [PSYoungGen: 409633K->92672K(465920K)] 1230885K->914189K(1408512K), 0.0124414 secs] [Times: user=0.03 sys=0.00, real=0.02 secs] 
284.523: [GC (Allocation Failure) [PSYoungGen: 325632K->37970K(465920K)] 1147149K->859795K(1408512K), 0.0055772 secs] [Times: user=0.01 sys=0.00, real=0.00 secs] 
284.793: [GC (Allocation Failure) [PSYoungGen: 270930K->184687K(465920K)] 1092755K->1007749K(1408512K), 0.0203782 secs] [Times: user=0.03 sys=0.00, real=0.02 secs] 
285.079: [GC (Allocation Failure) [PSYoungGen: 417647K->184719K(465920K)] 1240709K->1008183K(1408512K), 0.0208311 secs] [Times: user=0.03 sys=0.00, real=0.02 secs] 
286.494: [GC (Allocation Failure) [PSYoungGen: 407160K->91371K(465920K)] 1230624K->915108K(1408512K), 0.0148538 secs] [Times: user=0.03 sys=0.00, real=0.01 secs] 
287.857: [GC (Allocation Failure) [PSYoungGen: 324331K->37716K(465920K)] 1148068K->861625K(1408512K), 0.0065169 secs] [Times: user=0.02 sys=0.00, real=0.01 secs] 
288.132: [GC (Allocation Failure) [PSYoungGen: 270676K->184719K(465920K)] 1094585K->1009889K(1408512K), 0.0203139 secs] [Times: user=0.03 sys=0.00, real=0.02 secs] 
288.414: [GC (Allocation Failure) [PSYoungGen: 417679K->184687K(465920K)] 1242849K->1010130K(1408512K), 0.0203784 secs] [Times: user=0.03 sys=0.00, real=0.02 secs] 
289.537: [GC (Allocation Failure) [PSYoungGen: 407234K->91660K(465920K)] 1232677K->917368K(1408512K), 0.0193404 secs] [Times: user=0.04 sys=0.00, real=0.02 secs] 
291.196: [GC (Allocation Failure) [PSYoungGen: 324620K->37716K(465920K)] 1150328K->863732K(1408512K), 0.0068243 secs] [Times: user=0.01 sys=0.00, real=0.01 secs] 
291.542: [GC (Allocation Failure) [PSYoungGen: 270676K->183787K(465920K)] 1096692K->1011049K(1408512K), 0.0204748 secs] [Times: user=0.03 sys=0.00, real=0.02 secs] 
291.825: [GC (Allocation Failure) [PSYoungGen: 416747K->184462K(465920K)] 1244009K->1011996K(1408512K), 0.0205920 secs] [Times: user=0.03 sys=0.00, real=0.02 secs] 
293.293: [GC (Allocation Failure) [PSYoungGen: 409694K->92801K(465920K)] 1237229K->920609K(1408512K), 0.0161281 secs] [Times: user=0.04 sys=0.00, real=0.01 secs] 
295.353: [GC (Allocation Failure) [PSYoungGen: 325761K->37328K(465920K)] 1153569K->865443K(1408512K), 0.0070132 secs] [Times: user=0.02 sys=0.00, real=0.00 secs] 
295.643: [GC (Allocation Failure) [PSYoungGen: 270288K->184687K(465920K)] 1098403K->1014040K(1408512K), 0.0203730 secs] [Times: user=0.03 sys=0.00, real=0.02 secs] 
295.989: [GC (Allocation Failure) [PSYoungGen: 417647K->184687K(465920K)] 1247000K->1014441K(1408512K), 0.0204360 secs] [Times: user=0.03 sys=0.00, real=0.02 secs] 
297.317: [GC (Allocation Failure) [PSYoungGen: 409691K->92030K(465920K)] 1239445K->922049K(1408512K), 0.0158008 secs] [Times: user=0.03 sys=0.00, real=0.02 secs] 
299.289: [GC (Allocation Failure) [PSYoungGen: 324990K->37620K(465920K)] 1155009K->867819K(1408512K), 0.0077559 secs] [Times: user=0.02 sys=0.00, real=0.01 secs] 
299.596: [GC (Allocation Failure) [PSYoungGen: 270580K->184173K(465920K)] 1100779K->1015617K(1408512K), 0.0203954 secs] [Times: user=0.03 sys=0.00, real=0.02 secs] 
299.940: [GC (Allocation Failure) [PSYoungGen: 417133K->183658K(465920K)] 1248577K->1015376K(1408512K), 0.0207023 secs] [Times: user=0.03 sys=0.00, real=0.02 secs] 
300.631: [GC (Allocation Failure) [PSYoungGen: 410605K->93315K(465920K)] 1242323K->925306K(1408512K), 0.0127742 secs] [Times: user=0.02 sys=0.00, real=0.02 secs] 
301.720: [GC (Allocation Failure) [PSYoungGen: 326275K->38005K(465920K)] 1158266K->870302K(1408512K), 0.0065780 secs] [Times: user=0.01 sys=0.00, real=0.01 secs] 
301.993: [GC (Allocation Failure) [PSYoungGen: 270965K->184430K(465920K)] 1103262K->1017964K(1408512K), 0.0204277 secs] [Times: user=0.03 sys=0.00, real=0.02 secs] 
302.330: [GC (Allocation Failure) [PSYoungGen: 417390K->183787K(465920K)] 1250924K->1017594K(1408512K), 0.0203753 secs] [Times: user=0.03 sys=0.00, real=0.02 secs] 
304.351: [GC (Allocation Failure) [PSYoungGen: 408688K->92528K(465920K)] 1242495K->926736K(1408512K), 0.0135682 secs] [Times: user=0.03 sys=0.00, real=0.02 secs] 
306.555: [GC (Allocation Failure) [PSYoungGen: 325488K->37299K(465920K)] 1159696K->871676K(1408512K), 0.0067765 secs] [Times: user=0.02 sys=0.00, real=0.00 secs] 
306.838: [GC (Allocation Failure) [PSYoungGen: 270259K->184044K(465920K)] 1104636K->1019659K(1408512K), 0.0204660 secs] [Times: user=0.03 sys=0.00, real=0.02 secs] 
307.122: [GC (Allocation Failure) [PSYoungGen: 417004K->184558K(465920K)] 1252619K->1020447K(1408512K), 0.0203758 secs] [Times: user=0.02 sys=0.00, real=0.02 secs] 
307.826: [GC (Allocation Failure) [PSYoungGen: 409658K->92801K(465920K)] 1245547K->929091K(1408512K), 0.0121308 secs] [Times: user=0.02 sys=0.00, real=0.01 secs] 
308.662: [GC (Allocation Failure) [PSYoungGen: 325761K->37973K(465920K)] 1162051K->874445K(1408512K), 0.0057743 secs] [Times: user=0.01 sys=0.00, real=0.01 secs] 
308.932: [GC (Allocation Failure) [PSYoungGen: 270933K->184719K(465920K)] 1107405K->1022444K(1408512K), 0.0206228 secs] [Times: user=0.03 sys=0.00, real=0.02 secs] 
309.271: [GC (Allocation Failure) [PSYoungGen: 417679K->184655K(465920K)] 1255404K->1022653K(1408512K), 0.0203782 secs] [Times: user=0.02 sys=0.00, real=0.02 secs] 
309.974: [GC (Allocation Failure) [PSYoungGen: 407222K->91355K(465920K)] 1245221K->929626K(1408512K), 0.0119890 secs] [Times: user=0.02 sys=0.00, real=0.01 secs] 
311.521: [GC (Allocation Failure) [PSYoungGen: 324315K->37973K(465920K)] 1162586K->876566K(1408512K), 0.0068252 secs] [Times: user=0.02 sys=0.00, real=0.01 secs] 
311.806: [GC (Allocation Failure) [PSYoungGen: 270933K->183916K(465920K)] 1109526K->1023746K(1408512K), 0.0205686 secs] [Times: user=0.03 sys=0.00, real=0.02 secs] 
312.092: [GC (Allocation Failure) [PSYoungGen: 416876K->184462K(465920K)] 1256706K->1024565K(1408512K), 0.0204028 secs] [Times: user=0.03 sys=0.00, real=0.03 secs] 
313.766: [GC (Allocation Failure) [PSYoungGen: 408179K->92447K(465920K)] 1248282K->932824K(1408512K), 0.0120621 secs] [Times: user=0.03 sys=0.00, real=0.01 secs] 
315.126: [GC (Allocation Failure) [PSYoungGen: 325407K->37459K(465920K)] 1165784K->878152K(1408512K), 0.0056957 secs] [Times: user=0.01 sys=0.01, real=0.00 secs] 
315.397: [GC (Allocation Failure) [PSYoungGen: 270419K->184815K(465920K)] 1111112K->1026754K(1408512K), 0.0205033 secs] [Times: user=0.03 sys=0.00, real=0.02 secs] 
315.684: [GC (Allocation Failure) [PSYoungGen: 417775K->183755K(465920K)] 1259714K->1025966K(1408512K), 0.0202294 secs] [Times: user=0.03 sys=0.00, real=0.02 secs] 
316.868: [GC (Allocation Failure) [PSYoungGen: 409270K->92608K(465920K)] 1251482K->935085K(1408512K), 0.0212420 secs] [Times: user=0.04 sys=0.00, real=0.02 secs] 
318.218: [GC (Allocation Failure) [PSYoungGen: 325568K->38037K(465920K)] 1168045K->880827K(1408512K), 0.0073365 secs] [Times: user=0.01 sys=0.00, real=0.01 secs] 
318.506: [GC (Allocation Failure) [PSYoungGen: 270997K->184590K(465920K)] 1113787K->1028771K(1408512K), 0.0205695 secs] [Times: user=0.03 sys=0.01, real=0.02 secs] 
318.792: [GC (Allocation Failure) [PSYoungGen: 417550K->184623K(465920K)] 1261731K->1028948K(1408512K), 0.0203064 secs] [Times: user=0.03 sys=0.00, real=0.02 secs] 
319.720: [GC (Allocation Failure) [PSYoungGen: 407071K->91516K(465920K)] 1251396K->936234K(1408512K), 0.0133158 secs] [Times: user=0.03 sys=0.00, real=0.02 secs] 
321.236: [GC (Allocation Failure) [PSYoungGen: 324476K->37716K(465920K)] 1169194K->882622K(1408512K), 0.0079197 secs] [Times: user=0.02 sys=0.00, real=0.01 secs] 
321.539: [GC (Allocation Failure) [PSYoungGen: 270676K->183787K(465920K)] 1115582K->1029946K(1408512K), 0.0204979 secs] [Times: user=0.03 sys=0.00, real=0.02 secs] 
321.822: [GC (Allocation Failure) [PSYoungGen: 416747K->184462K(465920K)] 1262906K->1030886K(1408512K), 0.0205700 secs] [Times: user=0.03 sys=0.00, real=0.03 secs] 
322.534: [GC (Allocation Failure) [PSYoungGen: 409697K->92737K(465920K)] 1256121K->939434K(1408512K), 0.0115383 secs] [Times: user=0.02 sys=0.00, real=0.01 secs] 
324.520: [GC (Allocation Failure) [PSYoungGen: 325697K->37713K(465920K)] 1172394K->884726K(1408512K), 0.0069959 secs] [Times: user=0.02 sys=0.00, real=0.01 secs] 
324.807: [GC (Allocation Failure) [PSYoungGen: 270673K->184655K(465920K)] 1117686K->1032921K(1408512K), 0.0203721 secs] [Times: user=0.03 sys=0.00, real=0.02 secs] 
325.152: [GC (Allocation Failure) [PSYoungGen: 417615K->184655K(465920K)] 1265881K->1033323K(1408512K), 0.0204171 secs] [Times: user=0.03 sys=0.00, real=0.02 secs] 
326.111: [GC (Allocation Failure) [PSYoungGen: 407351K->91580K(465920K)] 1256020K->940521K(1408512K), 0.0124396 secs] [Times: user=0.02 sys=0.00, real=0.02 secs] 
327.013: [GC (Allocation Failure) [PSYoungGen: 324540K->38005K(465920K)] 1173481K->887132K(1408512K), 0.0078738 secs] [Times: user=0.02 sys=0.00, real=0.00 secs] 
327.317: [GC (Allocation Failure) [PSYoungGen: 270965K->183787K(465920K)] 1120092K->1034159K(1408512K), 0.0204127 secs] [Times: user=0.03 sys=0.01, real=0.02 secs] 
327.600: [GC (Allocation Failure) [PSYoungGen: 416747K->184751K(465920K)] 1267119K->1035396K(1408512K), 0.0205097 secs] [Times: user=0.03 sys=0.00, real=0.02 secs] 
328.282: [GC (Allocation Failure) [PSYoungGen: 410166K->92287K(465920K)] 1260811K->943213K(1408512K), 0.0129558 secs] [Times: user=0.02 sys=0.00, real=0.02 secs] 
329.137: [GC (Allocation Failure) [PSYoungGen: 325247K->38099K(465920K)] 1176173K->889339K(1408512K), 0.0072837 secs] [Times: user=0.02 sys=0.00, real=0.01 secs] 
329.425: [GC (Allocation Failure) [PSYoungGen: 271059K->184655K(465920K)] 1122299K->1037277K(1408512K), 0.0206594 secs] [Times: user=0.03 sys=0.00, real=0.02 secs] 
329.707: [GC (Allocation Failure) [PSYoungGen: 417615K->184398K(465920K)] 1270237K->1037164K(1408512K), 0.0205137 secs] [Times: user=0.03 sys=0.00, real=0.02 secs] 
330.686: [GC (Allocation Failure) [PSYoungGen: 406713K->91452K(465920K)] 1259479K->944483K(1408512K), 0.0165807 secs] [Times: user=0.03 sys=0.00, real=0.02 secs] 
332.315: [GC (Allocation Failure) [PSYoungGen: 324412K->37877K(465920K)] 1177443K->891216K(1408512K), 0.0086623 secs] [Times: user=0.02 sys=0.00, real=0.01 secs] 
332.640: [GC (Allocation Failure) [PSYoungGen: 270837K->184398K(465920K)] 1124176K->1039119K(1408512K), 0.0204586 secs] [Times: user=0.03 sys=0.00, real=0.02 secs] 
332.974: [GC (Allocation Failure) [PSYoungGen: 417358K->184590K(465920K)] 1272079K->1039456K(1408512K), 0.0203384 secs] [Times: user=0.03 sys=0.00, real=0.02 secs] 
333.894: [GC (Allocation Failure) [PSYoungGen: 407144K->91869K(465920K)] 1262010K->947000K(1408512K), 0.0163899 secs] [Times: user=0.03 sys=0.00, real=0.01 secs] 
335.595: [GC (Allocation Failure) [PSYoungGen: 324829K->37585K(465920K)] 1179960K->893024K(1408512K), 0.0073079 secs] [Times: user=0.02 sys=0.00, real=0.01 secs] 
335.892: [GC (Allocation Failure) [PSYoungGen: 270545K->184719K(465920K)] 1125984K->1041411K(1408512K), 0.0206060 secs] [Times: user=0.03 sys=0.00, real=0.03 secs] 
336.173: [GC (Allocation Failure) [PSYoungGen: 417679K->183658K(465920K)] 1274371K->1040624K(1408512K), 0.0202831 secs] [Times: user=0.03 sys=0.00, real=0.02 secs] 
337.745: [GC (Allocation Failure) [PSYoungGen: 409111K->92801K(465920K)] 1266077K->950040K(1408512K), 0.0171005 secs] [Times: user=0.03 sys=0.00, real=0.02 secs] 
339.159: [GC (Allocation Failure) [PSYoungGen: 325761K->37877K(465920K)] 1183000K->895432K(1408512K), 0.0067086 secs] [Times: user=0.02 sys=0.00, real=0.01 secs] 
339.431: [GC (Allocation Failure) [PSYoungGen: 270837K->183948K(465920K)] 1128392K->1042740K(1408512K), 0.0204514 secs] [Times: user=0.03 sys=0.00, real=0.02 secs] 
339.774: [GC (Allocation Failure) [PSYoungGen: 416908K->184687K(465920K)] 1275700K->1043744K(1408512K), 0.0204924 secs] [Times: user=0.03 sys=0.00, real=0.02 secs] 
341.070: [GC (Allocation Failure) [PSYoungGen: 410156K->92255K(465920K)] 1269214K->951577K(1408512K), 0.0141240 secs] [Times: user=0.03 sys=0.00, real=0.02 secs] 
342.580: [GC (Allocation Failure) [PSYoungGen: 325215K->37748K(465920K)] 1184537K->897376K(1408512K), 0.0067211 secs] [Times: user=0.02 sys=0.01, real=0.01 secs] 
342.854: [GC (Allocation Failure) [PSYoungGen: 270708K->184558K(465920K)] 1130336K->1045440K(1408512K), 0.0204257 secs] [Times: user=0.03 sys=0.00, real=0.02 secs] 
343.191: [GC (Allocation Failure) [PSYoungGen: 417518K->184269K(465920K)] 1278400K->1045424K(1408512K), 0.0204350 secs] [Times: user=0.03 sys=0.00, real=0.02 secs] 
343.899: [GC (Allocation Failure) [PSYoungGen: 409140K->92142K(465920K)] 1270295K->953570K(1408512K), 0.0112306 secs] [Times: user=0.02 sys=0.00, real=0.01 secs] 
344.706: [GC (Allocation Failure) [PSYoungGen: 325102K->37845K(465920K)] 1186530K->899586K(1408512K), 0.0057915 secs] [Times: user=0.01 sys=0.00, real=0.00 secs] 
344.976: [GC (Allocation Failure) [PSYoungGen: 270805K->184141K(465920K)] 1132546K->1047128K(1408512K), 0.0203730 secs] [Times: user=0.03 sys=0.00, real=0.02 secs] 
345.262: [GC (Allocation Failure) [PSYoungGen: 417101K->184783K(465920K)] 1280088K->1048044K(1408512K), 0.0205005 secs] [Times: user=0.02 sys=0.00, real=0.03 secs] 
345.885: [GC (Allocation Failure) [PSYoungGen: 407735K->91885K(465920K)] 1270995K->955419K(1408512K), 0.0109676 secs] [Times: user=0.02 sys=0.00, real=0.01 secs] 
346.680: [GC (Allocation Failure) [PSYoungGen: 324845K->37973K(465920K)] 1188379K->901823K(1408512K), 0.0057071 secs] [Times: user=0.01 sys=0.00, real=0.01 secs] 
346.949: [GC (Allocation Failure) [PSYoungGen: 270933K->184590K(465920K)] 1134783K->1049685K(1408512K), 0.0205348 secs] [Times: user=0.03 sys=0.00, real=0.02 secs] 
347.232: [GC (Allocation Failure) [PSYoungGen: 417550K->184623K(465920K)] 1282645K->1049991K(1408512K), 0.0203788 secs] [Times: user=0.03 sys=0.00, real=0.02 secs] 
347.848: [GC (Allocation Failure) [PSYoungGen: 407231K->91548K(465920K)] 1272600K->957189K(1408512K), 0.0110216 secs] [Times: user=0.02 sys=0.00, real=0.01 secs] 
348.673: [GC (Allocation Failure) [PSYoungGen: 324508K->38002K(465920K)] 1190149K->903952K(1408512K), 0.0056888 secs] [Times: user=0.01 sys=0.00, real=0.00 secs] 
349.003: [GC (Allocation Failure) [PSYoungGen: 270962K->184655K(465920K)] 1136912K->1051978K(1408512K), 0.0205518 secs] [Times: user=0.03 sys=0.00, real=0.02 secs] 
349.290: [GC (Allocation Failure) [PSYoungGen: 417615K->184655K(465920K)] 1284938K->1052131K(1408512K), 0.0203321 secs] [Times: user=0.03 sys=0.00, real=0.02 secs] 
350.309: [GC (Allocation Failure) [PSYoungGen: 407216K->91355K(465920K)] 1274692K->959104K(1408512K), 0.0131072 secs] [Times: user=0.03 sys=0.00, real=0.01 secs] 
351.138: [GC (Allocation Failure) [PSYoungGen: 324315K->38230K(465920K)] 1192064K->906295K(1408512K), 0.0057711 secs] [Times: user=0.01 sys=0.00, real=0.01 secs] 
351.407: [GC (Allocation Failure) [PSYoungGen: 271190K->184687K(465920K)] 1139255K->1054134K(1408512K), 0.0204720 secs] [Times: user=0.03 sys=0.00, real=0.02 secs] 
351.689: [GC (Allocation Failure) [PSYoungGen: 417647K->184687K(465920K)] 1287094K->1054278K(1408512K), 0.0203445 secs] [Times: user=0.03 sys=0.00, real=0.02 secs] 
353.100: [GC (Allocation Failure) [PSYoungGen: 406982K->91098K(465920K)] 1276574K->960955K(1408512K), 0.0146874 secs] [Times: user=0.03 sys=0.00, real=0.02 secs] 
354.859: [GC (Allocation Failure) [PSYoungGen: 324058K->37877K(465920K)] 1193915K->908050K(1408512K), 0.0073045 secs] [Times: user=0.02 sys=0.00, real=0.01 secs] 
355.155: [GC (Allocation Failure) [PSYoungGen: 270837K->184687K(465920K)] 1141010K->1056242K(1408512K), 0.0206472 secs] [Times: user=0.03 sys=0.00, real=0.02 secs] 
355.441: [GC (Allocation Failure) [PSYoungGen: 417647K->184623K(465920K)] 1289202K->1056322K(1408512K), 0.0204391 secs] [Times: user=0.03 sys=0.00, real=0.02 secs] 
356.633: [GC (Allocation Failure) [PSYoungGen: 407180K->91516K(465920K)] 1278880K->963480K(1408512K), 0.0153727 secs] [Times: user=0.03 sys=0.00, real=0.01 secs] 
358.564: [GC (Allocation Failure) [PSYoungGen: 324476K->38005K(465920K)] 1196440K->910284K(1408512K), 0.0083475 secs] [Times: user=0.02 sys=0.00, real=0.00 secs] 
358.884: [GC (Allocation Failure) [PSYoungGen: 270965K->184719K(465920K)] 1143244K->1058379K(1408512K), 0.0207108 secs] [Times: user=0.03 sys=0.00, real=0.02 secs] 
359.175: [GC (Allocation Failure) [PSYoungGen: 417679K->184655K(465920K)] 1291339K->1058460K(1408512K), 0.0205065 secs] [Times: user=0.02 sys=0.00, real=0.02 secs] 
360.414: [GC (Allocation Failure) [PSYoungGen: 407216K->91419K(465920K)] 1281021K->965489K(1408512K), 0.0264377 secs] [Times: user=0.05 sys=0.00, real=0.02 secs] 
362.053: [GC (Allocation Failure) [PSYoungGen: 324379K->37845K(465920K)] 1198449K->912220K(1408512K), 0.0098073 secs] [Times: user=0.03 sys=0.00, real=0.01 secs] 
362.412: [GC (Allocation Failure) [PSYoungGen: 270805K->184655K(465920K)] 1145180K->1060405K(1408512K), 0.0205500 secs] [Times: user=0.03 sys=0.00, real=0.03 secs] 
362.751: [GC (Allocation Failure) [PSYoungGen: 417615K->184655K(465920K)] 1293365K->1060549K(1408512K), 0.0205123 secs] [Times: user=0.03 sys=0.00, real=0.02 secs] 
363.385: [GC (Allocation Failure) [PSYoungGen: 407216K->91484K(465920K)] 1283110K->967643K(1408512K), 0.0127060 secs] [Times: user=0.02 sys=0.00, real=0.01 secs] 
364.723: [GC (Allocation Failure) [PSYoungGen: 324444K->37842K(465920K)] 1200603K->914317K(1408512K), 0.0071935 secs] [Times: user=0.02 sys=0.00, real=0.00 secs] 
365.087: [GC (Allocation Failure) [PSYoungGen: 270802K->184687K(465920K)] 1147277K->1062399K(1408512K), 0.0209501 secs] [Times: user=0.03 sys=0.00, real=0.02 secs] 
365.374: [GC (Allocation Failure) [PSYoungGen: 417647K->184687K(465920K)] 1295359K->1062673K(1408512K), 0.0204118 secs] [Times: user=0.03 sys=0.00, real=0.02 secs] 
366.572: [GC (Allocation Failure) [PSYoungGen: 407233K->91452K(465920K)] 1285219K->969702K(1408512K), 0.0163654 secs] [Times: user=0.04 sys=0.00, real=0.02 secs] 
368.067: [GC (Allocation Failure) [PSYoungGen: 324412K->37909K(465920K)] 1202662K->916461K(1408512K), 0.0072496 secs] [Times: user=0.02 sys=0.00, real=0.01 secs] 
368.430: [GC (Allocation Failure) [PSYoungGen: 270869K->184687K(465920K)] 1149421K->1064621K(1408512K), 0.0206416 secs] [Times: user=0.03 sys=0.00, real=0.02 secs] 
368.718: [GC (Allocation Failure) [PSYoungGen: 417647K->184687K(465920K)] 1297581K->1064774K(1408512K), 0.0208098 secs] [Times: user=0.03 sys=0.00, real=0.02 secs] 
370.562: [GC (Allocation Failure) [PSYoungGen: 407247K->91452K(465920K)] 1287334K->971812K(1408512K), 0.0284008 secs] [Times: user=0.07 sys=0.00, real=0.03 secs] 
372.540: [GC (Allocation Failure) [PSYoungGen: 324412K->37877K(465920K)] 1204772K->918545K(1408512K), 0.0074060 secs] [Times: user=0.02 sys=0.00, real=0.01 secs] 
372.834: [GC (Allocation Failure) [PSYoungGen: 270837K->183787K(465920K)] 1151505K->1065693K(1408512K), 0.0203895 secs] [Times: user=0.02 sys=0.00, real=0.02 secs] 
373.118: [GC (Allocation Failure) [PSYoungGen: 416747K->184398K(465920K)] 1298653K->1066585K(1408512K), 0.0203850 secs] [Times: user=0.03 sys=0.00, real=0.02 secs] 
374.291: [GC (Allocation Failure) [PSYoungGen: 409620K->92608K(465920K)] 1291807K->975060K(1408512K), 0.0148981 secs] [Times: user=0.03 sys=0.00, real=0.02 secs] 
376.039: [GC (Allocation Failure) [PSYoungGen: 325568K->37748K(465920K)] 1208020K->920514K(1408512K), 0.0071522 secs] [Times: user=0.02 sys=0.00, real=0.01 secs] 
376.327: [GC (Allocation Failure) [PSYoungGen: 270708K->184687K(465920K)] 1153474K->1068690K(1408512K), 0.0206203 secs] [Times: user=0.03 sys=0.00, real=0.02 secs] 
376.667: [GC (Allocation Failure) [PSYoungGen: 417647K->184751K(465920K)] 1301650K->1069156K(1408512K), 0.0205594 secs] [Times: user=0.03 sys=0.00, real=0.02 secs] 
377.810: [GC (Allocation Failure) [PSYoungGen: 407477K->91644K(465920K)] 1291882K->976330K(1408512K), 0.0127797 secs] [Times: user=0.03 sys=0.00, real=0.02 secs] 
379.545: [GC (Allocation Failure) [PSYoungGen: 324604K->37459K(465920K)] 1209290K->922330K(1408512K), 0.0089647 secs] [Times: user=0.02 sys=0.00, real=0.01 secs] 
379.873: [GC (Allocation Failure) [PSYoungGen: 270419K->183819K(465920K)] 1155290K->1069936K(1408512K), 0.0203635 secs] [Times: user=0.03 sys=0.00, real=0.02 secs] 
380.155: [GC (Allocation Failure) [PSYoungGen: 416779K->184687K(465920K)] 1302896K->1071069K(1408512K), 0.0214663 secs] [Times: user=0.03 sys=0.00, real=0.02 secs] 
380.858: [GC (Allocation Failure) [PSYoungGen: 410105K->92705K(465920K)] 1296487K->979360K(1408512K), 0.0127189 secs] [Times: user=0.02 sys=0.00, real=0.01 secs] 
382.225: [GC (Allocation Failure) [PSYoungGen: 325665K->37459K(465920K)] 1212320K->924414K(1408512K), 0.0066781 secs] [Times: user=0.02 sys=0.00, real=0.00 secs] 
382.502: [GC (Allocation Failure) [PSYoungGen: 270419K->184076K(465920K)] 1157374K->1072285K(1408512K), 0.0203819 secs] [Times: user=0.03 sys=0.00, real=0.03 secs] 
382.790: [GC (Allocation Failure) [PSYoungGen: 417036K->184912K(465920K)] 1305245K->1073393K(1408512K), 0.0204248 secs] [Times: user=0.02 sys=0.00, real=0.02 secs] 
383.483: [GC (Allocation Failure) [PSYoungGen: 410228K->92255K(465920K)] 1298710K->981138K(1408512K), 0.0122935 secs] [Times: user=0.03 sys=0.00, real=0.01 secs] 
384.899: [GC (Allocation Failure) [PSYoungGen: 325215K->37585K(465920K)] 1214098K->926663K(1408512K), 0.0111424 secs] [Times: user=0.02 sys=0.00, real=0.01 secs] 
385.257: [GC (Allocation Failure) [PSYoungGen: 270545K->184719K(465920K)] 1159623K->1075179K(1408512K), 0.0206506 secs] [Times: user=0.03 sys=0.00, real=0.02 secs] 
385.543: [GC (Allocation Failure) [PSYoungGen: 417679K->184719K(465920K)] 1308139K->1075324K(1408512K), 0.0205476 secs] [Times: user=0.02 sys=0.00, real=0.02 secs] 
386.870: [GC (Allocation Failure) [PSYoungGen: 407539K->91773K(465920K)] 1298144K->982643K(1408512K), 0.0149283 secs] [Times: user=0.03 sys=0.01, real=0.02 secs] 
388.650: [GC (Allocation Failure) [PSYoungGen: 324733K->37360K(465920K)] 1215603K->928538K(1408512K), 0.0067999 secs] [Times: user=0.02 sys=0.01, real=0.01 secs] 
388.932: [GC (Allocation Failure) [PSYoungGen: 270320K->183787K(465920K)] 1161498K->1076218K(1408512K), 0.0204325 secs] [Times: user=0.03 sys=0.00, real=0.02 secs] 
389.215: [GC (Allocation Failure) [PSYoungGen: 416747K->184687K(465920K)] 1309178K->1077391K(1408512K), 0.0205413 secs] [Times: user=0.03 sys=0.00, real=0.02 secs] 
391.625: [GC (Allocation Failure) [PSYoungGen: 410113K->92913K(465920K)] 1302818K->985883K(1408512K), 0.0166667 secs] [Times: user=0.04 sys=0.00, real=0.01 secs] 
392.447: [GC (Allocation Failure) [PSYoungGen: 325873K->38002K(465920K)] 1218843K->931280K(1408512K), 0.0058513 secs] [Times: user=0.02 sys=0.00, real=0.00 secs] 
392.714: [GC (Allocation Failure) [PSYoungGen: 270962K->184333K(465920K)] 1164240K->1078856K(1408512K), 0.0203476 secs] [Times: user=0.02 sys=0.00, real=0.02 secs] 
392.997: [GC (Allocation Failure) [PSYoungGen: 417293K->184719K(465920K)] 1311816K->1079515K(1408512K), 0.0204523 secs] [Times: user=0.03 sys=0.00, real=0.02 secs] 
395.522: [GC (Allocation Failure) [PSYoungGen: 407548K->91677K(465920K)] 1302344K->986738K(1408512K), 0.0192104 secs] [Times: user=0.05 sys=0.00, real=0.02 secs] 
397.337: [GC (GCLocker Initiated GC) [PSYoungGen: 324637K->37231K(465920K)] 1219698K->932614K(1408512K), 0.0077737 secs] [Times: user=0.02 sys=0.01, real=0.01 secs] 
397.725: [GC (Allocation Failure) [PSYoungGen: 270191K->184912K(465920K)] 1166571K->1082529K(1408512K), 0.0206661 secs] [Times: user=0.03 sys=0.00, real=0.02 secs] 
398.069: [GC (Allocation Failure) [PSYoungGen: 417872K->184205K(465920K)] 1315489K->1081982K(1408512K), 0.0203594 secs] [Times: user=0.03 sys=0.00, real=0.02 secs] 
399.805: [GC (Allocation Failure) [PSYoungGen: 407041K->91564K(465920K)] 1304819K->989639K(1408512K), 0.0199030 secs] [Times: user=0.05 sys=0.00, real=0.02 secs] 
401.937: [GC (Allocation Failure) [PSYoungGen: 324524K->37620K(465920K)] 1222599K->935995K(1408512K), 0.0078962 secs] [Times: user=0.02 sys=0.00, real=0.01 secs] 
402.309: [GC (Allocation Failure) [PSYoungGen: 270580K->184462K(465920K)] 1168955K->1084090K(1408512K), 0.0206743 secs] [Times: user=0.03 sys=0.00, real=0.02 secs] 
402.591: [GC (Allocation Failure) [PSYoungGen: 417422K->184301K(465920K)] 1317050K->1084203K(1408512K), 0.0204203 secs] [Times: user=0.03 sys=0.00, real=0.02 secs] 
403.869: [GC (Allocation Failure) [PSYoungGen: 409340K->92399K(465920K)] 1309242K->992702K(1408512K), 0.0136034 secs] [Times: user=0.03 sys=0.00, real=0.02 secs] 
405.857: [GC (Allocation Failure) [PSYoungGen: 325359K->38102K(465920K)] 1225662K->938586K(1408512K), 0.0075384 secs] [Times: user=0.02 sys=0.00, real=0.01 secs] 
406.218: [GC (Allocation Failure) [PSYoungGen: 271062K->184655K(465920K)] 1171546K->1086393K(1408512K), 0.0205735 secs] [Times: user=0.02 sys=0.00, real=0.02 secs] 
406.554: [GC (Allocation Failure) [PSYoungGen: 417615K->184655K(465920K)] 1319353K->1086666K(1408512K), 0.0203640 secs] [Times: user=0.03 sys=0.00, real=0.02 secs] 
408.258: [GC (Allocation Failure) [PSYoungGen: 407103K->91226K(465920K)] 1309114K->993503K(1408512K), 0.0171173 secs] [Times: user=0.04 sys=0.00, real=0.02 secs] 
410.353: [GC (Allocation Failure) [PSYoungGen: 324186K->38005K(465920K)] 1226463K->940589K(1408512K), 0.0088384 secs] [Times: user=0.03 sys=0.00, real=0.00 secs] 
410.707: [GC (Allocation Failure) [PSYoungGen: 270965K->184687K(465920K)] 1173549K->1088653K(1408512K), 0.0207047 secs] [Times: user=0.03 sys=0.00, real=0.02 secs] 
410.990: [GC (Allocation Failure) [PSYoungGen: 417647K->184655K(465920K)] 1321613K->1088766K(1408512K), 0.0205081 secs] [Times: user=0.03 sys=0.00, real=0.02 secs] 
412.344: [GC (Allocation Failure) [PSYoungGen: 407205K->91339K(465920K)] 1311316K->995715K(1408512K), 0.0171974 secs] [Times: user=0.04 sys=0.00, real=0.01 secs] 
413.447: [GC (Allocation Failure) [PSYoungGen: 324299K->37973K(465920K)] 1228675K->942653K(1408512K), 0.0059466 secs] [Times: user=0.02 sys=0.00, real=0.01 secs] 
413.714: [GC (Allocation Failure) [PSYoungGen: 270933K->183819K(465920K)] 1175613K->1089753K(1408512K), 0.0206469 secs] [Times: user=0.03 sys=0.00, real=0.02 secs] 
413.998: [GC (Allocation Failure) [PSYoungGen: 416779K->184655K(465920K)] 1322713K->1090861K(1408512K), 0.0206227 secs] [Times: user=0.03 sys=0.00, real=0.02 secs] 
415.743: [GC (Allocation Failure) [PSYoungGen: 410056K->92223K(465920K)] 1316263K->998694K(1408512K), 0.0151425 secs] [Times: user=0.03 sys=0.00, real=0.01 secs] 
416.600: [GC (Allocation Failure) [PSYoungGen: 325183K->37973K(465920K)] 1231654K->944753K(1408512K), 0.0057768 secs] [Times: user=0.01 sys=0.00, real=0.01 secs] 
416.928: [GC (Allocation Failure) [PSYoungGen: 270933K->184719K(465920K)] 1177713K->1092752K(1408512K), 0.0204724 secs] [Times: user=0.02 sys=0.00, real=0.02 secs] 
417.261: [GC (Allocation Failure) [PSYoungGen: 417679K->184398K(465920K)] 1325712K->1092704K(1408512K), 0.0204437 secs] [Times: user=0.02 sys=0.00, real=0.02 secs] 
418.379: [GC (Allocation Failure) [PSYoungGen: 406892K->91660K(465920K)] 1315198K->1000239K(1408512K), 0.0129009 secs] [Times: user=0.02 sys=0.00, real=0.01 secs] 
420.023: [GC (Allocation Failure) [PSYoungGen: 324620K->37491K(465920K)] 1233199K->946386K(1408512K), 0.0068507 secs] [Times: user=0.02 sys=0.00, real=0.00 secs] 
420.309: [GC (Allocation Failure) [PSYoungGen: 270451K->184719K(465920K)] 1179346K->1094859K(1408512K), 0.0208811 secs] [Times: user=0.03 sys=0.00, real=0.02 secs] 
420.595: [GC (Allocation Failure) [PSYoungGen: 417679K->184430K(465920K)] 1327819K->1094843K(1408512K), 0.0204548 secs] [Times: user=0.02 sys=0.00, real=0.02 secs] 
421.230: [GC (Allocation Failure) [PSYoungGen: 409469K->92046K(465920K)] 1319883K->1002733K(1408512K), 0.0111219 secs] [Times: user=0.02 sys=0.00, real=0.01 secs] 
422.621: [GC (GCLocker Initiated GC) [PSYoungGen: 325006K->35820K(465920K)] 1235693K->946807K(1408512K), 0.0076978 secs] [Times: user=0.02 sys=0.00, real=0.01 secs] 
423.015: [GC (Allocation Failure) [PSYoungGen: 268780K->184237K(465920K)] 1180892K->1097595K(1408512K), 0.0206181 secs] [Times: user=0.03 sys=0.00, real=0.02 secs] 
423.353: [GC (Allocation Failure) [PSYoungGen: 417197K->184976K(465920K)] 1330555K->1098342K(1408512K), 0.0206240 secs] [Times: user=0.03 sys=0.00, real=0.02 secs] 
424.362: [GC (Allocation Failure) [PSYoungGen: 408336K->92785K(465920K)] 1321701K->1006456K(1408512K), 0.0130570 secs] [Times: user=0.03 sys=0.00, real=0.02 secs] 
425.945: [GC (Allocation Failure) [PSYoungGen: 325745K->37973K(465920K)] 1239416K->951952K(1408512K), 0.0067918 secs] [Times: user=0.02 sys=0.00, real=0.00 secs] 
426.229: [GC (Allocation Failure) [PSYoungGen: 270933K->184430K(465920K)] 1184912K->1099775K(1408512K), 0.0204440 secs] [Times: user=0.03 sys=0.00, real=0.02 secs] 
426.574: [GC (Allocation Failure) [PSYoungGen: 417390K->184526K(465920K)] 1332735K->1100016K(1408512K), 0.0205290 secs] [Times: user=0.03 sys=0.00, real=0.02 secs] 
427.168: [GC (Allocation Failure) [PSYoungGen: 407079K->91805K(465920K)] 1322568K->1007559K(1408512K), 0.0127417 secs] [Times: user=0.02 sys=0.00, real=0.01 secs] 
428.358: [GC (Allocation Failure) [PSYoungGen: 324765K->37491K(465920K)] 1240519K->953537K(1408512K), 0.0057210 secs] [Times: user=0.01 sys=0.00, real=0.01 secs] 
428.683: [GC (Allocation Failure) [PSYoungGen: 270451K->184815K(465920K)] 1186497K->1102107K(1408512K), 0.0207329 secs] [Times: user=0.03 sys=0.00, real=0.02 secs] 
428.970: [GC (Allocation Failure) [PSYoungGen: 417775K->184044K(465920K)] 1335067K->1101738K(1408512K), 0.0206845 secs] [Times: user=0.03 sys=0.00, real=0.02 secs] 
429.617: [GC (Allocation Failure) [PSYoungGen: 407982K->92351K(465920K)] 1325676K->1010181K(1408512K), 0.0124792 secs] [Times: user=0.03 sys=0.00, real=0.01 secs] 
430.931: [GC (Allocation Failure) [PSYoungGen: 325311K->37748K(465920K)] 1243141K->955886K(1408512K), 0.0078809 secs] [Times: user=0.02 sys=0.00, real=0.01 secs] 
431.238: [GC (Allocation Failure) [PSYoungGen: 270708K->184430K(465920K)] 1188846K->1103805K(1408512K), 0.0204426 secs] [Times: user=0.03 sys=0.00, real=0.02 secs] 
431.580: [GC (Allocation Failure) [PSYoungGen: 417390K->184526K(465920K)] 1336765K->1104175K(1408512K), 0.0205844 secs] [Times: user=0.03 sys=0.00, real=0.02 secs] 
433.405: [GC (Allocation Failure) [PSYoungGen: 407583K->91998K(465920K)] 1327232K->1011927K(1408512K), 0.0273814 secs] [Times: user=0.06 sys=0.00, real=0.02 secs] 
435.974: [GC (Allocation Failure) [PSYoungGen: 324958K->37713K(465920K)] 1244887K->957957K(1408512K), 0.0128353 secs] [Times: user=0.04 sys=0.00, real=0.01 secs] 
436.378: [GC (Allocation Failure) [PSYoungGen: 270673K->184462K(465920K)] 1190917K->1105959K(1408512K), 0.0205675 secs] [Times: user=0.03 sys=0.00, real=0.02 secs] 
436.718: [GC (Allocation Failure) [PSYoungGen: 417422K->184269K(465920K)] 1338919K->1106039K(1408512K), 0.0205581 secs] [Times: user=0.03 sys=0.00, real=0.02 secs] 
437.338: [GC (Allocation Failure) [PSYoungGen: 409339K->92255K(465920K)] 1331109K->1014418K(1408512K), 0.0127596 secs] [Times: user=0.03 sys=0.00, real=0.01 secs] 
438.151: [GC (Allocation Failure) [PSYoungGen: 325215K->38131K(465920K)] 1247378K->960472K(1408512K), 0.0059434 secs] [Times: user=0.01 sys=0.00, real=0.01 secs] 
438.419: [GC (Allocation Failure) [PSYoungGen: 271091K->184558K(465920K)] 1193432K->1108145K(1408512K), 0.0206287 secs] [Times: user=0.03 sys=0.00, real=0.02 secs] 
438.702: [GC (Allocation Failure) [PSYoungGen: 417518K->184847K(465920K)] 1341105K->1108715K(1408512K), 0.0207376 secs] [Times: user=0.03 sys=0.01, real=0.03 secs] 
440.229: [GC (Allocation Failure) [PSYoungGen: 406702K->91178K(465920K)] 1330571K->1015312K(1408512K), 0.0271564 secs] [Times: user=0.06 sys=0.00, real=0.03 secs] 
441.357: [GC (Allocation Failure) [PSYoungGen: 324138K->37845K(465920K)] 1248272K->962278K(1408512K), 0.0067086 secs] [Times: user=0.02 sys=0.00, real=0.01 secs] 
441.631: [GC (Allocation Failure) [PSYoungGen: 270805K->184430K(465920K)] 1195238K->1110245K(1408512K), 0.0206625 secs] [Times: user=0.03 sys=0.00, real=0.02 secs] 
441.914: [GC (Allocation Failure) [PSYoungGen: 417390K->184526K(465920K)] 1343205K->1110486K(1408512K), 0.0205090 secs] [Times: user=0.03 sys=0.00, real=0.02 secs] 
442.691: [GC (Allocation Failure) [PSYoungGen: 407076K->91869K(465920K)] 1333036K->1018102K(1408512K), 0.0169974 secs] [Times: user=0.03 sys=0.00, real=0.02 secs] 
443.502: [GC (Allocation Failure) [PSYoungGen: 324829K->38131K(465920K)] 1251062K->964670K(1408512K), 0.0058329 secs] [Times: user=0.02 sys=0.00, real=0.01 secs] 
443.833: [GC (Allocation Failure) [PSYoungGen: 271091K->184430K(465920K)] 1197630K->1112206K(1408512K), 0.0206637 secs] [Times: user=0.03 sys=0.00, real=0.02 secs] 
444.174: [GC (Allocation Failure) [PSYoungGen: 417390K->184590K(465920K)] 1345166K->1112640K(1408512K), 0.0206820 secs] [Times: user=0.03 sys=0.01, real=0.02 secs] 
445.600: [GC (Allocation Failure) [PSYoungGen: 407129K->91580K(465920K)] 1335179K->1019903K(1408512K), 0.0152316 secs] [Times: user=0.03 sys=0.00, real=0.02 secs] 
447.726: [GC (Allocation Failure) [PSYoungGen: 324540K->37617K(465920K)] 1252863K->966241K(1408512K), 0.0074409 secs] [Times: user=0.02 sys=0.00, real=0.01 secs] 
448.025: [GC (Allocation Failure) [PSYoungGen: 270577K->184430K(465920K)] 1199201K->1114299K(1408512K), 0.0205903 secs] [Times: user=0.02 sys=0.00, real=0.02 secs] 
448.307: [GC (Allocation Failure) [PSYoungGen: 417390K->184237K(465920K)] 1347259K->1114380K(1408512K), 0.0205891 secs] [Times: user=0.03 sys=0.00, real=0.02 secs] 
449.669: [GC (Allocation Failure) [PSYoungGen: 409283K->92383K(465920K)] 1339426K->1022920K(1408512K), 0.0139845 secs] [Times: user=0.03 sys=0.00, real=0.02 secs] 
452.324: [GC (Allocation Failure) [PSYoungGen: 325343K->37363K(465920K)] 1255880K->968068K(1408512K), 0.0078422 secs] [Times: user=0.02 sys=0.00, real=0.00 secs] 
452.633: [GC (Allocation Failure) [PSYoungGen: 270323K->184173K(465920K)] 1201028K->1116124K(1408512K), 0.0204821 secs] [Times: user=0.03 sys=0.00, real=0.02 secs] 
452.915: [GC (Allocation Failure) [PSYoungGen: 417133K->184430K(465920K)] 1349084K->1116654K(1408512K), 0.0205933 secs] [Times: user=0.02 sys=0.00, real=0.02 secs] 
454.173: [GC (Allocation Failure) [PSYoungGen: 409369K->92785K(465920K)] 1341594K->1025282K(1408512K), 0.0196899 secs] [Times: user=0.04 sys=0.00, real=0.02 secs] 
455.383: [GC (Allocation Failure) [PSYoungGen: 325745K->38002K(465920K)] 1258242K->970695K(1408512K), 0.0058458 secs] [Times: user=0.01 sys=0.00, real=0.00 secs] 
455.654: [GC (Allocation Failure) [PSYoungGen: 270962K->183273K(465920K)] 1203655K->1117332K(1408512K), 0.0206253 secs] [Times: user=0.03 sys=0.00, real=0.02 secs] 
456.002: [GC (Allocation Failure) [PSYoungGen: 416233K->184430K(465920K)] 1350292K->1118625K(1408512K), 0.0205886 secs] [Times: user=0.03 sys=0.00, real=0.03 secs] 
457.168: [GC (Allocation Failure) [PSYoungGen: 409338K->92994K(465920K)] 1343534K->1027326K(1408512K), 0.0170781 secs] [Times: user=0.04 sys=0.00, real=0.02 secs] 
459.017: [GC (Allocation Failure) [PSYoungGen: 325954K->37780K(465920K)] 1260286K->972420K(1408512K), 0.0075835 secs] [Times: user=0.02 sys=0.00, real=0.01 secs] 
459.314: [GC (Allocation Failure) [PSYoungGen: 270740K->184687K(465920K)] 1205380K->1120572K(1408512K), 0.0205237 secs] [Times: user=0.02 sys=0.00, real=0.02 secs] 
459.597: [GC (Allocation Failure) [PSYoungGen: 417647K->184398K(465920K)] 1353532K->1120564K(1408512K), 0.0204304 secs] [Times: user=0.03 sys=0.00, real=0.02 secs] 
460.551: [GC (Allocation Failure) [PSYoungGen: 406862K->91869K(465920K)] 1343029K->1028309K(1408512K), 0.0135623 secs] [Times: user=0.03 sys=0.00, real=0.02 secs] 
462.751: [GC (Allocation Failure) [PSYoungGen: 324829K->37973K(465920K)] 1261269K->974713K(1408512K), 0.0069507 secs] [Times: user=0.02 sys=0.00, real=0.01 secs] 
463.034: [GC (Allocation Failure) [PSYoungGen: 270933K->184719K(465920K)] 1207673K->1122712K(1408512K), 0.0206121 secs] [Times: user=0.03 sys=0.00, real=0.02 secs] 
463.317: [GC (Allocation Failure) [PSYoungGen: 417679K->184398K(465920K)] 1355672K->1122664K(1408512K), 0.0205174 secs] [Times: user=0.03 sys=0.00, real=0.02 secs] 
464.053: [GC (Allocation Failure) [PSYoungGen: 406877K->91612K(465920K)] 1345143K->1030151K(1408512K), 0.0113248 secs] [Times: user=0.02 sys=0.00, real=0.01 secs] 
466.315: [GC (Allocation Failure) [PSYoungGen: 324572K->37585K(465920K)] 1263111K->976440K(1408512K), 0.0091451 secs] [Times: user=0.03 sys=0.00, real=0.01 secs] 
466.639: [GC (Allocation Failure) [PSYoungGen: 270545K->184687K(465920K)] 1209400K->1124787K(1408512K), 0.0207132 secs] [Times: user=0.03 sys=0.00, real=0.02 secs] 
466.930: [GC (Allocation Failure) [PSYoungGen: 417647K->184398K(465920K)] 1357747K->1124771K(1408512K), 0.0205806 secs] [Times: user=0.03 sys=0.00, real=0.02 secs] 
468.541: [GC (Allocation Failure) [PSYoungGen: 404860K->91998K(465920K)] 1345234K->1032644K(1408512K), 0.0117570 secs] [Times: user=0.03 sys=0.00, real=0.01 secs] 
469.353: [GC (Allocation Failure) [PSYoungGen: 324958K->37973K(465920K)] 1265604K->978928K(1408512K), 0.0057693 secs] [Times: user=0.02 sys=0.00, real=0.00 secs] 
469.622: [GC (Allocation Failure) [PSYoungGen: 270933K->184655K(465920K)] 1211888K->1126847K(1408512K), 0.0205533 secs] [Times: user=0.03 sys=0.00, real=0.02 secs] 
469.642: [Full GC (Ergonomics) [PSYoungGen: 184655K->0K(465920K)] [ParOldGen: 942192K->503115K(870400K)] 1126847K->503115K(1336320K), [Metaspace: 54951K->54942K(1099776K)], 0.0595007 secs] [Times: user=0.24 sys=0.00, real=0.06 secs] 
469.964: [GC (Allocation Failure) [PSYoungGen: 232960K->184430K(465920K)] 736075K->687545K(1336320K), 0.0200812 secs] [Times: user=0.02 sys=0.00, real=0.02 secs] 
471.920: [GC (Allocation Failure) [PSYoungGen: 407221K->91644K(465920K)] 910337K->595064K(1336320K), 0.0120871 secs] [Times: user=0.03 sys=0.00, real=0.01 secs] 
472.935: [GC (Allocation Failure) [PSYoungGen: 324604K->38070K(465920K)] 828024K->541788K(1336320K), 0.0063050 secs] [Times: user=0.01 sys=0.00, real=0.00 secs] 
473.215: [GC (Allocation Failure) [PSYoungGen: 271030K->183690K(465920K)] 774748K->688662K(1336320K), 0.0199898 secs] [Times: user=0.03 sys=0.00, real=0.02 secs] 
473.496: [GC (Allocation Failure) [PSYoungGen: 416650K->184173K(465920K)] 921622K->689425K(1336320K), 0.0200281 secs] [Times: user=0.03 sys=0.00, real=0.02 secs] 
475.352: [GC (Allocation Failure) [PSYoungGen: 408468K->92801K(465920K)] 913721K->598326K(1336320K), 0.0123004 secs] [Times: user=0.02 sys=0.00, real=0.02 secs] 
476.160: [GC (Allocation Failure) [PSYoungGen: 325761K->38166K(465920K)] 831286K->544001K(1336320K), 0.0052360 secs] [Times: user=0.01 sys=0.00, real=0.01 secs] 
476.428: [GC (Allocation Failure) [PSYoungGen: 271126K->184944K(465920K)] 776961K->692153K(1336320K), 0.0201083 secs] [Times: user=0.02 sys=0.00, real=0.02 secs] 
476.765: [GC (Allocation Failure) [PSYoungGen: 417904K->183787K(465920K)] 925113K->691149K(1336320K), 0.0199482 secs] [Times: user=0.02 sys=0.00, real=0.02 secs] 
478.657: [GC (Allocation Failure) [PSYoungGen: 406598K->91853K(465920K)] 913960K->599480K(1336320K), 0.0194288 secs] [Times: user=0.04 sys=0.00, real=0.02 secs] 
480.894: [GC (Allocation Failure) [PSYoungGen: 324813K->38070K(465920K)] 832440K->545876K(1336320K), 0.0065074 secs] [Times: user=0.01 sys=0.00, real=0.00 secs] 
481.183: [GC (Allocation Failure) [PSYoungGen: 271030K->184687K(465920K)] 778836K->693747K(1336320K), 0.0200233 secs] [Times: user=0.03 sys=0.00, real=0.02 secs] 
481.470: [GC (Allocation Failure) [PSYoungGen: 417647K->184623K(465920K)] 926707K->693956K(1336320K), 0.0198802 secs] [Times: user=0.03 sys=0.00, real=0.02 secs] 
482.785: [GC (Allocation Failure) [PSYoungGen: 407060K->91162K(465920K)] 916393K->600760K(1336320K), 0.0244772 secs] [Times: user=0.05 sys=0.00, real=0.02 secs] 
484.688: [GC (Allocation Failure) [PSYoungGen: 324122K->37845K(465920K)] 833720K->547750K(1336320K), 0.0064121 secs] [Times: user=0.02 sys=0.00, real=0.01 secs] 
485.046: [GC (Allocation Failure) [PSYoungGen: 270805K->184687K(465920K)] 780710K->695846K(1336320K), 0.0200757 secs] [Times: user=0.02 sys=0.00, real=0.02 secs] 
485.328: [GC (Allocation Failure) [PSYoungGen: 417647K->184687K(465920K)] 928806K->696119K(1336320K), 0.0202599 secs] [Times: user=0.02 sys=0.00, real=0.02 secs] 
487.061: [GC (Allocation Failure) [PSYoungGen: 407246K->91452K(465920K)] 918678K->603149K(1336320K), 0.0192475 secs] [Times: user=0.03 sys=0.00, real=0.02 secs] 
488.026: [GC (Allocation Failure) [PSYoungGen: 324412K->38037K(465920K)] 836109K->550048K(1336320K), 0.0052805 secs] [Times: user=0.01 sys=0.00, real=0.00 secs] 
488.294: [GC (Allocation Failure) [PSYoungGen: 270997K->183819K(465920K)] 783008K->697084K(1336320K), 0.0200479 secs] [Times: user=0.03 sys=0.00, real=0.02 secs] 
488.577: [GC (Allocation Failure) [PSYoungGen: 416779K->184398K(465920K)] 930044K->697935K(1336320K), 0.0200989 secs] [Times: user=0.03 sys=0.00, real=0.02 secs] 
489.234: [GC (Allocation Failure) [PSYoungGen: 409639K->92528K(465920K)] 923176K->606346K(1336320K), 0.0113640 secs] [Times: user=0.02 sys=0.00, real=0.01 secs] 
490.422: [GC (Allocation Failure) [PSYoungGen: 325488K->37941K(465920K)] 839306K->552050K(1336320K), 0.0076835 secs] [Times: user=0.02 sys=0.00, real=0.01 secs] 
490.820: [GC (Allocation Failure) [PSYoungGen: 270901K->184687K(465920K)] 785010K->700041K(1336320K), 0.0203540 secs] [Times: user=0.03 sys=0.00, real=0.02 secs] 
491.104: [GC (Allocation Failure) [PSYoungGen: 417647K->184719K(465920K)] 933001K->700354K(1336320K), 0.0200329 secs] [Times: user=0.02 sys=0.00, real=0.02 secs] 
491.778: [GC (Allocation Failure) [PSYoungGen: 407282K->91355K(465920K)] 922918K->607255K(1336320K), 0.0117468 secs] [Times: user=0.02 sys=0.00, real=0.01 secs] 
492.639: [GC (Allocation Failure) [PSYoungGen: 324315K->38005K(465920K)] 840215K->554221K(1336320K), 0.0052746 secs] [Times: user=0.01 sys=0.00, real=0.01 secs] 
492.906: [GC (Allocation Failure) [PSYoungGen: 270965K->183948K(465920K)] 787181K->701417K(1336320K), 0.0199314 secs] [Times: user=0.03 sys=0.00, real=0.02 secs] 
493.188: [GC (Allocation Failure) [PSYoungGen: 416908K->184815K(465920K)] 934377K->702566K(1336320K), 0.0199715 secs] [Times: user=0.02 sys=0.00, real=0.02 secs] 
493.847: [GC (Allocation Failure) [PSYoungGen: 410144K->92030K(465920K)] 927895K->610182K(1336320K), 0.0104368 secs] [Times: user=0.02 sys=0.00, real=0.01 secs] 
494.673: [GC (Allocation Failure) [PSYoungGen: 324990K->37909K(465920K)] 843142K->556254K(1336320K), 0.0052709 secs] [Times: user=0.01 sys=0.00, real=0.00 secs] 
494.940: [GC (Allocation Failure) [PSYoungGen: 270869K->184301K(465920K)] 789214K->703900K(1336320K), 0.0198773 secs] [Times: user=0.02 sys=0.00, real=0.02 secs] 
495.228: [GC (Allocation Failure) [PSYoungGen: 417261K->184590K(465920K)] 936860K->704591K(1336320K), 0.0199787 secs] [Times: user=0.02 sys=0.00, real=0.02 secs] 
495.941: [GC (Allocation Failure) [PSYoungGen: 407588K->92062K(465920K)] 927588K->612215K(1336320K), 0.0112757 secs] [Times: user=0.02 sys=0.00, real=0.01 secs] 
497.469: [GC (Allocation Failure) [PSYoungGen: 325022K->37392K(465920K)] 845175K->557850K(1336320K), 0.0067632 secs] [Times: user=0.02 sys=0.00, real=0.01 secs] 
497.838: [GC (Allocation Failure) [PSYoungGen: 270352K->184687K(465920K)] 790810K->706407K(1336320K), 0.0202203 secs] [Times: user=0.03 sys=0.00, real=0.02 secs] 
498.120: [GC (Allocation Failure) [PSYoungGen: 417647K->183690K(465920K)] 939367K->705692K(1336320K), 0.0199461 secs] [Times: user=0.03 sys=0.00, real=0.02 secs] 
498.818: [GC (Allocation Failure) [PSYoungGen: 409104K->93026K(465920K)] 931105K->615300K(1336320K), 0.0121596 secs] [Times: user=0.02 sys=0.00, real=0.01 secs] 
499.675: [GC (Allocation Failure) [PSYoungGen: 325986K->37938K(465920K)] 848260K->560534K(1336320K), 0.0052843 secs] [Times: user=0.01 sys=0.00, real=0.00 secs] 
500.008: [GC (Allocation Failure) [PSYoungGen: 270898K->184076K(465920K)] 793494K->707926K(1336320K), 0.0201926 secs] [Times: user=0.03 sys=0.00, real=0.02 secs] 
500.291: [GC (Allocation Failure) [PSYoungGen: 417036K->184590K(465920K)] 940886K->708721K(1336320K), 0.0202069 secs] [Times: user=0.02 sys=0.00, real=0.02 secs] 
502.336: [GC (Allocation Failure) [PSYoungGen: 409786K->92255K(465920K)] 933917K->616651K(1336320K), 0.0161965 secs] [Times: user=0.03 sys=0.00, real=0.01 secs] 
504.008: [GC (Allocation Failure) [PSYoungGen: 325215K->37716K(465920K)] 849611K->562426K(1336320K), 0.0062288 secs] [Times: user=0.02 sys=0.00, real=0.01 secs] 
504.350: [GC (Allocation Failure) [PSYoungGen: 270676K->184719K(465920K)] 795386K->710682K(1336320K), 0.0201187 secs] [Times: user=0.03 sys=0.00, real=0.02 secs] 
504.632: [GC (Allocation Failure) [PSYoungGen: 417679K->184623K(465920K)] 943642K->710859K(1336320K), 0.0200167 secs] [Times: user=0.03 sys=0.00, real=0.02 secs] 
505.570: [GC (Allocation Failure) [PSYoungGen: 407192K->91644K(465920K)] 933428K->618161K(1336320K), 0.0142411 secs] [Times: user=0.03 sys=0.00, real=0.02 secs] 
507.710: [GC (Allocation Failure) [PSYoungGen: 324604K->37617K(465920K)] 851121K->564432K(1336320K), 0.0079093 secs] [Times: user=0.01 sys=0.00, real=0.01 secs] 
508.021: [GC (Allocation Failure) [PSYoungGen: 270577K->183787K(465920K)] 797392K->711856K(1336320K), 0.0199426 secs] [Times: user=0.03 sys=0.00, real=0.02 secs] 
508.360: [GC (Allocation Failure) [PSYoungGen: 416747K->184719K(465920K)] 944816K->713060K(1336320K), 0.0200945 secs] [Times: user=0.03 sys=0.00, real=0.02 secs] 
509.120: [GC (Allocation Failure) [PSYoungGen: 410140K->92640K(465920K)] 938482K->621255K(1336320K), 0.0122079 secs] [Times: user=0.03 sys=0.00, real=0.01 secs] 
509.964: [GC (Allocation Failure) [PSYoungGen: 325600K->38005K(465920K)] 854215K->566934K(1336320K), 0.0053322 secs] [Times: user=0.01 sys=0.00, real=0.00 secs] 
510.232: [GC (Allocation Failure) [PSYoungGen: 270965K->184558K(465920K)] 799894K->714869K(1336320K), 0.0202768 secs] [Times: user=0.03 sys=0.00, real=0.02 secs] 
510.515: [GC (Allocation Failure) [PSYoungGen: 417518K->184687K(465920K)] 947829K->715142K(1336320K), 0.0200267 secs] [Times: user=0.02 sys=0.00, real=0.02 secs] 
512.931: [GC (Allocation Failure) [PSYoungGen: 407259K->91499K(465920K)] 937714K->622228K(1336320K), 0.0266400 secs] [Times: user=0.05 sys=0.00, real=0.03 secs] 
514.982: [GC (Allocation Failure) [PSYoungGen: 324459K->37684K(465920K)] 855188K->568736K(1336320K), 0.0074543 secs] [Times: user=0.01 sys=0.00, real=0.01 secs] 
515.302: [GC (Allocation Failure) [PSYoungGen: 270644K->184944K(465920K)] 801696K->717233K(1336320K), 0.0201189 secs] [Times: user=0.03 sys=0.00, real=0.02 secs] 
515.589: [GC (Allocation Failure) [PSYoungGen: 417904K->183851K(465920K)] 950193K->716422K(1336320K), 0.0202324 secs] [Times: user=0.02 sys=0.00, real=0.02 secs] 
516.300: [GC (Allocation Failure) [PSYoungGen: 409376K->92255K(465920K)] 941947K->625090K(1336320K), 0.0121146 secs] [Times: user=0.02 sys=0.00, real=0.01 secs] 
517.259: [GC (Allocation Failure) [PSYoungGen: 325215K->38037K(465920K)] 858050K->571202K(1336320K), 0.0052843 secs] [Times: user=0.02 sys=0.00, real=0.01 secs] 
517.525: [GC (Allocation Failure) [PSYoungGen: 270997K->184526K(465920K)] 804162K->718945K(1336320K), 0.0199927 secs] [Times: user=0.03 sys=0.00, real=0.02 secs] 
517.883: [GC (Allocation Failure) [PSYoungGen: 417486K->184944K(465920K)] 951905K->719660K(1336320K), 0.0199967 secs] [Times: user=0.02 sys=0.00, real=0.02 secs] 
518.598: [GC (Allocation Failure) [PSYoungGen: 407847K->91355K(465920K)] 942563K->626481K(1336320K), 0.0119020 secs] [Times: user=0.03 sys=0.00, real=0.01 secs] 
520.407: [GC (Allocation Failure) [PSYoungGen: 324315K->37588K(465920K)] 859441K->572890K(1336320K), 0.0070893 secs] [Times: user=0.01 sys=0.00, real=0.01 secs] 
520.716: [GC (Allocation Failure) [PSYoungGen: 270548K->183690K(465920K)] 805850K->720239K(1336320K), 0.0201326 secs] [Times: user=0.02 sys=0.00, real=0.02 secs] 
521.002: [GC (Allocation Failure) [PSYoungGen: 416650K->184719K(465920K)] 953199K->721548K(1336320K), 0.0200940 secs] [Times: user=0.03 sys=0.00, real=0.02 secs] 
522.303: [GC (Allocation Failure) [PSYoungGen: 408562K->92737K(465920K)] 945391K->629831K(1336320K), 0.0122782 secs] [Times: user=0.03 sys=0.00, real=0.01 secs] 
523.969: [GC (Allocation Failure) [PSYoungGen: 325697K->37716K(465920K)] 862791K->575132K(1336320K), 0.0067706 secs] [Times: user=0.01 sys=0.00, real=0.01 secs] 
524.266: [GC (Allocation Failure) [PSYoungGen: 270676K->184462K(465920K)] 808092K->723123K(1336320K), 0.0200696 secs] [Times: user=0.03 sys=0.00, real=0.02 secs] 
524.606: [GC (Allocation Failure) [PSYoungGen: 417422K->184590K(465920K)] 956083K->723661K(1336320K), 0.0200805 secs] [Times: user=0.03 sys=0.00, real=0.02 secs] 
525.570: [GC (Allocation Failure) [PSYoungGen: 409746K->92030K(465920K)] 948817K->631237K(1336320K), 0.0126992 secs] [Times: user=0.02 sys=0.00, real=0.01 secs] 
527.766: [GC (Allocation Failure) [PSYoungGen: 324990K->37395K(465920K)] 864197K->576908K(1336320K), 0.0064288 secs] [Times: user=0.02 sys=0.00, real=0.01 secs] 
528.057: [GC (Allocation Failure) [PSYoungGen: 270355K->184815K(465920K)] 809868K->725582K(1336320K), 0.0201948 secs] [Times: user=0.02 sys=0.00, real=0.02 secs] 
528.411: [GC (Allocation Failure) [PSYoungGen: 417775K->184687K(465920K)] 958542K->725735K(1336320K), 0.0202160 secs] [Times: user=0.03 sys=0.00, real=0.02 secs] 
529.951: [GC (Allocation Failure) [PSYoungGen: 409791K->91901K(465920K)] 950839K->633222K(1336320K), 0.0193874 secs] [Times: user=0.04 sys=0.00, real=0.02 secs] 
530.799: [GC (Allocation Failure) [PSYoungGen: 324861K->38005K(465920K)] 866182K->579640K(1336320K), 0.0053330 secs] [Times: user=0.01 sys=0.00, real=0.01 secs] 
531.120: [GC (Allocation Failure) [PSYoungGen: 270965K->184333K(465920K)] 812600K->727214K(1336320K), 0.0200281 secs] [Times: user=0.02 sys=0.00, real=0.02 secs] 
531.453: [GC (Allocation Failure) [PSYoungGen: 417293K->183690K(465920K)] 960174K->726852K(1336320K), 0.0200497 secs] [Times: user=0.03 sys=0.00, real=0.02 secs] 
532.097: [GC (Allocation Failure) [PSYoungGen: 408141K->92705K(465920K)] 951303K->636131K(1336320K), 0.0120071 secs] [Times: user=0.03 sys=0.00, real=0.01 secs] 
532.896: [GC (Allocation Failure) [PSYoungGen: 325665K->38034K(465920K)] 869091K->581777K(1336320K), 0.0053231 secs] [Times: user=0.01 sys=0.00, real=0.00 secs] 
533.163: [GC (Allocation Failure) [PSYoungGen: 270994K->183948K(465920K)] 814737K->728936K(1336320K), 0.0199324 secs] [Times: user=0.03 sys=0.00, real=0.02 secs] 
533.502: [GC (Allocation Failure) [PSYoungGen: 416908K->184719K(465920K)] 961896K->729980K(1336320K), 0.0199654 secs] [Times: user=0.03 sys=0.00, real=0.02 secs] 
534.131: [GC (Allocation Failure) [PSYoungGen: 408044K->92158K(465920K)] 953305K->637684K(1336320K), 0.0116982 secs] [Times: user=0.03 sys=0.00, real=0.01 secs] 
534.985: [GC (Allocation Failure) [PSYoungGen: 325118K->37877K(465920K)] 870644K->583716K(1336320K), 0.0052896 secs] [Times: user=0.01 sys=0.00, real=0.00 secs] 
535.253: [GC (Allocation Failure) [PSYoungGen: 270837K->184815K(465920K)] 816676K->731901K(1336320K), 0.0200506 secs] [Times: user=0.02 sys=0.00, real=0.02 secs] 
535.536: [GC (Allocation Failure) [PSYoungGen: 417775K->184944K(465920K)] 964861K->732302K(1336320K), 0.0199910 secs] [Times: user=0.03 sys=0.00, real=0.02 secs] 
537.801: [GC (Allocation Failure) [PSYoungGen: 407794K->91162K(465920K)] 955152K->638793K(1336320K), 0.0159113 secs] [Times: user=0.03 sys=0.00, real=0.02 secs] 
539.264: [GC (Allocation Failure) [PSYoungGen: 324122K->37748K(465920K)] 871753K->585687K(1336320K), 0.0054899 secs] [Times: user=0.01 sys=0.00, real=0.00 secs] 
539.588: [GC (Allocation Failure) [PSYoungGen: 270708K->184558K(465920K)] 818647K->733735K(1336320K), 0.0200826 secs] [Times: user=0.03 sys=0.00, real=0.02 secs] 
539.870: [GC (Allocation Failure) [PSYoungGen: 417518K->184719K(465920K)] 966695K->734177K(1336320K), 0.0200772 secs] [Times: user=0.03 sys=0.00, real=0.02 secs] 
541.382: [GC (Allocation Failure) [PSYoungGen: 409742K->91773K(465920K)] 959200K->641624K(1336320K), 0.0122004 secs] [Times: user=0.03 sys=0.00, real=0.02 secs] 
542.433: [GC (Allocation Failure) [PSYoungGen: 324733K->37748K(465920K)] 874584K->587771K(1336320K), 0.0052663 secs] [Times: user=0.01 sys=0.00, real=0.00 secs] 
542.700: [GC (Allocation Failure) [PSYoungGen: 270708K->184333K(465920K)] 820731K->735602K(1336320K), 0.0201257 secs] [Times: user=0.03 sys=0.00, real=0.02 secs] 
542.981: [GC (Allocation Failure) [PSYoungGen: 417293K->183658K(465920K)] 968562K->735200K(1336320K), 0.0200392 secs] [Times: user=0.02 sys=0.00, real=0.02 secs] 
544.773: [GC (Allocation Failure) [PSYoungGen: 408358K->93042K(465920K)] 959899K->644856K(1336320K), 0.0165949 secs] [Times: user=0.04 sys=0.00, real=0.01 secs] 
546.301: [GC (Allocation Failure) [PSYoungGen: 326002K->37813K(465920K)] 877816K->589935K(1336320K), 0.0062617 secs] [Times: user=0.01 sys=0.00, real=0.01 secs] 
546.585: [GC (Allocation Failure) [PSYoungGen: 270773K->183787K(465920K)] 822895K->737155K(1336320K), 0.0199258 secs] [Times: user=0.03 sys=0.00, real=0.02 secs] 
546.932: [GC (Allocation Failure) [PSYoungGen: 416747K->184430K(465920K)] 970115K->738079K(1336320K), 0.0201850 secs] [Times: user=0.02 sys=0.00, real=0.02 secs] 
548.479: [GC (Allocation Failure) [PSYoungGen: 409579K->92640K(465920K)] 963228K->646691K(1336320K), 0.0190556 secs] [Times: user=0.04 sys=0.00, real=0.02 secs] 
550.037: [GC (Allocation Failure) [PSYoungGen: 325600K->37588K(465920K)] 879651K->591815K(1336320K), 0.0063772 secs] [Times: user=0.02 sys=0.00, real=0.01 secs] 
550.385: [GC (Allocation Failure) [PSYoungGen: 270548K->184044K(465920K)] 824775K->739517K(1336320K), 0.0203119 secs] [Times: user=0.03 sys=0.00, real=0.02 secs] 
550.672: [GC (Allocation Failure) [PSYoungGen: 417004K->184494K(465920K)] 972477K->740241K(1336320K), 0.0204972 secs] [Times: user=0.02 sys=0.00, real=0.03 secs] 
551.316: [GC (Allocation Failure) [PSYoungGen: 409683K->92528K(465920K)] 965429K->648547K(1336320K), 0.0117332 secs] [Times: user=0.02 sys=0.00, real=0.01 secs] 
552.222: [GC (Allocation Failure) [PSYoungGen: 325488K->37941K(465920K)] 881507K->594266K(1336320K), 0.0063789 secs] [Times: user=0.01 sys=0.00, real=0.01 secs] 
552.500: [GC (Allocation Failure) [PSYoungGen: 270901K->184173K(465920K)] 827226K->741743K(1336320K), 0.0199742 secs] [Times: user=0.02 sys=0.00, real=0.02 secs] 
552.781: [GC (Allocation Failure) [PSYoungGen: 417133K->184590K(465920K)] 974703K->742434K(1336320K), 0.0200480 secs] [Times: user=0.03 sys=0.00, real=0.02 secs] 
555.571: [GC (Allocation Failure) [PSYoungGen: 407655K->91966K(465920K)] 965499K->650083K(1336320K), 0.0157380 secs] [Times: user=0.03 sys=0.00, real=0.02 secs] 
556.378: [GC (Allocation Failure) [PSYoungGen: 324926K->38005K(465920K)] 883043K->596422K(1336320K), 0.0053501 secs] [Times: user=0.01 sys=0.00, real=0.01 secs] 
556.644: [GC (Allocation Failure) [PSYoungGen: 270965K->184430K(465920K)] 829382K->744100K(1336320K), 0.0200080 secs] [Times: user=0.03 sys=0.00, real=0.02 secs] 
556.932: [GC (Allocation Failure) [PSYoungGen: 417390K->184526K(465920K)] 977060K->744477K(1336320K), 0.0199751 secs] [Times: user=0.03 sys=0.00, real=0.02 secs] 
557.567: [GC (Allocation Failure) [PSYoungGen: 407097K->91789K(465920K)] 967048K->652021K(1336320K), 0.0106675 secs] [Times: user=0.02 sys=0.00, real=0.01 secs] 
558.387: [GC (Allocation Failure) [PSYoungGen: 324749K->37877K(465920K)] 884981K->598423K(1336320K), 0.0054048 secs] [Times: user=0.01 sys=0.00, real=0.00 secs] 
558.656: [GC (Allocation Failure) [PSYoungGen: 270837K->184976K(465920K)] 831383K->746775K(1336320K), 0.0200907 secs] [Times: user=0.03 sys=0.00, real=0.02 secs] 
558.997: [GC (Allocation Failure) [PSYoungGen: 417936K->184976K(465920K)] 979735K->747048K(1336320K), 0.0206400 secs] [Times: user=0.02 sys=0.00, real=0.02 secs] 
560.315: [GC (Allocation Failure) [PSYoungGen: 407801K->90969K(465920K)] 969873K->653315K(1336320K), 0.0184063 secs] [Times: user=0.04 sys=0.01, real=0.02 secs] 
562.488: [GC (Allocation Failure) [PSYoungGen: 323929K->37684K(465920K)] 886275K->600346K(1336320K), 0.0068317 secs] [Times: user=0.02 sys=0.00, real=0.01 secs] 
562.787: [GC (Allocation Failure) [PSYoungGen: 270644K->183787K(465920K)] 833306K->747702K(1336320K), 0.0199103 secs] [Times: user=0.03 sys=0.00, real=0.02 secs] 
563.069: [GC (Allocation Failure) [PSYoungGen: 416747K->184462K(465920K)] 980662K->748658K(1336320K), 0.0199977 secs] [Times: user=0.02 sys=0.00, real=0.02 secs] 
565.052: [GC (Allocation Failure) [PSYoungGen: 408253K->92769K(465920K)] 972449K->657230K(1336320K), 0.0260297 secs] [Times: user=0.05 sys=0.00, real=0.03 secs] 
566.325: [GC (Allocation Failure) [PSYoungGen: 325729K->38034K(465920K)] 890190K->602806K(1336320K), 0.0053150 secs] [Times: user=0.01 sys=0.00, real=0.00 secs] 
566.651: [GC (Allocation Failure) [PSYoungGen: 270994K->184430K(465920K)] 835766K->750575K(1336320K), 0.0199722 secs] [Times: user=0.02 sys=0.00, real=0.02 secs] 
566.933: [GC (Allocation Failure) [PSYoungGen: 417390K->184558K(465920K)] 983535K->750848K(1336320K), 0.0202407 secs] [Times: user=0.03 sys=0.00, real=0.02 secs] 
568.638: [GC (Allocation Failure) [PSYoungGen: 407128K->91741K(465920K)] 973418K->658296K(1336320K), 0.0203751 secs] [Times: user=0.04 sys=0.00, real=0.02 secs] 
570.673: [GC (Allocation Failure) [PSYoungGen: 324701K->36045K(465920K)] 891256K->602898K(1336320K), 0.0063533 secs] [Times: user=0.02 sys=0.00, real=0.00 secs] 
570.961: [GC (Allocation Failure) [PSYoungGen: 269005K->183658K(465920K)] 835858K->751765K(1336320K), 0.0202859 secs] [Times: user=0.03 sys=0.00, real=0.02 secs] 
571.296: [GC (Allocation Failure) [PSYoungGen: 416618K->183883K(465920K)] 984725K->752270K(1336320K), 0.0199544 secs] [Times: user=0.02 sys=0.00, real=0.02 secs] 
572.806: [GC (Allocation Failure) [PSYoungGen: 411781K->95211K(465920K)] 980168K->663992K(1336320K), 0.0193037 secs] [Times: user=0.04 sys=0.00, real=0.02 secs] 
574.364: [GC (Allocation Failure) [PSYoungGen: 328171K->37813K(465920K)] 896952K->606773K(1336320K), 0.0083074 secs] [Times: user=0.01 sys=0.00, real=0.01 secs] 
574.694: [GC (Allocation Failure) [PSYoungGen: 270773K->184976K(465920K)] 839733K->755190K(1336320K), 0.0203069 secs] [Times: user=0.03 sys=0.00, real=0.02 secs] 
574.978: [GC (Allocation Failure) [PSYoungGen: 417936K->184687K(465920K)] 988150K->755302K(1336320K), 0.0202705 secs] [Times: user=0.03 sys=0.00, real=0.02 secs] 
575.990: [GC (Allocation Failure) [PSYoungGen: 406576K->91274K(465920K)] 977191K->662027K(1336320K), 0.0157414 secs] [Times: user=0.04 sys=0.00, real=0.02 secs] 
577.595: [GC (Allocation Failure) [PSYoungGen: 324234K->37620K(465920K)] 894987K->608686K(1336320K), 0.0081409 secs] [Times: user=0.02 sys=0.00, real=0.01 secs] 
577.919: [GC (Allocation Failure) [PSYoungGen: 270580K->184687K(465920K)] 841646K->757014K(1336320K), 0.0202039 secs] [Times: user=0.03 sys=0.00, real=0.02 secs] 
578.200: [GC (Allocation Failure) [PSYoungGen: 417647K->183658K(465920K)] 989974K->756267K(1336320K), 0.0201430 secs] [Times: user=0.03 sys=0.00, real=0.02 secs] 
579.583: [GC (Allocation Failure) [PSYoungGen: 409078K->92737K(465920K)] 981686K->665610K(1336320K), 0.0207547 secs] [Times: user=0.04 sys=0.00, real=0.02 secs] 
581.167: [GC (Allocation Failure) [PSYoungGen: 325697K->37716K(465920K)] 898570K->610887K(1336320K), 0.0067075 secs] [Times: user=0.02 sys=0.00, real=0.01 secs] 
581.536: [GC (Allocation Failure) [PSYoungGen: 270676K->184430K(465920K)] 843847K->758855K(1336320K), 0.0202347 secs] [Times: user=0.03 sys=0.00, real=0.02 secs] 
581.819: [GC (Allocation Failure) [PSYoungGen: 417390K->184333K(465920K)] 991815K->759039K(1336320K), 0.0201021 secs] [Times: user=0.03 sys=0.00, real=0.02 secs] 
582.858: [GC (Allocation Failure) [PSYoungGen: 409379K->92287K(465920K)] 984085K->667394K(1336320K), 0.0157021 secs] [Times: user=0.03 sys=0.00, real=0.02 secs] 
584.024: [GC (Allocation Failure) [PSYoungGen: 325247K->37877K(465920K)] 900354K->613172K(1336320K), 0.0054634 secs] [Times: user=0.02 sys=0.00, real=0.00 secs] 
584.293: [GC (Allocation Failure) [PSYoungGen: 270837K->184719K(465920K)] 846132K->761259K(1336320K), 0.0201484 secs] [Times: user=0.03 sys=0.00, real=0.02 secs] 
584.577: [GC (Allocation Failure) [PSYoungGen: 417679K->184719K(465920K)] 994219K->761540K(1336320K), 0.0201567 secs] [Times: user=0.03 sys=0.00, real=0.02 secs] 
585.536: [GC (Allocation Failure) [PSYoungGen: 407282K->91484K(465920K)] 984104K->668570K(1336320K), 0.0250346 secs] [Times: user=0.05 sys=0.00, real=0.02 secs] 
586.958: [GC (Allocation Failure) [PSYoungGen: 324444K->37813K(465920K)] 901530K->615205K(1336320K), 0.0069383 secs] [Times: user=0.01 sys=0.00, real=0.01 secs] 
587.253: [GC (Allocation Failure) [PSYoungGen: 270773K->184687K(465920K)] 848165K->763333K(1336320K), 0.0203284 secs] [Times: user=0.02 sys=0.00, real=0.02 secs] 
587.537: [GC (Allocation Failure) [PSYoungGen: 417647K->184783K(465920K)] 996293K->763702K(1336320K), 0.0200345 secs] [Times: user=0.03 sys=0.00, real=0.02 secs] 
588.223: [GC (Allocation Failure) [PSYoungGen: 407340K->91499K(465920K)] 986259K->670708K(1336320K), 0.0106485 secs] [Times: user=0.02 sys=0.00, real=0.01 secs] 
589.371: [GC (Allocation Failure) [PSYoungGen: 324459K->37716K(465920K)] 903668K->617230K(1336320K), 0.0073719 secs] [Times: user=0.02 sys=0.00, real=0.01 secs] 
589.780: [GC (Allocation Failure) [PSYoungGen: 270676K->184687K(465920K)] 850190K->765575K(1336320K), 0.0202049 secs] [Times: user=0.03 sys=0.00, real=0.02 secs] 
590.126: [GC (Allocation Failure) [PSYoungGen: 417647K->184687K(465920K)] 998535K->765727K(1336320K), 0.0201731 secs] [Times: user=0.03 sys=0.00, real=0.02 secs] 
590.861: [GC (Allocation Failure) [PSYoungGen: 407246K->91580K(465920K)] 988286K->672886K(1336320K), 0.0122027 secs] [Times: user=0.03 sys=0.00, real=0.02 secs] 
592.438: [GC (Allocation Failure) [PSYoungGen: 324540K->37427K(465920K)] 905846K->619038K(1336320K), 0.0067642 secs] [Times: user=0.01 sys=0.00, real=0.01 secs] 
592.723: [GC (Allocation Failure) [PSYoungGen: 270387K->183787K(465920K)] 851998K->766652K(1336320K), 0.0200099 secs] [Times: user=0.02 sys=0.00, real=0.02 secs] 
593.010: [GC (Allocation Failure) [PSYoungGen: 416747K->184655K(465920K)] 999612K->767793K(1336320K), 0.0201344 secs] [Times: user=0.02 sys=0.00, real=0.02 secs] 
594.154: [GC (Allocation Failure) [PSYoungGen: 410065K->92737K(465920K)] 993203K->676140K(1336320K), 0.0112666 secs] [Times: user=0.03 sys=0.00, real=0.01 secs] 
595.045: [GC (Allocation Failure) [PSYoungGen: 325697K->38037K(465920K)] 909100K->621764K(1336320K), 0.0053452 secs] [Times: user=0.01 sys=0.00, real=0.00 secs] 
595.311: [GC (Allocation Failure) [PSYoungGen: 270997K->184558K(465920K)] 854724K->769531K(1336320K), 0.0201042 secs] [Times: user=0.02 sys=0.00, real=0.02 secs] 
595.593: [GC (Allocation Failure) [PSYoungGen: 417518K->184333K(465920K)] 1002491K->769587K(1336320K), 0.0199491 secs] [Times: user=0.03 sys=0.00, real=0.02 secs] 
596.776: [GC (Allocation Failure) [PSYoungGen: 406655K->91917K(465920K)] 991908K->677444K(1336320K), 0.0186726 secs] [Times: user=0.04 sys=0.00, real=0.02 secs] 
597.825: [GC (Allocation Failure) [PSYoungGen: 324877K->37909K(465920K)] 910404K->623757K(1336320K), 0.0054993 secs] [Times: user=0.02 sys=0.00, real=0.00 secs] 
598.093: [GC (Allocation Failure) [PSYoungGen: 270869K->184944K(465920K)] 856717K->772054K(1336320K), 0.0201459 secs] [Times: user=0.03 sys=0.00, real=0.02 secs] 
598.377: [GC (Allocation Failure) [PSYoungGen: 417904K->184205K(465920K)] 1005014K->771716K(1336320K), 0.0201722 secs] [Times: user=0.03 sys=0.00, real=0.02 secs] 
599.908: [GC (Allocation Failure) [PSYoungGen: 407190K->91773K(465920K)] 994701K->679428K(1336320K), 0.0189467 secs] [Times: user=0.04 sys=0.00, real=0.02 secs] 
602.032: [GC (Allocation Failure) [PSYoungGen: 324733K->37684K(465920K)] 912388K->625632K(1336320K), 0.0080856 secs] [Times: user=0.02 sys=0.00, real=0.01 secs] 
602.357: [GC (Allocation Failure) [PSYoungGen: 270644K->184655K(465920K)] 858592K->773856K(1336320K), 0.0200594 secs] [Times: user=0.03 sys=0.00, real=0.02 secs] 
602.639: [GC (Allocation Failure) [PSYoungGen: 417615K->184687K(465920K)] 1006816K->774289K(1336320K), 0.0201205 secs] [Times: user=0.03 sys=0.00, real=0.02 secs] 
604.262: [GC (Allocation Failure) [PSYoungGen: 407388K->91644K(465920K)] 996991K->681520K(1336320K), 0.0118143 secs] [Times: user=0.03 sys=0.00, real=0.02 secs] 
605.066: [GC (Allocation Failure) [PSYoungGen: 324604K->38037K(465920K)] 914480K->628106K(1336320K), 0.0053675 secs] [Times: user=0.01 sys=0.00, real=0.00 secs] 
605.332: [GC (Allocation Failure) [PSYoungGen: 270997K->183916K(465920K)] 861066K->775238K(1336320K), 0.0200184 secs] [Times: user=0.02 sys=0.00, real=0.02 secs] 
605.615: [GC (Allocation Failure) [PSYoungGen: 416876K->184462K(465920K)] 1008198K->776065K(1336320K), 0.0199978 secs] [Times: user=0.03 sys=0.00, real=0.02 secs] 
607.646: [GC (Allocation Failure) [PSYoungGen: 409703K->92351K(465920K)] 1001307K->684220K(1336320K), 0.0188050 secs] [Times: user=0.04 sys=0.00, real=0.02 secs] 
609.412: [GC (Allocation Failure) [PSYoungGen: 325311K->37845K(465920K)] 917180K->630037K(1336320K), 0.0068901 secs] [Times: user=0.01 sys=0.00, real=0.01 secs] 
609.709: [GC (Allocation Failure) [PSYoungGen: 270805K->184655K(465920K)] 862997K->778101K(1336320K), 0.0201095 secs] [Times: user=0.03 sys=0.00, real=0.02 secs] 
609.991: [GC (Allocation Failure) [PSYoungGen: 417615K->184719K(465920K)] 1011061K->778446K(1336320K), 0.0200122 secs] [Times: user=0.02 sys=0.00, real=0.02 secs] 
611.585: [GC (Allocation Failure) [PSYoungGen: 407287K->91499K(465920K)] 1001014K->685500K(1336320K), 0.0161982 secs] [Times: user=0.03 sys=0.00, real=0.01 secs] 
613.463: [GC (Allocation Failure) [PSYoungGen: 324459K->37684K(465920K)] 918460K->632000K(1336320K), 0.0062761 secs] [Times: user=0.01 sys=0.00, real=0.00 secs] 
613.814: [GC (Allocation Failure) [PSYoungGen: 270644K->183787K(465920K)] 864960K->779356K(1336320K), 0.0201491 secs] [Times: user=0.03 sys=0.00, real=0.02 secs] 
614.095: [GC (Allocation Failure) [PSYoungGen: 416747K->184430K(465920K)] 1012316K->780280K(1336320K), 0.0200782 secs] [Times: user=0.03 sys=0.00, real=0.02 secs] 
615.889: [GC (Allocation Failure) [PSYoungGen: 409540K->92817K(465920K)] 1005390K->689069K(1336320K), 0.0148337 secs] [Times: user=0.03 sys=0.00, real=0.02 secs] 
617.625: [GC (Allocation Failure) [PSYoungGen: 325777K->37459K(465920K)] 922029K->633888K(1336320K), 0.0054973 secs] [Times: user=0.01 sys=0.00, real=0.00 secs] 
617.895: [GC (Allocation Failure) [PSYoungGen: 270419K->184687K(465920K)] 866848K->782378K(1336320K), 0.0201230 secs] [Times: user=0.03 sys=0.00, real=0.02 secs] 
618.177: [GC (Allocation Failure) [PSYoungGen: 417647K->184623K(465920K)] 1015338K->782715K(1336320K), 0.0200825 secs] [Times: user=0.03 sys=0.00, real=0.02 secs] 
618.901: [GC (Allocation Failure) [PSYoungGen: 409629K->91869K(465920K)] 1007721K->690235K(1336320K), 0.0116145 secs] [Times: user=0.02 sys=0.00, real=0.01 secs] 
619.773: [GC (Allocation Failure) [PSYoungGen: 324829K->37941K(465920K)] 923195K->636470K(1336320K), 0.0053985 secs] [Times: user=0.01 sys=0.00, real=0.00 secs] 
620.039: [GC (Allocation Failure) [PSYoungGen: 270901K->184430K(465920K)] 869430K->784204K(1336320K), 0.0200901 secs] [Times: user=0.03 sys=0.00, real=0.02 secs] 
620.323: [GC (Allocation Failure) [PSYoungGen: 417390K->184687K(465920K)] 1017164K->784871K(1336320K), 0.0200959 secs] [Times: user=0.03 sys=0.00, real=0.02 secs] 
621.558: [GC (Allocation Failure) [PSYoungGen: 407219K->91628K(465920K)] 1007404K->691957K(1336320K), 0.0126784 secs] [Times: user=0.03 sys=0.00, real=0.01 secs] 
622.919: [GC (Allocation Failure) [PSYoungGen: 324588K->37556K(465920K)] 924917K->638190K(1336320K), 0.0065305 secs] [Times: user=0.01 sys=0.00, real=0.01 secs] 
623.207: [GC (Allocation Failure) [PSYoungGen: 270516K->184687K(465920K)] 871150K->786575K(1336320K), 0.0202363 secs] [Times: user=0.02 sys=0.00, real=0.02 secs] 
623.494: [GC (Allocation Failure) [PSYoungGen: 417647K->184687K(465920K)] 1019535K->786856K(1336320K), 0.0201624 secs] [Times: user=0.02 sys=0.00, real=0.02 secs] 
625.102: [GC (Allocation Failure) [PSYoungGen: 407493K->91757K(465920K)] 1009662K->694199K(1336320K), 0.0187072 secs] [Times: user=0.04 sys=0.00, real=0.02 secs] 
627.660: [GC (Allocation Failure) [PSYoungGen: 324717K->37748K(465920K)] 927159K->640488K(1336320K), 0.0084089 secs] [Times: user=0.02 sys=0.00, real=0.01 secs] 
628.052: [GC (Allocation Failure) [PSYoungGen: 270708K->183787K(465920K)] 873448K->787781K(1336320K), 0.0203765 secs] [Times: user=0.02 sys=0.00, real=0.02 secs] 
628.338: [GC (Allocation Failure) [PSYoungGen: 416747K->184462K(465920K)] 1020741K->788728K(1336320K), 0.0200963 secs] [Times: user=0.03 sys=0.00, real=0.02 secs] 
629.009: [GC (Allocation Failure) [PSYoungGen: 409666K->92785K(465920K)] 1013933K->697324K(1336320K), 0.0120891 secs] [Times: user=0.02 sys=0.00, real=0.01 secs] 
629.974: [GC (Allocation Failure) [PSYoungGen: 325745K->37941K(465920K)] 930284K->642787K(1336320K), 0.0082059 secs] [Times: user=0.02 sys=0.00, real=0.00 secs] 
630.298: [GC (Allocation Failure) [PSYoungGen: 270901K->184655K(465920K)] 875747K->790746K(1336320K), 0.0201120 secs] [Times: user=0.03 sys=0.00, real=0.02 secs] 
630.580: [GC (Allocation Failure) [PSYoungGen: 417615K->184655K(465920K)] 1023706K->791019K(1336320K), 0.0200132 secs] [Times: user=0.03 sys=0.00, real=0.02 secs] 
631.700: [GC (Allocation Failure) [PSYoungGen: 407227K->91403K(465920K)] 1013591K->698040K(1336320K), 0.0200209 secs] [Times: user=0.04 sys=0.00, real=0.02 secs] 
632.999: [GC (Allocation Failure) [PSYoungGen: 324363K->37973K(465920K)] 931000K->644916K(1336320K), 0.0054423 secs] [Times: user=0.01 sys=0.00, real=0.01 secs] 
633.266: [GC (Allocation Failure) [PSYoungGen: 270933K->183916K(465920K)] 877876K->792112K(1336320K), 0.0200509 secs] [Times: user=0.03 sys=0.00, real=0.02 secs] 
633.547: [GC (Allocation Failure) [PSYoungGen: 416876K->184462K(465920K)] 1025072K->792931K(1336320K), 0.0202649 secs] [Times: user=0.02 sys=0.00, real=0.02 secs] 
634.990: [GC (Allocation Failure) [PSYoungGen: 409679K->92335K(465920K)] 1018148K->701086K(1336320K), 0.0164199 secs] [Times: user=0.03 sys=0.00, real=0.02 secs] 
636.895: [GC (Allocation Failure) [PSYoungGen: 325295K->37716K(465920K)] 934046K->646766K(1336320K), 0.0073173 secs] [Times: user=0.01 sys=0.00, real=0.01 secs] 
637.200: [GC (Allocation Failure) [PSYoungGen: 270676K->184719K(465920K)] 879726K->795022K(1336320K), 0.0202057 secs] [Times: user=0.02 sys=0.00, real=0.02 secs] 
637.483: [GC (Allocation Failure) [PSYoungGen: 417679K->184590K(465920K)] 1027982K->795303K(1336320K), 0.0202328 secs] [Times: user=0.03 sys=0.00, real=0.02 secs] 
638.752: [GC (Allocation Failure) [PSYoungGen: 407048K->91757K(465920K)] 1017762K->702622K(1336320K), 0.0162662 secs] [Times: user=0.04 sys=0.00, real=0.02 secs] 
639.963: [GC (Allocation Failure) [PSYoungGen: 324717K->37716K(465920K)] 935582K->648896K(1336320K), 0.0058096 secs] [Times: user=0.02 sys=0.00, real=0.00 secs] 
640.288: [GC (Allocation Failure) [PSYoungGen: 270676K->184655K(465920K)] 881856K->797080K(1336320K), 0.0201062 secs] [Times: user=0.03 sys=0.00, real=0.02 secs] 
640.628: [GC (Allocation Failure) [PSYoungGen: 417615K->186486K(465920K)] 1030040K->799184K(1336320K), 0.0202947 secs] [Times: user=0.03 sys=0.00, real=0.02 secs] 
642.276: [GC (Allocation Failure) [PSYoungGen: 408396K->89813K(465920K)] 1021095K->702776K(1336320K), 0.0259003 secs] [Times: user=0.06 sys=0.00, real=0.02 secs] 
643.911: [GC (Allocation Failure) [PSYoungGen: 322773K->37813K(465920K)] 935736K->651076K(1336320K), 0.0074008 secs] [Times: user=0.02 sys=0.00, real=0.01 secs] 
644.218: [GC (Allocation Failure) [PSYoungGen: 270773K->184783K(465920K)] 884036K->799292K(1336320K), 0.0201066 secs] [Times: user=0.03 sys=0.00, real=0.02 secs] 
644.500: [GC (Allocation Failure) [PSYoungGen: 417743K->184109K(465920K)] 1032252K->799019K(1336320K), 0.0201579 secs] [Times: user=0.03 sys=0.00, real=0.02 secs] 
645.129: [GC (Allocation Failure) [PSYoungGen: 406847K->91869K(465920K)] 1021757K->706916K(1336320K), 0.0098041 secs] [Times: user=0.02 sys=0.00, real=0.01 secs] 
646.119: [GC (Allocation Failure) [PSYoungGen: 324829K->37556K(465920K)] 939876K->652924K(1336320K), 0.0067745 secs] [Times: user=0.02 sys=0.00, real=0.01 secs] 
646.409: [GC (Allocation Failure) [PSYoungGen: 270516K->184687K(465920K)] 885884K->801309K(1336320K), 0.0201984 secs] [Times: user=0.02 sys=0.00, real=0.02 secs] 
646.691: [GC (Allocation Failure) [PSYoungGen: 417647K->184623K(465920K)] 1034269K->801646K(1336320K), 0.0201395 secs] [Times: user=0.03 sys=0.00, real=0.02 secs] 
648.064: [GC (Allocation Failure) [PSYoungGen: 409665K->91741K(465920K)] 1026689K->709029K(1336320K), 0.0189535 secs] [Times: user=0.04 sys=0.00, real=0.02 secs] 
650.074: [GC (Allocation Failure) [PSYoungGen: 324701K->37941K(465920K)] 941989K->655411K(1336320K), 0.0084223 secs] [Times: user=0.02 sys=0.00, real=0.01 secs] 
650.400: [GC (Allocation Failure) [PSYoungGen: 270901K->184655K(465920K)] 888371K->803499K(1336320K), 0.0201261 secs] [Times: user=0.03 sys=0.00, real=0.02 secs] 
650.684: [GC (GCLocker Initiated GC) [PSYoungGen: 417615K->183787K(465920K)] 1036459K->802784K(1336320K), 0.0201059 secs] [Times: user=0.03 sys=0.00, real=0.02 secs] 
651.425: [GC (Allocation Failure) [PSYoungGen: 416747K->75807K(465920K)] 1052131K->711456K(1336320K), 0.0108672 secs] [Times: user=0.01 sys=0.01, real=0.01 secs] 
652.282: [GC (Allocation Failure) [PSYoungGen: 308767K->60593K(465920K)] 944416K->696476K(1336320K), 0.0079747 secs] [Times: user=0.02 sys=0.00, real=0.00 secs] 
652.555: [GC (Allocation Failure) [PSYoungGen: 293553K->186325K(465920K)] 929436K->823574K(1336320K), 0.0203995 secs] [Times: user=0.03 sys=0.00, real=0.02 secs] 
652.837: [GC (Allocation Failure) [PSYoungGen: 419285K->184783K(465920K)] 1056534K->822176K(1336320K), 0.0202814 secs] [Times: user=0.03 sys=0.00, real=0.02 secs] 
653.661: [GC (Allocation Failure) [PSYoungGen: 417743K->50488K(465920K)] 1055136K->688153K(1336320K), 0.0078202 secs] [Times: user=0.01 sys=0.00, real=0.01 secs] 
654.376: [GC (Allocation Failure) [PSYoungGen: 283448K->85784K(465920K)] 921113K->723750K(1336320K), 0.0103333 secs] [Times: user=0.01 sys=0.00, real=0.01 secs] 
654.651: [GC (Allocation Failure) [PSYoungGen: 318744K->186518K(465920K)] 956710K->825866K(1336320K), 0.0204902 secs] [Times: user=0.03 sys=0.00, real=0.02 secs] 
654.995: [GC (Allocation Failure) [PSYoungGen: 419478K->186132K(465920K)] 1058826K->825754K(1336320K), 0.0204770 secs] [Times: user=0.03 sys=0.00, real=0.02 secs] 
656.234: [GC (Allocation Failure) [PSYoungGen: 419092K->23899K(465920K)] 1058714K->663785K(1336320K), 0.0091901 secs] [Times: user=0.04 sys=0.00, real=0.01 secs] 
657.211: [GC (Allocation Failure) [PSYoungGen: 256859K->112452K(465920K)] 896745K->752524K(1336320K), 0.0129234 secs] [Times: user=0.02 sys=0.00, real=0.02 secs] 
657.546: [GC (Allocation Failure) [PSYoungGen: 345412K->186036K(465920K)] 985484K->827473K(1336320K), 0.0205913 secs] [Times: user=0.03 sys=0.00, real=0.02 secs] 
657.893: [GC (Allocation Failure) [PSYoungGen: 418996K->183782K(465920K)] 1060433K->825380K(1336320K), 0.0200851 secs] [Times: user=0.03 sys=0.00, real=0.02 secs] 
659.928: [GC (Allocation Failure) [PSYoungGen: 416742K->96K(465920K)] 1058340K->643077K(1336320K), 0.0034758 secs] [Times: user=0.01 sys=0.00, real=0.00 secs] 
660.811: [GC (Allocation Failure) [PSYoungGen: 233056K->135297K(465920K)] 876037K->778335K(1336320K), 0.0153092 secs] [Times: user=0.03 sys=0.00, real=0.02 secs] 
661.087: [GC (Allocation Failure) [PSYoungGen: 368257K->184141K(465920K)] 1011295K->828424K(1336320K), 0.0203948 secs] [Times: user=0.03 sys=0.00, real=0.02 secs] 
661.577: [GC (Allocation Failure) [PSYoungGen: 417101K->164704K(465920K)] 1061384K->809252K(1336320K), 0.0226192 secs] [Times: user=0.02 sys=0.00, real=0.02 secs] 
663.972: [GC (Allocation Failure) [PSYoungGen: 397664K->96K(465920K)] 1042212K->646078K(1336320K), 0.0031073 secs] [Times: user=0.02 sys=0.00, real=0.01 secs] 
664.695: [GC (Allocation Failure) [PSYoungGen: 233056K->156953K(465920K)] 879038K->802960K(1336320K), 0.0175520 secs] [Times: user=0.02 sys=0.00, real=0.02 secs] 
665.033: [GC (Allocation Failure) [PSYoungGen: 389913K->184269K(465920K)] 1035920K->831513K(1336320K), 0.0204441 secs] [Times: user=0.03 sys=0.00, real=0.02 secs] 
665.552: [GC (Allocation Failure) [PSYoungGen: 417229K->149128K(465920K)] 1064473K->796636K(1336320K), 0.0308045 secs] [Times: user=0.05 sys=0.00, real=0.04 secs] 
667.143: [GC (Allocation Failure) [PSYoungGen: 382088K->96K(465920K)] 1029596K->649052K(1336320K), 0.0032910 secs] [Times: user=0.01 sys=0.00, real=0.00 secs] 
667.527: [GC (Allocation Failure) [PSYoungGen: 233056K->179252K(465920K)] 882012K->828233K(1336320K), 0.0197696 secs] [Times: user=0.03 sys=0.00, real=0.02 secs] 
667.809: [GC (Allocation Failure) [PSYoungGen: 412212K->184398K(465920K)] 1061193K->834624K(1336320K), 0.0204140 secs] [Times: user=0.03 sys=0.00, real=0.02 secs] 
668.356: [GC (Allocation Failure) [PSYoungGen: 417358K->135004K(465920K)] 1067584K->785504K(1336320K), 0.0155395 secs] [Times: user=0.03 sys=0.00, real=0.01 secs] 
669.675: [GC (Allocation Failure) [PSYoungGen: 367964K->17570K(465920K)] 1018464K->668359K(1336320K), 0.0069127 secs] [Times: user=0.02 sys=0.00, real=0.00 secs] 
670.048: [GC (Allocation Failure) [PSYoungGen: 250530K->186325K(465920K)] 901319K->838352K(1336320K), 0.0203847 secs] [Times: user=0.03 sys=0.00, real=0.02 secs] 
670.332: [GC (Allocation Failure) [PSYoungGen: 419285K->184783K(465920K)] 1071312K->837083K(1336320K), 0.0200230 secs] [Times: user=0.03 sys=0.00, real=0.02 secs] 
671.354: [GC (Allocation Failure) [PSYoungGen: 417743K->110039K(465920K)] 1070043K->762604K(1336320K), 0.0281403 secs] [Times: user=0.05 sys=0.00, real=0.02 secs] 
672.861: [GC (Allocation Failure) [PSYoungGen: 342999K->42215K(465920K)] 995564K->695081K(1336320K), 0.0065563 secs] [Times: user=0.01 sys=0.00, real=0.01 secs] 
673.132: [GC (Allocation Failure) [PSYoungGen: 275175K->186357K(465920K)] 928041K->840462K(1336320K), 0.0203671 secs] [Times: user=0.03 sys=0.00, real=0.02 secs] 
673.416: [GC (Allocation Failure) [PSYoungGen: 419317K->185972K(465920K)] 1073422K->840478K(1336320K), 0.0203894 secs] [Times: user=0.02 sys=0.00, real=0.02 secs] 
674.909: [GC (Allocation Failure) [PSYoungGen: 418932K->67774K(465920K)] 1073438K->722416K(1336320K), 0.0117674 secs] [Times: user=0.02 sys=0.00, real=0.01 secs] 
676.362: [GC (Allocation Failure) [PSYoungGen: 300734K->68016K(465920K)] 955376K->722956K(1336320K), 0.0089849 secs] [Times: user=0.01 sys=0.00, real=0.01 secs] 
676.639: [GC (Allocation Failure) [PSYoungGen: 300976K->186357K(465920K)] 955916K->842543K(1336320K), 0.0205473 secs] [Times: user=0.03 sys=0.00, real=0.02 secs] 
676.923: [GC (Allocation Failure) [PSYoungGen: 419317K->184815K(465920K)] 1075503K->841274K(1336320K), 0.0203910 secs] [Times: user=0.02 sys=0.00, real=0.02 secs] 
679.769: [GC (Allocation Failure) [PSYoungGen: 417775K->43065K(465920K)] 1074234K->699918K(1336320K), 0.0115870 secs] [Times: user=0.02 sys=0.00, real=0.01 secs] 
680.580: [GC (Allocation Failure) [PSYoungGen: 276025K->90667K(465920K)] 932878K->747715K(1336320K), 0.0107400 secs] [Times: user=0.01 sys=0.00, real=0.01 secs] 
680.853: [GC (Allocation Failure) [PSYoungGen: 323627K->184301K(465920K)] 980675K->842602K(1336320K), 0.0202538 secs] [Times: user=0.03 sys=0.00, real=0.02 secs] 
681.136: [GC (Allocation Failure) [PSYoungGen: 417261K->184141K(465920K)] 1075562K->842715K(1336320K), 0.0201539 secs] [Times: user=0.03 sys=0.00, real=0.02 secs] 
683.218: [GC (Allocation Failure) [PSYoungGen: 417101K->23257K(465920K)] 1075675K->682096K(1336320K), 0.0062578 secs] [Times: user=0.02 sys=0.00, real=0.01 secs] 
684.173: [GC (Allocation Failure) [PSYoungGen: 256217K->112481K(465920K)] 915056K->771636K(1336320K), 0.0129711 secs] [Times: user=0.02 sys=0.00, real=0.01 secs] 
684.447: [GC (Allocation Failure) [PSYoungGen: 345441K->183755K(465920K)] 1004596K->844148K(1336320K), 0.0202831 secs] [Times: user=0.03 sys=0.00, real=0.02 secs] 
684.729: [GC (Allocation Failure) [PSYoungGen: 416715K->184365K(465920K)] 1077108K->845031K(1336320K), 0.0202324 secs] [Times: user=0.03 sys=0.00, real=0.02 secs] 
687.011: [GC (Allocation Failure) [PSYoungGen: 417325K->1729K(465920K)] 1077991K->662660K(1336320K), 0.0035391 secs] [Times: user=0.01 sys=0.00, real=0.01 secs] 
687.806: [GC (Allocation Failure) [PSYoungGen: 234689K->133334K(465920K)] 895620K->794573K(1336320K), 0.0150130 secs] [Times: user=0.02 sys=0.00, real=0.01 secs] 
688.142: [GC (Allocation Failure) [PSYoungGen: 366294K->184815K(465920K)] 1027533K->847428K(1336320K), 0.0203169 secs] [Times: user=0.03 sys=0.00, real=0.02 secs] 
688.699: [GC (Allocation Failure) [PSYoungGen: 417775K->166118K(465920K)] 1080388K->828867K(1336320K), 0.0369058 secs] [Times: user=0.06 sys=0.00, real=0.04 secs] 
690.877: [GC (Allocation Failure) [PSYoungGen: 399078K->64K(465920K)] 1061827K->664244K(1336320K), 0.0047524 secs] [Times: user=0.02 sys=0.00, real=0.00 secs] 
691.797: [GC (Allocation Failure) [PSYoungGen: 233024K->158207K(465920K)] 897204K->822411K(1336320K), 0.0175089 secs] [Times: user=0.03 sys=0.00, real=0.02 secs] 
692.079: [GC (Allocation Failure) [PSYoungGen: 391167K->186068K(465920K)] 1055371K->851519K(1336320K), 0.0203645 secs] [Times: user=0.03 sys=0.00, real=0.02 secs] 
692.872: [GC (Allocation Failure) [PSYoungGen: 419028K->146091K(465920K)] 1084479K->811806K(1336320K), 0.0195151 secs] [Times: user=0.03 sys=0.00, real=0.02 secs] 
694.683: [GC (Allocation Failure) [PSYoungGen: 379051K->96K(465920K)] 1044766K->667251K(1336320K), 0.0026863 secs] [Times: user=0.01 sys=0.00, real=0.00 secs] 
695.039: [GC (Allocation Failure) [PSYoungGen: 233056K->183461K(465920K)] 900211K->850624K(1336320K), 0.0201207 secs] [Times: user=0.02 sys=0.00, real=0.02 secs] 
695.324: [GC (Allocation Failure) [PSYoungGen: 416421K->186197K(465920K)] 1083584K->854734K(1336320K), 0.0205098 secs] [Times: user=0.03 sys=0.00, real=0.02 secs] 
697.123: [GC (Allocation Failure) [PSYoungGen: 419157K->128964K(465920K)] 1087694K->797638K(1336320K), 0.0366261 secs] [Times: user=0.07 sys=0.00, real=0.03 secs] 
699.186: [GC (Allocation Failure) [PSYoungGen: 361924K->23704K(465920K)] 1030598K->692678K(1336320K), 0.0049786 secs] [Times: user=0.02 sys=0.00, real=0.00 secs] 
699.460: [GC (Allocation Failure) [PSYoungGen: 256664K->185940K(465920K)] 925638K->856288K(1336320K), 0.0204803 secs] [Times: user=0.03 sys=0.00, real=0.02 secs] 
699.801: [GC (Allocation Failure) [PSYoungGen: 418900K->185940K(465920K)] 1089248K->856432K(1336320K), 0.0204245 secs] [Times: user=0.03 sys=0.00, real=0.02 secs] 
701.082: [GC (Allocation Failure) [PSYoungGen: 418900K->103067K(465920K)] 1089392K->773824K(1336320K), 0.0169973 secs] [Times: user=0.04 sys=0.00, real=0.02 secs] 
702.415: [GC (Allocation Failure) [PSYoungGen: 336027K->50183K(465920K)] 1006784K->721250K(1336320K), 0.0068699 secs] [Times: user=0.01 sys=0.00, real=0.00 secs] 
702.770: [GC (Allocation Failure) [PSYoungGen: 283143K->185843K(465920K)] 954210K->858148K(1336320K), 0.0205492 secs] [Times: user=0.03 sys=0.00, real=0.02 secs] 
703.056: [GC (Allocation Failure) [PSYoungGen: 418803K->185811K(465920K)] 1091108K->858389K(1336320K), 0.0205657 secs] [Times: user=0.03 sys=0.00, real=0.02 secs] 
705.428: [GC (Allocation Failure) [PSYoungGen: 418771K->60448K(465920K)] 1091349K->733291K(1336320K), 0.0131227 secs] [Times: user=0.03 sys=0.00, real=0.01 secs] 
706.689: [GC (Allocation Failure) [PSYoungGen: 293371K->75117K(465920K)] 966214K->748265K(1336320K), 0.0093506 secs] [Times: user=0.02 sys=0.00, real=0.01 secs] 
706.965: [GC (Allocation Failure) [PSYoungGen: 308077K->186325K(465920K)] 981225K->860728K(1336320K), 0.0205157 secs] [Times: user=0.03 sys=0.00, real=0.02 secs] 
707.253: [GC (Allocation Failure) [PSYoungGen: 419285K->186100K(465920K)] 1093688K->860776K(1336320K), 0.0204896 secs] [Times: user=0.03 sys=0.00, real=0.02 secs] 
709.187: [GC (Allocation Failure) [PSYoungGen: 419060K->34679K(465920K)] 1093736K->709748K(1336320K), 0.0079866 secs] [Times: user=0.02 sys=0.00, real=0.01 secs] 
710.372: [GC (Allocation Failure) [PSYoungGen: 267639K->100885K(465920K)] 942708K->776147K(1336320K), 0.0118749 secs] [Times: user=0.02 sys=0.00, real=0.02 secs] 
710.646: [GC (Allocation Failure) [PSYoungGen: 333845K->184815K(465920K)] 1009107K->861315K(1336320K), 0.0202583 secs] [Times: user=0.03 sys=0.00, real=0.02 secs] 
710.992: [GC (Allocation Failure) [PSYoungGen: 417775K->184044K(465920K)] 1094275K->860945K(1336320K), 0.0203270 secs] [Times: user=0.02 sys=0.00, real=0.02 secs] 
712.896: [GC (Allocation Failure) [PSYoungGen: 417004K->12621K(465920K)] 1093905K->689659K(1336320K), 0.0045381 secs] [Times: user=0.01 sys=0.00, real=0.00 secs] 
714.010: [GC (Allocation Failure) [PSYoungGen: 245581K->122831K(465920K)] 922619K->800182K(1336320K), 0.0139904 secs] [Times: user=0.02 sys=0.00, real=0.02 secs] 
714.287: [GC (Allocation Failure) [PSYoungGen: 355791K->184912K(465920K)] 1033142K->863509K(1336320K), 0.0202069 secs] [Times: user=0.02 sys=0.00, real=0.02 secs] 
714.646: [GC (Allocation Failure) [PSYoungGen: 417872K->175424K(465920K)] 1096469K->854286K(1336320K), 0.0217378 secs] [Times: user=0.03 sys=0.00, real=0.02 secs] 
715.718: [GC (Allocation Failure) [PSYoungGen: 408384K->64K(465920K)] 1087246K->680374K(1336320K), 0.0024675 secs] [Times: user=0.01 sys=0.00, real=0.00 secs] 
716.229: [GC (Allocation Failure) [PSYoungGen: 233024K->145643K(465920K)] 913334K->825970K(1336320K), 0.0163838 secs] [Times: user=0.02 sys=0.00, real=0.02 secs] 
716.508: [GC (Allocation Failure) [PSYoungGen: 378603K->184301K(465920K)] 1058930K->865994K(1336320K), 0.0207495 secs] [Times: user=0.03 sys=0.00, real=0.02 secs] 
716.934: [GC (Allocation Failure) [PSYoungGen: 417261K->160486K(465920K)] 1098954K->842323K(1336320K), 0.0185554 secs] [Times: user=0.02 sys=0.00, real=0.02 secs] 
719.831: [GC (Allocation Failure) [PSYoungGen: 393446K->96K(465920K)] 1075283K->683380K(1336320K), 0.0036880 secs] [Times: user=0.02 sys=0.00, real=0.01 secs] 
720.531: [GC (Allocation Failure) [PSYoungGen: 233056K->166753K(465920K)] 916340K->850070K(1336320K), 0.0183785 secs] [Times: user=0.03 sys=0.00, real=0.02 secs] 
720.872: [GC (Allocation Failure) [PSYoungGen: 399713K->184398K(465920K)] 1083030K->868960K(1336320K), 0.0203528 secs] [Times: user=0.02 sys=0.00, real=0.02 secs] 
721.482: [GC (Allocation Failure) [PSYoungGen: 414270K->139295K(465920K)] 1098832K->824131K(1336320K), 0.0188827 secs] [Times: user=0.03 sys=0.00, real=0.02 secs] 
723.709: [GC (Allocation Failure) [PSYoungGen: 372196K->128K(465920K)] 1057032K->685271K(1336320K), 0.0031577 secs] [Times: user=0.01 sys=0.00, real=0.00 secs] 
724.033: [GC (Allocation Failure) [PSYoungGen: 233088K->184072K(465920K)] 918231K->869239K(1336320K), 0.0201616 secs] [Times: user=0.03 sys=0.00, real=0.02 secs] 
724.315: [GC (Allocation Failure) [PSYoungGen: 417032K->184398K(465920K)] 1102199K->870802K(1336320K), 0.0203923 secs] [Times: user=0.03 sys=0.00, real=0.02 secs] 
725.146: [GC (Allocation Failure) [PSYoungGen: 417358K->130121K(465920K)] 1103762K->816790K(1336320K), 0.0347014 secs] [Times: user=0.07 sys=0.00, real=0.03 secs] 
726.144: [GC (Allocation Failure) [PSYoungGen: 363081K->22807K(465920K)] 1049750K->709775K(1336320K), 0.0043411 secs] [Times: user=0.02 sys=0.00, real=0.00 secs] 
726.413: [GC (Allocation Failure) [PSYoungGen: 255767K->186454K(465920K)] 942735K->874675K(1336320K), 0.0206011 secs] [Times: user=0.03 sys=0.00, real=0.02 secs] 
726.700: [GC (Allocation Failure) [PSYoungGen: 419414K->185972K(465920K)] 1107635K->874595K(1336320K), 0.0205272 secs] [Times: user=0.03 sys=0.00, real=0.02 secs] 
727.790: [GC (Allocation Failure) [PSYoungGen: 418932K->103500K(465920K)] 1107555K->792259K(1336320K), 0.0131980 secs] [Times: user=0.03 sys=0.00, real=0.02 secs] 
729.377: [GC (Allocation Failure) [PSYoungGen: 336460K->48384K(465920K)] 1025219K->737458K(1336320K), 0.0077206 secs] [Times: user=0.02 sys=0.00, real=0.01 secs] 
729.655: [GC (Allocation Failure) [PSYoungGen: 281344K->186197K(465920K)] 970418K->876517K(1336320K), 0.0205182 secs] [Times: user=0.03 sys=0.00, real=0.02 secs] 
729.940: [GC (Allocation Failure) [PSYoungGen: 419157K->184655K(465920K)] 1109477K->875248K(1336320K), 0.0204793 secs] [Times: user=0.02 sys=0.00, real=0.02 secs] 
730.855: [GC (Allocation Failure) [PSYoungGen: 417615K->63002K(465920K)] 1108208K->753861K(1336320K), 0.0098813 secs] [Times: user=0.02 sys=0.00, real=0.01 secs] 
732.455: [GC (Allocation Failure) [PSYoungGen: 295962K->72675K(465920K)] 986821K->763855K(1336320K), 0.0105677 secs] [Times: user=0.02 sys=0.00, real=0.01 secs] 
732.739: [GC (Allocation Failure) [PSYoungGen: 305635K->184141K(465920K)] 996815K->876559K(1336320K), 0.0203368 secs] [Times: user=0.03 sys=0.00, real=0.02 secs] 
733.020: [GC (Allocation Failure) [PSYoungGen: 417101K->183755K(465920K)] 1109519K->876446K(1336320K), 0.0201186 secs] [Times: user=0.03 sys=0.00, real=0.02 secs] 
733.804: [GC (Allocation Failure) [PSYoungGen: 416715K->41699K(465920K)] 1109406K->734655K(1336320K), 0.0060817 secs] [Times: user=0.01 sys=0.00, real=0.00 secs] 
734.823: [GC (Allocation Failure) [PSYoungGen: 274659K->94202K(465920K)] 967615K->787468K(1336320K), 0.0111396 secs] [Times: user=0.02 sys=0.00, real=0.01 secs] 
735.095: [GC (Allocation Failure) [PSYoungGen: 327162K->184044K(465920K)] 1020428K->878564K(1336320K), 0.0204069 secs] [Times: user=0.03 sys=0.00, real=0.02 secs] 
735.377: [GC (Allocation Failure) [PSYoungGen: 417004K->184044K(465920K)] 1111524K->878837K(1336320K), 0.0203165 secs] [Times: user=0.03 sys=0.00, real=0.02 secs] 
736.317: [GC (Allocation Failure) [PSYoungGen: 417004K->20043K(465920K)] 1111797K->715101K(1336320K), 0.0046883 secs] [Times: user=0.01 sys=0.00, real=0.00 secs] 
736.901: [GC (Allocation Failure) [PSYoungGen: 253003K->116051K(465920K)] 948061K->811410K(1336320K), 0.0134021 secs] [Times: user=0.02 sys=0.00, real=0.02 secs] 
737.177: [GC (Allocation Failure) [PSYoungGen: 349011K->184944K(465920K)] 1044370K->881541K(1336320K), 0.0206053 secs] [Times: user=0.03 sys=0.00, real=0.02 secs] 
737.672: [GC (Allocation Failure) [PSYoungGen: 417904K->181467K(465920K)] 1114501K->878329K(1336320K), 0.0237847 secs] [Times: user=0.03 sys=0.00, real=0.03 secs] 
740.812: [GC (Allocation Failure) [PSYoungGen: 414427K->96K(465920K)] 1111289K->698403K(1336320K), 0.0039469 secs] [Times: user=0.02 sys=0.00, real=0.01 secs] 
741.864: [GC (Allocation Failure) [PSYoungGen: 233056K->138703K(465920K)] 931363K->837019K(1336320K), 0.0156427 secs] [Times: user=0.02 sys=0.00, real=0.01 secs] 
742.142: [GC (Allocation Failure) [PSYoungGen: 371663K->184269K(465920K)] 1069979K->883831K(1336320K), 0.0203503 secs] [Times: user=0.03 sys=0.00, real=0.02 secs] 
742.821: [GC (Allocation Failure) [PSYoungGen: 417229K->163346K(465920K)] 1116791K->863180K(1336320K), 0.0218479 secs] [Times: user=0.03 sys=0.00, real=0.03 secs] 
744.704: [GC (Allocation Failure) [PSYoungGen: 396306K->128K(465920K)] 1096140K->701412K(1336320K), 0.0030556 secs] [Times: user=0.01 sys=0.00, real=0.00 secs] 
745.235: [GC (Allocation Failure) [PSYoungGen: 233088K->161163K(465920K)] 934372K->862463K(1336320K), 0.0180443 secs] [Times: user=0.03 sys=0.00, real=0.02 secs] 
745.515: [GC (Allocation Failure) [PSYoungGen: 394123K->184815K(465920K)] 1095423K->887361K(1336320K), 0.0204065 secs] [Times: user=0.02 sys=0.00, real=0.02 secs] 
746.163: [GC (Allocation Failure) [PSYoungGen: 417775K->144388K(465920K)] 1120321K->847199K(1336320K), 0.0196721 secs] [Times: user=0.03 sys=0.00, real=0.02 secs] 
747.888: [GC (Allocation Failure) [PSYoungGen: 377348K->96K(465920K)] 1080159K->704352K(1336320K), 0.0042787 secs] [Times: user=0.02 sys=0.00, real=0.00 secs] 
748.321: [GC (Allocation Failure) [PSYoungGen: 233056K->183590K(465920K)] 937312K->887886K(1336320K), 0.0201322 secs] [Times: user=0.02 sys=0.00, real=0.02 secs] 
748.608: [GC (Allocation Failure) [PSYoungGen: 416550K->184558K(465920K)] 1120846K->890100K(1336320K), 0.0202837 secs] [Times: user=0.02 sys=0.00, real=0.02 secs] 
749.728: [GC (Allocation Failure) [PSYoungGen: 417518K->130506K(465920K)] 1123060K->836442K(1336320K), 0.0182641 secs] [Times: user=0.03 sys=0.00, real=0.02 secs] 
752.222: [GC (Allocation Failure) [PSYoungGen: 363466K->21619K(465920K)] 1069402K->727732K(1336320K), 0.0067532 secs] [Times: user=0.02 sys=0.00, real=0.01 secs] 
752.563: [GC (Allocation Failure) [PSYoungGen: 254579K->184173K(465920K)] 960692K->891523K(1336320K), 0.0203067 secs] [Times: user=0.03 sys=0.00, real=0.02 secs] 
752.851: [GC (Allocation Failure) [PSYoungGen: 417133K->184398K(465920K)] 1124483K->892150K(1336320K), 0.0203013 secs] [Times: user=0.03 sys=0.00, real=0.02 secs] 
753.474: [GC (Allocation Failure) [PSYoungGen: 417358K->108529K(465920K)] 1125110K->816554K(1336320K), 0.0124855 secs] [Times: user=0.02 sys=0.00, real=0.01 secs] 
755.149: [GC (Allocation Failure) [PSYoungGen: 341489K->43757K(465920K)] 1049514K->751959K(1336320K), 0.0062863 secs] [Times: user=0.02 sys=0.00, real=0.01 secs] 
755.417: [GC (Allocation Failure) [PSYoungGen: 276717K->184944K(465920K)] 984919K->894392K(1336320K), 0.0203324 secs] [Times: user=0.02 sys=0.00, real=0.02 secs] 
755.697: [GC (GCLocker Initiated GC) [PSYoungGen: 417904K->182502K(465920K)] 1127352K->892223K(1336320K), 0.0201101 secs] [Times: user=0.03 sys=0.00, real=0.02 secs] 
756.393: [GC (Allocation Failure) [PSYoungGen: 415462K->71051K(465920K)] 1125186K->781041K(1336320K), 0.0107313 secs] [Times: user=0.02 sys=0.00, real=0.01 secs] 
757.628: [GC (Allocation Failure) [PSYoungGen: 304011K->64931K(465920K)] 1014001K->775146K(1336320K), 0.0082944 secs] [Times: user=0.02 sys=0.00, real=0.01 secs] 
757.898: [GC (GCLocker Initiated GC) [PSYoungGen: 297891K->184269K(465920K)] 1008106K->895866K(1336320K), 0.0203388 secs] [Times: user=0.03 sys=0.00, real=0.02 secs] 
758.182: [GC (Allocation Failure) [PSYoungGen: 417229K->184783K(465920K)] 1130080K->897778K(1336320K), 0.0202341 secs] [Times: user=0.02 sys=0.01, real=0.03 secs] 
759.052: [GC (Allocation Failure) [PSYoungGen: 417743K->47162K(465920K)] 1130738K->760165K(1336320K), 0.0080732 secs] [Times: user=0.02 sys=0.00, real=0.01 secs] 
760.341: [GC (Allocation Failure) [PSYoungGen: 280122K->88804K(465920K)] 993125K->802153K(1336320K), 0.0106726 secs] [Times: user=0.02 sys=0.00, real=0.01 secs] 
760.616: [GC (Allocation Failure) [PSYoungGen: 321764K->186325K(465920K)] 1035113K->901048K(1336320K), 0.0206385 secs] [Times: user=0.03 sys=0.00, real=0.02 secs] 
760.899: [GC (GCLocker Initiated GC) [PSYoungGen: 419285K->184109K(465920K)] 1134008K->898976K(1336320K), 0.0203717 secs] [Times: user=0.03 sys=0.00, real=0.02 secs] 
761.919: [GC (Allocation Failure) [PSYoungGen: 417069K->23015K(465920K)] 1131939K->738151K(1336320K), 0.0049261 secs] [Times: user=0.01 sys=0.00, real=0.01 secs] 
762.926: [GC (Allocation Failure) [PSYoungGen: 255975K->112966K(465920K)] 971111K->828321K(1336320K), 0.0130897 secs] [Times: user=0.02 sys=0.00, real=0.01 secs] 
763.261: [GC (Allocation Failure) [PSYoungGen: 345926K->184173K(465920K)] 1061281K->900773K(1336320K), 0.0204112 secs] [Times: user=0.02 sys=0.00, real=0.02 secs] 
763.547: [GC (Allocation Failure) [PSYoungGen: 417133K->183787K(465920K)] 1133733K->900660K(1336320K), 0.0202137 secs] [Times: user=0.03 sys=0.00, real=0.02 secs] 
767.251: [GC (Allocation Failure) [PSYoungGen: 416747K->1376K(465920K)] 1133620K->718394K(1336320K), 0.0043683 secs] [Times: user=0.02 sys=0.00, real=0.01 secs] 
768.352: [GC (Allocation Failure) [PSYoungGen: 234336K->134655K(465920K)] 951354K->851854K(1336320K), 0.0152505 secs] [Times: user=0.03 sys=0.00, real=0.02 secs] 
768.628: [GC (Allocation Failure) [PSYoungGen: 367615K->183884K(465920K)] 1084814K->902337K(1336320K), 0.0203810 secs] [Times: user=0.03 sys=0.00, real=0.02 secs] 
769.029: [GC (Allocation Failure) [PSYoungGen: 416844K->165652K(465920K)] 1135297K->884370K(1336320K), 0.0197198 secs] [Times: user=0.03 sys=0.00, real=0.02 secs] 
770.790: [GC (Allocation Failure) [PSYoungGen: 398612K->96K(465920K)] 1117330K->720267K(1336320K), 0.0040272 secs] [Times: user=0.01 sys=0.00, real=0.01 secs] 
771.347: [GC (Allocation Failure) [PSYoungGen: 233056K->156568K(465920K)] 953227K->876764K(1336320K), 0.0175370 secs] [Times: user=0.03 sys=0.00, real=0.02 secs] 
771.627: [GC (Allocation Failure) [PSYoungGen: 389528K->184333K(465920K)] 1109724K->905911K(1336320K), 0.0205988 secs] [Times: user=0.03 sys=0.00, real=0.02 secs] 
772.116: [GC (Allocation Failure) [PSYoungGen: 417293K->149545K(465920K)] 1138871K->871260K(1336320K), 0.0178190 secs] [Times: user=0.03 sys=0.00, real=0.02 secs] 
773.594: [GC (Allocation Failure) [PSYoungGen: 382505K->64K(465920K)] 1104220K->723226K(1336320K), 0.0029778 secs] [Times: user=0.02 sys=0.00, real=0.00 secs] 
773.978: [GC (Allocation Failure) [PSYoungGen: 233024K->178802K(465920K)] 956186K->901989K(1336320K), 0.0196434 secs] [Times: user=0.02 sys=0.00, real=0.02 secs] 
774.316: [GC (Allocation Failure) [PSYoungGen: 411762K->184012K(465920K)] 1134949K->908444K(1336320K), 0.0205534 secs] [Times: user=0.02 sys=0.00, real=0.02 secs] 
775.048: [GC (Allocation Failure) [PSYoungGen: 416972K->135776K(465920K)] 1141404K->860473K(1336320K), 0.0175906 secs] [Times: user=0.03 sys=0.00, real=0.02 secs] 
776.782: [GC (Allocation Failure) [PSYoungGen: 368736K->17024K(465920K)] 1093433K->742027K(1336320K), 0.0064881 secs] [Times: user=0.02 sys=0.00, real=0.01 secs] 
777.094: [GC (Allocation Failure) [PSYoungGen: 249984K->186229K(465920K)] 974987K->912606K(1336320K), 0.0205259 secs] [Times: user=0.03 sys=0.00, real=0.02 secs] 
777.379: [GC (Allocation Failure) [PSYoungGen: 419189K->186004K(465920K)] 1145566K->912525K(1336320K), 0.0204886 secs] [Times: user=0.03 sys=0.00, real=0.02 secs] 
778.577: [GC (Allocation Failure) [PSYoungGen: 418964K->109557K(465920K)] 1145485K->836359K(1336320K), 0.0146274 secs] [Times: user=0.03 sys=0.00, real=0.01 secs] 
780.325: [GC (Allocation Failure) [PSYoungGen: 342517K->43339K(465920K)] 1069319K->770439K(1336320K), 0.0072947 secs] [Times: user=0.02 sys=0.00, real=0.01 secs] 
780.606: [GC (Allocation Failure) [PSYoungGen: 276299K->185843K(465920K)] 1003399K->914181K(1336320K), 0.0203483 secs] [Times: user=0.02 sys=0.00, real=0.02 secs] 
780.950: [GC (Allocation Failure) [PSYoungGen: 418803K->185811K(465920K)] 1147141K->914551K(1336320K), 0.0206065 secs] [Times: user=0.02 sys=0.00, real=0.02 secs] 
781.641: [GC (Allocation Failure) [PSYoungGen: 418771K->67228K(465920K)] 1147511K->796111K(1336320K), 0.0156135 secs] [Times: user=0.05 sys=0.00, real=0.02 secs] 
783.092: [GC (Allocation Failure) [PSYoungGen: 300188K->69716K(465920K)] 1029071K->798891K(1336320K), 0.0105084 secs] [Times: user=0.02 sys=0.00, real=0.01 secs] 
783.377: [GC (Allocation Failure) [PSYoungGen: 302676K->184430K(465920K)] 1031851K->914851K(1336320K), 0.0202348 secs] [Times: user=0.03 sys=0.00, real=0.02 secs] 
783.720: [GC (Allocation Failure) [PSYoungGen: 417390K->186197K(465920K)] 1147811K->917020K(1336320K), 0.0205620 secs] [Times: user=0.03 sys=0.00, real=0.02 secs] 
784.915: [GC (Allocation Failure) [PSYoungGen: 419157K->41876K(465920K)] 1149980K->772836K(1336320K), 0.0084091 secs] [Times: user=0.02 sys=0.00, real=0.01 secs] 
785.637: [GC (Allocation Failure) [PSYoungGen: 274820K->94299K(465920K)] 1005779K->825574K(1336320K), 0.0113075 secs] [Times: user=0.02 sys=0.00, real=0.01 secs] 
785.910: [GC (Allocation Failure) [PSYoungGen: 327259K->184141K(465920K)] 1058534K->916662K(1336320K), 0.0204693 secs] [Times: user=0.03 sys=0.00, real=0.02 secs] 
786.193: [GC (Allocation Failure) [PSYoungGen: 417101K->184366K(465920K)] 1149622K->917288K(1336320K), 0.0205019 secs] [Times: user=0.02 sys=0.01, real=0.02 secs] 
787.766: [GC (Allocation Failure) [PSYoungGen: 417326K->19385K(465920K)] 1150248K->752452K(1336320K), 0.0048601 secs] [Times: user=0.01 sys=0.00, real=0.00 secs] 
788.330: [GC (Allocation Failure) [PSYoungGen: 252345K->117111K(465920K)] 985412K->850510K(1336320K), 0.0136288 secs] [Times: user=0.02 sys=0.00, real=0.02 secs] 
788.604: [GC (Allocation Failure) [PSYoungGen: 350071K->184173K(465920K)] 1083470K->918825K(1336320K), 0.0203420 secs] [Times: user=0.03 sys=0.00, real=0.02 secs] 
789.034: [GC (Allocation Failure) [PSYoungGen: 417133K->181450K(465920K)] 1151785K->916376K(1336320K), 0.0245451 secs] [Times: user=0.03 sys=0.00, real=0.02 secs] 
791.971: [GC (Allocation Failure) [PSYoungGen: 414410K->64K(465920K)] 1149336K->736397K(1336320K), 0.0027359 secs] [Times: user=0.01 sys=0.00, real=0.01 secs] 
792.490: [GC (Allocation Failure) [PSYoungGen: 233024K->139956K(465920K)] 969357K->876313K(1336320K), 0.0159337 secs] [Times: user=0.02 sys=0.00, real=0.02 secs] 
792.767: [GC (Allocation Failure) [PSYoungGen: 372916K->183884K(465920K)] 1109273K->921478K(1336320K), 0.0205632 secs] [Times: user=0.03 sys=0.00, real=0.02 secs] 
794.027: [GC (Allocation Failure) [PSYoungGen: 416510K->162382K(465920K)] 1154105K->900250K(1336320K), 0.0492667 secs] [Times: user=0.08 sys=0.00, real=0.05 secs] 
796.385: [GC (Allocation Failure) [PSYoungGen: 395342K->96K(465920K)] 1133210K->739385K(1336320K), 0.0038692 secs] [Times: user=0.02 sys=0.00, real=0.00 secs] 
797.079: [GC (Allocation Failure) [PSYoungGen: 233056K->161227K(465920K)] 972345K->900532K(1336320K), 0.0179992 secs] [Times: user=0.03 sys=0.00, real=0.02 secs] 
797.414: [GC (Allocation Failure) [PSYoungGen: 394187K->184590K(465920K)] 1133492K->925294K(1336320K), 0.0205397 secs] [Times: user=0.03 sys=0.00, real=0.02 secs] 
798.504: [GC (Allocation Failure) [PSYoungGen: 417550K->144629K(465920K)] 1158254K->885501K(1336320K), 0.0178265 secs] [Times: user=0.03 sys=0.00, real=0.01 secs] 
800.716: [GC (Allocation Failure) [PSYoungGen: 377589K->96K(465920K)] 1118461K->742403K(1336320K), 0.0032564 secs] [Times: user=0.01 sys=0.00, real=0.00 secs] 
801.053: [GC (Allocation Failure) [PSYoungGen: 233056K->183140K(465920K)] 975363K->925472K(1336320K), 0.0200674 secs] [Times: user=0.03 sys=0.00, real=0.02 secs] 
801.389: [GC (Allocation Failure) [PSYoungGen: 416100K->184141K(465920K)] 1158432K->927726K(1336320K), 0.0204176 secs] [Times: user=0.03 sys=0.00, real=0.02 secs] 
803.080: [GC (Allocation Failure) [PSYoungGen: 417101K->131406K(465920K)] 1160686K->875256K(1336320K), 0.0343849 secs] [Times: user=0.07 sys=0.00, real=0.04 secs] 
805.658: [GC (Allocation Failure) [PSYoungGen: 364366K->20848K(465920K)] 1108216K->764996K(1336320K), 0.0068198 secs] [Times: user=0.02 sys=0.00, real=0.01 secs] 
806.004: [GC (Allocation Failure) [PSYoungGen: 253808K->186325K(465920K)] 997956K->931711K(1336320K), 0.0206613 secs] [Times: user=0.03 sys=0.00, real=0.02 secs] 
806.347: [GC (Allocation Failure) [PSYoungGen: 419285K->184815K(465920K)] 1164671K->930474K(1336320K), 0.0202771 secs] [Times: user=0.02 sys=0.00, real=0.02 secs] 
807.456: [GC (Allocation Failure) [PSYoungGen: 417775K->106729K(465920K)] 1163434K->852653K(1336320K), 0.0158789 secs] [Times: user=0.03 sys=0.00, real=0.01 secs] 
808.945: [GC (Allocation Failure) [PSYoungGen: 339689K->45556K(465920K)] 1085613K->791786K(1336320K), 0.0064309 secs] [Times: user=0.02 sys=0.00, real=0.00 secs] 
809.215: [GC (Allocation Failure) [PSYoungGen: 278516K->186325K(465920K)] 1024746K->933809K(1336320K), 0.0206321 secs] [Times: user=0.03 sys=0.00, real=0.02 secs] 
809.562: [GC (Allocation Failure) [PSYoungGen: 419285K->186004K(465920K)] 1166769K->933760K(1336320K), 0.0212496 secs] [Times: user=0.03 sys=0.00, real=0.03 secs] 
811.034: [GC (Allocation Failure) [PSYoungGen: 418964K->64400K(465920K)] 1166720K->812421K(1336320K), 0.0141259 secs] [Times: user=0.03 sys=0.00, real=0.01 secs] 
811.874: [GC (Allocation Failure) [PSYoungGen: 297360K->71518K(465920K)] 1045381K->819847K(1336320K), 0.0091474 secs] [Times: user=0.02 sys=0.00, real=0.01 secs] 
812.151: [GC (Allocation Failure) [PSYoungGen: 304478K->186454K(465920K)] 1052807K->936021K(1336320K), 0.0206708 secs] [Times: user=0.03 sys=0.00, real=0.02 secs] 
812.437: [GC (Allocation Failure) [PSYoungGen: 419414K->185940K(465920K)] 1168981K->935909K(1336320K), 0.0204637 secs] [Times: user=0.03 sys=0.00, real=0.02 secs] 
813.584: [GC (Allocation Failure) [PSYoungGen: 418900K->38342K(465920K)] 1168869K->788447K(1336320K), 0.0067978 secs] [Times: user=0.01 sys=0.00, real=0.00 secs] 
814.875: [GC (Allocation Failure) [PSYoungGen: 271302K->97415K(465920K)] 1021407K->847838K(1336320K), 0.0117704 secs] [Times: user=0.02 sys=0.00, real=0.01 secs] 
815.207: [GC (Allocation Failure) [PSYoungGen: 330375K->183980K(465920K)] 1080798K->935641K(1336320K), 0.0242655 secs] [Times: user=0.03 sys=0.00, real=0.02 secs] 
815.498: [GC (Allocation Failure) [PSYoungGen: 416940K->184044K(465920K)] 1168601K->935978K(1336320K), 0.0203285 secs] [Times: user=0.03 sys=0.01, real=0.02 secs] 
817.414: [GC (Allocation Failure) [PSYoungGen: 417004K->16830K(465920K)] 1168938K->769166K(1336320K), 0.0089456 secs] [Times: user=0.02 sys=0.00, real=0.01 secs] 
818.561: [GC (Allocation Failure) [PSYoungGen: 249790K->120260K(465920K)] 1002126K->872781K(1336320K), 0.0138505 secs] [Times: user=0.02 sys=0.00, real=0.02 secs] 
818.902: [GC (Allocation Failure) [PSYoungGen: 353220K->186068K(465920K)] 1105741K->939827K(1336320K), 0.0205708 secs] [Times: user=0.03 sys=0.00, real=0.03 secs] 
819.350: [GC (Allocation Failure) [PSYoungGen: 419028K->176869K(465920K)] 1172787K->930893K(1336320K), 0.0233658 secs] [Times: user=0.04 sys=0.00, real=0.03 secs] 
820.609: [GC (Allocation Failure) [PSYoungGen: 409829K->64K(465920K)] 1163853K->755527K(1336320K), 0.0028206 secs] [Times: user=0.02 sys=0.00, real=0.00 secs] 
821.224: [GC (Allocation Failure) [PSYoungGen: 233024K->147186K(465920K)] 988487K->902673K(1336320K), 0.0166208 secs] [Times: user=0.02 sys=0.00, real=0.01 secs] 
821.504: [GC (Allocation Failure) [PSYoungGen: 380146K->185811K(465920K)] 1135633K->942536K(1336320K), 0.0206904 secs] [Times: user=0.03 sys=0.00, real=0.02 secs] 
821.944: [GC (Allocation Failure) [PSYoungGen: 418771K->157401K(465920K)] 1175496K->914527K(1336320K), 0.0194565 secs] [Times: user=0.03 sys=0.00, real=0.02 secs] 
822.894: [GC (Allocation Failure) [PSYoungGen: 390361K->64K(465920K)] 1147487K->758509K(1336320K), 0.0025528 secs] [Times: user=0.02 sys=0.00, real=0.00 secs] 
823.246: [GC (Allocation Failure) [PSYoungGen: 233024K->172762K(465920K)] 991469K->931223K(1336320K), 0.0191936 secs] [Times: user=0.02 sys=0.00, real=0.02 secs] 
823.585: [GC (Allocation Failure) [PSYoungGen: 405722K->186197K(465920K)] 1164183K->945896K(1336320K), 0.0205252 secs] [Times: user=0.02 sys=0.00, real=0.02 secs] 
824.125: [GC (Allocation Failure) [PSYoungGen: 419157K->139599K(465920K)] 1178856K->899692K(1336320K), 0.0174162 secs] [Times: user=0.03 sys=0.00, real=0.02 secs] 
825.115: [GC (Allocation Failure) [PSYoungGen: 372559K->14164K(465920K)] 1132652K->774426K(1336320K), 0.0039879 secs] [Times: user=0.01 sys=0.00, real=0.00 secs] 
825.389: [GC (Allocation Failure) [PSYoungGen: 247124K->184526K(465920K)] 1007386K->946026K(1336320K), 0.0203739 secs] [Times: user=0.03 sys=0.00, real=0.02 secs] 
825.757: [GC (Allocation Failure) [PSYoungGen: 417486K->186325K(465920K)] 1178986K->948098K(1336320K), 0.0204120 secs] [Times: user=0.03 sys=0.00, real=0.02 secs] 
827.051: [GC (Allocation Failure) [PSYoungGen: 419285K->113670K(465920K)] 1181058K->875707K(1336320K), 0.0212646 secs] [Times: user=0.04 sys=0.00, real=0.03 secs] 
828.905: [GC (Allocation Failure) [PSYoungGen: 346630K->38648K(465920K)] 1108667K->800983K(1336320K), 0.0075064 secs] [Times: user=0.02 sys=0.00, real=0.00 secs] 
829.283: [GC (Allocation Failure) [PSYoungGen: 271608K->186357K(465920K)] 1033943K->949946K(1336320K), 0.0207375 secs] [Times: user=0.03 sys=0.01, real=0.02 secs] 
829.577: [GC (Allocation Failure) [PSYoungGen: 419317K->186004K(465920K)] 1182906K->949994K(1336320K), 0.0208581 secs] [Times: user=0.03 sys=0.00, real=0.02 secs] 
830.419: [GC (Allocation Failure) [PSYoungGen: 418964K->71356K(465920K)] 1182954K->835483K(1336320K), 0.0116309 secs] [Times: user=0.02 sys=0.00, real=0.01 secs] 
831.325: [GC (Allocation Failure) [PSYoungGen: 304316K->65574K(465920K)] 1068443K->830011K(1336320K), 0.0084473 secs] [Times: user=0.02 sys=0.00, real=0.01 secs] 
831.656: [GC (Allocation Failure) [PSYoungGen: 298534K->186100K(465920K)] 1062971K->951775K(1336320K), 0.0207423 secs] [Times: user=0.03 sys=0.00, real=0.02 secs] 
831.945: [GC (Allocation Failure) [PSYoungGen: 419060K->185940K(465920K)] 1184735K->951888K(1336320K), 0.0208573 secs] [Times: user=0.03 sys=0.00, real=0.02 secs] 
834.149: [GC (Allocation Failure) [PSYoungGen: 418900K->44559K(465920K)] 1184848K->810780K(1336320K), 0.0162804 secs] [Times: user=0.03 sys=0.00, real=0.02 secs] 
835.669: [GC (Allocation Failure) [PSYoungGen: 277519K->91503K(465920K)] 1043740K->858042K(1336320K), 0.0110600 secs] [Times: user=0.02 sys=0.00, real=0.01 secs] 
835.954: [GC (Allocation Failure) [PSYoungGen: 324463K->185940K(465920K)] 1091002K->953845K(1336320K), 0.0206354 secs] [Times: user=0.03 sys=0.00, real=0.02 secs] 
836.244: [GC (Allocation Failure) [PSYoungGen: 418900K->185843K(465920K)] 1186805K->954021K(1336320K), 0.0205645 secs] [Times: user=0.03 sys=0.00, real=0.02 secs] 
838.931: [GC (Allocation Failure) [PSYoungGen: 418803K->18983K(465920K)] 1186981K->787298K(1336320K), 0.0074419 secs] [Times: user=0.02 sys=0.00, real=0.01 secs] 
840.249: [GC (Allocation Failure) [PSYoungGen: 251943K->116437K(465920K)] 1020258K->885057K(1336320K), 0.0135998 secs] [Times: user=0.02 sys=0.00, real=0.02 secs] 
840.525: [GC (Allocation Failure) [PSYoungGen: 349397K->184944K(465920K)] 1118017K->954818K(1336320K), 0.0205592 secs] [Times: user=0.03 sys=0.00, real=0.02 secs] 
840.871: [GC (Allocation Failure) [PSYoungGen: 417904K->181034K(465920K)] 1187778K->951173K(1336320K), 0.0226618 secs] [Times: user=0.03 sys=0.00, real=0.03 secs] 
842.980: [GC (Allocation Failure) [PSYoungGen: 413994K->64K(465920K)] 1184133K->771648K(1336320K), 0.0040895 secs] [Times: user=0.02 sys=0.00, real=0.01 secs] 
844.009: [GC (Allocation Failure) [PSYoungGen: 233024K->138414K(465920K)] 1004608K->910015K(1336320K), 0.0157491 secs] [Times: user=0.02 sys=0.00, real=0.02 secs] 
844.286: [GC (Allocation Failure) [PSYoungGen: 371374K->184141K(465920K)] 1142975K->956987K(1336320K), 0.0206043 secs] [Times: user=0.03 sys=0.00, real=0.02 secs] 
844.948: [GC (Allocation Failure) [PSYoungGen: 417101K->161651K(465920K)] 1189947K->934771K(1336320K), 0.0207906 secs] [Times: user=0.03 sys=0.00, real=0.02 secs] 
845.885: [GC (Allocation Failure) [PSYoungGen: 394611K->64K(465920K)] 1167731K->774630K(1336320K), 0.0027750 secs] [Times: user=0.02 sys=0.00, real=0.00 secs] 
846.281: [GC (Allocation Failure) [PSYoungGen: 233024K->162480K(465920K)] 1007590K->937063K(1336320K), 0.0180999 secs] [Times: user=0.02 sys=0.00, real=0.02 secs] 
846.624: [GC (Allocation Failure) [PSYoungGen: 395440K->184912K(465920K)] 1170023K->960732K(1336320K), 0.0207561 secs] [Times: user=0.03 sys=0.00, real=0.02 secs] 
849.261: [GC (Allocation Failure) [PSYoungGen: 417872K->143006K(465920K)] 1193692K->919221K(1336320K), 0.0388504 secs] [Times: user=0.06 sys=0.00, real=0.04 secs] 
850.606: [GC (Allocation Failure) [PSYoungGen: 375966K->96K(465920K)] 1152181K->776481K(1336320K), 0.0025613 secs] [Times: user=0.01 sys=0.00, real=0.00 secs] 
850.883: [GC (Allocation Failure) [PSYoungGen: 233056K->184843K(465920K)] 1009441K->961253K(1336320K), 0.0204196 secs] [Times: user=0.03 sys=0.00, real=0.02 secs] 
851.226: [GC (Allocation Failure) [PSYoungGen: 417803K->184012K(465920K)] 1194213K->961780K(1336320K), 0.0205292 secs] [Times: user=0.03 sys=0.00, real=0.02 secs] 
853.098: [GC (Allocation Failure) [PSYoungGen: 416972K->129703K(465920K)] 1194740K->907607K(1336320K), 0.0225379 secs] [Times: user=0.04 sys=0.00, real=0.02 secs] 
854.587: [GC (Allocation Failure) [PSYoungGen: 362663K->22390K(465920K)] 1140567K->800594K(1336320K), 0.0053532 secs] [Times: user=0.01 sys=0.00, real=0.00 secs] 
854.870: [GC (Allocation Failure) [PSYoungGen: 255350K->184269K(465920K)] 1033554K->963719K(1336320K), 0.0205690 secs] [Times: user=0.02 sys=0.00, real=0.02 secs] 
855.153: [GC (Allocation Failure) [PSYoungGen: 417229K->184301K(465920K)] 1196679K->964152K(1336320K), 0.0203285 secs] [Times: user=0.02 sys=0.01, real=0.02 secs] 
855.852: [GC (Allocation Failure) [PSYoungGen: 417261K->107693K(465920K)] 1197112K->887681K(1336320K), 0.0143509 secs] [Times: user=0.03 sys=0.00, real=0.02 secs] 
857.168: [GC (Allocation Failure) [PSYoungGen: 340653K->45010K(465920K)] 1120641K->825312K(1336320K), 0.0065807 secs] [Times: user=0.01 sys=0.00, real=0.01 secs] 
857.438: [GC (Allocation Failure) [PSYoungGen: 277970K->184237K(465920K)] 1058272K->965912K(1336320K), 0.0205129 secs] [Times: user=0.03 sys=0.00, real=0.02 secs] 
857.720: [GC (Allocation Failure) [PSYoungGen: 417197K->184526K(465920K)] 1198872K->966362K(1336320K), 0.0203749 secs] [Times: user=0.03 sys=0.00, real=0.02 secs] 
860.316: [GC (Allocation Failure) [PSYoungGen: 417486K->68481K(465920K)] 1199322K->850590K(1336320K), 0.0151232 secs] [Times: user=0.03 sys=0.00, real=0.01 secs] 
862.312: [GC (Allocation Failure) [PSYoungGen: 301441K->67791K(465920K)] 1083550K->850198K(1336320K), 0.0086713 secs] [Times: user=0.01 sys=0.00, real=0.00 secs] 
862.583: [GC (Allocation Failure) [PSYoungGen: 300751K->184012K(465920K)] 1083158K->967657K(1336320K), 0.0203568 secs] [Times: user=0.03 sys=0.00, real=0.02 secs] 
862.870: [GC (Allocation Failure) [PSYoungGen: 416972K->184044K(465920K)] 1200617K->967962K(1336320K), 0.0202805 secs] [Times: user=0.03 sys=0.00, real=0.02 secs] 
863.893: [GC (Allocation Failure) [PSYoungGen: 417004K->46391K(465920K)] 1200922K->830573K(1336320K), 0.0175837 secs] [Times: user=0.04 sys=0.01, real=0.01 secs] 
865.056: [GC (Allocation Failure) [PSYoungGen: 279351K->89672K(465920K)] 1063533K->874164K(1336320K), 0.0108948 secs] [Times: user=0.02 sys=0.00, real=0.01 secs] 
865.327: [GC (Allocation Failure) [PSYoungGen: 322632K->183884K(465920K)] 1107124K->969622K(1336320K), 0.0203497 secs] [Times: user=0.03 sys=0.00, real=0.02 secs] 
865.609: [GC (Allocation Failure) [PSYoungGen: 416844K->184462K(465920K)] 1202582K->970601K(1336320K), 0.0204990 secs] [Times: user=0.03 sys=0.00, real=0.02 secs] 
867.259: [GC (Allocation Failure) [PSYoungGen: 417422K->24253K(465920K)] 1203561K->810657K(1336320K), 0.0068863 secs] [Times: user=0.02 sys=0.00, real=0.01 secs] 
868.156: [GC (Allocation Failure) [PSYoungGen: 257213K->111585K(465920K)] 1043617K->898166K(1336320K), 0.0131137 secs] [Times: user=0.02 sys=0.00, real=0.01 secs] 
868.433: [GC (Allocation Failure) [PSYoungGen: 344545K->184141K(465920K)] 1131126K->972105K(1336320K), 0.0205408 secs] [Times: user=0.02 sys=0.00, real=0.02 secs] 
868.716: [GC (Allocation Failure) [PSYoungGen: 417101K->184526K(465920K)] 1205065K->972635K(1336320K), 0.0204620 secs] [Times: user=0.03 sys=0.01, real=0.02 secs] 
871.032: [GC (Allocation Failure) [PSYoungGen: 417486K->2050K(465920K)] 1205595K->790432K(1336320K), 0.0031613 secs] [Times: user=0.02 sys=0.00, real=0.01 secs] 
871.533: [GC (Allocation Failure) [PSYoungGen: 235010K->133819K(465920K)] 1023392K->922506K(1336320K), 0.0153439 secs] [Times: user=0.02 sys=0.00, real=0.01 secs] 
871.810: [GC (Allocation Failure) [PSYoungGen: 366779K->184141K(465920K)] 1155466K->974194K(1336320K), 0.0205699 secs] [Times: user=0.03 sys=0.00, real=0.02 secs] 
872.196: [GC (Allocation Failure) [PSYoungGen: 417101K->168342K(465920K)] 1207154K->958532K(1336320K), 0.0201636 secs] [Times: user=0.02 sys=0.00, real=0.02 secs] 
873.134: [GC (Allocation Failure) [PSYoungGen: 401302K->64K(465920K)] 1191492K->791693K(1336320K), 0.0033833 secs] [Times: user=0.01 sys=0.00, real=0.00 secs] 
873.610: [GC (Allocation Failure) [PSYoungGen: 233024K->155893K(465920K)] 1024653K->947547K(1336320K), 0.0175575 secs] [Times: user=0.02 sys=0.00, real=0.02 secs] 
873.944: [GC (Allocation Failure) [PSYoungGen: 388853K->184398K(465920K)] 1180507K->977289K(1336320K), 0.0204951 secs] [Times: user=0.03 sys=0.00, real=0.02 secs] 
874.674: [GC (Allocation Failure) [PSYoungGen: 417358K->150059K(465920K)] 1210249K->943344K(1336320K), 0.0263559 secs] [Times: user=0.04 sys=0.00, real=0.02 secs] 
876.429: [GC (Allocation Failure) [PSYoungGen: 383019K->64K(465920K)] 1176304K->794649K(1336320K), 0.0028712 secs] [Times: user=0.01 sys=0.00, real=0.00 secs] 
876.763: [GC (Allocation Failure) [PSYoungGen: 233024K->178160K(465920K)] 1027609K->972762K(1336320K), 0.0199217 secs] [Times: user=0.03 sys=0.00, real=0.02 secs] 
877.107: [GC (Allocation Failure) [PSYoungGen: 411120K->184430K(465920K)] 1205722K->980277K(1336320K), 0.0207236 secs] [Times: user=0.02 sys=0.00, real=0.02 secs] 
877.942: [GC (Allocation Failure) [PSYoungGen: 417390K->136017K(465920K)] 1213237K->932129K(1336320K), 0.0377999 secs] [Times: user=0.07 sys=0.00, real=0.04 secs] 
879.627: [GC (Allocation Failure) [PSYoungGen: 368977K->16478K(465920K)] 1165089K->812888K(1336320K), 0.0045911 secs] [Times: user=0.01 sys=0.00, real=0.00 secs] 
879.913: [GC (Allocation Failure) [PSYoungGen: 249438K->186325K(465920K)] 1045848K->984118K(1336320K), 0.0207143 secs] [Times: user=0.03 sys=0.00, real=0.02 secs] 
880.201: [GC (Allocation Failure) [PSYoungGen: 419285K->186100K(465920K)] 1217078K->984037K(1336320K), 0.0204798 secs] [Times: user=0.03 sys=0.00, real=0.02 secs] 
881.245: [GC (Allocation Failure) [PSYoungGen: 419060K->109798K(465920K)] 1216997K->908000K(1336320K), 0.0229762 secs] [Times: user=0.05 sys=0.00, real=0.02 secs] 
882.783: [GC (Allocation Failure) [PSYoungGen: 342758K->43468K(465920K)] 1140960K->841976K(1336320K), 0.0066031 secs] [Times: user=0.02 sys=0.00, real=0.00 secs] 
883.053: [GC (Allocation Failure) [PSYoungGen: 276428K->185811K(465920K)] 1074936K->985565K(1336320K), 0.0205963 secs] [Times: user=0.03 sys=0.00, real=0.02 secs] 
883.337: [GC (Allocation Failure) [PSYoungGen: 418771K->185779K(465920K)] 1218525K->985806K(1336320K), 0.0205211 secs] [Times: user=0.03 sys=0.00, real=0.02 secs] 
884.064: [GC (Allocation Failure) [PSYoungGen: 418739K->67163K(465920K)] 1218766K->867455K(1336320K), 0.0098856 secs] [Times: user=0.02 sys=0.00, real=0.01 secs] 
884.958: [GC (Allocation Failure) [PSYoungGen: 300123K->68915K(465920K)] 1100415K->869513K(1336320K), 0.0109369 secs] [Times: user=0.02 sys=0.00, real=0.01 secs] 
885.288: [GC (Allocation Failure) [PSYoungGen: 301875K->186325K(465920K)] 1102473K->988289K(1336320K), 0.0207954 secs] [Times: user=0.03 sys=0.00, real=0.02 secs] 
885.574: [GC (Allocation Failure) [PSYoungGen: 419285K->185972K(465920K)] 1221249K->988208K(1336320K), 0.0206190 secs] [Times: user=0.03 sys=0.00, real=0.02 secs] 
887.797: [GC (Allocation Failure) [PSYoungGen: 418932K->41025K(465920K)] 1221168K->843398K(1336320K), 0.0109823 secs] [Times: user=0.02 sys=0.00, real=0.01 secs] 
889.426: [GC (Allocation Failure) [PSYoungGen: 273975K->94681K(465920K)] 1076348K->897362K(1336320K), 0.0113699 secs] [Times: user=0.02 sys=0.00, real=0.01 secs] 
889.698: [GC (Allocation Failure) [PSYoungGen: 327641K->184012K(465920K)] 1130322K->987930K(1336320K), 0.0204272 secs] [Times: user=0.03 sys=0.00, real=0.02 secs] 
889.981: [GC (Allocation Failure) [PSYoungGen: 416972K->184430K(465920K)] 1220890K->988749K(1336320K), 0.0204270 secs] [Times: user=0.03 sys=0.00, real=0.02 secs] 
892.381: [GC (Allocation Failure) [PSYoungGen: 417390K->19144K(465920K)] 1221709K->823608K(1336320K), 0.0076922 secs] [Times: user=0.02 sys=0.00, real=0.01 secs] 
893.494: [GC (Allocation Failure) [PSYoungGen: 252104K->117205K(465920K)] 1056568K->921993K(1336320K), 0.0136785 secs] [Times: user=0.02 sys=0.00, real=0.01 secs] 
893.770: [GC (Allocation Failure) [PSYoungGen: 350165K->184398K(465920K)] 1154953K->990423K(1336320K), 0.0204804 secs] [Times: user=0.03 sys=0.00, real=0.02 secs] 
894.114: [GC (Allocation Failure) [PSYoungGen: 417358K->181609K(465920K)] 1223383K->987907K(1336320K), 0.0217213 secs] [Times: user=0.03 sys=0.00, real=0.02 secs] 
896.087: [GC (Allocation Failure) [PSYoungGen: 414569K->64K(465920K)] 1220867K->807798K(1336320K), 0.0055542 secs] [Times: user=0.03 sys=0.00, real=0.01 secs] 
896.960: [GC (Allocation Failure) [PSYoungGen: 233024K->139346K(465920K)] 1040758K->947096K(1336320K), 0.0158797 secs] [Times: user=0.03 sys=0.00, real=0.02 secs] 
897.243: [GC (Allocation Failure) [PSYoungGen: 372306K->184687K(465920K)] 1180056K->993683K(1336320K), 0.0209314 secs] [Times: user=0.03 sys=0.00, real=0.02 secs] 
897.974: [GC (Allocation Failure) [PSYoungGen: 417614K->162254K(465920K)] 1226610K->971515K(1336320K), 0.0255591 secs] [Times: user=0.04 sys=0.00, real=0.02 secs] 
899.779: [GC (Allocation Failure) [PSYoungGen: 395214K->64K(465920K)] 1204475K->810756K(1336320K), 0.0029937 secs] [Times: user=0.01 sys=0.00, real=0.00 secs] 
900.163: [GC (Allocation Failure) [PSYoungGen: 233024K->161195K(465920K)] 1043716K->971903K(1336320K), 0.0181060 secs] [Times: user=0.02 sys=0.00, real=0.01 secs] 
900.505: [GC (Allocation Failure) [PSYoungGen: 394155K->184526K(465920K)] 1204863K->996473K(1336320K), 0.0205594 secs] [Times: user=0.03 sys=0.00, real=0.02 secs] 
901.206: [GC (Allocation Failure) [PSYoungGen: 417486K->144677K(465920K)] 1229433K->956897K(1336320K), 0.0214962 secs] [Times: user=0.03 sys=0.00, real=0.02 secs] 
902.313: [GC (Allocation Failure) [PSYoungGen: 377637K->64K(465920K)] 1189857K->813719K(1336320K), 0.0028794 secs] [Times: user=0.01 sys=0.00, real=0.00 secs] 
902.646: [GC (Allocation Failure) [PSYoungGen: 233024K->183718K(465920K)] 1046679K->997405K(1336320K), 0.0202896 secs] [Times: user=0.03 sys=0.00, real=0.02 secs] 
902.929: [GC (Allocation Failure) [PSYoungGen: 416678K->184430K(465920K)] 1230365K->999370K(1336320K), 0.0205713 secs] [Times: user=0.02 sys=0.00, real=0.02 secs] 
904.472: [GC (Allocation Failure) [PSYoungGen: 417390K->130538K(465920K)] 1232330K->945744K(1336320K), 0.0294827 secs] [Times: user=0.05 sys=0.00, real=0.03 secs] 
907.547: [GC (Allocation Failure) [PSYoungGen: 363498K->21908K(465920K)] 1178704K->837411K(1336320K), 0.0102729 secs] [Times: user=0.03 sys=0.00, real=0.01 secs] 
907.958: [GC (Allocation Failure) [PSYoungGen: 254868K->186325K(465920K)] 1070371K->1003211K(1336320K), 0.0208205 secs] [Times: user=0.03 sys=0.00, real=0.02 secs] 
908.241: [GC (Allocation Failure) [PSYoungGen: 419285K->184815K(465920K)] 1236171K->1001845K(1336320K), 0.0205586 secs] [Times: user=0.03 sys=0.00, real=0.02 secs] 
909.074: [GC (Allocation Failure) [PSYoungGen: 417775K->105637K(465920K)] 1234805K->922932K(1336320K), 0.0172848 secs] [Times: user=0.04 sys=0.00, real=0.01 secs] 
909.950: [GC (Allocation Failure) [PSYoungGen: 338597K->45653K(465920K)] 1155892K->863240K(1336320K), 0.0065040 secs] [Times: user=0.01 sys=0.00, real=0.01 secs] 
910.219: [GC (Allocation Failure) [PSYoungGen: 278613K->184783K(465920K)] 1096200K->1003600K(1336320K), 0.0205128 secs] [Times: user=0.03 sys=0.00, real=0.02 secs] 
910.501: [GC (Allocation Failure) [PSYoungGen: 417743K->184237K(465920K)] 1236560K->1003199K(1336320K), 0.0203511 secs] [Times: user=0.03 sys=0.00, real=0.02 secs] 
911.234: [GC (Allocation Failure) [PSYoungGen: 417197K->67485K(465920K)] 1236159K->886711K(1336320K), 0.0101685 secs] [Times: user=0.02 sys=0.00, real=0.01 secs] 
912.055: [GC (Allocation Failure) [PSYoungGen: 300445K->68819K(465920K)] 1119671K->888355K(1336320K), 0.0089649 secs] [Times: user=0.01 sys=0.00, real=0.01 secs] 
912.331: [GC (Allocation Failure) [PSYoungGen: 301779K->186454K(465920K)] 1121315K->1007236K(1336320K), 0.0207986 secs] [Times: user=0.02 sys=0.00, real=0.02 secs] 
912.616: [GC (Allocation Failure) [PSYoungGen: 419414K->186132K(465920K)] 1240196K->1007188K(1336320K), 0.0206786 secs] [Times: user=0.02 sys=0.01, real=0.02 secs] 
915.038: [GC (Allocation Failure) [PSYoungGen: 419092K->40896K(465920K)] 1240148K->862217K(1336320K), 0.0094585 secs] [Times: user=0.02 sys=0.00, real=0.01 secs] 
916.553: [GC (Allocation Failure) [PSYoungGen: 273856K->94941K(465920K)] 1095177K->916563K(1336320K), 0.0116345 secs] [Times: user=0.02 sys=0.00, real=0.01 secs] 
916.829: [GC (Allocation Failure) [PSYoungGen: 327901K->186197K(465920K)] 1149523K->1009057K(1336320K), 0.0207760 secs] [Times: user=0.03 sys=0.00, real=0.02 secs] 
917.178: [GC (Allocation Failure) [PSYoungGen: 419157K->185875K(465920K)] 1242017K->1009008K(1336320K), 0.0210186 secs] [Times: user=0.03 sys=0.00, real=0.02 secs] 
919.025: [GC (Allocation Failure) [PSYoungGen: 418835K->15288K(465920K)] 1241968K->838694K(1336320K), 0.0046769 secs] [Times: user=0.02 sys=0.00, real=0.00 secs] 
919.578: [GC (Allocation Failure) [PSYoungGen: 248248K->120260K(465920K)] 1071654K->943964K(1336320K), 0.0142938 secs] [Times: user=0.02 sys=0.00, real=0.01 secs] 
919.856: [GC (Allocation Failure) [PSYoungGen: 353220K->184141K(465920K)] 1176924K->1009210K(1336320K), 0.0205971 secs] [Times: user=0.03 sys=0.00, real=0.02 secs] 
920.202: [GC (Allocation Failure) [PSYoungGen: 417101K->178189K(465920K)] 1242170K->1003532K(1336320K), 0.0216996 secs] [Times: user=0.03 sys=0.00, real=0.03 secs] 
921.232: [GC (Allocation Failure) [PSYoungGen: 411149K->64K(465920K)] 1236492K->826717K(1336320K), 0.0027949 secs] [Times: user=0.01 sys=0.00, real=0.01 secs] 
921.703: [GC (Allocation Failure) [PSYoungGen: 233024K->142784K(465920K)] 1059677K->969446K(1336320K), 0.0162829 secs] [Times: user=0.03 sys=0.00, real=0.01 secs] 
921.982: [GC (Allocation Failure) [PSYoungGen: 375744K->184912K(465920K)] 1202406K->1012819K(1336320K), 0.0205010 secs] [Times: user=0.03 sys=0.00, real=0.03 secs] 
922.482: [GC (Allocation Failure) [PSYoungGen: 417872K->162654K(465920K)] 1245779K->990827K(1336320K), 0.0203506 secs] [Times: user=0.04 sys=0.00, real=0.02 secs] 
923.602: [GC (Allocation Failure) [PSYoungGen: 395614K->64K(465920K)] 1223787K->829676K(1336320K), 0.0029876 secs] [Times: user=0.01 sys=0.00, real=0.01 secs] 
924.015: [GC (Allocation Failure) [PSYoungGen: 233024K->165822K(465920K)] 1062636K->995458K(1336320K), 0.0185240 secs] [Times: user=0.03 sys=0.00, real=0.02 secs] 
924.296: [GC (Allocation Failure) [PSYoungGen: 398782K->184269K(465920K)] 1228418K->1015272K(1336320K), 0.0205698 secs] [Times: user=0.03 sys=0.00, real=0.02 secs] 
925.683: [GC (Allocation Failure) [PSYoungGen: 415496K->140259K(465920K)] 1246499K->971399K(1336320K), 0.0292280 secs] [Times: user=0.05 sys=0.00, real=0.02 secs] 
927.458: [GC (Allocation Failure) [PSYoungGen: 373219K->1473K(465920K)] 1204359K->832926K(1336320K), 0.0062039 secs] [Times: user=0.03 sys=0.00, real=0.01 secs] 
927.868: [GC (Allocation Failure) [PSYoungGen: 234433K->184526K(465920K)] 1065886K->1017225K(1336320K), 0.0205406 secs] [Times: user=0.03 sys=0.00, real=0.02 secs] 
928.159: [GC (Allocation Failure) [PSYoungGen: 417486K->184687K(465920K)] 1250185K->1017651K(1336320K), 0.0203198 secs] [Times: user=0.03 sys=0.00, real=0.02 secs] 
928.797: [GC (Allocation Failure) [PSYoungGen: 417647K->128032K(465920K)] 1250611K->961261K(1336320K), 0.0172253 secs] [Times: user=0.04 sys=0.00, real=0.02 secs] 
930.027: [GC (Allocation Failure) [PSYoungGen: 360992K->24990K(465920K)] 1194221K->858518K(1336320K), 0.0063441 secs] [Times: user=0.01 sys=0.00, real=0.01 secs] 
930.337: [GC (Allocation Failure) [PSYoungGen: 257950K->186454K(465920K)] 1091478K->1021220K(1336320K), 0.0208095 secs] [Times: user=0.03 sys=0.00, real=0.02 secs] 
930.681: [GC (Allocation Failure) [PSYoungGen: 419414K->186100K(465920K)] 1254180K->1021268K(1336320K), 0.0206754 secs] [Times: user=0.03 sys=0.00, real=0.02 secs] 
932.102: [GC (Allocation Failure) [PSYoungGen: 419060K->84707K(465920K)] 1254228K->920140K(1336320K), 0.0200011 secs] [Times: user=0.03 sys=0.00, real=0.02 secs] 
934.224: [GC (Allocation Failure) [PSYoungGen: 317667K->52336K(465920K)] 1153100K->887962K(1336320K), 0.0089034 secs] [Times: user=0.02 sys=0.00, real=0.01 secs] 
934.519: [GC (Allocation Failure) [PSYoungGen: 285296K->185715K(465920K)] 1120922K->1022594K(1336320K), 0.0205556 secs] [Times: user=0.03 sys=0.00, real=0.02 secs] 
934.804: [GC (Allocation Failure) [PSYoungGen: 418675K->185811K(465920K)] 1255554K->1022964K(1336320K), 0.0204492 secs] [Times: user=0.03 sys=0.00, real=0.02 secs] 
936.564: [GC (Allocation Failure) [PSYoungGen: 418771K->58375K(465920K)] 1255924K->895801K(1336320K), 0.0125055 secs] [Times: user=0.03 sys=0.00, real=0.01 secs] 
937.884: [GC (Allocation Failure) [PSYoungGen: 291335K->78137K(465920K)] 1128761K->915884K(1336320K), 0.0097362 secs] [Times: user=0.02 sys=0.00, real=0.01 secs] 
938.219: [GC (Allocation Failure) [PSYoungGen: 311097K->186229K(465920K)] 1148844K->1025238K(1336320K), 0.0231006 secs] [Times: user=0.04 sys=0.00, real=0.02 secs] 
938.565: [GC (Allocation Failure) [PSYoungGen: 419189K->185811K(465920K)] 1258198K->1025222K(1336320K), 0.0204447 secs] [Times: user=0.03 sys=0.01, real=0.02 secs] 
941.181: [GC (Allocation Failure) [PSYoungGen: 418771K->32125K(465920K)] 1258182K->871672K(1336320K), 0.0080467 secs] [Times: user=0.02 sys=0.00, real=0.01 secs] 
943.015: [GC (Allocation Failure) [PSYoungGen: 265085K->103970K(465920K)] 1104632K->943835K(1336320K), 0.0123407 secs] [Times: user=0.02 sys=0.00, real=0.01 secs] 
943.351: [GC (Allocation Failure) [PSYoungGen: 336930K->185940K(465920K)] 1176795K->1027163K(1336320K), 0.0205938 secs] [Times: user=0.03 sys=0.00, real=0.02 secs] 
943.635: [GC (Allocation Failure) [PSYoungGen: 418900K->185940K(465920K)] 1260123K->1027308K(1336320K), 0.0206610 secs] [Times: user=0.02 sys=0.00, real=0.02 secs] 
946.371: [GC (Allocation Failure) [PSYoungGen: 418900K->6388K(465920K)] 1260268K->848149K(1336320K), 0.0046008 secs] [Times: user=0.02 sys=0.00, real=0.01 secs] 
947.569: [GC (Allocation Failure) [PSYoungGen: 239348K->129610K(465920K)] 1081109K->971549K(1336320K), 0.0150821 secs] [Times: user=0.02 sys=0.00, real=0.02 secs] 
947.848: [GC (Allocation Failure) [PSYoungGen: 362570K->186068K(465920K)] 1204509K->1029261K(1336320K), 0.0209314 secs] [Times: user=0.03 sys=0.01, real=0.02 secs] 
948.347: [GC (Allocation Failure) [PSYoungGen: 419028K->168560K(465920K)] 1262221K->1012145K(1336320K), 0.0215228 secs] [Times: user=0.04 sys=0.00, real=0.02 secs] 
950.397: [GC (Allocation Failure) [PSYoungGen: 401520K->64K(465920K)] 1245105K->844954K(1336320K), 0.0029954 secs] [Times: user=0.02 sys=0.00, real=0.00 secs] 
951.058: [GC (Allocation Failure) [PSYoungGen: 232975K->154640K(465920K)] 1077866K->999555K(1336320K), 0.0174415 secs] [Times: user=0.02 sys=0.00, real=0.02 secs] 
951.340: [GC (Allocation Failure) [PSYoungGen: 387600K->184912K(465920K)] 1232515K->1031064K(1336320K), 0.0204983 secs] [Times: user=0.03 sys=0.00, real=0.02 secs] 
952.045: [GC (Allocation Failure) [PSYoungGen: 417872K->150814K(465920K)] 1264024K->997232K(1336320K), 0.0203817 secs] [Times: user=0.03 sys=0.00, real=0.02 secs] 
953.865: [GC (Allocation Failure) [PSYoungGen: 383774K->64K(465920K)] 1230192K->847915K(1336320K), 0.0030213 secs] [Times: user=0.01 sys=0.00, real=0.00 secs] 
954.250: [GC (Allocation Failure) [PSYoungGen: 233024K->177935K(465920K)] 1080875K->1025802K(1336320K), 0.0198587 secs] [Times: user=0.03 sys=0.00, real=0.02 secs] 
954.590: [GC (Allocation Failure) [PSYoungGen: 410895K->184269K(465920K)] 1258762K->1033382K(1336320K), 0.0205886 secs] [Times: user=0.03 sys=0.00, real=0.02 secs] 
955.379: [GC (Allocation Failure) [PSYoungGen: 417229K->136386K(465920K)] 1266342K->985772K(1336320K), 0.0185494 secs] [Times: user=0.03 sys=0.00, real=0.02 secs] 
957.739: [GC (Allocation Failure) [PSYoungGen: 369346K->15739K(465920K)] 1218732K->865422K(1336320K), 0.0073554 secs] [Times: user=0.02 sys=0.00, real=0.01 secs] 
958.155: [GC (Allocation Failure) [PSYoungGen: 248699K->186197K(465920K)] 1098382K->1037255K(1336320K), 0.0208813 secs] [Times: user=0.03 sys=0.00, real=0.02 secs] 
958.497: [GC (Allocation Failure) [PSYoungGen: 419157K->184783K(465920K)] 1270215K->1035986K(1336320K), 0.0205956 secs] [Times: user=0.03 sys=0.00, real=0.02 secs] 
959.079: [GC (Allocation Failure) [PSYoungGen: 417743K->111935K(465920K)] 1268946K->963539K(1336320K), 0.0166676 secs] [Times: user=0.03 sys=0.00, real=0.02 secs] 
959.962: [GC (Allocation Failure) [PSYoungGen: 344895K->40801K(465920K)] 1196499K->892576K(1336320K), 0.0081983 secs] [Times: user=0.02 sys=0.00, real=0.01 secs] 
960.292: [GC (Allocation Failure) [PSYoungGen: 273761K->186197K(465920K)] 1125536K->1039218K(1336320K), 0.0206948 secs] [Times: user=0.03 sys=0.00, real=0.02 secs] 
960.575: [GC (Allocation Failure) [PSYoungGen: 419157K->184687K(465920K)] 1272178K->1037981K(1336320K), 0.0204389 secs] [Times: user=0.03 sys=0.01, real=0.02 secs] 
961.316: [GC (Allocation Failure) [PSYoungGen: 417647K->70585K(465920K)] 1270941K->924152K(1336320K), 0.0111858 secs] [Times: user=0.02 sys=0.00, real=0.01 secs] 
962.270: [GC (Allocation Failure) [PSYoungGen: 303545K->65734K(465920K)] 1157112K->919607K(1336320K), 0.0086432 secs] [Times: user=0.02 sys=0.00, real=0.01 secs] 
962.542: [GC (Allocation Failure) [PSYoungGen: 298694K->184398K(465920K)] 1152567K->1039508K(1336320K), 0.0206540 secs] [Times: user=0.03 sys=0.00, real=0.03 secs] 
962.832: [GC (Allocation Failure) [PSYoungGen: 417358K->184205K(465920K)] 1272468K->1039580K(1336320K), 0.0204018 secs] [Times: user=0.03 sys=0.00, real=0.02 secs] 
963.847: [GC (Allocation Failure) [PSYoungGen: 417165K->47965K(465920K)] 1272540K->903606K(1336320K), 0.0093835 secs] [Times: user=0.02 sys=0.00, real=0.01 secs] 
964.530: [GC (Allocation Failure) [PSYoungGen: 280925K->88194K(465920K)] 1136566K->944140K(1336320K), 0.0109023 secs] [Times: user=0.02 sys=0.00, real=0.01 secs] 
964.802: [GC (Allocation Failure) [PSYoungGen: 321154K->184269K(465920K)] 1177100K->1041469K(1336320K), 0.0206730 secs] [Times: user=0.03 sys=0.00, real=0.03 secs] 
965.147: [GC (Allocation Failure) [PSYoungGen: 417229K->184398K(465920K)] 1274429K->1041999K(1336320K), 0.0206793 secs] [Times: user=0.03 sys=0.00, real=0.02 secs] 
966.022: [GC (Allocation Failure) [PSYoungGen: 417358K->25313K(465920K)] 1274959K->883180K(1336320K), 0.0057339 secs] [Times: user=0.01 sys=0.00, real=0.01 secs] 
966.643: [GC (Allocation Failure) [PSYoungGen: 258273K->110878K(465920K)] 1116140K->968922K(1336320K), 0.0130346 secs] [Times: user=0.03 sys=0.00, real=0.01 secs] 
966.917: [GC (Allocation Failure) [PSYoungGen: 343838K->184141K(465920K)] 1201882K->1043414K(1336320K), 0.0205667 secs] [Times: user=0.03 sys=0.00, real=0.02 secs] 
967.258: [GC (Allocation Failure) [PSYoungGen: 417101K->184526K(465920K)] 1276374K->1044073K(1336320K), 0.0204935 secs] [Times: user=0.03 sys=0.00, real=0.02 secs] 
968.524: [GC (Allocation Failure) [PSYoungGen: 417486K->2725K(465920K)] 1277033K->862665K(1336320K), 0.0028764 secs] [Times: user=0.02 sys=0.00, real=0.00 secs] 
969.120: [GC (Allocation Failure) [PSYoungGen: 235685K->133145K(465920K)] 1095625K->993274K(1336320K), 0.0153760 secs] [Times: user=0.02 sys=0.00, real=0.02 secs] 
969.434: [GC (Allocation Failure) [PSYoungGen: 366105K->184141K(465920K)] 1226234K->1045644K(1336320K), 0.0205580 secs] [Times: user=0.03 sys=0.00, real=0.02 secs] 
970.059: [GC (Allocation Failure) [PSYoungGen: 417101K->166857K(465920K)] 1278604K->1028497K(1336320K), 0.0252262 secs] [Times: user=0.04 sys=0.00, real=0.03 secs] 
971.360: [GC (Allocation Failure) [PSYoungGen: 399817K->64K(465920K)] 1261457K->863145K(1336320K), 0.0031249 secs] [Times: user=0.02 sys=0.00, real=0.01 secs] 
971.792: [GC (Allocation Failure) [PSYoungGen: 233024K->154994K(465920K)] 1096105K->1018092K(1336320K), 0.0175946 secs] [Times: user=0.02 sys=0.00, real=0.02 secs] 
972.071: [GC (Allocation Failure) [PSYoungGen: 387954K->184269K(465920K)] 1251052K->1048605K(1336320K), 0.0204549 secs] [Times: user=0.03 sys=0.00, real=0.02 secs] 
972.816: [GC (Allocation Failure) [PSYoungGen: 417229K->151103K(465920K)] 1281565K->1015704K(1336320K), 0.0192912 secs] [Times: user=0.03 sys=0.00, real=0.02 secs] 
975.253: [GC (Allocation Failure) [PSYoungGen: 384063K->64K(465920K)] 1248664K->866094K(1336320K), 0.0031701 secs] [Times: user=0.02 sys=0.00, real=0.00 secs] 
975.728: [GC (Allocation Failure) [PSYoungGen: 233024K->178577K(465920K)] 1099054K->1044640K(1336320K), 0.0197931 secs] [Times: user=0.03 sys=0.00, real=0.02 secs] 
976.012: [GC (Allocation Failure) [PSYoungGen: 411537K->186068K(465920K)] 1277600K->1053376K(1336320K), 0.0207388 secs] [Times: user=0.03 sys=0.00, real=0.02 secs] 
977.265: [GC (Allocation Failure) [PSYoungGen: 419028K->133976K(465920K)] 1286336K->1001549K(1336320K), 0.0351163 secs] [Times: user=0.07 sys=0.00, real=0.03 secs] 
979.251: [GC (Allocation Failure) [PSYoungGen: 366936K->19369K(465920K)] 1234509K->887248K(1336320K), 0.0061425 secs] [Times: user=0.02 sys=0.00, real=0.01 secs] 
979.546: [GC (Allocation Failure) [PSYoungGen: 252329K->185683K(465920K)] 1120208K->1054799K(1336320K), 0.0207206 secs] [Times: user=0.03 sys=0.00, real=0.02 secs] 
979.567: [Full GC (Ergonomics) [PSYoungGen: 185683K->0K(465920K)] [ParOldGen: 869116K->508748K(898560K)] 1054799K->508748K(1364480K), [Metaspace: 55604K->55604K(1101824K)], 0.0513649 secs] [Times: user=0.20 sys=0.00, real=0.05 secs] 
979.883: [GC (Allocation Failure) [PSYoungGen: 232960K->184398K(465920K)] 741708K->693146K(1364480K), 0.0201182 secs] [Times: user=0.03 sys=0.00, real=0.02 secs] 
981.367: [GC (Allocation Failure) [PSYoungGen: 417358K->109252K(465920K)] 926106K->618298K(1364480K), 0.0216388 secs] [Times: user=0.04 sys=0.00, real=0.02 secs] 
982.878: [GC (Allocation Failure) [PSYoungGen: 342212K->30101K(465920K)] 851258K->539445K(1364480K), 0.0052798 secs] [Times: user=0.01 sys=0.00, real=0.01 secs] 
983.221: [GC (Allocation Failure) [PSYoungGen: 263061K->186357K(465920K)] 772405K->696947K(1364480K), 0.0201068 secs] [Times: user=0.02 sys=0.00, real=0.02 secs] 
983.551: [GC (Allocation Failure) [PSYoungGen: 419317K->184783K(465920K)] 929907K->695645K(1364480K), 0.0200869 secs] [Times: user=0.03 sys=0.01, real=0.02 secs] 
984.790: [GC (Allocation Failure) [PSYoungGen: 415437K->97460K(465920K)] 926300K->608595K(1364480K), 0.0162528 secs] [Times: user=0.03 sys=0.01, real=0.02 secs] 
985.989: [GC (Allocation Failure) [PSYoungGen: 330420K->37780K(465920K)] 841555K->549242K(1364480K), 0.0053116 secs] [Times: user=0.02 sys=0.00, real=0.01 secs] 
986.256: [GC (Allocation Failure) [PSYoungGen: 270740K->184430K(465920K)] 782202K->697137K(1364480K), 0.0199376 secs] [Times: user=0.02 sys=0.00, real=0.02 secs] 
986.599: [GC (Allocation Failure) [PSYoungGen: 417390K->184365K(465920K)] 930097K->697353K(1364480K), 0.0198498 secs] [Times: user=0.02 sys=0.00, real=0.02 secs] 
988.900: [GC (Allocation Failure) [PSYoungGen: 409557K->92255K(465920K)] 922545K->605508K(1364480K), 0.0264962 secs] [Times: user=0.05 sys=0.00, real=0.03 secs] 
990.027: [GC (Allocation Failure) [PSYoungGen: 325215K->38005K(465920K)] 838468K->551582K(1364480K), 0.0052199 secs] [Times: user=0.01 sys=0.00, real=0.00 secs] 
990.353: [GC (Allocation Failure) [PSYoungGen: 270965K->184173K(465920K)] 784542K->699003K(1364480K), 0.0201810 secs] [Times: user=0.03 sys=0.00, real=0.02 secs] 
990.636: [GC (Allocation Failure) [PSYoungGen: 417133K->184976K(465920K)] 931963K->700087K(1364480K), 0.0201082 secs] [Times: user=0.03 sys=0.00, real=0.02 secs] 
992.960: [GC (Allocation Failure) [PSYoungGen: 407895K->91612K(465920K)] 923006K->606997K(1364480K), 0.0235421 secs] [Times: user=0.05 sys=0.00, real=0.03 secs] 
994.672: [GC (Allocation Failure) [PSYoungGen: 324572K->37684K(465920K)] 839957K->553382K(1364480K), 0.0073245 secs] [Times: user=0.01 sys=0.00, real=0.01 secs] 
995.024: [GC (Allocation Failure) [PSYoungGen: 270644K->184976K(465920K)] 786342K->701928K(1364480K), 0.0201020 secs] [Times: user=0.02 sys=0.00, real=0.02 secs] 
995.315: [GC (Allocation Failure) [PSYoungGen: 417936K->184141K(465920K)] 934888K->701494K(1364480K), 0.0198822 secs] [Times: user=0.03 sys=0.00, real=0.02 secs] 
997.882: [GC (Allocation Failure) [PSYoungGen: 409466K->91853K(465920K)] 926819K->609351K(1364480K), 0.0240079 secs] [Times: user=0.05 sys=0.00, real=0.03 secs] 
999.825: [GC (Allocation Failure) [PSYoungGen: 324813K->37845K(465920K)] 842311K->555667K(1364480K), 0.0073130 secs] [Times: user=0.02 sys=0.00, real=0.00 secs] 
1000.144: [GC (Allocation Failure) [PSYoungGen: 270805K->184719K(465920K)] 788627K->703794K(1364480K), 0.0200664 secs] [Times: user=0.03 sys=0.00, real=0.02 secs] 
1000.432: [GC (Allocation Failure) [PSYoungGen: 417679K->184719K(465920K)] 936754K->704204K(1364480K), 0.0199787 secs] [Times: user=0.03 sys=0.00, real=0.02 secs] 
1001.591: [GC (Allocation Failure) [PSYoungGen: 407165K->91516K(465920K)] 926650K->611274K(1364480K), 0.0206841 secs] [Times: user=0.04 sys=0.00, real=0.02 secs] 
1003.118: [GC (Allocation Failure) [PSYoungGen: 324476K->37716K(465920K)] 844234K->557654K(1364480K), 0.0072018 secs] [Times: user=0.02 sys=0.00, real=0.01 secs] 
1003.503: [GC (Allocation Failure) [PSYoungGen: 270676K->183819K(465920K)] 790614K->704994K(1364480K), 0.0200038 secs] [Times: user=0.02 sys=0.00, real=0.02 secs] 
1003.790: [GC (Allocation Failure) [PSYoungGen: 416779K->184687K(465920K)] 937954K->706135K(1364480K), 0.0200041 secs] [Times: user=0.03 sys=0.00, real=0.02 secs] 
1004.977: [GC (Allocation Failure) [PSYoungGen: 410115K->92544K(465920K)] 931563K->614265K(1364480K), 0.0145459 secs] [Times: user=0.03 sys=0.00, real=0.01 secs] 
1006.958: [GC (Allocation Failure) [PSYoungGen: 325504K->37459K(465920K)] 847225K->559494K(1364480K), 0.0074057 secs] [Times: user=0.01 sys=0.01, real=0.01 secs] 
1007.270: [GC (Allocation Failure) [PSYoungGen: 270419K->184044K(465920K)] 792454K->707325K(1364480K), 0.0201034 secs] [Times: user=0.03 sys=0.00, real=0.02 secs] 
1007.553: [GC (Allocation Failure) [PSYoungGen: 417004K->184558K(465920K)] 940285K->708249K(1364480K), 0.0200616 secs] [Times: user=0.02 sys=0.00, real=0.02 secs] 
1008.792: [GC (Allocation Failure) [PSYoungGen: 409603K->92576K(465920K)] 933293K->616556K(1364480K), 0.0125917 secs] [Times: user=0.02 sys=0.00, real=0.02 secs] 
1010.490: [GC (Allocation Failure) [PSYoungGen: 325536K->37877K(465920K)] 849516K->562036K(1364480K), 0.0062792 secs] [Times: user=0.01 sys=0.00, real=0.01 secs] 
1010.773: [GC (Allocation Failure) [PSYoungGen: 270837K->184719K(465920K)] 794996K->710252K(1364480K), 0.0199581 secs] [Times: user=0.03 sys=0.00, real=0.02 secs] 
1011.055: [GC (Allocation Failure) [PSYoungGen: 417679K->184751K(465920K)] 943212K->710557K(1364480K), 0.0198741 secs] [Times: user=0.02 sys=0.00, real=0.02 secs] 
1012.590: [GC (Allocation Failure) [PSYoungGen: 407190K->91499K(465920K)] 932996K->617579K(1364480K), 0.0162502 secs] [Times: user=0.03 sys=0.00, real=0.02 secs] 
1015.113: [GC (Allocation Failure) [PSYoungGen: 324459K->37716K(465920K)] 850539K->563965K(1364480K), 0.0070946 secs] [Times: user=0.02 sys=0.00, real=0.00 secs] 
1015.419: [GC (Allocation Failure) [PSYoungGen: 270676K->183787K(465920K)] 796925K->711289K(1364480K), 0.0202018 secs] [Times: user=0.03 sys=0.00, real=0.02 secs] 
1015.702: [GC (Allocation Failure) [PSYoungGen: 416747K->184687K(465920K)] 944249K->712470K(1364480K), 0.0200910 secs] [Times: user=0.02 sys=0.00, real=0.03 secs] 
1017.338: [GC (Allocation Failure) [PSYoungGen: 410138K->92528K(465920K)] 937921K->620584K(1364480K), 0.0186532 secs] [Times: user=0.03 sys=0.01, real=0.02 secs] 
1019.715: [GC (Allocation Failure) [PSYoungGen: 325488K->37617K(465920K)] 853544K->565981K(1364480K), 0.0072396 secs] [Times: user=0.01 sys=0.00, real=0.00 secs] 
1020.028: [GC (Allocation Failure) [PSYoungGen: 270577K->184205K(465920K)] 798941K->713822K(1364480K), 0.0198422 secs] [Times: user=0.03 sys=0.00, real=0.02 secs] 
1020.319: [GC (Allocation Failure) [PSYoungGen: 417165K->184558K(465920K)] 946782K->714585K(1364480K), 0.0200125 secs] [Times: user=0.02 sys=0.00, real=0.02 secs] 
1021.418: [GC (Allocation Failure) [PSYoungGen: 409729K->92383K(465920K)] 939756K->622547K(1364480K), 0.0156495 secs] [Times: user=0.03 sys=0.00, real=0.02 secs] 
1022.980: [GC (Allocation Failure) [PSYoungGen: 325343K->37588K(465920K)] 855507K->568057K(1364480K), 0.0064996 secs] [Times: user=0.01 sys=0.00, real=0.01 secs] 
1023.343: [GC (Allocation Failure) [PSYoungGen: 270548K->184719K(465920K)] 801017K->716442K(1364480K), 0.0203186 secs] [Times: user=0.03 sys=0.00, real=0.02 secs] 
1023.631: [GC (Allocation Failure) [PSYoungGen: 417679K->184687K(465920K)] 949402K->716691K(1364480K), 0.0199974 secs] [Times: user=0.02 sys=0.00, real=0.02 secs] 
1025.329: [GC (Allocation Failure) [PSYoungGen: 407498K->91741K(465920K)] 939502K->624010K(1364480K), 0.0160458 secs] [Times: user=0.03 sys=0.01, real=0.02 secs] 
1027.451: [GC (Allocation Failure) [PSYoungGen: 324701K->37395K(465920K)] 856970K->569977K(1364480K), 0.0066197 secs] [Times: user=0.02 sys=0.00, real=0.01 secs] 
1027.749: [GC (Allocation Failure) [PSYoungGen: 270355K->184719K(465920K)] 802937K->718692K(1364480K), 0.0204009 secs] [Times: user=0.03 sys=0.00, real=0.02 secs] 
1028.035: [GC (Allocation Failure) [PSYoungGen: 417679K->184687K(465920K)] 951652K->718812K(1364480K), 0.0200944 secs] [Times: user=0.02 sys=0.00, real=0.02 secs] 
1029.614: [GC (Allocation Failure) [PSYoungGen: 409814K->92030K(465920K)] 943940K->626428K(1364480K), 0.0137528 secs] [Times: user=0.03 sys=0.00, real=0.01 secs] 
1032.153: [GC (Allocation Failure) [PSYoungGen: 324990K->37427K(465920K)] 859388K->572125K(1364480K), 0.0066654 secs] [Times: user=0.01 sys=0.00, real=0.00 secs] 
1032.526: [GC (Allocation Failure) [PSYoungGen: 270387K->184687K(465920K)] 805085K->720630K(1364480K), 0.0199484 secs] [Times: user=0.02 sys=0.00, real=0.02 secs] 
1032.864: [GC (Allocation Failure) [PSYoungGen: 417647K->184687K(465920K)] 953590K->720903K(1364480K), 0.0204171 secs] [Times: user=0.03 sys=0.00, real=0.02 secs] 
1034.639: [GC (Allocation Failure) [PSYoungGen: 409804K->91837K(465920K)] 946021K->628327K(1364480K), 0.0154787 secs] [Times: user=0.03 sys=0.00, real=0.02 secs] 
1036.560: [GC (Allocation Failure) [PSYoungGen: 324797K->37556K(465920K)] 861287K->574361K(1364480K), 0.0063139 secs] [Times: user=0.02 sys=0.00, real=0.01 secs] 
1036.841: [GC (Allocation Failure) [PSYoungGen: 270516K->184462K(465920K)] 807321K->722521K(1364480K), 0.0201387 secs] [Times: user=0.02 sys=0.00, real=0.02 secs] 
1037.131: [GC (Allocation Failure) [PSYoungGen: 417422K->184655K(465920K)] 955481K->723123K(1364480K), 0.0201181 secs] [Times: user=0.03 sys=0.00, real=0.02 secs] 
1038.316: [GC (Allocation Failure) [PSYoungGen: 409784K->92046K(465920K)] 948253K->630659K(1364480K), 0.0128709 secs] [Times: user=0.03 sys=0.00, real=0.01 secs] 
1039.843: [GC (Allocation Failure) [PSYoungGen: 325006K->37877K(465920K)] 863619K->576806K(1364480K), 0.0056151 secs] [Times: user=0.01 sys=0.00, real=0.00 secs] 
1040.111: [GC (Allocation Failure) [PSYoungGen: 270837K->184719K(465920K)] 809766K->725030K(1364480K), 0.0199696 secs] [Times: user=0.03 sys=0.00, real=0.02 secs] 
1040.394: [GC (Allocation Failure) [PSYoungGen: 417679K->184462K(465920K)] 957990K->724926K(1364480K), 0.0199447 secs] [Times: user=0.02 sys=0.00, real=0.02 secs] 
1041.850: [GC (Allocation Failure) [PSYoungGen: 407037K->91741K(465920K)] 947501K->632470K(1364480K), 0.0163649 secs] [Times: user=0.03 sys=0.00, real=0.02 secs] 
1044.634: [GC (Allocation Failure) [PSYoungGen: 324701K->37556K(465920K)] 865430K->578609K(1364480K), 0.0078941 secs] [Times: user=0.01 sys=0.00, real=0.00 secs] 
1044.959: [GC (Allocation Failure) [PSYoungGen: 270516K->184719K(465920K)] 811569K->727025K(1364480K), 0.0201033 secs] [Times: user=0.03 sys=0.01, real=0.02 secs] 
1045.297: [GC (Allocation Failure) [PSYoungGen: 417679K->183658K(465920K)] 959985K->726238K(1364480K), 0.0200379 secs] [Times: user=0.03 sys=0.00, real=0.02 secs] 
1045.903: [GC (Allocation Failure) [PSYoungGen: 409259K->92801K(465920K)] 951839K->635654K(1364480K), 0.0115091 secs] [Times: user=0.02 sys=0.01, real=0.01 secs] 
1046.703: [GC (Allocation Failure) [PSYoungGen: 325761K->38037K(465920K)] 868614K->581206K(1364480K), 0.0052711 secs] [Times: user=0.01 sys=0.00, real=0.00 secs] 
1046.971: [GC (Allocation Failure) [PSYoungGen: 270997K->184590K(465920K)] 814166K->729012K(1364480K), 0.0200021 secs] [Times: user=0.02 sys=0.00, real=0.02 secs] 
1047.308: [GC (Allocation Failure) [PSYoungGen: 417550K->184719K(465920K)] 961972K->729414K(1364480K), 0.0200549 secs] [Times: user=0.03 sys=0.00, real=0.02 secs] 
1047.920: [GC (Allocation Failure) [PSYoungGen: 407206K->91467K(465920K)] 951901K->636564K(1364480K), 0.0110841 secs] [Times: user=0.02 sys=0.00, real=0.01 secs] 
1048.909: [GC (Allocation Failure) [PSYoungGen: 324427K->38005K(465920K)] 869524K->583295K(1364480K), 0.0053386 secs] [Times: user=0.01 sys=0.00, real=0.01 secs] 
1049.176: [GC (Allocation Failure) [PSYoungGen: 270965K->183819K(465920K)] 816255K->730363K(1364480K), 0.0199126 secs] [Times: user=0.03 sys=0.00, real=0.02 secs] 
1049.518: [GC (Allocation Failure) [PSYoungGen: 416779K->184655K(465920K)] 963323K->731471K(1364480K), 0.0198766 secs] [Times: user=0.03 sys=0.00, real=0.02 secs] 
1050.507: [GC (Allocation Failure) [PSYoungGen: 410074K->92287K(465920K)] 956890K->639376K(1364480K), 0.0116385 secs] [Times: user=0.02 sys=0.00, real=0.01 secs] 
1051.430: [GC (Allocation Failure) [PSYoungGen: 325247K->37877K(465920K)] 872336K->585276K(1364480K), 0.0052866 secs] [Times: user=0.02 sys=0.00, real=0.01 secs] 
1051.697: [GC (Allocation Failure) [PSYoungGen: 270837K->184590K(465920K)] 818236K->733243K(1364480K), 0.0200491 secs] [Times: user=0.03 sys=0.00, real=0.02 secs] 
1051.979: [GC (Allocation Failure) [PSYoungGen: 417550K->184269K(465920K)] 966203K->733195K(1364480K), 0.0199162 secs] [Times: user=0.03 sys=0.00, real=0.02 secs] 
1053.003: [GC (Allocation Failure) [PSYoungGen: 409145K->91998K(465920K)] 958071K->641189K(1364480K), 0.0185281 secs] [Times: user=0.04 sys=0.00, real=0.01 secs] 
1054.616: [GC (Allocation Failure) [PSYoungGen: 324958K->37713K(465920K)] 874149K->587212K(1364480K), 0.0066112 secs] [Times: user=0.02 sys=0.00, real=0.01 secs] 
1054.903: [GC (Allocation Failure) [PSYoungGen: 270673K->183916K(465920K)] 820172K->734660K(1364480K), 0.0199752 secs] [Times: user=0.03 sys=0.00, real=0.02 secs] 
1055.248: [GC (Allocation Failure) [PSYoungGen: 416876K->184944K(465920K)] 967620K->735961K(1364480K), 0.0199670 secs] [Times: user=0.02 sys=0.00, real=0.02 secs] 
1056.395: [GC (Allocation Failure) [PSYoungGen: 410327K->92094K(465920K)] 961345K->643377K(1364480K), 0.0187073 secs] [Times: user=0.03 sys=0.00, real=0.02 secs] 
1058.594: [GC (Allocation Failure) [PSYoungGen: 325054K->37716K(465920K)] 876337K->589305K(1364480K), 0.0071702 secs] [Times: user=0.02 sys=0.00, real=0.00 secs] 
1058.902: [GC (Allocation Failure) [PSYoungGen: 270676K->184687K(465920K)] 822265K->737657K(1364480K), 0.0200178 secs] [Times: user=0.02 sys=0.00, real=0.02 secs] 
1059.247: [GC (Allocation Failure) [PSYoungGen: 417647K->184366K(465920K)] 970617K->737481K(1364480K), 0.0201531 secs] [Times: user=0.03 sys=0.00, real=0.02 secs] 
1061.627: [GC (Allocation Failure) [PSYoungGen: 409254K->91869K(465920K)] 962370K->645257K(1364480K), 0.0241471 secs] [Times: user=0.05 sys=0.00, real=0.02 secs] 
1062.696: [GC (Allocation Failure) [PSYoungGen: 324829K->38037K(465920K)] 878217K->591731K(1364480K), 0.0053140 secs] [Times: user=0.01 sys=0.00, real=0.00 secs] 
1062.966: [GC (Allocation Failure) [PSYoungGen: 270997K->184462K(465920K)] 824691K->739409K(1364480K), 0.0203816 secs] [Times: user=0.03 sys=0.00, real=0.02 secs] 
1063.255: [GC (Allocation Failure) [PSYoungGen: 417422K->184526K(465920K)] 972369K->739739K(1364480K), 0.0202593 secs] [Times: user=0.02 sys=0.00, real=0.02 secs] 
1064.410: [GC (Allocation Failure) [PSYoungGen: 407079K->91741K(465920K)] 962292K->647226K(1364480K), 0.0144653 secs] [Times: user=0.02 sys=0.00, real=0.02 secs] 
1065.219: [GC (Allocation Failure) [PSYoungGen: 324701K->38005K(465920K)] 880186K->593805K(1364480K), 0.0052968 secs] [Times: user=0.01 sys=0.00, real=0.01 secs] 
1065.486: [GC (Allocation Failure) [PSYoungGen: 270965K->184462K(465920K)] 826765K->741507K(1364480K), 0.0200547 secs] [Times: user=0.02 sys=0.00, real=0.02 secs] 
1065.773: [GC (Allocation Failure) [PSYoungGen: 417422K->184494K(465920K)] 974467K->741812K(1364480K), 0.0201655 secs] [Times: user=0.02 sys=0.00, real=0.02 secs] 
1066.868: [GC (Allocation Failure) [PSYoungGen: 407036K->91741K(465920K)] 964354K->649324K(1364480K), 0.0142890 secs] [Times: user=0.03 sys=0.00, real=0.01 secs] 
1067.695: [GC (Allocation Failure) [PSYoungGen: 324701K->38034K(465920K)] 882284K->595923K(1364480K), 0.0052839 secs] [Times: user=0.01 sys=0.00, real=0.00 secs] 
1067.965: [GC (Allocation Failure) [PSYoungGen: 270994K->184430K(465920K)] 828883K->743580K(1364480K), 0.0201979 secs] [Times: user=0.02 sys=0.00, real=0.02 secs] 
1068.255: [GC (Allocation Failure) [PSYoungGen: 417390K->184333K(465920K)] 976540K->743765K(1364480K), 0.0200953 secs] [Times: user=0.03 sys=0.00, real=0.02 secs] 
1069.610: [GC (Allocation Failure) [PSYoungGen: 409381K->91998K(465920K)] 968812K->651831K(1364480K), 0.0203725 secs] [Times: user=0.04 sys=0.00, real=0.02 secs] 
1071.109: [GC (Allocation Failure) [PSYoungGen: 324958K->37780K(465920K)] 884791K->597793K(1364480K), 0.0063718 secs] [Times: user=0.02 sys=0.00, real=0.01 secs] 
1071.393: [GC (Allocation Failure) [PSYoungGen: 270740K->184687K(465920K)] 830753K->745945K(1364480K), 0.0200984 secs] [Times: user=0.03 sys=0.00, real=0.02 secs] 
1071.683: [GC (Allocation Failure) [PSYoungGen: 417647K->184430K(465920K)] 978905K->745961K(1364480K), 0.0199936 secs] [Times: user=0.02 sys=0.00, real=0.02 secs] 
1072.985: [GC (Allocation Failure) [PSYoungGen: 406726K->91901K(465920K)] 968257K->653705K(1364480K), 0.0188223 secs] [Times: user=0.03 sys=0.00, real=0.02 secs] 
1074.069: [GC (Allocation Failure) [PSYoungGen: 324861K->37973K(465920K)] 886665K->600091K(1364480K), 0.0070238 secs] [Times: user=0.02 sys=0.00, real=0.01 secs] 
1074.418: [GC (Allocation Failure) [PSYoungGen: 270933K->184366K(465920K)] 833051K->747721K(1364480K), 0.0206811 secs] [Times: user=0.03 sys=0.00, real=0.02 secs] 
1074.754: [GC (Allocation Failure) [PSYoungGen: 417326K->184590K(465920K)] 980681K->748227K(1364480K), 0.0200240 secs] [Times: user=0.02 sys=0.00, real=0.02 secs] 
1075.750: [GC (Allocation Failure) [PSYoungGen: 407137K->91741K(465920K)] 970774K->655642K(1364480K), 0.0117127 secs] [Times: user=0.02 sys=0.00, real=0.01 secs] 
1076.623: [GC (Allocation Failure) [PSYoungGen: 324701K->38066K(465920K)] 888602K->602292K(1364480K), 0.0053366 secs] [Times: user=0.01 sys=0.00, real=0.00 secs] 
1076.953: [GC (Allocation Failure) [PSYoungGen: 271026K->184430K(465920K)] 835252K->749901K(1364480K), 0.0200830 secs] [Times: user=0.03 sys=0.00, real=0.02 secs] 
1077.234: [GC (Allocation Failure) [PSYoungGen: 417390K->184301K(465920K)] 982861K->750054K(1364480K), 0.0201290 secs] [Times: user=0.03 sys=0.00, real=0.02 secs] 
1080.133: [GC (Allocation Failure) [PSYoungGen: 409386K->92030K(465920K)] 975139K->658184K(1364480K), 0.0188647 secs] [Times: user=0.03 sys=0.00, real=0.01 secs] 
1081.642: [GC (Allocation Failure) [PSYoungGen: 324990K->37877K(465920K)] 891144K->604216K(1364480K), 0.0066658 secs] [Times: user=0.01 sys=0.00, real=0.01 secs] 
1081.942: [GC (Allocation Failure) [PSYoungGen: 270837K->184719K(465920K)] 837176K->752312K(1364480K), 0.0201651 secs] [Times: user=0.03 sys=0.00, real=0.02 secs] 
1082.230: [GC (Allocation Failure) [PSYoungGen: 417679K->184751K(465920K)] 985272K->752625K(1364480K), 0.0201616 secs] [Times: user=0.03 sys=0.00, real=0.02 secs] 
1084.066: [GC (Allocation Failure) [PSYoungGen: 407316K->91516K(465920K)] 975189K->659662K(1364480K), 0.0193431 secs] [Times: user=0.04 sys=0.00, real=0.02 secs] 
1085.319: [GC (Allocation Failure) [PSYoungGen: 324476K->37877K(465920K)] 892622K->606329K(1364480K), 0.0064332 secs] [Times: user=0.01 sys=0.00, real=0.01 secs] 
1085.598: [GC (Allocation Failure) [PSYoungGen: 270837K->183819K(465920K)] 839289K->753525K(1364480K), 0.0199325 secs] [Times: user=0.03 sys=0.00, real=0.02 secs] 
1085.881: [GC (Allocation Failure) [PSYoungGen: 416779K->184398K(465920K)] 986485K->754377K(1364480K), 0.0201918 secs] [Times: user=0.02 sys=0.00, real=0.02 secs] 
1087.235: [GC (Allocation Failure) [PSYoungGen: 409625K->92640K(465920K)] 979605K->662885K(1364480K), 0.0146706 secs] [Times: user=0.03 sys=0.00, real=0.01 secs] 
1088.941: [GC (Allocation Failure) [PSYoungGen: 325600K->37909K(465920K)] 895845K->608453K(1364480K), 0.0060251 secs] [Times: user=0.02 sys=0.00, real=0.01 secs] 
1089.267: [GC (Allocation Failure) [PSYoungGen: 270869K->184558K(465920K)] 841413K->756477K(1364480K), 0.0202932 secs] [Times: user=0.03 sys=0.00, real=0.02 secs] 
1089.549: [GC (Allocation Failure) [PSYoungGen: 417518K->184398K(465920K)] 989437K->756461K(1364480K), 0.0202773 secs] [Times: user=0.02 sys=0.00, real=0.02 secs] 
1090.221: [GC (Allocation Failure) [PSYoungGen: 406885K->91869K(465920K)] 978948K->664213K(1364480K), 0.0114744 secs] [Times: user=0.02 sys=0.00, real=0.01 secs] 
1091.126: [GC (Allocation Failure) [PSYoungGen: 324829K->38005K(465920K)] 897173K->610657K(1364480K), 0.0065356 secs] [Times: user=0.01 sys=0.00, real=0.00 secs] 
1091.418: [GC (Allocation Failure) [PSYoungGen: 270965K->184719K(465920K)] 843617K->758624K(1364480K), 0.0202636 secs] [Times: user=0.03 sys=0.00, real=0.02 secs] 
1091.756: [GC (Allocation Failure) [PSYoungGen: 417679K->184366K(465920K)] 991584K->758544K(1364480K), 0.0203462 secs] [Times: user=0.03 sys=0.00, real=0.02 secs] 
1093.658: [GC (Allocation Failure) [PSYoungGen: 406849K->91612K(465920K)] 981028K->666056K(1364480K), 0.0161871 secs] [Times: user=0.04 sys=0.00, real=0.02 secs] 
1094.448: [GC (Allocation Failure) [PSYoungGen: 324572K->38166K(465920K)] 899016K->612931K(1364480K), 0.0053579 secs] [Times: user=0.01 sys=0.00, real=0.01 secs] 
1094.717: [GC (Allocation Failure) [PSYoungGen: 271126K->184687K(465920K)] 845891K->760826K(1364480K), 0.0200627 secs] [Times: user=0.03 sys=0.00, real=0.02 secs] 
1095.063: [GC (Allocation Failure) [PSYoungGen: 417647K->184687K(465920K)] 993786K->760979K(1364480K), 0.0200871 secs] [Times: user=0.02 sys=0.00, real=0.02 secs] 
1095.679: [GC (Allocation Failure) [PSYoungGen: 407108K->91258K(465920K)] 983400K->667823K(1364480K), 0.0110721 secs] [Times: user=0.03 sys=0.00, real=0.01 secs] 
1096.484: [GC (Allocation Failure) [PSYoungGen: 324218K->38166K(465920K)] 900783K->615036K(1364480K), 0.0053361 secs] [Times: user=0.01 sys=0.00, real=0.00 secs] 
1096.755: [GC (Allocation Failure) [PSYoungGen: 271126K->184719K(465920K)] 847996K->762972K(1364480K), 0.0201528 secs] [Times: user=0.02 sys=0.00, real=0.02 secs] 
1097.095: [GC (Allocation Failure) [PSYoungGen: 417679K->184719K(465920K)] 995932K->763124K(1364480K), 0.0201034 secs] [Times: user=0.02 sys=0.00, real=0.02 secs] 
1098.817: [GC (Allocation Failure) [PSYoungGen: 407188K->91258K(465920K)] 985593K->669945K(1364480K), 0.0186238 secs] [Times: user=0.04 sys=0.00, real=0.02 secs] 
1100.783: [GC (Allocation Failure) [PSYoungGen: 324218K->37556K(465920K)] 902905K->616556K(1364480K), 0.0070994 secs] [Times: user=0.02 sys=0.00, real=0.00 secs] 
1101.094: [GC (Allocation Failure) [PSYoungGen: 270516K->184719K(465920K)] 849516K->764972K(1364480K), 0.0200289 secs] [Times: user=0.03 sys=0.00, real=0.02 secs] 
1101.376: [GC (Allocation Failure) [PSYoungGen: 417679K->184719K(465920K)] 997932K->765253K(1364480K), 0.0200609 secs] [Times: user=0.03 sys=0.00, real=0.02 secs] 
1102.812: [GC (Allocation Failure) [PSYoungGen: 407533K->91773K(465920K)] 988067K->672580K(1364480K), 0.0188999 secs] [Times: user=0.04 sys=0.00, real=0.02 secs] 
1104.489: [GC (Allocation Failure) [PSYoungGen: 324733K->37716K(465920K)] 905540K->618824K(1364480K), 0.0073946 secs] [Times: user=0.01 sys=0.01, real=0.01 secs] 
1104.875: [GC (Allocation Failure) [PSYoungGen: 270676K->183819K(465920K)] 851784K->766180K(1364480K), 0.0200052 secs] [Times: user=0.03 sys=0.00, real=0.02 secs] 
1105.216: [GC (Allocation Failure) [PSYoungGen: 416779K->184333K(465920K)] 999140K->767104K(1364480K), 0.0200951 secs] [Times: user=0.03 sys=0.00, real=0.02 secs] 
1105.898: [GC (Allocation Failure) [PSYoungGen: 408164K->92897K(465920K)] 990935K->675813K(1364480K), 0.0121742 secs] [Times: user=0.02 sys=0.00, real=0.01 secs] 
1106.709: [GC (Allocation Failure) [PSYoungGen: 325857K->37877K(465920K)] 908773K->621106K(1364480K), 0.0054426 secs] [Times: user=0.01 sys=0.00, real=0.01 secs] 
1106.979: [GC (Allocation Failure) [PSYoungGen: 270837K->184976K(465920K)] 854066K->769458K(1364480K), 0.0201273 secs] [Times: user=0.02 sys=0.00, real=0.02 secs] 
1107.262: [GC (Allocation Failure) [PSYoungGen: 417936K->184173K(465920K)] 1002418K->769065K(1364480K), 0.0199958 secs] [Times: user=0.03 sys=0.00, real=0.02 secs] 
1108.279: [GC (Allocation Failure) [PSYoungGen: 407185K->91709K(465920K)] 992077K->676737K(1364480K), 0.0188817 secs] [Times: user=0.03 sys=0.00, real=0.02 secs] 
1109.620: [GC (Allocation Failure) [PSYoungGen: 324669K->38005K(465920K)] 909697K->623340K(1364480K), 0.0077172 secs] [Times: user=0.01 sys=0.00, real=0.01 secs] 
1110.008: [GC (Allocation Failure) [PSYoungGen: 270965K->182887K(465920K)] 856300K->769467K(1364480K), 0.0200205 secs] [Times: user=0.03 sys=0.00, real=0.02 secs] 
1110.291: [GC (Allocation Failure) [PSYoungGen: 415847K->184462K(465920K)] 1002427K->771315K(1364480K), 0.0201508 secs] [Times: user=0.02 sys=0.00, real=0.02 secs] 
1111.610: [GC (Allocation Failure) [PSYoungGen: 409466K->93363K(465920K)] 996319K->680489K(1364480K), 0.0159984 secs] [Times: user=0.03 sys=0.00, real=0.02 secs] 
1112.416: [GC (Allocation Failure) [PSYoungGen: 326323K->38163K(465920K)] 913449K->625476K(1364480K), 0.0053829 secs] [Times: user=0.01 sys=0.00, real=0.00 secs] 
1112.693: [GC (Allocation Failure) [PSYoungGen: 271123K->184815K(465920K)] 858436K->773511K(1364480K), 0.0200654 secs] [Times: user=0.03 sys=0.00, real=0.02 secs] 
1112.975: [GC (Allocation Failure) [PSYoungGen: 417775K->184687K(465920K)] 1006471K->773655K(1364480K), 0.0201423 secs] [Times: user=0.02 sys=0.00, real=0.02 secs] 
1113.987: [GC (Allocation Failure) [PSYoungGen: 406979K->91130K(465920K)] 995947K->680243K(1364480K), 0.0122761 secs] [Times: user=0.02 sys=0.00, real=0.01 secs] 
1114.834: [GC (Allocation Failure) [PSYoungGen: 324090K->38034K(465920K)] 913203K->627464K(1364480K), 0.0053864 secs] [Times: user=0.02 sys=0.01, real=0.00 secs] 
1115.159: [GC (Allocation Failure) [PSYoungGen: 270994K->183948K(465920K)] 860424K->774623K(1364480K), 0.0202900 secs] [Times: user=0.02 sys=0.00, real=0.02 secs] 
1115.440: [GC (Allocation Failure) [PSYoungGen: 416908K->184430K(465920K)] 1007583K->775386K(1364480K), 0.0201848 secs] [Times: user=0.03 sys=0.00, real=0.02 secs] 
1116.483: [GC (Allocation Failure) [PSYoungGen: 409641K->92399K(465920K)] 1000598K->683629K(1364480K), 0.0122534 secs] [Times: user=0.03 sys=0.00, real=0.01 secs] 
1117.293: [GC (Allocation Failure) [PSYoungGen: 325359K->38034K(465920K)] 916589K->629577K(1364480K), 0.0053710 secs] [Times: user=0.02 sys=0.00, real=0.00 secs] 
1117.562: [GC (Allocation Failure) [PSYoungGen: 270994K->184751K(465920K)] 862537K->777547K(1364480K), 0.0201973 secs] [Times: user=0.02 sys=0.00, real=0.02 secs] 
1117.850: [GC (Allocation Failure) [PSYoungGen: 417711K->184687K(465920K)] 1010507K->777909K(1364480K), 0.0202918 secs] [Times: user=0.03 sys=0.00, real=0.02 secs] 
1118.488: [GC (Allocation Failure) [PSYoungGen: 407125K->91355K(465920K)] 1000347K->684842K(1364480K), 0.0109113 secs] [Times: user=0.02 sys=0.00, real=0.01 secs] 
1119.294: [GC (Allocation Failure) [PSYoungGen: 324315K->38037K(465920K)] 917802K->631702K(1364480K), 0.0054903 secs] [Times: user=0.02 sys=0.00, real=0.00 secs] 
1119.562: [GC (Allocation Failure) [PSYoungGen: 270997K->184719K(465920K)] 864662K->779629K(1364480K), 0.0202094 secs] [Times: user=0.03 sys=0.00, real=0.02 secs] 
1119.850: [GC (Allocation Failure) [PSYoungGen: 417679K->184687K(465920K)] 1012589K->779878K(1364480K), 0.0202161 secs] [Times: user=0.03 sys=0.00, real=0.02 secs] 
1121.140: [GC (Allocation Failure) [PSYoungGen: 407243K->91403K(465920K)] 1002434K->686867K(1364480K), 0.0170848 secs] [Times: user=0.03 sys=0.00, real=0.02 secs] 
1122.124: [GC (Allocation Failure) [PSYoungGen: 324363K->38034K(465920K)] 919827K->633812K(1364480K), 0.0054193 secs] [Times: user=0.02 sys=0.00, real=0.00 secs] 
1122.390: [GC (Allocation Failure) [PSYoungGen: 270994K->183787K(465920K)] 866772K->780811K(1364480K), 0.0200367 secs] [Times: user=0.03 sys=0.00, real=0.02 secs] 
1122.730: [GC (Allocation Failure) [PSYoungGen: 416747K->184719K(465920K)] 1013771K->782015K(1364480K), 0.0243722 secs] [Times: user=0.03 sys=0.00, real=0.03 secs] 
1123.754: [GC (Allocation Failure) [PSYoungGen: 410132K->92255K(465920K)] 1007429K->689824K(1364480K), 0.0132009 secs] [Times: user=0.03 sys=0.00, real=0.01 secs] 
1125.691: [GC (Allocation Failure) [PSYoungGen: 325215K->36527K(465920K)] 922784K->634395K(1364480K), 0.0073176 secs] [Times: user=0.01 sys=0.00, real=0.01 secs] 
1126.060: [GC (Allocation Failure) [PSYoungGen: 269487K->184205K(465920K)] 867355K->783318K(1364480K), 0.0200850 secs] [Times: user=0.03 sys=0.00, real=0.02 secs] 
1126.342: [GC (Allocation Failure) [PSYoungGen: 417165K->183626K(465920K)] 1016278K->783012K(1364480K), 0.0201502 secs] [Times: user=0.03 sys=0.00, real=0.03 secs] 
1126.984: [GC (Allocation Failure) [PSYoungGen: 410155K->94343K(465920K)] 1009541K->694002K(1364480K), 0.0126224 secs] [Times: user=0.03 sys=0.00, real=0.01 secs] 
1128.256: [GC (Allocation Failure) [PSYoungGen: 327303K->37909K(465920K)] 926962K->637889K(1364480K), 0.0067766 secs] [Times: user=0.01 sys=0.00, real=0.01 secs] 
1128.622: [GC (Allocation Failure) [PSYoungGen: 270869K->185008K(465920K)] 870849K->786234K(1364480K), 0.0201931 secs] [Times: user=0.03 sys=0.00, real=0.02 secs] 
1128.910: [GC (Allocation Failure) [PSYoungGen: 417968K->184623K(465920K)] 1019194K->786122K(1364480K), 0.0203245 secs] [Times: user=0.03 sys=0.00, real=0.02 secs] 
1130.413: [GC (Allocation Failure) [PSYoungGen: 406553K->91210K(465920K)] 1008052K->692983K(1364480K), 0.0142994 secs] [Times: user=0.03 sys=0.00, real=0.01 secs] 
1131.417: [GC (Allocation Failure) [PSYoungGen: 324170K->37906K(465920K)] 925943K->640000K(1364480K), 0.0053820 secs] [Times: user=0.01 sys=0.00, real=0.00 secs] 
1131.684: [GC (Allocation Failure) [PSYoungGen: 270866K->184430K(465920K)] 872960K->787777K(1364480K), 0.0201775 secs] [Times: user=0.03 sys=0.00, real=0.02 secs] 
1131.971: [GC (Allocation Failure) [PSYoungGen: 417390K->184333K(465920K)] 1020737K->787962K(1364480K), 0.0201118 secs] [Times: user=0.03 sys=0.00, real=0.02 secs] 
1133.109: [GC (Allocation Failure) [PSYoungGen: 409381K->92158K(465920K)] 1013010K->696189K(1364480K), 0.0114249 secs] [Times: user=0.02 sys=0.00, real=0.01 secs] 
1134.262: [GC (Allocation Failure) [PSYoungGen: 325118K->38005K(465920K)] 929149K->642221K(1364480K), 0.0054900 secs] [Times: user=0.01 sys=0.00, real=0.01 secs] 
1134.591: [GC (Allocation Failure) [PSYoungGen: 270965K->184687K(465920K)] 875181K->790284K(1364480K), 0.0202229 secs] [Times: user=0.03 sys=0.00, real=0.02 secs] 
1134.933: [GC (Allocation Failure) [PSYoungGen: 417647K->184687K(465920K)] 1023244K->790557K(1364480K), 0.0202048 secs] [Times: user=0.03 sys=0.00, real=0.02 secs] 
1135.918: [GC (Allocation Failure) [PSYoungGen: 407126K->91355K(465920K)] 1012997K->697499K(1364480K), 0.0121683 secs] [Times: user=0.02 sys=0.00, real=0.01 secs] 
1137.019: [GC (Allocation Failure) [PSYoungGen: 324315K->37845K(465920K)] 930459K->644160K(1364480K), 0.0064005 secs] [Times: user=0.01 sys=0.00, real=0.01 secs] 
1137.292: [GC (Allocation Failure) [PSYoungGen: 270805K->183948K(465920K)] 877120K->791516K(1364480K), 0.0200436 secs] [Times: user=0.02 sys=0.00, real=0.02 secs] 
1137.575: [GC (Allocation Failure) [PSYoungGen: 416908K->184526K(465920K)] 1024476K->792504K(1364480K), 0.0202263 secs] [Times: user=0.02 sys=0.00, real=0.02 secs] 
1138.504: [GC (Allocation Failure) [PSYoungGen: 409741K->92528K(465920K)] 1017719K->700787K(1364480K), 0.0213128 secs] [Times: user=0.04 sys=0.00, real=0.02 secs] 
1139.321: [GC (Allocation Failure) [PSYoungGen: 325488K->38163K(465920K)] 933747K->646607K(1364480K), 0.0054777 secs] [Times: user=0.01 sys=0.00, real=0.01 secs] 
1139.650: [GC (Allocation Failure) [PSYoungGen: 271123K->184430K(465920K)] 879567K->794120K(1364480K), 0.0202449 secs] [Times: user=0.02 sys=0.00, real=0.02 secs] 
1139.934: [GC (Allocation Failure) [PSYoungGen: 417390K->184847K(465920K)] 1027080K->794810K(1364480K), 0.0202521 secs] [Times: user=0.03 sys=0.00, real=0.02 secs] 
1141.014: [GC (Allocation Failure) [PSYoungGen: 407886K->91355K(465920K)] 1017850K->701591K(1364480K), 0.0137581 secs] [Times: user=0.02 sys=0.00, real=0.01 secs] 
1142.158: [GC (Allocation Failure) [PSYoungGen: 324315K->37845K(465920K)] 934551K->648379K(1364480K), 0.0063029 secs] [Times: user=0.01 sys=0.00, real=0.01 secs] 
1142.439: [GC (Allocation Failure) [PSYoungGen: 270805K->184590K(465920K)] 881339K->796498K(1364480K), 0.0201441 secs] [Times: user=0.03 sys=0.00, real=0.02 secs] 
1142.721: [GC (Allocation Failure) [PSYoungGen: 417550K->184655K(465920K)] 1029458K->796707K(1364480K), 0.0203049 secs] [Times: user=0.02 sys=0.00, real=0.02 secs] 
1143.768: [GC (Allocation Failure) [PSYoungGen: 407369K->91644K(465920K)] 1019422K->704090K(1364480K), 0.0177216 secs] [Times: user=0.04 sys=0.01, real=0.02 secs] 
1144.724: [GC (Allocation Failure) [PSYoungGen: 324604K->37973K(465920K)] 937050K->650590K(1364480K), 0.0058676 secs] [Times: user=0.01 sys=0.00, real=0.00 secs] 
1144.991: [GC (Allocation Failure) [PSYoungGen: 270933K->183916K(465920K)] 883550K->797778K(1364480K), 0.0200281 secs] [Times: user=0.02 sys=0.00, real=0.02 secs] 
1145.273: [GC (Allocation Failure) [PSYoungGen: 416876K->184398K(465920K)] 1030738K->798662K(1364480K), 0.0203022 secs] [Times: user=0.02 sys=0.00, real=0.02 secs] 
1147.078: [GC (Allocation Failure) [PSYoungGen: 409627K->92447K(465920K)] 1023892K->706856K(1364480K), 0.0176624 secs] [Times: user=0.03 sys=0.00, real=0.02 secs] 
1148.796: [GC (Allocation Failure) [PSYoungGen: 325407K->37877K(465920K)] 939816K->652599K(1364480K), 0.0069587 secs] [Times: user=0.01 sys=0.00, real=0.01 secs] 
1149.085: [GC (Allocation Failure) [PSYoungGen: 270837K->184687K(465920K)] 885559K->800671K(1364480K), 0.0203129 secs] [Times: user=0.03 sys=0.00, real=0.02 secs] 
1149.372: [GC (Allocation Failure) [PSYoungGen: 417647K->184751K(465920K)] 1033631K->801137K(1364480K), 0.0204576 secs] [Times: user=0.03 sys=0.00, real=0.03 secs] 
1150.577: [GC (Allocation Failure) [PSYoungGen: 407191K->91452K(465920K)] 1023577K->708110K(1364480K), 0.0170424 secs] [Times: user=0.03 sys=0.00, real=0.02 secs] 
1152.522: [GC (Allocation Failure) [PSYoungGen: 324412K->37556K(465920K)] 941070K->654386K(1364480K), 0.0070208 secs] [Times: user=0.02 sys=0.00, real=0.01 secs] 
1152.822: [GC (Allocation Failure) [PSYoungGen: 270516K->183787K(465920K)] 887346K->801863K(1364480K), 0.0200294 secs] [Times: user=0.02 sys=0.00, real=0.02 secs] 
1153.109: [GC (Allocation Failure) [PSYoungGen: 416747K->184366K(465920K)] 1034823K->802714K(1364480K), 0.0202333 secs] [Times: user=0.03 sys=0.00, real=0.02 secs] 
1154.445: [GC (Allocation Failure) [PSYoungGen: 409604K->92865K(465920K)] 1027953K->711487K(1364480K), 0.0121542 secs] [Times: user=0.02 sys=0.00, real=0.01 secs] 
1156.249: [GC (Allocation Failure) [PSYoungGen: 325825K->37459K(465920K)] 944447K->656395K(1364480K), 0.0067310 secs] [Times: user=0.01 sys=0.00, real=0.01 secs] 
1156.540: [GC (Allocation Failure) [PSYoungGen: 270419K->184719K(465920K)] 889355K->804892K(1364480K), 0.0200934 secs] [Times: user=0.03 sys=0.00, real=0.02 secs] 
1156.823: [GC (Allocation Failure) [PSYoungGen: 417679K->184623K(465920K)] 1037852K->805197K(1364480K), 0.0202211 secs] [Times: user=0.03 sys=0.00, real=0.02 secs] 
1157.490: [GC (Allocation Failure) [PSYoungGen: 407093K->91821K(465920K)] 1027667K->712669K(1364480K), 0.0110979 secs] [Times: user=0.02 sys=0.00, real=0.01 secs] 
1158.421: [GC (Allocation Failure) [PSYoungGen: 324781K->38005K(465920K)] 945629K->659040K(1364480K), 0.0060082 secs] [Times: user=0.01 sys=0.00, real=0.01 secs] 
1158.691: [GC (Allocation Failure) [PSYoungGen: 270965K->184719K(465920K)] 892000K->807007K(1364480K), 0.0200897 secs] [Times: user=0.03 sys=0.00, real=0.02 secs] 
1158.974: [GC (Allocation Failure) [PSYoungGen: 417679K->184719K(465920K)] 1039967K->807288K(1364480K), 0.0200536 secs] [Times: user=0.03 sys=0.00, real=0.02 secs] 
1160.218: [GC (Allocation Failure) [PSYoungGen: 407265K->91387K(465920K)] 1029835K->714230K(1364480K), 0.0133509 secs] [Times: user=0.02 sys=0.00, real=0.01 secs] 
1161.266: [GC (Allocation Failure) [PSYoungGen: 324347K->145024K(465920K)] 947190K->768191K(1364480K), 0.0141208 secs] [Times: user=0.03 sys=0.01, real=0.01 secs] 
1161.507: [GC (Allocation Failure) [PSYoungGen: 377984K->184655K(465920K)] 1001151K->841843K(1364480K), 0.0247245 secs] [Times: user=0.04 sys=0.00, real=0.02 secs] 
1161.736: [GC (Allocation Failure) [PSYoungGen: 417615K->184012K(465920K)] 1074803K->841473K(1364480K), 0.0201386 secs] [Times: user=0.03 sys=0.00, real=0.02 secs] 
1162.891: [GC (Allocation Failure) [PSYoungGen: 416972K->1408K(465920K)] 1074433K->659013K(1364480K), 0.0026401 secs] [Times: user=0.02 sys=0.00, real=0.01 secs] 
1163.450: [GC (Allocation Failure) [PSYoungGen: 234368K->135522K(465920K)] 891973K->793301K(1364480K), 0.0152323 secs] [Times: user=0.02 sys=0.00, real=0.02 secs] 
1163.788: [GC (Allocation Failure) [PSYoungGen: 368482K->184558K(465920K)] 1026261K->843582K(1364480K), 0.0202273 secs] [Times: user=0.03 sys=0.00, real=0.02 secs] 
1164.187: [GC (Allocation Failure) [PSYoungGen: 417518K->166238K(465920K)] 1076542K->825535K(1364480K), 0.0238419 secs] [Times: user=0.04 sys=0.00, real=0.02 secs] 
1165.923: [GC (Allocation Failure) [PSYoungGen: 399198K->96K(465920K)] 1058495K->660811K(1364480K), 0.0028669 secs] [Times: user=0.01 sys=0.00, real=0.00 secs] 
1166.509: [GC (Allocation Failure) [PSYoungGen: 233056K->157885K(465920K)] 893771K->818616K(1364480K), 0.0175084 secs] [Times: user=0.02 sys=0.00, real=0.02 secs] 
1166.848: [GC (Allocation Failure) [PSYoungGen: 390845K->184430K(465920K)] 1051576K->846406K(1364480K), 0.0202788 secs] [Times: user=0.02 sys=0.00, real=0.02 secs] 
1167.667: [GC (Allocation Failure) [PSYoungGen: 417390K->148115K(465920K)] 1079366K->810357K(1364480K), 0.0233950 secs] [Times: user=0.03 sys=0.00, real=0.02 secs] 
1169.537: [GC (Allocation Failure) [PSYoungGen: 381075K->64K(465920K)] 1043317K->663749K(1364480K), 0.0041028 secs] [Times: user=0.02 sys=0.00, real=0.00 secs] 
1169.971: [GC (Allocation Failure) [PSYoungGen: 233024K->182305K(465920K)] 896709K->846006K(1364480K), 0.0200183 secs] [Times: user=0.03 sys=0.00, real=0.02 secs] 
1170.314: [GC (Allocation Failure) [PSYoungGen: 415265K->184815K(465920K)] 1078966K->849763K(1364480K), 0.0204132 secs] [Times: user=0.02 sys=0.00, real=0.02 secs] 
1170.870: [GC (Allocation Failure) [PSYoungGen: 417775K->131534K(465920K)] 1082723K->796755K(1364480K), 0.0175455 secs] [Times: user=0.03 sys=0.00, real=0.02 secs] 
1172.009: [GC (Allocation Failure) [PSYoungGen: 364494K->21040K(465920K)] 1029715K->686560K(1364480K), 0.0045490 secs] [Times: user=0.01 sys=0.00, real=0.01 secs] 
1172.282: [GC (Allocation Failure) [PSYoungGen: 254000K->186357K(465920K)] 919520K->853123K(1364480K), 0.0206411 secs] [Times: user=0.03 sys=0.00, real=0.02 secs] 
1172.572: [GC (Allocation Failure) [PSYoungGen: 419317K->185940K(465920K)] 1086083K->852987K(1364480K), 0.0205602 secs] [Times: user=0.03 sys=0.00, real=0.02 secs] 
1175.466: [GC (Allocation Failure) [PSYoungGen: 418900K->105412K(465920K)] 1085947K->772732K(1364480K), 0.0301142 secs] [Times: user=0.06 sys=0.00, real=0.03 secs] 
1177.541: [GC (Allocation Failure) [PSYoungGen: 338372K->46552K(465920K)] 1005692K->714187K(1364480K), 0.0080507 secs] [Times: user=0.02 sys=0.00, real=0.01 secs] 
1177.844: [GC (Allocation Failure) [PSYoungGen: 279512K->184719K(465920K)] 947147K->853608K(1364480K), 0.0202033 secs] [Times: user=0.03 sys=0.00, real=0.02 secs] 
1178.134: [GC (Allocation Failure) [PSYoungGen: 417679K->186454K(465920K)] 1086568K->855616K(1364480K), 0.0204475 secs] [Times: user=0.02 sys=0.00, real=0.02 secs] 
1178.885: [GC (Allocation Failure) [PSYoungGen: 419414K->64641K(465920K)] 1088576K->734076K(1364480K), 0.0140021 secs] [Times: user=0.02 sys=0.00, real=0.01 secs] 
1180.059: [GC (Allocation Failure) [PSYoungGen: 297601K->72321K(465920K)] 967036K->742064K(1364480K), 0.0103674 secs] [Times: user=0.01 sys=0.00, real=0.01 secs] 
1180.338: [GC (Allocation Failure) [PSYoungGen: 305281K->185875K(465920K)] 975024K->857001K(1364480K), 0.0204129 secs] [Times: user=0.03 sys=0.00, real=0.02 secs] 
1180.621: [GC (Allocation Failure) [PSYoungGen: 418835K->184590K(465920K)] 1089961K->855868K(1364480K), 0.0201754 secs] [Times: user=0.03 sys=0.00, real=0.02 secs] 
1181.431: [GC (Allocation Failure) [PSYoungGen: 417550K->39579K(465920K)] 1088828K->711130K(1364480K), 0.0062212 secs] [Times: user=0.01 sys=0.00, real=0.01 secs] 
1182.056: [GC (Allocation Failure) [PSYoungGen: 272491K->97319K(465920K)] 944042K->769169K(1364480K), 0.0114225 secs] [Times: user=0.02 sys=0.00, real=0.01 secs] 
1182.331: [GC (Allocation Failure) [PSYoungGen: 330279K->184944K(465920K)] 1002129K->858048K(1364480K), 0.0203121 secs] [Times: user=0.02 sys=0.00, real=0.02 secs] 
1182.673: [GC (Allocation Failure) [PSYoungGen: 417904K->184333K(465920K)] 1091008K->857710K(1364480K), 0.0201373 secs] [Times: user=0.03 sys=0.00, real=0.02 secs] 
1183.925: [GC (Allocation Failure) [PSYoungGen: 417293K->15802K(465920K)] 1090670K->689573K(1364480K), 0.0046108 secs] [Times: user=0.01 sys=0.00, real=0.00 secs] 
1184.758: [GC (Allocation Failure) [PSYoungGen: 248762K->120067K(465920K)] 922533K->794025K(1364480K), 0.0137454 secs] [Times: user=0.02 sys=0.00, real=0.01 secs] 
1185.091: [GC (Allocation Failure) [PSYoungGen: 353027K->184944K(465920K)] 1026985K->860140K(1364480K), 0.0204116 secs] [Times: user=0.02 sys=0.00, real=0.02 secs] 
1185.485: [GC (Allocation Failure) [PSYoungGen: 417904K->177739K(465920K)] 1093100K->853216K(1364480K), 0.0254344 secs] [Times: user=0.03 sys=0.00, real=0.02 secs] 
1187.312: [GC (Allocation Failure) [PSYoungGen: 410699K->96K(465920K)] 1086176K->677010K(1364480K), 0.0034545 secs] [Times: user=0.02 sys=0.00, real=0.01 secs] 
1187.949: [GC (Allocation Failure) [PSYoungGen: 233056K->142205K(465920K)] 909970K->819136K(1364480K), 0.0158460 secs] [Times: user=0.02 sys=0.00, real=0.02 secs] 
1188.284: [GC (Allocation Failure) [PSYoungGen: 375165K->184173K(465920K)] 1052096K->862485K(1364480K), 0.0204976 secs] [Times: user=0.03 sys=0.00, real=0.02 secs] 
1188.935: [GC (Allocation Failure) [PSYoungGen: 414968K->159940K(465920K)] 1093281K->838397K(1364480K), 0.0202888 secs] [Times: user=0.03 sys=0.00, real=0.02 secs] 
1191.883: [GC (Allocation Failure) [PSYoungGen: 392900K->96K(465920K)] 1071357K->679992K(1364480K), 0.0031908 secs] [Times: user=0.01 sys=0.00, real=0.00 secs] 
1192.830: [GC (Allocation Failure) [PSYoungGen: 233056K->161323K(465920K)] 912952K->841236K(1364480K), 0.0178423 secs] [Times: user=0.02 sys=0.00, real=0.02 secs] 
1193.173: [GC (Allocation Failure) [PSYoungGen: 394283K->184558K(465920K)] 1074196K->865837K(1364480K), 0.0203115 secs] [Times: user=0.03 sys=0.00, real=0.02 secs] 
1194.362: [GC (Allocation Failure) [PSYoungGen: 417518K->144469K(465920K)] 1098797K->825892K(1364480K), 0.0327000 secs] [Times: user=0.06 sys=0.00, real=0.04 secs] 
1196.624: [GC (Allocation Failure) [PSYoungGen: 377429K->96K(465920K)] 1058852K->682961K(1364480K), 0.0030918 secs] [Times: user=0.01 sys=0.00, real=0.00 secs] 
1196.939: [GC (Allocation Failure) [PSYoungGen: 233056K->183750K(465920K)] 915921K->866640K(1364480K), 0.0202115 secs] [Times: user=0.03 sys=0.00, real=0.02 secs] 
1197.274: [GC (Allocation Failure) [PSYoungGen: 416710K->184590K(465920K)] 1099600K->868733K(1364480K), 0.0202550 secs] [Times: user=0.02 sys=0.00, real=0.02 secs] 
1198.197: [GC (Allocation Failure) [PSYoungGen: 417550K->130378K(465920K)] 1101693K->814914K(1364480K), 0.0332141 secs] [Times: user=0.06 sys=0.00, real=0.03 secs] 
1200.679: [GC (Allocation Failure) [PSYoungGen: 363338K->22036K(465920K)] 1047874K->706744K(1364480K), 0.0069315 secs] [Times: user=0.02 sys=0.00, real=0.01 secs] 
1201.003: [GC (Allocation Failure) [PSYoungGen: 254996K->186550K(465920K)] 939704K->872504K(1364480K), 0.0204443 secs] [Times: user=0.03 sys=0.00, real=0.02 secs] 
1201.349: [GC (Allocation Failure) [PSYoungGen: 419510K->186036K(465920K)] 1105464K->872400K(1364480K), 0.0206053 secs] [Times: user=0.02 sys=0.00, real=0.02 secs] 
1202.627: [GC (Allocation Failure) [PSYoungGen: 418996K->104095K(465920K)] 1105360K->790731K(1364480K), 0.0227380 secs] [Times: user=0.04 sys=0.00, real=0.02 secs] 
1204.193: [GC (Allocation Failure) [PSYoungGen: 337055K->48801K(465920K)] 1023691K->735625K(1364480K), 0.0078957 secs] [Times: user=0.02 sys=0.00, real=0.00 secs] 
1204.543: [GC (Allocation Failure) [PSYoungGen: 281761K->184590K(465920K)] 968585K->872667K(1364480K), 0.0204158 secs] [Times: user=0.02 sys=0.00, real=0.02 secs] 
1204.838: [GC (Allocation Failure) [PSYoungGen: 417550K->184622K(465920K)] 1105627K->872980K(1364480K), 0.0204608 secs] [Times: user=0.03 sys=0.00, real=0.02 secs] 
1205.691: [GC (Allocation Failure) [PSYoungGen: 417582K->64416K(465920K)] 1105940K->753168K(1364480K), 0.0102516 secs] [Times: user=0.02 sys=0.00, real=0.01 secs] 
1206.697: [GC (Allocation Failure) [PSYoungGen: 297376K->72610K(465920K)] 986128K->761557K(1364480K), 0.0090594 secs] [Times: user=0.02 sys=0.00, real=0.01 secs] 
1207.027: [GC (Allocation Failure) [PSYoungGen: 305570K->184558K(465920K)] 994517K->874759K(1364480K), 0.0204000 secs] [Times: user=0.02 sys=0.00, real=0.02 secs] 
1207.311: [GC (Allocation Failure) [PSYoungGen: 417518K->186357K(465920K)] 1107719K->876839K(1364480K), 0.0204999 secs] [Times: user=0.03 sys=0.00, real=0.02 secs] 
1208.398: [GC (Allocation Failure) [PSYoungGen: 419317K->38824K(465920K)] 1109799K->729578K(1364480K), 0.0080462 secs] [Times: user=0.02 sys=0.00, real=0.01 secs] 
1209.524: [GC (Allocation Failure) [PSYoungGen: 271784K->96933K(465920K)] 962538K->787995K(1364480K), 0.0113151 secs] [Times: user=0.02 sys=0.00, real=0.01 secs] 
1209.796: [GC (Allocation Failure) [PSYoungGen: 329893K->183787K(465920K)] 1020955K->876103K(1364480K), 0.0202532 secs] [Times: user=0.02 sys=0.00, real=0.02 secs] 
1210.096: [GC (Allocation Failure) [PSYoungGen: 416747K->184365K(465920K)] 1109063K->876954K(1364480K), 0.0230069 secs] [Times: user=0.03 sys=0.00, real=0.02 secs] 
1212.053: [GC (Allocation Failure) [PSYoungGen: 417325K->17408K(465920K)] 1109914K->710262K(1364480K), 0.0062387 secs] [Times: user=0.02 sys=0.00, real=0.00 secs] 
1212.918: [GC (Allocation Failure) [PSYoungGen: 250368K->118814K(465920K)] 943222K->811992K(1364480K), 0.0136510 secs] [Times: user=0.02 sys=0.00, real=0.01 secs] 
1213.195: [GC (Allocation Failure) [PSYoungGen: 351774K->184205K(465920K)] 1044952K->878628K(1364480K), 0.0203347 secs] [Times: user=0.02 sys=0.00, real=0.02 secs] 
1213.527: [GC (Allocation Failure) [PSYoungGen: 417165K->179811K(465920K)] 1111588K->874508K(1364480K), 0.0217344 secs] [Times: user=0.03 sys=0.00, real=0.02 secs] 
1214.795: [GC (Allocation Failure) [PSYoungGen: 412771K->96K(465920K)] 1107468K->696222K(1364480K), 0.0023805 secs] [Times: user=0.01 sys=0.00, real=0.00 secs] 
1215.560: [GC (Allocation Failure) [PSYoungGen: 233056K->140631K(465920K)] 929182K->836773K(1364480K), 0.0157216 secs] [Times: user=0.03 sys=0.00, real=0.02 secs] 
1215.892: [GC (Allocation Failure) [PSYoungGen: 373591K->184430K(465920K)] 1069733K->881825K(1364480K), 0.0203380 secs] [Times: user=0.03 sys=0.00, real=0.03 secs] 
1216.631: [GC (Allocation Failure) [PSYoungGen: 416730K->161225K(465920K)] 1114126K->858894K(1364480K), 0.0449789 secs] [Times: user=0.06 sys=0.01, real=0.05 secs] 
1217.950: [GC (Allocation Failure) [PSYoungGen: 394185K->128K(465920K)] 1091854K->699237K(1364480K), 0.0031234 secs] [Times: user=0.02 sys=0.00, real=0.01 secs] 
1218.469: [GC (Allocation Failure) [PSYoungGen: 233088K->161580K(465920K)] 932197K->860730K(1364480K), 0.0178190 secs] [Times: user=0.03 sys=0.00, real=0.02 secs] 
1218.754: [GC (Allocation Failure) [PSYoungGen: 394540K->184687K(465920K)] 1093690K->885082K(1364480K), 0.0205708 secs] [Times: user=0.03 sys=0.00, real=0.02 secs] 
1219.233: [GC (Allocation Failure) [PSYoungGen: 417647K->144163K(465920K)] 1118042K->844823K(1364480K), 0.0170052 secs] [Times: user=0.03 sys=0.00, real=0.01 secs] 
1220.206: [GC (Allocation Failure) [PSYoungGen: 377123K->96K(465920K)] 1077783K->701049K(1364480K), 0.0021535 secs] [Times: user=0.01 sys=0.00, real=0.00 secs] 
1220.473: [GC (Allocation Failure) [PSYoungGen: 233056K->185004K(465920K)] 934009K->885989K(1364480K), 0.0202104 secs] [Times: user=0.02 sys=0.00, real=0.02 secs] 
1220.814: [GC (Allocation Failure) [PSYoungGen: 417964K->184205K(465920K)] 1118949K->886436K(1364480K), 0.0204033 secs] [Times: user=0.03 sys=0.00, real=0.02 secs] 
1221.731: [GC (Allocation Failure) [PSYoungGen: 417165K->129446K(465920K)] 1119396K->831942K(1364480K), 0.0260505 secs] [Times: user=0.05 sys=0.00, real=0.03 secs] 
1223.706: [GC (Allocation Failure) [PSYoungGen: 362406K->22968K(465920K)] 1064902K->725756K(1364480K), 0.0057098 secs] [Times: user=0.02 sys=0.00, real=0.00 secs] 
1224.013: [GC (Allocation Failure) [PSYoungGen: 255928K->184076K(465920K)] 958716K->888118K(1364480K), 0.0202499 secs] [Times: user=0.03 sys=0.00, real=0.02 secs] 
1224.295: [GC (Allocation Failure) [PSYoungGen: 417036K->183916K(465920K)] 1121078K->888231K(1364480K), 0.0204404 secs] [Times: user=0.03 sys=0.00, real=0.02 secs] 
1225.179: [GC (Allocation Failure) [PSYoungGen: 416876K->107806K(465920K)] 1121191K->812386K(1364480K), 0.0149014 secs] [Times: user=0.03 sys=0.00, real=0.02 secs] 
1226.797: [GC (Allocation Failure) [PSYoungGen: 340766K->44399K(465920K)] 1045346K->749289K(1364480K), 0.0082222 secs] [Times: user=0.02 sys=0.00, real=0.01 secs] 
1227.094: [GC (Allocation Failure) [PSYoungGen: 277359K->184976K(465920K)] 982249K->891119K(1364480K), 0.0204549 secs] [Times: user=0.03 sys=0.00, real=0.02 secs] 
1227.379: [GC (Allocation Failure) [PSYoungGen: 417936K->184944K(465920K)] 1124079K->891368K(1364480K), 0.0202433 secs] [Times: user=0.03 sys=0.00, real=0.02 secs] 
1228.137: [GC (Allocation Failure) [PSYoungGen: 417904K->68015K(465920K)] 1124328K->774857K(1364480K), 0.0105019 secs] [Times: user=0.02 sys=0.00, real=0.01 secs] 
1228.965: [GC (Allocation Failure) [PSYoungGen: 300975K->68112K(465920K)] 1007817K->775133K(1364480K), 0.0085299 secs] [Times: user=0.02 sys=0.00, real=0.01 secs] 
1229.235: [GC (Allocation Failure) [PSYoungGen: 301072K->184462K(465920K)] 1008093K->892729K(1364480K), 0.0203689 secs] [Times: user=0.03 sys=0.00, real=0.02 secs] 
1229.516: [GC (Allocation Failure) [PSYoungGen: 417422K->183787K(465920K)] 1125689K->892327K(1364480K), 0.0201823 secs] [Times: user=0.03 sys=0.00, real=0.02 secs] 
1230.321: [GC (Allocation Failure) [PSYoungGen: 416747K->46037K(465920K)] 1125287K->754851K(1364480K), 0.0076113 secs] [Times: user=0.02 sys=0.00, real=0.01 secs] 
1231.152: [GC (Allocation Failure) [PSYoungGen: 278963K->90089K(465920K)] 987777K->799218K(1364480K), 0.0107137 secs] [Times: user=0.02 sys=0.00, real=0.02 secs] 
1231.424: [GC (Allocation Failure) [PSYoungGen: 323049K->184108K(465920K)] 1032178K->894491K(1364480K), 0.0201605 secs] [Times: user=0.03 sys=0.00, real=0.02 secs] 
1231.710: [GC (Allocation Failure) [PSYoungGen: 417068K->184430K(465920K)] 1127451K->895214K(1364480K), 0.0202817 secs] [Times: user=0.02 sys=0.00, real=0.02 secs] 
1232.635: [GC (Allocation Failure) [PSYoungGen: 417390K->23771K(465920K)] 1128174K->734691K(1364480K), 0.0050373 secs] [Times: user=0.02 sys=0.00, real=0.00 secs] 
1233.255: [GC (Allocation Failure) [PSYoungGen: 256731K->112741K(465920K)] 967651K->823960K(1364480K), 0.0130310 secs] [Times: user=0.02 sys=0.00, real=0.01 secs] 
1233.529: [GC (Allocation Failure) [PSYoungGen: 345701K->184301K(465920K)] 1056920K->896765K(1364480K), 0.0202635 secs] [Times: user=0.02 sys=0.00, real=0.02 secs] 
1233.813: [GC (Allocation Failure) [PSYoungGen: 417261K->183883K(465920K)] 1129725K->896749K(1364480K), 0.0201686 secs] [Times: user=0.03 sys=0.00, real=0.02 secs] 
1236.272: [GC (Allocation Failure) [PSYoungGen: 416843K->1376K(465920K)] 1129709K->714249K(1364480K), 0.0026175 secs] [Times: user=0.01 sys=0.00, real=0.01 secs] 
1237.130: [GC (Allocation Failure) [PSYoungGen: 234336K->134944K(465920K)] 947209K->847983K(1364480K), 0.0152676 secs] [Times: user=0.02 sys=0.00, real=0.02 secs] 
1237.466: [GC (Allocation Failure) [PSYoungGen: 367904K->184494K(465920K)] 1080943K->898907K(1364480K), 0.0202920 secs] [Times: user=0.02 sys=0.00, real=0.02 secs] 
1238.019: [GC (Allocation Failure) [PSYoungGen: 417454K->166912K(465920K)] 1131867K->881478K(1364480K), 0.0247741 secs] [Times: user=0.03 sys=0.00, real=0.03 secs] 
1240.207: [GC (Allocation Failure) [PSYoungGen: 399872K->64K(465920K)] 1114438K->716069K(1364480K), 0.0037547 secs] [Times: user=0.02 sys=0.00, real=0.00 secs] 
1240.973: [GC (Allocation Failure) [PSYoungGen: 233024K->156953K(465920K)] 949029K->872975K(1364480K), 0.0174842 secs] [Times: user=0.02 sys=0.00, real=0.01 secs] 
1241.253: [GC (Allocation Failure) [PSYoungGen: 389913K->184462K(465920K)] 1105935K->901729K(1364480K), 0.0203546 secs] [Times: user=0.03 sys=0.00, real=0.02 secs] 
1241.887: [GC (Allocation Failure) [PSYoungGen: 417422K->149031K(465920K)] 1134689K->866691K(1364480K), 0.0196502 secs] [Times: user=0.03 sys=0.00, real=0.02 secs] 
1242.854: [GC (Allocation Failure) [PSYoungGen: 381991K->64K(465920K)] 1099651K->719035K(1364480K), 0.0027414 secs] [Times: user=0.01 sys=0.01, real=0.00 secs] 
1243.169: [GC (Allocation Failure) [PSYoungGen: 233024K->179638K(465920K)] 951995K->898625K(1364480K), 0.0196899 secs] [Times: user=0.03 sys=0.00, real=0.02 secs] 
1243.451: [GC (Allocation Failure) [PSYoungGen: 412598K->184462K(465920K)] 1131585K->904823K(1364480K), 0.0202508 secs] [Times: user=0.02 sys=0.00, real=0.02 secs] 
1243.952: [GC (Allocation Failure) [PSYoungGen: 417422K->134587K(465920K)] 1137783K->855093K(1364480K), 0.0157154 secs] [Times: user=0.02 sys=0.00, real=0.02 secs] 
1244.918: [GC (Allocation Failure) [PSYoungGen: 367547K->18341K(465920K)] 1088053K->739155K(1364480K), 0.0050876 secs] [Times: user=0.01 sys=0.00, real=0.01 secs] 
1245.214: [GC (Allocation Failure) [PSYoungGen: 251301K->186357K(465920K)] 972115K->908417K(1364480K), 0.0205488 secs] [Times: user=0.03 sys=0.00, real=0.02 secs] 
1245.556: [GC (Allocation Failure) [PSYoungGen: 419317K->184751K(465920K)] 1141377K->907084K(1364480K), 0.0203960 secs] [Times: user=0.03 sys=0.00, real=0.02 secs] 
1247.229: [GC (Allocation Failure) [PSYoungGen: 417711K->109300K(465920K)] 1140044K->831905K(1364480K), 0.0189140 secs] [Times: user=0.03 sys=0.00, real=0.02 secs] 
1248.832: [GC (Allocation Failure) [PSYoungGen: 342260K->42793K(465920K)] 1064865K->765708K(1364480K), 0.0071735 secs] [Times: user=0.01 sys=0.00, real=0.01 secs] 
1249.116: [GC (Allocation Failure) [PSYoungGen: 275753K->184815K(465920K)] 998668K->908984K(1364480K), 0.0203132 secs] [Times: user=0.02 sys=0.00, real=0.02 secs] 
1249.453: [GC (Allocation Failure) [PSYoungGen: 417775K->184173K(465920K)] 1141944K->908615K(1364480K), 0.0202035 secs] [Times: user=0.03 sys=0.00, real=0.02 secs] 
1250.769: [GC (Allocation Failure) [PSYoungGen: 417133K->70617K(465920K)] 1141575K->795332K(1364480K), 0.0176116 secs] [Times: user=0.03 sys=0.00, real=0.02 secs] 
1252.554: [GC (Allocation Failure) [PSYoungGen: 303577K->65252K(465920K)] 1028292K->790291K(1364480K), 0.0100226 secs] [Times: user=0.02 sys=0.00, real=0.01 secs] 
1252.839: [GC (Allocation Failure) [PSYoungGen: 298212K->184590K(465920K)] 1023251K->910875K(1364480K), 0.0205542 secs] [Times: user=0.03 sys=0.00, real=0.02 secs] 
1253.127: [GC (Allocation Failure) [PSYoungGen: 417550K->183787K(465920K)] 1143835K->910344K(1364480K), 0.0202720 secs] [Times: user=0.02 sys=0.00, real=0.02 secs] 
1254.251: [GC (Allocation Failure) [PSYoungGen: 416747K->48736K(465920K)] 1143304K->775567K(1364480K), 0.0086678 secs] [Times: user=0.01 sys=0.00, real=0.01 secs] 
1255.646: [GC (Allocation Failure) [PSYoungGen: 281696K->86844K(465920K)] 1008527K->813984K(1364480K), 0.0129484 secs] [Times: user=0.03 sys=0.00, real=0.01 secs] 
1255.939: [GC (Allocation Failure) [PSYoungGen: 319804K->186518K(465920K)] 1046944K->914904K(1364480K), 0.0227119 secs] [Times: user=0.03 sys=0.00, real=0.02 secs] 
1256.236: [GC (Allocation Failure) [PSYoungGen: 419478K->186132K(465920K)] 1147864K->914799K(1364480K), 0.0205116 secs] [Times: user=0.03 sys=0.00, real=0.02 secs] 
1258.723: [GC (Allocation Failure) [PSYoungGen: 419092K->22903K(465920K)] 1147759K->751835K(1364480K), 0.0090561 secs] [Times: user=0.02 sys=0.00, real=0.00 secs] 
1259.524: [GC (Allocation Failure) [PSYoungGen: 255863K->113384K(465920K)] 984795K->842648K(1364480K), 0.0131204 secs] [Times: user=0.03 sys=0.00, real=0.01 secs] 
1259.862: [GC (Allocation Failure) [PSYoungGen: 346344K->184687K(465920K)] 1075608K->915196K(1364480K), 0.0203046 secs] [Times: user=0.03 sys=0.00, real=0.02 secs] 
1260.147: [GC (Allocation Failure) [PSYoungGen: 417647K->182855K(465920K)] 1148156K->913638K(1364480K), 0.0202689 secs] [Times: user=0.02 sys=0.00, real=0.02 secs] 
1261.958: [GC (Allocation Failure) [PSYoungGen: 415815K->1408K(465920K)] 1146598K->732342K(1364480K), 0.0038017 secs] [Times: user=0.02 sys=0.00, real=0.00 secs] 
1262.769: [GC (Allocation Failure) [PSYoungGen: 234368K->134687K(465920K)] 965302K->865809K(1364480K), 0.0153903 secs] [Times: user=0.03 sys=0.00, real=0.02 secs] 
1263.045: [GC (Allocation Failure) [PSYoungGen: 367647K->183819K(465920K)] 1098769K->916187K(1364480K), 0.0202325 secs] [Times: user=0.02 sys=0.00, real=0.02 secs] 
1263.555: [GC (Allocation Failure) [PSYoungGen: 416779K->167828K(465920K)] 1149147K->900469K(1364480K), 0.0226885 secs] [Times: user=0.03 sys=0.00, real=0.02 secs] 
1265.635: [GC (Allocation Failure) [PSYoungGen: 400788K->96K(465920K)] 1133429K->734174K(1364480K), 0.0037867 secs] [Times: user=0.02 sys=0.00, real=0.00 secs] 
1266.397: [GC (Allocation Failure) [PSYoungGen: 233056K->156182K(465920K)] 967134K->890277K(1364480K), 0.0172978 secs] [Times: user=0.03 sys=0.00, real=0.02 secs] 
1266.677: [GC (Allocation Failure) [PSYoungGen: 389142K->184301K(465920K)] 1123237K->919770K(1364480K), 0.0202061 secs] [Times: user=0.02 sys=0.00, real=0.02 secs] 
1267.481: [GC (Allocation Failure) [PSYoungGen: 417261K->149947K(465920K)] 1152730K->885568K(1364480K), 0.0194931 secs] [Times: user=0.03 sys=0.00, real=0.02 secs] 
1269.287: [GC (Allocation Failure) [PSYoungGen: 382907K->96K(465920K)] 1118528K->737160K(1364480K), 0.0038601 secs] [Times: user=0.02 sys=0.00, real=0.00 secs] 
1269.727: [GC (Allocation Failure) [PSYoungGen: 233056K->178063K(465920K)] 970120K->915152K(1364480K), 0.0196326 secs] [Times: user=0.03 sys=0.00, real=0.02 secs] 
1270.069: [GC (Allocation Failure) [PSYoungGen: 411023K->184044K(465920K)] 1148112K->922370K(1364480K), 0.0203699 secs] [Times: user=0.03 sys=0.00, real=0.02 secs] 
1270.939: [GC (Allocation Failure) [PSYoungGen: 417004K->136547K(465920K)] 1155330K->875146K(1364480K), 0.0195966 secs] [Times: user=0.04 sys=0.00, real=0.02 secs] 
1272.286: [GC (Allocation Failure) [PSYoungGen: 369507K->16253K(465920K)] 1108106K->755160K(1364480K), 0.0047340 secs] [Times: user=0.01 sys=0.01, real=0.00 secs] 
1272.658: [GC (Allocation Failure) [PSYoungGen: 249213K->184944K(465920K)] 988120K->925096K(1364480K), 0.0203582 secs] [Times: user=0.02 sys=0.00, real=0.02 secs] 
1272.941: [GC (Allocation Failure) [PSYoungGen: 417904K->184719K(465920K)] 1158056K->925144K(1364480K), 0.0203914 secs] [Times: user=0.03 sys=0.00, real=0.02 secs] 
1274.061: [GC (Allocation Failure) [PSYoungGen: 417679K->112850K(465920K)] 1158104K->853541K(1364480K), 0.0207727 secs] [Times: user=0.03 sys=0.00, real=0.02 secs] 
1275.428: [GC (Allocation Failure) [PSYoungGen: 345810K->39548K(465920K)] 1086501K->780546K(1364480K), 0.0068417 secs] [Times: user=0.02 sys=0.00, real=0.01 secs] 
1275.706: [GC (Allocation Failure) [PSYoungGen: 272508K->184847K(465920K)] 1013506K->927091K(1364480K), 0.0203121 secs] [Times: user=0.02 sys=0.00, real=0.02 secs] 
1276.049: [GC (Allocation Failure) [PSYoungGen: 417807K->184141K(465920K)] 1160051K->926658K(1364480K), 0.0203772 secs] [Times: user=0.03 sys=0.00, real=0.02 secs] 
1277.701: [GC (Allocation Failure) [PSYoungGen: 417101K->73862K(465920K)] 1159618K->816644K(1364480K), 0.0248164 secs] [Times: user=0.05 sys=0.00, real=0.03 secs] 
1278.692: [GC (Allocation Failure) [PSYoungGen: 306822K->62168K(465920K)] 1049604K->805258K(1364480K), 0.0079805 secs] [Times: user=0.01 sys=0.00, real=0.01 secs] 
1278.965: [GC (Allocation Failure) [PSYoungGen: 295128K->186518K(465920K)] 1038218K->930846K(1364480K), 0.0204688 secs] [Times: user=0.03 sys=0.00, real=0.02 secs] 
1279.256: [GC (Allocation Failure) [PSYoungGen: 419478K->186036K(465920K)] 1163806K->930637K(1364480K), 0.0206681 secs] [Times: user=0.02 sys=0.00, real=0.02 secs] 
1281.192: [GC (Allocation Failure) [PSYoungGen: 418996K->47579K(465920K)] 1163597K->792453K(1364480K), 0.0084670 secs] [Times: user=0.02 sys=0.00, real=0.01 secs] 
1282.407: [GC (Allocation Failure) [PSYoungGen: 280539K->89090K(465920K)] 1025413K->834271K(1364480K), 0.0107090 secs] [Times: user=0.02 sys=0.00, real=0.01 secs] 
1282.742: [GC (Allocation Failure) [PSYoungGen: 322050K->186004K(465920K)] 1067231K->932431K(1364480K), 0.0206391 secs] [Times: user=0.02 sys=0.00, real=0.03 secs] 
1283.089: [GC (Allocation Failure) [PSYoungGen: 418964K->186036K(465920K)] 1165391K->932744K(1364480K), 0.0205296 secs] [Times: user=0.03 sys=0.00, real=0.02 secs] 
1284.060: [GC (Allocation Failure) [PSYoungGen: 418996K->21361K(465920K)] 1165704K->768470K(1364480K), 0.0052305 secs] [Times: user=0.01 sys=0.00, real=0.01 secs] 
1284.675: [GC (Allocation Failure) [PSYoungGen: 254321K->115312K(465920K)] 1001430K->862617K(1364480K), 0.0133510 secs] [Times: user=0.02 sys=0.00, real=0.01 secs] 
1284.951: [GC (Allocation Failure) [PSYoungGen: 348272K->184301K(465920K)] 1095577K->932843K(1364480K), 0.0203340 secs] [Times: user=0.03 sys=0.00, real=0.02 secs] 
1285.456: [GC (Allocation Failure) [PSYoungGen: 417261K->182897K(465920K)] 1165803K->931713K(1364480K), 0.0350159 secs] [Times: user=0.05 sys=0.00, real=0.03 secs] 
1287.734: [GC (Allocation Failure) [PSYoungGen: 415857K->64K(465920K)] 1164673K->750317K(1364480K), 0.0037746 secs] [Times: user=0.02 sys=0.00, real=0.00 secs] 
1288.465: [GC (Allocation Failure) [PSYoungGen: 233024K->139086K(465920K)] 983277K->889363K(1364480K), 0.0155915 secs] [Times: user=0.02 sys=0.00, real=0.01 secs] 
1288.743: [GC (Allocation Failure) [PSYoungGen: 372046K->184301K(465920K)] 1122323K->935824K(1364480K), 0.0202858 secs] [Times: user=0.02 sys=0.00, real=0.02 secs] 
1289.334: [GC (Allocation Failure) [PSYoungGen: 417261K->162944K(465920K)] 1168784K->914740K(1364480K), 0.0192598 secs] [Times: user=0.02 sys=0.00, real=0.02 secs] 
1291.478: [GC (Allocation Failure) [PSYoungGen: 395904K->96K(465920K)] 1147700K->753339K(1364480K), 0.0036685 secs] [Times: user=0.02 sys=0.00, real=0.00 secs] 
1292.122: [GC (Allocation Failure) [PSYoungGen: 233056K->161323K(465920K)] 986299K->914583K(1364480K), 0.0179587 secs] [Times: user=0.03 sys=0.00, real=0.02 secs] 
1292.408: [GC (Allocation Failure) [PSYoungGen: 394283K->184590K(465920K)] 1147543K->939224K(1364480K), 0.0202683 secs] [Times: user=0.03 sys=0.00, real=0.02 secs] 
1292.950: [GC (Allocation Failure) [PSYoungGen: 417550K->144549K(465920K)] 1172184K->899319K(1364480K), 0.0250163 secs] [Times: user=0.04 sys=0.00, real=0.03 secs] 
1294.314: [GC (Allocation Failure) [PSYoungGen: 377509K->96K(465920K)] 1132279K->756322K(1364480K), 0.0030196 secs] [Times: user=0.02 sys=0.00, real=0.00 secs] 
1294.635: [GC (Allocation Failure) [PSYoungGen: 233056K->183975K(465920K)] 989282K->940234K(1364480K), 0.0202071 secs] [Times: user=0.03 sys=0.00, real=0.02 secs] 
1294.975: [GC (Allocation Failure) [PSYoungGen: 416935K->184076K(465920K)] 1173194K->941588K(1364480K), 0.0202665 secs] [Times: user=0.02 sys=0.00, real=0.02 secs] 
1295.660: [GC (Allocation Failure) [PSYoungGen: 417036K->130635K(465920K)] 1174548K->888412K(1364480K), 0.0168788 secs] [Times: user=0.03 sys=0.00, real=0.02 secs] 
1297.029: [GC (Allocation Failure) [PSYoungGen: 363505K->22165K(465920K)] 1121282K->780247K(1364480K), 0.0077809 secs] [Times: user=0.02 sys=0.00, real=0.01 secs] 
1297.371: [GC (Allocation Failure) [PSYoungGen: 255125K->186261K(465920K)] 1013207K->945589K(1364480K), 0.0204315 secs] [Times: user=0.03 sys=0.00, real=0.02 secs] 
1297.714: [GC (Allocation Failure) [PSYoungGen: 419221K->186004K(465920K)] 1178549K->945621K(1364480K), 0.0205674 secs] [Times: user=0.03 sys=0.00, real=0.02 secs] 
1298.424: [GC (Allocation Failure) [PSYoungGen: 418964K->104400K(465920K)] 1178581K->864290K(1364480K), 0.0139278 secs] [Times: user=0.03 sys=0.00, real=0.01 secs] 
1300.509: [GC (Allocation Failure) [PSYoungGen: 337360K->48159K(465920K)] 1097250K->808365K(1364480K), 0.0080010 secs] [Times: user=0.01 sys=0.00, real=0.01 secs] 
1300.872: [GC (Allocation Failure) [PSYoungGen: 281119K->186261K(465920K)] 1041325K->947841K(1364480K), 0.0205681 secs] [Times: user=0.03 sys=0.00, real=0.02 secs] 
1301.156: [GC (Allocation Failure) [PSYoungGen: 419221K->185940K(465920K)] 1180801K->947665K(1364480K), 0.0205767 secs] [Times: user=0.03 sys=0.00, real=0.02 secs] 
1302.717: [GC (Allocation Failure) [PSYoungGen: 418900K->61942K(465920K)] 1180625K->823932K(1364480K), 0.0159218 secs] [Times: user=0.03 sys=0.00, real=0.02 secs] 
1304.653: [GC (Allocation Failure) [PSYoungGen: 294902K->75052K(465920K)] 1056892K->837349K(1364480K), 0.0111736 secs] [Times: user=0.02 sys=0.00, real=0.01 secs] 
1305.000: [GC (Allocation Failure) [PSYoungGen: 308012K->186261K(465920K)] 1070309K->949804K(1364480K), 0.0207792 secs] [Times: user=0.03 sys=0.00, real=0.02 secs] 
1305.284: [GC (Allocation Failure) [PSYoungGen: 419221K->185972K(465920K)] 1182764K->949796K(1364480K), 0.0206246 secs] [Times: user=0.03 sys=0.00, real=0.02 secs] 
1306.846: [GC (Allocation Failure) [PSYoungGen: 418932K->35097K(465920K)] 1182756K->799322K(1364480K), 0.0139720 secs] [Times: user=0.03 sys=0.00, real=0.01 secs] 
1308.134: [GC (Allocation Failure) [PSYoungGen: 268002K->101303K(465920K)] 1032228K->865710K(1364480K), 0.0119804 secs] [Times: user=0.02 sys=0.00, real=0.01 secs] 
1308.469: [GC (Allocation Failure) [PSYoungGen: 334263K->186004K(465920K)] 1098670K->951664K(1364480K), 0.0204881 secs] [Times: user=0.03 sys=0.00, real=0.02 secs] 
1308.752: [GC (Allocation Failure) [PSYoungGen: 418964K->185940K(465920K)] 1184624K->951881K(1364480K), 0.0206512 secs] [Times: user=0.03 sys=0.00, real=0.03 secs] 
1310.530: [GC (Allocation Failure) [PSYoungGen: 418900K->9119K(465920K)] 1184841K->775326K(1364480K), 0.0053814 secs] [Times: user=0.02 sys=0.00, real=0.01 secs] 
1311.354: [GC (Allocation Failure) [PSYoungGen: 242079K->127104K(465920K)] 1008286K->893616K(1364480K), 0.0145469 secs] [Times: user=0.02 sys=0.00, real=0.01 secs] 
1311.632: [GC (Allocation Failure) [PSYoungGen: 360064K->185972K(465920K)] 1126576K->953866K(1364480K), 0.0205296 secs] [Times: user=0.03 sys=0.00, real=0.03 secs] 
1312.194: [GC (Allocation Failure) [PSYoungGen: 418932K->171146K(465920K)] 1186826K->939185K(1364480K), 0.0229645 secs] [Times: user=0.03 sys=0.00, real=0.02 secs] 
1314.923: [GC (Allocation Failure) [PSYoungGen: 404106K->96K(465920K)] 1172145K->769566K(1364480K), 0.0048305 secs] [Times: user=0.02 sys=0.01, real=0.00 secs] 
1315.892: [GC (Allocation Failure) [PSYoungGen: 233056K->153098K(465920K)] 1002526K->922576K(1364480K), 0.0172129 secs] [Times: user=0.02 sys=0.00, real=0.02 secs] 
1316.232: [GC (Allocation Failure) [PSYoungGen: 386058K->186004K(465920K)] 1155536K->956736K(1364480K), 0.0204296 secs] [Times: user=0.02 sys=0.00, real=0.03 secs] 
1316.863: [GC (Allocation Failure) [PSYoungGen: 418964K->151296K(465920K)] 1189696K->922422K(1364480K), 0.0222213 secs] [Times: user=0.04 sys=0.00, real=0.02 secs] 
1319.248: [GC (Allocation Failure) [PSYoungGen: 384256K->128K(465920K)] 1155382K->772556K(1364480K), 0.0053468 secs] [Times: user=0.03 sys=0.00, real=0.01 secs] 
1319.699: [GC (Allocation Failure) [PSYoungGen: 233088K->178577K(465920K)] 1005516K->951038K(1364480K), 0.0196535 secs] [Times: user=0.02 sys=0.00, real=0.02 secs] 
1319.984: [GC (Allocation Failure) [PSYoungGen: 411537K->186261K(465920K)] 1183998K->959960K(1364480K), 0.0205892 secs] [Times: user=0.03 sys=0.00, real=0.02 secs] 
1321.050: [GC (Allocation Failure) [PSYoungGen: 419221K->133816K(465920K)] 1192920K->907779K(1364480K), 0.0229170 secs] [Times: user=0.04 sys=0.01, real=0.03 secs] 
1322.682: [GC (Allocation Failure) [PSYoungGen: 366776K->19369K(465920K)] 1140739K->793623K(1364480K), 0.0048870 secs] [Times: user=0.02 sys=0.00, real=0.01 secs] 
1322.967: [GC (Allocation Failure) [PSYoungGen: 252329K->184205K(465920K)] 1026583K->959712K(1364480K), 0.0203734 secs] [Times: user=0.02 sys=0.00, real=0.02 secs] 
1323.252: [GC (Allocation Failure) [PSYoungGen: 417165K->186132K(465920K)] 1192672K->962041K(1364480K), 0.0205719 secs] [Times: user=0.02 sys=0.00, real=0.02 secs] 
1324.210: [GC (Allocation Failure) [PSYoungGen: 419092K->109139K(465920K)] 1195001K->885184K(1364480K), 0.0146056 secs] [Times: user=0.03 sys=0.00, real=0.02 secs] 
1325.482: [GC (Allocation Failure) [PSYoungGen: 342099K->43500K(465920K)] 1118144K->819853K(1364480K), 0.0084887 secs] [Times: user=0.02 sys=0.00, real=0.01 secs] 
1325.795: [GC (Allocation Failure) [PSYoungGen: 276460K->186261K(465920K)] 1052813K->963851K(1364480K), 0.0206934 secs] [Times: user=0.03 sys=0.00, real=0.02 secs] 
1326.079: [GC (Allocation Failure) [PSYoungGen: 419221K->184719K(465920K)] 1196811K->962582K(1364480K), 0.0205250 secs] [Times: user=0.03 sys=0.00, real=0.02 secs] 
1328.001: [GC (Allocation Failure) [PSYoungGen: 417679K->67902K(465920K)] 1195542K->846031K(1364480K), 0.0109375 secs] [Times: user=0.02 sys=0.00, real=0.01 secs] 
1328.846: [GC (Allocation Failure) [PSYoungGen: 300862K->68080K(465920K)] 1078991K->846516K(1364480K), 0.0087047 secs] [Times: user=0.01 sys=0.00, real=0.01 secs] 
1329.165: [GC (Allocation Failure) [PSYoungGen: 301040K->184430K(465920K)] 1079476K->964111K(1364480K), 0.0209099 secs] [Times: user=0.03 sys=0.00, real=0.02 secs] 
1329.454: [GC (Allocation Failure) [PSYoungGen: 417390K->184173K(465920K)] 1197071K->964127K(1364480K), 0.0205367 secs] [Times: user=0.02 sys=0.00, real=0.02 secs] 
1332.415: [GC (Allocation Failure) [PSYoungGen: 417133K->45620K(465920K)] 1197087K->825840K(1364480K), 0.0116334 secs] [Times: user=0.03 sys=0.00, real=0.01 secs] 
1333.504: [GC (Allocation Failure) [PSYoungGen: 278580K->90089K(465920K)] 1058800K->870615K(1364480K), 0.0108730 secs] [Times: user=0.02 sys=0.00, real=0.01 secs] 
1333.775: [GC (Allocation Failure) [PSYoungGen: 323049K->183948K(465920K)] 1103575K->965719K(1364480K), 0.0204520 secs] [Times: user=0.03 sys=0.00, real=0.02 secs] 
1334.057: [GC (Allocation Failure) [PSYoungGen: 416908K->184462K(465920K)] 1198679K->966634K(1364480K), 0.0204795 secs] [Times: user=0.03 sys=0.00, real=0.02 secs] 
1335.814: [GC (Allocation Failure) [PSYoungGen: 417422K->23899K(465920K)] 1199594K->806337K(1364480K), 0.0061622 secs] [Times: user=0.02 sys=0.00, real=0.00 secs] 
1336.822: [GC (Allocation Failure) [PSYoungGen: 256859K->112067K(465920K)] 1039297K->894692K(1364480K), 0.0130448 secs] [Times: user=0.02 sys=0.00, real=0.02 secs] 
1337.097: [GC (Allocation Failure) [PSYoungGen: 345027K->184173K(465920K)] 1127652K->968051K(1364480K), 0.0204720 secs] [Times: user=0.03 sys=0.00, real=0.02 secs] 
1337.384: [GC (Allocation Failure) [PSYoungGen: 417133K->184430K(465920K)] 1201011K->968581K(1364480K), 0.0203674 secs] [Times: user=0.03 sys=0.00, real=0.02 secs] 
1338.393: [GC (Allocation Failure) [PSYoungGen: 417390K->1697K(465920K)] 1201541K->786145K(1364480K), 0.0034101 secs] [Times: user=0.01 sys=0.00, real=0.00 secs] 
1338.960: [GC (Allocation Failure) [PSYoungGen: 234657K->134944K(465920K)] 1019105K->919708K(1364480K), 0.0153445 secs] [Times: user=0.02 sys=0.00, real=0.02 secs] 
1339.237: [GC (Allocation Failure) [PSYoungGen: 367904K->184590K(465920K)] 1152668K->970608K(1364480K), 0.0206626 secs] [Times: user=0.03 sys=0.00, real=0.02 secs] 
1339.659: [GC (Allocation Failure) [PSYoungGen: 417550K->164688K(465920K)] 1203568K->950979K(1364480K), 0.0200407 secs] [Times: user=0.03 sys=0.00, real=0.02 secs] 
1340.759: [GC (Allocation Failure) [PSYoungGen: 397648K->64K(465920K)] 1183939K->787808K(1364480K), 0.0031262 secs] [Times: user=0.01 sys=0.00, real=0.00 secs] 
1341.156: [GC (Allocation Failure) [PSYoungGen: 233024K->157950K(465920K)] 1020768K->945718K(1364480K), 0.0177447 secs] [Times: user=0.03 sys=0.00, real=0.02 secs] 
1341.436: [GC (Allocation Failure) [PSYoungGen: 390910K->184430K(465920K)] 1178678K->973444K(1364480K), 0.0202744 secs] [Times: user=0.03 sys=0.00, real=0.02 secs] 
1341.994: [GC (Allocation Failure) [PSYoungGen: 417390K->148019K(465920K)] 1206404K->937298K(1364480K), 0.0187048 secs] [Times: user=0.03 sys=0.00, real=0.02 secs] 
1343.196: [GC (Allocation Failure) [PSYoungGen: 380979K->96K(465920K)] 1170258K->790813K(1364480K), 0.0031164 secs] [Times: user=0.01 sys=0.00, real=0.00 secs] 
1343.648: [GC (Allocation Failure) [PSYoungGen: 233056K->180152K(465920K)] 1023773K->970893K(1364480K), 0.0200658 secs] [Times: user=0.03 sys=0.00, real=0.02 secs] 
1343.992: [GC (Allocation Failure) [PSYoungGen: 413112K->184462K(465920K)] 1203853K->976448K(1364480K), 0.0204814 secs] [Times: user=0.03 sys=0.00, real=0.02 secs] 
1344.869: [GC (Allocation Failure) [PSYoungGen: 417422K->134089K(465920K)] 1209408K->926349K(1364480K), 0.0229300 secs] [Times: user=0.05 sys=0.00, real=0.02 secs] 
1347.120: [GC (Allocation Failure) [PSYoungGen: 367049K->18341K(465920K)] 1159309K->810925K(1364480K), 0.0061236 secs] [Times: user=0.02 sys=0.00, real=0.01 secs] 
1347.441: [GC (Allocation Failure) [PSYoungGen: 251301K->184494K(465920K)] 1043885K->978331K(1364480K), 0.0204927 secs] [Times: user=0.03 sys=0.00, real=0.02 secs] 
1347.730: [GC (Allocation Failure) [PSYoungGen: 417454K->184333K(465920K)] 1211291K->978467K(1364480K), 0.0204946 secs] [Times: user=0.02 sys=0.00, real=0.02 secs] 
1348.810: [GC (Allocation Failure) [PSYoungGen: 417293K->111678K(465920K)] 1211427K->906077K(1364480K), 0.0151570 secs] [Times: user=0.03 sys=0.00, real=0.02 secs] 
1350.749: [GC (Allocation Failure) [PSYoungGen: 344638K->40576K(465920K)] 1139037K->835285K(1364480K), 0.0072870 secs] [Times: user=0.02 sys=0.00, real=0.01 secs] 
1351.113: [GC (Allocation Failure) [PSYoungGen: 273536K->186357K(465920K)] 1068245K->982441K(1364480K), 0.0207960 secs] [Times: user=0.03 sys=0.00, real=0.02 secs] 
1351.397: [GC (Allocation Failure) [PSYoungGen: 419317K->184815K(465920K)] 1215401K->981043K(1364480K), 0.0203465 secs] [Times: user=0.03 sys=0.00, real=0.02 secs] 
1352.631: [GC (Allocation Failure) [PSYoungGen: 417775K->70617K(465920K)] 1214003K->867110K(1364480K), 0.0133201 secs] [Times: user=0.03 sys=0.00, real=0.02 secs] 
1353.509: [GC (Allocation Failure) [PSYoungGen: 303577K->65638K(465920K)] 1100070K->862438K(1364480K), 0.0084428 secs] [Times: user=0.01 sys=0.00, real=0.01 secs] 
1353.782: [GC (Allocation Failure) [PSYoungGen: 298598K->186357K(465920K)] 1095398K->984403K(1364480K), 0.0207855 secs] [Times: user=0.03 sys=0.00, real=0.03 secs] 
1354.070: [GC (Allocation Failure) [PSYoungGen: 419317K->184751K(465920K)] 1217363K->983070K(1364480K), 0.0205329 secs] [Times: user=0.02 sys=0.00, real=0.02 secs] 
1355.931: [GC (Allocation Failure) [PSYoungGen: 417711K->45539K(465920K)] 1216030K->844123K(1364480K), 0.0093039 secs] [Times: user=0.02 sys=0.00, real=0.01 secs] 
1357.215: [GC (Allocation Failure) [PSYoungGen: 278499K->89704K(465920K)] 1077083K->888595K(1364480K), 0.0108459 secs] [Times: user=0.01 sys=0.00, real=0.01 secs] 
1357.491: [GC (Allocation Failure) [PSYoungGen: 322664K->186421K(465920K)] 1121555K->986559K(1364480K), 0.0207884 secs] [Times: user=0.03 sys=0.00, real=0.02 secs] 
1357.834: [GC (Allocation Failure) [PSYoungGen: 419381K->184783K(465920K)] 1219519K->985210K(1364480K), 0.0205260 secs] [Times: user=0.03 sys=0.00, real=0.02 secs] 
1359.858: [GC (Allocation Failure) [PSYoungGen: 417743K->21425K(465920K)] 1218170K->822117K(1364480K), 0.0115781 secs] [Times: user=0.04 sys=0.00, real=0.01 secs] 
1361.194: [GC (Allocation Failure) [PSYoungGen: 254385K->114123K(465920K)] 1055077K->915124K(1364480K), 0.0133118 secs] [Times: user=0.02 sys=0.00, real=0.01 secs] 
1361.469: [GC (Allocation Failure) [PSYoungGen: 347083K->184847K(465920K)] 1148084K->987094K(1364480K), 0.0206156 secs] [Times: user=0.03 sys=0.00, real=0.02 secs] 
1361.753: [GC (Allocation Failure) [PSYoungGen: 416917K->182020K(465920K)] 1219164K->984540K(1364480K), 0.0201210 secs] [Times: user=0.03 sys=0.00, real=0.02 secs] 
1362.929: [GC (Allocation Failure) [PSYoungGen: 414980K->1312K(465920K)] 1217500K->804037K(1364480K), 0.0040673 secs] [Times: user=0.02 sys=0.00, real=0.01 secs] 
1363.652: [GC (Allocation Failure) [PSYoungGen: 234272K->135522K(465920K)] 1036997K->939406K(1364480K), 0.0155674 secs] [Times: user=0.03 sys=0.01, real=0.02 secs] 
1363.930: [GC (Allocation Failure) [PSYoungGen: 368482K->184430K(465920K)] 1172366K->989559K(1364480K), 0.0204141 secs] [Times: user=0.03 sys=0.00, real=0.02 secs] 
1364.358: [GC (Allocation Failure) [PSYoungGen: 417390K->166414K(465920K)] 1222519K->971809K(1364480K), 0.0207093 secs] [Times: user=0.03 sys=0.00, real=0.02 secs] 
1366.204: [GC (Allocation Failure) [PSYoungGen: 399374K->96K(465920K)] 1204769K->806929K(1364480K), 0.0033702 secs] [Times: user=0.02 sys=0.00, real=0.00 secs] 
1366.919: [GC (Allocation Failure) [PSYoungGen: 233056K->157210K(465920K)] 1039889K->964068K(1364480K), 0.0175967 secs] [Times: user=0.03 sys=0.00, real=0.02 secs] 
1367.199: [GC (Allocation Failure) [PSYoungGen: 390170K->184301K(465920K)] 1197028K->992533K(1364480K), 0.0202197 secs] [Times: user=0.03 sys=0.00, real=0.02 secs] 
1367.938: [GC (Allocation Failure) [PSYoungGen: 417261K->148886K(465920K)] 1225493K->957263K(1364480K), 0.0177941 secs] [Times: user=0.03 sys=0.00, real=0.02 secs] 
1369.987: [GC (Allocation Failure) [PSYoungGen: 381846K->96K(465920K)] 1190223K->809918K(1364480K), 0.0031439 secs] [Times: user=0.01 sys=0.00, real=0.00 secs] 
1370.354: [GC (Allocation Failure) [PSYoungGen: 233056K->178577K(465920K)] 1042878K->988424K(1364480K), 0.0196650 secs] [Times: user=0.03 sys=0.00, real=0.02 secs] 
1370.634: [GC (Allocation Failure) [PSYoungGen: 411537K->184173K(465920K)] 1221384K->995265K(1364480K), 0.0204578 secs] [Times: user=0.02 sys=0.00, real=0.02 secs] 
1371.161: [GC (Allocation Failure) [PSYoungGen: 417133K->135904K(465920K)] 1228225K->947390K(1364480K), 0.0176481 secs] [Times: user=0.03 sys=0.00, real=0.02 secs] 
1372.602: [GC (Allocation Failure) [PSYoungGen: 368864K->16670K(465920K)] 1180350K->828341K(1364480K), 0.0075538 secs] [Times: user=0.02 sys=0.00, real=0.01 secs] 
1373.031: [GC (Allocation Failure) [PSYoungGen: 249630K->186357K(465920K)] 1061301K->999282K(1364480K), 0.0207093 secs] [Times: user=0.03 sys=0.00, real=0.02 secs] 
1373.372: [GC (Allocation Failure) [PSYoungGen: 419317K->184815K(465920K)] 1232242K->998013K(1364480K), 0.0206245 secs] [Times: user=0.03 sys=0.00, real=0.03 secs] 
1374.137: [GC (Allocation Failure) [PSYoungGen: 417775K->110971K(465920K)] 1230973K->924441K(1364480K), 0.0181079 secs] [Times: user=0.03 sys=0.00, real=0.02 secs] 
1376.339: [GC (Allocation Failure) [PSYoungGen: 343931K->40801K(465920K)] 1157401K->854581K(1364480K), 0.0076507 secs] [Times: user=0.01 sys=0.00, real=0.01 secs] 
1376.699: [GC (Allocation Failure) [PSYoungGen: 273761K->184430K(465920K)] 1087541K->999456K(1364480K), 0.0203802 secs] [Times: user=0.03 sys=0.00, real=0.02 secs] 
1376.982: [GC (Allocation Failure) [PSYoungGen: 417390K->184590K(465920K)] 1232416K->1000018K(1364480K), 0.0203042 secs] [Times: user=0.03 sys=0.00, real=0.02 secs] 
1378.504: [GC (Allocation Failure) [PSYoungGen: 417550K->72545K(465920K)] 1232978K->888109K(1364480K), 0.0174185 secs] [Times: user=0.03 sys=0.00, real=0.01 secs] 
1379.711: [GC (Allocation Failure) [PSYoungGen: 305505K->63421K(465920K)] 1121069K->879293K(1364480K), 0.0114511 secs] [Times: user=0.02 sys=0.00, real=0.02 secs] 
1380.028: [GC (Allocation Failure) [PSYoungGen: 296381K->184044K(465920K)] 1112253K->1001162K(1364480K), 0.0204390 secs] [Times: user=0.03 sys=0.00, real=0.02 secs] 
1380.309: [GC (Allocation Failure) [PSYoungGen: 417004K->184076K(465920K)] 1234122K->1001467K(1364480K), 0.0204400 secs] [Times: user=0.03 sys=0.00, real=0.02 secs] 
1381.172: [GC (Allocation Failure) [PSYoungGen: 417036K->50809K(465920K)] 1234427K->868601K(1364480K), 0.0088245 secs] [Times: user=0.02 sys=0.00, real=0.00 secs] 
1381.860: [GC (Allocation Failure) [PSYoungGen: 283769K->85430K(465920K)] 1101561K->903402K(1364480K), 0.0104125 secs] [Times: user=0.01 sys=0.00, real=0.01 secs] 
1382.132: [GC (Allocation Failure) [PSYoungGen: 318390K->184173K(465920K)] 1136362K->1003390K(1364480K), 0.0203366 secs] [Times: user=0.03 sys=0.00, real=0.03 secs] 
1382.414: [GC (Allocation Failure) [PSYoungGen: 417133K->183884K(465920K)] 1236350K->1003374K(1364480K), 0.0204106 secs] [Times: user=0.03 sys=0.01, real=0.02 secs] 
1383.253: [GC (Allocation Failure) [PSYoungGen: 416844K->28783K(465920K)] 1236334K->848538K(1364480K), 0.0056775 secs] [Times: user=0.02 sys=0.00, real=0.00 secs] 
1383.852: [GC (Allocation Failure) [PSYoungGen: 261743K->107630K(465920K)] 1081498K->927709K(1364480K), 0.0127682 secs] [Times: user=0.02 sys=0.00, real=0.02 secs] 
1384.185: [GC (Allocation Failure) [PSYoungGen: 340590K->184173K(465920K)] 1160669K->1005626K(1364480K), 0.0203599 secs] [Times: user=0.03 sys=0.00, real=0.02 secs] 
1384.530: [GC (Allocation Failure) [PSYoungGen: 417133K->184462K(465920K)] 1238586K->1006188K(1364480K), 0.0208232 secs] [Times: user=0.03 sys=0.00, real=0.02 secs] 
1386.321: [GC (Allocation Failure) [PSYoungGen: 417422K->6211K(465920K)] 1239148K->828074K(1364480K), 0.0040377 secs] [Times: user=0.02 sys=0.00, real=0.01 secs] 
1387.974: [GC (Allocation Failure) [PSYoungGen: 239171K->129835K(465920K)] 1061034K->952006K(1364480K), 0.0151315 secs] [Times: user=0.02 sys=0.00, real=0.01 secs] 
1388.252: [GC (Allocation Failure) [PSYoungGen: 362795K->184558K(465920K)] 1184966K->1007983K(1364480K), 0.0204929 secs] [Times: user=0.03 sys=0.00, real=0.02 secs] 
1388.676: [GC (Allocation Failure) [PSYoungGen: 417518K->171957K(465920K)] 1240943K->995783K(1364480K), 0.0218672 secs] [Times: user=0.04 sys=0.00, real=0.02 secs] 
1389.700: [GC (Allocation Failure) [PSYoungGen: 404917K->96K(465920K)] 1228743K->825237K(1364480K), 0.0025482 secs] [Times: user=0.01 sys=0.00, real=0.00 secs] 
1390.146: [GC (Allocation Failure) [PSYoungGen: 233056K->154608K(465920K)] 1058197K->979773K(1364480K), 0.0173024 secs] [Times: user=0.02 sys=0.00, real=0.02 secs] 
1390.427: [GC (Allocation Failure) [PSYoungGen: 387568K->186100K(465920K)] 1212733K->1012511K(1364480K), 0.0205138 secs] [Times: user=0.03 sys=0.00, real=0.02 secs] 
1390.946: [GC (Allocation Failure) [PSYoungGen: 419060K->149658K(465920K)] 1245471K->976342K(1364480K), 0.0178343 secs] [Times: user=0.03 sys=0.00, real=0.02 secs] 
1392.276: [GC (Allocation Failure) [PSYoungGen: 382618K->96K(465920K)] 1209302K->828233K(1364480K), 0.0033354 secs] [Times: user=0.02 sys=0.00, real=0.00 secs] 
1392.623: [GC (Allocation Failure) [PSYoungGen: 233056K->180377K(465920K)] 1061193K->1008530K(1364480K), 0.0198929 secs] [Times: user=0.03 sys=0.00, real=0.02 secs] 
1392.915: [GC (Allocation Failure) [PSYoungGen: 413337K->186229K(465920K)] 1241490K->1015628K(1364480K), 0.0206316 secs] [Times: user=0.03 sys=0.01, real=0.02 secs] 
1394.762: [GC (Allocation Failure) [PSYoungGen: 419189K->132048K(465920K)] 1248588K->961713K(1364480K), 0.0232792 secs] [Times: user=0.04 sys=0.00, real=0.03 secs] 
1396.150: [GC (Allocation Failure) [PSYoungGen: 365008K->21265K(465920K)] 1194673K->851237K(1364480K), 0.0074927 secs] [Times: user=0.02 sys=0.00, real=0.01 secs] 
1396.520: [GC (Allocation Failure) [PSYoungGen: 254225K->184430K(465920K)] 1084197K->1015647K(1364480K), 0.0204385 secs] [Times: user=0.03 sys=0.00, real=0.02 secs] 
1396.805: [GC (Allocation Failure) [PSYoungGen: 417390K->186197K(465920K)] 1248607K->1017816K(1364480K), 0.0206384 secs] [Times: user=0.03 sys=0.00, real=0.02 secs] 
1398.199: [GC (Allocation Failure) [PSYoungGen: 419157K->106826K(465920K)] 1250776K->938581K(1364480K), 0.0196868 secs] [Times: user=0.04 sys=0.00, real=0.02 secs] 
1399.394: [GC (Allocation Failure) [PSYoungGen: 339786K->45717K(465920K)] 1171541K->877782K(1364480K), 0.0065221 secs] [Times: user=0.02 sys=0.00, real=0.00 secs] 
1399.672: [GC (Allocation Failure) [PSYoungGen: 278677K->184398K(465920K)] 1110742K->1017701K(1364480K), 0.0237782 secs] [Times: user=0.05 sys=0.00, real=0.03 secs] 
1400.026: [GC (Allocation Failure) [PSYoungGen: 417358K->183690K(465920K)] 1250661K->1017267K(1364480K), 0.0204653 secs] [Times: user=0.03 sys=0.00, real=0.02 secs] 
1402.201: [GC (Allocation Failure) [PSYoungGen: 416650K->68577K(465920K)] 1250227K->902418K(1364480K), 0.0192856 secs] [Times: user=0.03 sys=0.00, real=0.02 secs] 
1404.312: [GC (Allocation Failure) [PSYoungGen: 301537K->68016K(465920K)] 1135378K->902167K(1364480K), 0.0110013 secs] [Times: user=0.03 sys=0.00, real=0.02 secs] 
1404.609: [GC (Allocation Failure) [PSYoungGen: 300976K->186100K(465920K)] 1135127K->1021497K(1364480K), 0.0206953 secs] [Times: user=0.03 sys=0.00, real=0.02 secs] 
1404.958: [GC (Allocation Failure) [PSYoungGen: 419060K->186004K(465920K)] 1254457K->1021674K(1364480K), 0.0205009 secs] [Times: user=0.03 sys=0.00, real=0.02 secs] 
1407.277: [GC (Allocation Failure) [PSYoungGen: 418964K->42149K(465920K)] 1254634K->878084K(1364480K), 0.0105060 secs] [Times: user=0.02 sys=0.00, real=0.01 secs] 
1408.810: [GC (Allocation Failure) [PSYoungGen: 275109K->94263K(465920K)] 1111044K->930506K(1364480K), 0.0113340 secs] [Times: user=0.02 sys=0.00, real=0.01 secs] 
1409.085: [GC (Allocation Failure) [PSYoungGen: 327223K->185972K(465920K)] 1163466K->1023468K(1364480K), 0.0209220 secs] [Times: user=0.03 sys=0.00, real=0.02 secs] 
1409.431: [GC (Allocation Failure) [PSYoungGen: 418932K->185972K(465920K)] 1256428K->1023741K(1364480K), 0.0212615 secs] [Times: user=0.03 sys=0.00, real=0.03 secs] 
1411.293: [GC (Allocation Failure) [PSYoungGen: 418932K->16236K(465920K)] 1256701K->854270K(1364480K), 0.0053578 secs] [Times: user=0.01 sys=0.00, real=0.00 secs] 
1412.238: [GC (Allocation Failure) [PSYoungGen: 249196K->120035K(465920K)] 1087230K->958385K(1364480K), 0.0141592 secs] [Times: user=0.02 sys=0.00, real=0.01 secs] 
1412.515: [GC (Allocation Failure) [PSYoungGen: 352995K->184462K(465920K)] 1191345K->1024057K(1364480K), 0.0206299 secs] [Times: user=0.03 sys=0.00, real=0.02 secs] 
1412.920: [GC (Allocation Failure) [PSYoungGen: 417422K->178813K(465920K)] 1257017K->1018682K(1364480K), 0.0248465 secs] [Times: user=0.04 sys=0.00, real=0.03 secs] 
1414.567: [GC (Allocation Failure) [PSYoungGen: 411773K->64K(465920K)] 1251642K->841374K(1364480K), 0.0030254 secs] [Times: user=0.02 sys=0.00, real=0.00 secs] 
1415.207: [GC (Allocation Failure) [PSYoungGen: 233024K->142366K(465920K)] 1074334K->983684K(1364480K), 0.0163289 secs] [Times: user=0.02 sys=0.01, real=0.02 secs] 
1415.488: [GC (Allocation Failure) [PSYoungGen: 375326K->184719K(465920K)] 1216644K->1027291K(1364480K), 0.0204478 secs] [Times: user=0.03 sys=0.00, real=0.02 secs] 
1416.226: [GC (Allocation Failure) [PSYoungGen: 415534K->159330K(465920K)] 1258106K->1002175K(1364480K), 0.0212515 secs] [Times: user=0.03 sys=0.00, real=0.02 secs] 
1418.207: [GC (Allocation Failure) [PSYoungGen: 392290K->96K(465920K)] 1235135K->844384K(1364480K), 0.0030610 secs] [Times: user=0.02 sys=0.00, real=0.00 secs] 
1418.736: [GC (Allocation Failure) [PSYoungGen: 233056K->160938K(465920K)] 1077344K->1005250K(1364480K), 0.0179631 secs] [Times: user=0.02 sys=0.00, real=0.02 secs] 
1419.078: [GC (Allocation Failure) [PSYoungGen: 393898K->184558K(465920K)] 1238210K->1030116K(1364480K), 0.0204756 secs] [Times: user=0.03 sys=0.00, real=0.02 secs] 
1420.109: [GC (Allocation Failure) [PSYoungGen: 417518K->144902K(465920K)] 1263076K->990726K(1364480K), 0.0214354 secs] [Times: user=0.03 sys=0.00, real=0.02 secs] 
1422.519: [GC (Allocation Failure) [PSYoungGen: 377862K->96K(465920K)] 1223686K->847367K(1364480K), 0.0037935 secs] [Times: user=0.01 sys=0.00, real=0.01 secs] 
1422.858: [GC (Allocation Failure) [PSYoungGen: 233056K->183076K(465920K)] 1080327K->1030371K(1364480K), 0.0201615 secs] [Times: user=0.03 sys=0.01, real=0.02 secs] 
1423.140: [GC (Allocation Failure) [PSYoungGen: 416036K->184430K(465920K)] 1263331K->1032970K(1364480K), 0.0203603 secs] [Times: user=0.03 sys=0.00, real=0.02 secs] 
1425.640: [GC (Allocation Failure) [PSYoungGen: 417390K->131149K(465920K)] 1265930K->979963K(1364480K), 0.0269901 secs] [Times: user=0.06 sys=0.00, real=0.03 secs] 
1427.974: [GC (Allocation Failure) [PSYoungGen: 364109K->20912K(465920K)] 1212923K->870033K(1364480K), 0.0070188 secs] [Times: user=0.02 sys=0.00, real=0.00 secs] 
1428.309: [GC (Allocation Failure) [PSYoungGen: 253872K->184173K(465920K)] 1102993K->1034548K(1364480K), 0.0205113 secs] [Times: user=0.03 sys=0.00, real=0.02 secs] 
1428.590: [GC (Allocation Failure) [PSYoungGen: 417133K->183948K(465920K)] 1267508K->1034596K(1364480K), 0.0203910 secs] [Times: user=0.03 sys=0.00, real=0.02 secs] 
1430.015: [GC (Allocation Failure) [PSYoungGen: 416908K->109782K(465920K)] 1267556K->960695K(1364480K), 0.0178377 secs] [Times: user=0.03 sys=0.00, real=0.02 secs] 
1432.614: [GC (Allocation Failure) [PSYoungGen: 342742K->41957K(465920K)] 1193655K->893168K(1364480K), 0.0078467 secs] [Times: user=0.02 sys=0.00, real=0.00 secs] 
1432.914: [GC (Allocation Failure) [PSYoungGen: 274917K->186357K(465920K)] 1126128K->1038814K(1364480K), 0.0206685 secs] [Times: user=0.03 sys=0.00, real=0.02 secs] 
1433.197: [GC (Allocation Failure) [PSYoungGen: 419317K->184783K(465920K)] 1271774K->1037513K(1364480K), 0.0203956 secs] [Times: user=0.02 sys=0.00, real=0.02 secs] 
1435.433: [GC (Allocation Failure) [PSYoungGen: 417743K->69091K(465920K)] 1270473K->922086K(1364480K), 0.0237849 secs] [Times: user=0.05 sys=0.00, real=0.02 secs] 
1437.866: [GC (Allocation Failure) [PSYoungGen: 302051K->66441K(465920K)] 1155046K->919741K(1364480K), 0.0106456 secs] [Times: user=0.02 sys=0.00, real=0.01 secs] 
1438.164: [GC (Allocation Failure) [PSYoungGen: 299401K->186357K(465920K)] 1152701K->1041040K(1364480K), 0.0208115 secs] [Times: user=0.02 sys=0.00, real=0.02 secs] 
1438.516: [GC (Allocation Failure) [PSYoungGen: 419317K->186100K(465920K)] 1274000K->1040935K(1364480K), 0.0208387 secs] [Times: user=0.03 sys=0.00, real=0.02 secs] 
1439.459: [GC (Allocation Failure) [PSYoungGen: 419060K->43467K(465920K)] 1273895K->898695K(1364480K), 0.0114656 secs] [Times: user=0.03 sys=0.00, real=0.01 secs] 
1440.159: [GC (Allocation Failure) [PSYoungGen: 276426K->93621K(465920K)] 1131654K->949034K(1364480K), 0.0114563 secs] [Times: user=0.02 sys=0.00, real=0.01 secs] 
1440.434: [GC (Allocation Failure) [PSYoungGen: 326581K->186004K(465920K)] 1181994K->1042663K(1364480K), 0.0222840 secs] [Times: user=0.04 sys=0.00, real=0.02 secs] 
1440.728: [GC (Allocation Failure) [PSYoungGen: 418964K->186004K(465920K)] 1275623K->1042944K(1364480K), 0.0205399 secs] [Times: user=0.03 sys=0.00, real=0.02 secs] 
1443.054: [GC (Allocation Failure) [PSYoungGen: 418964K->16910K(465920K)] 1275904K->874244K(1364480K), 0.0066183 secs] [Times: user=0.03 sys=0.00, real=0.00 secs] 
1444.272: [GC (Allocation Failure) [PSYoungGen: 249870K->119810K(465920K)] 1107204K->977332K(1364480K), 0.0139837 secs] [Times: user=0.02 sys=0.00, real=0.02 secs] 
1444.548: [GC (Allocation Failure) [PSYoungGen: 352770K->184173K(465920K)] 1210292K->1042948K(1364480K), 0.0203818 secs] [Times: user=0.02 sys=0.00, real=0.02 secs] 
1445.029: [GC (Allocation Failure) [PSYoungGen: 417133K->178767K(465920K)] 1275908K->1037815K(1364480K), 0.0231719 secs] [Times: user=0.04 sys=0.00, real=0.03 secs] 
1447.745: [GC (Allocation Failure) [PSYoungGen: 411727K->128K(465920K)] 1270775K->860617K(1364480K), 0.0048964 secs] [Times: user=0.02 sys=0.00, real=0.00 secs] 
1448.868: [GC (Allocation Failure) [PSYoungGen: 233088K->142270K(465920K)] 1093577K->1002792K(1364480K), 0.0161708 secs] [Times: user=0.02 sys=0.01, real=0.02 secs] 
1449.205: [GC (Allocation Failure) [PSYoungGen: 375230K->184173K(465920K)] 1235752K->1045940K(1364480K), 0.0205187 secs] [Times: user=0.03 sys=0.00, real=0.02 secs] 
1450.077: [GC (Allocation Failure) [PSYoungGen: 414013K->159876K(465920K)] 1275781K->1021908K(1364480K), 0.0481166 secs] [Times: user=0.08 sys=0.00, real=0.05 secs] 
1452.217: [GC (Allocation Failure) [PSYoungGen: 392836K->96K(465920K)] 1254868K->863570K(1364480K), 0.0037771 secs] [Times: user=0.02 sys=0.00, real=0.00 secs] 
1452.819: [GC (Allocation Failure) [PSYoungGen: 233056K->160906K(465920K)] 1096530K->1024396K(1364480K), 0.0180597 secs] [Times: user=0.03 sys=0.00, real=0.02 secs] 
1453.098: [GC (Allocation Failure) [PSYoungGen: 393866K->184558K(465920K)] 1257356K->1049294K(1364480K), 0.0204451 secs] [Times: user=0.03 sys=0.00, real=0.02 secs] 
1454.018: [GC (Allocation Failure) [PSYoungGen: 417518K->144918K(465920K)] 1282254K->1009919K(1364480K), 0.0323365 secs] [Times: user=0.05 sys=0.00, real=0.03 secs] 
1456.272: [GC (Allocation Failure) [PSYoungGen: 377878K->64K(465920K)] 1242879K->866504K(1364480K), 0.0030971 secs] [Times: user=0.02 sys=0.00, real=0.01 secs] 
1456.623: [GC (Allocation Failure) [PSYoungGen: 233024K->183333K(465920K)] 1099464K->1049805K(1364480K), 0.0202053 secs] [Times: user=0.03 sys=0.00, real=0.02 secs] 
1456.910: [GC (Allocation Failure) [PSYoungGen: 416293K->184044K(465920K)] 1282765K->1051762K(1364480K), 0.0204036 secs] [Times: user=0.03 sys=0.00, real=0.02 secs] 
1457.935: [GC (Allocation Failure) [PSYoungGen: 417004K->131277K(465920K)] 1284722K->999261K(1364480K), 0.0240796 secs] [Times: user=0.04 sys=0.00, real=0.02 secs] 
1460.632: [GC (Allocation Failure) [PSYoungGen: 364237K->21037K(465920K)] 1232221K->889330K(1364480K), 0.0064989 secs] [Times: user=0.02 sys=0.00, real=0.01 secs] 
1460.960: [GC (Allocation Failure) [PSYoungGen: 253997K->186197K(465920K)] 1122290K->1055728K(1364480K), 0.0257175 secs] [Times: user=0.04 sys=0.00, real=0.03 secs] 
1461.332: [GC (Allocation Failure) [PSYoungGen: 419157K->184719K(465920K)] 1288688K->1054522K(1364480K), 0.0205422 secs] [Times: user=0.03 sys=0.00, real=0.03 secs] 
1461.976: [GC (Allocation Failure) [PSYoungGen: 417679K->106858K(465920K)] 1287482K->976927K(1364480K), 0.0138619 secs] [Times: user=0.03 sys=0.00, real=0.01 secs] 
1463.219: [GC (Allocation Failure) [PSYoungGen: 339818K->45556K(465920K)] 1209887K->915925K(1364480K), 0.0076947 secs] [Times: user=0.02 sys=0.00, real=0.01 secs] 
1463.496: [GC (Allocation Failure) [PSYoungGen: 278516K->186389K(465920K)] 1148885K->1058004K(1364480K), 0.0207122 secs] [Times: user=0.03 sys=0.00, real=0.02 secs] 
1463.781: [GC (Allocation Failure) [PSYoungGen: 419349K->186004K(465920K)] 1290964K->1058020K(1364480K), 0.0206541 secs] [Times: user=0.03 sys=0.00, real=0.02 secs] 
1465.461: [GC (Allocation Failure) [PSYoungGen: 418964K->64464K(465920K)] 1290980K->936624K(1364480K), 0.0181400 secs] [Times: user=0.04 sys=0.00, real=0.02 secs] 
1467.570: [GC (Allocation Failure) [PSYoungGen: 297424K->71293K(465920K)] 1169584K->943769K(1364480K), 0.0107101 secs] [Times: user=0.02 sys=0.00, real=0.01 secs] 
1467.852: [GC (Allocation Failure) [PSYoungGen: 304253K->186389K(465920K)] 1176729K->1060127K(1364480K), 0.0207862 secs] [Times: user=0.03 sys=0.00, real=0.03 secs] 
1468.135: [GC (Allocation Failure) [PSYoungGen: 419349K->184815K(465920K)] 1293087K->1058826K(1364480K), 0.0207512 secs] [Times: user=0.03 sys=0.00, real=0.02 secs] 
1469.041: [GC (Allocation Failure) [PSYoungGen: 417775K->39868K(465920K)] 1291786K->914144K(1364480K), 0.0076171 secs] [Times: user=0.02 sys=0.00, real=0.01 secs] 
1469.694: [GC (Allocation Failure) [PSYoungGen: 272828K->97544K(465920K)] 1147104K->972125K(1364480K), 0.0118366 secs] [Times: user=0.02 sys=0.01, real=0.01 secs] 
1470.007: [GC (Allocation Failure) [PSYoungGen: 330504K->185972K(465920K)] 1205085K->1061927K(1364480K), 0.0205963 secs] [Times: user=0.03 sys=0.01, real=0.02 secs] 
1470.350: [GC (Allocation Failure) [PSYoungGen: 418932K->185972K(465920K)] 1294887K->1062072K(1364480K), 0.0206249 secs] [Times: user=0.03 sys=0.00, real=0.02 secs] 
1472.086: [GC (Allocation Failure) [PSYoungGen: 418932K->12846K(465920K)] 1295032K->889211K(1364480K), 0.0054471 secs] [Times: user=0.02 sys=0.00, real=0.00 secs] 
1472.860: [GC (Allocation Failure) [PSYoungGen: 245806K->123409K(465920K)] 1122171K->1000097K(1364480K), 0.0145363 secs] [Times: user=0.02 sys=0.00, real=0.02 secs] 
1473.139: [GC (Allocation Failure) [PSYoungGen: 356369K->186004K(465920K)] 1233057K->1063938K(1364480K), 0.0205411 secs] [Times: user=0.03 sys=0.00, real=0.02 secs] 
1473.573: [GC (Allocation Failure) [PSYoungGen: 418964K->173817K(465920K)] 1296898K->1052025K(1364480K), 0.0218415 secs] [Times: user=0.04 sys=0.00, real=0.02 secs] 
1475.649: [GC (Allocation Failure) [PSYoungGen: 406777K->96K(465920K)] 1284985K->879757K(1364480K), 0.0039921 secs] [Times: user=0.02 sys=0.00, real=0.01 secs] 
1476.622: [GC (Allocation Failure) [PSYoungGen: 233056K->147603K(465920K)] 1112717K->1027280K(1364480K), 0.0166282 secs] [Times: user=0.02 sys=0.00, real=0.02 secs] 
1476.903: [GC (Allocation Failure) [PSYoungGen: 380563K->186229K(465920K)] 1260240K->1067160K(1364480K), 0.0209403 secs] [Times: user=0.03 sys=0.00, real=0.02 secs] 
1477.838: [GC (Allocation Failure) [PSYoungGen: 419189K->156630K(465920K)] 1300120K->1037826K(1364480K), 0.0463724 secs] [Times: user=0.08 sys=0.00, real=0.05 secs] 
1479.734: [GC (Allocation Failure) [PSYoungGen: 389590K->128K(465920K)] 1270786K->882769K(1364480K), 0.0028734 secs] [Times: user=0.01 sys=0.00, real=0.00 secs] 
1480.224: [GC (Allocation Failure) [PSYoungGen: 233088K->173661K(465920K)] 1115729K->1056327K(1364480K), 0.0193573 secs] [Times: user=0.03 sys=0.00, real=0.02 secs] 
1480.512: [GC (Allocation Failure) [PSYoungGen: 406621K->186261K(465920K)] 1289287K->1070180K(1364480K), 0.0208746 secs] [Times: user=0.03 sys=0.00, real=0.03 secs] 
1481.054: [GC (Allocation Failure) [PSYoungGen: 419221K->138732K(465920K)] 1303140K->1023052K(1364480K), 0.0175301 secs] [Times: user=0.03 sys=0.00, real=0.01 secs] 
1482.301: [GC (Allocation Failure) [PSYoungGen: 371692K->15096K(465920K)] 1256012K->899596K(1364480K), 0.0048771 secs] [Times: user=0.02 sys=0.00, real=0.01 secs] 
1482.586: [GC (Allocation Failure) [PSYoungGen: 248056K->184590K(465920K)] 1132556K->1070344K(1364480K), 0.0206667 secs] [Times: user=0.02 sys=0.00, real=0.02 secs] 
1482.924: [GC (Allocation Failure) [PSYoungGen: 417550K->186325K(465920K)] 1303304K->1072360K(1364480K), 0.0207868 secs] [Times: user=0.03 sys=0.00, real=0.02 secs] 
1483.573: [GC (Allocation Failure) [PSYoungGen: 419285K->112738K(465920K)] 1305320K->999037K(1364480K), 0.0148350 secs] [Times: user=0.03 sys=0.00, real=0.01 secs] 
1484.510: [GC (Allocation Failure) [PSYoungGen: 345698K->40190K(465920K)] 1231997K->926795K(1364480K), 0.0061413 secs] [Times: user=0.02 sys=0.00, real=0.01 secs] 
1484.779: [GC (Allocation Failure) [PSYoungGen: 273150K->184944K(465920K)] 1159755K->1072803K(1364480K), 0.0207205 secs] [Times: user=0.03 sys=0.00, real=0.02 secs] 
1485.063: [GC (Allocation Failure) [PSYoungGen: 417904K->184205K(465920K)] 1305763K->1072465K(1364480K), 0.0206390 secs] [Times: user=0.03 sys=0.00, real=0.02 secs] 
1486.270: [GC (Allocation Failure) [PSYoungGen: 417165K->73027K(465920K)] 1305425K->961424K(1364480K), 0.0126992 secs] [Times: user=0.03 sys=0.00, real=0.02 secs] 
1487.061: [GC (Allocation Failure) [PSYoungGen: 305987K->63324K(465920K)] 1194384K->952037K(1364480K), 0.0082930 secs] [Times: user=0.01 sys=0.00, real=0.01 secs] 
1487.334: [GC (Allocation Failure) [PSYoungGen: 296284K->186486K(465920K)] 1184997K->1076452K(1364480K), 0.0208143 secs] [Times: user=0.03 sys=0.00, real=0.02 secs] 
1487.620: [GC (Allocation Failure) [PSYoungGen: 419446K->186100K(465920K)] 1309412K->1076340K(1364480K), 0.0208440 secs] [Times: user=0.03 sys=0.00, real=0.02 secs] 
1489.223: [GC (Allocation Failure) [PSYoungGen: 419060K->46391K(465920K)] 1309300K->937032K(1364480K), 0.0078720 secs] [Times: user=0.02 sys=0.00, real=0.00 secs] 
1490.893: [GC (Allocation Failure) [PSYoungGen: 279351K->89190K(465920K)] 1169992K->980010K(1364480K), 0.0111454 secs] [Times: user=0.02 sys=0.00, real=0.01 secs] 
1491.167: [GC (Allocation Failure) [PSYoungGen: 322150K->186004K(465920K)] 1212970K->1078078K(1364480K), 0.0207723 secs] [Times: user=0.03 sys=0.00, real=0.02 secs] 
1491.507: [GC (Allocation Failure) [PSYoungGen: 418964K->184558K(465920K)] 1311038K->1076905K(1364480K), 0.0204251 secs] [Times: user=0.03 sys=0.00, real=0.02 secs] 
1492.770: [GC (Allocation Failure) [PSYoungGen: 417518K->22630K(465920K)] 1309865K->915370K(1364480K), 0.0056883 secs] [Times: user=0.02 sys=0.00, real=0.01 secs] 
1493.687: [GC (Allocation Failure) [PSYoungGen: 255590K->113738K(465920K)] 1148330K->1006665K(1364480K), 0.0133171 secs] [Times: user=0.02 sys=0.00, real=0.01 secs] 
1493.962: [GC (Allocation Failure) [PSYoungGen: 346698K->184815K(465920K)] 1239625K->1078996K(1364480K), 0.0207625 secs] [Times: user=0.03 sys=0.00, real=0.03 secs] 
1494.248: [GC (Allocation Failure) [PSYoungGen: 417775K->182309K(465920K)] 1311956K->1076763K(1364480K), 0.0204588 secs] [Times: user=0.03 sys=0.00, real=0.02 secs] 
1496.300: [GC (Allocation Failure) [PSYoungGen: 415269K->1376K(465920K)] 1309723K->895982K(1364480K), 0.0068028 secs] [Times: user=0.03 sys=0.00, real=0.01 secs] 
1497.433: [GC (Allocation Failure) [PSYoungGen: 234336K->134076K(465920K)] 1128942K->1028870K(1364480K), 0.0154374 secs] [Times: user=0.03 sys=0.00, real=0.01 secs] 
1497.767: [GC (Allocation Failure) [PSYoungGen: 367036K->184365K(465920K)] 1261830K->1080421K(1364480K), 0.0209498 secs] [Times: user=0.03 sys=0.00, real=0.02 secs] 
1498.594: [GC (Allocation Failure) [PSYoungGen: 417325K->165877K(465920K)] 1313381K->1062334K(1364480K), 0.0377387 secs] [Times: user=0.06 sys=0.00, real=0.03 secs] 
1501.413: [GC (Allocation Failure) [PSYoungGen: 398837K->128K(465920K)] 1295294K->897888K(1364480K), 0.0049128 secs] [Times: user=0.02 sys=0.00, real=0.00 secs] 
1501.418: [Full GC (Ergonomics) [PSYoungGen: 128K->0K(465920K)] [ParOldGen: 897760K->291460K(697856K)] 897888K->291460K(1163776K), [Metaspace: 55859K->55859K(1101824K)], 0.0740922 secs] [Times: user=0.23 sys=0.00, real=0.07 secs] 
1502.198: [GC (Allocation Failure) [PSYoungGen: 232960K->162764K(465920K)] 524420K->454224K(1163776K), 0.0166287 secs] [Times: user=0.03 sys=0.00, real=0.02 secs] 
1502.477: [GC (Allocation Failure) [PSYoungGen: 395724K->184301K(465920K)] 687184K->509784K(1163776K), 0.0220751 secs] [Times: user=0.04 sys=0.00, real=0.02 secs] 
1502.823: [GC (Allocation Failure) [PSYoungGen: 417261K->172053K(465920K)] 742744K->497946K(1163776K), 0.0184414 secs] [Times: user=0.02 sys=0.01, real=0.01 secs] 
1505.122: [GC (Allocation Failure) [PSYoungGen: 405013K->96K(465920K)] 730906K->327307K(1163776K), 0.0034241 secs] [Times: user=0.02 sys=0.00, real=0.01 secs] 
1506.539: [GC (Allocation Failure) [PSYoungGen: 233056K->138671K(465920K)] 560267K->465898K(1163776K), 0.0151444 secs] [Times: user=0.02 sys=0.00, real=0.02 secs] 
1506.817: [GC (Allocation Failure) [PSYoungGen: 371631K->184687K(465920K)] 698858K->513168K(1163776K), 0.0199412 secs] [Times: user=0.02 sys=0.00, real=0.02 secs] 
1507.217: [GC (Allocation Failure) [PSYoungGen: 417647K->162944K(465920K)] 746128K->491698K(1163776K), 0.0195820 secs] [Times: user=0.03 sys=0.00, real=0.02 secs] 
1508.087: [GC (Allocation Failure) [PSYoungGen: 395904K->96K(465920K)] 724658K->330283K(1163776K), 0.0025370 secs] [Times: user=0.01 sys=0.00, real=0.00 secs] 
1508.550: [GC (Allocation Failure) [PSYoungGen: 233056K->148631K(465920K)] 563243K->478859K(1163776K), 0.0162229 secs] [Times: user=0.02 sys=0.00, real=0.02 secs] 
1508.888: [GC (Allocation Failure) [PSYoungGen: 381591K->184558K(465920K)] 711819K->516039K(1163776K), 0.0199445 secs] [Times: user=0.02 sys=0.00, real=0.02 secs] 
1509.774: [GC (Allocation Failure) [PSYoungGen: 417518K->157240K(465920K)] 748999K->488995K(1163776K), 0.0306794 secs] [Times: user=0.04 sys=0.00, real=0.03 secs] 
1511.377: [GC (Allocation Failure) [PSYoungGen: 390200K->128K(465920K)] 721955K->333316K(1163776K), 0.0025609 secs] [Times: user=0.01 sys=0.00, real=0.00 secs] 
1511.783: [GC (Allocation Failure) [PSYoungGen: 233088K->160520K(465920K)] 566276K->493724K(1163776K), 0.0174406 secs] [Times: user=0.02 sys=0.00, real=0.01 secs] 
1512.069: [GC (Allocation Failure) [PSYoungGen: 393480K->186100K(465920K)] 726684K->520550K(1163776K), 0.0199911 secs] [Times: user=0.03 sys=0.00, real=0.02 secs] 
1512.641: [GC (Allocation Failure) [PSYoungGen: 419060K->143730K(465920K)] 753510K->478589K(1163776K), 0.0186456 secs] [Times: user=0.03 sys=0.00, real=0.02 secs] 
1513.552: [GC (Allocation Failure) [PSYoungGen: 376690K->160K(465920K)] 711549K->336334K(1163776K), 0.0021427 secs] [Times: user=0.01 sys=0.00, real=0.01 secs] 
1513.900: [GC (Allocation Failure) [PSYoungGen: 233120K->172376K(465920K)] 569294K->508575K(1163776K), 0.0186636 secs] [Times: user=0.02 sys=0.00, real=0.02 secs] 
1514.180: [GC (Allocation Failure) [PSYoungGen: 405336K->184076K(465920K)] 741535K->521528K(1163776K), 0.0199646 secs] [Times: user=0.02 sys=0.00, real=0.02 secs] 
1515.100: [GC (Allocation Failure) [PSYoungGen: 409168K->133994K(465920K)] 746621K->471711K(1163776K), 0.0344567 secs] [Times: user=0.04 sys=0.00, real=0.04 secs] 
1517.858: [GC (Allocation Failure) [PSYoungGen: 366954K->96K(465920K)] 704671K->339257K(1163776K), 0.0037260 secs] [Times: user=0.01 sys=0.00, real=0.00 secs] 
1518.397: [GC (Allocation Failure) [PSYoungGen: 233056K->172987K(465920K)] 572217K->512180K(1163776K), 0.0186716 secs] [Times: user=0.03 sys=0.00, real=0.02 secs] 
1518.736: [GC (Allocation Failure) [PSYoungGen: 405947K->184687K(465920K)] 745140K->525262K(1163776K), 0.0200507 secs] [Times: user=0.03 sys=0.00, real=0.02 secs] 
1519.289: [GC (Allocation Failure) [PSYoungGen: 417647K->140901K(465920K)] 758222K->481757K(1163776K), 0.0179850 secs] [Times: user=0.03 sys=0.00, real=0.02 secs] 
1521.715: [GC (Allocation Failure) [PSYoungGen: 373861K->128K(465920K)] 714717K->342295K(1163776K), 0.0034105 secs] [Times: user=0.01 sys=0.00, real=0.00 secs] 
1522.132: [GC (Allocation Failure) [PSYoungGen: 233088K->182530K(465920K)] 575255K->524721K(1163776K), 0.0196918 secs] [Times: user=0.03 sys=0.00, real=0.02 secs] 
1522.472: [GC (Allocation Failure) [PSYoungGen: 415490K->184398K(465920K)] 757681K->527827K(1163776K), 0.0220320 secs] [Times: user=0.03 sys=0.00, real=0.03 secs] 
1523.854: [GC (Allocation Failure) [PSYoungGen: 417358K->131647K(465920K)] 760787K->475341K(1163776K), 0.0357877 secs] [Times: user=0.06 sys=0.00, real=0.03 secs] 
1525.511: [GC (Allocation Failure) [PSYoungGen: 364607K->7992K(465920K)] 708301K->351998K(1163776K), 0.0029959 secs] [Times: user=0.01 sys=0.00, real=0.01 secs] 
1525.799: [GC (Allocation Failure) [PSYoungGen: 240952K->184687K(465920K)] 584958K->529947K(1163776K), 0.0198487 secs] [Times: user=0.02 sys=0.00, real=0.02 secs] 
1526.137: [GC (Allocation Failure) [PSYoungGen: 417647K->186550K(465920K)] 762907K->532083K(1163776K), 0.0200937 secs] [Times: user=0.03 sys=0.00, real=0.02 secs] 
1526.882: [GC (Allocation Failure) [PSYoungGen: 419510K->119646K(465920K)] 765043K->465444K(1163776K), 0.0155621 secs] [Times: user=0.02 sys=0.00, real=0.02 secs] 
1528.095: [GC (Allocation Failure) [PSYoungGen: 352606K->21101K(465920K)] 698404K->367213K(1163776K), 0.0045206 secs] [Times: user=0.01 sys=0.00, real=0.00 secs] 
1528.378: [GC (Allocation Failure) [PSYoungGen: 254061K->185875K(465920K)] 600173K->533249K(1163776K), 0.0200809 secs] [Times: user=0.02 sys=0.00, real=0.02 secs] 
1528.668: [GC (Allocation Failure) [PSYoungGen: 418835K->185843K(465920K)] 766209K->533626K(1163776K), 0.0201983 secs] [Times: user=0.02 sys=0.00, real=0.02 secs] 
1529.479: [GC (Allocation Failure) [PSYoungGen: 418803K->106055K(465920K)] 766586K->453982K(1163776K), 0.0134368 secs] [Times: user=0.02 sys=0.00, real=0.01 secs] 
1530.424: [GC (Allocation Failure) [PSYoungGen: 339015K->34407K(465920K)] 686942K->382640K(1163776K), 0.0048289 secs] [Times: user=0.01 sys=0.00, real=0.00 secs] 
1530.693: [GC (Allocation Failure) [PSYoungGen: 267367K->185715K(465920K)] 615600K->535330K(1163776K), 0.0202008 secs] [Times: user=0.02 sys=0.00, real=0.02 secs] 
1530.976: [GC (Allocation Failure) [PSYoungGen: 418675K->185875K(465920K)] 768290K->535643K(1163776K), 0.0200132 secs] [Times: user=0.03 sys=0.00, real=0.02 secs] 
1532.405: [GC (Allocation Failure) [PSYoungGen: 411263K->92737K(465920K)] 761031K->442778K(1163776K), 0.0153396 secs] [Times: user=0.03 sys=0.00, real=0.01 secs] 
1534.173: [GC (Allocation Failure) [PSYoungGen: 325697K->37552K(465920K)] 675738K->387903K(1163776K), 0.0061597 secs] [Times: user=0.02 sys=0.00, real=0.00 secs] 
1534.458: [GC (Allocation Failure) [PSYoungGen: 270512K->186357K(465920K)] 620863K->537954K(1163776K), 0.0201853 secs] [Times: user=0.03 sys=0.00, real=0.02 secs] 
1534.799: [GC (Allocation Failure) [PSYoungGen: 419317K->184783K(465920K)] 770914K->536652K(1163776K), 0.0200018 secs] [Times: user=0.03 sys=0.00, real=0.02 secs] 
1536.126: [GC (Allocation Failure) [PSYoungGen: 406696K->90102K(465920K)] 758565K->442244K(1163776K), 0.0181595 secs] [Times: user=0.03 sys=0.00, real=0.02 secs] 
1537.688: [GC (Allocation Failure) [PSYoungGen: 323062K->37906K(465920K)] 675204K->390366K(1163776K), 0.0065223 secs] [Times: user=0.01 sys=0.00, real=0.01 secs] 
1538.054: [GC (Allocation Failure) [PSYoungGen: 270866K->184558K(465920K)] 623326K->538264K(1163776K), 0.0200220 secs] [Times: user=0.02 sys=0.00, real=0.02 secs] 
1538.395: [GC (Allocation Failure) [PSYoungGen: 417518K->184526K(465920K)] 771224K->538633K(1163776K), 0.0198711 secs] [Times: user=0.03 sys=0.00, real=0.02 secs] 
1539.068: [GC (Allocation Failure) [PSYoungGen: 407022K->91709K(465920K)] 761129K->445960K(1163776K), 0.0117097 secs] [Times: user=0.02 sys=0.00, real=0.01 secs] 
1540.635: [GC (Allocation Failure) [PSYoungGen: 324669K->37713K(465920K)] 678920K->392266K(1163776K), 0.0069160 secs] [Times: user=0.02 sys=0.00, real=0.00 secs] 
1540.932: [GC (Allocation Failure) [PSYoungGen: 270673K->184430K(465920K)] 625226K->540237K(1163776K), 0.0198953 secs] [Times: user=0.02 sys=0.00, real=0.02 secs] 
1541.217: [GC (Allocation Failure) [PSYoungGen: 417390K->184526K(465920K)] 773197K->540614K(1163776K), 0.0199536 secs] [Times: user=0.03 sys=0.00, real=0.02 secs] 
1541.945: [GC (Allocation Failure) [PSYoungGen: 407573K->92062K(465920K)] 763661K->448415K(1163776K), 0.0120808 secs] [Times: user=0.02 sys=0.00, real=0.01 secs] 
1543.216: [GC (Allocation Failure) [PSYoungGen: 325022K->37906K(465920K)] 681375K->394569K(1163776K), 0.0079035 secs] [Times: user=0.01 sys=0.00, real=0.01 secs] 
1543.540: [GC (Allocation Failure) [PSYoungGen: 270866K->184398K(465920K)] 627529K->542306K(1163776K), 0.0199984 secs] [Times: user=0.03 sys=0.00, real=0.02 secs] 
1543.884: [GC (Allocation Failure) [PSYoungGen: 417358K->184526K(465920K)] 775266K->542716K(1163776K), 0.0199032 secs] [Times: user=0.02 sys=0.00, real=0.02 secs] 
1544.517: [GC (Allocation Failure) [PSYoungGen: 407057K->91837K(465920K)] 765246K->450292K(1163776K), 0.0118783 secs] [Times: user=0.02 sys=0.00, real=0.01 secs] 
1545.379: [GC (Allocation Failure) [PSYoungGen: 324797K->37909K(465920K)] 683252K->396673K(1163776K), 0.0076637 secs] [Times: user=0.01 sys=0.00, real=0.01 secs] 
1545.700: [GC (Allocation Failure) [PSYoungGen: 270869K->184944K(465920K)] 629633K->544961K(1163776K), 0.0200296 secs] [Times: user=0.03 sys=0.00, real=0.02 secs] 
1545.984: [GC (Allocation Failure) [PSYoungGen: 417904K->184944K(465920K)] 777921K->545242K(1163776K), 0.0200970 secs] [Times: user=0.03 sys=0.00, real=0.02 secs] 
1547.764: [GC (Allocation Failure) [PSYoungGen: 407178K->90905K(465920K)] 767477K->451485K(1163776K), 0.0237469 secs] [Times: user=0.04 sys=0.00, real=0.02 secs] 
1549.125: [GC (Allocation Failure) [PSYoungGen: 323865K->38037K(465920K)] 684445K->398927K(1163776K), 0.0053435 secs] [Times: user=0.01 sys=0.00, real=0.00 secs] 
1549.392: [GC (Allocation Failure) [PSYoungGen: 270997K->184173K(465920K)] 631887K->546316K(1163776K), 0.0199828 secs] [Times: user=0.03 sys=0.00, real=0.02 secs] 
1549.673: [GC (Allocation Failure) [PSYoungGen: 417133K->184044K(465920K)] 779276K->546468K(1163776K), 0.0198987 secs] [Times: user=0.02 sys=0.00, real=0.02 secs] 
1552.782: [GC (Allocation Failure) [PSYoungGen: 408022K->92480K(465920K)] 770446K->455177K(1163776K), 0.0268073 secs] [Times: user=0.05 sys=0.00, real=0.03 secs] 
1554.083: [GC (Allocation Failure) [PSYoungGen: 325440K->38037K(465920K)] 688137K->401042K(1163776K), 0.0052058 secs] [Times: user=0.01 sys=0.00, real=0.00 secs] 
1554.352: [GC (Allocation Failure) [PSYoungGen: 270997K->184430K(465920K)] 634002K->548688K(1163776K), 0.0200649 secs] [Times: user=0.02 sys=0.00, real=0.02 secs] 
1554.688: [GC (Allocation Failure) [PSYoungGen: 417390K->184558K(465920K)] 781648K->549090K(1163776K), 0.0200713 secs] [Times: user=0.03 sys=0.00, real=0.02 secs] 
1555.865: [GC (Allocation Failure) [PSYoungGen: 407098K->91757K(465920K)] 771630K->456553K(1163776K), 0.0191744 secs] [Times: user=0.03 sys=0.00, real=0.02 secs] 
1556.703: [GC (Allocation Failure) [PSYoungGen: 324717K->38005K(465920K)] 689513K->403127K(1163776K), 0.0052360 secs] [Times: user=0.01 sys=0.00, real=0.00 secs] 
1556.971: [GC (Allocation Failure) [PSYoungGen: 270965K->184430K(465920K)] 636087K->550806K(1163776K), 0.0200960 secs] [Times: user=0.03 sys=0.00, real=0.02 secs] 
1557.253: [GC (Allocation Failure) [PSYoungGen: 417390K->184365K(465920K)] 783766K->551022K(1163776K), 0.0200781 secs] [Times: user=0.02 sys=0.00, real=0.02 secs] 
1559.358: [GC (Allocation Failure) [PSYoungGen: 409444K->91998K(465920K)] 776101K->459048K(1163776K), 0.0245814 secs] [Times: user=0.04 sys=0.00, real=0.03 secs] 
1560.357: [GC (Allocation Failure) [PSYoungGen: 324958K->38037K(465920K)] 692008K->405273K(1163776K), 0.0051513 secs] [Times: user=0.01 sys=0.00, real=0.00 secs] 
1560.626: [GC (Allocation Failure) [PSYoungGen: 270997K->184141K(465920K)] 638233K->552630K(1163776K), 0.0200000 secs] [Times: user=0.03 sys=0.00, real=0.02 secs] 
1560.909: [GC (Allocation Failure) [PSYoungGen: 417101K->184494K(465920K)] 785590K->553257K(1163776K), 0.0199823 secs] [Times: user=0.03 sys=0.00, real=0.02 secs] 
1561.565: [GC (Allocation Failure) [PSYoungGen: 407558K->91966K(465920K)] 776320K->460993K(1163776K), 0.0103467 secs] [Times: user=0.02 sys=0.00, real=0.01 secs] 
1562.373: [GC (Allocation Failure) [PSYoungGen: 324926K->37938K(465920K)] 693953K->407273K(1163776K), 0.0053338 secs] [Times: user=0.01 sys=0.00, real=0.00 secs] 
1562.641: [GC (Allocation Failure) [PSYoungGen: 270898K->184430K(465920K)] 640233K->555018K(1163776K), 0.0199173 secs] [Times: user=0.02 sys=0.00, real=0.02 secs] 
1562.923: [GC (Allocation Failure) [PSYoungGen: 417390K->184558K(465920K)] 787978K->555428K(1163776K), 0.0200534 secs] [Times: user=0.03 sys=0.00, real=0.02 secs] 
1564.949: [GC (Allocation Failure) [PSYoungGen: 407100K->91837K(465920K)] 777970K->462980K(1163776K), 0.0178207 secs] [Times: user=0.03 sys=0.00, real=0.02 secs] 
1566.728: [GC (Allocation Failure) [PSYoungGen: 324797K->37652K(465920K)] 695940K->409104K(1163776K), 0.0067836 secs] [Times: user=0.01 sys=0.00, real=0.01 secs] 
1567.028: [GC (Allocation Failure) [PSYoungGen: 270612K->184430K(465920K)] 642064K->557136K(1163776K), 0.0198847 secs] [Times: user=0.03 sys=0.00, real=0.02 secs] 
1567.311: [GC (Allocation Failure) [PSYoungGen: 417390K->184269K(465920K)] 790096K->557256K(1163776K), 0.0198937 secs] [Times: user=0.03 sys=0.00, real=0.02 secs] 
1568.250: [GC (Allocation Failure) [PSYoungGen: 409348K->92415K(465920K)] 782335K->465796K(1163776K), 0.0115338 secs] [Times: user=0.02 sys=0.00, real=0.01 secs] 
1569.839: [GC (Allocation Failure) [PSYoungGen: 325375K->37812K(465920K)] 698756K->411374K(1163776K), 0.0072120 secs] [Times: user=0.01 sys=0.00, real=0.01 secs] 
1570.150: [GC (Allocation Failure) [PSYoungGen: 270772K->184173K(465920K)] 644334K->558988K(1163776K), 0.0202711 secs] [Times: user=0.02 sys=0.00, real=0.02 secs] 
1570.435: [GC (Allocation Failure) [PSYoungGen: 417133K->184558K(465920K)] 791948K->559655K(1163776K), 0.0201572 secs] [Times: user=0.02 sys=0.00, real=0.02 secs] 
1573.011: [GC (Allocation Failure) [PSYoungGen: 408151K->92271K(465920K)] 783248K->467648K(1163776K), 0.0268160 secs] [Times: user=0.05 sys=0.00, real=0.03 secs] 
1575.028: [GC (Allocation Failure) [PSYoungGen: 325231K->37809K(465920K)] 700608K->413497K(1163776K), 0.0078465 secs] [Times: user=0.02 sys=0.00, real=0.01 secs] 
1575.421: [GC (Allocation Failure) [PSYoungGen: 270769K->184430K(465920K)] 646457K->561499K(1163776K), 0.0203277 secs] [Times: user=0.02 sys=0.00, real=0.02 secs] 
1575.706: [GC (Allocation Failure) [PSYoungGen: 417390K->184558K(465920K)] 794459K->561772K(1163776K), 0.0198994 secs] [Times: user=0.03 sys=0.00, real=0.02 secs] 
1577.335: [GC (Allocation Failure) [PSYoungGen: 407621K->91966K(465920K)] 784835K->469453K(1163776K), 0.0158176 secs] [Times: user=0.03 sys=0.00, real=0.01 secs] 
1578.947: [GC (Allocation Failure) [PSYoungGen: 324926K->37970K(465920K)] 702413K->415767K(1163776K), 0.0079637 secs] [Times: user=0.02 sys=0.00, real=0.01 secs] 
1579.275: [GC (Allocation Failure) [PSYoungGen: 270930K->184430K(465920K)] 648727K->563488K(1163776K), 0.0200271 secs] [Times: user=0.03 sys=0.00, real=0.02 secs] 
1579.557: [GC (Allocation Failure) [PSYoungGen: 417390K->184590K(465920K)] 796448K->563930K(1163776K), 0.0201617 secs] [Times: user=0.03 sys=0.00, real=0.02 secs] 
1581.367: [GC (Allocation Failure) [PSYoungGen: 407132K->91853K(465920K)] 786472K->471466K(1163776K), 0.0248184 secs] [Times: user=0.04 sys=0.00, real=0.02 secs] 
1583.121: [GC (Allocation Failure) [PSYoungGen: 324813K->37906K(465920K)] 704426K->417824K(1163776K), 0.0066485 secs] [Times: user=0.01 sys=0.00, real=0.01 secs] 
1583.414: [GC (Allocation Failure) [PSYoungGen: 270866K->184430K(465920K)] 650784K->565594K(1163776K), 0.0200578 secs] [Times: user=0.03 sys=0.00, real=0.02 secs] 
1583.696: [GC (Allocation Failure) [PSYoungGen: 417390K->184301K(465920K)] 798554K->565746K(1163776K), 0.0198758 secs] [Times: user=0.03 sys=0.00, real=0.02 secs] 
1584.362: [GC (Allocation Failure) [PSYoungGen: 409348K->92142K(465920K)] 790794K->473981K(1163776K), 0.0109470 secs] [Times: user=0.02 sys=0.00, real=0.02 secs] 
1585.252: [GC (Allocation Failure) [PSYoungGen: 325102K->38134K(465920K)] 706941K->420152K(1163776K), 0.0052355 secs] [Times: user=0.01 sys=0.00, real=0.01 secs] 
1585.581: [GC (Allocation Failure) [PSYoungGen: 271094K->184847K(465920K)] 653112K->568119K(1163776K), 0.0200926 secs] [Times: user=0.03 sys=0.00, real=0.02 secs] 
1585.865: [GC (Allocation Failure) [PSYoungGen: 417807K->184687K(465920K)] 801079K->568368K(1163776K), 0.0200446 secs] [Times: user=0.02 sys=0.00, real=0.02 secs] 
1587.020: [GC (Allocation Failure) [PSYoungGen: 406987K->91066K(465920K)] 790668K->474892K(1163776K), 0.0162829 secs] [Times: user=0.03 sys=0.01, real=0.02 secs] 
1588.876: [GC (Allocation Failure) [PSYoungGen: 324026K->37812K(465920K)] 707852K->421947K(1163776K), 0.0069653 secs] [Times: user=0.02 sys=0.00, real=0.01 secs] 
1589.179: [GC (Allocation Failure) [PSYoungGen: 270772K->183916K(465920K)] 654907K->569304K(1163776K), 0.0199819 secs] [Times: user=0.02 sys=0.00, real=0.02 secs] 
1589.461: [GC (Allocation Failure) [PSYoungGen: 416876K->184398K(465920K)] 802264K->570068K(1163776K), 0.0199388 secs] [Times: user=0.02 sys=0.00, real=0.02 secs] 
1590.112: [GC (Allocation Failure) [PSYoungGen: 408195K->92656K(465920K)] 793865K->478591K(1163776K), 0.0103941 secs] [Times: user=0.02 sys=0.00, real=0.01 secs] 
1590.938: [GC (Allocation Failure) [PSYoungGen: 325616K->37909K(465920K)] 711551K->424145K(1163776K), 0.0063720 secs] [Times: user=0.02 sys=0.00, real=0.01 secs] 
1591.211: [GC (Allocation Failure) [PSYoungGen: 270869K->183787K(465920K)] 657105K->571277K(1163776K), 0.0198786 secs] [Times: user=0.02 sys=0.00, real=0.02 secs] 
1591.492: [GC (Allocation Failure) [PSYoungGen: 416747K->184333K(465920K)] 804237K->572233K(1163776K), 0.0199644 secs] [Times: user=0.03 sys=0.00, real=0.02 secs] 
1592.728: [GC (Allocation Failure) [PSYoungGen: 409599K->92769K(465920K)] 797498K->480821K(1163776K), 0.0122170 secs] [Times: user=0.02 sys=0.00, real=0.01 secs] 
1594.042: [GC (Allocation Failure) [PSYoungGen: 325729K->37777K(465920K)] 713781K->426139K(1163776K), 0.0067919 secs] [Times: user=0.02 sys=0.00, real=0.01 secs] 
1594.421: [GC (Allocation Failure) [PSYoungGen: 270737K->184687K(465920K)] 659099K->574294K(1163776K), 0.0200255 secs] [Times: user=0.03 sys=0.00, real=0.02 secs] 
1594.761: [GC (Allocation Failure) [PSYoungGen: 417647K->184655K(465920K)] 807254K->574664K(1163776K), 0.0200431 secs] [Times: user=0.02 sys=0.00, real=0.02 secs] 
1596.823: [GC (Allocation Failure) [PSYoungGen: 407359K->91612K(465920K)] 797368K->481886K(1163776K), 0.0153417 secs] [Times: user=0.03 sys=0.00, real=0.01 secs] 
1598.635: [GC (Allocation Failure) [PSYoungGen: 324572K->37812K(465920K)] 714846K->428266K(1163776K), 0.0071463 secs] [Times: user=0.02 sys=0.00, real=0.00 secs] 
1598.938: [GC (Allocation Failure) [PSYoungGen: 270772K->183787K(465920K)] 661226K->575494K(1163776K), 0.0200969 secs] [Times: user=0.03 sys=0.00, real=0.02 secs] 
1599.221: [GC (Allocation Failure) [PSYoungGen: 416747K->184462K(465920K)] 808454K->576578K(1163776K), 0.0202271 secs] [Times: user=0.03 sys=0.00, real=0.02 secs] 
1601.314: [GC (Allocation Failure) [PSYoungGen: 409580K->92785K(465920K)] 801696K->485174K(1163776K), 0.0160604 secs] [Times: user=0.03 sys=0.00, real=0.01 secs] 
1603.810: [GC (Allocation Failure) [PSYoungGen: 325745K->37363K(465920K)] 718134K->429931K(1163776K), 0.0067072 secs] [Times: user=0.01 sys=0.00, real=0.01 secs] 
1604.108: [GC (Allocation Failure) [PSYoungGen: 270323K->184719K(465920K)] 662891K->578533K(1163776K), 0.0199357 secs] [Times: user=0.03 sys=0.00, real=0.02 secs] 
1604.390: [GC (Allocation Failure) [PSYoungGen: 417679K->184687K(465920K)] 811493K->578911K(1163776K), 0.0199639 secs] [Times: user=0.02 sys=0.00, real=0.02 secs] 
1605.019: [GC (Allocation Failure) [PSYoungGen: 409693K->92030K(465920K)] 803917K->486519K(1163776K), 0.0108917 secs] [Times: user=0.02 sys=0.00, real=0.01 secs] 
1605.873: [GC (Allocation Failure) [PSYoungGen: 324990K->38066K(465920K)] 719479K->432733K(1163776K), 0.0051496 secs] [Times: user=0.01 sys=0.00, real=0.00 secs] 
1606.141: [GC (Allocation Failure) [PSYoungGen: 271026K->184847K(465920K)] 665693K->580888K(1163776K), 0.0200612 secs] [Times: user=0.03 sys=0.00, real=0.02 secs] 
1606.477: [GC (Allocation Failure) [PSYoungGen: 417807K->184655K(465920K)] 813848K->580968K(1163776K), 0.0199104 secs] [Times: user=0.02 sys=0.00, real=0.02 secs] 
1607.433: [GC (Allocation Failure) [PSYoungGen: 407101K->91242K(465920K)] 803414K->487700K(1163776K), 0.0119466 secs] [Times: user=0.03 sys=0.00, real=0.01 secs] 
1608.291: [GC (Allocation Failure) [PSYoungGen: 324202K->38066K(465920K)] 720660K->434840K(1163776K), 0.0052436 secs] [Times: user=0.01 sys=0.00, real=0.01 secs] 
1608.623: [GC (Allocation Failure) [PSYoungGen: 271026K->184687K(465920K)] 667800K->582714K(1163776K), 0.0202460 secs] [Times: user=0.03 sys=0.00, real=0.02 secs] 
1608.910: [GC (Allocation Failure) [PSYoungGen: 417647K->184687K(465920K)] 815674K->582995K(1163776K), 0.0201774 secs] [Times: user=0.03 sys=0.00, real=0.02 secs] 
1611.580: [GC (Allocation Failure) [PSYoungGen: 407242K->91323K(465920K)] 805550K->489904K(1163776K), 0.0268601 secs] [Times: user=0.05 sys=0.00, real=0.03 secs] 
1612.910: [GC (Allocation Failure) [PSYoungGen: 324283K->38066K(465920K)] 722864K->436955K(1163776K), 0.0052813 secs] [Times: user=0.01 sys=0.00, real=0.01 secs] 
1613.177: [GC (Allocation Failure) [PSYoungGen: 271026K->183787K(465920K)] 669915K->583930K(1163776K), 0.0199769 secs] [Times: user=0.03 sys=0.00, real=0.02 secs] 
1613.458: [GC (Allocation Failure) [PSYoungGen: 416747K->184301K(465920K)] 816890K->584845K(1163776K), 0.0198657 secs] [Times: user=0.02 sys=0.01, real=0.02 secs] 
1614.584: [GC (Allocation Failure) [PSYoungGen: 408133K->92688K(465920K)] 808677K->493385K(1163776K), 0.0120086 secs] [Times: user=0.03 sys=0.00, real=0.01 secs] 
1615.499: [GC (Allocation Failure) [PSYoungGen: 325648K->37909K(465920K)] 726345K->438923K(1163776K), 0.0064216 secs] [Times: user=0.01 sys=0.00, real=0.01 secs] 
1615.774: [GC (Allocation Failure) [PSYoungGen: 270869K->184462K(465920K)] 671883K->586730K(1163776K), 0.0202743 secs] [Times: user=0.03 sys=0.00, real=0.02 secs] 
1616.057: [GC (Allocation Failure) [PSYoungGen: 417422K->184269K(465920K)] 819690K->586818K(1163776K), 0.0199430 secs] [Times: user=0.02 sys=0.00, real=0.02 secs] 
1616.975: [GC (Allocation Failure) [PSYoungGen: 409317K->92126K(465920K)] 811866K->495077K(1163776K), 0.0111715 secs] [Times: user=0.02 sys=0.00, real=0.01 secs] 
1618.460: [GC (Allocation Failure) [PSYoungGen: 325086K->37523K(465920K)] 728037K->440653K(1163776K), 0.0068951 secs] [Times: user=0.02 sys=0.00, real=0.01 secs] 
1618.747: [GC (Allocation Failure) [PSYoungGen: 270483K->184719K(465920K)] 673613K->589110K(1163776K), 0.0201508 secs] [Times: user=0.03 sys=0.00, real=0.02 secs] 
1619.029: [GC (Allocation Failure) [PSYoungGen: 417679K->184687K(465920K)] 822070K->589359K(1163776K), 0.0201532 secs] [Times: user=0.02 sys=0.00, real=0.02 secs] 
1620.405: [GC (Allocation Failure) [PSYoungGen: 407490K->91885K(465920K)] 812163K->496831K(1163776K), 0.0273220 secs] [Times: user=0.05 sys=0.00, real=0.03 secs] 
1622.832: [GC (Allocation Failure) [PSYoungGen: 324845K->37777K(465920K)] 729791K->443041K(1163776K), 0.0079060 secs] [Times: user=0.02 sys=0.00, real=0.01 secs] 
1623.223: [GC (Allocation Failure) [PSYoungGen: 270737K->183626K(465920K)] 676001K->590143K(1163776K), 0.0198595 secs] [Times: user=0.02 sys=0.00, real=0.02 secs] 
1623.557: [GC (Allocation Failure) [PSYoungGen: 416586K->184526K(465920K)] 823103K->591324K(1163776K), 0.0198834 secs] [Times: user=0.02 sys=0.00, real=0.02 secs] 
1624.220: [GC (Allocation Failure) [PSYoungGen: 408471K->92785K(465920K)] 815269K->499848K(1163776K), 0.0120717 secs] [Times: user=0.02 sys=0.00, real=0.01 secs] 
1625.651: [GC (Allocation Failure) [PSYoungGen: 325745K->37620K(465920K)] 732808K->444990K(1163776K), 0.0064065 secs] [Times: user=0.01 sys=0.00, real=0.01 secs] 
1625.936: [GC (Allocation Failure) [PSYoungGen: 270580K->184719K(465920K)] 677950K->593343K(1163776K), 0.0201021 secs] [Times: user=0.03 sys=0.00, real=0.02 secs] 
1626.220: [GC (Allocation Failure) [PSYoungGen: 417679K->186486K(465920K)] 826303K->595383K(1163776K), 0.0201160 secs] [Times: user=0.03 sys=0.00, real=0.02 secs] 
1626.959: [GC (Allocation Failure) [PSYoungGen: 403751K->89973K(465920K)] 812648K->499144K(1163776K), 0.0108107 secs] [Times: user=0.02 sys=0.00, real=0.01 secs] 
1627.830: [GC (Allocation Failure) [PSYoungGen: 322933K->38069K(465920K)] 732104K->447547K(1163776K), 0.0052816 secs] [Times: user=0.01 sys=0.00, real=0.01 secs] 
1628.098: [GC (Allocation Failure) [PSYoungGen: 271029K->184173K(465920K)] 680507K->594912K(1163776K), 0.0201284 secs] [Times: user=0.03 sys=0.00, real=0.02 secs] 
1628.439: [GC (Allocation Failure) [PSYoungGen: 417133K->186325K(465920K)] 827872K->597346K(1163776K), 0.0206789 secs] [Times: user=0.02 sys=0.00, real=0.02 secs] 
1630.293: [GC (Allocation Failure) [PSYoungGen: 408260K->90198K(465920K)] 819281K->501484K(1163776K), 0.0229109 secs] [Times: user=0.04 sys=0.00, real=0.02 secs] 
1632.140: [GC (Allocation Failure) [PSYoungGen: 323158K->37877K(465920K)] 734444K->449470K(1163776K), 0.0071913 secs] [Times: user=0.01 sys=0.00, real=0.01 secs] 
1632.452: [GC (Allocation Failure) [PSYoungGen: 270837K->184687K(465920K)] 682430K->597534K(1163776K), 0.0199663 secs] [Times: user=0.03 sys=0.00, real=0.02 secs] 
1632.738: [GC (Allocation Failure) [PSYoungGen: 417647K->184173K(465920K)] 830494K->597301K(1163776K), 0.0199644 secs] [Times: user=0.02 sys=0.00, real=0.02 secs] 
1633.581: [GC (Allocation Failure) [PSYoungGen: 404875K->91998K(465920K)] 818003K->505399K(1163776K), 0.0113465 secs] [Times: user=0.02 sys=0.00, real=0.01 secs] 
1635.107: [GC (Allocation Failure) [PSYoungGen: 324958K->37363K(465920K)] 738359K->451065K(1163776K), 0.0052623 secs] [Times: user=0.01 sys=0.00, real=0.00 secs] 
1635.382: [GC (Allocation Failure) [PSYoungGen: 270323K->184719K(465920K)] 684025K->599675K(1163776K), 0.0202285 secs] [Times: user=0.02 sys=0.00, real=0.03 secs] 
1635.674: [GC (Allocation Failure) [PSYoungGen: 417679K->186486K(465920K)] 832635K->601852K(1163776K), 0.0202247 secs] [Times: user=0.02 sys=0.00, real=0.02 secs] 
1637.090: [GC (Allocation Failure) [PSYoungGen: 408278K->90198K(465920K)] 823644K->505829K(1163776K), 0.0142690 secs] [Times: user=0.02 sys=0.00, real=0.02 secs] 
1639.447: [GC (Allocation Failure) [PSYoungGen: 323158K->37620K(465920K)] 738789K->453432K(1163776K), 0.0067687 secs] [Times: user=0.01 sys=0.00, real=0.01 secs] 
1639.747: [GC (Allocation Failure) [PSYoungGen: 270580K->184558K(465920K)] 686392K->601632K(1163776K), 0.0201409 secs] [Times: user=0.02 sys=0.01, real=0.02 secs] 
1640.029: [GC (Allocation Failure) [PSYoungGen: 417518K->184173K(465920K)] 834592K->601528K(1163776K), 0.0199492 secs] [Times: user=0.02 sys=0.00, real=0.02 secs] 
1641.218: [GC (Allocation Failure) [PSYoungGen: 409512K->92351K(465920K)] 826867K->509979K(1163776K), 0.0155224 secs] [Times: user=0.03 sys=0.00, real=0.02 secs] 
1643.179: [GC (Allocation Failure) [PSYoungGen: 325311K->37748K(465920K)] 742939K->455676K(1163776K), 0.0088502 secs] [Times: user=0.02 sys=0.00, real=0.01 secs] 
1643.513: [GC (Allocation Failure) [PSYoungGen: 270708K->184590K(465920K)] 688636K->603771K(1163776K), 0.0200451 secs] [Times: user=0.03 sys=0.00, real=0.02 secs] 
1643.795: [GC (Allocation Failure) [PSYoungGen: 417550K->184301K(465920K)] 836731K->603763K(1163776K), 0.0199688 secs] [Times: user=0.02 sys=0.00, real=0.02 secs] 
1644.554: [GC (Allocation Failure) [PSYoungGen: 409175K->92126K(465920K)] 828637K->511854K(1163776K), 0.0121104 secs] [Times: user=0.02 sys=0.00, real=0.01 secs] 
1645.511: [GC (Allocation Failure) [PSYoungGen: 325086K->37973K(465920K)] 744814K->458000K(1163776K), 0.0082715 secs] [Times: user=0.01 sys=0.00, real=0.01 secs] 
1645.821: [GC (Allocation Failure) [PSYoungGen: 270933K->184558K(465920K)] 690960K->605839K(1163776K), 0.0200624 secs] [Times: user=0.02 sys=0.00, real=0.02 secs] 
1646.155: [GC (Allocation Failure) [PSYoungGen: 417518K->184333K(465920K)] 838799K->605895K(1163776K), 0.0199653 secs] [Times: user=0.03 sys=0.00, real=0.02 secs] 
1647.050: [GC (Allocation Failure) [PSYoungGen: 406648K->91837K(465920K)] 828210K->513672K(1163776K), 0.0142846 secs] [Times: user=0.03 sys=0.00, real=0.02 secs] 
1648.807: [GC (Allocation Failure) [PSYoungGen: 324797K->37812K(465920K)] 746632K->459963K(1163776K), 0.0069520 secs] [Times: user=0.01 sys=0.00, real=0.01 secs] 
1649.181: [GC (Allocation Failure) [PSYoungGen: 270772K->184462K(465920K)] 692923K->607994K(1163776K), 0.0201643 secs] [Times: user=0.03 sys=0.00, real=0.02 secs] 
1649.469: [GC (Allocation Failure) [PSYoungGen: 417422K->184558K(465920K)] 840954K->608243K(1163776K), 0.0201714 secs] [Times: user=0.03 sys=0.00, real=0.02 secs] 
1650.268: [GC (Allocation Failure) [PSYoungGen: 407610K->91998K(465920K)] 831295K->515948K(1163776K), 0.0169255 secs] [Times: user=0.03 sys=0.01, real=0.02 secs] 
1651.284: [GC (Allocation Failure) [PSYoungGen: 324958K->38005K(465920K)] 748908K->462249K(1163776K), 0.0062280 secs] [Times: user=0.01 sys=0.00, real=0.00 secs] 
1651.562: [GC (Allocation Failure) [PSYoungGen: 270965K->184430K(465920K)] 695209K->609928K(1163776K), 0.0199405 secs] [Times: user=0.02 sys=0.00, real=0.02 secs] 
1651.904: [GC (Allocation Failure) [PSYoungGen: 417390K->184365K(465920K)] 842888K->610144K(1163776K), 0.0200958 secs] [Times: user=0.03 sys=0.00, real=0.02 secs] 
1653.459: [GC (Allocation Failure) [PSYoungGen: 409412K->92030K(465920K)] 835191K->518202K(1163776K), 0.0167933 secs] [Times: user=0.03 sys=0.00, real=0.02 secs] 
1655.232: [GC (Allocation Failure) [PSYoungGen: 324990K->37780K(465920K)] 751162K->464146K(1163776K), 0.0068824 secs] [Times: user=0.02 sys=0.00, real=0.01 secs] 
1655.608: [GC (Allocation Failure) [PSYoungGen: 270740K->184173K(465920K)] 697106K->611784K(1163776K), 0.0204590 secs] [Times: user=0.03 sys=0.00, real=0.02 secs] 
1655.971: [GC (Allocation Failure) [PSYoungGen: 417133K->184880K(465920K)] 844744K->612772K(1163776K), 0.0201947 secs] [Times: user=0.02 sys=0.00, real=0.02 secs] 
1656.632: [GC (Allocation Failure) [PSYoungGen: 408027K->91821K(465920K)] 835919K->519987K(1163776K), 0.0120242 secs] [Times: user=0.02 sys=0.00, real=0.02 secs] 
1657.654: [GC (Allocation Failure) [PSYoungGen: 324781K->37809K(465920K)] 752947K->466290K(1163776K), 0.0052421 secs] [Times: user=0.01 sys=0.00, real=0.00 secs] 
1657.922: [GC (Allocation Failure) [PSYoungGen: 270769K->184558K(465920K)] 699250K->614293K(1163776K), 0.0200008 secs] [Times: user=0.03 sys=0.00, real=0.02 secs] 
1658.208: [GC (Allocation Failure) [PSYoungGen: 417518K->184333K(465920K)] 847253K->614349K(1163776K), 0.0200250 secs] [Times: user=0.02 sys=0.00, real=0.02 secs] 
1659.391: [GC (Allocation Failure) [PSYoungGen: 409219K->92094K(465920K)] 839235K->522383K(1163776K), 0.0185997 secs] [Times: user=0.03 sys=0.01, real=0.02 secs] 
1660.581: [GC (Allocation Failure) [PSYoungGen: 325054K->38037K(465920K)] 755343K->468634K(1163776K), 0.0076669 secs] [Times: user=0.02 sys=0.00, real=0.01 secs] 
1660.903: [GC (Allocation Failure) [PSYoungGen: 270997K->184590K(465920K)] 701594K->616440K(1163776K), 0.0201789 secs] [Times: user=0.03 sys=0.00, real=0.02 secs] 
1661.190: [GC (Allocation Failure) [PSYoungGen: 417550K->184558K(465920K)] 849400K->616810K(1163776K), 0.0200930 secs] [Times: user=0.03 sys=0.00, real=0.02 secs] 
1662.508: [GC (Allocation Failure) [PSYoungGen: 407058K->91612K(465920K)] 839309K->524008K(1163776K), 0.0124875 secs] [Times: user=0.02 sys=0.00, real=0.01 secs] 
1664.816: [GC (GCLocker Initiated GC) [PSYoungGen: 324572K->36109K(465920K)] 756968K->468813K(1163776K), 0.0071713 secs] [Times: user=0.02 sys=0.00, real=0.01 secs] 
1665.123: [GC (Allocation Failure) [PSYoungGen: 269069K->184848K(465920K)] 702898K->619914K(1163776K), 0.0202006 secs] [Times: user=0.03 sys=0.00, real=0.02 secs] 
1665.411: [GC (Allocation Failure) [PSYoungGen: 417808K->184141K(465920K)] 852874K->619223K(1163776K), 0.0201184 secs] [Times: user=0.02 sys=0.00, real=0.02 secs] 
1666.060: [GC (Allocation Failure) [PSYoungGen: 408138K->92672K(465920K)] 843221K->528052K(1163776K), 0.0108881 secs] [Times: user=0.02 sys=0.00, real=0.01 secs] 
1667.013: [GC (Allocation Failure) [PSYoungGen: 325632K->38037K(465920K)] 761012K->473725K(1163776K), 0.0067022 secs] [Times: user=0.02 sys=0.00, real=0.00 secs] 
1667.294: [GC (Allocation Failure) [PSYoungGen: 270997K->183819K(465920K)] 706685K->620752K(1163776K), 0.0200917 secs] [Times: user=0.02 sys=0.00, real=0.02 secs] 
1667.576: [GC (Allocation Failure) [PSYoungGen: 416779K->184333K(465920K)] 853712K->621668K(1163776K), 0.0199517 secs] [Times: user=0.02 sys=0.00, real=0.02 secs] 
1670.731: [GC (Allocation Failure) [PSYoungGen: 409723K->92592K(465920K)] 847057K->530079K(1163776K), 0.0132272 secs] [Times: user=0.03 sys=0.00, real=0.02 secs] 
1672.108: [GC (Allocation Failure) [PSYoungGen: 325552K->38066K(465920K)] 763039K->475861K(1163776K), 0.0053551 secs] [Times: user=0.02 sys=0.00, real=0.01 secs] 
1672.377: [GC (Allocation Failure) [PSYoungGen: 271026K->184687K(465920K)] 708821K->623727K(1163776K), 0.0201910 secs] [Times: user=0.02 sys=0.00, real=0.02 secs] 
1672.659: [GC (Allocation Failure) [PSYoungGen: 417647K->184687K(465920K)] 856687K->624008K(1163776K), 0.0200694 secs] [Times: user=0.03 sys=0.00, real=0.02 secs] 
1673.776: [GC (Allocation Failure) [PSYoungGen: 407247K->91291K(465920K)] 846568K->530878K(1163776K), 0.0117715 secs] [Times: user=0.02 sys=0.00, real=0.01 secs] 
1675.019: [GC (Allocation Failure) [PSYoungGen: 324251K->37809K(465920K)] 763838K->477698K(1163776K), 0.0064213 secs] [Times: user=0.02 sys=0.01, real=0.01 secs] 
1675.359: [GC (Allocation Failure) [PSYoungGen: 270769K->184687K(465920K)] 710658K->625957K(1163776K), 0.0200723 secs] [Times: user=0.03 sys=0.00, real=0.02 secs] 
1675.702: [GC (Allocation Failure) [PSYoungGen: 417647K->184655K(465920K)] 858917K->626070K(1163776K), 0.0203783 secs] [Times: user=0.03 sys=0.00, real=0.03 secs] 
1677.137: [GC (Allocation Failure) [PSYoungGen: 407218K->91580K(465920K)] 848633K->533268K(1163776K), 0.0118353 secs] [Times: user=0.02 sys=0.00, real=0.01 secs] 
1678.349: [GC (Allocation Failure) [PSYoungGen: 324540K->37777K(465920K)] 766228K->479773K(1163776K), 0.0062672 secs] [Times: user=0.01 sys=0.00, real=0.01 secs] 
1678.624: [GC (Allocation Failure) [PSYoungGen: 270737K->183787K(465920K)] 712733K->627028K(1163776K), 0.0200843 secs] [Times: user=0.02 sys=0.00, real=0.02 secs] 
1678.910: [GC (Allocation Failure) [PSYoungGen: 416747K->184398K(465920K)] 859988K->627912K(1163776K), 0.0201696 secs] [Times: user=0.02 sys=0.00, real=0.02 secs] 
1679.994: [GC (Allocation Failure) [PSYoungGen: 409629K->92769K(465920K)] 853143K->536556K(1163776K), 0.0127621 secs] [Times: user=0.03 sys=0.00, real=0.01 secs] 
1681.780: [GC (Allocation Failure) [PSYoungGen: 325729K->37523K(465920K)] 769516K->481616K(1163776K), 0.0070131 secs] [Times: user=0.02 sys=0.00, real=0.01 secs] 
1682.073: [GC (Allocation Failure) [PSYoungGen: 270483K->184076K(465920K)] 714576K->629415K(1163776K), 0.0200606 secs] [Times: user=0.02 sys=0.01, real=0.02 secs] 
1682.410: [GC (Allocation Failure) [PSYoungGen: 417036K->184558K(465920K)] 862375K->630306K(1163776K), 0.0200813 secs] [Times: user=0.03 sys=0.00, real=0.02 secs] 
1684.147: [GC (Allocation Failure) [PSYoungGen: 409609K->92640K(465920K)] 855358K->538662K(1163776K), 0.0186544 secs] [Times: user=0.04 sys=0.00, real=0.02 secs] 
1685.656: [GC (Allocation Failure) [PSYoungGen: 325600K->37938K(465920K)] 771622K->484146K(1163776K), 0.0063095 secs] [Times: user=0.01 sys=0.00, real=0.01 secs] 
1685.934: [GC (Allocation Failure) [PSYoungGen: 270898K->184719K(465920K)] 717106K->632181K(1163776K), 0.0200972 secs] [Times: user=0.03 sys=0.00, real=0.02 secs] 
1686.276: [GC (Allocation Failure) [PSYoungGen: 417679K->184623K(465920K)] 865141K->632358K(1163776K), 0.0201522 secs] [Times: user=0.03 sys=0.00, real=0.02 secs] 
1687.976: [GC (Allocation Failure) [PSYoungGen: 407223K->91516K(465920K)] 854958K->539516K(1163776K), 0.0164714 secs] [Times: user=0.03 sys=0.00, real=0.02 secs] 
1689.639: [GC (Allocation Failure) [PSYoungGen: 324476K->37748K(465920K)] 772476K->486064K(1163776K), 0.0067943 secs] [Times: user=0.01 sys=0.00, real=0.01 secs] 
1689.925: [GC (Allocation Failure) [PSYoungGen: 270708K->183658K(465920K)] 719024K->633228K(1163776K), 0.0198702 secs] [Times: user=0.02 sys=0.00, real=0.02 secs] 
1690.211: [GC (Allocation Failure) [PSYoungGen: 416618K->184526K(465920K)] 866188K->634369K(1163776K), 0.0200365 secs] [Times: user=0.02 sys=0.00, real=0.02 secs] 
1692.318: [GC (Allocation Failure) [PSYoungGen: 408484K->92737K(465920K)] 858326K->542844K(1163776K), 0.0276667 secs] [Times: user=0.05 sys=0.00, real=0.03 secs] 
1693.857: [GC (Allocation Failure) [PSYoungGen: 325697K->37909K(465920K)] 775804K->488324K(1163776K), 0.0065052 secs] [Times: user=0.02 sys=0.00, real=0.01 secs] 
1694.138: [GC (Allocation Failure) [PSYoungGen: 270869K->184462K(465920K)] 721284K->636131K(1163776K), 0.0202815 secs] [Times: user=0.03 sys=0.00, real=0.02 secs] 
1694.480: [GC (Allocation Failure) [PSYoungGen: 417422K->184494K(465920K)] 869091K->636565K(1163776K), 0.0202848 secs] [Times: user=0.03 sys=0.00, real=0.02 secs] 
1695.526: [GC (Allocation Failure) [PSYoungGen: 407086K->91885K(465920K)] 859157K->544100K(1163776K), 0.0160392 secs] [Times: user=0.03 sys=0.00, real=0.01 secs] 
1696.325: [GC (Allocation Failure) [PSYoungGen: 324845K->38166K(465920K)] 777060K->490690K(1163776K), 0.0053693 secs] [Times: user=0.01 sys=0.00, real=0.00 secs] 
1696.593: [GC (Allocation Failure) [PSYoungGen: 271126K->184687K(465920K)] 723650K->638465K(1163776K), 0.0200235 secs] [Times: user=0.03 sys=0.00, real=0.02 secs] 
1696.951: [GC (Allocation Failure) [PSYoungGen: 417647K->184623K(465920K)] 871425K->638674K(1163776K), 0.0201665 secs] [Times: user=0.03 sys=0.00, real=0.02 secs] 
1698.066: [GC (Allocation Failure) [PSYoungGen: 407086K->91194K(465920K)] 861138K->545519K(1163776K), 0.0116355 secs] [Times: user=0.02 sys=0.00, real=0.01 secs] 
1698.973: [GC (Allocation Failure) [PSYoungGen: 324154K->38037K(465920K)] 778479K->492683K(1163776K), 0.0053139 secs] [Times: user=0.01 sys=0.00, real=0.00 secs] 
1699.238: [GC (Allocation Failure) [PSYoungGen: 270997K->183916K(465920K)] 725643K->639815K(1163776K), 0.0200045 secs] [Times: user=0.02 sys=0.00, real=0.02 secs] 
1699.521: [GC (Allocation Failure) [PSYoungGen: 416876K->184398K(465920K)] 872775K->640578K(1163776K), 0.0201292 secs] [Times: user=0.03 sys=0.00, real=0.02 secs] 
1701.185: [GC (Allocation Failure) [PSYoungGen: 408124K->92415K(465920K)] 864304K->548877K(1163776K), 0.0186503 secs] [Times: user=0.03 sys=0.00, real=0.02 secs] 
1703.201: [GC (Allocation Failure) [PSYoungGen: 325375K->37909K(465920K)] 781837K->494694K(1163776K), 0.0069303 secs] [Times: user=0.02 sys=0.00, real=0.01 secs] 
1703.502: [GC (Allocation Failure) [PSYoungGen: 270869K->184430K(465920K)] 727654K->642589K(1163776K), 0.0200353 secs] [Times: user=0.02 sys=0.00, real=0.02 secs] 
1703.790: [GC (Allocation Failure) [PSYoungGen: 417390K->184526K(465920K)] 875549K->642830K(1163776K), 0.0201383 secs] [Times: user=0.03 sys=0.00, real=0.02 secs] 
1704.441: [GC (Allocation Failure) [PSYoungGen: 407075K->91869K(465920K)] 865380K->550446K(1163776K), 0.0109280 secs] [Times: user=0.02 sys=0.00, real=0.01 secs] 
1705.328: [GC (Allocation Failure) [PSYoungGen: 324829K->37938K(465920K)] 783406K->496823K(1163776K), 0.0053525 secs] [Times: user=0.01 sys=0.00, real=0.01 secs] 
1705.596: [GC (Allocation Failure) [PSYoungGen: 270898K->184944K(465920K)] 729783K->645082K(1163776K), 0.0205845 secs] [Times: user=0.03 sys=0.00, real=0.02 secs] 
1705.882: [GC (Allocation Failure) [PSYoungGen: 417904K->184269K(465920K)] 878042K->644681K(1163776K), 0.0203572 secs] [Times: user=0.03 sys=0.00, real=0.02 secs] 
1706.580: [GC (Allocation Failure) [PSYoungGen: 407135K->91596K(465920K)] 867547K->552401K(1163776K), 0.0106801 secs] [Times: user=0.02 sys=0.00, real=0.01 secs] 
1707.729: [GC (Allocation Failure) [PSYoungGen: 324556K->37970K(465920K)] 785361K->498956K(1163776K), 0.0063809 secs] [Times: user=0.02 sys=0.00, real=0.01 secs] 
1708.012: [GC (Allocation Failure) [PSYoungGen: 270930K->184558K(465920K)] 731916K->646935K(1163776K), 0.0200965 secs] [Times: user=0.03 sys=0.00, real=0.03 secs] 
1708.348: [GC (Allocation Failure) [PSYoungGen: 417518K->184398K(465920K)] 879895K->646919K(1163776K), 0.0200553 secs] [Times: user=0.03 sys=0.00, real=0.02 secs] 
1708.960: [GC (Allocation Failure) [PSYoungGen: 406889K->91869K(465920K)] 869410K->554655K(1163776K), 0.0120775 secs] [Times: user=0.02 sys=0.00, real=0.01 secs] 
1709.764: [GC (Allocation Failure) [PSYoungGen: 324829K->38066K(465920K)] 787615K->501168K(1163776K), 0.0053408 secs] [Times: user=0.01 sys=0.00, real=0.00 secs] 
1710.032: [GC (Allocation Failure) [PSYoungGen: 271026K->184687K(465920K)] 734128K->649042K(1163776K), 0.0200801 secs] [Times: user=0.03 sys=0.00, real=0.02 secs] 
1710.315: [GC (Allocation Failure) [PSYoungGen: 417647K->184655K(465920K)] 882002K->649283K(1163776K), 0.0200303 secs] [Times: user=0.02 sys=0.00, real=0.02 secs] 
1710.926: [GC (Allocation Failure) [PSYoungGen: 407199K->91355K(465920K)] 871828K->556256K(1163776K), 0.0105581 secs] [Times: user=0.02 sys=0.00, real=0.01 secs] 
1711.719: [GC (Allocation Failure) [PSYoungGen: 324315K->38066K(465920K)] 789216K->503275K(1163776K), 0.0054065 secs] [Times: user=0.02 sys=0.00, real=0.01 secs] 
1712.057: [GC (Allocation Failure) [PSYoungGen: 271026K->184687K(465920K)] 736235K->651278K(1163776K), 0.0201502 secs] [Times: user=0.02 sys=0.00, real=0.02 secs] 
1712.397: [GC (Allocation Failure) [PSYoungGen: 417647K->184655K(465920K)] 884238K->651398K(1163776K), 0.0202500 secs] [Times: user=0.03 sys=0.01, real=0.02 secs] 
1713.516: [GC (Allocation Failure) [PSYoungGen: 407215K->91371K(465920K)] 873959K->558388K(1163776K), 0.0237444 secs] [Times: user=0.05 sys=0.00, real=0.02 secs] 
1714.354: [GC (Allocation Failure) [PSYoungGen: 324331K->38166K(465920K)] 791348K->505498K(1163776K), 0.0054949 secs] [Times: user=0.01 sys=0.00, real=0.00 secs] 
1714.623: [GC (Allocation Failure) [PSYoungGen: 271126K->184687K(465920K)] 738458K->653401K(1163776K), 0.0201160 secs] [Times: user=0.03 sys=0.00, real=0.02 secs] 
1714.965: [GC (Allocation Failure) [PSYoungGen: 417647K->184655K(465920K)] 886361K->653522K(1163776K), 0.0202139 secs] [Times: user=0.02 sys=0.00, real=0.02 secs] 
1716.018: [GC (Allocation Failure) [PSYoungGen: 407088K->91194K(465920K)] 875955K->560327K(1163776K), 0.0118230 secs] [Times: user=0.03 sys=0.00, real=0.01 secs] 
1717.620: [GC (Allocation Failure) [PSYoungGen: 324154K->37748K(465920K)] 793287K->507190K(1163776K), 0.0087668 secs] [Times: user=0.02 sys=0.00, real=0.01 secs] 
1718.027: [GC (Allocation Failure) [PSYoungGen: 270708K->184687K(465920K)] 740150K->655382K(1163776K), 0.0201175 secs] [Times: user=0.02 sys=0.00, real=0.02 secs] 
1718.371: [GC (Allocation Failure) [PSYoungGen: 417647K->184655K(465920K)] 888342K->655631K(1163776K), 0.0200558 secs] [Times: user=0.02 sys=0.00, real=0.02 secs] 
1719.395: [GC (Allocation Failure) [PSYoungGen: 407215K->91644K(465920K)] 878192K->562886K(1163776K), 0.0127219 secs] [Times: user=0.02 sys=0.00, real=0.01 secs] 
1720.300: [GC (Allocation Failure) [PSYoungGen: 324604K->38037K(465920K)] 795846K->509585K(1163776K), 0.0063244 secs] [Times: user=0.01 sys=0.00, real=0.01 secs] 
1720.573: [GC (Allocation Failure) [PSYoungGen: 270997K->183787K(465920K)] 742545K->656588K(1163776K), 0.0200073 secs] [Times: user=0.02 sys=0.00, real=0.02 secs] 
1720.857: [GC (Allocation Failure) [PSYoungGen: 416747K->184655K(465920K)] 889548K->657729K(1163776K), 0.0200836 secs] [Times: user=0.03 sys=0.00, real=0.02 secs] 
1721.722: [GC (Allocation Failure) [PSYoungGen: 410078K->92255K(465920K)] 883152K->565594K(1163776K), 0.0142175 secs] [Times: user=0.02 sys=0.00, real=0.02 secs] 
1722.730: [GC (Allocation Failure) [PSYoungGen: 325215K->38066K(465920K)] 798554K->511713K(1163776K), 0.0053533 secs] [Times: user=0.01 sys=0.00, real=0.01 secs] 
1722.998: [GC (Allocation Failure) [PSYoungGen: 271026K->184590K(465920K)] 744673K->659483K(1163776K), 0.0201636 secs] [Times: user=0.02 sys=0.00, real=0.02 secs] 
1723.282: [GC (Allocation Failure) [PSYoungGen: 417550K->184783K(465920K)] 892443K->660085K(1163776K), 0.0202846 secs] [Times: user=0.02 sys=0.00, real=0.02 secs] 
1724.865: [GC (Allocation Failure) [PSYoungGen: 407307K->91371K(465920K)] 882609K->566809K(1163776K), 0.0184706 secs] [Times: user=0.04 sys=0.00, real=0.02 secs] 
1726.229: [GC (Allocation Failure) [PSYoungGen: 324331K->38037K(465920K)] 799769K->513775K(1163776K), 0.0065221 secs] [Times: user=0.02 sys=0.00, real=0.01 secs] 
1726.506: [GC (Allocation Failure) [PSYoungGen: 270997K->184687K(465920K)] 746735K->661807K(1163776K), 0.0202902 secs] [Times: user=0.03 sys=0.00, real=0.02 secs] 
1726.789: [GC (Allocation Failure) [PSYoungGen: 417647K->184719K(465920K)] 894767K->661992K(1163776K), 0.0202416 secs] [Times: user=0.02 sys=0.00, real=0.02 secs] 
1728.960: [GC (Allocation Failure) [PSYoungGen: 407308K->91323K(465920K)] 884580K->568861K(1163776K), 0.0263287 secs] [Times: user=0.06 sys=0.00, real=0.03 secs] 
1730.944: [GC (Allocation Failure) [PSYoungGen: 324283K->37877K(465920K)] 801821K->515728K(1163776K), 0.0069317 secs] [Times: user=0.01 sys=0.00, real=0.00 secs] 
1731.236: [GC (Allocation Failure) [PSYoungGen: 270837K->184141K(465920K)] 748688K->663246K(1163776K), 0.0201333 secs] [Times: user=0.03 sys=0.00, real=0.02 secs] 
1731.521: [GC (Allocation Failure) [PSYoungGen: 417101K->184430K(465920K)] 896206K->663808K(1163776K), 0.0200432 secs] [Times: user=0.02 sys=0.00, real=0.02 secs] 
1732.269: [GC (Allocation Failure) [PSYoungGen: 409484K->92271K(465920K)] 888863K->571785K(1163776K), 0.0120634 secs] [Times: user=0.03 sys=0.00, real=0.01 secs] 
1733.126: [GC (Allocation Failure) [PSYoungGen: 325231K->38037K(465920K)] 804745K->517850K(1163776K), 0.0054882 secs] [Times: user=0.01 sys=0.00, real=0.00 secs] 
1733.455: [GC (Allocation Failure) [PSYoungGen: 270997K->184815K(465920K)] 750810K->665881K(1163776K), 0.0203464 secs] [Times: user=0.03 sys=0.00, real=0.02 secs] 
1733.796: [GC (Allocation Failure) [PSYoungGen: 417775K->184655K(465920K)] 898841K->666122K(1163776K), 0.0202886 secs] [Times: user=0.03 sys=0.00, real=0.02 secs] 
1734.510: [GC (Allocation Failure) [PSYoungGen: 407077K->91194K(465920K)] 888544K->572799K(1163776K), 0.0120894 secs] [Times: user=0.02 sys=0.00, real=0.01 secs] 
1735.632: [GC (Allocation Failure) [PSYoungGen: 324154K->37809K(465920K)] 805759K->519726K(1163776K), 0.0053516 secs] [Times: user=0.01 sys=0.00, real=0.01 secs] 
1735.965: [GC (Allocation Failure) [PSYoungGen: 270769K->184687K(465920K)] 752686K->667985K(1163776K), 0.0204111 secs] [Times: user=0.03 sys=0.00, real=0.02 secs] 
1736.252: [GC (Allocation Failure) [PSYoungGen: 417647K->184687K(465920K)] 900945K->668138K(1163776K), 0.0202769 secs] [Times: user=0.02 sys=0.00, real=0.03 secs] 
1737.052: [GC (Allocation Failure) [PSYoungGen: 407252K->91644K(465920K)] 890703K->575360K(1163776K), 0.0117282 secs] [Times: user=0.02 sys=0.00, real=0.01 secs] 
1738.506: [GC (Allocation Failure) [PSYoungGen: 324604K->37844K(465920K)] 808320K->521870K(1163776K), 0.0070653 secs] [Times: user=0.01 sys=0.00, real=0.01 secs] 
1738.804: [GC (Allocation Failure) [PSYoungGen: 270804K->183787K(465920K)] 754830K->669074K(1163776K), 0.0200701 secs] [Times: user=0.03 sys=0.00, real=0.02 secs] 
1739.090: [GC (Allocation Failure) [PSYoungGen: 416747K->184430K(465920K)] 902034K->669998K(1163776K), 0.0202993 secs] [Times: user=0.03 sys=0.00, real=0.02 secs] 
1740.507: [GC (Allocation Failure) [PSYoungGen: 408241K->92769K(465920K)] 893810K->578602K(1163776K), 0.0121871 secs] [Times: user=0.02 sys=0.00, real=0.01 secs] 
1741.342: [GC (Allocation Failure) [PSYoungGen: 325729K->37906K(465920K)] 811562K->524053K(1163776K), 0.0054014 secs] [Times: user=0.01 sys=0.00, real=0.01 secs] 
1741.669: [GC (Allocation Failure) [PSYoungGen: 270866K->183658K(465920K)] 757013K->671059K(1163776K), 0.0201587 secs] [Times: user=0.03 sys=0.00, real=0.02 secs] 
1741.952: [GC (Allocation Failure) [PSYoungGen: 416618K->184398K(465920K)] 904019K->672079K(1163776K), 0.0200804 secs] [Times: user=0.03 sys=0.00, real=0.02 secs] 
1743.137: [GC (Allocation Failure) [PSYoungGen: 408456K->92769K(465920K)] 896138K->580716K(1163776K), 0.0254797 secs] [Times: user=0.05 sys=0.01, real=0.03 secs] 
1744.057: [GC (Allocation Failure) [PSYoungGen: 325729K->38037K(465920K)] 813676K->526294K(1163776K), 0.0053637 secs] [Times: user=0.01 sys=0.00, real=0.00 secs] 
1744.324: [GC (Allocation Failure) [PSYoungGen: 270997K->184462K(465920K)] 759254K->673972K(1163776K), 0.0200246 secs] [Times: user=0.02 sys=0.00, real=0.02 secs] 
1744.611: [GC (Allocation Failure) [PSYoungGen: 417422K->184526K(465920K)] 906932K->674446K(1163776K), 0.0200812 secs] [Times: user=0.03 sys=0.00, real=0.02 secs] 
1745.318: [GC (Allocation Failure) [PSYoungGen: 407374K->91709K(465920K)] 897294K->581773K(1163776K), 0.0117414 secs] [Times: user=0.03 sys=0.00, real=0.01 secs] 
1746.257: [GC (Allocation Failure) [PSYoungGen: 324669K->38005K(465920K)] 814733K->528379K(1163776K), 0.0063415 secs] [Times: user=0.01 sys=0.00, real=0.01 secs] 
1746.601: [GC (Allocation Failure) [PSYoungGen: 270965K->184687K(465920K)] 761339K->676314K(1163776K), 0.0203003 secs] [Times: user=0.03 sys=0.01, real=0.02 secs] 
1746.890: [GC (Allocation Failure) [PSYoungGen: 417647K->184655K(465920K)] 909274K->676563K(1163776K), 0.0200906 secs] [Times: user=0.03 sys=0.00, real=0.02 secs] 
1748.640: [GC (Allocation Failure) [PSYoungGen: 407248K->91355K(465920K)] 899156K->583529K(1163776K), 0.0160895 secs] [Times: user=0.04 sys=0.00, real=0.02 secs] 
1751.016: [GC (Allocation Failure) [PSYoungGen: 324315K->37266K(465920K)] 816489K->529757K(1163776K), 0.0074117 secs] [Times: user=0.02 sys=0.00, real=0.01 secs] 
1751.321: [GC (Allocation Failure) [PSYoungGen: 270226K->184687K(465920K)] 762717K->678432K(1163776K), 0.0201597 secs] [Times: user=0.02 sys=0.00, real=0.02 secs] 
1751.604: [GC (Allocation Failure) [PSYoungGen: 417647K->184687K(465920K)] 911392K->678713K(1163776K), 0.0200845 secs] [Times: user=0.03 sys=0.00, real=0.02 secs] 
1753.010: [GC (Allocation Failure) [PSYoungGen: 409804K->92094K(465920K)] 903830K->586393K(1163776K), 0.0134012 secs] [Times: user=0.02 sys=0.00, real=0.02 secs] 
1755.455: [GC (Allocation Failure) [PSYoungGen: 325054K->37234K(465920K)] 819353K->531841K(1163776K), 0.0078995 secs] [Times: user=0.02 sys=0.00, real=0.01 secs] 
1755.780: [GC (Allocation Failure) [PSYoungGen: 270194K->184687K(465920K)] 764801K->680675K(1163776K), 0.0206170 secs] [Times: user=0.02 sys=0.00, real=0.02 secs] 
1756.121: [GC (Allocation Failure) [PSYoungGen: 417647K->184687K(465920K)] 913635K->680828K(1163776K), 0.0202906 secs] [Times: user=0.03 sys=0.00, real=0.02 secs] 
1756.907: [GC (Allocation Failure) [PSYoungGen: 409793K->92142K(465920K)] 905934K->588548K(1163776K), 0.0130366 secs] [Times: user=0.02 sys=0.00, real=0.01 secs] 
1757.779: [GC (Allocation Failure) [PSYoungGen: 325102K->38037K(465920K)] 821508K->534741K(1163776K), 0.0065568 secs] [Times: user=0.01 sys=0.00, real=0.01 secs] 
1758.119: [GC (Allocation Failure) [PSYoungGen: 270997K->184815K(465920K)] 767701K->682765K(1163776K), 0.0201786 secs] [Times: user=0.03 sys=0.00, real=0.02 secs] 
1758.411: [GC (Allocation Failure) [PSYoungGen: 417775K->184687K(465920K)] 915725K->682917K(1163776K), 0.0202106 secs] [Times: user=0.03 sys=0.01, real=0.02 secs] 
1760.669: [GC (Allocation Failure) [PSYoungGen: 406631K->91178K(465920K)] 904862K->589682K(1163776K), 0.0153839 secs] [Times: user=0.03 sys=0.00, real=0.02 secs] 
1762.386: [GC (Allocation Failure) [PSYoungGen: 324138K->37748K(465920K)] 822642K->536562K(1163776K), 0.0077536 secs] [Times: user=0.02 sys=0.00, real=0.01 secs] 
1762.694: [GC (Allocation Failure) [PSYoungGen: 270708K->184430K(465920K)] 769522K->684625K(1163776K), 0.0203844 secs] [Times: user=0.02 sys=0.00, real=0.02 secs] 
1762.979: [GC (Allocation Failure) [PSYoungGen: 417390K->184526K(465920K)] 917585K->684874K(1163776K), 0.0202111 secs] [Times: user=0.03 sys=0.00, real=0.02 secs] 
1764.908: [GC (Allocation Failure) [PSYoungGen: 407588K->91966K(465920K)] 907936K->592587K(1163776K), 0.0165389 secs] [Times: user=0.03 sys=0.01, real=0.02 secs] 
1765.985: [GC (Allocation Failure) [PSYoungGen: 324926K->38037K(465920K)] 825547K->538976K(1163776K), 0.0054252 secs] [Times: user=0.01 sys=0.00, real=0.00 secs] 
1766.256: [GC (Allocation Failure) [PSYoungGen: 270997K->184462K(465920K)] 771936K->686654K(1163776K), 0.0203833 secs] [Times: user=0.03 sys=0.00, real=0.02 secs] 
1766.539: [GC (Allocation Failure) [PSYoungGen: 417422K->184558K(465920K)] 919614K->687032K(1163776K), 0.0202115 secs] [Times: user=0.03 sys=0.00, real=0.02 secs] 
1767.459: [GC (Allocation Failure) [PSYoungGen: 407132K->91757K(465920K)] 909605K->594503K(1163776K), 0.0121659 secs] [Times: user=0.02 sys=0.00, real=0.01 secs] 
1768.649: [GC (Allocation Failure) [PSYoungGen: 324717K->37909K(465920K)] 827463K->540977K(1163776K), 0.0053154 secs] [Times: user=0.01 sys=0.00, real=0.01 secs] 
1768.982: [GC (Allocation Failure) [PSYoungGen: 270869K->184430K(465920K)] 773937K->688880K(1163776K), 0.0202640 secs] [Times: user=0.03 sys=0.01, real=0.02 secs] 
1769.270: [GC (Allocation Failure) [PSYoungGen: 417390K->184590K(465920K)] 921840K->689193K(1163776K), 0.0201766 secs] [Times: user=0.03 sys=0.00, real=0.02 secs] 
1770.429: [GC (Allocation Failure) [PSYoungGen: 407134K->91885K(465920K)] 911737K->596761K(1163776K), 0.0153588 secs] [Times: user=0.03 sys=0.00, real=0.02 secs] 
1772.341: [GC (Allocation Failure) [PSYoungGen: 324845K->37652K(465920K)] 829721K->542829K(1163776K), 0.0066004 secs] [Times: user=0.02 sys=0.00, real=0.01 secs] 
1772.707: [GC (Allocation Failure) [PSYoungGen: 270612K->184430K(465920K)] 775789K->690981K(1163776K), 0.0202435 secs] [Times: user=0.03 sys=0.00, real=0.02 secs] 
1772.990: [GC (Allocation Failure) [PSYoungGen: 417390K->184526K(465920K)] 923941K->691230K(1163776K), 0.0202527 secs] [Times: user=0.02 sys=0.00, real=0.02 secs] 
1774.215: [GC (Allocation Failure) [PSYoungGen: 407585K->92126K(465920K)] 914289K->599104K(1163776K), 0.0185534 secs] [Times: user=0.03 sys=0.00, real=0.02 secs] 
1776.732: [GC (Allocation Failure) [PSYoungGen: 325086K->37620K(465920K)] 832064K->544905K(1163776K), 0.0082872 secs] [Times: user=0.02 sys=0.00, real=0.01 secs] 
1777.057: [GC (Allocation Failure) [PSYoungGen: 270580K->184430K(465920K)] 777865K->693097K(1163776K), 0.0202628 secs] [Times: user=0.03 sys=0.00, real=0.02 secs] 
1777.337: [GC (GCLocker Initiated GC) [PSYoungGen: 417390K->181827K(465920K)] 926057K->690647K(1163776K), 0.0199602 secs] [Times: user=0.02 sys=0.00, real=0.02 secs] 
1779.118: [GC (Allocation Failure) [PSYoungGen: 414787K->78393K(465920K)] 939994K->603873K(1163776K), 0.0194167 secs] [Times: user=0.03 sys=0.00, real=0.02 secs] 
1781.802: [GC (Allocation Failure) [PSYoungGen: 311353K->57313K(465920K)] 836833K->583018K(1163776K), 0.0091809 secs] [Times: user=0.02 sys=0.00, real=0.01 secs] 
1782.173: [GC (Allocation Failure) [PSYoungGen: 290273K->184301K(465920K)] 815978K->711388K(1163776K), 0.0201992 secs] [Times: user=0.03 sys=0.00, real=0.02 secs] 
1782.455: [GC (Allocation Failure) [PSYoungGen: 417261K->184622K(465920K)] 944348K->711991K(1163776K), 0.0203570 secs] [Times: user=0.02 sys=0.00, real=0.02 secs] 
1784.037: [GC (Allocation Failure) [PSYoungGen: 417582K->56207K(465920K)] 944951K->583719K(1163776K), 0.0154252 secs] [Times: user=0.03 sys=0.00, real=0.01 secs] 
1785.857: [GC (Allocation Failure) [PSYoungGen: 289167K->79936K(465920K)] 816679K->607766K(1163776K), 0.0116520 secs] [Times: user=0.02 sys=0.00, real=0.01 secs] 
1786.142: [GC (Allocation Failure) [PSYoungGen: 312896K->184044K(465920K)] 840726K->713249K(1163776K), 0.0203424 secs] [Times: user=0.03 sys=0.00, real=0.02 secs] 
1786.486: [GC (Allocation Failure) [PSYoungGen: 417004K->184076K(465920K)] 946209K->713425K(1163776K), 0.0202068 secs] [Times: user=0.02 sys=0.01, real=0.02 secs] 
1787.635: [GC (Allocation Failure) [PSYoungGen: 417036K->34342K(465920K)] 946385K->563964K(1163776K), 0.0067100 secs] [Times: user=0.01 sys=0.00, real=0.00 secs] 
1788.918: [GC (Allocation Failure) [PSYoungGen: 267302K->101431K(465920K)] 796924K->631359K(1163776K), 0.0120771 secs] [Times: user=0.02 sys=0.00, real=0.01 secs] 
1789.201: [GC (Allocation Failure) [PSYoungGen: 334391K->184205K(465920K)] 864319K->715386K(1163776K), 0.0201169 secs] [Times: user=0.02 sys=0.00, real=0.02 secs] 
1789.540: [GC (Allocation Failure) [PSYoungGen: 417165K->184558K(465920K)] 948346K->716021K(1163776K), 0.0203111 secs] [Times: user=0.03 sys=0.00, real=0.02 secs] 
1791.609: [GC (Allocation Failure) [PSYoungGen: 417518K->12236K(465920K)] 948981K->544092K(1163776K), 0.0081479 secs] [Times: user=0.02 sys=0.00, real=0.01 secs] 
1793.203: [GC (Allocation Failure) [PSYoungGen: 245196K->123698K(465920K)] 777052K->655741K(1163776K), 0.0140752 secs] [Times: user=0.02 sys=0.00, real=0.01 secs] 
1793.479: [GC (Allocation Failure) [PSYoungGen: 356658K->184301K(465920K)] 888701K->717598K(1163776K), 0.0201207 secs] [Times: user=0.02 sys=0.00, real=0.02 secs] 
1793.854: [GC (Allocation Failure) [PSYoungGen: 417261K->176319K(465920K)] 950558K->710026K(1163776K), 0.0220099 secs] [Times: user=0.03 sys=0.00, real=0.02 secs] 
1795.898: [GC (Allocation Failure) [PSYoungGen: 409279K->128K(465920K)] 942986K->535149K(1163776K), 0.0035676 secs] [Times: user=0.02 sys=0.00, real=0.00 secs] 
1797.052: [GC (Allocation Failure) [PSYoungGen: 233088K->145772K(465920K)] 768109K->680810K(1163776K), 0.0161640 secs] [Times: user=0.02 sys=0.00, real=0.02 secs] 
1797.331: [GC (Allocation Failure) [PSYoungGen: 378732K->184301K(465920K)] 913770K->720593K(1163776K), 0.0202280 secs] [Times: user=0.02 sys=0.00, real=0.02 secs] 
1798.393: [GC (Allocation Failure) [PSYoungGen: 417261K->160357K(465920K)] 953553K->696922K(1163776K), 0.0321364 secs] [Times: user=0.05 sys=0.00, real=0.03 secs] 
1801.280: [GC (Allocation Failure) [PSYoungGen: 393317K->160K(465920K)] 929882K->538176K(1163776K), 0.0040984 secs] [Times: user=0.02 sys=0.00, real=0.01 secs] 
1801.945: [GC (Allocation Failure) [PSYoungGen: 233120K->169806K(465920K)] 771136K->707846K(1163776K), 0.0186771 secs] [Times: user=0.03 sys=0.00, real=0.02 secs] 
1802.228: [GC (Allocation Failure) [PSYoungGen: 402766K->184783K(465920K)] 940806K->724077K(1163776K), 0.0202182 secs] [Times: user=0.03 sys=0.00, real=0.02 secs] 
1803.931: [GC (Allocation Failure) [PSYoungGen: 410246K->135809K(465920K)] 949540K->675384K(1163776K), 0.0380423 secs] [Times: user=0.06 sys=0.00, real=0.04 secs] 
1804.936: [GC (Allocation Failure) [PSYoungGen: 368769K->1762K(465920K)] 908344K->541644K(1163776K), 0.0027107 secs] [Times: user=0.01 sys=0.00, real=0.00 secs] 
1805.208: [GC (Allocation Failure) [PSYoungGen: 234722K->184141K(465920K)] 774604K->725269K(1163776K), 0.0203014 secs] [Times: user=0.03 sys=0.00, real=0.02 secs] 
1805.493: [GC (Allocation Failure) [PSYoungGen: 417101K->184590K(465920K)] 958229K->725999K(1163776K), 0.0202811 secs] [Times: user=0.03 sys=0.00, real=0.02 secs] 
1806.034: [GC (Allocation Failure) [PSYoungGen: 417550K->128305K(465920K)] 958959K->669979K(1163776K), 0.0147773 secs] [Times: user=0.02 sys=0.00, real=0.01 secs] 
1807.770: [GC (Allocation Failure) [PSYoungGen: 361265K->25442K(465920K)] 902939K->567418K(1163776K), 0.0065890 secs] [Times: user=0.01 sys=0.00, real=0.01 secs] 
1808.173: [GC (Allocation Failure) [PSYoungGen: 258402K->184430K(465920K)] 800378K->727667K(1163776K), 0.0201738 secs] [Times: user=0.03 sys=0.00, real=0.02 secs] 
1808.517: [GC (Allocation Failure) [PSYoungGen: 417390K->186357K(465920K)] 960627K->729868K(1163776K), 0.0203928 secs] [Times: user=0.02 sys=0.00, real=0.02 secs] 
1809.169: [GC (Allocation Failure) [PSYoungGen: 419317K->86136K(465920K)] 962828K->630049K(1163776K), 0.0130833 secs] [Times: user=0.03 sys=0.00, real=0.01 secs] 
1810.014: [GC (Allocation Failure) [PSYoungGen: 319096K->51433K(465920K)] 863009K->595516K(1163776K), 0.0067196 secs] [Times: user=0.02 sys=0.00, real=0.00 secs] 
1810.340: [GC (Allocation Failure) [PSYoungGen: 284393K->185811K(465920K)] 828476K->731148K(1163776K), 0.0203564 secs] [Times: user=0.03 sys=0.00, real=0.02 secs] 
1810.625: [GC (Allocation Failure) [PSYoungGen: 418771K->185843K(465920K)] 964108K->731461K(1163776K), 0.0202107 secs] [Times: user=0.02 sys=0.00, real=0.02 secs] 
1813.106: [GC (Allocation Failure) [PSYoungGen: 418803K->59259K(465920K)] 964421K->605150K(1163776K), 0.0126132 secs] [Times: user=0.03 sys=0.00, real=0.01 secs] 
1814.600: [GC (Allocation Failure) [PSYoungGen: 292219K->77751K(465920K)] 838110K->623956K(1163776K), 0.0094232 secs] [Times: user=0.02 sys=0.00, real=0.01 secs] 
1814.872: [GC (Allocation Failure) [PSYoungGen: 310711K->184558K(465920K)] 856916K->732017K(1163776K), 0.0202541 secs] [Times: user=0.03 sys=0.00, real=0.02 secs] 
1815.157: [GC (Allocation Failure) [PSYoungGen: 417518K->186293K(465920K)] 964977K->734025K(1163776K), 0.0204730 secs] [Times: user=0.02 sys=0.00, real=0.02 secs] 
1816.088: [GC (Allocation Failure) [PSYoungGen: 419253K->33699K(465920K)] 966985K->581695K(1163776K), 0.0058922 secs] [Times: user=0.01 sys=0.00, real=0.01 secs] 
1817.231: [GC (Allocation Failure) [PSYoungGen: 266659K->102299K(465920K)] 814655K->650611K(1163776K), 0.0118934 secs] [Times: user=0.02 sys=0.00, real=0.02 secs] 
1817.504: [GC (Allocation Failure) [PSYoungGen: 335259K->184205K(465920K)] 883571K->733770K(1163776K), 0.0201719 secs] [Times: user=0.03 sys=0.00, real=0.02 secs] 
1817.791: [GC (Allocation Failure) [PSYoungGen: 417165K->184558K(465920K)] 966730K->734549K(1163776K), 0.0203206 secs] [Times: user=0.02 sys=0.00, real=0.02 secs] 
1820.806: [GC (Allocation Failure) [PSYoungGen: 417518K->11304K(465920K)] 967509K->561560K(1163776K), 0.0053194 secs] [Times: user=0.02 sys=0.00, real=0.00 secs] 
1821.630: [GC (Allocation Failure) [PSYoungGen: 244264K->124308K(465920K)] 794520K->674744K(1163776K), 0.0141724 secs] [Times: user=0.02 sys=0.00, real=0.02 secs] 
1821.971: [GC (Allocation Failure) [PSYoungGen: 357268K->184141K(465920K)] 907704K->735830K(1163776K), 0.0203366 secs] [Times: user=0.03 sys=0.00, real=0.02 secs] 
1822.546: [GC (Allocation Failure) [PSYoungGen: 417101K->175805K(465920K)] 968790K->727775K(1163776K), 0.0258567 secs] [Times: user=0.03 sys=0.00, real=0.02 secs] 
1825.512: [GC (Allocation Failure) [PSYoungGen: 408765K->128K(465920K)] 960735K->553549K(1163776K), 0.0031218 secs] [Times: user=0.02 sys=0.00, real=0.01 secs] 
1826.237: [GC (Allocation Failure) [PSYoungGen: 233088K->145772K(465920K)] 786509K->699218K(1163776K), 0.0164394 secs] [Times: user=0.02 sys=0.00, real=0.02 secs] 
1826.517: [GC (Allocation Failure) [PSYoungGen: 378732K->184301K(465920K)] 932178K->739001K(1163776K), 0.0201750 secs] [Times: user=0.03 sys=0.00, real=0.02 secs] 
1827.290: [GC (Allocation Failure) [PSYoungGen: 417261K->160309K(465920K)] 971961K->715282K(1163776K), 0.0330900 secs] [Times: user=0.05 sys=0.00, real=0.04 secs] 
1829.993: [GC (Allocation Failure) [PSYoungGen: 393269K->128K(465920K)] 948242K->556548K(1163776K), 0.0087071 secs] [Times: user=0.04 sys=0.00, real=0.00 secs] 
1830.872: [GC (Allocation Failure) [PSYoungGen: 233088K->167621K(465920K)] 789508K->724073K(1163776K), 0.0185396 secs] [Times: user=0.02 sys=0.00, real=0.02 secs] 
1831.153: [GC (Allocation Failure) [PSYoungGen: 400581K->184430K(465920K)] 957033K->742136K(1163776K), 0.0201878 secs] [Times: user=0.03 sys=0.00, real=0.02 secs] 
1831.695: [GC (Allocation Failure) [PSYoungGen: 414313K->138364K(465920K)] 972018K->696463K(1163776K), 0.0183307 secs] [Times: user=0.03 sys=0.00, real=0.02 secs] 
1832.817: [GC (Allocation Failure) [PSYoungGen: 371258K->1665K(465920K)] 929358K->559946K(1163776K), 0.0026370 secs] [Times: user=0.01 sys=0.00, real=0.00 secs] 
1833.103: [GC (Allocation Failure) [PSYoungGen: 234625K->184687K(465920K)] 792906K->744222K(1163776K), 0.0202728 secs] [Times: user=0.03 sys=0.00, real=0.02 secs] 
1833.393: [GC (Allocation Failure) [PSYoungGen: 417647K->184430K(465920K)] 977182K->744246K(1163776K), 0.0201276 secs] [Times: user=0.03 sys=0.00, real=0.02 secs] 
1834.722: [GC (Allocation Failure) [PSYoungGen: 417390K->127984K(465920K)] 977206K->688073K(1163776K), 0.0229127 secs] [Times: user=0.04 sys=0.00, real=0.03 secs] 
1836.470: [GC (Allocation Failure) [PSYoungGen: 360944K->24639K(465920K)] 921033K->585043K(1163776K), 0.0052104 secs] [Times: user=0.02 sys=0.00, real=0.01 secs] 
1836.745: [GC (Allocation Failure) [PSYoungGen: 257599K->186486K(465920K)] 818003K->748144K(1163776K), 0.0204479 secs] [Times: user=0.03 sys=0.00, real=0.02 secs] 
1837.033: [GC (Allocation Failure) [PSYoungGen: 419446K->186036K(465920K)] 981104K->747976K(1163776K), 0.0203122 secs] [Times: user=0.02 sys=0.00, real=0.02 secs] 
1837.667: [GC (Allocation Failure) [PSYoungGen: 418996K->85108K(465920K)] 980936K->647313K(1163776K), 0.0103311 secs] [Times: user=0.01 sys=0.00, real=0.01 secs] 
1838.514: [GC (Allocation Failure) [PSYoungGen: 318068K->51757K(465920K)] 880273K->614287K(1163776K), 0.0081297 secs] [Times: user=0.01 sys=0.00, real=0.00 secs] 
1838.792: [GC (Allocation Failure) [PSYoungGen: 284717K->185940K(465920K)] 847247K->749724K(1163776K), 0.0206422 secs] [Times: user=0.02 sys=0.00, real=0.03 secs] 
1839.079: [GC (Allocation Failure) [PSYoungGen: 418900K->185843K(465920K)] 982684K->749908K(1163776K), 0.0205068 secs] [Times: user=0.02 sys=0.00, real=0.02 secs] 
1839.801: [GC (Allocation Failure) [PSYoungGen: 418803K->58793K(465920K)] 982868K->623131K(1163776K), 0.0087585 secs] [Times: user=0.02 sys=0.00, real=0.01 secs] 
1840.519: [GC (Allocation Failure) [PSYoungGen: 291753K->78137K(465920K)] 856091K->642784K(1163776K), 0.0095372 secs] [Times: user=0.02 sys=0.00, real=0.01 secs] 
1840.792: [GC (Allocation Failure) [PSYoungGen: 311097K->185811K(465920K)] 875744K->751712K(1163776K), 0.0204884 secs] [Times: user=0.02 sys=0.00, real=0.03 secs] 
1841.127: [GC (Allocation Failure) [PSYoungGen: 418771K->184462K(465920K)] 984672K->750644K(1163776K), 0.0203508 secs] [Times: user=0.02 sys=0.00, real=0.02 secs] 
1842.982: [GC (Allocation Failure) [PSYoungGen: 417422K->33924K(465920K)] 983604K->600371K(1163776K), 0.0106329 secs] [Times: user=0.03 sys=0.00, real=0.02 secs] 
1844.609: [GC (Allocation Failure) [PSYoungGen: 266884K->103231K(465920K)] 833331K->669983K(1163776K), 0.0119763 secs] [Times: user=0.02 sys=0.00, real=0.01 secs] 
1844.949: [GC (Allocation Failure) [PSYoungGen: 336191K->186100K(465920K)] 902943K->754107K(1163776K), 0.0205038 secs] [Times: user=0.03 sys=0.00, real=0.02 secs] 
1845.233: [GC (Allocation Failure) [PSYoungGen: 419060K->186036K(465920K)] 987067K->754323K(1163776K), 0.0204908 secs] [Times: user=0.02 sys=0.00, real=0.02 secs] 
1847.731: [GC (Allocation Failure) [PSYoungGen: 418996K->7095K(465920K)] 987283K->575647K(1163776K), 0.0040592 secs] [Times: user=0.01 sys=0.00, real=0.01 secs] 
1848.587: [GC (Allocation Failure) [PSYoungGen: 240055K->129321K(465920K)] 808607K->698189K(1163776K), 0.0145218 secs] [Times: user=0.03 sys=0.00, real=0.01 secs] 
1848.923: [GC (Allocation Failure) [PSYoungGen: 362281K->184301K(465920K)] 931149K->754423K(1163776K), 0.0201370 secs] [Times: user=0.03 sys=0.00, real=0.02 secs] 
1849.288: [GC (Allocation Failure) [PSYoungGen: 417261K->170648K(465920K)] 987383K->741043K(1163776K), 0.0223860 secs] [Times: user=0.04 sys=0.00, real=0.02 secs] 
1851.384: [GC (Allocation Failure) [PSYoungGen: 403608K->128K(465920K)] 974003K->571960K(1163776K), 0.0025495 secs] [Times: user=0.01 sys=0.00, real=0.00 secs] 
1852.276: [GC (Allocation Failure) [PSYoungGen: 233063K->152841K(465920K)] 804896K->724689K(1163776K), 0.0169523 secs] [Times: user=0.03 sys=0.00, real=0.02 secs] 
1852.554: [GC (Allocation Failure) [PSYoungGen: 385801K->183690K(465920K)] 957649K->756785K(1163776K), 0.0202111 secs] [Times: user=0.03 sys=0.00, real=0.02 secs] 
1853.152: [GC (Allocation Failure) [PSYoungGen: 416650K->153851K(465920K)] 989745K->727226K(1163776K), 0.0192136 secs] [Times: user=0.03 sys=0.00, real=0.02 secs] 
1854.965: [GC (Allocation Failure) [PSYoungGen: 386811K->160K(465920K)] 960186K->574972K(1163776K), 0.0027081 secs] [Times: user=0.01 sys=0.00, real=0.00 secs] 
1855.386: [GC (Allocation Failure) [PSYoungGen: 233120K->173533K(465920K)] 807932K->748370K(1163776K), 0.0190377 secs] [Times: user=0.02 sys=0.00, real=0.02 secs] 
1855.725: [GC (Allocation Failure) [PSYoungGen: 406493K->183658K(465920K)] 981330K->759749K(1163776K), 0.0203775 secs] [Times: user=0.02 sys=0.00, real=0.02 secs] 
1856.535: [GC (Allocation Failure) [PSYoungGen: 416618K->141383K(465920K)] 992709K->717754K(1163776K), 0.0211446 secs] [Times: user=0.04 sys=0.00, real=0.02 secs] 
1858.414: [GC (Allocation Failure) [PSYoungGen: 374343K->11047K(465920K)] 950714K->587733K(1163776K), 0.0038559 secs] [Times: user=0.01 sys=0.00, real=0.00 secs] 
1858.704: [GC (Allocation Failure) [PSYoungGen: 244007K->186357K(465920K)] 820693K->764304K(1163776K), 0.0204851 secs] [Times: user=0.03 sys=0.00, real=0.02 secs] 
1858.993: [GC (Allocation Failure) [PSYoungGen: 419317K->186004K(465920K)] 997264K->764360K(1163776K), 0.0204177 secs] [Times: user=0.03 sys=0.00, real=0.02 secs] 
1859.659: [GC (Allocation Failure) [PSYoungGen: 418964K->115437K(465920K)] 997320K->693930K(1163776K), 0.0138230 secs] [Times: user=0.02 sys=0.00, real=0.02 secs] 
1861.067: [GC (Allocation Failure) [PSYoungGen: 348397K->37909K(465920K)] 926890K->616709K(1163776K), 0.0066402 secs] [Times: user=0.02 sys=0.00, real=0.01 secs] 
1861.427: [GC (Allocation Failure) [PSYoungGen: 270869K->185940K(465920K)] 849669K->766115K(1163776K), 0.0207687 secs] [Times: user=0.03 sys=0.00, real=0.02 secs] 
1861.711: [GC (Allocation Failure) [PSYoungGen: 418900K->184558K(465920K)] 999075K->764878K(1163776K), 0.0203527 secs] [Times: user=0.02 sys=0.00, real=0.02 secs] 
1862.406: [GC (Allocation Failure) [PSYoungGen: 417518K->73959K(465920K)] 997838K->654551K(1163776K), 0.0113054 secs] [Times: user=0.02 sys=0.00, real=0.01 secs] 
1863.202: [GC (Allocation Failure) [PSYoungGen: 306919K->63228K(465920K)] 887511K->644136K(1163776K), 0.0098552 secs] [Times: user=0.02 sys=0.00, real=0.01 secs] 
1863.534: [GC (Allocation Failure) [PSYoungGen: 296188K->186357K(465920K)] 877096K->768519K(1163776K), 0.0204721 secs] [Times: user=0.03 sys=0.00, real=0.02 secs] 
1863.819: [GC (Allocation Failure) [PSYoungGen: 419317K->186004K(465920K)] 1001479K->768447K(1163776K), 0.0205270 secs] [Times: user=0.03 sys=0.00, real=0.02 secs] 
1865.729: [GC (Allocation Failure) [PSYoungGen: 418964K->46808K(465920K)] 1001407K->629524K(1163776K), 0.0092118 secs] [Times: user=0.02 sys=0.00, real=0.01 secs] 
1867.462: [GC (Allocation Failure) [PSYoungGen: 279768K->89511K(465920K)] 862484K->672536K(1163776K), 0.0113855 secs] [Times: user=0.02 sys=0.00, real=0.02 secs] 
1867.802: [GC (Allocation Failure) [PSYoungGen: 322471K->185940K(465920K)] 905496K->770227K(1163776K), 0.0206234 secs] [Times: user=0.03 sys=0.00, real=0.02 secs] 
1868.090: [GC (Allocation Failure) [PSYoungGen: 418900K->185972K(465920K)] 1003187K->770532K(1163776K), 0.0204216 secs] [Times: user=0.03 sys=0.00, real=0.02 secs] 
1869.885: [GC (Allocation Failure) [PSYoungGen: 418932K->20975K(465920K)] 1003492K->605929K(1163776K), 0.0068760 secs] [Times: user=0.02 sys=0.00, real=0.00 secs] 
1870.881: [GC (Allocation Failure) [PSYoungGen: 253935K->115183K(465920K)] 838889K->700306K(1163776K), 0.0134855 secs] [Times: user=0.02 sys=0.00, real=0.02 secs] 
1871.214: [GC (Allocation Failure) [PSYoungGen: 348143K->184301K(465920K)] 933266K->770678K(1163776K), 0.0202468 secs] [Times: user=0.03 sys=0.00, real=0.02 secs] 
1871.832: [GC (Allocation Failure) [PSYoungGen: 417261K->182770K(465920K)] 1003638K->769419K(1163776K), 0.0259050 secs] [Times: user=0.04 sys=0.00, real=0.03 secs] 
1874.859: [GC (Allocation Failure) [PSYoungGen: 415730K->128K(465920K)] 1002379K->588223K(1163776K), 0.0056487 secs] [Times: user=0.03 sys=0.00, real=0.01 secs] 
1876.116: [GC (Allocation Failure) [PSYoungGen: 233088K->134687K(465920K)] 821183K->722806K(1163776K), 0.0153973 secs] [Times: user=0.02 sys=0.00, real=0.01 secs] 
1876.450: [GC (Allocation Failure) [PSYoungGen: 367647K->183787K(465920K)] 955766K->773160K(1163776K), 0.0203968 secs] [Times: user=0.03 sys=0.00, real=0.02 secs] 
1876.891: [GC (Allocation Failure) [PSYoungGen: 416747K->165684K(465920K)] 1006120K->755338K(1163776K), 0.0230973 secs] [Times: user=0.03 sys=0.00, real=0.03 secs] 
1878.854: [GC (Allocation Failure) [PSYoungGen: 398644K->192K(465920K)] 988298K->591291K(1163776K), 0.0029253 secs] [Times: user=0.01 sys=0.00, real=0.00 secs] 
1879.429: [GC (Allocation Failure) [PSYoungGen: 233032K->156182K(465920K)] 824131K->747306K(1163776K), 0.0174830 secs] [Times: user=0.03 sys=0.00, real=0.02 secs] 
1879.764: [GC (Allocation Failure) [PSYoungGen: 389142K->184301K(465920K)] 980266K->776678K(1163776K), 0.0209340 secs] [Times: user=0.03 sys=0.00, real=0.02 secs] 
1880.404: [GC (Allocation Failure) [PSYoungGen: 417261K->149947K(465920K)] 1009638K->742597K(1163776K), 0.0214629 secs] [Times: user=0.03 sys=0.00, real=0.02 secs] 
1881.845: [GC (Allocation Failure) [PSYoungGen: 382907K->128K(465920K)] 975557K->594218K(1163776K), 0.0040045 secs] [Times: user=0.02 sys=0.00, real=0.00 secs] 
1882.252: [GC (Allocation Failure) [PSYoungGen: 233088K->178320K(465920K)] 827178K->772427K(1163776K), 0.0195770 secs] [Times: user=0.03 sys=0.00, real=0.02 secs] 
1882.583: [GC (Allocation Failure) [PSYoungGen: 411280K->184044K(465920K)] 1005387K->779404K(1163776K), 0.0202998 secs] [Times: user=0.02 sys=0.00, real=0.02 secs] 
1883.088: [GC (Allocation Failure) [PSYoungGen: 417004K->136258K(465920K)] 1012364K->731891K(1163776K), 0.0167600 secs] [Times: user=0.02 sys=0.00, real=0.02 secs] 
1884.027: [GC (Allocation Failure) [PSYoungGen: 369218K->16831K(465920K)] 964851K->612782K(1163776K), 0.0043451 secs] [Times: user=0.01 sys=0.00, real=0.00 secs] 
1884.300: [GC (Allocation Failure) [PSYoungGen: 249791K->184944K(465920K)] 845742K->782148K(1163776K), 0.0203078 secs] [Times: user=0.03 sys=0.00, real=0.02 secs] 
1884.582: [GC (Allocation Failure) [PSYoungGen: 417904K->184301K(465920K)] 1015108K->781787K(1163776K), 0.0201607 secs] [Times: user=0.03 sys=0.00, real=0.03 secs] 
1885.723: [GC (Allocation Failure) [PSYoungGen: 417261K->112738K(465920K)] 1014747K->710617K(1163776K), 0.0289303 secs] [Times: user=0.06 sys=0.00, real=0.02 secs] 
1886.775: [GC (Allocation Failure) [PSYoungGen: 345698K->39994K(465920K)] 943577K->638054K(1163776K), 0.0057057 secs] [Times: user=0.01 sys=0.00, real=0.00 secs] 
1887.046: [GC (Allocation Failure) [PSYoungGen: 272954K->183787K(465920K)] 871014K->783093K(1163776K), 0.0202824 secs] [Times: user=0.02 sys=0.00, real=0.02 secs] 
1887.328: [GC (Allocation Failure) [PSYoungGen: 416747K->184269K(465920K)] 1016053K->783856K(1163776K), 0.0202148 secs] [Times: user=0.03 sys=0.00, real=0.02 secs] 
1888.869: [GC (Allocation Failure) [PSYoungGen: 417229K->74376K(465920K)] 1016816K->674228K(1163776K), 0.0150406 secs] [Times: user=0.03 sys=0.00, real=0.02 secs] 
1890.669: [GC (Allocation Failure) [PSYoungGen: 307336K->61171K(465920K)] 907188K->661339K(1163776K), 0.0094978 secs] [Times: user=0.02 sys=0.00, real=0.01 secs] 
1891.039: [GC (Allocation Failure) [PSYoungGen: 294131K->184173K(465920K)] 894299K->785714K(1163776K), 0.0203784 secs] [Times: user=0.03 sys=0.00, real=0.02 secs] 
1891.378: [GC (Allocation Failure) [PSYoungGen: 417133K->184205K(465920K)] 1018674K->785899K(1163776K), 0.0203577 secs] [Times: user=0.03 sys=0.00, real=0.02 secs] 
1892.461: [GC (Allocation Failure) [PSYoungGen: 417165K->52849K(465920K)] 1018859K->654937K(1163776K), 0.0091095 secs] [Times: user=0.02 sys=0.00, real=0.01 secs] 
1893.231: [GC (Allocation Failure) [PSYoungGen: 285809K->83406K(465920K)] 887897K->685665K(1163776K), 0.0102598 secs] [Times: user=0.02 sys=0.00, real=0.01 secs] 
1893.560: [GC (Allocation Failure) [PSYoungGen: 316366K->184173K(465920K)] 918625K->787685K(1163776K), 0.0202643 secs] [Times: user=0.03 sys=0.00, real=0.02 secs] 
1893.842: [GC (Allocation Failure) [PSYoungGen: 417133K->184398K(465920K)] 1020645K->788320K(1163776K), 0.0202618 secs] [Times: user=0.02 sys=0.00, real=0.02 secs] 
1896.548: [GC (Allocation Failure) [PSYoungGen: 417358K->30357K(465920K)] 1021280K->634416K(1163776K), 0.0123638 secs] [Times: user=0.03 sys=0.00, real=0.01 secs] 
1897.740: [GC (Allocation Failure) [PSYoungGen: 263317K->106090K(465920K)] 867376K->710454K(1163776K), 0.0141644 secs] [Times: user=0.02 sys=0.00, real=0.02 secs] 
1898.019: [GC (Allocation Failure) [PSYoungGen: 339050K->184430K(465920K)] 943414K->790048K(1163776K), 0.0203377 secs] [Times: user=0.03 sys=0.00, real=0.02 secs] 
1898.301: [GC (Allocation Failure) [PSYoungGen: 417390K->184558K(465920K)] 1023008K->790457K(1163776K), 0.0202998 secs] [Times: user=0.03 sys=0.00, real=0.02 secs] 
1899.660: [GC (Allocation Failure) [PSYoungGen: 417518K->7352K(465920K)] 1023417K->613516K(1163776K), 0.0055088 secs] [Times: user=0.02 sys=0.00, real=0.01 secs] 
1900.607: [GC (Allocation Failure) [PSYoungGen: 240312K->129064K(465920K)] 846476K->735546K(1163776K), 0.0146395 secs] [Times: user=0.02 sys=0.00, real=0.01 secs] 
1900.882: [GC (Allocation Failure) [PSYoungGen: 362024K->184044K(465920K)] 968506K->791779K(1163776K), 0.0201995 secs] [Times: user=0.03 sys=0.00, real=0.02 secs] 
1901.438: [GC (Allocation Failure) [PSYoungGen: 417004K->173194K(465920K)] 1024739K->781195K(1163776K), 0.0216453 secs] [Times: user=0.03 sys=0.00, real=0.02 secs] 
1904.075: [GC (Allocation Failure) [PSYoungGen: 406154K->96K(465920K)] 1014155K->609542K(1163776K), 0.0029027 secs] [Times: user=0.01 sys=0.00, real=0.00 secs] 
1905.052: [GC (Allocation Failure) [PSYoungGen: 233056K->150399K(465920K)] 842502K->759861K(1163776K), 0.0168235 secs] [Times: user=0.03 sys=0.00, real=0.02 secs] 
1905.330: [GC (Allocation Failure) [PSYoungGen: 383359K->184430K(465920K)] 992821K->795137K(1163776K), 0.0203344 secs] [Times: user=0.03 sys=0.00, real=0.02 secs] 
1905.764: [GC (Allocation Failure) [PSYoungGen: 417390K->155570K(465920K)] 1028097K->766550K(1163776K), 0.0190504 secs] [Times: user=0.02 sys=0.00, real=0.02 secs] 
1907.109: [GC (Allocation Failure) [PSYoungGen: 388530K->128K(465920K)] 999510K->612548K(1163776K), 0.0027040 secs] [Times: user=0.01 sys=0.00, real=0.00 secs] 
1907.531: [GC (Allocation Failure) [PSYoungGen: 233088K->172826K(465920K)] 845508K->785278K(1163776K), 0.0190314 secs] [Times: user=0.02 sys=0.00, real=0.02 secs] 
1907.811: [GC (Allocation Failure) [PSYoungGen: 405786K->184430K(465920K)] 1018238K->798264K(1163776K), 0.0203440 secs] [Times: user=0.03 sys=0.00, real=0.02 secs] 
1908.680: [GC (Allocation Failure) [PSYoungGen: 417390K->141399K(465920K)] 1031224K->755498K(1163776K), 0.0376702 secs] [Times: user=0.07 sys=0.00, real=0.04 secs] 
1910.527: [GC (Allocation Failure) [PSYoungGen: 374359K->11304K(465920K)] 988458K->625569K(1163776K), 0.0037793 secs] [Times: user=0.01 sys=0.00, real=0.00 secs] 
1910.811: [GC (Allocation Failure) [PSYoungGen: 244264K->186325K(465920K)] 858529K->801844K(1163776K), 0.0206808 secs] [Times: user=0.03 sys=0.00, real=0.02 secs] 
1911.096: [GC (Allocation Failure) [PSYoungGen: 419285K->184847K(465920K)] 1034804K->800647K(1163776K), 0.0202791 secs] [Times: user=0.02 sys=0.00, real=0.02 secs] 
1912.002: [GC (Allocation Failure) [PSYoungGen: 417807K->116337K(465920K)] 1033607K->732401K(1163776K), 0.0230825 secs] [Times: user=0.06 sys=0.00, real=0.03 secs] 
1913.789: [GC (Allocation Failure) [PSYoungGen: 349297K->35724K(465920K)] 965361K->652088K(1163776K), 0.0065860 secs] [Times: user=0.02 sys=0.00, real=0.01 secs] 
1914.152: [GC (Allocation Failure) [PSYoungGen: 268684K->186357K(465920K)] 885048K->803975K(1163776K), 0.0205617 secs] [Times: user=0.02 sys=0.00, real=0.03 secs] 
1914.436: [GC (Allocation Failure) [PSYoungGen: 419317K->186036K(465920K)] 1036935K->804063K(1163776K), 0.0205861 secs] [Times: user=0.03 sys=0.00, real=0.02 secs] 
1915.156: [GC (Allocation Failure) [PSYoungGen: 418996K->74312K(465920K)] 1037023K->692476K(1163776K), 0.0114727 secs] [Times: user=0.02 sys=0.01, real=0.01 secs] 
1915.947: [GC (Allocation Failure) [PSYoungGen: 307272K->62039K(465920K)] 925436K->680505K(1163776K), 0.0079211 secs] [Times: user=0.02 sys=0.00, real=0.01 secs] 
1916.219: [GC (Allocation Failure) [PSYoungGen: 294999K->186357K(465920K)] 913465K->806077K(1163776K), 0.0206398 secs] [Times: user=0.03 sys=0.00, real=0.02 secs] 
1916.561: [GC (Allocation Failure) [PSYoungGen: 419317K->185940K(465920K)] 1039037K->805940K(1163776K), 0.0205114 secs] [Times: user=0.02 sys=0.00, real=0.02 secs] 
1917.332: [GC (Allocation Failure) [PSYoungGen: 418900K->47965K(465920K)] 1038900K->668230K(1163776K), 0.0076742 secs] [Times: user=0.02 sys=0.00, real=0.01 secs] 
1918.002: [GC (Allocation Failure) [PSYoungGen: 280925K->89350K(465920K)] 901190K->709921K(1163776K), 0.0107445 secs] [Times: user=0.02 sys=0.00, real=0.01 secs] 
1918.276: [GC (Allocation Failure) [PSYoungGen: 322310K->186229K(465920K)] 942881K->808054K(1163776K), 0.0205803 secs] [Times: user=0.03 sys=0.00, real=0.02 secs] 
1918.565: [GC (Allocation Failure) [PSYoungGen: 419189K->185843K(465920K)] 1041014K->807949K(1163776K), 0.0205298 secs] [Times: user=0.02 sys=0.00, real=0.02 secs] 
1921.298: [GC (Allocation Failure) [PSYoungGen: 418803K->20943K(465920K)] 1040909K->643322K(1163776K), 0.0068822 secs] [Times: user=0.02 sys=0.00, real=0.01 secs] 
1922.192: [GC (Allocation Failure) [PSYoungGen: 253903K->114827K(465920K)] 876282K->737519K(1163776K), 0.0152456 secs] [Times: user=0.02 sys=0.00, real=0.02 secs] 
1922.559: [GC (Allocation Failure) [PSYoungGen: 347787K->184173K(465920K)] 970479K->808119K(1163776K), 0.0204467 secs] [Times: user=0.02 sys=0.00, real=0.02 secs] 
1922.840: [GC (Allocation Failure) [PSYoungGen: 417133K->181956K(465920K)] 1041079K->806311K(1163776K), 0.0201665 secs] [Times: user=0.03 sys=0.00, real=0.02 secs] 
1923.923: [GC (Allocation Failure) [PSYoungGen: 414916K->1408K(465920K)] 1039271K->625795K(1163776K), 0.0027628 secs] [Times: user=0.01 sys=0.00, real=0.00 secs] 
1924.411: [GC (Allocation Failure) [PSYoungGen: 234368K->135361K(465920K)] 858755K->759934K(1163776K), 0.0152801 secs] [Times: user=0.02 sys=0.00, real=0.02 secs] 
1924.748: [GC (Allocation Failure) [PSYoungGen: 368321K->184558K(465920K)] 992894K->810385K(1163776K), 0.0204354 secs] [Times: user=0.02 sys=0.00, real=0.02 secs] 
1925.645: [GC (Allocation Failure) [PSYoungGen: 417518K->166414K(465920K)] 1043345K->792522K(1163776K), 0.0300791 secs] [Times: user=0.05 sys=0.00, real=0.03 secs] 
1928.274: [GC (Allocation Failure) [PSYoungGen: 399374K->128K(465920K)] 1025482K->627679K(1163776K), 0.0033349 secs] [Times: user=0.02 sys=0.00, real=0.00 secs] 
1928.830: [GC (Allocation Failure) [PSYoungGen: 233088K->159909K(465920K)] 860639K->787493K(1163776K), 0.0178448 secs] [Times: user=0.02 sys=0.00, real=0.02 secs] 
1929.112: [GC (Allocation Failure) [PSYoungGen: 392869K->186100K(465920K)] 1020453K->814938K(1163776K), 0.0205450 secs] [Times: user=0.03 sys=0.00, real=0.02 secs] 
1929.897: [GC (Allocation Failure) [PSYoungGen: 419060K->144356K(465920K)] 1047898K->773474K(1163776K), 0.0264874 secs] [Times: user=0.04 sys=0.00, real=0.03 secs] 
1931.952: [GC (Allocation Failure) [PSYoungGen: 377316K->192K(465920K)] 1006434K->629620K(1163776K), 0.0028833 secs] [Times: user=0.01 sys=0.00, real=0.01 secs] 
1932.256: [GC (Allocation Failure) [PSYoungGen: 233152K->183943K(465920K)] 862580K->813404K(1163776K), 0.0204011 secs] [Times: user=0.02 sys=0.00, real=0.02 secs] 
1932.547: [GC (Allocation Failure) [PSYoungGen: 416903K->184687K(465920K)] 1046364K->815401K(1163776K), 0.0203455 secs] [Times: user=0.02 sys=0.00, real=0.02 secs] 
1933.569: [GC (Allocation Failure) [PSYoungGen: 417647K->129928K(465920K)] 1048361K->760923K(1163776K), 0.0168440 secs] [Times: user=0.03 sys=0.00, real=0.02 secs] 
1934.595: [GC (Allocation Failure) [PSYoungGen: 362888K->22229K(465920K)] 993883K->653526K(1163776K), 0.0048551 secs] [Times: user=0.01 sys=0.00, real=0.00 secs] 
1934.867: [GC (Allocation Failure) [PSYoungGen: 255189K->185329K(465920K)] 886486K->817880K(1163776K), 0.0204380 secs] [Times: user=0.02 sys=0.00, real=0.02 secs] 
1935.151: [GC (Allocation Failure) [PSYoungGen: 418289K->184847K(465920K)] 1050840K->817671K(1163776K), 0.0205165 secs] [Times: user=0.03 sys=0.00, real=0.02 secs] 
1937.888: [GC (Allocation Failure) [PSYoungGen: 417807K->106424K(465920K)] 1050631K->739392K(1163776K), 0.0183231 secs] [Times: user=0.03 sys=0.00, real=0.02 secs] 
1941.070: [GC (Allocation Failure) [PSYoungGen: 339384K->42793K(465920K)] 972352K->676068K(1163776K), 0.0079914 secs] [Times: user=0.02 sys=0.00, real=0.01 secs] 
1941.439: [GC (Allocation Failure) [PSYoungGen: 275753K->184783K(465920K)] 909028K->819305K(1163776K), 0.0205564 secs] [Times: user=0.02 sys=0.00, real=0.02 secs] 
1941.776: [GC (Allocation Failure) [PSYoungGen: 417743K->184526K(465920K)] 1052265K->819329K(1163776K), 0.0204643 secs] [Times: user=0.03 sys=0.00, real=0.02 secs] 
1943.745: [GC (Allocation Failure) [PSYoungGen: 417486K->70168K(465920K)] 1052289K->705243K(1163776K), 0.0136310 secs] [Times: user=0.03 sys=0.00, real=0.01 secs] 
1945.711: [GC (Allocation Failure) [PSYoungGen: 303128K->65956K(465920K)] 938203K->701347K(1163776K), 0.0084736 secs] [Times: user=0.02 sys=0.00, real=0.01 secs] 
1946.043: [GC (Allocation Failure) [PSYoungGen: 298916K->183658K(465920K)] 934307K->820303K(1163776K), 0.0204832 secs] [Times: user=0.02 sys=0.00, real=0.02 secs] 
1946.335: [GC (Allocation Failure) [PSYoungGen: 416618K->184687K(465920K)] 1053263K->821613K(1163776K), 0.0205229 secs] [Times: user=0.03 sys=0.00, real=0.02 secs] 
1948.234: [GC (Allocation Failure) [PSYoungGen: 417647K->48094K(465920K)] 1054573K->685292K(1163776K), 0.0136153 secs] [Times: user=0.03 sys=0.00, real=0.01 secs] 
1950.398: [GC (Allocation Failure) [PSYoungGen: 281054K->87936K(465920K)] 918252K->725443K(1163776K), 0.0124069 secs] [Times: user=0.02 sys=0.00, real=0.01 secs] 
1950.678: [GC (Allocation Failure) [PSYoungGen: 320896K->184301K(465920K)] 958403K->823061K(1163776K), 0.0204761 secs] [Times: user=0.03 sys=0.00, real=0.02 secs] 
1951.017: [GC (Allocation Failure) [PSYoungGen: 417261K->184141K(465920K)] 1056021K->823182K(1163776K), 0.0204256 secs] [Times: user=0.03 sys=0.00, real=0.02 secs] 
1953.228: [GC (Allocation Failure) [PSYoungGen: 417101K->26020K(465920K)] 1056142K->665326K(1163776K), 0.0096432 secs] [Times: user=0.03 sys=0.00, real=0.01 secs] 
1954.599: [GC (Allocation Failure) [PSYoungGen: 258980K->109785K(465920K)] 898286K->749397K(1163776K), 0.0128338 secs] [Times: user=0.02 sys=0.00, real=0.01 secs] 
1954.873: [GC (Allocation Failure) [PSYoungGen: 342745K->184173K(465920K)] 982357K->825167K(1163776K), 0.0203198 secs] [Times: user=0.03 sys=0.00, real=0.02 secs] 
1955.157: [GC (Allocation Failure) [PSYoungGen: 417133K->184558K(465920K)] 1058127K->825705K(1163776K), 0.0203604 secs] [Times: user=0.03 sys=0.00, real=0.02 secs] 
1956.338: [GC (Allocation Failure) [PSYoungGen: 417518K->3881K(465920K)] 1058665K->645422K(1163776K), 0.0029973 secs] [Times: user=0.01 sys=0.00, real=0.00 secs] 
1956.908: [GC (Allocation Failure) [PSYoungGen: 236841K->132277K(465920K)] 878382K->774010K(1163776K), 0.0150415 secs] [Times: user=0.02 sys=0.00, real=0.02 secs] 
1957.185: [GC (Allocation Failure) [PSYoungGen: 365237K->184333K(465920K)] 1006970K->827320K(1163776K), 0.0207599 secs] [Times: user=0.02 sys=0.00, real=0.02 secs] 
1957.760: [GC (Allocation Failure) [PSYoungGen: 417293K->169724K(465920K)] 1060280K->813113K(1163776K), 0.0226836 secs] [Times: user=0.03 sys=0.00, real=0.02 secs] 
1959.501: [GC (Allocation Failure) [PSYoungGen: 402684K->128K(465920K)] 1046073K->644824K(1163776K), 0.0027557 secs] [Times: user=0.01 sys=0.00, real=0.01 secs] 
1959.912: [GC (Allocation Failure) [PSYoungGen: 233088K->154640K(465920K)] 877784K->799352K(1163776K), 0.0173303 secs] [Times: user=0.02 sys=0.00, real=0.02 secs] 
1960.191: [GC (Allocation Failure) [PSYoungGen: 387600K->184430K(465920K)] 1032312K->830395K(1163776K), 0.0203826 secs] [Times: user=0.03 sys=0.00, real=0.02 secs] 
1961.979: [GC (Allocation Failure) [PSYoungGen: 417390K->151328K(465920K)] 1063355K->797559K(1163776K), 0.0400713 secs] [Times: user=0.06 sys=0.00, real=0.04 secs] 
1964.632: [GC (Allocation Failure) [PSYoungGen: 384288K->128K(465920K)] 1030519K->647798K(1163776K), 0.0034499 secs] [Times: user=0.02 sys=0.00, real=0.01 secs] 
1965.051: [GC (Allocation Failure) [PSYoungGen: 233088K->176360K(465920K)] 880758K->824055K(1163776K), 0.0194142 secs] [Times: user=0.03 sys=0.00, real=0.02 secs] 
1965.334: [GC (Allocation Failure) [PSYoungGen: 409320K->184012K(465920K)] 1057015K->832961K(1163776K), 0.0203758 secs] [Times: user=0.03 sys=0.00, real=0.02 secs] 
1966.212: [GC (Allocation Failure) [PSYoungGen: 416972K->138170K(465920K)] 1065921K->787391K(1163776K), 0.0191627 secs] [Times: user=0.03 sys=0.00, real=0.02 secs] 
1968.111: [GC (Allocation Failure) [PSYoungGen: 371130K->13904K(465920K)] 1020351K->663425K(1163776K), 0.0045493 secs] [Times: user=0.01 sys=0.00, real=0.01 secs] 
1968.410: [GC (Allocation Failure) [PSYoungGen: 246864K->186357K(465920K)] 896385K->837140K(1163776K), 0.0206197 secs] [Times: user=0.02 sys=0.00, real=0.02 secs] 
1968.693: [GC (Allocation Failure) [PSYoungGen: 419317K->184783K(465920K)] 1070100K->835847K(1163776K), 0.0203922 secs] [Times: user=0.03 sys=0.00, real=0.02 secs] 
1969.339: [GC (Allocation Failure) [PSYoungGen: 417743K->113750K(465920K)] 1068807K->765079K(1163776K), 0.0142184 secs] [Times: user=0.03 sys=0.01, real=0.02 secs] 
1970.360: [GC (Allocation Failure) [PSYoungGen: 346710K->38937K(465920K)] 998039K->690574K(1163776K), 0.0056399 secs] [Times: user=0.01 sys=0.00, real=0.01 secs] 
1970.630: [GC (Allocation Failure) [PSYoungGen: 271897K->186229K(465920K)] 923534K->839248K(1163776K), 0.0206225 secs] [Times: user=0.02 sys=0.00, real=0.02 secs] 
1970.913: [GC (Allocation Failure) [PSYoungGen: 419189K->184815K(465920K)] 1072208K->837987K(1163776K), 0.0203791 secs] [Times: user=0.03 sys=0.00, real=0.02 secs] 
1972.201: [GC (Allocation Failure) [PSYoungGen: 417775K->72416K(465920K)] 1070947K->725989K(1163776K), 0.0181746 secs] [Times: user=0.03 sys=0.01, real=0.02 secs] 
1973.644: [GC (Allocation Failure) [PSYoungGen: 305376K->63485K(465920K)] 958949K->717231K(1163776K), 0.0086056 secs] [Times: user=0.01 sys=0.00, real=0.00 secs] 
1973.981: [GC (Allocation Failure) [PSYoungGen: 296445K->186357K(465920K)] 950191K->841357K(1163776K), 0.0207877 secs] [Times: user=0.03 sys=0.00, real=0.02 secs] 
1974.269: [GC (Allocation Failure) [PSYoungGen: 419317K->186068K(465920K)] 1074317K->841349K(1163776K), 0.0205564 secs] [Times: user=0.02 sys=0.00, real=0.02 secs] 
1975.199: [GC (Allocation Failure) [PSYoungGen: 419028K->46391K(465920K)] 1074309K->702065K(1163776K), 0.0083635 secs] [Times: user=0.02 sys=0.00, real=0.01 secs] 
1975.888: [GC (Allocation Failure) [PSYoungGen: 279351K->91149K(465920K)] 935025K->747015K(1163776K), 0.0108522 secs] [Times: user=0.01 sys=0.00, real=0.01 secs] 
1976.222: [GC (Allocation Failure) [PSYoungGen: 324109K->185715K(465920K)] 979975K->842963K(1163776K), 0.0206185 secs] [Times: user=0.03 sys=0.00, real=0.02 secs] 
1976.574: [GC (Allocation Failure) [PSYoungGen: 418675K->185811K(465920K)] 1075923K->843212K(1163776K), 0.0205560 secs] [Times: user=0.03 sys=0.00, real=0.02 secs] 
1977.514: [GC (Allocation Failure) [PSYoungGen: 418771K->19690K(465920K)] 1076172K->677355K(1163776K), 0.0039230 secs] [Times: user=0.01 sys=0.00, real=0.00 secs] 
1978.072: [GC (Allocation Failure) [PSYoungGen: 252650K->115954K(465920K)] 910315K->773942K(1163776K), 0.0133993 secs] [Times: user=0.02 sys=0.00, real=0.02 secs] 
1978.347: [GC (Allocation Failure) [PSYoungGen: 348914K->184173K(465920K)] 1006902K->843413K(1163776K), 0.0203395 secs] [Times: user=0.02 sys=0.00, real=0.02 secs] 
1978.737: [GC (Allocation Failure) [PSYoungGen: 417133K->182655K(465920K)] 1076373K->842177K(1163776K), 0.0249986 secs] [Times: user=0.04 sys=0.00, real=0.02 secs] 
1980.870: [GC (Allocation Failure) [PSYoungGen: 415615K->96K(465920K)] 1075137K->661054K(1163776K), 0.0037167 secs] [Times: user=0.02 sys=0.00, real=0.01 secs] 
1981.668: [GC (Allocation Failure) [PSYoungGen: 233056K->137803K(465920K)] 894014K->798778K(1163776K), 0.0156996 secs] [Times: user=0.02 sys=0.00, real=0.02 secs] 
1982.009: [GC (Allocation Failure) [PSYoungGen: 370763K->184301K(465920K)] 1031738K->846658K(1163776K), 0.0205726 secs] [Times: user=0.02 sys=0.00, real=0.02 secs] 
1982.705: [GC (Allocation Failure) [PSYoungGen: 417261K->162117K(465920K)] 1079618K->824747K(1163776K), 0.0300556 secs] [Times: user=0.05 sys=0.00, real=0.03 secs] 
1984.651: [GC (Allocation Failure) [PSYoungGen: 395077K->96K(465920K)] 1057707K->664038K(1163776K), 0.0034157 secs] [Times: user=0.02 sys=0.00, real=0.01 secs] 
1985.204: [GC (Allocation Failure) [PSYoungGen: 232936K->159909K(465920K)] 896879K->823868K(1163776K), 0.0179105 secs] [Times: user=0.03 sys=0.00, real=0.01 secs] 
1985.490: [GC (Allocation Failure) [PSYoungGen: 392869K->184301K(465920K)] 1056828K->849514K(1163776K), 0.0205467 secs] [Times: user=0.03 sys=0.00, real=0.02 secs] 
1986.367: [GC (Allocation Failure) [PSYoungGen: 417261K->146219K(465920K)] 1082474K->811705K(1163776K), 0.0242638 secs] [Times: user=0.04 sys=0.00, real=0.02 secs] 
1987.634: [GC (Allocation Failure) [PSYoungGen: 379179K->160K(465920K)] 1044665K->667083K(1163776K), 0.0027590 secs] [Times: user=0.01 sys=0.00, real=0.00 secs] 
1987.949: [GC (Allocation Failure) [PSYoungGen: 233120K->181919K(465920K)] 900043K->848882K(1163776K), 0.0199991 secs] [Times: user=0.02 sys=0.00, real=0.02 secs] 
1988.231: [GC (Allocation Failure) [PSYoungGen: 414879K->184430K(465920K)] 1081842K->852647K(1163776K), 0.0203176 secs] [Times: user=0.03 sys=0.00, real=0.02 secs] 
1990.274: [GC (Allocation Failure) [PSYoungGen: 417390K->132305K(465920K)] 1085607K->800787K(1163776K), 0.0376976 secs] [Times: user=0.07 sys=0.00, real=0.03 secs] 
1992.420: [GC (Allocation Failure) [PSYoungGen: 365265K->19915K(465920K)] 1033747K->688691K(1163776K), 0.0047655 secs] [Times: user=0.01 sys=0.00, real=0.01 secs] 
1992.776: [GC (Allocation Failure) [PSYoungGen: 252875K->184173K(465920K)] 921651K->854202K(1163776K), 0.0204009 secs] [Times: user=0.03 sys=0.00, real=0.02 secs] 
1993.113: [GC (Allocation Failure) [PSYoungGen: 417133K->184398K(465920K)] 1087162K->854836K(1163776K), 0.0202349 secs] [Times: user=0.03 sys=0.00, real=0.02 secs] 
1993.913: [GC (Allocation Failure) [PSYoungGen: 417358K->110264K(465920K)] 1087796K->780855K(1163776K), 0.0146656 secs] [Times: user=0.03 sys=0.00, real=0.01 secs] 
1995.185: [GC (Allocation Failure) [PSYoungGen: 343224K->42536K(465920K)] 1013815K->713437K(1163776K), 0.0072375 secs] [Times: user=0.02 sys=0.00, real=0.01 secs] 
1995.464: [GC (Allocation Failure) [PSYoungGen: 275496K->184173K(465920K)] 946397K->856327K(1163776K), 0.0204297 secs] [Times: user=0.03 sys=0.00, real=0.02 secs] 
1995.750: [GC (Allocation Failure) [PSYoungGen: 417133K->184044K(465920K)] 1089287K->856480K(1163776K), 0.0204330 secs] [Times: user=0.03 sys=0.00, real=0.02 secs] 
1997.007: [GC (Allocation Failure) [PSYoungGen: 417004K->71677K(465920K)] 1089440K->744394K(1163776K), 0.0121848 secs] [Times: user=0.03 sys=0.00, real=0.01 secs] 
1998.335: [GC (Allocation Failure) [PSYoungGen: 304637K->64256K(465920K)] 977354K->737294K(1163776K), 0.0083685 secs] [Times: user=0.02 sys=0.00, real=0.01 secs] 
1998.658: [GC (Allocation Failure) [PSYoungGen: 297216K->184301K(465920K)] 970254K->858593K(1163776K), 0.0205824 secs] [Times: user=0.03 sys=0.00, real=0.02 secs] 
1998.941: [GC (Allocation Failure) [PSYoungGen: 417261K->184333K(465920K)] 1091553K->858906K(1163776K), 0.0204723 secs] [Times: user=0.03 sys=0.00, real=0.02 secs] 
2000.622: [GC (Allocation Failure) [PSYoungGen: 417293K->49475K(465920K)] 1091866K->724322K(1163776K), 0.0097253 secs] [Times: user=0.02 sys=0.00, real=0.01 secs] 
2001.690: [GC (Allocation Failure) [PSYoungGen: 282435K->86619K(465920K)] 957282K->761779K(1163776K), 0.0107404 secs] [Times: user=0.02 sys=0.00, real=0.01 secs] 
2001.962: [GC (Allocation Failure) [PSYoungGen: 319579K->184301K(465920K)] 994739K->860707K(1163776K), 0.0204101 secs] [Times: user=0.03 sys=0.00, real=0.02 secs] 
2002.305: [GC (Allocation Failure) [PSYoungGen: 417261K->184398K(465920K)] 1093667K->861084K(1163776K), 0.0207215 secs] [Times: user=0.03 sys=0.00, real=0.02 secs] 
2003.268: [GC (Allocation Failure) [PSYoungGen: 417358K->27016K(465920K)] 1094044K->703975K(1163776K), 0.0071725 secs] [Times: user=0.02 sys=0.00, real=0.01 secs] 
2004.124: [GC (Allocation Failure) [PSYoungGen: 259976K->109143K(465920K)] 936935K->786418K(1163776K), 0.0128808 secs] [Times: user=0.02 sys=0.00, real=0.01 secs] 
2004.406: [GC (Allocation Failure) [PSYoungGen: 342103K->184173K(465920K)] 1019378K->862694K(1163776K), 0.0203154 secs] [Times: user=0.03 sys=0.00, real=0.02 secs] 
2004.690: [GC (Allocation Failure) [PSYoungGen: 417133K->184558K(465920K)] 1095654K->863360K(1163776K), 0.0203317 secs] [Times: user=0.03 sys=0.00, real=0.02 secs] 
2005.735: [GC (Allocation Failure) [PSYoungGen: 417518K->4556K(465920K)] 1096320K->683623K(1163776K), 0.0036386 secs] [Times: user=0.01 sys=0.00, real=0.00 secs] 
2006.553: [GC (Allocation Failure) [PSYoungGen: 237516K->131634K(465920K)] 916583K->811027K(1163776K), 0.0149041 secs] [Times: user=0.03 sys=0.00, real=0.01 secs] 
2006.829: [GC (Allocation Failure) [PSYoungGen: 364594K->184333K(465920K)] 1043987K->864979K(1163776K), 0.0205749 secs] [Times: user=0.03 sys=0.00, real=0.02 secs] 
2007.394: [GC (Allocation Failure) [PSYoungGen: 417293K->168335K(465920K)] 1097939K->849391K(1163776K), 0.0234211 secs] [Times: user=0.03 sys=0.00, real=0.02 secs] 
2009.499: [GC (Allocation Failure) [PSYoungGen: 401295K->128K(465920K)] 1082351K->682505K(1163776K), 0.0027180 secs] [Times: user=0.02 sys=0.00, real=0.00 secs] 
2009.966: [GC (Allocation Failure) [PSYoungGen: 233088K->153641K(465920K)] 915465K->836034K(1163776K), 0.0171899 secs] [Times: user=0.02 sys=0.00, real=0.02 secs] 
2010.249: [GC (Allocation Failure) [PSYoungGen: 386601K->184944K(465920K)] 1068994K->868582K(1163776K), 0.0203699 secs] [Times: user=0.03 sys=0.00, real=0.02 secs] 
2011.025: [GC (Allocation Failure) [PSYoungGen: 417904K->151874K(465920K)] 1101542K->835794K(1163776K), 0.0179844 secs] [Times: user=0.03 sys=0.00, real=0.02 secs] 
2013.302: [GC (Allocation Failure) [PSYoungGen: 384834K->160K(465920K)] 1068754K->685527K(1163776K), 0.0039483 secs] [Times: user=0.02 sys=0.00, real=0.01 secs] 
2013.768: [GC (Allocation Failure) [PSYoungGen: 233120K->175846K(465920K)] 918487K->861246K(1163776K), 0.0195176 secs] [Times: user=0.03 sys=0.00, real=0.02 secs] 
2014.050: [GC (Allocation Failure) [PSYoungGen: 408806K->184430K(465920K)] 1094206K->871083K(1163776K), 0.0204800 secs] [Times: user=0.03 sys=0.00, real=0.02 secs] 
2014.821: [GC (Allocation Failure) [PSYoungGen: 417390K->138314K(465920K)] 1104043K->825249K(1163776K), 0.0160747 secs] [Times: user=0.03 sys=0.00, real=0.02 secs] 
2016.545: [GC (Allocation Failure) [PSYoungGen: 371274K->13904K(465920K)] 1058209K->701144K(1163776K), 0.0053954 secs] [Times: user=0.02 sys=0.00, real=0.00 secs] 
2016.863: [GC (Allocation Failure) [PSYoungGen: 246864K->184269K(465920K)] 934104K->872763K(1163776K), 0.0204190 secs] [Times: user=0.03 sys=0.00, real=0.02 secs] 
2017.152: [GC (Allocation Failure) [PSYoungGen: 417229K->184333K(465920K)] 1105723K->873100K(1163776K), 0.0204008 secs] [Times: user=0.03 sys=0.00, real=0.02 secs] 
2018.367: [GC (Allocation Failure) [PSYoungGen: 417293K->116305K(465920K)] 1106060K->805344K(1163776K), 0.0153851 secs] [Times: user=0.03 sys=0.00, real=0.02 secs] 
2020.207: [GC (Allocation Failure) [PSYoungGen: 349265K->35496K(465920K)] 1038304K->724853K(1163776K), 0.0064795 secs] [Times: user=0.02 sys=0.00, real=0.01 secs] 
2020.487: [GC (Allocation Failure) [PSYoungGen: 268456K->186357K(465920K)] 957813K->877097K(1163776K), 0.0206453 secs] [Times: user=0.03 sys=0.00, real=0.02 secs] 
2020.770: [GC (Allocation Failure) [PSYoungGen: 419317K->184815K(465920K)] 1110057K->875707K(1163776K), 0.0203345 secs] [Times: user=0.03 sys=0.00, real=0.02 secs] 
2022.257: [GC (Allocation Failure) [PSYoungGen: 417775K->75726K(465920K)] 1108667K->766883K(1163776K), 0.0129223 secs] [Times: user=0.03 sys=0.00, real=0.01 secs] 
2024.177: [GC (Allocation Failure) [PSYoungGen: 308686K->60529K(465920K)] 999843K->752004K(1163776K), 0.0099218 secs] [Times: user=0.02 sys=0.00, real=0.01 secs] 
2024.476: [GC (Allocation Failure) [PSYoungGen: 293489K->186132K(465920K)] 984964K->878845K(1163776K), 0.0205741 secs] [Times: user=0.02 sys=0.00, real=0.02 secs] 
2024.765: [GC (Allocation Failure) [PSYoungGen: 419092K->186004K(465920K)] 1111805K->878998K(1163776K), 0.0207855 secs] [Times: user=0.03 sys=0.00, real=0.02 secs] 
2026.767: [GC (Allocation Failure) [PSYoungGen: 418964K->49780K(465920K)] 1111958K->743047K(1163776K), 0.0131648 secs] [Times: user=0.03 sys=0.00, real=0.01 secs] 
2027.632: [GC (Allocation Failure) [PSYoungGen: 282740K->86876K(465920K)] 976007K->780465K(1163776K), 0.0106070 secs] [Times: user=0.02 sys=0.00, real=0.02 secs] 
2027.906: [GC (Allocation Failure) [PSYoungGen: 319836K->185843K(465920K)] 1013425K->880814K(1163776K), 0.0205456 secs] [Times: user=0.03 sys=0.00, real=0.02 secs] 
2028.245: [GC (Allocation Failure) [PSYoungGen: 418803K->184558K(465920K)] 1113774K->879681K(1163776K), 0.0203565 secs] [Times: user=0.03 sys=0.00, real=0.02 secs] 
2029.785: [GC (Allocation Failure) [PSYoungGen: 417518K->25056K(465920K)] 1112641K->720452K(1163776K), 0.0058010 secs] [Times: user=0.02 sys=0.00, real=0.00 secs] 
2030.373: [GC (Allocation Failure) [PSYoungGen: 258016K->111614K(465920K)] 953412K->807324K(1163776K), 0.0130110 secs] [Times: user=0.02 sys=0.00, real=0.01 secs] 
2030.650: [GC (Allocation Failure) [PSYoungGen: 344574K->186100K(465920K)] 1040284K->883064K(1163776K), 0.0206550 secs] [Times: user=0.03 sys=0.00, real=0.02 secs] 
2030.671: [Full GC (Ergonomics) [PSYoungGen: 186100K->0K(465920K)] [ParOldGen: 696963K->514286K(931328K)] 883064K->514286K(1397248K), [Metaspace: 56302K->56178K(1101824K)], 0.0581363 secs] [Times: user=0.24 sys=0.00, real=0.06 secs] 
2030.991: [GC (Allocation Failure) [PSYoungGen: 232960K->183305K(465920K)] 747246K->697592K(1397248K), 0.0199814 secs] [Times: user=0.03 sys=0.00, real=0.02 secs] 
2032.191: [GC (Allocation Failure) [PSYoungGen: 416265K->34144K(465920K)] 930552K->548599K(1397248K), 0.0037588 secs] [Times: user=0.02 sys=0.00, real=0.01 secs] 
2032.873: [GC (Allocation Failure) [PSYoungGen: 267104K->122188K(465920K)] 781559K->636825K(1397248K), 0.0137278 secs] [Times: user=0.02 sys=0.00, real=0.01 secs] 
2033.149: [GC (Allocation Failure) [PSYoungGen: 355148K->184430K(465920K)] 869785K->700433K(1397248K), 0.0201031 secs] [Times: user=0.03 sys=0.00, real=0.02 secs] 
2034.469: [GC (Allocation Failure) [PSYoungGen: 417390K->176500K(465920K)] 933393K->692640K(1397248K), 0.0487463 secs] [Times: user=0.07 sys=0.00, real=0.05 secs] 
2038.201: [GC (Allocation Failure) [PSYoungGen: 409460K->32928K(465920K)] 925600K->550511K(1397248K), 0.0054617 secs] [Times: user=0.02 sys=0.00, real=0.01 secs] 
2039.070: [GC (Allocation Failure) [PSYoungGen: 265888K->130735K(465920K)] 783471K->648342K(1397248K), 0.0145103 secs] [Times: user=0.02 sys=0.00, real=0.02 secs] 
2039.346: [GC (Allocation Failure) [PSYoungGen: 363695K->184205K(465920K)] 881302K->703194K(1397248K), 0.0200312 secs] [Times: user=0.03 sys=0.00, real=0.02 secs] 
2039.743: [GC (Allocation Failure) [PSYoungGen: 417165K->169347K(465920K)] 936154K->688473K(1397248K), 0.0198186 secs] [Times: user=0.02 sys=0.00, real=0.02 secs] 
2040.765: [GC (Allocation Failure) [PSYoungGen: 402307K->64K(465920K)] 921433K->520629K(1397248K), 0.0020115 secs] [Times: user=0.01 sys=0.00, real=0.00 secs] 
2041.221: [GC (Allocation Failure) [PSYoungGen: 233024K->139828K(465920K)] 753589K->660410K(1397248K), 0.0154598 secs] [Times: user=0.02 sys=0.00, real=0.02 secs] 
2041.499: [GC (Allocation Failure) [PSYoungGen: 372788K->184333K(465920K)] 893370K->706161K(1397248K), 0.0200260 secs] [Times: user=0.03 sys=0.00, real=0.02 secs] 
2041.964: [GC (Allocation Failure) [PSYoungGen: 416569K->162189K(465920K)] 938397K->684290K(1397248K), 0.0198497 secs] [Times: user=0.02 sys=0.00, real=0.02 secs] 
2042.920: [GC (Allocation Failure) [PSYoungGen: 395149K->64K(465920K)] 917250K->523604K(1397248K), 0.0024579 secs] [Times: user=0.01 sys=0.00, real=0.01 secs] 
2043.361: [GC (Allocation Failure) [PSYoungGen: 233024K->148728K(465920K)] 756564K->672284K(1397248K), 0.0163666 secs] [Times: user=0.02 sys=0.01, real=0.02 secs] 
2043.696: [GC (Allocation Failure) [PSYoungGen: 381688K->184558K(465920K)] 905244K->709352K(1397248K), 0.0201884 secs] [Times: user=0.02 sys=0.00, real=0.02 secs] 
2044.116: [GC (Allocation Failure) [PSYoungGen: 417518K->157112K(465920K)] 942312K->682171K(1397248K), 0.0250690 secs] [Times: user=0.04 sys=0.00, real=0.02 secs] 
2045.005: [GC (Allocation Failure) [PSYoungGen: 390072K->64K(465920K)] 915131K->526562K(1397248K), 0.0022021 secs] [Times: user=0.01 sys=0.00, real=0.00 secs] 
2045.487: [GC (Allocation Failure) [PSYoungGen: 233024K->158621K(465920K)] 759522K->685136K(1397248K), 0.0174129 secs] [Times: user=0.02 sys=0.00, real=0.02 secs] 
2045.765: [GC (Allocation Failure) [PSYoungGen: 391581K->184430K(465920K)] 918096K->712182K(1397248K), 0.0201348 secs] [Times: user=0.03 sys=0.01, real=0.02 secs] 
2046.263: [GC (Allocation Failure) [PSYoungGen: 417390K->147376K(465920K)] 945142K->675522K(1397248K), 0.0210759 secs] [Times: user=0.03 sys=0.00, real=0.02 secs] 
2047.148: [GC (Allocation Failure) [PSYoungGen: 380336K->96K(465920K)] 908482K->529560K(1397248K), 0.0022343 secs] [Times: user=0.00 sys=0.00, real=0.00 secs] 
2047.506: [GC (Allocation Failure) [PSYoungGen: 233056K->168293K(465920K)] 762520K->697774K(1397248K), 0.0184842 secs] [Times: user=0.02 sys=0.00, real=0.02 secs] 
2047.848: [GC (Allocation Failure) [PSYoungGen: 401253K->184430K(465920K)] 930734K->715164K(1397248K), 0.0199868 secs] [Times: user=0.03 sys=0.00, real=0.02 secs] 
2048.316: [GC (Allocation Failure) [PSYoungGen: 411997K->137721K(465920K)] 942732K->668729K(1397248K), 0.0180620 secs] [Times: user=0.02 sys=0.00, real=0.02 secs] 
2049.200: [GC (Allocation Failure) [PSYoungGen: 370681K->96K(465920K)] 901689K->532551K(1397248K), 0.0027727 secs] [Times: user=0.01 sys=0.00, real=0.01 secs] 
2049.567: [GC (Allocation Failure) [PSYoungGen: 233056K->173402K(465920K)] 765511K->705881K(1397248K), 0.0188586 secs] [Times: user=0.02 sys=0.00, real=0.02 secs] 
2049.910: [GC (Allocation Failure) [PSYoungGen: 406362K->184687K(465920K)] 938841K->718404K(1397248K), 0.0200187 secs] [Times: user=0.02 sys=0.00, real=0.02 secs] 
2050.816: [GC (Allocation Failure) [PSYoungGen: 417647K->140515K(465920K)] 951364K->674505K(1397248K), 0.0254653 secs] [Times: user=0.04 sys=0.00, real=0.02 secs] 
2053.219: [GC (Allocation Failure) [PSYoungGen: 373475K->64K(465920K)] 907465K->535493K(1397248K), 0.0037880 secs] [Times: user=0.02 sys=0.00, real=0.01 secs] 
2053.623: [GC (Allocation Failure) [PSYoungGen: 233024K->183076K(465920K)] 768453K->718537K(1397248K), 0.0197766 secs] [Times: user=0.02 sys=0.00, real=0.02 secs] 
2053.970: [GC (Allocation Failure) [PSYoungGen: 416036K->184558K(465920K)] 951497K->721266K(1397248K), 0.0200479 secs] [Times: user=0.03 sys=0.00, real=0.02 secs] 
2054.591: [GC (Allocation Failure) [PSYoungGen: 417518K->130988K(465920K)] 954226K->668089K(1397248K), 0.0165891 secs] [Times: user=0.03 sys=0.00, real=0.02 secs] 
2055.503: [GC (Allocation Failure) [PSYoungGen: 363948K->9053K(465920K)] 901049K->546331K(1397248K), 0.0041816 secs] [Times: user=0.01 sys=0.00, real=0.00 secs] 
2055.785: [GC (Allocation Failure) [PSYoungGen: 242013K->184944K(465920K)] 779291K->723467K(1397248K), 0.0201374 secs] [Times: user=0.03 sys=0.00, real=0.02 secs] 
2056.069: [GC (Allocation Failure) [PSYoungGen: 417904K->184141K(465920K)] 956427K->722937K(1397248K), 0.0201185 secs] [Times: user=0.03 sys=0.00, real=0.02 secs] 
2056.633: [GC (Allocation Failure) [PSYoungGen: 417101K->120626K(465920K)] 955897K->659696K(1397248K), 0.0137943 secs] [Times: user=0.03 sys=0.00, real=0.01 secs] 
2057.516: [GC (Allocation Failure) [PSYoungGen: 353586K->19273K(465920K)] 892656K->558650K(1397248K), 0.0044927 secs] [Times: user=0.01 sys=0.00, real=0.00 secs] 
2057.806: [GC (Allocation Failure) [PSYoungGen: 252233K->186486K(465920K)] 791610K->727125K(1397248K), 0.0203627 secs] [Times: user=0.03 sys=0.00, real=0.02 secs] 
2058.145: [GC (Allocation Failure) [PSYoungGen: 419446K->186132K(465920K)] 960085K->727045K(1397248K), 0.0202609 secs] [Times: user=0.03 sys=0.00, real=0.02 secs] 
2059.003: [GC (Allocation Failure) [PSYoungGen: 419092K->106938K(465920K)] 960005K->648116K(1397248K), 0.0131899 secs] [Times: user=0.03 sys=0.00, real=0.01 secs] 
2061.076: [GC (Allocation Failure) [PSYoungGen: 339860K->33218K(465920K)] 881038K->574693K(1397248K), 0.0081289 secs] [Times: user=0.02 sys=0.00, real=0.01 secs] 
2061.410: [GC (Allocation Failure) [PSYoungGen: 266178K->184687K(465920K)] 807653K->727399K(1397248K), 0.0202721 secs] [Times: user=0.03 sys=0.00, real=0.02 secs] 
2061.697: [GC (Allocation Failure) [PSYoungGen: 417647K->186422K(465920K)] 960359K->729536K(1397248K), 0.0203087 secs] [Times: user=0.03 sys=0.00, real=0.02 secs] 
2062.576: [GC (Allocation Failure) [PSYoungGen: 412886K->94295K(465920K)] 956000K->637674K(1397248K), 0.0135996 secs] [Times: user=0.03 sys=0.01, real=0.01 secs] 
2064.490: [GC (Allocation Failure) [PSYoungGen: 327255K->37973K(465920K)] 870634K->581522K(1397248K), 0.0063683 secs] [Times: user=0.01 sys=0.00, real=0.01 secs] 
2064.856: [GC (Allocation Failure) [PSYoungGen: 270933K->184558K(465920K)] 814482K->729344K(1397248K), 0.0202128 secs] [Times: user=0.03 sys=0.00, real=0.02 secs] 
2065.157: [GC (Allocation Failure) [PSYoungGen: 417518K->184173K(465920K)] 962304K->729232K(1397248K), 0.0198901 secs] [Times: user=0.02 sys=0.00, real=0.02 secs] 
2066.696: [GC (Allocation Failure) [PSYoungGen: 404873K->91998K(465920K)] 949932K->637322K(1397248K), 0.0202763 secs] [Times: user=0.04 sys=0.00, real=0.02 secs] 
2068.352: [GC (Allocation Failure) [PSYoungGen: 324958K->37909K(465920K)] 870282K->583538K(1397248K), 0.0061275 secs] [Times: user=0.01 sys=0.00, real=0.01 secs] 
2068.631: [GC (Allocation Failure) [PSYoungGen: 270869K->186357K(465920K)] 816498K->733369K(1397248K), 0.0203157 secs] [Times: user=0.03 sys=0.00, real=0.02 secs] 
2068.917: [GC (Allocation Failure) [PSYoungGen: 419317K->186100K(465920K)] 966329K->733249K(1397248K), 0.0202525 secs] [Times: user=0.02 sys=0.00, real=0.02 secs] 
2069.524: [GC (Allocation Failure) [PSYoungGen: 405025K->88399K(465920K)] 952173K->635812K(1397248K), 0.0101119 secs] [Times: user=0.02 sys=0.00, real=0.01 secs] 
2071.358: [GC (Allocation Failure) [PSYoungGen: 321359K->37845K(465920K)] 868772K->585572K(1397248K), 0.0065579 secs] [Times: user=0.02 sys=0.00, real=0.01 secs] 
2071.728: [GC (Allocation Failure) [PSYoungGen: 270805K->184173K(465920K)] 818532K->733145K(1397248K), 0.0199401 secs] [Times: user=0.02 sys=0.00, real=0.02 secs] 
2072.072: [GC (Allocation Failure) [PSYoungGen: 417133K->184398K(465920K)] 966105K->733772K(1397248K), 0.0200321 secs] [Times: user=0.03 sys=0.00, real=0.02 secs] 
2072.695: [GC (Allocation Failure) [PSYoungGen: 408018K->92239K(465920K)] 957393K->641750K(1397248K), 0.0121156 secs] [Times: user=0.02 sys=0.00, real=0.01 secs] 
2073.514: [GC (Allocation Failure) [PSYoungGen: 325199K->38102K(465920K)] 874710K->587923K(1397248K), 0.0053488 secs] [Times: user=0.01 sys=0.00, real=0.00 secs] 
2073.781: [GC (Allocation Failure) [PSYoungGen: 271062K->184430K(465920K)] 820883K->735617K(1397248K), 0.0200475 secs] [Times: user=0.03 sys=0.00, real=0.02 secs] 
2074.069: [GC (Allocation Failure) [PSYoungGen: 417390K->184526K(465920K)] 968577K->735850K(1397248K), 0.0201594 secs] [Times: user=0.03 sys=0.00, real=0.02 secs] 
2075.690: [GC (Allocation Failure) [PSYoungGen: 407081K->91612K(465920K)] 958405K->643209K(1397248K), 0.0258117 secs] [Times: user=0.06 sys=0.00, real=0.03 secs] 
2078.178: [GC (Allocation Failure) [PSYoungGen: 324572K->37745K(465920K)] 876169K->589652K(1397248K), 0.0080575 secs] [Times: user=0.01 sys=0.00, real=0.01 secs] 
2078.501: [GC (Allocation Failure) [PSYoungGen: 270705K->184430K(465920K)] 822612K->737726K(1397248K), 0.0200750 secs] [Times: user=0.03 sys=0.00, real=0.02 secs] 
2078.786: [GC (Allocation Failure) [PSYoungGen: 417390K->184590K(465920K)] 970686K->738031K(1397248K), 0.0200927 secs] [Times: user=0.03 sys=0.00, real=0.02 secs] 
2079.411: [GC (Allocation Failure) [PSYoungGen: 407651K->91950K(465920K)] 961092K->645656K(1397248K), 0.0120687 secs] [Times: user=0.02 sys=0.00, real=0.02 secs] 
2080.908: [GC (Allocation Failure) [PSYoungGen: 324910K->37716K(465920K)] 878616K->591720K(1397248K), 0.0069749 secs] [Times: user=0.02 sys=0.00, real=0.01 secs] 
2081.216: [GC (Allocation Failure) [PSYoungGen: 270676K->184430K(465920K)] 824680K->739679K(1397248K), 0.0199355 secs] [Times: user=0.02 sys=0.00, real=0.02 secs] 
2081.497: [GC (Allocation Failure) [PSYoungGen: 417390K->184494K(465920K)] 972639K->740017K(1397248K), 0.0199664 secs] [Times: user=0.02 sys=0.00, real=0.02 secs] 
2082.236: [GC (Allocation Failure) [PSYoungGen: 407545K->91982K(465920K)] 963068K->647769K(1397248K), 0.0120347 secs] [Times: user=0.03 sys=0.01, real=0.01 secs] 
2083.143: [GC (Allocation Failure) [PSYoungGen: 324942K->37845K(465920K)] 880729K->593948K(1397248K), 0.0055729 secs] [Times: user=0.01 sys=0.00, real=0.00 secs] 
2083.409: [GC (Allocation Failure) [PSYoungGen: 270805K->183658K(465920K)] 826908K->740999K(1397248K), 0.0200720 secs] [Times: user=0.02 sys=0.00, real=0.02 secs] 
2083.691: [GC (Allocation Failure) [PSYoungGen: 416618K->184558K(465920K)] 973959K->742164K(1397248K), 0.0199477 secs] [Times: user=0.03 sys=0.00, real=0.02 secs] 
2085.291: [GC (Allocation Failure) [PSYoungGen: 410135K->92640K(465920K)] 967741K->650511K(1397248K), 0.0164314 secs] [Times: user=0.03 sys=0.00, real=0.02 secs] 
2087.253: [GC (Allocation Failure) [PSYoungGen: 325600K->37588K(465920K)] 883471K->595772K(1397248K), 0.0053212 secs] [Times: user=0.01 sys=0.00, real=0.00 secs] 
2087.519: [GC (Allocation Failure) [PSYoungGen: 270548K->183948K(465920K)] 828732K->743378K(1397248K), 0.0201216 secs] [Times: user=0.03 sys=0.00, real=0.02 secs] 
2087.860: [GC (Allocation Failure) [PSYoungGen: 416908K->184783K(465920K)] 976338K->744495K(1397248K), 0.0205163 secs] [Times: user=0.03 sys=0.00, real=0.02 secs] 
2089.133: [GC (Allocation Failure) [PSYoungGen: 408562K->92351K(465920K)] 968273K->652328K(1397248K), 0.0134303 secs] [Times: user=0.03 sys=0.01, real=0.01 secs] 
2091.039: [GC (Allocation Failure) [PSYoungGen: 325311K->37331K(465920K)] 885288K->597615K(1397248K), 0.0066009 secs] [Times: user=0.01 sys=0.00, real=0.01 secs] 
2091.333: [GC (Allocation Failure) [PSYoungGen: 270291K->184333K(465920K)] 830575K->745871K(1397248K), 0.0201557 secs] [Times: user=0.03 sys=0.00, real=0.02 secs] 
2091.614: [GC (Allocation Failure) [PSYoungGen: 417293K->184141K(465920K)] 978831K->745951K(1397248K), 0.0199816 secs] [Times: user=0.03 sys=0.00, real=0.02 secs] 
2092.380: [GC (Allocation Failure) [PSYoungGen: 409367K->92897K(465920K)] 971178K->654973K(1397248K), 0.0119074 secs] [Times: user=0.02 sys=0.00, real=0.01 secs] 
2093.281: [GC (Allocation Failure) [PSYoungGen: 325857K->37941K(465920K)] 887933K->600325K(1397248K), 0.0058283 secs] [Times: user=0.02 sys=0.00, real=0.01 secs] 
2093.549: [GC (Allocation Failure) [PSYoungGen: 270901K->184687K(465920K)] 833285K->748308K(1397248K), 0.0200991 secs] [Times: user=0.03 sys=0.00, real=0.02 secs] 
2093.833: [GC (Allocation Failure) [PSYoungGen: 417647K->184719K(465920K)] 981268K->748741K(1397248K), 0.0201416 secs] [Times: user=0.02 sys=0.00, real=0.02 secs] 
2094.494: [GC (Allocation Failure) [PSYoungGen: 407160K->91355K(465920K)] 971182K->655643K(1397248K), 0.0107062 secs] [Times: user=0.02 sys=0.00, real=0.01 secs] 
2095.434: [GC (Allocation Failure) [PSYoungGen: 324315K->37973K(465920K)] 888603K->602438K(1397248K), 0.0052946 secs] [Times: user=0.01 sys=0.00, real=0.00 secs] 
2095.759: [GC (Allocation Failure) [PSYoungGen: 270933K->183916K(465920K)] 835398K->749626K(1397248K), 0.0201367 secs] [Times: user=0.02 sys=0.00, real=0.02 secs] 
2096.103: [GC (Allocation Failure) [PSYoungGen: 416876K->184430K(465920K)] 982586K->750542K(1397248K), 0.0201999 secs] [Times: user=0.03 sys=0.00, real=0.02 secs] 
2097.348: [GC (Allocation Failure) [PSYoungGen: 409689K->92447K(465920K)] 975801K->658696K(1397248K), 0.0157723 secs] [Times: user=0.03 sys=0.00, real=0.02 secs] 
2098.957: [GC (Allocation Failure) [PSYoungGen: 325407K->37588K(465920K)] 891656K->604150K(1397248K), 0.0062875 secs] [Times: user=0.02 sys=0.00, real=0.01 secs] 
2099.237: [GC (Allocation Failure) [PSYoungGen: 270548K->184687K(465920K)] 837110K->752495K(1397248K), 0.0201993 secs] [Times: user=0.03 sys=0.00, real=0.02 secs] 
2099.520: [GC (Allocation Failure) [PSYoungGen: 417647K->184655K(465920K)] 985455K->752736K(1397248K), 0.0201451 secs] [Times: user=0.02 sys=0.00, real=0.02 secs] 
2101.267: [GC (Allocation Failure) [PSYoungGen: 407480K->91709K(465920K)] 975561K->660055K(1397248K), 0.0256832 secs] [Times: user=0.05 sys=0.00, real=0.02 secs] 
2103.939: [GC (Allocation Failure) [PSYoungGen: 324669K->37716K(465920K)] 893015K->606368K(1397248K), 0.0079314 secs] [Times: user=0.02 sys=0.00, real=0.01 secs] 
2104.337: [GC (Allocation Failure) [PSYoungGen: 270676K->184687K(465920K)] 839328K->754705K(1397248K), 0.0200299 secs] [Times: user=0.02 sys=0.00, real=0.02 secs] 
2104.618: [GC (Allocation Failure) [PSYoungGen: 417647K->184719K(465920K)] 987665K->754881K(1397248K), 0.0201125 secs] [Times: user=0.03 sys=0.00, real=0.02 secs] 
2105.760: [GC (Allocation Failure) [PSYoungGen: 407283K->91612K(465920K)] 977445K->662039K(1397248K), 0.0134379 secs] [Times: user=0.02 sys=0.00, real=0.02 secs] 
2106.628: [GC (Allocation Failure) [PSYoungGen: 324572K->38002K(465920K)] 894999K->608745K(1397248K), 0.0052829 secs] [Times: user=0.01 sys=0.00, real=0.01 secs] 
2106.902: [GC (Allocation Failure) [PSYoungGen: 270962K->183787K(465920K)] 841705K->755784K(1397248K), 0.0199649 secs] [Times: user=0.03 sys=0.00, real=0.02 secs] 
2107.189: [GC (Allocation Failure) [PSYoungGen: 416747K->184655K(465920K)] 988744K->756924K(1397248K), 0.0200395 secs] [Times: user=0.03 sys=0.00, real=0.02 secs] 
2110.417: [GC (Allocation Failure) [PSYoungGen: 410116K->92223K(465920K)] 982386K->664758K(1397248K), 0.0263594 secs] [Times: user=0.06 sys=0.00, real=0.03 secs] 
2112.305: [GC (Allocation Failure) [PSYoungGen: 325183K->37716K(465920K)] 897718K->610567K(1397248K), 0.0067256 secs] [Times: user=0.01 sys=0.00, real=0.00 secs] 
2112.604: [GC (Allocation Failure) [PSYoungGen: 270676K->184173K(465920K)] 843527K->758277K(1397248K), 0.0201588 secs] [Times: user=0.02 sys=0.00, real=0.02 secs] 
2112.893: [GC (Allocation Failure) [PSYoungGen: 417133K->184558K(465920K)] 991237K->759064K(1397248K), 0.0200902 secs] [Times: user=0.02 sys=0.00, real=0.02 secs] 
2113.541: [GC (Allocation Failure) [PSYoungGen: 409736K->92223K(465920K)] 984241K->666865K(1397248K), 0.0111634 secs] [Times: user=0.03 sys=0.00, real=0.01 secs] 
2114.477: [GC (Allocation Failure) [PSYoungGen: 325183K->38002K(465920K)] 899825K->612966K(1397248K), 0.0053590 secs] [Times: user=0.01 sys=0.00, real=0.00 secs] 
2114.745: [GC (Allocation Failure) [PSYoungGen: 270962K->184687K(465920K)] 845926K->760904K(1397248K), 0.0200012 secs] [Times: user=0.02 sys=0.00, real=0.02 secs] 
2115.092: [GC (Allocation Failure) [PSYoungGen: 417647K->184430K(465920K)] 993864K->760920K(1397248K), 0.0199263 secs] [Times: user=0.02 sys=0.00, real=0.02 secs] 
2116.297: [GC (Allocation Failure) [PSYoungGen: 406895K->91548K(465920K)] 983386K->668304K(1397248K), 0.0197919 secs] [Times: user=0.04 sys=0.00, real=0.02 secs] 
2117.966: [GC (Allocation Failure) [PSYoungGen: 324508K->37970K(465920K)] 901264K->615026K(1397248K), 0.0062388 secs] [Times: user=0.01 sys=0.00, real=0.01 secs] 
2118.313: [GC (Allocation Failure) [PSYoungGen: 270930K->184687K(465920K)] 847986K->762996K(1397248K), 0.0203089 secs] [Times: user=0.02 sys=0.00, real=0.02 secs] 
2118.598: [GC (Allocation Failure) [PSYoungGen: 417647K->184430K(465920K)] 995956K->763012K(1397248K), 0.0199279 secs] [Times: user=0.03 sys=0.00, real=0.02 secs] 
2119.591: [GC (Allocation Failure) [PSYoungGen: 406910K->91596K(465920K)] 985492K->670451K(1397248K), 0.0118380 secs] [Times: user=0.02 sys=0.00, real=0.02 secs] 
2120.441: [GC (Allocation Failure) [PSYoungGen: 324556K->38002K(465920K)] 903411K->617179K(1397248K), 0.0053969 secs] [Times: user=0.01 sys=0.00, real=0.01 secs] 
2120.709: [GC (Allocation Failure) [PSYoungGen: 270962K->184687K(465920K)] 850139K->765109K(1397248K), 0.0201485 secs] [Times: user=0.03 sys=0.00, real=0.02 secs] 
2120.991: [GC (Allocation Failure) [PSYoungGen: 417647K->184687K(465920K)] 998069K->765374K(1397248K), 0.0201557 secs] [Times: user=0.02 sys=0.00, real=0.02 secs] 
2121.605: [GC (Allocation Failure) [PSYoungGen: 407233K->91323K(465920K)] 987921K->672284K(1397248K), 0.0104683 secs] [Times: user=0.02 sys=0.00, real=0.01 secs] 
2122.519: [GC (Allocation Failure) [PSYoungGen: 324283K->37973K(465920K)] 905244K->619247K(1397248K), 0.0063776 secs] [Times: user=0.01 sys=0.00, real=0.01 secs] 
2122.799: [GC (Allocation Failure) [PSYoungGen: 270933K->184687K(465920K)] 852207K->767207K(1397248K), 0.0201974 secs] [Times: user=0.02 sys=0.00, real=0.02 secs] 
2123.082: [GC (Allocation Failure) [PSYoungGen: 417647K->184655K(465920K)] 1000167K->767448K(1397248K), 0.0204748 secs] [Times: user=0.03 sys=0.00, real=0.03 secs] 
2124.929: [GC (Allocation Failure) [PSYoungGen: 407208K->91387K(465920K)] 990001K->674445K(1397248K), 0.0278691 secs] [Times: user=0.06 sys=0.00, real=0.03 secs] 
2126.585: [GC (Allocation Failure) [PSYoungGen: 324347K->37845K(465920K)] 907405K->621216K(1397248K), 0.0063288 secs] [Times: user=0.01 sys=0.00, real=0.00 secs] 
2126.870: [GC (Allocation Failure) [PSYoungGen: 270805K->184687K(465920K)] 854176K->769424K(1397248K), 0.0201593 secs] [Times: user=0.03 sys=0.00, real=0.02 secs] 
2127.209: [GC (Allocation Failure) [PSYoungGen: 417647K->184655K(465920K)] 1002384K->769537K(1397248K), 0.0233203 secs] [Times: user=0.03 sys=0.00, real=0.02 secs] 
2127.932: [GC (Allocation Failure) [PSYoungGen: 407247K->91484K(465920K)] 992129K->676631K(1397248K), 0.0117093 secs] [Times: user=0.02 sys=0.00, real=0.02 secs] 
2129.441: [GC (Allocation Failure) [PSYoungGen: 324444K->37874K(465920K)] 909591K->623331K(1397248K), 0.0054707 secs] [Times: user=0.01 sys=0.00, real=0.01 secs] 
2129.707: [GC (Allocation Failure) [PSYoungGen: 270834K->183916K(465920K)] 856291K->770619K(1397248K), 0.0199654 secs] [Times: user=0.03 sys=0.00, real=0.02 secs] 
2130.050: [GC (Allocation Failure) [PSYoungGen: 416876K->184462K(465920K)] 1003579K->771566K(1397248K), 0.0200203 secs] [Times: user=0.03 sys=0.00, real=0.02 secs] 
2131.130: [GC (Allocation Failure) [PSYoungGen: 409693K->92512K(465920K)] 996798K->679753K(1397248K), 0.0201609 secs] [Times: user=0.03 sys=0.01, real=0.02 secs] 
2132.623: [GC (Allocation Failure) [PSYoungGen: 325472K->37845K(465920K)] 912713K->625388K(1397248K), 0.0056592 secs] [Times: user=0.01 sys=0.00, real=0.00 secs] 
2132.891: [GC (Allocation Failure) [PSYoungGen: 270805K->184687K(465920K)] 858348K->773483K(1397248K), 0.0201891 secs] [Times: user=0.02 sys=0.00, real=0.02 secs] 
2133.231: [GC (Allocation Failure) [PSYoungGen: 417647K->184623K(465920K)] 1006443K->773821K(1397248K), 0.0201656 secs] [Times: user=0.02 sys=0.00, real=0.02 secs] 
2134.900: [GC (Allocation Failure) [PSYoungGen: 407064K->91484K(465920K)] 996262K->680947K(1397248K), 0.0264049 secs] [Times: user=0.05 sys=0.00, real=0.03 secs] 
2137.439: [GC (Allocation Failure) [PSYoungGen: 324444K->37745K(465920K)] 913907K->627380K(1397248K), 0.0078113 secs] [Times: user=0.02 sys=0.00, real=0.01 secs] 
2137.754: [GC (Allocation Failure) [PSYoungGen: 270705K->183819K(465920K)] 860340K->774707K(1397248K), 0.0199648 secs] [Times: user=0.02 sys=0.00, real=0.02 secs] 
2138.035: [GC (Allocation Failure) [PSYoungGen: 416779K->184365K(465920K)] 1007667K->775655K(1397248K), 0.0200720 secs] [Times: user=0.03 sys=0.00, real=0.02 secs] 
2139.990: [GC (Allocation Failure) [PSYoungGen: 408198K->92897K(465920K)] 999487K->684324K(1397248K), 0.0236709 secs] [Times: user=0.04 sys=0.00, real=0.03 secs] 
2141.796: [GC (Allocation Failure) [PSYoungGen: 325857K->37845K(465920K)] 917284K->629569K(1397248K), 0.0062216 secs] [Times: user=0.01 sys=0.00, real=0.01 secs] 
2142.071: [GC (Allocation Failure) [PSYoungGen: 270805K->184462K(465920K)] 862529K->777431K(1397248K), 0.0201970 secs] [Times: user=0.02 sys=0.00, real=0.02 secs] 
2142.353: [GC (Allocation Failure) [PSYoungGen: 417422K->184558K(465920K)] 1010391K->777801K(1397248K), 0.0200628 secs] [Times: user=0.02 sys=0.00, real=0.02 secs] 
2144.386: [GC (Allocation Failure) [PSYoungGen: 407611K->91869K(465920K)] 1000853K->685377K(1397248K), 0.0123014 secs] [Times: user=0.03 sys=0.00, real=0.01 secs] 
2145.801: [GC (Allocation Failure) [PSYoungGen: 324829K->37331K(465920K)] 918337K->631162K(1397248K), 0.0053560 secs] [Times: user=0.01 sys=0.00, real=0.01 secs] 
2146.069: [GC (Allocation Failure) [PSYoungGen: 270291K->184847K(465920K)] 864122K->779924K(1397248K), 0.0202816 secs] [Times: user=0.03 sys=0.00, real=0.02 secs] 
2146.350: [GC (Allocation Failure) [PSYoungGen: 417807K->184141K(465920K)] 1012884K->779491K(1397248K), 0.0201043 secs] [Times: user=0.03 sys=0.00, real=0.02 secs] 
2147.892: [GC (Allocation Failure) [PSYoungGen: 409491K->92367K(465920K)] 1004841K->687982K(1397248K), 0.0121202 secs] [Times: user=0.03 sys=0.00, real=0.02 secs] 
2148.746: [GC (Allocation Failure) [PSYoungGen: 325327K->38002K(465920K)] 920942K->633917K(1397248K), 0.0053531 secs] [Times: user=0.01 sys=0.00, real=0.00 secs] 
2149.013: [GC (Allocation Failure) [PSYoungGen: 270962K->184687K(465920K)] 866877K->781855K(1397248K), 0.0200560 secs] [Times: user=0.02 sys=0.00, real=0.02 secs] 
2149.295: [GC (Allocation Failure) [PSYoungGen: 417647K->184687K(465920K)] 1014815K->782249K(1397248K), 0.0199831 secs] [Times: user=0.02 sys=0.00, real=0.02 secs] 
2149.906: [GC (Allocation Failure) [PSYoungGen: 407137K->91371K(465920K)] 1004699K->689206K(1397248K), 0.0105289 secs] [Times: user=0.02 sys=0.00, real=0.01 secs] 
2150.770: [GC (Allocation Failure) [PSYoungGen: 324331K->37874K(465920K)] 922166K->635902K(1397248K), 0.0054328 secs] [Times: user=0.01 sys=0.00, real=0.01 secs] 
2151.036: [GC (Allocation Failure) [PSYoungGen: 270834K->183916K(465920K)] 868862K->783189K(1397248K), 0.0200542 secs] [Times: user=0.02 sys=0.00, real=0.02 secs] 
2151.319: [GC (Allocation Failure) [PSYoungGen: 416876K->184366K(465920K)] 1016149K->784041K(1397248K), 0.0201098 secs] [Times: user=0.03 sys=0.00, real=0.02 secs] 
2151.925: [GC (Allocation Failure) [PSYoungGen: 409597K->92480K(465920K)] 1009273K->692292K(1397248K), 0.0097319 secs] [Times: user=0.02 sys=0.00, real=0.01 secs] 
2152.710: [GC (Allocation Failure) [PSYoungGen: 325440K->37745K(465920K)] 925252K->637863K(1397248K), 0.0053627 secs] [Times: user=0.02 sys=0.00, real=0.01 secs] 
2153.044: [GC (Allocation Failure) [PSYoungGen: 270705K->184687K(465920K)] 870823K->786042K(1397248K), 0.0203390 secs] [Times: user=0.02 sys=0.00, real=0.02 secs] 
2153.335: [GC (Allocation Failure) [PSYoungGen: 417647K->184655K(465920K)] 1019002K->786412K(1397248K), 0.0202869 secs] [Times: user=0.03 sys=0.00, real=0.02 secs] 
2154.513: [GC (Allocation Failure) [PSYoungGen: 407353K->91564K(465920K)] 1009110K->693586K(1397248K), 0.0128301 secs] [Times: user=0.02 sys=0.00, real=0.01 secs] 
2155.632: [GC (Allocation Failure) [PSYoungGen: 324524K->37745K(465920K)] 926546K->639936K(1397248K), 0.0055157 secs] [Times: user=0.01 sys=0.00, real=0.01 secs] 
2155.899: [GC (Allocation Failure) [PSYoungGen: 270705K->183787K(465920K)] 872896K->787216K(1397248K), 0.0200427 secs] [Times: user=0.03 sys=0.00, real=0.02 secs] 
2156.240: [GC (Allocation Failure) [PSYoungGen: 416747K->184687K(465920K)] 1020176K->788380K(1397248K), 0.0200013 secs] [Times: user=0.03 sys=0.00, real=0.02 secs] 
2156.908: [GC (Allocation Failure) [PSYoungGen: 410117K->92544K(465920K)] 1013811K->696503K(1397248K), 0.0121251 secs] [Times: user=0.02 sys=0.00, real=0.01 secs] 
2157.821: [GC (Allocation Failure) [PSYoungGen: 325504K->37874K(465920K)] 929463K->642140K(1397248K), 0.0055410 secs] [Times: user=0.01 sys=0.00, real=0.01 secs] 
2158.097: [GC (Allocation Failure) [PSYoungGen: 270834K->184044K(465920K)] 875100K->789564K(1397248K), 0.0204217 secs] [Times: user=0.03 sys=0.00, real=0.02 secs] 
2158.383: [GC (Allocation Failure) [PSYoungGen: 417004K->184912K(465920K)] 1022524K->790705K(1397248K), 0.0200700 secs] [Times: user=0.02 sys=0.00, real=0.02 secs] 
2160.424: [GC (Allocation Failure) [PSYoungGen: 408091K->91869K(465920K)] 1013884K->697927K(1397248K), 0.0202130 secs] [Times: user=0.04 sys=0.00, real=0.02 secs] 
2162.659: [GC (Allocation Failure) [PSYoungGen: 324829K->37331K(465920K)] 930887K->643703K(1397248K), 0.0069692 secs] [Times: user=0.02 sys=0.00, real=0.01 secs] 
2162.954: [GC (Allocation Failure) [PSYoungGen: 270291K->184558K(465920K)] 876663K->792168K(1397248K), 0.0200945 secs] [Times: user=0.03 sys=0.00, real=0.02 secs] 
2163.298: [GC (Allocation Failure) [PSYoungGen: 417518K->186293K(465920K)] 1025128K->794305K(1397248K), 0.0207025 secs] [Times: user=0.03 sys=0.00, real=0.02 secs] 
2164.031: [GC (Allocation Failure) [PSYoungGen: 408224K->90455K(465920K)] 1016236K->698611K(1397248K), 0.0116799 secs] [Times: user=0.03 sys=0.00, real=0.01 secs] 
2165.641: [GC (Allocation Failure) [PSYoungGen: 323415K->37716K(465920K)] 931571K->646178K(1397248K), 0.0058275 secs] [Times: user=0.01 sys=0.00, real=0.01 secs] 
2165.965: [GC (Allocation Failure) [PSYoungGen: 270676K->184687K(465920K)] 879138K->794386K(1397248K), 0.0202766 secs] [Times: user=0.03 sys=0.00, real=0.02 secs] 
2166.251: [GC (Allocation Failure) [PSYoungGen: 417647K->184205K(465920K)] 1027346K->794177K(1397248K), 0.0200189 secs] [Times: user=0.03 sys=0.00, real=0.02 secs] 
2167.292: [GC (Allocation Failure) [PSYoungGen: 409552K->92094K(465920K)] 1019524K->702331K(1397248K), 0.0123414 secs] [Times: user=0.03 sys=0.00, real=0.02 secs] 
2168.203: [GC (Allocation Failure) [PSYoungGen: 325054K->38005K(465920K)] 935291K->648540K(1397248K), 0.0062943 secs] [Times: user=0.02 sys=0.00, real=0.00 secs] 
2168.479: [GC (Allocation Failure) [PSYoungGen: 270965K->184687K(465920K)] 881500K->796596K(1397248K), 0.0201884 secs] [Times: user=0.02 sys=0.00, real=0.02 secs] 
2168.818: [GC (Allocation Failure) [PSYoungGen: 417647K->184430K(465920K)] 1029556K->796483K(1397248K), 0.0215927 secs] [Times: user=0.03 sys=0.00, real=0.02 secs] 
2170.854: [GC (Allocation Failure) [PSYoungGen: 406758K->91564K(465920K)] 1018811K->703883K(1397248K), 0.0162057 secs] [Times: user=0.03 sys=0.00, real=0.01 secs] 
2171.725: [GC (Allocation Failure) [PSYoungGen: 324524K->37973K(465920K)] 936843K->650594K(1397248K), 0.0055730 secs] [Times: user=0.02 sys=0.00, real=0.00 secs] 
2172.059: [GC (Allocation Failure) [PSYoungGen: 270933K->184430K(465920K)] 883554K->798432K(1397248K), 0.0203254 secs] [Times: user=0.03 sys=0.00, real=0.02 secs] 
2172.398: [GC (Allocation Failure) [PSYoungGen: 417390K->184526K(465920K)] 1031392K->798673K(1397248K), 0.0200749 secs] [Times: user=0.03 sys=0.00, real=0.02 secs] 
2174.503: [GC (Allocation Failure) [PSYoungGen: 407081K->91741K(465920K)] 1021229K->706153K(1397248K), 0.0193015 secs] [Times: user=0.04 sys=0.00, real=0.01 secs] 
2175.770: [GC (Allocation Failure) [PSYoungGen: 324701K->37845K(465920K)] 939113K->652579K(1397248K), 0.0063248 secs] [Times: user=0.02 sys=0.00, real=0.01 secs] 
2176.047: [GC (Allocation Failure) [PSYoungGen: 270805K->184430K(465920K)] 885539K->800401K(1397248K), 0.0200547 secs] [Times: user=0.03 sys=0.00, real=0.02 secs] 
2176.328: [GC (Allocation Failure) [PSYoungGen: 417390K->184590K(465920K)] 1033361K->800835K(1397248K), 0.0201540 secs] [Times: user=0.02 sys=0.00, real=0.02 secs] 
2178.137: [GC (Allocation Failure) [PSYoungGen: 407676K->91853K(465920K)] 1023921K->708371K(1397248K), 0.0185915 secs] [Times: user=0.04 sys=0.00, real=0.02 secs] 
2179.544: [GC (Allocation Failure) [PSYoungGen: 324813K->37684K(465920K)] 941331K->654508K(1397248K), 0.0071815 secs] [Times: user=0.02 sys=0.00, real=0.00 secs] 
2179.854: [GC (Allocation Failure) [PSYoungGen: 270644K->184430K(465920K)] 887468K->802499K(1397248K), 0.0200631 secs] [Times: user=0.02 sys=0.00, real=0.02 secs] 
2180.137: [GC (Allocation Failure) [PSYoungGen: 417390K->184301K(465920K)] 1035459K->802635K(1397248K), 0.0199673 secs] [Times: user=0.03 sys=0.00, real=0.02 secs] 
2182.467: [GC (Allocation Failure) [PSYoungGen: 409346K->92255K(465920K)] 1027680K->710982K(1397248K), 0.0238560 secs] [Times: user=0.04 sys=0.00, real=0.02 secs] 
2184.537: [GC (Allocation Failure) [PSYoungGen: 325215K->37556K(465920K)] 943942K->656460K(1397248K), 0.0074388 secs] [Times: user=0.02 sys=0.00, real=0.01 secs] 
2184.850: [GC (Allocation Failure) [PSYoungGen: 270516K->184687K(465920K)] 889420K->804829K(1397248K), 0.0201447 secs] [Times: user=0.02 sys=0.00, real=0.02 secs] 
2185.133: [GC (Allocation Failure) [PSYoungGen: 417647K->184623K(465920K)] 1037789K->805038K(1397248K), 0.0201139 secs] [Times: user=0.03 sys=0.00, real=0.02 secs] 
2186.022: [GC (Allocation Failure) [PSYoungGen: 407447K->91741K(465920K)] 1027862K->712421K(1397248K), 0.0141677 secs] [Times: user=0.03 sys=0.00, real=0.02 secs] 
2187.684: [GC (Allocation Failure) [PSYoungGen: 324701K->37845K(465920K)] 945381K->658831K(1397248K), 0.0072250 secs] [Times: user=0.01 sys=0.00, real=0.00 secs] 
2187.994: [GC (Allocation Failure) [PSYoungGen: 270805K->184687K(465920K)] 891791K->806919K(1397248K), 0.0201462 secs] [Times: user=0.03 sys=0.00, real=0.02 secs] 
2188.276: [GC (Allocation Failure) [PSYoungGen: 417647K->184655K(465920K)] 1039879K->807160K(1397248K), 0.0201804 secs] [Times: user=0.03 sys=0.00, real=0.02 secs] 
2189.441: [GC (Allocation Failure) [PSYoungGen: 407212K->91516K(465920K)] 1029717K->714293K(1397248K), 0.0126339 secs] [Times: user=0.02 sys=0.00, real=0.02 secs] 
2190.950: [GC (Allocation Failure) [PSYoungGen: 324476K->37845K(465920K)] 947253K->660920K(1397248K), 0.0088605 secs] [Times: user=0.02 sys=0.00, real=0.01 secs] 
2191.288: [GC (Allocation Failure) [PSYoungGen: 270805K->184687K(465920K)] 893880K->809000K(1397248K), 0.0202792 secs] [Times: user=0.03 sys=0.00, real=0.02 secs] 
2191.569: [GC (Allocation Failure) [PSYoungGen: 417647K->184751K(465920K)] 1041960K->809337K(1397248K), 0.0201473 secs] [Times: user=0.03 sys=0.00, real=0.02 secs] 
2192.370: [GC (Allocation Failure) [PSYoungGen: 407304K->91435K(465920K)] 1031890K->716295K(1397248K), 0.0119457 secs] [Times: user=0.02 sys=0.00, real=0.01 secs] 
2193.620: [GC (Allocation Failure) [PSYoungGen: 324395K->37716K(465920K)] 949255K->662881K(1397248K), 0.0063211 secs] [Times: user=0.02 sys=0.01, real=0.01 secs] 
2193.896: [GC (Allocation Failure) [PSYoungGen: 270676K->183916K(465920K)] 895841K->810318K(1397248K), 0.0203182 secs] [Times: user=0.03 sys=0.00, real=0.02 secs] 
2194.179: [GC (Allocation Failure) [PSYoungGen: 416876K->184430K(465920K)] 1043278K->811105K(1397248K), 0.0202460 secs] [Times: user=0.03 sys=0.00, real=0.02 secs] 
2196.298: [GC (Allocation Failure) [PSYoungGen: 409772K->92624K(465920K)] 1036447K->719573K(1397248K), 0.0175516 secs] [Times: user=0.03 sys=0.00, real=0.02 secs] 
2198.466: [GC (Allocation Failure) [PSYoungGen: 325584K->37748K(465920K)] 952533K->664995K(1397248K), 0.0074755 secs] [Times: user=0.02 sys=0.00, real=0.01 secs] 
2198.786: [GC (Allocation Failure) [PSYoungGen: 270708K->184687K(465920K)] 897955K->813307K(1397248K), 0.0201610 secs] [Times: user=0.03 sys=0.00, real=0.02 secs] 
2199.077: [GC (Allocation Failure) [PSYoungGen: 417647K->184655K(465920K)] 1046267K->813548K(1397248K), 0.0202034 secs] [Times: user=0.03 sys=0.00, real=0.02 secs] 
2199.713: [GC (Allocation Failure) [PSYoungGen: 407353K->91564K(465920K)] 1036247K->720723K(1397248K), 0.0107635 secs] [Times: user=0.03 sys=0.00, real=0.01 secs] 
2201.172: [GC (Allocation Failure) [PSYoungGen: 324524K->37617K(465920K)] 953683K->666955K(1397248K), 0.0063139 secs] [Times: user=0.01 sys=0.00, real=0.01 secs] 
2201.511: [GC (Allocation Failure) [PSYoungGen: 270577K->183916K(465920K)] 899915K->814491K(1397248K), 0.0202830 secs] [Times: user=0.03 sys=0.00, real=0.02 secs] 
2201.855: [GC (Allocation Failure) [PSYoungGen: 416876K->184430K(465920K)] 1047451K->815407K(1397248K), 0.0200568 secs] [Times: user=0.02 sys=0.00, real=0.02 secs] 
2202.479: [GC (Allocation Failure) [PSYoungGen: 409667K->92769K(465920K)] 1040644K->723882K(1397248K), 0.0121374 secs] [Times: user=0.03 sys=0.00, real=0.01 secs] 
2203.887: [GC (Allocation Failure) [PSYoungGen: 325729K->37684K(465920K)] 956842K->669103K(1397248K), 0.0069332 secs] [Times: user=0.01 sys=0.00, real=0.01 secs] 
2204.186: [GC (Allocation Failure) [PSYoungGen: 270644K->184687K(465920K)] 902063K->817344K(1397248K), 0.0203388 secs] [Times: user=0.02 sys=0.00, real=0.02 secs] 
2204.529: [GC (Allocation Failure) [PSYoungGen: 417647K->184655K(465920K)] 1050304K->817713K(1397248K), 0.0200862 secs] [Times: user=0.03 sys=0.00, real=0.02 secs] 
2205.195: [GC (Allocation Failure) [PSYoungGen: 407352K->91564K(465920K)] 1040411K->724888K(1397248K), 0.0114363 secs] [Times: user=0.03 sys=0.00, real=0.01 secs] 
2206.089: [GC (Allocation Failure) [PSYoungGen: 324524K->37973K(465920K)] 957848K->671478K(1397248K), 0.0054550 secs] [Times: user=0.01 sys=0.00, real=0.01 secs] 
2206.356: [GC (Allocation Failure) [PSYoungGen: 270933K->183916K(465920K)] 904438K->818658K(1397248K), 0.0201386 secs] [Times: user=0.02 sys=0.00, real=0.02 secs] 
2206.638: [GC (Allocation Failure) [PSYoungGen: 416876K->184366K(465920K)] 1051618K->819510K(1397248K), 0.0201329 secs] [Times: user=0.02 sys=0.00, real=0.02 secs] 
2207.304: [GC (Allocation Failure) [PSYoungGen: 409600K->92303K(465920K)] 1044744K->727592K(1397248K), 0.0108585 secs] [Times: user=0.02 sys=0.00, real=0.01 secs] 
2208.356: [GC (Allocation Failure) [PSYoungGen: 325263K->37877K(465920K)] 960552K->673473K(1397248K), 0.0063674 secs] [Times: user=0.02 sys=0.00, real=0.01 secs] 
2208.634: [GC (Allocation Failure) [PSYoungGen: 270837K->184687K(465920K)] 906433K->821529K(1397248K), 0.0201798 secs] [Times: user=0.03 sys=0.00, real=0.02 secs] 
2208.916: [GC (Allocation Failure) [PSYoungGen: 417647K->184687K(465920K)] 1054489K->821794K(1397248K), 0.0200869 secs] [Times: user=0.02 sys=0.00, real=0.02 secs] 
2209.555: [GC (Allocation Failure) [PSYoungGen: 407245K->91452K(465920K)] 1044353K->728824K(1397248K), 0.0114323 secs] [Times: user=0.02 sys=0.00, real=0.01 secs] 
2210.359: [GC (Allocation Failure) [PSYoungGen: 324412K->38002K(465920K)] 961784K->675680K(1397248K), 0.0054931 secs] [Times: user=0.01 sys=0.00, real=0.01 secs] 
2210.626: [GC (Allocation Failure) [PSYoungGen: 270962K->183916K(465920K)] 908640K->822831K(1397248K), 0.0200587 secs] [Times: user=0.03 sys=0.00, real=0.02 secs] 
2210.967: [GC (Allocation Failure) [PSYoungGen: 416876K->184494K(465920K)] 1055791K->823682K(1397248K), 0.0201267 secs] [Times: user=0.02 sys=0.00, real=0.02 secs] 
2212.193: [GC (Allocation Failure) [PSYoungGen: 409715K->92383K(465920K)] 1048903K->731845K(1397248K), 0.0166596 secs] [Times: user=0.04 sys=0.00, real=0.01 secs] 
2213.124: [GC (Allocation Failure) [PSYoungGen: 325343K->37973K(465920K)] 964805K->677751K(1397248K), 0.0057990 secs] [Times: user=0.01 sys=0.00, real=0.00 secs] 
2213.391: [GC (Allocation Failure) [PSYoungGen: 270933K->184173K(465920K)] 910711K->825188K(1397248K), 0.0202638 secs] [Times: user=0.03 sys=0.00, real=0.02 secs] 
2213.676: [GC (Allocation Failure) [PSYoungGen: 417133K->184494K(465920K)] 1058148K->825919K(1397248K), 0.0201920 secs] [Times: user=0.02 sys=0.00, real=0.02 secs] 
2214.503: [GC (Allocation Failure) [PSYoungGen: 409667K->91918K(465920K)] 1051092K->733479K(1397248K), 0.0118925 secs] [Times: user=0.02 sys=0.00, real=0.01 secs] 
2215.892: [GC (Allocation Failure) [PSYoungGen: 324878K->37716K(465920K)] 966439K->679583K(1397248K), 0.0071071 secs] [Times: user=0.01 sys=0.00, real=0.01 secs] 
2216.191: [GC (Allocation Failure) [PSYoungGen: 270676K->184815K(465920K)] 912543K->827920K(1397248K), 0.0204239 secs] [Times: user=0.02 sys=0.00, real=0.02 secs] 
2216.474: [GC (Allocation Failure) [PSYoungGen: 417775K->184719K(465920K)] 1060880K->828096K(1397248K), 0.0202987 secs] [Times: user=0.03 sys=0.00, real=0.02 secs] 
2217.119: [GC (Allocation Failure) [PSYoungGen: 407180K->91484K(465920K)] 1050557K->735126K(1397248K), 0.0122198 secs] [Times: user=0.03 sys=0.00, real=0.01 secs] 
2218.119: [GC (Allocation Failure) [PSYoungGen: 324444K->37748K(465920K)] 968086K->681698K(1397248K), 0.0063424 secs] [Times: user=0.02 sys=0.00, real=0.01 secs] 
2218.393: [GC (Allocation Failure) [PSYoungGen: 270708K->184815K(465920K)] 914658K->830011K(1397248K), 0.0201651 secs] [Times: user=0.02 sys=0.00, real=0.02 secs] 
2218.734: [GC (Allocation Failure) [PSYoungGen: 417775K->183851K(465920K)] 1062971K->829312K(1397248K), 0.0204922 secs] [Times: user=0.03 sys=0.00, real=0.02 secs] 
2220.120: [GC (Allocation Failure) [PSYoungGen: 409385K->92351K(465920K)] 1054846K->738077K(1397248K), 0.0147343 secs] [Times: user=0.03 sys=0.00, real=0.02 secs] 
2222.258: [GC (Allocation Failure) [PSYoungGen: 325311K->37716K(465920K)] 971037K->683748K(1397248K), 0.0069042 secs] [Times: user=0.01 sys=0.00, real=0.01 secs] 
2222.630: [GC (Allocation Failure) [PSYoungGen: 270676K->184558K(465920K)] 916708K->831835K(1397248K), 0.0201663 secs] [Times: user=0.03 sys=0.00, real=0.02 secs] 
2222.911: [GC (Allocation Failure) [PSYoungGen: 417518K->184655K(465920K)] 1064795K->832213K(1397248K), 0.0201771 secs] [Times: user=0.02 sys=0.00, real=0.02 secs] 
2224.411: [GC (Allocation Failure) [PSYoungGen: 407104K->91741K(465920K)] 1054662K->739692K(1397248K), 0.0188803 secs] [Times: user=0.04 sys=0.00, real=0.02 secs] 
2226.196: [GC (Allocation Failure) [PSYoungGen: 324701K->37874K(465920K)] 972652K->686013K(1397248K), 0.0063200 secs] [Times: user=0.02 sys=0.00, real=0.00 secs] 
2226.471: [GC (Allocation Failure) [PSYoungGen: 270834K->184687K(465920K)] 918973K->834192K(1397248K), 0.0202021 secs] [Times: user=0.03 sys=0.00, real=0.02 secs] 
2226.759: [GC (Allocation Failure) [PSYoungGen: 417647K->184687K(465920K)] 1067152K->834328K(1397248K), 0.0199997 secs] [Times: user=0.02 sys=0.00, real=0.02 secs] 
2227.929: [GC (Allocation Failure) [PSYoungGen: 407278K->91516K(465920K)] 1056919K->741430K(1397248K), 0.0130981 secs] [Times: user=0.02 sys=0.00, real=0.01 secs] 
2229.723: [GC (Allocation Failure) [PSYoungGen: 324476K->37456K(465920K)] 974390K->687679K(1397248K), 0.0083544 secs] [Times: user=0.02 sys=0.00, real=0.00 secs] 
2230.120: [GC (Allocation Failure) [PSYoungGen: 270416K->183787K(465920K)] 920639K->835255K(1397248K), 0.0201538 secs] [Times: user=0.02 sys=0.00, real=0.02 secs] 
2230.401: [GC (Allocation Failure) [PSYoungGen: 416747K->184430K(465920K)] 1068215K->836163K(1397248K), 0.0201793 secs] [Times: user=0.02 sys=0.00, real=0.02 secs] 
2231.398: [GC (Allocation Failure) [PSYoungGen: 409725K->92994K(465920K)] 1061458K->744992K(1397248K), 0.0139908 secs] [Times: user=0.03 sys=0.00, real=0.01 secs] 
2232.990: [GC (Allocation Failure) [PSYoungGen: 325954K->37459K(465920K)] 977952K->689771K(1397248K), 0.0070053 secs] [Times: user=0.01 sys=0.00, real=0.01 secs] 
2233.288: [GC (Allocation Failure) [PSYoungGen: 270419K->184687K(465920K)] 922731K->838244K(1397248K), 0.0202974 secs] [Times: user=0.02 sys=0.00, real=0.02 secs] 
2233.571: [GC (Allocation Failure) [PSYoungGen: 417647K->184623K(465920K)] 1071204K->838461K(1397248K), 0.0206164 secs] [Times: user=0.03 sys=0.00, real=0.02 secs] 
2235.681: [GC (Allocation Failure) [PSYoungGen: 409761K->91885K(465920K)] 1063600K->745997K(1397248K), 0.0188315 secs] [Times: user=0.04 sys=0.00, real=0.02 secs] 
2237.241: [GC (Allocation Failure) [PSYoungGen: 324845K->37713K(465920K)] 978957K->692141K(1397248K), 0.0071598 secs] [Times: user=0.01 sys=0.00, real=0.01 secs] 
2237.542: [GC (Allocation Failure) [PSYoungGen: 270673K->184333K(465920K)] 925101K->839998K(1397248K), 0.0201774 secs] [Times: user=0.03 sys=0.00, real=0.02 secs] 
2237.883: [GC (Allocation Failure) [PSYoungGen: 417293K->184687K(465920K)] 1072958K->840625K(1397248K), 0.0203022 secs] [Times: user=0.03 sys=0.00, real=0.02 secs] 
2239.064: [GC (Allocation Failure) [PSYoungGen: 409820K->91998K(465920K)] 1065758K->748201K(1397248K), 0.0120856 secs] [Times: user=0.02 sys=0.00, real=0.01 secs] 
2241.275: [GC (Allocation Failure) [PSYoungGen: 324958K->37684K(465920K)] 981161K->694193K(1397248K), 0.0073109 secs] [Times: user=0.02 sys=0.00, real=0.00 secs] 
2241.580: [GC (Allocation Failure) [PSYoungGen: 270644K->184687K(465920K)] 927153K->842561K(1397248K), 0.0202148 secs] [Times: user=0.03 sys=0.01, real=0.02 secs] 
2241.922: [GC (Allocation Failure) [PSYoungGen: 417647K->184462K(465920K)] 1075521K->842481K(1397248K), 0.0202075 secs] [Times: user=0.03 sys=0.00, real=0.03 secs] 
2242.915: [GC (Allocation Failure) [PSYoungGen: 406785K->91869K(465920K)] 1064804K->750161K(1397248K), 0.0147139 secs] [Times: user=0.03 sys=0.00, real=0.01 secs] 
2244.454: [GC (Allocation Failure) [PSYoungGen: 324829K->37585K(465920K)] 983121K->696185K(1397248K), 0.0068478 secs] [Times: user=0.02 sys=0.00, real=0.00 secs] 
2244.828: [GC (Allocation Failure) [PSYoungGen: 270545K->184558K(465920K)] 929145K->844412K(1397248K), 0.0202281 secs] [Times: user=0.02 sys=0.00, real=0.02 secs] 
2245.110: [GC (Allocation Failure) [PSYoungGen: 417518K->184880K(465920K)] 1077372K->845006K(1397248K), 0.0201814 secs] [Times: user=0.02 sys=0.00, real=0.02 secs] 
2245.730: [GC (Allocation Failure) [PSYoungGen: 407954K->91580K(465920K)] 1068081K->751972K(1397248K), 0.0122822 secs] [Times: user=0.02 sys=0.00, real=0.01 secs] 
2246.533: [GC (Allocation Failure) [PSYoungGen: 324540K->37973K(465920K)] 984932K->698679K(1397248K), 0.0055105 secs] [Times: user=0.01 sys=0.00, real=0.00 secs] 
2246.801: [GC (Allocation Failure) [PSYoungGen: 270933K->184558K(465920K)] 931639K->846517K(1397248K), 0.0203119 secs] [Times: user=0.03 sys=0.00, real=0.02 secs] 
2247.149: [GC (Allocation Failure) [PSYoungGen: 417518K->184719K(465920K)] 1079477K->846951K(1397248K), 0.0203041 secs] [Times: user=0.03 sys=0.00, real=0.02 secs] 
2248.441: [GC (Allocation Failure) [PSYoungGen: 407210K->91467K(465920K)] 1069442K->754093K(1397248K), 0.0169075 secs] [Times: user=0.03 sys=0.00, real=0.02 secs] 
2249.519: [GC (Allocation Failure) [PSYoungGen: 324427K->37845K(465920K)] 987053K->700650K(1397248K), 0.0062163 secs] [Times: user=0.01 sys=0.00, real=0.01 secs] 
2249.844: [GC (Allocation Failure) [PSYoungGen: 270805K->183787K(465920K)] 933610K->847838K(1397248K), 0.0201403 secs] [Times: user=0.03 sys=0.00, real=0.02 secs] 
2250.130: [GC (Allocation Failure) [PSYoungGen: 416747K->184655K(465920K)] 1080798K->848978K(1397248K), 0.0201462 secs] [Times: user=0.03 sys=0.00, real=0.02 secs] 
2251.087: [GC (Allocation Failure) [PSYoungGen: 410080K->92367K(465920K)] 1074404K->756956K(1397248K), 0.0146850 secs] [Times: user=0.03 sys=0.00, real=0.01 secs] 
2252.674: [GC (Allocation Failure) [PSYoungGen: 325327K->37716K(465920K)] 989916K->702620K(1397248K), 0.0072826 secs] [Times: user=0.02 sys=0.00, real=0.00 secs] 
2252.978: [GC (Allocation Failure) [PSYoungGen: 270676K->184173K(465920K)] 935580K->850315K(1397248K), 0.0202322 secs] [Times: user=0.03 sys=0.00, real=0.02 secs] 
2253.260: [GC (Allocation Failure) [PSYoungGen: 417133K->184622K(465920K)] 1083275K->851037K(1397248K), 0.0202566 secs] [Times: user=0.03 sys=0.00, real=0.02 secs] 
2254.393: [GC (Allocation Failure) [PSYoungGen: 409779K->92255K(465920K)] 1076194K->758935K(1397248K), 0.0123709 secs] [Times: user=0.02 sys=0.00, real=0.01 secs] 
2255.462: [GC (Allocation Failure) [PSYoungGen: 325215K->37874K(465920K)] 991895K->704864K(1397248K), 0.0059288 secs] [Times: user=0.01 sys=0.00, real=0.01 secs] 
2255.730: [GC (Allocation Failure) [PSYoungGen: 270834K->184687K(465920K)] 937824K->853043K(1397248K), 0.0203662 secs] [Times: user=0.03 sys=0.00, real=0.02 secs] 
2256.078: [GC (Allocation Failure) [PSYoungGen: 417647K->184719K(465920K)] 1086003K->853340K(1397248K), 0.0203158 secs] [Times: user=0.03 sys=0.00, real=0.02 secs] 
2259.109: [GC (Allocation Failure) [PSYoungGen: 407187K->91435K(465920K)] 1075808K->760322K(1397248K), 0.0167361 secs] [Times: user=0.03 sys=0.00, real=0.02 secs] 
2261.126: [GC (Allocation Failure) [PSYoungGen: 324395K->37488K(465920K)] 993282K->706570K(1397248K), 0.0074124 secs] [Times: user=0.02 sys=0.00, real=0.01 secs] 
2261.435: [GC (Allocation Failure) [PSYoungGen: 270448K->184687K(465920K)] 939530K->855142K(1397248K), 0.0202361 secs] [Times: user=0.02 sys=0.00, real=0.02 secs] 
2261.772: [GC (Allocation Failure) [PSYoungGen: 417647K->184623K(465920K)] 1088102K->855231K(1397248K), 0.0201688 secs] [Times: user=0.03 sys=0.00, real=0.02 secs] 
2262.406: [GC (Allocation Failure) [PSYoungGen: 407437K->91837K(465920K)] 1078045K->762710K(1397248K), 0.0121450 secs] [Times: user=0.02 sys=0.00, real=0.01 secs] 
2263.542: [GC (Allocation Failure) [PSYoungGen: 324797K->37845K(465920K)] 995670K->709040K(1397248K), 0.0090209 secs] [Times: user=0.02 sys=0.00, real=0.01 secs] 
2263.897: [GC (Allocation Failure) [PSYoungGen: 270805K->184687K(465920K)] 942000K->857135K(1397248K), 0.0205380 secs] [Times: user=0.02 sys=0.00, real=0.02 secs] 
2264.182: [GC (Allocation Failure) [PSYoungGen: 417647K->184655K(465920K)] 1090095K->857376K(1397248K), 0.0201469 secs] [Times: user=0.03 sys=0.00, real=0.02 secs] 
2265.519: [GC (Allocation Failure) [PSYoungGen: 407213K->91484K(465920K)] 1079934K->764478K(1397248K), 0.0191860 secs] [Times: user=0.04 sys=0.00, real=0.02 secs] 
2267.514: [GC (Allocation Failure) [PSYoungGen: 324444K->37491K(465920K)] 997438K->710785K(1397248K), 0.0068036 secs] [Times: user=0.02 sys=0.00, real=0.00 secs] 
2267.803: [GC (Allocation Failure) [PSYoungGen: 270451K->184687K(465920K)] 943745K->859235K(1397248K), 0.0202992 secs] [Times: user=0.02 sys=0.00, real=0.02 secs] 
2268.164: [GC (Allocation Failure) [PSYoungGen: 417647K->184623K(465920K)] 1092195K->859444K(1397248K), 0.0202970 secs] [Times: user=0.02 sys=0.00, real=0.02 secs] 
2269.669: [GC (Allocation Failure) [PSYoungGen: 407177K->91837K(465920K)] 1081998K->766923K(1397248K), 0.0135525 secs] [Times: user=0.02 sys=0.00, real=0.02 secs] 
2270.743: [GC (Allocation Failure) [PSYoungGen: 324797K->37874K(465920K)] 999883K->713266K(1397248K), 0.0069213 secs] [Times: user=0.02 sys=0.01, real=0.00 secs] 
2271.088: [GC (Allocation Failure) [PSYoungGen: 270834K->183658K(465920K)] 946226K->860288K(1397248K), 0.0201362 secs] [Times: user=0.02 sys=0.00, real=0.02 secs] 
2271.370: [GC (Allocation Failure) [PSYoungGen: 416618K->184526K(465920K)] 1093248K->861429K(1397248K), 0.0201033 secs] [Times: user=0.03 sys=0.00, real=0.02 secs] 
2272.385: [GC (Allocation Failure) [PSYoungGen: 408475K->92640K(465920K)] 1085378K->769808K(1397248K), 0.0137918 secs] [Times: user=0.03 sys=0.00, real=0.01 secs] 
2273.790: [GC (Allocation Failure) [PSYoungGen: 325600K->37459K(465920K)] 1002768K->714948K(1397248K), 0.0063689 secs] [Times: user=0.01 sys=0.01, real=0.01 secs] 
2274.075: [GC (Allocation Failure) [PSYoungGen: 270419K->184558K(465920K)] 947908K->863293K(1397248K), 0.0201949 secs] [Times: user=0.02 sys=0.00, real=0.02 secs] 
2274.356: [GC (Allocation Failure) [PSYoungGen: 417518K->183658K(465920K)] 1096253K->862666K(1397248K), 0.0200462 secs] [Times: user=0.02 sys=0.00, real=0.02 secs] 
2275.449: [GC (Allocation Failure) [PSYoungGen: 409084K->93026K(465920K)] 1088092K->772299K(1397248K), 0.0108978 secs] [Times: user=0.02 sys=0.00, real=0.01 secs] 
2276.634: [GC (Allocation Failure) [PSYoungGen: 325986K->37617K(465920K)] 1005259K->717203K(1397248K), 0.0056398 secs] [Times: user=0.01 sys=0.00, real=0.00 secs] 
2276.901: [GC (Allocation Failure) [PSYoungGen: 270577K->184430K(465920K)] 950163K->865262K(1397248K), 0.0202863 secs] [Times: user=0.03 sys=0.00, real=0.02 secs] 
2277.188: [GC (Allocation Failure) [PSYoungGen: 417390K->184237K(465920K)] 1098222K->865342K(1397248K), 0.0202737 secs] [Times: user=0.03 sys=0.00, real=0.02 secs] 
2278.526: [GC (Allocation Failure) [PSYoungGen: 409305K->92447K(465920K)] 1090410K->773954K(1397248K), 0.0146112 secs] [Times: user=0.03 sys=0.00, real=0.01 secs] 
2280.715: [GC (Allocation Failure) [PSYoungGen: 325407K->37360K(465920K)] 1006914K->719062K(1397248K), 0.0068298 secs] [Times: user=0.02 sys=0.00, real=0.00 secs] 
2281.017: [GC (Allocation Failure) [PSYoungGen: 270320K->184719K(465920K)] 952022K->867795K(1397248K), 0.0202192 secs] [Times: user=0.03 sys=0.00, real=0.02 secs] 
2281.303: [GC (Allocation Failure) [PSYoungGen: 417679K->184687K(465920K)] 1100755K->868028K(1397248K), 0.0201386 secs] [Times: user=0.02 sys=0.00, real=0.02 secs] 
2281.950: [GC (Allocation Failure) [PSYoungGen: 409826K->92030K(465920K)] 1093167K->775515K(1397248K), 0.0107797 secs] [Times: user=0.02 sys=0.00, real=0.01 secs] 
2282.830: [GC (Allocation Failure) [PSYoungGen: 324990K->37973K(465920K)] 1008475K->721765K(1397248K), 0.0055260 secs] [Times: user=0.01 sys=0.00, real=0.01 secs] 
2283.098: [GC (Allocation Failure) [PSYoungGen: 270933K->184815K(465920K)] 954725K->869852K(1397248K), 0.0204088 secs] [Times: user=0.03 sys=0.00, real=0.02 secs] 
2283.434: [GC (Allocation Failure) [PSYoungGen: 417775K->184623K(465920K)] 1102812K->869933K(1397248K), 0.0203382 secs] [Times: user=0.03 sys=0.00, real=0.02 secs] 
2285.223: [GC (Allocation Failure) [PSYoungGen: 406567K->91210K(465920K)] 1091877K->776786K(1397248K), 0.0167074 secs] [Times: user=0.04 sys=0.00, real=0.01 secs] 
2286.802: [GC (Allocation Failure) [PSYoungGen: 324170K->37588K(465920K)] 1009746K->723479K(1397248K), 0.0066499 secs] [Times: user=0.02 sys=0.00, real=0.01 secs] 
2287.089: [GC (Allocation Failure) [PSYoungGen: 270548K->184430K(465920K)] 956439K->871566K(1397248K), 0.0203861 secs] [Times: user=0.03 sys=0.00, real=0.02 secs] 
2287.373: [GC (Allocation Failure) [PSYoungGen: 417390K->184590K(465920K)] 1104526K->872000K(1397248K), 0.0203857 secs] [Times: user=0.03 sys=0.00, real=0.02 secs] 
2288.211: [GC (Allocation Failure) [PSYoungGen: 407646K->92094K(465920K)] 1095055K->779785K(1397248K), 0.0117575 secs] [Times: user=0.03 sys=0.00, real=0.02 secs] 
2290.312: [GC (Allocation Failure) [PSYoungGen: 325054K->37491K(465920K)] 1012745K->725488K(1397248K), 0.0070546 secs] [Times: user=0.02 sys=0.00, real=0.01 secs] 
2290.610: [GC (Allocation Failure) [PSYoungGen: 270451K->184430K(465920K)] 958448K->873664K(1397248K), 0.0200415 secs] [Times: user=0.02 sys=0.00, real=0.02 secs] 
2290.892: [GC (Allocation Failure) [PSYoungGen: 417390K->184526K(465920K)] 1106624K->874033K(1397248K), 0.0200479 secs] [Times: user=0.02 sys=0.00, real=0.02 secs] 
2291.572: [GC (Allocation Failure) [PSYoungGen: 408091K->92239K(465920K)] 1097598K->782011K(1397248K), 0.0115806 secs] [Times: user=0.02 sys=0.00, real=0.01 secs] 
2292.384: [GC (Allocation Failure) [PSYoungGen: 325199K->38102K(465920K)] 1014971K->728188K(1397248K), 0.0058134 secs] [Times: user=0.02 sys=0.00, real=0.00 secs] 
2292.652: [GC (Allocation Failure) [PSYoungGen: 271062K->184430K(465920K)] 961148K->875753K(1397248K), 0.0201708 secs] [Times: user=0.03 sys=0.00, real=0.02 secs] 
2293.000: [GC (Allocation Failure) [PSYoungGen: 417390K->184494K(465920K)] 1108713K->876091K(1397248K), 0.0201580 secs] [Times: user=0.02 sys=0.00, real=0.02 secs] 
2293.610: [GC (Allocation Failure) [PSYoungGen: 407035K->91548K(465920K)] 1098632K->783410K(1397248K), 0.0121718 secs] [Times: user=0.03 sys=0.00, real=0.02 secs] 
2294.439: [GC (Allocation Failure) [PSYoungGen: 324508K->37973K(465920K)] 1016370K->730141K(1397248K), 0.0065434 secs] [Times: user=0.02 sys=0.00, real=0.01 secs] 
2294.718: [GC (Allocation Failure) [PSYoungGen: 270933K->183658K(465920K)] 963101K->877064K(1397248K), 0.0202547 secs] [Times: user=0.03 sys=0.00, real=0.02 secs] 
2295.000: [GC (Allocation Failure) [PSYoungGen: 416618K->184622K(465920K)] 1110024K->878300K(1397248K), 0.0203837 secs] [Times: user=0.03 sys=0.00, real=0.02 secs] 
2296.210: [GC (Allocation Failure) [PSYoungGen: 410074K->92512K(465920K)] 1103752K->786455K(1397248K), 0.0220220 secs] [Times: user=0.05 sys=0.00, real=0.02 secs] 
2297.826: [GC (Allocation Failure) [PSYoungGen: 325472K->37748K(465920K)] 1019415K->731999K(1397248K), 0.0076078 secs] [Times: user=0.01 sys=0.00, real=0.01 secs] 
2298.135: [GC (Allocation Failure) [PSYoungGen: 270708K->184558K(465920K)] 964959K->880071K(1397248K), 0.0203781 secs] [Times: user=0.03 sys=0.00, real=0.02 secs] 
2298.476: [GC (Allocation Failure) [PSYoungGen: 417518K->184301K(465920K)] 1113031K->880087K(1397248K), 0.0203690 secs] [Times: user=0.02 sys=0.00, real=0.02 secs] 
2299.431: [GC (Allocation Failure) [PSYoungGen: 409188K->92094K(465920K)] 1104974K->788145K(1397248K), 0.0131743 secs] [Times: user=0.02 sys=0.00, real=0.02 secs] 
2301.764: [GC (Allocation Failure) [PSYoungGen: 325054K->37684K(465920K)] 1021105K->734040K(1397248K), 0.0076682 secs] [Times: user=0.02 sys=0.00, real=0.00 secs] 
2302.083: [GC (Allocation Failure) [PSYoungGen: 270644K->184430K(465920K)] 967000K->882032K(1397248K), 0.0201887 secs] [Times: user=0.03 sys=0.00, real=0.02 secs] 
2302.370: [GC (Allocation Failure) [PSYoungGen: 417390K->184301K(465920K)] 1114992K->882176K(1397248K), 0.0201624 secs] [Times: user=0.02 sys=0.00, real=0.02 secs] 
2303.037: [GC (Allocation Failure) [PSYoungGen: 409456K->92239K(465920K)] 1107331K->790387K(1397248K), 0.0109034 secs] [Times: user=0.02 sys=0.00, real=0.01 secs] 
2303.933: [GC (Allocation Failure) [PSYoungGen: 325199K->37973K(465920K)] 1023347K->736451K(1397248K), 0.0058492 secs] [Times: user=0.02 sys=0.00, real=0.00 secs] 
2304.204: [GC (Allocation Failure) [PSYoungGen: 270933K->184687K(465920K)] 969411K->884539K(1397248K), 0.0207113 secs] [Times: user=0.02 sys=0.00, real=0.02 secs] 
2304.493: [GC (Allocation Failure) [PSYoungGen: 417647K->184687K(465920K)] 1117499K->884675K(1397248K), 0.0203164 secs] [Times: user=0.03 sys=0.00, real=0.02 secs] 
2305.159: [GC (Allocation Failure) [PSYoungGen: 407229K->91291K(465920K)] 1107218K->791544K(1397248K), 0.0111427 secs] [Times: user=0.02 sys=0.00, real=0.01 secs] 
2306.178: [GC (Allocation Failure) [PSYoungGen: 324251K->37874K(465920K)] 1024504K->738427K(1397248K), 0.0063575 secs] [Times: user=0.02 sys=0.00, real=0.01 secs] 
2306.504: [GC (Allocation Failure) [PSYoungGen: 270834K->183916K(465920K)] 971387K->885714K(1397248K), 0.0202189 secs] [Times: user=0.03 sys=0.00, real=0.02 secs] 
2306.787: [GC (Allocation Failure) [PSYoungGen: 416876K->184398K(465920K)] 1118674K->886469K(1397248K), 0.0202688 secs] [Times: user=0.03 sys=0.00, real=0.02 secs] 
2307.751: [GC (Allocation Failure) [PSYoungGen: 408123K->92496K(465920K)] 1110195K->794833K(1397248K), 0.0124040 secs] [Times: user=0.03 sys=0.00, real=0.02 secs] 
2309.330: [GC (Allocation Failure) [PSYoungGen: 325456K->37456K(465920K)] 1027793K->740109K(1397248K), 0.0066301 secs] [Times: user=0.02 sys=0.00, real=0.01 secs] 
2309.613: [GC (Allocation Failure) [PSYoungGen: 270416K->184430K(465920K)] 973069K->888320K(1397248K), 0.0202496 secs] [Times: user=0.02 sys=0.00, real=0.02 secs] 
2309.895: [GC (Allocation Failure) [PSYoungGen: 417390K->184526K(465920K)] 1121280K->888689K(1397248K), 0.0202082 secs] [Times: user=0.03 sys=0.00, real=0.02 secs] 
2311.292: [GC (Allocation Failure) [PSYoungGen: 408094K->92191K(465920K)] 1112257K->796627K(1397248K), 0.0206691 secs] [Times: user=0.05 sys=0.00, real=0.03 secs] 
2313.225: [GC (Allocation Failure) [PSYoungGen: 325151K->37845K(465920K)] 1029587K->742589K(1397248K), 0.0078743 secs] [Times: user=0.02 sys=0.00, real=0.01 secs] 
2313.543: [GC (Allocation Failure) [PSYoungGen: 270805K->184430K(465920K)] 975549K->890419K(1397248K), 0.0203514 secs] [Times: user=0.03 sys=0.00, real=0.02 secs] 
2313.833: [GC (Allocation Failure) [PSYoungGen: 417390K->184558K(465920K)] 1123379K->890813K(1397248K), 0.0203719 secs] [Times: user=0.03 sys=0.00, real=0.02 secs] 
2315.172: [GC (Allocation Failure) [PSYoungGen: 407097K->91837K(465920K)] 1113352K->798357K(1397248K), 0.0209335 secs] [Times: user=0.04 sys=0.00, real=0.03 secs] 
2316.123: [GC (Allocation Failure) [PSYoungGen: 324797K->37973K(465920K)] 1031317K->744801K(1397248K), 0.0057399 secs] [Times: user=0.02 sys=0.00, real=0.00 secs] 
2316.390: [GC (Allocation Failure) [PSYoungGen: 270933K->184430K(465920K)] 977761K->892495K(1397248K), 0.0203647 secs] [Times: user=0.02 sys=0.00, real=0.02 secs] 
2316.672: [GC (Allocation Failure) [PSYoungGen: 417390K->184269K(465920K)] 1125455K->892607K(1397248K), 0.0202635 secs] [Times: user=0.03 sys=0.00, real=0.02 secs] 
2317.359: [GC (Allocation Failure) [PSYoungGen: 409342K->91982K(465920K)] 1117680K->800721K(1397248K), 0.0113544 secs] [Times: user=0.03 sys=0.00, real=0.01 secs] 
2318.299: [GC (Allocation Failure) [PSYoungGen: 324942K->37973K(465920K)] 1033681K->746900K(1397248K), 0.0063622 secs] [Times: user=0.01 sys=0.00, real=0.01 secs] 
2318.641: [GC (Allocation Failure) [PSYoungGen: 270933K->184301K(465920K)] 979860K->894473K(1397248K), 0.0200896 secs] [Times: user=0.02 sys=0.00, real=0.02 secs] 
2318.975: [GC (Allocation Failure) [PSYoungGen: 417261K->183626K(465920K)] 1127433K->894064K(1397248K), 0.0202532 secs] [Times: user=0.03 sys=0.00, real=0.02 secs] 
2319.619: [GC (Allocation Failure) [PSYoungGen: 408062K->92737K(465920K)] 1118499K->803439K(1397248K), 0.0128669 secs] [Times: user=0.03 sys=0.00, real=0.01 secs] 
2320.251: [GC (Allocation Failure) [PSYoungGen: 325697K->145156K(465920K)] 1036399K->856182K(1397248K), 0.0145182 secs] [Times: user=0.03 sys=0.00, real=0.02 secs] 
2320.449: [GC (Allocation Failure) [PSYoungGen: 378116K->184783K(465920K)] 1089142K->929831K(1397248K), 0.0228358 secs] [Times: user=0.04 sys=0.00, real=0.02 secs] 
2320.659: [GC (Allocation Failure) [PSYoungGen: 417743K->183819K(465920K)] 1162791K->929268K(1397248K), 0.0201429 secs] [Times: user=0.03 sys=0.00, real=0.02 secs] 
2323.222: [GC (Allocation Failure) [PSYoungGen: 416779K->1408K(465920K)] 1162228K->746881K(1397248K), 0.0037446 secs] [Times: user=0.02 sys=0.00, real=0.01 secs] 
2324.252: [GC (Allocation Failure) [PSYoungGen: 234368K->134751K(465920K)] 979841K->880417K(1397248K), 0.0157609 secs] [Times: user=0.02 sys=0.00, real=0.01 secs] 
2324.587: [GC (Allocation Failure) [PSYoungGen: 367711K->184558K(465920K)] 1113377K->931462K(1397248K), 0.0204683 secs] [Times: user=0.02 sys=0.00, real=0.02 secs] 
2325.196: [GC (Allocation Failure) [PSYoungGen: 417518K->167041K(465920K)] 1164422K->914210K(1397248K), 0.0218731 secs] [Times: user=0.03 sys=0.00, real=0.02 secs] 
2326.741: [GC (Allocation Failure) [PSYoungGen: 400001K->96K(465920K)] 1147170K->748686K(1397248K), 0.0028027 secs] [Times: user=0.01 sys=0.00, real=0.01 secs] 
2327.206: [GC (Allocation Failure) [PSYoungGen: 233056K->157208K(465920K)] 981646K->905814K(1397248K), 0.0176275 secs] [Times: user=0.02 sys=0.00, real=0.02 secs] 
2327.546: [GC (Allocation Failure) [PSYoungGen: 390168K->184462K(465920K)] 1138774K->934322K(1397248K), 0.0204748 secs] [Times: user=0.03 sys=0.00, real=0.02 secs] 
2328.924: [GC (Allocation Failure) [PSYoungGen: 417422K->148790K(465920K)] 1167282K->898932K(1397248K), 0.0404153 secs] [Times: user=0.07 sys=0.00, real=0.04 secs] 
2331.224: [GC (Allocation Failure) [PSYoungGen: 381750K->96K(465920K)] 1131892K->751679K(1397248K), 0.0030631 secs] [Times: user=0.02 sys=0.00, real=0.00 secs] 
2331.605: [GC (Allocation Failure) [PSYoungGen: 233056K->179091K(465920K)] 984639K->930699K(1397248K), 0.0198799 secs] [Times: user=0.03 sys=0.00, real=0.02 secs] 
2331.946: [GC (Allocation Failure) [PSYoungGen: 412051K->184044K(465920K)] 1163659K->936905K(1397248K), 0.0205204 secs] [Times: user=0.03 sys=0.00, real=0.02 secs] 
2332.484: [GC (Allocation Failure) [PSYoungGen: 417004K->135455K(465920K)] 1169865K->888589K(1397248K), 0.0184573 secs] [Times: user=0.03 sys=0.00, real=0.01 secs] 
2333.578: [GC (Allocation Failure) [PSYoungGen: 368415K->17410K(465920K)] 1121549K->770857K(1397248K), 0.0043160 secs] [Times: user=0.01 sys=0.00, real=0.00 secs] 
2333.848: [GC (Allocation Failure) [PSYoungGen: 250370K->186357K(465920K)] 1003817K->941059K(1397248K), 0.0207217 secs] [Times: user=0.03 sys=0.01, real=0.02 secs] 
2334.132: [GC (Allocation Failure) [PSYoungGen: 419317K->184623K(465920K)] 1174019K->939597K(1397248K), 0.0205697 secs] [Times: user=0.03 sys=0.00, real=0.03 secs] 
2335.416: [GC (Allocation Failure) [PSYoungGen: 417583K->110312K(465920K)] 1172557K->865551K(1397248K), 0.0197169 secs] [Times: user=0.04 sys=0.00, real=0.02 secs] 
2337.880: [GC (Allocation Failure) [PSYoungGen: 343272K->42889K(465920K)] 1098511K->798428K(1397248K), 0.0087404 secs] [Times: user=0.02 sys=0.00, real=0.01 secs] 
2338.264: [GC (Allocation Failure) [PSYoungGen: 275849K->186486K(465920K)] 1031388K->943279K(1397248K), 0.0206494 secs] [Times: user=0.03 sys=0.00, real=0.02 secs] 
2338.605: [GC (Allocation Failure) [PSYoungGen: 419446K->186036K(465920K)] 1176239K->943230K(1397248K), 0.0203450 secs] [Times: user=0.03 sys=0.00, real=0.02 secs] 
2339.896: [GC (Allocation Failure) [PSYoungGen: 418996K->66922K(465920K)] 1176190K->824261K(1397248K), 0.0103923 secs] [Times: user=0.03 sys=0.00, real=0.01 secs] 
2340.730: [GC (Allocation Failure) [PSYoungGen: 299882K->70361K(465920K)] 1057221K->828014K(1397248K), 0.0101689 secs] [Times: user=0.02 sys=0.00, real=0.01 secs] 
2341.011: [GC (Allocation Failure) [PSYoungGen: 303321K->186132K(465920K)] 1060974K->945039K(1397248K), 0.0204505 secs] [Times: user=0.03 sys=0.00, real=0.02 secs] 
2341.294: [GC (Allocation Failure) [PSYoungGen: 419092K->185940K(465920K)] 1177999K->945248K(1397248K), 0.0203184 secs] [Times: user=0.03 sys=0.00, real=0.02 secs] 
2342.257: [GC (Allocation Failure) [PSYoungGen: 418900K->39804K(465920K)] 1178208K->799377K(1397248K), 0.0072749 secs] [Times: user=0.01 sys=0.00, real=0.01 secs] 
2342.980: [GC (Allocation Failure) [PSYoungGen: 272764K->96998K(465920K)] 1032337K->856747K(1397248K), 0.0116166 secs] [Times: user=0.02 sys=0.00, real=0.01 secs] 
2343.255: [GC (Allocation Failure) [PSYoungGen: 329958K->185972K(465920K)] 1089707K->946975K(1397248K), 0.0206212 secs] [Times: user=0.03 sys=0.00, real=0.02 secs] 
2343.599: [GC (Allocation Failure) [PSYoungGen: 418932K->186036K(465920K)] 1179935K->947313K(1397248K), 0.0204625 secs] [Times: user=0.03 sys=0.00, real=0.02 secs] 
2345.359: [GC (Allocation Failure) [PSYoungGen: 418996K->13360K(465920K)] 1180273K->775030K(1397248K), 0.0058877 secs] [Times: user=0.02 sys=0.00, real=0.01 secs] 
2346.535: [GC (Allocation Failure) [PSYoungGen: 246320K->122702K(465920K)] 1007990K->884543K(1397248K), 0.0141949 secs] [Times: user=0.02 sys=0.00, real=0.01 secs] 
2346.813: [GC (Allocation Failure) [PSYoungGen: 355662K->185972K(465920K)] 1117503K->949067K(1397248K), 0.0207408 secs] [Times: user=0.03 sys=0.00, real=0.02 secs] 
2347.337: [GC (Allocation Failure) [PSYoungGen: 418932K->174476K(465920K)] 1182027K->937836K(1397248K), 0.0265187 secs] [Times: user=0.03 sys=0.00, real=0.03 secs] 
2349.711: [GC (Allocation Failure) [PSYoungGen: 407436K->128K(465920K)] 1170796K->764937K(1397248K), 0.0042209 secs] [Times: user=0.02 sys=0.00, real=0.01 secs] 
2350.556: [GC (Allocation Failure) [PSYoungGen: 233088K->144969K(465920K)] 997897K->909802K(1397248K), 0.0163824 secs] [Times: user=0.02 sys=0.00, real=0.02 secs] 
2350.891: [GC (Allocation Failure) [PSYoungGen: 377929K->184430K(465920K)] 1142762K->950501K(1397248K), 0.0203320 secs] [Times: user=0.03 sys=0.00, real=0.02 secs] 
2351.427: [GC (Allocation Failure) [PSYoungGen: 417390K->161032K(465920K)] 1183461K->927505K(1397248K), 0.0200515 secs] [Times: user=0.03 sys=0.00, real=0.02 secs] 
2354.179: [GC (Allocation Failure) [PSYoungGen: 393992K->64K(465920K)] 1160465K->767852K(1397248K), 0.0044610 secs] [Times: user=0.02 sys=0.00, real=0.01 secs] 
2355.049: [GC (Allocation Failure) [PSYoungGen: 233024K->166975K(465920K)] 1000812K->934779K(1397248K), 0.0184239 secs] [Times: user=0.03 sys=0.00, real=0.02 secs] 
2355.329: [GC (Allocation Failure) [PSYoungGen: 399935K->184269K(465920K)] 1167739K->953439K(1397248K), 0.0205587 secs] [Times: user=0.02 sys=0.01, real=0.02 secs] 
2355.797: [GC (Allocation Failure) [PSYoungGen: 413959K->139151K(465920K)] 1183130K->908457K(1397248K), 0.0166183 secs] [Times: user=0.03 sys=0.00, real=0.02 secs] 
2356.776: [GC (Allocation Failure) [PSYoungGen: 372111K->1601K(465920K)] 1141417K->771214K(1397248K), 0.0027926 secs] [Times: user=0.01 sys=0.00, real=0.00 secs] 
2357.064: [GC (Allocation Failure) [PSYoungGen: 234561K->184558K(465920K)] 1004174K->955416K(1397248K), 0.0203824 secs] [Times: user=0.03 sys=0.00, real=0.02 secs] 
2357.399: [GC (Allocation Failure) [PSYoungGen: 417518K->184719K(465920K)] 1188376K->955842K(1397248K), 0.0204208 secs] [Times: user=0.03 sys=0.00, real=0.02 secs] 
2358.371: [GC (Allocation Failure) [PSYoungGen: 417679K->127904K(465920K)] 1188802K->899428K(1397248K), 0.0220489 secs] [Times: user=0.05 sys=0.00, real=0.03 secs] 
2359.920: [GC (Allocation Failure) [PSYoungGen: 360864K->24732K(465920K)] 1132388K->796434K(1397248K), 0.0059298 secs] [Times: user=0.02 sys=0.00, real=0.01 secs] 
2360.265: [GC (Allocation Failure) [PSYoungGen: 257692K->186357K(465920K)] 1029394K->959426K(1397248K), 0.0207207 secs] [Times: user=0.03 sys=0.00, real=0.02 secs] 
2360.605: [GC (Allocation Failure) [PSYoungGen: 419317K->184847K(465920K)] 1192386K->958060K(1397248K), 0.0204358 secs] [Times: user=0.03 sys=0.00, real=0.02 secs] 
2362.000: [GC (Allocation Failure) [PSYoungGen: 417807K->102842K(465920K)] 1191020K->876319K(1397248K), 0.0214037 secs] [Times: user=0.04 sys=0.00, real=0.02 secs] 
2363.848: [GC (Allocation Failure) [PSYoungGen: 335802K->49412K(465920K)] 1109279K->823195K(1397248K), 0.0082985 secs] [Times: user=0.02 sys=0.00, real=0.01 secs] 
2364.220: [GC (Allocation Failure) [PSYoungGen: 282372K->186325K(465920K)] 1056155K->961346K(1397248K), 0.0208826 secs] [Times: user=0.03 sys=0.00, real=0.02 secs] 
2364.564: [GC (Allocation Failure) [PSYoungGen: 419285K->185940K(465920K)] 1194306K->961234K(1397248K), 0.0204567 secs] [Times: user=0.03 sys=0.00, real=0.02 secs] 
2366.232: [GC (Allocation Failure) [PSYoungGen: 418900K->60560K(465920K)] 1194194K->836119K(1397248K), 0.0117967 secs] [Times: user=0.02 sys=0.00, real=0.02 secs] 
2367.330: [GC (Allocation Failure) [PSYoungGen: 293520K->76273K(465920K)] 1069079K->852154K(1397248K), 0.0094310 secs] [Times: user=0.02 sys=0.00, real=0.01 secs] 
2367.604: [GC (Allocation Failure) [PSYoungGen: 309233K->186036K(465920K)] 1085114K->963170K(1397248K), 0.0206036 secs] [Times: user=0.03 sys=0.00, real=0.02 secs] 
2367.944: [GC (Allocation Failure) [PSYoungGen: 418996K->184558K(465920K)] 1196130K->961974K(1397248K), 0.0203691 secs] [Times: user=0.03 sys=0.00, real=0.02 secs] 
2368.884: [GC (Allocation Failure) [PSYoungGen: 417518K->35466K(465920K)] 1194934K->813147K(1397248K), 0.0069245 secs] [Times: user=0.02 sys=0.00, real=0.00 secs] 
2369.595: [GC (Allocation Failure) [PSYoungGen: 268426K->101496K(465920K)] 1046107K->879482K(1397248K), 0.0120372 secs] [Times: user=0.02 sys=0.00, real=0.01 secs] 
2369.872: [GC (Allocation Failure) [PSYoungGen: 334456K->186132K(465920K)] 1112442K->965372K(1397248K), 0.0206786 secs] [Times: user=0.03 sys=0.00, real=0.02 secs] 
2370.215: [GC (Allocation Failure) [PSYoungGen: 419092K->185908K(465920K)] 1198332K->965421K(1397248K), 0.0204057 secs] [Times: user=0.03 sys=0.00, real=0.02 secs] 
2371.571: [GC (Allocation Failure) [PSYoungGen: 418868K->8765K(465920K)] 1198381K->788543K(1397248K), 0.0033908 secs] [Times: user=0.01 sys=0.00, real=0.01 secs] 
2372.527: [GC (Allocation Failure) [PSYoungGen: 241725K->127361K(465920K)] 1021503K->907445K(1397248K), 0.0143215 secs] [Times: user=0.02 sys=0.00, real=0.01 secs] 
2372.806: [GC (Allocation Failure) [PSYoungGen: 360321K->186068K(465920K)] 1140405K->967390K(1397248K), 0.0203486 secs] [Times: user=0.02 sys=0.00, real=0.02 secs] 
2373.221: [GC (Allocation Failure) [PSYoungGen: 419028K->170713K(465920K)] 1200350K->952435K(1397248K), 0.0225397 secs] [Times: user=0.03 sys=0.00, real=0.03 secs] 
2374.877: [GC (Allocation Failure) [PSYoungGen: 403673K->160K(465920K)] 1185395K->783195K(1397248K), 0.0053645 secs] [Times: user=0.02 sys=0.00, real=0.00 secs] 
2375.530: [GC (Allocation Failure) [PSYoungGen: 233072K->153258K(465920K)] 1016108K->936318K(1397248K), 0.0171545 secs] [Times: user=0.03 sys=0.00, real=0.02 secs] 
2375.812: [GC (Allocation Failure) [PSYoungGen: 386218K->184944K(465920K)] 1169278K->969257K(1397248K), 0.0206919 secs] [Times: user=0.02 sys=0.00, real=0.03 secs] 
2376.328: [GC (Allocation Failure) [PSYoungGen: 417904K->152228K(465920K)] 1202217K->936815K(1397248K), 0.0227885 secs] [Times: user=0.04 sys=0.00, real=0.02 secs] 
2378.228: [GC (Allocation Failure) [PSYoungGen: 385188K->96K(465920K)] 1169775K->786130K(1397248K), 0.0060489 secs] [Times: user=0.03 sys=0.00, real=0.01 secs] 
2378.665: [GC (Allocation Failure) [PSYoungGen: 233056K->176904K(465920K)] 1019090K->962970K(1397248K), 0.0194193 secs] [Times: user=0.02 sys=0.00, real=0.02 secs] 
2378.955: [GC (Allocation Failure) [PSYoungGen: 409864K->186357K(465920K)] 1195930K->973661K(1397248K), 0.0205248 secs] [Times: user=0.03 sys=0.00, real=0.02 secs] 
2379.960: [GC (Allocation Failure) [PSYoungGen: 419317K->135358K(465920K)] 1206621K->922927K(1397248K), 0.0295403 secs] [Times: user=0.05 sys=0.00, real=0.03 secs] 
2382.532: [GC (Allocation Failure) [PSYoungGen: 368318K->17892K(465920K)] 1155887K->805758K(1397248K), 0.0062387 secs] [Times: user=0.02 sys=0.00, real=0.01 secs] 
2382.931: [GC (Allocation Failure) [PSYoungGen: 250852K->184398K(465920K)] 1038718K->973518K(1397248K), 0.0201319 secs] [Times: user=0.02 sys=0.00, real=0.02 secs] 
2383.277: [GC (Allocation Failure) [PSYoungGen: 417358K->186357K(465920K)] 1206478K->975751K(1397248K), 0.0207575 secs] [Times: user=0.03 sys=0.00, real=0.02 secs] 
2384.847: [GC (Allocation Failure) [PSYoungGen: 419317K->110007K(465920K)] 1208711K->899794K(1397248K), 0.0292084 secs] [Times: user=0.06 sys=0.00, real=0.03 secs] 
2386.346: [GC (Allocation Failure) [PSYoungGen: 342967K->43757K(465920K)] 1132754K->833721K(1397248K), 0.0062598 secs] [Times: user=0.01 sys=0.00, real=0.00 secs] 
2386.616: [GC (Allocation Failure) [PSYoungGen: 276717K->185715K(465920K)] 1066681K->976933K(1397248K), 0.0204564 secs] [Times: user=0.03 sys=0.00, real=0.02 secs] 
2386.957: [GC (Allocation Failure) [PSYoungGen: 418675K->184462K(465920K)] 1209893K->975952K(1397248K), 0.0203597 secs] [Times: user=0.03 sys=0.00, real=0.02 secs] 
2388.503: [GC (Allocation Failure) [PSYoungGen: 417422K->68432K(465920K)] 1208912K->860325K(1397248K), 0.0143335 secs] [Times: user=0.03 sys=0.00, real=0.01 secs] 
2389.853: [GC (Allocation Failure) [PSYoungGen: 301392K->68176K(465920K)] 1093285K->860248K(1397248K), 0.0088412 secs] [Times: user=0.02 sys=0.00, real=0.00 secs] 
2390.126: [GC (Allocation Failure) [PSYoungGen: 301136K->184590K(465920K)] 1093208K->977915K(1397248K), 0.0205651 secs] [Times: user=0.03 sys=0.00, real=0.02 secs] 
2390.414: [GC (Allocation Failure) [PSYoungGen: 417550K->184687K(465920K)] 1210875K->978285K(1397248K), 0.0204566 secs] [Times: user=0.03 sys=0.00, real=0.02 secs] 
2391.241: [GC (Allocation Failure) [PSYoungGen: 417647K->44864K(465920K)] 1211245K->838856K(1397248K), 0.0074805 secs] [Times: user=0.02 sys=0.00, real=0.01 secs] 
2391.929: [GC (Allocation Failure) [PSYoungGen: 277824K->92756K(465920K)] 1071816K->886917K(1397248K), 0.0111496 secs] [Times: user=0.02 sys=0.00, real=0.01 secs] 
2392.203: [GC (Allocation Failure) [PSYoungGen: 325716K->185907K(465920K)] 1119877K->981322K(1397248K), 0.0205247 secs] [Times: user=0.03 sys=0.00, real=0.02 secs] 
2392.547: [GC (Allocation Failure) [PSYoungGen: 418867K->184462K(465920K)] 1214282K->980149K(1397248K), 0.0204361 secs] [Times: user=0.03 sys=0.00, real=0.02 secs] 
2393.802: [GC (Allocation Failure) [PSYoungGen: 417422K->19304K(465920K)] 1213109K->815257K(1397248K), 0.0048820 secs] [Times: user=0.01 sys=0.00, real=0.01 secs] 
2394.388: [GC (Allocation Failure) [PSYoungGen: 252264K->116723K(465920K)] 1048217K->912989K(1397248K), 0.0137327 secs] [Times: user=0.02 sys=0.00, real=0.01 secs] 
2394.724: [GC (Allocation Failure) [PSYoungGen: 349683K->184173K(465920K)] 1145949K->981685K(1397248K), 0.0204044 secs] [Times: user=0.02 sys=0.00, real=0.02 secs] 
2395.064: [GC (Allocation Failure) [PSYoungGen: 417133K->181356K(465920K)] 1214645K->979141K(1397248K), 0.0201597 secs] [Times: user=0.03 sys=0.00, real=0.02 secs] 
2396.324: [GC (Allocation Failure) [PSYoungGen: 414316K->96K(465920K)] 1212101K->799298K(1397248K), 0.0029401 secs] [Times: user=0.01 sys=0.00, real=0.00 secs] 
2396.998: [GC (Allocation Failure) [PSYoungGen: 233056K->136547K(465920K)] 1032258K->935790K(1397248K), 0.0155038 secs] [Times: user=0.02 sys=0.00, real=0.02 secs] 
2397.331: [GC (Allocation Failure) [PSYoungGen: 369507K->184558K(465920K)] 1168750K->985039K(1397248K), 0.0204979 secs] [Times: user=0.03 sys=0.00, real=0.02 secs] 
2397.897: [GC (Allocation Failure) [PSYoungGen: 417518K->165290K(465920K)] 1217999K->966035K(1397248K), 0.0224518 secs] [Times: user=0.03 sys=0.00, real=0.02 secs] 
2399.861: [GC (Allocation Failure) [PSYoungGen: 398250K->64K(465920K)] 1198995K->802243K(1397248K), 0.0039587 secs] [Times: user=0.01 sys=0.00, real=0.01 secs] 
2400.403: [GC (Allocation Failure) [PSYoungGen: 233024K->159039K(465920K)] 1035203K->961234K(1397248K), 0.0179922 secs] [Times: user=0.02 sys=0.00, real=0.01 secs] 
2400.689: [GC (Allocation Failure) [PSYoungGen: 391999K->184301K(465920K)] 1194194K->987742K(1397248K), 0.0203695 secs] [Times: user=0.03 sys=0.00, real=0.02 secs] 
2401.383: [GC (Allocation Failure) [PSYoungGen: 417261K->147119K(465920K)] 1220702K->950825K(1397248K), 0.0194494 secs] [Times: user=0.03 sys=0.00, real=0.02 secs] 
2402.390: [GC (Allocation Failure) [PSYoungGen: 380079K->160K(465920K)] 1183785K->805305K(1397248K), 0.0029257 secs] [Times: user=0.01 sys=0.00, real=0.01 secs] 
2402.702: [GC (Allocation Failure) [PSYoungGen: 233120K->181180K(465920K)] 1038265K->986349K(1397248K), 0.0198944 secs] [Times: user=0.03 sys=0.00, real=0.02 secs] 
2402.989: [GC (Allocation Failure) [PSYoungGen: 414140K->184430K(465920K)] 1219309K->990845K(1397248K), 0.0204328 secs] [Times: user=0.03 sys=0.01, real=0.02 secs] 
2404.303: [GC (Allocation Failure) [PSYoungGen: 417390K->133045K(465920K)] 1223805K->939733K(1397248K), 0.0419070 secs] [Times: user=0.08 sys=0.00, real=0.04 secs] 
2406.481: [GC (Allocation Failure) [PSYoungGen: 366005K->19209K(465920K)] 1172693K->826213K(1397248K), 0.0067991 secs] [Times: user=0.02 sys=0.00, real=0.01 secs] 
2406.823: [GC (Allocation Failure) [PSYoungGen: 252169K->184173K(465920K)] 1059173K->992414K(1397248K), 0.0205273 secs] [Times: user=0.02 sys=0.00, real=0.02 secs] 
2407.111: [GC (Allocation Failure) [PSYoungGen: 417133K->184430K(465920K)] 1225374K->993073K(1397248K), 0.0203958 secs] [Times: user=0.03 sys=0.00, real=0.02 secs] 
2409.920: [GC (Allocation Failure) [PSYoungGen: 417390K->110939K(465920K)] 1226033K->919718K(1397248K), 0.0318581 secs] [Times: user=0.07 sys=0.00, real=0.03 secs] 
2411.296: [GC (Allocation Failure) [PSYoungGen: 343899K->41315K(465920K)] 1152678K->850397K(1397248K), 0.0103397 secs] [Times: user=0.02 sys=0.00, real=0.01 secs] 
2411.631: [GC (Allocation Failure) [PSYoungGen: 274275K->184205K(465920K)] 1083357K->994540K(1397248K), 0.0205906 secs] [Times: user=0.03 sys=0.00, real=0.02 secs] 
2411.913: [GC (Allocation Failure) [PSYoungGen: 417165K->184044K(465920K)] 1227500K->994644K(1397248K), 0.0201991 secs] [Times: user=0.03 sys=0.00, real=0.02 secs] 
2414.208: [GC (Allocation Failure) [PSYoungGen: 417004K->72738K(465920K)] 1227604K->883603K(1397248K), 0.0189642 secs] [Times: user=0.03 sys=0.00, real=0.02 secs] 
2415.943: [GC (Allocation Failure) [PSYoungGen: 305698K->63164K(465920K)] 1116563K->874327K(1397248K), 0.0094584 secs] [Times: user=0.02 sys=0.00, real=0.01 secs] 
2416.227: [GC (Allocation Failure) [PSYoungGen: 296124K->186518K(465920K)] 1107287K->998935K(1397248K), 0.0205175 secs] [Times: user=0.03 sys=0.00, real=0.02 secs] 
2416.513: [GC (Allocation Failure) [PSYoungGen: 419478K->186100K(465920K)] 1231895K->998919K(1397248K), 0.0204968 secs] [Times: user=0.03 sys=0.00, real=0.02 secs] 
2419.078: [GC (Allocation Failure) [PSYoungGen: 419060K->46599K(465920K)] 1231879K->859683K(1397248K), 0.0161632 secs] [Times: user=0.03 sys=0.00, real=0.02 secs] 
2420.808: [GC (Allocation Failure) [PSYoungGen: 279559K->89543K(465920K)] 1092643K->902814K(1397248K), 0.0107447 secs] [Times: user=0.02 sys=0.00, real=0.01 secs] 
2421.083: [GC (Allocation Failure) [PSYoungGen: 322503K->186132K(465920K)] 1135774K->1000641K(1397248K), 0.0205849 secs] [Times: user=0.03 sys=0.00, real=0.02 secs] 
2421.450: [GC (Allocation Failure) [PSYoungGen: 419092K->185811K(465920K)] 1233601K->1000721K(1397248K), 0.0204473 secs] [Times: user=0.03 sys=0.00, real=0.02 secs] 
2423.677: [GC (Allocation Failure) [PSYoungGen: 418771K->20847K(465920K)] 1233681K->835893K(1397248K), 0.0063954 secs] [Times: user=0.02 sys=0.00, real=0.01 secs] 
2425.376: [GC (Allocation Failure) [PSYoungGen: 253807K->115566K(465920K)] 1068853K->930920K(1397248K), 0.0135986 secs] [Times: user=0.02 sys=0.00, real=0.01 secs] 
2425.710: [GC (Allocation Failure) [PSYoungGen: 348526K->185715K(465920K)] 1163880K->1002322K(1397248K), 0.0206959 secs] [Times: user=0.02 sys=0.00, real=0.02 secs] 
2426.141: [GC (Allocation Failure) [PSYoungGen: 418675K->181482K(465920K)] 1235282K->998363K(1397248K), 0.0224964 secs] [Times: user=0.03 sys=0.00, real=0.03 secs] 
2427.405: [GC (Allocation Failure) [PSYoungGen: 414442K->64K(465920K)] 1231323K->818391K(1397248K), 0.0027702 secs] [Times: user=0.02 sys=0.00, real=0.00 secs] 
2428.099: [GC (Allocation Failure) [PSYoungGen: 233024K->139728K(465920K)] 1051351K->958080K(1397248K), 0.0158991 secs] [Times: user=0.02 sys=0.00, real=0.02 secs] 
2428.431: [GC (Allocation Failure) [PSYoungGen: 372688K->184173K(465920K)] 1191040K->1003769K(1397248K), 0.0204346 secs] [Times: user=0.02 sys=0.00, real=0.02 secs] 
2428.955: [GC (Allocation Failure) [PSYoungGen: 417133K->162446K(465920K)] 1236729K->982308K(1397248K), 0.0337840 secs] [Times: user=0.04 sys=0.01, real=0.03 secs] 
2431.312: [GC (Allocation Failure) [PSYoungGen: 395406K->96K(465920K)] 1215268K->821409K(1397248K), 0.0109199 secs] [Times: user=0.02 sys=0.04, real=0.02 secs] 
2431.984: [GC (Allocation Failure) [PSYoungGen: 233056K->160935K(465920K)] 1054369K->982264K(1397248K), 0.0180542 secs] [Times: user=0.02 sys=0.00, real=0.01 secs] 
2432.271: [GC (Allocation Failure) [PSYoungGen: 393895K->184558K(465920K)] 1215224K->1007262K(1397248K), 0.0206237 secs] [Times: user=0.03 sys=0.00, real=0.02 secs] 
2433.142: [GC (Allocation Failure) [PSYoungGen: 417518K->144934K(465920K)] 1240222K->967775K(1397248K), 0.0191997 secs] [Times: user=0.03 sys=0.00, real=0.02 secs] 
2435.671: [GC (Allocation Failure) [PSYoungGen: 377894K->128K(465920K)] 1200735K->824399K(1397248K), 0.0042314 secs] [Times: user=0.02 sys=0.00, real=0.01 secs] 
2436.070: [GC (Allocation Failure) [PSYoungGen: 233088K->183076K(465920K)] 1057359K->1007364K(1397248K), 0.0201701 secs] [Times: user=0.02 sys=0.00, real=0.02 secs] 
2436.412: [GC (Allocation Failure) [PSYoungGen: 416036K->184462K(465920K)] 1240324K->1009995K(1397248K), 0.0204960 secs] [Times: user=0.03 sys=0.00, real=0.03 secs] 
2437.251: [GC (Allocation Failure) [PSYoungGen: 417422K->131085K(465920K)] 1242955K->956883K(1397248K), 0.0211802 secs] [Times: user=0.04 sys=0.00, real=0.02 secs] 
2439.174: [GC (Allocation Failure) [PSYoungGen: 364045K->21201K(465920K)] 1189843K->847313K(1397248K), 0.0057037 secs] [Times: user=0.01 sys=0.00, real=0.00 secs] 
2439.470: [GC (Allocation Failure) [PSYoungGen: 254161K->184462K(465920K)] 1080273K->1011836K(1397248K), 0.0205029 secs] [Times: user=0.03 sys=0.01, real=0.02 secs] 
2439.754: [GC (Allocation Failure) [PSYoungGen: 417422K->184301K(465920K)] 1244796K->1012077K(1397248K), 0.0205711 secs] [Times: user=0.03 sys=0.00, real=0.02 secs] 
2440.384: [GC (Allocation Failure) [PSYoungGen: 417261K->108866K(465920K)] 1245037K->936786K(1397248K), 0.0128641 secs] [Times: user=0.03 sys=0.00, real=0.01 secs] 
2441.872: [GC (Allocation Failure) [PSYoungGen: 341826K->43243K(465920K)] 1169746K->871468K(1397248K), 0.0084802 secs] [Times: user=0.02 sys=0.00, real=0.01 secs] 
2442.252: [GC (Allocation Failure) [PSYoungGen: 276203K->184173K(465920K)] 1104428K->1013765K(1397248K), 0.0206722 secs] [Times: user=0.03 sys=0.00, real=0.03 secs] 
2442.534: [GC (Allocation Failure) [PSYoungGen: 417133K->184590K(465920K)] 1246725K->1014327K(1397248K), 0.0203047 secs] [Times: user=0.03 sys=0.00, real=0.02 secs] 
2443.854: [GC (Allocation Failure) [PSYoungGen: 417550K->70312K(465920K)] 1247287K->900314K(1397248K), 0.0178182 secs] [Times: user=0.04 sys=0.00, real=0.01 secs] 
2445.437: [GC (Allocation Failure) [PSYoungGen: 303272K->65763K(465920K)] 1133274K->896067K(1397248K), 0.0085804 secs] [Times: user=0.02 sys=0.00, real=0.01 secs] 
2445.764: [GC (Allocation Failure) [PSYoungGen: 298723K->186518K(465920K)] 1129027K->1018067K(1397248K), 0.0207531 secs] [Times: user=0.03 sys=0.00, real=0.02 secs] 
2446.053: [GC (Allocation Failure) [PSYoungGen: 419478K->186132K(465920K)] 1251027K->1017963K(1397248K), 0.0205941 secs] [Times: user=0.03 sys=0.00, real=0.02 secs] 
2448.016: [GC (Allocation Failure) [PSYoungGen: 419092K->43917K(465920K)] 1250923K->876012K(1397248K), 0.0080797 secs] [Times: user=0.02 sys=0.00, real=0.01 secs] 
2449.105: [GC (Allocation Failure) [PSYoungGen: 276877K->92528K(465920K)] 1108972K->924931K(1397248K), 0.0111503 secs] [Times: user=0.02 sys=0.00, real=0.01 secs] 
2449.379: [GC (Allocation Failure) [PSYoungGen: 325488K->185715K(465920K)] 1157891K->1019371K(1397248K), 0.0208341 secs] [Times: user=0.03 sys=0.00, real=0.02 secs] 
2449.720: [GC (Allocation Failure) [PSYoungGen: 418675K->184430K(465920K)] 1252331K->1018359K(1397248K), 0.0207884 secs] [Times: user=0.03 sys=0.00, real=0.02 secs] 
2450.908: [GC (Allocation Failure) [PSYoungGen: 417390K->19674K(465920K)] 1251319K->853997K(1397248K), 0.0051678 secs] [Times: user=0.02 sys=0.00, real=0.01 secs] 
2451.875: [GC (Allocation Failure) [PSYoungGen: 252634K->116434K(465920K)] 1086957K->950944K(1397248K), 0.0135429 secs] [Times: user=0.03 sys=0.00, real=0.01 secs] 
2452.151: [GC (Allocation Failure) [PSYoungGen: 349394K->184847K(465920K)] 1183904K->1020611K(1397248K), 0.0207097 secs] [Times: user=0.03 sys=0.00, real=0.02 secs] 
2452.477: [GC (Allocation Failure) [PSYoungGen: 417807K->181178K(465920K)] 1253571K->1017344K(1397248K), 0.0199828 secs] [Times: user=0.02 sys=0.00, real=0.02 secs] 
2454.199: [GC (Allocation Failure) [PSYoungGen: 414138K->96K(465920K)] 1250304K->837564K(1397248K), 0.0028599 secs] [Times: user=0.01 sys=0.00, real=0.00 secs] 
2455.177: [GC (Allocation Failure) [PSYoungGen: 233056K->138060K(465920K)] 1070524K->975545K(1397248K), 0.0158520 secs] [Times: user=0.02 sys=0.00, real=0.01 secs] 
2455.513: [GC (Allocation Failure) [PSYoungGen: 371020K->184205K(465920K)] 1208505K->1023064K(1397248K), 0.0205102 secs] [Times: user=0.03 sys=0.00, real=0.02 secs] 
2455.904: [GC (Allocation Failure) [PSYoungGen: 417165K->162021K(465920K)] 1256024K->1001016K(1397248K), 0.0194572 secs] [Times: user=0.03 sys=0.00, real=0.02 secs] 
2457.130: [GC (Allocation Failure) [PSYoungGen: 394981K->96K(465920K)] 1233976K->840539K(1397248K), 0.0030594 secs] [Times: user=0.02 sys=0.00, real=0.01 secs] 
2457.652: [GC (Allocation Failure) [PSYoungGen: 232966K->160003K(465920K)] 1073409K->1000462K(1397248K), 0.0179040 secs] [Times: user=0.03 sys=0.00, real=0.02 secs] 
2457.932: [GC (Allocation Failure) [PSYoungGen: 392963K->184301K(465920K)] 1233422K->1026014K(1397248K), 0.0205511 secs] [Times: user=0.03 sys=0.00, real=0.03 secs] 
2458.397: [GC (Allocation Failure) [PSYoungGen: 417261K->146235K(465920K)] 1258974K->988221K(1397248K), 0.0197624 secs] [Times: user=0.04 sys=0.00, real=0.02 secs] 
2459.348: [GC (Allocation Failure) [PSYoungGen: 379195K->64K(465920K)] 1221181K->843487K(1397248K), 0.0025001 secs] [Times: user=0.01 sys=0.00, real=0.00 secs] 
2459.640: [GC (Allocation Failure) [PSYoungGen: 233024K->184647K(465920K)] 1076447K->1028095K(1397248K), 0.0207075 secs] [Times: user=0.03 sys=0.00, real=0.02 secs] 
2459.927: [GC (Allocation Failure) [PSYoungGen: 417607K->184815K(465920K)] 1261055K->1029508K(1397248K), 0.0210308 secs] [Times: user=0.03 sys=0.00, real=0.02 secs] 
2460.472: [GC (Allocation Failure) [PSYoungGen: 417775K->129205K(465920K)] 1262468K->974171K(1397248K), 0.0155455 secs] [Times: user=0.02 sys=0.00, real=0.02 secs] 
2461.384: [GC (Allocation Failure) [PSYoungGen: 362165K->23450K(465920K)] 1207131K->868730K(1397248K), 0.0043459 secs] [Times: user=0.01 sys=0.00, real=0.00 secs] 
2461.653: [GC (Allocation Failure) [PSYoungGen: 256410K->184719K(465920K)] 1101690K->1031252K(1397248K), 0.0207310 secs] [Times: user=0.03 sys=0.00, real=0.02 secs] 
2461.937: [GC (Allocation Failure) [PSYoungGen: 417679K->184847K(465920K)] 1264212K->1031654K(1397248K), 0.0207019 secs] [Times: user=0.03 sys=0.00, real=0.02 secs] 
2464.912: [GC (Allocation Failure) [PSYoungGen: 417807K->105782K(465920K)] 1264614K->952861K(1397248K), 0.0301956 secs] [Times: user=0.06 sys=0.00, real=0.03 secs] 
2466.271: [GC (Allocation Failure) [PSYoungGen: 338742K->45971K(465920K)] 1185821K->893350K(1397248K), 0.0077821 secs] [Times: user=0.01 sys=0.00, real=0.01 secs] 
2466.557: [GC (Allocation Failure) [PSYoungGen: 278931K->186389K(465920K)] 1126310K->1035022K(1397248K), 0.0206076 secs] [Times: user=0.03 sys=0.00, real=0.02 secs] 
2466.844: [GC (Allocation Failure) [PSYoungGen: 419349K->185972K(465920K)] 1267982K->1035006K(1397248K), 0.0206625 secs] [Times: user=0.03 sys=0.00, real=0.02 secs] 
2469.574: [GC (Allocation Failure) [PSYoungGen: 418932K->64046K(465920K)] 1267966K->913218K(1397248K), 0.0102436 secs] [Times: user=0.02 sys=0.00, real=0.01 secs] 
2470.311: [GC (Allocation Failure) [PSYoungGen: 297006K->71933K(465920K)] 1146178K->921430K(1397248K), 0.0091411 secs] [Times: user=0.02 sys=0.00, real=0.01 secs] 
2470.585: [GC (Allocation Failure) [PSYoungGen: 304893K->186389K(465920K)] 1154390K->1037269K(1397248K), 0.0214132 secs] [Times: user=0.03 sys=0.00, real=0.02 secs] 
2470.875: [GC (Allocation Failure) [PSYoungGen: 419349K->186068K(465920K)] 1270229K->1037092K(1397248K), 0.0206708 secs] [Times: user=0.03 sys=0.00, real=0.02 secs] 
2474.268: [GC (Allocation Failure) [PSYoungGen: 419028K->37908K(465920K)] 1270052K->889197K(1397248K), 0.0111892 secs] [Times: user=0.03 sys=0.00, real=0.01 secs] 
2475.322: [GC (Allocation Failure) [PSYoungGen: 270868K->98055K(465920K)] 1122157K->949641K(1397248K), 0.0118552 secs] [Times: user=0.02 sys=0.00, real=0.01 secs] 
2475.608: [GC (Allocation Failure) [PSYoungGen: 331015K->185972K(465920K)] 1182601K->1038812K(1397248K), 0.0206078 secs] [Times: user=0.03 sys=0.00, real=0.02 secs] 
2475.894: [GC (Allocation Failure) [PSYoungGen: 418932K->185908K(465920K)] 1271772K->1039021K(1397248K), 0.0206638 secs] [Times: user=0.03 sys=0.00, real=0.02 secs] 
2477.327: [GC (Allocation Failure) [PSYoungGen: 418868K->12380K(465920K)] 1271981K->865758K(1397248K), 0.0044483 secs] [Times: user=0.02 sys=0.00, real=0.00 secs] 
2477.906: [GC (Allocation Failure) [PSYoungGen: 245340K->124823K(465920K)] 1098718K->978506K(1397248K), 0.0143470 secs] [Times: user=0.02 sys=0.00, real=0.01 secs] 
2478.185: [GC (Allocation Failure) [PSYoungGen: 357783K->185843K(465920K)] 1211466K->1040781K(1397248K), 0.0206098 secs] [Times: user=0.02 sys=0.00, real=0.02 secs] 
2478.714: [GC (Allocation Failure) [PSYoungGen: 418803K->173636K(465920K)] 1273741K->1028975K(1397248K), 0.0222673 secs] [Times: user=0.04 sys=0.00, real=0.02 secs] 
2479.912: [GC (Allocation Failure) [PSYoungGen: 406596K->128K(465920K)] 1261935K->856778K(1397248K), 0.0030158 secs] [Times: user=0.02 sys=0.00, real=0.01 secs] 
2480.503: [GC (Allocation Failure) [PSYoungGen: 233088K->148310K(465920K)] 1089738K->1004969K(1397248K), 0.0168029 secs] [Times: user=0.02 sys=0.00, real=0.01 secs] 
2480.782: [GC (Allocation Failure) [PSYoungGen: 381270K->184430K(465920K)] 1237929K->1042334K(1397248K), 0.0205355 secs] [Times: user=0.03 sys=0.00, real=0.03 secs] 
2481.413: [GC (Allocation Failure) [PSYoungGen: 417390K->157626K(465920K)] 1275294K->1015803K(1397248K), 0.0189557 secs] [Times: user=0.03 sys=0.00, real=0.01 secs] 
2483.954: [GC (Allocation Failure) [PSYoungGen: 390586K->96K(465920K)] 1248763K->859696K(1397248K), 0.0067415 secs] [Times: user=0.03 sys=0.00, real=0.00 secs] 
2484.598: [GC (Allocation Failure) [PSYoungGen: 233056K->170288K(465920K)] 1092656K->1029913K(1397248K), 0.0189273 secs] [Times: user=0.03 sys=0.00, real=0.02 secs] 
2484.941: [GC (Allocation Failure) [PSYoungGen: 403248K->184173K(465920K)] 1262873K->1045043K(1397248K), 0.0206842 secs] [Times: user=0.03 sys=0.01, real=0.02 secs] 
2485.633: [GC (Allocation Failure) [PSYoungGen: 410104K->135922K(465920K)] 1270974K->997065K(1397248K), 0.0206024 secs] [Times: user=0.03 sys=0.00, real=0.02 secs] 
2487.552: [GC (Allocation Failure) [PSYoungGen: 368882K->1505K(465920K)] 1230025K->862956K(1397248K), 0.0039701 secs] [Times: user=0.02 sys=0.00, real=0.01 secs] 
2487.887: [GC (Allocation Failure) [PSYoungGen: 234465K->184590K(465920K)] 1095916K->1047431K(1397248K), 0.0205652 secs] [Times: user=0.03 sys=0.01, real=0.02 secs] 
2488.170: [GC (Allocation Failure) [PSYoungGen: 417550K->184526K(465920K)] 1280391K->1047640K(1397248K), 0.0204445 secs] [Times: user=0.03 sys=0.00, real=0.02 secs] 
2489.299: [GC (Allocation Failure) [PSYoungGen: 417486K->128161K(465920K)] 1280600K->991420K(1397248K), 0.0244580 secs] [Times: user=0.05 sys=0.00, real=0.03 secs] 
2492.313: [GC (Allocation Failure) [PSYoungGen: 361121K->24350K(465920K)] 1224380K->887932K(1397248K), 0.0077589 secs] [Times: user=0.02 sys=0.00, real=0.00 secs] 
2492.724: [GC (Allocation Failure) [PSYoungGen: 257310K->184173K(465920K)] 1120892K->1049009K(1397248K), 0.0225793 secs] [Times: user=0.04 sys=0.00, real=0.02 secs] 
2493.008: [GC (Allocation Failure) [PSYoungGen: 417133K->184526K(465920K)] 1281969K->1049635K(1397248K), 0.0206373 secs] [Times: user=0.03 sys=0.00, real=0.02 secs] 
2494.544: [GC (Allocation Failure) [PSYoungGen: 417486K->105669K(465920K)] 1282595K->971043K(1397248K), 0.0134889 secs] [Times: user=0.02 sys=0.00, real=0.01 secs] 
2495.373: [GC (Allocation Failure) [PSYoungGen: 338629K->47385K(465920K)] 1204003K->913064K(1397248K), 0.0068811 secs] [Times: user=0.02 sys=0.00, real=0.00 secs] 
2495.645: [GC (Allocation Failure) [PSYoungGen: 280345K->184944K(465920K)] 1146024K->1051869K(1397248K), 0.0205936 secs] [Times: user=0.03 sys=0.00, real=0.02 secs] 
2495.930: [GC (Allocation Failure) [PSYoungGen: 417904K->184944K(465920K)] 1284829K->1052142K(1397248K), 0.0216128 secs] [Times: user=0.03 sys=0.00, real=0.02 secs] 
2498.102: [GC (Allocation Failure) [PSYoungGen: 417904K->65091K(465920K)] 1285102K->932554K(1397248K), 0.0163116 secs] [Times: user=0.04 sys=0.00, real=0.02 secs] 
2499.258: [GC (Allocation Failure) [PSYoungGen: 298051K->70747K(465920K)] 1165514K->938526K(1397248K), 0.0125685 secs] [Times: user=0.02 sys=0.00, real=0.01 secs] 
2499.575: [GC (Allocation Failure) [PSYoungGen: 303707K->186486K(465920K)] 1171486K->1055503K(1397248K), 0.0207149 secs] [Times: user=0.03 sys=0.00, real=0.02 secs] 
2499.864: [GC (Allocation Failure) [PSYoungGen: 419446K->186100K(465920K)] 1288463K->1055519K(1397248K), 0.0205929 secs] [Times: user=0.03 sys=0.00, real=0.02 secs] 
2502.560: [GC (Allocation Failure) [PSYoungGen: 419060K->38936K(465920K)] 1288479K->908620K(1397248K), 0.0106206 secs] [Times: user=0.03 sys=0.00, real=0.01 secs] 
2503.258: [GC (Allocation Failure) [PSYoungGen: 271896K->97541K(465920K)] 1141580K->967395K(1397248K), 0.0117004 secs] [Times: user=0.02 sys=0.00, real=0.01 secs] 
2503.534: [GC (Allocation Failure) [PSYoungGen: 330501K->185940K(465920K)] 1200355K->1057177K(1397248K), 0.0206117 secs] [Times: user=0.02 sys=0.00, real=0.02 secs] 
2503.879: [GC (Allocation Failure) [PSYoungGen: 418900K->186004K(465920K)] 1290137K->1057385K(1397248K), 0.0204459 secs] [Times: user=0.03 sys=0.00, real=0.02 secs] 
2505.371: [GC (Allocation Failure) [PSYoungGen: 418964K->12878K(465920K)] 1290345K->884653K(1397248K), 0.0043851 secs] [Times: user=0.02 sys=0.00, real=0.01 secs] 
2506.156: [GC (Allocation Failure) [PSYoungGen: 245838K->123406K(465920K)] 1117613K->995366K(1397248K), 0.0142770 secs] [Times: user=0.03 sys=0.00, real=0.01 secs] 
2506.445: [GC (Allocation Failure) [PSYoungGen: 356366K->186100K(465920K)] 1228326K->1059298K(1397248K), 0.0207339 secs] [Times: user=0.03 sys=0.00, real=0.02 secs] 
2507.004: [GC (Allocation Failure) [PSYoungGen: 419060K->174729K(465920K)] 1292258K->1048328K(1397248K), 0.0236892 secs] [Times: user=0.04 sys=0.00, real=0.02 secs] 
2508.475: [GC (Allocation Failure) [PSYoungGen: 407689K->96K(465920K)] 1281288K->875002K(1397248K), 0.0029387 secs] [Times: user=0.02 sys=0.00, real=0.00 secs] 
2508.900: [GC (Allocation Failure) [PSYoungGen: 233056K->148214K(465920K)] 1107962K->1023144K(1397248K), 0.0168229 secs] [Times: user=0.02 sys=0.00, real=0.02 secs] 
2509.179: [GC (Allocation Failure) [PSYoungGen: 381174K->184173K(465920K)] 1256104K->1060341K(1397248K), 0.0204144 secs] [Times: user=0.02 sys=0.00, real=0.02 secs] 
2510.305: [GC (Allocation Failure) [PSYoungGen: 417133K->158012K(465920K)] 1293301K->1034445K(1397248K), 0.0451660 secs] [Times: user=0.08 sys=0.00, real=0.04 secs] 
2513.118: [GC (Allocation Failure) [PSYoungGen: 390972K->64K(465920K)] 1267405K->877948K(1397248K), 0.0048176 secs] [Times: user=0.03 sys=0.00, real=0.01 secs] 
2513.702: [GC (Allocation Failure) [PSYoungGen: 233024K->170834K(465920K)] 1110908K->1048735K(1397248K), 0.0191277 secs] [Times: user=0.03 sys=0.00, real=0.02 secs] 
2513.990: [GC (Allocation Failure) [PSYoungGen: 403794K->186357K(465920K)] 1281695K->1065496K(1397248K), 0.0208336 secs] [Times: user=0.03 sys=0.00, real=0.02 secs] 
2514.926: [GC (Allocation Failure) [PSYoungGen: 419317K->141431K(465920K)] 1298456K->1020842K(1397248K), 0.0213081 secs] [Times: user=0.03 sys=0.00, real=0.02 secs] 
2517.464: [GC (Allocation Failure) [PSYoungGen: 374391K->11141K(465920K)] 1253802K->890844K(1397248K), 0.0055994 secs] [Times: user=0.02 sys=0.00, real=0.00 secs] 
2517.806: [GC (Allocation Failure) [PSYoungGen: 244101K->186100K(465920K)] 1123804K->1067057K(1397248K), 0.0207635 secs] [Times: user=0.03 sys=0.00, real=0.02 secs] 
2518.089: [GC (Allocation Failure) [PSYoungGen: 419060K->184687K(465920K)] 1300017K->1065917K(1397248K), 0.0206087 secs] [Times: user=0.03 sys=0.00, real=0.02 secs] 
2518.808: [GC (Allocation Failure) [PSYoungGen: 417647K->116819K(465920K)] 1298877K->998442K(1397248K), 0.0152892 secs] [Times: user=0.02 sys=0.00, real=0.02 secs] 
2519.761: [GC (Allocation Failure) [PSYoungGen: 349779K->37231K(465920K)] 1231402K->919032K(1397248K), 0.0063100 secs] [Times: user=0.02 sys=0.00, real=0.01 secs] 
2520.029: [GC (Allocation Failure) [PSYoungGen: 270191K->184141K(465920K)] 1151992K->1067187K(1397248K), 0.0205807 secs] [Times: user=0.03 sys=0.00, real=0.02 secs] 
2520.375: [GC (Allocation Failure) [PSYoungGen: 417101K->186357K(465920K)] 1300147K->1069677K(1397248K), 0.0206295 secs] [Times: user=0.03 sys=0.00, real=0.02 secs] 
2521.568: [GC (Allocation Failure) [PSYoungGen: 419317K->74553K(465920K)] 1302637K->958266K(1397248K), 0.0196075 secs] [Times: user=0.04 sys=0.00, real=0.02 secs] 
2523.221: [GC (Allocation Failure) [PSYoungGen: 307513K->62165K(465920K)] 1191226K->946055K(1397248K), 0.0095238 secs] [Times: user=0.02 sys=0.00, real=0.01 secs] 
2523.504: [GC (Allocation Failure) [PSYoungGen: 295125K->184687K(465920K)] 1179015K->1069814K(1397248K), 0.0205251 secs] [Times: user=0.03 sys=0.00, real=0.02 secs] 
2523.852: [GC (Allocation Failure) [PSYoungGen: 417647K->186422K(465920K)] 1302774K->1071823K(1397248K), 0.0206384 secs] [Times: user=0.03 sys=0.00, real=0.03 secs] 
2524.817: [GC (Allocation Failure) [PSYoungGen: 419382K->49025K(465920K)] 1304783K->934699K(1397248K), 0.0093608 secs] [Times: user=0.03 sys=0.00, real=0.01 secs] 
2525.663: [GC (Allocation Failure) [PSYoungGen: 281985K->87840K(465920K)] 1167659K->973820K(1397248K), 0.0108089 secs] [Times: user=0.02 sys=0.00, real=0.01 secs] 
2526.003: [GC (Allocation Failure) [PSYoungGen: 320800K->186486K(465920K)] 1206780K->1073703K(1397248K), 0.0209312 secs] [Times: user=0.03 sys=0.00, real=0.02 secs] 
2526.293: [GC (Allocation Failure) [PSYoungGen: 419446K->186132K(465920K)] 1306663K->1073623K(1397248K), 0.0206473 secs] [Times: user=0.03 sys=0.00, real=0.02 secs] 
2527.315: [GC (Allocation Failure) [PSYoungGen: 419092K->21875K(465920K)] 1306583K->909630K(1397248K), 0.0054110 secs] [Times: user=0.02 sys=0.00, real=0.00 secs] 
2527.913: [GC (Allocation Failure) [PSYoungGen: 254835K->114923K(465920K)] 1142590K->1002986K(1397248K), 0.0135552 secs] [Times: user=0.02 sys=0.00, real=0.01 secs] 
2528.250: [GC (Allocation Failure) [PSYoungGen: 347883K->185972K(465920K)] 1235946K->1075296K(1397248K), 0.0208328 secs] [Times: user=0.03 sys=0.00, real=0.02 secs] 
2528.533: [GC (Allocation Failure) [PSYoungGen: 418932K->181324K(465920K)] 1308256K->1070913K(1397248K), 0.0201068 secs] [Times: user=0.03 sys=0.00, real=0.02 secs] 
2529.525: [GC (Allocation Failure) [PSYoungGen: 414284K->96K(465920K)] 1303873K->891097K(1397248K), 0.0030292 secs] [Times: user=0.01 sys=0.01, real=0.00 secs] 
2530.020: [GC (Allocation Failure) [PSYoungGen: 233056K->136004K(465920K)] 1124057K->1027045K(1397248K), 0.0156140 secs] [Times: user=0.02 sys=0.00, real=0.02 secs] 
2530.300: [GC (Allocation Failure) [PSYoungGen: 368964K->184301K(465920K)] 1260005K->1076588K(1397248K), 0.0208464 secs] [Times: user=0.03 sys=0.00, real=0.02 secs] 
2530.962: [GC (Allocation Failure) [PSYoungGen: 417261K->163965K(465920K)] 1309548K->1056517K(1397248K), 0.0224925 secs] [Times: user=0.03 sys=0.00, real=0.03 secs] 
2532.827: [GC (Allocation Failure) [PSYoungGen: 396925K->96K(465920K)] 1289477K->894079K(1397248K), 0.0035356 secs] [Times: user=0.01 sys=0.00, real=0.00 secs] 
2533.406: [GC (Allocation Failure) [PSYoungGen: 233056K->157979K(465920K)] 1127039K->1051978K(1397248K), 0.0178121 secs] [Times: user=0.03 sys=0.00, real=0.02 secs] 
2533.686: [GC (Allocation Failure) [PSYoungGen: 390939K->184430K(465920K)] 1284938K->1079667K(1397248K), 0.0208076 secs] [Times: user=0.03 sys=0.00, real=0.02 secs] 
2534.522: [GC (Allocation Failure) [PSYoungGen: 417390K->147987K(465920K)] 1312627K->1043497K(1397248K), 0.0216086 secs] [Times: user=0.04 sys=0.00, real=0.03 secs] 
2536.534: [GC (Allocation Failure) [PSYoungGen: 380947K->64K(465920K)] 1276457K->897018K(1397248K), 0.0038618 secs] [Times: user=0.02 sys=0.01, real=0.00 secs] 
2536.926: [GC (Allocation Failure) [PSYoungGen: 233024K->179988K(465920K)] 1129978K->1076958K(1397248K), 0.0204957 secs] [Times: user=0.03 sys=0.00, real=0.02 secs] 
2537.217: [GC (Allocation Failure) [PSYoungGen: 412948K->184430K(465920K)] 1309918K->1082766K(1397248K), 0.0206411 secs] [Times: user=0.02 sys=0.00, real=0.02 secs] 
2537.717: [GC (Allocation Failure) [PSYoungGen: 417390K->134233K(465920K)] 1315726K->1032714K(1397248K), 0.0160566 secs] [Times: user=0.03 sys=0.00, real=0.02 secs] 
2539.631: [GC (Allocation Failure) [PSYoungGen: 367193K->18309K(465920K)] 1265674K->917096K(1397248K), 0.0068483 secs] [Times: user=0.02 sys=0.00, real=0.01 secs] 
2539.981: [GC (Allocation Failure) [PSYoungGen: 251269K->186357K(465920K)] 1150056K->1086518K(1397248K), 0.0210255 secs] [Times: user=0.03 sys=0.00, real=0.02 secs] 
2540.275: [GC (Allocation Failure) [PSYoungGen: 419317K->186100K(465920K)] 1319478K->1086406K(1397248K), 0.0210372 secs] [Times: user=0.03 sys=0.00, real=0.02 secs] 
2541.639: [GC (Allocation Failure) [PSYoungGen: 419060K->108014K(465920K)] 1319366K->1008585K(1397248K), 0.0194079 secs] [Times: user=0.04 sys=0.01, real=0.02 secs] 
2543.337: [GC (Allocation Failure) [PSYoungGen: 340974K->44785K(465920K)] 1241545K->945661K(1397248K), 0.0082027 secs] [Times: user=0.02 sys=0.00, real=0.01 secs] 
2543.628: [GC (Allocation Failure) [PSYoungGen: 277745K->185843K(465920K)] 1178621K->1087965K(1397248K), 0.0206434 secs] [Times: user=0.03 sys=0.00, real=0.02 secs] 
2543.914: [GC (Allocation Failure) [PSYoungGen: 418803K->185811K(465920K)] 1320925K->1088206K(1397248K), 0.0206276 secs] [Times: user=0.03 sys=0.00, real=0.02 secs] 
2545.228: [GC (Allocation Failure) [PSYoungGen: 418771K->65830K(465920K)] 1321166K->968489K(1397248K), 0.0101036 secs] [Times: user=0.02 sys=0.00, real=0.01 secs] 
2546.572: [GC (Allocation Failure) [PSYoungGen: 298790K->69748K(465920K)] 1201449K->972723K(1397248K), 0.0091443 secs] [Times: user=0.02 sys=0.01, real=0.01 secs] 
2546.903: [GC (Allocation Failure) [PSYoungGen: 302708K->184301K(465920K)] 1205683K->1088522K(1397248K), 0.0206438 secs] [Times: user=0.03 sys=0.00, real=0.02 secs] 
2547.195: [GC (Allocation Failure) [PSYoungGen: 417261K->184173K(465920K)] 1321482K->1088667K(1397248K), 0.0236497 secs] [Times: user=0.03 sys=0.00, real=0.02 secs] 
2548.629: [GC (Allocation Failure) [PSYoungGen: 417133K->44157K(465920K)] 1321627K->948916K(1397248K), 0.0096459 secs] [Times: user=0.03 sys=0.00, real=0.01 secs] 
2549.827: [GC (Allocation Failure) [PSYoungGen: 277117K->91471K(465920K)] 1181876K->996554K(1397248K), 0.0113910 secs] [Times: user=0.02 sys=0.00, real=0.01 secs] 
2550.100: [GC (Allocation Failure) [PSYoungGen: 324431K->184173K(465920K)] 1229514K->1090493K(1397248K), 0.0205782 secs] [Times: user=0.03 sys=0.00, real=0.02 secs] 
2550.385: [GC (Allocation Failure) [PSYoungGen: 417133K->184044K(465920K)] 1323453K->1090637K(1397248K), 0.0207235 secs] [Times: user=0.03 sys=0.00, real=0.02 secs] 
2552.259: [GC (Allocation Failure) [PSYoungGen: 417004K->22646K(465920K)] 1323597K->929504K(1397248K), 0.0092548 secs] [Times: user=0.03 sys=0.00, real=0.01 secs] 
2553.467: [GC (Allocation Failure) [PSYoungGen: 255606K->112838K(465920K)] 1162464K->1020004K(1397248K), 0.0134342 secs] [Times: user=0.02 sys=0.00, real=0.01 secs] 
2553.742: [GC (Allocation Failure) [PSYoungGen: 345798K->184205K(465920K)] 1252964K->1092617K(1397248K), 0.0207220 secs] [Times: user=0.03 sys=0.00, real=0.03 secs] 
2554.031: [GC (Allocation Failure) [PSYoungGen: 417165K->183883K(465920K)] 1325577K->1092569K(1397248K), 0.0206301 secs] [Times: user=0.03 sys=0.00, real=0.02 secs] 
2556.238: [GC (Allocation Failure) [PSYoungGen: 416843K->1408K(465920K)] 1325529K->910237K(1397248K), 0.0030401 secs] [Times: user=0.02 sys=0.00, real=0.00 secs] 
2556.962: [GC (Allocation Failure) [PSYoungGen: 234368K->134751K(465920K)] 1143197K->1043774K(1397248K), 0.0155154 secs] [Times: user=0.02 sys=0.01, real=0.02 secs] 
2557.240: [GC (Allocation Failure) [PSYoungGen: 367711K->184558K(465920K)] 1276734K->1094819K(1397248K), 0.0204580 secs] [Times: user=0.03 sys=0.00, real=0.02 secs] 
2557.782: [GC (Allocation Failure) [PSYoungGen: 417518K->164945K(465920K)] 1327779K->1075471K(1397248K), 0.0207950 secs] [Times: user=0.03 sys=0.00, real=0.03 secs] 
2559.780: [GC (Allocation Failure) [PSYoungGen: 397905K->96K(465920K)] 1308431K->912069K(1397248K), 0.0047304 secs] [Times: user=0.02 sys=0.00, real=0.01 secs] 
2560.415: [GC (Allocation Failure) [PSYoungGen: 233056K->156985K(465920K)] 1145029K->1068967K(1397248K), 0.0178640 secs] [Times: user=0.03 sys=0.00, real=0.02 secs] 
2560.699: [GC (Allocation Failure) [PSYoungGen: 389945K->184430K(465920K)] 1301927K->1097665K(1397248K), 0.0206555 secs] [Times: user=0.03 sys=0.00, real=0.02 secs] 
2561.295: [GC (Allocation Failure) [PSYoungGen: 417390K->149047K(465920K)] 1330625K->1062555K(1397248K), 0.0197838 secs] [Times: user=0.03 sys=0.00, real=0.02 secs] 
2563.307: [GC (Allocation Failure) [PSYoungGen: 382007K->64K(465920K)] 1295515K->915007K(1397248K), 0.0035681 secs] [Times: user=0.02 sys=0.00, real=0.00 secs] 
2563.745: [GC (Allocation Failure) [PSYoungGen: 233024K->178931K(465920K)] 1147967K->1093891K(1397248K), 0.0200152 secs] [Times: user=0.03 sys=0.00, real=0.02 secs] 
2564.096: [GC (Allocation Failure) [PSYoungGen: 411891K->184430K(465920K)] 1326851K->1100771K(1397248K), 0.0205699 secs] [Times: user=0.03 sys=0.00, real=0.02 secs] 
2565.522: [GC (Allocation Failure) [PSYoungGen: 417390K->135229K(465920K)] 1333731K->1051844K(1397248K), 0.0182502 secs] [Times: user=0.03 sys=0.00, real=0.02 secs] 
2566.593: [GC (Allocation Failure) [PSYoungGen: 368189K->17281K(465920K)] 1284804K->934067K(1397248K), 0.0050936 secs] [Times: user=0.02 sys=0.00, real=0.00 secs] 
2566.955: [GC (Allocation Failure) [PSYoungGen: 250241K->184301K(465920K)] 1167027K->1102325K(1397248K), 0.0205798 secs] [Times: user=0.02 sys=0.00, real=0.02 secs] 
2567.237: [GC (Allocation Failure) [PSYoungGen: 417261K->184301K(465920K)] 1335285K->1102598K(1397248K), 0.0205880 secs] [Times: user=0.03 sys=0.00, real=0.02 secs] 
2568.549: [GC (Allocation Failure) [PSYoungGen: 417261K->112898K(465920K)] 1335558K->1031460K(1397248K), 0.0219663 secs] [Times: user=0.05 sys=0.00, real=0.02 secs] 
2570.035: [GC (Allocation Failure) [PSYoungGen: 345858K->39644K(465920K)] 1264420K->958511K(1397248K), 0.0072148 secs] [Times: user=0.01 sys=0.00, real=0.00 secs] 
2570.315: [GC (Allocation Failure) [PSYoungGen: 272604K->183787K(465920K)] 1191471K->1103908K(1397248K), 0.0206866 secs] [Times: user=0.03 sys=0.00, real=0.02 secs] 
2570.602: [GC (Allocation Failure) [PSYoungGen: 416747K->184333K(465920K)] 1336868K->1104727K(1397248K), 0.0208004 secs] [Times: user=0.03 sys=0.00, real=0.03 secs] 
2572.443: [GC (Allocation Failure) [PSYoungGen: 417293K->74553K(465920K)] 1337687K->995213K(1397248K), 0.0193812 secs] [Times: user=0.04 sys=0.00, real=0.02 secs] 
2574.169: [GC (Allocation Failure) [PSYoungGen: 307513K->61365K(465920K)] 1228173K->982342K(1397248K), 0.0096459 secs] [Times: user=0.02 sys=0.00, real=0.01 secs] 
2574.526: [GC (Allocation Failure) [PSYoungGen: 294325K->184976K(465920K)] 1215302K->1107199K(1397248K), 0.0206500 secs] [Times: user=0.03 sys=0.00, real=0.02 secs] 
2574.812: [GC (Allocation Failure) [PSYoungGen: 417936K->183787K(465920K)] 1340159K->1106283K(1397248K), 0.0205428 secs] [Times: user=0.03 sys=0.00, real=0.02 secs] 
2576.290: [GC (Allocation Failure) [PSYoungGen: 416747K->52126K(465920K)] 1339243K->974895K(1397248K), 0.0145673 secs] [Times: user=0.03 sys=0.00, real=0.02 secs] 
2578.063: [GC (Allocation Failure) [PSYoungGen: 285086K->83500K(465920K)] 1207855K->1006568K(1397248K), 0.0119924 secs] [Times: user=0.02 sys=0.00, real=0.01 secs] 
2578.351: [GC (Allocation Failure) [PSYoungGen: 316460K->186389K(465920K)] 1239528K->1110720K(1397248K), 0.0209977 secs] [Times: user=0.03 sys=0.00, real=0.02 secs] 
2578.635: [GC (Allocation Failure) [PSYoungGen: 419349K->184815K(465920K)] 1343680K->1109418K(1397248K), 0.0203627 secs] [Times: user=0.03 sys=0.00, real=0.02 secs] 
2580.057: [GC (Allocation Failure) [PSYoungGen: 417775K->27626K(465920K)] 1342378K->952495K(1397248K), 0.0064125 secs] [Times: user=0.02 sys=0.00, real=0.01 secs] 
2580.893: [GC (Allocation Failure) [PSYoungGen: 260586K->107825K(465920K)] 1185455K->1032987K(1397248K), 0.0156569 secs] [Times: user=0.03 sys=0.00, real=0.01 secs] 
2581.271: [GC (Allocation Failure) [PSYoungGen: 340785K->184655K(465920K)] 1265947K->1111078K(1397248K), 0.0223846 secs] [Times: user=0.03 sys=0.01, real=0.03 secs] 
2581.554: [GC (Allocation Failure) [PSYoungGen: 417615K->184044K(465920K)] 1344038K->1110741K(1397248K), 0.0205358 secs] [Times: user=0.03 sys=0.00, real=0.02 secs] 
2583.696: [GC (Allocation Failure) [PSYoungGen: 417004K->5777K(465920K)] 1343701K->932747K(1397248K), 0.0037014 secs] [Times: user=0.02 sys=0.00, real=0.00 secs] 
2584.214: [GC (Allocation Failure) [PSYoungGen: 238737K->130285K(465920K)] 1165707K->1057560K(1397248K), 0.0150303 secs] [Times: user=0.02 sys=0.00, real=0.01 secs] 
2584.546: [GC (Allocation Failure) [PSYoungGen: 363245K->184462K(465920K)] 1290520K->1112991K(1397248K), 0.0214202 secs] [Times: user=0.03 sys=0.00, real=0.02 secs] 
2585.067: [GC (Allocation Failure) [PSYoungGen: 417422K->169459K(465920K)] 1345951K->1098261K(1397248K), 0.0248922 secs] [Times: user=0.04 sys=0.00, real=0.02 secs] 
2587.781: [GC (Allocation Failure) [PSYoungGen: 402419K->64K(465920K)] 1331221K->930315K(1397248K), 0.0065673 secs] [Times: user=0.03 sys=0.00, real=0.01 secs] 
2587.787: [Full GC (Ergonomics) [PSYoungGen: 64K->0K(465920K)] [ParOldGen: 930251K->335866K(761344K)] 930315K->335866K(1227264K), [Metaspace: 56270K->56270K(1101824K)], 0.1021871 secs] [Times: user=0.28 sys=0.02, real=0.10 secs] 
2589.015: [GC (Allocation Failure) [PSYoungGen: 232960K->161090K(465920K)] 568826K->496956K(1227264K), 0.0166764 secs] [Times: user=0.03 sys=0.00, real=0.01 secs] 
2589.294: [GC (Allocation Failure) [PSYoungGen: 394050K->184944K(465920K)] 729916K->554824K(1227264K), 0.0223445 secs] [Times: user=0.04 sys=0.00, real=0.02 secs] 
2589.748: [GC (Allocation Failure) [PSYoungGen: 417904K->173082K(465920K)] 787784K->543355K(1227264K), 0.0210182 secs] [Times: user=0.03 sys=0.00, real=0.02 secs] 
2591.537: [GC (Allocation Failure) [PSYoungGen: 406042K->64K(465920K)] 776315K->371640K(1227264K), 0.0018136 secs] [Times: user=0.01 sys=0.00, real=0.00 secs] 
2592.214: [GC (Allocation Failure) [PSYoungGen: 233024K->137158K(465920K)] 604600K->508751K(1227264K), 0.0150488 secs] [Times: user=0.02 sys=0.00, real=0.01 secs] 
2592.492: [GC (Allocation Failure) [PSYoungGen: 370118K->184398K(465920K)] 741711K->557228K(1227264K), 0.0198453 secs] [Times: user=0.03 sys=0.00, real=0.02 secs] 
2593.215: [GC (Allocation Failure) [PSYoungGen: 417358K->162648K(465920K)] 790188K->535871K(1227264K), 0.0223917 secs] [Times: user=0.03 sys=0.00, real=0.02 secs] 
2595.290: [GC (Allocation Failure) [PSYoungGen: 395608K->64K(465920K)] 768831K->374605K(1227264K), 0.0023006 secs] [Times: user=0.01 sys=0.00, real=0.00 secs] 
2595.745: [GC (Allocation Failure) [PSYoungGen: 233024K->145930K(465920K)] 607565K->520487K(1227264K), 0.0160384 secs] [Times: user=0.02 sys=0.00, real=0.01 secs] 
2596.023: [GC (Allocation Failure) [PSYoungGen: 378890K->184269K(465920K)] 753447K->560201K(1227264K), 0.0199137 secs] [Times: user=0.02 sys=0.00, real=0.02 secs] 
2596.639: [GC (Allocation Failure) [PSYoungGen: 417229K->160245K(465920K)] 793161K->536449K(1227264K), 0.0209360 secs] [Times: user=0.02 sys=0.00, real=0.02 secs] 
2599.569: [GC (Allocation Failure) [PSYoungGen: 393205K->96K(465920K)] 769409K->377627K(1227264K), 0.0033734 secs] [Times: user=0.02 sys=0.00, real=0.01 secs] 
2600.570: [GC (Allocation Failure) [PSYoungGen: 233056K->154894K(465920K)] 610587K->532450K(1227264K), 0.0218619 secs] [Times: user=0.05 sys=0.00, real=0.02 secs] 
2600.919: [GC (Allocation Failure) [PSYoungGen: 387854K->184269K(465920K)] 765410K->563191K(1227264K), 0.0201797 secs] [Times: user=0.02 sys=0.00, real=0.02 secs] 
2601.761: [GC (Allocation Failure) [PSYoungGen: 417229K->151168K(465920K)] 796151K->530226K(1227264K), 0.0301752 secs] [Times: user=0.04 sys=0.00, real=0.03 secs] 
2603.402: [GC (Allocation Failure) [PSYoungGen: 384128K->96K(465920K)] 763186K->380592K(1227264K), 0.0020071 secs] [Times: user=0.01 sys=0.00, real=0.01 secs] 
2603.850: [GC (Allocation Failure) [PSYoungGen: 233056K->164247K(465920K)] 613552K->544767K(1227264K), 0.0179835 secs] [Times: user=0.03 sys=0.00, real=0.02 secs] 
2604.129: [GC (Allocation Failure) [PSYoungGen: 397207K->184269K(465920K)] 777727K->566019K(1227264K), 0.0200044 secs] [Times: user=0.03 sys=0.00, real=0.02 secs] 
2605.045: [GC (Allocation Failure) [PSYoungGen: 417229K->141866K(465920K)] 798979K->524009K(1227264K), 0.0386521 secs] [Times: user=0.06 sys=0.00, real=0.04 secs] 
2607.777: [GC (Allocation Failure) [PSYoungGen: 374826K->96K(465920K)] 756969K->383548K(1227264K), 0.0036090 secs] [Times: user=0.01 sys=0.00, real=0.00 secs] 
2608.308: [GC (Allocation Failure) [PSYoungGen: 232963K->172633K(465920K)] 616416K->556126K(1227264K), 0.0188377 secs] [Times: user=0.02 sys=0.00, real=0.02 secs] 
2608.589: [GC (Allocation Failure) [PSYoungGen: 405593K->184526K(465920K)] 789086K->569257K(1227264K), 0.0199864 secs] [Times: user=0.03 sys=0.00, real=0.02 secs] 
2609.901: [GC (Allocation Failure) [PSYoungGen: 417486K->141399K(465920K)] 802217K->526523K(1227264K), 0.0304649 secs] [Times: user=0.05 sys=0.00, real=0.03 secs] 
2612.484: [GC (Allocation Failure) [PSYoungGen: 374359K->96K(465920K)] 759483K->386535K(1227264K), 0.0020340 secs] [Times: user=0.01 sys=0.00, real=0.00 secs] 
2612.785: [GC (Allocation Failure) [PSYoungGen: 233056K->181758K(465920K)] 619495K->568222K(1227264K), 0.0196419 secs] [Times: user=0.03 sys=0.00, real=0.02 secs] 
2613.071: [GC (Allocation Failure) [PSYoungGen: 414718K->184012K(465920K)] 801182K->571714K(1227264K), 0.0198697 secs] [Times: user=0.02 sys=0.00, real=0.02 secs] 
2614.125: [GC (Allocation Failure) [PSYoungGen: 416972K->132820K(465920K)] 804674K->520786K(1227264K), 0.0326132 secs] [Times: user=0.05 sys=0.00, real=0.03 secs] 
2615.634: [GC (Allocation Failure) [PSYoungGen: 365780K->6996K(465920K)] 753746K->395278K(1227264K), 0.0034984 secs] [Times: user=0.01 sys=0.00, real=0.00 secs] 
2615.927: [GC (Allocation Failure) [PSYoungGen: 239956K->186197K(465920K)] 628238K->575845K(1227264K), 0.0203405 secs] [Times: user=0.03 sys=0.00, real=0.02 secs] 
2616.211: [GC (Allocation Failure) [PSYoungGen: 419157K->184783K(465920K)] 808805K->574568K(1227264K), 0.0197625 secs] [Times: user=0.03 sys=0.00, real=0.02 secs] 
2617.418: [GC (Allocation Failure) [PSYoungGen: 417743K->120706K(465920K)] 807528K->510885K(1227264K), 0.0325789 secs] [Times: user=0.06 sys=0.00, real=0.03 secs] 
2619.352: [GC (Allocation Failure) [PSYoungGen: 353666K->18534K(465920K)] 743845K->408890K(1227264K), 0.0053609 secs] [Times: user=0.01 sys=0.00, real=0.01 secs] 
2619.698: [GC (Allocation Failure) [PSYoungGen: 251494K->184269K(465920K)] 641850K->575862K(1227264K), 0.0198671 secs] [Times: user=0.02 sys=0.00, real=0.02 secs] 
2619.979: [GC (Allocation Failure) [PSYoungGen: 417229K->184205K(465920K)] 808822K->576063K(1227264K), 0.0198383 secs] [Times: user=0.02 sys=0.00, real=0.02 secs] 
2620.785: [GC (Allocation Failure) [PSYoungGen: 417165K->111694K(465920K)] 809023K->503946K(1227264K), 0.0124678 secs] [Times: user=0.02 sys=0.00, real=0.01 secs] 
2622.782: [GC (Allocation Failure) [PSYoungGen: 344654K->27306K(465920K)] 736906K->419727K(1227264K), 0.0057844 secs] [Times: user=0.01 sys=0.00, real=0.01 secs] 
2623.104: [GC (Allocation Failure) [PSYoungGen: 260266K->186325K(465920K)] 652687K->579992K(1227264K), 0.0201845 secs] [Times: user=0.02 sys=0.00, real=0.02 secs] 
2623.393: [GC (Allocation Failure) [PSYoungGen: 419285K->186100K(465920K)] 812952K->580032K(1227264K), 0.0199546 secs] [Times: user=0.02 sys=0.00, real=0.02 secs] 
2624.060: [GC (Allocation Failure) [PSYoungGen: 418410K->98954K(465920K)] 812342K->493279K(1227264K), 0.0112431 secs] [Times: user=0.02 sys=0.00, real=0.01 secs] 
2624.988: [GC (Allocation Failure) [PSYoungGen: 331914K->37970K(465920K)] 726239K->432489K(1227264K), 0.0051660 secs] [Times: user=0.01 sys=0.00, real=0.01 secs] 
2625.319: [GC (Allocation Failure) [PSYoungGen: 270930K->186454K(465920K)] 665449K->582218K(1227264K), 0.0203289 secs] [Times: user=0.02 sys=0.00, real=0.02 secs] 
2625.603: [GC (Allocation Failure) [PSYoungGen: 419414K->186068K(465920K)] 815178K->582106K(1227264K), 0.0200454 secs] [Times: user=0.03 sys=0.00, real=0.02 secs] 
2626.990: [GC (Allocation Failure) [PSYoungGen: 404465K->88142K(465920K)] 800502K->484444K(1227264K), 0.0122427 secs] [Times: user=0.02 sys=0.00, real=0.01 secs] 
2628.616: [GC (Allocation Failure) [PSYoungGen: 321102K->37973K(465920K)] 717404K->434592K(1227264K), 0.0061936 secs] [Times: user=0.02 sys=0.00, real=0.00 secs] 
2628.897: [GC (Allocation Failure) [PSYoungGen: 270933K->184012K(465920K)] 667552K->581997K(1227264K), 0.0199639 secs] [Times: user=0.02 sys=0.00, real=0.02 secs] 
2629.178: [GC (Allocation Failure) [PSYoungGen: 416972K->184044K(465920K)] 814957K->582165K(1227264K), 0.0207167 secs] [Times: user=0.02 sys=0.00, real=0.02 secs] 
2630.535: [GC (Allocation Failure) [PSYoungGen: 409490K->92640K(465920K)] 807611K->491026K(1227264K), 0.0112268 secs] [Times: user=0.02 sys=0.00, real=0.01 secs] 
2632.226: [GC (Allocation Failure) [PSYoungGen: 325600K->37427K(465920K)] 723986K->436111K(1227264K), 0.0065297 secs] [Times: user=0.01 sys=0.00, real=0.00 secs] 
2632.601: [GC (Allocation Failure) [PSYoungGen: 270387K->184655K(465920K)] 669071K->584576K(1227264K), 0.0197825 secs] [Times: user=0.02 sys=0.00, real=0.02 secs] 
2632.883: [GC (Allocation Failure) [PSYoungGen: 417615K->184719K(465920K)] 817536K->585034K(1227264K), 0.0198947 secs] [Times: user=0.02 sys=0.00, real=0.02 secs] 
2633.605: [GC (Allocation Failure) [PSYoungGen: 405119K->91869K(465920K)] 805434K->492449K(1227264K), 0.0119476 secs] [Times: user=0.02 sys=0.00, real=0.01 secs] 
2634.514: [GC (Allocation Failure) [PSYoungGen: 324829K->37973K(465920K)] 725409K->438738K(1227264K), 0.0059937 secs] [Times: user=0.01 sys=0.00, real=0.00 secs] 
2634.789: [GC (Allocation Failure) [PSYoungGen: 270933K->184655K(465920K)] 671698K->586657K(1227264K), 0.0199716 secs] [Times: user=0.03 sys=0.00, real=0.02 secs] 
2635.071: [GC (Allocation Failure) [PSYoungGen: 417615K->184044K(465920K)] 819617K->586320K(1227264K), 0.0198879 secs] [Times: user=0.02 sys=0.00, real=0.02 secs] 
2636.261: [GC (Allocation Failure) [PSYoungGen: 407514K->91998K(465920K)] 809790K->494538K(1227264K), 0.0153143 secs] [Times: user=0.03 sys=0.00, real=0.02 secs] 
2638.022: [GC (Allocation Failure) [PSYoungGen: 324958K->37716K(465920K)] 727498K->440563K(1227264K), 0.0065597 secs] [Times: user=0.02 sys=0.00, real=0.01 secs] 
2638.398: [GC (Allocation Failure) [PSYoungGen: 270676K->184655K(465920K)] 673523K->588747K(1227264K), 0.0199964 secs] [Times: user=0.03 sys=0.00, real=0.02 secs] 
2638.678: [GC (Allocation Failure) [PSYoungGen: 417615K->183594K(465920K)] 821707K->587960K(1227264K), 0.0198232 secs] [Times: user=0.03 sys=0.00, real=0.02 secs] 
2639.286: [GC (Allocation Failure) [PSYoungGen: 409143K->92640K(465920K)] 813509K->497271K(1227264K), 0.0119867 secs] [Times: user=0.02 sys=0.00, real=0.01 secs] 
2640.086: [GC (Allocation Failure) [PSYoungGen: 325600K->37813K(465920K)] 730231K->442757K(1227264K), 0.0051962 secs] [Times: user=0.01 sys=0.00, real=0.00 secs] 
2640.414: [GC (Allocation Failure) [PSYoungGen: 270773K->184141K(465920K)] 675717K->590314K(1227264K), 0.0201048 secs] [Times: user=0.03 sys=0.00, real=0.02 secs] 
2640.696: [GC (Allocation Failure) [PSYoungGen: 417101K->184590K(465920K)] 823274K->591029K(1227264K), 0.0205668 secs] [Times: user=0.03 sys=0.00, real=0.02 secs] 
2641.376: [GC (Allocation Failure) [PSYoungGen: 407666K->92062K(465920K)] 814105K->498766K(1227264K), 0.0140181 secs] [Times: user=0.02 sys=0.00, real=0.01 secs] 
2642.242: [GC (Allocation Failure) [PSYoungGen: 325022K->37941K(465920K)] 731726K->444943K(1227264K), 0.0053357 secs] [Times: user=0.01 sys=0.00, real=0.01 secs] 
2642.510: [GC (Allocation Failure) [PSYoungGen: 270901K->184398K(465920K)] 677903K->592629K(1227264K), 0.0198957 secs] [Times: user=0.03 sys=0.00, real=0.02 secs] 
2642.792: [GC (Allocation Failure) [PSYoungGen: 417358K->184526K(465920K)] 825589K->593022K(1227264K), 0.0197561 secs] [Times: user=0.02 sys=0.00, real=0.02 secs] 
2643.499: [GC (Allocation Failure) [PSYoungGen: 407068K->91693K(465920K)] 815565K->500454K(1227264K), 0.0117510 secs] [Times: user=0.03 sys=0.00, real=0.01 secs] 
2645.301: [GC (Allocation Failure) [PSYoungGen: 324653K->37556K(465920K)] 733414K->446614K(1227264K), 0.0063476 secs] [Times: user=0.01 sys=0.01, real=0.01 secs] 
2645.603: [GC (Allocation Failure) [PSYoungGen: 270516K->184398K(465920K)] 679574K->594823K(1227264K), 0.0200394 secs] [Times: user=0.02 sys=0.00, real=0.02 secs] 
2645.946: [GC (Allocation Failure) [PSYoungGen: 417358K->184558K(465920K)] 827783K->595120K(1227264K), 0.0202969 secs] [Times: user=0.02 sys=0.00, real=0.02 secs] 
2647.305: [GC (Allocation Failure) [PSYoungGen: 407617K->92094K(465920K)] 818179K->502921K(1227264K), 0.0117119 secs] [Times: user=0.02 sys=0.00, real=0.01 secs] 
2648.133: [GC (Allocation Failure) [PSYoungGen: 325054K->37845K(465920K)] 735881K->448985K(1227264K), 0.0052338 secs] [Times: user=0.01 sys=0.00, real=0.00 secs] 
2648.458: [GC (Allocation Failure) [PSYoungGen: 270805K->183626K(465920K)] 681945K->596020K(1227264K), 0.0198861 secs] [Times: user=0.03 sys=0.00, real=0.02 secs] 
2648.798: [GC (Allocation Failure) [PSYoungGen: 416586K->184494K(465920K)] 828980K->597153K(1227264K), 0.0198907 secs] [Times: user=0.03 sys=0.00, real=0.02 secs] 
2650.054: [GC (Allocation Failure) [PSYoungGen: 410068K->92640K(465920K)] 822727K->505564K(1227264K), 0.0181601 secs] [Times: user=0.04 sys=0.00, real=0.01 secs] 
2650.985: [GC (Allocation Failure) [PSYoungGen: 325600K->37970K(465920K)] 738524K->451202K(1227264K), 0.0052320 secs] [Times: user=0.02 sys=0.00, real=0.00 secs] 
2651.310: [GC (Allocation Failure) [PSYoungGen: 270930K->184526K(465920K)] 684162K->598988K(1227264K), 0.0200749 secs] [Times: user=0.02 sys=0.00, real=0.02 secs] 
2651.591: [GC (Allocation Failure) [PSYoungGen: 417486K->184237K(465920K)] 831948K->598972K(1227264K), 0.0198698 secs] [Times: user=0.02 sys=0.00, real=0.02 secs] 
2652.806: [GC (Allocation Failure) [PSYoungGen: 406563K->91837K(465920K)] 821297K->506837K(1227264K), 0.0131603 secs] [Times: user=0.02 sys=0.00, real=0.01 secs] 
2653.816: [GC (Allocation Failure) [PSYoungGen: 324797K->37813K(465920K)] 739797K->453128K(1227264K), 0.0053356 secs] [Times: user=0.01 sys=0.00, real=0.00 secs] 
2654.085: [GC (Allocation Failure) [PSYoungGen: 270773K->184430K(465920K)] 686088K->600991K(1227264K), 0.0200034 secs] [Times: user=0.02 sys=0.00, real=0.02 secs] 
2654.371: [GC (Allocation Failure) [PSYoungGen: 417390K->184301K(465920K)] 833951K->601135K(1227264K), 0.0198637 secs] [Times: user=0.03 sys=0.00, real=0.02 secs] 
2656.237: [GC (Allocation Failure) [PSYoungGen: 409338K->92126K(465920K)] 826172K->509354K(1227264K), 0.0229066 secs] [Times: user=0.05 sys=0.00, real=0.02 secs] 
2658.384: [GC (Allocation Failure) [PSYoungGen: 325086K->37748K(465920K)] 742314K->455161K(1227264K), 0.0066747 secs] [Times: user=0.01 sys=0.00, real=0.00 secs] 
2658.684: [GC (Allocation Failure) [PSYoungGen: 270708K->184655K(465920K)] 688121K->603321K(1227264K), 0.0199863 secs] [Times: user=0.02 sys=0.00, real=0.02 secs] 
2659.024: [GC (Allocation Failure) [PSYoungGen: 417615K->184655K(465920K)] 836281K->603594K(1227264K), 0.0199427 secs] [Times: user=0.03 sys=0.00, real=0.02 secs] 
2660.133: [GC (Allocation Failure) [PSYoungGen: 407221K->91612K(465920K)] 826161K->510817K(1227264K), 0.0153209 secs] [Times: user=0.03 sys=0.00, real=0.01 secs] 
2661.634: [GC (Allocation Failure) [PSYoungGen: 324572K->37713K(465920K)] 743777K->457216K(1227264K), 0.0083822 secs] [Times: user=0.01 sys=0.00, real=0.01 secs] 
2661.970: [GC (Allocation Failure) [PSYoungGen: 270673K->184655K(465920K)] 690176K->605523K(1227264K), 0.0200604 secs] [Times: user=0.02 sys=0.00, real=0.02 secs] 
2662.252: [GC (Allocation Failure) [PSYoungGen: 417615K->184655K(465920K)] 838483K->605668K(1227264K), 0.0199271 secs] [Times: user=0.03 sys=0.00, real=0.02 secs] 
2663.499: [GC (Allocation Failure) [PSYoungGen: 407218K->91644K(465920K)] 828231K->512922K(1227264K), 0.0129775 secs] [Times: user=0.03 sys=0.01, real=0.01 secs] 
2664.699: [GC (Allocation Failure) [PSYoungGen: 324604K->37842K(465920K)] 745882K->459420K(1227264K), 0.0052640 secs] [Times: user=0.01 sys=0.00, real=0.01 secs] 
2664.966: [GC (Allocation Failure) [PSYoungGen: 270802K->183755K(465920K)] 692380K->606562K(1227264K), 0.0197868 secs] [Times: user=0.03 sys=0.00, real=0.02 secs] 
2665.248: [GC (Allocation Failure) [PSYoungGen: 416715K->184430K(465920K)] 839522K->607631K(1227264K), 0.0197455 secs] [Times: user=0.02 sys=0.00, real=0.02 secs] 
2667.317: [GC (Allocation Failure) [PSYoungGen: 409549K->92640K(465920K)] 832750K->516106K(1227264K), 0.0128754 secs] [Times: user=0.02 sys=0.00, real=0.01 secs] 
2669.456: [GC (Allocation Failure) [PSYoungGen: 325600K->37363K(465920K)] 749066K->461006K(1227264K), 0.0067644 secs] [Times: user=0.02 sys=0.00, real=0.01 secs] 
2669.816: [GC (Allocation Failure) [PSYoungGen: 270323K->183755K(465920K)] 693966K->608652K(1227264K), 0.0201311 secs] [Times: user=0.03 sys=0.00, real=0.02 secs] 
2670.101: [GC (Allocation Failure) [PSYoungGen: 416715K->184655K(465920K)] 841612K->609816K(1227264K), 0.0197927 secs] [Times: user=0.03 sys=0.00, real=0.02 secs] 
2671.258: [GC (Allocation Failure) [PSYoungGen: 408551K->92929K(465920K)] 833713K->518356K(1227264K), 0.0156913 secs] [Times: user=0.03 sys=0.00, real=0.02 secs] 
2672.649: [GC (Allocation Failure) [PSYoungGen: 325889K->37716K(465920K)] 751316K->463449K(1227264K), 0.0084292 secs] [Times: user=0.02 sys=0.00, real=0.01 secs] 
2672.997: [GC (Allocation Failure) [PSYoungGen: 270676K->184783K(465920K)] 696409K->611761K(1227264K), 0.0200723 secs] [Times: user=0.03 sys=0.00, real=0.02 secs] 
2673.279: [GC (Allocation Failure) [PSYoungGen: 417743K->184141K(465920K)] 844721K->611392K(1227264K), 0.0198259 secs] [Times: user=0.03 sys=0.00, real=0.02 secs] 
2675.092: [GC (Allocation Failure) [PSYoungGen: 409480K->92062K(465920K)] 836731K->519578K(1227264K), 0.0260851 secs] [Times: user=0.05 sys=0.00, real=0.03 secs] 
2677.352: [GC (Allocation Failure) [PSYoungGen: 325022K->37813K(465920K)] 752538K->465635K(1227264K), 0.0074312 secs] [Times: user=0.02 sys=0.00, real=0.01 secs] 
2677.739: [GC (Allocation Failure) [PSYoungGen: 270773K->184301K(465920K)] 698595K->613361K(1227264K), 0.0199985 secs] [Times: user=0.03 sys=0.00, real=0.02 secs] 
2678.023: [GC (Allocation Failure) [PSYoungGen: 417261K->184526K(465920K)] 846321K->613979K(1227264K), 0.0198425 secs] [Times: user=0.02 sys=0.00, real=0.02 secs] 
2678.945: [GC (Allocation Failure) [PSYoungGen: 407516K->91998K(465920K)] 836970K->521587K(1227264K), 0.0142203 secs] [Times: user=0.03 sys=0.00, real=0.01 secs] 
2680.420: [GC (Allocation Failure) [PSYoungGen: 324958K->37716K(465920K)] 754547K->467604K(1227264K), 0.0063424 secs] [Times: user=0.02 sys=0.00, real=0.01 secs] 
2680.720: [GC (Allocation Failure) [PSYoungGen: 270676K->184398K(465920K)] 700564K->615523K(1227264K), 0.0198889 secs] [Times: user=0.03 sys=0.00, real=0.02 secs] 
2681.005: [GC (Allocation Failure) [PSYoungGen: 417358K->184526K(465920K)] 848483K->615916K(1227264K), 0.0196870 secs] [Times: user=0.02 sys=0.00, real=0.02 secs] 
2681.794: [GC (Allocation Failure) [PSYoungGen: 407584K->91998K(465920K)] 838974K->523653K(1227264K), 0.0104046 secs] [Times: user=0.02 sys=0.00, real=0.01 secs] 
2683.347: [GC (Allocation Failure) [PSYoungGen: 324958K->37556K(465920K)] 756613K->469516K(1227264K), 0.0084360 secs] [Times: user=0.01 sys=0.00, real=0.01 secs] 
2683.686: [GC (Allocation Failure) [PSYoungGen: 270516K->184398K(465920K)] 702476K->617725K(1227264K), 0.0199989 secs] [Times: user=0.02 sys=0.00, real=0.02 secs] 
2683.972: [GC (Allocation Failure) [PSYoungGen: 417358K->184558K(465920K)] 850685K->618022K(1227264K), 0.0198445 secs] [Times: user=0.03 sys=0.00, real=0.02 secs] 
2684.742: [GC (Allocation Failure) [PSYoungGen: 407618K->92158K(465920K)] 841081K->525887K(1227264K), 0.0143100 secs] [Times: user=0.02 sys=0.00, real=0.02 secs] 
2686.254: [GC (Allocation Failure) [PSYoungGen: 325118K->37684K(465920K)] 758847K->471710K(1227264K), 0.0070643 secs] [Times: user=0.01 sys=0.00, real=0.00 secs] 
2686.558: [GC (Allocation Failure) [PSYoungGen: 270644K->184398K(465920K)] 704670K->619806K(1227264K), 0.0201139 secs] [Times: user=0.02 sys=0.00, real=0.02 secs] 
2686.844: [GC (Allocation Failure) [PSYoungGen: 417358K->184494K(465920K)] 852766K->620039K(1227264K), 0.0197994 secs] [Times: user=0.02 sys=0.00, real=0.02 secs] 
2687.709: [GC (Allocation Failure) [PSYoungGen: 407586K->92030K(465920K)] 843131K->527840K(1227264K), 0.0125534 secs] [Times: user=0.02 sys=0.00, real=0.01 secs] 
2689.911: [GC (Allocation Failure) [PSYoungGen: 324990K->37556K(465920K)] 760800K->473673K(1227264K), 0.0076954 secs] [Times: user=0.02 sys=0.00, real=0.01 secs] 
2690.236: [GC (Allocation Failure) [PSYoungGen: 270516K->184398K(465920K)] 706633K->621761K(1227264K), 0.0200703 secs] [Times: user=0.02 sys=0.00, real=0.02 secs] 
2690.517: [GC (Allocation Failure) [PSYoungGen: 417358K->184269K(465920K)] 854721K->621905K(1227264K), 0.0198692 secs] [Times: user=0.02 sys=0.00, real=0.02 secs] 
2691.137: [GC (Allocation Failure) [PSYoungGen: 409317K->92415K(465920K)] 846953K->530445K(1227264K), 0.0121588 secs] [Times: user=0.02 sys=0.00, real=0.01 secs] 
2692.078: [GC (Allocation Failure) [PSYoungGen: 325375K->37813K(465920K)] 763405K->476020K(1227264K), 0.0053809 secs] [Times: user=0.02 sys=0.00, real=0.01 secs] 
2692.347: [GC (Allocation Failure) [PSYoungGen: 270773K->184655K(465920K)] 708980K->624091K(1227264K), 0.0200039 secs] [Times: user=0.03 sys=0.00, real=0.02 secs] 
2692.630: [GC (Allocation Failure) [PSYoungGen: 417615K->184398K(465920K)] 857051K->624099K(1227264K), 0.0200483 secs] [Times: user=0.03 sys=0.00, real=0.02 secs] 
2694.369: [GC (Allocation Failure) [PSYoungGen: 407139K->91741K(465920K)] 846840K->531707K(1227264K), 0.0184091 secs] [Times: user=0.03 sys=0.00, real=0.02 secs] 
2696.287: [GC (Allocation Failure) [PSYoungGen: 324701K->37813K(465920K)] 764667K->478077K(1227264K), 0.0060708 secs] [Times: user=0.02 sys=0.00, real=0.01 secs] 
2696.641: [GC (Allocation Failure) [PSYoungGen: 270773K->184655K(465920K)] 711037K->626165K(1227264K), 0.0201687 secs] [Times: user=0.03 sys=0.00, real=0.02 secs] 
2696.982: [GC (Allocation Failure) [PSYoungGen: 417615K->184687K(465920K)] 859125K->626462K(1227264K), 0.0199863 secs] [Times: user=0.03 sys=0.00, real=0.02 secs] 
2698.943: [GC (Allocation Failure) [PSYoungGen: 407264K->91452K(465920K)] 849039K->533492K(1227264K), 0.0155043 secs] [Times: user=0.03 sys=0.00, real=0.01 secs] 
2700.689: [GC (Allocation Failure) [PSYoungGen: 324412K->37588K(465920K)] 766452K->479930K(1227264K), 0.0065978 secs] [Times: user=0.02 sys=0.00, real=0.01 secs] 
2701.061: [GC (Allocation Failure) [PSYoungGen: 270548K->184655K(465920K)] 712890K->628363K(1227264K), 0.0200825 secs] [Times: user=0.03 sys=0.00, real=0.02 secs] 
2701.407: [GC (Allocation Failure) [PSYoungGen: 417615K->184687K(465920K)] 861323K->628532K(1227264K), 0.0197566 secs] [Times: user=0.03 sys=0.00, real=0.02 secs] 
2702.114: [GC (Allocation Failure) [PSYoungGen: 407499K->91741K(465920K)] 851344K->535851K(1227264K), 0.0121672 secs] [Times: user=0.02 sys=0.00, real=0.01 secs] 
2703.183: [GC (Allocation Failure) [PSYoungGen: 324701K->37813K(465920K)] 768811K->482228K(1227264K), 0.0054727 secs] [Times: user=0.01 sys=0.00, real=0.00 secs] 
2703.511: [GC (Allocation Failure) [PSYoungGen: 270773K->183884K(465920K)] 715188K->629537K(1227264K), 0.0201250 secs] [Times: user=0.03 sys=0.00, real=0.02 secs] 
2703.793: [GC (Allocation Failure) [PSYoungGen: 416844K->184430K(465920K)] 862497K->630356K(1227264K), 0.0198606 secs] [Times: user=0.03 sys=0.00, real=0.02 secs] 
2705.286: [GC (Allocation Failure) [PSYoungGen: 409640K->92432K(465920K)] 855566K->538623K(1227264K), 0.0188985 secs] [Times: user=0.04 sys=0.00, real=0.02 secs] 
2707.257: [GC (Allocation Failure) [PSYoungGen: 325392K->37556K(465920K)] 771583K->484053K(1227264K), 0.0065073 secs] [Times: user=0.02 sys=0.00, real=0.01 secs] 
2707.618: [GC (Allocation Failure) [PSYoungGen: 270516K->184108K(465920K)] 717013K->631843K(1227264K), 0.0200256 secs] [Times: user=0.03 sys=0.00, real=0.02 secs] 
2707.959: [GC (Allocation Failure) [PSYoungGen: 417068K->184494K(465920K)] 864803K->632510K(1227264K), 0.0202071 secs] [Times: user=0.03 sys=0.00, real=0.02 secs] 
2709.741: [GC (Allocation Failure) [PSYoungGen: 408075K->92544K(465920K)] 856091K->540833K(1227264K), 0.0146119 secs] [Times: user=0.03 sys=0.00, real=0.02 secs] 
2710.824: [GC (Allocation Failure) [PSYoungGen: 325504K->144835K(465920K)] 773793K->593429K(1227264K), 0.0139002 secs] [Times: user=0.02 sys=0.00, real=0.01 secs] 
2711.024: [GC (Allocation Failure) [PSYoungGen: 377795K->184430K(465920K)] 826389K->667038K(1227264K), 0.0216790 secs] [Times: user=0.03 sys=0.00, real=0.02 secs] 
2711.295: [GC (Allocation Failure) [PSYoungGen: 417390K->184398K(465920K)] 899998K->667279K(1227264K), 0.0217863 secs] [Times: user=0.03 sys=0.00, real=0.02 secs] 
2712.247: [GC (Allocation Failure) [PSYoungGen: 417358K->1312K(465920K)] 900239K->484337K(1227264K), 0.0021757 secs] [Times: user=0.01 sys=0.00, real=0.00 secs] 
2712.738: [GC (Allocation Failure) [PSYoungGen: 234272K->135361K(465920K)] 717297K->618572K(1227264K), 0.0149838 secs] [Times: user=0.02 sys=0.00, real=0.02 secs] 
2713.014: [GC (Allocation Failure) [PSYoungGen: 368321K->183916K(465920K)] 851532K->668372K(1227264K), 0.0199937 secs] [Times: user=0.03 sys=0.01, real=0.02 secs] 
2713.390: [GC (Allocation Failure) [PSYoungGen: 416876K->164929K(465920K)] 901332K->649651K(1227264K), 0.0192618 secs] [Times: user=0.03 sys=0.01, real=0.02 secs] 
2714.332: [GC (Allocation Failure) [PSYoungGen: 397889K->96K(465920K)] 882611K->486225K(1227264K), 0.0019001 secs] [Times: user=0.00 sys=0.00, real=0.01 secs] 
2714.720: [GC (Allocation Failure) [PSYoungGen: 233056K->157596K(465920K)] 719185K->643749K(1227264K), 0.0173409 secs] [Times: user=0.02 sys=0.00, real=0.02 secs] 
2715.063: [GC (Allocation Failure) [PSYoungGen: 390556K->184269K(465920K)] 876709K->671660K(1227264K), 0.0201267 secs] [Times: user=0.03 sys=0.00, real=0.02 secs] 
2715.901: [GC (Allocation Failure) [PSYoungGen: 417229K->148533K(465920K)] 904620K->636189K(1227264K), 0.0221329 secs] [Times: user=0.03 sys=0.00, real=0.03 secs] 
2717.496: [GC (Allocation Failure) [PSYoungGen: 381493K->64K(465920K)] 869149K->489145K(1227264K), 0.0022089 secs] [Times: user=0.01 sys=0.00, real=0.00 secs] 
2717.811: [GC (Allocation Failure) [PSYoungGen: 233024K->179252K(465920K)] 722105K->668374K(1227264K), 0.0194465 secs] [Times: user=0.03 sys=0.00, real=0.02 secs] 
2718.093: [GC (Allocation Failure) [PSYoungGen: 412212K->184398K(465920K)] 901334K->674781K(1227264K), 0.0200984 secs] [Times: user=0.03 sys=0.00, real=0.02 secs] 
2719.414: [GC (Allocation Failure) [PSYoungGen: 417358K->134988K(465920K)] 907741K->625645K(1227264K), 0.0190529 secs] [Times: user=0.04 sys=0.00, real=0.02 secs] 
2722.120: [GC (Allocation Failure) [PSYoungGen: 367923K->16927K(465920K)] 858580K->507905K(1227264K), 0.0056174 secs] [Times: user=0.01 sys=0.00, real=0.01 secs] 
2722.450: [GC (Allocation Failure) [PSYoungGen: 249887K->183884K(465920K)] 740865K->676099K(1227264K), 0.0201145 secs] [Times: user=0.03 sys=0.00, real=0.02 secs] 
2722.732: [GC (Allocation Failure) [PSYoungGen: 416844K->184398K(465920K)] 909059K->676886K(1227264K), 0.0200424 secs] [Times: user=0.02 sys=0.00, real=0.02 secs] 
2723.426: [GC (Allocation Failure) [PSYoungGen: 417358K->113477K(465920K)] 909846K->606231K(1227264K), 0.0137565 secs] [Times: user=0.03 sys=0.00, real=0.01 secs] 
2724.283: [GC (Allocation Failure) [PSYoungGen: 346437K->39384K(465920K)] 839191K->532436K(1227264K), 0.0055509 secs] [Times: user=0.01 sys=0.00, real=0.00 secs] 
2724.615: [GC (Allocation Failure) [PSYoungGen: 272344K->186325K(465920K)] 765396K->680743K(1227264K), 0.0202740 secs] [Times: user=0.03 sys=0.00, real=0.02 secs] 
2724.897: [GC (Allocation Failure) [PSYoungGen: 419285K->184783K(465920K)] 913703K->679345K(1227264K), 0.0202230 secs] [Times: user=0.03 sys=0.00, real=0.02 secs] 
2725.716: [GC (Allocation Failure) [PSYoungGen: 417743K->71742K(465920K)] 912305K->566569K(1227264K), 0.0166154 secs] [Times: user=0.03 sys=0.00, real=0.02 secs] 
2726.530: [GC (Allocation Failure) [PSYoungGen: 304702K->64706K(465920K)] 799529K->559847K(1227264K), 0.0081318 secs] [Times: user=0.01 sys=0.01, real=0.01 secs] 
2726.867: [GC (Allocation Failure) [PSYoungGen: 297666K->186325K(465920K)] 792807K->682720K(1227264K), 0.0203940 secs] [Times: user=0.03 sys=0.00, real=0.02 secs] 
2727.151: [GC (Allocation Failure) [PSYoungGen: 419285K->186068K(465920K)] 915680K->682736K(1227264K), 0.0203805 secs] [Times: user=0.03 sys=0.00, real=0.02 secs] 
2729.961: [GC (Allocation Failure) [PSYoungGen: 419028K->45170K(465920K)] 915696K->542102K(1227264K), 0.0161992 secs] [Times: user=0.03 sys=0.01, real=0.02 secs] 
2731.702: [GC (Allocation Failure) [PSYoungGen: 278130K->90989K(465920K)] 775062K->588237K(1227264K), 0.0127073 secs] [Times: user=0.02 sys=0.00, real=0.02 secs] 
2732.072: [GC (Allocation Failure) [PSYoungGen: 323949K->185940K(465920K)] 821197K->684434K(1227264K), 0.0202167 secs] [Times: user=0.03 sys=0.00, real=0.02 secs] 
2732.356: [GC (Allocation Failure) [PSYoungGen: 418900K->186004K(465920K)] 917394K->684771K(1227264K), 0.0201256 secs] [Times: user=0.02 sys=0.00, real=0.02 secs] 
2734.340: [GC (Allocation Failure) [PSYoungGen: 418964K->19433K(465920K)] 917731K->518593K(1227264K), 0.0053458 secs] [Times: user=0.02 sys=0.00, real=0.01 secs] 
2735.472: [GC (Allocation Failure) [PSYoungGen: 252393K->116694K(465920K)] 751553K->616031K(1227264K), 0.0131896 secs] [Times: user=0.02 sys=0.00, real=0.02 secs] 
2735.750: [GC (Allocation Failure) [PSYoungGen: 349654K->185940K(465920K)] 848991K->686652K(1227264K), 0.0202746 secs] [Times: user=0.02 sys=0.00, real=0.02 secs] 
2736.299: [GC (Allocation Failure) [PSYoungGen: 418900K->180069K(465920K)] 919612K->680917K(1227264K), 0.0279902 secs] [Times: user=0.04 sys=0.00, real=0.03 secs] 
2739.808: [GC (Allocation Failure) [PSYoungGen: 413029K->96K(465920K)] 913877K->502376K(1227264K), 0.0054527 secs] [Times: user=0.02 sys=0.00, real=0.01 secs] 
2740.655: [GC (Allocation Failure) [PSYoungGen: 233056K->142109K(465920K)] 735336K->644413K(1227264K), 0.0157411 secs] [Times: user=0.02 sys=0.00, real=0.01 secs] 
2740.936: [GC (Allocation Failure) [PSYoungGen: 375069K->186068K(465920K)] 877373K->689610K(1227264K), 0.0204808 secs] [Times: user=0.03 sys=0.00, real=0.02 secs] 
2741.356: [GC (Allocation Failure) [PSYoungGen: 419028K->162124K(465920K)] 922570K->665931K(1227264K), 0.0196152 secs] [Times: user=0.03 sys=0.00, real=0.02 secs] 
2742.308: [GC (Allocation Failure) [PSYoungGen: 395084K->96K(465920K)] 898891K->505350K(1227264K), 0.0024330 secs] [Times: user=0.01 sys=0.00, real=0.00 secs] 
2742.675: [GC (Allocation Failure) [PSYoungGen: 233056K->168263K(465920K)] 738310K->673542K(1227264K), 0.0182826 secs] [Times: user=0.03 sys=0.00, real=0.02 secs] 
2743.010: [GC (Allocation Failure) [PSYoungGen: 401223K->184526K(465920K)] 906502K->691042K(1227264K), 0.0200740 secs] [Times: user=0.03 sys=0.00, real=0.02 secs] 
2743.510: [GC (Allocation Failure) [PSYoungGen: 411780K->137624K(465920K)] 918296K->644406K(1227264K), 0.0183770 secs] [Times: user=0.02 sys=0.01, real=0.02 secs] 
2744.773: [GC (Allocation Failure) [PSYoungGen: 370584K->1473K(465920K)] 877366K->508569K(1227264K), 0.0030981 secs] [Times: user=0.01 sys=0.00, real=0.00 secs] 
2745.176: [GC (Allocation Failure) [PSYoungGen: 234433K->184141K(465920K)] 741529K->692612K(1227264K), 0.0200409 secs] [Times: user=0.03 sys=0.00, real=0.02 secs] 
2745.514: [GC (Allocation Failure) [PSYoungGen: 417101K->184558K(465920K)] 925572K->693174K(1227264K), 0.0201491 secs] [Times: user=0.03 sys=0.00, real=0.02 secs] 
2746.870: [GC (Allocation Failure) [PSYoungGen: 417518K->128546K(465920K)] 926134K->637555K(1227264K), 0.0361682 secs] [Times: user=0.07 sys=0.00, real=0.04 secs] 
2748.766: [GC (Allocation Failure) [PSYoungGen: 361506K->23868K(465920K)] 870515K->533046K(1227264K), 0.0055706 secs] [Times: user=0.01 sys=0.00, real=0.00 secs] 
2749.076: [GC (Allocation Failure) [PSYoungGen: 256828K->186454K(465920K)] 766006K->696878K(1227264K), 0.0202477 secs] [Times: user=0.02 sys=0.00, real=0.02 secs] 
2749.415: [GC (Allocation Failure) [PSYoungGen: 419414K->185940K(465920K)] 929838K->696765K(1227264K), 0.0204018 secs] [Times: user=0.03 sys=0.00, real=0.02 secs] 
2751.289: [GC (Allocation Failure) [PSYoungGen: 418900K->102440K(465920K)] 929725K->613402K(1227264K), 0.0204575 secs] [Times: user=0.04 sys=0.00, real=0.02 secs] 
2752.187: [GC (Allocation Failure) [PSYoungGen: 335400K->50022K(465920K)] 846362K->561282K(1227264K), 0.0066516 secs] [Times: user=0.02 sys=0.00, real=0.01 secs] 
2752.464: [GC (Allocation Failure) [PSYoungGen: 282982K->184655K(465920K)] 794242K->697160K(1227264K), 0.0199902 secs] [Times: user=0.02 sys=0.00, real=0.02 secs] 
2752.807: [GC (Allocation Failure) [PSYoungGen: 417615K->186422K(465920K)] 930120K->699200K(1227264K), 0.0205061 secs] [Times: user=0.03 sys=0.00, real=0.02 secs] 
2753.647: [GC (Allocation Failure) [PSYoungGen: 419382K->61058K(465920K)] 932160K->574102K(1227264K), 0.0096827 secs] [Times: user=0.02 sys=0.00, real=0.01 secs] 
2754.424: [GC (Allocation Failure) [PSYoungGen: 294018K->76402K(465920K)] 807062K->589759K(1227264K), 0.0091995 secs] [Times: user=0.02 sys=0.00, real=0.01 secs] 
2754.696: [GC (Allocation Failure) [PSYoungGen: 309362K->185683K(465920K)] 822719K->700278K(1227264K), 0.0200976 secs] [Times: user=0.02 sys=0.00, real=0.02 secs] 
2754.979: [GC (Allocation Failure) [PSYoungGen: 418643K->184430K(465920K)] 933238K->699289K(1227264K), 0.0198349 secs] [Times: user=0.02 sys=0.00, real=0.02 secs] 
2757.785: [GC (Allocation Failure) [PSYoungGen: 417390K->35707K(465920K)] 932249K->550832K(1227264K), 0.0145196 secs] [Times: user=0.04 sys=0.00, real=0.01 secs] 
2759.048: [GC (Allocation Failure) [PSYoungGen: 268667K->100625K(465920K)] 783792K->616066K(1227264K), 0.0116615 secs] [Times: user=0.02 sys=0.00, real=0.01 secs] 
2759.384: [GC (Allocation Failure) [PSYoungGen: 333585K->186100K(465920K)] 849026K->702795K(1227264K), 0.0202125 secs] [Times: user=0.03 sys=0.00, real=0.02 secs] 
2759.672: [GC (Allocation Failure) [PSYoungGen: 419060K->185972K(465920K)] 935755K->702939K(1227264K), 0.0202281 secs] [Times: user=0.03 sys=0.00, real=0.02 secs] 
2762.036: [GC (Allocation Failure) [PSYoungGen: 418932K->9665K(465920K)] 935899K->526897K(1227264K), 0.0072135 secs] [Times: user=0.02 sys=0.00, real=0.01 secs] 
2763.102: [GC (Allocation Failure) [PSYoungGen: 242625K->126204K(465920K)] 759857K->643758K(1227264K), 0.0142078 secs] [Times: user=0.02 sys=0.00, real=0.02 secs] 
2763.380: [GC (Allocation Failure) [PSYoungGen: 359164K->186100K(465920K)] 876718K->704900K(1227264K), 0.0202099 secs] [Times: user=0.03 sys=0.00, real=0.02 secs] 
2764.200: [GC (Allocation Failure) [PSYoungGen: 419060K->173981K(465920K)] 937860K->693175K(1227264K), 0.0346968 secs] [Times: user=0.05 sys=0.00, real=0.04 secs] 
2766.073: [GC (Allocation Failure) [PSYoungGen: 406941K->64K(465920K)] 926135K->520574K(1227264K), 0.0023567 secs] [Times: user=0.01 sys=0.00, real=0.00 secs] 
2766.622: [GC (Allocation Failure) [PSYoungGen: 233024K->151652K(465920K)] 753534K->672178K(1227264K), 0.0167702 secs] [Times: user=0.02 sys=0.00, real=0.02 secs] 
2766.903: [GC (Allocation Failure) [PSYoungGen: 384612K->184655K(465920K)] 905138K->706419K(1227264K), 0.0201089 secs] [Times: user=0.03 sys=0.00, real=0.02 secs] 
2767.594: [GC (Allocation Failure) [PSYoungGen: 417615K->154059K(465920K)] 939379K->676096K(1227264K), 0.0178241 secs] [Times: user=0.02 sys=0.00, real=0.01 secs] 
2769.005: [GC (Allocation Failure) [PSYoungGen: 387019K->64K(465920K)] 909056K->523542K(1227264K), 0.0048674 secs] [Times: user=0.02 sys=0.00, real=0.00 secs] 
2769.456: [GC (Allocation Failure) [PSYoungGen: 233024K->175172K(465920K)] 756502K->698675K(1227264K), 0.0190487 secs] [Times: user=0.02 sys=0.00, real=0.02 secs] 
2769.739: [GC (Allocation Failure) [PSYoungGen: 408132K->184655K(465920K)] 931635K->709395K(1227264K), 0.0201252 secs] [Times: user=0.03 sys=0.00, real=0.02 secs] 
2771.132: [GC (Allocation Failure) [PSYoungGen: 417615K->138700K(465920K)] 942355K->663705K(1227264K), 0.0375710 secs] [Times: user=0.06 sys=0.00, real=0.03 secs] 
2773.326: [GC (Allocation Failure) [PSYoungGen: 371660K->13939K(465920K)] 896665K->539251K(1227264K), 0.0039500 secs] [Times: user=0.01 sys=0.00, real=0.00 secs] 
2773.615: [GC (Allocation Failure) [PSYoungGen: 246899K->184012K(465920K)] 772211K->710569K(1227264K), 0.0200701 secs] [Times: user=0.03 sys=0.00, real=0.02 secs] 
2773.896: [GC (Allocation Failure) [PSYoungGen: 416972K->183787K(465920K)] 943529K->710617K(1227264K), 0.0201215 secs] [Times: user=0.03 sys=0.00, real=0.02 secs] 
2775.759: [GC (Allocation Failure) [PSYoungGen: 416747K->117011K(465920K)] 943577K->644106K(1227264K), 0.0306874 secs] [Times: user=0.06 sys=0.00, real=0.03 secs] 
2777.563: [GC (Allocation Failure) [PSYoungGen: 349971K->35303K(465920K)] 877066K->562700K(1227264K), 0.0064204 secs] [Times: user=0.01 sys=0.00, real=0.00 secs] 
2777.856: [GC (Allocation Failure) [PSYoungGen: 268263K->184783K(465920K)] 795660K->713417K(1227264K), 0.0201081 secs] [Times: user=0.03 sys=0.00, real=0.02 secs] 
2778.193: [GC (Allocation Failure) [PSYoungGen: 417743K->184109K(465920K)] 946377K->713016K(1227264K), 0.0202083 secs] [Times: user=0.03 sys=0.00, real=0.02 secs] 
2779.169: [GC (Allocation Failure) [PSYoungGen: 417069K->77992K(465920K)] 945976K->607164K(1227264K), 0.0184979 secs] [Times: user=0.03 sys=0.00, real=0.02 secs] 
2781.025: [GC (Allocation Failure) [PSYoungGen: 310952K->58151K(465920K)] 840124K->587629K(1227264K), 0.0091498 secs] [Times: user=0.02 sys=0.00, real=0.01 secs] 
2781.395: [GC (Allocation Failure) [PSYoungGen: 291111K->186486K(465920K)] 820589K->717202K(1227264K), 0.0209401 secs] [Times: user=0.03 sys=0.01, real=0.02 secs] 
2781.680: [GC (Allocation Failure) [PSYoungGen: 419446K->186132K(465920K)] 950162K->717250K(1227264K), 0.0203120 secs] [Times: user=0.03 sys=0.00, real=0.02 secs] 
2782.489: [GC (Allocation Failure) [PSYoungGen: 419092K->51516K(465920K)] 950210K->582898K(1227264K), 0.0082076 secs] [Times: user=0.02 sys=0.00, real=0.01 secs] 
2783.248: [GC (Allocation Failure) [PSYoungGen: 284476K->85141K(465920K)] 815858K->616701K(1227264K), 0.0100247 secs] [Times: user=0.01 sys=0.00, real=0.01 secs] 
2783.594: [GC (Allocation Failure) [PSYoungGen: 318101K->184012K(465920K)] 849661K->716817K(1227264K), 0.0199723 secs] [Times: user=0.03 sys=0.00, real=0.02 secs] 
2783.937: [GC (Allocation Failure) [PSYoungGen: 416972K->184783K(465920K)] 949777K->717861K(1227264K), 0.0202026 secs] [Times: user=0.03 sys=0.00, real=0.02 secs] 
2785.145: [GC (Allocation Failure) [PSYoungGen: 417743K->28269K(465920K)] 950821K->561741K(1227264K), 0.0057347 secs] [Times: user=0.02 sys=0.00, real=0.00 secs] 
2786.254: [GC (Allocation Failure) [PSYoungGen: 261229K->107311K(465920K)] 794701K->640968K(1227264K), 0.0125446 secs] [Times: user=0.02 sys=0.00, real=0.01 secs] 
2786.533: [GC (Allocation Failure) [PSYoungGen: 340271K->184655K(465920K)] 873928K->719549K(1227264K), 0.0204269 secs] [Times: user=0.02 sys=0.00, real=0.02 secs] 
2786.875: [GC (Allocation Failure) [PSYoungGen: 417615K->184012K(465920K)] 952509K->719180K(1227264K), 0.0202701 secs] [Times: user=0.02 sys=0.00, real=0.02 secs] 
2787.805: [GC (Allocation Failure) [PSYoungGen: 416972K->6323K(465920K)] 952140K->541756K(1227264K), 0.0028798 secs] [Times: user=0.01 sys=0.00, real=0.00 secs] 
2788.319: [GC (Allocation Failure) [PSYoungGen: 239283K->130060K(465920K)] 774716K->665806K(1227264K), 0.0145686 secs] [Times: user=0.02 sys=0.00, real=0.02 secs] 
2788.651: [GC (Allocation Failure) [PSYoungGen: 363020K->184398K(465920K)] 898766K->721390K(1227264K), 0.0202331 secs] [Times: user=0.02 sys=0.00, real=0.02 secs] 
2789.140: [GC (Allocation Failure) [PSYoungGen: 417358K->169716K(465920K)] 954350K->706973K(1227264K), 0.0223908 secs] [Times: user=0.03 sys=0.00, real=0.02 secs] 
2790.632: [GC (Allocation Failure) [PSYoungGen: 402676K->96K(465920K)] 939933K->538792K(1227264K), 0.0025371 secs] [Times: user=0.01 sys=0.00, real=0.01 secs] 
2791.237: [GC (Allocation Failure) [PSYoungGen: 233056K->152163K(465920K)] 771752K->690868K(1227264K), 0.0169802 secs] [Times: user=0.02 sys=0.00, real=0.02 secs] 
2791.574: [GC (Allocation Failure) [PSYoungGen: 385123K->184301K(465920K)] 923828K->724243K(1227264K), 0.0202322 secs] [Times: user=0.03 sys=0.00, real=0.02 secs] 
2793.303: [GC (Allocation Failure) [PSYoungGen: 417261K->153931K(465920K)] 957203K->694138K(1227264K), 0.0348091 secs] [Times: user=0.05 sys=0.00, real=0.03 secs] 
2795.259: [GC (Allocation Failure) [PSYoungGen: 386891K->64K(465920K)] 927098K->541699K(1227264K), 0.0023217 secs] [Times: user=0.02 sys=0.00, real=0.00 secs] 
2795.645: [GC (Allocation Failure) [PSYoungGen: 233024K->173629K(465920K)] 774659K->715273K(1227264K), 0.0190443 secs] [Times: user=0.02 sys=0.00, real=0.02 secs] 
2795.931: [GC (Allocation Failure) [PSYoungGen: 406589K->184398K(465920K)] 948233K->727415K(1227264K), 0.0201955 secs] [Times: user=0.03 sys=0.00, real=0.02 secs] 
2796.610: [GC (Allocation Failure) [PSYoungGen: 417358K->140531K(465920K)] 960375K->683685K(1227264K), 0.0160461 secs] [Times: user=0.02 sys=0.00, real=0.02 secs] 
2797.583: [GC (Allocation Failure) [PSYoungGen: 373491K->12137K(465920K)] 916645K->555591K(1227264K), 0.0033688 secs] [Times: user=0.01 sys=0.00, real=0.00 secs] 
2797.862: [GC (Allocation Failure) [PSYoungGen: 245097K->186325K(465920K)] 788551K->731153K(1227264K), 0.0202558 secs] [Times: user=0.02 sys=0.00, real=0.02 secs] 
2798.152: [GC (Allocation Failure) [PSYoungGen: 419285K->186100K(465920K)] 964113K->731073K(1227264K), 0.0204158 secs] [Times: user=0.02 sys=0.00, real=0.02 secs] 
2798.796: [GC (Allocation Failure) [PSYoungGen: 419060K->114120K(465920K)] 964033K->659357K(1227264K), 0.0138905 secs] [Times: user=0.02 sys=0.00, real=0.01 secs] 
2799.715: [GC (Allocation Failure) [PSYoungGen: 347080K->39641K(465920K)] 892317K->585173K(1227264K), 0.0056051 secs] [Times: user=0.01 sys=0.00, real=0.00 secs] 
2799.985: [GC (Allocation Failure) [PSYoungGen: 272601K->186325K(465920K)] 818133K->733095K(1227264K), 0.0202750 secs] [Times: user=0.03 sys=0.00, real=0.02 secs] 
2800.327: [GC (Allocation Failure) [PSYoungGen: 419285K->185972K(465920K)] 966055K->733143K(1227264K), 0.0202344 secs] [Times: user=0.03 sys=0.00, real=0.02 secs] 
2802.425: [GC (Allocation Failure) [PSYoungGen: 418932K->70408K(465920K)] 966103K->617844K(1227264K), 0.0172864 secs] [Times: user=0.03 sys=0.00, real=0.01 secs] 
2803.669: [GC (Allocation Failure) [PSYoungGen: 303368K->66120K(465920K)] 850804K->613741K(1227264K), 0.0113397 secs] [Times: user=0.02 sys=0.00, real=0.01 secs] 
2803.987: [GC (Allocation Failure) [PSYoungGen: 299080K->184526K(465920K)] 846701K->733385K(1227264K), 0.0200773 secs] [Times: user=0.03 sys=0.00, real=0.02 secs] 
2804.272: [GC (Allocation Failure) [PSYoungGen: 417486K->186293K(465920K)] 966345K->735417K(1227264K), 0.0202145 secs] [Times: user=0.02 sys=0.00, real=0.02 secs] 
2806.233: [GC (Allocation Failure) [PSYoungGen: 419253K->45282K(465920K)] 968377K->594671K(1227264K), 0.0077676 secs] [Times: user=0.02 sys=0.01, real=0.00 secs] 
2806.900: [GC (Allocation Failure) [PSYoungGen: 278200K->90828K(465920K)] 827588K->640533K(1227264K), 0.0107071 secs] [Times: user=0.01 sys=0.00, real=0.01 secs] 
2807.173: [GC (Allocation Failure) [PSYoungGen: 323788K->184141K(465920K)] 873493K->735083K(1227264K), 0.0201953 secs] [Times: user=0.03 sys=0.00, real=0.02 secs] 
2807.457: [GC (Allocation Failure) [PSYoungGen: 417101K->184462K(465920K)] 968043K->735806K(1227264K), 0.0202666 secs] [Times: user=0.03 sys=0.00, real=0.02 secs] 
2809.239: [GC (Allocation Failure) [PSYoungGen: 417422K->22871K(465920K)] 968766K->574359K(1227264K), 0.0061137 secs] [Times: user=0.02 sys=0.00, real=0.01 secs] 
2810.357: [GC (Allocation Failure) [PSYoungGen: 255831K->112966K(465920K)] 807319K->664763K(1227264K), 0.0130896 secs] [Times: user=0.02 sys=0.00, real=0.01 secs] 
2810.689: [GC (Allocation Failure) [PSYoungGen: 345926K->184141K(465920K)] 897723K->737311K(1227264K), 0.0201518 secs] [Times: user=0.03 sys=0.00, real=0.02 secs] 
2811.027: [GC (Allocation Failure) [PSYoungGen: 417101K->183819K(465920K)] 970271K->737126K(1227264K), 0.0197923 secs] [Times: user=0.02 sys=0.00, real=0.02 secs] 
2812.076: [GC (Allocation Failure) [PSYoungGen: 416779K->1376K(465920K)] 970086K->554835K(1227264K), 0.0022524 secs] [Times: user=0.01 sys=0.00, real=0.00 secs] 
2812.628: [GC (Allocation Failure) [PSYoungGen: 234336K->135361K(465920K)] 787795K->689006K(1227264K), 0.0149915 secs] [Times: user=0.02 sys=0.00, real=0.02 secs] 
2812.905: [GC (Allocation Failure) [PSYoungGen: 368321K->184526K(465920K)] 921966K->739408K(1227264K), 0.0202493 secs] [Times: user=0.02 sys=0.00, real=0.02 secs] 
2813.303: [GC (Allocation Failure) [PSYoungGen: 417486K->164302K(465920K)] 972368K->719458K(1227264K), 0.0222965 secs] [Times: user=0.03 sys=0.00, real=0.02 secs] 
2814.424: [GC (Allocation Failure) [PSYoungGen: 397262K->64K(465920K)] 952418K->556656K(1227264K), 0.0023738 secs] [Times: user=0.01 sys=0.00, real=0.00 secs] 
2814.850: [GC (Allocation Failure) [PSYoungGen: 233024K->158207K(465920K)] 789616K->714816K(1227264K), 0.0175854 secs] [Times: user=0.03 sys=0.00, real=0.02 secs] 
2815.189: [GC (Allocation Failure) [PSYoungGen: 391167K->184398K(465920K)] 947776K->742244K(1227264K), 0.0201313 secs] [Times: user=0.03 sys=0.00, real=0.02 secs] 
2815.978: [GC (Allocation Failure) [PSYoungGen: 417358K->147714K(465920K)] 975204K->705825K(1227264K), 0.0237938 secs] [Times: user=0.04 sys=0.00, real=0.02 secs] 
2817.812: [GC (Allocation Failure) [PSYoungGen: 380674K->96K(465920K)] 938785K->559629K(1227264K), 0.0025226 secs] [Times: user=0.02 sys=0.00, real=0.00 secs] 
2818.123: [GC (Allocation Failure) [PSYoungGen: 233056K->180313K(465920K)] 792589K->739870K(1227264K), 0.0197204 secs] [Times: user=0.03 sys=0.00, real=0.02 secs] 
2818.410: [GC (Allocation Failure) [PSYoungGen: 413273K->184398K(465920K)] 972830K->745193K(1227264K), 0.0202135 secs] [Times: user=0.03 sys=0.00, real=0.02 secs] 
2819.909: [GC (Allocation Failure) [PSYoungGen: 417358K->133816K(465920K)] 978153K->694876K(1227264K), 0.0389104 secs] [Times: user=0.07 sys=0.00, real=0.04 secs] 
2822.694: [GC (Allocation Failure) [PSYoungGen: 366776K->18534K(465920K)] 927836K->579908K(1227264K), 0.0071915 secs] [Times: user=0.02 sys=0.00, real=0.00 secs] 
2823.055: [GC (Allocation Failure) [PSYoungGen: 251494K->186325K(465920K)] 812868K->749065K(1227264K), 0.0205703 secs] [Times: user=0.02 sys=0.00, real=0.02 secs] 
2823.338: [GC (Allocation Failure) [PSYoungGen: 419285K->186100K(465920K)] 982025K->748985K(1227264K), 0.0202020 secs] [Times: user=0.02 sys=0.00, real=0.02 secs] 
2824.026: [GC (Allocation Failure) [PSYoungGen: 419060K->107725K(465920K)] 981945K->670875K(1227264K), 0.0138077 secs] [Times: user=0.02 sys=0.00, real=0.01 secs] 
2824.965: [GC (Allocation Failure) [PSYoungGen: 340685K->45910K(465920K)] 903835K->609365K(1227264K), 0.0062381 secs] [Times: user=0.02 sys=0.00, real=0.00 secs] 
2825.236: [GC (Allocation Failure) [PSYoungGen: 278870K->185811K(465920K)] 842325K->750504K(1227264K), 0.0202560 secs] [Times: user=0.02 sys=0.00, real=0.02 secs] 
2825.520: [GC (Allocation Failure) [PSYoungGen: 418771K->185875K(465920K)] 983464K->750841K(1227264K), 0.0202343 secs] [Times: user=0.03 sys=0.00, real=0.02 secs] 
2826.536: [GC (Allocation Failure) [PSYoungGen: 418835K->64625K(465920K)] 983801K->629856K(1227264K), 0.0194526 secs] [Times: user=0.04 sys=0.00, real=0.02 secs] 
2828.393: [GC (Allocation Failure) [PSYoungGen: 297585K->70939K(465920K)] 862816K->636484K(1227264K), 0.0099436 secs] [Times: user=0.02 sys=0.00, real=0.01 secs] 
2828.673: [GC (Allocation Failure) [PSYoungGen: 303899K->186325K(465920K)] 869444K->753124K(1227264K), 0.0205093 secs] [Times: user=0.03 sys=0.00, real=0.02 secs] 
2829.015: [GC (Allocation Failure) [PSYoungGen: 419285K->184783K(465920K)] 986084K->751854K(1227264K), 0.0203967 secs] [Times: user=0.03 sys=0.00, real=0.02 secs] 
2831.260: [GC (Allocation Failure) [PSYoungGen: 417743K->40222K(465920K)] 984814K->607686K(1227264K), 0.0080623 secs] [Times: user=0.02 sys=0.00, real=0.01 secs] 
2832.500: [GC (Allocation Failure) [PSYoungGen: 273182K->95327K(465920K)] 840646K->662973K(1227264K), 0.0112081 secs] [Times: user=0.02 sys=0.00, real=0.01 secs] 
2832.826: [GC (Allocation Failure) [PSYoungGen: 328287K->183884K(465920K)] 895933K->752767K(1227264K), 0.0201482 secs] [Times: user=0.03 sys=0.01, real=0.02 secs] 
2833.107: [GC (Allocation Failure) [PSYoungGen: 416844K->184398K(465920K)] 985727K->753554K(1227264K), 0.0199150 secs] [Times: user=0.03 sys=0.00, real=0.02 secs] 
2834.733: [GC (Allocation Failure) [PSYoungGen: 417358K->18630K(465920K)] 986514K->588051K(1227264K), 0.0102186 secs] [Times: user=0.03 sys=0.00, real=0.01 secs] 
2835.762: [GC (Allocation Failure) [PSYoungGen: 251590K->117336K(465920K)] 821011K->687064K(1227264K), 0.0133308 secs] [Times: user=0.02 sys=0.00, real=0.02 secs] 
2836.036: [GC (Allocation Failure) [PSYoungGen: 350296K->183787K(465920K)] 920024K->754752K(1227264K), 0.0201467 secs] [Times: user=0.02 sys=0.00, real=0.02 secs] 
2836.487: [GC (Allocation Failure) [PSYoungGen: 416747K->181355K(465920K)] 987712K->752713K(1227264K), 0.0260129 secs] [Times: user=0.03 sys=0.00, real=0.03 secs] 
2838.423: [GC (Allocation Failure) [PSYoungGen: 414315K->96K(465920K)] 985673K->572765K(1227264K), 0.0025938 secs] [Times: user=0.01 sys=0.00, real=0.00 secs] 
2839.286: [GC (Allocation Failure) [PSYoungGen: 233056K->138957K(465920K)] 805725K->711651K(1227264K), 0.0157165 secs] [Times: user=0.02 sys=0.00, real=0.01 secs] 
2839.564: [GC (Allocation Failure) [PSYoungGen: 371917K->184655K(465920K)] 944611K->758594K(1227264K), 0.0204431 secs] [Times: user=0.03 sys=0.00, real=0.02 secs] 
2839.963: [GC (Allocation Failure) [PSYoungGen: 417615K->162671K(465920K)] 991554K->736884K(1227264K), 0.0192697 secs] [Times: user=0.02 sys=0.00, real=0.01 secs] 
2841.004: [GC (Allocation Failure) [PSYoungGen: 395631K->64K(465920K)] 969844K->575722K(1227264K), 0.0033859 secs] [Times: user=0.02 sys=0.00, real=0.00 secs] 
2841.518: [GC (Allocation Failure) [PSYoungGen: 233024K->161452K(465920K)] 808682K->737134K(1227264K), 0.0180629 secs] [Times: user=0.02 sys=0.00, real=0.02 secs] 
2841.857: [GC (Allocation Failure) [PSYoungGen: 394412K->184558K(465920K)] 970094K->761614K(1227264K), 0.0208849 secs] [Times: user=0.03 sys=0.01, real=0.02 secs] 
2842.417: [GC (Allocation Failure) [PSYoungGen: 417518K->144420K(465920K)] 994574K->721613K(1227264K), 0.0193382 secs] [Times: user=0.04 sys=0.00, real=0.02 secs] 
2843.651: [GC (Allocation Failure) [PSYoungGen: 377380K->128K(465920K)] 954573K->577628K(1227264K), 0.0028889 secs] [Times: user=0.01 sys=0.00, real=0.01 secs] 
2843.964: [GC (Allocation Failure) [PSYoungGen: 233088K->184972K(465920K)] 810588K->762496K(1227264K), 0.0201997 secs] [Times: user=0.03 sys=0.00, real=0.02 secs] 
2844.307: [GC (Allocation Failure) [PSYoungGen: 417932K->184141K(465920K)] 995456K->762903K(1227264K), 0.0202158 secs] [Times: user=0.03 sys=0.00, real=0.02 secs] 
2844.913: [GC (Allocation Failure) [PSYoungGen: 417101K->129446K(465920K)] 995863K->708481K(1227264K), 0.0167688 secs] [Times: user=0.02 sys=0.00, real=0.01 secs] 
2845.882: [GC (Allocation Failure) [PSYoungGen: 362406K->23290K(465920K)] 941441K->602622K(1227264K), 0.0067858 secs] [Times: user=0.02 sys=0.00, real=0.01 secs] 
2846.233: [GC (Allocation Failure) [PSYoungGen: 256250K->184173K(465920K)] 835582K->764751K(1227264K), 0.0202077 secs] [Times: user=0.03 sys=0.00, real=0.02 secs] 
2846.518: [GC (Allocation Failure) [PSYoungGen: 417133K->184269K(465920K)] 997711K->765249K(1227264K), 0.0207422 secs] [Times: user=0.03 sys=0.00, real=0.02 secs] 
2848.376: [GC (Allocation Failure) [PSYoungGen: 417229K->106970K(465920K)] 998209K->688087K(1227264K), 0.0292758 secs] [Times: user=0.06 sys=0.00, real=0.03 secs] 
2850.450: [GC (Allocation Failure) [PSYoungGen: 339930K->45428K(465920K)] 921047K->626860K(1227264K), 0.0075865 secs] [Times: user=0.01 sys=0.00, real=0.01 secs] 
2850.740: [GC (Allocation Failure) [PSYoungGen: 278388K->183916K(465920K)] 859820K->766593K(1227264K), 0.0201278 secs] [Times: user=0.02 sys=0.00, real=0.02 secs] 
2851.079: [GC (Allocation Failure) [PSYoungGen: 416876K->184526K(465920K)] 999553K->767477K(1227264K), 0.0201077 secs] [Times: user=0.02 sys=0.00, real=0.02 secs] 
2852.364: [GC (Allocation Failure) [PSYoungGen: 417486K->68384K(465920K)] 1000437K->651600K(1227264K), 0.0206802 secs] [Times: user=0.04 sys=0.00, real=0.02 secs] 
2854.779: [GC (Allocation Failure) [PSYoungGen: 301344K->67277K(465920K)] 884560K->650798K(1227264K), 0.0096138 secs] [Times: user=0.02 sys=0.00, real=0.01 secs] 
2855.135: [GC (Allocation Failure) [PSYoungGen: 300237K->186357K(465920K)] 883758K->771253K(1227264K), 0.0205655 secs] [Times: user=0.03 sys=0.00, real=0.02 secs] 
2855.473: [GC (Allocation Failure) [PSYoungGen: 419317K->184783K(465920K)] 1004213K->769824K(1227264K), 0.0203834 secs] [Times: user=0.03 sys=0.00, real=0.02 secs] 
2856.655: [GC (Allocation Failure) [PSYoungGen: 417743K->43852K(465920K)] 1002784K->629158K(1227264K), 0.0075999 secs] [Times: user=0.02 sys=0.00, real=0.01 secs] 
2857.328: [GC (Allocation Failure) [PSYoungGen: 276812K->92371K(465920K)] 862118K->677982K(1227264K), 0.0109401 secs] [Times: user=0.01 sys=0.00, real=0.01 secs] 
2857.601: [GC (Allocation Failure) [PSYoungGen: 325331K->184108K(465920K)] 910942K->770957K(1227264K), 0.0201573 secs] [Times: user=0.03 sys=0.00, real=0.02 secs] 
2857.883: [GC (Allocation Failure) [PSYoungGen: 417068K->184526K(465920K)] 1003917K->771664K(1227264K), 0.0200917 secs] [Times: user=0.03 sys=0.00, real=0.02 secs] 
2860.045: [GC (Allocation Failure) [PSYoungGen: 417486K->21361K(465920K)] 1004624K->608892K(1227264K), 0.0071462 secs] [Times: user=0.02 sys=0.00, real=0.00 secs] 
2860.869: [GC (Allocation Failure) [PSYoungGen: 254321K->114477K(465920K)] 841852K->702185K(1227264K), 0.0147721 secs] [Times: user=0.02 sys=0.00, real=0.02 secs] 
2861.202: [GC (Allocation Failure) [PSYoungGen: 347437K->184173K(465920K)] 935145K->773111K(1227264K), 0.0200744 secs] [Times: user=0.03 sys=0.00, real=0.02 secs] 
2861.482: [GC (Allocation Failure) [PSYoungGen: 417133K->182181K(465920K)] 1006071K->771392K(1227264K), 0.0200834 secs] [Times: user=0.03 sys=0.00, real=0.02 secs] 
2863.181: [GC (Allocation Failure) [PSYoungGen: 415141K->1376K(465920K)] 1004352K->590731K(1227264K), 0.0040954 secs] [Times: user=0.02 sys=0.00, real=0.01 secs] 
2863.954: [GC (Allocation Failure) [PSYoungGen: 234336K->135072K(465920K)] 823691K->724591K(1227264K), 0.0151591 secs] [Times: user=0.02 sys=0.00, real=0.01 secs] 
2864.230: [GC (Allocation Failure) [PSYoungGen: 368032K->183884K(465920K)] 957551K->774648K(1227264K), 0.0202485 secs] [Times: user=0.03 sys=0.00, real=0.02 secs] 
2864.788: [GC (Allocation Failure) [PSYoungGen: 416844K->165250K(465920K)] 1007608K->756280K(1227264K), 0.0205664 secs] [Times: user=0.03 sys=0.00, real=0.02 secs] 
2867.802: [GC (Allocation Failure) [PSYoungGen: 398210K->96K(465920K)] 989240K->592559K(1227264K), 0.0039631 secs] [Times: user=0.02 sys=0.00, real=0.01 secs] 
2868.669: [GC (Allocation Failure) [PSYoungGen: 233056K->156436K(465920K)] 825519K->748924K(1227264K), 0.0173784 secs] [Times: user=0.02 sys=0.00, real=0.02 secs] 
2869.009: [GC (Allocation Failure) [PSYoungGen: 389396K->184430K(465920K)] 981884K->778155K(1227264K), 0.0202010 secs] [Times: user=0.03 sys=0.00, real=0.02 secs] 
2869.530: [GC (Allocation Failure) [PSYoungGen: 417390K->149561K(465920K)] 1011115K->743551K(1227264K), 0.0205188 secs] [Times: user=0.03 sys=0.00, real=0.02 secs] 
2871.095: [GC (Allocation Failure) [PSYoungGen: 382521K->64K(465920K)] 976511K->595483K(1227264K), 0.0027539 secs] [Times: user=0.02 sys=0.00, real=0.00 secs] 
2871.512: [GC (Allocation Failure) [PSYoungGen: 233024K->178288K(465920K)] 828443K->773732K(1227264K), 0.0195239 secs] [Times: user=0.02 sys=0.00, real=0.02 secs] 
2871.798: [GC (Allocation Failure) [PSYoungGen: 411248K->184012K(465920K)] 1006692K->780701K(1227264K), 0.0206323 secs] [Times: user=0.03 sys=0.00, real=0.02 secs] 
2873.586: [GC (Allocation Failure) [PSYoungGen: 416972K->136258K(465920K)] 1013661K->733212K(1227264K), 0.0275755 secs] [Times: user=0.05 sys=0.00, real=0.03 secs] 
2876.126: [GC (Allocation Failure) [PSYoungGen: 369218K->15835K(465920K)] 966172K->613087K(1227264K), 0.0066459 secs] [Times: user=0.02 sys=0.00, real=0.01 secs] 
2876.492: [GC (Allocation Failure) [PSYoungGen: 248795K->186325K(465920K)] 846047K->784823K(1227264K), 0.0206985 secs] [Times: user=0.03 sys=0.00, real=0.03 secs] 
2876.780: [GC (Allocation Failure) [PSYoungGen: 419285K->185908K(465920K)] 1017783K->784679K(1227264K), 0.0207790 secs] [Times: user=0.02 sys=0.00, real=0.02 secs] 
2877.971: [GC (Allocation Failure) [PSYoungGen: 418868K->110553K(465920K)] 1017639K->709589K(1227264K), 0.0145852 secs] [Times: user=0.02 sys=0.00, real=0.02 secs] 
2880.121: [GC (Allocation Failure) [PSYoungGen: 343513K->41283K(465920K)] 942549K->640632K(1227264K), 0.0069083 secs] [Times: user=0.01 sys=0.00, real=0.01 secs] 
2880.409: [GC (Allocation Failure) [PSYoungGen: 274243K->186197K(465920K)] 873592K->786921K(1227264K), 0.0203698 secs] [Times: user=0.03 sys=0.00, real=0.02 secs] 
2880.693: [GC (Allocation Failure) [PSYoungGen: 419157K->185908K(465920K)] 1019881K->786905K(1227264K), 0.0204693 secs] [Times: user=0.03 sys=0.00, real=0.02 secs] 
2882.710: [GC (Allocation Failure) [PSYoungGen: 418868K->68818K(465920K)] 1019865K->669951K(1227264K), 0.0127290 secs] [Times: user=0.02 sys=0.00, real=0.02 secs] 
2884.744: [GC (Allocation Failure) [PSYoungGen: 301778K->66891K(465920K)] 902911K->668332K(1227264K), 0.0084843 secs] [Times: user=0.02 sys=0.00, real=0.01 secs] 
2885.079: [GC (Allocation Failure) [PSYoungGen: 299851K->185843K(465920K)] 901292K->788522K(1227264K), 0.0203894 secs] [Times: user=0.03 sys=0.00, real=0.02 secs] 
2885.363: [GC (Allocation Failure) [PSYoungGen: 418803K->184430K(465920K)] 1021482K->787381K(1227264K), 0.0200421 secs] [Times: user=0.02 sys=0.00, real=0.02 secs] 
2887.890: [GC (Allocation Failure) [PSYoungGen: 417390K->45074K(465920K)] 1020341K->648290K(1227264K), 0.0132893 secs] [Times: user=0.03 sys=0.00, real=0.02 secs] 
2888.953: [GC (Allocation Failure) [PSYoungGen: 278034K->90828K(465920K)] 881250K->694361K(1227264K), 0.0107195 secs] [Times: user=0.02 sys=0.00, real=0.01 secs] 
2889.229: [GC (Allocation Failure) [PSYoungGen: 323788K->186454K(465920K)] 927321K->791368K(1227264K), 0.0205629 secs] [Times: user=0.03 sys=0.00, real=0.02 secs] 
2889.513: [GC (Allocation Failure) [PSYoungGen: 419414K->186068K(465920K)] 1024328K->791127K(1227264K), 0.0203511 secs] [Times: user=0.03 sys=0.00, real=0.02 secs] 
2891.002: [GC (Allocation Failure) [PSYoungGen: 419028K->18903K(465920K)] 1024087K->624227K(1227264K), 0.0047040 secs] [Times: user=0.01 sys=0.00, real=0.01 secs] 
2891.565: [GC (Allocation Failure) [PSYoungGen: 251863K->117593K(465920K)] 857187K->723225K(1227264K), 0.0135361 secs] [Times: user=0.02 sys=0.00, real=0.01 secs] 
2891.845: [GC (Allocation Failure) [PSYoungGen: 350553K->185940K(465920K)] 956185K->792809K(1227264K), 0.0205114 secs] [Times: user=0.03 sys=0.00, real=0.02 secs] 
2892.204: [GC (Allocation Failure) [PSYoungGen: 418900K->179153K(465920K)] 1025769K->786287K(1227264K), 0.0211604 secs] [Times: user=0.03 sys=0.00, real=0.02 secs] 
2894.378: [GC (Allocation Failure) [PSYoungGen: 412113K->64K(465920K)] 1019247K->608632K(1227264K), 0.0030659 secs] [Times: user=0.01 sys=0.00, real=0.00 secs] 
2895.513: [GC (Allocation Failure) [PSYoungGen: 233024K->141499K(465920K)] 841592K->750083K(1227264K), 0.0157491 secs] [Times: user=0.02 sys=0.00, real=0.01 secs] 
2895.798: [GC (Allocation Failure) [PSYoungGen: 374459K->186229K(465920K)] 983043K->796172K(1227264K), 0.0203480 secs] [Times: user=0.03 sys=0.00, real=0.02 secs] 
2896.614: [GC (Allocation Failure) [PSYoungGen: 419189K->162670K(465920K)] 1029132K->772750K(1227264K), 0.0235767 secs] [Times: user=0.03 sys=0.00, real=0.02 secs] 
2899.458: [GC (Allocation Failure) [PSYoungGen: 395630K->96K(465920K)] 1005710K->611604K(1227264K), 0.0042282 secs] [Times: user=0.02 sys=0.00, real=0.00 secs] 
2900.194: [GC (Allocation Failure) [PSYoungGen: 233056K->166689K(465920K)] 844564K->778214K(1227264K), 0.0184440 secs] [Times: user=0.02 sys=0.00, real=0.01 secs] 
2900.474: [GC (Allocation Failure) [PSYoungGen: 399649K->184269K(465920K)] 1011174K->797032K(1227264K), 0.0201568 secs] [Times: user=0.02 sys=0.00, real=0.02 secs] 
2900.993: [GC (Allocation Failure) [PSYoungGen: 412936K->139392K(465920K)] 1025699K->752419K(1227264K), 0.0177519 secs] [Times: user=0.03 sys=0.00, real=0.01 secs] 
2902.082: [GC (Allocation Failure) [PSYoungGen: 372352K->1569K(465920K)] 985379K->614902K(1227264K), 0.0026090 secs] [Times: user=0.02 sys=0.00, real=0.01 secs] 
2902.380: [GC (Allocation Failure) [PSYoungGen: 234529K->184558K(465920K)] 847862K->799129K(1227264K), 0.0202861 secs] [Times: user=0.03 sys=0.00, real=0.02 secs] 
2902.721: [GC (Allocation Failure) [PSYoungGen: 417518K->186357K(465920K)] 1032089K->801330K(1227264K), 0.0202858 secs] [Times: user=0.03 sys=0.00, real=0.02 secs] 
2904.456: [GC (Allocation Failure) [PSYoungGen: 419317K->126217K(465920K)] 1034290K->741326K(1227264K), 0.0354091 secs] [Times: user=0.07 sys=0.00, real=0.03 secs] 
2905.643: [GC (Allocation Failure) [PSYoungGen: 359177K->27017K(465920K)] 974286K->642431K(1227264K), 0.0045391 secs] [Times: user=0.01 sys=0.00, real=0.00 secs] 
2905.913: [GC (Allocation Failure) [PSYoungGen: 259977K->186357K(465920K)] 875391K->803018K(1227264K), 0.0203887 secs] [Times: user=0.03 sys=0.00, real=0.02 secs] 
2906.207: [GC (Allocation Failure) [PSYoungGen: 419317K->185940K(465920K)] 1035978K->802873K(1227264K), 0.0201163 secs] [Times: user=0.03 sys=0.00, real=0.02 secs] 
2907.394: [GC (Allocation Failure) [PSYoungGen: 418900K->82923K(465920K)] 1035833K->700122K(1227264K), 0.0168926 secs] [Times: user=0.03 sys=0.00, real=0.01 secs] 
2908.971: [GC (Allocation Failure) [PSYoungGen: 315883K->52753K(465920K)] 933082K->670274K(1227264K), 0.0086089 secs] [Times: user=0.02 sys=0.00, real=0.01 secs] 
2909.264: [GC (Allocation Failure) [PSYoungGen: 285713K->186229K(465920K)] 903234K->804987K(1227264K), 0.0204355 secs] [Times: user=0.03 sys=0.00, real=0.02 secs] 
2909.551: [GC (Allocation Failure) [PSYoungGen: 419189K->184655K(465920K)] 1037947K->803685K(1227264K), 0.0201709 secs] [Times: user=0.02 sys=0.00, real=0.02 secs] 
2910.412: [GC (Allocation Failure) [PSYoungGen: 417615K->58616K(465920K)] 1036645K->677912K(1227264K), 0.0090790 secs] [Times: user=0.02 sys=0.00, real=0.01 secs] 
2911.713: [GC (Allocation Failure) [PSYoungGen: 291576K->77299K(465920K)] 910872K->696900K(1227264K), 0.0134268 secs] [Times: user=0.02 sys=0.00, real=0.01 secs] 
2912.000: [GC (Allocation Failure) [PSYoungGen: 310259K->184269K(465920K)] 929860K->805108K(1227264K), 0.0202062 secs] [Times: user=0.03 sys=0.00, real=0.02 secs] 
2912.338: [GC (Allocation Failure) [PSYoungGen: 417229K->183916K(465920K)] 1038068K->805020K(1227264K), 0.0200367 secs] [Times: user=0.02 sys=0.00, real=0.02 secs] 
2913.856: [GC (Allocation Failure) [PSYoungGen: 416876K->36735K(465920K)] 1037980K->658233K(1227264K), 0.0076742 secs] [Times: user=0.02 sys=0.00, real=0.01 secs] 
2914.886: [GC (Allocation Failure) [PSYoungGen: 269695K->98893K(465920K)] 891193K->720560K(1227264K), 0.0116264 secs] [Times: user=0.02 sys=0.00, real=0.01 secs] 
2915.159: [GC (Allocation Failure) [PSYoungGen: 331853K->184012K(465920K)] 953520K->806925K(1227264K), 0.0201088 secs] [Times: user=0.02 sys=0.00, real=0.02 secs] 
2915.441: [GC (Allocation Failure) [PSYoungGen: 416972K->184076K(465920K)] 1039885K->807262K(1227264K), 0.0200963 secs] [Times: user=0.03 sys=0.00, real=0.02 secs] 
2917.664: [GC (Allocation Failure) [PSYoungGen: 417036K->15272K(465920K)] 1040222K->638851K(1227264K), 0.0057627 secs] [Times: user=0.02 sys=0.00, real=0.00 secs] 
2918.627: [GC (Allocation Failure) [PSYoungGen: 248232K->121931K(465920K)] 871811K->745687K(1227264K), 0.0137243 secs] [Times: user=0.02 sys=0.00, real=0.01 secs] 
2918.904: [GC (Allocation Failure) [PSYoungGen: 354891K->186068K(465920K)] 978647K->811062K(1227264K), 0.0204363 secs] [Times: user=0.03 sys=0.00, real=0.02 secs] 
2919.568: [GC (Allocation Failure) [PSYoungGen: 419028K->176143K(465920K)] 1044022K->801402K(1227264K), 0.0376974 secs] [Times: user=0.05 sys=0.00, real=0.04 secs] 
2921.686: [GC (Allocation Failure) [PSYoungGen: 409103K->64K(465920K)] 1034362K->626754K(1227264K), 0.0034482 secs] [Times: user=0.02 sys=0.00, real=0.00 secs] 
2922.207: [GC (Allocation Failure) [PSYoungGen: 233024K->148728K(465920K)] 859714K->775435K(1227264K), 0.0165216 secs] [Times: user=0.02 sys=0.00, real=0.02 secs] 
2922.487: [GC (Allocation Failure) [PSYoungGen: 381688K->185811K(465920K)] 1008395K->813756K(1227264K), 0.0203323 secs] [Times: user=0.02 sys=0.00, real=0.02 secs] 
2922.933: [GC (Allocation Failure) [PSYoungGen: 418771K->155843K(465920K)] 1046716K->784181K(1227264K), 0.0191657 secs] [Times: user=0.03 sys=0.00, real=0.02 secs] 
2924.691: [GC (Allocation Failure) [PSYoungGen: 388803K->64K(465920K)] 1017141K->629721K(1227264K), 0.0036344 secs] [Times: user=0.01 sys=0.00, real=0.01 secs] 
2925.170: [GC (Allocation Failure) [PSYoungGen: 233024K->173758K(465920K)] 862681K->803431K(1227264K), 0.0191883 secs] [Times: user=0.03 sys=0.00, real=0.02 secs] 
2925.453: [GC (Allocation Failure) [PSYoungGen: 406718K->186197K(465920K)] 1036391K->817108K(1227264K), 0.0204562 secs] [Times: user=0.03 sys=0.00, real=0.02 secs] 
2925.966: [GC (Allocation Failure) [PSYoungGen: 419157K->138555K(465920K)] 1050068K->769731K(1227264K), 0.0161024 secs] [Times: user=0.03 sys=0.00, real=0.01 secs] 
2927.805: [GC (Allocation Failure) [PSYoungGen: 371515K->14839K(465920K)] 1002691K->646321K(1227264K), 0.0049158 secs] [Times: user=0.01 sys=0.00, real=0.00 secs] 
2928.186: [GC (Allocation Failure) [PSYoungGen: 247799K->185715K(465920K)] 879281K->818434K(1227264K), 0.0203182 secs] [Times: user=0.03 sys=0.00, real=0.02 secs] 
2928.527: [GC (Allocation Failure) [PSYoungGen: 418675K->184430K(465920K)] 1051394K->817422K(1227264K), 0.0200991 secs] [Times: user=0.03 sys=0.00, real=0.02 secs] 
2929.831: [GC (Allocation Failure) [PSYoungGen: 417390K->113750K(465920K)] 1050382K->747136K(1227264K), 0.0329815 secs] [Times: user=0.06 sys=0.00, real=0.04 secs] 
2932.238: [GC (Allocation Failure) [PSYoungGen: 346710K->39741K(465920K)] 980096K->673295K(1227264K), 0.0078332 secs] [Times: user=0.02 sys=0.00, real=0.01 secs] 
2932.543: [GC (Allocation Failure) [PSYoungGen: 272701K->185811K(465920K)] 906255K->820612K(1227264K), 0.0204098 secs] [Times: user=0.03 sys=0.00, real=0.02 secs] 
2932.830: [GC (Allocation Failure) [PSYoungGen: 418771K->184462K(465920K)] 1053572K->819535K(1227264K), 0.0201194 secs] [Times: user=0.03 sys=0.00, real=0.02 secs] 
2934.910: [GC (Allocation Failure) [PSYoungGen: 417422K->72208K(465920K)] 1052495K->707555K(1227264K), 0.0183630 secs] [Times: user=0.03 sys=0.00, real=0.02 secs] 
2935.763: [GC (Allocation Failure) [PSYoungGen: 305168K->64578K(465920K)] 940515K->700238K(1227264K), 0.0081465 secs] [Times: user=0.01 sys=0.00, real=0.00 secs] 
2936.108: [GC (Allocation Failure) [PSYoungGen: 297538K->186068K(465920K)] 933198K->822966K(1227264K), 0.0205032 secs] [Times: user=0.03 sys=0.00, real=0.02 secs] 
2936.443: [GC (Allocation Failure) [PSYoungGen: 419028K->185908K(465920K)] 1055926K->823079K(1227264K), 0.0203361 secs] [Times: user=0.03 sys=0.00, real=0.02 secs] 
2940.058: [GC (Allocation Failure) [PSYoungGen: 418868K->45652K(465920K)] 1056039K->683088K(1227264K), 0.0092204 secs] [Times: user=0.02 sys=0.00, real=0.01 secs] 
2941.975: [GC (Allocation Failure) [PSYoungGen: 278612K->90025K(465920K)] 916048K->727769K(1227264K), 0.0122690 secs] [Times: user=0.02 sys=0.00, real=0.01 secs] 
2942.259: [GC (Allocation Failure) [PSYoungGen: 322985K->185940K(465920K)] 960729K->824921K(1227264K), 0.0204009 secs] [Times: user=0.03 sys=0.00, real=0.02 secs] 
2942.613: [GC (Allocation Failure) [PSYoungGen: 418900K->185940K(465920K)] 1057881K->825194K(1227264K), 0.0206356 secs] [Times: user=0.02 sys=0.00, real=0.02 secs] 
2943.861: [GC (Allocation Failure) [PSYoungGen: 418900K->20284K(465920K)] 1058154K->659933K(1227264K), 0.0050418 secs] [Times: user=0.02 sys=0.00, real=0.01 secs] 
2944.669: [GC (Allocation Failure) [PSYoungGen: 253244K->115920K(465920K)] 892893K->755761K(1227264K), 0.0133250 secs] [Times: user=0.02 sys=0.00, real=0.02 secs] 
2944.947: [GC (Allocation Failure) [PSYoungGen: 348880K->185940K(465920K)] 988721K->827011K(1227264K), 0.0204804 secs] [Times: user=0.03 sys=0.00, real=0.02 secs] 
2945.644: [GC (Allocation Failure) [PSYoungGen: 418900K->180840K(465920K)] 1059971K->822176K(1227264K), 0.0542029 secs] [Times: user=0.08 sys=0.00, real=0.05 secs] 
2948.335: [GC (Allocation Failure) [PSYoungGen: 413800K->96K(465920K)] 1055136K->642869K(1227264K), 0.0031866 secs] [Times: user=0.02 sys=0.00, real=0.00 secs] 
2949.436: [GC (Allocation Failure) [PSYoungGen: 233056K->139696K(465920K)] 875829K->782494K(1227264K), 0.0158432 secs] [Times: user=0.02 sys=0.00, real=0.01 secs] 
2949.716: [GC (Allocation Failure) [PSYoungGen: 372656K->186197K(465920K)] 1015454K->830232K(1227264K), 0.0204819 secs] [Times: user=0.03 sys=0.00, real=0.02 secs] 
2950.154: [GC (Allocation Failure) [PSYoungGen: 415185K->160358K(465920K)] 1059220K->804658K(1227264K), 0.0200118 secs] [Times: user=0.02 sys=0.01, real=0.02 secs] 
2951.209: [GC (Allocation Failure) [PSYoungGen: 393318K->64K(465920K)] 1037618K->645809K(1227264K), 0.0031992 secs] [Times: user=0.02 sys=0.00, real=0.00 secs] 
2951.710: [GC (Allocation Failure) [PSYoungGen: 233024K->161034K(465920K)] 878769K->806804K(1227264K), 0.0183433 secs] [Times: user=0.02 sys=0.00, real=0.02 secs] 
2952.056: [GC (Allocation Failure) [PSYoungGen: 393994K->184398K(465920K)] 1039764K->831413K(1227264K), 0.0203607 secs] [Times: user=0.03 sys=0.00, real=0.02 secs] 
2952.634: [GC (Allocation Failure) [PSYoungGen: 417358K->144886K(465920K)] 1064373K->792167K(1227264K), 0.0200964 secs] [Times: user=0.03 sys=0.00, real=0.02 secs] 
2953.751: [GC (Allocation Failure) [PSYoungGen: 377846K->64K(465920K)] 1025127K->648784K(1227264K), 0.0025255 secs] [Times: user=0.01 sys=0.00, real=0.01 secs] 
2954.206: [GC (Allocation Failure) [PSYoungGen: 233024K->183493K(465920K)] 881744K->832238K(1227264K), 0.0199780 secs] [Times: user=0.03 sys=0.00, real=0.02 secs] 
2954.488: [GC (Allocation Failure) [PSYoungGen: 416453K->184398K(465920K)] 1065198K->834388K(1227264K), 0.0202315 secs] [Times: user=0.03 sys=0.00, real=0.02 secs] 
2956.076: [GC (Allocation Failure) [PSYoungGen: 417358K->130731K(465920K)] 1067348K->780986K(1227264K), 0.0373455 secs] [Times: user=0.07 sys=0.00, real=0.04 secs] 
2957.543: [GC (Allocation Failure) [PSYoungGen: 363691K->21779K(465920K)] 1013946K->672348K(1227264K), 0.0046950 secs] [Times: user=0.02 sys=0.00, real=0.00 secs] 
2957.825: [GC (Allocation Failure) [PSYoungGen: 254739K->186357K(465920K)] 905308K->838300K(1227264K), 0.0207857 secs] [Times: user=0.03 sys=0.00, real=0.02 secs] 
2958.112: [GC (Allocation Failure) [PSYoungGen: 419317K->184815K(465920K)] 1071260K->836903K(1227264K), 0.0201884 secs] [Times: user=0.03 sys=0.00, real=0.02 secs] 
2959.745: [GC (Allocation Failure) [PSYoungGen: 417775K->105814K(465920K)] 1069863K->758166K(1227264K), 0.0228444 secs] [Times: user=0.05 sys=0.00, real=0.02 secs] 
2962.031: [GC (Allocation Failure) [PSYoungGen: 338774K->45939K(465920K)] 991126K->698593K(1227264K), 0.0088066 secs] [Times: user=0.02 sys=0.00, real=0.01 secs] 
2962.340: [GC (Allocation Failure) [PSYoungGen: 278899K->184558K(465920K)] 931553K->838466K(1227264K), 0.0203288 secs] [Times: user=0.03 sys=0.00, real=0.02 secs] 
2962.624: [GC (Allocation Failure) [PSYoungGen: 417518K->186486K(465920K)] 1071426K->840667K(1227264K), 0.0203920 secs] [Times: user=0.03 sys=0.00, real=0.02 secs] 
2964.818: [GC (Allocation Failure) [PSYoungGen: 419446K->65300K(465920K)] 1073627K->719874K(1227264K), 0.0167465 secs] [Times: user=0.03 sys=0.00, real=0.02 secs] 
2966.284: [GC (Allocation Failure) [PSYoungGen: 298260K->71261K(465920K)] 952834K->726020K(1227264K), 0.0091222 secs] [Times: user=0.02 sys=0.00, real=0.01 secs] 
2966.611: [GC (Allocation Failure) [PSYoungGen: 304221K->184173K(465920K)] 958980K->840178K(1227264K), 0.0203657 secs] [Times: user=0.03 sys=0.00, real=0.02 secs] 
2966.897: [GC (Allocation Failure) [PSYoungGen: 417133K->186325K(465920K)] 1073138K->842732K(1227264K), 0.0207090 secs] [Times: user=0.03 sys=0.00, real=0.02 secs] 
2968.452: [GC (Allocation Failure) [PSYoungGen: 419285K->40463K(465920K)] 1075692K->697014K(1227264K), 0.0089108 secs] [Times: user=0.02 sys=0.00, real=0.01 secs] 
2969.850: [GC (Allocation Failure) [PSYoungGen: 273423K->95584K(465920K)] 929974K->752443K(1227264K), 0.0111754 secs] [Times: user=0.02 sys=0.00, real=0.01 secs] 
2970.125: [GC (Allocation Failure) [PSYoungGen: 328544K->185940K(465920K)] 985403K->844165K(1227264K), 0.0203805 secs] [Times: user=0.02 sys=0.00, real=0.02 secs] 
2970.414: [GC (Allocation Failure) [PSYoungGen: 418900K->185972K(465920K)] 1077125K->844342K(1227264K), 0.0203859 secs] [Times: user=0.03 sys=0.00, real=0.02 secs] 
2971.445: [GC (Allocation Failure) [PSYoungGen: 418932K->14742K(465920K)] 1077302K->673505K(1227264K), 0.0041199 secs] [Times: user=0.02 sys=0.00, real=0.00 secs] 
2972.140: [GC (Allocation Failure) [PSYoungGen: 247702K->122252K(465920K)] 906465K->781178K(1227264K), 0.0140606 secs] [Times: user=0.03 sys=0.00, real=0.02 secs] 
2972.474: [GC (Allocation Failure) [PSYoungGen: 355212K->185683K(465920K)] 1014138K->845991K(1227264K), 0.0203994 secs] [Times: user=0.03 sys=0.00, real=0.02 secs] 
2972.966: [GC (Allocation Failure) [PSYoungGen: 418643K->175247K(465920K)] 1078951K->835692K(1227264K), 0.0251093 secs] [Times: user=0.03 sys=0.00, real=0.02 secs] 
2974.467: [GC (Allocation Failure) [PSYoungGen: 408207K->64K(465920K)] 1068652K->661946K(1227264K), 0.0029051 secs] [Times: user=0.01 sys=0.00, real=0.00 secs] 
2975.196: [GC (Allocation Failure) [PSYoungGen: 233024K->146125K(465920K)] 894906K->808032K(1227264K), 0.0164422 secs] [Times: user=0.03 sys=0.00, real=0.01 secs] 
2975.534: [GC (Allocation Failure) [PSYoungGen: 379085K->186454K(465920K)] 1040992K->849614K(1227264K), 0.0207514 secs] [Times: user=0.03 sys=0.00, real=0.02 secs] 
2975.940: [GC (Allocation Failure) [PSYoungGen: 419414K->157787K(465920K)] 1082574K->821212K(1227264K), 0.0196564 secs] [Times: user=0.03 sys=0.00, real=0.02 secs] 
2977.591: [GC (Allocation Failure) [PSYoungGen: 390747K->96K(465920K)] 1054172K->664955K(1227264K), 0.0026222 secs] [Times: user=0.01 sys=0.00, real=0.01 secs] 
2978.137: [GC (Allocation Failure) [PSYoungGen: 233056K->172087K(465920K)] 897915K->836979K(1227264K), 0.0188871 secs] [Times: user=0.02 sys=0.00, real=0.02 secs] 
2978.419: [GC (Allocation Failure) [PSYoungGen: 405047K->186229K(465920K)] 1069939K->852358K(1227264K), 0.0204437 secs] [Times: user=0.03 sys=0.00, real=0.02 secs] 
2979.609: [GC (Allocation Failure) [PSYoungGen: 419189K->140242K(465920K)] 1085318K->806636K(1227264K), 0.0242416 secs] [Times: user=0.04 sys=0.00, real=0.03 secs] 
2981.654: [GC (Allocation Failure) [PSYoungGen: 373202K->13136K(465920K)] 1039596K->679844K(1227264K), 0.0046700 secs] [Times: user=0.02 sys=0.00, real=0.00 secs] 
2981.962: [GC (Allocation Failure) [PSYoungGen: 246096K->185715K(465920K)] 912804K->853668K(1227264K), 0.0208095 secs] [Times: user=0.03 sys=0.00, real=0.03 secs] 
2982.257: [GC (Allocation Failure) [PSYoungGen: 418675K->185875K(465920K)] 1086628K->854102K(1227264K), 0.0203998 secs] [Times: user=0.03 sys=0.00, real=0.02 secs] 
2982.845: [GC (Allocation Failure) [PSYoungGen: 418835K->113991K(465920K)] 1087062K->782483K(1227264K), 0.0134509 secs] [Times: user=0.02 sys=0.01, real=0.01 secs] 
2984.611: [GC (Allocation Failure) [PSYoungGen: 346951K->38102K(465920K)] 1015443K->706899K(1227264K), 0.0077823 secs] [Times: user=0.02 sys=0.00, real=0.01 secs] 
2984.930: [GC (Allocation Failure) [PSYoungGen: 271062K->186229K(465920K)] 939859K->856272K(1227264K), 0.0205460 secs] [Times: user=0.03 sys=0.00, real=0.02 secs] 
2985.214: [GC (Allocation Failure) [PSYoungGen: 419189K->185972K(465920K)] 1089232K->856416K(1227264K), 0.0204395 secs] [Times: user=0.03 sys=0.00, real=0.02 secs] 
2986.540: [GC (Allocation Failure) [PSYoungGen: 418932K->71967K(465920K)] 1089376K->742548K(1227264K), 0.0150546 secs] [Times: user=0.03 sys=0.01, real=0.02 secs] 
2987.353: [GC (Allocation Failure) [PSYoungGen: 304927K->65121K(465920K)] 975508K->736012K(1227264K), 0.0102455 secs] [Times: user=0.02 sys=0.00, real=0.01 secs] 
2987.681: [GC (Allocation Failure) [PSYoungGen: 298081K->185683K(465920K)] 968972K->857827K(1227264K), 0.0205025 secs] [Times: user=0.03 sys=0.00, real=0.02 secs] 
2988.026: [GC (Allocation Failure) [PSYoungGen: 418643K->184366K(465920K)] 1090787K->856783K(1227264K), 0.0204164 secs] [Times: user=0.03 sys=0.00, real=0.02 secs] 
2988.831: [GC (Allocation Failure) [PSYoungGen: 417326K->47081K(465920K)] 1089743K->719892K(1227264K), 0.0083186 secs] [Times: user=0.02 sys=0.00, real=0.01 secs] 
2989.534: [GC (Allocation Failure) [PSYoungGen: 280041K->90089K(465920K)] 952852K->763077K(1227264K), 0.0107875 secs] [Times: user=0.01 sys=0.00, real=0.01 secs] 
2989.809: [GC (Allocation Failure) [PSYoungGen: 323049K->185972K(465920K)] 996037K->860326K(1227264K), 0.0206137 secs] [Times: user=0.03 sys=0.00, real=0.02 secs] 
2990.092: [GC (Allocation Failure) [PSYoungGen: 418932K->184526K(465920K)] 1093286K->859025K(1227264K), 0.0201992 secs] [Times: user=0.02 sys=0.00, real=0.02 secs] 
2992.289: [GC (Allocation Failure) [PSYoungGen: 417486K->21730K(465920K)] 1091985K->696494K(1227264K), 0.0062688 secs] [Times: user=0.02 sys=0.00, real=0.01 secs] 
2993.673: [GC (Allocation Failure) [PSYoungGen: 254690K->115023K(465920K)] 929454K->790092K(1227264K), 0.0134182 secs] [Times: user=0.02 sys=0.00, real=0.01 secs] 
2993.951: [GC (Allocation Failure) [PSYoungGen: 347983K->186197K(465920K)] 1023052K->862504K(1227264K), 0.0204340 secs] [Times: user=0.03 sys=0.00, real=0.02 secs] 
2994.320: [GC (Allocation Failure) [PSYoungGen: 419157K->181450K(465920K)] 1095464K->858023K(1227264K), 0.0215668 secs] [Times: user=0.03 sys=0.00, real=0.02 secs] 
2995.326: [GC (Allocation Failure) [PSYoungGen: 414410K->64K(465920K)] 1090983K->678071K(1227264K), 0.0023358 secs] [Times: user=0.01 sys=0.00, real=0.00 secs] 
2995.820: [GC (Allocation Failure) [PSYoungGen: 233024K->142042K(465920K)] 911031K->820066K(1227264K), 0.0160283 secs] [Times: user=0.02 sys=0.00, real=0.02 secs] 
2996.099: [GC (Allocation Failure) [PSYoungGen: 375002K->185843K(465920K)] 1053026K->865105K(1227264K), 0.0204384 secs] [Times: user=0.03 sys=0.00, real=0.02 secs] 
2996.611: [GC (Allocation Failure) [PSYoungGen: 418803K->162526K(465920K)] 1098065K->842181K(1227264K), 0.0200450 secs] [Times: user=0.03 sys=0.00, real=0.02 secs] 
2999.404: [GC (Allocation Failure) [PSYoungGen: 395486K->96K(465920K)] 1075141K->681066K(1227264K), 0.0060850 secs] [Times: user=0.03 sys=0.00, real=0.00 secs] 
3000.148: [GC (Allocation Failure) [PSYoungGen: 233056K->168135K(465920K)] 914026K->849145K(1227264K), 0.0185803 secs] [Times: user=0.02 sys=0.00, real=0.02 secs] 
3000.429: [GC (Allocation Failure) [PSYoungGen: 401095K->184173K(465920K)] 1082105K->866429K(1227264K), 0.0202917 secs] [Times: user=0.03 sys=0.00, real=0.02 secs] 
3001.304: [GC (Allocation Failure) [PSYoungGen: 411996K->138138K(465920K)] 1094252K->820796K(1227264K), 0.0199681 secs] [Times: user=0.03 sys=0.00, real=0.02 secs] 
3003.920: [GC (Allocation Failure) [PSYoungGen: 371098K->96K(465920K)] 1053756K->682934K(1227264K), 0.0039067 secs] [Times: user=0.02 sys=0.00, real=0.01 secs] 
3004.327: [GC (Allocation Failure) [PSYoungGen: 233056K->184682K(465920K)] 915894K->867545K(1227264K), 0.0203844 secs] [Times: user=0.03 sys=0.00, real=0.02 secs] 
3004.673: [GC (Allocation Failure) [PSYoungGen: 417642K->186325K(465920K)] 1100505K->870426K(1227264K), 0.0207049 secs] [Times: user=0.03 sys=0.00, real=0.02 secs] 
3005.852: [GC (Allocation Failure) [PSYoungGen: 419285K->127518K(465920K)] 1103386K->811883K(1227264K), 0.0259023 secs] [Times: user=0.04 sys=0.00, real=0.03 secs] 
3008.389: [GC (Allocation Failure) [PSYoungGen: 360381K->24992K(465920K)] 1044747K->709657K(1227264K), 0.0072278 secs] [Times: user=0.02 sys=0.00, real=0.01 secs] 
3008.759: [GC (Allocation Failure) [PSYoungGen: 257952K->183755K(465920K)] 942617K->869666K(1227264K), 0.0202848 secs] [Times: user=0.02 sys=0.00, real=0.02 secs] 
3009.040: [GC (Allocation Failure) [PSYoungGen: 416715K->184301K(465920K)] 1102626K->870485K(1227264K), 0.0200205 secs] [Times: user=0.03 sys=0.00, real=0.02 secs] 
3010.994: [GC (Allocation Failure) [PSYoungGen: 417261K->105637K(465920K)] 1103445K->792086K(1227264K), 0.0218219 secs] [Times: user=0.04 sys=0.00, real=0.02 secs] 
3011.893: [GC (Allocation Failure) [PSYoungGen: 338597K->46713K(465920K)] 1025046K->733475K(1227264K), 0.0064273 secs] [Times: user=0.01 sys=0.00, real=0.00 secs] 
3012.164: [GC (Allocation Failure) [PSYoungGen: 279673K->183884K(465920K)] 966435K->871892K(1227264K), 0.0203216 secs] [Times: user=0.03 sys=0.00, real=0.02 secs] 
3012.524: [GC (Allocation Failure) [PSYoungGen: 416844K->184430K(465920K)] 1104852K->872711K(1227264K), 0.0214366 secs] [Times: user=0.04 sys=0.00, real=0.02 secs] 
3013.884: [GC (Allocation Failure) [PSYoungGen: 417390K->67276K(465920K)] 1105671K->755830K(1227264K), 0.0170707 secs] [Times: user=0.03 sys=0.00, real=0.01 secs] 
3015.265: [GC (Allocation Failure) [PSYoungGen: 300236K->68977K(465920K)] 988790K->757830K(1227264K), 0.0087117 secs] [Times: user=0.02 sys=0.00, real=0.01 secs] 
3015.536: [GC (Allocation Failure) [PSYoungGen: 301937K->184044K(465920K)] 990790K->874144K(1227264K), 0.0202030 secs] [Times: user=0.02 sys=0.00, real=0.02 secs] 
3015.872: [GC (Allocation Failure) [PSYoungGen: 417004K->184044K(465920K)] 1107104K->874425K(1227264K), 0.0199423 secs] [Times: user=0.03 sys=0.00, real=0.02 secs] 
3016.667: [GC (Allocation Failure) [PSYoungGen: 417004K->45218K(465920K)] 1107385K->735992K(1227264K), 0.0081055 secs] [Times: user=0.01 sys=0.00, real=0.01 secs] 
3017.332: [GC (Allocation Failure) [PSYoungGen: 278178K->90989K(465920K)] 968952K->781945K(1227264K), 0.0109016 secs] [Times: user=0.02 sys=0.00, real=0.02 secs] 
3017.604: [GC (Allocation Failure) [PSYoungGen: 323949K->184076K(465920K)] 1014905K->876406K(1227264K), 0.0203712 secs] [Times: user=0.03 sys=0.00, real=0.02 secs] 
3017.891: [GC (Allocation Failure) [PSYoungGen: 417036K->183980K(465920K)] 1109366K->876470K(1227264K), 0.0203053 secs] [Times: user=0.02 sys=0.00, real=0.02 secs] 
3019.568: [GC (Allocation Failure) [PSYoungGen: 416940K->23257K(465920K)] 1109430K->716012K(1227264K), 0.0051506 secs] [Times: user=0.01 sys=0.00, real=0.01 secs] 
3020.173: [GC (Allocation Failure) [PSYoungGen: 256217K->113609K(465920K)] 948972K->806686K(1227264K), 0.0131989 secs] [Times: user=0.02 sys=0.00, real=0.01 secs] 
3020.451: [GC (Allocation Failure) [PSYoungGen: 346569K->186100K(465920K)] 1039646K->880544K(1227264K), 0.0205548 secs] [Times: user=0.02 sys=0.00, real=0.02 secs] 
3020.877: [GC (Allocation Failure) [PSYoungGen: 419060K->182737K(465920K)] 1113504K->877316K(1227264K), 0.0260622 secs] [Times: user=0.03 sys=0.00, real=0.03 secs] 
3022.689: [GC (Allocation Failure) [PSYoungGen: 415697K->96K(465920K)] 1110276K->696113K(1227264K), 0.0027348 secs] [Times: user=0.01 sys=0.00, real=0.00 secs] 
3023.209: [GC (Allocation Failure) [PSYoungGen: 233056K->138572K(465920K)] 929073K->834597K(1227264K), 0.0155934 secs] [Times: user=0.03 sys=0.00, real=0.02 secs] 
3023.490: [GC (Allocation Failure) [PSYoungGen: 371532K->186100K(465920K)] 1067557K->883372K(1227264K), 0.0205599 secs] [Times: user=0.02 sys=0.00, real=0.02 secs] 
3023.976: [GC (Allocation Failure) [PSYoungGen: 418228K->161643K(465920K)] 1115499K->859187K(1227264K), 0.0212616 secs] [Times: user=0.03 sys=0.00, real=0.02 secs] 
3025.375: [GC (Allocation Failure) [PSYoungGen: 394603K->64K(465920K)] 1092147K->699053K(1227264K), 0.0030454 secs] [Times: user=0.01 sys=0.00, real=0.00 secs] 
3025.964: [GC (Allocation Failure) [PSYoungGen: 233024K->160745K(465920K)] 932013K->859751K(1227264K), 0.0178576 secs] [Times: user=0.03 sys=0.00, real=0.01 secs] 
3026.254: [GC (Allocation Failure) [PSYoungGen: 393705K->184430K(465920K)] 1092711K->884673K(1227264K), 0.0204841 secs] [Times: user=0.02 sys=0.00, real=0.02 secs] 
3027.036: [GC (Allocation Failure) [PSYoungGen: 417390K->145127K(465920K)] 1117633K->845636K(1227264K), 0.0223982 secs] [Times: user=0.04 sys=0.00, real=0.02 secs] 
3029.185: [GC (Allocation Failure) [PSYoungGen: 378087K->96K(465920K)] 1078596K->702042K(1227264K), 0.0032587 secs] [Times: user=0.02 sys=0.00, real=0.00 secs] 
3029.564: [GC (Allocation Failure) [PSYoungGen: 233056K->183076K(465920K)] 935002K->885038K(1227264K), 0.0200295 secs] [Times: user=0.03 sys=0.00, real=0.02 secs] 
3029.899: [GC (Allocation Failure) [PSYoungGen: 416036K->184398K(465920K)] 1117998K->887598K(1227264K), 0.0202297 secs] [Times: user=0.03 sys=0.00, real=0.02 secs] 
3030.712: [GC (Allocation Failure) [PSYoungGen: 417358K->131133K(465920K)] 1120558K->834598K(1227264K), 0.0173196 secs] [Times: user=0.03 sys=0.01, real=0.02 secs] 
3032.644: [GC (Allocation Failure) [PSYoungGen: 364093K->21008K(465920K)] 1067558K->724787K(1227264K), 0.0075828 secs] [Times: user=0.02 sys=0.00, real=0.00 secs] 
3032.997: [GC (Allocation Failure) [PSYoungGen: 253968K->185297K(465920K)] 957747K->890330K(1227264K), 0.0203343 secs] [Times: user=0.03 sys=0.00, real=0.02 secs] 
3033.281: [GC (Allocation Failure) [PSYoungGen: 418257K->184751K(465920K)] 1123290K->890049K(1227264K), 0.0202634 secs] [Times: user=0.03 sys=0.00, real=0.02 secs] 
3034.151: [GC (Allocation Failure) [PSYoungGen: 417711K->107613K(465920K)] 1123009K->813047K(1227264K), 0.0132815 secs] [Times: user=0.03 sys=0.00, real=0.02 secs] 
3035.413: [GC (Allocation Failure) [PSYoungGen: 340573K->44753K(465920K)] 1046007K->750495K(1227264K), 0.0103261 secs] [Times: user=0.03 sys=0.00, real=0.01 secs] 
3035.762: [GC (Allocation Failure) [PSYoungGen: 277713K->184815K(465920K)] 983455K->891794K(1227264K), 0.0202928 secs] [Times: user=0.03 sys=0.00, real=0.03 secs] 
3036.050: [GC (Allocation Failure) [PSYoungGen: 417775K->184815K(465920K)] 1124754K->892067K(1227264K), 0.0201255 secs] [Times: user=0.03 sys=0.00, real=0.02 secs] 
3036.838: [GC (Allocation Failure) [PSYoungGen: 417775K->67838K(465920K)] 1125027K->775355K(1227264K), 0.0105266 secs] [Times: user=0.02 sys=0.00, real=0.01 secs] 
3037.766: [GC (Allocation Failure) [PSYoungGen: 300798K->68494K(465920K)] 1008315K->776309K(1227264K), 0.0086568 secs] [Times: user=0.02 sys=0.00, real=0.01 secs] 
3038.040: [GC (Allocation Failure) [PSYoungGen: 301454K->186486K(465920K)] 1009269K->895563K(1227264K), 0.0204150 secs] [Times: user=0.03 sys=0.01, real=0.02 secs] 
3038.324: [GC (Allocation Failure) [PSYoungGen: 419446K->186132K(465920K)] 1128523K->895611K(1227264K), 0.0205953 secs] [Times: user=0.03 sys=0.00, real=0.02 secs] 
3039.320: [GC (Allocation Failure) [PSYoungGen: 419092K->41314K(465920K)] 1128571K->751057K(1227264K), 0.0083691 secs] [Times: user=0.02 sys=0.00, real=0.01 secs] 
3040.598: [GC (Allocation Failure) [PSYoungGen: 274274K->95712K(465920K)] 984017K->805635K(1227264K), 0.0131801 secs] [Times: user=0.02 sys=0.00, real=0.01 secs] 
3040.947: [GC (Allocation Failure) [PSYoungGen: 328672K->184558K(465920K)] 1038595K->895726K(1227264K), 0.0204087 secs] [Times: user=0.02 sys=0.00, real=0.02 secs] 
3041.232: [GC (Allocation Failure) [PSYoungGen: 417518K->186325K(465920K)] 1128686K->897767K(1227264K), 0.0204442 secs] [Times: user=0.03 sys=0.00, real=0.02 secs] 
3042.131: [GC (Allocation Failure) [PSYoungGen: 419285K->15706K(465920K)] 1130727K->727412K(1227264K), 0.0044331 secs] [Times: user=0.01 sys=0.00, real=0.01 secs] 
3042.784: [GC (GCLocker Initiated GC) [PSYoungGen: 248666K->118653K(465920K)] 960372K->830665K(1227264K), 0.0136826 secs] [Times: user=0.02 sys=0.00, real=0.01 secs] 
3043.060: [GC (Allocation Failure) [PSYoungGen: 351613K->183594K(465920K)] 1065007K->898218K(1227264K), 0.0202093 secs] [Times: user=0.03 sys=0.00, real=0.02 secs] 
3043.391: [GC (Allocation Failure) [PSYoungGen: 416554K->179793K(465920K)] 1131178K->894433K(1227264K), 0.0221367 secs] [Times: user=0.03 sys=0.00, real=0.03 secs] 
3044.315: [GC (Allocation Failure) [PSYoungGen: 412753K->64K(465920K)] 1127393K->716167K(1227264K), 0.0026496 secs] [Times: user=0.01 sys=0.00, real=0.00 secs] 
3044.773: [GC (Allocation Failure) [PSYoungGen: 233024K->142010K(465920K)] 949127K->858121K(1227264K), 0.0160916 secs] [Times: user=0.02 sys=0.00, real=0.01 secs] 
3045.052: [GC (Allocation Failure) [PSYoungGen: 374970K->184301K(465920K)] 1091081K->901650K(1227264K), 0.0203709 secs] [Times: user=0.03 sys=0.00, real=0.02 secs] 
3045.454: [GC (Allocation Failure) [PSYoungGen: 415079K->160004K(465920K)] 1132428K->877626K(1227264K), 0.0188272 secs] [Times: user=0.03 sys=0.00, real=0.02 secs] 
3046.964: [GC (Allocation Failure) [PSYoungGen: 392964K->64K(465920K)] 1110586K->719131K(1227264K), 0.0024853 secs] [Times: user=0.01 sys=0.00, real=0.00 secs] 
3047.484: [GC (Allocation Failure) [PSYoungGen: 233024K->160841K(465920K)] 952091K->879925K(1227264K), 0.0178685 secs] [Times: user=0.03 sys=0.00, real=0.01 secs] 
3047.765: [GC (Allocation Failure) [PSYoungGen: 393801K->184526K(465920K)] 1112885K->904984K(1227264K), 0.0203193 secs] [Times: user=0.03 sys=0.00, real=0.02 secs] 
3048.585: [GC (Allocation Failure) [PSYoungGen: 417486K->145031K(465920K)] 1137944K->865625K(1227264K), 0.0199613 secs] [Times: user=0.03 sys=0.00, real=0.02 secs] 
3050.088: [GC (Allocation Failure) [PSYoungGen: 377991K->64K(465920K)] 1098585K->722090K(1227264K), 0.0026995 secs] [Times: user=0.01 sys=0.00, real=0.00 secs] 
3050.389: [GC (Allocation Failure) [PSYoungGen: 233024K->183076K(465920K)] 955050K->905126K(1227264K), 0.0202248 secs] [Times: user=0.03 sys=0.00, real=0.02 secs] 
3050.731: [GC (Allocation Failure) [PSYoungGen: 416036K->184398K(465920K)] 1138086K->907693K(1227264K), 0.0204344 secs] [Times: user=0.03 sys=0.00, real=0.02 secs] 
3052.031: [GC (Allocation Failure) [PSYoungGen: 417358K->131117K(465920K)] 1140653K->854678K(1227264K), 0.0366836 secs] [Times: user=0.07 sys=0.00, real=0.04 secs] 
3054.156: [GC (Allocation Failure) [PSYoungGen: 363999K->21005K(465920K)] 1087560K->744866K(1227264K), 0.0050806 secs] [Times: user=0.01 sys=0.00, real=0.00 secs] 
3054.442: [GC (Allocation Failure) [PSYoungGen: 253965K->184012K(465920K)] 977826K->909110K(1227264K), 0.0203522 secs] [Times: user=0.02 sys=0.00, real=0.02 secs] 
3054.730: [GC (Allocation Failure) [PSYoungGen: 416972K->184494K(465920K)] 1142070K->909865K(1227264K), 0.0202271 secs] [Times: user=0.03 sys=0.00, real=0.02 secs] 
3055.616: [GC (Allocation Failure) [PSYoungGen: 417454K->109155K(465920K)] 1142825K->834791K(1227264K), 0.0161986 secs] [Times: user=0.03 sys=0.00, real=0.01 secs] 
3056.572: [GC (Allocation Failure) [PSYoungGen: 342115K->43725K(465920K)] 1067751K->769667K(1227264K), 0.0071427 secs] [Times: user=0.01 sys=0.00, real=0.01 secs] 
3056.851: [GC (Allocation Failure) [PSYoungGen: 276685K->186486K(465920K)] 1002627K->913682K(1227264K), 0.0206495 secs] [Times: user=0.03 sys=0.00, real=0.02 secs] 
3057.137: [GC (Allocation Failure) [PSYoungGen: 419446K->186068K(465920K)] 1146642K->913666K(1227264K), 0.0207244 secs] [Times: user=0.03 sys=0.00, real=0.02 secs] 
3058.387: [GC (Allocation Failure) [PSYoungGen: 419028K->65990K(465920K)] 1146626K->793860K(1227264K), 0.0098552 secs] [Times: user=0.02 sys=0.00, real=0.01 secs] 
3060.714: [GC (Allocation Failure) [PSYoungGen: 298950K->69847K(465920K)] 1026820K->797905K(1227264K), 0.0087891 secs] [Times: user=0.01 sys=0.00, real=0.01 secs] 
3060.986: [GC (Allocation Failure) [PSYoungGen: 302807K->185811K(465920K)] 1030865K->915115K(1227264K), 0.0206583 secs] [Times: user=0.03 sys=0.00, real=0.02 secs] 
3061.330: [GC (Allocation Failure) [PSYoungGen: 418771K->184430K(465920K)] 1148075K->914006K(1227264K), 0.0203172 secs] [Times: user=0.03 sys=0.00, real=0.02 secs] 
3062.853: [GC (Allocation Failure) [PSYoungGen: 417390K->42149K(465920K)] 1146966K->771991K(1227264K), 0.0076639 secs] [Times: user=0.01 sys=0.00, real=0.00 secs] 
3063.542: [GC (Allocation Failure) [PSYoungGen: 275076K->93784K(465920K)] 1004917K->823926K(1227264K), 0.0112459 secs] [Times: user=0.01 sys=0.00, real=0.02 secs] 
3063.893: [GC (Allocation Failure) [PSYoungGen: 326744K->184044K(465920K)] 1056886K->915431K(1227264K), 0.0203081 secs] [Times: user=0.03 sys=0.00, real=0.02 secs] 
3064.176: [GC (Allocation Failure) [PSYoungGen: 417004K->184366K(465920K)] 1148391K->916154K(1227264K), 0.0205782 secs] [Times: user=0.03 sys=0.00, real=0.02 secs] 
3065.517: [GC (Allocation Failure) [PSYoungGen: 417326K->20075K(465920K)] 1149114K->752001K(1227264K), 0.0051317 secs] [Times: user=0.02 sys=0.00, real=0.00 secs] 
3066.137: [GC (Allocation Failure) [PSYoungGen: 253035K->116369K(465920K)] 984961K->848608K(1227264K), 0.0134759 secs] [Times: user=0.02 sys=0.00, real=0.01 secs] 
3066.412: [GC (Allocation Failure) [PSYoungGen: 349329K->184173K(465920K)] 1081568K->917649K(1227264K), 0.0202517 secs] [Times: user=0.03 sys=0.00, real=0.03 secs] 
3066.770: [GC (Allocation Failure) [PSYoungGen: 417133K->181933K(465920K)] 1150609K->915675K(1227264K), 0.0228723 secs] [Times: user=0.03 sys=0.00, real=0.03 secs] 
3069.276: [GC (Allocation Failure) [PSYoungGen: 414893K->64K(465920K)] 1148635K->735243K(1227264K), 0.0037313 secs] [Times: user=0.02 sys=0.00, real=0.00 secs] 
3069.949: [GC (Allocation Failure) [PSYoungGen: 233024K->138511K(465920K)] 968203K->873714K(1227264K), 0.0169845 secs] [Times: user=0.02 sys=0.00, real=0.02 secs] 
3070.295: [GC (Allocation Failure) [PSYoungGen: 371471K->184687K(465920K)] 1106674K->921128K(1227264K), 0.0203472 secs] [Times: user=0.03 sys=0.00, real=0.02 secs] 
3071.220: [GC (Allocation Failure) [PSYoungGen: 417647K->160977K(465920K)] 1154088K->897683K(1227264K), 0.0431895 secs] [Times: user=0.06 sys=0.00, real=0.05 secs] 
3073.405: [GC (Allocation Failure) [PSYoungGen: 393937K->64K(465920K)] 1130643K->738199K(1227264K), 0.0028942 secs] [Times: user=0.02 sys=0.00, real=0.00 secs] 
3073.937: [GC (Allocation Failure) [PSYoungGen: 232972K->160392K(465920K)] 971108K->898551K(1227264K), 0.0179723 secs] [Times: user=0.02 sys=0.01, real=0.02 secs] 
3074.217: [GC (Allocation Failure) [PSYoungGen: 393352K->184301K(465920K)] 1131511K->923698K(1227264K), 0.0202772 secs] [Times: user=0.03 sys=0.00, real=0.02 secs] 
3075.321: [GC (Allocation Failure) [PSYoungGen: 417261K->145673K(465920K)] 1156658K->885344K(1227264K), 0.0421801 secs] [Times: user=0.07 sys=0.00, real=0.05 secs] 
3078.156: [GC (Allocation Failure) [PSYoungGen: 378633K->64K(465920K)] 1118304K->741172K(1227264K), 0.0045109 secs] [Times: user=0.02 sys=0.01, real=0.00 secs] 
3078.551: [GC (Allocation Failure) [PSYoungGen: 233024K->182273K(465920K)] 974132K->923405K(1227264K), 0.0198965 secs] [Times: user=0.03 sys=0.00, real=0.02 secs] 
3078.889: [GC (Allocation Failure) [PSYoungGen: 415233K->184012K(465920K)] 1156365K->926382K(1227264K), 0.0203084 secs] [Times: user=0.03 sys=0.00, real=0.02 secs] 
3079.853: [GC (Allocation Failure) [PSYoungGen: 416972K->132241K(465920K)] 1159342K->874876K(1227264K), 0.0207081 secs] [Times: user=0.04 sys=0.00, real=0.02 secs] 
3081.688: [GC (Allocation Failure) [PSYoungGen: 365201K->20334K(465920K)] 1107836K->763274K(1227264K), 0.0052846 secs] [Times: user=0.02 sys=0.00, real=0.01 secs] 
3081.987: [GC (Allocation Failure) [PSYoungGen: 253294K->183787K(465920K)] 996234K->927973K(1227264K), 0.0203361 secs] [Times: user=0.03 sys=0.00, real=0.02 secs] 
3082.270: [GC (Allocation Failure) [PSYoungGen: 416747K->184269K(465920K)] 1160933K->928728K(1227264K), 0.0205727 secs] [Times: user=0.03 sys=0.00, real=0.02 secs] 
3083.840: [GC (Allocation Failure) [PSYoungGen: 417229K->110296K(465920K)] 1161688K->855020K(1227264K), 0.0182017 secs] [Times: user=0.04 sys=0.00, real=0.02 secs] 
3085.305: [GC (Allocation Failure) [PSYoungGen: 343256K->41861K(465920K)] 1087980K->786907K(1227264K), 0.0060726 secs] [Times: user=0.01 sys=0.00, real=0.00 secs] 
3085.573: [GC (Allocation Failure) [PSYoungGen: 274821K->184173K(465920K)] 1019867K->930593K(1227264K), 0.0205148 secs] [Times: user=0.03 sys=0.00, real=0.02 secs] 
3085.915: [GC (Allocation Failure) [PSYoungGen: 417133K->184430K(465920K)] 1163553K->931123K(1227264K), 0.0204529 secs] [Times: user=0.03 sys=0.00, real=0.02 secs] 
3087.247: [GC (Allocation Failure) [PSYoungGen: 417390K->71854K(465920K)] 1164083K->818684K(1227264K), 0.0122237 secs] [Times: user=0.02 sys=0.00, real=0.01 secs] 
3088.658: [GC (Allocation Failure) [PSYoungGen: 304814K->64224K(465920K)] 1051644K->811345K(1227264K), 0.0084034 secs] [Times: user=0.01 sys=0.00, real=0.01 secs] 
3088.929: [GC (Allocation Failure) [PSYoungGen: 297184K->184269K(465920K)] 1044305K->932644K(1227264K), 0.0204154 secs] [Times: user=0.03 sys=0.00, real=0.02 secs] 
3089.211: [GC (Allocation Failure) [PSYoungGen: 417229K->184590K(465920K)] 1165604K->933238K(1227264K), 0.0204299 secs] [Times: user=0.03 sys=0.00, real=0.02 secs] 
3091.319: [GC (Allocation Failure) [PSYoungGen: 417550K->49250K(465920K)] 1166198K->798163K(1227264K), 0.0083911 secs] [Times: user=0.02 sys=0.00, real=0.01 secs] 
3091.632: [GC (Allocation Failure) [PSYoungGen: 282210K->160809K(465920K)] 1031123K->910036K(1227264K), 0.0178970 secs] [Times: user=0.02 sys=0.00, real=0.02 secs] 
3091.834: [GC (Allocation Failure) [PSYoungGen: 393769K->184526K(465920K)] 1142996K->934999K(1227264K), 0.0203122 secs] [Times: user=0.03 sys=0.00, real=0.02 secs] 
3092.478: [GC (Allocation Failure) [PSYoungGen: 417486K->139492K(465920K)] 1167959K->890238K(1227264K), 0.0196467 secs] [Times: user=0.05 sys=0.00, real=0.02 secs] 
3098.927: [GC (Allocation Failure) [PSYoungGen: 372452K->132197K(465920K)] 1123198K->886252K(1227264K), 0.0380657 secs] [Times: user=0.17 sys=0.00, real=0.04 secs] 
3101.570: [GC (Allocation Failure) [PSYoungGen: 365157K->178421K(465920K)] 1119212K->976432K(1265664K), 0.0646968 secs] [Times: user=0.25 sys=0.04, real=0.07 secs] 
3101.634: [Full GC (Ergonomics) [PSYoungGen: 178421K->0K(465920K)] [ParOldGen: 798011K->343550K(792576K)] 976432K->343550K(1258496K), [Metaspace: 59639K->59639K(1105920K)], 0.3030280 secs] [Times: user=1.42 sys=0.00, real=0.30 secs] 
3104.175: [GC (Allocation Failure) [PSYoungGen: 232960K->183478K(465920K)] 576510K->527037K(1258496K), 0.1628083 secs] [Times: user=0.89 sys=0.00, real=0.16 secs] 
3110.214: [GC (Allocation Failure) [PSYoungGen: 416438K->180468K(465920K)] 759997K->582139K(1258496K), 0.1022094 secs] [Times: user=0.54 sys=0.00, real=0.10 secs] 
3113.466: [GC (Allocation Failure) [PSYoungGen: 413428K->90435K(465920K)] 815099K->560457K(1258496K), 0.1129456 secs] [Times: user=0.62 sys=0.00, real=0.11 secs] 
3115.616: [GC (Allocation Failure) [PSYoungGen: 323395K->169748K(465920K)] 793417K->669896K(1258496K), 0.0473409 secs] [Times: user=0.21 sys=0.00, real=0.05 secs] 
3115.836: [GC (Allocation Failure) [PSYoungGen: 402708K->185046K(465920K)] 902856K->737713K(1258496K), 0.0498820 secs] [Times: user=0.23 sys=0.00, real=0.05 secs] 
3115.989: [GC (Allocation Failure) [PSYoungGen: 408480K->175926K(465920K)] 961147K->792977K(1258496K), 0.0499770 secs] [Times: user=0.23 sys=0.00, real=0.05 secs] 
3116.869: [GC (Allocation Failure) [PSYoungGen: 408886K->167826K(465920K)] 1025937K->840670K(1258496K), 0.0553038 secs] [Times: user=0.27 sys=0.01, real=0.06 secs] 
3117.157: [GC (Allocation Failure) [PSYoungGen: 400786K->116126K(465920K)] 1073630K->853337K(1258496K), 0.0407155 secs] [Times: user=0.20 sys=0.00, real=0.04 secs] 
3117.197: [Full GC (Ergonomics) [PSYoungGen: 116126K->0K(465920K)] [ParOldGen: 737211K->132600K(657408K)] 853337K->132600K(1123328K), [Metaspace: 59870K->59870K(1105920K)], 0.1205703 secs] [Times: user=0.50 sys=0.00, real=0.12 secs] 
3117.430: [GC (Allocation Failure) [PSYoungGen: 232960K->177237K(465920K)] 365560K->309837K(1123328K), 0.0262745 secs] [Times: user=0.10 sys=0.01, real=0.03 secs] 
3118.711: [GC (Allocation Failure) [PSYoungGen: 410197K->182998K(465920K)] 542797K->377638K(1123328K), 0.0884878 secs] [Times: user=0.44 sys=0.00, real=0.09 secs] 
3119.951: [GC (Allocation Failure) [PSYoungGen: 415958K->176051K(465920K)] 610598K->428572K(1123328K), 0.1075608 secs] [Times: user=0.57 sys=0.01, real=0.11 secs] 
3121.075: [GC (Allocation Failure) [PSYoungGen: 409011K->104652K(465920K)] 661532K->424404K(1123328K), 0.0456746 secs] [Times: user=0.23 sys=0.00, real=0.04 secs] 
3121.287: [GC (Allocation Failure) [PSYoungGen: 337612K->176629K(465920K)] 657364K->530250K(1123328K), 0.0613937 secs] [Times: user=0.29 sys=0.00, real=0.06 secs] 
3121.470: [GC (Allocation Failure) [PSYoungGen: 409589K->174772K(465920K)] 763210K->583517K(1123328K), 0.0416820 secs] [Times: user=0.19 sys=0.00, real=0.04 secs] 
3121.623: [GC (Allocation Failure) [PSYoungGen: 407732K->184022K(465920K)] 816477K->653672K(1123328K), 0.0481098 secs] [Times: user=0.22 sys=0.00, real=0.04 secs] 
3122.626: [GC (Allocation Failure) [PSYoungGen: 416982K->169587K(465920K)] 886632K->697500K(1123328K), 0.0548827 secs] [Times: user=0.27 sys=0.00, real=0.05 secs] 
3122.911: [GC (Allocation Failure) [PSYoungGen: 402547K->116974K(465920K)] 930460K->709671K(1123328K), 0.0426585 secs] [Times: user=0.22 sys=0.00, real=0.05 secs] 
3122.954: [Full GC (Ergonomics) [PSYoungGen: 116974K->0K(465920K)] [ParOldGen: 592697K->134325K(676864K)] 709671K->134325K(1142784K), [Metaspace: 59879K->59879K(1105920K)], 0.1238342 secs] [Times: user=0.54 sys=0.00, real=0.12 secs] 
3123.242: [GC (Allocation Failure) [PSYoungGen: 232960K->179156K(465920K)] 367285K->313481K(1142784K), 0.0324021 secs] [Times: user=0.13 sys=0.00, real=0.04 secs] 
3123.438: [GC (Allocation Failure) [PSYoungGen: 412076K->179702K(465920K)] 546401K->374395K(1142784K), 0.0596412 secs] [Times: user=0.28 sys=0.01, real=0.06 secs] 
3123.610: [GC (Allocation Failure) [PSYoungGen: 412662K->187349K(465920K)] 607355K->439090K(1142784K), 0.0605597 secs] [Times: user=0.30 sys=0.00, real=0.06 secs] 
3124.609: [GC (Allocation Failure) [PSYoungGen: 420309K->104748K(465920K)] 672050K->427274K(1142784K), 0.0495769 secs] [Times: user=0.25 sys=0.00, real=0.05 secs] 
3124.876: [GC (Allocation Failure) [PSYoungGen: 337708K->174613K(465920K)] 660234K->531330K(1142784K), 0.0668850 secs] [Times: user=0.32 sys=0.00, real=0.07 secs] 
3125.134: [GC (Allocation Failure) [PSYoungGen: 407573K->185334K(465920K)] 764290K->596663K(1142784K), 0.0450640 secs] [Times: user=0.21 sys=0.00, real=0.04 secs] 
3125.754: [GC (Allocation Failure) [PSYoungGen: 415619K->174613K(465920K)] 826949K->650271K(1142784K), 0.1230611 secs] [Times: user=0.63 sys=0.00, real=0.12 secs] 
3127.701: [GC (Allocation Failure) [PSYoungGen: 407573K->169235K(465920K)] 883231K->700668K(1142784K), 0.0527835 secs] [Times: user=0.26 sys=0.00, real=0.06 secs] 
3127.974: [GC (Allocation Failure) [PSYoungGen: 402195K->116350K(465920K)] 933628K->712591K(1142784K), 0.0404192 secs] [Times: user=0.20 sys=0.00, real=0.04 secs] 
3128.015: [Full GC (Ergonomics) [PSYoungGen: 116350K->0K(465920K)] [ParOldGen: 596241K->134609K(681984K)] 712591K->134609K(1147904K), [Metaspace: 59886K->59886K(1105920K)], 0.1173654 secs] [Times: user=0.50 sys=0.00, real=0.11 secs] 
3128.306: [GC (Allocation Failure) [PSYoungGen: 232960K->179733K(465920K)] 367569K->314343K(1147904K), 0.0342502 secs] [Times: user=0.14 sys=0.00, real=0.03 secs] 
3128.536: [GC (Allocation Failure) [PSYoungGen: 412693K->184663K(465920K)] 547303K->382064K(1147904K), 0.0694579 secs] [Times: user=0.34 sys=0.00, real=0.07 secs] 
3128.783: [GC (Allocation Failure) [PSYoungGen: 417623K->187221K(465920K)] 615024K->443239K(1147904K), 0.0752591 secs] [Times: user=0.38 sys=0.00, real=0.07 secs] 
3129.898: [GC (Allocation Failure) [PSYoungGen: 420181K->99307K(465920K)] 676199K->426021K(1147904K), 0.0443597 secs] [Times: user=0.23 sys=0.00, real=0.05 secs] 
3130.085: [GC (GCLocker Initiated GC) [PSYoungGen: 332267K->175957K(465920K)] 658983K->535201K(1147904K), 0.0374422 secs] [Times: user=0.16 sys=0.00, real=0.03 secs] 
3130.256: [GC (Allocation Failure) [PSYoungGen: 408917K->185302K(465920K)] 768164K->599624K(1147904K), 0.0487827 secs] [Times: user=0.23 sys=0.00, real=0.05 secs] 
3130.432: [GC (GCLocker Initiated GC) [PSYoungGen: 418262K->184597K(465920K)] 832586K->655168K(1147904K), 0.0490320 secs] [Times: user=0.23 sys=0.00, real=0.04 secs] 
3131.365: [GC (Allocation Failure) [PSYoungGen: 417557K->149074K(465920K)] 888130K->689403K(1147904K), 0.0505070 secs] [Times: user=0.25 sys=0.00, real=0.05 secs] 
3131.642: [GC (Allocation Failure) [PSYoungGen: 382034K->127999K(465920K)] 922363K->715656K(1147904K), 0.0732945 secs] [Times: user=0.40 sys=0.00, real=0.08 secs] 
3131.715: [Full GC (Ergonomics) [PSYoungGen: 127999K->0K(465920K)] [ParOldGen: 587657K->146260K(696832K)] 715656K->146260K(1162752K), [Metaspace: 59895K->59895K(1105920K)], 0.1271416 secs] [Times: user=0.54 sys=0.00, real=0.12 secs] 
3131.965: [GC (Allocation Failure) [PSYoungGen: 232960K->179573K(465920K)] 379220K->325833K(1162752K), 0.0326104 secs] [Times: user=0.12 sys=0.00, real=0.03 secs] 
3132.126: [GC (GCLocker Initiated GC) [PSYoungGen: 412533K->181206K(465920K)] 558794K->390479K(1162752K), 0.0471622 secs] [Times: user=0.22 sys=0.00, real=0.05 secs] 
3132.280: [GC (Allocation Failure) [PSYoungGen: 414166K->187221K(465920K)] 623570K->454101K(1162752K), 0.0565503 secs] [Times: user=0.27 sys=0.00, real=0.06 secs] 
3133.433: [GC (Allocation Failure) [PSYoungGen: 420181K->94347K(465920K)] 687061K->431767K(1162752K), 0.0562188 secs] [Times: user=0.29 sys=0.00, real=0.05 secs] 
3133.691: [GC (Allocation Failure) [PSYoungGen: 327307K->179925K(465920K)] 664727K->548305K(1162752K), 0.0462697 secs] [Times: user=0.20 sys=0.00, real=0.05 secs] 
3133.855: [GC (Allocation Failure) [PSYoungGen: 412885K->182901K(465920K)] 781265K->607089K(1162752K), 0.0428960 secs] [Times: user=0.19 sys=0.00, real=0.04 secs] 
3134.380: [GC (Allocation Failure) [PSYoungGen: 415861K->186389K(465920K)] 840049K->666345K(1162752K), 0.1172984 secs] [Times: user=0.61 sys=0.00, real=0.12 secs] 
3137.613: [GC (Allocation Failure) [PSYoungGen: 419349K->142801K(465920K)] 899305K->693045K(1162752K), 0.0503165 secs] [Times: user=0.24 sys=0.00, real=0.05 secs] 
3137.926: [GC (GCLocker Initiated GC) [PSYoungGen: 375761K->127615K(465920K)] 926006K->722899K(1162752K), 0.0625821 secs] [Times: user=0.33 sys=0.00, real=0.06 secs] 
3138.101: [GC (Allocation Failure) [PSYoungGen: 360575K->179957K(465920K)] 956026K->816189K(1162752K), 0.0379650 secs] [Times: user=0.16 sys=0.00, real=0.04 secs] 
3138.139: [Full GC (Ergonomics) [PSYoungGen: 179957K->0K(465920K)] [ParOldGen: 636232K->237501K(794112K)] 816189K->237501K(1260032K), [Metaspace: 59897K->59897K(1105920K)], 0.2673989 secs] [Times: user=1.22 sys=0.00, real=0.27 secs] 
3138.517: [GC (Allocation Failure) [PSYoungGen: 232960K->185911K(465920K)] 470461K->423412K(1260032K), 0.0772233 secs] [Times: user=0.40 sys=0.00, real=0.08 secs] 
3139.130: [GC (Allocation Failure) [PSYoungGen: 418871K->183188K(465920K)] 656372K->479586K(1260032K), 0.0971596 secs] [Times: user=0.51 sys=0.00, real=0.10 secs] 
3140.182: [GC (Allocation Failure) [PSYoungGen: 416148K->97291K(465920K)] 712546K->463145K(1260032K), 0.0540936 secs] [Times: user=0.28 sys=0.00, real=0.06 secs] 
3140.387: [GC (Allocation Failure) [PSYoungGen: 330199K->176213K(465920K)] 696053K->574042K(1260032K), 0.0422400 secs] [Times: user=0.18 sys=0.01, real=0.04 secs] 
3140.602: [GC (Allocation Failure) [PSYoungGen: 409173K->185110K(465920K)] 807002K->638103K(1260032K), 0.0635000 secs] [Times: user=0.30 sys=0.00, real=0.07 secs] 
3140.792: [GC (Allocation Failure) [PSYoungGen: 418070K->188149K(465920K)] 871063K->697587K(1260032K), 0.0460308 secs] [Times: user=0.21 sys=0.00, real=0.05 secs] 
3141.721: [GC (Allocation Failure) [PSYoungGen: 421109K->139121K(465920K)] 930547K->719327K(1260032K), 0.0531475 secs] [Times: user=0.21 sys=0.00, real=0.06 secs] 
3142.096: [GC (Allocation Failure) [PSYoungGen: 372081K->137472K(465920K)] 952287K->761838K(1260032K), 0.1255992 secs] [Times: user=0.69 sys=0.00, real=0.12 secs] 
3142.378: [GC (Allocation Failure) [PSYoungGen: 370432K->179925K(465920K)] 994798K->848192K(1260032K), 0.0410656 secs] [Times: user=0.15 sys=0.03, real=0.04 secs] 
3142.553: [GC (Allocation Failure) [PSYoungGen: 412885K->182902K(465920K)] 1081152K->913909K(1260032K), 0.0560352 secs] [Times: user=0.19 sys=0.07, real=0.05 secs] 
3142.609: [Full GC (Ergonomics) [PSYoungGen: 182902K->0K(465920K)] [ParOldGen: 731006K->305803K(876544K)] 913909K->305803K(1342464K), [Metaspace: 59901K->59901K(1105920K)], 0.4322423 secs] [Times: user=2.02 sys=0.00, real=0.43 secs] 
3143.666: [GC (Allocation Failure) [PSYoungGen: 232960K->186741K(465920K)] 538763K->492544K(1342464K), 0.0709705 secs] [Times: user=0.31 sys=0.00, real=0.07 secs] 
3145.316: [GC (Allocation Failure) [PSYoungGen: 419701K->96299K(465920K)] 725504K->472518K(1342464K), 0.1087624 secs] [Times: user=0.59 sys=0.00, real=0.11 secs] 
3146.132: [GC (Allocation Failure) [PSYoungGen: 329259K->177269K(465920K)] 705478K->584245K(1342464K), 0.0351406 secs] [Times: user=0.15 sys=0.00, real=0.04 secs] 
3146.277: [GC (Allocation Failure) [PSYoungGen: 410229K->185526K(465920K)] 817205K->647698K(1342464K), 0.0433209 secs] [Times: user=0.19 sys=0.00, real=0.04 secs] 
3146.424: [GC (Allocation Failure) [PSYoungGen: 418486K->187541K(465920K)] 880658K->705889K(1342464K), 0.0460198 secs] [Times: user=0.21 sys=0.00, real=0.04 secs] 
3147.428: [GC (Allocation Failure) [PSYoungGen: 420501K->127663K(465920K)] 938849K->716796K(1342464K), 0.0482545 secs] [Times: user=0.24 sys=0.00, real=0.05 secs] 
3147.660: [GC (Allocation Failure) [PSYoungGen: 358707K->141025K(465920K)] 947839K->770685K(1342464K), 0.0777560 secs] [Times: user=0.42 sys=0.00, real=0.08 secs] 
3147.847: [GC (Allocation Failure) [PSYoungGen: 373985K->180533K(465920K)] 1003645K->855269K(1342464K), 0.0399311 secs] [Times: user=0.17 sys=0.00, real=0.04 secs] 
3148.027: [GC (Allocation Failure) [PSYoungGen: 413493K->185335K(465920K)] 1088229K->922838K(1342464K), 0.0498797 secs] [Times: user=0.23 sys=0.00, real=0.05 secs] 
3148.263: [GC (Allocation Failure) [PSYoungGen: 418295K->203093K(465920K)] 1155798K->999516K(1342464K), 0.0765481 secs] [Times: user=0.37 sys=0.02, real=0.07 secs] 
3148.339: [Full GC (Ergonomics) [PSYoungGen: 203093K->0K(465920K)] [ParOldGen: 796423K->360012K(948224K)] 999516K->360012K(1414144K), [Metaspace: 59911K->59911K(1105920K)], 0.5689888 secs] [Times: user=2.65 sys=0.00, real=0.57 secs] 
3149.839: [GC (Allocation Failure) [PSYoungGen: 232960K->91466K(465920K)] 592972K->451479K(1414144K), 0.0255511 secs] [Times: user=0.11 sys=0.00, real=0.03 secs] 
3149.980: [GC (Allocation Failure) [PSYoungGen: 324426K->179733K(465920K)] 684439K->569417K(1414144K), 0.0325126 secs] [Times: user=0.13 sys=0.00, real=0.04 secs] 
3150.146: [GC (Allocation Failure) [PSYoungGen: 412693K->185750K(465920K)] 802377K->631261K(1414144K), 0.0537622 secs] [Times: user=0.26 sys=0.00, real=0.05 secs] 
3151.307: [GC (Allocation Failure) [PSYoungGen: 418710K->184244K(465920K)] 864221K->686228K(1414144K), 0.1316280 secs] [Times: user=0.69 sys=0.00, real=0.13 secs] 
3153.117: [GC (Allocation Failure) [PSYoungGen: 417204K->126799K(465920K)] 919188K->698207K(1414144K), 0.0473500 secs] [Times: user=0.24 sys=0.00, real=0.05 secs] 
3153.910: [GC (Allocation Failure) [PSYoungGen: 359737K->146577K(465920K)] 931145K->758025K(1414144K), 0.1120212 secs] [Times: user=0.61 sys=0.00, real=0.12 secs] 
3154.153: [GC (Allocation Failure) [PSYoungGen: 379537K->193014K(465920K)] 990985K->850770K(1414144K), 0.0408693 secs] [Times: user=0.18 sys=0.00, real=0.04 secs] 
3154.305: [GC (Allocation Failure) [PSYoungGen: 425974K->185815K(465920K)] 1083730K->907787K(1414144K), 0.0504465 secs] [Times: user=0.24 sys=0.00, real=0.05 secs] 
3154.530: [GC (Allocation Failure) [PSYoungGen: 418775K->187285K(465920K)] 1140747K->968125K(1414144K), 0.0560939 secs] [Times: user=0.27 sys=0.00, real=0.06 secs] 
3155.573: [GC (GCLocker Initiated GC) [PSYoungGen: 420245K->98075K(465920K)] 1201086K->949580K(1414144K), 0.0443053 secs] [Times: user=0.22 sys=0.01, real=0.04 secs] 
3155.811: [GC (Allocation Failure) [PSYoungGen: 331035K->176501K(465920K)] 1182835K->1060124K(1414144K), 0.0486878 secs] [Times: user=0.20 sys=0.01, real=0.05 secs] 
3155.860: [Full GC (Ergonomics) [PSYoungGen: 176501K->0K(465920K)] [ParOldGen: 883623K->217434K(828928K)] 1060124K->217434K(1294848K), [Metaspace: 59923K->59923K(1105920K)], 0.2349400 secs] [Times: user=1.06 sys=0.00, real=0.24 secs] 
3156.204: [GC (Allocation Failure) [PSYoungGen: 232960K->182037K(465920K)] 450394K->399471K(1294848K), 0.0264721 secs] [Times: user=0.09 sys=0.00, real=0.02 secs] 
3156.387: [GC (GCLocker Initiated GC) [PSYoungGen: 414997K->183092K(465920K)] 632433K->455544K(1294848K), 0.0451357 secs] [Times: user=0.21 sys=0.00, real=0.04 secs] 
3157.357: [GC (Allocation Failure) [PSYoungGen: 416052K->120014K(465920K)] 688506K->461805K(1294848K), 0.0465079 secs] [Times: user=0.24 sys=0.00, real=0.05 secs] 
3157.535: [GC (Allocation Failure) [PSYoungGen: 352974K->156914K(465920K)] 694765K->537505K(1294848K), 0.0624765 secs] [Times: user=0.31 sys=0.01, real=0.06 secs] 
3157.709: [GC (Allocation Failure) [PSYoungGen: 389874K->181077K(465920K)] 770465K->610511K(1294848K), 0.0408779 secs] [Times: user=0.17 sys=0.00, real=0.04 secs] 
3157.887: [GC (Allocation Failure) [PSYoungGen: 414037K->185559K(465920K)] 843471K->678253K(1294848K), 0.0705659 secs] [Times: user=0.35 sys=0.00, real=0.07 secs] 
3158.245: [GC (Allocation Failure) [PSYoungGen: 418519K->187413K(465920K)] 911213K->738903K(1294848K), 0.0590260 secs] [Times: user=0.29 sys=0.00, real=0.06 secs] 
3161.335: [GC (Allocation Failure) [PSYoungGen: 420373K->89802K(465920K)] 971863K->711981K(1294848K), 0.1117724 secs] [Times: user=0.62 sys=0.00, real=0.11 secs] 
3161.809: [GC (Allocation Failure) [PSYoungGen: 322762K->172853K(465920K)] 944941K->824496K(1294848K), 0.0416040 secs] [Times: user=0.18 sys=0.00, real=0.04 secs] 
3162.002: [GC (Allocation Failure) [PSYoungGen: 405813K->185398K(465920K)] 1057456K->890665K(1294848K), 0.0576010 secs] [Times: user=0.28 sys=0.00, real=0.06 secs] 
3162.198: [GC (Allocation Failure) [PSYoungGen: 418358K->187765K(465920K)] 1123625K->949184K(1294848K), 0.0531053 secs] [Times: user=0.21 sys=0.00, real=0.05 secs] 
3162.251: [Full GC (Ergonomics) [PSYoungGen: 187765K->0K(465920K)] [ParOldGen: 761419K->336099K(966144K)] 949184K->336099K(1432064K), [Metaspace: 59925K->59925K(1105920K)], 0.5095916 secs] [Times: user=2.33 sys=0.00, real=0.51 secs] 
3163.689: [GC (Allocation Failure) [PSYoungGen: 232960K->117726K(465920K)] 569059K->453825K(1432064K), 0.0574617 secs] [Times: user=0.30 sys=0.00, real=0.06 secs] 
3163.917: [GC (GCLocker Initiated GC) [PSYoungGen: 350686K->157171K(465920K)] 686787K->531712K(1432064K), 0.0616410 secs] [Times: user=0.30 sys=0.01, real=0.06 secs] 
3164.130: [GC (Allocation Failure) [PSYoungGen: 390131K->189429K(465920K)] 764836K->612799K(1432064K), 0.0543064 secs] [Times: user=0.25 sys=0.00, real=0.06 secs] 
3164.301: [GC (Allocation Failure) [PSYoungGen: 422389K->185431K(465920K)] 845759K->680213K(1432064K), 0.0501979 secs] [Times: user=0.23 sys=0.00, real=0.05 secs] 
3164.588: [GC (Allocation Failure) [PSYoungGen: 418391K->187349K(465920K)] 913173K->741091K(1432064K), 0.0658762 secs] [Times: user=0.33 sys=0.00, real=0.07 secs] 
3165.593: [GC (Allocation Failure) [PSYoungGen: 420309K->95259K(465920K)] 974051K->719561K(1432064K), 0.0613809 secs] [Times: user=0.32 sys=0.00, real=0.06 secs] 
3165.844: [GC (Allocation Failure) [PSYoungGen: 328219K->179061K(465920K)] 952521K->834264K(1432064K), 0.0394075 secs] [Times: user=0.17 sys=0.01, real=0.04 secs] 
3165.993: [GC (Allocation Failure) [PSYoungGen: 412021K->185430K(465920K)] 1067224K->896701K(1432064K), 0.0431436 secs] [Times: user=0.19 sys=0.00, real=0.04 secs] 
3166.165: [GC (Allocation Failure) [PSYoungGen: 418390K->187765K(465920K)] 1129661K->955180K(1432064K), 0.0507027 secs] [Times: user=0.24 sys=0.00, real=0.05 secs] 
3169.104: [GC (Allocation Failure) [PSYoungGen: 420725K->107261K(465920K)] 1188140K->945476K(1432064K), 0.0461484 secs] [Times: user=0.23 sys=0.00, real=0.04 secs] 
3171.185: [GC (Allocation Failure) [PSYoungGen: 340221K->152434K(465920K)] 1178436K->1025150K(1432064K), 0.0811250 secs] [Times: user=0.39 sys=0.03, real=0.08 secs] 
3171.397: [GC (Allocation Failure) [PSYoungGen: 385394K->184694K(465920K)] 1258110K->1104754K(1432064K), 0.0522777 secs] [Times: user=0.17 sys=0.07, real=0.05 secs] 
3171.449: [Full GC (Ergonomics) [PSYoungGen: 184694K->0K(465920K)] [ParOldGen: 920060K->249618K(903680K)] 1104754K->249618K(1369600K), [Metaspace: 59943K->59943K(1105920K)], 0.3012546 secs] [Times: user=1.40 sys=0.00, real=0.30 secs] 
3171.863: [GC (Allocation Failure) [PSYoungGen: 232960K->186167K(465920K)] 482578K->435785K(1369600K), 0.0862771 secs] [Times: user=0.45 sys=0.00, real=0.08 secs] 
3172.054: [GC (Allocation Failure) [PSYoungGen: 419127K->187701K(465920K)] 668745K->496487K(1369600K), 0.0560387 secs] [Times: user=0.27 sys=0.00, real=0.05 secs] 
3173.095: [GC (Allocation Failure) [PSYoungGen: 419936K->90346K(465920K)] 728722K->469957K(1369600K), 0.0415089 secs] [Times: user=0.21 sys=0.00, real=0.04 secs] 
3173.275: [GC (Allocation Failure) [PSYoungGen: 323306K->178837K(465920K)] 702917K->588256K(1369600K), 0.0333647 secs] [Times: user=0.13 sys=0.00, real=0.03 secs] 
3173.424: [GC (Allocation Failure) [PSYoungGen: 411797K->185270K(465920K)] 821216K->650828K(1369600K), 0.0437528 secs] [Times: user=0.19 sys=0.00, real=0.04 secs] 
3173.572: [GC (Allocation Failure) [PSYoungGen: 418230K->187765K(465920K)] 883788K->709664K(1369600K), 0.0457055 secs] [Times: user=0.21 sys=0.00, real=0.05 secs] 
3174.601: [GC (Allocation Failure) [PSYoungGen: 420725K->110397K(465920K)] 942624K->702960K(1369600K), 0.0461872 secs] [Times: user=0.23 sys=0.01, real=0.05 secs] 
3175.365: [GC (Allocation Failure) [PSYoungGen: 343357K->158707K(465920K)] 935920K->787098K(1369600K), 0.0764619 secs] [Times: user=0.40 sys=0.00, real=0.07 secs] 
3175.600: [GC (Allocation Failure) [PSYoungGen: 391667K->182549K(465920K)] 1020058K->860197K(1369600K), 0.0537951 secs] [Times: user=0.25 sys=0.00, real=0.06 secs] 
3175.889: [GC (Allocation Failure) [PSYoungGen: 415509K->184151K(465920K)] 1093157K->925534K(1369600K), 0.0698571 secs] [Times: user=0.34 sys=0.00, real=0.07 secs] 
3176.712: [GC (Allocation Failure) [PSYoungGen: 417111K->186997K(465920K)] 1158494K->986845K(1369600K), 0.0891542 secs] [Times: user=0.45 sys=0.00, real=0.09 secs] 
3178.227: [GC (GCLocker Initiated GC) [PSYoungGen: 419957K->93787K(465920K)] 1219806K->963955K(1369600K), 0.1263556 secs] [Times: user=0.69 sys=0.00, real=0.13 secs] 
3178.354: [Full GC (Ergonomics) [PSYoungGen: 93787K->0K(465920K)] [ParOldGen: 870168K->106149K(789504K)] 963955K->106149K(1255424K), [Metaspace: 59945K->59945K(1105920K)], 0.1582613 secs] [Times: user=0.65 sys=0.01, real=0.15 secs] 
3178.709: [GC (Allocation Failure) [PSYoungGen: 232960K->178837K(465920K)] 339240K->285118K(1255424K), 0.0278649 secs] [Times: user=0.10 sys=0.00, real=0.03 secs] 
3178.872: [GC (Allocation Failure) [PSYoungGen: 411797K->185686K(465920K)] 518078K->347718K(1255424K), 0.0466972 secs] [Times: user=0.22 sys=0.00, real=0.04 secs] 
3179.567: [GC (Allocation Failure) [PSYoungGen: 418646K->184436K(465920K)] 580678K->402725K(1255424K), 0.0618161 secs] [Times: user=0.30 sys=0.01, real=0.06 secs] 
3180.628: [GC (Allocation Failure) [PSYoungGen: 417396K->110525K(465920K)] 635685K->398333K(1255424K), 0.0450710 secs] [Times: user=0.23 sys=0.00, real=0.05 secs] 
3180.870: [GC (Allocation Failure) [PSYoungGen: 343485K->162739K(465920K)] 631293K->487000K(1255424K), 0.0784907 secs] [Times: user=0.39 sys=0.00, real=0.08 secs] 
3181.136: [GC (Allocation Failure) [PSYoungGen: 395699K->184918K(465920K)] 719960K->560643K(1255424K), 0.0499381 secs] [Times: user=0.24 sys=0.00, real=0.05 secs] 
3181.321: [GC (Allocation Failure) [PSYoungGen: 417878K->186519K(465920K)] 793603K->626588K(1255424K), 0.0553429 secs] [Times: user=0.27 sys=0.00, real=0.06 secs] 
3181.492: [GC (Allocation Failure) [PSYoungGen: 419479K->203701K(465920K)] 859548K->703067K(1255424K), 0.0559141 secs] [Times: user=0.28 sys=0.00, real=0.06 secs] 
3182.713: [GC (Allocation Failure) [PSYoungGen: 436661K->87482K(465920K)] 936027K->657452K(1255424K), 0.0790145 secs] [Times: user=0.44 sys=0.00, real=0.07 secs] 
3182.971: [GC (Allocation Failure) [PSYoungGen: 320442K->184182K(465920K)] 890412K->782820K(1255424K), 0.0395311 secs] [Times: user=0.14 sys=0.00, real=0.04 secs] 
3183.143: [GC (Allocation Failure) [PSYoungGen: 417142K->185558K(465920K)] 1015780K->841084K(1255424K), 0.0551251 secs] [Times: user=0.27 sys=0.00, real=0.05 secs] 
3184.320: [GC (Allocation Failure) [PSYoungGen: 418518K->184020K(465920K)] 1074044K->895930K(1255424K), 0.1279035 secs] [Times: user=0.67 sys=0.00, real=0.13 secs] 
3184.448: [Full GC (Ergonomics) [PSYoungGen: 184020K->0K(465920K)] [ParOldGen: 711909K->338665K(1045504K)] 895930K->338665K(1511424K), [Metaspace: 59955K->59955K(1105920K)], 0.5950959 secs] [Times: user=2.90 sys=0.00, real=0.60 secs] 
3186.077: [GC (Allocation Failure) [PSYoungGen: 232960K->106669K(465920K)] 571625K->445334K(1511424K), 0.0495828 secs] [Times: user=0.26 sys=0.00, real=0.05 secs] 
3187.051: [GC (Allocation Failure) [PSYoungGen: 339565K->165203K(465920K)] 678231K->538010K(1511424K), 0.0711426 secs] [Times: user=0.36 sys=0.00, real=0.08 secs] 
3187.254: [GC (Allocation Failure) [PSYoungGen: 398163K->185654K(465920K)] 770970K->610225K(1511424K), 0.0416793 secs] [Times: user=0.18 sys=0.00, real=0.04 secs] 
3187.406: [GC (Allocation Failure) [PSYoungGen: 418614K->186295K(465920K)] 843185K->675366K(1511424K), 0.0494249 secs] [Times: user=0.23 sys=0.00, real=0.05 secs] 
3187.570: [GC (Allocation Failure) [PSYoungGen: 419255K->219957K(465920K)] 908326K->768124K(1511424K), 0.0549087 secs] [Times: user=0.27 sys=0.00, real=0.06 secs] 
3188.559: [GC (Allocation Failure) [PSYoungGen: 452917K->88378K(465920K)] 1001084K->706961K(1511424K), 0.0404409 secs] [Times: user=0.21 sys=0.00, real=0.04 secs] 
3188.715: [GC (Allocation Failure) [PSYoungGen: 321338K->184118K(465920K)] 939921K->830877K(1511424K), 0.0338969 secs] [Times: user=0.14 sys=0.00, real=0.03 secs] 
3188.858: [GC (Allocation Failure) [PSYoungGen: 417078K->185878K(465920K)] 1063837K->889973K(1511424K), 0.0439003 secs] [Times: user=0.20 sys=0.00, real=0.04 secs] 
3189.118: [GC (Allocation Failure) [PSYoungGen: 418838K->186741K(465920K)] 1122933K->947196K(1511424K), 0.0456338 secs] [Times: user=0.21 sys=0.00, real=0.05 secs] 
3190.117: [GC (Allocation Failure) [PSYoungGen: 419701K->104220K(465920K)] 1180156K->935147K(1511424K), 0.0461678 secs] [Times: user=0.23 sys=0.01, real=0.05 secs] 
3190.346: [GC (Allocation Failure) [PSYoungGen: 337180K->170772K(465920K)] 1168107K->1035856K(1511424K), 0.0456963 secs] [Times: user=0.20 sys=0.02, real=0.04 secs] 
3190.501: [GC (Allocation Failure) [PSYoungGen: 403732K->184630K(465920K)] 1268816K->1103325K(1511424K), 0.0475109 secs] [Times: user=0.19 sys=0.04, real=0.05 secs] 
3190.661: [GC (Allocation Failure) [PSYoungGen: 417590K->186199K(465920K)] 1336285K->1169090K(1511424K), 0.0535962 secs] [Times: user=0.24 sys=0.01, real=0.06 secs] 
3190.715: [Full GC (Ergonomics) [PSYoungGen: 186199K->0K(465920K)] [ParOldGen: 982891K->324753K(1058816K)] 1169090K->324753K(1524736K), [Metaspace: 59956K->59956K(1105920K)], 0.4774057 secs] [Times: user=2.24 sys=0.00, real=0.47 secs] 
3191.707: [GC (Allocation Failure) [PSYoungGen: 232960K->216339K(465920K)] 557713K->541093K(1524736K), 0.0285047 secs] [Times: user=0.11 sys=0.00, real=0.03 secs] 
3194.707: [GC (Allocation Failure) [PSYoungGen: 449299K->94859K(465920K)] 774053K->486356K(1524736K), 0.0759557 secs] [Times: user=0.40 sys=0.01, real=0.08 secs] 
3194.992: [GC (Allocation Failure) [PSYoungGen: 327819K->184086K(465920K)] 719316K->606409K(1524736K), 0.0341956 secs] [Times: user=0.14 sys=0.00, real=0.04 secs] 
3195.154: [GC (Allocation Failure) [PSYoungGen: 417046K->185846K(465920K)] 839369K->665360K(1524736K), 0.0481625 secs] [Times: user=0.22 sys=0.00, real=0.05 secs] 
3195.327: [GC (Allocation Failure) [PSYoungGen: 418806K->187253K(465920K)] 898320K->723215K(1524736K), 0.0500771 secs] [Times: user=0.24 sys=0.00, real=0.05 secs] 
3196.317: [GC (Allocation Failure) [PSYoungGen: 420213K->100748K(465920K)] 956175K->707230K(1524736K), 0.0477611 secs] [Times: user=0.25 sys=0.00, real=0.05 secs] 
3196.571: [GC (Allocation Failure) [PSYoungGen: 333708K->172276K(465920K)] 940190K->811392K(1524736K), 0.0726473 secs] [Times: user=0.35 sys=0.01, real=0.08 secs] 
3196.789: [GC (Allocation Failure) [PSYoungGen: 405236K->181653K(465920K)] 1044352K->874693K(1524736K), 0.0420645 secs] [Times: user=0.19 sys=0.00, real=0.04 secs] 
3196.942: [GC (Allocation Failure) [PSYoungGen: 414613K->185623K(465920K)] 1107653K->941766K(1524736K), 0.0492823 secs] [Times: user=0.23 sys=0.00, real=0.05 secs] 
3197.873: [GC (Allocation Failure) [PSYoungGen: 418583K->173011K(465920K)] 1174726K->988171K(1524736K), 0.0587271 secs] [Times: user=0.29 sys=0.00, real=0.05 secs] 
3198.156: [GC (GCLocker Initiated GC) [PSYoungGen: 405971K->106716K(465920K)] 1221131K->987916K(1524736K), 0.0406866 secs] [Times: user=0.20 sys=0.01, real=0.04 secs] 
3198.355: [GC (Allocation Failure) [PSYoungGen: 339676K->177334K(465920K)] 1229234K->1100986K(1524736K), 0.1707079 secs] [Times: user=0.95 sys=0.01, real=0.17 secs] 
3198.635: [GC (Allocation Failure) [PSYoungGen: 410294K->181014K(465920K)] 1333946K->1161411K(1524736K), 0.1650006 secs] [Times: user=0.93 sys=0.00, real=0.16 secs] 
3198.800: [Full GC (Ergonomics) [PSYoungGen: 181014K->0K(465920K)] [ParOldGen: 980396K->294296K(1046528K)] 1161411K->294296K(1512448K), [Metaspace: 59959K->59959K(1105920K)], 0.4052540 secs] [Times: user=1.74 sys=0.00, real=0.41 secs] 
3199.310: [GC (Allocation Failure) [PSYoungGen: 232960K->187893K(465920K)] 527256K->482189K(1512448K), 0.0349118 secs] [Times: user=0.15 sys=0.00, real=0.04 secs] 
3203.109: [GC (Allocation Failure) [PSYoungGen: 420853K->93435K(465920K)] 715149K->458659K(1512448K), 0.1046427 secs] [Times: user=0.57 sys=0.00, real=0.11 secs] 
3204.044: [GC (GCLocker Initiated GC) [PSYoungGen: 326395K->166164K(465920K)] 691620K->561434K(1512448K), 0.0494986 secs] [Times: user=0.21 sys=0.01, real=0.05 secs] 
3204.277: [GC (Allocation Failure) [PSYoungGen: 399124K->185526K(465920K)] 794560K->632894K(1512448K), 0.0563426 secs] [Times: user=0.27 sys=0.00, real=0.06 secs] 
3204.446: [GC (Allocation Failure) [PSYoungGen: 418486K->186231K(465920K)] 865854K->697936K(1512448K), 0.0505068 secs] [Times: user=0.24 sys=0.00, real=0.05 secs] 
3205.328: [GC (Allocation Failure) [PSYoungGen: 419191K->169139K(465920K)] 930896K->740027K(1512448K), 0.0557395 secs] [Times: user=0.28 sys=0.00, real=0.06 secs] 
3205.609: [GC (Allocation Failure) [PSYoungGen: 402099K->115101K(465920K)] 972987K->750746K(1512448K), 0.0416286 secs] [Times: user=0.20 sys=0.00, real=0.04 secs] 
3205.790: [GC (Allocation Failure) [PSYoungGen: 348061K->178837K(465920K)] 983706K->851067K(1512448K), 0.0371143 secs] [Times: user=0.16 sys=0.00, real=0.04 secs] 
3205.977: [GC (Allocation Failure) [PSYoungGen: 411797K->185591K(465920K)] 1084027K->928885K(1512448K), 0.0643907 secs] [Times: user=0.32 sys=0.00, real=0.06 secs] 
3206.165: [GC (Allocation Failure) [PSYoungGen: 418551K->187445K(465920K)] 1161845K->989655K(1512448K), 0.0576437 secs] [Times: user=0.28 sys=0.00, real=0.06 secs] 
3207.166: [GC (Allocation Failure) [PSYoungGen: 420405K->95275K(465920K)] 1222615K->968133K(1512448K), 0.0479247 secs] [Times: user=0.25 sys=0.00, real=0.05 secs] 
3207.419: [GC (Allocation Failure) [PSYoungGen: 328235K->172660K(465920K)] 1201093K->1076355K(1512448K), 0.0516440 secs] [Times: user=0.23 sys=0.00, real=0.05 secs] 
3207.592: [GC (Allocation Failure) [PSYoungGen: 405620K->185398K(465920K)] 1309315K->1143369K(1512448K), 0.0441455 secs] [Times: user=0.20 sys=0.00, real=0.05 secs] 
3207.637: [Full GC (Ergonomics) [PSYoungGen: 185398K->0K(465920K)] [ParOldGen: 957971K->265788K(1047552K)] 1143369K->265788K(1513472K), [Metaspace: 59965K->59965K(1105920K)], 0.3306047 secs] [Times: user=1.52 sys=0.00, real=0.33 secs] 
3208.070: [GC (Allocation Failure) [PSYoungGen: 218963K->173877K(465920K)] 484752K->439666K(1513472K), 0.0790857 secs] [Times: user=0.41 sys=0.00, real=0.08 secs] 
3209.087: [GC (Allocation Failure) [PSYoungGen: 406837K->168691K(463872K)] 672626K->489619K(1511424K), 0.0577547 secs] [Times: user=0.29 sys=0.00, real=0.06 secs] 
3211.401: [GC (Allocation Failure) [PSYoungGen: 401651K->105420K(464896K)] 722579K->490933K(1512448K), 0.0767259 secs] [Times: user=0.40 sys=0.00, real=0.08 secs] 
3211.637: [GC (Allocation Failure) [PSYoungGen: 334539K->176853K(465920K)] 720051K->596463K(1513472K), 0.0343848 secs] [Times: user=0.15 sys=0.00, real=0.03 secs] 
3211.781: [GC (Allocation Failure) [PSYoungGen: 409813K->185974K(465920K)] 829423K->660303K(1513472K), 0.0427421 secs] [Times: user=0.19 sys=0.00, real=0.05 secs] 
3211.936: [GC (Allocation Failure) [PSYoungGen: 418934K->187733K(465920K)] 893263K->718494K(1513472K), 0.0455992 secs] [Times: user=0.21 sys=0.00, real=0.04 secs] 
3213.063: [GC (Allocation Failure) [PSYoungGen: 420693K->100732K(465920K)] 951454K->702173K(1513472K), 0.0443814 secs] [Times: user=0.23 sys=0.01, real=0.04 secs] 
3213.259: [GC (GCLocker Initiated GC) [PSYoungGen: 333692K->175637K(465920K)] 935135K->809885K(1513472K), 0.0571363 secs] [Times: user=0.26 sys=0.01, real=0.06 secs] 
3213.456: [GC (Allocation Failure) [PSYoungGen: 408597K->185526K(465920K)] 1043011K->874904K(1513472K), 0.0445012 secs] [Times: user=0.20 sys=0.00, real=0.04 secs] 
3213.605: [GC (Allocation Failure) [PSYoungGen: 411125K->177014K(465920K)] 1100503K->930824K(1513472K), 0.0500486 secs] [Times: user=0.24 sys=0.00, real=0.05 secs] 
3215.035: [GC (Allocation Failure) [PSYoungGen: 407144K->190291K(465920K)] 1160954K->1000437K(1513472K), 0.0533573 secs] [Times: user=0.26 sys=0.00, real=0.05 secs] 
3215.425: [GC (GCLocker Initiated GC) [PSYoungGen: 423251K->101308K(465920K)] 1233397K->976362K(1513472K), 0.0421079 secs] [Times: user=0.21 sys=0.00, real=0.04 secs] 
3215.627: [GC (Allocation Failure) [PSYoungGen: 334268K->178390K(465920K)] 1217553K->1094305K(1513472K), 0.1597816 secs] [Times: user=0.89 sys=0.00, real=0.16 secs] 
3215.899: [GC (Allocation Failure) [PSYoungGen: 411350K->180854K(465920K)] 1327265K->1154150K(1513472K), 0.1458928 secs] [Times: user=0.81 sys=0.00, real=0.15 secs] 
3216.045: [Full GC (Ergonomics) [PSYoungGen: 180854K->0K(465920K)] [ParOldGen: 973295K->293255K(1089024K)] 1154150K->293255K(1554944K), [Metaspace: 59965K->59965K(1105920K)], 0.3655819 secs] [Times: user=1.55 sys=0.00, real=0.36 secs] 
3216.518: [GC (Allocation Failure) [PSYoungGen: 232960K->183860K(465920K)] 526215K->477116K(1554944K), 0.0356465 secs] [Times: user=0.15 sys=0.00, real=0.04 secs] 
3218.109: [GC (Allocation Failure) [PSYoungGen: 416820K->101660K(465920K)] 710076K->464403K(1554944K), 0.1081897 secs] [Times: user=0.60 sys=0.01, real=0.11 secs] 
3219.229: [GC (Allocation Failure) [PSYoungGen: 334620K->173333K(465920K)] 697363K->568929K(1554944K), 0.0548336 secs] [Times: user=0.25 sys=0.00, real=0.06 secs] 
3219.455: [GC (Allocation Failure) [PSYoungGen: 406293K->185302K(465920K)] 801889K->635306K(1554944K), 0.0629092 secs] [Times: user=0.30 sys=0.00, real=0.06 secs] 
3219.641: [GC (Allocation Failure) [PSYoungGen: 415671K->181078K(465920K)] 865675K->695410K(1554944K), 0.0492269 secs] [Times: user=0.23 sys=0.00, real=0.05 secs] 
3220.595: [GC (Allocation Failure) [PSYoungGen: 414038K->167410K(465920K)] 928370K->739311K(1554944K), 0.0562602 secs] [Times: user=0.28 sys=0.00, real=0.05 secs] 
3220.947: [GC (Allocation Failure) [PSYoungGen: 400370K->110909K(465920K)] 972271K->747025K(1554944K), 0.0531568 secs] [Times: user=0.28 sys=0.00, real=0.05 secs] 
3221.143: [GC (Allocation Failure) [PSYoungGen: 336941K->172469K(465920K)] 973057K->844237K(1554944K), 0.0493533 secs] [Times: user=0.22 sys=0.01, real=0.04 secs] 
3221.320: [GC (Allocation Failure) [PSYoungGen: 405429K->185622K(465920K)] 1077197K->911014K(1554944K), 0.0427743 secs] [Times: user=0.18 sys=0.00, real=0.04 secs] 
3222.479: [GC (GCLocker Initiated GC) [PSYoungGen: 418582K->179700K(465920K)] 1143975K->961450K(1554944K), 0.0824937 secs] [Times: user=0.42 sys=0.00, real=0.08 secs] 
3223.568: [GC (Allocation Failure) [PSYoungGen: 412660K->102188K(465920K)] 1194412K->952140K(1554944K), 0.0517362 secs] [Times: user=0.27 sys=0.01, real=0.05 secs] 
3223.829: [GC (Allocation Failure) [PSYoungGen: 335148K->173429K(465920K)] 1185100K->1056777K(1554944K), 0.0730228 secs] [Times: user=0.35 sys=0.00, real=0.07 secs] 
3224.058: [GC (Allocation Failure) [PSYoungGen: 406389K->181173K(465920K)] 1289737K->1118370K(1554944K), 0.0443279 secs] [Times: user=0.20 sys=0.00, real=0.05 secs] 
3224.243: [GC (Allocation Failure) [PSYoungGen: 414133K->184119K(465920K)] 1351330K->1184547K(1554944K), 0.0573147 secs] [Times: user=0.27 sys=0.00, real=0.05 secs] 
3225.661: [GC (Allocation Failure) [PSYoungGen: 417079K->197684K(465920K)] 1417507K->1256717K(1554944K), 0.0686960 secs] [Times: user=0.22 sys=0.11, real=0.07 secs] 
3225.730: [Full GC (Ergonomics) [PSYoungGen: 197684K->0K(465920K)] [ParOldGen: 1059032K->368094K(1195008K)] 1256717K->368094K(1660928K), [Metaspace: 59976K->59976K(1105920K)], 0.5544326 secs] [Times: user=2.25 sys=0.00, real=0.56 secs] 
3228.746: [GC (Allocation Failure) [PSYoungGen: 232960K->101396K(465920K)] 601054K->469490K(1660928K), 0.0330368 secs] [Times: user=0.12 sys=0.00, real=0.03 secs] 
3228.990: [GC (Allocation Failure) [PSYoungGen: 334356K->184310K(465920K)] 702450K->588334K(1660928K), 0.0345614 secs] [Times: user=0.14 sys=0.00, real=0.04 secs] 
3229.157: [GC (Allocation Failure) [PSYoungGen: 417217K->185558K(465920K)] 821241K->646997K(1660928K), 0.0483078 secs] [Times: user=0.22 sys=0.00, real=0.05 secs] 
3229.336: [GC (Allocation Failure) [PSYoungGen: 418518K->187861K(465920K)] 879957K->705509K(1660928K), 0.0456274 secs] [Times: user=0.21 sys=0.00, real=0.04 secs] 
3230.321: [GC (Allocation Failure) [PSYoungGen: 420821K->95211K(465920K)] 938471K->683733K(1660928K), 0.0479642 secs] [Times: user=0.25 sys=0.00, real=0.05 secs] 
3230.598: [GC (Allocation Failure) [PSYoungGen: 328171K->174997K(465920K)] 916693K->794714K(1660928K), 0.0673188 secs] [Times: user=0.32 sys=0.00, real=0.07 secs] 
3230.887: [GC (Allocation Failure) [PSYoungGen: 407957K->184534K(465920K)] 1027674K->858579K(1660928K), 0.0474030 secs] [Times: user=0.22 sys=0.00, real=0.05 secs] 
3231.268: [GC (Allocation Failure) [PSYoungGen: 417494K->184118K(465920K)] 1091539K->922244K(1660928K), 0.0538837 secs] [Times: user=0.26 sys=0.00, real=0.05 secs] 
3232.138: [GC (Allocation Failure) [PSYoungGen: 417078K->215089K(465920K)] 1155204K->1011655K(1660928K), 0.0500839 secs] [Times: user=0.25 sys=0.00, real=0.05 secs] 
3232.461: [GC (Allocation Failure) [PSYoungGen: 448049K->106348K(465920K)] 1244615K->968322K(1660928K), 0.0409223 secs] [Times: user=0.20 sys=0.00, real=0.04 secs] 
3232.613: [GC (Allocation Failure) [PSYoungGen: 333499K->176725K(465920K)] 1195473K->1072795K(1660928K), 0.0354219 secs] [Times: user=0.15 sys=0.00, real=0.03 secs] 
3232.791: [GC (Allocation Failure) [PSYoungGen: 409685K->185046K(465920K)] 1305755K->1136387K(1660928K), 0.0480274 secs] [Times: user=0.22 sys=0.00, real=0.05 secs] 
3232.961: [GC (Allocation Failure) [PSYoungGen: 418006K->184436K(465920K)] 1369347K->1192154K(1660928K), 0.0463344 secs] [Times: user=0.21 sys=0.00, real=0.05 secs] 
3234.573: [GC (Allocation Failure) [PSYoungGen: 417396K->100716K(465920K)] 1425114K->1178026K(1660928K), 0.1234462 secs] [Times: user=0.64 sys=0.04, real=0.12 secs] 
3236.496: [GC (Allocation Failure) [PSYoungGen: 333676K->169652K(465920K)] 1410986K->1279327K(1660928K), 0.0606253 secs] [Times: user=0.24 sys=0.05, real=0.06 secs] 
3236.557: [Full GC (Ergonomics) [PSYoungGen: 169652K->0K(465920K)] [ParOldGen: 1109674K->192426K(1057792K)] 1279327K->192426K(1523712K), [Metaspace: 59977K->59977K(1105920K)], 0.1912045 secs] [Times: user=0.88 sys=0.00, real=0.19 secs] 
3236.861: [GC (Allocation Failure) [PSYoungGen: 232960K->185430K(465920K)] 425386K->377856K(1523712K), 0.0329765 secs] [Times: user=0.13 sys=0.00, real=0.04 secs] 
3237.006: [GC (Allocation Failure) [PSYoungGen: 418390K->184119K(465920K)] 610816K->441109K(1523712K), 0.0440720 secs] [Times: user=0.19 sys=0.00, real=0.04 secs] 
3237.653: [GC (Allocation Failure) [PSYoungGen: 417079K->215379K(465920K)] 674069K->530962K(1523712K), 0.0534922 secs] [Times: user=0.26 sys=0.00, real=0.05 secs] 
3238.445: [GC (GCLocker Initiated GC) [PSYoungGen: 448339K->97931K(465920K)] 763922K->479730K(1523712K), 0.0602655 secs] [Times: user=0.31 sys=0.01, real=0.06 secs] 
3238.691: [GC (Allocation Failure) [PSYoungGen: 330891K->184054K(465920K)] 712693K->597028K(1523712K), 0.0460588 secs] [Times: user=0.20 sys=0.00, real=0.05 secs] 
3238.886: [GC (Allocation Failure) [PSYoungGen: 417014K->185366K(465920K)] 829988K->655600K(1523712K), 0.0547424 secs] [Times: user=0.26 sys=0.01, real=0.05 secs] 
3239.071: [GC (Allocation Failure) [PSYoungGen: 418326K->187157K(465920K)] 888560K->713575K(1523712K), 0.0476025 secs] [Times: user=0.22 sys=0.00, real=0.05 secs] 
3240.118: [GC (Allocation Failure) [PSYoungGen: 420117K->99404K(465920K)] 946535K->696390K(1523712K), 0.0452787 secs] [Times: user=0.23 sys=0.00, real=0.05 secs] 
3240.442: [GC (GCLocker Initiated GC) [PSYoungGen: 332364K->174613K(465920K)] 929351K->803709K(1523712K), 0.0630737 secs] [Times: user=0.30 sys=0.00, real=0.07 secs] 
3240.643: [GC (Allocation Failure) [PSYoungGen: 407573K->193686K(465920K)] 1036835K->877540K(1523712K), 0.0435445 secs] [Times: user=0.20 sys=0.00, real=0.04 secs] 
3240.801: [GC (Allocation Failure) [PSYoungGen: 424513K->182166K(465920K)] 1108367K->930468K(1523712K), 0.0499281 secs] [Times: user=0.23 sys=0.00, real=0.05 secs] 
3241.706: [GC (Allocation Failure) [PSYoungGen: 415126K->169267K(465920K)] 1163428K->975505K(1523712K), 0.0548709 secs] [Times: user=0.28 sys=0.00, real=0.05 secs] 
3242.665: [GC (Allocation Failure) [PSYoungGen: 402227K->105164K(465920K)] 1208465K->976106K(1523712K), 0.0780152 secs] [Times: user=0.42 sys=0.00, real=0.08 secs] 
3242.904: [GC (Allocation Failure) [PSYoungGen: 338124K->181429K(465920K)] 1209066K->1086524K(1523712K), 0.0362358 secs] [Times: user=0.16 sys=0.00, real=0.03 secs] 
3243.093: [GC (GCLocker Initiated GC) [PSYoungGen: 414389K->181366K(465920K)] 1319485K->1149654K(1523712K), 0.0665851 secs] [Times: user=0.33 sys=0.00, real=0.06 secs] 
3243.159: [Full GC (Ergonomics) [PSYoungGen: 181366K->0K(465920K)] [ParOldGen: 968287K->293998K(1191424K)] 1149654K->293998K(1657344K), [Metaspace: 59979K->59979K(1105920K)], 0.3969208 secs] [Times: user=1.83 sys=0.00, real=0.40 secs] 
3243.764: [GC (Allocation Failure) [PSYoungGen: 232960K->203157K(465920K)] 527124K->497321K(1657344K), 0.0350131 secs] [Times: user=0.15 sys=0.00, real=0.03 secs] 
3245.938: [GC (Allocation Failure) [PSYoungGen: 436117K->94635K(465920K)] 730281K->459175K(1657344K), 0.0458676 secs] [Times: user=0.24 sys=0.00, real=0.05 secs] 
3246.178: [GC (Allocation Failure) [PSYoungGen: 327595K->175925K(465920K)] 692135K->571114K(1657344K), 0.0611598 secs] [Times: user=0.29 sys=0.00, real=0.06 secs] 
3246.380: [GC (Allocation Failure) [PSYoungGen: 408885K->185558K(465920K)] 804074K->635807K(1657344K), 0.0426038 secs] [Times: user=0.19 sys=0.00, real=0.04 secs] 
3246.555: [GC (Allocation Failure) [PSYoungGen: 415429K->180790K(465920K)] 865678K->695375K(1657344K), 0.0542300 secs] [Times: user=0.26 sys=0.00, real=0.05 secs] 
3247.355: [GC (Allocation Failure) [PSYoungGen: 410530K->205843K(465920K)] 925115K->778012K(1657344K), 0.0537590 secs] [Times: user=0.26 sys=0.00, real=0.05 secs] 
3247.775: [GC (Allocation Failure) [PSYoungGen: 438803K->102076K(465920K)] 1010972K->738957K(1657344K), 0.0398938 secs] [Times: user=0.20 sys=0.00, real=0.04 secs] 
3247.927: [GC (Allocation Failure) [PSYoungGen: 332183K->181110K(465920K)] 969065K->851139K(1657344K), 0.0354246 secs] [Times: user=0.14 sys=0.00, real=0.04 secs] 
3248.072: [GC (Allocation Failure) [PSYoungGen: 414070K->185526K(465920K)] 1084099K->912335K(1657344K), 0.0442513 secs] [Times: user=0.20 sys=0.00, real=0.05 secs] 
3248.246: [GC (Allocation Failure) [PSYoungGen: 418486K->204053K(465920K)] 1145295K->987223K(1657344K), 0.0502994 secs] [Times: user=0.24 sys=0.00, real=0.05 secs] 
3249.350: [GC (Allocation Failure) [PSYoungGen: 437013K->95115K(465920K)] 1220183K->948965K(1657344K), 0.0444643 secs] [Times: user=0.22 sys=0.01, real=0.05 secs] 
3249.848: [GC (Allocation Failure) [PSYoungGen: 328075K->174133K(465920K)] 1181925K->1059115K(1657344K), 0.0538170 secs] [Times: user=0.25 sys=0.00, real=0.05 secs] 
3250.019: [GC (Allocation Failure) [PSYoungGen: 407093K->185430K(465920K)] 1292075K->1124468K(1657344K), 0.0440377 secs] [Times: user=0.20 sys=0.00, real=0.05 secs] 
3250.672: [GC (Allocation Failure) [PSYoungGen: 418390K->181558K(465920K)] 1357428K->1185076K(1657344K), 0.0888294 secs] [Times: user=0.45 sys=0.00, real=0.09 secs] 
3252.458: [GC (Allocation Failure) [PSYoungGen: 410998K->210611K(465920K)] 1414516K->1271921K(1657344K), 0.0567719 secs] [Times: user=0.28 sys=0.00, real=0.06 secs] 
3253.359: [GC (Allocation Failure) [PSYoungGen: 443571K->99083K(465920K)] 1504881K->1226409K(1657344K), 0.1002370 secs] [Times: user=0.48 sys=0.07, real=0.10 secs] 
3253.459: [Full GC (Ergonomics) [PSYoungGen: 99083K->0K(465920K)] [ParOldGen: 1127326K->116102K(1050112K)] 1226409K->116102K(1516032K), [Metaspace: 59982K->59982K(1105920K)], 0.1748038 secs] [Times: user=0.76 sys=0.00, real=0.18 secs] 
3253.775: [GC (Allocation Failure) [PSYoungGen: 232960K->181206K(465920K)] 349062K->297308K(1516032K), 0.0254643 secs] [Times: user=0.09 sys=0.00, real=0.02 secs] 
3253.939: [GC (Allocation Failure) [PSYoungGen: 414166K->185206K(465920K)] 530268K->357405K(1516032K), 0.0567511 secs] [Times: user=0.27 sys=0.00, real=0.06 secs] 
3254.116: [GC (Allocation Failure) [PSYoungGen: 418166K->187893K(465920K)] 590365K->416020K(1516032K), 0.0448424 secs] [Times: user=0.21 sys=0.00, real=0.04 secs] 
3255.130: [GC (Allocation Failure) [PSYoungGen: 420853K->100044K(465920K)] 648980K->399115K(1516032K), 0.0443077 secs] [Times: user=0.22 sys=0.00, real=0.05 secs] 
3255.362: [GC (Allocation Failure) [PSYoungGen: 333004K->174389K(465920K)] 632075K->505880K(1516032K), 0.0485342 secs] [Times: user=0.22 sys=0.00, real=0.05 secs] 
3255.582: [GC (Allocation Failure) [PSYoungGen: 407349K->181557K(465920K)] 738840K->567837K(1516032K), 0.0594687 secs] [Times: user=0.28 sys=0.01, real=0.06 secs] 
3255.801: [GC (Allocation Failure) [PSYoungGen: 414517K->182678K(465920K)] 800797K->632070K(1516032K), 0.0612817 secs] [Times: user=0.30 sys=0.00, real=0.06 secs] 
3256.675: [GC (Allocation Failure) [PSYoungGen: 411756K->210003K(465920K)] 861148K->717359K(1516032K), 0.0537004 secs] [Times: user=0.26 sys=0.01, real=0.05 secs] 
3257.069: [GC (Allocation Failure) [PSYoungGen: 442963K->105980K(465920K)] 950319K->679480K(1516032K), 0.0596376 secs] [Times: user=0.31 sys=0.01, real=0.06 secs] 
3257.335: [GC (Allocation Failure) [PSYoungGen: 333826K->176949K(465920K)] 907326K->784234K(1516032K), 0.0427653 secs] [Times: user=0.19 sys=0.00, real=0.04 secs] 
3257.495: [GC (Allocation Failure) [PSYoungGen: 409909K->182517K(465920K)] 1017194K->844946K(1516032K), 0.0427992 secs] [Times: user=0.19 sys=0.01, real=0.04 secs] 
3257.695: [GC (GCLocker Initiated GC) [PSYoungGen: 415477K->187221K(465920K)] 1077906K->905434K(1516032K), 0.0670239 secs] [Times: user=0.33 sys=0.00, real=0.06 secs] 
3260.448: [GC (Allocation Failure) [PSYoungGen: 420181K->96699K(465920K)] 1138396K->885466K(1516032K), 0.0644926 secs] [Times: user=0.34 sys=0.00, real=0.07 secs] 
3261.317: [GC (Allocation Failure) [PSYoungGen: 329622K->169012K(465920K)] 1118389K->988728K(1516032K), 0.0582170 secs] [Times: user=0.27 sys=0.00, real=0.06 secs] 
3261.500: [GC (Allocation Failure) [PSYoungGen: 401972K->185878K(465920K)] 1221688K->1058414K(1516032K), 0.0430728 secs] [Times: user=0.19 sys=0.00, real=0.05 secs] 
3261.674: [GC (Allocation Failure) [PSYoungGen: 418768K->186327K(465920K)] 1291304K->1123495K(1516032K), 0.0559958 secs] [Times: user=0.26 sys=0.00, real=0.05 secs] 
3262.536: [GC (Allocation Failure) [PSYoungGen: 417229K->211763K(465920K)] 1354397K->1208019K(1516032K), 0.0564219 secs] [Times: user=0.28 sys=0.00, real=0.06 secs] 
3262.593: [Full GC (Ergonomics) [PSYoungGen: 211763K->0K(465920K)] [ParOldGen: 996256K->366887K(1332224K)] 1208019K->366887K(1798144K), [Metaspace: 59983K->59983K(1105920K)], 0.5562236 secs] [Times: user=2.23 sys=0.00, real=0.55 secs] 
3263.466: [GC (Allocation Failure) [PSYoungGen: 232960K->107813K(465920K)] 599847K->474700K(1798144K), 0.0189506 secs] [Times: user=0.07 sys=0.00, real=0.02 secs] 
3263.646: [GC (Allocation Failure) [PSYoungGen: 339797K->181142K(465920K)] 706685K->586142K(1798144K), 0.0347978 secs] [Times: user=0.14 sys=0.00, real=0.03 secs] 
3263.811: [GC (Allocation Failure) [PSYoungGen: 414102K->182325K(465920K)] 819102K->644342K(1798144K), 0.0479702 secs] [Times: user=0.22 sys=0.00, real=0.05 secs] 
3263.993: [GC (Allocation Failure) [PSYoungGen: 415285K->184276K(465920K)] 877302K->701709K(1798144K), 0.0618025 secs] [Times: user=0.29 sys=0.01, real=0.06 secs] 
3265.048: [GC (Allocation Failure) [PSYoungGen: 417236K->105356K(465920K)] 934669K->692365K(1798144K), 0.0443966 secs] [Times: user=0.23 sys=0.00, real=0.05 secs] 
3265.265: [GC (GCLocker Initiated GC) [PSYoungGen: 338316K->172436K(465920K)] 925328K->793928K(1798144K), 0.0524567 secs] [Times: user=0.25 sys=0.00, real=0.05 secs] 
3265.429: [GC (Allocation Failure) [PSYoungGen: 405396K->192790K(465920K)] 1027019K->867852K(1798144K), 0.0461791 secs] [Times: user=0.22 sys=0.00, real=0.05 secs] 
3265.614: [GC (Allocation Failure) [PSYoungGen: 425750K->183414K(465920K)] 1100812K->922861K(1798144K), 0.0494015 secs] [Times: user=0.23 sys=0.00, real=0.05 secs] 
3267.209: [GC (Allocation Failure) [PSYoungGen: 416374K->171027K(465920K)] 1155821K->968614K(1798144K), 0.0575771 secs] [Times: user=0.29 sys=0.00, real=0.06 secs] 
3268.579: [GC (Allocation Failure) [PSYoungGen: 403987K->105740K(465920K)] 1201574K->968631K(1798144K), 0.0790940 secs] [Times: user=0.42 sys=0.00, real=0.08 secs] 
3268.821: [GC (Allocation Failure) [PSYoungGen: 338700K->180885K(465920K)] 1201591K->1077721K(1798144K), 0.0360323 secs] [Times: user=0.15 sys=0.00, real=0.04 secs] 
3268.967: [GC (Allocation Failure) [PSYoungGen: 413845K->181846K(465920K)] 1310681K->1141770K(1798144K), 0.0495966 secs] [Times: user=0.23 sys=0.00, real=0.05 secs] 
3269.124: [GC (Allocation Failure) [PSYoungGen: 414806K->187093K(465920K)] 1374730K->1204665K(1798144K), 0.0579599 secs] [Times: user=0.29 sys=0.00, real=0.05 secs] 
3270.142: [GC (Allocation Failure) [PSYoungGen: 420053K->99084K(465920K)] 1437625K->1187319K(1798144K), 0.0544164 secs] [Times: user=0.22 sys=0.06, real=0.06 secs] 
3270.351: [GC (Allocation Failure) [PSYoungGen: 332044K->176053K(465920K)] 1420279K->1296888K(1798144K), 0.0422929 secs] [Times: user=0.18 sys=0.01, real=0.05 secs] 
3270.504: [GC (Allocation Failure) [PSYoungGen: 409013K->185110K(465920K)] 1529848K->1360669K(1798144K), 0.0480786 secs] [Times: user=0.20 sys=0.03, real=0.04 secs] 
3270.945: [GC (Allocation Failure) [PSYoungGen: 416037K->176182K(465920K)] 1591597K->1416117K(1798144K), 0.1120304 secs] [Times: user=0.44 sys=0.12, real=0.11 secs] 
3271.999: [GC (Allocation Failure) [PSYoungGen: 409142K->168915K(464896K)] 1649077K->1464934K(1797120K), 0.0620946 secs] [Times: user=0.26 sys=0.06, real=0.06 secs] 
3272.061: [Full GC (Ergonomics) [PSYoungGen: 168915K->0K(464896K)] [ParOldGen: 1296019K->358050K(1360384K)] 1464934K->358050K(1825280K), [Metaspace: 59986K->59986K(1105920K)], 0.5890668 secs] [Times: user=2.56 sys=0.00, real=0.59 secs] 
3273.331: [GC (Allocation Failure) [PSYoungGen: 232960K->106540K(465408K)] 591010K->464591K(1825792K), 0.0186904 secs] [Times: user=0.06 sys=0.00, real=0.02 secs] 
3273.465: [GC (Allocation Failure) [PSYoungGen: 333834K->175957K(465920K)] 691885K->568200K(1826304K), 0.0343449 secs] [Times: user=0.14 sys=0.00, real=0.03 secs] 
3273.651: [GC (Allocation Failure) [PSYoungGen: 408917K->184438K(465920K)] 801160K->631192K(1826304K), 0.0472826 secs] [Times: user=0.22 sys=0.00, real=0.05 secs] 
3275.294: [GC (Allocation Failure) [PSYoungGen: 417398K->182100K(465920K)] 864152K->684623K(1826304K), 0.1103226 secs] [Times: user=0.48 sys=0.00, real=0.11 secs] 
3276.676: [GC (Allocation Failure) [PSYoungGen: 415060K->101756K(465920K)] 917583K->672967K(1826304K), 0.0949519 secs] [Times: user=0.51 sys=0.00, real=0.09 secs] 
3278.067: [GC (Allocation Failure) [PSYoungGen: 334716K->165332K(465920K)] 905927K->769339K(1826304K), 0.0556501 secs] [Times: user=0.26 sys=0.00, real=0.06 secs] 
3278.298: [GC (Allocation Failure) [PSYoungGen: 398292K->185782K(465920K)] 1002299K->841245K(1826304K), 0.0553372 secs] [Times: user=0.26 sys=0.01, real=0.06 secs] 
3278.468: [GC (Allocation Failure) [PSYoungGen: 418742K->184311K(465920K)] 1074205K->904390K(1826304K), 0.0501811 secs] [Times: user=0.24 sys=0.00, real=0.05 secs] 
3278.894: [GC (Allocation Failure) [PSYoungGen: 416350K->213588K(465920K)] 1136429K->992132K(1826304K), 0.0538809 secs] [Times: user=0.26 sys=0.01, real=0.05 secs] 
3279.701: [GC (Allocation Failure) [PSYoungGen: 446548K->101980K(465920K)] 1225092K->948236K(1826304K), 0.0647175 secs] [Times: user=0.34 sys=0.00, real=0.07 secs] 
3279.928: [GC (Allocation Failure) [PSYoungGen: 334940K->175989K(465920K)] 1181196K->1054982K(1826304K), 0.0351746 secs] [Times: user=0.14 sys=0.01, real=0.04 secs] 
3280.074: [GC (Allocation Failure) [PSYoungGen: 408949K->185462K(465920K)] 1287942K->1119667K(1826304K), 0.0440163 secs] [Times: user=0.20 sys=0.00, real=0.04 secs] 
3280.225: [GC (Allocation Failure) [PSYoungGen: 418422K->187541K(465920K)] 1352627K->1177922K(1826304K), 0.0463273 secs] [Times: user=0.22 sys=0.00, real=0.04 secs] 
3281.249: [GC (Allocation Failure) [PSYoungGen: 420501K->103484K(465920K)] 1410882K->1164441K(1826304K), 0.0453974 secs] [Times: user=0.23 sys=0.00, real=0.05 secs] 
3281.463: [GC (Allocation Failure) [PSYoungGen: 336444K->173557K(465920K)] 1397401K->1268462K(1826304K), 0.0464138 secs] [Times: user=0.22 sys=0.00, real=0.04 secs] 
3281.617: [GC (Allocation Failure) [PSYoungGen: 406517K->179701K(465920K)] 1501422K->1328527K(1826304K), 0.0430741 secs] [Times: user=0.20 sys=0.00, real=0.04 secs] 
3281.806: [GC (Allocation Failure) [PSYoungGen: 412661K->185271K(465920K)] 1561487K->1397069K(1826304K), 0.0620603 secs] [Times: user=0.30 sys=0.00, real=0.06 secs] 
3284.223: [GC (Allocation Failure) [PSYoungGen: 417215K->210611K(465920K)] 1629013K->1481249K(1826304K), 0.0565741 secs] [Times: user=0.29 sys=0.00, real=0.05 secs] 
3285.543: [GC (GCLocker Initiated GC) [PSYoungGen: 443571K->95035K(465920K)] 1714214K->1431966K(1826304K), 0.0992020 secs] [Times: user=0.44 sys=0.07, real=0.09 secs] 
3285.642: [Full GC (Ergonomics) [PSYoungGen: 95035K->0K(465920K)] [ParOldGen: 1336931K->112186K(1153536K)] 1431966K->112186K(1619456K), [Metaspace: 59992K->59992K(1105920K)], 0.1705730 secs] [Times: user=0.68 sys=0.00, real=0.18 secs] 
3285.954: [GC (Allocation Failure) [PSYoungGen: 232960K->187190K(465920K)] 345313K->299543K(1619456K), 0.0260197 secs] [Times: user=0.09 sys=0.00, real=0.02 secs] 
3286.090: [GC (Allocation Failure) [PSYoungGen: 420150K->185014K(465920K)] 532503K->353983K(1619456K), 0.0413272 secs] [Times: user=0.18 sys=0.00, real=0.04 secs] 
3286.235: [GC (Allocation Failure) [PSYoungGen: 417974K->187733K(465920K)] 586943K->412814K(1619456K), 0.0446741 secs] [Times: user=0.21 sys=0.00, real=0.04 secs] 
3287.191: [GC (Allocation Failure) [PSYoungGen: 420693K->105996K(465920K)] 645774K->401742K(1619456K), 0.0445496 secs] [Times: user=0.23 sys=0.00, real=0.05 secs] 
3287.462: [GC (Allocation Failure) [PSYoungGen: 338956K->175861K(465920K)] 634702K->505475K(1619456K), 0.0634686 secs] [Times: user=0.31 sys=0.00, real=0.07 secs] 
3287.678: [GC (Allocation Failure) [PSYoungGen: 408821K->177493K(465920K)] 738435K->562499K(1619456K), 0.0419737 secs] [Times: user=0.19 sys=0.00, real=0.04 secs] 
3287.850: [GC (Allocation Failure) [PSYoungGen: 410453K->185399K(465920K)] 795459K->632385K(1619456K), 0.0487202 secs] [Times: user=0.22 sys=0.00, real=0.05 secs] 
3288.754: [GC (Allocation Failure) [PSYoungGen: 418359K->170291K(465920K)] 865345K->675925K(1619456K), 0.0568227 secs] [Times: user=0.28 sys=0.00, real=0.05 secs] 
3289.083: [GC (Allocation Failure) [PSYoungGen: 403251K->109981K(465920K)] 908885K->680911K(1619456K), 0.0504799 secs] [Times: user=0.26 sys=0.00, real=0.05 secs] 
3289.246: [GC (Allocation Failure) [PSYoungGen: 342941K->179413K(465920K)] 913871K->785596K(1619456K), 0.0360401 secs] [Times: user=0.15 sys=0.00, real=0.03 secs] 
3289.408: [GC (Allocation Failure) [PSYoungGen: 412373K->182166K(465920K)] 1018556K->850946K(1619456K), 0.0486011 secs] [Times: user=0.22 sys=0.00, real=0.05 secs] 
3289.566: [GC (Allocation Failure) [PSYoungGen: 415126K->187733K(465920K)] 1083906K->914784K(1619456K), 0.0571347 secs] [Times: user=0.28 sys=0.00, real=0.06 secs] 
3292.119: [GC (Allocation Failure) [PSYoungGen: 420693K->96875K(465920K)] 1147744K->894879K(1619456K), 0.1051251 secs] [Times: user=0.58 sys=0.00, real=0.11 secs] 
3293.356: [GC (Allocation Failure) [PSYoungGen: 329835K->167764K(465920K)] 1127839K->997252K(1619456K), 0.0511661 secs] [Times: user=0.22 sys=0.02, real=0.05 secs] 
3293.577: [GC (Allocation Failure) [PSYoungGen: 400724K->184406K(465920K)] 1230212K->1066018K(1619456K), 0.0588279 secs] [Times: user=0.28 sys=0.00, real=0.06 secs] 
3293.792: [GC (Allocation Failure) [PSYoungGen: 417366K->185239K(465920K)] 1298978K->1130867K(1619456K), 0.0517945 secs] [Times: user=0.24 sys=0.00, real=0.06 secs] 
3294.706: [GC (Allocation Failure) [PSYoungGen: 418199K->168371K(465920K)] 1363827K->1172983K(1619456K), 0.0586374 secs] [Times: user=0.30 sys=0.00, real=0.06 secs] 
3295.102: [GC (Allocation Failure) [PSYoungGen: 401331K->113981K(465920K)] 1405943K->1183090K(1619456K), 0.0798685 secs] [Times: user=0.42 sys=0.01, real=0.08 secs] 
3295.182: [Full GC (Ergonomics) [PSYoungGen: 113981K->0K(465920K)] [ParOldGen: 1069108K->131318K(1205248K)] 1183090K->131318K(1671168K), [Metaspace: 59994K->59994K(1105920K)], 0.1713904 secs] [Times: user=0.75 sys=0.00, real=0.18 secs] 
3295.470: [GC (Allocation Failure) [PSYoungGen: 227503K->169620K(462848K)] 358822K->300939K(1668096K), 0.0238444 secs] [Times: user=0.08 sys=0.00, real=0.03 secs] 
3295.604: [GC (Allocation Failure) [PSYoungGen: 402580K->185398K(464384K)] 533899K->369385K(1669632K), 0.0410703 secs] [Times: user=0.19 sys=0.00, real=0.04 secs] 
3295.754: [GC (Allocation Failure) [PSYoungGen: 418358K->187669K(465920K)] 602345K->427880K(1671168K), 0.0453873 secs] [Times: user=0.20 sys=0.00, real=0.04 secs] 
3296.732: [GC (Allocation Failure) [PSYoungGen: 420629K->105644K(465920K)] 660840K->416528K(1671168K), 0.0444225 secs] [Times: user=0.23 sys=0.00, real=0.05 secs] 
3297.184: [GC (Allocation Failure) [PSYoungGen: 338604K->172340K(465920K)] 649488K->517392K(1671168K), 0.0603084 secs] [Times: user=0.28 sys=0.00, real=0.06 secs] 
3297.434: [GC (Allocation Failure) [PSYoungGen: 405300K->182709K(465920K)] 750352K->581701K(1671168K), 0.0580313 secs] [Times: user=0.27 sys=0.00, real=0.05 secs] 
3297.646: [GC (Allocation Failure) [PSYoungGen: 415669K->180502K(465920K)] 814661K->642942K(1671168K), 0.0692307 secs] [Times: user=0.34 sys=0.00, real=0.07 secs] 
3299.778: [GC (Allocation Failure) [PSYoungGen: 413462K->168627K(401920K)] 875902K->688291K(1607168K), 0.0542174 secs] [Times: user=0.27 sys=0.00, real=0.06 secs] 
3301.631: [GC (Allocation Failure) [PSYoungGen: 401587K->106220K(457728K)] 921251K->690604K(1662976K), 0.0878022 secs] [Times: user=0.47 sys=0.00, real=0.09 secs] 
3301.890: [GC (Allocation Failure) [PSYoungGen: 333718K->177109K(461824K)] 918102K->795658K(1667072K), 0.0351711 secs] [Times: user=0.15 sys=0.00, real=0.04 secs] 
3302.057: [GC (Allocation Failure) [PSYoungGen: 405973K->182485K(465920K)] 1024522K->855858K(1671168K), 0.0472310 secs] [Times: user=0.22 sys=0.00, real=0.05 secs] 
3302.236: [GC (Allocation Failure) [PSYoungGen: 416469K->188629K(422912K)] 1089842K->917410K(1628160K), 0.0463153 secs] [Times: user=0.22 sys=0.00, real=0.05 secs] 
3303.215: [GC (Allocation Failure) [PSYoungGen: 422613K->103772K(465920K)] 1151394K->903601K(1671168K), 0.0454927 secs] [Times: user=0.23 sys=0.00, real=0.04 secs] 
3303.430: [GC (GCLocker Initiated GC) [PSYoungGen: 336732K->170708K(465920K)] 1136562K->1004579K(1671168K), 0.0414694 secs] [Times: user=0.19 sys=0.00, real=0.04 secs] 
3303.619: [GC (Allocation Failure) [PSYoungGen: 403668K->189365K(465920K)] 1237542K->1076351K(1671168K), 0.0439696 secs] [Times: user=0.20 sys=0.00, real=0.05 secs] 
3303.771: [GC (Allocation Failure) [PSYoungGen: 422325K->182262K(465920K)] 1309311K->1132296K(1671168K), 0.0489578 secs] [Times: user=0.22 sys=0.00, real=0.05 secs] 
3304.746: [GC (Allocation Failure) [PSYoungGen: 415222K->172915K(465920K)] 1365256K->1180565K(1671168K), 0.0577644 secs] [Times: user=0.29 sys=0.00, real=0.06 secs] 
3305.156: [GC (GCLocker Initiated GC) [PSYoungGen: 405875K->107148K(465920K)] 1413526K->1180868K(1671168K), 0.0551246 secs] [Times: user=0.28 sys=0.01, real=0.05 secs] 
3305.383: [GC (Allocation Failure) [PSYoungGen: 340108K->175605K(465920K)] 1422024K->1292045K(1671168K), 0.1585551 secs] [Times: user=0.89 sys=0.00, real=0.15 secs] 
3305.653: [GC (Allocation Failure) [PSYoungGen: 408565K->182422K(465920K)] 1525005K->1354766K(1671168K), 0.1655871 secs] [Times: user=0.93 sys=0.00, real=0.16 secs] 
3305.818: [Full GC (Ergonomics) [PSYoungGen: 182422K->0K(465920K)] [ParOldGen: 1172343K->296747K(1385472K)] 1354766K->296747K(1851392K), [Metaspace: 59998K->59998K(1105920K)], 0.3807697 secs] [Times: user=1.55 sys=0.00, real=0.38 secs] 
3306.305: [GC (Allocation Failure) [PSYoungGen: 232960K->187445K(465920K)] 529707K->484193K(1851392K), 0.0354810 secs] [Times: user=0.15 sys=0.00, real=0.03 secs] 
3308.808: [GC (Allocation Failure) [PSYoungGen: 420405K->99100K(465920K)] 717153K->466555K(1851392K), 0.0686915 secs] [Times: user=0.36 sys=0.00, real=0.07 secs] 
3309.814: [GC (Allocation Failure) [PSYoungGen: 332060K->173940K(465920K)] 699515K->573865K(1851392K), 0.0521634 secs] [Times: user=0.23 sys=0.00, real=0.05 secs] 
3309.993: [GC (Allocation Failure) [PSYoungGen: 406900K->181877K(465920K)] 806825K->634382K(1851392K), 0.0416289 secs] [Times: user=0.18 sys=0.00, real=0.04 secs] 
3310.145: [GC (Allocation Failure) [PSYoungGen: 411261K->182326K(465920K)] 863766K->697983K(1851392K), 0.0486572 secs] [Times: user=0.22 sys=0.01, real=0.05 secs] 
3311.023: [GC (Allocation Failure) [PSYoungGen: 415286K->168402K(401408K)] 930943K->742011K(1786880K), 0.0556237 secs] [Times: user=0.27 sys=0.01, real=0.05 secs] 
3311.422: [GC (Allocation Failure) [PSYoungGen: 401362K->114365K(463872K)] 974971K->752350K(1849344K), 0.0563566 secs] [Times: user=0.29 sys=0.00, real=0.06 secs] 
3311.652: [GC (Allocation Failure) [PSYoungGen: 346301K->178965K(464896K)] 984286K->853362K(1850368K), 0.0400405 secs] [Times: user=0.17 sys=0.00, real=0.04 secs] 
3311.800: [GC (Allocation Failure) [PSYoungGen: 410901K->181846K(465920K)] 1085298K->918848K(1851392K), 0.0486710 secs] [Times: user=0.22 sys=0.00, real=0.05 secs] 
3311.966: [GC (Allocation Failure) [PSYoungGen: 414806K->183892K(465920K)] 1151808K->978574K(1851392K), 0.0747527 secs] [Times: user=0.38 sys=0.01, real=0.07 secs] 
3313.047: [GC (Allocation Failure) [PSYoungGen: 416852K->101068K(465920K)] 1211534K->965182K(1851392K), 0.0460350 secs] [Times: user=0.24 sys=0.00, real=0.05 secs] 
3313.268: [GC (Allocation Failure) [PSYoungGen: 334028K->176949K(465920K)] 1198142K->1074079K(1851392K), 0.0660309 secs] [Times: user=0.32 sys=0.00, real=0.07 secs] 
3313.468: [GC (Allocation Failure) [PSYoungGen: 409909K->185558K(465920K)] 1307039K->1137728K(1851392K), 0.0439631 secs] [Times: user=0.20 sys=0.00, real=0.04 secs] 
3313.643: [GC (Allocation Failure) [PSYoungGen: 406121K->170069K(465920K)] 1358291K->1186847K(1851392K), 0.0696610 secs] [Times: user=0.35 sys=0.01, real=0.07 secs] 
3316.092: [GC (Allocation Failure) [PSYoungGen: 400033K->206803K(465920K)] 1416811K->1277565K(1851392K), 0.0538894 secs] [Times: user=0.27 sys=0.00, real=0.06 secs] 
3317.206: [GC (GCLocker Initiated GC) [PSYoungGen: 439763K->98571K(465920K)] 1510526K->1234166K(1851392K), 0.0909672 secs] [Times: user=0.48 sys=0.01, real=0.09 secs] 
3317.474: [GC (Allocation Failure) [PSYoungGen: 331531K->179862K(465920K)] 1475325K->1355109K(1851392K), 0.1275392 secs] [Times: user=0.70 sys=0.00, real=0.12 secs] 
3317.711: [GC (Allocation Failure) [PSYoungGen: 412822K->184471K(465920K)] 1588069K->1417170K(1851392K), 0.1724461 secs] [Times: user=0.95 sys=0.02, real=0.18 secs] 
3317.986: [GC (Allocation Failure) [PSYoungGen: 417431K->180436K(465920K)] 1650130K->1471803K(1851392K), 0.0640550 secs] [Times: user=0.29 sys=0.04, real=0.06 secs] 
3319.033: [GC (Allocation Failure) [PSYoungGen: 413396K->104972K(465920K)] 1704763K->1464539K(1851392K), 0.0673023 secs] [Times: user=0.19 sys=0.11, real=0.06 secs] 
3319.100: [Full GC (Ergonomics) [PSYoungGen: 104972K->0K(465920K)] [ParOldGen: 1359567K->97785K(1208832K)] 1464539K->97785K(1674752K), [Metaspace: 60000K->60000K(1105920K)], 0.0537590 secs] [Times: user=0.17 sys=0.01, real=0.06 secs] 
3319.468: [GC (Allocation Failure) [PSYoungGen: 232960K->173397K(465920K)] 330745K->271182K(1674752K), 0.0412188 secs] [Times: user=0.16 sys=0.00, real=0.04 secs] 
3319.672: [GC (Allocation Failure) [PSYoungGen: 406357K->182005K(465920K)] 504142K->333919K(1674752K), 0.0418367 secs] [Times: user=0.19 sys=0.00, real=0.05 secs] 
3319.823: [GC (Allocation Failure) [PSYoungGen: 410816K->181238K(465920K)] 562730K->396288K(1674752K), 0.0480561 secs] [Times: user=0.22 sys=0.00, real=0.04 secs] 
3320.700: [GC (Allocation Failure) [PSYoungGen: 414198K->169523K(465920K)] 629248K->442205K(1674752K), 0.0556429 secs] [Times: user=0.28 sys=0.01, real=0.06 secs] 
3321.086: [GC (Allocation Failure) [PSYoungGen: 402483K->109084K(465920K)] 675165K->446478K(1674752K), 0.0392199 secs] [Times: user=0.19 sys=0.00, real=0.04 secs] 
3321.236: [GC (Allocation Failure) [PSYoungGen: 337559K->176117K(465920K)] 674953K->547872K(1674752K), 0.0345728 secs] [Times: user=0.15 sys=0.00, real=0.03 secs] 
3321.417: [GC (Allocation Failure) [PSYoungGen: 409077K->184918K(465920K)] 780832K->611232K(1674752K), 0.0607094 secs] [Times: user=0.29 sys=0.00, real=0.06 secs] 
3321.662: [GC (Allocation Failure) [PSYoungGen: 417878K->187541K(465920K)] 844192K->669864K(1674752K), 0.0561031 secs] [Times: user=0.28 sys=0.00, real=0.06 secs] 
3323.925: [GC (Allocation Failure) [PSYoungGen: 420501K->97515K(465920K)] 902824K->650534K(1674752K), 0.0896889 secs] [Times: user=0.48 sys=0.01, real=0.09 secs] 
3324.855: [GC (Allocation Failure) [PSYoungGen: 330475K->171188K(465920K)] 883494K->756008K(1674752K), 0.0587946 secs] [Times: user=0.28 sys=0.00, real=0.06 secs] 
3325.042: [GC (Allocation Failure) [PSYoungGen: 404148K->193686K(465920K)] 988968K->831878K(1674752K), 0.0422538 secs] [Times: user=0.18 sys=0.01, real=0.05 secs] 
3325.241: [GC (Allocation Failure) [PSYoungGen: 426646K->185495K(465920K)] 1064838K->888167K(1674752K), 0.0549916 secs] [Times: user=0.26 sys=0.00, real=0.06 secs] 
3326.247: [GC (Allocation Failure) [PSYoungGen: 418455K->170259K(465920K)] 1121127K->932027K(1674752K), 0.0549080 secs] [Times: user=0.28 sys=0.00, real=0.05 secs] 
3326.628: [GC (GCLocker Initiated GC) [PSYoungGen: 403219K->106620K(465920K)] 1164989K->933462K(1674752K), 0.0604191 secs] [Times: user=0.31 sys=0.00, real=0.06 secs] 
3326.837: [GC (Allocation Failure) [PSYoungGen: 339580K->197205K(465920K)] 1166554K->1058546K(1674752K), 0.0378736 secs] [Times: user=0.16 sys=0.00, real=0.04 secs] 
3327.003: [GC (Allocation Failure) [PSYoungGen: 430165K->184983K(465920K)] 1291506K->1109347K(1674752K), 0.0500487 secs] [Times: user=0.24 sys=0.00, real=0.05 secs] 
3327.177: [GC (Allocation Failure) [PSYoungGen: 417943K->187061K(465920K)] 1342307K->1170210K(1674752K), 0.0622024 secs] [Times: user=0.32 sys=0.00, real=0.06 secs] 
3328.232: [GC (Allocation Failure) [PSYoungGen: 420021K->95131K(465920K)] 1403170K->1149040K(1674752K), 0.0531632 secs] [Times: user=0.29 sys=0.01, real=0.06 secs] 
3328.566: [GC (GCLocker Initiated GC) [PSYoungGen: 328091K->170292K(465920K)] 1382001K->1255115K(1674752K), 0.0640854 secs] [Times: user=0.30 sys=0.00, real=0.06 secs] 
3328.774: [GC (Allocation Failure) [PSYoungGen: 403252K->185814K(465920K)] 1488242K->1324292K(1674752K), 0.0436093 secs] [Times: user=0.19 sys=0.00, real=0.04 secs] 
3328.817: [Full GC (Ergonomics) [PSYoungGen: 185814K->0K(465920K)] [ParOldGen: 1138477K->264174K(1398272K)] 1324292K->264174K(1864192K), [Metaspace: 60011K->60011K(1105920K)], 0.3297835 secs] [Times: user=1.53 sys=0.00, real=0.33 secs] 
3329.258: [GC (Allocation Failure) [PSYoungGen: 232960K->182614K(465920K)] 497134K->446789K(1864192K), 0.0768056 secs] [Times: user=0.39 sys=0.01, real=0.08 secs] 
3330.213: [GC (Allocation Failure) [PSYoungGen: 415574K->168371K(465920K)] 679749K->490341K(1864192K), 0.0536549 secs] [Times: user=0.27 sys=0.00, real=0.05 secs] 
3331.938: [GC (Allocation Failure) [PSYoungGen: 401331K->109517K(465920K)] 723301K->496191K(1864192K), 0.0854766 secs] [Times: user=0.46 sys=0.00, real=0.09 secs] 
3332.193: [GC (Allocation Failure) [PSYoungGen: 342477K->177813K(465920K)] 729151K->599652K(1864192K), 0.0357288 secs] [Times: user=0.15 sys=0.00, real=0.03 secs] 
3332.343: [GC (Allocation Failure) [PSYoungGen: 410773K->184983K(465920K)] 832612K->669270K(1864192K), 0.0483298 secs] [Times: user=0.23 sys=0.00, real=0.04 secs] 
3332.530: [GC (Allocation Failure) [PSYoungGen: 417943K->203797K(465920K)] 902230K->746741K(1864192K), 0.0768270 secs] [Times: user=0.40 sys=0.00, real=0.08 secs] 
3333.595: [GC (Allocation Failure) [PSYoungGen: 436757K->100620K(465920K)] 979701K->714268K(1864192K), 0.0468106 secs] [Times: user=0.25 sys=0.00, real=0.04 secs] 
3333.859: [GC (Allocation Failure) [PSYoungGen: 333580K->176469K(465920K)] 947228K->822582K(1864192K), 0.0613787 secs] [Times: user=0.29 sys=0.00, real=0.06 secs] 
3334.113: [GC (Allocation Failure) [PSYoungGen: 409429K->193814K(465920K)] 1055542K->895298K(1864192K), 0.0603128 secs] [Times: user=0.29 sys=0.00, real=0.06 secs] 
3334.295: [GC (Allocation Failure) [PSYoungGen: 415351K->169589K(465920K)] 1116836K->935593K(1864192K), 0.0479245 secs] [Times: user=0.22 sys=0.00, real=0.05 secs] 
3335.213: [GC (Allocation Failure) [PSYoungGen: 402549K->212838K(465920K)] 1168553K->1032587K(1864192K), 0.0487206 secs] [Times: user=0.24 sys=0.00, real=0.04 secs] 
3335.605: [GC (GCLocker Initiated GC) [PSYoungGen: 445798K->106300K(465920K)] 1265547K->990833K(1864192K), 0.0649438 secs] [Times: user=0.34 sys=0.00, real=0.06 secs] 
3335.859: [GC (Allocation Failure) [PSYoungGen: 339260K->178262K(465920K)] 1231992K->1104934K(1864192K), 0.1438904 secs] [Times: user=0.80 sys=0.00, real=0.15 secs] 
3336.115: [GC (Allocation Failure) [PSYoungGen: 411222K->182198K(465920K)] 1337894K->1165931K(1864192K), 0.1670712 secs] [Times: user=0.94 sys=0.00, real=0.16 secs] 
3336.389: [GC (Allocation Failure) [PSYoungGen: 415158K->187413K(465920K)] 1398891K->1228834K(1864192K), 0.0604960 secs] [Times: user=0.30 sys=0.00, real=0.06 secs] 
3337.944: [GC (Allocation Failure) [PSYoungGen: 420373K->96155K(465920K)] 1461794K->1208104K(1864192K), 0.1061479 secs] [Times: user=0.59 sys=0.00, real=0.10 secs] 
3339.422: [GC (Allocation Failure) [PSYoungGen: 329115K->172244K(465920K)] 1441064K->1315406K(1864192K), 0.0493084 secs] [Times: user=0.21 sys=0.00, real=0.05 secs] 
3339.599: [GC (Allocation Failure) [PSYoungGen: 405204K->182869K(465920K)] 1548366K->1379803K(1864192K), 0.0432475 secs] [Times: user=0.19 sys=0.01, real=0.04 secs] 
3339.751: [GC (Allocation Failure) [PSYoungGen: 409908K->179350K(465920K)] 1606841K->1440148K(1864192K), 0.0579745 secs] [Times: user=0.19 sys=0.09, real=0.06 secs] 
3340.788: [GC (Allocation Failure) [PSYoungGen: 412310K->168403K(465920K)] 1673108K->1486216K(1864192K), 0.0610282 secs] [Times: user=0.28 sys=0.03, real=0.06 secs] 
3340.849: [Full GC (Ergonomics) [PSYoungGen: 168403K->0K(465920K)] [ParOldGen: 1317813K->357925K(1398272K)] 1486216K->357925K(1864192K), [Metaspace: 60031K->60031K(1105920K)], 0.5848138 secs] [Times: user=2.53 sys=0.00, real=0.59 secs] 
3341.681: [GC (Allocation Failure) [PSYoungGen: 232960K->110413K(465920K)] 590885K->468338K(1864192K), 0.0156046 secs] [Times: user=0.05 sys=0.00, real=0.02 secs] 
3341.809: [GC (Allocation Failure) [PSYoungGen: 343373K->180341K(465920K)] 701298K->573587K(1864192K), 0.0362629 secs] [Times: user=0.15 sys=0.00, real=0.04 secs] 
3341.978: [GC (Allocation Failure) [PSYoungGen: 413301K->183158K(465920K)] 806547K->639196K(1864192K), 0.0543469 secs] [Times: user=0.26 sys=0.00, real=0.06 secs] 
3342.378: [GC (Allocation Failure) [PSYoungGen: 416118K->187285K(465920K)] 872156K->701347K(1864192K), 0.0572254 secs] [Times: user=0.28 sys=0.00, real=0.06 secs] 
3343.396: [GC (Allocation Failure) [PSYoungGen: 420245K->96235K(465920K)] 934307K->680905K(1864192K), 0.0571317 secs] [Times: user=0.30 sys=0.00, real=0.06 secs] 
3343.632: [GC (Allocation Failure) [PSYoungGen: 329195K->177141K(465920K)] 913865K->793267K(1864192K), 0.0548355 secs] [Times: user=0.25 sys=0.00, real=0.06 secs] 
3343.845: [GC (Allocation Failure) [PSYoungGen: 410101K->184502K(465920K)] 1026227K->855792K(1864192K), 0.0434161 secs] [Times: user=0.19 sys=0.00, real=0.04 secs] 
3343.992: [GC (Allocation Failure) [PSYoungGen: 408249K->172501K(465920K)] 1079539K->908079K(1864192K), 0.0483008 secs] [Times: user=0.23 sys=0.00, real=0.05 secs] 
3344.841: [GC (Allocation Failure) [PSYoungGen: 401250K->205427K(465920K)] 1136829K->995749K(1864192K), 0.0536116 secs] [Times: user=0.26 sys=0.00, real=0.06 secs] 
3345.777: [GC (Allocation Failure) [PSYoungGen: 438387K->103324K(465920K)] 1228709K->958070K(1864192K), 0.0754432 secs] [Times: user=0.40 sys=0.01, real=0.08 secs] 
3346.008: [GC (Allocation Failure) [PSYoungGen: 332734K->178901K(465920K)] 1187480K->1067256K(1864192K), 0.0351303 secs] [Times: user=0.15 sys=0.00, real=0.04 secs] 
3346.188: [GC (Allocation Failure) [PSYoungGen: 411861K->185334K(465920K)] 1300216K->1129272K(1864192K), 0.0603621 secs] [Times: user=0.29 sys=0.00, real=0.06 secs] 
3347.029: [GC (Allocation Failure) [PSYoungGen: 418294K->183060K(465920K)] 1362232K->1183031K(1864192K), 0.1112444 secs] [Times: user=0.49 sys=0.00, real=0.11 secs] 
3348.241: [GC (Allocation Failure) [PSYoungGen: 416020K->102300K(465920K)] 1415991K->1171630K(1864192K), 0.0494131 secs] [Times: user=0.26 sys=0.00, real=0.05 secs] 
3349.507: [GC (Allocation Failure) [PSYoungGen: 335260K->172884K(465920K)] 1404590K->1275068K(1864192K), 0.0543505 secs] [Times: user=0.25 sys=0.00, real=0.05 secs] 
3349.724: [GC (Allocation Failure) [PSYoungGen: 405844K->181205K(465920K)] 1508028K->1337700K(1864192K), 0.0595583 secs] [Times: user=0.28 sys=0.00, real=0.06 secs] 
3349.915: [GC (Allocation Failure) [PSYoungGen: 414165K->186071K(465920K)] 1570660K->1405462K(1864192K), 0.0499900 secs] [Times: user=0.23 sys=0.00, real=0.05 secs] 
3350.797: [GC (Allocation Failure) [PSYoungGen: 419031K->172595K(465920K)] 1638422K->1451322K(1864192K), 0.0594844 secs] [Times: user=0.30 sys=0.00, real=0.06 secs] 
3351.146: [GC (Allocation Failure) [PSYoungGen: 405555K->114397K(465920K)] 1684282K->1459149K(1864192K), 0.0458170 secs] [Times: user=0.23 sys=0.01, real=0.04 secs] 
3351.192: [Full GC (Ergonomics) [PSYoungGen: 114397K->0K(465920K)] [ParOldGen: 1344751K->131712K(1332224K)] 1459149K->131712K(1798144K), [Metaspace: 60041K->60041K(1105920K)], 0.1194443 secs] [Times: user=0.50 sys=0.00, real=0.12 secs] 
3351.432: [GC (Allocation Failure) [PSYoungGen: 232960K->179381K(465920K)] 364672K->311094K(1798144K), 0.0261824 secs] [Times: user=0.09 sys=0.00, real=0.03 secs] 
3351.590: [GC (Allocation Failure) [PSYoungGen: 412341K->179094K(465920K)] 544054K->373431K(1798144K), 0.0625271 secs] [Times: user=0.28 sys=0.02, real=0.07 secs] 
3351.761: [GC (Allocation Failure) [PSYoungGen: 412054K->183924K(465920K)] 606391K->435149K(1798144K), 0.0576250 secs] [Times: user=0.27 sys=0.01, real=0.06 secs] 
3352.755: [GC (Allocation Failure) [PSYoungGen: 416884K->104300K(465920K)] 668109K->424917K(1798144K), 0.0467449 secs] [Times: user=0.24 sys=0.00, real=0.04 secs] 
3353.068: [GC (Allocation Failure) [PSYoungGen: 337260K->176117K(465920K)] 657877K->530083K(1798144K), 0.0521557 secs] [Times: user=0.24 sys=0.00, real=0.05 secs] 
3353.233: [GC (Allocation Failure) [PSYoungGen: 409077K->180277K(465920K)] 763043K->589551K(1798144K), 0.0424351 secs] [Times: user=0.19 sys=0.00, real=0.04 secs] 
3353.427: [GC (Allocation Failure) [PSYoungGen: 404019K->176246K(465920K)] 813293K->648840K(1798144K), 0.0689035 secs] [Times: user=0.33 sys=0.01, real=0.07 secs] 
3354.336: [GC (Allocation Failure) [PSYoungGen: 409206K->169971K(457728K)] 881800K->698661K(1789952K), 0.0534206 secs] [Times: user=0.26 sys=0.00, real=0.05 secs] 
3355.820: [GC (Allocation Failure) [PSYoungGen: 402931K->106188K(461824K)] 931621K->699694K(1794048K), 0.0866258 secs] [Times: user=0.46 sys=0.00, real=0.09 secs] 
3356.076: [GC (Allocation Failure) [PSYoungGen: 339148K->180693K(465920K)] 932654K->808704K(1798144K), 0.0365566 secs] [Times: user=0.15 sys=0.00, real=0.04 secs] 
3356.227: [GC (Allocation Failure) [PSYoungGen: 413653K->185111K(465920K)] 1041664K->876010K(1798144K), 0.0501744 secs] [Times: user=0.23 sys=0.00, real=0.05 secs] 
3356.973: [GC (GCLocker Initiated GC) [PSYoungGen: 418071K->181972K(465920K)] 1108970K->931431K(1798144K), 0.1124587 secs] [Times: user=0.60 sys=0.00, real=0.11 secs] 
3358.384: [GC (GCLocker Initiated GC) [PSYoungGen: 414932K->100316K(465920K)] 1164393K->918753K(1798144K), 0.0476040 secs] [Times: user=0.25 sys=0.00, real=0.04 secs] 
3358.632: [GC (Allocation Failure) [PSYoungGen: 333276K->176757K(465920K)] 1151880K->1027821K(1798144K), 0.0608202 secs] [Times: user=0.28 sys=0.00, real=0.07 secs] 
3358.852: [GC (Allocation Failure) [PSYoungGen: 409609K->181653K(465920K)] 1260673K->1087581K(1798144K), 0.0442030 secs] [Times: user=0.19 sys=0.00, real=0.05 secs] 
3359.060: [GC (Allocation Failure) [PSYoungGen: 411560K->179318K(465920K)] 1317489K->1148318K(1798144K), 0.0741046 secs] [Times: user=0.37 sys=0.00, real=0.08 secs] 
3360.055: [GC (Allocation Failure) [PSYoungGen: 412278K->168499K(401920K)] 1381278K->1194459K(1734144K), 0.0577050 secs] [Times: user=0.29 sys=0.00, real=0.06 secs] 
3360.425: [GC (Allocation Failure) [PSYoungGen: 401404K->113277K(460288K)] 1427364K->1203781K(1792512K), 0.0445333 secs] [Times: user=0.22 sys=0.00, real=0.04 secs] 
3360.616: [GC (Allocation Failure) [PSYoungGen: 343677K->178037K(462848K)] 1434181K->1304578K(1795072K), 0.0491478 secs] [Times: user=0.22 sys=0.00, real=0.05 secs] 
3360.796: [GC (Allocation Failure) [PSYoungGen: 408437K->179830K(464896K)] 1534978K->1368831K(1797120K), 0.0496482 secs] [Times: user=0.23 sys=0.00, real=0.05 secs] 
3360.954: [GC (Allocation Failure) [PSYoungGen: 414326K->188053K(465920K)] 1603327K->1433902K(1798144K), 0.0595286 secs] [Times: user=0.30 sys=0.00, real=0.06 secs] 
3362.505: [GC (Allocation Failure) [PSYoungGen: 422549K->98732K(465920K)] 1668398K->1415585K(1798144K), 0.1231529 secs] [Times: user=0.68 sys=0.00, real=0.12 secs] 
3362.629: [Full GC (Ergonomics) [PSYoungGen: 98732K->0K(465920K)] [ParOldGen: 1316853K->94482K(1318400K)] 1415585K->94482K(1784320K), [Metaspace: 60051K->60051K(1105920K)], 0.0853425 secs] [Times: user=0.30 sys=0.00, real=0.09 secs] 
3363.501: [GC (Allocation Failure) [PSYoungGen: 232960K->176277K(465920K)] 327442K->270759K(1784320K), 0.0331279 secs] [Times: user=0.12 sys=0.00, real=0.04 secs] 
3363.676: [GC (Allocation Failure) [PSYoungGen: 409237K->182933K(465920K)] 503719K->332219K(1784320K), 0.0425173 secs] [Times: user=0.19 sys=0.00, real=0.04 secs] 
3363.826: [GC (Allocation Failure) [PSYoungGen: 407306K->175734K(465920K)] 556592K->388908K(1784320K), 0.0475036 secs] [Times: user=0.22 sys=0.00, real=0.05 secs] 
3365.087: [GC (Allocation Failure) [PSYoungGen: 408694K->168499K(458752K)] 621868K->437513K(1777152K), 0.0554220 secs] [Times: user=0.27 sys=0.00, real=0.05 secs] 
3365.487: [GC (Allocation Failure) [PSYoungGen: 401459K->109037K(462336K)] 670473K->442675K(1780736K), 0.0656602 secs] [Times: user=0.34 sys=0.00, real=0.07 secs] 
3365.696: [GC (Allocation Failure) [PSYoungGen: 341997K->180309K(465408K)] 675635K->548867K(1783808K), 0.0364031 secs] [Times: user=0.15 sys=0.00, real=0.04 secs] 
3365.868: [GC (Allocation Failure) [PSYoungGen: 413269K->185623K(465920K)] 781827K->616829K(1784320K), 0.0543177 secs] [Times: user=0.26 sys=0.00, real=0.06 secs] 
3366.331: [GC (GCLocker Initiated GC) [PSYoungGen: 418583K->185365K(465920K)] 849790K->675540K(1784320K), 0.0601564 secs] [Times: user=0.30 sys=0.00, real=0.06 secs] 
3367.422: [GC (Allocation Failure) [PSYoungGen: 418325K->96907K(465920K)] 908502K->657188K(1784320K), 0.0596361 secs] [Times: user=0.29 sys=0.00, real=0.06 secs] 
3367.765: [GC (Allocation Failure) [PSYoungGen: 329867K->171988K(465920K)] 890148K->763282K(1784320K), 0.0472780 secs] [Times: user=0.21 sys=0.00, real=0.05 secs] 
3367.972: [GC (Allocation Failure) [PSYoungGen: 404948K->185782K(465920K)] 996242K->831172K(1784320K), 0.0459320 secs] [Times: user=0.21 sys=0.00, real=0.05 secs] 
3368.123: [GC (Allocation Failure) [PSYoungGen: 409929K->176790K(465920K)] 1055319K->886740K(1784320K), 0.0489111 secs] [Times: user=0.23 sys=0.00, real=0.04 secs] 
3368.940: [GC (Allocation Failure) [PSYoungGen: 405134K->205875K(465920K)] 1115084K->972065K(1784320K), 0.0552269 secs] [Times: user=0.27 sys=0.00, real=0.06 secs] 
3370.083: [GC (GCLocker Initiated GC) [PSYoungGen: 438835K->102860K(465920K)] 1205025K->933802K(1784320K), 0.0789631 secs] [Times: user=0.43 sys=0.00, real=0.07 secs] 
3370.328: [GC (Allocation Failure) [PSYoungGen: 335820K->178358K(465920K)] 1175121K->1051137K(1784320K), 0.1304320 secs] [Times: user=0.72 sys=0.00, real=0.13 secs] 
3370.572: [GC (Allocation Failure) [PSYoungGen: 411318K->185559K(465920K)] 1284097K->1114986K(1784320K), 0.1676359 secs] [Times: user=0.94 sys=0.00, real=0.17 secs] 
3371.226: [GC (Allocation Failure) [PSYoungGen: 418519K->181876K(465920K)] 1347946K->1170192K(1784320K), 0.1123886 secs] [Times: user=0.59 sys=0.00, real=0.11 secs] 
3372.495: [GC (Allocation Failure) [PSYoungGen: 414836K->100796K(465920K)] 1403152K->1157927K(1784320K), 0.0474287 secs] [Times: user=0.25 sys=0.00, real=0.04 secs] 
3372.992: [GC (Allocation Failure) [PSYoungGen: 333756K->170548K(465920K)] 1390887K->1260637K(1784320K), 0.0592579 secs] [Times: user=0.28 sys=0.00, real=0.06 secs] 
3373.179: [GC (Allocation Failure) [PSYoungGen: 403508K->185206K(465920K)] 1493597K->1328346K(1784320K), 0.0444252 secs] [Times: user=0.20 sys=0.00, real=0.05 secs] 
3373.331: [GC (Allocation Failure) [PSYoungGen: 413216K->179478K(465920K)] 1556357K->1386875K(1784320K), 0.0508708 secs] [Times: user=0.24 sys=0.00, real=0.05 secs] 
3375.068: [GC (Allocation Failure) [PSYoungGen: 408001K->188883K(465920K)] 1615397K->1453431K(1784320K), 0.0548977 secs] [Times: user=0.28 sys=0.00, real=0.06 secs] 
3375.123: [Full GC (Ergonomics) [PSYoungGen: 188883K->0K(465920K)] [ParOldGen: 1264548K->362826K(1398272K)] 1453431K->362826K(1864192K), [Metaspace: 60052K->60052K(1105920K)], 0.5444787 secs] [Times: user=2.15 sys=0.00, real=0.54 secs] 
3376.064: [GC (Allocation Failure) [PSYoungGen: 232960K->104702K(465920K)] 595786K->467529K(1864192K), 0.0183258 secs] [Times: user=0.07 sys=0.00, real=0.02 secs] 
3376.250: [GC (Allocation Failure) [PSYoungGen: 337662K->183926K(465920K)] 700489K->583972K(1864192K), 0.0352997 secs] [Times: user=0.15 sys=0.00, real=0.04 secs] 
3376.395: [GC (Allocation Failure) [PSYoungGen: 416886K->182581K(465920K)] 816932K->639791K(1864192K), 0.0434029 secs] [Times: user=0.20 sys=0.01, real=0.04 secs] 
3376.579: [GC (Allocation Failure) [PSYoungGen: 415541K->183508K(465920K)] 872751K->696039K(1864192K), 0.0598318 secs] [Times: user=0.29 sys=0.01, real=0.06 secs] 
3377.822: [GC (Allocation Failure) [PSYoungGen: 416468K->102780K(465920K)] 928999K->684590K(1864192K), 0.0847970 secs] [Times: user=0.45 sys=0.00, real=0.09 secs] 
3379.250: [GC (Allocation Failure) [PSYoungGen: 335740K->168916K(465920K)] 917550K->784062K(1864192K), 0.0547846 secs] [Times: user=0.25 sys=0.01, real=0.06 secs] 
3379.428: [GC (Allocation Failure) [PSYoungGen: 401876K->183509K(465920K)] 1017022K->851560K(1864192K), 0.0431416 secs] [Times: user=0.19 sys=0.00, real=0.04 secs] 
3379.614: [GC (Allocation Failure) [PSYoungGen: 416469K->185975K(465920K)] 1084520K->918097K(1864192K), 0.0774001 secs] [Times: user=0.38 sys=0.01, real=0.07 secs] 
3380.456: [GC (Allocation Failure) [PSYoungGen: 417518K->212947K(465920K)] 1149640K->1004118K(1864192K), 0.0582307 secs] [Times: user=0.29 sys=0.00, real=0.06 secs] 
3380.968: [GC (Allocation Failure) [PSYoungGen: 445907K->105628K(465920K)] 1237078K->963599K(1864192K), 0.0599257 secs] [Times: user=0.32 sys=0.00, real=0.06 secs] 
3381.215: [GC (Allocation Failure) [PSYoungGen: 338588K->180757K(465920K)] 1196559K->1072844K(1864192K), 0.0498032 secs] [Times: user=0.23 sys=0.00, real=0.05 secs] 
3381.389: [GC (Allocation Failure) [PSYoungGen: 413717K->184054K(465920K)] 1305804K->1138982K(1864192K), 0.0505621 secs] [Times: user=0.23 sys=0.00, real=0.05 secs] 
3381.659: [GC (GCLocker Initiated GC) [PSYoungGen: 417014K->183892K(465920K)] 1371943K->1197341K(1864192K), 0.0599195 secs] [Times: user=0.30 sys=0.00, real=0.06 secs] 
3382.673: [GC (GCLocker Initiated GC) [PSYoungGen: 416852K->93995K(465920K)] 1430307K->1177026K(1864192K), 0.0471138 secs] [Times: user=0.24 sys=0.00, real=0.04 secs] 
3382.929: [GC (Allocation Failure) [PSYoungGen: 326955K->174293K(465920K)] 1410024K->1287851K(1864192K), 0.0691424 secs] [Times: user=0.33 sys=0.00, real=0.07 secs] 
3383.157: [GC (Allocation Failure) [PSYoungGen: 407253K->185142K(465920K)] 1520811K->1353140K(1864192K), 0.0447149 secs] [Times: user=0.20 sys=0.00, real=0.04 secs] 
3383.310: [GC (Allocation Failure) [PSYoungGen: 414004K->183030K(465920K)] 1582002K->1415697K(1864192K), 0.0510388 secs] [Times: user=0.24 sys=0.00, real=0.05 secs] 
3384.191: [GC (Allocation Failure) [PSYoungGen: 415990K->208206K(465920K)] 1648657K->1499016K(1864192K), 0.0555122 secs] [Times: user=0.27 sys=0.00, real=0.06 secs] 
3385.102: [GC (Allocation Failure) [PSYoungGen: 441166K->105020K(465920K)] 1731976K->1460654K(1864192K), 0.0839476 secs] [Times: user=0.34 sys=0.11, real=0.09 secs] 
3385.186: [Full GC (Ergonomics) [PSYoungGen: 105020K->0K(465920K)] [ParOldGen: 1355634K->122234K(1380352K)] 1460654K->122234K(1846272K), [Metaspace: 60056K->60056K(1105920K)], 0.1582713 secs] [Times: user=0.69 sys=0.00, real=0.16 secs] 
3385.461: [GC (Allocation Failure) [PSYoungGen: 225915K->177301K(465920K)] 348150K->299536K(1846272K), 0.0245888 secs] [Times: user=0.09 sys=0.00, real=0.03 secs] 
3385.597: [GC (Allocation Failure) [PSYoungGen: 410261K->185462K(465920K)] 532496K->362681K(1846272K), 0.0413948 secs] [Times: user=0.18 sys=0.00, real=0.04 secs] 
3385.869: [GC (Allocation Failure) [PSYoungGen: 418422K->184341K(465920K)] 595641K->417855K(1846272K), 0.0641067 secs] [Times: user=0.31 sys=0.00, real=0.07 secs] 
3388.088: [GC (GCLocker Initiated GC) [PSYoungGen: 417301K->96107K(465920K)] 650816K->399198K(1846272K), 0.0526749 secs] [Times: user=0.28 sys=0.01, real=0.05 secs] 
3389.208: [GC (Allocation Failure) [PSYoungGen: 329067K->172308K(465920K)] 632325K->506467K(1846272K), 0.0550456 secs] [Times: user=0.25 sys=0.00, real=0.06 secs] 
3389.452: [GC (Allocation Failure) [PSYoungGen: 405268K->180981K(465920K)] 739427K->569172K(1846272K), 0.0586584 secs] [Times: user=0.28 sys=0.00, real=0.06 secs] 
3389.632: [GC (Allocation Failure) [PSYoungGen: 413941K->186039K(465920K)] 802132K->637102K(1846272K), 0.0494037 secs] [Times: user=0.23 sys=0.00, real=0.05 secs] 
3390.445: [GC (Allocation Failure) [PSYoungGen: 414907K->214068K(465920K)] 865969K->724155K(1846272K), 0.0572496 secs] [Times: user=0.29 sys=0.00, real=0.05 secs] 
3390.800: [GC (Allocation Failure) [PSYoungGen: 447028K->102716K(465920K)] 957115K->680227K(1846272K), 0.0454534 secs] [Times: user=0.24 sys=0.00, real=0.05 secs] 
3390.989: [GC (Allocation Failure) [PSYoungGen: 333413K->180533K(465920K)] 910924K->790753K(1846272K), 0.0484119 secs] [Times: user=0.22 sys=0.01, real=0.05 secs] 
3391.178: [GC (Allocation Failure) [PSYoungGen: 413493K->178101K(465920K)] 1023713K->844692K(1846272K), 0.0425956 secs] [Times: user=0.19 sys=0.01, real=0.04 secs] 
3391.358: [GC (Allocation Failure) [PSYoungGen: 411061K->187317K(465920K)] 1077652K->907853K(1846272K), 0.0610947 secs] [Times: user=0.29 sys=0.00, real=0.06 secs] 
3392.354: [GC (Allocation Failure) [PSYoungGen: 420277K->106236K(465920K)] 1140813K->897388K(1846272K), 0.0456732 secs] [Times: user=0.23 sys=0.00, real=0.04 secs] 
3392.731: [GC (Allocation Failure) [PSYoungGen: 339196K->172564K(465920K)] 1130348K->998077K(1846272K), 0.0682877 secs] [Times: user=0.33 sys=0.00, real=0.07 secs] 
3392.947: [GC (Allocation Failure) [PSYoungGen: 405524K->180149K(465920K)] 1231037K->1059886K(1846272K), 0.0435090 secs] [Times: user=0.20 sys=0.00, real=0.04 secs] 
3393.141: [GC (Allocation Failure) [PSYoungGen: 413109K->185591K(465920K)] 1292846K->1128304K(1846272K), 0.0723414 secs] [Times: user=0.36 sys=0.00, real=0.08 secs] 
3394.457: [GC (Allocation Failure) [PSYoungGen: 416485K->210579K(465920K)] 1359198K->1212240K(1846272K), 0.0572285 secs] [Times: user=0.29 sys=0.00, real=0.06 secs] 
3395.576: [GC (Allocation Failure) [PSYoungGen: 443539K->105052K(465920K)] 1445200K->1172953K(1846272K), 0.0902908 secs] [Times: user=0.48 sys=0.00, real=0.09 secs] 
3395.872: [GC (Allocation Failure) [PSYoungGen: 337432K->177397K(465920K)] 1405333K->1279075K(1846272K), 0.0444616 secs] [Times: user=0.20 sys=0.00, real=0.05 secs] 
3396.070: [GC (Allocation Failure) [PSYoungGen: 410357K->184790K(465920K)] 1512035K->1341379K(1846272K), 0.0656107 secs] [Times: user=0.32 sys=0.00, real=0.07 secs] 
3396.307: [GC (Allocation Failure) [PSYoungGen: 417750K->184981K(465920K)] 1574339K->1397498K(1846272K), 0.0624854 secs] [Times: user=0.30 sys=0.01, real=0.06 secs] 
3398.007: [GC (Allocation Failure) [PSYoungGen: 417941K->99116K(465920K)] 1630458K->1381489K(1846272K), 0.0495096 secs] [Times: user=0.26 sys=0.00, real=0.05 secs] 
3398.274: [GC (Allocation Failure) [PSYoungGen: 332076K->174549K(465920K)] 1614449K->1489051K(1846272K), 0.0409145 secs] [Times: user=0.17 sys=0.00, real=0.04 secs] 
3398.315: [Full GC (Ergonomics) [PSYoungGen: 174549K->0K(465920K)] [ParOldGen: 1314502K->198789K(1398272K)] 1489051K->198789K(1864192K), [Metaspace: 60059K->60059K(1105920K)], 0.1816053 secs] [Times: user=0.81 sys=0.00, real=0.18 secs] 
3398.605: [GC (Allocation Failure) [PSYoungGen: 232960K->177493K(465920K)] 431749K->376282K(1864192K), 0.0330250 secs] [Times: user=0.13 sys=0.00, real=0.03 secs] 
3398.785: [GC (Allocation Failure) [PSYoungGen: 410453K->185975K(465920K)] 609242K->447221K(1864192K), 0.0431412 secs] [Times: user=0.19 sys=0.00, real=0.04 secs] 
3399.380: [GC (Allocation Failure) [PSYoungGen: 418935K->217972K(465920K)] 680181K->538186K(1864192K), 0.0537546 secs] [Times: user=0.27 sys=0.00, real=0.06 secs] 
3399.992: [GC (Allocation Failure) [PSYoungGen: 450932K->105564K(465920K)] 771146K->493146K(1864192K), 0.0535553 secs] [Times: user=0.28 sys=0.00, real=0.06 secs] 
3400.217: [GC (Allocation Failure) [PSYoungGen: 330989K->177653K(465920K)] 718571K->598536K(1864192K), 0.0423116 secs] [Times: user=0.19 sys=0.00, real=0.04 secs] 
3400.412: [GC (Allocation Failure) [PSYoungGen: 410613K->182581K(465920K)] 831496K->659180K(1864192K), 0.0638495 secs] [Times: user=0.30 sys=0.00, real=0.07 secs] 
3400.597: [GC (Allocation Failure) [PSYoungGen: 415541K->184693K(465920K)] 892140K->716379K(1864192K), 0.0457297 secs] [Times: user=0.21 sys=0.00, real=0.04 secs] 
3402.188: [GC (Allocation Failure) [PSYoungGen: 417653K->102396K(465920K)] 949339K->703855K(1864192K), 0.1214160 secs] [Times: user=0.66 sys=0.00, real=0.12 secs] 
3403.541: [GC (GCLocker Initiated GC) [PSYoungGen: 335356K->171060K(465920K)] 936815K->805892K(1864192K), 0.0575471 secs] [Times: user=0.28 sys=0.00, real=0.06 secs] 
3403.723: [GC (Allocation Failure) [PSYoungGen: 404020K->182293K(465920K)] 1038983K->870344K(1864192K), 0.0425903 secs] [Times: user=0.19 sys=0.00, real=0.04 secs] 
3403.879: [GC (Allocation Failure) [PSYoungGen: 415253K->186007K(465920K)] 1103304K->937690K(1864192K), 0.0501596 secs] [Times: user=0.23 sys=0.00, real=0.05 secs] 
3404.821: [GC (Allocation Failure) [PSYoungGen: 418967K->174195K(465920K)] 1170650K->984982K(1864192K), 0.0552430 secs] [Times: user=0.27 sys=0.00, real=0.06 secs] 
3405.245: [GC (Allocation Failure) [PSYoungGen: 407155K->105996K(465920K)] 1217942K->983271K(1864192K), 0.0724401 secs] [Times: user=0.39 sys=0.00, real=0.07 secs] 
3405.504: [GC (Allocation Failure) [PSYoungGen: 336831K->176981K(465920K)] 1214106K->1088376K(1864192K), 0.0367816 secs] [Times: user=0.16 sys=0.00, real=0.03 secs] 
3405.690: [GC (Allocation Failure) [PSYoungGen: 409941K->185462K(465920K)] 1321336K->1151417K(1864192K), 0.0675031 secs] [Times: user=0.33 sys=0.00, real=0.07 secs] 
3406.110: [GC (Allocation Failure) [PSYoungGen: 418422K->183572K(465920K)] 1384377K->1205824K(1864192K), 0.0728900 secs] [Times: user=0.36 sys=0.00, real=0.08 secs] 
3407.210: [GC (Allocation Failure) [PSYoungGen: 416532K->101692K(465920K)] 1438784K->1193159K(1864192K), 0.0453252 secs] [Times: user=0.23 sys=0.00, real=0.05 secs] 
3407.551: [GC (GCLocker Initiated GC) [PSYoungGen: 334652K->174037K(465920K)] 1426119K->1298205K(1864192K), 0.0670557 secs] [Times: user=0.32 sys=0.00, real=0.07 secs] 
3407.768: [GC (Allocation Failure) [PSYoungGen: 406997K->185494K(465920K)] 1531296K->1364621K(1864192K), 0.0445945 secs] [Times: user=0.20 sys=0.00, real=0.05 secs] 
3407.965: [GC (Allocation Failure) [PSYoungGen: 418454K->179894K(465920K)] 1597581K->1423397K(1864192K), 0.0718118 secs] [Times: user=0.36 sys=0.01, real=0.07 secs] 
3408.839: [GC (Allocation Failure) [PSYoungGen: 409893K->210035K(465920K)] 1653397K->1510187K(1864192K), 0.0561200 secs] [Times: user=0.28 sys=0.00, real=0.06 secs] 
3409.893: [GC (Allocation Failure) [PSYoungGen: 442995K->105148K(465920K)] 1743147K->1471332K(1864192K), 0.0870081 secs] [Times: user=0.45 sys=0.02, real=0.08 secs] 
3409.980: [Full GC (Ergonomics) [PSYoungGen: 105148K->0K(465920K)] [ParOldGen: 1366183K->122864K(1391616K)] 1471332K->122864K(1857536K), [Metaspace: 60059K->60059K(1105920K)], 0.1618981 secs] [Times: user=0.70 sys=0.00, real=0.16 secs] 
3410.257: [GC (Allocation Failure) [PSYoungGen: 228308K->176981K(465920K)] 351173K->299846K(1857536K), 0.0242700 secs] [Times: user=0.08 sys=0.00, real=0.02 secs] 
3410.391: [GC (Allocation Failure) [PSYoungGen: 409941K->185622K(465920K)] 532806K->363526K(1857536K), 0.0410305 secs] [Times: user=0.18 sys=0.00, real=0.04 secs] 
3410.677: [GC (Allocation Failure) [PSYoungGen: 418582K->184404K(465920K)] 596486K->418597K(1857536K), 0.0674121 secs] [Times: user=0.34 sys=0.00, real=0.07 secs] 
3411.755: [GC (Allocation Failure) [PSYoungGen: 417364K->101324K(465920K)] 651557K->404805K(1857536K), 0.0510537 secs] [Times: user=0.27 sys=0.00, real=0.05 secs] 
3412.223: [GC (Allocation Failure) [PSYoungGen: 334284K->171476K(465920K)] 637765K->507842K(1857536K), 0.0440616 secs] [Times: user=0.20 sys=0.00, real=0.04 secs] 
3412.377: [GC (Allocation Failure) [PSYoungGen: 404436K->185494K(465920K)] 740802K->575363K(1857536K), 0.0423313 secs] [Times: user=0.18 sys=0.00, real=0.04 secs] 
3412.530: [GC (Allocation Failure) [PSYoungGen: 418454K->185431K(465920K)] 808323K->639660K(1857536K), 0.0495670 secs] [Times: user=0.23 sys=0.00, real=0.05 secs] 
3413.605: [GC (Allocation Failure) [PSYoungGen: 413297K->205555K(465920K)] 867527K->718632K(1857536K), 0.0530872 secs] [Times: user=0.26 sys=0.01, real=0.05 secs] 
3414.136: [GC (GCLocker Initiated GC) [PSYoungGen: 438515K->98011K(465920K)] 951592K->675577K(1857536K), 0.0631224 secs] [Times: user=0.33 sys=0.01, real=0.06 secs] 
3414.408: [GC (Allocation Failure) [PSYoungGen: 330971K->184150K(465920K)] 908540K->793200K(1857536K), 0.0463440 secs] [Times: user=0.20 sys=0.00, real=0.05 secs] 
3414.572: [GC (Allocation Failure) [PSYoungGen: 417110K->185718K(465920K)] 1026160K->852064K(1857536K), 0.0435958 secs] [Times: user=0.20 sys=0.00, real=0.05 secs] 
3414.743: [GC (Allocation Failure) [PSYoungGen: 418678K->187637K(465920K)] 1085024K->910287K(1857536K), 0.0498851 secs] [Times: user=0.23 sys=0.00, real=0.05 secs] 
3415.814: [GC (Allocation Failure) [PSYoungGen: 420597K->98412K(465920K)] 1143247K->891813K(1857536K), 0.0606876 secs] [Times: user=0.33 sys=0.00, real=0.06 secs] 
3416.888: [GC (Allocation Failure) [PSYoungGen: 331372K->172564K(465920K)] 1124773K->998011K(1857536K), 0.0574401 secs] [Times: user=0.27 sys=0.00, real=0.06 secs] 
3417.075: [GC (GCLocker Initiated GC) [PSYoungGen: 405524K->182645K(465920K)] 1230972K->1061777K(1857536K), 0.0428847 secs] [Times: user=0.19 sys=0.00, real=0.04 secs] 
3417.230: [GC (Allocation Failure) [PSYoungGen: 415605K->185975K(465920K)] 1294897K->1128739K(1857536K), 0.0502795 secs] [Times: user=0.23 sys=0.00, real=0.05 secs] 
3419.071: [GC (Allocation Failure) [PSYoungGen: 416058K->206771K(465920K)] 1358822K->1208583K(1857536K), 0.0553196 secs] [Times: user=0.27 sys=0.00, real=0.06 secs] 
3419.743: [GC (Allocation Failure) [PSYoungGen: 439731K->102460K(465920K)] 1441543K->1169440K(1857536K), 0.0691827 secs] [Times: user=0.37 sys=0.00, real=0.07 secs] 
3419.957: [GC (Allocation Failure) [PSYoungGen: 332410K->179573K(465920K)] 1399390K->1279523K(1857536K), 0.0359005 secs] [Times: user=0.15 sys=0.00, real=0.04 secs] 
3420.216: [GC (GCLocker Initiated GC) [PSYoungGen: 412533K->184982K(465920K)] 1512483K->1340587K(1857536K), 0.0582960 secs] [Times: user=0.28 sys=0.00, real=0.06 secs] 
3420.425: [GC (Allocation Failure) [PSYoungGen: 417942K->186837K(465920K)] 1573550K->1398533K(1857536K), 0.0508758 secs] [Times: user=0.24 sys=0.00, real=0.05 secs] 
3421.403: [GC (Allocation Failure) [PSYoungGen: 419797K->97131K(465920K)] 1631493K->1379307K(1857536K), 0.0561299 secs] [Times: user=0.29 sys=0.01, real=0.05 secs] 
3421.722: [GC (Allocation Failure) [PSYoungGen: 330091K->173141K(465920K)] 1612267K->1486489K(1857536K), 0.0566472 secs] [Times: user=0.27 sys=0.00, real=0.06 secs] 
3421.778: [Full GC (Ergonomics) [PSYoungGen: 173141K->0K(465920K)] [ParOldGen: 1313348K->196340K(1398272K)] 1486489K->196340K(1864192K), [Metaspace: 60059K->60059K(1105920K)], 0.2007658 secs] [Times: user=0.91 sys=0.00, real=0.20 secs] 
3422.093: [GC (Allocation Failure) [PSYoungGen: 232960K->184918K(465920K)] 429300K->381258K(1864192K), 0.0323587 secs] [Times: user=0.13 sys=0.00, real=0.03 secs] 
3422.235: [GC (Allocation Failure) [PSYoungGen: 417878K->186295K(465920K)] 614218K->447039K(1864192K), 0.0435379 secs] [Times: user=0.20 sys=0.00, real=0.04 secs] 
3423.075: [GC (Allocation Failure) [PSYoungGen: 419255K->212947K(465920K)] 679999K->532959K(1864192K), 0.0475230 secs] [Times: user=0.23 sys=0.00, real=0.05 secs] 
3423.888: [GC (Allocation Failure) [PSYoungGen: 445907K->104060K(465920K)] 765919K->488824K(1864192K), 0.0899052 secs] [Times: user=0.48 sys=0.00, real=0.09 secs] 
3424.184: [GC (Allocation Failure) [PSYoungGen: 333108K->178581K(465920K)] 717873K->597203K(1864192K), 0.0354669 secs] [Times: user=0.15 sys=0.00, real=0.03 secs] 
3424.371: [GC (Allocation Failure) [PSYoungGen: 411541K->184918K(465920K)] 830163K->658923K(1864192K), 0.0577134 secs] [Times: user=0.27 sys=0.00, real=0.06 secs] 
3424.581: [GC (Allocation Failure) [PSYoungGen: 417878K->184532K(465920K)] 891883K->714570K(1864192K), 0.0607405 secs] [Times: user=0.30 sys=0.00, real=0.06 secs] 
3425.768: [GC (Allocation Failure) [PSYoungGen: 417492K->105148K(465920K)] 947530K->704930K(1864192K), 0.0638073 secs] [Times: user=0.34 sys=0.00, real=0.06 secs] 
3426.732: [GC (Allocation Failure) [PSYoungGen: 338108K->171956K(465920K)] 937890K->805655K(1864192K), 0.0557950 secs] [Times: user=0.27 sys=0.00, real=0.06 secs] 
3426.971: [GC (Allocation Failure) [PSYoungGen: 404916K->182325K(465920K)] 1038615K->869716K(1864192K), 0.0635361 secs] [Times: user=0.30 sys=0.00, real=0.07 secs] 
3427.162: [GC (Allocation Failure) [PSYoungGen: 414203K->184119K(465920K)] 1101594K->934917K(1864192K), 0.0501574 secs] [Times: user=0.24 sys=0.00, real=0.05 secs] 
3428.034: [GC (Allocation Failure) [PSYoungGen: 417079K->169907K(465920K)] 1167877K->979409K(1864192K), 0.0545941 secs] [Times: user=0.27 sys=0.01, real=0.05 secs] 
3428.341: [GC (Allocation Failure) [PSYoungGen: 402867K->106908K(465920K)] 1212369K->981435K(1864192K), 0.0524192 secs] [Times: user=0.27 sys=0.00, real=0.06 secs] 
3428.553: [GC (Allocation Failure) [PSYoungGen: 333062K->175605K(465920K)] 1207589K->1084196K(1864192K), 0.0465843 secs] [Times: user=0.20 sys=0.00, real=0.04 secs] 
3428.715: [GC (GCLocker Initiated GC) [PSYoungGen: 408565K->183029K(465920K)] 1317158K->1146294K(1864192K), 0.0432062 secs] [Times: user=0.20 sys=0.00, real=0.04 secs] 
3428.894: [GC (Allocation Failure) [PSYoungGen: 415989K->186965K(465920K)] 1379255K->1205726K(1864192K), 0.0523734 secs] [Times: user=0.25 sys=0.00, real=0.05 secs] 
3429.954: [GC (Allocation Failure) [PSYoungGen: 419925K->100028K(465920K)] 1438686K->1189533K(1864192K), 0.0476665 secs] [Times: user=0.25 sys=0.00, real=0.04 secs] 
3430.597: [GC (Allocation Failure) [PSYoungGen: 332988K->169652K(465920K)] 1422493K->1291067K(1864192K), 0.0591885 secs] [Times: user=0.28 sys=0.00, real=0.06 secs] 
3430.780: [GC (Allocation Failure) [PSYoungGen: 402612K->182837K(465920K)] 1524027K->1357532K(1864192K), 0.0425710 secs] [Times: user=0.19 sys=0.00, real=0.04 secs] 
3430.936: [GC (Allocation Failure) [PSYoungGen: 415797K->186295K(465920K)] 1590492K->1424797K(1864192K), 0.0501143 secs] [Times: user=0.23 sys=0.00, real=0.05 secs] 
3431.885: [GC (Allocation Failure) [PSYoungGen: 419255K->175059K(465920K)] 1657757K->1472718K(1864192K), 0.0557761 secs] [Times: user=0.28 sys=0.00, real=0.05 secs] 
3433.836: [GC (Allocation Failure) [PSYoungGen: 408019K->105516K(465920K)] 1705678K->1469907K(1864192K), 0.1030210 secs] [Times: user=0.55 sys=0.01, real=0.10 secs] 
3433.940: [Full GC (Ergonomics) [PSYoungGen: 105516K->0K(465920K)] [ParOldGen: 1364390K->122683K(1398272K)] 1469907K->122683K(1864192K), [Metaspace: 60061K->60061K(1105920K)], 0.1806596 secs] [Times: user=0.81 sys=0.00, real=0.18 secs] 
3434.253: [GC (Allocation Failure) [PSYoungGen: 232960K->178261K(465920K)] 355643K->300944K(1864192K), 0.0244262 secs] [Times: user=0.08 sys=0.00, real=0.02 secs] 
3434.389: [GC (Allocation Failure) [PSYoungGen: 411221K->185526K(465920K)] 533904K->363945K(1864192K), 0.0414779 secs] [Times: user=0.19 sys=0.01, real=0.04 secs] 
3434.590: [GC (Allocation Failure) [PSYoungGen: 418486K->187125K(465920K)] 596905K->421664K(1864192K), 0.0540904 secs] [Times: user=0.26 sys=0.00, real=0.06 secs] 
3435.597: [GC (Allocation Failure) [PSYoungGen: 420085K->101724K(465920K)] 654624K->406903K(1864192K), 0.0437785 secs] [Times: user=0.23 sys=0.00, real=0.04 secs] 
3435.954: [GC (Allocation Failure) [PSYoungGen: 334684K->172628K(465920K)] 639863K->510404K(1864192K), 0.0690492 secs] [Times: user=0.32 sys=0.01, real=0.07 secs] 
3436.178: [GC (Allocation Failure) [PSYoungGen: 405588K->189877K(465920K)] 743364K->581417K(1864192K), 0.0426002 secs] [Times: user=0.19 sys=0.01, real=0.04 secs] 
3436.334: [GC (Allocation Failure) [PSYoungGen: 422837K->185431K(465920K)] 814377K->640130K(1864192K), 0.0491855 secs] [Times: user=0.22 sys=0.01, real=0.05 secs] 
3437.219: [GC (Allocation Failure) [PSYoungGen: 418391K->168531K(465920K)] 873090K->682070K(1864192K), 0.0567843 secs] [Times: user=0.29 sys=0.00, real=0.06 secs] 
3437.537: [GC (Allocation Failure) [PSYoungGen: 401491K->113949K(465920K)] 915030K->691977K(1864192K), 0.0414750 secs] [Times: user=0.19 sys=0.00, real=0.04 secs] 
3437.691: [GC (Allocation Failure) [PSYoungGen: 346909K->187605K(465920K)] 924937K->802137K(1864192K), 0.0370294 secs] [Times: user=0.16 sys=0.00, real=0.04 secs] 
3437.840: [GC (Allocation Failure) [PSYoungGen: 420565K->185463K(465920K)] 1035097K->862975K(1864192K), 0.0493580 secs] [Times: user=0.22 sys=0.00, real=0.05 secs] 
3438.025: [GC (Allocation Failure) [PSYoungGen: 418423K->184180K(465920K)] 1095935K->920453K(1864192K), 0.0833862 secs] [Times: user=0.43 sys=0.01, real=0.08 secs] 
3439.331: [GC (GCLocker Initiated GC) [PSYoungGen: 417140K->99436K(465920K)] 1153414K->905217K(1864192K), 0.0926153 secs] [Times: user=0.50 sys=0.01, real=0.10 secs] 
3440.038: [GC (Allocation Failure) [PSYoungGen: 332396K->181173K(465920K)] 1138179K->1019628K(1864192K), 0.0484611 secs] [Times: user=0.21 sys=0.00, real=0.05 secs] 
3440.278: [GC (Allocation Failure) [PSYoungGen: 414133K->182677K(465920K)] 1252588K->1076109K(1864192K), 0.0588711 secs] [Times: user=0.28 sys=0.00, real=0.06 secs] 
3440.456: [GC (Allocation Failure) [PSYoungGen: 402842K->171893K(465920K)] 1296274K->1129284K(1864192K), 0.0480417 secs] [Times: user=0.23 sys=0.00, real=0.05 secs] 
3442.421: [GC (Allocation Failure) [PSYoungGen: 401094K->205107K(465920K)] 1358486K->1217130K(1864192K), 0.0531749 secs] [Times: user=0.26 sys=0.00, real=0.06 secs] 
3443.695: [GC (Allocation Failure) [PSYoungGen: 438067K->101148K(465920K)] 1450090K->1177707K(1864192K), 0.1092401 secs] [Times: user=0.59 sys=0.00, real=0.11 secs] 
3444.007: [GC (Allocation Failure) [PSYoungGen: 334108K->177621K(465920K)] 1410667K->1287020K(1864192K), 0.0353778 secs] [Times: user=0.15 sys=0.00, real=0.04 secs] 
3444.153: [GC (Allocation Failure) [PSYoungGen: 410581K->184598K(465920K)] 1519980K->1348932K(1864192K), 0.0440948 secs] [Times: user=0.19 sys=0.00, real=0.04 secs] 
3444.304: [GC (Allocation Failure) [PSYoungGen: 417558K->187509K(465920K)] 1581892K->1407772K(1864192K), 0.0461848 secs] [Times: user=0.21 sys=0.00, real=0.04 secs] 
3445.520: [GC (Allocation Failure) [PSYoungGen: 420469K->100556K(465920K)] 1640732K->1391563K(1864192K), 0.0457196 secs] [Times: user=0.23 sys=0.00, real=0.05 secs] 
3445.841: [GC (GCLocker Initiated GC) [PSYoungGen: 333516K->173205K(465920K)] 1624523K->1496824K(1864192K), 0.0638060 secs] [Times: user=0.30 sys=0.00, real=0.07 secs] 
3445.905: [Full GC (Ergonomics) [PSYoungGen: 173205K->0K(465920K)] [ParOldGen: 1323619K->197421K(1398272K)] 1496824K->197421K(1864192K), [Metaspace: 60092K->60092K(1105920K)], 0.2028710 secs] [Times: user=0.94 sys=0.00, real=0.20 secs] 
3446.216: [GC (Allocation Failure) [PSYoungGen: 232960K->182581K(465920K)] 430384K->380006K(1864192K), 0.0330285 secs] [Times: user=0.13 sys=0.00, real=0.03 secs] 
3446.358: [GC (Allocation Failure) [PSYoungGen: 415541K->182870K(465920K)] 612966K->443919K(1864192K), 0.0428938 secs] [Times: user=0.19 sys=0.00, real=0.04 secs] 
3447.633: [GC (Allocation Failure) [PSYoungGen: 415830K->216627K(465920K)] 676879K->535368K(1864192K), 0.0525499 secs] [Times: user=0.25 sys=0.01, real=0.05 secs] 
3449.668: [GC (Allocation Failure) [PSYoungGen: 449587K->97771K(465920K)] 768328K->483264K(1864192K), 0.1026059 secs] [Times: user=0.56 sys=0.00, real=0.10 secs] 
3449.968: [GC (Allocation Failure) [PSYoungGen: 330731K->178965K(465920K)] 716224K->595899K(1864192K), 0.0366368 secs] [Times: user=0.15 sys=0.00, real=0.04 secs] 
3450.114: [GC (Allocation Failure) [PSYoungGen: 411925K->185526K(465920K)] 828859K->658483K(1864192K), 0.0433520 secs] [Times: user=0.19 sys=0.00, real=0.04 secs] 
3450.300: [GC (Allocation Failure) [PSYoungGen: 418486K->187093K(465920K)] 891443K->716178K(1864192K), 0.0707467 secs] [Times: user=0.35 sys=0.00, real=0.07 secs] 
3451.330: [GC (Allocation Failure) [PSYoungGen: 420053K->105276K(465920K)] 949138K->704802K(1864192K), 0.0448471 secs] [Times: user=0.24 sys=0.00, real=0.05 secs] 
3451.654: [GC (Allocation Failure) [PSYoungGen: 338236K->172692K(465920K)] 937762K->806343K(1864192K), 0.0693577 secs] [Times: user=0.34 sys=0.00, real=0.07 secs] 
3451.862: [GC (Allocation Failure) [PSYoungGen: 405652K->184918K(465920K)] 1039303K->872384K(1864192K), 0.0426472 secs] [Times: user=0.19 sys=0.00, real=0.05 secs] 
3452.051: [GC (Allocation Failure) [PSYoungGen: 417878K->181942K(465920K)] 1105344K->933764K(1864192K), 0.0696553 secs] [Times: user=0.33 sys=0.00, real=0.07 secs] 
3453.207: [GC (Allocation Failure) [PSYoungGen: 414902K->171411K(465920K)] 1166724K->980937K(1864192K), 0.0551619 secs] [Times: user=0.27 sys=0.00, real=0.05 secs] 
3453.572: [GC (Allocation Failure) [PSYoungGen: 404371K->110077K(465920K)] 1213897K->985083K(1864192K), 0.0600058 secs] [Times: user=0.30 sys=0.00, real=0.06 secs] 
3453.804: [GC (Allocation Failure) [PSYoungGen: 337761K->174069K(465920K)] 1212767K->1084064K(1864192K), 0.0475848 secs] [Times: user=0.20 sys=0.01, real=0.04 secs] 
3453.970: [GC (Allocation Failure) [PSYoungGen: 407029K->181397K(465920K)] 1317024K->1145428K(1864192K), 0.0429098 secs] [Times: user=0.20 sys=0.00, real=0.05 secs] 
3454.119: [GC (Allocation Failure) [PSYoungGen: 414357K->184981K(465920K)] 1378388K->1204148K(1864192K), 0.0454840 secs] [Times: user=0.21 sys=0.00, real=0.05 secs] 
3455.332: [GC (Allocation Failure) [PSYoungGen: 417941K->104700K(465920K)] 1437108K->1193648K(1864192K), 0.0585941 secs] [Times: user=0.31 sys=0.00, real=0.06 secs] 
3456.074: [GC (Allocation Failure) [PSYoungGen: 337660K->176085K(465920K)] 1426608K->1299324K(1864192K), 0.0567667 secs] [Times: user=0.27 sys=0.00, real=0.05 secs] 
3456.257: [GC (GCLocker Initiated GC) [PSYoungGen: 409045K->183125K(465920K)] 1532286K->1361067K(1864192K), 0.0433369 secs] [Times: user=0.19 sys=0.00, real=0.04 secs] 
3456.447: [GC (Allocation Failure) [PSYoungGen: 416085K->184407K(465920K)] 1610543K->1434593K(1864192K), 0.1737238 secs] [Times: user=0.97 sys=0.00, real=0.17 secs] 
3457.561: [GC (Allocation Failure) [PSYoungGen: 417367K->151122K(465920K)] 1667553K->1459956K(1864192K), 0.1689418 secs] [Times: user=0.96 sys=0.00, real=0.17 secs] 
3458.469: [GC (Allocation Failure) [PSYoungGen: 384082K->121070K(465920K)] 1692916K->1477664K(1864192K), 0.1203072 secs] [Times: user=0.67 sys=0.00, real=0.12 secs] 
3458.589: [Full GC (Ergonomics) [PSYoungGen: 121070K->0K(465920K)] [ParOldGen: 1356594K->138586K(1398272K)] 1477664K->138586K(1864192K), [Metaspace: 60093K->60093K(1105920K)], 0.1473413 secs] [Times: user=0.67 sys=0.00, real=0.15 secs] 
3458.850: [GC (Allocation Failure) [PSYoungGen: 232960K->180021K(465920K)] 371546K->318607K(1864192K), 0.0262671 secs] [Times: user=0.10 sys=0.00, real=0.03 secs] 
3458.988: [GC (Allocation Failure) [PSYoungGen: 412981K->185911K(465920K)] 551567K->387121K(1864192K), 0.0476895 secs] [Times: user=0.22 sys=0.00, real=0.05 secs] 
3459.140: [GC (Allocation Failure) [PSYoungGen: 418871K->187605K(465920K)] 620081K->447999K(1864192K), 0.0565853 secs] [Times: user=0.28 sys=0.00, real=0.06 secs] 
3460.127: [GC (Allocation Failure) [PSYoungGen: 420565K->92331K(465920K)] 680959K->423497K(1864192K), 0.0441988 secs] [Times: user=0.23 sys=0.00, real=0.04 secs] 
3460.350: [GC (Allocation Failure) [PSYoungGen: 325291K->173268K(465920K)] 656457K->534296K(1864192K), 0.0476803 secs] [Times: user=0.21 sys=0.00, real=0.05 secs] 
3460.639: [GC (Allocation Failure) [PSYoungGen: 406228K->184982K(465920K)] 767256K->600325K(1864192K), 0.0501703 secs] [Times: user=0.24 sys=0.00, real=0.05 secs] 
3460.794: [GC (Allocation Failure) [PSYoungGen: 417942K->188117K(465920K)] 833285K->659552K(1864192K), 0.0459172 secs] [Times: user=0.21 sys=0.00, real=0.04 secs] 
3461.720: [GC (Allocation Failure) [PSYoungGen: 421077K->148626K(465920K)] 892512K->691042K(1864192K), 0.0509759 secs] [Times: user=0.25 sys=0.00, real=0.05 secs] 
3462.545: [GC (GCLocker Initiated GC) [PSYoungGen: 381586K->124815K(465920K)] 924003K->714307K(1864192K), 0.1261217 secs] [Times: user=0.70 sys=0.00, real=0.12 secs] 
3462.810: [GC (Allocation Failure) [PSYoungGen: 357775K->179669K(465920K)] 947398K->809189K(1864192K), 0.0375687 secs] [Times: user=0.16 sys=0.00, real=0.04 secs] 
3463.029: [GC (Allocation Failure) [PSYoungGen: 412629K->185047K(465920K)] 1042149K->877183K(1864192K), 0.0731455 secs] [Times: user=0.36 sys=0.00, real=0.07 secs] 
3463.258: [GC (Allocation Failure) [PSYoungGen: 418007K->187861K(465920K)] 1110143K->938629K(1864192K), 0.0580453 secs] [Times: user=0.28 sys=0.00, real=0.06 secs] 
3464.839: [GC (Allocation Failure) [PSYoungGen: 420821K->92523K(465920K)] 1171589K->914267K(1864192K), 0.1237021 secs] [Times: user=0.68 sys=0.00, real=0.13 secs] 
3465.703: [GC (Allocation Failure) [PSYoungGen: 325483K->175573K(465920K)] 1147227K->1027257K(1864192K), 0.0437087 secs] [Times: user=0.18 sys=0.00, real=0.04 secs] 
3465.871: [GC (Allocation Failure) [PSYoungGen: 408533K->185014K(465920K)] 1260217K->1091242K(1864192K), 0.0439194 secs] [Times: user=0.20 sys=0.00, real=0.05 secs] 
3466.044: [GC (Allocation Failure) [PSYoungGen: 417974K->188181K(465920K)] 1324202K->1150529K(1864192K), 0.0503002 secs] [Times: user=0.24 sys=0.00, real=0.05 secs] 
3467.017: [GC (Allocation Failure) [PSYoungGen: 421141K->142929K(465920K)] 1383489K->1176310K(1864192K), 0.0508882 secs] [Times: user=0.26 sys=0.00, real=0.05 secs] 
3467.383: [GC (Allocation Failure) [PSYoungGen: 375889K->133712K(465920K)] 1409270K->1212332K(1864192K), 0.0932540 secs] [Times: user=0.50 sys=0.00, real=0.09 secs] 
3467.597: [GC (Allocation Failure) [PSYoungGen: 366672K->176340K(465920K)] 1445292K->1298142K(1864192K), 0.0392391 secs] [Times: user=0.17 sys=0.00, real=0.04 secs] 
3467.749: [GC (Allocation Failure) [PSYoungGen: 409300K->185239K(465920K)] 1531102K->1368408K(1864192K), 0.0497932 secs] [Times: user=0.23 sys=0.01, real=0.05 secs] 
3467.928: [GC (Allocation Failure) [PSYoungGen: 418199K->187477K(465920K)] 1601368K->1429478K(1864192K), 0.0677853 secs] [Times: user=0.34 sys=0.00, real=0.07 secs] 
3469.014: [GC (Allocation Failure) [PSYoungGen: 420437K->98875K(465920K)] 1662438K->1411541K(1864192K), 0.0599971 secs] [Times: user=0.33 sys=0.00, real=0.06 secs] 
3469.074: [Full GC (Ergonomics) [PSYoungGen: 98875K->0K(465920K)] [ParOldGen: 1312665K->101897K(1398272K)] 1411541K->101897K(1864192K), [Metaspace: 60093K->60093K(1105920K)], 0.0682027 secs] [Times: user=0.26 sys=0.00, real=0.07 secs] 
3469.449: [GC (Allocation Failure) [PSYoungGen: 232960K->176597K(465920K)] 334857K->278494K(1864192K), 0.0340089 secs] [Times: user=0.13 sys=0.00, real=0.04 secs] 
3469.685: [GC (Allocation Failure) [PSYoungGen: 409557K->182293K(465920K)] 511454K->339366K(1864192K), 0.0592084 secs] [Times: user=0.28 sys=0.00, real=0.06 secs] 
3469.921: [GC (Allocation Failure) [PSYoungGen: 415253K->187829K(465920K)] 572326K->400478K(1864192K), 0.0642148 secs] [Times: user=0.30 sys=0.00, real=0.07 secs] 
3470.922: [GC (Allocation Failure) [PSYoungGen: 420789K->134608K(465920K)] 633438K->418134K(1864192K), 0.0485421 secs] [Times: user=0.24 sys=0.00, real=0.05 secs] 
3471.829: [GC (Allocation Failure) [PSYoungGen: 364216K->140801K(465920K)] 647742K->467022K(1864192K), 0.1068077 secs] [Times: user=0.58 sys=0.00, real=0.11 secs] 
3472.070: [GC (Allocation Failure) [PSYoungGen: 373761K->180053K(465920K)] 699982K->551519K(1864192K), 0.0387170 secs] [Times: user=0.17 sys=0.00, real=0.04 secs] 
3472.246: [GC (Allocation Failure) [PSYoungGen: 413013K->183254K(465920K)] 784479K->617329K(1864192K), 0.0695941 secs] [Times: user=0.34 sys=0.00, real=0.07 secs] 
3473.461: [GC (Allocation Failure) [PSYoungGen: 416214K->182004K(465920K)] 850289K->674206K(1864192K), 0.1039946 secs] [Times: user=0.54 sys=0.00, real=0.11 secs] 
3474.539: [GC (Allocation Failure) [PSYoungGen: 414964K->99772K(465920K)] 907166K->660838K(1864192K), 0.0569634 secs] [Times: user=0.30 sys=0.00, real=0.06 secs] 
3474.971: [GC (Allocation Failure) [PSYoungGen: 332732K->178997K(465920K)] 893798K->772212K(1864192K), 0.0497720 secs] [Times: user=0.22 sys=0.00, real=0.05 secs] 
3475.159: [GC (GCLocker Initiated GC) [PSYoungGen: 411957K->182485K(465920K)] 1005173K->831405K(1864192K), 0.0427254 secs] [Times: user=0.19 sys=0.00, real=0.04 secs] 
3475.355: [GC (Allocation Failure) [PSYoungGen: 415445K->186773K(465920K)] 1064659K->891251K(1864192K), 0.0608312 secs] [Times: user=0.29 sys=0.01, real=0.06 secs] 
3476.558: [GC (Allocation Failure) [PSYoungGen: 419733K->127375K(465920K)] 1124211K->902374K(1864192K), 0.0482671 secs] [Times: user=0.24 sys=0.00, real=0.05 secs] 
3476.896: [GC (Allocation Failure) [PSYoungGen: 360335K->145009K(465920K)] 1135334K->960295K(1864192K), 0.0968966 secs] [Times: user=0.52 sys=0.00, real=0.10 secs] 
3477.160: [GC (Allocation Failure) [PSYoungGen: 377969K->180821K(465920K)] 1193255K->1041624K(1864192K), 0.0401592 secs] [Times: user=0.17 sys=0.01, real=0.04 secs] 
3477.312: [GC (Allocation Failure) [PSYoungGen: 413781K->182934K(465920K)] 1274584K->1106637K(1864192K), 0.0490266 secs] [Times: user=0.23 sys=0.00, real=0.05 secs] 
3477.516: [GC (Allocation Failure) [PSYoungGen: 415894K->187669K(465920K)] 1339597K->1169620K(1864192K), 0.0812159 secs] [Times: user=0.41 sys=0.00, real=0.08 secs] 
3479.450: [GC (Allocation Failure) [PSYoungGen: 420629K->94523K(465920K)] 1402580K->1147402K(1864192K), 0.1174421 secs] [Times: user=0.65 sys=0.00, real=0.12 secs] 
3479.856: [GC (Allocation Failure) [PSYoungGen: 327483K->180246K(465920K)] 1380362K->1263906K(1864192K), 0.0340793 secs] [Times: user=0.14 sys=0.00, real=0.03 secs] 
3480.000: [GC (Allocation Failure) [PSYoungGen: 413206K->182997K(465920K)] 1496866K->1322525K(1864192K), 0.0432662 secs] [Times: user=0.19 sys=0.00, real=0.05 secs] 
3480.151: [GC (Allocation Failure) [PSYoungGen: 415957K->187701K(465920K)] 1555485K->1383029K(1864192K), 0.0460273 secs] [Times: user=0.21 sys=0.00, real=0.05 secs] 
3481.245: [GC (Allocation Failure) [PSYoungGen: 420661K->121391K(465920K)] 1615989K->1387607K(1864192K), 0.0476797 secs] [Times: user=0.25 sys=0.00, real=0.05 secs] 
3481.536: [GC (Allocation Failure) [PSYoungGen: 354351K->151026K(465920K)] 1620567K->1455690K(1864192K), 0.0746604 secs] [Times: user=0.38 sys=0.01, real=0.07 secs] 
3481.764: [GC (Allocation Failure) [PSYoungGen: 383986K->185366K(465920K)] 1688650K->1537947K(1864192K), 0.0420842 secs] [Times: user=0.18 sys=0.00, real=0.04 secs] 
3481.806: [Full GC (Ergonomics) [PSYoungGen: 185366K->0K(465920K)] [ParOldGen: 1352581K->250356K(1398272K)] 1537947K->250356K(1864192K), [Metaspace: 60093K->60093K(1105920K)], 0.3018207 secs] [Times: user=1.39 sys=0.00, real=0.30 secs] 
3482.223: [GC (Allocation Failure) [PSYoungGen: 232960K->185399K(465920K)] 483316K->435755K(1864192K), 0.0867511 secs] [Times: user=0.45 sys=0.00, real=0.08 secs] 
3482.414: [GC (Allocation Failure) [PSYoungGen: 418359K->187093K(465920K)] 668715K->496410K(1864192K), 0.0561793 secs] [Times: user=0.27 sys=0.00, real=0.05 secs] 
3483.379: [GC (Allocation Failure) [PSYoungGen: 420053K->90362K(465920K)] 729370K->470091K(1864192K), 0.0408689 secs] [Times: user=0.21 sys=0.00, real=0.04 secs] 
3483.648: [GC (Allocation Failure) [PSYoungGen: 323322K->180053K(465920K)] 703051K->588931K(1864192K), 0.0483131 secs] [Times: user=0.21 sys=0.00, real=0.05 secs] 
3483.829: [GC (Allocation Failure) [PSYoungGen: 413013K->185558K(465920K)] 821891K->650675K(1864192K), 0.0436806 secs] [Times: user=0.19 sys=0.00, real=0.05 secs] 
3483.978: [GC (Allocation Failure) [PSYoungGen: 418518K->187669K(465920K)] 883635K->709251K(1864192K), 0.0460824 secs] [Times: user=0.21 sys=0.00, real=0.05 secs] 
3484.963: [GC (Allocation Failure) [PSYoungGen: 420629K->112605K(465920K)] 942211K->704891K(1864192K), 0.0463475 secs] [Times: user=0.23 sys=0.01, real=0.04 secs] 
3486.529: [GC (Allocation Failure) [PSYoungGen: 345565K->157491K(465920K)] 937851K->786321K(1864192K), 0.0859231 secs] [Times: user=0.45 sys=0.00, real=0.09 secs] 
3486.751: [GC (Allocation Failure) [PSYoungGen: 390451K->185302K(465920K)] 1019281K->862988K(1864192K), 0.0422047 secs] [Times: user=0.18 sys=0.00, real=0.05 secs] 
3487.202: [GC (Allocation Failure) [PSYoungGen: 418262K->185719K(465920K)] 1095948K->927845K(1864192K), 0.0768933 secs] [Times: user=0.38 sys=0.00, real=0.08 secs] 
3487.434: [GC (Allocation Failure) [PSYoungGen: 418679K->186645K(465920K)] 1160805K->987523K(1864192K), 0.0640977 secs] [Times: user=0.33 sys=0.00, real=0.06 secs] 
3488.739: [GC (Allocation Failure) [PSYoungGen: 419605K->88906K(465920K)] 1220483K->960129K(1864192K), 0.1008881 secs] [Times: user=0.55 sys=0.00, real=0.10 secs] 
3489.046: [GC (Allocation Failure) [PSYoungGen: 321866K->183062K(465920K)] 1193089K->1082921K(1864192K), 0.0354463 secs] [Times: user=0.15 sys=0.00, real=0.03 secs] 
3489.192: [GC (Allocation Failure) [PSYoungGen: 416022K->185654K(465920K)] 1315881K->1142289K(1864192K), 0.0454707 secs] [Times: user=0.21 sys=0.00, real=0.05 secs] 
3489.373: [GC (Allocation Failure) [PSYoungGen: 418614K->187061K(465920K)] 1375249K->1200224K(1864192K), 0.0513231 secs] [Times: user=0.24 sys=0.00, real=0.05 secs] 
3490.473: [GC (Allocation Failure) [PSYoungGen: 420021K->107277K(465920K)] 1433184K->1190976K(1864192K), 0.0512478 secs] [Times: user=0.21 sys=0.00, real=0.05 secs] 
3490.752: [GC (Allocation Failure) [PSYoungGen: 340237K->166164K(465920K)] 1423936K->1284440K(1864192K), 0.0758015 secs] [Times: user=0.37 sys=0.00, real=0.08 secs] 
3490.981: [GC (GCLocker Initiated GC) [PSYoungGen: 399124K->183669K(465920K)] 1517401K->1354007K(1864192K), 0.0443359 secs] [Times: user=0.20 sys=0.00, real=0.05 secs] 
3491.136: [GC (Allocation Failure) [PSYoungGen: 416629K->186295K(465920K)] 1587006K->1420648K(1864192K), 0.0511052 secs] [Times: user=0.24 sys=0.00, real=0.05 secs] 
3491.316: [GC (Allocation Failure) [PSYoungGen: 419255K->187477K(465920K)] 1653608K->1481022K(1864192K), 0.0615163 secs] [Times: user=0.31 sys=0.00, real=0.06 secs] 
3492.554: [GC (Allocation Failure) [PSYoungGen: 420437K->88538K(465920K)] 1713982K->1452779K(1864192K), 0.0696364 secs] [Times: user=0.38 sys=0.00, real=0.07 secs] 
3492.624: [Full GC (Ergonomics) [PSYoungGen: 88538K->0K(465920K)] [ParOldGen: 1364240K->105208K(1398272K)] 1452779K->105208K(1864192K), [Metaspace: 60093K->60093K(1105920K)], 0.1358768 secs] [Times: user=0.57 sys=0.00, real=0.13 secs] 
3492.957: [GC (Allocation Failure) [PSYoungGen: 232960K->183798K(465920K)] 338168K->289006K(1864192K), 0.0258568 secs] [Times: user=0.09 sys=0.00, real=0.03 secs] 
3493.134: [GC (Allocation Failure) [PSYoungGen: 416758K->185398K(465920K)] 521966K->347826K(1864192K), 0.0490746 secs] [Times: user=0.23 sys=0.00, real=0.05 secs] 
3493.296: [GC (Allocation Failure) [PSYoungGen: 418358K->184180K(465920K)] 580786K->402897K(1864192K), 0.0446952 secs] [Times: user=0.21 sys=0.00, real=0.04 secs] 
3494.900: [GC (Allocation Failure) [PSYoungGen: 417140K->104204K(465920K)] 635857K->392217K(1864192K), 0.0632296 secs] [Times: user=0.33 sys=0.00, real=0.07 secs] 
3495.698: [GC (Allocation Failure) [PSYoungGen: 337164K->168660K(465920K)] 625177K->490589K(1864192K), 0.0644800 secs] [Times: user=0.31 sys=0.00, real=0.07 secs] 
3495.955: [GC (GCLocker Initiated GC) [PSYoungGen: 401620K->183061K(465920K)] 723550K->557608K(1864192K), 0.0553652 secs] [Times: user=0.25 sys=0.00, real=0.05 secs] 
3496.132: [GC (Allocation Failure) [PSYoungGen: 416021K->185687K(465920K)] 790698K->624028K(1864192K), 0.0494245 secs] [Times: user=0.23 sys=0.00, real=0.05 secs] 
3496.377: [GC (Allocation Failure) [PSYoungGen: 418647K->219733K(465920K)] 856988K->717042K(1864192K), 0.0545621 secs] [Times: user=0.26 sys=0.00, real=0.05 secs] 
3497.356: [GC (Allocation Failure) [PSYoungGen: 452693K->91866K(465920K)] 950002K->658880K(1864192K), 0.0467774 secs] [Times: user=0.24 sys=0.00, real=0.05 secs] 
3497.571: [GC (Allocation Failure) [PSYoungGen: 324826K->183926K(465920K)] 891840K->780472K(1864192K), 0.0486445 secs] [Times: user=0.21 sys=0.00, real=0.05 secs] 
3497.758: [GC (Allocation Failure) [PSYoungGen: 416886K->185334K(465920K)] 1013432K->838880K(1864192K), 0.0434205 secs] [Times: user=0.20 sys=0.00, real=0.04 secs] 
3497.930: [GC (Allocation Failure) [PSYoungGen: 418294K->187509K(465920K)] 1071840K->897375K(1864192K), 0.0598816 secs] [Times: user=0.29 sys=0.00, real=0.06 secs] 
3498.952: [GC (Allocation Failure) [PSYoungGen: 420469K->96299K(465920K)] 1130335K->876885K(1864192K), 0.0516434 secs] [Times: user=0.28 sys=0.01, real=0.06 secs] 
3499.311: [GC (Allocation Failure) [PSYoungGen: 329259K->173749K(465920K)] 1109845K->985360K(1864192K), 0.0677486 secs] [Times: user=0.32 sys=0.00, real=0.07 secs] 
3499.528: [GC (Allocation Failure) [PSYoungGen: 406709K->185334K(465920K)] 1218320K->1051261K(1864192K), 0.0430867 secs] [Times: user=0.20 sys=0.00, real=0.04 secs] 
3499.715: [GC (Allocation Failure) [PSYoungGen: 418294K->185719K(465920K)] 1284221K->1115934K(1864192K), 0.0549040 secs] [Times: user=0.26 sys=0.00, real=0.05 secs] 
3500.569: [GC (Allocation Failure) [PSYoungGen: 417174K->211507K(465920K)] 1347389K->1200890K(1864192K), 0.0566319 secs] [Times: user=0.28 sys=0.00, real=0.06 secs] 
3502.207: [GC (Allocation Failure) [PSYoungGen: 444467K->98571K(465920K)] 1433850K->1154658K(1864192K), 0.1058106 secs] [Times: user=0.57 sys=0.00, real=0.11 secs] 
3502.504: [GC (Allocation Failure) [PSYoungGen: 331531K->184022K(465920K)] 1387618K->1272514K(1864192K), 0.0355684 secs] [Times: user=0.15 sys=0.00, real=0.03 secs] 
3502.649: [GC (Allocation Failure) [PSYoungGen: 416982K->182645K(465920K)] 1505474K->1328025K(1864192K), 0.0442777 secs] [Times: user=0.20 sys=0.00, real=0.05 secs] 
3502.883: [GC (Allocation Failure) [PSYoungGen: 415605K->187349K(465920K)] 1560985K->1388441K(1864192K), 0.0608367 secs] [Times: user=0.29 sys=0.00, real=0.06 secs] 
3503.955: [GC (Allocation Failure) [PSYoungGen: 420309K->101340K(465920K)] 1621401K->1373072K(1864192K), 0.0484201 secs] [Times: user=0.25 sys=0.00, real=0.05 secs] 
3504.228: [GC (Allocation Failure) [PSYoungGen: 334300K->176181K(465920K)] 1606032K->1481254K(1864192K), 0.0399680 secs] [Times: user=0.18 sys=0.00, real=0.04 secs] 
3504.378: [GC (Allocation Failure) [PSYoungGen: 409141K->185174K(465920K)] 1714214K->1545023K(1864192K), 0.0433989 secs] [Times: user=0.20 sys=0.00, real=0.04 secs] 
3504.421: [Full GC (Ergonomics) [PSYoungGen: 185174K->0K(465920K)] [ParOldGen: 1359848K->264157K(1398272K)] 1545023K->264157K(1864192K), [Metaspace: 60093K->60093K(1105920K)], 0.3298701 secs] [Times: user=1.50 sys=0.00, real=0.33 secs] 
3504.864: [GC (Allocation Failure) [PSYoungGen: 231546K->180854K(465920K)] 495703K->445011K(1864192K), 0.0851981 secs] [Times: user=0.45 sys=0.00, real=0.08 secs] 
3505.818: [GC (Allocation Failure) [PSYoungGen: 413814K->168915K(465920K)] 677971K->490520K(1864192K), 0.0551243 secs] [Times: user=0.27 sys=0.00, real=0.06 secs] 
3506.170: [GC (Allocation Failure) [PSYoungGen: 401875K->110365K(465920K)] 723480K->496690K(1864192K), 0.0472065 secs] [Times: user=0.24 sys=0.01, real=0.05 secs] 
3506.326: [GC (Allocation Failure) [PSYoungGen: 337187K->174325K(465920K)] 723513K->595755K(1864192K), 0.0346681 secs] [Times: user=0.14 sys=0.01, real=0.03 secs] 
3506.478: [GC (Allocation Failure) [PSYoungGen: 407285K->185238K(465920K)] 828715K->660876K(1864192K), 0.0430149 secs] [Times: user=0.19 sys=0.01, real=0.04 secs] 
3506.650: [GC (Allocation Failure) [PSYoungGen: 418198K->187765K(465920K)] 893836K->719403K(1864192K), 0.0500901 secs] [Times: user=0.24 sys=0.00, real=0.05 secs] 
3507.968: [GC (Allocation Failure) [PSYoungGen: 420725K->98619K(465920K)] 952363K->701094K(1864192K), 0.0964928 secs] [Times: user=0.53 sys=0.01, real=0.10 secs] 
3508.964: [GC (Allocation Failure) [PSYoungGen: 331579K->173301K(465920K)] 934054K->807911K(1864192K), 0.0594537 secs] [Times: user=0.29 sys=0.00, real=0.06 secs] 
3509.147: [GC (Allocation Failure) [PSYoungGen: 406261K->183349K(465920K)] 1040871K->872288K(1864192K), 0.0424280 secs] [Times: user=0.19 sys=0.00, real=0.04 secs] 
3509.300: [GC (Allocation Failure) [PSYoungGen: 416309K->182838K(465920K)] 1105248K->935657K(1864192K), 0.0494413 secs] [Times: user=0.23 sys=0.00, real=0.05 secs] 
3511.017: [GC (Allocation Failure) [PSYoungGen: 410768K->208595K(465920K)] 1163587K->1019254K(1864192K), 0.0566329 secs] [Times: user=0.28 sys=0.00, real=0.06 secs] 
3511.627: [GC (Allocation Failure) [PSYoungGen: 441555K->104716K(465920K)] 1252214K->980951K(1864192K), 0.0775099 secs] [Times: user=0.41 sys=0.00, real=0.08 secs] 
3511.889: [GC (Allocation Failure) [PSYoungGen: 332907K->177973K(465920K)] 1209142K->1087553K(1864192K), 0.0350750 secs] [Times: user=0.15 sys=0.00, real=0.04 secs] 
3512.032: [GC (Allocation Failure) [PSYoungGen: 410933K->183157K(465920K)] 1320513K->1148069K(1864192K), 0.0431586 secs] [Times: user=0.20 sys=0.00, real=0.05 secs] 
3512.183: [GC (Allocation Failure) [PSYoungGen: 416117K->187253K(465920K)] 1381029K->1207964K(1864192K), 0.0451125 secs] [Times: user=0.21 sys=0.00, real=0.04 secs] 
3513.214: [GC (Allocation Failure) [PSYoungGen: 420213K->99724K(465920K)] 1440924K->1190987K(1864192K), 0.0468919 secs] [Times: user=0.25 sys=0.00, real=0.04 secs] 
3513.620: [GC (Allocation Failure) [PSYoungGen: 332684K->173044K(465920K)] 1423947K->1296121K(1864192K), 0.0627472 secs] [Times: user=0.30 sys=0.00, real=0.07 secs] 
3513.821: [GC (Allocation Failure) [PSYoungGen: 406004K->182165K(465920K)] 1529081K->1359870K(1864192K), 0.0426322 secs] [Times: user=0.20 sys=0.00, real=0.05 secs] 
3514.017: [GC (Allocation Failure) [PSYoungGen: 415125K->186007K(465920K)] 1592830K->1426967K(1864192K), 0.0692613 secs] [Times: user=0.34 sys=0.00, real=0.07 secs] 
3514.855: [GC (Allocation Failure) [PSYoungGen: 416933K->208947K(465920K)] 1657894K->1509012K(1864192K), 0.0564393 secs] [Times: user=0.29 sys=0.00, real=0.05 secs] 
3516.053: [GC (Allocation Failure) [PSYoungGen: 441907K->101100K(465920K)] 1741972K->1466796K(1864192K), 0.1116857 secs] [Times: user=0.62 sys=0.00, real=0.11 secs] 
3516.165: [Full GC (Ergonomics) [PSYoungGen: 101100K->0K(465920K)] [ParOldGen: 1365696K->118666K(1398272K)] 1466796K->118666K(1864192K), [Metaspace: 60095K->60095K(1105920K)], 0.1835815 secs] [Times: user=0.82 sys=0.00, real=0.18 secs] 
3516.490: [GC (Allocation Failure) [PSYoungGen: 232960K->181622K(465920K)] 351626K->300288K(1864192K), 0.0253244 secs] [Times: user=0.08 sys=0.00, real=0.03 secs] 
3516.625: [GC (Allocation Failure) [PSYoungGen: 414582K->185206K(465920K)] 533248K->360240K(1864192K), 0.0416812 secs] [Times: user=0.18 sys=0.00, real=0.04 secs] 
3516.796: [GC (Allocation Failure) [PSYoungGen: 418166K->187573K(465920K)] 593200K->418831K(1864192K), 0.0495339 secs] [Times: user=0.24 sys=0.00, real=0.05 secs] 
3518.160: [GC (Allocation Failure) [PSYoungGen: 420533K->102796K(465920K)] 651791K->404687K(1864192K), 0.1070916 secs] [Times: user=0.59 sys=0.00, real=0.11 secs] 
3519.493: [GC (Allocation Failure) [PSYoungGen: 335756K->167156K(465920K)] 637647K->502543K(1864192K), 0.0560797 secs] [Times: user=0.26 sys=0.00, real=0.05 secs] 
3519.677: [GC (Allocation Failure) [PSYoungGen: 400116K->185526K(465920K)] 735503K->572825K(1864192K), 0.0422858 secs] [Times: user=0.19 sys=0.00, real=0.04 secs] 
3519.830: [GC (Allocation Failure) [PSYoungGen: 418486K->184663K(465920K)] 805785K->636546K(1864192K), 0.0495044 secs] [Times: user=0.23 sys=0.00, real=0.05 secs] 
3520.755: [GC (Allocation Failure) [PSYoungGen: 417623K->169075K(465920K)] 869506K->679814K(1864192K), 0.0553474 secs] [Times: user=0.28 sys=0.00, real=0.05 secs] 
3521.144: [GC (Allocation Failure) [PSYoungGen: 402035K->109212K(465920K)] 912774K->684608K(1864192K), 0.0438445 secs] [Times: user=0.22 sys=0.01, real=0.04 secs] 
3521.302: [GC (Allocation Failure) [PSYoungGen: 342172K->179509K(465920K)] 917568K->790537K(1864192K), 0.0406132 secs] [Times: user=0.18 sys=0.00, real=0.05 secs] 
3521.484: [GC (Allocation Failure) [PSYoungGen: 412469K->182262K(465920K)] 1023497K->856082K(1864192K), 0.0498043 secs] [Times: user=0.23 sys=0.01, real=0.05 secs] 
3521.663: [GC (Allocation Failure) [PSYoungGen: 415222K->187221K(465920K)] 1089042K->918857K(1864192K), 0.0628431 secs] [Times: user=0.32 sys=0.00, real=0.06 secs] 
3522.661: [GC (GCLocker Initiated GC) [PSYoungGen: 420181K->103660K(465920K)] 1151817K->905960K(1864192K), 0.0478103 secs] [Times: user=0.25 sys=0.00, real=0.05 secs] 
3522.987: [GC (Allocation Failure) [PSYoungGen: 336620K->177461K(465920K)] 1139087K->1013560K(1864192K), 0.0486685 secs] [Times: user=0.22 sys=0.00, real=0.05 secs] 
3523.150: [GC (Allocation Failure) [PSYoungGen: 410421K->184630K(465920K)] 1246520K->1074769K(1864192K), 0.0435871 secs] [Times: user=0.19 sys=0.00, real=0.05 secs] 
3523.300: [GC (Allocation Failure) [PSYoungGen: 411788K->175029K(465920K)] 1301928K->1129377K(1864192K), 0.0487925 secs] [Times: user=0.23 sys=0.00, real=0.05 secs] 
3524.305: [GC (Allocation Failure) [PSYoungGen: 407989K->168467K(401920K)] 1362337K->1178182K(1800192K), 0.0542512 secs] [Times: user=0.27 sys=0.00, real=0.05 secs] 
3525.222: [GC (GCLocker Initiated GC) [PSYoungGen: 401427K->111613K(462848K)] 1411143K->1185922K(1861120K), 0.0873703 secs] [Times: user=0.47 sys=0.00, real=0.09 secs] 
3525.514: [GC (Allocation Failure) [PSYoungGen: 343037K->179061K(464384K)] 1417512K->1289889K(1862656K), 0.0450263 secs] [Times: user=0.21 sys=0.00, real=0.04 secs] 
3525.696: [GC (Allocation Failure) [PSYoungGen: 410485K->183958K(465920K)] 1521313K->1357026K(1864192K), 0.0660856 secs] [Times: user=0.33 sys=0.00, real=0.06 secs] 
3525.907: [GC (Allocation Failure) [PSYoungGen: 416918K->186741K(465920K)] 1589986K->1418249K(1864192K), 0.0857903 secs] [Times: user=0.44 sys=0.00, real=0.09 secs] 
3527.486: [GC (Allocation Failure) [PSYoungGen: 419701K->96443K(465920K)] 1651209K->1398431K(1864192K), 0.0491244 secs] [Times: user=0.26 sys=0.00, real=0.05 secs] 
3527.972: [GC (Allocation Failure) [PSYoungGen: 329403K->172276K(465920K)] 1631391K->1505197K(1864192K), 0.0581207 secs] [Times: user=0.28 sys=0.00, real=0.06 secs] 
3528.030: [Full GC (Ergonomics) [PSYoungGen: 172276K->0K(465920K)] [ParOldGen: 1332920K->199570K(1398272K)] 1505197K->199570K(1864192K), [Metaspace: 60099K->60099K(1105920K)], 0.2233740 secs] [Times: user=1.01 sys=0.00, real=0.23 secs] 
3528.368: [GC (Allocation Failure) [PSYoungGen: 232960K->185686K(465920K)] 432530K->385256K(1864192K), 0.0322662 secs] [Times: user=0.13 sys=0.00, real=0.03 secs] 
3528.504: [GC (Allocation Failure) [PSYoungGen: 410332K->176310K(465920K)] 609902K->440304K(1864192K), 0.0430699 secs] [Times: user=0.19 sys=0.00, real=0.04 secs] 
3529.321: [GC (Allocation Failure) [PSYoungGen: 407576K->205139K(465920K)] 671571K->525197K(1864192K), 0.0528017 secs] [Times: user=0.26 sys=0.00, real=0.06 secs] 
3529.776: [GC (Allocation Failure) [PSYoungGen: 438099K->105708K(465920K)] 758157K->490154K(1864192K), 0.0569771 secs] [Times: user=0.30 sys=0.00, real=0.06 secs] 
3529.959: [GC (Allocation Failure) [PSYoungGen: 331485K->177141K(465920K)] 715931K->595148K(1864192K), 0.0345136 secs] [Times: user=0.15 sys=0.00, real=0.04 secs] 
3530.127: [GC (Allocation Failure) [PSYoungGen: 410101K->185718K(465920K)] 828108K->658909K(1864192K), 0.0480739 secs] [Times: user=0.23 sys=0.00, real=0.05 secs] 
3530.307: [GC (Allocation Failure) [PSYoungGen: 418678K->187285K(465920K)] 891869K->716772K(1864192K), 0.0482116 secs] [Times: user=0.23 sys=0.00, real=0.05 secs] 
3531.729: [GC (Allocation Failure) [PSYoungGen: 420245K->96331K(465920K)] 949732K->696562K(1864192K), 0.1037950 secs] [Times: user=0.57 sys=0.00, real=0.11 secs] 
3533.120: [GC (Allocation Failure) [PSYoungGen: 329291K->172692K(465920K)] 929522K->803949K(1864192K), 0.0573882 secs] [Times: user=0.27 sys=0.00, real=0.06 secs] 
3533.310: [GC (Allocation Failure) [PSYoungGen: 405652K->182773K(465920K)] 1036909K->867741K(1864192K), 0.0419640 secs] [Times: user=0.19 sys=0.00, real=0.04 secs] 
3533.502: [GC (Allocation Failure) [PSYoungGen: 415733K->186103K(465920K)] 1100701K->935175K(1864192K), 0.0739267 secs] [Times: user=0.37 sys=0.00, real=0.08 secs] 
3534.638: [GC (Allocation Failure) [PSYoungGen: 414239K->208083K(465920K)] 1163312K->1016115K(1864192K), 0.0557665 secs] [Times: user=0.28 sys=0.00, real=0.06 secs] 
3535.237: [GC (Allocation Failure) [PSYoungGen: 441043K->101340K(465920K)] 1249075K->974748K(1864192K), 0.0798410 secs] [Times: user=0.43 sys=0.00, real=0.08 secs] 
3535.524: [GC (Allocation Failure) [PSYoungGen: 331606K->180758K(465920K)] 1205014K->1086807K(1864192K), 0.0401916 secs] [Times: user=0.18 sys=0.00, real=0.04 secs] 
3535.697: [GC (Allocation Failure) [PSYoungGen: 413718K->185494K(465920K)] 1319767K->1147783K(1864192K), 0.0485185 secs] [Times: user=0.23 sys=0.00, real=0.05 secs] 
3535.877: [GC (Allocation Failure) [PSYoungGen: 418454K->187125K(465920K)] 1380743K->1205734K(1864192K), 0.0516101 secs] [Times: user=0.25 sys=0.00, real=0.05 secs] 
3536.883: [GC (Allocation Failure) [PSYoungGen: 420085K->95579K(465920K)] 1438694K->1184724K(1864192K), 0.0546165 secs] [Times: user=0.28 sys=0.02, real=0.05 secs] 
3537.243: [GC (Allocation Failure) [PSYoungGen: 328539K->173973K(465920K)] 1417684K->1294099K(1864192K), 0.0610991 secs] [Times: user=0.29 sys=0.00, real=0.06 secs] 
3537.443: [GC (Allocation Failure) [PSYoungGen: 406866K->185302K(465920K)] 1526992K->1359900K(1864192K), 0.0439351 secs] [Times: user=0.20 sys=0.00, real=0.04 secs] 
3537.621: [GC (Allocation Failure) [PSYoungGen: 418262K->186007K(465920K)] 1592860K->1425117K(1864192K), 0.0566425 secs] [Times: user=0.28 sys=0.00, real=0.06 secs] 
3538.550: [GC (Allocation Failure) [PSYoungGen: 418967K->168595K(465920K)] 1658077K->1466801K(1864192K), 0.0561005 secs] [Times: user=0.28 sys=0.00, real=0.06 secs] 
3540.166: [GC (Allocation Failure) [PSYoungGen: 401555K->105708K(465920K)] 1699761K->1468370K(1864192K), 0.0790281 secs] [Times: user=0.42 sys=0.00, real=0.08 secs] 
3540.245: [Full GC (Ergonomics) [PSYoungGen: 105708K->0K(465920K)] [ParOldGen: 1362662K->123340K(1398272K)] 1468370K->123340K(1864192K), [Metaspace: 60107K->60107K(1105920K)], 0.1690175 secs] [Times: user=0.75 sys=0.00, real=0.17 secs] 
3540.542: [GC (Allocation Failure) [PSYoungGen: 227403K->176949K(465920K)] 350743K->300289K(1864192K), 0.0245264 secs] [Times: user=0.08 sys=0.00, real=0.03 secs] 
3540.718: [GC (Allocation Failure) [PSYoungGen: 409909K->185558K(465920K)] 533249K->363958K(1864192K), 0.0613977 secs] [Times: user=0.29 sys=0.00, real=0.06 secs] 
3541.343: [GC (Allocation Failure) [PSYoungGen: 418518K->183828K(465920K)] 596918K->418397K(1864192K), 0.1137256 secs] [Times: user=0.59 sys=0.00, real=0.11 secs] 
3542.891: [GC (Allocation Failure) [PSYoungGen: 416788K->101436K(465920K)] 651357K->405564K(1864192K), 0.0461671 secs] [Times: user=0.24 sys=0.00, real=0.05 secs] 
3543.186: [GC (Allocation Failure) [PSYoungGen: 334396K->173621K(465920K)] 638524K->510374K(1864192K), 0.0615988 secs] [Times: user=0.29 sys=0.00, real=0.06 secs] 
3543.384: [GC (Allocation Failure) [PSYoungGen: 406581K->181941K(465920K)] 743334K->573218K(1864192K), 0.0429558 secs] [Times: user=0.19 sys=0.01, real=0.04 secs] 
3543.571: [GC (Allocation Failure) [PSYoungGen: 414901K->182230K(465920K)] 806178K->644947K(1864192K), 0.0657142 secs] [Times: user=0.33 sys=0.00, real=0.07 secs] 
3544.455: [GC (Allocation Failure) [PSYoungGen: 415190K->174579K(465920K)] 877907K->694984K(1864192K), 0.0581902 secs] [Times: user=0.29 sys=0.01, real=0.06 secs] 
3544.824: [GC (Allocation Failure) [PSYoungGen: 407539K->109501K(465920K)] 927944K->696522K(1864192K), 0.0606483 secs] [Times: user=0.31 sys=0.00, real=0.06 secs] 
3545.070: [GC (Allocation Failure) [PSYoungGen: 338391K->173365K(465920K)] 925412K->795267K(1864192K), 0.0451810 secs] [Times: user=0.19 sys=0.01, real=0.05 secs] 
3545.259: [GC (Allocation Failure) [PSYoungGen: 406325K->182677K(465920K)] 1028227K->858463K(1864192K), 0.0498446 secs] [Times: user=0.24 sys=0.00, real=0.05 secs] 
3545.434: [GC (Allocation Failure) [PSYoungGen: 415637K->184372K(465920K)] 1091423K->915343K(1864192K), 0.0451677 secs] [Times: user=0.21 sys=0.00, real=0.04 secs] 
3546.548: [GC (Allocation Failure) [PSYoungGen: 417332K->105660K(465920K)] 1148303K->906183K(1864192K), 0.0597830 secs] [Times: user=0.31 sys=0.00, real=0.06 secs] 
3547.207: [GC (Allocation Failure) [PSYoungGen: 338620K->173333K(465920K)] 1139143K->1008179K(1864192K), 0.0621299 secs] [Times: user=0.30 sys=0.00, real=0.06 secs] 
3547.446: [GC (Allocation Failure) [PSYoungGen: 406293K->185462K(465920K)] 1241139K->1074460K(1864192K), 0.0619032 secs] [Times: user=0.29 sys=0.01, real=0.06 secs] 
3547.683: [GC (Allocation Failure) [PSYoungGen: 416200K->182262K(465920K)] 1305198K->1135773K(1864192K), 0.0729467 secs] [Times: user=0.36 sys=0.00, real=0.07 secs] 
3550.035: [GC (Allocation Failure) [PSYoungGen: 411649K->205587K(465920K)] 1365159K->1217153K(1864192K), 0.0552506 secs] [Times: user=0.28 sys=0.00, real=0.05 secs] 
3550.842: [GC (Allocation Failure) [PSYoungGen: 438547K->101292K(465920K)] 1450113K->1177426K(1864192K), 0.1006438 secs] [Times: user=0.54 sys=0.00, real=0.11 secs] 
3551.127: [GC (Allocation Failure) [PSYoungGen: 333277K->181526K(465920K)] 1409411K->1290265K(1864192K), 0.0362744 secs] [Times: user=0.15 sys=0.00, real=0.04 secs] 
3551.282: [GC (Allocation Failure) [PSYoungGen: 414486K->184213K(465920K)] 1523225K->1349229K(1864192K), 0.0452420 secs] [Times: user=0.20 sys=0.00, real=0.05 secs] 
3551.464: [GC (GCLocker Initiated GC) [PSYoungGen: 417173K->183988K(465920K)] 1582189K->1404932K(1864192K), 0.0615103 secs] [Times: user=0.30 sys=0.00, real=0.06 secs] 
3552.863: [GC (Allocation Failure) [PSYoungGen: 416948K->99996K(465920K)] 1637894K->1390301K(1864192K), 0.0463620 secs] [Times: user=0.24 sys=0.00, real=0.04 secs] 
3553.243: [GC (GCLocker Initiated GC) [PSYoungGen: 332956K->168852K(465920K)] 1623262K->1491515K(1864192K), 0.0684011 secs] [Times: user=0.33 sys=0.00, real=0.06 secs] 
3553.311: [Full GC (Ergonomics) [PSYoungGen: 168852K->0K(465920K)] [ParOldGen: 1322663K->192886K(1398272K)] 1491515K->192886K(1864192K), [Metaspace: 60114K->60114K(1105920K)], 0.2005448 secs] [Times: user=0.92 sys=0.00, real=0.20 secs] 
3553.624: [GC (Allocation Failure) [PSYoungGen: 232960K->185718K(465920K)] 426012K->378771K(1864192K), 0.0326552 secs] [Times: user=0.13 sys=0.00, real=0.03 secs] 
3553.766: [GC (Allocation Failure) [PSYoungGen: 418678K->183542K(465920K)] 611731K->441059K(1864192K), 0.0440360 secs] [Times: user=0.20 sys=0.00, real=0.04 secs] 
3554.567: [GC (Allocation Failure) [PSYoungGen: 415792K->213107K(465920K)] 673309K->528784K(1864192K), 0.0547072 secs] [Times: user=0.27 sys=0.00, real=0.05 secs] 
3555.946: [GC (GCLocker Initiated GC) [PSYoungGen: 446067K->99547K(465920K)] 761744K->482256K(1864192K), 0.0977291 secs] [Times: user=0.53 sys=0.00, real=0.10 secs] 
3556.227: [GC (Allocation Failure) [PSYoungGen: 332507K->180982K(465920K)] 715219K->595546K(1864192K), 0.0346071 secs] [Times: user=0.14 sys=0.00, real=0.03 secs] 
3556.373: [GC (Allocation Failure) [PSYoungGen: 413942K->185430K(465920K)] 828506K->656491K(1864192K), 0.0435482 secs] [Times: user=0.20 sys=0.00, real=0.04 secs] 
3556.525: [GC (Allocation Failure) [PSYoungGen: 418390K->187509K(465920K)] 889451K->714626K(1864192K), 0.0454814 secs] [Times: user=0.21 sys=0.00, real=0.04 secs] 
3557.510: [GC (Allocation Failure) [PSYoungGen: 420469K->101324K(465920K)] 947586K->699117K(1864192K), 0.0442283 secs] [Times: user=0.23 sys=0.00, real=0.05 secs] 
3557.804: [GC (Allocation Failure) [PSYoungGen: 334284K->176757K(465920K)] 932077K->807794K(1864192K), 0.0432511 secs] [Times: user=0.19 sys=0.00, real=0.04 secs] 
3557.978: [GC (GCLocker Initiated GC) [PSYoungGen: 409717K->183221K(465920K)] 1040755K->868971K(1864192K), 0.0483250 secs] [Times: user=0.22 sys=0.00, real=0.05 secs] 
3558.139: [GC (Allocation Failure) [PSYoungGen: 416181K->184183K(465920K)] 1118354K->942483K(1864192K), 0.1608103 secs] [Times: user=0.90 sys=0.00, real=0.16 secs] 
3559.246: [GC (Allocation Failure) [PSYoungGen: 417143K->149138K(465920K)] 1175443K->965959K(1864192K), 0.1684851 secs] [Times: user=0.96 sys=0.00, real=0.17 secs] 
3559.695: [GC (Allocation Failure) [PSYoungGen: 382098K->123006K(465920K)] 1198919K->987099K(1864192K), 0.0787721 secs] [Times: user=0.43 sys=0.00, real=0.08 secs] 
3559.943: [GC (Allocation Failure) [PSYoungGen: 355966K->179765K(465920K)] 1220059K->1082975K(1864192K), 0.0491388 secs] [Times: user=0.22 sys=0.00, real=0.04 secs] 
3560.106: [GC (Allocation Failure) [PSYoungGen: 412725K->186135K(465920K)] 1315935K->1152240K(1864192K), 0.0500160 secs] [Times: user=0.22 sys=0.00, real=0.05 secs] 
3560.261: [GC (Allocation Failure) [PSYoungGen: 419095K->187381K(465920K)] 1385200K->1212575K(1864192K), 0.0578950 secs] [Times: user=0.28 sys=0.00, real=0.06 secs] 
3561.667: [GC (Allocation Failure) [PSYoungGen: 420341K->90938K(465920K)] 1445535K->1186900K(1864192K), 0.1152780 secs] [Times: user=0.64 sys=0.00, real=0.12 secs] 
3562.224: [GC (Allocation Failure) [PSYoungGen: 323898K->178933K(465920K)] 1419860K->1304783K(1864192K), 0.0490703 secs] [Times: user=0.18 sys=0.00, real=0.05 secs] 
3562.435: [GC (Allocation Failure) [PSYoungGen: 411893K->185398K(465920K)] 1537743K->1366728K(1864192K), 0.0604935 secs] [Times: user=0.29 sys=0.00, real=0.06 secs] 
3562.672: [GC (Allocation Failure) [PSYoungGen: 418358K->184500K(465920K)] 1599688K->1422038K(1864192K), 0.0544827 secs] [Times: user=0.27 sys=0.00, real=0.06 secs] 
3564.034: [GC (Allocation Failure) [PSYoungGen: 417460K->145970K(465920K)] 1654998K->1452932K(1864192K), 0.0510410 secs] [Times: user=0.25 sys=0.00, real=0.05 secs] 
3565.115: [GC (Allocation Failure) [PSYoungGen: 378930K->129359K(465920K)] 1685892K->1482705K(1864192K), 0.1371039 secs] [Times: user=0.76 sys=0.00, real=0.14 secs] 
3565.253: [Full GC (Ergonomics) [PSYoungGen: 129359K->0K(465920K)] [ParOldGen: 1353346K->147035K(1398272K)] 1482705K->147035K(1864192K), [Metaspace: 60115K->60115K(1105920K)], 0.1502959 secs] [Times: user=0.68 sys=0.00, real=0.15 secs] 
3565.517: [GC (Allocation Failure) [PSYoungGen: 232960K->179861K(465920K)] 379995K->326896K(1864192K), 0.0262386 secs] [Times: user=0.09 sys=0.00, real=0.03 secs] 
3565.653: [GC (Allocation Failure) [PSYoungGen: 412821K->186135K(465920K)] 559856K->396014K(1864192K), 0.0484138 secs] [Times: user=0.23 sys=0.00, real=0.04 secs] 
3565.827: [GC (Allocation Failure) [PSYoungGen: 419095K->184084K(465920K)] 628974K->452924K(1864192K), 0.0591722 secs] [Times: user=0.28 sys=0.01, real=0.06 secs] 
3566.815: [GC (Allocation Failure) [PSYoungGen: 417044K->94939K(465920K)] 685884K->433306K(1864192K), 0.0425378 secs] [Times: user=0.22 sys=0.00, real=0.04 secs] 
3567.130: [GC (Allocation Failure) [PSYoungGen: 327899K->183605K(465920K)] 666266K->552806K(1864192K), 0.0563478 secs] [Times: user=0.24 sys=0.00, real=0.06 secs] 
3567.342: [GC (Allocation Failure) [PSYoungGen: 416565K->185174K(465920K)] 785766K->610374K(1864192K), 0.0436460 secs] [Times: user=0.20 sys=0.00, real=0.05 secs] 
3567.493: [GC (Allocation Failure) [PSYoungGen: 418134K->187413K(465920K)] 843334K->668749K(1864192K), 0.0454617 secs] [Times: user=0.21 sys=0.00, real=0.04 secs] 
3568.444: [GC (Allocation Failure) [PSYoungGen: 420373K->134480K(465920K)] 901709K->686465K(1864192K), 0.0491852 secs] [Times: user=0.24 sys=0.00, real=0.05 secs] 
3569.446: [GC (Allocation Failure) [PSYoungGen: 367440K->137840K(465920K)] 919425K->732609K(1864192K), 0.0793371 secs] [Times: user=0.43 sys=0.00, real=0.08 secs] 
3569.638: [GC (Allocation Failure) [PSYoungGen: 370800K->179893K(465920K)] 965569K->819382K(1864192K), 0.0390325 secs] [Times: user=0.17 sys=0.00, real=0.04 secs] 
3569.788: [GC (Allocation Failure) [PSYoungGen: 412853K->182934K(465920K)] 1052342K->885060K(1864192K), 0.0504956 secs] [Times: user=0.24 sys=0.00, real=0.05 secs] 
3569.969: [GC (Allocation Failure) [PSYoungGen: 415894K->187829K(465920K)] 1118020K->948306K(1864192K), 0.0740299 secs] [Times: user=0.38 sys=0.00, real=0.08 secs] 
3572.232: [GC (Allocation Failure) [PSYoungGen: 420789K->94139K(465920K)] 1181266K->925360K(1864192K), 0.1228778 secs] [Times: user=0.68 sys=0.01, real=0.13 secs] 
3572.913: [GC (Allocation Failure) [PSYoungGen: 327099K->176213K(465920K)] 1158320K->1037759K(1864192K), 0.0430904 secs] [Times: user=0.18 sys=0.01, real=0.04 secs] 
3573.149: [GC (Allocation Failure) [PSYoungGen: 409173K->184534K(465920K)] 1270719K->1100688K(1864192K), 0.0609806 secs] [Times: user=0.29 sys=0.00, real=0.06 secs] 
3573.331: [GC (Allocation Failure) [PSYoungGen: 417494K->188053K(465920K)] 1333648K->1160255K(1864192K), 0.0462045 secs] [Times: user=0.21 sys=0.00, real=0.05 secs] 
3574.306: [GC (Allocation Failure) [PSYoungGen: 421013K->129712K(465920K)] 1393215K->1172770K(1864192K), 0.0490026 secs] [Times: user=0.24 sys=0.00, real=0.05 secs] 
3574.633: [GC (Allocation Failure) [PSYoungGen: 362672K->147441K(465920K)] 1405730K->1231756K(1864192K), 0.1122595 secs] [Times: user=0.61 sys=0.00, real=0.11 secs] 
3574.883: [GC (Allocation Failure) [PSYoungGen: 380401K->181333K(465920K)] 1464716K->1312039K(1864192K), 0.0409660 secs] [Times: user=0.18 sys=0.00, real=0.04 secs] 
3575.061: [GC (Allocation Failure) [PSYoungGen: 414293K->185815K(465920K)] 1544999K->1379504K(1864192K), 0.0629953 secs] [Times: user=0.31 sys=0.00, real=0.07 secs] 
3575.244: [GC (Allocation Failure) [PSYoungGen: 418775K->184084K(465920K)] 1612464K->1436862K(1864192K), 0.0581500 secs] [Times: user=0.28 sys=0.00, real=0.05 secs] 
3576.398: [GC (Allocation Failure) [PSYoungGen: 417044K->97387K(465920K)] 1669822K->1419717K(1864192K), 0.0822002 secs] [Times: user=0.44 sys=0.00, real=0.08 secs] 
3576.481: [Full GC (Ergonomics) [PSYoungGen: 97387K->0K(465920K)] [ParOldGen: 1322329K->104965K(1398272K)] 1419717K->104965K(1864192K), [Metaspace: 60115K->60115K(1105920K)], 0.1222663 secs] [Times: user=0.50 sys=0.00, real=0.13 secs] 
3576.990: [GC (Allocation Failure) [PSYoungGen: 232960K->177013K(465920K)] 337925K->281978K(1864192K), 0.0303367 secs] [Times: user=0.11 sys=0.00, real=0.03 secs] 
3577.140: [GC (Allocation Failure) [PSYoungGen: 409973K->185558K(465920K)] 514938K->345903K(1864192K), 0.0423342 secs] [Times: user=0.19 sys=0.00, real=0.04 secs] 
3577.288: [GC (Allocation Failure) [PSYoungGen: 418518K->184276K(465920K)] 578863K->400966K(1864192K), 0.0445741 secs] [Times: user=0.21 sys=0.00, real=0.05 secs] 
3578.273: [GC (Allocation Failure) [PSYoungGen: 417236K->121999K(465920K)] 633926K->408192K(1864192K), 0.0459277 secs] [Times: user=0.23 sys=0.00, real=0.04 secs] 
3579.647: [GC (Allocation Failure) [PSYoungGen: 354959K->150642K(465920K)] 641152K->475728K(1864192K), 0.0907117 secs] [Times: user=0.48 sys=0.00, real=0.09 secs] 
3579.874: [GC (Allocation Failure) [PSYoungGen: 383602K->185334K(465920K)] 708688K->557656K(1864192K), 0.0400331 secs] [Times: user=0.17 sys=0.00, real=0.04 secs] 
3580.084: [GC (Allocation Failure) [PSYoungGen: 418294K->185335K(465920K)] 790616K->622217K(1864192K), 0.0664788 secs] [Times: user=0.33 sys=0.00, real=0.06 secs] 
3580.279: [GC (Allocation Failure) [PSYoungGen: 418295K->187541K(465920K)] 855177K->683087K(1864192K), 0.0551870 secs] [Times: user=0.27 sys=0.00, real=0.06 secs] 
3581.325: [GC (GCLocker Initiated GC) [PSYoungGen: 420501K->92475K(465920K)] 916047K->658885K(1864192K), 0.0447607 secs] [Times: user=0.23 sys=0.00, real=0.04 secs] 
3581.725: [GC (Allocation Failure) [PSYoungGen: 325435K->179605K(465920K)] 892011K->775635K(1864192K), 0.0443035 secs] [Times: user=0.19 sys=0.00, real=0.04 secs] 
3581.932: [GC (Allocation Failure) [PSYoungGen: 412565K->181973K(465920K)] 1008595K->834179K(1864192K), 0.0448247 secs] [Times: user=0.20 sys=0.01, real=0.05 secs] 
3582.096: [GC (Allocation Failure) [PSYoungGen: 414933K->187797K(465920K)] 1067139K->895059K(1864192K), 0.0543305 secs] [Times: user=0.26 sys=0.00, real=0.05 secs] 
3583.109: [GC (Allocation Failure) [PSYoungGen: 420757K->113918K(465920K)] 1128019K->891871K(1864192K), 0.0478118 secs] [Times: user=0.24 sys=0.00, real=0.05 secs] 
3583.680: [GC (Allocation Failure) [PSYoungGen: 346878K->160019K(465920K)] 1124831K->974389K(1864192K), 0.0925990 secs] [Times: user=0.49 sys=0.00, real=0.09 secs] 
3583.971: [GC (Allocation Failure) [PSYoungGen: 392979K->185014K(465920K)] 1207349K->1049468K(1864192K), 0.0452760 secs] [Times: user=0.21 sys=0.00, real=0.05 secs] 
3584.159: [GC (Allocation Failure) [PSYoungGen: 417974K->182934K(465920K)] 1282428K->1111993K(1864192K), 0.0638836 secs] [Times: user=0.32 sys=0.00, real=0.07 secs] 
3584.353: [GC (Allocation Failure) [PSYoungGen: 415894K->187381K(465920K)] 1344953K->1174752K(1864192K), 0.0639308 secs] [Times: user=0.33 sys=0.00, real=0.06 secs] 
3586.257: [GC (Allocation Failure) [PSYoungGen: 420341K->91210K(465920K)] 1407712K->1149277K(1864192K), 0.1130264 secs] [Times: user=0.62 sys=0.00, real=0.11 secs] 
3586.583: [GC (Allocation Failure) [PSYoungGen: 324143K->183446K(465920K)] 1382210K->1271298K(1864192K), 0.0357829 secs] [Times: user=0.15 sys=0.00, real=0.03 secs] 
3586.749: [GC (Allocation Failure) [PSYoungGen: 416406K->182581K(465920K)] 1504258K->1327453K(1864192K), 0.0607613 secs] [Times: user=0.30 sys=0.01, real=0.06 secs] 
3586.937: [GC (Allocation Failure) [PSYoungGen: 415541K->187733K(465920K)] 1560413K->1388253K(1864192K), 0.0607610 secs] [Times: user=0.30 sys=0.00, real=0.06 secs] 
3588.377: [GC (Allocation Failure) [PSYoungGen: 420693K->107965K(465920K)] 1621213K->1379269K(1864192K), 0.0491460 secs] [Times: user=0.26 sys=0.00, real=0.05 secs] 
3588.871: [GC (Allocation Failure) [PSYoungGen: 340925K->164883K(465920K)] 1612229K->1471264K(1864192K), 0.0890492 secs] [Times: user=0.46 sys=0.00, real=0.09 secs] 
3589.143: [GC (Allocation Failure) [PSYoungGen: 397843K->185238K(465920K)] 1704224K->1543330K(1864192K), 0.0518427 secs] [Times: user=0.25 sys=0.00, real=0.05 secs] 
3589.195: [Full GC (Ergonomics) [PSYoungGen: 185238K->0K(465920K)] [ParOldGen: 1358092K->256390K(1398272K)] 1543330K->256390K(1864192K), [Metaspace: 60115K->60115K(1105920K)], 0.3139610 secs] [Times: user=1.45 sys=0.00, real=0.31 secs] 
3589.625: [GC (Allocation Failure) [PSYoungGen: 232960K->176886K(465920K)] 489350K->433276K(1864192K), 0.0831635 secs] [Times: user=0.44 sys=0.00, real=0.08 secs] 
3589.831: [GC (Allocation Failure) [PSYoungGen: 409846K->186581K(465920K)] 666236K->499163K(1864192K), 0.0537799 secs] [Times: user=0.26 sys=0.00, real=0.06 secs] 
3590.961: [GC (Allocation Failure) [PSYoungGen: 419541K->94955K(465920K)] 732123K->477721K(1864192K), 0.0542306 secs] [Times: user=0.29 sys=0.00, real=0.06 secs] 
3591.207: [GC (Allocation Failure) [PSYoungGen: 327915K->184054K(465920K)] 710681K->597561K(1864192K), 0.0482060 secs] [Times: user=0.20 sys=0.00, real=0.05 secs] 
3591.382: [GC (Allocation Failure) [PSYoungGen: 417014K->182645K(465920K)] 830521K->653289K(1864192K), 0.0434230 secs] [Times: user=0.20 sys=0.00, real=0.05 secs] 
3591.534: [GC (Allocation Failure) [PSYoungGen: 415605K->186901K(465920K)] 886249K->712872K(1864192K), 0.0453051 secs] [Times: user=0.20 sys=0.00, real=0.04 secs] 
3592.636: [GC (Allocation Failure) [PSYoungGen: 419861K->104700K(465920K)] 945832K->701168K(1864192K), 0.0645126 secs] [Times: user=0.34 sys=0.00, real=0.06 secs] 
3594.184: [GC (Allocation Failure) [PSYoungGen: 337660K->168884K(465920K)] 934128K->799204K(1864192K), 0.0646481 secs] [Times: user=0.32 sys=0.00, real=0.06 secs] 
3594.370: [GC (GCLocker Initiated GC) [PSYoungGen: 401844K->184182K(465920K)] 1032165K->867323K(1864192K), 0.0424088 secs] [Times: user=0.19 sys=0.00, real=0.04 secs] 
3594.551: [GC (Allocation Failure) [PSYoungGen: 417142K->186103K(465920K)] 1100286K->933351K(1864192K), 0.0546216 secs] [Times: user=0.26 sys=0.00, real=0.06 secs] 
3594.745: [GC (Allocation Failure) [PSYoungGen: 419063K->184533K(465920K)] 1166311K->990829K(1864192K), 0.0697409 secs] [Times: user=0.35 sys=0.00, real=0.07 secs] 
3595.960: [GC (Allocation Failure) [PSYoungGen: 417493K->90586K(465920K)] 1223789K->966491K(1864192K), 0.0786214 secs] [Times: user=0.42 sys=0.01, real=0.08 secs] 
3596.257: [GC (Allocation Failure) [PSYoungGen: 323546K->183542K(465920K)] 1199451K->1088290K(1864192K), 0.0369816 secs] [Times: user=0.16 sys=0.00, real=0.04 secs] 
3596.403: [GC (Allocation Failure) [PSYoungGen: 416502K->185654K(465920K)] 1321250K->1147665K(1864192K), 0.0459277 secs] [Times: user=0.21 sys=0.00, real=0.04 secs] 
3596.578: [GC (Allocation Failure) [PSYoungGen: 418614K->220053K(465920K)] 1380625K->1238457K(1864192K), 0.0504144 secs] [Times: user=0.24 sys=0.00, real=0.05 secs] 
3597.619: [GC (Allocation Failure) [PSYoungGen: 453013K->101036K(465920K)] 1471417K->1190232K(1864192K), 0.0457710 secs] [Times: user=0.24 sys=0.00, real=0.05 secs] 
3598.077: [GC (Allocation Failure) [PSYoungGen: 333996K->169012K(465920K)] 1423192K->1290781K(1864192K), 0.0701333 secs] [Times: user=0.35 sys=0.00, real=0.07 secs] 
3598.283: [GC (Allocation Failure) [PSYoungGen: 401972K->185430K(465920K)] 1523741K->1360138K(1864192K), 0.0429095 secs] [Times: user=0.20 sys=0.00, real=0.04 secs] 
3598.437: [GC (Allocation Failure) [PSYoungGen: 418390K->186135K(465920K)] 1593098K->1433428K(1864192K), 0.0505601 secs] [Times: user=0.23 sys=0.00, real=0.05 secs] 
3599.134: [GC (Allocation Failure) [PSYoungGen: 419095K->219572K(465920K)] 1666388K->1525937K(1864192K), 0.0569168 secs] [Times: user=0.29 sys=0.00, real=0.05 secs] 
3600.763: [GC (Allocation Failure) [PSYoungGen: 452532K->91834K(465920K)] 1758897K->1465903K(1864192K), 0.1191074 secs] [Times: user=0.65 sys=0.01, real=0.12 secs] 
3600.883: [Full GC (Ergonomics) [PSYoungGen: 91834K->0K(465920K)] [ParOldGen: 1374068K->109707K(1398272K)] 1465903K->109707K(1864192K), [Metaspace: 60193K->60193K(1105920K)], 0.1720268 secs] [Times: user=0.77 sys=0.00, real=0.17 secs] 
3601.387: [GC (Allocation Failure) [PSYoungGen: 232960K->181142K(465920K)] 342667K->290849K(1864192K), 0.0312680 secs] [Times: user=0.10 sys=0.01, real=0.03 secs] 
3601.536: [GC (Allocation Failure) [PSYoungGen: 414102K->185622K(465920K)] 523809K->351726K(1864192K), 0.0409325 secs] [Times: user=0.19 sys=0.00, real=0.04 secs] 
3601.682: [GC (Allocation Failure) [PSYoungGen: 418582K->187829K(465920K)] 584686K->410293K(1864192K), 0.0443258 secs] [Times: user=0.21 sys=0.00, real=0.05 secs] 
3602.763: [GC (Allocation Failure) [PSYoungGen: 420789K->105260K(465920K)] 643253K->398444K(1864192K), 0.0459704 secs] [Times: user=0.24 sys=0.01, real=0.04 secs] 
3603.783: [GC (Allocation Failure) [PSYoungGen: 338220K->171252K(465920K)] 631404K->498692K(1864192K), 0.0594385 secs] [Times: user=0.28 sys=0.00, real=0.05 secs] 
3603.974: [GC (Allocation Failure) [PSYoungGen: 404212K->184502K(465920K)] 731652K->564458K(1864192K), 0.0417699 secs] [Times: user=0.19 sys=0.00, real=0.04 secs] 
3604.128: [GC (Allocation Failure) [PSYoungGen: 417462K->185687K(465920K)] 797418K->629643K(1864192K), 0.0494909 secs] [Times: user=0.23 sys=0.00, real=0.05 secs] 
3605.123: [GC (Allocation Failure) [PSYoungGen: 414639K->213236K(465920K)] 858596K->716232K(1864192K), 0.0565524 secs] [Times: user=0.29 sys=0.00, real=0.05 secs] 
3605.718: [GC (Allocation Failure) [PSYoungGen: 446196K->98219K(465920K)] 949192K->668192K(1864192K), 0.0935014 secs] [Times: user=0.50 sys=0.00, real=0.09 secs] 
3606.023: [GC (Allocation Failure) [PSYoungGen: 331179K->183542K(465920K)] 901152K->784431K(1864192K), 0.0353375 secs] [Times: user=0.14 sys=0.01, real=0.03 secs] 
3606.190: [GC (Allocation Failure) [PSYoungGen: 416502K->185718K(465920K)] 1017391K->843999K(1864192K), 0.0482891 secs] [Times: user=0.22 sys=0.00, real=0.05 secs] 
3606.396: [GC (Allocation Failure) [PSYoungGen: 418678K->182996K(465920K)] 1076959K->897670K(1864192K), 0.0620367 secs] [Times: user=0.31 sys=0.00, real=0.06 secs] 
3607.665: [GC (Allocation Failure) [PSYoungGen: 415956K->100780K(465920K)] 1130630K->884673K(1864192K), 0.0635878 secs] [Times: user=0.34 sys=0.00, real=0.06 secs] 
3608.466: [GC (Allocation Failure) [PSYoungGen: 333740K->170996K(465920K)] 1117633K->987758K(1864192K), 0.0596603 secs] [Times: user=0.28 sys=0.00, real=0.06 secs] 
3608.651: [GC (Allocation Failure) [PSYoungGen: 403956K->185462K(465920K)] 1220718K->1055599K(1864192K), 0.0439838 secs] [Times: user=0.20 sys=0.00, real=0.05 secs] 
3608.808: [GC (Allocation Failure) [PSYoungGen: 418422K->185623K(465920K)] 1288559K->1120240K(1864192K), 0.0515701 secs] [Times: user=0.25 sys=0.00, real=0.05 secs] 
3610.530: [GC (Allocation Failure) [PSYoungGen: 415171K->207283K(465920K)] 1349789K->1200821K(1864192K), 0.0528931 secs] [Times: user=0.26 sys=0.00, real=0.06 secs] 
3611.491: [GC (Allocation Failure) [PSYoungGen: 440243K->97915K(465920K)] 1433781K->1157149K(1864192K), 0.0825841 secs] [Times: user=0.44 sys=0.00, real=0.09 secs] 
3611.759: [GC (Allocation Failure) [PSYoungGen: 330875K->183510K(465920K)] 1390109K->1273989K(1864192K), 0.0357141 secs] [Times: user=0.15 sys=0.00, real=0.04 secs] 
3611.903: [GC (Allocation Failure) [PSYoungGen: 416470K->185686K(465920K)] 1506949K->1333173K(1864192K), 0.0456616 secs] [Times: user=0.21 sys=0.00, real=0.04 secs] 
3612.165: [GC (Allocation Failure) [PSYoungGen: 418646K->184180K(465920K)] 1566133K->1387996K(1864192K), 0.0694154 secs] [Times: user=0.34 sys=0.01, real=0.07 secs] 
3613.392: [GC (Allocation Failure) [PSYoungGen: 417140K->100092K(465920K)] 1620956K->1373507K(1864192K), 0.0454481 secs] [Times: user=0.24 sys=0.00, real=0.05 secs] 
3613.749: [GC (Allocation Failure) [PSYoungGen: 333052K->174133K(465920K)] 1606467K->1479641K(1864192K), 0.0687914 secs] [Times: user=0.34 sys=0.00, real=0.07 secs] 
3613.956: [GC (Allocation Failure) [PSYoungGen: 407093K->179221K(465920K)] 1712601K->1539817K(1864192K), 0.0440217 secs] [Times: user=0.20 sys=0.00, real=0.04 secs] 
3614.000: [Full GC (Ergonomics) [PSYoungGen: 179221K->0K(465920K)] [ParOldGen: 1360596K->257116K(1398272K)] 1539817K->257116K(1864192K), [Metaspace: 60250K->60250K(1105920K)], 0.3351090 secs] [Times: user=1.52 sys=0.00, real=0.34 secs] 
3614.448: [GC (Allocation Failure) [PSYoungGen: 232960K->185975K(465920K)] 490076K->443091K(1864192K), 0.0910783 secs] [Times: user=0.48 sys=0.00, real=0.09 secs] 
3614.926: [GC (Allocation Failure) [PSYoungGen: 418935K->216467K(465920K)] 676051K->532628K(1864192K), 0.0537772 secs] [Times: user=0.26 sys=0.00, real=0.05 secs] 
3616.101: [GC (Allocation Failure) [PSYoungGen: 449427K->102684K(465920K)] 765588K->485476K(1864192K), 0.0685022 secs] [Times: user=0.36 sys=0.00, real=0.07 secs] 
3616.318: [GC (Allocation Failure) [PSYoungGen: 333423K->179957K(465920K)] 716215K->596186K(1864192K), 0.0347748 secs] [Times: user=0.15 sys=0.00, real=0.04 secs] 
3616.464: [GC (Allocation Failure) [PSYoungGen: 412917K->185206K(465920K)] 829146K->657458K(1864192K), 0.0434841 secs] [Times: user=0.20 sys=0.00, real=0.04 secs] 
3616.616: [GC (Allocation Failure) [PSYoungGen: 418166K->187605K(465920K)] 890418K->715929K(1864192K), 0.0457244 secs] [Times: user=0.21 sys=0.00, real=0.04 secs] 
3619.602: [GC (Allocation Failure) [PSYoungGen: 420565K->94571K(465920K)] 948889K->693664K(1864192K), 0.0435410 secs] [Times: user=0.22 sys=0.00, real=0.05 secs] 
3620.192: [GC (Allocation Failure) [PSYoungGen: 327531K->170004K(465920K)] 926624K->799762K(1864192K), 0.0588324 secs] [Times: user=0.28 sys=0.00, real=0.06 secs] 
3620.426: [GC (GCLocker Initiated GC) [PSYoungGen: 402964K->184438K(465920K)] 1032722K->867339K(1864192K), 0.0575730 secs] [Times: user=0.27 sys=0.00, real=0.06 secs] 
3620.607: [GC (Allocation Failure) [PSYoungGen: 417398K->182582K(465920K)] 1100302K->929607K(1864192K), 0.0491411 secs] [Times: user=0.23 sys=0.01, real=0.05 secs] 
3621.443: [GC (Allocation Failure) [PSYoungGen: 413521K->214548K(465920K)] 1160546K->1019588K(1864192K), 0.0575481 secs] [Times: user=0.29 sys=0.00, real=0.05 secs] 
3621.982: [GC (GCLocker Initiated GC) [PSYoungGen: 447508K->99835K(465920K)] 1252548K->972356K(1864192K), 0.0576202 secs] [Times: user=0.31 sys=0.00, real=0.06 secs] 
3622.208: [GC (Allocation Failure) [PSYoungGen: 332795K->180309K(465920K)] 1205447K->1084594K(1864192K), 0.0474175 secs] [Times: user=0.21 sys=0.00, real=0.05 secs] 
3622.428: [GC (Allocation Failure) [PSYoungGen: 413269K->185270K(465920K)] 1317554K->1145882K(1864192K), 0.0654543 secs] [Times: user=0.32 sys=0.00, real=0.07 secs] 
3622.616: [GC (Allocation Failure) [PSYoungGen: 418230K->184692K(465920K)] 1378842K->1201297K(1864192K), 0.0467240 secs] [Times: user=0.22 sys=0.00, real=0.04 secs] 
3624.026: [GC (Allocation Failure) [PSYoungGen: 417652K->103532K(465920K)] 1434257K->1189773K(1864192K), 0.0994683 secs] [Times: user=0.55 sys=0.00, real=0.10 secs] 
3625.390: [GC (Allocation Failure) [PSYoungGen: 336492K->164883K(465920K)] 1422733K->1284593K(1864192K), 0.0749427 secs] [Times: user=0.37 sys=0.00, real=0.08 secs] 
3625.666: [GC (Allocation Failure) [PSYoungGen: 397843K->185558K(465920K)] 1517553K->1357047K(1864192K), 0.0576950 secs] [Times: user=0.27 sys=0.00, real=0.06 secs] 
3625.880: [GC (Allocation Failure) [PSYoungGen: 418518K->186327K(465920K)] 1590007K->1422408K(1864192K), 0.0712985 secs] [Times: user=0.34 sys=0.01, real=0.07 secs] 
3626.528: [GC (Allocation Failure) [PSYoungGen: 419287K->213139K(465920K)] 1655368K->1508229K(1864192K), 0.0556587 secs] [Times: user=0.28 sys=0.00, real=0.06 secs] 
3627.233: [GC (Allocation Failure) [PSYoungGen: 446099K->105292K(465920K)] 1741189K->1467318K(1864192K), 0.0681348 secs] [Times: user=0.36 sys=0.00, real=0.06 secs] 
3627.301: [Full GC (Ergonomics) [PSYoungGen: 105292K->0K(465920K)] [ParOldGen: 1362025K->122852K(1398272K)] 1467318K->122852K(1864192K), [Metaspace: 60252K->60252K(1105920K)], 0.1477091 secs] [Times: user=0.65 sys=0.00, real=0.15 secs] 
3627.607: [GC (Allocation Failure) [PSYoungGen: 224855K->176757K(465920K)] 347708K->299610K(1864192K), 0.0283842 secs] [Times: user=0.11 sys=0.00, real=0.03 secs] 
3627.745: [GC (Allocation Failure) [PSYoungGen: 409717K->185398K(465920K)] 532570K->363178K(1864192K), 0.0417566 secs] [Times: user=0.19 sys=0.00, real=0.04 secs] 
3627.902: [GC (Allocation Failure) [PSYoungGen: 418358K->187605K(465920K)] 596138K->421614K(1864192K), 0.0446597 secs] [Times: user=0.21 sys=0.00, real=0.05 secs] 
3628.858: [GC (Allocation Failure) [PSYoungGen: 420565K->93691K(465920K)] 654574K->398356K(1864192K), 0.0451654 secs] [Times: user=0.23 sys=0.00, real=0.05 secs] 
3629.192: [GC (Allocation Failure) [PSYoungGen: 326651K->173461K(465920K)] 631316K->508910K(1864192K), 0.0678677 secs] [Times: user=0.31 sys=0.01, real=0.07 secs] 
3629.457: [GC (Allocation Failure) [PSYoungGen: 406421K->184886K(465920K)] 741870K->574275K(1864192K), 0.0615797 secs] [Times: user=0.30 sys=0.00, real=0.06 secs] 
3629.645: [GC (Allocation Failure) [PSYoungGen: 417846K->186103K(465920K)] 807235K->639796K(1864192K), 0.0500460 secs] [Times: user=0.23 sys=0.00, real=0.05 secs] 
3630.523: [GC (Allocation Failure) [PSYoungGen: 419063K->171155K(465920K)] 872756K->684064K(1864192K), 0.0547604 secs] [Times: user=0.27 sys=0.00, real=0.05 secs] 
3631.274: [GC (Allocation Failure) [PSYoungGen: 404115K->104812K(465920K)] 917024K->683161K(1864192K), 0.0755746 secs] [Times: user=0.40 sys=0.01, real=0.07 secs] 
3631.559: [GC (Allocation Failure) [PSYoungGen: 334208K->178325K(465920K)] 912557K->790791K(1864192K), 0.0420066 secs] [Times: user=0.19 sys=0.00, real=0.04 secs] 
3631.735: [GC (Allocation Failure) [PSYoungGen: 411285K->185270K(465920K)] 1023751K->853107K(1864192K), 0.0537801 secs] [Times: user=0.26 sys=0.00, real=0.05 secs] 
3631.940: [GC (Allocation Failure) [PSYoungGen: 418230K->187509K(465920K)] 1086067K->911618K(1864192K), 0.0720275 secs] [Times: user=0.36 sys=0.00, real=0.07 secs] 
3633.283: [GC (Allocation Failure) [PSYoungGen: 420469K->101324K(465920K)] 1144578K->896129K(1864192K), 0.0771222 secs] [Times: user=0.41 sys=0.00, real=0.07 secs] 
3634.349: [GC (Allocation Failure) [PSYoungGen: 334284K->169044K(465920K)] 1129089K->996262K(1864192K), 0.0594909 secs] [Times: user=0.28 sys=0.00, real=0.06 secs] 
3634.547: [GC (Allocation Failure) [PSYoungGen: 402004K->193814K(465920K)] 1229222K->1074212K(1864192K), 0.0435226 secs] [Times: user=0.20 sys=0.00, real=0.04 secs] 
3634.727: [GC (Allocation Failure) [PSYoungGen: 426774K->185015K(465920K)] 1307172K->1130069K(1864192K), 0.0674135 secs] [Times: user=0.33 sys=0.00, real=0.07 secs] 
3635.701: [GC (Allocation Failure) [PSYoungGen: 417975K->167922K(465920K)] 1363029K->1171629K(1864192K), 0.0579684 secs] [Times: user=0.30 sys=0.00, real=0.06 secs] 
3636.138: [GC (GCLocker Initiated GC) [PSYoungGen: 400882K->113005K(465920K)] 1404591K->1181009K(1864192K), 0.0619165 secs] [Times: user=0.32 sys=0.00, real=0.06 secs] 
3636.373: [GC (Allocation Failure) [PSYoungGen: 345965K->176981K(465920K)] 1414136K->1281600K(1864192K), 0.0507400 secs] [Times: user=0.23 sys=0.01, real=0.05 secs] 
3636.549: [GC (Allocation Failure) [PSYoungGen: 409941K->182006K(465920K)] 1514560K->1348370K(1864192K), 0.0516815 secs] [Times: user=0.23 sys=0.01, real=0.05 secs] 
3636.709: [GC (Allocation Failure) [PSYoungGen: 414966K->187093K(465920K)] 1581330K->1411048K(1864192K), 0.0608272 secs] [Times: user=0.30 sys=0.00, real=0.06 secs] 
3637.713: [GC (Allocation Failure) [PSYoungGen: 420053K->101388K(465920K)] 1644008K->1395983K(1864192K), 0.0486999 secs] [Times: user=0.25 sys=0.00, real=0.04 secs] 
3637.955: [GC (Allocation Failure) [PSYoungGen: 334348K->177045K(465920K)] 1628943K->1504713K(1864192K), 0.0404064 secs] [Times: user=0.18 sys=0.00, real=0.04 secs] 
3637.996: [Full GC (Ergonomics) [PSYoungGen: 177045K->0K(465920K)] [ParOldGen: 1327667K->205474K(1398272K)] 1504713K->205474K(1864192K), [Metaspace: 60252K->60252K(1105920K)], 0.1968362 secs] [Times: user=0.88 sys=0.00, real=0.20 secs] 
3638.317: [GC (GCLocker Initiated GC) [PSYoungGen: 232960K->180853K(465920K)] 438434K->386327K(1864192K), 0.0316408 secs] [Times: user=0.13 sys=0.00, real=0.03 secs] 
3638.463: [GC (GCLocker Initiated GC) [PSYoungGen: 413813K->183959K(465920K)] 635676K->461077K(1864192K), 0.1491722 secs] [Times: user=0.83 sys=0.00, real=0.14 secs] 
3639.571: [GC (Allocation Failure) [PSYoungGen: 416919K->142993K(465920K)] 694039K->478594K(1864192K), 0.1632038 secs] [Times: user=0.93 sys=0.00, real=0.17 secs] 
3640.525: [GC (Allocation Failure) [PSYoungGen: 375953K->130335K(465920K)] 711554K->511383K(1864192K), 0.1052643 secs] [Times: user=0.57 sys=0.00, real=0.10 secs] 
3640.759: [GC (Allocation Failure) [PSYoungGen: 363295K->180085K(465920K)] 744343K->602890K(1864192K), 0.0382492 secs] [Times: user=0.17 sys=0.00, real=0.04 secs] 
3640.909: [GC (Allocation Failure) [PSYoungGen: 413045K->183222K(465920K)] 835850K->668715K(1864192K), 0.0489884 secs] [Times: user=0.23 sys=0.00, real=0.05 secs] 
3641.120: [GC (Allocation Failure) [PSYoungGen: 416182K->186485K(465920K)] 901675K->730466K(1864192K), 0.0692901 secs] [Times: user=0.35 sys=0.00, real=0.07 secs] 
3642.195: [GC (Allocation Failure) [PSYoungGen: 419445K->96923K(465920K)] 963426K->711232K(1864192K), 0.0581499 secs] [Times: user=0.31 sys=0.00, real=0.06 secs] 
3642.598: [GC (Allocation Failure) [PSYoungGen: 329883K->173557K(465920K)] 944192K->819371K(1864192K), 0.0477510 secs] [Times: user=0.21 sys=0.00, real=0.05 secs] 
3642.783: [GC (Allocation Failure) [PSYoungGen: 406517K->185366K(465920K)] 1052331K->885396K(1864192K), 0.0436247 secs] [Times: user=0.20 sys=0.00, real=0.04 secs] 
3642.933: [GC (Allocation Failure) [PSYoungGen: 418326K->188277K(465920K)] 1118356K->944647K(1864192K), 0.0461938 secs] [Times: user=0.21 sys=0.00, real=0.04 secs] 
3644.036: [GC (Allocation Failure) [PSYoungGen: 421237K->137137K(465920K)] 1177607K->964643K(1864192K), 0.0498885 secs] [Times: user=0.25 sys=0.00, real=0.05 secs] 
3644.567: [GC (Allocation Failure) [PSYoungGen: 370097K->133920K(465920K)] 1197603K->1005018K(1864192K), 0.1192994 secs] [Times: user=0.66 sys=0.00, real=0.12 secs] 
3644.877: [GC (Allocation Failure) [PSYoungGen: 366880K->180245K(465920K)] 1237978K->1094336K(1864192K), 0.0474127 secs] [Times: user=0.22 sys=0.00, real=0.05 secs] 
3645.033: [GC (Allocation Failure) [PSYoungGen: 413205K->186071K(465920K)] 1327296K->1162898K(1864192K), 0.0502913 secs] [Times: user=0.23 sys=0.00, real=0.05 secs] 
3645.192: [GC (Allocation Failure) [PSYoungGen: 419031K->184308K(465920K)] 1395858K->1220184K(1864192K), 0.0582972 secs] [Times: user=0.29 sys=0.00, real=0.06 secs] 
3646.832: [GC (Allocation Failure) [PSYoungGen: 417268K->93515K(465920K)] 1453144K->1199038K(1864192K), 0.1322650 secs] [Times: user=0.73 sys=0.00, real=0.14 secs] 
3647.601: [GC (Allocation Failure) [PSYoungGen: 326475K->179445K(465920K)] 1431998K->1315537K(1864192K), 0.0444880 secs] [Times: user=0.19 sys=0.00, real=0.05 secs] 
3647.768: [GC (Allocation Failure) [PSYoungGen: 412405K->182389K(465920K)] 1548497K->1374453K(1864192K), 0.0442880 secs] [Times: user=0.20 sys=0.00, real=0.05 secs] 
3647.921: [GC (Allocation Failure) [PSYoungGen: 415349K->187925K(465920K)] 1607413K->1435765K(1864192K), 0.0465755 secs] [Times: user=0.21 sys=0.01, real=0.05 secs] 
3648.901: [GC (Allocation Failure) [PSYoungGen: 420885K->134192K(465920K)] 1668725K->1452736K(1864192K), 0.0508961 secs] [Times: user=0.26 sys=0.00, real=0.05 secs] 
3648.952: [Full GC (Ergonomics) [PSYoungGen: 134192K->0K(465920K)] [ParOldGen: 1318544K->346202K(1398272K)] 1452736K->346202K(1864192K), [Metaspace: 60254K->60254K(1105920K)], 0.5717448 secs] [Times: user=2.48 sys=0.00, real=0.58 secs] 
3650.398: [GC (Allocation Failure) [PSYoungGen: 232960K->141281K(465920K)] 579162K->487483K(1864192K), 0.0362619 secs] [Times: user=0.13 sys=0.01, real=0.04 secs] 
3650.608: [GC (Allocation Failure) [PSYoungGen: 374241K->177013K(465920K)] 720443K->568747K(1864192K), 0.0387815 secs] [Times: user=0.16 sys=0.00, real=0.04 secs] 
3650.758: [GC (Allocation Failure) [PSYoungGen: 409973K->184759K(465920K)] 801707K->638085K(1864192K), 0.0484873 secs] [Times: user=0.22 sys=0.00, real=0.05 secs] 
3650.946: [GC (Allocation Failure) [PSYoungGen: 417719K->187765K(465920K)] 871045K->699595K(1864192K), 0.0773396 secs] [Times: user=0.40 sys=0.00, real=0.08 secs] 
3651.986: [GC (Allocation Failure) [PSYoungGen: 420725K->98331K(465920K)] 932555K->681050K(1864192K), 0.0430577 secs] [Times: user=0.22 sys=0.00, real=0.04 secs] 
3652.326: [GC (Allocation Failure) [PSYoungGen: 331291K->171700K(465920K)] 914010K->786120K(1864192K), 0.0505863 secs] [Times: user=0.22 sys=0.00, real=0.05 secs] 
3652.536: [GC (Allocation Failure) [PSYoungGen: 404660K->184822K(465920K)] 1019080K->852993K(1864192K), 0.0427210 secs] [Times: user=0.19 sys=0.00, real=0.04 secs] 
3652.685: [GC (Allocation Failure) [PSYoungGen: 417782K->188085K(465920K)] 1085953K->912344K(1864192K), 0.0454022 secs] [Times: user=0.21 sys=0.00, real=0.04 secs] 
3653.634: [GC (Allocation Failure) [PSYoungGen: 421045K->129520K(465920K)] 1145304K->924767K(1864192K), 0.0479739 secs] [Times: user=0.24 sys=0.00, real=0.04 secs] 
3654.937: [GC (Allocation Failure) [PSYoungGen: 362480K->143953K(465920K)] 1157727K->980336K(1864192K), 0.1169710 secs] [Times: user=0.63 sys=0.00, real=0.12 secs] 
3655.245: [GC (Allocation Failure) [PSYoungGen: 376913K->183733K(465920K)] 1213296K->1065710K(1864192K), 0.0444422 secs] [Times: user=0.20 sys=0.00, real=0.04 secs] 
3655.399: [GC (Allocation Failure) [PSYoungGen: 416693K->182806K(465920K)] 1298670K->1128655K(1864192K), 0.0497349 secs] [Times: user=0.23 sys=0.00, real=0.05 secs] 
3655.588: [GC (Allocation Failure) [PSYoungGen: 415766K->187413K(465920K)] 1361615K->1191429K(1864192K), 0.0814245 secs] [Times: user=0.42 sys=0.00, real=0.08 secs] 
3657.132: [GC (Allocation Failure) [PSYoungGen: 420373K->97451K(465920K)] 1424389K->1172292K(1864192K), 0.1195955 secs] [Times: user=0.66 sys=0.00, real=0.12 secs] 
3657.683: [GC (Allocation Failure) [PSYoungGen: 330411K->175541K(465920K)] 1405252K->1282074K(1864192K), 0.0424428 secs] [Times: user=0.18 sys=0.00, real=0.04 secs] 
3657.840: [GC (Allocation Failure) [PSYoungGen: 408501K->182645K(465920K)] 1515034K->1344063K(1864192K), 0.0433341 secs] [Times: user=0.19 sys=0.00, real=0.05 secs] 
3658.033: [GC (Allocation Failure) [PSYoungGen: 415605K->187509K(465920K)] 1577023K->1404206K(1864192K), 0.0663351 secs] [Times: user=0.32 sys=0.01, real=0.06 secs] 
3659.179: [GC (Allocation Failure) [PSYoungGen: 420469K->122319K(465920K)] 1637166K->1409648K(1864192K), 0.0484277 secs] [Times: user=0.25 sys=0.00, real=0.05 secs] 
3659.486: [GC (Allocation Failure) [PSYoungGen: 355270K->154418K(465920K)] 1642600K->1480539K(1864192K), 0.0858122 secs] [Times: user=0.45 sys=0.00, real=0.08 secs] 
3659.571: [Full GC (Ergonomics) [PSYoungGen: 154418K->0K(465920K)] [ParOldGen: 1326121K->171644K(1398272K)] 1480539K->171644K(1864192K), [Metaspace: 60257K->60257K(1105920K)], 0.1728976 secs] [Times: user=0.79 sys=0.00, real=0.18 secs] 
3659.858: [GC (Allocation Failure) [PSYoungGen: 232960K->179253K(465920K)] 404604K->350897K(1864192K), 0.0332501 secs] [Times: user=0.13 sys=0.00, real=0.03 secs] 
3660.003: [GC (Allocation Failure) [PSYoungGen: 412213K->185207K(465920K)] 583857K->419699K(1864192K), 0.0435121 secs] [Times: user=0.20 sys=0.00, real=0.04 secs] 
3660.155: [GC (Allocation Failure) [PSYoungGen: 418167K->187061K(465920K)] 652659K->480281K(1864192K), 0.0549554 secs] [Times: user=0.27 sys=0.01, real=0.05 secs] 
3661.520: [GC (Allocation Failure) [PSYoungGen: 420021K->97403K(465920K)] 713241K->461224K(1864192K), 0.0719679 secs] [Times: user=0.39 sys=0.01, real=0.07 secs] 
3661.801: [GC (Allocation Failure) [PSYoungGen: 330363K->177973K(465920K)] 694184K->573850K(1864192K), 0.0337430 secs] [Times: user=0.13 sys=0.00, real=0.04 secs] 
3661.947: [GC (Allocation Failure) [PSYoungGen: 410933K->185558K(465920K)] 806810K->636835K(1864192K), 0.0432712 secs] [Times: user=0.19 sys=0.00, real=0.04 secs] 
3662.118: [GC (Allocation Failure) [PSYoungGen: 418518K->187029K(465920K)] 869795K->694658K(1864192K), 0.0456550 secs] [Times: user=0.21 sys=0.00, real=0.05 secs] 
3664.249: [GC (Allocation Failure) [PSYoungGen: 419989K->111469K(465920K)] 927618K->689418K(1864192K), 0.0458266 secs] [Times: user=0.23 sys=0.00, real=0.05 secs] 
3664.953: [GC (GCLocker Initiated GC) [PSYoungGen: 344429K->156914K(465920K)] 922379K->770713K(1864192K), 0.0899098 secs] [Times: user=0.47 sys=0.01, real=0.09 secs] 
3665.191: [GC (Allocation Failure) [PSYoungGen: 389874K->184534K(465920K)] 1003807K->847467K(1864192K), 0.0414544 secs] [Times: user=0.18 sys=0.01, real=0.05 secs] 
3665.342: [GC (Allocation Failure) [PSYoungGen: 417494K->183382K(465920K)] 1080427K->910251K(1864192K), 0.0500923 secs] [Times: user=0.23 sys=0.00, real=0.05 secs] 
3665.516: [GC (Allocation Failure) [PSYoungGen: 416342K->187093K(465920K)] 1143211K->972018K(1864192K), 0.0756882 secs] [Times: user=0.38 sys=0.00, real=0.07 secs] 
3666.562: [GC (Allocation Failure) [PSYoungGen: 420053K->94571K(465920K)] 1204978K->949944K(1864192K), 0.0623532 secs] [Times: user=0.33 sys=0.00, real=0.07 secs] 
3666.869: [GC (Allocation Failure) [PSYoungGen: 327531K->179765K(465920K)] 1182904K->1065183K(1864192K), 0.0384752 secs] [Times: user=0.16 sys=0.00, real=0.04 secs] 
3667.021: [GC (Allocation Failure) [PSYoungGen: 412725K->185494K(465920K)] 1298143K->1127264K(1864192K), 0.0438028 secs] [Times: user=0.20 sys=0.00, real=0.05 secs] 
3667.172: [GC (Allocation Failure) [PSYoungGen: 418454K->184052K(465920K)] 1360224K->1182038K(1864192K), 0.0454960 secs] [Times: user=0.21 sys=0.00, real=0.05 secs] 
3668.180: [GC (Allocation Failure) [PSYoungGen: 417012K->110925K(465920K)] 1414998K->1178327K(1864192K), 0.0459990 secs] [Times: user=0.23 sys=0.00, real=0.05 secs] 
3668.746: [GC (Allocation Failure) [PSYoungGen: 343885K->166484K(465920K)] 1411287K->1270215K(1864192K), 0.0730140 secs] [Times: user=0.37 sys=0.00, real=0.07 secs] 
3668.982: [GC (Allocation Failure) [PSYoungGen: 399444K->182325K(465920K)] 1503175K->1338016K(1864192K), 0.0576675 secs] [Times: user=0.27 sys=0.00, real=0.06 secs] 
3669.159: [GC (Allocation Failure) [PSYoungGen: 415285K->185751K(465920K)] 1570976K->1405246K(1864192K), 0.0502491 secs] [Times: user=0.24 sys=0.00, real=0.05 secs] 
3670.053: [GC (Allocation Failure) [PSYoungGen: 418711K->181684K(465920K)] 1638206K->1460299K(1864192K), 0.1110228 secs] [Times: user=0.59 sys=0.00, real=0.11 secs] 
3671.559: [GC (Allocation Failure) [PSYoungGen: 414644K->94331K(465920K)] 1693259K->1441666K(1864192K), 0.1016004 secs] [Times: user=0.56 sys=0.00, real=0.10 secs] 
3671.661: [Full GC (Ergonomics) [PSYoungGen: 94331K->0K(465920K)] [ParOldGen: 1347335K->107600K(1398272K)] 1441666K->107600K(1864192K), [Metaspace: 60265K->60265K(1105920K)], 0.1679329 secs] [Times: user=0.72 sys=0.00, real=0.17 secs] 
3672.031: [GC (Allocation Failure) [PSYoungGen: 232960K->180854K(465920K)] 340560K->288454K(1864192K), 0.0253317 secs] [Times: user=0.09 sys=0.00, real=0.03 secs] 
3672.215: [GC (Allocation Failure) [PSYoungGen: 413814K->182229K(465920K)] 521414K->345910K(1864192K), 0.0592588 secs] [Times: user=0.28 sys=0.00, real=0.06 secs] 
3672.610: [GC (Allocation Failure) [PSYoungGen: 415189K->186485K(465920K)] 578870K->405165K(1864192K), 0.0717380 secs] [Times: user=0.36 sys=0.00, real=0.07 secs] 
3673.998: [GC (Allocation Failure) [PSYoungGen: 419445K->106925K(465920K)] 638125K->395965K(1864192K), 0.0448060 secs] [Times: user=0.23 sys=0.00, real=0.05 secs] 
3674.362: [GC (GCLocker Initiated GC) [PSYoungGen: 339885K->164915K(465920K)] 628926K->488542K(1864192K), 0.0954909 secs] [Times: user=0.49 sys=0.00, real=0.10 secs] 
3674.617: [GC (Allocation Failure) [PSYoungGen: 397875K->181653K(465920K)] 721633K->557030K(1864192K), 0.0408542 secs] [Times: user=0.18 sys=0.00, real=0.04 secs] 
3674.806: [GC (Allocation Failure) [PSYoungGen: 414613K->185751K(465920K)] 789990K->624248K(1864192K), 0.0695992 secs] [Times: user=0.34 sys=0.00, real=0.07 secs] 
3675.005: [GC (Allocation Failure) [PSYoungGen: 418711K->187797K(465920K)] 857208K->685326K(1864192K), 0.0547597 secs] [Times: user=0.26 sys=0.00, real=0.05 secs] 
3676.229: [GC (Allocation Failure) [PSYoungGen: 420757K->95659K(465920K)] 918286K->663928K(1864192K), 0.0840291 secs] [Times: user=0.45 sys=0.00, real=0.09 secs] 
3676.529: [GC (Allocation Failure) [PSYoungGen: 328619K->180757K(465920K)] 896888K->779539K(1864192K), 0.0346869 secs] [Times: user=0.14 sys=0.01, real=0.04 secs] 
3676.675: [GC (Allocation Failure) [PSYoungGen: 413717K->185622K(465920K)] 1012499K->841087K(1864192K), 0.0432631 secs] [Times: user=0.19 sys=0.00, real=0.04 secs] 
3676.861: [GC (Allocation Failure) [PSYoungGen: 418582K->183956K(465920K)] 1074047K->895658K(1864192K), 0.0648738 secs] [Times: user=0.31 sys=0.00, real=0.07 secs] 
3678.436: [GC (Allocation Failure) [PSYoungGen: 416916K->104460K(465920K)] 1128618K->885626K(1864192K), 0.0472000 secs] [Times: user=0.24 sys=0.00, real=0.05 secs] 
3679.118: [GC (Allocation Failure) [PSYoungGen: 337420K->171988K(465920K)] 1118586K->986971K(1864192K), 0.0572736 secs] [Times: user=0.28 sys=0.00, real=0.06 secs] 
3679.286: [GC (Allocation Failure) [PSYoungGen: 404948K->185622K(465920K)] 1219931K->1054388K(1864192K), 0.0433223 secs] [Times: user=0.19 sys=0.00, real=0.04 secs] 
3679.442: [GC (Allocation Failure) [PSYoungGen: 418582K->185495K(465920K)] 1287348K->1118765K(1864192K), 0.0505593 secs] [Times: user=0.23 sys=0.00, real=0.05 secs] 
3679.959: [GC (Allocation Failure) [PSYoungGen: 418455K->178996K(465920K)] 1351725K->1171242K(1864192K), 0.1048983 secs] [Times: user=0.54 sys=0.00, real=0.11 secs] 
3681.579: [GC (Allocation Failure) [PSYoungGen: 411956K->92410K(465920K)] 1404202K->1152481K(1864192K), 0.0786874 secs] [Times: user=0.42 sys=0.00, real=0.08 secs] 
3681.859: [GC (Allocation Failure) [PSYoungGen: 325370K->180566K(465920K)] 1385441K->1270857K(1864192K), 0.0365323 secs] [Times: user=0.16 sys=0.00, real=0.04 secs] 
3682.006: [GC (Allocation Failure) [PSYoungGen: 413526K->185366K(465920K)] 1503817K->1331573K(1864192K), 0.0442659 secs] [Times: user=0.20 sys=0.00, real=0.04 secs] 
3682.156: [GC (Allocation Failure) [PSYoungGen: 418326K->184501K(465920K)] 1564533K->1387060K(1864192K), 0.0459068 secs] [Times: user=0.22 sys=0.00, real=0.04 secs] 
3683.159: [GC (Allocation Failure) [PSYoungGen: 417461K->103308K(465920K)] 1620020K->1375404K(1864192K), 0.0460018 secs] [Times: user=0.24 sys=0.00, real=0.05 secs] 
3683.553: [GC (GCLocker Initiated GC) [PSYoungGen: 336268K->172884K(465920K)] 1608364K->1478776K(1864192K), 0.0427920 secs] [Times: user=0.19 sys=0.00, real=0.04 secs] 
3683.705: [GC (Allocation Failure) [PSYoungGen: 405844K->182357K(465920K)] 1711775K->1542460K(1864192K), 0.0443036 secs] [Times: user=0.20 sys=0.00, real=0.04 secs] 
3683.750: [Full GC (Ergonomics) [PSYoungGen: 182357K->0K(465920K)] [ParOldGen: 1360102K->257314K(1398272K)] 1542460K->257314K(1864192K), [Metaspace: 60265K->60265K(1105920K)], 0.3179928 secs] [Times: user=1.46 sys=0.00, real=0.32 secs] 
3684.181: [GC (Allocation Failure) [PSYoungGen: 232960K->185879K(465920K)] 490274K->443193K(1864192K), 0.0851878 secs] [Times: user=0.44 sys=0.00, real=0.09 secs] 
3684.426: [GC (Allocation Failure) [PSYoungGen: 418839K->213332K(465920K)] 676153K->529447K(1864192K), 0.0536285 secs] [Times: user=0.26 sys=0.00, real=0.05 secs] 
3686.436: [GC (Allocation Failure) [PSYoungGen: 446292K->94059K(465920K)] 762407K->478113K(1864192K), 0.1083266 secs] [Times: user=0.58 sys=0.01, real=0.11 secs] 
3686.792: [GC (Allocation Failure) [PSYoungGen: 327019K->183990K(465920K)] 711073K->598926K(1864192K), 0.0342317 secs] [Times: user=0.13 sys=0.00, real=0.04 secs] 
3686.956: [GC (Allocation Failure) [PSYoungGen: 416950K->184758K(465920K)] 831886K->656669K(1864192K), 0.0515658 secs] [Times: user=0.25 sys=0.00, real=0.05 secs] 
3687.140: [GC (Allocation Failure) [PSYoungGen: 417718K->187765K(465920K)] 889629K->715805K(1864192K), 0.0463603 secs] [Times: user=0.22 sys=0.00, real=0.05 secs] 
3688.189: [GC (Allocation Failure) [PSYoungGen: 420725K->98700K(465920K)] 948765K->697627K(1864192K), 0.0440117 secs] [Times: user=0.23 sys=0.00, real=0.05 secs] 
3688.657: [GC (Allocation Failure) [PSYoungGen: 331660K->169972K(465920K)] 930587K->800877K(1864192K), 0.0723337 secs] [Times: user=0.35 sys=0.01, real=0.07 secs] 
3688.885: [GC (Allocation Failure) [PSYoungGen: 402932K->185462K(465920K)] 1033837K->869466K(1864192K), 0.0430839 secs] [Times: user=0.19 sys=0.00, real=0.04 secs] 
3689.041: [GC (Allocation Failure) [PSYoungGen: 418422K->185975K(465920K)] 1102426K->934363K(1864192K), 0.0504922 secs] [Times: user=0.23 sys=0.00, real=0.05 secs] 
3690.043: [GC (Allocation Failure) [PSYoungGen: 415480K->210739K(465920K)] 1163868K->1018296K(1864192K), 0.0570000 secs] [Times: user=0.28 sys=0.00, real=0.05 secs] 
3690.660: [GC (Allocation Failure) [PSYoungGen: 443699K->97595K(465920K)] 1251256K->971312K(1864192K), 0.1012573 secs] [Times: user=0.55 sys=0.00, real=0.10 secs] 
3690.973: [GC (Allocation Failure) [PSYoungGen: 330555K->183542K(465920K)] 1204272K->1088735K(1864192K), 0.0354216 secs] [Times: user=0.14 sys=0.00, real=0.03 secs] 
3691.118: [GC (Allocation Failure) [PSYoungGen: 416502K->185590K(465920K)] 1321695K->1147839K(1864192K), 0.0446455 secs] [Times: user=0.20 sys=0.00, real=0.05 secs] 
3691.274: [GC (Allocation Failure) [PSYoungGen: 418550K->187381K(465920K)] 1380799K->1205838K(1864192K), 0.0460897 secs] [Times: user=0.22 sys=0.00, real=0.04 secs] 
3692.838: [GC (Allocation Failure) [PSYoungGen: 420341K->102028K(465920K)] 1438798K->1191205K(1864192K), 0.1266490 secs] [Times: user=0.70 sys=0.00, real=0.13 secs] 
3694.168: [GC (Allocation Failure) [PSYoungGen: 334988K->168724K(465920K)] 1424165K->1290506K(1864192K), 0.0618307 secs] [Times: user=0.29 sys=0.00, real=0.06 secs] 
3694.368: [GC (Allocation Failure) [PSYoungGen: 401684K->185462K(465920K)] 1523466K->1360416K(1864192K), 0.0432430 secs] [Times: user=0.20 sys=0.00, real=0.04 secs] 
3694.524: [GC (Allocation Failure) [PSYoungGen: 418422K->186135K(465920K)] 1593376K->1425505K(1864192K), 0.0505888 secs] [Times: user=0.24 sys=0.00, real=0.05 secs] 
3695.423: [GC (Allocation Failure) [PSYoungGen: 419095K->169587K(465920K)] 1658465K->1467949K(1864192K), 0.0596210 secs] [Times: user=0.29 sys=0.00, real=0.06 secs] 
3696.093: [GC (Allocation Failure) [PSYoungGen: 402547K->110221K(465920K)] 1700909K->1473639K(1864192K), 0.0781109 secs] [Times: user=0.41 sys=0.01, real=0.07 secs] 
3696.172: [Full GC (Ergonomics) [PSYoungGen: 110221K->0K(465920K)] [ParOldGen: 1363418K->128228K(1398272K)] 1473639K->128228K(1864192K), [Metaspace: 60266K->60266K(1105920K)], 0.1538762 secs] [Times: user=0.70 sys=0.00, real=0.16 secs] 
3696.488: [GC (Allocation Failure) [PSYoungGen: 226229K->173653K(465920K)] 354457K->301881K(1864192K), 0.0276429 secs] [Times: user=0.11 sys=0.00, real=0.03 secs] 
3696.623: [GC (Allocation Failure) [PSYoungGen: 406613K->181973K(465920K)] 534841K->363817K(1864192K), 0.0411906 secs] [Times: user=0.19 sys=0.00, real=0.04 secs] 
3696.794: [GC (Allocation Failure) [PSYoungGen: 414933K->187477K(465920K)] 596777K->424313K(1864192K), 0.0527133 secs] [Times: user=0.26 sys=0.00, real=0.05 secs] 
3697.890: [GC (Allocation Failure) [PSYoungGen: 420437K->105820K(465920K)] 657273K->413377K(1864192K), 0.0446879 secs] [Times: user=0.23 sys=0.00, real=0.05 secs] 
3698.213: [GC (Allocation Failure) [PSYoungGen: 338780K->176085K(465920K)] 646337K->517302K(1864192K), 0.0686130 secs] [Times: user=0.33 sys=0.00, real=0.06 secs] 
3698.456: [GC (Allocation Failure) [PSYoungGen: 409045K->182101K(465920K)] 750262K->578674K(1864192K), 0.0429349 secs] [Times: user=0.19 sys=0.00, real=0.04 secs] 
3698.608: [GC (Allocation Failure) [PSYoungGen: 415061K->180214K(465920K)] 811634K->640175K(1864192K), 0.0481879 secs] [Times: user=0.22 sys=0.00, real=0.05 secs] 
3699.496: [GC (Allocation Failure) [PSYoungGen: 413174K->168915K(463872K)] 873135K->685988K(1862144K), 0.0561030 secs] [Times: user=0.29 sys=0.00, real=0.05 secs] 
3700.188: [GC (Allocation Failure) [PSYoungGen: 401856K->112301K(464896K)] 918929K->694030K(1863168K), 0.0637188 secs] [Times: user=0.33 sys=0.00, real=0.06 secs] 
3700.387: [GC (Allocation Failure) [PSYoungGen: 345261K->177557K(465920K)] 926990K->794975K(1864192K), 0.0369417 secs] [Times: user=0.16 sys=0.00, real=0.04 secs] 
3700.558: [GC (Allocation Failure) [PSYoungGen: 410517K->185431K(465920K)] 1027935K->865057K(1864192K), 0.0668011 secs] [Times: user=0.32 sys=0.00, real=0.07 secs] 
3700.760: [GC (Allocation Failure) [PSYoungGen: 418391K->187221K(465920K)] 1098017K->925599K(1864192K), 0.0566722 secs] [Times: user=0.28 sys=0.00, real=0.06 secs] 
3702.125: [GC (Allocation Failure) [PSYoungGen: 420181K->97547K(465920K)] 1158559K->906510K(1864192K), 0.1277606 secs] [Times: user=0.70 sys=0.01, real=0.13 secs] 
3703.131: [GC (Allocation Failure) [PSYoungGen: 330507K->176053K(465920K)] 1139470K->1016728K(1864192K), 0.0487749 secs] [Times: user=0.22 sys=0.00, real=0.05 secs] 
3703.304: [GC (Allocation Failure) [PSYoungGen: 409013K->185686K(465920K)] 1249688K->1081093K(1864192K), 0.0434833 secs] [Times: user=0.20 sys=0.00, real=0.04 secs] 
3703.449: [GC (Allocation Failure) [PSYoungGen: 402724K->169525K(465920K)] 1298132K->1129420K(1864192K), 0.0479677 secs] [Times: user=0.22 sys=0.00, real=0.05 secs] 
3704.271: [GC (Allocation Failure) [PSYoungGen: 398510K->189683K(465920K)] 1358405K->1203554K(1864192K), 0.0526593 secs] [Times: user=0.26 sys=0.01, real=0.06 secs] 
3704.723: [GC (Allocation Failure) [PSYoungGen: 422643K->102124K(465920K)] 1436514K->1180771K(1864192K), 0.0453203 secs] [Times: user=0.23 sys=0.00, real=0.04 secs] 
3704.924: [GC (Allocation Failure) [PSYoungGen: 331454K->180662K(465920K)] 1410101K->1291754K(1864192K), 0.0528226 secs] [Times: user=0.24 sys=0.00, real=0.05 secs] 
3705.107: [GC (Allocation Failure) [PSYoungGen: 413622K->185814K(465920K)] 1524714K->1353078K(1864192K), 0.0456679 secs] [Times: user=0.21 sys=0.00, real=0.05 secs] 
3705.473: [GC (Allocation Failure) [PSYoungGen: 418774K->187189K(465920K)] 1586038K->1410885K(1864192K), 0.0625316 secs] [Times: user=0.30 sys=0.00, real=0.06 secs] 
3706.584: [GC (Allocation Failure) [PSYoungGen: 420149K->97355K(465920K)] 1643845K->1391508K(1864192K), 0.0517299 secs] [Times: user=0.28 sys=0.00, real=0.05 secs] 
3707.418: [GC (Allocation Failure) [PSYoungGen: 330315K->172981K(465920K)] 1624468K->1498589K(1864192K), 0.0628899 secs] [Times: user=0.30 sys=0.00, real=0.06 secs] 
3707.481: [Full GC (Ergonomics) [PSYoungGen: 172981K->0K(465920K)] [ParOldGen: 1325608K->197349K(1398272K)] 1498589K->197349K(1864192K), [Metaspace: 60273K->60273K(1105920K)], 0.2187725 secs] [Times: user=1.03 sys=0.00, real=0.22 secs] 
3707.811: [GC (Allocation Failure) [PSYoungGen: 232960K->182229K(465920K)] 430309K->379578K(1864192K), 0.0325799 secs] [Times: user=0.13 sys=0.00, real=0.04 secs] 
3707.978: [GC (Allocation Failure) [PSYoungGen: 415189K->185655K(465920K)] 612538K->446908K(1864192K), 0.0459762 secs] [Times: user=0.21 sys=0.00, real=0.05 secs] 
3709.295: [GC (Allocation Failure) [PSYoungGen: 417815K->208275K(465920K)] 679069K->528520K(1864192K), 0.0554881 secs] [Times: user=0.28 sys=0.00, real=0.05 secs] 
3710.423: [GC (Allocation Failure) [PSYoungGen: 441235K->104108K(465920K)] 761480K->489769K(1864192K), 0.0788133 secs] [Times: user=0.42 sys=0.00, real=0.07 secs] 
3710.661: [GC (Allocation Failure) [PSYoungGen: 334701K->178293K(465920K)] 720363K->597472K(1864192K), 0.0350710 secs] [Times: user=0.14 sys=0.01, real=0.04 secs] 
3710.808: [GC (Allocation Failure) [PSYoungGen: 411253K->185462K(465920K)] 830432K->660144K(1864192K), 0.0429886 secs] [Times: user=0.20 sys=0.00, real=0.04 secs] 
3711.301: [GC (Allocation Failure) [PSYoungGen: 418422K->186709K(465920K)] 893104K->717567K(1864192K), 0.0715632 secs] [Times: user=0.35 sys=0.00, real=0.07 secs] 
3712.409: [GC (Allocation Failure) [PSYoungGen: 419669K->99420K(465920K)] 950527K->700614K(1864192K), 0.0448498 secs] [Times: user=0.23 sys=0.00, real=0.05 secs] 
3712.833: [GC (GCLocker Initiated GC) [PSYoungGen: 332380K->170420K(465920K)] 933574K->803824K(1864192K), 0.0594128 secs] [Times: user=0.27 sys=0.01, real=0.06 secs] 
3713.078: [GC (Allocation Failure) [PSYoungGen: 403380K->185430K(465920K)] 1037079K->872456K(1864192K), 0.0521208 secs] [Times: user=0.25 sys=0.00, real=0.05 secs] 
3713.239: [GC (Allocation Failure) [PSYoungGen: 418390K->185367K(465920K)] 1105416K->936881K(1864192K), 0.0519519 secs] [Times: user=0.25 sys=0.00, real=0.05 secs] 
3714.090: [GC (Allocation Failure) [PSYoungGen: 414145K->189011K(465920K)] 1165659K->999373K(1864192K), 0.0540162 secs] [Times: user=0.27 sys=0.00, real=0.06 secs] 
3714.610: [GC (Allocation Failure) [PSYoungGen: 421971K->105772K(465920K)] 1232333K->980695K(1864192K), 0.0628161 secs] [Times: user=0.32 sys=0.00, real=0.07 secs] 
3714.862: [GC (Allocation Failure) [PSYoungGen: 334102K->177205K(465920K)] 1209024K->1085692K(1864192K), 0.0456278 secs] [Times: user=0.20 sys=0.00, real=0.05 secs] 
3715.024: [GC (Allocation Failure) [PSYoungGen: 410165K->185622K(465920K)] 1318652K->1149601K(1864192K), 0.0441206 secs] [Times: user=0.20 sys=0.00, real=0.04 secs] 
3715.175: [GC (Allocation Failure) [PSYoungGen: 418582K->187029K(465920K)] 1382561K->1207184K(1864192K), 0.0461004 secs] [Times: user=0.21 sys=0.00, real=0.04 secs] 
3716.512: [GC (Allocation Failure) [PSYoungGen: 419989K->97499K(465920K)] 1440144K->1188143K(1864192K), 0.0909027 secs] [Times: user=0.49 sys=0.01, real=0.10 secs] 
3717.840: [GC (Allocation Failure) [PSYoungGen: 330459K->167316K(465920K)] 1421104K->1289158K(1864192K), 0.0579109 secs] [Times: user=0.27 sys=0.00, real=0.06 secs] 
3718.092: [GC (Allocation Failure) [PSYoungGen: 400276K->183029K(465920K)] 1522118K->1357307K(1864192K), 0.0622058 secs] [Times: user=0.30 sys=0.00, real=0.07 secs] 
3718.275: [GC (Allocation Failure) [PSYoungGen: 415989K->185847K(465920K)] 1590267K->1423957K(1864192K), 0.0527278 secs] [Times: user=0.25 sys=0.00, real=0.05 secs] 
3718.775: [GC (Allocation Failure) [PSYoungGen: 418807K->180756K(465920K)] 1656917K->1477929K(1864192K), 0.0546899 secs] [Times: user=0.26 sys=0.00, real=0.05 secs] 
3719.551: [GC (Allocation Failure) [PSYoungGen: 413716K->104812K(465920K)] 1710889K->1468978K(1864192K), 0.0656964 secs] [Times: user=0.35 sys=0.00, real=0.07 secs] 
3719.616: [Full GC (Ergonomics) [PSYoungGen: 104812K->0K(465920K)] [ParOldGen: 1364165K->122437K(1398272K)] 1468978K->122437K(1864192K), [Metaspace: 60274K->60274K(1105920K)], 0.1311485 secs] [Times: user=0.59 sys=0.00, real=0.13 secs] 
3719.906: [GC (Allocation Failure) [PSYoungGen: 232639K->177909K(465920K)] 355077K->300347K(1864192K), 0.0271117 secs] [Times: user=0.09 sys=0.01, real=0.03 secs] 
3720.042: [GC (Allocation Failure) [PSYoungGen: 410869K->185270K(465920K)] 533307K->362755K(1864192K), 0.0414492 secs] [Times: user=0.19 sys=0.00, real=0.05 secs] 
3720.189: [GC (Allocation Failure) [PSYoungGen: 418230K->187573K(465920K)] 595715K->421203K(1864192K), 0.0453598 secs] [Times: user=0.21 sys=0.00, real=0.05 secs] 
3721.159: [GC (Allocation Failure) [PSYoungGen: 420533K->97915K(465920K)] 654163K->402297K(1864192K), 0.0467652 secs] [Times: user=0.24 sys=0.00, real=0.05 secs] 
3721.517: [GC (Allocation Failure) [PSYoungGen: 330875K->176341K(465920K)] 635257K->512655K(1864192K), 0.0619692 secs] [Times: user=0.29 sys=0.00, real=0.06 secs] 
3721.719: [GC (Allocation Failure) [PSYoungGen: 409301K->185110K(465920K)] 745615K->576552K(1864192K), 0.0424811 secs] [Times: user=0.19 sys=0.00, real=0.04 secs] 
3721.897: [GC (Allocation Failure) [PSYoungGen: 411522K->179350K(465920K)] 802964K->635472K(1864192K), 0.0549042 secs] [Times: user=0.27 sys=0.00, real=0.05 secs] 
3722.716: [GC (Allocation Failure) [PSYoungGen: 408420K->207571K(465920K)] 864542K->720829K(1864192K), 0.0523784 secs] [Times: user=0.25 sys=0.00, real=0.05 secs] 
3724.544: [GC (Allocation Failure) [PSYoungGen: 440531K->95947K(465920K)] 953789K->674321K(1864192K), 0.1138252 secs] [Times: user=0.62 sys=0.00, real=0.11 secs] 
3725.016: [GC (Allocation Failure) [PSYoungGen: 328907K->183382K(465920K)] 907281K->792381K(1864192K), 0.0347747 secs] [Times: user=0.14 sys=0.01, real=0.03 secs] 
3725.161: [GC (Allocation Failure) [PSYoungGen: 416342K->185558K(465920K)] 1025341K->851509K(1864192K), 0.0437427 secs] [Times: user=0.20 sys=0.00, real=0.05 secs] 
3725.329: [GC (Allocation Failure) [PSYoungGen: 418518K->187797K(465920K)] 1084469K->909908K(1864192K), 0.0500566 secs] [Times: user=0.24 sys=0.00, real=0.05 secs] 
3726.396: [GC (Allocation Failure) [PSYoungGen: 420757K->100172K(465920K)] 1142868K->893019K(1864192K), 0.0498877 secs] [Times: user=0.26 sys=0.00, real=0.05 secs] 
3726.966: [GC (Allocation Failure) [PSYoungGen: 333132K->169972K(465920K)] 1125979K->995280K(1864192K), 0.0659788 secs] [Times: user=0.32 sys=0.00, real=0.06 secs] 
3727.175: [GC (Allocation Failure) [PSYoungGen: 402932K->185526K(465920K)] 1228240K->1064034K(1864192K), 0.0429704 secs] [Times: user=0.20 sys=0.00, real=0.04 secs] 
3727.356: [GC (Allocation Failure) [PSYoungGen: 418486K->186199K(465920K)] 1296994K->1129083K(1864192K), 0.0560216 secs] [Times: user=0.27 sys=0.00, real=0.05 secs] 
3728.286: [GC (Allocation Failure) [PSYoungGen: 419159K->169939K(465920K)] 1362043K->1172087K(1864192K), 0.0582318 secs] [Times: user=0.29 sys=0.00, real=0.06 secs] 
3728.652: [GC (Allocation Failure) [PSYoungGen: 402899K->106428K(465920K)] 1405047K->1173500K(1864192K), 0.0469226 secs] [Times: user=0.24 sys=0.00, real=0.05 secs] 
3728.817: [GC (Allocation Failure) [PSYoungGen: 339388K->180693K(465920K)] 1406460K->1282197K(1864192K), 0.0366462 secs] [Times: user=0.15 sys=0.00, real=0.04 secs] 
3729.002: [GC (Allocation Failure) [PSYoungGen: 413653K->184759K(465920K)] 1515157K->1349475K(1864192K), 0.0679343 secs] [Times: user=0.34 sys=0.00, real=0.07 secs] 
3729.191: [GC (Allocation Failure) [PSYoungGen: 417719K->184532K(465920K)] 1582435K->1407825K(1864192K), 0.0587538 secs] [Times: user=0.29 sys=0.00, real=0.06 secs] 
3730.369: [GC (Allocation Failure) [PSYoungGen: 417492K->95419K(465920K)] 1640785K->1388556K(1864192K), 0.0748738 secs] [Times: user=0.40 sys=0.01, real=0.08 secs] 
3731.272: [GC (Allocation Failure) [PSYoungGen: 328379K->172372K(465920K)] 1621516K->1496310K(1864192K), 0.0503047 secs] [Times: user=0.23 sys=0.00, real=0.06 secs] 
3731.323: [Full GC (Ergonomics) [PSYoungGen: 172372K->0K(465920K)] [ParOldGen: 1323937K->197035K(1398272K)] 1496310K->197035K(1864192K), [Metaspace: 60276K->60276K(1105920K)], 0.1971248 secs] [Times: user=0.90 sys=0.00, real=0.19 secs] 
3731.633: [GC (Allocation Failure) [PSYoungGen: 232960K->185526K(465920K)] 429995K->382561K(1864192K), 0.0334791 secs] [Times: user=0.13 sys=0.00, real=0.03 secs] 
3731.800: [GC (Allocation Failure) [PSYoungGen: 418065K->183767K(465920K)] 615101K->445154K(1864192K), 0.0490317 secs] [Times: user=0.23 sys=0.00, real=0.05 secs] 
3732.720: [GC (Allocation Failure) [PSYoungGen: 416727K->169395K(465920K)] 678114K->489166K(1864192K), 0.0558304 secs] [Times: user=0.29 sys=0.00, real=0.06 secs] 
3733.528: [GC (Allocation Failure) [PSYoungGen: 402355K->109869K(465920K)] 722126K->494364K(1864192K), 0.0888245 secs] [Times: user=0.47 sys=0.01, real=0.09 secs] 
3733.826: [GC (Allocation Failure) [PSYoungGen: 342829K->179253K(465920K)] 727324K->598950K(1864192K), 0.0408136 secs] [Times: user=0.18 sys=0.00, real=0.04 secs] 
3733.977: [GC (Allocation Failure) [PSYoungGen: 412213K->182038K(465920K)] 831910K->664207K(1864192K), 0.0483019 secs] [Times: user=0.22 sys=0.00, real=0.05 secs] 
3734.132: [GC (Allocation Failure) [PSYoungGen: 414998K->187701K(465920K)] 897167K->727806K(1864192K), 0.0582090 secs] [Times: user=0.29 sys=0.01, real=0.06 secs] 
3735.108: [GC (Allocation Failure) [PSYoungGen: 420661K->101196K(465920K)] 960766K->712213K(1864192K), 0.0469875 secs] [Times: user=0.25 sys=0.00, real=0.05 secs] 
3735.458: [GC (Allocation Failure) [PSYoungGen: 334156K->176245K(465920K)] 945173K->819674K(1864192K), 0.0633641 secs] [Times: user=0.29 sys=0.00, real=0.06 secs] 
3735.678: [GC (Allocation Failure) [PSYoungGen: 409092K->185430K(465920K)] 1052522K->884131K(1864192K), 0.0441195 secs] [Times: user=0.20 sys=0.00, real=0.04 secs] 
3735.826: [GC (Allocation Failure) [PSYoungGen: 411388K->171413K(465920K)] 1110090K->934483K(1864192K), 0.0489976 secs] [Times: user=0.22 sys=0.01, real=0.05 secs] 
3736.791: [GC (Allocation Failure) [PSYoungGen: 404373K->169203K(461824K)] 1167443K->986576K(1860096K), 0.0534434 secs] [Times: user=0.27 sys=0.00, real=0.06 secs] 
3737.550: [GC (Allocation Failure) [PSYoungGen: 402163K->112253K(463872K)] 1219536K->994399K(1862144K), 0.0905023 secs] [Times: user=0.48 sys=0.00, real=0.09 secs] 
3737.809: [GC (Allocation Failure) [PSYoungGen: 345213K->175508K(466944K)] 1227359K->1093583K(1865216K), 0.0361755 secs] [Times: user=0.15 sys=0.00, real=0.04 secs] 
3737.987: [GC (Allocation Failure) [PSYoungGen: 409492K->185751K(465920K)] 1327567K->1165621K(1864192K), 0.0705687 secs] [Times: user=0.34 sys=0.00, real=0.07 secs] 
3738.191: [GC (Allocation Failure) [PSYoungGen: 419735K->188469K(465920K)] 1399605K->1227212K(1864192K), 0.0581179 secs] [Times: user=0.29 sys=0.00, real=0.06 secs] 
3739.657: [GC (Allocation Failure) [PSYoungGen: 421429K->96955K(465920K)] 1460172K->1206794K(1864192K), 0.0755586 secs] [Times: user=0.41 sys=0.00, real=0.08 secs] 
3740.471: [GC (GCLocker Initiated GC) [PSYoungGen: 329915K->175253K(465920K)] 1439754K->1316249K(1864192K), 0.0505951 secs] [Times: user=0.23 sys=0.00, real=0.05 secs] 
3740.645: [GC (Allocation Failure) [PSYoungGen: 408213K->185494K(465920K)] 1549376K->1381441K(1864192K), 0.0449273 secs] [Times: user=0.20 sys=0.00, real=0.04 secs] 
3740.791: [GC (Allocation Failure) [PSYoungGen: 405620K->172309K(465920K)] 1601567K->1432576K(1864192K), 0.0498826 secs] [Times: user=0.24 sys=0.00, real=0.05 secs] 
3741.522: [GC (Allocation Failure) [PSYoungGen: 405269K->205779K(465920K)] 1665536K->1520781K(1864192K), 0.0531425 secs] [Times: user=0.26 sys=0.00, real=0.06 secs] 
3741.576: [Full GC (Ergonomics) [PSYoungGen: 205779K->0K(465920K)] [ParOldGen: 1315002K->363036K(1398272K)] 1520781K->363036K(1864192K), [Metaspace: 60282K->60282K(1105920K)], 0.5453734 secs] [Times: user=2.17 sys=0.00, real=0.54 secs] 
3742.715: [GC (Allocation Failure) [PSYoungGen: 232960K->109200K(465920K)] 595996K->472237K(1864192K), 0.0215354 secs] [Times: user=0.08 sys=0.00, real=0.02 secs] 
3742.891: [GC (Allocation Failure) [PSYoungGen: 336020K->178741K(465920K)] 699057K->580443K(1864192K), 0.0352691 secs] [Times: user=0.15 sys=0.00, real=0.04 secs] 
3743.033: [GC (Allocation Failure) [PSYoungGen: 411701K->185814K(465920K)] 813403K->642960K(1864192K), 0.0433406 secs] [Times: user=0.20 sys=0.00, real=0.04 secs] 
3743.181: [GC (Allocation Failure) [PSYoungGen: 418774K->187733K(465920K)] 875920K->701243K(1864192K), 0.0459550 secs] [Times: user=0.21 sys=0.00, real=0.05 secs] 
3744.258: [GC (Allocation Failure) [PSYoungGen: 420693K->95419K(465920K)] 934203K->679697K(1864192K), 0.0496195 secs] [Times: user=0.26 sys=0.00, real=0.05 secs] 
3744.771: [GC (Allocation Failure) [PSYoungGen: 328379K->174613K(465920K)] 912657K->790199K(1864192K), 0.0590828 secs] [Times: user=0.27 sys=0.00, real=0.06 secs] 
3745.020: [GC (Allocation Failure) [PSYoungGen: 407573K->184502K(465920K)] 1023159K->854516K(1864192K), 0.0611439 secs] [Times: user=0.29 sys=0.00, real=0.06 secs] 
3745.209: [GC (Allocation Failure) [PSYoungGen: 417462K->184663K(465920K)] 1087476K->918877K(1864192K), 0.0500708 secs] [Times: user=0.23 sys=0.01, real=0.05 secs] 
3746.134: [GC (Allocation Failure) [PSYoungGen: 417623K->168979K(465920K)] 1151837K->961817K(1864192K), 0.0580502 secs] [Times: user=0.29 sys=0.01, real=0.05 secs] 
3748.175: [GC (Allocation Failure) [PSYoungGen: 401939K->102700K(465920K)] 1194777K->960306K(1864192K), 0.1204867 secs] [Times: user=0.66 sys=0.00, real=0.12 secs] 
3748.498: [GC (Allocation Failure) [PSYoungGen: 333071K->179990K(465920K)] 1190677K->1070533K(1864192K), 0.0357135 secs] [Times: user=0.15 sys=0.00, real=0.04 secs] 
3748.642: [GC (Allocation Failure) [PSYoungGen: 412950K->185846K(465920K)] 1303493K->1132037K(1864192K), 0.0439785 secs] [Times: user=0.19 sys=0.00, real=0.05 secs] 
3749.061: [GC (Allocation Failure) [PSYoungGen: 418806K->184276K(465920K)] 1364997K->1186668K(1864192K), 0.0864244 secs] [Times: user=0.43 sys=0.01, real=0.09 secs] 
3750.657: [GC (Allocation Failure) [PSYoungGen: 417236K->98588K(465920K)] 1419628K->1170499K(1864192K), 0.0482140 secs] [Times: user=0.25 sys=0.01, real=0.05 secs] 
3751.095: [GC (Allocation Failure) [PSYoungGen: 331548K->170132K(465920K)] 1403459K->1274176K(1864192K), 0.0603185 secs] [Times: user=0.29 sys=0.00, real=0.06 secs] 
3751.288: [GC (Allocation Failure) [PSYoungGen: 403092K->181461K(465920K)] 1507141K->1338890K(1864192K), 0.0451259 secs] [Times: user=0.20 sys=0.00, real=0.05 secs] 
3751.479: [GC (Allocation Failure) [PSYoungGen: 414421K->183606K(465920K)] 1571850K->1404235K(1864192K), 0.0749735 secs] [Times: user=0.36 sys=0.01, real=0.08 secs] 
3752.217: [GC (Allocation Failure) [PSYoungGen: 416566K->199252K(465920K)] 1637195K->1478136K(1864192K), 0.0569185 secs] [Times: user=0.28 sys=0.00, real=0.06 secs] 
3753.524: [GC (Allocation Failure) [PSYoungGen: 432212K->97611K(465920K)] 1711096K->1444388K(1864192K), 0.1087937 secs] [Times: user=0.60 sys=0.01, real=0.10 secs] 
3753.632: [Full GC (Ergonomics) [PSYoungGen: 97611K->0K(465920K)] [ParOldGen: 1346776K->114839K(1398272K)] 1444388K->114839K(1864192K), [Metaspace: 60301K->60301K(1105920K)], 0.1724040 secs] [Times: user=0.74 sys=0.00, real=0.17 secs] 
3754.156: [GC (Allocation Failure) [PSYoungGen: 232960K->183670K(465920K)] 347799K->298509K(1864192K), 0.0275555 secs] [Times: user=0.10 sys=0.00, real=0.03 secs] 
3754.295: [GC (Allocation Failure) [PSYoungGen: 416630K->185366K(465920K)] 531469K->357305K(1864192K), 0.0416390 secs] [Times: user=0.19 sys=0.00, real=0.04 secs] 
3754.444: [GC (Allocation Failure) [PSYoungGen: 418326K->203157K(465920K)] 590265K->431304K(1864192K), 0.0457343 secs] [Times: user=0.21 sys=0.00, real=0.04 secs] 
3755.699: [GC (Allocation Failure) [PSYoungGen: 436117K->100172K(465920K)] 664264K->398767K(1864192K), 0.0701378 secs] [Times: user=0.37 sys=0.00, real=0.07 secs] 
3756.821: [GC (Allocation Failure) [PSYoungGen: 333132K->170004K(465920K)] 631727K->500836K(1864192K), 0.0590172 secs] [Times: user=0.27 sys=0.00, real=0.06 secs] 
3757.021: [GC (Allocation Failure) [PSYoungGen: 402964K->185270K(465920K)] 733796K->568946K(1864192K), 0.0436725 secs] [Times: user=0.20 sys=0.00, real=0.05 secs] 
3757.176: [GC (Allocation Failure) [PSYoungGen: 418230K->185879K(465920K)] 801906K->633891K(1864192K), 0.0545324 secs] [Times: user=0.24 sys=0.00, real=0.05 secs] 
3758.110: [GC (Allocation Failure) [PSYoungGen: 418839K->170195K(465920K)] 866851K->677383K(1864192K), 0.0584715 secs] [Times: user=0.29 sys=0.01, real=0.06 secs] 
3758.565: [GC (Allocation Failure) [PSYoungGen: 403155K->112333K(465920K)] 910343K->684657K(1864192K), 0.0784363 secs] [Times: user=0.41 sys=0.00, real=0.08 secs] 
3758.842: [GC (Allocation Failure) [PSYoungGen: 345293K->176404K(465920K)] 917617K->785042K(1864192K), 0.0427873 secs] [Times: user=0.19 sys=0.01, real=0.04 secs] 
3759.023: [GC (Allocation Failure) [PSYoungGen: 409364K->184375K(465920K)] 1018002K->854572K(1864192K), 0.0667258 secs] [Times: user=0.32 sys=0.01, real=0.06 secs] 
3759.389: [GC (Allocation Failure) [PSYoungGen: 417335K->183316K(465920K)] 1087532K->912094K(1864192K), 0.1047693 secs] [Times: user=0.54 sys=0.01, real=0.11 secs] 
3761.367: [GC (Allocation Failure) [PSYoungGen: 416276K->101276K(465920K)] 1145054K->899265K(1864192K), 0.0548652 secs] [Times: user=0.29 sys=0.01, real=0.05 secs] 
3762.153: [GC (Allocation Failure) [PSYoungGen: 334236K->168884K(465920K)] 1132225K->999290K(1864192K), 0.0592207 secs] [Times: user=0.28 sys=0.01, real=0.05 secs] 
3762.416: [GC (Allocation Failure) [PSYoungGen: 401844K->185238K(465920K)] 1232250K->1068788K(1864192K), 0.0574921 secs] [Times: user=0.27 sys=0.00, real=0.06 secs] 
3762.597: [GC (Allocation Failure) [PSYoungGen: 412963K->181430K(465920K)] 1296514K->1129413K(1864192K), 0.0503499 secs] [Times: user=0.23 sys=0.00, real=0.05 secs] 
3763.502: [GC (Allocation Failure) [PSYoungGen: 414390K->168595K(401920K)] 1362373K->1174265K(1800192K), 0.0579589 secs] [Times: user=0.29 sys=0.00, real=0.06 secs] 
3765.016: [GC (Allocation Failure) [PSYoungGen: 401555K->111405K(464896K)] 1407225K->1181795K(1863168K), 0.1119242 secs] [Times: user=0.60 sys=0.00, real=0.11 secs] 
3765.314: [GC (Allocation Failure) [PSYoungGen: 338072K->171956K(465408K)] 1408462K->1278092K(1863680K), 0.0356546 secs] [Times: user=0.15 sys=0.00, real=0.03 secs] 
3765.460: [GC (Allocation Failure) [PSYoungGen: 404404K->185270K(464384K)] 1510540K->1345069K(1862656K), 0.0434414 secs] [Times: user=0.20 sys=0.00, real=0.05 secs] 
3765.612: [GC (Allocation Failure) [PSYoungGen: 417718K->187029K(465408K)] 1577517K->1402836K(1863680K), 0.0464033 secs] [Times: user=0.21 sys=0.00, real=0.05 secs] 
3766.702: [GC (Allocation Failure) [PSYoungGen: 419477K->103228K(465920K)] 1635284K->1389595K(1864192K), 0.0575608 secs] [Times: user=0.30 sys=0.01, real=0.06 secs] 
3767.075: [GC (GCLocker Initiated GC) [PSYoungGen: 336188K->171508K(465920K)] 1622556K->1491521K(1864192K), 0.0668926 secs] [Times: user=0.32 sys=0.00, real=0.06 secs] 
3767.142: [Full GC (Ergonomics) [PSYoungGen: 171508K->0K(465920K)] [ParOldGen: 1320013K->197590K(1398272K)] 1491521K->197590K(1864192K), [Metaspace: 60303K->60303K(1105920K)], 0.2347719 secs] [Times: user=1.12 sys=0.00, real=0.24 secs] 
3767.524: [GC (Allocation Failure) [PSYoungGen: 232960K->181973K(465920K)] 430553K->379567K(1864192K), 0.0323423 secs] [Times: user=0.13 sys=0.00, real=0.03 secs] 
3767.695: [GC (Allocation Failure) [PSYoungGen: 414644K->184919K(465920K)] 612237K->445712K(1864192K), 0.0435055 secs] [Times: user=0.20 sys=0.00, real=0.04 secs] 
3768.612: [GC (Allocation Failure) [PSYoungGen: 417879K->168082K(460800K)] 678672K->487532K(1859072K), 0.0573468 secs] [Times: user=0.29 sys=0.00, real=0.06 secs] 
3769.180: [GC (Allocation Failure) [PSYoungGen: 401042K->110477K(463360K)] 720492K->494366K(1861632K), 0.1101155 secs] [Times: user=0.59 sys=0.00, real=0.11 secs] 
3769.493: [GC (Allocation Failure) [PSYoungGen: 336143K->172212K(465920K)] 720033K->591691K(1864192K), 0.0346022 secs] [Times: user=0.14 sys=0.00, real=0.03 secs] 
3769.669: [GC (Allocation Failure) [PSYoungGen: 407732K->187446K(465920K)] 827211K->660653K(1864192K), 0.0597394 secs] [Times: user=0.28 sys=0.00, real=0.06 secs] 
3769.869: [GC (Allocation Failure) [PSYoungGen: 422966K->186773K(465920K)] 896173K->716755K(1864192K), 0.0465248 secs] [Times: user=0.21 sys=0.00, real=0.05 secs] 
3771.010: [GC (Allocation Failure) [PSYoungGen: 419733K->101964K(465920K)] 949715K->702387K(1864192K), 0.0596433 secs] [Times: user=0.31 sys=0.00, real=0.06 secs] 
3772.313: [GC (Allocation Failure) [PSYoungGen: 334924K->175317K(465920K)] 935347K->808560K(1864192K), 0.0588440 secs] [Times: user=0.28 sys=0.00, real=0.05 secs] 
3772.563: [GC (GCLocker Initiated GC) [PSYoungGen: 408277K->181525K(465920K)] 1041520K->869721K(1864192K), 0.0587660 secs] [Times: user=0.28 sys=0.00, real=0.05 secs] 
3772.742: [GC (Allocation Failure) [PSYoungGen: 414485K->184695K(465920K)] 1119068K->944901K(1864192K), 0.1597589 secs] [Times: user=0.90 sys=0.00, real=0.16 secs] 
3773.842: [GC (Allocation Failure) [PSYoungGen: 417655K->149682K(465920K)] 1177861K->968665K(1864192K), 0.1596772 secs] [Times: user=0.91 sys=0.00, real=0.16 secs] 
3774.474: [GC (Allocation Failure) [PSYoungGen: 382642K->125199K(464896K)] 1201625K->991589K(1863168K), 0.1428405 secs] [Times: user=0.79 sys=0.01, real=0.14 secs] 
3774.759: [GC (Allocation Failure) [PSYoungGen: 358159K->174708K(465408K)] 1224549K->1081184K(1863680K), 0.0378821 secs] [Times: user=0.16 sys=0.00, real=0.04 secs] 
3774.956: [GC (Allocation Failure) [PSYoungGen: 407668K->185527K(463360K)] 1314144K->1153050K(1861632K), 0.0725561 secs] [Times: user=0.36 sys=0.00, real=0.07 secs] 
3775.302: [GC (Allocation Failure) [PSYoungGen: 417975K->187317K(465408K)] 1385498K->1213656K(1863680K), 0.0678453 secs] [Times: user=0.34 sys=0.00, real=0.07 secs] 
3776.809: [GC (Allocation Failure) [PSYoungGen: 419765K->96795K(465920K)] 1446104K->1193863K(1864192K), 0.0470387 secs] [Times: user=0.24 sys=0.00, real=0.05 secs] 
3777.362: [GC (Allocation Failure) [PSYoungGen: 329755K->171508K(465920K)] 1426823K->1299421K(1864192K), 0.0442602 secs] [Times: user=0.19 sys=0.00, real=0.05 secs] 
3777.596: [GC (Allocation Failure) [PSYoungGen: 404468K->182581K(465920K)] 1532381K->1364154K(1864192K), 0.0601941 secs] [Times: user=0.29 sys=0.00, real=0.06 secs] 
3777.775: [GC (Allocation Failure) [PSYoungGen: 415541K->187893K(465920K)] 1597114K->1425202K(1864192K), 0.0469008 secs] [Times: user=0.22 sys=0.00, real=0.04 secs] 
3778.709: [GC (Allocation Failure) [PSYoungGen: 420853K->150898K(465920K)] 1658162K->1458895K(1864192K), 0.0524937 secs] [Times: user=0.26 sys=0.00, real=0.05 secs] 
3779.962: [GC (Allocation Failure) [PSYoungGen: 383858K->128655K(465920K)] 1691855K->1484668K(1864192K), 0.1489419 secs] [Times: user=0.83 sys=0.00, real=0.15 secs] 
3780.111: [Full GC (Ergonomics) [PSYoungGen: 128655K->0K(465920K)] [ParOldGen: 1356012K->146247K(1398272K)] 1484668K->146247K(1864192K), [Metaspace: 60303K->60303K(1105920K)], 0.1623897 secs] [Times: user=0.75 sys=0.00, real=0.17 secs] 
3780.387: [GC (Allocation Failure) [PSYoungGen: 232960K->180277K(465920K)] 379207K->326525K(1864192K), 0.0263285 secs] [Times: user=0.10 sys=0.00, real=0.03 secs] 
3780.522: [GC (Allocation Failure) [PSYoungGen: 413237K->179926K(413184K)] 559485K->389006K(1811456K), 0.0470795 secs] [Times: user=0.22 sys=0.01, real=0.05 secs] 
3780.719: [GC (Allocation Failure) [PSYoungGen: 412886K->187573K(464896K)] 621966K->454277K(1863168K), 0.0608411 secs] [Times: user=0.30 sys=0.00, real=0.06 secs] 
3781.793: [GC (Allocation Failure) [PSYoungGen: 420021K->100972K(465408K)] 686725K->438564K(1863680K), 0.0560983 secs] [Times: user=0.30 sys=0.00, real=0.05 secs] 
3782.293: [GC (Allocation Failure) [PSYoungGen: 333420K->178133K(465920K)] 671012K->548238K(1864192K), 0.0461358 secs] [Times: user=0.20 sys=0.01, real=0.04 secs] 
3782.471: [GC (Allocation Failure) [PSYoungGen: 411093K->185622K(465920K)] 781198K->611443K(1864192K), 0.0435879 secs] [Times: user=0.20 sys=0.00, real=0.05 secs] 
3782.618: [GC (Allocation Failure) [PSYoungGen: 418582K->187189K(465920K)] 844403K->669338K(1864192K), 0.0458605 secs] [Times: user=0.21 sys=0.00, real=0.05 secs] 
3783.631: [GC (Allocation Failure) [PSYoungGen: 420149K->133552K(465920K)] 902298K->686317K(1864192K), 0.0484315 secs] [Times: user=0.24 sys=0.00, real=0.05 secs] 
3784.086: [GC (Allocation Failure) [PSYoungGen: 366512K->138992K(465920K)] 919277K->734117K(1864192K), 0.1120629 secs] [Times: user=0.60 sys=0.00, real=0.11 secs] 
3784.366: [GC (Allocation Failure) [PSYoungGen: 371952K->179541K(465920K)] 967077K->819199K(1864192K), 0.0389006 secs] [Times: user=0.17 sys=0.00, real=0.04 secs] 
3784.516: [GC (Allocation Failure) [PSYoungGen: 412501K->186199K(465920K)] 1052159K->888581K(1864192K), 0.0500745 secs] [Times: user=0.23 sys=0.00, real=0.05 secs] 
3784.673: [GC (Allocation Failure) [PSYoungGen: 419149K->187189K(465920K)] 1121531K->948563K(1864192K), 0.0582056 secs] [Times: user=0.29 sys=0.00, real=0.05 secs] 
3786.015: [GC (Allocation Failure) [PSYoungGen: 420149K->91499K(465920K)] 1181523K->923377K(1864192K), 0.0928739 secs] [Times: user=0.50 sys=0.00, real=0.09 secs] 
3786.711: [GC (Allocation Failure) [PSYoungGen: 324459K->178933K(465920K)] 1156337K->1040356K(1864192K), 0.0458413 secs] [Times: user=0.20 sys=0.00, real=0.05 secs] 
3786.882: [GC (Allocation Failure) [PSYoungGen: 411893K->182965K(465920K)] 1273316K->1100320K(1864192K), 0.0445481 secs] [Times: user=0.20 sys=0.00, real=0.05 secs] 
3787.058: [GC (Allocation Failure) [PSYoungGen: 415925K->187797K(465920K)] 1333280K->1160792K(1864192K), 0.0621696 secs] [Times: user=0.30 sys=0.00, real=0.06 secs] 
3788.509: [GC (Allocation Failure) [PSYoungGen: 420757K->128848K(465920K)] 1393752K->1172675K(1864192K), 0.0498145 secs] [Times: user=0.26 sys=0.00, real=0.05 secs] 
3789.568: [GC (Allocation Failure) [PSYoungGen: 360565K->141809K(465920K)] 1404392K->1226524K(1864192K), 0.1194364 secs] [Times: user=0.64 sys=0.01, real=0.12 secs] 
3789.873: [GC (Allocation Failure) [PSYoungGen: 374769K->177877K(465920K)] 1459484K->1308365K(1864192K), 0.0423620 secs] [Times: user=0.18 sys=0.01, real=0.04 secs] 
3790.026: [GC (Allocation Failure) [PSYoungGen: 410837K->185591K(465920K)] 1541325K->1378271K(1864192K), 0.0519347 secs] [Times: user=0.24 sys=0.00, real=0.05 secs] 
3790.345: [GC (Allocation Failure) [PSYoungGen: 418551K->186997K(465920K)] 1611231K->1438581K(1864192K), 0.0697368 secs] [Times: user=0.36 sys=0.00, real=0.07 secs] 
3791.809: [GC (GCLocker Initiated GC) [PSYoungGen: 419957K->97371K(465920K)] 1671542K->1419428K(1864192K), 0.0633468 secs] [Times: user=0.34 sys=0.00, real=0.06 secs] 
3791.872: [Full GC (Ergonomics) [PSYoungGen: 97371K->0K(465920K)] [ParOldGen: 1322057K->103086K(1398272K)] 1419428K->103086K(1864192K), [Metaspace: 60306K->60306K(1105920K)], 0.0770781 secs] [Times: user=0.31 sys=0.00, real=0.08 secs] 
3792.443: [GC (GCLocker Initiated GC) [PSYoungGen: 232960K->168692K(465920K)] 336050K->271783K(1864192K), 0.0343710 secs] [Times: user=0.13 sys=0.01, real=0.03 secs] 
3792.674: [GC (Allocation Failure) [PSYoungGen: 401652K->193910K(465920K)] 504746K->349576K(1864192K), 0.0577052 secs] [Times: user=0.27 sys=0.00, real=0.05 secs] 
3792.847: [GC (Allocation Failure) [PSYoungGen: 426870K->187957K(465920K)] 582536K->400039K(1864192K), 0.0445264 secs] [Times: user=0.20 sys=0.00, real=0.04 secs] 
3793.787: [GC (Allocation Failure) [PSYoungGen: 420917K->131088K(465920K)] 632999K->413986K(1864192K), 0.0480339 secs] [Times: user=0.23 sys=0.01, real=0.05 secs] 
3795.493: [GC (Allocation Failure) [PSYoungGen: 364048K->141521K(465920K)] 646946K->465891K(1864192K), 0.1172483 secs] [Times: user=0.64 sys=0.00, real=0.11 secs] 
3795.758: [GC (Allocation Failure) [PSYoungGen: 374481K->179573K(465920K)] 698851K->549676K(1864192K), 0.0389084 secs] [Times: user=0.17 sys=0.00, real=0.04 secs] 
3795.909: [GC (Allocation Failure) [PSYoungGen: 412533K->185143K(465920K)] 782636K->617750K(1864192K), 0.0488932 secs] [Times: user=0.23 sys=0.00, real=0.05 secs] 
3796.079: [GC (Allocation Failure) [PSYoungGen: 418103K->184788K(465920K)] 850710K->676204K(1864192K), 0.0720082 secs] [Times: user=0.37 sys=0.00, real=0.07 secs] 
3797.729: [GC (Allocation Failure) [PSYoungGen: 417748K->97883K(465920K)] 909164K->659010K(1864192K), 0.1171141 secs] [Times: user=0.64 sys=0.01, real=0.12 secs] 
3798.374: [GC (Allocation Failure) [PSYoungGen: 330843K->176532K(465920K)] 891970K->769420K(1864192K), 0.0414324 secs] [Times: user=0.18 sys=0.00, real=0.04 secs] 
3798.530: [GC (Allocation Failure) [PSYoungGen: 409492K->185590K(465920K)] 1002380K->832562K(1864192K), 0.0427860 secs] [Times: user=0.19 sys=0.00, real=0.05 secs] 
3798.679: [GC (Allocation Failure) [PSYoungGen: 418550K->187541K(465920K)] 1065522K->890785K(1864192K), 0.0456719 secs] [Times: user=0.21 sys=0.00, real=0.05 secs] 
3799.702: [GC (Allocation Failure) [PSYoungGen: 420501K->127759K(465920K)] 1123745K->901580K(1864192K), 0.0482926 secs] [Times: user=0.25 sys=0.00, real=0.05 secs] 
3800.249: [GC (Allocation Failure) [PSYoungGen: 360719K->143665K(465920K)] 1134540K->957997K(1864192K), 0.0936149 secs] [Times: user=0.50 sys=0.00, real=0.10 secs] 
3800.468: [GC (Allocation Failure) [PSYoungGen: 376625K->184438K(465920K)] 1190957K->1044151K(1864192K), 0.0397555 secs] [Times: user=0.17 sys=0.00, real=0.04 secs] 
3800.619: [GC (Allocation Failure) [PSYoungGen: 417398K->186231K(465920K)] 1277111K->1110132K(1864192K), 0.0501310 secs] [Times: user=0.24 sys=0.00, real=0.05 secs] 
3800.776: [GC (Allocation Failure) [PSYoungGen: 419191K->187285K(465920K)] 1343092K->1170362K(1864192K), 0.0577687 secs] [Times: user=0.29 sys=0.00, real=0.06 secs] 
3801.987: [GC (Allocation Failure) [PSYoungGen: 420245K->95323K(465920K)] 1403322K->1149032K(1864192K), 0.0565931 secs] [Times: user=0.30 sys=0.01, real=0.06 secs] 
3802.528: [GC (Allocation Failure) [PSYoungGen: 328283K->179605K(465920K)] 1381992K->1264147K(1864192K), 0.0339841 secs] [Times: user=0.14 sys=0.00, real=0.03 secs] 
3802.691: [GC (Allocation Failure) [PSYoungGen: 412565K->179701K(465920K)] 1497107K->1320239K(1864192K), 0.0583289 secs] [Times: user=0.28 sys=0.00, real=0.06 secs] 
3802.919: [GC (Allocation Failure) [PSYoungGen: 412661K->187701K(465920K)] 1553199K->1383215K(1864192K), 0.0646265 secs] [Times: user=0.31 sys=0.00, real=0.07 secs] 
3803.991: [GC (Allocation Failure) [PSYoungGen: 420661K->120303K(465920K)] 1616175K->1386529K(1864192K), 0.0496192 secs] [Times: user=0.25 sys=0.00, real=0.05 secs] 
3804.821: [GC (Allocation Failure) [PSYoungGen: 353263K->153378K(465920K)] 1619489K->1457844K(1864192K), 0.1072843 secs] [Times: user=0.58 sys=0.00, real=0.11 secs] 
3805.113: [GC (Allocation Failure) [PSYoungGen: 386338K->184694K(465920K)] 1690804K->1537721K(1864192K), 0.0506734 secs] [Times: user=0.23 sys=0.00, real=0.05 secs] 
3805.164: [Full GC (Ergonomics) [PSYoungGen: 184694K->0K(465920K)] [ParOldGen: 1353027K->250267K(1398272K)] 1537721K->250267K(1864192K), [Metaspace: 60306K->60306K(1105920K)], 0.2957446 secs] [Times: user=1.35 sys=0.00, real=0.29 secs] 
3805.571: [GC (Allocation Failure) [PSYoungGen: 232960K->182774K(465920K)] 483227K->433042K(1864192K), 0.0838419 secs] [Times: user=0.44 sys=0.00, real=0.09 secs] 
3805.763: [GC (Allocation Failure) [PSYoungGen: 415734K->187253K(465920K)] 666002K->496009K(1864192K), 0.0564286 secs] [Times: user=0.28 sys=0.00, real=0.05 secs] 
3806.797: [GC (Allocation Failure) [PSYoungGen: 418484K->95147K(465920K)] 727240K->474431K(1864192K), 0.0659044 secs] [Times: user=0.35 sys=0.00, real=0.07 secs] 
3807.138: [GC (GCLocker Initiated GC) [PSYoungGen: 328107K->176821K(465920K)] 707392K->587215K(1864192K), 0.0429385 secs] [Times: user=0.19 sys=0.00, real=0.04 secs] 
3807.300: [GC (Allocation Failure) [PSYoungGen: 409781K->184758K(465920K)] 820341K->650482K(1864192K), 0.0443819 secs] [Times: user=0.20 sys=0.01, real=0.05 secs] 
3807.483: [GC (Allocation Failure) [PSYoungGen: 417718K->187413K(465920K)] 883442K->709105K(1864192K), 0.0512194 secs] [Times: user=0.25 sys=0.00, real=0.05 secs] 
3808.517: [GC (Allocation Failure) [PSYoungGen: 420373K->112669K(465920K)] 942065K->704938K(1864192K), 0.0473577 secs] [Times: user=0.24 sys=0.00, real=0.05 secs] 
3808.974: [GC (Allocation Failure) [PSYoungGen: 345629K->155122K(465920K)] 937898K->783927K(1864192K), 0.0984316 secs] [Times: user=0.52 sys=0.00, real=0.10 secs] 
3809.246: [GC (Allocation Failure) [PSYoungGen: 388082K->185174K(465920K)] 1016887K->862379K(1864192K), 0.0415177 secs] [Times: user=0.19 sys=0.00, real=0.04 secs] 
3809.396: [GC (Allocation Failure) [PSYoungGen: 418134K->183446K(465920K)] 1095339K->925135K(1864192K), 0.0495769 secs] [Times: user=0.23 sys=0.00, real=0.05 secs] 
3809.597: [GC (Allocation Failure) [PSYoungGen: 416406K->187445K(465920K)] 1158095K->987670K(1864192K), 0.0786589 secs] [Times: user=0.40 sys=0.00, real=0.08 secs] 
3811.662: [GC (Allocation Failure) [PSYoungGen: 420215K->90826K(465920K)] 1220440K->961684K(1864192K), 0.1290764 secs] [Times: user=0.72 sys=0.00, real=0.13 secs] 
3812.112: [GC (Allocation Failure) [PSYoungGen: 323786K->180726K(465920K)] 1194644K->1081340K(1864192K), 0.0374669 secs] [Times: user=0.16 sys=0.00, real=0.04 secs] 
3812.260: [GC (Allocation Failure) [PSYoungGen: 413686K->182645K(465920K)] 1314300K->1139359K(1864192K), 0.0449891 secs] [Times: user=0.21 sys=0.00, real=0.05 secs] 
3812.414: [GC (Allocation Failure) [PSYoungGen: 415605K->187733K(465920K)] 1372319K->1200183K(1864192K), 0.0470262 secs] [Times: user=0.22 sys=0.00, real=0.04 secs] 
3813.441: [GC (Allocation Failure) [PSYoungGen: 420693K->111421K(465920K)] 1433143K->1194743K(1864192K), 0.0477188 secs] [Times: user=0.24 sys=0.00, real=0.05 secs] 
3813.841: [GC (Allocation Failure) [PSYoungGen: 344381K->161907K(465920K)] 1427703K->1281242K(1864192K), 0.0551791 secs] [Times: user=0.28 sys=0.00, real=0.06 secs] 
3814.035: [GC (Allocation Failure) [PSYoungGen: 394867K->182325K(465920K)] 1514202K->1352156K(1864192K), 0.0548499 secs] [Times: user=0.26 sys=0.01, real=0.05 secs] 
3814.224: [GC (Allocation Failure) [PSYoungGen: 415285K->184919K(465920K)] 1585116K->1418198K(1864192K), 0.0515910 secs] [Times: user=0.25 sys=0.00, real=0.05 secs] 
3814.381: [GC (Allocation Failure) [PSYoungGen: 417879K->187701K(465920K)] 1651158K->1479796K(1864192K), 0.0590397 secs] [Times: user=0.30 sys=0.00, real=0.06 secs] 
3815.530: [GC (Allocation Failure) [PSYoungGen: 420661K->93771K(465920K)] 1712756K->1456818K(1864192K), 0.0784562 secs] [Times: user=0.42 sys=0.01, real=0.08 secs] 
3815.609: [Full GC (Ergonomics) [PSYoungGen: 93771K->0K(465920K)] [ParOldGen: 1363047K->107362K(1398272K)] 1456818K->107362K(1864192K), [Metaspace: 60307K->60307K(1105920K)], 0.1353245 secs] [Times: user=0.56 sys=0.00, real=0.14 secs] 
3815.942: [GC (Allocation Failure) [PSYoungGen: 232960K->180373K(465920K)] 340322K->287736K(1864192K), 0.0255470 secs] [Times: user=0.09 sys=0.00, real=0.03 secs] 
3816.077: [GC (Allocation Failure) [PSYoungGen: 413333K->182133K(465920K)] 520696K->345812K(1864192K), 0.0408656 secs] [Times: user=0.18 sys=0.00, real=0.04 secs] 
3816.270: [GC (Allocation Failure) [PSYoungGen: 415093K->204117K(465920K)] 578772K->423115K(1864192K), 0.0668169 secs] [Times: user=0.33 sys=0.00, real=0.07 secs] 
3817.326: [GC (Allocation Failure) [PSYoungGen: 437077K->108605K(465920K)] 656075K->398595K(1864192K), 0.0449600 secs] [Times: user=0.23 sys=0.00, real=0.04 secs] 
3818.482: [GC (Allocation Failure) [PSYoungGen: 341565K->166004K(465920K)] 631555K->491271K(1864192K), 0.0743575 secs] [Times: user=0.37 sys=0.00, real=0.08 secs] 
3818.744: [GC (Allocation Failure) [PSYoungGen: 398964K->184982K(465920K)] 724231K->562441K(1864192K), 0.0634386 secs] [Times: user=0.27 sys=0.00, real=0.06 secs] 
3818.926: [GC (Allocation Failure) [PSYoungGen: 417942K->185879K(465920K)] 795401K->627614K(1864192K), 0.0497631 secs] [Times: user=0.23 sys=0.00, real=0.05 secs] 
3819.081: [GC (Allocation Failure) [PSYoungGen: 418839K->184404K(465920K)] 860574K->685316K(1864192K), 0.0539606 secs] [Times: user=0.26 sys=0.00, real=0.06 secs] 
3820.279: [GC (Allocation Failure) [PSYoungGen: 417364K->94203K(465920K)] 918276K->664546K(1864192K), 0.0723782 secs] [Times: user=0.38 sys=0.00, real=0.07 secs] 
3820.600: [GC (Allocation Failure) [PSYoungGen: 327163K->183958K(465920K)] 897506K->784922K(1864192K), 0.0417211 secs] [Times: user=0.18 sys=0.00, real=0.04 secs] 
3820.751: [GC (Allocation Failure) [PSYoungGen: 416918K->185078K(465920K)] 1017882K->843050K(1864192K), 0.0453829 secs] [Times: user=0.20 sys=0.00, real=0.05 secs] 
3820.904: [GC (Allocation Failure) [PSYoungGen: 418038K->187221K(465920K)] 1076010K->901473K(1864192K), 0.0470585 secs] [Times: user=0.22 sys=0.00, real=0.04 secs] 
3821.886: [GC (Allocation Failure) [PSYoungGen: 420181K->100364K(465920K)] 1134433K->885304K(1864192K), 0.0459940 secs] [Times: user=0.24 sys=0.00, real=0.04 secs] 
3822.257: [GC (GCLocker Initiated GC) [PSYoungGen: 333324K->173205K(465920K)] 1118264K->990929K(1864192K), 0.0444304 secs] [Times: user=0.21 sys=0.00, real=0.04 secs] 
3822.437: [GC (Allocation Failure) [PSYoungGen: 406165K->185718K(465920K)] 1224056K->1057669K(1864192K), 0.0477290 secs] [Times: user=0.23 sys=0.00, real=0.05 secs] 
3822.634: [GC (Allocation Failure) [PSYoungGen: 418678K->181462K(465920K)] 1290629K->1117806K(1864192K), 0.0694720 secs] [Times: user=0.34 sys=0.01, real=0.07 secs] 
3823.630: [GC (Allocation Failure) [PSYoungGen: 412250K->215604K(465920K)] 1348594K->1209603K(1864192K), 0.0576255 secs] [Times: user=0.29 sys=0.00, real=0.06 secs] 
3824.264: [GC (Allocation Failure) [PSYoungGen: 448564K->97627K(465920K)] 1442563K->1159619K(1864192K), 0.1015571 secs] [Times: user=0.55 sys=0.01, real=0.10 secs] 
3824.660: [GC (Allocation Failure) [PSYoungGen: 330587K->183446K(465920K)] 1392579K->1277234K(1864192K), 0.0361179 secs] [Times: user=0.15 sys=0.00, real=0.04 secs] 
3824.822: [GC (Allocation Failure) [PSYoungGen: 416406K->182581K(465920K)] 1510194K->1333477K(1864192K), 0.0551621 secs] [Times: user=0.26 sys=0.00, real=0.06 secs] 
3825.021: [GC (Allocation Failure) [PSYoungGen: 415541K->187605K(465920K)] 1566437K->1394021K(1864192K), 0.0667747 secs] [Times: user=0.32 sys=0.00, real=0.07 secs] 
3826.555: [GC (Allocation Failure) [PSYoungGen: 420565K->103132K(465920K)] 1626981K->1380432K(1864192K), 0.0842523 secs] [Times: user=0.46 sys=0.00, real=0.08 secs] 
3827.840: [GC (Allocation Failure) [PSYoungGen: 336092K->171124K(465920K)] 1613392K->1481617K(1864192K), 0.0660112 secs] [Times: user=0.32 sys=0.00, real=0.07 secs] 
3828.035: [GC (Allocation Failure) [PSYoungGen: 404084K->182165K(465920K)] 1714577K->1545962K(1864192K), 0.0441846 secs] [Times: user=0.20 sys=0.00, real=0.04 secs] 
3828.079: [Full GC (Ergonomics) [PSYoungGen: 182165K->0K(465920K)] [ParOldGen: 1363796K->259169K(1398272K)] 1545962K->259169K(1864192K), [Metaspace: 60308K->60308K(1105920K)], 0.3278075 secs] [Times: user=1.52 sys=0.00, real=0.33 secs] 
3828.520: [GC (Allocation Failure) [PSYoungGen: 232960K->186007K(465920K)] 492129K->445176K(1864192K), 0.0851826 secs] [Times: user=0.45 sys=0.00, real=0.09 secs] 
3830.032: [GC (Allocation Failure) [PSYoungGen: 416557K->209459K(465920K)] 675726K->527773K(1864192K), 0.0550929 secs] [Times: user=0.27 sys=0.00, real=0.06 secs] 
3830.571: [GC (Allocation Failure) [PSYoungGen: 442419K->95419K(465920K)] 760733K->479524K(1864192K), 0.0920023 secs] [Times: user=0.49 sys=0.00, real=0.10 secs] 
3830.883: [GC (Allocation Failure) [PSYoungGen: 328379K->184278K(465920K)] 712484K->599608K(1864192K), 0.0345577 secs] [Times: user=0.13 sys=0.00, real=0.03 secs] 
3831.041: [GC (Allocation Failure) [PSYoungGen: 417238K->180981K(465920K)] 832568K->653408K(1864192K), 0.0499957 secs] [Times: user=0.23 sys=0.00, real=0.05 secs] 
3831.235: [GC (GCLocker Initiated GC) [PSYoungGen: 413941K->187221K(465920K)] 886368K->714624K(1864192K), 0.0629888 secs] [Times: user=0.30 sys=0.01, real=0.06 secs] 
3832.236: [GC (Allocation Failure) [PSYoungGen: 420181K->105436K(465920K)] 947586K->703569K(1864192K), 0.0537567 secs] [Times: user=0.28 sys=0.00, real=0.05 secs] 
3832.572: [GC (Allocation Failure) [PSYoungGen: 338396K->173621K(465920K)] 936529K->806266K(1864192K), 0.0397703 secs] [Times: user=0.18 sys=0.00, real=0.04 secs] 
3832.748: [GC (Allocation Failure) [PSYoungGen: 406581K->179701K(465920K)] 1039226K->866630K(1864192K), 0.0585827 secs] [Times: user=0.27 sys=0.00, real=0.06 secs] 
3832.949: [GC (Allocation Failure) [PSYoungGen: 412661K->185815K(465920K)] 1099590K->936016K(1864192K), 0.0492911 secs] [Times: user=0.23 sys=0.00, real=0.05 secs] 
3835.191: [GC (Allocation Failure) [PSYoungGen: 418080K->211123K(465920K)] 1168282K->1020381K(1864192K), 0.0573760 secs] [Times: user=0.28 sys=0.00, real=0.06 secs] 
3836.695: [GC (Allocation Failure) [PSYoungGen: 444083K->96187K(465920K)] 1253341K->971936K(1864192K), 0.1110085 secs] [Times: user=0.61 sys=0.00, real=0.11 secs] 
3837.076: [GC (Allocation Failure) [PSYoungGen: 329147K->183766K(465920K)] 1204896K->1090724K(1864192K), 0.0374428 secs] [Times: user=0.16 sys=0.00, real=0.04 secs] 
3837.291: [GC (Allocation Failure) [PSYoungGen: 416726K->184758K(465920K)] 1323684K->1148772K(1864192K), 0.0689129 secs] [Times: user=0.34 sys=0.00, real=0.07 secs] 
3837.500: [GC (Allocation Failure) [PSYoungGen: 417718K->187093K(465920K)] 1381732K->1207139K(1864192K), 0.0465275 secs] [Times: user=0.22 sys=0.00, real=0.05 secs] 
3838.877: [GC (Allocation Failure) [PSYoungGen: 420053K->97019K(465920K)] 1440099K->1187770K(1864192K), 0.0452643 secs] [Times: user=0.24 sys=0.00, real=0.04 secs] 
3839.298: [GC (GCLocker Initiated GC) [PSYoungGen: 329979K->173333K(465920K)] 1420746K->1295788K(1864192K), 0.0582901 secs] [Times: user=0.21 sys=0.00, real=0.06 secs] 
3839.497: [GC (Allocation Failure) [PSYoungGen: 406293K->189685K(465920K)] 1528787K->1366259K(1864192K), 0.0437639 secs] [Times: user=0.19 sys=0.00, real=0.04 secs] 
3839.702: [GC (Allocation Failure) [PSYoungGen: 422645K->185783K(465920K)] 1599219K->1425541K(1864192K), 0.0725397 secs] [Times: user=0.36 sys=0.00, real=0.07 secs] 
3840.434: [GC (Allocation Failure) [PSYoungGen: 418743K->213236K(465920K)] 1658501K->1512090K(1864192K), 0.0556294 secs] [Times: user=0.28 sys=0.00, real=0.05 secs] 
3841.602: [GC (Allocation Failure) [PSYoungGen: 446196K->98491K(465920K)] 1745050K->1464266K(1864192K), 0.1178389 secs] [Times: user=0.64 sys=0.00, real=0.12 secs] 
3841.720: [Full GC (Ergonomics) [PSYoungGen: 98491K->0K(465920K)] [ParOldGen: 1365774K->116037K(1398272K)] 1464266K->116037K(1864192K), [Metaspace: 60308K->60308K(1105920K)], 0.1849482 secs] [Times: user=0.84 sys=0.00, real=0.19 secs] 
3842.143: [GC (Allocation Failure) [PSYoungGen: 232960K->183702K(465920K)] 348997K->299740K(1864192K), 0.0253608 secs] [Times: user=0.08 sys=0.01, real=0.02 secs] 
3842.279: [GC (Allocation Failure) [PSYoungGen: 416662K->184790K(465920K)] 532700K->358039K(1864192K), 0.0416177 secs] [Times: user=0.19 sys=0.00, real=0.04 secs] 
3842.425: [GC (Allocation Failure) [PSYoungGen: 417750K->187509K(465920K)] 590999K->416967K(1864192K), 0.0447380 secs] [Times: user=0.20 sys=0.00, real=0.04 secs] 
3844.234: [GC (Allocation Failure) [PSYoungGen: 420469K->99628K(465920K)] 649927K->399709K(1864192K), 0.0670965 secs] [Times: user=0.36 sys=0.00, real=0.06 secs] 
3845.109: [GC (Allocation Failure) [PSYoungGen: 332588K->172180K(465920K)] 632669K->504767K(1864192K), 0.0502801 secs] [Times: user=0.23 sys=0.00, real=0.05 secs] 
3845.334: [GC (Allocation Failure) [PSYoungGen: 405140K->183029K(465920K)] 737727K->569548K(1864192K), 0.0624928 secs] [Times: user=0.29 sys=0.00, real=0.06 secs] 
3845.521: [GC (Allocation Failure) [PSYoungGen: 415989K->182390K(465920K)] 802508K->632565K(1864192K), 0.0487516 secs] [Times: user=0.23 sys=0.00, real=0.05 secs] 
3846.700: [GC (Allocation Failure) [PSYoungGen: 415350K->174003K(465920K)] 865525K->681922K(1864192K), 0.0579596 secs] [Times: user=0.29 sys=0.00, real=0.06 secs] 
3847.219: [GC (Allocation Failure) [PSYoungGen: 406963K->104604K(465920K)] 914882K->678827K(1864192K), 0.0861550 secs] [Times: user=0.46 sys=0.00, real=0.09 secs] 
3847.508: [GC (Allocation Failure) [PSYoungGen: 332880K->179285K(465920K)] 907103K->787621K(1864192K), 0.0347817 secs] [Times: user=0.14 sys=0.00, real=0.04 secs] 
3847.652: [GC (Allocation Failure) [PSYoungGen: 412245K->182645K(465920K)] 1020581K->846525K(1864192K), 0.0423288 secs] [Times: user=0.19 sys=0.00, real=0.04 secs] 
3847.882: [GC (Allocation Failure) [PSYoungGen: 415605K->186837K(465920K)] 1079485K->905861K(1864192K), 0.0636994 secs] [Times: user=0.31 sys=0.01, real=0.07 secs] 
3848.941: [GC (Allocation Failure) [PSYoungGen: 419797K->105724K(465920K)] 1138821K->895244K(1864192K), 0.0447369 secs] [Times: user=0.23 sys=0.00, real=0.05 secs] 
3849.630: [GC (Allocation Failure) [PSYoungGen: 338684K->172948K(465920K)] 1128204K->996201K(1864192K), 0.0741518 secs] [Times: user=0.32 sys=0.00, real=0.08 secs] 
3849.839: [GC (Allocation Failure) [PSYoungGen: 405908K->179957K(465920K)] 1229161K->1057358K(1864192K), 0.0419841 secs] [Times: user=0.19 sys=0.00, real=0.04 secs] 
3849.994: [GC (Allocation Failure) [PSYoungGen: 412917K->186007K(465920K)] 1290318K->1143072K(1864192K), 0.0495893 secs] [Times: user=0.23 sys=0.00, real=0.05 secs] 
3850.934: [GC (Allocation Failure) [PSYoungGen: 418967K->168883K(465920K)] 1376032K->1185019K(1864192K), 0.0562634 secs] [Times: user=0.29 sys=0.00, real=0.05 secs] 
3851.856: [GC (Allocation Failure) [PSYoungGen: 401843K->114317K(465920K)] 1417979K->1195318K(1864192K), 0.0879677 secs] [Times: user=0.46 sys=0.00, real=0.09 secs] 
3852.114: [GC (Allocation Failure) [PSYoungGen: 347277K->180373K(465920K)] 1428278K->1298251K(1864192K), 0.0373231 secs] [Times: user=0.16 sys=0.00, real=0.03 secs] 
3852.296: [GC (Allocation Failure) [PSYoungGen: 413333K->180502K(465920K)] 1531211K->1361092K(1864192K), 0.0803758 secs] [Times: user=0.40 sys=0.00, real=0.08 secs] 
3852.507: [GC (Allocation Failure) [PSYoungGen: 413462K->187317K(465920K)] 1594052K->1425619K(1864192K), 0.0583787 secs] [Times: user=0.29 sys=0.00, real=0.06 secs] 
3853.606: [GC (GCLocker Initiated GC) [PSYoungGen: 420277K->95131K(465920K)] 1658579K->1404121K(1864192K), 0.0478561 secs] [Times: user=0.25 sys=0.00, real=0.05 secs] 
3853.960: [GC (Allocation Failure) [PSYoungGen: 328091K->177461K(465920K)] 1637212K->1517786K(1864192K), 0.0603388 secs] [Times: user=0.28 sys=0.00, real=0.06 secs] 
3854.020: [Full GC (Ergonomics) [PSYoungGen: 177461K->0K(465920K)] [ParOldGen: 1340325K->205451K(1398272K)] 1517786K->205451K(1864192K), [Metaspace: 60308K->60308K(1105920K)], 0.2242586 secs] [Times: user=1.05 sys=0.00, real=0.23 secs] 
3854.379: [GC (Allocation Failure) [PSYoungGen: 232960K->184950K(465920K)] 438411K->390401K(1864192K), 0.0315938 secs] [Times: user=0.13 sys=0.00, real=0.03 secs] 
3854.513: [GC (Allocation Failure) [PSYoungGen: 401547K->171509K(465920K)] 606999K->441321K(1864192K), 0.0430366 secs] [Times: user=0.20 sys=0.00, real=0.04 secs] 
3855.371: [GC (Allocation Failure) [PSYoungGen: 404469K->168595K(401920K)] 674281K->493070K(1800192K), 0.0547141 secs] [Times: user=0.28 sys=0.00, real=0.06 secs] 
3855.803: [GC (Allocation Failure) [PSYoungGen: 401555K->107180K(459776K)] 726030K->496104K(1858048K), 0.0665353 secs] [Times: user=0.35 sys=0.00, real=0.06 secs] 
3856.256: [GC (Allocation Failure) [PSYoungGen: 333340K->176181K(462848K)] 722264K->599202K(1861120K), 0.0454896 secs] [Times: user=0.20 sys=0.00, real=0.04 secs] 
3856.459: [GC (Allocation Failure) [PSYoungGen: 406069K->180629K(465408K)] 829090K->658422K(1863680K), 0.0591629 secs] [Times: user=0.28 sys=0.01, real=0.06 secs] 
3856.652: [GC (Allocation Failure) [PSYoungGen: 414101K->187925K(465920K)] 891894K->720598K(1864192K), 0.0442927 secs] [Times: user=0.20 sys=0.00, real=0.05 secs] 
3857.958: [GC (Allocation Failure) [PSYoungGen: 421397K->100892K(465920K)] 954070K->704260K(1864192K), 0.0810383 secs] [Times: user=0.43 sys=0.01, real=0.08 secs] 
3859.132: [GC (Allocation Failure) [PSYoungGen: 333852K->170068K(465920K)] 937220K->806022K(1864192K), 0.0619355 secs] [Times: user=0.30 sys=0.00, real=0.07 secs] 
3859.401: [GC (Allocation Failure) [PSYoungGen: 403028K->185334K(465920K)] 1038982K->874503K(1864192K), 0.0554639 secs] [Times: user=0.26 sys=0.00, real=0.06 secs] 
3859.586: [GC (Allocation Failure) [PSYoungGen: 418294K->185431K(465920K)] 1107463K->938976K(1864192K), 0.0497788 secs] [Times: user=0.23 sys=0.00, real=0.05 secs] 
3860.438: [GC (Allocation Failure) [PSYoungGen: 416523K->209299K(465920K)] 1170068K->1021885K(1864192K), 0.0558708 secs] [Times: user=0.27 sys=0.00, real=0.06 secs] 
3860.961: [GC (Allocation Failure) [PSYoungGen: 442259K->105340K(465920K)] 1254845K->983662K(1864192K), 0.0605673 secs] [Times: user=0.32 sys=0.00, real=0.06 secs] 
3861.210: [GC (Allocation Failure) [PSYoungGen: 333453K->177109K(465920K)] 1211775K->1088751K(1864192K), 0.0463294 secs] [Times: user=0.20 sys=0.00, real=0.05 secs] 
3861.382: [GC (Allocation Failure) [PSYoungGen: 410069K->185462K(465920K)] 1321711K->1152216K(1864192K), 0.0440891 secs] [Times: user=0.20 sys=0.01, real=0.05 secs] 
3861.533: [GC (Allocation Failure) [PSYoungGen: 418422K->183924K(465920K)] 1385176K->1206742K(1864192K), 0.0459613 secs] [Times: user=0.22 sys=0.00, real=0.04 secs] 
3863.028: [GC (Allocation Failure) [PSYoungGen: 416884K->99388K(465920K)] 1439702K->1191605K(1864192K), 0.0449438 secs] [Times: user=0.23 sys=0.00, real=0.05 secs] 
3863.544: [GC (Allocation Failure) [PSYoungGen: 332348K->170900K(465920K)] 1424565K->1295906K(1864192K), 0.0573135 secs] [Times: user=0.27 sys=0.00, real=0.05 secs] 
3863.823: [GC (Allocation Failure) [PSYoungGen: 403860K->184245K(465920K)] 1528866K->1362228K(1864192K), 0.0546513 secs] [Times: user=0.26 sys=0.00, real=0.05 secs] 
3863.987: [GC (Allocation Failure) [PSYoungGen: 417205K->186423K(465920K)] 1595188K->1428621K(1864192K), 0.0510051 secs] [Times: user=0.24 sys=0.00, real=0.05 secs] 
3864.882: [GC (Allocation Failure) [PSYoungGen: 419383K->172275K(465920K)] 1661581K->1473489K(1864192K), 0.0590150 secs] [Times: user=0.29 sys=0.00, real=0.06 secs] 
3866.426: [GC (Allocation Failure) [PSYoungGen: 405235K->105980K(465920K)] 1706449K->1472962K(1864192K), 0.1069045 secs] [Times: user=0.58 sys=0.00, real=0.11 secs] 
3866.533: [Full GC (Ergonomics) [PSYoungGen: 105980K->0K(465920K)] [ParOldGen: 1366982K->123183K(1398272K)] 1472962K->123183K(1864192K), [Metaspace: 60319K->60319K(1105920K)], 0.1871404 secs] [Times: user=0.83 sys=0.00, real=0.18 secs] 
3866.896: [GC (Allocation Failure) [PSYoungGen: 231785K->177269K(465920K)] 354969K->300453K(1864192K), 0.0243494 secs] [Times: user=0.08 sys=0.00, real=0.02 secs] 
3867.078: [GC (Allocation Failure) [PSYoungGen: 410229K->185814K(465920K)] 533413K->364253K(1864192K), 0.0432980 secs] [Times: user=0.20 sys=0.00, real=0.04 secs] 
3867.265: [GC (Allocation Failure) [PSYoungGen: 418774K->187445K(465920K)] 597213K->422280K(1864192K), 0.0706434 secs] [Times: user=0.35 sys=0.01, real=0.07 secs] 
3868.336: [GC (Allocation Failure) [PSYoungGen: 420405K->101244K(465920K)] 655240K->406591K(1864192K), 0.0622801 secs] [Times: user=0.33 sys=0.00, real=0.06 secs] 
3869.060: [GC (Allocation Failure) [PSYoungGen: 334204K->168692K(465920K)] 639551K->506388K(1864192K), 0.0582925 secs] [Times: user=0.28 sys=0.00, real=0.06 secs] 
3869.254: [GC (Allocation Failure) [PSYoungGen: 401652K->185622K(465920K)] 739348K->576526K(1864192K), 0.0413605 secs] [Times: user=0.19 sys=0.00, real=0.04 secs] 
3869.416: [GC (Allocation Failure) [PSYoungGen: 418582K->185303K(465920K)] 809486K->640591K(1864192K), 0.0489038 secs] [Times: user=0.23 sys=0.00, real=0.05 secs] 
3870.349: [GC (Allocation Failure) [PSYoungGen: 418263K->168787K(465920K)] 873551K->682951K(1864192K), 0.0548097 secs] [Times: user=0.27 sys=0.00, real=0.06 secs] 
3870.861: [GC (Allocation Failure) [PSYoungGen: 401747K->107836K(465920K)] 915911K->686681K(1864192K), 0.1077880 secs] [Times: user=0.58 sys=0.00, real=0.11 secs] 
3871.161: [GC (Allocation Failure) [PSYoungGen: 340796K->180181K(465920K)] 919641K->793527K(1864192K), 0.0363856 secs] [Times: user=0.15 sys=0.01, real=0.04 secs] 
3871.334: [GC (Allocation Failure) [PSYoungGen: 413141K->185431K(465920K)] 1026487K->861652K(1864192K), 0.0542308 secs] [Times: user=0.26 sys=0.00, real=0.05 secs] 
3871.517: [GC (Allocation Failure) [PSYoungGen: 418391K->184308K(465920K)] 1094612K->919294K(1864192K), 0.0629757 secs] [Times: user=0.31 sys=0.00, real=0.06 secs] 
3872.720: [GC (Allocation Failure) [PSYoungGen: 417268K->100716K(465920K)] 1152254K->905290K(1864192K), 0.0843578 secs] [Times: user=0.45 sys=0.00, real=0.09 secs] 
3873.668: [GC (Allocation Failure) [PSYoungGen: 333676K->177365K(465920K)] 1138250K->1014615K(1864192K), 0.0602346 secs] [Times: user=0.28 sys=0.00, real=0.06 secs] 
3873.864: [GC (Allocation Failure) [PSYoungGen: 410325K->182325K(465920K)] 1247575K->1073764K(1864192K), 0.0428286 secs] [Times: user=0.19 sys=0.00, real=0.04 secs] 
3874.044: [GC (Allocation Failure) [PSYoungGen: 409634K->179030K(465920K)] 1301073K->1134149K(1864192K), 0.0731981 secs] [Times: user=0.37 sys=0.01, real=0.07 secs] 
3874.997: [GC (Allocation Failure) [PSYoungGen: 411990K->169651K(402944K)] 1367109K->1181737K(1801216K), 0.0569030 secs] [Times: user=0.28 sys=0.00, real=0.06 secs] 
3875.796: [GC (Allocation Failure) [PSYoungGen: 402611K->110557K(464896K)] 1414697K->1187380K(1863168K), 0.0937314 secs] [Times: user=0.49 sys=0.00, real=0.09 secs] 
3876.068: [GC (Allocation Failure) [PSYoungGen: 343005K->195989K(465408K)] 1419828K->1308201K(1863680K), 0.0372020 secs] [Times: user=0.16 sys=0.00, real=0.04 secs] 
3876.217: [GC (Allocation Failure) [PSYoungGen: 428437K->185175K(465920K)] 1540649K->1360090K(1864192K), 0.0499746 secs] [Times: user=0.23 sys=0.00, real=0.05 secs] 
3876.371: [GC (Allocation Failure) [PSYoungGen: 418135K->182708K(465920K)] 1593050K->1416392K(1864192K), 0.0552295 secs] [Times: user=0.27 sys=0.00, real=0.06 secs] 
3877.373: [GC (GCLocker Initiated GC) [PSYoungGen: 415668K->99244K(465920K)] 1649353K->1402136K(1864192K), 0.0456316 secs] [Times: user=0.24 sys=0.00, real=0.04 secs] 
3877.648: [GC (Allocation Failure) [PSYoungGen: 332204K->176533K(465920K)] 1635262K->1511536K(1864192K), 0.0407982 secs] [Times: user=0.18 sys=0.00, real=0.04 secs] 
3877.689: [Full GC (Ergonomics) [PSYoungGen: 176533K->0K(465920K)] [ParOldGen: 1335003K->203470K(1398272K)] 1511536K->203470K(1864192K), [Metaspace: 60322K->60322K(1105920K)], 0.1922631 secs] [Times: user=0.86 sys=0.00, real=0.19 secs] 
3877.992: [GC (Allocation Failure) [PSYoungGen: 232960K->185302K(465920K)] 436430K->388773K(1864192K), 0.0325058 secs] [Times: user=0.13 sys=0.00, real=0.04 secs] 
3878.126: [GC (Allocation Failure) [PSYoungGen: 406137K->172789K(465920K)] 609608K->440660K(1864192K), 0.0426341 secs] [Times: user=0.19 sys=0.00, real=0.04 secs] 
3878.930: [GC (Allocation Failure) [PSYoungGen: 401266K->205907K(465920K)] 669137K->528858K(1864192K), 0.0513645 secs] [Times: user=0.25 sys=0.00, real=0.05 secs] 
3879.677: [GC (Allocation Failure) [PSYoungGen: 438867K->98795K(465920K)] 761818K->486538K(1864192K), 0.0962468 secs] [Times: user=0.51 sys=0.00, real=0.10 secs] 
3880.008: [GC (Allocation Failure) [PSYoungGen: 331755K->183862K(465920K)] 719498K->602918K(1864192K), 0.0343039 secs] [Times: user=0.14 sys=0.00, real=0.04 secs] 
3880.150: [GC (Allocation Failure) [PSYoungGen: 416822K->182837K(465920K)] 835878K->659001K(1864192K), 0.0434462 secs] [Times: user=0.20 sys=0.00, real=0.05 secs] 
3880.335: [GC (Allocation Failure) [PSYoungGen: 415797K->187573K(465920K)] 891961K->719505K(1864192K), 0.0671745 secs] [Times: user=0.33 sys=0.00, real=0.07 secs] 
3881.566: [GC (Allocation Failure) [PSYoungGen: 420533K->100396K(465920K)] 952465K->703064K(1864192K), 0.0838330 secs] [Times: user=0.45 sys=0.00, real=0.08 secs] 
3882.620: [GC (Allocation Failure) [PSYoungGen: 333356K->172949K(465920K)] 936024K->808041K(1864192K), 0.0607152 secs] [Times: user=0.29 sys=0.00, real=0.06 secs] 
3882.863: [GC (Allocation Failure) [PSYoungGen: 405909K->182581K(465920K)] 1041001K->871518K(1864192K), 0.0603235 secs] [Times: user=0.28 sys=0.00, real=0.06 secs] 
3883.089: [GC (Allocation Failure) [PSYoungGen: 415529K->186103K(465920K)] 1104466K->938992K(1864192K), 0.0744615 secs] [Times: user=0.37 sys=0.00, real=0.08 secs] 
3884.544: [GC (Allocation Failure) [PSYoungGen: 417994K->207123K(465920K)] 1170883K->1019100K(1864192K), 0.0556884 secs] [Times: user=0.28 sys=0.00, real=0.05 secs] 
3885.067: [GC (Allocation Failure) [PSYoungGen: 440083K->104924K(465920K)] 1252060K->982021K(1864192K), 0.0773578 secs] [Times: user=0.41 sys=0.00, real=0.08 secs] 
3885.347: [GC (Allocation Failure) [PSYoungGen: 333789K->177813K(465920K)] 1210886K->1088859K(1864192K), 0.0353187 secs] [Times: user=0.15 sys=0.00, real=0.03 secs] 
3885.490: [GC (Allocation Failure) [PSYoungGen: 410773K->182069K(465920K)] 1321819K->1148203K(1864192K), 0.0435628 secs] [Times: user=0.19 sys=0.01, real=0.05 secs] 
3885.686: [GC (Allocation Failure) [PSYoungGen: 415029K->184084K(465920K)] 1381163K->1205306K(1864192K), 0.0699713 secs] [Times: user=0.35 sys=0.00, real=0.07 secs] 
3886.759: [GC (Allocation Failure) [PSYoungGen: 417044K->103116K(465920K)] 1438266K->1193850K(1864192K), 0.0467540 secs] [Times: user=0.25 sys=0.00, real=0.05 secs] 
3887.284: [GC (Allocation Failure) [PSYoungGen: 336076K->171220K(465920K)] 1426810K->1294791K(1864192K), 0.0691897 secs] [Times: user=0.33 sys=0.00, real=0.07 secs] 
3887.498: [GC (Allocation Failure) [PSYoungGen: 404180K->185398K(465920K)] 1527751K->1362941K(1864192K), 0.0438405 secs] [Times: user=0.20 sys=0.00, real=0.04 secs] 
3887.703: [GC (Allocation Failure) [PSYoungGen: 418358K->185943K(465920K)] 1595901K->1427798K(1864192K), 0.0817443 secs] [Times: user=0.40 sys=0.00, real=0.08 secs] 
3888.551: [GC (Allocation Failure) [PSYoungGen: 415903K->207635K(465920K)] 1657758K->1508498K(1864192K), 0.0578187 secs] [Times: user=0.29 sys=0.00, real=0.06 secs] 
3889.651: [GC (Allocation Failure) [PSYoungGen: 440595K->102028K(465920K)] 1741458K->1468171K(1864192K), 0.0899011 secs] [Times: user=0.48 sys=0.00, real=0.09 secs] 
3889.741: [Full GC (Ergonomics) [PSYoungGen: 102028K->0K(465920K)] [ParOldGen: 1366143K->121962K(1398272K)] 1468171K->121962K(1864192K), [Metaspace: 60322K->60322K(1105920K)], 0.1663773 secs] [Times: user=0.72 sys=0.00, real=0.17 secs] 
3890.026: [GC (Allocation Failure) [PSYoungGen: 230913K->181078K(465920K)] 352875K->303040K(1864192K), 0.0248849 secs] [Times: user=0.09 sys=0.00, real=0.02 secs] 
3890.160: [GC (Allocation Failure) [PSYoungGen: 414038K->185526K(465920K)] 536000K->363893K(1864192K), 0.0416134 secs] [Times: user=0.18 sys=0.00, real=0.04 secs] 
3890.306: [GC (Allocation Failure) [PSYoungGen: 418486K->184853K(465920K)] 596853K->419363K(1864192K), 0.0445621 secs] [Times: user=0.21 sys=0.00, real=0.04 secs] 
3891.363: [GC (Allocation Failure) [PSYoungGen: 417813K->100236K(465920K)] 652323K->404627K(1864192K), 0.0535977 secs] [Times: user=0.28 sys=0.00, real=0.05 secs] 
3891.851: [GC (Allocation Failure) [PSYoungGen: 333196K->173557K(465920K)] 637587K->510548K(1864192K), 0.0587249 secs] [Times: user=0.28 sys=0.01, real=0.06 secs] 
3892.046: [GC (Allocation Failure) [PSYoungGen: 406517K->185270K(465920K)] 743508K->576438K(1864192K), 0.0422377 secs] [Times: user=0.18 sys=0.00, real=0.04 secs] 
3892.219: [GC (Allocation Failure) [PSYoungGen: 418230K->182454K(465920K)] 809398K->638058K(1864192K), 0.0685712 secs] [Times: user=0.34 sys=0.00, real=0.07 secs] 
3893.290: [GC (Allocation Failure) [PSYoungGen: 415414K->170963K(465920K)] 871018K->684471K(1864192K), 0.0542684 secs] [Times: user=0.26 sys=0.00, real=0.06 secs] 
3893.807: [GC (GCLocker Initiated GC) [PSYoungGen: 403923K->110157K(465920K)] 917431K->689009K(1864192K), 0.1034577 secs] [Times: user=0.55 sys=0.01, real=0.10 secs] 
3894.115: [GC (Allocation Failure) [PSYoungGen: 343117K->175285K(465920K)] 930328K->797857K(1864192K), 0.1364978 secs] [Times: user=0.76 sys=0.00, real=0.13 secs] 
3894.419: [GC (Allocation Failure) [PSYoungGen: 408245K->182134K(465920K)] 1030817K->860522K(1864192K), 0.1495709 secs] [Times: user=0.83 sys=0.00, real=0.15 secs] 
3894.680: [GC (Allocation Failure) [PSYoungGen: 415094K->187285K(465920K)] 1093482K->923665K(1864192K), 0.0584111 secs] [Times: user=0.29 sys=0.01, real=0.06 secs] 
3896.027: [GC (Allocation Failure) [PSYoungGen: 420245K->99900K(465920K)] 1156625K->906887K(1864192K), 0.0730883 secs] [Times: user=0.39 sys=0.00, real=0.07 secs] 
3896.865: [GC (Allocation Failure) [PSYoungGen: 332860K->173909K(465920K)] 1139847K->1012925K(1864192K), 0.0598416 secs] [Times: user=0.28 sys=0.00, real=0.06 secs] 
3897.116: [GC (Allocation Failure) [PSYoungGen: 406869K->185430K(465920K)] 1245885K->1079255K(1864192K), 0.0596199 secs] [Times: user=0.28 sys=0.00, real=0.06 secs] 
3897.334: [GC (Allocation Failure) [PSYoungGen: 405981K->171605K(465920K)] 1299806K->1129646K(1864192K), 0.0742368 secs] [Times: user=0.37 sys=0.00, real=0.07 secs] 
3898.283: [GC (Allocation Failure) [PSYoungGen: 404565K->167890K(459776K)] 1362606K->1180283K(1858048K), 0.0546318 secs] [Times: user=0.26 sys=0.01, real=0.05 secs] 
3898.857: [GC (Allocation Failure) [PSYoungGen: 400850K->113357K(462848K)] 1413243K->1190094K(1861120K), 0.0622419 secs] [Times: user=0.32 sys=0.00, real=0.06 secs] 
3899.100: [GC (Allocation Failure) [PSYoungGen: 346317K->179733K(465920K)] 1423054K->1292871K(1864192K), 0.0379852 secs] [Times: user=0.16 sys=0.00, real=0.04 secs] 
3899.273: [GC (Allocation Failure) [PSYoungGen: 413717K->185719K(419840K)] 1526855K->1361697K(1818112K), 0.0548864 secs] [Times: user=0.26 sys=0.00, real=0.05 secs] 
3899.464: [GC (Allocation Failure) [PSYoungGen: 419703K->201781K(465920K)] 1595681K->1436926K(1864192K), 0.0818597 secs] [Times: user=0.43 sys=0.00, real=0.08 secs] 
3900.534: [GC (Allocation Failure) [PSYoungGen: 434741K->97611K(465920K)] 1669886K->1402733K(1864192K), 0.0455967 secs] [Times: user=0.23 sys=0.00, real=0.04 secs] 
3900.908: [GC (Allocation Failure) [PSYoungGen: 330571K->175989K(465920K)] 1635693K->1513291K(1864192K), 0.0666832 secs] [Times: user=0.32 sys=0.00, real=0.07 secs] 
3900.975: [Full GC (Ergonomics) [PSYoungGen: 175989K->0K(465920K)] [ParOldGen: 1337302K->204787K(1398272K)] 1513291K->204787K(1864192K), [Metaspace: 60322K->60322K(1105920K)], 0.2435415 secs] [Times: user=1.15 sys=0.00, real=0.24 secs] 
3901.334: [GC (Allocation Failure) [PSYoungGen: 232960K->181813K(465920K)] 437747K->386600K(1864192K), 0.0299696 secs] [Times: user=0.12 sys=0.00, real=0.03 secs] 
3901.489: [GC (Allocation Failure) [PSYoungGen: 399294K->172629K(465920K)] 604081K->440888K(1864192K), 0.0426024 secs] [Times: user=0.20 sys=0.00, real=0.04 secs] 
3902.347: [GC (Allocation Failure) [PSYoungGen: 405589K->169715K(402944K)] 673848K->492998K(1801216K), 0.0545527 secs] [Times: user=0.28 sys=0.00, real=0.05 secs] 
3904.144: [GC (Allocation Failure) [PSYoungGen: 402675K->103420K(462848K)] 725958K->491659K(1861120K), 0.1053800 secs] [Times: user=0.57 sys=0.01, real=0.10 secs] 
3904.483: [GC (Allocation Failure) [PSYoungGen: 334686K->179445K(464384K)] 722925K->600926K(1862656K), 0.0348069 secs] [Times: user=0.14 sys=0.00, real=0.03 secs] 
3904.630: [GC (Allocation Failure) [PSYoungGen: 410869K->184086K(465920K)] 832350K->661406K(1864192K), 0.0426989 secs] [Times: user=0.18 sys=0.00, real=0.04 secs] 
3904.803: [GC (Allocation Failure) [PSYoungGen: 417046K->187701K(465920K)] 894366K->720733K(1864192K), 0.0497954 secs] [Times: user=0.23 sys=0.00, real=0.04 secs] 
3905.994: [GC (Allocation Failure) [PSYoungGen: 420661K->102940K(465920K)] 953693K->706820K(1864192K), 0.0711681 secs] [Times: user=0.38 sys=0.00, real=0.07 secs] 
3907.075: [GC (Allocation Failure) [PSYoungGen: 335900K->169972K(465920K)] 939780K->806761K(1864192K), 0.0595308 secs] [Times: user=0.29 sys=0.00, real=0.06 secs] 
3907.336: [GC (Allocation Failure) [PSYoungGen: 402932K->185366K(465920K)] 1039721K->875867K(1864192K), 0.0587531 secs] [Times: user=0.28 sys=0.00, real=0.06 secs] 
3907.561: [GC (Allocation Failure) [PSYoungGen: 418326K->184695K(465920K)] 1108827K->939500K(1864192K), 0.0723900 secs] [Times: user=0.36 sys=0.00, real=0.08 secs] 
3908.481: [GC (Allocation Failure) [PSYoungGen: 417655K->168563K(465920K)] 1172460K->982168K(1864192K), 0.0546218 secs] [Times: user=0.27 sys=0.00, real=0.06 secs] 
3909.003: [GC (Allocation Failure) [PSYoungGen: 401523K->112797K(465920K)] 1215128K->990978K(1864192K), 0.0965275 secs] [Times: user=0.51 sys=0.00, real=0.09 secs] 
3909.311: [GC (Allocation Failure) [PSYoungGen: 345757K->176596K(465920K)] 1223938K->1091347K(1864192K), 0.0400844 secs] [Times: user=0.18 sys=0.00, real=0.04 secs] 
3909.500: [GC (Allocation Failure) [PSYoungGen: 409556K->181782K(465920K)] 1324307K->1158205K(1864192K), 0.0735329 secs] [Times: user=0.36 sys=0.00, real=0.08 secs] 
3909.704: [GC (Allocation Failure) [PSYoungGen: 414742K->187253K(465920K)] 1391165K->1221259K(1864192K), 0.0583272 secs] [Times: user=0.29 sys=0.00, real=0.06 secs] 
3910.790: [GC (Allocation Failure) [PSYoungGen: 420213K->105068K(465920K)] 1454219K->1209771K(1864192K), 0.0557098 secs] [Times: user=0.29 sys=0.00, real=0.06 secs] 
3911.425: [GC (Allocation Failure) [PSYoungGen: 338028K->173589K(465920K)] 1442731K->1312128K(1864192K), 0.0652416 secs] [Times: user=0.32 sys=0.00, real=0.06 secs] 
3911.678: [GC (Allocation Failure) [PSYoungGen: 406549K->179605K(465920K)] 1545088K->1372484K(1864192K), 0.0588836 secs] [Times: user=0.29 sys=0.00, real=0.06 secs] 
3911.904: [GC (Allocation Failure) [PSYoungGen: 401265K->176790K(465920K)] 1594144K->1432725K(1864192K), 0.0705459 secs] [Times: user=0.35 sys=0.00, real=0.07 secs] 
3913.016: [GC (Allocation Failure) [PSYoungGen: 409750K->169235K(402432K)] 1665685K->1481458K(1800704K), 0.0575226 secs] [Times: user=0.29 sys=0.00, real=0.06 secs] 
3913.839: [GC (Allocation Failure) [PSYoungGen: 402195K->114621K(458240K)] 1714418K->1491677K(1856512K), 0.0970615 secs] [Times: user=0.50 sys=0.02, real=0.10 secs] 
3913.936: [Full GC (Ergonomics) [PSYoungGen: 114621K->0K(458240K)] [ParOldGen: 1377055K->132306K(1398272K)] 1491677K->132306K(1856512K), [Metaspace: 60324K->60324K(1105920K)], 0.1925822 secs] [Times: user=0.86 sys=0.00, real=0.19 secs] 
3914.254: [GC (Allocation Failure) [PSYoungGen: 230400K->175508K(460800K)] 362706K->307815K(1859072K), 0.0257813 secs] [Times: user=0.09 sys=0.00, real=0.02 secs] 
3914.390: [GC (Allocation Failure) [PSYoungGen: 405908K->183638K(466944K)] 538215K->377485K(1865216K), 0.0468207 secs] [Times: user=0.21 sys=0.00, real=0.05 secs] 
3914.546: [GC (Allocation Failure) [PSYoungGen: 421718K->191861K(430080K)] 615565K->444012K(1828352K), 0.0574851 secs] [Times: user=0.28 sys=0.00, real=0.06 secs] 
3915.759: [GC (Allocation Failure) [PSYoungGen: 429854K->100460K(465920K)] 682005K->424594K(1864192K), 0.0501434 secs] [Times: user=0.26 sys=0.00, real=0.05 secs] 
3916.056: [GC (Allocation Failure) [PSYoungGen: 333420K->177237K(465920K)] 657554K->533984K(1864192K), 0.0518212 secs] [Times: user=0.22 sys=0.00, real=0.05 secs] 
3916.253: [GC (Allocation Failure) [PSYoungGen: 410197K->182709K(465920K)] 766944K->594733K(1864192K), 0.0429812 secs] [Times: user=0.19 sys=0.01, real=0.04 secs] 
3916.468: [GC (Allocation Failure) [PSYoungGen: 415669K->187157K(465920K)] 827693K->654492K(1864192K), 0.0561534 secs] [Times: user=0.28 sys=0.00, real=0.06 secs] 
3917.601: [GC (Allocation Failure) [PSYoungGen: 420117K->147570K(465920K)] 887452K->685737K(1864192K), 0.0509551 secs] [Times: user=0.25 sys=0.00, real=0.05 secs] 
3918.079: [GC (GCLocker Initiated GC) [PSYoungGen: 380530K->126879K(465920K)] 918698K->711854K(1864192K), 0.1239268 secs] [Times: user=0.69 sys=0.00, real=0.13 secs] 
3918.334: [GC (Allocation Failure) [PSYoungGen: 359839K->179957K(465920K)] 944817K->805040K(1864192K), 0.0377313 secs] [Times: user=0.17 sys=0.00, real=0.03 secs] 
3918.481: [GC (Allocation Failure) [PSYoungGen: 412917K->186071K(465920K)] 1038000K->874050K(1864192K), 0.0494698 secs] [Times: user=0.22 sys=0.00, real=0.05 secs] 
3918.664: [GC (Allocation Failure) [PSYoungGen: 419031K->184372K(465920K)] 1107010K->931240K(1864192K), 0.0731788 secs] [Times: user=0.38 sys=0.00, real=0.07 secs] 
3920.506: [GC (Allocation Failure) [PSYoungGen: 417332K->93611K(465920K)] 1164200K->910234K(1864192K), 0.1129917 secs] [Times: user=0.62 sys=0.00, real=0.11 secs] 
3921.366: [GC (Allocation Failure) [PSYoungGen: 326571K->175509K(465920K)] 1143194K->1021881K(1864192K), 0.0474154 secs] [Times: user=0.19 sys=0.00, real=0.05 secs] 
3921.558: [GC (Allocation Failure) [PSYoungGen: 408469K->184918K(465920K)] 1254841K->1085910K(1864192K), 0.0431901 secs] [Times: user=0.20 sys=0.00, real=0.04 secs] 
3921.730: [GC (Allocation Failure) [PSYoungGen: 417878K->188245K(465920K)] 1318870K->1145389K(1864192K), 0.0509434 secs] [Times: user=0.24 sys=0.00, real=0.05 secs] 
3922.743: [GC (Allocation Failure) [PSYoungGen: 421205K->142193K(465920K)] 1378349K->1170250K(1864192K), 0.0508422 secs] [Times: user=0.25 sys=0.00, real=0.05 secs] 
3923.296: [GC (Allocation Failure) [PSYoungGen: 375153K->133520K(465920K)] 1403210K->1206760K(1864192K), 0.1235674 secs] [Times: user=0.67 sys=0.00, real=0.12 secs] 
3923.607: [GC (Allocation Failure) [PSYoungGen: 366480K->176725K(465920K)] 1439720K->1292766K(1864192K), 0.0429959 secs] [Times: user=0.19 sys=0.00, real=0.04 secs] 
3923.803: [GC (Allocation Failure) [PSYoungGen: 409685K->185655K(465920K)] 1525726K->1363520K(1864192K), 0.0749475 secs] [Times: user=0.37 sys=0.00, real=0.07 secs] 
3924.006: [GC (Allocation Failure) [PSYoungGen: 418615K->187189K(465920K)] 1596480K->1423926K(1864192K), 0.0581195 secs] [Times: user=0.29 sys=0.00, real=0.06 secs] 
3925.007: [GC (Allocation Failure) [PSYoungGen: 420149K->94923K(465920K)] 1656886K->1402165K(1864192K), 0.0452003 secs] [Times: user=0.23 sys=0.00, real=0.04 secs] 
3925.656: [GC (Allocation Failure) [PSYoungGen: 327883K->174773K(465920K)] 1635125K->1512171K(1864192K), 0.0490030 secs] [Times: user=0.22 sys=0.00, real=0.05 secs] 
3925.705: [Full GC (Ergonomics) [PSYoungGen: 174773K->0K(465920K)] [ParOldGen: 1337398K->207442K(1398272K)] 1512171K->207442K(1864192K), [Metaspace: 60324K->60324K(1105920K)], 0.2397129 secs] [Times: user=1.12 sys=0.00, real=0.24 secs] 
3926.053: [GC (Allocation Failure) [PSYoungGen: 232960K->185750K(465920K)] 440402K->393192K(1864192K), 0.0273491 secs] [Times: user=0.10 sys=0.00, real=0.02 secs] 
3926.184: [GC (Allocation Failure) [PSYoungGen: 418710K->187893K(465920K)] 626152K->451744K(1864192K), 0.0444285 secs] [Times: user=0.21 sys=0.00, real=0.04 secs] 
3927.132: [GC (Allocation Failure) [PSYoungGen: 420853K->135248K(465920K)] 684704K->469771K(1864192K), 0.0484398 secs] [Times: user=0.24 sys=0.00, real=0.05 secs] 
3928.533: [GC (Allocation Failure) [PSYoungGen: 368208K->136976K(465920K)] 702731K->514283K(1864192K), 0.1085841 secs] [Times: user=0.58 sys=0.00, real=0.10 secs] 
3928.818: [GC (Allocation Failure) [PSYoungGen: 369936K->180053K(465920K)] 747243K->600977K(1864192K), 0.0508577 secs] [Times: user=0.24 sys=0.00, real=0.05 secs] 
3928.982: [GC (Allocation Failure) [PSYoungGen: 413013K->186295K(465920K)] 833937K->669990K(1864192K), 0.0488154 secs] [Times: user=0.23 sys=0.00, real=0.04 secs] 
3929.135: [GC (Allocation Failure) [PSYoungGen: 419255K->187029K(465920K)] 902950K->729837K(1864192K), 0.0559014 secs] [Times: user=0.27 sys=0.00, real=0.05 secs] 
3930.250: [GC (Allocation Failure) [PSYoungGen: 419989K->94427K(465920K)] 962797K->707619K(1864192K), 0.0441185 secs] [Times: user=0.23 sys=0.00, real=0.05 secs] 
3930.589: [GC (GCLocker Initiated GC) [PSYoungGen: 327387K->178741K(465920K)] 940579K->823022K(1864192K), 0.0516297 secs] [Times: user=0.22 sys=0.00, real=0.05 secs] 
3930.806: [GC (Allocation Failure) [PSYoungGen: 411701K->182005K(465920K)] 1055984K->881640K(1864192K), 0.0434886 secs] [Times: user=0.20 sys=0.00, real=0.04 secs] 
3930.984: [GC (Allocation Failure) [PSYoungGen: 414965K->186965K(465920K)] 1114600K->941672K(1864192K), 0.0564430 secs] [Times: user=0.28 sys=0.00, real=0.05 secs] 
3932.166: [GC (Allocation Failure) [PSYoungGen: 419925K->127599K(465920K)] 1174632K->952698K(1864192K), 0.0485976 secs] [Times: user=0.25 sys=0.00, real=0.05 secs] 
3932.575: [GC (Allocation Failure) [PSYoungGen: 360559K->150449K(465920K)] 1185658K->1016092K(1864192K), 0.0763473 secs] [Times: user=0.40 sys=0.00, real=0.07 secs] 
3932.830: [GC (Allocation Failure) [PSYoungGen: 383409K->186549K(465920K)] 1249052K->1098899K(1864192K), 0.0559011 secs] [Times: user=0.26 sys=0.00, real=0.06 secs] 
3933.050: [GC (Allocation Failure) [PSYoungGen: 419509K->183670K(465920K)] 1331859K->1158913K(1864192K), 0.0700487 secs] [Times: user=0.35 sys=0.00, real=0.07 secs] 
3933.234: [GC (Allocation Failure) [PSYoungGen: 416630K->187541K(465920K)] 1391873K->1221015K(1864192K), 0.0574399 secs] [Times: user=0.29 sys=0.00, real=0.05 secs] 
3934.453: [GC (GCLocker Initiated GC) [PSYoungGen: 420501K->99307K(465920K)] 1453975K->1203406K(1864192K), 0.0751963 secs] [Times: user=0.40 sys=0.00, real=0.07 secs] 
3935.242: [GC (Allocation Failure) [PSYoungGen: 332267K->173492K(465920K)] 1436369K->1309451K(1864192K), 0.0447231 secs] [Times: user=0.19 sys=0.00, real=0.05 secs] 
3935.410: [GC (Allocation Failure) [PSYoungGen: 406452K->185718K(465920K)] 1542411K->1376536K(1864192K), 0.0449068 secs] [Times: user=0.20 sys=0.00, real=0.05 secs] 
3935.616: [GC (Allocation Failure) [PSYoungGen: 418678K->187573K(465920K)] 1609496K->1434575K(1864192K), 0.0717663 secs] [Times: user=0.35 sys=0.00, real=0.07 secs] 
3936.644: [GC (Allocation Failure) [PSYoungGen: 420533K->120462K(465920K)] 1667535K->1438041K(1864192K), 0.0491590 secs] [Times: user=0.25 sys=0.00, real=0.05 secs] 
3936.693: [Full GC (Ergonomics) [PSYoungGen: 120462K->0K(465920K)] [ParOldGen: 1317578K->100535K(1398272K)] 1438041K->100535K(1864192K), [Metaspace: 60324K->60324K(1105920K)], 0.0342410 secs] [Times: user=0.11 sys=0.00, real=0.03 secs] 
3937.744: [GC (Allocation Failure) [PSYoungGen: 232960K->153362K(465920K)] 333495K->253898K(1864192K), 0.0377883 secs] [Times: user=0.14 sys=0.00, real=0.03 secs] 
3938.010: [GC (Allocation Failure) [PSYoungGen: 386322K->181621K(465920K)] 486858K->330049K(1864192K), 0.0537545 secs] [Times: user=0.25 sys=0.00, real=0.06 secs] 
3938.236: [GC (Allocation Failure) [PSYoungGen: 414581K->185847K(465920K)] 563009K->406195K(1864192K), 0.0688007 secs] [Times: user=0.34 sys=0.00, real=0.07 secs] 
3938.475: [GC (Allocation Failure) [PSYoungGen: 418807K->200244K(465920K)] 639155K->479584K(1864192K), 0.0692388 secs] [Times: user=0.36 sys=0.00, real=0.07 secs] 
3939.508: [GC (Allocation Failure) [PSYoungGen: 433204K->99707K(465920K)] 712544K->448455K(1864192K), 0.0558355 secs] [Times: user=0.29 sys=0.00, real=0.06 secs] 
3939.918: [GC (Allocation Failure) [PSYoungGen: 332667K->179285K(465920K)] 681415K->559606K(1864192K), 0.0498407 secs] [Times: user=0.22 sys=0.00, real=0.05 secs] 
3940.138: [GC (Allocation Failure) [PSYoungGen: 412245K->182005K(465920K)] 792566K->618290K(1864192K), 0.0629902 secs] [Times: user=0.30 sys=0.00, real=0.06 secs] 
3940.357: [GC (Allocation Failure) [PSYoungGen: 414965K->187189K(465920K)] 851250K->678338K(1864192K), 0.0658416 secs] [Times: user=0.32 sys=0.01, real=0.07 secs] 
3941.364: [GC (Allocation Failure) [PSYoungGen: 420149K->114398K(465920K)] 911298K->676247K(1864192K), 0.0468286 secs] [Times: user=0.24 sys=0.00, real=0.04 secs] 
3941.820: [GC (Allocation Failure) [PSYoungGen: 347358K->162291K(465920K)] 909207K->761308K(1864192K), 0.0975212 secs] [Times: user=0.49 sys=0.00, real=0.10 secs] 
3942.050: [GC (Allocation Failure) [PSYoungGen: 395251K->182197K(465920K)] 994268K->831758K(1864192K), 0.0414132 secs] [Times: user=0.19 sys=0.00, real=0.04 secs] 
3942.247: [GC (Allocation Failure) [PSYoungGen: 415157K->185687K(465920K)] 1064718K->899076K(1864192K), 0.0758867 secs] [Times: user=0.38 sys=0.00, real=0.08 secs] 
3942.440: [GC (Allocation Failure) [PSYoungGen: 418647K->184180K(465920K)] 1132036K->956450K(1864192K), 0.0550093 secs] [Times: user=0.27 sys=0.00, real=0.06 secs] 
3944.270: [GC (Allocation Failure) [PSYoungGen: 417140K->95403K(465920K)] 1189410K->937172K(1864192K), 0.1061978 secs] [Times: user=0.57 sys=0.01, real=0.11 secs] 
3944.617: [GC (Allocation Failure) [PSYoungGen: 328363K->182710K(465920K)] 1170134K->1054810K(1864192K), 0.0351488 secs] [Times: user=0.15 sys=0.00, real=0.03 secs] 
3944.786: [GC (Allocation Failure) [PSYoungGen: 415670K->185718K(465920K)] 1287770K->1114730K(1864192K), 0.0497484 secs] [Times: user=0.24 sys=0.00, real=0.05 secs] 
3945.176: [GC (Allocation Failure) [PSYoungGen: 418562K->184148K(465920K)] 1347574K->1169473K(1864192K), 0.0720535 secs] [Times: user=0.36 sys=0.00, real=0.07 secs] 
3946.501: [GC (Allocation Failure) [PSYoungGen: 417108K->103420K(465920K)] 1402433K->1158136K(1864192K), 0.0466041 secs] [Times: user=0.24 sys=0.00, real=0.05 secs] 
3946.945: [GC (Allocation Failure) [PSYoungGen: 336380K->166964K(465920K)] 1391096K->1255169K(1864192K), 0.0948377 secs] [Times: user=0.49 sys=0.00, real=0.09 secs] 
3947.208: [GC (Allocation Failure) [PSYoungGen: 399924K->185142K(465920K)] 1488129K->1325415K(1864192K), 0.0428537 secs] [Times: user=0.20 sys=0.00, real=0.04 secs] 
3947.361: [GC (Allocation Failure) [PSYoungGen: 418102K->186071K(465920K)] 1558375K->1390764K(1864192K), 0.0509811 secs] [Times: user=0.24 sys=0.00, real=0.05 secs] 
3947.534: [GC (Allocation Failure) [PSYoungGen: 419031K->184212K(465920K)] 1623724K->1447930K(1864192K), 0.0592349 secs] [Times: user=0.28 sys=0.00, real=0.06 secs] 
3948.712: [GC (Allocation Failure) [PSYoungGen: 417172K->91130K(465920K)] 1680890K->1424496K(1864192K), 0.0658019 secs] [Times: user=0.35 sys=0.00, real=0.06 secs] 
3948.778: [Full GC (Ergonomics) [PSYoungGen: 91130K->0K(465920K)] [ParOldGen: 1333365K->107111K(1398272K)] 1424496K->107111K(1864192K), [Metaspace: 60324K->60324K(1105920K)], 0.1317340 secs] [Times: user=0.53 sys=0.01, real=0.13 secs] 
3949.217: [GC (Allocation Failure) [PSYoungGen: 232960K->183542K(465920K)] 340071K->290653K(1864192K), 0.0323452 secs] [Times: user=0.12 sys=0.00, real=0.03 secs] 
3949.369: [GC (Allocation Failure) [PSYoungGen: 416502K->182933K(465920K)] 523613K->347197K(1864192K), 0.0409774 secs] [Times: user=0.18 sys=0.00, real=0.04 secs] 
3949.541: [GC (Allocation Failure) [PSYoungGen: 415893K->187637K(465920K)] 580157K->407748K(1864192K), 0.0566202 secs] [Times: user=0.28 sys=0.00, real=0.06 secs] 
3950.652: [GC (Allocation Failure) [PSYoungGen: 420597K->102636K(465920K)] 640708K->393323K(1864192K), 0.0489338 secs] [Times: user=0.26 sys=0.00, real=0.05 secs] 
3952.010: [GC (Allocation Failure) [PSYoungGen: 335596K->165844K(465920K)] 626283K->489636K(1864192K), 0.0709244 secs] [Times: user=0.27 sys=0.01, real=0.07 secs] 
3952.306: [GC (Allocation Failure) [PSYoungGen: 398804K->185014K(465920K)] 722596K->560650K(1864192K), 0.0564654 secs] [Times: user=0.27 sys=0.00, real=0.05 secs] 
3952.516: [GC (Allocation Failure) [PSYoungGen: 417974K->186071K(465920K)] 793610K->625923K(1864192K), 0.0639820 secs] [Times: user=0.32 sys=0.00, real=0.06 secs] 
3952.743: [GC (Allocation Failure) [PSYoungGen: 419031K->219957K(465920K)] 858883K->718889K(1864192K), 0.0547975 secs] [Times: user=0.27 sys=0.00, real=0.05 secs] 
3953.760: [GC (Allocation Failure) [PSYoungGen: 452917K->91482K(465920K)] 951849K->660951K(1864192K), 0.0518153 secs] [Times: user=0.28 sys=0.00, real=0.05 secs] 
3954.051: [GC (Allocation Failure) [PSYoungGen: 324442K->187606K(465920K)] 893911K->786419K(1864192K), 0.0526493 secs] [Times: user=0.23 sys=0.00, real=0.06 secs] 
3954.241: [GC (Allocation Failure) [PSYoungGen: 420566K->185462K(465920K)] 1019379K->841239K(1864192K), 0.0435530 secs] [Times: user=0.20 sys=0.00, real=0.05 secs] 
3954.450: [GC (Allocation Failure) [PSYoungGen: 418422K->183860K(465920K)] 1074199K->895782K(1864192K), 0.0686611 secs] [Times: user=0.34 sys=0.00, real=0.07 secs] 
3955.460: [GC (Allocation Failure) [PSYoungGen: 416820K->104140K(465920K)] 1128742K->885478K(1864192K), 0.0452329 secs] [Times: user=0.23 sys=0.00, real=0.05 secs] 
3955.815: [GC (Allocation Failure) [PSYoungGen: 337100K->173492K(465920K)] 1118438K->989039K(1864192K), 0.0724635 secs] [Times: user=0.35 sys=0.00, real=0.07 secs] 
3956.060: [GC (Allocation Failure) [PSYoungGen: 406452K->185142K(465920K)] 1221999K->1055376K(1864192K), 0.0453242 secs] [Times: user=0.21 sys=0.00, real=0.05 secs] 
3956.215: [GC (Allocation Failure) [PSYoungGen: 418102K->182486K(465920K)] 1288336K->1117089K(1864192K), 0.0516147 secs] [Times: user=0.24 sys=0.00, real=0.05 secs] 
3956.732: [GC (Allocation Failure) [PSYoungGen: 415446K->201588K(465920K)] 1350049K->1193986K(1864192K), 0.0528183 secs] [Times: user=0.26 sys=0.00, real=0.06 secs] 
3957.759: [GC (Allocation Failure) [PSYoungGen: 434548K->102748K(465920K)] 1426946K->1162426K(1864192K), 0.0641041 secs] [Times: user=0.33 sys=0.00, real=0.07 secs] 
3957.977: [GC (Allocation Failure) [PSYoungGen: 335708K->179829K(465920K)] 1395386K->1272716K(1864192K), 0.0356846 secs] [Times: user=0.15 sys=0.00, real=0.04 secs] 
3958.125: [GC (Allocation Failure) [PSYoungGen: 412789K->185622K(465920K)] 1505676K->1334848K(1864192K), 0.0441673 secs] [Times: user=0.20 sys=0.00, real=0.04 secs] 
3958.277: [GC (Allocation Failure) [PSYoungGen: 418582K->187157K(465920K)] 1567808K->1392688K(1864192K), 0.0460661 secs] [Times: user=0.21 sys=0.00, real=0.05 secs] 
3959.438: [GC (Allocation Failure) [PSYoungGen: 420117K->98940K(465920K)] 1625648K->1374902K(1864192K), 0.0664810 secs] [Times: user=0.36 sys=0.00, real=0.07 secs] 
3960.539: [GC (GCLocker Initiated GC) [PSYoungGen: 331900K->173269K(465920K)] 1607862K->1481152K(1864192K), 0.0654121 secs] [Times: user=0.31 sys=0.00, real=0.07 secs] 
3960.734: [GC (Allocation Failure) [PSYoungGen: 406229K->185302K(465920K)] 1714115K->1547316K(1864192K), 0.0454838 secs] [Times: user=0.21 sys=0.00, real=0.04 secs] 
3960.780: [Full GC (Ergonomics) [PSYoungGen: 185302K->0K(465920K)] [ParOldGen: 1362014K->262696K(1398272K)] 1547316K->262696K(1864192K), [Metaspace: 60324K->60324K(1105920K)], 0.3266501 secs] [Times: user=1.50 sys=0.00, real=0.33 secs] 
3961.213: [GC (Allocation Failure) [PSYoungGen: 229226K->183030K(465920K)] 491923K->445727K(1864192K), 0.0886324 secs] [Times: user=0.46 sys=0.00, real=0.08 secs] 
3962.099: [GC (Allocation Failure) [PSYoungGen: 412032K->206323K(465920K)] 674728K->527332K(1864192K), 0.0531372 secs] [Times: user=0.27 sys=0.00, real=0.06 secs] 
3962.635: [GC (GCLocker Initiated GC) [PSYoungGen: 439283K->102156K(465920K)] 760292K->488037K(1864192K), 0.0586755 secs] [Times: user=0.30 sys=0.00, real=0.06 secs] 
3962.879: [GC (Allocation Failure) [PSYoungGen: 335116K->178070K(465920K)] 729192K->604641K(1864192K), 0.1402245 secs] [Times: user=0.78 sys=0.00, real=0.14 secs] 
3963.131: [GC (Allocation Failure) [PSYoungGen: 411030K->184919K(465920K)] 837601K->668578K(1864192K), 0.1529590 secs] [Times: user=0.85 sys=0.00, real=0.16 secs] 
3963.395: [GC (Allocation Failure) [PSYoungGen: 417879K->186997K(465920K)] 901538K->729416K(1864192K), 0.0588989 secs] [Times: user=0.29 sys=0.00, real=0.06 secs] 
3964.690: [GC (Allocation Failure) [PSYoungGen: 419957K->94795K(465920K)] 962376K->707686K(1864192K), 0.0725620 secs] [Times: user=0.40 sys=0.00, real=0.07 secs] 
3965.408: [GC (Allocation Failure) [PSYoungGen: 327755K->175573K(465920K)] 940646K->819416K(1864192K), 0.0548298 secs] [Times: user=0.25 sys=0.00, real=0.06 secs] 
3965.644: [GC (Allocation Failure) [PSYoungGen: 408533K->182421K(465920K)] 1052376K->881077K(1864192K), 0.0604174 secs] [Times: user=0.29 sys=0.00, real=0.06 secs] 
3965.825: [GC (Allocation Failure) [PSYoungGen: 411829K->179862K(465920K)] 1110484K->942285K(1864192K), 0.0484890 secs] [Times: user=0.23 sys=0.00, real=0.05 secs] 
3966.923: [GC (Allocation Failure) [PSYoungGen: 412822K->168563K(465920K)] 1175245K->988250K(1864192K), 0.0542597 secs] [Times: user=0.26 sys=0.00, real=0.05 secs] 
3968.091: [GC (Allocation Failure) [PSYoungGen: 401523K->106668K(465920K)] 1221210K->990960K(1864192K), 0.0959450 secs] [Times: user=0.51 sys=0.00, real=0.10 secs] 
3968.365: [GC (Allocation Failure) [PSYoungGen: 333669K->176085K(465920K)] 1217961K->1094825K(1864192K), 0.0354896 secs] [Times: user=0.15 sys=0.00, real=0.03 secs] 
3968.512: [GC (Allocation Failure) [PSYoungGen: 409045K->185590K(465920K)] 1327785K->1159294K(1864192K), 0.0432618 secs] [Times: user=0.20 sys=0.00, real=0.05 secs] 
3968.697: [GC (GCLocker Initiated GC) [PSYoungGen: 418550K->186261K(465920K)] 1392254K->1216061K(1864192K), 0.0513129 secs] [Times: user=0.24 sys=0.00, real=0.05 secs] 
3969.812: [GC (GCLocker Initiated GC) [PSYoungGen: 419221K->97659K(465920K)] 1449023K->1197822K(1864192K), 0.0484984 secs] [Times: user=0.25 sys=0.01, real=0.05 secs] 
3970.126: [GC (Allocation Failure) [PSYoungGen: 330619K->174037K(465920K)] 1430913K->1305823K(1864192K), 0.0617100 secs] [Times: user=0.30 sys=0.00, real=0.06 secs] 
3970.324: [GC (Allocation Failure) [PSYoungGen: 406997K->185334K(465920K)] 1538783K->1371404K(1864192K), 0.0443189 secs] [Times: user=0.20 sys=0.00, real=0.04 secs] 
3970.506: [GC (Allocation Failure) [PSYoungGen: 418294K->184407K(465920K)] 1604364K->1434605K(1864192K), 0.0562597 secs] [Times: user=0.27 sys=0.00, real=0.05 secs] 
3971.852: [GC (Allocation Failure) [PSYoungGen: 417291K->205523K(465920K)] 1667489K->1514441K(1864192K), 0.0566163 secs] [Times: user=0.28 sys=0.00, real=0.06 secs] 
3972.428: [GC (Allocation Failure) [PSYoungGen: 438483K->105596K(465920K)] 1747401K->1478994K(1864192K), 0.0924021 secs] [Times: user=0.46 sys=0.00, real=0.09 secs] 
3972.521: [Full GC (Ergonomics) [PSYoungGen: 105596K->0K(465920K)] [ParOldGen: 1373398K->122653K(1398272K)] 1478994K->122653K(1864192K), [Metaspace: 60326K->60326K(1105920K)], 0.1765912 secs] [Times: user=0.67 sys=0.00, real=0.18 secs] 
3972.867: [GC (Allocation Failure) [PSYoungGen: 226682K->177045K(465920K)] 349335K->299698K(1864192K), 0.0244484 secs] [Times: user=0.08 sys=0.00, real=0.02 secs] 
3973.000: [GC (Allocation Failure) [PSYoungGen: 410005K->182645K(465920K)] 532658K->360551K(1864192K), 0.0410117 secs] [Times: user=0.19 sys=0.00, real=0.04 secs] 
3973.169: [GC (Allocation Failure) [PSYoungGen: 415605K->187765K(465920K)] 593511K->421222K(1864192K), 0.0543200 secs] [Times: user=0.27 sys=0.00, real=0.06 secs] 
3974.827: [GC (Allocation Failure) [PSYoungGen: 420725K->95531K(465920K)] 654182K->399781K(1864192K), 0.1019930 secs] [Times: user=0.55 sys=0.00, real=0.10 secs] 
3975.538: [GC (GCLocker Initiated GC) [PSYoungGen: 328491K->171316K(465920K)] 632741K->506675K(1864192K), 0.0584276 secs] [Times: user=0.28 sys=0.00, real=0.06 secs] 
3975.799: [GC (Allocation Failure) [PSYoungGen: 404276K->185494K(465920K)] 739930K->574807K(1864192K), 0.0554282 secs] [Times: user=0.25 sys=0.00, real=0.06 secs] 
3975.978: [GC (GCLocker Initiated GC) [PSYoungGen: 418454K->184343K(465920K)] 807767K->638184K(1864192K), 0.0492782 secs] [Times: user=0.23 sys=0.01, real=0.05 secs] 
3977.076: [GC (Allocation Failure) [PSYoungGen: 417303K->175283K(465920K)] 882531K->699104K(1864192K), 0.0832736 secs] [Times: user=0.45 sys=0.00, real=0.08 secs] 
3977.516: [GC (Allocation Failure) [PSYoungGen: 408243K->111229K(465920K)] 932064K->701746K(1864192K), 0.0930870 secs] [Times: user=0.50 sys=0.01, real=0.09 secs] 
3977.789: [GC (Allocation Failure) [PSYoungGen: 344189K->177045K(465920K)] 934706K->802973K(1864192K), 0.0466554 secs] [Times: user=0.20 sys=0.01, real=0.05 secs] 
3977.959: [GC (Allocation Failure) [PSYoungGen: 410005K->185143K(465920K)] 1035933K->873327K(1864192K), 0.0488308 secs] [Times: user=0.23 sys=0.00, real=0.05 secs] 
3978.143: [GC (Allocation Failure) [PSYoungGen: 418103K->184500K(465920K)] 1106287K->931501K(1864192K), 0.0840016 secs] [Times: user=0.43 sys=0.01, real=0.08 secs] 
3979.222: [GC (Allocation Failure) [PSYoungGen: 417460K->100284K(465920K)] 1164461K->916964K(1864192K), 0.0474514 secs] [Times: user=0.25 sys=0.00, real=0.05 secs] 
3979.832: [GC (Allocation Failure) [PSYoungGen: 333244K->176181K(465920K)] 1149924K->1024842K(1864192K), 0.0623814 secs] [Times: user=0.29 sys=0.00, real=0.07 secs] 
3980.036: [GC (Allocation Failure) [PSYoungGen: 409141K->182837K(465920K)] 1257802K->1086914K(1864192K), 0.0439295 secs] [Times: user=0.19 sys=0.00, real=0.04 secs] 
3980.213: [GC (Allocation Failure) [PSYoungGen: 407865K->176246K(465920K)] 1311942K->1144035K(1864192K), 0.0745310 secs] [Times: user=0.36 sys=0.00, real=0.07 secs] 
3981.172: [GC (Allocation Failure) [PSYoungGen: 409206K->168627K(401920K)] 1376995K->1192408K(1800192K), 0.0538016 secs] [Times: user=0.27 sys=0.00, real=0.06 secs] 
3982.416: [GC (Allocation Failure) [PSYoungGen: 401513K->109309K(463872K)] 1425295K->1197802K(1862144K), 0.1044369 secs] [Times: user=0.56 sys=0.00, real=0.10 secs] 
3982.749: [GC (Allocation Failure) [PSYoungGen: 337169K->173621K(464896K)] 1425662K->1296843K(1863168K), 0.0374443 secs] [Times: user=0.14 sys=0.01, real=0.04 secs] 
3982.897: [GC (Allocation Failure) [PSYoungGen: 405557K->184918K(465408K)] 1528779K->1362436K(1863680K), 0.0441700 secs] [Times: user=0.20 sys=0.00, real=0.04 secs] 
3983.094: [GC (Allocation Failure) [PSYoungGen: 417878K->187669K(465920K)] 1595396K->1421211K(1864192K), 0.0704569 secs] [Times: user=0.35 sys=0.00, real=0.07 secs] 
3984.201: [GC (Allocation Failure) [PSYoungGen: 420629K->99340K(465920K)] 1654171K->1403546K(1864192K), 0.0484702 secs] [Times: user=0.25 sys=0.00, real=0.05 secs] 
3984.977: [GC (Allocation Failure) [PSYoungGen: 332300K->172276K(465920K)] 1636506K->1508736K(1864192K), 0.0665065 secs] [Times: user=0.33 sys=0.00, real=0.07 secs] 
3985.044: [Full GC (Ergonomics) [PSYoungGen: 172276K->0K(465920K)] [ParOldGen: 1336459K->196986K(1398272K)] 1508736K->196986K(1864192K), [Metaspace: 60326K->60326K(1105920K)], 0.2099580 secs] [Times: user=0.97 sys=0.01, real=0.21 secs] 
3985.366: [GC (Allocation Failure) [PSYoungGen: 232960K->185078K(465920K)] 429946K->382064K(1864192K), 0.0329347 secs] [Times: user=0.14 sys=0.00, real=0.03 secs] 
3985.506: [GC (Allocation Failure) [PSYoungGen: 418038K->183766K(465920K)] 615024K->445249K(1864192K), 0.0436748 secs] [Times: user=0.20 sys=0.00, real=0.04 secs] 
3986.296: [GC (Allocation Failure) [PSYoungGen: 411841K->206003K(465920K)] 673323K->525865K(1864192K), 0.0545066 secs] [Times: user=0.28 sys=0.00, real=0.05 secs] 
3986.704: [GC (Allocation Failure) [PSYoungGen: 438963K->104892K(465920K)] 758825K->489450K(1864192K), 0.0601585 secs] [Times: user=0.32 sys=0.00, real=0.06 secs] 
3987.117: [GC (Allocation Failure) [PSYoungGen: 337466K->178709K(465920K)] 722024K->597104K(1864192K), 0.0364971 secs] [Times: user=0.16 sys=0.00, real=0.04 secs] 
3987.264: [GC (Allocation Failure) [PSYoungGen: 411669K->185334K(465920K)] 830064K->659348K(1864192K), 0.0432654 secs] [Times: user=0.19 sys=0.00, real=0.04 secs] 
3987.432: [GC (Allocation Failure) [PSYoungGen: 418294K->187413K(465920K)] 892308K->717519K(1864192K), 0.0536683 secs] [Times: user=0.26 sys=0.01, real=0.06 secs] 
3988.557: [GC (Allocation Failure) [PSYoungGen: 420373K->99196K(465920K)] 950479K->700086K(1864192K), 0.0565567 secs] [Times: user=0.30 sys=0.00, real=0.06 secs] 
3990.088: [GC (GCLocker Initiated GC) [PSYoungGen: 332156K->166964K(465920K)] 933046K->799427K(1864192K), 0.0647103 secs] [Times: user=0.31 sys=0.00, real=0.07 secs] 
3990.300: [GC (Allocation Failure) [PSYoungGen: 399924K->185782K(465920K)] 1032390K->870876K(1864192K), 0.0423238 secs] [Times: user=0.19 sys=0.00, real=0.04 secs] 
3990.509: [GC (Allocation Failure) [PSYoungGen: 418742K->186007K(465920K)] 1103836K->935766K(1864192K), 0.0795758 secs] [Times: user=0.39 sys=0.00, real=0.08 secs] 
3991.414: [GC (Allocation Failure) [PSYoungGen: 415011K->209107K(465920K)] 1164770K->1017954K(1864192K), 0.0557811 secs] [Times: user=0.28 sys=0.00, real=0.05 secs] 
3992.174: [GC (Allocation Failure) [PSYoungGen: 442067K->101836K(465920K)] 1250914K->976498K(1864192K), 0.1029805 secs] [Times: user=0.56 sys=0.01, real=0.10 secs] 
3992.592: [GC (Allocation Failure) [PSYoungGen: 334796K->180117K(465920K)] 1209458K->1087269K(1864192K), 0.0350108 secs] [Times: user=0.15 sys=0.00, real=0.04 secs] 
3992.772: [GC (Allocation Failure) [PSYoungGen: 413077K->185270K(465920K)] 1320229K->1148226K(1864192K), 0.0491950 secs] [Times: user=0.23 sys=0.00, real=0.05 secs] 
3992.956: [GC (Allocation Failure) [PSYoungGen: 418230K->187893K(465920K)] 1381186K->1207109K(1864192K), 0.0514042 secs] [Times: user=0.20 sys=0.00, real=0.05 secs] 
3994.054: [GC (Allocation Failure) [PSYoungGen: 420853K->101468K(465920K)] 1440069K->1191496K(1864192K), 0.0516628 secs] [Times: user=0.27 sys=0.01, real=0.05 secs] 
3994.690: [GC (Allocation Failure) [PSYoungGen: 334428K->169012K(465920K)] 1424456K->1291689K(1864192K), 0.0585810 secs] [Times: user=0.28 sys=0.00, real=0.06 secs] 
3994.887: [GC (Allocation Failure) [PSYoungGen: 401972K->185398K(465920K)] 1524649K->1361639K(1864192K), 0.0432995 secs] [Times: user=0.19 sys=0.00, real=0.04 secs] 
3995.042: [GC (Allocation Failure) [PSYoungGen: 417818K->185271K(465920K)] 1594059K->1425960K(1864192K), 0.0505811 secs] [Times: user=0.24 sys=0.00, real=0.06 secs] 
3996.008: [GC (Allocation Failure) [PSYoungGen: 418231K->169331K(465920K)] 1658920K->1468900K(1864192K), 0.0587625 secs] [Times: user=0.29 sys=0.00, real=0.06 secs] 
3997.148: [GC (Allocation Failure) [PSYoungGen: 402291K->107196K(465920K)] 1701860K->1471585K(1864192K), 0.1153627 secs] [Times: user=0.63 sys=0.00, real=0.12 secs] 
3997.264: [Full GC (Ergonomics) [PSYoungGen: 107196K->0K(465920K)] [ParOldGen: 1364389K->124404K(1398272K)] 1471585K->124404K(1864192K), [Metaspace: 60326K->60326K(1105920K)], 0.1942497 secs] [Times: user=0.88 sys=0.00, real=0.19 secs] 
3997.694: [GC (Allocation Failure) [PSYoungGen: 232960K->180373K(465920K)] 357364K->304778K(1864192K), 0.0265494 secs] [Times: user=0.10 sys=0.00, real=0.02 secs] 
3997.833: [GC (Allocation Failure) [PSYoungGen: 413333K->182262K(465920K)] 537738K->369403K(1864192K), 0.0469140 secs] [Times: user=0.22 sys=0.01, real=0.04 secs] 
3998.036: [GC (Allocation Failure) [PSYoungGen: 415222K->187573K(465920K)] 602363K->433017K(1864192K), 0.0828755 secs] [Times: user=0.43 sys=0.00, real=0.08 secs] 
3999.081: [GC (Allocation Failure) [PSYoungGen: 420533K->100668K(465920K)] 665977K->416868K(1864192K), 0.0503811 secs] [Times: user=0.26 sys=0.00, real=0.05 secs] 
3999.609: [GC (Allocation Failure) [PSYoungGen: 333628K->176245K(465920K)] 649828K->524778K(1864192K), 0.0593148 secs] [Times: user=0.27 sys=0.00, real=0.06 secs] 
3999.804: [GC (Allocation Failure) [PSYoungGen: 409205K->182741K(465920K)] 757738K->586559K(1864192K), 0.0427501 secs] [Times: user=0.18 sys=0.00, real=0.04 secs] 
3999.954: [GC (Allocation Failure) [PSYoungGen: 403250K->174965K(465920K)] 807068K->642351K(1864192K), 0.0477171 secs] [Times: user=0.21 sys=0.01, real=0.04 secs] 
4000.836: [GC (Allocation Failure) [PSYoungGen: 407925K->169715K(402944K)] 875311K->692668K(1801216K), 0.0532670 secs] [Times: user=0.27 sys=0.00, real=0.05 secs] 
4001.387: [GC (Allocation Failure) [PSYoungGen: 402675K->109501K(464896K)] 925628K->697398K(1863168K), 0.0591050 secs] [Times: user=0.30 sys=0.00, real=0.06 secs] 
4001.590: [GC (Allocation Failure) [PSYoungGen: 341949K->179285K(465408K)] 929846K->801831K(1863680K), 0.0361895 secs] [Times: user=0.16 sys=0.00, real=0.04 secs] 
4001.765: [GC (Allocation Failure) [PSYoungGen: 411733K->184951K(465920K)] 1034279K->878617K(1864192K), 0.0548996 secs] [Times: user=0.26 sys=0.00, real=0.05 secs] 
4001.943: [GC (Allocation Failure) [PSYoungGen: 417911K->184244K(465920K)] 1111577K->936599K(1864192K), 0.0681148 secs] [Times: user=0.34 sys=0.01, real=0.06 secs] 
4003.216: [GC (Allocation Failure) [PSYoungGen: 417204K->97579K(465920K)] 1169559K->919494K(1864192K), 0.0744723 secs] [Times: user=0.36 sys=0.00, real=0.07 secs] 
4004.220: [GC (Allocation Failure) [PSYoungGen: 330539K->172148K(465920K)] 1152454K->1025188K(1864192K), 0.0570492 secs] [Times: user=0.27 sys=0.00, real=0.06 secs] 
4004.412: [GC (Allocation Failure) [PSYoungGen: 405108K->185558K(465920K)] 1258148K->1092809K(1864192K), 0.0432942 secs] [Times: user=0.20 sys=0.00, real=0.05 secs] 
4004.565: [GC (Allocation Failure) [PSYoungGen: 414559K->180406K(465920K)] 1321811K->1152002K(1864192K), 0.0498064 secs] [Times: user=0.23 sys=0.00, real=0.05 secs] 
4005.548: [GC (Allocation Failure) [PSYoungGen: 413366K->168371K(463872K)] 1384962K->1197318K(1862144K), 0.0572688 secs] [Times: user=0.29 sys=0.00, real=0.06 secs] 
4006.592: [GC (Allocation Failure) [PSYoungGen: 401331K->109805K(464896K)] 1430278K->1203264K(1863168K), 0.1033669 secs] [Times: user=0.55 sys=0.00, real=0.11 secs] 
4006.895: [GC (Allocation Failure) [PSYoungGen: 335291K->173749K(466432K)] 1428751K->1302365K(1864704K), 0.0355392 secs] [Times: user=0.15 sys=0.00, real=0.03 secs] 
4007.042: [GC (Allocation Failure) [PSYoungGen: 407221K->185942K(465920K)] 1535837K->1368802K(1864192K), 0.0441866 secs] [Times: user=0.20 sys=0.00, real=0.05 secs] 
4007.193: [GC (Allocation Failure) [PSYoungGen: 419414K->187445K(465920K)] 1602274K->1426610K(1864192K), 0.0467153 secs] [Times: user=0.22 sys=0.00, real=0.04 secs] 
4008.181: [GC (Allocation Failure) [PSYoungGen: 420405K->101420K(465920K)] 1659570K->1411321K(1864192K), 0.0455547 secs] [Times: user=0.23 sys=0.00, real=0.05 secs] 
4008.503: [GC (GCLocker Initiated GC) [PSYoungGen: 334380K->170068K(465920K)] 1644281K->1512594K(1864192K), 0.0404775 secs] [Times: user=0.18 sys=0.00, real=0.04 secs] 
4008.543: [Full GC (Ergonomics) [PSYoungGen: 170068K->0K(465920K)] [ParOldGen: 1342525K->195715K(1398272K)] 1512594K->195715K(1864192K), [Metaspace: 60326K->60326K(1105920K)], 0.1850880 secs] [Times: user=0.82 sys=0.00, real=0.18 secs] 
4008.894: [GC (Allocation Failure) [PSYoungGen: 232960K->185206K(465920K)] 428678K->380924K(1864192K), 0.0348657 secs] [Times: user=0.15 sys=0.00, real=0.03 secs] 
4009.062: [GC (GCLocker Initiated GC) [PSYoungGen: 418166K->180886K(465920K)] 613885K->441046K(1864192K), 0.0578880 secs] [Times: user=0.28 sys=0.00, real=0.06 secs] 
4009.954: [GC (Allocation Failure) [PSYoungGen: 413846K->171123K(404480K)] 674007K->488636K(1802752K), 0.0569079 secs] [Times: user=0.28 sys=0.00, real=0.05 secs] 
4010.545: [GC (Allocation Failure) [PSYoungGen: 404083K->109261K(463872K)] 721596K->492229K(1862144K), 0.1052255 secs] [Times: user=0.56 sys=0.00, real=0.10 secs] 
4010.838: [GC (Allocation Failure) [PSYoungGen: 338265K->174709K(464896K)] 721234K->592414K(1863168K), 0.0345646 secs] [Times: user=0.14 sys=0.00, real=0.03 secs] 
4011.035: [GC (Allocation Failure) [PSYoungGen: 406645K->184758K(465920K)] 824350K->657179K(1864192K), 0.0656310 secs] [Times: user=0.32 sys=0.00, real=0.06 secs] 
4011.227: [GC (Allocation Failure) [PSYoungGen: 417718K->184628K(465920K)] 890139K->713026K(1864192K), 0.0450830 secs] [Times: user=0.21 sys=0.00, real=0.04 secs] 
4012.364: [GC (Allocation Failure) [PSYoungGen: 417588K->102716K(465920K)] 945986K->700838K(1864192K), 0.0627624 secs] [Times: user=0.33 sys=0.00, real=0.06 secs] 
4013.183: [GC (Allocation Failure) [PSYoungGen: 335676K->175125K(465920K)] 933798K->806167K(1864192K), 0.0562809 secs] [Times: user=0.27 sys=0.00, real=0.05 secs] 
4013.363: [GC (Allocation Failure) [PSYoungGen: 408085K->185686K(465920K)] 1039127K->871284K(1864192K), 0.0430354 secs] [Times: user=0.20 sys=0.00, real=0.04 secs] 
4013.533: [GC (Allocation Failure) [PSYoungGen: 412227K->180054K(465920K)] 1097826K->930029K(1864192K), 0.0670469 secs] [Times: user=0.32 sys=0.00, real=0.06 secs] 
4014.589: [GC (Allocation Failure) [PSYoungGen: 413014K->206035K(465920K)] 1162989K->1013369K(1864192K), 0.0516432 secs] [Times: user=0.25 sys=0.01, real=0.05 secs] 
4015.279: [GC (Allocation Failure) [PSYoungGen: 438995K->104588K(465920K)] 1246329K->976507K(1864192K), 0.0579443 secs] [Times: user=0.30 sys=0.00, real=0.06 secs] 
4015.591: [GC (Allocation Failure) [PSYoungGen: 331634K->177653K(465920K)] 1203553K->1083285K(1864192K), 0.0463565 secs] [Times: user=0.20 sys=0.00, real=0.05 secs] 
4015.754: [GC (Allocation Failure) [PSYoungGen: 410613K->185206K(465920K)] 1316245K->1146145K(1864192K), 0.0438646 secs] [Times: user=0.20 sys=0.00, real=0.04 secs] 
4015.903: [GC (Allocation Failure) [PSYoungGen: 418166K->187509K(465920K)] 1379105K->1204649K(1864192K), 0.0459806 secs] [Times: user=0.21 sys=0.00, real=0.04 secs] 
4016.972: [GC (Allocation Failure) [PSYoungGen: 420469K->96987K(465920K)] 1437609K->1184951K(1864192K), 0.0470600 secs] [Times: user=0.24 sys=0.00, real=0.05 secs] 
4017.629: [GC (Allocation Failure) [PSYoungGen: 329947K->173461K(465920K)] 1417911K->1293321K(1864192K), 0.0537712 secs] [Times: user=0.25 sys=0.00, real=0.06 secs] 
4017.805: [GC (Allocation Failure) [PSYoungGen: 406421K->183829K(465920K)] 1526281K->1357610K(1864192K), 0.0439798 secs] [Times: user=0.19 sys=0.00, real=0.04 secs] 
4017.961: [GC (Allocation Failure) [PSYoungGen: 416789K->186167K(465920K)] 1590570K->1424171K(1864192K), 0.0509814 secs] [Times: user=0.24 sys=0.00, real=0.05 secs] 
4018.903: [GC (Allocation Failure) [PSYoungGen: 419127K->169779K(465920K)] 1657131K->1466951K(1864192K), 0.0569694 secs] [Times: user=0.29 sys=0.00, real=0.05 secs] 
4020.095: [GC (Allocation Failure) [PSYoungGen: 402739K->105964K(465920K)] 1699911K->1468008K(1864192K), 0.1027489 secs] [Times: user=0.55 sys=0.00, real=0.10 secs] 
4020.198: [Full GC (Ergonomics) [PSYoungGen: 105964K->0K(465920K)] [ParOldGen: 1362044K->123125K(1398272K)] 1468008K->123125K(1864192K), [Metaspace: 60326K->60326K(1105920K)], 0.1793994 secs] [Times: user=0.81 sys=0.00, real=0.18 secs] 
4020.650: [GC (Allocation Failure) [PSYoungGen: 225352K->177269K(465920K)] 348477K->300394K(1864192K), 0.0245424 secs] [Times: user=0.08 sys=0.00, real=0.03 secs] 
4020.836: [GC (Allocation Failure) [PSYoungGen: 410229K->184502K(465920K)] 533354K->362799K(1864192K), 0.0665272 secs] [Times: user=0.31 sys=0.00, real=0.07 secs] 
4021.100: [GC (Allocation Failure) [PSYoungGen: 417462K->187413K(465920K)] 595759K->421686K(1864192K), 0.0611268 secs] [Times: user=0.29 sys=0.00, real=0.06 secs] 
4022.786: [GC (GCLocker Initiated GC) [PSYoungGen: 420373K->96939K(465920K)] 654647K->401678K(1864192K), 0.0540405 secs] [Times: user=0.29 sys=0.00, real=0.05 secs] 
4023.448: [GC (Allocation Failure) [PSYoungGen: 329899K->166708K(465920K)] 634767K->502909K(1864192K), 0.0743351 secs] [Times: user=0.36 sys=0.01, real=0.08 secs] 
4023.715: [GC (Allocation Failure) [PSYoungGen: 399668K->185366K(465920K)] 735869K->573823K(1864192K), 0.0590682 secs] [Times: user=0.24 sys=0.00, real=0.06 secs] 
4023.897: [GC (Allocation Failure) [PSYoungGen: 418326K->186199K(465920K)] 806783K->639040K(1864192K), 0.0488360 secs] [Times: user=0.23 sys=0.00, real=0.05 secs] 
4024.735: [GC (Allocation Failure) [PSYoungGen: 417181K->212211K(465920K)] 870023K->724073K(1864192K), 0.0543442 secs] [Times: user=0.27 sys=0.00, real=0.05 secs] 
4025.276: [GC (Allocation Failure) [PSYoungGen: 445171K->103196K(465920K)] 957033K->681873K(1864192K), 0.0870953 secs] [Times: user=0.46 sys=0.01, real=0.09 secs] 
4025.919: [GC (Allocation Failure) [PSYoungGen: 336156K->180021K(465920K)] 914833K->791275K(1864192K), 0.0452971 secs] [Times: user=0.20 sys=0.00, real=0.05 secs] 
4026.083: [GC (Allocation Failure) [PSYoungGen: 412981K->185526K(465920K)] 1024235K->853240K(1864192K), 0.0433250 secs] [Times: user=0.20 sys=0.00, real=0.04 secs] 
4026.261: [GC (Allocation Failure) [PSYoungGen: 418486K->184276K(465920K)] 1086200K->907975K(1864192K), 0.0645071 secs] [Times: user=0.32 sys=0.00, real=0.07 secs] 
4027.412: [GC (Allocation Failure) [PSYoungGen: 417236K->104908K(465920K)] 1140935K->898159K(1864192K), 0.0614535 secs] [Times: user=0.32 sys=0.00, real=0.07 secs] 
4028.108: [GC (Allocation Failure) [PSYoungGen: 337868K->173268K(465920K)] 1131119K->1000320K(1864192K), 0.0594749 secs] [Times: user=0.28 sys=0.00, real=0.06 secs] 
4028.307: [GC (Allocation Failure) [PSYoungGen: 406228K->185398K(465920K)] 1233280K->1066805K(1864192K), 0.0441766 secs] [Times: user=0.20 sys=0.00, real=0.04 secs] 
4028.501: [GC (Allocation Failure) [PSYoungGen: 416106K->182070K(465920K)] 1297514K->1127877K(1864192K), 0.0805449 secs] [Times: user=0.40 sys=0.00, real=0.08 secs] 
4029.449: [GC (Allocation Failure) [PSYoungGen: 415030K->167474K(465920K)] 1360837K->1170986K(1864192K), 0.0581232 secs] [Times: user=0.29 sys=0.00, real=0.06 secs] 
4030.041: [GC (Allocation Failure) [PSYoungGen: 400434K->109773K(465920K)] 1403946K->1177300K(1864192K), 0.0936112 secs] [Times: user=0.50 sys=0.00, real=0.10 secs] 
4030.354: [GC (Allocation Failure) [PSYoungGen: 335845K->172500K(465920K)] 1403373K->1275413K(1864192K), 0.0433241 secs] [Times: user=0.20 sys=0.00, real=0.04 secs] 
4030.547: [GC (Allocation Failure) [PSYoungGen: 405460K->185430K(465920K)] 1508373K->1342162K(1864192K), 0.0633768 secs] [Times: user=0.30 sys=0.01, real=0.06 secs] 
4030.749: [GC (Allocation Failure) [PSYoungGen: 418390K->187317K(465920K)] 1575122K->1400201K(1864192K), 0.0464398 secs] [Times: user=0.21 sys=0.00, real=0.05 secs] 
4031.965: [GC (Allocation Failure) [PSYoungGen: 420277K->99212K(465920K)] 1633161K->1382904K(1864192K), 0.0600192 secs] [Times: user=0.31 sys=0.01, real=0.06 secs] 
4032.636: [GC (Allocation Failure) [PSYoungGen: 332172K->170516K(465920K)] 1615864K->1485909K(1864192K), 0.0660421 secs] [Times: user=0.32 sys=0.00, real=0.07 secs] 
4032.702: [Full GC (Ergonomics) [PSYoungGen: 170516K->0K(465920K)] [ParOldGen: 1315393K->194653K(1398272K)] 1485909K->194653K(1864192K), [Metaspace: 60326K->60326K(1105920K)], 0.2081087 secs] [Times: user=0.96 sys=0.00, real=0.20 secs] 
4033.053: [GC (Allocation Failure) [PSYoungGen: 232960K->184950K(465920K)] 427613K->379603K(1864192K), 0.0324219 secs] [Times: user=0.13 sys=0.00, real=0.03 secs] 
4033.195: [GC (Allocation Failure) [PSYoungGen: 417910K->186327K(465920K)] 612563K->445380K(1864192K), 0.0440265 secs] [Times: user=0.20 sys=0.00, real=0.04 secs] 
4034.061: [GC (Allocation Failure) [PSYoungGen: 419287K->169747K(465920K)] 678340K->487848K(1864192K), 0.0568348 secs] [Times: user=0.29 sys=0.00, real=0.06 secs] 
4035.231: [GC (Allocation Failure) [PSYoungGen: 402707K->104300K(465920K)] 720808K->487478K(1864192K), 0.1117671 secs] [Times: user=0.60 sys=0.00, real=0.12 secs] 
4035.601: [GC (Allocation Failure) [PSYoungGen: 332809K->178293K(465920K)] 715987K->595631K(1864192K), 0.0352959 secs] [Times: user=0.15 sys=0.00, real=0.04 secs] 
4035.747: [GC (Allocation Failure) [PSYoungGen: 411253K->182613K(465920K)] 828591K->655419K(1864192K), 0.0432856 secs] [Times: user=0.20 sys=0.00, real=0.04 secs] 
4035.920: [GC (Allocation Failure) [PSYoungGen: 415573K->187637K(465920K)] 888379K->715955K(1864192K), 0.0569365 secs] [Times: user=0.28 sys=0.00, real=0.06 secs] 
4037.030: [GC (Allocation Failure) [PSYoungGen: 420597K->101004K(465920K)] 948915K->700018K(1864192K), 0.0511420 secs] [Times: user=0.27 sys=0.01, real=0.05 secs] 
4038.024: [GC (Allocation Failure) [PSYoungGen: 333964K->168084K(465920K)] 932978K->799271K(1864192K), 0.0655735 secs] [Times: user=0.31 sys=0.01, real=0.06 secs] 
4038.235: [GC (Allocation Failure) [PSYoungGen: 401044K->185014K(465920K)] 1032231K->868665K(1864192K), 0.0422316 secs] [Times: user=0.19 sys=0.00, real=0.04 secs] 
4038.388: [GC (Allocation Failure) [PSYoungGen: 417974K->186487K(465920K)] 1101625K->934394K(1864192K), 0.0500903 secs] [Times: user=0.23 sys=0.00, real=0.05 secs] 
4039.263: [GC (Allocation Failure) [PSYoungGen: 419447K->171571K(465920K)] 1167354K->978806K(1864192K), 0.0581255 secs] [Times: user=0.30 sys=0.00, real=0.05 secs] 
4039.723: [GC (Allocation Failure) [PSYoungGen: 404531K->110893K(465920K)] 1211766K->983656K(1864192K), 0.0552299 secs] [Times: user=0.29 sys=0.00, real=0.05 secs] 
4039.904: [GC (Allocation Failure) [PSYoungGen: 343853K->177589K(465920K)] 1216616K->1085688K(1864192K), 0.0371862 secs] [Times: user=0.16 sys=0.00, real=0.03 secs] 
4040.054: [GC (Allocation Failure) [PSYoungGen: 410518K->182262K(465920K)] 1318618K->1152474K(1864192K), 0.0495490 secs] [Times: user=0.24 sys=0.00, real=0.05 secs] 
4040.237: [GC (Allocation Failure) [PSYoungGen: 415222K->187413K(465920K)] 1385434K->1215657K(1864192K), 0.0705180 secs] [Times: user=0.36 sys=0.01, real=0.07 secs] 
4041.413: [GC (Allocation Failure) [PSYoungGen: 420373K->102588K(465920K)] 1448617K->1201604K(1864192K), 0.0640171 secs] [Times: user=0.34 sys=0.00, real=0.06 secs] 
4042.191: [GC (Allocation Failure) [PSYoungGen: 335548K->172692K(465920K)] 1434564K->1305129K(1864192K), 0.0530181 secs] [Times: user=0.24 sys=0.00, real=0.06 secs] 
4042.404: [GC (Allocation Failure) [PSYoungGen: 405652K->184310K(465920K)] 1538089K->1370870K(1864192K), 0.0628419 secs] [Times: user=0.30 sys=0.00, real=0.06 secs] 
4042.651: [GC (Allocation Failure) [PSYoungGen: 409035K->175797K(465920K)] 1595595K->1426726K(1864192K), 0.0690187 secs] [Times: user=0.34 sys=0.00, real=0.07 secs] 
4044.172: [GC (Allocation Failure) [PSYoungGen: 408757K->169075K(459776K)] 1659686K->1475883K(1858048K), 0.0605588 secs] [Times: user=0.28 sys=0.00, real=0.06 secs] 
4045.263: [GC (Allocation Failure) [PSYoungGen: 402035K->106060K(462848K)] 1708843K->1477589K(1861120K), 0.1075884 secs] [Times: user=0.58 sys=0.00, real=0.10 secs] 
4045.371: [Full GC (Ergonomics) [PSYoungGen: 106060K->0K(462848K)] [ParOldGen: 1371528K->123202K(1398272K)] 1477589K->123202K(1861120K), [Metaspace: 60326K->60326K(1105920K)], 0.1827294 secs] [Times: user=0.81 sys=0.00, real=0.19 secs] 
4045.804: [GC (Allocation Failure) [PSYoungGen: 228946K->177269K(465920K)] 352149K->300472K(1864192K), 0.0243970 secs] [Times: user=0.09 sys=0.00, real=0.02 secs] 
4045.940: [GC (Allocation Failure) [PSYoungGen: 410229K->185558K(465920K)] 533432K->363988K(1864192K), 0.0415754 secs] [Times: user=0.19 sys=0.01, real=0.04 secs] 
4046.087: [GC (Allocation Failure) [PSYoungGen: 418518K->184340K(465920K)] 596948K->418947K(1864192K), 0.0443232 secs] [Times: user=0.20 sys=0.00, real=0.04 secs] 
4047.155: [GC (Allocation Failure) [PSYoungGen: 417300K->101788K(465920K)] 651907K->405923K(1864192K), 0.0436528 secs] [Times: user=0.23 sys=0.00, real=0.04 secs] 
4047.786: [GC (Allocation Failure) [PSYoungGen: 334748K->169940K(465920K)] 638883K->506664K(1864192K), 0.0633498 secs] [Times: user=0.30 sys=0.00, real=0.06 secs] 
4048.053: [GC (Allocation Failure) [PSYoungGen: 402900K->182261K(465920K)] 739624K->572297K(1864192K), 0.0561002 secs] [Times: user=0.26 sys=0.00, real=0.05 secs] 
4048.269: [GC (Allocation Failure) [PSYoungGen: 415221K->185751K(465920K)] 805257K->639443K(1864192K), 0.0703567 secs] [Times: user=0.35 sys=0.00, real=0.07 secs] 
4049.176: [GC (Allocation Failure) [PSYoungGen: 418711K->173619K(465920K)] 872403K->686295K(1864192K), 0.0578007 secs] [Times: user=0.29 sys=0.00, real=0.06 secs] 
4049.822: [GC (Allocation Failure) [PSYoungGen: 406579K->107004K(465920K)] 919255K->686064K(1864192K), 0.0742567 secs] [Times: user=0.39 sys=0.00, real=0.08 secs] 
4050.256: [GC (Allocation Failure) [PSYoungGen: 334109K->175701K(465920K)] 913169K->789281K(1864192K), 0.0351243 secs] [Times: user=0.15 sys=0.00, real=0.03 secs] 
4050.401: [GC (Allocation Failure) [PSYoungGen: 408661K->182357K(465920K)] 1022241K->850529K(1864192K), 0.0434349 secs] [Times: user=0.20 sys=0.00, real=0.05 secs] 
4051.843: [GC (Allocation Failure) [PSYoungGen: 415317K->186325K(465920K)] 1083489K->909649K(1864192K), 0.0820016 secs] [Times: user=0.41 sys=0.01, real=0.08 secs] 
4053.357: [GC (Allocation Failure) [PSYoungGen: 419285K->101212K(465920K)] 1142609K->894768K(1864192K), 0.0610711 secs] [Times: user=0.33 sys=0.00, real=0.06 secs] 
4054.425: [GC (Allocation Failure) [PSYoungGen: 334172K->169908K(465920K)] 1127728K->995985K(1864192K), 0.0656423 secs] [Times: user=0.30 sys=0.00, real=0.06 secs] 
4054.630: [GC (Allocation Failure) [PSYoungGen: 402868K->185398K(465920K)] 1228945K->1064955K(1864192K), 0.0443810 secs] [Times: user=0.20 sys=0.00, real=0.05 secs] 
4054.835: [GC (Allocation Failure) [PSYoungGen: 418358K->182614K(465920K)] 1297915K->1126643K(1864192K), 0.0741064 secs] [Times: user=0.37 sys=0.00, real=0.07 secs] 
4055.838: [GC (Allocation Failure) [PSYoungGen: 415574K->175667K(465920K)] 1359603K->1177529K(1864192K), 0.0592988 secs] [Times: user=0.30 sys=0.00, real=0.06 secs] 
4056.309: [GC (Allocation Failure) [PSYoungGen: 408627K->104940K(465920K)] 1410489K->1173673K(1864192K), 0.0790307 secs] [Times: user=0.42 sys=0.01, real=0.08 secs] 
4056.726: [GC (Allocation Failure) [PSYoungGen: 337900K->178229K(465920K)] 1406633K->1279887K(1864192K), 0.0399692 secs] [Times: user=0.18 sys=0.01, real=0.04 secs] 
4056.917: [GC (Allocation Failure) [PSYoungGen: 411189K->185142K(465920K)] 1512847K->1342948K(1864192K), 0.0631974 secs] [Times: user=0.30 sys=0.00, real=0.06 secs] 
4057.113: [GC (Allocation Failure) [PSYoungGen: 418102K->187317K(465920K)] 1575908K->1401251K(1864192K), 0.0468288 secs] [Times: user=0.22 sys=0.00, real=0.04 secs] 
4058.443: [GC (Allocation Failure) [PSYoungGen: 420277K->100620K(465920K)] 1634211K->1385162K(1864192K), 0.1006247 secs] [Times: user=0.56 sys=0.00, real=0.10 secs] 
4059.262: [GC (Allocation Failure) [PSYoungGen: 333580K->171540K(465920K)] 1618122K->1488879K(1864192K), 0.0563876 secs] [Times: user=0.26 sys=0.00, real=0.06 secs] 
4059.318: [Full GC (Ergonomics) [PSYoungGen: 171540K->0K(465920K)] [ParOldGen: 1317338K->196652K(1398272K)] 1488879K->196652K(1864192K), [Metaspace: 60335K->60335K(1105920K)], 0.1961577 secs] [Times: user=0.90 sys=0.00, real=0.20 secs] 
4059.641: [GC (Allocation Failure) [PSYoungGen: 232960K->193494K(465920K)] 429612K->390146K(1864192K), 0.0370698 secs] [Times: user=0.15 sys=0.00, real=0.04 secs] 
4059.829: [GC (Allocation Failure) [PSYoungGen: 426454K->185111K(465920K)] 623106K->446275K(1864192K), 0.0542928 secs] [Times: user=0.26 sys=0.00, real=0.06 secs] 
4061.177: [GC (Allocation Failure) [PSYoungGen: 413019K->205491K(465920K)] 674183K->525367K(1864192K), 0.0542823 secs] [Times: user=0.27 sys=0.00, real=0.05 secs] 
4062.234: [GC (Allocation Failure) [PSYoungGen: 438451K->103404K(465920K)] 758327K->487704K(1864192K), 0.1112423 secs] [Times: user=0.60 sys=0.00, real=0.11 secs] 
4062.697: [GC (Allocation Failure) [PSYoungGen: 336364K->180566K(465920K)] 720664K->597115K(1864192K), 0.0418561 secs] [Times: user=0.19 sys=0.01, real=0.04 secs] 
4062.877: [GC (Allocation Failure) [PSYoungGen: 413526K->185654K(465920K)] 830075K->658459K(1864192K), 0.0616056 secs] [Times: user=0.30 sys=0.00, real=0.06 secs] 
4063.072: [GC (Allocation Failure) [PSYoungGen: 418614K->187477K(465920K)] 891419K->716678K(1864192K), 0.0448852 secs] [Times: user=0.21 sys=0.00, real=0.05 secs] 
4064.063: [GC (Allocation Failure) [PSYoungGen: 420437K->102604K(465920K)] 949638K->702573K(1864192K), 0.0475518 secs] [Times: user=0.25 sys=0.00, real=0.04 secs] 
4064.668: [GC (Allocation Failure) [PSYoungGen: 335564K->171188K(465920K)] 935533K->804034K(1864192K), 0.0666773 secs] [Times: user=0.29 sys=0.00, real=0.07 secs] 
4064.886: [GC (Allocation Failure) [PSYoungGen: 404148K->182453K(465920K)] 1036994K->869032K(1864192K), 0.0428866 secs] [Times: user=0.19 sys=0.01, real=0.04 secs] 
4065.042: [GC (Allocation Failure) [PSYoungGen: 415413K->185879K(465920K)] 1101992K->936385K(1864192K), 0.0500032 secs] [Times: user=0.23 sys=0.00, real=0.05 secs] 
4065.942: [GC (Allocation Failure) [PSYoungGen: 418839K->168883K(465920K)] 1169345K->978361K(1864192K), 0.0548733 secs] [Times: user=0.27 sys=0.00, real=0.06 secs] 
4066.916: [GC (Allocation Failure) [PSYoungGen: 401843K->109725K(465920K)] 1211321K->983843K(1864192K), 0.0707767 secs] [Times: user=0.37 sys=0.00, real=0.07 secs] 
4067.201: [GC (Allocation Failure) [PSYoungGen: 342685K->179765K(465920K)] 1216803K->1089368K(1864192K), 0.0366616 secs] [Times: user=0.15 sys=0.00, real=0.04 secs] 
4067.350: [GC (Allocation Failure) [PSYoungGen: 412725K->182358K(465920K)] 1322328K->1154718K(1864192K), 0.0499560 secs] [Times: user=0.24 sys=0.00, real=0.05 secs] 
4067.509: [GC (Allocation Failure) [PSYoungGen: 415318K->186901K(465920K)] 1387678K->1217596K(1864192K), 0.0576323 secs] [Times: user=0.28 sys=0.00, real=0.06 secs] 
4068.773: [GC (GCLocker Initiated GC) [PSYoungGen: 419861K->103516K(465920K)] 1450556K->1204660K(1864192K), 0.0730157 secs] [Times: user=0.39 sys=0.00, real=0.07 secs] 
4069.887: [GC (Allocation Failure) [PSYoungGen: 336476K->176052K(465920K)] 1437750K->1310392K(1864192K), 0.0589215 secs] [Times: user=0.28 sys=0.00, real=0.06 secs] 
4070.140: [GC (Allocation Failure) [PSYoungGen: 409012K->182549K(465920K)] 1543352K->1378833K(1864192K), 0.0570146 secs] [Times: user=0.28 sys=0.00, real=0.06 secs] 
4070.349: [GC (Allocation Failure) [PSYoungGen: 405046K->176022K(465920K)] 1601330K->1436161K(1864192K), 0.0680707 secs] [Times: user=0.34 sys=0.00, real=0.07 secs] 
4071.320: [GC (Allocation Failure) [PSYoungGen: 408982K->190891K(465920K)] 1669121K->1506995K(1864192K), 0.0497280 secs] [Times: user=0.24 sys=0.00, real=0.05 secs] 
4071.370: [Full GC (Ergonomics) [PSYoungGen: 190891K->0K(465920K)] [ParOldGen: 1316103K->364422K(1398272K)] 1506995K->364422K(1864192K), [Metaspace: 60342K->60342K(1105920K)], 0.5255962 secs] [Times: user=1.80 sys=0.00, real=0.53 secs] 
4072.260: [GC (Allocation Failure) [PSYoungGen: 232960K->109421K(465920K)] 597382K->473843K(1864192K), 0.0194098 secs] [Times: user=0.08 sys=0.00, real=0.02 secs] 
4072.434: [GC (Allocation Failure) [PSYoungGen: 342381K->204597K(465920K)] 706803K->603787K(1864192K), 0.0368286 secs] [Times: user=0.15 sys=0.00, real=0.03 secs] 
4072.582: [GC (Allocation Failure) [PSYoungGen: 437557K->183286K(465920K)] 836747K->645905K(1864192K), 0.0489429 secs] [Times: user=0.23 sys=0.00, real=0.05 secs] 
4072.738: [GC (Allocation Failure) [PSYoungGen: 416246K->184661K(465920K)] 878865K->705455K(1864192K), 0.0568429 secs] [Times: user=0.28 sys=0.00, real=0.06 secs] 
4073.834: [GC (Allocation Failure) [PSYoungGen: 417621K->97611K(465920K)] 938415K->688158K(1864192K), 0.0593994 secs] [Times: user=0.32 sys=0.01, real=0.06 secs] 
4074.409: [GC (Allocation Failure) [PSYoungGen: 330571K->176149K(465920K)] 921118K->798496K(1864192K), 0.0480965 secs] [Times: user=0.22 sys=0.00, real=0.05 secs] 
4074.567: [GC (Allocation Failure) [PSYoungGen: 409109K->185366K(465920K)] 1031456K->862745K(1864192K), 0.0434287 secs] [Times: user=0.20 sys=0.00, real=0.04 secs] 
4074.718: [GC (Allocation Failure) [PSYoungGen: 414935K->176918K(465920K)] 1092314K->918857K(1864192K), 0.0490075 secs] [Times: user=0.23 sys=0.01, real=0.05 secs] 
4076.149: [GC (Allocation Failure) [PSYoungGen: 409878K->168659K(465920K)] 1151817K->966678K(1864192K), 0.0564181 secs] [Times: user=0.29 sys=0.00, real=0.06 secs] 
4077.627: [GC (Allocation Failure) [PSYoungGen: 401619K->105340K(465920K)] 1199638K->968023K(1864192K), 0.0991081 secs] [Times: user=0.54 sys=0.01, real=0.10 secs] 
4077.998: [GC (Allocation Failure) [PSYoungGen: 337554K->178037K(465920K)] 1200237K->1074741K(1864192K), 0.0425519 secs] [Times: user=0.19 sys=0.00, real=0.04 secs] 
4078.152: [GC (Allocation Failure) [PSYoungGen: 410997K->185238K(465920K)] 1307701K->1137102K(1864192K), 0.0433519 secs] [Times: user=0.20 sys=0.00, real=0.05 secs] 
4078.302: [GC (Allocation Failure) [PSYoungGen: 418198K->187573K(465920K)] 1370062K->1195637K(1864192K), 0.0459316 secs] [Times: user=0.22 sys=0.00, real=0.05 secs] 
4079.360: [GC (GCLocker Initiated GC) [PSYoungGen: 420533K->101196K(465920K)] 1428597K->1179876K(1864192K), 0.0454522 secs] [Times: user=0.24 sys=0.00, real=0.05 secs] 
4079.771: [GC (Allocation Failure) [PSYoungGen: 334156K->175733K(465920K)] 1413127K->1287417K(1864192K), 0.0708443 secs] [Times: user=0.34 sys=0.00, real=0.07 secs] 
4080.042: [GC (Allocation Failure) [PSYoungGen: 408693K->185398K(465920K)] 1520377K->1352042K(1864192K), 0.0562586 secs] [Times: user=0.27 sys=0.00, real=0.06 secs] 
4080.206: [GC (Allocation Failure) [PSYoungGen: 418358K->178198K(465920K)] 1585002K->1409330K(1864192K), 0.0504651 secs] [Times: user=0.24 sys=0.00, real=0.05 secs] 
4081.195: [GC (Allocation Failure) [PSYoungGen: 411158K->169331K(465920K)] 1642290K->1456959K(1864192K), 0.0556310 secs] [Times: user=0.28 sys=0.00, real=0.05 secs] 
4081.753: [GC (Allocation Failure) [PSYoungGen: 402291K->111501K(465920K)] 1689919K->1464041K(1864192K), 0.0967428 secs] [Times: user=0.51 sys=0.01, real=0.09 secs] 
4081.850: [Full GC (Ergonomics) [PSYoungGen: 111501K->0K(465920K)] [ParOldGen: 1352540K->128289K(1398272K)] 1464041K->128289K(1864192K), [Metaspace: 60342K->60342K(1105920K)], 0.1827116 secs] [Times: user=0.80 sys=0.00, real=0.19 secs] 
4082.218: [GC (Allocation Failure) [PSYoungGen: 232960K->179989K(465920K)] 361249K->308278K(1864192K), 0.0265721 secs] [Times: user=0.09 sys=0.00, real=0.03 secs] 
4082.353: [GC (Allocation Failure) [PSYoungGen: 412949K->183126K(465920K)] 541238K->382708K(1864192K), 0.0474608 secs] [Times: user=0.22 sys=0.00, real=0.04 secs] 
4082.508: [GC (Allocation Failure) [PSYoungGen: 416086K->187605K(465920K)] 615668K->445530K(1864192K), 0.0574262 secs] [Times: user=0.28 sys=0.00, real=0.06 secs] 
4084.396: [GC (Allocation Failure) [PSYoungGen: 420565K->96763K(465920K)] 678490K->425556K(1864192K), 0.1265612 secs] [Times: user=0.71 sys=0.00, real=0.13 secs] 
4085.441: [GC (Allocation Failure) [PSYoungGen: 329723K->175413K(465920K)] 658516K->535308K(1864192K), 0.0497810 secs] [Times: user=0.23 sys=0.00, real=0.05 secs] 
4085.666: [GC (Allocation Failure) [PSYoungGen: 408373K->185334K(465920K)] 768268K->599765K(1864192K), 0.0531379 secs] [Times: user=0.25 sys=0.00, real=0.05 secs] 
4085.840: [GC (Allocation Failure) [PSYoungGen: 410808K->173653K(465920K)] 825238K->652452K(1864192K), 0.0476793 secs] [Times: user=0.23 sys=0.00, real=0.05 secs] 
4086.699: [GC (Allocation Failure) [PSYoungGen: 406613K->212283K(465920K)] 885412K->746314K(1864192K), 0.0490254 secs] [Times: user=0.23 sys=0.00, real=0.05 secs] 
4087.409: [GC (Allocation Failure) [PSYoungGen: 445243K->108957K(465920K)] 979274K->707524K(1864192K), 0.1047278 secs] [Times: user=0.56 sys=0.00, real=0.11 secs] 
4087.700: [GC (Allocation Failure) [PSYoungGen: 341917K->179765K(465920K)] 940484K->813085K(1864192K), 0.0357938 secs] [Times: user=0.15 sys=0.00, real=0.04 secs] 
4087.847: [GC (GCLocker Initiated GC) [PSYoungGen: 412725K->184823K(465920K)] 1046045K->880847K(1864192K), 0.0492111 secs] [Times: user=0.22 sys=0.00, real=0.05 secs] 
4088.003: [GC (Allocation Failure) [PSYoungGen: 417783K->187317K(465920K)] 1113809K->941959K(1864192K), 0.0577025 secs] [Times: user=0.29 sys=0.00, real=0.05 secs] 
4089.005: [GC (Allocation Failure) [PSYoungGen: 420277K->96587K(465920K)] 1174919K->921958K(1864192K), 0.0499182 secs] [Times: user=0.26 sys=0.00, real=0.05 secs] 
4089.549: [GC (Allocation Failure) [PSYoungGen: 329547K->171860K(465920K)] 1154918K->1028296K(1864192K), 0.0488800 secs] [Times: user=0.22 sys=0.00, real=0.05 secs] 
4089.717: [GC (Allocation Failure) [PSYoungGen: 404814K->185462K(465920K)] 1261250K->1095905K(1864192K), 0.0439288 secs] [Times: user=0.20 sys=0.00, real=0.04 secs] 
4089.866: [GC (Allocation Failure) [PSYoungGen: 409888K->176438K(465920K)] 1320331K->1151257K(1864192K), 0.0495806 secs] [Times: user=0.23 sys=0.00, real=0.05 secs] 
4090.773: [GC (Allocation Failure) [PSYoungGen: 409398K->169875K(465920K)] 1384217K->1200910K(1864192K), 0.0552165 secs] [Times: user=0.28 sys=0.00, real=0.05 secs] 
4092.478: [GC (GCLocker Initiated GC) [PSYoungGen: 402835K->103468K(465920K)] 1433871K->1199376K(1864192K), 0.1025888 secs] [Times: user=0.55 sys=0.00, real=0.10 secs] 
4092.806: [GC (Allocation Failure) [PSYoungGen: 336428K->178294K(465920K)] 1440531K->1316032K(1864192K), 0.1233578 secs] [Times: user=0.67 sys=0.00, real=0.12 secs] 
4093.064: [GC (Allocation Failure) [PSYoungGen: 411254K->185303K(465920K)] 1548992K->1379824K(1864192K), 0.1767385 secs] [Times: user=1.00 sys=0.00, real=0.17 secs] 
4093.344: [GC (Allocation Failure) [PSYoungGen: 418263K->187349K(465920K)] 1612784K->1440655K(1864192K), 0.0614614 secs] [Times: user=0.31 sys=0.00, real=0.06 secs] 
4094.525: [GC (Allocation Failure) [PSYoungGen: 420309K->98347K(465920K)] 1673615K->1422189K(1864192K), 0.0650514 secs] [Times: user=0.35 sys=0.00, real=0.06 secs] 
4094.590: [Full GC (Ergonomics) [PSYoungGen: 98347K->0K(465920K)] [ParOldGen: 1323841K->95311K(1398272K)] 1422189K->95311K(1864192K), [Metaspace: 60342K->60342K(1105920K)], 0.0569108 secs] [Times: user=0.21 sys=0.00, real=0.06 secs] 
4095.163: [GC (Allocation Failure) [PSYoungGen: 232960K->169652K(465920K)] 328271K->264963K(1864192K), 0.0353204 secs] [Times: user=0.13 sys=0.01, real=0.03 secs] 
4095.349: [GC (Allocation Failure) [PSYoungGen: 402612K->185270K(465920K)] 497923K->333669K(1864192K), 0.0417299 secs] [Times: user=0.18 sys=0.00, real=0.04 secs] 
4095.497: [GC (Allocation Failure) [PSYoungGen: 408664K->176726K(465920K)] 557064K->389301K(1864192K), 0.0478292 secs] [Times: user=0.22 sys=0.00, real=0.05 secs] 
4096.450: [GC (Allocation Failure) [PSYoungGen: 409686K->168339K(463872K)] 622261K->437086K(1862144K), 0.0550069 secs] [Times: user=0.27 sys=0.00, real=0.06 secs] 
4097.126: [GC (GCLocker Initiated GC) [PSYoungGen: 401299K->109549K(464896K)] 670046K->442760K(1863168K), 0.0950953 secs] [Times: user=0.50 sys=0.00, real=0.09 secs] 
4097.462: [GC (Allocation Failure) [PSYoungGen: 342509K->202549K(465920K)] 675724K->570716K(1864192K), 0.0367056 secs] [Times: user=0.16 sys=0.00, real=0.03 secs] 
4097.613: [GC (Allocation Failure) [PSYoungGen: 435509K->184471K(465920K)] 803676K->622994K(1864192K), 0.0491578 secs] [Times: user=0.23 sys=0.00, real=0.05 secs] 
4097.769: [GC (Allocation Failure) [PSYoungGen: 417431K->184597K(465920K)] 855954K->681640K(1864192K), 0.0571431 secs] [Times: user=0.28 sys=0.00, real=0.06 secs] 
4099.162: [GC (GCLocker Initiated GC) [PSYoungGen: 417557K->100860K(465920K)] 914600K->667559K(1864192K), 0.0821805 secs] [Times: user=0.44 sys=0.00, real=0.09 secs] 
4100.007: [GC (Allocation Failure) [PSYoungGen: 333820K->173365K(465920K)] 900686K->772744K(1864192K), 0.0573800 secs] [Times: user=0.27 sys=0.00, real=0.06 secs] 
4100.196: [GC (Allocation Failure) [PSYoungGen: 406325K->184150K(465920K)] 1005704K->837869K(1864192K), 0.0428347 secs] [Times: user=0.20 sys=0.00, real=0.04 secs] 
4100.348: [GC (Allocation Failure) [PSYoungGen: 407765K->178550K(465920K)] 1061485K->896341K(1864192K), 0.0487023 secs] [Times: user=0.23 sys=0.00, real=0.05 secs] 
4101.249: [GC (Allocation Failure) [PSYoungGen: 411510K->168082K(465920K)] 1129301K->942522K(1864192K), 0.0535239 secs] [Times: user=0.27 sys=0.00, real=0.06 secs] 
4101.930: [GC (GCLocker Initiated GC) [PSYoungGen: 401042K->110509K(465920K)] 1175482K->949428K(1864192K), 0.0766319 secs] [Times: user=0.41 sys=0.01, real=0.08 secs] 
4102.245: [GC (Allocation Failure) [PSYoungGen: 343469K->174997K(465920K)] 1190876K->1057960K(1864192K), 0.1409213 secs] [Times: user=0.79 sys=0.00, real=0.14 secs] 
4102.505: [GC (Allocation Failure) [PSYoungGen: 407957K->184983K(465920K)] 1290920K->1123913K(1864192K), 0.1724154 secs] [Times: user=0.97 sys=0.00, real=0.17 secs] 
4102.806: [GC (Allocation Failure) [PSYoungGen: 417943K->186837K(465920K)] 1356873K->1184527K(1864192K), 0.0576231 secs] [Times: user=0.28 sys=0.00, real=0.06 secs] 
4104.214: [GC (Allocation Failure) [PSYoungGen: 419797K->100428K(465920K)] 1417487K->1168614K(1864192K), 0.0461749 secs] [Times: user=0.24 sys=0.00, real=0.04 secs] 
4104.566: [GC (Allocation Failure) [PSYoungGen: 333388K->176725K(465920K)] 1401574K->1277448K(1864192K), 0.0587320 secs] [Times: user=0.27 sys=0.00, real=0.06 secs] 
4104.800: [GC (Allocation Failure) [PSYoungGen: 409685K->182005K(465920K)] 1510408K->1337853K(1864192K), 0.0432248 secs] [Times: user=0.20 sys=0.00, real=0.05 secs] 
4104.951: [GC (Allocation Failure) [PSYoungGen: 414965K->188181K(465920K)] 1570813K->1399637K(1864192K), 0.0458418 secs] [Times: user=0.22 sys=0.00, real=0.05 secs] 
4105.898: [GC (Allocation Failure) [PSYoungGen: 421141K->148146K(465920K)] 1632597K->1430562K(1864192K), 0.0518006 secs] [Times: user=0.26 sys=0.00, real=0.05 secs] 
4106.581: [GC (Allocation Failure) [PSYoungGen: 381106K->127567K(465920K)] 1663522K->1456999K(1864192K), 0.1061150 secs] [Times: user=0.58 sys=0.00, real=0.11 secs] 
4106.687: [Full GC (Ergonomics) [PSYoungGen: 127567K->0K(465920K)] [ParOldGen: 1329431K->145314K(1398272K)] 1456999K->145314K(1864192K), [Metaspace: 60342K->60342K(1105920K)], 0.1313633 secs] [Times: user=0.56 sys=0.00, real=0.13 secs] 
4106.957: [GC (Allocation Failure) [PSYoungGen: 232960K->177077K(465920K)] 378274K->322391K(1864192K), 0.0258468 secs] [Times: user=0.09 sys=0.00, real=0.03 secs] 
4107.136: [GC (Allocation Failure) [PSYoungGen: 410037K->186071K(465920K)] 555351K->393637K(1864192K), 0.0508860 secs] [Times: user=0.24 sys=0.00, real=0.05 secs] 
4107.316: [GC (Allocation Failure) [PSYoungGen: 419031K->187157K(465920K)] 626597K->453747K(1864192K), 0.0636379 secs] [Times: user=0.32 sys=0.00, real=0.06 secs] 
4108.771: [GC (Allocation Failure) [PSYoungGen: 420117K->93259K(465920K)] 686707K->430201K(1864192K), 0.1179266 secs] [Times: user=0.65 sys=0.00, real=0.12 secs] 
4109.535: [GC (Allocation Failure) [PSYoungGen: 326219K->178837K(465920K)] 663161K->545729K(1864192K), 0.0446685 secs] [Times: user=0.19 sys=0.00, real=0.04 secs] 
4109.712: [GC (Allocation Failure) [PSYoungGen: 411797K->185782K(465920K)] 778689K->608333K(1864192K), 0.0430854 secs] [Times: user=0.19 sys=0.00, real=0.05 secs] 
4109.861: [GC (Allocation Failure) [PSYoungGen: 418742K->184789K(465920K)] 841293K->663628K(1864192K), 0.0449557 secs] [Times: user=0.21 sys=0.00, real=0.05 secs] 
4111.188: [GC (Allocation Failure) [PSYoungGen: 417749K->140817K(465920K)] 896588K->689408K(1864192K), 0.0491130 secs] [Times: user=0.24 sys=0.00, real=0.05 secs] 
4111.709: [GC (Allocation Failure) [PSYoungGen: 373777K->133712K(465920K)] 922368K->726983K(1864192K), 0.0905748 secs] [Times: user=0.50 sys=0.00, real=0.09 secs] 
4111.911: [GC (Allocation Failure) [PSYoungGen: 366672K->179925K(465920K)] 959943K->816105K(1864192K), 0.0389426 secs] [Times: user=0.17 sys=0.00, real=0.04 secs] 
4112.062: [GC (Allocation Failure) [PSYoungGen: 412885K->185815K(465920K)] 1049065K->884727K(1864192K), 0.0496147 secs] [Times: user=0.23 sys=0.00, real=0.05 secs] 
4112.243: [GC (Allocation Failure) [PSYoungGen: 418775K->187573K(465920K)] 1117687K->945405K(1864192K), 0.0619977 secs] [Times: user=0.31 sys=0.00, real=0.06 secs] 
4113.560: [GC (Allocation Failure) [PSYoungGen: 420533K->91323K(465920K)] 1178365K->920139K(1864192K), 0.0829830 secs] [Times: user=0.45 sys=0.00, real=0.09 secs] 
4114.082: [GC (Allocation Failure) [PSYoungGen: 324283K->179573K(465920K)] 1153099K->1037634K(1864192K), 0.0439040 secs] [Times: user=0.19 sys=0.00, real=0.05 secs] 
4114.281: [GC (Allocation Failure) [PSYoungGen: 412533K->185174K(465920K)] 1270594K->1099114K(1864192K), 0.0504005 secs] [Times: user=0.23 sys=0.00, real=0.05 secs] 
4114.449: [GC (Allocation Failure) [PSYoungGen: 418134K->187893K(465920K)] 1332074K->1158074K(1864192K), 0.0473549 secs] [Times: user=0.22 sys=0.00, real=0.05 secs] 
4115.482: [GC (Allocation Failure) [PSYoungGen: 420853K->130128K(465920K)] 1391034K->1171228K(1864192K), 0.0503241 secs] [Times: user=0.25 sys=0.00, real=0.06 secs] 
4117.484: [GC (Allocation Failure) [PSYoungGen: 363088K->138896K(465920K)] 1404188K->1220989K(1864192K), 0.1267928 secs] [Times: user=0.69 sys=0.00, real=0.12 secs] 
4117.767: [GC (Allocation Failure) [PSYoungGen: 371856K->179733K(465920K)] 1453949K->1306563K(1864192K), 0.0402602 secs] [Times: user=0.18 sys=0.00, real=0.04 secs] 
4117.972: [GC (Allocation Failure) [PSYoungGen: 412693K->185431K(465920K)] 1539523K->1375012K(1864192K), 0.0751594 secs] [Times: user=0.37 sys=0.00, real=0.08 secs] 
4118.166: [GC (Allocation Failure) [PSYoungGen: 418391K->187573K(465920K)] 1607972K->1435907K(1864192K), 0.0596846 secs] [Times: user=0.30 sys=0.00, real=0.06 secs] 
4119.183: [GC (GCLocker Initiated GC) [PSYoungGen: 420533K->92955K(465920K)] 1668867K->1412033K(1864192K), 0.0480366 secs] [Times: user=0.25 sys=0.00, real=0.04 secs] 
4119.231: [Full GC (Ergonomics) [PSYoungGen: 92955K->0K(465920K)] [ParOldGen: 1319077K->99195K(1398272K)] 1412033K->99195K(1864192K), [Metaspace: 60342K->60342K(1105920K)], 0.0697841 secs] [Times: user=0.27 sys=0.00, real=0.07 secs] 
4119.723: [GC (Allocation Failure) [PSYoungGen: 232960K->175413K(465920K)] 332322K->274775K(1864192K), 0.0361318 secs] [Times: user=0.13 sys=0.00, real=0.03 secs] 
4119.917: [GC (Allocation Failure) [PSYoungGen: 408373K->185430K(465920K)] 507735K->339524K(1864192K), 0.0421846 secs] [Times: user=0.19 sys=0.01, real=0.04 secs] 
4120.064: [GC (Allocation Failure) [PSYoungGen: 418390K->188021K(465920K)] 572484K->398299K(1864192K), 0.0449553 secs] [Times: user=0.21 sys=0.00, real=0.04 secs] 
4121.086: [GC (Allocation Failure) [PSYoungGen: 420981K->127119K(465920K)] 631259K->408210K(1864192K), 0.0469764 secs] [Times: user=0.24 sys=0.00, real=0.05 secs] 
4121.844: [GC (Allocation Failure) [PSYoungGen: 360079K->152209K(465920K)] 641170K->473587K(1864192K), 0.1275184 secs] [Times: user=0.70 sys=0.00, real=0.12 secs] 
4122.172: [GC (Allocation Failure) [PSYoungGen: 385169K->184118K(465920K)] 706547K->551381K(1864192K), 0.0394002 secs] [Times: user=0.17 sys=0.00, real=0.04 secs] 
4122.362: [GC (Allocation Failure) [PSYoungGen: 417078K->185271K(465920K)] 784341K->616454K(1864192K), 0.0704732 secs] [Times: user=0.34 sys=0.00, real=0.08 secs] 
4122.587: [GC (Allocation Failure) [PSYoungGen: 418231K->184692K(465920K)] 849414K->674660K(1864192K), 0.0767228 secs] [Times: user=0.39 sys=0.00, real=0.08 secs] 
4124.189: [GC (Allocation Failure) [PSYoungGen: 417652K->93803K(465920K)] 907620K->653450K(1864192K), 0.1082246 secs] [Times: user=0.59 sys=0.00, real=0.11 secs] 
4125.029: [GC (Allocation Failure) [PSYoungGen: 326763K->179829K(465920K)] 886410K->770470K(1864192K), 0.0453341 secs] [Times: user=0.19 sys=0.01, real=0.05 secs] 
4125.201: [GC (Allocation Failure) [PSYoungGen: 412789K->182741K(465920K)] 1003430K->828982K(1864192K), 0.0424780 secs] [Times: user=0.19 sys=0.00, real=0.05 secs] 
4126.348: [GC (Allocation Failure) [PSYoungGen: 415701K->183604K(465920K)] 1061942K->885037K(1864192K), 0.1021980 secs] [Times: user=0.51 sys=0.00, real=0.10 secs] 
4127.789: [GC (Allocation Failure) [PSYoungGen: 416564K->126063K(465920K)] 1117997K->896976K(1864192K), 0.0479307 secs] [Times: user=0.23 sys=0.00, real=0.05 secs] 
4128.351: [GC (Allocation Failure) [PSYoungGen: 359023K->145617K(465920K)] 1129936K->956297K(1864192K), 0.0747474 secs] [Times: user=0.39 sys=0.00, real=0.08 secs] 
4128.544: [GC (Allocation Failure) [PSYoungGen: 378577K->181973K(465920K)] 1189257K->1038350K(1864192K), 0.0400006 secs] [Times: user=0.17 sys=0.00, real=0.04 secs] 
4128.698: [GC (Allocation Failure) [PSYoungGen: 414933K->185751K(465920K)] 1271310K->1105760K(1864192K), 0.0495908 secs] [Times: user=0.23 sys=0.00, real=0.05 secs] 
4128.878: [GC (Allocation Failure) [PSYoungGen: 418711K->184692K(465920K)] 1338720K->1163606K(1864192K), 0.0688455 secs] [Times: user=0.35 sys=0.00, real=0.07 secs] 
4130.373: [GC (Allocation Failure) [PSYoungGen: 417652K->97691K(465920K)] 1396566K->1146389K(1864192K), 0.1006762 secs] [Times: user=0.55 sys=0.00, real=0.10 secs] 
4131.116: [GC (GCLocker Initiated GC) [PSYoungGen: 330651K->176277K(465920K)] 1379349K->1256943K(1864192K), 0.0474091 secs] [Times: user=0.21 sys=0.00, real=0.05 secs] 
4131.355: [GC (Allocation Failure) [PSYoungGen: 409237K->185302K(465920K)] 1490197K->1321206K(1864192K), 0.0594508 secs] [Times: user=0.29 sys=0.00, real=0.06 secs] 
4131.582: [GC (Allocation Failure) [PSYoungGen: 418262K->187317K(465920K)] 1554166K->1379237K(1864192K), 0.0647106 secs] [Times: user=0.32 sys=0.00, real=0.07 secs] 
4132.589: [GC (Allocation Failure) [PSYoungGen: 420277K->119438K(465920K)] 1612197K->1381823K(1864192K), 0.0473543 secs] [Times: user=0.24 sys=0.00, real=0.05 secs] 
4133.401: [GC (Allocation Failure) [PSYoungGen: 352398K->156098K(465920K)] 1614783K->1456491K(1864192K), 0.0908820 secs] [Times: user=0.48 sys=0.00, real=0.09 secs] 
4133.697: [GC (Allocation Failure) [PSYoungGen: 389058K->181973K(465920K)] 1689451K->1531259K(1864192K), 0.0498573 secs] [Times: user=0.24 sys=0.00, real=0.05 secs] 
4133.747: [Full GC (Ergonomics) [PSYoungGen: 181973K->0K(465920K)] [ParOldGen: 1349285K->248025K(1398272K)] 1531259K->248025K(1864192K), [Metaspace: 60342K->60342K(1105920K)], 0.3031221 secs] [Times: user=1.36 sys=0.00, real=0.30 secs] 
4134.174: [GC (Allocation Failure) [PSYoungGen: 232960K->185975K(465920K)] 480985K->434000K(1864192K), 0.0872791 secs] [Times: user=0.46 sys=0.00, real=0.08 secs] 
4134.368: [GC (GCLocker Initiated GC) [PSYoungGen: 418935K->183892K(465920K)] 666964K->490842K(1864192K), 0.0565532 secs] [Times: user=0.28 sys=0.01, real=0.06 secs] 
4135.441: [GC (Allocation Failure) [PSYoungGen: 416852K->93451K(465920K)] 723802K->469943K(1864192K), 0.0520042 secs] [Times: user=0.27 sys=0.00, real=0.06 secs] 
4135.779: [GC (Allocation Failure) [PSYoungGen: 326411K->179893K(465920K)] 702903K->586343K(1864192K), 0.0518535 secs] [Times: user=0.23 sys=0.00, real=0.05 secs] 
4135.990: [GC (Allocation Failure) [PSYoungGen: 412853K->182165K(465920K)] 819303K->644567K(1864192K), 0.0428308 secs] [Times: user=0.20 sys=0.00, real=0.05 secs] 
4136.149: [GC (GCLocker Initiated GC) [PSYoungGen: 415125K->186133K(465920K)] 877553K->703625K(1864192K), 0.0492064 secs] [Times: user=0.24 sys=0.00, real=0.05 secs] 
4137.151: [GC (Allocation Failure) [PSYoungGen: 419093K->114814K(465920K)] 936586K->702611K(1864192K), 0.0461642 secs] [Times: user=0.24 sys=0.00, real=0.05 secs] 
4137.718: [GC (Allocation Failure) [PSYoungGen: 347774K->158867K(465920K)] 935571K->784147K(1864192K), 0.0915685 secs] [Times: user=0.48 sys=0.00, real=0.09 secs] 
4137.946: [GC (Allocation Failure) [PSYoungGen: 391827K->182389K(465920K)] 1017107K->857377K(1864192K), 0.0417745 secs] [Times: user=0.18 sys=0.00, real=0.04 secs] 
4138.101: [GC (Allocation Failure) [PSYoungGen: 415349K->186103K(465920K)] 1090337K->924939K(1864192K), 0.0515884 secs] [Times: user=0.24 sys=0.00, real=0.06 secs] 
4138.261: [GC (Allocation Failure) [PSYoungGen: 419063K->187221K(465920K)] 1157899K->984985K(1864192K), 0.0573632 secs] [Times: user=0.28 sys=0.00, real=0.06 secs] 
4140.114: [GC (Allocation Failure) [PSYoungGen: 420181K->90362K(465920K)] 1217945K->958966K(1864192K), 0.0915724 secs] [Times: user=0.50 sys=0.00, real=0.09 secs] 
4140.561: [GC (Allocation Failure) [PSYoungGen: 323322K->183958K(465920K)] 1191926K->1081875K(1864192K), 0.0355308 secs] [Times: user=0.15 sys=0.00, real=0.04 secs] 
4140.707: [GC (Allocation Failure) [PSYoungGen: 416918K->185558K(465920K)] 1314835K->1140387K(1864192K), 0.0464524 secs] [Times: user=0.21 sys=0.00, real=0.05 secs] 
4141.004: [GC (Allocation Failure) [PSYoungGen: 418518K->184276K(465920K)] 1373347K->1195401K(1864192K), 0.0780424 secs] [Times: user=0.39 sys=0.00, real=0.07 secs] 
4142.281: [GC (Allocation Failure) [PSYoungGen: 417236K->106092K(465920K)] 1428361K->1186785K(1864192K), 0.0478599 secs] [Times: user=0.25 sys=0.00, real=0.05 secs] 
4142.664: [GC (Allocation Failure) [PSYoungGen: 339052K->164500K(465920K)] 1419745K->1280025K(1864192K), 0.0903519 secs] [Times: user=0.46 sys=0.00, real=0.09 secs] 
4142.906: [GC (Allocation Failure) [PSYoungGen: 397460K->184565K(465920K)] 1512985K->1351203K(1864192K), 0.0429053 secs] [Times: user=0.20 sys=0.00, real=0.04 secs] 
4143.089: [GC (Allocation Failure) [PSYoungGen: 417525K->186071K(465920K)] 1584163K->1417145K(1864192K), 0.0565896 secs] [Times: user=0.27 sys=0.00, real=0.06 secs] 
4143.260: [GC (Allocation Failure) [PSYoungGen: 419031K->184276K(465920K)] 1650105K->1474470K(1864192K), 0.0568234 secs] [Times: user=0.28 sys=0.00, real=0.06 secs] 
4144.476: [GC (Allocation Failure) [PSYoungGen: 417236K->95819K(465920K)] 1707430K->1455669K(1864192K), 0.0809316 secs] [Times: user=0.44 sys=0.01, real=0.08 secs] 
4144.557: [Full GC (Ergonomics) [PSYoungGen: 95819K->0K(465920K)] [ParOldGen: 1359850K->110325K(1398272K)] 1455669K->110325K(1864192K), [Metaspace: 60344K->60344K(1105920K)], 0.1428230 secs] [Times: user=0.63 sys=0.00, real=0.14 secs] 
4145.051: [GC (Allocation Failure) [PSYoungGen: 232960K->180309K(465920K)] 343285K->290635K(1864192K), 0.0317482 secs] [Times: user=0.12 sys=0.00, real=0.04 secs] 
4145.200: [GC (Allocation Failure) [PSYoungGen: 413269K->185206K(465920K)] 523595K->352047K(1864192K), 0.0407441 secs] [Times: user=0.18 sys=0.00, real=0.04 secs] 
4145.349: [GC (Allocation Failure) [PSYoungGen: 418166K->187637K(465920K)] 585007K->410646K(1864192K), 0.0447040 secs] [Times: user=0.20 sys=0.00, real=0.05 secs] 
4147.104: [GC (Allocation Failure) [PSYoungGen: 420597K->105068K(465920K)] 643606K->398754K(1864192K), 0.0475599 secs] [Times: user=0.24 sys=0.00, real=0.04 secs] 
4148.343: [GC (GCLocker Initiated GC) [PSYoungGen: 338028K->161843K(465920K)] 631714K->489562K(1864192K), 0.0809659 secs] [Times: user=0.41 sys=0.00, real=0.08 secs] 
4148.583: [GC (Allocation Failure) [PSYoungGen: 394803K->185494K(465920K)] 722689K->564700K(1864192K), 0.0413177 secs] [Times: user=0.18 sys=0.00, real=0.04 secs] 
4148.772: [GC (Allocation Failure) [PSYoungGen: 418454K->185719K(465920K)] 797660K->629237K(1864192K), 0.0723439 secs] [Times: user=0.36 sys=0.00, real=0.08 secs] 
4149.070: [GC (Allocation Failure) [PSYoungGen: 418679K->186997K(465920K)] 862197K->689523K(1864192K), 0.0633191 secs] [Times: user=0.32 sys=0.00, real=0.07 secs] 
4150.355: [GC (Allocation Failure) [PSYoungGen: 419957K->94971K(465920K)] 922483K->667905K(1864192K), 0.0704775 secs] [Times: user=0.38 sys=0.00, real=0.07 secs] 
4150.794: [GC (Allocation Failure) [PSYoungGen: 327931K->182934K(465920K)] 900865K->786637K(1864192K), 0.0499823 secs] [Times: user=0.22 sys=0.00, real=0.05 secs] 
4151.019: [GC (Allocation Failure) [PSYoungGen: 415894K->184918K(465920K)] 1019597K->845440K(1864192K), 0.0613301 secs] [Times: user=0.30 sys=0.00, real=0.06 secs] 
4151.231: [GC (Allocation Failure) [PSYoungGen: 417878K->184020K(465920K)] 1078400K->900591K(1864192K), 0.0627612 secs] [Times: user=0.31 sys=0.00, real=0.07 secs] 
4152.227: [GC (Allocation Failure) [PSYoungGen: 416980K->103196K(465920K)] 1133551K->889335K(1864192K), 0.0455786 secs] [Times: user=0.23 sys=0.00, real=0.04 secs] 
4152.526: [GC (GCLocker Initiated GC) [PSYoungGen: 336156K->173301K(465920K)] 1122295K->993076K(1864192K), 0.0723797 secs] [Times: user=0.35 sys=0.00, real=0.07 secs] 
4152.766: [GC (Allocation Failure) [PSYoungGen: 406261K->185238K(465920K)] 1226075K->1059460K(1864192K), 0.0430354 secs] [Times: user=0.20 sys=0.00, real=0.04 secs] 
4152.918: [GC (Allocation Failure) [PSYoungGen: 418198K->185495K(465920K)] 1292420K->1124149K(1864192K), 0.0501187 secs] [Times: user=0.23 sys=0.00, real=0.05 secs] 
4153.671: [GC (Allocation Failure) [PSYoungGen: 418455K->214355K(465920K)] 1357109K->1211890K(1864192K), 0.0560159 secs] [Times: user=0.28 sys=0.00, real=0.06 secs] 
4154.694: [GC (Allocation Failure) [PSYoungGen: 447315K->102316K(465920K)] 1444850K->1165959K(1864192K), 0.0821717 secs] [Times: user=0.44 sys=0.00, real=0.08 secs] 
4155.039: [GC (Allocation Failure) [PSYoungGen: 334095K->179669K(465920K)] 1397738K->1276432K(1864192K), 0.0365277 secs] [Times: user=0.16 sys=0.00, real=0.04 secs] 
4155.185: [GC (Allocation Failure) [PSYoungGen: 412629K->185302K(465920K)] 1509392K->1338041K(1864192K), 0.0446125 secs] [Times: user=0.20 sys=0.00, real=0.04 secs] 
4155.336: [GC (Allocation Failure) [PSYoungGen: 418262K->187445K(465920K)] 1571001K->1396352K(1864192K), 0.0462525 secs] [Times: user=0.22 sys=0.00, real=0.04 secs] 
4156.792: [GC (Allocation Failure) [PSYoungGen: 420405K->97659K(465920K)] 1629312K->1377166K(1864192K), 0.1063820 secs] [Times: user=0.59 sys=0.00, real=0.11 secs] 
4158.300: [GC (Allocation Failure) [PSYoungGen: 330619K->169268K(465920K)] 1610126K->1480316K(1864192K), 0.0657854 secs] [Times: user=0.31 sys=0.00, real=0.07 secs] 
4158.366: [Full GC (Ergonomics) [PSYoungGen: 169268K->0K(465920K)] [ParOldGen: 1311047K->193761K(1398272K)] 1480316K->193761K(1864192K), [Metaspace: 60344K->60344K(1105920K)], 0.2141514 secs] [Times: user=1.00 sys=0.00, real=0.21 secs] 
4158.711: [GC (Allocation Failure) [PSYoungGen: 232960K->182453K(465920K)] 426721K->376214K(1864192K), 0.0315205 secs] [Times: user=0.13 sys=0.00, real=0.04 secs] 
4158.892: [GC (Allocation Failure) [PSYoungGen: 415413K->182390K(465920K)] 609174K->439495K(1864192K), 0.0603143 secs] [Times: user=0.28 sys=0.01, real=0.06 secs] 
4159.711: [GC (Allocation Failure) [PSYoungGen: 414382K->215828K(465920K)] 671487K->530725K(1864192K), 0.0563865 secs] [Times: user=0.28 sys=0.00, real=0.06 secs] 
4160.163: [GC (Allocation Failure) [PSYoungGen: 448788K->105228K(465920K)] 763685K->488069K(1864192K), 0.0570807 secs] [Times: user=0.29 sys=0.00, real=0.05 secs] 
4160.506: [GC (Allocation Failure) [PSYoungGen: 338188K->178645K(465920K)] 721029K->594943K(1864192K), 0.0491933 secs] [Times: user=0.22 sys=0.00, real=0.05 secs] 
4160.680: [GC (Allocation Failure) [PSYoungGen: 411605K->182581K(465920K)] 827903K->654307K(1864192K), 0.0443188 secs] [Times: user=0.21 sys=0.00, real=0.05 secs] 
4160.832: [GC (Allocation Failure) [PSYoungGen: 415541K->187541K(465920K)] 887267K->714803K(1864192K), 0.0465562 secs] [Times: user=0.22 sys=0.00, real=0.04 secs] 
4161.876: [GC (Allocation Failure) [PSYoungGen: 420501K->101068K(465920K)] 947763K->699010K(1864192K), 0.0487751 secs] [Times: user=0.25 sys=0.00, real=0.05 secs] 
4162.421: [GC (Allocation Failure) [PSYoungGen: 334028K->173333K(465920K)] 931970K->803911K(1864192K), 0.0544407 secs] [Times: user=0.25 sys=0.00, real=0.06 secs] 
4162.659: [GC (Allocation Failure) [PSYoungGen: 406293K->185462K(465920K)] 1036871K->870625K(1864192K), 0.0617670 secs] [Times: user=0.30 sys=0.00, real=0.06 secs] 
4162.844: [GC (Allocation Failure) [PSYoungGen: 415737K->182678K(465920K)] 1100900K->932089K(1864192K), 0.0501270 secs] [Times: user=0.23 sys=0.00, real=0.05 secs] 
4163.735: [GC (Allocation Failure) [PSYoungGen: 411110K->206131K(465920K)] 1160521K->1013662K(1864192K), 0.0564743 secs] [Times: user=0.28 sys=0.00, real=0.05 secs] 
4164.728: [GC (Allocation Failure) [PSYoungGen: 439091K->102220K(465920K)] 1246622K->974423K(1864192K), 0.1001224 secs] [Times: user=0.54 sys=0.00, real=0.10 secs] 
4165.046: [GC (Allocation Failure) [PSYoungGen: 331530K->180086K(465920K)] 1203733K->1085069K(1864192K), 0.0352685 secs] [Times: user=0.15 sys=0.00, real=0.03 secs] 
4165.215: [GC (Allocation Failure) [PSYoungGen: 413046K->185590K(465920K)] 1318029K->1146486K(1864192K), 0.0486280 secs] [Times: user=0.23 sys=0.00, real=0.05 secs] 
4165.830: [GC (Allocation Failure) [PSYoungGen: 418441K->183700K(465920K)] 1379337K->1200692K(1864192K), 0.1218335 secs] [Times: user=0.63 sys=0.00, real=0.12 secs] 
4167.060: [GC (Allocation Failure) [PSYoungGen: 416660K->96923K(465920K)] 1433652K->1183227K(1864192K), 0.0447825 secs] [Times: user=0.23 sys=0.01, real=0.05 secs] 
4167.489: [GC (Allocation Failure) [PSYoungGen: 329883K->173653K(465920K)] 1416187K->1291454K(1864192K), 0.0792924 secs] [Times: user=0.40 sys=0.00, real=0.08 secs] 
4167.723: [GC (Allocation Failure) [PSYoungGen: 406613K->185494K(465920K)] 1524414K->1357611K(1864192K), 0.0443782 secs] [Times: user=0.20 sys=0.00, real=0.04 secs] 
4167.876: [GC (Allocation Failure) [PSYoungGen: 418454K->186295K(465920K)] 1590571K->1423060K(1864192K), 0.0525356 secs] [Times: user=0.25 sys=0.00, real=0.05 secs] 
4168.490: [GC (Allocation Failure) [PSYoungGen: 419255K->208083K(465920K)] 1656020K->1504000K(1864192K), 0.0560792 secs] [Times: user=0.28 sys=0.00, real=0.06 secs] 
4169.287: [GC (Allocation Failure) [PSYoungGen: 441043K->101244K(465920K)] 1736960K->1462593K(1864192K), 0.0682435 secs] [Times: user=0.36 sys=0.01, real=0.07 secs] 
4169.356: [Full GC (Ergonomics) [PSYoungGen: 101244K->0K(465920K)] [ParOldGen: 1361349K->118905K(1398272K)] 1462593K->118905K(1864192K), [Metaspace: 60344K->60344K(1105920K)], 0.1320136 secs] [Times: user=0.59 sys=0.00, real=0.13 secs] 
4169.758: [GC (Allocation Failure) [PSYoungGen: 232960K->182102K(465920K)] 351865K->301008K(1864192K), 0.0250258 secs] [Times: user=0.08 sys=0.00, real=0.03 secs] 
4169.918: [GC (Allocation Failure) [PSYoungGen: 415062K->185558K(465920K)] 533968K->361196K(1864192K), 0.0462039 secs] [Times: user=0.21 sys=0.00, real=0.05 secs] 
4170.076: [GC (Allocation Failure) [PSYoungGen: 418518K->187445K(465920K)] 594156K->419259K(1864192K), 0.0449294 secs] [Times: user=0.21 sys=0.00, real=0.04 secs] 
4171.503: [GC (Allocation Failure) [PSYoungGen: 420405K->97467K(465920K)] 652219K->400149K(1864192K), 0.1159927 secs] [Times: user=0.64 sys=0.00, real=0.11 secs] 
4172.946: [GC (Allocation Failure) [PSYoungGen: 330427K->172853K(465920K)] 633109K->506767K(1864192K), 0.0569533 secs] [Times: user=0.27 sys=0.00, real=0.06 secs] 
4173.133: [GC (Allocation Failure) [PSYoungGen: 405813K->185366K(465920K)] 739727K->573249K(1864192K), 0.0424013 secs] [Times: user=0.19 sys=0.00, real=0.04 secs] 
4173.284: [GC (Allocation Failure) [PSYoungGen: 418326K->184119K(465920K)] 806209K->636305K(1864192K), 0.0490856 secs] [Times: user=0.23 sys=0.00, real=0.05 secs] 
4174.255: [GC (Allocation Failure) [PSYoungGen: 417079K->212870K(465920K)] 869265K->723633K(1864192K), 0.0498417 secs] [Times: user=0.24 sys=0.01, real=0.05 secs] 
4175.451: [GC (Allocation Failure) [PSYoungGen: 445830K->104124K(465920K)] 956593K->679655K(1864192K), 0.0884474 secs] [Times: user=0.48 sys=0.00, real=0.09 secs] 
4175.774: [GC (Allocation Failure) [PSYoungGen: 333074K->177941K(465920K)] 908605K->786941K(1864192K), 0.0344755 secs] [Times: user=0.14 sys=0.00, real=0.03 secs] 
4175.918: [GC (Allocation Failure) [PSYoungGen: 410901K->185558K(465920K)] 1019901K->849701K(1864192K), 0.0427204 secs] [Times: user=0.19 sys=0.00, real=0.04 secs] 
4176.089: [GC (Allocation Failure) [PSYoungGen: 418518K->187381K(465920K)] 1082661K->907789K(1864192K), 0.0493538 secs] [Times: user=0.23 sys=0.00, real=0.05 secs] 
4177.116: [GC (Allocation Failure) [PSYoungGen: 420341K->97803K(465920K)] 1140749K->888891K(1864192K), 0.0558517 secs] [Times: user=0.30 sys=0.00, real=0.05 secs] 
4177.873: [GC (Allocation Failure) [PSYoungGen: 330763K->171412K(465920K)] 1121851K->993809K(1864192K), 0.0677595 secs] [Times: user=0.33 sys=0.00, real=0.06 secs] 
4178.088: [GC (Allocation Failure) [PSYoungGen: 404372K->185718K(465920K)] 1226769K->1061738K(1864192K), 0.0429820 secs] [Times: user=0.19 sys=0.00, real=0.04 secs] 
4178.265: [GC (Allocation Failure) [PSYoungGen: 418678K->184823K(465920K)] 1294698K->1125355K(1864192K), 0.0562113 secs] [Times: user=0.27 sys=0.00, real=0.05 secs] 
4179.171: [GC (Allocation Failure) [PSYoungGen: 417783K->168979K(465920K)] 1358315K->1168175K(1864192K), 0.0573462 secs] [Times: user=0.29 sys=0.00, real=0.06 secs] 
4180.490: [GC (Allocation Failure) [PSYoungGen: 401939K->106380K(465920K)] 1401135K->1170177K(1864192K), 0.1225785 secs] [Times: user=0.66 sys=0.00, real=0.12 secs] 
4180.960: [GC (Allocation Failure) [PSYoungGen: 339340K->188885K(465920K)] 1403137K->1287545K(1864192K), 0.0472892 secs] [Times: user=0.21 sys=0.00, real=0.05 secs] 
4181.125: [GC (Allocation Failure) [PSYoungGen: 421845K->184599K(465920K)] 1520505K->1346130K(1864192K), 0.0497765 secs] [Times: user=0.23 sys=0.00, real=0.05 secs] 
4181.300: [GC (Allocation Failure) [PSYoungGen: 417559K->187541K(465920K)] 1579090K->1407480K(1864192K), 0.0631034 secs] [Times: user=0.32 sys=0.00, real=0.07 secs] 
4182.393: [GC (Allocation Failure) [PSYoungGen: 420501K->99420K(465920K)] 1640440K->1390127K(1864192K), 0.0532124 secs] [Times: user=0.28 sys=0.00, real=0.05 secs] 
4183.272: [GC (Allocation Failure) [PSYoungGen: 332380K->172116K(465920K)] 1623087K->1495233K(1864192K), 0.0523749 secs] [Times: user=0.24 sys=0.00, real=0.06 secs] 
4183.324: [Full GC (Ergonomics) [PSYoungGen: 172116K->0K(465920K)] [ParOldGen: 1323116K->199572K(1398272K)] 1495233K->199572K(1864192K), [Metaspace: 60345K->60345K(1105920K)], 0.2048093 secs] [Times: user=0.92 sys=0.01, real=0.20 secs] 
4183.644: [GC (Allocation Failure) [PSYoungGen: 232960K->184758K(465920K)] 432532K->384330K(1864192K), 0.0332101 secs] [Times: user=0.14 sys=0.00, real=0.03 secs] 
4183.821: [GC (Allocation Failure) [PSYoungGen: 409540K->177142K(465920K)] 609113K->441194K(1864192K), 0.0580736 secs] [Times: user=0.27 sys=0.00, real=0.06 secs] 
4184.723: [GC (Allocation Failure) [PSYoungGen: 410102K->169139K(465920K)] 674154K->489567K(1864192K), 0.0530104 secs] [Times: user=0.26 sys=0.00, real=0.05 secs] 
4185.174: [GC (Allocation Failure) [PSYoungGen: 402099K->111469K(465920K)] 722527K->496650K(1864192K), 0.0706892 secs] [Times: user=0.37 sys=0.00, real=0.07 secs] 
4185.544: [GC (Allocation Failure) [PSYoungGen: 344429K->177013K(465920K)] 729610K->597786K(1864192K), 0.0465837 secs] [Times: user=0.20 sys=0.00, real=0.04 secs] 
4185.709: [GC (Allocation Failure) [PSYoungGen: 409973K->184823K(465920K)] 830746K->667708K(1864192K), 0.0494012 secs] [Times: user=0.23 sys=0.00, real=0.05 secs] 
4186.119: [GC (Allocation Failure) [PSYoungGen: 417783K->186869K(465920K)] 900668K->728466K(1864192K), 0.0763599 secs] [Times: user=0.39 sys=0.00, real=0.08 secs] 
4187.234: [GC (Allocation Failure) [PSYoungGen: 419829K->100716K(465920K)] 961426K->712793K(1864192K), 0.0549728 secs] [Times: user=0.29 sys=0.00, real=0.05 secs] 
4188.450: [GC (Allocation Failure) [PSYoungGen: 333676K->171988K(465920K)] 945753K->816143K(1864192K), 0.0592532 secs] [Times: user=0.28 sys=0.00, real=0.06 secs] 
4188.708: [GC (Allocation Failure) [PSYoungGen: 404948K->182485K(465920K)] 1049103K->880300K(1864192K), 0.0530530 secs] [Times: user=0.25 sys=0.00, real=0.05 secs] 
4188.871: [GC (Allocation Failure) [PSYoungGen: 409578K->178518K(465920K)] 1107393K->940205K(1864192K), 0.0488137 secs] [Times: user=0.22 sys=0.00, real=0.05 secs] 
4189.819: [GC (Allocation Failure) [PSYoungGen: 411478K->169395K(460800K)] 1173165K->987769K(1859072K), 0.0567206 secs] [Times: user=0.28 sys=0.00, real=0.06 secs] 
4191.074: [GC (Allocation Failure) [PSYoungGen: 402355K->109453K(463360K)] 1220729K->992787K(1861632K), 0.1032123 secs] [Times: user=0.55 sys=0.00, real=0.10 secs] 
4191.516: [GC (Allocation Failure) [PSYoungGen: 342413K->179925K(465920K)] 1225747K->1098481K(1864192K), 0.0372509 secs] [Times: user=0.16 sys=0.00, real=0.04 secs] 
4191.690: [GC (Allocation Failure) [PSYoungGen: 412885K->185495K(465920K)] 1331441K->1166706K(1864192K), 0.0558478 secs] [Times: user=0.27 sys=0.00, real=0.06 secs] 
4192.595: [GC (Allocation Failure) [PSYoungGen: 418455K->182772K(465920K)] 1399666K->1222872K(1864192K), 0.1186926 secs] [Times: user=0.63 sys=0.00, real=0.12 secs] 
4193.693: [GC (Allocation Failure) [PSYoungGen: 415732K->98091K(465920K)] 1455832K->1207335K(1864192K), 0.0470021 secs] [Times: user=0.23 sys=0.01, real=0.04 secs] 
4194.058: [GC (Allocation Failure) [PSYoungGen: 331051K->170548K(465920K)] 1440295K->1311940K(1864192K), 0.0636536 secs] [Times: user=0.29 sys=0.00, real=0.06 secs] 
4194.292: [GC (Allocation Failure) [PSYoungGen: 403508K->185270K(465920K)] 1544900K->1380570K(1864192K), 0.0444963 secs] [Times: user=0.20 sys=0.00, real=0.04 secs] 
4194.448: [GC (Allocation Failure) [PSYoungGen: 412382K->180502K(465920K)] 1607682K->1440138K(1864192K), 0.0511334 secs] [Times: user=0.24 sys=0.01, real=0.05 secs] 
4195.334: [GC (Allocation Failure) [PSYoungGen: 413462K->169203K(402432K)] 1673098K->1486271K(1800704K), 0.0582635 secs] [Times: user=0.29 sys=0.01, real=0.05 secs] 
4195.392: [Full GC (Ergonomics) [PSYoungGen: 169203K->0K(402432K)] [ParOldGen: 1317068K->358752K(1398272K)] 1486271K->358752K(1800704K), [Metaspace: 60345K->60345K(1105920K)], 0.5888707 secs] [Times: user=2.54 sys=0.00, real=0.59 secs] 
4197.405: [GC (Allocation Failure) [PSYoungGen: 232960K->104188K(461824K)] 591712K->462941K(1860096K), 0.0445315 secs] [Times: user=0.17 sys=0.00, real=0.04 secs] 
4197.991: [GC (Allocation Failure) [PSYoungGen: 335100K->179061K(463872K)] 693853K->570751K(1862144K), 0.0468158 secs] [Times: user=0.19 sys=0.00, real=0.05 secs] 
4198.226: [GC (Allocation Failure) [PSYoungGen: 409973K->184278K(465920K)] 801663K->631987K(1864192K), 0.0640849 secs] [Times: user=0.31 sys=0.00, real=0.06 secs] 
4198.458: [GC (Allocation Failure) [PSYoungGen: 417238K->187445K(465920K)] 864947K->691187K(1864192K), 0.0621747 secs] [Times: user=0.30 sys=0.00, real=0.06 secs] 
4199.496: [GC (Allocation Failure) [PSYoungGen: 420405K->101244K(465920K)] 924147K->675490K(1864192K), 0.0559143 secs] [Times: user=0.30 sys=0.00, real=0.05 secs] 
4200.346: [GC (Allocation Failure) [PSYoungGen: 334204K->171988K(465920K)] 908450K->779019K(1864192K), 0.0701295 secs] [Times: user=0.34 sys=0.01, real=0.07 secs] 
4200.567: [GC (Allocation Failure) [PSYoungGen: 404948K->185622K(465920K)] 1011979K->846261K(1864192K), 0.0427621 secs] [Times: user=0.20 sys=0.00, real=0.04 secs] 
4200.747: [GC (Allocation Failure) [PSYoungGen: 416306K->182678K(465920K)] 1076945K->907877K(1864192K), 0.0547662 secs] [Times: user=0.26 sys=0.00, real=0.05 secs] 
4201.588: [GC (Allocation Failure) [PSYoungGen: 411267K->205523K(465920K)] 1136466K->988737K(1864192K), 0.0552879 secs] [Times: user=0.27 sys=0.00, real=0.06 secs] 
4202.202: [GC (Allocation Failure) [PSYoungGen: 438483K->101932K(465920K)] 1221697K->949767K(1864192K), 0.0667857 secs] [Times: user=0.36 sys=0.00, real=0.07 secs] 
4202.564: [GC (Allocation Failure) [PSYoungGen: 332154K->180854K(465920K)] 1179989K->1060921K(1864192K), 0.0353644 secs] [Times: user=0.14 sys=0.00, real=0.03 secs] 
4202.709: [GC (Allocation Failure) [PSYoungGen: 413814K->184598K(465920K)] 1293881K->1121137K(1864192K), 0.0436931 secs] [Times: user=0.20 sys=0.00, real=0.04 secs] 
4202.878: [GC (Allocation Failure) [PSYoungGen: 417558K->187381K(465920K)] 1354097K->1180001K(1864192K), 0.0503413 secs] [Times: user=0.24 sys=0.00, real=0.05 secs] 
4203.907: [GC (Allocation Failure) [PSYoungGen: 420341K->99612K(465920K)] 1412961K->1162735K(1864192K), 0.0537334 secs] [Times: user=0.28 sys=0.00, real=0.05 secs] 
4205.327: [GC (Allocation Failure) [PSYoungGen: 332572K->170324K(465920K)] 1395695K->1265189K(1864192K), 0.0658634 secs] [Times: user=0.32 sys=0.00, real=0.07 secs] 
4205.534: [GC (Allocation Failure) [PSYoungGen: 403284K->185622K(465920K)] 1498149K->1333658K(1864192K), 0.0433627 secs] [Times: user=0.20 sys=0.00, real=0.04 secs] 
4205.687: [GC (Allocation Failure) [PSYoungGen: 418582K->183446K(465920K)] 1566618K->1396067K(1864192K), 0.0504602 secs] [Times: user=0.23 sys=0.00, real=0.05 secs] 
4206.544: [GC (Allocation Failure) [PSYoungGen: 411525K->208627K(465920K)] 1624145K->1479416K(1864192K), 0.0548033 secs] [Times: user=0.27 sys=0.00, real=0.05 secs] 
4207.577: [GC (Allocation Failure) [PSYoungGen: 441587K->101708K(465920K)] 1712376K->1437928K(1864192K), 0.1030655 secs] [Times: user=0.55 sys=0.00, real=0.10 secs] 
4207.680: [Full GC (Ergonomics) [PSYoungGen: 101708K->0K(465920K)] [ParOldGen: 1336220K->119041K(1398272K)] 1437928K->119041K(1864192K), [Metaspace: 60345K->60345K(1105920K)], 0.1792466 secs] [Times: user=0.78 sys=0.00, real=0.18 secs] 
4208.268: [GC (Allocation Failure) [PSYoungGen: 231376K->181494K(465920K)] 350417K->300535K(1864192K), 0.0296530 secs] [Times: user=0.10 sys=0.00, real=0.03 secs] 
4208.451: [GC (Allocation Failure) [PSYoungGen: 414454K->185942K(465920K)] 533495K->361551K(1864192K), 0.0570825 secs] [Times: user=0.27 sys=0.00, real=0.06 secs] 
4208.664: [GC (Allocation Failure) [PSYoungGen: 418902K->187701K(465920K)] 594511K->419694K(1864192K), 0.0491958 secs] [Times: user=0.23 sys=0.00, real=0.05 secs] 
4209.706: [GC (Allocation Failure) [PSYoungGen: 420661K->96139K(465920K)] 652654K->398860K(1864192K), 0.0433235 secs] [Times: user=0.22 sys=0.00, real=0.04 secs] 
4210.071: [GC (Allocation Failure) [PSYoungGen: 329099K->173365K(465920K)] 631820K->507890K(1864192K), 0.0642371 secs] [Times: user=0.30 sys=0.00, real=0.07 secs] 
4210.286: [GC (Allocation Failure) [PSYoungGen: 406325K->184918K(465920K)] 740850K->573307K(1864192K), 0.0426793 secs] [Times: user=0.19 sys=0.00, real=0.04 secs] 
4210.438: [GC (Allocation Failure) [PSYoungGen: 417128K->184663K(465920K)] 805517K->637268K(1864192K), 0.0496540 secs] [Times: user=0.23 sys=0.00, real=0.05 secs] 
4211.328: [GC (Allocation Failure) [PSYoungGen: 417623K->168595K(465920K)] 870228K->679936K(1864192K), 0.0570869 secs] [Times: user=0.29 sys=0.00, real=0.06 secs] 
4212.331: [GC (Allocation Failure) [PSYoungGen: 401555K->106108K(465920K)] 912896K->682082K(1864192K), 0.0879417 secs] [Times: user=0.47 sys=0.01, real=0.09 secs] 
4212.762: [GC (Allocation Failure) [PSYoungGen: 339068K->180885K(465920K)] 915042K->791176K(1864192K), 0.0420038 secs] [Times: user=0.19 sys=0.00, real=0.05 secs] 
4212.918: [GC (Allocation Failure) [PSYoungGen: 413845K->184439K(465920K)] 1024136K->857797K(1864192K), 0.0492807 secs] [Times: user=0.23 sys=0.00, real=0.05 secs] 
4213.074: [GC (Allocation Failure) [PSYoungGen: 417399K->184116K(465920K)] 1090757K->915947K(1864192K), 0.0568688 secs] [Times: user=0.28 sys=0.00, real=0.05 secs] 
4214.581: [GC (Allocation Failure) [PSYoungGen: 417076K->101036K(465920K)] 1148907K->902346K(1864192K), 0.1114207 secs] [Times: user=0.61 sys=0.00, real=0.12 secs] 
4215.379: [GC (Allocation Failure) [PSYoungGen: 333996K->176277K(465920K)] 1135306K->1010156K(1864192K), 0.0591534 secs] [Times: user=0.28 sys=0.00, real=0.06 secs] 
4215.570: [GC (Allocation Failure) [PSYoungGen: 409237K->185430K(465920K)] 1243116K->1074277K(1864192K), 0.0451391 secs] [Times: user=0.21 sys=0.00, real=0.05 secs] 
4215.721: [GC (Allocation Failure) [PSYoungGen: 411237K->174165K(465920K)] 1300085K->1127405K(1864192K), 0.0502273 secs] [Times: user=0.24 sys=0.00, real=0.05 secs] 
4216.678: [GC (Allocation Failure) [PSYoungGen: 407125K->168691K(465920K)] 1360365K->1177314K(1864192K), 0.0568150 secs] [Times: user=0.28 sys=0.00, real=0.06 secs] 
4217.263: [GC (Allocation Failure) [PSYoungGen: 401651K->106540K(465920K)] 1410274K->1179836K(1864192K), 0.0935680 secs] [Times: user=0.50 sys=0.00, real=0.09 secs] 
4217.665: [GC (Allocation Failure) [PSYoungGen: 333558K->176501K(465920K)] 1406854K->1283813K(1864192K), 0.0400140 secs] [Times: user=0.17 sys=0.00, real=0.04 secs] 
4217.864: [GC (Allocation Failure) [PSYoungGen: 409461K->185270K(465920K)] 1516773K->1347842K(1864192K), 0.0696038 secs] [Times: user=0.34 sys=0.00, real=0.07 secs] 
4218.117: [GC (Allocation Failure) [PSYoungGen: 418230K->184436K(465920K)] 1580802K->1403153K(1864192K), 0.0634219 secs] [Times: user=0.31 sys=0.01, real=0.06 secs] 
4219.477: [GC (Allocation Failure) [PSYoungGen: 417396K->101772K(465920K)] 1636113K->1390109K(1864192K), 0.0796740 secs] [Times: user=0.43 sys=0.00, real=0.08 secs] 
4220.144: [GC (Allocation Failure) [PSYoungGen: 334732K->172436K(465920K)] 1623069K->1493738K(1864192K), 0.0580624 secs] [Times: user=0.28 sys=0.00, real=0.05 secs] 
4220.202: [Full GC (Ergonomics) [PSYoungGen: 172436K->0K(465920K)] [ParOldGen: 1321301K->196560K(1398272K)] 1493738K->196560K(1864192K), [Metaspace: 60345K->60345K(1105920K)], 0.1854227 secs] [Times: user=0.83 sys=0.00, real=0.19 secs] 
4220.499: [GC (Allocation Failure) [PSYoungGen: 232960K->185430K(465920K)] 429520K->381990K(1864192K), 0.0337906 secs] [Times: user=0.14 sys=0.00, real=0.04 secs] 
4220.671: [GC (Allocation Failure) [PSYoungGen: 418390K->185335K(465920K)] 614950K->446535K(1864192K), 0.0534217 secs] [Times: user=0.26 sys=0.00, real=0.06 secs] 
4221.547: [GC (Allocation Failure) [PSYoungGen: 418295K->168050K(465920K)] 679495K->488043K(1864192K), 0.0554663 secs] [Times: user=0.28 sys=0.00, real=0.06 secs] 
4222.751: [GC (Allocation Failure) [PSYoungGen: 401010K->106892K(465920K)] 721003K->491237K(1864192K), 0.0748566 secs] [Times: user=0.39 sys=0.00, real=0.08 secs] 
4223.128: [GC (Allocation Failure) [PSYoungGen: 331806K->174965K(465920K)] 716150K->593790K(1864192K), 0.0459096 secs] [Times: user=0.20 sys=0.01, real=0.05 secs] 
4223.304: [GC (Allocation Failure) [PSYoungGen: 407925K->185238K(465920K)] 826750K->658639K(1864192K), 0.0423938 secs] [Times: user=0.19 sys=0.00, real=0.04 secs] 
4223.556: [GC (Allocation Failure) [PSYoungGen: 418198K->187125K(465920K)] 891599K->716622K(1864192K), 0.0645972 secs] [Times: user=0.32 sys=0.00, real=0.06 secs] 
4224.654: [GC (Allocation Failure) [PSYoungGen: 420085K->99036K(465920K)] 949582K->699269K(1864192K), 0.0436547 secs] [Times: user=0.22 sys=0.00, real=0.04 secs] 
4225.149: [GC (Allocation Failure) [PSYoungGen: 331996K->175189K(465920K)] 932229K->807547K(1864192K), 0.0640129 secs] [Times: user=0.30 sys=0.00, real=0.07 secs] 
4225.356: [GC (Allocation Failure) [PSYoungGen: 408149K->185238K(465920K)] 1040507K->871916K(1864192K), 0.0434937 secs] [Times: user=0.19 sys=0.00, real=0.04 secs] 
4225.509: [GC (Allocation Failure) [PSYoungGen: 418198K->182070K(465920K)] 1104876K->933308K(1864192K), 0.0497474 secs] [Times: user=0.23 sys=0.00, real=0.05 secs] 
4226.403: [GC (Allocation Failure) [PSYoungGen: 415030K->169427K(465920K)] 1166268K->978641K(1864192K), 0.0548337 secs] [Times: user=0.28 sys=0.00, real=0.05 secs] 
4226.816: [GC (GCLocker Initiated GC) [PSYoungGen: 402387K->114125K(465920K)] 1211601K->988307K(1864192K), 0.0582517 secs] [Times: user=0.30 sys=0.00, real=0.06 secs] 
4227.050: [GC (Allocation Failure) [PSYoungGen: 347085K->184980K(465920K)] 1221562K->1096354K(1864192K), 0.0374985 secs] [Times: user=0.16 sys=0.00, real=0.04 secs] 
4227.233: [GC (Allocation Failure) [PSYoungGen: 417940K->185463K(465920K)] 1329314K->1159176K(1864192K), 0.0496897 secs] [Times: user=0.23 sys=0.00, real=0.05 secs] 
4227.395: [GC (Allocation Failure) [PSYoungGen: 418423K->183764K(465920K)] 1392136K->1216462K(1864192K), 0.0582664 secs] [Times: user=0.29 sys=0.00, real=0.06 secs] 
4228.761: [GC (Allocation Failure) [PSYoungGen: 416724K->100620K(465920K)] 1449422K->1202613K(1864192K), 0.0662793 secs] [Times: user=0.33 sys=0.00, real=0.07 secs] 
4229.479: [GC (Allocation Failure) [PSYoungGen: 333580K->173589K(465920K)] 1435573K->1308111K(1864192K), 0.0574802 secs] [Times: user=0.27 sys=0.00, real=0.06 secs] 
4229.664: [GC (Allocation Failure) [PSYoungGen: 406549K->185238K(465920K)] 1541071K->1374320K(1864192K), 0.0442247 secs] [Times: user=0.20 sys=0.00, real=0.04 secs] 
4229.814: [GC (Allocation Failure) [PSYoungGen: 405552K->173621K(465920K)] 1594634K->1427024K(1864192K), 0.0493178 secs] [Times: user=0.23 sys=0.00, real=0.05 secs] 
4230.653: [GC (Allocation Failure) [PSYoungGen: 406581K->212545K(465920K)] 1659984K->1521220K(1864192K), 0.0501727 secs] [Times: user=0.24 sys=0.01, real=0.05 secs] 
4231.777: [GC (Allocation Failure) [PSYoungGen: 445505K->108845K(465920K)] 1754180K->1482191K(1864192K), 0.0966418 secs] [Times: user=0.52 sys=0.00, real=0.10 secs] 
4231.874: [Full GC (Ergonomics) [PSYoungGen: 108845K->0K(465920K)] [ParOldGen: 1373346K->126485K(1398272K)] 1482191K->126485K(1864192K), [Metaspace: 60345K->60345K(1105920K)], 0.1835664 secs] [Times: user=0.81 sys=0.00, real=0.18 secs] 
4232.212: [GC (Allocation Failure) [PSYoungGen: 232960K->188373K(465920K)] 359445K->314858K(1864192K), 0.0269044 secs] [Times: user=0.10 sys=0.00, real=0.03 secs] 
4232.351: [GC (Allocation Failure) [PSYoungGen: 421333K->185111K(465920K)] 547818K->374752K(1864192K), 0.0471408 secs] [Times: user=0.21 sys=0.00, real=0.05 secs] 
4232.530: [GC (Allocation Failure) [PSYoungGen: 418071K->187157K(465920K)] 607712K->435454K(1864192K), 0.0612712 secs] [Times: user=0.31 sys=0.01, real=0.06 secs] 
4233.601: [GC (Allocation Failure) [PSYoungGen: 420117K->92907K(465920K)] 668414K->411832K(1864192K), 0.0570571 secs] [Times: user=0.30 sys=0.00, real=0.06 secs] 
4234.029: [GC (Allocation Failure) [PSYoungGen: 325867K->176629K(465920K)] 644792K->525739K(1864192K), 0.0721879 secs] [Times: user=0.34 sys=0.00, real=0.07 secs] 
4234.319: [GC (Allocation Failure) [PSYoungGen: 409589K->185622K(465920K)] 758699K->589604K(1864192K), 0.0499930 secs] [Times: user=0.23 sys=0.00, real=0.05 secs] 
4234.477: [GC (Allocation Failure) [PSYoungGen: 406015K->174933K(465920K)] 809997K->643500K(1864192K), 0.0486481 secs] [Times: user=0.23 sys=0.01, real=0.05 secs] 
4235.308: [GC (Allocation Failure) [PSYoungGen: 403174K->206451K(465920K)] 871740K->730665K(1864192K), 0.0537463 secs] [Times: user=0.27 sys=0.00, real=0.05 secs] 
4236.714: [GC (Allocation Failure) [PSYoungGen: 439411K->98235K(465920K)] 963625K->687258K(1864192K), 0.1025307 secs] [Times: user=0.56 sys=0.01, real=0.10 secs] 
4237.515: [GC (Allocation Failure) [PSYoungGen: 331195K->180501K(465920K)] 920218K->800769K(1864192K), 0.0555902 secs] [Times: user=0.24 sys=0.00, real=0.05 secs] 
4237.730: [GC (Allocation Failure) [PSYoungGen: 413461K->185238K(465920K)] 1033729K->861629K(1864192K), 0.0435194 secs] [Times: user=0.20 sys=0.00, real=0.05 secs] 
4237.878: [GC (Allocation Failure) [PSYoungGen: 418198K->187765K(465920K)] 1094589K->920276K(1864192K), 0.0456022 secs] [Times: user=0.21 sys=0.00, real=0.05 secs] 
4238.913: [GC (Allocation Failure) [PSYoungGen: 420725K->101308K(465920K)] 1153236K->904659K(1864192K), 0.0576488 secs] [Times: user=0.30 sys=0.00, real=0.05 secs] 
4239.921: [GC (Allocation Failure) [PSYoungGen: 334268K->169940K(465920K)] 1137619K->1005984K(1864192K), 0.0583033 secs] [Times: user=0.27 sys=0.01, real=0.06 secs] 
4240.165: [GC (Allocation Failure) [PSYoungGen: 402900K->185270K(465920K)] 1238944K->1074578K(1864192K), 0.0616769 secs] [Times: user=0.29 sys=0.00, real=0.06 secs] 
4240.352: [GC (Allocation Failure) [PSYoungGen: 418230K->185623K(465920K)] 1307538K->1139395K(1864192K), 0.0505495 secs] [Times: user=0.23 sys=0.00, real=0.06 secs] 
4241.303: [GC (Allocation Failure) [PSYoungGen: 418583K->171731K(465920K)] 1372355K->1184559K(1864192K), 0.0549073 secs] [Times: user=0.27 sys=0.00, real=0.05 secs] 
4242.090: [GC (Allocation Failure) [PSYoungGen: 404691K->103484K(465920K)] 1417519K->1181800K(1864192K), 0.1043531 secs] [Times: user=0.56 sys=0.00, real=0.11 secs] 
4242.440: [GC (Allocation Failure) [PSYoungGen: 336444K->180502K(465920K)] 1414760K->1291815K(1864192K), 0.0422766 secs] [Times: user=0.19 sys=0.00, real=0.05 secs] 
4242.627: [GC (Allocation Failure) [PSYoungGen: 413462K->185078K(465920K)] 1524775K->1352563K(1864192K), 0.0651054 secs] [Times: user=0.30 sys=0.00, real=0.06 secs] 
4242.830: [GC (Allocation Failure) [PSYoungGen: 418038K->187829K(465920K)] 1585523K->1411242K(1864192K), 0.0468696 secs] [Times: user=0.22 sys=0.00, real=0.05 secs] 
4243.894: [GC (Allocation Failure) [PSYoungGen: 420789K->102060K(465920K)] 1644202K->1396189K(1864192K), 0.0587404 secs] [Times: user=0.31 sys=0.00, real=0.06 secs] 
4244.794: [GC (Allocation Failure) [PSYoungGen: 335020K->167572K(465920K)] 1629149K->1495141K(1864192K), 0.0681460 secs] [Times: user=0.32 sys=0.00, real=0.06 secs] 
4244.862: [Full GC (Ergonomics) [PSYoungGen: 167572K->0K(465920K)] [ParOldGen: 1327569K->193549K(1398272K)] 1495141K->193549K(1864192K), [Metaspace: 60345K->60345K(1105920K)], 0.2275799 secs] [Times: user=1.09 sys=0.00, real=0.23 secs] 
4245.202: [GC (Allocation Failure) [PSYoungGen: 232960K->185558K(465920K)] 426509K->379107K(1864192K), 0.0336729 secs] [Times: user=0.14 sys=0.00, real=0.04 secs] 
4245.348: [GC (Allocation Failure) [PSYoungGen: 417041K->184439K(465920K)] 610590K->442380K(1864192K), 0.0441319 secs] [Times: user=0.20 sys=0.00, real=0.04 secs] 
4246.368: [GC (Allocation Failure) [PSYoungGen: 417399K->169107K(465920K)] 675340K->485808K(1864192K), 0.0570886 secs] [Times: user=0.29 sys=0.00, real=0.06 secs] 
4247.763: [GC (Allocation Failure) [PSYoungGen: 402067K->107948K(465920K)] 718768K->489250K(1864192K), 0.1063346 secs] [Times: user=0.57 sys=0.00, real=0.10 secs] 
4248.211: [GC (Allocation Failure) [PSYoungGen: 333257K->174613K(465920K)] 714558K->590543K(1864192K), 0.0442921 secs] [Times: user=0.19 sys=0.00, real=0.05 secs] 
4248.369: [GC (Allocation Failure) [PSYoungGen: 407573K->185622K(465920K)] 823503K->656000K(1864192K), 0.0428091 secs] [Times: user=0.19 sys=0.00, real=0.04 secs] 
4248.519: [GC (Allocation Failure) [PSYoungGen: 418582K->187381K(465920K)] 888960K->714159K(1864192K), 0.0450826 secs] [Times: user=0.21 sys=0.00, real=0.05 secs] 
4249.502: [GC (Allocation Failure) [PSYoungGen: 420341K->100812K(465920K)] 947119K->698046K(1864192K), 0.0442989 secs] [Times: user=0.23 sys=0.00, real=0.04 secs] 
4249.915: [GC (Allocation Failure) [PSYoungGen: 333772K->175701K(465920K)] 931006K->805704K(1864192K), 0.0393990 secs] [Times: user=0.18 sys=0.00, real=0.04 secs] 
4250.065: [GC (Allocation Failure) [PSYoungGen: 408661K->185558K(465920K)] 1038664K->870393K(1864192K), 0.0434467 secs] [Times: user=0.19 sys=0.00, real=0.04 secs] 
4250.260: [GC (Allocation Failure) [PSYoungGen: 417122K->178710K(465920K)] 1101957K->927921K(1864192K), 0.0737739 secs] [Times: user=0.37 sys=0.00, real=0.08 secs] 
4251.245: [GC (Allocation Failure) [PSYoungGen: 411670K->169011K(465920K)] 1160881K->975102K(1864192K), 0.0533107 secs] [Times: user=0.27 sys=0.00, real=0.05 secs] 
4251.925: [GC (GCLocker Initiated GC) [PSYoungGen: 401971K->109245K(465920K)] 1208062K->979968K(1864192K), 0.1145126 secs] [Times: user=0.62 sys=0.00, real=0.11 secs] 
4252.299: [GC (Allocation Failure) [PSYoungGen: 342205K->180117K(465920K)] 1213095K->1085604K(1864192K), 0.0379582 secs] [Times: user=0.16 sys=0.00, real=0.04 secs] 
4252.470: [GC (Allocation Failure) [PSYoungGen: 413077K->182742K(465920K)] 1318564K->1151073K(1864192K), 0.0548609 secs] [Times: user=0.26 sys=0.00, real=0.06 secs] 
4252.657: [GC (Allocation Failure) [PSYoungGen: 415702K->187317K(465920K)] 1384033K->1214024K(1864192K), 0.0579480 secs] [Times: user=0.29 sys=0.00, real=0.06 secs] 
4253.985: [GC (Allocation Failure) [PSYoungGen: 420277K->98331K(465920K)] 1446984K->1195566K(1864192K), 0.1043588 secs] [Times: user=0.57 sys=0.00, real=0.10 secs] 
4255.062: [GC (Allocation Failure) [PSYoungGen: 331291K->175125K(465920K)] 1428526K->1303965K(1864192K), 0.0464189 secs] [Times: user=0.21 sys=0.00, real=0.05 secs] 
4255.269: [GC (Allocation Failure) [PSYoungGen: 408085K->185590K(465920K)] 1536925K->1369054K(1864192K), 0.0491720 secs] [Times: user=0.23 sys=0.00, real=0.05 secs] 
4255.436: [GC (Allocation Failure) [PSYoungGen: 410199K->173173K(465920K)] 1593663K->1421189K(1864192K), 0.0487179 secs] [Times: user=0.23 sys=0.01, real=0.05 secs] 
4256.510: [GC (Allocation Failure) [PSYoungGen: 406133K->169491K(402944K)] 1654149K->1472555K(1801216K), 0.0549641 secs] [Times: user=0.27 sys=0.01, real=0.06 secs] 
4257.234: [GC (Allocation Failure) [PSYoungGen: 402451K->105436K(461824K)] 1705515K->1473364K(1860096K), 0.1037084 secs] [Times: user=0.55 sys=0.00, real=0.10 secs] 
4257.338: [Full GC (Ergonomics) [PSYoungGen: 105436K->0K(461824K)] [ParOldGen: 1367927K->123081K(1398272K)] 1473364K->123081K(1860096K), [Metaspace: 60345K->60345K(1105920K)], 0.1859742 secs] [Times: user=0.82 sys=0.00, real=0.19 secs] 
4257.821: [GC (Allocation Failure) [PSYoungGen: 230912K->177877K(463872K)] 353993K->300959K(1862144K), 0.0247790 secs] [Times: user=0.08 sys=0.00, real=0.03 secs] 
4257.990: [GC (Allocation Failure) [PSYoungGen: 408789K->184086K(465920K)] 531871K->362559K(1864192K), 0.0570489 secs] [Times: user=0.27 sys=0.00, real=0.06 secs] 
4258.190: [GC (Allocation Failure) [PSYoungGen: 417046K->187733K(465920K)] 595519K->421887K(1864192K), 0.0447050 secs] [Times: user=0.21 sys=0.00, real=0.05 secs] 
4259.222: [GC (Allocation Failure) [PSYoungGen: 420693K->99276K(465920K)] 654847K->404094K(1864192K), 0.0579271 secs] [Times: user=0.31 sys=0.00, real=0.06 secs] 
4259.898: [GC (Allocation Failure) [PSYoungGen: 332236K->175605K(465920K)] 637054K->512467K(1864192K), 0.0562850 secs] [Times: user=0.26 sys=0.00, real=0.06 secs] 
4260.088: [GC (Allocation Failure) [PSYoungGen: 408565K->182453K(465920K)] 745427K->574091K(1864192K), 0.0424772 secs] [Times: user=0.19 sys=0.00, real=0.04 secs] 
4260.242: [GC (Allocation Failure) [PSYoungGen: 415413K->183126K(465920K)] 807051K->638492K(1864192K), 0.0489569 secs] [Times: user=0.23 sys=0.00, real=0.05 secs] 
4261.642: [GC (Allocation Failure) [PSYoungGen: 416086K->169811K(465920K)] 871452K->683569K(1864192K), 0.0537063 secs] [Times: user=0.27 sys=0.00, real=0.06 secs] 
4262.849: [GC (Allocation Failure) [PSYoungGen: 402771K->107244K(465920K)] 916529K->685979K(1864192K), 0.0941194 secs] [Times: user=0.50 sys=0.00, real=0.10 secs] 
4263.140: [GC (Allocation Failure) [PSYoungGen: 334648K->175541K(465920K)] 913382K->788668K(1864192K), 0.0345693 secs] [Times: user=0.14 sys=0.00, real=0.04 secs] 
4263.320: [GC (Allocation Failure) [PSYoungGen: 408501K->185398K(465920K)] 1021628K->853337K(1864192K), 0.0585916 secs] [Times: user=0.28 sys=0.00, real=0.06 secs] 
4263.516: [GC (Allocation Failure) [PSYoungGen: 418358K->187381K(465920K)] 1086297K->911568K(1864192K), 0.0454796 secs] [Times: user=0.21 sys=0.00, real=0.04 secs] 
4264.593: [GC (GCLocker Initiated GC) [PSYoungGen: 420341K->98491K(465920K)] 1144528K->893383K(1864192K), 0.0533530 secs] [Times: user=0.29 sys=0.00, real=0.05 secs] 
4265.411: [GC (Allocation Failure) [PSYoungGen: 331451K->176628K(465920K)] 1126382K->1003251K(1864192K), 0.0606235 secs] [Times: user=0.29 sys=0.00, real=0.06 secs] 
4265.607: [GC (Allocation Failure) [PSYoungGen: 409588K->182197K(465920K)] 1236211K->1062744K(1864192K), 0.0425704 secs] [Times: user=0.19 sys=0.00, real=0.04 secs] 
4265.762: [GC (Allocation Failure) [PSYoungGen: 415157K->186007K(465920K)] 1295704K->1130146K(1864192K), 0.0498153 secs] [Times: user=0.23 sys=0.00, real=0.05 secs] 
4266.665: [GC (Allocation Failure) [PSYoungGen: 418967K->170707K(465920K)] 1363106K->1173934K(1864192K), 0.0560681 secs] [Times: user=0.28 sys=0.00, real=0.05 secs] 
4267.145: [GC (Allocation Failure) [PSYoungGen: 403667K->111629K(465920K)] 1406894K->1180168K(1864192K), 0.0514325 secs] [Times: user=0.27 sys=0.00, real=0.05 secs] 
4267.459: [GC (Allocation Failure) [PSYoungGen: 344589K->176852K(465920K)] 1413128K->1281036K(1864192K), 0.0367749 secs] [Times: user=0.16 sys=0.00, real=0.04 secs] 
4267.656: [GC (Allocation Failure) [PSYoungGen: 409706K->182102K(465920K)] 1513889K->1348293K(1864192K), 0.0756708 secs] [Times: user=0.37 sys=0.00, real=0.07 secs] 
4267.917: [GC (Allocation Failure) [PSYoungGen: 415062K->187349K(465920K)] 1581253K->1411556K(1864192K), 0.0706196 secs] [Times: user=0.36 sys=0.00, real=0.07 secs] 
4269.211: [GC (Allocation Failure) [PSYoungGen: 420309K->101196K(465920K)] 1644516K->1396247K(1864192K), 0.0718568 secs] [Times: user=0.39 sys=0.00, real=0.08 secs] 
4270.089: [GC (Allocation Failure) [PSYoungGen: 334156K->173044K(465920K)] 1629207K->1500389K(1864192K), 0.0631912 secs] [Times: user=0.30 sys=0.00, real=0.06 secs] 
4270.152: [Full GC (Ergonomics) [PSYoungGen: 173044K->0K(465920K)] [ParOldGen: 1327344K->199456K(1398272K)] 1500389K->199456K(1864192K), [Metaspace: 60345K->60345K(1105920K)], 0.2231547 secs] [Times: user=1.05 sys=0.00, real=0.23 secs] 
4270.501: [GC (Allocation Failure) [PSYoungGen: 232960K->185526K(465920K)] 432416K->384983K(1864192K), 0.0314384 secs] [Times: user=0.12 sys=0.00, real=0.04 secs] 
4270.670: [GC (Allocation Failure) [PSYoungGen: 411084K->176118K(465920K)] 610541K->439894K(1864192K), 0.0528739 secs] [Times: user=0.25 sys=0.00, real=0.06 secs] 
4271.458: [GC (Allocation Failure) [PSYoungGen: 404225K->205619K(465920K)] 668002K->525387K(1864192K), 0.0507149 secs] [Times: user=0.25 sys=0.00, real=0.05 secs] 
4272.405: [GC (Allocation Failure) [PSYoungGen: 438579K->103740K(465920K)] 758347K->488073K(1864192K), 0.0898630 secs] [Times: user=0.48 sys=0.00, real=0.09 secs] 
4272.697: [GC (Allocation Failure) [PSYoungGen: 329589K->178293K(465920K)] 713922K->595843K(1864192K), 0.0347362 secs] [Times: user=0.14 sys=0.01, real=0.03 secs] 
4272.860: [GC (Allocation Failure) [PSYoungGen: 411253K->185654K(465920K)] 828803K->658664K(1864192K), 0.0479337 secs] [Times: user=0.23 sys=0.00, real=0.05 secs] 
4273.031: [GC (Allocation Failure) [PSYoungGen: 418614K->187541K(465920K)] 891624K->716887K(1864192K), 0.0454906 secs] [Times: user=0.21 sys=0.00, real=0.05 secs] 
4274.037: [GC (Allocation Failure) [PSYoungGen: 420501K->92875K(465920K)] 949847K->692989K(1864192K), 0.0435404 secs] [Times: user=0.23 sys=0.00, real=0.04 secs] 
4274.541: [GC (Allocation Failure) [PSYoungGen: 325835K->173909K(465920K)] 925949K->803755K(1864192K), 0.0700163 secs] [Times: user=0.33 sys=0.00, real=0.07 secs] 
4274.764: [GC (Allocation Failure) [PSYoungGen: 406869K->185718K(465920K)] 1036715K->870253K(1864192K), 0.0430757 secs] [Times: user=0.19 sys=0.00, real=0.04 secs] 
4274.917: [GC (Allocation Failure) [PSYoungGen: 418678K->186359K(465920K)] 1103213K->935350K(1864192K), 0.0505110 secs] [Times: user=0.24 sys=0.00, real=0.05 secs] 
4275.723: [GC (Allocation Failure) [PSYoungGen: 416656K->207795K(465920K)] 1165647K->1016034K(1864192K), 0.0576999 secs] [Times: user=0.30 sys=0.00, real=0.05 secs] 
4276.677: [GC (Allocation Failure) [PSYoungGen: 440755K->102220K(465920K)] 1248994K->975715K(1864192K), 0.0805053 secs] [Times: user=0.44 sys=0.00, real=0.08 secs] 
4277.242: [GC (Allocation Failure) [PSYoungGen: 332858K->181014K(465920K)] 1206353K->1087314K(1864192K), 0.0457511 secs] [Times: user=0.20 sys=0.00, real=0.04 secs] 
4277.436: [GC (Allocation Failure) [PSYoungGen: 413974K->185718K(465920K)] 1320274K->1148206K(1864192K), 0.0475461 secs] [Times: user=0.22 sys=0.00, real=0.05 secs] 
4277.607: [GC (Allocation Failure) [PSYoungGen: 418678K->187509K(465920K)] 1381166K->1206317K(1864192K), 0.0452765 secs] [Times: user=0.21 sys=0.00, real=0.04 secs] 
4279.190: [GC (Allocation Failure) [PSYoungGen: 420469K->98507K(465920K)] 1439277K->1187860K(1864192K), 0.1282164 secs] [Times: user=0.71 sys=0.00, real=0.13 secs] 
4280.380: [GC (Allocation Failure) [PSYoungGen: 331467K->171092K(465920K)] 1420820K->1292001K(1864192K), 0.0663117 secs] [Times: user=0.31 sys=0.00, real=0.07 secs] 
4280.601: [GC (Allocation Failure) [PSYoungGen: 404052K->185846K(465920K)] 1524961K->1360231K(1864192K), 0.0449126 secs] [Times: user=0.20 sys=0.00, real=0.05 secs] 
4280.754: [GC (Allocation Failure) [PSYoungGen: 418084K->184247K(465920K)] 1592469K->1423152K(1864192K), 0.0521385 secs] [Times: user=0.25 sys=0.00, real=0.05 secs] 
4281.641: [GC (Allocation Failure) [PSYoungGen: 417207K->168883K(465920K)] 1656112K->1466388K(1864192K), 0.0571994 secs] [Times: user=0.29 sys=0.00, real=0.06 secs] 
4282.226: [GC (Allocation Failure) [PSYoungGen: 401843K->106844K(465920K)] 1699348K->1468917K(1864192K), 0.0856048 secs] [Times: user=0.45 sys=0.01, real=0.08 secs] 
4282.312: [Full GC (Ergonomics) [PSYoungGen: 106844K->0K(465920K)] [ParOldGen: 1362073K->124442K(1398272K)] 1468917K->124442K(1864192K), [Metaspace: 60345K->60345K(1105920K)], 0.1610408 secs] [Times: user=0.74 sys=0.00, real=0.17 secs] 
4282.711: [GC (Allocation Failure) [PSYoungGen: 232960K->188213K(465920K)] 357402K->312655K(1864192K), 0.0269969 secs] [Times: user=0.10 sys=0.00, real=0.03 secs] 
4282.869: [GC (Allocation Failure) [PSYoungGen: 421173K->181846K(465920K)] 545615K->369284K(1864192K), 0.0635322 secs] [Times: user=0.30 sys=0.00, real=0.07 secs] 
4283.075: [GC (Allocation Failure) [PSYoungGen: 414806K->187509K(465920K)] 602244K->433147K(1864192K), 0.0568850 secs] [Times: user=0.28 sys=0.00, real=0.05 secs] 
4284.137: [GC (Allocation Failure) [PSYoungGen: 420469K->99884K(465920K)] 666107K->415978K(1864192K), 0.0531698 secs] [Times: user=0.28 sys=0.00, real=0.05 secs] 
4284.900: [GC (Allocation Failure) [PSYoungGen: 332844K->172724K(465920K)] 648938K->521159K(1864192K), 0.0579372 secs] [Times: user=0.27 sys=0.00, real=0.06 secs] 
4285.100: [GC (Allocation Failure) [PSYoungGen: 405684K->185110K(465920K)] 754119K->587345K(1864192K), 0.0423001 secs] [Times: user=0.19 sys=0.00, real=0.04 secs] 
4285.271: [GC (Allocation Failure) [PSYoungGen: 414050K->179606K(465920K)] 816285K->646361K(1864192K), 0.0543344 secs] [Times: user=0.26 sys=0.01, real=0.06 secs] 
4286.162: [GC (Allocation Failure) [PSYoungGen: 412566K->168595K(465920K)] 879321K->692294K(1864192K), 0.0557038 secs] [Times: user=0.29 sys=0.00, real=0.06 secs] 
4287.407: [GC (GCLocker Initiated GC) [PSYoungGen: 401555K->105532K(465920K)] 925254K->693672K(1864192K), 0.0891544 secs] [Times: user=0.47 sys=0.00, real=0.09 secs] 
4287.847: [GC (Allocation Failure) [PSYoungGen: 338492K->178166K(465920K)] 934991K->809060K(1864192K), 0.1398299 secs] [Times: user=0.77 sys=0.01, real=0.14 secs] 
4288.099: [GC (Allocation Failure) [PSYoungGen: 411126K->185399K(465920K)] 1042020K->872864K(1864192K), 0.1750063 secs] [Times: user=0.99 sys=0.00, real=0.18 secs] 
4288.395: [GC (Allocation Failure) [PSYoungGen: 418359K->184308K(465920K)] 1105824K->930518K(1864192K), 0.0587729 secs] [Times: user=0.29 sys=0.00, real=0.06 secs] 
4289.488: [GC (Allocation Failure) [PSYoungGen: 417268K->101500K(465920K)] 1163478K->917470K(1864192K), 0.0601588 secs] [Times: user=0.32 sys=0.00, real=0.06 secs] 
4290.136: [GC (Allocation Failure) [PSYoungGen: 334460K->172788K(465920K)] 1150430K->1021131K(1864192K), 0.0597085 secs] [Times: user=0.28 sys=0.00, real=0.06 secs] 
4290.336: [GC (Allocation Failure) [PSYoungGen: 405748K->181045K(465920K)] 1254091K->1083408K(1864192K), 0.0438358 secs] [Times: user=0.19 sys=0.00, real=0.04 secs] 
4290.520: [GC (Allocation Failure) [PSYoungGen: 401841K->176022K(465920K)] 1304203K->1141696K(1864192K), 0.0708874 secs] [Times: user=0.34 sys=0.00, real=0.07 secs] 
4291.547: [GC (Allocation Failure) [PSYoungGen: 408982K->168467K(459776K)] 1374656K->1190013K(1858048K), 0.0575020 secs] [Times: user=0.29 sys=0.00, real=0.06 secs] 
4292.291: [GC (Allocation Failure) [PSYoungGen: 401427K->113837K(462848K)] 1422973K->1199872K(1861120K), 0.1239886 secs] [Times: user=0.67 sys=0.00, real=0.13 secs] 
4292.829: [GC (Allocation Failure) [PSYoungGen: 338918K->169172K(463872K)] 1424953K->1292076K(1862144K), 0.0460005 secs] [Times: user=0.21 sys=0.00, real=0.05 secs] 
4292.991: [GC (Allocation Failure) [PSYoungGen: 406228K->188694K(465408K)] 1529132K->1364502K(1863680K), 0.0461581 secs] [Times: user=0.21 sys=0.00, real=0.05 secs] 
4293.147: [GC (Allocation Failure) [PSYoungGen: 425750K->190933K(464896K)] 1601558K->1423749K(1863168K), 0.0472344 secs] [Times: user=0.22 sys=0.00, real=0.05 secs] 
4294.356: [GC (Allocation Failure) [PSYoungGen: 423893K->104028K(465920K)] 1656709K->1408636K(1864192K), 0.0675189 secs] [Times: user=0.36 sys=0.01, real=0.07 secs] 
4294.941: [GC (Allocation Failure) [PSYoungGen: 336988K->173589K(465920K)] 1641596K->1511845K(1864192K), 0.0597017 secs] [Times: user=0.28 sys=0.00, real=0.06 secs] 
4295.000: [Full GC (Ergonomics) [PSYoungGen: 173589K->0K(465920K)] [ParOldGen: 1338256K->201865K(1398272K)] 1511845K->201865K(1864192K), [Metaspace: 60345K->60345K(1105920K)], 0.2133235 secs] [Times: user=0.99 sys=0.00, real=0.22 secs] 
4295.333: [GC (Allocation Failure) [PSYoungGen: 232960K->185366K(465920K)] 434825K->387231K(1864192K), 0.0333416 secs] [Times: user=0.14 sys=0.00, real=0.03 secs] 
4295.511: [GC (Allocation Failure) [PSYoungGen: 418326K->187957K(465920K)] 620191K->445983K(1864192K), 0.0482240 secs] [Times: user=0.23 sys=0.00, real=0.05 secs] 
4296.417: [GC (Allocation Failure) [PSYoungGen: 420917K->151826K(465920K)] 678943K->480748K(1864192K), 0.0505686 secs] [Times: user=0.24 sys=0.00, real=0.05 secs] 
4297.381: [GC (GCLocker Initiated GC) [PSYoungGen: 384786K->120942K(465920K)] 713709K->498240K(1864192K), 0.1606651 secs] [Times: user=0.90 sys=0.00, real=0.16 secs] 
4297.692: [GC (Allocation Failure) [PSYoungGen: 353902K->180149K(465920K)] 731203K->596295K(1864192K), 0.0369947 secs] [Times: user=0.15 sys=0.00, real=0.04 secs] 
4297.838: [GC (Allocation Failure) [PSYoungGen: 413109K->185783K(465920K)] 829255K->664633K(1864192K), 0.0490658 secs] [Times: user=0.23 sys=0.00, real=0.05 secs] 
4297.991: [GC (Allocation Failure) [PSYoungGen: 418743K->187157K(465920K)] 897593K->724903K(1864192K), 0.0573860 secs] [Times: user=0.29 sys=0.00, real=0.06 secs] 
4299.088: [GC (Allocation Failure) [PSYoungGen: 420117K->92075K(465920K)] 957863K->700421K(1864192K), 0.0572944 secs] [Times: user=0.31 sys=0.00, real=0.06 secs] 
4299.544: [GC (Allocation Failure) [PSYoungGen: 325035K->178741K(465920K)] 933381K->817312K(1864192K), 0.0393505 secs] [Times: user=0.18 sys=0.00, real=0.04 secs] 
4299.694: [GC (Allocation Failure) [PSYoungGen: 411701K->185366K(465920K)] 1050272K->879472K(1864192K), 0.0435423 secs] [Times: user=0.20 sys=0.00, real=0.04 secs] 
4299.865: [GC (Allocation Failure) [PSYoungGen: 418326K->187317K(465920K)] 1112432K->937775K(1864192K), 0.0563603 secs] [Times: user=0.28 sys=0.00, real=0.05 secs] 
4300.819: [GC (Allocation Failure) [PSYoungGen: 420277K->142353K(465920K)] 1170735K->963444K(1864192K), 0.0499306 secs] [Times: user=0.24 sys=0.00, real=0.05 secs] 
4302.364: [GC (Allocation Failure) [PSYoungGen: 375313K->130063K(465920K)] 1196404K->996450K(1864192K), 0.1586777 secs] [Times: user=0.89 sys=0.00, real=0.16 secs] 
4302.681: [GC (Allocation Failure) [PSYoungGen: 363023K->185269K(465920K)] 1229410K->1093038K(1864192K), 0.0383144 secs] [Times: user=0.17 sys=0.00, real=0.04 secs] 
4302.832: [GC (Allocation Failure) [PSYoungGen: 418229K->185623K(465920K)] 1325998K->1155457K(1864192K), 0.0493964 secs] [Times: user=0.23 sys=0.00, real=0.05 secs] 
4303.038: [GC (Allocation Failure) [PSYoungGen: 418583K->187573K(465920K)] 1388417K->1216431K(1864192K), 0.0777253 secs] [Times: user=0.39 sys=0.01, real=0.08 secs] 
4304.419: [GC (Allocation Failure) [PSYoungGen: 420533K->97259K(465920K)] 1449391K->1196789K(1864192K), 0.0919602 secs] [Times: user=0.50 sys=0.01, real=0.09 secs] 
4305.257: [GC (Allocation Failure) [PSYoungGen: 330219K->175637K(465920K)] 1429749K->1306868K(1864192K), 0.0486590 secs] [Times: user=0.21 sys=0.00, real=0.05 secs] 
4305.445: [GC (Allocation Failure) [PSYoungGen: 408597K->193878K(465920K)] 1539828K->1379557K(1864192K), 0.0438574 secs] [Times: user=0.20 sys=0.00, real=0.04 secs] 
4305.596: [GC (Allocation Failure) [PSYoungGen: 426838K->187637K(465920K)] 1612517K->1429708K(1864192K), 0.0462611 secs] [Times: user=0.22 sys=0.00, real=0.04 secs] 
4306.770: [GC (Allocation Failure) [PSYoungGen: 420597K->134256K(465920K)] 1662668K->1447007K(1864192K), 0.0496814 secs] [Times: user=0.25 sys=0.00, real=0.05 secs] 
4306.820: [Full GC (Ergonomics) [PSYoungGen: 134256K->0K(465920K)] [ParOldGen: 1312750K->345642K(1398272K)] 1447007K->345642K(1864192K), [Metaspace: 60345K->60345K(1105920K)], 0.5645175 secs] [Times: user=2.45 sys=0.00, real=0.57 secs] 
4308.080: [GC (GCLocker Initiated GC) [PSYoungGen: 232960K->135056K(465920K)] 578606K->480702K(1864192K), 0.0319880 secs] [Times: user=0.12 sys=0.00, real=0.03 secs] 
4308.330: [GC (Allocation Failure) [PSYoungGen: 368016K->186773K(465920K)] 713662K->575960K(1864192K), 0.0482211 secs] [Times: user=0.23 sys=0.00, real=0.05 secs] 
4308.540: [GC (Allocation Failure) [PSYoungGen: 419733K->185591K(465920K)] 808920K->636994K(1864192K), 0.0712496 secs] [Times: user=0.35 sys=0.00, real=0.07 secs] 
4308.734: [GC (Allocation Failure) [PSYoungGen: 418551K->187733K(465920K)] 869954K->697896K(1864192K), 0.0559447 secs] [Times: user=0.28 sys=0.00, real=0.05 secs] 
4310.230: [GC (GCLocker Initiated GC) [PSYoungGen: 420693K->94971K(465920K)] 930857K->675835K(1864192K), 0.1281670 secs] [Times: user=0.70 sys=0.00, real=0.13 secs] 
4311.456: [GC (Allocation Failure) [PSYoungGen: 327931K->171796K(465920K)] 909089K->783160K(1864192K), 0.0507428 secs] [Times: user=0.22 sys=0.00, real=0.05 secs] 
4311.655: [GC (Allocation Failure) [PSYoungGen: 404756K->185558K(465920K)] 1016120K->850853K(1864192K), 0.0428449 secs] [Times: user=0.20 sys=0.00, real=0.04 secs] 
4311.838: [GC (Allocation Failure) [PSYoungGen: 418518K->187733K(465920K)] 1083813K->909068K(1864192K), 0.0640376 secs] [Times: user=0.31 sys=0.00, real=0.06 secs] 
4312.824: [GC (Allocation Failure) [PSYoungGen: 420693K->134256K(465920K)] 1142028K->926336K(1864192K), 0.0488308 secs] [Times: user=0.25 sys=0.00, real=0.05 secs] 
4313.652: [GC (Allocation Failure) [PSYoungGen: 366798K->141649K(465920K)] 1158878K->976256K(1864192K), 0.1324755 secs] [Times: user=0.73 sys=0.00, real=0.14 secs] 
4313.944: [GC (Allocation Failure) [PSYoungGen: 374609K->179893K(465920K)] 1209216K->1060341K(1864192K), 0.0393244 secs] [Times: user=0.17 sys=0.00, real=0.04 secs] 
4314.138: [GC (Allocation Failure) [PSYoungGen: 412853K->185815K(465920K)] 1293301K->1128855K(1864192K), 0.0574886 secs] [Times: user=0.28 sys=0.00, real=0.06 secs] 
4314.355: [GC (Allocation Failure) [PSYoungGen: 418750K->187157K(465920K)] 1361791K->1189197K(1864192K), 0.0579633 secs] [Times: user=0.28 sys=0.00, real=0.06 secs] 
4315.484: [GC (Allocation Failure) [PSYoungGen: 420117K->95019K(465920K)] 1422157K->1167679K(1864192K), 0.0603932 secs] [Times: user=0.32 sys=0.00, real=0.06 secs] 
4315.947: [GC (Allocation Failure) [PSYoungGen: 327979K->179061K(465920K)] 1400639K->1282778K(1864192K), 0.0496657 secs] [Times: user=0.22 sys=0.00, real=0.05 secs] 
4316.138: [GC (Allocation Failure) [PSYoungGen: 412021K->185302K(465920K)] 1515738K->1345086K(1864192K), 0.0442519 secs] [Times: user=0.20 sys=0.00, real=0.04 secs] 
4316.286: [GC (Allocation Failure) [PSYoungGen: 418262K->184725K(465920K)] 1578046K->1400805K(1864192K), 0.0459551 secs] [Times: user=0.22 sys=0.00, real=0.05 secs] 
4317.332: [GC (Allocation Failure) [PSYoungGen: 417685K->122703K(465920K)] 1633765K->1408440K(1864192K), 0.0481582 secs] [Times: user=0.24 sys=0.00, real=0.05 secs] 
4318.276: [GC (Allocation Failure) [PSYoungGen: 355663K->149585K(465920K)] 1641400K->1474426K(1864192K), 0.1336180 secs] [Times: user=0.73 sys=0.00, real=0.13 secs] 
4318.410: [Full GC (Ergonomics) [PSYoungGen: 149585K->0K(465920K)] [ParOldGen: 1324840K->166885K(1398272K)] 1474426K->166885K(1864192K), [Metaspace: 60345K->60345K(1105920K)], 0.1888226 secs] [Times: user=0.89 sys=0.00, real=0.19 secs] 
4318.718: [GC (Allocation Failure) [PSYoungGen: 232960K->182005K(465920K)] 399845K->348890K(1864192K), 0.0335137 secs] [Times: user=0.14 sys=0.01, real=0.03 secs] 
4318.881: [GC (Allocation Failure) [PSYoungGen: 414965K->185847K(465920K)] 581850K->416180K(1864192K), 0.0434024 secs] [Times: user=0.20 sys=0.00, real=0.05 secs] 
4319.031: [GC (Allocation Failure) [PSYoungGen: 418807K->187637K(465920K)] 649140K->477086K(1864192K), 0.0555114 secs] [Times: user=0.27 sys=0.00, real=0.06 secs] 
4320.714: [GC (Allocation Failure) [PSYoungGen: 420597K->93355K(465920K)] 710046K->453780K(1864192K), 0.1130498 secs] [Times: user=0.62 sys=0.00, real=0.11 secs] 
4321.356: [GC (Allocation Failure) [PSYoungGen: 326315K->179701K(465920K)] 686740K->570347K(1864192K), 0.0449725 secs] [Times: user=0.20 sys=0.00, real=0.04 secs] 
4321.527: [GC (Allocation Failure) [PSYoungGen: 412661K->185494K(465920K)] 803307K->631728K(1864192K), 0.0430561 secs] [Times: user=0.19 sys=0.00, real=0.04 secs] 
4321.677: [GC (Allocation Failure) [PSYoungGen: 418454K->187733K(465920K)] 864688K->690239K(1864192K), 0.0450246 secs] [Times: user=0.21 sys=0.00, real=0.04 secs] 
4322.660: [GC (Allocation Failure) [PSYoungGen: 420693K->112861K(465920K)] 923199K->686120K(1864192K), 0.0459429 secs] [Times: user=0.23 sys=0.00, real=0.05 secs] 
4323.507: [GC (Allocation Failure) [PSYoungGen: 345821K->153970K(465920K)] 919080K->763353K(1864192K), 0.0882658 secs] [Times: user=0.46 sys=0.00, real=0.09 secs] 
4323.798: [GC (Allocation Failure) [PSYoungGen: 386930K->184822K(465920K)] 996313K->842336K(1864192K), 0.0427827 secs] [Times: user=0.20 sys=0.00, real=0.04 secs] 
4323.950: [GC (Allocation Failure) [PSYoungGen: 417782K->186359K(465920K)] 1075296K->907973K(1864192K), 0.0503235 secs] [Times: user=0.23 sys=0.00, real=0.05 secs] 
4324.105: [GC (Allocation Failure) [PSYoungGen: 419319K->187541K(465920K)] 1140933K->968303K(1864192K), 0.0574813 secs] [Times: user=0.28 sys=0.00, real=0.05 secs] 
4325.500: [GC (Allocation Failure) [PSYoungGen: 420213K->90090K(465920K)] 1200976K->941717K(1864192K), 0.0761274 secs] [Times: user=0.41 sys=0.00, real=0.08 secs] 
4326.310: [GC (Allocation Failure) [PSYoungGen: 323050K->178677K(465920K)] 1174677K->1058997K(1864192K), 0.0470079 secs] [Times: user=0.21 sys=0.00, real=0.05 secs] 
4326.482: [GC (Allocation Failure) [PSYoungGen: 411637K->185814K(465920K)] 1291957K->1121857K(1864192K), 0.0440421 secs] [Times: user=0.20 sys=0.00, real=0.05 secs] 
4326.652: [GC (Allocation Failure) [PSYoungGen: 418774K->185077K(465920K)] 1354817K->1177456K(1864192K), 0.0549292 secs] [Times: user=0.27 sys=0.00, real=0.06 secs] 
4327.749: [GC (Allocation Failure) [PSYoungGen: 418037K->113309K(465920K)] 1410416K->1175461K(1864192K), 0.0470547 secs] [Times: user=0.24 sys=0.00, real=0.05 secs] 
4329.234: [GC (Allocation Failure) [PSYoungGen: 346269K->155794K(465920K)] 1408421K->1254515K(1864192K), 0.0971616 secs] [Times: user=0.51 sys=0.00, real=0.09 secs] 
4329.488: [GC (Allocation Failure) [PSYoungGen: 388754K->184982K(465920K)] 1487475K->1332690K(1864192K), 0.0434851 secs] [Times: user=0.19 sys=0.00, real=0.04 secs] 
4329.671: [GC (Allocation Failure) [PSYoungGen: 417942K->186007K(465920K)] 1565650K->1397959K(1864192K), 0.0720906 secs] [Times: user=0.35 sys=0.00, real=0.08 secs] 
4329.874: [GC (Allocation Failure) [PSYoungGen: 418967K->187125K(465920K)] 1630919K->1458277K(1864192K), 0.0572295 secs] [Times: user=0.28 sys=0.00, real=0.05 secs] 
4330.940: [GC (Allocation Failure) [PSYoungGen: 420085K->95195K(465920K)] 1691237K->1436875K(1864192K), 0.0677958 secs] [Times: user=0.37 sys=0.00, real=0.07 secs] 
4331.008: [Full GC (Ergonomics) [PSYoungGen: 95195K->0K(465920K)] [ParOldGen: 1341680K->108421K(1398272K)] 1436875K->108421K(1864192K), [Metaspace: 60345K->60345K(1105920K)], 0.1186822 secs] [Times: user=0.50 sys=0.00, real=0.12 secs] 
4331.458: [GC (Allocation Failure) [PSYoungGen: 232947K->183094K(465920K)] 341368K->291515K(1864192K), 0.0315345 secs] [Times: user=0.12 sys=0.00, real=0.03 secs] 
4331.645: [GC (Allocation Failure) [PSYoungGen: 416054K->185430K(465920K)] 524475K->351107K(1864192K), 0.0473755 secs] [Times: user=0.22 sys=0.00, real=0.04 secs] 
4331.816: [GC (Allocation Failure) [PSYoungGen: 418390K->184340K(465920K)] 584067K->406362K(1864192K), 0.0452558 secs] [Times: user=0.20 sys=0.00, real=0.04 secs] 
4332.844: [GC (Allocation Failure) [PSYoungGen: 417300K->104636K(465920K)] 639322K->396094K(1864192K), 0.0438357 secs] [Times: user=0.23 sys=0.00, real=0.04 secs] 
4333.375: [GC (Allocation Failure) [PSYoungGen: 337596K->166164K(465920K)] 629054K->492313K(1864192K), 0.0765920 secs] [Times: user=0.38 sys=0.00, real=0.07 secs] 
4333.641: [GC (Allocation Failure) [PSYoungGen: 399124K->184886K(465920K)] 725273K->562643K(1864192K), 0.0593972 secs] [Times: user=0.28 sys=0.01, real=0.06 secs] 
4333.831: [GC (Allocation Failure) [PSYoungGen: 417846K->185591K(465920K)] 795603K->627676K(1864192K), 0.0496011 secs] [Times: user=0.23 sys=0.00, real=0.05 secs] 
4334.081: [GC (Allocation Failure) [PSYoungGen: 418551K->187317K(465920K)] 860636K->688211K(1864192K), 0.0653494 secs] [Times: user=0.33 sys=0.00, real=0.07 secs] 
4336.216: [GC (GCLocker Initiated GC) [PSYoungGen: 420277K->88730K(465920K)] 921171K->660240K(1864192K), 0.1009910 secs] [Times: user=0.56 sys=0.00, real=0.10 secs] 
4336.804: [GC (Allocation Failure) [PSYoungGen: 321690K->187190K(465920K)] 893363K->787435K(1864192K), 0.0440252 secs] [Times: user=0.18 sys=0.01, real=0.04 secs] 
4336.990: [GC (Allocation Failure) [PSYoungGen: 420150K->185302K(465920K)] 1020395K->842395K(1864192K), 0.0685943 secs] [Times: user=0.33 sys=0.00, real=0.07 secs] 
4337.706: [GC (Allocation Failure) [PSYoungGen: 418262K->183700K(465920K)] 1075355K->896873K(1864192K), 0.0840353 secs] [Times: user=0.42 sys=0.00, real=0.08 secs] 
4338.885: [GC (Allocation Failure) [PSYoungGen: 416660K->100940K(465920K)] 1129833K->883697K(1864192K), 0.0446045 secs] [Times: user=0.22 sys=0.00, real=0.04 secs] 
4340.107: [GC (Allocation Failure) [PSYoungGen: 333900K->166228K(465920K)] 1116657K->981410K(1864192K), 0.0913867 secs] [Times: user=0.46 sys=0.00, real=0.09 secs] 
4340.369: [GC (Allocation Failure) [PSYoungGen: 399188K->185430K(465920K)] 1214370K->1052228K(1864192K), 0.0436407 secs] [Times: user=0.20 sys=0.00, real=0.05 secs] 
4340.549: [GC (Allocation Failure) [PSYoungGen: 418390K->186199K(465920K)] 1285188K->1117517K(1864192K), 0.0565791 secs] [Times: user=0.27 sys=0.00, real=0.06 secs] 
4340.736: [GC (Allocation Failure) [PSYoungGen: 419159K->187221K(465920K)] 1350477K->1177739K(1864192K), 0.0575752 secs] [Times: user=0.29 sys=0.00, real=0.06 secs] 
4341.834: [GC (Allocation Failure) [PSYoungGen: 420181K->91610K(465920K)] 1410699K->1152744K(1864192K), 0.0495757 secs] [Times: user=0.26 sys=0.00, real=0.05 secs] 
4342.344: [GC (Allocation Failure) [PSYoungGen: 324570K->179573K(465920K)] 1385704K->1269528K(1864192K), 0.0516647 secs] [Times: user=0.23 sys=0.00, real=0.05 secs] 
4342.528: [GC (Allocation Failure) [PSYoungGen: 412509K->185462K(465920K)] 1502463K->1331573K(1864192K), 0.0449139 secs] [Times: user=0.21 sys=0.00, real=0.05 secs] 
4342.678: [GC (Allocation Failure) [PSYoungGen: 418422K->187925K(465920K)] 1564533K->1390124K(1864192K), 0.0474524 secs] [Times: user=0.23 sys=0.00, real=0.05 secs] 
4343.888: [GC (Allocation Failure) [PSYoungGen: 420885K->101532K(465920K)] 1623084K->1374699K(1864192K), 0.0748885 secs] [Times: user=0.40 sys=0.01, real=0.08 secs] 
4345.328: [GC (Allocation Failure) [PSYoungGen: 334492K->166516K(465920K)] 1607659K->1472023K(1864192K), 0.0798787 secs] [Times: user=0.40 sys=0.00, real=0.08 secs] 
4345.600: [GC (Allocation Failure) [PSYoungGen: 399476K->185750K(465920K)] 1704983K->1543358K(1864192K), 0.0520115 secs] [Times: user=0.25 sys=0.00, real=0.05 secs] 
4345.652: [Full GC (Ergonomics) [PSYoungGen: 185750K->0K(465920K)] [ParOldGen: 1357607K->258402K(1398272K)] 1543358K->258402K(1864192K), [Metaspace: 60345K->60345K(1105920K)], 0.3072637 secs] [Times: user=1.40 sys=0.00, real=0.31 secs] 
4346.066: [GC (Allocation Failure) [PSYoungGen: 232960K->183478K(465920K)] 491362K->441881K(1864192K), 0.0869833 secs] [Times: user=0.46 sys=0.00, real=0.09 secs] 
4346.315: [GC (Allocation Failure) [PSYoungGen: 416438K->219381K(465920K)] 674841K->536407K(1864192K), 0.0537709 secs] [Times: user=0.26 sys=0.00, real=0.05 secs] 
4347.681: [GC (Allocation Failure) [PSYoungGen: 452341K->94331K(465920K)] 769367K->481533K(1864192K), 0.0916420 secs] [Times: user=0.50 sys=0.00, real=0.10 secs] 
4348.187: [GC (Allocation Failure) [PSYoungGen: 327291K->183766K(465920K)] 714493K->600677K(1864192K), 0.0434543 secs] [Times: user=0.19 sys=0.00, real=0.04 secs] 
4348.344: [GC (Allocation Failure) [PSYoungGen: 416726K->185366K(465920K)] 833637K->659093K(1864192K), 0.0435102 secs] [Times: user=0.20 sys=0.00, real=0.04 secs] 
4348.515: [GC (Allocation Failure) [PSYoungGen: 418326K->186901K(465920K)] 892053K->717052K(1864192K), 0.0496312 secs] [Times: user=0.24 sys=0.00, real=0.05 secs] 
4349.504: [GC (Allocation Failure) [PSYoungGen: 419861K->100956K(465920K)] 950012K->701699K(1864192K), 0.0445869 secs] [Times: user=0.23 sys=0.00, real=0.04 secs] 
4350.195: [GC (Allocation Failure) [PSYoungGen: 333916K->171252K(465920K)] 934659K->804885K(1864192K), 0.0759681 secs] [Times: user=0.37 sys=0.00, real=0.07 secs] 
4350.473: [GC (Allocation Failure) [PSYoungGen: 404212K->182165K(465920K)] 1037845K->869326K(1864192K), 0.0504101 secs] [Times: user=0.24 sys=0.00, real=0.05 secs] 
4350.664: [GC (Allocation Failure) [PSYoungGen: 415125K->186007K(465920K)] 1102286K->936983K(1864192K), 0.0702315 secs] [Times: user=0.34 sys=0.00, real=0.07 secs] 
4351.419: [GC (Allocation Failure) [PSYoungGen: 418966K->217684K(465920K)] 1169943K->1027660K(1864192K), 0.0532249 secs] [Times: user=0.26 sys=0.00, real=0.06 secs] 
4352.941: [GC (Allocation Failure) [PSYoungGen: 450644K->101308K(465920K)] 1260620K->978356K(1864192K), 0.0920332 secs] [Times: user=0.49 sys=0.01, real=0.10 secs] 
4353.575: [GC (Allocation Failure) [PSYoungGen: 334268K->180277K(465920K)] 1211316K->1089283K(1864192K), 0.0460359 secs] [Times: user=0.20 sys=0.00, real=0.04 secs] 
4353.740: [GC (Allocation Failure) [PSYoungGen: 413237K->185558K(465920K)] 1322243K->1151171K(1864192K), 0.0441725 secs] [Times: user=0.20 sys=0.00, real=0.05 secs] 
4353.921: [GC (Allocation Failure) [PSYoungGen: 418518K->184853K(465920K)] 1384131K->1206646K(1864192K), 0.0663387 secs] [Times: user=0.33 sys=0.00, real=0.07 secs] 
4355.040: [GC (Allocation Failure) [PSYoungGen: 417813K->102684K(465920K)] 1439606K->1194126K(1864192K), 0.0505566 secs] [Times: user=0.27 sys=0.00, real=0.05 secs] 
4355.891: [GC (Allocation Failure) [PSYoungGen: 335644K->174645K(465920K)] 1427086K->1299483K(1864192K), 0.0619086 secs] [Times: user=0.29 sys=0.01, real=0.07 secs] 
4356.161: [GC (Allocation Failure) [PSYoungGen: 407605K->182101K(465920K)] 1532443K->1361356K(1864192K), 0.0593089 secs] [Times: user=0.28 sys=0.00, real=0.06 secs] 
4356.376: [GC (Allocation Failure) [PSYoungGen: 415061K->185335K(465920K)] 1594316K->1428469K(1864192K), 0.0739888 secs] [Times: user=0.36 sys=0.00, real=0.07 secs] 
4357.218: [GC (Allocation Failure) [PSYoungGen: 414671K->206579K(465920K)] 1657806K->1508689K(1864192K), 0.0559137 secs] [Times: user=0.28 sys=0.00, real=0.06 secs] 
4357.798: [GC (GCLocker Initiated GC) [PSYoungGen: 439539K->104844K(465920K)] 1741649K->1471931K(1864192K), 0.0715240 secs] [Times: user=0.37 sys=0.01, real=0.07 secs] 
4357.870: [Full GC (Ergonomics) [PSYoungGen: 104844K->0K(465920K)] [ParOldGen: 1367086K->122363K(1398272K)] 1471931K->122363K(1864192K), [Metaspace: 60345K->60345K(1105920K)], 0.1593911 secs] [Times: user=0.68 sys=0.00, real=0.16 secs] 
4358.275: [GC (Allocation Failure) [PSYoungGen: 232960K->178294K(465920K)] 363518K->308853K(1864192K), 0.0886855 secs] [Times: user=0.47 sys=0.00, real=0.09 secs] 
4358.502: [GC (Allocation Failure) [PSYoungGen: 411254K->182102K(465920K)] 541813K->369457K(1864192K), 0.1761542 secs] [Times: user=0.98 sys=0.01, real=0.18 secs] 
4358.808: [GC (Allocation Failure) [PSYoungGen: 415062K->186773K(465920K)] 602417K->431816K(1864192K), 0.0581284 secs] [Times: user=0.28 sys=0.01, real=0.06 secs] 
4359.951: [GC (Allocation Failure) [PSYoungGen: 419733K->98283K(465920K)] 664776K->413822K(1864192K), 0.0547685 secs] [Times: user=0.29 sys=0.00, real=0.06 secs] 
4360.686: [GC (Allocation Failure) [PSYoungGen: 331167K->176245K(465920K)] 646706K->523860K(1864192K), 0.0582697 secs] [Times: user=0.27 sys=0.00, real=0.06 secs] 
4360.882: [GC (Allocation Failure) [PSYoungGen: 409205K->185366K(465920K)] 756820K->587693K(1864192K), 0.0433139 secs] [Times: user=0.19 sys=0.00, real=0.05 secs] 
4361.046: [GC (Allocation Failure) [PSYoungGen: 406038K->171957K(465920K)] 808365K->638788K(1864192K), 0.0593335 secs] [Times: user=0.30 sys=0.00, real=0.06 secs] 
4362.357: [GC (Allocation Failure) [PSYoungGen: 404917K->169043K(465920K)] 871748K->690426K(1864192K), 0.0536379 secs] [Times: user=0.27 sys=0.00, real=0.05 secs] 
4363.498: [GC (Allocation Failure) [PSYoungGen: 402003K->107004K(465920K)] 923386K->692884K(1864192K), 0.0930513 secs] [Times: user=0.50 sys=0.00, real=0.09 secs] 
4363.853: [GC (Allocation Failure) [PSYoungGen: 335373K->176021K(465920K)] 921252K->796197K(1864192K), 0.0377360 secs] [Times: user=0.16 sys=0.01, real=0.03 secs] 
4364.003: [GC (Allocation Failure) [PSYoungGen: 408981K->185590K(465920K)] 1029157K->860650K(1864192K), 0.0437057 secs] [Times: user=0.20 sys=0.00, real=0.04 secs] 
4364.185: [GC (Allocation Failure) [PSYoungGen: 418550K->187189K(465920K)] 1093610K->918553K(1864192K), 0.0568925 secs] [Times: user=0.28 sys=0.00, real=0.05 secs] 
4365.186: [GC (Allocation Failure) [PSYoungGen: 420149K->101660K(465920K)] 1151513K->903600K(1864192K), 0.0480180 secs] [Times: user=0.25 sys=0.00, real=0.05 secs] 
4365.728: [GC (Allocation Failure) [PSYoungGen: 334620K->176181K(465920K)] 1136560K->1011054K(1864192K), 0.0648917 secs] [Times: user=0.31 sys=0.00, real=0.07 secs] 
4365.935: [GC (Allocation Failure) [PSYoungGen: 409141K->182197K(465920K)] 1244014K->1072086K(1864192K), 0.0437960 secs] [Times: user=0.19 sys=0.00, real=0.04 secs] 
4366.108: [GC (Allocation Failure) [PSYoungGen: 411836K->180342K(465920K)] 1301725K->1134047K(1864192K), 0.0669798 secs] [Times: user=0.33 sys=0.00, real=0.07 secs] 
4366.961: [GC (Allocation Failure) [PSYoungGen: 408428K->206259K(465920K)] 1362133K->1217228K(1864192K), 0.0542694 secs] [Times: user=0.27 sys=0.00, real=0.06 secs] 
4367.838: [GC (Allocation Failure) [PSYoungGen: 439219K->104076K(465920K)] 1450188K->1179749K(1864192K), 0.1105477 secs] [Times: user=0.60 sys=0.00, real=0.11 secs] 
4368.217: [GC (Allocation Failure) [PSYoungGen: 334724K->178293K(465920K)] 1410397K->1287051K(1864192K), 0.0361495 secs] [Times: user=0.15 sys=0.00, real=0.04 secs] 
4368.364: [GC (Allocation Failure) [PSYoungGen: 411253K->185814K(465920K)] 1520011K->1350452K(1864192K), 0.0449231 secs] [Times: user=0.20 sys=0.00, real=0.04 secs] 
4368.517: [GC (Allocation Failure) [PSYoungGen: 418774K->187605K(465920K)] 1583412K->1408515K(1864192K), 0.0476957 secs] [Times: user=0.22 sys=0.00, real=0.05 secs] 
4369.908: [GC (Allocation Failure) [PSYoungGen: 420565K->98699K(465920K)] 1641475K->1390474K(1864192K), 0.1080447 secs] [Times: user=0.59 sys=0.00, real=0.11 secs] 
4370.920: [GC (Allocation Failure) [PSYoungGen: 331659K->174645K(465920K)] 1623434K->1498172K(1864192K), 0.0571879 secs] [Times: user=0.27 sys=0.01, real=0.06 secs] 
4370.977: [Full GC (Ergonomics) [PSYoungGen: 174645K->0K(465920K)] [ParOldGen: 1323526K->199442K(1398272K)] 1498172K->199442K(1864192K), [Metaspace: 60345K->60345K(1105920K)], 0.2031095 secs] [Times: user=0.93 sys=0.00, real=0.20 secs] 
4371.289: [GC (Allocation Failure) [PSYoungGen: 232960K->180533K(465920K)] 432402K->379976K(1864192K), 0.0315683 secs] [Times: user=0.12 sys=0.00, real=0.03 secs] 
4371.433: [GC (Allocation Failure) [PSYoungGen: 413493K->185847K(465920K)] 612936K->448650K(1864192K), 0.0439092 secs] [Times: user=0.19 sys=0.00, real=0.04 secs] 
4372.238: [GC (Allocation Failure) [PSYoungGen: 415769K->207571K(465920K)] 678572K->529334K(1864192K), 0.0547139 secs] [Times: user=0.28 sys=0.00, real=0.05 secs] 
4372.736: [GC (Allocation Failure) [PSYoungGen: 440531K->106092K(465920K)] 762294K->493191K(1864192K), 0.0485651 secs] [Times: user=0.23 sys=0.00, real=0.05 secs] 
4372.967: [GC (Allocation Failure) [PSYoungGen: 333778K->176661K(465920K)] 720877K->597525K(1864192K), 0.0342806 secs] [Times: user=0.14 sys=0.00, real=0.03 secs] 
4373.111: [GC (Allocation Failure) [PSYoungGen: 409621K->185366K(465920K)] 830485K->661262K(1864192K), 0.0423634 secs] [Times: user=0.19 sys=0.00, real=0.05 secs] 
4373.260: [GC (Allocation Failure) [PSYoungGen: 418326K->187253K(465920K)] 894222K->719325K(1864192K), 0.0446891 secs] [Times: user=0.21 sys=0.00, real=0.05 secs] 
4374.249: [GC (Allocation Failure) [PSYoungGen: 420213K->99596K(465920K)] 952285K->702276K(1864192K), 0.0438382 secs] [Times: user=0.22 sys=0.00, real=0.05 secs] 
4374.959: [GC (Allocation Failure) [PSYoungGen: 332556K->171700K(465920K)] 935236K->806549K(1864192K), 0.0533831 secs] [Times: user=0.25 sys=0.00, real=0.06 secs] 
4375.180: [GC (Allocation Failure) [PSYoungGen: 404660K->185046K(465920K)] 1039509K->873866K(1864192K), 0.0654752 secs] [Times: user=0.31 sys=0.00, real=0.07 secs] 
4375.434: [GC (Allocation Failure) [PSYoungGen: 418006K->185111K(465920K)] 1106826K->938251K(1864192K), 0.0714704 secs] [Times: user=0.35 sys=0.00, real=0.07 secs] 
4376.338: [GC (Allocation Failure) [PSYoungGen: 418071K->168627K(465920K)] 1171211K->980631K(1864192K), 0.0554223 secs] [Times: user=0.27 sys=0.00, real=0.06 secs] 
4377.672: [GC (Allocation Failure) [PSYoungGen: 401587K->107468K(465920K)] 1213591K->983969K(1864192K), 0.1045397 secs] [Times: user=0.56 sys=0.01, real=0.11 secs] 
4378.210: [GC (Allocation Failure) [PSYoungGen: 340428K->180309K(465920K)] 1216929K->1091861K(1864192K), 0.0460991 secs] [Times: user=0.20 sys=0.00, real=0.05 secs] 
4378.433: [GC (Allocation Failure) [PSYoungGen: 413269K->184567K(465920K)] 1324821K->1158963K(1864192K), 0.0738558 secs] [Times: user=0.36 sys=0.00, real=0.07 secs] 
4378.631: [GC (Allocation Failure) [PSYoungGen: 417527K->187349K(465920K)] 1391923K->1220289K(1864192K), 0.0591733 secs] [Times: user=0.29 sys=0.00, real=0.06 secs] 
4379.925: [GC (Allocation Failure) [PSYoungGen: 420309K->97867K(465920K)] 1453249K->1201480K(1864192K), 0.0865477 secs] [Times: user=0.47 sys=0.00, real=0.08 secs] 
4381.029: [GC (GCLocker Initiated GC) [PSYoungGen: 330827K->169716K(465920K)] 1434441K->1305110K(1864192K), 0.0645016 secs] [Times: user=0.30 sys=0.00, real=0.07 secs] 
4381.237: [GC (Allocation Failure) [PSYoungGen: 402676K->185366K(465920K)] 1538109K->1373494K(1864192K), 0.0431994 secs] [Times: user=0.19 sys=0.00, real=0.04 secs] 
4381.410: [GC (Allocation Failure) [PSYoungGen: 413617K->179926K(465920K)] 1601746K->1432487K(1864192K), 0.0554147 secs] [Times: user=0.26 sys=0.00, real=0.06 secs] 
4382.333: [GC (Allocation Failure) [PSYoungGen: 412886K->168595K(465920K)] 1665447K->1478379K(1864192K), 0.0548404 secs] [Times: user=0.27 sys=0.00, real=0.05 secs] 
4382.834: [GC (Allocation Failure) [PSYoungGen: 401555K->114317K(465920K)] 1711339K->1488710K(1864192K), 0.0836005 secs] [Times: user=0.45 sys=0.00, real=0.08 secs] 
4382.918: [Full GC (Ergonomics) [PSYoungGen: 114317K->0K(465920K)] [ParOldGen: 1374392K->132464K(1398272K)] 1488710K->132464K(1864192K), [Metaspace: 60345K->60345K(1105920K)], 0.1788632 secs] [Times: user=0.71 sys=0.00, real=0.18 secs] 
4383.362: [GC (Allocation Failure) [PSYoungGen: 232960K->174612K(465920K)] 365424K->307077K(1864192K), 0.0259935 secs] [Times: user=0.09 sys=0.00, real=0.03 secs] 
4383.501: [GC (Allocation Failure) [PSYoungGen: 407572K->184951K(465920K)] 540037K->379115K(1864192K), 0.0471110 secs] [Times: user=0.21 sys=0.00, real=0.05 secs] 
4383.681: [GC (Allocation Failure) [PSYoungGen: 417911K->187061K(465920K)] 612075K->439769K(1864192K), 0.0822229 secs] [Times: user=0.43 sys=0.00, real=0.09 secs] 
4384.782: [GC (Allocation Failure) [PSYoungGen: 420021K->100380K(465920K)] 672729K->423864K(1864192K), 0.0634156 secs] [Times: user=0.34 sys=0.00, real=0.06 secs] 
4385.403: [GC (Allocation Failure) [PSYoungGen: 333340K->176565K(465920K)] 656824K->532706K(1864192K), 0.0549872 secs] [Times: user=0.26 sys=0.00, real=0.05 secs] 
4385.581: [GC (Allocation Failure) [PSYoungGen: 409525K->182677K(465920K)] 765666K->593978K(1864192K), 0.0431140 secs] [Times: user=0.20 sys=0.00, real=0.05 secs] 
4385.729: [GC (Allocation Failure) [PSYoungGen: 402401K->172085K(465920K)] 813702K->647530K(1864192K), 0.0480072 secs] [Times: user=0.23 sys=0.00, real=0.05 secs] 
4386.622: [GC (Allocation Failure) [PSYoungGen: 405045K->170195K(458752K)] 880490K->700296K(1857024K), 0.0539057 secs] [Times: user=0.27 sys=0.00, real=0.06 secs] 
4388.005: [GC (Allocation Failure) [PSYoungGen: 403155K->106764K(462336K)] 933256K->701801K(1860608K), 0.0843811 secs] [Times: user=0.45 sys=0.00, real=0.08 secs] 
4388.342: [GC (Allocation Failure) [PSYoungGen: 339724K->180821K(465408K)] 934761K->810227K(1863680K), 0.0368040 secs] [Times: user=0.16 sys=0.00, real=0.04 secs] 
4388.489: [GC (Allocation Failure) [PSYoungGen: 413781K->185527K(465920K)] 1043187K->877869K(1864192K), 0.0502002 secs] [Times: user=0.24 sys=0.00, real=0.05 secs] 
4388.669: [GC (Allocation Failure) [PSYoungGen: 418487K->187349K(465920K)] 1110829K->938627K(1864192K), 0.0618672 secs] [Times: user=0.31 sys=0.00, real=0.06 secs] 
4389.715: [GC (Allocation Failure) [PSYoungGen: 420309K->94699K(465920K)] 1171587K->916657K(1864192K), 0.0459673 secs] [Times: user=0.24 sys=0.00, real=0.04 secs] 
4390.376: [GC (Allocation Failure) [PSYoungGen: 327659K->175221K(465920K)] 1149617K->1027556K(1864192K), 0.0600965 secs] [Times: user=0.28 sys=0.00, real=0.06 secs] 
4390.586: [GC (Allocation Failure) [PSYoungGen: 408181K->185334K(465920K)] 1260516K->1092409K(1864192K), 0.0447403 secs] [Times: user=0.20 sys=0.00, real=0.04 secs] 
4390.735: [GC (Allocation Failure) [PSYoungGen: 409709K->175797K(465920K)] 1316784K->1147368K(1864192K), 0.0503376 secs] [Times: user=0.24 sys=0.00, real=0.05 secs] 
4391.622: [GC (Allocation Failure) [PSYoungGen: 408757K->206728K(465920K)] 1380328K->1234163K(1864192K), 0.0504350 secs] [Times: user=0.24 sys=0.00, real=0.06 secs] 
4392.917: [GC (Allocation Failure) [PSYoungGen: 439688K->102972K(465920K)] 1467123K->1194987K(1864192K), 0.1111354 secs] [Times: user=0.60 sys=0.00, real=0.11 secs] 
4393.919: [GC (Allocation Failure) [PSYoungGen: 335932K->180149K(465920K)] 1427947K->1304433K(1864192K), 0.0484700 secs] [Times: user=0.22 sys=0.00, real=0.05 secs] 
4394.127: [GC (Allocation Failure) [PSYoungGen: 413109K->185974K(465920K)] 1537393K->1366518K(1864192K), 0.0537560 secs] [Times: user=0.26 sys=0.00, real=0.05 secs] 
4394.311: [GC (Allocation Failure) [PSYoungGen: 418934K->187925K(465920K)] 1599478K->1424685K(1864192K), 0.0481604 secs] [Times: user=0.23 sys=0.00, real=0.05 secs] 
4395.388: [GC (Allocation Failure) [PSYoungGen: 420885K->98043K(465920K)] 1657645K->1405603K(1864192K), 0.0612156 secs] [Times: user=0.33 sys=0.00, real=0.06 secs] 
4396.727: [GC (Allocation Failure) [PSYoungGen: 331003K->170516K(465920K)] 1638563K->1509665K(1864192K), 0.0657869 secs] [Times: user=0.31 sys=0.00, real=0.07 secs] 
4396.793: [Full GC (Ergonomics) [PSYoungGen: 170516K->0K(465920K)] [ParOldGen: 1339148K->195402K(1398272K)] 1509665K->195402K(1864192K), [Metaspace: 60414K->60414K(1105920K)], 0.2185814 secs] [Times: user=1.03 sys=0.00, real=0.21 secs] 
4397.126: [GC (Allocation Failure) [PSYoungGen: 232960K->185718K(465920K)] 428362K->381121K(1864192K), 0.0339952 secs] [Times: user=0.14 sys=0.00, real=0.03 secs] 
4397.269: [GC (Allocation Failure) [PSYoungGen: 418678K->185079K(465920K)] 614081K->445290K(1864192K), 0.0441081 secs] [Times: user=0.20 sys=0.00, real=0.05 secs] 
4398.063: [GC (Allocation Failure) [PSYoungGen: 413353K->206547K(465920K)] 673564K->525462K(1864192K), 0.0545297 secs] [Times: user=0.27 sys=0.00, real=0.05 secs] 
4398.716: [GC (Allocation Failure) [PSYoungGen: 439507K->102460K(465920K)] 758422K->486287K(1864192K), 0.0617228 secs] [Times: user=0.32 sys=0.00, real=0.06 secs] 
4399.091: [GC (Allocation Failure) [PSYoungGen: 334112K->181046K(465920K)] 717939K->597666K(1864192K), 0.0349000 secs] [Times: user=0.14 sys=0.00, real=0.04 secs] 
4399.260: [GC (Allocation Failure) [PSYoungGen: 414006K->185302K(465920K)] 830626K->658094K(1864192K), 0.0484325 secs] [Times: user=0.22 sys=0.00, real=0.05 secs] 
4399.440: [GC (Allocation Failure) [PSYoungGen: 418262K->187413K(465920K)] 891054K->716245K(1864192K), 0.0460407 secs] [Times: user=0.21 sys=0.00, real=0.05 secs] 
4400.510: [GC (Allocation Failure) [PSYoungGen: 420373K->98427K(465920K)] 949205K->698028K(1864192K), 0.0577630 secs] [Times: user=0.30 sys=0.00, real=0.06 secs] 
4401.734: [GC (Allocation Failure) [PSYoungGen: 331387K->171380K(465920K)] 930988K->803001K(1864192K), 0.0631821 secs] [Times: user=0.29 sys=0.00, real=0.06 secs] 
4402.011: [GC (Allocation Failure) [PSYoungGen: 404340K->185238K(465920K)] 1035961K->869990K(1864192K), 0.0564160 secs] [Times: user=0.27 sys=0.00, real=0.06 secs] 
4402.184: [GC (Allocation Failure) [PSYoungGen: 418198K->185943K(465920K)] 1102950K->935363K(1864192K), 0.0505839 secs] [Times: user=0.23 sys=0.00, real=0.05 secs] 
4403.058: [GC (Allocation Failure) [PSYoungGen: 418903K->168659K(465920K)] 1168323K->977079K(1864192K), 0.0545718 secs] [Times: user=0.27 sys=0.00, real=0.05 secs] 
4404.265: [GC (Allocation Failure) [PSYoungGen: 401619K->105932K(465920K)] 1210039K->978905K(1864192K), 0.0989069 secs] [Times: user=0.52 sys=0.00, real=0.10 secs] 
4404.803: [GC (Allocation Failure) [PSYoungGen: 331447K->177109K(465920K)] 1204419K->1083914K(1864192K), 0.0457528 secs] [Times: user=0.20 sys=0.00, real=0.04 secs] 
4405.017: [GC (Allocation Failure) [PSYoungGen: 410069K->185110K(465920K)] 1316874K->1147087K(1864192K), 0.0621346 secs] [Times: user=0.30 sys=0.00, real=0.06 secs] 
4405.205: [GC (Allocation Failure) [PSYoungGen: 418070K->187861K(465920K)] 1380047K->1205966K(1864192K), 0.0459707 secs] [Times: user=0.22 sys=0.00, real=0.04 secs] 
4406.197: [GC (Allocation Failure) [PSYoungGen: 420821K->96699K(465920K)] 1438926K->1185573K(1864192K), 0.0454389 secs] [Times: user=0.24 sys=0.01, real=0.05 secs] 
4406.872: [GC (GCLocker Initiated GC) [PSYoungGen: 329659K->171220K(465920K)] 1418534K->1292079K(1864192K), 0.0651896 secs] [Times: user=0.31 sys=0.00, real=0.07 secs] 
4407.142: [GC (Allocation Failure) [PSYoungGen: 404180K->185430K(465920K)] 1525078K->1359699K(1864192K), 0.0549197 secs] [Times: user=0.26 sys=0.00, real=0.06 secs] 
4407.313: [GC (Allocation Failure) [PSYoungGen: 418390K->185815K(465920K)] 1592659K->1424549K(1864192K), 0.0532965 secs] [Times: user=0.25 sys=0.00, real=0.05 secs] 
4408.207: [GC (Allocation Failure) [PSYoungGen: 418775K->191727K(465920K)] 1657509K->1489444K(1864192K), 0.0523629 secs] [Times: user=0.25 sys=0.01, real=0.05 secs] 
4409.148: [GC (Allocation Failure) [PSYoungGen: 424687K->104828K(465920K)] 1722404K->1467754K(1864192K), 0.0940355 secs] [Times: user=0.50 sys=0.01, real=0.09 secs] 
4409.242: [Full GC (Ergonomics) [PSYoungGen: 104828K->0K(465920K)] [ParOldGen: 1362925K->122427K(1398272K)] 1467754K->122427K(1864192K), [Metaspace: 60414K->60414K(1105920K)], 0.1650403 secs] [Times: user=0.71 sys=0.00, real=0.17 secs] 
4410.030: [GC (Allocation Failure) [PSYoungGen: 231879K->179125K(465920K)] 354306K->301553K(1864192K), 0.0331699 secs] [Times: user=0.12 sys=0.00, real=0.04 secs] 
4410.197: [GC (Allocation Failure) [PSYoungGen: 412085K->185878K(465920K)] 534513K->364341K(1864192K), 0.0413868 secs] [Times: user=0.18 sys=0.00, real=0.04 secs] 
4410.352: [GC (Allocation Failure) [PSYoungGen: 418838K->187541K(465920K)] 597301K->422340K(1864192K), 0.0445538 secs] [Times: user=0.21 sys=0.00, real=0.05 secs] 
4411.428: [GC (Allocation Failure) [PSYoungGen: 420501K->101868K(465920K)] 655300K->407219K(1864192K), 0.0582368 secs] [Times: user=0.31 sys=0.00, real=0.06 secs] 
4412.621: [GC (Allocation Failure) [PSYoungGen: 334828K->171476K(465920K)] 640179K->509409K(1864192K), 0.0643559 secs] [Times: user=0.31 sys=0.00, real=0.07 secs] 
4412.832: [GC (Allocation Failure) [PSYoungGen: 404436K->185782K(465920K)] 742369K->577386K(1864192K), 0.0425635 secs] [Times: user=0.18 sys=0.00, real=0.05 secs] 
4413.014: [GC (Allocation Failure) [PSYoungGen: 418491K->179926K(465920K)] 810095K->636130K(1864192K), 0.0686475 secs] [Times: user=0.33 sys=0.00, real=0.07 secs] 
4413.981: [GC (Allocation Failure) [PSYoungGen: 412886K->169523K(465920K)] 869090K->682799K(1864192K), 0.0542666 secs] [Times: user=0.26 sys=0.00, real=0.06 secs] 
4414.596: [GC (Allocation Failure) [PSYoungGen: 402483K->108124K(465920K)] 915759K->686401K(1864192K), 0.1101229 secs] [Times: user=0.59 sys=0.00, real=0.11 secs] 
4415.053: [GC (Allocation Failure) [PSYoungGen: 336771K->175061K(465920K)] 915048K->787874K(1864192K), 0.0376125 secs] [Times: user=0.16 sys=0.00, real=0.03 secs] 
4415.202: [GC (Allocation Failure) [PSYoungGen: 408021K->185590K(465920K)] 1020834K->853071K(1864192K), 0.0428689 secs] [Times: user=0.19 sys=0.00, real=0.04 secs] 
4415.352: [GC (Allocation Failure) [PSYoungGen: 418550K->187541K(465920K)] 1086031K->911182K(1864192K), 0.0452280 secs] [Times: user=0.21 sys=0.00, real=0.04 secs] 
4416.351: [GC (Allocation Failure) [PSYoungGen: 420501K->101980K(465920K)] 1144142K->896237K(1864192K), 0.0444854 secs] [Times: user=0.23 sys=0.00, real=0.05 secs] 
4416.810: [GC (Allocation Failure) [PSYoungGen: 334940K->176565K(465920K)] 1129197K->1004201K(1864192K), 0.0402727 secs] [Times: user=0.18 sys=0.00, real=0.04 secs] 
4416.960: [GC (Allocation Failure) [PSYoungGen: 409525K->182389K(465920K)] 1237161K->1065233K(1864192K), 0.0433730 secs] [Times: user=0.20 sys=0.00, real=0.05 secs] 
4417.113: [GC (Allocation Failure) [PSYoungGen: 407645K->179126K(465920K)] 1290489K->1125742K(1864192K), 0.0484031 secs] [Times: user=0.22 sys=0.00, real=0.04 secs] 
4418.040: [GC (Allocation Failure) [PSYoungGen: 412086K->169843K(464896K)] 1358702K->1173507K(1863168K), 0.0542645 secs] [Times: user=0.27 sys=0.00, real=0.06 secs] 
4419.273: [GC (Allocation Failure) [PSYoungGen: 402803K->109565K(465408K)] 1406467K->1178397K(1863680K), 0.0977151 secs] [Times: user=0.52 sys=0.00, real=0.09 secs] 
4419.648: [GC (Allocation Failure) [PSYoungGen: 342525K->179925K(465920K)] 1411357K->1283926K(1864192K), 0.0403766 secs] [Times: user=0.18 sys=0.00, real=0.04 secs] 
4419.803: [GC (Allocation Failure) [PSYoungGen: 412885K->185207K(465920K)] 1516886K->1351816K(1864192K), 0.0496655 secs] [Times: user=0.23 sys=0.00, real=0.05 secs] 
4419.962: [GC (Allocation Failure) [PSYoungGen: 418167K->186837K(465920K)] 1584776K->1412222K(1864192K), 0.0575218 secs] [Times: user=0.28 sys=0.00, real=0.06 secs] 
4422.055: [GC (Allocation Failure) [PSYoungGen: 419797K->89178K(465920K)] 1645182K->1384963K(1864192K), 0.1221081 secs] [Times: user=0.68 sys=0.00, real=0.12 secs] 
4422.874: [GC (Allocation Failure) [PSYoungGen: 322138K->176053K(465920K)] 1617923K->1501875K(1864192K), 0.0574783 secs] [Times: user=0.26 sys=0.00, real=0.05 secs] 
4422.932: [Full GC (Ergonomics) [PSYoungGen: 176053K->0K(465920K)] [ParOldGen: 1325822K->201995K(1398272K)] 1501875K->201995K(1864192K), [Metaspace: 60414K->60414K(1105920K)], 0.2212911 secs] [Times: user=1.05 sys=0.00, real=0.23 secs] 
4423.355: [GC (Allocation Failure) [PSYoungGen: 232960K->184598K(465920K)] 434955K->386594K(1864192K), 0.0312936 secs] [Times: user=0.12 sys=0.01, real=0.03 secs] 
4423.558: [GC (Allocation Failure) [PSYoungGen: 412498K->181270K(465920K)] 614494K->447570K(1864192K), 0.0672203 secs] [Times: user=0.32 sys=0.00, real=0.07 secs] 
4424.497: [GC (Allocation Failure) [PSYoungGen: 414230K->168402K(465920K)] 680530K->492207K(1864192K), 0.0539756 secs] [Times: user=0.26 sys=0.00, real=0.05 secs] 
4425.125: [GC (Allocation Failure) [PSYoungGen: 401362K->110093K(465920K)] 725167K->498265K(1864192K), 0.1148609 secs] [Times: user=0.62 sys=0.01, real=0.11 secs] 
4425.601: [GC (Allocation Failure) [PSYoungGen: 343053K->179957K(465920K)] 731225K->603786K(1864192K), 0.0426525 secs] [Times: user=0.19 sys=0.00, real=0.05 secs] 
4425.782: [GC (Allocation Failure) [PSYoungGen: 412917K->185367K(465920K)] 836746K->672000K(1864192K), 0.0699604 secs] [Times: user=0.35 sys=0.00, real=0.07 secs] 
4425.985: [GC (Allocation Failure) [PSYoungGen: 418327K->184052K(465920K)] 904960K->729550K(1864192K), 0.0578557 secs] [Times: user=0.28 sys=0.00, real=0.06 secs] 
4427.235: [GC (Allocation Failure) [PSYoungGen: 417012K->97899K(465920K)] 962510K->712817K(1864192K), 0.0716320 secs] [Times: user=0.39 sys=0.00, real=0.07 secs] 
4428.328: [GC (GCLocker Initiated GC) [PSYoungGen: 330859K->170164K(465920K)] 945777K->816518K(1864192K), 0.0650889 secs] [Times: user=0.31 sys=0.01, real=0.07 secs] 
4428.547: [GC (Allocation Failure) [PSYoungGen: 403124K->184598K(465920K)] 1049609K->884399K(1864192K), 0.0426104 secs] [Times: user=0.19 sys=0.00, real=0.04 secs] 
4428.724: [GC (Allocation Failure) [PSYoungGen: 412089K->181014K(465920K)] 1111890K->945071K(1864192K), 0.0671093 secs] [Times: user=0.33 sys=0.00, real=0.06 secs] 
4429.658: [GC (Allocation Failure) [PSYoungGen: 413974K->167922K(464896K)] 1178031K->989280K(1863168K), 0.0548673 secs] [Times: user=0.27 sys=0.00, real=0.06 secs] 
4430.795: [GC (Allocation Failure) [PSYoungGen: 400882K->109677K(465408K)] 1222240K->995458K(1863680K), 0.1234250 secs] [Times: user=0.67 sys=0.00, real=0.12 secs] 
4431.239: [GC (Allocation Failure) [PSYoungGen: 342637K->177781K(465920K)] 1228418K->1098691K(1864192K), 0.0469414 secs] [Times: user=0.21 sys=0.00, real=0.05 secs] 
4431.445: [GC (Allocation Failure) [PSYoungGen: 410741K->181782K(465920K)] 1331651K->1165100K(1864192K), 0.0753425 secs] [Times: user=0.38 sys=0.00, real=0.07 secs] 
4431.641: [GC (Allocation Failure) [PSYoungGen: 414742K->187669K(465920K)] 1398060K->1228771K(1864192K), 0.0580995 secs] [Times: user=0.29 sys=0.00, real=0.06 secs] 
4432.681: [GC (Allocation Failure) [PSYoungGen: 420629K->101356K(465920K)] 1461731K->1213210K(1864192K), 0.0630141 secs] [Times: user=0.34 sys=0.00, real=0.07 secs] 
4433.329: [GC (Allocation Failure) [PSYoungGen: 334316K->172884K(465920K)] 1446170K->1317159K(1864192K), 0.0670507 secs] [Times: user=0.32 sys=0.00, real=0.07 secs] 
4433.547: [GC (Allocation Failure) [PSYoungGen: 405844K->182357K(465920K)] 1550119K->1380748K(1864192K), 0.0443988 secs] [Times: user=0.21 sys=0.00, real=0.04 secs] 
4433.701: [GC (Allocation Failure) [PSYoungGen: 409479K->180374K(465920K)] 1607870K->1442437K(1864192K), 0.0507851 secs] [Times: user=0.24 sys=0.00, real=0.05 secs] 
4434.619: [GC (Allocation Failure) [PSYoungGen: 413334K->168114K(401408K)] 1675397K->1487410K(1799680K), 0.0593887 secs] [Times: user=0.31 sys=0.00, real=0.06 secs] 
4434.678: [Full GC (Ergonomics) [PSYoungGen: 168114K->0K(401408K)] [ParOldGen: 1319295K->357796K(1398272K)] 1487410K->357796K(1799680K), [Metaspace: 60414K->60414K(1105920K)], 0.5839226 secs] [Times: user=2.51 sys=0.00, real=0.58 secs] 
4436.217: [GC (Allocation Failure) [PSYoungGen: 232960K->110557K(461824K)] 590756K->468354K(1860096K), 0.0463374 secs] [Times: user=0.17 sys=0.00, real=0.05 secs] 
4436.684: [GC (Allocation Failure) [PSYoungGen: 341469K->178453K(463872K)] 699266K->571979K(1862144K), 0.0466690 secs] [Times: user=0.21 sys=0.00, real=0.04 secs] 
4436.847: [GC (GCLocker Initiated GC) [PSYoungGen: 409365K->182198K(465920K)] 802891K->637828K(1864192K), 0.0486668 secs] [Times: user=0.22 sys=0.01, real=0.05 secs] 
4437.000: [GC (Allocation Failure) [PSYoungGen: 415158K->182484K(465920K)] 870919K->696061K(1864192K), 0.0562405 secs] [Times: user=0.28 sys=0.00, real=0.06 secs] 
4438.174: [GC (Allocation Failure) [PSYoungGen: 415444K->103756K(465920K)] 929021K->686693K(1864192K), 0.0602812 secs] [Times: user=0.32 sys=0.00, real=0.06 secs] 
4438.996: [GC (Allocation Failure) [PSYoungGen: 336716K->175925K(465920K)] 919653K->791971K(1864192K), 0.0591681 secs] [Times: user=0.28 sys=0.00, real=0.06 secs] 
4439.189: [GC (Allocation Failure) [PSYoungGen: 408885K->182645K(465920K)] 1024931K->853695K(1864192K), 0.0425326 secs] [Times: user=0.20 sys=0.00, real=0.04 secs] 
4439.339: [GC (Allocation Failure) [PSYoungGen: 407041K->176758K(465920K)] 1078091K->911592K(1864192K), 0.0481611 secs] [Times: user=0.23 sys=0.00, real=0.05 secs] 
4440.138: [GC (Allocation Failure) [PSYoungGen: 405299K->205651K(465920K)] 1140134K->996749K(1864192K), 0.0533357 secs] [Times: user=0.27 sys=0.00, real=0.05 secs] 
4440.710: [GC (Allocation Failure) [PSYoungGen: 438611K->105436K(465920K)] 1229709K->961078K(1864192K), 0.0543976 secs] [Times: user=0.29 sys=0.00, real=0.06 secs] 
4440.977: [GC (Allocation Failure) [PSYoungGen: 336745K->177813K(465920K)] 1192387K->1067116K(1864192K), 0.0349166 secs] [Times: user=0.15 sys=0.00, real=0.03 secs] 
4441.123: [GC (Allocation Failure) [PSYoungGen: 410773K->185110K(465920K)] 1300076K->1130061K(1864192K), 0.0434371 secs] [Times: user=0.20 sys=0.00, real=0.04 secs] 
4441.296: [GC (Allocation Failure) [PSYoungGen: 418070K->187413K(465920K)] 1363021K->1188460K(1864192K), 0.0587105 secs] [Times: user=0.29 sys=0.00, real=0.06 secs] 
4442.456: [GC (Allocation Failure) [PSYoungGen: 420373K->102540K(465920K)] 1421420K->1174147K(1864192K), 0.0595688 secs] [Times: user=0.32 sys=0.00, real=0.06 secs] 
4443.665: [GC (Allocation Failure) [PSYoungGen: 335500K->175988K(465920K)] 1407107K->1280224K(1864192K), 0.0762084 secs] [Times: user=0.38 sys=0.00, real=0.07 secs] 
4443.946: [GC (Allocation Failure) [PSYoungGen: 408948K->182421K(465920K)] 1513184K->1340649K(1864192K), 0.0582306 secs] [Times: user=0.28 sys=0.00, real=0.06 secs] 
4444.121: [GC (Allocation Failure) [PSYoungGen: 414806K->184759K(465920K)] 1573034K->1406763K(1864192K), 0.0501039 secs] [Times: user=0.23 sys=0.00, real=0.05 secs] 
4445.091: [GC (Allocation Failure) [PSYoungGen: 417719K->169203K(465920K)] 1639723K->1449815K(1864192K), 0.0580732 secs] [Times: user=0.29 sys=0.00, real=0.06 secs] 
4445.990: [GC (GCLocker Initiated GC) [PSYoungGen: 402163K->112461K(465920K)] 1682775K->1457897K(1864192K), 0.0901830 secs] [Times: user=0.48 sys=0.01, real=0.09 secs] 
4446.081: [Full GC (Ergonomics) [PSYoungGen: 112461K->0K(465920K)] [ParOldGen: 1345436K->129227K(1398272K)] 1457897K->129227K(1864192K), [Metaspace: 60414K->60414K(1105920K)], 0.1776614 secs] [Times: user=0.77 sys=0.00, real=0.18 secs] 
4446.505: [GC (Allocation Failure) [PSYoungGen: 232960K->177301K(465920K)] 362318K->306659K(1864192K), 0.0259352 secs] [Times: user=0.09 sys=0.00, real=0.02 secs] 
4446.645: [GC (Allocation Failure) [PSYoungGen: 410261K->185271K(465920K)] 539619K->376821K(1864192K), 0.0470419 secs] [Times: user=0.21 sys=0.00, real=0.05 secs] 
4446.801: [GC (Allocation Failure) [PSYoungGen: 418231K->187253K(465920K)] 609781K->437644K(1864192K), 0.0570385 secs] [Times: user=0.28 sys=0.01, real=0.06 secs] 
4447.819: [GC (Allocation Failure) [PSYoungGen: 420213K->95339K(465920K)] 670604K->416230K(1864192K), 0.0455091 secs] [Times: user=0.24 sys=0.00, real=0.05 secs] 
4448.231: [GC (Allocation Failure) [PSYoungGen: 328299K->176213K(465920K)] 649190K->528064K(1864192K), 0.0370280 secs] [Times: user=0.16 sys=0.00, real=0.04 secs] 
4448.410: [GC (Allocation Failure) [PSYoungGen: 409173K->182325K(465920K)] 761024K->589449K(1864192K), 0.0525799 secs] [Times: user=0.24 sys=0.01, real=0.06 secs] 
4448.594: [GC (Allocation Failure) [PSYoungGen: 406070K->175509K(465920K)] 813194K->646393K(1864192K), 0.0628261 secs] [Times: user=0.31 sys=0.00, real=0.06 secs] 
4449.504: [GC (Allocation Failure) [PSYoungGen: 408469K->169619K(463872K)] 879353K->696134K(1862144K), 0.0531482 secs] [Times: user=0.26 sys=0.00, real=0.05 secs] 
4450.765: [GC (Allocation Failure) [PSYoungGen: 402579K->106012K(464896K)] 929094K->697372K(1863168K), 0.1142432 secs] [Times: user=0.61 sys=0.01, real=0.11 secs] 
4451.252: [GC (Allocation Failure) [PSYoungGen: 334203K->177333K(465920K)] 925563K->802446K(1864192K), 0.0384350 secs] [Times: user=0.16 sys=0.00, real=0.04 secs] 
4451.431: [GC (Allocation Failure) [PSYoungGen: 410293K->185494K(465920K)] 1035406K->865890K(1864192K), 0.0493665 secs] [Times: user=0.24 sys=0.00, real=0.05 secs] 
4451.613: [GC (Allocation Failure) [PSYoungGen: 418454K->187861K(465920K)] 1098850K->924562K(1864192K), 0.0483592 secs] [Times: user=0.23 sys=0.00, real=0.04 secs] 
4452.906: [GC (Allocation Failure) [PSYoungGen: 420821K->99500K(465920K)] 1157522K->906840K(1864192K), 0.1069884 secs] [Times: user=0.59 sys=0.00, real=0.11 secs] 
4454.290: [GC (Allocation Failure) [PSYoungGen: 332460K->171828K(465920K)] 1139800K->1011230K(1864192K), 0.0721046 secs] [Times: user=0.35 sys=0.01, real=0.07 secs] 
4454.532: [GC (Allocation Failure) [PSYoungGen: 404788K->185334K(465920K)] 1244190K->1078763K(1864192K), 0.0452465 secs] [Times: user=0.21 sys=0.01, real=0.05 secs] 
4454.689: [GC (Allocation Failure) [PSYoungGen: 418294K->183350K(465920K)] 1311723K->1141276K(1864192K), 0.0556960 secs] [Times: user=0.23 sys=0.00, real=0.06 secs] 
4455.664: [GC (Allocation Failure) [PSYoungGen: 416310K->169171K(465920K)] 1374236K->1185336K(1864192K), 0.0605605 secs] [Times: user=0.31 sys=0.00, real=0.06 secs] 
4456.328: [GC (Allocation Failure) [PSYoungGen: 402131K->108316K(465920K)] 1418296K->1189118K(1864192K), 0.1165111 secs] [Times: user=0.64 sys=0.00, real=0.12 secs] 
4456.817: [GC (Allocation Failure) [PSYoungGen: 336816K->175285K(465920K)] 1417618K->1290407K(1864192K), 0.0462840 secs] [Times: user=0.20 sys=0.00, real=0.05 secs] 
4457.019: [GC (Allocation Failure) [PSYoungGen: 408245K->185398K(465920K)] 1523367K->1355356K(1864192K), 0.0568166 secs] [Times: user=0.28 sys=0.00, real=0.06 secs] 
4457.196: [GC (Allocation Failure) [PSYoungGen: 418358K->187637K(465920K)] 1588316K->1413860K(1864192K), 0.0470838 secs] [Times: user=0.22 sys=0.00, real=0.05 secs] 
4458.270: [GC (Allocation Failure) [PSYoungGen: 420597K->101484K(465920K)] 1646820K->1398511K(1864192K), 0.0637248 secs] [Times: user=0.34 sys=0.00, real=0.07 secs] 
4459.253: [GC (Allocation Failure) [PSYoungGen: 334444K->169140K(465920K)] 1631471K->1498460K(1864192K), 0.0789911 secs] [Times: user=0.38 sys=0.00, real=0.07 secs] 
4459.332: [Full GC (Ergonomics) [PSYoungGen: 169140K->0K(465920K)] [ParOldGen: 1329319K->194088K(1398272K)] 1498460K->194088K(1864192K), [Metaspace: 60414K->60414K(1105920K)], 0.2244964 secs] [Times: user=1.07 sys=0.00, real=0.23 secs] 
4459.670: [GC (Allocation Failure) [PSYoungGen: 232960K->185398K(465920K)] 427048K->379486K(1864192K), 0.0335845 secs] [Times: user=0.14 sys=0.00, real=0.04 secs] 
4459.817: [GC (Allocation Failure) [PSYoungGen: 417813K->184599K(465920K)] 611901K->443071K(1864192K), 0.0435352 secs] [Times: user=0.20 sys=0.00, real=0.04 secs] 
4460.708: [GC (Allocation Failure) [PSYoungGen: 417559K->169491K(465920K)] 676031K->486683K(1864192K), 0.0532883 secs] [Times: user=0.27 sys=0.00, real=0.05 secs] 
4461.561: [GC (Allocation Failure) [PSYoungGen: 402451K->112509K(465920K)] 719643K->494478K(1864192K), 0.0681449 secs] [Times: user=0.36 sys=0.00, real=0.07 secs] 
4462.127: [GC (Allocation Failure) [PSYoungGen: 345469K->177237K(465920K)] 727438K->595558K(1864192K), 0.0464773 secs] [Times: user=0.20 sys=0.00, real=0.05 secs] 
4462.293: [GC (Allocation Failure) [PSYoungGen: 410197K->185367K(465920K)] 828518K->665804K(1864192K), 0.0490777 secs] [Times: user=0.22 sys=0.00, real=0.04 secs] 
4462.448: [GC (Allocation Failure) [PSYoungGen: 418327K->184052K(465920K)] 898764K->723426K(1864192K), 0.0581774 secs] [Times: user=0.29 sys=0.00, real=0.06 secs] 
4463.527: [GC (Allocation Failure) [PSYoungGen: 417012K->104684K(465920K)] 956386K->713354K(1864192K), 0.0489251 secs] [Times: user=0.26 sys=0.00, real=0.05 secs] 
4464.099: [GC (Allocation Failure) [PSYoungGen: 337644K->173973K(465920K)] 946314K->816987K(1864192K), 0.0470377 secs] [Times: user=0.20 sys=0.01, real=0.05 secs] 
4464.271: [GC (Allocation Failure) [PSYoungGen: 406933K->184790K(465920K)] 1049947K->882316K(1864192K), 0.0430545 secs] [Times: user=0.19 sys=0.00, real=0.05 secs] 
4464.417: [GC (Allocation Failure) [PSYoungGen: 405809K->169813K(464896K)] 1103336K->931699K(1863168K), 0.0474941 secs] [Times: user=0.23 sys=0.00, real=0.05 secs] 
4465.557: [GC (Allocation Failure) [PSYoungGen: 402773K->168787K(401920K)] 1164659K->984409K(1800192K), 0.0547280 secs] [Times: user=0.28 sys=0.00, real=0.05 secs] 
4466.081: [GC (GCLocker Initiated GC) [PSYoungGen: 401747K->109197K(458752K)] 1217369K->989507K(1857024K), 0.0938542 secs] [Times: user=0.50 sys=0.00, real=0.10 secs] 
4466.499: [GC (Allocation Failure) [PSYoungGen: 340621K->174005K(461824K)] 1229254K->1097616K(1860096K), 0.1394294 secs] [Times: user=0.77 sys=0.00, real=0.14 secs] 
4466.750: [GC (Allocation Failure) [PSYoungGen: 405429K->180854K(467968K)] 1329040K->1159769K(1866240K), 0.1549879 secs] [Times: user=0.87 sys=0.00, real=0.16 secs] 
4467.017: [GC (Allocation Failure) [PSYoungGen: 420470K->193078K(433152K)] 1399385K->1229568K(1831424K), 0.0591721 secs] [Times: user=0.29 sys=0.00, real=0.06 secs] 
4468.257: [GC (Allocation Failure) [PSYoungGen: 432672K->104428K(465920K)] 1469163K->1213455K(1864192K), 0.0517192 secs] [Times: user=0.27 sys=0.01, real=0.05 secs] 
4468.841: [GC (Allocation Failure) [PSYoungGen: 337388K->176245K(465920K)] 1446415K->1319048K(1864192K), 0.0364895 secs] [Times: user=0.16 sys=0.00, real=0.04 secs] 
4469.048: [GC (Allocation Failure) [PSYoungGen: 409166K->184982K(465920K)] 1551969K->1383160K(1864192K), 0.0683394 secs] [Times: user=0.32 sys=0.00, real=0.07 secs] 
4469.255: [GC (Allocation Failure) [PSYoungGen: 417852K->184212K(465920K)] 1616031K->1438511K(1864192K), 0.0466603 secs] [Times: user=0.22 sys=0.00, real=0.04 secs] 
4470.238: [GC (Allocation Failure) [PSYoungGen: 417172K->147314K(465920K)] 1671471K->1471125K(1864192K), 0.0519388 secs] [Times: user=0.26 sys=0.00, real=0.05 secs] 
4470.290: [Full GC (Ergonomics) [PSYoungGen: 147314K->0K(465920K)] [ParOldGen: 1323810K->354893K(1398272K)] 1471125K->354893K(1864192K), [Metaspace: 60414K->60414K(1105920K)], 0.5690557 secs] [Times: user=2.47 sys=0.00, real=0.57 secs] 
4471.881: [GC (Allocation Failure) [PSYoungGen: 232960K->128575K(361984K)] 587853K->483469K(1760256K), 0.0409848 secs] [Times: user=0.15 sys=0.00, real=0.04 secs] 
4472.165: [GC (Allocation Failure) [PSYoungGen: 361535K->179733K(465408K)] 716429K->576036K(1863680K), 0.0492116 secs] [Times: user=0.23 sys=0.00, real=0.05 secs] 
4472.395: [GC (Allocation Failure) [PSYoungGen: 412693K->185751K(465408K)] 808996K->644397K(1863680K), 0.0692445 secs] [Times: user=0.34 sys=0.00, real=0.07 secs] 
4472.576: [GC (Allocation Failure) [PSYoungGen: 418711K->187477K(465920K)] 877357K->705139K(1864192K), 0.0562979 secs] [Times: user=0.28 sys=0.00, real=0.05 secs] 
4473.574: [GC (Allocation Failure) [PSYoungGen: 420437K->95147K(465920K)] 938099K->683506K(1864192K), 0.0439271 secs] [Times: user=0.22 sys=0.00, real=0.04 secs] 
4474.341: [GC (Allocation Failure) [PSYoungGen: 328107K->174677K(465920K)] 916466K->793572K(1864192K), 0.0498940 secs] [Times: user=0.22 sys=0.00, real=0.05 secs] 
4474.535: [GC (Allocation Failure) [PSYoungGen: 407637K->185526K(465920K)] 1026532K->859057K(1864192K), 0.0451163 secs] [Times: user=0.20 sys=0.00, real=0.04 secs] 
4474.685: [GC (Allocation Failure) [PSYoungGen: 418486K->187893K(465920K)] 1092017K->917649K(1864192K), 0.0455136 secs] [Times: user=0.21 sys=0.00, real=0.04 secs] 
4475.688: [GC (Allocation Failure) [PSYoungGen: 420853K->135952K(465920K)] 1150609K->936500K(1864192K), 0.0489844 secs] [Times: user=0.24 sys=0.00, real=0.05 secs] 
4477.080: [GC (Allocation Failure) [PSYoungGen: 368912K->137184K(465920K)] 1169460K->980852K(1864192K), 0.1754574 secs] [Times: user=0.99 sys=0.00, real=0.18 secs] 
4477.456: [GC (Allocation Failure) [PSYoungGen: 370144K->179669K(465920K)] 1213812K->1067401K(1864192K), 0.0391953 secs] [Times: user=0.17 sys=0.00, real=0.04 secs] 
4477.659: [GC (Allocation Failure) [PSYoungGen: 412629K->185655K(465920K)] 1300361K->1136099K(1864192K), 0.0636865 secs] [Times: user=0.32 sys=0.00, real=0.07 secs] 
4477.853: [GC (Allocation Failure) [PSYoungGen: 418535K->187349K(465920K)] 1368980K->1196865K(1864192K), 0.0587300 secs] [Times: user=0.29 sys=0.00, real=0.05 secs] 
4479.341: [GC (Allocation Failure) [PSYoungGen: 420309K->94251K(465920K)] 1429825K->1174464K(1864192K), 0.1176236 secs] [Times: user=0.65 sys=0.01, real=0.12 secs] 
4480.422: [GC (Allocation Failure) [PSYoungGen: 327211K->175445K(465920K)] 1407424K->1286330K(1864192K), 0.0489552 secs] [Times: user=0.21 sys=0.01, real=0.05 secs] 
4480.607: [GC (Allocation Failure) [PSYoungGen: 408405K->185622K(465920K)] 1519290K->1351039K(1864192K), 0.0440840 secs] [Times: user=0.20 sys=0.00, real=0.04 secs] 
4480.782: [GC (Allocation Failure) [PSYoungGen: 418582K->187797K(465920K)] 1583999K->1409711K(1864192K), 0.0507907 secs] [Times: user=0.24 sys=0.00, real=0.06 secs] 
4481.779: [GC (Allocation Failure) [PSYoungGen: 420757K->128111K(465920K)] 1642671K->1420857K(1864192K), 0.0496196 secs] [Times: user=0.25 sys=0.00, real=0.05 secs] 
4482.817: [GC (Allocation Failure) [PSYoungGen: 361071K->141585K(465920K)] 1653817K->1474882K(1864192K), 0.1446588 secs] [Times: user=0.80 sys=0.00, real=0.14 secs] 
4482.962: [Full GC (Ergonomics) [PSYoungGen: 141585K->0K(465920K)] [ParOldGen: 1333297K->158851K(1398272K)] 1474882K->158851K(1864192K), [Metaspace: 60414K->60414K(1105920K)], 0.1806032 secs] [Times: user=0.84 sys=0.00, real=0.19 secs] 
4483.276: [GC (Allocation Failure) [PSYoungGen: 232960K->179701K(465920K)] 391811K->338553K(1864192K), 0.0252706 secs] [Times: user=0.09 sys=0.00, real=0.02 secs] 
4483.421: [GC (Allocation Failure) [PSYoungGen: 412661K->185975K(465920K)] 571513K->407386K(1864192K), 0.0487999 secs] [Times: user=0.22 sys=0.00, real=0.05 secs] 
4483.575: [GC (Allocation Failure) [PSYoungGen: 418935K->184821K(465920K)] 640346K->465288K(1864192K), 0.0556121 secs] [Times: user=0.28 sys=0.00, real=0.05 secs] 
4485.151: [GC (Allocation Failure) [PSYoungGen: 417781K->95643K(465920K)] 698248K->445919K(1864192K), 0.1069863 secs] [Times: user=0.58 sys=0.01, real=0.11 secs] 
4486.454: [GC (Allocation Failure) [PSYoungGen: 328603K->174869K(465920K)] 678879K->555785K(1864192K), 0.0479562 secs] [Times: user=0.21 sys=0.00, real=0.04 secs] 
4486.641: [GC (Allocation Failure) [PSYoungGen: 407829K->185462K(465920K)] 788745K->620918K(1864192K), 0.0430221 secs] [Times: user=0.19 sys=0.00, real=0.05 secs] 
4486.789: [GC (Allocation Failure) [PSYoungGen: 418422K->187957K(465920K)] 853878K->679702K(1864192K), 0.0456498 secs] [Times: user=0.21 sys=0.00, real=0.05 secs] 
4487.756: [GC (Allocation Failure) [PSYoungGen: 420917K->126287K(465920K)] 912662K->688728K(1864192K), 0.0480501 secs] [Times: user=0.25 sys=0.00, real=0.05 secs] 
4489.145: [GC (Allocation Failure) [PSYoungGen: 359247K->143889K(465920K)] 921688K->746329K(1864192K), 0.1151774 secs] [Times: user=0.62 sys=0.00, real=0.11 secs] 
4489.405: [GC (Allocation Failure) [PSYoungGen: 376849K->183765K(465920K)] 979289K->832038K(1864192K), 0.0402023 secs] [Times: user=0.18 sys=0.00, real=0.04 secs] 
4489.558: [GC (Allocation Failure) [PSYoungGen: 416725K->185687K(465920K)] 1064998K->897764K(1864192K), 0.0501478 secs] [Times: user=0.23 sys=0.00, real=0.05 secs] 
4489.713: [GC (Allocation Failure) [PSYoungGen: 418647K->187605K(465920K)] 1130724K->958698K(1864192K), 0.0577519 secs] [Times: user=0.29 sys=0.00, real=0.05 secs] 
4490.859: [GC (Allocation Failure) [PSYoungGen: 420565K->96603K(465920K)] 1191658K->938408K(1864192K), 0.0633882 secs] [Times: user=0.34 sys=0.00, real=0.06 secs] 
4491.508: [GC (Allocation Failure) [PSYoungGen: 329563K->172660K(465920K)] 1171368K->1045454K(1864192K), 0.0440729 secs] [Times: user=0.20 sys=0.00, real=0.04 secs] 
4491.730: [GC (Allocation Failure) [PSYoungGen: 405620K->185302K(465920K)] 1278414K->1112348K(1864192K), 0.0645162 secs] [Times: user=0.31 sys=0.00, real=0.07 secs] 
4491.975: [GC (Allocation Failure) [PSYoungGen: 418262K->184597K(465920K)] 1345308K->1167763K(1864192K), 0.0610833 secs] [Times: user=0.30 sys=0.00, real=0.06 secs] 
4493.081: [GC (Allocation Failure) [PSYoungGen: 417557K->123791K(465920K)] 1400723K->1176581K(1864192K), 0.0482073 secs] [Times: user=0.25 sys=0.00, real=0.05 secs] 
4494.245: [GC (GCLocker Initiated GC) [PSYoungGen: 356751K->150898K(465920K)] 1409541K->1242972K(1864192K), 0.1436528 secs] [Times: user=0.77 sys=0.00, real=0.14 secs] 
4494.576: [GC (Allocation Failure) [PSYoungGen: 383858K->179605K(465920K)] 1476226K->1319478K(1864192K), 0.0415559 secs] [Times: user=0.19 sys=0.00, real=0.04 secs] 
4494.731: [GC (Allocation Failure) [PSYoungGen: 412565K->185975K(465920K)] 1552438K->1388960K(1864192K), 0.0519566 secs] [Times: user=0.24 sys=0.00, real=0.06 secs] 
4494.919: [GC (Allocation Failure) [PSYoungGen: 418935K->187765K(465920K)] 1621920K->1449711K(1864192K), 0.0806125 secs] [Times: user=0.41 sys=0.00, real=0.08 secs] 
4496.369: [GC (Allocation Failure) [PSYoungGen: 419844K->98619K(465920K)] 1681789K->1431405K(1864192K), 0.1118078 secs] [Times: user=0.61 sys=0.01, real=0.11 secs] 
4496.481: [Full GC (Ergonomics) [PSYoungGen: 98619K->0K(465920K)] [ParOldGen: 1332785K->107977K(1398272K)] 1431405K->107977K(1864192K), [Metaspace: 60414K->60414K(1105920K)], 0.1423931 secs] [Times: user=0.59 sys=0.00, real=0.15 secs] 
4497.209: [GC (Allocation Failure) [PSYoungGen: 232960K->176469K(465920K)] 340937K->284446K(1864192K), 0.0314117 secs] [Times: user=0.11 sys=0.00, real=0.03 secs] 
4497.424: [GC (Allocation Failure) [PSYoungGen: 409429K->185334K(465920K)] 517406K->348731K(1864192K), 0.0645186 secs] [Times: user=0.31 sys=0.00, real=0.06 secs] 
4497.613: [GC (Allocation Failure) [PSYoungGen: 418294K->184468K(465920K)] 581691K->404082K(1864192K), 0.0448160 secs] [Times: user=0.20 sys=0.01, real=0.04 secs] 
4498.588: [GC (Allocation Failure) [PSYoungGen: 417428K->116718K(465920K)] 637042K->406099K(1864192K), 0.0460490 secs] [Times: user=0.23 sys=0.00, real=0.05 secs] 
4499.171: [GC (Allocation Failure) [PSYoungGen: 349678K->157074K(465920K)] 639059K->483884K(1864192K), 0.1044557 secs] [Times: user=0.55 sys=0.00, real=0.11 secs] 
4499.475: [GC (Allocation Failure) [PSYoungGen: 390034K->185238K(465920K)] 716844K->561516K(1864192K), 0.0435706 secs] [Times: user=0.20 sys=0.00, real=0.04 secs] 
4499.630: [GC (Allocation Failure) [PSYoungGen: 418198K->185623K(465920K)] 794476K->626117K(1864192K), 0.0495694 secs] [Times: user=0.23 sys=0.00, real=0.05 secs] 
4499.785: [GC (Allocation Failure) [PSYoungGen: 418583K->187829K(465920K)] 859077K->687123K(1864192K), 0.0560463 secs] [Times: user=0.27 sys=0.00, real=0.05 secs] 
4500.921: [GC (Allocation Failure) [PSYoungGen: 420789K->89146K(465920K)] 920083K->659352K(1864192K), 0.0651192 secs] [Times: user=0.35 sys=0.00, real=0.07 secs] 
4501.440: [GC (Allocation Failure) [PSYoungGen: 322106K->177525K(465920K)] 892312K->776387K(1864192K), 0.0468236 secs] [Times: user=0.20 sys=0.00, real=0.05 secs] 
4501.668: [GC (Allocation Failure) [PSYoungGen: 410485K->185238K(465920K)] 1009347K->839716K(1864192K), 0.0599239 secs] [Times: user=0.29 sys=0.01, real=0.06 secs] 
4501.840: [GC (Allocation Failure) [PSYoungGen: 418174K->187477K(465920K)] 1072652K->898143K(1864192K), 0.0467636 secs] [Times: user=0.22 sys=0.00, real=0.05 secs] 
4502.818: [GC (Allocation Failure) [PSYoungGen: 420437K->110781K(465920K)] 1131103K->892040K(1864192K), 0.0473180 secs] [Times: user=0.24 sys=0.00, real=0.05 secs] 
4504.200: [GC (Allocation Failure) [PSYoungGen: 343741K->159539K(465920K)] 1125000K->976378K(1864192K), 0.1202189 secs] [Times: user=0.64 sys=0.00, real=0.12 secs] 
4504.501: [GC (Allocation Failure) [PSYoungGen: 392499K->182613K(465920K)] 1209338K->1049361K(1864192K), 0.0416230 secs] [Times: user=0.19 sys=0.00, real=0.05 secs] 
4504.685: [GC (Allocation Failure) [PSYoungGen: 415573K->185879K(465920K)] 1282321K->1116298K(1864192K), 0.0715840 secs] [Times: user=0.35 sys=0.00, real=0.07 secs] 
4504.891: [GC (Allocation Failure) [PSYoungGen: 418839K->187541K(465920K)] 1349258K->1177072K(1864192K), 0.0555838 secs] [Times: user=0.27 sys=0.00, real=0.06 secs] 
4505.947: [GC (Allocation Failure) [PSYoungGen: 420501K->95771K(465920K)] 1410032K->1156014K(1864192K), 0.0541188 secs] [Times: user=0.27 sys=0.00, real=0.05 secs] 
4506.384: [GC (Allocation Failure) [PSYoungGen: 328731K->180149K(465920K)] 1388974K->1270534K(1864192K), 0.0564404 secs] [Times: user=0.25 sys=0.00, real=0.05 secs] 
4506.599: [GC (Allocation Failure) [PSYoungGen: 413109K->182389K(465920K)] 1503494K->1328874K(1864192K), 0.0441586 secs] [Times: user=0.20 sys=0.00, real=0.05 secs] 
4506.751: [GC (Allocation Failure) [PSYoungGen: 415349K->187221K(465920K)] 1561834K->1389049K(1864192K), 0.0462299 secs] [Times: user=0.21 sys=0.00, real=0.05 secs] 
4507.839: [GC (GCLocker Initiated GC) [PSYoungGen: 420181K->107421K(465920K)] 1622009K->1379745K(1864192K), 0.0476924 secs] [Times: user=0.25 sys=0.01, real=0.05 secs] 
4508.347: [GC (Allocation Failure) [PSYoungGen: 340381K->169716K(465920K)] 1612708K->1477029K(1864192K), 0.0772659 secs] [Times: user=0.39 sys=0.00, real=0.08 secs] 
4508.572: [GC (Allocation Failure) [PSYoungGen: 402568K->185078K(465920K)] 1709880K->1545418K(1864192K), 0.0436289 secs] [Times: user=0.20 sys=0.00, real=0.05 secs] 
4508.615: [Full GC (Ergonomics) [PSYoungGen: 185078K->0K(465920K)] [ParOldGen: 1360340K->257059K(1398272K)] 1545418K->257059K(1864192K), [Metaspace: 60421K->60421K(1105920K)], 0.3152431 secs] [Times: user=1.45 sys=0.00, real=0.31 secs] 
4509.039: [GC (Allocation Failure) [PSYoungGen: 232960K->180566K(465920K)] 490019K->437626K(1864192K), 0.0744488 secs] [Times: user=0.38 sys=0.00, real=0.08 secs] 
4509.223: [GC (Allocation Failure) [PSYoungGen: 413526K->187349K(465920K)] 670586K->502553K(1864192K), 0.0532477 secs] [Times: user=0.26 sys=0.00, real=0.05 secs] 
4511.010: [GC (Allocation Failure) [PSYoungGen: 420309K->94203K(465920K)] 735513K->480143K(1864192K), 0.0886009 secs] [Times: user=0.48 sys=0.00, real=0.09 secs] 
4511.439: [GC (Allocation Failure) [PSYoungGen: 327163K->183574K(465920K)] 713103K->599527K(1864192K), 0.0353469 secs] [Times: user=0.14 sys=0.00, real=0.04 secs] 
4511.585: [GC (Allocation Failure) [PSYoungGen: 416534K->185398K(465920K)] 832487K->658511K(1864192K), 0.0431575 secs] [Times: user=0.20 sys=0.00, real=0.04 secs] 
4511.735: [GC (Allocation Failure) [PSYoungGen: 418358K->184308K(465920K)] 891471K->713485K(1864192K), 0.0446565 secs] [Times: user=0.21 sys=0.00, real=0.04 secs] 
4513.110: [GC (Allocation Failure) [PSYoungGen: 417268K->100780K(465920K)] 946445K->699445K(1864192K), 0.0438148 secs] [Times: user=0.23 sys=0.00, real=0.05 secs] 
4514.127: [GC (Allocation Failure) [PSYoungGen: 333740K->173141K(465920K)] 932405K->804758K(1864192K), 0.0741255 secs] [Times: user=0.36 sys=0.01, real=0.07 secs] 
4514.358: [GC (Allocation Failure) [PSYoungGen: 406101K->182197K(465920K)] 1037718K->867598K(1864192K), 0.0420989 secs] [Times: user=0.18 sys=0.01, real=0.04 secs] 
4514.539: [GC (Allocation Failure) [PSYoungGen: 415157K->183286K(465920K)] 1100558K->932248K(1864192K), 0.0546588 secs] [Times: user=0.26 sys=0.01, real=0.06 secs] 
4515.109: [GC (Allocation Failure) [PSYoungGen: 414185K->216436K(465920K)] 1163146K->1023685K(1864192K), 0.0542592 secs] [Times: user=0.26 sys=0.00, real=0.06 secs] 
4516.023: [GC (Allocation Failure) [PSYoungGen: 449396K->99947K(465920K)] 1256645K->975805K(1864192K), 0.0998140 secs] [Times: user=0.54 sys=0.00, real=0.10 secs] 
4516.424: [GC (Allocation Failure) [PSYoungGen: 332907K->178293K(465920K)] 1208765K->1086370K(1864192K), 0.0402949 secs] [Times: user=0.17 sys=0.01, real=0.04 secs] 
4516.576: [GC (Allocation Failure) [PSYoungGen: 411253K->185110K(465920K)] 1319330K->1148783K(1864192K), 0.0432920 secs] [Times: user=0.19 sys=0.00, real=0.04 secs] 
4516.768: [GC (Allocation Failure) [PSYoungGen: 418070K->187253K(465920K)] 1381743K->1206862K(1864192K), 0.0664194 secs] [Times: user=0.32 sys=0.00, real=0.07 secs] 
4518.036: [GC (GCLocker Initiated GC) [PSYoungGen: 420213K->102924K(465920K)] 1439823K->1193294K(1864192K), 0.0576579 secs] [Times: user=0.31 sys=0.00, real=0.06 secs] 
4518.788: [GC (Allocation Failure) [PSYoungGen: 335884K->171156K(465920K)] 1426293K->1294537K(1864192K), 0.0766598 secs] [Times: user=0.38 sys=0.00, real=0.08 secs] 
4519.024: [GC (Allocation Failure) [PSYoungGen: 404116K->185174K(465920K)] 1527497K->1362623K(1864192K), 0.0441364 secs] [Times: user=0.20 sys=0.00, real=0.04 secs] 
4519.183: [GC (Allocation Failure) [PSYoungGen: 418134K->185591K(465920K)] 1595583K->1427384K(1864192K), 0.0513170 secs] [Times: user=0.24 sys=0.00, real=0.05 secs] 
4520.058: [GC (Allocation Failure) [PSYoungGen: 414887K->207347K(465920K)] 1656680K->1507844K(1864192K), 0.0572122 secs] [Times: user=0.29 sys=0.01, real=0.06 secs] 
4521.218: [GC (Allocation Failure) [PSYoungGen: 440307K->104796K(465920K)] 1740804K->1470446K(1864192K), 0.1202093 secs] [Times: user=0.66 sys=0.00, real=0.12 secs] 
4521.339: [Full GC (Ergonomics) [PSYoungGen: 104796K->0K(465920K)] [ParOldGen: 1365649K->122393K(1398272K)] 1470446K->122393K(1864192K), [Metaspace: 60421K->60421K(1105920K)], 0.1876998 secs] [Times: user=0.85 sys=0.00, real=0.19 secs] 
4521.868: [GC (Allocation Failure) [PSYoungGen: 232019K->178485K(465920K)] 354412K->300879K(1864192K), 0.0246740 secs] [Times: user=0.09 sys=0.00, real=0.03 secs] 
4522.058: [GC (Allocation Failure) [PSYoungGen: 411445K->185238K(465920K)] 533839K->363299K(1864192K), 0.0600044 secs] [Times: user=0.28 sys=0.00, real=0.06 secs] 
4522.238: [GC (Allocation Failure) [PSYoungGen: 418198K->186869K(465920K)] 596259K->421218K(1864192K), 0.0451737 secs] [Times: user=0.21 sys=0.00, real=0.05 secs] 
4523.204: [GC (GCLocker Initiated GC) [PSYoungGen: 419829K->97403K(465920K)] 654178K->402177K(1864192K), 0.0435873 secs] [Times: user=0.22 sys=0.00, real=0.04 secs] 
4523.724: [GC (Allocation Failure) [PSYoungGen: 330363K->170644K(465920K)] 635140K->506698K(1864192K), 0.0729641 secs] [Times: user=0.35 sys=0.00, real=0.07 secs] 
4524.021: [GC (Allocation Failure) [PSYoungGen: 403604K->185206K(465920K)] 739658K->574755K(1864192K), 0.0555463 secs] [Times: user=0.26 sys=0.00, real=0.06 secs] 
4524.234: [GC (Allocation Failure) [PSYoungGen: 418166K->186231K(465920K)] 807715K->639912K(1864192K), 0.0547165 secs] [Times: user=0.26 sys=0.00, real=0.05 secs] 
4525.031: [GC (Allocation Failure) [PSYoungGen: 415619K->207635K(465920K)] 869300K->720420K(1864192K), 0.0537334 secs] [Times: user=0.27 sys=0.00, real=0.06 secs] 
4525.553: [GC (Allocation Failure) [PSYoungGen: 440595K->103180K(465920K)] 953380K->681281K(1864192K), 0.0857266 secs] [Times: user=0.46 sys=0.00, real=0.08 secs] 
4526.505: [GC (Allocation Failure) [PSYoungGen: 336140K->180373K(465920K)] 914241K->790568K(1864192K), 0.0481195 secs] [Times: user=0.20 sys=0.00, real=0.05 secs] 
4526.680: [GC (Allocation Failure) [PSYoungGen: 413333K->185782K(465920K)] 1023528K->852412K(1864192K), 0.0443380 secs] [Times: user=0.20 sys=0.00, real=0.05 secs] 
4526.849: [GC (Allocation Failure) [PSYoungGen: 418742K->187445K(465920K)] 1085372K->910339K(1864192K), 0.0507843 secs] [Times: user=0.24 sys=0.00, real=0.05 secs] 
4528.008: [GC (Allocation Failure) [PSYoungGen: 420405K->99084K(465920K)] 1143299K->892570K(1864192K), 0.0622987 secs] [Times: user=0.33 sys=0.01, real=0.06 secs] 
4529.165: [GC (Allocation Failure) [PSYoungGen: 332044K->172276K(465920K)] 1125530K->997788K(1864192K), 0.0635301 secs] [Times: user=0.30 sys=0.00, real=0.06 secs] 
4529.375: [GC (Allocation Failure) [PSYoungGen: 405236K->185206K(465920K)] 1230748K->1064809K(1864192K), 0.0434025 secs] [Times: user=0.19 sys=0.00, real=0.04 secs] 
4529.555: [GC (Allocation Failure) [PSYoungGen: 417663K->183190K(465920K)] 1297266K->1126954K(1864192K), 0.0647072 secs] [Times: user=0.32 sys=0.00, real=0.06 secs] 
4530.600: [GC (Allocation Failure) [PSYoungGen: 416150K->169619K(465920K)] 1359914K->1171822K(1864192K), 0.0546727 secs] [Times: user=0.27 sys=0.00, real=0.06 secs] 
4531.444: [GC (Allocation Failure) [PSYoungGen: 402579K->108332K(465920K)] 1404782K->1175216K(1864192K), 0.0911312 secs] [Times: user=0.49 sys=0.00, real=0.09 secs] 
4532.045: [GC (Allocation Failure) [PSYoungGen: 335319K->173845K(465920K)] 1402203K->1274993K(1864192K), 0.0478548 secs] [Times: user=0.22 sys=0.00, real=0.05 secs] 
4532.211: [GC (Allocation Failure) [PSYoungGen: 406805K->185814K(465920K)] 1507953K->1341294K(1864192K), 0.0442219 secs] [Times: user=0.21 sys=0.00, real=0.05 secs] 
4532.360: [GC (Allocation Failure) [PSYoungGen: 418774K->187765K(465920K)] 1574254K->1399525K(1864192K), 0.0468383 secs] [Times: user=0.22 sys=0.00, real=0.05 secs] 
4533.463: [GC (Allocation Failure) [PSYoungGen: 420725K->98683K(465920K)] 1632485K->1381184K(1864192K), 0.0570595 secs] [Times: user=0.30 sys=0.01, real=0.05 secs] 
4534.518: [GC (Allocation Failure) [PSYoungGen: 331643K->171028K(465920K)] 1614144K->1485438K(1864192K), 0.0682721 secs] [Times: user=0.33 sys=0.00, real=0.07 secs] 
4534.586: [Full GC (Ergonomics) [PSYoungGen: 171028K->0K(465920K)] [ParOldGen: 1314409K->196010K(1398272K)] 1485438K->196010K(1864192K), [Metaspace: 60421K->60421K(1105920K)], 0.2211988 secs] [Times: user=1.04 sys=0.00, real=0.22 secs] 
4534.917: [GC (Allocation Failure) [PSYoungGen: 232960K->182709K(465920K)] 428970K->378720K(1864192K), 0.0312739 secs] [Times: user=0.12 sys=0.00, real=0.03 secs] 
4535.081: [GC (GCLocker Initiated GC) [PSYoungGen: 415669K->184535K(465920K)] 611680K->444289K(1864192K), 0.0434461 secs] [Times: user=0.19 sys=0.00, real=0.05 secs] 
4535.961: [GC (Allocation Failure) [PSYoungGen: 417495K->173203K(465920K)] 682495K->496884K(1864192K), 0.0637787 secs] [Times: user=0.32 sys=0.00, real=0.07 secs] 
4536.715: [GC (Allocation Failure) [PSYoungGen: 406163K->110733K(465920K)] 729844K->500477K(1864192K), 0.0978626 secs] [Times: user=0.43 sys=0.00, real=0.09 secs] 
4537.377: [GC (Allocation Failure) [PSYoungGen: 335773K->173365K(465920K)] 725517K->598358K(1864192K), 0.0467880 secs] [Times: user=0.21 sys=0.00, real=0.05 secs] 
4537.592: [GC (Allocation Failure) [PSYoungGen: 406325K->185334K(465920K)] 831318K->664187K(1864192K), 0.0563485 secs] [Times: user=0.26 sys=0.00, real=0.06 secs] 
4537.770: [GC (Allocation Failure) [PSYoungGen: 418294K->187509K(465920K)] 897147K->722530K(1864192K), 0.0454279 secs] [Times: user=0.21 sys=0.00, real=0.05 secs] 
4538.945: [GC (Allocation Failure) [PSYoungGen: 420469K->98587K(465920K)] 955490K->704337K(1864192K), 0.0769962 secs] [Times: user=0.41 sys=0.00, real=0.07 secs] 
4539.918: [GC (Allocation Failure) [PSYoungGen: 331547K->172020K(465920K)] 937297K->809367K(1864192K), 0.0753339 secs] [Times: user=0.36 sys=0.01, real=0.08 secs] 
4540.146: [GC (Allocation Failure) [PSYoungGen: 404980K->185270K(465920K)] 1042327K->876348K(1864192K), 0.0427209 secs] [Times: user=0.19 sys=0.00, real=0.04 secs] 
4540.323: [GC (Allocation Failure) [PSYoungGen: 418230K->184311K(465920K)] 1109308K->939637K(1864192K), 0.0548994 secs] [Times: user=0.26 sys=0.00, real=0.05 secs] 
4541.170: [GC (Allocation Failure) [PSYoungGen: 417271K->212250K(465920K)] 1172597K->1026120K(1864192K), 0.0485360 secs] [Times: user=0.23 sys=0.00, real=0.05 secs] 
4542.304: [GC (Allocation Failure) [PSYoungGen: 445210K->105212K(465920K)] 1259080K->983579K(1864192K), 0.0926606 secs] [Times: user=0.50 sys=0.00, real=0.09 secs] 
4542.728: [GC (Allocation Failure) [PSYoungGen: 330684K->177429K(465920K)] 1209051K->1089424K(1864192K), 0.0353263 secs] [Times: user=0.15 sys=0.00, real=0.04 secs] 
4542.898: [GC (Allocation Failure) [PSYoungGen: 410389K->185526K(465920K)] 1322384K->1152888K(1864192K), 0.0483595 secs] [Times: user=0.23 sys=0.00, real=0.05 secs] 
4543.077: [GC (Allocation Failure) [PSYoungGen: 418486K->184724K(465920K)] 1385848K->1208423K(1864192K), 0.0456927 secs] [Times: user=0.21 sys=0.01, real=0.05 secs] 
4544.273: [GC (Allocation Failure) [PSYoungGen: 417684K->102380K(465920K)] 1441383K->1195743K(1864192K), 0.0653217 secs] [Times: user=0.35 sys=0.00, real=0.06 secs] 
4545.654: [GC (Allocation Failure) [PSYoungGen: 335340K->171252K(465920K)] 1428703K->1297592K(1864192K), 0.0860247 secs] [Times: user=0.42 sys=0.00, real=0.08 secs] 
4545.910: [GC (Allocation Failure) [PSYoungGen: 404212K->185078K(465920K)] 1530552K->1364725K(1864192K), 0.0429285 secs] [Times: user=0.19 sys=0.00, real=0.05 secs] 
4546.063: [GC (Allocation Failure) [PSYoungGen: 418038K->183510K(465920K)] 1597685K->1427558K(1864192K), 0.0499357 secs] [Times: user=0.24 sys=0.00, real=0.05 secs] 
4546.966: [GC (Allocation Failure) [PSYoungGen: 416470K->171539K(465920K)] 1660518K->1473731K(1864192K), 0.0567652 secs] [Times: user=0.25 sys=0.00, real=0.06 secs] 
4547.725: [GC (Allocation Failure) [PSYoungGen: 404499K->109581K(465920K)] 1706691K->1477397K(1864192K), 0.0690724 secs] [Times: user=0.37 sys=0.00, real=0.07 secs] 
4547.794: [Full GC (Ergonomics) [PSYoungGen: 109581K->0K(465920K)] [ParOldGen: 1367815K->127242K(1398272K)] 1477397K->127242K(1864192K), [Metaspace: 60421K->60421K(1105920K)], 0.1488788 secs] [Times: user=0.68 sys=0.00, real=0.15 secs] 
4548.135: [GC (Allocation Failure) [PSYoungGen: 232960K->180021K(465920K)] 360202K->307263K(1864192K), 0.0263888 secs] [Times: user=0.10 sys=0.00, real=0.02 secs] 
4548.274: [GC (Allocation Failure) [PSYoungGen: 412981K->185559K(465920K)] 540223K->375625K(1864192K), 0.0469985 secs] [Times: user=0.22 sys=0.00, real=0.04 secs] 
4548.565: [GC (Allocation Failure) [PSYoungGen: 418519K->182580K(465920K)] 608585K->431478K(1864192K), 0.0811649 secs] [Times: user=0.42 sys=0.00, real=0.08 secs] 
4549.725: [GC (Allocation Failure) [PSYoungGen: 415540K->94715K(465920K)] 664438K->412741K(1864192K), 0.0617078 secs] [Times: user=0.33 sys=0.00, real=0.06 secs] 
4550.291: [GC (Allocation Failure) [PSYoungGen: 327675K->176117K(465920K)] 645701K->524675K(1864192K), 0.0663132 secs] [Times: user=0.31 sys=0.00, real=0.07 secs] 
4550.561: [GC (Allocation Failure) [PSYoungGen: 409077K->185142K(465920K)] 757635K->588428K(1864192K), 0.0555836 secs] [Times: user=0.27 sys=0.00, real=0.06 secs] 
4550.726: [GC (Allocation Failure) [PSYoungGen: 408398K->178230K(465920K)] 811684K->645940K(1864192K), 0.0491572 secs] [Times: user=0.23 sys=0.00, real=0.05 secs] 
4551.707: [GC (Allocation Failure) [PSYoungGen: 411190K->168851K(465920K)] 878900K->693209K(1864192K), 0.0565540 secs] [Times: user=0.29 sys=0.00, real=0.06 secs] 
4553.152: [GC (Allocation Failure) [PSYoungGen: 401811K->106460K(465920K)] 926169K->695435K(1864192K), 0.0826225 secs] [Times: user=0.45 sys=0.00, real=0.09 secs] 
4553.514: [GC (Allocation Failure) [PSYoungGen: 333077K->176469K(465920K)] 922052K->799112K(1864192K), 0.0431077 secs] [Times: user=0.19 sys=0.00, real=0.04 secs] 
4553.692: [GC (Allocation Failure) [PSYoungGen: 409429K->185366K(465920K)] 1032072K->862913K(1864192K), 0.0480272 secs] [Times: user=0.23 sys=0.00, real=0.05 secs] 
4553.846: [GC (GCLocker Initiated GC) [PSYoungGen: 418326K->186325K(465920K)] 1095875K->920082K(1864192K), 0.0457453 secs] [Times: user=0.22 sys=0.00, real=0.04 secs] 
4554.893: [GC (Allocation Failure) [PSYoungGen: 419285K->99564K(465920K)] 1153209K->903951K(1864192K), 0.0442832 secs] [Times: user=0.22 sys=0.00, real=0.04 secs] 
4556.313: [GC (Allocation Failure) [PSYoungGen: 332524K->170164K(465920K)] 1136911K->1006061K(1864192K), 0.0729527 secs] [Times: user=0.35 sys=0.00, real=0.07 secs] 
4556.541: [GC (Allocation Failure) [PSYoungGen: 403124K->182485K(465920K)] 1239021K->1071770K(1864192K), 0.0439299 secs] [Times: user=0.20 sys=0.00, real=0.05 secs] 
4556.699: [GC (Allocation Failure) [PSYoungGen: 415445K->186039K(465920K)] 1304730K->1139068K(1864192K), 0.0511374 secs] [Times: user=0.24 sys=0.00, real=0.05 secs] 
4557.536: [GC (Allocation Failure) [PSYoungGen: 415365K->209267K(465920K)] 1368394K->1221424K(1864192K), 0.0574420 secs] [Times: user=0.29 sys=0.00, real=0.06 secs] 
4558.025: [GC (Allocation Failure) [PSYoungGen: 442227K->106764K(465920K)] 1454384K->1184881K(1864192K), 0.0520989 secs] [Times: user=0.28 sys=0.00, real=0.05 secs] 
4558.303: [GC (Allocation Failure) [PSYoungGen: 335603K->176085K(465920K)] 1413720K->1288031K(1864192K), 0.0358259 secs] [Times: user=0.15 sys=0.01, real=0.03 secs] 
4558.451: [GC (Allocation Failure) [PSYoungGen: 409045K->185110K(465920K)] 1520991K->1352383K(1864192K), 0.0452419 secs] [Times: user=0.20 sys=0.00, real=0.05 secs] 
4558.656: [GC (Allocation Failure) [PSYoungGen: 418070K->184180K(465920K)] 1585343K->1407646K(1864192K), 0.0643489 secs] [Times: user=0.32 sys=0.00, real=0.06 secs] 
4559.959: [GC (Allocation Failure) [PSYoungGen: 417140K->102508K(465920K)] 1640606K->1395374K(1864192K), 0.0630020 secs] [Times: user=0.34 sys=0.00, real=0.06 secs] 
4560.759: [GC (Allocation Failure) [PSYoungGen: 335468K->174709K(465920K)] 1628334K->1500591K(1864192K), 0.0774960 secs] [Times: user=0.37 sys=0.00, real=0.08 secs] 
4560.837: [Full GC (Ergonomics) [PSYoungGen: 174709K->0K(465920K)] [ParOldGen: 1325882K->199493K(1398272K)] 1500591K->199493K(1864192K), [Metaspace: 60421K->60421K(1105920K)], 0.2484689 secs] [Times: user=1.20 sys=0.00, real=0.25 secs] 
4561.208: [GC (Allocation Failure) [PSYoungGen: 232960K->180341K(465920K)] 432453K->379834K(1864192K), 0.0314801 secs] [Times: user=0.13 sys=0.00, real=0.03 secs] 
4561.380: [GC (Allocation Failure) [PSYoungGen: 413301K->185911K(465920K)] 612794K->448836K(1864192K), 0.0435536 secs] [Times: user=0.19 sys=0.00, real=0.05 secs] 
4562.258: [GC (Allocation Failure) [PSYoungGen: 418871K->171187K(465920K)] 681796K->493136K(1864192K), 0.0576682 secs] [Times: user=0.29 sys=0.00, real=0.06 secs] 
4563.235: [GC (Allocation Failure) [PSYoungGen: 404147K->109965K(465920K)] 726096K->497418K(1864192K), 0.1023191 secs] [Times: user=0.55 sys=0.00, real=0.10 secs] 
4563.923: [GC (Allocation Failure) [PSYoungGen: 336992K->173333K(465920K)] 724446K->595775K(1864192K), 0.0463277 secs] [Times: user=0.21 sys=0.00, real=0.04 secs] 
4564.170: [GC (Allocation Failure) [PSYoungGen: 406293K->182485K(465920K)] 828735K->658580K(1864192K), 0.0625378 secs] [Times: user=0.30 sys=0.00, real=0.07 secs] 
4564.362: [GC (Allocation Failure) [PSYoungGen: 415445K->187445K(465920K)] 891540K->719052K(1864192K), 0.0449670 secs] [Times: user=0.21 sys=0.00, real=0.05 secs] 
4565.407: [GC (Allocation Failure) [PSYoungGen: 420405K->105228K(465920K)] 952012K->707443K(1864192K), 0.0540253 secs] [Times: user=0.28 sys=0.00, real=0.05 secs] 
4565.871: [GC (Allocation Failure) [PSYoungGen: 338188K->176117K(465920K)] 940403K->811952K(1864192K), 0.0646988 secs] [Times: user=0.31 sys=0.00, real=0.07 secs] 
4566.126: [GC (Allocation Failure) [PSYoungGen: 409077K->190389K(465920K)] 1044912K->881305K(1864192K), 0.0582186 secs] [Times: user=0.28 sys=0.00, real=0.06 secs] 
4566.342: [GC (Allocation Failure) [PSYoungGen: 420200K->180214K(465920K)] 1111116K->934794K(1864192K), 0.0701841 secs] [Times: user=0.35 sys=0.00, real=0.07 secs] 
4567.221: [GC (Allocation Failure) [PSYoungGen: 409345K->206419K(465920K)] 1163925K->1018254K(1864192K), 0.0545163 secs] [Times: user=0.27 sys=0.00, real=0.06 secs] 
4567.840: [GC (Allocation Failure) [PSYoungGen: 439379K->106140K(465920K)] 1251214K->982752K(1864192K), 0.0551333 secs] [Times: user=0.28 sys=0.01, real=0.06 secs] 
4568.153: [GC (Allocation Failure) [PSYoungGen: 334372K->176885K(465920K)] 1210984K->1087485K(1864192K), 0.0353083 secs] [Times: user=0.15 sys=0.00, real=0.03 secs] 
4568.299: [GC (Allocation Failure) [PSYoungGen: 409845K->185302K(465920K)] 1320445K->1151073K(1864192K), 0.0441197 secs] [Times: user=0.20 sys=0.00, real=0.05 secs] 
4568.450: [GC (Allocation Failure) [PSYoungGen: 418262K->187765K(465920K)] 1384033K->1209697K(1864192K), 0.0466023 secs] [Times: user=0.22 sys=0.00, real=0.05 secs] 
4570.007: [GC (Allocation Failure) [PSYoungGen: 420725K->97147K(465920K)] 1442657K->1189871K(1864192K), 0.1080562 secs] [Times: user=0.59 sys=0.00, real=0.11 secs] 
4571.435: [GC (Allocation Failure) [PSYoungGen: 330107K->172885K(465920K)] 1422831K->1296949K(1864192K), 0.0634239 secs] [Times: user=0.31 sys=0.00, real=0.06 secs] 
4571.640: [GC (Allocation Failure) [PSYoungGen: 405845K->185526K(465920K)] 1529909K->1363482K(1864192K), 0.0452830 secs] [Times: user=0.21 sys=0.00, real=0.05 secs] 
4571.798: [GC (Allocation Failure) [PSYoungGen: 418486K->185047K(465920K)] 1596442K->1427323K(1864192K), 0.0523104 secs] [Times: user=0.25 sys=0.00, real=0.05 secs] 
4572.734: [GC (Allocation Failure) [PSYoungGen: 415172K->205170K(465920K)] 1657449K->1506247K(1864192K), 0.0559692 secs] [Times: user=0.28 sys=0.00, real=0.05 secs] 
4573.768: [GC (Allocation Failure) [PSYoungGen: 438130K->104204K(465920K)] 1739207K->1469889K(1864192K), 0.1004330 secs] [Times: user=0.54 sys=0.00, real=0.10 secs] 
4573.868: [Full GC (Ergonomics) [PSYoungGen: 104204K->0K(465920K)] [ParOldGen: 1365684K->122254K(1398272K)] 1469889K->122254K(1864192K), [Metaspace: 60421K->60421K(1105920K)], 0.1807639 secs] [Times: user=0.81 sys=0.00, real=0.18 secs] 
4574.269: [GC (Allocation Failure) [PSYoungGen: 229282K->178037K(465920K)] 351536K->300292K(1864192K), 0.0249679 secs] [Times: user=0.08 sys=0.00, real=0.03 secs] 
4574.427: [GC (Allocation Failure) [PSYoungGen: 410997K->185494K(465920K)] 533252K->363136K(1864192K), 0.0468160 secs] [Times: user=0.22 sys=0.00, real=0.05 secs] 
4574.606: [GC (Allocation Failure) [PSYoungGen: 418454K->187637K(465920K)] 596096K->421487K(1864192K), 0.0486605 secs] [Times: user=0.23 sys=0.00, real=0.05 secs] 
4575.636: [GC (Allocation Failure) [PSYoungGen: 420597K->99148K(465920K)] 654447K->403718K(1864192K), 0.0506333 secs] [Times: user=0.27 sys=0.00, real=0.05 secs] 
4576.579: [GC (Allocation Failure) [PSYoungGen: 332108K->171220K(465920K)] 636678K->507916K(1864192K), 0.0772101 secs] [Times: user=0.37 sys=0.00, real=0.08 secs] 
4576.869: [GC (Allocation Failure) [PSYoungGen: 404100K->185206K(465920K)] 740796K->575169K(1864192K), 0.0461478 secs] [Times: user=0.21 sys=0.00, real=0.05 secs] 
4577.048: [GC (Allocation Failure) [PSYoungGen: 418166K->184599K(465920K)] 808129K->638930K(1864192K), 0.0551568 secs] [Times: user=0.27 sys=0.00, real=0.06 secs] 
4577.943: [GC (Allocation Failure) [PSYoungGen: 417559K->169267K(465920K)] 871890K->682398K(1864192K), 0.0551553 secs] [Times: user=0.28 sys=0.00, real=0.05 secs] 
4579.497: [GC (GCLocker Initiated GC) [PSYoungGen: 402227K->109069K(465920K)] 915359K->686897K(1864192K), 0.1101253 secs] [Times: user=0.60 sys=0.00, real=0.11 secs] 
4580.089: [GC (Allocation Failure) [PSYoungGen: 342029K->177238K(465920K)] 928340K->798608K(1864192K), 0.1465818 secs] [Times: user=0.82 sys=0.00, real=0.15 secs] 
4580.356: [GC (Allocation Failure) [PSYoungGen: 410198K->185271K(465920K)] 1031568K->863133K(1864192K), 0.1585095 secs] [Times: user=0.88 sys=0.01, real=0.16 secs] 
4580.629: [GC (GCLocker Initiated GC) [PSYoungGen: 418231K->184373K(465920K)] 1096093K->921171K(1864192K), 0.0581598 secs] [Times: user=0.29 sys=0.00, real=0.06 secs] 
4581.784: [GC (Allocation Failure) [PSYoungGen: 417333K->97899K(465920K)] 1154133K->904580K(1864192K), 0.0542927 secs] [Times: user=0.29 sys=0.00, real=0.05 secs] 
4582.698: [GC (Allocation Failure) [PSYoungGen: 330859K->172852K(465920K)] 1137540K->1011102K(1864192K), 0.0697910 secs] [Times: user=0.33 sys=0.00, real=0.07 secs] 
4582.935: [GC (Allocation Failure) [PSYoungGen: 405812K->185078K(465920K)] 1244062K->1077591K(1864192K), 0.0436326 secs] [Times: user=0.20 sys=0.00, real=0.04 secs] 
4583.084: [GC (Allocation Failure) [PSYoungGen: 408737K->174005K(465920K)] 1301251K->1130783K(1864192K), 0.0488122 secs] [Times: user=0.23 sys=0.00, real=0.05 secs] 
4584.074: [GC (Allocation Failure) [PSYoungGen: 406965K->168787K(401920K)] 1363743K->1180652K(1800192K), 0.0547443 secs] [Times: user=0.28 sys=0.00, real=0.05 secs] 
4584.779: [GC (Allocation Failure) [PSYoungGen: 401747K->113197K(461824K)] 1413612K->1189831K(1860096K), 0.1134113 secs] [Times: user=0.60 sys=0.00, real=0.12 secs] 
4585.287: [GC (Allocation Failure) [PSYoungGen: 344109K->175220K(463872K)] 1420743K->1288143K(1862144K), 0.0476570 secs] [Times: user=0.21 sys=0.00, real=0.05 secs] 
4585.451: [GC (Allocation Failure) [PSYoungGen: 406132K->183831K(464384K)] 1519055K->1358417K(1862656K), 0.0502675 secs] [Times: user=0.24 sys=0.00, real=0.05 secs] 
4585.632: [GC (Allocation Failure) [PSYoungGen: 416791K->184404K(465920K)] 1591377K->1417367K(1864192K), 0.0846144 secs] [Times: user=0.44 sys=0.00, real=0.09 secs] 
4586.973: [GC (Allocation Failure) [PSYoungGen: 417364K->101948K(465920K)] 1650327K->1404655K(1864192K), 0.1063461 secs] [Times: user=0.58 sys=0.00, real=0.10 secs] 
4588.168: [GC (Allocation Failure) [PSYoungGen: 334908K->169940K(465920K)] 1637615K->1505148K(1864192K), 0.0573506 secs] [Times: user=0.27 sys=0.00, real=0.06 secs] 
4588.225: [Full GC (Ergonomics) [PSYoungGen: 169940K->0K(465920K)] [ParOldGen: 1335207K->196508K(1398272K)] 1505148K->196508K(1864192K), [Metaspace: 60421K->60421K(1105920K)], 0.2209511 secs] [Times: user=1.04 sys=0.00, real=0.22 secs] 
4588.563: [GC (Allocation Failure) [PSYoungGen: 232960K->185622K(465920K)] 429468K->382130K(1864192K), 0.0338049 secs] [Times: user=0.14 sys=0.00, real=0.03 secs] 
4588.728: [GC (Allocation Failure) [PSYoungGen: 413497K->180022K(465920K)] 610005K->441083K(1864192K), 0.0480515 secs] [Times: user=0.22 sys=0.00, real=0.05 secs] 
4589.698: [GC (Allocation Failure) [PSYoungGen: 412982K->167826K(457728K)] 674043K->485975K(1856000K), 0.0558750 secs] [Times: user=0.28 sys=0.00, real=0.06 secs] 
4590.581: [GC (GCLocker Initiated GC) [PSYoungGen: 400786K->108733K(461824K)] 718935K->491193K(1860096K), 0.1172175 secs] [Times: user=0.63 sys=0.00, real=0.12 secs] 
4591.278: [GC (Allocation Failure) [PSYoungGen: 341693K->174613K(468480K)] 732640K->600125K(1866752K), 0.1513731 secs] [Times: user=0.85 sys=0.00, real=0.15 secs] 
4591.574: [GC (Allocation Failure) [PSYoungGen: 411157K->188407K(424960K)] 836669K->669807K(1823232K), 0.1726877 secs] [Times: user=0.97 sys=0.00, real=0.17 secs] 
4591.855: [GC (Allocation Failure) [PSYoungGen: 424951K->190549K(465920K)] 906351K->731766K(1864192K), 0.0578865 secs] [Times: user=0.28 sys=0.00, real=0.06 secs] 
4593.188: [GC (GCLocker Initiated GC) [PSYoungGen: 423509K->91499K(465920K)] 964726K->704283K(1864192K), 0.0835239 secs] [Times: user=0.46 sys=0.00, real=0.08 secs] 
4593.829: [GC (Allocation Failure) [PSYoungGen: 324459K->175573K(465920K)] 937246K->817589K(1864192K), 0.0500712 secs] [Times: user=0.23 sys=0.00, real=0.05 secs] 
4594.018: [GC (Allocation Failure) [PSYoungGen: 408533K->185878K(465920K)] 1050549K->882842K(1864192K), 0.0438155 secs] [Times: user=0.19 sys=0.00, real=0.04 secs] 
4594.186: [GC (Allocation Failure) [PSYoungGen: 418838K->188213K(465920K)] 1115802K->941497K(1864192K), 0.0511997 secs] [Times: user=0.24 sys=0.00, real=0.05 secs] 
4595.112: [GC (Allocation Failure) [PSYoungGen: 421173K->149682K(465920K)] 1174457K->973798K(1864192K), 0.0512266 secs] [Times: user=0.25 sys=0.00, real=0.06 secs] 
4596.473: [GC (Allocation Failure) [PSYoungGen: 382642K->122798K(465920K)] 1206758K->994279K(1864192K), 0.1830836 secs] [Times: user=1.03 sys=0.00, real=0.18 secs] 
4597.088: [GC (Allocation Failure) [PSYoungGen: 355758K->179573K(465920K)] 1227239K->1090134K(1864192K), 0.0478832 secs] [Times: user=0.22 sys=0.00, real=0.05 secs] 
4597.272: [GC (Allocation Failure) [PSYoungGen: 412533K->186039K(465920K)] 1323094K->1159144K(1864192K), 0.0557491 secs] [Times: user=0.27 sys=0.00, real=0.06 secs] 
4597.450: [GC (Allocation Failure) [PSYoungGen: 418999K->187349K(465920K)] 1392104K->1219630K(1864192K), 0.0583443 secs] [Times: user=0.29 sys=0.00, real=0.06 secs] 
4598.675: [GC (Allocation Failure) [PSYoungGen: 420309K->96331K(465920K)] 1452590K->1199253K(1864192K), 0.0801555 secs] [Times: user=0.43 sys=0.00, real=0.08 secs] 
4599.978: [GC (Allocation Failure) [PSYoungGen: 329291K->171316K(465920K)] 1432213K->1305051K(1864192K), 0.0581489 secs] [Times: user=0.26 sys=0.00, real=0.06 secs] 
4600.270: [GC (Allocation Failure) [PSYoungGen: 404276K->185110K(465920K)] 1538011K->1372648K(1864192K), 0.0599205 secs] [Times: user=0.29 sys=0.00, real=0.06 secs] 
4600.443: [GC (Allocation Failure) [PSYoungGen: 418070K->188117K(465920K)] 1605608K->1431895K(1864192K), 0.0480259 secs] [Times: user=0.23 sys=0.00, real=0.04 secs] 
4601.425: [GC (Allocation Failure) [PSYoungGen: 421077K->145010K(465920K)] 1664855K->1459612K(1864192K), 0.0528125 secs] [Times: user=0.27 sys=0.00, real=0.05 secs] 
4601.478: [Full GC (Ergonomics) [PSYoungGen: 145010K->0K(465920K)] [ParOldGen: 1314602K->353160K(1398272K)] 1459612K->353160K(1864192K), [Metaspace: 60421K->60421K(1105920K)], 0.5701913 secs] [Times: user=2.47 sys=0.00, real=0.57 secs] 
4602.743: [GC (GCLocker Initiated GC) [PSYoungGen: 232960K->124766K(465920K)] 586120K->477927K(1864192K), 0.0292306 secs] [Times: user=0.11 sys=0.00, real=0.02 secs] 
4603.185: [GC (Allocation Failure) [PSYoungGen: 357726K->178997K(465920K)] 710890K->572317K(1864192K), 0.0372231 secs] [Times: user=0.16 sys=0.00, real=0.03 secs] 
4603.369: [GC (Allocation Failure) [PSYoungGen: 411957K->185431K(465920K)] 805277K->641635K(1864192K), 0.0729701 secs] [Times: user=0.36 sys=0.00, real=0.07 secs] 
4603.575: [GC (Allocation Failure) [PSYoungGen: 418391K->187253K(465920K)] 874595K->702241K(1864192K), 0.0574190 secs] [Times: user=0.28 sys=0.00, real=0.05 secs] 
4604.825: [GC (GCLocker Initiated GC) [PSYoungGen: 420213K->98091K(465920K)] 935201K->683768K(1864192K), 0.0894624 secs] [Times: user=0.49 sys=0.00, real=0.09 secs] 
4605.954: [GC (Allocation Failure) [PSYoungGen: 331051K->178389K(465920K)] 916767K->795349K(1864192K), 0.0505866 secs] [Times: user=0.22 sys=0.00, real=0.05 secs] 
4606.154: [GC (Allocation Failure) [PSYoungGen: 411349K->185366K(465920K)] 1028309K->857158K(1864192K), 0.0432100 secs] [Times: user=0.19 sys=0.00, real=0.04 secs] 
4606.306: [GC (Allocation Failure) [PSYoungGen: 418326K->187957K(465920K)] 1090118K->915949K(1864192K), 0.0457570 secs] [Times: user=0.22 sys=0.01, real=0.04 secs] 
4607.262: [GC (Allocation Failure) [PSYoungGen: 420917K->141297K(465920K)] 1148909K->940010K(1864192K), 0.0501896 secs] [Times: user=0.25 sys=0.00, real=0.05 secs] 
4608.033: [GC (GCLocker Initiated GC) [PSYoungGen: 374257K->133328K(465920K)] 1172970K->976856K(1864192K), 0.1283639 secs] [Times: user=0.71 sys=0.00, real=0.12 secs] 
4608.532: [GC (Allocation Failure) [PSYoungGen: 366288K->178997K(465920K)] 1209819K->1064969K(1864192K), 0.0394990 secs] [Times: user=0.17 sys=0.00, real=0.04 secs] 
4608.707: [GC (Allocation Failure) [PSYoungGen: 411957K->182998K(465920K)] 1297929K->1131599K(1864192K), 0.0597013 secs] [Times: user=0.29 sys=0.00, real=0.06 secs] 
4608.903: [GC (Allocation Failure) [PSYoungGen: 415958K->187509K(465920K)] 1364559K->1194349K(1864192K), 0.0824866 secs] [Times: user=0.42 sys=0.00, real=0.08 secs] 
4609.992: [GC (Allocation Failure) [PSYoungGen: 420469K->98507K(465920K)] 1427309K->1176184K(1864192K), 0.0595522 secs] [Times: user=0.32 sys=0.00, real=0.05 secs] 
4610.569: [GC (Allocation Failure) [PSYoungGen: 331467K->179349K(465920K)] 1409144K->1288327K(1864192K), 0.0504778 secs] [Times: user=0.23 sys=0.00, real=0.05 secs] 
4610.767: [GC (Allocation Failure) [PSYoungGen: 412309K->182421K(465920K)] 1521287K->1347527K(1864192K), 0.0456365 secs] [Times: user=0.21 sys=0.00, real=0.05 secs] 
4610.922: [GC (Allocation Failure) [PSYoungGen: 415381K->187829K(465920K)] 1580487K->1408478K(1864192K), 0.0475894 secs] [Times: user=0.22 sys=0.00, real=0.05 secs] 
4611.903: [GC (Allocation Failure) [PSYoungGen: 420789K->131568K(465920K)] 1641438K->1422937K(1864192K), 0.0510601 secs] [Times: user=0.26 sys=0.00, real=0.05 secs] 
4612.515: [GC (Allocation Failure) [PSYoungGen: 364528K->143905K(465920K)] 1655897K->1477054K(1864192K), 0.0929219 secs] [Times: user=0.49 sys=0.00, real=0.09 secs] 
4612.608: [Full GC (Ergonomics) [PSYoungGen: 143905K->0K(465920K)] [ParOldGen: 1333149K->161142K(1398272K)] 1477054K->161142K(1864192K), [Metaspace: 60421K->60421K(1105920K)], 0.1486102 secs] [Times: user=0.65 sys=0.00, real=0.15 secs] 
4612.895: [GC (Allocation Failure) [PSYoungGen: 232960K->182997K(465920K)] 394102K->344140K(1864192K), 0.0330643 secs] [Times: user=0.14 sys=0.00, real=0.03 secs] 
4613.062: [GC (Allocation Failure) [PSYoungGen: 415957K->182966K(465920K)] 577100K->408021K(1864192K), 0.0439044 secs] [Times: user=0.20 sys=0.00, real=0.05 secs] 
4613.243: [GC (Allocation Failure) [PSYoungGen: 415926K->187317K(465920K)] 640981K->470796K(1864192K), 0.0793983 secs] [Times: user=0.41 sys=0.00, real=0.07 secs] 
4615.234: [GC (Allocation Failure) [PSYoungGen: 420277K->92635K(465920K)] 703756K->446642K(1864192K), 0.1227835 secs] [Times: user=0.68 sys=0.00, real=0.12 secs] 
4615.889: [GC (Allocation Failure) [PSYoungGen: 325595K->184278K(465920K)] 679602K->568281K(1864192K), 0.0415791 secs] [Times: user=0.18 sys=0.00, real=0.04 secs] 
4616.050: [GC (Allocation Failure) [PSYoungGen: 417238K->182677K(465920K)] 801241K->622701K(1864192K), 0.0426624 secs] [Times: user=0.19 sys=0.01, real=0.05 secs] 
4616.201: [GC (Allocation Failure) [PSYoungGen: 415637K->187797K(465920K)] 855661K->683285K(1864192K), 0.0451787 secs] [Times: user=0.21 sys=0.00, real=0.05 secs] 
4617.252: [GC (Allocation Failure) [PSYoungGen: 420757K->123471K(465920K)] 916245K->689887K(1864192K), 0.0473479 secs] [Times: user=0.24 sys=0.00, real=0.05 secs] 
4617.986: [GC (Allocation Failure) [PSYoungGen: 356431K->149793K(465920K)] 922847K->755417K(1864192K), 0.1136476 secs] [Times: user=0.61 sys=0.00, real=0.11 secs] 
4618.260: [GC (Allocation Failure) [PSYoungGen: 382753K->184245K(465920K)] 988377K->836738K(1864192K), 0.0412539 secs] [Times: user=0.18 sys=0.00, real=0.04 secs] 
4618.437: [GC (GCLocker Initiated GC) [PSYoungGen: 417205K->185815K(465920K)] 1069699K->902580K(1864192K), 0.0564202 secs] [Times: user=0.27 sys=0.00, real=0.06 secs] 
4618.608: [GC (Allocation Failure) [PSYoungGen: 418775K->184597K(465920K)] 1135542K->960436K(1864192K), 0.0575444 secs] [Times: user=0.29 sys=0.00, real=0.06 secs] 
4619.796: [GC (Allocation Failure) [PSYoungGen: 417557K->95019K(465920K)] 1193396K->940539K(1864192K), 0.0722949 secs] [Times: user=0.38 sys=0.01, real=0.07 secs] 
4620.862: [GC (Allocation Failure) [PSYoungGen: 327979K->175509K(465920K)] 1173499K->1051225K(1864192K), 0.0536670 secs] [Times: user=0.24 sys=0.00, real=0.06 secs] 
4621.057: [GC (Allocation Failure) [PSYoungGen: 408469K->183029K(465920K)] 1284185K->1113470K(1864192K), 0.0445410 secs] [Times: user=0.21 sys=0.00, real=0.04 secs] 
4621.248: [GC (Allocation Failure) [PSYoungGen: 415989K->187637K(465920K)] 1346430K->1173974K(1864192K), 0.0687284 secs] [Times: user=0.34 sys=0.01, real=0.07 secs] 
4622.295: [GC (Allocation Failure) [PSYoungGen: 420597K->119214K(465920K)] 1406934K->1176199K(1864192K), 0.0488626 secs] [Times: user=0.25 sys=0.00, real=0.05 secs] 
4623.119: [GC (GCLocker Initiated GC) [PSYoungGen: 352174K->156866K(465920K)] 1409159K->1252092K(1864192K), 0.0896736 secs] [Times: user=0.46 sys=0.00, real=0.09 secs] 
4623.404: [GC (Allocation Failure) [PSYoungGen: 389826K->182389K(465920K)] 1485183K->1326658K(1864192K), 0.0537216 secs] [Times: user=0.26 sys=0.00, real=0.05 secs] 
4623.625: [GC (Allocation Failure) [PSYoungGen: 415349K->185847K(465920K)] 1559618K->1393803K(1864192K), 0.0775797 secs] [Times: user=0.39 sys=0.00, real=0.08 secs] 
4623.863: [GC (Allocation Failure) [PSYoungGen: 418807K->187605K(465920K)] 1626763K->1454466K(1864192K), 0.0819355 secs] [Times: user=0.42 sys=0.01, real=0.08 secs] 
4625.304: [GC (Allocation Failure) [PSYoungGen: 420565K->91130K(465920K)] 1687426K->1428775K(1864192K), 0.1043421 secs] [Times: user=0.58 sys=0.00, real=0.10 secs] 
4625.408: [Full GC (Ergonomics) [PSYoungGen: 91130K->0K(465920K)] [ParOldGen: 1337644K->103521K(1398272K)] 1428775K->103521K(1864192K), [Metaspace: 60421K->60421K(1105920K)], 0.1466328 secs] [Times: user=0.62 sys=0.00, real=0.15 secs] 
4625.945: [GC (Allocation Failure) [PSYoungGen: 232960K->182742K(465920K)] 336481K->286264K(1864192K), 0.0319186 secs] [Times: user=0.12 sys=0.00, real=0.03 secs] 
4626.106: [GC (Allocation Failure) [PSYoungGen: 415702K->185526K(465920K)] 519224K->346000K(1864192K), 0.0461765 secs] [Times: user=0.21 sys=0.00, real=0.05 secs] 
4626.279: [GC (Allocation Failure) [PSYoungGen: 418486K->187253K(465920K)] 578960K->403919K(1864192K), 0.0498957 secs] [Times: user=0.23 sys=0.00, real=0.05 secs] 
4627.274: [GC (Allocation Failure) [PSYoungGen: 420213K->106557K(465920K)] 636879K->393870K(1864192K), 0.0451044 secs] [Times: user=0.23 sys=0.00, real=0.04 secs] 
4628.044: [GC (Allocation Failure) [PSYoungGen: 339517K->162771K(465920K)] 626830K->484630K(1864192K), 0.0926594 secs] [Times: user=0.48 sys=0.01, real=0.09 secs] 
4628.288: [GC (Allocation Failure) [PSYoungGen: 395731K->185238K(465920K)] 717590K->558064K(1864192K), 0.0413756 secs] [Times: user=0.19 sys=0.00, real=0.04 secs] 
4628.465: [GC (Allocation Failure) [PSYoungGen: 418198K->186295K(465920K)] 791024K->623578K(1864192K), 0.0551067 secs] [Times: user=0.27 sys=0.00, real=0.05 secs] 
4628.652: [GC (Allocation Failure) [PSYoungGen: 419255K->187925K(465920K)] 856538K->684200K(1864192K), 0.0566972 secs] [Times: user=0.28 sys=0.00, real=0.05 secs] 
4630.287: [GC (Allocation Failure) [PSYoungGen: 420885K->91818K(465920K)] 917160K->658925K(1864192K), 0.0976326 secs] [Times: user=0.53 sys=0.00, real=0.10 secs] 
4631.138: [GC (Allocation Failure) [PSYoungGen: 324778K->180277K(465920K)] 891885K->776689K(1864192K), 0.0485232 secs] [Times: user=0.21 sys=0.00, real=0.05 secs] 
4631.318: [GC (Allocation Failure) [PSYoungGen: 413237K->185590K(465920K)] 1009649K->838249K(1864192K), 0.0440390 secs] [Times: user=0.20 sys=0.00, real=0.04 secs] 
4631.489: [GC (Allocation Failure) [PSYoungGen: 418550K->187669K(465920K)] 1071209K->896777K(1864192K), 0.0640629 secs] [Times: user=0.31 sys=0.00, real=0.07 secs] 
4632.580: [GC (Allocation Failure) [PSYoungGen: 420629K->104348K(465920K)] 1129737K->884264K(1864192K), 0.0575229 secs] [Times: user=0.30 sys=0.00, real=0.06 secs] 
4633.696: [GC (Allocation Failure) [PSYoungGen: 337308K->168596K(465920K)] 1117224K->982037K(1864192K), 0.0892238 secs] [Times: user=0.45 sys=0.00, real=0.09 secs] 
4633.939: [GC (Allocation Failure) [PSYoungGen: 401556K->179573K(465920K)] 1214997K->1045530K(1864192K), 0.0422496 secs] [Times: user=0.19 sys=0.00, real=0.04 secs] 
4634.095: [GC (Allocation Failure) [PSYoungGen: 412533K->185911K(465920K)] 1278490K->1115115K(1864192K), 0.0501505 secs] [Times: user=0.23 sys=0.00, real=0.05 secs] 
4634.316: [GC (Allocation Failure) [PSYoungGen: 418871K->187317K(465920K)] 1348075K->1175514K(1864192K), 0.0828210 secs] [Times: user=0.42 sys=0.00, real=0.08 secs] 
4635.649: [GC (Allocation Failure) [PSYoungGen: 420277K->93243K(465920K)] 1408474K->1152247K(1864192K), 0.0782191 secs] [Times: user=0.42 sys=0.00, real=0.08 secs] 
4636.258: [GC (Allocation Failure) [PSYoungGen: 326203K->179957K(465920K)] 1385207K->1268239K(1864192K), 0.0500723 secs] [Times: user=0.23 sys=0.00, real=0.05 secs] 
4636.437: [GC (Allocation Failure) [PSYoungGen: 412917K->185654K(465920K)] 1501199K->1329939K(1864192K), 0.0445961 secs] [Times: user=0.20 sys=0.00, real=0.04 secs] 
4636.587: [GC (Allocation Failure) [PSYoungGen: 418614K->187637K(465920K)] 1562899K->1388267K(1864192K), 0.0470012 secs] [Times: user=0.22 sys=0.00, real=0.05 secs] 
4637.608: [GC (Allocation Failure) [PSYoungGen: 420597K->103484K(465920K)] 1621227K->1374954K(1864192K), 0.0463340 secs] [Times: user=0.24 sys=0.00, real=0.05 secs] 
4638.963: [GC (Allocation Failure) [PSYoungGen: 336444K->164339K(465920K)] 1607914K->1469022K(1864192K), 0.1025864 secs] [Times: user=0.52 sys=0.00, real=0.10 secs] 
4639.269: [GC (Allocation Failure) [PSYoungGen: 397299K->185430K(465920K)] 1701982K->1542196K(1864192K), 0.0486790 secs] [Times: user=0.19 sys=0.00, real=0.05 secs] 
4639.317: [Full GC (Ergonomics) [PSYoungGen: 185430K->0K(465920K)] [ParOldGen: 1356766K->259411K(1398272K)] 1542196K->259411K(1864192K), [Metaspace: 60421K->60421K(1105920K)], 0.3209723 secs] [Times: user=1.47 sys=0.00, real=0.32 secs] 
4639.750: [GC (Allocation Failure) [PSYoungGen: 232960K->185911K(465920K)] 492371K->445322K(1864192K), 0.0771886 secs] [Times: user=0.40 sys=0.00, real=0.08 secs] 
4640.225: [GC (Allocation Failure) [PSYoungGen: 415740K->216052K(465920K)] 675152K->534584K(1864192K), 0.0548393 secs] [Times: user=0.27 sys=0.00, real=0.05 secs] 
4641.527: [GC (Allocation Failure) [PSYoungGen: 449012K->100988K(465920K)] 767544K->488095K(1864192K), 0.1050259 secs] [Times: user=0.56 sys=0.01, real=0.10 secs] 
4642.267: [GC (Allocation Failure) [PSYoungGen: 333948K->180630K(465920K)] 721055K->599826K(1864192K), 0.0490835 secs] [Times: user=0.21 sys=0.00, real=0.05 secs] 
4642.444: [GC (Allocation Failure) [PSYoungGen: 413590K->185686K(465920K)] 832786K->661438K(1864192K), 0.0429912 secs] [Times: user=0.20 sys=0.00, real=0.04 secs] 
4642.639: [GC (Allocation Failure) [PSYoungGen: 418646K->198004K(465920K)] 894398K->730029K(1864192K), 0.0655314 secs] [Times: user=0.32 sys=0.00, real=0.07 secs] 
4643.728: [GC (Allocation Failure) [PSYoungGen: 430964K->105356K(465920K)] 962989K->706013K(1864192K), 0.0470925 secs] [Times: user=0.24 sys=0.00, real=0.05 secs] 
4644.550: [GC (Allocation Failure) [PSYoungGen: 338316K->168020K(465920K)] 938973K->802457K(1864192K), 0.0795398 secs] [Times: user=0.39 sys=0.00, real=0.08 secs] 
4644.838: [GC (Allocation Failure) [PSYoungGen: 400980K->185014K(465920K)] 1035417K->872391K(1864192K), 0.0490453 secs] [Times: user=0.23 sys=0.00, real=0.05 secs] 
4644.999: [GC (Allocation Failure) [PSYoungGen: 417974K->186039K(465920K)] 1105351K->937816K(1864192K), 0.0496618 secs] [Times: user=0.23 sys=0.00, real=0.05 secs] 
4645.789: [GC (Allocation Failure) [PSYoungGen: 415996K->210067K(465920K)] 1167774K->1020821K(1864192K), 0.0557810 secs] [Times: user=0.27 sys=0.00, real=0.06 secs] 
4646.567: [GC (GCLocker Initiated GC) [PSYoungGen: 443027K->105708K(465920K)] 1253781K->982582K(1864192K), 0.0987366 secs] [Times: user=0.53 sys=0.00, real=0.10 secs] 
4647.047: [GC (Allocation Failure) [PSYoungGen: 338668K->175605K(465920K)] 1223865K->1094531K(1864192K), 0.1423101 secs] [Times: user=0.79 sys=0.00, real=0.14 secs] 
4647.342: [GC (Allocation Failure) [PSYoungGen: 408565K->184375K(465920K)] 1327491K->1159552K(1864192K), 0.1719994 secs] [Times: user=0.97 sys=0.00, real=0.18 secs] 
4647.621: [GC (Allocation Failure) [PSYoungGen: 417335K->187125K(465920K)] 1392512K->1221038K(1864192K), 0.1459598 secs] [Times: user=0.82 sys=0.00, real=0.15 secs] 
4649.173: [GC (Allocation Failure) [PSYoungGen: 420085K->95979K(465920K)] 1453998K->1200509K(1864192K), 0.1654684 secs] [Times: user=0.94 sys=0.00, real=0.16 secs] 
4650.379: [GC (Allocation Failure) [PSYoungGen: 328939K->173141K(465920K)] 1433469K->1308595K(1864192K), 0.0623404 secs] [Times: user=0.29 sys=0.00, real=0.06 secs] 
4650.611: [GC (Allocation Failure) [PSYoungGen: 406101K->185398K(465920K)] 1541555K->1375016K(1864192K), 0.0435046 secs] [Times: user=0.20 sys=0.00, real=0.05 secs] 
4650.763: [GC (Allocation Failure) [PSYoungGen: 417947K->177910K(465920K)] 1607566K->1432048K(1864192K), 0.0493372 secs] [Times: user=0.23 sys=0.00, real=0.04 secs] 
4651.690: [GC (Allocation Failure) [PSYoungGen: 410870K->168307K(465920K)] 1665008K->1478621K(1864192K), 0.0555645 secs] [Times: user=0.28 sys=0.00, real=0.06 secs] 
4652.385: [GC (Allocation Failure) [PSYoungGen: 401267K->110381K(465920K)] 1711581K->1485127K(1864192K), 0.0873252 secs] [Times: user=0.46 sys=0.01, real=0.08 secs] 
4652.472: [Full GC (Ergonomics) [PSYoungGen: 110381K->0K(465920K)] [ParOldGen: 1374746K->127875K(1398272K)] 1485127K->127875K(1864192K), [Metaspace: 60421K->60421K(1105920K)], 0.1706239 secs] [Times: user=0.76 sys=0.00, real=0.18 secs] 
4653.049: [GC (Allocation Failure) [PSYoungGen: 226817K->173237K(465920K)] 354693K->301112K(1864192K), 0.0357594 secs] [Times: user=0.13 sys=0.00, real=0.04 secs] 
4653.238: [GC (Allocation Failure) [PSYoungGen: 406197K->185366K(465920K)] 534072K->366977K(1864192K), 0.0411836 secs] [Times: user=0.19 sys=0.00, real=0.04 secs] 
4653.395: [GC (Allocation Failure) [PSYoungGen: 418326K->184596K(465920K)] 599937K->422384K(1864192K), 0.0450084 secs] [Times: user=0.20 sys=0.00, real=0.04 secs] 
4654.790: [GC (Allocation Failure) [PSYoungGen: 417556K->101228K(465920K)] 655344K->408664K(1864192K), 0.1111546 secs] [Times: user=0.61 sys=0.00, real=0.11 secs] 
4655.498: [GC (Allocation Failure) [PSYoungGen: 334188K->171028K(465920K)] 641624K->511680K(1864192K), 0.0746384 secs] [Times: user=0.36 sys=0.00, real=0.07 secs] 
4655.788: [GC (Allocation Failure) [PSYoungGen: 403988K->185174K(465920K)] 744640K->579538K(1864192K), 0.0527481 secs] [Times: user=0.25 sys=0.00, real=0.05 secs] 
4655.951: [GC (Allocation Failure) [PSYoungGen: 418134K->185335K(465920K)] 812498K->644171K(1864192K), 0.0497602 secs] [Times: user=0.23 sys=0.00, real=0.05 secs] 
4656.830: [GC (Allocation Failure) [PSYoungGen: 418295K->169875K(465920K)] 877131K->687535K(1864192K), 0.0568606 secs] [Times: user=0.29 sys=0.00, real=0.06 secs] 
4657.980: [GC (Allocation Failure) [PSYoungGen: 402835K->109709K(465920K)] 920495K->692369K(1864192K), 0.1092317 secs] [Times: user=0.59 sys=0.00, real=0.11 secs] 
4658.593: [GC (Allocation Failure) [PSYoungGen: 337398K->173461K(465920K)] 920059K->791270K(1864192K), 0.0477475 secs] [Times: user=0.22 sys=0.01, real=0.04 secs] 
4658.818: [GC (GCLocker Initiated GC) [PSYoungGen: 406421K->182517K(465920K)] 1024230K->854631K(1864192K), 0.0608523 secs] [Times: user=0.30 sys=0.00, real=0.06 secs] 
4659.035: [GC (Allocation Failure) [PSYoungGen: 415477K->187445K(465920K)] 1087630K->915013K(1864192K), 0.0619789 secs] [Times: user=0.30 sys=0.00, real=0.06 secs] 
4660.036: [GC (Allocation Failure) [PSYoungGen: 420405K->99852K(465920K)] 1147973K->898132K(1864192K), 0.0441447 secs] [Times: user=0.23 sys=0.00, real=0.04 secs] 
4660.568: [GC (Allocation Failure) [PSYoungGen: 332812K->174037K(465920K)] 1131092K->1004958K(1864192K), 0.0739782 secs] [Times: user=0.36 sys=0.00, real=0.07 secs] 
4660.799: [GC (Allocation Failure) [PSYoungGen: 406997K->184918K(465920K)] 1237918K->1069959K(1864192K), 0.0428935 secs] [Times: user=0.19 sys=0.00, real=0.04 secs] 
4660.983: [GC (Allocation Failure) [PSYoungGen: 417878K->183766K(465920K)] 1302919K->1133104K(1864192K), 0.0553589 secs] [Times: user=0.27 sys=0.00, real=0.05 secs] 
4661.942: [GC (Allocation Failure) [PSYoungGen: 416726K->212645K(465920K)] 1366064K->1220414K(1864192K), 0.0517812 secs] [Times: user=0.25 sys=0.01, real=0.06 secs] 
4663.257: [GC (Allocation Failure) [PSYoungGen: 445605K->104956K(465920K)] 1453374K->1177477K(1864192K), 0.0875836 secs] [Times: user=0.46 sys=0.01, real=0.09 secs] 
4663.649: [GC (Allocation Failure) [PSYoungGen: 330499K->177525K(465920K)] 1403020K->1283971K(1864192K), 0.0394903 secs] [Times: user=0.18 sys=0.00, real=0.04 secs] 
4663.799: [GC (Allocation Failure) [PSYoungGen: 410485K->185334K(465920K)] 1516931K->1347027K(1864192K), 0.0442139 secs] [Times: user=0.20 sys=0.00, real=0.05 secs] 
4663.970: [GC (Allocation Failure) [PSYoungGen: 418294K->184628K(465920K)] 1579987K->1402594K(1864192K), 0.0554191 secs] [Times: user=0.27 sys=0.00, real=0.06 secs] 
4665.264: [GC (Allocation Failure) [PSYoungGen: 417588K->102124K(465920K)] 1635554K->1389794K(1864192K), 0.0739215 secs] [Times: user=0.39 sys=0.00, real=0.07 secs] 
4666.742: [GC (GCLocker Initiated GC) [PSYoungGen: 335084K->170836K(465920K)] 1622754K->1491271K(1864192K), 0.0778915 secs] [Times: user=0.38 sys=0.00, real=0.08 secs] 
4666.820: [Full GC (Ergonomics) [PSYoungGen: 170836K->0K(465920K)] [ParOldGen: 1320434K->195556K(1398272K)] 1491271K->195556K(1864192K), [Metaspace: 60421K->60421K(1105920K)], 0.2292089 secs] [Times: user=1.09 sys=0.00, real=0.23 secs] 
4667.180: [GC (Allocation Failure) [PSYoungGen: 232960K->182709K(465920K)] 428522K->378272K(1864192K), 0.0336424 secs] [Times: user=0.14 sys=0.00, real=0.04 secs] 
4667.341: [GC (Allocation Failure) [PSYoungGen: 415669K->185975K(465920K)] 611232K->445538K(1864192K), 0.0438887 secs] [Times: user=0.20 sys=0.00, real=0.05 secs] 
4668.125: [GC (Allocation Failure) [PSYoungGen: 414330K->208851K(465920K)] 673893K->527382K(1864192K), 0.0553117 secs] [Times: user=0.28 sys=0.00, real=0.05 secs] 
4668.920: [GC (Allocation Failure) [PSYoungGen: 441811K->101676K(465920K)] 760342K->485871K(1864192K), 0.0925262 secs] [Times: user=0.50 sys=0.00, real=0.10 secs] 
4669.380: [GC (Allocation Failure) [PSYoungGen: 332860K->181110K(465920K)] 717055K->597589K(1864192K), 0.0404898 secs] [Times: user=0.18 sys=0.00, real=0.04 secs] 
4669.532: [GC (Allocation Failure) [PSYoungGen: 414070K->185558K(465920K)] 830549K->658478K(1864192K), 0.0430031 secs] [Times: user=0.19 sys=0.00, real=0.05 secs] 
4669.681: [GC (Allocation Failure) [PSYoungGen: 418518K->184180K(465920K)] 891438K->713324K(1864192K), 0.0447479 secs] [Times: user=0.21 sys=0.01, real=0.05 secs] 
4670.700: [GC (Allocation Failure) [PSYoungGen: 417140K->101580K(465920K)] 946284K->700244K(1864192K), 0.0462794 secs] [Times: user=0.24 sys=0.00, real=0.05 secs] 
4671.448: [GC (Allocation Failure) [PSYoungGen: 334540K->172308K(465920K)] 933204K->803617K(1864192K), 0.0616360 secs] [Times: user=0.30 sys=0.00, real=0.06 secs] 
4671.649: [GC (Allocation Failure) [PSYoungGen: 405268K->185270K(465920K)] 1036577K->870774K(1864192K), 0.0424227 secs] [Times: user=0.19 sys=0.00, real=0.04 secs] 
4671.804: [GC (Allocation Failure) [PSYoungGen: 418230K->185015K(465920K)] 1103734K->934992K(1864192K), 0.0499635 secs] [Times: user=0.23 sys=0.00, real=0.05 secs] 
4672.710: [GC (Allocation Failure) [PSYoungGen: 417975K->169715K(465920K)] 1167952K->978459K(1864192K), 0.0576106 secs] [Times: user=0.29 sys=0.00, real=0.06 secs] 
4674.266: [GC (Allocation Failure) [PSYoungGen: 402675K->105116K(465920K)] 1211419K->978893K(1864192K), 0.0904888 secs] [Times: user=0.48 sys=0.00, real=0.09 secs] 
4674.868: [GC (Allocation Failure) [PSYoungGen: 332835K->177237K(465920K)] 1206612K->1084503K(1864192K), 0.0487010 secs] [Times: user=0.22 sys=0.00, real=0.05 secs] 
4675.075: [GC (Allocation Failure) [PSYoungGen: 410197K->185526K(465920K)] 1317463K->1147892K(1864192K), 0.0515944 secs] [Times: user=0.24 sys=0.00, real=0.05 secs] 
4675.245: [GC (Allocation Failure) [PSYoungGen: 418486K->184981K(465920K)] 1380852K->1203530K(1864192K), 0.0460174 secs] [Times: user=0.22 sys=0.00, real=0.04 secs] 
4676.616: [GC (GCLocker Initiated GC) [PSYoungGen: 417941K->98699K(465920K)] 1436491K->1187034K(1864192K), 0.0883829 secs] [Times: user=0.48 sys=0.00, real=0.09 secs] 
4677.530: [GC (Allocation Failure) [PSYoungGen: 331659K->173653K(465920K)] 1419996K->1294310K(1864192K), 0.0855945 secs] [Times: user=0.42 sys=0.00, real=0.09 secs] 
4677.805: [GC (Allocation Failure) [PSYoungGen: 406613K->182357K(465920K)] 1527270K->1357087K(1864192K), 0.0476205 secs] [Times: user=0.23 sys=0.00, real=0.04 secs] 
4677.964: [GC (Allocation Failure) [PSYoungGen: 415317K->186199K(465920K)] 1590047K->1424640K(1864192K), 0.0503955 secs] [Times: user=0.24 sys=0.00, real=0.05 secs] 
4678.850: [GC (Allocation Failure) [PSYoungGen: 419159K->171251K(465920K)] 1657600K->1468637K(1864192K), 0.0596194 secs] [Times: user=0.31 sys=0.00, real=0.06 secs] 
4679.403: [GC (Allocation Failure) [PSYoungGen: 404211K->111005K(465920K)] 1701597K->1473974K(1864192K), 0.0806264 secs] [Times: user=0.43 sys=0.00, real=0.08 secs] 
4679.483: [Full GC (Ergonomics) [PSYoungGen: 111005K->0K(465920K)] [ParOldGen: 1362969K->128697K(1398272K)] 1473974K->128697K(1864192K), [Metaspace: 60421K->60421K(1105920K)], 0.1687520 secs] [Times: user=0.72 sys=0.01, real=0.16 secs] 
4680.210: [GC (Allocation Failure) [PSYoungGen: 232960K->176949K(465920K)] 361657K->305646K(1864192K), 0.0347520 secs] [Times: user=0.12 sys=0.01, real=0.04 secs] 
4680.426: [GC (Allocation Failure) [PSYoungGen: 409909K->179670K(465920K)] 538606K->370188K(1864192K), 0.0706552 secs] [Times: user=0.34 sys=0.00, real=0.07 secs] 
4680.671: [GC (Allocation Failure) [PSYoungGen: 412630K->187445K(465920K)] 603148K->435675K(1864192K), 0.0800933 secs] [Times: user=0.41 sys=0.00, real=0.08 secs] 
4681.844: [GC (Allocation Failure) [PSYoungGen: 420405K->103724K(465920K)] 668635K->422586K(1864192K), 0.0728569 secs] [Times: user=0.38 sys=0.00, real=0.07 secs] 
4682.715: [GC (Allocation Failure) [PSYoungGen: 336684K->173461K(465920K)] 655546K->525463K(1864192K), 0.0646311 secs] [Times: user=0.30 sys=0.00, real=0.06 secs] 
4682.940: [GC (Allocation Failure) [PSYoungGen: 406421K->185270K(465920K)] 758423K->591764K(1864192K), 0.0428201 secs] [Times: user=0.20 sys=0.00, real=0.05 secs] 
4683.133: [GC (Allocation Failure) [PSYoungGen: 405947K->175926K(465920K)] 812442K->646748K(1864192K), 0.0794270 secs] [Times: user=0.40 sys=0.00, real=0.07 secs] 
4684.066: [GC (Allocation Failure) [PSYoungGen: 408886K->169651K(402944K)] 879708K->696513K(1801216K), 0.0561681 secs] [Times: user=0.28 sys=0.00, real=0.05 secs] 
4684.902: [GC (Allocation Failure) [PSYoungGen: 402498K->108701K(460800K)] 929361K->700284K(1859072K), 0.0856479 secs] [Times: user=0.46 sys=0.00, real=0.09 secs] 
4685.394: [GC (Allocation Failure) [PSYoungGen: 332888K->173621K(463360K)] 924470K->800164K(1861632K), 0.0376646 secs] [Times: user=0.16 sys=0.00, real=0.03 secs] 
4685.573: [GC (Allocation Failure) [PSYoungGen: 404021K->183765K(465408K)] 1030564K->864181K(1863680K), 0.0544406 secs] [Times: user=0.25 sys=0.00, real=0.05 secs] 
4685.741: [GC (Allocation Failure) [PSYoungGen: 417749K->187925K(422400K)] 1098165K->924029K(1820672K), 0.0448518 secs] [Times: user=0.21 sys=0.00, real=0.05 secs] 
4686.777: [GC (Allocation Failure) [PSYoungGen: 421909K->97579K(465920K)] 1158013K->904363K(1864192K), 0.0496246 secs] [Times: user=0.26 sys=0.00, real=0.05 secs] 
4687.279: [GC (Allocation Failure) [PSYoungGen: 330539K->174389K(465920K)] 1137323K->1013001K(1864192K), 0.0834618 secs] [Times: user=0.41 sys=0.00, real=0.09 secs] 
4687.582: [GC (Allocation Failure) [PSYoungGen: 407349K->182453K(465920K)] 1245961K->1075786K(1864192K), 0.0547362 secs] [Times: user=0.26 sys=0.00, real=0.06 secs] 
4687.756: [GC (Allocation Failure) [PSYoungGen: 415413K->185975K(465920K)] 1308746K->1151292K(1864192K), 0.0504884 secs] [Times: user=0.24 sys=0.00, real=0.05 secs] 
4688.676: [GC (Allocation Failure) [PSYoungGen: 418935K->170675K(465920K)] 1384252K->1195060K(1864192K), 0.0569188 secs] [Times: user=0.29 sys=0.00, real=0.06 secs] 
4689.740: [GC (Allocation Failure) [PSYoungGen: 403635K->109117K(465920K)] 1428020K->1198630K(1864192K), 0.0794596 secs] [Times: user=0.42 sys=0.01, real=0.08 secs] 
4690.253: [GC (Allocation Failure) [PSYoungGen: 336541K->174421K(465920K)] 1426054K->1298730K(1864192K), 0.0441733 secs] [Times: user=0.20 sys=0.00, real=0.04 secs] 
4690.434: [GC (Allocation Failure) [PSYoungGen: 407381K->185494K(465920K)] 1531690K->1364599K(1864192K), 0.0633583 secs] [Times: user=0.29 sys=0.00, real=0.06 secs] 
4690.660: [GC (Allocation Failure) [PSYoungGen: 418454K->187381K(465920K)] 1597559K->1422702K(1864192K), 0.0672301 secs] [Times: user=0.33 sys=0.00, real=0.07 secs] 
4691.847: [GC (GCLocker Initiated GC) [PSYoungGen: 420341K->99132K(465920K)] 1655663K->1404997K(1864192K), 0.0741272 secs] [Times: user=0.40 sys=0.00, real=0.07 secs] 
4693.372: [GC (Allocation Failure) [PSYoungGen: 332092K->170644K(465920K)] 1638124K->1508554K(1864192K), 0.0859321 secs] [Times: user=0.42 sys=0.00, real=0.09 secs] 
4693.458: [Full GC (Ergonomics) [PSYoungGen: 170644K->0K(465920K)] [ParOldGen: 1337909K->195741K(1398272K)] 1508554K->195741K(1864192K), [Metaspace: 60423K->60423K(1105920K)], 0.2429028 secs] [Times: user=1.17 sys=0.00, real=0.24 secs] 
4693.817: [GC (Allocation Failure) [PSYoungGen: 232960K->182485K(465920K)] 428701K->378227K(1864192K), 0.0336292 secs] [Times: user=0.14 sys=0.00, real=0.03 secs] 
4693.995: [GC (Allocation Failure) [PSYoungGen: 415445K->186039K(465920K)] 611187K->445589K(1864192K), 0.0441617 secs] [Times: user=0.19 sys=0.00, real=0.04 secs] 
4694.906: [GC (Allocation Failure) [PSYoungGen: 418999K->171443K(465920K)] 678549K->490297K(1864192K), 0.0571056 secs] [Times: user=0.29 sys=0.00, real=0.06 secs] 
4695.394: [GC (Allocation Failure) [PSYoungGen: 404403K->109917K(465920K)] 723257K->494299K(1864192K), 0.0867760 secs] [Times: user=0.46 sys=0.01, real=0.08 secs] 
4695.851: [GC (Allocation Failure) [PSYoungGen: 337793K->173621K(465920K)] 722175K->592931K(1864192K), 0.0378495 secs] [Times: user=0.17 sys=0.00, real=0.04 secs] 
4696.001: [GC (Allocation Failure) [PSYoungGen: 406581K->185398K(465920K)] 825891K->659133K(1864192K), 0.0425887 secs] [Times: user=0.19 sys=0.00, real=0.05 secs] 
4696.150: [GC (Allocation Failure) [PSYoungGen: 418358K->184308K(465920K)] 892093K->714195K(1864192K), 0.0448356 secs] [Times: user=0.21 sys=0.00, real=0.05 secs] 
4697.261: [GC (Allocation Failure) [PSYoungGen: 417268K->101932K(465920K)] 947155K->701335K(1864192K), 0.0549182 secs] [Times: user=0.29 sys=0.00, real=0.06 secs] 
4698.002: [GC (Allocation Failure) [PSYoungGen: 334892K->175093K(465920K)] 934295K->807481K(1864192K), 0.0692998 secs] [Times: user=0.33 sys=0.00, real=0.07 secs] 
4698.225: [GC (Allocation Failure) [PSYoungGen: 408053K->182613K(465920K)] 1040441K->869829K(1864192K), 0.0420701 secs] [Times: user=0.19 sys=0.00, real=0.04 secs] 
4698.406: [GC (Allocation Failure) [PSYoungGen: 414944K->184695K(465920K)] 1102160K->935630K(1864192K), 0.0600287 secs] [Times: user=0.30 sys=0.00, real=0.06 secs] 
4699.337: [GC (Allocation Failure) [PSYoungGen: 417655K->169235K(464896K)] 1168590K->979003K(1863168K), 0.0553940 secs] [Times: user=0.28 sys=0.00, real=0.06 secs] 
4700.605: [GC (Allocation Failure) [PSYoungGen: 402195K->109005K(465408K)] 1211963K->983469K(1863680K), 0.1155081 secs] [Times: user=0.62 sys=0.00, real=0.11 secs] 
4701.192: [GC (Allocation Failure) [PSYoungGen: 334609K->174293K(465920K)] 1209073K->1083594K(1864192K), 0.0513637 secs] [Times: user=0.24 sys=0.00, real=0.06 secs] 
4701.375: [GC (Allocation Failure) [PSYoungGen: 407253K->185174K(465920K)] 1316554K->1148367K(1864192K), 0.0429284 secs] [Times: user=0.19 sys=0.00, real=0.04 secs] 
4701.658: [GC (Allocation Failure) [PSYoungGen: 418134K->200885K(465920K)] 1381327K->1220325K(1864192K), 0.0640725 secs] [Times: user=0.31 sys=0.00, real=0.06 secs] 
4703.256: [GC (Allocation Failure) [PSYoungGen: 433845K->100956K(465920K)] 1453285K->1190021K(1864192K), 0.0448589 secs] [Times: user=0.23 sys=0.00, real=0.04 secs] 
4703.645: [GC (Allocation Failure) [PSYoungGen: 333916K->175541K(465920K)] 1422981K->1297319K(1864192K), 0.0397158 secs] [Times: user=0.17 sys=0.00, real=0.04 secs] 
4703.816: [GC (Allocation Failure) [PSYoungGen: 408501K->181077K(465920K)] 1530279K->1357703K(1864192K), 0.0476670 secs] [Times: user=0.23 sys=0.00, real=0.05 secs] 
4704.006: [GC (Allocation Failure) [PSYoungGen: 414037K->185815K(465920K)] 1590663K->1425901K(1864192K), 0.0717188 secs] [Times: user=0.35 sys=0.00, real=0.07 secs] 
4704.888: [GC (Allocation Failure) [PSYoungGen: 418775K->212906K(465920K)] 1658861K->1512064K(1864192K), 0.0491766 secs] [Times: user=0.24 sys=0.00, real=0.05 secs] 
4706.191: [GC (Allocation Failure) [PSYoungGen: 445866K->107596K(465920K)] 1745024K->1471610K(1864192K), 0.0903307 secs] [Times: user=0.49 sys=0.00, real=0.09 secs] 
4706.282: [Full GC (Ergonomics) [PSYoungGen: 107596K->0K(465920K)] [ParOldGen: 1364013K->125290K(1398272K)] 1471610K->125290K(1864192K), [Metaspace: 60423K->60423K(1105920K)], 0.1790303 secs] [Times: user=0.79 sys=0.00, real=0.18 secs] 
4706.826: [GC (Allocation Failure) [PSYoungGen: 229033K->175349K(465920K)] 354323K->300639K(1864192K), 0.0241725 secs] [Times: user=0.08 sys=0.00, real=0.02 secs] 
4706.985: [GC (Allocation Failure) [PSYoungGen: 408309K->185878K(465920K)] 533599K->365928K(1864192K), 0.0542742 secs] [Times: user=0.25 sys=0.00, real=0.05 secs] 
4707.183: [GC (Allocation Failure) [PSYoungGen: 418838K->184628K(465920K)] 598888K->421095K(1864192K), 0.0448263 secs] [Times: user=0.21 sys=0.00, real=0.04 secs] 
4708.371: [GC (Allocation Failure) [PSYoungGen: 417588K->102316K(465920K)] 654055K->408254K(1864192K), 0.0672063 secs] [Times: user=0.36 sys=0.00, real=0.07 secs] 
4710.070: [GC (Allocation Failure) [PSYoungGen: 335276K->167636K(465920K)] 641214K->506163K(1864192K), 0.0826201 secs] [Times: user=0.40 sys=0.00, real=0.09 secs] 
4710.329: [GC (Allocation Failure) [PSYoungGen: 400596K->193334K(465920K)] 739123K->584657K(1864192K), 0.0420312 secs] [Times: user=0.18 sys=0.00, real=0.04 secs] 
4710.483: [GC (Allocation Failure) [PSYoungGen: 426294K->182998K(465920K)] 817617K->638746K(1864192K), 0.0493679 secs] [Times: user=0.23 sys=0.01, real=0.05 secs] 
4711.298: [GC (Allocation Failure) [PSYoungGen: 414797K->212051K(465920K)] 870544K->725775K(1864192K), 0.0545344 secs] [Times: user=0.27 sys=0.00, real=0.06 secs] 
4711.884: [GC (Allocation Failure) [PSYoungGen: 445011K->105644K(465920K)] 958735K->685928K(1864192K), 0.0688615 secs] [Times: user=0.36 sys=0.00, real=0.06 secs] 
4712.335: [GC (Allocation Failure) [PSYoungGen: 333861K->177269K(465920K)] 914145K->790917K(1864192K), 0.0419416 secs] [Times: user=0.19 sys=0.00, real=0.04 secs] 
4712.510: [GC (Allocation Failure) [PSYoungGen: 410229K->185878K(465920K)] 1023877K->854890K(1864192K), 0.0477114 secs] [Times: user=0.22 sys=0.00, real=0.05 secs] 
4712.691: [GC (Allocation Failure) [PSYoungGen: 418838K->184724K(465920K)] 1087850K->910193K(1864192K), 0.0453627 secs] [Times: user=0.21 sys=0.00, real=0.05 secs] 
4713.875: [GC (Allocation Failure) [PSYoungGen: 417684K->100348K(465920K)] 1143153K->895456K(1864192K), 0.0655833 secs] [Times: user=0.34 sys=0.00, real=0.06 secs] 
4714.935: [GC (Allocation Failure) [PSYoungGen: 333308K->170676K(465920K)] 1128416K->998621K(1864192K), 0.0636094 secs] [Times: user=0.31 sys=0.00, real=0.06 secs] 
4715.137: [GC (Allocation Failure) [PSYoungGen: 403636K->182677K(465920K)] 1231581K->1063846K(1864192K), 0.0423223 secs] [Times: user=0.18 sys=0.00, real=0.04 secs] 
4715.313: [GC (Allocation Failure) [PSYoungGen: 415637K->186071K(465920K)] 1296806K->1131227K(1864192K), 0.0655343 secs] [Times: user=0.32 sys=0.00, real=0.06 secs] 
4716.153: [GC (Allocation Failure) [PSYoungGen: 414798K->210291K(465920K)] 1359954K->1214584K(1864192K), 0.0576137 secs] [Times: user=0.28 sys=0.00, real=0.05 secs] 
4717.255: [GC (Allocation Failure) [PSYoungGen: 443251K->100027K(465920K)] 1447544K->1170384K(1864192K), 0.1116797 secs] [Times: user=0.59 sys=0.00, real=0.11 secs] 
4718.017: [GC (Allocation Failure) [PSYoungGen: 332987K->183510K(465920K)] 1403344K->1285464K(1864192K), 0.0502823 secs] [Times: user=0.23 sys=0.00, real=0.05 secs] 
4718.194: [GC (Allocation Failure) [PSYoungGen: 416470K->182965K(465920K)] 1518424K->1341887K(1864192K), 0.0438276 secs] [Times: user=0.20 sys=0.00, real=0.04 secs] 
4718.397: [GC (Allocation Failure) [PSYoungGen: 415925K->187317K(465920K)] 1574847K->1401830K(1864192K), 0.0653509 secs] [Times: user=0.32 sys=0.00, real=0.06 secs] 
4719.471: [GC (Allocation Failure) [PSYoungGen: 420277K->99580K(465920K)] 1634790K->1384693K(1864192K), 0.0493867 secs] [Times: user=0.26 sys=0.00, real=0.05 secs] 
4720.020: [GC (Allocation Failure) [PSYoungGen: 332540K->173845K(465920K)] 1617653K->1491495K(1864192K), 0.0721945 secs] [Times: user=0.34 sys=0.01, real=0.08 secs] 
4720.093: [Full GC (Ergonomics) [PSYoungGen: 173845K->0K(465920K)] [ParOldGen: 1317650K->198195K(1398272K)] 1491495K->198195K(1864192K), [Metaspace: 60423K->60423K(1105920K)], 0.2247927 secs] [Times: user=1.06 sys=0.00, real=0.22 secs] 
4720.431: [GC (Allocation Failure) [PSYoungGen: 232953K->185046K(465920K)] 431149K->383242K(1864192K), 0.0333977 secs] [Times: user=0.14 sys=0.00, real=0.04 secs] 
4720.574: [GC (Allocation Failure) [PSYoungGen: 415746K->183606K(465920K)] 613942K->446434K(1864192K), 0.0439280 secs] [Times: user=0.20 sys=0.00, real=0.04 secs] 
4721.380: [GC (Allocation Failure) [PSYoungGen: 411600K->206643K(465920K)] 674428K->527967K(1864192K), 0.0520200 secs] [Times: user=0.25 sys=0.00, real=0.05 secs] 
4722.892: [GC (Allocation Failure) [PSYoungGen: 439499K->101420K(465920K)] 760823K->487616K(1864192K), 0.1027975 secs] [Times: user=0.56 sys=0.00, real=0.11 secs] 
4723.875: [GC (Allocation Failure) [PSYoungGen: 334380K->179989K(465920K)] 720576K->598182K(1864192K), 0.0497297 secs] [Times: user=0.22 sys=0.00, real=0.05 secs] 
4724.054: [GC (Allocation Failure) [PSYoungGen: 412949K->182645K(465920K)] 831142K->656850K(1864192K), 0.0431098 secs] [Times: user=0.20 sys=0.00, real=0.04 secs] 
4724.206: [GC (Allocation Failure) [PSYoungGen: 415605K->187765K(465920K)] 889810K->717554K(1864192K), 0.0460021 secs] [Times: user=0.21 sys=0.00, real=0.04 secs] 
4725.286: [GC (Allocation Failure) [PSYoungGen: 420725K->102892K(465920K)] 950514K->703329K(1864192K), 0.0450587 secs] [Times: user=0.23 sys=0.00, real=0.04 secs] 
4726.629: [GC (Allocation Failure) [PSYoungGen: 335852K->165652K(465920K)] 936289K->798997K(1864192K), 0.0762694 secs] [Times: user=0.37 sys=0.01, real=0.08 secs] 
4726.905: [GC (Allocation Failure) [PSYoungGen: 398612K->185174K(465920K)] 1031957K->870748K(1864192K), 0.0537606 secs] [Times: user=0.25 sys=0.00, real=0.05 secs] 
4727.069: [GC (Allocation Failure) [PSYoungGen: 418134K->182934K(465920K)] 1103708K->932748K(1864192K), 0.0501556 secs] [Times: user=0.24 sys=0.00, real=0.05 secs] 
4727.858: [GC (Allocation Failure) [PSYoungGen: 414611K->215156K(465920K)] 1164425K->1023154K(1864192K), 0.0568173 secs] [Times: user=0.29 sys=0.00, real=0.06 secs] 
4728.558: [GC (Allocation Failure) [PSYoungGen: 448116K->99515K(465920K)] 1256114K->975137K(1864192K), 0.1106154 secs] [Times: user=0.60 sys=0.00, real=0.11 secs] 
4729.094: [GC (Allocation Failure) [PSYoungGen: 332475K->180693K(465920K)] 1208097K->1087472K(1864192K), 0.0460137 secs] [Times: user=0.20 sys=0.00, real=0.04 secs] 
4729.302: [GC (Allocation Failure) [PSYoungGen: 413653K->185238K(465920K)] 1320432K->1148797K(1864192K), 0.0623975 secs] [Times: user=0.30 sys=0.00, real=0.07 secs] 
4729.499: [GC (Allocation Failure) [PSYoungGen: 418198K->187381K(465920K)] 1381757K->1207116K(1864192K), 0.0461787 secs] [Times: user=0.22 sys=0.00, real=0.05 secs] 
4730.638: [GC (Allocation Failure) [PSYoungGen: 420341K->100668K(465920K)] 1440076K->1191063K(1864192K), 0.0578610 secs] [Times: user=0.31 sys=0.00, real=0.06 secs] 
4731.689: [GC (Allocation Failure) [PSYoungGen: 333628K->170612K(465920K)] 1424023K->1293895K(1864192K), 0.0737086 secs] [Times: user=0.35 sys=0.00, real=0.08 secs] 
4731.977: [GC (Allocation Failure) [PSYoungGen: 403572K->185174K(465920K)] 1526855K->1361701K(1864192K), 0.0595397 secs] [Times: user=0.28 sys=0.00, real=0.06 secs] 
4732.158: [GC (Allocation Failure) [PSYoungGen: 418134K->186167K(465920K)] 1594661K->1427174K(1864192K), 0.0508230 secs] [Times: user=0.24 sys=0.00, real=0.05 secs] 
4733.330: [GC (Allocation Failure) [PSYoungGen: 419127K->170867K(465920K)] 1660134K->1471202K(1864192K), 0.0589431 secs] [Times: user=0.29 sys=0.00, real=0.06 secs] 
4734.359: [GC (Allocation Failure) [PSYoungGen: 403827K->106764K(465920K)] 1704162K->1472412K(1864192K), 0.1089916 secs] [Times: user=0.59 sys=0.01, real=0.11 secs] 
4734.468: [Full GC (Ergonomics) [PSYoungGen: 106764K->0K(465920K)] [ParOldGen: 1365647K->124363K(1398272K)] 1472412K->124363K(1864192K), [Metaspace: 60427K->60427K(1105920K)], 0.1826993 secs] [Times: user=0.82 sys=0.00, real=0.18 secs] 
4735.078: [GC (Allocation Failure) [PSYoungGen: 231198K->176693K(465920K)] 355561K->301056K(1864192K), 0.0298481 secs] [Times: user=0.11 sys=0.00, real=0.03 secs] 
4735.225: [GC (Allocation Failure) [PSYoungGen: 409653K->185270K(465920K)] 534016K->364925K(1864192K), 0.0413096 secs] [Times: user=0.18 sys=0.00, real=0.04 secs] 
4735.373: [GC (Allocation Failure) [PSYoungGen: 418230K->184532K(465920K)] 597885K->420212K(1864192K), 0.0443313 secs] [Times: user=0.20 sys=0.00, real=0.04 secs] 
4736.509: [GC (Allocation Failure) [PSYoungGen: 417492K->102044K(465920K)] 653172K->407300K(1864192K), 0.0635385 secs] [Times: user=0.33 sys=0.00, real=0.06 secs] 
4737.305: [GC (Allocation Failure) [PSYoungGen: 335004K->171764K(465920K)] 640260K->509837K(1864192K), 0.0843528 secs] [Times: user=0.41 sys=0.00, real=0.08 secs] 
4737.604: [GC (Allocation Failure) [PSYoungGen: 404724K->185398K(465920K)] 742797K->577210K(1864192K), 0.0478597 secs] [Times: user=0.23 sys=0.00, real=0.04 secs] 
4737.760: [GC (Allocation Failure) [PSYoungGen: 418358K->183446K(465920K)] 810170K->639559K(1864192K), 0.0488491 secs] [Times: user=0.22 sys=0.00, real=0.05 secs] 
4738.634: [GC (Allocation Failure) [PSYoungGen: 416406K->170835K(465920K)] 872519K->685123K(1864192K), 0.0549257 secs] [Times: user=0.27 sys=0.00, real=0.05 secs] 
4739.745: [GC (Allocation Failure) [PSYoungGen: 403795K->108364K(465920K)] 918083K->688061K(1864192K), 0.1061554 secs] [Times: user=0.57 sys=0.01, real=0.10 secs] 
4740.624: [GC (Allocation Failure) [PSYoungGen: 337782K->175605K(465920K)] 917479K->789506K(1864192K), 0.0494646 secs] [Times: user=0.22 sys=0.00, real=0.05 secs] 
4740.813: [GC (Allocation Failure) [PSYoungGen: 408565K->185462K(465920K)] 1022466K->854239K(1864192K), 0.0432405 secs] [Times: user=0.19 sys=0.00, real=0.04 secs] 
4741.018: [GC (Allocation Failure) [PSYoungGen: 418422K->187477K(465920K)] 1087199K->912375K(1864192K), 0.0697783 secs] [Times: user=0.34 sys=0.00, real=0.07 secs] 
4742.240: [GC (Allocation Failure) [PSYoungGen: 420437K->101612K(465920K)] 1145335K->897125K(1864192K), 0.0736975 secs] [Times: user=0.40 sys=0.01, real=0.08 secs] 
4743.248: [GC (Allocation Failure) [PSYoungGen: 334572K->169172K(465920K)] 1130085K->997266K(1864192K), 0.0762132 secs] [Times: user=0.37 sys=0.00, real=0.08 secs] 
4743.538: [GC (Allocation Failure) [PSYoungGen: 402132K->184950K(465920K)] 1230226K->1066300K(1864192K), 0.0497005 secs] [Times: user=0.23 sys=0.00, real=0.05 secs] 
4743.723: [GC (Allocation Failure) [PSYoungGen: 417910K->184567K(465920K)] 1299260K->1130085K(1864192K), 0.0555456 secs] [Times: user=0.26 sys=0.00, real=0.05 secs] 
4744.648: [GC (Allocation Failure) [PSYoungGen: 417527K->168947K(464896K)] 1363045K->1173121K(1863168K), 0.0583258 secs] [Times: user=0.30 sys=0.00, real=0.06 secs] 
4745.234: [GC (Allocation Failure) [PSYoungGen: 401907K->110509K(465408K)] 1406081K->1179499K(1863680K), 0.1037893 secs] [Times: user=0.55 sys=0.00, real=0.10 secs] 
4745.990: [GC (Allocation Failure) [PSYoungGen: 337023K->173301K(465920K)] 1406014K->1277200K(1864192K), 0.0517689 secs] [Times: user=0.23 sys=0.00, real=0.05 secs] 
4746.174: [GC (Allocation Failure) [PSYoungGen: 406773K->185814K(465920K)] 1510672K->1343789K(1864192K), 0.0433116 secs] [Times: user=0.20 sys=0.00, real=0.04 secs] 
4746.367: [GC (Allocation Failure) [PSYoungGen: 419286K->187637K(465920K)] 1577261K->1401788K(1864192K), 0.0707767 secs] [Times: user=0.35 sys=0.00, real=0.07 secs] 
4747.476: [GC (Allocation Failure) [PSYoungGen: 420597K->99308K(465920K)] 1634748K->1384139K(1864192K), 0.0460647 secs] [Times: user=0.24 sys=0.00, real=0.04 secs] 
4748.612: [GC (Allocation Failure) [PSYoungGen: 332268K->172116K(465920K)] 1617099K->1488913K(1864192K), 0.0857251 secs] [Times: user=0.41 sys=0.01, real=0.09 secs] 
4748.698: [Full GC (Ergonomics) [PSYoungGen: 172116K->0K(465920K)] [ParOldGen: 1316796K->197312K(1398272K)] 1488913K->197312K(1864192K), [Metaspace: 60429K->60429K(1105920K)], 0.2549948 secs] [Times: user=1.24 sys=0.00, real=0.26 secs] 
4749.079: [GC (Allocation Failure) [PSYoungGen: 232960K->185238K(465920K)] 430272K->382550K(1864192K), 0.0328199 secs] [Times: user=0.13 sys=0.00, real=0.03 secs] 
4749.255: [GC (Allocation Failure) [PSYoungGen: 418198K->183478K(465920K)] 615510K->445151K(1864192K), 0.0456825 secs] [Times: user=0.21 sys=0.00, real=0.04 secs] 
4750.503: [GC (Allocation Failure) [PSYoungGen: 412144K->205779K(465920K)] 673816K->525883K(1864192K), 0.0533054 secs] [Times: user=0.27 sys=0.00, real=0.05 secs] 
4751.417: [GC (Allocation Failure) [PSYoungGen: 438739K->98939K(465920K)] 758843K->483560K(1864192K), 0.1009029 secs] [Times: user=0.54 sys=0.00, real=0.10 secs] 
4751.975: [GC (GCLocker Initiated GC) [PSYoungGen: 331899K->179829K(465920K)] 716523K->596230K(1864192K), 0.0487605 secs] [Times: user=0.18 sys=0.00, real=0.05 secs] 
4752.196: [GC (Allocation Failure) [PSYoungGen: 412789K->184630K(465920K)] 829191K->656919K(1864192K), 0.0595527 secs] [Times: user=0.28 sys=0.00, real=0.06 secs] 
4752.426: [GC (Allocation Failure) [PSYoungGen: 417590K->187541K(465920K)] 889879K->715947K(1864192K), 0.0643698 secs] [Times: user=0.31 sys=0.00, real=0.06 secs] 
4753.517: [GC (Allocation Failure) [PSYoungGen: 420501K->100908K(465920K)] 948907K->699922K(1864192K), 0.0499909 secs] [Times: user=0.27 sys=0.00, real=0.05 secs] 
4754.017: [GC (GCLocker Initiated GC) [PSYoungGen: 333868K->171316K(465920K)] 932882K->803195K(1864192K), 0.0702919 secs] [Times: user=0.34 sys=0.00, real=0.07 secs] 
4754.244: [GC (Allocation Failure) [PSYoungGen: 404276K->191221K(465920K)] 1036322K->876879K(1864192K), 0.0425701 secs] [Times: user=0.19 sys=0.00, real=0.04 secs] 
4754.400: [GC (Allocation Failure) [PSYoungGen: 424181K->186231K(465920K)] 1109839K->935681K(1864192K), 0.0498552 secs] [Times: user=0.24 sys=0.00, real=0.05 secs] 
4755.290: [GC (Allocation Failure) [PSYoungGen: 418349K->210003K(465920K)] 1167799K->1018445K(1864192K), 0.0553327 secs] [Times: user=0.27 sys=0.01, real=0.06 secs] 
4756.352: [GC (Allocation Failure) [PSYoungGen: 442963K->105580K(465920K)] 1251405K->980158K(1864192K), 0.0785139 secs] [Times: user=0.41 sys=0.00, real=0.08 secs] 
4756.847: [GC (Allocation Failure) [PSYoungGen: 338365K->177077K(465920K)] 1212943K->1085336K(1864192K), 0.0456422 secs] [Times: user=0.20 sys=0.00, real=0.05 secs] 
4757.008: [GC (Allocation Failure) [PSYoungGen: 410037K->185334K(465920K)] 1318296K->1149124K(1864192K), 0.0443955 secs] [Times: user=0.20 sys=0.00, real=0.04 secs] 
4757.161: [GC (Allocation Failure) [PSYoungGen: 418294K->187541K(465920K)] 1382084K->1207484K(1864192K), 0.0467299 secs] [Times: user=0.22 sys=0.00, real=0.05 secs] 
4758.531: [GC (Allocation Failure) [PSYoungGen: 420501K->99084K(465920K)] 1440444K->1189650K(1864192K), 0.0479272 secs] [Times: user=0.25 sys=0.00, real=0.05 secs] 
4760.052: [GC (Allocation Failure) [PSYoungGen: 332044K->170612K(465920K)] 1422610K->1292784K(1864192K), 0.0865985 secs] [Times: user=0.42 sys=0.00, real=0.09 secs] 
4760.350: [GC (Allocation Failure) [PSYoungGen: 403572K->185558K(465920K)] 1525744K->1361137K(1864192K), 0.0528353 secs] [Times: user=0.25 sys=0.00, real=0.06 secs] 
4760.513: [GC (Allocation Failure) [PSYoungGen: 418518K->183286K(465920K)] 1594097K->1423238K(1864192K), 0.0504811 secs] [Times: user=0.23 sys=0.01, real=0.05 secs] 
4761.314: [GC (Allocation Failure) [PSYoungGen: 411681K->209395K(465920K)] 1651633K->1507363K(1864192K), 0.0553963 secs] [Times: user=0.28 sys=0.00, real=0.05 secs] 
4762.102: [GC (Allocation Failure) [PSYoungGen: 442355K->102204K(465920K)] 1740323K->1466124K(1864192K), 0.0809698 secs] [Times: user=0.43 sys=0.01, real=0.09 secs] 
4762.183: [Full GC (Ergonomics) [PSYoungGen: 102204K->0K(465920K)] [ParOldGen: 1363919K->119939K(1398272K)] 1466124K->119939K(1864192K), [Metaspace: 60430K->60430K(1105920K)], 0.1562776 secs] [Times: user=0.66 sys=0.00, real=0.15 secs] 
4762.737: [GC (Allocation Failure) [PSYoungGen: 232773K->181206K(465920K)] 352712K->301145K(1864192K), 0.0306422 secs] [Times: user=0.11 sys=0.00, real=0.03 secs] 
4762.952: [GC (Allocation Failure) [PSYoungGen: 414086K->182389K(465920K)] 534026K->359109K(1864192K), 0.0603734 secs] [Times: user=0.28 sys=0.00, real=0.07 secs] 
4763.181: [GC (Allocation Failure) [PSYoungGen: 415349K->187285K(465920K)] 592069K->419461K(1864192K), 0.0633995 secs] [Times: user=0.31 sys=0.00, real=0.07 secs] 
4764.462: [GC (Allocation Failure) [PSYoungGen: 420245K->100140K(465920K)] 652421K->402899K(1864192K), 0.0611160 secs] [Times: user=0.32 sys=0.00, real=0.07 secs] 
4765.395: [GC (GCLocker Initiated GC) [PSYoungGen: 333100K->173621K(465920K)] 635860K->509121K(1864192K), 0.0772627 secs] [Times: user=0.37 sys=0.00, real=0.07 secs] 
4765.635: [GC (Allocation Failure) [PSYoungGen: 406581K->193462K(465920K)] 742083K->583125K(1864192K), 0.0431166 secs] [Times: user=0.19 sys=0.00, real=0.04 secs] 
4765.815: [GC (Allocation Failure) [PSYoungGen: 426422K->183158K(465920K)] 816085K->637285K(1864192K), 0.0562426 secs] [Times: user=0.27 sys=0.00, real=0.05 secs] 
4766.736: [GC (Allocation Failure) [PSYoungGen: 416118K->170259K(465920K)] 870245K->682258K(1864192K), 0.0570410 secs] [Times: user=0.29 sys=0.00, real=0.06 secs] 
4768.108: [GC (Allocation Failure) [PSYoungGen: 403219K->106108K(465920K)] 915218K->683195K(1864192K), 0.1133570 secs] [Times: user=0.62 sys=0.01, real=0.11 secs] 
4768.613: [GC (Allocation Failure) [PSYoungGen: 334580K->177077K(465920K)] 911667K->788205K(1864192K), 0.0430231 secs] [Times: user=0.20 sys=0.00, real=0.04 secs] 
4768.767: [GC (Allocation Failure) [PSYoungGen: 410037K->184726K(465920K)] 1021165K->850969K(1864192K), 0.0434480 secs] [Times: user=0.20 sys=0.00, real=0.04 secs] 
4768.919: [GC (Allocation Failure) [PSYoungGen: 417686K->187157K(465920K)] 1083929K->909497K(1864192K), 0.0457250 secs] [Times: user=0.21 sys=0.00, real=0.05 secs] 
4770.500: [GC (Allocation Failure) [PSYoungGen: 420117K->98908K(465920K)] 1142457K->891735K(1864192K), 0.1088033 secs] [Times: user=0.60 sys=0.00, real=0.11 secs] 
4771.752: [GC (Allocation Failure) [PSYoungGen: 331868K->171028K(465920K)] 1124695K->995669K(1864192K), 0.0873391 secs] [Times: user=0.43 sys=0.00, real=0.09 secs] 
4772.052: [GC (Allocation Failure) [PSYoungGen: 403988K->185494K(465920K)] 1228629K->1063662K(1864192K), 0.0457057 secs] [Times: user=0.21 sys=0.00, real=0.05 secs] 
4772.207: [GC (Allocation Failure) [PSYoungGen: 418454K->185399K(465920K)] 1296622K->1128016K(1864192K), 0.0498425 secs] [Times: user=0.23 sys=0.01, real=0.05 secs] 
4773.144: [GC (Allocation Failure) [PSYoungGen: 418359K->168947K(465920K)] 1360976K->1170427K(1864192K), 0.0585195 secs] [Times: user=0.30 sys=0.00, real=0.05 secs] 
4774.216: [GC (Allocation Failure) [PSYoungGen: 401907K->108300K(465920K)] 1403387K->1174581K(1864192K), 0.1110386 secs] [Times: user=0.60 sys=0.00, real=0.11 secs] 
4774.886: [GC (Allocation Failure) [PSYoungGen: 336075K->174453K(465920K)] 1402356K->1275543K(1864192K), 0.0479490 secs] [Times: user=0.22 sys=0.00, real=0.05 secs] 
4775.055: [GC (Allocation Failure) [PSYoungGen: 407413K->185686K(465920K)] 1508503K->1341080K(1864192K), 0.0443600 secs] [Times: user=0.20 sys=0.00, real=0.04 secs] 
4775.209: [GC (Allocation Failure) [PSYoungGen: 418646K->187765K(465920K)] 1574040K->1399415K(1864192K), 0.0467179 secs] [Times: user=0.22 sys=0.00, real=0.05 secs] 
4776.411: [GC (GCLocker Initiated GC) [PSYoungGen: 420725K->98939K(465920K)] 1632375K->1381381K(1864192K), 0.0597970 secs] [Times: user=0.31 sys=0.01, real=0.06 secs] 
4777.766: [GC (Allocation Failure) [PSYoungGen: 331899K->168788K(465920K)] 1614508K->1483041K(1864192K), 0.0778717 secs] [Times: user=0.37 sys=0.00, real=0.08 secs] 
4777.844: [Full GC (Ergonomics) [PSYoungGen: 168788K->0K(465920K)] [ParOldGen: 1314253K->194002K(1398272K)] 1483041K->194002K(1864192K), [Metaspace: 60430K->60430K(1105920K)], 0.2610377 secs] [Times: user=1.29 sys=0.00, real=0.26 secs] 
4778.217: [GC (Allocation Failure) [PSYoungGen: 232960K->185366K(465920K)] 426962K->379368K(1864192K), 0.0316915 secs] [Times: user=0.13 sys=0.00, real=0.03 secs] 
4778.383: [GC (Allocation Failure) [PSYoungGen: 418326K->186039K(465920K)] 612328K->444369K(1864192K), 0.0440788 secs] [Times: user=0.20 sys=0.00, real=0.04 secs] 
4779.279: [GC (Allocation Failure) [PSYoungGen: 418999K->169427K(465920K)] 677329K->486693K(1864192K), 0.0570079 secs] [Times: user=0.29 sys=0.00, real=0.06 secs] 
4779.873: [GC (Allocation Failure) [PSYoungGen: 402387K->109053K(465920K)] 719653K->491351K(1864192K), 0.0892692 secs] [Times: user=0.46 sys=0.00, real=0.08 secs] 
4780.598: [GC (Allocation Failure) [PSYoungGen: 338031K->174901K(465920K)] 720329K->591764K(1864192K), 0.0495655 secs] [Times: user=0.22 sys=0.00, real=0.05 secs] 
4780.779: [GC (Allocation Failure) [PSYoungGen: 407861K->185526K(465920K)] 824724K->657065K(1864192K), 0.0429809 secs] [Times: user=0.20 sys=0.00, real=0.04 secs] 
4780.931: [GC (Allocation Failure) [PSYoungGen: 418486K->187509K(465920K)] 890025K->715176K(1864192K), 0.0456639 secs] [Times: user=0.21 sys=0.00, real=0.05 secs] 
4782.134: [GC (Allocation Failure) [PSYoungGen: 420469K->101020K(465920K)] 948136K->699535K(1864192K), 0.0520127 secs] [Times: user=0.27 sys=0.00, real=0.05 secs] 
4783.277: [GC (Allocation Failure) [PSYoungGen: 333980K->172852K(465920K)] 932495K->803901K(1864192K), 0.0743759 secs] [Times: user=0.35 sys=0.00, real=0.07 secs] 
4783.515: [GC (GCLocker Initiated GC) [PSYoungGen: 405812K->180629K(465920K)] 1036861K->865469K(1864192K), 0.0420244 secs] [Times: user=0.19 sys=0.00, real=0.04 secs] 
4783.733: [GC (Allocation Failure) [PSYoungGen: 413589K->185783K(465920K)] 1098597K->933886K(1864192K), 0.0737006 secs] [Times: user=0.36 sys=0.01, real=0.07 secs] 
4784.724: [GC (Allocation Failure) [PSYoungGen: 418743K->168947K(401920K)] 1166846K->975986K(1800192K), 0.0564065 secs] [Times: user=0.28 sys=0.00, real=0.05 secs] 
4785.658: [GC (GCLocker Initiated GC) [PSYoungGen: 401907K->109709K(464896K)] 1208947K->981389K(1863168K), 0.1016812 secs] [Times: user=0.54 sys=0.00, real=0.10 secs] 
4786.251: [GC (Allocation Failure) [PSYoungGen: 342157K->179541K(465408K)] 1213839K->1086720K(1863680K), 0.0403755 secs] [Times: user=0.18 sys=0.01, real=0.04 secs] 
4786.404: [GC (Allocation Failure) [PSYoungGen: 411989K->185079K(465920K)] 1319168K->1154866K(1864192K), 0.0496265 secs] [Times: user=0.23 sys=0.00, real=0.05 secs] 
4786.559: [GC (Allocation Failure) [PSYoungGen: 418039K->181844K(465920K)] 1387826K->1210383K(1864192K), 0.0577819 secs] [Times: user=0.29 sys=0.00, real=0.06 secs] 
4787.593: [GC (Allocation Failure) [PSYoungGen: 414804K->103708K(465920K)] 1443343K->1200968K(1864192K), 0.0477805 secs] [Times: user=0.25 sys=0.00, real=0.04 secs] 
4788.239: [GC (Allocation Failure) [PSYoungGen: 336668K->172372K(465920K)] 1433928K->1303125K(1864192K), 0.0502677 secs] [Times: user=0.23 sys=0.00, real=0.05 secs] 
4788.412: [GC (Allocation Failure) [PSYoungGen: 405332K->185334K(465920K)] 1536085K->1370022K(1864192K), 0.0431438 secs] [Times: user=0.19 sys=0.00, real=0.05 secs] 
4788.559: [GC (Allocation Failure) [PSYoungGen: 404930K->175317K(465920K)] 1589618K->1424630K(1864192K), 0.0487648 secs] [Times: user=0.23 sys=0.00, real=0.05 secs] 
4789.452: [GC (Allocation Failure) [PSYoungGen: 408277K->169427K(458752K)] 1657590K->1474395K(1857024K), 0.0560895 secs] [Times: user=0.28 sys=0.00, real=0.06 secs] 
4790.643: [GC (Allocation Failure) [PSYoungGen: 402387K->105436K(462336K)] 1707355K->1475189K(1860608K), 0.0915634 secs] [Times: user=0.49 sys=0.00, real=0.09 secs] 
4790.734: [Full GC (Ergonomics) [PSYoungGen: 105436K->0K(462336K)] [ParOldGen: 1369752K->123541K(1398272K)] 1475189K->123541K(1860608K), [Metaspace: 60430K->60430K(1105920K)], 0.1766958 secs] [Times: user=0.77 sys=0.01, real=0.17 secs] 
4791.502: [GC (Allocation Failure) [PSYoungGen: 232004K->177781K(466432K)] 355546K->301323K(1864704K), 0.0300258 secs] [Times: user=0.10 sys=0.00, real=0.03 secs] 
4791.647: [GC (GCLocker Initiated GC) [PSYoungGen: 411253K->184726K(465920K)] 534795K->363892K(1864192K), 0.0415158 secs] [Times: user=0.19 sys=0.00, real=0.04 secs] 
4791.798: [GC (Allocation Failure) [PSYoungGen: 418198K->188085K(465920K)] 597366K->423230K(1864192K), 0.0446665 secs] [Times: user=0.20 sys=0.00, real=0.04 secs] 
4793.048: [GC (Allocation Failure) [PSYoungGen: 421045K->101164K(465920K)] 656190K->407133K(1864192K), 0.0630346 secs] [Times: user=0.33 sys=0.00, real=0.06 secs] 
4794.098: [GC (Allocation Failure) [PSYoungGen: 334124K->172948K(465920K)] 640093K->511322K(1864192K), 0.0860398 secs] [Times: user=0.42 sys=0.00, real=0.09 secs] 
4794.407: [GC (Allocation Failure) [PSYoungGen: 405908K->185238K(465920K)] 744282K->578131K(1864192K), 0.0469768 secs] [Times: user=0.21 sys=0.00, real=0.05 secs] 
4794.590: [GC (Allocation Failure) [PSYoungGen: 418198K->182230K(465920K)] 811091K->639332K(1864192K), 0.0592637 secs] [Times: user=0.29 sys=0.00, real=0.06 secs] 
4795.562: [GC (Allocation Failure) [PSYoungGen: 415190K->168275K(401408K)] 872292K->683056K(1799680K), 0.0562020 secs] [Times: user=0.28 sys=0.00, real=0.06 secs] 
4796.072: [GC (Allocation Failure) [PSYoungGen: 401235K->112269K(463872K)] 916016K->691611K(1862144K), 0.0810871 secs] [Times: user=0.42 sys=0.01, real=0.09 secs] 
4796.452: [GC (Allocation Failure) [PSYoungGen: 344205K->175700K(464896K)] 923547K->790775K(1863168K), 0.0388396 secs] [Times: user=0.17 sys=0.00, real=0.04 secs] 
4796.604: [GC (Allocation Failure) [PSYoungGen: 407636K->184183K(465920K)] 1022711K->861177K(1864192K), 0.0489838 secs] [Times: user=0.22 sys=0.01, real=0.05 secs] 
4796.762: [GC (Allocation Failure) [PSYoungGen: 417143K->187221K(465920K)] 1094137K->922592K(1864192K), 0.0587642 secs] [Times: user=0.29 sys=0.00, real=0.06 secs] 
4797.788: [GC (Allocation Failure) [PSYoungGen: 420181K->101340K(465920K)] 1155552K->907231K(1864192K), 0.0475457 secs] [Times: user=0.25 sys=0.00, real=0.05 secs] 
4798.930: [GC (Allocation Failure) [PSYoungGen: 334300K->169524K(465920K)] 1140191K->1007708K(1864192K), 0.0752467 secs] [Times: user=0.36 sys=0.00, real=0.08 secs] 
4799.174: [GC (Allocation Failure) [PSYoungGen: 402484K->185622K(465920K)] 1240668K->1077305K(1864192K), 0.0433701 secs] [Times: user=0.19 sys=0.00, real=0.04 secs] 
4799.326: [GC (Allocation Failure) [PSYoungGen: 410118K->177366K(465920K)] 1301802K->1133329K(1864192K), 0.0494897 secs] [Times: user=0.23 sys=0.00, real=0.05 secs] 
4800.312: [GC (Allocation Failure) [PSYoungGen: 410326K->168242K(458752K)] 1366289K->1180566K(1857024K), 0.0564601 secs] [Times: user=0.28 sys=0.01, real=0.05 secs] 
4801.337: [GC (Allocation Failure) [PSYoungGen: 401202K->109117K(462336K)] 1413526K->1185744K(1860608K), 0.1213971 secs] [Times: user=0.66 sys=0.00, real=0.12 secs] 
4801.990: [GC (Allocation Failure) [PSYoungGen: 342077K->180053K(465408K)] 1418704K->1291910K(1863680K), 0.0517296 secs] [Times: user=0.24 sys=0.00, real=0.05 secs] 
4802.223: [GC (Allocation Failure) [PSYoungGen: 413013K->180054K(465920K)] 1524870K->1354527K(1864192K), 0.0707268 secs] [Times: user=0.35 sys=0.00, real=0.07 secs] 
4802.410: [GC (Allocation Failure) [PSYoungGen: 413014K->187669K(465408K)] 1587487K->1419982K(1863680K), 0.0583171 secs] [Times: user=0.28 sys=0.00, real=0.06 secs] 
4803.432: [GC (Allocation Failure) [PSYoungGen: 420629K->104012K(465920K)] 1652942K->1407069K(1864192K), 0.0487200 secs] [Times: user=0.26 sys=0.00, real=0.05 secs] 
4804.146: [GC (Allocation Failure) [PSYoungGen: 336972K->175989K(465920K)] 1640029K->1512651K(1864192K), 0.0712998 secs] [Times: user=0.34 sys=0.00, real=0.07 secs] 
4804.218: [Full GC (Ergonomics) [PSYoungGen: 175989K->0K(465920K)] [ParOldGen: 1336661K->204607K(1398272K)] 1512651K->204607K(1864192K), [Metaspace: 60430K->60430K(1105920K)], 0.2454487 secs] [Times: user=1.17 sys=0.00, real=0.25 secs] 
4804.584: [GC (Allocation Failure) [PSYoungGen: 232960K->179509K(465920K)] 437567K->384117K(1864192K), 0.0322788 secs] [Times: user=0.13 sys=0.00, real=0.03 secs] 
4804.748: [GC (Allocation Failure) [PSYoungGen: 403236K->177398K(465920K)] 607843K->445109K(1864192K), 0.0537207 secs] [Times: user=0.26 sys=0.00, real=0.05 secs] 
4805.630: [GC (Allocation Failure) [PSYoungGen: 410358K->168243K(401408K)] 678069K->492298K(1799680K), 0.0552266 secs] [Times: user=0.28 sys=0.00, real=0.06 secs] 
4806.129: [GC (Allocation Failure) [PSYoungGen: 401203K->113261K(458752K)] 725258K->501741K(1857024K), 0.0833546 secs] [Times: user=0.44 sys=0.00, real=0.08 secs] 
4806.533: [GC (Allocation Failure) [PSYoungGen: 343661K->177781K(461312K)] 732141K->601945K(1859584K), 0.0393871 secs] [Times: user=0.18 sys=0.00, real=0.04 secs] 
4806.682: [GC (Allocation Failure) [PSYoungGen: 408181K->180374K(467456K)] 832345K->666735K(1865728K), 0.0479318 secs] [Times: user=0.22 sys=0.00, real=0.05 secs] 
4806.856: [GC (Allocation Failure) [PSYoungGen: 417942K->191349K(429056K)] 904303K->735182K(1827328K), 0.0704239 secs] [Times: user=0.36 sys=0.00, real=0.07 secs] 
4808.326: [GC (GCLocker Initiated GC) [PSYoungGen: 428917K->100732K(465920K)] 972750K->716421K(1864192K), 0.1336127 secs] [Times: user=0.74 sys=0.01, real=0.13 secs] 
4809.268: [GC (Allocation Failure) [PSYoungGen: 333692K->175317K(465920K)] 949547K->823581K(1864192K), 0.0526629 secs] [Times: user=0.24 sys=0.00, real=0.05 secs] 
4809.460: [GC (Allocation Failure) [PSYoungGen: 408277K->182997K(465920K)] 1056541K->886014K(1864192K), 0.0438326 secs] [Times: user=0.20 sys=0.00, real=0.05 secs] 
4809.612: [GC (Allocation Failure) [PSYoungGen: 415957K->188213K(465920K)] 1118974K->947158K(1864192K), 0.0468069 secs] [Times: user=0.22 sys=0.00, real=0.05 secs] 
4810.621: [GC (Allocation Failure) [PSYoungGen: 421173K->151858K(465920K)] 1180118K->981611K(1864192K), 0.0524125 secs] [Times: user=0.26 sys=0.00, real=0.06 secs] 
4811.709: [GC (GCLocker Initiated GC) [PSYoungGen: 384818K->121838K(465920K)] 1214571K->999719K(1864192K), 0.1504167 secs] [Times: user=0.85 sys=0.00, real=0.15 secs] 
4812.145: [GC (Allocation Failure) [PSYoungGen: 354798K->188085K(465920K)] 1232718K->1104854K(1864192K), 0.0381412 secs] [Times: user=0.16 sys=0.00, real=0.04 secs] 
4812.291: [GC (GCLocker Initiated GC) [PSYoungGen: 421045K->182518K(465920K)] 1337816K->1162054K(1864192K), 0.0495895 secs] [Times: user=0.23 sys=0.00, real=0.05 secs] 
4812.447: [GC (Allocation Failure) [PSYoungGen: 415478K->199924K(465920K)] 1395015K->1237502K(1864192K), 0.0583623 secs] [Times: user=0.29 sys=0.00, real=0.06 secs] 
4813.583: [GC (Allocation Failure) [PSYoungGen: 432884K->101804K(465920K)] 1470462K->1208813K(1864192K), 0.0583667 secs] [Times: user=0.31 sys=0.00, real=0.05 secs] 
4814.376: [GC (Allocation Failure) [PSYoungGen: 334764K->175253K(465920K)] 1441773K->1314643K(1864192K), 0.0558718 secs] [Times: user=0.25 sys=0.00, real=0.05 secs] 
4814.577: [GC (Allocation Failure) [PSYoungGen: 408213K->185366K(465920K)] 1547603K->1379456K(1864192K), 0.0450314 secs] [Times: user=0.20 sys=0.00, real=0.04 secs] 
4814.729: [GC (Allocation Failure) [PSYoungGen: 418326K->184885K(465920K)] 1612416K->1435207K(1864192K), 0.0474234 secs] [Times: user=0.23 sys=0.00, real=0.05 secs] 
4815.738: [GC (Allocation Failure) [PSYoungGen: 417845K->147890K(465920K)] 1668167K->1467892K(1864192K), 0.0526220 secs] [Times: user=0.27 sys=0.00, real=0.05 secs] 
4815.791: [Full GC (Ergonomics) [PSYoungGen: 147890K->0K(465920K)] [ParOldGen: 1320002K->355359K(1398272K)] 1467892K->355359K(1864192K), [Metaspace: 60430K->60430K(1105920K)], 0.5689896 secs] [Times: user=2.46 sys=0.00, real=0.57 secs] 
4818.233: [GC (Allocation Failure) [PSYoungGen: 232960K->127343K(465920K)] 588319K->482702K(1864192K), 0.0506372 secs] [Times: user=0.20 sys=0.00, real=0.05 secs] 
4818.744: [GC (Allocation Failure) [PSYoungGen: 360303K->177333K(465920K)] 715662K->573561K(1864192K), 0.0487026 secs] [Times: user=0.22 sys=0.00, real=0.05 secs] 
4818.960: [GC (Allocation Failure) [PSYoungGen: 410293K->185879K(465920K)] 806521K->644219K(1864192K), 0.0754644 secs] [Times: user=0.37 sys=0.00, real=0.08 secs] 
4819.159: [GC (Allocation Failure) [PSYoungGen: 418839K->187477K(465920K)] 877179K->704921K(1864192K), 0.0575467 secs] [Times: user=0.28 sys=0.00, real=0.06 secs] 
4820.532: [GC (Allocation Failure) [PSYoungGen: 420437K->92987K(465920K)] 937881K->681143K(1864192K), 0.1025615 secs] [Times: user=0.56 sys=0.01, real=0.11 secs] 
4821.642: [GC (Allocation Failure) [PSYoungGen: 325947K->183253K(465920K)] 914103K->801594K(1864192K), 0.0497175 secs] [Times: user=0.21 sys=0.00, real=0.05 secs] 
4821.901: [GC (Allocation Failure) [PSYoungGen: 416213K->185302K(465920K)] 1034554K->858315K(1864192K), 0.0587404 secs] [Times: user=0.29 sys=0.00, real=0.06 secs] 
4822.085: [GC (Allocation Failure) [PSYoungGen: 418262K->184661K(465920K)] 1091275K->913810K(1864192K), 0.0453448 secs] [Times: user=0.21 sys=0.00, real=0.04 secs] 
4823.490: [GC (Allocation Failure) [PSYoungGen: 417621K->145458K(465920K)] 1146770K->944087K(1864192K), 0.0505054 secs] [Times: user=0.25 sys=0.00, real=0.05 secs] 
4824.172: [GC (Allocation Failure) [PSYoungGen: 378418K->129519K(465920K)] 1177047K->974428K(1864192K), 0.1877696 secs] [Times: user=1.06 sys=0.00, real=0.19 secs] 
4824.960: [GC (Allocation Failure) [PSYoungGen: 362479K->174356K(465920K)] 1207388K->1060802K(1864192K), 0.0542869 secs] [Times: user=0.26 sys=0.00, real=0.06 secs] 
4825.147: [GC (Allocation Failure) [PSYoungGen: 407316K->185847K(465920K)] 1293762K->1133597K(1864192K), 0.0491562 secs] [Times: user=0.22 sys=0.00, real=0.05 secs] 
4825.308: [GC (Allocation Failure) [PSYoungGen: 418807K->187541K(465920K)] 1366557K->1194195K(1864192K), 0.0585910 secs] [Times: user=0.29 sys=0.01, real=0.06 secs] 
4826.527: [GC (GCLocker Initiated GC) [PSYoungGen: 420501K->101100K(465920K)] 1427155K->1178434K(1864192K), 0.0627321 secs] [Times: user=0.33 sys=0.00, real=0.06 secs] 
4827.320: [GC (Allocation Failure) [PSYoungGen: 334060K->176245K(465920K)] 1411689K->1286167K(1864192K), 0.0593718 secs] [Times: user=0.26 sys=0.00, real=0.06 secs] 
4827.541: [GC (Allocation Failure) [PSYoungGen: 409205K->185270K(465920K)] 1519127K->1350431K(1864192K), 0.0434241 secs] [Times: user=0.20 sys=0.00, real=0.05 secs] 
4827.691: [GC (Allocation Failure) [PSYoungGen: 418230K->184405K(465920K)] 1583395K->1405722K(1864192K), 0.0458555 secs] [Times: user=0.21 sys=0.00, real=0.05 secs] 
4828.664: [GC (Allocation Failure) [PSYoungGen: 417365K->137201K(465920K)] 1638682K->1428078K(1864192K), 0.0493787 secs] [Times: user=0.25 sys=0.00, real=0.05 secs] 
4829.817: [GC (Allocation Failure) [PSYoungGen: 370161K->135552K(465920K)] 1661038K->1469853K(1864192K), 0.1735101 secs] [Times: user=0.97 sys=0.00, real=0.17 secs] 
4829.991: [Full GC (Ergonomics) [PSYoungGen: 135552K->0K(465920K)] [ParOldGen: 1334301K->152867K(1398272K)] 1469853K->152867K(1864192K), [Metaspace: 60430K->59521K(1105920K)], 0.1844972 secs] [Times: user=0.84 sys=0.00, real=0.19 secs] 
4830.473: [GC (Allocation Failure) [PSYoungGen: 232960K->176885K(465920K)] 385827K->329752K(1864192K), 0.0256524 secs] [Times: user=0.09 sys=0.00, real=0.02 secs] 
4830.662: [GC (Allocation Failure) [PSYoungGen: 409845K->185527K(465920K)] 562712K->400211K(1864192K), 0.0612486 secs] [Times: user=0.30 sys=0.00, real=0.07 secs] 
4830.829: [GC (Allocation Failure) [PSYoungGen: 418487K->184885K(465920K)] 633171K->458409K(1864192K), 0.0558982 secs] [Times: user=0.27 sys=0.00, real=0.06 secs] 
4831.841: [GC (Allocation Failure) [PSYoungGen: 417845K->96795K(465920K)] 691369K->440247K(1864192K), 0.0475835 secs] [Times: user=0.24 sys=0.01, real=0.05 secs] 
4832.655: [GC (Allocation Failure) [PSYoungGen: 329755K->175221K(465920K)] 673207K->549826K(1864192K), 0.0629336 secs] [Times: user=0.28 sys=0.00, real=0.06 secs] 
4832.888: [GC (Allocation Failure) [PSYoungGen: 408155K->185238K(465920K)] 782760K->614823K(1864192K), 0.0427986 secs] [Times: user=0.19 sys=0.00, real=0.04 secs] 
4833.038: [GC (Allocation Failure) [PSYoungGen: 418198K->187893K(465920K)] 847783K->673550K(1864192K), 0.0452298 secs] [Times: user=0.21 sys=0.00, real=0.05 secs] 
4834.208: [GC (Allocation Failure) [PSYoungGen: 420853K->134320K(465920K)] 906510K->690865K(1864192K), 0.0490217 secs] [Times: user=0.24 sys=0.00, real=0.05 secs] 
4835.695: [GC (Allocation Failure) [PSYoungGen: 367280K->141425K(465920K)] 923825K->740402K(1864192K), 0.1612549 secs] [Times: user=0.89 sys=0.01, real=0.16 secs] 
4836.247: [GC (Allocation Failure) [PSYoungGen: 374385K->176981K(465920K)] 973362K->820926K(1864192K), 0.0492899 secs] [Times: user=0.23 sys=0.01, real=0.05 secs] 
4836.410: [GC (Allocation Failure) [PSYoungGen: 409941K->185847K(465920K)] 1053886K->891733K(1864192K), 0.0493694 secs] [Times: user=0.23 sys=0.00, real=0.05 secs] 
4836.568: [GC (Allocation Failure) [PSYoungGen: 418807K->187413K(465920K)] 1124693K->952419K(1864192K), 0.0583393 secs] [Times: user=0.29 sys=0.00, real=0.06 secs] 
4838.079: [GC (Allocation Failure) [PSYoungGen: 420373K->93531K(465920K)] 1185379K->929185K(1864192K), 0.1252039 secs] [Times: user=0.69 sys=0.00, real=0.13 secs] 
4839.002: [GC (Allocation Failure) [PSYoungGen: 326491K->173237K(465920K)] 1162145K->1039303K(1864192K), 0.0541752 secs] [Times: user=0.24 sys=0.00, real=0.06 secs] 
4839.260: [GC (Allocation Failure) [PSYoungGen: 406197K->185334K(465920K)] 1272263K->1105265K(1864192K), 0.0591531 secs] [Times: user=0.28 sys=0.00, real=0.06 secs] 
4839.497: [GC (Allocation Failure) [PSYoungGen: 418294K->187573K(465920K)] 1338225K->1163736K(1864192K), 0.0661682 secs] [Times: user=0.33 sys=0.00, real=0.07 secs] 
4840.597: [GC (Allocation Failure) [PSYoungGen: 420533K->129168K(465920K)] 1396696K->1176195K(1864192K), 0.0490442 secs] [Times: user=0.25 sys=0.00, real=0.05 secs] 
4841.483: [GC (Allocation Failure) [PSYoungGen: 362128K->144049K(465920K)] 1409155K->1232004K(1864192K), 0.1157390 secs] [Times: user=0.62 sys=0.00, real=0.11 secs] 
4841.904: [GC (Allocation Failure) [PSYoungGen: 377009K->181749K(465920K)] 1464964K->1315025K(1864192K), 0.0413842 secs] [Times: user=0.18 sys=0.00, real=0.04 secs] 
4842.059: [GC (Allocation Failure) [PSYoungGen: 414709K->185591K(465920K)] 1547985K->1382427K(1864192K), 0.0517281 secs] [Times: user=0.24 sys=0.00, real=0.05 secs] 
4842.220: [GC (Allocation Failure) [PSYoungGen: 418551K->187285K(465920K)] 1615387K->1443049K(1864192K), 0.0596091 secs] [Times: user=0.29 sys=0.01, real=0.06 secs] 
4843.729: [GC (Allocation Failure) [PSYoungGen: 420245K->91514K(465920K)] 1676009K->1417878K(1864192K), 0.1102578 secs] [Times: user=0.60 sys=0.00, real=0.11 secs] 
4843.839: [Full GC (Ergonomics) [PSYoungGen: 91514K->0K(465920K)] [ParOldGen: 1326363K->99093K(1398272K)] 1417878K->99093K(1864192K), [Metaspace: 59521K->59521K(1105920K)], 0.1252218 secs] [Times: user=0.51 sys=0.00, real=0.13 secs] 
4844.825: [GC (Allocation Failure) [PSYoungGen: 232960K->176725K(465920K)] 332053K->275819K(1864192K), 0.0431916 secs] [Times: user=0.16 sys=0.00, real=0.04 secs] 
4845.095: [GC (Allocation Failure) [PSYoungGen: 409685K->185526K(465920K)] 508779K->339923K(1864192K), 0.0567450 secs] [Times: user=0.27 sys=0.00, real=0.05 secs] 
4845.262: [GC (Allocation Failure) [PSYoungGen: 418486K->187797K(465920K)] 572883K->398459K(1864192K), 0.0451881 secs] [Times: user=0.21 sys=0.00, real=0.05 secs] 
4846.317: [GC (Allocation Failure) [PSYoungGen: 420757K->123951K(465920K)] 631419K->405317K(1864192K), 0.0467485 secs] [Times: user=0.24 sys=0.00, real=0.05 secs] 
4847.312: [GC (Allocation Failure) [PSYoungGen: 356911K->148545K(465920K)] 638277K->469247K(1864192K), 0.1486339 secs] [Times: user=0.82 sys=0.00, real=0.15 secs] 
4847.771: [GC (Allocation Failure) [PSYoungGen: 381505K->181493K(465920K)] 702207K->548668K(1864192K), 0.0432736 secs] [Times: user=0.20 sys=0.00, real=0.05 secs] 
4847.969: [GC (Allocation Failure) [PSYoungGen: 414453K->185815K(465920K)] 781628K->616050K(1864192K), 0.0694648 secs] [Times: user=0.34 sys=0.00, real=0.07 secs] 
4848.163: [GC (Allocation Failure) [PSYoungGen: 418775K->184340K(465920K)] 849010K->673471K(1864192K), 0.0551119 secs] [Times: user=0.27 sys=0.00, real=0.05 secs] 
4849.165: [GC (GCLocker Initiated GC) [PSYoungGen: 417300K->101100K(465920K)] 906433K->659929K(1864192K), 0.0523338 secs] [Times: user=0.28 sys=0.00, real=0.05 secs] 
4849.942: [GC (GCLocker Initiated GC) [PSYoungGen: 334060K->171796K(465920K)] 892892K->762825K(1864192K), 0.0514410 secs] [Times: user=0.23 sys=0.00, real=0.06 secs] 
4850.138: [GC (Allocation Failure) [PSYoungGen: 404756K->183637K(465920K)] 995915K->828484K(1864192K), 0.0425748 secs] [Times: user=0.19 sys=0.00, real=0.04 secs] 
4850.312: [GC (Allocation Failure) [PSYoungGen: 416597K->186837K(465920K)] 1061444K->887435K(1864192K), 0.0606389 secs] [Times: user=0.29 sys=0.00, real=0.07 secs] 
4851.389: [GC (Allocation Failure) [PSYoungGen: 419797K->120623K(465920K)] 1120395K->891693K(1864192K), 0.0471014 secs] [Times: user=0.24 sys=0.00, real=0.05 secs] 
4852.014: [GC (Allocation Failure) [PSYoungGen: 353583K->153698K(465920K)] 1124653K->962936K(1864192K), 0.0932932 secs] [Times: user=0.49 sys=0.00, real=0.09 secs] 
4852.376: [GC (Allocation Failure) [PSYoungGen: 386658K->181781K(465920K)] 1195896K->1039380K(1864192K), 0.0404385 secs] [Times: user=0.17 sys=0.01, real=0.04 secs] 
4852.583: [GC (Allocation Failure) [PSYoungGen: 414741K->185719K(465920K)] 1272340K->1106933K(1864192K), 0.0803565 secs] [Times: user=0.40 sys=0.00, real=0.08 secs] 
4852.791: [GC (Allocation Failure) [PSYoungGen: 418679K->187285K(465920K)] 1339893K->1167563K(1864192K), 0.0562867 secs] [Times: user=0.27 sys=0.00, real=0.06 secs] 
4854.499: [GC (Allocation Failure) [PSYoungGen: 420245K->92859K(465920K)] 1400523K->1143777K(1864192K), 0.1097659 secs] [Times: user=0.55 sys=0.00, real=0.11 secs] 
4855.599: [GC (Allocation Failure) [PSYoungGen: 325819K->175925K(465920K)] 1376737K->1256368K(1864192K), 0.0522311 secs] [Times: user=0.23 sys=0.00, real=0.05 secs] 
4855.859: [GC (Allocation Failure) [PSYoungGen: 408885K->185622K(465920K)] 1489328K->1321189K(1864192K), 0.0577265 secs] [Times: user=0.27 sys=0.00, real=0.06 secs] 
4856.027: [GC (Allocation Failure) [PSYoungGen: 418582K->187861K(465920K)] 1554149K->1379653K(1864192K), 0.0462910 secs] [Times: user=0.21 sys=0.00, real=0.05 secs] 
4857.016: [GC (Allocation Failure) [PSYoungGen: 420821K->114750K(465920K)] 1612613K->1377453K(1864192K), 0.0473893 secs] [Times: user=0.24 sys=0.00, real=0.05 secs] 
4857.864: [GC (Allocation Failure) [PSYoungGen: 347710K->151890K(465920K)] 1610413K->1451522K(1864192K), 0.1271757 secs] [Times: user=0.69 sys=0.00, real=0.12 secs] 
4858.507: [GC (Allocation Failure) [PSYoungGen: 384850K->184182K(465920K)] 1684482K->1531746K(1864192K), 0.0523947 secs] [Times: user=0.25 sys=0.00, real=0.05 secs] 
4858.559: [Full GC (Ergonomics) [PSYoungGen: 184182K->0K(465920K)] [ParOldGen: 1347564K->249743K(1398272K)] 1531746K->249743K(1864192K), [Metaspace: 59521K->59521K(1105920K)], 0.2998302 secs] [Times: user=1.38 sys=0.00, real=0.30 secs] 
4858.972: [GC (Allocation Failure) [PSYoungGen: 232960K->185463K(465920K)] 482703K->435206K(1864192K), 0.0790992 secs] [Times: user=0.41 sys=0.00, real=0.08 secs] 
4859.169: [GC (Allocation Failure) [PSYoungGen: 418423K->187477K(465920K)] 668166K->496116K(1864192K), 0.0566911 secs] [Times: user=0.27 sys=0.00, real=0.06 secs] 
4860.739: [GC (Allocation Failure) [PSYoungGen: 420437K->92427K(465920K)] 729076K->472002K(1864192K), 0.1098801 secs] [Times: user=0.60 sys=0.00, real=0.11 secs] 
4861.777: [GC (Allocation Failure) [PSYoungGen: 325387K->178773K(465920K)] 704962K->588050K(1864192K), 0.0525057 secs] [Times: user=0.23 sys=0.00, real=0.05 secs] 
4861.976: [GC (Allocation Failure) [PSYoungGen: 411733K->185558K(465920K)] 821010K->650542K(1864192K), 0.0424597 secs] [Times: user=0.19 sys=0.00, real=0.04 secs] 
4862.145: [GC (Allocation Failure) [PSYoungGen: 418518K->187317K(465920K)] 883502K->708693K(1864192K), 0.0595212 secs] [Times: user=0.28 sys=0.00, real=0.06 secs] 
4863.142: [GC (Allocation Failure) [PSYoungGen: 420277K->113773K(465920K)] 941653K->705606K(1864192K), 0.0460001 secs] [Times: user=0.24 sys=0.00, real=0.05 secs] 
4864.893: [GC (Allocation Failure) [PSYoungGen: 346733K->159827K(465920K)] 938566K->788192K(1864192K), 0.1234408 secs] [Times: user=0.65 sys=0.00, real=0.12 secs] 
4865.370: [GC (Allocation Failure) [PSYoungGen: 392787K->182101K(465920K)] 1021152K->860419K(1864192K), 0.0449808 secs] [Times: user=0.21 sys=0.00, real=0.05 secs] 
4865.579: [GC (Allocation Failure) [PSYoungGen: 415061K->185815K(465920K)] 1093379K->927852K(1864192K), 0.0771131 secs] [Times: user=0.38 sys=0.00, real=0.08 secs] 
4865.777: [GC (Allocation Failure) [PSYoungGen: 418775K->183956K(465920K)] 1160812K->984746K(1864192K), 0.0570738 secs] [Times: user=0.28 sys=0.00, real=0.06 secs] 
4866.933: [GC (Allocation Failure) [PSYoungGen: 416916K->93419K(465920K)] 1217706K->963880K(1864192K), 0.0634577 secs] [Times: user=0.34 sys=0.00, real=0.06 secs] 
4867.671: [GC (Allocation Failure) [PSYoungGen: 326274K->181622K(465920K)] 1196736K->1081887K(1864192K), 0.0517603 secs] [Times: user=0.23 sys=0.00, real=0.06 secs] 
4867.860: [GC (Allocation Failure) [PSYoungGen: 414582K->184246K(465920K)] 1314847K->1141271K(1864192K), 0.0453506 secs] [Times: user=0.20 sys=0.00, real=0.05 secs] 
4868.012: [GC (Allocation Failure) [PSYoungGen: 417206K->187957K(465920K)] 1374231K->1200863K(1864192K), 0.0470199 secs] [Times: user=0.22 sys=0.00, real=0.05 secs] 
4869.033: [GC (Allocation Failure) [PSYoungGen: 420917K->107453K(465920K)] 1433823K->1191318K(1864192K), 0.0475467 secs] [Times: user=0.24 sys=0.00, real=0.04 secs] 
4870.501: [GC (Allocation Failure) [PSYoungGen: 340413K->162099K(465920K)] 1424278K->1280306K(1864192K), 0.1113303 secs] [Times: user=0.58 sys=0.00, real=0.11 secs] 
4870.877: [GC (GCLocker Initiated GC) [PSYoungGen: 395059K->181589K(465920K)] 1513266K->1350584K(1864192K), 0.0497953 secs] [Times: user=0.24 sys=0.00, real=0.05 secs] 
4871.065: [GC (Allocation Failure) [PSYoungGen: 414549K->185687K(465920K)] 1583547K->1418173K(1864192K), 0.0681928 secs] [Times: user=0.33 sys=0.00, real=0.07 secs] 
4871.265: [GC (Allocation Failure) [PSYoungGen: 418647K->187637K(465920K)] 1651133K->1478955K(1864192K), 0.0576079 secs] [Times: user=0.28 sys=0.00, real=0.06 secs] 
4873.029: [GC (GCLocker Initiated GC) [PSYoungGen: 420597K->91786K(465920K)] 1711916K->1453913K(1864192K), 0.0905539 secs] [Times: user=0.49 sys=0.00, real=0.09 secs] 
4873.120: [Full GC (Ergonomics) [PSYoungGen: 91786K->0K(465920K)] [ParOldGen: 1362126K->105865K(1398272K)] 1453913K->105865K(1864192K), [Metaspace: 59521K->59521K(1105920K)], 0.1395782 secs] [Times: user=0.59 sys=0.00, real=0.14 secs] 
4874.179: [GC (Allocation Failure) [PSYoungGen: 232960K->179957K(465920K)] 338992K->285990K(1864192K), 0.0393122 secs] [Times: user=0.15 sys=0.00, real=0.04 secs] 
4874.371: [GC (Allocation Failure) [PSYoungGen: 412917K->185206K(465920K)] 518950K->347534K(1864192K), 0.0405433 secs] [Times: user=0.18 sys=0.00, real=0.04 secs] 
4874.520: [GC (Allocation Failure) [PSYoungGen: 418166K->187413K(465920K)] 580494K->405910K(1864192K), 0.0449483 secs] [Times: user=0.21 sys=0.00, real=0.05 secs] 
4875.527: [GC (Allocation Failure) [PSYoungGen: 420373K->108237K(465920K)] 638870K->397398K(1864192K), 0.0450093 secs] [Times: user=0.23 sys=0.00, real=0.04 secs] 
4876.848: [GC (Allocation Failure) [PSYoungGen: 341197K->161459K(465920K)] 630358K->485177K(1864192K), 0.1269816 secs] [Times: user=0.66 sys=0.00, real=0.13 secs] 
4877.280: [GC (Allocation Failure) [PSYoungGen: 394419K->185430K(465920K)] 718137K->559695K(1864192K), 0.0488259 secs] [Times: user=0.23 sys=0.00, real=0.05 secs] 
4877.463: [GC (Allocation Failure) [PSYoungGen: 418390K->183446K(465920K)] 792655K->622040K(1864192K), 0.0552236 secs] [Times: user=0.26 sys=0.00, real=0.05 secs] 
4877.684: [GC (Allocation Failure) [PSYoungGen: 416406K->187317K(465920K)] 855000K->684455K(1864192K), 0.0805048 secs] [Times: user=0.41 sys=0.00, real=0.08 secs] 
4879.669: [GC (Allocation Failure) [PSYoungGen: 420277K->90602K(465920K)] 917415K->658404K(1864192K), 0.0982257 secs] [Times: user=0.54 sys=0.00, real=0.10 secs] 
4880.389: [GC (Allocation Failure) [PSYoungGen: 323562K->181046K(465920K)] 891364K->777960K(1864192K), 0.0498082 secs] [Times: user=0.21 sys=0.00, real=0.05 secs] 
4880.581: [GC (Allocation Failure) [PSYoungGen: 414006K->185430K(465920K)] 1010920K->838912K(1864192K), 0.0434674 secs] [Times: user=0.20 sys=0.00, real=0.05 secs] 
4880.759: [GC (Allocation Failure) [PSYoungGen: 418390K->187701K(465920K)] 1071872K->897440K(1864192K), 0.0605322 secs] [Times: user=0.29 sys=0.00, real=0.06 secs] 
4881.906: [GC (Allocation Failure) [PSYoungGen: 420661K->105452K(465920K)] 1130400K->885807K(1864192K), 0.0662478 secs] [Times: user=0.35 sys=0.01, real=0.06 secs] 
4883.149: [GC (Allocation Failure) [PSYoungGen: 338412K->165908K(465920K)] 1118767K->980155K(1864192K), 0.1002314 secs] [Times: user=0.51 sys=0.00, real=0.10 secs] 
4883.455: [GC (Allocation Failure) [PSYoungGen: 398868K->182357K(465920K)] 1213115K->1048281K(1864192K), 0.0425945 secs] [Times: user=0.19 sys=0.00, real=0.04 secs] 
4883.611: [GC (Allocation Failure) [PSYoungGen: 415317K->185751K(465920K)] 1281241K->1115250K(1864192K), 0.0505372 secs] [Times: user=0.24 sys=0.00, real=0.05 secs] 
4883.770: [GC (Allocation Failure) [PSYoungGen: 418711K->187541K(465920K)] 1348210K->1175977K(1864192K), 0.0548500 secs] [Times: user=0.27 sys=0.00, real=0.06 secs] 
4885.107: [GC (Allocation Failure) [PSYoungGen: 420501K->90826K(465920K)] 1408937K->1149970K(1864192K), 0.0584747 secs] [Times: user=0.31 sys=0.00, real=0.06 secs] 
4886.036: [GC (Allocation Failure) [PSYoungGen: 323786K->178133K(465920K)] 1382930K->1266138K(1864192K), 0.0518291 secs] [Times: user=0.24 sys=0.00, real=0.05 secs] 
4886.275: [GC (Allocation Failure) [PSYoungGen: 411093K->182837K(465920K)] 1499098K->1326534K(1864192K), 0.0626824 secs] [Times: user=0.31 sys=0.00, real=0.06 secs] 
4886.504: [GC (Allocation Failure) [PSYoungGen: 415797K->187477K(465920K)] 1559494K->1386790K(1864192K), 0.0612572 secs] [Times: user=0.29 sys=0.00, real=0.06 secs] 
4887.598: [GC (Allocation Failure) [PSYoungGen: 420437K->106156K(465920K)] 1619750K->1376237K(1864192K), 0.0511092 secs] [Times: user=0.27 sys=0.00, real=0.05 secs] 
4888.951: [GC (Allocation Failure) [PSYoungGen: 339116K->164531K(465920K)] 1609197K->1468433K(1864192K), 0.0922748 secs] [Times: user=0.47 sys=0.01, real=0.10 secs] 
4889.203: [GC (Allocation Failure) [PSYoungGen: 397491K->185398K(465920K)] 1701393K->1541231K(1864192K), 0.0430876 secs] [Times: user=0.19 sys=0.00, real=0.04 secs] 
4889.246: [Full GC (Ergonomics) [PSYoungGen: 185398K->0K(465920K)] [ParOldGen: 1355833K->257546K(1398272K)] 1541231K->257546K(1864192K), [Metaspace: 59526K->59526K(1105920K)], 0.3190406 secs] [Times: user=1.48 sys=0.00, real=0.32 secs] 
4889.683: [GC (Allocation Failure) [PSYoungGen: 232960K->186231K(465920K)] 490506K->443777K(1864192K), 0.0780624 secs] [Times: user=0.41 sys=0.00, real=0.07 secs] 
4889.904: [GC (Allocation Failure) [PSYoungGen: 419191K->219157K(465920K)] 676737K->535679K(1864192K), 0.0549786 secs] [Times: user=0.27 sys=0.00, real=0.05 secs] 
4891.569: [GC (Allocation Failure) [PSYoungGen: 452117K->92795K(465920K)] 768639K->479525K(1864192K), 0.1120671 secs] [Times: user=0.62 sys=0.00, real=0.11 secs] 
4892.094: [GC (Allocation Failure) [PSYoungGen: 325755K->184182K(465920K)] 712485K->600801K(1864192K), 0.0470446 secs] [Times: user=0.21 sys=0.01, real=0.04 secs] 
4892.324: [GC (Allocation Failure) [PSYoungGen: 417142K->182165K(465920K)] 833761K->655876K(1864192K), 0.0618865 secs] [Times: user=0.30 sys=0.00, real=0.06 secs] 
4892.513: [GC (Allocation Failure) [PSYoungGen: 415125K->184629K(465920K)] 888836K->713308K(1864192K), 0.0449817 secs] [Times: user=0.21 sys=0.00, real=0.04 secs] 
4893.551: [GC (Allocation Failure) [PSYoungGen: 417589K->103420K(465920K)] 946268K->701867K(1864192K), 0.0470784 secs] [Times: user=0.25 sys=0.00, real=0.05 secs] 
4894.163: [GC (Allocation Failure) [PSYoungGen: 336380K->170548K(465920K)] 934827K->802268K(1864192K), 0.0945164 secs] [Times: user=0.46 sys=0.01, real=0.09 secs] 
4894.442: [GC (Allocation Failure) [PSYoungGen: 403508K->184950K(465920K)] 1035228K->870402K(1864192K), 0.0425894 secs] [Times: user=0.19 sys=0.00, real=0.05 secs] 
4894.622: [GC (Allocation Failure) [PSYoungGen: 417910K->186103K(465920K)] 1103362K->935883K(1864192K), 0.0716727 secs] [Times: user=0.36 sys=0.00, real=0.08 secs] 
4895.076: [GC (Allocation Failure) [PSYoungGen: 415350K->211380K(465920K)] 1165130K->1020328K(1864192K), 0.0531704 secs] [Times: user=0.27 sys=0.01, real=0.05 secs] 
4896.729: [GC (GCLocker Initiated GC) [PSYoungGen: 444340K->96699K(465920K)] 1253289K->972572K(1864192K), 0.1118442 secs] [Times: user=0.61 sys=0.00, real=0.11 secs] 
4897.590: [GC (Allocation Failure) [PSYoungGen: 329659K->180373K(465920K)] 1205826K->1086957K(1864192K), 0.0497082 secs] [Times: user=0.22 sys=0.00, real=0.05 secs] 
4897.847: [GC (Allocation Failure) [PSYoungGen: 413333K->182645K(465920K)] 1319917K->1145453K(1864192K), 0.0579603 secs] [Times: user=0.27 sys=0.00, real=0.06 secs] 
4898.051: [GC (Allocation Failure) [PSYoungGen: 415605K->187637K(465920K)] 1378413K->1206157K(1864192K), 0.0604260 secs] [Times: user=0.29 sys=0.00, real=0.06 secs] 
4899.140: [GC (Allocation Failure) [PSYoungGen: 420597K->103932K(465920K)] 1439117K->1193004K(1864192K), 0.0499550 secs] [Times: user=0.26 sys=0.00, real=0.05 secs] 
4900.492: [GC (Allocation Failure) [PSYoungGen: 336892K->169908K(465920K)] 1425964K->1292153K(1864192K), 0.0687358 secs] [Times: user=0.33 sys=0.00, real=0.07 secs] 
4900.770: [GC (Allocation Failure) [PSYoungGen: 402868K->182357K(465920K)] 1525113K->1357710K(1864192K), 0.0599533 secs] [Times: user=0.28 sys=0.00, real=0.06 secs] 
4901.015: [GC (Allocation Failure) [PSYoungGen: 415294K->185559K(465920K)] 1590647K->1424520K(1864192K), 0.0706824 secs] [Times: user=0.34 sys=0.00, real=0.07 secs] 
4901.560: [GC (Allocation Failure) [PSYoungGen: 417361K->212884K(465920K)] 1656322K->1510749K(1864192K), 0.0539285 secs] [Times: user=0.27 sys=0.00, real=0.06 secs] 
4902.460: [GC (Allocation Failure) [PSYoungGen: 445844K->99467K(465920K)] 1743709K->1465100K(1864192K), 0.0569137 secs] [Times: user=0.30 sys=0.00, real=0.06 secs] 
4902.517: [Full GC (Ergonomics) [PSYoungGen: 99467K->0K(465920K)] [ParOldGen: 1365632K->116967K(1398272K)] 1465100K->116967K(1864192K), [Metaspace: 59526K->59526K(1105920K)], 0.1147317 secs] [Times: user=0.49 sys=0.01, real=0.11 secs] 
4903.246: [GC (Allocation Failure) [PSYoungGen: 232960K->180726K(465920K)] 349927K->297693K(1864192K), 0.0321265 secs] [Times: user=0.12 sys=0.00, real=0.03 secs] 
4903.405: [GC (Allocation Failure) [PSYoungGen: 413686K->185398K(465920K)] 530653K->358897K(1864192K), 0.0416684 secs] [Times: user=0.19 sys=0.00, real=0.04 secs] 
4903.555: [GC (Allocation Failure) [PSYoungGen: 418358K->187157K(465920K)] 591857K->416904K(1864192K), 0.0447966 secs] [Times: user=0.21 sys=0.00, real=0.04 secs] 
4904.742: [GC (Allocation Failure) [PSYoungGen: 420117K->101708K(465920K)] 649864K->402031K(1864192K), 0.0495303 secs] [Times: user=0.26 sys=0.00, real=0.05 secs] 
4905.333: [GC (Allocation Failure) [PSYoungGen: 334668K->175605K(465920K)] 634991K->509425K(1864192K), 0.0570829 secs] [Times: user=0.26 sys=0.00, real=0.05 secs] 
4905.568: [GC (Allocation Failure) [PSYoungGen: 408565K->185110K(465920K)] 742385K->573621K(1864192K), 0.0558894 secs] [Times: user=0.26 sys=0.00, real=0.06 secs] 
4905.753: [GC (Allocation Failure) [PSYoungGen: 418070K->181974K(465920K)] 806581K->635206K(1864192K), 0.0490903 secs] [Times: user=0.22 sys=0.00, real=0.04 secs] 
4906.678: [GC (Allocation Failure) [PSYoungGen: 414934K->169171K(465920K)] 868166K->680122K(1864192K), 0.0569889 secs] [Times: user=0.29 sys=0.00, real=0.06 secs] 
4908.303: [GC (Allocation Failure) [PSYoungGen: 402131K->106300K(465920K)] 913082K->681876K(1864192K), 0.1250799 secs] [Times: user=0.67 sys=0.00, real=0.12 secs] 
4909.143: [GC (Allocation Failure) [PSYoungGen: 334709K->177237K(465920K)] 910285K->786774K(1864192K), 0.0518175 secs] [Times: user=0.23 sys=0.00, real=0.05 secs] 
4909.329: [GC (Allocation Failure) [PSYoungGen: 410197K->182261K(465920K)] 1019734K->846574K(1864192K), 0.0426772 secs] [Times: user=0.19 sys=0.01, real=0.04 secs] 
4909.519: [GC (GCLocker Initiated GC) [PSYoungGen: 415221K->187477K(465920K)] 1079535K->907094K(1864192K), 0.0662230 secs] [Times: user=0.32 sys=0.00, real=0.07 secs] 
4910.630: [GC (Allocation Failure) [PSYoungGen: 420437K->101628K(465920K)] 1140056K->892031K(1864192K), 0.0584673 secs] [Times: user=0.31 sys=0.00, real=0.06 secs] 
4911.628: [GC (Allocation Failure) [PSYoungGen: 334588K->168852K(465920K)] 1124991K->991876K(1864192K), 0.1006342 secs] [Times: user=0.50 sys=0.01, real=0.10 secs] 
4911.934: [GC (Allocation Failure) [PSYoungGen: 401812K->184982K(465920K)] 1224836K->1060814K(1864192K), 0.0447673 secs] [Times: user=0.20 sys=0.00, real=0.04 secs] 
4912.139: [GC (Allocation Failure) [PSYoungGen: 417942K->186007K(465920K)] 1293774K->1125975K(1864192K), 0.0725763 secs] [Times: user=0.35 sys=0.00, real=0.07 secs] 
4913.131: [GC (Allocation Failure) [PSYoungGen: 418967K->171667K(465920K)] 1358935K->1170731K(1864192K), 0.0551002 secs] [Times: user=0.27 sys=0.00, real=0.06 secs] 
4914.029: [GC (GCLocker Initiated GC) [PSYoungGen: 404627K->105228K(465920K)] 1403691K->1169860K(1864192K), 0.1044403 secs] [Times: user=0.56 sys=0.01, real=0.11 secs] 
4915.054: [GC (Allocation Failure) [PSYoungGen: 338188K->178229K(465920K)] 1402987K->1276501K(1864192K), 0.0508489 secs] [Times: user=0.23 sys=0.00, real=0.05 secs] 
4915.237: [GC (Allocation Failure) [PSYoungGen: 411189K->185878K(465920K)] 1509461K->1339822K(1864192K), 0.0437384 secs] [Times: user=0.20 sys=0.00, real=0.04 secs] 
4915.389: [GC (Allocation Failure) [PSYoungGen: 418838K->187701K(465920K)] 1572782K->1398085K(1864192K), 0.0459675 secs] [Times: user=0.22 sys=0.00, real=0.05 secs] 
4916.614: [GC (GCLocker Initiated GC) [PSYoungGen: 420661K->101868K(465920K)] 1631045K->1382876K(1864192K), 0.0689706 secs] [Times: user=0.37 sys=0.00, real=0.07 secs] 
4917.851: [GC (Allocation Failure) [PSYoungGen: 334828K->173076K(465920K)] 1616003K->1487128K(1864192K), 0.0791154 secs] [Times: user=0.38 sys=0.00, real=0.08 secs] 
4917.930: [Full GC (Ergonomics) [PSYoungGen: 173076K->0K(465920K)] [ParOldGen: 1314051K->199503K(1398272K)] 1487128K->199503K(1864192K), [Metaspace: 59526K->59526K(1105920K)], 0.2451037 secs] [Times: user=1.19 sys=0.00, real=0.25 secs] 
4918.300: [GC (Allocation Failure) [PSYoungGen: 232960K->185430K(465920K)] 432463K->384933K(1864192K), 0.0334179 secs] [Times: user=0.14 sys=0.00, real=0.04 secs] 
4918.443: [GC (Allocation Failure) [PSYoungGen: 411219K->179574K(465920K)] 610722K->443502K(1864192K), 0.0434222 secs] [Times: user=0.19 sys=0.00, real=0.04 secs] 
4919.330: [GC (Allocation Failure) [PSYoungGen: 412534K->169107K(465920K)] 676462K->490074K(1864192K), 0.0535095 secs] [Times: user=0.27 sys=0.00, real=0.06 secs] 
4919.974: [GC (Allocation Failure) [PSYoungGen: 402067K->105564K(465920K)] 723034K->490956K(1864192K), 0.0859998 secs] [Times: user=0.46 sys=0.00, real=0.08 secs] 
4920.712: [GC (Allocation Failure) [PSYoungGen: 335205K->177941K(465920K)] 720597K->596694K(1864192K), 0.0499601 secs] [Times: user=0.22 sys=0.00, real=0.05 secs] 
4920.890: [GC (Allocation Failure) [PSYoungGen: 410901K->179765K(465920K)] 829654K->653902K(1864192K), 0.0425972 secs] [Times: user=0.19 sys=0.00, real=0.05 secs] 
4921.042: [GC (Allocation Failure) [PSYoungGen: 412725K->187573K(465920K)] 886862K->716574K(1864192K), 0.0448159 secs] [Times: user=0.20 sys=0.00, real=0.05 secs] 
4922.127: [GC (Allocation Failure) [PSYoungGen: 420533K->105404K(465920K)] 949534K->705073K(1864192K), 0.0489274 secs] [Times: user=0.26 sys=0.00, real=0.05 secs] 
4923.280: [GC (Allocation Failure) [PSYoungGen: 338364K->171284K(465920K)] 938033K->804614K(1864192K), 0.0993477 secs] [Times: user=0.49 sys=0.00, real=0.10 secs] 
4923.586: [GC (Allocation Failure) [PSYoungGen: 404244K->182645K(465920K)] 1037574K->869443K(1864192K), 0.0475307 secs] [Times: user=0.22 sys=0.00, real=0.05 secs] 
4923.745: [GC (Allocation Failure) [PSYoungGen: 415605K->186295K(465920K)] 1102403K->936965K(1864192K), 0.0498783 secs] [Times: user=0.23 sys=0.00, real=0.05 secs] 
4924.706: [GC (Allocation Failure) [PSYoungGen: 419255K->170387K(403456K)] 1169925K->980168K(1801728K), 0.0582916 secs] [Times: user=0.29 sys=0.00, real=0.06 secs] 
4925.637: [GC (Allocation Failure) [PSYoungGen: 403347K->109389K(464896K)] 1213128K->984330K(1863168K), 0.1109328 secs] [Times: user=0.60 sys=0.00, real=0.11 secs] 
4926.760: [GC (Allocation Failure) [PSYoungGen: 341837K->174293K(465408K)] 1216778K->1084287K(1863680K), 0.0520592 secs] [Times: user=0.24 sys=0.00, real=0.05 secs] 
4926.949: [GC (Allocation Failure) [PSYoungGen: 406741K->184950K(465920K)] 1316735K->1149384K(1864192K), 0.0430085 secs] [Times: user=0.19 sys=0.00, real=0.04 secs] 
4927.146: [GC (Allocation Failure) [PSYoungGen: 417910K->186933K(465920K)] 1382344K->1207504K(1864192K), 0.0680093 secs] [Times: user=0.33 sys=0.00, real=0.07 secs] 
4928.178: [GC (GCLocker Initiated GC) [PSYoungGen: 419893K->101708K(465920K)] 1440465K->1192648K(1864192K), 0.0464216 secs] [Times: user=0.25 sys=0.00, real=0.05 secs] 
4929.145: [GC (Allocation Failure) [PSYoungGen: 334668K->172148K(465920K)] 1425609K->1295906K(1864192K), 0.0905105 secs] [Times: user=0.44 sys=0.00, real=0.09 secs] 
4929.439: [GC (Allocation Failure) [PSYoungGen: 405108K->184950K(465920K)] 1528866K->1362911K(1864192K), 0.0430488 secs] [Times: user=0.19 sys=0.00, real=0.04 secs] 
4929.615: [GC (Allocation Failure) [PSYoungGen: 417910K->182934K(465920K)] 1595871K->1424920K(1864192K), 0.0636209 secs] [Times: user=0.32 sys=0.00, real=0.06 secs] 
4930.537: [GC (Allocation Failure) [PSYoungGen: 415894K->168339K(462848K)] 1657880K->1468276K(1861120K), 0.0547896 secs] [Times: user=0.27 sys=0.00, real=0.05 secs] 
4931.206: [GC (Allocation Failure) [PSYoungGen: 401299K->117502K(464384K)] 1701236K->1481999K(1862656K), 0.0794280 secs] [Times: user=0.41 sys=0.00, real=0.08 secs] 
4931.286: [Full GC (Ergonomics) [PSYoungGen: 117502K->0K(464384K)] [ParOldGen: 1364497K->135095K(1398272K)] 1481999K->135095K(1862656K), [Metaspace: 59527K->59527K(1105920K)], 0.1760999 secs] [Times: user=0.78 sys=0.00, real=0.17 secs] 
4932.228: [GC (Allocation Failure) [PSYoungGen: 232915K->176532K(466432K)] 368011K->311628K(1864704K), 0.0353570 secs] [Times: user=0.14 sys=0.00, real=0.04 secs] 
4932.395: [GC (Allocation Failure) [PSYoungGen: 410516K->180758K(465920K)] 545612K->377390K(1864192K), 0.0463702 secs] [Times: user=0.21 sys=0.01, real=0.04 secs] 
4932.584: [GC (Allocation Failure) [PSYoungGen: 414742K->204853K(464384K)] 611374K->459421K(1862656K), 0.0866714 secs] [Times: user=0.44 sys=0.00, real=0.08 secs] 
4934.060: [GC (Allocation Failure) [PSYoungGen: 437813K->102812K(465920K)] 692381K->428516K(1864192K), 0.1266367 secs] [Times: user=0.70 sys=0.00, real=0.13 secs] 
4935.686: [GC (Allocation Failure) [PSYoungGen: 335772K->167668K(465920K)] 661476K->526456K(1864192K), 0.0704204 secs] [Times: user=0.33 sys=0.00, real=0.07 secs] 
4935.930: [GC (Allocation Failure) [PSYoungGen: 400628K->185366K(465920K)] 759416K->597078K(1864192K), 0.0417744 secs] [Times: user=0.19 sys=0.00, real=0.04 secs] 
4936.079: [GC (Allocation Failure) [PSYoungGen: 404105K->174933K(465920K)] 815817K->651142K(1864192K), 0.0479786 secs] [Times: user=0.23 sys=0.00, real=0.05 secs] 
4937.081: [GC (Allocation Failure) [PSYoungGen: 407893K->169395K(402432K)] 884102K->701147K(1800704K), 0.0556301 secs] [Times: user=0.28 sys=0.00, real=0.06 secs] 
4937.589: [GC (GCLocker Initiated GC) [PSYoungGen: 402355K->112141K(460288K)] 934107K->708782K(1858560K), 0.0839047 secs] [Times: user=0.45 sys=0.00, real=0.09 secs] 
4938.428: [GC (Allocation Failure) [PSYoungGen: 342541K->169525K(462848K)] 947540K->810129K(1861120K), 0.1705448 secs] [Times: user=0.97 sys=0.00, real=0.17 secs] 
4938.711: [GC (Allocation Failure) [PSYoungGen: 399925K->182934K(464384K)] 1040529K->877871K(1862656K), 0.1675321 secs] [Times: user=0.94 sys=0.00, real=0.17 secs] 
4939.013: [GC (Allocation Failure) [PSYoungGen: 418454K->189813K(465408K)] 1113391K->942965K(1863680K), 0.1462913 secs] [Times: user=0.82 sys=0.00, real=0.14 secs] 
4940.464: [GC (Allocation Failure) [PSYoungGen: 425333K->99564K(465920K)] 1178485K->924228K(1864192K), 0.1532505 secs] [Times: user=0.87 sys=0.00, real=0.15 secs] 
4941.960: [GC (Allocation Failure) [PSYoungGen: 332524K->169556K(465920K)] 1157188K->1025753K(1864192K), 0.0824351 secs] [Times: user=0.40 sys=0.00, real=0.08 secs] 
4942.249: [GC (Allocation Failure) [PSYoungGen: 402516K->185270K(465920K)] 1258713K->1094931K(1864192K), 0.0435854 secs] [Times: user=0.20 sys=0.00, real=0.05 secs] 
4942.402: [GC (Allocation Failure) [PSYoungGen: 408527K->176758K(465920K)] 1318188K->1150611K(1864192K), 0.0497315 secs] [Times: user=0.23 sys=0.00, real=0.05 secs] 
4943.330: [GC (Allocation Failure) [PSYoungGen: 409718K->168467K(455680K)] 1383571K->1198544K(1853952K), 0.0572373 secs] [Times: user=0.29 sys=0.00, real=0.06 secs] 
4944.300: [GC (Allocation Failure) [PSYoungGen: 401427K->110109K(460800K)] 1431504K->1204498K(1859072K), 0.0858455 secs] [Times: user=0.45 sys=0.00, real=0.09 secs] 
4945.112: [GC (Allocation Failure) [PSYoungGen: 335811K->173493K(468992K)] 1430201K->1303079K(1867264K), 0.0496118 secs] [Times: user=0.22 sys=0.00, real=0.05 secs] 
4945.289: [GC (Allocation Failure) [PSYoungGen: 412597K->189718K(429056K)] 1542183K->1373204K(1827328K), 0.0459832 secs] [Times: user=0.21 sys=0.00, real=0.05 secs] 
4945.446: [GC (Allocation Failure) [PSYoungGen: 428822K->192502K(465920K)] 1612308K->1433508K(1864192K), 0.0489156 secs] [Times: user=0.23 sys=0.00, real=0.05 secs] 
4946.508: [GC (Allocation Failure) [PSYoungGen: 425462K->95467K(465920K)] 1666468K->1408713K(1864192K), 0.0609462 secs] [Times: user=0.32 sys=0.01, real=0.06 secs] 
4947.425: [GC (Allocation Failure) [PSYoungGen: 328427K->175797K(465920K)] 1641673K->1520164K(1864192K), 0.0980314 secs] [Times: user=0.48 sys=0.00, real=0.10 secs] 
4947.523: [Full GC (Ergonomics) [PSYoungGen: 175797K->0K(465920K)] [ParOldGen: 1344367K->203200K(1398272K)] 1520164K->203200K(1864192K), [Metaspace: 59545K->59545K(1105920K)], 0.2608380 secs] [Times: user=1.28 sys=0.00, real=0.26 secs] 
4947.891: [GC (Allocation Failure) [PSYoungGen: 232960K->179925K(465920K)] 436160K->383126K(1864192K), 0.0323132 secs] [Times: user=0.14 sys=0.00, real=0.04 secs] 
4948.054: [GC (Allocation Failure) [PSYoungGen: 407130K->180662K(465920K)] 610330K->446799K(1864192K), 0.0433061 secs] [Times: user=0.19 sys=0.00, real=0.04 secs] 
4948.938: [GC (Allocation Failure) [PSYoungGen: 413622K->167986K(401408K)] 679759K->491652K(1799680K), 0.0555690 secs] [Times: user=0.28 sys=0.00, real=0.06 secs] 
4950.171: [GC (GCLocker Initiated GC) [PSYoungGen: 400946K->110733K(462848K)] 724612K->498758K(1861120K), 0.1120624 secs] [Times: user=0.61 sys=0.00, real=0.12 secs] 
4951.026: [GC (Allocation Failure) [PSYoungGen: 342157K->171989K(464384K)] 738505K->603850K(1862656K), 0.1467782 secs] [Times: user=0.82 sys=0.00, real=0.15 secs] 
4951.287: [GC (Allocation Failure) [PSYoungGen: 403413K->184151K(464384K)] 835274K->671108K(1862656K), 0.1634595 secs] [Times: user=0.91 sys=0.00, real=0.16 secs] 
4951.558: [GC (Allocation Failure) [PSYoungGen: 417111K->187093K(465920K)] 904068K->732306K(1864192K), 0.0577254 secs] [Times: user=0.29 sys=0.00, real=0.06 secs] 
4953.044: [GC (Allocation Failure) [PSYoungGen: 420053K->98251K(465920K)] 965266K->714032K(1864192K), 0.1249739 secs] [Times: user=0.69 sys=0.00, real=0.12 secs] 
4954.295: [GC (Allocation Failure) [PSYoungGen: 331211K->170708K(465920K)] 946992K->818622K(1864192K), 0.0673265 secs] [Times: user=0.32 sys=0.01, real=0.06 secs] 
4954.543: [GC (Allocation Failure) [PSYoungGen: 403668K->184950K(465920K)] 1051582K->885980K(1864192K), 0.0425271 secs] [Times: user=0.19 sys=0.00, real=0.04 secs] 
4954.694: [GC (Allocation Failure) [PSYoungGen: 409400K->175669K(465920K)] 1110430K->940979K(1864192K), 0.0486655 secs] [Times: user=0.23 sys=0.00, real=0.05 secs] 
4955.598: [GC (Allocation Failure) [PSYoungGen: 408629K->169395K(459776K)] 1173939K->990633K(1858048K), 0.0544175 secs] [Times: user=0.27 sys=0.00, real=0.06 secs] 
4956.053: [GC (Allocation Failure) [PSYoungGen: 402355K->113709K(462848K)] 1223593K->999707K(1861120K), 0.0427611 secs] [Times: user=0.22 sys=0.00, real=0.04 secs] 
4956.424: [GC (Allocation Failure) [PSYoungGen: 346669K->176885K(467456K)] 1232667K->1099339K(1865728K), 0.0367689 secs] [Times: user=0.16 sys=0.00, real=0.03 secs] 
4956.576: [GC (Allocation Failure) [PSYoungGen: 412405K->186711K(422400K)] 1334859K->1171521K(1820672K), 0.0501601 secs] [Times: user=0.23 sys=0.00, real=0.05 secs] 
4956.737: [GC (Allocation Failure) [PSYoungGen: 422231K->189589K(465920K)] 1407041K->1233543K(1864192K), 0.0599876 secs] [Times: user=0.29 sys=0.00, real=0.06 secs] 
4958.158: [GC (Allocation Failure) [PSYoungGen: 422549K->98235K(465920K)] 1466503K->1213694K(1864192K), 0.0687574 secs] [Times: user=0.37 sys=0.00, real=0.07 secs] 
4959.398: [GC (Allocation Failure) [PSYoungGen: 331195K->172692K(465920K)] 1446654K->1319428K(1864192K), 0.0607993 secs] [Times: user=0.28 sys=0.00, real=0.06 secs] 
4959.610: [GC (Allocation Failure) [PSYoungGen: 405652K->185526K(465920K)] 1552388K->1386521K(1864192K), 0.0437589 secs] [Times: user=0.20 sys=0.00, real=0.05 secs] 
4959.762: [GC (Allocation Failure) [PSYoungGen: 418486K->188053K(465920K)] 1619481K->1445392K(1864192K), 0.0466507 secs] [Times: user=0.22 sys=0.00, real=0.05 secs] 
4960.760: [GC (Allocation Failure) [PSYoungGen: 421013K->150738K(465920K)] 1678352K->1478782K(1864192K), 0.0521415 secs] [Times: user=0.26 sys=0.00, real=0.05 secs] 
4960.812: [Full GC (Ergonomics) [PSYoungGen: 150738K->0K(465920K)] [ParOldGen: 1328043K->357136K(1398272K)] 1478782K->357136K(1864192K), [Metaspace: 59545K->59545K(1105920K)], 0.5708520 secs] [Times: user=2.47 sys=0.00, real=0.58 secs] 
4962.464: [GC (Allocation Failure) [PSYoungGen: 232960K->124174K(465920K)] 590096K->481311K(1864192K), 0.0492606 secs] [Times: user=0.18 sys=0.00, real=0.05 secs] 
4962.963: [GC (Allocation Failure) [PSYoungGen: 357134K->176853K(465920K)] 714271K->573746K(1864192K), 0.0485179 secs] [Times: user=0.22 sys=0.01, real=0.04 secs] 
4963.198: [GC (Allocation Failure) [PSYoungGen: 409813K->182454K(465920K)] 806706K->640852K(1864192K), 0.0706867 secs] [Times: user=0.34 sys=0.00, real=0.07 secs] 
4963.388: [GC (Allocation Failure) [PSYoungGen: 415414K->187605K(465920K)] 873812K->704123K(1864192K), 0.0572929 secs] [Times: user=0.28 sys=0.00, real=0.06 secs] 
4964.497: [GC (Allocation Failure) [PSYoungGen: 420565K->98907K(465920K)] 937083K->686061K(1864192K), 0.0591161 secs] [Times: user=0.31 sys=0.00, real=0.06 secs] 
4965.011: [GC (Allocation Failure) [PSYoungGen: 331867K->178869K(465920K)] 919021K->798279K(1864192K), 0.0527863 secs] [Times: user=0.23 sys=0.00, real=0.06 secs] 
4965.211: [GC (Allocation Failure) [PSYoungGen: 411829K->182389K(465920K)] 1031239K->857823K(1864192K), 0.0433491 secs] [Times: user=0.19 sys=0.00, real=0.05 secs] 
4965.363: [GC (Allocation Failure) [PSYoungGen: 415349K->187893K(465920K)] 1090783K->918871K(1864192K), 0.0455560 secs] [Times: user=0.21 sys=0.00, real=0.04 secs] 
4966.366: [GC (Allocation Failure) [PSYoungGen: 420853K->142577K(465920K)] 1151831K->944387K(1864192K), 0.0504087 secs] [Times: user=0.25 sys=0.00, real=0.05 secs] 
4967.985: [GC (Allocation Failure) [PSYoungGen: 375537K->129807K(465920K)] 1177347K->976705K(1864192K), 0.1590267 secs] [Times: user=0.89 sys=0.00, real=0.16 secs] 
4968.602: [GC (Allocation Failure) [PSYoungGen: 362767K->204213K(465920K)] 1209665K->1092734K(1864192K), 0.0504608 secs] [Times: user=0.23 sys=0.00, real=0.06 secs] 
4968.825: [GC (Allocation Failure) [PSYoungGen: 437173K->180502K(465920K)] 1325694K->1131775K(1864192K), 0.0746861 secs] [Times: user=0.37 sys=0.00, real=0.07 secs] 
4969.022: [GC (Allocation Failure) [PSYoungGen: 413462K->187509K(465920K)] 1364735K->1196718K(1864192K), 0.0573136 secs] [Times: user=0.28 sys=0.01, real=0.06 secs] 
4970.466: [GC (Allocation Failure) [PSYoungGen: 420469K->99980K(465920K)] 1429678K->1179749K(1864192K), 0.1222608 secs] [Times: user=0.66 sys=0.01, real=0.12 secs] 
4971.588: [GC (Allocation Failure) [PSYoungGen: 332940K->175541K(465920K)] 1412709K->1287547K(1864192K), 0.0629741 secs] [Times: user=0.29 sys=0.00, real=0.06 secs] 
4971.804: [GC (Allocation Failure) [PSYoungGen: 408501K->182581K(465920K)] 1520507K->1349332K(1864192K), 0.0455921 secs] [Times: user=0.21 sys=0.00, real=0.04 secs] 
4971.958: [GC (Allocation Failure) [PSYoungGen: 415541K->188021K(465920K)] 1582292K->1410411K(1864192K), 0.0483251 secs] [Times: user=0.23 sys=0.00, real=0.05 secs] 
4972.992: [GC (Allocation Failure) [PSYoungGen: 420981K->137969K(465920K)] 1643371K->1431031K(1864192K), 0.0520521 secs] [Times: user=0.26 sys=0.00, real=0.06 secs] 
4973.857: [GC (GCLocker Initiated GC) [PSYoungGen: 370929K->134976K(465920K)] 1663992K->1471895K(1864192K), 0.1653288 secs] [Times: user=0.91 sys=0.00, real=0.16 secs] 
4974.022: [Full GC (Ergonomics) [PSYoungGen: 134976K->0K(465920K)] [ParOldGen: 1336919K->152250K(1398272K)] 1471895K->152250K(1864192K), [Metaspace: 59545K->59545K(1105920K)], 0.1913757 secs] [Times: user=0.89 sys=0.01, real=0.20 secs] 
4974.563: [GC (GCLocker Initiated GC) [PSYoungGen: 232960K->176789K(465920K)] 385213K->329042K(1864192K), 0.0256886 secs] [Times: user=0.09 sys=0.00, real=0.02 secs] 
4974.750: [GC (Allocation Failure) [PSYoungGen: 409749K->185751K(465920K)] 562041K->400123K(1864192K), 0.0771824 secs] [Times: user=0.39 sys=0.00, real=0.08 secs] 
4974.952: [GC (Allocation Failure) [PSYoungGen: 418711K->187477K(465920K)] 633083K->460761K(1864192K), 0.0570179 secs] [Times: user=0.28 sys=0.00, real=0.06 secs] 
4976.401: [GC (GCLocker Initiated GC) [PSYoungGen: 420437K->94955K(465920K)] 693722K->439008K(1864192K), 0.1232568 secs] [Times: user=0.67 sys=0.00, real=0.13 secs] 
4977.450: [GC (Allocation Failure) [PSYoungGen: 327915K->179445K(465920K)] 671971K->554332K(1864192K), 0.0499631 secs] [Times: user=0.20 sys=0.00, real=0.05 secs] 
4977.639: [GC (Allocation Failure) [PSYoungGen: 412405K->180437K(465920K)] 787292K->611272K(1864192K), 0.0426146 secs] [Times: user=0.20 sys=0.00, real=0.04 secs] 
4977.790: [GC (Allocation Failure) [PSYoungGen: 413397K->187861K(465920K)] 844232K->673824K(1864192K), 0.0446787 secs] [Times: user=0.20 sys=0.00, real=0.05 secs] 
4978.766: [GC (Allocation Failure) [PSYoungGen: 420821K->134640K(465920K)] 906784K->691251K(1864192K), 0.0487116 secs] [Times: user=0.24 sys=0.00, real=0.05 secs] 
4980.521: [GC (Allocation Failure) [PSYoungGen: 367501K->140176K(465920K)] 924112K->739620K(1864192K), 0.1392894 secs] [Times: user=0.77 sys=0.00, real=0.14 secs] 
4981.016: [GC (Allocation Failure) [PSYoungGen: 373136K->179445K(465920K)] 972580K->823829K(1864192K), 0.0412984 secs] [Times: user=0.18 sys=0.00, real=0.04 secs] 
4981.172: [GC (Allocation Failure) [PSYoungGen: 412405K->186039K(465920K)] 1056789K->892999K(1864192K), 0.0490401 secs] [Times: user=0.23 sys=0.00, real=0.05 secs] 
4981.350: [GC (Allocation Failure) [PSYoungGen: 418999K->187445K(465920K)] 1125959K->953613K(1864192K), 0.0628126 secs] [Times: user=0.32 sys=0.00, real=0.07 secs] 
4982.662: [GC (Allocation Failure) [PSYoungGen: 420405K->92699K(465920K)] 1186573K->929635K(1864192K), 0.0977553 secs] [Times: user=0.54 sys=0.00, real=0.10 secs] 
4983.438: [GC (Allocation Failure) [PSYoungGen: 325659K->177877K(465920K)] 1162595K->1044705K(1864192K), 0.0427701 secs] [Times: user=0.18 sys=0.00, real=0.04 secs] 
4983.599: [GC (Allocation Failure) [PSYoungGen: 410837K->185494K(465920K)] 1277665K->1107958K(1864192K), 0.0437918 secs] [Times: user=0.19 sys=0.00, real=0.05 secs] 
4983.773: [GC (Allocation Failure) [PSYoungGen: 418454K->187701K(465920K)] 1340918K->1166397K(1864192K), 0.0496538 secs] [Times: user=0.24 sys=0.00, real=0.04 secs] 
4984.765: [GC (Allocation Failure) [PSYoungGen: 420661K->124815K(465920K)] 1399357K->1174231K(1864192K), 0.0480967 secs] [Times: user=0.24 sys=0.00, real=0.05 secs] 
4986.029: [GC (GCLocker Initiated GC) [PSYoungGen: 357775K->148177K(465920K)] 1407192K->1237602K(1864192K), 0.1063455 secs] [Times: user=0.57 sys=0.01, real=0.11 secs] 
4986.487: [GC (Allocation Failure) [PSYoungGen: 381137K->181557K(465920K)] 1470565K->1317086K(1864192K), 0.0413219 secs] [Times: user=0.18 sys=0.00, real=0.04 secs] 
4986.642: [GC (Allocation Failure) [PSYoungGen: 414517K->185943K(465920K)] 1550046K->1385123K(1864192K), 0.0508842 secs] [Times: user=0.24 sys=0.00, real=0.06 secs] 
4986.835: [GC (Allocation Failure) [PSYoungGen: 418903K->187285K(465920K)] 1618083K->1445362K(1864192K), 0.0799670 secs] [Times: user=0.41 sys=0.00, real=0.08 secs] 
4988.639: [GC (Allocation Failure) [PSYoungGen: 420245K->92251K(465920K)] 1678322K->1421055K(1864192K), 0.1127331 secs] [Times: user=0.62 sys=0.00, real=0.11 secs] 
4988.752: [Full GC (Ergonomics) [PSYoungGen: 92251K->0K(465920K)] [ParOldGen: 1328804K->101030K(1398272K)] 1421055K->101030K(1864192K), [Metaspace: 59549K->59549K(1105920K)], 0.1344481 secs] [Times: user=0.55 sys=0.01, real=0.14 secs] 
4989.671: [GC (Allocation Failure) [PSYoungGen: 232960K->176469K(465920K)] 333990K->277499K(1864192K), 0.0325286 secs] [Times: user=0.12 sys=0.00, real=0.04 secs] 
4989.836: [GC (Allocation Failure) [PSYoungGen: 409429K->185526K(465920K)] 510459K->341192K(1864192K), 0.0420242 secs] [Times: user=0.19 sys=0.00, real=0.04 secs] 
4989.984: [GC (Allocation Failure) [PSYoungGen: 418486K->187957K(465920K)] 574152K->399727K(1864192K), 0.0447961 secs] [Times: user=0.20 sys=0.00, real=0.04 secs] 
4990.963: [GC (Allocation Failure) [PSYoungGen: 420917K->119086K(465920K)] 632687K->401721K(1864192K), 0.0462675 secs] [Times: user=0.24 sys=0.00, real=0.04 secs] 
4991.911: [GC (Allocation Failure) [PSYoungGen: 352046K->150113K(465920K)] 634681K->470516K(1864192K), 0.1262545 secs] [Times: user=0.68 sys=0.00, real=0.13 secs] 
4992.329: [GC (Allocation Failure) [PSYoungGen: 383073K->185174K(465920K)] 703476K->552601K(1864192K), 0.0402287 secs] [Times: user=0.17 sys=0.00, real=0.04 secs] 
4992.482: [GC (Allocation Failure) [PSYoungGen: 418134K->186295K(465920K)] 785561K->618178K(1864192K), 0.0494993 secs] [Times: user=0.24 sys=0.00, real=0.05 secs] 
4992.637: [GC (Allocation Failure) [PSYoungGen: 419255K->187701K(465920K)] 851138K->678800K(1864192K), 0.0559401 secs] [Times: user=0.28 sys=0.00, real=0.06 secs] 
4994.763: [GC (Allocation Failure) [PSYoungGen: 420661K->91578K(465920K)] 911760K->653518K(1864192K), 0.1173566 secs] [Times: user=0.64 sys=0.00, real=0.11 secs] 
4995.925: [GC (Allocation Failure) [PSYoungGen: 324538K->179189K(465920K)] 886478K->770589K(1864192K), 0.0581338 secs] [Times: user=0.26 sys=0.00, real=0.06 secs] 
4996.150: [GC (Allocation Failure) [PSYoungGen: 412149K->185494K(465920K)] 1003549K->832730K(1864192K), 0.0434832 secs] [Times: user=0.19 sys=0.00, real=0.05 secs] 
4996.299: [GC (Allocation Failure) [PSYoungGen: 418454K->184821K(465920K)] 1065690K->888049K(1864192K), 0.0450911 secs] [Times: user=0.21 sys=0.00, real=0.05 secs] 
4997.289: [GC (Allocation Failure) [PSYoungGen: 417781K->115470K(465920K)] 1121009K->888434K(1864192K), 0.0462806 secs] [Times: user=0.24 sys=0.00, real=0.05 secs] 
4999.057: [GC (Allocation Failure) [PSYoungGen: 348430K->157683K(465920K)] 1121394K->967792K(1864192K), 0.1202357 secs] [Times: user=0.63 sys=0.00, real=0.12 secs] 
4999.411: [GC (Allocation Failure) [PSYoungGen: 390594K->181845K(465920K)] 1200703K->1041174K(1864192K), 0.0408224 secs] [Times: user=0.18 sys=0.00, real=0.04 secs] 
4999.609: [GC (Allocation Failure) [PSYoungGen: 414805K->185463K(465920K)] 1274134K->1108388K(1864192K), 0.0787034 secs] [Times: user=0.39 sys=0.00, real=0.08 secs] 
4999.841: [GC (Allocation Failure) [PSYoungGen: 418423K->184725K(465920K)] 1341348K->1166898K(1864192K), 0.0731709 secs] [Times: user=0.37 sys=0.00, real=0.08 secs] 
5001.014: [GC (Allocation Failure) [PSYoungGen: 417685K->95899K(465920K)] 1399858K->1147656K(1864192K), 0.0567016 secs] [Times: user=0.30 sys=0.00, real=0.05 secs] 
5001.495: [GC (Allocation Failure) [PSYoungGen: 328859K->180245K(465920K)] 1380616K->1262852K(1864192K), 0.0467762 secs] [Times: user=0.21 sys=0.00, real=0.04 secs] 
5001.722: [GC (Allocation Failure) [PSYoungGen: 413205K->193142K(465920K)] 1495812K->1332196K(1864192K), 0.0667837 secs] [Times: user=0.32 sys=0.00, real=0.07 secs] 
5001.914: [GC (Allocation Failure) [PSYoungGen: 426102K->187509K(465920K)] 1565156K->1382755K(1864192K), 0.0465979 secs] [Times: user=0.22 sys=0.00, real=0.04 secs] 
5002.939: [GC (Allocation Failure) [PSYoungGen: 420469K->109853K(465920K)] 1615715K->1375731K(1864192K), 0.0470888 secs] [Times: user=0.24 sys=0.00, real=0.05 secs] 
5004.726: [GC (Allocation Failure) [PSYoungGen: 342813K->160691K(465920K)] 1608691K->1462006K(1864192K), 0.1343741 secs] [Times: user=0.71 sys=0.00, real=0.13 secs] 
5005.109: [GC (Allocation Failure) [PSYoungGen: 393651K->184758K(465920K)] 1694966K->1536541K(1864192K), 0.0426673 secs] [Times: user=0.19 sys=0.00, real=0.04 secs] 
5005.151: [Full GC (Ergonomics) [PSYoungGen: 184758K->0K(465920K)] [ParOldGen: 1351783K->253708K(1398272K)] 1536541K->253708K(1864192K), [Metaspace: 59550K->59550K(1105920K)], 0.3017346 secs] [Times: user=1.38 sys=0.00, real=0.31 secs] 
5005.564: [GC (Allocation Failure) [PSYoungGen: 232925K->186007K(465920K)] 486633K->439715K(1864192K), 0.0768019 secs] [Times: user=0.40 sys=0.00, real=0.07 secs] 
5005.746: [GC (Allocation Failure) [PSYoungGen: 418967K->184661K(465920K)] 672675K->497385K(1864192K), 0.0560318 secs] [Times: user=0.27 sys=0.00, real=0.05 secs] 
5006.995: [GC (Allocation Failure) [PSYoungGen: 417621K->95595K(465920K)] 730345K->478111K(1864192K), 0.0879772 secs] [Times: user=0.47 sys=0.01, real=0.09 secs] 
5008.005: [GC (Allocation Failure) [PSYoungGen: 328555K->177301K(465920K)] 711071K->590062K(1864192K), 0.0489699 secs] [Times: user=0.22 sys=0.00, real=0.05 secs] 
5008.191: [GC (Allocation Failure) [PSYoungGen: 410261K->185654K(465920K)] 823022K->654187K(1864192K), 0.0474828 secs] [Times: user=0.19 sys=0.01, real=0.05 secs] 
5008.385: [GC (Allocation Failure) [PSYoungGen: 418614K->187509K(465920K)] 887147K->712442K(1864192K), 0.0711359 secs] [Times: user=0.35 sys=0.00, real=0.07 secs] 
5009.414: [GC (Allocation Failure) [PSYoungGen: 420469K->109005K(465920K)] 945402K->704702K(1864192K), 0.0454011 secs] [Times: user=0.23 sys=0.00, real=0.04 secs] 
5010.318: [GC (Allocation Failure) [PSYoungGen: 341965K->168148K(465920K)] 937662K->798770K(1864192K), 0.1182704 secs] [Times: user=0.61 sys=0.01, real=0.12 secs] 
5010.619: [GC (Allocation Failure) [PSYoungGen: 401108K->182773K(465920K)] 1031730K->866031K(1864192K), 0.0432137 secs] [Times: user=0.20 sys=0.00, real=0.04 secs] 
5010.772: [GC (Allocation Failure) [PSYoungGen: 415733K->186455K(465920K)] 1098991K->933377K(1864192K), 0.0511558 secs] [Times: user=0.24 sys=0.00, real=0.06 secs] 
5010.950: [GC (Allocation Failure) [PSYoungGen: 419415K->185397K(465920K)] 1166337K->991519K(1864192K), 0.0545172 secs] [Times: user=0.26 sys=0.00, real=0.06 secs] 
5012.387: [GC (Allocation Failure) [PSYoungGen: 418357K->95403K(465920K)] 1224479K->971569K(1864192K), 0.1009100 secs] [Times: user=0.55 sys=0.01, real=0.10 secs] 
5013.201: [GC (Allocation Failure) [PSYoungGen: 328363K->180469K(465920K)] 1204529K->1086688K(1864192K), 0.0520214 secs] [Times: user=0.23 sys=0.01, real=0.06 secs] 
5013.390: [GC (Allocation Failure) [PSYoungGen: 413429K->185366K(465920K)] 1319648K->1148149K(1864192K), 0.0442250 secs] [Times: user=0.20 sys=0.00, real=0.05 secs] 
5013.543: [GC (Allocation Failure) [PSYoungGen: 418326K->187445K(465920K)] 1381109K->1206452K(1864192K), 0.0464030 secs] [Times: user=0.22 sys=0.00, real=0.04 secs] 
5014.801: [GC (Allocation Failure) [PSYoungGen: 420405K->103868K(465920K)] 1439412K->1193535K(1864192K), 0.0637009 secs] [Times: user=0.34 sys=0.01, real=0.07 secs] 
5016.549: [GC (Allocation Failure) [PSYoungGen: 336828K->165492K(465920K)] 1426495K->1288307K(1864192K), 0.1029342 secs] [Times: user=0.52 sys=0.00, real=0.10 secs] 
5016.856: [GC (Allocation Failure) [PSYoungGen: 398452K->182677K(465920K)] 1521267K->1357133K(1864192K), 0.0442971 secs] [Times: user=0.21 sys=0.00, real=0.04 secs] 
5017.035: [GC (Allocation Failure) [PSYoungGen: 415637K->185655K(465920K)] 1590093K->1424015K(1864192K), 0.0642243 secs] [Times: user=0.31 sys=0.00, real=0.06 secs] 
5017.542: [GC (Allocation Failure) [PSYoungGen: 417122K->214580K(465920K)] 1655482K->1511956K(1864192K), 0.0545463 secs] [Times: user=0.27 sys=0.00, real=0.06 secs] 
5018.526: [GC (Allocation Failure) [PSYoungGen: 447540K->98763K(465920K)] 1744916K->1464219K(1864192K), 0.0801397 secs] [Times: user=0.38 sys=0.00, real=0.08 secs] 
5018.606: [Full GC (Ergonomics) [PSYoungGen: 98763K->0K(465920K)] [ParOldGen: 1365456K->114859K(1398272K)] 1464219K->114859K(1864192K), [Metaspace: 59551K->59551K(1105920K)], 0.1754660 secs] [Times: user=0.77 sys=0.00, real=0.17 secs] 
5019.343: [GC (Allocation Failure) [PSYoungGen: 232960K->180277K(465920K)] 347819K->295136K(1864192K), 0.0331427 secs] [Times: user=0.12 sys=0.00, real=0.03 secs] 
5019.504: [GC (Allocation Failure) [PSYoungGen: 413237K->185270K(465920K)] 528096K->356665K(1864192K), 0.0414838 secs] [Times: user=0.18 sys=0.00, real=0.04 secs] 
5019.654: [GC (Allocation Failure) [PSYoungGen: 418230K->187317K(465920K)] 589625K->414944K(1864192K), 0.0448459 secs] [Times: user=0.21 sys=0.00, real=0.04 secs] 
5020.661: [GC (Allocation Failure) [PSYoungGen: 420277K->99004K(465920K)] 647904K->397235K(1864192K), 0.0435908 secs] [Times: user=0.22 sys=0.00, real=0.05 secs] 
5021.885: [GC (Allocation Failure) [PSYoungGen: 331897K->173109K(465920K)] 630128K->503809K(1864192K), 0.0749819 secs] [Times: user=0.36 sys=0.01, real=0.07 secs] 
5022.127: [GC (Allocation Failure) [PSYoungGen: 406069K->179861K(465920K)] 736769K->564465K(1864192K), 0.0421415 secs] [Times: user=0.19 sys=0.00, real=0.04 secs] 
5022.282: [GC (Allocation Failure) [PSYoungGen: 412821K->185943K(465920K)] 797425K->642051K(1864192K), 0.0496949 secs] [Times: user=0.23 sys=0.01, real=0.05 secs] 
5023.092: [GC (Allocation Failure) [PSYoungGen: 414942K->213620K(465920K)] 871050K->728736K(1864192K), 0.0581126 secs] [Times: user=0.29 sys=0.00, real=0.06 secs] 
5024.184: [GC (Allocation Failure) [PSYoungGen: 446580K->101244K(465920K)] 961696K->683616K(1864192K), 0.0998402 secs] [Times: user=0.54 sys=0.00, real=0.10 secs] 
5025.055: [GC (Allocation Failure) [PSYoungGen: 334204K->180758K(465920K)] 916576K->795531K(1864192K), 0.0504960 secs] [Times: user=0.22 sys=0.00, real=0.05 secs] 
5025.238: [GC (Allocation Failure) [PSYoungGen: 413718K->185526K(465920K)] 1028491K->856483K(1864192K), 0.0437223 secs] [Times: user=0.20 sys=0.00, real=0.04 secs] 
5025.391: [GC (Allocation Failure) [PSYoungGen: 418486K->187349K(465920K)] 1089443K->914570K(1864192K), 0.0457055 secs] [Times: user=0.22 sys=0.00, real=0.05 secs] 
5026.375: [GC (Allocation Failure) [PSYoungGen: 420309K->99228K(465920K)] 1147530K->897097K(1864192K), 0.0445652 secs] [Times: user=0.23 sys=0.00, real=0.04 secs] 
5027.600: [GC (Allocation Failure) [PSYoungGen: 332188K->170644K(465920K)] 1130057K->1000526K(1864192K), 0.0855339 secs] [Times: user=0.43 sys=0.00, real=0.09 secs] 
5027.841: [GC (Allocation Failure) [PSYoungGen: 403604K->185430K(465920K)] 1233486K->1068396K(1864192K), 0.0427811 secs] [Times: user=0.19 sys=0.01, real=0.05 secs] 
5027.994: [GC (Allocation Failure) [PSYoungGen: 418390K->186167K(465920K)] 1301356K->1133605K(1864192K), 0.0500905 secs] [Times: user=0.24 sys=0.00, real=0.05 secs] 
5028.892: [GC (Allocation Failure) [PSYoungGen: 419127K->169875K(465920K)] 1366565K->1176465K(1864192K), 0.0570797 secs] [Times: user=0.29 sys=0.00, real=0.06 secs] 
5030.606: [GC (Allocation Failure) [PSYoungGen: 402835K->106796K(465920K)] 1409425K->1178258K(1864192K), 0.1068454 secs] [Times: user=0.58 sys=0.00, real=0.11 secs] 
5031.492: [GC (Allocation Failure) [PSYoungGen: 339756K->196597K(465920K)] 1411218K->1301528K(1864192K), 0.0561071 secs] [Times: user=0.26 sys=0.00, real=0.06 secs] 
5031.687: [GC (Allocation Failure) [PSYoungGen: 429557K->184823K(465920K)] 1534488K->1353066K(1864192K), 0.0500924 secs] [Times: user=0.24 sys=0.00, real=0.05 secs] 
5031.873: [GC (Allocation Failure) [PSYoungGen: 417783K->184661K(465920K)] 1586026K->1411472K(1864192K), 0.0725349 secs] [Times: user=0.37 sys=0.00, real=0.07 secs] 
5033.561: [GC (Allocation Failure) [PSYoungGen: 417621K->99051K(465920K)] 1644432K->1395599K(1864192K), 0.1322740 secs] [Times: user=0.74 sys=0.00, real=0.14 secs] 
5035.610: [GC (Allocation Failure) [PSYoungGen: 332011K->171188K(465920K)] 1628559K->1499204K(1864192K), 0.0953603 secs] [Times: user=0.47 sys=0.00, real=0.10 secs] 
5035.705: [Full GC (Ergonomics) [PSYoungGen: 171188K->0K(465920K)] [ParOldGen: 1328016K->195380K(1398272K)] 1499204K->195380K(1864192K), [Metaspace: 59551K->59551K(1105920K)], 0.2503554 secs] [Times: user=1.22 sys=0.01, real=0.25 secs] 
5036.073: [GC (Allocation Failure) [PSYoungGen: 232960K->185270K(465920K)] 428340K->380650K(1864192K), 0.0325796 secs] [Times: user=0.13 sys=0.00, real=0.03 secs] 
5036.243: [GC (Allocation Failure) [PSYoungGen: 418230K->180406K(465920K)] 613610K->440170K(1864192K), 0.0435944 secs] [Times: user=0.20 sys=0.00, real=0.04 secs] 
5037.130: [GC (Allocation Failure) [PSYoungGen: 413366K->171091K(465920K)] 673130K->487839K(1864192K), 0.0564168 secs] [Times: user=0.28 sys=0.00, real=0.06 secs] 
5037.843: [GC (Allocation Failure) [PSYoungGen: 404051K->110525K(465920K)] 720799K->492773K(1864192K), 0.1150064 secs] [Times: user=0.61 sys=0.02, real=0.11 secs] 
5038.566: [GC (Allocation Failure) [PSYoungGen: 335861K->173333K(465920K)] 718110K->590382K(1864192K), 0.0512709 secs] [Times: user=0.23 sys=0.01, real=0.05 secs] 
5038.752: [GC (Allocation Failure) [PSYoungGen: 406293K->184630K(465920K)] 823342K->655523K(1864192K), 0.0427355 secs] [Times: user=0.19 sys=0.00, real=0.05 secs] 
5038.899: [GC (GCLocker Initiated GC) [PSYoungGen: 417590K->185685K(465920K)] 888483K->712578K(1864192K), 0.0461642 secs] [Times: user=0.21 sys=0.00, real=0.05 secs] 
5040.108: [GC (Allocation Failure) [PSYoungGen: 418645K->101420K(465920K)] 945540K->698275K(1864192K), 0.0796339 secs] [Times: user=0.42 sys=0.00, real=0.08 secs] 
5041.459: [GC (Allocation Failure) [PSYoungGen: 334380K->175029K(465920K)] 931235K->804817K(1864192K), 0.0822414 secs] [Times: user=0.40 sys=0.00, real=0.08 secs] 
5041.755: [GC (Allocation Failure) [PSYoungGen: 407989K->180085K(465920K)] 1037777K->864493K(1864192K), 0.0557034 secs] [Times: user=0.26 sys=0.00, real=0.05 secs] 
5041.927: [GC (Allocation Failure) [PSYoungGen: 413045K->185975K(465920K)] 1097453K->933615K(1864192K), 0.0492215 secs] [Times: user=0.23 sys=0.00, real=0.05 secs] 
5042.881: [GC (Allocation Failure) [PSYoungGen: 418935K->170259K(465920K)] 1166575K->976923K(1864192K), 0.0539235 secs] [Times: user=0.27 sys=0.00, real=0.06 secs] 
5043.822: [GC (Allocation Failure) [PSYoungGen: 403219K->110701K(465920K)] 1209883K->982477K(1864192K), 0.1182675 secs] [Times: user=0.64 sys=0.00, real=0.12 secs] 
5044.530: [GC (Allocation Failure) [PSYoungGen: 336301K->172373K(464896K)] 1208077K->1079602K(1863168K), 0.0577753 secs] [Times: user=0.26 sys=0.00, real=0.06 secs] 
5044.786: [GC (Allocation Failure) [PSYoungGen: 405229K->185398K(465408K)] 1312458K->1146291K(1863680K), 0.0582936 secs] [Times: user=0.28 sys=0.00, real=0.06 secs] 
5044.956: [GC (Allocation Failure) [PSYoungGen: 418358K->184629K(465920K)] 1379251K->1201530K(1864192K), 0.0459324 secs] [Times: user=0.22 sys=0.00, real=0.04 secs] 
5046.052: [GC (Allocation Failure) [PSYoungGen: 417589K->101900K(465920K)] 1434490K->1188597K(1864192K), 0.0652631 secs] [Times: user=0.35 sys=0.00, real=0.07 secs] 
5047.247: [GC (Allocation Failure) [PSYoungGen: 334860K->171252K(465920K)] 1421557K->1290459K(1864192K), 0.0995416 secs] [Times: user=0.50 sys=0.00, real=0.10 secs] 
5047.536: [GC (GCLocker Initiated GC) [PSYoungGen: 404212K->185398K(465920K)] 1523419K->1358144K(1864192K), 0.0432027 secs] [Times: user=0.19 sys=0.00, real=0.04 secs] 
5047.712: [GC (Allocation Failure) [PSYoungGen: 418358K->183478K(465920K)] 1591271K->1420824K(1864192K), 0.0594514 secs] [Times: user=0.29 sys=0.00, real=0.06 secs] 
5048.676: [GC (Allocation Failure) [PSYoungGen: 416438K->170867K(403968K)] 1653784K->1466180K(1802240K), 0.0571363 secs] [Times: user=0.28 sys=0.00, real=0.06 secs] 
5049.797: [GC (Allocation Failure) [PSYoungGen: 403827K->110493K(463872K)] 1699140K->1470998K(1862144K), 0.1021111 secs] [Times: user=0.54 sys=0.00, real=0.10 secs] 
5049.899: [Full GC (Ergonomics) [PSYoungGen: 110493K->0K(463872K)] [ParOldGen: 1360505K->126635K(1398272K)] 1470998K->126635K(1862144K), [Metaspace: 59552K->59552K(1105920K)], 0.1921555 secs] [Times: user=0.86 sys=0.00, real=0.19 secs] 
5050.854: [GC (Allocation Failure) [PSYoungGen: 226023K->172020K(464896K)] 352659K->298656K(1863168K), 0.0354382 secs] [Times: user=0.13 sys=0.00, real=0.03 secs] 
5051.097: [GC (Allocation Failure) [PSYoungGen: 403956K->184662K(463872K)] 530592K->365025K(1862144K), 0.0599745 secs] [Times: user=0.28 sys=0.00, real=0.06 secs] 
5051.279: [GC (Allocation Failure) [PSYoungGen: 417110K->187253K(465408K)] 597473K->423504K(1863680K), 0.0449768 secs] [Times: user=0.21 sys=0.00, real=0.05 secs] 
5052.377: [GC (Allocation Failure) [PSYoungGen: 419701K->99436K(465920K)] 655952K->406351K(1864192K), 0.0599555 secs] [Times: user=0.32 sys=0.00, real=0.06 secs] 
5053.878: [GC (Allocation Failure) [PSYoungGen: 332396K->170452K(465920K)] 639311K->509316K(1864192K), 0.0698642 secs] [Times: user=0.34 sys=0.00, real=0.07 secs] 
5054.102: [GC (Allocation Failure) [PSYoungGen: 403412K->182357K(465920K)] 742276K->574213K(1864192K), 0.0412284 secs] [Times: user=0.18 sys=0.00, real=0.05 secs] 
5054.257: [GC (Allocation Failure) [PSYoungGen: 415317K->185975K(465920K)] 807173K->641631K(1864192K), 0.0489116 secs] [Times: user=0.22 sys=0.00, real=0.05 secs] 
5055.024: [GC (Allocation Failure) [PSYoungGen: 418935K->214675K(465920K)] 874591K->729299K(1864192K), 0.0556267 secs] [Times: user=0.28 sys=0.00, real=0.05 secs] 
5055.768: [GC (Allocation Failure) [PSYoungGen: 447515K->104828K(465920K)] 962139K->685540K(1864192K), 0.0906096 secs] [Times: user=0.49 sys=0.01, real=0.09 secs] 
5056.273: [GC (Allocation Failure) [PSYoungGen: 337788K->178773K(465920K)] 918500K->792598K(1864192K), 0.0479114 secs] [Times: user=0.21 sys=0.00, real=0.04 secs] 
5056.446: [GC (Allocation Failure) [PSYoungGen: 411733K->185110K(465920K)] 1025558K->855019K(1864192K), 0.0447973 secs] [Times: user=0.20 sys=0.00, real=0.04 secs] 
5056.599: [GC (Allocation Failure) [PSYoungGen: 418070K->187381K(465920K)] 1087979K->913258K(1864192K), 0.0469764 secs] [Times: user=0.22 sys=0.00, real=0.05 secs] 
5057.681: [GC (Allocation Failure) [PSYoungGen: 420341K->98987K(465920K)] 1146218K->895541K(1864192K), 0.0571675 secs] [Times: user=0.30 sys=0.00, real=0.06 secs] 
5059.220: [GC (Allocation Failure) [PSYoungGen: 331947K->174389K(465920K)] 1128501K->1002459K(1864192K), 0.0967084 secs] [Times: user=0.48 sys=0.00, real=0.10 secs] 
5059.498: [GC (Allocation Failure) [PSYoungGen: 407349K->182677K(465920K)] 1235419K->1065491K(1864192K), 0.0455418 secs] [Times: user=0.19 sys=0.00, real=0.05 secs] 
5059.687: [GC (Allocation Failure) [PSYoungGen: 415637K->184535K(465920K)] 1298451K->1131157K(1864192K), 0.0758527 secs] [Times: user=0.37 sys=0.00, real=0.08 secs] 
5060.644: [GC (Allocation Failure) [PSYoungGen: 417495K->169747K(465920K)] 1364117K->1175129K(1864192K), 0.0571350 secs] [Times: user=0.29 sys=0.00, real=0.05 secs] 
5061.775: [GC (Allocation Failure) [PSYoungGen: 402707K->107724K(465920K)] 1408089K->1177947K(1864192K), 0.0892713 secs] [Times: user=0.48 sys=0.00, real=0.09 secs] 
5062.527: [GC (Allocation Failure) [PSYoungGen: 334355K->174197K(465920K)] 1404577K->1278700K(1864192K), 0.0519189 secs] [Times: user=0.24 sys=0.00, real=0.05 secs] 
5062.710: [GC (Allocation Failure) [PSYoungGen: 407157K->185878K(465920K)] 1511660K->1344689K(1864192K), 0.0444017 secs] [Times: user=0.21 sys=0.00, real=0.05 secs] 
5062.859: [GC (Allocation Failure) [PSYoungGen: 418838K->185045K(465920K)] 1577649K->1400176K(1864192K), 0.0470228 secs] [Times: user=0.22 sys=0.00, real=0.05 secs] 
5063.905: [GC (Allocation Failure) [PSYoungGen: 418005K->101868K(465920K)] 1633136K->1386827K(1864192K), 0.0456335 secs] [Times: user=0.23 sys=0.00, real=0.04 secs] 
5064.888: [GC (Allocation Failure) [PSYoungGen: 334828K->169972K(465920K)] 1619787K->1487943K(1864192K), 0.0938636 secs] [Times: user=0.47 sys=0.00, real=0.09 secs] 
5064.982: [Full GC (Ergonomics) [PSYoungGen: 169972K->0K(465920K)] [ParOldGen: 1317971K->193471K(1398272K)] 1487943K->193471K(1864192K), [Metaspace: 59552K->59552K(1105920K)], 0.2515255 secs] [Times: user=1.22 sys=0.01, real=0.26 secs] 
5065.342: [GC (Allocation Failure) [PSYoungGen: 232960K->182901K(465920K)] 426431K->376373K(1864192K), 0.0325688 secs] [Times: user=0.12 sys=0.00, real=0.04 secs] 
5065.486: [GC (Allocation Failure) [PSYoungGen: 415861K->186039K(465920K)] 609333K->443538K(1864192K), 0.0438331 secs] [Times: user=0.20 sys=0.00, real=0.04 secs] 
5066.311: [GC (Allocation Failure) [PSYoungGen: 414113K->209811K(465920K)] 671613K->526214K(1864192K), 0.0549551 secs] [Times: user=0.27 sys=0.00, real=0.06 secs] 
5067.569: [GC (GCLocker Initiated GC) [PSYoungGen: 442771K->98219K(465920K)] 759174K->480583K(1864192K), 0.1128176 secs] [Times: user=0.61 sys=0.00, real=0.11 secs] 
5068.636: [GC (Allocation Failure) [PSYoungGen: 331179K->177973K(465920K)] 713709K->591676K(1864192K), 0.0544898 secs] [Times: user=0.24 sys=0.00, real=0.05 secs] 
5068.876: [GC (Allocation Failure) [PSYoungGen: 410933K->185622K(465920K)] 824636K->655157K(1864192K), 0.0626290 secs] [Times: user=0.30 sys=0.00, real=0.06 secs] 
5069.059: [GC (Allocation Failure) [PSYoungGen: 418582K->187509K(465920K)] 888117K->713164K(1864192K), 0.0453635 secs] [Times: user=0.21 sys=0.00, real=0.05 secs] 
5070.103: [GC (Allocation Failure) [PSYoungGen: 420469K->103452K(465920K)] 946124K->699787K(1864192K), 0.0481444 secs] [Times: user=0.25 sys=0.00, real=0.04 secs] 
5071.306: [GC (Allocation Failure) [PSYoungGen: 336412K->168980K(465920K)] 932747K->798788K(1864192K), 0.1173262 secs] [Times: user=0.60 sys=0.00, real=0.12 secs] 
5071.623: [GC (Allocation Failure) [PSYoungGen: 401940K->182805K(465920K)] 1031748K->865333K(1864192K), 0.0418363 secs] [Times: user=0.18 sys=0.00, real=0.04 secs] 
5071.778: [GC (Allocation Failure) [PSYoungGen: 415765K->185911K(465920K)] 1098293K->932215K(1864192K), 0.0492101 secs] [Times: user=0.22 sys=0.00, real=0.05 secs] 
5072.639: [GC (Allocation Failure) [PSYoungGen: 418796K->212691K(465920K)] 1165100K->1018171K(1864192K), 0.0557435 secs] [Times: user=0.28 sys=0.00, real=0.06 secs] 
5073.252: [GC (Allocation Failure) [PSYoungGen: 445651K->105132K(465920K)] 1251131K->977540K(1864192K), 0.1044540 secs] [Times: user=0.56 sys=0.00, real=0.11 secs] 
5073.785: [GC (Allocation Failure) [PSYoungGen: 338092K->178357K(465920K)] 1210500K->1084038K(1864192K), 0.0395143 secs] [Times: user=0.17 sys=0.01, real=0.04 secs] 
5073.937: [GC (Allocation Failure) [PSYoungGen: 411317K->193590K(465920K)] 1316998K->1155195K(1864192K), 0.0444349 secs] [Times: user=0.20 sys=0.00, real=0.04 secs] 
5074.135: [GC (Allocation Failure) [PSYoungGen: 426550K->187445K(465920K)] 1388155K->1205274K(1864192K), 0.0703114 secs] [Times: user=0.35 sys=0.00, real=0.07 secs] 
5075.286: [GC (Allocation Failure) [PSYoungGen: 420405K->99196K(465920K)] 1438234K->1187617K(1864192K), 0.0592671 secs] [Times: user=0.32 sys=0.00, real=0.06 secs] 
5077.415: [GC (Allocation Failure) [PSYoungGen: 332156K->166644K(465920K)] 1420577K->1286718K(1864192K), 0.0945892 secs] [Times: user=0.47 sys=0.00, real=0.09 secs] 
5077.730: [GC (Allocation Failure) [PSYoungGen: 399604K->183509K(465920K)] 1519678K->1355751K(1864192K), 0.0469115 secs] [Times: user=0.22 sys=0.00, real=0.05 secs] 
5077.918: [GC (Allocation Failure) [PSYoungGen: 416469K->185975K(465920K)] 1588711K->1422089K(1864192K), 0.0652757 secs] [Times: user=0.32 sys=0.00, real=0.07 secs] 
5078.753: [GC (Allocation Failure) [PSYoungGen: 415614K->211251K(465920K)] 1651727K->1506285K(1864192K), 0.0571080 secs] [Times: user=0.29 sys=0.00, real=0.05 secs] 
5079.543: [GC (Allocation Failure) [PSYoungGen: 444211K->100732K(465920K)] 1739245K->1462294K(1864192K), 0.1180936 secs] [Times: user=0.64 sys=0.00, real=0.11 secs] 
5079.661: [Full GC (Ergonomics) [PSYoungGen: 100732K->0K(465920K)] [ParOldGen: 1361562K->116887K(1398272K)] 1462294K->116887K(1864192K), [Metaspace: 59552K->59552K(1105920K)], 0.1767604 secs] [Times: user=0.78 sys=0.00, real=0.18 secs] 
5080.474: [GC (Allocation Failure) [PSYoungGen: 232960K->180630K(465920K)] 349847K->297517K(1864192K), 0.0333056 secs] [Times: user=0.12 sys=0.00, real=0.03 secs] 
5080.638: [GC (Allocation Failure) [PSYoungGen: 413590K->185494K(465920K)] 530477K->358594K(1864192K), 0.0417249 secs] [Times: user=0.19 sys=0.00, real=0.04 secs] 
5080.825: [GC (Allocation Failure) [PSYoungGen: 418454K->182196K(465920K)] 591554K->411504K(1864192K), 0.0623492 secs] [Times: user=0.31 sys=0.00, real=0.06 secs] 
5081.928: [GC (Allocation Failure) [PSYoungGen: 415156K->104780K(465920K)] 644464K->402720K(1864192K), 0.0472692 secs] [Times: user=0.24 sys=0.01, real=0.05 secs] 
5082.471: [GC (Allocation Failure) [PSYoungGen: 337740K->175413K(465920K)] 635680K->507138K(1864192K), 0.0760816 secs] [Times: user=0.37 sys=0.00, real=0.08 secs] 
5082.743: [GC (Allocation Failure) [PSYoungGen: 408373K->185654K(465920K)] 740098K->572446K(1864192K), 0.0486730 secs] [Times: user=0.22 sys=0.00, real=0.04 secs] 
5082.900: [GC (Allocation Failure) [PSYoungGen: 418614K->181494K(465920K)] 805406K->632931K(1864192K), 0.0492429 secs] [Times: user=0.23 sys=0.00, real=0.05 secs] 
5083.773: [GC (Allocation Failure) [PSYoungGen: 414454K->170131K(465920K)] 865891K->679096K(1864192K), 0.0545535 secs] [Times: user=0.27 sys=0.00, real=0.05 secs] 
5085.561: [GC (Allocation Failure) [PSYoungGen: 403091K->106492K(465920K)] 912056K->680233K(1864192K), 0.1000692 secs] [Times: user=0.54 sys=0.00, real=0.10 secs] 
5086.631: [GC (Allocation Failure) [PSYoungGen: 338968K->176117K(465920K)] 912709K->783987K(1864192K), 0.0540089 secs] [Times: user=0.25 sys=0.00, real=0.06 secs] 
5086.826: [GC (Allocation Failure) [PSYoungGen: 409077K->185494K(465920K)] 1016947K->848227K(1864192K), 0.0446563 secs] [Times: user=0.20 sys=0.00, real=0.04 secs] 
5087.012: [GC (Allocation Failure) [PSYoungGen: 418454K->187317K(465920K)] 1081187K->906323K(1864192K), 0.0678851 secs] [Times: user=0.34 sys=0.00, real=0.07 secs] 
5088.102: [GC (Allocation Failure) [PSYoungGen: 420277K->101676K(465920K)] 1139283K->891218K(1864192K), 0.0608009 secs] [Times: user=0.32 sys=0.00, real=0.07 secs] 
5088.968: [GC (GCLocker Initiated GC) [PSYoungGen: 334636K->171124K(465920K)] 1124178K->993515K(1864192K), 0.0910869 secs] [Times: user=0.45 sys=0.01, real=0.09 secs] 
5089.278: [GC (Allocation Failure) [PSYoungGen: 404084K->183477K(465920K)] 1226478K->1059600K(1864192K), 0.0464212 secs] [Times: user=0.22 sys=0.00, real=0.05 secs] 
5089.462: [GC (Allocation Failure) [PSYoungGen: 416437K->185271K(465920K)] 1292560K->1125457K(1864192K), 0.0739899 secs] [Times: user=0.36 sys=0.00, real=0.08 secs] 
5090.427: [GC (Allocation Failure) [PSYoungGen: 418231K->168275K(465920K)] 1358417K->1167205K(1864192K), 0.0566731 secs] [Times: user=0.29 sys=0.00, real=0.06 secs] 
5091.030: [GC (Allocation Failure) [PSYoungGen: 401235K->110989K(465920K)] 1400165K->1174391K(1864192K), 0.0853154 secs] [Times: user=0.45 sys=0.00, real=0.09 secs] 
5091.612: [GC (Allocation Failure) [PSYoungGen: 336487K->172533K(465920K)] 1399890K->1271076K(1864192K), 0.0470109 secs] [Times: user=0.21 sys=0.00, real=0.05 secs] 
5091.779: [GC (Allocation Failure) [PSYoungGen: 405493K->185590K(465920K)] 1504036K->1337989K(1864192K), 0.0437457 secs] [Times: user=0.20 sys=0.00, real=0.05 secs] 
5091.931: [GC (Allocation Failure) [PSYoungGen: 418550K->187381K(465920K)] 1570949K->1395948K(1864192K), 0.0467116 secs] [Times: user=0.21 sys=0.00, real=0.05 secs] 
5092.932: [GC (Allocation Failure) [PSYoungGen: 420341K->99564K(465920K)] 1628908K->1378635K(1864192K), 0.0453283 secs] [Times: user=0.23 sys=0.00, real=0.05 secs] 
5094.450: [GC (Allocation Failure) [PSYoungGen: 332524K->171444K(465920K)] 1611595K->1482232K(1864192K), 0.1083790 secs] [Times: user=0.53 sys=0.00, real=0.11 secs] 
5094.755: [GC (Allocation Failure) [PSYoungGen: 404404K->185590K(465920K)] 1715192K->1550482K(1864192K), 0.0448289 secs] [Times: user=0.20 sys=0.00, real=0.04 secs] 
5094.800: [Full GC (Ergonomics) [PSYoungGen: 185590K->0K(465920K)] [ParOldGen: 1364892K->262483K(1398272K)] 1550482K->262483K(1864192K), [Metaspace: 59552K->59552K(1105920K)], 0.3348909 secs] [Times: user=1.55 sys=0.00, real=0.34 secs] 
5095.247: [GC (Allocation Failure) [PSYoungGen: 232960K->183670K(465920K)] 495443K->446154K(1864192K), 0.0857850 secs] [Times: user=0.45 sys=0.00, real=0.09 secs] 
5096.197: [GC (Allocation Failure) [PSYoungGen: 416630K->212902K(465920K)] 679114K->533673K(1864192K), 0.0512773 secs] [Times: user=0.25 sys=0.00, real=0.05 secs] 
5096.860: [GC (Allocation Failure) [PSYoungGen: 445862K->109069K(465920K)] 766633K->495000K(1864192K), 0.0578563 secs] [Times: user=0.30 sys=0.00, real=0.06 secs] 
5097.460: [GC (Allocation Failure) [PSYoungGen: 337238K->174613K(465920K)] 723169K->595133K(1864192K), 0.0511344 secs] [Times: user=0.23 sys=0.00, real=0.05 secs] 
5097.649: [GC (Allocation Failure) [PSYoungGen: 407573K->185430K(465920K)] 828093K->660434K(1864192K), 0.0427569 secs] [Times: user=0.19 sys=0.00, real=0.04 secs] 
5097.798: [GC (Allocation Failure) [PSYoungGen: 418390K->184532K(465920K)] 893394K->715741K(1864192K), 0.0447730 secs] [Times: user=0.20 sys=0.01, real=0.05 secs] 
5098.840: [GC (Allocation Failure) [PSYoungGen: 417492K->102844K(465920K)] 948701K->703581K(1864192K), 0.0438289 secs] [Times: user=0.23 sys=0.00, real=0.05 secs] 
5100.640: [GC (Allocation Failure) [PSYoungGen: 335804K->165876K(465920K)] 936541K->799345K(1864192K), 0.1065530 secs] [Times: user=0.54 sys=0.00, real=0.11 secs] 
5100.935: [GC (Allocation Failure) [PSYoungGen: 398836K->184982K(465920K)] 1032305K->870651K(1864192K), 0.0423793 secs] [Times: user=0.19 sys=0.00, real=0.04 secs] 
5101.125: [GC (Allocation Failure) [PSYoungGen: 417942K->185879K(465920K)] 1103611K->944116K(1864192K), 0.0715066 secs] [Times: user=0.35 sys=0.00, real=0.07 secs] 
5101.962: [GC (Allocation Failure) [PSYoungGen: 414793K->210419K(465920K)] 1173031K->1027649K(1864192K), 0.0569554 secs] [Times: user=0.28 sys=0.00, real=0.06 secs] 
5103.053: [GC (Allocation Failure) [PSYoungGen: 443379K->100379K(465920K)] 1260609K->983745K(1864192K), 0.1024918 secs] [Times: user=0.55 sys=0.01, real=0.10 secs] 
5104.140: [GC (Allocation Failure) [PSYoungGen: 333339K->178357K(465920K)] 1216705K->1093672K(1864192K), 0.0549239 secs] [Times: user=0.25 sys=0.00, real=0.06 secs] 
5104.383: [GC (Allocation Failure) [PSYoungGen: 411317K->185302K(465920K)] 1326632K->1156464K(1864192K), 0.0596012 secs] [Times: user=0.28 sys=0.01, real=0.06 secs] 
5104.594: [GC (Allocation Failure) [PSYoungGen: 418262K->187477K(465920K)] 1389424K->1214848K(1864192K), 0.0619311 secs] [Times: user=0.30 sys=0.00, real=0.06 secs] 
5105.628: [GC (Allocation Failure) [PSYoungGen: 420437K->104908K(465920K)] 1447808K->1203135K(1864192K), 0.0459093 secs] [Times: user=0.23 sys=0.00, real=0.05 secs] 
5106.623: [GC (Allocation Failure) [PSYoungGen: 337868K->172052K(465920K)] 1436095K->1303764K(1864192K), 0.0770034 secs] [Times: user=0.38 sys=0.01, real=0.07 secs] 
5106.904: [GC (Allocation Failure) [PSYoungGen: 405012K->181333K(465920K)] 1536724K->1366629K(1864192K), 0.0574174 secs] [Times: user=0.27 sys=0.00, real=0.05 secs] 
5107.143: [GC (Allocation Failure) [PSYoungGen: 414293K->185815K(465920K)] 1599589K->1434686K(1864192K), 0.0718615 secs] [Times: user=0.35 sys=0.00, real=0.07 secs] 
5108.066: [GC (Allocation Failure) [PSYoungGen: 418775K->170899K(465920K)] 1667646K->1478714K(1864192K), 0.0573242 secs] [Times: user=0.29 sys=0.00, real=0.06 secs] 
5108.542: [GC (Allocation Failure) [PSYoungGen: 403859K->111277K(465920K)] 1711674K->1484457K(1864192K), 0.0623034 secs] [Times: user=0.32 sys=0.00, real=0.07 secs] 
5108.604: [Full GC (Ergonomics) [PSYoungGen: 111277K->0K(465920K)] [ParOldGen: 1373179K->127258K(1398272K)] 1484457K->127258K(1864192K), [Metaspace: 59552K->59552K(1105920K)], 0.1466083 secs] [Times: user=0.63 sys=0.00, real=0.14 secs] 
5109.565: [GC (Allocation Failure) [PSYoungGen: 227127K->172308K(465920K)] 354386K->299567K(1864192K), 0.0323414 secs] [Times: user=0.12 sys=0.01, real=0.03 secs] 
5109.731: [GC (Allocation Failure) [PSYoungGen: 405268K->185654K(465920K)] 532527K->366773K(1864192K), 0.0409852 secs] [Times: user=0.18 sys=0.00, real=0.04 secs] 
5109.902: [GC (Allocation Failure) [PSYoungGen: 418614K->187605K(465920K)] 599733K->424988K(1864192K), 0.0632617 secs] [Times: user=0.31 sys=0.00, real=0.07 secs] 
5110.913: [GC (Allocation Failure) [PSYoungGen: 420565K->100508K(465920K)] 657948K->408515K(1864192K), 0.0435144 secs] [Times: user=0.22 sys=0.01, real=0.04 secs] 
5111.984: [GC (Allocation Failure) [PSYoungGen: 333468K->173012K(465920K)] 641475K->513192K(1864192K), 0.0882845 secs] [Times: user=0.43 sys=0.00, real=0.08 secs] 
5112.287: [GC (Allocation Failure) [PSYoungGen: 405972K->185398K(465920K)] 746152K->579922K(1864192K), 0.0475906 secs] [Times: user=0.21 sys=0.00, real=0.05 secs] 
5112.498: [GC (Allocation Failure) [PSYoungGen: 415246K->181430K(465920K)] 809770K->640362K(1864192K), 0.0761934 secs] [Times: user=0.38 sys=0.00, real=0.08 secs] 
5113.408: [GC (Allocation Failure) [PSYoungGen: 414390K->168466K(463872K)] 873322K->684991K(1862144K), 0.0540488 secs] [Times: user=0.27 sys=0.00, real=0.05 secs] 
5114.876: [GC (Allocation Failure) [PSYoungGen: 401426K->103596K(464896K)] 917951K->684560K(1863168K), 0.1008170 secs] [Times: user=0.54 sys=0.00, real=0.10 secs] 
5115.206: [GC (Allocation Failure) [PSYoungGen: 334927K->178965K(465920K)] 915891K->793198K(1864192K), 0.0345822 secs] [Times: user=0.14 sys=0.00, real=0.03 secs] 
5115.353: [GC (Allocation Failure) [PSYoungGen: 411925K->185590K(465920K)] 1026158K->855607K(1864192K), 0.0426034 secs] [Times: user=0.20 sys=0.00, real=0.04 secs] 
5115.504: [GC (Allocation Failure) [PSYoungGen: 418550K->187605K(465920K)] 1088567K->913686K(1864192K), 0.0449460 secs] [Times: user=0.20 sys=0.00, real=0.04 secs] 
5116.526: [GC (Allocation Failure) [PSYoungGen: 420565K->98699K(465920K)] 1146646K->895573K(1864192K), 0.0438130 secs] [Times: user=0.23 sys=0.00, real=0.04 secs] 
5117.609: [GC (Allocation Failure) [PSYoungGen: 331659K->175221K(465920K)] 1128533K->1004179K(1864192K), 0.0795778 secs] [Times: user=0.38 sys=0.00, real=0.08 secs] 
5117.852: [GC (Allocation Failure) [PSYoungGen: 408181K->182741K(465920K)] 1237139K->1066431K(1864192K), 0.0430511 secs] [Times: user=0.19 sys=0.00, real=0.05 secs] 
5118.006: [GC (Allocation Failure) [PSYoungGen: 415701K->183638K(465920K)] 1299391K->1131153K(1864192K), 0.0498032 secs] [Times: user=0.24 sys=0.01, real=0.05 secs] 
5118.926: [GC (Allocation Failure) [PSYoungGen: 416598K->168594K(465920K)] 1364113K->1174493K(1864192K), 0.0549808 secs] [Times: user=0.28 sys=0.00, real=0.05 secs] 
5120.276: [GC (Allocation Failure) [PSYoungGen: 401554K->107436K(465920K)] 1407453K->1177895K(1864192K), 0.1104995 secs] [Times: user=0.60 sys=0.00, real=0.11 secs] 
5121.186: [GC (Allocation Failure) [PSYoungGen: 334144K->175573K(465920K)] 1404602K->1280616K(1864192K), 0.0586368 secs] [Times: user=0.26 sys=0.00, real=0.06 secs] 
5121.447: [GC (Allocation Failure) [PSYoungGen: 408533K->185718K(465920K)] 1513576K->1345409K(1864192K), 0.0545191 secs] [Times: user=0.26 sys=0.00, real=0.05 secs] 
5121.607: [GC (Allocation Failure) [PSYoungGen: 418678K->204021K(465920K)] 1578369K->1420056K(1864192K), 0.0469486 secs] [Times: user=0.22 sys=0.00, real=0.05 secs] 
5122.594: [GC (Allocation Failure) [PSYoungGen: 436981K->98924K(465920K)] 1653016K->1385715K(1864192K), 0.0448263 secs] [Times: user=0.23 sys=0.00, real=0.04 secs] 
5123.849: [GC (Allocation Failure) [PSYoungGen: 331884K->170292K(465920K)] 1618675K->1488544K(1864192K), 0.0753132 secs] [Times: user=0.36 sys=0.00, real=0.08 secs] 
5123.924: [Full GC (Ergonomics) [PSYoungGen: 170292K->0K(465920K)] [ParOldGen: 1318252K->193629K(1398272K)] 1488544K->193629K(1864192K), [Metaspace: 59554K->59554K(1105920K)], 0.2440033 secs] [Times: user=1.19 sys=0.00, real=0.24 secs] 
5124.276: [GC (Allocation Failure) [PSYoungGen: 232960K->185686K(465920K)] 426589K->379315K(1864192K), 0.0336604 secs] [Times: user=0.13 sys=0.00, real=0.03 secs] 
5124.417: [GC (Allocation Failure) [PSYoungGen: 418646K->185399K(465920K)] 612275K->443556K(1864192K), 0.0439853 secs] [Times: user=0.20 sys=0.00, real=0.04 secs] 
5125.275: [GC (Allocation Failure) [PSYoungGen: 418359K->211931K(465920K)] 676516K->528936K(1864192K), 0.0501524 secs] [Times: user=0.24 sys=0.00, real=0.05 secs] 
5125.847: [GC (Allocation Failure) [PSYoungGen: 444891K->110157K(465920K)] 761896K->491714K(1864192K), 0.0681808 secs] [Times: user=0.35 sys=0.00, real=0.07 secs] 
5126.813: [GC (Allocation Failure) [PSYoungGen: 335350K->172533K(465920K)] 716907K->589023K(1864192K), 0.0473175 secs] [Times: user=0.21 sys=0.00, real=0.04 secs] 
5126.982: [GC (Allocation Failure) [PSYoungGen: 405493K->185590K(465920K)] 821983K->655868K(1864192K), 0.0426653 secs] [Times: user=0.19 sys=0.00, real=0.05 secs] 
5127.130: [GC (Allocation Failure) [PSYoungGen: 418550K->184789K(465920K)] 888828K->711291K(1864192K), 0.0449687 secs] [Times: user=0.21 sys=0.00, real=0.05 secs] 
5128.122: [GC (GCLocker Initiated GC) [PSYoungGen: 417749K->102556K(465920K)] 944251K->698803K(1864192K), 0.0441637 secs] [Times: user=0.23 sys=0.00, real=0.05 secs] 
5129.333: [GC (Allocation Failure) [PSYoungGen: 335516K->174453K(465920K)] 931766K->803395K(1864192K), 0.0929284 secs] [Times: user=0.46 sys=0.00, real=0.09 secs] 
5129.615: [GC (Allocation Failure) [PSYoungGen: 407413K->182709K(465920K)] 1036355K->866196K(1864192K), 0.0426787 secs] [Times: user=0.20 sys=0.00, real=0.04 secs] 
5129.769: [GC (Allocation Failure) [PSYoungGen: 415669K->184119K(465920K)] 1099156K->931413K(1864192K), 0.0493640 secs] [Times: user=0.23 sys=0.01, real=0.05 secs] 
5130.662: [GC (Allocation Failure) [PSYoungGen: 417079K->168915K(465920K)] 1164373K->974705K(1864192K), 0.0572468 secs] [Times: user=0.28 sys=0.00, real=0.06 secs] 
5131.798: [GC (Allocation Failure) [PSYoungGen: 401875K->106444K(465920K)] 1207665K->976755K(1864192K), 0.0867293 secs] [Times: user=0.46 sys=0.00, real=0.09 secs] 
5132.647: [GC (Allocation Failure) [PSYoungGen: 339404K->176309K(465920K)] 1209715K->1080596K(1864192K), 0.0540386 secs] [Times: user=0.25 sys=0.00, real=0.05 secs] 
5132.843: [GC (Allocation Failure) [PSYoungGen: 409269K->185526K(465920K)] 1313556K->1144865K(1864192K), 0.0436906 secs] [Times: user=0.20 sys=0.00, real=0.04 secs] 
5133.019: [GC (Allocation Failure) [PSYoungGen: 418486K->187637K(465920K)] 1377825K->1203128K(1864192K), 0.0611920 secs] [Times: user=0.29 sys=0.00, real=0.06 secs] 
5134.082: [GC (Allocation Failure) [PSYoungGen: 420597K->105884K(465920K)] 1436088K->1192024K(1864192K), 0.0455415 secs] [Times: user=0.24 sys=0.00, real=0.05 secs] 
5135.180: [GC (Allocation Failure) [PSYoungGen: 338844K->172564K(465920K)] 1424984K->1292973K(1864192K), 0.0824254 secs] [Times: user=0.40 sys=0.00, real=0.08 secs] 
5135.438: [GC (Allocation Failure) [PSYoungGen: 405524K->179765K(465920K)] 1525933K->1354093K(1864192K), 0.0423925 secs] [Times: user=0.19 sys=0.00, real=0.04 secs] 
5135.642: [GC (Allocation Failure) [PSYoungGen: 410612K->181654K(465920K)] 1584940K->1419191K(1864192K), 0.0778472 secs] [Times: user=0.38 sys=0.01, real=0.08 secs] 
5136.657: [GC (Allocation Failure) [PSYoungGen: 414614K->169843K(461824K)] 1652151K->1465219K(1860096K), 0.0557289 secs] [Times: user=0.28 sys=0.00, real=0.06 secs] 
5137.761: [GC (Allocation Failure) [PSYoungGen: 402803K->112333K(463872K)] 1698179K->1472709K(1862144K), 0.1019054 secs] [Times: user=0.54 sys=0.00, real=0.11 secs] 
5137.863: [Full GC (Ergonomics) [PSYoungGen: 112333K->0K(463872K)] [ParOldGen: 1360376K->128437K(1398272K)] 1472709K->128437K(1862144K), [Metaspace: 59591K->59591K(1105920K)], 0.1883798 secs] [Times: user=0.83 sys=0.00, real=0.18 secs] 
5138.598: [GC (Allocation Failure) [PSYoungGen: 232960K->179509K(465920K)] 361397K->307946K(1864192K), 0.0393023 secs] [Times: user=0.16 sys=0.00, real=0.04 secs] 
5138.856: [GC (Allocation Failure) [PSYoungGen: 412469K->180054K(465920K)] 540906K->371103K(1864192K), 0.0649051 secs] [Times: user=0.32 sys=0.00, real=0.06 secs] 
5139.077: [GC (Allocation Failure) [PSYoungGen: 413014K->187605K(465920K)] 604063K->436294K(1864192K), 0.0808518 secs] [Times: user=0.41 sys=0.00, real=0.08 secs] 
5140.166: [GC (Allocation Failure) [PSYoungGen: 420565K->101276K(465920K)] 669254K->420909K(1864192K), 0.0458148 secs] [Times: user=0.24 sys=0.00, real=0.04 secs] 
5141.593: [GC (GCLocker Initiated GC) [PSYoungGen: 334236K->167700K(465920K)] 653869K->519634K(1864192K), 0.0890596 secs] [Times: user=0.40 sys=0.00, real=0.08 secs] 
5141.887: [GC (Allocation Failure) [PSYoungGen: 400660K->181461K(465920K)] 752633K->586138K(1864192K), 0.0417660 secs] [Times: user=0.18 sys=0.00, real=0.04 secs] 
5142.041: [GC (Allocation Failure) [PSYoungGen: 414182K->183446K(465920K)] 818859K->651716K(1864192K), 0.0492358 secs] [Times: user=0.23 sys=0.00, real=0.05 secs] 
5142.993: [GC (Allocation Failure) [PSYoungGen: 416406K->168851K(401920K)] 884676K->695320K(1800192K), 0.0536978 secs] [Times: user=0.26 sys=0.00, real=0.05 secs] 
5143.568: [GC (Allocation Failure) [PSYoungGen: 401811K->112989K(459264K)] 928280K->704182K(1857536K), 0.0782566 secs] [Times: user=0.41 sys=0.00, real=0.08 secs] 
5144.419: [GC (Allocation Failure) [PSYoungGen: 336519K->171284K(461824K)] 927712K->798150K(1860096K), 0.0521976 secs] [Times: user=0.23 sys=0.00, real=0.05 secs] 
5144.606: [GC (Allocation Failure) [PSYoungGen: 401684K->182613K(465408K)] 1028550K->863236K(1863680K), 0.0426479 secs] [Times: user=0.19 sys=0.00, real=0.04 secs] 
5144.776: [GC (Allocation Failure) [PSYoungGen: 419669K->190389K(427520K)] 1100292K->926500K(1825792K), 0.0519299 secs] [Times: user=0.25 sys=0.00, real=0.05 secs] 
5145.826: [GC (Allocation Failure) [PSYoungGen: 427445K->107453K(465920K)] 1163556K->915147K(1864192K), 0.0496374 secs] [Times: user=0.26 sys=0.00, real=0.05 secs] 
5146.631: [GC (Allocation Failure) [PSYoungGen: 340413K->173044K(465920K)] 1148107K->1015016K(1864192K), 0.0955719 secs] [Times: user=0.48 sys=0.00, real=0.10 secs] 
5146.917: [GC (Allocation Failure) [PSYoungGen: 406004K->185398K(465920K)] 1247976K->1081869K(1864192K), 0.0432226 secs] [Times: user=0.19 sys=0.00, real=0.04 secs] 
5147.066: [GC (Allocation Failure) [PSYoungGen: 406760K->175766K(409088K)] 1303232K->1136589K(1807360K), 0.0486039 secs] [Times: user=0.23 sys=0.00, real=0.05 secs] 
5147.993: [GC (Allocation Failure) [PSYoungGen: 408726K->168370K(471040K)] 1369549K->1184954K(1869312K), 0.0566691 secs] [Times: user=0.29 sys=0.01, real=0.05 secs] 
5149.471: [GC (Allocation Failure) [PSYoungGen: 406962K->110637K(465408K)] 1423546K->1191724K(1863680K), 0.0974404 secs] [Times: user=0.52 sys=0.01, real=0.10 secs] 
5150.017: [GC (GCLocker Initiated GC) [PSYoungGen: 349229K->180469K(467456K)] 1430317K->1296682K(1865728K), 0.0486282 secs] [Times: user=0.22 sys=0.00, real=0.05 secs] 
5150.187: [GC (Allocation Failure) [PSYoungGen: 417525K->188439K(425984K)] 1533905K->1368139K(1824256K), 0.0505415 secs] [Times: user=0.23 sys=0.00, real=0.05 secs] 
5150.348: [GC (Allocation Failure) [PSYoungGen: 425495K->190805K(465920K)] 1605195K->1430233K(1864192K), 0.0595629 secs] [Times: user=0.30 sys=0.00, real=0.06 secs] 
5151.385: [GC (Allocation Failure) [PSYoungGen: 423765K->98075K(465920K)] 1663193K->1409359K(1864192K), 0.0467198 secs] [Times: user=0.25 sys=0.00, real=0.04 secs] 
5151.431: [Full GC (Ergonomics) [PSYoungGen: 98075K->0K(465920K)] [ParOldGen: 1311283K->95704K(1398272K)] 1409359K->95704K(1864192K), [Metaspace: 59591K->59591K(1105920K)], 0.0562382 secs] [Times: user=0.20 sys=0.00, real=0.06 secs] 
5152.036: [GC (Allocation Failure) [PSYoungGen: 232960K->176117K(465920K)] 328664K->271821K(1864192K), 0.0297375 secs] [Times: user=0.11 sys=0.00, real=0.03 secs] 
5152.220: [GC (Allocation Failure) [PSYoungGen: 409077K->185046K(465920K)] 504781K->336078K(1864192K), 0.0536684 secs] [Times: user=0.25 sys=0.00, real=0.06 secs] 
5152.409: [GC (Allocation Failure) [PSYoungGen: 418006K->187413K(465920K)] 569038K->394573K(1864192K), 0.0442593 secs] [Times: user=0.20 sys=0.00, real=0.05 secs] 
5153.325: [GC (Allocation Failure) [PSYoungGen: 420373K->145074K(465920K)] 627533K->422930K(1864192K), 0.0495192 secs] [Times: user=0.24 sys=0.01, real=0.05 secs] 
5154.798: [GC (Allocation Failure) [PSYoungGen: 378034K->127695K(465920K)] 655890K->451479K(1864192K), 0.1712069 secs] [Times: user=0.96 sys=0.00, real=0.17 secs] 
5155.449: [GC (Allocation Failure) [PSYoungGen: 360655K->179573K(465920K)] 684439K->543926K(1864192K), 0.0467455 secs] [Times: user=0.22 sys=0.00, real=0.05 secs] 
5155.606: [GC (Allocation Failure) [PSYoungGen: 412485K->186007K(465920K)] 776838K->613036K(1864192K), 0.0492224 secs] [Times: user=0.23 sys=0.00, real=0.05 secs] 
5155.759: [GC (Allocation Failure) [PSYoungGen: 418967K->187829K(465920K)] 845996K->673962K(1864192K), 0.0570054 secs] [Times: user=0.28 sys=0.00, real=0.06 secs] 
5157.025: [GC (Allocation Failure) [PSYoungGen: 420789K->93035K(465920K)] 906922K->649904K(1864192K), 0.0704293 secs] [Times: user=0.38 sys=0.01, real=0.07 secs] 
5158.642: [GC (Allocation Failure) [PSYoungGen: 325995K->175509K(465920K)] 882864K->762023K(1864192K), 0.0523110 secs] [Times: user=0.23 sys=0.00, real=0.06 secs] 
5158.847: [GC (Allocation Failure) [PSYoungGen: 408469K->185590K(465920K)] 994983K->827232K(1864192K), 0.0429682 secs] [Times: user=0.19 sys=0.00, real=0.04 secs] 
5159.036: [GC (Allocation Failure) [PSYoungGen: 418550K->187765K(465920K)] 1060192K->885711K(1864192K), 0.0625358 secs] [Times: user=0.30 sys=0.00, real=0.06 secs] 
5160.002: [GC (Allocation Failure) [PSYoungGen: 420725K->139729K(465920K)] 1118671K->908351K(1864192K), 0.0499101 secs] [Times: user=0.25 sys=0.00, real=0.05 secs] 
5161.475: [GC (Allocation Failure) [PSYoungGen: 372689K->131999K(465920K)] 1141311K->944902K(1864192K), 0.1634243 secs] [Times: user=0.91 sys=0.00, real=0.16 secs] 
5161.961: [GC (Allocation Failure) [PSYoungGen: 364959K->179893K(465920K)] 1177862K->1034716K(1864192K), 0.0502936 secs] [Times: user=0.19 sys=0.00, real=0.05 secs] 
5162.166: [GC (Allocation Failure) [PSYoungGen: 412853K->186135K(465920K)] 1267676K->1103702K(1864192K), 0.0667002 secs] [Times: user=0.33 sys=0.00, real=0.06 secs] 
5162.385: [GC (Allocation Failure) [PSYoungGen: 419095K->187445K(465920K)] 1336662K->1164188K(1864192K), 0.0595444 secs] [Times: user=0.30 sys=0.00, real=0.06 secs] 
5164.042: [GC (Allocation Failure) [PSYoungGen: 420405K->92603K(465920K)] 1397148K->1140086K(1864192K), 0.1145805 secs] [Times: user=0.63 sys=0.00, real=0.12 secs] 
5165.218: [GC (Allocation Failure) [PSYoungGen: 325563K->177781K(465920K)] 1373046K->1255086K(1864192K), 0.0595909 secs] [Times: user=0.26 sys=0.00, real=0.06 secs] 
5165.437: [GC (Allocation Failure) [PSYoungGen: 410741K->185334K(465920K)] 1488046K->1317938K(1864192K), 0.0458554 secs] [Times: user=0.21 sys=0.00, real=0.05 secs] 
5165.590: [GC (Allocation Failure) [PSYoungGen: 418294K->187317K(465920K)] 1550898K->1376217K(1864192K), 0.0476171 secs] [Times: user=0.23 sys=0.00, real=0.05 secs] 
5166.612: [GC (Allocation Failure) [PSYoungGen: 420277K->133008K(465920K)] 1609177K->1392493K(1864192K), 0.0510523 secs] [Times: user=0.26 sys=0.00, real=0.06 secs] 
5169.360: [GC (Allocation Failure) [PSYoungGen: 365968K->138160K(465920K)] 1625453K->1439853K(1864192K), 0.1415295 secs] [Times: user=0.78 sys=0.00, real=0.14 secs] 
5170.060: [GC (Allocation Failure) [PSYoungGen: 371120K->176597K(465920K)] 1672813K->1522390K(1864192K), 0.0460944 secs] [Times: user=0.21 sys=0.00, real=0.05 secs] 
5170.106: [Full GC (Ergonomics) [PSYoungGen: 176597K->0K(465920K)] [ParOldGen: 1345793K->236633K(1398272K)] 1522390K->236633K(1864192K), [Metaspace: 59592K->59592K(1105920K)], 0.2786782 secs] [Times: user=1.28 sys=0.00, real=0.28 secs] 
5170.496: [GC (Allocation Failure) [PSYoungGen: 232960K->182902K(465920K)] 469593K->419536K(1864192K), 0.0867802 secs] [Times: user=0.45 sys=0.01, real=0.09 secs] 
5170.691: [GC (Allocation Failure) [PSYoungGen: 415862K->187381K(465920K)] 652496K->482391K(1864192K), 0.0557841 secs] [Times: user=0.27 sys=0.00, real=0.06 secs] 
5171.897: [GC (Allocation Failure) [PSYoungGen: 420341K->97947K(465920K)] 715351K->463541K(1864192K), 0.0649042 secs] [Times: user=0.34 sys=0.00, real=0.06 secs] 
5173.003: [GC (Allocation Failure) [PSYoungGen: 330907K->170196K(465920K)] 696501K->567463K(1864192K), 0.0556211 secs] [Times: user=0.25 sys=0.00, real=0.05 secs] 
5173.231: [GC (Allocation Failure) [PSYoungGen: 403156K->185430K(465920K)] 800423K->636244K(1864192K), 0.0422087 secs] [Times: user=0.19 sys=0.01, real=0.05 secs] 
5173.428: [GC (Allocation Failure) [PSYoungGen: 418390K->187285K(465920K)] 869204K->694403K(1864192K), 0.0699838 secs] [Times: user=0.35 sys=0.00, real=0.07 secs] 
5174.425: [GC (Allocation Failure) [PSYoungGen: 420245K->136209K(465920K)] 927363K->713871K(1864192K), 0.0489021 secs] [Times: user=0.24 sys=0.00, real=0.05 secs] 
5175.568: [GC (Allocation Failure) [PSYoungGen: 368629K->141329K(465920K)] 946291K->762351K(1864192K), 0.1457881 secs] [Times: user=0.80 sys=0.00, real=0.15 secs] 
5176.056: [GC (Allocation Failure) [PSYoungGen: 374289K->174612K(464896K)] 995311K->840864K(1863168K), 0.0411611 secs] [Times: user=0.18 sys=0.00, real=0.04 secs] 
5176.255: [GC (Allocation Failure) [PSYoungGen: 407572K->185815K(465408K)] 1073824K->913554K(1863680K), 0.0718780 secs] [Times: user=0.36 sys=0.00, real=0.07 secs] 
5176.485: [GC (Allocation Failure) [PSYoungGen: 418775K->187477K(465920K)] 1146514K->974337K(1864192K), 0.0689997 secs] [Times: user=0.35 sys=0.00, real=0.07 secs] 
5178.081: [GC (Allocation Failure) [PSYoungGen: 420437K->96939K(465920K)] 1207297K->954383K(1864192K), 0.1133200 secs] [Times: user=0.62 sys=0.00, real=0.12 secs] 
5179.096: [GC (Allocation Failure) [PSYoungGen: 329899K->175509K(465920K)] 1187343K->1063717K(1864192K), 0.0512119 secs] [Times: user=0.22 sys=0.00, real=0.05 secs] 
5179.295: [GC (Allocation Failure) [PSYoungGen: 408469K->185430K(465920K)] 1296677K->1128810K(1864192K), 0.0437701 secs] [Times: user=0.20 sys=0.00, real=0.04 secs] 
5179.506: [GC (Allocation Failure) [PSYoungGen: 418390K->184692K(465920K)] 1361770K->1184217K(1864192K), 0.0641406 secs] [Times: user=0.31 sys=0.00, real=0.06 secs] 
5180.588: [GC (Allocation Failure) [PSYoungGen: 417652K->131216K(465920K)] 1417177K->1200364K(1864192K), 0.0487668 secs] [Times: user=0.24 sys=0.00, real=0.05 secs] 
5181.275: [GC (Allocation Failure) [PSYoungGen: 364176K->145345K(465920K)] 1433324K->1256182K(1864192K), 0.1271075 secs] [Times: user=0.70 sys=0.00, real=0.12 secs] 
5181.648: [GC (Allocation Failure) [PSYoungGen: 378305K->182101K(465920K)] 1489142K->1338743K(1864192K), 0.0408847 secs] [Times: user=0.18 sys=0.00, real=0.04 secs] 
5181.803: [GC (Allocation Failure) [PSYoungGen: 415061K->185655K(465920K)] 1571703K->1405968K(1864192K), 0.0502217 secs] [Times: user=0.24 sys=0.00, real=0.05 secs] 
5181.993: [GC (Allocation Failure) [PSYoungGen: 418615K->186677K(465920K)] 1638928K->1465814K(1864192K), 0.0784591 secs] [Times: user=0.40 sys=0.00, real=0.07 secs] 
5183.537: [GC (Allocation Failure) [PSYoungGen: 419637K->93803K(465920K)] 1698774K->1443512K(1864192K), 0.1014708 secs] [Times: user=0.55 sys=0.00, real=0.10 secs] 
5183.639: [Full GC (Ergonomics) [PSYoungGen: 93803K->0K(465920K)] [ParOldGen: 1349709K->100235K(1398272K)] 1443512K->100235K(1864192K), [Metaspace: 59592K->59592K(1105920K)], 0.1277852 secs] [Times: user=0.53 sys=0.00, real=0.13 secs] 
5184.384: [GC (Allocation Failure) [PSYoungGen: 232960K->179925K(465920K)] 333195K->280161K(1864192K), 0.0392591 secs] [Times: user=0.15 sys=0.00, real=0.04 secs] 
5184.578: [GC (Allocation Failure) [PSYoungGen: 412885K->182645K(465920K)] 513121K->338977K(1864192K), 0.0425203 secs] [Times: user=0.19 sys=0.00, real=0.04 secs] 
5184.729: [GC (Allocation Failure) [PSYoungGen: 415605K->204277K(465920K)] 571937K->416152K(1864192K), 0.0448411 secs] [Times: user=0.20 sys=0.00, real=0.05 secs] 
5185.719: [GC (Allocation Failure) [PSYoungGen: 437237K->120222K(465920K)] 649112K->402750K(1864192K), 0.0462575 secs] [Times: user=0.23 sys=0.00, real=0.05 secs] 
5187.402: [GC (Allocation Failure) [PSYoungGen: 353182K->148081K(465920K)] 635710K->468917K(1864192K), 0.1107864 secs] [Times: user=0.59 sys=0.00, real=0.12 secs] 
5187.935: [GC (Allocation Failure) [PSYoungGen: 381041K->184758K(465920K)] 701877K->552214K(1864192K), 0.0474745 secs] [Times: user=0.22 sys=0.00, real=0.05 secs] 
5188.093: [GC (Allocation Failure) [PSYoungGen: 417718K->182774K(465920K)] 785174K->614503K(1864192K), 0.0493482 secs] [Times: user=0.23 sys=0.00, real=0.04 secs] 
5188.295: [GC (Allocation Failure) [PSYoungGen: 415734K->187317K(465920K)] 847463K->677053K(1864192K), 0.0785057 secs] [Times: user=0.40 sys=0.00, real=0.08 secs] 
5189.843: [GC (Allocation Failure) [PSYoungGen: 420277K->94507K(465920K)] 910013K->654883K(1864192K), 0.1069435 secs] [Times: user=0.59 sys=0.00, real=0.10 secs] 
5190.582: [GC (Allocation Failure) [PSYoungGen: 327467K->179637K(465920K)] 887843K->769987K(1864192K), 0.0495572 secs] [Times: user=0.21 sys=0.00, real=0.05 secs] 
5190.815: [GC (Allocation Failure) [PSYoungGen: 412597K->182645K(465920K)] 1002947K->829139K(1864192K), 0.0572804 secs] [Times: user=0.27 sys=0.01, real=0.05 secs] 
5191.043: [GC (Allocation Failure) [PSYoungGen: 415605K->187509K(465920K)] 1062099K->889690K(1864192K), 0.0618493 secs] [Times: user=0.30 sys=0.00, real=0.06 secs] 
5192.108: [GC (Allocation Failure) [PSYoungGen: 420469K->116526K(465920K)] 1122650K->889475K(1864192K), 0.0466848 secs] [Times: user=0.24 sys=0.00, real=0.05 secs] 
5193.020: [GC (Allocation Failure) [PSYoungGen: 349486K->154562K(465920K)] 1122435K->964779K(1864192K), 0.1354092 secs] [Times: user=0.72 sys=0.01, real=0.14 secs] 
5193.595: [GC (Allocation Failure) [PSYoungGen: 387522K->181813K(465920K)] 1197739K->1040387K(1864192K), 0.0573494 secs] [Times: user=0.27 sys=0.00, real=0.06 secs] 
5193.829: [GC (Allocation Failure) [PSYoungGen: 414738K->185847K(465920K)] 1273312K->1107833K(1864192K), 0.0707891 secs] [Times: user=0.35 sys=0.00, real=0.07 secs] 
5194.014: [GC (Allocation Failure) [PSYoungGen: 418807K->187477K(465920K)] 1340793K->1168359K(1864192K), 0.0575691 secs] [Times: user=0.28 sys=0.00, real=0.05 secs] 
5195.420: [GC (Allocation Failure) [PSYoungGen: 419340K->93339K(465920K)] 1400222K->1144909K(1864192K), 0.0888169 secs] [Times: user=0.48 sys=0.00, real=0.09 secs] 
5196.228: [GC (Allocation Failure) [PSYoungGen: 326299K->175637K(465920K)] 1377869K->1256868K(1864192K), 0.0496240 secs] [Times: user=0.21 sys=0.00, real=0.05 secs] 
5196.411: [GC (Allocation Failure) [PSYoungGen: 408597K->185270K(465920K)] 1489828K->1321049K(1864192K), 0.0450230 secs] [Times: user=0.20 sys=0.00, real=0.05 secs] 
5196.561: [GC (Allocation Failure) [PSYoungGen: 418230K->187733K(465920K)] 1554009K->1379656K(1864192K), 0.0474743 secs] [Times: user=0.22 sys=0.00, real=0.05 secs] 
5197.610: [GC (Allocation Failure) [PSYoungGen: 420693K->113517K(465920K)] 1612616K->1376217K(1864192K), 0.0484536 secs] [Times: user=0.25 sys=0.00, real=0.05 secs] 
5198.686: [GC (GCLocker Initiated GC) [PSYoungGen: 346477K->156306K(465920K)] 1609178K->1455343K(1864192K), 0.1384171 secs] [Times: user=0.74 sys=0.00, real=0.14 secs] 
5199.062: [GC (Allocation Failure) [PSYoungGen: 389266K->185110K(465920K)] 1688434K->1532981K(1864192K), 0.0476330 secs] [Times: user=0.22 sys=0.00, real=0.05 secs] 
5199.110: [Full GC (Ergonomics) [PSYoungGen: 185110K->0K(465920K)] [ParOldGen: 1347871K->250408K(1398272K)] 1532981K->250408K(1864192K), [Metaspace: 59592K->59592K(1105920K)], 0.3096024 secs] [Times: user=1.43 sys=0.00, real=0.31 secs] 
5199.530: [GC (Allocation Failure) [PSYoungGen: 232960K->186359K(465920K)] 483368K->436767K(1864192K), 0.0876959 secs] [Times: user=0.46 sys=0.00, real=0.09 secs] 
5199.722: [GC (Allocation Failure) [PSYoungGen: 419319K->187093K(465920K)] 669727K->496669K(1864192K), 0.0563496 secs] [Times: user=0.27 sys=0.00, real=0.06 secs] 
5201.730: [GC (Allocation Failure) [PSYoungGen: 420053K->88234K(465920K)] 729629K->468346K(1864192K), 0.1208754 secs] [Times: user=0.66 sys=0.01, real=0.12 secs] 
5202.525: [GC (Allocation Failure) [PSYoungGen: 321194K->182422K(465920K)] 701306K->590459K(1864192K), 0.0612097 secs] [Times: user=0.27 sys=0.00, real=0.06 secs] 
5202.792: [GC (Allocation Failure) [PSYoungGen: 415382K->182645K(465920K)] 823419K->647218K(1864192K), 0.0582128 secs] [Times: user=0.27 sys=0.00, real=0.06 secs] 
5203.003: [GC (Allocation Failure) [PSYoungGen: 415605K->187669K(465920K)] 880178K->707850K(1864192K), 0.0634043 secs] [Times: user=0.28 sys=0.00, real=0.06 secs] 
5204.026: [GC (Allocation Failure) [PSYoungGen: 420629K->110573K(465920K)] 940810K->701602K(1864192K), 0.0464501 secs] [Times: user=0.24 sys=0.00, real=0.05 secs] 
5205.310: [GC (Allocation Failure) [PSYoungGen: 343533K->162771K(465920K)] 934562K->789069K(1864192K), 0.0948448 secs] [Times: user=0.49 sys=0.00, real=0.10 secs] 
5205.672: [GC (Allocation Failure) [PSYoungGen: 395731K->182549K(465920K)] 1022029K->859731K(1864192K), 0.0438393 secs] [Times: user=0.19 sys=0.00, real=0.05 secs] 
5205.869: [GC (Allocation Failure) [PSYoungGen: 415509K->185783K(465920K)] 1092691K->926765K(1864192K), 0.0766668 secs] [Times: user=0.38 sys=0.00, real=0.08 secs] 
5206.100: [GC (Allocation Failure) [PSYoungGen: 418743K->187381K(465920K)] 1159725K->987227K(1864192K), 0.0749452 secs] [Times: user=0.39 sys=0.00, real=0.08 secs] 
5207.623: [GC (Allocation Failure) [PSYoungGen: 420341K->91402K(465920K)] 1220187K->961913K(1864192K), 0.1111692 secs] [Times: user=0.61 sys=0.00, real=0.11 secs] 
5208.146: [GC (Allocation Failure) [PSYoungGen: 324362K->180661K(465920K)] 1194873K->1080141K(1864192K), 0.0440699 secs] [Times: user=0.19 sys=0.00, real=0.04 secs] 
5208.305: [GC (Allocation Failure) [PSYoungGen: 413621K->185206K(465920K)] 1313101K->1141137K(1864192K), 0.0441479 secs] [Times: user=0.21 sys=0.00, real=0.04 secs] 
5208.457: [GC (Allocation Failure) [PSYoungGen: 418166K->187477K(465920K)] 1374097K->1199632K(1864192K), 0.0459332 secs] [Times: user=0.22 sys=0.00, real=0.05 secs] 
5209.547: [GC (Allocation Failure) [PSYoungGen: 420437K->104012K(465920K)] 1432592K->1186811K(1864192K), 0.0463726 secs] [Times: user=0.24 sys=0.00, real=0.05 secs] 
5210.901: [GC (Allocation Failure) [PSYoungGen: 336972K->167764K(465920K)] 1419771K->1283920K(1864192K), 0.1086536 secs] [Times: user=0.56 sys=0.00, real=0.11 secs] 
5211.230: [GC (Allocation Failure) [PSYoungGen: 400724K->182389K(465920K)] 1516880K->1351173K(1864192K), 0.0423672 secs] [Times: user=0.19 sys=0.01, real=0.05 secs] 
5211.386: [GC (Allocation Failure) [PSYoungGen: 415349K->186007K(465920K)] 1584133K->1418327K(1864192K), 0.0500204 secs] [Times: user=0.23 sys=0.00, real=0.05 secs] 
5211.545: [GC (Allocation Failure) [PSYoungGen: 418967K->187413K(465920K)] 1651287K->1478701K(1864192K), 0.0547804 secs] [Times: user=0.27 sys=0.00, real=0.05 secs] 
5213.398: [GC (Allocation Failure) [PSYoungGen: 420373K->88442K(465920K)] 1711661K->1450334K(1864192K), 0.0949809 secs] [Times: user=0.52 sys=0.00, real=0.10 secs] 
5213.493: [Full GC (Ergonomics) [PSYoungGen: 88442K->0K(465920K)] [ParOldGen: 1361892K->103804K(1398272K)] 1450334K->103804K(1864192K), [Metaspace: 59592K->59592K(1105920K)], 0.1515020 secs] [Times: user=0.63 sys=0.01, real=0.15 secs] 
5214.206: [GC (Allocation Failure) [PSYoungGen: 232960K->180726K(465920K)] 336764K->284530K(1864192K), 0.0341084 secs] [Times: user=0.13 sys=0.00, real=0.03 secs] 
5214.435: [GC (Allocation Failure) [PSYoungGen: 413686K->182453K(465920K)] 517490K->342118K(1864192K), 0.0583487 secs] [Times: user=0.28 sys=0.00, real=0.06 secs] 
5214.616: [GC (Allocation Failure) [PSYoungGen: 415413K->187605K(465920K)] 575078K->403006K(1864192K), 0.0441882 secs] [Times: user=0.21 sys=0.00, real=0.04 secs] 
5215.659: [GC (Allocation Failure) [PSYoungGen: 420565K->104620K(465920K)] 635966K->390845K(1864192K), 0.0493794 secs] [Times: user=0.26 sys=0.00, real=0.05 secs] 
5216.423: [GC (Allocation Failure) [PSYoungGen: 337580K->167668K(465920K)] 623805K->488329K(1864192K), 0.0809575 secs] [Times: user=0.41 sys=0.00, real=0.08 secs] 
5216.857: [GC (Allocation Failure) [PSYoungGen: 400628K->184470K(465920K)] 721289K->557695K(1864192K), 0.0434538 secs] [Times: user=0.20 sys=0.00, real=0.04 secs] 
5217.031: [GC (Allocation Failure) [PSYoungGen: 417430K->183414K(465920K)] 790655K->620824K(1864192K), 0.0543180 secs] [Times: user=0.26 sys=0.00, real=0.06 secs] 
5217.215: [GC (Allocation Failure) [PSYoungGen: 416374K->187093K(465920K)] 853784K->683062K(1864192K), 0.0547062 secs] [Times: user=0.26 sys=0.00, real=0.05 secs] 
5218.567: [GC (Allocation Failure) [PSYoungGen: 420053K->95627K(465920K)] 916022K->662140K(1864192K), 0.0845563 secs] [Times: user=0.45 sys=0.00, real=0.08 secs] 
5219.372: [GC (Allocation Failure) [PSYoungGen: 328587K->180181K(465920K)] 895100K->776956K(1864192K), 0.0503632 secs] [Times: user=0.22 sys=0.00, real=0.05 secs] 
5219.555: [GC (Allocation Failure) [PSYoungGen: 413141K->185590K(465920K)] 1009916K->838736K(1864192K), 0.0433079 secs] [Times: user=0.19 sys=0.00, real=0.04 secs] 
5219.743: [GC (Allocation Failure) [PSYoungGen: 418550K->187125K(465920K)] 1071696K->896599K(1864192K), 0.0669235 secs] [Times: user=0.32 sys=0.01, real=0.06 secs] 
5220.768: [GC (Allocation Failure) [PSYoungGen: 420085K->102476K(465920K)] 1129559K->882494K(1864192K), 0.0458699 secs] [Times: user=0.24 sys=0.00, real=0.05 secs] 
5221.605: [GC (Allocation Failure) [PSYoungGen: 335436K->168308K(465920K)] 1115454K->981315K(1864192K), 0.1118350 secs] [Times: user=0.57 sys=0.00, real=0.11 secs] 
5221.918: [GC (Allocation Failure) [PSYoungGen: 401268K->185302K(465920K)] 1214275K->1051285K(1864192K), 0.0438662 secs] [Times: user=0.20 sys=0.00, real=0.04 secs] 
5222.074: [GC (Allocation Failure) [PSYoungGen: 418262K->186103K(465920K)] 1284245K->1116270K(1864192K), 0.0503448 secs] [Times: user=0.24 sys=0.00, real=0.05 secs] 
5222.516: [GC (Allocation Failure) [PSYoungGen: 416339K->212660K(465920K)] 1346506K->1201995K(1864192K), 0.0544265 secs] [Times: user=0.27 sys=0.00, real=0.05 secs] 
5223.493: [GC (Allocation Failure) [PSYoungGen: 445620K->99723K(465920K)] 1434955K->1156583K(1864192K), 0.0681525 secs] [Times: user=0.29 sys=0.00, real=0.06 secs] 
5224.907: [GC (Allocation Failure) [PSYoungGen: 332683K->175637K(465920K)] 1389543K->1263533K(1864192K), 0.0509631 secs] [Times: user=0.22 sys=0.00, real=0.05 secs] 
5225.092: [GC (Allocation Failure) [PSYoungGen: 408597K->194038K(465920K)] 1496493K->1337006K(1864192K), 0.0440908 secs] [Times: user=0.20 sys=0.00, real=0.05 secs] 
5225.296: [GC (Allocation Failure) [PSYoungGen: 426998K->187349K(465920K)] 1569966K->1386893K(1864192K), 0.0695197 secs] [Times: user=0.34 sys=0.00, real=0.07 secs] 
5226.389: [GC (Allocation Failure) [PSYoungGen: 420309K->103996K(465920K)] 1619853K->1374044K(1864192K), 0.0459169 secs] [Times: user=0.24 sys=0.00, real=0.05 secs] 
5227.710: [GC (Allocation Failure) [PSYoungGen: 336956K->169172K(465920K)] 1607004K->1472425K(1864192K), 0.1186068 secs] [Times: user=0.62 sys=0.00, real=0.12 secs] 
5228.016: [GC (Allocation Failure) [PSYoungGen: 402132K->182517K(465920K)] 1705385K->1538626K(1864192K), 0.0447987 secs] [Times: user=0.21 sys=0.00, real=0.04 secs] 
5228.060: [Full GC (Ergonomics) [PSYoungGen: 182517K->0K(465920K)] [ParOldGen: 1356109K->257120K(1398272K)] 1538626K->257120K(1864192K), [Metaspace: 59592K->59592K(1105920K)], 0.3264319 secs] [Times: user=1.51 sys=0.00, real=0.33 secs] 
5228.498: [GC (Allocation Failure) [PSYoungGen: 232960K->186167K(465920K)] 490080K->443288K(1864192K), 0.0835215 secs] [Times: user=0.43 sys=0.00, real=0.08 secs] 
5229.346: [GC (Allocation Failure) [PSYoungGen: 418616K->212499K(465920K)] 675737K->528620K(1864192K), 0.0551881 secs] [Times: user=0.27 sys=0.00, real=0.05 secs] 
5230.510: [GC (Allocation Failure) [PSYoungGen: 445459K->101164K(465920K)] 761580K->484141K(1864192K), 0.1118559 secs] [Times: user=0.61 sys=0.00, real=0.11 secs] 
5231.244: [GC (Allocation Failure) [PSYoungGen: 334124K->180918K(465920K)] 717101K->595955K(1864192K), 0.0495852 secs] [Times: user=0.22 sys=0.00, real=0.05 secs] 
5231.421: [GC (Allocation Failure) [PSYoungGen: 413878K->185494K(465920K)] 828915K->657104K(1864192K), 0.0431723 secs] [Times: user=0.19 sys=0.00, real=0.05 secs] 
5231.609: [GC (Allocation Failure) [PSYoungGen: 418454K->184564K(465920K)] 890064K->712366K(1864192K), 0.0593486 secs] [Times: user=0.28 sys=0.00, real=0.06 secs] 
5232.679: [GC (Allocation Failure) [PSYoungGen: 417524K->101772K(465920K)] 945326K->699230K(1864192K), 0.0440145 secs] [Times: user=0.23 sys=0.00, real=0.05 secs] 
5233.192: [GC (Allocation Failure) [PSYoungGen: 334732K->175349K(465920K)] 932190K->805792K(1864192K), 0.0803063 secs] [Times: user=0.39 sys=0.00, real=0.08 secs] 
5233.468: [GC (Allocation Failure) [PSYoungGen: 408309K->182101K(465920K)] 1038752K->867264K(1864192K), 0.0527653 secs] [Times: user=0.25 sys=0.00, real=0.05 secs] 
5233.631: [GC (Allocation Failure) [PSYoungGen: 415061K->184183K(465920K)] 1100224K->933169K(1864192K), 0.0497562 secs] [Times: user=0.24 sys=0.00, real=0.05 secs] 
5234.429: [GC (Allocation Failure) [PSYoungGen: 413313K->207539K(465920K)] 1162300K->1015214K(1864192K), 0.0554616 secs] [Times: user=0.28 sys=0.00, real=0.06 secs] 
5235.275: [GC (GCLocker Initiated GC) [PSYoungGen: 440499K->104412K(465920K)] 1248174K->977247K(1864192K), 0.0889391 secs] [Times: user=0.47 sys=0.01, real=0.09 secs] 
5236.040: [GC (Allocation Failure) [PSYoungGen: 337372K->175381K(465920K)] 1218402K->1089272K(1864192K), 0.1724899 secs] [Times: user=0.97 sys=0.00, real=0.18 secs] 
5236.362: [GC (Allocation Failure) [PSYoungGen: 408341K->184343K(465920K)] 1322232K->1154629K(1864192K), 0.1732409 secs] [Times: user=0.98 sys=0.00, real=0.18 secs] 
5236.641: [GC (Allocation Failure) [PSYoungGen: 417303K->187061K(465920K)] 1387589K->1215692K(1864192K), 0.0595326 secs] [Times: user=0.29 sys=0.00, real=0.06 secs] 
5237.714: [GC (Allocation Failure) [PSYoungGen: 420021K->98892K(465920K)] 1448652K->1198074K(1864192K), 0.0479368 secs] [Times: user=0.25 sys=0.00, real=0.04 secs] 
5238.996: [GC (Allocation Failure) [PSYoungGen: 331852K->171828K(465920K)] 1431034K->1302568K(1864192K), 0.0791100 secs] [Times: user=0.38 sys=0.00, real=0.08 secs] 
5239.280: [GC (Allocation Failure) [PSYoungGen: 404788K->185142K(465920K)] 1535528K->1370001K(1864192K), 0.0498619 secs] [Times: user=0.24 sys=0.00, real=0.05 secs] 
5239.482: [GC (Allocation Failure) [PSYoungGen: 412637K->178358K(465920K)] 1597497K->1427426K(1864192K), 0.0760742 secs] [Times: user=0.38 sys=0.00, real=0.08 secs] 
5240.472: [GC (Allocation Failure) [PSYoungGen: 411318K->168530K(465920K)] 1660386K->1474110K(1864192K), 0.0579275 secs] [Times: user=0.30 sys=0.00, real=0.06 secs] 
5241.716: [GC (Allocation Failure) [PSYoungGen: 401490K->107260K(465920K)] 1707070K->1477360K(1864192K), 0.1224027 secs] [Times: user=0.68 sys=0.00, real=0.12 secs] 
5241.838: [Full GC (Ergonomics) [PSYoungGen: 107260K->0K(465920K)] [ParOldGen: 1370099K->123247K(1398272K)] 1477360K->123247K(1864192K), [Metaspace: 59592K->59592K(1105920K)], 0.1928077 secs] [Times: user=0.86 sys=0.01, real=0.19 secs] 
5242.608: [GC (Allocation Failure) [PSYoungGen: 232960K->180277K(465920K)] 356207K->303525K(1864192K), 0.0422978 secs] [Times: user=0.17 sys=0.00, real=0.04 secs] 
5242.870: [GC (Allocation Failure) [PSYoungGen: 413237K->184855K(465920K)] 536485K->370966K(1864192K), 0.0633248 secs] [Times: user=0.30 sys=0.00, real=0.07 secs] 
5243.043: [GC (Allocation Failure) [PSYoungGen: 417815K->186965K(465920K)] 603926K->431605K(1864192K), 0.0571261 secs] [Times: user=0.29 sys=0.00, real=0.05 secs] 
5244.021: [GC (GCLocker Initiated GC) [PSYoungGen: 419925K->98507K(465920K)] 664565K->413800K(1864192K), 0.0459410 secs] [Times: user=0.24 sys=0.00, real=0.05 secs] 
5245.440: [GC (Allocation Failure) [PSYoungGen: 331467K->175157K(465920K)] 647054K->522340K(1864192K), 0.0684207 secs] [Times: user=0.31 sys=0.00, real=0.07 secs] 
5245.673: [GC (Allocation Failure) [PSYoungGen: 408117K->182485K(465920K)] 755300K->584405K(1864192K), 0.0427557 secs] [Times: user=0.19 sys=0.00, real=0.04 secs] 
5245.824: [GC (Allocation Failure) [PSYoungGen: 406451K->177718K(465920K)] 808371K->643381K(1864192K), 0.0487313 secs] [Times: user=0.23 sys=0.01, real=0.05 secs] 
5246.794: [GC (Allocation Failure) [PSYoungGen: 410678K->168114K(464896K)] 876341K->690202K(1863168K), 0.0560468 secs] [Times: user=0.28 sys=0.00, real=0.05 secs] 
5247.738: [GC (Allocation Failure) [PSYoungGen: 401074K->110717K(465408K)] 923162K->697316K(1863680K), 0.1089498 secs] [Times: user=0.59 sys=0.01, real=0.11 secs] 
5248.684: [GC (Allocation Failure) [PSYoungGen: 342792K->173301K(465920K)] 929391K->794595K(1864192K), 0.0549292 secs] [Times: user=0.25 sys=0.01, real=0.05 secs] 
5248.878: [GC (Allocation Failure) [PSYoungGen: 406773K->185942K(465920K)] 1028067K->861325K(1864192K), 0.0430393 secs] [Times: user=0.19 sys=0.00, real=0.04 secs] 
5249.059: [GC (Allocation Failure) [PSYoungGen: 419414K->187829K(465920K)] 1094797K->919388K(1864192K), 0.0627203 secs] [Times: user=0.31 sys=0.00, real=0.06 secs] 
5250.088: [GC (Allocation Failure) [PSYoungGen: 420789K->97259K(465920K)] 1152348K->899682K(1864192K), 0.0535357 secs] [Times: user=0.28 sys=0.00, real=0.05 secs] 
5251.113: [GC (Allocation Failure) [PSYoungGen: 330219K->174901K(465920K)] 1132642K->1008905K(1864192K), 0.0627957 secs] [Times: user=0.29 sys=0.00, real=0.06 secs] 
5251.377: [GC (Allocation Failure) [PSYoungGen: 407861K->185398K(465920K)] 1241865K->1074194K(1864192K), 0.0627345 secs] [Times: user=0.30 sys=0.00, real=0.06 secs] 
5251.600: [GC (Allocation Failure) [PSYoungGen: 418358K->181782K(465920K)] 1307154K->1135154K(1864192K), 0.0691860 secs] [Times: user=0.34 sys=0.00, real=0.07 secs] 
5252.526: [GC (Allocation Failure) [PSYoungGen: 414742K->169619K(465920K)] 1368114K->1180655K(1864192K), 0.0554074 secs] [Times: user=0.28 sys=0.00, real=0.05 secs] 
5253.279: [GC (Allocation Failure) [PSYoungGen: 402579K->108716K(465920K)] 1413615K->1184588K(1864192K), 0.0855832 secs] [Times: user=0.46 sys=0.00, real=0.09 secs] 
5254.122: [GC (Allocation Failure) [PSYoungGen: 335954K->174741K(465920K)] 1411826K->1285218K(1864192K), 0.0560457 secs] [Times: user=0.26 sys=0.00, real=0.06 secs] 
5254.376: [GC (Allocation Failure) [PSYoungGen: 407701K->185622K(465920K)] 1518178K->1350595K(1864192K), 0.0604572 secs] [Times: user=0.29 sys=0.00, real=0.06 secs] 
5254.555: [GC (Allocation Failure) [PSYoungGen: 418582K->187605K(465920K)] 1583555K->1408690K(1864192K), 0.0464171 secs] [Times: user=0.22 sys=0.00, real=0.04 secs] 
5255.570: [GC (Allocation Failure) [PSYoungGen: 420565K->102060K(465920K)] 1641650K->1393961K(1864192K), 0.0456412 secs] [Times: user=0.23 sys=0.00, real=0.05 secs] 
5256.856: [GC (Allocation Failure) [PSYoungGen: 335020K->170516K(465920K)] 1626921K->1494894K(1864192K), 0.0929449 secs] [Times: user=0.46 sys=0.00, real=0.09 secs] 
5256.949: [Full GC (Ergonomics) [PSYoungGen: 170516K->0K(465920K)] [ParOldGen: 1324377K->194730K(1398272K)] 1494894K->194730K(1864192K), [Metaspace: 59592K->59592K(1105920K)], 0.2517836 secs] [Times: user=1.23 sys=0.00, real=0.25 secs] 
5257.314: [GC (Allocation Failure) [PSYoungGen: 232960K->183477K(465920K)] 427690K->378208K(1864192K), 0.0330903 secs] [Times: user=0.14 sys=0.00, real=0.03 secs] 
5257.473: [GC (Allocation Failure) [PSYoungGen: 416257K->184791K(465920K)] 610987K->443505K(1864192K), 0.0437050 secs] [Times: user=0.19 sys=0.00, real=0.04 secs] 
5258.254: [GC (Allocation Failure) [PSYoungGen: 412788K->206195K(465920K)] 671502K->523557K(1864192K), 0.0540613 secs] [Times: user=0.27 sys=0.00, real=0.05 secs] 
5259.612: [GC (Allocation Failure) [PSYoungGen: 439155K->99355K(465920K)] 756517K->481454K(1864192K), 0.1110871 secs] [Times: user=0.61 sys=0.00, real=0.12 secs] 
5260.250: [GC (Allocation Failure) [PSYoungGen: 332315K->181270K(465920K)] 714414K->594937K(1864192K), 0.0476727 secs] [Times: user=0.21 sys=0.00, real=0.05 secs] 
5260.423: [GC (Allocation Failure) [PSYoungGen: 414230K->185462K(465920K)] 827897K->655593K(1864192K), 0.0437957 secs] [Times: user=0.20 sys=0.00, real=0.04 secs] 
5260.574: [GC (Allocation Failure) [PSYoungGen: 418422K->187317K(465920K)] 888553K->713792K(1864192K), 0.0458521 secs] [Times: user=0.21 sys=0.00, real=0.04 secs] 
5261.558: [GC (Allocation Failure) [PSYoungGen: 420277K->102348K(465920K)] 946752K->699471K(1864192K), 0.0447098 secs] [Times: user=0.22 sys=0.01, real=0.05 secs] 
5262.823: [GC (Allocation Failure) [PSYoungGen: 335308K->171572K(465920K)] 932431K->801196K(1864192K), 0.0849981 secs] [Times: user=0.42 sys=0.00, real=0.08 secs] 
5263.072: [GC (Allocation Failure) [PSYoungGen: 404532K->182581K(465920K)] 1034156K->865805K(1864192K), 0.0424678 secs] [Times: user=0.19 sys=0.00, real=0.05 secs] 
5263.271: [GC (Allocation Failure) [PSYoungGen: 415541K->186103K(465920K)] 1098765K->932983K(1864192K), 0.0706037 secs] [Times: user=0.35 sys=0.00, real=0.07 secs] 
5264.202: [GC (Allocation Failure) [PSYoungGen: 419063K->170771K(465920K)] 1165943K->976955K(1864192K), 0.0587554 secs] [Times: user=0.30 sys=0.00, real=0.06 secs] 
5265.217: [GC (Allocation Failure) [PSYoungGen: 403731K->106124K(465920K)] 1209915K->977508K(1864192K), 0.1012199 secs] [Times: user=0.55 sys=0.00, real=0.10 secs] 
5265.621: [GC (Allocation Failure) [PSYoungGen: 335708K->176757K(465920K)] 1207092K->1082150K(1864192K), 0.0415976 secs] [Times: user=0.18 sys=0.00, real=0.05 secs] 
5265.809: [GC (Allocation Failure) [PSYoungGen: 409717K->185142K(465920K)] 1315110K->1145771K(1864192K), 0.0583896 secs] [Times: user=0.28 sys=0.00, real=0.06 secs] 
5266.035: [GC (Allocation Failure) [PSYoungGen: 418102K->187541K(465920K)] 1378731K->1204290K(1864192K), 0.0632500 secs] [Times: user=0.31 sys=0.00, real=0.06 secs] 
5267.119: [GC (Allocation Failure) [PSYoungGen: 420501K->98476K(465920K)] 1437250K->1186033K(1864192K), 0.0450762 secs] [Times: user=0.24 sys=0.00, real=0.05 secs] 
5267.834: [GC (Allocation Failure) [PSYoungGen: 331436K->175797K(465920K)] 1418993K->1295914K(1864192K), 0.0719469 secs] [Times: user=0.34 sys=0.00, real=0.07 secs] 
5268.050: [GC (GCLocker Initiated GC) [PSYoungGen: 408757K->180725K(465920K)] 1528874K->1355490K(1864192K), 0.0443318 secs] [Times: user=0.20 sys=0.00, real=0.05 secs] 
5268.235: [GC (Allocation Failure) [PSYoungGen: 413685K->185079K(465920K)] 1604837K->1431719K(1864192K), 0.1912099 secs] [Times: user=1.08 sys=0.01, real=0.19 secs] 
5269.364: [GC (Allocation Failure) [PSYoungGen: 418039K->153843K(465920K)] 1664679K->1459475K(1864192K), 0.1720444 secs] [Times: user=0.98 sys=0.00, real=0.17 secs] 
5270.936: [GC (Allocation Failure) [PSYoungGen: 386803K->121838K(465920K)] 1692435K->1476095K(1864192K), 0.1772496 secs] [Times: user=1.00 sys=0.00, real=0.18 secs] 
5271.114: [Full GC (Ergonomics) [PSYoungGen: 121838K->0K(465920K)] [ParOldGen: 1354256K->137944K(1398272K)] 1476095K->137944K(1864192K), [Metaspace: 59592K->59592K(1105920K)], 0.1784612 secs] [Times: user=0.82 sys=0.00, real=0.17 secs] 
5272.118: [GC (Allocation Failure) [PSYoungGen: 232960K->175828K(465920K)] 370904K->313773K(1864192K), 0.0350167 secs] [Times: user=0.14 sys=0.00, real=0.04 secs] 
5272.284: [GC (Allocation Failure) [PSYoungGen: 408788K->185687K(465920K)] 546733K->385524K(1864192K), 0.0477697 secs] [Times: user=0.22 sys=0.00, real=0.04 secs] 
5272.436: [GC (Allocation Failure) [PSYoungGen: 418647K->184821K(465920K)] 618484K->443562K(1864192K), 0.0573139 secs] [Times: user=0.28 sys=0.00, real=0.06 secs] 
5273.435: [GC (GCLocker Initiated GC) [PSYoungGen: 417781K->99483K(465920K)] 676522K->427913K(1864192K), 0.0447362 secs] [Times: user=0.23 sys=0.00, real=0.04 secs] 
5274.658: [GC (Allocation Failure) [PSYoungGen: 332443K->178197K(465920K)] 661004K->538322K(1864192K), 0.0645821 secs] [Times: user=0.28 sys=0.00, real=0.07 secs] 
5274.941: [GC (Allocation Failure) [PSYoungGen: 411157K->182133K(465920K)] 771282K->596695K(1864192K), 0.0578290 secs] [Times: user=0.28 sys=0.00, real=0.06 secs] 
5275.159: [GC (Allocation Failure) [PSYoungGen: 399059K->170005K(465920K)] 813620K->647967K(1864192K), 0.0725808 secs] [Times: user=0.36 sys=0.00, real=0.07 secs] 
5276.177: [GC (Allocation Failure) [PSYoungGen: 402965K->169107K(402432K)] 880927K->701184K(1800704K), 0.0547323 secs] [Times: user=0.27 sys=0.00, real=0.05 secs] 
5276.982: [GC (Allocation Failure) [PSYoungGen: 402067K->108973K(458752K)] 934144K->705938K(1857024K), 0.1167455 secs] [Times: user=0.63 sys=0.00, real=0.12 secs] 
5277.513: [GC (Allocation Failure) [PSYoungGen: 334355K->174165K(461824K)] 931321K->806115K(1860096K), 0.0431908 secs] [Times: user=0.20 sys=0.00, real=0.04 secs] 
5277.665: [GC (Allocation Failure) [PSYoungGen: 404053K->191701K(463360K)] 1036003K->877936K(1861632K), 0.0432653 secs] [Times: user=0.19 sys=0.00, real=0.04 secs] 
5277.831: [GC (Allocation Failure) [PSYoungGen: 424661K->203989K(465920K)] 1110896K->945792K(1864192K), 0.0598652 secs] [Times: user=0.29 sys=0.00, real=0.06 secs] 
5278.842: [GC (Allocation Failure) [PSYoungGen: 436949K->101420K(465920K)] 1178752K->913967K(1864192K), 0.0552574 secs] [Times: user=0.29 sys=0.00, real=0.05 secs] 
5279.666: [GC (Allocation Failure) [PSYoungGen: 334380K->172852K(465920K)] 1146927K->1017796K(1864192K), 0.0767486 secs] [Times: user=0.36 sys=0.01, real=0.08 secs] 
5279.965: [GC (Allocation Failure) [PSYoungGen: 405812K->185398K(465920K)] 1250756K->1084705K(1864192K), 0.0550246 secs] [Times: user=0.27 sys=0.00, real=0.05 secs] 
5280.173: [GC (Allocation Failure) [PSYoungGen: 418358K->183318K(465920K)] 1317665K->1147138K(1864192K), 0.0790115 secs] [Times: user=0.40 sys=0.00, real=0.07 secs] 
5281.030: [GC (Allocation Failure) [PSYoungGen: 411732K->205715K(465920K)] 1375552K->1227686K(1864192K), 0.0543905 secs] [Times: user=0.28 sys=0.00, real=0.06 secs] 
5281.793: [GC (GCLocker Initiated GC) [PSYoungGen: 438675K->101020K(465920K)] 1460650K->1187539K(1864192K), 0.0886791 secs] [Times: user=0.48 sys=0.00, real=0.08 secs] 
5282.633: [GC (Allocation Failure) [PSYoungGen: 333980K->178230K(465920K)] 1428822K->1305397K(1864192K), 0.1796815 secs] [Times: user=1.01 sys=0.00, real=0.18 secs] 
5282.931: [GC (Allocation Failure) [PSYoungGen: 411190K->182230K(465920K)] 1538357K->1366090K(1864192K), 0.1750727 secs] [Times: user=0.99 sys=0.00, real=0.18 secs] 
5283.218: [GC (Allocation Failure) [PSYoungGen: 415190K->187413K(465920K)] 1599050K->1429033K(1864192K), 0.0589698 secs] [Times: user=0.29 sys=0.00, real=0.06 secs] 
5284.267: [GC (Allocation Failure) [PSYoungGen: 420373K->98523K(465920K)] 1661993K->1410871K(1864192K), 0.0504462 secs] [Times: user=0.26 sys=0.00, real=0.05 secs] 
5284.317: [Full GC (Ergonomics) [PSYoungGen: 98523K->0K(465920K)] [ParOldGen: 1312347K->92297K(1398272K)] 1410871K->92297K(1864192K), [Metaspace: 59592K->59592K(1105920K)], 0.0474402 secs] [Times: user=0.16 sys=0.00, real=0.05 secs] 
5285.226: [GC (Allocation Failure) [PSYoungGen: 232960K->175189K(465920K)] 325257K->267486K(1864192K), 0.0443273 secs] [Times: user=0.16 sys=0.00, real=0.04 secs] 
5285.444: [GC (Allocation Failure) [PSYoungGen: 408149K->185814K(465920K)] 500446K->332963K(1864192K), 0.0426088 secs] [Times: user=0.19 sys=0.00, real=0.04 secs] 
5285.615: [GC (Allocation Failure) [PSYoungGen: 410021K->176182K(465920K)] 557171K->387891K(1864192K), 0.0529946 secs] [Times: user=0.26 sys=0.00, real=0.05 secs] 
5286.504: [GC (Allocation Failure) [PSYoungGen: 409142K->168947K(465920K)] 620851K->436448K(1864192K), 0.0545579 secs] [Times: user=0.27 sys=0.00, real=0.05 secs] 
5287.771: [GC (Allocation Failure) [PSYoungGen: 401907K->110221K(465920K)] 669408K->442434K(1864192K), 0.1214711 secs] [Times: user=0.66 sys=0.01, real=0.13 secs] 
5289.012: [GC (Allocation Failure) [PSYoungGen: 337089K->173301K(465920K)] 669303K->540115K(1864192K), 0.0525843 secs] [Times: user=0.23 sys=0.00, real=0.06 secs] 
5289.246: [GC (Allocation Failure) [PSYoungGen: 406261K->185910K(465920K)] 773075K->606632K(1864192K), 0.0602036 secs] [Times: user=0.29 sys=0.00, real=0.06 secs] 
5289.460: [GC (Allocation Failure) [PSYoungGen: 418870K->184853K(465920K)] 839592K->661831K(1864192K), 0.0613323 secs] [Times: user=0.30 sys=0.00, real=0.06 secs] 
5290.472: [GC (Allocation Failure) [PSYoungGen: 417813K->99052K(465920K)] 894791K->645830K(1864192K), 0.0437769 secs] [Times: user=0.23 sys=0.00, real=0.05 secs] 
5291.647: [GC (GCLocker Initiated GC) [PSYoungGen: 332012K->170996K(465920K)] 878791K->749504K(1864192K), 0.0851235 secs] [Times: user=0.41 sys=0.00, real=0.09 secs] 
5291.906: [GC (Allocation Failure) [PSYoungGen: 403956K->185622K(465920K)] 982595K->817669K(1864192K), 0.0431005 secs] [Times: user=0.19 sys=0.00, real=0.04 secs] 
5292.058: [GC (Allocation Failure) [PSYoungGen: 418582K->183254K(465920K)] 1050629K->879670K(1864192K), 0.0505401 secs] [Times: user=0.24 sys=0.00, real=0.05 secs] 
5292.889: [GC (Allocation Failure) [PSYoungGen: 411844K->209779K(465920K)] 1108259K->964074K(1864192K), 0.0560358 secs] [Times: user=0.28 sys=0.00, real=0.06 secs] 
5294.023: [GC (GCLocker Initiated GC) [PSYoungGen: 442739K->99739K(465920K)] 1197035K->920052K(1864192K), 0.1180834 secs] [Times: user=0.65 sys=0.00, real=0.11 secs] 
5294.688: [GC (Allocation Failure) [PSYoungGen: 332699K->179254K(465920K)] 1161207K->1039394K(1864192K), 0.1579717 secs] [Times: user=0.88 sys=0.00, real=0.16 secs] 
5294.955: [GC (Allocation Failure) [PSYoungGen: 412214K->178774K(465920K)] 1272354K->1096134K(1864192K), 0.1726067 secs] [Times: user=0.97 sys=0.00, real=0.17 secs] 
5295.242: [GC (Allocation Failure) [PSYoungGen: 411734K->203957K(465920K)] 1329094K->1178441K(1864192K), 0.0600513 secs] [Times: user=0.28 sys=0.00, real=0.06 secs] 
5296.360: [GC (Allocation Failure) [PSYoungGen: 436917K->101356K(465920K)] 1411401K->1146872K(1864192K), 0.0467783 secs] [Times: user=0.24 sys=0.00, real=0.05 secs] 
5298.372: [GC (Allocation Failure) [PSYoungGen: 334316K->170036K(465920K)] 1379832K->1247661K(1864192K), 0.0930725 secs] [Times: user=0.46 sys=0.00, real=0.10 secs] 
5298.691: [GC (Allocation Failure) [PSYoungGen: 402996K->182997K(465920K)] 1480621K->1314035K(1864192K), 0.0525131 secs] [Times: user=0.25 sys=0.00, real=0.06 secs] 
5298.882: [GC (Allocation Failure) [PSYoungGen: 415957K->185975K(465920K)] 1546995K->1380740K(1864192K), 0.0723575 secs] [Times: user=0.35 sys=0.00, real=0.08 secs] 
5299.868: [GC (Allocation Failure) [PSYoungGen: 418935K->168723K(465920K)] 1613700K->1422552K(1864192K), 0.0549439 secs] [Times: user=0.28 sys=0.00, real=0.06 secs] 
5300.611: [GC (Allocation Failure) [PSYoungGen: 401683K->104908K(465920K)] 1655512K->1423301K(1864192K), 0.1122483 secs] [Times: user=0.61 sys=0.00, real=0.12 secs] 
5300.723: [Full GC (Ergonomics) [PSYoungGen: 104908K->0K(465920K)] [ParOldGen: 1318393K->121225K(1398272K)] 1423301K->121225K(1864192K), [Metaspace: 59592K->59592K(1105920K)], 0.1877450 secs] [Times: user=0.82 sys=0.00, real=0.18 secs] 
5301.658: [GC (Allocation Failure) [PSYoungGen: 232538K->178773K(465920K)] 353764K->299999K(1864192K), 0.0337323 secs] [Times: user=0.12 sys=0.00, real=0.03 secs] 
5301.827: [GC (Allocation Failure) [PSYoungGen: 411733K->185782K(465920K)] 532959K->362851K(1864192K), 0.0418419 secs] [Times: user=0.18 sys=0.00, real=0.04 secs] 
5301.977: [GC (Allocation Failure) [PSYoungGen: 418742K->187605K(465920K)] 595811K->420963K(1864192K), 0.0451373 secs] [Times: user=0.21 sys=0.00, real=0.04 secs] 
5302.964: [GC (Allocation Failure) [PSYoungGen: 420565K->101372K(465920K)] 653923K->405490K(1864192K), 0.0437055 secs] [Times: user=0.23 sys=0.00, real=0.04 secs] 
5304.107: [GC (Allocation Failure) [PSYoungGen: 334332K->169812K(465920K)] 638450K->506239K(1864192K), 0.0960599 secs] [Times: user=0.46 sys=0.00, real=0.10 secs] 
5304.393: [GC (Allocation Failure) [PSYoungGen: 402772K->182741K(465920K)] 739199K->572440K(1864192K), 0.0420167 secs] [Times: user=0.19 sys=0.00, real=0.04 secs] 
5304.606: [GC (Allocation Failure) [PSYoungGen: 415701K->185847K(465920K)] 805400K->639281K(1864192K), 0.0748258 secs] [Times: user=0.37 sys=0.00, real=0.07 secs] 
5305.550: [GC (Allocation Failure) [PSYoungGen: 418807K->169011K(465920K)] 872241K->681549K(1864192K), 0.0570756 secs] [Times: user=0.29 sys=0.00, real=0.06 secs] 
5306.248: [GC (Allocation Failure) [PSYoungGen: 401971K->109933K(465920K)] 914509K->687303K(1864192K), 0.0914883 secs] [Times: user=0.49 sys=0.00, real=0.09 secs] 
5307.278: [GC (Allocation Failure) [PSYoungGen: 335989K->173493K(465920K)] 913359K->785992K(1864192K), 0.0563291 secs] [Times: user=0.26 sys=0.00, real=0.06 secs] 
5307.477: [GC (GCLocker Initiated GC) [PSYoungGen: 406453K->181365K(465920K)] 1018952K->847561K(1864192K), 0.0427922 secs] [Times: user=0.20 sys=0.00, real=0.04 secs] 
5307.676: [GC (Allocation Failure) [PSYoungGen: 414325K->187317K(465920K)] 1080560K->908791K(1864192K), 0.0641440 secs] [Times: user=0.31 sys=0.01, real=0.06 secs] 
5308.743: [GC (Allocation Failure) [PSYoungGen: 420277K->102796K(465920K)] 1141751K->894911K(1864192K), 0.0458896 secs] [Times: user=0.23 sys=0.00, real=0.04 secs] 
5310.003: [GC (Allocation Failure) [PSYoungGen: 335756K->171700K(465920K)] 1127871K->996644K(1864192K), 0.1065175 secs] [Times: user=0.54 sys=0.00, real=0.10 secs] 
5310.310: [GC (Allocation Failure) [PSYoungGen: 404660K->179573K(465920K)] 1229604K->1058252K(1864192K), 0.0461691 secs] [Times: user=0.21 sys=0.00, real=0.05 secs] 
5310.468: [GC (Allocation Failure) [PSYoungGen: 412533K->185975K(465920K)] 1291212K->1127662K(1864192K), 0.0494820 secs] [Times: user=0.23 sys=0.00, real=0.05 secs] 
5311.363: [GC (Allocation Failure) [PSYoungGen: 414787K->212051K(465920K)] 1356475K->1212939K(1864192K), 0.0561944 secs] [Times: user=0.28 sys=0.00, real=0.05 secs] 
5312.020: [GC (Allocation Failure) [PSYoungGen: 445011K->105836K(465920K)] 1445899K->1173564K(1864192K), 0.0670603 secs] [Times: user=0.35 sys=0.00, real=0.07 secs] 
5313.116: [GC (Allocation Failure) [PSYoungGen: 338796K->174069K(465920K)] 1406524K->1275385K(1864192K), 0.0575679 secs] [Times: user=0.26 sys=0.00, real=0.06 secs] 
5313.319: [GC (Allocation Failure) [PSYoungGen: 407029K->185558K(465920K)] 1508345K->1341486K(1864192K), 0.0436922 secs] [Times: user=0.20 sys=0.00, real=0.04 secs] 
5313.471: [GC (Allocation Failure) [PSYoungGen: 418518K->187445K(465920K)] 1574446K->1399781K(1864192K), 0.0464168 secs] [Times: user=0.22 sys=0.00, real=0.05 secs] 
5314.546: [GC (Allocation Failure) [PSYoungGen: 420405K->102108K(465920K)] 1632741K->1385060K(1864192K), 0.0458200 secs] [Times: user=0.24 sys=0.00, real=0.04 secs] 
5316.119: [GC (Allocation Failure) [PSYoungGen: 335068K->168628K(465920K)] 1618020K->1484217K(1864192K), 0.1066488 secs] [Times: user=0.54 sys=0.00, real=0.11 secs] 
5316.226: [Full GC (Ergonomics) [PSYoungGen: 168628K->0K(465920K)] [ParOldGen: 1315589K->191710K(1398272K)] 1484217K->191710K(1864192K), [Metaspace: 59592K->59592K(1105920K)], 0.2754335 secs] [Times: user=1.34 sys=0.00, real=0.27 secs] 
5316.612: [GC (Allocation Failure) [PSYoungGen: 232960K->185494K(465920K)] 424670K->377204K(1864192K), 0.0337836 secs] [Times: user=0.14 sys=0.00, real=0.04 secs] 
5316.778: [GC (Allocation Failure) [PSYoungGen: 418454K->183158K(465920K)] 610164K->439173K(1864192K), 0.0433155 secs] [Times: user=0.19 sys=0.00, real=0.04 secs] 
5317.570: [GC (Allocation Failure) [PSYoungGen: 414536K->211795K(465920K)] 670551K->525994K(1864192K), 0.0538735 secs] [Times: user=0.27 sys=0.00, real=0.06 secs] 
5318.523: [GC (Allocation Failure) [PSYoungGen: 444755K->102620K(465920K)] 758954K->483626K(1864192K), 0.1101185 secs] [Times: user=0.59 sys=0.01, real=0.11 secs] 
5319.135: [GC (Allocation Failure) [PSYoungGen: 335580K->180085K(465920K)] 716586K->593225K(1864192K), 0.0505092 secs] [Times: user=0.22 sys=0.00, real=0.05 secs] 
5319.362: [GC (Allocation Failure) [PSYoungGen: 413045K->185654K(465920K)] 826185K->655201K(1864192K), 0.0595218 secs] [Times: user=0.28 sys=0.01, real=0.06 secs] 
5319.580: [GC (Allocation Failure) [PSYoungGen: 418614K->187061K(465920K)] 888161K->713008K(1864192K), 0.0697054 secs] [Times: user=0.34 sys=0.01, real=0.07 secs] 
5320.663: [GC (Allocation Failure) [PSYoungGen: 420021K->99084K(465920K)] 945968K->695615K(1864192K), 0.0442458 secs] [Times: user=0.23 sys=0.00, real=0.04 secs] 
5321.318: [GC (Allocation Failure) [PSYoungGen: 332044K->175093K(465920K)] 928575K->803877K(1864192K), 0.0841959 secs] [Times: user=0.41 sys=0.00, real=0.08 secs] 
5321.581: [GC (Allocation Failure) [PSYoungGen: 408053K->185398K(465920K)] 1036837K->868790K(1864192K), 0.0428848 secs] [Times: user=0.19 sys=0.00, real=0.05 secs] 
5321.734: [GC (Allocation Failure) [PSYoungGen: 415998K->182070K(465920K)] 1099391K->930039K(1864192K), 0.0491642 secs] [Times: user=0.23 sys=0.00, real=0.05 secs] 
5322.590: [GC (Allocation Failure) [PSYoungGen: 410272K->205971K(465920K)] 1158241K->1011811K(1864192K), 0.0543547 secs] [Times: user=0.28 sys=0.00, real=0.06 secs] 
5323.717: [GC (Allocation Failure) [PSYoungGen: 438931K->101020K(465920K)] 1244771K->971540K(1864192K), 0.1183252 secs] [Times: user=0.65 sys=0.00, real=0.12 secs] 
5324.704: [GC (Allocation Failure) [PSYoungGen: 333980K->181078K(465920K)] 1204500K->1083931K(1864192K), 0.0523321 secs] [Times: user=0.24 sys=0.00, real=0.05 secs] 
5324.943: [GC (Allocation Failure) [PSYoungGen: 414038K->184950K(465920K)] 1316891K->1144323K(1864192K), 0.0629184 secs] [Times: user=0.30 sys=0.01, real=0.06 secs] 
5325.124: [GC (Allocation Failure) [PSYoungGen: 417910K->187253K(465920K)] 1377283K->1202578K(1864192K), 0.0462391 secs] [Times: user=0.22 sys=0.00, real=0.04 secs] 
5326.125: [GC (Allocation Failure) [PSYoungGen: 420213K->99436K(465920K)] 1435538K->1185321K(1864192K), 0.0447398 secs] [Times: user=0.23 sys=0.00, real=0.04 secs] 
5327.727: [GC (Allocation Failure) [PSYoungGen: 332396K->170100K(465920K)] 1418281K->1287582K(1864192K), 0.0797917 secs] [Times: user=0.39 sys=0.00, real=0.08 secs] 
5327.972: [GC (Allocation Failure) [PSYoungGen: 403060K->185718K(465920K)] 1520542K->1356428K(1864192K), 0.0431671 secs] [Times: user=0.20 sys=0.00, real=0.05 secs] 
5328.124: [GC (Allocation Failure) [PSYoungGen: 418678K->186263K(465920K)] 1589388K->1421373K(1864192K), 0.0505547 secs] [Times: user=0.23 sys=0.00, real=0.05 secs] 
5328.967: [GC (Allocation Failure) [PSYoungGen: 415901K->206547K(465920K)] 1651011K->1500897K(1864192K), 0.0563032 secs] [Times: user=0.29 sys=0.00, real=0.06 secs] 
5330.296: [GC (Allocation Failure) [PSYoungGen: 439507K->102124K(465920K)] 1733857K->1461506K(1864192K), 0.0991058 secs] [Times: user=0.54 sys=0.00, real=0.10 secs] 
5330.395: [Full GC (Ergonomics) [PSYoungGen: 102124K->0K(465920K)] [ParOldGen: 1359382K->118260K(1398272K)] 1461506K->118260K(1864192K), [Metaspace: 59592K->59592K(1105920K)], 0.1847968 secs] [Times: user=0.81 sys=0.00, real=0.18 secs] 
5331.364: [GC (Allocation Failure) [PSYoungGen: 232960K->179669K(465920K)] 351220K->297929K(1864192K), 0.0353808 secs] [Times: user=0.14 sys=0.00, real=0.03 secs] 
5331.596: [GC (Allocation Failure) [PSYoungGen: 412589K->185558K(465920K)] 530849K->360106K(1864192K), 0.0547081 secs] [Times: user=0.26 sys=0.00, real=0.05 secs] 
5331.818: [GC (Allocation Failure) [PSYoungGen: 418518K->187413K(465920K)] 593066K->418121K(1864192K), 0.0623304 secs] [Times: user=0.30 sys=0.00, real=0.06 secs] 
5332.819: [GC (GCLocker Initiated GC) [PSYoungGen: 420373K->99964K(465920K)] 651081K->401424K(1864192K), 0.0486576 secs] [Times: user=0.26 sys=0.00, real=0.05 secs] 
5334.488: [GC (Allocation Failure) [PSYoungGen: 332924K->170164K(465920K)] 634387K->503296K(1864192K), 0.0785699 secs] [Times: user=0.38 sys=0.01, real=0.08 secs] 
5334.775: [GC (Allocation Failure) [PSYoungGen: 403124K->185334K(465920K)] 736256K->571802K(1864192K), 0.0502004 secs] [Times: user=0.24 sys=0.00, real=0.05 secs] 
5334.935: [GC (Allocation Failure) [PSYoungGen: 418294K->183414K(465920K)] 804762K->634131K(1864192K), 0.0497791 secs] [Times: user=0.23 sys=0.00, real=0.05 secs] 
5335.726: [GC (Allocation Failure) [PSYoungGen: 413231K->210067K(465920K)] 863947K->718931K(1864192K), 0.0551334 secs] [Times: user=0.27 sys=0.00, real=0.05 secs] 
5336.274: [GC (Allocation Failure) [PSYoungGen: 443027K->105628K(465920K)] 951891K->680668K(1864192K), 0.0616392 secs] [Times: user=0.28 sys=0.00, real=0.06 secs] 
5337.274: [GC (Allocation Failure) [PSYoungGen: 338588K->177621K(465920K)] 913628K->785986K(1864192K), 0.0505977 secs] [Times: user=0.22 sys=0.00, real=0.05 secs] 
5337.453: [GC (Allocation Failure) [PSYoungGen: 410581K->185558K(465920K)] 1018946K->849135K(1864192K), 0.0432572 secs] [Times: user=0.20 sys=0.00, real=0.04 secs] 
5337.600: [GC (Allocation Failure) [PSYoungGen: 418518K->181716K(465920K)] 1082095K->901485K(1864192K), 0.0448566 secs] [Times: user=0.21 sys=0.00, real=0.05 secs] 
5338.643: [GC (Allocation Failure) [PSYoungGen: 414676K->105548K(465920K)] 1134445K->894118K(1864192K), 0.0547329 secs] [Times: user=0.29 sys=0.00, real=0.05 secs] 
5339.998: [GC (Allocation Failure) [PSYoungGen: 338508K->170932K(465920K)] 1127078K->993466K(1864192K), 0.0809934 secs] [Times: user=0.40 sys=0.00, real=0.08 secs] 
5340.258: [GC (Allocation Failure) [PSYoungGen: 403892K->182293K(465920K)] 1226426K->1058403K(1864192K), 0.0440315 secs] [Times: user=0.20 sys=0.01, real=0.04 secs] 
5340.438: [GC (Allocation Failure) [PSYoungGen: 415253K->186135K(465920K)] 1291363K->1126037K(1864192K), 0.0699582 secs] [Times: user=0.34 sys=0.00, real=0.07 secs] 
5341.446: [GC (Allocation Failure) [PSYoungGen: 419095K->170611K(465920K)] 1358997K->1169369K(1864192K), 0.0582811 secs] [Times: user=0.29 sys=0.00, real=0.06 secs] 
5342.371: [GC (Allocation Failure) [PSYoungGen: 403571K->107612K(465920K)] 1402329K->1171651K(1864192K), 0.1239129 secs] [Times: user=0.67 sys=0.01, real=0.13 secs] 
5343.086: [GC (Allocation Failure) [PSYoungGen: 337785K->175477K(465920K)] 1401823K->1273784K(1864192K), 0.0529404 secs] [Times: user=0.24 sys=0.00, real=0.05 secs] 
5343.272: [GC (Allocation Failure) [PSYoungGen: 408437K->185526K(465920K)] 1506744K->1338545K(1864192K), 0.0446268 secs] [Times: user=0.21 sys=0.00, real=0.05 secs] 
5343.452: [GC (Allocation Failure) [PSYoungGen: 418486K->184757K(465920K)] 1571505K->1394028K(1864192K), 0.0509363 secs] [Times: user=0.25 sys=0.00, real=0.06 secs] 
5344.477: [GC (Allocation Failure) [PSYoungGen: 417717K->100924K(465920K)] 1626988K->1379771K(1864192K), 0.0464483 secs] [Times: user=0.24 sys=0.01, real=0.05 secs] 
5346.131: [GC (GCLocker Initiated GC) [PSYoungGen: 333884K->167348K(465920K)] 1612732K->1478376K(1864192K), 0.1050841 secs] [Times: user=0.53 sys=0.00, real=0.11 secs] 
5346.421: [GC (Allocation Failure) [PSYoungGen: 400308K->185590K(465920K)] 1711467K->1549485K(1864192K), 0.0507753 secs] [Times: user=0.22 sys=0.00, real=0.05 secs] 
5346.472: [Full GC (Ergonomics) [PSYoungGen: 185590K->0K(465920K)] [ParOldGen: 1363895K->260690K(1398272K)] 1549485K->260690K(1864192K), [Metaspace: 59592K->59592K(1105920K)], 0.3203015 secs] [Times: user=1.38 sys=0.01, real=0.32 secs] 
5346.904: [GC (Allocation Failure) [PSYoungGen: 232960K->186039K(465920K)] 493650K->446729K(1864192K), 0.0868972 secs] [Times: user=0.46 sys=0.00, real=0.08 secs] 
5347.781: [GC (Allocation Failure) [PSYoungGen: 414730K->210131K(465920K)] 675421K->529750K(1864192K), 0.0547507 secs] [Times: user=0.27 sys=0.00, real=0.06 secs] 
5348.941: [GC (Allocation Failure) [PSYoungGen: 443091K->98363K(465920K)] 762710K->484142K(1864192K), 0.1156913 secs] [Times: user=0.63 sys=0.00, real=0.12 secs] 
5349.959: [GC (Allocation Failure) [PSYoungGen: 331323K->180598K(465920K)] 717102K->597481K(1864192K), 0.0511476 secs] [Times: user=0.22 sys=0.00, real=0.05 secs] 
5350.148: [GC (Allocation Failure) [PSYoungGen: 413558K->185430K(465920K)] 830441K->658673K(1864192K), 0.0439476 secs] [Times: user=0.20 sys=0.00, real=0.04 secs] 
5350.325: [GC (Allocation Failure) [PSYoungGen: 418390K->187413K(465920K)] 891633K->716784K(1864192K), 0.0644098 secs] [Times: user=0.32 sys=0.00, real=0.06 secs] 
5351.393: [GC (Allocation Failure) [PSYoungGen: 420373K->102348K(465920K)] 949744K->702336K(1864192K), 0.0446021 secs] [Times: user=0.23 sys=0.00, real=0.04 secs] 
5352.337: [GC (Allocation Failure) [PSYoungGen: 335308K->171732K(465920K)] 935296K->804573K(1864192K), 0.0951494 secs] [Times: user=0.48 sys=0.00, real=0.09 secs] 
5352.603: [GC (Allocation Failure) [PSYoungGen: 404692K->179637K(465920K)] 1037533K->866241K(1864192K), 0.0423464 secs] [Times: user=0.19 sys=0.00, real=0.04 secs] 
5352.759: [GC (Allocation Failure) [PSYoungGen: 412597K->185815K(465920K)] 1099201K->935491K(1864192K), 0.0494355 secs] [Times: user=0.22 sys=0.00, real=0.05 secs] 
5353.570: [GC (Allocation Failure) [PSYoungGen: 415228K->212467K(465920K)] 1164905K->1021144K(1864192K), 0.0563783 secs] [Times: user=0.28 sys=0.00, real=0.06 secs] 
5354.069: [GC (Allocation Failure) [PSYoungGen: 445427K->106348K(465920K)] 1254104K->981865K(1864192K), 0.0443107 secs] [Times: user=0.23 sys=0.00, real=0.05 secs] 
5354.379: [GC (Allocation Failure) [PSYoungGen: 332130K->176501K(465920K)] 1207646K->1085714K(1864192K), 0.0350255 secs] [Times: user=0.15 sys=0.00, real=0.04 secs] 
5354.542: [GC (Allocation Failure) [PSYoungGen: 409461K->185846K(465920K)] 1318674K->1150183K(1864192K), 0.0481466 secs] [Times: user=0.22 sys=0.00, real=0.05 secs] 
5354.714: [GC (Allocation Failure) [PSYoungGen: 418806K->184308K(465920K)] 1383143K->1205070K(1864192K), 0.0478651 secs] [Times: user=0.22 sys=0.01, real=0.04 secs] 
5355.719: [GC (Allocation Failure) [PSYoungGen: 417268K->102684K(465920K)] 1438030K->1192914K(1864192K), 0.0444496 secs] [Times: user=0.23 sys=0.00, real=0.05 secs] 
5357.063: [GC (Allocation Failure) [PSYoungGen: 335644K->170708K(465920K)] 1425874K->1293939K(1864192K), 0.0818294 secs] [Times: user=0.40 sys=0.01, real=0.08 secs] 
5357.350: [GC (Allocation Failure) [PSYoungGen: 403668K->182485K(465920K)] 1526899K->1359104K(1864192K), 0.0520353 secs] [Times: user=0.25 sys=0.00, real=0.05 secs] 
5357.549: [GC (Allocation Failure) [PSYoungGen: 415445K->186263K(465920K)] 1592064K->1426609K(1864192K), 0.0708781 secs] [Times: user=0.35 sys=0.00, real=0.07 secs] 
5358.474: [GC (Allocation Failure) [PSYoungGen: 419223K->171379K(465920K)] 1659569K->1470813K(1864192K), 0.0593334 secs] [Times: user=0.30 sys=0.00, real=0.06 secs] 
5359.400: [GC (Allocation Failure) [PSYoungGen: 404339K->106652K(465920K)] 1703773K->1471671K(1864192K), 0.0928316 secs] [Times: user=0.50 sys=0.00, real=0.10 secs] 
5359.493: [Full GC (Ergonomics) [PSYoungGen: 106652K->0K(465920K)] [ParOldGen: 1365018K->122593K(1398272K)] 1471671K->122593K(1864192K), [Metaspace: 59592K->59592K(1105920K)], 0.1823580 secs] [Times: user=0.80 sys=0.00, real=0.18 secs] 
5360.335: [GC (Allocation Failure) [PSYoungGen: 230583K->177269K(465920K)] 353176K->299862K(1864192K), 0.0338778 secs] [Times: user=0.13 sys=0.00, real=0.03 secs] 
5360.555: [GC (Allocation Failure) [PSYoungGen: 410229K->184822K(465920K)] 532822K->362647K(1864192K), 0.0569553 secs] [Times: user=0.27 sys=0.01, real=0.05 secs] 
5360.734: [GC (Allocation Failure) [PSYoungGen: 417782K->187509K(465920K)] 595607K->421558K(1864192K), 0.0444529 secs] [Times: user=0.20 sys=0.00, real=0.04 secs] 
5361.729: [GC (GCLocker Initiated GC) [PSYoungGen: 420469K->99244K(465920K)] 654518K->403949K(1864192K), 0.0435608 secs] [Times: user=0.22 sys=0.00, real=0.05 secs] 
5362.573: [GC (Allocation Failure) [PSYoungGen: 332204K->171988K(465920K)] 636913K->508598K(1864192K), 0.1065303 secs] [Times: user=0.53 sys=0.00, real=0.10 secs] 
5362.875: [GC (Allocation Failure) [PSYoungGen: 404948K->185078K(465920K)] 741558K->575996K(1864192K), 0.0422105 secs] [Times: user=0.19 sys=0.00, real=0.04 secs] 
5363.028: [GC (Allocation Failure) [PSYoungGen: 418038K->182806K(465920K)] 808956K->637973K(1864192K), 0.0491190 secs] [Times: user=0.22 sys=0.00, real=0.05 secs] 
5363.920: [GC (Allocation Failure) [PSYoungGen: 415766K->172051K(465920K)] 870933K->685065K(1864192K), 0.0562473 secs] [Times: user=0.28 sys=0.00, real=0.06 secs] 
5364.559: [GC (Allocation Failure) [PSYoungGen: 405011K->110653K(465920K)] 918025K->689347K(1864192K), 0.1033000 secs] [Times: user=0.55 sys=0.00, real=0.11 secs] 
5365.563: [GC (Allocation Failure) [PSYoungGen: 338493K->172564K(465920K)] 917187K->786508K(1864192K), 0.0551525 secs] [Times: user=0.25 sys=0.00, real=0.05 secs] 
5365.761: [GC (Allocation Failure) [PSYoungGen: 405524K->185878K(465920K)] 1019468K->853953K(1864192K), 0.0434323 secs] [Times: user=0.20 sys=0.01, real=0.05 secs] 
5365.913: [GC (Allocation Failure) [PSYoungGen: 418838K->187605K(465920K)] 1086913K->912016K(1864192K), 0.0462081 secs] [Times: user=0.21 sys=0.00, real=0.04 secs] 
5366.900: [GC (Allocation Failure) [PSYoungGen: 420565K->101388K(465920K)] 1144976K->896627K(1864192K), 0.0448576 secs] [Times: user=0.22 sys=0.01, real=0.05 secs] 
5367.692: [GC (Allocation Failure) [PSYoungGen: 334348K->172788K(465920K)] 1129587K->1000425K(1864192K), 0.0627145 secs] [Times: user=0.29 sys=0.00, real=0.07 secs] 
5367.956: [GC (Allocation Failure) [PSYoungGen: 405748K->185206K(465920K)] 1233385K->1066934K(1864192K), 0.0561547 secs] [Times: user=0.26 sys=0.00, real=0.06 secs] 
5368.125: [GC (Allocation Failure) [PSYoungGen: 418166K->182230K(465920K)] 1299894K->1128255K(1864192K), 0.0489022 secs] [Times: user=0.23 sys=0.00, real=0.05 secs] 
5369.088: [GC (Allocation Failure) [PSYoungGen: 415190K->168883K(401920K)] 1361215K->1172675K(1800192K), 0.0567685 secs] [Times: user=0.29 sys=0.00, real=0.06 secs] 
5369.709: [GC (Allocation Failure) [PSYoungGen: 401843K->110509K(463872K)] 1405635K->1178909K(1862144K), 0.0758548 secs] [Times: user=0.40 sys=0.00, real=0.08 secs] 
5370.337: [GC (Allocation Failure) [PSYoungGen: 335436K->173973K(464896K)] 1403836K->1277226K(1863168K), 0.0509241 secs] [Times: user=0.23 sys=0.00, real=0.05 secs] 
5370.570: [GC (Allocation Failure) [PSYoungGen: 405909K->184790K(465408K)] 1509162K->1342403K(1863680K), 0.0617100 secs] [Times: user=0.29 sys=0.00, real=0.06 secs] 
5370.749: [GC (Allocation Failure) [PSYoungGen: 417750K->187637K(465920K)] 1575363K->1401266K(1864192K), 0.0467478 secs] [Times: user=0.22 sys=0.00, real=0.05 secs] 
5371.793: [GC (Allocation Failure) [PSYoungGen: 420597K->101324K(465920K)] 1634226K->1385609K(1864192K), 0.0492678 secs] [Times: user=0.26 sys=0.00, real=0.04 secs] 
5372.446: [GC (Allocation Failure) [PSYoungGen: 334284K->175829K(465920K)] 1618569K->1492915K(1864192K), 0.0744942 secs] [Times: user=0.36 sys=0.00, real=0.07 secs] 
5372.521: [Full GC (Ergonomics) [PSYoungGen: 175829K->0K(465920K)] [ParOldGen: 1317086K->200370K(1398272K)] 1492915K->200370K(1864192K), [Metaspace: 59592K->59592K(1105920K)], 0.2490677 secs] [Times: user=1.20 sys=0.00, real=0.25 secs] 
5372.887: [GC (Allocation Failure) [PSYoungGen: 232960K->182517K(465920K)] 433330K->382888K(1864192K), 0.0327660 secs] [Times: user=0.13 sys=0.00, real=0.03 secs] 
5373.032: [GC (Allocation Failure) [PSYoungGen: 411733K->180854K(465920K)] 612104K->445145K(1864192K), 0.0434504 secs] [Times: user=0.20 sys=0.00, real=0.05 secs] 
5373.958: [GC (Allocation Failure) [PSYoungGen: 413814K->168851K(461824K)] 678105K->490685K(1860096K), 0.0534261 secs] [Times: user=0.27 sys=0.00, real=0.05 secs] 
5374.646: [GC (Allocation Failure) [PSYoungGen: 401811K->110013K(463872K)] 723645K->496360K(1862144K), 0.0957339 secs] [Times: user=0.51 sys=0.00, real=0.09 secs] 
5375.382: [GC (Allocation Failure) [PSYoungGen: 339169K->173845K(466944K)] 725516K->595281K(1865216K), 0.0518917 secs] [Times: user=0.24 sys=0.00, real=0.06 secs] 
5375.571: [GC (Allocation Failure) [PSYoungGen: 407829K->186518K(465920K)] 829265K->662434K(1864192K), 0.0428159 secs] [Times: user=0.19 sys=0.00, real=0.05 secs] 
5375.722: [GC (Allocation Failure) [PSYoungGen: 420502K->188149K(465920K)] 896418K->720641K(1864192K), 0.0457803 secs] [Times: user=0.22 sys=0.00, real=0.05 secs] 
5376.709: [GC (Allocation Failure) [PSYoungGen: 421109K->104780K(465920K)] 953601K->708208K(1864192K), 0.0535666 secs] [Times: user=0.28 sys=0.00, real=0.06 secs] 
5377.493: [GC (Allocation Failure) [PSYoungGen: 337740K->172756K(465920K)] 941168K->809549K(1864192K), 0.0727195 secs] [Times: user=0.36 sys=0.00, real=0.07 secs] 
5377.724: [GC (Allocation Failure) [PSYoungGen: 405716K->185494K(465920K)] 1042509K->876791K(1864192K), 0.0428577 secs] [Times: user=0.20 sys=0.00, real=0.04 secs] 
5377.874: [GC (Allocation Failure) [PSYoungGen: 411159K->176086K(465920K)] 1102456K->931735K(1864192K), 0.0484221 secs] [Times: user=0.22 sys=0.00, real=0.04 secs] 
5378.682: [GC (Allocation Failure) [PSYoungGen: 404075K->206131K(465920K)] 1159724K->1017708K(1864192K), 0.0544957 secs] [Times: user=0.27 sys=0.01, real=0.06 secs] 
5379.392: [GC (Allocation Failure) [PSYoungGen: 439091K->102540K(465920K)] 1250668K->979093K(1864192K), 0.0700615 secs] [Times: user=0.37 sys=0.00, real=0.07 secs] 
5380.745: [GC (Allocation Failure) [PSYoungGen: 335500K->176693K(465920K)] 1212053K->1086099K(1864192K), 0.0548659 secs] [Times: user=0.25 sys=0.00, real=0.05 secs] 
5380.942: [GC (Allocation Failure) [PSYoungGen: 409653K->185462K(465920K)] 1319059K->1149828K(1864192K), 0.0444548 secs] [Times: user=0.20 sys=0.00, real=0.05 secs] 
5381.118: [GC (Allocation Failure) [PSYoungGen: 418422K->187829K(465920K)] 1382788K->1208259K(1864192K), 0.0662313 secs] [Times: user=0.32 sys=0.01, real=0.07 secs] 
5382.166: [GC (Allocation Failure) [PSYoungGen: 420789K->99980K(465920K)] 1441219K->1191370K(1864192K), 0.0468167 secs] [Times: user=0.25 sys=0.00, real=0.05 secs] 
5383.326: [GC (Allocation Failure) [PSYoungGen: 332940K->169972K(465920K)] 1424330K->1293103K(1864192K), 0.1036029 secs] [Times: user=0.51 sys=0.00, real=0.10 secs] 
5383.627: [GC (Allocation Failure) [PSYoungGen: 402932K->185270K(465920K)] 1526063K->1361669K(1864192K), 0.0440034 secs] [Times: user=0.20 sys=0.00, real=0.04 secs] 
5383.784: [GC (Allocation Failure) [PSYoungGen: 418230K->186071K(465920K)] 1594629K->1426774K(1864192K), 0.0515385 secs] [Times: user=0.25 sys=0.00, real=0.05 secs] 
5384.655: [GC (Allocation Failure) [PSYoungGen: 416909K->208243K(465920K)] 1657611K->1507850K(1864192K), 0.0585391 secs] [Times: user=0.29 sys=0.00, real=0.06 secs] 
5385.225: [GC (Allocation Failure) [PSYoungGen: 441203K->104652K(465920K)] 1740810K->1469867K(1864192K), 0.0467124 secs] [Times: user=0.24 sys=0.00, real=0.04 secs] 
5385.272: [Full GC (Ergonomics) [PSYoungGen: 104652K->0K(465920K)] [ParOldGen: 1365215K->120778K(1398272K)] 1469867K->120778K(1864192K), [Metaspace: 59592K->59592K(1105920K)], 0.1095487 secs] [Times: user=0.46 sys=0.01, real=0.11 secs] 
5385.678: [GC (Allocation Failure) [PSYoungGen: 231365K->178933K(465920K)] 352144K->299712K(1864192K), 0.0248981 secs] [Times: user=0.08 sys=0.00, real=0.03 secs] 
5385.831: [GC (Allocation Failure) [PSYoungGen: 411893K->185814K(465920K)] 532672K->362649K(1864192K), 0.0464023 secs] [Times: user=0.22 sys=0.00, real=0.05 secs] 
5386.032: [GC (Allocation Failure) [PSYoungGen: 418774K->187509K(465920K)] 595609K->420504K(1864192K), 0.0693786 secs] [Times: user=0.34 sys=0.00, real=0.07 secs] 
5387.043: [GC (Allocation Failure) [PSYoungGen: 420469K->97595K(465920K)] 653464K->401406K(1864192K), 0.0436847 secs] [Times: user=0.23 sys=0.00, real=0.04 secs] 
5387.988: [GC (Allocation Failure) [PSYoungGen: 330555K->175061K(465920K)] 634366K->510649K(1864192K), 0.0782908 secs] [Times: user=0.38 sys=0.00, real=0.08 secs] 
5388.232: [GC (Allocation Failure) [PSYoungGen: 408021K->185558K(465920K)] 743609K->575798K(1864192K), 0.0436003 secs] [Times: user=0.20 sys=0.00, real=0.05 secs] 
5388.383: [GC (Allocation Failure) [PSYoungGen: 415558K->182390K(465920K)] 805798K->637166K(1864192K), 0.0497848 secs] [Times: user=0.23 sys=0.00, real=0.05 secs] 
5389.230: [GC (Allocation Failure) [PSYoungGen: 412045K->189106K(465920K)] 866821K->701674K(1864192K), 0.0518220 secs] [Times: user=0.26 sys=0.00, real=0.05 secs] 
5390.386: [GC (Allocation Failure) [PSYoungGen: 422066K->105004K(465920K)] 934634K->682468K(1864192K), 0.1071304 secs] [Times: user=0.58 sys=0.01, real=0.11 secs] 
5391.320: [GC (Allocation Failure) [PSYoungGen: 337924K->177813K(465920K)] 915388K->788786K(1864192K), 0.0503003 secs] [Times: user=0.22 sys=0.01, real=0.05 secs] 
5391.499: [GC (Allocation Failure) [PSYoungGen: 410773K->185494K(465920K)] 1021746K->852271K(1864192K), 0.0436409 secs] [Times: user=0.19 sys=0.00, real=0.05 secs] 
5391.650: [GC (Allocation Failure) [PSYoungGen: 418454K->187541K(465920K)] 1085231K->910638K(1864192K), 0.0457837 secs] [Times: user=0.22 sys=0.01, real=0.05 secs] 
5392.639: [GC (Allocation Failure) [PSYoungGen: 420501K->98908K(465920K)] 1143598K->892853K(1864192K), 0.0448450 secs] [Times: user=0.23 sys=0.00, real=0.05 secs] 
5394.314: [GC (Allocation Failure) [PSYoungGen: 331868K->169940K(465920K)] 1125813K->995338K(1864192K), 0.0988976 secs] [Times: user=0.49 sys=0.00, real=0.10 secs] 
5394.619: [GC (Allocation Failure) [PSYoungGen: 402900K->185782K(465920K)] 1228298K->1064524K(1864192K), 0.0447797 secs] [Times: user=0.20 sys=0.00, real=0.05 secs] 
5394.773: [GC (Allocation Failure) [PSYoungGen: 418742K->183158K(465920K)] 1297484K->1126316K(1864192K), 0.0507245 secs] [Times: user=0.24 sys=0.00, real=0.05 secs] 
5395.618: [GC (Allocation Failure) [PSYoungGen: 416118K->211240K(465920K)] 1359276K->1212270K(1864192K), 0.0506051 secs] [Times: user=0.24 sys=0.00, real=0.05 secs] 
5396.537: [GC (Allocation Failure) [PSYoungGen: 444200K->105356K(465920K)] 1445230K->1172418K(1864192K), 0.1126706 secs] [Times: user=0.60 sys=0.02, real=0.11 secs] 
5397.591: [GC (Allocation Failure) [PSYoungGen: 338316K->178933K(465920K)] 1405378K->1279008K(1864192K), 0.0544275 secs] [Times: user=0.25 sys=0.00, real=0.06 secs] 
5397.787: [GC (Allocation Failure) [PSYoungGen: 411893K->185494K(465920K)] 1511968K->1341541K(1864192K), 0.0445545 secs] [Times: user=0.20 sys=0.00, real=0.04 secs] 
5397.979: [GC (Allocation Failure) [PSYoungGen: 418454K->187605K(465920K)] 1574501K->1399844K(1864192K), 0.0724117 secs] [Times: user=0.36 sys=0.00, real=0.07 secs] 
5399.005: [GC (Allocation Failure) [PSYoungGen: 420565K->101644K(465920K)] 1632804K->1384555K(1864192K), 0.0457718 secs] [Times: user=0.24 sys=0.00, real=0.04 secs] 
5400.401: [GC (Allocation Failure) [PSYoungGen: 334604K->171828K(465920K)] 1617515K->1487296K(1864192K), 0.0938111 secs] [Times: user=0.46 sys=0.00, real=0.10 secs] 
5400.495: [Full GC (Ergonomics) [PSYoungGen: 171828K->0K(465920K)] [ParOldGen: 1315467K->196181K(1398272K)] 1487296K->196181K(1864192K), [Metaspace: 59592K->59592K(1105920K)], 0.2604046 secs] [Times: user=1.28 sys=0.00, real=0.26 secs] 
5400.863: [GC (Allocation Failure) [PSYoungGen: 232960K->182741K(465920K)] 429141K->378922K(1864192K), 0.0322025 secs] [Times: user=0.13 sys=0.00, real=0.03 secs] 
5401.006: [GC (Allocation Failure) [PSYoungGen: 414056K->183286K(465920K)] 610237K->443468K(1864192K), 0.0437710 secs] [Times: user=0.20 sys=0.00, real=0.04 secs] 
5401.889: [GC (Allocation Failure) [PSYoungGen: 416246K->169395K(465920K)] 676428K->487840K(1864192K), 0.0531955 secs] [Times: user=0.27 sys=0.00, real=0.05 secs] 
5402.798: [GC (Allocation Failure) [PSYoungGen: 402355K->105036K(465920K)] 720800K->488361K(1864192K), 0.1099552 secs] [Times: user=0.58 sys=0.01, real=0.11 secs] 
5403.685: [GC (Allocation Failure) [PSYoungGen: 335884K->178901K(465920K)] 719209K->595255K(1864192K), 0.0489877 secs] [Times: user=0.22 sys=0.00, real=0.05 secs] 
5403.861: [GC (Allocation Failure) [PSYoungGen: 411861K->185622K(465920K)] 828215K->658096K(1864192K), 0.0438564 secs] [Times: user=0.20 sys=0.00, real=0.05 secs] 
5404.040: [GC (Allocation Failure) [PSYoungGen: 418582K->187477K(465920K)] 891056K->716143K(1864192K), 0.0676608 secs] [Times: user=0.33 sys=0.00, real=0.07 secs] 
5405.054: [GC (Allocation Failure) [PSYoungGen: 420437K->102092K(465920K)] 949103K->701418K(1864192K), 0.0482343 secs] [Times: user=0.26 sys=0.00, real=0.04 secs] 
5406.896: [GC (Allocation Failure) [PSYoungGen: 335052K->166964K(465920K)] 934378K->798719K(1864192K), 0.0825935 secs] [Times: user=0.40 sys=0.00, real=0.08 secs] 
5407.149: [GC (Allocation Failure) [PSYoungGen: 399924K->185782K(465920K)] 1031679K->869985K(1864192K), 0.0426949 secs] [Times: user=0.19 sys=0.00, real=0.04 secs] 
5407.301: [GC (Allocation Failure) [PSYoungGen: 418742K->185175K(465920K)] 1102945K->933682K(1864192K), 0.0502295 secs] [Times: user=0.23 sys=0.00, real=0.05 secs] 
5408.223: [GC (Allocation Failure) [PSYoungGen: 418135K->168083K(465920K)] 1166642K->975486K(1864192K), 0.0556876 secs] [Times: user=0.28 sys=0.00, real=0.05 secs] 
5409.154: [GC (Allocation Failure) [PSYoungGen: 401043K->106748K(465920K)] 1208446K->978479K(1864192K), 0.1023779 secs] [Times: user=0.55 sys=0.00, real=0.10 secs] 
5410.097: [GC (Allocation Failure) [PSYoungGen: 339708K->196981K(465920K)] 1211439K->1102777K(1864192K), 0.0528166 secs] [Times: user=0.23 sys=0.00, real=0.05 secs] 
5410.279: [GC (Allocation Failure) [PSYoungGen: 429941K->181334K(465920K)] 1335737K->1150058K(1864192K), 0.0509183 secs] [Times: user=0.24 sys=0.00, real=0.05 secs] 
5410.459: [GC (Allocation Failure) [PSYoungGen: 414294K->187413K(465920K)] 1383018K->1213457K(1864192K), 0.0779426 secs] [Times: user=0.41 sys=0.00, real=0.08 secs] 
5411.572: [GC (Allocation Failure) [PSYoungGen: 420373K->99164K(465920K)] 1446417K->1195988K(1864192K), 0.0608413 secs] [Times: user=0.33 sys=0.00, real=0.07 secs] 
5412.516: [GC (Allocation Failure) [PSYoungGen: 332124K->171956K(465920K)] 1428948K->1300597K(1864192K), 0.0797279 secs] [Times: user=0.38 sys=0.00, real=0.08 secs] 
5412.820: [GC (Allocation Failure) [PSYoungGen: 404916K->182645K(465920K)] 1533557K->1365186K(1864192K), 0.0511320 secs] [Times: user=0.24 sys=0.00, real=0.05 secs] 
5412.987: [GC (Allocation Failure) [PSYoungGen: 414683K->182646K(465920K)] 1597224K->1428843K(1864192K), 0.0514801 secs] [Times: user=0.24 sys=0.00, real=0.05 secs] 
5413.950: [GC (Allocation Failure) [PSYoungGen: 415606K->169139K(465920K)] 1661803K->1473504K(1864192K), 0.0569120 secs] [Times: user=0.28 sys=0.01, real=0.06 secs] 
5414.777: [GC (Allocation Failure) [PSYoungGen: 402099K->109117K(465920K)] 1706464K->1478210K(1864192K), 0.1044269 secs] [Times: user=0.56 sys=0.00, real=0.10 secs] 
5414.882: [Full GC (Ergonomics) [PSYoungGen: 109117K->0K(465920K)] [ParOldGen: 1369093K->125285K(1398272K)] 1478210K->125285K(1864192K), [Metaspace: 59592K->59592K(1105920K)], 0.1889104 secs] [Times: user=0.84 sys=0.01, real=0.19 secs] 
5415.916: [GC (Allocation Failure) [PSYoungGen: 226313K->174293K(465920K)] 351598K->299578K(1864192K), 0.0357650 secs] [Times: user=0.14 sys=0.01, real=0.03 secs] 
5416.094: [GC (Allocation Failure) [PSYoungGen: 407253K->182549K(465920K)] 532538K->361839K(1864192K), 0.0407189 secs] [Times: user=0.18 sys=0.00, real=0.04 secs] 
5416.261: [GC (Allocation Failure) [PSYoungGen: 415509K->187797K(465920K)] 594799K->422511K(1864192K), 0.0506585 secs] [Times: user=0.24 sys=0.00, real=0.05 secs] 
5417.295: [GC (Allocation Failure) [PSYoungGen: 420757K->102588K(465920K)] 655471K->408142K(1864192K), 0.0438865 secs] [Times: user=0.23 sys=0.00, real=0.04 secs] 
5418.869: [GC (GCLocker Initiated GC) [PSYoungGen: 335548K->165427K(465920K)] 641102K->503458K(1864192K), 0.0868410 secs] [Times: user=0.43 sys=0.00, real=0.09 secs] 
5419.127: [GC (Allocation Failure) [PSYoungGen: 398387K->184726K(465920K)] 736713K->575287K(1864192K), 0.0418128 secs] [Times: user=0.19 sys=0.00, real=0.04 secs] 
5419.282: [GC (Allocation Failure) [PSYoungGen: 417686K->185719K(465920K)] 808247K->640440K(1864192K), 0.0494198 secs] [Times: user=0.22 sys=0.00, real=0.05 secs] 
5420.158: [GC (Allocation Failure) [PSYoungGen: 415078K->210803K(465920K)] 869800K->724477K(1864192K), 0.0559652 secs] [Times: user=0.28 sys=0.00, real=0.06 secs] 
5420.859: [GC (Allocation Failure) [PSYoungGen: 443763K->101692K(465920K)] 957437K->681693K(1864192K), 0.0857597 secs] [Times: user=0.46 sys=0.00, real=0.09 secs] 
5421.763: [GC (Allocation Failure) [PSYoungGen: 334652K->180470K(465920K)] 914653K->792972K(1864192K), 0.0552786 secs] [Times: user=0.25 sys=0.00, real=0.05 secs] 
5422.031: [GC (Allocation Failure) [PSYoungGen: 413430K->185366K(465920K)] 1025932K->854296K(1864192K), 0.0613702 secs] [Times: user=0.29 sys=0.01, real=0.06 secs] 
5422.244: [GC (Allocation Failure) [PSYoungGen: 418326K->187445K(465920K)] 1087256K->912592K(1864192K), 0.0639528 secs] [Times: user=0.32 sys=0.00, real=0.06 secs] 
5423.246: [GC (GCLocker Initiated GC) [PSYoungGen: 420405K->100204K(465920K)] 1145553K->895968K(1864192K), 0.0474380 secs] [Times: user=0.24 sys=0.00, real=0.05 secs] 
5424.299: [GC (Allocation Failure) [PSYoungGen: 333164K->169428K(465920K)] 1129057K->997350K(1864192K), 0.1041109 secs] [Times: user=0.52 sys=0.00, real=0.11 secs] 
5424.625: [GC (Allocation Failure) [PSYoungGen: 402388K->184886K(465920K)] 1230310K->1066156K(1864192K), 0.0446084 secs] [Times: user=0.20 sys=0.00, real=0.04 secs] 
5424.806: [GC (Allocation Failure) [PSYoungGen: 417826K->186167K(465920K)] 1299096K->1131629K(1864192K), 0.0699461 secs] [Times: user=0.34 sys=0.01, real=0.07 secs] 
5425.803: [GC (Allocation Failure) [PSYoungGen: 419127K->170483K(465920K)] 1364589K->1174993K(1864192K), 0.0579434 secs] [Times: user=0.29 sys=0.00, real=0.05 secs] 
5426.345: [GC (Allocation Failure) [PSYoungGen: 403443K->110749K(465920K)] 1407953K->1180551K(1864192K), 0.0689953 secs] [Times: user=0.37 sys=0.00, real=0.07 secs] 
5426.770: [GC (Allocation Failure) [PSYoungGen: 342636K->174069K(465920K)] 1412439K->1279200K(1864192K), 0.0534493 secs] [Times: user=0.24 sys=0.00, real=0.06 secs] 
5427.002: [GC (Allocation Failure) [PSYoungGen: 407029K->185654K(465920K)] 1512160K->1345221K(1864192K), 0.0624930 secs] [Times: user=0.30 sys=0.00, real=0.07 secs] 
5427.183: [GC (Allocation Failure) [PSYoungGen: 418614K->187477K(465920K)] 1578181K->1403188K(1864192K), 0.0473226 secs] [Times: user=0.22 sys=0.00, real=0.04 secs] 
5428.224: [GC (Allocation Failure) [PSYoungGen: 420437K->102972K(465920K)] 1636148K->1389267K(1864192K), 0.0458579 secs] [Times: user=0.24 sys=0.00, real=0.04 secs] 
5429.833: [GC (Allocation Failure) [PSYoungGen: 335932K->170548K(465920K)] 1622227K->1489696K(1864192K), 0.0855616 secs] [Times: user=0.41 sys=0.00, real=0.08 secs] 
5429.918: [Full GC (Ergonomics) [PSYoungGen: 170548K->0K(465920K)] [ParOldGen: 1319148K->195429K(1398272K)] 1489696K->195429K(1864192K), [Metaspace: 59592K->59592K(1105920K)], 0.2445880 secs] [Times: user=1.19 sys=0.00, real=0.25 secs] 
5430.289: [GC (Allocation Failure) [PSYoungGen: 232960K->182293K(465920K)] 428389K->377722K(1864192K), 0.0325812 secs] [Times: user=0.13 sys=0.00, real=0.03 secs] 
5430.442: [GC (Allocation Failure) [PSYoungGen: 414132K->183190K(465920K)] 609561K->442156K(1864192K), 0.0434500 secs] [Times: user=0.20 sys=0.00, real=0.05 secs] 
5431.325: [GC (Allocation Failure) [PSYoungGen: 416150K->169171K(463872K)] 675116K->486440K(1862144K), 0.0549779 secs] [Times: user=0.28 sys=0.00, real=0.05 secs] 
5432.332: [GC (Allocation Failure) [PSYoungGen: 402131K->106556K(464896K)] 719400K->488593K(1863168K), 0.0948456 secs] [Times: user=0.51 sys=0.00, real=0.09 secs] 
5433.492: [GC (Allocation Failure) [PSYoungGen: 339345K->177397K(465920K)] 721382K->592815K(1864192K), 0.0528440 secs] [Times: user=0.24 sys=0.00, real=0.06 secs] 
5433.684: [GC (Allocation Failure) [PSYoungGen: 410357K->185654K(465920K)] 825775K->656784K(1864192K), 0.0430198 secs] [Times: user=0.20 sys=0.00, real=0.04 secs] 
5433.861: [GC (Allocation Failure) [PSYoungGen: 418614K->187829K(465920K)] 889744K->715095K(1864192K), 0.0638797 secs] [Times: user=0.31 sys=0.00, real=0.07 secs] 
5434.872: [GC (Allocation Failure) [PSYoungGen: 420789K->98299K(465920K)] 948055K->696398K(1864192K), 0.0464768 secs] [Times: user=0.24 sys=0.01, real=0.05 secs] 
5435.710: [GC (Allocation Failure) [PSYoungGen: 331259K->175189K(465920K)] 929358K->804916K(1864192K), 0.0821074 secs] [Times: user=0.39 sys=0.00, real=0.08 secs] 
5436.014: [GC (Allocation Failure) [PSYoungGen: 408149K->182197K(465920K)] 1037876K->866520K(1864192K), 0.0465215 secs] [Times: user=0.22 sys=0.00, real=0.04 secs] 
5436.174: [GC (Allocation Failure) [PSYoungGen: 414531K->183991K(465920K)] 1098854K->931986K(1864192K), 0.0508302 secs] [Times: user=0.23 sys=0.00, real=0.05 secs] 
5436.993: [GC (Allocation Failure) [PSYoungGen: 412455K->189587K(465920K)] 1160450K->996046K(1864192K), 0.0548540 secs] [Times: user=0.27 sys=0.01, real=0.05 secs] 
5437.803: [GC (Allocation Failure) [PSYoungGen: 422547K->105532K(465920K)] 1229006K->976615K(1864192K), 0.1020597 secs] [Times: user=0.55 sys=0.01, real=0.10 secs] 
5438.400: [GC (Allocation Failure) [PSYoungGen: 332486K->176821K(465920K)] 1203569K->1081263K(1864192K), 0.0502875 secs] [Times: user=0.23 sys=0.00, real=0.05 secs] 
5438.576: [GC (Allocation Failure) [PSYoungGen: 409781K->194006K(465920K)] 1314223K->1153600K(1864192K), 0.0442351 secs] [Times: user=0.20 sys=0.00, real=0.04 secs] 
5438.746: [GC (Allocation Failure) [PSYoungGen: 426966K->184180K(465920K)] 1386560K->1200039K(1864192K), 0.0561576 secs] [Times: user=0.27 sys=0.00, real=0.06 secs] 
5439.795: [GC (Allocation Failure) [PSYoungGen: 417140K->102524K(465920K)] 1432999K->1187767K(1864192K), 0.0453810 secs] [Times: user=0.23 sys=0.00, real=0.04 secs] 
5441.137: [GC (Allocation Failure) [PSYoungGen: 335484K->169524K(465920K)] 1420727K->1287860K(1864192K), 0.1053132 secs] [Times: user=0.54 sys=0.00, real=0.11 secs] 
5441.451: [GC (Allocation Failure) [PSYoungGen: 402484K->185590K(465920K)] 1520820K->1356761K(1864192K), 0.0477132 secs] [Times: user=0.22 sys=0.00, real=0.05 secs] 
5441.608: [GC (Allocation Failure) [PSYoungGen: 418550K->182934K(465920K)] 1589721K->1418698K(1864192K), 0.0518708 secs] [Times: user=0.25 sys=0.00, real=0.05 secs] 
5442.577: [GC (Allocation Failure) [PSYoungGen: 413155K->210035K(465920K)] 1648919K->1503695K(1864192K), 0.0580750 secs] [Times: user=0.29 sys=0.00, real=0.06 secs] 
5443.475: [GC (Allocation Failure) [PSYoungGen: 442995K->101868K(465920K)] 1736655K->1461527K(1864192K), 0.1084327 secs] [Times: user=0.59 sys=0.00, real=0.11 secs] 
5443.584: [Full GC (Ergonomics) [PSYoungGen: 101868K->0K(465920K)] [ParOldGen: 1359659K->120054K(1398272K)] 1461527K->120054K(1864192K), [Metaspace: 59592K->59592K(1105920K)], 0.1806285 secs] [Times: user=0.81 sys=0.00, real=0.18 secs] 
5444.272: [GC (Allocation Failure) [PSYoungGen: 232960K->180501K(465920K)] 353014K->300556K(1864192K), 0.0332288 secs] [Times: user=0.12 sys=0.00, real=0.04 secs] 
5444.435: [GC (Allocation Failure) [PSYoungGen: 413461K->185014K(465920K)] 533516K->361621K(1864192K), 0.0413522 secs] [Times: user=0.19 sys=0.00, real=0.04 secs] 
5444.611: [GC (Allocation Failure) [PSYoungGen: 417974K->187797K(465920K)] 594581K->420412K(1864192K), 0.0594553 secs] [Times: user=0.29 sys=0.00, real=0.06 secs] 
5445.656: [GC (Allocation Failure) [PSYoungGen: 420757K->99996K(465920K)] 653372K->403523K(1864192K), 0.0436155 secs] [Times: user=0.23 sys=0.01, real=0.04 secs] 
5447.074: [GC (Allocation Failure) [PSYoungGen: 332956K->168276K(465920K)] 636483K->503760K(1864192K), 0.1017122 secs] [Times: user=0.51 sys=0.00, real=0.10 secs] 
5447.378: [GC (Allocation Failure) [PSYoungGen: 401236K->182197K(465920K)] 736720K->570189K(1864192K), 0.0424390 secs] [Times: user=0.19 sys=0.00, real=0.04 secs] 
5447.531: [GC (Allocation Failure) [PSYoungGen: 415157K->186135K(465920K)] 803149K->637543K(1864192K), 0.0489556 secs] [Times: user=0.22 sys=0.00, real=0.05 secs] 
5448.396: [GC (Allocation Failure) [PSYoungGen: 419095K->174131K(465920K)] 870503K->684667K(1864192K), 0.0582844 secs] [Times: user=0.29 sys=0.00, real=0.06 secs] 
5449.187: [GC (Allocation Failure) [PSYoungGen: 407091K->108301K(465920K)] 917627K->685245K(1864192K), 0.1132116 secs] [Times: user=0.62 sys=0.01, real=0.11 secs] 
5450.515: [GC (Allocation Failure) [PSYoungGen: 340776K->174933K(465920K)] 917720K->785786K(1864192K), 0.0531682 secs] [Times: user=0.24 sys=0.00, real=0.05 secs] 
5450.706: [GC (Allocation Failure) [PSYoungGen: 407893K->185750K(465920K)] 1018746K->851591K(1864192K), 0.0440553 secs] [Times: user=0.20 sys=0.00, real=0.04 secs] 
5450.859: [GC (Allocation Failure) [PSYoungGen: 418710K->187605K(465920K)] 1084551K->909798K(1864192K), 0.0463473 secs] [Times: user=0.22 sys=0.00, real=0.05 secs] 
5451.932: [GC (Allocation Failure) [PSYoungGen: 420565K->101452K(465920K)] 1142758K->894269K(1864192K), 0.0452875 secs] [Times: user=0.23 sys=0.00, real=0.05 secs] 
5452.885: [GC (Allocation Failure) [PSYoungGen: 334412K->172308K(465920K)] 1127229K->997690K(1864192K), 0.0863632 secs] [Times: user=0.42 sys=0.00, real=0.08 secs] 
5453.175: [GC (Allocation Failure) [PSYoungGen: 405268K->182517K(465920K)] 1230650K->1061803K(1864192K), 0.0507665 secs] [Times: user=0.24 sys=0.00, real=0.05 secs] 
5453.336: [GC (Allocation Failure) [PSYoungGen: 414461K->184407K(465920K)] 1293747K->1127524K(1864192K), 0.0503701 secs] [Times: user=0.23 sys=0.00, real=0.05 secs] 
5454.239: [GC (Allocation Failure) [PSYoungGen: 417367K->169523K(465920K)] 1360484K->1171281K(1864192K), 0.0552589 secs] [Times: user=0.28 sys=0.00, real=0.06 secs] 
5454.737: [GC (GCLocker Initiated GC) [PSYoungGen: 402483K->110637K(465920K)] 1404241K->1177375K(1864192K), 0.0767321 secs] [Times: user=0.40 sys=0.00, real=0.08 secs] 
5455.291: [GC (Allocation Failure) [PSYoungGen: 343597K->180053K(465920K)] 1410502K->1282143K(1864192K), 0.0539019 secs] [Times: user=0.25 sys=0.00, real=0.06 secs] 
5455.473: [GC (Allocation Failure) [PSYoungGen: 413013K->178774K(465920K)] 1515103K->1343763K(1864192K), 0.0495665 secs] [Times: user=0.23 sys=0.00, real=0.05 secs] 
5455.651: [GC (Allocation Failure) [PSYoungGen: 411734K->187573K(465920K)] 1576723K->1409963K(1864192K), 0.0623473 secs] [Times: user=0.32 sys=0.00, real=0.07 secs] 
5456.717: [GC (Allocation Failure) [PSYoungGen: 420533K->102140K(465920K)] 1642923K->1395274K(1864192K), 0.0470345 secs] [Times: user=0.25 sys=0.00, real=0.05 secs] 
5458.018: [GC (Allocation Failure) [PSYoungGen: 335100K->174869K(465920K)] 1628234K->1500651K(1864192K), 0.0787825 secs] [Times: user=0.37 sys=0.01, real=0.08 secs] 
5458.097: [Full GC (Ergonomics) [PSYoungGen: 174869K->0K(465920K)] [ParOldGen: 1325782K->200559K(1398272K)] 1500651K->200559K(1864192K), [Metaspace: 59592K->59592K(1105920K)], 0.2455362 secs] [Times: user=1.18 sys=0.00, real=0.24 secs] 
5458.459: [GC (Allocation Failure) [PSYoungGen: 232960K->182101K(465920K)] 433519K->382661K(1864192K), 0.0320459 secs] [Times: user=0.13 sys=0.00, real=0.03 secs] 
5458.598: [GC (Allocation Failure) [PSYoungGen: 405437K->177814K(465920K)] 605997K->442022K(1864192K), 0.0426529 secs] [Times: user=0.19 sys=0.00, real=0.04 secs] 
5459.504: [GC (Allocation Failure) [PSYoungGen: 410774K->168306K(401408K)] 674982K->488947K(1799680K), 0.0565409 secs] [Times: user=0.29 sys=0.00, real=0.05 secs] 
5460.333: [GC (Allocation Failure) [PSYoungGen: 401266K->110269K(459776K)] 721907K->495453K(1858048K), 0.1054243 secs] [Times: user=0.56 sys=0.00, real=0.10 secs] 
5460.870: [GC (Allocation Failure) [PSYoungGen: 333119K->173205K(462848K)] 718303K->593306K(1861120K), 0.0463473 secs] [Times: user=0.21 sys=0.00, real=0.05 secs] 
5461.032: [GC (Allocation Failure) [PSYoungGen: 403093K->183477K(464896K)] 823194K->657406K(1863168K), 0.0424028 secs] [Times: user=0.20 sys=0.00, real=0.05 secs] 
5461.178: [GC (Allocation Failure) [PSYoungGen: 417973K->184949K(419840K)] 891902K->714334K(1818112K), 0.0450708 secs] [Times: user=0.21 sys=0.00, real=0.05 secs] 
5462.171: [GC (Allocation Failure) [PSYoungGen: 419445K->103148K(465920K)] 948830K->702301K(1864192K), 0.0441962 secs] [Times: user=0.23 sys=0.00, real=0.05 secs] 
5463.257: [GC (Allocation Failure) [PSYoungGen: 336108K->170804K(465920K)] 935261K->803246K(1864192K), 0.0644333 secs] [Times: user=0.31 sys=0.00, real=0.06 secs] 
5463.504: [GC (Allocation Failure) [PSYoungGen: 403764K->182517K(465920K)] 1036206K->868563K(1864192K), 0.0541723 secs] [Times: user=0.25 sys=0.00, real=0.05 secs] 
5463.674: [GC (Allocation Failure) [PSYoungGen: 415477K->186167K(465920K)] 1101523K->935957K(1864192K), 0.0500763 secs] [Times: user=0.23 sys=0.00, real=0.05 secs] 
5464.591: [GC (Allocation Failure) [PSYoungGen: 419127K->171731K(461824K)] 1168917K->980657K(1860096K), 0.0558478 secs] [Times: user=0.28 sys=0.00, real=0.06 secs] 
5465.051: [GC (Allocation Failure) [PSYoungGen: 404691K->111309K(463872K)] 1213617K->985751K(1862144K), 0.0571544 secs] [Times: user=0.30 sys=0.00, real=0.06 secs] 
5465.795: [GC (Allocation Failure) [PSYoungGen: 337477K->171668K(465920K)] 1211919K->1081059K(1864192K), 0.0542530 secs] [Times: user=0.25 sys=0.01, real=0.05 secs] 
5465.984: [GC (Allocation Failure) [PSYoungGen: 406676K->183893K(465920K)] 1316067K->1146824K(1864192K), 0.0448361 secs] [Times: user=0.20 sys=0.00, real=0.04 secs] 
5466.138: [GC (Allocation Failure) [PSYoungGen: 418901K->189429K(464896K)] 1381832K->1208184K(1863168K), 0.0477170 secs] [Times: user=0.23 sys=0.00, real=0.05 secs] 
5467.233: [GC (Allocation Failure) [PSYoungGen: 422389K->101676K(465920K)] 1441144K->1191735K(1864192K), 0.0476953 secs] [Times: user=0.25 sys=0.00, real=0.04 secs] 
5467.943: [GC (Allocation Failure) [PSYoungGen: 334636K->175893K(465920K)] 1424695K->1298737K(1864192K), 0.0821664 secs] [Times: user=0.40 sys=0.00, real=0.08 secs] 
5468.211: [GC (Allocation Failure) [PSYoungGen: 408853K->182517K(465920K)] 1531697K->1360265K(1864192K), 0.0605095 secs] [Times: user=0.29 sys=0.00, real=0.06 secs] 
5468.427: [GC (Allocation Failure) [PSYoungGen: 411455K->179990K(465920K)] 1589203K->1421626K(1864192K), 0.0690136 secs] [Times: user=0.35 sys=0.00, real=0.07 secs] 
5469.391: [GC (Allocation Failure) [PSYoungGen: 412950K->168819K(401920K)] 1654586K->1467783K(1800192K), 0.0567448 secs] [Times: user=0.28 sys=0.00, real=0.06 secs] 
5470.161: [GC (Allocation Failure) [PSYoungGen: 401779K->110109K(460800K)] 1700743K->1473745K(1859072K), 0.1015908 secs] [Times: user=0.55 sys=0.00, real=0.11 secs] 
5470.263: [Full GC (Ergonomics) [PSYoungGen: 110109K->0K(460800K)] [ParOldGen: 1363636K->126754K(1398272K)] 1473745K->126754K(1859072K), [Metaspace: 59592K->59576K(1105920K)], 0.1943335 secs] [Times: user=0.84 sys=0.00, real=0.19 secs] 
5471.127: [GC (Allocation Failure) [PSYoungGen: 230400K->174005K(463360K)] 357154K->300759K(1861632K), 0.0322359 secs] [Times: user=0.12 sys=0.00, real=0.03 secs] 
5471.291: [GC (Allocation Failure) [PSYoungGen: 404405K->183637K(465408K)] 531159K->365064K(1863680K), 0.0411711 secs] [Times: user=0.19 sys=0.00, real=0.04 secs] 
5471.464: [GC (Allocation Failure) [PSYoungGen: 417621K->188085K(422400K)] 599048K->425168K(1820672K), 0.0628089 secs] [Times: user=0.31 sys=0.00, real=0.06 secs] 
5472.530: [GC (Allocation Failure) [PSYoungGen: 422069K->104012K(465920K)] 659152K->411935K(1864192K), 0.0468841 secs] [Times: user=0.24 sys=0.00, real=0.05 secs] 
5473.645: [GC (Allocation Failure) [PSYoungGen: 336972K->170676K(465920K)] 644895K->511852K(1864192K), 0.0900045 secs] [Times: user=0.44 sys=0.00, real=0.09 secs] 
5473.915: [GC (Allocation Failure) [PSYoungGen: 403636K->179765K(465920K)] 744812K->574421K(1864192K), 0.0414116 secs] [Times: user=0.19 sys=0.00, real=0.04 secs] 
5474.070: [GC (Allocation Failure) [PSYoungGen: 412725K->186039K(465920K)] 807381K->643751K(1864192K), 0.0486912 secs] [Times: user=0.23 sys=0.00, real=0.05 secs] 
5474.968: [GC (Allocation Failure) [PSYoungGen: 418999K->170899K(461824K)] 876711K->687867K(1860096K), 0.0571518 secs] [Times: user=0.29 sys=0.00, real=0.06 secs] 
5475.508: [GC (Allocation Failure) [PSYoungGen: 403859K->114109K(463872K)] 920827K->696445K(1862144K), 0.0596450 secs] [Times: user=0.30 sys=0.00, real=0.06 secs] 
5475.868: [GC (Allocation Failure) [PSYoungGen: 347069K->180085K(465920K)] 929405K->798690K(1864192K), 0.0371309 secs] [Times: user=0.16 sys=0.00, real=0.04 secs] 
5476.040: [GC (Allocation Failure) [PSYoungGen: 413045K->182102K(465920K)] 1031650K->863507K(1864192K), 0.0625249 secs] [Times: user=0.31 sys=0.00, real=0.07 secs] 
5476.239: [GC (Allocation Failure) [PSYoungGen: 415062K->187413K(465920K)] 1096467K->926978K(1864192K), 0.0799092 secs] [Times: user=0.41 sys=0.00, real=0.08 secs] 
5477.318: [GC (Allocation Failure) [PSYoungGen: 420373K->97915K(465920K)] 1159938K->908328K(1864192K), 0.0452585 secs] [Times: user=0.23 sys=0.00, real=0.05 secs] 
5478.195: [GC (Allocation Failure) [PSYoungGen: 330875K->175125K(465920K)] 1141288K->1016858K(1864192K), 0.0688003 secs] [Times: user=0.32 sys=0.00, real=0.07 secs] 
5478.441: [GC (Allocation Failure) [PSYoungGen: 408085K->185622K(465920K)] 1249818K->1082303K(1864192K), 0.0446127 secs] [Times: user=0.20 sys=0.00, real=0.05 secs] 
5478.610: [GC (Allocation Failure) [PSYoungGen: 405455K->171349K(465920K)] 1302136K->1132351K(1864192K), 0.0534315 secs] [Times: user=0.25 sys=0.00, real=0.06 secs] 
5479.523: [GC (Allocation Failure) [PSYoungGen: 404309K->212063K(465920K)] 1365311K->1227337K(1864192K), 0.0494816 secs] [Times: user=0.24 sys=0.01, real=0.04 secs] 
5480.372: [GC (Allocation Failure) [PSYoungGen: 445023K->109629K(465920K)] 1460297K->1189534K(1864192K), 0.1076885 secs] [Times: user=0.56 sys=0.00, real=0.11 secs] 
5480.835: [GC (Allocation Failure) [PSYoungGen: 342589K->179989K(465920K)] 1422494K->1294552K(1864192K), 0.0451117 secs] [Times: user=0.21 sys=0.00, real=0.04 secs] 
5481.016: [GC (Allocation Failure) [PSYoungGen: 412949K->185431K(465920K)] 1527512K->1363001K(1864192K), 0.0563785 secs] [Times: user=0.27 sys=0.00, real=0.05 secs] 
5481.190: [GC (GCLocker Initiated GC) [PSYoungGen: 418391K->184757K(465920K)] 1595962K->1421336K(1864192K), 0.0589332 secs] [Times: user=0.29 sys=0.01, real=0.06 secs] 
5482.185: [GC (GCLocker Initiated GC) [PSYoungGen: 417717K->99756K(465920K)] 1654299K->1406163K(1864192K), 0.0474341 secs] [Times: user=0.25 sys=0.00, real=0.05 secs] 
5483.434: [GC (Allocation Failure) [PSYoungGen: 332716K->171860K(465920K)] 1639289K->1510287K(1864192K), 0.0935458 secs] [Times: user=0.47 sys=0.00, real=0.09 secs] 
5483.528: [Full GC (Ergonomics) [PSYoungGen: 171860K->0K(465920K)] [ParOldGen: 1338426K->197788K(1398272K)] 1510287K->197788K(1864192K), [Metaspace: 59576K->59576K(1105920K)], 0.2687916 secs] [Times: user=1.33 sys=0.00, real=0.27 secs] 
5483.904: [GC (Allocation Failure) [PSYoungGen: 232960K->185590K(465920K)] 430748K->383379K(1864192K), 0.0334964 secs] [Times: user=0.13 sys=0.00, real=0.03 secs] 
5484.047: [GC (Allocation Failure) [PSYoungGen: 405279K->175381K(465920K)] 603068K->437618K(1864192K), 0.0430873 secs] [Times: user=0.20 sys=0.00, real=0.04 secs] 
5484.854: [GC (Allocation Failure) [PSYoungGen: 403147K->206195K(465920K)] 665383K->524192K(1864192K), 0.0525300 secs] [Times: user=0.26 sys=0.00, real=0.05 secs] 
5485.809: [GC (Allocation Failure) [PSYoungGen: 439155K->102252K(465920K)] 757152K->484949K(1864192K), 0.0902480 secs] [Times: user=0.48 sys=0.00, real=0.09 secs] 
5486.628: [GC (Allocation Failure) [PSYoungGen: 333844K->180886K(465920K)] 716541K->595731K(1864192K), 0.0491266 secs] [Times: user=0.22 sys=0.00, real=0.05 secs] 
5486.800: [GC (Allocation Failure) [PSYoungGen: 413846K->185622K(465920K)] 828691K->656880K(1864192K), 0.0430739 secs] [Times: user=0.19 sys=0.01, real=0.05 secs] 
5486.949: [GC (Allocation Failure) [PSYoungGen: 418582K->184276K(465920K)] 889840K->711774K(1864192K), 0.0454195 secs] [Times: user=0.21 sys=0.00, real=0.05 secs] 
5488.016: [GC (Allocation Failure) [PSYoungGen: 417236K->100796K(465920K)] 944734K->697926K(1864192K), 0.0439482 secs] [Times: user=0.22 sys=0.00, real=0.04 secs] 
5489.213: [GC (GCLocker Initiated GC) [PSYoungGen: 333756K->169236K(465920K)] 930886K->798515K(1864192K), 0.0789641 secs] [Times: user=0.38 sys=0.01, real=0.07 secs] 
5489.504: [GC (Allocation Failure) [PSYoungGen: 402196K->193366K(465920K)] 1031514K->875856K(1864192K), 0.0476215 secs] [Times: user=0.22 sys=0.00, real=0.04 secs] 
5489.667: [GC (Allocation Failure) [PSYoungGen: 426319K->186199K(465920K)] 1108809K->932953K(1864192K), 0.0502900 secs] [Times: user=0.23 sys=0.00, real=0.05 secs] 
5490.519: [GC (Allocation Failure) [PSYoungGen: 415053K->208755K(465920K)] 1161807K->1014605K(1864192K), 0.0565511 secs] [Times: user=0.29 sys=0.00, real=0.06 secs] 
5491.309: [GC (Allocation Failure) [PSYoungGen: 441715K->99803K(465920K)] 1247565K->971338K(1864192K), 0.0902396 secs] [Times: user=0.48 sys=0.00, real=0.09 secs] 
5492.468: [GC (Allocation Failure) [PSYoungGen: 332763K->176277K(465920K)] 1204298K->1079296K(1864192K), 0.0535689 secs] [Times: user=0.24 sys=0.01, real=0.05 secs] 
5492.662: [GC (Allocation Failure) [PSYoungGen: 409237K->185814K(465920K)] 1312256K->1143801K(1864192K), 0.0440515 secs] [Times: user=0.20 sys=0.00, real=0.05 secs] 
5492.848: [GC (Allocation Failure) [PSYoungGen: 418774K->187285K(465920K)] 1376761K->1201672K(1864192K), 0.0678249 secs] [Times: user=0.33 sys=0.00, real=0.07 secs] 
5494.231: [GC (GCLocker Initiated GC) [PSYoungGen: 420245K->102748K(465920K)] 1434633K->1187592K(1864192K), 0.1062104 secs] [Times: user=0.57 sys=0.01, real=0.11 secs] 
5494.523: [GC (Allocation Failure) [PSYoungGen: 335708K->175381K(465920K)] 1420591K->1294616K(1864192K), 0.0433351 secs] [Times: user=0.20 sys=0.00, real=0.04 secs] 
5495.502: [GC (Allocation Failure) [PSYoungGen: 408341K->178549K(465920K)] 1527576K->1352112K(1864192K), 0.0866226 secs] [Times: user=0.43 sys=0.00, real=0.09 secs] 
5495.798: [GC (Allocation Failure) [PSYoungGen: 411509K->185655K(465920K)] 1585072K->1422002K(1864192K), 0.0518159 secs] [Times: user=0.24 sys=0.00, real=0.05 secs] 
5497.293: [GC (Allocation Failure) [PSYoungGen: 418615K->173747K(465920K)] 1654962K->1469131K(1864192K), 0.0593260 secs] [Times: user=0.30 sys=0.00, real=0.05 secs] 
5498.138: [GC (GCLocker Initiated GC) [PSYoungGen: 406707K->103020K(465920K)] 1702092K->1464660K(1864192K), 0.0816177 secs] [Times: user=0.44 sys=0.00, real=0.08 secs] 
5498.219: [Full GC (Ergonomics) [PSYoungGen: 103020K->0K(465920K)] [ParOldGen: 1361640K->122059K(1398272K)] 1464660K->122059K(1864192K), [Metaspace: 59576K->59576K(1105920K)], 0.1591890 secs] [Times: user=0.68 sys=0.00, real=0.16 secs] 
5499.600: [GC (Allocation Failure) [PSYoungGen: 232960K->176918K(465920K)] 363213K->307171K(1864192K), 0.1246001 secs] [Times: user=0.67 sys=0.00, real=0.13 secs] 
5499.843: [GC (Allocation Failure) [PSYoungGen: 409878K->184567K(465920K)] 540131K->371256K(1864192K), 0.1721145 secs] [Times: user=0.97 sys=0.00, real=0.17 secs] 
5500.119: [GC (Allocation Failure) [PSYoungGen: 417527K->184308K(465920K)] 604216K->429650K(1864192K), 0.0581617 secs] [Times: user=0.28 sys=0.00, real=0.06 secs] 
5501.148: [GC (Allocation Failure) [PSYoungGen: 417268K->103996K(465920K)] 662610K->418842K(1864192K), 0.0551708 secs] [Times: user=0.29 sys=0.00, real=0.06 secs] 
5502.372: [GC (Allocation Failure) [PSYoungGen: 336956K->169172K(465920K)] 651802K->517238K(1864192K), 0.0795818 secs] [Times: user=0.38 sys=0.00, real=0.08 secs] 
5502.664: [GC (Allocation Failure) [PSYoungGen: 402132K->180757K(465920K)] 750198K->581879K(1864192K), 0.0473439 secs] [Times: user=0.21 sys=0.00, real=0.04 secs] 
5502.855: [GC (Allocation Failure) [PSYoungGen: 413717K->183670K(465920K)] 814839K->648105K(1864192K), 0.0707417 secs] [Times: user=0.35 sys=0.00, real=0.07 secs] 
5503.784: [GC (Allocation Failure) [PSYoungGen: 416630K->167986K(401408K)] 881065K->690733K(1799680K), 0.0536507 secs] [Times: user=0.27 sys=0.00, real=0.05 secs] 
5504.309: [GC (Allocation Failure) [PSYoungGen: 400946K->117438K(463872K)] 923693K->704648K(1862144K), 0.0574870 secs] [Times: user=0.29 sys=0.00, real=0.06 secs] 
5504.811: [GC (Allocation Failure) [PSYoungGen: 349374K->175668K(464896K)] 936584K->800292K(1863168K), 0.0537135 secs] [Times: user=0.25 sys=0.00, real=0.06 secs] 
5505.047: [GC (Allocation Failure) [PSYoungGen: 407604K->184503K(464896K)] 1032228K->870558K(1863168K), 0.0742701 secs] [Times: user=0.36 sys=0.00, real=0.07 secs] 
5505.287: [GC (Allocation Failure) [PSYoungGen: 417463K->180884K(465920K)] 1103518K->925427K(1864192K), 0.0800255 secs] [Times: user=0.41 sys=0.00, real=0.08 secs] 
5506.324: [GC (GCLocker Initiated GC) [PSYoungGen: 413844K->102940K(464896K)] 1158387K->915668K(1863168K), 0.0464567 secs] [Times: user=0.24 sys=0.00, real=0.04 secs] 
5506.927: [GC (Allocation Failure) [PSYoungGen: 335900K->176309K(465920K)] 1148666K->1022012K(1864192K), 0.0612778 secs] [Times: user=0.28 sys=0.00, real=0.06 secs] 
5507.133: [GC (Allocation Failure) [PSYoungGen: 409269K->182325K(465920K)] 1254972K->1083264K(1864192K), 0.0440595 secs] [Times: user=0.20 sys=0.00, real=0.04 secs] 
5507.325: [GC (Allocation Failure) [PSYoungGen: 402256K->173589K(407040K)] 1303195K->1138064K(1805312K), 0.0775471 secs] [Times: user=0.39 sys=0.01, real=0.08 secs] 
5508.189: [GC (Allocation Failure) [PSYoungGen: 401676K->205715K(462848K)] 1366152K->1225350K(1861120K), 0.0544949 secs] [Times: user=0.26 sys=0.00, real=0.06 secs] 
5508.860: [GC (Allocation Failure) [PSYoungGen: 437139K->104060K(464384K)] 1456774K->1188143K(1862656K), 0.1015030 secs] [Times: user=0.55 sys=0.00, real=0.10 secs] 
5509.591: [GC (Allocation Failure) [PSYoungGen: 332345K->178549K(465920K)] 1416428K->1295453K(1864192K), 0.0539312 secs] [Times: user=0.25 sys=0.00, real=0.06 secs] 
5509.779: [GC (Allocation Failure) [PSYoungGen: 411509K->182197K(465920K)] 1528413K->1354953K(1864192K), 0.0450357 secs] [Times: user=0.21 sys=0.00, real=0.05 secs] 
5509.965: [GC (Allocation Failure) [PSYoungGen: 415157K->187381K(465920K)] 1587913K->1415441K(1864192K), 0.0621201 secs] [Times: user=0.30 sys=0.00, real=0.06 secs] 
5511.010: [GC (Allocation Failure) [PSYoungGen: 420341K->100444K(465920K)] 1648401K->1398892K(1864192K), 0.0456137 secs] [Times: user=0.23 sys=0.01, real=0.05 secs] 
5512.446: [GC (Allocation Failure) [PSYoungGen: 333404K->172884K(465920K)] 1631852K->1503398K(1864192K), 0.0772793 secs] [Times: user=0.38 sys=0.00, real=0.08 secs] 
5512.523: [Full GC (Ergonomics) [PSYoungGen: 172884K->0K(465920K)] [ParOldGen: 1330513K->195214K(1398272K)] 1503398K->195214K(1864192K), [Metaspace: 59576K->59576K(1105920K)], 0.2250092 secs] [Times: user=1.07 sys=0.00, real=0.22 secs] 
5512.856: [GC (Allocation Failure) [PSYoungGen: 232960K->185526K(465920K)] 428174K->380741K(1864192K), 0.0329246 secs] [Times: user=0.13 sys=0.00, real=0.03 secs] 
5513.010: [GC (Allocation Failure) [PSYoungGen: 418486K->182966K(465920K)] 613701K->442581K(1864192K), 0.0436263 secs] [Times: user=0.20 sys=0.00, real=0.05 secs] 
5513.427: [GC (Allocation Failure) [PSYoungGen: 415926K->214003K(465920K)] 675541K->531618K(1864192K), 0.0530312 secs] [Times: user=0.26 sys=0.01, real=0.05 secs] 
5514.407: [GC (Allocation Failure) [PSYoungGen: 446963K->105308K(465920K)] 764578K->488923K(1864192K), 0.0601125 secs] [Times: user=0.31 sys=0.00, real=0.06 secs] 
5515.058: [GC (Allocation Failure) [PSYoungGen: 334566K->177749K(465920K)] 718181K->594885K(1864192K), 0.0468530 secs] [Times: user=0.21 sys=0.00, real=0.05 secs] 
5515.273: [GC (Allocation Failure) [PSYoungGen: 410709K->185398K(465920K)] 827845K->657994K(1864192K), 0.0580459 secs] [Times: user=0.27 sys=0.00, real=0.05 secs] 
5515.459: [GC (Allocation Failure) [PSYoungGen: 418358K->187637K(465920K)] 890954K->716481K(1864192K), 0.0459298 secs] [Times: user=0.22 sys=0.00, real=0.05 secs] 
5516.435: [GC (Allocation Failure) [PSYoungGen: 420597K->99276K(465920K)] 949441K->698784K(1864192K), 0.0446819 secs] [Times: user=0.23 sys=0.00, real=0.04 secs] 
5517.459: [GC (GCLocker Initiated GC) [PSYoungGen: 332236K->170548K(465920K)] 931745K->802227K(1864192K), 0.0910067 secs] [Times: user=0.45 sys=0.00, real=0.09 secs] 
5517.738: [GC (Allocation Failure) [PSYoungGen: 403508K->193206K(465920K)] 1035188K->878557K(1864192K), 0.0426153 secs] [Times: user=0.18 sys=0.00, real=0.04 secs] 
5517.894: [GC (Allocation Failure) [PSYoungGen: 426166K->185623K(465920K)] 1111517K->935494K(1864192K), 0.0497721 secs] [Times: user=0.23 sys=0.00, real=0.05 secs] 
5518.851: [GC (Allocation Failure) [PSYoungGen: 418583K->168979K(465920K)] 1168454K->977674K(1864192K), 0.0578921 secs] [Times: user=0.29 sys=0.00, real=0.06 secs] 
5519.601: [GC (Allocation Failure) [PSYoungGen: 401939K->110589K(465920K)] 1210634K->983756K(1864192K), 0.0995283 secs] [Times: user=0.53 sys=0.00, real=0.10 secs] 
5520.603: [GC (Allocation Failure) [PSYoungGen: 343549K->176212K(465920K)] 1216716K->1084301K(1864192K), 0.0541759 secs] [Times: user=0.25 sys=0.00, real=0.05 secs] 
5520.792: [GC (Allocation Failure) [PSYoungGen: 409172K->181974K(465920K)] 1317261K->1151795K(1864192K), 0.0500545 secs] [Times: user=0.24 sys=0.00, real=0.05 secs] 
5520.987: [GC (Allocation Failure) [PSYoungGen: 414934K->187669K(465920K)] 1384755K->1215554K(1864192K), 0.0753613 secs] [Times: user=0.40 sys=0.00, real=0.07 secs] 
5522.087: [GC (Allocation Failure) [PSYoungGen: 420629K->98043K(465920K)] 1448514K->1196592K(1864192K), 0.0505532 secs] [Times: user=0.27 sys=0.00, real=0.05 secs] 
5522.890: [GC (Allocation Failure) [PSYoungGen: 331003K->174613K(465920K)] 1429552K->1304589K(1864192K), 0.0952491 secs] [Times: user=0.45 sys=0.00, real=0.10 secs] 
5523.174: [GC (Allocation Failure) [PSYoungGen: 407573K->185686K(465920K)] 1537549K->1370627K(1864192K), 0.0442598 secs] [Times: user=0.20 sys=0.00, real=0.04 secs] 
5523.326: [GC (Allocation Failure) [PSYoungGen: 415062K->178070K(465920K)] 1600002K->1427211K(1864192K), 0.0500502 secs] [Times: user=0.24 sys=0.00, real=0.05 secs] 
5524.236: [GC (Allocation Failure) [PSYoungGen: 411030K->168691K(465920K)] 1660171K->1474327K(1864192K), 0.0551150 secs] [Times: user=0.27 sys=0.01, real=0.05 secs] 
5524.883: [GC (Allocation Failure) [PSYoungGen: 401651K->111021K(465920K)] 1707287K->1481294K(1864192K), 0.0817233 secs] [Times: user=0.44 sys=0.00, real=0.08 secs] 
5524.964: [Full GC (Ergonomics) [PSYoungGen: 111021K->0K(465920K)] [ParOldGen: 1370272K->127679K(1398272K)] 1481294K->127679K(1864192K), [Metaspace: 59576K->59576K(1105920K)], 0.1705278 secs] [Times: user=0.74 sys=0.00, real=0.17 secs] 
5525.998: [GC (Allocation Failure) [PSYoungGen: 228825K->172948K(465920K)] 356504K->300628K(1864192K), 0.0301289 secs] [Times: user=0.11 sys=0.00, real=0.03 secs] 
5526.222: [GC (Allocation Failure) [PSYoungGen: 405908K->185462K(465920K)] 533588K->367405K(1864192K), 0.0583165 secs] [Times: user=0.28 sys=0.00, real=0.05 secs] 
5526.443: [GC (Allocation Failure) [PSYoungGen: 418422K->187605K(465920K)] 600365K->425637K(1864192K), 0.0654566 secs] [Times: user=0.32 sys=0.00, real=0.06 secs] 
5527.438: [GC (Allocation Failure) [PSYoungGen: 420565K->98475K(465920K)] 658597K->407379K(1864192K), 0.0430012 secs] [Times: user=0.22 sys=0.00, real=0.04 secs] 
5529.523: [GC (Allocation Failure) [PSYoungGen: 331435K->170356K(465920K)] 640339K->510405K(1864192K), 0.0915651 secs] [Times: user=0.45 sys=0.00, real=0.09 secs] 
5529.803: [GC (Allocation Failure) [PSYoungGen: 403316K->182517K(465920K)] 743365K->575866K(1864192K), 0.0420297 secs] [Times: user=0.18 sys=0.00, real=0.04 secs] 
5529.963: [GC (Allocation Failure) [PSYoungGen: 415477K->186007K(465920K)] 808826K->642972K(1864192K), 0.0495133 secs] [Times: user=0.23 sys=0.00, real=0.04 secs] 
5530.823: [GC (Allocation Failure) [PSYoungGen: 418967K->209171K(465920K)] 875932K->725088K(1864192K), 0.0546268 secs] [Times: user=0.27 sys=0.00, real=0.05 secs] 
5531.601: [GC (Allocation Failure) [PSYoungGen: 442131K->102924K(465920K)] 958048K->684561K(1864192K), 0.0691007 secs] [Times: user=0.36 sys=0.01, real=0.07 secs] 
5532.017: [GC (Allocation Failure) [PSYoungGen: 335819K->180470K(465920K)] 917455K->794687K(1864192K), 0.0416083 secs] [Times: user=0.19 sys=0.00, real=0.04 secs] 
5532.192: [GC (Allocation Failure) [PSYoungGen: 413430K->185686K(465920K)] 1027647K->855891K(1864192K), 0.0488671 secs] [Times: user=0.23 sys=0.00, real=0.05 secs] 
5532.363: [GC (Allocation Failure) [PSYoungGen: 418646K->183668K(465920K)] 1088851K->909978K(1864192K), 0.0454203 secs] [Times: user=0.21 sys=0.01, real=0.04 secs] 
5533.368: [GC (Allocation Failure) [PSYoungGen: 416628K->101020K(465920K)] 1142938K->896650K(1864192K), 0.0440738 secs] [Times: user=0.23 sys=0.00, real=0.04 secs] 
5534.591: [GC (Allocation Failure) [PSYoungGen: 333904K->173397K(465920K)] 1129534K->1001483K(1864192K), 0.0829304 secs] [Times: user=0.39 sys=0.00, real=0.09 secs] 
5534.875: [GC (Allocation Failure) [PSYoungGen: 406357K->181941K(465920K)] 1234443K->1064168K(1864192K), 0.0456642 secs] [Times: user=0.21 sys=0.00, real=0.04 secs] 
5535.057: [GC (Allocation Failure) [PSYoungGen: 414901K->185879K(465920K)] 1297128K->1131889K(1864192K), 0.0647663 secs] [Times: user=0.32 sys=0.00, real=0.06 secs] 
5535.975: [GC (Allocation Failure) [PSYoungGen: 418839K->171251K(465920K)] 1364849K->1176262K(1864192K), 0.0590854 secs] [Times: user=0.29 sys=0.00, real=0.06 secs] 
5536.822: [GC (Allocation Failure) [PSYoungGen: 404211K->106988K(465920K)] 1409222K->1177527K(1864192K), 0.0645683 secs] [Times: user=0.34 sys=0.00, real=0.07 secs] 
5537.624: [GC (Allocation Failure) [PSYoungGen: 336934K->176053K(465920K)] 1407473K->1280509K(1864192K), 0.0476144 secs] [Times: user=0.21 sys=0.01, real=0.04 secs] 
5537.829: [GC (Allocation Failure) [PSYoungGen: 409013K->185270K(465920K)] 1513469K->1344465K(1864192K), 0.0610248 secs] [Times: user=0.29 sys=0.01, real=0.06 secs] 
5538.065: [GC (Allocation Failure) [PSYoungGen: 418230K->187541K(465920K)] 1577425K->1402769K(1864192K), 0.0625311 secs] [Times: user=0.31 sys=0.00, real=0.06 secs] 
5539.063: [GC (Allocation Failure) [PSYoungGen: 420501K->99164K(465920K)] 1635729K->1385207K(1864192K), 0.0449835 secs] [Times: user=0.23 sys=0.00, real=0.04 secs] 
5540.199: [GC (Allocation Failure) [PSYoungGen: 332124K->171668K(465920K)] 1618167K->1489421K(1864192K), 0.0941140 secs] [Times: user=0.47 sys=0.01, real=0.10 secs] 
5540.293: [Full GC (Ergonomics) [PSYoungGen: 171668K->0K(465920K)] [ParOldGen: 1317752K->195025K(1398272K)] 1489421K->195025K(1864192K), [Metaspace: 59576K->59576K(1105920K)], 0.2559778 secs] [Times: user=1.24 sys=0.00, real=0.25 secs] 
5540.658: [GC (Allocation Failure) [PSYoungGen: 232960K->185078K(465920K)] 427985K->380103K(1864192K), 0.0331234 secs] [Times: user=0.13 sys=0.00, real=0.03 secs] 
5540.816: [GC (Allocation Failure) [PSYoungGen: 418038K->184951K(465920K)] 613063K->444312K(1864192K), 0.0438017 secs] [Times: user=0.20 sys=0.00, real=0.04 secs] 
5541.601: [GC (Allocation Failure) [PSYoungGen: 413100K->206803K(465920K)] 672461K->524964K(1864192K), 0.0545632 secs] [Times: user=0.28 sys=0.00, real=0.06 secs] 
5542.280: [GC (GCLocker Initiated GC) [PSYoungGen: 439763K->102300K(465920K)] 757925K->485662K(1864192K), 0.0838569 secs] [Times: user=0.45 sys=0.00, real=0.09 secs] 
5543.488: [GC (Allocation Failure) [PSYoungGen: 335260K->176821K(465920K)] 726818K->600361K(1864192K), 0.1607107 secs] [Times: user=0.90 sys=0.00, real=0.16 secs] 
5543.783: [GC (Allocation Failure) [PSYoungGen: 409781K->184535K(465920K)] 833321K->664966K(1864192K), 0.1721837 secs] [Times: user=0.96 sys=0.00, real=0.17 secs] 
5544.059: [GC (Allocation Failure) [PSYoungGen: 417495K->232916K(465920K)] 897926K->772688K(1864192K), 0.0618882 secs] [Times: user=0.30 sys=0.01, real=0.06 secs] 
5545.113: [GC (Allocation Failure) [PSYoungGen: 465876K->101500K(465920K)] 1005648K->710856K(1864192K), 0.0520452 secs] [Times: user=0.27 sys=0.00, real=0.05 secs] 
5546.360: [GC (Allocation Failure) [PSYoungGen: 334460K->170548K(465920K)] 943821K->812298K(1864192K), 0.0725477 secs] [Times: user=0.34 sys=0.00, real=0.07 secs] 
5546.594: [GC (Allocation Failure) [PSYoungGen: 403508K->182485K(465920K)] 1045258K->877686K(1864192K), 0.0431885 secs] [Times: user=0.19 sys=0.00, real=0.04 secs] 
5546.748: [GC (Allocation Failure) [PSYoungGen: 412983K->182038K(465920K)] 1108185K->940847K(1864192K), 0.0497804 secs] [Times: user=0.23 sys=0.00, real=0.05 secs] 
5547.554: [GC (Allocation Failure) [PSYoungGen: 410629K->206963K(465920K)] 1169438K->1023724K(1864192K), 0.0544203 secs] [Times: user=0.27 sys=0.00, real=0.05 secs] 
5548.261: [GC (GCLocker Initiated GC) [PSYoungGen: 439923K->104620K(465920K)] 1256684K->986333K(1864192K), 0.0611903 secs] [Times: user=0.32 sys=0.00, real=0.07 secs] 
5548.784: [GC (Allocation Failure) [PSYoungGen: 337580K->175349K(465920K)] 1227490K->1098432K(1864192K), 0.1344428 secs] [Times: user=0.74 sys=0.01, real=0.13 secs] 
5549.031: [GC (Allocation Failure) [PSYoungGen: 408309K->184887K(465920K)] 1331392K->1164273K(1864192K), 0.1735347 secs] [Times: user=0.98 sys=0.00, real=0.18 secs] 
5549.311: [GC (Allocation Failure) [PSYoungGen: 417847K->187285K(465920K)] 1397233K->1225312K(1864192K), 0.0606671 secs] [Times: user=0.30 sys=0.00, real=0.06 secs] 
5550.391: [GC (Allocation Failure) [PSYoungGen: 420245K->98107K(465920K)] 1458272K->1206654K(1864192K), 0.0479585 secs] [Times: user=0.26 sys=0.00, real=0.05 secs] 
5551.919: [GC (Allocation Failure) [PSYoungGen: 331067K->171572K(465920K)] 1439614K->1311420K(1864192K), 0.0797005 secs] [Times: user=0.38 sys=0.00, real=0.08 secs] 
5552.218: [GC (Allocation Failure) [PSYoungGen: 404532K->185654K(465920K)] 1544380K->1379009K(1864192K), 0.0524846 secs] [Times: user=0.25 sys=0.00, real=0.05 secs] 
5552.397: [GC (Allocation Failure) [PSYoungGen: 410035K->176502K(465920K)] 1603391K->1434417K(1864192K), 0.0563166 secs] [Times: user=0.27 sys=0.00, real=0.06 secs] 
5553.337: [GC (Allocation Failure) [PSYoungGen: 409462K->169011K(465920K)] 1667377K->1483022K(1864192K), 0.0559652 secs] [Times: user=0.28 sys=0.00, real=0.06 secs] 
5553.393: [Full GC (Ergonomics) [PSYoungGen: 169011K->0K(465920K)] [ParOldGen: 1314011K->357506K(1398272K)] 1483022K->357506K(1864192K), [Metaspace: 59576K->59576K(1105920K)], 0.5904236 secs] [Times: user=2.54 sys=0.00, real=0.59 secs] 
5555.003: [GC (Allocation Failure) [PSYoungGen: 232960K->105100K(465920K)] 590466K->462606K(1864192K), 0.0355576 secs] [Times: user=0.13 sys=0.01, real=0.03 secs] 
5555.949: [GC (Allocation Failure) [PSYoungGen: 337452K->177461K(465920K)] 694958K->568704K(1864192K), 0.0505925 secs] [Times: user=0.22 sys=0.00, real=0.05 secs] 
5556.130: [GC (Allocation Failure) [PSYoungGen: 410421K->182677K(465920K)] 801664K->629232K(1864192K), 0.0425520 secs] [Times: user=0.20 sys=0.00, real=0.04 secs] 
5556.316: [GC (Allocation Failure) [PSYoungGen: 415637K->187541K(465920K)] 862192K->689808K(1864192K), 0.0660292 secs] [Times: user=0.32 sys=0.00, real=0.06 secs] 
5557.334: [GC (Allocation Failure) [PSYoungGen: 420501K->100988K(465920K)] 922768K->673823K(1864192K), 0.0441771 secs] [Times: user=0.23 sys=0.00, real=0.04 secs] 
5558.184: [GC (Allocation Failure) [PSYoungGen: 333948K->174741K(465920K)] 906783K->779981K(1864192K), 0.0670621 secs] [Times: user=0.32 sys=0.00, real=0.06 secs] 
5558.444: [GC (Allocation Failure) [PSYoungGen: 407701K->185750K(465920K)] 1012941K->845858K(1864192K), 0.0581289 secs] [Times: user=0.27 sys=0.00, real=0.05 secs] 
5558.617: [GC (Allocation Failure) [PSYoungGen: 418710K->182134K(465920K)] 1078818K->906786K(1864192K), 0.0491670 secs] [Times: user=0.23 sys=0.00, real=0.05 secs] 
5559.402: [GC (Allocation Failure) [PSYoungGen: 411088K->206771K(465920K)] 1135740K->989119K(1864192K), 0.0531827 secs] [Times: user=0.26 sys=0.01, real=0.06 secs] 
5560.115: [GC (Allocation Failure) [PSYoungGen: 439731K->105436K(465920K)] 1222079K->952776K(1864192K), 0.0567410 secs] [Times: user=0.30 sys=0.00, real=0.05 secs] 
5560.612: [GC (Allocation Failure) [PSYoungGen: 332847K->177493K(465920K)] 1180187K->1059089K(1864192K), 0.0350828 secs] [Times: user=0.14 sys=0.00, real=0.04 secs] 
5560.757: [GC (Allocation Failure) [PSYoungGen: 410453K->185430K(465920K)] 1292049K->1122342K(1864192K), 0.0428272 secs] [Times: user=0.19 sys=0.00, real=0.04 secs] 
5560.906: [GC (Allocation Failure) [PSYoungGen: 418390K->187061K(465920K)] 1355302K->1180133K(1864192K), 0.0450058 secs] [Times: user=0.21 sys=0.00, real=0.04 secs] 
5561.924: [GC (GCLocker Initiated GC) [PSYoungGen: 420021K->97643K(465920K)] 1413093K->1161292K(1864192K), 0.0444021 secs] [Times: user=0.23 sys=0.00, real=0.04 secs] 
5563.040: [GC (Allocation Failure) [PSYoungGen: 330603K->169492K(465920K)] 1394419K->1264504K(1864192K), 0.0964347 secs] [Times: user=0.48 sys=0.00, real=0.10 secs] 
5563.349: [GC (Allocation Failure) [PSYoungGen: 402452K->185366K(465920K)] 1497464K->1333286K(1864192K), 0.0459962 secs] [Times: user=0.22 sys=0.00, real=0.05 secs] 
5563.527: [GC (Allocation Failure) [PSYoungGen: 418326K->186327K(465920K)] 1566246K->1398567K(1864192K), 0.0556981 secs] [Times: user=0.27 sys=0.00, real=0.05 secs] 
5564.386: [GC (Allocation Failure) [PSYoungGen: 416218K->207219K(465920K)] 1628458K->1478651K(1864192K), 0.0564620 secs] [Times: user=0.29 sys=0.00, real=0.06 secs] 
5565.387: [GC (Allocation Failure) [PSYoungGen: 440179K->101676K(465920K)] 1711611K->1438204K(1864192K), 0.1093447 secs] [Times: user=0.60 sys=0.00, real=0.11 secs] 
5565.496: [Full GC (Ergonomics) [PSYoungGen: 101676K->0K(465920K)] [ParOldGen: 1336528K->117911K(1398272K)] 1438204K->117911K(1864192K), [Metaspace: 59576K->59576K(1105920K)], 0.1875318 secs] [Times: user=0.84 sys=0.00, real=0.19 secs] 
5565.984: [GC (Allocation Failure) [PSYoungGen: 231309K->180854K(465920K)] 349221K->298765K(1864192K), 0.0249551 secs] [Times: user=0.09 sys=0.00, real=0.02 secs] 
5566.138: [GC (GCLocker Initiated GC) [PSYoungGen: 413814K->179733K(465920K)] 531725K->354001K(1864192K), 0.0459450 secs] [Times: user=0.21 sys=0.00, real=0.05 secs] 
5566.320: [GC (Allocation Failure) [PSYoungGen: 412693K->187669K(465920K)] 587127K->416679K(1864192K), 0.0443065 secs] [Times: user=0.21 sys=0.00, real=0.05 secs] 
5567.324: [GC (Allocation Failure) [PSYoungGen: 420629K->103036K(465920K)] 649639K->402647K(1864192K), 0.0443829 secs] [Times: user=0.22 sys=0.01, real=0.04 secs] 
5568.454: [GC (Allocation Failure) [PSYoungGen: 335996K->169748K(465920K)] 635607K->502467K(1864192K), 0.0960694 secs] [Times: user=0.48 sys=0.00, real=0.09 secs] 
5568.737: [GC (Allocation Failure) [PSYoungGen: 402708K->182037K(465920K)] 735427K->567873K(1864192K), 0.0416797 secs] [Times: user=0.19 sys=0.00, real=0.04 secs] 
5568.938: [GC (Allocation Failure) [PSYoungGen: 414997K->186263K(465920K)] 800833K->635650K(1864192K), 0.0709798 secs] [Times: user=0.35 sys=0.00, real=0.07 secs] 
5569.844: [GC (Allocation Failure) [PSYoungGen: 416512K->210739K(465920K)] 865899K->719195K(1864192K), 0.0550506 secs] [Times: user=0.27 sys=0.00, real=0.05 secs] 
5570.688: [GC (GCLocker Initiated GC) [PSYoungGen: 443699K->101308K(465920K)] 952155K->676075K(1864192K), 0.0428302 secs] [Times: user=0.22 sys=0.00, real=0.04 secs] 
5571.575: [GC (Allocation Failure) [PSYoungGen: 334268K->180053K(465920K)] 909202K->787173K(1864192K), 0.0561100 secs] [Times: user=0.25 sys=0.00, real=0.05 secs] 
5571.777: [GC (Allocation Failure) [PSYoungGen: 413013K->185430K(465920K)] 1020133K->848501K(1864192K), 0.0432565 secs] [Times: user=0.19 sys=0.00, real=0.04 secs] 
5571.972: [GC (Allocation Failure) [PSYoungGen: 418390K->187413K(465920K)] 1081461K->906636K(1864192K), 0.0728628 secs] [Times: user=0.31 sys=0.00, real=0.08 secs] 
5573.046: [GC (Allocation Failure) [PSYoungGen: 420373K->101836K(465920K)] 1139596K->891651K(1864192K), 0.0452741 secs] [Times: user=0.23 sys=0.00, real=0.04 secs] 
5573.978: [GC (Allocation Failure) [PSYoungGen: 334796K->171444K(465920K)] 1124611K->993976K(1864192K), 0.1084558 secs] [Times: user=0.54 sys=0.00, real=0.11 secs] 
5574.285: [GC (Allocation Failure) [PSYoungGen: 404404K->182421K(465920K)] 1226936K->1058493K(1864192K), 0.0424606 secs] [Times: user=0.19 sys=0.00, real=0.04 secs] 
5574.441: [GC (Allocation Failure) [PSYoungGen: 415381K->186327K(465920K)] 1291453K->1126167K(1864192K), 0.0494704 secs] [Times: user=0.23 sys=0.00, real=0.05 secs] 
5575.372: [GC (Allocation Failure) [PSYoungGen: 419287K->169395K(465920K)] 1359127K->1168387K(1864192K), 0.0550240 secs] [Times: user=0.28 sys=0.00, real=0.06 secs] 
5575.784: [GC (Allocation Failure) [PSYoungGen: 402355K->113069K(465920K)] 1401347K->1176965K(1864192K), 0.0413369 secs] [Times: user=0.20 sys=0.00, real=0.04 secs] 
5576.551: [GC (Allocation Failure) [PSYoungGen: 338658K->170356K(465920K)] 1402554K->1270041K(1864192K), 0.0470546 secs] [Times: user=0.21 sys=0.00, real=0.05 secs] 
5576.716: [GC (Allocation Failure) [PSYoungGen: 403316K->182709K(465920K)] 1503001K->1335474K(1864192K), 0.0440958 secs] [Times: user=0.20 sys=0.00, real=0.04 secs] 
5576.867: [GC (Allocation Failure) [PSYoungGen: 415669K->187637K(465920K)] 1568434K->1396010K(1864192K), 0.0474551 secs] [Times: user=0.22 sys=0.01, real=0.05 secs] 
5577.927: [GC (Allocation Failure) [PSYoungGen: 420597K->100956K(465920K)] 1628970K->1379857K(1864192K), 0.0462628 secs] [Times: user=0.24 sys=0.01, real=0.05 secs] 
5578.609: [GC (Allocation Failure) [PSYoungGen: 333916K->175733K(465920K)] 1612817K->1487055K(1864192K), 0.1012643 secs] [Times: user=0.50 sys=0.00, real=0.10 secs] 
5578.923: [GC (Allocation Failure) [PSYoungGen: 408693K->182069K(465920K)] 1720015K->1548499K(1864192K), 0.0450292 secs] [Times: user=0.21 sys=0.00, real=0.04 secs] 
5578.968: [Full GC (Ergonomics) [PSYoungGen: 182069K->0K(465920K)] [ParOldGen: 1366430K->259760K(1398272K)] 1548499K->259760K(1864192K), [Metaspace: 59576K->59576K(1105920K)], 0.3205340 secs] [Times: user=1.46 sys=0.00, real=0.32 secs] 
5579.400: [GC (Allocation Failure) [PSYoungGen: 232960K->185111K(465920K)] 492720K->444871K(1864192K), 0.0883415 secs] [Times: user=0.47 sys=0.00, real=0.09 secs] 
5580.244: [GC (Allocation Failure) [PSYoungGen: 413444K->205427K(465920K)] 673204K->524059K(1864192K), 0.0549347 secs] [Times: user=0.28 sys=0.01, real=0.05 secs] 
5580.787: [GC (Allocation Failure) [PSYoungGen: 438387K->105084K(465920K)] 757019K->488117K(1864192K), 0.0581643 secs] [Times: user=0.30 sys=0.01, real=0.06 secs] 
5581.608: [GC (Allocation Failure) [PSYoungGen: 337402K->177525K(465920K)] 720435K->594059K(1864192K), 0.0489444 secs] [Times: user=0.21 sys=0.00, real=0.05 secs] 
5581.823: [GC (Allocation Failure) [PSYoungGen: 410485K->183125K(465920K)] 827019K->654915K(1864192K), 0.0603939 secs] [Times: user=0.29 sys=0.00, real=0.06 secs] 
5582.002: [GC (Allocation Failure) [PSYoungGen: 416085K->184020K(465920K)] 887875K->711514K(1864192K), 0.0447704 secs] [Times: user=0.21 sys=0.00, real=0.05 secs] 
5583.050: [GC (Allocation Failure) [PSYoungGen: 416980K->103516K(465920K)] 944474K->700314K(1864192K), 0.0443685 secs] [Times: user=0.23 sys=0.01, real=0.05 secs] 
5583.766: [GC (GCLocker Initiated GC) [PSYoungGen: 336476K->172468K(465920K)] 933275K->802840K(1864192K), 0.0880149 secs] [Times: user=0.43 sys=0.00, real=0.09 secs] 
5584.016: [GC (Allocation Failure) [PSYoungGen: 405428K->193526K(465920K)] 1035930K->877847K(1864192K), 0.0428331 secs] [Times: user=0.19 sys=0.00, real=0.04 secs] 
5584.193: [GC (Allocation Failure) [PSYoungGen: 426486K->186007K(465920K)] 1110807K->934720K(1864192K), 0.0557127 secs] [Times: user=0.26 sys=0.00, real=0.05 secs] 
5585.013: [GC (Allocation Failure) [PSYoungGen: 413998K->206003K(465920K)] 1162711K->1013788K(1864192K), 0.0552261 secs] [Times: user=0.28 sys=0.00, real=0.05 secs] 
5585.455: [GC (GCLocker Initiated GC) [PSYoungGen: 438963K->100844K(465920K)] 1246748K->973205K(1864192K), 0.0654777 secs] [Times: user=0.35 sys=0.00, real=0.06 secs] 
5585.840: [GC (Allocation Failure) [PSYoungGen: 333804K->178326K(465920K)] 1214524K->1090965K(1864192K), 0.1381564 secs] [Times: user=0.76 sys=0.01, real=0.14 secs] 
5586.117: [GC (Allocation Failure) [PSYoungGen: 411286K->184535K(465920K)] 1323925K->1154210K(1864192K), 0.1649318 secs] [Times: user=0.92 sys=0.00, real=0.16 secs] 
5586.386: [GC (Allocation Failure) [PSYoungGen: 417495K->203541K(465920K)] 1387170K->1231880K(1864192K), 0.0574661 secs] [Times: user=0.28 sys=0.00, real=0.06 secs] 
5587.514: [GC (Allocation Failure) [PSYoungGen: 436501K->90795K(465920K)] 1464840K->1189726K(1864192K), 0.0453024 secs] [Times: user=0.24 sys=0.00, real=0.04 secs] 
5587.806: [GC (Allocation Failure) [PSYoungGen: 323755K->175477K(465920K)] 1422686K->1304060K(1864192K), 0.0489470 secs] [Times: user=0.22 sys=0.00, real=0.05 secs] 
5588.031: [GC (Allocation Failure) [PSYoungGen: 408437K->185526K(465920K)] 1537020K->1369133K(1864192K), 0.0582182 secs] [Times: user=0.27 sys=0.00, real=0.06 secs] 
5588.202: [GC (Allocation Failure) [PSYoungGen: 414313K->180982K(465920K)] 1597920K->1428942K(1864192K), 0.0500961 secs] [Times: user=0.24 sys=0.00, real=0.05 secs] 
5589.106: [GC (Allocation Failure) [PSYoungGen: 413942K->168563K(465920K)] 1661902K->1474194K(1864192K), 0.0578909 secs] [Times: user=0.29 sys=0.00, real=0.06 secs] 
5589.467: [GC (Allocation Failure) [PSYoungGen: 401523K->103916K(465920K)] 1707154K->1474164K(1864192K), 0.0447257 secs] [Times: user=0.23 sys=0.01, real=0.04 secs] 
5589.512: [Full GC (Ergonomics) [PSYoungGen: 103916K->0K(465920K)] [ParOldGen: 1370247K->120407K(1398272K)] 1474164K->120407K(1864192K), [Metaspace: 59576K->59576K(1105920K)], 0.1159842 secs] [Times: user=0.46 sys=0.00, real=0.12 secs] 
5590.046: [GC (Allocation Failure) [PSYoungGen: 232673K->179957K(465920K)] 353080K->300365K(1864192K), 0.0373810 secs] [Times: user=0.14 sys=0.00, real=0.04 secs] 
5590.266: [GC (Allocation Failure) [PSYoungGen: 412917K->186006K(465920K)] 533325K->362693K(1864192K), 0.0560506 secs] [Times: user=0.26 sys=0.00, real=0.05 secs] 
5590.434: [GC (Allocation Failure) [PSYoungGen: 418966K->187925K(465920K)] 595653K->421076K(1864192K), 0.0447302 secs] [Times: user=0.21 sys=0.00, real=0.04 secs] 
Heap
 PSYoungGen      total 465920K, used 3830