5.202: [GC (Allocation Failure) [PSYoungGen: 128000K->12525K(148992K)] 128000K->12605K(488960K), 0.0157955 secs] [Times: user=0.02 sys=0.00, real=0.02 secs] 
5.589: [GC (Metadata GC Threshold) [PSYoungGen: 48921K->6018K(148992K)] 49001K->6114K(488960K), 0.0045009 secs] [Times: user=0.02 sys=0.01, real=0.01 secs] 
5.593: [Full GC (Metadata GC Threshold) [PSYoungGen: 6018K->0K(148992K)] [ParOldGen: 96K->5939K(134144K)] 6114K->5939K(283136K), [Metaspace: 20455K->20455K(1067008K)], 0.0196005 secs] [Times: user=0.06 sys=0.00, real=0.02 secs] 
6.802: [GC (Allocation Failure) [PSYoungGen: 128000K->9810K(148992K)] 133939K->15758K(283136K), 0.0030217 secs] [Times: user=0.01 sys=0.00, real=0.01 secs] 
7.251: [GC (Metadata GC Threshold) [PSYoungGen: 38159K->4610K(148992K)] 44106K->10565K(283136K), 0.0024865 secs] [Times: user=0.01 sys=0.00, real=0.01 secs] 
7.253: [Full GC (Metadata GC Threshold) [PSYoungGen: 4610K->0K(148992K)] [ParOldGen: 5955K->8848K(215040K)] 10565K->8848K(364032K), [Metaspace: 33730K->33730K(1079296K)], 0.0208386 secs] [Times: user=0.06 sys=0.00, real=0.02 secs] 
8.728: [GC (Allocation Failure) [PSYoungGen: 128000K->12954K(148992K)] 136848K->21811K(364032K), 0.0038435 secs] [Times: user=0.01 sys=0.00, real=0.00 secs] 
9.302: [GC (Allocation Failure) [PSYoungGen: 137604K->14418K(188416K)] 146461K->56051K(403456K), 0.0082616 secs] [Times: user=0.03 sys=0.00, real=0.01 secs] 
9.848: [GC (Allocation Failure) [PSYoungGen: 177029K->4784K(190464K)] 218662K->111961K(405504K), 0.0101162 secs] [Times: user=0.04 sys=0.02, real=0.01 secs] 
10.677: [GC (Allocation Failure) [PSYoungGen: 162763K->4784K(285696K)] 269940K->177496K(500736K), 0.0113425 secs] [Times: user=0.05 sys=0.01, real=0.01 secs] 
10.688: [Full GC (Ergonomics) [PSYoungGen: 4784K->0K(285696K)] [ParOldGen: 172712K->159759K(501760K)] 177496K->159759K(787456K), [Metaspace: 52375K->52375K(1097728K)], 0.0897575 secs] [Times: user=0.40 sys=0.01, real=0.09 secs] 
12.809: [GC (Allocation Failure) [PSYoungGen: 267776K->1651K(285696K)] 427535K->259723K(787456K), 0.0095024 secs] [Times: user=0.05 sys=0.00, real=0.01 secs] 
14.185: [GC (Allocation Failure) [PSYoungGen: 269427K->2186K(334336K)] 527499K->260266K(836096K), 0.0026164 secs] [Times: user=0.01 sys=0.00, real=0.00 secs] 
16.477: [GC (Allocation Failure) [PSYoungGen: 326282K->2106K(342528K)] 584362K->260194K(844288K), 0.0022053 secs] [Times: user=0.01 sys=0.00, real=0.00 secs] 
19.348: [GC (Allocation Failure) [PSYoungGen: 326202K->1821K(381952K)] 584290K->259917K(883712K), 0.0030531 secs] [Times: user=0.01 sys=0.00, real=0.00 secs] 
21.714: [GC (Allocation Failure) [PSYoungGen: 374557K->17501K(390656K)] 632653K->276629K(892416K), 0.0038882 secs] [Times: user=0.01 sys=0.00, real=0.00 secs] 
23.705: [GC (Allocation Failure) [PSYoungGen: 390237K->2074K(427008K)] 649365K->261202K(928768K), 0.0022122 secs] [Times: user=0.00 sys=0.00, real=0.00 secs] 
25.745: [GC (Allocation Failure) [PSYoungGen: 416282K->2389K(434688K)] 675410K->261517K(936448K), 0.0023798 secs] [Times: user=0.00 sys=0.00, real=0.00 secs] 
27.813: [GC (Allocation Failure) [PSYoungGen: 416597K->2301K(465920K)] 675725K->261429K(967680K), 0.0030459 secs] [Times: user=0.01 sys=0.00, real=0.01 secs] 
31.727: [GC (Allocation Failure) [PSYoungGen: 452861K->18768K(470016K)] 711989K->277903K(971776K), 0.0071836 secs] [Times: user=0.03 sys=0.01, real=0.01 secs] 
35.025: [GC (Allocation Failure) [PSYoungGen: 469328K->3360K(489984K)] 728463K->262495K(991744K), 0.0027024 secs] [Times: user=0.01 sys=0.00, real=0.00 secs] 
37.794: [GC (Allocation Failure) [PSYoungGen: 475424K->2301K(494080K)] 734559K->261445K(995840K), 0.0021104 secs] [Times: user=0.01 sys=0.00, real=0.00 secs] 
40.145: [GC (Allocation Failure) [PSYoungGen: 474365K->2234K(509440K)] 733509K->261378K(1011200K), 0.0026240 secs] [Times: user=0.01 sys=0.00, real=0.00 secs] 
42.587: [GC (Allocation Failure) [PSYoungGen: 492730K->2330K(510976K)] 751874K->261474K(1012736K), 0.0022163 secs] [Times: user=0.01 sys=0.00, real=0.00 secs] 
46.781: [GC (Allocation Failure) [PSYoungGen: 492826K->2330K(522240K)] 751970K->261474K(1024000K), 0.0026796 secs] [Times: user=0.01 sys=0.00, real=0.01 secs] 
49.477: [GC (Allocation Failure) [PSYoungGen: 508186K->2269K(524800K)] 767330K->261413K(1026560K), 0.0030016 secs] [Times: user=0.01 sys=0.00, real=0.00 secs] 
52.504: [GC (Allocation Failure) [PSYoungGen: 508125K->2304K(538112K)] 767269K->261525K(1039872K), 0.0034265 secs] [Times: user=0.01 sys=0.00, real=0.00 secs] 
55.189: [GC (Allocation Failure) [PSYoungGen: 523520K->2096K(538624K)] 782741K->261579K(1040384K), 0.0030310 secs] [Times: user=0.01 sys=0.00, real=0.00 secs] 
59.108: [GC (Allocation Failure) [PSYoungGen: 523312K->2096K(547328K)] 782795K->261627K(1049088K), 0.0034626 secs] [Times: user=0.01 sys=0.00, real=0.00 secs] 
62.396: [GC (Allocation Failure) [PSYoungGen: 534576K->2064K(548352K)] 794107K->261643K(1050112K), 0.0029189 secs] [Times: user=0.01 sys=0.00, real=0.00 secs] 
66.537: [GC (Allocation Failure) [PSYoungGen: 534544K->2032K(517120K)] 794123K->261627K(1018880K), 0.0040963 secs] [Times: user=0.01 sys=0.01, real=0.00 secs] 
71.064: [GC (Allocation Failure) [PSYoungGen: 517104K->2032K(500736K)] 776699K->261651K(1002496K), 0.0045661 secs] [Times: user=0.01 sys=0.00, real=0.00 secs] 
74.517: [GC (Allocation Failure) [PSYoungGen: 500720K->1920K(484864K)] 760339K->261739K(986624K), 0.0042729 secs] [Times: user=0.01 sys=0.00, real=0.00 secs] 
78.571: [GC (Allocation Failure) [PSYoungGen: 484736K->10080K(477696K)] 744555K->278131K(979456K), 0.0066035 secs] [Times: user=0.03 sys=0.00, real=0.01 secs] 
81.706: [GC (Allocation Failure) [PSYoungGen: 477536K->5984K(459264K)] 745587K->274059K(961024K), 0.0032818 secs] [Times: user=0.00 sys=0.00, real=0.00 secs] 
85.885: [GC (Allocation Failure) [PSYoungGen: 459104K->1837K(441344K)] 727179K->269944K(943104K), 0.0020082 secs] [Times: user=0.01 sys=0.00, real=0.00 secs] 
90.225: [GC (Allocation Failure) [PSYoungGen: 441133K->1725K(428032K)] 709240K->269848K(929792K), 0.0019160 secs] [Times: user=0.01 sys=0.00, real=0.00 secs] 
94.048: [GC (Allocation Failure) [PSYoungGen: 427709K->1760K(415232K)] 695832K->269931K(916992K), 0.0048568 secs] [Times: user=0.02 sys=0.00, real=0.00 secs] 
96.742: [GC (Allocation Failure) [PSYoungGen: 414944K->1920K(402944K)] 683115K->270107K(904704K), 0.0049720 secs] [Times: user=0.01 sys=0.00, real=0.01 secs] 
99.710: [GC (Allocation Failure) [PSYoungGen: 402816K->640K(390144K)] 671003K->268827K(891904K), 0.0018967 secs] [Times: user=0.01 sys=0.00, real=0.00 secs] 
102.819: [GC (Allocation Failure) [PSYoungGen: 389760K->1693K(379904K)] 657947K->269912K(881664K), 0.0017388 secs] [Times: user=0.01 sys=0.00, real=0.00 secs] 
106.040: [GC (Allocation Failure) [PSYoungGen: 379549K->1728K(369152K)] 647768K->269955K(870912K), 0.0041865 secs] [Times: user=0.01 sys=0.00, real=0.01 secs] 
108.363: [GC (Allocation Failure) [PSYoungGen: 368832K->10112K(367104K)] 637059K->278371K(868864K), 0.0026107 secs] [Times: user=0.01 sys=0.00, real=0.01 secs] 
111.729: [GC (Allocation Failure) [PSYoungGen: 366976K->1709K(349184K)] 635235K->269976K(850944K), 0.0017254 secs] [Times: user=0.01 sys=0.00, real=0.00 secs] 
115.093: [GC (Allocation Failure) [PSYoungGen: 348845K->1664K(339968K)] 617112K->269979K(841728K), 0.0034244 secs] [Times: user=0.01 sys=0.00, real=0.01 secs] 
117.411: [GC (Allocation Failure) [PSYoungGen: 339584K->5984K(334848K)] 607899K->274347K(836608K), 0.0026045 secs] [Times: user=0.01 sys=0.01, real=0.01 secs] 
119.815: [GC (Allocation Failure) [PSYoungGen: 334688K->1549K(322048K)] 603051K->269920K(823808K), 0.0017454 secs] [Times: user=0.00 sys=0.00, real=0.00 secs] 
121.739: [GC (Allocation Failure) [PSYoungGen: 321549K->1728K(313856K)] 589920K->270099K(815616K), 0.0026253 secs] [Times: user=0.01 sys=0.00, real=0.00 secs] 
123.372: [GC (Allocation Failure) [PSYoungGen: 313536K->1693K(305664K)] 581907K->270080K(807424K), 0.0020345 secs] [Times: user=0.01 sys=0.00, real=0.01 secs] 
126.341: [GC (Allocation Failure) [PSYoungGen: 305309K->1616K(297984K)] 573696K->270003K(799744K), 0.0049646 secs] [Times: user=0.01 sys=0.01, real=0.01 secs] 
128.508: [GC (Allocation Failure) [PSYoungGen: 297552K->1885K(290816K)] 565939K->270280K(792576K), 0.0021947 secs] [Times: user=0.00 sys=0.00, real=0.00 secs] 
131.770: [GC (Allocation Failure) [PSYoungGen: 290653K->1520K(283136K)] 559048K->269931K(784896K), 0.0035652 secs] [Times: user=0.01 sys=0.01, real=0.01 secs] 
133.854: [GC (Allocation Failure) [PSYoungGen: 283120K->1949K(276992K)] 551531K->270376K(778752K), 0.0020372 secs] [Times: user=0.01 sys=0.00, real=0.00 secs] 
135.113: [GC (Allocation Failure) [PSYoungGen: 276893K->1440K(269824K)] 545320K->269899K(771584K), 0.0022010 secs] [Times: user=0.01 sys=0.00, real=0.00 secs] 
136.663: [GC (Allocation Failure) [PSYoungGen: 269728K->608K(263168K)] 538187K->269067K(764928K), 0.0020418 secs] [Times: user=0.00 sys=0.00, real=0.01 secs] 
137.792: [GC (Allocation Failure) [PSYoungGen: 262752K->1408K(263680K)] 531211K->269891K(765440K), 0.0018808 secs] [Times: user=0.01 sys=0.00, real=0.01 secs] 
139.346: [GC (Allocation Failure) [PSYoungGen: 257408K->1920K(251904K)] 525891K->270411K(753664K), 0.0020345 secs] [Times: user=0.01 sys=0.00, real=0.00 secs] 
141.061: [GC (Allocation Failure) [PSYoungGen: 251776K->1424K(245760K)] 520267K->269915K(747520K), 0.0022177 secs] [Times: user=0.01 sys=0.00, real=0.00 secs] 
142.481: [GC (Allocation Failure) [PSYoungGen: 245648K->1757K(240640K)] 514139K->270248K(742400K), 0.0020281 secs] [Times: user=0.01 sys=0.00, real=0.00 secs] 
144.976: [GC (Allocation Failure) [PSYoungGen: 240349K->1568K(235520K)] 508840K->270075K(737280K), 0.0023822 secs] [Times: user=0.01 sys=0.00, real=0.00 secs] 
146.177: [GC (Allocation Failure) [PSYoungGen: 235040K->1725K(230400K)] 503547K->270240K(732160K), 0.0018396 secs] [Times: user=0.01 sys=0.00, real=0.00 secs] 
147.591: [GC (Allocation Failure) [PSYoungGen: 230077K->1664K(225280K)] 498592K->286571K(727040K), 0.0065315 secs] [Times: user=0.02 sys=0.00, real=0.01 secs] 
148.632: [GC (Allocation Failure) [PSYoungGen: 224896K->1533K(220160K)] 509803K->286448K(721920K), 0.0016564 secs] [Times: user=0.01 sys=0.00, real=0.01 secs] 
149.916: [GC (Allocation Failure) [PSYoungGen: 220157K->576K(215040K)] 505072K->285499K(716800K), 0.0020371 secs] [Times: user=0.01 sys=0.00, real=0.00 secs] 
151.304: [GC (Allocation Failure) [PSYoungGen: 214592K->1408K(210944K)] 499515K->286339K(712704K), 0.0022885 secs] [Times: user=0.01 sys=0.00, real=0.00 secs] 
152.713: [GC (Allocation Failure) [PSYoungGen: 210816K->1757K(207360K)] 495747K->286712K(709120K), 0.0018896 secs] [Times: user=0.00 sys=0.00, real=0.01 secs] 
154.443: [GC (Allocation Failure) [PSYoungGen: 207069K->1616K(203264K)] 492024K->286587K(705024K), 0.0025309 secs] [Times: user=0.01 sys=0.01, real=0.01 secs] 
155.809: [GC (Allocation Failure) [PSYoungGen: 202832K->1533K(198656K)] 487803K->286512K(700416K), 0.0019032 secs] [Times: user=0.01 sys=0.00, real=0.00 secs] 
156.968: [GC (Allocation Failure) [PSYoungGen: 198653K->1821K(195072K)] 483632K->286808K(696832K), 0.0020763 secs] [Times: user=0.01 sys=0.00, real=0.00 secs] 
158.544: [GC (Allocation Failure) [PSYoungGen: 194845K->1456K(190976K)] 479832K->286443K(692736K), 0.0025997 secs] [Times: user=0.01 sys=0.00, real=0.00 secs] 
159.509: [GC (Allocation Failure) [PSYoungGen: 190896K->1597K(187904K)] 475883K->286608K(689664K), 0.0016373 secs] [Times: user=0.01 sys=0.00, real=0.00 secs] 
160.600: [GC (Allocation Failure) [PSYoungGen: 187453K->416K(182784K)] 472464K->285435K(684544K), 0.0020448 secs] [Times: user=0.01 sys=0.00, real=0.00 secs] 
162.013: [GC (Allocation Failure) [PSYoungGen: 182688K->1376K(180224K)] 467707K->286403K(681984K), 0.0022298 secs] [Times: user=0.00 sys=0.00, real=0.01 secs] 
163.498: [GC (Allocation Failure) [PSYoungGen: 180064K->1581K(177664K)] 465091K->286616K(679424K), 0.0017253 secs] [Times: user=0.00 sys=0.00, real=0.00 secs] 
164.569: [GC (Allocation Failure) [PSYoungGen: 177197K->2016K(174592K)] 462232K->287075K(676352K), 0.0021084 secs] [Times: user=0.00 sys=0.00, real=0.00 secs] 
165.460: [GC (Allocation Failure) [PSYoungGen: 174560K->1376K(171008K)] 459619K->286443K(672768K), 0.0019878 secs] [Times: user=0.01 sys=0.00, real=0.00 secs] 
166.544: [GC (Allocation Failure) [PSYoungGen: 170848K->1549K(168448K)] 455915K->286616K(670208K), 0.0016931 secs] [Times: user=0.01 sys=0.00, real=0.00 secs] 
167.513: [GC (Allocation Failure) [PSYoungGen: 167949K->1757K(165376K)] 453016K->286832K(667136K), 0.0019936 secs] [Times: user=0.01 sys=0.00, real=0.01 secs] 
168.203: [GC (Allocation Failure) [PSYoungGen: 165085K->1472K(162304K)] 450160K->286555K(664064K), 0.0016986 secs] [Times: user=0.01 sys=0.00, real=0.01 secs] 
169.338: [GC (Allocation Failure) [PSYoungGen: 162240K->1469K(159744K)] 447323K->286552K(661504K), 0.0015995 secs] [Times: user=0.01 sys=0.00, real=0.00 secs] 
170.274: [GC (Allocation Failure) [PSYoungGen: 159677K->1725K(157696K)] 444760K->286808K(659456K), 0.0020001 secs] [Times: user=0.01 sys=0.00, real=0.00 secs] 
171.616: [GC (Allocation Failure) [PSYoungGen: 157373K->1536K(155136K)] 442456K->286635K(656896K), 0.0026110 secs] [Times: user=0.01 sys=0.00, real=0.00 secs] 
172.302: [GC (Allocation Failure) [PSYoungGen: 154624K->1408K(152064K)] 439723K->286523K(653824K), 0.0020844 secs] [Times: user=0.01 sys=0.00, real=0.01 secs] 
173.153: [GC (Allocation Failure) [PSYoungGen: 151936K->1677K(150016K)] 437051K->286792K(651776K), 0.0017643 secs] [Times: user=0.01 sys=0.00, real=0.01 secs] 
174.053: [GC (Allocation Failure) [PSYoungGen: 149645K->2032K(147456K)] 434760K->287795K(649216K), 0.0022057 secs] [Times: user=0.00 sys=0.00, real=0.00 secs] 
174.768: [GC (Allocation Failure) [PSYoungGen: 147440K->1440K(144896K)] 433203K->287203K(646656K), 0.0021327 secs] [Times: user=0.01 sys=0.00, real=0.00 secs] 
175.548: [GC (Allocation Failure) [PSYoungGen: 144800K->1469K(142848K)] 430563K->287232K(644608K), 0.0015989 secs] [Times: user=0.00 sys=0.00, real=0.00 secs] 
176.376: [GC (Allocation Failure) [PSYoungGen: 142781K->1709K(141312K)] 428544K->287488K(643072K), 0.0019251 secs] [Times: user=0.01 sys=0.00, real=0.00 secs] 
178.605: [GC (Allocation Failure) [PSYoungGen: 140973K->1616K(139264K)] 426752K->295595K(641024K), 0.0059825 secs] [Times: user=0.02 sys=0.00, real=0.00 secs] 
179.809: [GC (Allocation Failure) [PSYoungGen: 138832K->1408K(136704K)] 432811K->295387K(638464K), 0.0028252 secs] [Times: user=0.01 sys=0.00, real=0.00 secs] 
180.799: [GC (Allocation Failure) [PSYoungGen: 136576K->1469K(134656K)] 430555K->295464K(636416K), 0.0014948 secs] [Times: user=0.00 sys=0.00, real=0.00 secs] 
181.579: [GC (Allocation Failure) [PSYoungGen: 134589K->1757K(133120K)] 428584K->295752K(634880K), 0.0017814 secs] [Times: user=0.00 sys=0.00, real=0.00 secs] 
182.611: [GC (Allocation Failure) [PSYoungGen: 132829K->1536K(131072K)] 426824K->295539K(632832K), 0.0024620 secs] [Times: user=0.01 sys=0.00, real=0.01 secs] 
183.538: [GC (Allocation Failure) [PSYoungGen: 130560K->1376K(128512K)] 424563K->295387K(630272K), 0.0027739 secs] [Times: user=0.01 sys=0.01, real=0.00 secs] 
184.448: [GC (Allocation Failure) [PSYoungGen: 128352K->1453K(126976K)] 422363K->295464K(628736K), 0.0015361 secs] [Times: user=0.01 sys=0.00, real=0.00 secs] 
185.241: [GC (Allocation Failure) [PSYoungGen: 126893K->1725K(125952K)] 420904K->295736K(627712K), 0.0018874 secs] [Times: user=0.01 sys=0.00, real=0.00 secs] 
185.945: [GC (Allocation Failure) [PSYoungGen: 125629K->1568K(124416K)] 419640K->299683K(626176K), 0.0024871 secs] [Times: user=0.02 sys=0.00, real=0.00 secs] 
186.455: [GC (Allocation Failure) [PSYoungGen: 123936K->1376K(122368K)] 422051K->299491K(624128K), 0.0021813 secs] [Times: user=0.01 sys=0.00, real=0.00 secs] 
187.189: [GC (Allocation Failure) [PSYoungGen: 122208K->1376K(120832K)] 420323K->299491K(622592K), 0.0034154 secs] [Times: user=0.01 sys=0.00, real=0.00 secs] 
188.012: [GC (Allocation Failure) [PSYoungGen: 120672K->1693K(119808K)] 418787K->299816K(621568K), 0.0018428 secs] [Times: user=0.00 sys=0.00, real=0.01 secs] 
188.701: [GC (Allocation Failure) [PSYoungGen: 119453K->1661K(118272K)] 417576K->299784K(620032K), 0.0017163 secs] [Times: user=0.00 sys=0.00, real=0.00 secs] 
189.718: [GC (Allocation Failure) [PSYoungGen: 117885K->1408K(116224K)] 416008K->299539K(617984K), 0.0021025 secs] [Times: user=0.01 sys=0.00, real=0.00 secs] 
190.817: [GC (Allocation Failure) [PSYoungGen: 116096K->1376K(114688K)] 414227K->299507K(616448K), 0.0021466 secs] [Times: user=0.01 sys=0.00, real=0.00 secs] 
191.763: [GC (Allocation Failure) [PSYoungGen: 114528K->1533K(113152K)] 412659K->299664K(614912K), 0.0017422 secs] [Times: user=0.01 sys=0.00, real=0.01 secs] 
192.410: [GC (Allocation Failure) [PSYoungGen: 113149K->1533K(111616K)] 411280K->299744K(613376K), 0.0017001 secs] [Times: user=0.01 sys=0.00, real=0.00 secs] 
193.400: [GC (Allocation Failure) [PSYoungGen: 111613K->1568K(110592K)] 409824K->299779K(612352K), 0.0022928 secs] [Times: user=0.01 sys=0.00, real=0.00 secs] 
194.603: [GC (Allocation Failure) [PSYoungGen: 110112K->320K(108032K)] 408323K->299555K(609792K), 0.0020828 secs] [Times: user=0.01 sys=0.00, real=0.00 secs] 
195.499: [GC (Allocation Failure) [PSYoungGen: 107840K->336K(109056K)] 407075K->299579K(610816K), 0.0020268 secs] [Times: user=0.01 sys=0.00, real=0.00 secs] 
196.491: [GC (Allocation Failure) [PSYoungGen: 106832K->1533K(107008K)] 406075K->300776K(608768K), 0.0016583 secs] [Times: user=0.01 sys=0.00, real=0.00 secs] 
197.111: [GC (Allocation Failure) [PSYoungGen: 107005K->1597K(106496K)] 406248K->300840K(608256K), 0.0016867 secs] [Times: user=0.00 sys=0.00, real=0.00 secs] 
197.807: [GC (Allocation Failure) [PSYoungGen: 106045K->1536K(105472K)] 405288K->300787K(607232K), 0.0021330 secs] [Times: user=0.00 sys=0.00, real=0.00 secs] 
198.798: [GC (Allocation Failure) [PSYoungGen: 104960K->1376K(103936K)] 404211K->300635K(605696K), 0.0024805 secs] [Times: user=0.01 sys=0.00, real=0.00 secs] 
199.633: [GC (Allocation Failure) [PSYoungGen: 103776K->1408K(102912K)] 403035K->300675K(604672K), 0.0041354 secs] [Times: user=0.02 sys=0.00, real=0.01 secs] 
200.453: [GC (Allocation Failure) [PSYoungGen: 102784K->1565K(102400K)] 402051K->300840K(604160K), 0.0016189 secs] [Times: user=0.00 sys=0.00, real=0.01 secs] 
201.046: [GC (Allocation Failure) [PSYoungGen: 101917K->1629K(101376K)] 401192K->300904K(603136K), 0.0017125 secs] [Times: user=0.00 sys=0.00, real=0.00 secs] 
201.671: [GC (Allocation Failure) [PSYoungGen: 100957K->2528K(100864K)] 400232K->301827K(602624K), 0.0021023 secs] [Times: user=0.00 sys=0.00, real=0.00 secs] 
202.525: [GC (Allocation Failure) [PSYoungGen: 100832K->352K(97792K)] 400131K->300675K(599552K), 0.0040107 secs] [Times: user=0.01 sys=0.00, real=0.00 secs] 
203.389: [GC (Allocation Failure) [PSYoungGen: 97632K->352K(96768K)] 397955K->300675K(598528K), 0.0023093 secs] [Times: user=0.01 sys=0.00, real=0.00 secs] 
204.556: [GC (Allocation Failure) [PSYoungGen: 96608K->1469K(96768K)] 396931K->301800K(598528K), 0.0022526 secs] [Times: user=0.00 sys=0.00, real=0.00 secs] 
205.112: [GC (Allocation Failure) [PSYoungGen: 96701K->1629K(96256K)] 397032K->301960K(598016K), 0.0016900 secs] [Times: user=0.01 sys=0.00, real=0.01 secs] 
205.726: [GC (Allocation Failure) [PSYoungGen: 95837K->1597K(95232K)] 396168K->301928K(596992K), 0.0016442 secs] [Times: user=0.00 sys=0.00, real=0.00 secs] 
206.751: [GC (Allocation Failure) [PSYoungGen: 94781K->1440K(93696K)] 395112K->301771K(595456K), 0.0031991 secs] [Times: user=0.01 sys=0.00, real=0.01 secs] 
207.192: [GC (Allocation Failure) [PSYoungGen: 93600K->1344K(92672K)] 393931K->301683K(594432K), 0.0022956 secs] [Times: user=0.01 sys=0.01, real=0.01 secs] 
207.571: [GC (Allocation Failure) [PSYoungGen: 92480K->1392K(91648K)] 392819K->301731K(593408K), 0.0023185 secs] [Times: user=0.01 sys=0.00, real=0.01 secs] 
208.172: [GC (Allocation Failure) [PSYoungGen: 91504K->1552K(91136K)] 391843K->301891K(592896K), 0.0016862 secs] [Times: user=0.00 sys=0.00, real=0.01 secs] 
208.689: [GC (Allocation Failure) [PSYoungGen: 90640K->1552K(90112K)] 390979K->301891K(591872K), 0.0017451 secs] [Times: user=0.01 sys=0.00, real=0.00 secs] 
209.206: [GC (Allocation Failure) [PSYoungGen: 89616K->1533K(88576K)] 389955K->301920K(590336K), 0.0016118 secs] [Times: user=0.00 sys=0.00, real=0.00 secs] 
209.776: [GC (Allocation Failure) [PSYoungGen: 88573K->1456K(87552K)] 388960K->301851K(589312K), 0.0036733 secs] [Times: user=0.02 sys=0.00, real=0.00 secs] 
210.135: [GC (Allocation Failure) [PSYoungGen: 87472K->1408K(87040K)] 387867K->301803K(588800K), 0.0019621 secs] [Times: user=0.00 sys=0.00, real=0.00 secs] 
210.491: [GC (Allocation Failure) [PSYoungGen: 86912K->1376K(86528K)] 387307K->301771K(588288K), 0.0022753 secs] [Times: user=0.00 sys=0.00, real=0.01 secs] 
210.960: [GC (Allocation Failure) [PSYoungGen: 86368K->1485K(86016K)] 386763K->301888K(587776K), 0.0014875 secs] [Times: user=0.00 sys=0.00, real=0.00 secs] 
211.462: [GC (Allocation Failure) [PSYoungGen: 85961K->1616K(86016K)] 386364K->302019K(587776K), 0.0016415 secs] [Times: user=0.01 sys=0.00, real=0.01 secs] 
211.955: [GC (Allocation Failure) [PSYoungGen: 85584K->557K(84480K)] 385987K->301984K(586240K), 0.0016834 secs] [Times: user=0.00 sys=0.00, real=0.00 secs] 
212.441: [GC (Allocation Failure) [PSYoungGen: 84013K->1472K(85504K)] 385440K->302907K(587264K), 0.0020282 secs] [Times: user=0.00 sys=0.00, real=0.01 secs] 
212.826: [GC (Allocation Failure) [PSYoungGen: 84416K->1344K(83968K)] 385851K->302803K(585728K), 0.0020227 secs] [Times: user=0.01 sys=0.00, real=0.00 secs] 
213.198: [GC (Allocation Failure) [PSYoungGen: 83776K->1376K(83456K)] 385235K->302835K(585216K), 0.0020925 secs] [Times: user=0.01 sys=0.00, real=0.00 secs] 
213.609: [GC (Allocation Failure) [PSYoungGen: 83296K->1501K(82944K)] 384755K->302960K(584704K), 0.0014834 secs] [Times: user=0.01 sys=0.00, real=0.00 secs] 
214.088: [GC (Allocation Failure) [PSYoungGen: 82909K->1629K(82944K)] 384368K->303088K(584704K), 0.0016897 secs] [Times: user=0.01 sys=0.00, real=0.00 secs] 
214.559: [GC (Allocation Failure) [PSYoungGen: 82525K->605K(81408K)] 383984K->303088K(583168K), 0.0015275 secs] [Times: user=0.00 sys=0.00, real=0.00 secs] 
215.193: [GC (Allocation Failure) [PSYoungGen: 80989K->1536K(81920K)] 383472K->304019K(583680K), 0.0022128 secs] [Times: user=0.01 sys=0.00, real=0.00 secs] 
215.944: [GC (Allocation Failure) [PSYoungGen: 81408K->1392K(80896K)] 383891K->303875K(582656K), 0.0021519 secs] [Times: user=0.01 sys=0.00, real=0.00 secs] 
216.510: [GC (Allocation Failure) [PSYoungGen: 80752K->1408K(80384K)] 383235K->303891K(582144K), 0.0023553 secs] [Times: user=0.01 sys=0.00, real=0.00 secs] 
217.074: [GC (Allocation Failure) [PSYoungGen: 80256K->1408K(79872K)] 382739K->303891K(581632K), 0.0022789 secs] [Times: user=0.01 sys=0.00, real=0.00 secs] 
217.664: [GC (Allocation Failure) [PSYoungGen: 79744K->1549K(79872K)] 382227K->304032K(581632K), 0.0016231 secs] [Times: user=0.01 sys=0.00, real=0.00 secs] 
218.123: [GC (Allocation Failure) [PSYoungGen: 79373K->573K(78336K)] 381856K->304080K(580096K), 0.0015886 secs] [Times: user=0.01 sys=0.00, real=0.00 secs] 
218.634: [GC (Allocation Failure) [PSYoungGen: 77885K->525K(77824K)] 381392K->304032K(579584K), 0.0016290 secs] [Times: user=0.01 sys=0.00, real=0.00 secs] 
219.361: [GC (Allocation Failure) [PSYoungGen: 77325K->1520K(77824K)] 380832K->305027K(579584K), 0.0029868 secs] [Times: user=0.01 sys=0.00, real=0.01 secs] 
219.988: [GC (Allocation Failure) [PSYoungGen: 77808K->1360K(77312K)] 381315K->304867K(579072K), 0.0025851 secs] [Times: user=0.01 sys=0.00, real=0.00 secs] 
220.537: [GC (Allocation Failure) [PSYoungGen: 77136K->1408K(76800K)] 380643K->304915K(578560K), 0.0021447 secs] [Times: user=0.01 sys=0.00, real=0.00 secs] 
221.142: [GC (Allocation Failure) [PSYoungGen: 76672K->1376K(76288K)] 380179K->304907K(578048K), 0.0022933 secs] [Times: user=0.01 sys=0.01, real=0.01 secs] 
221.690: [GC (Allocation Failure) [PSYoungGen: 76128K->1533K(75776K)] 379659K->305064K(577536K), 0.0016223 secs] [Times: user=0.01 sys=0.00, real=0.00 secs] 
222.122: [GC (Allocation Failure) [PSYoungGen: 75773K->1565K(75776K)] 379304K->305096K(577536K), 0.0016597 secs] [Times: user=0.00 sys=0.00, real=0.01 secs] 
222.556: [GC (Allocation Failure) [PSYoungGen: 75293K->573K(74240K)] 378824K->305128K(576000K), 0.0016680 secs] [Times: user=0.00 sys=0.00, real=0.00 secs] 
222.929: [GC (Allocation Failure) [PSYoungGen: 73789K->1472K(74240K)] 378344K->306027K(576000K), 0.0016614 secs] [Times: user=0.01 sys=0.00, real=0.00 secs] 
223.230: [GC (Allocation Failure) [PSYoungGen: 74176K->1440K(73728K)] 378731K->306019K(575488K), 0.0016332 secs] [Times: user=0.01 sys=0.00, real=0.00 secs] 
223.605: [GC (Allocation Failure) [PSYoungGen: 73632K->1344K(73216K)] 378211K->305923K(574976K), 0.0040665 secs] [Times: user=0.02 sys=0.00, real=0.00 secs] 
224.134: [GC (Allocation Failure) [PSYoungGen: 73024K->1376K(72704K)] 377603K->305955K(574464K), 0.0034805 secs] [Times: user=0.01 sys=0.00, real=0.00 secs] 
224.707: [GC (Allocation Failure) [PSYoungGen: 72544K->1501K(72192K)] 377123K->306080K(573952K), 0.0016494 secs] [Times: user=0.01 sys=0.00, real=0.00 secs] 
225.124: [GC (Allocation Failure) [PSYoungGen: 72157K->1504K(71680K)] 376736K->306107K(573440K), 0.0016232 secs] [Times: user=0.01 sys=0.00, real=0.00 secs] 
225.535: [GC (Allocation Failure) [PSYoungGen: 71648K->1533K(71168K)] 376251K->306136K(572928K), 0.0017025 secs] [Times: user=0.00 sys=0.00, real=0.00 secs] 
226.026: [GC (Allocation Failure) [PSYoungGen: 71165K->1520K(70656K)] 375768K->307155K(572416K), 0.0020981 secs] [Times: user=0.01 sys=0.00, real=0.00 secs] 
226.628: [GC (Allocation Failure) [PSYoungGen: 70640K->416K(69120K)] 376275K->306051K(570880K), 0.0020316 secs] [Times: user=0.01 sys=0.00, real=0.00 secs] 
226.925: [GC (Allocation Failure) [PSYoungGen: 69024K->352K(68608K)] 374659K->305987K(570368K), 0.0021148 secs] [Times: user=0.01 sys=0.00, real=0.00 secs] 
227.226: [GC (Allocation Failure) [PSYoungGen: 68448K->352K(70144K)] 374083K->305987K(571904K), 0.0021606 secs] [Times: user=0.01 sys=0.00, real=0.00 secs] 
227.614: [GC (Allocation Failure) [PSYoungGen: 67936K->1485K(68608K)] 373571K->307120K(570368K), 0.0015389 secs] [Times: user=0.01 sys=0.00, real=0.00 secs] 
228.007: [GC (Allocation Failure) [PSYoungGen: 68557K->1565K(68608K)] 374192K->307200K(570368K), 0.0016841 secs] [Times: user=0.01 sys=0.00, real=0.00 secs] 
228.401: [GC (Allocation Failure) [PSYoungGen: 68125K->1565K(68096K)] 373760K->307200K(569856K), 0.0016202 secs] [Times: user=0.00 sys=0.00, real=0.00 secs] 
228.787: [GC (Allocation Failure) [PSYoungGen: 67598K->1597K(67584K)] 373234K->307232K(569344K), 0.0017242 secs] [Times: user=0.01 sys=0.00, real=0.00 secs] 
229.632: [GC (Allocation Failure) [PSYoungGen: 67133K->1472K(66560K)] 372768K->307115K(568320K), 0.0040390 secs] [Times: user=0.02 sys=0.00, real=0.01 secs] 
230.422: [GC (Allocation Failure) [PSYoungGen: 66496K->1376K(66048K)] 372139K->307019K(567808K), 0.0033012 secs] [Times: user=0.02 sys=0.00, real=0.01 secs] 
230.927: [GC (Allocation Failure) [PSYoungGen: 65888K->1376K(65536K)] 371531K->307019K(567296K), 0.0025418 secs] [Times: user=0.00 sys=0.00, real=0.00 secs] 
231.393: [GC (Allocation Failure) [PSYoungGen: 65376K->1408K(65024K)] 371019K->307051K(566784K), 0.0035431 secs] [Times: user=0.02 sys=0.00, real=0.01 secs] 
231.904: [GC (Allocation Failure) [PSYoungGen: 64896K->1469K(64512K)] 370539K->307112K(566272K), 0.0024392 secs] [Times: user=0.01 sys=0.00, real=0.00 secs] 
232.390: [GC (Allocation Failure) [PSYoungGen: 64426K->1565K(64512K)] 370069K->307232K(566272K), 0.0016046 secs] [Times: user=0.01 sys=0.00, real=0.00 secs] 
232.816: [GC (Allocation Failure) [PSYoungGen: 64029K->1597K(64000K)] 369696K->307264K(565760K), 0.0017607 secs] [Times: user=0.01 sys=0.00, real=0.00 secs] 
233.181: [GC (Allocation Failure) [PSYoungGen: 63549K->1533K(62976K)] 369216K->307208K(564736K), 0.0018583 secs] [Times: user=0.01 sys=0.00, real=0.01 secs] 
233.584: [GC (Allocation Failure) [PSYoungGen: 62973K->2000K(62976K)] 368648K->308195K(564736K), 0.0018627 secs] [Times: user=0.00 sys=0.00, real=0.00 secs] 
233.880: [GC (Allocation Failure) [PSYoungGen: 62928K->1392K(61952K)] 369123K->307587K(563712K), 0.0029846 secs] [Times: user=0.01 sys=0.00, real=0.01 secs] 
234.181: [GC (Allocation Failure) [PSYoungGen: 61808K->1376K(61440K)] 368003K->307571K(563200K), 0.0021036 secs] [Times: user=0.01 sys=0.00, real=0.00 secs] 
234.551: [GC (Allocation Failure) [PSYoungGen: 61280K->1376K(60928K)] 367475K->307579K(562688K), 0.0021621 secs] [Times: user=0.01 sys=0.01, real=0.01 secs] 
235.031: [GC (Allocation Failure) [PSYoungGen: 60768K->1408K(60416K)] 366971K->307611K(562176K), 0.0022200 secs] [Times: user=0.01 sys=0.00, real=0.01 secs] 
235.473: [GC (Allocation Failure) [PSYoungGen: 60288K->1501K(59904K)] 366491K->307704K(561664K), 0.0015785 secs] [Times: user=0.01 sys=0.00, real=0.00 secs] 
235.817: [GC (Allocation Failure) [PSYoungGen: 59869K->1504K(59904K)] 366072K->307707K(561664K), 0.0015695 secs] [Times: user=0.01 sys=0.00, real=0.00 secs] 
236.160: [GC (Allocation Failure) [PSYoungGen: 59872K->1565K(60416K)] 366075K->307784K(562176K), 0.0016160 secs] [Times: user=0.01 sys=0.00, real=0.00 secs] 
236.502: [GC (Allocation Failure) [PSYoungGen: 59903K->544K(59392K)] 366122K->307787K(561152K), 0.0016809 secs] [Times: user=0.00 sys=0.00, real=0.01 secs] 
236.854: [GC (Allocation Failure) [PSYoungGen: 58912K->2512K(60928K)] 366155K->310779K(562688K), 0.0018042 secs] [Times: user=0.01 sys=0.00, real=0.00 secs] 
237.142: [GC (Allocation Failure) [PSYoungGen: 60880K->1376K(59904K)] 369147K->309643K(561664K), 0.0019509 secs] [Times: user=0.01 sys=0.00, real=0.01 secs] 
237.385: [GC (Allocation Failure) [PSYoungGen: 59744K->1424K(59904K)] 368011K->309691K(561664K), 0.0018467 secs] [Times: user=0.01 sys=0.00, real=0.00 secs] 
237.644: [GC (Allocation Failure) [PSYoungGen: 59792K->1344K(59904K)] 368059K->309611K(561664K), 0.0031712 secs] [Times: user=0.01 sys=0.00, real=0.00 secs] 
237.938: [GC (Allocation Failure) [PSYoungGen: 59712K->1360K(59904K)] 367979K->309627K(561664K), 0.0023149 secs] [Times: user=0.01 sys=0.00, real=0.00 secs] 
238.399: [GC (Allocation Failure) [PSYoungGen: 59728K->1453K(59904K)] 367995K->309720K(561664K), 0.0016979 secs] [Times: user=0.01 sys=0.00, real=0.00 secs] 
238.742: [GC (Allocation Failure) [PSYoungGen: 59799K->1517K(59904K)] 368066K->309792K(561664K), 0.0015871 secs] [Times: user=0.00 sys=0.00, real=0.01 secs] 
239.085: [GC (Allocation Failure) [PSYoungGen: 59858K->1549K(60416K)] 368134K->309824K(562176K), 0.0016228 secs] [Times: user=0.01 sys=0.00, real=0.00 secs] 
239.427: [GC (Allocation Failure) [PSYoungGen: 59901K->1520K(59904K)] 368176K->309795K(561664K), 0.0017346 secs] [Times: user=0.00 sys=0.00, real=0.00 secs] 
239.735: [GC (Allocation Failure) [PSYoungGen: 59888K->480K(58880K)] 368163K->309779K(560640K), 0.0019574 secs] [Times: user=0.00 sys=0.00, real=0.00 secs] 
239.986: [GC (Allocation Failure) [PSYoungGen: 58848K->352K(60928K)] 368147K->309675K(562688K), 0.0014471 secs] [Times: user=0.00 sys=0.00, real=0.00 secs] 
240.396: [GC (Allocation Failure) [PSYoungGen: 58720K->304K(58880K)] 368043K->309627K(560640K), 0.0018903 secs] [Times: user=0.01 sys=0.00, real=0.00 secs] 
240.845: [GC (Allocation Failure) [PSYoungGen: 58672K->352K(60928K)] 367995K->309675K(562688K), 0.0027891 secs] [Times: user=0.00 sys=0.01, real=0.00 secs] 
241.377: [GC (Allocation Failure) [PSYoungGen: 58720K->352K(58880K)] 368043K->309675K(560640K), 0.0030205 secs] [Times: user=0.01 sys=0.00, real=0.00 secs] 
242.019: [GC (Allocation Failure) [PSYoungGen: 58720K->1549K(60928K)] 368043K->310872K(562688K), 0.0015155 secs] [Times: user=0.00 sys=0.00, real=0.00 secs] 
242.365: [GC (Allocation Failure) [PSYoungGen: 59917K->1533K(59904K)] 369240K->310864K(561664K), 0.0017728 secs] [Times: user=0.01 sys=0.00, real=0.00 secs] 
242.713: [GC (Allocation Failure) [PSYoungGen: 59901K->1581K(60416K)] 369232K->310912K(562176K), 0.0016686 secs] [Times: user=0.01 sys=0.00, real=0.00 secs] 
243.058: [GC (Allocation Failure) [PSYoungGen: 59949K->1549K(60416K)] 369280K->310880K(562176K), 0.0015674 secs] [Times: user=0.01 sys=0.00, real=0.00 secs] 
243.422: [GC (Allocation Failure) [PSYoungGen: 59917K->1472K(59904K)] 369248K->310803K(561664K), 0.0021271 secs] [Times: user=0.01 sys=0.00, real=0.01 secs] 
243.686: [GC (Allocation Failure) [PSYoungGen: 59840K->1408K(59904K)] 369171K->310739K(561664K), 0.0021681 secs] [Times: user=0.01 sys=0.00, real=0.00 secs] 
243.968: [GC (Allocation Failure) [PSYoungGen: 59776K->1376K(59904K)] 369107K->310707K(561664K), 0.0020473 secs] [Times: user=0.00 sys=0.00, real=0.00 secs] 
244.258: [GC (Allocation Failure) [PSYoungGen: 59744K->1408K(59904K)] 369075K->310739K(561664K), 0.0021579 secs] [Times: user=0.01 sys=0.00, real=0.00 secs] 
244.505: [GC (Allocation Failure) [PSYoungGen: 59776K->1344K(59904K)] 369107K->310675K(561664K), 0.0022147 secs] [Times: user=0.01 sys=0.00, real=0.00 secs] 
244.869: [GC (Allocation Failure) [PSYoungGen: 59712K->1533K(59904K)] 369043K->310864K(561664K), 0.0016995 secs] [Times: user=0.00 sys=0.00, real=0.00 secs] 
245.218: [GC (Allocation Failure) [PSYoungGen: 59901K->1600K(60416K)] 369232K->310947K(562176K), 0.0016665 secs] [Times: user=0.01 sys=0.00, real=0.00 secs] 
245.561: [GC (Allocation Failure) [PSYoungGen: 59968K->1552K(60416K)] 369315K->310899K(562176K), 0.0016154 secs] [Times: user=0.01 sys=0.00, real=0.00 secs] 
245.904: [GC (Allocation Failure) [PSYoungGen: 59913K->1565K(60416K)] 369261K->310912K(562176K), 0.0017526 secs] [Times: user=0.00 sys=0.00, real=0.00 secs] 
246.258: [GC (Allocation Failure) [PSYoungGen: 59933K->1504K(59904K)] 369280K->310851K(561664K), 0.0019339 secs] [Times: user=0.00 sys=0.00, real=0.00 secs] 
246.534: [GC (Allocation Failure) [PSYoungGen: 59872K->1408K(59904K)] 369219K->310755K(561664K), 0.0021055 secs] [Times: user=0.01 sys=0.00, real=0.00 secs] 
246.781: [GC (Allocation Failure) [PSYoungGen: 59776K->1344K(59904K)] 369123K->310691K(561664K), 0.0018774 secs] [Times: user=0.01 sys=0.00, real=0.00 secs] 
247.023: [GC (Allocation Failure) [PSYoungGen: 59712K->1344K(59904K)] 369059K->310691K(561664K), 0.0021405 secs] [Times: user=0.01 sys=0.00, real=0.00 secs] 
247.266: [GC (Allocation Failure) [PSYoungGen: 59712K->1408K(59904K)] 369059K->310755K(561664K), 0.0019207 secs] [Times: user=0.01 sys=0.00, real=0.00 secs] 
247.589: [GC (Allocation Failure) [PSYoungGen: 59776K->1437K(59904K)] 369123K->310784K(561664K), 0.0014787 secs] [Times: user=0.01 sys=0.00, real=0.00 secs] 
247.995: [GC (Allocation Failure) [PSYoungGen: 59805K->1533K(59904K)] 369152K->310936K(561664K), 0.0015817 secs] [Times: user=0.00 sys=0.00, real=0.00 secs] 
248.337: [GC (Allocation Failure) [PSYoungGen: 59899K->1565K(60416K)] 369302K->310968K(562176K), 0.0018208 secs] [Times: user=0.01 sys=0.00, real=0.00 secs] 
248.679: [GC (Allocation Failure) [PSYoungGen: 59901K->589K(59392K)] 369305K->311016K(561152K), 0.0015583 secs] [Times: user=0.01 sys=0.00, real=0.00 secs] 
249.161: [GC (Allocation Failure) [PSYoungGen: 58957K->1472K(59904K)] 369384K->311907K(561664K), 0.0026176 secs] [Times: user=0.01 sys=0.00, real=0.01 secs] 
249.771: [GC (Allocation Failure) [PSYoungGen: 59840K->1408K(59904K)] 370275K->311843K(561664K), 0.0039016 secs] [Times: user=0.02 sys=0.00, real=0.01 secs] 
250.057: [GC (Allocation Failure) [PSYoungGen: 59776K->1376K(59904K)] 370211K->311827K(561664K), 0.0022024 secs] [Times: user=0.00 sys=0.00, real=0.00 secs] 
250.557: [GC (Allocation Failure) [PSYoungGen: 59744K->1376K(59904K)] 370195K->311827K(561664K), 0.0022845 secs] [Times: user=0.01 sys=0.00, real=0.00 secs] 
251.130: [GC (Allocation Failure) [PSYoungGen: 59744K->1376K(59904K)] 370195K->311827K(561664K), 0.0025102 secs] [Times: user=0.01 sys=0.00, real=0.00 secs] 
251.649: [GC (Allocation Failure) [PSYoungGen: 59744K->1485K(59904K)] 370195K->311936K(561664K), 0.0016048 secs] [Times: user=0.01 sys=0.00, real=0.00 secs] 
251.992: [GC (Allocation Failure) [PSYoungGen: 59853K->1533K(59904K)] 370304K->311992K(561664K), 0.0017301 secs] [Times: user=0.01 sys=0.00, real=0.01 secs] 
252.344: [GC (Allocation Failure) [PSYoungGen: 59901K->1533K(59904K)] 370360K->312000K(561664K), 0.0015895 secs] [Times: user=0.00 sys=0.00, real=0.00 secs] 
252.687: [GC (Allocation Failure) [PSYoungGen: 59901K->1597K(60416K)] 370368K->312096K(562176K), 0.0016460 secs] [Times: user=0.01 sys=0.00, real=0.00 secs] 
254.247: [GC (Allocation Failure) [PSYoungGen: 59965K->432K(58880K)] 370464K->311955K(560640K), 0.0042627 secs] [Times: user=0.01 sys=0.00, real=0.00 secs] 
254.524: [GC (Allocation Failure) [PSYoungGen: 58800K->384K(58880K)] 370323K->311907K(560640K), 0.0019087 secs] [Times: user=0.01 sys=0.00, real=0.00 secs] 
254.934: [GC (Allocation Failure) [PSYoungGen: 58752K->320K(58880K)] 370275K->311843K(560640K), 0.0037625 secs] [Times: user=0.02 sys=0.00, real=0.00 secs] 
255.460: [GC (Allocation Failure) [PSYoungGen: 58688K->352K(60928K)] 370211K->311875K(562688K), 0.0031026 secs] [Times: user=0.01 sys=0.00, real=0.00 secs] 
255.997: [GC (Allocation Failure) [PSYoungGen: 58720K->384K(58880K)] 370243K->311907K(560640K), 0.0029852 secs] [Times: user=0.01 sys=0.00, real=0.00 secs] 
256.508: [GC (Allocation Failure) [PSYoungGen: 58752K->1533K(60928K)] 370275K->313064K(562688K), 0.0014930 secs] [Times: user=0.01 sys=0.00, real=0.00 secs] 
256.853: [GC (Allocation Failure) [PSYoungGen: 59901K->1581K(60416K)] 371432K->313128K(562176K), 0.0016813 secs] [Times: user=0.01 sys=0.00, real=0.01 secs] 
257.197: [GC (Allocation Failure) [PSYoungGen: 59949K->1549K(60416K)] 371496K->313096K(562176K), 0.0016656 secs] [Times: user=0.01 sys=0.00, real=0.00 secs] 
257.541: [GC (Allocation Failure) [PSYoungGen: 59917K->1533K(59904K)] 371464K->313120K(561664K), 0.0015937 secs] [Times: user=0.01 sys=0.00, real=0.00 secs] 
257.887: [GC (Allocation Failure) [PSYoungGen: 59901K->1472K(59904K)] 371488K->313059K(561664K), 0.0020163 secs] [Times: user=0.01 sys=0.00, real=0.00 secs] 
258.210: [GC (Allocation Failure) [PSYoungGen: 59840K->1376K(59904K)] 371427K->312963K(561664K), 0.0019601 secs] [Times: user=0.01 sys=0.00, real=0.00 secs] 
258.493: [GC (Allocation Failure) [PSYoungGen: 59744K->1408K(59904K)] 371331K->312995K(561664K), 0.0021264 secs] [Times: user=0.00 sys=0.00, real=0.00 secs] 
258.750: [GC (Allocation Failure) [PSYoungGen: 59776K->1408K(59904K)] 371363K->312995K(561664K), 0.0026436 secs] [Times: user=0.01 sys=0.00, real=0.00 secs] 
259.042: [GC (Allocation Failure) [PSYoungGen: 59776K->1408K(59904K)] 371363K->312995K(561664K), 0.0022928 secs] [Times: user=0.00 sys=0.00, real=0.01 secs] 
259.389: [GC (Allocation Failure) [PSYoungGen: 59776K->1485K(59904K)] 371363K->313072K(561664K), 0.0016809 secs] [Times: user=0.01 sys=0.00, real=0.00 secs] 
259.731: [GC (Allocation Failure) [PSYoungGen: 59853K->1581K(60416K)] 371440K->313184K(562176K), 0.0017950 secs] [Times: user=0.00 sys=0.00, real=0.01 secs] 
260.078: [GC (Allocation Failure) [PSYoungGen: 59949K->1549K(60416K)] 371552K->313152K(562176K), 0.0016133 secs] [Times: user=0.01 sys=0.00, real=0.00 secs] 
260.422: [GC (Allocation Failure) [PSYoungGen: 59887K->1597K(60416K)] 371490K->313232K(562176K), 0.0018088 secs] [Times: user=0.01 sys=0.00, real=0.01 secs] 
260.741: [GC (Allocation Failure) [PSYoungGen: 59965K->1472K(59904K)] 371600K->313115K(561664K), 0.0016055 secs] [Times: user=0.01 sys=0.00, real=0.00 secs] 
260.983: [GC (Allocation Failure) [PSYoungGen: 59840K->1408K(59904K)] 371483K->313051K(561664K), 0.0015538 secs] [Times: user=0.00 sys=0.00, real=0.00 secs] 
261.416: [GC (Allocation Failure) [PSYoungGen: 59776K->1424K(59904K)] 371419K->313067K(561664K), 0.0018682 secs] [Times: user=0.00 sys=0.00, real=0.00 secs] 
261.898: [GC (Allocation Failure) [PSYoungGen: 59792K->1424K(59904K)] 371435K->313067K(561664K), 0.0017900 secs] [Times: user=0.01 sys=0.00, real=0.00 secs] 
262.389: [GC (Allocation Failure) [PSYoungGen: 59792K->1360K(59904K)] 371435K->313003K(561664K), 0.0016763 secs] [Times: user=0.01 sys=0.00, real=0.00 secs] 
262.832: [GC (Allocation Failure) [PSYoungGen: 59728K->1533K(59904K)] 371371K->313176K(561664K), 0.0015947 secs] [Times: user=0.00 sys=0.00, real=0.01 secs] 
263.175: [GC (Allocation Failure) [PSYoungGen: 59901K->1533K(59904K)] 371544K->313200K(561664K), 0.0016582 secs] [Times: user=0.00 sys=0.00, real=0.00 secs] 
263.517: [GC (Allocation Failure) [PSYoungGen: 59901K->1533K(59904K)] 371568K->313200K(561664K), 0.0016226 secs] [Times: user=0.01 sys=0.00, real=0.00 secs] 
263.859: [GC (Allocation Failure) [PSYoungGen: 59875K->1533K(59904K)] 371543K->313208K(561664K), 0.0015509 secs] [Times: user=0.01 sys=0.00, real=0.00 secs] 
264.395: [GC (Allocation Failure) [PSYoungGen: 59901K->1472K(59904K)] 371576K->313147K(561664K), 0.0024364 secs] [Times: user=0.01 sys=0.00, real=0.00 secs] 
264.958: [GC (Allocation Failure) [PSYoungGen: 59840K->1408K(59904K)] 371515K->313083K(561664K), 0.0036359 secs] [Times: user=0.02 sys=0.00, real=0.00 secs] 
265.658: [GC (Allocation Failure) [PSYoungGen: 59776K->1408K(59904K)] 371451K->313083K(561664K), 0.0043274 secs] [Times: user=0.01 sys=0.01, real=0.00 secs] 
266.355: [GC (Allocation Failure) [PSYoungGen: 59776K->1408K(59904K)] 371451K->313083K(561664K), 0.0031559 secs] [Times: user=0.01 sys=0.00, real=0.00 secs] 
267.049: [GC (Allocation Failure) [PSYoungGen: 59776K->1376K(59904K)] 371451K->313051K(561664K), 0.0033572 secs] [Times: user=0.01 sys=0.00, real=0.00 secs] 
267.547: [GC (Allocation Failure) [PSYoungGen: 59744K->1533K(59904K)] 371419K->313216K(561664K), 0.0016330 secs] [Times: user=0.01 sys=0.00, real=0.00 secs] 
267.891: [GC (Allocation Failure) [PSYoungGen: 59901K->1536K(60416K)] 371584K->313235K(562176K), 0.0016856 secs] [Times: user=0.01 sys=0.00, real=0.00 secs] 
268.236: [GC (Allocation Failure) [PSYoungGen: 59904K->544K(59392K)] 371603K->313267K(561152K), 0.0016629 secs] [Times: user=0.01 sys=0.00, real=0.00 secs] 
268.580: [GC (Allocation Failure) [PSYoungGen: 58912K->464K(58880K)] 371635K->313187K(560640K), 0.0015058 secs] [Times: user=0.01 sys=0.00, real=0.00 secs] 
269.022: [GC (Allocation Failure) [PSYoungGen: 58832K->1520K(59904K)] 371555K->314251K(561664K), 0.0019155 secs] [Times: user=0.00 sys=0.01, real=0.01 secs] 
269.581: [GC (Allocation Failure) [PSYoungGen: 59888K->1376K(59904K)] 372619K->314107K(561664K), 0.0020100 secs] [Times: user=0.01 sys=0.00, real=0.00 secs] 
270.211: [GC (Allocation Failure) [PSYoungGen: 59744K->1408K(59904K)] 372475K->314139K(561664K), 0.0021281 secs] [Times: user=0.01 sys=0.00, real=0.01 secs] 
270.940: [GC (Allocation Failure) [PSYoungGen: 59776K->1408K(59904K)] 372507K->314139K(561664K), 0.0026198 secs] [Times: user=0.01 sys=0.00, real=0.00 secs] 
271.601: [GC (Allocation Failure) [PSYoungGen: 59776K->1344K(59904K)] 372507K->314075K(561664K), 0.0023236 secs] [Times: user=0.01 sys=0.00, real=0.00 secs] 
272.147: [GC (Allocation Failure) [PSYoungGen: 59712K->1501K(59904K)] 372443K->314232K(561664K), 0.0015521 secs] [Times: user=0.01 sys=0.00, real=0.00 secs] 
272.492: [GC (Allocation Failure) [PSYoungGen: 59869K->1517K(59904K)] 372600K->314336K(561664K), 0.0016529 secs] [Times: user=0.01 sys=0.00, real=0.01 secs] 
272.846: [GC (Allocation Failure) [PSYoungGen: 59885K->1533K(59904K)] 372704K->314384K(561664K), 0.0016943 secs] [Times: user=0.00 sys=0.00, real=0.00 secs] 
273.250: [GC (Allocation Failure) [PSYoungGen: 59901K->1533K(59904K)] 372752K->314392K(561664K), 0.0016268 secs] [Times: user=0.00 sys=0.00, real=0.00 secs] 
273.829: [GC (Allocation Failure) [PSYoungGen: 59901K->1472K(59904K)] 372760K->314331K(561664K), 0.0031669 secs] [Times: user=0.01 sys=0.00, real=0.00 secs] 
274.399: [GC (Allocation Failure) [PSYoungGen: 59840K->1408K(59904K)] 372699K->314267K(561664K), 0.0028555 secs] [Times: user=0.02 sys=0.00, real=0.00 secs] 
274.876: [GC (Allocation Failure) [PSYoungGen: 59776K->1376K(59904K)] 372635K->314235K(561664K), 0.0030281 secs] [Times: user=0.02 sys=0.00, real=0.00 secs] 
275.357: [GC (Allocation Failure) [PSYoungGen: 59744K->1376K(59904K)] 372603K->314235K(561664K), 0.0026116 secs] [Times: user=0.01 sys=0.00, real=0.00 secs] 
275.722: [GC (Allocation Failure) [PSYoungGen: 59744K->1376K(59904K)] 372603K->314235K(561664K), 0.0022594 secs] [Times: user=0.01 sys=0.00, real=0.01 secs] 
276.157: [GC (Allocation Failure) [PSYoungGen: 59744K->1501K(59904K)] 372603K->314360K(561664K), 0.0015321 secs] [Times: user=0.00 sys=0.01, real=0.00 secs] 
276.501: [GC (Allocation Failure) [PSYoungGen: 59869K->1565K(60416K)] 372728K->314440K(562176K), 0.0017839 secs] [Times: user=0.01 sys=0.00, real=0.00 secs] 
276.843: [GC (Allocation Failure) [PSYoungGen: 59932K->509K(58880K)] 372807K->314408K(560640K), 0.0017450 secs] [Times: user=0.01 sys=0.00, real=0.00 secs] 
277.186: [GC (Allocation Failure) [PSYoungGen: 58877K->496K(60416K)] 372776K->314395K(562176K), 0.0015505 secs] [Times: user=0.00 sys=0.00, real=0.00 secs] 
278.216: [GC (Allocation Failure) [PSYoungGen: 58864K->1440K(59904K)] 372763K->315339K(561664K), 0.0043868 secs] [Times: user=0.02 sys=0.00, real=0.00 secs] 
278.770: [GC (Allocation Failure) [PSYoungGen: 59808K->1440K(59904K)] 373707K->315339K(561664K), 0.0032790 secs] [Times: user=0.01 sys=0.00, real=0.00 secs] 
279.284: [GC (Allocation Failure) [PSYoungGen: 59808K->1408K(59904K)] 373707K->315307K(561664K), 0.0031790 secs] [Times: user=0.02 sys=0.00, real=0.00 secs] 
279.773: [GC (Allocation Failure) [PSYoungGen: 59776K->1376K(59904K)] 373675K->315275K(561664K), 0.0028054 secs] [Times: user=0.01 sys=0.00, real=0.01 secs] 
280.250: [GC (Allocation Failure) [PSYoungGen: 59744K->1408K(59904K)] 373643K->315307K(561664K), 0.0026848 secs] [Times: user=0.01 sys=0.00, real=0.00 secs] 
280.710: [GC (Allocation Failure) [PSYoungGen: 59776K->1469K(59904K)] 373675K->315368K(561664K), 0.0015609 secs] [Times: user=0.00 sys=0.00, real=0.00 secs] 
281.115: [GC (Allocation Failure) [PSYoungGen: 59837K->1533K(59904K)] 373736K->315488K(561664K), 0.0017359 secs] [Times: user=0.01 sys=0.00, real=0.00 secs] 
281.458: [GC (GCLocker Initiated GC) [PSYoungGen: 59901K->1565K(60416K)] 373856K->315544K(562176K), 0.0015891 secs] [Times: user=0.01 sys=0.00, real=0.00 secs] 
281.810: [GC (Allocation Failure) [PSYoungGen: 59933K->461K(58880K)] 374970K->316522K(560640K), 0.0018150 secs] [Times: user=0.01 sys=0.00, real=0.00 secs] 
282.266: [GC (Allocation Failure) [PSYoungGen: 58829K->1552K(60416K)] 374890K->317612K(562176K), 0.0032843 secs] [Times: user=0.02 sys=0.00, real=0.00 secs] 
282.759: [GC (Allocation Failure) [PSYoungGen: 59920K->1488K(59904K)] 375980K->317548K(561664K), 0.0027910 secs] [Times: user=0.01 sys=0.00, real=0.00 secs] 
283.238: [GC (Allocation Failure) [PSYoungGen: 59856K->1504K(59904K)] 375916K->317564K(561664K), 0.0025923 secs] [Times: user=0.01 sys=0.00, real=0.00 secs] 
283.720: [GC (Allocation Failure) [PSYoungGen: 59872K->1504K(59904K)] 375932K->317564K(561664K), 0.0027354 secs] [Times: user=0.01 sys=0.00, real=0.00 secs] 
284.126: [GC (Allocation Failure) [PSYoungGen: 59872K->1472K(59904K)] 375932K->317532K(561664K), 0.0028477 secs] [Times: user=0.02 sys=0.00, real=0.00 secs] 
284.575: [GC (Allocation Failure) [PSYoungGen: 59840K->1533K(59904K)] 375900K->317642K(561664K), 0.0016821 secs] [Times: user=0.00 sys=0.00, real=0.00 secs] 
284.921: [GC (Allocation Failure) [PSYoungGen: 59901K->1693K(60416K)] 376010K->317818K(562176K), 0.0017537 secs] [Times: user=0.01 sys=0.00, real=0.00 secs] 
285.266: [GC (Allocation Failure) [PSYoungGen: 60061K->621K(59392K)] 376186K->317770K(561152K), 0.0016253 secs] [Times: user=0.00 sys=0.00, real=0.00 secs] 
285.614: [GC (Allocation Failure) [PSYoungGen: 58958K->688K(59392K)] 376107K->317836K(561152K), 0.0014807 secs] [Times: user=0.01 sys=0.00, real=0.00 secs] 
286.125: [GC (Allocation Failure) [PSYoungGen: 59056K->1536K(60416K)] 376204K->318684K(562176K), 0.0034904 secs] [Times: user=0.01 sys=0.00, real=0.00 secs] 
286.605: [GC (Allocation Failure) [PSYoungGen: 59904K->1504K(59904K)] 377052K->318652K(561664K), 0.0034372 secs] [Times: user=0.01 sys=0.00, real=0.00 secs] 
287.084: [GC (Allocation Failure) [PSYoungGen: 59872K->1504K(59904K)] 377020K->318692K(561664K), 0.0027457 secs] [Times: user=0.01 sys=0.00, real=0.00 secs] 
287.572: [GC (Allocation Failure) [PSYoungGen: 59872K->1440K(59904K)] 377060K->318628K(561664K), 0.0028426 secs] [Times: user=0.01 sys=0.00, real=0.01 secs] 
288.053: [GC (Allocation Failure) [PSYoungGen: 59808K->1472K(59904K)] 376996K->318660K(561664K), 0.0025512 secs] [Times: user=0.01 sys=0.01, real=0.00 secs] 
288.409: [GC (Allocation Failure) [PSYoungGen: 59840K->1629K(60416K)] 377028K->318826K(562176K), 0.0017157 secs] [Times: user=0.01 sys=0.00, real=0.00 secs] 
288.754: [GC (Allocation Failure) [PSYoungGen: 59997K->1517K(59904K)] 377194K->318802K(561664K), 0.0017826 secs] [Times: user=0.00 sys=0.00, real=0.00 secs] 
289.097: [GC (Allocation Failure) [PSYoungGen: 59885K->1565K(60416K)] 377170K->318850K(562176K), 0.0015783 secs] [Times: user=0.01 sys=0.00, real=0.00 secs] 
289.442: [GC (Allocation Failure) [PSYoungGen: 59933K->1565K(60416K)] 377218K->318850K(562176K), 0.0017036 secs] [Times: user=0.00 sys=0.00, real=0.01 secs] 
289.764: [GC (Allocation Failure) [PSYoungGen: 59933K->1440K(59904K)] 377218K->318724K(561664K), 0.0022757 secs] [Times: user=0.01 sys=0.00, real=0.00 secs] 
290.007: [GC (Allocation Failure) [PSYoungGen: 59808K->1360K(59904K)] 377092K->318644K(561664K), 0.0021390 secs] [Times: user=0.01 sys=0.01, real=0.00 secs] 
290.413: [GC (Allocation Failure) [PSYoungGen: 59728K->1408K(59904K)] 377012K->318692K(561664K), 0.0020745 secs] [Times: user=0.01 sys=0.00, real=0.01 secs] 
290.841: [GC (Allocation Failure) [PSYoungGen: 59776K->1376K(59904K)] 377060K->318692K(561664K), 0.0019196 secs] [Times: user=0.01 sys=0.00, real=0.00 secs] 
291.266: [GC (Allocation Failure) [PSYoungGen: 59744K->1376K(59904K)] 377060K->318692K(561664K), 0.0040590 secs] [Times: user=0.01 sys=0.00, real=0.00 secs] 
291.807: [GC (Allocation Failure) [PSYoungGen: 59744K->1472K(59904K)] 377060K->318788K(561664K), 0.0015899 secs] [Times: user=0.01 sys=0.00, real=0.00 secs] 
292.151: [GC (Allocation Failure) [PSYoungGen: 59840K->1536K(60416K)] 377156K->318860K(562176K), 0.0017369 secs] [Times: user=0.01 sys=0.00, real=0.00 secs] 
292.493: [GC (Allocation Failure) [PSYoungGen: 59899K->493K(58880K)] 377224K->318842K(560640K), 0.0016850 secs] [Times: user=0.01 sys=0.00, real=0.00 secs] 
292.835: [GC (Allocation Failure) [PSYoungGen: 58861K->528K(60416K)] 377210K->318876K(562176K), 0.0013890 secs] [Times: user=0.01 sys=0.00, real=0.00 secs] 
293.236: [GC (Allocation Failure) [PSYoungGen: 58896K->1504K(59904K)] 377244K->319860K(561664K), 0.0034850 secs] [Times: user=0.01 sys=0.00, real=0.00 secs] 
293.726: [GC (Allocation Failure) [PSYoungGen: 59872K->1424K(59904K)] 378228K->319780K(561664K), 0.0024962 secs] [Times: user=0.01 sys=0.00, real=0.00 secs] 
294.213: [GC (Allocation Failure) [PSYoungGen: 59792K->1376K(59904K)] 378148K->319732K(561664K), 0.0024482 secs] [Times: user=0.01 sys=0.00, real=0.01 secs] 
294.630: [GC (Allocation Failure) [PSYoungGen: 59744K->1440K(59904K)] 378100K->319796K(561664K), 0.0023516 secs] [Times: user=0.01 sys=0.00, real=0.00 secs] 
294.996: [GC (Allocation Failure) [PSYoungGen: 59808K->1344K(59904K)] 378164K->319700K(561664K), 0.0022243 secs] [Times: user=0.01 sys=0.00, real=0.00 secs] 
295.434: [GC (Allocation Failure) [PSYoungGen: 59712K->1533K(59904K)] 378068K->319890K(561664K), 0.0017239 secs] [Times: user=0.01 sys=0.01, real=0.00 secs] 
295.778: [GC (Allocation Failure) [PSYoungGen: 59901K->1504K(59904K)] 378258K->319916K(561664K), 0.0016555 secs] [Times: user=0.01 sys=0.00, real=0.00 secs] 
296.121: [GC (Allocation Failure) [PSYoungGen: 59872K->1597K(60416K)] 378284K->320010K(562176K), 0.0016944 secs] [Times: user=0.01 sys=0.00, real=0.00 secs] 
296.466: [GC (Allocation Failure) [PSYoungGen: 59965K->477K(58880K)] 378378K->319914K(560640K), 0.0016135 secs] [Times: user=0.01 sys=0.00, real=0.00 secs] 
296.913: [GC (Allocation Failure) [PSYoungGen: 58845K->1504K(60928K)] 378282K->320940K(562688K), 0.0018417 secs] [Times: user=0.01 sys=0.00, real=0.00 secs] 
297.526: [GC (Allocation Failure) [PSYoungGen: 59872K->1376K(59904K)] 379308K->320812K(561664K), 0.0038421 secs] [Times: user=0.01 sys=0.00, real=0.00 secs] 
298.068: [GC (Allocation Failure) [PSYoungGen: 59744K->1376K(59904K)] 379180K->320820K(561664K), 0.0043399 secs] [Times: user=0.02 sys=0.00, real=0.00 secs] 
298.469: [GC (Allocation Failure) [PSYoungGen: 59744K->1392K(59904K)] 379188K->320836K(561664K), 0.0022148 secs] [Times: user=0.01 sys=0.00, real=0.00 secs] 
298.947: [GC (Allocation Failure) [PSYoungGen: 59760K->1424K(59904K)] 379204K->320868K(561664K), 0.0021136 secs] [Times: user=0.01 sys=0.00, real=0.00 secs] 
299.375: [GC (Allocation Failure) [PSYoungGen: 59792K->1501K(59904K)] 379236K->320946K(561664K), 0.0016141 secs] [Times: user=0.00 sys=0.00, real=0.00 secs] 
299.720: [GC (Allocation Failure) [PSYoungGen: 59869K->1568K(60416K)] 379314K->321036K(562176K), 0.0016422 secs] [Times: user=0.01 sys=0.00, real=0.00 secs] 
300.070: [GC (Allocation Failure) [PSYoungGen: 59936K->493K(58880K)] 379404K->320986K(560640K), 0.0016907 secs] [Times: user=0.00 sys=0.00, real=0.00 secs] 
300.415: [GC (Allocation Failure) [PSYoungGen: 58861K->528K(59392K)] 379354K->321021K(561152K), 0.0016036 secs] [Times: user=0.01 sys=0.00, real=0.00 secs] 
300.710: [GC (Allocation Failure) [PSYoungGen: 58896K->1472K(59904K)] 379389K->321972K(561664K), 0.0017103 secs] [Times: user=0.01 sys=0.00, real=0.00 secs] 
300.952: [GC (Allocation Failure) [PSYoungGen: 59840K->1376K(59904K)] 380340K->321892K(561664K), 0.0016057 secs] [Times: user=0.00 sys=0.00, real=0.01 secs] 
301.265: [GC (Allocation Failure) [PSYoungGen: 59744K->1376K(59904K)] 380260K->321892K(561664K), 0.0025496 secs] [Times: user=0.01 sys=0.00, real=0.00 secs] 
301.625: [GC (Allocation Failure) [PSYoungGen: 59744K->1376K(59904K)] 380260K->321892K(561664K), 0.0034264 secs] [Times: user=0.01 sys=0.01, real=0.00 secs] 
301.996: [GC (Allocation Failure) [PSYoungGen: 59744K->1392K(59904K)] 380260K->321908K(561664K), 0.0026486 secs] [Times: user=0.01 sys=0.00, real=0.00 secs] 
302.435: [GC (Allocation Failure) [PSYoungGen: 59760K->1501K(59904K)] 380276K->322018K(561664K), 0.0017425 secs] [Times: user=0.01 sys=0.00, real=0.00 secs] 
302.779: [GC (Allocation Failure) [PSYoungGen: 59869K->1533K(59904K)] 380386K->322098K(561664K), 0.0015654 secs] [Times: user=0.01 sys=0.00, real=0.00 secs] 
303.122: [GC (Allocation Failure) [PSYoungGen: 59901K->1565K(60416K)] 380466K->322130K(562176K), 0.0016425 secs] [Times: user=0.00 sys=0.00, real=0.01 secs] 
303.476: [GC (Allocation Failure) [PSYoungGen: 59933K->557K(59392K)] 380498K->322146K(561152K), 0.0017490 secs] [Times: user=0.01 sys=0.00, real=0.00 secs] 
303.944: [GC (Allocation Failure) [PSYoungGen: 58925K->1440K(59904K)] 380514K->323036K(561664K), 0.0019127 secs] [Times: user=0.00 sys=0.00, real=0.00 secs] 
304.536: [GC (Allocation Failure) [PSYoungGen: 59808K->1344K(59904K)] 381404K->322940K(561664K), 0.0030869 secs] [Times: user=0.02 sys=0.00, real=0.00 secs] 
304.955: [GC (Allocation Failure) [PSYoungGen: 59712K->1344K(59904K)] 381308K->322940K(561664K), 0.0025634 secs] [Times: user=0.01 sys=0.00, real=0.00 secs] 
305.410: [GC (Allocation Failure) [PSYoungGen: 59712K->1408K(59904K)] 381308K->323004K(561664K), 0.0023453 secs] [Times: user=0.01 sys=0.00, real=0.00 secs] 
305.882: [GC (Allocation Failure) [PSYoungGen: 59776K->1344K(59904K)] 381372K->322940K(561664K), 0.0026038 secs] [Times: user=0.01 sys=0.00, real=0.01 secs] 
306.317: [GC (Allocation Failure) [PSYoungGen: 59712K->1533K(59904K)] 381308K->323154K(561664K), 0.0015876 secs] [Times: user=0.00 sys=0.00, real=0.00 secs] 
306.661: [GC (Allocation Failure) [PSYoungGen: 59901K->1597K(60416K)] 381522K->323234K(562176K), 0.0016655 secs] [Times: user=0.01 sys=0.00, real=0.00 secs] 
307.005: [GC (Allocation Failure) [PSYoungGen: 59965K->541K(59392K)] 381602K->323202K(561152K), 0.0015739 secs] [Times: user=0.01 sys=0.00, real=0.00 secs] 
307.349: [GC (Allocation Failure) [PSYoungGen: 58909K->528K(59392K)] 381570K->323189K(561152K), 0.0014643 secs] [Times: user=0.01 sys=0.00, real=0.00 secs] 
307.787: [GC (Allocation Failure) [PSYoungGen: 58896K->1408K(59904K)] 381557K->324068K(561664K), 0.0021557 secs] [Times: user=0.01 sys=0.00, real=0.00 secs] 
308.081: [GC (Allocation Failure) [PSYoungGen: 59776K->1376K(59904K)] 382436K->324036K(561664K), 0.0020467 secs] [Times: user=0.01 sys=0.00, real=0.01 secs] 
308.349: [GC (Allocation Failure) [PSYoungGen: 59744K->1408K(59904K)] 382404K->324068K(561664K), 0.0019530 secs] [Times: user=0.01 sys=0.00, real=0.00 secs] 
308.595: [GC (Allocation Failure) [PSYoungGen: 59776K->1408K(59904K)] 382436K->324068K(561664K), 0.0021010 secs] [Times: user=0.00 sys=0.00, real=0.00 secs] 
308.905: [GC (Allocation Failure) [PSYoungGen: 59776K->1392K(59904K)] 382436K->324053K(561664K), 0.0022458 secs] [Times: user=0.01 sys=0.00, real=0.00 secs] 
309.266: [GC (Allocation Failure) [PSYoungGen: 59760K->1565K(60416K)] 382421K->324226K(562176K), 0.0016888 secs] [Times: user=0.00 sys=0.00, real=0.00 secs] 
309.610: [GC (Allocation Failure) [PSYoungGen: 59933K->541K(59392K)] 382594K->324250K(561152K), 0.0016972 secs] [Times: user=0.01 sys=0.00, real=0.00 secs] 
309.954: [GC (Allocation Failure) [PSYoungGen: 58909K->528K(59392K)] 382618K->324237K(561152K), 0.0015454 secs] [Times: user=0.01 sys=0.00, real=0.00 secs] 
310.297: [GC (Allocation Failure) [PSYoungGen: 58896K->560K(59392K)] 382605K->324285K(561152K), 0.0017613 secs] [Times: user=0.01 sys=0.00, real=0.00 secs] 
310.609: [GC (Allocation Failure) [PSYoungGen: 58928K->1440K(59904K)] 382653K->325165K(561664K), 0.0020458 secs] [Times: user=0.01 sys=0.00, real=0.00 secs] 
310.922: [GC (Allocation Failure) [PSYoungGen: 59808K->1376K(59904K)] 383533K->325101K(561664K), 0.0022316 secs] [Times: user=0.00 sys=0.00, real=0.01 secs] 
311.172: [GC (Allocation Failure) [PSYoungGen: 59744K->1376K(59904K)] 383469K->325101K(561664K), 0.0021423 secs] [Times: user=0.01 sys=0.00, real=0.01 secs] 
311.416: [GC (Allocation Failure) [PSYoungGen: 59744K->1408K(59904K)] 383469K->325133K(561664K), 0.0027908 secs] [Times: user=0.01 sys=0.00, real=0.00 secs] 
311.659: [GC (Allocation Failure) [PSYoungGen: 59776K->1408K(59904K)] 383501K->325133K(561664K), 0.0022443 secs] [Times: user=0.01 sys=0.00, real=0.00 secs] 
312.035: [GC (Allocation Failure) [PSYoungGen: 59776K->1565K(60416K)] 383501K->325290K(562176K), 0.0016414 secs] [Times: user=0.01 sys=0.00, real=0.00 secs] 
312.379: [GC (Allocation Failure) [PSYoungGen: 59933K->1568K(60416K)] 383658K->325301K(562176K), 0.0017783 secs] [Times: user=0.01 sys=0.00, real=0.00 secs] 
312.722: [GC (Allocation Failure) [PSYoungGen: 59936K->1533K(59904K)] 383669K->325274K(561664K), 0.0016681 secs] [Times: user=0.00 sys=0.00, real=0.01 secs] 
313.066: [GC (Allocation Failure) [PSYoungGen: 59901K->1549K(60416K)] 383642K->325290K(562176K), 0.0017405 secs] [Times: user=0.01 sys=0.00, real=0.00 secs] 
313.382: [GC (Allocation Failure) [PSYoungGen: 59917K->1440K(59904K)] 383658K->325181K(561664K), 0.0016627 secs] [Times: user=0.01 sys=0.00, real=0.01 secs] 
313.647: [GC (Allocation Failure) [PSYoungGen: 59808K->1344K(59904K)] 383549K->325085K(561664K), 0.0015598 secs] [Times: user=0.01 sys=0.00, real=0.00 secs] 
313.934: [GC (Allocation Failure) [PSYoungGen: 59712K->1376K(59904K)] 383453K->325117K(561664K), 0.0024516 secs] [Times: user=0.01 sys=0.00, real=0.00 secs] 
314.177: [GC (Allocation Failure) [PSYoungGen: 59744K->1376K(59904K)] 383485K->325117K(561664K), 0.0019305 secs] [Times: user=0.01 sys=0.00, real=0.00 secs] 
314.419: [GC (Allocation Failure) [PSYoungGen: 59744K->1408K(59904K)] 383485K->325149K(561664K), 0.0017554 secs] [Times: user=0.00 sys=0.00, real=0.00 secs] 
314.788: [GC (Allocation Failure) [PSYoungGen: 59776K->1565K(60416K)] 383517K->325306K(562176K), 0.0017263 secs] [Times: user=0.00 sys=0.00, real=0.00 secs] 
315.206: [GC (Allocation Failure) [PSYoungGen: 59933K->525K(59392K)] 383674K->325306K(561152K), 0.0017547 secs] [Times: user=0.00 sys=0.00, real=0.00 secs] 
315.552: [GC (Allocation Failure) [PSYoungGen: 58893K->528K(59392K)] 383674K->325309K(561152K), 0.0016007 secs] [Times: user=0.01 sys=0.00, real=0.01 secs] 
315.899: [GC (Allocation Failure) [PSYoungGen: 58896K->541K(59392K)] 383677K->325322K(561152K), 0.0016318 secs] [Times: user=0.01 sys=0.00, real=0.00 secs] 
316.462: [GC (Allocation Failure) [PSYoungGen: 58909K->1376K(59904K)] 383690K->326165K(561664K), 0.0039788 secs] [Times: user=0.01 sys=0.00, real=0.01 secs] 
317.161: [GC (Allocation Failure) [PSYoungGen: 59744K->1408K(59904K)] 384533K->326197K(561664K), 0.0042565 secs] [Times: user=0.01 sys=0.00, real=0.01 secs] 
317.836: [GC (Allocation Failure) [PSYoungGen: 59776K->1376K(59904K)] 384565K->326165K(561664K), 0.0036642 secs] [Times: user=0.01 sys=0.00, real=0.00 secs] 
318.594: [GC (Allocation Failure) [PSYoungGen: 59744K->1408K(59904K)] 384533K->326197K(561664K), 0.0041450 secs] [Times: user=0.01 sys=0.00, real=0.00 secs] 
319.265: [GC (Allocation Failure) [PSYoungGen: 59776K->1344K(59904K)] 384565K->326133K(561664K), 0.0034397 secs] [Times: user=0.02 sys=0.00, real=0.00 secs] 
319.802: [GC (Allocation Failure) [PSYoungGen: 59712K->1533K(59904K)] 384501K->326322K(561664K), 0.0016583 secs] [Times: user=0.00 sys=0.00, real=0.01 secs] 
320.146: [GC (Allocation Failure) [PSYoungGen: 59901K->1549K(60416K)] 384690K->326354K(562176K), 0.0017708 secs] [Times: user=0.01 sys=0.00, real=0.00 secs] 
320.492: [GC (Allocation Failure) [PSYoungGen: 59917K->477K(58880K)] 384722K->326306K(560640K), 0.0018808 secs] [Times: user=0.01 sys=0.00, real=0.01 secs] 
320.838: [GC (Allocation Failure) [PSYoungGen: 58817K->461K(60928K)] 384646K->326290K(562688K), 0.0014181 secs] [Times: user=0.01 sys=0.00, real=0.00 secs] 
321.196: [GC (Allocation Failure) [PSYoungGen: 58829K->1472K(59904K)] 384658K->327301K(561664K), 0.0021063 secs] [Times: user=0.01 sys=0.00, real=0.00 secs] 
321.720: [GC (Allocation Failure) [PSYoungGen: 59840K->1408K(59904K)] 385669K->327237K(561664K), 0.0022892 secs] [Times: user=0.01 sys=0.00, real=0.00 secs] 
322.290: [GC (Allocation Failure) [PSYoungGen: 59776K->1408K(59904K)] 385605K->327253K(561664K), 0.0022820 secs] [Times: user=0.01 sys=0.00, real=0.00 secs] 
322.832: [GC (Allocation Failure) [PSYoungGen: 59776K->1408K(59904K)] 385621K->327253K(561664K), 0.0026127 secs] [Times: user=0.01 sys=0.00, real=0.01 secs] 
323.540: [GC (Allocation Failure) [PSYoungGen: 59776K->1408K(59904K)] 385621K->327253K(561664K), 0.0027522 secs] [Times: user=0.01 sys=0.00, real=0.00 secs] 
324.029: [GC (Allocation Failure) [PSYoungGen: 59776K->1469K(59904K)] 385621K->327314K(561664K), 0.0017712 secs] [Times: user=0.01 sys=0.00, real=0.00 secs] 
324.374: [GC (Allocation Failure) [PSYoungGen: 59837K->1565K(60416K)] 385682K->327426K(562176K), 0.0016925 secs] [Times: user=0.00 sys=0.00, real=0.00 secs] 
324.718: [GC (Allocation Failure) [PSYoungGen: 59933K->1485K(59904K)] 385794K->327346K(561664K), 0.0017044 secs] [Times: user=0.01 sys=0.00, real=0.00 secs] 
325.060: [GC (Allocation Failure) [PSYoungGen: 59826K->1565K(60416K)] 385687K->327426K(562176K), 0.0016634 secs] [Times: user=0.01 sys=0.00, real=0.00 secs] 
325.351: [GC (Allocation Failure) [PSYoungGen: 59933K->1376K(59904K)] 385794K->327237K(561664K), 0.0016985 secs] [Times: user=0.01 sys=0.00, real=0.00 secs] 
325.594: [GC (Allocation Failure) [PSYoungGen: 59744K->1376K(59904K)] 385605K->327237K(561664K), 0.0015980 secs] [Times: user=0.01 sys=0.00, real=0.00 secs] 
325.835: [GC (Allocation Failure) [PSYoungGen: 59744K->1408K(59904K)] 385605K->327277K(561664K), 0.0017040 secs] [Times: user=0.00 sys=0.01, real=0.00 secs] 
326.155: [GC (Allocation Failure) [PSYoungGen: 59776K->1376K(59904K)] 385645K->327245K(561664K), 0.0017599 secs] [Times: user=0.01 sys=0.00, real=0.00 secs] 
326.595: [GC (Allocation Failure) [PSYoungGen: 59744K->1392K(59904K)] 385613K->327261K(561664K), 0.0019136 secs] [Times: user=0.00 sys=0.01, real=0.00 secs] 
327.265: [GC (Allocation Failure) [PSYoungGen: 59760K->1533K(59904K)] 385629K->327402K(561664K), 0.0017735 secs] [Times: user=0.00 sys=0.00, real=0.00 secs] 
327.608: [GC (Allocation Failure) [PSYoungGen: 59901K->1565K(60416K)] 385770K->327442K(562176K), 0.0017585 secs] [Times: user=0.01 sys=0.00, real=0.00 secs] 
328.007: [GC (Allocation Failure) [PSYoungGen: 59933K->576K(59392K)] 385810K->327477K(561152K), 0.0017522 secs] [Times: user=0.00 sys=0.00, real=0.00 secs] 
328.351: [GC (Allocation Failure) [PSYoungGen: 58944K->528K(59392K)] 385845K->327429K(561152K), 0.0017072 secs] [Times: user=0.01 sys=0.01, real=0.00 secs] 
328.907: [GC (Allocation Failure) [PSYoungGen: 58896K->1408K(59904K)] 385797K->328309K(561664K), 0.0035089 secs] [Times: user=0.01 sys=0.00, real=0.00 secs] 
329.187: [GC (Allocation Failure) [PSYoungGen: 59776K->1408K(59904K)] 386677K->328309K(561664K), 0.0028569 secs] [Times: user=0.01 sys=0.01, real=0.00 secs] 
329.445: [GC (Allocation Failure) [PSYoungGen: 59776K->1376K(59904K)] 386677K->328285K(561664K), 0.0026152 secs] [Times: user=0.01 sys=0.00, real=0.00 secs] 
329.697: [GC (Allocation Failure) [PSYoungGen: 59744K->1376K(59904K)] 386653K->328285K(561664K), 0.0023808 secs] [Times: user=0.01 sys=0.00, real=0.00 secs] 
329.944: [GC (Allocation Failure) [PSYoungGen: 59744K->1424K(59904K)] 386653K->328333K(561664K), 0.0021934 secs] [Times: user=0.01 sys=0.00, real=0.00 secs] 
330.302: [GC (Allocation Failure) [PSYoungGen: 59792K->1565K(60416K)] 386701K->328498K(562176K), 0.0016037 secs] [Times: user=0.01 sys=0.00, real=0.01 secs] 
330.646: [GC (Allocation Failure) [PSYoungGen: 59908K->573K(59392K)] 386841K->328546K(561152K), 0.0018490 secs] [Times: user=0.01 sys=0.00, real=0.00 secs] 
330.988: [GC (Allocation Failure) [PSYoungGen: 58914K->560K(59392K)] 386887K->328533K(561152K), 0.0014983 secs] [Times: user=0.01 sys=0.00, real=0.00 secs] 
331.330: [GC (Allocation Failure) [PSYoungGen: 58910K->560K(59392K)] 386884K->328541K(561152K), 0.0014856 secs] [Times: user=0.01 sys=0.00, real=0.00 secs] 
331.734: [GC (Allocation Failure) [PSYoungGen: 58928K->1472K(59904K)] 386909K->329453K(561664K), 0.0022543 secs] [Times: user=0.01 sys=0.00, real=0.00 secs] 
331.978: [GC (Allocation Failure) [PSYoungGen: 59840K->1408K(59904K)] 387821K->329389K(561664K), 0.0021637 secs] [Times: user=0.00 sys=0.00, real=0.00 secs] 
332.230: [GC (Allocation Failure) [PSYoungGen: 59776K->1408K(59904K)] 387757K->329389K(561664K), 0.0020490 secs] [Times: user=0.01 sys=0.00, real=0.00 secs] 
332.517: [GC (Allocation Failure) [PSYoungGen: 59776K->1424K(59904K)] 387757K->329405K(561664K), 0.0029299 secs] [Times: user=0.01 sys=0.00, real=0.00 secs] 
332.801: [GC (Allocation Failure) [PSYoungGen: 59792K->1344K(59904K)] 387773K->329325K(561664K), 0.0023083 secs] [Times: user=0.01 sys=0.00, real=0.01 secs] 
333.179: [GC (Allocation Failure) [PSYoungGen: 59712K->1581K(60416K)] 387693K->329562K(562176K), 0.0016700 secs] [Times: user=0.01 sys=0.00, real=0.00 secs] 
333.523: [GC (Allocation Failure) [PSYoungGen: 59949K->1565K(60416K)] 387930K->329570K(562176K), 0.0018406 secs] [Times: user=0.01 sys=0.00, real=0.01 secs] 
333.867: [GC (Allocation Failure) [PSYoungGen: 59933K->1533K(59904K)] 387938K->329578K(561664K), 0.0016684 secs] [Times: user=0.01 sys=0.00, real=0.00 secs] 
334.219: [GC (Allocation Failure) [PSYoungGen: 59869K->1581K(60416K)] 387914K->329626K(562176K), 0.0016284 secs] [Times: user=0.01 sys=0.00, real=0.00 secs] 
334.619: [GC (Allocation Failure) [PSYoungGen: 59949K->1472K(59904K)] 387994K->329517K(561664K), 0.0022513 secs] [Times: user=0.01 sys=0.00, real=0.00 secs] 
335.095: [GC (Allocation Failure) [PSYoungGen: 59840K->1440K(59904K)] 387885K->329485K(561664K), 0.0023181 secs] [Times: user=0.01 sys=0.00, real=0.00 secs] 
335.520: [GC (Allocation Failure) [PSYoungGen: 59808K->1376K(59904K)] 387853K->329421K(561664K), 0.0022597 secs] [Times: user=0.01 sys=0.00, real=0.00 secs] 
336.022: [GC (Allocation Failure) [PSYoungGen: 59744K->1376K(59904K)] 387789K->329421K(561664K), 0.0023904 secs] [Times: user=0.01 sys=0.00, real=0.01 secs] 
336.648: [GC (Allocation Failure) [PSYoungGen: 59744K->1376K(59904K)] 387789K->329421K(561664K), 0.0028028 secs] [Times: user=0.01 sys=0.00, real=0.00 secs] 
337.204: [GC (Allocation Failure) [PSYoungGen: 59744K->1533K(59904K)] 387789K->329578K(561664K), 0.0017378 secs] [Times: user=0.01 sys=0.00, real=0.00 secs] 
337.548: [GC (Allocation Failure) [PSYoungGen: 59901K->1533K(59904K)] 387946K->329594K(561664K), 0.0016328 secs] [Times: user=0.00 sys=0.00, real=0.00 secs] 
337.893: [GC (Allocation Failure) [PSYoungGen: 59901K->1597K(60416K)] 387962K->329658K(562176K), 0.0016489 secs] [Times: user=0.01 sys=0.00, real=0.00 secs] 
338.235: [GC (Allocation Failure) [PSYoungGen: 59933K->557K(59392K)] 387994K->329642K(561152K), 0.0016427 secs] [Times: user=0.00 sys=0.00, real=0.00 secs] 
338.926: [GC (Allocation Failure) [PSYoungGen: 58925K->1472K(59904K)] 388010K->330557K(561664K), 0.0021673 secs] [Times: user=0.01 sys=0.00, real=0.00 secs] 
339.817: [GC (Allocation Failure) [PSYoungGen: 59840K->1376K(59904K)] 388925K->330461K(561664K), 0.0027836 secs] [Times: user=0.01 sys=0.00, real=0.00 secs] 
340.254: [GC (Allocation Failure) [PSYoungGen: 59744K->1376K(59904K)] 388829K->330461K(561664K), 0.0029020 secs] [Times: user=0.01 sys=0.00, real=0.00 secs] 
340.818: [GC (Allocation Failure) [PSYoungGen: 59744K->1376K(59904K)] 388829K->330461K(561664K), 0.0026925 secs] [Times: user=0.02 sys=0.00, real=0.00 secs] 
341.319: [GC (Allocation Failure) [PSYoungGen: 59744K->1408K(59904K)] 388829K->330493K(561664K), 0.0028177 secs] [Times: user=0.01 sys=0.01, real=0.00 secs] 
341.753: [GC (Allocation Failure) [PSYoungGen: 59776K->1533K(59904K)] 388861K->330650K(561664K), 0.0015396 secs] [Times: user=0.00 sys=0.00, real=0.00 secs] 
342.099: [GC (Allocation Failure) [PSYoungGen: 59901K->1549K(60416K)] 389018K->330690K(562176K), 0.0017756 secs] [Times: user=0.01 sys=0.00, real=0.00 secs] 
342.444: [GC (Allocation Failure) [PSYoungGen: 59917K->557K(59392K)] 389058K->330722K(561152K), 0.0017639 secs] [Times: user=0.00 sys=0.00, real=0.00 secs] 
342.790: [GC (Allocation Failure) [PSYoungGen: 58895K->560K(59392K)] 389060K->330725K(561152K), 0.0015216 secs] [Times: user=0.00 sys=0.00, real=0.00 secs] 
344.532: [GC (Allocation Failure) [PSYoungGen: 58928K->1440K(59904K)] 389093K->331605K(561664K), 0.0035345 secs] [Times: user=0.01 sys=0.00, real=0.01 secs] 
345.157: [GC (Allocation Failure) [PSYoungGen: 59808K->1408K(59904K)] 389973K->331573K(561664K), 0.0036078 secs] [Times: user=0.01 sys=0.00, real=0.00 secs] 
345.729: [GC (Allocation Failure) [PSYoungGen: 59776K->1392K(59904K)] 389941K->331557K(561664K), 0.0028387 secs] [Times: user=0.01 sys=0.00, real=0.00 secs] 
346.334: [GC (Allocation Failure) [PSYoungGen: 59760K->1376K(59904K)] 389925K->331541K(561664K), 0.0027977 secs] [Times: user=0.02 sys=0.00, real=0.00 secs] 
347.192: [GC (Allocation Failure) [PSYoungGen: 59744K->1408K(59904K)] 389909K->331573K(561664K), 0.0045332 secs] [Times: user=0.02 sys=0.00, real=0.01 secs] 
347.750: [GC (Allocation Failure) [PSYoungGen: 59744K->1565K(60416K)] 389909K->331730K(562176K), 0.0016247 secs] [Times: user=0.00 sys=0.00, real=0.00 secs] 
348.095: [GC (Allocation Failure) [PSYoungGen: 59933K->541K(59392K)] 390098K->331746K(561152K), 0.0016438 secs] [Times: user=0.01 sys=0.00, real=0.00 secs] 
348.439: [GC (Allocation Failure) [PSYoungGen: 58909K->525K(59392K)] 390114K->331730K(561152K), 0.0015480 secs] [Times: user=0.01 sys=0.00, real=0.00 secs] 
348.781: [GC (Allocation Failure) [PSYoungGen: 58863K->493K(58880K)] 390068K->331698K(560640K), 0.0015920 secs] [Times: user=0.00 sys=0.00, real=0.00 secs] 
349.313: [GC (Allocation Failure) [PSYoungGen: 58861K->1440K(60928K)] 390066K->332645K(562688K), 0.0020817 secs] [Times: user=0.00 sys=0.00, real=0.00 secs] 
349.605: [GC (Allocation Failure) [PSYoungGen: 59808K->1376K(59904K)] 391013K->332581K(561664K), 0.0027479 secs] [Times: user=0.01 sys=0.00, real=0.00 secs] 
349.868: [GC (Allocation Failure) [PSYoungGen: 59744K->1376K(59904K)] 390949K->332581K(561664K), 0.0025216 secs] [Times: user=0.01 sys=0.00, real=0.00 secs] 
350.111: [GC (Allocation Failure) [PSYoungGen: 59744K->1424K(59904K)] 390949K->332629K(561664K), 0.0022090 secs] [Times: user=0.01 sys=0.00, real=0.01 secs] 
350.354: [GC (Allocation Failure) [PSYoungGen: 59792K->1376K(59904K)] 390997K->332581K(561664K), 0.0020828 secs] [Times: user=0.01 sys=0.00, real=0.00 secs] 
350.727: [GC (Allocation Failure) [PSYoungGen: 59744K->1501K(59904K)] 390949K->332706K(561664K), 0.0016791 secs] [Times: user=0.00 sys=0.00, real=0.00 secs] 
351.076: [GC (Allocation Failure) [PSYoungGen: 59869K->1504K(59904K)] 391074K->332725K(561664K), 0.0016762 secs] [Times: user=0.01 sys=0.00, real=0.00 secs] 
351.419: [GC (Allocation Failure) [PSYoungGen: 59872K->1533K(59904K)] 391093K->332770K(561664K), 0.0016924 secs] [Times: user=0.00 sys=0.00, real=0.00 secs] 
351.761: [GC (Allocation Failure) [PSYoungGen: 59875K->1597K(60416K)] 391112K->332834K(562176K), 0.0019292 secs] [Times: user=0.01 sys=0.00, real=0.01 secs] 
352.073: [GC (Allocation Failure) [PSYoungGen: 59965K->1408K(59904K)] 391202K->332645K(561664K), 0.0019831 secs] [Times: user=0.01 sys=0.00, real=0.01 secs] 
352.316: [GC (Allocation Failure) [PSYoungGen: 59776K->1376K(59904K)] 391013K->332613K(561664K), 0.0020432 secs] [Times: user=0.01 sys=0.00, real=0.00 secs] 
352.558: [GC (Allocation Failure) [PSYoungGen: 59744K->1376K(59904K)] 390981K->332613K(561664K), 0.0018835 secs] [Times: user=0.01 sys=0.00, real=0.00 secs] 
352.807: [GC (Allocation Failure) [PSYoungGen: 59744K->1376K(59904K)] 390981K->332613K(561664K), 0.0028186 secs] [Times: user=0.02 sys=0.00, real=0.00 secs] 
353.045: [GC (Allocation Failure) [PSYoungGen: 59744K->1344K(59904K)] 390981K->332581K(561664K), 0.0023168 secs] [Times: user=0.00 sys=0.00, real=0.00 secs] 
353.436: [GC (Allocation Failure) [PSYoungGen: 59712K->1565K(60416K)] 390949K->332802K(562176K), 0.0017792 secs] [Times: user=0.01 sys=0.00, real=0.00 secs] 
353.781: [GC (Allocation Failure) [PSYoungGen: 59933K->544K(59392K)] 391170K->332829K(561152K), 0.0018426 secs] [Times: user=0.01 sys=0.00, real=0.00 secs] 
354.125: [GC (Allocation Failure) [PSYoungGen: 58912K->560K(59392K)] 391197K->332845K(561152K), 0.0014491 secs] [Times: user=0.01 sys=0.00, real=0.00 secs] 
354.467: [GC (Allocation Failure) [PSYoungGen: 58896K->560K(59392K)] 391181K->332845K(561152K), 0.0016444 secs] [Times: user=0.00 sys=0.00, real=0.00 secs] 
354.884: [GC (Allocation Failure) [PSYoungGen: 58928K->1424K(59904K)] 391213K->333709K(561664K), 0.0019658 secs] [Times: user=0.01 sys=0.00, real=0.00 secs] 
355.127: [GC (Allocation Failure) [PSYoungGen: 59792K->1376K(59904K)] 392077K->333661K(561664K), 0.0019318 secs] [Times: user=0.01 sys=0.00, real=0.00 secs] 
355.513: [GC (Allocation Failure) [PSYoungGen: 59744K->1376K(59904K)] 392029K->333661K(561664K), 0.0022470 secs] [Times: user=0.01 sys=0.00, real=0.01 secs] 
356.018: [GC (Allocation Failure) [PSYoungGen: 59744K->1424K(59904K)] 392029K->333709K(561664K), 0.0019043 secs] [Times: user=0.01 sys=0.00, real=0.00 secs] 
356.719: [GC (Allocation Failure) [PSYoungGen: 59792K->1456K(59904K)] 392077K->333741K(561664K), 0.0022679 secs] [Times: user=0.01 sys=0.00, real=0.00 secs] 
357.107: [GC (Allocation Failure) [PSYoungGen: 59824K->1533K(59904K)] 392109K->333890K(561664K), 0.0015541 secs] [Times: user=0.01 sys=0.00, real=0.00 secs] 
357.451: [GC (Allocation Failure) [PSYoungGen: 59901K->1597K(60416K)] 392258K->333970K(562176K), 0.0017079 secs] [Times: user=0.00 sys=0.00, real=0.00 secs] 
357.795: [GC (Allocation Failure) [PSYoungGen: 59965K->1581K(60416K)] 392338K->333954K(562176K), 0.0016833 secs] [Times: user=0.01 sys=0.00, real=0.00 secs] 
358.139: [GC (Allocation Failure) [PSYoungGen: 59949K->1533K(59904K)] 392322K->333906K(561664K), 0.0016637 secs] [Times: user=0.00 sys=0.00, real=0.00 secs] 
358.460: [GC (Allocation Failure) [PSYoungGen: 59901K->1472K(59904K)] 392274K->333845K(561664K), 0.0019981 secs] [Times: user=0.01 sys=0.00, real=0.00 secs] 
358.746: [GC (Allocation Failure) [PSYoungGen: 59840K->1376K(59904K)] 392213K->333749K(561664K), 0.0019860 secs] [Times: user=0.01 sys=0.00, real=0.00 secs] 
359.011: [GC (Allocation Failure) [PSYoungGen: 59744K->1408K(59904K)] 392117K->333781K(561664K), 0.0018896 secs] [Times: user=0.01 sys=0.00, real=0.00 secs] 
359.268: [GC (Allocation Failure) [PSYoungGen: 59776K->1440K(59904K)] 392149K->333813K(561664K), 0.0021024 secs] [Times: user=0.01 sys=0.00, real=0.00 secs] 
359.608: [GC (Allocation Failure) [PSYoungGen: 59808K->1408K(59904K)] 392181K->333781K(561664K), 0.0019213 secs] [Times: user=0.01 sys=0.00, real=0.00 secs] 
359.994: [GC (Allocation Failure) [PSYoungGen: 59776K->1565K(60416K)] 392149K->333938K(562176K), 0.0017367 secs] [Times: user=0.01 sys=0.00, real=0.00 secs] 
360.393: [GC (Allocation Failure) [PSYoungGen: 59933K->544K(59392K)] 392306K->333965K(561152K), 0.0015994 secs] [Times: user=0.00 sys=0.00, real=0.01 secs] 
360.799: [GC (Allocation Failure) [PSYoungGen: 58912K->528K(59392K)] 392333K->333949K(561152K), 0.0016061 secs] [Times: user=0.01 sys=0.00, real=0.00 secs] 
361.165: [GC (Allocation Failure) [PSYoungGen: 58895K->528K(59392K)] 392316K->333949K(561152K), 0.0016135 secs] [Times: user=0.00 sys=0.00, real=0.00 secs] 
361.482: [GC (Allocation Failure) [PSYoungGen: 58896K->1424K(59904K)] 392317K->334853K(561664K), 0.0021601 secs] [Times: user=0.01 sys=0.00, real=0.01 secs] 
361.724: [GC (Allocation Failure) [PSYoungGen: 59792K->1376K(59904K)] 393221K->334805K(561664K), 0.0023829 secs] [Times: user=0.01 sys=0.00, real=0.00 secs] 
361.969: [GC (Allocation Failure) [PSYoungGen: 59744K->1376K(59904K)] 393173K->334805K(561664K), 0.0023308 secs] [Times: user=0.01 sys=0.01, real=0.00 secs] 
362.212: [GC (Allocation Failure) [PSYoungGen: 59744K->1376K(59904K)] 393173K->334805K(561664K), 0.0024185 secs] [Times: user=0.01 sys=0.00, real=0.01 secs] 
362.465: [GC (Allocation Failure) [PSYoungGen: 59744K->1408K(59904K)] 393173K->334837K(561664K), 0.0023656 secs] [Times: user=0.01 sys=0.00, real=0.00 secs] 
362.898: [GC (Allocation Failure) [PSYoungGen: 59776K->1533K(59904K)] 393205K->334970K(561664K), 0.0016747 secs] [Times: user=0.00 sys=0.00, real=0.00 secs] 
363.242: [GC (Allocation Failure) [PSYoungGen: 59901K->1533K(59904K)] 393338K->334986K(561664K), 0.0017234 secs] [Times: user=0.01 sys=0.00, real=0.01 secs] 
363.586: [GC (Allocation Failure) [PSYoungGen: 59901K->1517K(59904K)] 393354K->334978K(561664K), 0.0016865 secs] [Times: user=0.01 sys=0.00, real=0.00 secs] 
363.931: [GC (Allocation Failure) [PSYoungGen: 59885K->1597K(60416K)] 393346K->335058K(562176K), 0.0016633 secs] [Times: user=0.01 sys=0.00, real=0.00 secs] 
364.297: [GC (Allocation Failure) [PSYoungGen: 59965K->1440K(59904K)] 393426K->334901K(561664K), 0.0020170 secs] [Times: user=0.01 sys=0.00, real=0.00 secs] 
364.580: [GC (Allocation Failure) [PSYoungGen: 59808K->1360K(59904K)] 393269K->334821K(561664K), 0.0022353 secs] [Times: user=0.01 sys=0.00, real=0.00 secs] 
364.823: [GC (Allocation Failure) [PSYoungGen: 59728K->1376K(59904K)] 393189K->334837K(561664K), 0.0023005 secs] [Times: user=0.01 sys=0.00, real=0.00 secs] 
365.066: [GC (Allocation Failure) [PSYoungGen: 59744K->1392K(59904K)] 393205K->334853K(561664K), 0.0020991 secs] [Times: user=0.01 sys=0.00, real=0.00 secs] 
365.394: [GC (Allocation Failure) [PSYoungGen: 59716K->352K(58880K)] 393177K->333813K(560640K), 0.0022376 secs] [Times: user=0.01 sys=0.00, real=0.00 secs] 
365.766: [GC (Allocation Failure) [PSYoungGen: 58695K->1597K(60416K)] 392157K->335058K(562176K), 0.0015636 secs] [Times: user=0.01 sys=0.00, real=0.00 secs] 
366.112: [GC (Allocation Failure) [PSYoungGen: 59965K->1565K(60416K)] 393426K->335042K(562176K), 0.0016317 secs] [Times: user=0.01 sys=0.00, real=0.01 secs] 
366.517: [GC (Allocation Failure) [PSYoungGen: 59933K->1565K(60416K)] 393410K->335042K(562176K), 0.0018058 secs] [Times: user=0.00 sys=0.00, real=0.00 secs] 
366.919: [GC (Allocation Failure) [PSYoungGen: 59907K->1533K(59904K)] 393385K->335010K(561664K), 0.0016450 secs] [Times: user=0.00 sys=0.00, real=0.00 secs] 
367.272: [GC (Allocation Failure) [PSYoungGen: 59901K->1408K(59904K)] 393378K->334893K(561664K), 0.0025254 secs] [Times: user=0.01 sys=0.00, real=0.01 secs] 
367.548: [GC (Allocation Failure) [PSYoungGen: 59776K->1376K(59904K)] 393261K->334861K(561664K), 0.0022289 secs] [Times: user=0.00 sys=0.00, real=0.00 secs] 
367.791: [GC (Allocation Failure) [PSYoungGen: 59744K->1376K(59904K)] 393229K->334877K(561664K), 0.0023402 secs] [Times: user=0.01 sys=0.00, real=0.01 secs] 
368.034: [GC (Allocation Failure) [PSYoungGen: 59744K->1408K(59904K)] 393245K->334909K(561664K), 0.0020844 secs] [Times: user=0.01 sys=0.00, real=0.00 secs] 
368.325: [GC (Allocation Failure) [PSYoungGen: 59679K->352K(58880K)] 393180K->333853K(560640K), 0.0019104 secs] [Times: user=0.00 sys=0.00, real=0.00 secs] 
368.669: [GC (Allocation Failure) [PSYoungGen: 58720K->1565K(60416K)] 392221K->335066K(562176K), 0.0016566 secs] [Times: user=0.01 sys=0.00, real=0.00 secs] 
369.012: [GC (Allocation Failure) [PSYoungGen: 59918K->1549K(60416K)] 393419K->335066K(562176K), 0.0017483 secs] [Times: user=0.01 sys=0.00, real=0.01 secs] 
369.355: [GC (Allocation Failure) [PSYoungGen: 59904K->509K(58880K)] 393421K->335122K(560640K), 0.0017150 secs] [Times: user=0.01 sys=0.00, real=0.00 secs] 
369.697: [GC (Allocation Failure) [PSYoungGen: 58870K->528K(60928K)] 393483K->335173K(562688K), 0.0016484 secs] [Times: user=0.01 sys=0.00, real=0.00 secs] 
370.165: [GC (Allocation Failure) [PSYoungGen: 58896K->1440K(59904K)] 393541K->336085K(561664K), 0.0023219 secs] [Times: user=0.01 sys=0.00, real=0.00 secs] 
370.438: [GC (Allocation Failure) [PSYoungGen: 59808K->1440K(59904K)] 394453K->336085K(561664K), 0.0023981 secs] [Times: user=0.01 sys=0.00, real=0.00 secs] 
370.681: [GC (Allocation Failure) [PSYoungGen: 59808K->1408K(59904K)] 394453K->336053K(561664K), 0.0023350 secs] [Times: user=0.01 sys=0.00, real=0.01 secs] 
370.925: [GC (Allocation Failure) [PSYoungGen: 59776K->1376K(59904K)] 394421K->336021K(561664K), 0.0024685 secs] [Times: user=0.00 sys=0.00, real=0.00 secs] 
371.188: [GC (Allocation Failure) [PSYoungGen: 59629K->320K(58880K)] 394274K->334965K(560640K), 0.0021672 secs] [Times: user=0.01 sys=0.00, real=0.00 secs] 
371.544: [GC (Allocation Failure) [PSYoungGen: 58688K->1597K(60928K)] 393333K->336250K(562688K), 0.0016819 secs] [Times: user=0.01 sys=0.00, real=0.00 secs] 
371.888: [GC (Allocation Failure) [PSYoungGen: 59947K->1613K(60416K)] 394600K->336282K(562176K), 0.0017414 secs] [Times: user=0.00 sys=0.00, real=0.00 secs] 
372.230: [GC (Allocation Failure) [PSYoungGen: 59981K->1597K(60416K)] 394650K->336266K(562176K), 0.0016856 secs] [Times: user=0.01 sys=0.00, real=0.00 secs] 
372.573: [GC (Allocation Failure) [PSYoungGen: 59965K->1501K(59904K)] 394634K->336170K(561664K), 0.0016704 secs] [Times: user=0.00 sys=0.00, real=0.01 secs] 
373.033: [GC (Allocation Failure) [PSYoungGen: 59869K->1440K(59904K)] 394538K->336109K(561664K), 0.0021386 secs] [Times: user=0.01 sys=0.00, real=0.00 secs] 
373.554: [GC (Allocation Failure) [PSYoungGen: 59808K->1376K(59904K)] 394477K->336045K(561664K), 0.0022026 secs] [Times: user=0.01 sys=0.00, real=0.00 secs] 
374.022: [GC (Allocation Failure) [PSYoungGen: 59744K->1344K(59904K)] 394413K->336021K(561664K), 0.0019621 secs] [Times: user=0.01 sys=0.00, real=0.01 secs] 
374.333: [GC (Allocation Failure) [PSYoungGen: 59712K->1376K(59904K)] 394389K->336053K(561664K), 0.0022542 secs] [Times: user=0.00 sys=0.00, real=0.00 secs] 
374.673: [GC (Allocation Failure) [PSYoungGen: 59744K->1408K(59904K)] 394421K->336093K(561664K), 0.0022001 secs] [Times: user=0.01 sys=0.00, real=0.01 secs] 
375.050: [GC (Allocation Failure) [PSYoungGen: 59776K->1504K(59904K)] 394461K->336197K(561664K), 0.0016849 secs] [Times: user=0.01 sys=0.00, real=0.00 secs] 
375.405: [GC (Allocation Failure) [PSYoungGen: 59872K->1597K(60416K)] 394565K->336298K(562176K), 0.0016437 secs] [Times: user=0.00 sys=0.00, real=0.00 secs] 
375.748: [GC (Allocation Failure) [PSYoungGen: 59935K->573K(59392K)] 394636K->336298K(561152K), 0.0015774 secs] [Times: user=0.01 sys=0.00, real=0.00 secs] 
376.093: [GC (Allocation Failure) [PSYoungGen: 58936K->528K(59392K)] 394661K->336253K(561152K), 0.0014937 secs] [Times: user=0.00 sys=0.00, real=0.01 secs] 
376.826: [GC (Allocation Failure) [PSYoungGen: 58896K->1472K(59904K)] 394621K->337197K(561664K), 0.0021058 secs] [Times: user=0.01 sys=0.00, real=0.00 secs] 
377.472: [GC (Allocation Failure) [PSYoungGen: 59840K->1376K(59904K)] 395565K->337101K(561664K), 0.0031367 secs] [Times: user=0.02 sys=0.00, real=0.01 secs] 
377.811: [GC (Allocation Failure) [PSYoungGen: 59744K->1408K(59904K)] 395469K->337133K(561664K), 0.0022042 secs] [Times: user=0.01 sys=0.00, real=0.01 secs] 
378.054: [GC (Allocation Failure) [PSYoungGen: 59776K->1376K(59904K)] 395501K->337101K(561664K), 0.0021225 secs] [Times: user=0.01 sys=0.00, real=0.00 secs] 
378.405: [GC (Allocation Failure) [PSYoungGen: 59599K->288K(59904K)] 395324K->336013K(561664K), 0.0018849 secs] [Times: user=0.01 sys=0.00, real=0.00 secs] 
378.826: [GC (Allocation Failure) [PSYoungGen: 58144K->1597K(60416K)] 393869K->337322K(562176K), 0.0017200 secs] [Times: user=0.00 sys=0.00, real=0.00 secs] 
379.165: [GC (Allocation Failure) [PSYoungGen: 59453K->1549K(60416K)] 395178K->337290K(562176K), 0.0016022 secs] [Times: user=0.00 sys=0.00, real=0.00 secs] 
379.502: [GC (Allocation Failure) [PSYoungGen: 59405K->1597K(60416K)] 395146K->337338K(562176K), 0.0016833 secs] [Times: user=0.00 sys=0.00, real=0.01 secs] 
379.839: [GC (Allocation Failure) [PSYoungGen: 59453K->1549K(60416K)] 395194K->337290K(562176K), 0.0017086 secs] [Times: user=0.00 sys=0.00, real=0.00 secs] 
381.371: [GC (Allocation Failure) [PSYoungGen: 59405K->1440K(60416K)] 395146K->337181K(562176K), 0.0039028 secs] [Times: user=0.02 sys=0.00, real=0.01 secs] 
381.672: [GC (Allocation Failure) [PSYoungGen: 59296K->1376K(60416K)] 395037K->337117K(562176K), 0.0021628 secs] [Times: user=0.01 sys=0.00, real=0.01 secs] 
381.920: [GC (Allocation Failure) [PSYoungGen: 59232K->1376K(59392K)] 394973K->337141K(561152K), 0.0021787 secs] [Times: user=0.01 sys=0.00, real=0.00 secs] 
382.169: [GC (Allocation Failure) [PSYoungGen: 59232K->1344K(59904K)] 394997K->337109K(561664K), 0.0022514 secs] [Times: user=0.01 sys=0.00, real=0.00 secs] 
382.409: [GC (Allocation Failure) [PSYoungGen: 59200K->1344K(59904K)] 394965K->337109K(561664K), 0.0024323 secs] [Times: user=0.01 sys=0.00, real=0.00 secs] 
382.794: [GC (Allocation Failure) [PSYoungGen: 59200K->1533K(59904K)] 394965K->337298K(561664K), 0.0016076 secs] [Times: user=0.01 sys=0.00, real=0.00 secs] 
383.192: [GC (Allocation Failure) [PSYoungGen: 59359K->1581K(59904K)] 395124K->337362K(561664K), 0.0015941 secs] [Times: user=0.00 sys=0.00, real=0.01 secs] 
383.590: [GC (Allocation Failure) [PSYoungGen: 59437K->1565K(59904K)] 395218K->337346K(561664K), 0.0016128 secs] [Times: user=0.00 sys=0.01, real=0.00 secs] 
383.927: [GC (Allocation Failure) [PSYoungGen: 59421K->1597K(59904K)] 395202K->337378K(561664K), 0.0017555 secs] [Times: user=0.00 sys=0.00, real=0.00 secs] 
384.423: [GC (Allocation Failure) [PSYoungGen: 59453K->1408K(59904K)] 395234K->337197K(561664K), 0.0033726 secs] [Times: user=0.01 sys=0.00, real=0.01 secs] 
384.683: [GC (Allocation Failure) [PSYoungGen: 59264K->1408K(59904K)] 395053K->337197K(561664K), 0.0021924 secs] [Times: user=0.01 sys=0.00, real=0.01 secs] 
385.014: [GC (Allocation Failure) [PSYoungGen: 59264K->1360K(59904K)] 395053K->337149K(561664K), 0.0021736 secs] [Times: user=0.01 sys=0.00, real=0.00 secs] 
385.523: [GC (Allocation Failure) [PSYoungGen: 59216K->1344K(59904K)] 395005K->337133K(561664K), 0.0029950 secs] [Times: user=0.01 sys=0.00, real=0.01 secs] 
385.948: [GC (Allocation Failure) [PSYoungGen: 59200K->1408K(59904K)] 394989K->337197K(561664K), 0.0021168 secs] [Times: user=0.01 sys=0.00, real=0.00 secs] 
386.429: [GC (Allocation Failure) [PSYoungGen: 59264K->1533K(59904K)] 395053K->337322K(561664K), 0.0016778 secs] [Times: user=0.00 sys=0.00, real=0.00 secs] 
386.768: [GC (Allocation Failure) [PSYoungGen: 59389K->1533K(59904K)] 395178K->337338K(561664K), 0.0015914 secs] [Times: user=0.00 sys=0.00, real=0.00 secs] 
387.106: [GC (Allocation Failure) [PSYoungGen: 59367K->1533K(59904K)] 395172K->337338K(561664K), 0.0015382 secs] [Times: user=0.00 sys=0.00, real=0.00 secs] 
387.445: [GC (Allocation Failure) [PSYoungGen: 59389K->1517K(59904K)] 395194K->337322K(561664K), 0.0017062 secs] [Times: user=0.01 sys=0.00, real=0.00 secs] 
388.183: [GC (Allocation Failure) [PSYoungGen: 59373K->1408K(59904K)] 395178K->337213K(561664K), 0.0038608 secs] [Times: user=0.01 sys=0.00, real=0.00 secs] 
388.521: [GC (Allocation Failure) [PSYoungGen: 59264K->1376K(59904K)] 395069K->337181K(561664K), 0.0021324 secs] [Times: user=0.01 sys=0.00, real=0.00 secs] 
388.761: [GC (Allocation Failure) [PSYoungGen: 59232K->1376K(59904K)] 395037K->337181K(561664K), 0.0019366 secs] [Times: user=0.00 sys=0.00, real=0.01 secs] 
389.001: [GC (Allocation Failure) [PSYoungGen: 59232K->1408K(59904K)] 395037K->337213K(561664K), 0.0019786 secs] [Times: user=0.01 sys=0.00, real=0.01 secs] 
389.241: [GC (Allocation Failure) [PSYoungGen: 59264K->1376K(59904K)] 395069K->337181K(561664K), 0.0019847 secs] [Times: user=0.01 sys=0.00, real=0.01 secs] 
389.581: [GC (Allocation Failure) [PSYoungGen: 59223K->1501K(59904K)] 395028K->337306K(561664K), 0.0015843 secs] [Times: user=0.01 sys=0.00, real=0.00 secs] 
389.918: [GC (Allocation Failure) [PSYoungGen: 59357K->1565K(59904K)] 395162K->337378K(561664K), 0.0015427 secs] [Times: user=0.01 sys=0.00, real=0.00 secs] 
390.256: [GC (Allocation Failure) [PSYoungGen: 59421K->1565K(59904K)] 395234K->337378K(561664K), 0.0016589 secs] [Times: user=0.00 sys=0.00, real=0.00 secs] 
390.593: [GC (Allocation Failure) [PSYoungGen: 59421K->1565K(59904K)] 395234K->337394K(561664K), 0.0015977 secs] [Times: user=0.01 sys=0.00, real=0.01 secs] 
391.221: [GC (Allocation Failure) [PSYoungGen: 59421K->1440K(59904K)] 395250K->337269K(561664K), 0.0028708 secs] [Times: user=0.01 sys=0.00, real=0.01 secs] 
391.742: [GC (Allocation Failure) [PSYoungGen: 59296K->1344K(59904K)] 395125K->337173K(561664K), 0.0031178 secs] [Times: user=0.01 sys=0.00, real=0.01 secs] 
392.246: [GC (Allocation Failure) [PSYoungGen: 59200K->1376K(59904K)] 395029K->337205K(561664K), 0.0028760 secs] [Times: user=0.01 sys=0.00, real=0.00 secs] 
392.787: [GC (Allocation Failure) [PSYoungGen: 59232K->1344K(59904K)] 395061K->337173K(561664K), 0.0029538 secs] [Times: user=0.01 sys=0.00, real=0.00 secs] 
393.339: [GC (Allocation Failure) [PSYoungGen: 59200K->1376K(59904K)] 395029K->337205K(561664K), 0.0026887 secs] [Times: user=0.01 sys=0.00, real=0.00 secs] 
393.902: [GC (Allocation Failure) [PSYoungGen: 59232K->1501K(59904K)] 395061K->337330K(561664K), 0.0016157 secs] [Times: user=0.01 sys=0.00, real=0.01 secs] 
394.242: [GC (Allocation Failure) [PSYoungGen: 59352K->1568K(59904K)] 395182K->337405K(561664K), 0.0016077 secs] [Times: user=0.00 sys=0.00, real=0.01 secs] 
394.580: [GC (Allocation Failure) [PSYoungGen: 59424K->1629K(59904K)] 395261K->337466K(561664K), 0.0017652 secs] [Times: user=0.00 sys=0.00, real=0.00 secs] 
394.917: [GC (Allocation Failure) [PSYoungGen: 59485K->1613K(59904K)] 395322K->337450K(561664K), 0.0016748 secs] [Times: user=0.00 sys=0.00, real=0.00 secs] 
395.235: [GC (Allocation Failure) [PSYoungGen: 59469K->1504K(59904K)] 395306K->337341K(561664K), 0.0019082 secs] [Times: user=0.01 sys=0.00, real=0.00 secs] 
395.562: [GC (Allocation Failure) [PSYoungGen: 59360K->1360K(59904K)] 395197K->337197K(561664K), 0.0020784 secs] [Times: user=0.01 sys=0.00, real=0.01 secs] 
396.046: [GC (Allocation Failure) [PSYoungGen: 59216K->1376K(59904K)] 395053K->337213K(561664K), 0.0020168 secs] [Times: user=0.01 sys=0.00, real=0.00 secs] 
396.555: [GC (Allocation Failure) [PSYoungGen: 59232K->1376K(59904K)] 395069K->337213K(561664K), 0.0021060 secs] [Times: user=0.01 sys=0.00, real=0.00 secs] 
397.082: [GC (Allocation Failure) [PSYoungGen: 59232K->1408K(59904K)] 395069K->337245K(561664K), 0.0020783 secs] [Times: user=0.01 sys=0.00, real=0.01 secs] 
397.628: [GC (Allocation Failure) [PSYoungGen: 59264K->1501K(59904K)] 395101K->337338K(561664K), 0.0015758 secs] [Times: user=0.01 sys=0.00, real=0.00 secs] 
397.967: [GC (Allocation Failure) [PSYoungGen: 59327K->1517K(59904K)] 395164K->337362K(561664K), 0.0016586 secs] [Times: user=0.01 sys=0.00, real=0.00 secs] 
398.304: [GC (Allocation Failure) [PSYoungGen: 59373K->1549K(59904K)] 395218K->337394K(561664K), 0.0016851 secs] [Times: user=0.00 sys=0.00, real=0.00 secs] 
398.642: [GC (Allocation Failure) [PSYoungGen: 59405K->1581K(59904K)] 395250K->337426K(561664K), 0.0016818 secs] [Times: user=0.00 sys=0.00, real=0.01 secs] 
399.001: [GC (Allocation Failure) [PSYoungGen: 59437K->1472K(59904K)] 395282K->338349K(561664K), 0.0020949 secs] [Times: user=0.00 sys=0.00, real=0.00 secs] 
399.339: [GC (Allocation Failure) [PSYoungGen: 59328K->352K(59904K)] 396205K->337229K(561664K), 0.0018794 secs] [Times: user=0.01 sys=0.00, real=0.00 secs] 
399.806: [GC (Allocation Failure) [PSYoungGen: 58208K->352K(59904K)] 395085K->337229K(561664K), 0.0021644 secs] [Times: user=0.01 sys=0.00, real=0.00 secs] 
400.285: [GC (Allocation Failure) [PSYoungGen: 58208K->352K(59904K)] 395085K->337229K(561664K), 0.0020691 secs] [Times: user=0.00 sys=0.01, real=0.00 secs] 
400.805: [GC (Allocation Failure) [PSYoungGen: 58208K->384K(60416K)] 395085K->337261K(562176K), 0.0019291 secs] [Times: user=0.01 sys=0.00, real=0.00 secs] 
401.339: [GC (Allocation Failure) [PSYoungGen: 58211K->1501K(60416K)] 395088K->338410K(562176K), 0.0016511 secs] [Times: user=0.00 sys=0.00, real=0.00 secs] 
401.677: [GC (Allocation Failure) [PSYoungGen: 59357K->1565K(60416K)] 396266K->338482K(562176K), 0.0016715 secs] [Times: user=0.01 sys=0.00, real=0.00 secs] 
402.016: [GC (Allocation Failure) [PSYoungGen: 59421K->1501K(60416K)] 396338K->338418K(562176K), 0.0016761 secs] [Times: user=0.01 sys=0.00, real=0.00 secs] 
402.352: [GC (Allocation Failure) [PSYoungGen: 59357K->1565K(60416K)] 396274K->338482K(562176K), 0.0016596 secs] [Times: user=0.01 sys=0.00, real=0.01 secs] 
402.717: [GC (Allocation Failure) [PSYoungGen: 59421K->2528K(60416K)] 396338K->340469K(562176K), 0.0020272 secs] [Times: user=0.01 sys=0.00, real=0.00 secs] 
402.984: [GC (Allocation Failure) [PSYoungGen: 60384K->1408K(59904K)] 398325K->339349K(561664K), 0.0018893 secs] [Times: user=0.01 sys=0.00, real=0.00 secs] 
403.389: [GC (Allocation Failure) [PSYoungGen: 59264K->1360K(60416K)] 397205K->339301K(562176K), 0.0020845 secs] [Times: user=0.01 sys=0.00, real=0.00 secs] 
403.842: [GC (Allocation Failure) [PSYoungGen: 59216K->1392K(60416K)] 397157K->339333K(562176K), 0.0020896 secs] [Times: user=0.01 sys=0.00, real=0.01 secs] 
404.312: [GC (Allocation Failure) [PSYoungGen: 59248K->1360K(60416K)] 397189K->339301K(562176K), 0.0023893 secs] [Times: user=0.01 sys=0.00, real=0.01 secs] 
404.805: [GC (Allocation Failure) [PSYoungGen: 59216K->1440K(60416K)] 397157K->339381K(562176K), 0.0015099 secs] [Times: user=0.00 sys=0.00, real=0.00 secs] 
405.144: [GC (Allocation Failure) [PSYoungGen: 59289K->1600K(60416K)] 397230K->339557K(562176K), 0.0015777 secs] [Times: user=0.01 sys=0.00, real=0.00 secs] 
405.487: [GC (Allocation Failure) [PSYoungGen: 59456K->1581K(60416K)] 397413K->339538K(562176K), 0.0016337 secs] [Times: user=0.01 sys=0.00, real=0.00 secs] 
405.827: [GC (Allocation Failure) [PSYoungGen: 59437K->1584K(60416K)] 397394K->339541K(562176K), 0.0015496 secs] [Times: user=0.01 sys=0.00, real=0.00 secs] 
406.191: [GC (Allocation Failure) [PSYoungGen: 59440K->1792K(60416K)] 397397K->339749K(562176K), 0.0018042 secs] [Times: user=0.01 sys=0.00, real=0.00 secs] 
406.433: [GC (Allocation Failure) [PSYoungGen: 59648K->1344K(60416K)] 397605K->339301K(562176K), 0.0018720 secs] [Times: user=0.01 sys=0.00, real=0.01 secs] 
406.673: [GC (Allocation Failure) [PSYoungGen: 59200K->1408K(60416K)] 397157K->339365K(562176K), 0.0018687 secs] [Times: user=0.00 sys=0.00, real=0.00 secs] 
406.975: [GC (Allocation Failure) [PSYoungGen: 59264K->1376K(59392K)] 397221K->339333K(561152K), 0.0019250 secs] [Times: user=0.01 sys=0.00, real=0.00 secs] 
407.379: [GC (Allocation Failure) [PSYoungGen: 59232K->1456K(59904K)] 397189K->339413K(561664K), 0.0020252 secs] [Times: user=0.01 sys=0.00, real=0.00 secs] 
407.781: [GC (Allocation Failure) [PSYoungGen: 59312K->1485K(59904K)] 397269K->339442K(561664K), 0.0015776 secs] [Times: user=0.01 sys=0.00, real=0.00 secs] 
408.121: [GC (Allocation Failure) [PSYoungGen: 59338K->1565K(59904K)] 397295K->339530K(561664K), 0.0015929 secs] [Times: user=0.01 sys=0.00, real=0.00 secs] 
408.458: [GC (Allocation Failure) [PSYoungGen: 59421K->1581K(59904K)] 397386K->339546K(561664K), 0.0016848 secs] [Times: user=0.00 sys=0.00, real=0.00 secs] 
408.795: [GC (Allocation Failure) [PSYoungGen: 59437K->1565K(59904K)] 397402K->339530K(561664K), 0.0016129 secs] [Times: user=0.01 sys=0.00, real=0.00 secs] 
409.133: [GC (Allocation Failure) [PSYoungGen: 59421K->1565K(59904K)] 397386K->339530K(561664K), 0.0016769 secs] [Times: user=0.01 sys=0.00, real=0.00 secs] 
409.637: [GC (Allocation Failure) [PSYoungGen: 59421K->1440K(59904K)] 397386K->339413K(561664K), 0.0021908 secs] [Times: user=0.01 sys=0.00, real=0.00 secs] 
409.877: [GC (Allocation Failure) [PSYoungGen: 59296K->1344K(59904K)] 397269K->339333K(561664K), 0.0021120 secs] [Times: user=0.01 sys=0.00, real=0.00 secs] 
410.274: [GC (Allocation Failure) [PSYoungGen: 59200K->1408K(59904K)] 397189K->339397K(561664K), 0.0021744 secs] [Times: user=0.01 sys=0.00, real=0.00 secs] 
410.814: [GC (Allocation Failure) [PSYoungGen: 59264K->1408K(59904K)] 397253K->339397K(561664K), 0.0024285 secs] [Times: user=0.01 sys=0.00, real=0.00 secs] 
411.559: [GC (Allocation Failure) [PSYoungGen: 59232K->1469K(59904K)] 397221K->339458K(561664K), 0.0024050 secs] [Times: user=0.01 sys=0.00, real=0.00 secs] 
412.016: [GC (Allocation Failure) [PSYoungGen: 59325K->1533K(59904K)] 397314K->339538K(561664K), 0.0018045 secs] [Times: user=0.01 sys=0.00, real=0.00 secs] 
412.354: [GC (Allocation Failure) [PSYoungGen: 59371K->1565K(59904K)] 397376K->339570K(561664K), 0.0016709 secs] [Times: user=0.01 sys=0.00, real=0.00 secs] 
412.692: [GC (Allocation Failure) [PSYoungGen: 59421K->1597K(59904K)] 397426K->339602K(561664K), 0.0016184 secs] [Times: user=0.01 sys=0.00, real=0.01 secs] 
413.033: [GC (Allocation Failure) [PSYoungGen: 59453K->1565K(59904K)] 397458K->339570K(561664K), 0.0016443 secs] [Times: user=0.01 sys=0.00, real=0.00 secs] 
413.346: [GC (Allocation Failure) [PSYoungGen: 59421K->1440K(59904K)] 397426K->339445K(561664K), 0.0025753 secs] [Times: user=0.01 sys=0.00, real=0.00 secs] 
413.588: [GC (Allocation Failure) [PSYoungGen: 59296K->1376K(59904K)] 397301K->339381K(561664K), 0.0021588 secs] [Times: user=0.01 sys=0.00, real=0.00 secs] 
413.847: [GC (Allocation Failure) [PSYoungGen: 59232K->1408K(59904K)] 397237K->339413K(561664K), 0.0022493 secs] [Times: user=0.00 sys=0.00, real=0.00 secs] 
414.088: [GC (Allocation Failure) [PSYoungGen: 59264K->1408K(59904K)] 397269K->339413K(561664K), 0.0019451 secs] [Times: user=0.01 sys=0.00, real=0.00 secs] 
414.375: [GC (Allocation Failure) [PSYoungGen: 59264K->1453K(59904K)] 397269K->339458K(561664K), 0.0021054 secs] [Times: user=0.01 sys=0.00, real=0.00 secs] 
414.726: [GC (Allocation Failure) [PSYoungGen: 59309K->1533K(59904K)] 397314K->339538K(561664K), 0.0016340 secs] [Times: user=0.01 sys=0.00, real=0.00 secs] 
415.064: [GC (Allocation Failure) [PSYoungGen: 59385K->1597K(59904K)] 397390K->339618K(561664K), 0.0016659 secs] [Times: user=0.01 sys=0.00, real=0.00 secs] 
415.402: [GC (Allocation Failure) [PSYoungGen: 59453K->1536K(59904K)] 397474K->339557K(561664K), 0.0016560 secs] [Times: user=0.01 sys=0.00, real=0.01 secs] 
415.738: [GC (Allocation Failure) [PSYoungGen: 59392K->1597K(59904K)] 397413K->339618K(561664K), 0.0016153 secs] [Times: user=0.00 sys=0.00, real=0.00 secs] 
416.802: [GC (Allocation Failure) [PSYoungGen: 59453K->1376K(59904K)] 397474K->339405K(561664K), 0.0038947 secs] [Times: user=0.02 sys=0.00, real=0.01 secs] 
418.053: [GC (Allocation Failure) [PSYoungGen: 59232K->1408K(59904K)] 397261K->339445K(561664K), 0.0042344 secs] [Times: user=0.02 sys=0.00, real=0.01 secs] 
418.914: [GC (Allocation Failure) [PSYoungGen: 59264K->1440K(59904K)] 397301K->339477K(561664K), 0.0040971 secs] [Times: user=0.01 sys=0.00, real=0.00 secs] 
419.654: [GC (Allocation Failure) [PSYoungGen: 59296K->1312K(59904K)] 397333K->339349K(561664K), 0.0040079 secs] [Times: user=0.02 sys=0.00, real=0.00 secs] 
420.044: [GC (Allocation Failure) [PSYoungGen: 59168K->1376K(59904K)] 397205K->339413K(561664K), 0.0021684 secs] [Times: user=0.00 sys=0.00, real=0.00 secs] 
420.444: [GC (Allocation Failure) [PSYoungGen: 59215K->1533K(59904K)] 397252K->339570K(561664K), 0.0016097 secs] [Times: user=0.00 sys=0.00, real=0.00 secs] 
420.842: [GC (Allocation Failure) [PSYoungGen: 59389K->1565K(59904K)] 397426K->339610K(561664K), 0.0017792 secs] [Times: user=0.00 sys=0.00, real=0.01 secs] 
421.179: [GC (Allocation Failure) [PSYoungGen: 59421K->1581K(59904K)] 397466K->339626K(561664K), 0.0016387 secs] [Times: user=0.00 sys=0.00, real=0.00 secs] 
421.519: [GC (Allocation Failure) [PSYoungGen: 59437K->1565K(59904K)] 397482K->339610K(561664K), 0.0016243 secs] [Times: user=0.01 sys=0.00, real=0.00 secs] 
421.805: [GC (Allocation Failure) [PSYoungGen: 59421K->1456K(59904K)] 397466K->339509K(561664K), 0.0029234 secs] [Times: user=0.01 sys=0.00, real=0.00 secs] 
422.047: [GC (Allocation Failure) [PSYoungGen: 59312K->1408K(59904K)] 397365K->339461K(561664K), 0.0022517 secs] [Times: user=0.01 sys=0.00, real=0.00 secs] 
422.288: [GC (Allocation Failure) [PSYoungGen: 59264K->1376K(59904K)] 397317K->339429K(561664K), 0.0021372 secs] [Times: user=0.01 sys=0.00, real=0.00 secs] 
422.529: [GC (Allocation Failure) [PSYoungGen: 59232K->1408K(59904K)] 397285K->339485K(561664K), 0.0021678 secs] [Times: user=0.01 sys=0.00, real=0.00 secs] 
422.769: [GC (Allocation Failure) [PSYoungGen: 59264K->1376K(59904K)] 397341K->339453K(561664K), 0.0020698 secs] [Times: user=0.01 sys=0.00, real=0.00 secs] 
423.172: [GC (Allocation Failure) [PSYoungGen: 59215K->1565K(59904K)] 397292K->339642K(561664K), 0.0015489 secs] [Times: user=0.00 sys=0.00, real=0.01 secs] 
423.510: [GC (Allocation Failure) [PSYoungGen: 59421K->1597K(59904K)] 397498K->339690K(561664K), 0.0015286 secs] [Times: user=0.01 sys=0.00, real=0.00 secs] 
423.847: [GC (Allocation Failure) [PSYoungGen: 59453K->1613K(59904K)] 397546K->339706K(561664K), 0.0016059 secs] [Times: user=0.01 sys=0.00, real=0.00 secs] 
424.184: [GC (Allocation Failure) [PSYoungGen: 59469K->1597K(59904K)] 397562K->339690K(561664K), 0.0015696 secs] [Times: user=0.01 sys=0.00, real=0.00 secs] 
424.465: [GC (Allocation Failure) [PSYoungGen: 59453K->1376K(59904K)] 397546K->339469K(561664K), 0.0016695 secs] [Times: user=0.01 sys=0.00, real=0.00 secs] 
424.705: [GC (Allocation Failure) [PSYoungGen: 59232K->1424K(59904K)] 397325K->339517K(561664K), 0.0015402 secs] [Times: user=0.01 sys=0.00, real=0.00 secs] 
424.958: [GC (Allocation Failure) [PSYoungGen: 59280K->1408K(59904K)] 397373K->339501K(561664K), 0.0015456 secs] [Times: user=0.01 sys=0.00, real=0.00 secs] 
425.311: [GC (Allocation Failure) [PSYoungGen: 59264K->1392K(59904K)] 397357K->339485K(561664K), 0.0017707 secs] [Times: user=0.01 sys=0.00, real=0.00 secs] 
425.835: [GC (Allocation Failure) [PSYoungGen: 59248K->1408K(59904K)] 397341K->339501K(561664K), 0.0019116 secs] [Times: user=0.01 sys=0.00, real=0.00 secs] 
426.250: [GC (Allocation Failure) [PSYoungGen: 59250K->1533K(59904K)] 397343K->339626K(561664K), 0.0015758 secs] [Times: user=0.01 sys=0.00, real=0.00 secs] 
426.599: [GC (Allocation Failure) [PSYoungGen: 59389K->1565K(59904K)] 397482K->339674K(561664K), 0.0016835 secs] [Times: user=0.00 sys=0.00, real=0.00 secs] 
426.943: [GC (Allocation Failure) [PSYoungGen: 59421K->1584K(59904K)] 397530K->339693K(561664K), 0.0015735 secs] [Times: user=0.01 sys=0.00, real=0.01 secs] 
427.279: [GC (Allocation Failure) [PSYoungGen: 59440K->1597K(59904K)] 397549K->339706K(561664K), 0.0016613 secs] [Times: user=0.00 sys=0.00, real=0.00 secs] 
427.642: [GC (Allocation Failure) [PSYoungGen: 59453K->1472K(59904K)] 397562K->339581K(561664K), 0.0018717 secs] [Times: user=0.01 sys=0.00, real=0.01 secs] 
427.965: [GC (Allocation Failure) [PSYoungGen: 59328K->1376K(59904K)] 397437K->339485K(561664K), 0.0020172 secs] [Times: user=0.01 sys=0.00, real=0.00 secs] 
428.215: [GC (Allocation Failure) [PSYoungGen: 59232K->1424K(59904K)] 397341K->339533K(561664K), 0.0020217 secs] [Times: user=0.01 sys=0.00, real=0.00 secs] 
428.553: [GC (Allocation Failure) [PSYoungGen: 59280K->1408K(59904K)] 397389K->339517K(561664K), 0.0020301 secs] [Times: user=0.01 sys=0.00, real=0.00 secs] 
429.035: [GC (Allocation Failure) [PSYoungGen: 59264K->1376K(59904K)] 397373K->339485K(561664K), 0.0023085 secs] [Times: user=0.00 sys=0.00, real=0.00 secs] 
429.548: [GC (Allocation Failure) [PSYoungGen: 59223K->1549K(59904K)] 397332K->339658K(561664K), 0.0016577 secs] [Times: user=0.01 sys=0.00, real=0.00 secs] 
429.885: [GC (Allocation Failure) [PSYoungGen: 59405K->1565K(59904K)] 397514K->339690K(561664K), 0.0016510 secs] [Times: user=0.01 sys=0.00, real=0.00 secs] 
430.222: [GC (Allocation Failure) [PSYoungGen: 59421K->1549K(59904K)] 397546K->339674K(561664K), 0.0016539 secs] [Times: user=0.01 sys=0.00, real=0.01 secs] 
430.560: [GC (Allocation Failure) [PSYoungGen: 59405K->1597K(59904K)] 397530K->339746K(561664K), 0.0016865 secs] [Times: user=0.01 sys=0.00, real=0.00 secs] 
430.889: [GC (Allocation Failure) [PSYoungGen: 59453K->1408K(59904K)] 397602K->339557K(561664K), 0.0020115 secs] [Times: user=0.00 sys=0.00, real=0.00 secs] 
431.130: [GC (Allocation Failure) [PSYoungGen: 59264K->1408K(59904K)] 397413K->339557K(561664K), 0.0018807 secs] [Times: user=0.00 sys=0.00, real=0.00 secs] 
431.485: [GC (Allocation Failure) [PSYoungGen: 59264K->1376K(59904K)] 397413K->339525K(561664K), 0.0024245 secs] [Times: user=0.01 sys=0.00, real=0.00 secs] 
431.726: [GC (Allocation Failure) [PSYoungGen: 59232K->1328K(59904K)] 397381K->339477K(561664K), 0.0021989 secs] [Times: user=0.01 sys=0.00, real=0.00 secs] 
431.980: [GC (Allocation Failure) [PSYoungGen: 59184K->1392K(59904K)] 397333K->339541K(561664K), 0.0023296 secs] [Times: user=0.01 sys=0.00, real=0.00 secs] 
432.437: [GC (Allocation Failure) [PSYoungGen: 59248K->1501K(59904K)] 397397K->339650K(561664K), 0.0015674 secs] [Times: user=0.01 sys=0.00, real=0.00 secs] 
432.774: [GC (Allocation Failure) [PSYoungGen: 59357K->1549K(59904K)] 397506K->339714K(561664K), 0.0017526 secs] [Times: user=0.01 sys=0.00, real=0.00 secs] 
433.112: [GC (Allocation Failure) [PSYoungGen: 59405K->1565K(59904K)] 397570K->339730K(561664K), 0.0017639 secs] [Times: user=0.00 sys=0.00, real=0.01 secs] 
433.450: [GC (Allocation Failure) [PSYoungGen: 59421K->1568K(59904K)] 397586K->339733K(561664K), 0.0016825 secs] [Times: user=0.01 sys=0.00, real=0.00 secs] 
433.999: [GC (Allocation Failure) [PSYoungGen: 59424K->1440K(59904K)] 397589K->339605K(561664K), 0.0021270 secs] [Times: user=0.00 sys=0.00, real=0.00 secs] 
434.667: [GC (Allocation Failure) [PSYoungGen: 59296K->1376K(59904K)] 397461K->339541K(561664K), 0.0038378 secs] [Times: user=0.02 sys=0.00, real=0.00 secs] 
435.167: [GC (Allocation Failure) [PSYoungGen: 59232K->1376K(59904K)] 397397K->339549K(561664K), 0.0027596 secs] [Times: user=0.01 sys=0.00, real=0.00 secs] 
435.671: [GC (Allocation Failure) [PSYoungGen: 59232K->1376K(59904K)] 397405K->339549K(561664K), 0.0027307 secs] [Times: user=0.02 sys=0.00, real=0.01 secs] 
436.190: [GC (Allocation Failure) [PSYoungGen: 59232K->1376K(59904K)] 397405K->339549K(561664K), 0.0023090 secs] [Times: user=0.01 sys=0.00, real=0.00 secs] 
437.126: [GC (Allocation Failure) [PSYoungGen: 59232K->1501K(59904K)] 397405K->339674K(561664K), 0.0016709 secs] [Times: user=0.01 sys=0.00, real=0.00 secs] 
437.462: [GC (Allocation Failure) [PSYoungGen: 59357K->1597K(59904K)] 397530K->339794K(561664K), 0.0016341 secs] [Times: user=0.01 sys=0.00, real=0.01 secs] 
437.801: [GC (Allocation Failure) [PSYoungGen: 59453K->1565K(59904K)] 397650K->339762K(561664K), 0.0016681 secs] [Times: user=0.01 sys=0.00, real=0.00 secs] 
438.137: [GC (Allocation Failure) [PSYoungGen: 59421K->1597K(59904K)] 397618K->339794K(561664K), 0.0016697 secs] [Times: user=0.01 sys=0.00, real=0.00 secs] 
438.586: [GC (Allocation Failure) [PSYoungGen: 59453K->1472K(59904K)] 397650K->341717K(561664K), 0.0024000 secs] [Times: user=0.01 sys=0.00, real=0.00 secs] 
439.037: [GC (Allocation Failure) [PSYoungGen: 59328K->352K(59904K)] 399573K->340597K(561664K), 0.0029883 secs] [Times: user=0.01 sys=0.01, real=0.00 secs] 
439.502: [GC (Allocation Failure) [PSYoungGen: 58208K->320K(59904K)] 398453K->340573K(561664K), 0.0023014 secs] [Times: user=0.01 sys=0.00, real=0.01 secs] 
439.992: [GC (Allocation Failure) [PSYoungGen: 58176K->320K(59904K)] 398429K->340573K(561664K), 0.0023497 secs] [Times: user=0.01 sys=0.00, real=0.01 secs] 
440.482: [GC (Allocation Failure) [PSYoungGen: 58176K->352K(60416K)] 398429K->340605K(562176K), 0.0026198 secs] [Times: user=0.01 sys=0.00, real=0.01 secs] 
440.978: [GC (Allocation Failure) [PSYoungGen: 58202K->1517K(60416K)] 398455K->341770K(562176K), 0.0015761 secs] [Times: user=0.01 sys=0.00, real=0.00 secs] 
441.316: [GC (Allocation Failure) [PSYoungGen: 59373K->1565K(60416K)] 399626K->341826K(562176K), 0.0017040 secs] [Times: user=0.01 sys=0.00, real=0.00 secs] 
441.655: [GC (Allocation Failure) [PSYoungGen: 59421K->1600K(60416K)] 399682K->341861K(562176K), 0.0016060 secs] [Times: user=0.01 sys=0.00, real=0.00 secs] 
441.996: [GC (Allocation Failure) [PSYoungGen: 59456K->1568K(60416K)] 399717K->341845K(562176K), 0.0017239 secs] [Times: user=0.00 sys=0.00, real=0.00 secs] 
442.350: [GC (Allocation Failure) [PSYoungGen: 59199K->1984K(60416K)] 399476K->342261K(562176K), 0.0019437 secs] [Times: user=0.01 sys=0.00, real=0.00 secs] 
442.709: [GC (Allocation Failure) [PSYoungGen: 59840K->1376K(60416K)] 400117K->341653K(562176K), 0.0023752 secs] [Times: user=0.01 sys=0.00, real=0.00 secs] 
443.164: [GC (Allocation Failure) [PSYoungGen: 59232K->1376K(60416K)] 399509K->341653K(562176K), 0.0022859 secs] [Times: user=0.01 sys=0.00, real=0.00 secs] 
443.637: [GC (Allocation Failure) [PSYoungGen: 59232K->1344K(60416K)] 399509K->341621K(562176K), 0.0022663 secs] [Times: user=0.01 sys=0.00, real=0.00 secs] 
444.127: [GC (Allocation Failure) [PSYoungGen: 59200K->1312K(60416K)] 399477K->341589K(562176K), 0.0024859 secs] [Times: user=0.01 sys=0.00, real=0.00 secs] 
444.702: [GC (Allocation Failure) [PSYoungGen: 59157K->1469K(60416K)] 399434K->341746K(562176K), 0.0020912 secs] [Times: user=0.01 sys=0.00, real=0.01 secs] 
445.053: [GC (Allocation Failure) [PSYoungGen: 59325K->1597K(60416K)] 399602K->341890K(562176K), 0.0016171 secs] [Times: user=0.01 sys=0.00, real=0.00 secs] 
445.391: [GC (Allocation Failure) [PSYoungGen: 59453K->1597K(60416K)] 399746K->341898K(562176K), 0.0017364 secs] [Times: user=0.01 sys=0.00, real=0.00 secs] 
445.728: [GC (Allocation Failure) [PSYoungGen: 59453K->1536K(60416K)] 399754K->341837K(562176K), 0.0016667 secs] [Times: user=0.01 sys=0.00, real=0.00 secs] 
446.066: [GC (Allocation Failure) [PSYoungGen: 59392K->1581K(60416K)] 399693K->341882K(562176K), 0.0016416 secs] [Times: user=0.01 sys=0.00, real=0.00 secs] 
447.301: [GC (Allocation Failure) [PSYoungGen: 59437K->1424K(59392K)] 399738K->341733K(561152K), 0.0026871 secs] [Times: user=0.02 sys=0.00, real=0.01 secs] 
447.770: [GC (Allocation Failure) [PSYoungGen: 59280K->1376K(59904K)] 399589K->341685K(561664K), 0.0024639 secs] [Times: user=0.01 sys=0.00, real=0.00 secs] 
448.240: [GC (Allocation Failure) [PSYoungGen: 59232K->1408K(59904K)] 399541K->341717K(561664K), 0.0024896 secs] [Times: user=0.01 sys=0.00, real=0.00 secs] 
448.727: [GC (Allocation Failure) [PSYoungGen: 59264K->1328K(59904K)] 399573K->341637K(561664K), 0.0043883 secs] [Times: user=0.01 sys=0.00, real=0.00 secs] 
449.273: [GC (Allocation Failure) [PSYoungGen: 59180K->1501K(59904K)] 399489K->341810K(561664K), 0.0024022 secs] [Times: user=0.01 sys=0.00, real=0.01 secs] 
449.662: [GC (Allocation Failure) [PSYoungGen: 59357K->1581K(59904K)] 399666K->341906K(561664K), 0.0016246 secs] [Times: user=0.01 sys=0.00, real=0.01 secs] 
450.001: [GC (Allocation Failure) [PSYoungGen: 59419K->1597K(59904K)] 399744K->341922K(561664K), 0.0015735 secs] [Times: user=0.01 sys=0.00, real=0.00 secs] 
450.338: [GC (Allocation Failure) [PSYoungGen: 59453K->1613K(59904K)] 399778K->341938K(561664K), 0.0016711 secs] [Times: user=0.01 sys=0.00, real=0.00 secs] 
450.675: [GC (Allocation Failure) [PSYoungGen: 59469K->1565K(59904K)] 399794K->341890K(561664K), 0.0016602 secs] [Times: user=0.01 sys=0.00, real=0.00 secs] 
450.982: [GC (Allocation Failure) [PSYoungGen: 59421K->1440K(59904K)] 399746K->341765K(561664K), 0.0019342 secs] [Times: user=0.01 sys=0.00, real=0.01 secs] 
451.251: [GC (Allocation Failure) [PSYoungGen: 59296K->1408K(59904K)] 399621K->341733K(561664K), 0.0019661 secs] [Times: user=0.01 sys=0.00, real=0.00 secs] 
451.530: [GC (Allocation Failure) [PSYoungGen: 59264K->1440K(59904K)] 399589K->341781K(561664K), 0.0020038 secs] [Times: user=0.00 sys=0.00, real=0.00 secs] 
451.790: [GC (Allocation Failure) [PSYoungGen: 59296K->1376K(59904K)] 399637K->341717K(561664K), 0.0023309 secs] [Times: user=0.01 sys=0.00, real=0.00 secs] 
452.097: [GC (Allocation Failure) [PSYoungGen: 59222K->1437K(59904K)] 399563K->341778K(561664K), 0.0022805 secs] [Times: user=0.01 sys=0.00, real=0.00 secs] 
452.552: [GC (Allocation Failure) [PSYoungGen: 59293K->1533K(59904K)] 399634K->341874K(561664K), 0.0016440 secs] [Times: user=0.01 sys=0.00, real=0.01 secs] 
452.890: [GC (Allocation Failure) [PSYoungGen: 59389K->1533K(59904K)] 399730K->341898K(561664K), 0.0016576 secs] [Times: user=0.01 sys=0.00, real=0.00 secs] 
453.288: [GC (Allocation Failure) [PSYoungGen: 59389K->1565K(59904K)] 399754K->341930K(561664K), 0.0016404 secs] [Times: user=0.01 sys=0.00, real=0.00 secs] 
453.625: [GC (Allocation Failure) [PSYoungGen: 59421K->1533K(59904K)] 399786K->341898K(561664K), 0.0016791 secs] [Times: user=0.00 sys=0.00, real=0.00 secs] 
455.281: [GC (Allocation Failure) [PSYoungGen: 59389K->1408K(59904K)] 399754K->341773K(561664K), 0.0039470 secs] [Times: user=0.01 sys=0.00, real=0.01 secs] 
455.987: [GC (Allocation Failure) [PSYoungGen: 59264K->1376K(59904K)] 399629K->341741K(561664K), 0.0039895 secs] [Times: user=0.02 sys=0.00, real=0.00 secs] 
456.727: [GC (Allocation Failure) [PSYoungGen: 59232K->1376K(59904K)] 399597K->341741K(561664K), 0.0043608 secs] [Times: user=0.01 sys=0.00, real=0.00 secs] 
457.437: [GC (Allocation Failure) [PSYoungGen: 59232K->1376K(59904K)] 399597K->341741K(561664K), 0.0038752 secs] [Times: user=0.01 sys=0.00, real=0.00 secs] 
457.969: [GC (Allocation Failure) [PSYoungGen: 59232K->1376K(59904K)] 399597K->341741K(561664K), 0.0044638 secs] [Times: user=0.02 sys=0.00, real=0.01 secs] 
458.466: [GC (Allocation Failure) [PSYoungGen: 59232K->1501K(59904K)] 399597K->341866K(561664K), 0.0016882 secs] [Times: user=0.00 sys=0.00, real=0.00 secs] 
458.805: [GC (Allocation Failure) [PSYoungGen: 59325K->1597K(59904K)] 399691K->341970K(561664K), 0.0015575 secs] [Times: user=0.00 sys=0.00, real=0.00 secs] 
459.143: [GC (Allocation Failure) [PSYoungGen: 59453K->1565K(59904K)] 399826K->341938K(561664K), 0.0016788 secs] [Times: user=0.00 sys=0.00, real=0.00 secs] 
459.480: [GC (Allocation Failure) [PSYoungGen: 59421K->1565K(59904K)] 399794K->341938K(561664K), 0.0016322 secs] [Times: user=0.01 sys=0.00, real=0.00 secs] 
459.981: [GC (Allocation Failure) [PSYoungGen: 59421K->1408K(59904K)] 399794K->341781K(561664K), 0.0019902 secs] [Times: user=0.01 sys=0.00, real=0.01 secs] 
460.469: [GC (Allocation Failure) [PSYoungGen: 59264K->1408K(59904K)] 399637K->341781K(561664K), 0.0021427 secs] [Times: user=0.01 sys=0.00, real=0.00 secs] 
461.044: [GC (Allocation Failure) [PSYoungGen: 59264K->1376K(59904K)] 399637K->341749K(561664K), 0.0022795 secs] [Times: user=0.01 sys=0.00, real=0.00 secs] 
461.543: [GC (Allocation Failure) [PSYoungGen: 59232K->1408K(59904K)] 399605K->341781K(561664K), 0.0023020 secs] [Times: user=0.02 sys=0.00, real=0.01 secs] 
461.959: [GC (Allocation Failure) [PSYoungGen: 59264K->1440K(59904K)] 399637K->341813K(561664K), 0.0023392 secs] [Times: user=0.01 sys=0.00, real=0.00 secs] 
462.379: [GC (Allocation Failure) [PSYoungGen: 59296K->1501K(59904K)] 399669K->341874K(561664K), 0.0015223 secs] [Times: user=0.01 sys=0.00, real=0.00 secs] 
462.721: [GC (Allocation Failure) [PSYoungGen: 59357K->1504K(59904K)] 399730K->341909K(561664K), 0.0015699 secs] [Times: user=0.00 sys=0.00, real=0.00 secs] 
463.059: [GC (Allocation Failure) [PSYoungGen: 59341K->1565K(59904K)] 399746K->341970K(561664K), 0.0016163 secs] [Times: user=0.01 sys=0.00, real=0.00 secs] 
463.397: [GC (Allocation Failure) [PSYoungGen: 59421K->1613K(59904K)] 399826K->342018K(561664K), 0.0016440 secs] [Times: user=0.00 sys=0.00, real=0.00 secs] 
463.767: [GC (Allocation Failure) [PSYoungGen: 59469K->1392K(59904K)] 399874K->341797K(561664K), 0.0019946 secs] [Times: user=0.01 sys=0.00, real=0.00 secs] 
464.051: [GC (Allocation Failure) [PSYoungGen: 59248K->1344K(59904K)] 399653K->341749K(561664K), 0.0020972 secs] [Times: user=0.01 sys=0.00, real=0.01 secs] 
464.303: [GC (Allocation Failure) [PSYoungGen: 59200K->1376K(59904K)] 399605K->341781K(561664K), 0.0020734 secs] [Times: user=0.01 sys=0.00, real=0.01 secs] 
464.574: [GC (Allocation Failure) [PSYoungGen: 59232K->1440K(59904K)] 399637K->341845K(561664K), 0.0019442 secs] [Times: user=0.01 sys=0.00, real=0.00 secs] 
464.815: [GC (Allocation Failure) [PSYoungGen: 59296K->1376K(59904K)] 399701K->341781K(561664K), 0.0020582 secs] [Times: user=0.01 sys=0.00, real=0.00 secs] 
465.166: [GC (Allocation Failure) [PSYoungGen: 59232K->1533K(59904K)] 399637K->341938K(561664K), 0.0016599 secs] [Times: user=0.01 sys=0.00, real=0.00 secs] 
465.506: [GC (Allocation Failure) [PSYoungGen: 59375K->1565K(59904K)] 399780K->341986K(561664K), 0.0016017 secs] [Times: user=0.01 sys=0.00, real=0.00 secs] 
465.843: [GC (Allocation Failure) [PSYoungGen: 59421K->1597K(59904K)] 399842K->342018K(561664K), 0.0016577 secs] [Times: user=0.01 sys=0.00, real=0.00 secs] 
466.180: [GC (Allocation Failure) [PSYoungGen: 59453K->1597K(59904K)] 399874K->342018K(561664K), 0.0016457 secs] [Times: user=0.01 sys=0.00, real=0.00 secs] 
466.619: [GC (Allocation Failure) [PSYoungGen: 59453K->1504K(59904K)] 399874K->341925K(561664K), 0.0020671 secs] [Times: user=0.01 sys=0.00, real=0.00 secs] 
467.499: [GC (Allocation Failure) [PSYoungGen: 59360K->1376K(59904K)] 399781K->341797K(561664K), 0.0039559 secs] [Times: user=0.01 sys=0.00, real=0.01 secs] 
468.244: [GC (Allocation Failure) [PSYoungGen: 59232K->1360K(59904K)] 399653K->341781K(561664K), 0.0040360 secs] [Times: user=0.02 sys=0.00, real=0.00 secs] 
468.908: [GC (Allocation Failure) [PSYoungGen: 59216K->1376K(59904K)] 399637K->341797K(561664K), 0.0032637 secs] [Times: user=0.01 sys=0.00, real=0.00 secs] 
469.183: [GC (Allocation Failure) [PSYoungGen: 59232K->1376K(59904K)] 399653K->341797K(561664K), 0.0021267 secs] [Times: user=0.01 sys=0.00, real=0.01 secs] 
469.507: [GC (Allocation Failure) [PSYoungGen: 59232K->1501K(59904K)] 399653K->341930K(561664K), 0.0015603 secs] [Times: user=0.01 sys=0.00, real=0.00 secs] 
469.845: [GC (Allocation Failure) [PSYoungGen: 59357K->1533K(59904K)] 399786K->341978K(561664K), 0.0015810 secs] [Times: user=0.01 sys=0.00, real=0.00 secs] 
470.184: [GC (Allocation Failure) [PSYoungGen: 59389K->1565K(59904K)] 399834K->342010K(561664K), 0.0015821 secs] [Times: user=0.01 sys=0.00, real=0.00 secs] 
470.522: [GC (Allocation Failure) [PSYoungGen: 59421K->1565K(59904K)] 399866K->342010K(561664K), 0.0015859 secs] [Times: user=0.01 sys=0.00, real=0.01 secs] 
470.972: [GC (Allocation Failure) [PSYoungGen: 59421K->1440K(59904K)] 399866K->341885K(561664K), 0.0019987 secs] [Times: user=0.01 sys=0.00, real=0.01 secs] 
471.583: [GC (Allocation Failure) [PSYoungGen: 59296K->1344K(59904K)] 399741K->341805K(561664K), 0.0019680 secs] [Times: user=0.01 sys=0.00, real=0.01 secs] 
472.077: [GC (Allocation Failure) [PSYoungGen: 59200K->1376K(59904K)] 399661K->341837K(561664K), 0.0019218 secs] [Times: user=0.01 sys=0.00, real=0.00 secs] 
472.736: [GC (Allocation Failure) [PSYoungGen: 59232K->1376K(59904K)] 399693K->341837K(561664K), 0.0021499 secs] [Times: user=0.01 sys=0.00, real=0.00 secs] 
473.214: [GC (Allocation Failure) [PSYoungGen: 59232K->1328K(59904K)] 399693K->341789K(561664K), 0.0023437 secs] [Times: user=0.00 sys=0.00, real=0.00 secs] 
473.656: [GC (Allocation Failure) [PSYoungGen: 59156K->1469K(59904K)] 399617K->341930K(561664K), 0.0015760 secs] [Times: user=0.01 sys=0.00, real=0.00 secs] 
473.993: [GC (Allocation Failure) [PSYoungGen: 59325K->1565K(59904K)] 399786K->342042K(561664K), 0.0016219 secs] [Times: user=0.01 sys=0.00, real=0.01 secs] 
474.330: [GC (Allocation Failure) [PSYoungGen: 59421K->1565K(59904K)] 399898K->342042K(561664K), 0.0015671 secs] [Times: user=0.00 sys=0.00, real=0.00 secs] 
474.667: [GC (Allocation Failure) [PSYoungGen: 59421K->1565K(59904K)] 399898K->342042K(561664K), 0.0016763 secs] [Times: user=0.01 sys=0.00, real=0.00 secs] 
475.383: [GC (Allocation Failure) [PSYoungGen: 59421K->1472K(59904K)] 399898K->344005K(561664K), 0.0030543 secs] [Times: user=0.01 sys=0.00, real=0.00 secs] 
476.056: [GC (Allocation Failure) [PSYoungGen: 59328K->320K(59904K)] 401861K->342853K(561664K), 0.0026084 secs] [Times: user=0.01 sys=0.00, real=0.00 secs] 
476.796: [GC (Allocation Failure) [PSYoungGen: 58176K->352K(59904K)] 400709K->342893K(561664K), 0.0034405 secs] [Times: user=0.02 sys=0.00, real=0.00 secs] 
477.451: [GC (Allocation Failure) [PSYoungGen: 58208K->352K(59904K)] 400749K->342893K(561664K), 0.0028973 secs] [Times: user=0.01 sys=0.00, real=0.01 secs] 
477.952: [GC (Allocation Failure) [PSYoungGen: 58208K->320K(60416K)] 400749K->342861K(562176K), 0.0025285 secs] [Times: user=0.01 sys=0.00, real=0.01 secs] 
478.452: [GC (Allocation Failure) [PSYoungGen: 58176K->1520K(60416K)] 400717K->344061K(562176K), 0.0016278 secs] [Times: user=0.01 sys=0.00, real=0.01 secs] 
478.791: [GC (Allocation Failure) [PSYoungGen: 59374K->1597K(60416K)] 401915K->344154K(562176K), 0.0016485 secs] [Times: user=0.01 sys=0.00, real=0.00 secs] 
479.190: [GC (Allocation Failure) [PSYoungGen: 59453K->1533K(60416K)] 402010K->344090K(562176K), 0.0017664 secs] [Times: user=0.01 sys=0.00, real=0.00 secs] 
479.527: [GC (Allocation Failure) [PSYoungGen: 59389K->1533K(60416K)] 401946K->344090K(562176K), 0.0016410 secs] [Times: user=0.01 sys=0.00, real=0.00 secs] 
480.014: [GC (Allocation Failure) [PSYoungGen: 59069K->2464K(60416K)] 401626K->345021K(562176K), 0.0020280 secs] [Times: user=0.01 sys=0.00, real=0.00 secs] 
480.899: [GC (Allocation Failure) [PSYoungGen: 60320K->1392K(59904K)] 402877K->343949K(561664K), 0.0035774 secs] [Times: user=0.01 sys=0.00, real=0.00 secs] 
481.422: [GC (Allocation Failure) [PSYoungGen: 59248K->1392K(60416K)] 401805K->343949K(562176K), 0.0028338 secs] [Times: user=0.01 sys=0.00, real=0.01 secs] 
481.911: [GC (Allocation Failure) [PSYoungGen: 59248K->1344K(60416K)] 401805K->343901K(562176K), 0.0024148 secs] [Times: user=0.01 sys=0.00, real=0.01 secs] 
482.395: [GC (Allocation Failure) [PSYoungGen: 59200K->1344K(60416K)] 401757K->343901K(562176K), 0.0024700 secs] [Times: user=0.01 sys=0.00, real=0.00 secs] 
482.918: [GC (Allocation Failure) [PSYoungGen: 59200K->1437K(60416K)] 401757K->343994K(562176K), 0.0016358 secs] [Times: user=0.00 sys=0.00, real=0.00 secs] 
483.257: [GC (Allocation Failure) [PSYoungGen: 59292K->1565K(60416K)] 401849K->344154K(562176K), 0.0016056 secs] [Times: user=0.00 sys=0.00, real=0.00 secs] 
483.649: [GC (Allocation Failure) [PSYoungGen: 59421K->1597K(60416K)] 402010K->344186K(562176K), 0.0016972 secs] [Times: user=0.01 sys=0.00, real=0.00 secs] 
484.046: [GC (Allocation Failure) [PSYoungGen: 59453K->1565K(60416K)] 402042K->344154K(562176K), 0.0018262 secs] [Times: user=0.01 sys=0.00, real=0.00 secs] 
484.446: [GC (Allocation Failure) [PSYoungGen: 59421K->1632K(60416K)] 402010K->344221K(562176K), 0.0018893 secs] [Times: user=0.00 sys=0.00, real=0.00 secs] 
485.926: [GC (Allocation Failure) [PSYoungGen: 59488K->1408K(60416K)] 402077K->343997K(562176K), 0.0037867 secs] [Times: user=0.01 sys=0.00, real=0.00 secs] 
486.486: [GC (Allocation Failure) [PSYoungGen: 59264K->1440K(59392K)] 401853K->344029K(561152K), 0.0027676 secs] [Times: user=0.01 sys=0.00, real=0.00 secs] 
487.011: [GC (Allocation Failure) [PSYoungGen: 59296K->1408K(59904K)] 401885K->343997K(561664K), 0.0028596 secs] [Times: user=0.01 sys=0.00, real=0.01 secs] 
487.574: [GC (Allocation Failure) [PSYoungGen: 59264K->1440K(59904K)] 401853K->344029K(561664K), 0.0027838 secs] [Times: user=0.01 sys=0.00, real=0.00 secs] 
488.254: [GC (Allocation Failure) [PSYoungGen: 59296K->1501K(59904K)] 401885K->344090K(561664K), 0.0022323 secs] [Times: user=0.01 sys=0.01, real=0.00 secs] 
488.645: [GC (Allocation Failure) [PSYoungGen: 59328K->1565K(59904K)] 401917K->344162K(561664K), 0.0016245 secs] [Times: user=0.01 sys=0.00, real=0.00 secs] 
488.982: [GC (Allocation Failure) [PSYoungGen: 59421K->1597K(59904K)] 402018K->344194K(561664K), 0.0016711 secs] [Times: user=0.01 sys=0.00, real=0.01 secs] 
489.319: [GC (Allocation Failure) [PSYoungGen: 59453K->1597K(59904K)] 402050K->344194K(561664K), 0.0015984 secs] [Times: user=0.01 sys=0.00, real=0.00 secs] 
489.716: [GC (Allocation Failure) [PSYoungGen: 59453K->1565K(59904K)] 402050K->344162K(561664K), 0.0018877 secs] [Times: user=0.01 sys=0.00, real=0.00 secs] 
490.054: [GC (Allocation Failure) [PSYoungGen: 59421K->1424K(59904K)] 402018K->344029K(561664K), 0.0025784 secs] [Times: user=0.01 sys=0.00, real=0.00 secs] 
490.329: [GC (Allocation Failure) [PSYoungGen: 59280K->1376K(59904K)] 401885K->343989K(561664K), 0.0020639 secs] [Times: user=0.01 sys=0.00, real=0.00 secs] 
490.569: [GC (Allocation Failure) [PSYoungGen: 59232K->1376K(59904K)] 401845K->343989K(561664K), 0.0020575 secs] [Times: user=0.01 sys=0.00, real=0.00 secs] 
490.876: [GC (Allocation Failure) [PSYoungGen: 59232K->1376K(59904K)] 401845K->343989K(561664K), 0.0019940 secs] [Times: user=0.01 sys=0.00, real=0.00 secs] 
491.244: [GC (Allocation Failure) [PSYoungGen: 59212K->1501K(59904K)] 401825K->344114K(561664K), 0.0023256 secs] [Times: user=0.01 sys=0.00, real=0.00 secs] 
491.618: [GC (Allocation Failure) [PSYoungGen: 59357K->1597K(59904K)] 401970K->344226K(561664K), 0.0016884 secs] [Times: user=0.01 sys=0.00, real=0.00 secs] 
491.960: [GC (Allocation Failure) [PSYoungGen: 59453K->1565K(59904K)] 402082K->344218K(561664K), 0.0016730 secs] [Times: user=0.00 sys=0.00, real=0.00 secs] 
492.298: [GC (Allocation Failure) [PSYoungGen: 59421K->1565K(59904K)] 402074K->344218K(561664K), 0.0015406 secs] [Times: user=0.00 sys=0.00, real=0.00 secs] 
492.635: [GC (Allocation Failure) [PSYoungGen: 59421K->1549K(59904K)] 402074K->344210K(561664K), 0.0016851 secs] [Times: user=0.01 sys=0.00, real=0.00 secs] 
493.276: [GC (Allocation Failure) [PSYoungGen: 59405K->1504K(59904K)] 402066K->344173K(561664K), 0.0029905 secs] [Times: user=0.01 sys=0.00, real=0.00 secs] 
494.006: [GC (Allocation Failure) [PSYoungGen: 59360K->1440K(59904K)] 402029K->344109K(561664K), 0.0029036 secs] [Times: user=0.01 sys=0.00, real=0.00 secs] 
494.713: [GC (Allocation Failure) [PSYoungGen: 59296K->1392K(59904K)] 401965K->344069K(561664K), 0.0033677 secs] [Times: user=0.01 sys=0.00, real=0.01 secs] 
495.406: [GC (Allocation Failure) [PSYoungGen: 59248K->1376K(59904K)] 401925K->344053K(561664K), 0.0042397 secs] [Times: user=0.01 sys=0.00, real=0.00 secs] 
496.016: [GC (Allocation Failure) [PSYoungGen: 59232K->1376K(59904K)] 401909K->344069K(561664K), 0.0032048 secs] [Times: user=0.01 sys=0.00, real=0.00 secs] 
496.448: [GC (Allocation Failure) [PSYoungGen: 59216K->1533K(59904K)] 401909K->344226K(561664K), 0.0016484 secs] [Times: user=0.01 sys=0.00, real=0.00 secs] 
496.788: [GC (Allocation Failure) [PSYoungGen: 59389K->1517K(59904K)] 402082K->344226K(561664K), 0.0016826 secs] [Times: user=0.01 sys=0.00, real=0.00 secs] 
497.129: [GC (Allocation Failure) [PSYoungGen: 59373K->1597K(59904K)] 402082K->344306K(561664K), 0.0016119 secs] [Times: user=0.01 sys=0.00, real=0.00 secs] 
497.529: [GC (Allocation Failure) [PSYoungGen: 59453K->1597K(59904K)] 402162K->344306K(561664K), 0.0016841 secs] [Times: user=0.01 sys=0.00, real=0.00 secs] 
498.079: [GC (Allocation Failure) [PSYoungGen: 59453K->1440K(59904K)] 402162K->344149K(561664K), 0.0025508 secs] [Times: user=0.01 sys=0.00, real=0.00 secs] 
498.586: [GC (Allocation Failure) [PSYoungGen: 59296K->1344K(59904K)] 402005K->344053K(561664K), 0.0037657 secs] [Times: user=0.01 sys=0.01, real=0.00 secs] 
499.006: [GC (Allocation Failure) [PSYoungGen: 59200K->1408K(59904K)] 401909K->344117K(561664K), 0.0022953 secs] [Times: user=0.01 sys=0.00, real=0.00 secs] 
499.317: [GC (Allocation Failure) [PSYoungGen: 59264K->1376K(59904K)] 401973K->344085K(561664K), 0.0027498 secs] [Times: user=0.01 sys=0.00, real=0.00 secs] 
499.562: [GC (Allocation Failure) [PSYoungGen: 59232K->1408K(59904K)] 401941K->344117K(561664K), 0.0021515 secs] [Times: user=0.01 sys=0.00, real=0.01 secs] 
500.244: [GC (Allocation Failure) [PSYoungGen: 59264K->1533K(59904K)] 401973K->344242K(561664K), 0.0018185 secs] [Times: user=0.01 sys=0.00, real=0.00 secs] 
500.583: [GC (Allocation Failure) [PSYoungGen: 59389K->1597K(59904K)] 402098K->344314K(561664K), 0.0016903 secs] [Times: user=0.01 sys=0.00, real=0.00 secs] 
500.921: [GC (Allocation Failure) [PSYoungGen: 59453K->1565K(59904K)] 402170K->344282K(561664K), 0.0016528 secs] [Times: user=0.01 sys=0.00, real=0.00 secs] 
501.259: [GC (Allocation Failure) [PSYoungGen: 59421K->1600K(59904K)] 402138K->344317K(561664K), 0.0016408 secs] [Times: user=0.00 sys=0.00, real=0.00 secs] 
501.568: [GC (Allocation Failure) [PSYoungGen: 59456K->1472K(59904K)] 402173K->344205K(561664K), 0.0018696 secs] [Times: user=0.01 sys=0.00, real=0.00 secs] 
501.822: [GC (Allocation Failure) [PSYoungGen: 59328K->1376K(59904K)] 402061K->344109K(561664K), 0.0018844 secs] [Times: user=0.01 sys=0.00, real=0.01 secs] 
502.062: [GC (Allocation Failure) [PSYoungGen: 59232K->1408K(59904K)] 401965K->344141K(561664K), 0.0019118 secs] [Times: user=0.00 sys=0.00, real=0.01 secs] 
502.416: [GC (Allocation Failure) [PSYoungGen: 59264K->1408K(59904K)] 401997K->344141K(561664K), 0.0033553 secs] [Times: user=0.01 sys=0.00, real=0.00 secs] 
502.664: [GC (Allocation Failure) [PSYoungGen: 59264K->1392K(59904K)] 401997K->344125K(561664K), 0.0021077 secs] [Times: user=0.00 sys=0.00, real=0.00 secs] 
503.017: [GC (Allocation Failure) [PSYoungGen: 59235K->1472K(59904K)] 401968K->344205K(561664K), 0.0016508 secs] [Times: user=0.01 sys=0.00, real=0.00 secs] 
503.355: [GC (Allocation Failure) [PSYoungGen: 59328K->1565K(59904K)] 402061K->344314K(561664K), 0.0017289 secs] [Times: user=0.00 sys=0.00, real=0.00 secs] 
503.693: [GC (Allocation Failure) [PSYoungGen: 59421K->1549K(59904K)] 402170K->344298K(561664K), 0.0016665 secs] [Times: user=0.01 sys=0.00, real=0.01 secs] 
504.031: [GC (Allocation Failure) [PSYoungGen: 59405K->1597K(59904K)] 402154K->344346K(561664K), 0.0016879 secs] [Times: user=0.01 sys=0.00, real=0.01 secs] 
504.365: [GC (Allocation Failure) [PSYoungGen: 59453K->1424K(59904K)] 402202K->344173K(561664K), 0.0020378 secs] [Times: user=0.01 sys=0.00, real=0.00 secs] 
504.643: [GC (Allocation Failure) [PSYoungGen: 59280K->1376K(59904K)] 402029K->344125K(561664K), 0.0020994 secs] [Times: user=0.01 sys=0.00, real=0.01 secs] 
504.882: [GC (Allocation Failure) [PSYoungGen: 59232K->1376K(59904K)] 401981K->344125K(561664K), 0.0020324 secs] [Times: user=0.01 sys=0.00, real=0.01 secs] 
505.125: [GC (Allocation Failure) [PSYoungGen: 59232K->1376K(59904K)] 401981K->344125K(561664K), 0.0019700 secs] [Times: user=0.00 sys=0.00, real=0.00 secs] 
505.365: [GC (Allocation Failure) [PSYoungGen: 59232K->1344K(59904K)] 401981K->344093K(561664K), 0.0020588 secs] [Times: user=0.00 sys=0.00, real=0.00 secs] 
505.712: [GC (Allocation Failure) [PSYoungGen: 59200K->1501K(59904K)] 401949K->344250K(561664K), 0.0016556 secs] [Times: user=0.00 sys=0.00, real=0.01 secs] 
506.052: [GC (Allocation Failure) [PSYoungGen: 59357K->1549K(59904K)] 402106K->344314K(561664K), 0.0016022 secs] [Times: user=0.01 sys=0.00, real=0.01 secs] 
506.390: [GC (Allocation Failure) [PSYoungGen: 59387K->1565K(59904K)] 402153K->344330K(561664K), 0.0016613 secs] [Times: user=0.01 sys=0.00, real=0.00 secs] 
506.729: [GC (Allocation Failure) [PSYoungGen: 59421K->1600K(59904K)] 402186K->344365K(561664K), 0.0016860 secs] [Times: user=0.01 sys=0.00, real=0.00 secs] 
507.411: [GC (Allocation Failure) [PSYoungGen: 59456K->1504K(59904K)] 402221K->344269K(561664K), 0.0022025 secs] [Times: user=0.01 sys=0.00, real=0.00 secs] 
507.671: [GC (Allocation Failure) [PSYoungGen: 59360K->1376K(59904K)] 402125K->344141K(561664K), 0.0021945 secs] [Times: user=0.01 sys=0.00, real=0.01 secs] 
507.911: [GC (Allocation Failure) [PSYoungGen: 59232K->1376K(59904K)] 401997K->344141K(561664K), 0.0021077 secs] [Times: user=0.01 sys=0.00, real=0.01 secs] 
508.189: [GC (Allocation Failure) [PSYoungGen: 59232K->1376K(59904K)] 401997K->344141K(561664K), 0.0020746 secs] [Times: user=0.01 sys=0.00, real=0.00 secs] 
508.454: [GC (Allocation Failure) [PSYoungGen: 59232K->1376K(59904K)] 401997K->344141K(561664K), 0.0020778 secs] [Times: user=0.01 sys=0.00, real=0.00 secs] 
508.910: [GC (Allocation Failure) [PSYoungGen: 59226K->1437K(59904K)] 401991K->344202K(561664K), 0.0016115 secs] [Times: user=0.00 sys=0.00, real=0.00 secs] 
509.248: [GC (Allocation Failure) [PSYoungGen: 59293K->1565K(59904K)] 402058K->344338K(561664K), 0.0017775 secs] [Times: user=0.01 sys=0.00, real=0.00 secs] 
509.588: [GC (Allocation Failure) [PSYoungGen: 59421K->1565K(59904K)] 402194K->344338K(561664K), 0.0015651 secs] [Times: user=0.00 sys=0.00, real=0.00 secs] 
509.930: [GC (Allocation Failure) [PSYoungGen: 59421K->1597K(59904K)] 402194K->344394K(561664K), 0.0016486 secs] [Times: user=0.00 sys=0.00, real=0.00 secs] 
511.154: [GC (Allocation Failure) [PSYoungGen: 59453K->1504K(59904K)] 402250K->344301K(561664K), 0.0042324 secs] [Times: user=0.02 sys=0.00, real=0.00 secs] 
512.211: [GC (Allocation Failure) [PSYoungGen: 59360K->1408K(59904K)] 402157K->344205K(561664K), 0.0032218 secs] [Times: user=0.01 sys=0.01, real=0.01 secs] 
512.823: [GC (Allocation Failure) [PSYoungGen: 59264K->1408K(59904K)] 402061K->344205K(561664K), 0.0025751 secs] [Times: user=0.01 sys=0.00, real=0.00 secs] 
513.300: [GC (Allocation Failure) [PSYoungGen: 59264K->1376K(59904K)] 402061K->344173K(561664K), 0.0027676 secs] [Times: user=0.01 sys=0.00, real=0.00 secs] 
513.819: [GC (Allocation Failure) [PSYoungGen: 59232K->1440K(59904K)] 402029K->344237K(561664K), 0.0023226 secs] [Times: user=0.01 sys=0.00, real=0.00 secs] 
514.454: [GC (Allocation Failure) [PSYoungGen: 59296K->1533K(59904K)] 402093K->344330K(561664K), 0.0016952 secs] [Times: user=0.01 sys=0.01, real=0.00 secs] 
514.852: [GC (Allocation Failure) [PSYoungGen: 59379K->1533K(59904K)] 402176K->344362K(561664K), 0.0017632 secs] [Times: user=0.01 sys=0.00, real=0.01 secs] 
515.192: [GC (Allocation Failure) [PSYoungGen: 59389K->1597K(59904K)] 402218K->344426K(561664K), 0.0016268 secs] [Times: user=0.01 sys=0.00, real=0.01 secs] 
515.529: [GC (Allocation Failure) [PSYoungGen: 59453K->1565K(59904K)] 402282K->344394K(561664K), 0.0016424 secs] [Times: user=0.01 sys=0.00, real=0.00 secs] 
516.221: [GC (Allocation Failure) [PSYoungGen: 59421K->1472K(59904K)] 402250K->346349K(561664K), 0.0035875 secs] [Times: user=0.01 sys=0.00, real=0.01 secs] 
516.870: [GC (Allocation Failure) [PSYoungGen: 59328K->352K(59904K)] 404205K->345229K(561664K), 0.0032338 secs] [Times: user=0.01 sys=0.00, real=0.01 secs] 
517.253: [GC (Allocation Failure) [PSYoungGen: 58208K->352K(59904K)] 403085K->345229K(561664K), 0.0021456 secs] [Times: user=0.01 sys=0.00, real=0.01 secs] 
517.561: [GC (Allocation Failure) [PSYoungGen: 58208K->384K(59392K)] 403085K->345261K(561152K), 0.0020609 secs] [Times: user=0.01 sys=0.00, real=0.00 secs] 
517.822: [GC (Allocation Failure) [PSYoungGen: 57728K->384K(59904K)] 402605K->345261K(561664K), 0.0020785 secs] [Times: user=0.01 sys=0.00, real=0.01 secs] 
518.149: [GC (Allocation Failure) [PSYoungGen: 57728K->1533K(59904K)] 402605K->346410K(561664K), 0.0016080 secs] [Times: user=0.01 sys=0.00, real=0.00 secs] 
518.486: [GC (Allocation Failure) [PSYoungGen: 58877K->1597K(59904K)] 403754K->346490K(561664K), 0.0016723 secs] [Times: user=0.01 sys=0.00, real=0.00 secs] 
518.827: [GC (Allocation Failure) [PSYoungGen: 58941K->1504K(59904K)] 403834K->346397K(561664K), 0.0015684 secs] [Times: user=0.01 sys=0.00, real=0.00 secs] 
519.235: [GC (Allocation Failure) [PSYoungGen: 58848K->1581K(59904K)] 403741K->346474K(561664K), 0.0017715 secs] [Times: user=0.00 sys=0.00, real=0.00 secs] 
519.758: [GC (Allocation Failure) [PSYoungGen: 58925K->1984K(59904K)] 403818K->346877K(561664K), 0.0022131 secs] [Times: user=0.01 sys=0.00, real=0.00 secs] 
520.511: [GC (Allocation Failure) [PSYoungGen: 59328K->1408K(59904K)] 404221K->346301K(561664K), 0.0039131 secs] [Times: user=0.02 sys=0.00, real=0.01 secs] 
521.137: [GC (Allocation Failure) [PSYoungGen: 58752K->1440K(59904K)] 403645K->346333K(561664K), 0.0040364 secs] [Times: user=0.02 sys=0.00, real=0.00 secs] 
521.611: [GC (Allocation Failure) [PSYoungGen: 58784K->1376K(59904K)] 403677K->346285K(561664K), 0.0032516 secs] [Times: user=0.01 sys=0.00, real=0.01 secs] 
521.878: [GC (Allocation Failure) [PSYoungGen: 58720K->1392K(59904K)] 403629K->346301K(561664K), 0.0022219 secs] [Times: user=0.01 sys=0.00, real=0.00 secs] 
522.240: [GC (Allocation Failure) [PSYoungGen: 58736K->1501K(59904K)] 403645K->346410K(561664K), 0.0015822 secs] [Times: user=0.01 sys=0.00, real=0.00 secs] 
522.580: [GC (Allocation Failure) [PSYoungGen: 58845K->1565K(59904K)] 403754K->346490K(561664K), 0.0016968 secs] [Times: user=0.01 sys=0.00, real=0.00 secs] 
522.916: [GC (Allocation Failure) [PSYoungGen: 58909K->1504K(59904K)] 403834K->346429K(561664K), 0.0017498 secs] [Times: user=0.01 sys=0.00, real=0.00 secs] 
523.251: [GC (Allocation Failure) [PSYoungGen: 58848K->1565K(59904K)] 403773K->346490K(561664K), 0.0017041 secs] [Times: user=0.00 sys=0.00, real=0.00 secs] 
523.587: [GC (Allocation Failure) [PSYoungGen: 58909K->416K(59904K)] 403834K->345341K(561664K), 0.0015669 secs] [Times: user=0.00 sys=0.00, real=0.00 secs] 
525.651: [GC (Allocation Failure) [PSYoungGen: 57760K->1360K(59904K)] 402685K->346285K(561664K), 0.0043268 secs] [Times: user=0.02 sys=0.00, real=0.01 secs] 
526.187: [GC (Allocation Failure) [PSYoungGen: 58704K->1376K(59904K)] 403629K->346301K(561664K), 0.0027995 secs] [Times: user=0.01 sys=0.01, real=0.00 secs] 
526.540: [GC (Allocation Failure) [PSYoungGen: 58720K->1408K(58880K)] 403645K->346333K(560640K), 0.0023468 secs] [Times: user=0.01 sys=0.00, real=0.00 secs] 
526.810: [GC (Allocation Failure) [PSYoungGen: 58752K->1424K(59392K)] 403677K->346349K(561152K), 0.0020421 secs] [Times: user=0.01 sys=0.00, real=0.00 secs] 
527.210: [GC (Allocation Failure) [PSYoungGen: 58768K->1456K(59392K)] 403693K->346381K(561152K), 0.0020954 secs] [Times: user=0.01 sys=0.00, real=0.00 secs] 
527.650: [GC (Allocation Failure) [PSYoungGen: 58800K->1581K(59392K)] 403725K->346522K(561152K), 0.0018021 secs] [Times: user=0.00 sys=0.00, real=0.00 secs] 
528.047: [GC (Allocation Failure) [PSYoungGen: 58925K->1597K(59392K)] 403866K->346538K(561152K), 0.0016478 secs] [Times: user=0.01 sys=0.00, real=0.00 secs] 
528.383: [GC (Allocation Failure) [PSYoungGen: 58941K->1597K(59392K)] 403882K->346538K(561152K), 0.0017869 secs] [Times: user=0.01 sys=0.00, real=0.00 secs] 
528.720: [GC (Allocation Failure) [PSYoungGen: 58941K->1533K(59392K)] 403882K->346474K(561152K), 0.0016254 secs] [Times: user=0.00 sys=0.00, real=0.00 secs] 
529.336: [GC (Allocation Failure) [PSYoungGen: 58877K->1408K(59392K)] 403818K->346349K(561152K), 0.0026230 secs] [Times: user=0.01 sys=0.00, real=0.00 secs] 
529.876: [GC (Allocation Failure) [PSYoungGen: 58752K->1456K(59392K)] 403693K->346397K(561152K), 0.0025056 secs] [Times: user=0.01 sys=0.01, real=0.00 secs] 
530.479: [GC (Allocation Failure) [PSYoungGen: 58800K->1424K(59392K)] 403741K->346365K(561152K), 0.0032644 secs] [Times: user=0.01 sys=0.00, real=0.00 secs] 
531.094: [GC (Allocation Failure) [PSYoungGen: 58768K->1344K(59392K)] 403709K->346285K(561152K), 0.0032987 secs] [Times: user=0.01 sys=0.00, real=0.00 secs] 
531.871: [GC (Allocation Failure) [PSYoungGen: 58688K->1376K(59392K)] 403629K->346317K(561152K), 0.0032058 secs] [Times: user=0.02 sys=0.00, real=0.01 secs] 
532.408: [GC (Allocation Failure) [PSYoungGen: 58720K->1501K(59392K)] 403661K->346442K(561152K), 0.0016766 secs] [Times: user=0.01 sys=0.00, real=0.00 secs] 
532.743: [GC (Allocation Failure) [PSYoungGen: 58845K->1533K(59392K)] 403786K->346514K(561152K), 0.0016494 secs] [Times: user=0.00 sys=0.01, real=0.01 secs] 
533.081: [GC (Allocation Failure) [PSYoungGen: 58877K->1581K(59392K)] 403858K->346562K(561152K), 0.0016639 secs] [Times: user=0.01 sys=0.00, real=0.00 secs] 
533.417: [GC (Allocation Failure) [PSYoungGen: 58911K->1597K(59392K)] 403892K->346578K(561152K), 0.0015669 secs] [Times: user=0.00 sys=0.00, real=0.00 secs] 
533.995: [GC (Allocation Failure) [PSYoungGen: 58941K->1408K(59392K)] 403922K->346389K(561152K), 0.0021675 secs] [Times: user=0.01 sys=0.00, real=0.00 secs] 
534.451: [GC (Allocation Failure) [PSYoungGen: 58752K->1344K(59392K)] 403733K->346325K(561152K), 0.0031412 secs] [Times: user=0.01 sys=0.00, real=0.01 secs] 
534.920: [GC (Allocation Failure) [PSYoungGen: 58688K->1376K(59392K)] 403669K->346357K(561152K), 0.0032862 secs] [Times: user=0.01 sys=0.00, real=0.01 secs] 
535.374: [GC (Allocation Failure) [PSYoungGen: 58720K->1360K(59392K)] 403701K->346341K(561152K), 0.0032222 secs] [Times: user=0.02 sys=0.00, real=0.00 secs] 
535.819: [GC (Allocation Failure) [PSYoungGen: 58704K->1408K(59392K)] 403685K->346389K(561152K), 0.0032774 secs] [Times: user=0.01 sys=0.00, real=0.00 secs] 
536.269: [GC (Allocation Failure) [PSYoungGen: 58752K->1565K(59392K)] 403733K->346546K(561152K), 0.0016572 secs] [Times: user=0.00 sys=0.00, real=0.00 secs] 
536.605: [GC (Allocation Failure) [PSYoungGen: 58909K->1600K(59392K)] 403890K->346589K(561152K), 0.0015717 secs] [Times: user=0.00 sys=0.00, real=0.00 secs] 
536.939: [GC (Allocation Failure) [PSYoungGen: 58944K->1597K(59392K)] 403933K->346586K(561152K), 0.0016102 secs] [Times: user=0.01 sys=0.00, real=0.00 secs] 
537.278: [GC (Allocation Failure) [PSYoungGen: 58941K->1597K(59392K)] 403930K->346586K(561152K), 0.0017197 secs] [Times: user=0.00 sys=0.00, real=0.00 secs] 
537.776: [GC (Allocation Failure) [PSYoungGen: 58941K->1472K(59392K)] 403930K->346461K(561152K), 0.0020124 secs] [Times: user=0.00 sys=0.00, real=0.00 secs] 
538.408: [GC (Allocation Failure) [PSYoungGen: 58816K->1408K(59392K)] 403805K->346397K(561152K), 0.0033012 secs] [Times: user=0.01 sys=0.00, real=0.00 secs] 
538.909: [GC (Allocation Failure) [PSYoungGen: 58752K->1376K(59392K)] 403741K->346365K(561152K), 0.0025600 secs] [Times: user=0.02 sys=0.00, real=0.00 secs] 
539.458: [GC (Allocation Failure) [PSYoungGen: 58720K->1440K(59392K)] 403709K->346429K(561152K), 0.0041344 secs] [Times: user=0.01 sys=0.01, real=0.00 secs] 
540.101: [GC (Allocation Failure) [PSYoungGen: 58784K->1408K(59392K)] 403773K->346397K(561152K), 0.0027421 secs] [Times: user=0.01 sys=0.00, real=0.01 secs] 
540.671: [GC (Allocation Failure) [PSYoungGen: 58752K->1533K(59392K)] 403741K->346522K(561152K), 0.0016625 secs] [Times: user=0.01 sys=0.00, real=0.00 secs] 
541.008: [GC (Allocation Failure) [PSYoungGen: 58877K->1565K(59392K)] 403866K->346562K(561152K), 0.0017498 secs] [Times: user=0.01 sys=0.00, real=0.00 secs] 
541.346: [GC (Allocation Failure) [PSYoungGen: 58909K->1600K(59392K)] 403906K->346597K(561152K), 0.0016522 secs] [Times: user=0.01 sys=0.00, real=0.00 secs] 
541.682: [GC (Allocation Failure) [PSYoungGen: 58944K->1565K(59392K)] 403941K->346586K(561152K), 0.0015698 secs] [Times: user=0.01 sys=0.00, real=0.01 secs] 
542.018: [GC (Allocation Failure) [PSYoungGen: 58909K->1440K(59392K)] 403930K->346461K(561152K), 0.0019427 secs] [Times: user=0.01 sys=0.00, real=0.00 secs] 
542.256: [GC (Allocation Failure) [PSYoungGen: 58784K->1392K(59392K)] 403805K->346413K(561152K), 0.0018870 secs] [Times: user=0.01 sys=0.00, real=0.00 secs] 
542.494: [GC (Allocation Failure) [PSYoungGen: 58736K->1344K(59392K)] 403757K->346365K(561152K), 0.0017437 secs] [Times: user=0.01 sys=0.00, real=0.00 secs] 
542.739: [GC (Allocation Failure) [PSYoungGen: 58688K->1376K(59392K)] 403709K->346397K(561152K), 0.0018567 secs] [Times: user=0.00 sys=0.00, real=0.00 secs] 
543.137: [GC (Allocation Failure) [PSYoungGen: 58720K->1376K(59392K)] 403741K->346397K(561152K), 0.0019006 secs] [Times: user=0.01 sys=0.00, real=0.00 secs] 
543.533: [GC (Allocation Failure) [PSYoungGen: 58720K->1437K(59392K)] 403741K->346458K(561152K), 0.0017108 secs] [Times: user=0.00 sys=0.00, real=0.01 secs] 
543.867: [GC (Allocation Failure) [PSYoungGen: 58781K->1565K(59392K)] 403802K->346594K(561152K), 0.0016223 secs] [Times: user=0.01 sys=0.00, real=0.00 secs] 
544.202: [GC (Allocation Failure) [PSYoungGen: 58909K->1536K(59392K)] 403938K->346565K(561152K), 0.0016506 secs] [Times: user=0.01 sys=0.00, real=0.01 secs] 
544.540: [GC (Allocation Failure) [PSYoungGen: 58880K->1565K(59392K)] 403909K->346594K(561152K), 0.0017002 secs] [Times: user=0.01 sys=0.00, real=0.00 secs] 
545.148: [GC (Allocation Failure) [PSYoungGen: 58909K->1984K(59392K)] 403938K->347021K(561152K), 0.0030256 secs] [Times: user=0.01 sys=0.00, real=0.00 secs] 
545.870: [GC (Allocation Failure) [PSYoungGen: 59328K->1440K(59392K)] 404365K->346477K(561152K), 0.0026639 secs] [Times: user=0.01 sys=0.00, real=0.00 secs] 
546.859: [GC (Allocation Failure) [PSYoungGen: 58784K->1376K(59392K)] 403821K->346413K(561152K), 0.0026643 secs] [Times: user=0.02 sys=0.00, real=0.00 secs] 
547.489: [GC (Allocation Failure) [PSYoungGen: 58720K->1344K(59392K)] 403757K->346381K(561152K), 0.0028056 secs] [Times: user=0.01 sys=0.01, real=0.00 secs] 
547.880: [GC (Allocation Failure) [PSYoungGen: 58688K->1376K(59392K)] 403725K->346413K(561152K), 0.0027378 secs] [Times: user=0.01 sys=0.00, real=0.00 secs] 
548.375: [GC (Allocation Failure) [PSYoungGen: 58720K->1469K(59392K)] 403757K->346506K(561152K), 0.0021552 secs] [Times: user=0.01 sys=0.00, real=0.00 secs] 
548.799: [GC (Allocation Failure) [PSYoungGen: 58813K->1565K(59392K)] 403850K->346618K(561152K), 0.0016857 secs] [Times: user=0.01 sys=0.00, real=0.00 secs] 
549.136: [GC (Allocation Failure) [PSYoungGen: 58909K->1565K(59392K)] 403962K->346618K(561152K), 0.0018029 secs] [Times: user=0.00 sys=0.00, real=0.00 secs] 
549.472: [GC (Allocation Failure) [PSYoungGen: 58909K->1501K(59392K)] 403962K->346554K(561152K), 0.0017787 secs] [Times: user=0.00 sys=0.00, real=0.01 secs] 
549.878: [GC (Allocation Failure) [PSYoungGen: 58845K->224K(59392K)] 403898K->345277K(561152K), 0.0014921 secs] [Times: user=0.01 sys=0.00, real=0.00 secs] 
550.495: [GC (Allocation Failure) [PSYoungGen: 57568K->1424K(59392K)] 402621K->346477K(561152K), 0.0022088 secs] [Times: user=0.01 sys=0.00, real=0.00 secs] 
550.753: [GC (Allocation Failure) [PSYoungGen: 58768K->1376K(59392K)] 403821K->346429K(561152K), 0.0021063 secs] [Times: user=0.01 sys=0.00, real=0.01 secs] 
551.133: [GC (Allocation Failure) [PSYoungGen: 58720K->1376K(59392K)] 403773K->346429K(561152K), 0.0039699 secs] [Times: user=0.02 sys=0.00, real=0.01 secs] 
551.525: [GC (Allocation Failure) [PSYoungGen: 58720K->1376K(59392K)] 403773K->346429K(561152K), 0.0027307 secs] [Times: user=0.01 sys=0.00, real=0.00 secs] 
551.960: [GC (Allocation Failure) [PSYoungGen: 58720K->1437K(59392K)] 403773K->346490K(561152K), 0.0021356 secs] [Times: user=0.01 sys=0.00, real=0.00 secs] 
552.335: [GC (Allocation Failure) [PSYoungGen: 58781K->1565K(59392K)] 403834K->346634K(561152K), 0.0016810 secs] [Times: user=0.01 sys=0.00, real=0.00 secs] 
552.671: [GC (Allocation Failure) [PSYoungGen: 58909K->1565K(59392K)] 403978K->346634K(561152K), 0.0015715 secs] [Times: user=0.01 sys=0.00, real=0.00 secs] 
553.008: [GC (Allocation Failure) [PSYoungGen: 58909K->1565K(59392K)] 403978K->346634K(561152K), 0.0016785 secs] [Times: user=0.01 sys=0.00, real=0.00 secs] 
553.343: [GC (Allocation Failure) [PSYoungGen: 58909K->1501K(59392K)] 403978K->346570K(561152K), 0.0016927 secs] [Times: user=0.01 sys=0.00, real=0.00 secs] 
554.698: [GC (Allocation Failure) [PSYoungGen: 58845K->1408K(59392K)] 403914K->346477K(561152K), 0.0040839 secs] [Times: user=0.02 sys=0.00, real=0.00 secs] 
555.355: [GC (Allocation Failure) [PSYoungGen: 58752K->1408K(59392K)] 403821K->346477K(561152K), 0.0040718 secs] [Times: user=0.02 sys=0.00, real=0.00 secs] 
555.848: [GC (Allocation Failure) [PSYoungGen: 58752K->1392K(59392K)] 403821K->346461K(561152K), 0.0032968 secs] [Times: user=0.02 sys=0.00, real=0.00 secs] 
556.538: [GC (Allocation Failure) [PSYoungGen: 58736K->1376K(59392K)] 403805K->346445K(561152K), 0.0041296 secs] [Times: user=0.01 sys=0.00, real=0.00 secs] 
557.347: [GC (Allocation Failure) [PSYoungGen: 58720K->1440K(59392K)] 403789K->346509K(561152K), 0.0044792 secs] [Times: user=0.02 sys=0.00, real=0.00 secs] 
557.894: [GC (Allocation Failure) [PSYoungGen: 58784K->1501K(59392K)] 403853K->346570K(561152K), 0.0015516 secs] [Times: user=0.01 sys=0.00, real=0.00 secs] 
558.228: [GC (Allocation Failure) [PSYoungGen: 58845K->1533K(59392K)] 403914K->346626K(561152K), 0.0016559 secs] [Times: user=0.00 sys=0.00, real=0.00 secs] 
558.564: [GC (Allocation Failure) [PSYoungGen: 58877K->1565K(59392K)] 403970K->346658K(561152K), 0.0017195 secs] [Times: user=0.01 sys=0.00, real=0.00 secs] 
558.900: [GC (Allocation Failure) [PSYoungGen: 58909K->1565K(59392K)] 404002K->346658K(561152K), 0.0016274 secs] [Times: user=0.01 sys=0.00, real=0.00 secs] 
559.273: [GC (Allocation Failure) [PSYoungGen: 58909K->1408K(59392K)] 404002K->346501K(561152K), 0.0021263 secs] [Times: user=0.01 sys=0.00, real=0.00 secs] 
559.524: [GC (Allocation Failure) [PSYoungGen: 58752K->1440K(59392K)] 403845K->346533K(561152K), 0.0021329 secs] [Times: user=0.01 sys=0.00, real=0.00 secs] 
559.818: [GC (Allocation Failure) [PSYoungGen: 58784K->1376K(59392K)] 403877K->346469K(561152K), 0.0021474 secs] [Times: user=0.01 sys=0.00, real=0.00 secs] 
560.094: [GC (Allocation Failure) [PSYoungGen: 58720K->1344K(59392K)] 403813K->346437K(561152K), 0.0020684 secs] [Times: user=0.01 sys=0.01, real=0.00 secs] 
560.395: [GC (Allocation Failure) [PSYoungGen: 58688K->1408K(59392K)] 403781K->346501K(561152K), 0.0020801 secs] [Times: user=0.01 sys=0.00, real=0.00 secs] 
560.817: [GC (Allocation Failure) [PSYoungGen: 58752K->1533K(59392K)] 403845K->346626K(561152K), 0.0016085 secs] [Times: user=0.01 sys=0.00, real=0.00 secs] 
561.214: [GC (Allocation Failure) [PSYoungGen: 58877K->1597K(59392K)] 403970K->346706K(561152K), 0.0016989 secs] [Times: user=0.00 sys=0.00, real=0.00 secs] 
561.550: [GC (Allocation Failure) [PSYoungGen: 58941K->1536K(59392K)] 404050K->346669K(561152K), 0.0016738 secs] [Times: user=0.01 sys=0.00, real=0.00 secs] 
561.941: [GC (Allocation Failure) [PSYoungGen: 58880K->1533K(59392K)] 404013K->346666K(561152K), 0.0017715 secs] [Times: user=0.00 sys=0.00, real=0.00 secs] 
562.495: [GC (Allocation Failure) [PSYoungGen: 58877K->1504K(59392K)] 404010K->346637K(561152K), 0.0038756 secs] [Times: user=0.02 sys=0.00, real=0.00 secs] 
563.103: [GC (Allocation Failure) [PSYoungGen: 58848K->1408K(59392K)] 403981K->346541K(561152K), 0.0034656 secs] [Times: user=0.02 sys=0.00, real=0.00 secs] 
563.610: [GC (Allocation Failure) [PSYoungGen: 58752K->1344K(59392K)] 403885K->346477K(561152K), 0.0022991 secs] [Times: user=0.01 sys=0.00, real=0.00 secs] 
564.317: [GC (Allocation Failure) [PSYoungGen: 58688K->1392K(59392K)] 403821K->346525K(561152K), 0.0024089 secs] [Times: user=0.01 sys=0.00, real=0.00 secs] 
565.044: [GC (Allocation Failure) [PSYoungGen: 58736K->1376K(59392K)] 403869K->346509K(561152K), 0.0024431 secs] [Times: user=0.01 sys=0.00, real=0.00 secs] 
565.636: [GC (Allocation Failure) [PSYoungGen: 58720K->1501K(59392K)] 403853K->346634K(561152K), 0.0015468 secs] [Times: user=0.00 sys=0.00, real=0.00 secs] 
565.970: [GC (Allocation Failure) [PSYoungGen: 58845K->1581K(59392K)] 403978K->346730K(561152K), 0.0017190 secs] [Times: user=0.01 sys=0.00, real=0.00 secs] 
566.308: [GC (Allocation Failure) [PSYoungGen: 58925K->1533K(59392K)] 404074K->346682K(561152K), 0.0016569 secs] [Times: user=0.01 sys=0.00, real=0.00 secs] 
566.644: [GC (Allocation Failure) [PSYoungGen: 58877K->1536K(59392K)] 404026K->346685K(561152K), 0.0016567 secs] [Times: user=0.01 sys=0.00, real=0.00 secs] 
566.966: [GC (Allocation Failure) [PSYoungGen: 58880K->1472K(59392K)] 404029K->346621K(561152K), 0.0016384 secs] [Times: user=0.01 sys=0.00, real=0.00 secs] 
567.203: [GC (Allocation Failure) [PSYoungGen: 58816K->1408K(59392K)] 403965K->346557K(561152K), 0.0015336 secs] [Times: user=0.01 sys=0.00, real=0.00 secs] 
567.441: [GC (Allocation Failure) [PSYoungGen: 58752K->1376K(59392K)] 403901K->346525K(561152K), 0.0023168 secs] [Times: user=0.01 sys=0.00, real=0.01 secs] 
567.681: [GC (Allocation Failure) [PSYoungGen: 58720K->1376K(59392K)] 403869K->346525K(561152K), 0.0022497 secs] [Times: user=0.01 sys=0.00, real=0.01 secs] 
567.925: [GC (Allocation Failure) [PSYoungGen: 58720K->1408K(59392K)] 403869K->346557K(561152K), 0.0024939 secs] [Times: user=0.02 sys=0.00, real=0.00 secs] 
568.326: [GC (Allocation Failure) [PSYoungGen: 58752K->1469K(59392K)] 403901K->346618K(561152K), 0.0014994 secs] [Times: user=0.01 sys=0.01, real=0.00 secs] 
568.660: [GC (Allocation Failure) [PSYoungGen: 58813K->1565K(59392K)] 403962K->346722K(561152K), 0.0016714 secs] [Times: user=0.01 sys=0.00, real=0.00 secs] 
568.996: [GC (Allocation Failure) [PSYoungGen: 58909K->1565K(59392K)] 404066K->346722K(561152K), 0.0016118 secs] [Times: user=0.01 sys=0.00, real=0.00 secs] 
569.332: [GC (Allocation Failure) [PSYoungGen: 58900K->1597K(59392K)] 404057K->346754K(561152K), 0.0017595 secs] [Times: user=0.01 sys=0.00, real=0.01 secs] 
569.696: [GC (Allocation Failure) [PSYoungGen: 58941K->1952K(59392K)] 404098K->347621K(561152K), 0.0019269 secs] [Times: user=0.01 sys=0.00, real=0.00 secs] 
569.973: [GC (Allocation Failure) [PSYoungGen: 59296K->1360K(59392K)] 404965K->347053K(561152K), 0.0018864 secs] [Times: user=0.01 sys=0.00, real=0.01 secs] 
570.244: [GC (Allocation Failure) [PSYoungGen: 58704K->1408K(59392K)] 404397K->347101K(561152K), 0.0017992 secs] [Times: user=0.01 sys=0.00, real=0.00 secs] 
570.534: [GC (Allocation Failure) [PSYoungGen: 58752K->1344K(59392K)] 404445K->347037K(561152K), 0.0027413 secs] [Times: user=0.01 sys=0.00, real=0.00 secs] 
570.907: [GC (Allocation Failure) [PSYoungGen: 58688K->1344K(59392K)] 404381K->347037K(561152K), 0.0021961 secs] [Times: user=0.00 sys=0.00, real=0.00 secs] 
571.239: [GC (Allocation Failure) [PSYoungGen: 58688K->1424K(59392K)] 404381K->347117K(561152K), 0.0015522 secs] [Times: user=0.01 sys=0.00, real=0.00 secs] 
571.576: [GC (Allocation Failure) [PSYoungGen: 58768K->1533K(59392K)] 404461K->347234K(561152K), 0.0016634 secs] [Times: user=0.01 sys=0.00, real=0.00 secs] 
571.912: [GC (Allocation Failure) [PSYoungGen: 58877K->1501K(59392K)] 404578K->347202K(561152K), 0.0017096 secs] [Times: user=0.00 sys=0.01, real=0.01 secs] 
572.313: [GC (Allocation Failure) [PSYoungGen: 58845K->1533K(59392K)] 404546K->347234K(561152K), 0.0017208 secs] [Times: user=0.01 sys=0.00, real=0.01 secs] 
572.709: [GC (Allocation Failure) [PSYoungGen: 58568K->352K(59392K)] 404269K->346053K(561152K), 0.0014754 secs] [Times: user=0.00 sys=0.00, real=0.00 secs] 
573.005: [GC (Allocation Failure) [PSYoungGen: 57696K->1392K(59392K)] 403397K->347093K(561152K), 0.0023649 secs] [Times: user=0.01 sys=0.00, real=0.00 secs] 
573.244: [GC (Allocation Failure) [PSYoungGen: 58736K->1376K(59392K)] 404437K->347077K(561152K), 0.0020824 secs] [Times: user=0.01 sys=0.00, real=0.00 secs] 
573.483: [GC (Allocation Failure) [PSYoungGen: 58720K->1344K(59392K)] 404421K->347045K(561152K), 0.0021121 secs] [Times: user=0.01 sys=0.00, real=0.01 secs] 
573.852: [GC (Allocation Failure) [PSYoungGen: 58688K->1392K(59392K)] 404389K->347093K(561152K), 0.0018524 secs] [Times: user=0.00 sys=0.00, real=0.01 secs] 
574.353: [GC (Allocation Failure) [PSYoungGen: 58736K->1469K(59392K)] 404437K->347170K(561152K), 0.0021598 secs] [Times: user=0.01 sys=0.00, real=0.01 secs] 
574.712: [GC (Allocation Failure) [PSYoungGen: 58813K->1565K(59392K)] 404514K->347274K(561152K), 0.0016600 secs] [Times: user=0.00 sys=0.00, real=0.01 secs] 
575.049: [GC (Allocation Failure) [PSYoungGen: 58909K->1565K(59392K)] 404618K->347274K(561152K), 0.0016888 secs] [Times: user=0.00 sys=0.00, real=0.00 secs] 
575.385: [GC (Allocation Failure) [PSYoungGen: 58909K->1597K(59392K)] 404618K->347306K(561152K), 0.0016926 secs] [Times: user=0.01 sys=0.00, real=0.00 secs] 
575.721: [GC (Allocation Failure) [PSYoungGen: 58941K->1597K(59392K)] 404650K->347306K(561152K), 0.0016799 secs] [Times: user=0.01 sys=0.00, real=0.00 secs] 
576.067: [GC (Allocation Failure) [PSYoungGen: 58941K->1440K(59392K)] 404650K->347149K(561152K), 0.0019476 secs] [Times: user=0.00 sys=0.00, real=0.00 secs] 
576.320: [GC (Allocation Failure) [PSYoungGen: 58784K->1440K(59392K)] 404493K->347149K(561152K), 0.0020788 secs] [Times: user=0.01 sys=0.00, real=0.00 secs] 
576.589: [GC (Allocation Failure) [PSYoungGen: 58784K->1376K(59392K)] 404493K->347085K(561152K), 0.0020880 secs] [Times: user=0.01 sys=0.00, real=0.00 secs] 
576.905: [GC (Allocation Failure) [PSYoungGen: 58720K->1392K(59392K)] 404429K->347101K(561152K), 0.0020695 secs] [Times: user=0.01 sys=0.00, real=0.00 secs] 
577.144: [GC (Allocation Failure) [PSYoungGen: 58736K->1376K(59392K)] 404445K->347085K(561152K), 0.0020980 secs] [Times: user=0.00 sys=0.00, real=0.00 secs] 
577.529: [GC (Allocation Failure) [PSYoungGen: 58720K->1504K(59392K)] 404429K->347221K(561152K), 0.0016665 secs] [Times: user=0.01 sys=0.00, real=0.00 secs] 
577.865: [GC (Allocation Failure) [PSYoungGen: 58848K->1565K(59392K)] 404565K->347290K(561152K), 0.0016641 secs] [Times: user=0.01 sys=0.00, real=0.00 secs] 
578.267: [GC (Allocation Failure) [PSYoungGen: 58909K->1565K(59392K)] 404634K->347290K(561152K), 0.0016102 secs] [Times: user=0.01 sys=0.00, real=0.00 secs] 
578.604: [GC (Allocation Failure) [PSYoungGen: 58909K->1533K(59392K)] 404634K->347258K(561152K), 0.0017659 secs] [Times: user=0.01 sys=0.00, real=0.00 secs] 
579.073: [GC (Allocation Failure) [PSYoungGen: 58877K->1456K(59392K)] 404602K->347189K(561152K), 0.0036537 secs] [Times: user=0.01 sys=0.00, real=0.00 secs] 
579.441: [GC (Allocation Failure) [PSYoungGen: 58800K->1440K(59392K)] 404533K->347173K(561152K), 0.0024098 secs] [Times: user=0.00 sys=0.00, real=0.01 secs] 
579.679: [GC (Allocation Failure) [PSYoungGen: 58784K->1376K(59392K)] 404517K->347109K(561152K), 0.0021167 secs] [Times: user=0.01 sys=0.00, real=0.00 secs] 
579.917: [GC (Allocation Failure) [PSYoungGen: 58720K->1360K(59392K)] 404453K->347109K(561152K), 0.0021158 secs] [Times: user=0.00 sys=0.00, real=0.00 secs] 
580.155: [GC (Allocation Failure) [PSYoungGen: 58704K->1344K(59392K)] 404453K->347093K(561152K), 0.0022379 secs] [Times: user=0.01 sys=0.00, real=0.00 secs] 
580.579: [GC (Allocation Failure) [PSYoungGen: 58688K->1533K(59392K)] 404437K->347282K(561152K), 0.0017698 secs] [Times: user=0.01 sys=0.00, real=0.00 secs] 
580.972: [GC (Allocation Failure) [PSYoungGen: 58877K->1565K(59392K)] 404626K->347330K(561152K), 0.0018194 secs] [Times: user=0.00 sys=0.00, real=0.01 secs] 
581.309: [GC (Allocation Failure) [PSYoungGen: 58909K->1565K(59392K)] 404674K->347330K(561152K), 0.0018497 secs] [Times: user=0.01 sys=0.00, real=0.00 secs] 
581.648: [GC (Allocation Failure) [PSYoungGen: 58909K->1565K(59392K)] 404674K->347330K(561152K), 0.0016463 secs] [Times: user=0.01 sys=0.00, real=0.00 secs] 
582.277: [GC (Allocation Failure) [PSYoungGen: 58909K->1440K(59392K)] 404674K->347213K(561152K), 0.0040824 secs] [Times: user=0.01 sys=0.00, real=0.00 secs] 
583.042: [GC (Allocation Failure) [PSYoungGen: 58784K->1312K(59392K)] 404557K->347085K(561152K), 0.0041237 secs] [Times: user=0.02 sys=0.00, real=0.01 secs] 
583.513: [GC (Allocation Failure) [PSYoungGen: 58656K->1376K(59392K)] 404429K->347149K(561152K), 0.0032205 secs] [Times: user=0.02 sys=0.00, real=0.01 secs] 
583.990: [GC (Allocation Failure) [PSYoungGen: 58720K->1376K(59392K)] 404493K->347149K(561152K), 0.0032006 secs] [Times: user=0.01 sys=0.00, real=0.00 secs] 
584.315: [GC (Allocation Failure) [PSYoungGen: 58720K->1392K(59392K)] 404493K->347165K(561152K), 0.0021946 secs] [Times: user=0.01 sys=0.00, real=0.00 secs] 
584.679: [GC (Allocation Failure) [PSYoungGen: 58736K->1501K(59392K)] 404509K->347274K(561152K), 0.0016365 secs] [Times: user=0.00 sys=0.00, real=0.00 secs] 
585.016: [GC (Allocation Failure) [PSYoungGen: 58845K->1565K(59392K)] 404618K->347370K(561152K), 0.0016459 secs] [Times: user=0.01 sys=0.00, real=0.00 secs] 
585.354: [GC (Allocation Failure) [PSYoungGen: 58909K->1629K(59392K)] 404714K->347434K(561152K), 0.0017080 secs] [Times: user=0.01 sys=0.00, real=0.00 secs] 
585.690: [GC (Allocation Failure) [PSYoungGen: 58948K->1533K(59392K)] 404753K->347338K(561152K), 0.0015792 secs] [Times: user=0.01 sys=0.00, real=0.00 secs] 
586.417: [GC (Allocation Failure) [PSYoungGen: 58877K->1472K(59392K)] 404682K->347277K(561152K), 0.0020682 secs] [Times: user=0.01 sys=0.00, real=0.00 secs] 
586.979: [GC (Allocation Failure) [PSYoungGen: 58816K->1360K(59392K)] 404621K->347165K(561152K), 0.0039023 secs] [Times: user=0.02 sys=0.00, real=0.00 secs] 
587.468: [GC (Allocation Failure) [PSYoungGen: 58704K->1344K(59392K)] 404509K->347149K(561152K), 0.0032812 secs] [Times: user=0.01 sys=0.00, real=0.00 secs] 
587.963: [GC (Allocation Failure) [PSYoungGen: 58688K->1408K(59392K)] 404493K->347213K(561152K), 0.0032201 secs] [Times: user=0.02 sys=0.00, real=0.00 secs] 
588.290: [GC (Allocation Failure) [PSYoungGen: 58752K->1408K(59392K)] 404557K->347213K(561152K), 0.0021003 secs] [Times: user=0.01 sys=0.00, real=0.00 secs] 
588.683: [GC (Allocation Failure) [PSYoungGen: 58752K->1501K(59392K)] 404557K->347306K(561152K), 0.0015352 secs] [Times: user=0.00 sys=0.00, real=0.01 secs] 
589.017: [GC (Allocation Failure) [PSYoungGen: 58845K->1565K(59392K)] 404650K->347386K(561152K), 0.0016813 secs] [Times: user=0.01 sys=0.00, real=0.00 secs] 
589.355: [GC (Allocation Failure) [PSYoungGen: 58909K->1533K(59392K)] 404730K->347354K(561152K), 0.0015815 secs] [Times: user=0.01 sys=0.00, real=0.00 secs] 
589.691: [GC (Allocation Failure) [PSYoungGen: 58877K->1517K(59392K)] 404698K->347338K(561152K), 0.0017028 secs] [Times: user=0.01 sys=0.00, real=0.00 secs] 
590.070: [GC (Allocation Failure) [PSYoungGen: 58861K->1488K(59392K)] 404682K->349357K(561152K), 0.0021187 secs] [Times: user=0.01 sys=0.00, real=0.00 secs] 
590.584: [GC (Allocation Failure) [PSYoungGen: 58832K->416K(59392K)] 406701K->348293K(561152K), 0.0044626 secs] [Times: user=0.02 sys=0.00, real=0.00 secs] 
591.123: [GC (Allocation Failure) [PSYoungGen: 57760K->384K(59392K)] 405637K->348261K(561152K), 0.0040903 secs] [Times: user=0.01 sys=0.00, real=0.01 secs] 
591.737: [GC (Allocation Failure) [PSYoungGen: 57728K->416K(59392K)] 405605K->348317K(561152K), 0.0033642 secs] [Times: user=0.01 sys=0.00, real=0.00 secs] 
592.355: [GC (Allocation Failure) [PSYoungGen: 57760K->320K(59392K)] 405661K->348221K(561152K), 0.0028350 secs] [Times: user=0.01 sys=0.00, real=0.00 secs] 
593.041: [GC (Allocation Failure) [PSYoungGen: 57664K->1501K(59904K)] 405565K->349402K(561664K), 0.0022998 secs] [Times: user=0.01 sys=0.00, real=0.01 secs] 
593.393: [GC (Allocation Failure) [PSYoungGen: 58845K->1565K(59904K)] 406746K->349474K(561664K), 0.0017052 secs] [Times: user=0.00 sys=0.00, real=0.01 secs] 
593.731: [GC (Allocation Failure) [PSYoungGen: 58909K->1597K(59904K)] 406818K->349506K(561664K), 0.0016741 secs] [Times: user=0.01 sys=0.00, real=0.00 secs] 
594.128: [GC (Allocation Failure) [PSYoungGen: 58941K->1597K(59904K)] 406850K->349506K(561664K), 0.0017116 secs] [Times: user=0.01 sys=0.00, real=0.00 secs] 
594.499: [GC (Allocation Failure) [PSYoungGen: 58941K->1632K(59904K)] 406850K->349541K(561664K), 0.0019113 secs] [Times: user=0.01 sys=0.00, real=0.00 secs] 
594.941: [GC (Allocation Failure) [PSYoungGen: 58976K->1408K(59904K)] 406885K->349317K(561664K), 0.0033032 secs] [Times: user=0.02 sys=0.00, real=0.01 secs] 
595.332: [GC (Allocation Failure) [PSYoungGen: 58752K->1440K(59904K)] 406661K->349349K(561664K), 0.0021462 secs] [Times: user=0.01 sys=0.00, real=0.01 secs] 
595.614: [GC (Allocation Failure) [PSYoungGen: 58784K->1440K(59904K)] 406693K->349349K(561664K), 0.0021406 secs] [Times: user=0.01 sys=0.00, real=0.00 secs] 
595.896: [GC (Allocation Failure) [PSYoungGen: 58784K->1392K(59904K)] 406693K->349301K(561664K), 0.0020847 secs] [Times: user=0.00 sys=0.00, real=0.00 secs] 
596.335: [GC (Allocation Failure) [PSYoungGen: 58736K->1485K(59904K)] 406645K->349394K(561664K), 0.0014935 secs] [Times: user=0.01 sys=0.00, real=0.00 secs] 
596.731: [GC (Allocation Failure) [PSYoungGen: 58829K->1600K(59904K)] 406738K->349533K(561664K), 0.0016229 secs] [Times: user=0.01 sys=0.00, real=0.00 secs] 
597.067: [GC (Allocation Failure) [PSYoungGen: 58944K->1565K(59904K)] 406877K->349498K(561664K), 0.0018028 secs] [Times: user=0.01 sys=0.00, real=0.00 secs] 
597.403: [GC (Allocation Failure) [PSYoungGen: 58909K->1501K(59904K)] 406842K->349434K(561664K), 0.0032538 secs] [Times: user=0.02 sys=0.00, real=0.00 secs] 
597.744: [GC (Allocation Failure) [PSYoungGen: 58845K->1565K(59904K)] 406778K->349498K(561664K), 0.0017707 secs] [Times: user=0.00 sys=0.00, real=0.00 secs] 
598.047: [GC (Allocation Failure) [PSYoungGen: 58909K->1440K(58880K)] 406842K->349373K(560640K), 0.0027692 secs] [Times: user=0.01 sys=0.01, real=0.00 secs] 
598.282: [GC (Allocation Failure) [PSYoungGen: 58784K->1376K(59392K)] 406717K->349309K(561152K), 0.0022474 secs] [Times: user=0.01 sys=0.00, real=0.01 secs] 
598.521: [GC (Allocation Failure) [PSYoungGen: 58720K->1376K(59392K)] 406653K->349309K(561152K), 0.0022743 secs] [Times: user=0.01 sys=0.00, real=0.01 secs] 
598.776: [GC (Allocation Failure) [PSYoungGen: 58720K->1408K(59392K)] 406653K->349341K(561152K), 0.0021457 secs] [Times: user=0.01 sys=0.00, real=0.00 secs] 
599.014: [GC (Allocation Failure) [PSYoungGen: 58752K->1376K(59392K)] 406685K->349309K(561152K), 0.0019264 secs] [Times: user=0.01 sys=0.00, real=0.00 secs] 
599.428: [GC (Allocation Failure) [PSYoungGen: 58720K->1565K(59392K)] 406653K->349514K(561152K), 0.0017281 secs] [Times: user=0.01 sys=0.00, real=0.00 secs] 
599.764: [GC (Allocation Failure) [PSYoungGen: 58909K->1565K(59392K)] 406858K->349538K(561152K), 0.0017361 secs] [Times: user=0.00 sys=0.00, real=0.00 secs] 
600.102: [GC (Allocation Failure) [PSYoungGen: 58909K->1565K(59392K)] 406882K->349538K(561152K), 0.0016158 secs] [Times: user=0.00 sys=0.00, real=0.01 secs] 
600.438: [GC (Allocation Failure) [PSYoungGen: 58909K->1565K(59392K)] 406882K->349538K(561152K), 0.0016834 secs] [Times: user=0.01 sys=0.00, real=0.00 secs] 
600.994: [GC (Allocation Failure) [PSYoungGen: 58909K->1408K(59392K)] 406882K->349381K(561152K), 0.0020277 secs] [Times: user=0.01 sys=0.00, real=0.00 secs] 
601.618: [GC (Allocation Failure) [PSYoungGen: 58752K->1424K(59392K)] 406725K->349397K(561152K), 0.0020431 secs] [Times: user=0.01 sys=0.00, real=0.00 secs] 
602.213: [GC (Allocation Failure) [PSYoungGen: 58768K->1408K(59392K)] 406741K->349381K(561152K), 0.0024693 secs] [Times: user=0.01 sys=0.00, real=0.01 secs] 
602.695: [GC (Allocation Failure) [PSYoungGen: 58752K->1376K(59392K)] 406725K->349349K(561152K), 0.0021835 secs] [Times: user=0.00 sys=0.00, real=0.00 secs] 
603.134: [GC (Allocation Failure) [PSYoungGen: 58720K->1376K(59392K)] 406693K->349349K(561152K), 0.0023167 secs] [Times: user=0.01 sys=0.00, real=0.00 secs] 
603.531: [GC (Allocation Failure) [PSYoungGen: 58720K->1501K(59392K)] 406693K->349474K(561152K), 0.0016513 secs] [Times: user=0.01 sys=0.00, real=0.00 secs] 
603.867: [GC (Allocation Failure) [PSYoungGen: 58845K->1533K(59392K)] 406818K->349514K(561152K), 0.0016370 secs] [Times: user=0.00 sys=0.00, real=0.00 secs] 
604.204: [GC (Allocation Failure) [PSYoungGen: 58877K->1597K(59392K)] 406858K->349578K(561152K), 0.0016295 secs] [Times: user=0.00 sys=0.00, real=0.00 secs] 
604.543: [GC (Allocation Failure) [PSYoungGen: 58941K->1533K(59392K)] 406922K->349514K(561152K), 0.0015878 secs] [Times: user=0.01 sys=0.00, real=0.01 secs] 
604.872: [GC (Allocation Failure) [PSYoungGen: 58877K->1440K(59392K)] 406858K->349421K(561152K), 0.0026357 secs] [Times: user=0.01 sys=0.00, real=0.01 secs] 
605.111: [GC (Allocation Failure) [PSYoungGen: 58784K->1392K(59392K)] 406765K->349373K(561152K), 0.0018536 secs] [Times: user=0.00 sys=0.00, real=0.01 secs] 
605.350: [GC (Allocation Failure) [PSYoungGen: 58736K->1408K(59392K)] 406717K->349389K(561152K), 0.0018504 secs] [Times: user=0.01 sys=0.00, real=0.00 secs] 
605.588: [GC (Allocation Failure) [PSYoungGen: 58752K->1360K(59392K)] 406733K->349341K(561152K), 0.0019045 secs] [Times: user=0.01 sys=0.00, real=0.00 secs] 
605.826: [GC (Allocation Failure) [PSYoungGen: 58704K->1440K(59392K)] 406685K->349421K(561152K), 0.0020788 secs] [Times: user=0.01 sys=0.00, real=0.00 secs] 
606.167: [GC (Allocation Failure) [PSYoungGen: 58784K->1533K(59392K)] 406765K->349514K(561152K), 0.0016280 secs] [Times: user=0.00 sys=0.00, real=0.00 secs] 
606.503: [GC (GCLocker Initiated GC) [PSYoungGen: 58877K->1552K(59392K)] 406858K->349549K(561152K), 0.0017202 secs] [Times: user=0.01 sys=0.00, real=0.00 secs] 
606.843: [GC (Allocation Failure) [PSYoungGen: 58896K->1501K(59392K)] 407151K->349756K(561152K), 0.0016357 secs] [Times: user=0.00 sys=0.00, real=0.00 secs] 
607.243: [GC (Allocation Failure) [PSYoungGen: 58845K->1549K(59392K)] 407100K->349804K(561152K), 0.0016874 secs] [Times: user=0.00 sys=0.00, real=0.00 secs] 
607.794: [GC (Allocation Failure) [PSYoungGen: 58893K->1504K(59392K)] 407148K->349758K(561152K), 0.0034542 secs] [Times: user=0.01 sys=0.00, real=0.00 secs] 
608.761: [GC (Allocation Failure) [PSYoungGen: 58848K->1376K(59392K)] 407102K->349630K(561152K), 0.0039501 secs] [Times: user=0.02 sys=0.00, real=0.01 secs] 
609.283: [GC (Allocation Failure) [PSYoungGen: 58720K->1408K(59392K)] 406974K->349662K(561152K), 0.0032234 secs] [Times: user=0.01 sys=0.00, real=0.00 secs] 
609.772: [GC (Allocation Failure) [PSYoungGen: 58752K->1376K(59392K)] 407006K->349630K(561152K), 0.0027470 secs] [Times: user=0.01 sys=0.00, real=0.01 secs] 
610.416: [GC (Allocation Failure) [PSYoungGen: 58720K->1376K(59392K)] 406974K->349630K(561152K), 0.0033581 secs] [Times: user=0.01 sys=0.01, real=0.00 secs] 
610.933: [GC (Allocation Failure) [PSYoungGen: 58720K->1517K(59392K)] 406974K->349772K(561152K), 0.0016187 secs] [Times: user=0.01 sys=0.00, real=0.00 secs] 
611.329: [GC (Allocation Failure) [PSYoungGen: 58861K->1581K(59392K)] 407116K->349860K(561152K), 0.0017836 secs] [Times: user=0.00 sys=0.00, real=0.00 secs] 
611.665: [GC (Allocation Failure) [PSYoungGen: 58925K->1549K(59392K)] 407204K->349828K(561152K), 0.0017596 secs] [Times: user=0.01 sys=0.00, real=0.00 secs] 
612.003: [GC (Allocation Failure) [PSYoungGen: 58893K->1549K(59392K)] 407172K->349828K(561152K), 0.0016789 secs] [Times: user=0.00 sys=0.00, real=0.00 secs] 
612.397: [GC (Allocation Failure) [PSYoungGen: 58893K->1536K(59392K)] 407172K->351863K(561152K), 0.0021480 secs] [Times: user=0.01 sys=0.00, real=0.00 secs] 
612.644: [GC (Allocation Failure) [PSYoungGen: 58880K->384K(59392K)] 409207K->350719K(561152K), 0.0024346 secs] [Times: user=0.01 sys=0.00, real=0.00 secs] 
612.876: [GC (Allocation Failure) [PSYoungGen: 57728K->336K(59392K)] 408063K->350719K(561152K), 0.0020789 secs] [Times: user=0.01 sys=0.00, real=0.00 secs] 
613.115: [GC (Allocation Failure) [PSYoungGen: 57680K->384K(59392K)] 408063K->350767K(561152K), 0.0020852 secs] [Times: user=0.01 sys=0.00, real=0.00 secs] 
613.430: [GC (Allocation Failure) [PSYoungGen: 57728K->352K(59904K)] 408111K->350743K(561664K), 0.0020535 secs] [Times: user=0.00 sys=0.00, real=0.00 secs] 
614.022: [GC (Allocation Failure) [PSYoungGen: 57696K->1485K(59904K)] 408087K->351876K(561664K), 0.0022729 secs] [Times: user=0.01 sys=0.00, real=0.01 secs] 
614.462: [GC (Allocation Failure) [PSYoungGen: 58829K->1549K(59904K)] 409220K->351956K(561664K), 0.0017729 secs] [Times: user=0.01 sys=0.00, real=0.01 secs] 
614.860: [GC (Allocation Failure) [PSYoungGen: 58893K->1565K(59904K)] 409300K->351980K(561664K), 0.0018049 secs] [Times: user=0.01 sys=0.00, real=0.00 secs] 
615.198: [GC (Allocation Failure) [PSYoungGen: 58909K->1565K(59904K)] 409324K->351988K(561664K), 0.0016776 secs] [Times: user=0.01 sys=0.00, real=0.00 secs] 
615.576: [GC (Allocation Failure) [PSYoungGen: 58909K->2000K(59904K)] 409332K->352423K(561664K), 0.0018776 secs] [Times: user=0.01 sys=0.00, real=0.00 secs] 
615.886: [GC (Allocation Failure) [PSYoungGen: 59344K->1408K(59904K)] 409767K->351831K(561664K), 0.0024484 secs] [Times: user=0.01 sys=0.00, real=0.00 secs] 
616.159: [GC (Allocation Failure) [PSYoungGen: 58752K->1440K(59904K)] 409175K->351863K(561664K), 0.0021664 secs] [Times: user=0.00 sys=0.01, real=0.00 secs] 
616.448: [GC (Allocation Failure) [PSYoungGen: 58784K->1408K(59904K)] 409207K->351831K(561664K), 0.0021757 secs] [Times: user=0.01 sys=0.00, real=0.00 secs] 
616.696: [GC (Allocation Failure) [PSYoungGen: 58752K->1376K(59904K)] 409175K->351799K(561664K), 0.0019677 secs] [Times: user=0.01 sys=0.00, real=0.00 secs] 
617.032: [GC (Allocation Failure) [PSYoungGen: 58720K->1501K(59904K)] 409143K->351924K(561664K), 0.0016096 secs] [Times: user=0.00 sys=0.00, real=0.01 secs] 
617.369: [GC (Allocation Failure) [PSYoungGen: 58820K->1584K(59904K)] 409243K->352023K(561664K), 0.0017202 secs] [Times: user=0.01 sys=0.00, real=0.00 secs] 
617.707: [GC (Allocation Failure) [PSYoungGen: 58928K->1581K(59904K)] 409367K->352020K(561664K), 0.0016341 secs] [Times: user=0.01 sys=0.00, real=0.00 secs] 
618.106: [GC (Allocation Failure) [PSYoungGen: 58925K->1501K(59904K)] 409364K->351940K(561664K), 0.0016581 secs] [Times: user=0.01 sys=0.00, real=0.00 secs] 
618.504: [GC (Allocation Failure) [PSYoungGen: 58845K->1549K(59904K)] 409284K->351988K(561664K), 0.0016476 secs] [Times: user=0.00 sys=0.00, real=0.00 secs] 
619.006: [GC (Allocation Failure) [PSYoungGen: 58893K->1408K(58880K)] 409332K->351847K(560640K), 0.0031404 secs] [Times: user=0.02 sys=0.00, real=0.00 secs] 
619.557: [GC (Allocation Failure) [PSYoungGen: 58752K->1408K(59392K)] 409191K->351847K(561152K), 0.0033276 secs] [Times: user=0.01 sys=0.00, real=0.00 secs] 
619.987: [GC (Allocation Failure) [PSYoungGen: 58752K->1408K(59392K)] 409191K->351847K(561152K), 0.0024862 secs] [Times: user=0.01 sys=0.00, real=0.00 secs] 
620.471: [GC (Allocation Failure) [PSYoungGen: 58752K->1360K(59392K)] 409191K->351815K(561152K), 0.0023537 secs] [Times: user=0.01 sys=0.00, real=0.01 secs] 
620.996: [GC (Allocation Failure) [PSYoungGen: 58694K->1469K(59392K)] 409149K->351924K(561152K), 0.0026666 secs] [Times: user=0.01 sys=0.00, real=0.00 secs] 
621.389: [GC (Allocation Failure) [PSYoungGen: 58785K->1565K(59392K)] 409240K->352036K(561152K), 0.0016883 secs] [Times: user=0.01 sys=0.00, real=0.00 secs] 
621.732: [GC (Allocation Failure) [PSYoungGen: 58909K->1597K(59392K)] 409380K->352068K(561152K), 0.0017010 secs] [Times: user=0.00 sys=0.00, real=0.01 secs] 
622.069: [GC (Allocation Failure) [PSYoungGen: 58941K->1549K(59392K)] 409412K->352020K(561152K), 0.0017380 secs] [Times: user=0.01 sys=0.00, real=0.00 secs] 
622.405: [GC (Allocation Failure) [PSYoungGen: 58893K->1552K(59392K)] 409364K->352023K(561152K), 0.0016587 secs] [Times: user=0.01 sys=0.00, real=0.00 secs] 
622.867: [GC (Allocation Failure) [PSYoungGen: 58896K->1408K(59392K)] 409367K->351879K(561152K), 0.0021049 secs] [Times: user=0.01 sys=0.00, real=0.00 secs] 
623.388: [GC (Allocation Failure) [PSYoungGen: 58752K->1376K(59392K)] 409223K->351847K(561152K), 0.0018308 secs] [Times: user=0.01 sys=0.00, real=0.00 secs] 
623.949: [GC (Allocation Failure) [PSYoungGen: 58720K->1344K(59392K)] 409191K->351815K(561152K), 0.0028016 secs] [Times: user=0.01 sys=0.00, real=0.00 secs] 
624.541: [GC (Allocation Failure) [PSYoungGen: 58688K->1376K(59392K)] 409159K->351847K(561152K), 0.0043408 secs] [Times: user=0.02 sys=0.00, real=0.01 secs] 
625.035: [GC (Allocation Failure) [PSYoungGen: 58720K->1376K(59392K)] 409191K->351847K(561152K), 0.0028978 secs] [Times: user=0.01 sys=0.00, real=0.00 secs] 
625.469: [GC (Allocation Failure) [PSYoungGen: 58692K->1485K(59392K)] 409163K->351956K(561152K), 0.0016688 secs] [Times: user=0.01 sys=0.00, real=0.00 secs] 
625.804: [GC (Allocation Failure) [PSYoungGen: 58829K->1581K(59392K)] 409300K->352068K(561152K), 0.0017058 secs] [Times: user=0.01 sys=0.00, real=0.00 secs] 
626.143: [GC (Allocation Failure) [PSYoungGen: 58925K->1565K(59392K)] 409412K->352052K(561152K), 0.0017348 secs] [Times: user=0.00 sys=0.00, real=0.01 secs] 
626.479: [GC (Allocation Failure) [PSYoungGen: 58896K->1597K(59392K)] 409383K->352084K(561152K), 0.0017964 secs] [Times: user=0.01 sys=0.00, real=0.00 secs] 
626.770: [GC (Allocation Failure) [PSYoungGen: 58941K->1408K(59392K)] 409428K->351895K(561152K), 0.0020219 secs] [Times: user=0.01 sys=0.00, real=0.00 secs] 
627.008: [GC (Allocation Failure) [PSYoungGen: 58752K->1376K(59392K)] 409239K->351863K(561152K), 0.0019438 secs] [Times: user=0.01 sys=0.00, real=0.00 secs] 
627.246: [GC (Allocation Failure) [PSYoungGen: 58720K->1376K(59392K)] 409207K->351863K(561152K), 0.0019155 secs] [Times: user=0.01 sys=0.00, real=0.00 secs] 
627.484: [GC (Allocation Failure) [PSYoungGen: 58720K->1408K(59392K)] 409207K->351895K(561152K), 0.0018812 secs] [Times: user=0.00 sys=0.00, real=0.00 secs] 
627.722: [GC (Allocation Failure) [PSYoungGen: 58752K->1376K(59392K)] 409239K->351863K(561152K), 0.0019311 secs] [Times: user=0.01 sys=0.00, real=0.01 secs] 
628.049: [GC (Allocation Failure) [PSYoungGen: 58720K->1485K(59392K)] 409207K->351972K(561152K), 0.0015866 secs] [Times: user=0.01 sys=0.00, real=0.00 secs] 
628.384: [GC (Allocation Failure) [PSYoungGen: 58829K->1581K(59392K)] 409316K->352084K(561152K), 0.0015744 secs] [Times: user=0.01 sys=0.00, real=0.00 secs] 
628.720: [GC (Allocation Failure) [PSYoungGen: 58925K->1581K(59392K)] 409428K->352084K(561152K), 0.0015749 secs] [Times: user=0.01 sys=0.00, real=0.00 secs] 
629.063: [GC (Allocation Failure) [PSYoungGen: 58925K->1549K(59392K)] 409428K->352052K(561152K), 0.0016394 secs] [Times: user=0.00 sys=0.00, real=0.00 secs] 
629.387: [GC (Allocation Failure) [PSYoungGen: 58893K->1440K(59392K)] 409396K->351943K(561152K), 0.0020938 secs] [Times: user=0.00 sys=0.00, real=0.00 secs] 
629.626: [GC (Allocation Failure) [PSYoungGen: 58784K->1344K(59392K)] 409287K->351879K(561152K), 0.0019797 secs] [Times: user=0.01 sys=0.00, real=0.00 secs] 
629.864: [GC (Allocation Failure) [PSYoungGen: 58688K->1376K(59392K)] 409223K->351911K(561152K), 0.0017438 secs] [Times: user=0.01 sys=0.00, real=0.00 secs] 
630.107: [GC (Allocation Failure) [PSYoungGen: 58720K->1344K(59392K)] 409255K->351879K(561152K), 0.0031687 secs] [Times: user=0.01 sys=0.00, real=0.00 secs] 
630.343: [GC (Allocation Failure) [PSYoungGen: 58688K->1376K(59392K)] 409223K->351911K(561152K), 0.0026136 secs] [Times: user=0.01 sys=0.00, real=0.01 secs] 
630.707: [GC (Allocation Failure) [PSYoungGen: 58720K->1501K(59392K)] 409255K->352036K(561152K), 0.0015215 secs] [Times: user=0.01 sys=0.00, real=0.00 secs] 
631.042: [GC (Allocation Failure) [PSYoungGen: 58845K->1581K(59392K)] 409380K->352132K(561152K), 0.0016282 secs] [Times: user=0.01 sys=0.00, real=0.01 secs] 
631.378: [GC (Allocation Failure) [PSYoungGen: 58925K->1613K(59392K)] 409476K->352164K(561152K), 0.0016676 secs] [Times: user=0.01 sys=0.00, real=0.00 secs] 
631.723: [GC (Allocation Failure) [PSYoungGen: 58957K->1549K(59392K)] 409508K->352100K(561152K), 0.0015775 secs] [Times: user=0.01 sys=0.00, real=0.00 secs] 
632.110: [GC (Allocation Failure) [PSYoungGen: 58893K->1504K(59392K)] 409444K->354103K(561152K), 0.0021168 secs] [Times: user=0.01 sys=0.00, real=0.00 secs] 
632.638: [GC (Allocation Failure) [PSYoungGen: 58848K->352K(59392K)] 411447K->352951K(561152K), 0.0018368 secs] [Times: user=0.01 sys=0.00, real=0.00 secs] 
632.874: [GC (Allocation Failure) [PSYoungGen: 57696K->320K(59392K)] 410295K->352919K(561152K), 0.0076965 secs] [Times: user=0.04 sys=0.00, real=0.00 secs] 
633.119: [GC (Allocation Failure) [PSYoungGen: 57664K->368K(64512K)] 410263K->352967K(566272K), 0.0023402 secs] [Times: user=0.01 sys=0.00, real=0.00 secs] 
633.379: [GC (Allocation Failure) [PSYoungGen: 62832K->352K(65024K)] 415431K->352951K(566784K), 0.0021869 secs] [Times: user=0.01 sys=0.00, real=0.00 secs] 
633.730: [GC (Allocation Failure) [PSYoungGen: 62816K->1549K(64000K)] 415415K->354148K(565760K), 0.0018610 secs] [Times: user=0.01 sys=0.00, real=0.00 secs] 
634.097: [GC (Allocation Failure) [PSYoungGen: 63501K->1549K(63488K)] 416100K->354156K(565248K), 0.0020278 secs] [Times: user=0.00 sys=0.01, real=0.00 secs] 
634.458: [GC (Allocation Failure) [PSYoungGen: 62986K->1517K(62464K)] 415593K->354172K(564224K), 0.0016547 secs] [Times: user=0.01 sys=0.00, real=0.00 secs] 
634.816: [GC (Allocation Failure) [PSYoungGen: 62445K->1597K(62464K)] 415100K->354260K(564224K), 0.0016777 secs] [Times: user=0.01 sys=0.00, real=0.00 secs] 
635.270: [GC (Allocation Failure) [PSYoungGen: 62013K->1504K(61440K)] 414676K->354167K(563200K), 0.0020892 secs] [Times: user=0.01 sys=0.00, real=0.00 secs] 
635.794: [GC (Allocation Failure) [PSYoungGen: 61408K->1376K(60928K)] 414071K->354039K(562688K), 0.0020959 secs] [Times: user=0.01 sys=0.00, real=0.00 secs] 
636.131: [GC (Allocation Failure) [PSYoungGen: 60768K->1408K(60416K)] 413431K->354071K(562176K), 0.0022320 secs] [Times: user=0.01 sys=0.00, real=0.01 secs] 
636.397: [GC (Allocation Failure) [PSYoungGen: 60288K->1408K(59904K)] 412951K->354071K(561664K), 0.0024236 secs] [Times: user=0.01 sys=0.00, real=0.00 secs] 
636.803: [GC (Allocation Failure) [PSYoungGen: 59776K->1376K(59904K)] 412439K->354039K(561664K), 0.0023148 secs] [Times: user=0.01 sys=0.01, real=0.01 secs] 
637.223: [GC (Allocation Failure) [PSYoungGen: 59744K->1485K(59904K)] 412407K->354148K(561664K), 0.0017640 secs] [Times: user=0.00 sys=0.00, real=0.01 secs] 
637.567: [GC (Allocation Failure) [PSYoungGen: 59853K->1613K(60416K)] 412516K->354292K(562176K), 0.0016199 secs] [Times: user=0.01 sys=0.00, real=0.00 secs] 
637.913: [GC (Allocation Failure) [PSYoungGen: 59981K->1581K(60416K)] 412660K->354260K(562176K), 0.0017172 secs] [Times: user=0.01 sys=0.00, real=0.01 secs] 
638.261: [GC (Allocation Failure) [PSYoungGen: 59949K->1549K(60928K)] 412628K->354236K(562688K), 0.0016095 secs] [Times: user=0.01 sys=0.00, real=0.00 secs] 
638.550: [GC (Allocation Failure) [PSYoungGen: 59917K->1440K(59904K)] 412604K->354127K(561664K), 0.0017534 secs] [Times: user=0.00 sys=0.00, real=0.00 secs] 
638.792: [GC (Allocation Failure) [PSYoungGen: 59808K->1440K(60416K)] 412495K->354127K(562176K), 0.0017538 secs] [Times: user=0.01 sys=0.00, real=0.01 secs] 
639.035: [GC (Allocation Failure) [PSYoungGen: 59808K->1360K(60416K)] 412495K->354047K(562176K), 0.0021052 secs] [Times: user=0.01 sys=0.00, real=0.00 secs] 
639.335: [GC (Allocation Failure) [PSYoungGen: 59728K->1408K(60416K)] 412415K->354095K(562176K), 0.0026677 secs] [Times: user=0.01 sys=0.00, real=0.00 secs] 
639.594: [GC (Allocation Failure) [PSYoungGen: 59776K->1344K(60416K)] 412463K->354031K(562176K), 0.0024856 secs] [Times: user=0.01 sys=0.00, real=0.00 secs] 
640.000: [GC (Allocation Failure) [PSYoungGen: 59712K->1488K(60416K)] 412399K->354199K(562176K), 0.0016037 secs] [Times: user=0.00 sys=0.00, real=0.00 secs] 
640.343: [GC (Allocation Failure) [PSYoungGen: 59856K->1613K(60416K)] 412567K->354340K(562176K), 0.0017092 secs] [Times: user=0.01 sys=0.00, real=0.00 secs] 
640.687: [GC (Allocation Failure) [PSYoungGen: 59981K->1549K(60416K)] 412708K->354276K(562176K), 0.0015998 secs] [Times: user=0.00 sys=0.00, real=0.00 secs] 
641.095: [GC (Allocation Failure) [PSYoungGen: 59917K->1517K(60416K)] 412644K->354244K(562176K), 0.0016201 secs] [Times: user=0.01 sys=0.00, real=0.00 secs] 
641.558: [GC (Allocation Failure) [PSYoungGen: 59885K->1376K(60416K)] 412612K->354111K(562176K), 0.0021374 secs] [Times: user=0.01 sys=0.00, real=0.00 secs] 
642.200: [GC (Allocation Failure) [PSYoungGen: 59744K->1344K(60416K)] 412479K->354079K(562176K), 0.0023649 secs] [Times: user=0.01 sys=0.00, real=0.00 secs] 
642.773: [GC (Allocation Failure) [PSYoungGen: 59712K->1408K(60416K)] 412447K->354143K(562176K), 0.0024530 secs] [Times: user=0.01 sys=0.00, real=0.01 secs] 
643.192: [GC (Allocation Failure) [PSYoungGen: 59776K->1344K(60416K)] 412511K->354079K(562176K), 0.0024255 secs] [Times: user=0.01 sys=0.00, real=0.01 secs] 
643.579: [GC (Allocation Failure) [PSYoungGen: 59712K->1344K(60416K)] 412447K->354079K(562176K), 0.0024286 secs] [Times: user=0.01 sys=0.00, real=0.00 secs] 
643.992: [GC (Allocation Failure) [PSYoungGen: 59697K->1501K(60416K)] 412432K->354236K(562176K), 0.0016896 secs] [Times: user=0.01 sys=0.00, real=0.01 secs] 
644.336: [GC (Allocation Failure) [PSYoungGen: 59869K->1613K(60416K)] 412604K->354364K(562176K), 0.0016355 secs] [Times: user=0.01 sys=0.00, real=0.00 secs] 
644.740: [GC (Allocation Failure) [PSYoungGen: 59981K->1549K(60416K)] 412732K->354300K(562176K), 0.0015720 secs] [Times: user=0.01 sys=0.00, real=0.00 secs] 
645.144: [GC (Allocation Failure) [PSYoungGen: 59917K->1581K(60416K)] 412668K->354332K(562176K), 0.0017986 secs] [Times: user=0.00 sys=0.00, real=0.00 secs] 
645.755: [GC (Allocation Failure) [PSYoungGen: 59949K->1424K(60416K)] 412700K->354175K(562176K), 0.0034764 secs] [Times: user=0.02 sys=0.00, real=0.00 secs] 
646.508: [GC (Allocation Failure) [PSYoungGen: 59792K->1408K(60416K)] 412543K->354159K(562176K), 0.0042622 secs] [Times: user=0.02 sys=0.00, real=0.00 secs] 
647.149: [GC (Allocation Failure) [PSYoungGen: 59776K->1344K(60416K)] 412527K->354095K(562176K), 0.0043242 secs] [Times: user=0.01 sys=0.00, real=0.01 secs] 
647.737: [GC (Allocation Failure) [PSYoungGen: 59712K->1408K(60416K)] 412463K->354159K(562176K), 0.0043387 secs] [Times: user=0.01 sys=0.00, real=0.00 secs] 
648.279: [GC (Allocation Failure) [PSYoungGen: 59776K->1344K(60416K)] 412527K->354095K(562176K), 0.0043426 secs] [Times: user=0.02 sys=0.00, real=0.01 secs] 
648.883: [GC (Allocation Failure) [PSYoungGen: 59712K->1581K(60416K)] 412463K->354332K(562176K), 0.0016561 secs] [Times: user=0.01 sys=0.00, real=0.00 secs] 
649.229: [GC (Allocation Failure) [PSYoungGen: 59949K->1581K(60416K)] 412700K->354348K(562176K), 0.0017718 secs] [Times: user=0.01 sys=0.00, real=0.00 secs] 
649.573: [GC (Allocation Failure) [PSYoungGen: 59949K->1581K(60416K)] 412716K->354348K(562176K), 0.0016024 secs] [Times: user=0.00 sys=0.00, real=0.00 secs] 
649.918: [GC (Allocation Failure) [PSYoungGen: 59949K->1549K(60416K)] 412716K->354316K(562176K), 0.0016827 secs] [Times: user=0.01 sys=0.00, real=0.00 secs] 
650.506: [GC (Allocation Failure) [PSYoungGen: 59917K->1440K(60416K)] 412684K->354207K(562176K), 0.0020802 secs] [Times: user=0.01 sys=0.00, real=0.00 secs] 
651.076: [GC (Allocation Failure) [PSYoungGen: 59808K->1408K(60416K)] 412575K->354175K(562176K), 0.0022201 secs] [Times: user=0.01 sys=0.00, real=0.00 secs] 
651.750: [GC (Allocation Failure) [PSYoungGen: 59776K->1408K(60416K)] 412543K->354175K(562176K), 0.0022167 secs] [Times: user=0.01 sys=0.00, real=0.00 secs] 
652.423: [GC (Allocation Failure) [PSYoungGen: 59776K->1376K(60416K)] 412543K->354143K(562176K), 0.0022072 secs] [Times: user=0.01 sys=0.00, real=0.00 secs] 
653.041: [GC (Allocation Failure) [PSYoungGen: 59744K->1392K(60416K)] 412511K->354159K(562176K), 0.0027657 secs] [Times: user=0.01 sys=0.00, real=0.01 secs] 
653.501: [GC (Allocation Failure) [PSYoungGen: 59760K->1517K(60416K)] 412527K->354300K(562176K), 0.0015983 secs] [Times: user=0.00 sys=0.00, real=0.00 secs] 
653.844: [GC (Allocation Failure) [PSYoungGen: 59885K->1520K(60416K)] 412668K->354319K(562176K), 0.0016424 secs] [Times: user=0.01 sys=0.00, real=0.00 secs] 
654.191: [GC (Allocation Failure) [PSYoungGen: 59888K->1581K(60416K)] 412687K->354380K(562176K), 0.0015934 secs] [Times: user=0.01 sys=0.00, real=0.00 secs] 
654.536: [GC (Allocation Failure) [PSYoungGen: 59949K->1549K(60416K)] 412748K->354348K(562176K), 0.0015891 secs] [Times: user=0.01 sys=0.00, real=0.00 secs] 
654.987: [GC (Allocation Failure) [PSYoungGen: 59917K->1408K(60416K)] 412716K->354207K(562176K), 0.0019269 secs] [Times: user=0.01 sys=0.00, real=0.00 secs] 
655.500: [GC (Allocation Failure) [PSYoungGen: 59776K->1376K(60416K)] 412575K->354175K(562176K), 0.0027545 secs] [Times: user=0.01 sys=0.00, real=0.00 secs] 
656.030: [GC (Allocation Failure) [PSYoungGen: 59744K->1440K(60416K)] 412543K->354239K(562176K), 0.0027309 secs] [Times: user=0.01 sys=0.00, real=0.01 secs] 
656.583: [GC (Allocation Failure) [PSYoungGen: 59808K->1408K(60416K)] 412607K->354207K(562176K), 0.0022305 secs] [Times: user=0.01 sys=0.00, real=0.00 secs] 
657.234: [GC (Allocation Failure) [PSYoungGen: 59776K->1344K(60416K)] 412575K->354143K(562176K), 0.0028793 secs] [Times: user=0.01 sys=0.00, real=0.00 secs] 
657.710: [GC (Allocation Failure) [PSYoungGen: 59712K->1581K(60416K)] 412511K->354380K(562176K), 0.0017097 secs] [Times: user=0.01 sys=0.00, real=0.00 secs] 
658.059: [GC (Allocation Failure) [PSYoungGen: 59931K->1581K(60416K)] 412730K->354396K(562176K), 0.0016123 secs] [Times: user=0.01 sys=0.00, real=0.00 secs] 
658.404: [GC (Allocation Failure) [PSYoungGen: 59923K->1549K(60416K)] 412738K->354364K(562176K), 0.0017152 secs] [Times: user=0.01 sys=0.00, real=0.00 secs] 
658.747: [GC (Allocation Failure) [PSYoungGen: 59895K->1584K(60416K)] 412710K->354399K(562176K), 0.0015965 secs] [Times: user=0.00 sys=0.00, real=0.00 secs] 
659.295: [GC (Allocation Failure) [PSYoungGen: 59952K->1408K(60416K)] 412767K->354223K(562176K), 0.0023213 secs] [Times: user=0.01 sys=0.00, real=0.00 secs] 
659.777: [GC (Allocation Failure) [PSYoungGen: 59776K->1376K(60416K)] 412591K->354191K(562176K), 0.0022495 secs] [Times: user=0.01 sys=0.00, real=0.00 secs] 
660.249: [GC (Allocation Failure) [PSYoungGen: 59744K->1360K(60416K)] 412559K->354175K(562176K), 0.0024416 secs] [Times: user=0.01 sys=0.00, real=0.00 secs] 
660.724: [GC (Allocation Failure) [PSYoungGen: 59728K->1344K(60416K)] 412543K->354159K(562176K), 0.0021359 secs] [Times: user=0.01 sys=0.00, real=0.00 secs] 
661.181: [GC (Allocation Failure) [PSYoungGen: 59712K->1376K(60416K)] 412527K->354191K(562176K), 0.0023106 secs] [Times: user=0.01 sys=0.00, real=0.00 secs] 
661.634: [GC (Allocation Failure) [PSYoungGen: 59744K->1501K(60416K)] 412559K->354316K(562176K), 0.0016232 secs] [Times: user=0.01 sys=0.00, real=0.00 secs] 
661.978: [GC (Allocation Failure) [PSYoungGen: 59869K->1549K(60416K)] 412684K->354388K(562176K), 0.0018943 secs] [Times: user=0.00 sys=0.00, real=0.00 secs] 
662.326: [GC (Allocation Failure) [PSYoungGen: 59917K->1552K(60416K)] 412756K->354391K(562176K), 0.0052949 secs] [Times: user=0.02 sys=0.00, real=0.00 secs] 
662.756: [GC (Allocation Failure) [PSYoungGen: 59896K->1549K(60416K)] 412735K->354388K(562176K), 0.0015640 secs] [Times: user=0.00 sys=0.00, real=0.00 secs] 
663.373: [GC (Allocation Failure) [PSYoungGen: 59917K->1408K(60416K)] 412756K->354247K(562176K), 0.0030069 secs] [Times: user=0.01 sys=0.00, real=0.00 secs] 
664.164: [GC (Allocation Failure) [PSYoungGen: 59776K->1344K(60416K)] 412615K->354183K(562176K), 0.0027230 secs] [Times: user=0.02 sys=0.00, real=0.00 secs] 
664.825: [GC (Allocation Failure) [PSYoungGen: 59712K->1344K(60416K)] 412551K->354183K(562176K), 0.0032347 secs] [Times: user=0.01 sys=0.00, real=0.00 secs] 
665.199: [GC (Allocation Failure) [PSYoungGen: 59712K->1376K(60416K)] 412551K->354215K(562176K), 0.0025944 secs] [Times: user=0.02 sys=0.00, real=0.00 secs] 
665.564: [GC (Allocation Failure) [PSYoungGen: 59744K->1408K(60416K)] 412583K->354247K(562176K), 0.0027965 secs] [Times: user=0.01 sys=0.00, real=0.00 secs] 
665.999: [GC (Allocation Failure) [PSYoungGen: 59776K->1517K(60416K)] 412615K->354356K(562176K), 0.0015766 secs] [Times: user=0.01 sys=0.00, real=0.00 secs] 
666.343: [GC (Allocation Failure) [PSYoungGen: 59885K->1581K(60416K)] 412724K->354436K(562176K), 0.0017085 secs] [Times: user=0.00 sys=0.00, real=0.00 secs] 
666.687: [GC (Allocation Failure) [PSYoungGen: 59949K->1549K(60416K)] 412804K->354404K(562176K), 0.0016870 secs] [Times: user=0.01 sys=0.00, real=0.00 secs] 
667.036: [GC (Allocation Failure) [PSYoungGen: 59889K->1581K(60416K)] 412744K->354436K(562176K), 0.0016566 secs] [Times: user=0.01 sys=0.00, real=0.00 secs] 
668.000: [GC (Allocation Failure) [PSYoungGen: 59949K->1376K(60416K)] 412804K->354231K(562176K), 0.0022115 secs] [Times: user=0.01 sys=0.00, real=0.00 secs] 
668.866: [GC (Allocation Failure) [PSYoungGen: 59744K->1440K(60416K)] 412599K->354295K(562176K), 0.0027330 secs] [Times: user=0.02 sys=0.00, real=0.00 secs] 
669.442: [GC (Allocation Failure) [PSYoungGen: 59808K->1360K(60416K)] 412663K->354215K(562176K), 0.0027846 secs] [Times: user=0.01 sys=0.00, real=0.01 secs] 
669.758: [GC (Allocation Failure) [PSYoungGen: 59728K->1344K(60416K)] 412583K->354199K(562176K), 0.0022836 secs] [Times: user=0.01 sys=0.00, real=0.00 secs] 
670.002: [GC (Allocation Failure) [PSYoungGen: 59712K->1440K(60416K)] 412567K->354295K(562176K), 0.0021263 secs] [Times: user=0.00 sys=0.00, real=0.01 secs] 
670.366: [GC (Allocation Failure) [PSYoungGen: 59808K->1517K(60416K)] 412663K->354372K(562176K), 0.0017361 secs] [Times: user=0.01 sys=0.00, real=0.00 secs] 
670.710: [GC (Allocation Failure) [PSYoungGen: 59885K->1565K(60416K)] 412740K->354436K(562176K), 0.0016100 secs] [Times: user=0.01 sys=0.00, real=0.00 secs] 
671.055: [GC (Allocation Failure) [PSYoungGen: 59933K->1613K(60416K)] 412804K->354484K(562176K), 0.0017092 secs] [Times: user=0.01 sys=0.00, real=0.00 secs] 
671.399: [GC (Allocation Failure) [PSYoungGen: 59981K->1549K(60416K)] 412852K->354444K(562176K), 0.0016443 secs] [Times: user=0.01 sys=0.00, real=0.00 secs] 
672.191: [GC (Allocation Failure) [PSYoungGen: 59917K->1408K(60416K)] 412812K->354303K(562176K), 0.0026182 secs] [Times: user=0.01 sys=0.00, real=0.01 secs] 
672.743: [GC (Allocation Failure) [PSYoungGen: 59776K->1344K(60416K)] 412671K->354239K(562176K), 0.0040462 secs] [Times: user=0.01 sys=0.00, real=0.00 secs] 
673.443: [GC (Allocation Failure) [PSYoungGen: 59712K->1408K(60416K)] 412607K->354303K(562176K), 0.0042669 secs] [Times: user=0.01 sys=0.00, real=0.00 secs] 
674.535: [GC (Allocation Failure) [PSYoungGen: 59776K->1440K(60416K)] 412671K->354335K(562176K), 0.0025470 secs] [Times: user=0.01 sys=0.00, real=0.00 secs] 
674.771: [GC (Allocation Failure) [PSYoungGen: 59808K->1408K(60416K)] 412703K->354303K(562176K), 0.0021615 secs] [Times: user=0.01 sys=0.00, real=0.00 secs] 
675.152: [GC (Allocation Failure) [PSYoungGen: 59746K->1549K(60416K)] 412641K->354444K(562176K), 0.0017071 secs] [Times: user=0.01 sys=0.00, real=0.01 secs] 
675.497: [GC (Allocation Failure) [PSYoungGen: 59917K->1549K(60416K)] 412812K->354460K(562176K), 0.0017696 secs] [Times: user=0.01 sys=0.00, real=0.00 secs] 
675.841: [GC (Allocation Failure) [PSYoungGen: 59917K->1549K(60416K)] 412828K->354460K(562176K), 0.0016076 secs] [Times: user=0.00 sys=0.00, real=0.00 secs] 
676.185: [GC (Allocation Failure) [PSYoungGen: 59916K->1549K(60416K)] 412827K->354460K(562176K), 0.0016873 secs] [Times: user=0.01 sys=0.00, real=0.00 secs] 
676.611: [GC (Allocation Failure) [PSYoungGen: 59917K->1376K(60416K)] 412828K->354287K(562176K), 0.0019564 secs] [Times: user=0.01 sys=0.00, real=0.01 secs] 
677.093: [GC (Allocation Failure) [PSYoungGen: 59744K->1376K(60416K)] 412655K->354287K(562176K), 0.0020726 secs] [Times: user=0.01 sys=0.00, real=0.01 secs] 
677.585: [GC (Allocation Failure) [PSYoungGen: 59744K->1376K(60416K)] 412655K->354287K(562176K), 0.0020757 secs] [Times: user=0.01 sys=0.00, real=0.00 secs] 
677.995: [GC (Allocation Failure) [PSYoungGen: 59744K->1408K(60416K)] 412655K->354319K(562176K), 0.0019864 secs] [Times: user=0.01 sys=0.00, real=0.00 secs] 
678.238: [GC (Allocation Failure) [PSYoungGen: 59776K->1424K(60416K)] 412687K->354335K(562176K), 0.0021199 secs] [Times: user=0.00 sys=0.00, real=0.00 secs] 
678.610: [GC (Allocation Failure) [PSYoungGen: 59792K->1581K(60416K)] 412703K->354492K(562176K), 0.0017146 secs] [Times: user=0.01 sys=0.00, real=0.00 secs] 
678.955: [GC (Allocation Failure) [PSYoungGen: 59949K->1613K(60416K)] 412860K->354532K(562176K), 0.0016824 secs] [Times: user=0.01 sys=0.00, real=0.00 secs] 
679.365: [GC (Allocation Failure) [PSYoungGen: 59981K->1549K(60416K)] 412900K->354468K(562176K), 0.0017032 secs] [Times: user=0.00 sys=0.00, real=0.00 secs] 
679.708: [GC (Allocation Failure) [PSYoungGen: 59887K->1581K(60416K)] 412806K->354500K(562176K), 0.0016344 secs] [Times: user=0.01 sys=0.00, real=0.00 secs] 
680.238: [GC (Allocation Failure) [PSYoungGen: 59949K->1440K(60416K)] 412868K->354359K(562176K), 0.0033862 secs] [Times: user=0.02 sys=0.00, real=0.00 secs] 
680.815: [GC (Allocation Failure) [PSYoungGen: 59808K->1376K(60416K)] 412727K->354295K(562176K), 0.0027295 secs] [Times: user=0.01 sys=0.00, real=0.00 secs] 
681.389: [GC (Allocation Failure) [PSYoungGen: 59744K->1376K(60416K)] 412663K->354311K(562176K), 0.0043730 secs] [Times: user=0.02 sys=0.00, real=0.01 secs] 
682.002: [GC (Allocation Failure) [PSYoungGen: 59744K->1424K(60416K)] 412679K->354359K(562176K), 0.0029758 secs] [Times: user=0.01 sys=0.01, real=0.01 secs] 
682.542: [GC (Allocation Failure) [PSYoungGen: 59792K->1408K(60416K)] 412727K->354343K(562176K), 0.0028637 secs] [Times: user=0.01 sys=0.00, real=0.01 secs] 
683.018: [GC (Allocation Failure) [PSYoungGen: 59776K->1549K(60416K)] 412711K->354484K(562176K), 0.0016324 secs] [Times: user=0.00 sys=0.01, real=0.00 secs] 
683.365: [GC (Allocation Failure) [PSYoungGen: 59917K->1597K(60416K)] 412852K->354548K(562176K), 0.0017249 secs] [Times: user=0.01 sys=0.00, real=0.00 secs] 
683.710: [GC (Allocation Failure) [PSYoungGen: 59965K->1549K(60416K)] 412916K->354500K(562176K), 0.0015825 secs] [Times: user=0.01 sys=0.00, real=0.00 secs] 
684.113: [GC (Allocation Failure) [PSYoungGen: 59885K->1581K(60416K)] 412836K->354532K(562176K), 0.0016454 secs] [Times: user=0.01 sys=0.00, real=0.00 secs] 
684.555: [GC (Allocation Failure) [PSYoungGen: 59949K->1408K(60416K)] 412900K->354359K(562176K), 0.0026147 secs] [Times: user=0.01 sys=0.00, real=0.00 secs] 
685.018: [GC (Allocation Failure) [PSYoungGen: 59776K->1408K(60416K)] 412727K->354367K(562176K), 0.0027561 secs] [Times: user=0.01 sys=0.00, real=0.00 secs] 
685.590: [GC (Allocation Failure) [PSYoungGen: 59776K->1408K(60416K)] 412735K->354367K(562176K), 0.0032818 secs] [Times: user=0.02 sys=0.00, real=0.01 secs] 
686.323: [GC (Allocation Failure) [PSYoungGen: 59776K->1408K(60416K)] 412735K->354367K(562176K), 0.0027487 secs] [Times: user=0.01 sys=0.00, real=0.00 secs] 
687.095: [GC (Allocation Failure) [PSYoungGen: 59776K->1344K(60416K)] 412735K->354303K(562176K), 0.0043261 secs] [Times: user=0.02 sys=0.00, real=0.00 secs] 
687.645: [GC (Allocation Failure) [PSYoungGen: 59712K->1581K(60416K)] 412671K->354540K(562176K), 0.0015678 secs] [Times: user=0.01 sys=0.00, real=0.00 secs] 
688.050: [GC (Allocation Failure) [PSYoungGen: 59949K->1549K(60416K)] 412908K->354532K(562176K), 0.0017549 secs] [Times: user=0.00 sys=0.00, real=0.00 secs] 
688.397: [GC (Allocation Failure) [PSYoungGen: 59896K->1517K(60416K)] 412879K->354500K(562176K), 0.0016426 secs] [Times: user=0.01 sys=0.00, real=0.00 secs] 
688.739: [GC (Allocation Failure) [PSYoungGen: 59885K->1488K(60416K)] 412868K->354471K(562176K), 0.0018010 secs] [Times: user=0.01 sys=0.00, real=0.00 secs] 
689.742: [GC (Allocation Failure) [PSYoungGen: 59856K->1440K(60416K)] 412839K->354431K(562176K), 0.0042431 secs] [Times: user=0.01 sys=0.00, real=0.01 secs] 
690.755: [GC (Allocation Failure) [PSYoungGen: 59808K->1408K(60416K)] 412799K->354399K(562176K), 0.0043334 secs] [Times: user=0.02 sys=0.00, real=0.00 secs] 
691.640: [GC (Allocation Failure) [PSYoungGen: 59776K->1392K(60416K)] 412767K->354383K(562176K), 0.0043428 secs] [Times: user=0.02 sys=0.00, real=0.01 secs] 
692.272: [GC (Allocation Failure) [PSYoungGen: 59760K->1360K(60416K)] 412751K->354351K(562176K), 0.0041327 secs] [Times: user=0.01 sys=0.00, real=0.01 secs] 
692.770: [GC (Allocation Failure) [PSYoungGen: 59728K->1408K(60416K)] 412719K->354399K(562176K), 0.0027042 secs] [Times: user=0.02 sys=0.00, real=0.00 secs] 
693.248: [GC (Allocation Failure) [PSYoungGen: 59776K->1504K(60416K)] 412767K->354495K(562176K), 0.0017082 secs] [Times: user=0.00 sys=0.00, real=0.00 secs] 
693.593: [GC (Allocation Failure) [PSYoungGen: 59869K->1549K(60416K)] 412860K->354548K(562176K), 0.0015311 secs] [Times: user=0.01 sys=0.00, real=0.00 secs] 
693.992: [GC (Allocation Failure) [PSYoungGen: 59891K->1581K(60416K)] 412890K->354612K(562176K), 0.0015834 secs] [Times: user=0.01 sys=0.00, real=0.01 secs] 
694.334: [GC (Allocation Failure) [PSYoungGen: 59932K->1613K(60416K)] 412963K->354644K(562176K), 0.0016103 secs] [Times: user=0.01 sys=0.00, real=0.00 secs] 
694.653: [GC (Allocation Failure) [PSYoungGen: 59981K->1440K(60416K)] 413012K->354471K(562176K), 0.0021475 secs] [Times: user=0.01 sys=0.00, real=0.01 secs] 
694.895: [GC (Allocation Failure) [PSYoungGen: 59808K->1376K(60416K)] 412839K->354407K(562176K), 0.0020432 secs] [Times: user=0.01 sys=0.00, real=0.00 secs] 
695.138: [GC (Allocation Failure) [PSYoungGen: 59744K->1392K(60416K)] 412775K->354423K(562176K), 0.0020898 secs] [Times: user=0.01 sys=0.00, real=0.00 secs] 
695.381: [GC (Allocation Failure) [PSYoungGen: 59760K->1376K(60416K)] 412791K->354407K(562176K), 0.0019314 secs] [Times: user=0.01 sys=0.00, real=0.01 secs] 
695.623: [GC (Allocation Failure) [PSYoungGen: 59744K->1424K(60416K)] 412775K->354455K(562176K), 0.0025630 secs] [Times: user=0.01 sys=0.00, real=0.00 secs] 
696.046: [GC (Allocation Failure) [PSYoungGen: 59792K->1517K(60416K)] 412823K->354548K(562176K), 0.0016043 secs] [Times: user=0.01 sys=0.00, real=0.00 secs] 
696.391: [GC (Allocation Failure) [PSYoungGen: 59885K->1549K(60416K)] 412916K->354612K(562176K), 0.0016351 secs] [Times: user=0.00 sys=0.00, real=0.00 secs] 
696.798: [GC (Allocation Failure) [PSYoungGen: 59917K->1549K(60416K)] 412980K->354612K(562176K), 0.0016683 secs] [Times: user=0.01 sys=0.00, real=0.00 secs] 
697.140: [GC (Allocation Failure) [PSYoungGen: 59890K->1549K(60416K)] 412953K->354612K(562176K), 0.0017572 secs] [Times: user=0.01 sys=0.00, real=0.00 secs] 
697.451: [GC (Allocation Failure) [PSYoungGen: 59917K->1408K(60416K)] 412980K->354471K(562176K), 0.0025120 secs] [Times: user=0.01 sys=0.00, real=0.01 secs] 
697.695: [GC (Allocation Failure) [PSYoungGen: 59776K->1376K(60416K)] 412839K->354439K(562176K), 0.0021641 secs] [Times: user=0.00 sys=0.00, real=0.00 secs] 
697.938: [GC (Allocation Failure) [PSYoungGen: 59744K->1392K(60416K)] 412807K->354455K(562176K), 0.0020664 secs] [Times: user=0.01 sys=0.00, real=0.00 secs] 
698.181: [GC (Allocation Failure) [PSYoungGen: 59760K->1376K(60416K)] 412823K->354439K(562176K), 0.0021571 secs] [Times: user=0.00 sys=0.00, real=0.00 secs] 
698.424: [GC (Allocation Failure) [PSYoungGen: 59744K->1408K(60416K)] 412807K->354471K(562176K), 0.0020953 secs] [Times: user=0.01 sys=0.00, real=0.00 secs] 
698.826: [GC (Allocation Failure) [PSYoungGen: 59776K->1549K(60416K)] 412839K->354612K(562176K), 0.0017620 secs] [Times: user=0.01 sys=0.00, real=0.00 secs] 
699.170: [GC (Allocation Failure) [PSYoungGen: 59917K->1517K(60416K)] 412980K->354588K(562176K), 0.0017316 secs] [Times: user=0.00 sys=0.00, real=0.00 secs] 
699.514: [GC (Allocation Failure) [PSYoungGen: 59885K->1549K(60416K)] 412956K->354644K(562176K), 0.0017123 secs] [Times: user=0.01 sys=0.00, real=0.00 secs] 
699.860: [GC (Allocation Failure) [PSYoungGen: 59892K->1549K(60416K)] 412987K->354644K(562176K), 0.0016645 secs] [Times: user=0.01 sys=0.00, real=0.00 secs] 
701.132: [GC (Allocation Failure) [PSYoungGen: 59917K->1440K(60416K)] 413012K->354535K(562176K), 0.0040385 secs] [Times: user=0.02 sys=0.00, real=0.01 secs] 
701.949: [GC (Allocation Failure) [PSYoungGen: 59808K->1408K(60416K)] 412903K->354503K(562176K), 0.0035539 secs] [Times: user=0.01 sys=0.01, real=0.00 secs] 
702.687: [GC (Allocation Failure) [PSYoungGen: 59776K->1440K(60416K)] 412871K->354535K(562176K), 0.0041327 secs] [Times: user=0.02 sys=0.00, real=0.00 secs] 
703.246: [GC (Allocation Failure) [PSYoungGen: 59808K->1376K(60416K)] 412903K->354471K(562176K), 0.0026369 secs] [Times: user=0.01 sys=0.00, real=0.00 secs] 
703.752: [GC (Allocation Failure) [PSYoungGen: 59744K->1408K(60416K)] 412839K->354503K(562176K), 0.0027828 secs] [Times: user=0.01 sys=0.00, real=0.01 secs] 
704.164: [GC (Allocation Failure) [PSYoungGen: 59776K->1549K(60416K)] 412871K->354644K(562176K), 0.0016829 secs] [Times: user=0.01 sys=0.00, real=0.00 secs] 
704.508: [GC (Allocation Failure) [PSYoungGen: 59917K->1597K(60416K)] 413012K->354708K(562176K), 0.0016760 secs] [Times: user=0.00 sys=0.00, real=0.00 secs] 
704.920: [GC (Allocation Failure) [PSYoungGen: 59965K->1581K(60416K)] 413076K->354692K(562176K), 0.0016820 secs] [Times: user=0.01 sys=0.00, real=0.00 secs] 
705.262: [GC (Allocation Failure) [PSYoungGen: 59921K->1549K(60416K)] 413032K->354660K(562176K), 0.0017772 secs] [Times: user=0.01 sys=0.00, real=0.01 secs] 
705.736: [GC (Allocation Failure) [PSYoungGen: 59917K->1440K(60416K)] 413028K->354551K(562176K), 0.0042036 secs] [Times: user=0.01 sys=0.00, real=0.00 secs] 
706.265: [GC (Allocation Failure) [PSYoungGen: 59808K->1408K(60416K)] 412919K->354519K(562176K), 0.0032378 secs] [Times: user=0.02 sys=0.01, real=0.00 secs] 
706.685: [GC (Allocation Failure) [PSYoungGen: 59776K->1408K(60416K)] 412887K->354519K(562176K), 0.0023219 secs] [Times: user=0.00 sys=0.00, real=0.00 secs] 
707.109: [GC (Allocation Failure) [PSYoungGen: 59776K->1376K(60416K)] 412887K->354487K(562176K), 0.0021295 secs] [Times: user=0.01 sys=0.00, real=0.00 secs] 
707.502: [GC (Allocation Failure) [PSYoungGen: 59744K->1408K(60416K)] 412855K->354519K(562176K), 0.0022722 secs] [Times: user=0.01 sys=0.00, real=0.01 secs] 
707.881: [GC (Allocation Failure) [PSYoungGen: 59776K->1552K(60416K)] 412887K->354663K(562176K), 0.0016789 secs] [Times: user=0.01 sys=0.00, real=0.00 secs] 
708.225: [GC (Allocation Failure) [PSYoungGen: 59920K->1581K(60416K)] 413031K->354716K(562176K), 0.0016812 secs] [Times: user=0.01 sys=0.00, real=0.00 secs] 
708.571: [GC (Allocation Failure) [PSYoungGen: 59949K->1485K(60416K)] 413084K->354620K(562176K), 0.0017194 secs] [Times: user=0.01 sys=0.00, real=0.00 secs] 
708.914: [GC (Allocation Failure) [PSYoungGen: 59824K->1549K(60416K)] 412959K->354684K(562176K), 0.0016395 secs] [Times: user=0.01 sys=0.00, real=0.00 secs] 
709.200: [GC (Allocation Failure) [PSYoungGen: 59917K->1408K(60416K)] 413052K->354543K(562176K), 0.0020504 secs] [Times: user=0.01 sys=0.00, real=0.00 secs] 
709.443: [GC (Allocation Failure) [PSYoungGen: 59776K->1344K(60416K)] 412911K->354479K(562176K), 0.0020291 secs] [Times: user=0.01 sys=0.00, real=0.00 secs] 
709.686: [GC (Allocation Failure) [PSYoungGen: 59712K->1360K(60416K)] 412847K->354495K(562176K), 0.0020863 secs] [Times: user=0.01 sys=0.00, real=0.00 secs] 
710.023: [GC (Allocation Failure) [PSYoungGen: 59728K->1408K(60416K)] 412863K->354543K(562176K), 0.0022043 secs] [Times: user=0.01 sys=0.00, real=0.00 secs] 
710.265: [GC (Allocation Failure) [PSYoungGen: 59776K->1312K(60416K)] 412911K->354471K(562176K), 0.0021483 secs] [Times: user=0.01 sys=0.00, real=0.00 secs] 
710.654: [GC (Allocation Failure) [PSYoungGen: 59680K->1520K(60416K)] 412839K->354679K(562176K), 0.0016811 secs] [Times: user=0.00 sys=0.00, real=0.00 secs] 
710.998: [GC (Allocation Failure) [PSYoungGen: 59888K->1549K(60416K)] 413047K->354724K(562176K), 0.0016375 secs] [Times: user=0.01 sys=0.00, real=0.00 secs] 
711.343: [GC (Allocation Failure) [PSYoungGen: 59917K->1485K(60416K)] 413092K->354660K(562176K), 0.0016152 secs] [Times: user=0.00 sys=0.00, real=0.01 secs] 
711.748: [GC (Allocation Failure) [PSYoungGen: 59826K->1517K(60416K)] 413001K->354692K(562176K), 0.0017985 secs] [Times: user=0.00 sys=0.00, real=0.00 secs] 
712.029: [GC (Allocation Failure) [PSYoungGen: 59885K->1392K(60416K)] 413060K->354567K(562176K), 0.0021703 secs] [Times: user=0.01 sys=0.00, real=0.00 secs] 
712.445: [GC (Allocation Failure) [PSYoungGen: 59760K->1408K(60416K)] 412935K->354583K(562176K), 0.0021205 secs] [Times: user=0.01 sys=0.00, real=0.00 secs] 
712.934: [GC (Allocation Failure) [PSYoungGen: 59776K->1408K(60416K)] 412951K->354599K(562176K), 0.0022962 secs] [Times: user=0.01 sys=0.00, real=0.00 secs] 
713.367: [GC (Allocation Failure) [PSYoungGen: 59776K->1392K(60416K)] 412967K->354583K(562176K), 0.0025586 secs] [Times: user=0.01 sys=0.00, real=0.00 secs] 
713.906: [GC (Allocation Failure) [PSYoungGen: 59661K->256K(60416K)] 412852K->353447K(562176K), 0.0022467 secs] [Times: user=0.01 sys=0.00, real=0.00 secs] 
714.279: [GC (Allocation Failure) [PSYoungGen: 58624K->1549K(60416K)] 411815K->354740K(562176K), 0.0016699 secs] [Times: user=0.01 sys=0.00, real=0.00 secs] 
714.623: [GC (Allocation Failure) [PSYoungGen: 59903K->1549K(60416K)] 413094K->354748K(562176K), 0.0015758 secs] [Times: user=0.01 sys=0.00, real=0.00 secs] 
714.965: [GC (Allocation Failure) [PSYoungGen: 59906K->1517K(60416K)] 413105K->354724K(562176K), 0.0017224 secs] [Times: user=0.00 sys=0.00, real=0.00 secs] 
715.308: [GC (Allocation Failure) [PSYoungGen: 59869K->1613K(60416K)] 413076K->354820K(562176K), 0.0016420 secs] [Times: user=0.00 sys=0.00, real=0.00 secs] 
715.568: [GC (Allocation Failure) [PSYoungGen: 59981K->1440K(60416K)] 413188K->354647K(562176K), 0.0015949 secs] [Times: user=0.01 sys=0.00, real=0.00 secs] 
715.810: [GC (Allocation Failure) [PSYoungGen: 59808K->1408K(60416K)] 413015K->354615K(562176K), 0.0019942 secs] [Times: user=0.01 sys=0.00, real=0.00 secs] 
716.058: [GC (Allocation Failure) [PSYoungGen: 59776K->1408K(60416K)] 412983K->354615K(562176K), 0.0026741 secs] [Times: user=0.01 sys=0.00, real=0.00 secs] 
716.392: [GC (Allocation Failure) [PSYoungGen: 59776K->1376K(60416K)] 412983K->354583K(562176K), 0.0022577 secs] [Times: user=0.01 sys=0.00, real=0.01 secs] 
716.820: [GC (Allocation Failure) [PSYoungGen: 59629K->288K(60416K)] 412836K->353495K(562176K), 0.0023759 secs] [Times: user=0.01 sys=0.00, real=0.00 secs] 
717.195: [GC (Allocation Failure) [PSYoungGen: 58656K->1581K(60416K)] 411863K->354788K(562176K), 0.0016306 secs] [Times: user=0.01 sys=0.00, real=0.00 secs] 
717.539: [GC (Allocation Failure) [PSYoungGen: 59933K->1581K(60416K)] 413140K->354796K(562176K), 0.0016576 secs] [Times: user=0.00 sys=0.01, real=0.00 secs] 
717.881: [GC (Allocation Failure) [PSYoungGen: 59949K->1549K(60416K)] 413164K->354764K(562176K), 0.0016962 secs] [Times: user=0.01 sys=0.00, real=0.00 secs] 
718.225: [GC (Allocation Failure) [PSYoungGen: 59917K->1549K(60416K)] 413132K->354764K(562176K), 0.0016579 secs] [Times: user=0.01 sys=0.00, real=0.00 secs] 
718.808: [GC (Allocation Failure) [PSYoungGen: 59917K->1424K(60416K)] 413132K->354647K(562176K), 0.0023388 secs] [Times: user=0.01 sys=0.00, real=0.00 secs] 
719.131: [GC (Allocation Failure) [PSYoungGen: 59792K->1376K(60416K)] 413015K->354599K(562176K), 0.0023798 secs] [Times: user=0.01 sys=0.00, real=0.01 secs] 
719.500: [GC (Allocation Failure) [PSYoungGen: 59744K->1408K(60416K)] 412967K->354631K(562176K), 0.0020960 secs] [Times: user=0.00 sys=0.00, real=0.00 secs] 
719.928: [GC (Allocation Failure) [PSYoungGen: 59776K->1344K(60416K)] 412999K->354567K(562176K), 0.0032749 secs] [Times: user=0.01 sys=0.00, real=0.00 secs] 
720.439: [GC (Allocation Failure) [PSYoungGen: 59712K->1408K(60416K)] 412935K->354663K(562176K), 0.0043711 secs] [Times: user=0.02 sys=0.00, real=0.00 secs] 
721.069: [GC (Allocation Failure) [PSYoungGen: 59776K->1517K(60416K)] 413031K->354772K(562176K), 0.0017858 secs] [Times: user=0.00 sys=0.00, real=0.00 secs] 
721.413: [GC (Allocation Failure) [PSYoungGen: 59885K->1504K(60416K)] 413140K->354775K(562176K), 0.0017189 secs] [Times: user=0.01 sys=0.00, real=0.01 secs] 
721.755: [GC (Allocation Failure) [PSYoungGen: 59855K->1488K(60416K)] 413126K->354759K(562176K), 0.0017451 secs] [Times: user=0.00 sys=0.00, real=0.00 secs] 
722.098: [GC (Allocation Failure) [PSYoungGen: 59855K->1517K(60416K)] 413126K->354788K(562176K), 0.0017364 secs] [Times: user=0.01 sys=0.00, real=0.00 secs] 
722.724: [GC (Allocation Failure) [PSYoungGen: 59885K->1440K(60416K)] 413156K->354711K(562176K), 0.0040379 secs] [Times: user=0.01 sys=0.00, real=0.00 secs] 
723.227: [GC (Allocation Failure) [PSYoungGen: 59808K->1376K(60416K)] 413079K->354647K(562176K), 0.0041116 secs] [Times: user=0.02 sys=0.00, real=0.00 secs] 
723.841: [GC (Allocation Failure) [PSYoungGen: 59744K->1440K(60416K)] 413015K->354711K(562176K), 0.0033433 secs] [Times: user=0.02 sys=0.00, real=0.01 secs] 
724.318: [GC (Allocation Failure) [PSYoungGen: 59808K->1376K(60416K)] 413079K->354647K(562176K), 0.0027623 secs] [Times: user=0.02 sys=0.00, real=0.00 secs] 
724.823: [GC (Allocation Failure) [PSYoungGen: 59685K->304K(60416K)] 412956K->353575K(562176K), 0.0026033 secs] [Times: user=0.01 sys=0.00, real=0.01 secs] 
725.240: [GC (Allocation Failure) [PSYoungGen: 58672K->1581K(60416K)] 411943K->354852K(562176K), 0.0017309 secs] [Times: user=0.01 sys=0.00, real=0.00 secs] 
725.584: [GC (Allocation Failure) [PSYoungGen: 59934K->1517K(60416K)] 413205K->354812K(562176K), 0.0015407 secs] [Times: user=0.01 sys=0.00, real=0.00 secs] 
725.989: [GC (Allocation Failure) [PSYoungGen: 59885K->1520K(60416K)] 413180K->354815K(562176K), 0.0016890 secs] [Times: user=0.01 sys=0.00, real=0.00 secs] 
726.332: [GC (Allocation Failure) [PSYoungGen: 59888K->1549K(60416K)] 413183K->354844K(562176K), 0.0016440 secs] [Times: user=0.00 sys=0.00, real=0.01 secs] 
726.620: [GC (Allocation Failure) [PSYoungGen: 59917K->1408K(60416K)] 413212K->354703K(562176K), 0.0022554 secs] [Times: user=0.01 sys=0.00, real=0.00 secs] 
726.863: [GC (Allocation Failure) [PSYoungGen: 59776K->1376K(60416K)] 413071K->354671K(562176K), 0.0021246 secs] [Times: user=0.01 sys=0.00, real=0.01 secs] 
727.105: [GC (Allocation Failure) [PSYoungGen: 59744K->1376K(60416K)] 413039K->354671K(562176K), 0.0020844 secs] [Times: user=0.01 sys=0.00, real=0.00 secs] 
727.348: [GC (Allocation Failure) [PSYoungGen: 59744K->1408K(60416K)] 413039K->354703K(562176K), 0.0020855 secs] [Times: user=0.01 sys=0.00, real=0.00 secs] 
727.609: [GC (Allocation Failure) [PSYoungGen: 59679K->288K(60416K)] 412974K->353583K(562176K), 0.0020576 secs] [Times: user=0.01 sys=0.00, real=0.00 secs] 
727.967: [GC (Allocation Failure) [PSYoungGen: 58656K->1517K(60416K)] 411951K->354812K(562176K), 0.0016270 secs] [Times: user=0.00 sys=0.00, real=0.00 secs] 
728.310: [GC (Allocation Failure) [PSYoungGen: 59870K->1581K(60416K)] 413165K->354884K(562176K), 0.0015951 secs] [Times: user=0.00 sys=0.00, real=0.00 secs] 
728.654: [GC (Allocation Failure) [PSYoungGen: 59938K->1581K(60416K)] 413241K->354884K(562176K), 0.0016203 secs] [Times: user=0.00 sys=0.00, real=0.00 secs] 
728.997: [GC (Allocation Failure) [PSYoungGen: 59939K->1629K(60416K)] 413242K->354932K(562176K), 0.0017011 secs] [Times: user=0.01 sys=0.00, real=0.00 secs] 
729.263: [GC (Allocation Failure) [PSYoungGen: 59997K->1440K(60416K)] 413300K->354743K(562176K), 0.0018272 secs] [Times: user=0.01 sys=0.00, real=0.00 secs] 
729.506: [GC (Allocation Failure) [PSYoungGen: 59808K->1456K(60416K)] 413111K->354791K(562176K), 0.0019503 secs] [Times: user=0.00 sys=0.00, real=0.00 secs] 
729.749: [GC (Allocation Failure) [PSYoungGen: 59824K->1344K(60416K)] 413159K->354679K(562176K), 0.0019155 secs] [Times: user=0.00 sys=0.00, real=0.00 secs] 
729.996: [GC (Allocation Failure) [PSYoungGen: 59712K->1376K(60416K)] 413047K->354711K(562176K), 0.0032073 secs] [Times: user=0.02 sys=0.00, real=0.00 secs] 
730.456: [GC (Allocation Failure) [PSYoungGen: 59630K->320K(60416K)] 412965K->353655K(562176K), 0.0024988 secs] [Times: user=0.01 sys=0.00, real=0.00 secs] 
730.895: [GC (Allocation Failure) [PSYoungGen: 58688K->1613K(60416K)] 412023K->354948K(562176K), 0.0017612 secs] [Times: user=0.01 sys=0.00, real=0.00 secs] 
731.240: [GC (Allocation Failure) [PSYoungGen: 59981K->1581K(59904K)] 413316K->354940K(561664K), 0.0017827 secs] [Times: user=0.00 sys=0.00, real=0.00 secs] 
731.579: [GC (Allocation Failure) [PSYoungGen: 59421K->1581K(60416K)] 412780K->354948K(562176K), 0.0015728 secs] [Times: user=0.01 sys=0.00, real=0.00 secs] 
731.918: [GC (Allocation Failure) [PSYoungGen: 59437K->1581K(60416K)] 412804K->354948K(562176K), 0.0015777 secs] [Times: user=0.01 sys=0.00, real=0.00 secs] 
732.515: [GC (Allocation Failure) [PSYoungGen: 59437K->1472K(60416K)] 412804K->354847K(562176K), 0.0021187 secs] [Times: user=0.01 sys=0.00, real=0.00 secs] 
733.046: [GC (Allocation Failure) [PSYoungGen: 59328K->1376K(59392K)] 412703K->354759K(561152K), 0.0029930 secs] [Times: user=0.01 sys=0.00, real=0.00 secs] 
733.635: [GC (Allocation Failure) [PSYoungGen: 59232K->1408K(59904K)] 412615K->354791K(561664K), 0.0024512 secs] [Times: user=0.01 sys=0.00, real=0.00 secs] 
734.271: [GC (Allocation Failure) [PSYoungGen: 59264K->1408K(59904K)] 412647K->354791K(561664K), 0.0023886 secs] [Times: user=0.01 sys=0.00, real=0.01 secs] 
734.987: [GC (Allocation Failure) [PSYoungGen: 59264K->1344K(59904K)] 412647K->354735K(561664K), 0.0034787 secs] [Times: user=0.01 sys=0.00, real=0.00 secs] 
735.555: [GC (Allocation Failure) [PSYoungGen: 59200K->1549K(59904K)] 412591K->354940K(561664K), 0.0016186 secs] [Times: user=0.00 sys=0.00, real=0.00 secs] 
735.896: [GC (Allocation Failure) [PSYoungGen: 59405K->1549K(59904K)] 412796K->354956K(561664K), 0.0016116 secs] [Times: user=0.01 sys=0.00, real=0.00 secs] 
736.235: [GC (Allocation Failure) [PSYoungGen: 59405K->1581K(59904K)] 412812K->354988K(561664K), 0.0016230 secs] [Times: user=0.01 sys=0.00, real=0.00 secs] 
736.573: [GC (Allocation Failure) [PSYoungGen: 59437K->1517K(59904K)] 412844K->354924K(561664K), 0.0016065 secs] [Times: user=0.01 sys=0.00, real=0.01 secs] 
736.873: [GC (Allocation Failure) [PSYoungGen: 59373K->1472K(59904K)] 412780K->354887K(561664K), 0.0020454 secs] [Times: user=0.01 sys=0.00, real=0.00 secs] 
737.114: [GC (Allocation Failure) [PSYoungGen: 59328K->1408K(59904K)] 412743K->354823K(561664K), 0.0018978 secs] [Times: user=0.01 sys=0.00, real=0.00 secs] 
737.380: [GC (Allocation Failure) [PSYoungGen: 59264K->1408K(59904K)] 412679K->354823K(561664K), 0.0020583 secs] [Times: user=0.01 sys=0.00, real=0.00 secs] 
737.846: [GC (Allocation Failure) [PSYoungGen: 59264K->1408K(59904K)] 412679K->354823K(561664K), 0.0019079 secs] [Times: user=0.01 sys=0.00, real=0.00 secs] 
738.432: [GC (Allocation Failure) [PSYoungGen: 59264K->1376K(59904K)] 412679K->354791K(561664K), 0.0022982 secs] [Times: user=0.01 sys=0.00, real=0.01 secs] 
738.993: [GC (Allocation Failure) [PSYoungGen: 59221K->1533K(59904K)] 412636K->354948K(561664K), 0.0015858 secs] [Times: user=0.00 sys=0.00, real=0.00 secs] 
739.390: [GC (Allocation Failure) [PSYoungGen: 59389K->1581K(59904K)] 412804K->355028K(561664K), 0.0017779 secs] [Times: user=0.01 sys=0.00, real=0.00 secs] 
739.729: [GC (Allocation Failure) [PSYoungGen: 59437K->1517K(59904K)] 412884K->354964K(561664K), 0.0018103 secs] [Times: user=0.00 sys=0.00, real=0.00 secs] 
740.065: [GC (Allocation Failure) [PSYoungGen: 59373K->1549K(59904K)] 412820K->354996K(561664K), 0.0016538 secs] [Times: user=0.00 sys=0.00, real=0.00 secs] 
740.587: [GC (Allocation Failure) [PSYoungGen: 59405K->1472K(59904K)] 412852K->354927K(561664K), 0.0030899 secs] [Times: user=0.01 sys=0.00, real=0.00 secs] 
740.828: [GC (Allocation Failure) [PSYoungGen: 59328K->1376K(59904K)] 412783K->354855K(561664K), 0.0021395 secs] [Times: user=0.01 sys=0.00, real=0.00 secs] 
741.069: [GC (Allocation Failure) [PSYoungGen: 59232K->1376K(59904K)] 412711K->354855K(561664K), 0.0025954 secs] [Times: user=0.01 sys=0.00, real=0.00 secs] 
741.311: [GC (Allocation Failure) [PSYoungGen: 59232K->1408K(59904K)] 412711K->354887K(561664K), 0.0028083 secs] [Times: user=0.01 sys=0.00, real=0.01 secs] 
741.586: [GC (Allocation Failure) [PSYoungGen: 59264K->1408K(59904K)] 412743K->354887K(561664K), 0.0022135 secs] [Times: user=0.01 sys=0.00, real=0.00 secs] 
741.946: [GC (Allocation Failure) [PSYoungGen: 59264K->1485K(59904K)] 412743K->354972K(561664K), 0.0015927 secs] [Times: user=0.01 sys=0.00, real=0.00 secs] 
742.285: [GC (Allocation Failure) [PSYoungGen: 59325K->1533K(59904K)] 412812K->355044K(561664K), 0.0016804 secs] [Times: user=0.01 sys=0.00, real=0.00 secs] 
742.623: [GC (Allocation Failure) [PSYoungGen: 59389K->1565K(59904K)] 412900K->355076K(561664K), 0.0016822 secs] [Times: user=0.01 sys=0.00, real=0.01 secs] 
742.961: [GC (Allocation Failure) [PSYoungGen: 59421K->1533K(59904K)] 412932K->355044K(561664K), 0.0016246 secs] [Times: user=0.00 sys=0.00, real=0.00 secs] 
744.334: [GC (Allocation Failure) [PSYoungGen: 59389K->1440K(59904K)] 412900K->354951K(561664K), 0.0052519 secs] [Times: user=0.02 sys=0.00, real=0.00 secs] 
745.206: [GC (Allocation Failure) [PSYoungGen: 59296K->1344K(59904K)] 412807K->354855K(561664K), 0.0043447 secs] [Times: user=0.02 sys=0.00, real=0.00 secs] 
745.691: [GC (Allocation Failure) [PSYoungGen: 59200K->1376K(59904K)] 412711K->354887K(561664K), 0.0027685 secs] [Times: user=0.01 sys=0.00, real=0.01 secs] 
746.188: [GC (Allocation Failure) [PSYoungGen: 59232K->1376K(59904K)] 412743K->354887K(561664K), 0.0027295 secs] [Times: user=0.01 sys=0.00, real=0.00 secs] 
746.622: [GC (Allocation Failure) [PSYoungGen: 59232K->1376K(59904K)] 412743K->354887K(561664K), 0.0027835 secs] [Times: user=0.01 sys=0.00, real=0.01 secs] 
747.032: [GC (Allocation Failure) [PSYoungGen: 59232K->1533K(59904K)] 412743K->355044K(561664K), 0.0016557 secs] [Times: user=0.01 sys=0.00, real=0.01 secs] 
747.372: [GC (Allocation Failure) [PSYoungGen: 59385K->1517K(59904K)] 412896K->355036K(561664K), 0.0016779 secs] [Times: user=0.00 sys=0.00, real=0.01 secs] 
747.712: [GC (Allocation Failure) [PSYoungGen: 59373K->1549K(59904K)] 412892K->355068K(561664K), 0.0015554 secs] [Times: user=0.00 sys=0.00, real=0.01 secs] 
748.049: [GC (Allocation Failure) [PSYoungGen: 59405K->1613K(59904K)] 412924K->355132K(561664K), 0.0016095 secs] [Times: user=0.00 sys=0.00, real=0.00 secs] 
748.458: [GC (Allocation Failure) [PSYoungGen: 59469K->1504K(59904K)] 412988K->355023K(561664K), 0.0020715 secs] [Times: user=0.01 sys=0.00, real=0.00 secs] 
748.725: [GC (Allocation Failure) [PSYoungGen: 59360K->1392K(59904K)] 412879K->354911K(561664K), 0.0020841 secs] [Times: user=0.01 sys=0.00, real=0.00 secs] 
748.984: [GC (Allocation Failure) [PSYoungGen: 59248K->1376K(59904K)] 412767K->354903K(561664K), 0.0021195 secs] [Times: user=0.01 sys=0.00, real=0.00 secs] 
749.275: [GC (Allocation Failure) [PSYoungGen: 59232K->1376K(59904K)] 412759K->354903K(561664K), 0.0022196 secs] [Times: user=0.01 sys=0.00, real=0.00 secs] 
749.627: [GC (Allocation Failure) [PSYoungGen: 59232K->1376K(59904K)] 412759K->354903K(561664K), 0.0021649 secs] [Times: user=0.01 sys=0.00, real=0.00 secs] 
750.074: [GC (Allocation Failure) [PSYoungGen: 59232K->1549K(59904K)] 412759K->355076K(561664K), 0.0015678 secs] [Times: user=0.01 sys=0.00, real=0.00 secs] 
750.413: [GC (Allocation Failure) [PSYoungGen: 59405K->1533K(59904K)] 412932K->355084K(561664K), 0.0016822 secs] [Times: user=0.01 sys=0.00, real=0.00 secs] 
750.751: [GC (Allocation Failure) [PSYoungGen: 59389K->1581K(59904K)] 412940K->355156K(561664K), 0.0016177 secs] [Times: user=0.01 sys=0.00, real=0.00 secs] 
751.088: [GC (Allocation Failure) [PSYoungGen: 59437K->1581K(59904K)] 413012K->355156K(561664K), 0.0017270 secs] [Times: user=0.00 sys=0.00, real=0.00 secs] 
751.406: [GC (Allocation Failure) [PSYoungGen: 59437K->1504K(59904K)] 413012K->355079K(561664K), 0.0020415 secs] [Times: user=0.01 sys=0.00, real=0.00 secs] 
751.685: [GC (Allocation Failure) [PSYoungGen: 59360K->1344K(59904K)] 412935K->354919K(561664K), 0.0017946 secs] [Times: user=0.01 sys=0.00, real=0.00 secs] 
752.183: [GC (Allocation Failure) [PSYoungGen: 59200K->1408K(59904K)] 412775K->354983K(561664K), 0.0022945 secs] [Times: user=0.01 sys=0.00, real=0.01 secs] 
752.832: [GC (Allocation Failure) [PSYoungGen: 59264K->1344K(59904K)] 412839K->354919K(561664K), 0.0035466 secs] [Times: user=0.02 sys=0.00, real=0.01 secs] 
753.565: [GC (Allocation Failure) [PSYoungGen: 59200K->1408K(59904K)] 412775K->354983K(561664K), 0.0042239 secs] [Times: user=0.02 sys=0.00, real=0.00 secs] 
754.397: [GC (Allocation Failure) [PSYoungGen: 59237K->1501K(59904K)] 412812K->355084K(561664K), 0.0016124 secs] [Times: user=0.00 sys=0.00, real=0.00 secs] 
754.743: [GC (Allocation Failure) [PSYoungGen: 59357K->1549K(59904K)] 412940K->355148K(561664K), 0.0016801 secs] [Times: user=0.00 sys=0.00, real=0.00 secs] 
755.082: [GC (Allocation Failure) [PSYoungGen: 59405K->1584K(59904K)] 413004K->355183K(561664K), 0.0017012 secs] [Times: user=0.01 sys=0.00, real=0.01 secs] 
755.419: [GC (Allocation Failure) [PSYoungGen: 59440K->1517K(59904K)] 413039K->355116K(561664K), 0.0016327 secs] [Times: user=0.00 sys=0.00, real=0.00 secs] 
755.786: [GC (Allocation Failure) [PSYoungGen: 59373K->1472K(59904K)] 412972K->357119K(561664K), 0.0020129 secs] [Times: user=0.01 sys=0.00, real=0.00 secs] 
756.036: [GC (Allocation Failure) [PSYoungGen: 59328K->352K(59904K)] 414975K->355999K(561664K), 0.0019193 secs] [Times: user=0.01 sys=0.00, real=0.00 secs] 
756.408: [GC (Allocation Failure) [PSYoungGen: 58208K->352K(59904K)] 413855K->355999K(561664K), 0.0021170 secs] [Times: user=0.01 sys=0.01, real=0.00 secs] 
756.681: [GC (Allocation Failure) [PSYoungGen: 58208K->352K(59392K)] 413855K->355999K(561152K), 0.0020967 secs] [Times: user=0.01 sys=0.00, real=0.01 secs] 
756.926: [GC (Allocation Failure) [PSYoungGen: 57696K->384K(59904K)] 413343K->356031K(561664K), 0.0021151 secs] [Times: user=0.00 sys=0.00, real=0.00 secs] 
757.244: [GC (Allocation Failure) [PSYoungGen: 57728K->1453K(59904K)] 413375K->357100K(561664K), 0.0015627 secs] [Times: user=0.00 sys=0.00, real=0.00 secs] 
757.580: [GC (Allocation Failure) [PSYoungGen: 58797K->1517K(59904K)] 414444K->357180K(561664K), 0.0017018 secs] [Times: user=0.00 sys=0.00, real=0.00 secs] 
757.916: [GC (Allocation Failure) [PSYoungGen: 58861K->1581K(59904K)] 414524K->357244K(561664K), 0.0016084 secs] [Times: user=0.01 sys=0.00, real=0.00 secs] 
758.254: [GC (Allocation Failure) [PSYoungGen: 58925K->1552K(59904K)] 414588K->357215K(561664K), 0.0016689 secs] [Times: user=0.01 sys=0.00, real=0.00 secs] 
758.615: [GC (Allocation Failure) [PSYoungGen: 58896K->1760K(59904K)] 414559K->357423K(561664K), 0.0019603 secs] [Times: user=0.00 sys=0.00, real=0.00 secs] 
758.848: [GC (Allocation Failure) [PSYoungGen: 59104K->1376K(59904K)] 414767K->357039K(561664K), 0.0020051 secs] [Times: user=0.01 sys=0.00, real=0.00 secs] 
759.148: [GC (Allocation Failure) [PSYoungGen: 58720K->1408K(59904K)] 414383K->357079K(561664K), 0.0020822 secs] [Times: user=0.01 sys=0.00, real=0.00 secs] 
759.404: [GC (Allocation Failure) [PSYoungGen: 58752K->1376K(59904K)] 414423K->357047K(561664K), 0.0022017 secs] [Times: user=0.01 sys=0.00, real=0.00 secs] 
759.643: [GC (Allocation Failure) [PSYoungGen: 58720K->1376K(59904K)] 414391K->357063K(561664K), 0.0021118 secs] [Times: user=0.01 sys=0.00, real=0.01 secs] 
759.974: [GC (Allocation Failure) [PSYoungGen: 58720K->1440K(59904K)] 414407K->357127K(561664K), 0.0014671 secs] [Times: user=0.01 sys=0.00, real=0.00 secs] 
760.310: [GC (Allocation Failure) [PSYoungGen: 58753K->1520K(58880K)] 414440K->357223K(560640K), 0.0017110 secs] [Times: user=0.00 sys=0.00, real=0.00 secs] 
760.646: [GC (Allocation Failure) [PSYoungGen: 58864K->1552K(59392K)] 414567K->357255K(561152K), 0.0016958 secs] [Times: user=0.01 sys=0.00, real=0.00 secs] 
760.985: [GC (Allocation Failure) [PSYoungGen: 58896K->1520K(58880K)] 414599K->357223K(560640K), 0.0017831 secs] [Times: user=0.01 sys=0.00, real=0.00 secs] 
761.397: [GC (Allocation Failure) [PSYoungGen: 58864K->1549K(59392K)] 414567K->357252K(561152K), 0.0016751 secs] [Times: user=0.01 sys=0.00, real=0.00 secs] 
761.655: [GC (Allocation Failure) [PSYoungGen: 58893K->1472K(59392K)] 414596K->357175K(561152K), 0.0021710 secs] [Times: user=0.01 sys=0.00, real=0.00 secs] 
761.894: [GC (Allocation Failure) [PSYoungGen: 58816K->1408K(59392K)] 414519K->357111K(561152K), 0.0022185 secs] [Times: user=0.01 sys=0.00, real=0.00 secs] 
762.166: [GC (Allocation Failure) [PSYoungGen: 58752K->1376K(59392K)] 414455K->357079K(561152K), 0.0021849 secs] [Times: user=0.01 sys=0.00, real=0.00 secs] 
762.405: [GC (Allocation Failure) [PSYoungGen: 58720K->1392K(59392K)] 414423K->357095K(561152K), 0.0022797 secs] [Times: user=0.01 sys=0.00, real=0.00 secs] 
762.667: [GC (Allocation Failure) [PSYoungGen: 58720K->1533K(59392K)] 414423K->357236K(561152K), 0.0021510 secs] [Times: user=0.01 sys=0.00, real=0.00 secs] 
763.026: [GC (Allocation Failure) [PSYoungGen: 58845K->1584K(59392K)] 414548K->357303K(561152K), 0.0016983 secs] [Times: user=0.00 sys=0.00, real=0.00 secs] 
763.361: [GC (Allocation Failure) [PSYoungGen: 58928K->1581K(59392K)] 414647K->357300K(561152K), 0.0016730 secs] [Times: user=0.01 sys=0.00, real=0.01 secs] 
763.699: [GC (Allocation Failure) [PSYoungGen: 58925K->1533K(59392K)] 414644K->357252K(561152K), 0.0017409 secs] [Times: user=0.01 sys=0.00, real=0.00 secs] 
764.039: [GC (Allocation Failure) [PSYoungGen: 58877K->1565K(59392K)] 414596K->357284K(561152K), 0.0016700 secs] [Times: user=0.01 sys=0.00, real=0.00 secs] 
764.338: [GC (Allocation Failure) [PSYoungGen: 58909K->1408K(59392K)] 414628K->357127K(561152K), 0.0019982 secs] [Times: user=0.01 sys=0.00, real=0.00 secs] 
764.588: [GC (Allocation Failure) [PSYoungGen: 58752K->1408K(59392K)] 414471K->357127K(561152K), 0.0020395 secs] [Times: user=0.01 sys=0.00, real=0.00 secs] 
764.826: [GC (Allocation Failure) [PSYoungGen: 58752K->1360K(59392K)] 414471K->357079K(561152K), 0.0020753 secs] [Times: user=0.01 sys=0.00, real=0.00 secs] 
765.064: [GC (Allocation Failure) [PSYoungGen: 58704K->1376K(59392K)] 414423K->357095K(561152K), 0.0020317 secs] [Times: user=0.01 sys=0.00, real=0.00 secs] 
765.303: [GC (Allocation Failure) [PSYoungGen: 58720K->1408K(59392K)] 414439K->357127K(561152K), 0.0018389 secs] [Times: user=0.01 sys=0.00, real=0.01 secs] 
765.648: [GC (Allocation Failure) [PSYoungGen: 58732K->1488K(59392K)] 414452K->357207K(561152K), 0.0016559 secs] [Times: user=0.00 sys=0.00, real=0.00 secs] 
765.984: [GC (Allocation Failure) [PSYoungGen: 58832K->1613K(59392K)] 414551K->357340K(561152K), 0.0017110 secs] [Times: user=0.01 sys=0.00, real=0.00 secs] 
766.323: [GC (Allocation Failure) [PSYoungGen: 58957K->1581K(59392K)] 414684K->357308K(561152K), 0.0016746 secs] [Times: user=0.01 sys=0.00, real=0.00 secs] 
766.722: [GC (Allocation Failure) [PSYoungGen: 58913K->1581K(59392K)] 414640K->357308K(561152K), 0.0017746 secs] [Times: user=0.01 sys=0.00, real=0.01 secs] 
767.316: [GC (Allocation Failure) [PSYoungGen: 58925K->1456K(59392K)] 414652K->357183K(561152K), 0.0036990 secs] [Times: user=0.02 sys=0.00, real=0.00 secs] 
767.795: [GC (Allocation Failure) [PSYoungGen: 58800K->1408K(59392K)] 414527K->357135K(561152K), 0.0021703 secs] [Times: user=0.01 sys=0.00, real=0.00 secs] 
768.115: [GC (Allocation Failure) [PSYoungGen: 58752K->1376K(59392K)] 414479K->357103K(561152K), 0.0021180 secs] [Times: user=0.01 sys=0.00, real=0.00 secs] 
768.413: [GC (Allocation Failure) [PSYoungGen: 58720K->1408K(59392K)] 414447K->357135K(561152K), 0.0024055 secs] [Times: user=0.01 sys=0.00, real=0.00 secs] 
768.652: [GC (Allocation Failure) [PSYoungGen: 58752K->1408K(59392K)] 414479K->357135K(561152K), 0.0023138 secs] [Times: user=0.01 sys=0.00, real=0.01 secs] 
769.084: [GC (Allocation Failure) [PSYoungGen: 58752K->1517K(59392K)] 414479K->357244K(561152K), 0.0017828 secs] [Times: user=0.00 sys=0.00, real=0.00 secs] 
769.421: [GC (Allocation Failure) [PSYoungGen: 58861K->1552K(59392K)] 414588K->357295K(561152K), 0.0016472 secs] [Times: user=0.01 sys=0.00, real=0.00 secs] 
769.820: [GC (Allocation Failure) [PSYoungGen: 58896K->1581K(59392K)] 414639K->357324K(561152K), 0.0018130 secs] [Times: user=0.01 sys=0.00, real=0.00 secs] 
770.156: [GC (Allocation Failure) [PSYoungGen: 58925K->1549K(59392K)] 414668K->357324K(561152K), 0.0017969 secs] [Times: user=0.01 sys=0.00, real=0.00 secs] 
770.529: [GC (Allocation Failure) [PSYoungGen: 58893K->1472K(59392K)] 414668K->357255K(561152K), 0.0026812 secs] [Times: user=0.01 sys=0.00, real=0.00 secs] 
770.770: [GC (Allocation Failure) [PSYoungGen: 58816K->1344K(59392K)] 414599K->357127K(561152K), 0.0021796 secs] [Times: user=0.01 sys=0.00, real=0.00 secs] 
771.008: [GC (Allocation Failure) [PSYoungGen: 58688K->1408K(59392K)] 414471K->357191K(561152K), 0.0021532 secs] [Times: user=0.00 sys=0.00, real=0.00 secs] 
771.247: [GC (Allocation Failure) [PSYoungGen: 58752K->1408K(59392K)] 414535K->357191K(561152K), 0.0020517 secs] [Times: user=0.01 sys=0.00, real=0.00 secs] 
771.485: [GC (Allocation Failure) [PSYoungGen: 58752K->1408K(59392K)] 414535K->357191K(561152K), 0.0021033 secs] [Times: user=0.00 sys=0.00, real=0.00 secs] 
771.803: [GC (Allocation Failure) [PSYoungGen: 58752K->1549K(59392K)] 414535K->357332K(561152K), 0.0015842 secs] [Times: user=0.00 sys=0.00, real=0.00 secs] 
772.139: [GC (Allocation Failure) [PSYoungGen: 58893K->1549K(59392K)] 414676K->357356K(561152K), 0.0016669 secs] [Times: user=0.01 sys=0.00, real=0.00 secs] 
772.477: [GC (Allocation Failure) [PSYoungGen: 58893K->1485K(59392K)] 414700K->357292K(561152K), 0.0017078 secs] [Times: user=0.00 sys=0.00, real=0.00 secs] 
772.813: [GC (Allocation Failure) [PSYoungGen: 58829K->1517K(59392K)] 414636K->357324K(561152K), 0.0016408 secs] [Times: user=0.01 sys=0.00, real=0.00 secs] 
773.344: [GC (Allocation Failure) [PSYoungGen: 58861K->1440K(59392K)] 414668K->357247K(561152K), 0.0020611 secs] [Times: user=0.01 sys=0.00, real=0.00 secs] 
774.688: [GC (Allocation Failure) [PSYoungGen: 58784K->1408K(59392K)] 414591K->357215K(561152K), 0.0027410 secs] [Times: user=0.01 sys=0.00, real=0.00 secs] 
775.463: [GC (Allocation Failure) [PSYoungGen: 58752K->1344K(59392K)] 414559K->357151K(561152K), 0.0026311 secs] [Times: user=0.01 sys=0.00, real=0.01 secs] 
775.994: [GC (Allocation Failure) [PSYoungGen: 58688K->1344K(59392K)] 414495K->357151K(561152K), 0.0026486 secs] [Times: user=0.01 sys=0.00, real=0.00 secs] 
776.519: [GC (Allocation Failure) [PSYoungGen: 58688K->1344K(59392K)] 414495K->357151K(561152K), 0.0026928 secs] [Times: user=0.01 sys=0.00, real=0.00 secs] 
776.986: [GC (Allocation Failure) [PSYoungGen: 58688K->1469K(59392K)] 414495K->357276K(561152K), 0.0015015 secs] [Times: user=0.00 sys=0.00, real=0.00 secs] 
777.321: [GC (Allocation Failure) [PSYoungGen: 58813K->1549K(59392K)] 414620K->357372K(561152K), 0.0016321 secs] [Times: user=0.01 sys=0.00, real=0.00 secs] 
777.657: [GC (Allocation Failure) [PSYoungGen: 58893K->1549K(59392K)] 414716K->357372K(561152K), 0.0017546 secs] [Times: user=0.01 sys=0.00, real=0.00 secs] 
777.996: [GC (Allocation Failure) [PSYoungGen: 58893K->1581K(59392K)] 414716K->357404K(561152K), 0.0016798 secs] [Times: user=0.01 sys=0.00, real=0.00 secs] 
778.357: [GC (Allocation Failure) [PSYoungGen: 58925K->1984K(59392K)] 414748K->357807K(561152K), 0.0019759 secs] [Times: user=0.00 sys=0.00, real=0.00 secs] 
778.602: [GC (Allocation Failure) [PSYoungGen: 59328K->1424K(59392K)] 415151K->357247K(561152K), 0.0017447 secs] [Times: user=0.01 sys=0.00, real=0.01 secs] 
778.967: [GC (Allocation Failure) [PSYoungGen: 58768K->1408K(59392K)] 414591K->357231K(561152K), 0.0021510 secs] [Times: user=0.00 sys=0.00, real=0.00 secs] 
779.258: [GC (Allocation Failure) [PSYoungGen: 58752K->1376K(59392K)] 414575K->357199K(561152K), 0.0019858 secs] [Times: user=0.00 sys=0.00, real=0.00 secs] 
779.607: [GC (Allocation Failure) [PSYoungGen: 58720K->1376K(59392K)] 414543K->357199K(561152K), 0.0021509 secs] [Times: user=0.01 sys=0.00, real=0.00 secs] 
779.987: [GC (Allocation Failure) [PSYoungGen: 58720K->1437K(59392K)] 414543K->357260K(561152K), 0.0015922 secs] [Times: user=0.00 sys=0.00, real=0.00 secs] 
780.322: [GC (Allocation Failure) [PSYoungGen: 58781K->1581K(59392K)] 414604K->357420K(561152K), 0.0017716 secs] [Times: user=0.01 sys=0.00, real=0.01 secs] 
780.717: [GC (Allocation Failure) [PSYoungGen: 58925K->1581K(59392K)] 414764K->357420K(561152K), 0.0017985 secs] [Times: user=0.01 sys=0.00, real=0.00 secs] 
781.053: [GC (Allocation Failure) [PSYoungGen: 58925K->1549K(59392K)] 414764K->357412K(561152K), 0.0017371 secs] [Times: user=0.01 sys=0.00, real=0.00 secs] 
781.457: [GC (Allocation Failure) [PSYoungGen: 58893K->1517K(59392K)] 414756K->357380K(561152K), 0.0016451 secs] [Times: user=0.01 sys=0.00, real=0.00 secs] 
782.025: [GC (Allocation Failure) [PSYoungGen: 58861K->1408K(59392K)] 414724K->357279K(561152K), 0.0039887 secs] [Times: user=0.02 sys=0.00, real=0.00 secs] 
782.743: [GC (Allocation Failure) [PSYoungGen: 58752K->1440K(59392K)] 414623K->357311K(561152K), 0.0077262 secs] [Times: user=0.04 sys=0.00, real=0.01 secs] 
783.287: [GC (Allocation Failure) [PSYoungGen: 58784K->1344K(59392K)] 414655K->357215K(561152K), 0.0032658 secs] [Times: user=0.01 sys=0.00, real=0.00 secs] 
783.765: [GC (Allocation Failure) [PSYoungGen: 58688K->1376K(59392K)] 414559K->357247K(561152K), 0.0027472 secs] [Times: user=0.01 sys=0.00, real=0.00 secs] 
784.343: [GC (Allocation Failure) [PSYoungGen: 58720K->1437K(59392K)] 414591K->357308K(561152K), 0.0025175 secs] [Times: user=0.01 sys=0.00, real=0.01 secs] 
784.724: [GC (Allocation Failure) [PSYoungGen: 58781K->1581K(59392K)] 414652K->357468K(561152K), 0.0017209 secs] [Times: user=0.01 sys=0.00, real=0.00 secs] 
785.062: [GC (Allocation Failure) [PSYoungGen: 58925K->1581K(59392K)] 414812K->357476K(561152K), 0.0017617 secs] [Times: user=0.00 sys=0.00, real=0.01 secs] 
785.406: [GC (Allocation Failure) [PSYoungGen: 58925K->1581K(59392K)] 414820K->357476K(561152K), 0.0015698 secs] [Times: user=0.01 sys=0.00, real=0.00 secs] 
785.745: [GC (Allocation Failure) [PSYoungGen: 58925K->1597K(59392K)] 414820K->357492K(561152K), 0.0017719 secs] [Times: user=0.01 sys=0.00, real=0.00 secs] 
786.049: [GC (Allocation Failure) [PSYoungGen: 58941K->1408K(59392K)] 414836K->357303K(561152K), 0.0020159 secs] [Times: user=0.01 sys=0.00, real=0.00 secs] 
786.288: [GC (Allocation Failure) [PSYoungGen: 58752K->1408K(59392K)] 414647K->357303K(561152K), 0.0021936 secs] [Times: user=0.00 sys=0.00, real=0.00 secs] 
786.526: [GC (Allocation Failure) [PSYoungGen: 58752K->1408K(59392K)] 414647K->357303K(561152K), 0.0025317 secs] [Times: user=0.01 sys=0.00, real=0.00 secs] 
786.766: [GC (Allocation Failure) [PSYoungGen: 58752K->1424K(59392K)] 414647K->357319K(561152K), 0.0022358 secs] [Times: user=0.01 sys=0.00, real=0.00 secs] 
787.009: [GC (Allocation Failure) [PSYoungGen: 58768K->1344K(59392K)] 414663K->357239K(561152K), 0.0025336 secs] [Times: user=0.01 sys=0.00, real=0.00 secs] 
787.402: [GC (Allocation Failure) [PSYoungGen: 58688K->1565K(59392K)] 414583K->357460K(561152K), 0.0016396 secs] [Times: user=0.01 sys=0.00, real=0.01 secs] 
787.740: [GC (Allocation Failure) [PSYoungGen: 58909K->1581K(59392K)] 414804K->357492K(561152K), 0.0016998 secs] [Times: user=0.01 sys=0.00, real=0.00 secs] 
788.077: [GC (Allocation Failure) [PSYoungGen: 58925K->1613K(59392K)] 414836K->357524K(561152K), 0.0016385 secs] [Times: user=0.01 sys=0.00, real=0.00 secs] 
788.475: [GC (Allocation Failure) [PSYoungGen: 58957K->1581K(59392K)] 414868K->357492K(561152K), 0.0016833 secs] [Times: user=0.01 sys=0.00, real=0.00 secs] 
788.945: [GC (Allocation Failure) [PSYoungGen: 58925K->1440K(59392K)] 414836K->357351K(561152K), 0.0020936 secs] [Times: user=0.01 sys=0.00, real=0.00 secs] 
789.473: [GC (Allocation Failure) [PSYoungGen: 58784K->1376K(59392K)] 414695K->357287K(561152K), 0.0022245 secs] [Times: user=0.01 sys=0.00, real=0.01 secs] 
789.967: [GC (Allocation Failure) [PSYoungGen: 58720K->1440K(59392K)] 414631K->357351K(561152K), 0.0021790 secs] [Times: user=0.00 sys=0.00, real=0.00 secs] 
790.267: [GC (Allocation Failure) [PSYoungGen: 58784K->1376K(59392K)] 414695K->357311K(561152K), 0.0021836 secs] [Times: user=0.01 sys=0.00, real=0.00 secs] 
790.588: [GC (Allocation Failure) [PSYoungGen: 58720K->1392K(59392K)] 414655K->357327K(561152K), 0.0021989 secs] [Times: user=0.01 sys=0.00, real=0.00 secs] 
790.940: [GC (Allocation Failure) [PSYoungGen: 58736K->1581K(59392K)] 414671K->357516K(561152K), 0.0016489 secs] [Times: user=0.00 sys=0.00, real=0.00 secs] 
791.277: [GC (Allocation Failure) [PSYoungGen: 58925K->1533K(59392K)] 414860K->357500K(561152K), 0.0015383 secs] [Times: user=0.01 sys=0.00, real=0.00 secs] 
791.615: [GC (Allocation Failure) [PSYoungGen: 58877K->1517K(59392K)] 414844K->357484K(561152K), 0.0016783 secs] [Times: user=0.01 sys=0.01, real=0.00 secs] 
791.952: [GC (Allocation Failure) [PSYoungGen: 58852K->1565K(59392K)] 414819K->357532K(561152K), 0.0016192 secs] [Times: user=0.00 sys=0.00, real=0.01 secs] 
792.269: [GC (Allocation Failure) [PSYoungGen: 58909K->1440K(59392K)] 414876K->357407K(561152K), 0.0020713 secs] [Times: user=0.01 sys=0.00, real=0.00 secs] 
792.527: [GC (Allocation Failure) [PSYoungGen: 58784K->1440K(59392K)] 414751K->357407K(561152K), 0.0020419 secs] [Times: user=0.01 sys=0.00, real=0.00 secs] 
792.766: [GC (Allocation Failure) [PSYoungGen: 58784K->1376K(59392K)] 414751K->357343K(561152K), 0.0019671 secs] [Times: user=0.01 sys=0.00, real=0.00 secs] 
793.108: [GC (Allocation Failure) [PSYoungGen: 58720K->1376K(59392K)] 414687K->357343K(561152K), 0.0021172 secs] [Times: user=0.01 sys=0.00, real=0.00 secs] 
793.347: [GC (Allocation Failure) [PSYoungGen: 58720K->1344K(59392K)] 414687K->357311K(561152K), 0.0021579 secs] [Times: user=0.01 sys=0.00, real=0.00 secs] 
793.705: [GC (Allocation Failure) [PSYoungGen: 58688K->1501K(59392K)] 414655K->357468K(561152K), 0.0016855 secs] [Times: user=0.01 sys=0.00, real=0.00 secs] 
794.044: [GC (Allocation Failure) [PSYoungGen: 58845K->1581K(59392K)] 414812K->357556K(561152K), 0.0015989 secs] [Times: user=0.01 sys=0.00, real=0.00 secs] 
794.386: [GC (Allocation Failure) [PSYoungGen: 58925K->1552K(59392K)] 414900K->357527K(561152K), 0.0018152 secs] [Times: user=0.01 sys=0.01, real=0.00 secs] 
794.722: [GC (Allocation Failure) [PSYoungGen: 58896K->1581K(59392K)] 414871K->357556K(561152K), 0.0016821 secs] [Times: user=0.01 sys=0.00, real=0.01 secs] 
795.194: [GC (Allocation Failure) [PSYoungGen: 58925K->1472K(59392K)] 414900K->357447K(561152K), 0.0020793 secs] [Times: user=0.01 sys=0.00, real=0.00 secs] 
795.475: [GC (Allocation Failure) [PSYoungGen: 58816K->1408K(59392K)] 414791K->357383K(561152K), 0.0020392 secs] [Times: user=0.01 sys=0.00, real=0.00 secs] 
795.715: [GC (Allocation Failure) [PSYoungGen: 58752K->1408K(59392K)] 414727K->357383K(561152K), 0.0031774 secs] [Times: user=0.01 sys=0.00, real=0.00 secs] 
795.954: [GC (Allocation Failure) [PSYoungGen: 58752K->1344K(59392K)] 414727K->357319K(561152K), 0.0021509 secs] [Times: user=0.01 sys=0.00, real=0.00 secs] 
796.193: [GC (Allocation Failure) [PSYoungGen: 58688K->1408K(59392K)] 414663K->357383K(561152K), 0.0022396 secs] [Times: user=0.01 sys=0.00, real=0.01 secs] 
796.591: [GC (Allocation Failure) [PSYoungGen: 58752K->1453K(59392K)] 414727K->357428K(561152K), 0.0014817 secs] [Times: user=0.01 sys=0.00, real=0.00 secs] 
796.927: [GC (Allocation Failure) [PSYoungGen: 58797K->1581K(59392K)] 414772K->357564K(561152K), 0.0016416 secs] [Times: user=0.01 sys=0.00, real=0.00 secs] 
797.335: [GC (Allocation Failure) [PSYoungGen: 58925K->1581K(59392K)] 414908K->357564K(561152K), 0.0017639 secs] [Times: user=0.01 sys=0.00, real=0.00 secs] 
797.672: [GC (Allocation Failure) [PSYoungGen: 58925K->1584K(59392K)] 414908K->357567K(561152K), 0.0017150 secs] [Times: user=0.01 sys=0.00, real=0.01 secs] 
798.118: [GC (Allocation Failure) [PSYoungGen: 58928K->1472K(59392K)] 414911K->359503K(561152K), 0.0023899 secs] [Times: user=0.01 sys=0.01, real=0.00 secs] 
798.488: [GC (Allocation Failure) [PSYoungGen: 58816K->384K(59392K)] 416847K->358415K(561152K), 0.0022114 secs] [Times: user=0.01 sys=0.00, real=0.00 secs] 
798.776: [GC (Allocation Failure) [PSYoungGen: 57728K->320K(59392K)] 415759K->358351K(561152K), 0.0021811 secs] [Times: user=0.00 sys=0.00, real=0.00 secs] 
799.062: [GC (Allocation Failure) [PSYoungGen: 57664K->320K(59392K)] 415695K->358351K(561152K), 0.0023105 secs] [Times: user=0.01 sys=0.01, real=0.01 secs] 
799.310: [GC (Allocation Failure) [PSYoungGen: 57664K->416K(59904K)] 415695K->358447K(561664K), 0.0020754 secs] [Times: user=0.01 sys=0.00, real=0.00 secs] 
799.658: [GC (Allocation Failure) [PSYoungGen: 57760K->1453K(59904K)] 415791K->359484K(561664K), 0.0033149 secs] [Times: user=0.01 sys=0.00, real=0.00 secs] 
800.042: [GC (Allocation Failure) [PSYoungGen: 58797K->1581K(59904K)] 416828K->359644K(561664K), 0.0017850 secs] [Times: user=0.01 sys=0.00, real=0.01 secs] 
800.378: [GC (Allocation Failure) [PSYoungGen: 58925K->1581K(59904K)] 416988K->359644K(561664K), 0.0017014 secs] [Times: user=0.00 sys=0.00, real=0.00 secs] 
800.717: [GC (Allocation Failure) [PSYoungGen: 58925K->1533K(59904K)] 416988K->359596K(561664K), 0.0016096 secs] [Times: user=0.00 sys=0.00, real=0.00 secs] 
801.099: [GC (Allocation Failure) [PSYoungGen: 58877K->1600K(59904K)] 416940K->359663K(561664K), 0.0019393 secs] [Times: user=0.01 sys=0.00, real=0.00 secs] 
801.367: [GC (Allocation Failure) [PSYoungGen: 58944K->1408K(59904K)] 417007K->359471K(561664K), 0.0025240 secs] [Times: user=0.01 sys=0.00, real=0.00 secs] 
801.603: [GC (Allocation Failure) [PSYoungGen: 58752K->1376K(59904K)] 416815K->359439K(561664K), 0.0021922 secs] [Times: user=0.01 sys=0.00, real=0.00 secs] 
801.888: [GC (Allocation Failure) [PSYoungGen: 58720K->1344K(59904K)] 416783K->359407K(561664K), 0.0023503 secs] [Times: user=0.01 sys=0.00, real=0.00 secs] 
802.148: [GC (Allocation Failure) [PSYoungGen: 58688K->1376K(59904K)] 416751K->359439K(561664K), 0.0021257 secs] [Times: user=0.01 sys=0.00, real=0.00 secs] 
802.527: [GC (Allocation Failure) [PSYoungGen: 58697K->1501K(58880K)] 416760K->359564K(560640K), 0.0020647 secs] [Times: user=0.01 sys=0.00, real=0.00 secs] 
802.868: [GC (Allocation Failure) [PSYoungGen: 58845K->1549K(59392K)] 416908K->359620K(561152K), 0.0016971 secs] [Times: user=0.01 sys=0.00, real=0.00 secs] 
803.204: [GC (Allocation Failure) [PSYoungGen: 58893K->1549K(59904K)] 416964K->359620K(561664K), 0.0017157 secs] [Times: user=0.00 sys=0.00, real=0.00 secs] 
803.540: [GC (Allocation Failure) [PSYoungGen: 58893K->1549K(59904K)] 416964K->359620K(561664K), 0.0016581 secs] [Times: user=0.00 sys=0.00, real=0.00 secs] 
803.878: [GC (Allocation Failure) [PSYoungGen: 58893K->1581K(59904K)] 416964K->359652K(561664K), 0.0017005 secs] [Times: user=0.01 sys=0.00, real=0.00 secs] 
804.137: [GC (Allocation Failure) [PSYoungGen: 58925K->1408K(58880K)] 416996K->359479K(560640K), 0.0016748 secs] [Times: user=0.01 sys=0.00, real=0.00 secs] 
804.375: [GC (Allocation Failure) [PSYoungGen: 58752K->1408K(59392K)] 416823K->359479K(561152K), 0.0015392 secs] [Times: user=0.01 sys=0.00, real=0.00 secs] 
804.923: [GC (Allocation Failure) [PSYoungGen: 58752K->1408K(59392K)] 416823K->359479K(561152K), 0.0040005 secs] [Times: user=0.02 sys=0.00, real=0.00 secs] 
805.399: [GC (Allocation Failure) [PSYoungGen: 58752K->1376K(59392K)] 416823K->359447K(561152K), 0.0027686 secs] [Times: user=0.01 sys=0.00, real=0.00 secs] 
805.861: [GC (Allocation Failure) [PSYoungGen: 58720K->1376K(59392K)] 416791K->359447K(561152K), 0.0049657 secs] [Times: user=0.02 sys=0.00, real=0.01 secs] 
806.281: [GC (Allocation Failure) [PSYoungGen: 58720K->1581K(59392K)] 416791K->359668K(561152K), 0.0015919 secs] [Times: user=0.01 sys=0.00, real=0.01 secs] 
806.617: [GC (Allocation Failure) [PSYoungGen: 58925K->1549K(59392K)] 417012K->359636K(561152K), 0.0016768 secs] [Times: user=0.01 sys=0.00, real=0.00 secs] 
806.953: [GC (Allocation Failure) [PSYoungGen: 58893K->1552K(59392K)] 416980K->359639K(561152K), 0.0017327 secs] [Times: user=0.01 sys=0.00, real=0.00 secs] 
807.290: [GC (Allocation Failure) [PSYoungGen: 58896K->1517K(59392K)] 416983K->359604K(561152K), 0.0016940 secs] [Times: user=0.01 sys=0.00, real=0.00 secs] 
807.675: [GC (Allocation Failure) [PSYoungGen: 58861K->1440K(59392K)] 416948K->359527K(561152K), 0.0019776 secs] [Times: user=0.01 sys=0.00, real=0.00 secs] 
807.957: [GC (Allocation Failure) [PSYoungGen: 58784K->1376K(59392K)] 416871K->359463K(561152K), 0.0018154 secs] [Times: user=0.01 sys=0.00, real=0.00 secs] 
808.471: [GC (Allocation Failure) [PSYoungGen: 58720K->1408K(59392K)] 416807K->359495K(561152K), 0.0021419 secs] [Times: user=0.00 sys=0.00, real=0.01 secs] 
809.212: [GC (Allocation Failure) [PSYoungGen: 58752K->1392K(59392K)] 416839K->359479K(561152K), 0.0022989 secs] [Times: user=0.01 sys=0.01, real=0.01 secs] 
810.024: [GC (Allocation Failure) [PSYoungGen: 58736K->1376K(59392K)] 416823K->359463K(561152K), 0.0032323 secs] [Times: user=0.01 sys=0.00, real=0.00 secs] 
810.496: [GC (Allocation Failure) [PSYoungGen: 58720K->1549K(59392K)] 416807K->359636K(561152K), 0.0017907 secs] [Times: user=0.01 sys=0.00, real=0.00 secs] 
810.832: [GC (Allocation Failure) [PSYoungGen: 58893K->1549K(59392K)] 416980K->359644K(561152K), 0.0017651 secs] [Times: user=0.01 sys=0.00, real=0.01 secs] 
811.169: [GC (Allocation Failure) [PSYoungGen: 58893K->1549K(59392K)] 416988K->359644K(561152K), 0.0016704 secs] [Times: user=0.00 sys=0.00, real=0.00 secs] 
811.506: [GC (Allocation Failure) [PSYoungGen: 58893K->1517K(59392K)] 416988K->359636K(561152K), 0.0017306 secs] [Times: user=0.01 sys=0.00, real=0.00 secs] 
811.810: [GC (Allocation Failure) [PSYoungGen: 58861K->1440K(59392K)] 416980K->359559K(561152K), 0.0019202 secs] [Times: user=0.01 sys=0.00, real=0.00 secs] 
812.048: [GC (Allocation Failure) [PSYoungGen: 58784K->1376K(59392K)] 416903K->359495K(561152K), 0.0019458 secs] [Times: user=0.01 sys=0.00, real=0.00 secs] 
812.286: [GC (Allocation Failure) [PSYoungGen: 58720K->1408K(59392K)] 416839K->359527K(561152K), 0.0019293 secs] [Times: user=0.01 sys=0.00, real=0.00 secs] 
812.524: [GC (Allocation Failure) [PSYoungGen: 58752K->1360K(59392K)] 416871K->359479K(561152K), 0.0017772 secs] [Times: user=0.00 sys=0.00, real=0.00 secs] 
812.762: [GC (Allocation Failure) [PSYoungGen: 58704K->1408K(59392K)] 416823K->359527K(561152K), 0.0019274 secs] [Times: user=0.01 sys=0.00, real=0.01 secs] 
813.081: [GC (Allocation Failure) [PSYoungGen: 58752K->1517K(59392K)] 416871K->359636K(561152K), 0.0015922 secs] [Times: user=0.01 sys=0.00, real=0.00 secs] 
813.416: [GC (Allocation Failure) [PSYoungGen: 58861K->1581K(59392K)] 416980K->359724K(561152K), 0.0017033 secs] [Times: user=0.00 sys=0.00, real=0.00 secs] 
813.754: [GC (Allocation Failure) [PSYoungGen: 58925K->1613K(59392K)] 417068K->359756K(561152K), 0.0016944 secs] [Times: user=0.01 sys=0.00, real=0.00 secs] 
814.093: [GC (Allocation Failure) [PSYoungGen: 58957K->1581K(59392K)] 417100K->359724K(561152K), 0.0017117 secs] [Times: user=0.01 sys=0.00, real=0.00 secs] 
814.947: [GC (Allocation Failure) [PSYoungGen: 58925K->1504K(59392K)] 417068K->359647K(561152K), 0.0040274 secs] [Times: user=0.01 sys=0.01, real=0.00 secs] 
816.128: [GC (Allocation Failure) [PSYoungGen: 58848K->1376K(59392K)] 416991K->359519K(561152K), 0.0054819 secs] [Times: user=0.02 sys=0.00, real=0.01 secs] 
816.901: [GC (Allocation Failure) [PSYoungGen: 58720K->1456K(59392K)] 416863K->359607K(561152K), 0.0025397 secs] [Times: user=0.02 sys=0.00, real=0.01 secs] 
817.151: [GC (Allocation Failure) [PSYoungGen: 58800K->1408K(59392K)] 416951K->359559K(561152K), 0.0021400 secs] [Times: user=0.01 sys=0.00, real=0.01 secs] 
817.405: [GC (Allocation Failure) [PSYoungGen: 58752K->1408K(59392K)] 416903K->359559K(561152K), 0.0021512 secs] [Times: user=0.01 sys=0.00, real=0.00 secs] 
817.710: [GC (Allocation Failure) [PSYoungGen: 58752K->1453K(59392K)] 416903K->359604K(561152K), 0.0016147 secs] [Times: user=0.01 sys=0.00, real=0.00 secs] 
818.046: [GC (Allocation Failure) [PSYoungGen: 58797K->1517K(59392K)] 416948K->359684K(561152K), 0.0016312 secs] [Times: user=0.00 sys=0.00, real=0.00 secs] 
818.384: [GC (Allocation Failure) [PSYoungGen: 58861K->1565K(59392K)] 417028K->359732K(561152K), 0.0017571 secs] [Times: user=0.00 sys=0.00, real=0.00 secs] 
818.722: [GC (Allocation Failure) [PSYoungGen: 58909K->1565K(59392K)] 417076K->359732K(561152K), 0.0017297 secs] [Times: user=0.00 sys=0.01, real=0.01 secs] 
819.254: [GC (Allocation Failure) [PSYoungGen: 58909K->1472K(59392K)] 417076K->361687K(561152K), 0.0022458 secs] [Times: user=0.01 sys=0.00, real=0.00 secs] 
819.903: [GC (Allocation Failure) [PSYoungGen: 58816K->1360K(59392K)] 419031K->361575K(561152K), 0.0039218 secs] [Times: user=0.02 sys=0.00, real=0.00 secs] 
820.558: [GC (Allocation Failure) [PSYoungGen: 58704K->1408K(59392K)] 418919K->361631K(561152K), 0.0040042 secs] [Times: user=0.01 sys=0.00, real=0.00 secs] 
821.262: [GC (Allocation Failure) [PSYoungGen: 58752K->1408K(59392K)] 418975K->361631K(561152K), 0.0044096 secs] [Times: user=0.02 sys=0.01, real=0.01 secs] 
821.846: [GC (Allocation Failure) [PSYoungGen: 58752K->1344K(59392K)] 418975K->361567K(561152K), 0.0041636 secs] [Times: user=0.02 sys=0.00, real=0.00 secs] 
822.344: [GC (Allocation Failure) [PSYoungGen: 58688K->1485K(59392K)] 418911K->361708K(561152K), 0.0017416 secs] [Times: user=0.01 sys=0.00, real=0.00 secs] 
822.680: [GC (Allocation Failure) [PSYoungGen: 58829K->1613K(59392K)] 419052K->361868K(561152K), 0.0016901 secs] [Times: user=0.01 sys=0.00, real=0.00 secs] 
823.016: [GC (Allocation Failure) [PSYoungGen: 58957K->1517K(59392K)] 419212K->361772K(561152K), 0.0017088 secs] [Times: user=0.00 sys=0.00, real=0.00 secs] 
823.356: [GC (Allocation Failure) [PSYoungGen: 58861K->1552K(59392K)] 419116K->361807K(561152K), 0.0016680 secs] [Times: user=0.00 sys=0.00, real=0.00 secs] 
823.752: [GC (Allocation Failure) [PSYoungGen: 58896K->1632K(59392K)] 419151K->361895K(561152K), 0.0019949 secs] [Times: user=0.00 sys=0.00, real=0.01 secs] 
824.421: [GC (Allocation Failure) [PSYoungGen: 58976K->1360K(59392K)] 419239K->361623K(561152K), 0.0020285 secs] [Times: user=0.01 sys=0.00, real=0.00 secs] 
824.919: [GC (Allocation Failure) [PSYoungGen: 58704K->1376K(59392K)] 418967K->361639K(561152K), 0.0020188 secs] [Times: user=0.01 sys=0.00, real=0.00 secs] 
825.158: [GC (Allocation Failure) [PSYoungGen: 58720K->1408K(59392K)] 418983K->361671K(561152K), 0.0021700 secs] [Times: user=0.01 sys=0.00, real=0.00 secs] 
825.439: [GC (Allocation Failure) [PSYoungGen: 58752K->1376K(59392K)] 419015K->361639K(561152K), 0.0021093 secs] [Times: user=0.01 sys=0.01, real=0.00 secs] 
825.811: [GC (Allocation Failure) [PSYoungGen: 58720K->1421K(59392K)] 418983K->361684K(561152K), 0.0021342 secs] [Times: user=0.01 sys=0.00, real=0.01 secs] 
826.151: [GC (Allocation Failure) [PSYoungGen: 58765K->1581K(59392K)] 419028K->361860K(561152K), 0.0015778 secs] [Times: user=0.01 sys=0.00, real=0.00 secs] 
826.494: [GC (Allocation Failure) [PSYoungGen: 58925K->1613K(59392K)] 419204K->361900K(561152K), 0.0017375 secs] [Times: user=0.00 sys=0.00, real=0.00 secs] 
826.832: [GC (Allocation Failure) [PSYoungGen: 58957K->1581K(59392K)] 419244K->361868K(561152K), 0.0017444 secs] [Times: user=0.01 sys=0.00, real=0.01 secs] 
827.169: [GC (Allocation Failure) [PSYoungGen: 58925K->1517K(59392K)] 419212K->361804K(561152K), 0.0016964 secs] [Times: user=0.01 sys=0.00, real=0.00 secs] 
827.439: [GC (Allocation Failure) [PSYoungGen: 58861K->1424K(59392K)] 419148K->361711K(561152K), 0.0016489 secs] [Times: user=0.01 sys=0.00, real=0.00 secs] 
827.772: [GC (Allocation Failure) [PSYoungGen: 58768K->1408K(59392K)] 419055K->361695K(561152K), 0.0018048 secs] [Times: user=0.01 sys=0.00, real=0.01 secs] 
828.381: [GC (Allocation Failure) [PSYoungGen: 58752K->1392K(59392K)] 419039K->361679K(561152K), 0.0038514 secs] [Times: user=0.02 sys=0.00, real=0.01 secs] 
828.883: [GC (Allocation Failure) [PSYoungGen: 58736K->1440K(59392K)] 419023K->361727K(561152K), 0.0022767 secs] [Times: user=0.00 sys=0.00, real=0.01 secs] 
829.397: [GC (Allocation Failure) [PSYoungGen: 58784K->1533K(59392K)] 419071K->361820K(561152K), 0.0024203 secs] [Times: user=0.01 sys=0.00, real=0.00 secs] 
829.764: [GC (Allocation Failure) [PSYoungGen: 58877K->1581K(59392K)] 419164K->361884K(561152K), 0.0016224 secs] [Times: user=0.01 sys=0.00, real=0.00 secs] 
830.100: [GC (Allocation Failure) [PSYoungGen: 58925K->1549K(59392K)] 419228K->361852K(561152K), 0.0016541 secs] [Times: user=0.01 sys=0.00, real=0.00 secs] 
830.438: [GC (Allocation Failure) [PSYoungGen: 58893K->1584K(59392K)] 419196K->361911K(561152K), 0.0017183 secs] [Times: user=0.01 sys=0.00, real=0.00 secs] 
830.774: [GC (Allocation Failure) [PSYoungGen: 58928K->1581K(59392K)] 419255K->361908K(561152K), 0.0017386 secs] [Times: user=0.01 sys=0.00, real=0.00 secs] 
831.068: [GC (Allocation Failure) [PSYoungGen: 58925K->1440K(59392K)] 419252K->361767K(561152K), 0.0020100 secs] [Times: user=0.00 sys=0.00, real=0.00 secs] 
831.306: [GC (Allocation Failure) [PSYoungGen: 58784K->1408K(59392K)] 419111K->361735K(561152K), 0.0017498 secs] [Times: user=0.00 sys=0.00, real=0.00 secs] 
831.544: [GC (Allocation Failure) [PSYoungGen: 58752K->1376K(59392K)] 419079K->361703K(561152K), 0.0019352 secs] [Times: user=0.01 sys=0.00, real=0.00 secs] 
831.782: [GC (Allocation Failure) [PSYoungGen: 58720K->1344K(59392K)] 419047K->361671K(561152K), 0.0019048 secs] [Times: user=0.01 sys=0.01, real=0.01 secs] 
832.020: [GC (Allocation Failure) [PSYoungGen: 58688K->1408K(59392K)] 419015K->361735K(561152K), 0.0018169 secs] [Times: user=0.00 sys=0.00, real=0.00 secs] 
832.358: [GC (Allocation Failure) [PSYoungGen: 58742K->1517K(59392K)] 419069K->361844K(561152K), 0.0017315 secs] [Times: user=0.01 sys=0.00, real=0.00 secs] 
832.695: [GC (Allocation Failure) [PSYoungGen: 58861K->1552K(59392K)] 419188K->361903K(561152K), 0.0016415 secs] [Times: user=0.01 sys=0.00, real=0.00 secs] 
833.033: [GC (Allocation Failure) [PSYoungGen: 58896K->1549K(59392K)] 419247K->361900K(561152K), 0.0016757 secs] [Times: user=0.01 sys=0.00, real=0.00 secs] 
833.370: [GC (Allocation Failure) [PSYoungGen: 58893K->1520K(59392K)] 419244K->361871K(561152K), 0.0016737 secs] [Times: user=0.01 sys=0.00, real=0.00 secs] 
833.713: [GC (Allocation Failure) [PSYoungGen: 58864K->1408K(59392K)] 419215K->361759K(561152K), 0.0020658 secs] [Times: user=0.01 sys=0.00, real=0.00 secs] 
834.087: [GC (Allocation Failure) [PSYoungGen: 58752K->1376K(59392K)] 419103K->361727K(561152K), 0.0020667 secs] [Times: user=0.01 sys=0.00, real=0.00 secs] 
834.572: [GC (Allocation Failure) [PSYoungGen: 58720K->1440K(59392K)] 419071K->361791K(561152K), 0.0023507 secs] [Times: user=0.01 sys=0.00, real=0.01 secs] 
835.105: [GC (Allocation Failure) [PSYoungGen: 58784K->1376K(59392K)] 419135K->361727K(561152K), 0.0026462 secs] [Times: user=0.01 sys=0.00, real=0.00 secs] 
836.059: [GC (Allocation Failure) [PSYoungGen: 58720K->1376K(59392K)] 419071K->361727K(561152K), 0.0046050 secs] [Times: user=0.02 sys=0.00, real=0.01 secs] 
836.820: [GC (Allocation Failure) [PSYoungGen: 58720K->1485K(59392K)] 419071K->361836K(561152K), 0.0017221 secs] [Times: user=0.01 sys=0.00, real=0.00 secs] 
837.220: [GC (Allocation Failure) [PSYoungGen: 58829K->1520K(59392K)] 419180K->361879K(561152K), 0.0018330 secs] [Times: user=0.01 sys=0.00, real=0.00 secs] 
837.555: [GC (Allocation Failure) [PSYoungGen: 58864K->1549K(59392K)] 419223K->361908K(561152K), 0.0017369 secs] [Times: user=0.00 sys=0.00, real=0.00 secs] 
837.891: [GC (Allocation Failure) [PSYoungGen: 58893K->1533K(59392K)] 419252K->361892K(561152K), 0.0016566 secs] [Times: user=0.00 sys=0.00, real=0.00 secs] 
838.267: [GC (Allocation Failure) [PSYoungGen: 58877K->1440K(59392K)] 419236K->361799K(561152K), 0.0023812 secs] [Times: user=0.01 sys=0.00, real=0.00 secs] 
838.506: [GC (Allocation Failure) [PSYoungGen: 58784K->1376K(59392K)] 419143K->361735K(561152K), 0.0023720 secs] [Times: user=0.01 sys=0.00, real=0.00 secs] 
838.767: [GC (Allocation Failure) [PSYoungGen: 58720K->1408K(59392K)] 419079K->361767K(561152K), 0.0022101 secs] [Times: user=0.00 sys=0.00, real=0.00 secs] 
839.079: [GC (Allocation Failure) [PSYoungGen: 58752K->1408K(59392K)] 419111K->361767K(561152K), 0.0021220 secs] [Times: user=0.01 sys=0.00, real=0.00 secs] 
839.463: [GC (Allocation Failure) [PSYoungGen: 58752K->1376K(59392K)] 419111K->361735K(561152K), 0.0023961 secs] [Times: user=0.01 sys=0.00, real=0.00 secs] 
839.882: [GC (Allocation Failure) [PSYoungGen: 58720K->1549K(59392K)] 419079K->361908K(561152K), 0.0016296 secs] [Times: user=0.01 sys=0.00, real=0.01 secs] 
840.219: [GC (Allocation Failure) [PSYoungGen: 58893K->1549K(59392K)] 419252K->361924K(561152K), 0.0016273 secs] [Times: user=0.00 sys=0.00, real=0.00 secs] 
840.557: [GC (Allocation Failure) [PSYoungGen: 58893K->1565K(59392K)] 419268K->361940K(561152K), 0.0018052 secs] [Times: user=0.00 sys=0.00, real=0.00 secs] 
840.893: [GC (Allocation Failure) [PSYoungGen: 58887K->1565K(59392K)] 419263K->361940K(561152K), 0.0016698 secs] [Times: user=0.01 sys=0.00, real=0.01 secs] 
841.295: [GC (Allocation Failure) [PSYoungGen: 58909K->1472K(59392K)] 419284K->361871K(561152K), 0.0020264 secs] [Times: user=0.01 sys=0.00, real=0.00 secs] 
841.766: [GC (Allocation Failure) [PSYoungGen: 58816K->1376K(59392K)] 419215K->361775K(561152K), 0.0020937 secs] [Times: user=0.01 sys=0.00, real=0.00 secs] 
842.251: [GC (Allocation Failure) [PSYoungGen: 58720K->1408K(59392K)] 419119K->361807K(561152K), 0.0022446 secs] [Times: user=0.01 sys=0.00, real=0.01 secs] 
842.527: [GC (Allocation Failure) [PSYoungGen: 58752K->1408K(59392K)] 419151K->361807K(561152K), 0.0021585 secs] [Times: user=0.01 sys=0.00, real=0.00 secs] 
842.873: [GC (Allocation Failure) [PSYoungGen: 58752K->1376K(59392K)] 419151K->361775K(561152K), 0.0022157 secs] [Times: user=0.01 sys=0.00, real=0.01 secs] 
843.338: [GC (Allocation Failure) [PSYoungGen: 58720K->1485K(59392K)] 419119K->361884K(561152K), 0.0017592 secs] [Times: user=0.01 sys=0.00, real=0.00 secs] 
843.673: [GC (Allocation Failure) [PSYoungGen: 58829K->1549K(59392K)] 419228K->361964K(561152K), 0.0015784 secs] [Times: user=0.01 sys=0.00, real=0.00 secs] 
844.010: [GC (Allocation Failure) [PSYoungGen: 58893K->1485K(59392K)] 419308K->361900K(561152K), 0.0017299 secs] [Times: user=0.01 sys=0.00, real=0.00 secs] 
844.351: [GC (Allocation Failure) [PSYoungGen: 58829K->1517K(59392K)] 419244K->361932K(561152K), 0.0016770 secs] [Times: user=0.00 sys=0.00, real=0.00 secs] 
844.721: [GC (Allocation Failure) [PSYoungGen: 58861K->1504K(59392K)] 419276K->361919K(561152K), 0.0019957 secs] [Times: user=0.01 sys=0.00, real=0.00 secs] 
845.002: [GC (Allocation Failure) [PSYoungGen: 58848K->1376K(59392K)] 419263K->361791K(561152K), 0.0019389 secs] [Times: user=0.01 sys=0.00, real=0.01 secs] 
845.305: [GC (Allocation Failure) [PSYoungGen: 58720K->1408K(59392K)] 419135K->361823K(561152K), 0.0020064 secs] [Times: user=0.01 sys=0.00, real=0.00 secs] 
845.604: [GC (Allocation Failure) [PSYoungGen: 58752K->1376K(59392K)] 419167K->361791K(561152K), 0.0021799 secs] [Times: user=0.01 sys=0.00, real=0.00 secs] 
845.842: [GC (Allocation Failure) [PSYoungGen: 58720K->1408K(59392K)] 419135K->361823K(561152K), 0.0021347 secs] [Times: user=0.00 sys=0.00, real=0.01 secs] 
846.232: [GC (Allocation Failure) [PSYoungGen: 58752K->1469K(59392K)] 419167K->361884K(561152K), 0.0015498 secs] [Times: user=0.01 sys=0.00, real=0.01 secs] 
846.567: [GC (Allocation Failure) [PSYoungGen: 58813K->1549K(59392K)] 419228K->361980K(561152K), 0.0017584 secs] [Times: user=0.00 sys=0.00, real=0.00 secs] 
846.909: [GC (Allocation Failure) [PSYoungGen: 58893K->1581K(59392K)] 419324K->362012K(561152K), 0.0016262 secs] [Times: user=0.01 sys=0.00, real=0.00 secs] 
847.313: [GC (Allocation Failure) [PSYoungGen: 58925K->1549K(59392K)] 419356K->361980K(561152K), 0.0018174 secs] [Times: user=0.01 sys=0.00, real=0.00 secs] 
848.346: [GC (Allocation Failure) [PSYoungGen: 58893K->1584K(59392K)] 419324K->362015K(561152K), 0.0022320 secs] [Times: user=0.01 sys=0.01, real=0.00 secs] 
849.069: [GC (Allocation Failure) [PSYoungGen: 58928K->1376K(59392K)] 419359K->361807K(561152K), 0.0040255 secs] [Times: user=0.02 sys=0.01, real=0.00 secs] 
849.525: [GC (Allocation Failure) [PSYoungGen: 58720K->1344K(59392K)] 419151K->361775K(561152K), 0.0022275 secs] [Times: user=0.01 sys=0.00, real=0.00 secs] 
850.010: [GC (Allocation Failure) [PSYoungGen: 58688K->1376K(59392K)] 419119K->361807K(561152K), 0.0024222 secs] [Times: user=0.01 sys=0.00, real=0.00 secs] 
850.544: [GC (Allocation Failure) [PSYoungGen: 58720K->1408K(59392K)] 419151K->361839K(561152K), 0.0025306 secs] [Times: user=0.01 sys=0.00, real=0.00 secs] 
851.220: [GC (Allocation Failure) [PSYoungGen: 58752K->1469K(59392K)] 419183K->361900K(561152K), 0.0025236 secs] [Times: user=0.01 sys=0.00, real=0.00 secs] 
851.594: [GC (Allocation Failure) [PSYoungGen: 58813K->1613K(59392K)] 419244K->362060K(561152K), 0.0016311 secs] [Times: user=0.00 sys=0.00, real=0.00 secs] 
851.930: [GC (Allocation Failure) [PSYoungGen: 58957K->1581K(59392K)] 419404K->362052K(561152K), 0.0019213 secs] [Times: user=0.01 sys=0.00, real=0.00 secs] 
852.267: [GC (Allocation Failure) [PSYoungGen: 58925K->1549K(59392K)] 419396K->362020K(561152K), 0.0016496 secs] [Times: user=0.00 sys=0.00, real=0.00 secs] 
852.605: [GC (Allocation Failure) [PSYoungGen: 58893K->1613K(59392K)] 419364K->362084K(561152K), 0.0016146 secs] [Times: user=0.00 sys=0.00, real=0.00 secs] 
853.305: [GC (Allocation Failure) [PSYoungGen: 58957K->1376K(59392K)] 419428K->361847K(561152K), 0.0019835 secs] [Times: user=0.00 sys=0.00, real=0.00 secs] 
853.871: [GC (Allocation Failure) [PSYoungGen: 58720K->1392K(59392K)] 419191K->361863K(561152K), 0.0033379 secs] [Times: user=0.01 sys=0.00, real=0.01 secs] 
854.307: [GC (Allocation Failure) [PSYoungGen: 58736K->1408K(59392K)] 419207K->361879K(561152K), 0.0023406 secs] [Times: user=0.01 sys=0.00, real=0.00 secs] 
854.545: [GC (Allocation Failure) [PSYoungGen: 58752K->1408K(59392K)] 419223K->361887K(561152K), 0.0021423 secs] [Times: user=0.01 sys=0.00, real=0.00 secs] 
854.783: [GC (Allocation Failure) [PSYoungGen: 58752K->1392K(59392K)] 419231K->361871K(561152K), 0.0020514 secs] [Times: user=0.01 sys=0.00, real=0.00 secs] 
855.151: [GC (Allocation Failure) [PSYoungGen: 58736K->1501K(59392K)] 419215K->361988K(561152K), 0.0017713 secs] [Times: user=0.00 sys=0.00, real=0.00 secs] 
855.486: [GC (Allocation Failure) [PSYoungGen: 58824K->1565K(59392K)] 419311K->362060K(561152K), 0.0016510 secs] [Times: user=0.01 sys=0.00, real=0.00 secs] 
855.822: [GC (Allocation Failure) [PSYoungGen: 58909K->1581K(59392K)] 419404K->362084K(561152K), 0.0017291 secs] [Times: user=0.01 sys=0.00, real=0.01 secs] 
856.161: [GC (Allocation Failure) [PSYoungGen: 58925K->1549K(59392K)] 419428K->362052K(561152K), 0.0016816 secs] [Times: user=0.01 sys=0.00, real=0.01 secs] 
856.763: [GC (Allocation Failure) [PSYoungGen: 58893K->1440K(59392K)] 419396K->361943K(561152K), 0.0041820 secs] [Times: user=0.02 sys=0.00, real=0.01 secs] 
857.357: [GC (Allocation Failure) [PSYoungGen: 58784K->1376K(59392K)] 419287K->361879K(561152K), 0.0033528 secs] [Times: user=0.02 sys=0.00, real=0.00 secs] 
857.789: [GC (Allocation Failure) [PSYoungGen: 58720K->1376K(59392K)] 419223K->361879K(561152K), 0.0023660 secs] [Times: user=0.01 sys=0.00, real=0.00 secs] 
858.107: [GC (Allocation Failure) [PSYoungGen: 58720K->1424K(59392K)] 419223K->361927K(561152K), 0.0023840 secs] [Times: user=0.01 sys=0.00, real=0.00 secs] 
858.625: [GC (Allocation Failure) [PSYoungGen: 58768K->1408K(59392K)] 419271K->361911K(561152K), 0.0022470 secs] [Times: user=0.01 sys=0.00, real=0.00 secs] 
859.075: [GC (Allocation Failure) [PSYoungGen: 58752K->1453K(59392K)] 419255K->361956K(561152K), 0.0017289 secs] [Times: user=0.01 sys=0.00, real=0.00 secs] 
859.414: [GC (Allocation Failure) [PSYoungGen: 58797K->1581K(59392K)] 419300K->362108K(561152K), 0.0016555 secs] [Times: user=0.00 sys=0.00, real=0.00 secs] 
859.750: [GC (Allocation Failure) [PSYoungGen: 58925K->1581K(59392K)] 419452K->362116K(561152K), 0.0016841 secs] [Times: user=0.01 sys=0.00, real=0.00 secs] 
860.089: [GC (Allocation Failure) [PSYoungGen: 58925K->1584K(59392K)] 419460K->362119K(561152K), 0.0016487 secs] [Times: user=0.00 sys=0.00, real=0.00 secs] 
860.557: [GC (Allocation Failure) [PSYoungGen: 58928K->1440K(59392K)] 419463K->361975K(561152K), 0.0022892 secs] [Times: user=0.01 sys=0.00, real=0.00 secs] 
860.796: [GC (Allocation Failure) [PSYoungGen: 58784K->1392K(59392K)] 419319K->361935K(561152K), 0.0021757 secs] [Times: user=0.01 sys=0.00, real=0.00 secs] 
861.035: [GC (Allocation Failure) [PSYoungGen: 58736K->1392K(59392K)] 419279K->361935K(561152K), 0.0023433 secs] [Times: user=0.01 sys=0.00, real=0.00 secs] 
861.274: [GC (Allocation Failure) [PSYoungGen: 58736K->1408K(59392K)] 419279K->361951K(561152K), 0.0021549 secs] [Times: user=0.01 sys=0.00, real=0.00 secs] 
861.512: [GC (Allocation Failure) [PSYoungGen: 58752K->1376K(59392K)] 419295K->361919K(561152K), 0.0020765 secs] [Times: user=0.01 sys=0.00, real=0.01 secs] 
861.861: [GC (Allocation Failure) [PSYoungGen: 58720K->1520K(59392K)] 419263K->362063K(561152K), 0.0016428 secs] [Times: user=0.01 sys=0.00, real=0.01 secs] 
862.197: [GC (Allocation Failure) [PSYoungGen: 58864K->1517K(59392K)] 419407K->362076K(561152K), 0.0016330 secs] [Times: user=0.01 sys=0.00, real=0.00 secs] 
862.535: [GC (Allocation Failure) [PSYoungGen: 58861K->1533K(59392K)] 419420K->362092K(561152K), 0.0016407 secs] [Times: user=0.01 sys=0.00, real=0.00 secs] 
862.938: [GC (Allocation Failure) [PSYoungGen: 58877K->1552K(59392K)] 419436K->362111K(561152K), 0.0017767 secs] [Times: user=0.00 sys=0.00, real=0.00 secs] 
864.315: [GC (Allocation Failure) [PSYoungGen: 58896K->1440K(59392K)] 419455K->361999K(561152K), 0.0043766 secs] [Times: user=0.02 sys=0.00, real=0.00 secs] 
865.231: [GC (Allocation Failure) [PSYoungGen: 58784K->1440K(59392K)] 419343K->361999K(561152K), 0.0034230 secs] [Times: user=0.01 sys=0.00, real=0.01 secs] 
865.754: [GC (Allocation Failure) [PSYoungGen: 58784K->1408K(59392K)] 419343K->361967K(561152K), 0.0028843 secs] [Times: user=0.01 sys=0.00, real=0.00 secs] 
866.135: [GC (Allocation Failure) [PSYoungGen: 58752K->1376K(59392K)] 419311K->361935K(561152K), 0.0022072 secs] [Times: user=0.01 sys=0.00, real=0.00 secs] 
866.607: [GC (Allocation Failure) [PSYoungGen: 58720K->1376K(59392K)] 419279K->361935K(561152K), 0.0021905 secs] [Times: user=0.01 sys=0.00, real=0.00 secs] 
867.187: [GC (Allocation Failure) [PSYoungGen: 58720K->1501K(59392K)] 419279K->362060K(561152K), 0.0016005 secs] [Times: user=0.01 sys=0.00, real=0.00 secs] 
867.532: [GC (Allocation Failure) [PSYoungGen: 58845K->1597K(59392K)] 419404K->362164K(561152K), 0.0018098 secs] [Times: user=0.01 sys=0.00, real=0.01 secs] 
867.870: [GC (Allocation Failure) [PSYoungGen: 58941K->1517K(59392K)] 419508K->362084K(561152K), 0.0017518 secs] [Times: user=0.01 sys=0.00, real=0.00 secs] 
868.206: [GC (Allocation Failure) [PSYoungGen: 58861K->1581K(59392K)] 419428K->362148K(561152K), 0.0016392 secs] [Times: user=0.01 sys=0.00, real=0.00 secs] 
868.634: [GC (Allocation Failure) [PSYoungGen: 58925K->1440K(59392K)] 419492K->362007K(561152K), 0.0021386 secs] [Times: user=0.01 sys=0.00, real=0.00 secs] 
869.131: [GC (Allocation Failure) [PSYoungGen: 58784K->1440K(59392K)] 419351K->362007K(561152K), 0.0023775 secs] [Times: user=0.01 sys=0.00, real=0.01 secs] 
869.558: [GC (Allocation Failure) [PSYoungGen: 58784K->1376K(59392K)] 419351K->361943K(561152K), 0.0023341 secs] [Times: user=0.01 sys=0.00, real=0.00 secs] 
870.035: [GC (Allocation Failure) [PSYoungGen: 58720K->1376K(59392K)] 419287K->361943K(561152K), 0.0021898 secs] [Times: user=0.01 sys=0.00, real=0.00 secs] 
870.542: [GC (Allocation Failure) [PSYoungGen: 58720K->1408K(59392K)] 419287K->361975K(561152K), 0.0021865 secs] [Times: user=0.01 sys=0.00, real=0.01 secs] 
871.216: [GC (Allocation Failure) [PSYoungGen: 58752K->1485K(59392K)] 419319K->362052K(561152K), 0.0017346 secs] [Times: user=0.00 sys=0.00, real=0.00 secs] 
871.552: [GC (Allocation Failure) [PSYoungGen: 58829K->1581K(59392K)] 419396K->362156K(561152K), 0.0018028 secs] [Times: user=0.00 sys=0.00, real=0.01 secs] 
871.889: [GC (Allocation Failure) [PSYoungGen: 58925K->1549K(59392K)] 419500K->362156K(561152K), 0.0016206 secs] [Times: user=0.01 sys=0.00, real=0.00 secs] 
872.225: [GC (Allocation Failure) [PSYoungGen: 58893K->1549K(59392K)] 419500K->362156K(561152K), 0.0017165 secs] [Times: user=0.00 sys=0.00, real=0.00 secs] 
872.620: [GC (Allocation Failure) [PSYoungGen: 58893K->1472K(59392K)] 419500K->362079K(561152K), 0.0020498 secs] [Times: user=0.01 sys=0.00, real=0.00 secs] 
872.869: [GC (Allocation Failure) [PSYoungGen: 58816K->1408K(59392K)] 419423K->362015K(561152K), 0.0021366 secs] [Times: user=0.01 sys=0.00, real=0.00 secs] 
873.176: [GC (Allocation Failure) [PSYoungGen: 58752K->1376K(59392K)] 419359K->361983K(561152K), 0.0021506 secs] [Times: user=0.01 sys=0.00, real=0.00 secs] 
873.416: [GC (Allocation Failure) [PSYoungGen: 58720K->1376K(59392K)] 419327K->361983K(561152K), 0.0020796 secs] [Times: user=0.01 sys=0.00, real=0.00 secs] 
873.662: [GC (Allocation Failure) [PSYoungGen: 58720K->1408K(59392K)] 419327K->362015K(561152K), 0.0021898 secs] [Times: user=0.01 sys=0.00, real=0.01 secs] 
873.967: [GC (Allocation Failure) [PSYoungGen: 58752K->1437K(59392K)] 419359K->362044K(561152K), 0.0016042 secs] [Times: user=0.00 sys=0.01, real=0.00 secs] 
874.301: [GC (Allocation Failure) [PSYoungGen: 58781K->1613K(59392K)] 419388K->362236K(561152K), 0.0016132 secs] [Times: user=0.01 sys=0.00, real=0.00 secs] 
874.642: [GC (Allocation Failure) [PSYoungGen: 58957K->1581K(59392K)] 419580K->362204K(561152K), 0.0017363 secs] [Times: user=0.01 sys=0.00, real=0.01 secs] 
874.981: [GC (Allocation Failure) [PSYoungGen: 58925K->1533K(59392K)] 419548K->362156K(561152K), 0.0017117 secs] [Times: user=0.01 sys=0.00, real=0.00 secs] 
875.355: [GC (Allocation Failure) [PSYoungGen: 58877K->1568K(59392K)] 419500K->362191K(561152K), 0.0020254 secs] [Times: user=0.00 sys=0.00, real=0.00 secs] 
875.969: [GC (Allocation Failure) [PSYoungGen: 58912K->1376K(59392K)] 419535K->361999K(561152K), 0.0036821 secs] [Times: user=0.01 sys=0.00, real=0.00 secs] 
876.715: [GC (Allocation Failure) [PSYoungGen: 58720K->1376K(59392K)] 419343K->361999K(561152K), 0.0027135 secs] [Times: user=0.01 sys=0.01, real=0.00 secs] 
877.549: [GC (Allocation Failure) [PSYoungGen: 58720K->1344K(59392K)] 419343K->361967K(561152K), 0.0041936 secs] [Times: user=0.01 sys=0.00, real=0.01 secs] 
878.276: [GC (Allocation Failure) [PSYoungGen: 58688K->1344K(59392K)] 419311K->361967K(561152K), 0.0029468 secs] [Times: user=0.01 sys=0.01, real=0.00 secs] 
878.958: [GC (Allocation Failure) [PSYoungGen: 58664K->1469K(59392K)] 419287K->362092K(561152K), 0.0026736 secs] [Times: user=0.01 sys=0.00, real=0.00 secs] 
879.352: [GC (Allocation Failure) [PSYoungGen: 58813K->1581K(59392K)] 419436K->362220K(561152K), 0.0016873 secs] [Times: user=0.00 sys=0.00, real=0.01 secs] 
879.692: [GC (Allocation Failure) [PSYoungGen: 58925K->1549K(59392K)] 419564K->362188K(561152K), 0.0016751 secs] [Times: user=0.01 sys=0.00, real=0.01 secs] 
880.028: [GC (Allocation Failure) [PSYoungGen: 58893K->1549K(59392K)] 419532K->362188K(561152K), 0.0015893 secs] [Times: user=0.01 sys=0.00, real=0.00 secs] 
880.366: [GC (Allocation Failure) [PSYoungGen: 58893K->1549K(59392K)] 419532K->362188K(561152K), 0.0016890 secs] [Times: user=0.01 sys=0.00, real=0.00 secs] 
880.802: [GC (Allocation Failure) [PSYoungGen: 58893K->1440K(59392K)] 419532K->362079K(561152K), 0.0031815 secs] [Times: user=0.02 sys=0.00, real=0.01 secs] 
881.043: [GC (Allocation Failure) [PSYoungGen: 58784K->1376K(59392K)] 419423K->362015K(561152K), 0.0023199 secs] [Times: user=0.01 sys=0.00, real=0.00 secs] 
881.282: [GC (Allocation Failure) [PSYoungGen: 58720K->1440K(59392K)] 419359K->362079K(561152K), 0.0021531 secs] [Times: user=0.01 sys=0.00, real=0.01 secs] 
881.521: [GC (Allocation Failure) [PSYoungGen: 58784K->1376K(59392K)] 419423K->362015K(561152K), 0.0020891 secs] [Times: user=0.01 sys=0.00, real=0.00 secs] 
881.783: [GC (Allocation Failure) [PSYoungGen: 58720K->1501K(59392K)] 419359K->362156K(561152K), 0.0020290 secs] [Times: user=0.00 sys=0.00, real=0.01 secs] 
882.197: [GC (Allocation Failure) [PSYoungGen: 58845K->1520K(59392K)] 419500K->362191K(561152K), 0.0017923 secs] [Times: user=0.01 sys=0.00, real=0.00 secs] 
882.533: [GC (Allocation Failure) [PSYoungGen: 58864K->1488K(59392K)] 419535K->362159K(561152K), 0.0017522 secs] [Times: user=0.01 sys=0.00, real=0.01 secs] 
882.873: [GC (Allocation Failure) [PSYoungGen: 58832K->1581K(59392K)] 419503K->362252K(561152K), 0.0017934 secs] [Times: user=0.01 sys=0.00, real=0.00 secs] 
883.270: [GC (Allocation Failure) [PSYoungGen: 58925K->1517K(59392K)] 419596K->362188K(561152K), 0.0016816 secs] [Times: user=0.01 sys=0.00, real=0.00 secs] 
885.388: [GC (Allocation Failure) [PSYoungGen: 58861K->1376K(59392K)] 419532K->362047K(561152K), 0.0024398 secs] [Times: user=0.00 sys=0.00, real=0.00 secs] 
885.655: [GC (Allocation Failure) [PSYoungGen: 58720K->1376K(59392K)] 419391K->362047K(561152K), 0.0022192 secs] [Times: user=0.01 sys=0.01, real=0.00 secs] 
885.931: [GC (Allocation Failure) [PSYoungGen: 58720K->1376K(59392K)] 419391K->362047K(561152K), 0.0021671 secs] [Times: user=0.01 sys=0.00, real=0.00 secs] 
886.189: [GC (Allocation Failure) [PSYoungGen: 58720K->1344K(59392K)] 419391K->362015K(561152K), 0.0020416 secs] [Times: user=0.01 sys=0.00, real=0.00 secs] 
886.431: [GC (Allocation Failure) [PSYoungGen: 58688K->1408K(59392K)] 419359K->362079K(561152K), 0.0019814 secs] [Times: user=0.01 sys=0.00, real=0.00 secs] 
886.813: [GC (Allocation Failure) [PSYoungGen: 58752K->1501K(59392K)] 419423K->362172K(561152K), 0.0017066 secs] [Times: user=0.00 sys=0.00, real=0.00 secs] 
887.152: [GC (Allocation Failure) [PSYoungGen: 58845K->1549K(59392K)] 419516K->362228K(561152K), 0.0017054 secs] [Times: user=0.01 sys=0.00, real=0.01 secs] 
887.488: [GC (Allocation Failure) [PSYoungGen: 58880K->1552K(59392K)] 419559K->362231K(561152K), 0.0017648 secs] [Times: user=0.00 sys=0.00, real=0.00 secs] 
887.827: [GC (Allocation Failure) [PSYoungGen: 58896K->1613K(59392K)] 419575K->362292K(561152K), 0.0020874 secs] [Times: user=0.00 sys=0.00, real=0.00 secs] 
888.186: [GC (Allocation Failure) [PSYoungGen: 58957K->1408K(59392K)] 419636K->362087K(561152K), 0.0021802 secs] [Times: user=0.01 sys=0.00, real=0.00 secs] 
888.425: [GC (Allocation Failure) [PSYoungGen: 58752K->1344K(59392K)] 419431K->362023K(561152K), 0.0023108 secs] [Times: user=0.01 sys=0.00, real=0.00 secs] 
888.665: [GC (Allocation Failure) [PSYoungGen: 58688K->1344K(59392K)] 419367K->362023K(561152K), 0.0028723 secs] [Times: user=0.01 sys=0.00, real=0.00 secs] 
888.905: [GC (Allocation Failure) [PSYoungGen: 58688K->1376K(59392K)] 419367K->362055K(561152K), 0.0029249 secs] [Times: user=0.01 sys=0.00, real=0.00 secs] 
889.144: [GC (Allocation Failure) [PSYoungGen: 58720K->1344K(59392K)] 419399K->362023K(561152K), 0.0023473 secs] [Times: user=0.01 sys=0.00, real=0.00 secs] 
889.494: [GC (Allocation Failure) [PSYoungGen: 58688K->1485K(59392K)] 419367K->362164K(561152K), 0.0016152 secs] [Times: user=0.01 sys=0.00, real=0.00 secs] 
889.834: [GC (Allocation Failure) [PSYoungGen: 58829K->1549K(59392K)] 419508K->362252K(561152K), 0.0015810 secs] [Times: user=0.01 sys=0.00, real=0.00 secs] 
890.172: [GC (Allocation Failure) [PSYoungGen: 58893K->1581K(59392K)] 419596K->362284K(561152K), 0.0017299 secs] [Times: user=0.01 sys=0.00, real=0.01 secs] 
890.509: [GC (Allocation Failure) [PSYoungGen: 58907K->1613K(59392K)] 419611K->362316K(561152K), 0.0017302 secs] [Times: user=0.01 sys=0.00, real=0.00 secs] 
890.844: [GC (Allocation Failure) [PSYoungGen: 58957K->1504K(59392K)] 419660K->362207K(561152K), 0.0020077 secs] [Times: user=0.01 sys=0.00, real=0.00 secs] 
891.109: [GC (Allocation Failure) [PSYoungGen: 58848K->1376K(59392K)] 419551K->362079K(561152K), 0.0021366 secs] [Times: user=0.01 sys=0.00, real=0.00 secs] 
891.565: [GC (Allocation Failure) [PSYoungGen: 58720K->1344K(59392K)] 419423K->362047K(561152K), 0.0023586 secs] [Times: user=0.01 sys=0.00, real=0.00 secs] 
892.242: [GC (Allocation Failure) [PSYoungGen: 58688K->1424K(59392K)] 419391K->362127K(561152K), 0.0024333 secs] [Times: user=0.01 sys=0.00, real=0.01 secs] 
893.071: [GC (Allocation Failure) [PSYoungGen: 58768K->1440K(59392K)] 419471K->362143K(561152K), 0.0036232 secs] [Times: user=0.01 sys=0.00, real=0.01 secs] 
893.692: [GC (Allocation Failure) [PSYoungGen: 58784K->1501K(59392K)] 419487K->362204K(561152K), 0.0016156 secs] [Times: user=0.00 sys=0.00, real=0.01 secs] 
894.028: [GC (Allocation Failure) [PSYoungGen: 58845K->1517K(59392K)] 419548K->362236K(561152K), 0.0017617 secs] [Times: user=0.01 sys=0.00, real=0.00 secs] 
894.365: [GC (Allocation Failure) [PSYoungGen: 58861K->1581K(59392K)] 419580K->362300K(561152K), 0.0016212 secs] [Times: user=0.01 sys=0.00, real=0.00 secs] 
894.704: [GC (Allocation Failure) [PSYoungGen: 58925K->1533K(59392K)] 419644K->362252K(561152K), 0.0016354 secs] [Times: user=0.01 sys=0.00, real=0.00 secs] 
895.213: [GC (Allocation Failure) [PSYoungGen: 58877K->1488K(59392K)] 419596K->362207K(561152K), 0.0020256 secs] [Times: user=0.01 sys=0.00, real=0.01 secs] 
895.860: [GC (Allocation Failure) [PSYoungGen: 58832K->1408K(59392K)] 419551K->362127K(561152K), 0.0041089 secs] [Times: user=0.02 sys=0.00, real=0.01 secs] 
896.597: [GC (Allocation Failure) [PSYoungGen: 58752K->1408K(59392K)] 419471K->362127K(561152K), 0.0041735 secs] [Times: user=0.01 sys=0.00, real=0.00 secs] 
897.363: [GC (Allocation Failure) [PSYoungGen: 58752K->1408K(59392K)] 419471K->362127K(561152K), 0.0043952 secs] [Times: user=0.01 sys=0.01, real=0.01 secs] 
898.026: [GC (Allocation Failure) [PSYoungGen: 58752K->1408K(59392K)] 419471K->362127K(561152K), 0.0041025 secs] [Times: user=0.02 sys=0.00, real=0.00 secs] 
898.805: [GC (Allocation Failure) [PSYoungGen: 58752K->1485K(59392K)] 419471K->362204K(561152K), 0.0016814 secs] [Times: user=0.01 sys=0.00, real=0.00 secs] 
899.141: [GC (Allocation Failure) [PSYoungGen: 58829K->1533K(59392K)] 419548K->362268K(561152K), 0.0018097 secs] [Times: user=0.01 sys=0.01, real=0.00 secs] 
899.477: [GC (Allocation Failure) [PSYoungGen: 58877K->1549K(59392K)] 419612K->362284K(561152K), 0.0017872 secs] [Times: user=0.01 sys=0.00, real=0.00 secs] 
899.817: [GC (Allocation Failure) [PSYoungGen: 58893K->1581K(59392K)] 419628K->362316K(561152K), 0.0016213 secs] [Times: user=0.01 sys=0.00, real=0.00 secs] 
900.205: [GC (Allocation Failure) [PSYoungGen: 58925K->1504K(59392K)] 419660K->362239K(561152K), 0.0021353 secs] [Times: user=0.01 sys=0.00, real=0.00 secs] 
900.710: [GC (Allocation Failure) [PSYoungGen: 58848K->1408K(59392K)] 419583K->362143K(561152K), 0.0019605 secs] [Times: user=0.01 sys=0.00, real=0.00 secs] 
901.224: [GC (Allocation Failure) [PSYoungGen: 58752K->1344K(59392K)] 419487K->362079K(561152K), 0.0023774 secs] [Times: user=0.01 sys=0.00, real=0.00 secs] 
901.765: [GC (Allocation Failure) [PSYoungGen: 58688K->1344K(59392K)] 419423K->362079K(561152K), 0.0027477 secs] [Times: user=0.01 sys=0.00, real=0.00 secs] 
902.415: [GC (Allocation Failure) [PSYoungGen: 58688K->1376K(59392K)] 419423K->362111K(561152K), 0.0042879 secs] [Times: user=0.02 sys=0.00, real=0.00 secs] 
903.206: [GC (Allocation Failure) [PSYoungGen: 58720K->1517K(59392K)] 419455K->362252K(561152K), 0.0020180 secs] [Times: user=0.00 sys=0.00, real=0.00 secs] 
903.556: [GC (Allocation Failure) [PSYoungGen: 58861K->1520K(59392K)] 419596K->362279K(561152K), 0.0017060 secs] [Times: user=0.00 sys=0.00, real=0.00 secs] 
903.892: [GC (Allocation Failure) [PSYoungGen: 58864K->1549K(59392K)] 419623K->362308K(561152K), 0.0016787 secs] [Times: user=0.01 sys=0.00, real=0.01 secs] 
904.231: [GC (Allocation Failure) [PSYoungGen: 58893K->1584K(59392K)] 419652K->362343K(561152K), 0.0016883 secs] [Times: user=0.00 sys=0.00, real=0.00 secs] 
904.737: [GC (Allocation Failure) [PSYoungGen: 58928K->1760K(59392K)] 419687K->362519K(561152K), 0.0021493 secs] [Times: user=0.01 sys=0.00, real=0.00 secs] 
905.853: [GC (Allocation Failure) [PSYoungGen: 59104K->1408K(59392K)] 419863K->362167K(561152K), 0.0020632 secs] [Times: user=0.01 sys=0.00, real=0.01 secs] 
906.091: [GC (Allocation Failure) [PSYoungGen: 58752K->1392K(59392K)] 419511K->362151K(561152K), 0.0021536 secs] [Times: user=0.01 sys=0.00, real=0.01 secs] 
906.351: [GC (Allocation Failure) [PSYoungGen: 58736K->1376K(59392K)] 419495K->362135K(561152K), 0.0019532 secs] [Times: user=0.01 sys=0.00, real=0.00 secs] 
906.793: [GC (Allocation Failure) [PSYoungGen: 58720K->1440K(59392K)] 419479K->362199K(561152K), 0.0020668 secs] [Times: user=0.01 sys=0.00, real=0.00 secs] 
907.295: [GC (Allocation Failure) [PSYoungGen: 58784K->1469K(59392K)] 419543K->362228K(561152K), 0.0021183 secs] [Times: user=0.01 sys=0.00, real=0.00 secs] 
907.639: [GC (Allocation Failure) [PSYoungGen: 58813K->1581K(59392K)] 419572K->362348K(561152K), 0.0017334 secs] [Times: user=0.00 sys=0.00, real=0.00 secs] 
907.975: [GC (Allocation Failure) [PSYoungGen: 58925K->1549K(59392K)] 419692K->362316K(561152K), 0.0016764 secs] [Times: user=0.01 sys=0.00, real=0.00 secs] 
908.308: [GC (GCLocker Initiated GC) [PSYoungGen: 58893K->1488K(59392K)] 419660K->362255K(561152K), 0.0018946 secs] [Times: user=0.00 sys=0.00, real=0.00 secs] 
908.713: [GC (Allocation Failure) [PSYoungGen: 58832K->1501K(59392K)] 420848K->363517K(561152K), 0.0017031 secs] [Times: user=0.01 sys=0.00, real=0.01 secs] 
909.062: [GC (Allocation Failure) [PSYoungGen: 58845K->1472K(59392K)] 420861K->363488K(561152K), 0.0021843 secs] [Times: user=0.01 sys=0.00, real=0.01 secs] 
909.319: [GC (Allocation Failure) [PSYoungGen: 58816K->1408K(59392K)] 420832K->363424K(561152K), 0.0023623 secs] [Times: user=0.01 sys=0.00, real=0.00 secs] 
909.563: [GC (Allocation Failure) [PSYoungGen: 58752K->1392K(59392K)] 420768K->363408K(561152K), 0.0021594 secs] [Times: user=0.01 sys=0.00, real=0.01 secs] 
910.051: [GC (Allocation Failure) [PSYoungGen: 58736K->1408K(59392K)] 420752K->363424K(561152K), 0.0024120 secs] [Times: user=0.01 sys=0.00, real=0.01 secs] 
910.738: [GC (Allocation Failure) [PSYoungGen: 58752K->1501K(59392K)] 420768K->363517K(561152K), 0.0024799 secs] [Times: user=0.02 sys=0.00, real=0.00 secs] 
911.121: [GC (Allocation Failure) [PSYoungGen: 58845K->1597K(59392K)] 420861K->363637K(561152K), 0.0017413 secs] [Times: user=0.01 sys=0.00, real=0.00 secs] 
911.521: [GC (Allocation Failure) [PSYoungGen: 58941K->1597K(59392K)] 420981K->363653K(561152K), 0.0016722 secs] [Times: user=0.00 sys=0.00, real=0.00 secs] 
911.915: [GC (Allocation Failure) [PSYoungGen: 58941K->1597K(59392K)] 420997K->363653K(561152K), 0.0017779 secs] [Times: user=0.01 sys=0.00, real=0.00 secs] 
912.253: [GC (Allocation Failure) [PSYoungGen: 58941K->1565K(59392K)] 420997K->363621K(561152K), 0.0018087 secs] [Times: user=0.01 sys=0.00, real=0.00 secs] 
912.594: [GC (Allocation Failure) [PSYoungGen: 58909K->1440K(59392K)] 420965K->363496K(561152K), 0.0030678 secs] [Times: user=0.01 sys=0.00, real=0.00 secs] 
912.831: [GC (Allocation Failure) [PSYoungGen: 58784K->1376K(59392K)] 420840K->363488K(561152K), 0.0023607 secs] [Times: user=0.01 sys=0.00, real=0.01 secs] 
913.070: [GC (Allocation Failure) [PSYoungGen: 58720K->1408K(59392K)] 420832K->363520K(561152K), 0.0021633 secs] [Times: user=0.01 sys=0.00, real=0.00 secs] 
913.309: [GC (Allocation Failure) [PSYoungGen: 58752K->1408K(59392K)] 420864K->363520K(561152K), 0.0021407 secs] [Times: user=0.01 sys=0.00, real=0.00 secs] 
913.547: [GC (Allocation Failure) [PSYoungGen: 58752K->1408K(59392K)] 420864K->363520K(561152K), 0.0020756 secs] [Times: user=0.01 sys=0.00, real=0.00 secs] 
913.912: [GC (Allocation Failure) [PSYoungGen: 58752K->1533K(59392K)] 420864K->363661K(561152K), 0.0017351 secs] [Times: user=0.00 sys=0.00, real=0.01 secs] 
914.308: [GC (Allocation Failure) [PSYoungGen: 58877K->1533K(59392K)] 421005K->363669K(561152K), 0.0016432 secs] [Times: user=0.00 sys=0.00, real=0.00 secs] 
914.710: [GC (Allocation Failure) [PSYoungGen: 58877K->1597K(59392K)] 421013K->363733K(561152K), 0.0017996 secs] [Times: user=0.01 sys=0.00, real=0.00 secs] 
915.050: [GC (Allocation Failure) [PSYoungGen: 58924K->1597K(59392K)] 421061K->363733K(561152K), 0.0018224 secs] [Times: user=0.01 sys=0.00, real=0.00 secs] 
916.008: [GC (Allocation Failure) [PSYoungGen: 58941K->1440K(59392K)] 421077K->363576K(561152K), 0.0040682 secs] [Times: user=0.02 sys=0.00, real=0.00 secs] 
916.487: [GC (Allocation Failure) [PSYoungGen: 58784K->1376K(59392K)] 420920K->363520K(561152K), 0.0040137 secs] [Times: user=0.02 sys=0.00, real=0.00 secs] 
917.053: [GC (Allocation Failure) [PSYoungGen: 58720K->1408K(59392K)] 420864K->363552K(561152K), 0.0040385 secs] [Times: user=0.02 sys=0.00, real=0.01 secs] 
917.556: [GC (Allocation Failure) [PSYoungGen: 58752K->1376K(59392K)] 420896K->363520K(561152K), 0.0027873 secs] [Times: user=0.02 sys=0.00, real=0.00 secs] 
917.908: [GC (Allocation Failure) [PSYoungGen: 58720K->1344K(59392K)] 420864K->363488K(561152K), 0.0024974 secs] [Times: user=0.01 sys=0.01, real=0.00 secs] 
918.313: [GC (Allocation Failure) [PSYoungGen: 58688K->1520K(59392K)] 420832K->363664K(561152K), 0.0016096 secs] [Times: user=0.00 sys=0.00, real=0.00 secs] 
918.655: [GC (Allocation Failure) [PSYoungGen: 58864K->1565K(59392K)] 421008K->363717K(561152K), 0.0016524 secs] [Times: user=0.01 sys=0.00, real=0.00 secs] 
918.995: [GC (Allocation Failure) [PSYoungGen: 58909K->1533K(59392K)] 421061K->363685K(561152K), 0.0017584 secs] [Times: user=0.01 sys=0.00, real=0.00 secs] 
919.387: [GC (Allocation Failure) [PSYoungGen: 58877K->1565K(59392K)] 421029K->363717K(561152K), 0.0016383 secs] [Times: user=0.01 sys=0.00, real=0.00 secs] 
920.013: [GC (Allocation Failure) [PSYoungGen: 58909K->1504K(59392K)] 421061K->363656K(561152K), 0.0027997 secs] [Times: user=0.01 sys=0.00, real=0.00 secs] 
920.520: [GC (Allocation Failure) [PSYoungGen: 58848K->1344K(59392K)] 421000K->363496K(561152K), 0.0029240 secs] [Times: user=0.01 sys=0.00, real=0.00 secs] 
921.073: [GC (Allocation Failure) [PSYoungGen: 58688K->1376K(59392K)] 420840K->363528K(561152K), 0.0031217 secs] [Times: user=0.02 sys=0.00, real=0.00 secs] 
921.732: [GC (Allocation Failure) [PSYoungGen: 58720K->1376K(59392K)] 420872K->363528K(561152K), 0.0029548 secs] [Times: user=0.01 sys=0.01, real=0.01 secs] 
922.239: [GC (Allocation Failure) [PSYoungGen: 58720K->1376K(59392K)] 420872K->363528K(561152K), 0.0034574 secs] [Times: user=0.01 sys=0.00, real=0.00 secs] 
922.813: [GC (Allocation Failure) [PSYoungGen: 58720K->1501K(59392K)] 420872K->363669K(561152K), 0.0015418 secs] [Times: user=0.01 sys=0.00, real=0.00 secs] 
923.150: [GC (Allocation Failure) [PSYoungGen: 58845K->1565K(59392K)] 421013K->363741K(561152K), 0.0016592 secs] [Times: user=0.00 sys=0.00, real=0.00 secs] 
923.485: [GC (Allocation Failure) [PSYoungGen: 58909K->1533K(59392K)] 421085K->363709K(561152K), 0.0017699 secs] [Times: user=0.00 sys=0.01, real=0.00 secs] 
923.890: [GC (Allocation Failure) [PSYoungGen: 58877K->1581K(59392K)] 421053K->363757K(561152K), 0.0017615 secs] [Times: user=0.01 sys=0.00, real=0.00 secs] 
924.599: [GC (Allocation Failure) [PSYoungGen: 58925K->1472K(59392K)] 421101K->363648K(561152K), 0.0023819 secs] [Times: user=0.01 sys=0.00, real=0.00 secs] 
924.875: [GC (Allocation Failure) [PSYoungGen: 58816K->1424K(59392K)] 420992K->363600K(561152K), 0.0023886 secs] [Times: user=0.00 sys=0.00, real=0.00 secs] 
925.114: [GC (Allocation Failure) [PSYoungGen: 58768K->1376K(59392K)] 420944K->363552K(561152K), 0.0021334 secs] [Times: user=0.01 sys=0.00, real=0.00 secs] 
925.353: [GC (Allocation Failure) [PSYoungGen: 58720K->1376K(59392K)] 420896K->363552K(561152K), 0.0021065 secs] [Times: user=0.01 sys=0.00, real=0.01 secs] 
925.591: [GC (Allocation Failure) [PSYoungGen: 58720K->1408K(59392K)] 420896K->363584K(561152K), 0.0021327 secs] [Times: user=0.00 sys=0.00, real=0.01 secs] 
925.917: [GC (Allocation Failure) [PSYoungGen: 58752K->1533K(59392K)] 420928K->363709K(561152K), 0.0017650 secs] [Times: user=0.01 sys=0.00, real=0.00 secs] 
926.253: [GC (Allocation Failure) [PSYoungGen: 58877K->1597K(59392K)] 421053K->363781K(561152K), 0.0017100 secs] [Times: user=0.00 sys=0.00, real=0.00 secs] 
926.651: [GC (Allocation Failure) [PSYoungGen: 58941K->1568K(59392K)] 421125K->363752K(561152K), 0.0018548 secs] [Times: user=0.01 sys=0.00, real=0.00 secs] 
926.987: [GC (Allocation Failure) [PSYoungGen: 58912K->1533K(59392K)] 421096K->363717K(561152K), 0.0016740 secs] [Times: user=0.01 sys=0.00, real=0.00 secs] 
927.414: [GC (Allocation Failure) [PSYoungGen: 58877K->1456K(59392K)] 421061K->363640K(561152K), 0.0023767 secs] [Times: user=0.01 sys=0.00, real=0.00 secs] 
927.659: [GC (Allocation Failure) [PSYoungGen: 58800K->1424K(59392K)] 420984K->363608K(561152K), 0.0022532 secs] [Times: user=0.01 sys=0.00, real=0.00 secs] 
928.004: [GC (Allocation Failure) [PSYoungGen: 58768K->1408K(59392K)] 420952K->363592K(561152K), 0.0021578 secs] [Times: user=0.01 sys=0.00, real=0.00 secs] 
928.262: [GC (Allocation Failure) [PSYoungGen: 58752K->1408K(59392K)] 420936K->363592K(561152K), 0.0021868 secs] [Times: user=0.01 sys=0.00, real=0.01 secs] 
928.504: [GC (Allocation Failure) [PSYoungGen: 58752K->1408K(59392K)] 420936K->363592K(561152K), 0.0021359 secs] [Times: user=0.01 sys=0.00, real=0.00 secs] 
928.814: [GC (Allocation Failure) [PSYoungGen: 58752K->1485K(59392K)] 420936K->363669K(561152K), 0.0040924 secs] [Times: user=0.02 sys=0.00, real=0.00 secs] 
929.157: [GC (Allocation Failure) [PSYoungGen: 58829K->1565K(59392K)] 421013K->363757K(561152K), 0.0016979 secs] [Times: user=0.00 sys=0.00, real=0.00 secs] 
929.494: [GC (Allocation Failure) [PSYoungGen: 58909K->1581K(59392K)] 421101K->363805K(561152K), 0.0016691 secs] [Times: user=0.01 sys=0.00, real=0.00 secs] 
929.894: [GC (Allocation Failure) [PSYoungGen: 58925K->1565K(59392K)] 421149K->363789K(561152K), 0.0018218 secs] [Times: user=0.01 sys=0.00, real=0.00 secs] 
930.258: [GC (Allocation Failure) [PSYoungGen: 58909K->2016K(59392K)] 421133K->364240K(561152K), 0.0020720 secs] [Times: user=0.01 sys=0.00, real=0.00 secs] 
930.496: [GC (Allocation Failure) [PSYoungGen: 59360K->1408K(59392K)] 421584K->363632K(561152K), 0.0023290 secs] [Times: user=0.01 sys=0.00, real=0.00 secs] 
930.735: [GC (Allocation Failure) [PSYoungGen: 58752K->1376K(59392K)] 420976K->363600K(561152K), 0.0022069 secs] [Times: user=0.01 sys=0.00, real=0.00 secs] 
931.030: [GC (Allocation Failure) [PSYoungGen: 58720K->1344K(59392K)] 420944K->363568K(561152K), 0.0022404 secs] [Times: user=0.01 sys=0.00, real=0.00 secs] 
931.433: [GC (Allocation Failure) [PSYoungGen: 58688K->1344K(59392K)] 420912K->363568K(561152K), 0.0022396 secs] [Times: user=0.01 sys=0.00, real=0.00 secs] 
931.898: [GC (Allocation Failure) [PSYoungGen: 58688K->1501K(59392K)] 420912K->363725K(561152K), 0.0019683 secs] [Times: user=0.01 sys=0.00, real=0.00 secs] 
932.234: [GC (Allocation Failure) [PSYoungGen: 58845K->1565K(59392K)] 421069K->363797K(561152K), 0.0017093 secs] [Times: user=0.00 sys=0.00, real=0.00 secs] 
932.572: [GC (Allocation Failure) [PSYoungGen: 58909K->1565K(59392K)] 421141K->363797K(561152K), 0.0017024 secs] [Times: user=0.00 sys=0.00, real=0.01 secs] 
932.909: [GC (Allocation Failure) [PSYoungGen: 58909K->1549K(59392K)] 421141K->363781K(561152K), 0.0017113 secs] [Times: user=0.01 sys=0.00, real=0.00 secs] 
933.250: [GC (Allocation Failure) [PSYoungGen: 58893K->1565K(59392K)] 421125K->363797K(561152K), 0.0016348 secs] [Times: user=0.01 sys=0.00, real=0.00 secs] 
933.540: [GC (Allocation Failure) [PSYoungGen: 58909K->1408K(59392K)] 421141K->363648K(561152K), 0.0019833 secs] [Times: user=0.01 sys=0.00, real=0.00 secs] 
933.844: [GC (Allocation Failure) [PSYoungGen: 58752K->1376K(59392K)] 420992K->363616K(561152K), 0.0020033 secs] [Times: user=0.01 sys=0.00, real=0.00 secs] 
934.109: [GC (Allocation Failure) [PSYoungGen: 58720K->1440K(59392K)] 420960K->363680K(561152K), 0.0020791 secs] [Times: user=0.01 sys=0.00, real=0.00 secs] 
934.473: [GC (Allocation Failure) [PSYoungGen: 58784K->1440K(59392K)] 421024K->363680K(561152K), 0.0021182 secs] [Times: user=0.01 sys=0.00, real=0.00 secs] 
934.948: [GC (Allocation Failure) [PSYoungGen: 58784K->1501K(59392K)] 421024K->363741K(561152K), 0.0020896 secs] [Times: user=0.01 sys=0.00, real=0.00 secs] 
935.295: [GC (Allocation Failure) [PSYoungGen: 58845K->1629K(59392K)] 421085K->363885K(561152K), 0.0016578 secs] [Times: user=0.01 sys=0.00, real=0.00 secs] 
935.630: [GC (Allocation Failure) [PSYoungGen: 58973K->1629K(59392K)] 421229K->363885K(561152K), 0.0017403 secs] [Times: user=0.01 sys=0.00, real=0.00 secs] 
935.970: [GC (Allocation Failure) [PSYoungGen: 58973K->1629K(59392K)] 421229K->363885K(561152K), 0.0017162 secs] [Times: user=0.00 sys=0.00, real=0.00 secs] 
936.307: [GC (Allocation Failure) [PSYoungGen: 58973K->1629K(59392K)] 421229K->363885K(561152K), 0.0016279 secs] [Times: user=0.00 sys=0.00, real=0.00 secs] 
936.929: [GC (Allocation Failure) [PSYoungGen: 58973K->1472K(59392K)] 421229K->363728K(561152K), 0.0019620 secs] [Times: user=0.01 sys=0.00, real=0.00 secs] 
937.419: [GC (Allocation Failure) [PSYoungGen: 58816K->1408K(59392K)] 421072K->363664K(561152K), 0.0041505 secs] [Times: user=0.02 sys=0.00, real=0.00 secs] 
937.763: [GC (Allocation Failure) [PSYoungGen: 58752K->1440K(59392K)] 421008K->363696K(561152K), 0.0022185 secs] [Times: user=0.01 sys=0.00, real=0.01 secs] 
938.021: [GC (Allocation Failure) [PSYoungGen: 58784K->1440K(59392K)] 421040K->363696K(561152K), 0.0021759 secs] [Times: user=0.01 sys=0.00, real=0.01 secs] 
938.259: [GC (Allocation Failure) [PSYoungGen: 58784K->1440K(59392K)] 421040K->363696K(561152K), 0.0020602 secs] [Times: user=0.01 sys=0.00, real=0.00 secs] 
938.624: [GC (Allocation Failure) [PSYoungGen: 58784K->1629K(59392K)] 421040K->363885K(561152K), 0.0017320 secs] [Times: user=0.01 sys=0.00, real=0.00 secs] 
938.962: [GC (Allocation Failure) [PSYoungGen: 58973K->1597K(59392K)] 421229K->363885K(561152K), 0.0016704 secs] [Times: user=0.00 sys=0.00, real=0.01 secs] 
939.308: [GC (Allocation Failure) [PSYoungGen: 58941K->1565K(59392K)] 421229K->363853K(561152K), 0.0016586 secs] [Times: user=0.01 sys=0.00, real=0.00 secs] 
939.644: [GC (Allocation Failure) [PSYoungGen: 58909K->1597K(59392K)] 421197K->363885K(561152K), 0.0016038 secs] [Times: user=0.01 sys=0.00, real=0.00 secs] 
940.271: [GC (Allocation Failure) [PSYoungGen: 58941K->1408K(59392K)] 421229K->363696K(561152K), 0.0024594 secs] [Times: user=0.01 sys=0.00, real=0.01 secs] 
940.649: [GC (Allocation Failure) [PSYoungGen: 58752K->1408K(59392K)] 421040K->363712K(561152K), 0.0021136 secs] [Times: user=0.01 sys=0.00, real=0.00 secs] 
940.966: [GC (Allocation Failure) [PSYoungGen: 58752K->1408K(59392K)] 421056K->363712K(561152K), 0.0021500 secs] [Times: user=0.01 sys=0.00, real=0.00 secs] 
941.309: [GC (Allocation Failure) [PSYoungGen: 58752K->1376K(59392K)] 421056K->363680K(561152K), 0.0035341 secs] [Times: user=0.01 sys=0.00, real=0.00 secs] 
941.737: [GC (Allocation Failure) [PSYoungGen: 58720K->1344K(59392K)] 421024K->363648K(561152K), 0.0023765 secs] [Times: user=0.01 sys=0.00, real=0.00 secs] 
942.177: [GC (Allocation Failure) [PSYoungGen: 58688K->1469K(59392K)] 420992K->363773K(561152K), 0.0016497 secs] [Times: user=0.01 sys=0.00, real=0.00 secs] 
942.512: [GC (Allocation Failure) [PSYoungGen: 58813K->1533K(59392K)] 421117K->363853K(561152K), 0.0017040 secs] [Times: user=0.00 sys=0.00, real=0.01 secs] 
942.851: [GC (Allocation Failure) [PSYoungGen: 58877K->1565K(59392K)] 421197K->363885K(561152K), 0.0017327 secs] [Times: user=0.01 sys=0.00, real=0.00 secs] 
943.192: [GC (Allocation Failure) [PSYoungGen: 58909K->1565K(59392K)] 421229K->363885K(561152K), 0.0017503 secs] [Times: user=0.00 sys=0.00, real=0.01 secs] 
943.515: [GC (Allocation Failure) [PSYoungGen: 58909K->1472K(59392K)] 421229K->363800K(561152K), 0.0020391 secs] [Times: user=0.01 sys=0.00, real=0.00 secs] 
943.753: [GC (Allocation Failure) [PSYoungGen: 58816K->1376K(59392K)] 421144K->363704K(561152K), 0.0019996 secs] [Times: user=0.01 sys=0.00, real=0.00 secs] 
943.991: [GC (Allocation Failure) [PSYoungGen: 58720K->1376K(59392K)] 421048K->363704K(561152K), 0.0020148 secs] [Times: user=0.01 sys=0.00, real=0.01 secs] 
944.229: [GC (Allocation Failure) [PSYoungGen: 58720K->1376K(59392K)] 421048K->363704K(561152K), 0.0021239 secs] [Times: user=0.01 sys=0.00, real=0.00 secs] 
944.654: [GC (Allocation Failure) [PSYoungGen: 58720K->1408K(59392K)] 421048K->363736K(561152K), 0.0021897 secs] [Times: user=0.01 sys=0.00, real=0.00 secs] 
945.137: [GC (Allocation Failure) [PSYoungGen: 58752K->1501K(59392K)] 421080K->363829K(561152K), 0.0016194 secs] [Times: user=0.01 sys=0.00, real=0.00 secs] 
945.477: [GC (Allocation Failure) [PSYoungGen: 58845K->1581K(59392K)] 421173K->363925K(561152K), 0.0017196 secs] [Times: user=0.01 sys=0.00, real=0.00 secs] 
945.814: [GC (Allocation Failure) [PSYoungGen: 58925K->1504K(59392K)] 421269K->363848K(561152K), 0.0017427 secs] [Times: user=0.01 sys=0.00, real=0.00 secs] 
946.151: [GC (Allocation Failure) [PSYoungGen: 58848K->1581K(59392K)] 421192K->363925K(561152K), 0.0017394 secs] [Times: user=0.01 sys=0.00, real=0.00 secs] 
946.636: [GC (Allocation Failure) [PSYoungGen: 58925K->1472K(59392K)] 421269K->363816K(561152K), 0.0020980 secs] [Times: user=0.01 sys=0.00, real=0.00 secs] 
947.151: [GC (Allocation Failure) [PSYoungGen: 58816K->1376K(59392K)] 421160K->363720K(561152K), 0.0020780 secs] [Times: user=0.01 sys=0.00, real=0.01 secs] 
947.659: [GC (Allocation Failure) [PSYoungGen: 58720K->1408K(59392K)] 421064K->363752K(561152K), 0.0032082 secs] [Times: user=0.01 sys=0.00, real=0.00 secs] 
948.031: [GC (Allocation Failure) [PSYoungGen: 58752K->1376K(59392K)] 421096K->363720K(561152K), 0.0022502 secs] [Times: user=0.01 sys=0.00, real=0.01 secs] 
948.270: [GC (Allocation Failure) [PSYoungGen: 58720K->1408K(59392K)] 421064K->363752K(561152K), 0.0022425 secs] [Times: user=0.01 sys=0.00, real=0.00 secs] 
948.596: [GC (Allocation Failure) [PSYoungGen: 58752K->1549K(59392K)] 421096K->363893K(561152K), 0.0016459 secs] [Times: user=0.01 sys=0.00, real=0.00 secs] 
948.933: [GC (Allocation Failure) [PSYoungGen: 58893K->1597K(59392K)] 421237K->363965K(561152K), 0.0018204 secs] [Times: user=0.01 sys=0.00, real=0.01 secs] 
949.327: [GC (Allocation Failure) [PSYoungGen: 58941K->1565K(59392K)] 421309K->363933K(561152K), 0.0016553 secs] [Times: user=0.00 sys=0.00, real=0.00 secs] 
949.738: [GC (Allocation Failure) [PSYoungGen: 58909K->1597K(59392K)] 421277K->363965K(561152K), 0.0018527 secs] [Times: user=0.00 sys=0.00, real=0.00 secs] 
950.343: [GC (Allocation Failure) [PSYoungGen: 58941K->1472K(59392K)] 421309K->363848K(561152K), 0.0040430 secs] [Times: user=0.01 sys=0.00, real=0.00 secs] 
951.781: [GC (Allocation Failure) [PSYoungGen: 58816K->1424K(59392K)] 421192K->363800K(561152K), 0.0044606 secs] [Times: user=0.02 sys=0.00, real=0.01 secs] 
952.798: [GC (Allocation Failure) [PSYoungGen: 58768K->1440K(59392K)] 421144K->363840K(561152K), 0.0044750 secs] [Times: user=0.02 sys=0.00, real=0.00 secs] 
953.576: [GC (Allocation Failure) [PSYoungGen: 58784K->1408K(59392K)] 421184K->363808K(561152K), 0.0041306 secs] [Times: user=0.02 sys=0.01, real=0.00 secs] 
953.835: [GC (Allocation Failure) [PSYoungGen: 58752K->1376K(59392K)] 421152K->363776K(561152K), 0.0022076 secs] [Times: user=0.01 sys=0.00, real=0.00 secs] 
954.188: [GC (Allocation Failure) [PSYoungGen: 58720K->1501K(59392K)] 421120K->363901K(561152K), 0.0016593 secs] [Times: user=0.00 sys=0.00, real=0.00 secs] 
954.525: [GC (Allocation Failure) [PSYoungGen: 58845K->1613K(59392K)] 421245K->364029K(561152K), 0.0018423 secs] [Times: user=0.01 sys=0.00, real=0.00 secs] 
954.862: [GC (Allocation Failure) [PSYoungGen: 58957K->1581K(59392K)] 421373K->363997K(561152K), 0.0017211 secs] [Times: user=0.01 sys=0.00, real=0.01 secs] 
955.204: [GC (Allocation Failure) [PSYoungGen: 58925K->1549K(59392K)] 421341K->363965K(561152K), 0.0016454 secs] [Times: user=0.01 sys=0.00, real=0.00 secs] 
955.566: [GC (Allocation Failure) [PSYoungGen: 58893K->2016K(59392K)] 421309K->364432K(561152K), 0.0020538 secs] [Times: user=0.01 sys=0.00, real=0.00 secs] 
956.049: [GC (Allocation Failure) [PSYoungGen: 59360K->1408K(59392K)] 421776K->363824K(561152K), 0.0020797 secs] [Times: user=0.01 sys=0.00, real=0.00 secs] 
956.424: [GC (Allocation Failure) [PSYoungGen: 58752K->1408K(59392K)] 421168K->363824K(561152K), 0.0031486 secs] [Times: user=0.02 sys=0.00, real=0.00 secs] 
956.670: [GC (Allocation Failure) [PSYoungGen: 58752K->1392K(59392K)] 421168K->363808K(561152K), 0.0023756 secs] [Times: user=0.01 sys=0.00, real=0.00 secs] 
956.908: [GC (Allocation Failure) [PSYoungGen: 58736K->1376K(59392K)] 421152K->363792K(561152K), 0.0022791 secs] [Times: user=0.00 sys=0.00, real=0.00 secs] 
957.207: [GC (Allocation Failure) [PSYoungGen: 58720K->1536K(59392K)] 421136K->363952K(561152K), 0.0016178 secs] [Times: user=0.01 sys=0.00, real=0.00 secs] 
957.541: [GC (Allocation Failure) [PSYoungGen: 58880K->1565K(59392K)] 421296K->364005K(561152K), 0.0016513 secs] [Times: user=0.01 sys=0.00, real=0.00 secs] 
957.880: [GC (Allocation Failure) [PSYoungGen: 58909K->1613K(59392K)] 421349K->364053K(561152K), 0.0016896 secs] [Times: user=0.01 sys=0.00, real=0.00 secs] 
958.217: [GC (Allocation Failure) [PSYoungGen: 58957K->1533K(59392K)] 421397K->363973K(561152K), 0.0016727 secs] [Times: user=0.01 sys=0.00, real=0.00 secs] 
958.556: [GC (Allocation Failure) [PSYoungGen: 58877K->1533K(59392K)] 421317K->363973K(561152K), 0.0017070 secs] [Times: user=0.00 sys=0.00, real=0.00 secs] 
959.296: [GC (Allocation Failure) [PSYoungGen: 58877K->1472K(59392K)] 421317K->363920K(561152K), 0.0021059 secs] [Times: user=0.01 sys=0.01, real=0.00 secs] 
959.641: [GC (Allocation Failure) [PSYoungGen: 58816K->1376K(59392K)] 421264K->363824K(561152K), 0.0036366 secs] [Times: user=0.00 sys=0.00, real=0.01 secs] 
959.877: [GC (Allocation Failure) [PSYoungGen: 58720K->1376K(59392K)] 421168K->363824K(561152K), 0.0021641 secs] [Times: user=0.01 sys=0.00, real=0.00 secs] 
960.115: [GC (Allocation Failure) [PSYoungGen: 58720K->1408K(59392K)] 421168K->363872K(561152K), 0.0021133 secs] [Times: user=0.01 sys=0.00, real=0.00 secs] 
960.410: [GC (Allocation Failure) [PSYoungGen: 58752K->1485K(59392K)] 421216K->363949K(561152K), 0.0023265 secs] [Times: user=0.00 sys=0.00, real=0.00 secs] 
960.851: [GC (Allocation Failure) [PSYoungGen: 58829K->1581K(59392K)] 421293K->364053K(561152K), 0.0017045 secs] [Times: user=0.01 sys=0.00, real=0.00 secs] 
961.189: [GC (Allocation Failure) [PSYoungGen: 58925K->1565K(59392K)] 421397K->364037K(561152K), 0.0016811 secs] [Times: user=0.01 sys=0.00, real=0.00 secs] 
961.526: [GC (Allocation Failure) [PSYoungGen: 58909K->1565K(59392K)] 421381K->364037K(561152K), 0.0017237 secs] [Times: user=0.01 sys=0.00, real=0.00 secs] 
961.865: [GC (Allocation Failure) [PSYoungGen: 58909K->1568K(59392K)] 421381K->364040K(561152K), 0.0016984 secs] [Times: user=0.00 sys=0.00, real=0.00 secs] 
962.292: [GC (Allocation Failure) [PSYoungGen: 58912K->1472K(59392K)] 421384K->363952K(561152K), 0.0034079 secs] [Times: user=0.01 sys=0.00, real=0.01 secs] 
962.528: [GC (Allocation Failure) [PSYoungGen: 58816K->1408K(59392K)] 421296K->363888K(561152K), 0.0021794 secs] [Times: user=0.01 sys=0.00, real=0.00 secs] 
962.796: [GC (Allocation Failure) [PSYoungGen: 58752K->1376K(59392K)] 421232K->363856K(561152K), 0.0021349 secs] [Times: user=0.01 sys=0.00, real=0.00 secs] 
963.034: [GC (Allocation Failure) [PSYoungGen: 58720K->1408K(59392K)] 421200K->363888K(561152K), 0.0020275 secs] [Times: user=0.01 sys=0.00, real=0.00 secs] 
963.323: [GC (Allocation Failure) [PSYoungGen: 58752K->1376K(59392K)] 421232K->363856K(561152K), 0.0019750 secs] [Times: user=0.01 sys=0.00, real=0.01 secs] 
963.728: [GC (Allocation Failure) [PSYoungGen: 58704K->1581K(59392K)] 421184K->364061K(561152K), 0.0017395 secs] [Times: user=0.00 sys=0.00, real=0.00 secs] 
964.123: [GC (Allocation Failure) [PSYoungGen: 58925K->1581K(59392K)] 421405K->364069K(561152K), 0.0018179 secs] [Times: user=0.01 sys=0.00, real=0.01 secs] 
964.523: [GC (Allocation Failure) [PSYoungGen: 58925K->1565K(59392K)] 421413K->364053K(561152K), 0.0017442 secs] [Times: user=0.01 sys=0.00, real=0.01 secs] 
964.860: [GC (Allocation Failure) [PSYoungGen: 58887K->1597K(59392K)] 421376K->364085K(561152K), 0.0017632 secs] [Times: user=0.00 sys=0.00, real=0.00 secs] 
965.351: [GC (Allocation Failure) [PSYoungGen: 58941K->1408K(59392K)] 421429K->363896K(561152K), 0.0024634 secs] [Times: user=0.01 sys=0.00, real=0.01 secs] 
965.582: [GC (Allocation Failure) [PSYoungGen: 58752K->1408K(59392K)] 421240K->363896K(561152K), 0.0021263 secs] [Times: user=0.01 sys=0.00, real=0.01 secs] 
965.826: [GC (Allocation Failure) [PSYoungGen: 58752K->1408K(59392K)] 421240K->363896K(561152K), 0.0023084 secs] [Times: user=0.01 sys=0.00, real=0.00 secs] 
966.091: [GC (Allocation Failure) [PSYoungGen: 58752K->1440K(59392K)] 421240K->363928K(561152K), 0.0019619 secs] [Times: user=0.01 sys=0.00, real=0.01 secs] 
966.356: [GC (Allocation Failure) [PSYoungGen: 58784K->1424K(59392K)] 421272K->363912K(561152K), 0.0020732 secs] [Times: user=0.01 sys=0.00, real=0.00 secs] 
966.724: [GC (Allocation Failure) [PSYoungGen: 58768K->1533K(59392K)] 421256K->364021K(561152K), 0.0016927 secs] [Times: user=0.01 sys=0.00, real=0.00 secs] 
967.060: [GC (Allocation Failure) [PSYoungGen: 58877K->1565K(59392K)] 421365K->364061K(561152K), 0.0017489 secs] [Times: user=0.01 sys=0.00, real=0.00 secs] 
967.396: [GC (Allocation Failure) [PSYoungGen: 58909K->1536K(59392K)] 421405K->364032K(561152K), 0.0016889 secs] [Times: user=0.01 sys=0.00, real=0.00 secs] 
967.734: [GC (Allocation Failure) [PSYoungGen: 58880K->1565K(59392K)] 421376K->364061K(561152K), 0.0017595 secs] [Times: user=0.01 sys=0.00, real=0.00 secs] 
969.119: [GC (Allocation Failure) [PSYoungGen: 58909K->1456K(59392K)] 421405K->363952K(561152K), 0.0040407 secs] [Times: user=0.02 sys=0.00, real=0.01 secs] 
969.552: [GC (Allocation Failure) [PSYoungGen: 58800K->1440K(59392K)] 421296K->363936K(561152K), 0.0025179 secs] [Times: user=0.01 sys=0.00, real=0.01 secs] 
970.002: [GC (Allocation Failure) [PSYoungGen: 58784K->1408K(59392K)] 421280K->363904K(561152K), 0.0023119 secs] [Times: user=0.01 sys=0.00, real=0.01 secs] 
970.510: [GC (Allocation Failure) [PSYoungGen: 58752K->1376K(59392K)] 421248K->363872K(561152K), 0.0033797 secs] [Times: user=0.01 sys=0.00, real=0.00 secs] 
970.938: [GC (Allocation Failure) [PSYoungGen: 58720K->1376K(59392K)] 421216K->363872K(561152K), 0.0027281 secs] [Times: user=0.01 sys=0.00, real=0.00 secs] 
971.500: [GC (Allocation Failure) [PSYoungGen: 58720K->1517K(59392K)] 421216K->364045K(561152K), 0.0018062 secs] [Times: user=0.01 sys=0.00, real=0.00 secs] 
971.837: [GC (Allocation Failure) [PSYoungGen: 58861K->1565K(59392K)] 421389K->364109K(561152K), 0.0017839 secs] [Times: user=0.01 sys=0.00, real=0.00 secs] 
972.230: [GC (Allocation Failure) [PSYoungGen: 58909K->1501K(59392K)] 421453K->364045K(561152K), 0.0018116 secs] [Times: user=0.00 sys=0.00, real=0.00 secs] 
972.567: [GC (Allocation Failure) [PSYoungGen: 58845K->1533K(59392K)] 421389K->364077K(561152K), 0.0017696 secs] [Times: user=0.01 sys=0.00, real=0.00 secs] 
972.878: [GC (Allocation Failure) [PSYoungGen: 58877K->1472K(59392K)] 421421K->364024K(561152K), 0.0023309 secs] [Times: user=0.00 sys=0.00, real=0.00 secs] 
973.117: [GC (Allocation Failure) [PSYoungGen: 58816K->1376K(59392K)] 421368K->363928K(561152K), 0.0022190 secs] [Times: user=0.01 sys=0.00, real=0.00 secs] 
973.356: [GC (Allocation Failure) [PSYoungGen: 58720K->1408K(59392K)] 421272K->363960K(561152K), 0.0021349 secs] [Times: user=0.01 sys=0.00, real=0.00 secs] 
973.595: [GC (Allocation Failure) [PSYoungGen: 58752K->1360K(59392K)] 421304K->363920K(561152K), 0.0021055 secs] [Times: user=0.01 sys=0.00, real=0.00 secs] 
973.833: [GC (Allocation Failure) [PSYoungGen: 58704K->1376K(59392K)] 421264K->363936K(561152K), 0.0021511 secs] [Times: user=0.01 sys=0.00, real=0.01 secs] 
974.156: [GC (Allocation Failure) [PSYoungGen: 58720K->1533K(59392K)] 421280K->364101K(561152K), 0.0016466 secs] [Times: user=0.01 sys=0.00, real=0.00 secs] 
974.492: [GC (Allocation Failure) [PSYoungGen: 58877K->1597K(59392K)] 421445K->364181K(561152K), 0.0017564 secs] [Times: user=0.01 sys=0.00, real=0.01 secs] 
974.830: [GC (Allocation Failure) [PSYoungGen: 58941K->1613K(59392K)] 421525K->364205K(561152K), 0.0017605 secs] [Times: user=0.01 sys=0.00, real=0.00 secs] 
975.168: [GC (Allocation Failure) [PSYoungGen: 58957K->1581K(59392K)] 421549K->364173K(561152K), 0.0016751 secs] [Times: user=0.01 sys=0.00, real=0.00 secs] 
975.953: [GC (Allocation Failure) [PSYoungGen: 58925K->1504K(59392K)] 421517K->364104K(561152K), 0.0029926 secs] [Times: user=0.01 sys=0.00, real=0.00 secs] 
976.655: [GC (Allocation Failure) [PSYoungGen: 58848K->1376K(59392K)] 421448K->363976K(561152K), 0.0029688 secs] [Times: user=0.02 sys=0.00, real=0.00 secs] 
977.208: [GC (Allocation Failure) [PSYoungGen: 58720K->1408K(59392K)] 421320K->364008K(561152K), 0.0029616 secs] [Times: user=0.01 sys=0.00, real=0.00 secs] 
977.668: [GC (Allocation Failure) [PSYoungGen: 58752K->1408K(59392K)] 421352K->364008K(561152K), 0.0022195 secs] [Times: user=0.01 sys=0.00, real=0.00 secs] 
977.908: [GC (Allocation Failure) [PSYoungGen: 58752K->1408K(59392K)] 421352K->364008K(561152K), 0.0021765 secs] [Times: user=0.00 sys=0.00, real=0.00 secs] 
978.208: [GC (Allocation Failure) [PSYoungGen: 58752K->1501K(59392K)] 421352K->364101K(561152K), 0.0015905 secs] [Times: user=0.01 sys=0.00, real=0.00 secs] 
978.543: [GC (Allocation Failure) [PSYoungGen: 58845K->1597K(59392K)] 421445K->364213K(561152K), 0.0017280 secs] [Times: user=0.01 sys=0.00, real=0.00 secs] 
978.942: [GC (Allocation Failure) [PSYoungGen: 58941K->1533K(59392K)] 421557K->364149K(561152K), 0.0016908 secs] [Times: user=0.00 sys=0.00, real=0.01 secs] 
979.280: [GC (Allocation Failure) [PSYoungGen: 58877K->1597K(59392K)] 421493K->364213K(561152K), 0.0018394 secs] [Times: user=0.00 sys=0.00, real=0.00 secs] 
979.744: [GC (Allocation Failure) [PSYoungGen: 58941K->2016K(59392K)] 421557K->364632K(561152K), 0.0023975 secs] [Times: user=0.01 sys=0.00, real=0.00 secs] 
980.540: [GC (Allocation Failure) [PSYoungGen: 59360K->1392K(59392K)] 421976K->364008K(561152K), 0.0029798 secs] [Times: user=0.01 sys=0.00, real=0.00 secs] 
981.026: [GC (Allocation Failure) [PSYoungGen: 58736K->1456K(59392K)] 421352K->364080K(561152K), 0.0028757 secs] [Times: user=0.01 sys=0.01, real=0.00 secs] 
981.512: [GC (Allocation Failure) [PSYoungGen: 58800K->1440K(59392K)] 421424K->364064K(561152K), 0.0029016 secs] [Times: user=0.02 sys=0.00, real=0.01 secs] 
981.891: [GC (Allocation Failure) [PSYoungGen: 58784K->1408K(59392K)] 421408K->364048K(561152K), 0.0022873 secs] [Times: user=0.01 sys=0.00, real=0.01 secs] 
982.211: [GC (Allocation Failure) [PSYoungGen: 58752K->1469K(59392K)] 421392K->364109K(561152K), 0.0015537 secs] [Times: user=0.01 sys=0.00, real=0.00 secs] 
982.547: [GC (Allocation Failure) [PSYoungGen: 58813K->1613K(59392K)] 421453K->364269K(561152K), 0.0017495 secs] [Times: user=0.01 sys=0.00, real=0.00 secs] 
982.885: [GC (Allocation Failure) [PSYoungGen: 58957K->1565K(59392K)] 421613K->364221K(561152K), 0.0017525 secs] [Times: user=0.01 sys=0.00, real=0.00 secs] 
983.223: [GC (Allocation Failure) [PSYoungGen: 58909K->1565K(59392K)] 421565K->364221K(561152K), 0.0017737 secs] [Times: user=0.01 sys=0.00, real=0.00 secs] 
983.619: [GC (Allocation Failure) [PSYoungGen: 58909K->1536K(59392K)] 421565K->364192K(561152K), 0.0016842 secs] [Times: user=0.01 sys=0.00, real=0.00 secs] 
983.895: [GC (Allocation Failure) [PSYoungGen: 58880K->1376K(59392K)] 421536K->364032K(561152K), 0.0022086 secs] [Times: user=0.01 sys=0.00, real=0.00 secs] 
984.134: [GC (Allocation Failure) [PSYoungGen: 58720K->1376K(59392K)] 421376K->364032K(561152K), 0.0021169 secs] [Times: user=0.01 sys=0.00, real=0.00 secs] 
984.372: [GC (Allocation Failure) [PSYoungGen: 58720K->1424K(59392K)] 421376K->364080K(561152K), 0.0021151 secs] [Times: user=0.01 sys=0.00, real=0.01 secs] 
984.611: [GC (Allocation Failure) [PSYoungGen: 58768K->1440K(59392K)] 421424K->364096K(561152K), 0.0021020 secs] [Times: user=0.01 sys=0.00, real=0.00 secs] 
984.931: [GC (Allocation Failure) [PSYoungGen: 58784K->1453K(59392K)] 421440K->364109K(561152K), 0.0020169 secs] [Times: user=0.01 sys=0.00, real=0.01 secs] 
985.273: [GC (Allocation Failure) [PSYoungGen: 58797K->1565K(59392K)] 421453K->364237K(561152K), 0.0016908 secs] [Times: user=0.01 sys=0.00, real=0.01 secs] 
985.612: [GC (Allocation Failure) [PSYoungGen: 58909K->1597K(59392K)] 421581K->364269K(561152K), 0.0016114 secs] [Times: user=0.01 sys=0.00, real=0.01 secs] 
985.949: [GC (Allocation Failure) [PSYoungGen: 58941K->1565K(59392K)] 421613K->364237K(561152K), 0.0018025 secs] [Times: user=0.01 sys=0.00, real=0.00 secs] 
986.286: [GC (Allocation Failure) [PSYoungGen: 58909K->1549K(59392K)] 421581K->364221K(561152K), 0.0017762 secs] [Times: user=0.01 sys=0.00, real=0.00 secs] 
986.590: [GC (Allocation Failure) [PSYoungGen: 58893K->1472K(59392K)] 421565K->364144K(561152K), 0.0016091 secs] [Times: user=0.01 sys=0.00, real=0.00 secs] 
986.864: [GC (Allocation Failure) [PSYoungGen: 58816K->1424K(59392K)] 421488K->364096K(561152K), 0.0017827 secs] [Times: user=0.01 sys=0.00, real=0.00 secs] 
987.114: [GC (Allocation Failure) [PSYoungGen: 58768K->1376K(59392K)] 421440K->364048K(561152K), 0.0019739 secs] [Times: user=0.01 sys=0.00, real=0.00 secs] 
987.408: [GC (Allocation Failure) [PSYoungGen: 58720K->1376K(59392K)] 421392K->364048K(561152K), 0.0024143 secs] [Times: user=0.00 sys=0.00, real=0.00 secs] 
987.721: [GC (Allocation Failure) [PSYoungGen: 58720K->320K(59392K)] 421392K->362992K(561152K), 0.0021192 secs] [Times: user=0.01 sys=0.00, real=0.01 secs] 
988.064: [GC (Allocation Failure) [PSYoungGen: 57664K->1565K(59392K)] 420336K->364245K(561152K), 0.0017442 secs] [Times: user=0.00 sys=0.00, real=0.00 secs] 
988.399: [GC (Allocation Failure) [PSYoungGen: 58909K->1581K(59392K)] 421589K->364261K(561152K), 0.0017469 secs] [Times: user=0.01 sys=0.00, real=0.00 secs] 
988.736: [GC (Allocation Failure) [PSYoungGen: 58925K->1613K(59392K)] 421605K->364293K(561152K), 0.0017385 secs] [Times: user=0.00 sys=0.00, real=0.00 secs] 
989.074: [GC (Allocation Failure) [PSYoungGen: 58957K->1581K(59392K)] 421637K->364261K(561152K), 0.0017127 secs] [Times: user=0.00 sys=0.00, real=0.00 secs] 
989.821: [GC (Allocation Failure) [PSYoungGen: 58925K->1440K(59392K)] 421605K->364128K(561152K), 0.0040339 secs] [Times: user=0.01 sys=0.00, real=0.01 secs] 
990.727: [GC (Allocation Failure) [PSYoungGen: 58784K->1344K(59392K)] 421472K->364048K(561152K), 0.0055858 secs] [Times: user=0.02 sys=0.00, real=0.00 secs] 
991.576: [GC (Allocation Failure) [PSYoungGen: 58688K->1408K(59392K)] 421392K->364112K(561152K), 0.0041765 secs] [Times: user=0.01 sys=0.00, real=0.00 secs] 
992.218: [GC (Allocation Failure) [PSYoungGen: 58752K->1344K(59392K)] 421456K->364048K(561152K), 0.0028277 secs] [Times: user=0.01 sys=0.00, real=0.00 secs] 
992.452: [GC (Allocation Failure) [PSYoungGen: 58688K->1376K(59392K)] 421392K->364080K(561152K), 0.0021493 secs] [Times: user=0.00 sys=0.00, real=0.01 secs] 
992.820: [GC (Allocation Failure) [PSYoungGen: 58720K->1533K(59392K)] 421424K->364237K(561152K), 0.0016408 secs] [Times: user=0.01 sys=0.00, real=0.00 secs] 
993.155: [GC (Allocation Failure) [PSYoungGen: 58877K->1597K(59392K)] 421581K->364309K(561152K), 0.0016801 secs] [Times: user=0.01 sys=0.00, real=0.00 secs] 
993.498: [GC (Allocation Failure) [PSYoungGen: 58941K->1565K(59392K)] 421653K->364277K(561152K), 0.0017608 secs] [Times: user=0.01 sys=0.00, real=0.00 secs] 
993.835: [GC (Allocation Failure) [PSYoungGen: 58899K->1584K(59392K)] 421612K->364296K(561152K), 0.0017305 secs] [Times: user=0.00 sys=0.00, real=0.00 secs] 
994.568: [GC (Allocation Failure) [PSYoungGen: 58928K->1440K(59392K)] 421640K->364152K(561152K), 0.0019344 secs] [Times: user=0.01 sys=0.00, real=0.00 secs] 
995.149: [GC (Allocation Failure) [PSYoungGen: 58784K->1376K(59392K)] 421496K->364088K(561152K), 0.0028231 secs] [Times: user=0.01 sys=0.00, real=0.00 secs] 
995.430: [GC (Allocation Failure) [PSYoungGen: 58720K->1376K(59392K)] 421432K->364088K(561152K), 0.0022315 secs] [Times: user=0.01 sys=0.00, real=0.00 secs] 
995.669: [GC (Allocation Failure) [PSYoungGen: 58720K->1408K(59392K)] 421432K->364120K(561152K), 0.0021447 secs] [Times: user=0.01 sys=0.00, real=0.00 secs] 
995.907: [GC (Allocation Failure) [PSYoungGen: 58752K->1408K(59392K)] 421464K->364120K(561152K), 0.0021472 secs] [Times: user=0.01 sys=0.00, real=0.00 secs] 
996.252: [GC (Allocation Failure) [PSYoungGen: 58752K->1501K(59392K)] 421464K->364213K(561152K), 0.0016586 secs] [Times: user=0.01 sys=0.00, real=0.01 secs] 
996.588: [GC (Allocation Failure) [PSYoungGen: 58845K->1565K(59392K)] 421557K->364301K(561152K), 0.0016975 secs] [Times: user=0.00 sys=0.00, real=0.00 secs] 
996.924: [GC (Allocation Failure) [PSYoungGen: 58909K->1536K(59392K)] 421645K->364272K(561152K), 0.0017957 secs] [Times: user=0.00 sys=0.00, real=0.00 secs] 
997.263: [GC (Allocation Failure) [PSYoungGen: 58880K->1597K(59392K)] 421616K->364333K(561152K), 0.0016606 secs] [Times: user=0.00 sys=0.00, real=0.01 secs] 
997.607: [GC (Allocation Failure) [PSYoungGen: 58941K->1488K(59392K)] 421677K->364224K(561152K), 0.0022260 secs] [Times: user=0.01 sys=0.00, real=0.00 secs] 
997.860: [GC (Allocation Failure) [PSYoungGen: 58832K->1376K(59392K)] 421568K->364112K(561152K), 0.0020464 secs] [Times: user=0.01 sys=0.00, real=0.00 secs] 
998.099: [GC (Allocation Failure) [PSYoungGen: 58720K->1344K(59392K)] 421456K->364080K(561152K), 0.0020085 secs] [Times: user=0.01 sys=0.00, real=0.00 secs] 
998.337: [GC (Allocation Failure) [PSYoungGen: 58688K->1376K(59392K)] 421424K->364112K(561152K), 0.0020151 secs] [Times: user=0.01 sys=0.00, real=0.00 secs] 
998.575: [GC (Allocation Failure) [PSYoungGen: 58720K->1376K(59392K)] 421456K->364112K(561152K), 0.0019773 secs] [Times: user=0.01 sys=0.00, real=0.00 secs] 
999.004: [GC (Allocation Failure) [PSYoungGen: 58720K->1533K(59392K)] 421456K->364269K(561152K), 0.0016487 secs] [Times: user=0.01 sys=0.00, real=0.00 secs] 
999.340: [GC (Allocation Failure) [PSYoungGen: 58877K->1597K(59392K)] 421613K->364341K(561152K), 0.0018692 secs] [Times: user=0.01 sys=0.00, real=0.00 secs] 
999.679: [GC (Allocation Failure) [PSYoungGen: 58941K->1565K(59392K)] 421685K->364333K(561152K), 0.0017896 secs] [Times: user=0.01 sys=0.00, real=0.00 secs] 
1000.078: [GC (Allocation Failure) [PSYoungGen: 58909K->1565K(59392K)] 421677K->364333K(561152K), 0.0017946 secs] [Times: user=0.01 sys=0.00, real=0.00 secs] 
1000.448: [GC (Allocation Failure) [PSYoungGen: 58909K->1472K(59392K)] 421677K->364240K(561152K), 0.0024227 secs] [Times: user=0.01 sys=0.00, real=0.00 secs] 
1000.897: [GC (Allocation Failure) [PSYoungGen: 58816K->1408K(59392K)] 421584K->364176K(561152K), 0.0022551 secs] [Times: user=0.01 sys=0.00, real=0.00 secs] 
1001.376: [GC (Allocation Failure) [PSYoungGen: 58752K->1344K(59392K)] 421520K->364112K(561152K), 0.0023753 secs] [Times: user=0.01 sys=0.00, real=0.00 secs] 
1001.861: [GC (Allocation Failure) [PSYoungGen: 58688K->1408K(59392K)] 421456K->364176K(561152K), 0.0023166 secs] [Times: user=0.01 sys=0.00, real=0.01 secs] 
1002.363: [GC (Allocation Failure) [PSYoungGen: 58752K->1408K(59392K)] 421520K->364176K(561152K), 0.0027042 secs] [Times: user=0.01 sys=0.00, real=0.00 secs] 
1002.914: [GC (Allocation Failure) [PSYoungGen: 58752K->1485K(59392K)] 421520K->364253K(561152K), 0.0017778 secs] [Times: user=0.01 sys=0.00, real=0.00 secs] 
1003.249: [GC (Allocation Failure) [PSYoungGen: 58829K->1565K(59392K)] 421597K->364341K(561152K), 0.0017009 secs] [Times: user=0.01 sys=0.00, real=0.00 secs] 
1003.586: [GC (Allocation Failure) [PSYoungGen: 58909K->1549K(59392K)] 421685K->364325K(561152K), 0.0016943 secs] [Times: user=0.00 sys=0.00, real=0.00 secs] 
1003.925: [GC (Allocation Failure) [PSYoungGen: 58893K->1565K(59392K)] 421669K->364341K(561152K), 0.0016994 secs] [Times: user=0.00 sys=0.00, real=0.00 secs] 
1004.380: [GC (Allocation Failure) [PSYoungGen: 58909K->1984K(59392K)] 421685K->364760K(561152K), 0.0020499 secs] [Times: user=0.01 sys=0.00, real=0.00 secs] 
1004.635: [GC (Allocation Failure) [PSYoungGen: 59328K->1392K(59392K)] 422104K->364168K(561152K), 0.0021851 secs] [Times: user=0.01 sys=0.00, real=0.00 secs] 
1004.930: [GC (Allocation Failure) [PSYoungGen: 58736K->1408K(59392K)] 421512K->364184K(561152K), 0.0022378 secs] [Times: user=0.01 sys=0.00, real=0.00 secs] 
1005.198: [GC (Allocation Failure) [PSYoungGen: 58752K->1376K(59392K)] 421528K->364152K(561152K), 0.0026132 secs] [Times: user=0.01 sys=0.00, real=0.00 secs] 
1005.437: [GC (Allocation Failure) [PSYoungGen: 58720K->1344K(59392K)] 421496K->364120K(561152K), 0.0023065 secs] [Times: user=0.01 sys=0.00, real=0.00 secs] 
1005.737: [GC (Allocation Failure) [PSYoungGen: 58688K->1469K(59392K)] 421464K->364245K(561152K), 0.0016103 secs] [Times: user=0.01 sys=0.00, real=0.00 secs] 
1006.072: [GC (Allocation Failure) [PSYoungGen: 58813K->1581K(59392K)] 421589K->364373K(561152K), 0.0016870 secs] [Times: user=0.01 sys=0.00, real=0.01 secs] 
1006.408: [GC (Allocation Failure) [PSYoungGen: 58925K->1613K(59392K)] 421717K->364405K(561152K), 0.0017709 secs] [Times: user=0.01 sys=0.00, real=0.00 secs] 
1006.744: [GC (Allocation Failure) [PSYoungGen: 58957K->1565K(59392K)] 421749K->364357K(561152K), 0.0017391 secs] [Times: user=0.00 sys=0.00, real=0.00 secs] 
1007.076: [GC (Allocation Failure) [PSYoungGen: 58909K->320K(59392K)] 421701K->363112K(561152K), 0.0016477 secs] [Times: user=0.01 sys=0.00, real=0.00 secs] 
1008.005: [GC (Allocation Failure) [PSYoungGen: 57664K->1376K(59392K)] 420456K->364168K(561152K), 0.0039429 secs] [Times: user=0.02 sys=0.00, real=0.00 secs] 
1008.298: [GC (Allocation Failure) [PSYoungGen: 58720K->1408K(59392K)] 421512K->364200K(561152K), 0.0025349 secs] [Times: user=0.01 sys=0.00, real=0.00 secs] 
1008.541: [GC (Allocation Failure) [PSYoungGen: 58752K->1376K(59392K)] 421544K->364168K(561152K), 0.0021710 secs] [Times: user=0.01 sys=0.00, real=0.01 secs] 
1008.977: [GC (Allocation Failure) [PSYoungGen: 58720K->1376K(59392K)] 421512K->364168K(561152K), 0.0021920 secs] [Times: user=0.01 sys=0.00, real=0.00 secs] 
1009.552: [GC (GCLocker Initiated GC) [PSYoungGen: 58720K->1485K(59392K)] 421512K->364277K(561152K), 0.0018824 secs] [Times: user=0.01 sys=0.00, real=0.01 secs] 
1009.907: [GC (Allocation Failure) [PSYoungGen: 58829K->1472K(59392K)] 421943K->364594K(561152K), 0.0017400 secs] [Times: user=0.00 sys=0.00, real=0.00 secs] 
1010.305: [GC (Allocation Failure) [PSYoungGen: 58816K->1629K(59392K)] 421938K->364751K(561152K), 0.0016937 secs] [Times: user=0.00 sys=0.00, real=0.00 secs] 
1010.644: [GC (Allocation Failure) [PSYoungGen: 58973K->1597K(59392K)] 422095K->364727K(561152K), 0.0017836 secs] [Times: user=0.00 sys=0.00, real=0.00 secs] 
1011.064: [GC (Allocation Failure) [PSYoungGen: 58941K->1661K(59392K)] 422071K->364791K(561152K), 0.0018117 secs] [Times: user=0.01 sys=0.00, real=0.00 secs] 
1011.349: [GC (Allocation Failure) [PSYoungGen: 59005K->1504K(59392K)] 422135K->364634K(561152K), 0.0030405 secs] [Times: user=0.01 sys=0.00, real=0.00 secs] 
1011.636: [GC (Allocation Failure) [PSYoungGen: 58848K->1504K(59392K)] 421978K->364634K(561152K), 0.0022365 secs] [Times: user=0.01 sys=0.00, real=0.00 secs] 
1011.972: [GC (Allocation Failure) [PSYoungGen: 58848K->1488K(59392K)] 421978K->364618K(561152K), 0.0022108 secs] [Times: user=0.01 sys=0.00, real=0.01 secs] 
1012.433: [GC (Allocation Failure) [PSYoungGen: 58832K->1472K(59392K)] 421962K->364602K(561152K), 0.0019777 secs] [Times: user=0.01 sys=0.00, real=0.00 secs] 
1012.921: [GC (Allocation Failure) [PSYoungGen: 58816K->1520K(59392K)] 421946K->364650K(561152K), 0.0026866 secs] [Times: user=0.02 sys=0.00, real=0.01 secs] 
1013.420: [GC (Allocation Failure) [PSYoungGen: 58864K->1629K(59392K)] 421994K->364783K(561152K), 0.0016957 secs] [Times: user=0.01 sys=0.00, real=0.00 secs] 
1013.814: [GC (Allocation Failure) [PSYoungGen: 58973K->1661K(59392K)] 422127K->364823K(561152K), 0.0017185 secs] [Times: user=0.00 sys=0.00, real=0.00 secs] 
1014.213: [GC (Allocation Failure) [PSYoungGen: 59005K->1677K(59392K)] 422167K->364839K(561152K), 0.0018310 secs] [Times: user=0.00 sys=0.00, real=0.01 secs] 
1014.609: [GC (Allocation Failure) [PSYoungGen: 59021K->1613K(59392K)] 422183K->364775K(561152K), 0.0017966 secs] [Times: user=0.00 sys=0.00, real=0.00 secs] 
1014.909: [GC (Allocation Failure) [PSYoungGen: 58957K->1536K(59392K)] 422119K->364698K(561152K), 0.0028665 secs] [Times: user=0.01 sys=0.00, real=0.00 secs] 
1015.149: [GC (Allocation Failure) [PSYoungGen: 58880K->1472K(59392K)] 422042K->364674K(561152K), 0.0022108 secs] [Times: user=0.01 sys=0.00, real=0.00 secs] 
1015.446: [GC (Allocation Failure) [PSYoungGen: 58816K->1504K(59392K)] 422018K->364714K(561152K), 0.0023021 secs] [Times: user=0.01 sys=0.00, real=0.00 secs] 
1015.788: [GC (Allocation Failure) [PSYoungGen: 58848K->1408K(59392K)] 422058K->364682K(561152K), 0.0023265 secs] [Times: user=0.01 sys=0.00, real=0.00 secs] 
1016.161: [GC (Allocation Failure) [PSYoungGen: 58752K->1408K(59392K)] 422026K->364682K(561152K), 0.0025311 secs] [Times: user=0.01 sys=0.00, real=0.01 secs] 
1016.633: [GC (Allocation Failure) [PSYoungGen: 58752K->1549K(59392K)] 422026K->364823K(561152K), 0.0017270 secs] [Times: user=0.01 sys=0.00, real=0.01 secs] 
1017.029: [GC (Allocation Failure) [PSYoungGen: 58893K->1533K(59392K)] 422167K->364823K(561152K), 0.0016851 secs] [Times: user=0.01 sys=0.00, real=0.00 secs] 
1017.366: [GC (Allocation Failure) [PSYoungGen: 58877K->1536K(59392K)] 422167K->364826K(561152K), 0.0017733 secs] [Times: user=0.00 sys=0.00, real=0.00 secs] 
1017.705: [GC (Allocation Failure) [PSYoungGen: 58880K->1565K(59392K)] 422170K->364855K(561152K), 0.0017084 secs] [Times: user=0.00 sys=0.00, real=0.00 secs] 
1018.137: [GC (Allocation Failure) [PSYoungGen: 58909K->1408K(59392K)] 422199K->364698K(561152K), 0.0034557 secs] [Times: user=0.01 sys=0.00, real=0.00 secs] 
1018.628: [GC (Allocation Failure) [PSYoungGen: 58752K->1376K(59392K)] 422042K->364666K(561152K), 0.0029730 secs] [Times: user=0.01 sys=0.00, real=0.00 secs] 
1018.921: [GC (Allocation Failure) [PSYoungGen: 58720K->1408K(59392K)] 422010K->364698K(561152K), 0.0021919 secs] [Times: user=0.01 sys=0.00, real=0.01 secs] 
1019.159: [GC (Allocation Failure) [PSYoungGen: 58752K->1424K(59392K)] 422042K->364714K(561152K), 0.0022780 secs] [Times: user=0.01 sys=0.00, real=0.00 secs] 
1019.398: [GC (Allocation Failure) [PSYoungGen: 58768K->1376K(59392K)] 422058K->364666K(561152K), 0.0021054 secs] [Times: user=0.01 sys=0.00, real=0.00 secs] 
1019.723: [GC (Allocation Failure) [PSYoungGen: 58720K->1536K(59392K)] 422010K->364826K(561152K), 0.0017045 secs] [Times: user=0.01 sys=0.00, real=0.01 secs] 
1020.058: [GC (Allocation Failure) [PSYoungGen: 58880K->1533K(59392K)] 422170K->364847K(561152K), 0.0016769 secs] [Times: user=0.00 sys=0.00, real=0.00 secs] 
1020.396: [GC (Allocation Failure) [PSYoungGen: 58877K->1533K(59392K)] 422191K->364847K(561152K), 0.0016623 secs] [Times: user=0.01 sys=0.01, real=0.00 secs] 
1020.793: [GC (Allocation Failure) [PSYoungGen: 58867K->1597K(59392K)] 422181K->364911K(561152K), 0.0016788 secs] [Times: user=0.00 sys=0.00, real=0.00 secs] 
1021.212: [GC (Allocation Failure) [PSYoungGen: 58941K->1472K(59392K)] 422255K->364786K(561152K), 0.0021470 secs] [Times: user=0.01 sys=0.00, real=0.01 secs] 
1021.679: [GC (Allocation Failure) [PSYoungGen: 58816K->1312K(59392K)] 422130K->364626K(561152K), 0.0022172 secs] [Times: user=0.01 sys=0.00, real=0.00 secs] 
1022.161: [GC (Allocation Failure) [PSYoungGen: 58656K->1392K(59392K)] 421970K->364714K(561152K), 0.0024564 secs] [Times: user=0.01 sys=0.00, real=0.01 secs] 
1022.502: [GC (Allocation Failure) [PSYoungGen: 58736K->1376K(59392K)] 422058K->364698K(561152K), 0.0021987 secs] [Times: user=0.01 sys=0.00, real=0.01 secs] 
1022.752: [GC (Allocation Failure) [PSYoungGen: 58720K->1376K(59392K)] 422042K->364698K(561152K), 0.0022703 secs] [Times: user=0.01 sys=0.00, real=0.01 secs] 
1023.063: [GC (Allocation Failure) [PSYoungGen: 58720K->1469K(59392K)] 422042K->364791K(561152K), 0.0016778 secs] [Times: user=0.00 sys=0.00, real=0.01 secs] 
1023.398: [GC (Allocation Failure) [PSYoungGen: 58813K->1597K(59392K)] 422135K->364927K(561152K), 0.0017290 secs] [Times: user=0.01 sys=0.00, real=0.00 secs] 
1023.735: [GC (Allocation Failure) [PSYoungGen: 58941K->1613K(59392K)] 422271K->364943K(561152K), 0.0016581 secs] [Times: user=0.01 sys=0.00, real=0.00 secs] 
1024.071: [GC (Allocation Failure) [PSYoungGen: 58957K->1565K(59392K)] 422287K->364895K(561152K), 0.0016465 secs] [Times: user=0.01 sys=0.00, real=0.00 secs] 
1024.714: [GC (Allocation Failure) [PSYoungGen: 58909K->1472K(59392K)] 422239K->364802K(561152K), 0.0032061 secs] [Times: user=0.01 sys=0.00, real=0.00 secs] 
1025.596: [GC (Allocation Failure) [PSYoungGen: 58816K->1408K(59392K)] 422146K->364738K(561152K), 0.0041655 secs] [Times: user=0.02 sys=0.00, real=0.00 secs] 
1026.247: [GC (Allocation Failure) [PSYoungGen: 58752K->1440K(59392K)] 422082K->364770K(561152K), 0.0036073 secs] [Times: user=0.02 sys=0.00, real=0.00 secs] 
1027.027: [GC (Allocation Failure) [PSYoungGen: 58784K->1440K(59392K)] 422114K->364770K(561152K), 0.0029194 secs] [Times: user=0.01 sys=0.00, real=0.00 secs] 
1027.509: [GC (Allocation Failure) [PSYoungGen: 58784K->1376K(59392K)] 422114K->364706K(561152K), 0.0029893 secs] [Times: user=0.01 sys=0.00, real=0.00 secs] 
1028.042: [GC (Allocation Failure) [PSYoungGen: 58720K->1469K(59392K)] 422050K->364799K(561152K), 0.0016063 secs] [Times: user=0.01 sys=0.00, real=0.01 secs] 
1028.377: [GC (Allocation Failure) [PSYoungGen: 58813K->1597K(59392K)] 422143K->364935K(561152K), 0.0017164 secs] [Times: user=0.00 sys=0.00, real=0.00 secs] 
1028.714: [GC (Allocation Failure) [PSYoungGen: 58941K->1597K(59392K)] 422279K->364935K(561152K), 0.0016837 secs] [Times: user=0.01 sys=0.00, real=0.00 secs] 
1029.050: [GC (Allocation Failure) [PSYoungGen: 58941K->1533K(59392K)] 422279K->364871K(561152K), 0.0017294 secs] [Times: user=0.00 sys=0.00, real=0.00 secs] 
1029.465: [GC (Allocation Failure) [PSYoungGen: 58877K->2016K(59392K)] 422215K->365354K(561152K), 0.0021892 secs] [Times: user=0.01 sys=0.00, real=0.00 secs] 
1029.744: [GC (Allocation Failure) [PSYoungGen: 59360K->1424K(59392K)] 422698K->364762K(561152K), 0.0021947 secs] [Times: user=0.01 sys=0.00, real=0.00 secs] 
1029.983: [GC (Allocation Failure) [PSYoungGen: 58768K->1376K(59392K)] 422106K->364714K(561152K), 0.0021045 secs] [Times: user=0.01 sys=0.00, real=0.01 secs] 
1030.221: [GC (Allocation Failure) [PSYoungGen: 58720K->1344K(59392K)] 422058K->364682K(561152K), 0.0021603 secs] [Times: user=0.01 sys=0.00, real=0.01 secs] 
1030.474: [GC (Allocation Failure) [PSYoungGen: 58688K->1376K(59392K)] 422026K->364714K(561152K), 0.0020665 secs] [Times: user=0.00 sys=0.00, real=0.00 secs] 
1030.757: [GC (Allocation Failure) [PSYoungGen: 58720K->1501K(59392K)] 422058K->364839K(561152K), 0.0016328 secs] [Times: user=0.01 sys=0.00, real=0.00 secs] 
1031.093: [GC (Allocation Failure) [PSYoungGen: 58845K->1536K(59392K)] 422183K->364890K(561152K), 0.0016830 secs] [Times: user=0.01 sys=0.00, real=0.00 secs] 
1031.437: [GC (Allocation Failure) [PSYoungGen: 58880K->1568K(59392K)] 422234K->364938K(561152K), 0.0017260 secs] [Times: user=0.00 sys=0.00, real=0.00 secs] 
1031.777: [GC (Allocation Failure) [PSYoungGen: 58912K->1597K(59392K)] 422282K->364967K(561152K), 0.0017033 secs] [Times: user=0.00 sys=0.00, real=0.00 secs] 
1032.114: [GC (Allocation Failure) [PSYoungGen: 58906K->320K(59392K)] 422276K->363690K(561152K), 0.0015473 secs] [Times: user=0.01 sys=0.00, real=0.00 secs] 
1032.373: [GC (Allocation Failure) [PSYoungGen: 57664K->1424K(59392K)] 421034K->364794K(561152K), 0.0019801 secs] [Times: user=0.01 sys=0.00, real=0.00 secs] 
1032.612: [GC (Allocation Failure) [PSYoungGen: 58768K->1408K(59392K)] 422138K->364778K(561152K), 0.0019408 secs] [Times: user=0.01 sys=0.00, real=0.01 secs] 
1032.974: [GC (Allocation Failure) [PSYoungGen: 58752K->1392K(59392K)] 422122K->364762K(561152K), 0.0021475 secs] [Times: user=0.01 sys=0.00, real=0.00 secs] 
1033.213: [GC (Allocation Failure) [PSYoungGen: 58736K->1376K(59392K)] 422106K->364746K(561152K), 0.0021114 secs] [Times: user=0.01 sys=0.01, real=0.01 secs] 
1033.497: [GC (Allocation Failure) [PSYoungGen: 58720K->1437K(59392K)] 422090K->364807K(561152K), 0.0020464 secs] [Times: user=0.01 sys=0.00, real=0.00 secs] 
1033.834: [GC (Allocation Failure) [PSYoungGen: 58781K->1565K(59392K)] 422151K->364943K(561152K), 0.0017194 secs] [Times: user=0.00 sys=0.01, real=0.00 secs] 
1034.170: [GC (Allocation Failure) [PSYoungGen: 58909K->1549K(59392K)] 422287K->364927K(561152K), 0.0015923 secs] [Times: user=0.01 sys=0.00, real=0.00 secs] 
1034.506: [GC (Allocation Failure) [PSYoungGen: 58893K->1581K(59392K)] 422271K->364959K(561152K), 0.0015554 secs] [Times: user=0.01 sys=0.00, real=0.00 secs] 
1034.908: [GC (Allocation Failure) [PSYoungGen: 58925K->1597K(59392K)] 422303K->364983K(561152K), 0.0018088 secs] [Times: user=0.01 sys=0.00, real=0.00 secs] 
1035.237: [GC (Allocation Failure) [PSYoungGen: 58941K->1424K(59392K)] 422327K->364810K(561152K), 0.0022683 secs] [Times: user=0.01 sys=0.00, real=0.00 secs] 
1035.502: [GC (Allocation Failure) [PSYoungGen: 58768K->1376K(59392K)] 422154K->364762K(561152K), 0.0022493 secs] [Times: user=0.00 sys=0.00, real=0.01 secs] 
1035.741: [GC (Allocation Failure) [PSYoungGen: 58720K->1408K(59392K)] 422106K->364794K(561152K), 0.0021989 secs] [Times: user=0.01 sys=0.00, real=0.00 secs] 
1035.979: [GC (Allocation Failure) [PSYoungGen: 58752K->1440K(59392K)] 422138K->364826K(561152K), 0.0021932 secs] [Times: user=0.01 sys=0.00, real=0.00 secs] 
1036.217: [GC (Allocation Failure) [PSYoungGen: 58784K->1408K(59392K)] 422170K->364794K(561152K), 0.0021357 secs] [Times: user=0.01 sys=0.00, real=0.00 secs] 
1036.574: [GC (Allocation Failure) [PSYoungGen: 58752K->1565K(59392K)] 422138K->364959K(561152K), 0.0016682 secs] [Times: user=0.00 sys=0.00, real=0.00 secs] 
1036.910: [GC (Allocation Failure) [PSYoungGen: 58909K->1565K(59392K)] 422303K->364967K(561152K), 0.0016814 secs] [Times: user=0.00 sys=0.00, real=0.00 secs] 
1037.250: [GC (Allocation Failure) [PSYoungGen: 58909K->1565K(59392K)] 422311K->364967K(561152K), 0.0017426 secs] [Times: user=0.01 sys=0.00, real=0.00 secs] 
1037.587: [GC (Allocation Failure) [PSYoungGen: 58909K->1533K(59392K)] 422311K->364935K(561152K), 0.0017498 secs] [Times: user=0.01 sys=0.00, real=0.00 secs] 
1038.063: [GC (Allocation Failure) [PSYoungGen: 58877K->1440K(59392K)] 422279K->364842K(561152K), 0.0022119 secs] [Times: user=0.01 sys=0.00, real=0.01 secs] 
1038.577: [GC (Allocation Failure) [PSYoungGen: 58784K->1408K(59392K)] 422186K->364810K(561152K), 0.0024956 secs] [Times: user=0.01 sys=0.00, real=0.00 secs] 
1039.106: [GC (Allocation Failure) [PSYoungGen: 58752K->1376K(59392K)] 422154K->364778K(561152K), 0.0028069 secs] [Times: user=0.02 sys=0.00, real=0.00 secs] 
1039.616: [GC (Allocation Failure) [PSYoungGen: 58720K->1408K(59392K)] 422122K->364810K(561152K), 0.0027454 secs] [Times: user=0.01 sys=0.00, real=0.00 secs] 
1040.066: [GC (Allocation Failure) [PSYoungGen: 58752K->1376K(59392K)] 422154K->364778K(561152K), 0.0025935 secs] [Times: user=0.01 sys=0.00, real=0.00 secs] 
1040.429: [GC (Allocation Failure) [PSYoungGen: 58720K->1469K(59392K)] 422122K->364887K(561152K), 0.0016237 secs] [Times: user=0.01 sys=0.00, real=0.00 secs] 
1040.772: [GC (Allocation Failure) [PSYoungGen: 58813K->1536K(59392K)] 422231K->364962K(561152K), 0.0016694 secs] [Times: user=0.01 sys=0.00, real=0.01 secs] 
1041.111: [GC (Allocation Failure) [PSYoungGen: 58880K->1536K(59392K)] 422306K->364962K(561152K), 0.0017595 secs] [Times: user=0.01 sys=0.00, real=0.00 secs] 
1041.448: [GC (Allocation Failure) [PSYoungGen: 58880K->1533K(59392K)] 422306K->364959K(561152K), 0.0016314 secs] [Times: user=0.01 sys=0.00, real=0.00 secs] 
1041.788: [GC (Allocation Failure) [PSYoungGen: 58877K->1376K(59392K)] 422303K->364802K(561152K), 0.0019842 secs] [Times: user=0.01 sys=0.00, real=0.00 secs] 
1042.289: [GC (Allocation Failure) [PSYoungGen: 58720K->1344K(59392K)] 422146K->364770K(561152K), 0.0035162 secs] [Times: user=0.01 sys=0.00, real=0.00 secs] 
1042.860: [GC (Allocation Failure) [PSYoungGen: 58688K->1440K(59392K)] 422114K->364866K(561152K), 0.0040291 secs] [Times: user=0.02 sys=0.00, real=0.01 secs] 
1043.470: [GC (Allocation Failure) [PSYoungGen: 58784K->1408K(59392K)] 422210K->364834K(561152K), 0.0044498 secs] [Times: user=0.01 sys=0.00, real=0.01 secs] 
1044.128: [GC (Allocation Failure) [PSYoungGen: 58752K->1312K(59392K)] 422178K->364738K(561152K), 0.0033061 secs] [Times: user=0.01 sys=0.01, real=0.00 secs] 
1044.652: [GC (Allocation Failure) [PSYoungGen: 58656K->1469K(59392K)] 422082K->364895K(561152K), 0.0016159 secs] [Times: user=0.00 sys=0.00, real=0.01 secs] 
1044.987: [GC (Allocation Failure) [PSYoungGen: 58813K->1565K(59392K)] 422239K->364999K(561152K), 0.0015582 secs] [Times: user=0.00 sys=0.00, real=0.00 secs] 
1045.384: [GC (Allocation Failure) [PSYoungGen: 58909K->1597K(59392K)] 422343K->365031K(561152K), 0.0017440 secs] [Times: user=0.01 sys=0.00, real=0.00 secs] 
1045.725: [GC (Allocation Failure) [PSYoungGen: 58912K->1565K(59392K)] 422346K->364999K(561152K), 0.0017109 secs] [Times: user=0.01 sys=0.00, real=0.00 secs] 
1046.068: [GC (Allocation Failure) [PSYoungGen: 58909K->1472K(59392K)] 422343K->364906K(561152K), 0.0022619 secs] [Times: user=0.01 sys=0.00, real=0.00 secs] 
1046.343: [GC (Allocation Failure) [PSYoungGen: 58816K->1392K(59392K)] 422250K->364826K(561152K), 0.0022133 secs] [Times: user=0.01 sys=0.00, real=0.01 secs] 
1046.581: [GC (Allocation Failure) [PSYoungGen: 58736K->1408K(59392K)] 422170K->364842K(561152K), 0.0022335 secs] [Times: user=0.01 sys=0.00, real=0.01 secs] 
1046.867: [GC (Allocation Failure) [PSYoungGen: 58752K->1344K(59392K)] 422186K->364778K(561152K), 0.0023358 secs] [Times: user=0.01 sys=0.00, real=0.00 secs] 
1047.113: [GC (Allocation Failure) [PSYoungGen: 58688K->1376K(59392K)] 422122K->364810K(561152K), 0.0022622 secs] [Times: user=0.01 sys=0.00, real=0.00 secs] 
1047.478: [GC (Allocation Failure) [PSYoungGen: 58720K->1533K(59392K)] 422154K->364967K(561152K), 0.0015833 secs] [Times: user=0.00 sys=0.00, real=0.00 secs] 
1047.813: [GC (Allocation Failure) [PSYoungGen: 58877K->1533K(59392K)] 422311K->364975K(561152K), 0.0016660 secs] [Times: user=0.00 sys=0.00, real=0.00 secs] 
1048.150: [GC (Allocation Failure) [PSYoungGen: 58877K->1549K(59392K)] 422319K->364991K(561152K), 0.0017437 secs] [Times: user=0.01 sys=0.00, real=0.00 secs] 
1048.486: [GC (Allocation Failure) [PSYoungGen: 58893K->1613K(59392K)] 422335K->365055K(561152K), 0.0016237 secs] [Times: user=0.01 sys=0.00, real=0.00 secs] 
1049.442: [GC (Allocation Failure) [PSYoungGen: 58957K->1504K(59392K)] 422399K->364946K(561152K), 0.0043400 secs] [Times: user=0.01 sys=0.00, real=0.01 secs] 
1049.706: [GC (Allocation Failure) [PSYoungGen: 58848K->1408K(59392K)] 422290K->364850K(561152K), 0.0022728 secs] [Times: user=0.01 sys=0.00, real=0.00 secs] 
1049.945: [GC (Allocation Failure) [PSYoungGen: 58752K->1408K(59392K)] 422194K->364850K(561152K), 0.0022220 secs] [Times: user=0.01 sys=0.00, real=0.00 secs] 
1050.183: [GC (Allocation Failure) [PSYoungGen: 58752K->1408K(59392K)] 422194K->364874K(561152K), 0.0021195 secs] [Times: user=0.01 sys=0.00, real=0.00 secs] 
1050.421: [GC (Allocation Failure) [PSYoungGen: 58752K->1440K(59392K)] 422218K->364906K(561152K), 0.0022294 secs] [Times: user=0.01 sys=0.00, real=0.01 secs] 
1051.114: [GC (Allocation Failure) [PSYoungGen: 58784K->1453K(59392K)] 422250K->364919K(561152K), 0.0018143 secs] [Times: user=0.00 sys=0.00, real=0.00 secs] 
1051.448: [GC (Allocation Failure) [PSYoungGen: 58797K->1533K(59392K)] 422263K->365007K(561152K), 0.0018007 secs] [Times: user=0.01 sys=0.00, real=0.00 secs] 
1051.785: [GC (Allocation Failure) [PSYoungGen: 58877K->1533K(59392K)] 422351K->365007K(561152K), 0.0018113 secs] [Times: user=0.01 sys=0.00, real=0.00 secs] 
1052.131: [GC (Allocation Failure) [PSYoungGen: 58866K->1581K(59392K)] 422340K->365055K(561152K), 0.0016797 secs] [Times: user=0.01 sys=0.00, real=0.00 secs] 
1052.487: [GC (Allocation Failure) [PSYoungGen: 58925K->2032K(59392K)] 422399K->366018K(561152K), 0.0020201 secs] [Times: user=0.01 sys=0.00, real=0.00 secs] 
1052.903: [GC (Allocation Failure) [PSYoungGen: 59376K->1376K(59392K)] 423362K->365362K(561152K), 0.0018163 secs] [Times: user=0.01 sys=0.00, real=0.01 secs] 
1053.354: [GC (Allocation Failure) [PSYoungGen: 58720K->1376K(59392K)] 422706K->365362K(561152K), 0.0033575 secs] [Times: user=0.01 sys=0.00, real=0.00 secs] 
1053.839: [GC (Allocation Failure) [PSYoungGen: 58720K->1408K(59392K)] 422706K->365394K(561152K), 0.0029781 secs] [Times: user=0.01 sys=0.00, real=0.00 secs] 
1054.298: [GC (Allocation Failure) [PSYoungGen: 58752K->1344K(59392K)] 422738K->365330K(561152K), 0.0042863 secs] [Times: user=0.02 sys=0.00, real=0.00 secs] 
1054.700: [GC (Allocation Failure) [PSYoungGen: 58688K->1453K(59392K)] 422674K->365439K(561152K), 0.0016654 secs] [Times: user=0.01 sys=0.00, real=0.00 secs] 
1055.037: [GC (Allocation Failure) [PSYoungGen: 58797K->1533K(59392K)] 422783K->365535K(561152K), 0.0017078 secs] [Times: user=0.01 sys=0.00, real=0.00 secs] 
1055.376: [GC (Allocation Failure) [PSYoungGen: 58877K->1565K(59392K)] 422879K->365567K(561152K), 0.0017336 secs] [Times: user=0.01 sys=0.00, real=0.00 secs] 
1055.718: [GC (Allocation Failure) [PSYoungGen: 58909K->1597K(59392K)] 422911K->365599K(561152K), 0.0016989 secs] [Times: user=0.00 sys=0.00, real=0.00 secs] 
1056.091: [GC (Allocation Failure) [PSYoungGen: 58941K->256K(59392K)] 422943K->364258K(561152K), 0.0019710 secs] [Times: user=0.01 sys=0.00, real=0.01 secs] 
1056.754: [GC (Allocation Failure) [PSYoungGen: 57600K->1376K(59392K)] 421602K->365378K(561152K), 0.0024106 secs] [Times: user=0.01 sys=0.00, real=0.00 secs] 
1057.494: [GC (Allocation Failure) [PSYoungGen: 58720K->1408K(59392K)] 422722K->365410K(561152K), 0.0023329 secs] [Times: user=0.01 sys=0.00, real=0.00 secs] 
1058.085: [GC (Allocation Failure) [PSYoungGen: 58752K->1376K(59392K)] 422754K->365378K(561152K), 0.0024686 secs] [Times: user=0.01 sys=0.00, real=0.00 secs] 
1058.413: [GC (Allocation Failure) [PSYoungGen: 58720K->1408K(59392K)] 422722K->365410K(561152K), 0.0021095 secs] [Times: user=0.01 sys=0.00, real=0.00 secs] 
1058.687: [GC (Allocation Failure) [PSYoungGen: 58752K->1469K(59392K)] 422754K->365471K(561152K), 0.0019935 secs] [Times: user=0.00 sys=0.00, real=0.00 secs] 
1059.030: [GC (Allocation Failure) [PSYoungGen: 58813K->1597K(59392K)] 422815K->365607K(561152K), 0.0016634 secs] [Times: user=0.01 sys=0.00, real=0.00 secs] 
1059.429: [GC (Allocation Failure) [PSYoungGen: 58941K->1584K(59392K)] 422951K->365594K(561152K), 0.0016955 secs] [Times: user=0.01 sys=0.00, real=0.00 secs] 
1059.765: [GC (Allocation Failure) [PSYoungGen: 58928K->1565K(59392K)] 422938K->365575K(561152K), 0.0018675 secs] [Times: user=0.00 sys=0.00, real=0.00 secs] 
1060.101: [GC (Allocation Failure) [PSYoungGen: 58909K->1533K(59392K)] 422919K->365543K(561152K), 0.0016569 secs] [Times: user=0.00 sys=0.00, real=0.00 secs] 
1061.044: [GC (Allocation Failure) [PSYoungGen: 58877K->1408K(59392K)] 422887K->365418K(561152K), 0.0036656 secs] [Times: user=0.02 sys=0.00, real=0.00 secs] 
1061.596: [GC (Allocation Failure) [PSYoungGen: 58752K->1376K(59392K)] 422762K->365386K(561152K), 0.0034946 secs] [Times: user=0.01 sys=0.00, real=0.00 secs] 
1061.929: [GC (Allocation Failure) [PSYoungGen: 58720K->1376K(59392K)] 422730K->365402K(561152K), 0.0022255 secs] [Times: user=0.01 sys=0.00, real=0.00 secs] 
1062.168: [GC (Allocation Failure) [PSYoungGen: 58720K->1344K(59392K)] 422746K->365370K(561152K), 0.0022457 secs] [Times: user=0.00 sys=0.00, real=0.00 secs] 
1062.482: [GC (Allocation Failure) [PSYoungGen: 58688K->1376K(59392K)] 422714K->365402K(561152K), 0.0020011 secs] [Times: user=0.00 sys=0.00, real=0.01 secs] 
1062.843: [GC (Allocation Failure) [PSYoungGen: 58720K->1584K(59392K)] 422746K->365610K(561152K), 0.0016752 secs] [Times: user=0.00 sys=0.00, real=0.00 secs] 
1063.243: [GC (Allocation Failure) [PSYoungGen: 58928K->1536K(59392K)] 422954K->365570K(561152K), 0.0018881 secs] [Times: user=0.01 sys=0.00, real=0.01 secs] 
1063.580: [GC (Allocation Failure) [PSYoungGen: 58880K->1533K(59392K)] 422914K->365567K(561152K), 0.0017487 secs] [Times: user=0.00 sys=0.00, real=0.00 secs] 
1063.980: [GC (Allocation Failure) [PSYoungGen: 58877K->1504K(59392K)] 422911K->365538K(561152K), 0.0016785 secs] [Times: user=0.01 sys=0.00, real=0.00 secs] 
1064.688: [GC (Allocation Failure) [PSYoungGen: 58848K->1408K(59392K)] 422882K->365442K(561152K), 0.0041893 secs] [Times: user=0.02 sys=0.00, real=0.00 secs] 
1065.216: [GC (Allocation Failure) [PSYoungGen: 58752K->1344K(59392K)] 422786K->365378K(561152K), 0.0031040 secs] [Times: user=0.02 sys=0.00, real=0.00 secs] 
1065.451: [GC (Allocation Failure) [PSYoungGen: 58688K->1344K(59392K)] 422722K->365378K(561152K), 0.0022371 secs] [Times: user=0.01 sys=0.00, real=0.01 secs] 
1065.700: [GC (Allocation Failure) [PSYoungGen: 58688K->1408K(59392K)] 422722K->365442K(561152K), 0.0022113 secs] [Times: user=0.01 sys=0.00, real=0.00 secs] 
1065.939: [GC (Allocation Failure) [PSYoungGen: 58752K->1408K(59392K)] 422786K->365442K(561152K), 0.0021373 secs] [Times: user=0.01 sys=0.00, real=0.00 secs] 
1066.292: [GC (Allocation Failure) [PSYoungGen: 58721K->1469K(59392K)] 422755K->365503K(561152K), 0.0016788 secs] [Times: user=0.01 sys=0.00, real=0.01 secs] 
1066.627: [GC (Allocation Failure) [PSYoungGen: 58813K->1597K(59392K)] 422847K->365647K(561152K), 0.0016306 secs] [Times: user=0.01 sys=0.00, real=0.00 secs] 
1066.965: [GC (Allocation Failure) [PSYoungGen: 58941K->1565K(59392K)] 422991K->365615K(561152K), 0.0016593 secs] [Times: user=0.00 sys=0.00, real=0.00 secs] 
1067.302: [GC (Allocation Failure) [PSYoungGen: 58898K->1597K(59392K)] 422949K->365647K(561152K), 0.0017967 secs] [Times: user=0.01 sys=0.00, real=0.01 secs] 
1067.931: [GC (Allocation Failure) [PSYoungGen: 58941K->1408K(59392K)] 422991K->365458K(561152K), 0.0021099 secs] [Times: user=0.01 sys=0.00, real=0.01 secs] 
1068.287: [GC (Allocation Failure) [PSYoungGen: 58752K->1344K(59392K)] 422802K->365394K(561152K), 0.0022248 secs] [Times: user=0.01 sys=0.00, real=0.00 secs] 
1068.528: [GC (Allocation Failure) [PSYoungGen: 58688K->1408K(59392K)] 422738K->365458K(561152K), 0.0024888 secs] [Times: user=0.01 sys=0.00, real=0.00 secs] 
1068.765: [GC (Allocation Failure) [PSYoungGen: 58752K->1408K(59392K)] 422802K->365458K(561152K), 0.0022327 secs] [Times: user=0.01 sys=0.00, real=0.00 secs] 
1069.004: [GC (Allocation Failure) [PSYoungGen: 58752K->1376K(59392K)] 422802K->365426K(561152K), 0.0021413 secs] [Times: user=0.01 sys=0.00, real=0.00 secs] 
1069.376: [GC (Allocation Failure) [PSYoungGen: 58720K->1533K(59392K)] 422770K->365583K(561152K), 0.0016929 secs] [Times: user=0.01 sys=0.00, real=0.00 secs] 
1069.712: [GC (Allocation Failure) [PSYoungGen: 58877K->1597K(59392K)] 422927K->365655K(561152K), 0.0017192 secs] [Times: user=0.00 sys=0.00, real=0.01 secs] 
1070.050: [GC (Allocation Failure) [PSYoungGen: 58941K->1581K(59392K)] 422999K->365663K(561152K), 0.0016974 secs] [Times: user=0.00 sys=0.00, real=0.00 secs] 
1070.386: [GC (Allocation Failure) [PSYoungGen: 58925K->1565K(59392K)] 423007K->365647K(561152K), 0.0015792 secs] [Times: user=0.01 sys=0.00, real=0.00 secs] 
1070.748: [GC (Allocation Failure) [PSYoungGen: 58909K->1472K(59392K)] 422991K->365554K(561152K), 0.0020611 secs] [Times: user=0.01 sys=0.00, real=0.00 secs] 
1070.986: [GC (Allocation Failure) [PSYoungGen: 58816K->1376K(59392K)] 422898K->365458K(561152K), 0.0019190 secs] [Times: user=0.01 sys=0.00, real=0.00 secs] 
1071.225: [GC (Allocation Failure) [PSYoungGen: 58720K->1392K(59392K)] 422802K->365474K(561152K), 0.0019033 secs] [Times: user=0.00 sys=0.00, real=0.00 secs] 
1071.464: [GC (Allocation Failure) [PSYoungGen: 58736K->1408K(59392K)] 422818K->365490K(561152K), 0.0025960 secs] [Times: user=0.01 sys=0.00, real=0.00 secs] 
1071.702: [GC (Allocation Failure) [PSYoungGen: 58752K->1408K(59392K)] 422834K->365490K(561152K), 0.0020789 secs] [Times: user=0.01 sys=0.00, real=0.01 secs] 
1072.027: [GC (Allocation Failure) [PSYoungGen: 58752K->1501K(59392K)] 422834K->365583K(561152K), 0.0015887 secs] [Times: user=0.00 sys=0.00, real=0.00 secs] 
1072.368: [GC (Allocation Failure) [PSYoungGen: 58845K->1565K(59392K)] 422927K->365663K(561152K), 0.0016006 secs] [Times: user=0.01 sys=0.00, real=0.00 secs] 
1072.710: [GC (Allocation Failure) [PSYoungGen: 58909K->1533K(59392K)] 423007K->365631K(561152K), 0.0016290 secs] [Times: user=0.01 sys=0.00, real=0.00 secs] 
1073.046: [GC (Allocation Failure) [PSYoungGen: 58877K->1565K(59392K)] 422975K->365663K(561152K), 0.0017130 secs] [Times: user=0.01 sys=0.00, real=0.00 secs] 
1073.395: [GC (Allocation Failure) [PSYoungGen: 58909K->1440K(59392K)] 423007K->365538K(561152K), 0.0020672 secs] [Times: user=0.01 sys=0.00, real=0.00 secs] 
1073.915: [GC (Allocation Failure) [PSYoungGen: 58784K->1376K(59392K)] 422882K->365474K(561152K), 0.0019400 secs] [Times: user=0.01 sys=0.00, real=0.00 secs] 
1074.446: [GC (Allocation Failure) [PSYoungGen: 58720K->1408K(59392K)] 422818K->365506K(561152K), 0.0020135 secs] [Times: user=0.01 sys=0.00, real=0.00 secs] 
1075.082: [GC (Allocation Failure) [PSYoungGen: 58752K->1376K(59392K)] 422850K->365474K(561152K), 0.0020055 secs] [Times: user=0.01 sys=0.00, real=0.01 secs] 
1075.778: [GC (Allocation Failure) [PSYoungGen: 58720K->1392K(59392K)] 422818K->365490K(561152K), 0.0021158 secs] [Times: user=0.01 sys=0.00, real=0.00 secs] 
1076.366: [GC (Allocation Failure) [PSYoungGen: 58736K->1533K(59392K)] 422834K->365631K(561152K), 0.0015451 secs] [Times: user=0.00 sys=0.00, real=0.00 secs] 
1076.702: [GC (Allocation Failure) [PSYoungGen: 58877K->1597K(59392K)] 422975K->365703K(561152K), 0.0017868 secs] [Times: user=0.00 sys=0.00, real=0.01 secs] 
1077.038: [GC (Allocation Failure) [PSYoungGen: 58941K->1533K(59392K)] 423047K->365639K(561152K), 0.0016412 secs] [Times: user=0.00 sys=0.00, real=0.00 secs] 
1077.376: [GC (Allocation Failure) [PSYoungGen: 58877K->1533K(59392K)] 422983K->365639K(561152K), 0.0017462 secs] [Times: user=0.00 sys=0.00, real=0.00 secs] 
1077.829: [GC (Allocation Failure) [PSYoungGen: 58877K->2016K(59392K)] 422983K->366122K(561152K), 0.0020994 secs] [Times: user=0.01 sys=0.00, real=0.00 secs] 
1078.544: [GC (Allocation Failure) [PSYoungGen: 59360K->1424K(59392K)] 423466K->365530K(561152K), 0.0038800 secs] [Times: user=0.02 sys=0.00, real=0.00 secs] 
1079.021: [GC (Allocation Failure) [PSYoungGen: 58768K->1440K(59392K)] 422874K->365546K(561152K), 0.0035780 secs] [Times: user=0.01 sys=0.00, real=0.01 secs] 
1079.496: [GC (Allocation Failure) [PSYoungGen: 58784K->1344K(59392K)] 422890K->365450K(561152K), 0.0029561 secs] [Times: user=0.01 sys=0.00, real=0.00 secs] 
1079.965: [GC (Allocation Failure) [PSYoungGen: 58688K->1376K(59392K)] 422794K->365482K(561152K), 0.0027494 secs] [Times: user=0.01 sys=0.00, real=0.00 secs] 
1080.556: [GC (Allocation Failure) [PSYoungGen: 58720K->1536K(59392K)] 422826K->365642K(561152K), 0.0020694 secs] [Times: user=0.01 sys=0.00, real=0.00 secs] 
1080.973: [GC (Allocation Failure) [PSYoungGen: 58880K->1565K(59392K)] 422986K->365679K(561152K), 0.0017990 secs] [Times: user=0.01 sys=0.00, real=0.00 secs] 
1081.311: [GC (Allocation Failure) [PSYoungGen: 58909K->1565K(59392K)] 423023K->365679K(561152K), 0.0018204 secs] [Times: user=0.00 sys=0.00, real=0.00 secs] 
1081.647: [GC (Allocation Failure) [PSYoungGen: 58909K->1565K(59392K)] 423023K->365679K(561152K), 0.0017750 secs] [Times: user=0.01 sys=0.00, real=0.00 secs] 
1081.988: [GC (Allocation Failure) [PSYoungGen: 58909K->384K(59392K)] 423023K->364514K(561152K), 0.0015045 secs] [Times: user=0.01 sys=0.00, real=0.00 secs] 
1082.313: [GC (Allocation Failure) [PSYoungGen: 57728K->1440K(59392K)] 421858K->365570K(561152K), 0.0028549 secs] [Times: user=0.01 sys=0.00, real=0.01 secs] 
1082.559: [GC (Allocation Failure) [PSYoungGen: 58784K->1376K(59392K)] 422914K->365506K(561152K), 0.0024773 secs] [Times: user=0.01 sys=0.00, real=0.00 secs] 
1082.803: [GC (Allocation Failure) [PSYoungGen: 58720K->1344K(59392K)] 422850K->365474K(561152K), 0.0020236 secs] [Times: user=0.01 sys=0.00, real=0.01 secs] 
1083.071: [GC (Allocation Failure) [PSYoungGen: 58688K->1440K(59392K)] 422818K->365570K(561152K), 0.0020240 secs] [Times: user=0.01 sys=0.00, real=0.01 secs] 
1083.663: [GC (Allocation Failure) [PSYoungGen: 58784K->1453K(59392K)] 422914K->365583K(561152K), 0.0025219 secs] [Times: user=0.01 sys=0.00, real=0.01 secs] 
1084.092: [GC (Allocation Failure) [PSYoungGen: 58797K->1533K(59392K)] 422927K->365671K(561152K), 0.0016797 secs] [Times: user=0.01 sys=0.00, real=0.01 secs] 
1084.427: [GC (Allocation Failure) [PSYoungGen: 58877K->1597K(59392K)] 423015K->365735K(561152K), 0.0017791 secs] [Times: user=0.01 sys=0.01, real=0.00 secs] 
1084.764: [GC (Allocation Failure) [PSYoungGen: 58941K->1565K(59392K)] 423079K->365703K(561152K), 0.0017706 secs] [Times: user=0.01 sys=0.00, real=0.00 secs] 
1085.100: [GC (Allocation Failure) [PSYoungGen: 58909K->1565K(59392K)] 423047K->365703K(561152K), 0.0016702 secs] [Times: user=0.01 sys=0.00, real=0.00 secs] 
1085.442: [GC (Allocation Failure) [PSYoungGen: 58909K->1440K(59392K)] 423047K->365578K(561152K), 0.0033650 secs] [Times: user=0.02 sys=0.00, real=0.01 secs] 
1085.679: [GC (Allocation Failure) [PSYoungGen: 58784K->1408K(59392K)] 422922K->365546K(561152K), 0.0021570 secs] [Times: user=0.01 sys=0.00, real=0.00 secs] 
1085.917: [GC (Allocation Failure) [PSYoungGen: 58752K->1376K(59392K)] 422890K->365514K(561152K), 0.0022678 secs] [Times: user=0.01 sys=0.00, real=0.00 secs] 
1086.191: [GC (Allocation Failure) [PSYoungGen: 58720K->1440K(59392K)] 422858K->365578K(561152K), 0.0020340 secs] [Times: user=0.00 sys=0.00, real=0.01 secs] 
1086.654: [GC (Allocation Failure) [PSYoungGen: 58784K->1344K(59392K)] 422922K->365482K(561152K), 0.0028558 secs] [Times: user=0.01 sys=0.00, real=0.00 secs] 
1087.210: [GC (Allocation Failure) [PSYoungGen: 58688K->1565K(59392K)] 422826K->365703K(561152K), 0.0016929 secs] [Times: user=0.00 sys=0.00, real=0.00 secs] 
1087.547: [GC (Allocation Failure) [PSYoungGen: 58909K->1568K(59392K)] 423047K->365714K(561152K), 0.0016914 secs] [Times: user=0.00 sys=0.00, real=0.00 secs] 
1087.883: [GC (Allocation Failure) [PSYoungGen: 58912K->1565K(59392K)] 423058K->365711K(561152K), 0.0017197 secs] [Times: user=0.00 sys=0.00, real=0.01 secs] 
1088.225: [GC (Allocation Failure) [PSYoungGen: 58909K->1536K(59392K)] 423055K->365682K(561152K), 0.0016536 secs] [Times: user=0.01 sys=0.00, real=0.00 secs] 
1088.556: [GC (Allocation Failure) [PSYoungGen: 58880K->1440K(59392K)] 423026K->365586K(561152K), 0.0032871 secs] [Times: user=0.02 sys=0.00, real=0.00 secs] 
1088.806: [GC (Allocation Failure) [PSYoungGen: 58784K->1440K(59392K)] 422930K->365586K(561152K), 0.0022377 secs] [Times: user=0.00 sys=0.00, real=0.00 secs] 
1089.045: [GC (Allocation Failure) [PSYoungGen: 58784K->1408K(59392K)] 422930K->365554K(561152K), 0.0023893 secs] [Times: user=0.01 sys=0.01, real=0.00 secs] 
1089.431: [GC (Allocation Failure) [PSYoungGen: 58752K->1408K(59392K)] 422898K->365554K(561152K), 0.0023251 secs] [Times: user=0.01 sys=0.00, real=0.01 secs] 
1089.906: [GC (Allocation Failure) [PSYoungGen: 58752K->1376K(59392K)] 422898K->365522K(561152K), 0.0021549 secs] [Times: user=0.01 sys=0.00, real=0.00 secs] 
1090.347: [GC (Allocation Failure) [PSYoungGen: 58720K->1501K(59392K)] 422866K->365663K(561152K), 0.0017064 secs] [Times: user=0.01 sys=0.00, real=0.00 secs] 
1090.682: [GC (Allocation Failure) [PSYoungGen: 58845K->1565K(59392K)] 423007K->365743K(561152K), 0.0017058 secs] [Times: user=0.01 sys=0.00, real=0.01 secs] 
1091.021: [GC (Allocation Failure) [PSYoungGen: 58909K->1533K(59392K)] 423087K->365711K(561152K), 0.0016924 secs] [Times: user=0.01 sys=0.00, real=0.00 secs] 
1091.361: [GC (Allocation Failure) [PSYoungGen: 58877K->1533K(59392K)] 423055K->365711K(561152K), 0.0017345 secs] [Times: user=0.00 sys=0.00, real=0.01 secs] 
1091.870: [GC (Allocation Failure) [PSYoungGen: 58877K->1472K(59392K)] 423055K->365650K(561152K), 0.0020994 secs] [Times: user=0.00 sys=0.00, real=0.00 secs] 
1092.458: [GC (Allocation Failure) [PSYoungGen: 58816K->1408K(59392K)] 422994K->365586K(561152K), 0.0019800 secs] [Times: user=0.01 sys=0.00, real=0.00 secs] 
1092.928: [GC (Allocation Failure) [PSYoungGen: 58752K->1376K(59392K)] 422930K->365562K(561152K), 0.0021478 secs] [Times: user=0.01 sys=0.00, real=0.00 secs] 
1093.179: [GC (Allocation Failure) [PSYoungGen: 58720K->1392K(59392K)] 422906K->365578K(561152K), 0.0021181 secs] [Times: user=0.01 sys=0.01, real=0.00 secs] 
1093.491: [GC (Allocation Failure) [PSYoungGen: 58736K->1392K(59392K)] 422922K->365578K(561152K), 0.0021038 secs] [Times: user=0.00 sys=0.00, real=0.01 secs] 
1093.875: [GC (Allocation Failure) [PSYoungGen: 58736K->1517K(59392K)] 422922K->365703K(561152K), 0.0015375 secs] [Times: user=0.00 sys=0.00, real=0.00 secs] 
1094.275: [GC (Allocation Failure) [PSYoungGen: 58861K->1597K(59392K)] 423047K->365791K(561152K), 0.0017943 secs] [Times: user=0.00 sys=0.00, real=0.00 secs] 
1094.615: [GC (Allocation Failure) [PSYoungGen: 58941K->1533K(59392K)] 423135K->365727K(561152K), 0.0017774 secs] [Times: user=0.01 sys=0.00, real=0.00 secs] 
1095.011: [GC (Allocation Failure) [PSYoungGen: 58877K->1565K(59392K)] 423071K->365767K(561152K), 0.0018414 secs] [Times: user=0.01 sys=0.00, real=0.00 secs] 
1095.972: [GC (Allocation Failure) [PSYoungGen: 58909K->1472K(59392K)] 423111K->365682K(561152K), 0.0043112 secs] [Times: user=0.02 sys=0.00, real=0.01 secs] 
1096.852: [GC (Allocation Failure) [PSYoungGen: 58816K->1376K(59392K)] 423026K->365586K(561152K), 0.0040234 secs] [Times: user=0.02 sys=0.00, real=0.01 secs] 
1097.296: [GC (Allocation Failure) [PSYoungGen: 58720K->1376K(59392K)] 422930K->365586K(561152K), 0.0021934 secs] [Times: user=0.00 sys=0.00, real=0.00 secs] 
1097.539: [GC (Allocation Failure) [PSYoungGen: 58720K->1376K(59392K)] 422930K->365586K(561152K), 0.0021698 secs] [Times: user=0.01 sys=0.00, real=0.00 secs] 
1097.817: [GC (Allocation Failure) [PSYoungGen: 58720K->1376K(59392K)] 422930K->365586K(561152K), 0.0021821 secs] [Times: user=0.01 sys=0.00, real=0.00 secs] 
1098.130: [GC (Allocation Failure) [PSYoungGen: 58720K->1517K(59392K)] 422930K->365727K(561152K), 0.0017080 secs] [Times: user=0.01 sys=0.00, real=0.00 secs] 
1098.466: [GC (Allocation Failure) [PSYoungGen: 58861K->1549K(59392K)] 423071K->365775K(561152K), 0.0017549 secs] [Times: user=0.01 sys=0.00, real=0.00 secs] 
1098.805: [GC (Allocation Failure) [PSYoungGen: 58893K->1536K(59392K)] 423119K->365762K(561152K), 0.0016327 secs] [Times: user=0.01 sys=0.00, real=0.00 secs] 
1099.141: [GC (Allocation Failure) [PSYoungGen: 58880K->1597K(59392K)] 423106K->365823K(561152K), 0.0017850 secs] [Times: user=0.00 sys=0.00, real=0.00 secs] 
1100.172: [GC (Allocation Failure) [PSYoungGen: 58941K->1456K(59392K)] 423167K->365682K(561152K), 0.0041131 secs] [Times: user=0.02 sys=0.01, real=0.01 secs] 
1101.099: [GC (Allocation Failure) [PSYoungGen: 58800K->1376K(59392K)] 423026K->365602K(561152K), 0.0033834 secs] [Times: user=0.01 sys=0.00, real=0.00 secs] 
1101.362: [GC (Allocation Failure) [PSYoungGen: 58720K->1440K(59392K)] 422946K->365666K(561152K), 0.0022466 secs] [Times: user=0.01 sys=0.00, real=0.01 secs] 
1101.600: [GC (Allocation Failure) [PSYoungGen: 58784K->1376K(59392K)] 423010K->365602K(561152K), 0.0020981 secs] [Times: user=0.01 sys=0.00, real=0.00 secs] 
1101.838: [GC (Allocation Failure) [PSYoungGen: 58720K->1408K(59392K)] 422946K->365634K(561152K), 0.0021233 secs] [Times: user=0.01 sys=0.00, real=0.00 secs] 
1102.157: [GC (Allocation Failure) [PSYoungGen: 58752K->1469K(59392K)] 422978K->365711K(561152K), 0.0016650 secs] [Times: user=0.01 sys=0.00, real=0.00 secs] 
1102.492: [GC (Allocation Failure) [PSYoungGen: 58813K->1568K(59392K)] 423055K->365826K(561152K), 0.0017197 secs] [Times: user=0.01 sys=0.00, real=0.01 secs] 
1102.828: [GC (Allocation Failure) [PSYoungGen: 58912K->1565K(59392K)] 423170K->365823K(561152K), 0.0017371 secs] [Times: user=0.01 sys=0.00, real=0.00 secs] 
1103.175: [GC (Allocation Failure) [PSYoungGen: 58909K->1549K(59392K)] 423167K->365807K(561152K), 0.0016641 secs] [Times: user=0.01 sys=0.00, real=0.00 secs] 
1103.679: [GC (Allocation Failure) [PSYoungGen: 58893K->2016K(59392K)] 423151K->366274K(561152K), 0.0023104 secs] [Times: user=0.01 sys=0.00, real=0.00 secs] 
1104.737: [GC (Allocation Failure) [PSYoungGen: 59360K->1344K(59392K)] 423618K->365602K(561152K), 0.0041207 secs] [Times: user=0.02 sys=0.00, real=0.00 secs] 
1105.442: [GC (Allocation Failure) [PSYoungGen: 58688K->1376K(59392K)] 422946K->365634K(561152K), 0.0033342 secs] [Times: user=0.01 sys=0.00, real=0.01 secs] 
1105.923: [GC (Allocation Failure) [PSYoungGen: 58720K->1408K(59392K)] 422978K->365666K(561152K), 0.0028206 secs] [Times: user=0.01 sys=0.00, real=0.01 secs] 
1106.238: [GC (Allocation Failure) [PSYoungGen: 58752K->1376K(59392K)] 423010K->365634K(561152K), 0.0022388 secs] [Times: user=0.00 sys=0.00, real=0.00 secs] 
1106.564: [GC (GCLocker Initiated GC) [PSYoungGen: 58720K->1472K(59392K)] 422978K->365730K(561152K), 0.0015400 secs] [Times: user=0.01 sys=0.00, real=0.00 secs] 
1106.908: [GC (Allocation Failure) [PSYoungGen: 58816K->1440K(59392K)] 424259K->366899K(561152K), 0.0018630 secs] [Times: user=0.01 sys=0.00, real=0.00 secs] 
1107.300: [GC (Allocation Failure) [PSYoungGen: 58784K->1565K(59392K)] 424243K->367024K(561152K), 0.0017442 secs] [Times: user=0.01 sys=0.00, real=0.00 secs] 
1107.643: [GC (Allocation Failure) [PSYoungGen: 58909K->1501K(59392K)] 424368K->366960K(561152K), 0.0018066 secs] [Times: user=0.01 sys=0.00, real=0.00 secs] 
1107.976: [GC (Allocation Failure) [PSYoungGen: 58845K->1504K(59392K)] 424304K->366963K(561152K), 0.0016877 secs] [Times: user=0.00 sys=0.00, real=0.00 secs] 
1110.178: [GC (Allocation Failure) [PSYoungGen: 58848K->1456K(59392K)] 424307K->366915K(561152K), 0.0026150 secs] [Times: user=0.01 sys=0.00, real=0.00 secs] 
1110.415: [GC (Allocation Failure) [PSYoungGen: 58800K->1456K(59392K)] 424259K->366915K(561152K), 0.0020645 secs] [Times: user=0.01 sys=0.00, real=0.00 secs] 
1110.654: [GC (Allocation Failure) [PSYoungGen: 58800K->1376K(59392K)] 424259K->366835K(561152K), 0.0021239 secs] [Times: user=0.01 sys=0.00, real=0.00 secs] 
1110.893: [GC (Allocation Failure) [PSYoungGen: 58720K->1408K(59392K)] 424179K->366867K(561152K), 0.0021386 secs] [Times: user=0.01 sys=0.00, real=0.01 secs] 
1111.174: [GC (Allocation Failure) [PSYoungGen: 58732K->1533K(59392K)] 424191K->366992K(561152K), 0.0015730 secs] [Times: user=0.00 sys=0.00, real=0.00 secs] 
1111.512: [GC (Allocation Failure) [PSYoungGen: 58877K->1597K(59392K)] 424336K->367072K(561152K), 0.0016986 secs] [Times: user=0.00 sys=0.00, real=0.01 secs] 
1111.909: [GC (Allocation Failure) [PSYoungGen: 58941K->1597K(59392K)] 424416K->367072K(561152K), 0.0019061 secs] [Times: user=0.01 sys=0.00, real=0.00 secs] 
1112.306: [GC (Allocation Failure) [PSYoungGen: 58941K->1565K(59392K)] 424416K->367056K(561152K), 0.0018299 secs] [Times: user=0.00 sys=0.00, real=0.00 secs] 
1112.642: [GC (Allocation Failure) [PSYoungGen: 58909K->1565K(59392K)] 424400K->367056K(561152K), 0.0017334 secs] [Times: user=0.01 sys=0.00, real=0.01 secs] 
1113.210: [GC (Allocation Failure) [PSYoungGen: 58909K->1440K(59392K)] 424400K->366931K(561152K), 0.0033193 secs] [Times: user=0.02 sys=0.00, real=0.01 secs] 
1113.598: [GC (Allocation Failure) [PSYoungGen: 58784K->1408K(59392K)] 424275K->366947K(561152K), 0.0021667 secs] [Times: user=0.01 sys=0.00, real=0.00 secs] 
1113.879: [GC (Allocation Failure) [PSYoungGen: 58752K->1408K(59392K)] 424291K->366963K(561152K), 0.0021510 secs] [Times: user=0.01 sys=0.00, real=0.00 secs] 
1114.136: [GC (Allocation Failure) [PSYoungGen: 58752K->1424K(59392K)] 424307K->366979K(561152K), 0.0022923 secs] [Times: user=0.01 sys=0.00, real=0.00 secs] 
1114.600: [GC (Allocation Failure) [PSYoungGen: 58768K->1408K(59392K)] 424323K->366963K(561152K), 0.0020950 secs] [Times: user=0.01 sys=0.00, real=0.00 secs] 
1114.966: [GC (Allocation Failure) [PSYoungGen: 58752K->1533K(59392K)] 424307K->367104K(561152K), 0.0017068 secs] [Times: user=0.01 sys=0.00, real=0.00 secs] 
1115.304: [GC (Allocation Failure) [PSYoungGen: 58877K->1565K(59392K)] 424448K->367152K(561152K), 0.0016586 secs] [Times: user=0.01 sys=0.00, real=0.00 secs] 
1115.640: [GC (Allocation Failure) [PSYoungGen: 58909K->1565K(59392K)] 424496K->367152K(561152K), 0.0017234 secs] [Times: user=0.01 sys=0.00, real=0.00 secs] 
1115.977: [GC (Allocation Failure) [PSYoungGen: 58909K->1533K(59392K)] 424496K->367120K(561152K), 0.0017088 secs] [Times: user=0.01 sys=0.00, real=0.00 secs] 
1116.305: [GC (Allocation Failure) [PSYoungGen: 58877K->1440K(59392K)] 424464K->367027K(561152K), 0.0020096 secs] [Times: user=0.01 sys=0.00, real=0.00 secs] 
1116.612: [GC (Allocation Failure) [PSYoungGen: 58784K->1408K(59392K)] 424371K->366995K(561152K), 0.0021730 secs] [Times: user=0.01 sys=0.00, real=0.01 secs] 
1116.854: [GC (Allocation Failure) [PSYoungGen: 58752K->1376K(59392K)] 424339K->366963K(561152K), 0.0027095 secs] [Times: user=0.01 sys=0.00, real=0.00 secs] 
1117.137: [GC (Allocation Failure) [PSYoungGen: 58720K->1408K(59392K)] 424307K->366995K(561152K), 0.0021845 secs] [Times: user=0.01 sys=0.00, real=0.00 secs] 
1117.529: [GC (Allocation Failure) [PSYoungGen: 58752K->1408K(59392K)] 424339K->366995K(561152K), 0.0021567 secs] [Times: user=0.01 sys=0.00, real=0.00 secs] 
1117.940: [GC (Allocation Failure) [PSYoungGen: 58752K->1565K(59392K)] 424339K->367152K(561152K), 0.0016594 secs] [Times: user=0.01 sys=0.00, real=0.00 secs] 
1118.276: [GC (Allocation Failure) [PSYoungGen: 58909K->1597K(59392K)] 424496K->367192K(561152K), 0.0017496 secs] [Times: user=0.00 sys=0.00, real=0.00 secs] 
1118.612: [GC (Allocation Failure) [PSYoungGen: 58941K->1584K(59392K)] 424536K->367179K(561152K), 0.0017552 secs] [Times: user=0.00 sys=0.00, real=0.01 secs] 
1118.951: [GC (Allocation Failure) [PSYoungGen: 58928K->1533K(59392K)] 424523K->367128K(561152K), 0.0016670 secs] [Times: user=0.00 sys=0.00, real=0.00 secs] 
1119.565: [GC (Allocation Failure) [PSYoungGen: 58877K->1408K(59392K)] 424472K->367003K(561152K), 0.0020988 secs] [Times: user=0.01 sys=0.00, real=0.00 secs] 
1120.357: [GC (Allocation Failure) [PSYoungGen: 58752K->1344K(59392K)] 424347K->366939K(561152K), 0.0040702 secs] [Times: user=0.02 sys=0.00, real=0.00 secs] 
1121.121: [GC (Allocation Failure) [PSYoungGen: 58688K->1344K(59392K)] 424283K->366955K(561152K), 0.0041329 secs] [Times: user=0.01 sys=0.01, real=0.01 secs] 
1121.785: [GC (Allocation Failure) [PSYoungGen: 58688K->1376K(59392K)] 424299K->366987K(561152K), 0.0033101 secs] [Times: user=0.02 sys=0.00, real=0.00 secs] 
1122.265: [GC (Allocation Failure) [PSYoungGen: 58720K->1408K(59392K)] 424331K->367019K(561152K), 0.0027499 secs] [Times: user=0.01 sys=0.01, real=0.00 secs] 
1122.779: [GC (Allocation Failure) [PSYoungGen: 58752K->1549K(59392K)] 424363K->367160K(561152K), 0.0016238 secs] [Times: user=0.01 sys=0.00, real=0.00 secs] 
1123.176: [GC (Allocation Failure) [PSYoungGen: 58893K->1597K(59392K)] 424504K->367216K(561152K), 0.0017519 secs] [Times: user=0.00 sys=0.00, real=0.00 secs] 
1123.512: [GC (Allocation Failure) [PSYoungGen: 58941K->1533K(59392K)] 424560K->367152K(561152K), 0.0018576 secs] [Times: user=0.00 sys=0.00, real=0.01 secs] 
1123.860: [GC (Allocation Failure) [PSYoungGen: 58877K->1565K(59392K)] 424496K->367184K(561152K), 0.0017532 secs] [Times: user=0.01 sys=0.00, real=0.00 secs] 
1124.747: [GC (Allocation Failure) [PSYoungGen: 58909K->1488K(59392K)] 424528K->367107K(561152K), 0.0040027 secs] [Times: user=0.02 sys=0.00, real=0.00 secs] 
1125.243: [GC (Allocation Failure) [PSYoungGen: 58832K->1376K(59392K)] 424451K->366995K(561152K), 0.0040433 secs] [Times: user=0.01 sys=0.00, real=0.00 secs] 
1125.796: [GC (Allocation Failure) [PSYoungGen: 58720K->1376K(59392K)] 424339K->366995K(561152K), 0.0033398 secs] [Times: user=0.01 sys=0.00, real=0.00 secs] 
1126.276: [GC (Allocation Failure) [PSYoungGen: 58720K->1376K(59392K)] 424339K->366995K(561152K), 0.0033449 secs] [Times: user=0.02 sys=0.00, real=0.00 secs] 
1126.702: [GC (Allocation Failure) [PSYoungGen: 58720K->1376K(59392K)] 424339K->366995K(561152K), 0.0025838 secs] [Times: user=0.01 sys=0.00, real=0.01 secs] 
1127.248: [GC (Allocation Failure) [PSYoungGen: 58720K->1501K(59392K)] 424339K->367120K(561152K), 0.0015531 secs] [Times: user=0.00 sys=0.00, real=0.00 secs] 
1127.583: [GC (Allocation Failure) [PSYoungGen: 58845K->1597K(59392K)] 424464K->367224K(561152K), 0.0015957 secs] [Times: user=0.00 sys=0.00, real=0.01 secs] 
1127.983: [GC (Allocation Failure) [PSYoungGen: 58941K->1597K(59392K)] 424568K->367224K(561152K), 0.0017027 secs] [Times: user=0.01 sys=0.00, real=0.00 secs] 
1128.323: [GC (Allocation Failure) [PSYoungGen: 58941K->1501K(59392K)] 424568K->367128K(561152K), 0.0018584 secs] [Times: user=0.01 sys=0.00, real=0.01 secs] 
1128.712: [GC (Allocation Failure) [PSYoungGen: 58845K->1488K(59392K)] 424472K->367115K(561152K), 0.0024076 secs] [Times: user=0.01 sys=0.00, real=0.01 secs] 
1129.240: [GC (Allocation Failure) [PSYoungGen: 58832K->1376K(59392K)] 424459K->367003K(561152K), 0.0037369 secs] [Times: user=0.01 sys=0.00, real=0.01 secs] 
1129.745: [GC (Allocation Failure) [PSYoungGen: 58720K->1344K(59392K)] 424347K->366971K(561152K), 0.0042085 secs] [Times: user=0.02 sys=0.00, real=0.00 secs] 
1130.249: [GC (Allocation Failure) [PSYoungGen: 58688K->1424K(59392K)] 424315K->367051K(561152K), 0.0028381 secs] [Times: user=0.01 sys=0.00, real=0.00 secs] 
1130.760: [GC (Allocation Failure) [PSYoungGen: 58768K->1408K(59392K)] 424395K->367035K(561152K), 0.0027182 secs] [Times: user=0.01 sys=0.00, real=0.00 secs] 
1131.303: [GC (Allocation Failure) [PSYoungGen: 58752K->1533K(59392K)] 424379K->367160K(561152K), 0.0015081 secs] [Times: user=0.01 sys=0.00, real=0.01 secs] 
1131.641: [GC (Allocation Failure) [PSYoungGen: 58877K->1597K(59392K)] 424504K->367240K(561152K), 0.0018250 secs] [Times: user=0.00 sys=0.00, real=0.00 secs] 
1131.979: [GC (Allocation Failure) [PSYoungGen: 58941K->1549K(59392K)] 424584K->367216K(561152K), 0.0017428 secs] [Times: user=0.00 sys=0.00, real=0.00 secs] 
1132.316: [GC (Allocation Failure) [PSYoungGen: 58893K->1581K(59392K)] 424560K->367248K(561152K), 0.0017052 secs] [Times: user=0.00 sys=0.00, real=0.00 secs] 
1132.703: [GC (Allocation Failure) [PSYoungGen: 58925K->2016K(59392K)] 424592K->367683K(561152K), 0.0021015 secs] [Times: user=0.01 sys=0.00, real=0.00 secs] 
1133.021: [GC (Allocation Failure) [PSYoungGen: 59360K->1408K(59392K)] 425027K->367075K(561152K), 0.0021369 secs] [Times: user=0.01 sys=0.01, real=0.01 secs] 
1133.260: [GC (Allocation Failure) [PSYoungGen: 58752K->1392K(59392K)] 424419K->367059K(561152K), 0.0021280 secs] [Times: user=0.01 sys=0.00, real=0.00 secs] 
1133.499: [GC (Allocation Failure) [PSYoungGen: 58736K->1376K(59392K)] 424403K->367043K(561152K), 0.0019929 secs] [Times: user=0.01 sys=0.00, real=0.00 secs] 
1133.737: [GC (Allocation Failure) [PSYoungGen: 58720K->1376K(59392K)] 424387K->367043K(561152K), 0.0021538 secs] [Times: user=0.01 sys=0.00, real=0.00 secs] 
1134.141: [GC (Allocation Failure) [PSYoungGen: 58720K->1501K(59392K)] 424387K->367168K(561152K), 0.0016047 secs] [Times: user=0.00 sys=0.00, real=0.01 secs] 
1134.478: [GC (Allocation Failure) [PSYoungGen: 58845K->1613K(59392K)] 424512K->367288K(561152K), 0.0016877 secs] [Times: user=0.00 sys=0.00, real=0.00 secs] 
1134.814: [GC (Allocation Failure) [PSYoungGen: 58957K->1565K(59392K)] 424632K->367240K(561152K), 0.0017189 secs] [Times: user=0.00 sys=0.00, real=0.00 secs] 
1135.150: [GC (Allocation Failure) [PSYoungGen: 58909K->1597K(59392K)] 424584K->367272K(561152K), 0.0016606 secs] [Times: user=0.00 sys=0.00, real=0.00 secs] 
1135.481: [GC (Allocation Failure) [PSYoungGen: 58941K->1552K(59392K)] 424616K->367227K(561152K), 0.0017977 secs] [Times: user=0.01 sys=0.00, real=0.00 secs] 
1136.398: [GC (Allocation Failure) [PSYoungGen: 58896K->1440K(59392K)] 424571K->367115K(561152K), 0.0042856 secs] [Times: user=0.01 sys=0.00, real=0.00 secs] 
1137.092: [GC (Allocation Failure) [PSYoungGen: 58784K->1408K(59392K)] 424459K->367083K(561152K), 0.0041825 secs] [Times: user=0.02 sys=0.00, real=0.01 secs] 
1137.547: [GC (Allocation Failure) [PSYoungGen: 58752K->1408K(59392K)] 424427K->367083K(561152K), 0.0035554 secs] [Times: user=0.01 sys=0.01, real=0.00 secs] 
1137.872: [GC (Allocation Failure) [PSYoungGen: 58752K->1392K(59392K)] 424427K->367067K(561152K), 0.0020964 secs] [Times: user=0.01 sys=0.00, real=0.01 secs] 
1138.197: [GC (Allocation Failure) [PSYoungGen: 58736K->1469K(59392K)] 424411K->367144K(561152K), 0.0020717 secs] [Times: user=0.01 sys=0.00, real=0.00 secs] 
1138.534: [GC (Allocation Failure) [PSYoungGen: 58813K->1565K(59392K)] 424488K->367248K(561152K), 0.0017426 secs] [Times: user=0.01 sys=0.00, real=0.00 secs] 
1138.870: [GC (Allocation Failure) [PSYoungGen: 58909K->1565K(59392K)] 424592K->367248K(561152K), 0.0016657 secs] [Times: user=0.01 sys=0.00, real=0.00 secs] 
1139.208: [GC (Allocation Failure) [PSYoungGen: 58909K->1504K(59392K)] 424592K->367187K(561152K), 0.0018050 secs] [Times: user=0.01 sys=0.00, real=0.00 secs] 
1139.544: [GC (Allocation Failure) [PSYoungGen: 58848K->1533K(59392K)] 424531K->367216K(561152K), 0.0017229 secs] [Times: user=0.01 sys=0.00, real=0.00 secs] 
1139.831: [GC (Allocation Failure) [PSYoungGen: 58877K->1440K(59392K)] 424560K->367123K(561152K), 0.0018846 secs] [Times: user=0.01 sys=0.00, real=0.01 secs] 
1140.070: [GC (Allocation Failure) [PSYoungGen: 58784K->1408K(59392K)] 424467K->367091K(561152K), 0.0019706 secs] [Times: user=0.00 sys=0.00, real=0.00 secs] 
1140.308: [GC (Allocation Failure) [PSYoungGen: 58752K->1408K(59392K)] 424435K->367091K(561152K), 0.0018993 secs] [Times: user=0.00 sys=0.00, real=0.00 secs] 
1140.546: [GC (Allocation Failure) [PSYoungGen: 58752K->1344K(59392K)] 424435K->367043K(561152K), 0.0019454 secs] [Times: user=0.01 sys=0.00, real=0.00 secs] 
1140.784: [GC (Allocation Failure) [PSYoungGen: 58688K->1376K(59392K)] 424387K->367075K(561152K), 0.0018680 secs] [Times: user=0.00 sys=0.00, real=0.00 secs] 
1141.201: [GC (Allocation Failure) [PSYoungGen: 58720K->1597K(59392K)] 424419K->367312K(561152K), 0.0016954 secs] [Times: user=0.00 sys=0.00, real=0.01 secs] 
1141.604: [GC (Allocation Failure) [PSYoungGen: 58941K->1581K(59392K)] 424656K->367296K(561152K), 0.0016896 secs] [Times: user=0.00 sys=0.00, real=0.00 secs] 
1141.942: [GC (Allocation Failure) [PSYoungGen: 58925K->1597K(59392K)] 424640K->367312K(561152K), 0.0018327 secs] [Times: user=0.00 sys=0.00, real=0.01 secs] 
1142.343: [GC (Allocation Failure) [PSYoungGen: 58941K->1533K(59392K)] 424656K->367248K(561152K), 0.0017912 secs] [Times: user=0.01 sys=0.00, real=0.00 secs] 
1142.627: [GC (Allocation Failure) [PSYoungGen: 58877K->1424K(59392K)] 424592K->367139K(561152K), 0.0025821 secs] [Times: user=0.01 sys=0.00, real=0.00 secs] 
1142.866: [GC (Allocation Failure) [PSYoungGen: 58768K->1408K(59392K)] 424483K->367123K(561152K), 0.0021767 secs] [Times: user=0.01 sys=0.00, real=0.00 secs] 
1143.105: [GC (Allocation Failure) [PSYoungGen: 58752K->1408K(59392K)] 424467K->367123K(561152K), 0.0022729 secs] [Times: user=0.01 sys=0.00, real=0.00 secs] 
1143.343: [GC (Allocation Failure) [PSYoungGen: 58752K->1376K(59392K)] 424467K->367091K(561152K), 0.0022709 secs] [Times: user=0.01 sys=0.00, real=0.00 secs] 
1143.582: [GC (Allocation Failure) [PSYoungGen: 58720K->1376K(59392K)] 424435K->367091K(561152K), 0.0023007 secs] [Times: user=0.01 sys=0.00, real=0.01 secs] 
1143.939: [GC (Allocation Failure) [PSYoungGen: 58720K->1504K(59392K)] 424435K->367219K(561152K), 0.0016132 secs] [Times: user=0.01 sys=0.00, real=0.00 secs] 
1144.286: [GC (Allocation Failure) [PSYoungGen: 58848K->1533K(59392K)] 424563K->367256K(561152K), 0.0017012 secs] [Times: user=0.00 sys=0.00, real=0.00 secs] 
1144.623: [GC (Allocation Failure) [PSYoungGen: 58877K->1565K(59392K)] 424600K->367288K(561152K), 0.0015954 secs] [Times: user=0.01 sys=0.00, real=0.00 secs] 
1144.960: [GC (Allocation Failure) [PSYoungGen: 58892K->1597K(59392K)] 424615K->367320K(561152K), 0.0017239 secs] [Times: user=0.01 sys=0.00, real=0.00 secs] 
1145.237: [GC (Allocation Failure) [PSYoungGen: 58941K->1440K(59392K)] 424664K->367163K(561152K), 0.0016417 secs] [Times: user=0.00 sys=0.00, real=0.00 secs] 
1145.475: [GC (Allocation Failure) [PSYoungGen: 58784K->1408K(59392K)] 424507K->367131K(561152K), 0.0016482 secs] [Times: user=0.00 sys=0.00, real=0.00 secs] 
1145.790: [GC (Allocation Failure) [PSYoungGen: 58752K->1408K(59392K)] 424475K->367139K(561152K), 0.0019343 secs] [Times: user=0.01 sys=0.00, real=0.00 secs] 
1146.174: [GC (Allocation Failure) [PSYoungGen: 58752K->1408K(59392K)] 424483K->367139K(561152K), 0.0022435 secs] [Times: user=0.01 sys=0.00, real=0.00 secs] 
1146.619: [GC (Allocation Failure) [PSYoungGen: 58752K->1392K(59392K)] 424483K->367123K(561152K), 0.0023011 secs] [Times: user=0.01 sys=0.00, real=0.00 secs] 
1147.037: [GC (Allocation Failure) [PSYoungGen: 58736K->1536K(59392K)] 424467K->367267K(561152K), 0.0015836 secs] [Times: user=0.01 sys=0.00, real=0.00 secs] 
1147.374: [GC (Allocation Failure) [PSYoungGen: 58880K->1501K(59392K)] 424611K->367248K(561152K), 0.0017419 secs] [Times: user=0.01 sys=0.00, real=0.00 secs] 
1147.709: [GC (Allocation Failure) [PSYoungGen: 58845K->1581K(59392K)] 424592K->367328K(561152K), 0.0016188 secs] [Times: user=0.01 sys=0.00, real=0.00 secs] 
1148.105: [GC (Allocation Failure) [PSYoungGen: 58925K->1597K(59392K)] 424672K->367344K(561152K), 0.0017209 secs] [Times: user=0.00 sys=0.00, real=0.00 secs] 
1148.712: [GC (Allocation Failure) [PSYoungGen: 58941K->1472K(59392K)] 424688K->367219K(561152K), 0.0026205 secs] [Times: user=0.01 sys=0.01, real=0.01 secs] 
1149.230: [GC (Allocation Failure) [PSYoungGen: 58816K->1376K(59392K)] 424563K->367123K(561152K), 0.0025031 secs] [Times: user=0.01 sys=0.00, real=0.00 secs] 
1149.609: [GC (Allocation Failure) [PSYoungGen: 58720K->1408K(59392K)] 424467K->367155K(561152K), 0.0024804 secs] [Times: user=0.01 sys=0.00, real=0.00 secs] 
1150.139: [GC (Allocation Failure) [PSYoungGen: 58752K->1408K(59392K)] 424499K->367155K(561152K), 0.0025076 secs] [Times: user=0.01 sys=0.00, real=0.00 secs] 
1150.710: [GC (Allocation Failure) [PSYoungGen: 58752K->1408K(59392K)] 424499K->367155K(561152K), 0.0025098 secs] [Times: user=0.01 sys=0.00, real=0.00 secs] 
1151.282: [GC (Allocation Failure) [PSYoungGen: 58752K->1533K(59392K)] 424499K->367304K(561152K), 0.0016549 secs] [Times: user=0.01 sys=0.00, real=0.01 secs] 
1151.622: [GC (Allocation Failure) [PSYoungGen: 58877K->1533K(59392K)] 424648K->367320K(561152K), 0.0016621 secs] [Times: user=0.01 sys=0.00, real=0.01 secs] 
1151.959: [GC (Allocation Failure) [PSYoungGen: 58877K->1565K(59392K)] 424664K->367352K(561152K), 0.0016513 secs] [Times: user=0.01 sys=0.00, real=0.00 secs] 
1152.295: [GC (Allocation Failure) [PSYoungGen: 58909K->1565K(59392K)] 424696K->367352K(561152K), 0.0016626 secs] [Times: user=0.01 sys=0.00, real=0.00 secs] 
1152.671: [GC (Allocation Failure) [PSYoungGen: 58909K->1472K(59392K)] 424696K->367259K(561152K), 0.0020401 secs] [Times: user=0.01 sys=0.00, real=0.00 secs] 
1152.910: [GC (Allocation Failure) [PSYoungGen: 58816K->1376K(59392K)] 424603K->367163K(561152K), 0.0019104 secs] [Times: user=0.00 sys=0.00, real=0.00 secs] 
1153.148: [GC (Allocation Failure) [PSYoungGen: 58720K->1344K(59392K)] 424507K->367131K(561152K), 0.0017867 secs] [Times: user=0.01 sys=0.00, real=0.00 secs] 
1153.434: [GC (Allocation Failure) [PSYoungGen: 58688K->1408K(59392K)] 424475K->367195K(561152K), 0.0019373 secs] [Times: user=0.01 sys=0.00, real=0.00 secs] 
1153.691: [GC (Allocation Failure) [PSYoungGen: 58752K->1376K(59392K)] 424539K->367163K(561152K), 0.0020897 secs] [Times: user=0.01 sys=0.00, real=0.01 secs] 
1154.126: [GC (Allocation Failure) [PSYoungGen: 58720K->1437K(59392K)] 424507K->367224K(561152K), 0.0015187 secs] [Times: user=0.01 sys=0.00, real=0.00 secs] 
1154.470: [GC (Allocation Failure) [PSYoungGen: 58781K->1565K(59392K)] 424568K->367360K(561152K), 0.0017142 secs] [Times: user=0.00 sys=0.00, real=0.00 secs] 
1154.863: [GC (Allocation Failure) [PSYoungGen: 58909K->1533K(59392K)] 424704K->367328K(561152K), 0.0017883 secs] [Times: user=0.00 sys=0.00, real=0.01 secs] 
1155.201: [GC (Allocation Failure) [PSYoungGen: 58877K->1565K(59392K)] 424672K->367360K(561152K), 0.0018592 secs] [Times: user=0.01 sys=0.00, real=0.00 secs] 
1155.594: [GC (Allocation Failure) [PSYoungGen: 58909K->2016K(59392K)] 424704K->367811K(561152K), 0.0021408 secs] [Times: user=0.01 sys=0.00, real=0.00 secs] 
1156.274: [GC (Allocation Failure) [PSYoungGen: 59360K->1408K(59392K)] 425155K->367203K(561152K), 0.0040901 secs] [Times: user=0.02 sys=0.00, real=0.00 secs] 
1156.884: [GC (Allocation Failure) [PSYoungGen: 58752K->1408K(59392K)] 424547K->367203K(561152K), 0.0042108 secs] [Times: user=0.02 sys=0.00, real=0.00 secs] 
1157.356: [GC (Allocation Failure) [PSYoungGen: 58752K->1392K(59392K)] 424547K->367187K(561152K), 0.0028626 secs] [Times: user=0.01 sys=0.00, real=0.00 secs] 
1157.776: [GC (Allocation Failure) [PSYoungGen: 58736K->1392K(59392K)] 424531K->367187K(561152K), 0.0023831 secs] [Times: user=0.01 sys=0.00, real=0.00 secs] 
1158.303: [GC (Allocation Failure) [PSYoungGen: 58736K->1469K(59392K)] 424531K->367264K(561152K), 0.0018929 secs] [Times: user=0.01 sys=0.00, real=0.01 secs] 
1158.695: [GC (Allocation Failure) [PSYoungGen: 58813K->1565K(59392K)] 424608K->367368K(561152K), 0.0015976 secs] [Times: user=0.01 sys=0.00, real=0.00 secs] 
1159.033: [GC (Allocation Failure) [PSYoungGen: 58909K->1597K(59392K)] 424712K->367400K(561152K), 0.0017190 secs] [Times: user=0.00 sys=0.00, real=0.01 secs] 
1159.369: [GC (Allocation Failure) [PSYoungGen: 58941K->1536K(59392K)] 424744K->367339K(561152K), 0.0016572 secs] [Times: user=0.01 sys=0.00, real=0.00 secs] 
1159.709: [GC (Allocation Failure) [PSYoungGen: 58566K->288K(59392K)] 424370K->366091K(561152K), 0.0015699 secs] [Times: user=0.01 sys=0.00, real=0.00 secs] 
1160.025: [GC (Allocation Failure) [PSYoungGen: 57632K->1408K(59392K)] 423435K->367211K(561152K), 0.0025226 secs] [Times: user=0.01 sys=0.00, real=0.00 secs] 
1160.318: [GC (Allocation Failure) [PSYoungGen: 58752K->1344K(59392K)] 424555K->367147K(561152K), 0.0020527 secs] [Times: user=0.01 sys=0.00, real=0.00 secs] 
1160.721: [GC (Allocation Failure) [PSYoungGen: 58688K->1440K(59392K)] 424491K->367243K(561152K), 0.0021506 secs] [Times: user=0.01 sys=0.00, real=0.01 secs] 
1161.177: [GC (Allocation Failure) [PSYoungGen: 58784K->1344K(59392K)] 424587K->367171K(561152K), 0.0022828 secs] [Times: user=0.01 sys=0.00, real=0.00 secs] 
1161.670: [GC (Allocation Failure) [PSYoungGen: 58688K->1437K(59392K)] 424515K->367264K(561152K), 0.0020040 secs] [Times: user=0.01 sys=0.00, real=0.00 secs] 
1162.018: [GC (Allocation Failure) [PSYoungGen: 58781K->1533K(59392K)] 424608K->367368K(561152K), 0.0017277 secs] [Times: user=0.01 sys=0.00, real=0.00 secs] 
1162.353: [GC (Allocation Failure) [PSYoungGen: 58877K->1597K(59392K)] 424712K->367432K(561152K), 0.0016271 secs] [Times: user=0.01 sys=0.00, real=0.00 secs] 
1162.751: [GC (Allocation Failure) [PSYoungGen: 58941K->1533K(59392K)] 424776K->367368K(561152K), 0.0017491 secs] [Times: user=0.01 sys=0.00, real=0.01 secs] 
1163.088: [GC (Allocation Failure) [PSYoungGen: 58877K->1565K(59392K)] 424712K->367400K(561152K), 0.0018757 secs] [Times: user=0.01 sys=0.00, real=0.00 secs] 
1164.019: [GC (Allocation Failure) [PSYoungGen: 58909K->1440K(59392K)] 424744K->367275K(561152K), 0.0036146 secs] [Times: user=0.02 sys=0.00, real=0.00 secs] 
1164.669: [GC (Allocation Failure) [PSYoungGen: 58784K->1376K(59392K)] 424619K->367211K(561152K), 0.0026923 secs] [Times: user=0.01 sys=0.00, real=0.00 secs] 
1165.194: [GC (Allocation Failure) [PSYoungGen: 58720K->1360K(59392K)] 424555K->367195K(561152K), 0.0031302 secs] [Times: user=0.02 sys=0.00, real=0.00 secs] 
1165.502: [GC (Allocation Failure) [PSYoungGen: 58704K->1376K(59392K)] 424539K->367211K(561152K), 0.0022412 secs] [Times: user=0.01 sys=0.00, real=0.01 secs] 
1165.957: [GC (Allocation Failure) [PSYoungGen: 58720K->1408K(59392K)] 424555K->367243K(561152K), 0.0024011 secs] [Times: user=0.01 sys=0.00, real=0.00 secs] 
1166.327: [GC (Allocation Failure) [PSYoungGen: 58752K->1597K(59392K)] 424587K->367440K(561152K), 0.0016998 secs] [Times: user=0.01 sys=0.00, real=0.00 secs] 
1166.665: [GC (Allocation Failure) [PSYoungGen: 58941K->1565K(59392K)] 424784K->367416K(561152K), 0.0017616 secs] [Times: user=0.01 sys=0.00, real=0.00 secs] 
1167.004: [GC (Allocation Failure) [PSYoungGen: 58909K->1565K(59392K)] 424760K->367416K(561152K), 0.0017325 secs] [Times: user=0.00 sys=0.00, real=0.00 secs] 
1167.341: [GC (Allocation Failure) [PSYoungGen: 58909K->1533K(59392K)] 424760K->367384K(561152K), 0.0017185 secs] [Times: user=0.01 sys=0.00, real=0.00 secs] 
1167.714: [GC (Allocation Failure) [PSYoungGen: 58877K->1408K(59392K)] 424728K->367267K(561152K), 0.0021218 secs] [Times: user=0.01 sys=0.00, real=0.00 secs] 
1167.953: [GC (Allocation Failure) [PSYoungGen: 58752K->1424K(59392K)] 424611K->367283K(561152K), 0.0019751 secs] [Times: user=0.01 sys=0.00, real=0.00 secs] 
1168.192: [GC (Allocation Failure) [PSYoungGen: 58768K->1408K(59392K)] 424627K->367267K(561152K), 0.0019086 secs] [Times: user=0.01 sys=0.00, real=0.01 secs] 
1168.430: [GC (Allocation Failure) [PSYoungGen: 58752K->1408K(59392K)] 424611K->367267K(561152K), 0.0018877 secs] [Times: user=0.01 sys=0.00, real=0.00 secs] 
1168.791: [GC (Allocation Failure) [PSYoungGen: 58752K->1408K(59392K)] 424611K->367267K(561152K), 0.0023954 secs] [Times: user=0.01 sys=0.00, real=0.01 secs] 
1169.195: [GC (Allocation Failure) [PSYoungGen: 58752K->1533K(59392K)] 424611K->367392K(561152K), 0.0016341 secs] [Times: user=0.01 sys=0.00, real=0.00 secs] 
1169.530: [GC (Allocation Failure) [PSYoungGen: 58877K->1536K(59392K)] 424736K->367403K(561152K), 0.0017242 secs] [Times: user=0.00 sys=0.00, real=0.00 secs] 
1169.866: [GC (Allocation Failure) [PSYoungGen: 58880K->1552K(59392K)] 424747K->367419K(561152K), 0.0017255 secs] [Times: user=0.00 sys=0.00, real=0.00 secs] 
1170.202: [GC (Allocation Failure) [PSYoungGen: 58896K->1613K(59392K)] 424763K->367504K(561152K), 0.0016556 secs] [Times: user=0.01 sys=0.00, real=0.01 secs] 
1170.519: [GC (Allocation Failure) [PSYoungGen: 58957K->1392K(59392K)] 424848K->367283K(561152K), 0.0020816 secs] [Times: user=0.01 sys=0.00, real=0.00 secs] 
1170.796: [GC (Allocation Failure) [PSYoungGen: 58736K->1408K(59392K)] 424627K->367299K(561152K), 0.0017985 secs] [Times: user=0.01 sys=0.00, real=0.00 secs] 
1171.034: [GC (Allocation Failure) [PSYoungGen: 58752K->1408K(59392K)] 424643K->367299K(561152K), 0.0019428 secs] [Times: user=0.01 sys=0.00, real=0.00 secs] 
1171.272: [GC (Allocation Failure) [PSYoungGen: 58752K->1344K(59392K)] 424643K->367235K(561152K), 0.0018707 secs] [Times: user=0.00 sys=0.01, real=0.01 secs] 
1171.510: [GC (Allocation Failure) [PSYoungGen: 58688K->1344K(59392K)] 424579K->367235K(561152K), 0.0023125 secs] [Times: user=0.01 sys=0.00, real=0.00 secs] 
1171.887: [GC (Allocation Failure) [PSYoungGen: 58688K->1533K(59392K)] 424579K->367424K(561152K), 0.0016477 secs] [Times: user=0.01 sys=0.00, real=0.00 secs] 
1172.223: [GC (Allocation Failure) [PSYoungGen: 58877K->1549K(59392K)] 424768K->367464K(561152K), 0.0017253 secs] [Times: user=0.01 sys=0.00, real=0.00 secs] 
1172.562: [GC (Allocation Failure) [PSYoungGen: 58893K->1549K(59392K)] 424808K->367464K(561152K), 0.0016540 secs] [Times: user=0.01 sys=0.00, real=0.01 secs] 
1172.899: [GC (Allocation Failure) [PSYoungGen: 58893K->1613K(59392K)] 424808K->367528K(561152K), 0.0015923 secs] [Times: user=0.01 sys=0.00, real=0.00 secs] 
1173.237: [GC (Allocation Failure) [PSYoungGen: 58957K->1472K(59392K)] 424872K->367395K(561152K), 0.0021930 secs] [Times: user=0.00 sys=0.00, real=0.00 secs] 
1173.476: [GC (Allocation Failure) [PSYoungGen: 58816K->1376K(59392K)] 424739K->367299K(561152K), 0.0019974 secs] [Times: user=0.01 sys=0.00, real=0.00 secs] 
1173.972: [GC (Allocation Failure) [PSYoungGen: 58720K->1392K(59392K)] 424643K->367315K(561152K), 0.0021684 secs] [Times: user=0.01 sys=0.00, real=0.01 secs] 
1174.434: [GC (Allocation Failure) [PSYoungGen: 58736K->1392K(59392K)] 424659K->367315K(561152K), 0.0023561 secs] [Times: user=0.01 sys=0.00, real=0.00 secs] 
1174.864: [GC (Allocation Failure) [PSYoungGen: 58736K->1376K(59392K)] 424659K->367299K(561152K), 0.0035207 secs] [Times: user=0.01 sys=0.00, real=0.00 secs] 
1175.336: [GC (Allocation Failure) [PSYoungGen: 58720K->1501K(59392K)] 424643K->367424K(561152K), 0.0015880 secs] [Times: user=0.00 sys=0.00, real=0.00 secs] 
1175.671: [GC (Allocation Failure) [PSYoungGen: 58845K->1565K(59392K)] 424768K->367504K(561152K), 0.0016825 secs] [Times: user=0.01 sys=0.00, real=0.00 secs] 
1176.009: [GC (Allocation Failure) [PSYoungGen: 58909K->1597K(59392K)] 424848K->367536K(561152K), 0.0016671 secs] [Times: user=0.00 sys=0.00, real=0.00 secs] 
1176.411: [GC (Allocation Failure) [PSYoungGen: 58941K->1533K(59392K)] 424880K->367472K(561152K), 0.0016266 secs] [Times: user=0.00 sys=0.00, real=0.00 secs] 
1176.809: [GC (Allocation Failure) [PSYoungGen: 58877K->1472K(59392K)] 424816K->367411K(561152K), 0.0020842 secs] [Times: user=0.00 sys=0.00, real=0.00 secs] 
1177.265: [GC (Allocation Failure) [PSYoungGen: 58816K->1376K(59392K)] 424755K->367315K(561152K), 0.0021993 secs] [Times: user=0.01 sys=0.00, real=0.00 secs] 
1177.525: [GC (Allocation Failure) [PSYoungGen: 58720K->1376K(59392K)] 424659K->367315K(561152K), 0.0021582 secs] [Times: user=0.01 sys=0.00, real=0.00 secs] 
1177.763: [GC (Allocation Failure) [PSYoungGen: 58720K->1408K(59392K)] 424659K->367347K(561152K), 0.0021571 secs] [Times: user=0.01 sys=0.00, real=0.00 secs] 
1178.046: [GC (Allocation Failure) [PSYoungGen: 58752K->1376K(59392K)] 424691K->367315K(561152K), 0.0022225 secs] [Times: user=0.01 sys=0.00, real=0.00 secs] 
1178.342: [GC (Allocation Failure) [PSYoungGen: 58720K->1501K(59392K)] 424659K->367440K(561152K), 0.0016672 secs] [Times: user=0.01 sys=0.00, real=0.01 secs] 
1178.678: [GC (Allocation Failure) [PSYoungGen: 58845K->1549K(59392K)] 424784K->367512K(561152K), 0.0017103 secs] [Times: user=0.01 sys=0.00, real=0.00 secs] 
1179.015: [GC (Allocation Failure) [PSYoungGen: 58893K->1565K(59392K)] 424856K->367528K(561152K), 0.0015653 secs] [Times: user=0.00 sys=0.00, real=0.00 secs] 
1179.414: [GC (Allocation Failure) [PSYoungGen: 58909K->1597K(59392K)] 424872K->367560K(561152K), 0.0017463 secs] [Times: user=0.01 sys=0.00, real=0.00 secs] 
1179.821: [GC (Allocation Failure) [PSYoungGen: 58941K->2016K(59392K)] 424904K->367979K(561152K), 0.0022546 secs] [Times: user=0.01 sys=0.00, real=0.00 secs] 
1181.080: [GC (Allocation Failure) [PSYoungGen: 59360K->1408K(59392K)] 425323K->367395K(561152K), 0.0028158 secs] [Times: user=0.02 sys=0.00, real=0.00 secs] 
1181.935: [GC (Allocation Failure) [PSYoungGen: 58752K->1408K(59392K)] 424739K->367395K(561152K), 0.0028998 secs] [Times: user=0.02 sys=0.00, real=0.00 secs] 
1182.718: [GC (Allocation Failure) [PSYoungGen: 58752K->1376K(59392K)] 424739K->367363K(561152K), 0.0029601 secs] [Times: user=0.01 sys=0.00, real=0.00 secs] 
1183.366: [GC (Allocation Failure) [PSYoungGen: 58720K->1376K(59392K)] 424707K->367363K(561152K), 0.0029633 secs] [Times: user=0.01 sys=0.00, real=0.00 secs] 
1183.942: [GC (Allocation Failure) [PSYoungGen: 58720K->1517K(59392K)] 424707K->367504K(561152K), 0.0021483 secs] [Times: user=0.01 sys=0.00, real=0.01 secs] 
1184.362: [GC (Allocation Failure) [PSYoungGen: 58861K->1533K(59392K)] 424848K->367528K(561152K), 0.0018716 secs] [Times: user=0.01 sys=0.00, real=0.01 secs] 
1184.700: [GC (Allocation Failure) [PSYoungGen: 58877K->1565K(59392K)] 424872K->367560K(561152K), 0.0017257 secs] [Times: user=0.01 sys=0.00, real=0.00 secs] 
1185.039: [GC (Allocation Failure) [PSYoungGen: 58909K->1565K(59392K)] 424904K->367560K(561152K), 0.0017844 secs] [Times: user=0.01 sys=0.00, real=0.00 secs] 
1185.387: [GC (Allocation Failure) [PSYoungGen: 58909K->1597K(59392K)] 424904K->367592K(561152K), 0.0018835 secs] [Times: user=0.01 sys=0.00, real=0.00 secs] 
1186.120: [GC (Allocation Failure) [PSYoungGen: 58941K->1408K(59392K)] 424936K->367403K(561152K), 0.0041406 secs] [Times: user=0.01 sys=0.00, real=0.01 secs] 
1186.817: [GC (Allocation Failure) [PSYoungGen: 58752K->1408K(59392K)] 424747K->367403K(561152K), 0.0042231 secs] [Times: user=0.02 sys=0.00, real=0.00 secs] 
1187.469: [GC (Allocation Failure) [PSYoungGen: 58752K->1376K(59392K)] 424747K->367371K(561152K), 0.0042062 secs] [Times: user=0.01 sys=0.00, real=0.01 secs] 
1188.113: [GC (Allocation Failure) [PSYoungGen: 58720K->1376K(59392K)] 424715K->367371K(561152K), 0.0041621 secs] [Times: user=0.02 sys=0.00, real=0.01 secs] 
1188.623: [GC (Allocation Failure) [PSYoungGen: 58698K->1437K(59392K)] 424694K->367432K(561152K), 0.0023111 secs] [Times: user=0.01 sys=0.00, real=0.00 secs] 
1189.061: [GC (Allocation Failure) [PSYoungGen: 58781K->1565K(59392K)] 424776K->367576K(561152K), 0.0018017 secs] [Times: user=0.01 sys=0.00, real=0.00 secs] 
1189.397: [GC (Allocation Failure) [PSYoungGen: 58909K->1565K(59392K)] 424920K->367576K(561152K), 0.0017897 secs] [Times: user=0.01 sys=0.00, real=0.00 secs] 
1189.733: [GC (Allocation Failure) [PSYoungGen: 58909K->1533K(59392K)] 424920K->367544K(561152K), 0.0016445 secs] [Times: user=0.01 sys=0.00, real=0.00 secs] 
1190.070: [GC (Allocation Failure) [PSYoungGen: 58877K->1504K(59392K)] 424888K->367515K(561152K), 0.0016613 secs] [Times: user=0.00 sys=0.00, real=0.00 secs] 
1190.542: [GC (Allocation Failure) [PSYoungGen: 58848K->1472K(59392K)] 424859K->367491K(561152K), 0.0039584 secs] [Times: user=0.01 sys=0.00, real=0.01 secs] 
1190.983: [GC (Allocation Failure) [PSYoungGen: 58816K->1376K(59392K)] 424835K->367395K(561152K), 0.0032708 secs] [Times: user=0.01 sys=0.00, real=0.01 secs] 
1191.417: [GC (Allocation Failure) [PSYoungGen: 58720K->1376K(59392K)] 424739K->367395K(561152K), 0.0028683 secs] [Times: user=0.01 sys=0.01, real=0.00 secs] 
1191.860: [GC (Allocation Failure) [PSYoungGen: 58720K->1408K(59392K)] 424739K->367427K(561152K), 0.0027672 secs] [Times: user=0.01 sys=0.00, real=0.00 secs] 
1192.234: [GC (Allocation Failure) [PSYoungGen: 58752K->1376K(59392K)] 424771K->367419K(561152K), 0.0024932 secs] [Times: user=0.01 sys=0.00, real=0.00 secs] 
1192.621: [GC (Allocation Failure) [PSYoungGen: 58712K->1533K(59392K)] 424755K->367576K(561152K), 0.0016423 secs] [Times: user=0.01 sys=0.00, real=0.00 secs] 
1192.957: [GC (Allocation Failure) [PSYoungGen: 58877K->1565K(59392K)] 424920K->367624K(561152K), 0.0017135 secs] [Times: user=0.01 sys=0.00, real=0.00 secs] 
1193.293: [GC (Allocation Failure) [PSYoungGen: 58909K->1597K(59392K)] 424968K->367656K(561152K), 0.0017636 secs] [Times: user=0.00 sys=0.00, real=0.00 secs] 
1193.630: [GC (Allocation Failure) [PSYoungGen: 58941K->1533K(59392K)] 425000K->367592K(561152K), 0.0016398 secs] [Times: user=0.00 sys=0.00, real=0.00 secs] 
1193.987: [GC (Allocation Failure) [PSYoungGen: 58877K->1408K(59392K)] 424936K->367475K(561152K), 0.0020762 secs] [Times: user=0.00 sys=0.00, real=0.00 secs] 
1194.485: [GC (Allocation Failure) [PSYoungGen: 58752K->1344K(59392K)] 424819K->367411K(561152K), 0.0019344 secs] [Times: user=0.01 sys=0.00, real=0.00 secs] 
1195.079: [GC (Allocation Failure) [PSYoungGen: 58688K->1408K(59392K)] 424755K->367475K(561152K), 0.0035096 secs] [Times: user=0.02 sys=0.00, real=0.00 secs] 
1195.732: [GC (Allocation Failure) [PSYoungGen: 58752K->1376K(59392K)] 424819K->367443K(561152K), 0.0035620 secs] [Times: user=0.02 sys=0.00, real=0.01 secs] 
1196.386: [GC (Allocation Failure) [PSYoungGen: 58720K->1376K(59392K)] 424787K->367443K(561152K), 0.0034494 secs] [Times: user=0.01 sys=0.00, real=0.00 secs] 
1196.969: [GC (Allocation Failure) [PSYoungGen: 58720K->1533K(59392K)] 424787K->367600K(561152K), 0.0017630 secs] [Times: user=0.00 sys=0.00, real=0.00 secs] 
1197.366: [GC (Allocation Failure) [PSYoungGen: 58877K->1565K(59392K)] 424944K->367640K(561152K), 0.0017173 secs] [Times: user=0.00 sys=0.00, real=0.00 secs] 
1197.702: [GC (Allocation Failure) [PSYoungGen: 58909K->1597K(59392K)] 424984K->367672K(561152K), 0.0017274 secs] [Times: user=0.00 sys=0.00, real=0.01 secs] 
1198.041: [GC (Allocation Failure) [PSYoungGen: 58941K->1565K(59392K)] 425016K->367640K(561152K), 0.0017418 secs] [Times: user=0.00 sys=0.00, real=0.00 secs] 
1198.921: [GC (Allocation Failure) [PSYoungGen: 58909K->1472K(59392K)] 424984K->367547K(561152K), 0.0038596 secs] [Times: user=0.01 sys=0.00, real=0.01 secs] 
1199.347: [GC (Allocation Failure) [PSYoungGen: 58816K->1376K(59392K)] 424891K->367451K(561152K), 0.0025240 secs] [Times: user=0.01 sys=0.00, real=0.00 secs] 
1199.833: [GC (Allocation Failure) [PSYoungGen: 58720K->1376K(59392K)] 424795K->367451K(561152K), 0.0022690 secs] [Times: user=0.01 sys=0.00, real=0.01 secs] 
1200.311: [GC (Allocation Failure) [PSYoungGen: 58720K->1408K(59392K)] 424795K->367483K(561152K), 0.0023548 secs] [Times: user=0.01 sys=0.00, real=0.01 secs] 
1200.786: [GC (Allocation Failure) [PSYoungGen: 58752K->1376K(59392K)] 424827K->367451K(561152K), 0.0044361 secs] [Times: user=0.01 sys=0.00, real=0.00 secs] 
1201.333: [GC (Allocation Failure) [PSYoungGen: 58720K->1501K(59392K)] 424795K->367576K(561152K), 0.0016289 secs] [Times: user=0.01 sys=0.00, real=0.00 secs] 
1201.731: [GC (Allocation Failure) [PSYoungGen: 58845K->1565K(59392K)] 424920K->367656K(561152K), 0.0017731 secs] [Times: user=0.01 sys=0.00, real=0.00 secs] 
1202.073: [GC (Allocation Failure) [PSYoungGen: 58909K->1565K(59392K)] 425000K->367656K(561152K), 0.0015785 secs] [Times: user=0.01 sys=0.00, real=0.00 secs] 
1202.470: [GC (Allocation Failure) [PSYoungGen: 58909K->1565K(59392K)] 425000K->367672K(561152K), 0.0018506 secs] [Times: user=0.01 sys=0.00, real=0.00 secs] 
1202.944: [GC (Allocation Failure) [PSYoungGen: 58909K->1440K(59392K)] 425016K->367555K(561152K), 0.0032093 secs] [Times: user=0.01 sys=0.00, real=0.00 secs] 
1203.462: [GC (Allocation Failure) [PSYoungGen: 58784K->1344K(59392K)] 424899K->367459K(561152K), 0.0033644 secs] [Times: user=0.02 sys=0.00, real=0.01 secs] 
1203.969: [GC (Allocation Failure) [PSYoungGen: 58688K->1376K(59392K)] 424803K->367491K(561152K), 0.0023613 secs] [Times: user=0.01 sys=0.00, real=0.00 secs] 
1204.445: [GC (Allocation Failure) [PSYoungGen: 58720K->1376K(59392K)] 424835K->367491K(561152K), 0.0020790 secs] [Times: user=0.01 sys=0.00, real=0.00 secs] 
1204.877: [GC (Allocation Failure) [PSYoungGen: 58720K->1376K(59392K)] 424835K->367491K(561152K), 0.0021446 secs] [Times: user=0.01 sys=0.00, real=0.00 secs] 
1205.272: [GC (Allocation Failure) [PSYoungGen: 58720K->1565K(59392K)] 424835K->367680K(561152K), 0.0016767 secs] [Times: user=0.00 sys=0.00, real=0.01 secs] 
1205.613: [GC (Allocation Failure) [PSYoungGen: 58909K->1565K(59392K)] 425024K->367696K(561152K), 0.0016941 secs] [Times: user=0.01 sys=0.00, real=0.01 secs] 
1206.020: [GC (Allocation Failure) [PSYoungGen: 58909K->1552K(59392K)] 425040K->367683K(561152K), 0.0017255 secs] [Times: user=0.01 sys=0.00, real=0.00 secs] 
1206.419: [GC (Allocation Failure) [PSYoungGen: 58896K->1504K(59392K)] 425027K->367635K(561152K), 0.0017103 secs] [Times: user=0.00 sys=0.00, real=0.00 secs] 
1206.790: [GC (Allocation Failure) [PSYoungGen: 58848K->1504K(59392K)] 424979K->367635K(561152K), 0.0020213 secs] [Times: user=0.01 sys=0.00, real=0.00 secs] 
1207.280: [GC (Allocation Failure) [PSYoungGen: 58848K->1344K(59392K)] 424979K->367475K(561152K), 0.0025261 secs] [Times: user=0.01 sys=0.00, real=0.00 secs] 
1207.754: [GC (Allocation Failure) [PSYoungGen: 58688K->1376K(59392K)] 424819K->367507K(561152K), 0.0026787 secs] [Times: user=0.01 sys=0.00, real=0.00 secs] 
1208.315: [GC (Allocation Failure) [PSYoungGen: 58720K->1376K(59392K)] 424851K->367507K(561152K), 0.0025751 secs] [Times: user=0.01 sys=0.00, real=0.00 secs] 
1208.789: [GC (Allocation Failure) [PSYoungGen: 58720K->1376K(59392K)] 424851K->367507K(561152K), 0.0028091 secs] [Times: user=0.01 sys=0.00, real=0.00 secs] 
1209.327: [GC (Allocation Failure) [PSYoungGen: 58720K->1517K(59392K)] 424851K->367648K(561152K), 0.0015316 secs] [Times: user=0.00 sys=0.00, real=0.00 secs] 
1209.663: [GC (Allocation Failure) [PSYoungGen: 58861K->1533K(59392K)] 424992K->367680K(561152K), 0.0016984 secs] [Times: user=0.01 sys=0.00, real=0.00 secs] 
1210.001: [GC (Allocation Failure) [PSYoungGen: 58877K->1565K(59392K)] 425024K->367712K(561152K), 0.0018113 secs] [Times: user=0.00 sys=0.00, real=0.00 secs] 
1210.340: [GC (Allocation Failure) [PSYoungGen: 58909K->1533K(59392K)] 425056K->367680K(561152K), 0.0018479 secs] [Times: user=0.00 sys=0.00, real=0.00 secs] 
1210.752: [GC (Allocation Failure) [PSYoungGen: 58877K->1984K(59392K)] 425024K->368131K(561152K), 0.0020613 secs] [Times: user=0.01 sys=0.00, real=0.01 secs] 
1211.228: [GC (Allocation Failure) [PSYoungGen: 59328K->1424K(59392K)] 425475K->367587K(561152K), 0.0022106 secs] [Times: user=0.01 sys=0.00, real=0.00 secs] 
1211.570: [GC (Allocation Failure) [PSYoungGen: 58768K->1408K(59392K)] 424931K->367571K(561152K), 0.0022940 secs] [Times: user=0.01 sys=0.00, real=0.00 secs] 
1211.808: [GC (Allocation Failure) [PSYoungGen: 58752K->1408K(59392K)] 424915K->367571K(561152K), 0.0020017 secs] [Times: user=0.01 sys=0.00, real=0.00 secs] 
1212.087: [GC (Allocation Failure) [PSYoungGen: 58752K->1360K(59392K)] 424915K->367523K(561152K), 0.0020377 secs] [Times: user=0.00 sys=0.00, real=0.00 secs] 
1212.468: [GC (Allocation Failure) [PSYoungGen: 58704K->1485K(59392K)] 424867K->367656K(561152K), 0.0016281 secs] [Times: user=0.01 sys=0.00, real=0.00 secs] 
1212.863: [GC (Allocation Failure) [PSYoungGen: 58829K->1597K(59392K)] 425000K->367784K(561152K), 0.0018474 secs] [Times: user=0.01 sys=0.00, real=0.00 secs] 
1213.201: [GC (Allocation Failure) [PSYoungGen: 58941K->1549K(59392K)] 425128K->367736K(561152K), 0.0017875 secs] [Times: user=0.01 sys=0.00, real=0.00 secs] 
1213.600: [GC (Allocation Failure) [PSYoungGen: 58893K->1565K(59392K)] 425080K->367752K(561152K), 0.0017997 secs] [Times: user=0.00 sys=0.00, real=0.00 secs] 
1214.003: [GC (Allocation Failure) [PSYoungGen: 58909K->1549K(59392K)] 425096K->367736K(561152K), 0.0017646 secs] [Times: user=0.01 sys=0.00, real=0.00 secs] 
1214.476: [GC (Allocation Failure) [PSYoungGen: 58893K->1408K(59392K)] 425080K->367595K(561152K), 0.0024324 secs] [Times: user=0.01 sys=0.00, real=0.00 secs] 
1214.713: [GC (Allocation Failure) [PSYoungGen: 58752K->1440K(59392K)] 424939K->367643K(561152K), 0.0021839 secs] [Times: user=0.01 sys=0.00, real=0.01 secs] 
1214.951: [GC (Allocation Failure) [PSYoungGen: 58784K->1376K(59392K)] 424987K->367579K(561152K), 0.0021368 secs] [Times: user=0.01 sys=0.00, real=0.01 secs] 
1215.189: [GC (Allocation Failure) [PSYoungGen: 58720K->1392K(59392K)] 424923K->367595K(561152K), 0.0021184 secs] [Times: user=0.01 sys=0.00, real=0.00 secs] 
1215.470: [GC (Allocation Failure) [PSYoungGen: 58736K->1437K(59392K)] 424939K->367640K(561152K), 0.0017272 secs] [Times: user=0.01 sys=0.00, real=0.00 secs] 
1215.807: [GC (Allocation Failure) [PSYoungGen: 58781K->1597K(59392K)] 424984K->367816K(561152K), 0.0042591 secs] [Times: user=0.02 sys=0.00, real=0.00 secs] 
1216.231: [GC (Allocation Failure) [PSYoungGen: 58941K->1597K(59392K)] 425160K->367816K(561152K), 0.0016860 secs] [Times: user=0.00 sys=0.00, real=0.00 secs] 
1216.566: [GC (Allocation Failure) [PSYoungGen: 58941K->1501K(59392K)] 425160K->367720K(561152K), 0.0017934 secs] [Times: user=0.00 sys=0.00, real=0.00 secs] 
1216.965: [GC (Allocation Failure) [PSYoungGen: 58845K->1533K(59392K)] 425064K->367752K(561152K), 0.0018200 secs] [Times: user=0.00 sys=0.00, real=0.00 secs] 
1217.257: [GC (Allocation Failure) [PSYoungGen: 58877K->1440K(59392K)] 425096K->367659K(561152K), 0.0029184 secs] [Times: user=0.01 sys=0.00, real=0.00 secs] 
1217.495: [GC (Allocation Failure) [PSYoungGen: 58784K->1408K(59392K)] 425003K->367635K(561152K), 0.0022184 secs] [Times: user=0.01 sys=0.00, real=0.00 secs] 
1217.734: [GC (Allocation Failure) [PSYoungGen: 58752K->1408K(59392K)] 424979K->367635K(561152K), 0.0021319 secs] [Times: user=0.01 sys=0.00, real=0.00 secs] 
1218.001: [GC (Allocation Failure) [PSYoungGen: 58752K->1376K(59392K)] 424979K->367603K(561152K), 0.0022175 secs] [Times: user=0.01 sys=0.00, real=0.00 secs] 
1218.238: [GC (Allocation Failure) [PSYoungGen: 58720K->1392K(59392K)] 424947K->367619K(561152K), 0.0021925 secs] [Times: user=0.00 sys=0.00, real=0.00 secs] 
1218.612: [GC (Allocation Failure) [PSYoungGen: 58736K->1565K(59392K)] 424963K->367792K(561152K), 0.0016219 secs] [Times: user=0.01 sys=0.00, real=0.01 secs] 
1218.949: [GC (Allocation Failure) [PSYoungGen: 58909K->1597K(59392K)] 425136K->367840K(561152K), 0.0016870 secs] [Times: user=0.01 sys=0.00, real=0.00 secs] 
1219.287: [GC (Allocation Failure) [PSYoungGen: 58939K->1597K(59392K)] 425182K->367840K(561152K), 0.0017447 secs] [Times: user=0.01 sys=0.00, real=0.00 secs] 
1219.625: [GC (Allocation Failure) [PSYoungGen: 58938K->1565K(59392K)] 425182K->367824K(561152K), 0.0016605 secs] [Times: user=0.01 sys=0.00, real=0.00 secs] 
1220.076: [GC (Allocation Failure) [PSYoungGen: 58909K->1456K(59392K)] 425168K->367715K(561152K), 0.0022017 secs] [Times: user=0.01 sys=0.00, real=0.00 secs] 
1220.666: [GC (Allocation Failure) [PSYoungGen: 58800K->1408K(59392K)] 425059K->367667K(561152K), 0.0025615 secs] [Times: user=0.01 sys=0.00, real=0.00 secs] 
1221.171: [GC (Allocation Failure) [PSYoungGen: 58752K->1344K(59392K)] 425011K->367603K(561152K), 0.0025722 secs] [Times: user=0.01 sys=0.00, real=0.01 secs] 
1221.600: [GC (Allocation Failure) [PSYoungGen: 58688K->1376K(59392K)] 424947K->367635K(561152K), 0.0022188 secs] [Times: user=0.01 sys=0.00, real=0.00 secs] 
1221.839: [GC (Allocation Failure) [PSYoungGen: 58720K->1376K(59392K)] 424979K->367635K(561152K), 0.0021948 secs] [Times: user=0.01 sys=0.00, real=0.00 secs] 
1222.187: [GC (Allocation Failure) [PSYoungGen: 58720K->1469K(59392K)] 424979K->367728K(561152K), 0.0016840 secs] [Times: user=0.01 sys=0.00, real=0.00 secs] 
1222.521: [GC (Allocation Failure) [PSYoungGen: 58813K->1565K(59392K)] 425072K->367840K(561152K), 0.0017481 secs] [Times: user=0.01 sys=0.00, real=0.01 secs] 
1222.858: [GC (Allocation Failure) [PSYoungGen: 58909K->1533K(59392K)] 425184K->367808K(561152K), 0.0017219 secs] [Times: user=0.01 sys=0.00, real=0.00 secs] 
1223.194: [GC (Allocation Failure) [PSYoungGen: 58877K->1597K(59392K)] 425152K->367872K(561152K), 0.0017573 secs] [Times: user=0.01 sys=0.00, real=0.00 secs] 
1223.520: [GC (Allocation Failure) [PSYoungGen: 58941K->1408K(59392K)] 425216K->367683K(561152K), 0.0022190 secs] [Times: user=0.01 sys=0.00, real=0.00 secs] 
1223.759: [GC (Allocation Failure) [PSYoungGen: 58752K->1376K(59392K)] 425027K->367651K(561152K), 0.0020873 secs] [Times: user=0.01 sys=0.00, real=0.00 secs] 
1223.998: [GC (Allocation Failure) [PSYoungGen: 58720K->1344K(59392K)] 424995K->367619K(561152K), 0.0019488 secs] [Times: user=0.01 sys=0.00, real=0.00 secs] 
1224.236: [GC (Allocation Failure) [PSYoungGen: 58688K->1344K(59392K)] 424963K->367619K(561152K), 0.0019403 secs] [Times: user=0.00 sys=0.00, real=0.00 secs] 
1224.474: [GC (Allocation Failure) [PSYoungGen: 58688K->1376K(59392K)] 424963K->367651K(561152K), 0.0019347 secs] [Times: user=0.01 sys=0.00, real=0.00 secs] 
1224.823: [GC (Allocation Failure) [PSYoungGen: 58720K->1565K(59392K)] 424995K->367840K(561152K), 0.0016962 secs] [Times: user=0.01 sys=0.00, real=0.00 secs] 
1225.158: [GC (Allocation Failure) [PSYoungGen: 58909K->1581K(59392K)] 425184K->367872K(561152K), 0.0015881 secs] [Times: user=0.01 sys=0.00, real=0.00 secs] 
1225.494: [GC (Allocation Failure) [PSYoungGen: 58925K->1565K(59392K)] 425216K->367856K(561152K), 0.0016930 secs] [Times: user=0.01 sys=0.00, real=0.00 secs] 
1225.833: [GC (Allocation Failure) [PSYoungGen: 58909K->1629K(59392K)] 425200K->367920K(561152K), 0.0016597 secs] [Times: user=0.00 sys=0.00, real=0.00 secs] 
1226.387: [GC (Allocation Failure) [PSYoungGen: 58973K->1472K(59392K)] 425264K->367763K(561152K), 0.0021298 secs] [Times: user=0.01 sys=0.00, real=0.00 secs] 
1226.953: [GC (Allocation Failure) [PSYoungGen: 58816K->1408K(59392K)] 425107K->367699K(561152K), 0.0028083 secs] [Times: user=0.01 sys=0.00, real=0.01 secs] 
1227.267: [GC (Allocation Failure) [PSYoungGen: 58752K->1376K(59392K)] 425043K->367667K(561152K), 0.0021703 secs] [Times: user=0.00 sys=0.00, real=0.00 secs] 
1227.898: [GC (Allocation Failure) [PSYoungGen: 58720K->1408K(59392K)] 425011K->367699K(561152K), 0.0029398 secs] [Times: user=0.01 sys=0.00, real=0.00 secs] 
1228.482: [GC (Allocation Failure) [PSYoungGen: 58752K->1376K(59392K)] 425043K->367667K(561152K), 0.0033775 secs] [Times: user=0.01 sys=0.00, real=0.01 secs] 
1229.031: [GC (Allocation Failure) [PSYoungGen: 58720K->1533K(59392K)] 425011K->367824K(561152K), 0.0015889 secs] [Times: user=0.01 sys=0.00, real=0.01 secs] 
1229.368: [GC (Allocation Failure) [PSYoungGen: 58877K->1536K(59392K)] 425168K->367843K(561152K), 0.0017512 secs] [Times: user=0.01 sys=0.00, real=0.00 secs] 
1229.707: [GC (Allocation Failure) [PSYoungGen: 58880K->1581K(59392K)] 425187K->367888K(561152K), 0.0017425 secs] [Times: user=0.00 sys=0.00, real=0.00 secs] 
1230.044: [GC (Allocation Failure) [PSYoungGen: 58925K->1533K(59392K)] 425232K->367840K(561152K), 0.0016094 secs] [Times: user=0.00 sys=0.00, real=0.00 secs] 
1230.390: [GC (Allocation Failure) [PSYoungGen: 58877K->1504K(59392K)] 425184K->367811K(561152K), 0.0017241 secs] [Times: user=0.01 sys=0.00, real=0.00 secs] 
1230.628: [GC (Allocation Failure) [PSYoungGen: 58848K->1440K(59392K)] 425155K->367747K(561152K), 0.0016679 secs] [Times: user=0.01 sys=0.00, real=0.00 secs] 
1230.865: [GC (Allocation Failure) [PSYoungGen: 58784K->1440K(59392K)] 425091K->367771K(561152K), 0.0016205 secs] [Times: user=0.01 sys=0.00, real=0.00 secs] 
1231.103: [GC (Allocation Failure) [PSYoungGen: 58784K->1376K(59392K)] 425115K->367707K(561152K), 0.0028454 secs] [Times: user=0.01 sys=0.00, real=0.00 secs] 
1231.343: [GC (Allocation Failure) [PSYoungGen: 58720K->1408K(59392K)] 425051K->367739K(561152K), 0.0025285 secs] [Times: user=0.01 sys=0.00, real=0.00 secs] 
1231.694: [GC (Allocation Failure) [PSYoungGen: 58752K->1533K(59392K)] 425083K->367864K(561152K), 0.0017018 secs] [Times: user=0.01 sys=0.00, real=0.00 secs] 
1232.031: [GC (Allocation Failure) [PSYoungGen: 58877K->1613K(59392K)] 425208K->367960K(561152K), 0.0016750 secs] [Times: user=0.00 sys=0.00, real=0.00 secs] 
1232.370: [GC (Allocation Failure) [PSYoungGen: 58957K->1597K(59392K)] 425304K->367944K(561152K), 0.0017100 secs] [Times: user=0.01 sys=0.00, real=0.00 secs] 
1232.708: [GC (Allocation Failure) [PSYoungGen: 58941K->1533K(59392K)] 425288K->367880K(561152K), 0.0017205 secs] [Times: user=0.01 sys=0.00, real=0.00 secs] 
1233.117: [GC (Allocation Failure) [PSYoungGen: 58877K->1968K(59392K)] 425224K->368315K(561152K), 0.0020874 secs] [Times: user=0.01 sys=0.00, real=0.00 secs] 
1233.356: [GC (Allocation Failure) [PSYoungGen: 59312K->1376K(59392K)] 425659K->367723K(561152K), 0.0021430 secs] [Times: user=0.01 sys=0.01, real=0.00 secs] 
1233.595: [GC (Allocation Failure) [PSYoungGen: 58720K->1376K(59392K)] 425067K->367723K(561152K), 0.0019560 secs] [Times: user=0.01 sys=0.00, real=0.00 secs] 
1233.834: [GC (Allocation Failure) [PSYoungGen: 58720K->1376K(59392K)] 425067K->367723K(561152K), 0.0019217 secs] [Times: user=0.01 sys=0.00, real=0.00 secs] 
1234.072: [GC (Allocation Failure) [PSYoungGen: 58720K->1376K(59392K)] 425067K->367723K(561152K), 0.0023473 secs] [Times: user=0.01 sys=0.00, real=0.01 secs] 
1234.396: [GC (Allocation Failure) [PSYoungGen: 58720K->1501K(59392K)] 425067K->367848K(561152K), 0.0017380 secs] [Times: user=0.00 sys=0.00, real=0.00 secs] 
1234.731: [GC (Allocation Failure) [PSYoungGen: 58845K->1565K(59392K)] 425192K->367928K(561152K), 0.0016335 secs] [Times: user=0.01 sys=0.00, real=0.00 secs] 
1235.131: [GC (Allocation Failure) [PSYoungGen: 58909K->1533K(59392K)] 425272K->367896K(561152K), 0.0018235 secs] [Times: user=0.01 sys=0.01, real=0.00 secs] 
1235.466: [GC (Allocation Failure) [PSYoungGen: 58877K->1565K(59392K)] 425240K->367928K(561152K), 0.0017221 secs] [Times: user=0.01 sys=0.00, real=0.00 secs] 
1235.802: [GC (Allocation Failure) [PSYoungGen: 58574K->352K(59392K)] 424937K->366715K(561152K), 0.0015585 secs] [Times: user=0.00 sys=0.00, real=0.01 secs] 
1237.233: [GC (Allocation Failure) [PSYoungGen: 57696K->1408K(59392K)] 424059K->367771K(561152K), 0.0036099 secs] [Times: user=0.01 sys=0.00, real=0.01 secs] 
1237.795: [GC (Allocation Failure) [PSYoungGen: 58752K->1376K(59392K)] 425115K->367739K(561152K), 0.0036051 secs] [Times: user=0.01 sys=0.00, real=0.00 secs] 
1238.292: [GC (Allocation Failure) [PSYoungGen: 58720K->1408K(59392K)] 425083K->367771K(561152K), 0.0027253 secs] [Times: user=0.01 sys=0.00, real=0.01 secs] 
1238.582: [GC (Allocation Failure) [PSYoungGen: 58752K->1440K(59392K)] 425115K->367803K(561152K), 0.0020999 secs] [Times: user=0.01 sys=0.00, real=0.01 secs] 
1238.890: [GC (Allocation Failure) [PSYoungGen: 58784K->1453K(59392K)] 425147K->367816K(561152K), 0.0015950 secs] [Times: user=0.00 sys=0.00, real=0.00 secs] 
1239.226: [GC (Allocation Failure) [PSYoungGen: 58797K->1565K(59392K)] 425160K->367936K(561152K), 0.0017460 secs] [Times: user=0.00 sys=0.00, real=0.00 secs] 
1239.563: [GC (Allocation Failure) [PSYoungGen: 58909K->1565K(59392K)] 425280K->367936K(561152K), 0.0017601 secs] [Times: user=0.00 sys=0.00, real=0.00 secs] 
1239.900: [GC (Allocation Failure) [PSYoungGen: 58909K->1565K(59392K)] 425280K->367936K(561152K), 0.0017290 secs] [Times: user=0.00 sys=0.00, real=0.00 secs] 
1240.238: [GC (Allocation Failure) [PSYoungGen: 58909K->1597K(59392K)] 425280K->367968K(561152K), 0.0017169 secs] [Times: user=0.00 sys=0.00, real=0.00 secs] 
1240.738: [GC (Allocation Failure) [PSYoungGen: 58941K->1424K(59392K)] 425312K->367795K(561152K), 0.0021880 secs] [Times: user=0.01 sys=0.00, real=0.00 secs] 
1241.194: [GC (Allocation Failure) [PSYoungGen: 58768K->1376K(59392K)] 425139K->367747K(561152K), 0.0021693 secs] [Times: user=0.01 sys=0.00, real=0.00 secs] 
1241.666: [GC (Allocation Failure) [PSYoungGen: 58720K->1344K(59392K)] 425091K->367715K(561152K), 0.0024518 secs] [Times: user=0.01 sys=0.00, real=0.00 secs] 
1242.131: [GC (Allocation Failure) [PSYoungGen: 58688K->1392K(59392K)] 425059K->367779K(561152K), 0.0024878 secs] [Times: user=0.01 sys=0.00, real=0.01 secs] 
1242.370: [GC (Allocation Failure) [PSYoungGen: 58736K->1344K(59392K)] 425123K->367731K(561152K), 0.0021849 secs] [Times: user=0.01 sys=0.00, real=0.00 secs] 
1242.745: [GC (Allocation Failure) [PSYoungGen: 58688K->1565K(59392K)] 425075K->367960K(561152K), 0.0016006 secs] [Times: user=0.01 sys=0.00, real=0.00 secs] 
1243.082: [GC (Allocation Failure) [PSYoungGen: 58909K->1565K(59392K)] 425304K->367968K(561152K), 0.0016476 secs] [Times: user=0.01 sys=0.00, real=0.01 secs] 
1243.483: [GC (Allocation Failure) [PSYoungGen: 58909K->1565K(59392K)] 425312K->367968K(561152K), 0.0016754 secs] [Times: user=0.01 sys=0.00, real=0.00 secs] 
1243.820: [GC (Allocation Failure) [PSYoungGen: 58909K->1501K(59392K)] 425312K->367904K(561152K), 0.0017914 secs] [Times: user=0.00 sys=0.00, real=0.00 secs] 
1244.448: [GC (Allocation Failure) [PSYoungGen: 58845K->1440K(59392K)] 425248K->367843K(561152K), 0.0041540 secs] [Times: user=0.02 sys=0.01, real=0.00 secs] 
1244.818: [GC (Allocation Failure) [PSYoungGen: 58784K->1376K(59392K)] 425187K->367779K(561152K), 0.0023370 secs] [Times: user=0.01 sys=0.00, real=0.00 secs] 
1245.277: [GC (Allocation Failure) [PSYoungGen: 58720K->1376K(59392K)] 425123K->367779K(561152K), 0.0022187 secs] [Times: user=0.01 sys=0.00, real=0.00 secs] 
1245.727: [GC (Allocation Failure) [PSYoungGen: 58720K->1408K(59392K)] 425123K->367811K(561152K), 0.0026026 secs] [Times: user=0.01 sys=0.00, real=0.00 secs] 
1246.165: [GC (Allocation Failure) [PSYoungGen: 58752K->1392K(59392K)] 425155K->367795K(561152K), 0.0023648 secs] [Times: user=0.01 sys=0.00, real=0.00 secs] 
1246.657: [GC (Allocation Failure) [PSYoungGen: 58736K->1533K(59392K)] 425139K->367936K(561152K), 0.0016773 secs] [Times: user=0.01 sys=0.00, real=0.00 secs] 
1246.999: [GC (Allocation Failure) [PSYoungGen: 58877K->1565K(59392K)] 425280K->367984K(561152K), 0.0017517 secs] [Times: user=0.01 sys=0.00, real=0.00 secs] 
1247.340: [GC (Allocation Failure) [PSYoungGen: 58909K->1549K(59392K)] 425328K->367968K(561152K), 0.0017259 secs] [Times: user=0.00 sys=0.00, real=0.00 secs] 
1247.678: [GC (Allocation Failure) [PSYoungGen: 58893K->1597K(59392K)] 425312K->368016K(561152K), 0.0017210 secs] [Times: user=0.00 sys=0.00, real=0.00 secs] 
1248.319: [GC (Allocation Failure) [PSYoungGen: 58941K->1440K(59392K)] 425360K->367859K(561152K), 0.0042814 secs] [Times: user=0.01 sys=0.00, real=0.01 secs] 
1249.153: [GC (Allocation Failure) [PSYoungGen: 58784K->1408K(59392K)] 425203K->367827K(561152K), 0.0031677 secs] [Times: user=0.01 sys=0.00, real=0.00 secs] 
1249.708: [GC (Allocation Failure) [PSYoungGen: 58752K->1440K(59392K)] 425171K->367867K(561152K), 0.0024367 secs] [Times: user=0.00 sys=0.00, real=0.00 secs] 
1250.178: [GC (Allocation Failure) [PSYoungGen: 58784K->1408K(59392K)] 425211K->367835K(561152K), 0.0025346 secs] [Times: user=0.01 sys=0.00, real=0.00 secs] 
1250.650: [GC (Allocation Failure) [PSYoungGen: 58752K->1344K(59392K)] 425179K->367771K(561152K), 0.0040484 secs] [Times: user=0.02 sys=0.00, real=0.01 secs] 
1251.463: [GC (Allocation Failure) [PSYoungGen: 58688K->1469K(59392K)] 425115K->367896K(561152K), 0.0016646 secs] [Times: user=0.01 sys=0.00, real=0.01 secs] 
1251.799: [GC (Allocation Failure) [PSYoungGen: 58813K->1533K(59392K)] 425240K->367968K(561152K), 0.0018242 secs] [Times: user=0.01 sys=0.00, real=0.00 secs] 
1252.138: [GC (Allocation Failure) [PSYoungGen: 58877K->1597K(59392K)] 425312K->368048K(561152K), 0.0019182 secs] [Times: user=0.01 sys=0.00, real=0.00 secs] 
1252.480: [GC (Allocation Failure) [PSYoungGen: 58941K->1533K(59392K)] 425392K->367984K(561152K), 0.0017613 secs] [Times: user=0.00 sys=0.00, real=0.00 secs] 
1252.815: [GC (Allocation Failure) [PSYoungGen: 58877K->1440K(59392K)] 425328K->367891K(561152K), 0.0020513 secs] [Times: user=0.00 sys=0.00, real=0.00 secs] 
1253.089: [GC (Allocation Failure) [PSYoungGen: 58784K->1376K(59392K)] 425235K->367827K(561152K), 0.0019784 secs] [Times: user=0.01 sys=0.00, real=0.00 secs] 
1253.333: [GC (Allocation Failure) [PSYoungGen: 58720K->1344K(59392K)] 425171K->367795K(561152K), 0.0021096 secs] [Times: user=0.01 sys=0.00, real=0.01 secs] 
1253.582: [GC (Allocation Failure) [PSYoungGen: 58688K->1408K(59392K)] 425139K->367859K(561152K), 0.0021536 secs] [Times: user=0.01 sys=0.00, real=0.01 secs] 
1253.822: [GC (Allocation Failure) [PSYoungGen: 58752K->1376K(59392K)] 425203K->367827K(561152K), 0.0021050 secs] [Times: user=0.01 sys=0.00, real=0.01 secs] 
1254.195: [GC (Allocation Failure) [PSYoungGen: 58720K->1501K(59392K)] 425171K->367952K(561152K), 0.0015691 secs] [Times: user=0.01 sys=0.00, real=0.00 secs] 
1254.589: [GC (Allocation Failure) [PSYoungGen: 58845K->1597K(59392K)] 425296K->368072K(561152K), 0.0018363 secs] [Times: user=0.00 sys=0.00, real=0.00 secs] 
1254.927: [GC (Allocation Failure) [PSYoungGen: 58941K->1565K(59392K)] 425416K->368040K(561152K), 0.0017594 secs] [Times: user=0.00 sys=0.00, real=0.00 secs] 
1255.263: [GC (Allocation Failure) [PSYoungGen: 58895K->1533K(59392K)] 425370K->368008K(561152K), 0.0016586 secs] [Times: user=0.01 sys=0.00, real=0.00 secs] 
1255.607: [GC (Allocation Failure) [PSYoungGen: 58877K->1472K(59392K)] 425352K->367947K(561152K), 0.0023767 secs] [Times: user=0.01 sys=0.00, real=0.00 secs] 
1255.846: [GC (Allocation Failure) [PSYoungGen: 58816K->1408K(59392K)] 425291K->367891K(561152K), 0.0022514 secs] [Times: user=0.01 sys=0.00, real=0.00 secs] 
1256.085: [GC (Allocation Failure) [PSYoungGen: 58752K->1376K(59392K)] 425235K->367859K(561152K), 0.0022234 secs] [Times: user=0.00 sys=0.00, real=0.00 secs] 
1256.323: [GC (Allocation Failure) [PSYoungGen: 58720K->1408K(59392K)] 425203K->367891K(561152K), 0.0022195 secs] [Times: user=0.01 sys=0.00, real=0.00 secs] 
1256.562: [GC (Allocation Failure) [PSYoungGen: 58752K->1408K(59392K)] 425235K->367891K(561152K), 0.0025530 secs] [Times: user=0.01 sys=0.00, real=0.01 secs] 
1256.922: [GC (Allocation Failure) [PSYoungGen: 58752K->1453K(59392K)] 425235K->367936K(561152K), 0.0016095 secs] [Times: user=0.01 sys=0.00, real=0.01 secs] 
1257.261: [GC (Allocation Failure) [PSYoungGen: 58797K->1533K(59392K)] 425280K->368032K(561152K), 0.0016348 secs] [Times: user=0.01 sys=0.00, real=0.00 secs] 
1257.596: [GC (Allocation Failure) [PSYoungGen: 58877K->1597K(59392K)] 425376K->368096K(561152K), 0.0016906 secs] [Times: user=0.01 sys=0.00, real=0.00 secs] 
1257.990: [GC (Allocation Failure) [PSYoungGen: 58941K->1597K(59392K)] 425440K->368096K(561152K), 0.0016714 secs] [Times: user=0.00 sys=0.00, real=0.00 secs] 
1258.789: [GC (Allocation Failure) [PSYoungGen: 58941K->1984K(59392K)] 425440K->368483K(561152K), 0.0022902 secs] [Times: user=0.01 sys=0.00, real=0.00 secs] 
1259.546: [GC (Allocation Failure) [PSYoungGen: 59328K->1344K(59392K)] 425827K->367843K(561152K), 0.0040921 secs] [Times: user=0.01 sys=0.00, real=0.00 secs] 
1260.068: [GC (Allocation Failure) [PSYoungGen: 58688K->1344K(59392K)] 425187K->367851K(561152K), 0.0033513 secs] [Times: user=0.01 sys=0.00, real=0.00 secs] 
1260.565: [GC (Allocation Failure) [PSYoungGen: 58688K->1408K(59392K)] 425195K->367915K(561152K), 0.0024341 secs] [Times: user=0.01 sys=0.00, real=0.00 secs] 
1261.093: [GC (Allocation Failure) [PSYoungGen: 58752K->1344K(59392K)] 425259K->367859K(561152K), 0.0021797 secs] [Times: user=0.01 sys=0.00, real=0.00 secs] 
1261.765: [GC (Allocation Failure) [PSYoungGen: 58688K->1485K(59392K)] 425203K->368000K(561152K), 0.0021081 secs] [Times: user=0.01 sys=0.00, real=0.00 secs] 
1262.130: [GC (Allocation Failure) [PSYoungGen: 58829K->1565K(59392K)] 425344K->368096K(561152K), 0.0017538 secs] [Times: user=0.01 sys=0.00, real=0.00 secs] 
1262.470: [GC (Allocation Failure) [PSYoungGen: 58909K->1533K(59392K)] 425440K->368064K(561152K), 0.0016907 secs] [Times: user=0.00 sys=0.00, real=0.00 secs] 
1262.807: [GC (Allocation Failure) [PSYoungGen: 58877K->1597K(59392K)] 425408K->368128K(561152K), 0.0016340 secs] [Times: user=0.01 sys=0.00, real=0.00 secs] 
1263.141: [GC (Allocation Failure) [PSYoungGen: 58926K->320K(59392K)] 425458K->366851K(561152K), 0.0015364 secs] [Times: user=0.00 sys=0.00, real=0.00 secs] 
1263.383: [GC (Allocation Failure) [PSYoungGen: 57664K->1408K(59392K)] 424195K->367939K(561152K), 0.0029691 secs] [Times: user=0.01 sys=0.00, real=0.00 secs] 
1263.617: [GC (Allocation Failure) [PSYoungGen: 58752K->1408K(59392K)] 425283K->367939K(561152K), 0.0021255 secs] [Times: user=0.01 sys=0.00, real=0.00 secs] 
1263.855: [GC (Allocation Failure) [PSYoungGen: 58752K->1344K(59392K)] 425283K->367875K(561152K), 0.0022320 secs] [Times: user=0.01 sys=0.00, real=0.00 secs] 
1264.094: [GC (Allocation Failure) [PSYoungGen: 58688K->1376K(59392K)] 425219K->367907K(561152K), 0.0022782 secs] [Times: user=0.01 sys=0.00, real=0.00 secs] 
1264.377: [GC (Allocation Failure) [PSYoungGen: 58720K->1437K(59392K)] 425251K->367968K(561152K), 0.0015377 secs] [Times: user=0.01 sys=0.00, real=0.00 secs] 
1264.713: [GC (Allocation Failure) [PSYoungGen: 58781K->1597K(59392K)] 425312K->368136K(561152K), 0.0017541 secs] [Times: user=0.00 sys=0.01, real=0.01 secs] 
1265.050: [GC (Allocation Failure) [PSYoungGen: 58941K->1565K(59392K)] 425480K->368112K(561152K), 0.0016946 secs] [Times: user=0.01 sys=0.00, real=0.00 secs] 
1265.386: [GC (Allocation Failure) [PSYoungGen: 58909K->1549K(59392K)] 425456K->368096K(561152K), 0.0018144 secs] [Times: user=0.01 sys=0.00, real=0.00 secs] 
1265.725: [GC (Allocation Failure) [PSYoungGen: 58893K->1565K(59392K)] 425440K->368112K(561152K), 0.0017131 secs] [Times: user=0.01 sys=0.00, real=0.00 secs] 
1266.031: [GC (Allocation Failure) [PSYoungGen: 58909K->1408K(59392K)] 425456K->367955K(561152K), 0.0019978 secs] [Times: user=0.01 sys=0.00, real=0.01 secs] 
1266.270: [GC (Allocation Failure) [PSYoungGen: 58752K->1408K(59392K)] 425299K->367955K(561152K), 0.0020928 secs] [Times: user=0.01 sys=0.00, real=0.00 secs] 
1266.508: [GC (Allocation Failure) [PSYoungGen: 58752K->1392K(59392K)] 425299K->367939K(561152K), 0.0021061 secs] [Times: user=0.01 sys=0.00, real=0.00 secs] 
1266.746: [GC (Allocation Failure) [PSYoungGen: 58736K->1376K(59392K)] 425283K->367923K(561152K), 0.0021780 secs] [Times: user=0.01 sys=0.00, real=0.00 secs] 
1266.985: [GC (Allocation Failure) [PSYoungGen: 58720K->1376K(59392K)] 425267K->367923K(561152K), 0.0021400 secs] [Times: user=0.01 sys=0.00, real=0.00 secs] 
1267.401: [GC (Allocation Failure) [PSYoungGen: 58720K->1597K(59392K)] 425267K->368152K(561152K), 0.0016397 secs] [Times: user=0.00 sys=0.00, real=0.00 secs] 
1267.738: [GC (Allocation Failure) [PSYoungGen: 58941K->1613K(59392K)] 425496K->368176K(561152K), 0.0017288 secs] [Times: user=0.00 sys=0.00, real=0.00 secs] 
1268.077: [GC (Allocation Failure) [PSYoungGen: 58957K->1597K(59392K)] 425520K->368160K(561152K), 0.0016627 secs] [Times: user=0.00 sys=0.00, real=0.00 secs] 
1268.478: [GC (Allocation Failure) [PSYoungGen: 58941K->1568K(59392K)] 425504K->368131K(561152K), 0.0018441 secs] [Times: user=0.01 sys=0.00, real=0.00 secs] 
1269.035: [GC (Allocation Failure) [PSYoungGen: 58912K->1408K(59392K)] 425475K->367971K(561152K), 0.0031193 secs] [Times: user=0.01 sys=0.00, real=0.00 secs] 
1269.511: [GC (Allocation Failure) [PSYoungGen: 58752K->1424K(59392K)] 425315K->367987K(561152K), 0.0022423 secs] [Times: user=0.01 sys=0.00, real=0.01 secs] 
1270.027: [GC (Allocation Failure) [PSYoungGen: 58768K->1408K(59392K)] 425331K->367971K(561152K), 0.0027101 secs] [Times: user=0.01 sys=0.00, real=0.00 secs] 
1270.678: [GC (Allocation Failure) [PSYoungGen: 58752K->1344K(59392K)] 425315K->367923K(561152K), 0.0024413 secs] [Times: user=0.00 sys=0.00, real=0.00 secs] 
1271.139: [GC (Allocation Failure) [PSYoungGen: 58688K->1376K(59392K)] 425267K->367955K(561152K), 0.0023616 secs] [Times: user=0.01 sys=0.00, real=0.00 secs] 
1271.523: [GC (Allocation Failure) [PSYoungGen: 58720K->1501K(59392K)] 425299K->368080K(561152K), 0.0016534 secs] [Times: user=0.01 sys=0.00, real=0.00 secs] 
1271.862: [GC (Allocation Failure) [PSYoungGen: 58845K->1533K(59392K)] 425424K->368120K(561152K), 0.0018257 secs] [Times: user=0.01 sys=0.00, real=0.01 secs] 
1272.199: [GC (Allocation Failure) [PSYoungGen: 58877K->1504K(59392K)] 425464K->368091K(561152K), 0.0016969 secs] [Times: user=0.01 sys=0.00, real=0.00 secs] 
1272.540: [GC (Allocation Failure) [PSYoungGen: 58848K->1565K(59392K)] 425435K->368152K(561152K), 0.0017146 secs] [Times: user=0.01 sys=0.00, real=0.00 secs] 
1273.230: [GC (Allocation Failure) [PSYoungGen: 58909K->1408K(59392K)] 425496K->367995K(561152K), 0.0026029 secs] [Times: user=0.01 sys=0.00, real=0.00 secs] 
1273.810: [GC (Allocation Failure) [PSYoungGen: 58752K->1376K(59392K)] 425339K->367963K(561152K), 0.0033684 secs] [Times: user=0.01 sys=0.00, real=0.01 secs] 
1274.047: [GC (Allocation Failure) [PSYoungGen: 58720K->1376K(59392K)] 425307K->367963K(561152K), 0.0021649 secs] [Times: user=0.01 sys=0.00, real=0.00 secs] 
1274.286: [GC (Allocation Failure) [PSYoungGen: 58720K->1344K(59392K)] 425307K->367931K(561152K), 0.0021744 secs] [Times: user=0.01 sys=0.00, real=0.00 secs] 
1274.524: [GC (Allocation Failure) [PSYoungGen: 58688K->1408K(59392K)] 425275K->367995K(561152K), 0.0019610 secs] [Times: user=0.00 sys=0.00, real=0.00 secs] 
1274.863: [GC (Allocation Failure) [PSYoungGen: 58733K->1469K(59392K)] 425320K->368056K(561152K), 0.0017217 secs] [Times: user=0.01 sys=0.00, real=0.00 secs] 
1275.198: [GC (Allocation Failure) [PSYoungGen: 58813K->1552K(59392K)] 425400K->368155K(561152K), 0.0018048 secs] [Times: user=0.00 sys=0.00, real=0.00 secs] 
1275.595: [GC (Allocation Failure) [PSYoungGen: 58896K->1581K(59392K)] 425499K->368184K(561152K), 0.0017178 secs] [Times: user=0.00 sys=0.00, real=0.00 secs] 
1275.933: [GC (Allocation Failure) [PSYoungGen: 58924K->1565K(59392K)] 425528K->368168K(561152K), 0.0018235 secs] [Times: user=0.00 sys=0.00, real=0.00 secs] 
1276.680: [GC (Allocation Failure) [PSYoungGen: 58909K->1504K(59392K)] 425512K->368107K(561152K), 0.0045013 secs] [Times: user=0.02 sys=0.00, real=0.01 secs] 
1277.298: [GC (Allocation Failure) [PSYoungGen: 58848K->1376K(59392K)] 425451K->367979K(561152K), 0.0041767 secs] [Times: user=0.02 sys=0.00, real=0.00 secs] 
1278.060: [GC (Allocation Failure) [PSYoungGen: 58720K->1440K(59392K)] 425323K->368043K(561152K), 0.0028774 secs] [Times: user=0.01 sys=0.00, real=0.00 secs] 
1278.784: [GC (Allocation Failure) [PSYoungGen: 58784K->1408K(59392K)] 425387K->368011K(561152K), 0.0031764 secs] [Times: user=0.02 sys=0.00, real=0.00 secs] 
1279.370: [GC (Allocation Failure) [PSYoungGen: 58752K->1440K(59392K)] 425355K->368043K(561152K), 0.0028955 secs] [Times: user=0.01 sys=0.00, real=0.00 secs] 
1279.874: [GC (Allocation Failure) [PSYoungGen: 58784K->1501K(59392K)] 425387K->368104K(561152K), 0.0016917 secs] [Times: user=0.00 sys=0.00, real=0.00 secs] 
1280.209: [GC (Allocation Failure) [PSYoungGen: 58845K->1520K(59392K)] 425448K->368131K(561152K), 0.0017616 secs] [Times: user=0.01 sys=0.00, real=0.00 secs] 
1280.545: [GC (Allocation Failure) [PSYoungGen: 58864K->1533K(59392K)] 425475K->368144K(561152K), 0.0016141 secs] [Times: user=0.00 sys=0.00, real=0.00 secs] 
1280.944: [GC (Allocation Failure) [PSYoungGen: 58877K->1597K(59392K)] 425488K->368208K(561152K), 0.0016427 secs] [Times: user=0.01 sys=0.00, real=0.00 secs] 
1281.412: [GC (Allocation Failure) [PSYoungGen: 58941K->1456K(59392K)] 425552K->368067K(561152K), 0.0025001 secs] [Times: user=0.01 sys=0.00, real=0.01 secs] 
1281.934: [GC (Allocation Failure) [PSYoungGen: 58800K->1376K(59392K)] 425411K->367987K(561152K), 0.0036810 secs] [Times: user=0.01 sys=0.00, real=0.00 secs] 
1282.508: [GC (Allocation Failure) [PSYoungGen: 58720K->1344K(59392K)] 425331K->367979K(561152K), 0.0031526 secs] [Times: user=0.01 sys=0.00, real=0.00 secs] 
1283.011: [GC (Allocation Failure) [PSYoungGen: 58688K->1408K(59392K)] 425323K->368043K(561152K), 0.0031156 secs] [Times: user=0.02 sys=0.00, real=0.01 secs] 
1283.623: [GC (Allocation Failure) [PSYoungGen: 58752K->1360K(59392K)] 425387K->367995K(561152K), 0.0029214 secs] [Times: user=0.01 sys=0.00, real=0.01 secs] 
1284.202: [GC (Allocation Failure) [PSYoungGen: 58704K->1533K(59392K)] 425339K->368168K(561152K), 0.0016669 secs] [Times: user=0.00 sys=0.00, real=0.01 secs] 
1284.539: [GC (Allocation Failure) [PSYoungGen: 58877K->1565K(59392K)] 425512K->368208K(561152K), 0.0017202 secs] [Times: user=0.01 sys=0.00, real=0.00 secs] 
1284.875: [GC (Allocation Failure) [PSYoungGen: 58909K->1565K(59392K)] 425552K->368208K(561152K), 0.0017949 secs] [Times: user=0.01 sys=0.00, real=0.00 secs] 
1285.213: [GC (Allocation Failure) [PSYoungGen: 58909K->1565K(59392K)] 425552K->368208K(561152K), 0.0017305 secs] [Times: user=0.00 sys=0.00, real=0.01 secs] 
1285.862: [GC (Allocation Failure) [PSYoungGen: 58909K->1952K(59392K)] 425552K->368595K(561152K), 0.0024603 secs] [Times: user=0.01 sys=0.00, real=0.01 secs] 
1287.062: [GC (Allocation Failure) [PSYoungGen: 59296K->1376K(59392K)] 425939K->368019K(561152K), 0.0029712 secs] [Times: user=0.01 sys=0.00, real=0.01 secs] 
1287.571: [GC (Allocation Failure) [PSYoungGen: 58720K->1392K(59392K)] 425363K->368035K(561152K), 0.0048772 secs] [Times: user=0.02 sys=0.00, real=0.01 secs] 
1288.031: [GC (Allocation Failure) [PSYoungGen: 58736K->1344K(59392K)] 425379K->367987K(561152K), 0.0029551 secs] [Times: user=0.02 sys=0.00, real=0.01 secs] 
1288.604: [GC (Allocation Failure) [PSYoungGen: 58688K->1440K(59392K)] 425331K->368083K(561152K), 0.0027508 secs] [Times: user=0.01 sys=0.00, real=0.00 secs] 
1289.583: [GC (GCLocker Initiated GC) [PSYoungGen: 58784K->1453K(59392K)] 425427K->368096K(561152K), 0.0023313 secs] [Times: user=0.01 sys=0.00, real=0.00 secs] 
1289.944: [GC (Allocation Failure) [PSYoungGen: 58797K->1533K(59392K)] 425666K->368410K(561152K), 0.0017617 secs] [Times: user=0.01 sys=0.00, real=0.00 secs] 
1290.281: [GC (Allocation Failure) [PSYoungGen: 58877K->1629K(59392K)] 425754K->368506K(561152K), 0.0017715 secs] [Times: user=0.00 sys=0.00, real=0.00 secs] 
1290.618: [GC (Allocation Failure) [PSYoungGen: 58973K->1629K(59392K)] 425850K->368506K(561152K), 0.0016641 secs] [Times: user=0.00 sys=0.00, real=0.00 secs] 
1290.955: [GC (Allocation Failure) [PSYoungGen: 58973K->1536K(59392K)] 425850K->368413K(561152K), 0.0016668 secs] [Times: user=0.00 sys=0.00, real=0.00 secs] 
1291.248: [GC (Allocation Failure) [PSYoungGen: 58880K->1472K(59392K)] 425757K->368349K(561152K), 0.0022023 secs] [Times: user=0.01 sys=0.00, real=0.00 secs] 
1291.538: [GC (Allocation Failure) [PSYoungGen: 58816K->1472K(59392K)] 425693K->368349K(561152K), 0.0021254 secs] [Times: user=0.01 sys=0.00, real=0.00 secs] 
1291.776: [GC (Allocation Failure) [PSYoungGen: 58816K->1504K(59392K)] 425693K->368381K(561152K), 0.0019378 secs] [Times: user=0.01 sys=0.00, real=0.00 secs] 
1292.189: [GC (Allocation Failure) [PSYoungGen: 58848K->1456K(59392K)] 425725K->368357K(561152K), 0.0023126 secs] [Times: user=0.00 sys=0.00, real=0.00 secs] 
1292.691: [GC (Allocation Failure) [PSYoungGen: 58800K->1533K(59392K)] 425701K->368434K(561152K), 0.0022380 secs] [Times: user=0.01 sys=0.00, real=0.01 secs] 
1293.142: [GC (Allocation Failure) [PSYoungGen: 58877K->1661K(59392K)] 425778K->368578K(561152K), 0.0017557 secs] [Times: user=0.01 sys=0.00, real=0.01 secs] 
1293.535: [GC (Allocation Failure) [PSYoungGen: 59005K->1597K(59392K)] 425922K->368514K(561152K), 0.0016272 secs] [Times: user=0.01 sys=0.00, real=0.00 secs] 
1293.936: [GC (Allocation Failure) [PSYoungGen: 58941K->1597K(59392K)] 425858K->368514K(561152K), 0.0017272 secs] [Times: user=0.01 sys=0.00, real=0.00 secs] 
1294.276: [GC (Allocation Failure) [PSYoungGen: 58941K->1581K(59392K)] 425858K->368498K(561152K), 0.0017706 secs] [Times: user=0.00 sys=0.00, real=0.00 secs] 
1294.554: [GC (Allocation Failure) [PSYoungGen: 58925K->1456K(59392K)] 425842K->368373K(561152K), 0.0029999 secs] [Times: user=0.01 sys=0.00, real=0.00 secs] 
1294.792: [GC (Allocation Failure) [PSYoungGen: 58800K->1408K(59392K)] 425717K->368381K(561152K), 0.0022024 secs] [Times: user=0.01 sys=0.00, real=0.01 secs] 
1295.031: [GC (Allocation Failure) [PSYoungGen: 58752K->1408K(59392K)] 425725K->368421K(561152K), 0.0023433 secs] [Times: user=0.01 sys=0.00, real=0.01 secs] 
1295.270: [GC (Allocation Failure) [PSYoungGen: 58752K->1440K(59392K)] 425765K->368453K(561152K), 0.0021070 secs] [Times: user=0.01 sys=0.00, real=0.00 secs] 
1295.508: [GC (Allocation Failure) [PSYoungGen: 58784K->1456K(59392K)] 425797K->368469K(561152K), 0.0020618 secs] [Times: user=0.01 sys=0.00, real=0.00 secs] 
1295.865: [GC (Allocation Failure) [PSYoungGen: 58800K->1565K(59392K)] 425813K->368578K(561152K), 0.0017309 secs] [Times: user=0.01 sys=0.00, real=0.00 secs] 
1296.204: [GC (Allocation Failure) [PSYoungGen: 58909K->1565K(59392K)] 425922K->368602K(561152K), 0.0017420 secs] [Times: user=0.01 sys=0.00, real=0.00 secs] 
1296.603: [GC (Allocation Failure) [PSYoungGen: 58909K->1568K(59392K)] 425946K->368605K(561152K), 0.0016838 secs] [Times: user=0.01 sys=0.00, real=0.00 secs] 
1296.942: [GC (Allocation Failure) [PSYoungGen: 58912K->1600K(59392K)] 425949K->368637K(561152K), 0.0017711 secs] [Times: user=0.00 sys=0.00, real=0.01 secs] 
1297.489: [GC (Allocation Failure) [PSYoungGen: 58944K->1408K(59392K)] 425981K->368445K(561152K), 0.0032520 secs] [Times: user=0.02 sys=0.00, real=0.00 secs] 
1298.003: [GC (Allocation Failure) [PSYoungGen: 58752K->1344K(59392K)] 425789K->368381K(561152K), 0.0024500 secs] [Times: user=0.02 sys=0.00, real=0.01 secs] 
1298.510: [GC (Allocation Failure) [PSYoungGen: 58688K->1376K(59392K)] 425725K->368413K(561152K), 0.0024987 secs] [Times: user=0.01 sys=0.00, real=0.00 secs] 
1298.804: [GC (Allocation Failure) [PSYoungGen: 58720K->1376K(59392K)] 425757K->368413K(561152K), 0.0022563 secs] [Times: user=0.01 sys=0.00, real=0.00 secs] 
1299.043: [GC (Allocation Failure) [PSYoungGen: 58720K->1344K(59392K)] 425757K->368381K(561152K), 0.0021371 secs] [Times: user=0.01 sys=0.00, real=0.01 secs] 
1299.421: [GC (Allocation Failure) [PSYoungGen: 58688K->1533K(59392K)] 425725K->368570K(561152K), 0.0017054 secs] [Times: user=0.00 sys=0.00, real=0.01 secs] 
1299.757: [GC (Allocation Failure) [PSYoungGen: 58877K->1565K(59392K)] 425914K->368618K(561152K), 0.0017751 secs] [Times: user=0.01 sys=0.00, real=0.00 secs] 
1300.093: [GC (Allocation Failure) [PSYoungGen: 58909K->1597K(59392K)] 425962K->368674K(561152K), 0.0017526 secs] [Times: user=0.01 sys=0.00, real=0.00 secs] 
1300.432: [GC (Allocation Failure) [PSYoungGen: 58941K->1565K(59392K)] 426018K->368642K(561152K), 0.0017250 secs] [Times: user=0.01 sys=0.00, real=0.01 secs] 
1300.773: [GC (Allocation Failure) [PSYoungGen: 58909K->1408K(59392K)] 425986K->368485K(561152K), 0.0022439 secs] [Times: user=0.01 sys=0.00, real=0.01 secs] 
1301.055: [GC (Allocation Failure) [PSYoungGen: 58752K->1408K(59392K)] 425829K->368485K(561152K), 0.0021689 secs] [Times: user=0.01 sys=0.00, real=0.00 secs] 
1301.328: [GC (Allocation Failure) [PSYoungGen: 58752K->1440K(59392K)] 425829K->368517K(561152K), 0.0019470 secs] [Times: user=0.00 sys=0.01, real=0.00 secs] 
1301.567: [GC (Allocation Failure) [PSYoungGen: 58784K->1408K(59392K)] 425861K->368485K(561152K), 0.0019694 secs] [Times: user=0.00 sys=0.00, real=0.00 secs] 
1301.814: [GC (Allocation Failure) [PSYoungGen: 58752K->1408K(59392K)] 425829K->368485K(561152K), 0.0020791 secs] [Times: user=0.01 sys=0.00, real=0.00 secs] 
1302.284: [GC (Allocation Failure) [PSYoungGen: 58752K->1565K(59392K)] 425829K->368642K(561152K), 0.0017588 secs] [Times: user=0.01 sys=0.00, real=0.00 secs] 
1302.623: [GC (Allocation Failure) [PSYoungGen: 58909K->1597K(59392K)] 425986K->368682K(561152K), 0.0016946 secs] [Times: user=0.01 sys=0.00, real=0.01 secs] 
1302.962: [GC (Allocation Failure) [PSYoungGen: 58941K->1565K(59392K)] 426026K->368650K(561152K), 0.0017958 secs] [Times: user=0.01 sys=0.00, real=0.01 secs] 
1303.366: [GC (Allocation Failure) [PSYoungGen: 58909K->1597K(59392K)] 425994K->368682K(561152K), 0.0017897 secs] [Times: user=0.01 sys=0.00, real=0.00 secs] 
1303.772: [GC (Allocation Failure) [PSYoungGen: 58941K->1472K(59392K)] 426026K->368557K(561152K), 0.0025474 secs] [Times: user=0.01 sys=0.00, real=0.01 secs] 
1304.012: [GC (Allocation Failure) [PSYoungGen: 58816K->1408K(59392K)] 425901K->368493K(561152K), 0.0023110 secs] [Times: user=0.01 sys=0.00, real=0.01 secs] 
1304.251: [GC (Allocation Failure) [PSYoungGen: 58752K->1408K(59392K)] 425837K->368493K(561152K), 0.0022667 secs] [Times: user=0.01 sys=0.00, real=0.00 secs] 
1304.489: [GC (Allocation Failure) [PSYoungGen: 58752K->1408K(59392K)] 425837K->368493K(561152K), 0.0021726 secs] [Times: user=0.01 sys=0.00, real=0.00 secs] 
1304.728: [GC (Allocation Failure) [PSYoungGen: 58752K->1440K(59392K)] 425837K->368525K(561152K), 0.0021539 secs] [Times: user=0.01 sys=0.00, real=0.00 secs] 
1305.054: [GC (Allocation Failure) [PSYoungGen: 58784K->1565K(59392K)] 425869K->368650K(561152K), 0.0016126 secs] [Times: user=0.01 sys=0.00, real=0.00 secs] 
1305.389: [GC (Allocation Failure) [PSYoungGen: 58909K->1565K(59392K)] 425994K->368666K(561152K), 0.0016983 secs] [Times: user=0.01 sys=0.01, real=0.00 secs] 
1305.727: [GC (Allocation Failure) [PSYoungGen: 58909K->1565K(59392K)] 426010K->368666K(561152K), 0.0017258 secs] [Times: user=0.01 sys=0.00, real=0.00 secs] 
1306.065: [GC (Allocation Failure) [PSYoungGen: 58909K->1536K(59392K)] 426010K->368677K(561152K), 0.0017190 secs] [Times: user=0.00 sys=0.00, real=0.00 secs] 
1306.410: [GC (Allocation Failure) [PSYoungGen: 58880K->1472K(59392K)] 426021K->368613K(561152K), 0.0021662 secs] [Times: user=0.01 sys=0.00, real=0.00 secs] 
1306.659: [GC (Allocation Failure) [PSYoungGen: 58816K->1312K(59392K)] 425957K->368453K(561152K), 0.0021100 secs] [Times: user=0.01 sys=0.00, real=0.00 secs] 
1306.962: [GC (Allocation Failure) [PSYoungGen: 58656K->1392K(59392K)] 425797K->368533K(561152K), 0.0021946 secs] [Times: user=0.01 sys=0.00, real=0.01 secs] 
1307.227: [GC (Allocation Failure) [PSYoungGen: 58736K->1440K(59392K)] 425877K->368581K(561152K), 0.0023044 secs] [Times: user=0.01 sys=0.00, real=0.00 secs] 
1307.514: [GC (Allocation Failure) [PSYoungGen: 58784K->1536K(59392K)] 425925K->368677K(561152K), 0.0017170 secs] [Times: user=0.01 sys=0.00, real=0.00 secs] 
1307.749: [GC (Allocation Failure) [PSYoungGen: 58880K->1565K(59392K)] 426021K->368706K(561152K), 0.0017227 secs] [Times: user=0.00 sys=0.01, real=0.00 secs] 
1307.983: [GC (Allocation Failure) [PSYoungGen: 58909K->1597K(59392K)] 426050K->368746K(561152K), 0.0016193 secs] [Times: user=0.01 sys=0.00, real=0.01 secs] 
1308.226: [GC (Allocation Failure) [PSYoungGen: 58941K->1597K(59392K)] 426090K->368746K(561152K), 0.0016246 secs] [Times: user=0.00 sys=0.00, real=0.00 secs] 
1308.611: [GC (Allocation Failure) [PSYoungGen: 58941K->1440K(59392K)] 426090K->368589K(561152K), 0.0038319 secs] [Times: user=0.02 sys=0.00, real=0.01 secs] 
1309.050: [GC (Allocation Failure) [PSYoungGen: 58784K->1312K(59392K)] 425933K->368461K(561152K), 0.0035305 secs] [Times: user=0.02 sys=0.00, real=0.01 secs] 
1309.486: [GC (Allocation Failure) [PSYoungGen: 58656K->1376K(59392K)] 425805K->368525K(561152K), 0.0027816 secs] [Times: user=0.01 sys=0.00, real=0.00 secs] 
1309.953: [GC (Allocation Failure) [PSYoungGen: 58720K->1376K(59392K)] 425869K->368541K(561152K), 0.0028334 secs] [Times: user=0.01 sys=0.00, real=0.00 secs] 
1310.426: [GC (Allocation Failure) [PSYoungGen: 58720K->1376K(59392K)] 425885K->368541K(561152K), 0.0041970 secs] [Times: user=0.02 sys=0.01, real=0.00 secs] 
1310.880: [GC (Allocation Failure) [PSYoungGen: 58720K->1504K(59392K)] 425885K->368669K(561152K), 0.0016453 secs] [Times: user=0.01 sys=0.00, real=0.00 secs] 
1311.218: [GC (Allocation Failure) [PSYoungGen: 58848K->1565K(59392K)] 426013K->368730K(561152K), 0.0016755 secs] [Times: user=0.01 sys=0.00, real=0.00 secs] 
1311.555: [GC (Allocation Failure) [PSYoungGen: 58907K->1597K(59392K)] 426072K->368778K(561152K), 0.0016753 secs] [Times: user=0.01 sys=0.00, real=0.00 secs] 
1311.892: [GC (Allocation Failure) [PSYoungGen: 58938K->1568K(59392K)] 426119K->368749K(561152K), 0.0016891 secs] [Times: user=0.01 sys=0.00, real=0.01 secs] 
1312.178: [GC (Allocation Failure) [PSYoungGen: 58912K->1408K(59392K)] 426093K->368589K(561152K), 0.0019247 secs] [Times: user=0.01 sys=0.00, real=0.00 secs] 
1312.671: [GC (Allocation Failure) [PSYoungGen: 58752K->1376K(59392K)] 425933K->368557K(561152K), 0.0018206 secs] [Times: user=0.00 sys=0.00, real=0.00 secs] 
1313.187: [GC (Allocation Failure) [PSYoungGen: 58720K->1328K(59392K)] 425901K->368509K(561152K), 0.0019014 secs] [Times: user=0.01 sys=0.00, real=0.00 secs] 
1313.692: [GC (Allocation Failure) [PSYoungGen: 58672K->1344K(59392K)] 425853K->368525K(561152K), 0.0018861 secs] [Times: user=0.01 sys=0.00, real=0.01 secs] 
1314.189: [GC (Allocation Failure) [PSYoungGen: 58688K->1344K(59392K)] 425869K->368525K(561152K), 0.0018382 secs] [Times: user=0.01 sys=0.00, real=0.00 secs] 
1314.660: [GC (Allocation Failure) [PSYoungGen: 58688K->1501K(59392K)] 425869K->368682K(561152K), 0.0016093 secs] [Times: user=0.01 sys=0.00, real=0.00 secs] 
1314.996: [GC (Allocation Failure) [PSYoungGen: 58845K->1600K(59392K)] 426026K->368797K(561152K), 0.0017735 secs] [Times: user=0.01 sys=0.00, real=0.00 secs] 
1315.392: [GC (Allocation Failure) [PSYoungGen: 58944K->1533K(59392K)] 426141K->368730K(561152K), 0.0016864 secs] [Times: user=0.01 sys=0.00, real=0.01 secs] 
1315.729: [GC (Allocation Failure) [PSYoungGen: 58877K->1568K(59392K)] 426074K->368765K(561152K), 0.0017458 secs] [Times: user=0.00 sys=0.00, real=0.00 secs] 
1316.029: [GC (Allocation Failure) [PSYoungGen: 58912K->1472K(59392K)] 426109K->368669K(561152K), 0.0022595 secs] [Times: user=0.01 sys=0.00, real=0.00 secs] 
1316.276: [GC (Allocation Failure) [PSYoungGen: 58816K->1408K(59392K)] 426013K->368605K(561152K), 0.0022139 secs] [Times: user=0.01 sys=0.00, real=0.00 secs] 
1316.523: [GC (Allocation Failure) [PSYoungGen: 58752K->1376K(59392K)] 425949K->368573K(561152K), 0.0021814 secs] [Times: user=0.01 sys=0.00, real=0.00 secs] 
1316.798: [GC (Allocation Failure) [PSYoungGen: 58720K->1312K(59392K)] 425917K->368509K(561152K), 0.0021860 secs] [Times: user=0.01 sys=0.00, real=0.00 secs] 
1317.040: [GC (Allocation Failure) [PSYoungGen: 58656K->1376K(59392K)] 425853K->368573K(561152K), 0.0022716 secs] [Times: user=0.01 sys=0.00, real=0.00 secs] 
1317.425: [GC (Allocation Failure) [PSYoungGen: 58720K->1501K(59392K)] 425917K->368698K(561152K), 0.0016509 secs] [Times: user=0.00 sys=0.00, real=0.00 secs] 
1317.822: [GC (Allocation Failure) [PSYoungGen: 58845K->1533K(59392K)] 426042K->368746K(561152K), 0.0017892 secs] [Times: user=0.01 sys=0.01, real=0.01 secs] 
1318.158: [GC (Allocation Failure) [PSYoungGen: 58877K->1520K(59392K)] 426090K->368733K(561152K), 0.0017476 secs] [Times: user=0.01 sys=0.00, real=0.00 secs] 
1318.545: [GC (Allocation Failure) [PSYoungGen: 58864K->1597K(59392K)] 426077K->368810K(561152K), 0.0018603 secs] [Times: user=0.01 sys=0.00, real=0.00 secs] 
1319.506: [GC (Allocation Failure) [PSYoungGen: 58941K->1456K(59392K)] 426154K->368669K(561152K), 0.0038509 secs] [Times: user=0.02 sys=0.00, real=0.00 secs] 
1320.097: [GC (Allocation Failure) [PSYoungGen: 58800K->1408K(59392K)] 426013K->368621K(561152K), 0.0039430 secs] [Times: user=0.02 sys=0.00, real=0.00 secs] 
1320.623: [GC (Allocation Failure) [PSYoungGen: 58752K->1408K(59392K)] 425965K->368621K(561152K), 0.0041820 secs] [Times: user=0.02 sys=0.00, real=0.01 secs] 
1321.223: [GC (Allocation Failure) [PSYoungGen: 58752K->1392K(59392K)] 425965K->368621K(561152K), 0.0041867 secs] [Times: user=0.02 sys=0.00, real=0.01 secs] 
1322.039: [GC (Allocation Failure) [PSYoungGen: 58736K->1360K(59392K)] 425965K->368589K(561152K), 0.0046632 secs] [Times: user=0.02 sys=0.00, real=0.01 secs] 
1322.793: [GC (Allocation Failure) [PSYoungGen: 58704K->1501K(59392K)] 425933K->368730K(561152K), 0.0016985 secs] [Times: user=0.00 sys=0.00, real=0.01 secs] 
1323.128: [GC (Allocation Failure) [PSYoungGen: 58845K->1536K(59392K)] 426074K->368781K(561152K), 0.0017283 secs] [Times: user=0.00 sys=0.00, real=0.00 secs] 
1323.466: [GC (Allocation Failure) [PSYoungGen: 58880K->1533K(59392K)] 426125K->368778K(561152K), 0.0018011 secs] [Times: user=0.00 sys=0.00, real=0.00 secs] 
1323.803: [GC (Allocation Failure) [PSYoungGen: 58877K->1565K(59392K)] 426122K->368810K(561152K), 0.0018912 secs] [Times: user=0.01 sys=0.01, real=0.00 secs] 
1324.301: [GC (Allocation Failure) [PSYoungGen: 58909K->1472K(59392K)] 426154K->368717K(561152K), 0.0022474 secs] [Times: user=0.01 sys=0.00, real=0.00 secs] 
1324.907: [GC (Allocation Failure) [PSYoungGen: 58816K->1376K(59392K)] 426061K->368621K(561152K), 0.0025692 secs] [Times: user=0.01 sys=0.00, real=0.00 secs] 
1325.699: [GC (Allocation Failure) [PSYoungGen: 58720K->1408K(59392K)] 425965K->368653K(561152K), 0.0033083 secs] [Times: user=0.01 sys=0.00, real=0.00 secs] 
1326.445: [GC (Allocation Failure) [PSYoungGen: 58752K->1408K(59392K)] 425997K->368653K(561152K), 0.0036389 secs] [Times: user=0.01 sys=0.00, real=0.00 secs] 
1327.235: [GC (Allocation Failure) [PSYoungGen: 58752K->1408K(59392K)] 425997K->368653K(561152K), 0.0034829 secs] [Times: user=0.01 sys=0.00, real=0.00 secs] 
1327.826: [GC (Allocation Failure) [PSYoungGen: 58752K->1469K(59392K)] 425997K->368714K(561152K), 0.0016123 secs] [Times: user=0.01 sys=0.00, real=0.00 secs] 
1328.162: [GC (Allocation Failure) [PSYoungGen: 58813K->1533K(59392K)] 426058K->368794K(561152K), 0.0016785 secs] [Times: user=0.01 sys=0.00, real=0.01 secs] 
1328.500: [GC (Allocation Failure) [PSYoungGen: 58877K->1565K(59392K)] 426138K->368826K(561152K), 0.0016290 secs] [Times: user=0.01 sys=0.00, real=0.00 secs] 
1328.846: [GC (Allocation Failure) [PSYoungGen: 58909K->1565K(59392K)] 426170K->368826K(561152K), 0.0017574 secs] [Times: user=0.01 sys=0.00, real=0.00 secs] 
1329.268: [GC (Allocation Failure) [PSYoungGen: 58909K->1792K(59392K)] 426170K->369053K(561152K), 0.0021463 secs] [Times: user=0.01 sys=0.00, real=0.00 secs] 
1329.509: [GC (Allocation Failure) [PSYoungGen: 59136K->1376K(59392K)] 426397K->368637K(561152K), 0.0024212 secs] [Times: user=0.01 sys=0.00, real=0.00 secs] 
1329.753: [GC (Allocation Failure) [PSYoungGen: 58720K->1344K(59392K)] 425981K->368605K(561152K), 0.0022695 secs] [Times: user=0.01 sys=0.00, real=0.01 secs] 
1330.140: [GC (Allocation Failure) [PSYoungGen: 58688K->1408K(59392K)] 425949K->368669K(561152K), 0.0022182 secs] [Times: user=0.01 sys=0.00, real=0.00 secs] 
1330.380: [GC (Allocation Failure) [PSYoungGen: 58752K->1424K(59392K)] 426013K->368685K(561152K), 0.0020895 secs] [Times: user=0.01 sys=0.00, real=0.00 secs] 
1330.691: [GC (Allocation Failure) [PSYoungGen: 58768K->1485K(59392K)] 426029K->368746K(561152K), 0.0015943 secs] [Times: user=0.00 sys=0.00, real=0.00 secs] 
1331.088: [GC (Allocation Failure) [PSYoungGen: 58829K->1568K(59392K)] 426090K->368845K(561152K), 0.0018082 secs] [Times: user=0.01 sys=0.00, real=0.00 secs] 
1331.423: [GC (Allocation Failure) [PSYoungGen: 58912K->1533K(59392K)] 426189K->368842K(561152K), 0.0017312 secs] [Times: user=0.01 sys=0.01, real=0.00 secs] 
1331.820: [GC (Allocation Failure) [PSYoungGen: 58877K->1501K(59392K)] 426186K->368810K(561152K), 0.0017903 secs] [Times: user=0.01 sys=0.00, real=0.00 secs] 
1332.157: [GC (Allocation Failure) [PSYoungGen: 58845K->1533K(59392K)] 426154K->368842K(561152K), 0.0017927 secs] [Times: user=0.01 sys=0.00, real=0.00 secs] 
1332.686: [GC (Allocation Failure) [PSYoungGen: 58877K->1440K(59392K)] 426186K->368757K(561152K), 0.0043223 secs] [Times: user=0.02 sys=0.00, real=0.00 secs] 
1333.109: [GC (Allocation Failure) [PSYoungGen: 58784K->1408K(59392K)] 426101K->368725K(561152K), 0.0028822 secs] [Times: user=0.01 sys=0.00, real=0.00 secs] 
1333.499: [GC (Allocation Failure) [PSYoungGen: 58752K->1408K(59392K)] 426069K->368725K(561152K), 0.0024977 secs] [Times: user=0.01 sys=0.00, real=0.00 secs] 
1334.028: [GC (Allocation Failure) [PSYoungGen: 58752K->1344K(59392K)] 426069K->368661K(561152K), 0.0020700 secs] [Times: user=0.01 sys=0.00, real=0.00 secs] 
1334.570: [GC (Allocation Failure) [PSYoungGen: 58688K->1469K(59392K)] 426005K->368786K(561152K), 0.0024371 secs] [Times: user=0.01 sys=0.00, real=0.00 secs] 
1334.939: [GC (Allocation Failure) [PSYoungGen: 58813K->1565K(59392K)] 426130K->368898K(561152K), 0.0020006 secs] [Times: user=0.01 sys=0.00, real=0.00 secs] 
1335.277: [GC (Allocation Failure) [PSYoungGen: 58909K->1565K(59392K)] 426242K->368906K(561152K), 0.0017600 secs] [Times: user=0.00 sys=0.00, real=0.00 secs] 
1335.672: [GC (Allocation Failure) [PSYoungGen: 58909K->1597K(59392K)] 426250K->368938K(561152K), 0.0017378 secs] [Times: user=0.00 sys=0.00, real=0.01 secs] 
1336.010: [GC (Allocation Failure) [PSYoungGen: 58941K->1629K(59392K)] 426282K->368970K(561152K), 0.0018523 secs] [Times: user=0.00 sys=0.00, real=0.00 secs] 
1336.431: [GC (Allocation Failure) [PSYoungGen: 58973K->1424K(59392K)] 426314K->368765K(561152K), 0.0022704 secs] [Times: user=0.01 sys=0.00, real=0.01 secs] 
1336.896: [GC (Allocation Failure) [PSYoungGen: 58768K->1424K(59392K)] 426109K->368765K(561152K), 0.0021935 secs] [Times: user=0.01 sys=0.00, real=0.00 secs] 
1337.371: [GC (Allocation Failure) [PSYoungGen: 58768K->1376K(59392K)] 426109K->368717K(561152K), 0.0033354 secs] [Times: user=0.02 sys=0.00, real=0.01 secs] 
1337.797: [GC (Allocation Failure) [PSYoungGen: 58720K->1408K(59392K)] 426061K->368749K(561152K), 0.0033553 secs] [Times: user=0.01 sys=0.01, real=0.00 secs] 
1338.223: [GC (Allocation Failure) [PSYoungGen: 58752K->1344K(59392K)] 426093K->368685K(561152K), 0.0027865 secs] [Times: user=0.01 sys=0.00, real=0.00 secs] 
1338.709: [GC (Allocation Failure) [PSYoungGen: 58688K->1501K(59392K)] 426029K->368842K(561152K), 0.0017066 secs] [Times: user=0.00 sys=0.00, real=0.00 secs] 
1339.125: [GC (Allocation Failure) [PSYoungGen: 58845K->1565K(59392K)] 426186K->368930K(561152K), 0.0018317 secs] [Times: user=0.01 sys=0.00, real=0.00 secs] 
1339.461: [GC (Allocation Failure) [PSYoungGen: 58893K->1565K(59392K)] 426258K->368930K(561152K), 0.0016754 secs] [Times: user=0.01 sys=0.00, real=0.00 secs] 
1339.798: [GC (Allocation Failure) [PSYoungGen: 58909K->1565K(59392K)] 426274K->368930K(561152K), 0.0018533 secs] [Times: user=0.00 sys=0.00, real=0.00 secs] 
1340.678: [GC (Allocation Failure) [PSYoungGen: 58909K->1408K(59392K)] 426274K->368773K(561152K), 0.0034192 secs] [Times: user=0.01 sys=0.00, real=0.00 secs] 
1341.590: [GC (Allocation Failure) [PSYoungGen: 58752K->1424K(59392K)] 426117K->368789K(561152K), 0.0025593 secs] [Times: user=0.01 sys=0.00, real=0.00 secs] 
1342.405: [GC (Allocation Failure) [PSYoungGen: 58768K->1408K(59392K)] 426133K->368789K(561152K), 0.0027890 secs] [Times: user=0.01 sys=0.00, real=0.00 secs] 
1343.189: [GC (Allocation Failure) [PSYoungGen: 58752K->1408K(59392K)] 426133K->368789K(561152K), 0.0033031 secs] [Times: user=0.01 sys=0.00, real=0.00 secs] 
1344.092: [GC (Allocation Failure) [PSYoungGen: 58752K->1344K(59392K)] 426133K->368725K(561152K), 0.0042924 secs] [Times: user=0.02 sys=0.00, real=0.01 secs] 
1344.757: [GC (Allocation Failure) [PSYoungGen: 58688K->1501K(59392K)] 426069K->368882K(561152K), 0.0018239 secs] [Times: user=0.01 sys=0.00, real=0.00 secs] 
1345.151: [GC (Allocation Failure) [PSYoungGen: 58845K->1565K(59392K)] 426226K->368962K(561152K), 0.0018220 secs] [Times: user=0.01 sys=0.00, real=0.00 secs] 
1345.489: [GC (Allocation Failure) [PSYoungGen: 58909K->1533K(59392K)] 426306K->368930K(561152K), 0.0016690 secs] [Times: user=0.01 sys=0.00, real=0.00 secs] 
1345.825: [GC (Allocation Failure) [PSYoungGen: 58877K->1597K(59392K)] 426274K->368994K(561152K), 0.0017169 secs] [Times: user=0.00 sys=0.00, real=0.00 secs] 
1346.158: [GC (Allocation Failure) [PSYoungGen: 58941K->1472K(59392K)] 426338K->368869K(561152K), 0.0019172 secs] [Times: user=0.01 sys=0.00, real=0.00 secs] 
1346.429: [GC (Allocation Failure) [PSYoungGen: 58816K->1408K(59392K)] 426213K->368805K(561152K), 0.0021367 secs] [Times: user=0.00 sys=0.00, real=0.00 secs] 
1346.676: [GC (Allocation Failure) [PSYoungGen: 58752K->1376K(59392K)] 426149K->368773K(561152K), 0.0027169 secs] [Times: user=0.01 sys=0.00, real=0.00 secs] 
1346.915: [GC (Allocation Failure) [PSYoungGen: 58720K->1376K(59392K)] 426117K->368773K(561152K), 0.0029940 secs] [Times: user=0.01 sys=0.00, real=0.00 secs] 
1347.154: [GC (Allocation Failure) [PSYoungGen: 58720K->1408K(59392K)] 426117K->368805K(561152K), 0.0023776 secs] [Times: user=0.01 sys=0.00, real=0.00 secs] 
1347.500: [GC (Allocation Failure) [PSYoungGen: 58752K->1501K(59392K)] 426149K->368898K(561152K), 0.0017123 secs] [Times: user=0.01 sys=0.00, real=0.00 secs] 
1347.905: [GC (Allocation Failure) [PSYoungGen: 58845K->1533K(59392K)] 426242K->368938K(561152K), 0.0016430 secs] [Times: user=0.01 sys=0.00, real=0.00 secs] 
1348.304: [GC (Allocation Failure) [PSYoungGen: 58877K->1597K(59392K)] 426282K->369002K(561152K), 0.0017848 secs] [Times: user=0.00 sys=0.00, real=0.00 secs] 
1348.642: [GC (Allocation Failure) [PSYoungGen: 58941K->1565K(59392K)] 426346K->368970K(561152K), 0.0018699 secs] [Times: user=0.01 sys=0.00, real=0.01 secs] 
1348.946: [GC (Allocation Failure) [PSYoungGen: 58909K->1472K(59392K)] 426314K->368877K(561152K), 0.0022343 secs] [Times: user=0.01 sys=0.00, real=0.00 secs] 
1349.186: [GC (Allocation Failure) [PSYoungGen: 58816K->1408K(59392K)] 426221K->368813K(561152K), 0.0023611 secs] [Times: user=0.01 sys=0.00, real=0.00 secs] 
1349.498: [GC (Allocation Failure) [PSYoungGen: 58752K->1376K(59392K)] 426157K->368781K(561152K), 0.0020317 secs] [Times: user=0.01 sys=0.00, real=0.00 secs] 
1349.737: [GC (Allocation Failure) [PSYoungGen: 58720K->1360K(59392K)] 426125K->368781K(561152K), 0.0020447 secs] [Times: user=0.01 sys=0.00, real=0.00 secs] 
1349.975: [GC (Allocation Failure) [PSYoungGen: 58704K->1376K(59392K)] 426125K->368797K(561152K), 0.0020953 secs] [Times: user=0.01 sys=0.00, real=0.00 secs] 
1350.288: [GC (Allocation Failure) [PSYoungGen: 58720K->1533K(59392K)] 426141K->368954K(561152K), 0.0016912 secs] [Times: user=0.00 sys=0.00, real=0.00 secs] 
1350.623: [GC (Allocation Failure) [PSYoungGen: 58877K->1533K(59392K)] 426298K->368970K(561152K), 0.0018181 secs] [Times: user=0.00 sys=0.00, real=0.00 secs] 
1350.960: [GC (Allocation Failure) [PSYoungGen: 58877K->1565K(59392K)] 426314K->369002K(561152K), 0.0017399 secs] [Times: user=0.01 sys=0.00, real=0.00 secs] 
1351.360: [GC (Allocation Failure) [PSYoungGen: 58909K->1565K(59392K)] 426346K->369002K(561152K), 0.0017970 secs] [Times: user=0.01 sys=0.00, real=0.00 secs] 
1351.839: [GC (Allocation Failure) [PSYoungGen: 58909K->1456K(59392K)] 426346K->368893K(561152K), 0.0029114 secs] [Times: user=0.01 sys=0.00, real=0.00 secs] 
1352.507: [GC (Allocation Failure) [PSYoungGen: 58800K->1376K(59392K)] 426237K->368813K(561152K), 0.0029536 secs] [Times: user=0.01 sys=0.00, real=0.00 secs] 
1353.024: [GC (Allocation Failure) [PSYoungGen: 58720K->1376K(59392K)] 426157K->368813K(561152K), 0.0021170 secs] [Times: user=0.01 sys=0.01, real=0.00 secs] 
1353.263: [GC (Allocation Failure) [PSYoungGen: 58720K->1376K(59392K)] 426157K->368813K(561152K), 0.0021206 secs] [Times: user=0.01 sys=0.00, real=0.01 secs] 
1353.514: [GC (Allocation Failure) [PSYoungGen: 58720K->1408K(59392K)] 426157K->368845K(561152K), 0.0020237 secs] [Times: user=0.01 sys=0.00, real=0.00 secs] 
1353.884: [GC (Allocation Failure) [PSYoungGen: 58752K->1453K(59392K)] 426189K->368890K(561152K), 0.0016599 secs] [Times: user=0.01 sys=0.00, real=0.00 secs] 
1354.219: [GC (Allocation Failure) [PSYoungGen: 58797K->1565K(59392K)] 426234K->369018K(561152K), 0.0017596 secs] [Times: user=0.00 sys=0.00, real=0.00 secs] 
1354.559: [GC (Allocation Failure) [PSYoungGen: 58909K->1565K(59392K)] 426362K->369018K(561152K), 0.0016303 secs] [Times: user=0.01 sys=0.00, real=0.00 secs] 
1354.898: [GC (Allocation Failure) [PSYoungGen: 58909K->1597K(59392K)] 426362K->369050K(561152K), 0.0016744 secs] [Times: user=0.00 sys=0.00, real=0.00 secs] 
1355.381: [GC (Allocation Failure) [PSYoungGen: 58941K->1776K(59392K)] 426394K->369229K(561152K), 0.0021602 secs] [Times: user=0.01 sys=0.00, real=0.00 secs] 
1356.024: [GC (Allocation Failure) [PSYoungGen: 59120K->1408K(59392K)] 426573K->368861K(561152K), 0.0029617 secs] [Times: user=0.01 sys=0.00, real=0.00 secs] 
1356.525: [GC (Allocation Failure) [PSYoungGen: 58752K->1408K(59392K)] 426205K->368861K(561152K), 0.0028767 secs] [Times: user=0.01 sys=0.00, real=0.00 secs] 
1357.025: [GC (Allocation Failure) [PSYoungGen: 58752K->1408K(59392K)] 426205K->368861K(561152K), 0.0030133 secs] [Times: user=0.01 sys=0.00, real=0.00 secs] 
1357.636: [GC (Allocation Failure) [PSYoungGen: 58752K->1392K(59392K)] 426205K->368845K(561152K), 0.0029584 secs] [Times: user=0.01 sys=0.00, real=0.00 secs] 
1358.740: [GC (Allocation Failure) [PSYoungGen: 58736K->1501K(59392K)] 426189K->368954K(561152K), 0.0022388 secs] [Times: user=0.01 sys=0.00, real=0.00 secs] 
1359.207: [GC (Allocation Failure) [PSYoungGen: 58845K->1597K(59392K)] 426298K->369066K(561152K), 0.0018214 secs] [Times: user=0.00 sys=0.00, real=0.00 secs] 
1359.552: [GC (Allocation Failure) [PSYoungGen: 58941K->1565K(59392K)] 426410K->369034K(561152K), 0.0018306 secs] [Times: user=0.00 sys=0.00, real=0.01 secs] 
1359.891: [GC (Allocation Failure) [PSYoungGen: 58909K->1597K(59392K)] 426378K->369066K(561152K), 0.0018343 secs] [Times: user=0.00 sys=0.00, real=0.00 secs] 
1360.228: [GC (Allocation Failure) [PSYoungGen: 58941K->1533K(59392K)] 426410K->369002K(561152K), 0.0017011 secs] [Times: user=0.01 sys=0.00, real=0.00 secs] 
1360.952: [GC (Allocation Failure) [PSYoungGen: 58877K->1408K(59392K)] 426346K->368877K(561152K), 0.0038375 secs] [Times: user=0.02 sys=0.00, real=0.01 secs] 
1361.228: [GC (Allocation Failure) [PSYoungGen: 58752K->1376K(59392K)] 426221K->368845K(561152K), 0.0022137 secs] [Times: user=0.01 sys=0.00, real=0.00 secs] 
1361.473: [GC (Allocation Failure) [PSYoungGen: 58720K->1408K(59392K)] 426189K->368877K(561152K), 0.0024282 secs] [Times: user=0.01 sys=0.00, real=0.00 secs] 
1361.808: [GC (Allocation Failure) [PSYoungGen: 58752K->1376K(59392K)] 426221K->368845K(561152K), 0.0022208 secs] [Times: user=0.01 sys=0.00, real=0.00 secs] 
1362.473: [GC (Allocation Failure) [PSYoungGen: 58720K->1501K(59392K)] 426189K->368978K(561152K), 0.0024422 secs] [Times: user=0.01 sys=0.00, real=0.01 secs] 
1362.935: [GC (Allocation Failure) [PSYoungGen: 58845K->1501K(59392K)] 426322K->368994K(561152K), 0.0018049 secs] [Times: user=0.01 sys=0.00, real=0.00 secs] 
1363.275: [GC (Allocation Failure) [PSYoungGen: 58845K->1565K(59392K)] 426338K->369058K(561152K), 0.0017179 secs] [Times: user=0.01 sys=0.00, real=0.00 secs] 
1363.612: [GC (Allocation Failure) [PSYoungGen: 58909K->1504K(59392K)] 426402K->368997K(561152K), 0.0018076 secs] [Times: user=0.01 sys=0.00, real=0.01 secs] 
1363.949: [GC (Allocation Failure) [PSYoungGen: 58848K->1565K(59392K)] 426341K->369058K(561152K), 0.0018179 secs] [Times: user=0.00 sys=0.00, real=0.00 secs] 
1364.987: [GC (Allocation Failure) [PSYoungGen: 58909K->1408K(59392K)] 426402K->368901K(561152K), 0.0043348 secs] [Times: user=0.02 sys=0.00, real=0.00 secs] 
1365.832: [GC (Allocation Failure) [PSYoungGen: 58752K->1376K(59392K)] 426245K->368869K(561152K), 0.0037896 secs] [Times: user=0.01 sys=0.00, real=0.01 secs] 
1366.337: [GC (Allocation Failure) [PSYoungGen: 58720K->1376K(59392K)] 426213K->368869K(561152K), 0.0036539 secs] [Times: user=0.02 sys=0.00, real=0.00 secs] 
1366.594: [GC (Allocation Failure) [PSYoungGen: 58720K->1408K(59392K)] 426213K->368901K(561152K), 0.0021420 secs] [Times: user=0.01 sys=0.00, real=0.00 secs] 
1366.878: [GC (Allocation Failure) [PSYoungGen: 58752K->1408K(59392K)] 426245K->368901K(561152K), 0.0020265 secs] [Times: user=0.01 sys=0.00, real=0.00 secs] 
1367.264: [GC (Allocation Failure) [PSYoungGen: 58752K->1565K(59392K)] 426245K->369058K(561152K), 0.0017449 secs] [Times: user=0.00 sys=0.00, real=0.00 secs] 
1367.602: [GC (Allocation Failure) [PSYoungGen: 58909K->1565K(59392K)] 426402K->369074K(561152K), 0.0018281 secs] [Times: user=0.01 sys=0.00, real=0.01 secs] 
1367.941: [GC (Allocation Failure) [PSYoungGen: 58909K->1597K(59392K)] 426418K->369106K(561152K), 0.0016646 secs] [Times: user=0.01 sys=0.00, real=0.00 secs] 
1368.279: [GC (Allocation Failure) [PSYoungGen: 58941K->1632K(59392K)] 426450K->369141K(561152K), 0.0018544 secs] [Times: user=0.01 sys=0.00, real=0.00 secs] 
1368.862: [GC (Allocation Failure) [PSYoungGen: 58976K->1376K(59392K)] 426485K->368885K(561152K), 0.0022421 secs] [Times: user=0.01 sys=0.00, real=0.01 secs] 
1369.338: [GC (Allocation Failure) [PSYoungGen: 58720K->1408K(59392K)] 426229K->368917K(561152K), 0.0023955 secs] [Times: user=0.01 sys=0.00, real=0.00 secs] 
1369.739: [GC (Allocation Failure) [PSYoungGen: 58752K->1408K(59392K)] 426261K->368917K(561152K), 0.0022258 secs] [Times: user=0.01 sys=0.00, real=0.00 secs] 
1370.257: [GC (Allocation Failure) [PSYoungGen: 58752K->1440K(59392K)] 426261K->368949K(561152K), 0.0022172 secs] [Times: user=0.01 sys=0.00, real=0.00 secs] 
1370.708: [GC (Allocation Failure) [PSYoungGen: 58784K->1408K(59392K)] 426293K->368917K(561152K), 0.0022416 secs] [Times: user=0.01 sys=0.00, real=0.00 secs] 
1371.115: [GC (Allocation Failure) [PSYoungGen: 58752K->1533K(59392K)] 426261K->369042K(561152K), 0.0018006 secs] [Times: user=0.00 sys=0.00, real=0.00 secs] 
1371.450: [GC (Allocation Failure) [PSYoungGen: 58877K->1565K(59392K)] 426386K->369106K(561152K), 0.0018189 secs] [Times: user=0.01 sys=0.00, real=0.00 secs] 
1371.787: [GC (Allocation Failure) [PSYoungGen: 58909K->1565K(59392K)] 426450K->369106K(561152K), 0.0017611 secs] [Times: user=0.00 sys=0.00, real=0.00 secs] 
1372.126: [GC (Allocation Failure) [PSYoungGen: 58909K->1565K(59392K)] 426450K->369106K(561152K), 0.0016917 secs] [Times: user=0.00 sys=0.00, real=0.00 secs] 
1372.468: [GC (Allocation Failure) [PSYoungGen: 58909K->1472K(59392K)] 426450K->369013K(561152K), 0.0021279 secs] [Times: user=0.01 sys=0.00, real=0.00 secs] 
1372.707: [GC (Allocation Failure) [PSYoungGen: 58816K->1376K(59392K)] 426357K->368917K(561152K), 0.0020256 secs] [Times: user=0.01 sys=0.00, real=0.00 secs] 
1372.990: [GC (Allocation Failure) [PSYoungGen: 58720K->1376K(59392K)] 426261K->368917K(561152K), 0.0021936 secs] [Times: user=0.01 sys=0.00, real=0.00 secs] 
1373.472: [GC (Allocation Failure) [PSYoungGen: 58720K->1376K(59392K)] 426261K->368917K(561152K), 0.0022509 secs] [Times: user=0.01 sys=0.00, real=0.01 secs] 
1373.993: [GC (Allocation Failure) [PSYoungGen: 58720K->1376K(59392K)] 426261K->368917K(561152K), 0.0022293 secs] [Times: user=0.01 sys=0.00, real=0.00 secs] 
1374.466: [GC (Allocation Failure) [PSYoungGen: 58720K->1501K(59392K)] 426261K->369042K(561152K), 0.0016829 secs] [Times: user=0.00 sys=0.00, real=0.00 secs] 
1374.803: [GC (Allocation Failure) [PSYoungGen: 58845K->1597K(59392K)] 426386K->369146K(561152K), 0.0017229 secs] [Times: user=0.00 sys=0.00, real=0.01 secs] 
1375.142: [GC (Allocation Failure) [PSYoungGen: 58941K->1533K(59392K)] 426490K->369082K(561152K), 0.0016283 secs] [Times: user=0.00 sys=0.00, real=0.01 secs] 
1375.480: [GC (Allocation Failure) [PSYoungGen: 58877K->1565K(59392K)] 426426K->369114K(561152K), 0.0016513 secs] [Times: user=0.00 sys=0.00, real=0.00 secs] 
1375.938: [GC (Allocation Failure) [PSYoungGen: 58909K->1472K(59392K)] 426458K->369021K(561152K), 0.0020950 secs] [Times: user=0.01 sys=0.00, real=0.00 secs] 
1376.411: [GC (Allocation Failure) [PSYoungGen: 58816K->1408K(59392K)] 426365K->368957K(561152K), 0.0021020 secs] [Times: user=0.01 sys=0.00, real=0.01 secs] 
1376.650: [GC (Allocation Failure) [PSYoungGen: 58752K->1344K(59392K)] 426301K->368893K(561152K), 0.0021930 secs] [Times: user=0.01 sys=0.00, real=0.00 secs] 
1376.923: [GC (Allocation Failure) [PSYoungGen: 58688K->1376K(59392K)] 426237K->368925K(561152K), 0.0022390 secs] [Times: user=0.01 sys=0.00, real=0.01 secs] 
1377.163: [GC (Allocation Failure) [PSYoungGen: 58720K->1392K(59392K)] 426269K->368941K(561152K), 0.0020218 secs] [Times: user=0.01 sys=0.00, real=0.01 secs] 
1377.470: [GC (Allocation Failure) [PSYoungGen: 58736K->1533K(59392K)] 426285K->369082K(561152K), 0.0016325 secs] [Times: user=0.01 sys=0.00, real=0.00 secs] 
1377.805: [GC (Allocation Failure) [PSYoungGen: 58877K->1549K(59392K)] 426426K->369114K(561152K), 0.0017148 secs] [Times: user=0.00 sys=0.00, real=0.00 secs] 
1378.144: [GC (Allocation Failure) [PSYoungGen: 58893K->1600K(59392K)] 426458K->369165K(561152K), 0.0016307 secs] [Times: user=0.01 sys=0.00, real=0.00 secs] 
1378.481: [GC (Allocation Failure) [PSYoungGen: 58944K->1629K(59392K)] 426509K->369194K(561152K), 0.0017291 secs] [Times: user=0.01 sys=0.00, real=0.01 secs] 
1378.951: [GC (Allocation Failure) [PSYoungGen: 58973K->1472K(59392K)] 426538K->369037K(561152K), 0.0022092 secs] [Times: user=0.01 sys=0.00, real=0.00 secs] 
1379.464: [GC (Allocation Failure) [PSYoungGen: 58816K->1344K(59392K)] 426381K->368909K(561152K), 0.0021138 secs] [Times: user=0.01 sys=0.00, real=0.00 secs] 
1379.820: [GC (Allocation Failure) [PSYoungGen: 58688K->1392K(59392K)] 426253K->368957K(561152K), 0.0018648 secs] [Times: user=0.01 sys=0.00, real=0.00 secs] 
1380.112: [GC (Allocation Failure) [PSYoungGen: 58736K->1408K(59392K)] 426301K->369005K(561152K), 0.0022239 secs] [Times: user=0.01 sys=0.00, real=0.01 secs] 
1380.358: [GC (Allocation Failure) [PSYoungGen: 58752K->1408K(59392K)] 426349K->369005K(561152K), 0.0019367 secs] [Times: user=0.01 sys=0.00, real=0.00 secs] 
1380.657: [GC (Allocation Failure) [PSYoungGen: 58752K->1437K(59392K)] 426349K->369034K(561152K), 0.0016546 secs] [Times: user=0.00 sys=0.00, real=0.00 secs] 
1381.056: [GC (Allocation Failure) [PSYoungGen: 58781K->1504K(59392K)] 426378K->369109K(561152K), 0.0017901 secs] [Times: user=0.00 sys=0.00, real=0.00 secs] 
1381.391: [GC (Allocation Failure) [PSYoungGen: 58848K->1584K(59392K)] 426453K->369189K(561152K), 0.0018035 secs] [Times: user=0.01 sys=0.00, real=0.00 secs] 
1381.783: [GC (Allocation Failure) [PSYoungGen: 58928K->1597K(59392K)] 426533K->369202K(561152K), 0.0016858 secs] [Times: user=0.01 sys=0.00, real=0.01 secs] 
1382.220: [GC (Allocation Failure) [PSYoungGen: 58883K->2000K(59392K)] 426488K->369605K(561152K), 0.0018318 secs] [Times: user=0.01 sys=0.00, real=0.00 secs] 
1382.675: [GC (Allocation Failure) [PSYoungGen: 59344K->1376K(59392K)] 426949K->368981K(561152K), 0.0033341 secs] [Times: user=0.02 sys=0.00, real=0.00 secs] 
1383.031: [GC (Allocation Failure) [PSYoungGen: 58720K->1376K(59392K)] 426325K->368989K(561152K), 0.0024605 secs] [Times: user=0.01 sys=0.00, real=0.01 secs] 
1383.281: [GC (Allocation Failure) [PSYoungGen: 58720K->1408K(59392K)] 426333K->369021K(561152K), 0.0022818 secs] [Times: user=0.01 sys=0.00, real=0.01 secs] 
1383.519: [GC (Allocation Failure) [PSYoungGen: 58752K->1408K(59392K)] 426365K->369021K(561152K), 0.0019461 secs] [Times: user=0.01 sys=0.00, real=0.00 secs] 
1383.935: [GC (Allocation Failure) [PSYoungGen: 58752K->1504K(59392K)] 426365K->369117K(561152K), 0.0017737 secs] [Times: user=0.01 sys=0.00, real=0.00 secs] 
1384.273: [GC (Allocation Failure) [PSYoungGen: 58848K->1533K(59392K)] 426461K->369162K(561152K), 0.0016565 secs] [Times: user=0.01 sys=0.00, real=0.00 secs] 
1384.611: [GC (Allocation Failure) [PSYoungGen: 58877K->1581K(59392K)] 426506K->369210K(561152K), 0.0018025 secs] [Times: user=0.01 sys=0.00, real=0.00 secs] 
1385.009: [GC (Allocation Failure) [PSYoungGen: 58925K->1533K(59392K)] 426554K->369162K(561152K), 0.0017880 secs] [Times: user=0.01 sys=0.00, real=0.00 secs] 
1385.345: [GC (Allocation Failure) [PSYoungGen: 58877K->1533K(59392K)] 426506K->369162K(561152K), 0.0017885 secs] [Times: user=0.01 sys=0.00, real=0.00 secs] 
1385.640: [GC (Allocation Failure) [PSYoungGen: 58877K->1440K(59392K)] 426506K->369069K(561152K), 0.0023990 secs] [Times: user=0.01 sys=0.00, real=0.00 secs] 
1385.907: [GC (Allocation Failure) [PSYoungGen: 58784K->1408K(59392K)] 426413K->369037K(561152K), 0.0021261 secs] [Times: user=0.01 sys=0.00, real=0.00 secs] 
1386.158: [GC (Allocation Failure) [PSYoungGen: 58752K->1440K(59392K)] 426381K->369069K(561152K), 0.0020566 secs] [Times: user=0.00 sys=0.00, real=0.00 secs] 
1386.421: [GC (Allocation Failure) [PSYoungGen: 58784K->1408K(59392K)] 426413K->369037K(561152K), 0.0020963 secs] [Times: user=0.01 sys=0.00, real=0.01 secs] 
1386.714: [GC (Allocation Failure) [PSYoungGen: 58752K->1469K(59392K)] 426381K->369098K(561152K), 0.0021714 secs] [Times: user=0.01 sys=0.00, real=0.00 secs] 
1387.060: [GC (Allocation Failure) [PSYoungGen: 58813K->1597K(59392K)] 426442K->369242K(561152K), 0.0015987 secs] [Times: user=0.00 sys=0.00, real=0.00 secs] 
1387.398: [GC (Allocation Failure) [PSYoungGen: 58941K->1597K(59392K)] 426586K->369242K(561152K), 0.0017439 secs] [Times: user=0.01 sys=0.00, real=0.00 secs] 
1387.736: [GC (Allocation Failure) [PSYoungGen: 58941K->1549K(59392K)] 426586K->369194K(561152K), 0.0017388 secs] [Times: user=0.01 sys=0.00, real=0.00 secs] 
1388.075: [GC (Allocation Failure) [PSYoungGen: 58893K->1584K(59392K)] 426538K->369229K(561152K), 0.0017530 secs] [Times: user=0.01 sys=0.00, real=0.00 secs] 
1388.398: [GC (Allocation Failure) [PSYoungGen: 58928K->1424K(59392K)] 426573K->369069K(561152K), 0.0021784 secs] [Times: user=0.00 sys=0.00, real=0.00 secs] 
1388.657: [GC (Allocation Failure) [PSYoungGen: 58768K->1408K(59392K)] 426413K->369053K(561152K), 0.0019584 secs] [Times: user=0.01 sys=0.00, real=0.00 secs] 
1389.142: [GC (Allocation Failure) [PSYoungGen: 58752K->1344K(59392K)] 426397K->368989K(561152K), 0.0041244 secs] [Times: user=0.02 sys=0.00, real=0.01 secs] 
1389.612: [GC (Allocation Failure) [PSYoungGen: 58688K->1344K(59392K)] 426333K->368989K(561152K), 0.0033265 secs] [Times: user=0.01 sys=0.00, real=0.01 secs] 
1390.075: [GC (Allocation Failure) [PSYoungGen: 58688K->1344K(59392K)] 426333K->369013K(561152K), 0.0031804 secs] [Times: user=0.01 sys=0.00, real=0.00 secs] 
1390.545: [GC (Allocation Failure) [PSYoungGen: 58688K->1501K(59392K)] 426357K->369170K(561152K), 0.0016444 secs] [Times: user=0.01 sys=0.00, real=0.00 secs] 
1390.881: [GC (Allocation Failure) [PSYoungGen: 58845K->1565K(59392K)] 426514K->369242K(561152K), 0.0016734 secs] [Times: user=0.01 sys=0.00, real=0.00 secs] 
1391.218: [GC (Allocation Failure) [PSYoungGen: 58909K->1581K(59392K)] 426586K->369258K(561152K), 0.0018221 secs] [Times: user=0.01 sys=0.00, real=0.00 secs] 
1391.553: [GC (Allocation Failure) [PSYoungGen: 58925K->1597K(59392K)] 426602K->369274K(561152K), 0.0017401 secs] [Times: user=0.00 sys=0.00, real=0.01 secs] 
1391.830: [GC (Allocation Failure) [PSYoungGen: 58941K->1408K(59392K)] 426618K->369085K(561152K), 0.0016145 secs] [Times: user=0.01 sys=0.00, real=0.00 secs] 
1392.068: [GC (Allocation Failure) [PSYoungGen: 58752K->1440K(59392K)] 426429K->369117K(561152K), 0.0015996 secs] [Times: user=0.01 sys=0.00, real=0.00 secs] 
1392.305: [GC (Allocation Failure) [PSYoungGen: 58784K->1344K(59392K)] 426461K->369021K(561152K), 0.0015513 secs] [Times: user=0.00 sys=0.00, real=0.00 secs] 
1392.543: [GC (Allocation Failure) [PSYoungGen: 58688K->1376K(59392K)] 426365K->369053K(561152K), 0.0015539 secs] [Times: user=0.00 sys=0.00, real=0.01 secs] 
1392.780: [GC (Allocation Failure) [PSYoungGen: 58720K->1408K(59392K)] 426397K->369085K(561152K), 0.0017151 secs] [Times: user=0.01 sys=0.00, real=0.00 secs] 
1393.112: [GC (Allocation Failure) [PSYoungGen: 58752K->1533K(59392K)] 426429K->369210K(561152K), 0.0016438 secs] [Times: user=0.00 sys=0.00, real=0.01 secs] 
1393.453: [GC (Allocation Failure) [PSYoungGen: 58877K->1533K(59392K)] 426554K->369218K(561152K), 0.0016765 secs] [Times: user=0.00 sys=0.00, real=0.01 secs] 
1393.790: [GC (Allocation Failure) [PSYoungGen: 58877K->1597K(59392K)] 426562K->369282K(561152K), 0.0017026 secs] [Times: user=0.00 sys=0.00, real=0.00 secs] 
1394.129: [GC (Allocation Failure) [PSYoungGen: 58941K->1549K(59392K)] 426626K->369234K(561152K), 0.0017636 secs] [Times: user=0.01 sys=0.00, real=0.00 secs] 
1394.446: [GC (Allocation Failure) [PSYoungGen: 58893K->1472K(59392K)] 426578K->369157K(561152K), 0.0020533 secs] [Times: user=0.01 sys=0.00, real=0.00 secs] 
1394.685: [GC (Allocation Failure) [PSYoungGen: 58816K->1376K(59392K)] 426501K->369061K(561152K), 0.0019270 secs] [Times: user=0.01 sys=0.00, real=0.00 secs] 
1394.923: [GC (Allocation Failure) [PSYoungGen: 58720K->1408K(59392K)] 426405K->369093K(561152K), 0.0019670 secs] [Times: user=0.01 sys=0.00, real=0.00 secs] 
1395.162: [GC (Allocation Failure) [PSYoungGen: 58752K->1408K(59392K)] 426437K->369093K(561152K), 0.0019192 secs] [Times: user=0.00 sys=0.00, real=0.01 secs] 
1395.493: [GC (Allocation Failure) [PSYoungGen: 58752K->1376K(59392K)] 426437K->369061K(561152K), 0.0019680 secs] [Times: user=0.01 sys=0.00, real=0.00 secs] 
1395.875: [GC (Allocation Failure) [PSYoungGen: 58720K->1533K(59392K)] 426405K->369218K(561152K), 0.0016142 secs] [Times: user=0.01 sys=0.00, real=0.00 secs] 
1396.210: [GC (Allocation Failure) [PSYoungGen: 58877K->1565K(59392K)] 426562K->369266K(561152K), 0.0016331 secs] [Times: user=0.01 sys=0.00, real=0.00 secs] 
1396.545: [GC (Allocation Failure) [PSYoungGen: 58909K->1597K(59392K)] 426610K->369298K(561152K), 0.0017527 secs] [Times: user=0.00 sys=0.00, real=0.00 secs] 
1396.883: [GC (Allocation Failure) [PSYoungGen: 58941K->1565K(59392K)] 426642K->369266K(561152K), 0.0016994 secs] [Times: user=0.00 sys=0.00, real=0.01 secs] 
1397.221: [GC (Allocation Failure) [PSYoungGen: 58909K->1472K(59392K)] 426610K->369173K(561152K), 0.0020932 secs] [Times: user=0.01 sys=0.00, real=0.01 secs] 
1397.476: [GC (Allocation Failure) [PSYoungGen: 58816K->1376K(59392K)] 426517K->369077K(561152K), 0.0020308 secs] [Times: user=0.01 sys=0.00, real=0.00 secs] 
1397.766: [GC (Allocation Failure) [PSYoungGen: 58720K->1376K(59392K)] 426421K->369077K(561152K), 0.0020018 secs] [Times: user=0.01 sys=0.00, real=0.00 secs] 
1398.047: [GC (Allocation Failure) [PSYoungGen: 58720K->1376K(59392K)] 426421K->369077K(561152K), 0.0041331 secs] [Times: user=0.02 sys=0.00, real=0.00 secs] 
1398.375: [GC (Allocation Failure) [PSYoungGen: 58720K->1376K(59392K)] 426421K->369077K(561152K), 0.0019931 secs] [Times: user=0.01 sys=0.00, real=0.00 secs] 
1398.790: [GC (Allocation Failure) [PSYoungGen: 58720K->1501K(59392K)] 426421K->369202K(561152K), 0.0016190 secs] [Times: user=0.01 sys=0.00, real=0.00 secs] 
1399.125: [GC (Allocation Failure) [PSYoungGen: 58845K->1533K(59392K)] 426546K->369250K(561152K), 0.0017921 secs] [Times: user=0.00 sys=0.00, real=0.00 secs] 
1399.462: [GC (Allocation Failure) [PSYoungGen: 58877K->1597K(59392K)] 426594K->369314K(561152K), 0.0017519 secs] [Times: user=0.01 sys=0.00, real=0.01 secs] 
1399.798: [GC (Allocation Failure) [PSYoungGen: 58941K->1533K(59392K)] 426658K->369274K(561152K), 0.0017100 secs] [Times: user=0.00 sys=0.00, real=0.00 secs] 
1401.097: [GC (Allocation Failure) [PSYoungGen: 58877K->1472K(59392K)] 426618K->369213K(561152K), 0.0044763 secs] [Times: user=0.02 sys=0.00, real=0.00 secs] 
1402.024: [GC (Allocation Failure) [PSYoungGen: 58816K->1408K(59392K)] 426557K->369149K(561152K), 0.0031735 secs] [Times: user=0.01 sys=0.00, real=0.00 secs] 
1402.303: [GC (Allocation Failure) [PSYoungGen: 58752K->1408K(59392K)] 426493K->369149K(561152K), 0.0024259 secs] [Times: user=0.01 sys=0.00, real=0.00 secs] 
1402.565: [GC (Allocation Failure) [PSYoungGen: 58752K->1392K(59392K)] 426493K->369133K(561152K), 0.0022499 secs] [Times: user=0.01 sys=0.00, real=0.00 secs] 
1402.813: [GC (Allocation Failure) [PSYoungGen: 58736K->1408K(59392K)] 426477K->369149K(561152K), 0.0022382 secs] [Times: user=0.01 sys=0.00, real=0.01 secs] 
1403.207: [GC (Allocation Failure) [PSYoungGen: 58752K->1437K(59392K)] 426493K->369178K(561152K), 0.0022117 secs] [Times: user=0.01 sys=0.00, real=0.00 secs] 
1403.640: [GC (Allocation Failure) [PSYoungGen: 58781K->1565K(59392K)] 426522K->369322K(561152K), 0.0018317 secs] [Times: user=0.01 sys=0.00, real=0.00 secs] 
1403.974: [GC (Allocation Failure) [PSYoungGen: 58909K->1600K(59392K)] 426666K->369357K(561152K), 0.0017611 secs] [Times: user=0.00 sys=0.00, real=0.00 secs] 
1404.312: [GC (Allocation Failure) [PSYoungGen: 58944K->1536K(59392K)] 426701K->369293K(561152K), 0.0017776 secs] [Times: user=0.01 sys=0.00, real=0.01 secs] 
1404.860: [GC (Allocation Failure) [PSYoungGen: 58880K->2032K(59392K)] 426637K->370301K(561152K), 0.0021063 secs] [Times: user=0.01 sys=0.00, real=0.00 secs] 
1405.443: [GC (Allocation Failure) [PSYoungGen: 59376K->1392K(59392K)] 427645K->369661K(561152K), 0.0041416 secs] [Times: user=0.02 sys=0.00, real=0.01 secs] 
1405.944: [GC (Allocation Failure) [PSYoungGen: 58736K->1408K(59392K)] 427005K->369677K(561152K), 0.0033398 secs] [Times: user=0.01 sys=0.00, real=0.00 secs] 
1406.206: [GC (Allocation Failure) [PSYoungGen: 58752K->1376K(59392K)] 427021K->369645K(561152K), 0.0020912 secs] [Times: user=0.01 sys=0.00, real=0.00 secs] 
1406.445: [GC (Allocation Failure) [PSYoungGen: 58720K->1376K(59392K)] 426989K->369645K(561152K), 0.0021492 secs] [Times: user=0.00 sys=0.00, real=0.00 secs] 
1406.744: [GC (Allocation Failure) [PSYoungGen: 58720K->1504K(59392K)] 426989K->369773K(561152K), 0.0016456 secs] [Times: user=0.01 sys=0.00, real=0.00 secs] 
1407.079: [GC (Allocation Failure) [PSYoungGen: 58838K->1565K(59392K)] 427107K->369842K(561152K), 0.0016900 secs] [Times: user=0.01 sys=0.00, real=0.00 secs] 
1407.415: [GC (Allocation Failure) [PSYoungGen: 58909K->1597K(59392K)] 427186K->369874K(561152K), 0.0016921 secs] [Times: user=0.01 sys=0.00, real=0.00 secs] 
1407.753: [GC (Allocation Failure) [PSYoungGen: 58941K->1597K(59392K)] 427218K->369874K(561152K), 0.0016972 secs] [Times: user=0.01 sys=0.00, real=0.01 secs] 
1408.150: [GC (Allocation Failure) [PSYoungGen: 58941K->384K(59392K)] 427218K->368661K(561152K), 0.0015019 secs] [Times: user=0.00 sys=0.00, real=0.00 secs] 
1408.512: [GC (Allocation Failure) [PSYoungGen: 57728K->1408K(59392K)] 426005K->369685K(561152K), 0.0022443 secs] [Times: user=0.01 sys=0.00, real=0.01 secs] 
1408.858: [GC (Allocation Failure) [PSYoungGen: 58752K->1408K(59392K)] 427029K->369685K(561152K), 0.0022219 secs] [Times: user=0.01 sys=0.00, real=0.00 secs] 
1409.159: [GC (Allocation Failure) [PSYoungGen: 58752K->1408K(59392K)] 427029K->369685K(561152K), 0.0022668 secs] [Times: user=0.01 sys=0.00, real=0.00 secs] 
1409.544: [GC (Allocation Failure) [PSYoungGen: 58752K->1392K(59392K)] 427029K->369669K(561152K), 0.0021254 secs] [Times: user=0.01 sys=0.00, real=0.00 secs] 
1410.029: [GC (Allocation Failure) [PSYoungGen: 58736K->1421K(59392K)] 427013K->369698K(561152K), 0.0021188 secs] [Times: user=0.01 sys=0.00, real=0.00 secs] 
1410.374: [GC (Allocation Failure) [PSYoungGen: 58765K->1629K(59392K)] 427042K->369930K(561152K), 0.0017414 secs] [Times: user=0.00 sys=0.00, real=0.00 secs] 
1410.721: [GC (Allocation Failure) [PSYoungGen: 58973K->1485K(59392K)] 427274K->369786K(561152K), 0.0016332 secs] [Times: user=0.00 sys=0.00, real=0.00 secs] 
1411.058: [GC (Allocation Failure) [PSYoungGen: 58829K->1613K(59392K)] 427130K->369914K(561152K), 0.0016844 secs] [Times: user=0.00 sys=0.00, real=0.00 secs] 
1411.395: [GC (Allocation Failure) [PSYoungGen: 58957K->1565K(59392K)] 427258K->369866K(561152K), 0.0016900 secs] [Times: user=0.00 sys=0.00, real=0.00 secs] 
1411.899: [GC (Allocation Failure) [PSYoungGen: 58909K->1392K(59392K)] 427210K->369693K(561152K), 0.0018798 secs] [Times: user=0.01 sys=0.00, real=0.00 secs] 
1412.421: [GC (Allocation Failure) [PSYoungGen: 58736K->1408K(59392K)] 427037K->369709K(561152K), 0.0032840 secs] [Times: user=0.02 sys=0.00, real=0.01 secs] 
1413.063: [GC (Allocation Failure) [PSYoungGen: 58752K->1392K(59392K)] 427053K->369693K(561152K), 0.0033308 secs] [Times: user=0.01 sys=0.00, real=0.01 secs] 
1413.644: [GC (Allocation Failure) [PSYoungGen: 58736K->1376K(59392K)] 427037K->369677K(561152K), 0.0029488 secs] [Times: user=0.01 sys=0.00, real=0.00 secs] 
1414.466: [GC (Allocation Failure) [PSYoungGen: 58720K->1408K(59392K)] 427021K->369709K(561152K), 0.0046541 secs] [Times: user=0.02 sys=0.00, real=0.00 secs] 
1415.028: [GC (Allocation Failure) [PSYoungGen: 58752K->1597K(59392K)] 427053K->369898K(561152K), 0.0017124 secs] [Times: user=0.01 sys=0.01, real=0.00 secs] 
1415.426: [GC (Allocation Failure) [PSYoungGen: 58941K->1565K(59392K)] 427242K->369874K(561152K), 0.0018344 secs] [Times: user=0.00 sys=0.00, real=0.00 secs] 
1415.763: [GC (Allocation Failure) [PSYoungGen: 58909K->1568K(59392K)] 427218K->369877K(561152K), 0.0018235 secs] [Times: user=0.01 sys=0.00, real=0.00 secs] 
1416.098: [GC (Allocation Failure) [PSYoungGen: 58912K->1629K(59392K)] 427221K->369938K(561152K), 0.0018253 secs] [Times: user=0.01 sys=0.00, real=0.00 secs] 
1417.236: [GC (Allocation Failure) [PSYoungGen: 58973K->1472K(59392K)] 427282K->369789K(561152K), 0.0029661 secs] [Times: user=0.01 sys=0.00, real=0.00 secs] 
1417.675: [GC (Allocation Failure) [PSYoungGen: 58816K->1376K(59392K)] 427133K->369693K(561152K), 0.0027057 secs] [Times: user=0.01 sys=0.00, real=0.00 secs] 
1418.153: [GC (Allocation Failure) [PSYoungGen: 58720K->1376K(59392K)] 427037K->369693K(561152K), 0.0025848 secs] [Times: user=0.01 sys=0.00, real=0.01 secs] 
1418.624: [GC (Allocation Failure) [PSYoungGen: 58720K->1376K(59392K)] 427037K->369693K(561152K), 0.0024081 secs] [Times: user=0.01 sys=0.00, real=0.00 secs] 
1419.080: [GC (Allocation Failure) [PSYoungGen: 58720K->1376K(59392K)] 427037K->369693K(561152K), 0.0024821 secs] [Times: user=0.01 sys=0.00, real=0.00 secs] 
1419.544: [GC (Allocation Failure) [PSYoungGen: 58720K->1568K(59392K)] 427037K->369885K(561152K), 0.0016418 secs] [Times: user=0.01 sys=0.00, real=0.00 secs] 
1419.882: [GC (Allocation Failure) [PSYoungGen: 58912K->1565K(59392K)] 427229K->369890K(561152K), 0.0017548 secs] [Times: user=0.01 sys=0.00, real=0.01 secs] 
1420.218: [GC (Allocation Failure) [PSYoungGen: 58909K->1533K(59392K)] 427234K->369858K(561152K), 0.0017318 secs] [Times: user=0.01 sys=0.00, real=0.00 secs] 
1420.557: [GC (Allocation Failure) [PSYoungGen: 58877K->1581K(59392K)] 427202K->369906K(561152K), 0.0017068 secs] [Times: user=0.00 sys=0.00, real=0.00 secs] 
1420.910: [GC (Allocation Failure) [PSYoungGen: 58925K->1440K(59392K)] 427250K->369773K(561152K), 0.0019274 secs] [Times: user=0.01 sys=0.00, real=0.00 secs] 
1421.148: [GC (Allocation Failure) [PSYoungGen: 58784K->1424K(59392K)] 427117K->369757K(561152K), 0.0021388 secs] [Times: user=0.01 sys=0.00, real=0.00 secs] 
1421.387: [GC (Allocation Failure) [PSYoungGen: 58768K->1392K(59392K)] 427101K->369749K(561152K), 0.0023440 secs] [Times: user=0.01 sys=0.00, real=0.00 secs] 
1421.626: [GC (Allocation Failure) [PSYoungGen: 58736K->1344K(59392K)] 427093K->369701K(561152K), 0.0022867 secs] [Times: user=0.01 sys=0.00, real=0.00 secs] 
1422.012: [GC (Allocation Failure) [PSYoungGen: 58688K->1408K(59392K)] 427045K->369765K(561152K), 0.0033438 secs] [Times: user=0.01 sys=0.00, real=0.01 secs] 
1422.673: [GC (Allocation Failure) [PSYoungGen: 58752K->1533K(59392K)] 427109K->369890K(561152K), 0.0017180 secs] [Times: user=0.00 sys=0.00, real=0.00 secs] 
1423.068: [GC (Allocation Failure) [PSYoungGen: 58877K->1552K(59392K)] 427234K->369925K(561152K), 0.0017759 secs] [Times: user=0.01 sys=0.00, real=0.00 secs] 
1423.406: [GC (Allocation Failure) [PSYoungGen: 58896K->1597K(59392K)] 427269K->369970K(561152K), 0.0018010 secs] [Times: user=0.00 sys=0.00, real=0.00 secs] 
1423.746: [GC (Allocation Failure) [PSYoungGen: 58941K->1565K(59392K)] 427314K->369938K(561152K), 0.0016525 secs] [Times: user=0.00 sys=0.00, real=0.00 secs] 
1424.835: [GC (Allocation Failure) [PSYoungGen: 58909K->1440K(59392K)] 427282K->369821K(561152K), 0.0042326 secs] [Times: user=0.02 sys=0.00, real=0.00 secs] 
1425.319: [GC (Allocation Failure) [PSYoungGen: 58784K->1376K(59392K)] 427165K->369757K(561152K), 0.0033606 secs] [Times: user=0.02 sys=0.00, real=0.00 secs] 
1425.781: [GC (Allocation Failure) [PSYoungGen: 58720K->1392K(59392K)] 427101K->369773K(561152K), 0.0027506 secs] [Times: user=0.02 sys=0.00, real=0.01 secs] 
1426.228: [GC (Allocation Failure) [PSYoungGen: 58736K->1376K(59392K)] 427117K->369757K(561152K), 0.0027973 secs] [Times: user=0.02 sys=0.00, real=0.00 secs] 
1426.783: [GC (Allocation Failure) [PSYoungGen: 58720K->1472K(59392K)] 427101K->369853K(561152K), 0.0028819 secs] [Times: user=0.01 sys=0.00, real=0.01 secs] 
1427.190: [GC (Allocation Failure) [PSYoungGen: 58816K->1533K(59392K)] 427197K->369914K(561152K), 0.0016025 secs] [Times: user=0.01 sys=0.00, real=0.00 secs] 
1427.587: [GC (Allocation Failure) [PSYoungGen: 58877K->1565K(59392K)] 427258K->369970K(561152K), 0.0016712 secs] [Times: user=0.00 sys=0.00, real=0.00 secs] 
1427.922: [GC (Allocation Failure) [PSYoungGen: 58909K->1533K(59392K)] 427314K->369938K(561152K), 0.0017857 secs] [Times: user=0.01 sys=0.00, real=0.01 secs] 
1428.257: [GC (Allocation Failure) [PSYoungGen: 58877K->1536K(59392K)] 427282K->369941K(561152K), 0.0017989 secs] [Times: user=0.01 sys=0.00, real=0.00 secs] 
1428.771: [GC (Allocation Failure) [PSYoungGen: 58880K->1440K(59392K)] 427285K->369845K(561152K), 0.0027780 secs] [Times: user=0.02 sys=0.00, real=0.01 secs] 
1429.365: [GC (Allocation Failure) [PSYoungGen: 58784K->1408K(59392K)] 427189K->369813K(561152K), 0.0033767 secs] [Times: user=0.01 sys=0.00, real=0.00 secs] 
1429.832: [GC (Allocation Failure) [PSYoungGen: 58752K->1408K(59392K)] 427157K->369813K(561152K), 0.0027794 secs] [Times: user=0.01 sys=0.00, real=0.01 secs] 
1430.324: [GC (Allocation Failure) [PSYoungGen: 58752K->1376K(59392K)] 427157K->369781K(561152K), 0.0025100 secs] [Times: user=0.01 sys=0.00, real=0.00 secs] 
1430.860: [GC (Allocation Failure) [PSYoungGen: 58720K->1392K(59392K)] 427125K->369797K(561152K), 0.0025267 secs] [Times: user=0.01 sys=0.00, real=0.00 secs] 
1431.392: [GC (Allocation Failure) [PSYoungGen: 58736K->1501K(59392K)] 427141K->369906K(561152K), 0.0016311 secs] [Times: user=0.01 sys=0.00, real=0.01 secs] 
1431.728: [GC (Allocation Failure) [PSYoungGen: 58845K->1504K(59392K)] 427250K->369941K(561152K), 0.0016667 secs] [Times: user=0.01 sys=0.00, real=0.00 secs] 
1432.063: [GC (Allocation Failure) [PSYoungGen: 58848K->1565K(59392K)] 427285K->370002K(561152K), 0.0016821 secs] [Times: user=0.00 sys=0.00, real=0.01 secs] 
1432.401: [GC (Allocation Failure) [PSYoungGen: 58909K->1568K(59392K)] 427346K->370005K(561152K), 0.0017288 secs] [Times: user=0.00 sys=0.00, real=0.01 secs] 
1432.768: [GC (Allocation Failure) [PSYoungGen: 58912K->1952K(59392K)] 427349K->370389K(561152K), 0.0019679 secs] [Times: user=0.01 sys=0.00, real=0.00 secs] 
1433.105: [GC (Allocation Failure) [PSYoungGen: 59296K->1408K(59392K)] 427733K->369845K(561152K), 0.0018934 secs] [Times: user=0.01 sys=0.00, real=0.00 secs] 
1433.509: [GC (Allocation Failure) [PSYoungGen: 58752K->1376K(59392K)] 427189K->369813K(561152K), 0.0040933 secs] [Times: user=0.01 sys=0.00, real=0.00 secs] 
1433.971: [GC (Allocation Failure) [PSYoungGen: 58720K->1376K(59392K)] 427157K->369813K(561152K), 0.0028382 secs] [Times: user=0.02 sys=0.00, real=0.01 secs] 
1434.594: [GC (Allocation Failure) [PSYoungGen: 58720K->1344K(59392K)] 427157K->369781K(561152K), 0.0028896 secs] [Times: user=0.01 sys=0.00, real=0.00 secs] 
1435.274: [GC (Allocation Failure) [PSYoungGen: 58688K->1501K(59392K)] 427125K->369938K(561152K), 0.0018451 secs] [Times: user=0.00 sys=0.00, real=0.00 secs] 
1435.624: [GC (Allocation Failure) [PSYoungGen: 58845K->1565K(59392K)] 427282K->370010K(561152K), 0.0017609 secs] [Times: user=0.01 sys=0.00, real=0.00 secs] 
1435.960: [GC (Allocation Failure) [PSYoungGen: 58909K->1565K(59392K)] 427354K->370010K(561152K), 0.0017257 secs] [Times: user=0.00 sys=0.00, real=0.00 secs] 
1436.297: [GC (Allocation Failure) [PSYoungGen: 58909K->1565K(59392K)] 427354K->370010K(561152K), 0.0017146 secs] [Times: user=0.00 sys=0.00, real=0.00 secs] 
1436.636: [GC (Allocation Failure) [PSYoungGen: 58909K->256K(59392K)] 427354K->368701K(561152K), 0.0016158 secs] [Times: user=0.01 sys=0.00, real=0.00 secs] 
1437.173: [GC (Allocation Failure) [PSYoungGen: 57600K->1408K(59392K)] 426045K->369853K(561152K), 0.0018601 secs] [Times: user=0.01 sys=0.00, real=0.00 secs] 
1437.412: [GC (Allocation Failure) [PSYoungGen: 58752K->1344K(59392K)] 427197K->369789K(561152K), 0.0022738 secs] [Times: user=0.01 sys=0.00, real=0.01 secs] 
1437.651: [GC (Allocation Failure) [PSYoungGen: 58688K->1408K(59392K)] 427133K->369853K(561152K), 0.0023199 secs] [Times: user=0.01 sys=0.00, real=0.01 secs] 
1437.890: [GC (Allocation Failure) [PSYoungGen: 58752K->1408K(59392K)] 427197K->369853K(561152K), 0.0023647 secs] [Times: user=0.01 sys=0.00, real=0.00 secs] 
1438.299: [GC (Allocation Failure) [PSYoungGen: 58752K->1485K(59392K)] 427197K->369930K(561152K), 0.0021169 secs] [Times: user=0.01 sys=0.00, real=0.00 secs] 
1438.723: [GC (Allocation Failure) [PSYoungGen: 58829K->1565K(59392K)] 427274K->370018K(561152K), 0.0018079 secs] [Times: user=0.01 sys=0.00, real=0.01 secs] 
1439.059: [GC (Allocation Failure) [PSYoungGen: 58909K->1565K(59392K)] 427362K->370018K(561152K), 0.0016539 secs] [Times: user=0.01 sys=0.00, real=0.00 secs] 
1439.394: [GC (Allocation Failure) [PSYoungGen: 58909K->1533K(59392K)] 427362K->369986K(561152K), 0.0016804 secs] [Times: user=0.01 sys=0.00, real=0.00 secs] 
1439.729: [GC (Allocation Failure) [PSYoungGen: 58877K->1533K(59392K)] 427330K->369986K(561152K), 0.0017311 secs] [Times: user=0.00 sys=0.00, real=0.00 secs] 
1440.064: [GC (Allocation Failure) [PSYoungGen: 58877K->1488K(59392K)] 427330K->369949K(561152K), 0.0034083 secs] [Times: user=0.01 sys=0.00, real=0.00 secs] 
1440.382: [GC (Allocation Failure) [PSYoungGen: 58832K->1408K(59392K)] 427293K->369885K(561152K), 0.0021471 secs] [Times: user=0.01 sys=0.00, real=0.01 secs] 
1440.632: [GC (Allocation Failure) [PSYoungGen: 58752K->1376K(59392K)] 427229K->369853K(561152K), 0.0021495 secs] [Times: user=0.01 sys=0.00, real=0.01 secs] 
1440.900: [GC (Allocation Failure) [PSYoungGen: 58720K->1392K(59392K)] 427197K->369869K(561152K), 0.0022249 secs] [Times: user=0.01 sys=0.00, real=0.00 secs] 
1441.154: [GC (Allocation Failure) [PSYoungGen: 58736K->1408K(59392K)] 427213K->369885K(561152K), 0.0021185 secs] [Times: user=0.01 sys=0.00, real=0.00 secs] 
1441.543: [GC (Allocation Failure) [PSYoungGen: 58752K->1597K(59392K)] 427229K->370082K(561152K), 0.0016171 secs] [Times: user=0.00 sys=0.00, real=0.00 secs] 
1441.878: [GC (Allocation Failure) [PSYoungGen: 58941K->1565K(59392K)] 427426K->370058K(561152K), 0.0016258 secs] [Times: user=0.01 sys=0.00, real=0.00 secs] 
1442.275: [GC (Allocation Failure) [PSYoungGen: 58909K->1565K(59392K)] 427402K->370058K(561152K), 0.0018092 secs] [Times: user=0.01 sys=0.00, real=0.00 secs] 
1442.611: [GC (Allocation Failure) [PSYoungGen: 58909K->1533K(59392K)] 427402K->370026K(561152K), 0.0018243 secs] [Times: user=0.01 sys=0.00, real=0.00 secs] 
1443.222: [GC (Allocation Failure) [PSYoungGen: 58877K->1472K(59392K)] 427370K->369965K(561152K), 0.0037023 secs] [Times: user=0.02 sys=0.00, real=0.01 secs] 
1443.553: [GC (Allocation Failure) [PSYoungGen: 58816K->1408K(59392K)] 427309K->369901K(561152K), 0.0022238 secs] [Times: user=0.01 sys=0.00, real=0.01 secs] 
1443.805: [GC (Allocation Failure) [PSYoungGen: 58752K->1440K(59392K)] 427245K->369933K(561152K), 0.0019965 secs] [Times: user=0.01 sys=0.00, real=0.00 secs] 
1444.066: [GC (Allocation Failure) [PSYoungGen: 58784K->1376K(59392K)] 427277K->369869K(561152K), 0.0021707 secs] [Times: user=0.01 sys=0.00, real=0.00 secs] 
1444.353: [GC (Allocation Failure) [PSYoungGen: 58720K->1344K(59392K)] 427213K->369837K(561152K), 0.0021577 secs] [Times: user=0.01 sys=0.00, real=0.01 secs] 
1444.713: [GC (Allocation Failure) [PSYoungGen: 58688K->1565K(59392K)] 427181K->370058K(561152K), 0.0016735 secs] [Times: user=0.01 sys=0.00, real=0.01 secs] 
1445.048: [GC (Allocation Failure) [PSYoungGen: 58909K->1501K(59392K)] 427402K->370010K(561152K), 0.0016648 secs] [Times: user=0.00 sys=0.00, real=0.00 secs] 
1445.384: [GC (Allocation Failure) [PSYoungGen: 58845K->1533K(59392K)] 427354K->370042K(561152K), 0.0016024 secs] [Times: user=0.01 sys=0.00, real=0.00 secs] 
1445.720: [GC (Allocation Failure) [PSYoungGen: 58877K->1565K(59392K)] 427386K->370074K(561152K), 0.0018273 secs] [Times: user=0.01 sys=0.00, real=0.00 secs] 
1446.181: [GC (Allocation Failure) [PSYoungGen: 58909K->1440K(59392K)] 427418K->369949K(561152K), 0.0018513 secs] [Times: user=0.01 sys=0.00, real=0.01 secs] 
1446.564: [GC (Allocation Failure) [PSYoungGen: 58784K->1408K(59392K)] 427293K->369917K(561152K), 0.0033563 secs] [Times: user=0.01 sys=0.00, real=0.00 secs] 
1446.811: [GC (Allocation Failure) [PSYoungGen: 58752K->1344K(59392K)] 427261K->369853K(561152K), 0.0023270 secs] [Times: user=0.01 sys=0.00, real=0.01 secs] 
1447.050: [GC (Allocation Failure) [PSYoungGen: 58688K->1392K(59392K)] 427197K->369901K(561152K), 0.0023799 secs] [Times: user=0.01 sys=0.00, real=0.00 secs] 
1447.290: [GC (Allocation Failure) [PSYoungGen: 58736K->1344K(59392K)] 427245K->369853K(561152K), 0.0021291 secs] [Times: user=0.01 sys=0.00, real=0.00 secs] 
1447.610: [GC (Allocation Failure) [PSYoungGen: 58688K->1565K(59392K)] 427197K->370074K(561152K), 0.0016916 secs] [Times: user=0.00 sys=0.00, real=0.00 secs] 
1447.946: [GC (Allocation Failure) [PSYoungGen: 58909K->1565K(59392K)] 427418K->370082K(561152K), 0.0017660 secs] [Times: user=0.01 sys=0.00, real=0.00 secs] 
1448.281: [GC (Allocation Failure) [PSYoungGen: 58909K->1536K(59392K)] 427426K->370053K(561152K), 0.0017172 secs] [Times: user=0.01 sys=0.00, real=0.00 secs] 
1448.621: [GC (Allocation Failure) [PSYoungGen: 58880K->1565K(59392K)] 427397K->370082K(561152K), 0.0016703 secs] [Times: user=0.01 sys=0.00, real=0.00 secs] 
1449.240: [GC (Allocation Failure) [PSYoungGen: 58909K->1504K(59392K)] 427426K->370021K(561152K), 0.0026592 secs] [Times: user=0.01 sys=0.00, real=0.00 secs] 
1449.782: [GC (Allocation Failure) [PSYoungGen: 58848K->1392K(59392K)] 427365K->369909K(561152K), 0.0021760 secs] [Times: user=0.01 sys=0.00, real=0.01 secs] 
1450.074: [GC (Allocation Failure) [PSYoungGen: 58736K->1344K(59392K)] 427253K->369869K(561152K), 0.0021912 secs] [Times: user=0.01 sys=0.00, real=0.00 secs] 
1450.406: [GC (Allocation Failure) [PSYoungGen: 58688K->1376K(59392K)] 427213K->369925K(561152K), 0.0022989 secs] [Times: user=0.01 sys=0.00, real=0.00 secs] 
1450.678: [GC (Allocation Failure) [PSYoungGen: 58720K->1376K(59392K)] 427269K->369925K(561152K), 0.0021102 secs] [Times: user=0.01 sys=0.00, real=0.00 secs] 
1451.118: [GC (Allocation Failure) [PSYoungGen: 58720K->1501K(59392K)] 427269K->370050K(561152K), 0.0017417 secs] [Times: user=0.00 sys=0.00, real=0.00 secs] 
1451.454: [GC (Allocation Failure) [PSYoungGen: 58845K->1501K(59392K)] 427394K->370058K(561152K), 0.0017568 secs] [Times: user=0.01 sys=0.00, real=0.00 secs] 
1451.798: [GC (Allocation Failure) [PSYoungGen: 58845K->1533K(59392K)] 427402K->370090K(561152K), 0.0017800 secs] [Times: user=0.01 sys=0.00, real=0.00 secs] 
1452.134: [GC (Allocation Failure) [PSYoungGen: 58877K->1565K(59392K)] 427434K->370130K(561152K), 0.0018177 secs] [Times: user=0.00 sys=0.00, real=0.00 secs] 
1452.559: [GC (Allocation Failure) [PSYoungGen: 58909K->1440K(59392K)] 427474K->370005K(561152K), 0.0020179 secs] [Times: user=0.01 sys=0.00, real=0.00 secs] 
1453.136: [GC (Allocation Failure) [PSYoungGen: 58784K->1408K(59392K)] 427349K->369973K(561152K), 0.0023115 secs] [Times: user=0.01 sys=0.00, real=0.00 secs] 
1453.719: [GC (Allocation Failure) [PSYoungGen: 58752K->1344K(59392K)] 427317K->369909K(561152K), 0.0022835 secs] [Times: user=0.01 sys=0.00, real=0.00 secs] 
1454.265: [GC (Allocation Failure) [PSYoungGen: 58688K->1328K(59392K)] 427253K->369893K(561152K), 0.0023684 secs] [Times: user=0.01 sys=0.00, real=0.00 secs] 
1454.717: [GC (Allocation Failure) [PSYoungGen: 58672K->1376K(59392K)] 427237K->369941K(561152K), 0.0024901 secs] [Times: user=0.01 sys=0.00, real=0.00 secs] 
1455.192: [GC (Allocation Failure) [PSYoungGen: 58720K->1469K(59392K)] 427285K->370034K(561152K), 0.0015640 secs] [Times: user=0.01 sys=0.00, real=0.01 secs] 
1455.526: [GC (Allocation Failure) [PSYoungGen: 58813K->1533K(59392K)] 427378K->370122K(561152K), 0.0016410 secs] [Times: user=0.00 sys=0.00, real=0.00 secs] 
1455.864: [GC (Allocation Failure) [PSYoungGen: 58877K->1568K(59392K)] 427466K->370165K(561152K), 0.0016995 secs] [Times: user=0.00 sys=0.00, real=0.00 secs] 
1456.199: [GC (Allocation Failure) [PSYoungGen: 58909K->1629K(59392K)] 427506K->370226K(561152K), 0.0017494 secs] [Times: user=0.01 sys=0.00, real=0.00 secs] 
1456.615: [GC (Allocation Failure) [PSYoungGen: 58973K->1952K(59392K)] 427570K->370549K(561152K), 0.0019769 secs] [Times: user=0.01 sys=0.00, real=0.00 secs] 
1457.118: [GC (Allocation Failure) [PSYoungGen: 59296K->1376K(59392K)] 427893K->369973K(561152K), 0.0019430 secs] [Times: user=0.00 sys=0.00, real=0.00 secs] 
1457.661: [GC (Allocation Failure) [PSYoungGen: 58720K->1376K(59392K)] 427317K->369973K(561152K), 0.0021471 secs] [Times: user=0.01 sys=0.00, real=0.01 secs] 
1458.242: [GC (Allocation Failure) [PSYoungGen: 58720K->1360K(59392K)] 427317K->369957K(561152K), 0.0020934 secs] [Times: user=0.01 sys=0.00, real=0.01 secs] 
1458.729: [GC (Allocation Failure) [PSYoungGen: 58704K->1440K(59392K)] 427301K->370037K(561152K), 0.0025235 secs] [Times: user=0.01 sys=0.00, real=0.00 secs] 
1459.236: [GC (Allocation Failure) [PSYoungGen: 58784K->1501K(59392K)] 427381K->370098K(561152K), 0.0017147 secs] [Times: user=0.01 sys=0.00, real=0.00 secs] 
1459.573: [GC (Allocation Failure) [PSYoungGen: 58831K->1565K(59392K)] 427428K->370178K(561152K), 0.0017118 secs] [Times: user=0.00 sys=0.00, real=0.01 secs] 
1459.906: [GC (Allocation Failure) [PSYoungGen: 58909K->1597K(59392K)] 427522K->370210K(561152K), 0.0017966 secs] [Times: user=0.00 sys=0.00, real=0.00 secs] 
1460.245: [GC (Allocation Failure) [PSYoungGen: 58941K->1597K(59392K)] 427554K->370210K(561152K), 0.0017000 secs] [Times: user=0.00 sys=0.00, real=0.00 secs] 
1460.639: [GC (Allocation Failure) [PSYoungGen: 58921K->320K(59392K)] 427534K->368933K(561152K), 0.0016694 secs] [Times: user=0.00 sys=0.00, real=0.00 secs] 
1461.166: [GC (Allocation Failure) [PSYoungGen: 57664K->1376K(59392K)] 426277K->369989K(561152K), 0.0019692 secs] [Times: user=0.01 sys=0.00, real=0.00 secs] 
1461.703: [GC (Allocation Failure) [PSYoungGen: 58720K->1392K(59392K)] 427333K->370021K(561152K), 0.0020045 secs] [Times: user=0.01 sys=0.00, real=0.01 secs] 
1462.248: [GC (Allocation Failure) [PSYoungGen: 58736K->1408K(59392K)] 427365K->370037K(561152K), 0.0022562 secs] [Times: user=0.01 sys=0.00, real=0.00 secs] 
1462.712: [GC (Allocation Failure) [PSYoungGen: 58752K->1408K(59392K)] 427381K->370037K(561152K), 0.0024961 secs] [Times: user=0.01 sys=0.00, real=0.01 secs] 
1463.212: [GC (Allocation Failure) [PSYoungGen: 58752K->1453K(59392K)] 427381K->370082K(561152K), 0.0021610 secs] [Times: user=0.01 sys=0.00, real=0.01 secs] 
1463.664: [GC (Allocation Failure) [PSYoungGen: 58797K->1533K(59392K)] 427426K->370170K(561152K), 0.0017639 secs] [Times: user=0.01 sys=0.00, real=0.00 secs] 
1464.065: [GC (Allocation Failure) [PSYoungGen: 58877K->1597K(59392K)] 427514K->370234K(561152K), 0.0017746 secs] [Times: user=0.01 sys=0.00, real=0.00 secs] 
1464.410: [GC (Allocation Failure) [PSYoungGen: 58941K->1597K(59392K)] 427578K->370234K(561152K), 0.0017662 secs] [Times: user=0.00 sys=0.00, real=0.00 secs] 
1464.747: [GC (Allocation Failure) [PSYoungGen: 58941K->1565K(59392K)] 427578K->370202K(561152K), 0.0018163 secs] [Times: user=0.01 sys=0.00, real=0.00 secs] 
1465.403: [GC (Allocation Failure) [PSYoungGen: 58909K->1408K(59392K)] 427546K->370045K(561152K), 0.0042587 secs] [Times: user=0.02 sys=0.00, real=0.00 secs] 
1466.060: [GC (Allocation Failure) [PSYoungGen: 58752K->1344K(59392K)] 427389K->369981K(561152K), 0.0040526 secs] [Times: user=0.02 sys=0.00, real=0.01 secs] 
1466.662: [GC (Allocation Failure) [PSYoungGen: 58688K->1408K(59392K)] 427325K->370045K(561152K), 0.0039532 secs] [Times: user=0.02 sys=0.00, real=0.01 secs] 
1467.348: [GC (Allocation Failure) [PSYoungGen: 58752K->1408K(59392K)] 427389K->370045K(561152K), 0.0023380 secs] [Times: user=0.01 sys=0.00, real=0.00 secs] 
1467.831: [GC (Allocation Failure) [PSYoungGen: 58752K->1392K(59392K)] 427389K->370029K(561152K), 0.0025429 secs] [Times: user=0.01 sys=0.00, real=0.01 secs] 
1468.243: [GC (Allocation Failure) [PSYoungGen: 58736K->1517K(59392K)] 427373K->370162K(561152K), 0.0015834 secs] [Times: user=0.01 sys=0.00, real=0.01 secs] 
1468.577: [GC (Allocation Failure) [PSYoungGen: 58861K->1533K(59392K)] 427506K->370202K(561152K), 0.0017469 secs] [Times: user=0.01 sys=0.00, real=0.00 secs] 
1468.915: [GC (Allocation Failure) [PSYoungGen: 58877K->1597K(59392K)] 427546K->370266K(561152K), 0.0017667 secs] [Times: user=0.01 sys=0.00, real=0.00 secs] 
1469.254: [GC (Allocation Failure) [PSYoungGen: 58941K->1597K(59392K)] 427610K->370266K(561152K), 0.0017408 secs] [Times: user=0.01 sys=0.00, real=0.00 secs] 
1469.571: [GC (Allocation Failure) [PSYoungGen: 58941K->1472K(59392K)] 427610K->370141K(561152K), 0.0019516 secs] [Times: user=0.01 sys=0.00, real=0.01 secs] 
1469.884: [GC (Allocation Failure) [PSYoungGen: 58816K->1408K(59392K)] 427485K->370077K(561152K), 0.0019137 secs] [Times: user=0.01 sys=0.00, real=0.00 secs] 
1470.337: [GC (Allocation Failure) [PSYoungGen: 58752K->1360K(59392K)] 427421K->370029K(561152K), 0.0021977 secs] [Times: user=0.01 sys=0.00, real=0.00 secs] 
1470.795: [GC (Allocation Failure) [PSYoungGen: 58704K->1408K(59392K)] 427373K->370077K(561152K), 0.0021134 secs] [Times: user=0.01 sys=0.00, real=0.00 secs] 
1471.253: [GC (Allocation Failure) [PSYoungGen: 58752K->1408K(59392K)] 427421K->370077K(561152K), 0.0023971 secs] [Times: user=0.01 sys=0.00, real=0.00 secs] 
1471.658: [GC (Allocation Failure) [PSYoungGen: 58752K->1501K(59392K)] 427421K->370170K(561152K), 0.0017204 secs] [Times: user=0.00 sys=0.00, real=0.00 secs] 
1471.994: [GC (Allocation Failure) [PSYoungGen: 58845K->1549K(59392K)] 427514K->370250K(561152K), 0.0016375 secs] [Times: user=0.01 sys=0.00, real=0.00 secs] 
1472.391: [GC (Allocation Failure) [PSYoungGen: 58893K->1501K(59392K)] 427594K->370202K(561152K), 0.0017229 secs] [Times: user=0.01 sys=0.00, real=0.00 secs] 
1472.729: [GC (Allocation Failure) [PSYoungGen: 58845K->1613K(59392K)] 427546K->370314K(561152K), 0.0016111 secs] [Times: user=0.01 sys=0.00, real=0.00 secs] 
1473.628: [GC (Allocation Failure) [PSYoungGen: 58957K->1440K(59392K)] 427658K->370141K(561152K), 0.0085333 secs] [Times: user=0.03 sys=0.00, real=0.01 secs] 
1474.522: [GC (Allocation Failure) [PSYoungGen: 58784K->1408K(59392K)] 427485K->370109K(561152K), 0.0043786 secs] [Times: user=0.01 sys=0.00, real=0.01 secs] 
1475.129: [GC (Allocation Failure) [PSYoungGen: 58752K->1360K(59392K)] 427453K->370061K(561152K), 0.0045381 secs] [Times: user=0.02 sys=0.00, real=0.01 secs] 
1475.724: [GC (Allocation Failure) [PSYoungGen: 58704K->1376K(59392K)] 427405K->370077K(561152K), 0.0032743 secs] [Times: user=0.01 sys=0.00, real=0.00 secs] 
1476.229: [GC (Allocation Failure) [PSYoungGen: 58720K->1408K(59392K)] 427421K->370109K(561152K), 0.0028305 secs] [Times: user=0.01 sys=0.00, real=0.00 secs] 
1476.675: [GC (Allocation Failure) [PSYoungGen: 58752K->1533K(59392K)] 427453K->370234K(561152K), 0.0016674 secs] [Times: user=0.00 sys=0.00, real=0.00 secs] 
1477.010: [GC (Allocation Failure) [PSYoungGen: 58877K->1581K(59392K)] 427578K->370298K(561152K), 0.0017130 secs] [Times: user=0.01 sys=0.00, real=0.00 secs] 
1477.347: [GC (Allocation Failure) [PSYoungGen: 58925K->1565K(59392K)] 427642K->370282K(561152K), 0.0016922 secs] [Times: user=0.01 sys=0.00, real=0.00 secs] 
1477.683: [GC (Allocation Failure) [PSYoungGen: 58909K->1565K(59392K)] 427626K->370282K(561152K), 0.0017102 secs] [Times: user=0.00 sys=0.00, real=0.00 secs] 
1478.165: [GC (Allocation Failure) [PSYoungGen: 58909K->1504K(59392K)] 427626K->370221K(561152K), 0.0022531 secs] [Times: user=0.01 sys=0.00, real=0.00 secs] 
1478.761: [GC (Allocation Failure) [PSYoungGen: 58848K->1344K(59392K)] 427565K->370061K(561152K), 0.0023940 secs] [Times: user=0.01 sys=0.00, real=0.01 secs] 
1479.630: [GC (Allocation Failure) [PSYoungGen: 58688K->1376K(59392K)] 427405K->370093K(561152K), 0.0034913 secs] [Times: user=0.02 sys=0.00, real=0.01 secs] 
1480.473: [GC (Allocation Failure) [PSYoungGen: 58720K->1376K(59392K)] 427437K->370093K(561152K), 0.0043867 secs] [Times: user=0.02 sys=0.00, real=0.00 secs] 
1481.191: [GC (Allocation Failure) [PSYoungGen: 58720K->1440K(59392K)] 427437K->370157K(561152K), 0.0043503 secs] [Times: user=0.01 sys=0.00, real=0.01 secs] 
1481.831: [GC (Allocation Failure) [PSYoungGen: 58784K->1565K(59392K)] 427501K->370282K(561152K), 0.0015897 secs] [Times: user=0.01 sys=0.00, real=0.00 secs] 
1482.166: [GC (Allocation Failure) [PSYoungGen: 58909K->1597K(59392K)] 427626K->370330K(561152K), 0.0017192 secs] [Times: user=0.01 sys=0.00, real=0.00 secs] 
1482.512: [GC (Allocation Failure) [PSYoungGen: 58941K->1501K(59392K)] 427674K->370234K(561152K), 0.0016701 secs] [Times: user=0.00 sys=0.00, real=0.01 secs] 
1482.849: [GC (Allocation Failure) [PSYoungGen: 58845K->1568K(59392K)] 427578K->370325K(561152K), 0.0016886 secs] [Times: user=0.00 sys=0.00, real=0.00 secs] 
1483.308: [GC (Allocation Failure) [PSYoungGen: 58912K->1472K(59392K)] 427669K->370229K(561152K), 0.0018871 secs] [Times: user=0.01 sys=0.00, real=0.00 secs] 
1483.980: [GC (Allocation Failure) [PSYoungGen: 58816K->1408K(59392K)] 427573K->370165K(561152K), 0.0028145 secs] [Times: user=0.01 sys=0.00, real=0.00 secs] 
1484.426: [GC (Allocation Failure) [PSYoungGen: 58752K->1392K(59392K)] 427509K->370149K(561152K), 0.0025670 secs] [Times: user=0.01 sys=0.00, real=0.00 secs] 
1484.646: [GC (Allocation Failure) [PSYoungGen: 58736K->1376K(59392K)] 427493K->370133K(561152K), 0.0019893 secs] [Times: user=0.01 sys=0.00, real=0.00 secs] 
1484.924: [GC (Allocation Failure) [PSYoungGen: 58720K->1376K(59392K)] 427477K->370133K(561152K), 0.0021246 secs] [Times: user=0.01 sys=0.00, real=0.00 secs] 
1485.311: [GC (Allocation Failure) [PSYoungGen: 58720K->1469K(59392K)] 427477K->370226K(561152K), 0.0015683 secs] [Times: user=0.01 sys=0.01, real=0.00 secs] 
1485.646: [GC (Allocation Failure) [PSYoungGen: 58813K->1533K(59392K)] 427570K->370298K(561152K), 0.0017095 secs] [Times: user=0.01 sys=0.00, real=0.00 secs] 
1485.982: [GC (Allocation Failure) [PSYoungGen: 58877K->1565K(59392K)] 427642K->370330K(561152K), 0.0017097 secs] [Times: user=0.01 sys=0.00, real=0.01 secs] 
1486.376: [GC (Allocation Failure) [PSYoungGen: 58909K->1568K(59392K)] 427674K->370333K(561152K), 0.0017863 secs] [Times: user=0.01 sys=0.00, real=0.00 secs] 
1486.744: [GC (Allocation Failure) [PSYoungGen: 58912K->1984K(59392K)] 427677K->371261K(561152K), 0.0020357 secs] [Times: user=0.01 sys=0.00, real=0.00 secs] 
1487.257: [GC (Allocation Failure) [PSYoungGen: 59328K->1376K(59392K)] 428605K->370653K(561152K), 0.0024814 secs] [Times: user=0.01 sys=0.00, real=0.00 secs] 
1487.762: [GC (Allocation Failure) [PSYoungGen: 58720K->1408K(59392K)] 427997K->370685K(561152K), 0.0025434 secs] [Times: user=0.01 sys=0.00, real=0.01 secs] 
1488.274: [GC (Allocation Failure) [PSYoungGen: 58752K->1408K(59392K)] 428029K->370685K(561152K), 0.0041719 secs] [Times: user=0.02 sys=0.00, real=0.00 secs] 
1488.582: [GC (Allocation Failure) [PSYoungGen: 58752K->1376K(59392K)] 428029K->370653K(561152K), 0.0021804 secs] [Times: user=0.01 sys=0.00, real=0.01 secs] 
1488.882: [GC (Allocation Failure) [PSYoungGen: 58720K->1501K(59392K)] 427997K->370778K(561152K), 0.0016669 secs] [Times: user=0.01 sys=0.00, real=0.01 secs] 
1489.289: [GC (Allocation Failure) [PSYoungGen: 58845K->1533K(59392K)] 428122K->370826K(561152K), 0.0017756 secs] [Times: user=0.00 sys=0.00, real=0.00 secs] 
1489.627: [GC (Allocation Failure) [PSYoungGen: 58877K->1533K(59392K)] 428170K->370826K(561152K), 0.0017672 secs] [Times: user=0.01 sys=0.00, real=0.00 secs] 
1490.025: [GC (Allocation Failure) [PSYoungGen: 58877K->1533K(59392K)] 428170K->370826K(561152K), 0.0016544 secs] [Times: user=0.01 sys=0.00, real=0.00 secs] 
1490.364: [GC (Allocation Failure) [PSYoungGen: 58877K->1536K(59392K)] 428170K->370829K(561152K), 0.0017670 secs] [Times: user=0.00 sys=0.00, real=0.00 secs] 
1490.847: [GC (Allocation Failure) [PSYoungGen: 58880K->1424K(59392K)] 428173K->370741K(561152K), 0.0033710 secs] [Times: user=0.02 sys=0.00, real=0.00 secs] 
1491.315: [GC (Allocation Failure) [PSYoungGen: 58768K->1392K(59392K)] 428085K->370709K(561152K), 0.0025864 secs] [Times: user=0.01 sys=0.00, real=0.00 secs] 
1491.797: [GC (Allocation Failure) [PSYoungGen: 58736K->1376K(59392K)] 428053K->370693K(561152K), 0.0028236 secs] [Times: user=0.01 sys=0.00, real=0.00 secs] 
1492.161: [GC (Allocation Failure) [PSYoungGen: 58720K->1376K(59392K)] 428037K->370693K(561152K), 0.0023454 secs] [Times: user=0.01 sys=0.00, real=0.01 secs] 
1492.434: [GC (Allocation Failure) [PSYoungGen: 58720K->1469K(59392K)] 428037K->370786K(561152K), 0.0020703 secs] [Times: user=0.01 sys=0.00, real=0.00 secs] 
1492.781: [GC (Allocation Failure) [PSYoungGen: 58813K->1565K(59392K)] 428130K->370898K(561152K), 0.0016478 secs] [Times: user=0.01 sys=0.00, real=0.00 secs] 
1493.116: [GC (Allocation Failure) [PSYoungGen: 58909K->1565K(59392K)] 428242K->370898K(561152K), 0.0016464 secs] [Times: user=0.01 sys=0.00, real=0.00 secs] 
1493.453: [GC (Allocation Failure) [PSYoungGen: 58909K->1536K(59392K)] 428242K->370869K(561152K), 0.0017419 secs] [Times: user=0.00 sys=0.00, real=0.00 secs] 
1493.791: [GC (Allocation Failure) [PSYoungGen: 58880K->1533K(59392K)] 428213K->370866K(561152K), 0.0017967 secs] [Times: user=0.01 sys=0.00, real=0.00 secs] 
1494.305: [GC (Allocation Failure) [PSYoungGen: 58877K->1440K(59392K)] 428210K->370773K(561152K), 0.0019885 secs] [Times: user=0.01 sys=0.00, real=0.00 secs] 
1494.544: [GC (Allocation Failure) [PSYoungGen: 58784K->1408K(59392K)] 428117K->370741K(561152K), 0.0019299 secs] [Times: user=0.01 sys=0.00, real=0.00 secs] 
1494.847: [GC (Allocation Failure) [PSYoungGen: 58752K->1344K(59392K)] 428085K->370677K(561152K), 0.0019558 secs] [Times: user=0.01 sys=0.00, real=0.00 secs] 
1495.129: [GC (Allocation Failure) [PSYoungGen: 58688K->1440K(59392K)] 428021K->370773K(561152K), 0.0021407 secs] [Times: user=0.01 sys=0.00, real=0.00 secs] 
1495.367: [GC (Allocation Failure) [PSYoungGen: 58784K->1408K(59392K)] 428117K->370741K(561152K), 0.0023302 secs] [Times: user=0.01 sys=0.00, real=0.00 secs] 
1495.754: [GC (Allocation Failure) [PSYoungGen: 58752K->1533K(59392K)] 428085K->370866K(561152K), 0.0017009 secs] [Times: user=0.00 sys=0.00, real=0.00 secs] 
1496.090: [GC (Allocation Failure) [PSYoungGen: 58877K->1581K(59392K)] 428210K->370930K(561152K), 0.0015931 secs] [Times: user=0.01 sys=0.00, real=0.00 secs] 
1496.425: [GC (Allocation Failure) [PSYoungGen: 58925K->1616K(59392K)] 428274K->370965K(561152K), 0.0016699 secs] [Times: user=0.01 sys=0.00, real=0.00 secs] 
1496.823: [GC (Allocation Failure) [PSYoungGen: 58960K->1613K(59392K)] 428309K->370962K(561152K), 0.0018156 secs] [Times: user=0.00 sys=0.00, real=0.01 secs] 
1497.451: [GC (Allocation Failure) [PSYoungGen: 58957K->1440K(59392K)] 428306K->370789K(561152K), 0.0024857 secs] [Times: user=0.01 sys=0.00, real=0.01 secs] 
1497.970: [GC (Allocation Failure) [PSYoungGen: 58784K->1408K(59392K)] 428133K->370757K(561152K), 0.0033199 secs] [Times: user=0.02 sys=0.00, real=0.01 secs] 
1498.364: [GC (Allocation Failure) [PSYoungGen: 58752K->1408K(59392K)] 428101K->370757K(561152K), 0.0025396 secs] [Times: user=0.01 sys=0.00, real=0.00 secs] 
1498.598: [GC (Allocation Failure) [PSYoungGen: 58752K->1376K(59392K)] 428101K->370725K(561152K), 0.0022029 secs] [Times: user=0.01 sys=0.00, real=0.00 secs] 
1498.877: [GC (Allocation Failure) [PSYoungGen: 58720K->1376K(59392K)] 428069K->370725K(561152K), 0.0021306 secs] [Times: user=0.01 sys=0.00, real=0.00 secs] 
1499.245: [GC (Allocation Failure) [PSYoungGen: 58720K->1549K(59392K)] 428069K->370898K(561152K), 0.0016953 secs] [Times: user=0.00 sys=0.00, real=0.00 secs] 
1499.581: [GC (Allocation Failure) [PSYoungGen: 58893K->1552K(59392K)] 428242K->370917K(561152K), 0.0017463 secs] [Times: user=0.01 sys=0.00, real=0.01 secs] 
1499.916: [GC (Allocation Failure) [PSYoungGen: 58896K->1565K(59392K)] 428261K->370930K(561152K), 0.0018267 secs] [Times: user=0.01 sys=0.00, real=0.00 secs] 
1500.312: [GC (Allocation Failure) [PSYoungGen: 58909K->1533K(59392K)] 428274K->370906K(561152K), 0.0018359 secs] [Times: user=0.01 sys=0.00, real=0.01 secs] 
1500.663: [GC (Allocation Failure) [PSYoungGen: 58877K->1408K(59392K)] 428250K->370781K(561152K), 0.0022577 secs] [Times: user=0.01 sys=0.00, real=0.00 secs] 
1500.902: [GC (Allocation Failure) [PSYoungGen: 58752K->1424K(59392K)] 428125K->370797K(561152K), 0.0021343 secs] [Times: user=0.01 sys=0.00, real=0.01 secs] 
1501.141: [GC (Allocation Failure) [PSYoungGen: 58768K->1376K(59392K)] 428141K->370749K(561152K), 0.0021087 secs] [Times: user=0.01 sys=0.00, real=0.00 secs] 
1501.379: [GC (Allocation Failure) [PSYoungGen: 58720K->1392K(59392K)] 428093K->370765K(561152K), 0.0022224 secs] [Times: user=0.01 sys=0.00, real=0.00 secs] 
1501.619: [GC (Allocation Failure) [PSYoungGen: 58736K->1392K(59392K)] 428109K->370765K(561152K), 0.0019624 secs] [Times: user=0.01 sys=0.00, real=0.00 secs] 
1501.950: [GC (Allocation Failure) [PSYoungGen: 58736K->1533K(59392K)] 428109K->370906K(561152K), 0.0016554 secs] [Times: user=0.01 sys=0.00, real=0.00 secs] 
1502.286: [GC (Allocation Failure) [PSYoungGen: 58877K->1565K(59392K)] 428250K->370954K(561152K), 0.0017081 secs] [Times: user=0.01 sys=0.00, real=0.00 secs] 
1502.621: [GC (Allocation Failure) [PSYoungGen: 58909K->1565K(59392K)] 428298K->370954K(561152K), 0.0017140 secs] [Times: user=0.01 sys=0.00, real=0.00 secs] 
1502.966: [GC (Allocation Failure) [PSYoungGen: 58909K->1549K(59392K)] 428298K->370938K(561152K), 0.0017113 secs] [Times: user=0.00 sys=0.00, real=0.00 secs] 
1503.516: [GC (Allocation Failure) [PSYoungGen: 58893K->1440K(59392K)] 428282K->370829K(561152K), 0.0023252 secs] [Times: user=0.01 sys=0.00, real=0.00 secs] 
1503.999: [GC (Allocation Failure) [PSYoungGen: 58784K->1344K(59392K)] 428173K->370733K(561152K), 0.0022360 secs] [Times: user=0.01 sys=0.00, real=0.00 secs] 
1504.495: [GC (Allocation Failure) [PSYoungGen: 58688K->1376K(59392K)] 428077K->370765K(561152K), 0.0033422 secs] [Times: user=0.01 sys=0.00, real=0.00 secs] 
1504.916: [GC (Allocation Failure) [PSYoungGen: 58720K->1408K(59392K)] 428109K->370797K(561152K), 0.0024404 secs] [Times: user=0.01 sys=0.00, real=0.00 secs] 
1505.390: [GC (Allocation Failure) [PSYoungGen: 58752K->1376K(59392K)] 428141K->370765K(561152K), 0.0025360 secs] [Times: user=0.01 sys=0.00, real=0.00 secs] 
1505.836: [GC (Allocation Failure) [PSYoungGen: 58720K->1469K(59392K)] 428109K->370858K(561152K), 0.0016213 secs] [Times: user=0.01 sys=0.00, real=0.00 secs] 
1506.230: [GC (Allocation Failure) [PSYoungGen: 58813K->1597K(59392K)] 428202K->371002K(561152K), 0.0018189 secs] [Times: user=0.00 sys=0.00, real=0.00 secs] 
1506.626: [GC (Allocation Failure) [PSYoungGen: 58941K->1568K(59392K)] 428346K->370973K(561152K), 0.0017280 secs] [Times: user=0.00 sys=0.01, real=0.00 secs] 
1506.962: [GC (Allocation Failure) [PSYoungGen: 58912K->1565K(59392K)] 428317K->370970K(561152K), 0.0017281 secs] [Times: user=0.01 sys=0.00, real=0.01 secs] 
1507.319: [GC (Allocation Failure) [PSYoungGen: 58909K->1472K(59392K)] 428314K->370877K(561152K), 0.0021390 secs] [Times: user=0.01 sys=0.00, real=0.00 secs] 
1507.700: [GC (Allocation Failure) [PSYoungGen: 58816K->1424K(59392K)] 428221K->370829K(561152K), 0.0025435 secs] [Times: user=0.01 sys=0.00, real=0.00 secs] 
1508.152: [GC (Allocation Failure) [PSYoungGen: 58768K->1408K(59392K)] 428173K->370813K(561152K), 0.0024885 secs] [Times: user=0.02 sys=0.00, real=0.01 secs] 
1508.607: [GC (Allocation Failure) [PSYoungGen: 58752K->1312K(59392K)] 428157K->370717K(561152K), 0.0022877 secs] [Times: user=0.01 sys=0.00, real=0.00 secs] 
1509.111: [GC (Allocation Failure) [PSYoungGen: 58656K->1408K(59392K)] 428061K->370813K(561152K), 0.0024450 secs] [Times: user=0.01 sys=0.00, real=0.01 secs] 
1509.743: [GC (Allocation Failure) [PSYoungGen: 58752K->1501K(59392K)] 428157K->370906K(561152K), 0.0016150 secs] [Times: user=0.01 sys=0.00, real=0.01 secs] 
1510.079: [GC (Allocation Failure) [PSYoungGen: 58845K->1552K(59392K)] 428250K->370973K(561152K), 0.0017982 secs] [Times: user=0.00 sys=0.00, real=0.00 secs] 
1510.415: [GC (Allocation Failure) [PSYoungGen: 58896K->1533K(59392K)] 428317K->370954K(561152K), 0.0016871 secs] [Times: user=0.00 sys=0.00, real=0.00 secs] 
1510.752: [GC (Allocation Failure) [PSYoungGen: 58877K->1533K(59392K)] 428298K->370954K(561152K), 0.0016796 secs] [Times: user=0.01 sys=0.00, real=0.01 secs] 
1511.080: [GC (Allocation Failure) [PSYoungGen: 58877K->2016K(59392K)] 428298K->371469K(561152K), 0.0017488 secs] [Times: user=0.01 sys=0.00, real=0.00 secs] 
1511.394: [GC (Allocation Failure) [PSYoungGen: 59360K->1408K(59392K)] 428813K->370861K(561152K), 0.0020327 secs] [Times: user=0.00 sys=0.00, real=0.00 secs] 
1511.663: [GC (Allocation Failure) [PSYoungGen: 58752K->1376K(59392K)] 428205K->370829K(561152K), 0.0019428 secs] [Times: user=0.00 sys=0.00, real=0.01 secs] 
1511.915: [GC (Allocation Failure) [PSYoungGen: 58720K->1376K(59392K)] 428173K->370829K(561152K), 0.0021502 secs] [Times: user=0.01 sys=0.00, real=0.00 secs] 
1512.241: [GC (Allocation Failure) [PSYoungGen: 58720K->1440K(59392K)] 428173K->370893K(561152K), 0.0020108 secs] [Times: user=0.01 sys=0.00, real=0.00 secs] 
1512.708: [GC (Allocation Failure) [PSYoungGen: 58784K->1501K(59392K)] 428237K->370954K(561152K), 0.0015636 secs] [Times: user=0.00 sys=0.00, real=0.00 secs] 
1513.107: [GC (Allocation Failure) [PSYoungGen: 58845K->1565K(59392K)] 428298K->371034K(561152K), 0.0016392 secs] [Times: user=0.01 sys=0.00, real=0.00 secs] 
1513.504: [GC (Allocation Failure) [PSYoungGen: 58909K->1565K(59392K)] 428378K->371034K(561152K), 0.0017876 secs] [Times: user=0.00 sys=0.00, real=0.00 secs] 
1513.840: [GC (Allocation Failure) [PSYoungGen: 58909K->1504K(59392K)] 428378K->370973K(561152K), 0.0016639 secs] [Times: user=0.01 sys=0.00, real=0.00 secs] 
1514.181: [GC (Allocation Failure) [PSYoungGen: 58848K->432K(59392K)] 428317K->369901K(561152K), 0.0017207 secs] [Times: user=0.00 sys=0.00, real=0.00 secs] 
1514.458: [GC (Allocation Failure) [PSYoungGen: 57776K->1424K(59392K)] 427245K->370893K(561152K), 0.0028899 secs] [Times: user=0.01 sys=0.00, real=0.00 secs] 
1514.695: [GC (Allocation Failure) [PSYoungGen: 58768K->1376K(59392K)] 428237K->370845K(561152K), 0.0023214 secs] [Times: user=0.01 sys=0.00, real=0.00 secs] 
1514.934: [GC (Allocation Failure) [PSYoungGen: 58720K->1408K(59392K)] 428189K->370877K(561152K), 0.0021675 secs] [Times: user=0.01 sys=0.00, real=0.00 secs] 
1515.174: [GC (Allocation Failure) [PSYoungGen: 58752K->1392K(59392K)] 428221K->370861K(561152K), 0.0020809 secs] [Times: user=0.01 sys=0.00, real=0.00 secs] 
1515.455: [GC (Allocation Failure) [PSYoungGen: 58736K->1421K(59392K)] 428205K->370890K(561152K), 0.0015265 secs] [Times: user=0.01 sys=0.00, real=0.00 secs] 
1515.790: [GC (Allocation Failure) [PSYoungGen: 58765K->1565K(59392K)] 428234K->371050K(561152K), 0.0017297 secs] [Times: user=0.00 sys=0.00, real=0.00 secs] 
1516.191: [GC (Allocation Failure) [PSYoungGen: 58909K->1565K(59392K)] 428394K->371050K(561152K), 0.0018247 secs] [Times: user=0.00 sys=0.00, real=0.01 secs] 
1516.587: [GC (Allocation Failure) [PSYoungGen: 58909K->1549K(59392K)] 428394K->371034K(561152K), 0.0018246 secs] [Times: user=0.01 sys=0.00, real=0.00 secs] 
1516.980: [GC (Allocation Failure) [PSYoungGen: 58893K->1533K(59392K)] 428378K->371018K(561152K), 0.0017993 secs] [Times: user=0.01 sys=0.00, real=0.00 secs] 
1517.278: [GC (Allocation Failure) [PSYoungGen: 58877K->1488K(59392K)] 428362K->370973K(561152K), 0.0025993 secs] [Times: user=0.02 sys=0.00, real=0.00 secs] 
1517.518: [GC (Allocation Failure) [PSYoungGen: 58832K->1376K(59392K)] 428317K->370861K(561152K), 0.0021723 secs] [Times: user=0.01 sys=0.00, real=0.00 secs] 
1517.756: [GC (Allocation Failure) [PSYoungGen: 58720K->1440K(59392K)] 428205K->370925K(561152K), 0.0021376 secs] [Times: user=0.01 sys=0.00, real=0.00 secs] 
1518.072: [GC (Allocation Failure) [PSYoungGen: 58784K->1408K(59392K)] 428269K->370893K(561152K), 0.0021013 secs] [Times: user=0.01 sys=0.00, real=0.01 secs] 
1518.515: [GC (Allocation Failure) [PSYoungGen: 58752K->1376K(59392K)] 428237K->370861K(561152K), 0.0024940 secs] [Times: user=0.01 sys=0.00, real=0.00 secs] 
1518.975: [GC (Allocation Failure) [PSYoungGen: 58720K->1565K(59392K)] 428205K->371050K(561152K), 0.0018138 secs] [Times: user=0.01 sys=0.00, real=0.00 secs] 
1519.314: [GC (Allocation Failure) [PSYoungGen: 58909K->1597K(59392K)] 428394K->371090K(561152K), 0.0016112 secs] [Times: user=0.01 sys=0.00, real=0.00 secs] 
1519.650: [GC (Allocation Failure) [PSYoungGen: 58941K->1536K(59392K)] 428434K->371029K(561152K), 0.0017082 secs] [Times: user=0.01 sys=0.00, real=0.00 secs] 
1519.986: [GC (Allocation Failure) [PSYoungGen: 58880K->1517K(59392K)] 428373K->371042K(561152K), 0.0016739 secs] [Times: user=0.01 sys=0.00, real=0.00 secs] 
1520.288: [GC (Allocation Failure) [PSYoungGen: 58861K->1440K(59392K)] 428386K->370965K(561152K), 0.0018880 secs] [Times: user=0.01 sys=0.00, real=0.00 secs] 
1520.724: [GC (Allocation Failure) [PSYoungGen: 58784K->1376K(59392K)] 428309K->370901K(561152K), 0.0019681 secs] [Times: user=0.00 sys=0.00, real=0.00 secs] 
1521.376: [GC (Allocation Failure) [PSYoungGen: 58720K->1392K(59392K)] 428245K->370917K(561152K), 0.0023172 secs] [Times: user=0.01 sys=0.00, real=0.00 secs] 
1522.217: [GC (Allocation Failure) [PSYoungGen: 58736K->1344K(59392K)] 428261K->370869K(561152K), 0.0025379 secs] [Times: user=0.01 sys=0.00, real=0.00 secs] 
1523.083: [GC (Allocation Failure) [PSYoungGen: 58688K->1376K(59392K)] 428213K->370901K(561152K), 0.0025582 secs] [Times: user=0.01 sys=0.00, real=0.01 secs] 
1523.597: [GC (Allocation Failure) [PSYoungGen: 58720K->1549K(59392K)] 428245K->371074K(561152K), 0.0016145 secs] [Times: user=0.00 sys=0.00, real=0.00 secs] 
1523.933: [GC (Allocation Failure) [PSYoungGen: 58893K->1597K(59392K)] 428418K->371130K(561152K), 0.0017760 secs] [Times: user=0.01 sys=0.00, real=0.00 secs] 
1524.273: [GC (Allocation Failure) [PSYoungGen: 58941K->1597K(59392K)] 428474K->371130K(561152K), 0.0016896 secs] [Times: user=0.00 sys=0.00, real=0.00 secs] 
1524.613: [GC (Allocation Failure) [PSYoungGen: 58941K->1536K(59392K)] 428474K->371069K(561152K), 0.0017381 secs] [Times: user=0.01 sys=0.00, real=0.01 secs] 
1524.974: [GC (Allocation Failure) [PSYoungGen: 58880K->1408K(59392K)] 428413K->370941K(561152K), 0.0020556 secs] [Times: user=0.01 sys=0.00, real=0.00 secs] 
1525.314: [GC (Allocation Failure) [PSYoungGen: 58752K->1408K(59392K)] 428285K->370941K(561152K), 0.0022274 secs] [Times: user=0.01 sys=0.00, real=0.00 secs] 
1525.611: [GC (Allocation Failure) [PSYoungGen: 58752K->1376K(59392K)] 428285K->370909K(561152K), 0.0022305 secs] [Times: user=0.01 sys=0.00, real=0.00 secs] 
1525.849: [GC (Allocation Failure) [PSYoungGen: 58720K->1408K(59392K)] 428253K->370941K(561152K), 0.0022085 secs] [Times: user=0.01 sys=0.00, real=0.00 secs] 
1526.161: [GC (Allocation Failure) [PSYoungGen: 58752K->1360K(59392K)] 428285K->370893K(561152K), 0.0022793 secs] [Times: user=0.01 sys=0.00, real=0.01 secs] 
1526.542: [GC (Allocation Failure) [PSYoungGen: 58704K->1517K(59392K)] 428237K->371050K(561152K), 0.0016822 secs] [Times: user=0.01 sys=0.00, real=0.01 secs] 
1526.876: [GC (Allocation Failure) [PSYoungGen: 58861K->1581K(59392K)] 428394K->371130K(561152K), 0.0017457 secs] [Times: user=0.01 sys=0.00, real=0.00 secs] 
1527.213: [GC (Allocation Failure) [PSYoungGen: 58925K->1549K(59392K)] 428474K->371098K(561152K), 0.0017039 secs] [Times: user=0.00 sys=0.00, real=0.01 secs] 
1527.549: [GC (Allocation Failure) [PSYoungGen: 58893K->1549K(59392K)] 428442K->371098K(561152K), 0.0017079 secs] [Times: user=0.01 sys=0.00, real=0.00 secs] 
1527.885: [GC (Allocation Failure) [PSYoungGen: 58893K->1472K(59392K)] 428442K->371021K(561152K), 0.0017183 secs] [Times: user=0.01 sys=0.00, real=0.00 secs] 
1528.150: [GC (Allocation Failure) [PSYoungGen: 58816K->1408K(59392K)] 428365K->370957K(561152K), 0.0029531 secs] [Times: user=0.01 sys=0.00, real=0.00 secs] 
1528.435: [GC (Allocation Failure) [PSYoungGen: 58752K->1392K(59392K)] 428301K->370941K(561152K), 0.0031444 secs] [Times: user=0.01 sys=0.00, real=0.00 secs] 
1528.673: [GC (Allocation Failure) [PSYoungGen: 58736K->1392K(59392K)] 428285K->370941K(561152K), 0.0022112 secs] [Times: user=0.01 sys=0.00, real=0.01 secs] 
1528.965: [GC (Allocation Failure) [PSYoungGen: 58736K->1376K(59392K)] 428285K->370925K(561152K), 0.0022688 secs] [Times: user=0.01 sys=0.00, real=0.00 secs] 
1529.313: [GC (Allocation Failure) [PSYoungGen: 58720K->1501K(59392K)] 428269K->371050K(561152K), 0.0015978 secs] [Times: user=0.00 sys=0.00, real=0.00 secs] 
1529.649: [GC (Allocation Failure) [PSYoungGen: 58845K->1533K(59392K)] 428394K->371114K(561152K), 0.0016899 secs] [Times: user=0.00 sys=0.00, real=0.00 secs] 
1529.985: [GC (Allocation Failure) [PSYoungGen: 58877K->1565K(59392K)] 428458K->371146K(561152K), 0.0017831 secs] [Times: user=0.01 sys=0.00, real=0.00 secs] 
1530.392: [GC (Allocation Failure) [PSYoungGen: 58909K->1533K(59392K)] 428490K->371114K(561152K), 0.0017849 secs] [Times: user=0.01 sys=0.00, real=0.01 secs] 
1530.896: [GC (Allocation Failure) [PSYoungGen: 58877K->1424K(59392K)] 428458K->371005K(561152K), 0.0023965 secs] [Times: user=0.01 sys=0.00, real=0.00 secs] 
1531.464: [GC (Allocation Failure) [PSYoungGen: 58768K->1376K(59392K)] 428349K->370957K(561152K), 0.0023060 secs] [Times: user=0.01 sys=0.00, real=0.00 secs] 
1531.838: [GC (Allocation Failure) [PSYoungGen: 58720K->1408K(59392K)] 428301K->370989K(561152K), 0.0021511 secs] [Times: user=0.01 sys=0.00, real=0.00 secs] 
1532.077: [GC (Allocation Failure) [PSYoungGen: 58752K->1392K(59392K)] 428333K->370973K(561152K), 0.0023147 secs] [Times: user=0.01 sys=0.00, real=0.00 secs] 
1532.315: [GC (Allocation Failure) [PSYoungGen: 58736K->1392K(59392K)] 428317K->370973K(561152K), 0.0021111 secs] [Times: user=0.01 sys=0.00, real=0.00 secs] 
1532.638: [GC (Allocation Failure) [PSYoungGen: 58736K->1469K(59392K)] 428317K->371050K(561152K), 0.0017352 secs] [Times: user=0.01 sys=0.00, real=0.00 secs] 
1532.972: [GC (Allocation Failure) [PSYoungGen: 58813K->1600K(59392K)] 428394K->371197K(561152K), 0.0017580 secs] [Times: user=0.01 sys=0.00, real=0.01 secs] 
1533.309: [GC (Allocation Failure) [PSYoungGen: 58944K->1565K(59392K)] 428541K->371162K(561152K), 0.0017700 secs] [Times: user=0.01 sys=0.00, real=0.00 secs] 
1533.652: [GC (Allocation Failure) [PSYoungGen: 58909K->1520K(59392K)] 428506K->371117K(561152K), 0.0016759 secs] [Times: user=0.00 sys=0.00, real=0.01 secs] 
1534.016: [GC (Allocation Failure) [PSYoungGen: 58864K->2016K(58880K)] 428461K->372157K(560640K), 0.0021912 secs] [Times: user=0.01 sys=0.00, real=0.00 secs] 
1534.484: [GC (Allocation Failure) [PSYoungGen: 58848K->1408K(58368K)] 428989K->371549K(560128K), 0.0028260 secs] [Times: user=0.01 sys=0.00, real=0.00 secs] 
1534.973: [GC (Allocation Failure) [PSYoungGen: 58240K->1456K(58880K)] 428381K->371597K(560640K), 0.0028057 secs] [Times: user=0.01 sys=0.00, real=0.00 secs] 
1535.288: [GC (Allocation Failure) [PSYoungGen: 58288K->1440K(58880K)] 428429K->371581K(560640K), 0.0023180 secs] [Times: user=0.01 sys=0.01, real=0.00 secs] 
1535.525: [GC (Allocation Failure) [PSYoungGen: 58272K->1408K(58880K)] 428413K->371549K(560640K), 0.0020032 secs] [Times: user=0.01 sys=0.00, real=0.00 secs] 
1535.804: [GC (Allocation Failure) [PSYoungGen: 58240K->1504K(58880K)] 428381K->371645K(560640K), 0.0015464 secs] [Times: user=0.00 sys=0.00, real=0.00 secs] 
1536.139: [GC (Allocation Failure) [PSYoungGen: 58326K->1549K(58880K)] 428468K->371706K(560640K), 0.0016929 secs] [Times: user=0.01 sys=0.00, real=0.00 secs] 
1536.474: [GC (Allocation Failure) [PSYoungGen: 58381K->1613K(58880K)] 428538K->371770K(560640K), 0.0017059 secs] [Times: user=0.00 sys=0.00, real=0.00 secs] 
1536.809: [GC (Allocation Failure) [PSYoungGen: 58445K->1584K(58880K)] 428602K->371741K(560640K), 0.0017294 secs] [Times: user=0.01 sys=0.00, real=0.00 secs] 
1537.144: [GC (Allocation Failure) [PSYoungGen: 58393K->1581K(58880K)] 428550K->371738K(560640K), 0.0016994 secs] [Times: user=0.01 sys=0.00, real=0.00 secs] 
1537.412: [GC (Allocation Failure) [PSYoungGen: 58413K->1440K(58880K)] 428570K->371597K(560640K), 0.0019758 secs] [Times: user=0.01 sys=0.00, real=0.01 secs] 
1537.648: [GC (Allocation Failure) [PSYoungGen: 58272K->1376K(58880K)] 428429K->371533K(560640K), 0.0019514 secs] [Times: user=0.01 sys=0.00, real=0.00 secs] 
1537.884: [GC (Allocation Failure) [PSYoungGen: 58208K->1376K(58880K)] 428365K->371533K(560640K), 0.0018023 secs] [Times: user=0.01 sys=0.00, real=0.00 secs] 
1538.119: [GC (Allocation Failure) [PSYoungGen: 58208K->1360K(58880K)] 428365K->371517K(560640K), 0.0019373 secs] [Times: user=0.00 sys=0.01, real=0.00 secs] 
1538.356: [GC (Allocation Failure) [PSYoungGen: 58192K->1408K(58880K)] 428349K->371565K(560640K), 0.0018151 secs] [Times: user=0.00 sys=0.00, real=0.00 secs] 
1538.699: [GC (Allocation Failure) [PSYoungGen: 58240K->1536K(58880K)] 428397K->371701K(560640K), 0.0016859 secs] [Times: user=0.01 sys=0.00, real=0.00 secs] 
1539.033: [GC (Allocation Failure) [PSYoungGen: 58368K->1597K(58880K)] 428533K->371762K(560640K), 0.0017437 secs] [Times: user=0.01 sys=0.00, real=0.01 secs] 
1539.370: [GC (Allocation Failure) [PSYoungGen: 58429K->1581K(58880K)] 428594K->371770K(560640K), 0.0016556 secs] [Times: user=0.01 sys=0.00, real=0.00 secs] 
1539.704: [GC (Allocation Failure) [PSYoungGen: 58387K->1517K(58880K)] 428576K->371706K(560640K), 0.0016408 secs] [Times: user=0.00 sys=0.00, real=0.00 secs] 
1539.984: [GC (Allocation Failure) [PSYoungGen: 58349K->1472K(58880K)] 428538K->371661K(560640K), 0.0018712 secs] [Times: user=0.01 sys=0.00, real=0.00 secs] 
1540.220: [GC (Allocation Failure) [PSYoungGen: 58304K->1376K(58880K)] 428493K->371565K(560640K), 0.0018291 secs] [Times: user=0.00 sys=0.00, real=0.00 secs] 
1540.455: [GC (Allocation Failure) [PSYoungGen: 58208K->1376K(58880K)] 428397K->371565K(560640K), 0.0018501 secs] [Times: user=0.01 sys=0.00, real=0.00 secs] 
1540.693: [GC (Allocation Failure) [PSYoungGen: 58208K->1408K(58880K)] 428397K->371597K(560640K), 0.0018209 secs] [Times: user=0.00 sys=0.01, real=0.00 secs] 
1540.986: [GC (Allocation Failure) [PSYoungGen: 58240K->1376K(58880K)] 428429K->371565K(560640K), 0.0019511 secs] [Times: user=0.00 sys=0.00, real=0.00 secs] 
1541.355: [GC (Allocation Failure) [PSYoungGen: 58208K->1501K(58880K)] 428397K->371690K(560640K), 0.0017073 secs] [Times: user=0.01 sys=0.00, real=0.00 secs] 
1541.688: [GC (Allocation Failure) [PSYoungGen: 58333K->1600K(58880K)] 428522K->371797K(560640K), 0.0017175 secs] [Times: user=0.01 sys=0.00, real=0.00 secs] 
1542.022: [GC (Allocation Failure) [PSYoungGen: 58432K->1565K(58880K)] 428629K->371762K(560640K), 0.0016799 secs] [Times: user=0.01 sys=0.00, real=0.01 secs] 
1542.354: [GC (Allocation Failure) [PSYoungGen: 58397K->1533K(58880K)] 428594K->371730K(560640K), 0.0017624 secs] [Times: user=0.01 sys=0.00, real=0.00 secs] 
1542.695: [GC (Allocation Failure) [PSYoungGen: 58365K->1472K(58880K)] 428562K->371669K(560640K), 0.0019976 secs] [Times: user=0.01 sys=0.00, real=0.00 secs] 
1542.956: [GC (Allocation Failure) [PSYoungGen: 58304K->1440K(58880K)] 428501K->371637K(560640K), 0.0019050 secs] [Times: user=0.01 sys=0.00, real=0.00 secs] 
1543.229: [GC (Allocation Failure) [PSYoungGen: 58272K->1408K(58880K)] 428469K->371605K(560640K), 0.0018886 secs] [Times: user=0.01 sys=0.00, real=0.00 secs] 
1543.582: [GC (Allocation Failure) [PSYoungGen: 58240K->1376K(58880K)] 428437K->371573K(560640K), 0.0023075 secs] [Times: user=0.01 sys=0.00, real=0.01 secs] 
1543.866: [GC (Allocation Failure) [PSYoungGen: 58208K->1424K(58880K)] 428405K->371621K(560640K), 0.0020796 secs] [Times: user=0.01 sys=0.00, real=0.00 secs] 
1544.185: [GC (Allocation Failure) [PSYoungGen: 58256K->1565K(58880K)] 428453K->371762K(560640K), 0.0016647 secs] [Times: user=0.01 sys=0.00, real=0.00 secs] 
1544.524: [GC (Allocation Failure) [PSYoungGen: 58397K->1597K(58880K)] 428594K->371810K(560640K), 0.0017449 secs] [Times: user=0.00 sys=0.00, real=0.00 secs] 
1544.862: [GC (Allocation Failure) [PSYoungGen: 58429K->1600K(58880K)] 428642K->371813K(560640K), 0.0017452 secs] [Times: user=0.00 sys=0.00, real=0.01 secs] 
1545.197: [GC (Allocation Failure) [PSYoungGen: 58432K->1568K(58880K)] 428645K->371781K(560640K), 0.0017162 secs] [Times: user=0.01 sys=0.00, real=0.00 secs] 
1545.571: [GC (Allocation Failure) [PSYoungGen: 58400K->1440K(58880K)] 428613K->371653K(560640K), 0.0020036 secs] [Times: user=0.01 sys=0.00, real=0.01 secs] 
1545.835: [GC (Allocation Failure) [PSYoungGen: 58272K->1408K(58880K)] 428485K->371621K(560640K), 0.0021544 secs] [Times: user=0.01 sys=0.00, real=0.00 secs] 
1546.071: [GC (Allocation Failure) [PSYoungGen: 58240K->1408K(58880K)] 428453K->371621K(560640K), 0.0021036 secs] [Times: user=0.01 sys=0.00, real=0.01 secs] 
1546.368: [GC (Allocation Failure) [PSYoungGen: 58240K->1376K(58880K)] 428453K->371589K(560640K), 0.0021656 secs] [Times: user=0.00 sys=0.00, real=0.00 secs] 
1546.772: [GC (Allocation Failure) [PSYoungGen: 58208K->1408K(58880K)] 428421K->371621K(560640K), 0.0025568 secs] [Times: user=0.01 sys=0.00, real=0.01 secs] 
1547.209: [GC (Allocation Failure) [PSYoungGen: 58240K->1549K(58880K)] 428453K->371762K(560640K), 0.0016617 secs] [Times: user=0.00 sys=0.00, real=0.00 secs] 
1547.545: [GC (Allocation Failure) [PSYoungGen: 58381K->1613K(58880K)] 428594K->371842K(560640K), 0.0016768 secs] [Times: user=0.01 sys=0.00, real=0.00 secs] 
1547.880: [GC (Allocation Failure) [PSYoungGen: 58445K->1549K(58880K)] 428674K->371778K(560640K), 0.0016385 secs] [Times: user=0.00 sys=0.00, real=0.00 secs] 
1548.215: [GC (Allocation Failure) [PSYoungGen: 58381K->1613K(58880K)] 428610K->371842K(560640K), 0.0017225 secs] [Times: user=0.01 sys=0.00, real=0.00 secs] 
1548.593: [GC (Allocation Failure) [PSYoungGen: 58445K->2000K(58880K)] 428674K->372229K(560640K), 0.0017052 secs] [Times: user=0.01 sys=0.00, real=0.00 secs] 
1549.350: [GC (Allocation Failure) [PSYoungGen: 58832K->1408K(58880K)] 429061K->371637K(560640K), 0.0019584 secs] [Times: user=0.00 sys=0.00, real=0.00 secs] 
1549.803: [GC (Allocation Failure) [PSYoungGen: 58240K->1376K(58880K)] 428469K->371605K(560640K), 0.0025106 secs] [Times: user=0.01 sys=0.00, real=0.00 secs] 
1550.239: [GC (Allocation Failure) [PSYoungGen: 58208K->1408K(58880K)] 428437K->371637K(560640K), 0.0025271 secs] [Times: user=0.01 sys=0.00, real=0.00 secs] 
1550.711: [GC (Allocation Failure) [PSYoungGen: 58240K->1376K(58880K)] 428469K->371629K(560640K), 0.0025659 secs] [Times: user=0.01 sys=0.00, real=0.01 secs] 
1551.247: [GC (Allocation Failure) [PSYoungGen: 58197K->1501K(58880K)] 428450K->371754K(560640K), 0.0021633 secs] [Times: user=0.01 sys=0.00, real=0.00 secs] 
1551.600: [GC (Allocation Failure) [PSYoungGen: 58333K->1600K(58880K)] 428586K->371869K(560640K), 0.0017204 secs] [Times: user=0.00 sys=0.00, real=0.00 secs] 
1551.998: [GC (Allocation Failure) [PSYoungGen: 58432K->1533K(58880K)] 428701K->371802K(560640K), 0.0017828 secs] [Times: user=0.01 sys=0.00, real=0.00 secs] 
1552.332: [GC (Allocation Failure) [PSYoungGen: 58365K->1504K(58880K)] 428634K->371773K(560640K), 0.0017075 secs] [Times: user=0.01 sys=0.00, real=0.01 secs] 
1552.666: [GC (Allocation Failure) [PSYoungGen: 58336K->1533K(58880K)] 428605K->371802K(560640K), 0.0017530 secs] [Times: user=0.01 sys=0.00, real=0.00 secs] 
1553.013: [GC (Allocation Failure) [PSYoungGen: 58365K->1440K(58880K)] 428634K->371709K(560640K), 0.0028516 secs] [Times: user=0.02 sys=0.00, real=0.00 secs] 
1553.269: [GC (Allocation Failure) [PSYoungGen: 58272K->1408K(58880K)] 428541K->371677K(560640K), 0.0022174 secs] [Times: user=0.01 sys=0.00, real=0.00 secs] 
1553.661: [GC (Allocation Failure) [PSYoungGen: 58240K->1376K(58880K)] 428509K->371645K(560640K), 0.0021662 secs] [Times: user=0.01 sys=0.00, real=0.01 secs] 
1554.079: [GC (Allocation Failure) [PSYoungGen: 58208K->1376K(58880K)] 428477K->371645K(560640K), 0.0035663 secs] [Times: user=0.01 sys=0.00, real=0.00 secs] 
1554.724: [GC (Allocation Failure) [PSYoungGen: 58208K->1344K(58880K)] 428477K->371613K(560640K), 0.0042948 secs] [Times: user=0.02 sys=0.00, real=0.00 secs] 
1555.243: [GC (Allocation Failure) [PSYoungGen: 58176K->1597K(58880K)] 428445K->371874K(560640K), 0.0017134 secs] [Times: user=0.01 sys=0.00, real=0.01 secs] 
1555.639: [GC (Allocation Failure) [PSYoungGen: 58429K->1533K(58880K)] 428706K->371810K(560640K), 0.0017815 secs] [Times: user=0.01 sys=0.00, real=0.00 secs] 
1555.972: [GC (Allocation Failure) [PSYoungGen: 58365K->1565K(58880K)] 428642K->371842K(560640K), 0.0016745 secs] [Times: user=0.01 sys=0.00, real=0.01 secs] 
1556.308: [GC (Allocation Failure) [PSYoungGen: 58397K->1597K(58880K)] 428674K->371874K(560640K), 0.0017845 secs] [Times: user=0.01 sys=0.00, real=0.00 secs] 
1557.333: [GC (Allocation Failure) [PSYoungGen: 58429K->1408K(58880K)] 428706K->371685K(560640K), 0.0043610 secs] [Times: user=0.02 sys=0.00, real=0.00 secs] 
1558.062: [GC (Allocation Failure) [PSYoungGen: 58240K->1408K(58880K)] 428517K->371685K(560640K), 0.0043019 secs] [Times: user=0.02 sys=0.00, real=0.01 secs] 
1558.433: [GC (Allocation Failure) [PSYoungGen: 58240K->1376K(58880K)] 428517K->371653K(560640K), 0.0021343 secs] [Times: user=0.01 sys=0.00, real=0.01 secs] 
1558.876: [GC (Allocation Failure) [PSYoungGen: 58208K->1424K(58880K)] 428485K->371701K(560640K), 0.0020311 secs] [Times: user=0.00 sys=0.00, real=0.00 secs] 
1559.375: [GC (Allocation Failure) [PSYoungGen: 58256K->1376K(58880K)] 428533K->371653K(560640K), 0.0021662 secs] [Times: user=0.01 sys=0.00, real=0.00 secs] 
1559.770: [GC (Allocation Failure) [PSYoungGen: 58208K->1469K(58880K)] 428485K->371746K(560640K), 0.0016828 secs] [Times: user=0.01 sys=0.00, real=0.00 secs] 
1560.105: [GC (Allocation Failure) [PSYoungGen: 58301K->1533K(58880K)] 428578K->371826K(560640K), 0.0017211 secs] [Times: user=0.01 sys=0.00, real=0.00 secs] 
1560.440: [GC (Allocation Failure) [PSYoungGen: 58356K->1597K(58880K)] 428649K->371890K(560640K), 0.0016775 secs] [Times: user=0.01 sys=0.00, real=0.00 secs] 
1560.775: [GC (Allocation Failure) [PSYoungGen: 58429K->1616K(58880K)] 428722K->371909K(560640K), 0.0017235 secs] [Times: user=0.01 sys=0.00, real=0.00 secs] 
1561.121: [GC (Allocation Failure) [PSYoungGen: 58448K->1504K(58880K)] 428741K->371797K(560640K), 0.0021702 secs] [Times: user=0.01 sys=0.00, real=0.01 secs] 
1561.400: [GC (Allocation Failure) [PSYoungGen: 58336K->1440K(58880K)] 428629K->371733K(560640K), 0.0020739 secs] [Times: user=0.01 sys=0.00, real=0.00 secs] 
1561.637: [GC (Allocation Failure) [PSYoungGen: 58272K->1376K(58880K)] 428565K->371693K(560640K), 0.0019442 secs] [Times: user=0.01 sys=0.00, real=0.00 secs] 
1561.874: [GC (Allocation Failure) [PSYoungGen: 58208K->1376K(58880K)] 428525K->371693K(560640K), 0.0033089 secs] [Times: user=0.01 sys=0.00, real=0.00 secs] 
1562.115: [GC (Allocation Failure) [PSYoungGen: 58208K->1376K(58880K)] 428525K->371693K(560640K), 0.0025338 secs] [Times: user=0.01 sys=0.00, real=0.00 secs] 
1562.487: [GC (Allocation Failure) [PSYoungGen: 58208K->1552K(58880K)] 428525K->371869K(560640K), 0.0016497 secs] [Times: user=0.01 sys=0.00, real=0.00 secs] 
1562.821: [GC (Allocation Failure) [PSYoungGen: 58384K->1533K(58880K)] 428701K->371858K(560640K), 0.0017050 secs] [Times: user=0.00 sys=0.00, real=0.00 secs] 
1563.153: [GC (Allocation Failure) [PSYoungGen: 58352K->1565K(58880K)] 428677K->371890K(560640K), 0.0016804 secs] [Times: user=0.01 sys=0.00, real=0.00 secs] 
1563.487: [GC (Allocation Failure) [PSYoungGen: 58397K->1581K(58880K)] 428722K->371906K(560640K), 0.0017030 secs] [Times: user=0.01 sys=0.00, real=0.00 secs] 
1563.945: [GC (Allocation Failure) [PSYoungGen: 58413K->1520K(58880K)] 428738K->371845K(560640K), 0.0021237 secs] [Times: user=0.01 sys=0.00, real=0.00 secs] 
1564.598: [GC (Allocation Failure) [PSYoungGen: 58352K->1408K(58880K)] 428677K->371733K(560640K), 0.0033578 secs] [Times: user=0.01 sys=0.00, real=0.00 secs] 
1564.852: [GC (Allocation Failure) [PSYoungGen: 58240K->1408K(58880K)] 428565K->371733K(560640K), 0.0020071 secs] [Times: user=0.00 sys=0.00, real=0.01 secs] 
1565.205: [GC (Allocation Failure) [PSYoungGen: 58240K->1440K(58880K)] 428565K->371765K(560640K), 0.0021392 secs] [Times: user=0.01 sys=0.00, real=0.00 secs] 
1565.690: [GC (Allocation Failure) [PSYoungGen: 58272K->1376K(58880K)] 428597K->371701K(560640K), 0.0019149 secs] [Times: user=0.01 sys=0.00, real=0.00 secs] 
1566.175: [GC (Allocation Failure) [PSYoungGen: 58208K->1453K(58880K)] 428533K->371778K(560640K), 0.0015456 secs] [Times: user=0.01 sys=0.00, real=0.00 secs] 
1566.509: [GC (Allocation Failure) [PSYoungGen: 58285K->1581K(58880K)] 428610K->371914K(560640K), 0.0017195 secs] [Times: user=0.01 sys=0.00, real=0.00 secs] 
1566.843: [GC (Allocation Failure) [PSYoungGen: 58413K->1565K(58880K)] 428746K->371898K(560640K), 0.0016371 secs] [Times: user=0.00 sys=0.00, real=0.01 secs] 
1567.177: [GC (Allocation Failure) [PSYoungGen: 58397K->1552K(58880K)] 428730K->371885K(560640K), 0.0016232 secs] [Times: user=0.00 sys=0.00, real=0.00 secs] 
1567.504: [GC (Allocation Failure) [PSYoungGen: 58225K->320K(58880K)] 428558K->370653K(560640K), 0.0014605 secs] [Times: user=0.00 sys=0.00, real=0.00 secs] 
1567.783: [GC (Allocation Failure) [PSYoungGen: 57152K->1408K(58880K)] 427485K->371741K(560640K), 0.0019459 secs] [Times: user=0.00 sys=0.00, real=0.00 secs] 
1568.034: [GC (Allocation Failure) [PSYoungGen: 58240K->1408K(58880K)] 428573K->371741K(560640K), 0.0019325 secs] [Times: user=0.01 sys=0.00, real=0.00 secs] 
1568.442: [GC (Allocation Failure) [PSYoungGen: 58240K->1408K(58880K)] 428573K->371741K(560640K), 0.0019279 secs] [Times: user=0.00 sys=0.00, real=0.01 secs] 
1568.901: [GC (Allocation Failure) [PSYoungGen: 58240K->1408K(58880K)] 428573K->371741K(560640K), 0.0020361 secs] [Times: user=0.00 sys=0.00, real=0.00 secs] 
1569.423: [GC (Allocation Failure) [PSYoungGen: 58240K->1440K(58880K)] 428573K->371773K(560640K), 0.0022573 secs] [Times: user=0.01 sys=0.00, real=0.01 secs] 
1569.788: [GC (Allocation Failure) [PSYoungGen: 58272K->1533K(58880K)] 428605K->371874K(560640K), 0.0016875 secs] [Times: user=0.01 sys=0.00, real=0.00 secs] 
1570.122: [GC (Allocation Failure) [PSYoungGen: 58365K->1568K(58880K)] 428706K->371909K(560640K), 0.0017067 secs] [Times: user=0.00 sys=0.00, real=0.01 secs] 
1570.456: [GC (Allocation Failure) [PSYoungGen: 58400K->1597K(58880K)] 428741K->371962K(560640K), 0.0016538 secs] [Times: user=0.01 sys=0.00, real=0.00 secs] 
1570.797: [GC (Allocation Failure) [PSYoungGen: 58429K->1565K(58880K)] 428794K->371930K(560640K), 0.0017382 secs] [Times: user=0.01 sys=0.00, real=0.00 secs] 
1571.314: [GC (Allocation Failure) [PSYoungGen: 58397K->1408K(58880K)] 428762K->371781K(560640K), 0.0023402 secs] [Times: user=0.01 sys=0.00, real=0.00 secs] 
1571.747: [GC (Allocation Failure) [PSYoungGen: 58240K->1392K(58880K)] 428613K->371765K(560640K), 0.0022177 secs] [Times: user=0.01 sys=0.00, real=0.00 secs] 
1572.243: [GC (Allocation Failure) [PSYoungGen: 58224K->1376K(58880K)] 428597K->371749K(560640K), 0.0030095 secs] [Times: user=0.01 sys=0.00, real=0.00 secs] 
1572.803: [GC (Allocation Failure) [PSYoungGen: 58208K->1408K(58880K)] 428581K->371789K(560640K), 0.0040308 secs] [Times: user=0.02 sys=0.00, real=0.00 secs] 
1573.440: [GC (Allocation Failure) [PSYoungGen: 58240K->1408K(58880K)] 428621K->371789K(560640K), 0.0032808 secs] [Times: user=0.02 sys=0.00, real=0.00 secs] 
1574.004: [GC (Allocation Failure) [PSYoungGen: 58240K->1469K(58880K)] 428621K->371858K(560640K), 0.0017518 secs] [Times: user=0.00 sys=0.00, real=0.00 secs] 
1574.336: [GC (Allocation Failure) [PSYoungGen: 58301K->1565K(58880K)] 428690K->371962K(560640K), 0.0017604 secs] [Times: user=0.00 sys=0.00, real=0.00 secs] 
1574.681: [GC (Allocation Failure) [PSYoungGen: 58397K->1597K(58880K)] 428794K->371994K(560640K), 0.0016468 secs] [Times: user=0.00 sys=0.00, real=0.00 secs] 
1575.021: [GC (Allocation Failure) [PSYoungGen: 58429K->1597K(58880K)] 428826K->371994K(560640K), 0.0016541 secs] [Times: user=0.01 sys=0.00, real=0.00 secs] 
1575.299: [GC (Allocation Failure) [PSYoungGen: 58429K->1392K(58880K)] 428826K->371789K(560640K), 0.0016637 secs] [Times: user=0.01 sys=0.00, real=0.00 secs] 
1575.535: [GC (Allocation Failure) [PSYoungGen: 58224K->1376K(58880K)] 428621K->371781K(560640K), 0.0015777 secs] [Times: user=0.00 sys=0.00, real=0.00 secs] 
1575.771: [GC (Allocation Failure) [PSYoungGen: 58208K->1360K(58880K)] 428613K->371765K(560640K), 0.0015981 secs] [Times: user=0.01 sys=0.00, real=0.00 secs] 
1576.007: [GC (Allocation Failure) [PSYoungGen: 58192K->1392K(58880K)] 428597K->371797K(560640K), 0.0028982 secs] [Times: user=0.02 sys=0.00, real=0.00 secs] 
1576.248: [GC (Allocation Failure) [PSYoungGen: 58224K->1376K(58880K)] 428629K->371781K(560640K), 0.0024828 secs] [Times: user=0.01 sys=0.00, real=0.00 secs] 
1576.727: [GC (Allocation Failure) [PSYoungGen: 58208K->1501K(58880K)] 428613K->371906K(560640K), 0.0015960 secs] [Times: user=0.01 sys=0.00, real=0.00 secs] 
1577.061: [GC (Allocation Failure) [PSYoungGen: 58333K->1568K(58880K)] 428738K->371989K(560640K), 0.0016143 secs] [Times: user=0.00 sys=0.00, real=0.00 secs] 
1577.396: [GC (Allocation Failure) [PSYoungGen: 58400K->1597K(58880K)] 428821K->372018K(560640K), 0.0016989 secs] [Times: user=0.00 sys=0.00, real=0.00 secs] 
1577.783: [GC (Allocation Failure) [PSYoungGen: 58429K->1565K(58880K)] 428850K->371986K(560640K), 0.0016418 secs] [Times: user=0.01 sys=0.00, real=0.01 secs] 
1578.086: [GC (Allocation Failure) [PSYoungGen: 58397K->1472K(58880K)] 428818K->371893K(560640K), 0.0022344 secs] [Times: user=0.01 sys=0.00, real=0.00 secs] 
1578.322: [GC (Allocation Failure) [PSYoungGen: 58304K->1392K(58880K)] 428725K->371813K(560640K), 0.0021528 secs] [Times: user=0.01 sys=0.00, real=0.01 secs] 
1578.559: [GC (Allocation Failure) [PSYoungGen: 58224K->1376K(58880K)] 428645K->371797K(560640K), 0.0022584 secs] [Times: user=0.01 sys=0.00, real=0.00 secs] 
1578.816: [GC (Allocation Failure) [PSYoungGen: 58208K->1376K(58880K)] 428629K->371797K(560640K), 0.0019945 secs] [Times: user=0.00 sys=0.00, real=0.00 secs] 
1579.052: [GC (Allocation Failure) [PSYoungGen: 58208K->1408K(58880K)] 428629K->371829K(560640K), 0.0019684 secs] [Times: user=0.01 sys=0.00, real=0.01 secs] 
1579.410: [GC (Allocation Failure) [PSYoungGen: 58240K->1488K(58880K)] 428661K->371933K(560640K), 0.0016925 secs] [Times: user=0.01 sys=0.00, real=0.00 secs] 
1579.746: [GC (Allocation Failure) [PSYoungGen: 58320K->1600K(58880K)] 428765K->372061K(560640K), 0.0016478 secs] [Times: user=0.00 sys=0.00, real=0.00 secs] 
1580.142: [GC (Allocation Failure) [PSYoungGen: 58432K->1533K(58880K)] 428893K->371994K(560640K), 0.0017675 secs] [Times: user=0.01 sys=0.00, real=0.01 secs] 
1580.477: [GC (Allocation Failure) [PSYoungGen: 58365K->1533K(58880K)] 428826K->371994K(560640K), 0.0017445 secs] [Times: user=0.00 sys=0.00, real=0.00 secs] 
1580.902: [GC (Allocation Failure) [PSYoungGen: 58365K->1984K(58880K)] 428826K->372445K(560640K), 0.0020635 secs] [Times: user=0.00 sys=0.00, real=0.01 secs] 
1581.528: [GC (Allocation Failure) [PSYoungGen: 58816K->1376K(58880K)] 429277K->371837K(560640K), 0.0025413 secs] [Times: user=0.01 sys=0.00, real=0.00 secs] 
1581.859: [GC (Allocation Failure) [PSYoungGen: 58208K->1408K(58880K)] 428669K->371869K(560640K), 0.0021295 secs] [Times: user=0.01 sys=0.00, real=0.00 secs] 
1582.106: [GC (Allocation Failure) [PSYoungGen: 58240K->1360K(58880K)] 428701K->371821K(560640K), 0.0021758 secs] [Times: user=0.01 sys=0.00, real=0.00 secs] 
1582.401: [GC (Allocation Failure) [PSYoungGen: 58192K->1344K(58880K)] 428653K->371805K(560640K), 0.0021559 secs] [Times: user=0.01 sys=0.00, real=0.01 secs] 
1582.725: [GC (Allocation Failure) [PSYoungGen: 58176K->1469K(58880K)] 428637K->371930K(560640K), 0.0015248 secs] [Times: user=0.01 sys=0.00, real=0.00 secs] 
1583.059: [GC (Allocation Failure) [PSYoungGen: 58299K->1581K(58880K)] 428760K->372050K(560640K), 0.0016093 secs] [Times: user=0.00 sys=0.00, real=0.00 secs] 
1583.393: [GC (Allocation Failure) [PSYoungGen: 58397K->1501K(58880K)] 428866K->371970K(560640K), 0.0016521 secs] [Times: user=0.01 sys=0.00, real=0.00 secs] 
1583.726: [GC (Allocation Failure) [PSYoungGen: 58327K->1552K(58880K)] 428796K->372021K(560640K), 0.0016804 secs] [Times: user=0.00 sys=0.00, real=0.00 secs] 
1584.123: [GC (Allocation Failure) [PSYoungGen: 58384K->1517K(58880K)] 428853K->371986K(560640K), 0.0017021 secs] [Times: user=0.01 sys=0.00, real=0.01 secs] 
1584.647: [GC (Allocation Failure) [PSYoungGen: 58349K->1392K(58880K)] 428818K->371861K(560640K), 0.0019501 secs] [Times: user=0.00 sys=0.00, real=0.00 secs] 
1585.111: [GC (Allocation Failure) [PSYoungGen: 58224K->1408K(58880K)] 428693K->371877K(560640K), 0.0021562 secs] [Times: user=0.00 sys=0.00, real=0.01 secs] 
1585.348: [GC (Allocation Failure) [PSYoungGen: 58240K->1392K(58880K)] 428709K->371861K(560640K), 0.0022274 secs] [Times: user=0.01 sys=0.00, real=0.00 secs] 
1585.789: [GC (Allocation Failure) [PSYoungGen: 58224K->1440K(58880K)] 428693K->371909K(560640K), 0.0021433 secs] [Times: user=0.01 sys=0.00, real=0.00 secs] 
1586.261: [GC (Allocation Failure) [PSYoungGen: 58272K->1376K(58880K)] 428741K->371845K(560640K), 0.0022575 secs] [Times: user=0.01 sys=0.00, real=0.01 secs] 
1586.637: [GC (Allocation Failure) [PSYoungGen: 58208K->1565K(58880K)] 428677K->372050K(560640K), 0.0017229 secs] [Times: user=0.01 sys=0.00, real=0.00 secs] 
1586.972: [GC (Allocation Failure) [PSYoungGen: 58397K->1533K(58880K)] 428882K->372018K(560640K), 0.0017554 secs] [Times: user=0.01 sys=0.00, real=0.01 secs] 
1587.305: [GC (Allocation Failure) [PSYoungGen: 58365K->1568K(58880K)] 428850K->372053K(560640K), 0.0017177 secs] [Times: user=0.01 sys=0.00, real=0.00 secs] 
1587.639: [GC (Allocation Failure) [PSYoungGen: 58400K->1581K(58880K)] 428885K->372066K(560640K), 0.0017041 secs] [Times: user=0.01 sys=0.00, real=0.00 secs] 
1587.930: [GC (Allocation Failure) [PSYoungGen: 58413K->1472K(58880K)] 428898K->371957K(560640K), 0.0018725 secs] [Times: user=0.00 sys=0.00, real=0.00 secs] 
1588.166: [GC (Allocation Failure) [PSYoungGen: 58304K->1376K(58880K)] 428789K->371861K(560640K), 0.0019361 secs] [Times: user=0.01 sys=0.00, real=0.00 secs] 
1588.402: [GC (Allocation Failure) [PSYoungGen: 58208K->1344K(58880K)] 428693K->371829K(560640K), 0.0019431 secs] [Times: user=0.00 sys=0.00, real=0.01 secs] 
1588.638: [GC (Allocation Failure) [PSYoungGen: 58176K->1376K(58880K)] 428661K->371861K(560640K), 0.0018173 secs] [Times: user=0.01 sys=0.00, real=0.00 secs] 
1588.876: [GC (Allocation Failure) [PSYoungGen: 58208K->1376K(58880K)] 428693K->371861K(560640K), 0.0017887 secs] [Times: user=0.01 sys=0.00, real=0.00 secs] 
1589.205: [GC (Allocation Failure) [PSYoungGen: 58208K->1533K(58880K)] 428693K->372018K(560640K), 0.0016303 secs] [Times: user=0.01 sys=0.00, real=0.00 secs] 
1589.541: [GC (Allocation Failure) [PSYoungGen: 58365K->1581K(58880K)] 428850K->372082K(560640K), 0.0016241 secs] [Times: user=0.01 sys=0.00, real=0.00 secs] 
1589.876: [GC (Allocation Failure) [PSYoungGen: 58402K->1549K(58880K)] 428903K->372074K(560640K), 0.0017307 secs] [Times: user=0.00 sys=0.00, real=0.00 secs] 
1590.210: [GC (Allocation Failure) [PSYoungGen: 58381K->1597K(58880K)] 428906K->372122K(560640K), 0.0016907 secs] [Times: user=0.00 sys=0.00, real=0.00 secs] 
1590.758: [GC (Allocation Failure) [PSYoungGen: 58429K->1424K(58880K)] 428954K->371949K(560640K), 0.0019374 secs] [Times: user=0.01 sys=0.00, real=0.00 secs] 
1591.260: [GC (Allocation Failure) [PSYoungGen: 58256K->1376K(58880K)] 428781K->371901K(560640K), 0.0020631 secs] [Times: user=0.01 sys=0.00, real=0.00 secs] 
1591.863: [GC (Allocation Failure) [PSYoungGen: 58208K->1408K(58880K)] 428733K->371933K(560640K), 0.0023139 secs] [Times: user=0.01 sys=0.00, real=0.00 secs] 
1592.318: [GC (Allocation Failure) [PSYoungGen: 58240K->1344K(58880K)] 428765K->371869K(560640K), 0.0023708 secs] [Times: user=0.01 sys=0.00, real=0.00 secs] 
1592.773: [GC (Allocation Failure) [PSYoungGen: 58176K->1344K(58880K)] 428701K->371869K(560640K), 0.0022162 secs] [Times: user=0.01 sys=0.00, real=0.00 secs] 
1593.290: [GC (Allocation Failure) [PSYoungGen: 58176K->1501K(58880K)] 428701K->372026K(560640K), 0.0018327 secs] [Times: user=0.01 sys=0.00, real=0.00 secs] 
1593.684: [GC (Allocation Failure) [PSYoungGen: 58333K->1597K(58880K)] 428858K->372138K(560640K), 0.0017115 secs] [Times: user=0.01 sys=0.00, real=0.00 secs] 
1594.024: [GC (Allocation Failure) [PSYoungGen: 58429K->1533K(58880K)] 428970K->372074K(560640K), 0.0017768 secs] [Times: user=0.01 sys=0.00, real=0.00 secs] 
1594.364: [GC (Allocation Failure) [PSYoungGen: 58340K->1533K(58880K)] 428881K->372074K(560640K), 0.0017583 secs] [Times: user=0.01 sys=0.00, real=0.00 secs] 
1594.804: [GC (Allocation Failure) [PSYoungGen: 58365K->1488K(58880K)] 428906K->372029K(560640K), 0.0024638 secs] [Times: user=0.01 sys=0.00, real=0.00 secs] 
1595.353: [GC (Allocation Failure) [PSYoungGen: 58320K->1344K(58880K)] 428861K->371885K(560640K), 0.0033043 secs] [Times: user=0.01 sys=0.00, real=0.01 secs] 
1595.843: [GC (Allocation Failure) [PSYoungGen: 58176K->1408K(58880K)] 428717K->371949K(560640K), 0.0025683 secs] [Times: user=0.01 sys=0.00, real=0.00 secs] 
1596.287: [GC (Allocation Failure) [PSYoungGen: 58240K->1344K(58880K)] 428781K->371885K(560640K), 0.0024258 secs] [Times: user=0.01 sys=0.00, real=0.00 secs] 
1596.629: [GC (Allocation Failure) [PSYoungGen: 58176K->1360K(58880K)] 428717K->371901K(560640K), 0.0021456 secs] [Times: user=0.01 sys=0.00, real=0.00 secs] 
1596.971: [GC (Allocation Failure) [PSYoungGen: 58192K->1469K(58880K)] 428733K->372010K(560640K), 0.0015981 secs] [Times: user=0.00 sys=0.00, real=0.00 secs] 
1597.304: [GC (Allocation Failure) [PSYoungGen: 58301K->1597K(58880K)] 428842K->372154K(560640K), 0.0017508 secs] [Times: user=0.01 sys=0.00, real=0.00 secs] 
1597.640: [GC (Allocation Failure) [PSYoungGen: 58429K->1565K(58880K)] 428986K->372122K(560640K), 0.0016569 secs] [Times: user=0.01 sys=0.00, real=0.00 secs] 
1597.974: [GC (Allocation Failure) [PSYoungGen: 58397K->1597K(58880K)] 428954K->372154K(560640K), 0.0017443 secs] [Times: user=0.01 sys=0.00, real=0.00 secs] 
1598.843: [GC (Allocation Failure) [PSYoungGen: 58429K->1696K(58880K)] 428986K->372253K(560640K), 0.0045124 secs] [Times: user=0.02 sys=0.00, real=0.01 secs] 
1600.232: [GC (Allocation Failure) [PSYoungGen: 58528K->1376K(58880K)] 429085K->371933K(560640K), 0.0045053 secs] [Times: user=0.01 sys=0.00, real=0.01 secs] 
1600.701: [GC (Allocation Failure) [PSYoungGen: 58208K->1408K(58880K)] 428765K->371965K(560640K), 0.0025584 secs] [Times: user=0.01 sys=0.00, real=0.01 secs] 
1600.977: [GC (Allocation Failure) [PSYoungGen: 58240K->1408K(58880K)] 428797K->371965K(560640K), 0.0022163 secs] [Times: user=0.01 sys=0.00, real=0.00 secs] 
1601.213: [GC (Allocation Failure) [PSYoungGen: 58240K->1376K(58880K)] 428797K->371933K(560640K), 0.0022137 secs] [Times: user=0.01 sys=0.00, real=0.00 secs] 
1601.499: [GC (Allocation Failure) [PSYoungGen: 58208K->1469K(58880K)] 428765K->372026K(560640K), 0.0014857 secs] [Times: user=0.01 sys=0.00, real=0.00 secs] 
1601.893: [GC (Allocation Failure) [PSYoungGen: 58301K->1504K(58880K)] 428858K->372077K(560640K), 0.0016741 secs] [Times: user=0.00 sys=0.00, real=0.01 secs] 
1602.286: [GC (Allocation Failure) [PSYoungGen: 58336K->1565K(58880K)] 428909K->372138K(560640K), 0.0017617 secs] [Times: user=0.01 sys=0.00, real=0.00 secs] 
1602.620: [GC (Allocation Failure) [PSYoungGen: 58389K->1533K(58880K)] 428962K->372106K(560640K), 0.0017273 secs] [Times: user=0.00 sys=0.00, real=0.00 secs] 
1602.957: [GC (Allocation Failure) [PSYoungGen: 58348K->1533K(58880K)] 428922K->372106K(560640K), 0.0017131 secs] [Times: user=0.01 sys=0.00, real=0.00 secs] 
1604.072: [GC (Allocation Failure) [PSYoungGen: 58365K->1408K(58880K)] 428938K->371981K(560640K), 0.0041999 secs] [Times: user=0.01 sys=0.00, real=0.01 secs] 
1604.781: [GC (Allocation Failure) [PSYoungGen: 58240K->1344K(58880K)] 428813K->371917K(560640K), 0.0031899 secs] [Times: user=0.01 sys=0.00, real=0.01 secs] 
1605.165: [GC (Allocation Failure) [PSYoungGen: 58176K->1376K(58880K)] 428749K->371949K(560640K), 0.0023007 secs] [Times: user=0.01 sys=0.00, real=0.00 secs] 
1605.467: [GC (Allocation Failure) [PSYoungGen: 58208K->1360K(58880K)] 428781K->371933K(560640K), 0.0031948 secs] [Times: user=0.02 sys=0.00, real=0.00 secs] 
1605.752: [GC (Allocation Failure) [PSYoungGen: 58192K->1376K(58880K)] 428765K->371949K(560640K), 0.0021469 secs] [Times: user=0.01 sys=0.00, real=0.01 secs] 
1606.110: [GC (Allocation Failure) [PSYoungGen: 58208K->1469K(58880K)] 428781K->372058K(560640K), 0.0017317 secs] [Times: user=0.01 sys=0.00, real=0.00 secs] 
1606.444: [GC (Allocation Failure) [PSYoungGen: 58301K->1568K(58880K)] 428890K->372157K(560640K), 0.0016657 secs] [Times: user=0.01 sys=0.00, real=0.00 secs] 
1606.778: [GC (Allocation Failure) [PSYoungGen: 58400K->1565K(58880K)] 428989K->372154K(560640K), 0.0015850 secs] [Times: user=0.01 sys=0.00, real=0.00 secs] 
1607.113: [GC (Allocation Failure) [PSYoungGen: 58397K->1533K(58880K)] 428986K->372122K(560640K), 0.0016903 secs] [Times: user=0.01 sys=0.00, real=0.00 secs] 
1607.584: [GC (Allocation Failure) [PSYoungGen: 58365K->1376K(58880K)] 428954K->371965K(560640K), 0.0019960 secs] [Times: user=0.01 sys=0.00, real=0.00 secs] 
1608.103: [GC (Allocation Failure) [PSYoungGen: 58208K->1408K(58880K)] 428797K->372005K(560640K), 0.0019937 secs] [Times: user=0.01 sys=0.00, real=0.00 secs] 
1608.373: [GC (Allocation Failure) [PSYoungGen: 58240K->1408K(58880K)] 428837K->372005K(560640K), 0.0020619 secs] [Times: user=0.01 sys=0.00, real=0.00 secs] 
1608.638: [GC (Allocation Failure) [PSYoungGen: 58240K->1376K(58880K)] 428837K->371973K(560640K), 0.0021073 secs] [Times: user=0.01 sys=0.00, real=0.00 secs] 
1608.874: [GC (Allocation Failure) [PSYoungGen: 58208K->1376K(58880K)] 428805K->371973K(560640K), 0.0020050 secs] [Times: user=0.00 sys=0.00, real=0.00 secs] 
1609.209: [GC (Allocation Failure) [PSYoungGen: 58208K->1549K(58880K)] 428805K->372146K(560640K), 0.0017052 secs] [Times: user=0.00 sys=0.00, real=0.00 secs] 
1609.543: [GC (Allocation Failure) [PSYoungGen: 58381K->1597K(58880K)] 428978K->372210K(560640K), 0.0016581 secs] [Times: user=0.01 sys=0.00, real=0.01 secs] 
1609.880: [GC (Allocation Failure) [PSYoungGen: 58429K->1600K(58880K)] 429042K->372237K(560640K), 0.0016276 secs] [Times: user=0.01 sys=0.00, real=0.00 secs] 
1610.217: [GC (Allocation Failure) [PSYoungGen: 58432K->1568K(58880K)] 429069K->372205K(560640K), 0.0016939 secs] [Times: user=0.01 sys=0.00, real=0.00 secs] 
1610.843: [GC (Allocation Failure) [PSYoungGen: 58400K->1472K(58880K)] 429037K->372109K(560640K), 0.0023188 secs] [Times: user=0.01 sys=0.00, real=0.01 secs] 
1611.802: [GC (Allocation Failure) [PSYoungGen: 58304K->1408K(58880K)] 428941K->372045K(560640K), 0.0033258 secs] [Times: user=0.01 sys=0.00, real=0.01 secs] 
1612.364: [GC (Allocation Failure) [PSYoungGen: 58240K->1376K(58880K)] 428877K->372013K(560640K), 0.0032674 secs] [Times: user=0.01 sys=0.00, real=0.00 secs] 
1612.835: [GC (Allocation Failure) [PSYoungGen: 58208K->1440K(58880K)] 428845K->372077K(560640K), 0.0032643 secs] [Times: user=0.01 sys=0.01, real=0.00 secs] 
1613.227: [GC (Allocation Failure) [PSYoungGen: 58272K->1376K(58880K)] 428909K->372013K(560640K), 0.0025673 secs] [Times: user=0.01 sys=0.00, real=0.00 secs] 
1613.662: [GC (Allocation Failure) [PSYoungGen: 58208K->1504K(58880K)] 428845K->372141K(560640K), 0.0016618 secs] [Times: user=0.00 sys=0.00, real=0.01 secs] 
1613.995: [GC (Allocation Failure) [PSYoungGen: 58336K->1504K(58880K)] 428973K->372149K(560640K), 0.0018093 secs] [Times: user=0.01 sys=0.00, real=0.00 secs] 
1614.329: [GC (Allocation Failure) [PSYoungGen: 58336K->1597K(58880K)] 428981K->372242K(560640K), 0.0016781 secs] [Times: user=0.01 sys=0.00, real=0.00 secs] 
1614.663: [GC (Allocation Failure) [PSYoungGen: 58429K->1565K(58880K)] 429074K->372210K(560640K), 0.0016807 secs] [Times: user=0.01 sys=0.00, real=0.01 secs] 
1615.126: [GC (Allocation Failure) [PSYoungGen: 58397K->1472K(58880K)] 429042K->372117K(560640K), 0.0021849 secs] [Times: user=0.01 sys=0.00, real=0.00 secs] 
1615.605: [GC (Allocation Failure) [PSYoungGen: 58304K->1344K(58880K)] 428949K->371989K(560640K), 0.0028405 secs] [Times: user=0.01 sys=0.00, real=0.00 secs] 
1616.178: [GC (Allocation Failure) [PSYoungGen: 58176K->1376K(58880K)] 428821K->372021K(560640K), 0.0021087 secs] [Times: user=0.00 sys=0.01, real=0.00 secs] 
1616.799: [GC (Allocation Failure) [PSYoungGen: 58208K->1376K(58880K)] 428853K->372021K(560640K), 0.0023028 secs] [Times: user=0.01 sys=0.00, real=0.00 secs] 
1617.465: [GC (Allocation Failure) [PSYoungGen: 58208K->1408K(58880K)] 428853K->372053K(560640K), 0.0027572 secs] [Times: user=0.01 sys=0.00, real=0.00 secs] 
1618.111: [GC (Allocation Failure) [PSYoungGen: 58240K->1453K(58880K)] 428885K->372098K(560640K), 0.0020925 secs] [Times: user=0.01 sys=0.00, real=0.00 secs] 
1618.448: [GC (Allocation Failure) [PSYoungGen: 58285K->1597K(58880K)] 428930K->372258K(560640K), 0.0017094 secs] [Times: user=0.01 sys=0.00, real=0.00 secs] 
1618.839: [GC (Allocation Failure) [PSYoungGen: 58429K->1629K(58880K)] 429090K->372290K(560640K), 0.0017016 secs] [Times: user=0.00 sys=0.00, real=0.00 secs] 
1619.175: [GC (Allocation Failure) [PSYoungGen: 58461K->1533K(58880K)] 429122K->372194K(560640K), 0.0017710 secs] [Times: user=0.00 sys=0.00, real=0.00 secs] 
1619.508: [GC (Allocation Failure) [PSYoungGen: 58365K->224K(58880K)] 429026K->370885K(560640K), 0.0015039 secs] [Times: user=0.01 sys=0.00, real=0.00 secs] 
1620.596: [GC (Allocation Failure) [PSYoungGen: 57056K->1408K(58880K)] 427717K->372069K(560640K), 0.0033434 secs] [Times: user=0.01 sys=0.00, real=0.00 secs] 
1621.124: [GC (Allocation Failure) [PSYoungGen: 58240K->1344K(58880K)] 428901K->372005K(560640K), 0.0026955 secs] [Times: user=0.01 sys=0.00, real=0.00 secs] 
1621.574: [GC (Allocation Failure) [PSYoungGen: 58176K->1408K(58880K)] 428837K->372069K(560640K), 0.0027544 secs] [Times: user=0.02 sys=0.00, real=0.00 secs] 
1621.853: [GC (Allocation Failure) [PSYoungGen: 58240K->1440K(58880K)] 428901K->372101K(560640K), 0.0020337 secs] [Times: user=0.01 sys=0.00, real=0.01 secs] 
1622.143: [GC (Allocation Failure) [PSYoungGen: 58272K->1469K(58880K)] 428933K->372130K(560640K), 0.0021162 secs] [Times: user=0.01 sys=0.00, real=0.01 secs] 
1622.492: [GC (Allocation Failure) [PSYoungGen: 58301K->1565K(58880K)] 428962K->372250K(560640K), 0.0017021 secs] [Times: user=0.01 sys=0.00, real=0.01 secs] 
1622.883: [GC (Allocation Failure) [PSYoungGen: 58397K->1600K(58880K)] 429082K->372285K(560640K), 0.0016958 secs] [Times: user=0.00 sys=0.00, real=0.01 secs] 
1623.218: [GC (Allocation Failure) [PSYoungGen: 58432K->1565K(58880K)] 429117K->372250K(560640K), 0.0016565 secs] [Times: user=0.01 sys=0.00, real=0.00 secs] 
1623.608: [GC (Allocation Failure) [PSYoungGen: 58397K->1536K(58880K)] 429082K->372221K(560640K), 0.0017787 secs] [Times: user=0.01 sys=0.00, real=0.00 secs] 
1624.081: [GC (Allocation Failure) [PSYoungGen: 58368K->1440K(58880K)] 429053K->372125K(560640K), 0.0039261 secs] [Times: user=0.01 sys=0.00, real=0.01 secs] 
1624.546: [GC (Allocation Failure) [PSYoungGen: 58272K->1392K(58880K)] 428957K->372077K(560640K), 0.0027995 secs] [Times: user=0.01 sys=0.01, real=0.00 secs] 
1625.081: [GC (Allocation Failure) [PSYoungGen: 58224K->1408K(58880K)] 428909K->372093K(560640K), 0.0025100 secs] [Times: user=0.01 sys=0.00, real=0.01 secs] 
1625.510: [GC (Allocation Failure) [PSYoungGen: 58240K->1424K(58880K)] 428925K->372109K(560640K), 0.0025199 secs] [Times: user=0.01 sys=0.00, real=0.00 secs] 
1625.778: [GC (Allocation Failure) [PSYoungGen: 58256K->1376K(58880K)] 428941K->372061K(560640K), 0.0020993 secs] [Times: user=0.01 sys=0.00, real=0.00 secs] 
1626.136: [GC (Allocation Failure) [PSYoungGen: 58196K->1533K(58880K)] 428881K->372218K(560640K), 0.0017352 secs] [Times: user=0.01 sys=0.00, real=0.00 secs] 
1626.469: [GC (Allocation Failure) [PSYoungGen: 58365K->1533K(58880K)] 429050K->372226K(560640K), 0.0016472 secs] [Times: user=0.00 sys=0.00, real=0.00 secs] 
1626.865: [GC (Allocation Failure) [PSYoungGen: 58365K->1597K(58880K)] 429058K->372290K(560640K), 0.0017795 secs] [Times: user=0.00 sys=0.00, real=0.00 secs] 
1627.200: [GC (Allocation Failure) [PSYoungGen: 58429K->1533K(58880K)] 429122K->372226K(560640K), 0.0018502 secs] [Times: user=0.01 sys=0.00, real=0.00 secs] 
1627.551: [GC (Allocation Failure) [PSYoungGen: 58365K->1424K(58880K)] 429058K->372117K(560640K), 0.0026532 secs] [Times: user=0.01 sys=0.00, real=0.01 secs] 
1627.788: [GC (Allocation Failure) [PSYoungGen: 58256K->1376K(58880K)] 428949K->372069K(560640K), 0.0020939 secs] [Times: user=0.01 sys=0.00, real=0.00 secs] 
1628.025: [GC (Allocation Failure) [PSYoungGen: 58208K->1408K(58880K)] 428901K->372101K(560640K), 0.0021549 secs] [Times: user=0.01 sys=0.00, real=0.00 secs] 
1628.261: [GC (Allocation Failure) [PSYoungGen: 58240K->1408K(58880K)] 428933K->372101K(560640K), 0.0021176 secs] [Times: user=0.01 sys=0.00, real=0.01 secs] 
1628.498: [GC (Allocation Failure) [PSYoungGen: 58240K->1408K(58880K)] 428933K->372101K(560640K), 0.0018842 secs] [Times: user=0.01 sys=0.00, real=0.00 secs] 
1628.833: [GC (Allocation Failure) [PSYoungGen: 58240K->1485K(58880K)] 428933K->372178K(560640K), 0.0015400 secs] [Times: user=0.01 sys=0.00, real=0.00 secs] 
1629.167: [GC (Allocation Failure) [PSYoungGen: 58317K->1504K(58880K)] 429010K->372221K(560640K), 0.0018577 secs] [Times: user=0.01 sys=0.00, real=0.00 secs] 
1629.500: [GC (Allocation Failure) [PSYoungGen: 58336K->1581K(58880K)] 429053K->372298K(560640K), 0.0018239 secs] [Times: user=0.01 sys=0.00, real=0.00 secs] 
1629.835: [GC (Allocation Failure) [PSYoungGen: 58413K->1533K(58880K)] 429130K->372266K(560640K), 0.0017039 secs] [Times: user=0.01 sys=0.00, real=0.00 secs] 
1630.186: [GC (Allocation Failure) [PSYoungGen: 58365K->1488K(58880K)] 429098K->372221K(560640K), 0.0021224 secs] [Times: user=0.01 sys=0.00, real=0.00 secs] 
1630.534: [GC (Allocation Failure) [PSYoungGen: 58320K->1328K(58880K)] 429053K->372061K(560640K), 0.0022298 secs] [Times: user=0.01 sys=0.00, real=0.00 secs] 
1631.007: [GC (Allocation Failure) [PSYoungGen: 58160K->1344K(58880K)] 428893K->372093K(560640K), 0.0023055 secs] [Times: user=0.01 sys=0.00, real=0.00 secs] 
1631.491: [GC (Allocation Failure) [PSYoungGen: 58176K->1344K(58880K)] 428925K->372093K(560640K), 0.0023604 secs] [Times: user=0.01 sys=0.00, real=0.01 secs] 
1631.942: [GC (Allocation Failure) [PSYoungGen: 58176K->1408K(58880K)] 428925K->372157K(560640K), 0.0024020 secs] [Times: user=0.01 sys=0.00, real=0.01 secs] 
1632.391: [GC (Allocation Failure) [PSYoungGen: 58240K->1469K(58880K)] 428989K->372218K(560640K), 0.0015767 secs] [Times: user=0.01 sys=0.00, real=0.00 secs] 
1632.724: [GC (Allocation Failure) [PSYoungGen: 58301K->1565K(58880K)] 429050K->372330K(560640K), 0.0016314 secs] [Times: user=0.00 sys=0.00, real=0.00 secs] 
1633.057: [GC (Allocation Failure) [PSYoungGen: 58397K->1565K(58880K)] 429162K->372330K(560640K), 0.0016802 secs] [Times: user=0.01 sys=0.00, real=0.00 secs] 
1633.393: [GC (Allocation Failure) [PSYoungGen: 58397K->1549K(58880K)] 429162K->372314K(560640K), 0.0016775 secs] [Times: user=0.01 sys=0.00, real=0.01 secs] 
1633.709: [GC (Allocation Failure) [PSYoungGen: 58381K->2000K(58880K)] 429146K->373277K(560640K), 0.0017919 secs] [Times: user=0.01 sys=0.00, real=0.00 secs] 
1633.945: [GC (Allocation Failure) [PSYoungGen: 58832K->1408K(58880K)] 430109K->372685K(560640K), 0.0016025 secs] [Times: user=0.00 sys=0.00, real=0.00 secs] 
1634.181: [GC (Allocation Failure) [PSYoungGen: 58240K->1376K(58880K)] 429517K->372653K(560640K), 0.0016081 secs] [Times: user=0.00 sys=0.00, real=0.00 secs] 
1634.507: [GC (Allocation Failure) [PSYoungGen: 58208K->1376K(58880K)] 429485K->372653K(560640K), 0.0020730 secs] [Times: user=0.01 sys=0.00, real=0.00 secs] 
1634.759: [GC (Allocation Failure) [PSYoungGen: 58208K->1376K(58880K)] 429485K->372653K(560640K), 0.0024591 secs] [Times: user=0.01 sys=0.00, real=0.00 secs] 
1635.055: [GC (Allocation Failure) [PSYoungGen: 58208K->1485K(58880K)] 429485K->372762K(560640K), 0.0016069 secs] [Times: user=0.01 sys=0.00, real=0.00 secs] 
1635.389: [GC (Allocation Failure) [PSYoungGen: 58317K->1597K(58880K)] 429594K->372882K(560640K), 0.0016918 secs] [Times: user=0.01 sys=0.00, real=0.00 secs] 
1635.784: [GC (Allocation Failure) [PSYoungGen: 58429K->1597K(58880K)] 429714K->372882K(560640K), 0.0017731 secs] [Times: user=0.00 sys=0.00, real=0.00 secs] 
1636.124: [GC (Allocation Failure) [PSYoungGen: 58429K->1533K(58880K)] 429714K->372818K(560640K), 0.0017305 secs] [Times: user=0.00 sys=0.00, real=0.00 secs] 
1636.465: [GC (Allocation Failure) [PSYoungGen: 58365K->1565K(58880K)] 429650K->372850K(560640K), 0.0018083 secs] [Times: user=0.00 sys=0.00, real=0.00 secs] 
1637.462: [GC (Allocation Failure) [PSYoungGen: 58397K->1440K(58880K)] 429682K->372725K(560640K), 0.0043184 secs] [Times: user=0.01 sys=0.00, real=0.01 secs] 
1638.170: [GC (Allocation Failure) [PSYoungGen: 58272K->1344K(58880K)] 429557K->372629K(560640K), 0.0042666 secs] [Times: user=0.02 sys=0.00, real=0.01 secs] 
1638.747: [GC (Allocation Failure) [PSYoungGen: 58176K->1376K(58880K)] 429461K->372661K(560640K), 0.0043532 secs] [Times: user=0.02 sys=0.00, real=0.00 secs] 
1639.180: [GC (Allocation Failure) [PSYoungGen: 58208K->1344K(58880K)] 429493K->372629K(560640K), 0.0028666 secs] [Times: user=0.01 sys=0.00, real=0.00 secs] 
1639.556: [GC (Allocation Failure) [PSYoungGen: 58176K->1453K(58880K)] 429461K->372738K(560640K), 0.0024168 secs] [Times: user=0.01 sys=0.00, real=0.00 secs] 
1639.942: [GC (Allocation Failure) [PSYoungGen: 58285K->1533K(58880K)] 429570K->372826K(560640K), 0.0016836 secs] [Times: user=0.00 sys=0.00, real=0.01 secs] 
1640.281: [GC (Allocation Failure) [PSYoungGen: 58365K->1565K(58880K)] 429658K->372858K(560640K), 0.0016862 secs] [Times: user=0.00 sys=0.00, real=0.00 secs] 
1640.614: [GC (Allocation Failure) [PSYoungGen: 58397K->1597K(58880K)] 429690K->372890K(560640K), 0.0017455 secs] [Times: user=0.01 sys=0.00, real=0.00 secs] 
1640.948: [GC (Allocation Failure) [PSYoungGen: 58429K->1533K(58880K)] 429722K->372826K(560640K), 0.0016995 secs] [Times: user=0.01 sys=0.00, real=0.00 secs] 
1641.602: [GC (Allocation Failure) [PSYoungGen: 58365K->1408K(58880K)] 429658K->372701K(560640K), 0.0024419 secs] [Times: user=0.01 sys=0.00, real=0.01 secs] 
1642.150: [GC (Allocation Failure) [PSYoungGen: 58240K->1376K(58880K)] 429533K->372685K(560640K), 0.0030039 secs] [Times: user=0.02 sys=0.00, real=0.00 secs] 
1642.667: [GC (Allocation Failure) [PSYoungGen: 58208K->1376K(58880K)] 429517K->372685K(560640K), 0.0042024 secs] [Times: user=0.02 sys=0.00, real=0.00 secs] 
1643.195: [GC (Allocation Failure) [PSYoungGen: 58208K->1408K(58880K)] 429517K->372717K(560640K), 0.0021119 secs] [Times: user=0.01 sys=0.00, real=0.00 secs] 
1643.662: [GC (Allocation Failure) [PSYoungGen: 58240K->1376K(58880K)] 429549K->372685K(560640K), 0.0021570 secs] [Times: user=0.01 sys=0.00, real=0.01 secs] 
1644.084: [GC (Allocation Failure) [PSYoungGen: 58208K->1453K(58880K)] 429517K->372762K(560640K), 0.0016554 secs] [Times: user=0.01 sys=0.00, real=0.00 secs] 
1644.417: [GC (Allocation Failure) [PSYoungGen: 58285K->1565K(58880K)] 429594K->372898K(560640K), 0.0016454 secs] [Times: user=0.01 sys=0.00, real=0.00 secs] 
1644.752: [GC (Allocation Failure) [PSYoungGen: 58397K->1597K(58880K)] 429730K->372930K(560640K), 0.0016955 secs] [Times: user=0.00 sys=0.00, real=0.01 secs] 
1645.088: [GC (Allocation Failure) [PSYoungGen: 58429K->1600K(58880K)] 429762K->372933K(560640K), 0.0017040 secs] [Times: user=0.00 sys=0.00, real=0.00 secs] 
1645.438: [GC (Allocation Failure) [PSYoungGen: 58432K->1472K(58880K)] 429765K->372805K(560640K), 0.0017787 secs] [Times: user=0.01 sys=0.00, real=0.00 secs] 
1645.681: [GC (Allocation Failure) [PSYoungGen: 58304K->1408K(58880K)] 429637K->372741K(560640K), 0.0018746 secs] [Times: user=0.00 sys=0.00, real=0.00 secs] 
1645.917: [GC (Allocation Failure) [PSYoungGen: 58240K->1408K(58880K)] 429573K->372741K(560640K), 0.0018099 secs] [Times: user=0.01 sys=0.00, real=0.00 secs] 
1646.159: [GC (Allocation Failure) [PSYoungGen: 58240K->1376K(58880K)] 429573K->372709K(560640K), 0.0018939 secs] [Times: user=0.00 sys=0.00, real=0.00 secs] 
1646.626: [GC (Allocation Failure) [PSYoungGen: 58208K->1408K(58880K)] 429541K->372741K(560640K), 0.0019295 secs] [Times: user=0.01 sys=0.00, real=0.00 secs] 
1647.017: [GC (Allocation Failure) [PSYoungGen: 58240K->1501K(58880K)] 429573K->372834K(560640K), 0.0015712 secs] [Times: user=0.01 sys=0.00, real=0.00 secs] 
1647.411: [GC (Allocation Failure) [PSYoungGen: 58333K->1533K(58880K)] 429666K->372882K(560640K), 0.0017853 secs] [Times: user=0.01 sys=0.00, real=0.00 secs] 
1647.745: [GC (Allocation Failure) [PSYoungGen: 58365K->1597K(58880K)] 429714K->372946K(560640K), 0.0017907 secs] [Times: user=0.00 sys=0.00, real=0.00 secs] 
1648.079: [GC (Allocation Failure) [PSYoungGen: 58429K->1565K(58880K)] 429778K->372914K(560640K), 0.0017563 secs] [Times: user=0.01 sys=0.00, real=0.00 secs] 
1648.431: [GC (Allocation Failure) [PSYoungGen: 58397K->1472K(58880K)] 429746K->372821K(560640K), 0.0024272 secs] [Times: user=0.01 sys=0.00, real=0.01 secs] 
1648.684: [GC (Allocation Failure) [PSYoungGen: 58304K->1392K(58880K)] 429653K->372741K(560640K), 0.0021423 secs] [Times: user=0.01 sys=0.00, real=0.00 secs] 
1648.936: [GC (Allocation Failure) [PSYoungGen: 58224K->1344K(58880K)] 429573K->372693K(560640K), 0.0020855 secs] [Times: user=0.01 sys=0.00, real=0.00 secs] 
1649.179: [GC (Allocation Failure) [PSYoungGen: 58176K->1376K(58880K)] 429525K->372725K(560640K), 0.0020057 secs] [Times: user=0.00 sys=0.00, real=0.00 secs] 
1649.586: [GC (Allocation Failure) [PSYoungGen: 58208K->1440K(58880K)] 429557K->372789K(560640K), 0.0022057 secs] [Times: user=0.01 sys=0.00, real=0.00 secs] 
1650.340: [GC (Allocation Failure) [PSYoungGen: 58272K->1501K(58880K)] 429621K->372866K(560640K), 0.0017546 secs] [Times: user=0.01 sys=0.00, real=0.00 secs] 
1650.675: [GC (Allocation Failure) [PSYoungGen: 58333K->1565K(58880K)] 429698K->372938K(560640K), 0.0017830 secs] [Times: user=0.00 sys=0.00, real=0.00 secs] 
1651.067: [GC (Allocation Failure) [PSYoungGen: 58397K->1533K(58880K)] 429770K->372906K(560640K), 0.0018046 secs] [Times: user=0.00 sys=0.00, real=0.00 secs] 
1651.400: [GC (Allocation Failure) [PSYoungGen: 58333K->1536K(58880K)] 429707K->372909K(560640K), 0.0017790 secs] [Times: user=0.01 sys=0.00, real=0.00 secs] 
1651.825: [GC (Allocation Failure) [PSYoungGen: 58368K->2016K(58368K)] 429741K->373933K(560128K), 0.0020003 secs] [Times: user=0.01 sys=0.00, real=0.00 secs] 
1652.250: [GC (Allocation Failure) [PSYoungGen: 58336K->1344K(58880K)] 430253K->373261K(560640K), 0.0028118 secs] [Times: user=0.02 sys=0.00, real=0.01 secs] 
1652.920: [GC (Allocation Failure) [PSYoungGen: 57664K->1376K(57856K)] 429581K->373293K(559616K), 0.0037326 secs] [Times: user=0.01 sys=0.00, real=0.01 secs] 
1653.636: [GC (Allocation Failure) [PSYoungGen: 57696K->1376K(58368K)] 429613K->373293K(560128K), 0.0041236 secs] [Times: user=0.02 sys=0.00, real=0.00 secs] 
1654.374: [GC (Allocation Failure) [PSYoungGen: 57696K->1344K(58368K)] 429613K->373261K(560128K), 0.0042326 secs] [Times: user=0.02 sys=0.00, real=0.00 secs] 
1655.290: [GC (Allocation Failure) [PSYoungGen: 57647K->1501K(58368K)] 429565K->373418K(560128K), 0.0024639 secs] [Times: user=0.01 sys=0.00, real=0.00 secs] 
1655.672: [GC (Allocation Failure) [PSYoungGen: 57821K->1600K(58368K)] 429738K->373533K(560128K), 0.0017697 secs] [Times: user=0.00 sys=0.00, real=0.01 secs] 
1656.002: [GC (Allocation Failure) [PSYoungGen: 57903K->1533K(58368K)] 429836K->373466K(560128K), 0.0016717 secs] [Times: user=0.00 sys=0.00, real=0.01 secs] 
1656.329: [GC (Allocation Failure) [PSYoungGen: 57853K->1565K(58368K)] 429786K->373498K(560128K), 0.0018117 secs] [Times: user=0.00 sys=0.00, real=0.00 secs] 
1656.727: [GC (Allocation Failure) [PSYoungGen: 57885K->1552K(58368K)] 429818K->373485K(560128K), 0.0016658 secs] [Times: user=0.01 sys=0.01, real=0.00 secs] 
1656.992: [GC (Allocation Failure) [PSYoungGen: 57872K->1408K(58368K)] 429805K->373341K(560128K), 0.0020324 secs] [Times: user=0.01 sys=0.00, real=0.01 secs] 
1657.284: [GC (Allocation Failure) [PSYoungGen: 57728K->1392K(58368K)] 429661K->373325K(560128K), 0.0019682 secs] [Times: user=0.01 sys=0.01, real=0.00 secs] 
1657.939: [GC (Allocation Failure) [PSYoungGen: 57712K->1376K(58368K)] 429645K->373309K(560128K), 0.0028407 secs] [Times: user=0.01 sys=0.00, real=0.00 secs] 
1658.661: [GC (Allocation Failure) [PSYoungGen: 57696K->1344K(58368K)] 429629K->373277K(560128K), 0.0033055 secs] [Times: user=0.01 sys=0.00, real=0.01 secs] 
1659.298: [GC (Allocation Failure) [PSYoungGen: 57664K->1408K(58368K)] 429597K->373341K(560128K), 0.0032651 secs] [Times: user=0.02 sys=0.00, real=0.00 secs] 
1659.815: [GC (Allocation Failure) [PSYoungGen: 57711K->1501K(58368K)] 429644K->373450K(560128K), 0.0016601 secs] [Times: user=0.01 sys=0.00, real=0.00 secs] 
1660.145: [GC (Allocation Failure) [PSYoungGen: 57821K->1581K(58368K)] 429770K->373530K(560128K), 0.0017712 secs] [Times: user=0.00 sys=0.00, real=0.00 secs] 
1660.480: [GC (Allocation Failure) [PSYoungGen: 57901K->1597K(58368K)] 429850K->373546K(560128K), 0.0017196 secs] [Times: user=0.01 sys=0.00, real=0.00 secs] 
1660.806: [GC (Allocation Failure) [PSYoungGen: 57917K->1613K(58368K)] 429866K->373562K(560128K), 0.0017093 secs] [Times: user=0.01 sys=0.00, real=0.00 secs] 
1661.146: [GC (Allocation Failure) [PSYoungGen: 57933K->1472K(58368K)] 429882K->373421K(560128K), 0.0020133 secs] [Times: user=0.01 sys=0.00, real=0.00 secs] 
1661.384: [GC (Allocation Failure) [PSYoungGen: 57792K->1440K(58368K)] 429741K->373413K(560128K), 0.0020102 secs] [Times: user=0.01 sys=0.00, real=0.00 secs] 
1661.618: [GC (Allocation Failure) [PSYoungGen: 57760K->1376K(58368K)] 429733K->373349K(560128K), 0.0020225 secs] [Times: user=0.01 sys=0.00, real=0.00 secs] 
1662.001: [GC (Allocation Failure) [PSYoungGen: 57696K->1408K(58368K)] 429669K->373381K(560128K), 0.0032954 secs] [Times: user=0.01 sys=0.00, real=0.01 secs] 
1662.538: [GC (Allocation Failure) [PSYoungGen: 57728K->1376K(58368K)] 429701K->373349K(560128K), 0.0029899 secs] [Times: user=0.02 sys=0.00, real=0.00 secs] 
1663.061: [GC (Allocation Failure) [PSYoungGen: 57681K->1533K(58368K)] 429654K->373506K(560128K), 0.0016234 secs] [Times: user=0.01 sys=0.00, real=0.00 secs] 
1663.390: [GC (Allocation Failure) [PSYoungGen: 57853K->1565K(58368K)] 429826K->373546K(560128K), 0.0017635 secs] [Times: user=0.01 sys=0.00, real=0.00 secs] 
1663.773: [GC (Allocation Failure) [PSYoungGen: 57885K->1533K(58368K)] 429866K->373514K(560128K), 0.0017849 secs] [Times: user=0.01 sys=0.00, real=0.01 secs] 
1664.160: [GC (Allocation Failure) [PSYoungGen: 57853K->1565K(58368K)] 429834K->373546K(560128K), 0.0017834 secs] [Times: user=0.01 sys=0.00, real=0.00 secs] 
1664.598: [GC (Allocation Failure) [PSYoungGen: 57885K->1952K(58368K)] 429866K->373933K(560128K), 0.0021777 secs] [Times: user=0.00 sys=0.00, real=0.00 secs] 
1665.008: [GC (Allocation Failure) [PSYoungGen: 58272K->1360K(58368K)] 430253K->373341K(560128K), 0.0024943 secs] [Times: user=0.01 sys=0.00, real=0.00 secs] 
1665.286: [GC (Allocation Failure) [PSYoungGen: 57680K->1376K(58368K)] 429661K->373357K(560128K), 0.0024336 secs] [Times: user=0.01 sys=0.00, real=0.00 secs] 
1665.619: [GC (Allocation Failure) [PSYoungGen: 57696K->1376K(58368K)] 429677K->373357K(560128K), 0.0021871 secs] [Times: user=0.00 sys=0.00, real=0.00 secs] 
1665.852: [GC (Allocation Failure) [PSYoungGen: 57696K->1360K(58368K)] 429677K->373341K(560128K), 0.0020386 secs] [Times: user=0.01 sys=0.00, real=0.01 secs] 
1666.151: [GC (Allocation Failure) [PSYoungGen: 57680K->1437K(58368K)] 429661K->373418K(560128K), 0.0016248 secs] [Times: user=0.00 sys=0.00, real=0.01 secs] 
1666.483: [GC (Allocation Failure) [PSYoungGen: 57757K->1565K(58368K)] 429738K->373562K(560128K), 0.0017145 secs] [Times: user=0.01 sys=0.00, real=0.00 secs] 
1666.816: [GC (Allocation Failure) [PSYoungGen: 57885K->1533K(58368K)] 429882K->373530K(560128K), 0.0014797 secs] [Times: user=0.01 sys=0.00, real=0.00 secs] 
1667.203: [GC (Allocation Failure) [PSYoungGen: 57849K->1565K(58368K)] 429846K->373562K(560128K), 0.0017293 secs] [Times: user=0.01 sys=0.00, real=0.01 secs] 
1667.533: [GC (Allocation Failure) [PSYoungGen: 57885K->1629K(58368K)] 429882K->373626K(560128K), 0.0017797 secs] [Times: user=0.01 sys=0.00, real=0.01 secs] 
1668.369: [GC (Allocation Failure) [PSYoungGen: 57949K->1456K(58368K)] 429946K->373453K(560128K), 0.0042593 secs] [Times: user=0.02 sys=0.00, real=0.01 secs] 
1668.972: [GC (Allocation Failure) [PSYoungGen: 57776K->1408K(58368K)] 429773K->373405K(560128K), 0.0025858 secs] [Times: user=0.01 sys=0.00, real=0.01 secs] 
1669.363: [GC (Allocation Failure) [PSYoungGen: 57728K->1376K(58368K)] 429725K->373373K(560128K), 0.0024461 secs] [Times: user=0.01 sys=0.00, real=0.00 secs] 
1669.764: [GC (Allocation Failure) [PSYoungGen: 57696K->1408K(58368K)] 429693K->373405K(560128K), 0.0022609 secs] [Times: user=0.01 sys=0.00, real=0.00 secs] 
1670.176: [GC (Allocation Failure) [PSYoungGen: 57728K->1408K(58368K)] 429725K->373405K(560128K), 0.0029082 secs] [Times: user=0.01 sys=0.00, real=0.00 secs] 
1670.785: [GC (Allocation Failure) [PSYoungGen: 57718K->1565K(58368K)] 429715K->373570K(560128K), 0.0018453 secs] [Times: user=0.00 sys=0.00, real=0.00 secs] 
1671.168: [GC (Allocation Failure) [PSYoungGen: 57885K->1565K(58368K)] 429890K->373586K(560128K), 0.0017797 secs] [Times: user=0.01 sys=0.00, real=0.00 secs] 
1671.499: [GC (Allocation Failure) [PSYoungGen: 57885K->1581K(58368K)] 429906K->373602K(560128K), 0.0017711 secs] [Times: user=0.00 sys=0.00, real=0.00 secs] 
1671.884: [GC (Allocation Failure) [PSYoungGen: 57901K->1533K(58368K)] 429922K->373554K(560128K), 0.0017469 secs] [Times: user=0.01 sys=0.00, real=0.00 secs] 
1672.388: [GC (Allocation Failure) [PSYoungGen: 57853K->1504K(58368K)] 429874K->373525K(560128K), 0.0036896 secs] [Times: user=0.02 sys=0.00, real=0.00 secs] 
1672.676: [GC (Allocation Failure) [PSYoungGen: 57824K->1408K(58368K)] 429845K->373429K(560128K), 0.0023121 secs] [Times: user=0.01 sys=0.00, real=0.00 secs] 
1672.919: [GC (Allocation Failure) [PSYoungGen: 57728K->1376K(58368K)] 429749K->373397K(560128K), 0.0021261 secs] [Times: user=0.01 sys=0.00, real=0.00 secs] 
1673.204: [GC (Allocation Failure) [PSYoungGen: 57696K->1376K(58368K)] 429717K->373397K(560128K), 0.0019835 secs] [Times: user=0.01 sys=0.00, real=0.00 secs] 
1673.582: [GC (Allocation Failure) [PSYoungGen: 57696K->1344K(58368K)] 429717K->373365K(560128K), 0.0019632 secs] [Times: user=0.01 sys=0.00, real=0.01 secs] 
1673.949: [GC (Allocation Failure) [PSYoungGen: 57635K->1517K(58368K)] 429656K->373538K(560128K), 0.0016445 secs] [Times: user=0.01 sys=0.00, real=0.00 secs] 
1674.277: [GC (Allocation Failure) [PSYoungGen: 57837K->1552K(58368K)] 429858K->373589K(560128K), 0.0017151 secs] [Times: user=0.01 sys=0.00, real=0.00 secs] 
1674.606: [GC (Allocation Failure) [PSYoungGen: 57857K->1568K(58368K)] 429894K->373605K(560128K), 0.0016847 secs] [Times: user=0.01 sys=0.00, real=0.00 secs] 
1674.936: [GC (Allocation Failure) [PSYoungGen: 57883K->1581K(58368K)] 429920K->373618K(560128K), 0.0017341 secs] [Times: user=0.00 sys=0.00, real=0.00 secs] 
1676.310: [GC (Allocation Failure) [PSYoungGen: 57901K->1456K(58368K)] 429938K->373493K(560128K), 0.0044946 secs] [Times: user=0.02 sys=0.00, real=0.01 secs] 
1677.187: [GC (Allocation Failure) [PSYoungGen: 57776K->1408K(58368K)] 429813K->373445K(560128K), 0.0090533 secs] [Times: user=0.04 sys=0.00, real=0.01 secs] 
1677.551: [GC (Allocation Failure) [PSYoungGen: 57728K->1408K(58368K)] 429765K->373445K(560128K), 0.0022394 secs] [Times: user=0.01 sys=0.00, real=0.01 secs] 
1678.045: [GC (Allocation Failure) [PSYoungGen: 57728K->1376K(58368K)] 429765K->373413K(560128K), 0.0024597 secs] [Times: user=0.02 sys=0.00, real=0.00 secs] 
1678.568: [GC (Allocation Failure) [PSYoungGen: 57696K->1376K(58368K)] 429733K->373413K(560128K), 0.0023463 secs] [Times: user=0.01 sys=0.00, real=0.00 secs] 
1679.322: [GC (Allocation Failure) [PSYoungGen: 57696K->1501K(58368K)] 429733K->373538K(560128K), 0.0021335 secs] [Times: user=0.01 sys=0.00, real=0.01 secs] 
1679.672: [GC (Allocation Failure) [PSYoungGen: 57792K->1536K(58368K)] 429829K->373581K(560128K), 0.0016632 secs] [Times: user=0.01 sys=0.00, real=0.01 secs] 
1679.999: [GC (Allocation Failure) [PSYoungGen: 57856K->1565K(58368K)] 429901K->373610K(560128K), 0.0017133 secs] [Times: user=0.00 sys=0.00, real=0.00 secs] 
1680.329: [GC (Allocation Failure) [PSYoungGen: 57885K->1536K(58368K)] 429930K->373581K(560128K), 0.0016635 secs] [Times: user=0.01 sys=0.00, real=0.00 secs] 
1680.658: [GC (Allocation Failure) [PSYoungGen: 57856K->1581K(58368K)] 429901K->373626K(560128K), 0.0017032 secs] [Times: user=0.01 sys=0.00, real=0.00 secs] 
1681.277: [GC (Allocation Failure) [PSYoungGen: 57901K->1376K(58368K)] 429946K->373421K(560128K), 0.0021625 secs] [Times: user=0.01 sys=0.00, real=0.00 secs] 
1682.158: [GC (Allocation Failure) [PSYoungGen: 57696K->1376K(58368K)] 429741K->373421K(560128K), 0.0023131 secs] [Times: user=0.01 sys=0.00, real=0.00 secs] 
1682.766: [GC (Allocation Failure) [PSYoungGen: 57696K->1376K(58368K)] 429741K->373421K(560128K), 0.0022128 secs] [Times: user=0.01 sys=0.00, real=0.00 secs] 
1683.195: [GC (Allocation Failure) [PSYoungGen: 57696K->1408K(58368K)] 429741K->373453K(560128K), 0.0023358 secs] [Times: user=0.01 sys=0.00, real=0.00 secs] 
1683.786: [GC (Allocation Failure) [PSYoungGen: 57728K->1376K(58368K)] 429773K->373437K(560128K), 0.0020960 secs] [Times: user=0.01 sys=0.00, real=0.00 secs] 
1684.347: [GC (Allocation Failure) [PSYoungGen: 57685K->1501K(58368K)] 429746K->373570K(560128K), 0.0018154 secs] [Times: user=0.01 sys=0.00, real=0.00 secs] 
1684.675: [GC (Allocation Failure) [PSYoungGen: 57821K->1549K(58368K)] 429890K->373618K(560128K), 0.0017968 secs] [Times: user=0.00 sys=0.00, real=0.00 secs] 
1685.063: [GC (Allocation Failure) [PSYoungGen: 57869K->1565K(58368K)] 429938K->373634K(560128K), 0.0017717 secs] [Times: user=0.00 sys=0.00, real=0.01 secs] 
1685.396: [GC (Allocation Failure) [PSYoungGen: 57879K->1533K(58368K)] 429948K->373602K(560128K), 0.0016821 secs] [Times: user=0.01 sys=0.00, real=0.00 secs] 
1685.900: [GC (Allocation Failure) [PSYoungGen: 57853K->1440K(58368K)] 429922K->373509K(560128K), 0.0031611 secs] [Times: user=0.01 sys=0.00, real=0.01 secs] 
1686.136: [GC (Allocation Failure) [PSYoungGen: 57760K->1376K(58368K)] 429829K->373445K(560128K), 0.0020293 secs] [Times: user=0.01 sys=0.00, real=0.00 secs] 
1686.397: [GC (Allocation Failure) [PSYoungGen: 57696K->1408K(58368K)] 429765K->373477K(560128K), 0.0021230 secs] [Times: user=0.01 sys=0.00, real=0.00 secs] 
1686.652: [GC (Allocation Failure) [PSYoungGen: 57728K->1376K(58368K)] 429797K->373445K(560128K), 0.0021222 secs] [Times: user=0.01 sys=0.00, real=0.01 secs] 
1686.926: [GC (Allocation Failure) [PSYoungGen: 57696K->1408K(58368K)] 429765K->373477K(560128K), 0.0021973 secs] [Times: user=0.01 sys=0.00, real=0.00 secs] 
1687.280: [GC (Allocation Failure) [PSYoungGen: 57717K->1533K(58368K)] 429786K->373602K(560128K), 0.0015958 secs] [Times: user=0.01 sys=0.00, real=0.00 secs] 
1687.618: [GC (Allocation Failure) [PSYoungGen: 57853K->1597K(58368K)] 429922K->373674K(560128K), 0.0016618 secs] [Times: user=0.00 sys=0.00, real=0.00 secs] 
1687.948: [GC (Allocation Failure) [PSYoungGen: 57917K->1597K(58368K)] 429994K->373674K(560128K), 0.0016663 secs] [Times: user=0.01 sys=0.00, real=0.00 secs] 
1688.338: [GC (Allocation Failure) [PSYoungGen: 57917K->1565K(58368K)] 429994K->373642K(560128K), 0.0019512 secs] [Times: user=0.01 sys=0.00, real=0.00 secs] 
1688.721: [GC (Allocation Failure) [PSYoungGen: 57885K->1424K(58368K)] 429962K->373501K(560128K), 0.0020478 secs] [Times: user=0.01 sys=0.00, real=0.00 secs] 
1688.955: [GC (Allocation Failure) [PSYoungGen: 57744K->1376K(58368K)] 429821K->373453K(560128K), 0.0022313 secs] [Times: user=0.01 sys=0.00, real=0.00 secs] 
1689.251: [GC (Allocation Failure) [PSYoungGen: 57696K->1408K(58368K)] 429773K->373485K(560128K), 0.0020063 secs] [Times: user=0.01 sys=0.00, real=0.00 secs] 
1689.485: [GC (Allocation Failure) [PSYoungGen: 57728K->1408K(58368K)] 429805K->373485K(560128K), 0.0021451 secs] [Times: user=0.01 sys=0.00, real=0.00 secs] 
1689.721: [GC (Allocation Failure) [PSYoungGen: 57728K->1408K(58368K)] 429805K->373501K(560128K), 0.0020243 secs] [Times: user=0.01 sys=0.00, real=0.00 secs] 
1690.040: [GC (Allocation Failure) [PSYoungGen: 57705K->1437K(58368K)] 429798K->373530K(560128K), 0.0015557 secs] [Times: user=0.00 sys=0.00, real=0.00 secs] 
1690.372: [GC (Allocation Failure) [PSYoungGen: 57757K->1549K(58368K)] 429850K->373658K(560128K), 0.0017088 secs] [Times: user=0.01 sys=0.00, real=0.01 secs] 
1690.705: [GC (Allocation Failure) [PSYoungGen: 57846K->1533K(58368K)] 429956K->373642K(560128K), 0.0017024 secs] [Times: user=0.01 sys=0.00, real=0.00 secs] 
1691.033: [GC (Allocation Failure) [PSYoungGen: 57853K->1565K(58368K)] 429962K->373674K(560128K), 0.0017581 secs] [Times: user=0.01 sys=0.00, real=0.00 secs] 
1691.361: [GC (Allocation Failure) [PSYoungGen: 57885K->1552K(58368K)] 429994K->373661K(560128K), 0.0016980 secs] [Times: user=0.00 sys=0.00, real=0.00 secs] 
1691.652: [GC (Allocation Failure) [PSYoungGen: 57872K->1376K(58368K)] 429981K->373493K(560128K), 0.0018420 secs] [Times: user=0.00 sys=0.00, real=0.01 secs] 
1691.927: [GC (Allocation Failure) [PSYoungGen: 57696K->1376K(58368K)] 429813K->373493K(560128K), 0.0020256 secs] [Times: user=0.01 sys=0.00, real=0.00 secs] 
1692.177: [GC (Allocation Failure) [PSYoungGen: 57696K->1376K(58368K)] 429813K->373493K(560128K), 0.0020251 secs] [Times: user=0.01 sys=0.00, real=0.00 secs] 
1692.447: [GC (Allocation Failure) [PSYoungGen: 57696K->1360K(58368K)] 429813K->373477K(560128K), 0.0028076 secs] [Times: user=0.01 sys=0.00, real=0.00 secs] 
1692.687: [GC (Allocation Failure) [PSYoungGen: 57680K->1392K(58368K)] 429797K->373509K(560128K), 0.0023894 secs] [Times: user=0.01 sys=0.00, real=0.00 secs] 
1693.108: [GC (Allocation Failure) [PSYoungGen: 57692K->1517K(58368K)] 429809K->373650K(560128K), 0.0016971 secs] [Times: user=0.00 sys=0.00, real=0.00 secs] 
1693.435: [GC (Allocation Failure) [PSYoungGen: 57837K->1597K(58368K)] 429970K->373730K(560128K), 0.0017022 secs] [Times: user=0.00 sys=0.00, real=0.00 secs] 
1693.764: [GC (Allocation Failure) [PSYoungGen: 57917K->1533K(58368K)] 430050K->373674K(560128K), 0.0016411 secs] [Times: user=0.01 sys=0.00, real=0.00 secs] 
1694.093: [GC (Allocation Failure) [PSYoungGen: 57853K->1568K(58368K)] 429994K->373717K(560128K), 0.0016373 secs] [Times: user=0.00 sys=0.00, real=0.00 secs] 
1694.391: [GC (Allocation Failure) [PSYoungGen: 57888K->1376K(58368K)] 430037K->373525K(560128K), 0.0017056 secs] [Times: user=0.01 sys=0.00, real=0.00 secs] 
1694.639: [GC (Allocation Failure) [PSYoungGen: 57696K->1376K(58368K)] 429845K->373525K(560128K), 0.0016208 secs] [Times: user=0.00 sys=0.00, real=0.00 secs] 
1695.127: [GC (Allocation Failure) [PSYoungGen: 57696K->1408K(58368K)] 429845K->373557K(560128K), 0.0020973 secs] [Times: user=0.01 sys=0.00, real=0.00 secs] 
1695.723: [GC (Allocation Failure) [PSYoungGen: 57728K->1376K(58368K)] 429877K->373525K(560128K), 0.0022914 secs] [Times: user=0.01 sys=0.00, real=0.00 secs] 
1696.495: [GC (Allocation Failure) [PSYoungGen: 57696K->1408K(58368K)] 429845K->373557K(560128K), 0.0025177 secs] [Times: user=0.01 sys=0.00, real=0.00 secs] 
1697.170: [GC (Allocation Failure) [PSYoungGen: 57710K->1501K(58368K)] 429859K->373650K(560128K), 0.0017564 secs] [Times: user=0.00 sys=0.01, real=0.00 secs] 
1697.498: [GC (Allocation Failure) [PSYoungGen: 57821K->1533K(58368K)] 429970K->373690K(560128K), 0.0017949 secs] [Times: user=0.00 sys=0.00, real=0.00 secs] 
1697.900: [GC (Allocation Failure) [PSYoungGen: 57844K->1597K(58368K)] 430001K->373754K(560128K), 0.0017087 secs] [Times: user=0.01 sys=0.00, real=0.00 secs] 
1698.231: [GC (Allocation Failure) [PSYoungGen: 57917K->1565K(58368K)] 430074K->373722K(560128K), 0.0017622 secs] [Times: user=0.01 sys=0.00, real=0.00 secs] 
1699.164: [GC (Allocation Failure) [PSYoungGen: 57885K->1504K(58368K)] 430042K->373661K(560128K), 0.0030015 secs] [Times: user=0.01 sys=0.00, real=0.00 secs] 
1699.414: [GC (Allocation Failure) [PSYoungGen: 57824K->1392K(58368K)] 429981K->373549K(560128K), 0.0021619 secs] [Times: user=0.01 sys=0.00, real=0.00 secs] 
1699.649: [GC (Allocation Failure) [PSYoungGen: 57712K->1408K(58368K)] 429869K->373565K(560128K), 0.0020063 secs] [Times: user=0.01 sys=0.00, real=0.00 secs] 
1699.883: [GC (Allocation Failure) [PSYoungGen: 57728K->1392K(58368K)] 429885K->373549K(560128K), 0.0021461 secs] [Times: user=0.01 sys=0.00, real=0.01 secs] 
1700.116: [GC (Allocation Failure) [PSYoungGen: 57712K->1376K(58368K)] 429869K->373533K(560128K), 0.0020090 secs] [Times: user=0.01 sys=0.00, real=0.00 secs] 
1700.427: [GC (Allocation Failure) [PSYoungGen: 57668K->1469K(58368K)] 429825K->373626K(560128K), 0.0021082 secs] [Times: user=0.01 sys=0.00, real=0.00 secs] 
1700.813: [GC (Allocation Failure) [PSYoungGen: 57789K->1533K(58368K)] 429946K->373706K(560128K), 0.0017961 secs] [Times: user=0.01 sys=0.00, real=0.01 secs] 
1701.142: [GC (Allocation Failure) [PSYoungGen: 57826K->1597K(58368K)] 429999K->373770K(560128K), 0.0018087 secs] [Times: user=0.01 sys=0.00, real=0.01 secs] 
1701.471: [GC (Allocation Failure) [PSYoungGen: 57917K->1517K(58368K)] 430090K->373722K(560128K), 0.0016288 secs] [Times: user=0.01 sys=0.00, real=0.00 secs] 
1701.799: [GC (Allocation Failure) [PSYoungGen: 57837K->1565K(58368K)] 430042K->373770K(560128K), 0.0017129 secs] [Times: user=0.01 sys=0.00, real=0.00 secs] 
1702.637: [GC (Allocation Failure) [PSYoungGen: 57885K->1376K(58368K)] 430090K->373581K(560128K), 0.0040253 secs] [Times: user=0.02 sys=0.01, real=0.00 secs] 
1703.216: [GC (Allocation Failure) [PSYoungGen: 57696K->1376K(58368K)] 429901K->373581K(560128K), 0.0034441 secs] [Times: user=0.02 sys=0.00, real=0.00 secs] 
1703.692: [GC (Allocation Failure) [PSYoungGen: 57696K->1344K(58368K)] 429901K->373549K(560128K), 0.0023641 secs] [Times: user=0.01 sys=0.00, real=0.01 secs] 
1703.927: [GC (Allocation Failure) [PSYoungGen: 57664K->1408K(58368K)] 429869K->373613K(560128K), 0.0018854 secs] [Times: user=0.01 sys=0.00, real=0.00 secs] 
1704.213: [GC (Allocation Failure) [PSYoungGen: 57728K->1344K(58368K)] 429933K->373549K(560128K), 0.0022710 secs] [Times: user=0.01 sys=0.00, real=0.01 secs] 
1704.625: [GC (Allocation Failure) [PSYoungGen: 57640K->1517K(58368K)] 429845K->373730K(560128K), 0.0016063 secs] [Times: user=0.01 sys=0.00, real=0.00 secs] 
1704.952: [GC (Allocation Failure) [PSYoungGen: 57837K->1597K(58368K)] 430050K->373810K(560128K), 0.0017466 secs] [Times: user=0.01 sys=0.00, real=0.01 secs] 
1705.281: [GC (Allocation Failure) [PSYoungGen: 57917K->1597K(58368K)] 430130K->373810K(560128K), 0.0017215 secs] [Times: user=0.01 sys=0.00, real=0.00 secs] 
1705.613: [GC (Allocation Failure) [PSYoungGen: 57917K->1565K(58368K)] 430130K->373778K(560128K), 0.0016344 secs] [Times: user=0.01 sys=0.00, real=0.00 secs] 
1706.291: [GC (Allocation Failure) [PSYoungGen: 57885K->1440K(58368K)] 430098K->373653K(560128K), 0.0020991 secs] [Times: user=0.01 sys=0.00, real=0.00 secs] 
1706.843: [GC (Allocation Failure) [PSYoungGen: 57760K->1376K(58368K)] 429973K->373589K(560128K), 0.0039424 secs] [Times: user=0.01 sys=0.00, real=0.00 secs] 
1707.359: [GC (Allocation Failure) [PSYoungGen: 57696K->1408K(58368K)] 429909K->373621K(560128K), 0.0033739 secs] [Times: user=0.02 sys=0.00, real=0.00 secs] 
1707.870: [GC (Allocation Failure) [PSYoungGen: 57728K->1344K(58368K)] 429941K->373557K(560128K), 0.0034877 secs] [Times: user=0.01 sys=0.00, real=0.01 secs] 
1708.237: [GC (Allocation Failure) [PSYoungGen: 57664K->1376K(58368K)] 429877K->373589K(560128K), 0.0023236 secs] [Times: user=0.01 sys=0.00, real=0.00 secs] 
1708.748: [GC (Allocation Failure) [PSYoungGen: 57690K->1469K(58368K)] 429903K->373682K(560128K), 0.0016278 secs] [Times: user=0.01 sys=0.00, real=0.00 secs] 
1709.075: [GC (Allocation Failure) [PSYoungGen: 57789K->1549K(58368K)] 430002K->373786K(560128K), 0.0017099 secs] [Times: user=0.00 sys=0.00, real=0.00 secs] 
1709.404: [GC (Allocation Failure) [PSYoungGen: 57856K->1533K(58368K)] 430094K->373770K(560128K), 0.0017287 secs] [Times: user=0.01 sys=0.00, real=0.00 secs] 
1709.738: [GC (Allocation Failure) [PSYoungGen: 57853K->1581K(58368K)] 430090K->373818K(560128K), 0.0017443 secs] [Times: user=0.01 sys=0.00, real=0.00 secs] 
1710.167: [GC (Allocation Failure) [PSYoungGen: 57901K->1472K(58368K)] 430138K->373709K(560128K), 0.0025332 secs] [Times: user=0.01 sys=0.00, real=0.00 secs] 
1710.769: [GC (Allocation Failure) [PSYoungGen: 57792K->1376K(58368K)] 430029K->373613K(560128K), 0.0042221 secs] [Times: user=0.02 sys=0.00, real=0.00 secs] 
1711.451: [GC (Allocation Failure) [PSYoungGen: 57696K->1376K(58368K)] 429933K->373613K(560128K), 0.0041407 secs] [Times: user=0.02 sys=0.00, real=0.01 secs] 
1711.930: [GC (Allocation Failure) [PSYoungGen: 57696K->1376K(58368K)] 429933K->373629K(560128K), 0.0033263 secs] [Times: user=0.01 sys=0.01, real=0.01 secs] 
1712.419: [GC (Allocation Failure) [PSYoungGen: 57696K->1344K(58368K)] 429949K->373597K(560128K), 0.0032638 secs] [Times: user=0.02 sys=0.00, real=0.00 secs] 
1712.926: [GC (Allocation Failure) [PSYoungGen: 57640K->1453K(58368K)] 429893K->373706K(560128K), 0.0017173 secs] [Times: user=0.00 sys=0.00, real=0.00 secs] 
1713.317: [GC (Allocation Failure) [PSYoungGen: 57773K->1600K(58368K)] 430026K->373861K(560128K), 0.0017364 secs] [Times: user=0.01 sys=0.00, real=0.00 secs] 
1713.646: [GC (Allocation Failure) [PSYoungGen: 57892K->1549K(58368K)] 430154K->373810K(560128K), 0.0017753 secs] [Times: user=0.00 sys=0.00, real=0.00 secs] 
1713.975: [GC (Allocation Failure) [PSYoungGen: 57869K->1533K(58368K)] 430130K->373794K(560128K), 0.0017910 secs] [Times: user=0.01 sys=0.00, real=0.00 secs] 
1714.303: [GC (Allocation Failure) [PSYoungGen: 57853K->1565K(58368K)] 430114K->373826K(560128K), 0.0018068 secs] [Times: user=0.01 sys=0.00, real=0.00 secs] 
1715.314: [GC (Allocation Failure) [PSYoungGen: 57885K->1440K(58368K)] 430146K->373701K(560128K), 0.0043029 secs] [Times: user=0.02 sys=0.00, real=0.00 secs] 
1715.969: [GC (Allocation Failure) [PSYoungGen: 57760K->1408K(58368K)] 430021K->373669K(560128K), 0.0033115 secs] [Times: user=0.01 sys=0.00, real=0.00 secs] 
1716.207: [GC (Allocation Failure) [PSYoungGen: 57728K->1392K(58368K)] 429989K->373653K(560128K), 0.0025528 secs] [Times: user=0.01 sys=0.00, real=0.00 secs] 
1716.464: [GC (Allocation Failure) [PSYoungGen: 57712K->1344K(58368K)] 429973K->373605K(560128K), 0.0021632 secs] [Times: user=0.01 sys=0.00, real=0.00 secs] 
1716.736: [GC (Allocation Failure) [PSYoungGen: 57664K->1408K(58368K)] 429925K->373669K(560128K), 0.0019541 secs] [Times: user=0.01 sys=0.00, real=0.00 secs] 
1717.127: [GC (Allocation Failure) [PSYoungGen: 57697K->1568K(58368K)] 429958K->373837K(560128K), 0.0016027 secs] [Times: user=0.00 sys=0.00, real=0.00 secs] 
1717.455: [GC (Allocation Failure) [PSYoungGen: 57888K->1565K(58368K)] 430157K->373834K(560128K), 0.0017342 secs] [Times: user=0.01 sys=0.00, real=0.00 secs] 
1717.784: [GC (Allocation Failure) [PSYoungGen: 57885K->1533K(58368K)] 430154K->373802K(560128K), 0.0017035 secs] [Times: user=0.00 sys=0.00, real=0.00 secs] 
1718.118: [GC (Allocation Failure) [PSYoungGen: 57853K->1536K(58368K)] 430122K->373805K(560128K), 0.0016087 secs] [Times: user=0.00 sys=0.00, real=0.00 secs] 
1719.460: [GC (Allocation Failure) [PSYoungGen: 57856K->1456K(58368K)] 430125K->373725K(560128K), 0.0026779 secs] [Times: user=0.01 sys=0.00, real=0.00 secs] 
1719.986: [GC (Allocation Failure) [PSYoungGen: 57776K->1344K(58368K)] 430045K->373613K(560128K), 0.0024826 secs] [Times: user=0.01 sys=0.00, real=0.00 secs] 
1720.226: [GC (Allocation Failure) [PSYoungGen: 57664K->1376K(58368K)] 429933K->373645K(560128K), 0.0020702 secs] [Times: user=0.01 sys=0.00, real=0.00 secs] 
1720.460: [GC (Allocation Failure) [PSYoungGen: 57696K->1344K(58368K)] 429965K->373613K(560128K), 0.0028957 secs] [Times: user=0.01 sys=0.00, real=0.01 secs] 
1720.737: [GC (Allocation Failure) [PSYoungGen: 57664K->1408K(58368K)] 429933K->373677K(560128K), 0.0022015 secs] [Times: user=0.01 sys=0.00, real=0.00 secs] 
1721.154: [GC (Allocation Failure) [PSYoungGen: 57705K->1533K(58368K)] 429974K->373802K(560128K), 0.0017334 secs] [Times: user=0.00 sys=0.00, real=0.00 secs] 
1721.484: [GC (Allocation Failure) [PSYoungGen: 57853K->1565K(58368K)] 430122K->373858K(560128K), 0.0017705 secs] [Times: user=0.00 sys=0.00, real=0.00 secs] 
1721.814: [GC (Allocation Failure) [PSYoungGen: 57871K->1549K(58368K)] 430165K->373842K(560128K), 0.0017480 secs] [Times: user=0.00 sys=0.00, real=0.00 secs] 
1722.142: [GC (Allocation Failure) [PSYoungGen: 57860K->1520K(58368K)] 430153K->373813K(560128K), 0.0016808 secs] [Times: user=0.01 sys=0.00, real=0.01 secs] 
1722.481: [GC (Allocation Failure) [PSYoungGen: 57840K->1456K(58368K)] 430133K->373749K(560128K), 0.0018718 secs] [Times: user=0.01 sys=0.00, real=0.01 secs] 
1722.777: [GC (Allocation Failure) [PSYoungGen: 57776K->1440K(58368K)] 430069K->373733K(560128K), 0.0021622 secs] [Times: user=0.01 sys=0.00, real=0.00 secs] 
1723.076: [GC (Allocation Failure) [PSYoungGen: 57760K->1408K(58368K)] 430053K->373701K(560128K), 0.0020846 secs] [Times: user=0.01 sys=0.00, real=0.00 secs] 
1723.311: [GC (Allocation Failure) [PSYoungGen: 57728K->1344K(58368K)] 430021K->373637K(560128K), 0.0024504 secs] [Times: user=0.01 sys=0.00, real=0.01 secs] 
1723.546: [GC (Allocation Failure) [PSYoungGen: 57664K->1408K(58368K)] 429957K->373701K(560128K), 0.0022818 secs] [Times: user=0.01 sys=0.00, real=0.00 secs] 
1723.869: [GC (Allocation Failure) [PSYoungGen: 57715K->1437K(58368K)] 430008K->373730K(560128K), 0.0015863 secs] [Times: user=0.01 sys=0.00, real=0.00 secs] 
1724.198: [GC (Allocation Failure) [PSYoungGen: 57757K->1533K(58368K)] 430050K->373834K(560128K), 0.0016349 secs] [Times: user=0.00 sys=0.00, real=0.00 secs] 
1724.588: [GC (Allocation Failure) [PSYoungGen: 57850K->1565K(58368K)] 430152K->373866K(560128K), 0.0017769 secs] [Times: user=0.00 sys=0.00, real=0.00 secs] 
1724.974: [GC (Allocation Failure) [PSYoungGen: 57884K->1613K(58368K)] 430185K->373914K(560128K), 0.0018169 secs] [Times: user=0.01 sys=0.00, real=0.00 secs] 
1725.358: [GC (Allocation Failure) [PSYoungGen: 57496K->320K(58368K)] 429797K->372621K(560128K), 0.0015924 secs] [Times: user=0.01 sys=0.01, real=0.00 secs] 
1725.625: [GC (Allocation Failure) [PSYoungGen: 56640K->1376K(58368K)] 428941K->373677K(560128K), 0.0024079 secs] [Times: user=0.01 sys=0.00, real=0.00 secs] 
1725.891: [GC (Allocation Failure) [PSYoungGen: 57696K->1408K(58368K)] 429997K->373717K(560128K), 0.0022045 secs] [Times: user=0.01 sys=0.00, real=0.00 secs] 
1726.125: [GC (Allocation Failure) [PSYoungGen: 57728K->1408K(58368K)] 430037K->373717K(560128K), 0.0018926 secs] [Times: user=0.01 sys=0.00, real=0.00 secs] 
1726.370: [GC (Allocation Failure) [PSYoungGen: 57728K->1392K(58368K)] 430037K->373701K(560128K), 0.0025451 secs] [Times: user=0.01 sys=0.00, real=0.00 secs] 
1726.805: [GC (Allocation Failure) [PSYoungGen: 57700K->1469K(58368K)] 430009K->373778K(560128K), 0.0020088 secs] [Times: user=0.01 sys=0.00, real=0.00 secs] 
1727.170: [GC (Allocation Failure) [PSYoungGen: 57789K->1600K(58368K)] 430098K->373917K(560128K), 0.0017189 secs] [Times: user=0.01 sys=0.00, real=0.00 secs] 
1727.500: [GC (Allocation Failure) [PSYoungGen: 57900K->1549K(58368K)] 430217K->373866K(560128K), 0.0017976 secs] [Times: user=0.01 sys=0.00, real=0.00 secs] 
1727.828: [GC (Allocation Failure) [PSYoungGen: 57869K->1597K(58368K)] 430186K->373914K(560128K), 0.0017007 secs] [Times: user=0.01 sys=0.00, real=0.00 secs] 
1728.158: [GC (Allocation Failure) [PSYoungGen: 57917K->1549K(58368K)] 430234K->373866K(560128K), 0.0016955 secs] [Times: user=0.01 sys=0.00, real=0.00 secs] 
1728.642: [GC (Allocation Failure) [PSYoungGen: 57869K->1440K(58368K)] 430186K->373757K(560128K), 0.0020962 secs] [Times: user=0.01 sys=0.00, real=0.01 secs] 
1729.131: [GC (Allocation Failure) [PSYoungGen: 57760K->1376K(58368K)] 430077K->373693K(560128K), 0.0023181 secs] [Times: user=0.00 sys=0.01, real=0.01 secs] 
1729.625: [GC (Allocation Failure) [PSYoungGen: 57696K->1408K(58368K)] 430013K->373725K(560128K), 0.0023523 secs] [Times: user=0.01 sys=0.00, real=0.00 secs] 
1730.155: [GC (Allocation Failure) [PSYoungGen: 57728K->1376K(58368K)] 430045K->373693K(560128K), 0.0022396 secs] [Times: user=0.01 sys=0.00, real=0.00 secs] 
1730.636: [GC (Allocation Failure) [PSYoungGen: 57696K->1344K(58368K)] 430013K->373677K(560128K), 0.0022521 secs] [Times: user=0.01 sys=0.00, real=0.00 secs] 
1731.057: [GC (Allocation Failure) [PSYoungGen: 57657K->1565K(58368K)] 429990K->373906K(560128K), 0.0015998 secs] [Times: user=0.01 sys=0.00, real=0.00 secs] 
1731.385: [GC (Allocation Failure) [PSYoungGen: 57885K->1533K(58368K)] 430226K->373882K(560128K), 0.0016830 secs] [Times: user=0.01 sys=0.00, real=0.00 secs] 
1731.713: [GC (Allocation Failure) [PSYoungGen: 57848K->1533K(58368K)] 430197K->373882K(560128K), 0.0016415 secs] [Times: user=0.01 sys=0.00, real=0.00 secs] 
1732.042: [GC (Allocation Failure) [PSYoungGen: 57853K->1536K(58368K)] 430202K->373885K(560128K), 0.0016912 secs] [Times: user=0.01 sys=0.00, real=0.01 secs] 
1732.433: [GC (Allocation Failure) [PSYoungGen: 57856K->1472K(58368K)] 430205K->373821K(560128K), 0.0019399 secs] [Times: user=0.01 sys=0.00, real=0.00 secs] 
1732.897: [GC (Allocation Failure) [PSYoungGen: 57792K->1408K(58368K)] 430141K->373757K(560128K), 0.0019477 secs] [Times: user=0.01 sys=0.00, real=0.00 secs] 
1733.132: [GC (Allocation Failure) [PSYoungGen: 57728K->1344K(58368K)] 430077K->373693K(560128K), 0.0019429 secs] [Times: user=0.01 sys=0.00, real=0.01 secs] 
1733.366: [GC (Allocation Failure) [PSYoungGen: 57664K->1376K(58368K)] 430013K->373725K(560128K), 0.0018723 secs] [Times: user=0.01 sys=0.00, real=0.00 secs] 
1733.601: [GC (Allocation Failure) [PSYoungGen: 57696K->1376K(58368K)] 430045K->373725K(560128K), 0.0019653 secs] [Times: user=0.01 sys=0.00, real=0.01 secs] 
1733.942: [GC (Allocation Failure) [PSYoungGen: 57696K->1485K(58368K)] 430045K->373834K(560128K), 0.0022774 secs] [Times: user=0.01 sys=0.00, real=0.01 secs] 
1734.316: [GC (Allocation Failure) [PSYoungGen: 57780K->1565K(58368K)] 430129K->373930K(560128K), 0.0017798 secs] [Times: user=0.01 sys=0.00, real=0.00 secs] 
1734.642: [GC (Allocation Failure) [PSYoungGen: 57885K->1533K(58368K)] 430250K->373898K(560128K), 0.0018025 secs] [Times: user=0.01 sys=0.00, real=0.01 secs] 
1734.971: [GC (Allocation Failure) [PSYoungGen: 57853K->1565K(58368K)] 430218K->373930K(560128K), 0.0017086 secs] [Times: user=0.01 sys=0.00, real=0.00 secs] 
1735.294: [GC (Allocation Failure) [PSYoungGen: 57693K->256K(58368K)] 430059K->372621K(560128K), 0.0016200 secs] [Times: user=0.01 sys=0.01, real=0.00 secs] 
1736.008: [GC (Allocation Failure) [PSYoungGen: 56576K->1344K(58368K)] 428941K->373709K(560128K), 0.0038308 secs] [Times: user=0.02 sys=0.01, real=0.00 secs] 
1736.606: [GC (Allocation Failure) [PSYoungGen: 57664K->1344K(58368K)] 430029K->373709K(560128K), 0.0025137 secs] [Times: user=0.01 sys=0.00, real=0.00 secs] 
1737.177: [GC (Allocation Failure) [PSYoungGen: 57664K->1344K(58368K)] 430029K->373709K(560128K), 0.0021500 secs] [Times: user=0.01 sys=0.00, real=0.00 secs] 
1737.571: [GC (Allocation Failure) [PSYoungGen: 57664K->1533K(58368K)] 430029K->373898K(560128K), 0.0016838 secs] [Times: user=0.00 sys=0.00, real=0.00 secs] 
1737.799: [GC (Allocation Failure) [PSYoungGen: 57853K->1517K(58368K)] 430218K->373882K(560128K), 0.0017165 secs] [Times: user=0.00 sys=0.00, real=0.00 secs] 
1738.028: [GC (Allocation Failure) [PSYoungGen: 57837K->1629K(58368K)] 430202K->374002K(560128K), 0.0017392 secs] [Times: user=0.00 sys=0.00, real=0.00 secs] 
1738.256: [GC (Allocation Failure) [PSYoungGen: 57942K->1597K(58368K)] 430316K->373970K(560128K), 0.0017252 secs] [Times: user=0.01 sys=0.00, real=0.00 secs] 
1738.543: [GC (Allocation Failure) [PSYoungGen: 57917K->1424K(58368K)] 430290K->373797K(560128K), 0.0042060 secs] [Times: user=0.01 sys=0.00, real=0.01 secs] 
1738.779: [GC (Allocation Failure) [PSYoungGen: 57744K->1344K(58368K)] 430117K->373717K(560128K), 0.0020023 secs] [Times: user=0.01 sys=0.00, real=0.00 secs] 
1739.014: [GC (Allocation Failure) [PSYoungGen: 57664K->1376K(58368K)] 430037K->373749K(560128K), 0.0017326 secs] [Times: user=0.01 sys=0.00, real=0.00 secs] 
1739.292: [GC (Allocation Failure) [PSYoungGen: 57696K->1344K(58368K)] 430069K->373717K(560128K), 0.0020821 secs] [Times: user=0.00 sys=0.00, real=0.01 secs] 
1739.526: [GC (Allocation Failure) [PSYoungGen: 57664K->1376K(58368K)] 430037K->373749K(560128K), 0.0021589 secs] [Times: user=0.01 sys=0.00, real=0.00 secs] 
1739.913: [GC (Allocation Failure) [PSYoungGen: 57683K->1469K(58368K)] 430056K->373842K(560128K), 0.0017437 secs] [Times: user=0.01 sys=0.00, real=0.00 secs] 
1740.301: [GC (Allocation Failure) [PSYoungGen: 57789K->1568K(58368K)] 430162K->373957K(560128K), 0.0017855 secs] [Times: user=0.00 sys=0.00, real=0.01 secs] 
1740.633: [GC (Allocation Failure) [PSYoungGen: 57888K->1565K(58368K)] 430277K->373962K(560128K), 0.0018437 secs] [Times: user=0.01 sys=0.00, real=0.00 secs] 
1740.965: [GC (Allocation Failure) [PSYoungGen: 57880K->1565K(58368K)] 430277K->373978K(560128K), 0.0017838 secs] [Times: user=0.01 sys=0.00, real=0.00 secs] 
1741.318: [GC (Allocation Failure) [PSYoungGen: 57885K->1648K(58368K)] 430298K->374061K(560128K), 0.0017522 secs] [Times: user=0.01 sys=0.00, real=0.00 secs] 
1741.557: [GC (Allocation Failure) [PSYoungGen: 57968K->1376K(58368K)] 430381K->373789K(560128K), 0.0025815 secs] [Times: user=0.01 sys=0.00, real=0.00 secs] 
1741.787: [GC (Allocation Failure) [PSYoungGen: 57696K->1312K(58368K)] 430109K->373725K(560128K), 0.0022102 secs] [Times: user=0.01 sys=0.00, real=0.00 secs] 
1742.022: [GC (Allocation Failure) [PSYoungGen: 57632K->1376K(58368K)] 430045K->373789K(560128K), 0.0023306 secs] [Times: user=0.01 sys=0.00, real=0.01 secs] 
1742.257: [GC (Allocation Failure) [PSYoungGen: 57696K->1376K(58368K)] 430109K->373789K(560128K), 0.0021295 secs] [Times: user=0.01 sys=0.00, real=0.00 secs] 
1742.535: [GC (Allocation Failure) [PSYoungGen: 57681K->1437K(58368K)] 430094K->373850K(560128K), 0.0022161 secs] [Times: user=0.01 sys=0.00, real=0.00 secs] 
1742.987: [GC (Allocation Failure) [PSYoungGen: 57757K->1568K(58368K)] 430170K->373989K(560128K), 0.0016770 secs] [Times: user=0.01 sys=0.00, real=0.00 secs] 
1743.379: [GC (Allocation Failure) [PSYoungGen: 57870K->1565K(58368K)] 430292K->373986K(560128K), 0.0017896 secs] [Times: user=0.00 sys=0.00, real=0.00 secs] 
1743.771: [GC (Allocation Failure) [PSYoungGen: 57885K->1536K(58368K)] 430306K->373957K(560128K), 0.0017499 secs] [Times: user=0.01 sys=0.00, real=0.00 secs] 
1744.100: [GC (Allocation Failure) [PSYoungGen: 57856K->1597K(58368K)] 430277K->374018K(560128K), 0.0017782 secs] [Times: user=0.01 sys=0.00, real=0.00 secs] 
1745.093: [GC (Allocation Failure) [PSYoungGen: 57917K->1440K(58368K)] 430338K->373861K(560128K), 0.0041040 secs] [Times: user=0.02 sys=0.00, real=0.00 secs] 
1745.677: [GC (Allocation Failure) [PSYoungGen: 57760K->1344K(58368K)] 430181K->373765K(560128K), 0.0038670 secs] [Times: user=0.02 sys=0.00, real=0.00 secs] 
1746.099: [GC (Allocation Failure) [PSYoungGen: 57664K->1408K(58368K)] 430085K->373829K(560128K), 0.0034011 secs] [Times: user=0.01 sys=0.00, real=0.00 secs] 
1746.530: [GC (Allocation Failure) [PSYoungGen: 57728K->1408K(58368K)] 430149K->373829K(560128K), 0.0028461 secs] [Times: user=0.01 sys=0.00, real=0.01 secs] 
1747.030: [GC (Allocation Failure) [PSYoungGen: 57728K->1344K(58368K)] 430149K->373765K(560128K), 0.0026775 secs] [Times: user=0.01 sys=0.00, real=0.00 secs] 
1747.572: [GC (Allocation Failure) [PSYoungGen: 57655K->1469K(58368K)] 430076K->373906K(560128K), 0.0016912 secs] [Times: user=0.00 sys=0.00, real=0.01 secs] 
1747.900: [GC (Allocation Failure) [PSYoungGen: 57789K->1565K(58368K)] 430226K->374002K(560128K), 0.0017550 secs] [Times: user=0.01 sys=0.00, real=0.00 secs] 
1748.229: [GC (Allocation Failure) [PSYoungGen: 57885K->1568K(58368K)] 430322K->374005K(560128K), 0.0017891 secs] [Times: user=0.00 sys=0.00, real=0.00 secs] 
1748.557: [GC (Allocation Failure) [PSYoungGen: 57888K->1597K(58368K)] 430325K->374034K(560128K), 0.0018396 secs] [Times: user=0.00 sys=0.00, real=0.00 secs] 
1748.892: [GC (Allocation Failure) [PSYoungGen: 57917K->1504K(58368K)] 430354K->373941K(560128K), 0.0019124 secs] [Times: user=0.01 sys=0.00, real=0.01 secs] 
1749.302: [GC (Allocation Failure) [PSYoungGen: 57824K->1376K(58368K)] 430261K->373813K(560128K), 0.0031217 secs] [Times: user=0.01 sys=0.00, real=0.01 secs] 
1749.759: [GC (Allocation Failure) [PSYoungGen: 57696K->1408K(58368K)] 430133K->373845K(560128K), 0.0040847 secs] [Times: user=0.02 sys=0.00, real=0.01 secs] 
1750.181: [GC (Allocation Failure) [PSYoungGen: 57728K->1344K(58368K)] 430165K->373781K(560128K), 0.0033286 secs] [Times: user=0.02 sys=0.00, real=0.01 secs] 
1750.597: [GC (Allocation Failure) [PSYoungGen: 57664K->1408K(58368K)] 430101K->373845K(560128K), 0.0038715 secs] [Times: user=0.01 sys=0.00, real=0.00 secs] 
1751.130: [GC (Allocation Failure) [PSYoungGen: 57728K->1501K(58368K)] 430165K->373938K(560128K), 0.0017237 secs] [Times: user=0.00 sys=0.00, real=0.00 secs] 
1751.459: [GC (Allocation Failure) [PSYoungGen: 57821K->1533K(58368K)] 430258K->373986K(560128K), 0.0017040 secs] [Times: user=0.01 sys=0.00, real=0.00 secs] 
1751.788: [GC (Allocation Failure) [PSYoungGen: 57821K->1565K(58368K)] 430274K->374018K(560128K), 0.0016928 secs] [Times: user=0.01 sys=0.00, real=0.00 secs] 
1752.115: [GC (Allocation Failure) [PSYoungGen: 57885K->1597K(58368K)] 430338K->374050K(560128K), 0.0017414 secs] [Times: user=0.01 sys=0.00, real=0.00 secs] 
1752.515: [GC (Allocation Failure) [PSYoungGen: 57917K->1744K(58368K)] 430370K->374197K(560128K), 0.0022770 secs] [Times: user=0.01 sys=0.00, real=0.00 secs] 
1753.183: [GC (Allocation Failure) [PSYoungGen: 58064K->1360K(58368K)] 430517K->373813K(560128K), 0.0019322 secs] [Times: user=0.01 sys=0.00, real=0.01 secs] 
1753.667: [GC (Allocation Failure) [PSYoungGen: 57680K->1344K(58368K)] 430133K->373797K(560128K), 0.0021130 secs] [Times: user=0.01 sys=0.00, real=0.00 secs] 
1754.253: [GC (Allocation Failure) [PSYoungGen: 57664K->1344K(58368K)] 430117K->373797K(560128K), 0.0024825 secs] [Times: user=0.01 sys=0.00, real=0.01 secs] 
1754.847: [GC (Allocation Failure) [PSYoungGen: 57664K->1456K(58368K)] 430117K->373909K(560128K), 0.0022966 secs] [Times: user=0.01 sys=0.00, real=0.00 secs] 
1755.728: [GC (Allocation Failure) [PSYoungGen: 57776K->1437K(58368K)] 430229K->373890K(560128K), 0.0024266 secs] [Times: user=0.01 sys=0.00, real=0.00 secs] 
1756.194: [GC (Allocation Failure) [PSYoungGen: 57757K->1533K(58368K)] 430210K->374002K(560128K), 0.0017711 secs] [Times: user=0.00 sys=0.00, real=0.00 secs] 
1756.523: [GC (Allocation Failure) [PSYoungGen: 57853K->1536K(58368K)] 430322K->374005K(560128K), 0.0017033 secs] [Times: user=0.01 sys=0.00, real=0.00 secs] 
1756.915: [GC (Allocation Failure) [PSYoungGen: 57854K->1597K(58368K)] 430323K->374066K(560128K), 0.0017007 secs] [Times: user=0.00 sys=0.00, real=0.00 secs] 
1757.244: [GC (Allocation Failure) [PSYoungGen: 57917K->1597K(58368K)] 430386K->374066K(560128K), 0.0017661 secs] [Times: user=0.00 sys=0.00, real=0.00 secs] 
1757.541: [GC (Allocation Failure) [PSYoungGen: 57917K->1472K(58368K)] 430386K->373941K(560128K), 0.0026857 secs] [Times: user=0.01 sys=0.00, real=0.01 secs] 
1757.777: [GC (Allocation Failure) [PSYoungGen: 57792K->1376K(58368K)] 430261K->373845K(560128K), 0.0021125 secs] [Times: user=0.01 sys=0.00, real=0.00 secs] 
1758.011: [GC (Allocation Failure) [PSYoungGen: 57696K->1376K(58368K)] 430165K->373845K(560128K), 0.0020902 secs] [Times: user=0.01 sys=0.00, real=0.01 secs] 
1758.245: [GC (Allocation Failure) [PSYoungGen: 57696K->1424K(58368K)] 430165K->373893K(560128K), 0.0021078 secs] [Times: user=0.01 sys=0.00, real=0.00 secs] 
1758.479: [GC (Allocation Failure) [PSYoungGen: 57744K->1376K(58368K)] 430213K->373845K(560128K), 0.0020208 secs] [Times: user=0.01 sys=0.00, real=0.00 secs] 
1758.907: [GC (Allocation Failure) [PSYoungGen: 57693K->1533K(58368K)] 430163K->374010K(560128K), 0.0017874 secs] [Times: user=0.00 sys=0.00, real=0.00 secs] 
1759.244: [GC (Allocation Failure) [PSYoungGen: 57853K->1597K(58368K)] 430330K->374074K(560128K), 0.0017351 secs] [Times: user=0.00 sys=0.00, real=0.00 secs] 
1759.574: [GC (Allocation Failure) [PSYoungGen: 57917K->1581K(58368K)] 430394K->374058K(560128K), 0.0017741 secs] [Times: user=0.01 sys=0.00, real=0.00 secs] 
1759.902: [GC (Allocation Failure) [PSYoungGen: 57901K->1565K(58368K)] 430378K->374042K(560128K), 0.0016834 secs] [Times: user=0.01 sys=0.00, real=0.01 secs] 
1760.223: [GC (Allocation Failure) [PSYoungGen: 57885K->1472K(58368K)] 430362K->373973K(560128K), 0.0025014 secs] [Times: user=0.01 sys=0.00, real=0.01 secs] 
1760.458: [GC (Allocation Failure) [PSYoungGen: 57792K->1344K(58368K)] 430293K->373845K(560128K), 0.0021667 secs] [Times: user=0.01 sys=0.00, real=0.00 secs] 
1760.693: [GC (Allocation Failure) [PSYoungGen: 57664K->1344K(58368K)] 430165K->373845K(560128K), 0.0022816 secs] [Times: user=0.01 sys=0.00, real=0.01 secs] 
1760.927: [GC (Allocation Failure) [PSYoungGen: 57664K->1408K(58368K)] 430165K->373909K(560128K), 0.0020318 secs] [Times: user=0.01 sys=0.00, real=0.00 secs] 
1761.161: [GC (Allocation Failure) [PSYoungGen: 57728K->1392K(58368K)] 430229K->373893K(560128K), 0.0020136 secs] [Times: user=0.01 sys=0.00, real=0.01 secs] 
1761.487: [GC (Allocation Failure) [PSYoungGen: 57710K->1533K(58368K)] 430212K->374034K(560128K), 0.0015877 secs] [Times: user=0.01 sys=0.00, real=0.00 secs] 
1761.815: [GC (Allocation Failure) [PSYoungGen: 57845K->1597K(58368K)] 430346K->374114K(560128K), 0.0016954 secs] [Times: user=0.01 sys=0.00, real=0.00 secs] 
1762.144: [GC (Allocation Failure) [PSYoungGen: 57917K->1597K(58368K)] 430434K->374114K(560128K), 0.0017233 secs] [Times: user=0.01 sys=0.00, real=0.00 secs] 
1762.473: [GC (Allocation Failure) [PSYoungGen: 57913K->1565K(58368K)] 430430K->374082K(560128K), 0.0017369 secs] [Times: user=0.01 sys=0.00, real=0.00 secs] 
1762.805: [GC (Allocation Failure) [PSYoungGen: 57885K->1984K(58368K)] 430402K->374501K(560128K), 0.0019535 secs] [Times: user=0.00 sys=0.00, real=0.00 secs] 
1763.039: [GC (Allocation Failure) [PSYoungGen: 58304K->1408K(58368K)] 430821K->373925K(560128K), 0.0018216 secs] [Times: user=0.01 sys=0.00, real=0.00 secs] 
1763.273: [GC (Allocation Failure) [PSYoungGen: 57728K->1408K(58368K)] 430245K->373925K(560128K), 0.0020034 secs] [Times: user=0.01 sys=0.00, real=0.01 secs] 
1763.506: [GC (Allocation Failure) [PSYoungGen: 57728K->1376K(58368K)] 430245K->373893K(560128K), 0.0018086 secs] [Times: user=0.01 sys=0.00, real=0.00 secs] 
1763.740: [GC (Allocation Failure) [PSYoungGen: 57696K->1376K(58368K)] 430213K->373893K(560128K), 0.0029278 secs] [Times: user=0.01 sys=0.00, real=0.01 secs] 
1764.047: [GC (Allocation Failure) [PSYoungGen: 57669K->1469K(58368K)] 430186K->373986K(560128K), 0.0021452 secs] [Times: user=0.01 sys=0.00, real=0.00 secs] 
1764.382: [GC (Allocation Failure) [PSYoungGen: 57789K->1597K(58368K)] 430306K->374130K(560128K), 0.0017266 secs] [Times: user=0.00 sys=0.00, real=0.01 secs] 
1764.711: [GC (Allocation Failure) [PSYoungGen: 57896K->1565K(58368K)] 430429K->374098K(560128K), 0.0017338 secs] [Times: user=0.01 sys=0.00, real=0.00 secs] 
1765.039: [GC (Allocation Failure) [PSYoungGen: 57885K->1533K(58368K)] 430418K->374066K(560128K), 0.0016634 secs] [Times: user=0.01 sys=0.00, real=0.00 secs] 
1765.367: [GC (Allocation Failure) [PSYoungGen: 57853K->1565K(58368K)] 430386K->374098K(560128K), 0.0016925 secs] [Times: user=0.01 sys=0.00, real=0.00 secs] 
1765.932: [GC (Allocation Failure) [PSYoungGen: 57885K->1376K(58368K)] 430418K->373909K(560128K), 0.0022796 secs] [Times: user=0.01 sys=0.00, real=0.01 secs] 
1766.341: [GC (Allocation Failure) [PSYoungGen: 57696K->1376K(58368K)] 430229K->373909K(560128K), 0.0021687 secs] [Times: user=0.01 sys=0.00, real=0.00 secs] 
1766.575: [GC (Allocation Failure) [PSYoungGen: 57696K->1408K(58368K)] 430229K->373941K(560128K), 0.0021682 secs] [Times: user=0.01 sys=0.00, real=0.00 secs] 
1766.840: [GC (Allocation Failure) [PSYoungGen: 57728K->1376K(58368K)] 430261K->373909K(560128K), 0.0019753 secs] [Times: user=0.00 sys=0.00, real=0.00 secs] 
1767.074: [GC (Allocation Failure) [PSYoungGen: 57696K->1424K(58368K)] 430229K->373957K(560128K), 0.0022341 secs] [Times: user=0.01 sys=0.00, real=0.00 secs] 
1767.421: [GC (Allocation Failure) [PSYoungGen: 57722K->1565K(58368K)] 430255K->374106K(560128K), 0.0016700 secs] [Times: user=0.01 sys=0.00, real=0.00 secs] 
1767.750: [GC (Allocation Failure) [PSYoungGen: 57885K->1581K(58368K)] 430426K->374122K(560128K), 0.0017065 secs] [Times: user=0.00 sys=0.00, real=0.00 secs] 
1768.077: [GC (Allocation Failure) [PSYoungGen: 57901K->1549K(58368K)] 430442K->374090K(560128K), 0.0016868 secs] [Times: user=0.00 sys=0.00, real=0.00 secs] 
1768.406: [GC (Allocation Failure) [PSYoungGen: 57837K->1597K(58368K)] 430379K->374138K(560128K), 0.0016778 secs] [Times: user=0.01 sys=0.00, real=0.00 secs] 
1768.884: [GC (Allocation Failure) [PSYoungGen: 57917K->1456K(58368K)] 430458K->373997K(560128K), 0.0019612 secs] [Times: user=0.01 sys=0.00, real=0.00 secs] 
1769.586: [GC (Allocation Failure) [PSYoungGen: 57776K->1376K(58368K)] 430317K->373917K(560128K), 0.0023234 secs] [Times: user=0.01 sys=0.00, real=0.00 secs] 
1770.057: [GC (Allocation Failure) [PSYoungGen: 57696K->1408K(58368K)] 430237K->373949K(560128K), 0.0022675 secs] [Times: user=0.01 sys=0.01, real=0.00 secs] 
1770.547: [GC (Allocation Failure) [PSYoungGen: 57728K->1376K(58368K)] 430269K->373917K(560128K), 0.0024088 secs] [Times: user=0.01 sys=0.00, real=0.00 secs] 
1771.038: [GC (Allocation Failure) [PSYoungGen: 57696K->1344K(58368K)] 430237K->373901K(560128K), 0.0025231 secs] [Times: user=0.01 sys=0.00, real=0.00 secs] 
1771.524: [GC (Allocation Failure) [PSYoungGen: 57646K->1501K(58368K)] 430203K->374058K(560128K), 0.0016538 secs] [Times: user=0.00 sys=0.00, real=0.00 secs] 
1771.915: [GC (Allocation Failure) [PSYoungGen: 57821K->1533K(58368K)] 430378K->374106K(560128K), 0.0017368 secs] [Times: user=0.00 sys=0.00, real=0.00 secs] 
1772.303: [GC (Allocation Failure) [PSYoungGen: 57853K->1565K(58368K)] 430426K->374138K(560128K), 0.0018155 secs] [Times: user=0.01 sys=0.00, real=0.01 secs] 
1772.696: [GC (Allocation Failure) [PSYoungGen: 57885K->1565K(58368K)] 430458K->374138K(560128K), 0.0018261 secs] [Times: user=0.00 sys=0.00, real=0.00 secs] 
1773.173: [GC (Allocation Failure) [PSYoungGen: 57885K->2016K(58368K)] 430458K->374589K(560128K), 0.0020365 secs] [Times: user=0.01 sys=0.00, real=0.01 secs] 
1773.967: [GC (Allocation Failure) [PSYoungGen: 58336K->1376K(58368K)] 430909K->373949K(560128K), 0.0040422 secs] [Times: user=0.02 sys=0.00, real=0.00 secs] 
1775.083: [GC (Allocation Failure) [PSYoungGen: 57696K->1408K(58368K)] 430269K->373989K(560128K), 0.0042617 secs] [Times: user=0.02 sys=0.00, real=0.00 secs] 
1775.908: [GC (Allocation Failure) [PSYoungGen: 57728K->1408K(58368K)] 430309K->373989K(560128K), 0.0043628 secs] [Times: user=0.02 sys=0.00, real=0.00 secs] 
1777.109: [GC (Allocation Failure) [PSYoungGen: 57728K->1408K(58368K)] 430309K->373989K(560128K), 0.0047903 secs] [Times: user=0.02 sys=0.00, real=0.01 secs] 
1777.725: [GC (Allocation Failure) [PSYoungGen: 57728K->1469K(58368K)] 430309K->374050K(560128K), 0.0019228 secs] [Times: user=0.01 sys=0.00, real=0.00 secs] 
1778.076: [GC (Allocation Failure) [PSYoungGen: 57789K->1597K(58368K)] 430370K->374194K(560128K), 0.0018387 secs] [Times: user=0.00 sys=0.00, real=0.00 secs] 
1778.406: [GC (Allocation Failure) [PSYoungGen: 57917K->1565K(58368K)] 430514K->374162K(560128K), 0.0017625 secs] [Times: user=0.01 sys=0.00, real=0.00 secs] 
1778.797: [GC (Allocation Failure) [PSYoungGen: 57885K->1565K(58368K)] 430482K->374162K(560128K), 0.0017054 secs] [Times: user=0.00 sys=0.01, real=0.00 secs] 
1779.127: [GC (Allocation Failure) [PSYoungGen: 57885K->1568K(58368K)] 430482K->374165K(560128K), 0.0017134 secs] [Times: user=0.01 sys=0.00, real=0.00 secs] 
1779.812: [GC (Allocation Failure) [PSYoungGen: 57888K->1408K(58368K)] 430485K->374005K(560128K), 0.0029622 secs] [Times: user=0.02 sys=0.00, real=0.01 secs] 
1780.631: [GC (Allocation Failure) [PSYoungGen: 57728K->1376K(58368K)] 430325K->373973K(560128K), 0.0042557 secs] [Times: user=0.02 sys=0.00, real=0.01 secs] 
1781.474: [GC (Allocation Failure) [PSYoungGen: 57696K->1344K(58368K)] 430293K->373941K(560128K), 0.0043089 secs] [Times: user=0.02 sys=0.00, real=0.00 secs] 
1782.124: [GC (Allocation Failure) [PSYoungGen: 57664K->1344K(58368K)] 430261K->373941K(560128K), 0.0045381 secs] [Times: user=0.02 sys=0.00, real=0.00 secs] 
1782.469: [GC (Allocation Failure) [PSYoungGen: 57664K->1376K(58368K)] 430261K->373973K(560128K), 0.0020379 secs] [Times: user=0.01 sys=0.00, real=0.00 secs] 
1782.818: [GC (Allocation Failure) [PSYoungGen: 57696K->1501K(58368K)] 430293K->374114K(560128K), 0.0016811 secs] [Times: user=0.01 sys=0.00, real=0.00 secs] 
1783.149: [GC (Allocation Failure) [PSYoungGen: 57821K->1597K(58368K)] 430434K->374210K(560128K), 0.0017383 secs] [Times: user=0.01 sys=0.00, real=0.00 secs] 
1783.478: [GC (Allocation Failure) [PSYoungGen: 57887K->1549K(58368K)] 430500K->374194K(560128K), 0.0016903 secs] [Times: user=0.01 sys=0.00, real=0.00 secs] 
1783.806: [GC (Allocation Failure) [PSYoungGen: 57869K->1549K(58368K)] 430514K->374194K(560128K), 0.0016782 secs] [Times: user=0.01 sys=0.00, real=0.00 secs] 
1784.994: [GC (Allocation Failure) [PSYoungGen: 57869K->1472K(58368K)] 430514K->374117K(560128K), 0.0044486 secs] [Times: user=0.02 sys=0.00, real=0.00 secs] 
1786.079: [GC (Allocation Failure) [PSYoungGen: 57792K->1376K(58368K)] 430437K->374021K(560128K), 0.0042541 secs] [Times: user=0.02 sys=0.00, real=0.00 secs] 
1786.986: [GC (Allocation Failure) [PSYoungGen: 57696K->1376K(58368K)] 430341K->374021K(560128K), 0.0043863 secs] [Times: user=0.02 sys=0.00, real=0.00 secs] 
1787.533: [GC (Allocation Failure) [PSYoungGen: 57696K->1376K(58368K)] 430341K->374021K(560128K), 0.0032949 secs] [Times: user=0.01 sys=0.00, real=0.00 secs] 
1787.807: [GC (Allocation Failure) [PSYoungGen: 57696K->1440K(58368K)] 430341K->374085K(560128K), 0.0022042 secs] [Times: user=0.01 sys=0.00, real=0.00 secs] 
1788.129: [GC (Allocation Failure) [PSYoungGen: 57760K->1469K(58368K)] 430405K->374114K(560128K), 0.0016769 secs] [Times: user=0.01 sys=0.00, real=0.00 secs] 
1788.460: [GC (Allocation Failure) [PSYoungGen: 57772K->1597K(58368K)] 430417K->374250K(560128K), 0.0017282 secs] [Times: user=0.00 sys=0.00, real=0.00 secs] 
1788.788: [GC (Allocation Failure) [PSYoungGen: 57917K->1597K(58368K)] 430570K->374250K(560128K), 0.0016990 secs] [Times: user=0.01 sys=0.00, real=0.00 secs] 
1789.119: [GC (Allocation Failure) [PSYoungGen: 57917K->1565K(58368K)] 430570K->374218K(560128K), 0.0015969 secs] [Times: user=0.01 sys=0.00, real=0.00 secs] 
1789.519: [GC (Allocation Failure) [PSYoungGen: 57885K->1472K(58368K)] 430538K->374125K(560128K), 0.0021019 secs] [Times: user=0.01 sys=0.00, real=0.00 secs] 
1790.245: [GC (Allocation Failure) [PSYoungGen: 57792K->1376K(58368K)] 430445K->374029K(560128K), 0.0027483 secs] [Times: user=0.01 sys=0.00, real=0.00 secs] 
1790.740: [GC (Allocation Failure) [PSYoungGen: 57696K->1424K(58368K)] 430349K->374077K(560128K), 0.0025598 secs] [Times: user=0.01 sys=0.00, real=0.00 secs] 
1791.058: [GC (Allocation Failure) [PSYoungGen: 57744K->1392K(58368K)] 430397K->374045K(560128K), 0.0019075 secs] [Times: user=0.01 sys=0.00, real=0.00 secs] 
1791.292: [GC (Allocation Failure) [PSYoungGen: 57712K->1376K(58368K)] 430365K->374029K(560128K), 0.0020170 secs] [Times: user=0.01 sys=0.00, real=0.01 secs] 
1791.594: [GC (Allocation Failure) [PSYoungGen: 57683K->1504K(58368K)] 430337K->374157K(560128K), 0.0020161 secs] [Times: user=0.00 sys=0.00, real=0.00 secs] 
1791.928: [GC (Allocation Failure) [PSYoungGen: 57824K->1632K(58368K)] 430477K->374309K(560128K), 0.0017004 secs] [Times: user=0.01 sys=0.00, real=0.00 secs] 
1792.259: [GC (Allocation Failure) [PSYoungGen: 57931K->1565K(58368K)] 430608K->374242K(560128K), 0.0017140 secs] [Times: user=0.01 sys=0.00, real=0.00 secs] 
1792.587: [GC (Allocation Failure) [PSYoungGen: 57885K->1565K(58368K)] 430562K->374242K(560128K), 0.0016750 secs] [Times: user=0.01 sys=0.00, real=0.00 secs] 
1792.974: [GC (Allocation Failure) [PSYoungGen: 57885K->1533K(58368K)] 430562K->374210K(560128K), 0.0017041 secs] [Times: user=0.01 sys=0.00, real=0.00 secs] 
1793.447: [GC (Allocation Failure) [PSYoungGen: 57853K->1408K(58368K)] 430530K->374085K(560128K), 0.0040723 secs] [Times: user=0.01 sys=0.00, real=0.00 secs] 
1793.954: [GC (Allocation Failure) [PSYoungGen: 57728K->1408K(58368K)] 430405K->374085K(560128K), 0.0041256 secs] [Times: user=0.01 sys=0.00, real=0.00 secs] 
1794.327: [GC (Allocation Failure) [PSYoungGen: 57728K->1376K(58368K)] 430405K->374053K(560128K), 0.0023482 secs] [Times: user=0.01 sys=0.00, real=0.00 secs] 
1794.545: [GC (Allocation Failure) [PSYoungGen: 57696K->1376K(58368K)] 430373K->374053K(560128K), 0.0019999 secs] [Times: user=0.01 sys=0.00, real=0.00 secs] 
1794.779: [GC (Allocation Failure) [PSYoungGen: 57696K->1424K(58368K)] 430373K->374101K(560128K), 0.0019908 secs] [Times: user=0.00 sys=0.00, real=0.00 secs] 
1795.113: [GC (Allocation Failure) [PSYoungGen: 57744K->1501K(58368K)] 430421K->374194K(560128K), 0.0016892 secs] [Times: user=0.01 sys=0.00, real=0.01 secs] 
1795.441: [GC (Allocation Failure) [PSYoungGen: 57821K->1613K(58368K)] 430514K->374306K(560128K), 0.0017040 secs] [Times: user=0.01 sys=0.00, real=0.01 secs] 
1795.768: [GC (Allocation Failure) [PSYoungGen: 57933K->1565K(58368K)] 430626K->374258K(560128K), 0.0017302 secs] [Times: user=0.01 sys=0.00, real=0.00 secs] 
1796.101: [GC (Allocation Failure) [PSYoungGen: 57885K->1565K(58368K)] 430578K->374258K(560128K), 0.0017045 secs] [Times: user=0.01 sys=0.00, real=0.01 secs] 
1796.451: [GC (Allocation Failure) [PSYoungGen: 57885K->1472K(58368K)] 430578K->374165K(560128K), 0.0020320 secs] [Times: user=0.01 sys=0.00, real=0.01 secs] 
1796.686: [GC (Allocation Failure) [PSYoungGen: 57792K->1440K(58368K)] 430485K->374133K(560128K), 0.0019476 secs] [Times: user=0.01 sys=0.00, real=0.00 secs] 
1796.977: [GC (Allocation Failure) [PSYoungGen: 57760K->1408K(58368K)] 430453K->374101K(560128K), 0.0019509 secs] [Times: user=0.01 sys=0.00, real=0.00 secs] 
1797.211: [GC (Allocation Failure) [PSYoungGen: 57728K->1408K(58368K)] 430421K->374101K(560128K), 0.0020448 secs] [Times: user=0.01 sys=0.00, real=0.01 secs] 
1797.489: [GC (Allocation Failure) [PSYoungGen: 57728K->1376K(58368K)] 430421K->374069K(560128K), 0.0020604 secs] [Times: user=0.00 sys=0.00, real=0.00 secs] 
1797.845: [GC (Allocation Failure) [PSYoungGen: 57696K->1533K(58368K)] 430389K->374226K(560128K), 0.0017975 secs] [Times: user=0.01 sys=0.00, real=0.00 secs] 
1798.174: [GC (Allocation Failure) [PSYoungGen: 57831K->1565K(58368K)] 430524K->374266K(560128K), 0.0017435 secs] [Times: user=0.01 sys=0.00, real=0.00 secs] 
1798.562: [GC (Allocation Failure) [PSYoungGen: 57885K->1565K(58368K)] 430586K->374266K(560128K), 0.0018085 secs] [Times: user=0.00 sys=0.00, real=0.01 secs] 
1798.891: [GC (Allocation Failure) [PSYoungGen: 57855K->1533K(58368K)] 430556K->374234K(560128K), 0.0017036 secs] [Times: user=0.01 sys=0.00, real=0.00 secs] 
1799.548: [GC (Allocation Failure) [PSYoungGen: 57853K->1536K(58368K)] 430554K->374237K(560128K), 0.0025113 secs] [Times: user=0.01 sys=0.00, real=0.00 secs] 
1800.350: [GC (Allocation Failure) [PSYoungGen: 57856K->1344K(58368K)] 430557K->374069K(560128K), 0.0032634 secs] [Times: user=0.02 sys=0.00, real=0.00 secs] 
1800.822: [GC (Allocation Failure) [PSYoungGen: 57664K->1376K(58368K)] 430389K->374101K(560128K), 0.0028875 secs] [Times: user=0.02 sys=0.00, real=0.01 secs] 
1801.270: [GC (Allocation Failure) [PSYoungGen: 57696K->1344K(58368K)] 430421K->374069K(560128K), 0.0025787 secs] [Times: user=0.01 sys=0.00, real=0.01 secs] 
1801.626: [GC (Allocation Failure) [PSYoungGen: 57664K->1408K(58368K)] 430389K->374133K(560128K), 0.0022684 secs] [Times: user=0.01 sys=0.00, real=0.00 secs] 
1802.129: [GC (Allocation Failure) [PSYoungGen: 57705K->1533K(58368K)] 430430K->374258K(560128K), 0.0019546 secs] [Times: user=0.01 sys=0.00, real=0.00 secs] 
1802.463: [GC (Allocation Failure) [PSYoungGen: 57853K->1597K(58368K)] 430578K->374330K(560128K), 0.0017384 secs] [Times: user=0.01 sys=0.00, real=0.00 secs] 
1802.792: [GC (Allocation Failure) [PSYoungGen: 57894K->1613K(58368K)] 430628K->374346K(560128K), 0.0017072 secs] [Times: user=0.01 sys=0.00, real=0.01 secs] 
1803.122: [GC (Allocation Failure) [PSYoungGen: 57933K->1565K(58368K)] 430666K->374298K(560128K), 0.0017350 secs] [Times: user=0.00 sys=0.00, real=0.01 secs] 
1803.450: [GC (Allocation Failure) [PSYoungGen: 57885K->1533K(58368K)] 430618K->374266K(560128K), 0.0017184 secs] [Times: user=0.00 sys=0.00, real=0.00 secs] 
1804.018: [GC (Allocation Failure) [PSYoungGen: 57853K->1408K(58368K)] 430586K->374141K(560128K), 0.0020988 secs] [Times: user=0.01 sys=0.00, real=0.00 secs] 
1804.663: [GC (Allocation Failure) [PSYoungGen: 57728K->1408K(58368K)] 430461K->374141K(560128K), 0.0021148 secs] [Times: user=0.01 sys=0.00, real=0.01 secs] 
1805.182: [GC (Allocation Failure) [PSYoungGen: 57728K->1408K(58368K)] 430461K->374141K(560128K), 0.0024409 secs] [Times: user=0.01 sys=0.00, real=0.01 secs] 
1805.635: [GC (Allocation Failure) [PSYoungGen: 57728K->1408K(58368K)] 430461K->374141K(560128K), 0.0023186 secs] [Times: user=0.01 sys=0.00, real=0.00 secs] 
1806.143: [GC (Allocation Failure) [PSYoungGen: 57728K->1344K(58368K)] 430461K->374077K(560128K), 0.0025265 secs] [Times: user=0.01 sys=0.00, real=0.00 secs] 
1806.583: [GC (Allocation Failure) [PSYoungGen: 57646K->1501K(58368K)] 430379K->374242K(560128K), 0.0016890 secs] [Times: user=0.01 sys=0.00, real=0.00 secs] 
1806.910: [GC (Allocation Failure) [PSYoungGen: 57821K->1565K(58368K)] 430562K->374306K(560128K), 0.0016506 secs] [Times: user=0.01 sys=0.00, real=0.00 secs] 
1807.301: [GC (Allocation Failure) [PSYoungGen: 57885K->1568K(58368K)] 430626K->374309K(560128K), 0.0017635 secs] [Times: user=0.01 sys=0.00, real=0.00 secs] 
1807.628: [GC (Allocation Failure) [PSYoungGen: 57888K->1565K(58368K)] 430629K->374306K(560128K), 0.0017427 secs] [Times: user=0.01 sys=0.00, real=0.00 secs] 
1808.110: [GC (Allocation Failure) [PSYoungGen: 57885K->1440K(58368K)] 430626K->374181K(560128K), 0.0035309 secs] [Times: user=0.01 sys=0.00, real=0.01 secs] 
1808.712: [GC (Allocation Failure) [PSYoungGen: 57760K->1408K(58368K)] 430501K->374149K(560128K), 0.0030367 secs] [Times: user=0.01 sys=0.00, real=0.01 secs] 
1809.140: [GC (Allocation Failure) [PSYoungGen: 57728K->1408K(58368K)] 430469K->374149K(560128K), 0.0028313 secs] [Times: user=0.02 sys=0.00, real=0.00 secs] 
1809.628: [GC (Allocation Failure) [PSYoungGen: 57728K->1344K(58368K)] 430469K->374085K(560128K), 0.0028079 secs] [Times: user=0.01 sys=0.00, real=0.00 secs] 
1810.074: [GC (Allocation Failure) [PSYoungGen: 57664K->1360K(58368K)] 430405K->374101K(560128K), 0.0028515 secs] [Times: user=0.01 sys=0.00, real=0.00 secs] 
1810.552: [GC (Allocation Failure) [PSYoungGen: 57679K->1533K(58368K)] 430421K->374274K(560128K), 0.0016756 secs] [Times: user=0.01 sys=0.00, real=0.01 secs] 
1810.879: [GC (Allocation Failure) [PSYoungGen: 57853K->1597K(58368K)] 430594K->374362K(560128K), 0.0018061 secs] [Times: user=0.01 sys=0.01, real=0.00 secs] 
1811.213: [GC (Allocation Failure) [PSYoungGen: 57917K->1597K(58368K)] 430682K->374362K(560128K), 0.0018042 secs] [Times: user=0.00 sys=0.00, real=0.01 secs] 
1811.542: [GC (Allocation Failure) [PSYoungGen: 57906K->1517K(58368K)] 430671K->374306K(560128K), 0.0017235 secs] [Times: user=0.01 sys=0.00, real=0.01 secs] 
1811.924: [GC (Allocation Failure) [PSYoungGen: 57837K->1472K(58368K)] 430626K->374261K(560128K), 0.0018351 secs] [Times: user=0.01 sys=0.00, real=0.00 secs] 
1812.521: [GC (Allocation Failure) [PSYoungGen: 57792K->1376K(58368K)] 430581K->374165K(560128K), 0.0019412 secs] [Times: user=0.01 sys=0.00, real=0.01 secs] 
1813.137: [GC (Allocation Failure) [PSYoungGen: 57696K->1376K(58368K)] 430485K->374165K(560128K), 0.0040030 secs] [Times: user=0.02 sys=0.00, real=0.00 secs] 
1813.872: [GC (Allocation Failure) [PSYoungGen: 57696K->1408K(58368K)] 430485K->374205K(560128K), 0.0033851 secs] [Times: user=0.01 sys=0.00, real=0.01 secs] 
1814.549: [GC (Allocation Failure) [PSYoungGen: 57728K->1408K(58368K)] 430525K->374205K(560128K), 0.0028830 secs] [Times: user=0.01 sys=0.01, real=0.00 secs] 
1815.074: [GC (Allocation Failure) [PSYoungGen: 57728K->1533K(58368K)] 430525K->374330K(560128K), 0.0021030 secs] [Times: user=0.01 sys=0.00, real=0.00 secs] 
1815.414: [GC (Allocation Failure) [PSYoungGen: 57853K->1533K(58368K)] 430650K->374338K(560128K), 0.0017364 secs] [Times: user=0.00 sys=0.00, real=0.00 secs] 
1815.749: [GC (Allocation Failure) [PSYoungGen: 57833K->1581K(58368K)] 430639K->374386K(560128K), 0.0016966 secs] [Times: user=0.00 sys=0.00, real=0.00 secs] 
1816.082: [GC (Allocation Failure) [PSYoungGen: 57901K->1568K(58368K)] 430706K->374381K(560128K), 0.0017109 secs] [Times: user=0.01 sys=0.00, real=0.01 secs] 
1816.470: [GC (Allocation Failure) [PSYoungGen: 57888K->1536K(58368K)] 430701K->374357K(560128K), 0.0017717 secs] [Times: user=0.01 sys=0.00, real=0.00 secs] 
1816.923: [GC (Allocation Failure) [PSYoungGen: 57856K->1408K(58368K)] 430677K->374229K(560128K), 0.0022862 secs] [Times: user=0.01 sys=0.00, real=0.01 secs] 
1817.392: [GC (Allocation Failure) [PSYoungGen: 57728K->1408K(58368K)] 430549K->374229K(560128K), 0.0022540 secs] [Times: user=0.01 sys=0.00, real=0.01 secs] 
1817.863: [GC (Allocation Failure) [PSYoungGen: 57728K->1344K(58368K)] 430549K->374165K(560128K), 0.0043270 secs] [Times: user=0.02 sys=0.00, real=0.00 secs] 
1818.338: [GC (Allocation Failure) [PSYoungGen: 57664K->1440K(58368K)] 430485K->374261K(560128K), 0.0032837 secs] [Times: user=0.01 sys=0.00, real=0.00 secs] 
1818.797: [GC (Allocation Failure) [PSYoungGen: 57760K->1408K(58368K)] 430581K->374229K(560128K), 0.0032394 secs] [Times: user=0.02 sys=0.00, real=0.00 secs] 
1819.252: [GC (Allocation Failure) [PSYoungGen: 57728K->1469K(58368K)] 430549K->374298K(560128K), 0.0016766 secs] [Times: user=0.01 sys=0.00, real=0.01 secs] 
1819.582: [GC (Allocation Failure) [PSYoungGen: 57787K->1565K(58368K)] 430617K->374394K(560128K), 0.0017188 secs] [Times: user=0.00 sys=0.00, real=0.01 secs] 
1819.910: [GC (Allocation Failure) [PSYoungGen: 57885K->1501K(58368K)] 430714K->374330K(560128K), 0.0017253 secs] [Times: user=0.00 sys=0.00, real=0.00 secs] 
1820.240: [GC (Allocation Failure) [PSYoungGen: 57821K->1597K(58368K)] 430650K->374426K(560128K), 0.0017530 secs] [Times: user=0.00 sys=0.00, real=0.00 secs] 
1821.514: [GC (Allocation Failure) [PSYoungGen: 57917K->1440K(58368K)] 430746K->374269K(560128K), 0.0040655 secs] [Times: user=0.02 sys=0.00, real=0.00 secs] 
1822.697: [GC (Allocation Failure) [PSYoungGen: 57760K->1408K(58368K)] 430589K->374261K(560128K), 0.0040833 secs] [Times: user=0.01 sys=0.00, real=0.00 secs] 
1823.464: [GC (Allocation Failure) [PSYoungGen: 57728K->1376K(58368K)] 430581K->374229K(560128K), 0.0036371 secs] [Times: user=0.01 sys=0.00, real=0.00 secs] 
1824.097: [GC (Allocation Failure) [PSYoungGen: 57696K->1360K(58368K)] 430549K->374213K(560128K), 0.0036420 secs] [Times: user=0.02 sys=0.00, real=0.00 secs] 
1824.595: [GC (Allocation Failure) [PSYoungGen: 57680K->1392K(58368K)] 430533K->374245K(560128K), 0.0024763 secs] [Times: user=0.01 sys=0.00, real=0.00 secs] 
1825.034: [GC (Allocation Failure) [PSYoungGen: 57712K->1549K(58368K)] 430565K->374402K(560128K), 0.0016672 secs] [Times: user=0.00 sys=0.00, real=0.00 secs] 
1825.363: [GC (Allocation Failure) [PSYoungGen: 57869K->1565K(58368K)] 430722K->374434K(560128K), 0.0016765 secs] [Times: user=0.00 sys=0.00, real=0.00 secs] 
1825.690: [GC (Allocation Failure) [PSYoungGen: 57885K->1565K(58368K)] 430754K->374434K(560128K), 0.0017345 secs] [Times: user=0.01 sys=0.00, real=0.00 secs] 
1826.021: [GC (Allocation Failure) [PSYoungGen: 57885K->1565K(58368K)] 430754K->374434K(560128K), 0.0016489 secs] [Times: user=0.01 sys=0.00, real=0.00 secs] 
1826.412: [GC (Allocation Failure) [PSYoungGen: 57885K->1504K(58368K)] 430754K->374373K(560128K), 0.0022080 secs] [Times: user=0.01 sys=0.00, real=0.01 secs] 
1826.695: [GC (Allocation Failure) [PSYoungGen: 57824K->1408K(58368K)] 430693K->374277K(560128K), 0.0021611 secs] [Times: user=0.01 sys=0.00, real=0.00 secs] 
1826.948: [GC (Allocation Failure) [PSYoungGen: 57728K->1408K(58368K)] 430597K->374277K(560128K), 0.0021241 secs] [Times: user=0.00 sys=0.00, real=0.00 secs] 
1827.208: [GC (Allocation Failure) [PSYoungGen: 57728K->1376K(58368K)] 430597K->374245K(560128K), 0.0021042 secs] [Times: user=0.01 sys=0.00, real=0.00 secs] 
1827.532: [GC (Allocation Failure) [PSYoungGen: 57696K->1408K(58368K)] 430565K->374277K(560128K), 0.0021603 secs] [Times: user=0.01 sys=0.00, real=0.01 secs] 
1827.901: [GC (Allocation Failure) [PSYoungGen: 57714K->1501K(58368K)] 430583K->374370K(560128K), 0.0016208 secs] [Times: user=0.01 sys=0.00, real=0.00 secs] 
1828.294: [GC (Allocation Failure) [PSYoungGen: 57821K->1597K(58368K)] 430690K->374482K(560128K), 0.0019614 secs] [Times: user=0.00 sys=0.00, real=0.00 secs] 
1828.683: [GC (Allocation Failure) [PSYoungGen: 57894K->1597K(58368K)] 430779K->374482K(560128K), 0.0017897 secs] [Times: user=0.00 sys=0.00, real=0.01 secs] 
1829.011: [GC (Allocation Failure) [PSYoungGen: 57917K->1549K(58368K)] 430802K->374434K(560128K), 0.0017164 secs] [Times: user=0.01 sys=0.00, real=0.00 secs] 
1829.339: [GC (Allocation Failure) [PSYoungGen: 57869K->1533K(58368K)] 430754K->374418K(560128K), 0.0018075 secs] [Times: user=0.01 sys=0.00, real=0.00 secs] 
1830.146: [GC (Allocation Failure) [PSYoungGen: 57853K->1440K(58368K)] 430738K->374325K(560128K), 0.0036548 secs] [Times: user=0.02 sys=0.00, real=0.00 secs] 
1830.479: [GC (Allocation Failure) [PSYoungGen: 57760K->1408K(58368K)] 430645K->374317K(560128K), 0.0021503 secs] [Times: user=0.01 sys=0.00, real=0.00 secs] 
1830.714: [GC (Allocation Failure) [PSYoungGen: 57728K->1408K(58368K)] 430637K->374317K(560128K), 0.0021360 secs] [Times: user=0.01 sys=0.00, real=0.00 secs] 
1830.971: [GC (Allocation Failure) [PSYoungGen: 57728K->1376K(58368K)] 430637K->374285K(560128K), 0.0022809 secs] [Times: user=0.01 sys=0.00, real=0.01 secs] 
1831.377: [GC (Allocation Failure) [PSYoungGen: 57696K->1344K(58368K)] 430605K->374253K(560128K), 0.0019632 secs] [Times: user=0.01 sys=0.00, real=0.00 secs] 
1831.745: [GC (Allocation Failure) [PSYoungGen: 57647K->1517K(58368K)] 430556K->374442K(560128K), 0.0016883 secs] [Times: user=0.00 sys=0.00, real=0.00 secs] 
1832.073: [GC (Allocation Failure) [PSYoungGen: 57837K->1565K(58368K)] 430762K->374490K(560128K), 0.0017146 secs] [Times: user=0.01 sys=0.00, real=0.00 secs] 
1832.403: [GC (Allocation Failure) [PSYoungGen: 57885K->1549K(58368K)] 430810K->374474K(560128K), 0.0016893 secs] [Times: user=0.01 sys=0.00, real=0.01 secs] 
1832.730: [GC (Allocation Failure) [PSYoungGen: 57869K->1613K(58368K)] 430794K->374538K(560128K), 0.0016485 secs] [Times: user=0.01 sys=0.00, real=0.00 secs] 
1833.049: [GC (Allocation Failure) [PSYoungGen: 57933K->1440K(58368K)] 430858K->374365K(560128K), 0.0020655 secs] [Times: user=0.00 sys=0.01, real=0.00 secs] 
1833.283: [GC (Allocation Failure) [PSYoungGen: 57760K->1360K(58368K)] 430685K->374285K(560128K), 0.0021125 secs] [Times: user=0.01 sys=0.00, real=0.00 secs] 
1833.594: [GC (Allocation Failure) [PSYoungGen: 57680K->1376K(58368K)] 430605K->374301K(560128K), 0.0020179 secs] [Times: user=0.01 sys=0.00, real=0.00 secs] 
1833.974: [GC (Allocation Failure) [PSYoungGen: 57696K->1408K(58368K)] 430621K->374333K(560128K), 0.0023642 secs] [Times: user=0.00 sys=0.00, real=0.00 secs] 
1834.364: [GC (Allocation Failure) [PSYoungGen: 57728K->1376K(58368K)] 430653K->374301K(560128K), 0.0023011 secs] [Times: user=0.01 sys=0.00, real=0.00 secs] 
1834.775: [GC (Allocation Failure) [PSYoungGen: 57696K->1485K(58368K)] 430621K->374410K(560128K), 0.0015863 secs] [Times: user=0.01 sys=0.00, real=0.00 secs] 
1835.163: [GC (Allocation Failure) [PSYoungGen: 57805K->1565K(58368K)] 430730K->374506K(560128K), 0.0017465 secs] [Times: user=0.00 sys=0.00, real=0.01 secs] 
1835.490: [GC (Allocation Failure) [PSYoungGen: 57885K->1533K(58368K)] 430826K->374474K(560128K), 0.0017618 secs] [Times: user=0.01 sys=0.00, real=0.00 secs] 
1835.822: [GC (Allocation Failure) [PSYoungGen: 57853K->1565K(58368K)] 430794K->374506K(560128K), 0.0017541 secs] [Times: user=0.01 sys=0.00, real=0.01 secs] 
1836.173: [GC (Allocation Failure) [PSYoungGen: 57885K->1520K(58368K)] 430826K->374461K(560128K), 0.0022703 secs] [Times: user=0.01 sys=0.00, real=0.00 secs] 
1836.409: [GC (Allocation Failure) [PSYoungGen: 57840K->1424K(58368K)] 430781K->374365K(560128K), 0.0021326 secs] [Times: user=0.01 sys=0.00, real=0.00 secs] 
1836.686: [GC (Allocation Failure) [PSYoungGen: 57744K->1440K(58368K)] 430685K->374381K(560128K), 0.0022479 secs] [Times: user=0.01 sys=0.00, real=0.00 secs] 
1836.974: [GC (Allocation Failure) [PSYoungGen: 57760K->1376K(58368K)] 430701K->374317K(560128K), 0.0034717 secs] [Times: user=0.01 sys=0.00, real=0.00 secs] 
1837.309: [GC (Allocation Failure) [PSYoungGen: 57696K->1408K(58368K)] 430637K->374349K(560128K), 0.0023844 secs] [Times: user=0.01 sys=0.00, real=0.00 secs] 
1837.721: [GC (Allocation Failure) [PSYoungGen: 57723K->1421K(58368K)] 430664K->374362K(560128K), 0.0017303 secs] [Times: user=0.00 sys=0.00, real=0.00 secs] 
1838.051: [GC (Allocation Failure) [PSYoungGen: 57741K->1565K(58368K)] 430682K->374514K(560128K), 0.0017216 secs] [Times: user=0.01 sys=0.00, real=0.01 secs] 
1838.381: [GC (Allocation Failure) [PSYoungGen: 57853K->1581K(58368K)] 430803K->374530K(560128K), 0.0017097 secs] [Times: user=0.01 sys=0.00, real=0.01 secs] 
1838.709: [GC (Allocation Failure) [PSYoungGen: 57901K->1581K(58368K)] 430850K->374530K(560128K), 0.0017447 secs] [Times: user=0.01 sys=0.00, real=0.00 secs] 
1839.038: [GC (Allocation Failure) [PSYoungGen: 57901K->1597K(58368K)] 430850K->374546K(560128K), 0.0016362 secs] [Times: user=0.00 sys=0.00, real=0.00 secs] 
1839.328: [GC (Allocation Failure) [PSYoungGen: 57917K->1472K(58368K)] 430866K->374421K(560128K), 0.0019753 secs] [Times: user=0.01 sys=0.00, real=0.00 secs] 
1839.588: [GC (Allocation Failure) [PSYoungGen: 57792K->1376K(58368K)] 430741K->374341K(560128K), 0.0019366 secs] [Times: user=0.01 sys=0.00, real=0.00 secs] 
1839.864: [GC (Allocation Failure) [PSYoungGen: 57696K->1408K(58368K)] 430661K->374389K(560128K), 0.0022759 secs] [Times: user=0.01 sys=0.00, real=0.00 secs] 
1840.134: [GC (Allocation Failure) [PSYoungGen: 57728K->1408K(58368K)] 430709K->374389K(560128K), 0.0023405 secs] [Times: user=0.01 sys=0.00, real=0.00 secs] 
1840.588: [GC (Allocation Failure) [PSYoungGen: 57728K->1344K(58368K)] 430709K->374325K(560128K), 0.0023315 secs] [Times: user=0.01 sys=0.00, real=0.00 secs] 
1841.013: [GC (Allocation Failure) [PSYoungGen: 57664K->1565K(58368K)] 430645K->374554K(560128K), 0.0016682 secs] [Times: user=0.00 sys=0.00, real=0.01 secs] 
1841.354: [GC (Allocation Failure) [PSYoungGen: 57853K->1533K(58368K)] 430842K->374522K(560128K), 0.0017831 secs] [Times: user=0.01 sys=0.00, real=0.00 secs] 
1841.737: [GC (Allocation Failure) [PSYoungGen: 57853K->1536K(58368K)] 430842K->374525K(560128K), 0.0018059 secs] [Times: user=0.01 sys=0.00, real=0.00 secs] 
1842.125: [GC (Allocation Failure) [PSYoungGen: 57856K->1536K(58368K)] 430845K->374525K(560128K), 0.0016947 secs] [Times: user=0.00 sys=0.00, real=0.00 secs] 
1842.432: [GC (Allocation Failure) [PSYoungGen: 57856K->1408K(58368K)] 430845K->374397K(560128K), 0.0023456 secs] [Times: user=0.01 sys=0.00, real=0.01 secs] 
1842.667: [GC (Allocation Failure) [PSYoungGen: 57728K->1376K(58368K)] 430717K->374365K(560128K), 0.0021736 secs] [Times: user=0.01 sys=0.00, real=0.00 secs] 
1842.914: [GC (Allocation Failure) [PSYoungGen: 57696K->1424K(58368K)] 430685K->374413K(560128K), 0.0020102 secs] [Times: user=0.01 sys=0.00, real=0.00 secs] 
1843.148: [GC (Allocation Failure) [PSYoungGen: 57744K->1376K(58368K)] 430733K->374365K(560128K), 0.0021552 secs] [Times: user=0.01 sys=0.00, real=0.00 secs] 
1843.383: [GC (Allocation Failure) [PSYoungGen: 57696K->1360K(58368K)] 430685K->374349K(560128K), 0.0020373 secs] [Times: user=0.01 sys=0.00, real=0.01 secs] 
1843.755: [GC (Allocation Failure) [PSYoungGen: 57649K->1501K(58368K)] 430638K->374490K(560128K), 0.0016582 secs] [Times: user=0.01 sys=0.00, real=0.00 secs] 
1844.082: [GC (Allocation Failure) [PSYoungGen: 57821K->1597K(58368K)] 430810K->374602K(560128K), 0.0016464 secs] [Times: user=0.01 sys=0.00, real=0.01 secs] 
1844.411: [GC (Allocation Failure) [PSYoungGen: 57917K->1536K(58368K)] 430922K->374541K(560128K), 0.0017409 secs] [Times: user=0.01 sys=0.00, real=0.00 secs] 
1844.741: [GC (Allocation Failure) [PSYoungGen: 57856K->1536K(58368K)] 430861K->374541K(560128K), 0.0016604 secs] [Times: user=0.01 sys=0.00, real=0.00 secs] 
1845.149: [GC (Allocation Failure) [PSYoungGen: 57856K->1472K(58368K)] 430861K->374477K(560128K), 0.0020788 secs] [Times: user=0.01 sys=0.00, real=0.00 secs] 
1845.592: [GC (Allocation Failure) [PSYoungGen: 57792K->1376K(58368K)] 430797K->374381K(560128K), 0.0019676 secs] [Times: user=0.00 sys=0.00, real=0.01 secs] 
1846.039: [GC (Allocation Failure) [PSYoungGen: 57696K->1408K(58368K)] 430701K->374413K(560128K), 0.0022238 secs] [Times: user=0.01 sys=0.00, real=0.00 secs] 
1846.306: [GC (Allocation Failure) [PSYoungGen: 57728K->1376K(58368K)] 430733K->374381K(560128K), 0.0020698 secs] [Times: user=0.01 sys=0.00, real=0.00 secs] 
1846.562: [GC (Allocation Failure) [PSYoungGen: 57696K->1408K(58368K)] 430701K->374413K(560128K), 0.0021228 secs] [Times: user=0.01 sys=0.00, real=0.01 secs] 
1846.886: [GC (Allocation Failure) [PSYoungGen: 57728K->1437K(58368K)] 430733K->374442K(560128K), 0.0016304 secs] [Times: user=0.01 sys=0.00, real=0.00 secs] 
1847.215: [GC (Allocation Failure) [PSYoungGen: 57757K->1597K(58368K)] 430762K->374618K(560128K), 0.0017202 secs] [Times: user=0.01 sys=0.00, real=0.00 secs] 
1847.545: [GC (Allocation Failure) [PSYoungGen: 57887K->1597K(58368K)] 430908K->374618K(560128K), 0.0017174 secs] [Times: user=0.00 sys=0.00, real=0.00 secs] 
1847.874: [GC (Allocation Failure) [PSYoungGen: 57917K->1565K(58368K)] 430938K->374586K(560128K), 0.0017511 secs] [Times: user=0.00 sys=0.00, real=0.00 secs] 
1848.205: [GC (Allocation Failure) [PSYoungGen: 57885K->1485K(58368K)] 430906K->374506K(560128K), 0.0016040 secs] [Times: user=0.00 sys=0.00, real=0.00 secs] 
1848.889: [GC (Allocation Failure) [PSYoungGen: 57805K->1440K(58368K)] 430826K->374461K(560128K), 0.0017352 secs] [Times: user=0.00 sys=0.00, real=0.00 secs] 
1849.212: [GC (Allocation Failure) [PSYoungGen: 57760K->1360K(58368K)] 430781K->374381K(560128K), 0.0023650 secs] [Times: user=0.01 sys=0.00, real=0.01 secs] 
1849.482: [GC (Allocation Failure) [PSYoungGen: 57680K->1408K(58368K)] 430701K->374429K(560128K), 0.0021505 secs] [Times: user=0.01 sys=0.00, real=0.01 secs] 
1849.798: [GC (Allocation Failure) [PSYoungGen: 57728K->1376K(58368K)] 430749K->374397K(560128K), 0.0022371 secs] [Times: user=0.01 sys=0.00, real=0.00 secs] 
1850.055: [GC (Allocation Failure) [PSYoungGen: 57595K->288K(58368K)] 430616K->373309K(560128K), 0.0031896 secs] [Times: user=0.02 sys=0.00, real=0.00 secs] 
1850.489: [GC (Allocation Failure) [PSYoungGen: 56608K->1597K(58368K)] 429629K->374650K(560128K), 0.0018146 secs] [Times: user=0.00 sys=0.00, real=0.00 secs] 
1850.819: [GC (Allocation Failure) [PSYoungGen: 57909K->1597K(58368K)] 430962K->374650K(560128K), 0.0017858 secs] [Times: user=0.01 sys=0.00, real=0.00 secs] 
1851.148: [GC (Allocation Failure) [PSYoungGen: 57917K->1533K(58368K)] 430970K->374586K(560128K), 0.0017272 secs] [Times: user=0.01 sys=0.00, real=0.00 secs] 
1851.487: [GC (Allocation Failure) [PSYoungGen: 57853K->1565K(58368K)] 430906K->374618K(560128K), 0.0016816 secs] [Times: user=0.01 sys=0.00, real=0.00 secs] 
1852.161: [GC (Allocation Failure) [PSYoungGen: 57885K->1440K(58368K)] 430938K->374493K(560128K), 0.0043851 secs] [Times: user=0.01 sys=0.00, real=0.01 secs] 
1852.812: [GC (Allocation Failure) [PSYoungGen: 57760K->1376K(58368K)] 430813K->374437K(560128K), 0.0040854 secs] [Times: user=0.02 sys=0.00, real=0.01 secs] 
1853.303: [GC (Allocation Failure) [PSYoungGen: 57696K->1376K(58368K)] 430757K->374437K(560128K), 0.0028070 secs] [Times: user=0.01 sys=0.01, real=0.01 secs] 
1853.777: [GC (Allocation Failure) [PSYoungGen: 57696K->1408K(58368K)] 430757K->374469K(560128K), 0.0026962 secs] [Times: user=0.01 sys=0.00, real=0.00 secs] 
1854.138: [GC (Allocation Failure) [PSYoungGen: 57728K->1376K(58368K)] 430789K->374437K(560128K), 0.0022488 secs] [Times: user=0.01 sys=0.00, real=0.00 secs] 
1854.581: [GC (Allocation Failure) [PSYoungGen: 57692K->1469K(58368K)] 430753K->374530K(560128K), 0.0016544 secs] [Times: user=0.00 sys=0.00, real=0.00 secs] 
1854.908: [GC (Allocation Failure) [PSYoungGen: 57789K->1533K(58368K)] 430850K->374602K(560128K), 0.0017949 secs] [Times: user=0.00 sys=0.00, real=0.00 secs] 
1855.307: [GC (Allocation Failure) [PSYoungGen: 57853K->1565K(58368K)] 430922K->374634K(560128K), 0.0017906 secs] [Times: user=0.00 sys=0.00, real=0.00 secs] 
1855.635: [GC (Allocation Failure) [PSYoungGen: 57885K->1597K(58368K)] 430954K->374666K(560128K), 0.0016692 secs] [Times: user=0.01 sys=0.00, real=0.00 secs] 
1855.990: [GC (Allocation Failure) [PSYoungGen: 57917K->1504K(58368K)] 430986K->374573K(560128K), 0.0021140 secs] [Times: user=0.01 sys=0.00, real=0.00 secs] 
1856.258: [GC (Allocation Failure) [PSYoungGen: 57824K->1376K(58368K)] 430893K->374445K(560128K), 0.0021562 secs] [Times: user=0.01 sys=0.00, real=0.00 secs] 
1856.492: [GC (Allocation Failure) [PSYoungGen: 57696K->1408K(58368K)] 430765K->374477K(560128K), 0.0020267 secs] [Times: user=0.01 sys=0.00, real=0.01 secs] 
1856.745: [GC (Allocation Failure) [PSYoungGen: 57728K->1440K(58368K)] 430797K->374509K(560128K), 0.0020952 secs] [Times: user=0.01 sys=0.00, real=0.00 secs] 
1856.980: [GC (Allocation Failure) [PSYoungGen: 57760K->1392K(58368K)] 430829K->374461K(560128K), 0.0020718 secs] [Times: user=0.01 sys=0.00, real=0.00 secs] 
1857.418: [GC (Allocation Failure) [PSYoungGen: 57693K->1469K(58368K)] 430762K->374538K(560128K), 0.0015653 secs] [Times: user=0.01 sys=0.00, real=0.00 secs] 
1857.746: [GC (Allocation Failure) [PSYoungGen: 57789K->1533K(58368K)] 430858K->374618K(560128K), 0.0017207 secs] [Times: user=0.01 sys=0.00, real=0.00 secs] 
1858.076: [GC (Allocation Failure) [PSYoungGen: 57827K->1581K(58368K)] 430912K->374666K(560128K), 0.0017314 secs] [Times: user=0.01 sys=0.00, real=0.00 secs] 
1858.464: [GC (Allocation Failure) [PSYoungGen: 57901K->1565K(58368K)] 430986K->374650K(560128K), 0.0018586 secs] [Times: user=0.01 sys=0.00, real=0.00 secs] 
1858.788: [GC (Allocation Failure) [PSYoungGen: 57640K->320K(58368K)] 430725K->373405K(560128K), 0.0014838 secs] [Times: user=0.01 sys=0.00, real=0.00 secs] 
1859.445: [GC (Allocation Failure) [PSYoungGen: 56640K->1376K(58368K)] 429725K->374461K(560128K), 0.0022686 secs] [Times: user=0.01 sys=0.00, real=0.00 secs] 
1859.986: [GC (Allocation Failure) [PSYoungGen: 57696K->1440K(58368K)] 430781K->374525K(560128K), 0.0025851 secs] [Times: user=0.02 sys=0.00, real=0.00 secs] 
1860.394: [GC (Allocation Failure) [PSYoungGen: 57760K->1408K(58368K)] 430845K->374509K(560128K), 0.0028796 secs] [Times: user=0.01 sys=0.00, real=0.00 secs] 
1860.630: [GC (Allocation Failure) [PSYoungGen: 57728K->1392K(58368K)] 430829K->374493K(560128K), 0.0022655 secs] [Times: user=0.01 sys=0.00, real=0.00 secs] 
1860.877: [GC (Allocation Failure) [PSYoungGen: 57682K->1517K(58368K)] 430783K->374618K(560128K), 0.0021120 secs] [Times: user=0.01 sys=0.00, real=0.00 secs] 
1861.224: [GC (Allocation Failure) [PSYoungGen: 57837K->1581K(58368K)] 430938K->374690K(560128K), 0.0017613 secs] [Times: user=0.00 sys=0.00, real=0.00 secs] 
1861.557: [GC (Allocation Failure) [PSYoungGen: 57876K->1565K(58368K)] 430986K->374674K(560128K), 0.0017488 secs] [Times: user=0.01 sys=0.00, real=0.00 secs] 
1861.953: [GC (Allocation Failure) [PSYoungGen: 57885K->1533K(58368K)] 430994K->374642K(560128K), 0.0016988 secs] [Times: user=0.00 sys=0.00, real=0.01 secs] 
1862.281: [GC (Allocation Failure) [PSYoungGen: 57853K->1597K(58368K)] 430962K->374706K(560128K), 0.0016684 secs] [Times: user=0.01 sys=0.00, real=0.00 secs] 
1862.855: [GC (Allocation Failure) [PSYoungGen: 57917K->1440K(58368K)] 431026K->374549K(560128K), 0.0032383 secs] [Times: user=0.01 sys=0.00, real=0.00 secs] 
1863.531: [GC (Allocation Failure) [PSYoungGen: 57760K->1376K(58368K)] 430869K->374485K(560128K), 0.0035576 secs] [Times: user=0.02 sys=0.00, real=0.01 secs] 
1863.909: [GC (Allocation Failure) [PSYoungGen: 57696K->1376K(58368K)] 430805K->374485K(560128K), 0.0023492 secs] [Times: user=0.01 sys=0.00, real=0.00 secs] 
1864.143: [GC (Allocation Failure) [PSYoungGen: 57696K->1360K(58368K)] 430805K->374469K(560128K), 0.0021833 secs] [Times: user=0.01 sys=0.00, real=0.00 secs] 
1864.456: [GC (Allocation Failure) [PSYoungGen: 57680K->1408K(58368K)] 430789K->374517K(560128K), 0.0022117 secs] [Times: user=0.01 sys=0.00, real=0.00 secs] 
1864.833: [GC (Allocation Failure) [PSYoungGen: 57728K->1533K(58368K)] 430837K->374650K(560128K), 0.0016715 secs] [Times: user=0.01 sys=0.00, real=0.01 secs] 
1865.161: [GC (Allocation Failure) [PSYoungGen: 57853K->1613K(58368K)] 430970K->374738K(560128K), 0.0017049 secs] [Times: user=0.00 sys=0.00, real=0.00 secs] 
1865.490: [GC (Allocation Failure) [PSYoungGen: 57933K->1597K(58368K)] 431058K->374722K(560128K), 0.0017161 secs] [Times: user=0.00 sys=0.00, real=0.00 secs] 
1865.822: [GC (Allocation Failure) [PSYoungGen: 57917K->1536K(58368K)] 431042K->374661K(560128K), 0.0016243 secs] [Times: user=0.01 sys=0.00, real=0.01 secs] 
1866.244: [GC (Allocation Failure) [PSYoungGen: 57856K->1504K(58368K)] 430981K->374629K(560128K), 0.0019688 secs] [Times: user=0.00 sys=0.01, real=0.00 secs] 
1866.673: [GC (Allocation Failure) [PSYoungGen: 57824K->1376K(58368K)] 430949K->374501K(560128K), 0.0020634 secs] [Times: user=0.01 sys=0.00, real=0.01 secs] 
1866.920: [GC (Allocation Failure) [PSYoungGen: 57696K->1408K(58368K)] 430821K->374533K(560128K), 0.0019884 secs] [Times: user=0.01 sys=0.00, real=0.00 secs] 
1867.186: [GC (Allocation Failure) [PSYoungGen: 57728K->1376K(58368K)] 430853K->374501K(560128K), 0.0021474 secs] [Times: user=0.01 sys=0.00, real=0.00 secs] 
1867.468: [GC (Allocation Failure) [PSYoungGen: 57696K->1344K(58368K)] 430821K->374469K(560128K), 0.0021272 secs] [Times: user=0.01 sys=0.00, real=0.00 secs] 
1867.809: [GC (Allocation Failure) [PSYoungGen: 57664K->1469K(58368K)] 430789K->374594K(560128K), 0.0017145 secs] [Times: user=0.00 sys=0.00, real=0.00 secs] 
1868.139: [GC (Allocation Failure) [PSYoungGen: 57773K->1568K(58368K)] 430898K->374709K(560128K), 0.0017065 secs] [Times: user=0.01 sys=0.00, real=0.00 secs] 
1868.466: [GC (Allocation Failure) [PSYoungGen: 57888K->1565K(58368K)] 431029K->374706K(560128K), 0.0016470 secs] [Times: user=0.01 sys=0.00, real=0.00 secs] 
1868.795: [GC (Allocation Failure) [PSYoungGen: 57885K->1613K(58368K)] 431026K->374754K(560128K), 0.0017701 secs] [Times: user=0.01 sys=0.00, real=0.00 secs] 
1869.113: [GC (Allocation Failure) [PSYoungGen: 56918K->320K(58368K)] 430059K->373461K(560128K), 0.0016528 secs] [Times: user=0.00 sys=0.00, real=0.01 secs] 
1870.261: [GC (Allocation Failure) [PSYoungGen: 56640K->1376K(58368K)] 429781K->374517K(560128K), 0.0040385 secs] [Times: user=0.02 sys=0.00, real=0.01 secs] 
1870.681: [GC (Allocation Failure) [PSYoungGen: 57696K->1408K(58368K)] 430837K->374565K(560128K), 0.0023782 secs] [Times: user=0.01 sys=0.00, real=0.01 secs] 
1870.910: [GC (Allocation Failure) [PSYoungGen: 57728K->1408K(58368K)] 430885K->374565K(560128K), 0.0021743 secs] [Times: user=0.01 sys=0.00, real=0.00 secs] 
1871.217: [GC (Allocation Failure) [PSYoungGen: 57728K->1376K(58368K)] 430885K->374533K(560128K), 0.0019804 secs] [Times: user=0.01 sys=0.00, real=0.00 secs] 
1871.562: [GC (Allocation Failure) [PSYoungGen: 57696K->1501K(58368K)] 430853K->374658K(560128K), 0.0019230 secs] [Times: user=0.01 sys=0.00, real=0.01 secs] 
1871.922: [GC (Allocation Failure) [PSYoungGen: 57808K->1517K(58368K)] 430965K->374682K(560128K), 0.0016291 secs] [Times: user=0.00 sys=0.00, real=0.01 secs] 
1872.252: [GC (Allocation Failure) [PSYoungGen: 57837K->1565K(58368K)] 431002K->374730K(560128K), 0.0016876 secs] [Times: user=0.01 sys=0.00, real=0.01 secs] 
1872.581: [GC (Allocation Failure) [PSYoungGen: 57885K->1581K(58368K)] 431050K->374746K(560128K), 0.0017304 secs] [Times: user=0.01 sys=0.00, real=0.00 secs] 
1872.909: [GC (Allocation Failure) [PSYoungGen: 57901K->1520K(58368K)] 431066K->374685K(560128K), 0.0017406 secs] [Times: user=0.01 sys=0.00, real=0.00 secs] 
1873.566: [GC (Allocation Failure) [PSYoungGen: 57840K->1472K(58368K)] 431005K->374637K(560128K), 0.0021130 secs] [Times: user=0.01 sys=0.00, real=0.00 secs] 
1874.109: [GC (Allocation Failure) [PSYoungGen: 57792K->1408K(58368K)] 430957K->374573K(560128K), 0.0021284 secs] [Times: user=0.01 sys=0.00, real=0.00 secs] 
1874.447: [GC (Allocation Failure) [PSYoungGen: 57728K->1376K(58368K)] 430893K->374541K(560128K), 0.0021618 secs] [Times: user=0.01 sys=0.00, real=0.00 secs] 
1874.945: [GC (Allocation Failure) [PSYoungGen: 57696K->1376K(58368K)] 430861K->374541K(560128K), 0.0021552 secs] [Times: user=0.01 sys=0.00, real=0.00 secs] 
1875.684: [GC (Allocation Failure) [PSYoungGen: 57696K->1344K(58368K)] 430861K->374509K(560128K), 0.0024700 secs] [Times: user=0.01 sys=0.00, real=0.00 secs] 
1876.262: [GC (Allocation Failure) [PSYoungGen: 57639K->1501K(58368K)] 430804K->374674K(560128K), 0.0016991 secs] [Times: user=0.01 sys=0.00, real=0.01 secs] 
1876.592: [GC (Allocation Failure) [PSYoungGen: 57821K->1597K(58368K)] 430994K->374778K(560128K), 0.0017207 secs] [Times: user=0.01 sys=0.00, real=0.01 secs] 
1876.923: [GC (Allocation Failure) [PSYoungGen: 57917K->1568K(58368K)] 431098K->374749K(560128K), 0.0019121 secs] [Times: user=0.01 sys=0.00, real=0.01 secs] 
1877.253: [GC (Allocation Failure) [PSYoungGen: 57875K->1549K(58368K)] 431056K->374730K(560128K), 0.0017152 secs] [Times: user=0.01 sys=0.00, real=0.00 secs] 
1877.752: [GC (Allocation Failure) [PSYoungGen: 57869K->1488K(58368K)] 431050K->374669K(560128K), 0.0020308 secs] [Times: user=0.00 sys=0.00, real=0.01 secs] 
1878.199: [GC (Allocation Failure) [PSYoungGen: 57808K->1376K(58368K)] 430989K->374557K(560128K), 0.0020157 secs] [Times: user=0.01 sys=0.00, real=0.00 secs] 
1878.703: [GC (Allocation Failure) [PSYoungGen: 57696K->1376K(58368K)] 430877K->374557K(560128K), 0.0042270 secs] [Times: user=0.01 sys=0.00, real=0.01 secs] 
1879.225: [GC (Allocation Failure) [PSYoungGen: 57696K->1408K(58368K)] 430877K->374589K(560128K), 0.0032511 secs] [Times: user=0.01 sys=0.00, real=0.00 secs] 
1879.687: [GC (Allocation Failure) [PSYoungGen: 57728K->1392K(58368K)] 430909K->374573K(560128K), 0.0021847 secs] [Times: user=0.01 sys=0.00, real=0.00 secs] 
1880.457: [GC (Allocation Failure) [PSYoungGen: 57703K->1469K(58368K)] 430884K->374650K(560128K), 0.0017037 secs] [Times: user=0.01 sys=0.00, real=0.00 secs] 
1880.842: [GC (Allocation Failure) [PSYoungGen: 57789K->1565K(58368K)] 430970K->374754K(560128K), 0.0017603 secs] [Times: user=0.00 sys=0.00, real=0.01 secs] 
1881.234: [GC (Allocation Failure) [PSYoungGen: 57885K->1549K(58368K)] 431074K->374738K(560128K), 0.0017829 secs] [Times: user=0.01 sys=0.00, real=0.00 secs] 
1881.567: [GC (Allocation Failure) [PSYoungGen: 57869K->1536K(58368K)] 431058K->374725K(560128K), 0.0017806 secs] [Times: user=0.01 sys=0.00, real=0.00 secs] 
1881.898: [GC (Allocation Failure) [PSYoungGen: 57856K->320K(58368K)] 431045K->373525K(560128K), 0.0015014 secs] [Times: user=0.01 sys=0.00, real=0.00 secs] 
1882.195: [GC (Allocation Failure) [PSYoungGen: 56640K->1392K(58368K)] 429845K->374597K(560128K), 0.0020698 secs] [Times: user=0.01 sys=0.00, real=0.00 secs] 
1882.523: [GC (Allocation Failure) [PSYoungGen: 57712K->1408K(58368K)] 430917K->374613K(560128K), 0.0021214 secs] [Times: user=0.01 sys=0.00, real=0.00 secs] 
1882.763: [GC (Allocation Failure) [PSYoungGen: 57728K->1376K(58368K)] 430933K->374581K(560128K), 0.0020230 secs] [Times: user=0.01 sys=0.00, real=0.01 secs] 
1883.050: [GC (Allocation Failure) [PSYoungGen: 57696K->1392K(58368K)] 430901K->374597K(560128K), 0.0021296 secs] [Times: user=0.01 sys=0.00, real=0.00 secs] 
1883.533: [GC (Allocation Failure) [PSYoungGen: 57707K->1469K(58368K)] 430912K->374674K(560128K), 0.0034234 secs] [Times: user=0.02 sys=0.00, real=0.01 secs] 
1884.000: [GC (Allocation Failure) [PSYoungGen: 57789K->1597K(58368K)] 430994K->374810K(560128K), 0.0017216 secs] [Times: user=0.01 sys=0.00, real=0.00 secs] 
1884.329: [GC (Allocation Failure) [PSYoungGen: 57899K->1549K(58368K)] 431112K->374762K(560128K), 0.0017885 secs] [Times: user=0.01 sys=0.00, real=0.00 secs] 
1884.657: [GC (Allocation Failure) [PSYoungGen: 57869K->1581K(58368K)] 431082K->374794K(560128K), 0.0016793 secs] [Times: user=0.01 sys=0.00, real=0.00 secs] 
1884.986: [GC (Allocation Failure) [PSYoungGen: 57901K->1597K(58368K)] 431114K->374810K(560128K), 0.0018557 secs] [Times: user=0.01 sys=0.00, real=0.00 secs] 
1885.455: [GC (Allocation Failure) [PSYoungGen: 57917K->1424K(58368K)] 431130K->374645K(560128K), 0.0041521 secs] [Times: user=0.02 sys=0.00, real=0.00 secs] 
1885.919: [GC (Allocation Failure) [PSYoungGen: 57744K->1392K(58368K)] 430965K->374613K(560128K), 0.0033038 secs] [Times: user=0.02 sys=0.00, real=0.00 secs] 
1886.385: [GC (Allocation Failure) [PSYoungGen: 57712K->1376K(58368K)] 430933K->374597K(560128K), 0.0028787 secs] [Times: user=0.01 sys=0.00, real=0.00 secs] 
1887.061: [GC (Allocation Failure) [PSYoungGen: 57696K->1344K(58368K)] 430917K->374565K(560128K), 0.0026816 secs] [Times: user=0.01 sys=0.00, real=0.01 secs] 
1887.532: [GC (Allocation Failure) [PSYoungGen: 57664K->1408K(58368K)] 430885K->374629K(560128K), 0.0027839 secs] [Times: user=0.01 sys=0.00, real=0.01 secs] 
1887.985: [GC (Allocation Failure) [PSYoungGen: 57720K->1549K(58368K)] 430941K->374778K(560128K), 0.0016907 secs] [Times: user=0.01 sys=0.00, real=0.00 secs] 
1888.312: [GC (Allocation Failure) [PSYoungGen: 57869K->1581K(58368K)] 431098K->374818K(560128K), 0.0016794 secs] [Times: user=0.01 sys=0.00, real=0.01 secs] 
1888.641: [GC (Allocation Failure) [PSYoungGen: 57901K->1581K(58368K)] 431138K->374818K(560128K), 0.0016908 secs] [Times: user=0.01 sys=0.00, real=0.00 secs] 
1888.970: [GC (Allocation Failure) [PSYoungGen: 57874K->1549K(58368K)] 431111K->374786K(560128K), 0.0016456 secs] [Times: user=0.01 sys=0.00, real=0.00 secs] 
1889.809: [GC (Allocation Failure) [PSYoungGen: 57869K->1504K(58368K)] 431106K->374741K(560128K), 0.0029428 secs] [Times: user=0.01 sys=0.00, real=0.00 secs] 
1890.532: [GC (Allocation Failure) [PSYoungGen: 57824K->1376K(58368K)] 431061K->374613K(560128K), 0.0024394 secs] [Times: user=0.01 sys=0.00, real=0.01 secs] 
1890.975: [GC (Allocation Failure) [PSYoungGen: 57696K->1408K(58368K)] 430933K->374645K(560128K), 0.0024932 secs] [Times: user=0.02 sys=0.00, real=0.00 secs] 
1891.457: [GC (Allocation Failure) [PSYoungGen: 57728K->1376K(58368K)] 430965K->374613K(560128K), 0.0024422 secs] [Times: user=0.01 sys=0.00, real=0.00 secs] 
1891.870: [GC (Allocation Failure) [PSYoungGen: 57696K->1408K(58368K)] 430933K->374645K(560128K), 0.0022659 secs] [Times: user=0.01 sys=0.00, real=0.00 secs] 
1892.267: [GC (Allocation Failure) [PSYoungGen: 57721K->1517K(58368K)] 430958K->374778K(560128K), 0.0016397 secs] [Times: user=0.01 sys=0.00, real=0.00 secs] 
1892.606: [GC (Allocation Failure) [PSYoungGen: 57837K->1501K(58368K)] 431098K->374778K(560128K), 0.0018646 secs] [Times: user=0.01 sys=0.00, real=0.00 secs] 
1892.995: [GC (Allocation Failure) [PSYoungGen: 57789K->1565K(58368K)] 431066K->374842K(560128K), 0.0017726 secs] [Times: user=0.00 sys=0.00, real=0.00 secs] 
1893.324: [GC (Allocation Failure) [PSYoungGen: 57885K->1501K(58368K)] 431162K->374778K(560128K), 0.0017284 secs] [Times: user=0.01 sys=0.00, real=0.00 secs] 
1893.645: [GC (Allocation Failure) [PSYoungGen: 57321K->320K(58368K)] 430598K->373597K(560128K), 0.0014754 secs] [Times: user=0.00 sys=0.00, real=0.00 secs] 
1893.904: [GC (Allocation Failure) [PSYoungGen: 56640K->1344K(58368K)] 429917K->374621K(560128K), 0.0020375 secs] [Times: user=0.01 sys=0.00, real=0.00 secs] 
1894.139: [GC (Allocation Failure) [PSYoungGen: 57664K->1376K(58368K)] 430941K->374653K(560128K), 0.0019649 secs] [Times: user=0.00 sys=0.00, real=0.00 secs] 
1894.373: [GC (Allocation Failure) [PSYoungGen: 57696K->1408K(58368K)] 430973K->374685K(560128K), 0.0020190 secs] [Times: user=0.01 sys=0.00, real=0.00 secs] 
1894.607: [GC (Allocation Failure) [PSYoungGen: 57728K->1408K(58368K)] 431005K->374685K(560128K), 0.0021176 secs] [Times: user=0.01 sys=0.00, real=0.00 secs] 
1894.918: [GC (Allocation Failure) [PSYoungGen: 57728K->1501K(58368K)] 431005K->374778K(560128K), 0.0021281 secs] [Times: user=0.01 sys=0.00, real=0.00 secs] 
1895.272: [GC (Allocation Failure) [PSYoungGen: 57821K->1533K(58368K)] 431098K->374818K(560128K), 0.0016195 secs] [Times: user=0.01 sys=0.00, real=0.01 secs] 
1895.602: [GC (Allocation Failure) [PSYoungGen: 57829K->1501K(58368K)] 431114K->374786K(560128K), 0.0017585 secs] [Times: user=0.01 sys=0.00, real=0.01 secs] 
1895.931: [GC (Allocation Failure) [PSYoungGen: 57821K->1565K(58368K)] 431106K->374850K(560128K), 0.0017210 secs] [Times: user=0.01 sys=0.00, real=0.00 secs] 
1896.260: [GC (Allocation Failure) [PSYoungGen: 57885K->1568K(58368K)] 431170K->374853K(560128K), 0.0016355 secs] [Times: user=0.01 sys=0.00, real=0.00 secs] 
1896.555: [GC (Allocation Failure) [PSYoungGen: 57888K->1408K(58368K)] 431173K->374701K(560128K), 0.0019091 secs] [Times: user=0.01 sys=0.00, real=0.00 secs] 
1896.789: [GC (Allocation Failure) [PSYoungGen: 57728K->1376K(58368K)] 431021K->374669K(560128K), 0.0018699 secs] [Times: user=0.01 sys=0.00, real=0.00 secs] 
1897.023: [GC (Allocation Failure) [PSYoungGen: 57696K->1408K(58368K)] 430989K->374701K(560128K), 0.0017844 secs] [Times: user=0.01 sys=0.00, real=0.01 secs] 
1897.256: [GC (Allocation Failure) [PSYoungGen: 57728K->1424K(58368K)] 431021K->374717K(560128K), 0.0018440 secs] [Times: user=0.01 sys=0.00, real=0.00 secs] 
1897.490: [GC (Allocation Failure) [PSYoungGen: 57744K->1344K(58368K)] 431037K->374637K(560128K), 0.0018336 secs] [Times: user=0.00 sys=0.00, real=0.00 secs] 
1897.804: [GC (Allocation Failure) [PSYoungGen: 57664K->1501K(58368K)] 430957K->374802K(560128K), 0.0017089 secs] [Times: user=0.01 sys=0.00, real=0.00 secs] 
1898.132: [GC (Allocation Failure) [PSYoungGen: 57814K->1581K(58368K)] 431115K->374898K(560128K), 0.0016535 secs] [Times: user=0.01 sys=0.00, real=0.01 secs] 
1898.459: [GC (Allocation Failure) [PSYoungGen: 57901K->1581K(58368K)] 431218K->374898K(560128K), 0.0017065 secs] [Times: user=0.01 sys=0.00, real=0.00 secs] 
1898.788: [GC (Allocation Failure) [PSYoungGen: 57901K->1597K(58368K)] 431218K->374914K(560128K), 0.0016614 secs] [Times: user=0.01 sys=0.00, real=0.00 secs] 
1899.280: [GC (Allocation Failure) [PSYoungGen: 57917K->1440K(58368K)] 431234K->374757K(560128K), 0.0019853 secs] [Times: user=0.01 sys=0.00, real=0.00 secs] 
1899.774: [GC (Allocation Failure) [PSYoungGen: 57760K->1344K(58368K)] 431077K->374685K(560128K), 0.0039414 secs] [Times: user=0.02 sys=0.00, real=0.00 secs] 
1900.008: [GC (Allocation Failure) [PSYoungGen: 57664K->1392K(58368K)] 431005K->374733K(560128K), 0.0024894 secs] [Times: user=0.01 sys=0.00, real=0.00 secs] 
1900.321: [GC (Allocation Failure) [PSYoungGen: 57712K->1344K(58368K)] 431053K->374685K(560128K), 0.0022344 secs] [Times: user=0.01 sys=0.00, real=0.01 secs] 
1900.555: [GC (Allocation Failure) [PSYoungGen: 57664K->1344K(58368K)] 431005K->374685K(560128K), 0.0021416 secs] [Times: user=0.01 sys=0.00, real=0.00 secs] 
1900.850: [GC (Allocation Failure) [PSYoungGen: 57634K->1501K(58368K)] 430975K->374842K(560128K), 0.0016524 secs] [Times: user=0.01 sys=0.00, real=0.00 secs] 
1901.179: [GC (Allocation Failure) [PSYoungGen: 57821K->1597K(58368K)] 431162K->374962K(560128K), 0.0016917 secs] [Times: user=0.01 sys=0.00, real=0.00 secs] 
1901.508: [GC (Allocation Failure) [PSYoungGen: 57885K->1565K(58368K)] 431250K->374930K(560128K), 0.0017244 secs] [Times: user=0.00 sys=0.00, real=0.00 secs] 
1901.839: [GC (Allocation Failure) [PSYoungGen: 57885K->1533K(58368K)] 431250K->374898K(560128K), 0.0017163 secs] [Times: user=0.01 sys=0.00, real=0.00 secs] 
1902.515: [GC (Allocation Failure) [PSYoungGen: 57853K->1568K(58368K)] 431218K->374933K(560128K), 0.0025308 secs] [Times: user=0.01 sys=0.00, real=0.00 secs] 
1903.406: [GC (Allocation Failure) [PSYoungGen: 57888K->1376K(58368K)] 431253K->374741K(560128K), 0.0041205 secs] [Times: user=0.02 sys=0.00, real=0.00 secs] 
1904.108: [GC (Allocation Failure) [PSYoungGen: 57696K->1408K(58368K)] 431061K->374773K(560128K), 0.0020992 secs] [Times: user=0.00 sys=0.00, real=0.00 secs] 
1904.756: [GC (Allocation Failure) [PSYoungGen: 57728K->1392K(58368K)] 431093K->374757K(560128K), 0.0019788 secs] [Times: user=0.01 sys=0.00, real=0.00 secs] 
1905.513: [GC (Allocation Failure) [PSYoungGen: 57712K->1408K(58368K)] 431077K->374781K(560128K), 0.0021958 secs] [Times: user=0.01 sys=0.00, real=0.00 secs] 
1906.086: [GC (Allocation Failure) [PSYoungGen: 57728K->1501K(58368K)] 431101K->374874K(560128K), 0.0022546 secs] [Times: user=0.01 sys=0.00, real=0.00 secs] 
1906.438: [GC (Allocation Failure) [PSYoungGen: 57821K->1517K(58368K)] 431194K->374906K(560128K), 0.0016382 secs] [Times: user=0.01 sys=0.00, real=0.00 secs] 
1906.770: [GC (Allocation Failure) [PSYoungGen: 57837K->1581K(58368K)] 431226K->374970K(560128K), 0.0016318 secs] [Times: user=0.00 sys=0.00, real=0.00 secs] 
1907.101: [GC (Allocation Failure) [PSYoungGen: 57869K->1533K(58368K)] 431259K->374922K(560128K), 0.0017150 secs] [Times: user=0.00 sys=0.00, real=0.00 secs] 
1907.429: [GC (Allocation Failure) [PSYoungGen: 57853K->1581K(58368K)] 431242K->374970K(560128K), 0.0016751 secs] [Times: user=0.01 sys=0.00, real=0.00 secs] 
1907.684: [GC (Allocation Failure) [PSYoungGen: 57901K->1408K(58368K)] 431290K->374797K(560128K), 0.0017222 secs] [Times: user=0.01 sys=0.00, real=0.00 secs] 
1908.019: [GC (Allocation Failure) [PSYoungGen: 57728K->1376K(58368K)] 431117K->374765K(560128K), 0.0018311 secs] [Times: user=0.01 sys=0.00, real=0.00 secs] 
1908.440: [GC (Allocation Failure) [PSYoungGen: 57696K->1376K(58368K)] 431085K->374765K(560128K), 0.0018230 secs] [Times: user=0.01 sys=0.00, real=0.00 secs] 
1908.894: [GC (Allocation Failure) [PSYoungGen: 57696K->1408K(58368K)] 431085K->374797K(560128K), 0.0018801 secs] [Times: user=0.01 sys=0.00, real=0.00 secs] 
1909.371: [GC (Allocation Failure) [PSYoungGen: 57728K->1376K(58368K)] 431117K->374765K(560128K), 0.0019689 secs] [Times: user=0.01 sys=0.00, real=0.00 secs] 
1909.752: [GC (Allocation Failure) [PSYoungGen: 57696K->1469K(58368K)] 431085K->374874K(560128K), 0.0016192 secs] [Times: user=0.01 sys=0.00, real=0.01 secs] 
1910.082: [GC (Allocation Failure) [PSYoungGen: 57789K->1597K(58368K)] 431194K->375002K(560128K), 0.0018309 secs] [Times: user=0.01 sys=0.00, real=0.01 secs] 
1910.411: [GC (Allocation Failure) [PSYoungGen: 57917K->1597K(58368K)] 431322K->375002K(560128K), 0.0017060 secs] [Times: user=0.01 sys=0.00, real=0.01 secs] 
1910.741: [GC (Allocation Failure) [PSYoungGen: 57901K->1568K(58368K)] 431307K->374973K(560128K), 0.0017437 secs] [Times: user=0.01 sys=0.00, real=0.01 secs] 
1911.094: [GC (Allocation Failure) [PSYoungGen: 57888K->1456K(58368K)] 431293K->374877K(560128K), 0.0020890 secs] [Times: user=0.01 sys=0.00, real=0.00 secs] 
1911.329: [GC (Allocation Failure) [PSYoungGen: 57776K->1408K(58368K)] 431197K->374829K(560128K), 0.0019406 secs] [Times: user=0.01 sys=0.00, real=0.00 secs] 
1911.563: [GC (Allocation Failure) [PSYoungGen: 57728K->1408K(58368K)] 431149K->374829K(560128K), 0.0019469 secs] [Times: user=0.00 sys=0.00, real=0.01 secs] 
1911.796: [GC (Allocation Failure) [PSYoungGen: 57728K->1408K(58368K)] 431149K->374829K(560128K), 0.0022190 secs] [Times: user=0.00 sys=0.00, real=0.00 secs] 
1912.136: [GC (Allocation Failure) [PSYoungGen: 57728K->1408K(58368K)] 431149K->374829K(560128K), 0.0029112 secs] [Times: user=0.01 sys=0.00, real=0.00 secs] 
1912.538: [GC (Allocation Failure) [PSYoungGen: 57718K->1453K(58368K)] 431140K->374874K(560128K), 0.0016174 secs] [Times: user=0.00 sys=0.00, real=0.00 secs] 
1912.872: [GC (Allocation Failure) [PSYoungGen: 57773K->1581K(58368K)] 431194K->375018K(560128K), 0.0016572 secs] [Times: user=0.00 sys=0.00, real=0.01 secs] 
1913.209: [GC (Allocation Failure) [PSYoungGen: 57896K->1549K(58368K)] 431334K->374986K(560128K), 0.0016722 secs] [Times: user=0.00 sys=0.00, real=0.00 secs] 
1913.537: [GC (Allocation Failure) [PSYoungGen: 57866K->1533K(58368K)] 431303K->374970K(560128K), 0.0017045 secs] [Times: user=0.00 sys=0.00, real=0.00 secs] 
1914.022: [GC (Allocation Failure) [PSYoungGen: 57853K->1696K(58368K)] 431290K->375133K(560128K), 0.0027166 secs] [Times: user=0.01 sys=0.00, real=0.01 secs] 
1914.816: [GC (Allocation Failure) [PSYoungGen: 58016K->1344K(58368K)] 431453K->374781K(560128K), 0.0027279 secs] [Times: user=0.01 sys=0.00, real=0.00 secs] 
1915.300: [GC (Allocation Failure) [PSYoungGen: 57664K->1408K(58368K)] 431101K->374845K(560128K), 0.0028782 secs] [Times: user=0.02 sys=0.00, real=0.00 secs] 
1915.801: [GC (Allocation Failure) [PSYoungGen: 57728K->1376K(58368K)] 431165K->374813K(560128K), 0.0025249 secs] [Times: user=0.01 sys=0.00, real=0.01 secs] 
1916.064: [GC (Allocation Failure) [PSYoungGen: 57696K->1392K(58368K)] 431133K->374829K(560128K), 0.0021678 secs] [Times: user=0.01 sys=0.00, real=0.00 secs] 
1916.409: [GC (Allocation Failure) [PSYoungGen: 57712K->1437K(58368K)] 431149K->374874K(560128K), 0.0015980 secs] [Times: user=0.01 sys=0.00, real=0.00 secs] 
1916.742: [GC (Allocation Failure) [PSYoungGen: 57757K->1565K(58368K)] 431194K->375010K(560128K), 0.0016801 secs] [Times: user=0.00 sys=0.00, real=0.01 secs] 
1917.073: [GC (Allocation Failure) [PSYoungGen: 57885K->1565K(58368K)] 431330K->375010K(560128K), 0.0016395 secs] [Times: user=0.01 sys=0.00, real=0.00 secs] 
1917.403: [GC (Allocation Failure) [PSYoungGen: 57885K->1581K(58368K)] 431330K->375026K(560128K), 0.0016789 secs] [Times: user=0.00 sys=0.00, real=0.01 secs] 
1917.732: [GC (Allocation Failure) [PSYoungGen: 57901K->1565K(58368K)] 431346K->375010K(560128K), 0.0016983 secs] [Times: user=0.00 sys=0.00, real=0.01 secs] 
1918.777: [GC (Allocation Failure) [PSYoungGen: 57885K->1440K(58368K)] 431330K->374885K(560128K), 0.0032995 secs] [Times: user=0.01 sys=0.00, real=0.00 secs] 
1919.631: [GC (Allocation Failure) [PSYoungGen: 57760K->1376K(58368K)] 431205K->374821K(560128K), 0.0027582 secs] [Times: user=0.01 sys=0.00, real=0.01 secs] 
1920.589: [GC (Allocation Failure) [PSYoungGen: 57696K->1392K(58368K)] 431141K->374837K(560128K), 0.0028875 secs] [Times: user=0.01 sys=0.00, real=0.00 secs] 
1921.071: [GC (Allocation Failure) [PSYoungGen: 57712K->1376K(58368K)] 431157K->374821K(560128K), 0.0023800 secs] [Times: user=0.01 sys=0.00, real=0.01 secs] 
1921.306: [GC (Allocation Failure) [PSYoungGen: 57696K->1408K(58368K)] 431141K->374853K(560128K), 0.0021260 secs] [Times: user=0.01 sys=0.00, real=0.00 secs] 
1921.668: [GC (Allocation Failure) [PSYoungGen: 57726K->1501K(58368K)] 431171K->374962K(560128K), 0.0016372 secs] [Times: user=0.01 sys=0.00, real=0.00 secs] 
1921.999: [GC (Allocation Failure) [PSYoungGen: 57821K->1597K(58368K)] 431282K->375082K(560128K), 0.0016686 secs] [Times: user=0.01 sys=0.00, real=0.00 secs] 
1922.328: [GC (Allocation Failure) [PSYoungGen: 57917K->1565K(58368K)] 431402K->375050K(560128K), 0.0016433 secs] [Times: user=0.01 sys=0.00, real=0.00 secs] 
1922.657: [GC (Allocation Failure) [PSYoungGen: 57885K->1581K(58368K)] 431370K->375066K(560128K), 0.0017686 secs] [Times: user=0.01 sys=0.00, real=0.00 secs] 
1923.938: [GC (Allocation Failure) [PSYoungGen: 57901K->1504K(58368K)] 431386K->374989K(560128K), 0.0026544 secs] [Times: user=0.01 sys=0.00, real=0.00 secs] 
1924.332: [GC (Allocation Failure) [PSYoungGen: 57824K->1344K(58368K)] 431309K->374829K(560128K), 0.0022111 secs] [Times: user=0.01 sys=0.01, real=0.01 secs] 
1924.566: [GC (Allocation Failure) [PSYoungGen: 57664K->1440K(58368K)] 431149K->374925K(560128K), 0.0021792 secs] [Times: user=0.01 sys=0.00, real=0.00 secs] 
1924.800: [GC (Allocation Failure) [PSYoungGen: 57760K->1408K(58368K)] 431245K->374893K(560128K), 0.0019735 secs] [Times: user=0.01 sys=0.00, real=0.00 secs] 
1925.034: [GC (Allocation Failure) [PSYoungGen: 57728K->1376K(58368K)] 431213K->374861K(560128K), 0.0021586 secs] [Times: user=0.01 sys=0.00, real=0.00 secs] 
1925.375: [GC (Allocation Failure) [PSYoungGen: 57696K->1565K(58368K)] 431181K->375050K(560128K), 0.0017049 secs] [Times: user=0.01 sys=0.00, real=0.00 secs] 
1925.705: [GC (Allocation Failure) [PSYoungGen: 57865K->1565K(58368K)] 431350K->375066K(560128K), 0.0017708 secs] [Times: user=0.01 sys=0.00, real=0.00 secs] 
1926.035: [GC (Allocation Failure) [PSYoungGen: 57885K->1533K(58368K)] 431386K->375034K(560128K), 0.0017268 secs] [Times: user=0.01 sys=0.00, real=0.00 secs] 
1926.364: [GC (Allocation Failure) [PSYoungGen: 57853K->1565K(58368K)] 431354K->375066K(560128K), 0.0017606 secs] [Times: user=0.01 sys=0.00, real=0.00 secs] 
1926.685: [GC (Allocation Failure) [PSYoungGen: 57885K->2016K(58368K)] 431386K->375517K(560128K), 0.0018518 secs] [Times: user=0.01 sys=0.00, real=0.00 secs] 
1926.987: [GC (Allocation Failure) [PSYoungGen: 58336K->1376K(58368K)] 431837K->374877K(560128K), 0.0019450 secs] [Times: user=0.01 sys=0.00, real=0.00 secs] 
1927.221: [GC (Allocation Failure) [PSYoungGen: 57696K->1376K(58368K)] 431197K->374877K(560128K), 0.0018735 secs] [Times: user=0.01 sys=0.00, real=0.00 secs] 
1927.456: [GC (Allocation Failure) [PSYoungGen: 57696K->1376K(58368K)] 431197K->374877K(560128K), 0.0027238 secs] [Times: user=0.01 sys=0.00, real=0.00 secs] 
1927.690: [GC (Allocation Failure) [PSYoungGen: 57696K->1424K(58368K)] 431197K->374925K(560128K), 0.0021619 secs] [Times: user=0.01 sys=0.00, real=0.00 secs] 
1927.993: [GC (Allocation Failure) [PSYoungGen: 57744K->1469K(58368K)] 431245K->374970K(560128K), 0.0020118 secs] [Times: user=0.01 sys=0.00, real=0.01 secs] 
1928.334: [GC (Allocation Failure) [PSYoungGen: 57789K->1565K(58368K)] 431290K->375074K(560128K), 0.0016115 secs] [Times: user=0.01 sys=0.00, real=0.00 secs] 
1928.664: [GC (Allocation Failure) [PSYoungGen: 57885K->1533K(58368K)] 431394K->375042K(560128K), 0.0017070 secs] [Times: user=0.01 sys=0.00, real=0.00 secs] 
1928.993: [GC (Allocation Failure) [PSYoungGen: 57848K->1549K(58368K)] 431357K->375058K(560128K), 0.0017433 secs] [Times: user=0.01 sys=0.00, real=0.01 secs] 
1929.321: [GC (Allocation Failure) [PSYoungGen: 57869K->1629K(58368K)] 431378K->375154K(560128K), 0.0017188 secs] [Times: user=0.01 sys=0.00, real=0.00 secs] 
1929.616: [GC (Allocation Failure) [PSYoungGen: 57949K->1440K(58368K)] 431474K->374965K(560128K), 0.0019663 secs] [Times: user=0.01 sys=0.00, real=0.00 secs] 
1929.851: [GC (Allocation Failure) [PSYoungGen: 57760K->1408K(58368K)] 431285K->374933K(560128K), 0.0019779 secs] [Times: user=0.01 sys=0.00, real=0.00 secs] 
1930.085: [GC (Allocation Failure) [PSYoungGen: 57728K->1376K(58368K)] 431253K->374901K(560128K), 0.0019765 secs] [Times: user=0.00 sys=0.00, real=0.00 secs] 
1930.319: [GC (Allocation Failure) [PSYoungGen: 57696K->1344K(58368K)] 431221K->374869K(560128K), 0.0020711 secs] [Times: user=0.01 sys=0.00, real=0.00 secs] 
1930.554: [GC (Allocation Failure) [PSYoungGen: 57664K->1344K(58368K)] 431189K->374869K(560128K), 0.0021837 secs] [Times: user=0.01 sys=0.00, real=0.00 secs] 
1930.931: [GC (Allocation Failure) [PSYoungGen: 57654K->1533K(58368K)] 431179K->375066K(560128K), 0.0017555 secs] [Times: user=0.01 sys=0.00, real=0.01 secs] 
1931.260: [GC (Allocation Failure) [PSYoungGen: 57853K->1536K(58368K)] 431386K->375077K(560128K), 0.0017816 secs] [Times: user=0.01 sys=0.00, real=0.00 secs] 
1931.589: [GC (Allocation Failure) [PSYoungGen: 57856K->1533K(58368K)] 431397K->375074K(560128K), 0.0016496 secs] [Times: user=0.01 sys=0.00, real=0.00 secs] 
1931.921: [GC (Allocation Failure) [PSYoungGen: 57853K->1536K(58368K)] 431394K->375077K(560128K), 0.0018619 secs] [Times: user=0.00 sys=0.00, real=0.00 secs] 
1932.332: [GC (Allocation Failure) [PSYoungGen: 57856K->1440K(58368K)] 431397K->374981K(560128K), 0.0019812 secs] [Times: user=0.01 sys=0.00, real=0.01 secs] 
1932.612: [GC (Allocation Failure) [PSYoungGen: 57760K->1376K(58368K)] 431301K->374917K(560128K), 0.0019621 secs] [Times: user=0.01 sys=0.00, real=0.01 secs] 
1932.910: [GC (Allocation Failure) [PSYoungGen: 57696K->1344K(58368K)] 431237K->374885K(560128K), 0.0023083 secs] [Times: user=0.01 sys=0.00, real=0.00 secs] 
1933.205: [GC (Allocation Failure) [PSYoungGen: 57664K->1408K(58368K)] 431205K->374949K(560128K), 0.0021026 secs] [Times: user=0.01 sys=0.00, real=0.00 secs] 
1933.504: [GC (Allocation Failure) [PSYoungGen: 57728K->1376K(58368K)] 431269K->374917K(560128K), 0.0020815 secs] [Times: user=0.01 sys=0.00, real=0.00 secs] 
1933.866: [GC (Allocation Failure) [PSYoungGen: 57696K->1533K(58368K)] 431237K->375082K(560128K), 0.0016533 secs] [Times: user=0.01 sys=0.00, real=0.00 secs] 
1934.195: [GC (Allocation Failure) [PSYoungGen: 57846K->1565K(58368K)] 431395K->375130K(560128K), 0.0016245 secs] [Times: user=0.00 sys=0.00, real=0.00 secs] 
1934.583: [GC (Allocation Failure) [PSYoungGen: 57885K->1597K(58368K)] 431450K->375162K(560128K), 0.0017783 secs] [Times: user=0.01 sys=0.00, real=0.01 secs] 
1934.975: [GC (Allocation Failure) [PSYoungGen: 57917K->1597K(58368K)] 431482K->375170K(560128K), 0.0017238 secs] [Times: user=0.01 sys=0.00, real=0.00 secs] 
1935.482: [GC (Allocation Failure) [PSYoungGen: 57917K->1520K(58368K)] 431490K->375093K(560128K), 0.0025000 secs] [Times: user=0.01 sys=0.00, real=0.01 secs] 
1936.283: [GC (Allocation Failure) [PSYoungGen: 57840K->1408K(58368K)] 431413K->374981K(560128K), 0.0029415 secs] [Times: user=0.02 sys=0.00, real=0.00 secs] 
1936.737: [GC (Allocation Failure) [PSYoungGen: 57728K->1408K(58368K)] 431301K->374981K(560128K), 0.0023812 secs] [Times: user=0.01 sys=0.00, real=0.00 secs] 
1936.969: [GC (Allocation Failure) [PSYoungGen: 57728K->1408K(58368K)] 431301K->374981K(560128K), 0.0020556 secs] [Times: user=0.01 sys=0.00, real=0.00 secs] 
1937.203: [GC (Allocation Failure) [PSYoungGen: 57728K->1376K(58368K)] 431301K->374949K(560128K), 0.0023929 secs] [Times: user=0.01 sys=0.00, real=0.00 secs] 
1937.497: [GC (Allocation Failure) [PSYoungGen: 57675K->1533K(58368K)] 431248K->375106K(560128K), 0.0015998 secs] [Times: user=0.01 sys=0.00, real=0.00 secs] 
1937.827: [GC (Allocation Failure) [PSYoungGen: 57853K->1565K(58368K)] 431426K->375146K(560128K), 0.0017058 secs] [Times: user=0.01 sys=0.00, real=0.00 secs] 
1938.157: [GC (Allocation Failure) [PSYoungGen: 57862K->1597K(58368K)] 431443K->375178K(560128K), 0.0016685 secs] [Times: user=0.01 sys=0.00, real=0.00 secs] 
1938.485: [GC (Allocation Failure) [PSYoungGen: 57917K->1597K(58368K)] 431498K->375178K(560128K), 0.0017403 secs] [Times: user=0.01 sys=0.00, real=0.00 secs] 
1938.816: [GC (Allocation Failure) [PSYoungGen: 57917K->1533K(58368K)] 431498K->375114K(560128K), 0.0016298 secs] [Times: user=0.01 sys=0.00, real=0.00 secs] 
1940.883: [GC (Allocation Failure) [PSYoungGen: 57853K->1408K(58368K)] 431434K->374989K(560128K), 0.0043976 secs] [Times: user=0.02 sys=0.00, real=0.00 secs] 
1941.698: [GC (Allocation Failure) [PSYoungGen: 57728K->1344K(58368K)] 431309K->374925K(560128K), 0.0034162 secs] [Times: user=0.02 sys=0.00, real=0.00 secs] 
1942.251: [GC (Allocation Failure) [PSYoungGen: 57664K->1440K(58368K)] 431245K->375021K(560128K), 0.0032853 secs] [Times: user=0.01 sys=0.00, real=0.01 secs] 
1942.630: [GC (Allocation Failure) [PSYoungGen: 57760K->1376K(58368K)] 431341K->374957K(560128K), 0.0024278 secs] [Times: user=0.01 sys=0.00, real=0.00 secs] 
1943.032: [GC (Allocation Failure) [PSYoungGen: 57696K->1376K(58368K)] 431277K->374981K(560128K), 0.0024881 secs] [Times: user=0.01 sys=0.00, real=0.01 secs] 
1943.494: [GC (Allocation Failure) [PSYoungGen: 57696K->1517K(58368K)] 431301K->375138K(560128K), 0.0017062 secs] [Times: user=0.00 sys=0.01, real=0.00 secs] 
1943.834: [GC (Allocation Failure) [PSYoungGen: 57826K->1565K(58368K)] 431447K->375186K(560128K), 0.0017014 secs] [Times: user=0.01 sys=0.00, real=0.00 secs] 
1944.163: [GC (Allocation Failure) [PSYoungGen: 57885K->1565K(58368K)] 431506K->375186K(560128K), 0.0016863 secs] [Times: user=0.01 sys=0.00, real=0.01 secs] 
1944.492: [GC (Allocation Failure) [PSYoungGen: 57885K->1536K(58368K)] 431506K->375157K(560128K), 0.0017003 secs] [Times: user=0.01 sys=0.00, real=0.01 secs] 
1945.076: [GC (Allocation Failure) [PSYoungGen: 57856K->1472K(58368K)] 431477K->375093K(560128K), 0.0020056 secs] [Times: user=0.00 sys=0.00, real=0.00 secs] 
1945.765: [GC (Allocation Failure) [PSYoungGen: 57792K->1376K(58368K)] 431413K->374997K(560128K), 0.0041336 secs] [Times: user=0.01 sys=0.00, real=0.00 secs] 
1946.651: [GC (Allocation Failure) [PSYoungGen: 57696K->1344K(58368K)] 431317K->374965K(560128K), 0.0042894 secs] [Times: user=0.01 sys=0.00, real=0.01 secs] 
1947.430: [GC (Allocation Failure) [PSYoungGen: 57664K->1408K(58368K)] 431285K->375029K(560128K), 0.0042179 secs] [Times: user=0.02 sys=0.00, real=0.01 secs] 
1947.949: [GC (Allocation Failure) [PSYoungGen: 57728K->1408K(58368K)] 431349K->375029K(560128K), 0.0032101 secs] [Times: user=0.01 sys=0.00, real=0.00 secs] 
1948.377: [GC (Allocation Failure) [PSYoungGen: 57712K->1501K(58368K)] 431333K->375122K(560128K), 0.0016871 secs] [Times: user=0.01 sys=0.00, real=0.00 secs] 
1948.711: [GC (Allocation Failure) [PSYoungGen: 57821K->1533K(58368K)] 431442K->375162K(560128K), 0.0016626 secs] [Times: user=0.01 sys=0.00, real=0.00 secs] 
1949.108: [GC (Allocation Failure) [PSYoungGen: 57853K->1565K(58368K)] 431482K->375194K(560128K), 0.0018257 secs] [Times: user=0.01 sys=0.00, real=0.00 secs] 
1949.438: [GC (Allocation Failure) [PSYoungGen: 57885K->1533K(58368K)] 431514K->375162K(560128K), 0.0016809 secs] [Times: user=0.01 sys=0.00, real=0.00 secs] 
1949.897: [GC (Allocation Failure) [PSYoungGen: 57853K->1488K(58368K)] 431482K->375117K(560128K), 0.0022605 secs] [Times: user=0.01 sys=0.00, real=0.00 secs] 
1950.460: [GC (Allocation Failure) [PSYoungGen: 57808K->1408K(58368K)] 431437K->375037K(560128K), 0.0022200 secs] [Times: user=0.01 sys=0.00, real=0.00 secs] 
1950.953: [GC (Allocation Failure) [PSYoungGen: 57728K->1376K(58368K)] 431357K->375005K(560128K), 0.0034010 secs] [Times: user=0.01 sys=0.00, real=0.01 secs] 
1951.385: [GC (Allocation Failure) [PSYoungGen: 57696K->1408K(58368K)] 431325K->375037K(560128K), 0.0033060 secs] [Times: user=0.02 sys=0.00, real=0.00 secs] 
1951.829: [GC (Allocation Failure) [PSYoungGen: 57728K->1408K(58368K)] 431357K->375037K(560128K), 0.0027293 secs] [Times: user=0.01 sys=0.00, real=0.00 secs] 
1952.387: [GC (Allocation Failure) [PSYoungGen: 57709K->1453K(58368K)] 431338K->375082K(560128K), 0.0020655 secs] [Times: user=0.01 sys=0.00, real=0.00 secs] 
1952.727: [GC (Allocation Failure) [PSYoungGen: 57773K->1533K(58368K)] 431402K->375202K(560128K), 0.0017323 secs] [Times: user=0.00 sys=0.00, real=0.00 secs] 
1953.057: [GC (Allocation Failure) [PSYoungGen: 57829K->1565K(58368K)] 431498K->375234K(560128K), 0.0016958 secs] [Times: user=0.01 sys=0.00, real=0.00 secs] 
1953.385: [GC (Allocation Failure) [PSYoungGen: 57885K->1565K(58368K)] 431554K->375234K(560128K), 0.0017322 secs] [Times: user=0.01 sys=0.00, real=0.00 secs] 
1953.713: [GC (Allocation Failure) [PSYoungGen: 57885K->1533K(58368K)] 431554K->375202K(560128K), 0.0016946 secs] [Times: user=0.00 sys=0.00, real=0.00 secs] 
1954.012: [GC (Allocation Failure) [PSYoungGen: 57853K->1408K(58368K)] 431522K->375077K(560128K), 0.0018689 secs] [Times: user=0.01 sys=0.00, real=0.01 secs] 
1954.251: [GC (Allocation Failure) [PSYoungGen: 57728K->1440K(58368K)] 431397K->375109K(560128K), 0.0018853 secs] [Times: user=0.01 sys=0.00, real=0.00 secs] 
1954.523: [GC (Allocation Failure) [PSYoungGen: 57760K->1408K(58368K)] 431429K->375077K(560128K), 0.0018912 secs] [Times: user=0.01 sys=0.00, real=0.00 secs] 
1954.973: [GC (Allocation Failure) [PSYoungGen: 57728K->1376K(58368K)] 431397K->375045K(560128K), 0.0019624 secs] [Times: user=0.01 sys=0.00, real=0.00 secs] 
1955.443: [GC (Allocation Failure) [PSYoungGen: 57696K->1408K(58368K)] 431365K->375077K(560128K), 0.0022306 secs] [Times: user=0.01 sys=0.00, real=0.00 secs] 
1955.821: [GC (Allocation Failure) [PSYoungGen: 57710K->1469K(58368K)] 431379K->375146K(560128K), 0.0016183 secs] [Times: user=0.00 sys=0.00, real=0.00 secs] 
1956.152: [GC (Allocation Failure) [PSYoungGen: 57789K->1565K(58368K)] 431466K->375242K(560128K), 0.0017378 secs] [Times: user=0.01 sys=0.00, real=0.01 secs] 
1956.480: [GC (Allocation Failure) [PSYoungGen: 57885K->1565K(58368K)] 431562K->375242K(560128K), 0.0017901 secs] [Times: user=0.01 sys=0.00, real=0.00 secs] 
1956.807: [GC (Allocation Failure) [PSYoungGen: 57885K->1597K(58368K)] 431562K->375274K(560128K), 0.0016740 secs] [Times: user=0.01 sys=0.00, real=0.00 secs] 
1957.990: [GC (Allocation Failure) [PSYoungGen: 57917K->1456K(58368K)] 431594K->375133K(560128K), 0.0040272 secs] [Times: user=0.02 sys=0.01, real=0.01 secs] 
1958.708: [GC (Allocation Failure) [PSYoungGen: 57776K->1376K(58368K)] 431453K->375053K(560128K), 0.0042176 secs] [Times: user=0.02 sys=0.00, real=0.00 secs] 
1959.115: [GC (Allocation Failure) [PSYoungGen: 57696K->1376K(58368K)] 431373K->375053K(560128K), 0.0022179 secs] [Times: user=0.01 sys=0.00, real=0.00 secs] 
1959.350: [GC (Allocation Failure) [PSYoungGen: 57696K->1408K(58368K)] 431373K->375085K(560128K), 0.0022206 secs] [Times: user=0.01 sys=0.00, real=0.00 secs] 
1959.584: [GC (Allocation Failure) [PSYoungGen: 57728K->1376K(58368K)] 431405K->375053K(560128K), 0.0020933 secs] [Times: user=0.01 sys=0.00, real=0.00 secs] 
1959.908: [GC (Allocation Failure) [PSYoungGen: 57692K->1501K(58368K)] 431369K->375178K(560128K), 0.0017454 secs] [Times: user=0.01 sys=0.00, real=0.00 secs] 
1960.297: [GC (Allocation Failure) [PSYoungGen: 57821K->1565K(58368K)] 431498K->375258K(560128K), 0.0017850 secs] [Times: user=0.01 sys=0.00, real=0.00 secs] 
1960.684: [GC (Allocation Failure) [PSYoungGen: 57881K->1581K(58368K)] 431575K->375274K(560128K), 0.0016831 secs] [Times: user=0.01 sys=0.00, real=0.00 secs] 
1961.013: [GC (Allocation Failure) [PSYoungGen: 57897K->1581K(58368K)] 431590K->375274K(560128K), 0.0017070 secs] [Times: user=0.01 sys=0.00, real=0.00 secs] 
1961.877: [GC (Allocation Failure) [PSYoungGen: 57901K->1440K(58368K)] 431594K->375149K(560128K), 0.0039719 secs] [Times: user=0.01 sys=0.00, real=0.00 secs] 
1963.299: [GC (Allocation Failure) [PSYoungGen: 57760K->1376K(58368K)] 431469K->375085K(560128K), 0.0043073 secs] [Times: user=0.02 sys=0.00, real=0.01 secs] 
1963.973: [GC (Allocation Failure) [PSYoungGen: 57696K->1408K(58368K)] 431405K->375117K(560128K), 0.0032724 secs] [Times: user=0.02 sys=0.00, real=0.01 secs] 
1964.469: [GC (Allocation Failure) [PSYoungGen: 57728K->1408K(58368K)] 431437K->375117K(560128K), 0.0022844 secs] [Times: user=0.01 sys=0.00, real=0.00 secs] 
1965.106: [GC (Allocation Failure) [PSYoungGen: 57728K->1408K(58368K)] 431437K->375117K(560128K), 0.0028018 secs] [Times: user=0.02 sys=0.00, real=0.00 secs] 
1965.637: [GC (Allocation Failure) [PSYoungGen: 57728K->1485K(58368K)] 431437K->375194K(560128K), 0.0020767 secs] [Times: user=0.00 sys=0.00, real=0.00 secs] 
1965.976: [GC (Allocation Failure) [PSYoungGen: 57792K->1597K(58368K)] 431501K->375314K(560128K), 0.0017040 secs] [Times: user=0.01 sys=0.00, real=0.00 secs] 
1966.304: [GC (Allocation Failure) [PSYoungGen: 57917K->1597K(58368K)] 431634K->375314K(560128K), 0.0017010 secs] [Times: user=0.00 sys=0.00, real=0.00 secs] 
1966.634: [GC (Allocation Failure) [PSYoungGen: 57917K->1568K(58368K)] 431634K->375285K(560128K), 0.0017100 secs] [Times: user=0.00 sys=0.00, real=0.00 secs] 
1966.963: [GC (Allocation Failure) [PSYoungGen: 57884K->1517K(58368K)] 431601K->375234K(560128K), 0.0016980 secs] [Times: user=0.00 sys=0.00, real=0.00 secs] 
1967.304: [GC (Allocation Failure) [PSYoungGen: 57837K->1472K(58368K)] 431554K->375189K(560128K), 0.0020178 secs] [Times: user=0.01 sys=0.00, real=0.00 secs] 
1967.538: [GC (Allocation Failure) [PSYoungGen: 57792K->1376K(58368K)] 431509K->375093K(560128K), 0.0019442 secs] [Times: user=0.01 sys=0.00, real=0.00 secs] 
1967.789: [GC (Allocation Failure) [PSYoungGen: 57696K->1344K(58368K)] 431413K->375061K(560128K), 0.0019819 secs] [Times: user=0.01 sys=0.00, real=0.00 secs] 
1968.165: [GC (Allocation Failure) [PSYoungGen: 57664K->1408K(58368K)] 431381K->375125K(560128K), 0.0019622 secs] [Times: user=0.01 sys=0.01, real=0.00 secs] 
1968.641: [GC (Allocation Failure) [PSYoungGen: 57728K->1408K(58368K)] 431445K->375125K(560128K), 0.0019840 secs] [Times: user=0.00 sys=0.00, real=0.00 secs] 
1969.123: [GC (Allocation Failure) [PSYoungGen: 57726K->1501K(58368K)] 431443K->375234K(560128K), 0.0016213 secs] [Times: user=0.00 sys=0.00, real=0.01 secs] 
1969.449: [GC (Allocation Failure) [PSYoungGen: 57821K->1565K(58368K)] 431554K->375298K(560128K), 0.0017311 secs] [Times: user=0.00 sys=0.00, real=0.00 secs] 
1969.839: [GC (Allocation Failure) [PSYoungGen: 57885K->1536K(58368K)] 431618K->375269K(560128K), 0.0016664 secs] [Times: user=0.01 sys=0.00, real=0.00 secs] 
1970.167: [GC (Allocation Failure) [PSYoungGen: 57856K->1584K(58368K)] 431589K->375317K(560128K), 0.0017206 secs] [Times: user=0.01 sys=0.00, real=0.00 secs] 
1970.515: [GC (Allocation Failure) [PSYoungGen: 57904K->1440K(58368K)] 431637K->375197K(560128K), 0.0024659 secs] [Times: user=0.01 sys=0.00, real=0.00 secs] 
1970.750: [GC (Allocation Failure) [PSYoungGen: 57760K->1392K(58368K)] 431517K->375149K(560128K), 0.0022305 secs] [Times: user=0.01 sys=0.00, real=0.00 secs] 
1970.985: [GC (Allocation Failure) [PSYoungGen: 57712K->1344K(58368K)] 431469K->375101K(560128K), 0.0021202 secs] [Times: user=0.01 sys=0.00, real=0.00 secs] 
1971.220: [GC (Allocation Failure) [PSYoungGen: 57664K->1344K(58368K)] 431421K->375101K(560128K), 0.0020184 secs] [Times: user=0.01 sys=0.00, real=0.00 secs] 
1971.509: [GC (Allocation Failure) [PSYoungGen: 57664K->1376K(58368K)] 431421K->375133K(560128K), 0.0019945 secs] [Times: user=0.00 sys=0.00, real=0.00 secs] 
1971.901: [GC (Allocation Failure) [PSYoungGen: 57671K->1517K(58368K)] 431428K->375274K(560128K), 0.0017115 secs] [Times: user=0.01 sys=0.00, real=0.00 secs] 
1972.233: [GC (Allocation Failure) [PSYoungGen: 57837K->1565K(58368K)] 431594K->375338K(560128K), 0.0017132 secs] [Times: user=0.01 sys=0.00, real=0.01 secs] 
1972.561: [GC (Allocation Failure) [PSYoungGen: 57885K->1600K(58368K)] 431658K->375373K(560128K), 0.0016848 secs] [Times: user=0.01 sys=0.00, real=0.00 secs] 
1972.890: [GC (Allocation Failure) [PSYoungGen: 57909K->1597K(58368K)] 431682K->375370K(560128K), 0.0016900 secs] [Times: user=0.01 sys=0.00, real=0.00 secs] 
1973.247: [GC (Allocation Failure) [PSYoungGen: 57917K->1488K(58368K)] 431690K->375261K(560128K), 0.0019156 secs] [Times: user=0.01 sys=0.00, real=0.00 secs] 
1973.705: [GC (Allocation Failure) [PSYoungGen: 57808K->1376K(58368K)] 431581K->375149K(560128K), 0.0023579 secs] [Times: user=0.01 sys=0.00, real=0.00 secs] 
1974.163: [GC (Allocation Failure) [PSYoungGen: 57696K->1408K(58368K)] 431469K->375181K(560128K), 0.0040810 secs] [Times: user=0.01 sys=0.00, real=0.00 secs] 
1974.630: [GC (Allocation Failure) [PSYoungGen: 57728K->1344K(58368K)] 431501K->375117K(560128K), 0.0022842 secs] [Times: user=0.01 sys=0.00, real=0.00 secs] 
1974.884: [GC (Allocation Failure) [PSYoungGen: 57664K->1408K(58368K)] 431437K->375181K(560128K), 0.0020280 secs] [Times: user=0.01 sys=0.00, real=0.00 secs] 
1975.188: [GC (Allocation Failure) [PSYoungGen: 57728K->1440K(58368K)] 431501K->375213K(560128K), 0.0016881 secs] [Times: user=0.01 sys=0.00, real=0.00 secs] 
1975.517: [GC (Allocation Failure) [PSYoungGen: 57760K->1629K(58368K)] 431533K->375418K(560128K), 0.0016425 secs] [Times: user=0.00 sys=0.00, real=0.00 secs] 
1975.845: [GC (Allocation Failure) [PSYoungGen: 57949K->1613K(58368K)] 431738K->375402K(560128K), 0.0017084 secs] [Times: user=0.01 sys=0.00, real=0.00 secs] 
1976.173: [GC (Allocation Failure) [PSYoungGen: 57933K->1568K(58368K)] 431722K->375357K(560128K), 0.0017268 secs] [Times: user=0.01 sys=0.00, real=0.01 secs] 
1976.501: [GC (Allocation Failure) [PSYoungGen: 57884K->1565K(58368K)] 431673K->375354K(560128K), 0.0016311 secs] [Times: user=0.00 sys=0.00, real=0.01 secs] 
1976.951: [GC (Allocation Failure) [PSYoungGen: 57885K->1440K(58368K)] 431674K->375229K(560128K), 0.0018485 secs] [Times: user=0.00 sys=0.00, real=0.00 secs] 
1977.410: [GC (Allocation Failure) [PSYoungGen: 57760K->1440K(58368K)] 431549K->375229K(560128K), 0.0018482 secs] [Times: user=0.01 sys=0.00, real=0.00 secs] 
1977.924: [GC (Allocation Failure) [PSYoungGen: 57760K->1440K(58368K)] 431549K->375229K(560128K), 0.0017710 secs] [Times: user=0.00 sys=0.00, real=0.00 secs] 
1978.390: [GC (Allocation Failure) [PSYoungGen: 57760K->1376K(58368K)] 431549K->375165K(560128K), 0.0018461 secs] [Times: user=0.00 sys=0.00, real=0.00 secs] 
1978.836: [GC (Allocation Failure) [PSYoungGen: 57696K->1376K(58368K)] 431485K->375165K(560128K), 0.0020023 secs] [Times: user=0.01 sys=0.00, real=0.00 secs] 
1979.185: [GC (Allocation Failure) [PSYoungGen: 57691K->1565K(58368K)] 431480K->375370K(560128K), 0.0017204 secs] [Times: user=0.01 sys=0.00, real=0.00 secs] 
1979.513: [GC (Allocation Failure) [PSYoungGen: 57885K->1536K(58368K)] 431690K->375341K(560128K), 0.0017020 secs] [Times: user=0.01 sys=0.00, real=0.01 secs] 
1979.841: [GC (Allocation Failure) [PSYoungGen: 57856K->1565K(58368K)] 431661K->375370K(560128K), 0.0016729 secs] [Times: user=0.01 sys=0.00, real=0.00 secs] 
1980.170: [GC (Allocation Failure) [PSYoungGen: 57879K->1629K(58368K)] 431684K->375434K(560128K), 0.0016746 secs] [Times: user=0.01 sys=0.00, real=0.00 secs] 
1980.657: [GC (Allocation Failure) [PSYoungGen: 57949K->1440K(58368K)] 431754K->375269K(560128K), 0.0020935 secs] [Times: user=0.01 sys=0.00, real=0.00 secs] 
1981.155: [GC (Allocation Failure) [PSYoungGen: 57760K->1376K(58368K)] 431589K->375205K(560128K), 0.0020524 secs] [Times: user=0.00 sys=0.00, real=0.00 secs] 
1981.674: [GC (Allocation Failure) [PSYoungGen: 57696K->1360K(58368K)] 431525K->375189K(560128K), 0.0023478 secs] [Times: user=0.01 sys=0.00, real=0.00 secs] 
1982.015: [GC (Allocation Failure) [PSYoungGen: 57680K->1360K(58368K)] 431509K->375189K(560128K), 0.0021570 secs] [Times: user=0.01 sys=0.00, real=0.00 secs] 
1982.298: [GC (Allocation Failure) [PSYoungGen: 57680K->1392K(58368K)] 431509K->375221K(560128K), 0.0021332 secs] [Times: user=0.00 sys=0.00, real=0.00 secs] 
1982.674: [GC (Allocation Failure) [PSYoungGen: 57708K->1517K(58368K)] 431537K->375346K(560128K), 0.0016120 secs] [Times: user=0.00 sys=0.00, real=0.00 secs] 
1983.001: [GC (Allocation Failure) [PSYoungGen: 57837K->1565K(58368K)] 431666K->375410K(560128K), 0.0018217 secs] [Times: user=0.00 sys=0.00, real=0.01 secs] 
1983.330: [GC (Allocation Failure) [PSYoungGen: 57885K->1504K(58368K)] 431730K->375349K(560128K), 0.0016135 secs] [Times: user=0.01 sys=0.00, real=0.00 secs] 
1983.721: [GC (Allocation Failure) [PSYoungGen: 57805K->1517K(58368K)] 431650K->375362K(560128K), 0.0017660 secs] [Times: user=0.00 sys=0.01, real=0.01 secs] 
1984.232: [GC (Allocation Failure) [PSYoungGen: 57837K->1472K(58368K)] 431682K->375317K(560128K), 0.0026950 secs] [Times: user=0.02 sys=0.00, real=0.01 secs] 
1984.889: [GC (Allocation Failure) [PSYoungGen: 57792K->1408K(58368K)] 431637K->375261K(560128K), 0.0033491 secs] [Times: user=0.01 sys=0.00, real=0.00 secs] 
1985.537: [GC (Allocation Failure) [PSYoungGen: 57728K->1408K(58368K)] 431581K->375261K(560128K), 0.0025990 secs] [Times: user=0.01 sys=0.00, real=0.00 secs] 
1986.009: [GC (Allocation Failure) [PSYoungGen: 57728K->1376K(58368K)] 431581K->375229K(560128K), 0.0025026 secs] [Times: user=0.01 sys=0.01, real=0.00 secs] 
1986.476: [GC (Allocation Failure) [PSYoungGen: 57696K->1312K(58368K)] 431549K->375165K(560128K), 0.0025455 secs] [Times: user=0.01 sys=0.00, real=0.00 secs] 
1987.129: [GC (Allocation Failure) [PSYoungGen: 57632K->1501K(58368K)] 431485K->375354K(560128K), 0.0019678 secs] [Times: user=0.01 sys=0.00, real=0.00 secs] 
1987.466: [GC (Allocation Failure) [PSYoungGen: 57821K->1533K(58368K)] 431674K->375402K(560128K), 0.0017239 secs] [Times: user=0.01 sys=0.00, real=0.00 secs] 
1987.797: [GC (Allocation Failure) [PSYoungGen: 57826K->1533K(58368K)] 431695K->375402K(560128K), 0.0017194 secs] [Times: user=0.01 sys=0.00, real=0.00 secs] 
1988.124: [GC (Allocation Failure) [PSYoungGen: 57853K->1581K(58368K)] 431722K->375450K(560128K), 0.0017019 secs] [Times: user=0.01 sys=0.00, real=0.00 secs] 
1988.452: [GC (Allocation Failure) [PSYoungGen: 57889K->1613K(58368K)] 431758K->375482K(560128K), 0.0017135 secs] [Times: user=0.01 sys=0.00, real=0.01 secs] 
1988.750: [GC (Allocation Failure) [PSYoungGen: 57933K->1408K(58368K)] 431802K->375277K(560128K), 0.0018675 secs] [Times: user=0.00 sys=0.00, real=0.00 secs] 
1989.013: [GC (Allocation Failure) [PSYoungGen: 57728K->1424K(58368K)] 431597K->375293K(560128K), 0.0017967 secs] [Times: user=0.01 sys=0.00, real=0.00 secs] 
1989.459: [GC (Allocation Failure) [PSYoungGen: 57744K->1376K(58368K)] 431613K->375245K(560128K), 0.0018199 secs] [Times: user=0.01 sys=0.00, real=0.00 secs] 
1989.871: [GC (Allocation Failure) [PSYoungGen: 57696K->1376K(58368K)] 431565K->375245K(560128K), 0.0019070 secs] [Times: user=0.01 sys=0.00, real=0.01 secs] 
1990.342: [GC (Allocation Failure) [PSYoungGen: 57696K->1344K(58368K)] 431565K->375213K(560128K), 0.0021668 secs] [Times: user=0.01 sys=0.00, real=0.01 secs] 
1990.767: [GC (Allocation Failure) [PSYoungGen: 57664K->1533K(58368K)] 431533K->375418K(560128K), 0.0016731 secs] [Times: user=0.00 sys=0.00, real=0.00 secs] 
1991.096: [GC (Allocation Failure) [PSYoungGen: 57839K->1565K(58368K)] 431724K->375474K(560128K), 0.0016833 secs] [Times: user=0.01 sys=0.00, real=0.00 secs] 
1991.426: [GC (Allocation Failure) [PSYoungGen: 57881K->1597K(58368K)] 431790K->375506K(560128K), 0.0016915 secs] [Times: user=0.00 sys=0.00, real=0.00 secs] 
1991.754: [GC (Allocation Failure) [PSYoungGen: 57917K->1597K(58368K)] 431826K->375506K(560128K), 0.0017341 secs] [Times: user=0.00 sys=0.00, real=0.00 secs] 
1992.057: [GC (Allocation Failure) [PSYoungGen: 57917K->1440K(58368K)] 431826K->375349K(560128K), 0.0020444 secs] [Times: user=0.00 sys=0.00, real=0.00 secs] 
1992.291: [GC (Allocation Failure) [PSYoungGen: 57760K->1408K(58368K)] 431669K->375317K(560128K), 0.0019210 secs] [Times: user=0.00 sys=0.00, real=0.01 secs] 
1992.594: [GC (Allocation Failure) [PSYoungGen: 57728K->1376K(58368K)] 431637K->375285K(560128K), 0.0018309 secs] [Times: user=0.01 sys=0.00, real=0.00 secs] 
1993.101: [GC (Allocation Failure) [PSYoungGen: 57696K->1376K(58368K)] 431605K->375285K(560128K), 0.0020242 secs] [Times: user=0.01 sys=0.00, real=0.01 secs] 
1993.763: [GC (Allocation Failure) [PSYoungGen: 57696K->1408K(58368K)] 431605K->375317K(560128K), 0.0028834 secs] [Times: user=0.01 sys=0.00, real=0.00 secs] 
1994.328: [GC (Allocation Failure) [PSYoungGen: 57728K->1485K(58368K)] 431637K->375394K(560128K), 0.0016939 secs] [Times: user=0.00 sys=0.00, real=0.00 secs] 
1994.659: [GC (Allocation Failure) [PSYoungGen: 57805K->1533K(58368K)] 431714K->375458K(560128K), 0.0017727 secs] [Times: user=0.00 sys=0.00, real=0.00 secs] 
1994.998: [GC (Allocation Failure) [PSYoungGen: 57838K->1597K(58368K)] 431763K->375522K(560128K), 0.0017564 secs] [Times: user=0.01 sys=0.00, real=0.00 secs] 
1995.327: [GC (Allocation Failure) [PSYoungGen: 57917K->1565K(58368K)] 431842K->375490K(560128K), 0.0017329 secs] [Times: user=0.00 sys=0.00, real=0.00 secs] 
1995.672: [GC (Allocation Failure) [PSYoungGen: 57885K->1440K(58368K)] 431810K->375365K(560128K), 0.0021366 secs] [Times: user=0.01 sys=0.00, real=0.01 secs] 
1995.906: [GC (Allocation Failure) [PSYoungGen: 57760K->1376K(58368K)] 431685K->375301K(560128K), 0.0018301 secs] [Times: user=0.01 sys=0.00, real=0.00 secs] 
1996.140: [GC (Allocation Failure) [PSYoungGen: 57696K->1392K(58368K)] 431621K->375317K(560128K), 0.0018866 secs] [Times: user=0.00 sys=0.00, real=0.00 secs] 
1996.374: [GC (Allocation Failure) [PSYoungGen: 57712K->1424K(58368K)] 431637K->375349K(560128K), 0.0018231 secs] [Times: user=0.01 sys=0.00, real=0.00 secs] 
1996.607: [GC (Allocation Failure) [PSYoungGen: 57744K->1376K(58368K)] 431669K->375301K(560128K), 0.0018329 secs] [Times: user=0.00 sys=0.00, real=0.00 secs] 
1996.913: [GC (Allocation Failure) [PSYoungGen: 57671K->1485K(58368K)] 431596K->375410K(560128K), 0.0017139 secs] [Times: user=0.00 sys=0.00, real=0.01 secs] 
1997.244: [GC (Allocation Failure) [PSYoungGen: 57805K->1568K(58368K)] 431730K->375509K(560128K), 0.0016628 secs] [Times: user=0.01 sys=0.00, real=0.00 secs] 
1997.575: [GC (Allocation Failure) [PSYoungGen: 57861K->1565K(58368K)] 431802K->375506K(560128K), 0.0017068 secs] [Times: user=0.00 sys=0.00, real=0.00 secs] 
1997.904: [GC (Allocation Failure) [PSYoungGen: 57885K->1565K(58368K)] 431826K->375506K(560128K), 0.0018616 secs] [Times: user=0.00 sys=0.00, real=0.00 secs] 
1998.294: [GC (Allocation Failure) [PSYoungGen: 57885K->1533K(58368K)] 431826K->375474K(560128K), 0.0017575 secs] [Times: user=0.00 sys=0.00, real=0.00 secs] 
1998.850: [GC (Allocation Failure) [PSYoungGen: 57853K->1408K(58368K)] 431794K->375349K(560128K), 0.0022177 secs] [Times: user=0.01 sys=0.00, real=0.00 secs] 
1999.267: [GC (Allocation Failure) [PSYoungGen: 57728K->1408K(58368K)] 431669K->375349K(560128K), 0.0022552 secs] [Times: user=0.01 sys=0.00, real=0.00 secs] 
1999.501: [GC (Allocation Failure) [PSYoungGen: 57728K->1376K(58368K)] 431669K->375317K(560128K), 0.0020574 secs] [Times: user=0.01 sys=0.00, real=0.01 secs] 
1999.779: [GC (Allocation Failure) [PSYoungGen: 57696K->1408K(58368K)] 431637K->375365K(560128K), 0.0020228 secs] [Times: user=0.01 sys=0.00, real=0.00 secs] 
2000.013: [GC (Allocation Failure) [PSYoungGen: 57728K->1408K(58368K)] 431685K->375365K(560128K), 0.0024603 secs] [Times: user=0.01 sys=0.00, real=0.00 secs] 
2000.456: [GC (Allocation Failure) [PSYoungGen: 57701K->1533K(58368K)] 431658K->375506K(560128K), 0.0016843 secs] [Times: user=0.00 sys=0.00, real=0.00 secs] 
2000.783: [GC (Allocation Failure) [PSYoungGen: 57853K->1597K(58368K)] 431826K->375570K(560128K), 0.0017262 secs] [Times: user=0.01 sys=0.00, real=0.00 secs] 
2001.111: [GC (Allocation Failure) [PSYoungGen: 57917K->1581K(58368K)] 431890K->375554K(560128K), 0.0016231 secs] [Times: user=0.01 sys=0.00, real=0.00 secs] 
2001.439: [GC (Allocation Failure) [PSYoungGen: 57901K->1549K(58368K)] 431874K->375522K(560128K), 0.0016548 secs] [Times: user=0.01 sys=0.00, real=0.00 secs] 
2002.019: [GC (Allocation Failure) [PSYoungGen: 57869K->1424K(58368K)] 431842K->375397K(560128K), 0.0026251 secs] [Times: user=0.01 sys=0.00, real=0.00 secs] 
2002.649: [GC (Allocation Failure) [PSYoungGen: 57744K->1376K(58368K)] 431717K->375349K(560128K), 0.0032899 secs] [Times: user=0.01 sys=0.00, real=0.00 secs] 
2003.248: [GC (Allocation Failure) [PSYoungGen: 57696K->1408K(58368K)] 431669K->375381K(560128K), 0.0033637 secs] [Times: user=0.02 sys=0.00, real=0.00 secs] 
2003.874: [GC (Allocation Failure) [PSYoungGen: 57728K->1376K(58368K)] 431701K->375349K(560128K), 0.0033263 secs] [Times: user=0.01 sys=0.00, real=0.00 secs] 
2004.420: [GC (Allocation Failure) [PSYoungGen: 57696K->1440K(58368K)] 431669K->375413K(560128K), 0.0033631 secs] [Times: user=0.01 sys=0.00, real=0.01 secs] 
2004.930: [GC (Allocation Failure) [PSYoungGen: 57739K->1533K(58368K)] 431712K->375506K(560128K), 0.0016823 secs] [Times: user=0.01 sys=0.00, real=0.00 secs] 
2005.331: [GC (Allocation Failure) [PSYoungGen: 57853K->1597K(58368K)] 431826K->375586K(560128K), 0.0017287 secs] [Times: user=0.01 sys=0.00, real=0.00 secs] 
2005.661: [GC (Allocation Failure) [PSYoungGen: 57917K->1597K(58368K)] 431906K->375586K(560128K), 0.0016451 secs] [Times: user=0.00 sys=0.00, real=0.00 secs] 
2005.989: [GC (Allocation Failure) [PSYoungGen: 57917K->1565K(58368K)] 431906K->375554K(560128K), 0.0017144 secs] [Times: user=0.00 sys=0.00, real=0.00 secs] 
2006.635: [GC (Allocation Failure) [PSYoungGen: 57885K->1504K(58368K)] 431874K->375493K(560128K), 0.0040800 secs] [Times: user=0.01 sys=0.00, real=0.00 secs] 
2007.674: [GC (Allocation Failure) [PSYoungGen: 57824K->1344K(58368K)] 431813K->375333K(560128K), 0.0041101 secs] [Times: user=0.01 sys=0.00, real=0.00 secs] 
2008.312: [GC (Allocation Failure) [PSYoungGen: 57664K->1376K(58368K)] 431653K->375365K(560128K), 0.0032693 secs] [Times: user=0.01 sys=0.00, real=0.01 secs] 
2008.852: [GC (Allocation Failure) [PSYoungGen: 57696K->1408K(58368K)] 431685K->375397K(560128K), 0.0029287 secs] [Times: user=0.01 sys=0.00, real=0.01 secs] 
2009.488: [GC (Allocation Failure) [PSYoungGen: 57728K->1392K(58368K)] 431717K->375381K(560128K), 0.0029449 secs] [Times: user=0.01 sys=0.00, real=0.00 secs] 
2010.186: [GC (Allocation Failure) [PSYoungGen: 57712K->1469K(58368K)] 431701K->375458K(560128K), 0.0020148 secs] [Times: user=0.01 sys=0.00, real=0.00 secs] 
2010.523: [GC (Allocation Failure) [PSYoungGen: 57789K->1517K(58368K)] 431778K->375522K(560128K), 0.0017307 secs] [Times: user=0.01 sys=0.00, real=0.01 secs] 
2010.853: [GC (Allocation Failure) [PSYoungGen: 57807K->1613K(58368K)] 431812K->375618K(560128K), 0.0017939 secs] [Times: user=0.01 sys=0.00, real=0.01 secs] 
2011.240: [GC (Allocation Failure) [PSYoungGen: 57933K->1565K(58368K)] 431938K->375570K(560128K), 0.0017998 secs] [Times: user=0.01 sys=0.00, real=0.00 secs] 
2011.568: [GC (Allocation Failure) [PSYoungGen: 57885K->1565K(58368K)] 431890K->375570K(560128K), 0.0017272 secs] [Times: user=0.01 sys=0.00, real=0.00 secs] 
2011.903: [GC (Allocation Failure) [PSYoungGen: 57885K->1440K(58368K)] 431890K->375445K(560128K), 0.0022573 secs] [Times: user=0.01 sys=0.00, real=0.01 secs] 
2012.381: [GC (Allocation Failure) [PSYoungGen: 57760K->1408K(58368K)] 431765K->375437K(560128K), 0.0019708 secs] [Times: user=0.01 sys=0.00, real=0.00 secs] 
2012.837: [GC (Allocation Failure) [PSYoungGen: 57728K->1440K(58368K)] 431757K->375469K(560128K), 0.0024066 secs] [Times: user=0.01 sys=0.00, real=0.00 secs] 
2013.304: [GC (Allocation Failure) [PSYoungGen: 57760K->1376K(58368K)] 431789K->375405K(560128K), 0.0022381 secs] [Times: user=0.01 sys=0.00, real=0.00 secs] 
2013.771: [GC (Allocation Failure) [PSYoungGen: 57598K->320K(58368K)] 431627K->374349K(560128K), 0.0022523 secs] [Times: user=0.01 sys=0.00, real=0.01 secs] 
2014.208: [GC (Allocation Failure) [PSYoungGen: 56640K->1504K(58368K)] 430669K->375549K(560128K), 0.0017820 secs] [Times: user=0.00 sys=0.00, real=0.00 secs] 
2014.537: [GC (Allocation Failure) [PSYoungGen: 57814K->1629K(58368K)] 431859K->375674K(560128K), 0.0017491 secs] [Times: user=0.01 sys=0.00, real=0.00 secs] 
2014.866: [GC (Allocation Failure) [PSYoungGen: 57949K->1533K(58368K)] 431994K->375578K(560128K), 0.0017495 secs] [Times: user=0.00 sys=0.00, real=0.00 secs] 
2015.194: [GC (Allocation Failure) [PSYoungGen: 57853K->1597K(58368K)] 431898K->375642K(560128K), 0.0017715 secs] [Times: user=0.01 sys=0.00, real=0.00 secs] 
2015.494: [GC (Allocation Failure) [PSYoungGen: 57917K->1376K(58368K)] 431962K->375421K(560128K), 0.0024185 secs] [Times: user=0.01 sys=0.00, real=0.00 secs] 
2015.804: [GC (Allocation Failure) [PSYoungGen: 57696K->1344K(58368K)] 431741K->375389K(560128K), 0.0025573 secs] [Times: user=0.01 sys=0.01, real=0.00 secs] 
2016.242: [GC (Allocation Failure) [PSYoungGen: 57664K->1376K(58368K)] 431709K->375421K(560128K), 0.0040757 secs] [Times: user=0.02 sys=0.00, real=0.01 secs] 
2016.716: [GC (Allocation Failure) [PSYoungGen: 57696K->1408K(58368K)] 431741K->375453K(560128K), 0.0028186 secs] [Times: user=0.02 sys=0.00, real=0.00 secs] 
2017.208: [GC (Allocation Failure) [PSYoungGen: 57728K->1408K(58368K)] 431773K->375453K(560128K), 0.0028728 secs] [Times: user=0.01 sys=0.00, real=0.00 secs] 
2017.695: [GC (Allocation Failure) [PSYoungGen: 57728K->1533K(58368K)] 431773K->375578K(560128K), 0.0016172 secs] [Times: user=0.01 sys=0.00, real=0.00 secs] 
2018.023: [GC (Allocation Failure) [PSYoungGen: 57853K->1597K(58368K)] 431898K->375650K(560128K), 0.0017122 secs] [Times: user=0.01 sys=0.00, real=0.01 secs] 
2018.352: [GC (Allocation Failure) [PSYoungGen: 57917K->1549K(58368K)] 431970K->375602K(560128K), 0.0016811 secs] [Times: user=0.01 sys=0.00, real=0.01 secs] 
2018.737: [GC (Allocation Failure) [PSYoungGen: 57869K->1568K(58368K)] 431922K->375621K(560128K), 0.0017595 secs] [Times: user=0.01 sys=0.00, real=0.00 secs] 
2019.053: [GC (Allocation Failure) [PSYoungGen: 57888K->1472K(58368K)] 431941K->375525K(560128K), 0.0021348 secs] [Times: user=0.01 sys=0.00, real=0.01 secs] 
2019.362: [GC (Allocation Failure) [PSYoungGen: 57792K->1408K(58368K)] 431845K->375461K(560128K), 0.0020280 secs] [Times: user=0.01 sys=0.00, real=0.01 secs] 
2019.812: [GC (Allocation Failure) [PSYoungGen: 57728K->1408K(58368K)] 431781K->375461K(560128K), 0.0023572 secs] [Times: user=0.01 sys=0.00, real=0.01 secs] 
2020.345: [GC (Allocation Failure) [PSYoungGen: 57728K->1408K(58368K)] 431781K->375461K(560128K), 0.0027261 secs] [Times: user=0.01 sys=0.00, real=0.00 secs] 
2020.985: [GC (Allocation Failure) [PSYoungGen: 57728K->1344K(58368K)] 431781K->375421K(560128K), 0.0028186 secs] [Times: user=0.02 sys=0.00, real=0.00 secs] 
2021.746: [GC (Allocation Failure) [PSYoungGen: 57633K->1469K(58368K)] 431710K->375546K(560128K), 0.0019916 secs] [Times: user=0.01 sys=0.00, real=0.00 secs] 
2022.079: [GC (Allocation Failure) [PSYoungGen: 57789K->1533K(58368K)] 431866K->375626K(560128K), 0.0017100 secs] [Times: user=0.01 sys=0.00, real=0.00 secs] 
2022.410: [GC (Allocation Failure) [PSYoungGen: 57852K->1565K(58368K)] 431945K->375658K(560128K), 0.0017775 secs] [Times: user=0.01 sys=0.00, real=0.00 secs] 
2022.740: [GC (Allocation Failure) [PSYoungGen: 57885K->1581K(58368K)] 431978K->375674K(560128K), 0.0016952 secs] [Times: user=0.01 sys=0.00, real=0.00 secs] 
2023.066: [GC (Allocation Failure) [PSYoungGen: 57901K->192K(58368K)] 431994K->374285K(560128K), 0.0015585 secs] [Times: user=0.01 sys=0.00, real=0.00 secs] 
2023.441: [GC (Allocation Failure) [PSYoungGen: 56512K->1376K(58368K)] 430605K->375469K(560128K), 0.0020387 secs] [Times: user=0.01 sys=0.00, real=0.00 secs] 
2023.715: [GC (Allocation Failure) [PSYoungGen: 57696K->1408K(58368K)] 431789K->375501K(560128K), 0.0019714 secs] [Times: user=0.00 sys=0.00, real=0.00 secs] 
2023.974: [GC (Allocation Failure) [PSYoungGen: 57728K->1376K(58368K)] 431821K->375469K(560128K), 0.0021164 secs] [Times: user=0.01 sys=0.00, real=0.00 secs] 
2024.221: [GC (Allocation Failure) [PSYoungGen: 57696K->1376K(58368K)] 431789K->375469K(560128K), 0.0020133 secs] [Times: user=0.00 sys=0.00, real=0.01 secs] 
2024.481: [GC (Allocation Failure) [PSYoungGen: 57696K->1453K(58368K)] 431789K->375546K(560128K), 0.0020461 secs] [Times: user=0.01 sys=0.00, real=0.01 secs] 
2024.829: [GC (Allocation Failure) [PSYoungGen: 57773K->1565K(58368K)] 431866K->375666K(560128K), 0.0016785 secs] [Times: user=0.01 sys=0.00, real=0.00 secs] 
2025.160: [GC (Allocation Failure) [PSYoungGen: 57885K->1565K(58368K)] 431986K->375666K(560128K), 0.0017087 secs] [Times: user=0.01 sys=0.00, real=0.00 secs] 
2025.488: [GC (Allocation Failure) [PSYoungGen: 57885K->1565K(58368K)] 431986K->375666K(560128K), 0.0018005 secs] [Times: user=0.01 sys=0.00, real=0.00 secs] 
2025.827: [GC (Allocation Failure) [PSYoungGen: 57884K->1533K(58368K)] 431985K->375634K(560128K), 0.0016638 secs] [Times: user=0.01 sys=0.00, real=0.00 secs] 
2026.136: [GC (Allocation Failure) [PSYoungGen: 57853K->1472K(58368K)] 431954K->375573K(560128K), 0.0019110 secs] [Times: user=0.01 sys=0.00, real=0.00 secs] 
2026.370: [GC (Allocation Failure) [PSYoungGen: 57792K->1344K(58368K)] 431893K->375445K(560128K), 0.0018940 secs] [Times: user=0.01 sys=0.00, real=0.00 secs] 
2026.644: [GC (Allocation Failure) [PSYoungGen: 57664K->1376K(58368K)] 431765K->375477K(560128K), 0.0019096 secs] [Times: user=0.00 sys=0.00, real=0.00 secs] 
2026.878: [GC (Allocation Failure) [PSYoungGen: 57696K->1376K(58368K)] 431797K->375477K(560128K), 0.0019611 secs] [Times: user=0.01 sys=0.00, real=0.00 secs] 
2027.112: [GC (Allocation Failure) [PSYoungGen: 57696K->1344K(58368K)] 431797K->375445K(560128K), 0.0019408 secs] [Times: user=0.01 sys=0.00, real=0.01 secs] 
2027.555: [GC (Allocation Failure) [PSYoungGen: 57664K->1517K(58368K)] 431765K->375618K(560128K), 0.0018477 secs] [Times: user=0.01 sys=0.01, real=0.00 secs] 
2027.890: [GC (Allocation Failure) [PSYoungGen: 57837K->1613K(58368K)] 431938K->375730K(560128K), 0.0017106 secs] [Times: user=0.01 sys=0.00, real=0.00 secs] 
2028.220: [GC (Allocation Failure) [PSYoungGen: 57932K->1549K(58368K)] 432049K->375666K(560128K), 0.0016525 secs] [Times: user=0.01 sys=0.00, real=0.00 secs] 
2028.612: [GC (Allocation Failure) [PSYoungGen: 57869K->1565K(58368K)] 431986K->375682K(560128K), 0.0017481 secs] [Times: user=0.01 sys=0.00, real=0.01 secs] 
2029.067: [GC (Allocation Failure) [PSYoungGen: 57885K->1504K(58368K)] 432002K->375621K(560128K), 0.0036290 secs] [Times: user=0.01 sys=0.00, real=0.00 secs] 
2029.381: [GC (Allocation Failure) [PSYoungGen: 57824K->1408K(58368K)] 431941K->375525K(560128K), 0.0020514 secs] [Times: user=0.01 sys=0.00, real=0.01 secs] 
2029.638: [GC (Allocation Failure) [PSYoungGen: 57728K->1360K(58368K)] 431845K->375493K(560128K), 0.0020813 secs] [Times: user=0.01 sys=0.00, real=0.00 secs] 
2029.946: [GC (Allocation Failure) [PSYoungGen: 57680K->1376K(58368K)] 431813K->375509K(560128K), 0.0021186 secs] [Times: user=0.01 sys=0.00, real=0.00 secs] 
2030.292: [GC (Allocation Failure) [PSYoungGen: 57696K->1376K(58368K)] 431829K->375509K(560128K), 0.0021012 secs] [Times: user=0.01 sys=0.00, real=0.01 secs] 
2030.752: [GC (Allocation Failure) [PSYoungGen: 57677K->1453K(58368K)] 431810K->375586K(560128K), 0.0016396 secs] [Times: user=0.00 sys=0.00, real=0.01 secs] 
2031.079: [GC (Allocation Failure) [PSYoungGen: 57773K->1600K(58368K)] 431906K->375749K(560128K), 0.0017708 secs] [Times: user=0.00 sys=0.00, real=0.00 secs] 
2031.408: [GC (Allocation Failure) [PSYoungGen: 57920K->1533K(58368K)] 432069K->375682K(560128K), 0.0016705 secs] [Times: user=0.01 sys=0.00, real=0.00 secs] 
2031.737: [GC (Allocation Failure) [PSYoungGen: 57853K->1565K(58368K)] 432002K->375714K(560128K), 0.0016376 secs] [Times: user=0.01 sys=0.00, real=0.00 secs] 
2032.087: [GC (Allocation Failure) [PSYoungGen: 57885K->1568K(58368K)] 432034K->375717K(560128K), 0.0016754 secs] [Times: user=0.01 sys=0.00, real=0.00 secs] 
2032.318: [GC (Allocation Failure) [PSYoungGen: 57888K->1344K(58368K)] 432037K->375493K(560128K), 0.0019069 secs] [Times: user=0.01 sys=0.00, real=0.00 secs] 
2032.552: [GC (Allocation Failure) [PSYoungGen: 57664K->1408K(58368K)] 431813K->375557K(560128K), 0.0019407 secs] [Times: user=0.01 sys=0.00, real=0.01 secs] 
2032.786: [GC (Allocation Failure) [PSYoungGen: 57728K->1408K(58368K)] 431877K->375557K(560128K), 0.0017980 secs] [Times: user=0.00 sys=0.00, real=0.00 secs] 
2033.044: [GC (Allocation Failure) [PSYoungGen: 57728K->1376K(58368K)] 431877K->375525K(560128K), 0.0018377 secs] [Times: user=0.01 sys=0.00, real=0.00 secs] 
2033.445: [GC (Allocation Failure) [PSYoungGen: 57689K->1453K(58368K)] 431838K->375602K(560128K), 0.0019732 secs] [Times: user=0.01 sys=0.00, real=0.00 secs] 
2033.854: [GC (Allocation Failure) [PSYoungGen: 57773K->1565K(58368K)] 431922K->375722K(560128K), 0.0016892 secs] [Times: user=0.00 sys=0.00, real=0.00 secs] 
2034.244: [GC (Allocation Failure) [PSYoungGen: 57870K->1549K(58368K)] 432027K->375706K(560128K), 0.0017839 secs] [Times: user=0.01 sys=0.00, real=0.00 secs] 
2034.573: [GC (Allocation Failure) [PSYoungGen: 57869K->1533K(58368K)] 432026K->375690K(560128K), 0.0017262 secs] [Times: user=0.01 sys=0.00, real=0.01 secs] 
2034.901: [GC (Allocation Failure) [PSYoungGen: 57827K->1565K(58368K)] 431984K->375722K(560128K), 0.0017621 secs] [Times: user=0.01 sys=0.00, real=0.00 secs] 
2035.563: [GC (Allocation Failure) [PSYoungGen: 57885K->1472K(58368K)] 432042K->375629K(560128K), 0.0044226 secs] [Times: user=0.02 sys=0.00, real=0.00 secs] 
2036.160: [GC (Allocation Failure) [PSYoungGen: 57792K->1392K(58368K)] 431949K->375549K(560128K), 0.0034335 secs] [Times: user=0.02 sys=0.00, real=0.01 secs] 
2036.654: [GC (Allocation Failure) [PSYoungGen: 57712K->1376K(58368K)] 431869K->375533K(560128K), 0.0033218 secs] [Times: user=0.01 sys=0.00, real=0.00 secs] 
2037.092: [GC (Allocation Failure) [PSYoungGen: 57696K->1376K(58368K)] 431853K->375533K(560128K), 0.0025155 secs] [Times: user=0.01 sys=0.00, real=0.01 secs] 
2037.504: [GC (Allocation Failure) [PSYoungGen: 57696K->1376K(58368K)] 431853K->375533K(560128K), 0.0025598 secs] [Times: user=0.01 sys=0.00, real=0.00 secs] 
2037.936: [GC (Allocation Failure) [PSYoungGen: 57691K->1533K(58368K)] 431848K->375706K(560128K), 0.0016795 secs] [Times: user=0.01 sys=0.00, real=0.00 secs] 
2038.265: [GC (Allocation Failure) [PSYoungGen: 57853K->1565K(58368K)] 432026K->375738K(560128K), 0.0016574 secs] [Times: user=0.01 sys=0.00, real=0.00 secs] 
2038.593: [GC (Allocation Failure) [PSYoungGen: 57885K->1581K(58368K)] 432058K->375754K(560128K), 0.0016880 secs] [Times: user=0.00 sys=0.00, real=0.00 secs] 
2038.978: [GC (Allocation Failure) [PSYoungGen: 57901K->1565K(58368K)] 432074K->375738K(560128K), 0.0016592 secs] [Times: user=0.01 sys=0.00, real=0.00 secs] 
2039.558: [GC (Allocation Failure) [PSYoungGen: 57885K->1440K(58368K)] 432058K->375613K(560128K), 0.0028673 secs] [Times: user=0.01 sys=0.00, real=0.00 secs] 
2039.953: [GC (Allocation Failure) [PSYoungGen: 57760K->1376K(58368K)] 431933K->375549K(560128K), 0.0021945 secs] [Times: user=0.01 sys=0.00, real=0.00 secs] 
2040.332: [GC (Allocation Failure) [PSYoungGen: 57696K->1408K(58368K)] 431869K->375581K(560128K), 0.0020919 secs] [Times: user=0.01 sys=0.00, real=0.01 secs] 
2040.754: [GC (Allocation Failure) [PSYoungGen: 57728K->1408K(58368K)] 431901K->375581K(560128K), 0.0022356 secs] [Times: user=0.01 sys=0.00, real=0.00 secs] 
2041.168: [GC (Allocation Failure) [PSYoungGen: 57728K->1344K(58368K)] 431901K->375517K(560128K), 0.0019550 secs] [Times: user=0.01 sys=0.00, real=0.00 secs] 
2041.716: [GC (Allocation Failure) [PSYoungGen: 57635K->1504K(58368K)] 431809K->375701K(560128K), 0.0020438 secs] [Times: user=0.01 sys=0.00, real=0.00 secs] 
2042.053: [GC (Allocation Failure) [PSYoungGen: 57824K->1597K(58368K)] 432021K->375810K(560128K), 0.0017271 secs] [Times: user=0.01 sys=0.00, real=0.01 secs] 
2042.382: [GC (Allocation Failure) [PSYoungGen: 57890K->1565K(58368K)] 432103K->375778K(560128K), 0.0016809 secs] [Times: user=0.01 sys=0.00, real=0.01 secs] 
2042.773: [GC (Allocation Failure) [PSYoungGen: 57885K->1533K(58368K)] 432098K->375746K(560128K), 0.0018278 secs] [Times: user=0.00 sys=0.00, real=0.01 secs] 
2043.140: [GC (Allocation Failure) [PSYoungGen: 57853K->1664K(58368K)] 432066K->375877K(560128K), 0.0018744 secs] [Times: user=0.01 sys=0.00, real=0.00 secs] 
2043.681: [GC (Allocation Failure) [PSYoungGen: 57984K->1360K(58368K)] 432197K->375573K(560128K), 0.0040316 secs] [Times: user=0.02 sys=0.00, real=0.01 secs] 
2044.219: [GC (Allocation Failure) [PSYoungGen: 57680K->1408K(58368K)] 431893K->375621K(560128K), 0.0033203 secs] [Times: user=0.02 sys=0.00, real=0.00 secs] 
2044.823: [GC (Allocation Failure) [PSYoungGen: 57728K->1376K(58368K)] 431941K->375589K(560128K), 0.0033306 secs] [Times: user=0.02 sys=0.00, real=0.00 secs] 
2045.437: [GC (Allocation Failure) [PSYoungGen: 57696K->1408K(58368K)] 431909K->375621K(560128K), 0.0035496 secs] [Times: user=0.01 sys=0.00, real=0.00 secs] 
2046.061: [GC (Allocation Failure) [PSYoungGen: 57728K->1437K(58368K)] 431941K->375650K(560128K), 0.0030654 secs] [Times: user=0.02 sys=0.00, real=0.01 secs] 
2046.459: [GC (Allocation Failure) [PSYoungGen: 57757K->1565K(58368K)] 431970K->375794K(560128K), 0.0017256 secs] [Times: user=0.01 sys=0.00, real=0.00 secs] 
2046.787: [GC (Allocation Failure) [PSYoungGen: 57885K->1568K(58368K)] 432114K->375797K(560128K), 0.0017094 secs] [Times: user=0.01 sys=0.00, real=0.00 secs] 
2047.116: [GC (Allocation Failure) [PSYoungGen: 57888K->1565K(58368K)] 432117K->375794K(560128K), 0.0016793 secs] [Times: user=0.01 sys=0.00, real=0.00 secs] 
2047.445: [GC (Allocation Failure) [PSYoungGen: 57872K->1533K(58368K)] 432101K->375762K(560128K), 0.0016402 secs] [Times: user=0.01 sys=0.00, real=0.00 secs] 
2047.984: [GC (Allocation Failure) [PSYoungGen: 57853K->1440K(58368K)] 432082K->375669K(560128K), 0.0021072 secs] [Times: user=0.01 sys=0.00, real=0.00 secs] 
2048.578: [GC (Allocation Failure) [PSYoungGen: 57760K->1440K(58368K)] 431989K->375669K(560128K), 0.0036155 secs] [Times: user=0.02 sys=0.00, real=0.00 secs] 
2049.104: [GC (Allocation Failure) [PSYoungGen: 57760K->1376K(58368K)] 431989K->375605K(560128K), 0.0046430 secs] [Times: user=0.02 sys=0.00, real=0.00 secs] 
2049.579: [GC (Allocation Failure) [PSYoungGen: 57696K->1408K(58368K)] 431925K->375637K(560128K), 0.0024003 secs] [Times: user=0.01 sys=0.01, real=0.00 secs] 
2050.047: [GC (Allocation Failure) [PSYoungGen: 57728K->1376K(58368K)] 431957K->375605K(560128K), 0.0021147 secs] [Times: user=0.00 sys=0.00, real=0.00 secs] 
2050.432: [GC (Allocation Failure) [PSYoungGen: 57696K->1565K(58368K)] 431925K->375810K(560128K), 0.0016218 secs] [Times: user=0.01 sys=0.00, real=0.01 secs] 
2050.763: [GC (Allocation Failure) [PSYoungGen: 57885K->1549K(58368K)] 432130K->375794K(560128K), 0.0017350 secs] [Times: user=0.01 sys=0.00, real=0.01 secs] 
2051.092: [GC (Allocation Failure) [PSYoungGen: 57865K->1597K(58368K)] 432111K->375842K(560128K), 0.0017124 secs] [Times: user=0.01 sys=0.00, real=0.01 secs] 
2051.421: [GC (Allocation Failure) [PSYoungGen: 57917K->1597K(58368K)] 432162K->375866K(560128K), 0.0017394 secs] [Times: user=0.01 sys=0.00, real=0.00 secs] 
2051.714: [GC (Allocation Failure) [PSYoungGen: 57917K->1472K(58368K)] 432186K->375741K(560128K), 0.0016582 secs] [Times: user=0.01 sys=0.00, real=0.00 secs] 
2052.305: [GC (Allocation Failure) [PSYoungGen: 57792K->1376K(58368K)] 432061K->375645K(560128K), 0.0020833 secs] [Times: user=0.01 sys=0.00, real=0.00 secs] 
2052.896: [GC (Allocation Failure) [PSYoungGen: 57696K->1392K(58368K)] 431965K->375661K(560128K), 0.0042580 secs] [Times: user=0.02 sys=0.00, real=0.00 secs] 
2053.566: [GC (Allocation Failure) [PSYoungGen: 57712K->1408K(58368K)] 431981K->375677K(560128K), 0.0040594 secs] [Times: user=0.01 sys=0.00, real=0.00 secs] 
2054.389: [GC (Allocation Failure) [PSYoungGen: 57728K->1376K(58368K)] 431997K->375653K(560128K), 0.0041650 secs] [Times: user=0.01 sys=0.00, real=0.01 secs] 
2055.076: [GC (Allocation Failure) [PSYoungGen: 57696K->1501K(58368K)] 431973K->375778K(560128K), 0.0015844 secs] [Times: user=0.01 sys=0.00, real=0.00 secs] 
2055.406: [GC (Allocation Failure) [PSYoungGen: 57791K->1549K(58368K)] 432068K->375842K(560128K), 0.0016407 secs] [Times: user=0.01 sys=0.00, real=0.00 secs] 
2055.733: [GC (Allocation Failure) [PSYoungGen: 57869K->1581K(58368K)] 432162K->375874K(560128K), 0.0017390 secs] [Times: user=0.01 sys=0.00, real=0.00 secs] 
2056.063: [GC (Allocation Failure) [PSYoungGen: 57901K->1568K(58368K)] 432194K->375861K(560128K), 0.0016728 secs] [Times: user=0.00 sys=0.00, real=0.01 secs] 
2056.511: [GC (Allocation Failure) [PSYoungGen: 57888K->1728K(58368K)] 432181K->376029K(560128K), 0.0021719 secs] [Times: user=0.01 sys=0.00, real=0.00 secs] 
2057.114: [GC (Allocation Failure) [PSYoungGen: 58048K->1376K(58368K)] 432349K->375677K(560128K), 0.0021414 secs] [Times: user=0.01 sys=0.00, real=0.00 secs] 
2057.825: [GC (Allocation Failure) [PSYoungGen: 57696K->1408K(58368K)] 431997K->375709K(560128K), 0.0022104 secs] [Times: user=0.01 sys=0.00, real=0.00 secs] 
2058.603: [GC (Allocation Failure) [PSYoungGen: 57728K->1408K(58368K)] 432029K->375709K(560128K), 0.0031399 secs] [Times: user=0.01 sys=0.00, real=0.01 secs] 
2059.268: [GC (Allocation Failure) [PSYoungGen: 57728K->1376K(58368K)] 432029K->375677K(560128K), 0.0022822 secs] [Times: user=0.01 sys=0.00, real=0.00 secs] 
2059.779: [GC (Allocation Failure) [PSYoungGen: 57683K->1469K(58368K)] 431985K->375770K(560128K), 0.0019372 secs] [Times: user=0.01 sys=0.00, real=0.00 secs] 
2060.129: [GC (Allocation Failure) [PSYoungGen: 57789K->1581K(58368K)] 432090K->375890K(560128K), 0.0017344 secs] [Times: user=0.01 sys=0.00, real=0.00 secs] 
2060.458: [GC (Allocation Failure) [PSYoungGen: 57882K->1533K(58368K)] 432191K->375842K(560128K), 0.0016841 secs] [Times: user=0.01 sys=0.00, real=0.00 secs] 
2060.787: [GC (Allocation Failure) [PSYoungGen: 57853K->1533K(58368K)] 432162K->375842K(560128K), 0.0016339 secs] [Times: user=0.01 sys=0.00, real=0.00 secs] 
2061.172: [GC (Allocation Failure) [PSYoungGen: 57853K->1565K(58368K)] 432162K->375874K(560128K), 0.0016674 secs] [Times: user=0.00 sys=0.00, real=0.01 secs] 
2061.524: [GC (Allocation Failure) [PSYoungGen: 57885K->1440K(58368K)] 432194K->375749K(560128K), 0.0021037 secs] [Times: user=0.01 sys=0.00, real=0.00 secs] 
2061.759: [GC (Allocation Failure) [PSYoungGen: 57760K->1440K(58368K)] 432069K->375757K(560128K), 0.0021612 secs] [Times: user=0.01 sys=0.00, real=0.00 secs] 
2061.993: [GC (Allocation Failure) [PSYoungGen: 57760K->1376K(58368K)] 432077K->375693K(560128K), 0.0021160 secs] [Times: user=0.01 sys=0.00, real=0.00 secs] 
2062.227: [GC (Allocation Failure) [PSYoungGen: 57696K->1392K(58368K)] 432013K->375709K(560128K), 0.0021294 secs] [Times: user=0.01 sys=0.00, real=0.00 secs] 
2062.461: [GC (Allocation Failure) [PSYoungGen: 57712K->1440K(58368K)] 432029K->375757K(560128K), 0.0019256 secs] [Times: user=0.01 sys=0.00, real=0.01 secs] 
2062.792: [GC (Allocation Failure) [PSYoungGen: 57749K->1517K(58368K)] 432066K->375850K(560128K), 0.0017669 secs] [Times: user=0.00 sys=0.00, real=0.01 secs] 
2063.182: [GC (Allocation Failure) [PSYoungGen: 57837K->1597K(58368K)] 432170K->375930K(560128K), 0.0018283 secs] [Times: user=0.00 sys=0.00, real=0.01 secs] 
2063.575: [GC (Allocation Failure) [PSYoungGen: 57917K->1536K(58368K)] 432250K->375869K(560128K), 0.0016666 secs] [Times: user=0.00 sys=0.00, real=0.00 secs] 
2063.902: [GC (Allocation Failure) [PSYoungGen: 57856K->1501K(58368K)] 432189K->375834K(560128K), 0.0017757 secs] [Times: user=0.01 sys=0.00, real=0.01 secs] 
2064.311: [GC (Allocation Failure) [PSYoungGen: 57821K->1440K(58368K)] 432154K->375773K(560128K), 0.0029819 secs] [Times: user=0.01 sys=0.00, real=0.01 secs] 
2064.809: [GC (Allocation Failure) [PSYoungGen: 57760K->1408K(58368K)] 432093K->375741K(560128K), 0.0036051 secs] [Times: user=0.01 sys=0.00, real=0.00 secs] 
2065.125: [GC (Allocation Failure) [PSYoungGen: 57728K->1376K(58368K)] 432061K->375709K(560128K), 0.0022565 secs] [Times: user=0.01 sys=0.00, real=0.00 secs] 
2065.384: [GC (Allocation Failure) [PSYoungGen: 57696K->1392K(58368K)] 432029K->375725K(560128K), 0.0021061 secs] [Times: user=0.01 sys=0.00, real=0.00 secs] 
2065.729: [GC (Allocation Failure) [PSYoungGen: 57712K->1376K(58368K)] 432045K->375709K(560128K), 0.0032470 secs] [Times: user=0.02 sys=0.00, real=0.00 secs] 
2066.157: [GC (Allocation Failure) [PSYoungGen: 57675K->1469K(58368K)] 432008K->375802K(560128K), 0.0015813 secs] [Times: user=0.01 sys=0.00, real=0.00 secs] 
2066.485: [GC (Allocation Failure) [PSYoungGen: 57789K->1536K(58368K)] 432122K->375893K(560128K), 0.0016359 secs] [Times: user=0.01 sys=0.00, real=0.00 secs] 
2066.817: [GC (Allocation Failure) [PSYoungGen: 57856K->1613K(58368K)] 432213K->375970K(560128K), 0.0029651 secs] [Times: user=0.01 sys=0.00, real=0.00 secs] 
2067.155: [GC (Allocation Failure) [PSYoungGen: 57933K->1565K(58368K)] 432290K->375922K(560128K), 0.0017457 secs] [Times: user=0.01 sys=0.00, real=0.00 secs] 
2067.516: [GC (Allocation Failure) [PSYoungGen: 57885K->2032K(57856K)] 432242K->376933K(559616K), 0.0019242 secs] [Times: user=0.01 sys=0.00, real=0.00 secs] 
2067.845: [GC (Allocation Failure) [PSYoungGen: 57840K->1392K(58368K)] 432741K->376293K(560128K), 0.0025976 secs] [Times: user=0.01 sys=0.00, real=0.00 secs] 
2068.087: [GC (Allocation Failure) [PSYoungGen: 57200K->1408K(57344K)] 432101K->376309K(559104K), 0.0020623 secs] [Times: user=0.00 sys=0.00, real=0.00 secs] 
2068.323: [GC (Allocation Failure) [PSYoungGen: 57216K->1376K(57856K)] 432117K->376277K(559616K), 0.0020111 secs] [Times: user=0.01 sys=0.00, real=0.00 secs] 
2068.563: [GC (Allocation Failure) [PSYoungGen: 57184K->1344K(57856K)] 432085K->376245K(559616K), 0.0020966 secs] [Times: user=0.00 sys=0.00, real=0.00 secs] 
2068.832: [GC (Allocation Failure) [PSYoungGen: 57152K->1437K(57856K)] 432053K->376338K(559616K), 0.0015647 secs] [Times: user=0.01 sys=0.00, real=0.01 secs] 
2069.159: [GC (Allocation Failure) [PSYoungGen: 57245K->1549K(57856K)] 432146K->376466K(559616K), 0.0017864 secs] [Times: user=0.01 sys=0.00, real=0.00 secs] 
2069.485: [GC (Allocation Failure) [PSYoungGen: 57357K->1597K(57856K)] 432274K->376530K(559616K), 0.0017722 secs] [Times: user=0.01 sys=0.00, real=0.00 secs] 
2069.813: [GC (Allocation Failure) [PSYoungGen: 57405K->1565K(57856K)] 432338K->376498K(559616K), 0.0016975 secs] [Times: user=0.01 sys=0.00, real=0.00 secs] 
2070.139: [GC (Allocation Failure) [PSYoungGen: 57356K->1581K(57856K)] 432289K->376514K(559616K), 0.0017328 secs] [Times: user=0.01 sys=0.00, real=0.00 secs] 
2070.989: [GC (Allocation Failure) [PSYoungGen: 57389K->1440K(57856K)] 432322K->376373K(559616K), 0.0022886 secs] [Times: user=0.01 sys=0.00, real=0.00 secs] 
2072.196: [GC (Allocation Failure) [PSYoungGen: 57248K->1376K(57856K)] 432181K->376309K(559616K), 0.0041825 secs] [Times: user=0.02 sys=0.00, real=0.00 secs] 
2072.945: [GC (Allocation Failure) [PSYoungGen: 57184K->1376K(57856K)] 432117K->376309K(559616K), 0.0032493 secs] [Times: user=0.01 sys=0.00, real=0.00 secs] 
2073.410: [GC (Allocation Failure) [PSYoungGen: 57184K->1376K(57856K)] 432117K->376309K(559616K), 0.0028862 secs] [Times: user=0.01 sys=0.01, real=0.00 secs] 
2073.860: [GC (Allocation Failure) [PSYoungGen: 57184K->1392K(57856K)] 432117K->376325K(559616K), 0.0025566 secs] [Times: user=0.01 sys=0.00, real=0.00 secs] 
2074.371: [GC (Allocation Failure) [PSYoungGen: 57200K->1501K(57856K)] 432133K->376450K(559616K), 0.0017025 secs] [Times: user=0.00 sys=0.00, real=0.00 secs] 
2074.697: [GC (Allocation Failure) [PSYoungGen: 57309K->1549K(57856K)] 432258K->376498K(559616K), 0.0017734 secs] [Times: user=0.01 sys=0.00, real=0.00 secs] 
2075.024: [GC (Allocation Failure) [PSYoungGen: 57357K->1565K(57856K)] 432306K->376514K(559616K), 0.0017164 secs] [Times: user=0.01 sys=0.00, real=0.00 secs] 
2075.350: [GC (Allocation Failure) [PSYoungGen: 57373K->1533K(57856K)] 432322K->376482K(559616K), 0.0017151 secs] [Times: user=0.01 sys=0.00, real=0.00 secs] 
2075.680: [GC (Allocation Failure) [PSYoungGen: 57341K->1504K(57856K)] 432290K->376453K(559616K), 0.0019604 secs] [Times: user=0.01 sys=0.00, real=0.00 secs] 
2075.926: [GC (Allocation Failure) [PSYoungGen: 57312K->1376K(57856K)] 432261K->376325K(559616K), 0.0019430 secs] [Times: user=0.01 sys=0.00, real=0.00 secs] 
2076.158: [GC (Allocation Failure) [PSYoungGen: 57184K->1344K(57856K)] 432133K->376293K(559616K), 0.0020143 secs] [Times: user=0.00 sys=0.00, real=0.00 secs] 
2076.389: [GC (Allocation Failure) [PSYoungGen: 57152K->1376K(57856K)] 432101K->376325K(559616K), 0.0019260 secs] [Times: user=0.01 sys=0.00, real=0.00 secs] 
2076.621: [GC (Allocation Failure) [PSYoungGen: 57184K->1424K(57856K)] 432133K->376373K(559616K), 0.0017958 secs] [Times: user=0.00 sys=0.00, real=0.00 secs] 
2076.908: [GC (Allocation Failure) [PSYoungGen: 57232K->1421K(57856K)] 432181K->376370K(559616K), 0.0016753 secs] [Times: user=0.01 sys=0.00, real=0.00 secs] 
2077.291: [GC (Allocation Failure) [PSYoungGen: 57229K->1565K(57856K)] 432178K->376522K(559616K), 0.0017715 secs] [Times: user=0.01 sys=0.00, real=0.00 secs] 
2077.618: [GC (Allocation Failure) [PSYoungGen: 57373K->1629K(57856K)] 432330K->376586K(559616K), 0.0017650 secs] [Times: user=0.01 sys=0.00, real=0.00 secs] 
2077.961: [GC (Allocation Failure) [PSYoungGen: 57437K->1597K(57856K)] 432394K->376554K(559616K), 0.0017043 secs] [Times: user=0.01 sys=0.00, real=0.00 secs] 
2078.288: [GC (Allocation Failure) [PSYoungGen: 57405K->1549K(57856K)] 432362K->376506K(559616K), 0.0017892 secs] [Times: user=0.00 sys=0.00, real=0.00 secs] 
2078.616: [GC (Allocation Failure) [PSYoungGen: 57357K->1472K(57856K)] 432314K->376429K(559616K), 0.0020709 secs] [Times: user=0.00 sys=0.00, real=0.00 secs] 
2078.868: [GC (Allocation Failure) [PSYoungGen: 57280K->1440K(57856K)] 432237K->376397K(559616K), 0.0020229 secs] [Times: user=0.01 sys=0.00, real=0.00 secs] 
2079.124: [GC (Allocation Failure) [PSYoungGen: 57248K->1376K(57856K)] 432205K->376333K(559616K), 0.0019895 secs] [Times: user=0.00 sys=0.00, real=0.00 secs] 
2079.356: [GC (Allocation Failure) [PSYoungGen: 57184K->1408K(57856K)] 432141K->376381K(559616K), 0.0020932 secs] [Times: user=0.00 sys=0.00, real=0.00 secs] 
2079.588: [GC (Allocation Failure) [PSYoungGen: 57216K->1408K(57856K)] 432189K->376381K(559616K), 0.0020195 secs] [Times: user=0.01 sys=0.00, real=0.00 secs] 
2079.975: [GC (Allocation Failure) [PSYoungGen: 57216K->1533K(57856K)] 432189K->376514K(559616K), 0.0017685 secs] [Times: user=0.00 sys=0.00, real=0.00 secs] 
2080.302: [GC (Allocation Failure) [PSYoungGen: 57341K->1597K(57856K)] 432322K->376578K(559616K), 0.0017281 secs] [Times: user=0.01 sys=0.00, real=0.01 secs] 
2080.627: [GC (Allocation Failure) [PSYoungGen: 57405K->1581K(57856K)] 432386K->376562K(559616K), 0.0016948 secs] [Times: user=0.01 sys=0.00, real=0.00 secs] 
2080.955: [GC (Allocation Failure) [PSYoungGen: 57389K->1597K(57856K)] 432370K->376578K(559616K), 0.0017418 secs] [Times: user=0.00 sys=0.00, real=0.00 secs] 
2081.265: [GC (Allocation Failure) [PSYoungGen: 57405K->1536K(57856K)] 432386K->376517K(559616K), 0.0018054 secs] [Times: user=0.01 sys=0.00, real=0.00 secs] 
2081.523: [GC (Allocation Failure) [PSYoungGen: 57344K->1408K(57856K)] 432325K->376389K(559616K), 0.0019665 secs] [Times: user=0.01 sys=0.00, real=0.00 secs] 
2081.785: [GC (Allocation Failure) [PSYoungGen: 57216K->1408K(57856K)] 432197K->376389K(559616K), 0.0019556 secs] [Times: user=0.01 sys=0.00, real=0.00 secs] 
2082.039: [GC (Allocation Failure) [PSYoungGen: 57216K->1344K(57856K)] 432197K->376325K(559616K), 0.0019700 secs] [Times: user=0.01 sys=0.00, real=0.00 secs] 
2082.283: [GC (Allocation Failure) [PSYoungGen: 57152K->1376K(57856K)] 432133K->376357K(559616K), 0.0021325 secs] [Times: user=0.01 sys=0.00, real=0.01 secs] 
2082.598: [GC (Allocation Failure) [PSYoungGen: 57184K->1501K(57856K)] 432165K->376482K(559616K), 0.0015942 secs] [Times: user=0.00 sys=0.00, real=0.00 secs] 
2082.930: [GC (Allocation Failure) [PSYoungGen: 57309K->1533K(57856K)] 432290K->376530K(559616K), 0.0017483 secs] [Times: user=0.01 sys=0.00, real=0.00 secs] 
2083.255: [GC (Allocation Failure) [PSYoungGen: 57341K->1533K(57856K)] 432338K->376530K(559616K), 0.0018171 secs] [Times: user=0.00 sys=0.00, real=0.00 secs] 
2083.581: [GC (Allocation Failure) [PSYoungGen: 57341K->1581K(57856K)] 432338K->376578K(559616K), 0.0017133 secs] [Times: user=0.00 sys=0.00, real=0.00 secs] 
2083.938: [GC (Allocation Failure) [PSYoungGen: 57389K->1968K(57856K)] 432386K->376965K(559616K), 0.0019530 secs] [Times: user=0.00 sys=0.00, real=0.00 secs] 
2084.405: [GC (Allocation Failure) [PSYoungGen: 57776K->1376K(57856K)] 432773K->376373K(559616K), 0.0020770 secs] [Times: user=0.01 sys=0.00, real=0.00 secs] 
2084.959: [GC (Allocation Failure) [PSYoungGen: 57184K->1360K(57856K)] 432181K->376357K(559616K), 0.0042290 secs] [Times: user=0.02 sys=0.00, real=0.01 secs] 
2085.398: [GC (Allocation Failure) [PSYoungGen: 57168K->1408K(57856K)] 432165K->376405K(559616K), 0.0027222 secs] [Times: user=0.01 sys=0.00, real=0.00 secs] 
2085.906: [GC (Allocation Failure) [PSYoungGen: 57216K->1440K(57856K)] 432213K->376437K(559616K), 0.0021335 secs] [Times: user=0.01 sys=0.00, real=0.00 secs] 
2086.322: [GC (Allocation Failure) [PSYoungGen: 57248K->1424K(57856K)] 432245K->376421K(559616K), 0.0017195 secs] [Times: user=0.01 sys=0.00, real=0.01 secs] 
2086.654: [GC (Allocation Failure) [PSYoungGen: 57232K->1597K(57856K)] 432229K->376602K(559616K), 0.0017453 secs] [Times: user=0.01 sys=0.00, real=0.00 secs] 
2086.982: [GC (Allocation Failure) [PSYoungGen: 57405K->1581K(57856K)] 432410K->376586K(559616K), 0.0017295 secs] [Times: user=0.01 sys=0.00, real=0.01 secs] 
2087.311: [GC (Allocation Failure) [PSYoungGen: 57389K->1504K(57856K)] 432394K->376509K(559616K), 0.0022812 secs] [Times: user=0.01 sys=0.00, real=0.01 secs] 
2087.646: [GC (Allocation Failure) [PSYoungGen: 57296K->1533K(57856K)] 432301K->376538K(559616K), 0.0016850 secs] [Times: user=0.01 sys=0.00, real=0.00 secs] 
2087.929: [GC (Allocation Failure) [PSYoungGen: 57341K->1472K(57856K)] 432346K->376477K(559616K), 0.0019115 secs] [Times: user=0.01 sys=0.00, real=0.00 secs] 
2088.178: [GC (Allocation Failure) [PSYoungGen: 57280K->1392K(57856K)] 432285K->376397K(559616K), 0.0018036 secs] [Times: user=0.01 sys=0.00, real=0.00 secs] 
2088.710: [GC (Allocation Failure) [PSYoungGen: 57200K->1376K(57856K)] 432205K->376381K(559616K), 0.0019614 secs] [Times: user=0.00 sys=0.00, real=0.00 secs] 
2089.385: [GC (Allocation Failure) [PSYoungGen: 57184K->1376K(57856K)] 432189K->376381K(559616K), 0.0022093 secs] [Times: user=0.01 sys=0.00, real=0.00 secs] 
2090.063: [GC (Allocation Failure) [PSYoungGen: 57184K->1376K(57856K)] 432189K->376381K(559616K), 0.0026013 secs] [Times: user=0.02 sys=0.00, real=0.01 secs] 
2090.609: [GC (Allocation Failure) [PSYoungGen: 57184K->1533K(57856K)] 432189K->376554K(559616K), 0.0016385 secs] [Times: user=0.01 sys=0.00, real=0.00 secs] 
2090.936: [GC (Allocation Failure) [PSYoungGen: 57341K->1565K(57856K)] 432362K->376586K(559616K), 0.0017088 secs] [Times: user=0.01 sys=0.00, real=0.00 secs] 
2091.262: [GC (Allocation Failure) [PSYoungGen: 57373K->1597K(57856K)] 432394K->376634K(559616K), 0.0017407 secs] [Times: user=0.01 sys=0.00, real=0.01 secs] 
2091.588: [GC (Allocation Failure) [PSYoungGen: 57405K->1549K(57856K)] 432442K->376586K(559616K), 0.0017933 secs] [Times: user=0.01 sys=0.00, real=0.00 secs] 
2091.913: [GC (Allocation Failure) [PSYoungGen: 57357K->1504K(57856K)] 432394K->376541K(559616K), 0.0018597 secs] [Times: user=0.01 sys=0.00, real=0.00 secs] 
2092.164: [GC (Allocation Failure) [PSYoungGen: 57312K->1376K(57856K)] 432349K->376413K(559616K), 0.0018473 secs] [Times: user=0.01 sys=0.00, real=0.00 secs] 
2092.427: [GC (Allocation Failure) [PSYoungGen: 57184K->1392K(57856K)] 432221K->376429K(559616K), 0.0018760 secs] [Times: user=0.01 sys=0.00, real=0.00 secs] 
2092.678: [GC (Allocation Failure) [PSYoungGen: 57200K->1408K(57856K)] 432237K->376445K(559616K), 0.0018477 secs] [Times: user=0.01 sys=0.00, real=0.00 secs] 
2092.910: [GC (Allocation Failure) [PSYoungGen: 57216K->1376K(57856K)] 432253K->376413K(559616K), 0.0021863 secs] [Times: user=0.01 sys=0.00, real=0.00 secs] 
2093.242: [GC (Allocation Failure) [PSYoungGen: 57184K->1469K(57856K)] 432221K->376506K(559616K), 0.0015176 secs] [Times: user=0.00 sys=0.00, real=0.01 secs] 
2093.567: [GC (Allocation Failure) [PSYoungGen: 57277K->1549K(57856K)] 432314K->376602K(559616K), 0.0017855 secs] [Times: user=0.01 sys=0.00, real=0.00 secs] 
2093.894: [GC (Allocation Failure) [PSYoungGen: 57357K->1565K(57856K)] 432410K->376618K(559616K), 0.0016160 secs] [Times: user=0.00 sys=0.00, real=0.00 secs] 
2094.280: [GC (Allocation Failure) [PSYoungGen: 57373K->1533K(57856K)] 432426K->376586K(559616K), 0.0017853 secs] [Times: user=0.01 sys=0.00, real=0.00 secs] 
2094.608: [GC (Allocation Failure) [PSYoungGen: 57341K->1501K(57856K)] 432394K->376554K(559616K), 0.0017776 secs] [Times: user=0.01 sys=0.00, real=0.00 secs] 
2096.012: [GC (Allocation Failure) [PSYoungGen: 57309K->1424K(57856K)] 432362K->376477K(559616K), 0.0028909 secs] [Times: user=0.01 sys=0.00, real=0.01 secs] 
2096.321: [GC (Allocation Failure) [PSYoungGen: 57232K->1408K(57856K)] 432285K->376461K(559616K), 0.0021043 secs] [Times: user=0.00 sys=0.01, real=0.01 secs] 
2096.571: [GC (Allocation Failure) [PSYoungGen: 57216K->1408K(57856K)] 432269K->376461K(559616K), 0.0022845 secs] [Times: user=0.01 sys=0.00, real=0.01 secs] 
2096.977: [GC (Allocation Failure) [PSYoungGen: 57216K->1440K(57856K)] 432269K->376493K(559616K), 0.0022576 secs] [Times: user=0.01 sys=0.00, real=0.00 secs] 
2097.414: [GC (Allocation Failure) [PSYoungGen: 57248K->1376K(57856K)] 432301K->376429K(559616K), 0.0022560 secs] [Times: user=0.01 sys=0.00, real=0.00 secs] 
2097.796: [GC (Allocation Failure) [PSYoungGen: 57184K->1501K(57856K)] 432237K->376562K(559616K), 0.0016737 secs] [Times: user=0.00 sys=0.00, real=0.00 secs] 
2098.126: [GC (Allocation Failure) [PSYoungGen: 57309K->1533K(57856K)] 432370K->376594K(559616K), 0.0016989 secs] [Times: user=0.01 sys=0.00, real=0.00 secs] 
2098.452: [GC (Allocation Failure) [PSYoungGen: 57341K->1565K(57856K)] 432402K->376626K(559616K), 0.0017429 secs] [Times: user=0.01 sys=0.00, real=0.01 secs] 
2098.781: [GC (Allocation Failure) [PSYoungGen: 57373K->1568K(57856K)] 432434K->376629K(559616K), 0.0017224 secs] [Times: user=0.00 sys=0.00, real=0.00 secs] 
2099.282: [GC (Allocation Failure) [PSYoungGen: 57376K->1440K(57856K)] 432437K->376501K(559616K), 0.0021907 secs] [Times: user=0.01 sys=0.00, real=0.01 secs] 
2099.765: [GC (Allocation Failure) [PSYoungGen: 57248K->1408K(57856K)] 432309K->376469K(559616K), 0.0021641 secs] [Times: user=0.01 sys=0.00, real=0.00 secs] 
2100.392: [GC (Allocation Failure) [PSYoungGen: 57216K->1408K(57856K)] 432277K->376469K(559616K), 0.0020542 secs] [Times: user=0.00 sys=0.00, real=0.01 secs] 
2100.968: [GC (Allocation Failure) [PSYoungGen: 57216K->1376K(57856K)] 432277K->376437K(559616K), 0.0021351 secs] [Times: user=0.01 sys=0.00, real=0.00 secs] 
2101.503: [GC (Allocation Failure) [PSYoungGen: 57184K->1408K(57856K)] 432245K->376469K(559616K), 0.0022493 secs] [Times: user=0.01 sys=0.00, real=0.00 secs] 
2101.991: [GC (Allocation Failure) [PSYoungGen: 57216K->1469K(57856K)] 432277K->376530K(559616K), 0.0016303 secs] [Times: user=0.01 sys=0.00, real=0.00 secs] 
2102.379: [GC (Allocation Failure) [PSYoungGen: 57277K->1565K(57856K)] 432338K->376642K(559616K), 0.0016840 secs] [Times: user=0.01 sys=0.00, real=0.00 secs] 
2102.706: [GC (Allocation Failure) [PSYoungGen: 57373K->1581K(57856K)] 432450K->376658K(559616K), 0.0016753 secs] [Times: user=0.01 sys=0.00, real=0.00 secs] 
2103.034: [GC (Allocation Failure) [PSYoungGen: 57389K->1565K(57856K)] 432466K->376642K(559616K), 0.0017467 secs] [Times: user=0.01 sys=0.00, real=0.00 secs] 
2103.644: [GC (Allocation Failure) [PSYoungGen: 57193K->1984K(57856K)] 432271K->377061K(559616K), 0.0022310 secs] [Times: user=0.01 sys=0.00, real=0.00 secs] 
2104.388: [GC (Allocation Failure) [PSYoungGen: 57792K->1376K(57856K)] 432869K->376453K(559616K), 0.0033458 secs] [Times: user=0.02 sys=0.00, real=0.00 secs] 
2104.878: [GC (Allocation Failure) [PSYoungGen: 57184K->1376K(57856K)] 432261K->376453K(559616K), 0.0025149 secs] [Times: user=0.01 sys=0.00, real=0.00 secs] 
2105.294: [GC (Allocation Failure) [PSYoungGen: 57184K->1408K(57856K)] 432261K->376485K(559616K), 0.0023021 secs] [Times: user=0.01 sys=0.00, real=0.00 secs] 
2105.526: [GC (Allocation Failure) [PSYoungGen: 57216K->1392K(57856K)] 432293K->376469K(559616K), 0.0020692 secs] [Times: user=0.01 sys=0.00, real=0.00 secs] 
2105.803: [GC (Allocation Failure) [PSYoungGen: 57200K->1485K(57856K)] 432277K->376562K(559616K), 0.0019828 secs] [Times: user=0.01 sys=0.00, real=0.00 secs] 
2106.136: [GC (Allocation Failure) [PSYoungGen: 57293K->1565K(57856K)] 432370K->376650K(559616K), 0.0017056 secs] [Times: user=0.00 sys=0.00, real=0.00 secs] 
2106.466: [GC (Allocation Failure) [PSYoungGen: 57373K->1600K(57856K)] 432458K->376685K(559616K), 0.0016927 secs] [Times: user=0.00 sys=0.00, real=0.00 secs] 
2106.792: [GC (Allocation Failure) [PSYoungGen: 57408K->1597K(57856K)] 432493K->376682K(559616K), 0.0017942 secs] [Times: user=0.00 sys=0.00, real=0.01 secs] 
2107.123: [GC (Allocation Failure) [PSYoungGen: 57405K->1533K(57856K)] 432490K->376618K(559616K), 0.0016953 secs] [Times: user=0.00 sys=0.00, real=0.01 secs] 
2107.637: [GC (Allocation Failure) [PSYoungGen: 57341K->1440K(57856K)] 432426K->376525K(559616K), 0.0022168 secs] [Times: user=0.01 sys=0.00, real=0.00 secs] 
2108.109: [GC (Allocation Failure) [PSYoungGen: 57248K->1408K(57856K)] 432333K->376493K(559616K), 0.0019831 secs] [Times: user=0.01 sys=0.00, real=0.00 secs] 
2108.637: [GC (Allocation Failure) [PSYoungGen: 57216K->1392K(57856K)] 432301K->376477K(559616K), 0.0027793 secs] [Times: user=0.01 sys=0.00, real=0.00 secs] 
2109.171: [GC (Allocation Failure) [PSYoungGen: 57200K->1344K(57856K)] 432285K->376429K(559616K), 0.0025647 secs] [Times: user=0.01 sys=0.00, real=0.01 secs] 
2109.494: [GC (Allocation Failure) [PSYoungGen: 57152K->1376K(57856K)] 432237K->376461K(559616K), 0.0025179 secs] [Times: user=0.01 sys=0.00, real=0.00 secs] 
2109.881: [GC (Allocation Failure) [PSYoungGen: 57184K->1597K(57856K)] 432269K->376698K(559616K), 0.0017476 secs] [Times: user=0.00 sys=0.00, real=0.01 secs] 
2110.207: [GC (Allocation Failure) [PSYoungGen: 57405K->1597K(57856K)] 432506K->376698K(559616K), 0.0017306 secs] [Times: user=0.00 sys=0.00, real=0.00 secs] 
2110.533: [GC (Allocation Failure) [PSYoungGen: 57405K->1565K(57856K)] 432506K->376682K(559616K), 0.0016936 secs] [Times: user=0.01 sys=0.00, real=0.00 secs] 
2110.860: [GC (Allocation Failure) [PSYoungGen: 57373K->1581K(57856K)] 432490K->376698K(559616K), 0.0016676 secs] [Times: user=0.01 sys=0.00, real=0.00 secs] 
2111.189: [GC (Allocation Failure) [PSYoungGen: 57389K->1440K(57856K)] 432506K->376557K(559616K), 0.0019562 secs] [Times: user=0.00 sys=0.00, real=0.00 secs] 
2111.420: [GC (Allocation Failure) [PSYoungGen: 57248K->1440K(57856K)] 432365K->376565K(559616K), 0.0017697 secs] [Times: user=0.01 sys=0.00, real=0.00 secs] 
2111.652: [GC (Allocation Failure) [PSYoungGen: 57248K->1376K(57856K)] 432373K->376501K(559616K), 0.0019379 secs] [Times: user=0.01 sys=0.00, real=0.01 secs] 
2111.921: [GC (Allocation Failure) [PSYoungGen: 57184K->1376K(57856K)] 432309K->376501K(559616K), 0.0018347 secs] [Times: user=0.01 sys=0.00, real=0.00 secs] 
2112.152: [GC (Allocation Failure) [PSYoungGen: 57184K->1376K(57856K)] 432309K->376501K(559616K), 0.0019564 secs] [Times: user=0.01 sys=0.00, real=0.01 secs] 
2112.460: [GC (Allocation Failure) [PSYoungGen: 57184K->1501K(57856K)] 432309K->376626K(559616K), 0.0015905 secs] [Times: user=0.00 sys=0.00, real=0.00 secs] 
2112.785: [GC (Allocation Failure) [PSYoungGen: 57309K->1581K(57856K)] 432434K->376722K(559616K), 0.0017121 secs] [Times: user=0.01 sys=0.00, real=0.00 secs] 
2113.116: [GC (Allocation Failure) [PSYoungGen: 57389K->1565K(57856K)] 432530K->376706K(559616K), 0.0017775 secs] [Times: user=0.00 sys=0.00, real=0.00 secs] 
2113.444: [GC (Allocation Failure) [PSYoungGen: 57373K->1549K(57856K)] 432514K->376690K(559616K), 0.0021823 secs] [Times: user=0.01 sys=0.00, real=0.00 secs] 
2113.771: [GC (Allocation Failure) [PSYoungGen: 57357K->1536K(57856K)] 432498K->376677K(559616K), 0.0017026 secs] [Times: user=0.01 sys=0.00, real=0.00 secs] 
2114.156: [GC (Allocation Failure) [PSYoungGen: 57344K->1440K(57856K)] 432485K->376581K(559616K), 0.0021811 secs] [Times: user=0.01 sys=0.00, real=0.00 secs] 
2114.443: [GC (Allocation Failure) [PSYoungGen: 57248K->1376K(57856K)] 432389K->376517K(559616K), 0.0021259 secs] [Times: user=0.01 sys=0.00, real=0.00 secs] 
2114.675: [GC (Allocation Failure) [PSYoungGen: 57184K->1344K(57856K)] 432325K->376485K(559616K), 0.0020310 secs] [Times: user=0.00 sys=0.00, real=0.00 secs] 
2114.907: [GC (Allocation Failure) [PSYoungGen: 57152K->1424K(57856K)] 432293K->376565K(559616K), 0.0019528 secs] [Times: user=0.01 sys=0.00, real=0.00 secs] 
2115.198: [GC (Allocation Failure) [PSYoungGen: 57232K->1376K(57856K)] 432373K->376517K(559616K), 0.0020369 secs] [Times: user=0.01 sys=0.00, real=0.00 secs] 
2115.616: [GC (Allocation Failure) [PSYoungGen: 57184K->1501K(57856K)] 432325K->376650K(559616K), 0.0017304 secs] [Times: user=0.00 sys=0.00, real=0.00 secs] 
2115.943: [GC (Allocation Failure) [PSYoungGen: 57309K->1597K(57856K)] 432458K->376746K(559616K), 0.0016548 secs] [Times: user=0.01 sys=0.00, real=0.01 secs] 
2116.327: [GC (Allocation Failure) [PSYoungGen: 57405K->1565K(57856K)] 432554K->376714K(559616K), 0.0017630 secs] [Times: user=0.01 sys=0.00, real=0.00 secs] 
2116.714: [GC (Allocation Failure) [PSYoungGen: 57373K->1536K(57856K)] 432522K->376685K(559616K), 0.0016899 secs] [Times: user=0.01 sys=0.00, real=0.00 secs] 
2117.264: [GC (Allocation Failure) [PSYoungGen: 57344K->1440K(57856K)] 432493K->376589K(559616K), 0.0028040 secs] [Times: user=0.01 sys=0.00, real=0.00 secs] 
2117.827: [GC (Allocation Failure) [PSYoungGen: 57248K->1456K(57856K)] 432397K->376605K(559616K), 0.0027626 secs] [Times: user=0.01 sys=0.00, real=0.00 secs] 
2118.336: [GC (Allocation Failure) [PSYoungGen: 57264K->1408K(57856K)] 432413K->376557K(559616K), 0.0025605 secs] [Times: user=0.01 sys=0.00, real=0.00 secs] 
2118.844: [GC (Allocation Failure) [PSYoungGen: 57216K->1408K(57856K)] 432365K->376557K(559616K), 0.0022195 secs] [Times: user=0.01 sys=0.00, real=0.00 secs] 
2119.314: [GC (Allocation Failure) [PSYoungGen: 57216K->1408K(57856K)] 432365K->376557K(559616K), 0.0022576 secs] [Times: user=0.01 sys=0.00, real=0.00 secs] 
2119.829: [GC (Allocation Failure) [PSYoungGen: 57216K->1501K(57856K)] 432365K->376650K(559616K), 0.0022096 secs] [Times: user=0.01 sys=0.00, real=0.00 secs] 
2120.159: [GC (Allocation Failure) [PSYoungGen: 57309K->1533K(57856K)] 432458K->376698K(559616K), 0.0017682 secs] [Times: user=0.00 sys=0.00, real=0.00 secs] 
2120.485: [GC (Allocation Failure) [PSYoungGen: 57341K->1565K(57856K)] 432506K->376730K(559616K), 0.0017236 secs] [Times: user=0.01 sys=0.00, real=0.00 secs] 
2120.812: [GC (Allocation Failure) [PSYoungGen: 57373K->1613K(57856K)] 432538K->376778K(559616K), 0.0017532 secs] [Times: user=0.01 sys=0.00, real=0.01 secs] 
2121.157: [GC (Allocation Failure) [PSYoungGen: 57421K->1984K(57856K)] 432586K->377165K(559616K), 0.0018708 secs] [Times: user=0.01 sys=0.00, real=0.00 secs] 
2121.416: [GC (Allocation Failure) [PSYoungGen: 57792K->1344K(57856K)] 432973K->376525K(559616K), 0.0023908 secs] [Times: user=0.01 sys=0.00, real=0.00 secs] 
2121.680: [GC (Allocation Failure) [PSYoungGen: 57152K->1408K(57856K)] 432333K->376589K(559616K), 0.0021445 secs] [Times: user=0.01 sys=0.00, real=0.00 secs] 
2121.918: [GC (Allocation Failure) [PSYoungGen: 57216K->1392K(57856K)] 432397K->376573K(559616K), 0.0021037 secs] [Times: user=0.01 sys=0.00, real=0.00 secs] 
2122.150: [GC (Allocation Failure) [PSYoungGen: 57200K->1408K(57856K)] 432381K->376589K(559616K), 0.0020115 secs] [Times: user=0.01 sys=0.00, real=0.00 secs] 
2122.498: [GC (Allocation Failure) [PSYoungGen: 57216K->1469K(57856K)] 432397K->376650K(559616K), 0.0019346 secs] [Times: user=0.01 sys=0.00, real=0.00 secs] 
2122.836: [GC (Allocation Failure) [PSYoungGen: 57277K->1536K(57856K)] 432458K->376725K(559616K), 0.0017251 secs] [Times: user=0.00 sys=0.00, real=0.00 secs] 
2123.165: [GC (Allocation Failure) [PSYoungGen: 57313K->1549K(57856K)] 432502K->376738K(559616K), 0.0017403 secs] [Times: user=0.00 sys=0.00, real=0.00 secs] 
2123.491: [GC (Allocation Failure) [PSYoungGen: 57357K->1552K(57856K)] 432546K->376741K(559616K), 0.0018024 secs] [Times: user=0.00 sys=0.00, real=0.01 secs] 
2123.817: [GC (Allocation Failure) [PSYoungGen: 57360K->1581K(57856K)] 432549K->376770K(559616K), 0.0017134 secs] [Times: user=0.01 sys=0.00, real=0.00 secs] 
2124.154: [GC (Allocation Failure) [PSYoungGen: 57389K->1440K(57856K)] 432578K->376629K(559616K), 0.0019275 secs] [Times: user=0.01 sys=0.00, real=0.00 secs] 
2124.570: [GC (Allocation Failure) [PSYoungGen: 57248K->1408K(57856K)] 432437K->376597K(559616K), 0.0020602 secs] [Times: user=0.01 sys=0.00, real=0.00 secs] 
2125.024: [GC (Allocation Failure) [PSYoungGen: 57216K->1408K(57856K)] 432405K->376597K(559616K), 0.0019954 secs] [Times: user=0.00 sys=0.00, real=0.00 secs] 
2125.703: [GC (Allocation Failure) [PSYoungGen: 57216K->1376K(57856K)] 432405K->376565K(559616K), 0.0027896 secs] [Times: user=0.02 sys=0.00, real=0.01 secs] 
2126.357: [GC (Allocation Failure) [PSYoungGen: 57184K->1376K(57856K)] 432373K->376565K(559616K), 0.0032945 secs] [Times: user=0.01 sys=0.00, real=0.00 secs] 
2126.878: [GC (Allocation Failure) [PSYoungGen: 57184K->1565K(57856K)] 432373K->376770K(559616K), 0.0016367 secs] [Times: user=0.00 sys=0.00, real=0.00 secs] 
2127.204: [GC (Allocation Failure) [PSYoungGen: 57373K->1533K(57856K)] 432578K->376738K(559616K), 0.0016897 secs] [Times: user=0.00 sys=0.00, real=0.00 secs] 
2127.591: [GC (Allocation Failure) [PSYoungGen: 57341K->1565K(57856K)] 432546K->376770K(559616K), 0.0017902 secs] [Times: user=0.01 sys=0.00, real=0.00 secs] 
2127.917: [GC (Allocation Failure) [PSYoungGen: 57373K->1533K(57856K)] 432578K->376738K(559616K), 0.0017875 secs] [Times: user=0.01 sys=0.00, real=0.00 secs] 
2128.255: [GC (Allocation Failure) [PSYoungGen: 57341K->1504K(57856K)] 432546K->376709K(559616K), 0.0022292 secs] [Times: user=0.01 sys=0.00, real=0.00 secs] 
2128.536: [GC (Allocation Failure) [PSYoungGen: 57312K->1392K(57856K)] 432517K->376597K(559616K), 0.0021972 secs] [Times: user=0.01 sys=0.00, real=0.00 secs] 
2128.835: [GC (Allocation Failure) [PSYoungGen: 57200K->1424K(57856K)] 432405K->376629K(559616K), 0.0021611 secs] [Times: user=0.01 sys=0.00, real=0.00 secs] 
2129.286: [GC (Allocation Failure) [PSYoungGen: 57232K->1408K(57856K)] 432437K->376613K(559616K), 0.0020943 secs] [Times: user=0.01 sys=0.00, real=0.00 secs] 
2129.774: [GC (Allocation Failure) [PSYoungGen: 57216K->1344K(57856K)] 432421K->376549K(559616K), 0.0023204 secs] [Times: user=0.01 sys=0.00, real=0.00 secs] 
2130.251: [GC (Allocation Failure) [PSYoungGen: 57152K->1472K(57856K)] 432357K->376677K(559616K), 0.0016158 secs] [Times: user=0.01 sys=0.00, real=0.00 secs] 
2130.577: [GC (Allocation Failure) [PSYoungGen: 57280K->1552K(57856K)] 432485K->376773K(559616K), 0.0016914 secs] [Times: user=0.01 sys=0.00, real=0.00 secs] 
2130.904: [GC (Allocation Failure) [PSYoungGen: 57360K->1565K(57856K)] 432581K->376786K(559616K), 0.0016522 secs] [Times: user=0.01 sys=0.00, real=0.00 secs] 
2131.288: [GC (Allocation Failure) [PSYoungGen: 57373K->1536K(57856K)] 432594K->376773K(559616K), 0.0017173 secs] [Times: user=0.01 sys=0.00, real=0.00 secs] 
2131.616: [GC (Allocation Failure) [PSYoungGen: 57344K->1549K(57856K)] 432581K->376786K(559616K), 0.0017242 secs] [Times: user=0.01 sys=0.00, real=0.00 secs] 
2132.157: [GC (Allocation Failure) [PSYoungGen: 57357K->1408K(57856K)] 432594K->376645K(559616K), 0.0028702 secs] [Times: user=0.01 sys=0.00, real=0.00 secs] 
2132.473: [GC (Allocation Failure) [PSYoungGen: 57216K->1376K(57856K)] 432453K->376613K(559616K), 0.0022558 secs] [Times: user=0.01 sys=0.01, real=0.01 secs] 
2132.712: [GC (Allocation Failure) [PSYoungGen: 57184K->1376K(57856K)] 432421K->376613K(559616K), 0.0022055 secs] [Times: user=0.01 sys=0.00, real=0.01 secs] 
2133.011: [GC (Allocation Failure) [PSYoungGen: 57184K->1376K(57856K)] 432421K->376613K(559616K), 0.0019582 secs] [Times: user=0.01 sys=0.00, real=0.00 secs] 
2133.463: [GC (Allocation Failure) [PSYoungGen: 57184K->1376K(57856K)] 432421K->376613K(559616K), 0.0020010 secs] [Times: user=0.01 sys=0.00, real=0.00 secs] 
2133.818: [GC (Allocation Failure) [PSYoungGen: 57184K->1501K(57856K)] 432421K->376754K(559616K), 0.0016626 secs] [Times: user=0.00 sys=0.00, real=0.00 secs] 
2134.145: [GC (Allocation Failure) [PSYoungGen: 57309K->1565K(57856K)] 432562K->376818K(559616K), 0.0016931 secs] [Times: user=0.01 sys=0.00, real=0.00 secs] 
2134.472: [GC (Allocation Failure) [PSYoungGen: 57373K->1517K(57856K)] 432626K->376770K(559616K), 0.0017297 secs] [Times: user=0.01 sys=0.00, real=0.01 secs] 
2134.798: [GC (Allocation Failure) [PSYoungGen: 57325K->1533K(57856K)] 432578K->376786K(559616K), 0.0017043 secs] [Times: user=0.00 sys=0.00, real=0.00 secs] 
2135.375: [GC (Allocation Failure) [PSYoungGen: 57341K->1504K(57856K)] 432594K->376757K(559616K), 0.0024085 secs] [Times: user=0.01 sys=0.00, real=0.00 secs] 
2136.096: [GC (Allocation Failure) [PSYoungGen: 57312K->1408K(57856K)] 432565K->376661K(559616K), 0.0033236 secs] [Times: user=0.02 sys=0.00, real=0.00 secs] 
2136.809: [GC (Allocation Failure) [PSYoungGen: 57216K->1440K(57856K)] 432469K->376693K(559616K), 0.0042204 secs] [Times: user=0.02 sys=0.00, real=0.01 secs] 
2137.280: [GC (Allocation Failure) [PSYoungGen: 57248K->1408K(57856K)] 432501K->376661K(559616K), 0.0033937 secs] [Times: user=0.01 sys=0.00, real=0.00 secs] 
2137.750: [GC (Allocation Failure) [PSYoungGen: 57216K->1344K(57856K)] 432469K->376597K(559616K), 0.0025107 secs] [Times: user=0.01 sys=0.00, real=0.00 secs] 
2138.201: [GC (Allocation Failure) [PSYoungGen: 57152K->1453K(57856K)] 432405K->376706K(559616K), 0.0016148 secs] [Times: user=0.01 sys=0.00, real=0.00 secs] 
2138.528: [GC (Allocation Failure) [PSYoungGen: 57261K->1565K(57856K)] 432514K->376842K(559616K), 0.0017338 secs] [Times: user=0.01 sys=0.00, real=0.00 secs] 
2138.865: [GC (Allocation Failure) [PSYoungGen: 57373K->1565K(57856K)] 432650K->376842K(559616K), 0.0017217 secs] [Times: user=0.00 sys=0.00, real=0.00 secs] 
2139.190: [GC (Allocation Failure) [PSYoungGen: 57373K->1629K(57856K)] 432650K->376906K(559616K), 0.0017060 secs] [Times: user=0.00 sys=0.00, real=0.00 secs] 
2139.615: [GC (Allocation Failure) [PSYoungGen: 57313K->1984K(57856K)] 432590K->377261K(559616K), 0.0019153 secs] [Times: user=0.01 sys=0.00, real=0.00 secs] 
2139.847: [GC (Allocation Failure) [PSYoungGen: 57792K->1408K(57856K)] 433069K->376685K(559616K), 0.0020106 secs] [Times: user=0.01 sys=0.00, real=0.00 secs] 
2140.079: [GC (Allocation Failure) [PSYoungGen: 57216K->1344K(57856K)] 432493K->376621K(559616K), 0.0017770 secs] [Times: user=0.01 sys=0.00, real=0.00 secs] 
2140.530: [GC (Allocation Failure) [PSYoungGen: 57152K->1392K(57856K)] 432429K->376669K(559616K), 0.0019544 secs] [Times: user=0.01 sys=0.00, real=0.00 secs] 
2140.983: [GC (Allocation Failure) [PSYoungGen: 57200K->1344K(57856K)] 432477K->376621K(559616K), 0.0019518 secs] [Times: user=0.00 sys=0.00, real=0.01 secs] 
2141.436: [GC (Allocation Failure) [PSYoungGen: 57152K->1469K(57856K)] 432429K->376770K(559616K), 0.0022837 secs] [Times: user=0.01 sys=0.00, real=0.00 secs] 
2141.784: [GC (Allocation Failure) [PSYoungGen: 57277K->1533K(57856K)] 432578K->376850K(559616K), 0.0016822 secs] [Times: user=0.01 sys=0.00, real=0.00 secs] 
2142.172: [GC (Allocation Failure) [PSYoungGen: 57341K->1549K(57856K)] 432658K->376866K(559616K), 0.0017223 secs] [Times: user=0.00 sys=0.00, real=0.01 secs] 
2142.498: [GC (Allocation Failure) [PSYoungGen: 57357K->1517K(57856K)] 432674K->376834K(559616K), 0.0017473 secs] [Times: user=0.01 sys=0.00, real=0.00 secs] 
2142.827: [GC (Allocation Failure) [PSYoungGen: 57325K->1501K(57856K)] 432642K->376818K(559616K), 0.0016846 secs] [Times: user=0.00 sys=0.00, real=0.00 secs] 
2143.330: [GC (Allocation Failure) [PSYoungGen: 57309K->1408K(57856K)] 432626K->376725K(559616K), 0.0041891 secs] [Times: user=0.01 sys=0.00, real=0.01 secs] 
2143.581: [GC (Allocation Failure) [PSYoungGen: 57216K->1408K(57856K)] 432533K->376725K(559616K), 0.0020583 secs] [Times: user=0.01 sys=0.00, real=0.00 secs] 
2143.813: [GC (Allocation Failure) [PSYoungGen: 57216K->1344K(57856K)] 432533K->376661K(559616K), 0.0021230 secs] [Times: user=0.01 sys=0.00, real=0.01 secs] 
2144.045: [GC (Allocation Failure) [PSYoungGen: 57152K->1408K(57856K)] 432469K->376725K(559616K), 0.0020391 secs] [Times: user=0.01 sys=0.00, real=0.00 secs] 
2144.332: [GC (Allocation Failure) [PSYoungGen: 57216K->1376K(57856K)] 432533K->376693K(559616K), 0.0021913 secs] [Times: user=0.01 sys=0.00, real=0.01 secs] 
2144.668: [GC (Allocation Failure) [PSYoungGen: 57156K->1501K(57856K)] 432474K->376834K(559616K), 0.0017215 secs] [Times: user=0.00 sys=0.00, real=0.00 secs] 
2145.060: [GC (Allocation Failure) [PSYoungGen: 57309K->1597K(57856K)] 432642K->376930K(559616K), 0.0017582 secs] [Times: user=0.01 sys=0.00, real=0.00 secs] 
2145.388: [GC (Allocation Failure) [PSYoungGen: 57405K->1565K(57856K)] 432738K->376898K(559616K), 0.0018011 secs] [Times: user=0.01 sys=0.00, real=0.00 secs] 
2145.715: [GC (Allocation Failure) [PSYoungGen: 57373K->1565K(57856K)] 432706K->376898K(559616K), 0.0017387 secs] [Times: user=0.01 sys=0.00, real=0.00 secs] 
2146.209: [GC (Allocation Failure) [PSYoungGen: 57373K->1488K(57856K)] 432706K->376821K(559616K), 0.0029655 secs] [Times: user=0.01 sys=0.00, real=0.00 secs] 
2146.777: [GC (Allocation Failure) [PSYoungGen: 57296K->1408K(57856K)] 432629K->376741K(559616K), 0.0040153 secs] [Times: user=0.02 sys=0.01, real=0.00 secs] 
2147.188: [GC (Allocation Failure) [PSYoungGen: 57216K->1376K(57856K)] 432549K->376709K(559616K), 0.0025279 secs] [Times: user=0.01 sys=0.00, real=0.00 secs] 
2147.612: [GC (Allocation Failure) [PSYoungGen: 57184K->1408K(57856K)] 432517K->376741K(559616K), 0.0025512 secs] [Times: user=0.01 sys=0.00, real=0.01 secs] 
2148.072: [GC (Allocation Failure) [PSYoungGen: 57216K->1376K(57856K)] 432549K->376709K(559616K), 0.0025437 secs] [Times: user=0.01 sys=0.00, real=0.01 secs] 
2148.524: [GC (Allocation Failure) [PSYoungGen: 57184K->1501K(57856K)] 432517K->376834K(559616K), 0.0016272 secs] [Times: user=0.00 sys=0.00, real=0.00 secs] 
2148.853: [GC (Allocation Failure) [PSYoungGen: 57309K->1533K(57856K)] 432642K->376882K(559616K), 0.0016502 secs] [Times: user=0.01 sys=0.00, real=0.01 secs] 
2149.183: [GC (Allocation Failure) [PSYoungGen: 57341K->1613K(57856K)] 432690K->376962K(559616K), 0.0017381 secs] [Times: user=0.01 sys=0.00, real=0.00 secs] 
2149.513: [GC (Allocation Failure) [PSYoungGen: 57421K->1549K(57856K)] 432770K->376898K(559616K), 0.0017008 secs] [Times: user=0.00 sys=0.00, real=0.01 secs] 
2149.840: [GC (Allocation Failure) [PSYoungGen: 57357K->1613K(57856K)] 432706K->376962K(559616K), 0.0017152 secs] [Times: user=0.01 sys=0.00, real=0.00 secs] 
2150.461: [GC (Allocation Failure) [PSYoungGen: 57421K->1392K(57856K)] 432770K->376741K(559616K), 0.0022015 secs] [Times: user=0.01 sys=0.00, real=0.01 secs] 
2151.017: [GC (Allocation Failure) [PSYoungGen: 57200K->1408K(57856K)] 432549K->376757K(559616K), 0.0027484 secs] [Times: user=0.01 sys=0.00, real=0.00 secs] 
2151.604: [GC (Allocation Failure) [PSYoungGen: 57216K->1376K(57856K)] 432565K->376741K(559616K), 0.0033725 secs] [Times: user=0.02 sys=0.00, real=0.00 secs] 
2152.131: [GC (Allocation Failure) [PSYoungGen: 57184K->1344K(57856K)] 432549K->376709K(559616K), 0.0042539 secs] [Times: user=0.02 sys=0.00, real=0.01 secs] 
2152.526: [GC (Allocation Failure) [PSYoungGen: 57152K->1376K(57856K)] 432517K->376741K(559616K), 0.0027308 secs] [Times: user=0.01 sys=0.00, real=0.00 secs] 
2152.960: [GC (Allocation Failure) [PSYoungGen: 57184K->1536K(57856K)] 432549K->376909K(559616K), 0.0018153 secs] [Times: user=0.01 sys=0.00, real=0.00 secs] 
2153.351: [GC (Allocation Failure) [PSYoungGen: 57328K->1565K(57856K)] 432701K->376938K(559616K), 0.0018004 secs] [Times: user=0.01 sys=0.00, real=0.00 secs] 
2153.733: [GC (Allocation Failure) [PSYoungGen: 57373K->1501K(57856K)] 432746K->376874K(559616K), 0.0018102 secs] [Times: user=0.01 sys=0.00, real=0.00 secs] 
2154.061: [GC (Allocation Failure) [PSYoungGen: 57309K->1597K(57856K)] 432682K->376970K(559616K), 0.0017812 secs] [Times: user=0.01 sys=0.00, real=0.00 secs] 
2154.537: [GC (Allocation Failure) [PSYoungGen: 57405K->1440K(57856K)] 432778K->376813K(559616K), 0.0029307 secs] [Times: user=0.01 sys=0.00, real=0.00 secs] 
2155.039: [GC (Allocation Failure) [PSYoungGen: 57248K->1408K(57856K)] 432621K->376781K(559616K), 0.0038767 secs] [Times: user=0.02 sys=0.00, real=0.00 secs] 
2155.537: [GC (Allocation Failure) [PSYoungGen: 57216K->1392K(57856K)] 432589K->376765K(559616K), 0.0023840 secs] [Times: user=0.01 sys=0.00, real=0.00 secs] 
2156.011: [GC (Allocation Failure) [PSYoungGen: 57200K->1376K(57856K)] 432573K->376749K(559616K), 0.0022056 secs] [Times: user=0.01 sys=0.00, real=0.00 secs] 
2156.450: [GC (Allocation Failure) [PSYoungGen: 57184K->1408K(57856K)] 432557K->376781K(559616K), 0.0021766 secs] [Times: user=0.01 sys=0.00, real=0.00 secs] 
2156.845: [GC (Allocation Failure) [PSYoungGen: 57216K->1453K(57856K)] 432589K->376826K(559616K), 0.0016271 secs] [Times: user=0.01 sys=0.00, real=0.00 secs] 
2157.170: [GC (Allocation Failure) [PSYoungGen: 57261K->1533K(57856K)] 432634K->376922K(559616K), 0.0016666 secs] [Times: user=0.01 sys=0.00, real=0.00 secs] 
2157.495: [GC (Allocation Failure) [PSYoungGen: 57341K->1597K(57856K)] 432730K->376986K(559616K), 0.0017276 secs] [Times: user=0.01 sys=0.00, real=0.00 secs] 
2157.823: [GC (Allocation Failure) [PSYoungGen: 57405K->1597K(57856K)] 432794K->376986K(559616K), 0.0017232 secs] [Times: user=0.00 sys=0.00, real=0.00 secs] 
2158.205: [GC (Allocation Failure) [PSYoungGen: 57405K->1952K(57856K)] 432794K->377341K(559616K), 0.0019988 secs] [Times: user=0.01 sys=0.00, real=0.00 secs] 
2158.714: [GC (Allocation Failure) [PSYoungGen: 57760K->1392K(57856K)] 433149K->376781K(559616K), 0.0019493 secs] [Times: user=0.01 sys=0.00, real=0.00 secs] 
2159.323: [GC (Allocation Failure) [PSYoungGen: 57200K->1408K(57856K)] 432589K->376797K(559616K), 0.0041636 secs] [Times: user=0.01 sys=0.00, real=0.00 secs] 
2160.085: [GC (Allocation Failure) [PSYoungGen: 57216K->1344K(57856K)] 432605K->376733K(559616K), 0.0036309 secs] [Times: user=0.02 sys=0.00, real=0.00 secs] 
2160.834: [GC (Allocation Failure) [PSYoungGen: 57152K->1344K(57856K)] 432541K->376733K(559616K), 0.0033183 secs] [Times: user=0.01 sys=0.00, real=0.00 secs] 
2161.581: [GC (Allocation Failure) [PSYoungGen: 57152K->1469K(57856K)] 432541K->376858K(559616K), 0.0027437 secs] [Times: user=0.02 sys=0.00, real=0.01 secs] 
2161.963: [GC (Allocation Failure) [PSYoungGen: 57277K->1565K(57856K)] 432666K->376962K(559616K), 0.0017399 secs] [Times: user=0.01 sys=0.00, real=0.00 secs] 
2162.290: [GC (Allocation Failure) [PSYoungGen: 57342K->1533K(57856K)] 432740K->376954K(559616K), 0.0017814 secs] [Times: user=0.01 sys=0.00, real=0.00 secs] 
2162.616: [GC (Allocation Failure) [PSYoungGen: 57341K->1549K(57856K)] 432762K->376970K(559616K), 0.0017786 secs] [Times: user=0.01 sys=0.00, real=0.00 secs] 
2162.943: [GC (Allocation Failure) [PSYoungGen: 57357K->1629K(57856K)] 432778K->377050K(559616K), 0.0017227 secs] [Times: user=0.01 sys=0.00, real=0.01 secs] 
2163.392: [GC (Allocation Failure) [PSYoungGen: 57437K->1408K(57856K)] 432858K->376829K(559616K), 0.0018644 secs] [Times: user=0.01 sys=0.00, real=0.01 secs] 
2163.853: [GC (Allocation Failure) [PSYoungGen: 57216K->1376K(57856K)] 432637K->376797K(559616K), 0.0020071 secs] [Times: user=0.01 sys=0.00, real=0.00 secs] 
2164.310: [GC (Allocation Failure) [PSYoungGen: 57184K->1376K(57856K)] 432605K->376797K(559616K), 0.0023786 secs] [Times: user=0.01 sys=0.00, real=0.00 secs] 
2164.541: [GC (Allocation Failure) [PSYoungGen: 57184K->1344K(57856K)] 432605K->376765K(559616K), 0.0020262 secs] [Times: user=0.01 sys=0.00, real=0.00 secs] 
2164.773: [GC (Allocation Failure) [PSYoungGen: 57152K->1360K(57856K)] 432573K->376781K(559616K), 0.0020364 secs] [Times: user=0.01 sys=0.00, real=0.00 secs] 
2165.095: [GC (Allocation Failure) [PSYoungGen: 57160K->1565K(57856K)] 432581K->377002K(559616K), 0.0016005 secs] [Times: user=0.01 sys=0.00, real=0.00 secs] 
2165.422: [GC (Allocation Failure) [PSYoungGen: 57373K->1565K(57856K)] 432810K->377002K(559616K), 0.0017023 secs] [Times: user=0.01 sys=0.00, real=0.01 secs] 
2165.755: [GC (Allocation Failure) [PSYoungGen: 57373K->1565K(57856K)] 432810K->377002K(559616K), 0.0017178 secs] [Times: user=0.00 sys=0.00, real=0.00 secs] 
2166.084: [GC (Allocation Failure) [PSYoungGen: 57373K->1565K(57856K)] 432810K->377002K(559616K), 0.0017401 secs] [Times: user=0.01 sys=0.00, real=0.00 secs] 
2166.398: [GC (Allocation Failure) [PSYoungGen: 57373K->1440K(57856K)] 432810K->376877K(559616K), 0.0019309 secs] [Times: user=0.01 sys=0.00, real=0.00 secs] 
2166.630: [GC (Allocation Failure) [PSYoungGen: 57248K->1344K(57856K)] 432685K->376781K(559616K), 0.0018648 secs] [Times: user=0.01 sys=0.00, real=0.00 secs] 
2166.913: [GC (Allocation Failure) [PSYoungGen: 57152K->1376K(57856K)] 432589K->376813K(559616K), 0.0019178 secs] [Times: user=0.01 sys=0.00, real=0.00 secs] 
2167.150: [GC (Allocation Failure) [PSYoungGen: 57184K->1344K(57856K)] 432621K->376781K(559616K), 0.0031839 secs] [Times: user=0.01 sys=0.00, real=0.01 secs] 
2167.474: [GC (Allocation Failure) [PSYoungGen: 57152K->1581K(57856K)] 432589K->377018K(559616K), 0.0018080 secs] [Times: user=0.01 sys=0.00, real=0.00 secs] 
2167.700: [GC (Allocation Failure) [PSYoungGen: 57389K->1597K(57856K)] 432826K->377034K(559616K), 0.0016590 secs] [Times: user=0.01 sys=0.00, real=0.00 secs] 
2167.987: [GC (Allocation Failure) [PSYoungGen: 57405K->1565K(57856K)] 432842K->377018K(559616K), 0.0020004 secs] [Times: user=0.01 sys=0.00, real=0.00 secs] 
2168.219: [GC (Allocation Failure) [PSYoungGen: 57373K->1565K(57856K)] 432826K->377018K(559616K), 0.0018881 secs] [Times: user=0.01 sys=0.00, real=0.00 secs] 
2170.379: [GC (Allocation Failure) [PSYoungGen: 57373K->1456K(57856K)] 432826K->376909K(559616K), 0.0043083 secs] [Times: user=0.02 sys=0.00, real=0.01 secs] 
2171.022: [GC (Allocation Failure) [PSYoungGen: 57264K->1344K(57856K)] 432717K->376797K(559616K), 0.0028939 secs] [Times: user=0.01 sys=0.00, real=0.01 secs] 
2171.673: [GC (Allocation Failure) [PSYoungGen: 57152K->1344K(57856K)] 432605K->376797K(559616K), 0.0025949 secs] [Times: user=0.01 sys=0.00, real=0.00 secs] 
2172.345: [GC (Allocation Failure) [PSYoungGen: 57152K->1376K(57856K)] 432605K->376853K(559616K), 0.0028065 secs] [Times: user=0.01 sys=0.00, real=0.00 secs] 
2172.930: [GC (Allocation Failure) [PSYoungGen: 57184K->1376K(57856K)] 432661K->376853K(559616K), 0.0022578 secs] [Times: user=0.01 sys=0.00, real=0.00 secs] 
2173.488: [GC (Allocation Failure) [PSYoungGen: 57184K->1501K(57856K)] 432661K->376978K(559616K), 0.0015671 secs] [Times: user=0.01 sys=0.00, real=0.00 secs] 
2173.815: [GC (Allocation Failure) [PSYoungGen: 57309K->1613K(57856K)] 432786K->377090K(559616K), 0.0016943 secs] [Times: user=0.01 sys=0.00, real=0.00 secs] 
2174.142: [GC (Allocation Failure) [PSYoungGen: 57421K->1568K(57856K)] 432898K->377061K(559616K), 0.0017095 secs] [Times: user=0.01 sys=0.00, real=0.01 secs] 
2174.469: [GC (Allocation Failure) [PSYoungGen: 57376K->1565K(57856K)] 432869K->377058K(559616K), 0.0017303 secs] [Times: user=0.01 sys=0.00, real=0.00 secs] 
2174.824: [GC (Allocation Failure) [PSYoungGen: 57373K->1472K(57856K)] 432866K->376973K(559616K), 0.0022464 secs] [Times: user=0.01 sys=0.00, real=0.00 secs] 
2175.061: [GC (Allocation Failure) [PSYoungGen: 57280K->1408K(57856K)] 432781K->376909K(559616K), 0.0022234 secs] [Times: user=0.01 sys=0.00, real=0.01 secs] 
2175.366: [GC (Allocation Failure) [PSYoungGen: 57216K->1344K(57856K)] 432717K->376845K(559616K), 0.0022322 secs] [Times: user=0.01 sys=0.00, real=0.00 secs] 
2175.599: [GC (Allocation Failure) [PSYoungGen: 57152K->1376K(57856K)] 432653K->376877K(559616K), 0.0032001 secs] [Times: user=0.01 sys=0.00, real=0.00 secs] 
2175.860: [GC (Allocation Failure) [PSYoungGen: 57184K->1376K(57856K)] 432685K->376877K(559616K), 0.0030498 secs] [Times: user=0.02 sys=0.00, real=0.01 secs] 
2176.148: [GC (Allocation Failure) [PSYoungGen: 57184K->1469K(57856K)] 432685K->376970K(559616K), 0.0016600 secs] [Times: user=0.00 sys=0.00, real=0.00 secs] 
2176.473: [GC (Allocation Failure) [PSYoungGen: 57277K->1597K(57856K)] 432778K->377114K(559616K), 0.0017079 secs] [Times: user=0.01 sys=0.00, real=0.01 secs] 
2176.800: [GC (Allocation Failure) [PSYoungGen: 57405K->1597K(57856K)] 432922K->377114K(559616K), 0.0017617 secs] [Times: user=0.01 sys=0.00, real=0.00 secs] 
2177.127: [GC (Allocation Failure) [PSYoungGen: 57405K->1565K(57856K)] 432922K->377082K(559616K), 0.0017444 secs] [Times: user=0.01 sys=0.00, real=0.00 secs] 
2177.456: [GC (Allocation Failure) [PSYoungGen: 57373K->1565K(57856K)] 432890K->377082K(559616K), 0.0016955 secs] [Times: user=0.00 sys=0.00, real=0.00 secs] 
2177.753: [GC (Allocation Failure) [PSYoungGen: 57373K->1408K(57856K)] 432890K->376925K(559616K), 0.0020109 secs] [Times: user=0.01 sys=0.00, real=0.00 secs] 
2177.986: [GC (Allocation Failure) [PSYoungGen: 57216K->1344K(57856K)] 432733K->376861K(559616K), 0.0019461 secs] [Times: user=0.00 sys=0.01, real=0.00 secs] 
2178.269: [GC (Allocation Failure) [PSYoungGen: 57152K->1408K(57856K)] 432669K->376925K(559616K), 0.0018976 secs] [Times: user=0.01 sys=0.00, real=0.00 secs] 
2178.502: [GC (Allocation Failure) [PSYoungGen: 57216K->1344K(57856K)] 432733K->376861K(559616K), 0.0020940 secs] [Times: user=0.01 sys=0.00, real=0.01 secs] 
2178.813: [GC (Allocation Failure) [PSYoungGen: 57152K->1312K(57856K)] 432669K->376829K(559616K), 0.0019995 secs] [Times: user=0.01 sys=0.00, real=0.01 secs] 
2179.196: [GC (Allocation Failure) [PSYoungGen: 57109K->1533K(57856K)] 432626K->377074K(559616K), 0.0016931 secs] [Times: user=0.01 sys=0.00, real=0.00 secs] 
2179.524: [GC (Allocation Failure) [PSYoungGen: 57341K->1565K(57856K)] 432882K->377106K(559616K), 0.0017894 secs] [Times: user=0.00 sys=0.00, real=0.00 secs] 
2179.860: [GC (Allocation Failure) [PSYoungGen: 57373K->1536K(57856K)] 432914K->377077K(559616K), 0.0016969 secs] [Times: user=0.01 sys=0.00, real=0.00 secs] 
2180.252: [GC (Allocation Failure) [PSYoungGen: 57344K->1501K(57856K)] 432885K->377042K(559616K), 0.0017501 secs] [Times: user=0.00 sys=0.00, real=0.01 secs] 
2181.562: [GC (Allocation Failure) [PSYoungGen: 57309K->1472K(57856K)] 432850K->377013K(559616K), 0.0042073 secs] [Times: user=0.02 sys=0.00, real=0.01 secs] 
2182.334: [GC (Allocation Failure) [PSYoungGen: 57280K->1312K(57856K)] 432821K->376853K(559616K), 0.0025595 secs] [Times: user=0.01 sys=0.00, real=0.00 secs] 
2182.609: [GC (Allocation Failure) [PSYoungGen: 57120K->1376K(57856K)] 432661K->376917K(559616K), 0.0020178 secs] [Times: user=0.00 sys=0.01, real=0.00 secs] 
2182.842: [GC (Allocation Failure) [PSYoungGen: 57184K->1424K(57856K)] 432725K->376965K(559616K), 0.0022127 secs] [Times: user=0.01 sys=0.00, real=0.01 secs] 
2183.075: [GC (Allocation Failure) [PSYoungGen: 57232K->1408K(57856K)] 432773K->376949K(559616K), 0.0020023 secs] [Times: user=0.01 sys=0.00, real=0.00 secs] 
2183.363: [GC (Allocation Failure) [PSYoungGen: 57216K->1501K(57856K)] 432757K->377050K(559616K), 0.0016267 secs] [Times: user=0.00 sys=0.00, real=0.01 secs] 
2183.692: [GC (Allocation Failure) [PSYoungGen: 57309K->1597K(57856K)] 432858K->377162K(559616K), 0.0016616 secs] [Times: user=0.00 sys=0.00, real=0.01 secs] 
2184.022: [GC (Allocation Failure) [PSYoungGen: 57405K->1549K(57856K)] 432970K->377114K(559616K), 0.0017017 secs] [Times: user=0.01 sys=0.00, real=0.01 secs] 
2184.349: [GC (Allocation Failure) [PSYoungGen: 57357K->1568K(57856K)] 432922K->377133K(559616K), 0.0017172 secs] [Times: user=0.01 sys=0.00, real=0.00 secs] 
2184.760: [GC (Allocation Failure) [PSYoungGen: 57376K->1648K(57856K)] 432941K->377213K(559616K), 0.0019588 secs] [Times: user=0.01 sys=0.00, real=0.00 secs] 
2186.028: [GC (Allocation Failure) [PSYoungGen: 57456K->1376K(57856K)] 433021K->376941K(559616K), 0.0028421 secs] [Times: user=0.01 sys=0.00, real=0.00 secs] 
2187.246: [GC (Allocation Failure) [PSYoungGen: 57184K->1408K(57856K)] 432749K->376973K(559616K), 0.0042763 secs] [Times: user=0.02 sys=0.00, real=0.00 secs] 
2187.515: [GC (Allocation Failure) [PSYoungGen: 57216K->1376K(57856K)] 432781K->376941K(559616K), 0.0019403 secs] [Times: user=0.01 sys=0.00, real=0.00 secs] 
2187.748: [GC (Allocation Failure) [PSYoungGen: 57184K->1440K(57856K)] 432749K->377005K(559616K), 0.0020784 secs] [Times: user=0.01 sys=0.00, real=0.00 secs] 
2188.011: [GC (Allocation Failure) [PSYoungGen: 57248K->1501K(57856K)] 432813K->377066K(559616K), 0.0018021 secs] [Times: user=0.01 sys=0.00, real=0.00 secs] 
2188.347: [GC (Allocation Failure) [PSYoungGen: 57309K->1549K(57856K)] 432874K->377130K(559616K), 0.0016506 secs] [Times: user=0.01 sys=0.00, real=0.00 secs] 
2188.679: [GC (Allocation Failure) [PSYoungGen: 57357K->1565K(57856K)] 432938K->377146K(559616K), 0.0016607 secs] [Times: user=0.01 sys=0.00, real=0.00 secs] 
2189.069: [GC (Allocation Failure) [PSYoungGen: 57373K->1565K(57856K)] 432954K->377146K(559616K), 0.0017096 secs] [Times: user=0.01 sys=0.00, real=0.00 secs] 
2189.395: [GC (Allocation Failure) [PSYoungGen: 57373K->1597K(57856K)] 432954K->377178K(559616K), 0.0017949 secs] [Times: user=0.01 sys=0.00, real=0.00 secs] 
2190.794: [GC (Allocation Failure) [PSYoungGen: 57405K->1408K(57856K)] 432986K->376989K(559616K), 0.0045711 secs] [Times: user=0.02 sys=0.01, real=0.00 secs] 
2192.129: [GC (Allocation Failure) [PSYoungGen: 57216K->1344K(57856K)] 432797K->376933K(559616K), 0.0041424 secs] [Times: user=0.02 sys=0.00, real=0.01 secs] 
2192.589: [GC (Allocation Failure) [PSYoungGen: 57152K->1408K(57856K)] 432741K->376997K(559616K), 0.0028321 secs] [Times: user=0.01 sys=0.00, real=0.00 secs] 
2193.057: [GC (Allocation Failure) [PSYoungGen: 57216K->1408K(57856K)] 432805K->376997K(559616K), 0.0025038 secs] [Times: user=0.01 sys=0.00, real=0.00 secs] 
2193.476: [GC (Allocation Failure) [PSYoungGen: 57216K->1392K(57856K)] 432805K->376981K(559616K), 0.0024609 secs] [Times: user=0.01 sys=0.00, real=0.00 secs] 
2193.943: [GC (Allocation Failure) [PSYoungGen: 57200K->1501K(57856K)] 432789K->377106K(559616K), 0.0017525 secs] [Times: user=0.01 sys=0.00, real=0.00 secs] 
2194.270: [GC (Allocation Failure) [PSYoungGen: 57309K->1597K(57856K)] 432914K->377218K(559616K), 0.0017197 secs] [Times: user=0.01 sys=0.00, real=0.00 secs] 
2194.595: [GC (Allocation Failure) [PSYoungGen: 57405K->1565K(57856K)] 433026K->377186K(559616K), 0.0017252 secs] [Times: user=0.01 sys=0.00, real=0.00 secs] 
2194.924: [GC (Allocation Failure) [PSYoungGen: 57373K->1597K(57856K)] 432994K->377218K(559616K), 0.0017981 secs] [Times: user=0.01 sys=0.00, real=0.00 secs] 
2195.275: [GC (Allocation Failure) [PSYoungGen: 57405K->1472K(57856K)] 433026K->377093K(559616K), 0.0020210 secs] [Times: user=0.01 sys=0.00, real=0.00 secs] 
2195.528: [GC (Allocation Failure) [PSYoungGen: 57280K->1408K(57856K)] 432901K->377029K(559616K), 0.0019792 secs] [Times: user=0.00 sys=0.00, real=0.00 secs] 
2195.826: [GC (Allocation Failure) [PSYoungGen: 57216K->1408K(57856K)] 432837K->377029K(559616K), 0.0020795 secs] [Times: user=0.01 sys=0.00, real=0.00 secs] 
2196.068: [GC (Allocation Failure) [PSYoungGen: 57216K->1408K(57856K)] 432837K->377029K(559616K), 0.0033134 secs] [Times: user=0.02 sys=0.00, real=0.00 secs] 
2196.314: [GC (Allocation Failure) [PSYoungGen: 57216K->1408K(57856K)] 432837K->377029K(559616K), 0.0029658 secs] [Times: user=0.02 sys=0.00, real=0.00 secs] 
2196.606: [GC (Allocation Failure) [PSYoungGen: 57216K->1501K(57856K)] 432837K->377122K(559616K), 0.0015983 secs] [Times: user=0.01 sys=0.00, real=0.00 secs] 
2196.932: [GC (Allocation Failure) [PSYoungGen: 57309K->1565K(57856K)] 432930K->377202K(559616K), 0.0016663 secs] [Times: user=0.01 sys=0.00, real=0.01 secs] 
2197.260: [GC (Allocation Failure) [PSYoungGen: 57373K->1536K(57856K)] 433010K->377173K(559616K), 0.0016934 secs] [Times: user=0.01 sys=0.00, real=0.00 secs] 
2197.586: [GC (Allocation Failure) [PSYoungGen: 57344K->1581K(57856K)] 432981K->377218K(559616K), 0.0017062 secs] [Times: user=0.01 sys=0.00, real=0.00 secs] 
2197.914: [GC (Allocation Failure) [PSYoungGen: 57389K->1568K(57856K)] 433026K->377205K(559616K), 0.0016645 secs] [Times: user=0.01 sys=0.00, real=0.00 secs] 
2198.224: [GC (Allocation Failure) [PSYoungGen: 57376K->1440K(57856K)] 433013K->377077K(559616K), 0.0020666 secs] [Times: user=0.01 sys=0.00, real=0.00 secs] 
2198.460: [GC (Allocation Failure) [PSYoungGen: 57248K->1408K(57856K)] 432885K->377045K(559616K), 0.0020352 secs] [Times: user=0.01 sys=0.00, real=0.00 secs] 
2198.725: [GC (Allocation Failure) [PSYoungGen: 57216K->1424K(57856K)] 432853K->377061K(559616K), 0.0022253 secs] [Times: user=0.01 sys=0.00, real=0.00 secs] 
2199.026: [GC (Allocation Failure) [PSYoungGen: 57232K->1376K(57856K)] 432869K->377013K(559616K), 0.0024488 secs] [Times: user=0.01 sys=0.01, real=0.00 secs] 
2199.293: [GC (Allocation Failure) [PSYoungGen: 57184K->1344K(57856K)] 432821K->377005K(559616K), 0.0021555 secs] [Times: user=0.01 sys=0.00, real=0.00 secs] 
2199.641: [GC (Allocation Failure) [PSYoungGen: 57152K->1501K(57856K)] 432813K->377170K(559616K), 0.0016408 secs] [Times: user=0.01 sys=0.00, real=0.00 secs] 
2199.966: [GC (Allocation Failure) [PSYoungGen: 57309K->1533K(57856K)] 432978K->377202K(559616K), 0.0016410 secs] [Times: user=0.00 sys=0.01, real=0.00 secs] 
2200.301: [GC (Allocation Failure) [PSYoungGen: 57341K->1568K(57856K)] 433010K->377237K(559616K), 0.0017284 secs] [Times: user=0.01 sys=0.00, real=0.00 secs] 
2200.688: [GC (Allocation Failure) [PSYoungGen: 57376K->1533K(57856K)] 433045K->377202K(559616K), 0.0016882 secs] [Times: user=0.01 sys=0.00, real=0.00 secs] 
2201.126: [GC (Allocation Failure) [PSYoungGen: 57341K->1504K(57856K)] 433010K->377173K(559616K), 0.0021677 secs] [Times: user=0.01 sys=0.00, real=0.00 secs] 
2201.458: [GC (Allocation Failure) [PSYoungGen: 57312K->1376K(57856K)] 432981K->377045K(559616K), 0.0021415 secs] [Times: user=0.01 sys=0.00, real=0.00 secs] 
2201.690: [GC (Allocation Failure) [PSYoungGen: 57184K->1408K(57856K)] 432853K->377077K(559616K), 0.0020199 secs] [Times: user=0.01 sys=0.00, real=0.00 secs] 
2201.941: [GC (Allocation Failure) [PSYoungGen: 57216K->1344K(57856K)] 432885K->377013K(559616K), 0.0021473 secs] [Times: user=0.01 sys=0.00, real=0.00 secs] 
2202.261: [GC (Allocation Failure) [PSYoungGen: 57152K->1344K(57856K)] 432821K->377013K(559616K), 0.0020668 secs] [Times: user=0.01 sys=0.00, real=0.01 secs] 
2202.568: [GC (Allocation Failure) [PSYoungGen: 57152K->1485K(57856K)] 432821K->377154K(559616K), 0.0016662 secs] [Times: user=0.01 sys=0.00, real=0.00 secs] 
2202.894: [GC (Allocation Failure) [PSYoungGen: 57293K->1533K(57856K)] 432962K->377218K(559616K), 0.0016892 secs] [Times: user=0.01 sys=0.00, real=0.00 secs] 
2203.280: [GC (Allocation Failure) [PSYoungGen: 57341K->1533K(57856K)] 433026K->377218K(559616K), 0.0017213 secs] [Times: user=0.00 sys=0.00, real=0.00 secs] 
2203.672: [GC (Allocation Failure) [PSYoungGen: 57341K->1565K(57856K)] 433026K->377250K(559616K), 0.0017581 secs] [Times: user=0.00 sys=0.00, real=0.01 secs] 
2204.019: [GC (Allocation Failure) [PSYoungGen: 57373K->1712K(57856K)] 433058K->377397K(559616K), 0.0017590 secs] [Times: user=0.00 sys=0.00, real=0.00 secs] 
2204.254: [GC (Allocation Failure) [PSYoungGen: 57520K->1376K(57856K)] 433205K->377061K(559616K), 0.0022306 secs] [Times: user=0.00 sys=0.00, real=0.00 secs] 
2204.487: [GC (Allocation Failure) [PSYoungGen: 57184K->1408K(57856K)] 432869K->377093K(559616K), 0.0021679 secs] [Times: user=0.00 sys=0.01, real=0.00 secs] 
2204.719: [GC (Allocation Failure) [PSYoungGen: 57216K->1408K(57856K)] 432901K->377093K(559616K), 0.0021531 secs] [Times: user=0.01 sys=0.00, real=0.00 secs] 
2205.158: [GC (Allocation Failure) [PSYoungGen: 57216K->1344K(57856K)] 432901K->377029K(559616K), 0.0029431 secs] [Times: user=0.01 sys=0.00, real=0.00 secs] 
2205.750: [GC (Allocation Failure) [PSYoungGen: 57152K->1453K(57856K)] 432837K->377138K(559616K), 0.0028284 secs] [Times: user=0.01 sys=0.00, real=0.00 secs] 
2206.150: [GC (Allocation Failure) [PSYoungGen: 57261K->1565K(57856K)] 432946K->377258K(559616K), 0.0015835 secs] [Times: user=0.01 sys=0.00, real=0.00 secs] 
2206.476: [GC (Allocation Failure) [PSYoungGen: 57342K->1533K(57856K)] 433036K->377226K(559616K), 0.0017571 secs] [Times: user=0.00 sys=0.00, real=0.00 secs] 
2206.862: [GC (Allocation Failure) [PSYoungGen: 57341K->1632K(57856K)] 433034K->377325K(559616K), 0.0017854 secs] [Times: user=0.01 sys=0.00, real=0.01 secs] 
2207.189: [GC (Allocation Failure) [PSYoungGen: 57440K->1597K(57856K)] 433133K->377290K(559616K), 0.0016690 secs] [Times: user=0.01 sys=0.00, real=0.00 secs] 
2207.641: [GC (Allocation Failure) [PSYoungGen: 57405K->1440K(57856K)] 433098K->377133K(559616K), 0.0026804 secs] [Times: user=0.01 sys=0.00, real=0.01 secs] 
2208.117: [GC (Allocation Failure) [PSYoungGen: 57248K->1408K(57856K)] 432941K->377101K(559616K), 0.0025327 secs] [Times: user=0.01 sys=0.00, real=0.00 secs] 
2208.466: [GC (Allocation Failure) [PSYoungGen: 57216K->1360K(57856K)] 432909K->377053K(559616K), 0.0022718 secs] [Times: user=0.01 sys=0.00, real=0.00 secs] 
2208.699: [GC (Allocation Failure) [PSYoungGen: 57168K->1408K(57856K)] 432861K->377101K(559616K), 0.0020697 secs] [Times: user=0.01 sys=0.00, real=0.00 secs] 
2208.931: [GC (Allocation Failure) [PSYoungGen: 57216K->1408K(57856K)] 432909K->377101K(559616K), 0.0021592 secs] [Times: user=0.01 sys=0.00, real=0.00 secs] 
2209.255: [GC (Allocation Failure) [PSYoungGen: 57216K->1533K(57856K)] 432909K->377234K(559616K), 0.0016509 secs] [Times: user=0.01 sys=0.00, real=0.00 secs] 
2209.580: [GC (Allocation Failure) [PSYoungGen: 57341K->1581K(57856K)] 433042K->377282K(559616K), 0.0017276 secs] [Times: user=0.01 sys=0.00, real=0.00 secs] 
2209.907: [GC (Allocation Failure) [PSYoungGen: 57389K->1565K(57856K)] 433090K->377266K(559616K), 0.0017238 secs] [Times: user=0.00 sys=0.00, real=0.00 secs] 
2210.233: [GC (Allocation Failure) [PSYoungGen: 57373K->1533K(57856K)] 433074K->377234K(559616K), 0.0016876 secs] [Times: user=0.01 sys=0.00, real=0.01 secs] 
2210.618: [GC (Allocation Failure) [PSYoungGen: 57341K->1440K(57856K)] 433042K->377165K(559616K), 0.0019958 secs] [Times: user=0.01 sys=0.00, real=0.00 secs] 
2211.093: [GC (Allocation Failure) [PSYoungGen: 57248K->1376K(57856K)] 432973K->377101K(559616K), 0.0021106 secs] [Times: user=0.01 sys=0.00, real=0.00 secs] 
2211.560: [GC (Allocation Failure) [PSYoungGen: 57184K->1424K(57856K)] 432909K->377149K(559616K), 0.0040374 secs] [Times: user=0.02 sys=0.00, real=0.01 secs] 
2211.808: [GC (Allocation Failure) [PSYoungGen: 57232K->1408K(57856K)] 432957K->377133K(559616K), 0.0020697 secs] [Times: user=0.01 sys=0.00, real=0.00 secs] 
2212.064: [GC (Allocation Failure) [PSYoungGen: 57216K->1376K(57856K)] 432941K->377101K(559616K), 0.0020291 secs] [Times: user=0.01 sys=0.00, real=0.00 secs] 
2212.341: [GC (Allocation Failure) [PSYoungGen: 57184K->1453K(57856K)] 432909K->377178K(559616K), 0.0016389 secs] [Times: user=0.01 sys=0.00, real=0.00 secs] 
2212.666: [GC (Allocation Failure) [PSYoungGen: 57261K->1517K(57856K)] 432986K->377258K(559616K), 0.0017527 secs] [Times: user=0.00 sys=0.00, real=0.00 secs] 
2212.992: [GC (Allocation Failure) [PSYoungGen: 57325K->1568K(57856K)] 433066K->377309K(559616K), 0.0016228 secs] [Times: user=0.01 sys=0.00, real=0.01 secs] 
2213.318: [GC (Allocation Failure) [PSYoungGen: 57376K->1597K(57856K)] 433117K->377338K(559616K), 0.0016818 secs] [Times: user=0.00 sys=0.00, real=0.00 secs] 
2213.648: [GC (Allocation Failure) [PSYoungGen: 57405K->1565K(57856K)] 433146K->377306K(559616K), 0.0017558 secs] [Times: user=0.01 sys=0.00, real=0.00 secs] 
2214.114: [GC (Allocation Failure) [PSYoungGen: 57373K->1376K(57856K)] 433114K->377117K(559616K), 0.0021499 secs] [Times: user=0.00 sys=0.00, real=0.00 secs] 
2214.589: [GC (Allocation Failure) [PSYoungGen: 57184K->1456K(57856K)] 432925K->377197K(559616K), 0.0040439 secs] [Times: user=0.01 sys=0.00, real=0.01 secs] 
2215.016: [GC (Allocation Failure) [PSYoungGen: 57264K->1424K(57856K)] 433005K->377165K(559616K), 0.0033926 secs] [Times: user=0.02 sys=0.00, real=0.00 secs] 
2215.378: [GC (Allocation Failure) [PSYoungGen: 57232K->1408K(57856K)] 432973K->377149K(559616K), 0.0025912 secs] [Times: user=0.01 sys=0.00, real=0.00 secs] 
2215.700: [GC (Allocation Failure) [PSYoungGen: 57216K->1344K(57856K)] 432957K->377085K(559616K), 0.0022867 secs] [Times: user=0.01 sys=0.00, real=0.00 secs] 
2216.159: [GC (Allocation Failure) [PSYoungGen: 57152K->1581K(57856K)] 432893K->377330K(559616K), 0.0017295 secs] [Times: user=0.01 sys=0.00, real=0.00 secs] 
2216.484: [GC (Allocation Failure) [PSYoungGen: 57389K->1565K(57856K)] 433138K->377314K(559616K), 0.0017682 secs] [Times: user=0.00 sys=0.00, real=0.00 secs] 
2216.813: [GC (Allocation Failure) [PSYoungGen: 57373K->1600K(57856K)] 433122K->377349K(559616K), 0.0017617 secs] [Times: user=0.01 sys=0.00, real=0.01 secs] 
2217.140: [GC (Allocation Failure) [PSYoungGen: 57383K->1597K(57856K)] 433132K->377346K(559616K), 0.0017187 secs] [Times: user=0.01 sys=0.00, real=0.00 secs] 
2217.465: [GC (Allocation Failure) [PSYoungGen: 57405K->1472K(57856K)] 433154K->377221K(559616K), 0.0019489 secs] [Times: user=0.00 sys=0.00, real=0.00 secs] 
2217.707: [GC (Allocation Failure) [PSYoungGen: 57280K->1424K(57856K)] 433029K->377173K(559616K), 0.0019621 secs] [Times: user=0.01 sys=0.00, real=0.00 secs] 
2218.005: [GC (Allocation Failure) [PSYoungGen: 57232K->1424K(57856K)] 432981K->377173K(559616K), 0.0019765 secs] [Times: user=0.01 sys=0.00, real=0.00 secs] 
2218.238: [GC (Allocation Failure) [PSYoungGen: 57232K->1440K(57856K)] 432981K->377189K(559616K), 0.0028204 secs] [Times: user=0.01 sys=0.00, real=0.00 secs] 
2218.632: [GC (Allocation Failure) [PSYoungGen: 57248K->1344K(57856K)] 432997K->377093K(559616K), 0.0025474 secs] [Times: user=0.01 sys=0.00, real=0.01 secs] 
2219.152: [GC (Allocation Failure) [PSYoungGen: 57152K->1469K(57856K)] 432901K->377218K(559616K), 0.0016710 secs] [Times: user=0.00 sys=0.00, real=0.01 secs] 
2219.537: [GC (Allocation Failure) [PSYoungGen: 57277K->1565K(57856K)] 433026K->377322K(559616K), 0.0017718 secs] [Times: user=0.01 sys=0.00, real=0.00 secs] 
2219.862: [GC (Allocation Failure) [PSYoungGen: 57373K->1549K(57856K)] 433130K->377306K(559616K), 0.0017632 secs] [Times: user=0.01 sys=0.00, real=0.01 secs] 
2220.191: [GC (Allocation Failure) [PSYoungGen: 57357K->1565K(57856K)] 433114K->377338K(559616K), 0.0018238 secs] [Times: user=0.00 sys=0.00, real=0.00 secs] 
2220.621: [GC (Allocation Failure) [PSYoungGen: 57373K->1728K(57856K)] 433146K->377501K(559616K), 0.0018544 secs] [Times: user=0.00 sys=0.00, real=0.01 secs] 
2220.870: [GC (Allocation Failure) [PSYoungGen: 57536K->1440K(57856K)] 433309K->377213K(559616K), 0.0025255 secs] [Times: user=0.01 sys=0.00, real=0.00 secs] 
2221.280: [GC (Allocation Failure) [PSYoungGen: 57248K->1376K(57856K)] 433021K->377149K(559616K), 0.0041104 secs] [Times: user=0.01 sys=0.00, real=0.01 secs] 
2221.844: [GC (Allocation Failure) [PSYoungGen: 57184K->1376K(57856K)] 432957K->377149K(559616K), 0.0035763 secs] [Times: user=0.01 sys=0.00, real=0.00 secs] 
2222.413: [GC (Allocation Failure) [PSYoungGen: 57184K->1376K(57856K)] 432957K->377149K(559616K), 0.0042138 secs] [Times: user=0.02 sys=0.00, real=0.00 secs] 
2223.076: [GC (Allocation Failure) [PSYoungGen: 57184K->1501K(57856K)] 432957K->377274K(559616K), 0.0023266 secs] [Times: user=0.01 sys=0.00, real=0.00 secs] 
2223.451: [GC (Allocation Failure) [PSYoungGen: 57302K->1565K(57856K)] 433075K->377346K(559616K), 0.0017069 secs] [Times: user=0.01 sys=0.00, real=0.00 secs] 
2223.779: [GC (Allocation Failure) [PSYoungGen: 57373K->1536K(57856K)] 433154K->377317K(559616K), 0.0016948 secs] [Times: user=0.01 sys=0.00, real=0.00 secs] 
2224.107: [GC (Allocation Failure) [PSYoungGen: 57344K->1501K(57856K)] 433125K->377282K(559616K), 0.0017240 secs] [Times: user=0.01 sys=0.00, real=0.00 secs] 
2224.432: [GC (Allocation Failure) [PSYoungGen: 57309K->1565K(57856K)] 433090K->377346K(559616K), 0.0017208 secs] [Times: user=0.01 sys=0.00, real=0.01 secs] 
2224.729: [GC (Allocation Failure) [PSYoungGen: 57373K->1440K(57856K)] 433154K->377221K(559616K), 0.0017232 secs] [Times: user=0.01 sys=0.00, real=0.00 secs] 
2224.997: [GC (Allocation Failure) [PSYoungGen: 57248K->1376K(57856K)] 433029K->377157K(559616K), 0.0016207 secs] [Times: user=0.00 sys=0.00, real=0.00 secs] 
2225.250: [GC (Allocation Failure) [PSYoungGen: 57184K->1392K(57856K)] 432965K->377173K(559616K), 0.0022336 secs] [Times: user=0.01 sys=0.00, real=0.00 secs] 
2225.598: [GC (Allocation Failure) [PSYoungGen: 57200K->1376K(57856K)] 432981K->377157K(559616K), 0.0035838 secs] [Times: user=0.02 sys=0.00, real=0.00 secs] 
2226.052: [GC (Allocation Failure) [PSYoungGen: 57184K->1376K(57856K)] 432965K->377157K(559616K), 0.0033528 secs] [Times: user=0.01 sys=0.00, real=0.01 secs] 
2226.550: [GC (Allocation Failure) [PSYoungGen: 57184K->1533K(57856K)] 432965K->377330K(559616K), 0.0016998 secs] [Times: user=0.01 sys=0.00, real=0.00 secs] 
2226.938: [GC (Allocation Failure) [PSYoungGen: 57341K->1565K(57856K)] 433138K->377362K(559616K), 0.0018018 secs] [Times: user=0.01 sys=0.00, real=0.00 secs] 
2227.322: [GC (Allocation Failure) [PSYoungGen: 57373K->1568K(57856K)] 433170K->377365K(559616K), 0.0017609 secs] [Times: user=0.00 sys=0.00, real=0.01 secs] 
2227.650: [GC (Allocation Failure) [PSYoungGen: 57376K->1597K(57856K)] 433173K->377394K(559616K), 0.0018419 secs] [Times: user=0.00 sys=0.00, real=0.00 secs] 
2228.087: [GC (Allocation Failure) [PSYoungGen: 57405K->1472K(57856K)] 433202K->377269K(559616K), 0.0025181 secs] [Times: user=0.01 sys=0.00, real=0.00 secs] 
2228.525: [GC (Allocation Failure) [PSYoungGen: 57280K->1408K(57856K)] 433077K->377205K(559616K), 0.0023602 secs] [Times: user=0.01 sys=0.00, real=0.00 secs] 
2228.776: [GC (Allocation Failure) [PSYoungGen: 57216K->1376K(57856K)] 433013K->377173K(559616K), 0.0020765 secs] [Times: user=0.01 sys=0.00, real=0.00 secs] 
2229.044: [GC (Allocation Failure) [PSYoungGen: 57184K->1360K(57856K)] 432981K->377157K(559616K), 0.0022587 secs] [Times: user=0.01 sys=0.00, real=0.00 secs] 
2229.276: [GC (Allocation Failure) [PSYoungGen: 57168K->1376K(57856K)] 432965K->377173K(559616K), 0.0021704 secs] [Times: user=0.01 sys=0.00, real=0.00 secs] 
2229.590: [GC (Allocation Failure) [PSYoungGen: 57184K->1437K(57856K)] 432981K->377234K(559616K), 0.0015842 secs] [Times: user=0.00 sys=0.00, real=0.00 secs] 
2229.915: [GC (Allocation Failure) [PSYoungGen: 57245K->1597K(57856K)] 433042K->377402K(559616K), 0.0017057 secs] [Times: user=0.01 sys=0.00, real=0.00 secs] 
2230.241: [GC (Allocation Failure) [PSYoungGen: 57405K->1613K(57856K)] 433210K->377442K(559616K), 0.0016647 secs] [Times: user=0.00 sys=0.00, real=0.01 secs] 
2230.567: [GC (Allocation Failure) [PSYoungGen: 57421K->1597K(57856K)] 433250K->377426K(559616K), 0.0016982 secs] [Times: user=0.01 sys=0.00, real=0.00 secs] 
2230.901: [GC (Allocation Failure) [PSYoungGen: 57405K->1581K(57856K)] 433234K->377410K(559616K), 0.0016647 secs] [Times: user=0.01 sys=0.00, real=0.00 secs] 
2231.243: [GC (Allocation Failure) [PSYoungGen: 57389K->1440K(57856K)] 433218K->377269K(559616K), 0.0020167 secs] [Times: user=0.01 sys=0.01, real=0.01 secs] 
2231.479: [GC (Allocation Failure) [PSYoungGen: 57248K->1376K(57856K)] 433077K->377205K(559616K), 0.0019953 secs] [Times: user=0.01 sys=0.00, real=0.00 secs] 
2231.756: [GC (Allocation Failure) [PSYoungGen: 57184K->1376K(57856K)] 433013K->377205K(559616K), 0.0021379 secs] [Times: user=0.01 sys=0.00, real=0.00 secs] 
2232.079: [GC (Allocation Failure) [PSYoungGen: 57184K->1344K(57856K)] 433013K->377173K(559616K), 0.0023051 secs] [Times: user=0.01 sys=0.00, real=0.00 secs] 
2232.316: [GC (Allocation Failure) [PSYoungGen: 57152K->1376K(57856K)] 432981K->377205K(559616K), 0.0020828 secs] [Times: user=0.01 sys=0.00, real=0.00 secs] 
2232.695: [GC (Allocation Failure) [PSYoungGen: 57184K->1565K(57856K)] 433013K->377402K(559616K), 0.0016528 secs] [Times: user=0.01 sys=0.00, real=0.00 secs] 
2233.022: [GC (Allocation Failure) [PSYoungGen: 57373K->1597K(57856K)] 433210K->377434K(559616K), 0.0017623 secs] [Times: user=0.01 sys=0.00, real=0.01 secs] 
2233.348: [GC (Allocation Failure) [PSYoungGen: 57405K->1629K(57856K)] 433242K->377466K(559616K), 0.0017406 secs] [Times: user=0.00 sys=0.00, real=0.00 secs] 
2233.678: [GC (Allocation Failure) [PSYoungGen: 57437K->1597K(57856K)] 433274K->377434K(559616K), 0.0017357 secs] [Times: user=0.01 sys=0.00, real=0.00 secs] 
2234.262: [GC (Allocation Failure) [PSYoungGen: 57405K->1472K(57856K)] 433242K->377309K(559616K), 0.0023568 secs] [Times: user=0.01 sys=0.00, real=0.01 secs] 
2234.828: [GC (Allocation Failure) [PSYoungGen: 57280K->1376K(57856K)] 433117K->377213K(559616K), 0.0025985 secs] [Times: user=0.01 sys=0.00, real=0.00 secs] 
2235.324: [GC (Allocation Failure) [PSYoungGen: 57184K->1408K(57856K)] 433021K->377245K(559616K), 0.0026110 secs] [Times: user=0.01 sys=0.00, real=0.00 secs] 
2235.850: [GC (Allocation Failure) [PSYoungGen: 57216K->1408K(57856K)] 433053K->377245K(559616K), 0.0025896 secs] [Times: user=0.01 sys=0.00, real=0.00 secs] 
2236.266: [GC (Allocation Failure) [PSYoungGen: 57216K->1424K(57856K)] 433053K->377261K(559616K), 0.0028005 secs] [Times: user=0.01 sys=0.00, real=0.00 secs] 
2236.645: [GC (Allocation Failure) [PSYoungGen: 57232K->1472K(57856K)] 433069K->377309K(559616K), 0.0017197 secs] [Times: user=0.01 sys=0.00, real=0.00 secs] 
2236.972: [GC (Allocation Failure) [PSYoungGen: 57280K->1533K(57856K)] 433117K->377386K(559616K), 0.0017590 secs] [Times: user=0.01 sys=0.00, real=0.01 secs] 
2237.298: [GC (Allocation Failure) [PSYoungGen: 57341K->1549K(57856K)] 433194K->377402K(559616K), 0.0017023 secs] [Times: user=0.01 sys=0.00, real=0.00 secs] 
2237.623: [GC (Allocation Failure) [PSYoungGen: 57357K->1565K(57856K)] 433210K->377418K(559616K), 0.0016173 secs] [Times: user=0.01 sys=0.00, real=0.00 secs] 
2238.020: [GC (Allocation Failure) [PSYoungGen: 57373K->2000K(57856K)] 433226K->377853K(559616K), 0.0018313 secs] [Times: user=0.00 sys=0.00, real=0.00 secs] 
2238.649: [GC (Allocation Failure) [PSYoungGen: 57808K->1408K(57856K)] 433661K->377261K(559616K), 0.0040819 secs] [Times: user=0.02 sys=0.00, real=0.01 secs] 
2239.263: [GC (Allocation Failure) [PSYoungGen: 57216K->1376K(57856K)] 433069K->377229K(559616K), 0.0029821 secs] [Times: user=0.02 sys=0.00, real=0.00 secs] 
2239.719: [GC (Allocation Failure) [PSYoungGen: 57184K->1344K(57856K)] 433037K->377197K(559616K), 0.0026374 secs] [Times: user=0.01 sys=0.00, real=0.00 secs] 
2240.187: [GC (Allocation Failure) [PSYoungGen: 57152K->1440K(57856K)] 433005K->377293K(559616K), 0.0026428 secs] [Times: user=0.01 sys=0.00, real=0.00 secs] 
2240.654: [GC (Allocation Failure) [PSYoungGen: 57226K->1501K(57856K)] 433079K->377354K(559616K), 0.0021999 secs] [Times: user=0.01 sys=0.00, real=0.00 secs] 
2241.022: [GC (Allocation Failure) [PSYoungGen: 57296K->1517K(57856K)] 433149K->377386K(559616K), 0.0017238 secs] [Times: user=0.00 sys=0.00, real=0.01 secs] 
2241.357: [GC (Allocation Failure) [PSYoungGen: 57325K->1533K(57856K)] 433194K->377426K(559616K), 0.0016619 secs] [Times: user=0.01 sys=0.00, real=0.00 secs] 
2241.684: [GC (Allocation Failure) [PSYoungGen: 57341K->1565K(57856K)] 433234K->377458K(559616K), 0.0017604 secs] [Times: user=0.01 sys=0.00, real=0.00 secs] 
2242.011: [GC (Allocation Failure) [PSYoungGen: 57346K->1565K(57856K)] 433239K->377458K(559616K), 0.0017270 secs] [Times: user=0.00 sys=0.00, real=0.00 secs] 
2242.322: [GC (Allocation Failure) [PSYoungGen: 57373K->1472K(57856K)] 433266K->377365K(559616K), 0.0020200 secs] [Times: user=0.01 sys=0.00, real=0.01 secs] 
2242.581: [GC (Allocation Failure) [PSYoungGen: 57280K->1344K(57856K)] 433173K->377237K(559616K), 0.0019738 secs] [Times: user=0.01 sys=0.00, real=0.00 secs] 
2242.856: [GC (Allocation Failure) [PSYoungGen: 57152K->1408K(57856K)] 433045K->377301K(559616K), 0.0019316 secs] [Times: user=0.01 sys=0.00, real=0.00 secs] 
2243.125: [GC (Allocation Failure) [PSYoungGen: 57216K->1344K(57856K)] 433109K->377237K(559616K), 0.0020197 secs] [Times: user=0.01 sys=0.00, real=0.00 secs] 
2243.464: [GC (Allocation Failure) [PSYoungGen: 57152K->1376K(57856K)] 433045K->377269K(559616K), 0.0021290 secs] [Times: user=0.01 sys=0.00, real=0.00 secs] 
2243.820: [GC (Allocation Failure) [PSYoungGen: 57184K->1517K(57856K)] 433077K->377418K(559616K), 0.0016719 secs] [Times: user=0.01 sys=0.00, real=0.00 secs] 
2244.210: [GC (Allocation Failure) [PSYoungGen: 57295K->1533K(57856K)] 433196K->377434K(559616K), 0.0017570 secs] [Times: user=0.01 sys=0.00, real=0.00 secs] 
2244.541: [GC (Allocation Failure) [PSYoungGen: 57341K->1597K(57856K)] 433242K->377498K(559616K), 0.0017820 secs] [Times: user=0.00 sys=0.00, real=0.00 secs] 
2244.873: [GC (Allocation Failure) [PSYoungGen: 57405K->1533K(57856K)] 433306K->377434K(559616K), 0.0016599 secs] [Times: user=0.01 sys=0.00, real=0.01 secs] 
2245.362: [GC (Allocation Failure) [PSYoungGen: 57341K->1472K(57856K)] 433242K->377373K(559616K), 0.0036871 secs] [Times: user=0.02 sys=0.00, real=0.01 secs] 
2246.005: [GC (Allocation Failure) [PSYoungGen: 57280K->1376K(57856K)] 433181K->377277K(559616K), 0.0041568 secs] [Times: user=0.01 sys=0.00, real=0.00 secs] 
2246.364: [GC (Allocation Failure) [PSYoungGen: 57184K->1408K(57856K)] 433085K->377309K(559616K), 0.0022866 secs] [Times: user=0.01 sys=0.00, real=0.00 secs] 
2246.596: [GC (Allocation Failure) [PSYoungGen: 57216K->1376K(57856K)] 433117K->377277K(559616K), 0.0019553 secs] [Times: user=0.01 sys=0.00, real=0.00 secs] 
2246.829: [GC (Allocation Failure) [PSYoungGen: 57184K->1408K(57856K)] 433085K->377309K(559616K), 0.0020281 secs] [Times: user=0.01 sys=0.00, real=0.00 secs] 
2247.115: [GC (Allocation Failure) [PSYoungGen: 57216K->1504K(57856K)] 433117K->377405K(559616K), 0.0016956 secs] [Times: user=0.01 sys=0.00, real=0.00 secs] 
2247.442: [GC (Allocation Failure) [PSYoungGen: 57312K->1613K(57856K)] 433213K->377530K(559616K), 0.0017670 secs] [Times: user=0.01 sys=0.00, real=0.01 secs] 
2247.768: [GC (Allocation Failure) [PSYoungGen: 57421K->1565K(57856K)] 433338K->377482K(559616K), 0.0016663 secs] [Times: user=0.01 sys=0.00, real=0.00 secs] 
2248.097: [GC (Allocation Failure) [PSYoungGen: 57373K->1565K(57856K)] 433290K->377482K(559616K), 0.0017465 secs] [Times: user=0.01 sys=0.00, real=0.00 secs] 
2248.424: [GC (Allocation Failure) [PSYoungGen: 57353K->1581K(57856K)] 433270K->377498K(559616K), 0.0016374 secs] [Times: user=0.01 sys=0.00, real=0.00 secs] 
2248.902: [GC (Allocation Failure) [PSYoungGen: 57389K->1408K(57856K)] 433306K->377325K(559616K), 0.0016916 secs] [Times: user=0.01 sys=0.00, real=0.01 secs] 
2249.379: [GC (Allocation Failure) [PSYoungGen: 57216K->1376K(57856K)] 433133K->377293K(559616K), 0.0020175 secs] [Times: user=0.01 sys=0.00, real=0.00 secs] 
2249.658: [GC (Allocation Failure) [PSYoungGen: 57184K->1376K(57856K)] 433101K->377293K(559616K), 0.0020951 secs] [Times: user=0.01 sys=0.00, real=0.00 secs] 
2249.891: [GC (Allocation Failure) [PSYoungGen: 57184K->1408K(57856K)] 433101K->377325K(559616K), 0.0021488 secs] [Times: user=0.00 sys=0.00, real=0.01 secs] 
2250.126: [GC (Allocation Failure) [PSYoungGen: 57216K->1376K(57856K)] 433133K->377317K(559616K), 0.0019893 secs] [Times: user=0.01 sys=0.00, real=0.00 secs] 
2250.466: [GC (Allocation Failure) [PSYoungGen: 57184K->1565K(57856K)] 433125K->377530K(559616K), 0.0017239 secs] [Times: user=0.00 sys=0.00, real=0.00 secs] 
2250.793: [GC (Allocation Failure) [PSYoungGen: 57373K->1533K(57856K)] 433338K->377498K(559616K), 0.0017410 secs] [Times: user=0.01 sys=0.00, real=0.00 secs] 
2251.120: [GC (Allocation Failure) [PSYoungGen: 57341K->1565K(57856K)] 433306K->377530K(559616K), 0.0017471 secs] [Times: user=0.01 sys=0.00, real=0.00 secs] 
2251.453: [GC (Allocation Failure) [PSYoungGen: 57373K->1568K(57856K)] 433338K->377533K(559616K), 0.0017409 secs] [Times: user=0.01 sys=0.00, real=0.00 secs] 
2251.868: [GC (Allocation Failure) [PSYoungGen: 57376K->1472K(57856K)] 433341K->377437K(559616K), 0.0018555 secs] [Times: user=0.01 sys=0.00, real=0.00 secs] 
2252.415: [GC (Allocation Failure) [PSYoungGen: 57280K->1424K(57856K)] 433245K->377389K(559616K), 0.0022569 secs] [Times: user=0.01 sys=0.00, real=0.00 secs] 
2252.963: [GC (Allocation Failure) [PSYoungGen: 57232K->1344K(57856K)] 433197K->377309K(559616K), 0.0041717 secs] [Times: user=0.02 sys=0.00, real=0.00 secs] 
2253.367: [GC (Allocation Failure) [PSYoungGen: 57152K->1344K(57856K)] 433117K->377309K(559616K), 0.0028520 secs] [Times: user=0.02 sys=0.00, real=0.00 secs] 
2253.761: [GC (Allocation Failure) [PSYoungGen: 57152K->1440K(57856K)] 433117K->377405K(559616K), 0.0022635 secs] [Times: user=0.01 sys=0.00, real=0.01 secs] 
2254.206: [GC (Allocation Failure) [PSYoungGen: 57248K->1469K(57856K)] 433213K->377434K(559616K), 0.0016376 secs] [Times: user=0.01 sys=0.00, real=0.00 secs] 
2254.531: [GC (Allocation Failure) [PSYoungGen: 57277K->1549K(57856K)] 433242K->377522K(559616K), 0.0017095 secs] [Times: user=0.01 sys=0.00, real=0.01 secs] 
2254.859: [GC (Allocation Failure) [PSYoungGen: 57357K->1597K(57856K)] 433330K->377570K(559616K), 0.0017691 secs] [Times: user=0.01 sys=0.00, real=0.00 secs] 
2255.186: [GC (Allocation Failure) [PSYoungGen: 57405K->1568K(57856K)] 433378K->377541K(559616K), 0.0017751 secs] [Times: user=0.00 sys=0.00, real=0.00 secs] 
2255.673: [GC (Allocation Failure) [PSYoungGen: 57376K->1984K(57856K)] 433349K->377957K(559616K), 0.0022254 secs] [Times: user=0.01 sys=0.00, real=0.00 secs] 
2256.149: [GC (Allocation Failure) [PSYoungGen: 57792K->1344K(57856K)] 433765K->377317K(559616K), 0.0020526 secs] [Times: user=0.00 sys=0.00, real=0.00 secs] 
2256.499: [GC (Allocation Failure) [PSYoungGen: 57152K->1376K(57856K)] 433125K->377349K(559616K), 0.0023514 secs] [Times: user=0.01 sys=0.00, real=0.00 secs] 
2256.731: [GC (Allocation Failure) [PSYoungGen: 57184K->1376K(57856K)] 433157K->377349K(559616K), 0.0023915 secs] [Times: user=0.01 sys=0.00, real=0.01 secs] 
2256.993: [GC (Allocation Failure) [PSYoungGen: 57184K->1376K(57856K)] 433157K->377349K(559616K), 0.0021455 secs] [Times: user=0.01 sys=0.00, real=0.01 secs] 
2257.295: [GC (Allocation Failure) [PSYoungGen: 57184K->1485K(57856K)] 433157K->377458K(559616K), 0.0018370 secs] [Times: user=0.01 sys=0.00, real=0.00 secs] 
2257.623: [GC (Allocation Failure) [PSYoungGen: 57293K->1581K(57856K)] 433266K->377570K(559616K), 0.0016771 secs] [Times: user=0.00 sys=0.00, real=0.01 secs] 
2257.949: [GC (Allocation Failure) [PSYoungGen: 57389K->1597K(57856K)] 433378K->377586K(559616K), 0.0017527 secs] [Times: user=0.01 sys=0.00, real=0.00 secs] 
2258.275: [GC (Allocation Failure) [PSYoungGen: 57405K->1533K(57856K)] 433394K->377522K(559616K), 0.0016908 secs] [Times: user=0.01 sys=0.00, real=0.00 secs] 
2258.663: [GC (Allocation Failure) [PSYoungGen: 57341K->1581K(57856K)] 433330K->377570K(559616K), 0.0018040 secs] [Times: user=0.01 sys=0.00, real=0.01 secs] 
2259.312: [GC (Allocation Failure) [PSYoungGen: 57389K->1456K(57856K)] 433378K->377445K(559616K), 0.0024851 secs] [Times: user=0.01 sys=0.00, real=0.01 secs] 
2259.550: [GC (Allocation Failure) [PSYoungGen: 57264K->1376K(57856K)] 433253K->377365K(559616K), 0.0020311 secs] [Times: user=0.01 sys=0.00, real=0.00 secs] 
2259.855: [GC (Allocation Failure) [PSYoungGen: 57184K->1344K(57856K)] 433173K->377333K(559616K), 0.0020172 secs] [Times: user=0.01 sys=0.00, real=0.00 secs] 
2260.276: [GC (Allocation Failure) [PSYoungGen: 57152K->1408K(57856K)] 433141K->377421K(559616K), 0.0020102 secs] [Times: user=0.01 sys=0.00, real=0.00 secs] 
2260.717: [GC (Allocation Failure) [PSYoungGen: 57216K->1376K(57856K)] 433229K->377389K(559616K), 0.0019913 secs] [Times: user=0.01 sys=0.00, real=0.00 secs] 
2261.108: [GC (Allocation Failure) [PSYoungGen: 57184K->1469K(57856K)] 433197K->377498K(559616K), 0.0016279 secs] [Times: user=0.01 sys=0.00, real=0.00 secs] 
2261.433: [GC (Allocation Failure) [PSYoungGen: 57277K->1533K(57856K)] 433306K->377562K(559616K), 0.0018542 secs] [Times: user=0.01 sys=0.00, real=0.00 secs] 
2261.829: [GC (Allocation Failure) [PSYoungGen: 57341K->1533K(57856K)] 433370K->377562K(559616K), 0.0017069 secs] [Times: user=0.01 sys=0.01, real=0.00 secs] 
2262.155: [GC (Allocation Failure) [PSYoungGen: 57341K->1565K(57856K)] 433370K->377594K(559616K), 0.0017461 secs] [Times: user=0.01 sys=0.00, real=0.00 secs] 
2262.547: [GC (Allocation Failure) [PSYoungGen: 57373K->1504K(57856K)] 433402K->377533K(559616K), 0.0022470 secs] [Times: user=0.01 sys=0.00, real=0.00 secs] 
2262.815: [GC (Allocation Failure) [PSYoungGen: 57312K->1408K(57856K)] 433341K->377437K(559616K), 0.0020351 secs] [Times: user=0.01 sys=0.00, real=0.00 secs] 
2263.047: [GC (Allocation Failure) [PSYoungGen: 57216K->1376K(57856K)] 433245K->377405K(559616K), 0.0020532 secs] [Times: user=0.01 sys=0.00, real=0.00 secs] 
2263.420: [GC (Allocation Failure) [PSYoungGen: 57184K->1424K(57856K)] 433213K->377453K(559616K), 0.0021448 secs] [Times: user=0.01 sys=0.00, real=0.00 secs] 
2263.892: [GC (Allocation Failure) [PSYoungGen: 57232K->1392K(57856K)] 433261K->377421K(559616K), 0.0027227 secs] [Times: user=0.01 sys=0.00, real=0.01 secs] 
2264.367: [GC (Allocation Failure) [PSYoungGen: 57176K->1469K(57856K)] 433205K->377498K(559616K), 0.0016907 secs] [Times: user=0.01 sys=0.00, real=0.00 secs] 
2264.688: [GC (Allocation Failure) [PSYoungGen: 57277K->1565K(57856K)] 433306K->377610K(559616K), 0.0016940 secs] [Times: user=0.01 sys=0.00, real=0.00 secs] 
2265.019: [GC (Allocation Failure) [PSYoungGen: 57373K->1629K(57856K)] 433418K->377674K(559616K), 0.0016157 secs] [Times: user=0.01 sys=0.00, real=0.00 secs] 
2265.345: [GC (Allocation Failure) [PSYoungGen: 57437K->1565K(57856K)] 433482K->377610K(559616K), 0.0017082 secs] [Times: user=0.00 sys=0.00, real=0.00 secs] 
2265.671: [GC (Allocation Failure) [PSYoungGen: 57373K->1597K(57856K)] 433418K->377642K(559616K), 0.0017546 secs] [Times: user=0.01 sys=0.00, real=0.01 secs] 
2265.975: [GC (Allocation Failure) [PSYoungGen: 57405K->1472K(57856K)] 433450K->377517K(559616K), 0.0019634 secs] [Times: user=0.01 sys=0.00, real=0.00 secs] 
2266.249: [GC (Allocation Failure) [PSYoungGen: 57280K->1408K(57856K)] 433325K->377453K(559616K), 0.0021719 secs] [Times: user=0.01 sys=0.00, real=0.00 secs] 
2266.482: [GC (Allocation Failure) [PSYoungGen: 57216K->1408K(57856K)] 433261K->377453K(559616K), 0.0021556 secs] [Times: user=0.01 sys=0.00, real=0.01 secs] 
2266.741: [GC (Allocation Failure) [PSYoungGen: 57216K->1392K(57856K)] 433261K->377437K(559616K), 0.0031712 secs] [Times: user=0.02 sys=0.00, real=0.01 secs] 
2266.971: [GC (Allocation Failure) [PSYoungGen: 57200K->1376K(57856K)] 433245K->377421K(559616K), 0.0021785 secs] [Times: user=0.01 sys=0.00, real=0.00 secs] 
2267.357: [GC (Allocation Failure) [PSYoungGen: 57184K->1533K(57856K)] 433229K->377586K(559616K), 0.0015931 secs] [Times: user=0.01 sys=0.00, real=0.00 secs] 
2267.743: [GC (Allocation Failure) [PSYoungGen: 57341K->1533K(57856K)] 433394K->377586K(559616K), 0.0017795 secs] [Times: user=0.01 sys=0.00, real=0.00 secs] 
2268.131: [GC (Allocation Failure) [PSYoungGen: 57341K->1536K(57856K)] 433394K->377589K(559616K), 0.0018378 secs] [Times: user=0.01 sys=0.00, real=0.01 secs] 
2268.520: [GC (Allocation Failure) [PSYoungGen: 57344K->1597K(57856K)] 433397K->377650K(559616K), 0.0017415 secs] [Times: user=0.01 sys=0.00, real=0.00 secs] 
2268.881: [GC (Allocation Failure) [PSYoungGen: 57405K->1440K(57856K)] 433458K->377493K(559616K), 0.0023646 secs] [Times: user=0.01 sys=0.00, real=0.01 secs] 
2269.120: [GC (Allocation Failure) [PSYoungGen: 57248K->1424K(57856K)] 433301K->377477K(559616K), 0.0020627 secs] [Times: user=0.01 sys=0.00, real=0.00 secs] 
2269.358: [GC (Allocation Failure) [PSYoungGen: 57232K->1408K(57856K)] 433285K->377461K(559616K), 0.0021837 secs] [Times: user=0.01 sys=0.00, real=0.00 secs] 
2269.589: [GC (Allocation Failure) [PSYoungGen: 57216K->1376K(57856K)] 433269K->377453K(559616K), 0.0020278 secs] [Times: user=0.01 sys=0.00, real=0.00 secs] 
2269.889: [GC (Allocation Failure) [PSYoungGen: 57184K->1376K(57856K)] 433261K->377453K(559616K), 0.0022032 secs] [Times: user=0.01 sys=0.00, real=0.00 secs] 
2270.249: [GC (Allocation Failure) [PSYoungGen: 57184K->1472K(57856K)] 433261K->377549K(559616K), 0.0015915 secs] [Times: user=0.00 sys=0.00, real=0.00 secs] 
2270.576: [GC (Allocation Failure) [PSYoungGen: 57280K->1565K(57856K)] 433357K->377658K(559616K), 0.0017962 secs] [Times: user=0.00 sys=0.00, real=0.00 secs] 
2270.903: [GC (Allocation Failure) [PSYoungGen: 57373K->1581K(57856K)] 433466K->377674K(559616K), 0.0017297 secs] [Times: user=0.01 sys=0.00, real=0.01 secs] 
2271.229: [GC (Allocation Failure) [PSYoungGen: 57389K->1533K(57856K)] 433482K->377626K(559616K), 0.0017719 secs] [Times: user=0.01 sys=0.01, real=0.00 secs] 
2271.771: [GC (Allocation Failure) [PSYoungGen: 57341K->1984K(57856K)] 433434K->378589K(559616K), 0.0019642 secs] [Times: user=0.01 sys=0.00, real=0.00 secs] 
2272.011: [GC (Allocation Failure) [PSYoungGen: 57792K->1376K(57856K)] 434397K->377981K(559616K), 0.0020224 secs] [Times: user=0.00 sys=0.00, real=0.00 secs] 
2272.243: [GC (Allocation Failure) [PSYoungGen: 57184K->1408K(57856K)] 433789K->378013K(559616K), 0.0020273 secs] [Times: user=0.01 sys=0.00, real=0.01 secs] 
2272.475: [GC (Allocation Failure) [PSYoungGen: 57216K->1376K(57856K)] 433821K->377981K(559616K), 0.0019645 secs] [Times: user=0.01 sys=0.00, real=0.00 secs] 
2272.708: [GC (Allocation Failure) [PSYoungGen: 57184K->1408K(57856K)] 433789K->378013K(559616K), 0.0020071 secs] [Times: user=0.01 sys=0.00, real=0.00 secs] 
2272.983: [GC (Allocation Failure) [PSYoungGen: 57216K->1469K(57856K)] 433821K->378074K(559616K), 0.0017609 secs] [Times: user=0.01 sys=0.00, real=0.00 secs] 
2273.309: [GC (Allocation Failure) [PSYoungGen: 57277K->1549K(57856K)] 433882K->378162K(559616K), 0.0017108 secs] [Times: user=0.00 sys=0.00, real=0.00 secs] 
2273.635: [GC (Allocation Failure) [PSYoungGen: 57357K->1565K(57856K)] 433970K->378178K(559616K), 0.0015987 secs] [Times: user=0.00 sys=0.00, real=0.00 secs] 
2273.964: [GC (Allocation Failure) [PSYoungGen: 57373K->1568K(57856K)] 433986K->378181K(559616K), 0.0017056 secs] [Times: user=0.01 sys=0.00, real=0.00 secs] 
2274.294: [GC (Allocation Failure) [PSYoungGen: 57376K->1549K(57856K)] 433989K->378162K(559616K), 0.0016142 secs] [Times: user=0.01 sys=0.00, real=0.00 secs] 
2274.588: [GC (Allocation Failure) [PSYoungGen: 57357K->1440K(57856K)] 433970K->378053K(559616K), 0.0019699 secs] [Times: user=0.01 sys=0.00, real=0.00 secs] 
2274.820: [GC (Allocation Failure) [PSYoungGen: 57248K->1376K(57856K)] 433861K->377989K(559616K), 0.0019590 secs] [Times: user=0.00 sys=0.00, real=0.00 secs] 
2275.082: [GC (Allocation Failure) [PSYoungGen: 57184K->1344K(57856K)] 433797K->377957K(559616K), 0.0019924 secs] [Times: user=0.00 sys=0.00, real=0.01 secs] 
2275.545: [GC (Allocation Failure) [PSYoungGen: 57152K->1424K(57856K)] 433765K->378037K(559616K), 0.0021384 secs] [Times: user=0.01 sys=0.00, real=0.00 secs] 
2275.986: [GC (Allocation Failure) [PSYoungGen: 57232K->1376K(57856K)] 433845K->377989K(559616K), 0.0021715 secs] [Times: user=0.01 sys=0.00, real=0.00 secs] 
2276.366: [GC (Allocation Failure) [PSYoungGen: 57184K->1533K(57856K)] 433797K->378154K(559616K), 0.0017329 secs] [Times: user=0.01 sys=0.00, real=0.00 secs] 
2276.690: [GC (Allocation Failure) [PSYoungGen: 57341K->1597K(57856K)] 433962K->378218K(559616K), 0.0016852 secs] [Times: user=0.01 sys=0.00, real=0.00 secs] 
2277.018: [GC (Allocation Failure) [PSYoungGen: 57405K->1597K(57856K)] 434026K->378218K(559616K), 0.0016727 secs] [Times: user=0.01 sys=0.00, real=0.00 secs] 
2277.343: [GC (Allocation Failure) [PSYoungGen: 57405K->1568K(57856K)] 434026K->378189K(559616K), 0.0016694 secs] [Times: user=0.01 sys=0.00, real=0.00 secs] 
2277.796: [GC (Allocation Failure) [PSYoungGen: 57376K->1488K(57856K)] 433997K->378109K(559616K), 0.0018695 secs] [Times: user=0.01 sys=0.00, real=0.00 secs] 
2278.563: [GC (Allocation Failure) [PSYoungGen: 57296K->1424K(57856K)] 433917K->378045K(559616K), 0.0023706 secs] [Times: user=0.01 sys=0.00, real=0.00 secs] 
2279.305: [GC (Allocation Failure) [PSYoungGen: 57232K->1408K(57856K)] 433853K->378029K(559616K), 0.0026107 secs] [Times: user=0.01 sys=0.00, real=0.00 secs] 
2279.896: [GC (Allocation Failure) [PSYoungGen: 57216K->1408K(57856K)] 433837K->378029K(559616K), 0.0024615 secs] [Times: user=0.01 sys=0.00, real=0.00 secs] 
2280.462: [GC (Allocation Failure) [PSYoungGen: 57216K->1408K(57856K)] 433837K->378029K(559616K), 0.0027888 secs] [Times: user=0.01 sys=0.00, real=0.01 secs] 
2280.940: [GC (Allocation Failure) [PSYoungGen: 57216K->1501K(57856K)] 433837K->378122K(559616K), 0.0017734 secs] [Times: user=0.01 sys=0.00, real=0.00 secs] 
2281.327: [GC (Allocation Failure) [PSYoungGen: 57309K->1552K(57856K)] 433930K->378189K(559616K), 0.0017273 secs] [Times: user=0.00 sys=0.01, real=0.00 secs] 
2281.653: [GC (Allocation Failure) [PSYoungGen: 57360K->1536K(57856K)] 433997K->378181K(559616K), 0.0018225 secs] [Times: user=0.01 sys=0.00, real=0.01 secs] 
2281.982: [GC (Allocation Failure) [PSYoungGen: 57344K->1517K(57856K)] 433989K->378162K(559616K), 0.0019884 secs] [Times: user=0.01 sys=0.00, real=0.01 secs] 
2282.317: [GC (Allocation Failure) [PSYoungGen: 57296K->1581K(57856K)] 433941K->378226K(559616K), 0.0018031 secs] [Times: user=0.00 sys=0.00, real=0.00 secs] 
2282.619: [GC (Allocation Failure) [PSYoungGen: 57389K->1408K(57856K)] 434034K->378053K(559616K), 0.0024841 secs] [Times: user=0.01 sys=0.00, real=0.00 secs] 
2282.870: [GC (Allocation Failure) [PSYoungGen: 57216K->1344K(57856K)] 433861K->377989K(559616K), 0.0020561 secs] [Times: user=0.01 sys=0.00, real=0.00 secs] 
2283.182: [GC (Allocation Failure) [PSYoungGen: 57152K->1376K(57856K)] 433797K->378021K(559616K), 0.0021024 secs] [Times: user=0.00 sys=0.00, real=0.01 secs] 
2283.425: [GC (Allocation Failure) [PSYoungGen: 57184K->1360K(57856K)] 433829K->378005K(559616K), 0.0021256 secs] [Times: user=0.01 sys=0.00, real=0.00 secs] 
2283.658: [GC (Allocation Failure) [PSYoungGen: 57168K->1408K(57856K)] 433813K->378053K(559616K), 0.0020342 secs] [Times: user=0.01 sys=0.00, real=0.00 secs] 
2284.091: [GC (Allocation Failure) [PSYoungGen: 57216K->1533K(57856K)] 433861K->378194K(559616K), 0.0017843 secs] [Times: user=0.01 sys=0.00, real=0.00 secs] 
2284.423: [GC (Allocation Failure) [PSYoungGen: 57341K->1629K(57856K)] 434002K->378290K(559616K), 0.0018622 secs] [Times: user=0.01 sys=0.00, real=0.01 secs] 
2284.750: [GC (Allocation Failure) [PSYoungGen: 57437K->1568K(57856K)] 434098K->378229K(559616K), 0.0017530 secs] [Times: user=0.01 sys=0.00, real=0.00 secs] 
2285.141: [GC (Allocation Failure) [PSYoungGen: 57376K->1533K(57856K)] 434037K->378194K(559616K), 0.0017722 secs] [Times: user=0.01 sys=0.00, real=0.00 secs] 
2285.708: [GC (Allocation Failure) [PSYoungGen: 57341K->1472K(57856K)] 434002K->378133K(559616K), 0.0028385 secs] [Times: user=0.01 sys=0.00, real=0.00 secs] 
2286.353: [GC (Allocation Failure) [PSYoungGen: 57280K->1376K(57856K)] 433941K->378037K(559616K), 0.0032792 secs] [Times: user=0.01 sys=0.00, real=0.01 secs] 
2286.985: [GC (Allocation Failure) [PSYoungGen: 57184K->1392K(57856K)] 433845K->378053K(559616K), 0.0035956 secs] [Times: user=0.01 sys=0.00, real=0.00 secs] 
2287.596: [GC (Allocation Failure) [PSYoungGen: 57200K->1408K(57856K)] 433861K->378069K(559616K), 0.0035827 secs] [Times: user=0.02 sys=0.00, real=0.00 secs] 
2288.182: [GC (Allocation Failure) [PSYoungGen: 57216K->1376K(57856K)] 433877K->378037K(559616K), 0.0033517 secs] [Times: user=0.02 sys=0.00, real=0.01 secs] 
2288.729: [GC (Allocation Failure) [PSYoungGen: 57184K->1501K(57856K)] 433845K->378162K(559616K), 0.0016018 secs] [Times: user=0.00 sys=0.00, real=0.00 secs] 
2289.056: [GC (Allocation Failure) [PSYoungGen: 57309K->1565K(57856K)] 433970K->378234K(559616K), 0.0017035 secs] [Times: user=0.01 sys=0.00, real=0.00 secs] 
2289.385: [GC (Allocation Failure) [PSYoungGen: 57373K->1565K(57856K)] 434042K->378234K(559616K), 0.0017059 secs] [Times: user=0.00 sys=0.00, real=0.00 secs] 
2289.713: [GC (Allocation Failure) [PSYoungGen: 57373K->1565K(57856K)] 434042K->378234K(559616K), 0.0016588 secs] [Times: user=0.01 sys=0.00, real=0.00 secs] 
2290.054: [GC (Allocation Failure) [PSYoungGen: 57373K->1984K(57856K)] 434042K->379165K(559616K), 0.0021344 secs] [Times: user=0.00 sys=0.00, real=0.00 secs] 
2290.334: [GC (Allocation Failure) [PSYoungGen: 57792K->1408K(57856K)] 434973K->378589K(559616K), 0.0020149 secs] [Times: user=0.01 sys=0.00, real=0.00 secs] 
2290.691: [GC (Allocation Failure) [PSYoungGen: 57216K->1408K(57856K)] 434397K->378589K(559616K), 0.0020816 secs] [Times: user=0.01 sys=0.00, real=0.01 secs] 
2291.107: [GC (Allocation Failure) [PSYoungGen: 57216K->1408K(57856K)] 434397K->378589K(559616K), 0.0033593 secs] [Times: user=0.02 sys=0.01, real=0.00 secs] 
2291.559: [GC (Allocation Failure) [PSYoungGen: 57216K->1440K(57856K)] 434397K->378621K(559616K), 0.0028257 secs] [Times: user=0.01 sys=0.00, real=0.00 secs] 
2292.070: [GC (Allocation Failure) [PSYoungGen: 57248K->1485K(57856K)] 434429K->378682K(559616K), 0.0023607 secs] [Times: user=0.01 sys=0.00, real=0.00 secs] 
2292.514: [GC (Allocation Failure) [PSYoungGen: 57293K->1533K(57856K)] 434490K->378746K(559616K), 0.0016914 secs] [Times: user=0.01 sys=0.00, real=0.00 secs] 
2292.840: [GC (Allocation Failure) [PSYoungGen: 57341K->1613K(57856K)] 434554K->378826K(559616K), 0.0018050 secs] [Times: user=0.00 sys=0.00, real=0.00 secs] 
2293.169: [GC (Allocation Failure) [PSYoungGen: 57421K->1533K(57856K)] 434634K->378754K(559616K), 0.0017884 secs] [Times: user=0.01 sys=0.00, real=0.00 secs] 
2293.495: [GC (Allocation Failure) [PSYoungGen: 57341K->1565K(57856K)] 434562K->378786K(559616K), 0.0017553 secs] [Times: user=0.01 sys=0.00, real=0.00 secs] 
2293.913: [GC (Allocation Failure) [PSYoungGen: 57373K->1408K(57856K)] 434594K->378629K(559616K), 0.0034816 secs] [Times: user=0.01 sys=0.00, real=0.00 secs] 
2294.146: [GC (Allocation Failure) [PSYoungGen: 57216K->1376K(57856K)] 434437K->378597K(559616K), 0.0028217 secs] [Times: user=0.01 sys=0.00, real=0.00 secs] 
2294.388: [GC (Allocation Failure) [PSYoungGen: 57184K->1424K(57856K)] 434405K->378645K(559616K), 0.0022498 secs] [Times: user=0.01 sys=0.00, real=0.00 secs] 
2294.681: [GC (Allocation Failure) [PSYoungGen: 57232K->1408K(57856K)] 434453K->378637K(559616K), 0.0022945 secs] [Times: user=0.01 sys=0.00, real=0.01 secs] 
2294.914: [GC (Allocation Failure) [PSYoungGen: 57216K->1456K(57856K)] 434445K->378693K(559616K), 0.0022066 secs] [Times: user=0.01 sys=0.00, real=0.00 secs] 
2295.240: [GC (Allocation Failure) [PSYoungGen: 57264K->1565K(57856K)] 434501K->378818K(559616K), 0.0017969 secs] [Times: user=0.01 sys=0.00, real=0.00 secs] 
2295.566: [GC (Allocation Failure) [PSYoungGen: 57373K->1581K(57856K)] 434626K->378834K(559616K), 0.0016657 secs] [Times: user=0.00 sys=0.00, real=0.00 secs] 
2295.893: [GC (Allocation Failure) [PSYoungGen: 57389K->1597K(57856K)] 434642K->378850K(559616K), 0.0016928 secs] [Times: user=0.00 sys=0.00, real=0.00 secs] 
2296.220: [GC (Allocation Failure) [PSYoungGen: 57382K->1568K(57856K)] 434635K->378821K(559616K), 0.0016487 secs] [Times: user=0.01 sys=0.00, real=0.00 secs] 
2296.596: [GC (Allocation Failure) [PSYoungGen: 57376K->1440K(57856K)] 434629K->378693K(559616K), 0.0020017 secs] [Times: user=0.00 sys=0.00, real=0.00 secs] 
2296.828: [GC (Allocation Failure) [PSYoungGen: 57248K->1376K(57856K)] 434501K->378629K(559616K), 0.0020374 secs] [Times: user=0.01 sys=0.00, real=0.00 secs] 
2297.059: [GC (Allocation Failure) [PSYoungGen: 57184K->1408K(57856K)] 434437K->378661K(559616K), 0.0019778 secs] [Times: user=0.01 sys=0.00, real=0.00 secs] 
2297.308: [GC (Allocation Failure) [PSYoungGen: 57216K->1392K(57856K)] 434469K->378645K(559616K), 0.0022297 secs] [Times: user=0.01 sys=0.00, real=0.00 secs] 
2297.573: [GC (Allocation Failure) [PSYoungGen: 57200K->1424K(57856K)] 434453K->378677K(559616K), 0.0020023 secs] [Times: user=0.01 sys=0.00, real=0.01 secs] 
2297.890: [GC (Allocation Failure) [PSYoungGen: 57232K->1469K(57856K)] 434485K->378722K(559616K), 0.0015697 secs] [Times: user=0.01 sys=0.00, real=0.00 secs] 
2298.216: [GC (Allocation Failure) [PSYoungGen: 57277K->1549K(57856K)] 434530K->378818K(559616K), 0.0017469 secs] [Times: user=0.01 sys=0.00, real=0.00 secs] 
2298.542: [GC (Allocation Failure) [PSYoungGen: 57357K->1597K(57856K)] 434626K->378866K(559616K), 0.0017723 secs] [Times: user=0.01 sys=0.00, real=0.01 secs] 
2298.868: [GC (Allocation Failure) [PSYoungGen: 57405K->1533K(57856K)] 434674K->378802K(559616K), 0.0016222 secs] [Times: user=0.00 sys=0.00, real=0.00 secs] 
2299.195: [GC (Allocation Failure) [PSYoungGen: 57341K->1613K(57856K)] 434610K->378882K(559616K), 0.0018055 secs] [Times: user=0.01 sys=0.00, real=0.00 secs] 
2300.115: [GC (Allocation Failure) [PSYoungGen: 57421K->1408K(57856K)] 434690K->378693K(559616K), 0.0042771 secs] [Times: user=0.01 sys=0.00, real=0.00 secs] 
2300.599: [GC (Allocation Failure) [PSYoungGen: 57216K->1408K(57856K)] 434501K->378693K(559616K), 0.0033861 secs] [Times: user=0.01 sys=0.00, real=0.00 secs] 
2301.117: [GC (Allocation Failure) [PSYoungGen: 57216K->1344K(57856K)] 434501K->378629K(559616K), 0.0027128 secs] [Times: user=0.02 sys=0.01, real=0.00 secs] 
2301.644: [GC (Allocation Failure) [PSYoungGen: 57152K->1376K(57856K)] 434437K->378661K(559616K), 0.0023923 secs] [Times: user=0.01 sys=0.01, real=0.00 secs] 
2301.876: [GC (Allocation Failure) [PSYoungGen: 57184K->1392K(57856K)] 434469K->378677K(559616K), 0.0020339 secs] [Times: user=0.01 sys=0.00, real=0.00 secs] 
2302.229: [GC (Allocation Failure) [PSYoungGen: 57200K->1504K(57856K)] 434485K->378805K(559616K), 0.0016738 secs] [Times: user=0.00 sys=0.00, real=0.00 secs] 
2302.621: [GC (Allocation Failure) [PSYoungGen: 57306K->1501K(57856K)] 434607K->378802K(559616K), 0.0016255 secs] [Times: user=0.01 sys=0.00, real=0.00 secs] 
2302.949: [GC (Allocation Failure) [PSYoungGen: 57309K->1565K(57856K)] 434610K->378866K(559616K), 0.0018102 secs] [Times: user=0.01 sys=0.00, real=0.00 secs] 
2303.332: [GC (Allocation Failure) [PSYoungGen: 57373K->1597K(57856K)] 434674K->378898K(559616K), 0.0017806 secs] [Times: user=0.00 sys=0.00, real=0.01 secs] 
2303.684: [GC (Allocation Failure) [PSYoungGen: 57405K->1440K(57856K)] 434706K->378741K(559616K), 0.0026982 secs] [Times: user=0.01 sys=0.00, real=0.00 secs] 
2303.917: [GC (Allocation Failure) [PSYoungGen: 57248K->1408K(57856K)] 434549K->378717K(559616K), 0.0023321 secs] [Times: user=0.01 sys=0.00, real=0.00 secs] 
2304.149: [GC (Allocation Failure) [PSYoungGen: 57216K->1392K(57856K)] 434525K->378701K(559616K), 0.0021239 secs] [Times: user=0.01 sys=0.00, real=0.00 secs] 
2304.410: [GC (Allocation Failure) [PSYoungGen: 57200K->1376K(57856K)] 434509K->378685K(559616K), 0.0020484 secs] [Times: user=0.01 sys=0.00, real=0.00 secs] 
2304.641: [GC (Allocation Failure) [PSYoungGen: 57184K->1408K(57856K)] 434493K->378717K(559616K), 0.0044879 secs] [Times: user=0.01 sys=0.00, real=0.01 secs] 
2304.949: [GC (Allocation Failure) [PSYoungGen: 57216K->1501K(57344K)] 434525K->378810K(559104K), 0.0018807 secs] [Times: user=0.01 sys=0.00, real=0.00 secs] 
2305.273: [GC (Allocation Failure) [PSYoungGen: 57309K->1549K(57856K)] 434618K->378866K(559616K), 0.0020944 secs] [Times: user=0.00 sys=0.00, real=0.00 secs] 
2305.599: [GC (Allocation Failure) [PSYoungGen: 57357K->541K(56832K)] 434674K->378882K(558592K), 0.0016511 secs] [Times: user=0.00 sys=0.00, real=0.00 secs] 
2305.927: [GC (Allocation Failure) [PSYoungGen: 56349K->493K(56320K)] 434690K->378834K(558080K), 0.0016015 secs] [Times: user=0.01 sys=0.00, real=0.00 secs] 
2306.290: [GC (Allocation Failure) [PSYoungGen: 56301K->2016K(57856K)] 434642K->380901K(559616K), 0.0019959 secs] [Times: user=0.00 sys=0.00, real=0.00 secs] 
2306.908: [GC (Allocation Failure) [PSYoungGen: 57824K->1376K(57344K)] 436709K->380261K(559104K), 0.0023288 secs] [Times: user=0.01 sys=0.00, real=0.00 secs] 
2307.494: [GC (Allocation Failure) [PSYoungGen: 57184K->1408K(57344K)] 436069K->380293K(559104K), 0.0024491 secs] [Times: user=0.00 sys=0.00, real=0.00 secs] 
2308.099: [GC (Allocation Failure) [PSYoungGen: 57216K->1408K(58368K)] 436101K->380293K(560128K), 0.0022948 secs] [Times: user=0.00 sys=0.00, real=0.00 secs] 
2308.576: [GC (Allocation Failure) [PSYoungGen: 57216K->1376K(57344K)] 436101K->380261K(559104K), 0.0025339 secs] [Times: user=0.01 sys=0.00, real=0.00 secs] 
2309.010: [GC (Allocation Failure) [PSYoungGen: 57184K->1437K(57856K)] 436069K->380322K(559616K), 0.0020466 secs] [Times: user=0.01 sys=0.00, real=0.00 secs] 
2309.346: [GC (Allocation Failure) [PSYoungGen: 57245K->1581K(57856K)] 436130K->380490K(559616K), 0.0017929 secs] [Times: user=0.01 sys=0.00, real=0.00 secs] 
2309.677: [GC (Allocation Failure) [PSYoungGen: 57389K->1565K(57856K)] 436298K->380474K(559616K), 0.0016985 secs] [Times: user=0.00 sys=0.00, real=0.00 secs] 
2310.058: [GC (Allocation Failure) [PSYoungGen: 57373K->1565K(57856K)] 436282K->380474K(559616K), 0.0018360 secs] [Times: user=0.01 sys=0.00, real=0.00 secs] 
2310.384: [GC (Allocation Failure) [PSYoungGen: 57373K->1597K(57856K)] 436282K->380506K(559616K), 0.0016873 secs] [Times: user=0.01 sys=0.00, real=0.00 secs] 
2310.943: [GC (Allocation Failure) [PSYoungGen: 57405K->1440K(57856K)] 436314K->380349K(559616K), 0.0034161 secs] [Times: user=0.01 sys=0.00, real=0.00 secs] 
2311.442: [GC (Allocation Failure) [PSYoungGen: 57248K->1328K(57856K)] 436157K->380253K(559616K), 0.0027523 secs] [Times: user=0.01 sys=0.00, real=0.01 secs] 
2312.029: [GC (Allocation Failure) [PSYoungGen: 57136K->1376K(57856K)] 436061K->380301K(559616K), 0.0029949 secs] [Times: user=0.01 sys=0.00, real=0.00 secs] 
2312.524: [GC (Allocation Failure) [PSYoungGen: 57184K->1440K(57856K)] 436109K->380365K(559616K), 0.0028116 secs] [Times: user=0.02 sys=0.00, real=0.00 secs] 
2313.315: [GC (Allocation Failure) [PSYoungGen: 57248K->1408K(57856K)] 436173K->380333K(559616K), 0.0032494 secs] [Times: user=0.02 sys=0.00, real=0.00 secs] 
2313.832: [GC (Allocation Failure) [PSYoungGen: 57216K->1469K(57856K)] 436141K->380410K(559616K), 0.0016622 secs] [Times: user=0.00 sys=0.00, real=0.01 secs] 
2314.158: [GC (Allocation Failure) [PSYoungGen: 57277K->1549K(57856K)] 436218K->380490K(559616K), 0.0017078 secs] [Times: user=0.00 sys=0.00, real=0.00 secs] 
2314.486: [GC (Allocation Failure) [PSYoungGen: 57357K->1565K(57856K)] 436298K->380506K(559616K), 0.0016841 secs] [Times: user=0.01 sys=0.00, real=0.00 secs] 
2314.818: [GC (Allocation Failure) [PSYoungGen: 57373K->1533K(57856K)] 436314K->380474K(559616K), 0.0016947 secs] [Times: user=0.01 sys=0.00, real=0.00 secs] 
2315.132: [GC (Allocation Failure) [PSYoungGen: 57341K->1504K(57856K)] 436282K->380445K(559616K), 0.0019799 secs] [Times: user=0.01 sys=0.00, real=0.01 secs] 
2315.364: [GC (Allocation Failure) [PSYoungGen: 57312K->1408K(57856K)] 436253K->380349K(559616K), 0.0018108 secs] [Times: user=0.01 sys=0.00, real=0.00 secs] 
2315.596: [GC (Allocation Failure) [PSYoungGen: 57216K->1408K(57856K)] 436157K->380349K(559616K), 0.0017962 secs] [Times: user=0.01 sys=0.00, real=0.00 secs] 
2315.828: [GC (Allocation Failure) [PSYoungGen: 57216K->1456K(57856K)] 436157K->380397K(559616K), 0.0019963 secs] [Times: user=0.00 sys=0.00, real=0.00 secs] 
2316.060: [GC (Allocation Failure) [PSYoungGen: 57264K->1344K(57856K)] 436205K->380285K(559616K), 0.0018224 secs] [Times: user=0.01 sys=0.00, real=0.00 secs] 
2316.340: [GC (Allocation Failure) [PSYoungGen: 57149K->1408K(57856K)] 436090K->380349K(559616K), 0.0015723 secs] [Times: user=0.01 sys=0.00, real=0.00 secs] 
2316.665: [GC (Allocation Failure) [PSYoungGen: 57216K->1504K(57856K)] 436157K->380453K(559616K), 0.0017900 secs] [Times: user=0.00 sys=0.00, real=0.00 secs] 
2316.994: [GC (Allocation Failure) [PSYoungGen: 57312K->1565K(57856K)] 436261K->380514K(559616K), 0.0017301 secs] [Times: user=0.00 sys=0.00, real=0.00 secs] 
2317.319: [GC (Allocation Failure) [PSYoungGen: 57373K->1536K(57856K)] 436322K->380485K(559616K), 0.0017124 secs] [Times: user=0.01 sys=0.00, real=0.00 secs] 
2317.649: [GC (Allocation Failure) [PSYoungGen: 57344K->1565K(57856K)] 436293K->380514K(559616K), 0.0017508 secs] [Times: user=0.00 sys=0.00, real=0.00 secs] 
2318.000: [GC (Allocation Failure) [PSYoungGen: 57373K->1408K(57856K)] 436322K->380357K(559616K), 0.0016044 secs] [Times: user=0.01 sys=0.00, real=0.00 secs] 
2318.234: [GC (Allocation Failure) [PSYoungGen: 57216K->1408K(57856K)] 436165K->380357K(559616K), 0.0025183 secs] [Times: user=0.01 sys=0.00, real=0.00 secs] 
2318.467: [GC (Allocation Failure) [PSYoungGen: 57216K->1408K(57856K)] 436165K->380357K(559616K), 0.0023212 secs] [Times: user=0.01 sys=0.00, real=0.00 secs] 
2318.700: [GC (Allocation Failure) [PSYoungGen: 57216K->1344K(57856K)] 436165K->380293K(559616K), 0.0023655 secs] [Times: user=0.01 sys=0.00, real=0.00 secs] 
2318.994: [GC (Allocation Failure) [PSYoungGen: 57152K->1408K(57856K)] 436101K->380381K(559616K), 0.0020026 secs] [Times: user=0.01 sys=0.00, real=0.00 secs] 
2319.473: [GC (Allocation Failure) [PSYoungGen: 57216K->1565K(57856K)] 436189K->380554K(559616K), 0.0017854 secs] [Times: user=0.00 sys=0.00, real=0.01 secs] 
2319.860: [GC (Allocation Failure) [PSYoungGen: 57373K->1581K(57856K)] 436362K->380570K(559616K), 0.0017665 secs] [Times: user=0.01 sys=0.00, real=0.00 secs] 
2320.189: [GC (Allocation Failure) [PSYoungGen: 57389K->1565K(57856K)] 436378K->380554K(559616K), 0.0017959 secs] [Times: user=0.00 sys=0.00, real=0.00 secs] 
2320.515: [GC (Allocation Failure) [PSYoungGen: 57373K->1597K(57856K)] 436362K->380586K(559616K), 0.0017969 secs] [Times: user=0.00 sys=0.00, real=0.00 secs] 
2320.818: [GC (Allocation Failure) [PSYoungGen: 57405K->1440K(57856K)] 436394K->380429K(559616K), 0.0024706 secs] [Times: user=0.01 sys=0.00, real=0.00 secs] 
2321.051: [GC (Allocation Failure) [PSYoungGen: 57248K->1360K(57856K)] 436237K->380349K(559616K), 0.0021568 secs] [Times: user=0.01 sys=0.00, real=0.01 secs] 
2321.283: [GC (Allocation Failure) [PSYoungGen: 57168K->1408K(57856K)] 436157K->380397K(559616K), 0.0021399 secs] [Times: user=0.01 sys=0.00, real=0.00 secs] 
2321.516: [GC (Allocation Failure) [PSYoungGen: 57216K->1344K(57856K)] 436205K->380333K(559616K), 0.0020307 secs] [Times: user=0.00 sys=0.00, real=0.00 secs] 
2321.748: [GC (Allocation Failure) [PSYoungGen: 57152K->1408K(57856K)] 436141K->380397K(559616K), 0.0019727 secs] [Times: user=0.01 sys=0.00, real=0.00 secs] 
2322.046: [GC (Allocation Failure) [PSYoungGen: 57216K->1485K(57856K)] 436205K->380474K(559616K), 0.0016833 secs] [Times: user=0.01 sys=0.00, real=0.00 secs] 
2322.371: [GC (Allocation Failure) [PSYoungGen: 57293K->1581K(57856K)] 436282K->380578K(559616K), 0.0017112 secs] [Times: user=0.01 sys=0.00, real=0.01 secs] 
2322.696: [GC (Allocation Failure) [PSYoungGen: 57389K->1597K(57856K)] 436386K->380594K(559616K), 0.0016171 secs] [Times: user=0.01 sys=0.00, real=0.00 secs] 
2323.026: [GC (Allocation Failure) [PSYoungGen: 57405K->1533K(57856K)] 436402K->380530K(559616K), 0.0017352 secs] [Times: user=0.01 sys=0.00, real=0.00 secs] 
2323.361: [GC (Allocation Failure) [PSYoungGen: 57341K->1472K(57856K)] 436338K->380469K(559616K), 0.0019890 secs] [Times: user=0.01 sys=0.00, real=0.00 secs] 
2323.592: [GC (Allocation Failure) [PSYoungGen: 57280K->1408K(57856K)] 436277K->380405K(559616K), 0.0018374 secs] [Times: user=0.01 sys=0.01, real=0.01 secs] 
2323.823: [GC (Allocation Failure) [PSYoungGen: 57216K->1376K(57856K)] 436213K->380373K(559616K), 0.0018466 secs] [Times: user=0.01 sys=0.00, real=0.00 secs] 
2324.179: [GC (Allocation Failure) [PSYoungGen: 57184K->1424K(57856K)] 436181K->380421K(559616K), 0.0021669 secs] [Times: user=0.01 sys=0.00, real=0.00 secs] 
2324.638: [GC (Allocation Failure) [PSYoungGen: 57232K->1376K(57856K)] 436229K->380373K(559616K), 0.0032119 secs] [Times: user=0.02 sys=0.00, real=0.00 secs] 
2325.144: [GC (Allocation Failure) [PSYoungGen: 57184K->1469K(57856K)] 436181K->380466K(559616K), 0.0022027 secs] [Times: user=0.00 sys=0.00, real=0.00 secs] 
2325.489: [GC (Allocation Failure) [PSYoungGen: 57277K->1581K(57856K)] 436274K->380594K(559616K), 0.0017149 secs] [Times: user=0.01 sys=0.00, real=0.00 secs] 
2325.815: [GC (Allocation Failure) [PSYoungGen: 57389K->1565K(57856K)] 436402K->380578K(559616K), 0.0017219 secs] [Times: user=0.01 sys=0.00, real=0.00 secs] 
2326.141: [GC (Allocation Failure) [PSYoungGen: 57373K->1600K(57856K)] 436386K->380613K(559616K), 0.0016844 secs] [Times: user=0.00 sys=0.00, real=0.00 secs] 
2326.470: [GC (Allocation Failure) [PSYoungGen: 57408K->1597K(57856K)] 436421K->380610K(559616K), 0.0017977 secs] [Times: user=0.01 sys=0.00, real=0.00 secs] 
2326.724: [GC (Allocation Failure) [PSYoungGen: 57405K->1376K(57856K)] 436418K->380389K(559616K), 0.0017118 secs] [Times: user=0.00 sys=0.00, real=0.00 secs] 
2326.956: [GC (Allocation Failure) [PSYoungGen: 57184K->1424K(57856K)] 436197K->380437K(559616K), 0.0016434 secs] [Times: user=0.01 sys=0.00, real=0.00 secs] 
2327.187: [GC (Allocation Failure) [PSYoungGen: 57232K->1392K(57856K)] 436245K->380405K(559616K), 0.0021625 secs] [Times: user=0.01 sys=0.00, real=0.00 secs] 
2327.426: [GC (Allocation Failure) [PSYoungGen: 57200K->1408K(57856K)] 436213K->380421K(559616K), 0.0027230 secs] [Times: user=0.01 sys=0.00, real=0.00 secs] 
2327.657: [GC (Allocation Failure) [PSYoungGen: 57216K->1376K(57856K)] 436229K->380389K(559616K), 0.0029884 secs] [Times: user=0.01 sys=0.00, real=0.00 secs] 
2328.020: [GC (Allocation Failure) [PSYoungGen: 57184K->1533K(57856K)] 436197K->380554K(559616K), 0.0017046 secs] [Times: user=0.00 sys=0.00, real=0.00 secs] 
2328.345: [GC (Allocation Failure) [PSYoungGen: 57341K->1533K(57856K)] 436362K->380554K(559616K), 0.0017883 secs] [Times: user=0.01 sys=0.00, real=0.00 secs] 
2328.671: [GC (Allocation Failure) [PSYoungGen: 57341K->1581K(57856K)] 436362K->380602K(559616K), 0.0017845 secs] [Times: user=0.01 sys=0.00, real=0.00 secs] 
2329.000: [GC (Allocation Failure) [PSYoungGen: 57389K->1520K(57856K)] 436410K->380541K(559616K), 0.0016214 secs] [Times: user=0.01 sys=0.00, real=0.00 secs] 
2329.640: [GC (Allocation Failure) [PSYoungGen: 57328K->1472K(57856K)] 436349K->380493K(559616K), 0.0024111 secs] [Times: user=0.01 sys=0.00, real=0.00 secs] 
2330.035: [GC (Allocation Failure) [PSYoungGen: 57280K->1344K(57856K)] 436301K->380373K(559616K), 0.0022404 secs] [Times: user=0.01 sys=0.00, real=0.00 secs] 
2330.300: [GC (Allocation Failure) [PSYoungGen: 57152K->1392K(57856K)] 436181K->380421K(559616K), 0.0020918 secs] [Times: user=0.01 sys=0.01, real=0.00 secs] 
2330.583: [GC (Allocation Failure) [PSYoungGen: 57200K->1408K(57856K)] 436229K->380437K(559616K), 0.0022216 secs] [Times: user=0.01 sys=0.00, real=0.00 secs] 
2330.975: [GC (Allocation Failure) [PSYoungGen: 57216K->1376K(57856K)] 436245K->380405K(559616K), 0.0022139 secs] [Times: user=0.01 sys=0.00, real=0.00 secs] 
2331.467: [GC (Allocation Failure) [PSYoungGen: 57184K->1437K(57856K)] 436213K->380466K(559616K), 0.0017283 secs] [Times: user=0.01 sys=0.00, real=0.00 secs] 
2331.791: [GC (Allocation Failure) [PSYoungGen: 57245K->1565K(57856K)] 436274K->380610K(559616K), 0.0017052 secs] [Times: user=0.01 sys=0.00, real=0.00 secs] 
2332.117: [GC (Allocation Failure) [PSYoungGen: 57373K->1581K(57856K)] 436418K->380626K(559616K), 0.0017801 secs] [Times: user=0.01 sys=0.00, real=0.00 secs] 
2332.446: [GC (Allocation Failure) [PSYoungGen: 57389K->1517K(57856K)] 436434K->380562K(559616K), 0.0016830 secs] [Times: user=0.00 sys=0.00, real=0.00 secs] 
2332.835: [GC (Allocation Failure) [PSYoungGen: 57318K->256K(57856K)] 436363K->379301K(559616K), 0.0015712 secs] [Times: user=0.00 sys=0.00, real=0.00 secs] 
2333.092: [GC (Allocation Failure) [PSYoungGen: 56064K->1408K(57856K)] 435109K->380453K(559616K), 0.0020642 secs] [Times: user=0.01 sys=0.00, real=0.01 secs] 
2333.324: [GC (Allocation Failure) [PSYoungGen: 57216K->1408K(57856K)] 436261K->380453K(559616K), 0.0021902 secs] [Times: user=0.01 sys=0.00, real=0.00 secs] 
2333.557: [GC (Allocation Failure) [PSYoungGen: 57216K->1376K(57856K)] 436261K->380421K(559616K), 0.0021911 secs] [Times: user=0.00 sys=0.00, real=0.00 secs] 
2333.790: [GC (Allocation Failure) [PSYoungGen: 57184K->1376K(57856K)] 436229K->380421K(559616K), 0.0020015 secs] [Times: user=0.00 sys=0.00, real=0.00 secs] 
2334.224: [GC (Allocation Failure) [PSYoungGen: 57184K->1344K(57856K)] 436229K->380389K(559616K), 0.0024464 secs] [Times: user=0.01 sys=0.00, real=0.00 secs] 
2334.699: [GC (GCLocker Initiated GC) [PSYoungGen: 57152K->1552K(57856K)] 436197K->380605K(559616K), 0.0016873 secs] [Times: user=0.00 sys=0.00, real=0.00 secs] 
2335.039: [GC (Allocation Failure) [PSYoungGen: 57360K->1469K(57856K)] 438142K->382251K(559616K), 0.0017138 secs] [Times: user=0.00 sys=0.00, real=0.00 secs] 
2335.365: [GC (Allocation Failure) [PSYoungGen: 57257K->1613K(57856K)] 438039K->382395K(559616K), 0.0017554 secs] [Times: user=0.01 sys=0.00, real=0.00 secs] 
2335.691: [GC (Allocation Failure) [PSYoungGen: 57421K->1661K(57856K)] 438203K->382443K(559616K), 0.0017317 secs] [Times: user=0.00 sys=0.00, real=0.00 secs] 
2336.101: [GC (Allocation Failure) [PSYoungGen: 57469K->1536K(57856K)] 438251K->382318K(559616K), 0.0031128 secs] [Times: user=0.01 sys=0.00, real=0.01 secs] 
2336.399: [GC (Allocation Failure) [PSYoungGen: 57344K->1440K(57856K)] 438126K->382222K(559616K), 0.0022856 secs] [Times: user=0.01 sys=0.00, real=0.00 secs] 
2336.637: [GC (Allocation Failure) [PSYoungGen: 57248K->1504K(57856K)] 438030K->382286K(559616K), 0.0019842 secs] [Times: user=0.01 sys=0.00, real=0.00 secs] 
2336.874: [GC (Allocation Failure) [PSYoungGen: 57312K->1472K(57856K)] 438094K->382254K(559616K), 0.0021661 secs] [Times: user=0.01 sys=0.00, real=0.00 secs] 
2337.121: [GC (Allocation Failure) [PSYoungGen: 57280K->1472K(57856K)] 438062K->382254K(559616K), 0.0020728 secs] [Times: user=0.01 sys=0.00, real=0.01 secs] 
2337.542: [GC (Allocation Failure) [PSYoungGen: 57280K->1597K(57856K)] 438062K->382379K(559616K), 0.0016913 secs] [Times: user=0.00 sys=0.00, real=0.01 secs] 
2337.866: [GC (Allocation Failure) [PSYoungGen: 57405K->1645K(57856K)] 438187K->382443K(559616K), 0.0016886 secs] [Times: user=0.00 sys=0.00, real=0.00 secs] 
2338.193: [GC (Allocation Failure) [PSYoungGen: 57453K->1648K(57856K)] 438251K->382446K(559616K), 0.0017347 secs] [Times: user=0.01 sys=0.00, real=0.01 secs] 
2338.520: [GC (Allocation Failure) [PSYoungGen: 57456K->1677K(57856K)] 438254K->382475K(559616K), 0.0016947 secs] [Times: user=0.01 sys=0.00, real=0.00 secs] 
2338.820: [GC (Allocation Failure) [PSYoungGen: 57485K->1616K(57856K)] 438283K->382414K(559616K), 0.0018439 secs] [Times: user=0.01 sys=0.00, real=0.00 secs] 
2339.265: [GC (Allocation Failure) [PSYoungGen: 57424K->1472K(57856K)] 438222K->382270K(559616K), 0.0021725 secs] [Times: user=0.01 sys=0.00, real=0.00 secs] 
2339.694: [GC (Allocation Failure) [PSYoungGen: 57280K->1472K(57856K)] 438078K->382318K(559616K), 0.0022000 secs] [Times: user=0.01 sys=0.00, real=0.00 secs] 
2340.142: [GC (Allocation Failure) [PSYoungGen: 57280K->1472K(57856K)] 438126K->382350K(559616K), 0.0021852 secs] [Times: user=0.00 sys=0.00, real=0.01 secs] 
2340.749: [GC (Allocation Failure) [PSYoungGen: 57280K->1376K(57856K)] 438158K->382334K(559616K), 0.0043517 secs] [Times: user=0.02 sys=0.00, real=0.01 secs] 
2341.435: [GC (Allocation Failure) [PSYoungGen: 57184K->1501K(57856K)] 438142K->382459K(559616K), 0.0022534 secs] [Times: user=0.01 sys=0.00, real=0.00 secs] 
2341.784: [GC (Allocation Failure) [PSYoungGen: 57309K->1533K(57856K)] 438267K->382515K(559616K), 0.0018671 secs] [Times: user=0.01 sys=0.00, real=0.00 secs] 
2342.111: [GC (Allocation Failure) [PSYoungGen: 57341K->1501K(57856K)] 438323K->382483K(559616K), 0.0018225 secs] [Times: user=0.01 sys=0.00, real=0.00 secs] 
2342.438: [GC (Allocation Failure) [PSYoungGen: 57309K->1536K(57856K)] 438291K->382518K(559616K), 0.0017101 secs] [Times: user=0.00 sys=0.00, real=0.00 secs] 
2342.766: [GC (Allocation Failure) [PSYoungGen: 57344K->1533K(57856K)] 438326K->382515K(559616K), 0.0017273 secs] [Times: user=0.01 sys=0.00, real=0.00 secs] 
2343.335: [GC (Allocation Failure) [PSYoungGen: 57341K->1472K(57856K)] 438323K->382454K(559616K), 0.0030196 secs] [Times: user=0.01 sys=0.00, real=0.00 secs] 
2343.953: [GC (Allocation Failure) [PSYoungGen: 57280K->1376K(57856K)] 438262K->382358K(559616K), 0.0042938 secs] [Times: user=0.02 sys=0.00, real=0.00 secs] 
2344.417: [GC (Allocation Failure) [PSYoungGen: 57184K->1440K(57856K)] 438166K->382422K(559616K), 0.0022345 secs] [Times: user=0.01 sys=0.00, real=0.00 secs] 
2344.841: [GC (Allocation Failure) [PSYoungGen: 57248K->1408K(57856K)] 438230K->382390K(559616K), 0.0023613 secs] [Times: user=0.01 sys=0.00, real=0.01 secs] 
2345.257: [GC (Allocation Failure) [PSYoungGen: 57216K->1408K(57856K)] 438198K->382390K(559616K), 0.0023106 secs] [Times: user=0.01 sys=0.00, real=0.00 secs] 
2345.680: [GC (Allocation Failure) [PSYoungGen: 57216K->1501K(57856K)] 438198K->382499K(559616K), 0.0015785 secs] [Times: user=0.01 sys=0.00, real=0.00 secs] 
2346.064: [GC (Allocation Failure) [PSYoungGen: 57309K->1581K(57856K)] 438307K->382579K(559616K), 0.0017265 secs] [Times: user=0.01 sys=0.00, real=0.00 secs] 
2346.391: [GC (Allocation Failure) [PSYoungGen: 57389K->1501K(57856K)] 438387K->382499K(559616K), 0.0017316 secs] [Times: user=0.01 sys=0.00, real=0.00 secs] 
2346.719: [GC (Allocation Failure) [PSYoungGen: 57309K->1501K(57856K)] 438307K->382499K(559616K), 0.0018356 secs] [Times: user=0.01 sys=0.00, real=0.00 secs] 
2347.166: [GC (Allocation Failure) [PSYoungGen: 57309K->1472K(57856K)] 438307K->382470K(559616K), 0.0032103 secs] [Times: user=0.02 sys=0.00, real=0.00 secs] 
2347.423: [GC (Allocation Failure) [PSYoungGen: 57280K->1376K(57856K)] 438278K->382374K(559616K), 0.0022079 secs] [Times: user=0.01 sys=0.00, real=0.01 secs] 
2347.811: [GC (Allocation Failure) [PSYoungGen: 57184K->1344K(57856K)] 438182K->382342K(559616K), 0.0022398 secs] [Times: user=0.01 sys=0.00, real=0.00 secs] 
2348.266: [GC (Allocation Failure) [PSYoungGen: 57152K->1408K(57856K)] 438150K->382406K(559616K), 0.0022911 secs] [Times: user=0.01 sys=0.00, real=0.00 secs] 
2348.723: [GC (Allocation Failure) [PSYoungGen: 57216K->1408K(57856K)] 438214K->382406K(559616K), 0.0022103 secs] [Times: user=0.01 sys=0.00, real=0.01 secs] 
2349.353: [GC (Allocation Failure) [PSYoungGen: 57216K->1501K(57856K)] 438214K->382499K(559616K), 0.0016394 secs] [Times: user=0.01 sys=0.00, real=0.00 secs] 
2349.678: [GC (Allocation Failure) [PSYoungGen: 57309K->1565K(57856K)] 438307K->382571K(559616K), 0.0018423 secs] [Times: user=0.01 sys=0.00, real=0.00 secs] 
2350.011: [GC (Allocation Failure) [PSYoungGen: 57373K->1629K(57856K)] 438379K->382635K(559616K), 0.0016949 secs] [Times: user=0.00 sys=0.00, real=0.00 secs] 
2350.337: [GC (Allocation Failure) [PSYoungGen: 57437K->1565K(57856K)] 438443K->382571K(559616K), 0.0017926 secs] [Times: user=0.00 sys=0.00, real=0.00 secs] 
2350.661: [GC (Allocation Failure) [PSYoungGen: 57373K->1472K(57856K)] 438379K->382510K(559616K), 0.0017861 secs] [Times: user=0.01 sys=0.00, real=0.00 secs] 
2350.913: [GC (Allocation Failure) [PSYoungGen: 57280K->1376K(57856K)] 438318K->382414K(559616K), 0.0018699 secs] [Times: user=0.01 sys=0.00, real=0.00 secs] 
2351.145: [GC (Allocation Failure) [PSYoungGen: 57184K->1344K(57856K)] 438222K->382382K(559616K), 0.0018582 secs] [Times: user=0.01 sys=0.00, real=0.00 secs] 
2351.377: [GC (Allocation Failure) [PSYoungGen: 57152K->1360K(57856K)] 438190K->382398K(559616K), 0.0019973 secs] [Times: user=0.01 sys=0.00, real=0.00 secs] 
2351.710: [GC (Allocation Failure) [PSYoungGen: 57168K->1376K(57856K)] 438206K->382414K(559616K), 0.0019743 secs] [Times: user=0.01 sys=0.00, real=0.00 secs] 
2351.958: [GC (Allocation Failure) [PSYoungGen: 57096K->288K(57856K)] 438134K->381326K(559616K), 0.0020770 secs] [Times: user=0.00 sys=0.00, real=0.00 secs] 
2352.376: [GC (Allocation Failure) [PSYoungGen: 56096K->1597K(57856K)] 437134K->382643K(559616K), 0.0017276 secs] [Times: user=0.01 sys=0.00, real=0.00 secs] 
2352.701: [GC (GCLocker Initiated GC) [PSYoungGen: 57405K->1501K(57856K)] 438451K->382547K(559616K), 0.0017404 secs] [Times: user=0.01 sys=0.00, real=0.00 secs] 
2353.103: [GC (Allocation Failure) [PSYoungGen: 57309K->1501K(57856K)] 439924K->384116K(559616K), 0.0018665 secs] [Times: user=0.01 sys=0.00, real=0.01 secs] 
2353.429: [GC (Allocation Failure) [PSYoungGen: 57309K->1661K(57856K)] 439924K->384276K(559616K), 0.0018139 secs] [Times: user=0.01 sys=0.00, real=0.00 secs] 
2353.754: [GC (Allocation Failure) [PSYoungGen: 57469K->1536K(57856K)] 440084K->384151K(559616K), 0.0026171 secs] [Times: user=0.01 sys=0.00, real=0.00 secs] 
2353.996: [GC (Allocation Failure) [PSYoungGen: 57344K->1504K(57856K)] 439959K->384119K(559616K), 0.0020530 secs] [Times: user=0.01 sys=0.00, real=0.00 secs] 
2354.319: [GC (Allocation Failure) [PSYoungGen: 57312K->1440K(57856K)] 439927K->384055K(559616K), 0.0022710 secs] [Times: user=0.01 sys=0.00, real=0.00 secs] 
2354.562: [GC (Allocation Failure) [PSYoungGen: 57248K->1472K(57856K)] 439863K->384087K(559616K), 0.0021856 secs] [Times: user=0.01 sys=0.00, real=0.01 secs] 
2354.824: [GC (Allocation Failure) [PSYoungGen: 57280K->1472K(57856K)] 439895K->384087K(559616K), 0.0019666 secs] [Times: user=0.01 sys=0.00, real=0.00 secs] 
2355.140: [GC (Allocation Failure) [PSYoungGen: 57280K->1629K(57856K)] 439895K->384260K(559616K), 0.0017140 secs] [Times: user=0.01 sys=0.00, real=0.00 secs] 
2355.466: [GC (Allocation Failure) [PSYoungGen: 57437K->1661K(57856K)] 440068K->384292K(559616K), 0.0017145 secs] [Times: user=0.01 sys=0.00, real=0.00 secs] 
2355.793: [GC (Allocation Failure) [PSYoungGen: 57469K->1661K(57856K)] 440100K->384292K(559616K), 0.0017763 secs] [Times: user=0.01 sys=0.00, real=0.00 secs] 
2356.184: [GC (Allocation Failure) [PSYoungGen: 57469K->1661K(57856K)] 440100K->384292K(559616K), 0.0017759 secs] [Times: user=0.01 sys=0.00, real=0.00 secs] 
2356.511: [GC (Allocation Failure) [PSYoungGen: 57469K->1600K(57856K)] 440100K->384231K(559616K), 0.0023472 secs] [Times: user=0.01 sys=0.00, real=0.00 secs] 
2356.743: [GC (Allocation Failure) [PSYoungGen: 57408K->1504K(57856K)] 440039K->384135K(559616K), 0.0021633 secs] [Times: user=0.01 sys=0.00, real=0.00 secs] 
2356.976: [GC (Allocation Failure) [PSYoungGen: 57312K->1440K(57856K)] 439943K->384127K(559616K), 0.0021541 secs] [Times: user=0.01 sys=0.00, real=0.00 secs] 
2357.208: [GC (Allocation Failure) [PSYoungGen: 57248K->1440K(57856K)] 439935K->384127K(559616K), 0.0021760 secs] [Times: user=0.01 sys=0.00, real=0.00 secs] 
2357.440: [GC (Allocation Failure) [PSYoungGen: 57248K->1424K(57856K)] 439935K->384127K(559616K), 0.0021774 secs] [Times: user=0.01 sys=0.00, real=0.00 secs] 
2357.748: [GC (Allocation Failure) [PSYoungGen: 57232K->1469K(57856K)] 439935K->384244K(559616K), 0.0015749 secs] [Times: user=0.01 sys=0.00, real=0.00 secs] 
2358.073: [GC (Allocation Failure) [PSYoungGen: 57277K->1565K(57856K)] 440052K->384356K(559616K), 0.0017347 secs] [Times: user=0.01 sys=0.00, real=0.01 secs] 
2358.400: [GC (Allocation Failure) [PSYoungGen: 57373K->1549K(57856K)] 440164K->384340K(559616K), 0.0017896 secs] [Times: user=0.00 sys=0.00, real=0.00 secs] 
2358.726: [GC (Allocation Failure) [PSYoungGen: 57357K->1581K(57856K)] 440148K->384372K(559616K), 0.0017054 secs] [Times: user=0.01 sys=0.00, real=0.00 secs] 
2359.052: [GC (Allocation Failure) [PSYoungGen: 57389K->1581K(57856K)] 440180K->384372K(559616K), 0.0017094 secs] [Times: user=0.01 sys=0.00, real=0.01 secs] 
2359.605: [GC (Allocation Failure) [PSYoungGen: 57389K->1472K(57856K)] 440180K->384279K(559616K), 0.0029688 secs] [Times: user=0.02 sys=0.00, real=0.00 secs] 
2359.838: [GC (Allocation Failure) [PSYoungGen: 57280K->1376K(57856K)] 440087K->384183K(559616K), 0.0022225 secs] [Times: user=0.01 sys=0.00, real=0.00 secs] 
2360.077: [GC (Allocation Failure) [PSYoungGen: 57184K->1376K(57856K)] 439991K->384183K(559616K), 0.0021506 secs] [Times: user=0.01 sys=0.00, real=0.00 secs] 
2360.348: [GC (Allocation Failure) [PSYoungGen: 57184K->1392K(57856K)] 439991K->384199K(559616K), 0.0021800 secs] [Times: user=0.01 sys=0.00, real=0.00 secs] 
2360.581: [GC (Allocation Failure) [PSYoungGen: 57200K->1408K(57856K)] 440007K->384215K(559616K), 0.0020284 secs] [Times: user=0.00 sys=0.01, real=0.01 secs] 
2360.946: [GC (Allocation Failure) [PSYoungGen: 57216K->1517K(57856K)] 440023K->384340K(559616K), 0.0018381 secs] [Times: user=0.01 sys=0.00, real=0.00 secs] 
2361.272: [GC (Allocation Failure) [PSYoungGen: 57325K->1549K(57856K)] 440148K->384372K(559616K), 0.0016770 secs] [Times: user=0.00 sys=0.00, real=0.01 secs] 
2361.599: [GC (Allocation Failure) [PSYoungGen: 57357K->1597K(57856K)] 440180K->384420K(559616K), 0.0017355 secs] [Times: user=0.01 sys=0.00, real=0.00 secs] 
2361.926: [GC (Allocation Failure) [PSYoungGen: 57378K->1565K(57856K)] 440202K->384388K(559616K), 0.0016974 secs] [Times: user=0.01 sys=0.00, real=0.00 secs] 
2363.394: [GC (Allocation Failure) [PSYoungGen: 57373K->1472K(57856K)] 440196K->384303K(559616K), 0.0047383 secs] [Times: user=0.02 sys=0.00, real=0.00 secs] 
2363.922: [GC (Allocation Failure) [PSYoungGen: 57280K->1376K(57856K)] 440111K->384207K(559616K), 0.0033535 secs] [Times: user=0.01 sys=0.00, real=0.01 secs] 
2364.386: [GC (Allocation Failure) [PSYoungGen: 57184K->1360K(57856K)] 440015K->384191K(559616K), 0.0027490 secs] [Times: user=0.01 sys=0.00, real=0.00 secs] 
2364.734: [GC (Allocation Failure) [PSYoungGen: 57168K->1344K(57856K)] 439999K->384175K(559616K), 0.0024162 secs] [Times: user=0.01 sys=0.00, real=0.00 secs] 
2364.965: [GC (Allocation Failure) [PSYoungGen: 57152K->1408K(57856K)] 439983K->384239K(559616K), 0.0021795 secs] [Times: user=0.01 sys=0.00, real=0.00 secs] 
2365.274: [GC (Allocation Failure) [PSYoungGen: 57216K->1501K(57856K)] 440047K->384332K(559616K), 0.0017339 secs] [Times: user=0.01 sys=0.00, real=0.00 secs] 
2365.599: [GC (Allocation Failure) [PSYoungGen: 57309K->1581K(57856K)] 440140K->384420K(559616K), 0.0018363 secs] [Times: user=0.01 sys=0.00, real=0.00 secs] 
2365.927: [GC (Allocation Failure) [PSYoungGen: 57389K->1597K(57856K)] 440228K->384436K(559616K), 0.0017306 secs] [Times: user=0.01 sys=0.00, real=0.00 secs] 
2366.316: [GC (Allocation Failure) [PSYoungGen: 57405K->1536K(57856K)] 440244K->384375K(559616K), 0.0017822 secs] [Times: user=0.00 sys=0.00, real=0.00 secs] 
2366.667: [GC (Allocation Failure) [PSYoungGen: 57344K->1728K(57856K)] 440183K->384567K(559616K), 0.0019934 secs] [Times: user=0.01 sys=0.00, real=0.00 secs] 
2367.125: [GC (Allocation Failure) [PSYoungGen: 57536K->1344K(57856K)] 440375K->384183K(559616K), 0.0022373 secs] [Times: user=0.01 sys=0.00, real=0.00 secs] 
2367.585: [GC (Allocation Failure) [PSYoungGen: 57152K->1344K(57856K)] 439991K->384183K(559616K), 0.0025085 secs] [Times: user=0.01 sys=0.00, real=0.00 secs] 
2368.047: [GC (Allocation Failure) [PSYoungGen: 57152K->1376K(57856K)] 439991K->384215K(559616K), 0.0033923 secs] [Times: user=0.01 sys=0.00, real=0.00 secs] 
2368.361: [GC (Allocation Failure) [PSYoungGen: 57184K->1408K(57856K)] 440023K->384247K(559616K), 0.0021597 secs] [Times: user=0.00 sys=0.00, real=0.01 secs] 
2368.619: [GC (Allocation Failure) [PSYoungGen: 57216K->1469K(57856K)] 440055K->384308K(559616K), 0.0019368 secs] [Times: user=0.01 sys=0.00, real=0.00 secs] 
2368.954: [GC (Allocation Failure) [PSYoungGen: 57277K->1552K(57856K)] 440116K->384415K(559616K), 0.0017188 secs] [Times: user=0.01 sys=0.00, real=0.00 secs] 
2369.281: [GC (Allocation Failure) [PSYoungGen: 57360K->1533K(57856K)] 440223K->384396K(559616K), 0.0018912 secs] [Times: user=0.01 sys=0.00, real=0.01 secs] 
2369.606: [GC (Allocation Failure) [PSYoungGen: 57341K->1533K(57856K)] 440204K->384396K(559616K), 0.0017053 secs] [Times: user=0.00 sys=0.00, real=0.00 secs] 
2369.934: [GC (Allocation Failure) [PSYoungGen: 57341K->1568K(57856K)] 440204K->384431K(559616K), 0.0017460 secs] [Times: user=0.01 sys=0.00, real=0.00 secs] 
2370.970: [GC (Allocation Failure) [PSYoungGen: 57376K->1440K(57856K)] 440239K->384319K(559616K), 0.0042678 secs] [Times: user=0.02 sys=0.00, real=0.01 secs] 
2371.724: [GC (Allocation Failure) [PSYoungGen: 57248K->1312K(57856K)] 440127K->384191K(559616K), 0.0042678 secs] [Times: user=0.01 sys=0.01, real=0.00 secs] 
2372.207: [GC (Allocation Failure) [PSYoungGen: 57120K->1376K(57856K)] 439999K->384255K(559616K), 0.0025524 secs] [Times: user=0.01 sys=0.00, real=0.00 secs] 
2372.710: [GC (Allocation Failure) [PSYoungGen: 57184K->1344K(57856K)] 440063K->384223K(559616K), 0.0027688 secs] [Times: user=0.01 sys=0.00, real=0.01 secs] 
2373.079: [GC (Allocation Failure) [PSYoungGen: 57152K->1344K(57856K)] 440031K->384223K(559616K), 0.0020271 secs] [Times: user=0.01 sys=0.00, real=0.00 secs] 
2373.431: [GC (Allocation Failure) [PSYoungGen: 57152K->1549K(57856K)] 440031K->384436K(559616K), 0.0017151 secs] [Times: user=0.01 sys=0.00, real=0.00 secs] 
2373.819: [GC (Allocation Failure) [PSYoungGen: 57357K->1597K(57856K)] 440244K->384484K(559616K), 0.0017276 secs] [Times: user=0.01 sys=0.00, real=0.00 secs] 
2374.148: [GC (Allocation Failure) [PSYoungGen: 57405K->1568K(57856K)] 440292K->384455K(559616K), 0.0018537 secs] [Times: user=0.01 sys=0.00, real=0.00 secs] 
2374.484: [GC (Allocation Failure) [PSYoungGen: 57368K->1533K(57856K)] 440255K->384420K(559616K), 0.0017199 secs] [Times: user=0.01 sys=0.00, real=0.00 secs] 
2375.007: [GC (Allocation Failure) [PSYoungGen: 57341K->1472K(57856K)] 440228K->384367K(559616K), 0.0027548 secs] [Times: user=0.01 sys=0.00, real=0.00 secs] 
2375.527: [GC (Allocation Failure) [PSYoungGen: 57280K->1424K(57856K)] 440175K->384319K(559616K), 0.0034445 secs] [Times: user=0.01 sys=0.00, real=0.00 secs] 
2375.970: [GC (Allocation Failure) [PSYoungGen: 57232K->1408K(57856K)] 440127K->384303K(559616K), 0.0027072 secs] [Times: user=0.01 sys=0.00, real=0.00 secs] 
2376.474: [GC (Allocation Failure) [PSYoungGen: 57216K->1408K(57856K)] 440111K->384303K(559616K), 0.0028088 secs] [Times: user=0.01 sys=0.00, real=0.00 secs] 
2377.183: [GC (Allocation Failure) [PSYoungGen: 57216K->1344K(57856K)] 440111K->384239K(559616K), 0.0029113 secs] [Times: user=0.01 sys=0.00, real=0.00 secs] 
2377.645: [GC (Allocation Failure) [PSYoungGen: 57152K->1485K(57856K)] 440047K->384380K(559616K), 0.0020013 secs] [Times: user=0.00 sys=0.00, real=0.00 secs] 
2377.981: [GC (Allocation Failure) [PSYoungGen: 57293K->1565K(57856K)] 440188K->384476K(559616K), 0.0017111 secs] [Times: user=0.00 sys=0.00, real=0.00 secs] 
2378.309: [GC (Allocation Failure) [PSYoungGen: 57373K->1597K(57856K)] 440284K->384508K(559616K), 0.0017428 secs] [Times: user=0.01 sys=0.00, real=0.00 secs] 
2378.635: [GC (Allocation Failure) [PSYoungGen: 57405K->1565K(57856K)] 440316K->384476K(559616K), 0.0017980 secs] [Times: user=0.01 sys=0.00, real=0.00 secs] 
2378.965: [GC (Allocation Failure) [PSYoungGen: 57373K->1597K(57856K)] 440284K->384508K(559616K), 0.0017175 secs] [Times: user=0.01 sys=0.00, real=0.00 secs] 
2379.414: [GC (Allocation Failure) [PSYoungGen: 57405K->1408K(57856K)] 440316K->384319K(559616K), 0.0019998 secs] [Times: user=0.00 sys=0.00, real=0.00 secs] 
2379.912: [GC (Allocation Failure) [PSYoungGen: 57216K->1376K(57856K)] 440127K->384287K(559616K), 0.0038603 secs] [Times: user=0.01 sys=0.00, real=0.01 secs] 
2380.387: [GC (Allocation Failure) [PSYoungGen: 57184K->1424K(57856K)] 440095K->384335K(559616K), 0.0034354 secs] [Times: user=0.01 sys=0.00, real=0.00 secs] 
2380.866: [GC (Allocation Failure) [PSYoungGen: 57232K->1376K(57856K)] 440143K->384287K(559616K), 0.0029320 secs] [Times: user=0.01 sys=0.00, real=0.00 secs] 
2381.271: [GC (Allocation Failure) [PSYoungGen: 57184K->1440K(57856K)] 440095K->384351K(559616K), 0.0026295 secs] [Times: user=0.01 sys=0.00, real=0.01 secs] 
2381.693: [GC (Allocation Failure) [PSYoungGen: 57248K->1501K(57856K)] 440159K->384428K(559616K), 0.0016243 secs] [Times: user=0.01 sys=0.00, real=0.00 secs] 
2382.079: [GC (Allocation Failure) [PSYoungGen: 57309K->1549K(57856K)] 440236K->384476K(559616K), 0.0017255 secs] [Times: user=0.01 sys=0.00, real=0.00 secs] 
2382.468: [GC (Allocation Failure) [PSYoungGen: 57357K->1536K(57856K)] 440284K->384463K(559616K), 0.0017322 secs] [Times: user=0.00 sys=0.00, real=0.00 secs] 
2382.853: [GC (Allocation Failure) [PSYoungGen: 57344K->1581K(57856K)] 440271K->384508K(559616K), 0.0017377 secs] [Times: user=0.00 sys=0.00, real=0.00 secs] 
2383.191: [GC (Allocation Failure) [PSYoungGen: 57389K->1440K(57856K)] 440316K->384367K(559616K), 0.0026468 secs] [Times: user=0.01 sys=0.00, real=0.01 secs] 
2383.442: [GC (Allocation Failure) [PSYoungGen: 57248K->1392K(57856K)] 440175K->384319K(559616K), 0.0021146 secs] [Times: user=0.01 sys=0.00, real=0.01 secs] 
2383.674: [GC (Allocation Failure) [PSYoungGen: 57200K->1344K(57856K)] 440127K->384271K(559616K), 0.0021148 secs] [Times: user=0.00 sys=0.00, real=0.00 secs] 
2383.950: [GC (Allocation Failure) [PSYoungGen: 57152K->1376K(57856K)] 440079K->384303K(559616K), 0.0021440 secs] [Times: user=0.01 sys=0.00, real=0.00 secs] 
2384.227: [GC (Allocation Failure) [PSYoungGen: 57184K->1408K(57856K)] 440111K->384335K(559616K), 0.0018816 secs] [Times: user=0.01 sys=0.00, real=0.00 secs] 
2384.690: [GC (Allocation Failure) [PSYoungGen: 57216K->1501K(57856K)] 440143K->384428K(559616K), 0.0015676 secs] [Times: user=0.01 sys=0.00, real=0.00 secs] 
2385.022: [GC (Allocation Failure) [PSYoungGen: 57309K->1565K(57856K)] 440236K->384508K(559616K), 0.0016952 secs] [Times: user=0.00 sys=0.00, real=0.01 secs] 
2385.349: [GC (Allocation Failure) [PSYoungGen: 57373K->1565K(57856K)] 440316K->384508K(559616K), 0.0018268 secs] [Times: user=0.00 sys=0.00, real=0.00 secs] 
2385.676: [GC (Allocation Failure) [PSYoungGen: 57373K->1565K(57856K)] 440316K->384508K(559616K), 0.0017323 secs] [Times: user=0.01 sys=0.00, real=0.00 secs] 
2385.992: [GC (Allocation Failure) [PSYoungGen: 57373K->1744K(57856K)] 440316K->384687K(559616K), 0.0017059 secs] [Times: user=0.00 sys=0.00, real=0.01 secs] 
2386.222: [GC (Allocation Failure) [PSYoungGen: 57552K->1392K(57856K)] 440495K->384335K(559616K), 0.0016656 secs] [Times: user=0.00 sys=0.00, real=0.01 secs] 
2386.545: [GC (Allocation Failure) [PSYoungGen: 57200K->1440K(57856K)] 440143K->384383K(559616K), 0.0020422 secs] [Times: user=0.01 sys=0.00, real=0.00 secs] 
2386.960: [GC (Allocation Failure) [PSYoungGen: 57248K->1440K(57856K)] 440191K->384383K(559616K), 0.0042018 secs] [Times: user=0.02 sys=0.00, real=0.01 secs] 
2387.417: [GC (Allocation Failure) [PSYoungGen: 57248K->1376K(57856K)] 440191K->384319K(559616K), 0.0026450 secs] [Times: user=0.01 sys=0.00, real=0.00 secs] 
2387.971: [GC (Allocation Failure) [PSYoungGen: 57184K->1485K(57856K)] 440127K->384428K(559616K), 0.0025409 secs] [Times: user=0.01 sys=0.00, real=0.01 secs] 
2388.349: [GC (Allocation Failure) [PSYoungGen: 57293K->1533K(57856K)] 440236K->384484K(559616K), 0.0016663 secs] [Times: user=0.01 sys=0.00, real=0.00 secs] 
2388.731: [GC (Allocation Failure) [PSYoungGen: 57341K->1533K(57856K)] 440292K->384484K(559616K), 0.0016889 secs] [Times: user=0.01 sys=0.00, real=0.00 secs] 
2389.057: [GC (Allocation Failure) [PSYoungGen: 57341K->1533K(57856K)] 440292K->384484K(559616K), 0.0018948 secs] [Times: user=0.01 sys=0.00, real=0.00 secs] 
2389.384: [GC (Allocation Failure) [PSYoungGen: 57341K->1565K(57856K)] 440292K->384516K(559616K), 0.0017599 secs] [Times: user=0.00 sys=0.00, real=0.00 secs] 
2389.710: [GC (Allocation Failure) [PSYoungGen: 57373K->1440K(57856K)] 440324K->384391K(559616K), 0.0027310 secs] [Times: user=0.01 sys=0.00, real=0.00 secs] 
2389.959: [GC (Allocation Failure) [PSYoungGen: 57248K->1376K(57856K)] 440199K->384327K(559616K), 0.0021995 secs] [Times: user=0.01 sys=0.00, real=0.00 secs] 
2390.259: [GC (Allocation Failure) [PSYoungGen: 57184K->1408K(57856K)] 440135K->384383K(559616K), 0.0021546 secs] [Times: user=0.01 sys=0.00, real=0.00 secs] 
2390.560: [GC (Allocation Failure) [PSYoungGen: 57216K->1408K(57856K)] 440191K->384383K(559616K), 0.0022647 secs] [Times: user=0.01 sys=0.00, real=0.00 secs] 
2390.972: [GC (Allocation Failure) [PSYoungGen: 57216K->1376K(57856K)] 440191K->384351K(559616K), 0.0023944 secs] [Times: user=0.01 sys=0.00, real=0.01 secs] 
2391.376: [GC (Allocation Failure) [PSYoungGen: 57184K->1565K(57856K)] 440159K->384572K(559616K), 0.0019950 secs] [Times: user=0.01 sys=0.00, real=0.00 secs] 
2391.702: [GC (Allocation Failure) [PSYoungGen: 57373K->1565K(57856K)] 440380K->384572K(559616K), 0.0016305 secs] [Times: user=0.01 sys=0.00, real=0.01 secs] 
2392.028: [GC (Allocation Failure) [PSYoungGen: 57373K->1533K(57856K)] 440380K->384540K(559616K), 0.0017908 secs] [Times: user=0.01 sys=0.00, real=0.00 secs] 
2392.354: [GC (Allocation Failure) [PSYoungGen: 57341K->1501K(57856K)] 440348K->384508K(559616K), 0.0017444 secs] [Times: user=0.00 sys=0.00, real=0.00 secs] 
2393.371: [GC (Allocation Failure) [PSYoungGen: 57309K->1440K(57856K)] 440316K->384447K(559616K), 0.0023446 secs] [Times: user=0.01 sys=0.00, real=0.01 secs] 
2393.977: [GC (Allocation Failure) [PSYoungGen: 57248K->1344K(57856K)] 440255K->384351K(559616K), 0.0023655 secs] [Times: user=0.01 sys=0.00, real=0.00 secs] 
2394.416: [GC (Allocation Failure) [PSYoungGen: 57152K->1312K(57856K)] 440159K->384319K(559616K), 0.0033052 secs] [Times: user=0.01 sys=0.00, real=0.00 secs] 
2394.649: [GC (Allocation Failure) [PSYoungGen: 57120K->1376K(57856K)] 440127K->384383K(559616K), 0.0025647 secs] [Times: user=0.01 sys=0.00, real=0.00 secs] 
2394.881: [GC (Allocation Failure) [PSYoungGen: 57184K->1408K(57856K)] 440191K->384415K(559616K), 0.0020301 secs] [Times: user=0.01 sys=0.00, real=0.01 secs] 
2395.173: [GC (Allocation Failure) [PSYoungGen: 57216K->1469K(57856K)] 440223K->384476K(559616K), 0.0015446 secs] [Times: user=0.01 sys=0.00, real=0.01 secs] 
2395.559: [GC (Allocation Failure) [PSYoungGen: 57277K->1536K(57856K)] 440284K->384559K(559616K), 0.0017655 secs] [Times: user=0.01 sys=0.00, real=0.00 secs] 
2395.885: [GC (Allocation Failure) [PSYoungGen: 57344K->1565K(57856K)] 440367K->384588K(559616K), 0.0017143 secs] [Times: user=0.01 sys=0.00, real=0.00 secs] 
2396.211: [GC (Allocation Failure) [PSYoungGen: 57373K->1597K(57856K)] 440396K->384620K(559616K), 0.0017261 secs] [Times: user=0.01 sys=0.00, real=0.00 secs] 
2396.536: [GC (Allocation Failure) [PSYoungGen: 57405K->1597K(57856K)] 440428K->384620K(559616K), 0.0016729 secs] [Times: user=0.01 sys=0.00, real=0.00 secs] 
2396.817: [GC (Allocation Failure) [PSYoungGen: 57405K->1408K(57856K)] 440428K->384431K(559616K), 0.0027294 secs] [Times: user=0.01 sys=0.00, real=0.00 secs] 
2397.050: [GC (Allocation Failure) [PSYoungGen: 57216K->1408K(57856K)] 440239K->384431K(559616K), 0.0022227 secs] [Times: user=0.01 sys=0.00, real=0.00 secs] 
2397.283: [GC (Allocation Failure) [PSYoungGen: 57216K->1408K(57856K)] 440239K->384431K(559616K), 0.0022104 secs] [Times: user=0.01 sys=0.00, real=0.01 secs] 
2397.515: [GC (Allocation Failure) [PSYoungGen: 57216K->1408K(57856K)] 440239K->384431K(559616K), 0.0022233 secs] [Times: user=0.01 sys=0.00, real=0.00 secs] 
2397.748: [GC (Allocation Failure) [PSYoungGen: 57216K->1344K(57856K)] 440239K->384367K(559616K), 0.0024551 secs] [Times: user=0.01 sys=0.00, real=0.00 secs] 
2398.097: [GC (Allocation Failure) [PSYoungGen: 57152K->1565K(57856K)] 440175K->384604K(559616K), 0.0016765 secs] [Times: user=0.01 sys=0.00, real=0.00 secs] 
2398.422: [GC (Allocation Failure) [PSYoungGen: 57373K->1549K(57856K)] 440412K->384588K(559616K), 0.0018066 secs] [Times: user=0.01 sys=0.00, real=0.01 secs] 
2398.749: [GC (Allocation Failure) [PSYoungGen: 57357K->1581K(57856K)] 440396K->384620K(559616K), 0.0017135 secs] [Times: user=0.01 sys=0.00, real=0.00 secs] 
2399.075: [GC (Allocation Failure) [PSYoungGen: 57389K->1549K(57856K)] 440428K->384588K(559616K), 0.0016993 secs] [Times: user=0.01 sys=0.00, real=0.00 secs] 
2399.405: [GC (Allocation Failure) [PSYoungGen: 57357K->1472K(57856K)] 440396K->384535K(559616K), 0.0021240 secs] [Times: user=0.01 sys=0.00, real=0.00 secs] 
2399.638: [GC (Allocation Failure) [PSYoungGen: 57280K->1376K(57856K)] 440343K->384439K(559616K), 0.0018622 secs] [Times: user=0.01 sys=0.00, real=0.00 secs] 
2399.870: [GC (Allocation Failure) [PSYoungGen: 57184K->1392K(57856K)] 440247K->384455K(559616K), 0.0019695 secs] [Times: user=0.01 sys=0.00, real=0.00 secs] 
2400.138: [GC (Allocation Failure) [PSYoungGen: 57200K->1408K(57856K)] 440263K->384471K(559616K), 0.0021692 secs] [Times: user=0.01 sys=0.00, real=0.00 secs] 
2400.371: [GC (Allocation Failure) [PSYoungGen: 57216K->1344K(57856K)] 440279K->384407K(559616K), 0.0020009 secs] [Times: user=0.01 sys=0.00, real=0.00 secs] 
2400.704: [GC (Allocation Failure) [PSYoungGen: 57152K->1437K(57856K)] 440215K->384500K(559616K), 0.0017017 secs] [Times: user=0.01 sys=0.00, real=0.00 secs] 
2401.029: [GC (Allocation Failure) [PSYoungGen: 57245K->1517K(57856K)] 440308K->384588K(559616K), 0.0018381 secs] [Times: user=0.01 sys=0.00, real=0.00 secs] 
2401.357: [GC (Allocation Failure) [PSYoungGen: 57325K->1613K(57856K)] 440396K->384684K(559616K), 0.0018314 secs] [Times: user=0.01 sys=0.00, real=0.00 secs] 
2401.683: [GC (Allocation Failure) [PSYoungGen: 57421K->1581K(57856K)] 440492K->384652K(559616K), 0.0017186 secs] [Times: user=0.01 sys=0.00, real=0.00 secs] 
2402.107: [GC (Allocation Failure) [PSYoungGen: 57389K->1696K(57856K)] 440460K->384767K(559616K), 0.0019553 secs] [Times: user=0.01 sys=0.00, real=0.00 secs] 
2402.359: [GC (Allocation Failure) [PSYoungGen: 57504K->1408K(57856K)] 440575K->384479K(559616K), 0.0020286 secs] [Times: user=0.01 sys=0.00, real=0.00 secs] 
2402.634: [GC (Allocation Failure) [PSYoungGen: 57216K->1408K(57856K)] 440287K->384479K(559616K), 0.0021122 secs] [Times: user=0.01 sys=0.00, real=0.00 secs] 
2402.913: [GC (Allocation Failure) [PSYoungGen: 57216K->1376K(57856K)] 440287K->384447K(559616K), 0.0021619 secs] [Times: user=0.01 sys=0.00, real=0.01 secs] 
2403.146: [GC (Allocation Failure) [PSYoungGen: 57184K->1360K(57856K)] 440255K->384431K(559616K), 0.0021604 secs] [Times: user=0.00 sys=0.00, real=0.00 secs] 
2403.420: [GC (Allocation Failure) [PSYoungGen: 57154K->1437K(57856K)] 440225K->384508K(559616K), 0.0023310 secs] [Times: user=0.01 sys=0.00, real=0.00 secs] 
2403.854: [GC (Allocation Failure) [PSYoungGen: 57245K->1565K(57856K)] 440316K->384652K(559616K), 0.0018267 secs] [Times: user=0.01 sys=0.00, real=0.00 secs] 
2404.181: [GC (Allocation Failure) [PSYoungGen: 57373K->1565K(57856K)] 440460K->384652K(559616K), 0.0017685 secs] [Times: user=0.01 sys=0.00, real=0.00 secs] 
2404.569: [GC (Allocation Failure) [PSYoungGen: 57373K->1533K(57856K)] 440460K->384620K(559616K), 0.0018938 secs] [Times: user=0.01 sys=0.00, real=0.00 secs] 
2404.896: [GC (Allocation Failure) [PSYoungGen: 57341K->1533K(57856K)] 440428K->384620K(559616K), 0.0017052 secs] [Times: user=0.01 sys=0.00, real=0.00 secs] 
2405.361: [GC (Allocation Failure) [PSYoungGen: 57341K->1472K(57856K)] 440428K->384559K(559616K), 0.0037404 secs] [Times: user=0.02 sys=0.00, real=0.01 secs] 
2405.938: [GC (Allocation Failure) [PSYoungGen: 57280K->1344K(57856K)] 440367K->384431K(559616K), 0.0038073 secs] [Times: user=0.02 sys=0.00, real=0.00 secs] 
2406.622: [GC (Allocation Failure) [PSYoungGen: 57152K->1408K(57856K)] 440239K->384495K(559616K), 0.0040611 secs] [Times: user=0.02 sys=0.00, real=0.01 secs] 
2407.292: [GC (Allocation Failure) [PSYoungGen: 57216K->1376K(57856K)] 440303K->384463K(559616K), 0.0042591 secs] [Times: user=0.02 sys=0.00, real=0.01 secs] 
2407.945: [GC (Allocation Failure) [PSYoungGen: 57184K->1376K(57856K)] 440271K->384463K(559616K), 0.0034070 secs] [Times: user=0.01 sys=0.00, real=0.00 secs] 
2408.429: [GC (Allocation Failure) [PSYoungGen: 57184K->1501K(57856K)] 440271K->384604K(559616K), 0.0017387 secs] [Times: user=0.01 sys=0.00, real=0.00 secs] 
2408.755: [GC (Allocation Failure) [PSYoungGen: 57309K->1597K(57856K)] 440412K->384700K(559616K), 0.0016624 secs] [Times: user=0.00 sys=0.00, real=0.00 secs] 
2409.080: [GC (Allocation Failure) [PSYoungGen: 57405K->1549K(57856K)] 440508K->384652K(559616K), 0.0018466 secs] [Times: user=0.00 sys=0.00, real=0.00 secs] 
2409.409: [GC (Allocation Failure) [PSYoungGen: 57357K->1565K(57856K)] 440460K->384668K(559616K), 0.0017159 secs] [Times: user=0.00 sys=0.00, real=0.00 secs] 
2409.872: [GC (Allocation Failure) [PSYoungGen: 57373K->1472K(57856K)] 440476K->384575K(559616K), 0.0020700 secs] [Times: user=0.01 sys=0.00, real=0.01 secs] 
2410.658: [GC (Allocation Failure) [PSYoungGen: 57280K->1392K(57856K)] 440383K->384495K(559616K), 0.0042568 secs] [Times: user=0.02 sys=0.00, real=0.00 secs] 
2411.423: [GC (Allocation Failure) [PSYoungGen: 57200K->1376K(57856K)] 440303K->384479K(559616K), 0.0045872 secs] [Times: user=0.01 sys=0.00, real=0.01 secs] 
2412.168: [GC (Allocation Failure) [PSYoungGen: 57184K->1408K(57856K)] 440287K->384511K(559616K), 0.0043527 secs] [Times: user=0.01 sys=0.00, real=0.00 secs] 
2413.106: [GC (Allocation Failure) [PSYoungGen: 57216K->1344K(57856K)] 440319K->384447K(559616K), 0.0046066 secs] [Times: user=0.01 sys=0.00, real=0.00 secs] 
2413.961: [GC (Allocation Failure) [PSYoungGen: 57152K->1453K(57856K)] 440255K->384580K(559616K), 0.0022058 secs] [Times: user=0.01 sys=0.00, real=0.01 secs] 
2414.390: [GC (Allocation Failure) [PSYoungGen: 57261K->1549K(57856K)] 440388K->384692K(559616K), 0.0019664 secs] [Times: user=0.00 sys=0.00, real=0.00 secs] 
2414.719: [GC (Allocation Failure) [PSYoungGen: 57357K->1533K(57856K)] 440500K->384676K(559616K), 0.0019077 secs] [Times: user=0.00 sys=0.00, real=0.00 secs] 
2415.109: [GC (Allocation Failure) [PSYoungGen: 57341K->1536K(57856K)] 440484K->384679K(559616K), 0.0018064 secs] [Times: user=0.01 sys=0.00, real=0.00 secs] 
2415.509: [GC (Allocation Failure) [PSYoungGen: 57344K->1600K(57856K)] 440487K->384751K(559616K), 0.0016187 secs] [Times: user=0.01 sys=0.00, real=0.00 secs] 
2417.058: [GC (Allocation Failure) [PSYoungGen: 57408K->1408K(57856K)] 440559K->384559K(559616K), 0.0036153 secs] [Times: user=0.02 sys=0.00, real=0.00 secs] 
2418.171: [GC (Allocation Failure) [PSYoungGen: 57216K->1392K(57856K)] 440367K->384543K(559616K), 0.0046072 secs] [Times: user=0.02 sys=0.00, real=0.01 secs] 
2419.323: [GC (Allocation Failure) [PSYoungGen: 57200K->1392K(57856K)] 440351K->384543K(559616K), 0.0046335 secs] [Times: user=0.02 sys=0.00, real=0.00 secs] 
2420.520: [GC (Allocation Failure) [PSYoungGen: 57200K->1408K(57856K)] 440351K->384559K(559616K), 0.0047906 secs] [Times: user=0.02 sys=0.00, real=0.01 secs] 
2421.073: [GC (Allocation Failure) [PSYoungGen: 57216K->1344K(57856K)] 440367K->384503K(559616K), 0.0025361 secs] [Times: user=0.01 sys=0.00, real=0.00 secs] 
2421.483: [GC (Allocation Failure) [PSYoungGen: 57152K->1533K(57856K)] 440311K->384700K(559616K), 0.0018281 secs] [Times: user=0.01 sys=0.00, real=0.01 secs] 
2421.809: [GC (Allocation Failure) [PSYoungGen: 57341K->1581K(57856K)] 440508K->384748K(559616K), 0.0018209 secs] [Times: user=0.01 sys=0.00, real=0.00 secs] 
2422.138: [GC (Allocation Failure) [PSYoungGen: 57389K->1565K(57856K)] 440556K->384732K(559616K), 0.0017966 secs] [Times: user=0.01 sys=0.00, real=0.00 secs] 
2422.465: [GC (Allocation Failure) [PSYoungGen: 57348K->1549K(57856K)] 440516K->384716K(559616K), 0.0016823 secs] [Times: user=0.01 sys=0.00, real=0.00 secs] 
2422.854: [GC (Allocation Failure) [PSYoungGen: 57357K->1472K(57856K)] 440524K->384639K(559616K), 0.0022458 secs] [Times: user=0.01 sys=0.00, real=0.00 secs] 
2423.086: [GC (Allocation Failure) [PSYoungGen: 57280K->1376K(57856K)] 440447K->384543K(559616K), 0.0020958 secs] [Times: user=0.01 sys=0.00, real=0.00 secs] 
2423.319: [GC (Allocation Failure) [PSYoungGen: 57184K->1392K(57856K)] 440351K->384559K(559616K), 0.0019920 secs] [Times: user=0.01 sys=0.00, real=0.00 secs] 
2423.596: [GC (Allocation Failure) [PSYoungGen: 57200K->1376K(57856K)] 440367K->384543K(559616K), 0.0021197 secs] [Times: user=0.01 sys=0.00, real=0.00 secs] 
2423.829: [GC (Allocation Failure) [PSYoungGen: 57184K->1392K(57856K)] 440351K->384583K(559616K), 0.0020978 secs] [Times: user=0.01 sys=0.00, real=0.00 secs] 
2424.144: [GC (Allocation Failure) [PSYoungGen: 57200K->1453K(57856K)] 440391K->384644K(559616K), 0.0016242 secs] [Times: user=0.00 sys=0.00, real=0.00 secs] 
2424.470: [GC (Allocation Failure) [PSYoungGen: 57261K->1565K(57856K)] 440452K->384764K(559616K), 0.0017562 secs] [Times: user=0.00 sys=0.00, real=0.00 secs] 
2424.798: [GC (Allocation Failure) [PSYoungGen: 57373K->1600K(57856K)] 440572K->384799K(559616K), 0.0017977 secs] [Times: user=0.01 sys=0.00, real=0.00 secs] 
2425.125: [GC (Allocation Failure) [PSYoungGen: 57408K->1597K(57856K)] 440607K->384796K(559616K), 0.0016947 secs] [Times: user=0.01 sys=0.00, real=0.00 secs] 
2425.480: [GC (Allocation Failure) [PSYoungGen: 57405K->1968K(57856K)] 440604K->385167K(559616K), 0.0019184 secs] [Times: user=0.01 sys=0.00, real=0.00 secs] 
2425.709: [GC (Allocation Failure) [PSYoungGen: 57776K->1392K(57856K)] 440975K->384591K(559616K), 0.0021098 secs] [Times: user=0.00 sys=0.01, real=0.00 secs] 
2425.942: [GC (Allocation Failure) [PSYoungGen: 57200K->1376K(57856K)] 440399K->384575K(559616K), 0.0019473 secs] [Times: user=0.01 sys=0.00, real=0.01 secs] 
2426.174: [GC (Allocation Failure) [PSYoungGen: 57184K->1376K(57856K)] 440383K->384575K(559616K), 0.0019303 secs] [Times: user=0.01 sys=0.00, real=0.00 secs] 
2426.437: [GC (Allocation Failure) [PSYoungGen: 57184K->1376K(57856K)] 440383K->384575K(559616K), 0.0020007 secs] [Times: user=0.01 sys=0.00, real=0.00 secs] 
2426.706: [GC (Allocation Failure) [PSYoungGen: 57184K->1501K(57856K)] 440383K->384700K(559616K), 0.0020060 secs] [Times: user=0.01 sys=0.00, real=0.00 secs] 
2427.039: [GC (Allocation Failure) [PSYoungGen: 57309K->1581K(57856K)] 440508K->384804K(559616K), 0.0018030 secs] [Times: user=0.00 sys=0.00, real=0.00 secs] 
2427.367: [GC (Allocation Failure) [PSYoungGen: 57358K->1517K(57856K)] 440581K->384740K(559616K), 0.0017857 secs] [Times: user=0.00 sys=0.00, real=0.00 secs] 
2427.693: [GC (Allocation Failure) [PSYoungGen: 57325K->1613K(57856K)] 440548K->384836K(559616K), 0.0017456 secs] [Times: user=0.01 sys=0.00, real=0.00 secs] 
2428.021: [GC (Allocation Failure) [PSYoungGen: 57421K->1552K(57856K)] 440644K->384775K(559616K), 0.0018309 secs] [Times: user=0.01 sys=0.00, real=0.01 secs] 
2428.324: [GC (Allocation Failure) [PSYoungGen: 57360K->1472K(57856K)] 440583K->384695K(559616K), 0.0020616 secs] [Times: user=0.01 sys=0.00, real=0.00 secs] 
2428.556: [GC (Allocation Failure) [PSYoungGen: 57280K->1376K(57856K)] 440503K->384599K(559616K), 0.0019049 secs] [Times: user=0.00 sys=0.00, real=0.00 secs] 
2428.788: [GC (Allocation Failure) [PSYoungGen: 57184K->1376K(57856K)] 440407K->384599K(559616K), 0.0019633 secs] [Times: user=0.01 sys=0.00, real=0.00 secs] 
2429.021: [GC (Allocation Failure) [PSYoungGen: 57184K->1408K(57856K)] 440407K->384655K(559616K), 0.0019502 secs] [Times: user=0.01 sys=0.00, real=0.00 secs] 
2429.253: [GC (Allocation Failure) [PSYoungGen: 57216K->1408K(57856K)] 440463K->384655K(559616K), 0.0020535 secs] [Times: user=0.01 sys=0.00, real=0.00 secs] 
2429.579: [GC (Allocation Failure) [PSYoungGen: 57216K->1565K(57856K)] 440463K->384820K(559616K), 0.0017343 secs] [Times: user=0.00 sys=0.00, real=0.00 secs] 
2429.905: [GC (Allocation Failure) [PSYoungGen: 57373K->1613K(57856K)] 440628K->384868K(559616K), 0.0018833 secs] [Times: user=0.01 sys=0.00, real=0.00 secs] 
2430.232: [GC (Allocation Failure) [PSYoungGen: 57421K->1565K(57856K)] 440676K->384820K(559616K), 0.0017571 secs] [Times: user=0.01 sys=0.00, real=0.01 secs] 
2430.563: [GC (Allocation Failure) [PSYoungGen: 57373K->1533K(57856K)] 440628K->384788K(559616K), 0.0016888 secs] [Times: user=0.00 sys=0.00, real=0.01 secs] 
2431.018: [GC (Allocation Failure) [PSYoungGen: 57341K->1440K(57856K)] 440596K->384695K(559616K), 0.0019097 secs] [Times: user=0.01 sys=0.00, real=0.00 secs] 
2431.555: [GC (Allocation Failure) [PSYoungGen: 57248K->1344K(57856K)] 440503K->384599K(559616K), 0.0022304 secs] [Times: user=0.01 sys=0.00, real=0.00 secs] 
2432.173: [GC (Allocation Failure) [PSYoungGen: 57152K->1392K(57856K)] 440407K->384647K(559616K), 0.0041893 secs] [Times: user=0.01 sys=0.00, real=0.01 secs] 
2433.043: [GC (Allocation Failure) [PSYoungGen: 57200K->1392K(57856K)] 440455K->384647K(559616K), 0.0045459 secs] [Times: user=0.02 sys=0.00, real=0.00 secs] 
2433.900: [GC (Allocation Failure) [PSYoungGen: 57200K->1408K(57856K)] 440455K->384663K(559616K), 0.0043491 secs] [Times: user=0.02 sys=0.00, real=0.01 secs] 
2434.775: [GC (GCLocker Initiated GC) [PSYoungGen: 57216K->1437K(57856K)] 440473K->384695K(559616K), 0.0021296 secs] [Times: user=0.01 sys=0.00, real=0.00 secs] 
2435.130: [GC (Allocation Failure) [PSYoungGen: 57245K->1472K(57856K)] 440728K->384971K(559616K), 0.0017021 secs] [Times: user=0.01 sys=0.00, real=0.00 secs] 
2435.459: [GC (Allocation Failure) [PSYoungGen: 57280K->1568K(57856K)] 440779K->385067K(559616K), 0.0016567 secs] [Times: user=0.01 sys=0.00, real=0.00 secs] 
2435.790: [GC (Allocation Failure) [PSYoungGen: 57376K->1629K(57856K)] 440875K->385128K(559616K), 0.0018722 secs] [Times: user=0.01 sys=0.00, real=0.00 secs] 
2436.126: [GC (Allocation Failure) [PSYoungGen: 57437K->1565K(57856K)] 440936K->385064K(559616K), 0.0017767 secs] [Times: user=0.00 sys=0.00, real=0.00 secs] 
2437.206: [GC (Allocation Failure) [PSYoungGen: 57373K->1536K(57856K)] 440872K->385035K(559616K), 0.0034104 secs] [Times: user=0.01 sys=0.00, real=0.00 secs] 
2438.448: [GC (Allocation Failure) [PSYoungGen: 57344K->1440K(57856K)] 440843K->384939K(559616K), 0.0042791 secs] [Times: user=0.01 sys=0.00, real=0.00 secs] 
2439.304: [GC (Allocation Failure) [PSYoungGen: 57248K->1456K(57856K)] 440747K->384955K(559616K), 0.0043605 secs] [Times: user=0.01 sys=0.00, real=0.00 secs] 
2439.826: [GC (Allocation Failure) [PSYoungGen: 57264K->1440K(57856K)] 440763K->384939K(559616K), 0.0032797 secs] [Times: user=0.02 sys=0.00, real=0.00 secs] 
2440.082: [GC (Allocation Failure) [PSYoungGen: 57248K->1408K(57856K)] 440747K->384907K(559616K), 0.0021506 secs] [Times: user=0.01 sys=0.00, real=0.01 secs] 
2440.466: [GC (Allocation Failure) [PSYoungGen: 57216K->1629K(57856K)] 440715K->385144K(559616K), 0.0017365 secs] [Times: user=0.01 sys=0.00, real=0.00 secs] 
2440.796: [GC (Allocation Failure) [PSYoungGen: 57437K->1600K(57856K)] 440952K->385115K(559616K), 0.0017325 secs] [Times: user=0.01 sys=0.00, real=0.00 secs] 
2441.122: [GC (Allocation Failure) [PSYoungGen: 57408K->1693K(57856K)] 440923K->385208K(559616K), 0.0017719 secs] [Times: user=0.01 sys=0.00, real=0.01 secs] 
2441.451: [GC (Allocation Failure) [PSYoungGen: 57501K->1661K(57856K)] 441016K->385176K(559616K), 0.0017767 secs] [Times: user=0.01 sys=0.00, real=0.00 secs] 
2442.338: [GC (Allocation Failure) [PSYoungGen: 57469K->1536K(57856K)] 440984K->385051K(559616K), 0.0028867 secs] [Times: user=0.01 sys=0.00, real=0.00 secs] 
2443.394: [GC (Allocation Failure) [PSYoungGen: 57344K->1408K(57856K)] 440859K->384971K(559616K), 0.0033435 secs] [Times: user=0.01 sys=0.00, real=0.00 secs] 
2444.027: [GC (Allocation Failure) [PSYoungGen: 57216K->1328K(57856K)] 440779K->384947K(559616K), 0.0034165 secs] [Times: user=0.02 sys=0.00, real=0.00 secs] 
2444.573: [GC (Allocation Failure) [PSYoungGen: 57136K->1376K(57856K)] 440755K->384995K(559616K), 0.0028064 secs] [Times: user=0.01 sys=0.00, real=0.00 secs] 
2444.853: [GC (Allocation Failure) [PSYoungGen: 57184K->1376K(57856K)] 440803K->384995K(559616K), 0.0022553 secs] [Times: user=0.01 sys=0.00, real=0.01 secs] 
2445.225: [GC (Allocation Failure) [PSYoungGen: 57184K->1469K(57856K)] 440803K->385088K(559616K), 0.0016531 secs] [Times: user=0.01 sys=0.00, real=0.00 secs] 
2445.556: [GC (Allocation Failure) [PSYoungGen: 57277K->1565K(57856K)] 440896K->385200K(559616K), 0.0016380 secs] [Times: user=0.00 sys=0.00, real=0.00 secs] 
2445.883: [GC (Allocation Failure) [PSYoungGen: 57373K->1597K(57856K)] 441008K->385232K(559616K), 0.0016827 secs] [Times: user=0.00 sys=0.00, real=0.01 secs] 
2446.219: [GC (Allocation Failure) [PSYoungGen: 57405K->1565K(57856K)] 441040K->385200K(559616K), 0.0016343 secs] [Times: user=0.00 sys=0.00, real=0.00 secs] 
2446.628: [GC (Allocation Failure) [PSYoungGen: 57143K->2032K(57856K)] 440779K->385667K(559616K), 0.0020006 secs] [Times: user=0.01 sys=0.00, real=0.00 secs] 
2446.889: [GC (Allocation Failure) [PSYoungGen: 57840K->1408K(57856K)] 441475K->385043K(559616K), 0.0021278 secs] [Times: user=0.01 sys=0.00, real=0.00 secs] 
2447.121: [GC (Allocation Failure) [PSYoungGen: 57216K->1408K(57856K)] 440851K->385043K(559616K), 0.0020278 secs] [Times: user=0.01 sys=0.00, real=0.01 secs] 
2447.399: [GC (Allocation Failure) [PSYoungGen: 57216K->1440K(57856K)] 440851K->385075K(559616K), 0.0021225 secs] [Times: user=0.01 sys=0.00, real=0.00 secs] 
2447.637: [GC (Allocation Failure) [PSYoungGen: 57248K->1376K(57856K)] 440883K->385011K(559616K), 0.0020191 secs] [Times: user=0.00 sys=0.00, real=0.00 secs] 
2447.933: [GC (Allocation Failure) [PSYoungGen: 57165K->1469K(57856K)] 440801K->385104K(559616K), 0.0021022 secs] [Times: user=0.00 sys=0.00, real=0.00 secs] 
2448.276: [GC (Allocation Failure) [PSYoungGen: 57277K->1568K(57856K)] 440912K->385211K(559616K), 0.0017197 secs] [Times: user=0.01 sys=0.00, real=0.00 secs] 
2448.602: [GC (Allocation Failure) [PSYoungGen: 57376K->1565K(57856K)] 441019K->385208K(559616K), 0.0017594 secs] [Times: user=0.01 sys=0.00, real=0.01 secs] 
2448.929: [GC (Allocation Failure) [PSYoungGen: 57373K->1533K(57856K)] 441016K->385176K(559616K), 0.0018079 secs] [Times: user=0.01 sys=0.00, real=0.00 secs] 
2449.313: [GC (Allocation Failure) [PSYoungGen: 57341K->1549K(57856K)] 440984K->385192K(559616K), 0.0017884 secs] [Times: user=0.01 sys=0.00, real=0.00 secs] 
2449.902: [GC (Allocation Failure) [PSYoungGen: 57357K->1440K(57856K)] 441000K->385099K(559616K), 0.0023704 secs] [Times: user=0.01 sys=0.00, real=0.01 secs] 
2450.325: [GC (Allocation Failure) [PSYoungGen: 57248K->1344K(57856K)] 440907K->385003K(559616K), 0.0023989 secs] [Times: user=0.01 sys=0.00, real=0.00 secs] 
2450.549: [GC (Allocation Failure) [PSYoungGen: 57152K->1376K(57856K)] 440811K->385035K(559616K), 0.0021654 secs] [Times: user=0.01 sys=0.00, real=0.00 secs] 
2450.782: [GC (Allocation Failure) [PSYoungGen: 57184K->1376K(57856K)] 440843K->385035K(559616K), 0.0019725 secs] [Times: user=0.01 sys=0.00, real=0.01 secs] 
2451.014: [GC (Allocation Failure) [PSYoungGen: 57184K->1376K(57856K)] 440843K->385035K(559616K), 0.0028040 secs] [Times: user=0.01 sys=0.00, real=0.00 secs] 
2451.380: [GC (Allocation Failure) [PSYoungGen: 57184K->1533K(57856K)] 440843K->385208K(559616K), 0.0017664 secs] [Times: user=0.01 sys=0.00, real=0.00 secs] 
2451.706: [GC (Allocation Failure) [PSYoungGen: 57341K->1581K(57856K)] 441016K->385256K(559616K), 0.0018797 secs] [Times: user=0.01 sys=0.00, real=0.00 secs] 
2452.033: [GC (Allocation Failure) [PSYoungGen: 57389K->1581K(57856K)] 441064K->385256K(559616K), 0.0017205 secs] [Times: user=0.01 sys=0.00, real=0.01 secs] 
2452.360: [GC (Allocation Failure) [PSYoungGen: 57389K->1597K(57856K)] 441064K->385272K(559616K), 0.0017006 secs] [Times: user=0.01 sys=0.00, real=0.00 secs] 
2452.830: [GC (Allocation Failure) [PSYoungGen: 57405K->1504K(57856K)] 441080K->385179K(559616K), 0.0018925 secs] [Times: user=0.01 sys=0.00, real=0.00 secs] 
2453.285: [GC (Allocation Failure) [PSYoungGen: 57312K->1376K(57856K)] 440987K->385051K(559616K), 0.0024851 secs] [Times: user=0.01 sys=0.00, real=0.00 secs] 
2453.507: [GC (Allocation Failure) [PSYoungGen: 57184K->1344K(57856K)] 440859K->385019K(559616K), 0.0021596 secs] [Times: user=0.01 sys=0.00, real=0.00 secs] 
2453.799: [GC (Allocation Failure) [PSYoungGen: 57152K->1408K(57856K)] 440827K->385083K(559616K), 0.0033619 secs] [Times: user=0.01 sys=0.00, real=0.00 secs] 
2454.197: [GC (Allocation Failure) [PSYoungGen: 57216K->1344K(57856K)] 440891K->385019K(559616K), 0.0028345 secs] [Times: user=0.01 sys=0.00, real=0.00 secs] 
2454.680: [GC (Allocation Failure) [PSYoungGen: 57152K->1501K(57856K)] 440827K->385176K(559616K), 0.0017910 secs] [Times: user=0.00 sys=0.00, real=0.00 secs] 
2455.007: [GC (Allocation Failure) [PSYoungGen: 57309K->1613K(57856K)] 440984K->385304K(559616K), 0.0017148 secs] [Times: user=0.01 sys=0.00, real=0.00 secs] 
2455.332: [GC (Allocation Failure) [PSYoungGen: 57421K->1597K(57856K)] 441112K->385288K(559616K), 0.0018023 secs] [Times: user=0.00 sys=0.00, real=0.01 secs] 
2455.664: [GC (Allocation Failure) [PSYoungGen: 57405K->1597K(57856K)] 441096K->385288K(559616K), 0.0016925 secs] [Times: user=0.01 sys=0.00, real=0.00 secs] 
2455.994: [GC (Allocation Failure) [PSYoungGen: 57405K->1597K(57856K)] 441096K->385288K(559616K), 0.0017400 secs] [Times: user=0.01 sys=0.00, real=0.00 secs] 
2456.293: [GC (Allocation Failure) [PSYoungGen: 57405K->1376K(57856K)] 441096K->385067K(559616K), 0.0023530 secs] [Times: user=0.01 sys=0.00, real=0.01 secs] 
2456.615: [GC (Allocation Failure) [PSYoungGen: 57184K->1376K(57856K)] 440875K->385067K(559616K), 0.0021326 secs] [Times: user=0.01 sys=0.00, real=0.00 secs] 
2456.862: [GC (Allocation Failure) [PSYoungGen: 57184K->1424K(57856K)] 440875K->385115K(559616K), 0.0020771 secs] [Times: user=0.01 sys=0.00, real=0.01 secs] 
2457.100: [GC (Allocation Failure) [PSYoungGen: 57232K->1360K(57856K)] 440923K->385051K(559616K), 0.0024493 secs] [Times: user=0.02 sys=0.00, real=0.00 secs] 
2457.374: [GC (Allocation Failure) [PSYoungGen: 57168K->1360K(57856K)] 440859K->385051K(559616K), 0.0021377 secs] [Times: user=0.01 sys=0.00, real=0.00 secs] 
2457.739: [GC (Allocation Failure) [PSYoungGen: 57168K->1565K(57856K)] 440859K->385264K(559616K), 0.0016722 secs] [Times: user=0.01 sys=0.00, real=0.00 secs] 
2458.066: [GC (Allocation Failure) [PSYoungGen: 57373K->1533K(57856K)] 441072K->385232K(559616K), 0.0017903 secs] [Times: user=0.01 sys=0.00, real=0.00 secs] 
2458.392: [GC (Allocation Failure) [PSYoungGen: 57341K->1565K(57856K)] 441040K->385264K(559616K), 0.0018053 secs] [Times: user=0.01 sys=0.00, real=0.01 secs] 
2458.775: [GC (Allocation Failure) [PSYoungGen: 57373K->1533K(57856K)] 441072K->385232K(559616K), 0.0018222 secs] [Times: user=0.00 sys=0.00, real=0.00 secs] 
2459.089: [GC (Allocation Failure) [PSYoungGen: 57341K->1472K(57856K)] 441040K->385171K(559616K), 0.0021361 secs] [Times: user=0.01 sys=0.00, real=0.00 secs] 
2459.321: [GC (Allocation Failure) [PSYoungGen: 57280K->1408K(57856K)] 440979K->385107K(559616K), 0.0020275 secs] [Times: user=0.01 sys=0.00, real=0.01 secs] 
2459.553: [GC (Allocation Failure) [PSYoungGen: 57216K->1344K(57856K)] 440915K->385059K(559616K), 0.0022190 secs] [Times: user=0.01 sys=0.00, real=0.00 secs] 
2459.786: [GC (Allocation Failure) [PSYoungGen: 57152K->1440K(57856K)] 440867K->385155K(559616K), 0.0022657 secs] [Times: user=0.00 sys=0.00, real=0.00 secs] 
2460.020: [GC (Allocation Failure) [PSYoungGen: 57248K->1376K(57856K)] 440963K->385091K(559616K), 0.0021375 secs] [Times: user=0.01 sys=0.00, real=0.00 secs] 
2460.330: [GC (Allocation Failure) [PSYoungGen: 57184K->1501K(57856K)] 440899K->385216K(559616K), 0.0017497 secs] [Times: user=0.00 sys=0.00, real=0.00 secs] 
2460.660: [GC (Allocation Failure) [PSYoungGen: 57309K->1565K(57856K)] 441024K->385296K(559616K), 0.0017906 secs] [Times: user=0.01 sys=0.00, real=0.00 secs] 
2461.044: [GC (Allocation Failure) [PSYoungGen: 57373K->1536K(57856K)] 441104K->385267K(559616K), 0.0017798 secs] [Times: user=0.01 sys=0.00, real=0.00 secs] 
2461.371: [GC (Allocation Failure) [PSYoungGen: 57344K->1565K(57856K)] 441075K->385296K(559616K), 0.0018611 secs] [Times: user=0.01 sys=0.00, real=0.00 secs] 
2461.906: [GC (Allocation Failure) [PSYoungGen: 57373K->2016K(57856K)] 441104K->386259K(559616K), 0.0023489 secs] [Times: user=0.01 sys=0.00, real=0.00 secs] 
2462.447: [GC (Allocation Failure) [PSYoungGen: 57824K->1392K(57856K)] 442067K->385635K(559616K), 0.0027336 secs] [Times: user=0.01 sys=0.00, real=0.00 secs] 
2462.937: [GC (Allocation Failure) [PSYoungGen: 57200K->1376K(57856K)] 441443K->385619K(559616K), 0.0033468 secs] [Times: user=0.01 sys=0.00, real=0.00 secs] 
2463.438: [GC (Allocation Failure) [PSYoungGen: 57184K->1376K(57856K)] 441427K->385619K(559616K), 0.0028169 secs] [Times: user=0.01 sys=0.00, real=0.00 secs] 
2463.994: [GC (Allocation Failure) [PSYoungGen: 57184K->1376K(57856K)] 441427K->385619K(559616K), 0.0028628 secs] [Times: user=0.01 sys=0.00, real=0.00 secs] 
2464.684: [GC (Allocation Failure) [PSYoungGen: 57184K->1469K(57856K)] 441427K->385712K(559616K), 0.0024946 secs] [Times: user=0.01 sys=0.00, real=0.00 secs] 
2465.068: [GC (Allocation Failure) [PSYoungGen: 57277K->1533K(57856K)] 441520K->385784K(559616K), 0.0018017 secs] [Times: user=0.01 sys=0.00, real=0.00 secs] 
2465.394: [GC (Allocation Failure) [PSYoungGen: 57341K->1565K(57856K)] 441592K->385816K(559616K), 0.0017358 secs] [Times: user=0.01 sys=0.01, real=0.00 secs] 
2465.723: [GC (Allocation Failure) [PSYoungGen: 57373K->1501K(57856K)] 441624K->385752K(559616K), 0.0018356 secs] [Times: user=0.01 sys=0.00, real=0.00 secs] 
2466.050: [GC (Allocation Failure) [PSYoungGen: 57309K->1565K(57856K)] 441560K->385816K(559616K), 0.0018712 secs] [Times: user=0.01 sys=0.00, real=0.00 secs] 
2466.583: [GC (Allocation Failure) [PSYoungGen: 57373K->1408K(57856K)] 441624K->385659K(559616K), 0.0022918 secs] [Times: user=0.00 sys=0.00, real=0.00 secs] 
2467.139: [GC (Allocation Failure) [PSYoungGen: 57216K->1408K(57856K)] 441467K->385659K(559616K), 0.0021570 secs] [Times: user=0.01 sys=0.00, real=0.00 secs] 
2467.429: [GC (Allocation Failure) [PSYoungGen: 57216K->1408K(57856K)] 441467K->385659K(559616K), 0.0022454 secs] [Times: user=0.01 sys=0.00, real=0.00 secs] 
2467.662: [GC (Allocation Failure) [PSYoungGen: 57216K->1408K(57856K)] 441467K->385659K(559616K), 0.0020643 secs] [Times: user=0.01 sys=0.00, real=0.01 secs] 
2467.897: [GC (Allocation Failure) [PSYoungGen: 57216K->1408K(57856K)] 441467K->385659K(559616K), 0.0019843 secs] [Times: user=0.01 sys=0.00, real=0.00 secs] 
2468.217: [GC (Allocation Failure) [PSYoungGen: 57216K->1501K(57856K)] 441467K->385760K(559616K), 0.0016958 secs] [Times: user=0.00 sys=0.00, real=0.00 secs] 
2468.544: [GC (Allocation Failure) [PSYoungGen: 57309K->1568K(57856K)] 441568K->385827K(559616K), 0.0017079 secs] [Times: user=0.01 sys=0.00, real=0.00 secs] 
2468.870: [GC (Allocation Failure) [PSYoungGen: 57376K->1597K(57856K)] 441635K->385856K(559616K), 0.0018110 secs] [Times: user=0.01 sys=0.00, real=0.00 secs] 
2469.197: [GC (Allocation Failure) [PSYoungGen: 57405K->1565K(57856K)] 441664K->385824K(559616K), 0.0017678 secs] [Times: user=0.01 sys=0.00, real=0.00 secs] 
2469.630: [GC (Allocation Failure) [PSYoungGen: 57373K->1472K(57856K)] 441632K->385731K(559616K), 0.0018599 secs] [Times: user=0.01 sys=0.00, real=0.00 secs] 
2470.218: [GC (Allocation Failure) [PSYoungGen: 57280K->1408K(57856K)] 441539K->385667K(559616K), 0.0028899 secs] [Times: user=0.02 sys=0.00, real=0.00 secs] 
2470.921: [GC (Allocation Failure) [PSYoungGen: 57216K->1376K(57856K)] 441475K->385643K(559616K), 0.0044407 secs] [Times: user=0.02 sys=0.00, real=0.01 secs] 
2471.455: [GC (Allocation Failure) [PSYoungGen: 57184K->1376K(57856K)] 441451K->385643K(559616K), 0.0036012 secs] [Times: user=0.02 sys=0.00, real=0.00 secs] 
2472.051: [GC (Allocation Failure) [PSYoungGen: 57184K->1424K(57856K)] 441451K->385691K(559616K), 0.0031011 secs] [Times: user=0.01 sys=0.00, real=0.01 secs] 
2472.610: [GC (Allocation Failure) [PSYoungGen: 57232K->1485K(57856K)] 441499K->385752K(559616K), 0.0019921 secs] [Times: user=0.01 sys=0.00, real=0.00 secs] 
2473.013: [GC (Allocation Failure) [PSYoungGen: 57293K->1565K(57856K)] 441560K->385840K(559616K), 0.0017798 secs] [Times: user=0.01 sys=0.00, real=0.00 secs] 
2473.400: [GC (Allocation Failure) [PSYoungGen: 57373K->1565K(57856K)] 441648K->385840K(559616K), 0.0019284 secs] [Times: user=0.01 sys=0.00, real=0.00 secs] 
2473.788: [GC (Allocation Failure) [PSYoungGen: 57373K->1536K(57856K)] 441648K->385811K(559616K), 0.0019535 secs] [Times: user=0.00 sys=0.00, real=0.00 secs] 
2474.116: [GC (Allocation Failure) [PSYoungGen: 57320K->1533K(57856K)] 441596K->385808K(559616K), 0.0017112 secs] [Times: user=0.01 sys=0.00, real=0.00 secs] 
2474.870: [GC (Allocation Failure) [PSYoungGen: 57341K->1376K(57856K)] 441616K->385651K(559616K), 0.0039244 secs] [Times: user=0.02 sys=0.00, real=0.01 secs] 
2475.274: [GC (Allocation Failure) [PSYoungGen: 57184K->1392K(57856K)] 441459K->385667K(559616K), 0.0027867 secs] [Times: user=0.01 sys=0.00, real=0.00 secs] 
2475.628: [GC (Allocation Failure) [PSYoungGen: 57200K->1408K(57856K)] 441475K->385683K(559616K), 0.0035952 secs] [Times: user=0.01 sys=0.00, real=0.00 secs] 
2476.078: [GC (Allocation Failure) [PSYoungGen: 57216K->1440K(57856K)] 441491K->385715K(559616K), 0.0023851 secs] [Times: user=0.01 sys=0.01, real=0.00 secs] 
2476.633: [GC (Allocation Failure) [PSYoungGen: 57248K->1408K(57856K)] 441523K->385683K(559616K), 0.0024730 secs] [Times: user=0.01 sys=0.00, real=0.01 secs] 
2477.120: [GC (Allocation Failure) [PSYoungGen: 57216K->1533K(57856K)] 441491K->385824K(559616K), 0.0016404 secs] [Times: user=0.00 sys=0.00, real=0.00 secs] 
2477.446: [GC (Allocation Failure) [PSYoungGen: 57341K->1581K(57856K)] 441632K->385872K(559616K), 0.0017540 secs] [Times: user=0.00 sys=0.00, real=0.00 secs] 
2477.776: [GC (Allocation Failure) [PSYoungGen: 57389K->1597K(57856K)] 441680K->385888K(559616K), 0.0016915 secs] [Times: user=0.01 sys=0.00, real=0.00 secs] 
2478.103: [GC (Allocation Failure) [PSYoungGen: 57384K->1581K(57856K)] 441676K->385872K(559616K), 0.0016807 secs] [Times: user=0.01 sys=0.00, real=0.00 secs] 
2478.466: [GC (Allocation Failure) [PSYoungGen: 57389K->1472K(57856K)] 441680K->385763K(559616K), 0.0020804 secs] [Times: user=0.01 sys=0.00, real=0.00 secs] 
2478.705: [GC (Allocation Failure) [PSYoungGen: 57280K->1408K(57856K)] 441571K->385699K(559616K), 0.0019893 secs] [Times: user=0.01 sys=0.00, real=0.00 secs] 
2478.937: [GC (Allocation Failure) [PSYoungGen: 57216K->1392K(57856K)] 441507K->385683K(559616K), 0.0019719 secs] [Times: user=0.01 sys=0.00, real=0.00 secs] 
2479.370: [GC (Allocation Failure) [PSYoungGen: 57200K->1440K(57856K)] 441491K->385731K(559616K), 0.0023610 secs] [Times: user=0.01 sys=0.00, real=0.00 secs] 
2480.141: [GC (Allocation Failure) [PSYoungGen: 57248K->1408K(57856K)] 441539K->385699K(559616K), 0.0028781 secs] [Times: user=0.01 sys=0.00, real=0.01 secs] 
2480.722: [GC (Allocation Failure) [PSYoungGen: 57216K->1501K(57856K)] 441507K->385792K(559616K), 0.0017430 secs] [Times: user=0.01 sys=0.00, real=0.01 secs] 
2481.051: [GC (Allocation Failure) [PSYoungGen: 57309K->1565K(57856K)] 441600K->385880K(559616K), 0.0016921 secs] [Times: user=0.01 sys=0.00, real=0.00 secs] 
2481.377: [GC (Allocation Failure) [PSYoungGen: 57373K->1533K(57856K)] 441688K->385848K(559616K), 0.0017694 secs] [Times: user=0.01 sys=0.00, real=0.00 secs] 
2481.706: [GC (Allocation Failure) [PSYoungGen: 57341K->1533K(57856K)] 441656K->385848K(559616K), 0.0018437 secs] [Times: user=0.01 sys=0.00, real=0.00 secs] 
2482.192: [GC (Allocation Failure) [PSYoungGen: 57341K->1744K(57856K)] 441656K->387083K(559616K), 0.0018996 secs] [Times: user=0.01 sys=0.00, real=0.01 secs] 
2483.350: [GC (Allocation Failure) [PSYoungGen: 57552K->1328K(57856K)] 442891K->386667K(559616K), 0.0026660 secs] [Times: user=0.01 sys=0.00, real=0.00 secs] 
2483.566: [GC (Allocation Failure) [PSYoungGen: 57136K->1344K(57856K)] 442475K->386683K(559616K), 0.0019788 secs] [Times: user=0.00 sys=0.00, real=0.00 secs] 
2483.799: [GC (Allocation Failure) [PSYoungGen: 57152K->1376K(57856K)] 442491K->386715K(559616K), 0.0021233 secs] [Times: user=0.01 sys=0.00, real=0.00 secs] 
2484.032: [GC (Allocation Failure) [PSYoungGen: 57184K->1376K(57856K)] 442523K->386715K(559616K), 0.0019958 secs] [Times: user=0.01 sys=0.00, real=0.01 secs] 
2484.330: [GC (Allocation Failure) [PSYoungGen: 57165K->1504K(57856K)] 442505K->386843K(559616K), 0.0016121 secs] [Times: user=0.01 sys=0.00, real=0.00 secs] 
2484.659: [GC (Allocation Failure) [PSYoungGen: 57297K->1565K(57856K)] 442637K->386920K(559616K), 0.0017083 secs] [Times: user=0.00 sys=0.00, real=0.00 secs] 
2484.984: [GC (Allocation Failure) [PSYoungGen: 57373K->1597K(57856K)] 442728K->386952K(559616K), 0.0017706 secs] [Times: user=0.00 sys=0.00, real=0.00 secs] 
2485.312: [GC (Allocation Failure) [PSYoungGen: 57405K->1536K(57856K)] 442760K->386891K(559616K), 0.0017402 secs] [Times: user=0.01 sys=0.00, real=0.01 secs] 
2485.641: [GC (Allocation Failure) [PSYoungGen: 57344K->1536K(57856K)] 442699K->386891K(559616K), 0.0017348 secs] [Times: user=0.01 sys=0.00, real=0.00 secs] 
2485.914: [GC (Allocation Failure) [PSYoungGen: 57344K->1472K(57856K)] 442699K->386827K(559616K), 0.0016248 secs] [Times: user=0.00 sys=0.00, real=0.00 secs] 
2486.145: [GC (Allocation Failure) [PSYoungGen: 57280K->1408K(57856K)] 442635K->386763K(559616K), 0.0016246 secs] [Times: user=0.00 sys=0.00, real=0.00 secs] 
2486.377: [GC (Allocation Failure) [PSYoungGen: 57216K->1408K(57856K)] 442571K->386763K(559616K), 0.0015971 secs] [Times: user=0.00 sys=0.00, real=0.00 secs] 
2486.611: [GC (Allocation Failure) [PSYoungGen: 57216K->1376K(57856K)] 442571K->386731K(559616K), 0.0032676 secs] [Times: user=0.02 sys=0.00, real=0.01 secs] 
2486.844: [GC (Allocation Failure) [PSYoungGen: 57184K->1344K(57856K)] 442539K->386699K(559616K), 0.0029871 secs] [Times: user=0.01 sys=0.00, real=0.00 secs] 
2487.251: [GC (Allocation Failure) [PSYoungGen: 57152K->1533K(57856K)] 442507K->386904K(559616K), 0.0017487 secs] [Times: user=0.00 sys=0.00, real=0.01 secs] 
2487.579: [GC (Allocation Failure) [PSYoungGen: 57334K->1549K(57856K)] 442706K->386920K(559616K), 0.0017273 secs] [Times: user=0.00 sys=0.00, real=0.00 secs] 
2487.905: [GC (Allocation Failure) [PSYoungGen: 57357K->1565K(57856K)] 442728K->386936K(559616K), 0.0019219 secs] [Times: user=0.01 sys=0.00, real=0.00 secs] 
2488.234: [GC (Allocation Failure) [PSYoungGen: 57373K->1565K(57856K)] 442744K->386936K(559616K), 0.0016529 secs] [Times: user=0.01 sys=0.00, real=0.00 secs] 
2488.631: [GC (Allocation Failure) [PSYoungGen: 57373K->1472K(57856K)] 442744K->386843K(559616K), 0.0021038 secs] [Times: user=0.01 sys=0.00, real=0.01 secs] 
2489.109: [GC (Allocation Failure) [PSYoungGen: 57280K->1376K(57856K)] 442651K->386747K(559616K), 0.0020006 secs] [Times: user=0.01 sys=0.00, real=0.00 secs] 
2489.576: [GC (Allocation Failure) [PSYoungGen: 57184K->1376K(57856K)] 442555K->386747K(559616K), 0.0022525 secs] [Times: user=0.01 sys=0.00, real=0.00 secs] 
2490.079: [GC (Allocation Failure) [PSYoungGen: 57184K->1376K(57856K)] 442555K->386771K(559616K), 0.0023179 secs] [Times: user=0.01 sys=0.00, real=0.00 secs] 
2490.483: [GC (Allocation Failure) [PSYoungGen: 57184K->1376K(57856K)] 442579K->386771K(559616K), 0.0025668 secs] [Times: user=0.01 sys=0.00, real=0.00 secs] 
2490.881: [GC (Allocation Failure) [PSYoungGen: 57184K->1469K(57856K)] 442579K->386864K(559616K), 0.0017580 secs] [Times: user=0.00 sys=0.00, real=0.00 secs] 
2491.210: [GC (Allocation Failure) [PSYoungGen: 57277K->1501K(57856K)] 442672K->386904K(559616K), 0.0018200 secs] [Times: user=0.01 sys=0.00, real=0.00 secs] 
2491.538: [GC (Allocation Failure) [PSYoungGen: 57309K->1533K(57856K)] 442712K->386936K(559616K), 0.0017228 secs] [Times: user=0.01 sys=0.00, real=0.00 secs] 
2491.863: [GC (Allocation Failure) [PSYoungGen: 57341K->1520K(57856K)] 442744K->386923K(559616K), 0.0017217 secs] [Times: user=0.01 sys=0.00, real=0.01 secs] 
2492.254: [GC (Allocation Failure) [PSYoungGen: 57328K->1597K(57856K)] 442731K->387000K(559616K), 0.0018795 secs] [Times: user=0.00 sys=0.00, real=0.00 secs] 
2492.704: [GC (Allocation Failure) [PSYoungGen: 57405K->1440K(57856K)] 442808K->386843K(559616K), 0.0022132 secs] [Times: user=0.01 sys=0.00, real=0.00 secs] 
2493.147: [GC (Allocation Failure) [PSYoungGen: 57248K->1344K(57856K)] 442651K->386755K(559616K), 0.0023362 secs] [Times: user=0.01 sys=0.00, real=0.00 secs] 
2493.601: [GC (Allocation Failure) [PSYoungGen: 57152K->1344K(57856K)] 442563K->386755K(559616K), 0.0024375 secs] [Times: user=0.01 sys=0.00, real=0.01 secs] 
2494.000: [GC (Allocation Failure) [PSYoungGen: 57152K->1408K(57856K)] 442563K->386819K(559616K), 0.0022165 secs] [Times: user=0.01 sys=0.00, real=0.00 secs] 
2494.325: [GC (Allocation Failure) [PSYoungGen: 57216K->1376K(57856K)] 442627K->386787K(559616K), 0.0023131 secs] [Times: user=0.01 sys=0.00, real=0.00 secs] 
2494.702: [GC (Allocation Failure) [PSYoungGen: 57184K->1517K(57856K)] 442595K->386944K(559616K), 0.0017158 secs] [Times: user=0.01 sys=0.00, real=0.01 secs] 
2495.029: [GC (Allocation Failure) [PSYoungGen: 57318K->1565K(57856K)] 442746K->386992K(559616K), 0.0018108 secs] [Times: user=0.01 sys=0.00, real=0.00 secs] 
2495.355: [GC (Allocation Failure) [PSYoungGen: 57373K->1581K(57856K)] 442800K->387008K(559616K), 0.0017223 secs] [Times: user=0.01 sys=0.00, real=0.00 secs] 
2495.684: [GC (Allocation Failure) [PSYoungGen: 57389K->1597K(57856K)] 442816K->387024K(559616K), 0.0018044 secs] [Times: user=0.01 sys=0.00, real=0.00 secs] 
2496.010: [GC (Allocation Failure) [PSYoungGen: 57405K->1488K(57856K)] 442832K->386915K(559616K), 0.0020366 secs] [Times: user=0.01 sys=0.00, real=0.00 secs] 
2496.305: [GC (Allocation Failure) [PSYoungGen: 57296K->1376K(57856K)] 442723K->386803K(559616K), 0.0020310 secs] [Times: user=0.01 sys=0.00, real=0.00 secs] 
2496.758: [GC (Allocation Failure) [PSYoungGen: 57184K->1376K(57856K)] 442611K->386803K(559616K), 0.0041395 secs] [Times: user=0.01 sys=0.00, real=0.00 secs] 
2497.277: [GC (Allocation Failure) [PSYoungGen: 57184K->1408K(57856K)] 442611K->386835K(559616K), 0.0030244 secs] [Times: user=0.02 sys=0.00, real=0.00 secs] 
2497.880: [GC (Allocation Failure) [PSYoungGen: 57216K->1424K(57856K)] 442643K->386851K(559616K), 0.0039566 secs] [Times: user=0.02 sys=0.00, real=0.01 secs] 
2498.506: [GC (Allocation Failure) [PSYoungGen: 57232K->1501K(57856K)] 442659K->386928K(559616K), 0.0017718 secs] [Times: user=0.01 sys=0.00, real=0.00 secs] 
2498.834: [GC (Allocation Failure) [PSYoungGen: 57309K->1581K(57856K)] 442736K->387024K(559616K), 0.0017306 secs] [Times: user=0.01 sys=0.00, real=0.00 secs] 
2499.160: [GC (Allocation Failure) [PSYoungGen: 57389K->1597K(57856K)] 442832K->387040K(559616K), 0.0017772 secs] [Times: user=0.01 sys=0.00, real=0.00 secs] 
2499.487: [GC (Allocation Failure) [PSYoungGen: 57405K->1536K(57856K)] 442848K->386979K(559616K), 0.0017901 secs] [Times: user=0.01 sys=0.00, real=0.00 secs] 
2499.879: [GC (Allocation Failure) [PSYoungGen: 57344K->2016K(57856K)] 442787K->387971K(559616K), 0.0019909 secs] [Times: user=0.01 sys=0.00, real=0.00 secs] 
2500.451: [GC (Allocation Failure) [PSYoungGen: 57824K->1424K(57856K)] 443779K->387379K(559616K), 0.0019895 secs] [Times: user=0.01 sys=0.01, real=0.01 secs] 
2501.015: [GC (Allocation Failure) [PSYoungGen: 57232K->1376K(57856K)] 443187K->387331K(559616K), 0.0041033 secs] [Times: user=0.02 sys=0.00, real=0.00 secs] 
2501.358: [GC (Allocation Failure) [PSYoungGen: 57184K->1344K(57856K)] 443139K->387315K(559616K), 0.0022674 secs] [Times: user=0.01 sys=0.00, real=0.00 secs] 
2501.643: [GC (Allocation Failure) [PSYoungGen: 57152K->1376K(57856K)] 443123K->387347K(559616K), 0.0020110 secs] [Times: user=0.00 sys=0.00, real=0.00 secs] 
2502.121: [GC (Allocation Failure) [PSYoungGen: 57184K->1469K(57856K)] 443155K->387440K(559616K), 0.0022303 secs] [Times: user=0.01 sys=0.01, real=0.01 secs] 
2502.462: [GC (Allocation Failure) [PSYoungGen: 57277K->1565K(57856K)] 443248K->387552K(559616K), 0.0017573 secs] [Times: user=0.01 sys=0.00, real=0.01 secs] 
2502.788: [GC (Allocation Failure) [PSYoungGen: 57373K->1597K(57856K)] 443360K->387584K(559616K), 0.0018272 secs] [Times: user=0.01 sys=0.00, real=0.00 secs] 
2503.120: [GC (Allocation Failure) [PSYoungGen: 57405K->1517K(57856K)] 443392K->387504K(559616K), 0.0017152 secs] [Times: user=0.00 sys=0.00, real=0.00 secs] 
2503.446: [GC (Allocation Failure) [PSYoungGen: 57325K->1597K(57856K)] 443312K->387584K(559616K), 0.0017783 secs] [Times: user=0.00 sys=0.00, real=0.00 secs] 
2503.725: [GC (Allocation Failure) [PSYoungGen: 57405K->1408K(57856K)] 443392K->387395K(559616K), 0.0020025 secs] [Times: user=0.01 sys=0.00, real=0.00 secs] 
2503.957: [GC (Allocation Failure) [PSYoungGen: 57216K->1408K(57856K)] 443203K->387395K(559616K), 0.0018172 secs] [Times: user=0.01 sys=0.00, real=0.00 secs] 
2504.188: [GC (Allocation Failure) [PSYoungGen: 57216K->1408K(57856K)] 443203K->387395K(559616K), 0.0018560 secs] [Times: user=0.01 sys=0.00, real=0.00 secs] 
2504.420: [GC (Allocation Failure) [PSYoungGen: 57216K->1344K(57856K)] 443203K->387331K(559616K), 0.0018552 secs] [Times: user=0.01 sys=0.00, real=0.00 secs] 
2504.785: [GC (Allocation Failure) [PSYoungGen: 57152K->1408K(57856K)] 443139K->387395K(559616K), 0.0019157 secs] [Times: user=0.00 sys=0.00, real=0.00 secs] 
2505.159: [GC (Allocation Failure) [PSYoungGen: 57216K->1501K(57856K)] 443203K->387496K(559616K), 0.0017681 secs] [Times: user=0.00 sys=0.00, real=0.00 secs] 
2505.486: [GC (Allocation Failure) [PSYoungGen: 57301K->1549K(57856K)] 443296K->387544K(559616K), 0.0017363 secs] [Times: user=0.00 sys=0.00, real=0.00 secs] 
2505.814: [GC (Allocation Failure) [PSYoungGen: 57357K->1568K(57856K)] 443352K->387563K(559616K), 0.0016682 secs] [Times: user=0.00 sys=0.00, real=0.00 secs] 
2506.202: [GC (Allocation Failure) [PSYoungGen: 57376K->1565K(57856K)] 443371K->387560K(559616K), 0.0017737 secs] [Times: user=0.01 sys=0.00, real=0.01 secs] 
2506.569: [GC (Allocation Failure) [PSYoungGen: 57373K->1472K(57856K)] 443368K->387467K(559616K), 0.0021036 secs] [Times: user=0.00 sys=0.00, real=0.00 secs] 
2507.131: [GC (Allocation Failure) [PSYoungGen: 57280K->1376K(57856K)] 443275K->387371K(559616K), 0.0024590 secs] [Times: user=0.01 sys=0.00, real=0.01 secs] 
2507.702: [GC (Allocation Failure) [PSYoungGen: 57184K->1408K(57856K)] 443179K->387403K(559616K), 0.0028678 secs] [Times: user=0.01 sys=0.00, real=0.01 secs] 
2508.212: [GC (Allocation Failure) [PSYoungGen: 57216K->1408K(57856K)] 443211K->387403K(559616K), 0.0030344 secs] [Times: user=0.02 sys=0.00, real=0.01 secs] 
2508.623: [GC (Allocation Failure) [PSYoungGen: 57216K->1376K(57856K)] 443211K->387371K(559616K), 0.0029316 secs] [Times: user=0.01 sys=0.00, real=0.00 secs] 
2509.127: [GC (Allocation Failure) [PSYoungGen: 57184K->1485K(57856K)] 443179K->387480K(559616K), 0.0019696 secs] [Times: user=0.01 sys=0.00, real=0.00 secs] 
2509.457: [GC (Allocation Failure) [PSYoungGen: 57293K->1565K(57856K)] 443288K->387576K(559616K), 0.0016779 secs] [Times: user=0.00 sys=0.00, real=0.00 secs] 
2509.784: [GC (Allocation Failure) [PSYoungGen: 57373K->1581K(57856K)] 443384K->387592K(559616K), 0.0017541 secs] [Times: user=0.00 sys=0.00, real=0.00 secs] 
2510.111: [GC (Allocation Failure) [PSYoungGen: 57389K->1613K(57856K)] 443400K->387624K(559616K), 0.0017285 secs] [Times: user=0.00 sys=0.00, real=0.00 secs] 
2510.441: [GC (Allocation Failure) [PSYoungGen: 57421K->1597K(57856K)] 443432K->387608K(559616K), 0.0017246 secs] [Times: user=0.01 sys=0.00, real=0.00 secs] 
2510.708: [GC (Allocation Failure) [PSYoungGen: 57405K->1376K(57856K)] 443416K->387403K(559616K), 0.0027177 secs] [Times: user=0.01 sys=0.00, real=0.00 secs] 
2510.941: [GC (Allocation Failure) [PSYoungGen: 57184K->1344K(57856K)] 443211K->387371K(559616K), 0.0020727 secs] [Times: user=0.00 sys=0.00, real=0.00 secs] 
2511.173: [GC (Allocation Failure) [PSYoungGen: 57152K->1376K(57856K)] 443179K->387403K(559616K), 0.0019551 secs] [Times: user=0.01 sys=0.00, real=0.01 secs] 
2511.405: [GC (Allocation Failure) [PSYoungGen: 57184K->1376K(57856K)] 443211K->387403K(559616K), 0.0019945 secs] [Times: user=0.01 sys=0.00, real=0.00 secs] 
2511.637: [GC (Allocation Failure) [PSYoungGen: 57184K->1408K(57856K)] 443211K->387435K(559616K), 0.0019838 secs] [Times: user=0.01 sys=0.00, real=0.00 secs] 
2511.964: [GC (Allocation Failure) [PSYoungGen: 57216K->1533K(57856K)] 443243K->387568K(559616K), 0.0017143 secs] [Times: user=0.00 sys=0.00, real=0.00 secs] 
2512.291: [GC (Allocation Failure) [PSYoungGen: 57341K->1565K(57856K)] 443376K->387600K(559616K), 0.0017703 secs] [Times: user=0.01 sys=0.00, real=0.00 secs] 
2512.620: [GC (Allocation Failure) [PSYoungGen: 57373K->1533K(57856K)] 443408K->387568K(559616K), 0.0017108 secs] [Times: user=0.00 sys=0.00, real=0.00 secs] 
2512.946: [GC (Allocation Failure) [PSYoungGen: 57341K->1533K(57856K)] 443376K->387568K(559616K), 0.0017320 secs] [Times: user=0.01 sys=0.00, real=0.00 secs] 
2513.246: [GC (Allocation Failure) [PSYoungGen: 57341K->1456K(57856K)] 443376K->387491K(559616K), 0.0019675 secs] [Times: user=0.00 sys=0.00, real=0.00 secs] 
2513.478: [GC (Allocation Failure) [PSYoungGen: 57264K->1408K(57856K)] 443299K->387443K(559616K), 0.0018740 secs] [Times: user=0.01 sys=0.00, real=0.00 secs] 
2513.757: [GC (Allocation Failure) [PSYoungGen: 57216K->1440K(57856K)] 443251K->387475K(559616K), 0.0018329 secs] [Times: user=0.01 sys=0.00, real=0.00 secs] 
2514.129: [GC (Allocation Failure) [PSYoungGen: 57248K->1376K(57856K)] 443283K->387411K(559616K), 0.0018261 secs] [Times: user=0.01 sys=0.00, real=0.00 secs] 
2514.525: [GC (Allocation Failure) [PSYoungGen: 57184K->1376K(57856K)] 443219K->387411K(559616K), 0.0018704 secs] [Times: user=0.00 sys=0.00, real=0.00 secs] 
2515.086: [GC (Allocation Failure) [PSYoungGen: 57184K->1517K(57856K)] 443219K->387552K(559616K), 0.0016339 secs] [Times: user=0.01 sys=0.00, real=0.00 secs] 
2515.411: [GC (Allocation Failure) [PSYoungGen: 57325K->1597K(57856K)] 443360K->387640K(559616K), 0.0016949 secs] [Times: user=0.01 sys=0.00, real=0.00 secs] 
2515.737: [GC (Allocation Failure) [PSYoungGen: 57405K->1613K(57856K)] 443448K->387656K(559616K), 0.0017989 secs] [Times: user=0.01 sys=0.00, real=0.00 secs] 
2516.069: [GC (Allocation Failure) [PSYoungGen: 57421K->1597K(57856K)] 443464K->387640K(559616K), 0.0016064 secs] [Times: user=0.01 sys=0.00, real=0.00 secs] 
2516.443: [GC (Allocation Failure) [PSYoungGen: 57405K->1984K(57856K)] 443448K->388027K(559616K), 0.0021017 secs] [Times: user=0.01 sys=0.00, real=0.00 secs] 
2516.887: [GC (Allocation Failure) [PSYoungGen: 57792K->1360K(57856K)] 443835K->387403K(559616K), 0.0033236 secs] [Times: user=0.02 sys=0.00, real=0.00 secs] 
2517.302: [GC (Allocation Failure) [PSYoungGen: 57168K->1376K(57856K)] 443211K->387419K(559616K), 0.0027981 secs] [Times: user=0.02 sys=0.00, real=0.01 secs] 
2517.668: [GC (Allocation Failure) [PSYoungGen: 57184K->1408K(57856K)] 443227K->387451K(559616K), 0.0027718 secs] [Times: user=0.01 sys=0.00, real=0.00 secs] 
2518.064: [GC (Allocation Failure) [PSYoungGen: 57216K->1376K(57856K)] 443259K->387419K(559616K), 0.0025318 secs] [Times: user=0.01 sys=0.00, real=0.00 secs] 
2518.517: [GC (Allocation Failure) [PSYoungGen: 57184K->1469K(57856K)] 443227K->387512K(559616K), 0.0023021 secs] [Times: user=0.01 sys=0.00, real=0.00 secs] 
2518.873: [GC (Allocation Failure) [PSYoungGen: 57277K->1581K(57856K)] 443320K->387632K(559616K), 0.0019673 secs] [Times: user=0.01 sys=0.00, real=0.00 secs] 
2519.199: [GC (Allocation Failure) [PSYoungGen: 57389K->1517K(57856K)] 443440K->387568K(559616K), 0.0017379 secs] [Times: user=0.01 sys=0.00, real=0.00 secs] 
2519.526: [GC (Allocation Failure) [PSYoungGen: 57325K->1565K(57856K)] 443376K->387616K(559616K), 0.0017512 secs] [Times: user=0.01 sys=0.00, real=0.00 secs] 
2519.854: [GC (Allocation Failure) [PSYoungGen: 57373K->1597K(57856K)] 443424K->387648K(559616K), 0.0016530 secs] [Times: user=0.01 sys=0.00, real=0.00 secs] 
2520.166: [GC (Allocation Failure) [PSYoungGen: 57405K->1456K(57856K)] 443456K->387507K(559616K), 0.0018703 secs] [Times: user=0.01 sys=0.00, real=0.00 secs] 
2520.423: [GC (Allocation Failure) [PSYoungGen: 57264K->1440K(57856K)] 443315K->387515K(559616K), 0.0019572 secs] [Times: user=0.01 sys=0.00, real=0.00 secs] 
2520.658: [GC (Allocation Failure) [PSYoungGen: 57248K->1440K(57856K)] 443323K->387515K(559616K), 0.0019693 secs] [Times: user=0.01 sys=0.00, real=0.00 secs] 
2521.086: [GC (Allocation Failure) [PSYoungGen: 57248K->1408K(57856K)] 443323K->387483K(559616K), 0.0022369 secs] [Times: user=0.01 sys=0.00, real=0.00 secs] 
2521.529: [GC (Allocation Failure) [PSYoungGen: 57216K->1408K(57856K)] 443291K->387483K(559616K), 0.0023076 secs] [Times: user=0.01 sys=0.00, real=0.00 secs] 
2522.040: [GC (Allocation Failure) [PSYoungGen: 57216K->1501K(57856K)] 443291K->387584K(559616K), 0.0017541 secs] [Times: user=0.00 sys=0.00, real=0.00 secs] 
2522.365: [GC (Allocation Failure) [PSYoungGen: 57309K->1565K(57856K)] 443392K->387648K(559616K), 0.0017217 secs] [Times: user=0.01 sys=0.00, real=0.00 secs] 
2522.691: [GC (Allocation Failure) [PSYoungGen: 57373K->1568K(57856K)] 443456K->387651K(559616K), 0.0017551 secs] [Times: user=0.01 sys=0.00, real=0.00 secs] 
2523.017: [GC (Allocation Failure) [PSYoungGen: 57376K->1632K(57856K)] 443459K->387715K(559616K), 0.0018298 secs] [Times: user=0.01 sys=0.00, real=0.00 secs] 
2523.339: [GC (Allocation Failure) [PSYoungGen: 57440K->1472K(57856K)] 443523K->387555K(559616K), 0.0021620 secs] [Times: user=0.01 sys=0.00, real=0.00 secs] 
2523.762: [GC (Allocation Failure) [PSYoungGen: 57280K->1376K(57856K)] 443363K->387459K(559616K), 0.0033389 secs] [Times: user=0.01 sys=0.00, real=0.01 secs] 
2524.235: [GC (Allocation Failure) [PSYoungGen: 57184K->1360K(57856K)] 443267K->387443K(559616K), 0.0032085 secs] [Times: user=0.02 sys=0.00, real=0.00 secs] 
2524.703: [GC (Allocation Failure) [PSYoungGen: 57168K->1376K(57856K)] 443251K->387459K(559616K), 0.0026021 secs] [Times: user=0.01 sys=0.00, real=0.00 secs] 
2525.148: [GC (Allocation Failure) [PSYoungGen: 57184K->1408K(57856K)] 443267K->387491K(559616K), 0.0025594 secs] [Times: user=0.01 sys=0.00, real=0.00 secs] 
2525.631: [GC (Allocation Failure) [PSYoungGen: 57216K->1437K(57856K)] 443299K->387520K(559616K), 0.0016952 secs] [Times: user=0.00 sys=0.00, real=0.00 secs] 
2525.957: [GC (Allocation Failure) [PSYoungGen: 57245K->1549K(57856K)] 443328K->387640K(559616K), 0.0017268 secs] [Times: user=0.01 sys=0.00, real=0.00 secs] 
2526.286: [GC (Allocation Failure) [PSYoungGen: 57357K->1536K(57856K)] 443448K->387627K(559616K), 0.0017195 secs] [Times: user=0.00 sys=0.00, real=0.00 secs] 
2526.614: [GC (Allocation Failure) [PSYoungGen: 57344K->1597K(57856K)] 443435K->387688K(559616K), 0.0017133 secs] [Times: user=0.01 sys=0.00, real=0.00 secs] 
2526.942: [GC (Allocation Failure) [PSYoungGen: 57405K->1629K(57856K)] 443496K->387720K(559616K), 0.0017388 secs] [Times: user=0.00 sys=0.00, real=0.01 secs] 
2527.284: [GC (Allocation Failure) [PSYoungGen: 57437K->1424K(57856K)] 443528K->387515K(559616K), 0.0020725 secs] [Times: user=0.01 sys=0.00, real=0.00 secs] 
2527.570: [GC (Allocation Failure) [PSYoungGen: 57232K->1376K(57856K)] 443323K->387467K(559616K), 0.0018706 secs] [Times: user=0.01 sys=0.00, real=0.00 secs] 
2527.858: [GC (Allocation Failure) [PSYoungGen: 57184K->1408K(57856K)] 443275K->387499K(559616K), 0.0021237 secs] [Times: user=0.01 sys=0.00, real=0.00 secs] 
2528.130: [GC (Allocation Failure) [PSYoungGen: 57216K->1376K(57856K)] 443307K->387467K(559616K), 0.0025754 secs] [Times: user=0.01 sys=0.00, real=0.00 secs] 
2528.367: [GC (Allocation Failure) [PSYoungGen: 57184K->1376K(57856K)] 443275K->387467K(559616K), 0.0021997 secs] [Times: user=0.01 sys=0.00, real=0.00 secs] 
2528.757: [GC (Allocation Failure) [PSYoungGen: 57154K->1549K(57856K)] 443246K->387648K(559616K), 0.0017322 secs] [Times: user=0.00 sys=0.00, real=0.00 secs] 
2529.086: [GC (Allocation Failure) [PSYoungGen: 57357K->1565K(57856K)] 443456K->387664K(559616K), 0.0018253 secs] [Times: user=0.01 sys=0.00, real=0.00 secs] 
2529.412: [GC (Allocation Failure) [PSYoungGen: 57373K->1565K(57856K)] 443472K->387664K(559616K), 0.0018458 secs] [Times: user=0.01 sys=0.00, real=0.01 secs] 
2529.740: [GC (Allocation Failure) [PSYoungGen: 57373K->1565K(57856K)] 443472K->387664K(559616K), 0.0017080 secs] [Times: user=0.01 sys=0.00, real=0.00 secs] 
2530.084: [GC (Allocation Failure) [PSYoungGen: 57373K->1376K(57856K)] 443472K->387491K(559616K), 0.0021960 secs] [Times: user=0.01 sys=0.00, real=0.00 secs] 
2530.324: [GC (Allocation Failure) [PSYoungGen: 57184K->1392K(57856K)] 443299K->387507K(559616K), 0.0020282 secs] [Times: user=0.01 sys=0.00, real=0.00 secs] 
2530.653: [GC (Allocation Failure) [PSYoungGen: 57200K->1392K(57856K)] 443315K->387507K(559616K), 0.0019512 secs] [Times: user=0.01 sys=0.00, real=0.00 secs] 
2530.901: [GC (Allocation Failure) [PSYoungGen: 57200K->1376K(57856K)] 443315K->387491K(559616K), 0.0019658 secs] [Times: user=0.01 sys=0.00, real=0.01 secs] 
2531.158: [GC (Allocation Failure) [PSYoungGen: 57184K->1408K(57856K)] 443299K->387523K(559616K), 0.0021531 secs] [Times: user=0.01 sys=0.00, real=0.00 secs] 
2531.503: [GC (Allocation Failure) [PSYoungGen: 57216K->1565K(57856K)] 443331K->387688K(559616K), 0.0016914 secs] [Times: user=0.01 sys=0.00, real=0.00 secs] 
2531.832: [GC (Allocation Failure) [PSYoungGen: 57373K->1533K(57856K)] 443496K->387664K(559616K), 0.0018077 secs] [Times: user=0.00 sys=0.00, real=0.01 secs] 
2532.159: [GC (Allocation Failure) [PSYoungGen: 57341K->1597K(57856K)] 443472K->387728K(559616K), 0.0017968 secs] [Times: user=0.01 sys=0.00, real=0.00 secs] 
2532.487: [GC (Allocation Failure) [PSYoungGen: 57405K->1584K(57856K)] 443536K->387715K(559616K), 0.0017596 secs] [Times: user=0.01 sys=0.00, real=0.00 secs] 
2532.860: [GC (Allocation Failure) [PSYoungGen: 57392K->2016K(57856K)] 443523K->388659K(559616K), 0.0018612 secs] [Times: user=0.01 sys=0.00, real=0.00 secs] 
2533.092: [GC (Allocation Failure) [PSYoungGen: 57824K->1360K(57856K)] 444467K->388003K(559616K), 0.0018695 secs] [Times: user=0.01 sys=0.00, real=0.01 secs] 
2533.323: [GC (Allocation Failure) [PSYoungGen: 57168K->1392K(57856K)] 443811K->388035K(559616K), 0.0018486 secs] [Times: user=0.01 sys=0.00, real=0.00 secs] 
2533.573: [GC (Allocation Failure) [PSYoungGen: 57200K->1376K(57856K)] 443843K->388019K(559616K), 0.0018820 secs] [Times: user=0.01 sys=0.00, real=0.00 secs] 
2533.842: [GC (Allocation Failure) [PSYoungGen: 57184K->1408K(57856K)] 443827K->388067K(559616K), 0.0018843 secs] [Times: user=0.01 sys=0.00, real=0.01 secs] 
2534.136: [GC (Allocation Failure) [PSYoungGen: 57187K->1408K(57856K)] 443846K->388075K(559616K), 0.0017910 secs] [Times: user=0.01 sys=0.00, real=0.00 secs] 
2534.461: [GC (Allocation Failure) [PSYoungGen: 57216K->1533K(57856K)] 443883K->388216K(559616K), 0.0017499 secs] [Times: user=0.01 sys=0.00, real=0.01 secs] 
2534.787: [GC (Allocation Failure) [PSYoungGen: 57341K->1597K(57856K)] 444024K->388280K(559616K), 0.0018591 secs] [Times: user=0.00 sys=0.00, real=0.00 secs] 
2535.114: [GC (Allocation Failure) [PSYoungGen: 57405K->1613K(57856K)] 444088K->388296K(559616K), 0.0017510 secs] [Times: user=0.01 sys=0.00, real=0.00 secs] 
2535.443: [GC (Allocation Failure) [PSYoungGen: 57421K->1565K(57856K)] 444104K->388248K(559616K), 0.0018029 secs] [Times: user=0.01 sys=0.00, real=0.00 secs] 
2536.007: [GC (Allocation Failure) [PSYoungGen: 57373K->1440K(57856K)] 444056K->388123K(559616K), 0.0030868 secs] [Times: user=0.02 sys=0.00, real=0.00 secs] 
2536.490: [GC (Allocation Failure) [PSYoungGen: 57248K->1376K(57856K)] 443931K->388067K(559616K), 0.0028335 secs] [Times: user=0.01 sys=0.00, real=0.00 secs] 
2537.036: [GC (Allocation Failure) [PSYoungGen: 57184K->1424K(57856K)] 443875K->388115K(559616K), 0.0034125 secs] [Times: user=0.02 sys=0.00, real=0.00 secs] 
2537.567: [GC (Allocation Failure) [PSYoungGen: 57232K->1376K(57856K)] 443923K->388067K(559616K), 0.0029491 secs] [Times: user=0.02 sys=0.00, real=0.00 secs] 
2538.150: [GC (Allocation Failure) [PSYoungGen: 57184K->1408K(57856K)] 443875K->388099K(559616K), 0.0029559 secs] [Times: user=0.01 sys=0.00, real=0.01 secs] 
2538.619: [GC (Allocation Failure) [PSYoungGen: 57216K->1565K(57856K)] 443907K->388272K(559616K), 0.0016914 secs] [Times: user=0.01 sys=0.00, real=0.00 secs] 
2538.946: [GC (Allocation Failure) [PSYoungGen: 57373K->1597K(57856K)] 444080K->388304K(559616K), 0.0018332 secs] [Times: user=0.01 sys=0.00, real=0.00 secs] 
2539.274: [GC (Allocation Failure) [PSYoungGen: 57405K->1533K(57856K)] 444112K->388240K(559616K), 0.0017255 secs] [Times: user=0.00 sys=0.00, real=0.00 secs] 
2539.602: [GC (Allocation Failure) [PSYoungGen: 57341K->1517K(57856K)] 444048K->388224K(559616K), 0.0016593 secs] [Times: user=0.01 sys=0.00, real=0.01 secs] 
2540.068: [GC (Allocation Failure) [PSYoungGen: 57325K->1440K(57856K)] 444032K->388147K(559616K), 0.0021941 secs] [Times: user=0.01 sys=0.00, real=0.00 secs] 
2540.591: [GC (Allocation Failure) [PSYoungGen: 57248K->1408K(57856K)] 443955K->388115K(559616K), 0.0021322 secs] [Times: user=0.01 sys=0.00, real=0.00 secs] 
2541.183: [GC (Allocation Failure) [PSYoungGen: 57216K->1392K(57856K)] 443923K->388099K(559616K), 0.0020429 secs] [Times: user=0.00 sys=0.00, real=0.00 secs] 
2541.744: [GC (Allocation Failure) [PSYoungGen: 57200K->1376K(57856K)] 443907K->388107K(559616K), 0.0026189 secs] [Times: user=0.01 sys=0.00, real=0.00 secs] 
2542.394: [GC (Allocation Failure) [PSYoungGen: 57184K->1376K(57856K)] 443915K->388107K(559616K), 0.0028089 secs] [Times: user=0.02 sys=0.00, real=0.00 secs] 
2542.992: [GC (Allocation Failure) [PSYoungGen: 57184K->1501K(57856K)] 443915K->388232K(559616K), 0.0016382 secs] [Times: user=0.00 sys=0.00, real=0.01 secs] 
2543.319: [GC (Allocation Failure) [PSYoungGen: 57309K->1565K(57856K)] 444040K->388304K(559616K), 0.0017079 secs] [Times: user=0.00 sys=0.00, real=0.00 secs] 
2543.646: [GC (Allocation Failure) [PSYoungGen: 57373K->1533K(57856K)] 444112K->388272K(559616K), 0.0016742 secs] [Times: user=0.00 sys=0.00, real=0.00 secs] 
2543.974: [GC (Allocation Failure) [PSYoungGen: 57341K->1533K(57856K)] 444080K->388272K(559616K), 0.0016783 secs] [Times: user=0.00 sys=0.00, real=0.00 secs] 
2544.303: [GC (Allocation Failure) [PSYoungGen: 57341K->1565K(57856K)] 444080K->388304K(559616K), 0.0018671 secs] [Times: user=0.00 sys=0.00, real=0.00 secs] 
2544.746: [GC (Allocation Failure) [PSYoungGen: 57373K->1440K(57856K)] 444112K->388179K(559616K), 0.0018842 secs] [Times: user=0.01 sys=0.00, real=0.00 secs] 
2545.251: [GC (Allocation Failure) [PSYoungGen: 57248K->1440K(57856K)] 443987K->388179K(559616K), 0.0042200 secs] [Times: user=0.02 sys=0.00, real=0.01 secs] 
2545.720: [GC (Allocation Failure) [PSYoungGen: 57248K->1408K(57856K)] 443987K->388147K(559616K), 0.0033142 secs] [Times: user=0.02 sys=0.00, real=0.01 secs] 
2546.200: [GC (Allocation Failure) [PSYoungGen: 57216K->1376K(57856K)] 443955K->388115K(559616K), 0.0027702 secs] [Times: user=0.01 sys=0.01, real=0.01 secs] 
2546.718: [GC (Allocation Failure) [PSYoungGen: 57184K->1408K(57856K)] 443923K->388147K(559616K), 0.0025425 secs] [Times: user=0.01 sys=0.00, real=0.00 secs] 
2547.190: [GC (Allocation Failure) [PSYoungGen: 57216K->1565K(57856K)] 443955K->388320K(559616K), 0.0017273 secs] [Times: user=0.01 sys=0.00, real=0.00 secs] 
2547.516: [GC (Allocation Failure) [PSYoungGen: 57373K->1597K(57856K)] 444128K->388352K(559616K), 0.0018041 secs] [Times: user=0.01 sys=0.00, real=0.00 secs] 
2547.845: [GC (Allocation Failure) [PSYoungGen: 57405K->1597K(57856K)] 444160K->388352K(559616K), 0.0018980 secs] [Times: user=0.01 sys=0.00, real=0.00 secs] 
2548.173: [GC (Allocation Failure) [PSYoungGen: 57405K->1581K(57856K)] 444160K->388336K(559616K), 0.0017438 secs] [Times: user=0.01 sys=0.00, real=0.01 secs] 
2548.861: [GC (Allocation Failure) [PSYoungGen: 57389K->1472K(57856K)] 444144K->388227K(559616K), 0.0024560 secs] [Times: user=0.01 sys=0.00, real=0.01 secs] 
2549.435: [GC (Allocation Failure) [PSYoungGen: 57280K->1376K(57856K)] 444035K->388131K(559616K), 0.0041216 secs] [Times: user=0.02 sys=0.00, real=0.00 secs] 
2550.053: [GC (Allocation Failure) [PSYoungGen: 57184K->1376K(57856K)] 443939K->388131K(559616K), 0.0043100 secs] [Times: user=0.02 sys=0.00, real=0.00 secs] 
2550.632: [GC (Allocation Failure) [PSYoungGen: 57184K->1440K(57856K)] 443939K->388195K(559616K), 0.0032897 secs] [Times: user=0.01 sys=0.00, real=0.01 secs] 
2551.255: [GC (Allocation Failure) [PSYoungGen: 57248K->1344K(57856K)] 444003K->388099K(559616K), 0.0028038 secs] [Times: user=0.01 sys=0.00, real=0.00 secs] 
2551.684: [GC (Allocation Failure) [PSYoungGen: 57152K->1501K(57856K)] 443907K->388256K(559616K), 0.0016327 secs] [Times: user=0.01 sys=0.00, real=0.00 secs] 
2552.009: [GC (Allocation Failure) [PSYoungGen: 57309K->1565K(57856K)] 444064K->388336K(559616K), 0.0017821 secs] [Times: user=0.00 sys=0.00, real=0.00 secs] 
2552.337: [GC (Allocation Failure) [PSYoungGen: 57373K->1565K(57856K)] 444144K->388352K(559616K), 0.0018406 secs] [Times: user=0.01 sys=0.00, real=0.00 secs] 
2552.664: [GC (Allocation Failure) [PSYoungGen: 57373K->1629K(57856K)] 444160K->388416K(559616K), 0.0018599 secs] [Times: user=0.00 sys=0.00, real=0.00 secs] 
2553.019: [GC (Allocation Failure) [PSYoungGen: 57437K->1952K(57856K)] 444224K->388739K(559616K), 0.0020688 secs] [Times: user=0.01 sys=0.00, real=0.00 secs] 
2553.293: [GC (Allocation Failure) [PSYoungGen: 57760K->1344K(57856K)] 444547K->388131K(559616K), 0.0019581 secs] [Times: user=0.01 sys=0.00, real=0.00 secs] 
2553.585: [GC (Allocation Failure) [PSYoungGen: 57152K->1376K(57856K)] 443939K->388163K(559616K), 0.0020612 secs] [Times: user=0.01 sys=0.00, real=0.00 secs] 
2554.165: [GC (Allocation Failure) [PSYoungGen: 57184K->1312K(57856K)] 443971K->388099K(559616K), 0.0028774 secs] [Times: user=0.02 sys=0.00, real=0.00 secs] 
2554.794: [GC (Allocation Failure) [PSYoungGen: 57120K->1344K(57856K)] 443907K->388131K(559616K), 0.0029988 secs] [Times: user=0.01 sys=0.00, real=0.00 secs] 
2555.485: [GC (Allocation Failure) [PSYoungGen: 57152K->1437K(57856K)] 443939K->388224K(559616K), 0.0025820 secs] [Times: user=0.01 sys=0.00, real=0.00 secs] 
2555.866: [GC (Allocation Failure) [PSYoungGen: 57245K->1597K(57856K)] 444032K->388392K(559616K), 0.0017553 secs] [Times: user=0.01 sys=0.00, real=0.00 secs] 
2556.194: [GC (Allocation Failure) [PSYoungGen: 57405K->1565K(57856K)] 444200K->388360K(559616K), 0.0018519 secs] [Times: user=0.01 sys=0.00, real=0.00 secs] 
2556.583: [GC (Allocation Failure) [PSYoungGen: 57373K->1533K(57856K)] 444168K->388328K(559616K), 0.0019271 secs] [Times: user=0.01 sys=0.00, real=0.01 secs] 
2556.910: [GC (Allocation Failure) [PSYoungGen: 57325K->1568K(57856K)] 444121K->388363K(559616K), 0.0017658 secs] [Times: user=0.00 sys=0.00, real=0.00 secs] 
2557.228: [GC (Allocation Failure) [PSYoungGen: 57376K->1408K(57856K)] 444171K->388203K(559616K), 0.0021346 secs] [Times: user=0.01 sys=0.00, real=0.00 secs] 
2557.461: [GC (Allocation Failure) [PSYoungGen: 57216K->1344K(57856K)] 444011K->388139K(559616K), 0.0022421 secs] [Times: user=0.01 sys=0.00, real=0.01 secs] 
2557.693: [GC (Allocation Failure) [PSYoungGen: 57152K->1408K(57856K)] 443947K->388203K(559616K), 0.0019430 secs] [Times: user=0.01 sys=0.00, real=0.00 secs] 
2557.926: [GC (Allocation Failure) [PSYoungGen: 57216K->1392K(57856K)] 444011K->388187K(559616K), 0.0021586 secs] [Times: user=0.01 sys=0.00, real=0.00 secs] 
2558.157: [GC (Allocation Failure) [PSYoungGen: 57200K->1376K(57856K)] 443995K->388171K(559616K), 0.0021618 secs] [Times: user=0.01 sys=0.00, real=0.00 secs] 
2558.472: [GC (Allocation Failure) [PSYoungGen: 57184K->1501K(57856K)] 443979K->388312K(559616K), 0.0016387 secs] [Times: user=0.00 sys=0.00, real=0.01 secs] 
2558.800: [GC (Allocation Failure) [PSYoungGen: 57309K->1616K(57856K)] 444120K->388427K(559616K), 0.0026939 secs] [Times: user=0.01 sys=0.00, real=0.01 secs] 
2559.136: [GC (Allocation Failure) [PSYoungGen: 57424K->1533K(57856K)] 444235K->388344K(559616K), 0.0017110 secs] [Times: user=0.01 sys=0.00, real=0.00 secs] 
2559.463: [GC (Allocation Failure) [PSYoungGen: 57341K->1533K(57856K)] 444152K->388344K(559616K), 0.0018195 secs] [Times: user=0.01 sys=0.00, real=0.00 secs] 
2559.817: [GC (Allocation Failure) [PSYoungGen: 57341K->1456K(57856K)] 444152K->388291K(559616K), 0.0019525 secs] [Times: user=0.01 sys=0.00, real=0.00 secs] 
2560.049: [GC (Allocation Failure) [PSYoungGen: 57264K->1408K(57856K)] 444099K->388243K(559616K), 0.0020534 secs] [Times: user=0.01 sys=0.00, real=0.00 secs] 
2560.314: [GC (Allocation Failure) [PSYoungGen: 57216K->1344K(57856K)] 444051K->388179K(559616K), 0.0020395 secs] [Times: user=0.01 sys=0.00, real=0.00 secs] 
2560.566: [GC (Allocation Failure) [PSYoungGen: 57152K->1376K(57856K)] 443987K->388211K(559616K), 0.0020548 secs] [Times: user=0.01 sys=0.00, real=0.00 secs] 
2560.799: [GC (Allocation Failure) [PSYoungGen: 57184K->1376K(57856K)] 444019K->388211K(559616K), 0.0019468 secs] [Times: user=0.01 sys=0.00, real=0.00 secs] 
2561.171: [GC (Allocation Failure) [PSYoungGen: 57184K->1533K(57856K)] 444019K->388368K(559616K), 0.0015673 secs] [Times: user=0.00 sys=0.00, real=0.00 secs] 
2561.499: [GC (Allocation Failure) [PSYoungGen: 57341K->1565K(57856K)] 444176K->388408K(559616K), 0.0017571 secs] [Times: user=0.00 sys=0.00, real=0.00 secs] 
2561.826: [GC (Allocation Failure) [PSYoungGen: 57373K->1565K(57856K)] 444216K->388408K(559616K), 0.0017622 secs] [Times: user=0.01 sys=0.00, real=0.00 secs] 
2562.153: [GC (Allocation Failure) [PSYoungGen: 57373K->1597K(57856K)] 444216K->388440K(559616K), 0.0017448 secs] [Times: user=0.01 sys=0.00, real=0.00 secs] 
2562.481: [GC (Allocation Failure) [PSYoungGen: 57405K->1581K(57856K)] 444248K->388424K(559616K), 0.0017047 secs] [Times: user=0.01 sys=0.00, real=0.01 secs] 
2562.753: [GC (Allocation Failure) [PSYoungGen: 57389K->1408K(57856K)] 444232K->388251K(559616K), 0.0018612 secs] [Times: user=0.01 sys=0.00, real=0.01 secs] 
2563.214: [GC (Allocation Failure) [PSYoungGen: 57216K->1408K(57856K)] 444059K->388251K(559616K), 0.0027355 secs] [Times: user=0.01 sys=0.00, real=0.00 secs] 
2563.658: [GC (Allocation Failure) [PSYoungGen: 57216K->1376K(57856K)] 444059K->388219K(559616K), 0.0042360 secs] [Times: user=0.02 sys=0.00, real=0.00 secs] 
2564.107: [GC (Allocation Failure) [PSYoungGen: 57184K->1376K(57856K)] 444027K->388219K(559616K), 0.0028963 secs] [Times: user=0.01 sys=0.00, real=0.00 secs] 
2564.566: [GC (Allocation Failure) [PSYoungGen: 57184K->1408K(57856K)] 444027K->388251K(559616K), 0.0028582 secs] [Times: user=0.01 sys=0.00, real=0.00 secs] 
2565.035: [GC (Allocation Failure) [PSYoungGen: 57216K->1549K(57856K)] 444059K->388408K(559616K), 0.0016737 secs] [Times: user=0.01 sys=0.00, real=0.00 secs] 
2565.363: [GC (Allocation Failure) [PSYoungGen: 57357K->1565K(57856K)] 444216K->388424K(559616K), 0.0017532 secs] [Times: user=0.01 sys=0.00, real=0.01 secs] 
2565.689: [GC (Allocation Failure) [PSYoungGen: 57373K->1565K(57856K)] 444232K->388424K(559616K), 0.0017067 secs] [Times: user=0.00 sys=0.00, real=0.00 secs] 
2566.015: [GC (Allocation Failure) [PSYoungGen: 57373K->1533K(57856K)] 444232K->388392K(559616K), 0.0016539 secs] [Times: user=0.00 sys=0.00, real=0.00 secs] 
2566.427: [GC (Allocation Failure) [PSYoungGen: 57341K->1376K(57856K)] 444200K->388235K(559616K), 0.0018696 secs] [Times: user=0.01 sys=0.00, real=0.00 secs] 
2566.808: [GC (Allocation Failure) [PSYoungGen: 57184K->1344K(57856K)] 444043K->388203K(559616K), 0.0019181 secs] [Times: user=0.01 sys=0.00, real=0.00 secs] 
2567.337: [GC (Allocation Failure) [PSYoungGen: 57152K->1408K(57856K)] 444011K->388267K(559616K), 0.0021448 secs] [Times: user=0.01 sys=0.00, real=0.00 secs] 
2567.751: [GC (Allocation Failure) [PSYoungGen: 57216K->1424K(57856K)] 444075K->388283K(559616K), 0.0023242 secs] [Times: user=0.01 sys=0.00, real=0.01 secs] 
2568.234: [GC (Allocation Failure) [PSYoungGen: 57232K->1376K(57856K)] 444091K->388235K(559616K), 0.0027550 secs] [Times: user=0.01 sys=0.00, real=0.00 secs] 
2568.782: [GC (Allocation Failure) [PSYoungGen: 57184K->1501K(57856K)] 444043K->388360K(559616K), 0.0016930 secs] [Times: user=0.01 sys=0.00, real=0.01 secs] 
2569.112: [GC (Allocation Failure) [PSYoungGen: 57309K->1565K(57856K)] 444168K->388432K(559616K), 0.0017468 secs] [Times: user=0.01 sys=0.00, real=0.01 secs] 
2569.504: [GC (Allocation Failure) [PSYoungGen: 57373K->1533K(57856K)] 444240K->388400K(559616K), 0.0018607 secs] [Times: user=0.00 sys=0.00, real=0.00 secs] 
2569.831: [GC (Allocation Failure) [PSYoungGen: 57341K->1565K(57856K)] 444208K->388432K(559616K), 0.0017355 secs] [Times: user=0.01 sys=0.00, real=0.00 secs] 
2570.216: [GC (Allocation Failure) [PSYoungGen: 57373K->2016K(57856K)] 444240K->388883K(559616K), 0.0020517 secs] [Times: user=0.01 sys=0.00, real=0.00 secs] 
2570.569: [GC (Allocation Failure) [PSYoungGen: 57824K->1392K(57856K)] 444691K->388259K(559616K), 0.0023281 secs] [Times: user=0.01 sys=0.00, real=0.00 secs] 
2571.053: [GC (Allocation Failure) [PSYoungGen: 57200K->1392K(57856K)] 444067K->388275K(559616K), 0.0019650 secs] [Times: user=0.01 sys=0.00, real=0.00 secs] 
2571.566: [GC (Allocation Failure) [PSYoungGen: 57200K->1376K(57856K)] 444083K->388259K(559616K), 0.0033678 secs] [Times: user=0.02 sys=0.00, real=0.00 secs] 
2572.261: [GC (Allocation Failure) [PSYoungGen: 57184K->1424K(57856K)] 444067K->388307K(559616K), 0.0046405 secs] [Times: user=0.02 sys=0.00, real=0.01 secs] 
2572.967: [GC (Allocation Failure) [PSYoungGen: 57232K->1453K(57856K)] 444115K->388336K(559616K), 0.0029299 secs] [Times: user=0.01 sys=0.00, real=0.00 secs] 
2573.370: [GC (Allocation Failure) [PSYoungGen: 57261K->1565K(57856K)] 444144K->388456K(559616K), 0.0018653 secs] [Times: user=0.00 sys=0.00, real=0.00 secs] 
2573.695: [GC (Allocation Failure) [PSYoungGen: 57373K->1597K(57856K)] 444264K->388488K(559616K), 0.0018506 secs] [Times: user=0.00 sys=0.00, real=0.00 secs] 
2574.025: [GC (Allocation Failure) [PSYoungGen: 57405K->1565K(57856K)] 444296K->388456K(559616K), 0.0016944 secs] [Times: user=0.00 sys=0.00, real=0.00 secs] 
2574.353: [GC (Allocation Failure) [PSYoungGen: 57373K->1565K(57856K)] 444264K->388456K(559616K), 0.0017857 secs] [Times: user=0.00 sys=0.00, real=0.00 secs] 
2574.616: [GC (Allocation Failure) [PSYoungGen: 57373K->1440K(57856K)] 444264K->388331K(559616K), 0.0016412 secs] [Times: user=0.00 sys=0.00, real=0.00 secs] 
2574.848: [GC (Allocation Failure) [PSYoungGen: 57248K->1408K(57856K)] 444139K->388307K(559616K), 0.0016107 secs] [Times: user=0.00 sys=0.00, real=0.00 secs] 
2575.151: [GC (Allocation Failure) [PSYoungGen: 57216K->1376K(57856K)] 444115K->388275K(559616K), 0.0018776 secs] [Times: user=0.01 sys=0.00, real=0.00 secs] 
2575.580: [GC (Allocation Failure) [PSYoungGen: 57184K->1408K(57856K)] 444083K->388307K(559616K), 0.0030279 secs] [Times: user=0.01 sys=0.00, real=0.00 secs] 
2576.100: [GC (Allocation Failure) [PSYoungGen: 57216K->1376K(57856K)] 444115K->388275K(559616K), 0.0028473 secs] [Times: user=0.02 sys=0.00, real=0.00 secs] 
2576.649: [GC (Allocation Failure) [PSYoungGen: 57184K->1536K(57856K)] 444083K->388443K(559616K), 0.0018973 secs] [Times: user=0.01 sys=0.00, real=0.00 secs] 
2576.976: [GC (Allocation Failure) [PSYoungGen: 57344K->1597K(57856K)] 444251K->388504K(559616K), 0.0019002 secs] [Times: user=0.01 sys=0.00, real=0.00 secs] 
2577.301: [GC (Allocation Failure) [PSYoungGen: 57405K->1565K(57856K)] 444312K->388472K(559616K), 0.0017355 secs] [Times: user=0.01 sys=0.00, real=0.01 secs] 
2577.631: [GC (Allocation Failure) [PSYoungGen: 57373K->1613K(57856K)] 444280K->388520K(559616K), 0.0016886 secs] [Times: user=0.01 sys=0.00, real=0.00 secs] 
2578.035: [GC (Allocation Failure) [PSYoungGen: 57421K->1472K(57856K)] 444328K->388379K(559616K), 0.0019357 secs] [Times: user=0.01 sys=0.00, real=0.00 secs] 
2578.385: [GC (Allocation Failure) [PSYoungGen: 57280K->1408K(57856K)] 444187K->388315K(559616K), 0.0021331 secs] [Times: user=0.01 sys=0.00, real=0.00 secs] 
2578.833: [GC (Allocation Failure) [PSYoungGen: 57216K->1344K(57856K)] 444123K->388251K(559616K), 0.0019936 secs] [Times: user=0.01 sys=0.00, real=0.00 secs] 
2579.409: [GC (Allocation Failure) [PSYoungGen: 57152K->1408K(57856K)] 444059K->388315K(559616K), 0.0024515 secs] [Times: user=0.01 sys=0.00, real=0.00 secs] 
2580.092: [GC (Allocation Failure) [PSYoungGen: 57216K->1440K(57856K)] 444123K->388347K(559616K), 0.0025934 secs] [Times: user=0.02 sys=0.00, real=0.01 secs] 
2580.832: [GC (Allocation Failure) [PSYoungGen: 57248K->1485K(57856K)] 444155K->388392K(559616K), 0.0022503 secs] [Times: user=0.01 sys=0.00, real=0.01 secs] 
2581.177: [GC (Allocation Failure) [PSYoungGen: 57263K->1533K(57856K)] 444170K->388448K(559616K), 0.0017235 secs] [Times: user=0.01 sys=0.00, real=0.00 secs] 
2581.505: [GC (Allocation Failure) [PSYoungGen: 57341K->1565K(57856K)] 444256K->388504K(559616K), 0.0016947 secs] [Times: user=0.01 sys=0.00, real=0.00 secs] 
2581.834: [GC (Allocation Failure) [PSYoungGen: 57373K->1549K(57856K)] 444312K->388488K(559616K), 0.0017119 secs] [Times: user=0.00 sys=0.00, real=0.00 secs] 
2582.162: [GC (Allocation Failure) [PSYoungGen: 57357K->1565K(57856K)] 444296K->388504K(559616K), 0.0017295 secs] [Times: user=0.00 sys=0.00, real=0.01 secs] 
2582.416: [GC (Allocation Failure) [PSYoungGen: 57373K->1440K(57856K)] 444312K->388379K(559616K), 0.0029914 secs] [Times: user=0.01 sys=0.00, real=0.00 secs] 
2582.653: [GC (Allocation Failure) [PSYoungGen: 57248K->1344K(57856K)] 444187K->388283K(559616K), 0.0021991 secs] [Times: user=0.01 sys=0.00, real=0.01 secs] 
2583.072: [GC (Allocation Failure) [PSYoungGen: 57152K->1344K(57856K)] 444091K->388283K(559616K), 0.0021335 secs] [Times: user=0.01 sys=0.00, real=0.01 secs] 
2583.550: [GC (Allocation Failure) [PSYoungGen: 57152K->1376K(57856K)] 444091K->388315K(559616K), 0.0020766 secs] [Times: user=0.01 sys=0.00, real=0.00 secs] 
2584.152: [GC (Allocation Failure) [PSYoungGen: 57184K->1408K(57856K)] 444123K->388347K(559616K), 0.0028689 secs] [Times: user=0.01 sys=0.00, real=0.01 secs] 
2584.539: [GC (Allocation Failure) [PSYoungGen: 57216K->1501K(57856K)] 444155K->388456K(559616K), 0.0016389 secs] [Times: user=0.00 sys=0.00, real=0.00 secs] 
2584.865: [GC (Allocation Failure) [PSYoungGen: 57309K->1597K(57856K)] 444264K->388552K(559616K), 0.0017152 secs] [Times: user=0.01 sys=0.00, real=0.00 secs] 
2585.191: [GC (Allocation Failure) [PSYoungGen: 57405K->1533K(57856K)] 444360K->388488K(559616K), 0.0018008 secs] [Times: user=0.01 sys=0.00, real=0.01 secs] 
2585.521: [GC (Allocation Failure) [PSYoungGen: 57341K->1581K(57856K)] 444296K->388536K(559616K), 0.0017165 secs] [Times: user=0.01 sys=0.00, real=0.00 secs] 
2585.859: [GC (Allocation Failure) [PSYoungGen: 57389K->1472K(57856K)] 444344K->388427K(559616K), 0.0020689 secs] [Times: user=0.01 sys=0.00, real=0.00 secs] 
2586.108: [GC (Allocation Failure) [PSYoungGen: 57280K->1376K(57856K)] 444235K->388331K(559616K), 0.0021392 secs] [Times: user=0.01 sys=0.00, real=0.00 secs] 
2586.340: [GC (Allocation Failure) [PSYoungGen: 57184K->1408K(57856K)] 444139K->388363K(559616K), 0.0019595 secs] [Times: user=0.01 sys=0.00, real=0.00 secs] 
2586.572: [GC (Allocation Failure) [PSYoungGen: 57216K->1344K(57856K)] 444171K->388299K(559616K), 0.0020736 secs] [Times: user=0.01 sys=0.00, real=0.01 secs] 
2586.804: [GC (Allocation Failure) [PSYoungGen: 57152K->1360K(57856K)] 444107K->388315K(559616K), 0.0019793 secs] [Times: user=0.01 sys=0.00, real=0.00 secs] 
2587.119: [GC (Allocation Failure) [PSYoungGen: 57168K->1517K(57856K)] 444123K->388472K(559616K), 0.0017212 secs] [Times: user=0.01 sys=0.00, real=0.00 secs] 
2587.446: [GC (Allocation Failure) [PSYoungGen: 57325K->1565K(57856K)] 444280K->388536K(559616K), 0.0017672 secs] [Times: user=0.01 sys=0.00, real=0.00 secs] 
2587.775: [GC (Allocation Failure) [PSYoungGen: 57373K->1533K(57856K)] 444344K->388504K(559616K), 0.0016678 secs] [Times: user=0.01 sys=0.00, real=0.00 secs] 
2588.101: [GC (Allocation Failure) [PSYoungGen: 57341K->1581K(57856K)] 444312K->388552K(559616K), 0.0016748 secs] [Times: user=0.01 sys=0.00, real=0.00 secs] 
2588.525: [GC (Allocation Failure) [PSYoungGen: 57389K->1952K(57856K)] 444360K->388923K(559616K), 0.0021993 secs] [Times: user=0.00 sys=0.00, real=0.00 secs] 
2589.076: [GC (Allocation Failure) [PSYoungGen: 57760K->1376K(57856K)] 444731K->388347K(559616K), 0.0022005 secs] [Times: user=0.01 sys=0.00, real=0.00 secs] 
2589.616: [GC (Allocation Failure) [PSYoungGen: 57184K->1312K(57856K)] 444155K->388283K(559616K), 0.0069601 secs] [Times: user=0.03 sys=0.00, real=0.00 secs] 
2590.308: [GC (Allocation Failure) [PSYoungGen: 57120K->1312K(57856K)] 444091K->388299K(559616K), 0.0025068 secs] [Times: user=0.01 sys=0.00, real=0.00 secs] 
2591.004: [GC (Allocation Failure) [PSYoungGen: 57120K->1376K(57856K)] 444107K->388363K(559616K), 0.0026053 secs] [Times: user=0.01 sys=0.00, real=0.00 secs] 
2591.919: [GC (Allocation Failure) [PSYoungGen: 57184K->1469K(57856K)] 444171K->388456K(559616K), 0.0023184 secs] [Times: user=0.01 sys=0.00, real=0.00 secs] 
2592.283: [GC (Allocation Failure) [PSYoungGen: 57277K->1533K(57856K)] 444264K->388528K(559616K), 0.0017338 secs] [Times: user=0.01 sys=0.00, real=0.00 secs] 
2592.672: [GC (Allocation Failure) [PSYoungGen: 57341K->1565K(57856K)] 444336K->388560K(559616K), 0.0017240 secs] [Times: user=0.01 sys=0.00, real=0.01 secs] 
2592.999: [GC (Allocation Failure) [PSYoungGen: 57373K->1568K(57856K)] 444368K->388563K(559616K), 0.0017720 secs] [Times: user=0.01 sys=0.00, real=0.00 secs] 
2593.326: [GC (Allocation Failure) [PSYoungGen: 57376K->1565K(57856K)] 444371K->388560K(559616K), 0.0017395 secs] [Times: user=0.00 sys=0.00, real=0.00 secs] 
2593.728: [GC (Allocation Failure) [PSYoungGen: 57373K->1408K(57856K)] 444368K->388403K(559616K), 0.0036117 secs] [Times: user=0.01 sys=0.00, real=0.00 secs] 
2594.198: [GC (Allocation Failure) [PSYoungGen: 57216K->1376K(57856K)] 444211K->388371K(559616K), 0.0030212 secs] [Times: user=0.01 sys=0.00, real=0.00 secs] 
2594.702: [GC (Allocation Failure) [PSYoungGen: 57184K->1344K(57856K)] 444179K->388339K(559616K), 0.0023274 secs] [Times: user=0.01 sys=0.00, real=0.01 secs] 
2595.162: [GC (Allocation Failure) [PSYoungGen: 57152K->1392K(57856K)] 444147K->388387K(559616K), 0.0021198 secs] [Times: user=0.01 sys=0.00, real=0.01 secs] 
2595.635: [GC (Allocation Failure) [PSYoungGen: 57200K->1376K(57856K)] 444195K->388371K(559616K), 0.0021090 secs] [Times: user=0.01 sys=0.00, real=0.00 secs] 
2596.073: [GC (Allocation Failure) [PSYoungGen: 57184K->1533K(57856K)] 444179K->388544K(559616K), 0.0016674 secs] [Times: user=0.01 sys=0.00, real=0.01 secs] 
2596.399: [GC (Allocation Failure) [PSYoungGen: 57341K->1565K(57856K)] 444352K->388576K(559616K), 0.0017045 secs] [Times: user=0.01 sys=0.00, real=0.00 secs] 
2596.728: [GC (GCLocker Initiated GC) [PSYoungGen: 57373K->1581K(57856K)] 444384K->388592K(559616K), 0.0017779 secs] [Times: user=0.01 sys=0.00, real=0.00 secs] 
2597.061: [GC (Allocation Failure) [PSYoungGen: 57389K->1501K(57856K)] 444914K->389026K(559616K), 0.0017741 secs] [Times: user=0.00 sys=0.00, real=0.00 secs] 
2597.488: [GC (Allocation Failure) [PSYoungGen: 57309K->1568K(57856K)] 444834K->389093K(559616K), 0.0019707 secs] [Times: user=0.01 sys=0.00, real=0.00 secs] 
2598.357: [GC (Allocation Failure) [PSYoungGen: 57376K->1488K(57856K)] 444901K->389013K(559616K), 0.0019274 secs] [Times: user=0.01 sys=0.00, real=0.00 secs] 
2599.131: [GC (Allocation Failure) [PSYoungGen: 57296K->1440K(57856K)] 444821K->388965K(559616K), 0.0022213 secs] [Times: user=0.01 sys=0.00, real=0.01 secs] 
2599.948: [GC (Allocation Failure) [PSYoungGen: 57248K->1472K(57856K)] 444773K->388997K(559616K), 0.0041695 secs] [Times: user=0.02 sys=0.00, real=0.00 secs] 
2600.615: [GC (Allocation Failure) [PSYoungGen: 57280K->1472K(57856K)] 444805K->388997K(559616K), 0.0030023 secs] [Times: user=0.01 sys=0.00, real=0.00 secs] 
2601.115: [GC (Allocation Failure) [PSYoungGen: 57280K->1565K(57856K)] 444805K->389090K(559616K), 0.0019608 secs] [Times: user=0.00 sys=0.00, real=0.00 secs] 
2601.444: [GC (Allocation Failure) [PSYoungGen: 57373K->1661K(57856K)] 444898K->389202K(559616K), 0.0017465 secs] [Times: user=0.00 sys=0.00, real=0.00 secs] 
2601.775: [GC (Allocation Failure) [PSYoungGen: 57469K->1597K(57856K)] 445010K->389138K(559616K), 0.0018076 secs] [Times: user=0.01 sys=0.00, real=0.00 secs] 
2602.102: [GC (Allocation Failure) [PSYoungGen: 57405K->1709K(57856K)] 444946K->389250K(559616K), 0.0017428 secs] [Times: user=0.01 sys=0.00, real=0.01 secs] 
2602.428: [GC (Allocation Failure) [PSYoungGen: 57517K->1661K(57856K)] 445058K->389218K(559616K), 0.0017593 secs] [Times: user=0.00 sys=0.00, real=0.00 secs] 
2603.297: [GC (Allocation Failure) [PSYoungGen: 57469K->1472K(57856K)] 445026K->389029K(559616K), 0.0025652 secs] [Times: user=0.01 sys=0.00, real=0.00 secs] 
2604.189: [GC (Allocation Failure) [PSYoungGen: 57280K->1408K(57856K)] 444837K->389013K(559616K), 0.0028103 secs] [Times: user=0.02 sys=0.00, real=0.00 secs] 
2604.952: [GC (Allocation Failure) [PSYoungGen: 57216K->1440K(57856K)] 444821K->389053K(559616K), 0.0030332 secs] [Times: user=0.02 sys=0.00, real=0.01 secs] 
2605.445: [GC (Allocation Failure) [PSYoungGen: 57248K->1408K(57856K)] 444861K->389021K(559616K), 0.0025740 secs] [Times: user=0.01 sys=0.00, real=0.00 secs] 
2606.012: [GC (Allocation Failure) [PSYoungGen: 57216K->1440K(57856K)] 444829K->389069K(559616K), 0.0028919 secs] [Times: user=0.01 sys=0.00, real=0.01 secs] 
2606.433: [GC (Allocation Failure) [PSYoungGen: 57248K->1533K(57856K)] 444877K->389250K(559616K), 0.0016808 secs] [Times: user=0.01 sys=0.00, real=0.01 secs] 
2606.762: [GC (Allocation Failure) [PSYoungGen: 57341K->1552K(57856K)] 445058K->389269K(559616K), 0.0016579 secs] [Times: user=0.00 sys=0.00, real=0.01 secs] 
2607.092: [GC (Allocation Failure) [PSYoungGen: 57360K->1597K(57856K)] 445077K->389314K(559616K), 0.0016663 secs] [Times: user=0.01 sys=0.00, real=0.01 secs] 
2607.480: [GC (Allocation Failure) [PSYoungGen: 57405K->1533K(57856K)] 445122K->389250K(559616K), 0.0018093 secs] [Times: user=0.01 sys=0.00, real=0.00 secs] 
2608.517: [GC (Allocation Failure) [PSYoungGen: 57341K->1472K(57856K)] 445058K->389189K(559616K), 0.0046383 secs] [Times: user=0.02 sys=0.00, real=0.00 secs] 
2609.311: [GC (Allocation Failure) [PSYoungGen: 57280K->1392K(57856K)] 444997K->389109K(559616K), 0.0033717 secs] [Times: user=0.02 sys=0.00, real=0.01 secs] 
2610.013: [GC (Allocation Failure) [PSYoungGen: 57200K->1408K(57856K)] 444917K->389125K(559616K), 0.0033498 secs] [Times: user=0.02 sys=0.00, real=0.01 secs] 
2610.854: [GC (Allocation Failure) [PSYoungGen: 57216K->1344K(57856K)] 444933K->389061K(559616K), 0.0032857 secs] [Times: user=0.02 sys=0.00, real=0.00 secs] 
2611.673: [GC (Allocation Failure) [PSYoungGen: 57152K->1344K(57856K)] 444869K->389061K(559616K), 0.0033487 secs] [Times: user=0.02 sys=0.00, real=0.00 secs] 
2612.338: [GC (Allocation Failure) [PSYoungGen: 57152K->1501K(57856K)] 444869K->389218K(559616K), 0.0017372 secs] [Times: user=0.01 sys=0.00, real=0.00 secs] 
2612.664: [GC (Allocation Failure) [PSYoungGen: 57309K->1565K(57856K)] 445026K->389298K(559616K), 0.0017156 secs] [Times: user=0.01 sys=0.00, real=0.00 secs] 
2612.990: [GC (Allocation Failure) [PSYoungGen: 57373K->1549K(57856K)] 445106K->389282K(559616K), 0.0018203 secs] [Times: user=0.01 sys=0.00, real=0.00 secs] 
2613.317: [GC (Allocation Failure) [PSYoungGen: 57357K->1597K(57856K)] 445090K->389354K(559616K), 0.0017214 secs] [Times: user=0.01 sys=0.00, real=0.00 secs] 
2613.675: [GC (Allocation Failure) [PSYoungGen: 57405K->1760K(57856K)] 445162K->389517K(559616K), 0.0020323 secs] [Times: user=0.00 sys=0.00, real=0.00 secs] 
2614.636: [GC (Allocation Failure) [PSYoungGen: 57568K->1376K(57856K)] 445325K->389133K(559616K), 0.0026019 secs] [Times: user=0.01 sys=0.00, real=0.00 secs] 
2615.460: [GC (Allocation Failure) [PSYoungGen: 57184K->1376K(57856K)] 444941K->389133K(559616K), 0.0023325 secs] [Times: user=0.01 sys=0.00, real=0.00 secs] 
2616.128: [GC (Allocation Failure) [PSYoungGen: 57184K->1376K(57856K)] 444941K->389133K(559616K), 0.0023754 secs] [Times: user=0.01 sys=0.00, real=0.00 secs] 
2616.802: [GC (Allocation Failure) [PSYoungGen: 57184K->1376K(57856K)] 444941K->389133K(559616K), 0.0026076 secs] [Times: user=0.01 sys=0.00, real=0.01 secs] 
2617.411: [GC (Allocation Failure) [PSYoungGen: 57184K->1469K(57856K)] 444941K->389226K(559616K), 0.0024560 secs] [Times: user=0.01 sys=0.00, real=0.01 secs] 
2617.801: [GC (Allocation Failure) [PSYoungGen: 57277K->1565K(57856K)] 445034K->389338K(559616K), 0.0017382 secs] [Times: user=0.01 sys=0.00, real=0.00 secs] 
2618.127: [GC (Allocation Failure) [PSYoungGen: 57373K->1597K(57856K)] 445146K->389370K(559616K), 0.0018486 secs] [Times: user=0.00 sys=0.00, real=0.00 secs] 
2618.456: [GC (Allocation Failure) [PSYoungGen: 57405K->1565K(57856K)] 445178K->389338K(559616K), 0.0017160 secs] [Times: user=0.00 sys=0.00, real=0.00 secs] 
2618.782: [GC (Allocation Failure) [PSYoungGen: 57373K->1565K(57856K)] 445146K->389338K(559616K), 0.0018736 secs] [Times: user=0.01 sys=0.00, real=0.01 secs] 
2619.420: [GC (Allocation Failure) [PSYoungGen: 57373K->1440K(57856K)] 445146K->389213K(559616K), 0.0021971 secs] [Times: user=0.01 sys=0.00, real=0.00 secs] 
2619.978: [GC (Allocation Failure) [PSYoungGen: 57248K->1456K(57856K)] 445021K->389229K(559616K), 0.0042015 secs] [Times: user=0.02 sys=0.01, real=0.00 secs] 
2620.439: [GC (Allocation Failure) [PSYoungGen: 57264K->1376K(57856K)] 445037K->389149K(559616K), 0.0025309 secs] [Times: user=0.01 sys=0.00, real=0.00 secs] 
2620.941: [GC (Allocation Failure) [PSYoungGen: 57184K->1344K(57856K)] 444957K->389117K(559616K), 0.0040971 secs] [Times: user=0.01 sys=0.00, real=0.01 secs] 
2621.240: [GC (Allocation Failure) [PSYoungGen: 57152K->1408K(57856K)] 444925K->389181K(559616K), 0.0022558 secs] [Times: user=0.01 sys=0.00, real=0.00 secs] 
2621.579: [GC (Allocation Failure) [PSYoungGen: 57216K->1533K(57856K)] 444989K->389314K(559616K), 0.0018381 secs] [Times: user=0.01 sys=0.00, real=0.00 secs] 
2621.908: [GC (Allocation Failure) [PSYoungGen: 57341K->1597K(57856K)] 445122K->389378K(559616K), 0.0017232 secs] [Times: user=0.01 sys=0.00, real=0.00 secs] 
2622.237: [GC (Allocation Failure) [PSYoungGen: 57405K->1533K(57856K)] 445186K->389330K(559616K), 0.0018122 secs] [Times: user=0.01 sys=0.00, real=0.00 secs] 
2622.564: [GC (Allocation Failure) [PSYoungGen: 57341K->1581K(57856K)] 445138K->389378K(559616K), 0.0018578 secs] [Times: user=0.01 sys=0.00, real=0.00 secs] 
2622.943: [GC (Allocation Failure) [PSYoungGen: 57389K->1440K(57856K)] 445186K->389237K(559616K), 0.0020255 secs] [Times: user=0.01 sys=0.00, real=0.01 secs] 
2623.419: [GC (Allocation Failure) [PSYoungGen: 57248K->1408K(57856K)] 445045K->389205K(559616K), 0.0020036 secs] [Times: user=0.01 sys=0.00, real=0.00 secs] 
2623.973: [GC (Allocation Failure) [PSYoungGen: 57216K->1360K(57856K)] 445013K->389157K(559616K), 0.0029145 secs] [Times: user=0.01 sys=0.00, real=0.00 secs] 
2624.622: [GC (Allocation Failure) [PSYoungGen: 57168K->1312K(57856K)] 444965K->389109K(559616K), 0.0024906 secs] [Times: user=0.01 sys=0.00, real=0.01 secs] 
2625.205: [GC (Allocation Failure) [PSYoungGen: 57120K->1376K(57856K)] 444917K->389173K(559616K), 0.0026584 secs] [Times: user=0.01 sys=0.00, real=0.00 secs] 
2625.892: [GC (Allocation Failure) [PSYoungGen: 57184K->1501K(57856K)] 444981K->389298K(559616K), 0.0016988 secs] [Times: user=0.01 sys=0.00, real=0.01 secs] 
2626.217: [GC (Allocation Failure) [PSYoungGen: 57309K->1533K(57856K)] 445106K->389338K(559616K), 0.0017112 secs] [Times: user=0.01 sys=0.00, real=0.00 secs] 
2626.599: [GC (Allocation Failure) [PSYoungGen: 57341K->1565K(57856K)] 445146K->389370K(559616K), 0.0018031 secs] [Times: user=0.01 sys=0.00, real=0.00 secs] 
2626.930: [GC (Allocation Failure) [PSYoungGen: 57373K->1581K(57856K)] 445178K->389386K(559616K), 0.0019616 secs] [Times: user=0.01 sys=0.00, real=0.00 secs] 
2627.258: [GC (Allocation Failure) [PSYoungGen: 57389K->1597K(57856K)] 445194K->389402K(559616K), 0.0017476 secs] [Times: user=0.01 sys=0.00, real=0.00 secs] 
2627.764: [GC (Allocation Failure) [PSYoungGen: 57405K->1440K(57856K)] 445210K->389245K(559616K), 0.0026230 secs] [Times: user=0.01 sys=0.00, real=0.00 secs] 
2628.241: [GC (Allocation Failure) [PSYoungGen: 57248K->1376K(57856K)] 445053K->389181K(559616K), 0.0024033 secs] [Times: user=0.01 sys=0.00, real=0.00 secs] 
2628.706: [GC (Allocation Failure) [PSYoungGen: 57184K->1344K(57856K)] 444989K->389149K(559616K), 0.0024103 secs] [Times: user=0.01 sys=0.00, real=0.00 secs] 
2629.080: [GC (Allocation Failure) [PSYoungGen: 57152K->1344K(57856K)] 444957K->389149K(559616K), 0.0033551 secs] [Times: user=0.01 sys=0.00, real=0.01 secs] 
2629.314: [GC (Allocation Failure) [PSYoungGen: 57152K->1392K(57856K)] 444957K->389197K(559616K), 0.0023114 secs] [Times: user=0.01 sys=0.00, real=0.00 secs] 
2629.675: [GC (Allocation Failure) [PSYoungGen: 57200K->1565K(57856K)] 445005K->389378K(559616K), 0.0018144 secs] [Times: user=0.01 sys=0.00, real=0.00 secs] 
2630.001: [GC (Allocation Failure) [PSYoungGen: 57373K->1565K(57856K)] 445186K->389378K(559616K), 0.0018789 secs] [Times: user=0.00 sys=0.00, real=0.01 secs] 
2630.329: [GC (Allocation Failure) [PSYoungGen: 57373K->1597K(57856K)] 445186K->389410K(559616K), 0.0017219 secs] [Times: user=0.00 sys=0.00, real=0.00 secs] 
2630.663: [GC (Allocation Failure) [PSYoungGen: 57405K->1533K(57856K)] 445218K->389346K(559616K), 0.0016748 secs] [Times: user=0.01 sys=0.00, real=0.01 secs] 
2631.193: [GC (Allocation Failure) [PSYoungGen: 57341K->1472K(57856K)] 445154K->389301K(559616K), 0.0040721 secs] [Times: user=0.01 sys=0.00, real=0.00 secs] 
2631.842: [GC (Allocation Failure) [PSYoungGen: 57280K->1424K(57856K)] 445109K->389253K(559616K), 0.0040193 secs] [Times: user=0.01 sys=0.00, real=0.01 secs] 
2632.751: [GC (Allocation Failure) [PSYoungGen: 57232K->1360K(57856K)] 445061K->389189K(559616K), 0.0042383 secs] [Times: user=0.02 sys=0.00, real=0.01 secs] 
2633.784: [GC (Allocation Failure) [PSYoungGen: 57168K->1344K(57856K)] 444997K->389173K(559616K), 0.0045180 secs] [Times: user=0.02 sys=0.00, real=0.00 secs] 
2634.482: [GC (Allocation Failure) [PSYoungGen: 57152K->1408K(57856K)] 444981K->389237K(559616K), 0.0046030 secs] [Times: user=0.02 sys=0.00, real=0.01 secs] 
2635.192: [GC (Allocation Failure) [PSYoungGen: 57184K->1501K(57856K)] 445013K->389330K(559616K), 0.0016324 secs] [Times: user=0.01 sys=0.00, real=0.01 secs] 
2635.518: [GC (Allocation Failure) [PSYoungGen: 57309K->1565K(57856K)] 445138K->389410K(559616K), 0.0017306 secs] [Times: user=0.01 sys=0.00, real=0.00 secs] 
2635.904: [GC (Allocation Failure) [PSYoungGen: 57373K->1597K(57856K)] 445218K->389442K(559616K), 0.0017416 secs] [Times: user=0.01 sys=0.00, real=0.00 secs] 
2636.231: [GC (Allocation Failure) [PSYoungGen: 57405K->1565K(57856K)] 445250K->389410K(559616K), 0.0017612 secs] [Times: user=0.00 sys=0.00, real=0.00 secs] 
2636.664: [GC (Allocation Failure) [PSYoungGen: 57373K->1680K(57856K)] 445218K->389525K(559616K), 0.0021144 secs] [Times: user=0.01 sys=0.00, real=0.00 secs] 
2637.152: [GC (Allocation Failure) [PSYoungGen: 57488K->1408K(57856K)] 445333K->389253K(559616K), 0.0028202 secs] [Times: user=0.02 sys=0.00, real=0.01 secs] 
2637.753: [GC (Allocation Failure) [PSYoungGen: 57216K->1440K(57856K)] 445061K->389285K(559616K), 0.0022413 secs] [Times: user=0.01 sys=0.00, real=0.00 secs] 
2638.408: [GC (Allocation Failure) [PSYoungGen: 57248K->1376K(57856K)] 445093K->389221K(559616K), 0.0044575 secs] [Times: user=0.02 sys=0.00, real=0.00 secs] 
2638.929: [GC (Allocation Failure) [PSYoungGen: 57184K->1344K(57856K)] 445029K->389189K(559616K), 0.0034664 secs] [Times: user=0.02 sys=0.00, real=0.00 secs] 
2639.410: [GC (Allocation Failure) [PSYoungGen: 57125K->1469K(57856K)] 444970K->389314K(559616K), 0.0027808 secs] [Times: user=0.01 sys=0.00, real=0.01 secs] 
2639.801: [GC (Allocation Failure) [PSYoungGen: 57277K->1597K(57856K)] 445122K->389458K(559616K), 0.0017274 secs] [Times: user=0.01 sys=0.00, real=0.00 secs] 
2640.126: [GC (Allocation Failure) [PSYoungGen: 57405K->1565K(57856K)] 445266K->389426K(559616K), 0.0017554 secs] [Times: user=0.01 sys=0.00, real=0.00 secs] 
2640.453: [GC (Allocation Failure) [PSYoungGen: 57373K->1565K(57856K)] 445234K->389426K(559616K), 0.0017303 secs] [Times: user=0.01 sys=0.00, real=0.00 secs] 
2640.781: [GC (Allocation Failure) [PSYoungGen: 57373K->1565K(57856K)] 445234K->389426K(559616K), 0.0017164 secs] [Times: user=0.01 sys=0.00, real=0.00 secs] 
2641.152: [GC (Allocation Failure) [PSYoungGen: 57373K->1440K(57856K)] 445234K->389301K(559616K), 0.0022148 secs] [Times: user=0.01 sys=0.00, real=0.01 secs] 
2641.518: [GC (Allocation Failure) [PSYoungGen: 57248K->1376K(57856K)] 445109K->389261K(559616K), 0.0021358 secs] [Times: user=0.00 sys=0.00, real=0.00 secs] 
2641.804: [GC (Allocation Failure) [PSYoungGen: 57184K->1344K(57856K)] 445069K->389229K(559616K), 0.0022968 secs] [Times: user=0.01 sys=0.00, real=0.00 secs] 
2642.045: [GC (Allocation Failure) [PSYoungGen: 57152K->1376K(57856K)] 445037K->389261K(559616K), 0.0023597 secs] [Times: user=0.01 sys=0.00, real=0.00 secs] 
2642.300: [GC (Allocation Failure) [PSYoungGen: 57184K->1408K(57856K)] 445069K->389293K(559616K), 0.0021621 secs] [Times: user=0.01 sys=0.00, real=0.00 secs] 
2642.661: [GC (Allocation Failure) [PSYoungGen: 57216K->1565K(57856K)] 445101K->389458K(559616K), 0.0017556 secs] [Times: user=0.01 sys=0.00, real=0.00 secs] 
2642.986: [GC (Allocation Failure) [PSYoungGen: 57373K->1597K(57856K)] 445266K->389490K(559616K), 0.0017768 secs] [Times: user=0.01 sys=0.00, real=0.00 secs] 
2643.313: [GC (Allocation Failure) [PSYoungGen: 57405K->1565K(57856K)] 445298K->389458K(559616K), 0.0017899 secs] [Times: user=0.01 sys=0.00, real=0.01 secs] 
2643.639: [GC (Allocation Failure) [PSYoungGen: 57373K->1581K(57856K)] 445266K->389474K(559616K), 0.0017259 secs] [Times: user=0.00 sys=0.00, real=0.00 secs] 
2644.313: [GC (Allocation Failure) [PSYoungGen: 57389K->1472K(57856K)] 445282K->389365K(559616K), 0.0029329 secs] [Times: user=0.01 sys=0.00, real=0.01 secs] 
2644.865: [GC (Allocation Failure) [PSYoungGen: 57280K->1408K(57856K)] 445173K->389301K(559616K), 0.0029029 secs] [Times: user=0.02 sys=0.00, real=0.00 secs] 
2645.394: [GC (Allocation Failure) [PSYoungGen: 57216K->1408K(57856K)] 445109K->389301K(559616K), 0.0028804 secs] [Times: user=0.02 sys=0.00, real=0.00 secs] 
2645.908: [GC (Allocation Failure) [PSYoungGen: 57216K->1440K(57856K)] 445109K->389333K(559616K), 0.0027048 secs] [Times: user=0.01 sys=0.00, real=0.00 secs] 
2646.362: [GC (Allocation Failure) [PSYoungGen: 57248K->1376K(57856K)] 445141K->389269K(559616K), 0.0023725 secs] [Times: user=0.01 sys=0.00, real=0.01 secs] 
2646.975: [GC (Allocation Failure) [PSYoungGen: 57184K->1485K(57856K)] 445077K->389378K(559616K), 0.0022378 secs] [Times: user=0.01 sys=0.00, real=0.00 secs] 
2647.317: [GC (Allocation Failure) [PSYoungGen: 57293K->1533K(57856K)] 445186K->389434K(559616K), 0.0018174 secs] [Times: user=0.01 sys=0.00, real=0.00 secs] 
2647.643: [GC (Allocation Failure) [PSYoungGen: 57341K->1565K(57856K)] 445242K->389466K(559616K), 0.0016951 secs] [Times: user=0.00 sys=0.00, real=0.01 secs] 
2648.028: [GC (Allocation Failure) [PSYoungGen: 57373K->1533K(57856K)] 445274K->389434K(559616K), 0.0017476 secs] [Times: user=0.01 sys=0.00, real=0.00 secs] 
2648.357: [GC (Allocation Failure) [PSYoungGen: 57341K->1549K(57856K)] 445242K->389450K(559616K), 0.0017360 secs] [Times: user=0.01 sys=0.00, real=0.00 secs] 
2648.821: [GC (Allocation Failure) [PSYoungGen: 57357K->1408K(57856K)] 445258K->389309K(559616K), 0.0018874 secs] [Times: user=0.01 sys=0.00, real=0.00 secs] 
2649.417: [GC (Allocation Failure) [PSYoungGen: 57216K->1344K(57856K)] 445117K->389245K(559616K), 0.0041445 secs] [Times: user=0.02 sys=0.00, real=0.00 secs] 
2649.938: [GC (Allocation Failure) [PSYoungGen: 57152K->1344K(57856K)] 445053K->389245K(559616K), 0.0042260 secs] [Times: user=0.02 sys=0.00, real=0.00 secs] 
2650.537: [GC (Allocation Failure) [PSYoungGen: 57152K->1408K(57856K)] 445053K->389309K(559616K), 0.0036423 secs] [Times: user=0.02 sys=0.00, real=0.00 secs] 
2651.303: [GC (Allocation Failure) [PSYoungGen: 57216K->1344K(57856K)] 445117K->389245K(559616K), 0.0036593 secs] [Times: user=0.01 sys=0.00, real=0.00 secs] 
2651.871: [GC (Allocation Failure) [PSYoungGen: 57152K->1533K(57856K)] 445053K->389442K(559616K), 0.0016367 secs] [Times: user=0.01 sys=0.00, real=0.00 secs] 
2652.259: [GC (Allocation Failure) [PSYoungGen: 57341K->1533K(57856K)] 445250K->389458K(559616K), 0.0018422 secs] [Times: user=0.01 sys=0.00, real=0.00 secs] 
2652.585: [GC (Allocation Failure) [PSYoungGen: 57341K->1504K(57856K)] 445266K->389429K(559616K), 0.0019284 secs] [Times: user=0.00 sys=0.00, real=0.00 secs] 
2652.974: [GC (Allocation Failure) [PSYoungGen: 57312K->1613K(57856K)] 445237K->389538K(559616K), 0.0017582 secs] [Times: user=0.00 sys=0.00, real=0.00 secs] 
2653.318: [GC (Allocation Failure) [PSYoungGen: 57421K->1504K(57856K)] 445346K->389429K(559616K), 0.0024074 secs] [Times: user=0.01 sys=0.00, real=0.00 secs] 
2653.615: [GC (Allocation Failure) [PSYoungGen: 57312K->1344K(57856K)] 445237K->389277K(559616K), 0.0021552 secs] [Times: user=0.01 sys=0.00, real=0.00 secs] 
2653.868: [GC (Allocation Failure) [PSYoungGen: 57152K->1344K(57856K)] 445085K->389277K(559616K), 0.0022680 secs] [Times: user=0.01 sys=0.00, real=0.00 secs] 
2654.109: [GC (Allocation Failure) [PSYoungGen: 57152K->1376K(57856K)] 445085K->389309K(559616K), 0.0020939 secs] [Times: user=0.01 sys=0.00, real=0.00 secs] 
2654.347: [GC (Allocation Failure) [PSYoungGen: 57184K->1408K(57856K)] 445117K->389341K(559616K), 0.0021326 secs] [Times: user=0.01 sys=0.00, real=0.00 secs] 
2654.682: [GC (Allocation Failure) [PSYoungGen: 57216K->1469K(57856K)] 445149K->389402K(559616K), 0.0017037 secs] [Times: user=0.01 sys=0.00, real=0.01 secs] 
2655.009: [GC (Allocation Failure) [PSYoungGen: 57277K->1565K(57856K)] 445210K->389506K(559616K), 0.0017481 secs] [Times: user=0.00 sys=0.00, real=0.00 secs] 
2655.337: [GC (Allocation Failure) [PSYoungGen: 57373K->1565K(57856K)] 445314K->389506K(559616K), 0.0016718 secs] [Times: user=0.00 sys=0.00, real=0.00 secs] 
2655.663: [GC (Allocation Failure) [PSYoungGen: 57373K->1533K(57856K)] 445314K->389482K(559616K), 0.0017804 secs] [Times: user=0.00 sys=0.00, real=0.01 secs] 
2656.028: [GC (Allocation Failure) [PSYoungGen: 57341K->1648K(57856K)] 445290K->389597K(559616K), 0.0022883 secs] [Times: user=0.01 sys=0.00, real=0.00 secs] 
2656.532: [GC (Allocation Failure) [PSYoungGen: 57456K->1440K(57856K)] 445405K->389389K(559616K), 0.0024433 secs] [Times: user=0.01 sys=0.00, real=0.01 secs] 
2656.980: [GC (Allocation Failure) [PSYoungGen: 57248K->1392K(57856K)] 445197K->389341K(559616K), 0.0024104 secs] [Times: user=0.01 sys=0.00, real=0.00 secs] 
2657.402: [GC (Allocation Failure) [PSYoungGen: 57200K->1376K(57856K)] 445149K->389325K(559616K), 0.0022823 secs] [Times: user=0.01 sys=0.00, real=0.01 secs] 
2657.829: [GC (Allocation Failure) [PSYoungGen: 57184K->1440K(57856K)] 445133K->389389K(559616K), 0.0021098 secs] [Times: user=0.01 sys=0.00, real=0.00 secs] 
2658.304: [GC (Allocation Failure) [PSYoungGen: 57248K->1453K(57856K)] 445197K->389402K(559616K), 0.0022231 secs] [Times: user=0.01 sys=0.00, real=0.00 secs] 
2658.657: [GC (Allocation Failure) [PSYoungGen: 57261K->1581K(57856K)] 445210K->389546K(559616K), 0.0016881 secs] [Times: user=0.00 sys=0.00, real=0.00 secs] 
2659.044: [GC (Allocation Failure) [PSYoungGen: 57389K->1581K(57856K)] 445354K->389546K(559616K), 0.0016895 secs] [Times: user=0.00 sys=0.00, real=0.00 secs] 
2659.435: [GC (Allocation Failure) [PSYoungGen: 57389K->1597K(57856K)] 445354K->389562K(559616K), 0.0018885 secs] [Times: user=0.01 sys=0.00, real=0.00 secs] 
2659.761: [GC (Allocation Failure) [PSYoungGen: 57405K->1581K(57856K)] 445370K->389546K(559616K), 0.0017668 secs] [Times: user=0.01 sys=0.00, real=0.00 secs] 
2660.144: [GC (Allocation Failure) [PSYoungGen: 57389K->1440K(57856K)] 445354K->389405K(559616K), 0.0031189 secs] [Times: user=0.01 sys=0.00, real=0.00 secs] 
2660.393: [GC (Allocation Failure) [PSYoungGen: 57248K->1408K(57856K)] 445213K->389373K(559616K), 0.0021853 secs] [Times: user=0.01 sys=0.00, real=0.00 secs] 
2660.631: [GC (Allocation Failure) [PSYoungGen: 57216K->1360K(57856K)] 445181K->389341K(559616K), 0.0021890 secs] [Times: user=0.01 sys=0.00, real=0.01 secs] 
2660.863: [GC (Allocation Failure) [PSYoungGen: 57168K->1408K(57856K)] 445149K->389389K(559616K), 0.0021384 secs] [Times: user=0.01 sys=0.00, real=0.00 secs] 
2661.285: [GC (Allocation Failure) [PSYoungGen: 57216K->1392K(57856K)] 445197K->389373K(559616K), 0.0021149 secs] [Times: user=0.01 sys=0.00, real=0.00 secs] 
2661.624: [GC (Allocation Failure) [PSYoungGen: 57200K->1469K(57856K)] 445181K->389482K(559616K), 0.0016693 secs] [Times: user=0.01 sys=0.00, real=0.00 secs] 
2661.952: [GC (Allocation Failure) [PSYoungGen: 57277K->1581K(57856K)] 445290K->389594K(559616K), 0.0017396 secs] [Times: user=0.01 sys=0.00, real=0.01 secs] 
2662.279: [GC (Allocation Failure) [PSYoungGen: 57389K->1565K(57856K)] 445402K->389578K(559616K), 0.0017161 secs] [Times: user=0.01 sys=0.00, real=0.00 secs] 
2662.607: [GC (Allocation Failure) [PSYoungGen: 57373K->1517K(57856K)] 445386K->389530K(559616K), 0.0016638 secs] [Times: user=0.00 sys=0.00, real=0.00 secs] 
2662.947: [GC (Allocation Failure) [PSYoungGen: 57325K->1504K(57856K)] 445338K->389517K(559616K), 0.0017194 secs] [Times: user=0.01 sys=0.00, real=0.00 secs] 
2663.179: [GC (Allocation Failure) [PSYoungGen: 57312K->1392K(57856K)] 445325K->389405K(559616K), 0.0017163 secs] [Times: user=0.01 sys=0.00, real=0.00 secs] 
2663.442: [GC (Allocation Failure) [PSYoungGen: 57200K->1376K(57856K)] 445213K->389389K(559616K), 0.0016504 secs] [Times: user=0.00 sys=0.00, real=0.01 secs] 
2663.717: [GC (Allocation Failure) [PSYoungGen: 57184K->1376K(57856K)] 445197K->389389K(559616K), 0.0020096 secs] [Times: user=0.01 sys=0.00, real=0.00 secs] 
2664.175: [GC (Allocation Failure) [PSYoungGen: 57184K->1344K(57856K)] 445197K->389357K(559616K), 0.0021467 secs] [Times: user=0.01 sys=0.00, real=0.00 secs] 
2664.711: [GC (Allocation Failure) [PSYoungGen: 57152K->1453K(57856K)] 445165K->389466K(559616K), 0.0022959 secs] [Times: user=0.01 sys=0.00, real=0.01 secs] 
2665.071: [GC (Allocation Failure) [PSYoungGen: 57261K->1565K(57856K)] 445274K->389586K(559616K), 0.0018980 secs] [Times: user=0.01 sys=0.00, real=0.00 secs] 
2665.458: [GC (Allocation Failure) [PSYoungGen: 57373K->1533K(57856K)] 445394K->389554K(559616K), 0.0017040 secs] [Times: user=0.01 sys=0.00, real=0.00 secs] 
2665.786: [GC (Allocation Failure) [PSYoungGen: 57341K->1501K(57856K)] 445362K->389522K(559616K), 0.0018249 secs] [Times: user=0.01 sys=0.00, real=0.00 secs] 
2666.113: [GC (Allocation Failure) [PSYoungGen: 57280K->1533K(57856K)] 445301K->389554K(559616K), 0.0018486 secs] [Times: user=0.01 sys=0.00, real=0.01 secs] 
2666.438: [GC (Allocation Failure) [PSYoungGen: 57341K->1408K(57856K)] 445362K->389429K(559616K), 0.0029415 secs] [Times: user=0.01 sys=0.00, real=0.00 secs] 
2666.706: [GC (Allocation Failure) [PSYoungGen: 57216K->1376K(57856K)] 445237K->389397K(559616K), 0.0022198 secs] [Times: user=0.01 sys=0.00, real=0.00 secs] 
2667.043: [GC (Allocation Failure) [PSYoungGen: 57184K->1376K(57856K)] 445205K->389397K(559616K), 0.0020566 secs] [Times: user=0.01 sys=0.00, real=0.00 secs] 
2667.534: [GC (Allocation Failure) [PSYoungGen: 57184K->1376K(57856K)] 445205K->389397K(559616K), 0.0022931 secs] [Times: user=0.01 sys=0.00, real=0.00 secs] 
2667.975: [GC (Allocation Failure) [PSYoungGen: 57184K->1440K(57856K)] 445205K->389461K(559616K), 0.0021328 secs] [Times: user=0.01 sys=0.00, real=0.00 secs] 
2668.364: [GC (Allocation Failure) [PSYoungGen: 57248K->1533K(57856K)] 445269K->389570K(559616K), 0.0017913 secs] [Times: user=0.01 sys=0.00, real=0.00 secs] 
2668.690: [GC (Allocation Failure) [PSYoungGen: 57341K->1597K(57856K)] 445378K->389634K(559616K), 0.0017972 secs] [Times: user=0.01 sys=0.00, real=0.00 secs] 
2669.017: [GC (Allocation Failure) [PSYoungGen: 57405K->1536K(57856K)] 445442K->389573K(559616K), 0.0017992 secs] [Times: user=0.00 sys=0.00, real=0.00 secs] 
2669.345: [GC (Allocation Failure) [PSYoungGen: 57344K->1565K(57856K)] 445381K->389602K(559616K), 0.0017763 secs] [Times: user=0.00 sys=0.00, real=0.00 secs] 
2670.378: [GC (Allocation Failure) [PSYoungGen: 57373K->1488K(57856K)] 445410K->389525K(559616K), 0.0042999 secs] [Times: user=0.02 sys=0.01, real=0.00 secs] 
2671.170: [GC (Allocation Failure) [PSYoungGen: 57296K->1408K(57856K)] 445333K->389445K(559616K), 0.0034255 secs] [Times: user=0.01 sys=0.00, real=0.00 secs] 
2671.773: [GC (Allocation Failure) [PSYoungGen: 57216K->1440K(57856K)] 445253K->389493K(559616K), 0.0033236 secs] [Times: user=0.01 sys=0.00, real=0.00 secs] 
2672.219: [GC (Allocation Failure) [PSYoungGen: 57248K->1408K(57856K)] 445301K->389461K(559616K), 0.0028913 secs] [Times: user=0.01 sys=0.00, real=0.00 secs] 
2672.701: [GC (Allocation Failure) [PSYoungGen: 57216K->1344K(57856K)] 445269K->389397K(559616K), 0.0030960 secs] [Times: user=0.01 sys=0.00, real=0.01 secs] 
2673.254: [GC (Allocation Failure) [PSYoungGen: 57152K->1501K(57856K)] 445205K->389554K(559616K), 0.0016438 secs] [Times: user=0.00 sys=0.00, real=0.00 secs] 
2673.579: [GC (Allocation Failure) [PSYoungGen: 57309K->1581K(57856K)] 445362K->389642K(559616K), 0.0018055 secs] [Times: user=0.01 sys=0.00, real=0.00 secs] 
2673.908: [GC (Allocation Failure) [PSYoungGen: 57389K->1533K(57856K)] 445450K->389594K(559616K), 0.0016944 secs] [Times: user=0.00 sys=0.00, real=0.00 secs] 
2674.234: [GC (Allocation Failure) [PSYoungGen: 57341K->1533K(57856K)] 445402K->389594K(559616K), 0.0018024 secs] [Times: user=0.01 sys=0.00, real=0.00 secs] 
2674.595: [GC (Allocation Failure) [PSYoungGen: 57341K->1648K(57856K)] 445402K->389709K(559616K), 0.0019285 secs] [Times: user=0.01 sys=0.00, real=0.00 secs] 
2675.155: [GC (Allocation Failure) [PSYoungGen: 57456K->1408K(57856K)] 445517K->389469K(559616K), 0.0024781 secs] [Times: user=0.01 sys=0.00, real=0.00 secs] 
2675.598: [GC (Allocation Failure) [PSYoungGen: 57216K->1376K(57856K)] 445277K->389445K(559616K), 0.0032214 secs] [Times: user=0.02 sys=0.00, real=0.00 secs] 
2675.827: [GC (Allocation Failure) [PSYoungGen: 57184K->1392K(57856K)] 445253K->389461K(559616K), 0.0028015 secs] [Times: user=0.01 sys=0.00, real=0.00 secs] 
2676.058: [GC (Allocation Failure) [PSYoungGen: 57200K->1376K(57856K)] 445269K->389445K(559616K), 0.0021234 secs] [Times: user=0.01 sys=0.01, real=0.00 secs] 
2676.310: [GC (Allocation Failure) [PSYoungGen: 57184K->1453K(57856K)] 445253K->389522K(559616K), 0.0019517 secs] [Times: user=0.01 sys=0.00, real=0.00 secs] 
2676.647: [GC (Allocation Failure) [PSYoungGen: 57261K->1565K(57856K)] 445330K->389642K(559616K), 0.0018330 secs] [Times: user=0.00 sys=0.00, real=0.00 secs] 
2676.977: [GC (Allocation Failure) [PSYoungGen: 57373K->1600K(57856K)] 445450K->389677K(559616K), 0.0016707 secs] [Times: user=0.01 sys=0.00, real=0.00 secs] 
2677.359: [GC (Allocation Failure) [PSYoungGen: 57408K->1565K(57856K)] 445485K->389642K(559616K), 0.0017356 secs] [Times: user=0.01 sys=0.00, real=0.00 secs] 
2677.694: [GC (Allocation Failure) [PSYoungGen: 57373K->1565K(57856K)] 445450K->389642K(559616K), 0.0017416 secs] [Times: user=0.01 sys=0.00, real=0.00 secs] 
2678.114: [GC (Allocation Failure) [PSYoungGen: 57373K->1408K(57856K)] 445450K->389485K(559616K), 0.0024525 secs] [Times: user=0.01 sys=0.00, real=0.00 secs] 
2678.547: [GC (Allocation Failure) [PSYoungGen: 57216K->1376K(57856K)] 445293K->389453K(559616K), 0.0038769 secs] [Times: user=0.02 sys=0.00, real=0.00 secs] 
2679.063: [GC (Allocation Failure) [PSYoungGen: 57184K->1376K(57856K)] 445261K->389453K(559616K), 0.0040872 secs] [Times: user=0.01 sys=0.00, real=0.00 secs] 
2679.583: [GC (Allocation Failure) [PSYoungGen: 57184K->1344K(57856K)] 445261K->389421K(559616K), 0.0040184 secs] [Times: user=0.02 sys=0.00, real=0.01 secs] 
2680.144: [GC (Allocation Failure) [PSYoungGen: 57152K->1376K(57856K)] 445229K->389453K(559616K), 0.0033594 secs] [Times: user=0.02 sys=0.00, real=0.00 secs] 
2680.639: [GC (Allocation Failure) [PSYoungGen: 57184K->1533K(57856K)] 445261K->389618K(559616K), 0.0017746 secs] [Times: user=0.00 sys=0.00, real=0.00 secs] 
2680.966: [GC (Allocation Failure) [PSYoungGen: 57341K->1552K(57856K)] 445426K->389661K(559616K), 0.0017812 secs] [Times: user=0.01 sys=0.00, real=0.00 secs] 
2681.294: [GC (Allocation Failure) [PSYoungGen: 57360K->1504K(57856K)] 445469K->389613K(559616K), 0.0017372 secs] [Times: user=0.01 sys=0.00, real=0.00 secs] 
2681.621: [GC (Allocation Failure) [PSYoungGen: 57312K->1565K(57856K)] 445421K->389674K(559616K), 0.0018670 secs] [Times: user=0.01 sys=0.00, real=0.01 secs] 
2682.046: [GC (Allocation Failure) [PSYoungGen: 57373K->1488K(57856K)] 445482K->389597K(559616K), 0.0021528 secs] [Times: user=0.01 sys=0.00, real=0.00 secs] 
2682.657: [GC (Allocation Failure) [PSYoungGen: 57296K->1344K(57856K)] 445405K->389453K(559616K), 0.0032896 secs] [Times: user=0.01 sys=0.00, real=0.00 secs] 
2683.131: [GC (Allocation Failure) [PSYoungGen: 57152K->1344K(57856K)] 445261K->389453K(559616K), 0.0030548 secs] [Times: user=0.01 sys=0.00, real=0.01 secs] 
2683.395: [GC (Allocation Failure) [PSYoungGen: 57152K->1376K(57856K)] 445261K->389485K(559616K), 0.0022749 secs] [Times: user=0.01 sys=0.00, real=0.00 secs] 
2683.689: [GC (Allocation Failure) [PSYoungGen: 57184K->1344K(57856K)] 445293K->389453K(559616K), 0.0021764 secs] [Times: user=0.01 sys=0.00, real=0.00 secs] 
2684.120: [GC (Allocation Failure) [PSYoungGen: 57152K->1517K(57856K)] 445261K->389626K(559616K), 0.0026102 secs] [Times: user=0.01 sys=0.00, real=0.00 secs] 
2684.503: [GC (Allocation Failure) [PSYoungGen: 57325K->1581K(57856K)] 445434K->389706K(559616K), 0.0019661 secs] [Times: user=0.00 sys=0.00, real=0.00 secs] 
2684.830: [GC (Allocation Failure) [PSYoungGen: 57389K->1565K(57856K)] 445514K->389690K(559616K), 0.0017922 secs] [Times: user=0.00 sys=0.00, real=0.00 secs] 
2685.224: [GC (Allocation Failure) [PSYoungGen: 57373K->1565K(57856K)] 445498K->389690K(559616K), 0.0019586 secs] [Times: user=0.00 sys=0.00, real=0.00 secs] 
2685.553: [GC (Allocation Failure) [PSYoungGen: 57373K->1533K(57856K)] 445498K->389658K(559616K), 0.0017563 secs] [Times: user=0.01 sys=0.00, real=0.00 secs] 
2685.894: [GC (Allocation Failure) [PSYoungGen: 57341K->1440K(57856K)] 445466K->389565K(559616K), 0.0030818 secs] [Times: user=0.01 sys=0.00, real=0.00 secs] 
2686.125: [GC (Allocation Failure) [PSYoungGen: 57248K->1408K(57856K)] 445373K->389533K(559616K), 0.0021553 secs] [Times: user=0.01 sys=0.00, real=0.00 secs] 
2686.413: [GC (Allocation Failure) [PSYoungGen: 57216K->1408K(57856K)] 445341K->389533K(559616K), 0.0020991 secs] [Times: user=0.01 sys=0.00, real=0.00 secs] 
2686.682: [GC (Allocation Failure) [PSYoungGen: 57216K->1408K(57856K)] 445341K->389533K(559616K), 0.0021028 secs] [Times: user=0.01 sys=0.00, real=0.01 secs] 
2686.914: [GC (Allocation Failure) [PSYoungGen: 57216K->1376K(57856K)] 445341K->389501K(559616K), 0.0023412 secs] [Times: user=0.01 sys=0.00, real=0.00 secs] 
2687.264: [GC (Allocation Failure) [PSYoungGen: 57178K->1549K(57856K)] 445303K->389690K(559616K), 0.0016688 secs] [Times: user=0.01 sys=0.00, real=0.00 secs] 
2687.656: [GC (Allocation Failure) [PSYoungGen: 57357K->1565K(57856K)] 445498K->389706K(559616K), 0.0017522 secs] [Times: user=0.00 sys=0.00, real=0.00 secs] 
2688.042: [GC (Allocation Failure) [PSYoungGen: 57373K->1533K(57856K)] 445514K->389674K(559616K), 0.0017304 secs] [Times: user=0.01 sys=0.00, real=0.01 secs] 
2688.369: [GC (Allocation Failure) [PSYoungGen: 57341K->1597K(57856K)] 445482K->389738K(559616K), 0.0017857 secs] [Times: user=0.01 sys=0.00, real=0.00 secs] 
2689.457: [GC (Allocation Failure) [PSYoungGen: 57405K->1440K(57856K)] 445546K->389581K(559616K), 0.0045907 secs] [Times: user=0.02 sys=0.00, real=0.00 secs] 
2690.320: [GC (Allocation Failure) [PSYoungGen: 57248K->1344K(57856K)] 445389K->389485K(559616K), 0.0042538 secs] [Times: user=0.02 sys=0.00, real=0.01 secs] 
2690.587: [GC (Allocation Failure) [PSYoungGen: 57152K->1408K(57856K)] 445293K->389549K(559616K), 0.0022710 secs] [Times: user=0.01 sys=0.00, real=0.00 secs] 
2690.819: [GC (Allocation Failure) [PSYoungGen: 57216K->1408K(57856K)] 445357K->389565K(559616K), 0.0022606 secs] [Times: user=0.01 sys=0.00, real=0.00 secs] 
2691.053: [GC (Allocation Failure) [PSYoungGen: 57216K->1344K(57856K)] 445373K->389501K(559616K), 0.0020463 secs] [Times: user=0.01 sys=0.00, real=0.01 secs] 
2691.356: [GC (Allocation Failure) [PSYoungGen: 57152K->1501K(57856K)] 445309K->389658K(559616K), 0.0017305 secs] [Times: user=0.01 sys=0.00, real=0.00 secs] 
2691.683: [GC (Allocation Failure) [PSYoungGen: 57309K->1584K(57856K)] 445466K->389757K(559616K), 0.0018503 secs] [Times: user=0.01 sys=0.00, real=0.01 secs] 
2692.012: [GC (Allocation Failure) [PSYoungGen: 57392K->1581K(57856K)] 445565K->389754K(559616K), 0.0017692 secs] [Times: user=0.01 sys=0.00, real=0.01 secs] 
2692.350: [GC (Allocation Failure) [PSYoungGen: 57389K->1565K(57856K)] 445562K->389738K(559616K), 0.0016836 secs] [Times: user=0.01 sys=0.00, real=0.00 secs] 
2692.789: [GC (Allocation Failure) [PSYoungGen: 57373K->1728K(57856K)] 445546K->389901K(559616K), 0.0022521 secs] [Times: user=0.01 sys=0.01, real=0.00 secs] 
2693.788: [GC (Allocation Failure) [PSYoungGen: 57536K->1392K(57856K)] 445709K->389565K(559616K), 0.0033901 secs] [Times: user=0.02 sys=0.00, real=0.00 secs] 
2694.457: [GC (Allocation Failure) [PSYoungGen: 57200K->1376K(57856K)] 445373K->389549K(559616K), 0.0034323 secs] [Times: user=0.02 sys=0.00, real=0.00 secs] 
2694.915: [GC (Allocation Failure) [PSYoungGen: 57184K->1408K(57856K)] 445357K->389581K(559616K), 0.0034790 secs] [Times: user=0.02 sys=0.00, real=0.00 secs] 
2695.173: [GC (Allocation Failure) [PSYoungGen: 57216K->1408K(57856K)] 445389K->389581K(559616K), 0.0030302 secs] [Times: user=0.01 sys=0.00, real=0.01 secs] 
2695.484: [GC (Allocation Failure) [PSYoungGen: 57216K->1501K(57856K)] 445389K->389674K(559616K), 0.0022587 secs] [Times: user=0.01 sys=0.00, real=0.00 secs] 
2695.831: [GC (Allocation Failure) [PSYoungGen: 57302K->1565K(57856K)] 445475K->389754K(559616K), 0.0017021 secs] [Times: user=0.00 sys=0.00, real=0.00 secs] 
2696.158: [GC (Allocation Failure) [PSYoungGen: 57373K->1629K(57856K)] 445562K->389818K(559616K), 0.0017005 secs] [Times: user=0.01 sys=0.00, real=0.00 secs] 
2696.485: [GC (Allocation Failure) [PSYoungGen: 57437K->1565K(57856K)] 445626K->389754K(559616K), 0.0017532 secs] [Times: user=0.01 sys=0.00, real=0.00 secs] 
2696.812: [GC (Allocation Failure) [PSYoungGen: 57373K->1597K(57856K)] 445562K->389786K(559616K), 0.0018190 secs] [Times: user=0.01 sys=0.00, real=0.01 secs] 
2697.434: [GC (Allocation Failure) [PSYoungGen: 57405K->1408K(57856K)] 445594K->389597K(559616K), 0.0022055 secs] [Times: user=0.01 sys=0.00, real=0.00 secs] 
2697.941: [GC (Allocation Failure) [PSYoungGen: 57216K->1408K(57856K)] 445405K->389597K(559616K), 0.0043537 secs] [Times: user=0.02 sys=0.00, real=0.01 secs] 
2698.435: [GC (Allocation Failure) [PSYoungGen: 57216K->1360K(57856K)] 445405K->389549K(559616K), 0.0033035 secs] [Times: user=0.02 sys=0.00, real=0.00 secs] 
2698.932: [GC (Allocation Failure) [PSYoungGen: 57168K->1360K(57856K)] 445357K->389549K(559616K), 0.0028616 secs] [Times: user=0.02 sys=0.00, real=0.01 secs] 
2699.365: [GC (Allocation Failure) [PSYoungGen: 57168K->1376K(57856K)] 445357K->389565K(559616K), 0.0021596 secs] [Times: user=0.01 sys=0.00, real=0.00 secs] 
2699.693: [GC (Allocation Failure) [PSYoungGen: 57184K->1549K(57856K)] 445373K->389762K(559616K), 0.0016887 secs] [Times: user=0.00 sys=0.00, real=0.01 secs] 
2700.018: [GC (Allocation Failure) [PSYoungGen: 57357K->1581K(57856K)] 445570K->389794K(559616K), 0.0017537 secs] [Times: user=0.01 sys=0.00, real=0.00 secs] 
2700.346: [GC (Allocation Failure) [PSYoungGen: 57389K->1501K(57856K)] 445602K->389714K(559616K), 0.0016851 secs] [Times: user=0.01 sys=0.00, real=0.00 secs] 
2700.673: [GC (Allocation Failure) [PSYoungGen: 57309K->1565K(57856K)] 445522K->389802K(559616K), 0.0017552 secs] [Times: user=0.01 sys=0.00, real=0.01 secs] 
2701.148: [GC (Allocation Failure) [PSYoungGen: 57373K->1472K(57856K)] 445610K->389709K(559616K), 0.0021135 secs] [Times: user=0.01 sys=0.00, real=0.00 secs] 
2701.605: [GC (Allocation Failure) [PSYoungGen: 57280K->1408K(57856K)] 445517K->389645K(559616K), 0.0021095 secs] [Times: user=0.01 sys=0.00, real=0.00 secs] 
2701.998: [GC (Allocation Failure) [PSYoungGen: 57216K->1440K(57856K)] 445453K->389677K(559616K), 0.0043765 secs] [Times: user=0.02 sys=0.00, real=0.00 secs] 
2702.418: [GC (Allocation Failure) [PSYoungGen: 57248K->1344K(57856K)] 445485K->389581K(559616K), 0.0035429 secs] [Times: user=0.02 sys=0.00, real=0.00 secs] 
2702.879: [GC (Allocation Failure) [PSYoungGen: 57152K->1440K(57856K)] 445389K->389677K(559616K), 0.0042138 secs] [Times: user=0.02 sys=0.00, real=0.01 secs] 
2703.685: [GC (Allocation Failure) [PSYoungGen: 57248K->1485K(57856K)] 445485K->389722K(559616K), 0.0021726 secs] [Times: user=0.01 sys=0.00, real=0.00 secs] 
2704.031: [GC (Allocation Failure) [PSYoungGen: 57293K->1565K(57856K)] 445530K->389818K(559616K), 0.0018762 secs] [Times: user=0.01 sys=0.00, real=0.01 secs] 
2704.416: [GC (Allocation Failure) [PSYoungGen: 57373K->1565K(57856K)] 445626K->389818K(559616K), 0.0017587 secs] [Times: user=0.01 sys=0.00, real=0.00 secs] 
2704.749: [GC (Allocation Failure) [PSYoungGen: 57373K->1533K(57856K)] 445626K->389786K(559616K), 0.0017298 secs] [Times: user=0.00 sys=0.00, real=0.00 secs] 
2705.139: [GC (Allocation Failure) [PSYoungGen: 57341K->1565K(57856K)] 445594K->389818K(559616K), 0.0017210 secs] [Times: user=0.01 sys=0.00, real=0.00 secs] 
2705.839: [GC (Allocation Failure) [PSYoungGen: 57373K->1472K(57856K)] 445626K->389725K(559616K), 0.0043906 secs] [Times: user=0.02 sys=0.00, real=0.01 secs] 
2706.285: [GC (Allocation Failure) [PSYoungGen: 57280K->1408K(57856K)] 445533K->389661K(559616K), 0.0028513 secs] [Times: user=0.01 sys=0.01, real=0.00 secs] 
2706.627: [GC (Allocation Failure) [PSYoungGen: 57216K->1408K(57856K)] 445469K->389661K(559616K), 0.0029291 secs] [Times: user=0.01 sys=0.00, real=0.00 secs] 
2706.971: [GC (Allocation Failure) [PSYoungGen: 57216K->1376K(57856K)] 445469K->389629K(559616K), 0.0024990 secs] [Times: user=0.01 sys=0.01, real=0.01 secs] 
2707.341: [GC (Allocation Failure) [PSYoungGen: 57184K->1376K(57856K)] 445437K->389629K(559616K), 0.0023437 secs] [Times: user=0.01 sys=0.00, real=0.01 secs] 
2707.721: [GC (Allocation Failure) [PSYoungGen: 57166K->1549K(57856K)] 445419K->389818K(559616K), 0.0016427 secs] [Times: user=0.01 sys=0.00, real=0.00 secs] 
2708.051: [GC (Allocation Failure) [PSYoungGen: 57357K->1552K(57856K)] 445626K->389821K(559616K), 0.0018050 secs] [Times: user=0.01 sys=0.00, real=0.00 secs] 
2708.379: [GC (Allocation Failure) [PSYoungGen: 57360K->1549K(57856K)] 445629K->389818K(559616K), 0.0017342 secs] [Times: user=0.01 sys=0.00, real=0.00 secs] 
2708.709: [GC (Allocation Failure) [PSYoungGen: 57357K->1552K(57856K)] 445626K->389821K(559616K), 0.0017434 secs] [Times: user=0.00 sys=0.00, real=0.00 secs] 
2709.410: [GC (Allocation Failure) [PSYoungGen: 57360K->1456K(57856K)] 445629K->389725K(559616K), 0.0027113 secs] [Times: user=0.02 sys=0.00, real=0.00 secs] 
2710.149: [GC (Allocation Failure) [PSYoungGen: 57264K->1312K(57856K)] 445533K->389581K(559616K), 0.0036503 secs] [Times: user=0.01 sys=0.00, real=0.00 secs] 
2710.992: [GC (Allocation Failure) [PSYoungGen: 57120K->1376K(57856K)] 445389K->389645K(559616K), 0.0044645 secs] [Times: user=0.02 sys=0.00, real=0.01 secs] 
2711.736: [GC (Allocation Failure) [PSYoungGen: 57184K->1376K(57856K)] 445453K->389645K(559616K), 0.0033573 secs] [Times: user=0.02 sys=0.00, real=0.00 secs] 
2712.194: [GC (Allocation Failure) [PSYoungGen: 57184K->1440K(57856K)] 445453K->389709K(559616K), 0.0033524 secs] [Times: user=0.01 sys=0.00, real=0.00 secs] 
2712.700: [GC (Allocation Failure) [PSYoungGen: 57242K->1437K(57856K)] 445511K->389730K(559616K), 0.0016546 secs] [Times: user=0.01 sys=0.00, real=0.00 secs] 
2713.031: [GC (Allocation Failure) [PSYoungGen: 57245K->1565K(57856K)] 445538K->389874K(559616K), 0.0017164 secs] [Times: user=0.01 sys=0.00, real=0.00 secs] 
2713.359: [GC (Allocation Failure) [PSYoungGen: 57373K->1533K(57856K)] 445682K->389842K(559616K), 0.0018197 secs] [Times: user=0.00 sys=0.00, real=0.00 secs] 
2713.686: [GC (Allocation Failure) [PSYoungGen: 57341K->1613K(57856K)] 445650K->389922K(559616K), 0.0016819 secs] [Times: user=0.01 sys=0.00, real=0.00 secs] 
2714.090: [GC (Allocation Failure) [PSYoungGen: 57421K->1760K(57856K)] 445730K->390069K(559616K), 0.0021782 secs] [Times: user=0.00 sys=0.00, real=0.00 secs] 
2714.937: [GC (Allocation Failure) [PSYoungGen: 57568K->1440K(57856K)] 445877K->389749K(559616K), 0.0041974 secs] [Times: user=0.02 sys=0.00, real=0.00 secs] 
2715.705: [GC (Allocation Failure) [PSYoungGen: 57248K->1376K(57856K)] 445557K->389685K(559616K), 0.0042460 secs] [Times: user=0.02 sys=0.00, real=0.00 secs] 
2716.453: [GC (Allocation Failure) [PSYoungGen: 57184K->1392K(57856K)] 445493K->389701K(559616K), 0.0045622 secs] [Times: user=0.02 sys=0.00, real=0.00 secs] 
2716.907: [GC (Allocation Failure) [PSYoungGen: 57200K->1440K(57856K)] 445509K->389749K(559616K), 0.0028809 secs] [Times: user=0.01 sys=0.00, real=0.00 secs] 
2717.491: [GC (Allocation Failure) [PSYoungGen: 57248K->1501K(57856K)] 445557K->389810K(559616K), 0.0027176 secs] [Times: user=0.01 sys=0.00, real=0.01 secs] 
2717.881: [GC (Allocation Failure) [PSYoungGen: 57309K->1597K(57856K)] 445618K->389914K(559616K), 0.0018050 secs] [Times: user=0.01 sys=0.00, real=0.00 secs] 
2718.213: [GC (Allocation Failure) [PSYoungGen: 57405K->1581K(57856K)] 445722K->389898K(559616K), 0.0017233 secs] [Times: user=0.01 sys=0.00, real=0.01 secs] 
2718.541: [GC (Allocation Failure) [PSYoungGen: 57389K->1568K(57856K)] 445706K->389885K(559616K), 0.0017203 secs] [Times: user=0.01 sys=0.00, real=0.00 secs] 
2718.868: [GC (Allocation Failure) [PSYoungGen: 57376K->1581K(57856K)] 445693K->389898K(559616K), 0.0016547 secs] [Times: user=0.01 sys=0.00, real=0.00 secs] 
2719.213: [GC (Allocation Failure) [PSYoungGen: 57389K->1456K(57856K)] 445706K->389773K(559616K), 0.0020406 secs] [Times: user=0.01 sys=0.00, real=0.00 secs] 
2719.447: [GC (Allocation Failure) [PSYoungGen: 57264K->1376K(57856K)] 445581K->389693K(559616K), 0.0020405 secs] [Times: user=0.01 sys=0.00, real=0.00 secs] 
2719.755: [GC (Allocation Failure) [PSYoungGen: 57184K->1376K(57856K)] 445501K->389693K(559616K), 0.0021341 secs] [Times: user=0.01 sys=0.00, real=0.00 secs] 
2720.046: [GC (Allocation Failure) [PSYoungGen: 57184K->1376K(57856K)] 445501K->389693K(559616K), 0.0029888 secs] [Times: user=0.01 sys=0.00, real=0.00 secs] 
2720.430: [GC (Allocation Failure) [PSYoungGen: 57184K->1328K(57856K)] 445501K->389645K(559616K), 0.0025612 secs] [Times: user=0.01 sys=0.00, real=0.00 secs] 
2720.849: [GC (Allocation Failure) [PSYoungGen: 57136K->1533K(57856K)] 445453K->389866K(559616K), 0.0016984 secs] [Times: user=0.00 sys=0.00, real=0.00 secs] 
2721.175: [GC (Allocation Failure) [PSYoungGen: 57341K->1565K(57856K)] 445674K->389922K(559616K), 0.0016686 secs] [Times: user=0.01 sys=0.00, real=0.00 secs] 
2721.503: [GC (Allocation Failure) [PSYoungGen: 57373K->1581K(57856K)] 445730K->389938K(559616K), 0.0016671 secs] [Times: user=0.00 sys=0.00, real=0.00 secs] 
2721.830: [GC (Allocation Failure) [PSYoungGen: 57389K->1565K(57856K)] 445746K->389922K(559616K), 0.0017944 secs] [Times: user=0.01 sys=0.00, real=0.00 secs] 
2722.339: [GC (Allocation Failure) [PSYoungGen: 57373K->1488K(57856K)] 445730K->389845K(559616K), 0.0024235 secs] [Times: user=0.01 sys=0.00, real=0.00 secs] 
2722.913: [GC (Allocation Failure) [PSYoungGen: 57296K->1344K(57856K)] 445653K->389701K(559616K), 0.0024571 secs] [Times: user=0.01 sys=0.00, real=0.00 secs] 
2723.429: [GC (Allocation Failure) [PSYoungGen: 57152K->1344K(57856K)] 445509K->389701K(559616K), 0.0036301 secs] [Times: user=0.02 sys=0.00, real=0.00 secs] 
2723.908: [GC (Allocation Failure) [PSYoungGen: 57152K->1376K(57856K)] 445509K->389733K(559616K), 0.0030062 secs] [Times: user=0.01 sys=0.00, real=0.00 secs] 
2724.447: [GC (Allocation Failure) [PSYoungGen: 57184K->1408K(57856K)] 445541K->389765K(559616K), 0.0034176 secs] [Times: user=0.01 sys=0.00, real=0.00 secs] 
2725.089: [GC (Allocation Failure) [PSYoungGen: 57216K->1453K(57856K)] 445573K->389810K(559616K), 0.0022655 secs] [Times: user=0.01 sys=0.00, real=0.00 secs] 
2725.442: [GC (Allocation Failure) [PSYoungGen: 57261K->1533K(57856K)] 445618K->389898K(559616K), 0.0018780 secs] [Times: user=0.01 sys=0.00, real=0.01 secs] 
2725.768: [GC (Allocation Failure) [PSYoungGen: 57341K->1549K(57856K)] 445706K->389914K(559616K), 0.0017496 secs] [Times: user=0.01 sys=0.00, real=0.00 secs] 
2726.094: [GC (Allocation Failure) [PSYoungGen: 57357K->1597K(57856K)] 445722K->389962K(559616K), 0.0017257 secs] [Times: user=0.00 sys=0.00, real=0.00 secs] 
2726.426: [GC (Allocation Failure) [PSYoungGen: 57405K->1597K(57856K)] 445770K->389962K(559616K), 0.0017412 secs] [Times: user=0.01 sys=0.00, real=0.00 secs] 
2726.827: [GC (Allocation Failure) [PSYoungGen: 57405K->1408K(57856K)] 445770K->389773K(559616K), 0.0019523 secs] [Times: user=0.01 sys=0.00, real=0.00 secs] 
2727.089: [GC (Allocation Failure) [PSYoungGen: 57216K->1392K(57856K)] 445581K->389757K(559616K), 0.0022261 secs] [Times: user=0.01 sys=0.00, real=0.00 secs] 
2727.403: [GC (Allocation Failure) [PSYoungGen: 57200K->1392K(57856K)] 445565K->389757K(559616K), 0.0021593 secs] [Times: user=0.01 sys=0.00, real=0.01 secs] 
2727.650: [GC (Allocation Failure) [PSYoungGen: 57200K->1376K(57856K)] 445565K->389741K(559616K), 0.0021177 secs] [Times: user=0.01 sys=0.00, real=0.00 secs] 
2727.961: [GC (Allocation Failure) [PSYoungGen: 57184K->1408K(57856K)] 445549K->389773K(559616K), 0.0021467 secs] [Times: user=0.01 sys=0.01, real=0.01 secs] 
2728.310: [GC (Allocation Failure) [PSYoungGen: 57216K->1517K(57856K)] 445581K->389906K(559616K), 0.0018263 secs] [Times: user=0.01 sys=0.00, real=0.00 secs] 
2728.636: [GC (Allocation Failure) [PSYoungGen: 57325K->1597K(57856K)] 445714K->389986K(559616K), 0.0016876 secs] [Times: user=0.01 sys=0.00, real=0.00 secs] 
2729.020: [GC (Allocation Failure) [PSYoungGen: 57405K->1597K(57856K)] 445794K->389986K(559616K), 0.0017613 secs] [Times: user=0.01 sys=0.00, real=0.00 secs] 
2729.347: [GC (Allocation Failure) [PSYoungGen: 57405K->1613K(57856K)] 445794K->390002K(559616K), 0.0017125 secs] [Times: user=0.01 sys=0.00, real=0.00 secs] 
2729.748: [GC (Allocation Failure) [PSYoungGen: 57421K->1440K(57856K)] 445810K->389829K(559616K), 0.0024568 secs] [Times: user=0.01 sys=0.01, real=0.00 secs] 
2730.003: [GC (Allocation Failure) [PSYoungGen: 57248K->1376K(57856K)] 445637K->389781K(559616K), 0.0024386 secs] [Times: user=0.01 sys=0.00, real=0.00 secs] 
2730.235: [GC (Allocation Failure) [PSYoungGen: 57184K->1408K(57856K)] 445589K->389813K(559616K), 0.0021732 secs] [Times: user=0.01 sys=0.00, real=0.00 secs] 
2730.467: [GC (Allocation Failure) [PSYoungGen: 57216K->1344K(57856K)] 445621K->389749K(559616K), 0.0021999 secs] [Times: user=0.01 sys=0.00, real=0.00 secs] 
2730.748: [GC (Allocation Failure) [PSYoungGen: 57152K->1408K(57856K)] 445557K->389813K(559616K), 0.0021684 secs] [Times: user=0.01 sys=0.00, real=0.00 secs] 
2731.090: [GC (Allocation Failure) [PSYoungGen: 57214K->1469K(57856K)] 445620K->389874K(559616K), 0.0017434 secs] [Times: user=0.01 sys=0.00, real=0.00 secs] 
2731.417: [GC (Allocation Failure) [PSYoungGen: 57277K->1549K(57856K)] 445682K->389970K(559616K), 0.0017148 secs] [Times: user=0.00 sys=0.00, real=0.00 secs] 
2731.741: [GC (GCLocker Initiated GC) [PSYoungGen: 57357K->1549K(57856K)] 445778K->389970K(559616K), 0.0016735 secs] [Times: user=0.01 sys=0.00, real=0.01 secs] 
2732.071: [GC (Allocation Failure) [PSYoungGen: 57357K->1456K(57856K)] 446067K->390166K(559616K), 0.0016860 secs] [Times: user=0.01 sys=0.00, real=0.01 secs] 
2732.500: [GC (Allocation Failure) [PSYoungGen: 57264K->2016K(57856K)] 445974K->390758K(559616K), 0.0020236 secs] [Times: user=0.00 sys=0.00, real=0.00 secs] 
2733.164: [GC (Allocation Failure) [PSYoungGen: 57824K->1408K(57856K)] 446566K->390150K(559616K), 0.0021405 secs] [Times: user=0.01 sys=0.00, real=0.00 secs] 
2733.758: [GC (Allocation Failure) [PSYoungGen: 57216K->1408K(57856K)] 445958K->390150K(559616K), 0.0033391 secs] [Times: user=0.01 sys=0.00, real=0.00 secs] 
2734.210: [GC (Allocation Failure) [PSYoungGen: 57216K->1440K(57856K)] 445958K->390182K(559616K), 0.0033178 secs] [Times: user=0.02 sys=0.00, real=0.01 secs] 
2734.735: [GC (Allocation Failure) [PSYoungGen: 57248K->1440K(57856K)] 445990K->390182K(559616K), 0.0042169 secs] [Times: user=0.02 sys=0.00, real=0.00 secs] 
2735.354: [GC (Allocation Failure) [PSYoungGen: 57248K->1565K(57856K)] 445990K->390307K(559616K), 0.0034803 secs] [Times: user=0.02 sys=0.00, real=0.00 secs] 
2735.827: [GC (Allocation Failure) [PSYoungGen: 57373K->1661K(57856K)] 446115K->390419K(559616K), 0.0017569 secs] [Times: user=0.01 sys=0.00, real=0.00 secs] 
2736.154: [GC (Allocation Failure) [PSYoungGen: 57469K->1661K(57856K)] 446227K->390419K(559616K), 0.0017979 secs] [Times: user=0.00 sys=0.00, real=0.00 secs] 
2736.481: [GC (Allocation Failure) [PSYoungGen: 57469K->1629K(57856K)] 446227K->390387K(559616K), 0.0017264 secs] [Times: user=0.00 sys=0.00, real=0.00 secs] 
2736.807: [GC (Allocation Failure) [PSYoungGen: 57437K->1664K(57856K)] 446195K->390422K(559616K), 0.0017848 secs] [Times: user=0.01 sys=0.00, real=0.00 secs] 
2737.151: [GC (Allocation Failure) [PSYoungGen: 57472K->1472K(57856K)] 446230K->390230K(559616K), 0.0029663 secs] [Times: user=0.01 sys=0.00, real=0.01 secs] 
2737.440: [GC (Allocation Failure) [PSYoungGen: 57280K->1440K(57856K)] 446038K->390246K(559616K), 0.0021365 secs] [Times: user=0.01 sys=0.00, real=0.00 secs] 
2737.675: [GC (Allocation Failure) [PSYoungGen: 57248K->1408K(57856K)] 446054K->390214K(559616K), 0.0021852 secs] [Times: user=0.01 sys=0.00, real=0.00 secs] 
2737.954: [GC (Allocation Failure) [PSYoungGen: 57216K->1408K(57856K)] 446022K->390214K(559616K), 0.0023030 secs] [Times: user=0.01 sys=0.00, real=0.00 secs] 
2738.193: [GC (Allocation Failure) [PSYoungGen: 57216K->1376K(57856K)] 446022K->390190K(559616K), 0.0021074 secs] [Times: user=0.01 sys=0.00, real=0.01 secs] 
2738.558: [GC (Allocation Failure) [PSYoungGen: 57184K->1472K(57856K)] 445998K->390334K(559616K), 0.0016944 secs] [Times: user=0.01 sys=0.00, real=0.00 secs] 
2738.886: [GC (Allocation Failure) [PSYoungGen: 57280K->1549K(57856K)] 446142K->390411K(559616K), 0.0017546 secs] [Times: user=0.01 sys=0.00, real=0.00 secs] 
2739.211: [GC (Allocation Failure) [PSYoungGen: 57357K->1533K(57856K)] 446219K->390395K(559616K), 0.0017975 secs] [Times: user=0.00 sys=0.00, real=0.01 secs] 
2739.540: [GC (Allocation Failure) [PSYoungGen: 57341K->1549K(57856K)] 446203K->390411K(559616K), 0.0017919 secs] [Times: user=0.01 sys=0.00, real=0.00 secs] 
2740.216: [GC (Allocation Failure) [PSYoungGen: 57357K->1472K(57856K)] 446219K->390334K(559616K), 0.0032801 secs] [Times: user=0.01 sys=0.01, real=0.00 secs] 
2741.112: [GC (Allocation Failure) [PSYoungGen: 57280K->1344K(57856K)] 446142K->390230K(559616K), 0.0029893 secs] [Times: user=0.01 sys=0.00, real=0.01 secs] 
2741.978: [GC (Allocation Failure) [PSYoungGen: 57152K->1376K(57856K)] 446038K->390262K(559616K), 0.0029653 secs] [Times: user=0.01 sys=0.00, real=0.00 secs] 
2742.885: [GC (Allocation Failure) [PSYoungGen: 57184K->1376K(57856K)] 446070K->390262K(559616K), 0.0029301 secs] [Times: user=0.02 sys=0.00, real=0.00 secs] 
2743.474: [GC (Allocation Failure) [PSYoungGen: 57184K->1344K(57856K)] 446070K->390230K(559616K), 0.0024781 secs] [Times: user=0.01 sys=0.00, real=0.00 secs] 
2744.076: [GC (Allocation Failure) [PSYoungGen: 57130K->1485K(57856K)] 446017K->390371K(559616K), 0.0020225 secs] [Times: user=0.01 sys=0.00, real=0.00 secs] 
2744.488: [GC (Allocation Failure) [PSYoungGen: 57293K->1533K(57856K)] 446179K->390435K(559616K), 0.0018842 secs] [Times: user=0.01 sys=0.00, real=0.00 secs] 
2744.816: [GC (Allocation Failure) [PSYoungGen: 57341K->1568K(57856K)] 446243K->390470K(559616K), 0.0018184 secs] [Times: user=0.01 sys=0.00, real=0.00 secs] 
2745.144: [GC (Allocation Failure) [PSYoungGen: 57376K->1565K(57856K)] 446278K->390467K(559616K), 0.0017655 secs] [Times: user=0.01 sys=0.00, real=0.00 secs] 
2745.536: [GC (Allocation Failure) [PSYoungGen: 57373K->1597K(57856K)] 446275K->390499K(559616K), 0.0019811 secs] [Times: user=0.01 sys=0.00, real=0.00 secs] 
2746.080: [GC (Allocation Failure) [PSYoungGen: 57405K->1408K(57856K)] 446307K->390310K(559616K), 0.0043031 secs] [Times: user=0.02 sys=0.00, real=0.01 secs] 
2746.551: [GC (Allocation Failure) [PSYoungGen: 57216K->1344K(57856K)] 446118K->390246K(559616K), 0.0026316 secs] [Times: user=0.01 sys=0.00, real=0.01 secs] 
2746.935: [GC (Allocation Failure) [PSYoungGen: 57152K->1376K(57856K)] 446054K->390278K(559616K), 0.0023744 secs] [Times: user=0.01 sys=0.00, real=0.00 secs] 
2747.428: [GC (Allocation Failure) [PSYoungGen: 57184K->1408K(57856K)] 446086K->390310K(559616K), 0.0024781 secs] [Times: user=0.01 sys=0.00, real=0.00 secs] 
2747.801: [GC (Allocation Failure) [PSYoungGen: 57216K->1408K(57856K)] 446118K->390310K(559616K), 0.0023763 secs] [Times: user=0.01 sys=0.00, real=0.01 secs] 
2748.186: [GC (Allocation Failure) [PSYoungGen: 57216K->1501K(57856K)] 446118K->390411K(559616K), 0.0017022 secs] [Times: user=0.01 sys=0.00, real=0.00 secs] 
2748.511: [GC (Allocation Failure) [PSYoungGen: 57309K->1613K(57856K)] 446219K->390523K(559616K), 0.0017305 secs] [Times: user=0.01 sys=0.00, real=0.00 secs] 
2748.838: [GC (Allocation Failure) [PSYoungGen: 57421K->1533K(57856K)] 446331K->390443K(559616K), 0.0017376 secs] [Times: user=0.01 sys=0.00, real=0.00 secs] 
2749.228: [GC (Allocation Failure) [PSYoungGen: 57341K->1597K(57856K)] 446251K->390507K(559616K), 0.0017405 secs] [Times: user=0.01 sys=0.00, real=0.00 secs] 
2749.627: [GC (Allocation Failure) [PSYoungGen: 57405K->1472K(57856K)] 446315K->390382K(559616K), 0.0024472 secs] [Times: user=0.01 sys=0.00, real=0.00 secs] 
2750.082: [GC (Allocation Failure) [PSYoungGen: 57280K->1440K(57856K)] 446190K->390350K(559616K), 0.0022455 secs] [Times: user=0.01 sys=0.00, real=0.01 secs] 
2750.338: [GC (Allocation Failure) [PSYoungGen: 57248K->1376K(57856K)] 446158K->390286K(559616K), 0.0020886 secs] [Times: user=0.01 sys=0.00, real=0.00 secs] 
2750.570: [GC (Allocation Failure) [PSYoungGen: 57184K->1376K(57856K)] 446094K->390302K(559616K), 0.0021598 secs] [Times: user=0.01 sys=0.00, real=0.00 secs] 
2750.964: [GC (Allocation Failure) [PSYoungGen: 57184K->1376K(57856K)] 446110K->390302K(559616K), 0.0023428 secs] [Times: user=0.01 sys=0.00, real=0.00 secs] 
2751.423: [GC (Allocation Failure) [PSYoungGen: 57184K->1469K(57856K)] 446110K->390395K(559616K), 0.0015999 secs] [Times: user=0.01 sys=0.00, real=0.01 secs] 
2751.744: [GC (GCLocker Initiated GC) [PSYoungGen: 57277K->1565K(57856K)] 446203K->390507K(559616K), 0.0018886 secs] [Times: user=0.01 sys=0.00, real=0.00 secs] 
2752.073: [GC (Allocation Failure) [PSYoungGen: 57373K->1501K(57856K)] 446541K->390669K(559616K), 0.0017651 secs] [Times: user=0.01 sys=0.00, real=0.01 secs] 
2752.402: [GC (Allocation Failure) [PSYoungGen: 57287K->1565K(57856K)] 446455K->390733K(559616K), 0.0017451 secs] [Times: user=0.01 sys=0.00, real=0.01 secs] 
2752.751: [GC (Allocation Failure) [PSYoungGen: 57373K->1856K(57856K)] 446541K->391024K(559616K), 0.0018167 secs] [Times: user=0.01 sys=0.00, real=0.00 secs] 
2753.394: [GC (Allocation Failure) [PSYoungGen: 57664K->1440K(57856K)] 446832K->390608K(559616K), 0.0041321 secs] [Times: user=0.01 sys=0.00, real=0.00 secs] 
2753.867: [GC (Allocation Failure) [PSYoungGen: 57248K->1440K(57856K)] 446416K->390608K(559616K), 0.0034433 secs] [Times: user=0.01 sys=0.00, real=0.00 secs] 
2754.109: [GC (Allocation Failure) [PSYoungGen: 57248K->1440K(57856K)] 446416K->390608K(559616K), 0.0021715 secs] [Times: user=0.01 sys=0.00, real=0.00 secs] 
2754.367: [GC (Allocation Failure) [PSYoungGen: 57248K->1440K(57856K)] 446416K->390608K(559616K), 0.0020786 secs] [Times: user=0.01 sys=0.00, real=0.00 secs] 
2754.727: [GC (Allocation Failure) [PSYoungGen: 57248K->1549K(57856K)] 446416K->390717K(559616K), 0.0019182 secs] [Times: user=0.01 sys=0.00, real=0.00 secs] 
2755.065: [GC (Allocation Failure) [PSYoungGen: 57357K->1629K(57856K)] 446525K->390805K(559616K), 0.0017817 secs] [Times: user=0.01 sys=0.00, real=0.00 secs] 
2755.393: [GC (Allocation Failure) [PSYoungGen: 57437K->1629K(57856K)] 446613K->390805K(559616K), 0.0016857 secs] [Times: user=0.00 sys=0.00, real=0.00 secs] 
2755.720: [GC (Allocation Failure) [PSYoungGen: 57437K->1645K(57856K)] 446613K->390821K(559616K), 0.0018546 secs] [Times: user=0.01 sys=0.00, real=0.00 secs] 
2756.046: [GC (Allocation Failure) [PSYoungGen: 57453K->1597K(57856K)] 446629K->390773K(559616K), 0.0017034 secs] [Times: user=0.01 sys=0.00, real=0.00 secs] 
2756.724: [GC (Allocation Failure) [PSYoungGen: 57405K->1504K(57856K)] 446581K->390680K(559616K), 0.0029389 secs] [Times: user=0.01 sys=0.00, real=0.00 secs] 
2757.219: [GC (Allocation Failure) [PSYoungGen: 57312K->1376K(57856K)] 446488K->390600K(559616K), 0.0022618 secs] [Times: user=0.01 sys=0.00, real=0.00 secs] 
2757.680: [GC (Allocation Failure) [PSYoungGen: 57184K->1408K(57856K)] 446408K->390632K(559616K), 0.0021453 secs] [Times: user=0.01 sys=0.00, real=0.00 secs] 
2757.912: [GC (Allocation Failure) [PSYoungGen: 57216K->1376K(57856K)] 446440K->390648K(559616K), 0.0022419 secs] [Times: user=0.01 sys=0.00, real=0.01 secs] 
2758.146: [GC (Allocation Failure) [PSYoungGen: 57184K->1408K(57856K)] 446456K->390680K(559616K), 0.0019072 secs] [Times: user=0.00 sys=0.00, real=0.00 secs] 
2758.465: [GC (Allocation Failure) [PSYoungGen: 57216K->1517K(57856K)] 446488K->390813K(559616K), 0.0016644 secs] [Times: user=0.01 sys=0.00, real=0.00 secs] 
2758.791: [GC (Allocation Failure) [PSYoungGen: 57325K->1629K(57856K)] 446621K->390925K(559616K), 0.0017544 secs] [Times: user=0.01 sys=0.00, real=0.00 secs] 
2759.120: [GC (Allocation Failure) [PSYoungGen: 57437K->1565K(57856K)] 446733K->390861K(559616K), 0.0018045 secs] [Times: user=0.01 sys=0.00, real=0.00 secs] 
2759.447: [GC (Allocation Failure) [PSYoungGen: 57373K->1597K(57856K)] 446669K->390893K(559616K), 0.0016596 secs] [Times: user=0.01 sys=0.00, real=0.00 secs] 
2759.777: [GC (Allocation Failure) [PSYoungGen: 57405K->1488K(57856K)] 446701K->390784K(559616K), 0.0022186 secs] [Times: user=0.01 sys=0.00, real=0.00 secs] 
2760.029: [GC (Allocation Failure) [PSYoungGen: 57296K->1344K(57856K)] 446592K->390640K(559616K), 0.0019567 secs] [Times: user=0.00 sys=0.00, real=0.00 secs] 
2760.270: [GC (Allocation Failure) [PSYoungGen: 57152K->1408K(57856K)] 446448K->390712K(559616K), 0.0022457 secs] [Times: user=0.00 sys=0.00, real=0.00 secs] 
2760.519: [GC (Allocation Failure) [PSYoungGen: 57216K->1376K(57856K)] 446520K->390680K(559616K), 0.0021569 secs] [Times: user=0.00 sys=0.00, real=0.00 secs] 
2760.752: [GC (Allocation Failure) [PSYoungGen: 57184K->1408K(57856K)] 446488K->390712K(559616K), 0.0020220 secs] [Times: user=0.01 sys=0.00, real=0.01 secs] 
2761.118: [GC (Allocation Failure) [PSYoungGen: 57216K->1437K(57856K)] 446520K->390741K(559616K), 0.0017172 secs] [Times: user=0.01 sys=0.00, real=0.00 secs] 
2761.444: [GC (Allocation Failure) [PSYoungGen: 57245K->1565K(57856K)] 446549K->390885K(559616K), 0.0017292 secs] [Times: user=0.01 sys=0.00, real=0.00 secs] 
2761.773: [GC (Allocation Failure) [PSYoungGen: 57373K->1565K(57856K)] 446693K->390885K(559616K), 0.0017635 secs] [Times: user=0.01 sys=0.00, real=0.00 secs] 
2762.101: [GC (Allocation Failure) [PSYoungGen: 57373K->1568K(57856K)] 446693K->390888K(559616K), 0.0017105 secs] [Times: user=0.00 sys=0.00, real=0.01 secs] 
2762.428: [GC (Allocation Failure) [PSYoungGen: 57376K->1472K(57856K)] 446696K->390792K(559616K), 0.0023470 secs] [Times: user=0.01 sys=0.00, real=0.00 secs] 
2762.713: [GC (Allocation Failure) [PSYoungGen: 57280K->1424K(57856K)] 446600K->390744K(559616K), 0.0020746 secs] [Times: user=0.01 sys=0.00, real=0.01 secs] 
2762.944: [GC (Allocation Failure) [PSYoungGen: 57232K->1408K(57856K)] 446552K->390728K(559616K), 0.0017679 secs] [Times: user=0.01 sys=0.00, real=0.00 secs] 
2763.175: [GC (Allocation Failure) [PSYoungGen: 57216K->1408K(57856K)] 446536K->390728K(559616K), 0.0017626 secs] [Times: user=0.00 sys=0.00, real=0.00 secs] 
2763.502: [GC (Allocation Failure) [PSYoungGen: 57216K->1360K(57856K)] 446536K->390680K(559616K), 0.0028039 secs] [Times: user=0.01 sys=0.00, real=0.01 secs] 
2763.902: [GC (Allocation Failure) [PSYoungGen: 57168K->1344K(57856K)] 446488K->390664K(559616K), 0.0035759 secs] [Times: user=0.01 sys=0.00, real=0.01 secs] 
2764.314: [GC (Allocation Failure) [PSYoungGen: 57152K->1536K(57856K)] 446472K->390872K(559616K), 0.0017079 secs] [Times: user=0.01 sys=0.00, real=0.00 secs] 
2764.643: [GC (Allocation Failure) [PSYoungGen: 57344K->1565K(57856K)] 446680K->390901K(559616K), 0.0016736 secs] [Times: user=0.01 sys=0.00, real=0.01 secs] 
2764.971: [GC (Allocation Failure) [PSYoungGen: 57373K->1533K(57856K)] 446709K->390869K(559616K), 0.0017371 secs] [Times: user=0.01 sys=0.00, real=0.00 secs] 
2765.300: [GC (Allocation Failure) [PSYoungGen: 57341K->1565K(57856K)] 446677K->390901K(559616K), 0.0018168 secs] [Times: user=0.01 sys=0.00, real=0.00 secs] 
2765.629: [GC (Allocation Failure) [PSYoungGen: 57373K->1472K(57856K)] 446709K->390808K(559616K), 0.0019283 secs] [Times: user=0.01 sys=0.00, real=0.00 secs] 
2766.014: [GC (Allocation Failure) [PSYoungGen: 57280K->1376K(57856K)] 446616K->390712K(559616K), 0.0023050 secs] [Times: user=0.01 sys=0.00, real=0.00 secs] 
2766.408: [GC (Allocation Failure) [PSYoungGen: 57184K->1376K(57856K)] 446520K->390712K(559616K), 0.0021657 secs] [Times: user=0.01 sys=0.00, real=0.00 secs] 
2766.823: [GC (Allocation Failure) [PSYoungGen: 57184K->1376K(57856K)] 446520K->390712K(559616K), 0.0024751 secs] [Times: user=0.01 sys=0.00, real=0.00 secs] 
2767.240: [GC (Allocation Failure) [PSYoungGen: 57184K->1376K(57856K)] 446520K->390712K(559616K), 0.0025057 secs] [Times: user=0.01 sys=0.00, real=0.00 secs] 
2767.836: [GC (Allocation Failure) [PSYoungGen: 57152K->1469K(57856K)] 446488K->390805K(559616K), 0.0016352 secs] [Times: user=0.01 sys=0.01, real=0.00 secs] 
2768.166: [GC (Allocation Failure) [PSYoungGen: 57277K->1565K(57856K)] 446613K->390917K(559616K), 0.0017608 secs] [Times: user=0.00 sys=0.00, real=0.00 secs] 
2768.495: [GC (Allocation Failure) [PSYoungGen: 57373K->1565K(57856K)] 446725K->390917K(559616K), 0.0018495 secs] [Times: user=0.00 sys=0.00, real=0.00 secs] 
2768.823: [GC (Allocation Failure) [PSYoungGen: 57373K->1581K(57856K)] 446725K->390933K(559616K), 0.0017839 secs] [Times: user=0.01 sys=0.00, real=0.01 secs] 
2769.141: [GC (Allocation Failure) [PSYoungGen: 57389K->1728K(57856K)] 446741K->391080K(559616K), 0.0018354 secs] [Times: user=0.00 sys=0.00, real=0.01 secs] 
2769.538: [GC (Allocation Failure) [PSYoungGen: 57536K->1440K(57856K)] 446888K->390792K(559616K), 0.0020842 secs] [Times: user=0.00 sys=0.00, real=0.00 secs] 
2770.020: [GC (Allocation Failure) [PSYoungGen: 57248K->1408K(57856K)] 446600K->390760K(559616K), 0.0022953 secs] [Times: user=0.01 sys=0.00, real=0.00 secs] 
2770.532: [GC (Allocation Failure) [PSYoungGen: 57216K->1408K(57856K)] 446568K->390760K(559616K), 0.0022883 secs] [Times: user=0.01 sys=0.00, real=0.01 secs] 
2771.060: [GC (Allocation Failure) [PSYoungGen: 57216K->1344K(57856K)] 446568K->390712K(559616K), 0.0022670 secs] [Times: user=0.01 sys=0.00, real=0.00 secs] 
2771.634: [GC (Allocation Failure) [PSYoungGen: 57152K->1501K(57856K)] 446520K->390869K(559616K), 0.0022867 secs] [Times: user=0.01 sys=0.00, real=0.00 secs] 
2772.002: [GC (Allocation Failure) [PSYoungGen: 57309K->1565K(57856K)] 446677K->390949K(559616K), 0.0017981 secs] [Times: user=0.01 sys=0.00, real=0.01 secs] 
2772.331: [GC (Allocation Failure) [PSYoungGen: 57373K->1565K(57856K)] 446757K->390949K(559616K), 0.0016490 secs] [Times: user=0.00 sys=0.00, real=0.00 secs] 
2772.710: [GC (Allocation Failure) [PSYoungGen: 57373K->1565K(57856K)] 446757K->390949K(559616K), 0.0018677 secs] [Times: user=0.00 sys=0.00, real=0.00 secs] 
2773.040: [GC (Allocation Failure) [PSYoungGen: 57373K->1504K(57856K)] 446757K->390896K(559616K), 0.0019059 secs] [Times: user=0.01 sys=0.00, real=0.00 secs] 
2773.456: [GC (Allocation Failure) [PSYoungGen: 57312K->1408K(57856K)] 446704K->390800K(559616K), 0.0029429 secs] [Times: user=0.01 sys=0.00, real=0.00 secs] 
2773.929: [GC (Allocation Failure) [PSYoungGen: 57216K->1376K(57856K)] 446608K->390776K(559616K), 0.0028879 secs] [Times: user=0.02 sys=0.00, real=0.00 secs] 
2774.395: [GC (Allocation Failure) [PSYoungGen: 57184K->1344K(57856K)] 446584K->390744K(559616K), 0.0027099 secs] [Times: user=0.01 sys=0.00, real=0.00 secs] 
2775.005: [GC (Allocation Failure) [PSYoungGen: 57152K->1408K(57856K)] 446552K->390808K(559616K), 0.0027601 secs] [Times: user=0.02 sys=0.00, real=0.00 secs] 
2775.694: [GC (Allocation Failure) [PSYoungGen: 57216K->1392K(57856K)] 446616K->390792K(559616K), 0.0028312 secs] [Times: user=0.01 sys=0.00, real=0.00 secs] 
2776.172: [GC (Allocation Failure) [PSYoungGen: 57200K->1533K(57856K)] 446600K->390949K(559616K), 0.0016862 secs] [Times: user=0.01 sys=0.00, real=0.01 secs] 
2776.499: [GC (Allocation Failure) [PSYoungGen: 57341K->1597K(57856K)] 446757K->391021K(559616K), 0.0016977 secs] [Times: user=0.01 sys=0.00, real=0.00 secs] 
2776.830: [GC (Allocation Failure) [PSYoungGen: 57405K->1565K(57856K)] 446829K->390997K(559616K), 0.0017278 secs] [Times: user=0.01 sys=0.00, real=0.00 secs] 
2777.158: [GC (Allocation Failure) [PSYoungGen: 57373K->1597K(57856K)] 446805K->391029K(559616K), 0.0017569 secs] [Times: user=0.01 sys=0.00, real=0.00 secs] 
2777.594: [GC (Allocation Failure) [PSYoungGen: 57405K->1408K(57856K)] 446837K->390840K(559616K), 0.0020034 secs] [Times: user=0.00 sys=0.00, real=0.00 secs] 
2778.061: [GC (Allocation Failure) [PSYoungGen: 57216K->1344K(57856K)] 446648K->390776K(559616K), 0.0020986 secs] [Times: user=0.01 sys=0.00, real=0.01 secs] 
2778.513: [GC (Allocation Failure) [PSYoungGen: 57152K->1376K(57856K)] 446584K->390808K(559616K), 0.0022311 secs] [Times: user=0.01 sys=0.00, real=0.00 secs] 
2779.013: [GC (Allocation Failure) [PSYoungGen: 57184K->1328K(57856K)] 446616K->390760K(559616K), 0.0023186 secs] [Times: user=0.01 sys=0.00, real=0.01 secs] 
2779.402: [GC (Allocation Failure) [PSYoungGen: 57136K->1440K(57856K)] 446568K->390872K(559616K), 0.0023365 secs] [Times: user=0.01 sys=0.00, real=0.01 secs] 
2779.867: [GC (Allocation Failure) [PSYoungGen: 57248K->1453K(57856K)] 446680K->390885K(559616K), 0.0020246 secs] [Times: user=0.01 sys=0.00, real=0.00 secs] 
2780.277: [GC (Allocation Failure) [PSYoungGen: 57261K->1597K(57856K)] 446693K->391037K(559616K), 0.0018925 secs] [Times: user=0.01 sys=0.00, real=0.00 secs] 
2780.604: [GC (Allocation Failure) [PSYoungGen: 57405K->1581K(57856K)] 446845K->391021K(559616K), 0.0018172 secs] [Times: user=0.01 sys=0.00, real=0.00 secs] 
2780.932: [GC (Allocation Failure) [PSYoungGen: 57389K->1597K(57856K)] 446829K->391037K(559616K), 0.0017685 secs] [Times: user=0.00 sys=0.00, real=0.01 secs] 
2781.266: [GC (Allocation Failure) [PSYoungGen: 57405K->1597K(57856K)] 446845K->391061K(559616K), 0.0017916 secs] [Times: user=0.01 sys=0.00, real=0.00 secs] 
2781.548: [GC (Allocation Failure) [PSYoungGen: 57405K->1440K(57856K)] 446869K->390904K(559616K), 0.0034810 secs] [Times: user=0.01 sys=0.00, real=0.00 secs] 
2781.782: [GC (Allocation Failure) [PSYoungGen: 57248K->1344K(57856K)] 446712K->390808K(559616K), 0.0020602 secs] [Times: user=0.01 sys=0.00, real=0.01 secs] 
2782.014: [GC (Allocation Failure) [PSYoungGen: 57152K->1408K(57856K)] 446616K->390872K(559616K), 0.0022980 secs] [Times: user=0.01 sys=0.00, real=0.00 secs] 
2782.246: [GC (Allocation Failure) [PSYoungGen: 57216K->1344K(57856K)] 446680K->390808K(559616K), 0.0019913 secs] [Times: user=0.01 sys=0.00, real=0.00 secs] 
2782.548: [GC (Allocation Failure) [PSYoungGen: 57152K->1376K(57856K)] 446616K->390840K(559616K), 0.0022186 secs] [Times: user=0.01 sys=0.01, real=0.00 secs] 
2783.024: [GC (Allocation Failure) [PSYoungGen: 57180K->1485K(57856K)] 446644K->390973K(559616K), 0.0018100 secs] [Times: user=0.00 sys=0.00, real=0.00 secs] 
2783.350: [GC (Allocation Failure) [PSYoungGen: 57293K->1597K(57856K)] 446781K->391085K(559616K), 0.0018568 secs] [Times: user=0.01 sys=0.00, real=0.00 secs] 
2783.678: [GC (Allocation Failure) [PSYoungGen: 57405K->1565K(57856K)] 446893K->391053K(559616K), 0.0016545 secs] [Times: user=0.01 sys=0.00, real=0.00 secs] 
2784.007: [GC (Allocation Failure) [PSYoungGen: 57373K->1536K(57856K)] 446861K->391024K(559616K), 0.0017122 secs] [Times: user=0.00 sys=0.00, real=0.00 secs] 
2784.289: [GC (Allocation Failure) [PSYoungGen: 57344K->1456K(57856K)] 446832K->390944K(559616K), 0.0022697 secs] [Times: user=0.01 sys=0.00, real=0.00 secs] 
2784.622: [GC (Allocation Failure) [PSYoungGen: 57264K->1344K(57856K)] 446752K->390832K(559616K), 0.0028389 secs] [Times: user=0.01 sys=0.00, real=0.01 secs] 
2785.095: [GC (Allocation Failure) [PSYoungGen: 57152K->1408K(57856K)] 446640K->390896K(559616K), 0.0028870 secs] [Times: user=0.01 sys=0.00, real=0.00 secs] 
2785.607: [GC (Allocation Failure) [PSYoungGen: 57216K->1408K(57856K)] 446704K->390896K(559616K), 0.0043510 secs] [Times: user=0.02 sys=0.00, real=0.00 secs] 
2786.092: [GC (Allocation Failure) [PSYoungGen: 57216K->1344K(57856K)] 446704K->390832K(559616K), 0.0034568 secs] [Times: user=0.01 sys=0.00, real=0.01 secs] 
2786.647: [GC (Allocation Failure) [PSYoungGen: 57152K->1485K(57856K)] 446640K->390973K(559616K), 0.0016390 secs] [Times: user=0.00 sys=0.00, real=0.00 secs] 
2786.973: [GC (Allocation Failure) [PSYoungGen: 57293K->1504K(57856K)] 446781K->391008K(559616K), 0.0017404 secs] [Times: user=0.00 sys=0.00, real=0.01 secs] 
2787.300: [GC (Allocation Failure) [PSYoungGen: 57312K->1584K(57856K)] 446816K->391088K(559616K), 0.0018398 secs] [Times: user=0.00 sys=0.00, real=0.00 secs] 
2787.628: [GC (Allocation Failure) [PSYoungGen: 57392K->1581K(57856K)] 446896K->391085K(559616K), 0.0017483 secs] [Times: user=0.01 sys=0.00, real=0.00 secs] 
2788.075: [GC (Allocation Failure) [PSYoungGen: 57389K->1632K(57856K)] 446893K->391136K(559616K), 0.0019338 secs] [Times: user=0.01 sys=0.00, real=0.00 secs] 
2788.356: [GC (Allocation Failure) [PSYoungGen: 57440K->1376K(57856K)] 446944K->390880K(559616K), 0.0022828 secs] [Times: user=0.01 sys=0.00, real=0.00 secs] 
2788.588: [GC (Allocation Failure) [PSYoungGen: 57184K->1376K(57856K)] 446688K->390880K(559616K), 0.0022275 secs] [Times: user=0.01 sys=0.00, real=0.00 secs] 
2788.821: [GC (Allocation Failure) [PSYoungGen: 57184K->1408K(57856K)] 446688K->390912K(559616K), 0.0020337 secs] [Times: user=0.01 sys=0.00, real=0.00 secs] 
2789.166: [GC (Allocation Failure) [PSYoungGen: 57216K->1376K(57856K)] 446720K->390880K(559616K), 0.0021816 secs] [Times: user=0.01 sys=0.00, real=0.00 secs] 
2789.644: [GC (Allocation Failure) [PSYoungGen: 57166K->1469K(57856K)] 446670K->390973K(559616K), 0.0034816 secs] [Times: user=0.01 sys=0.00, real=0.00 secs] 
2790.128: [GC (Allocation Failure) [PSYoungGen: 57277K->1565K(57856K)] 446781K->391085K(559616K), 0.0019132 secs] [Times: user=0.01 sys=0.00, real=0.00 secs] 
2790.459: [GC (Allocation Failure) [PSYoungGen: 57359K->1533K(57856K)] 446879K->391053K(559616K), 0.0017424 secs] [Times: user=0.01 sys=0.00, real=0.00 secs] 
2790.789: [GC (Allocation Failure) [PSYoungGen: 57341K->1565K(57856K)] 446861K->391101K(559616K), 0.0017848 secs] [Times: user=0.01 sys=0.00, real=0.00 secs] 
2791.118: [GC (Allocation Failure) [PSYoungGen: 57373K->1549K(57856K)] 446909K->391085K(559616K), 0.0016997 secs] [Times: user=0.01 sys=0.00, real=0.00 secs] 
2791.747: [GC (Allocation Failure) [PSYoungGen: 57357K->1392K(57856K)] 446893K->390928K(559616K), 0.0043338 secs] [Times: user=0.02 sys=0.00, real=0.00 secs] 
2792.143: [GC (Allocation Failure) [PSYoungGen: 57200K->1392K(57856K)] 446736K->390928K(559616K), 0.0023928 secs] [Times: user=0.01 sys=0.00, real=0.00 secs] 
2792.417: [GC (Allocation Failure) [PSYoungGen: 57200K->1376K(57856K)] 446736K->390912K(559616K), 0.0021426 secs] [Times: user=0.01 sys=0.00, real=0.00 secs] 
2792.667: [GC (Allocation Failure) [PSYoungGen: 57184K->1328K(57856K)] 446720K->390864K(559616K), 0.0021645 secs] [Times: user=0.01 sys=0.00, real=0.00 secs] 
2792.899: [GC (Allocation Failure) [PSYoungGen: 57136K->1376K(57856K)] 446672K->390912K(559616K), 0.0021417 secs] [Times: user=0.01 sys=0.00, real=0.00 secs] 
2793.212: [GC (Allocation Failure) [PSYoungGen: 57184K->1501K(57856K)] 446720K->391045K(559616K), 0.0016451 secs] [Times: user=0.01 sys=0.00, real=0.01 secs] 
2793.599: [GC (Allocation Failure) [PSYoungGen: 57309K->1549K(57856K)] 446853K->391093K(559616K), 0.0017737 secs] [Times: user=0.01 sys=0.00, real=0.00 secs] 
2793.926: [GC (Allocation Failure) [PSYoungGen: 57357K->1565K(57856K)] 446901K->391109K(559616K), 0.0017567 secs] [Times: user=0.01 sys=0.00, real=0.00 secs] 
2794.309: [GC (Allocation Failure) [PSYoungGen: 57373K->1565K(57856K)] 446917K->391109K(559616K), 0.0019106 secs] [Times: user=0.01 sys=0.00, real=0.00 secs] 
2794.872: [GC (Allocation Failure) [PSYoungGen: 57373K->1504K(57856K)] 446917K->391048K(559616K), 0.0041670 secs] [Times: user=0.02 sys=0.00, real=0.01 secs] 
2796.108: [GC (Allocation Failure) [PSYoungGen: 57312K->1376K(57856K)] 446856K->390920K(559616K), 0.0041995 secs] [Times: user=0.02 sys=0.00, real=0.00 secs] 
2796.642: [GC (Allocation Failure) [PSYoungGen: 57184K->1440K(57856K)] 446728K->390984K(559616K), 0.0034125 secs] [Times: user=0.01 sys=0.00, real=0.01 secs] 
2797.071: [GC (Allocation Failure) [PSYoungGen: 57248K->1440K(57856K)] 446792K->390984K(559616K), 0.0027806 secs] [Times: user=0.01 sys=0.00, real=0.01 secs] 
2797.523: [GC (Allocation Failure) [PSYoungGen: 57248K->1408K(57856K)] 446792K->390952K(559616K), 0.0026272 secs] [Times: user=0.01 sys=0.00, real=0.01 secs] 
2798.025: [GC (Allocation Failure) [PSYoungGen: 57216K->1517K(57856K)] 446760K->391061K(559616K), 0.0020735 secs] [Times: user=0.01 sys=0.00, real=0.00 secs] 
2798.359: [GC (Allocation Failure) [PSYoungGen: 57325K->1597K(57856K)] 446869K->391157K(559616K), 0.0017473 secs] [Times: user=0.01 sys=0.00, real=0.00 secs] 
2798.686: [GC (Allocation Failure) [PSYoungGen: 57405K->1549K(57856K)] 446965K->391109K(559616K), 0.0017436 secs] [Times: user=0.01 sys=0.00, real=0.00 secs] 
2799.013: [GC (Allocation Failure) [PSYoungGen: 57357K->1533K(57856K)] 446917K->391093K(559616K), 0.0017721 secs] [Times: user=0.00 sys=0.00, real=0.00 secs] 
2799.343: [GC (Allocation Failure) [PSYoungGen: 57341K->1549K(57856K)] 446901K->391109K(559616K), 0.0017907 secs] [Times: user=0.01 sys=0.00, real=0.01 secs] 
2799.678: [GC (Allocation Failure) [PSYoungGen: 57357K->1408K(57856K)] 446917K->390968K(559616K), 0.0020781 secs] [Times: user=0.01 sys=0.00, real=0.00 secs] 
2799.910: [GC (Allocation Failure) [PSYoungGen: 57216K->1376K(57856K)] 446776K->390936K(559616K), 0.0019805 secs] [Times: user=0.01 sys=0.00, real=0.00 secs] 
2800.142: [GC (Allocation Failure) [PSYoungGen: 57184K->1376K(57856K)] 446744K->390936K(559616K), 0.0020484 secs] [Times: user=0.01 sys=0.00, real=0.01 secs] 
2800.412: [GC (Allocation Failure) [PSYoungGen: 57184K->1376K(57856K)] 446744K->390936K(559616K), 0.0020269 secs] [Times: user=0.01 sys=0.00, real=0.01 secs] 
2800.643: [GC (Allocation Failure) [PSYoungGen: 57184K->1408K(57856K)] 446744K->390968K(559616K), 0.0020670 secs] [Times: user=0.00 sys=0.00, real=0.00 secs] 
2801.023: [GC (Allocation Failure) [PSYoungGen: 57216K->1485K(57856K)] 446776K->391069K(559616K), 0.0017546 secs] [Times: user=0.00 sys=0.00, real=0.01 secs] 
2801.349: [GC (Allocation Failure) [PSYoungGen: 57293K->1565K(57856K)] 446877K->391149K(559616K), 0.0018157 secs] [Times: user=0.00 sys=0.00, real=0.00 secs] 
2801.677: [GC (Allocation Failure) [PSYoungGen: 57373K->1520K(57856K)] 446957K->391104K(559616K), 0.0018536 secs] [Times: user=0.00 sys=0.00, real=0.00 secs] 
2802.004: [GC (Allocation Failure) [PSYoungGen: 57328K->1565K(57856K)] 446912K->391149K(559616K), 0.0017308 secs] [Times: user=0.00 sys=0.00, real=0.00 secs] 
2802.321: [GC (Allocation Failure) [PSYoungGen: 57373K->1488K(57856K)] 446957K->391072K(559616K), 0.0020410 secs] [Times: user=0.00 sys=0.00, real=0.01 secs] 
2802.554: [GC (Allocation Failure) [PSYoungGen: 57296K->1376K(57856K)] 446880K->390960K(559616K), 0.0019817 secs] [Times: user=0.01 sys=0.00, real=0.00 secs] 
2802.963: [GC (Allocation Failure) [PSYoungGen: 57184K->1408K(57856K)] 446768K->390992K(559616K), 0.0021095 secs] [Times: user=0.01 sys=0.00, real=0.01 secs] 
2803.424: [GC (Allocation Failure) [PSYoungGen: 57216K->1408K(57856K)] 446800K->390992K(559616K), 0.0019999 secs] [Times: user=0.01 sys=0.00, real=0.00 secs] 
2803.884: [GC (Allocation Failure) [PSYoungGen: 57216K->1392K(57856K)] 446800K->390976K(559616K), 0.0040443 secs] [Times: user=0.01 sys=0.00, real=0.00 secs] 
2804.458: [GC (Allocation Failure) [PSYoungGen: 57200K->1504K(57856K)] 446784K->391088K(559616K), 0.0019149 secs] [Times: user=0.01 sys=0.00, real=0.00 secs] 
2804.841: [GC (Allocation Failure) [PSYoungGen: 57312K->1533K(57856K)] 446896K->391133K(559616K), 0.0058543 secs] [Times: user=0.02 sys=0.00, real=0.01 secs] 
2805.241: [GC (Allocation Failure) [PSYoungGen: 57341K->1565K(57856K)] 446941K->391165K(559616K), 0.0016678 secs] [Times: user=0.00 sys=0.00, real=0.00 secs] 
2805.630: [GC (Allocation Failure) [PSYoungGen: 57373K->1533K(57856K)] 446973K->391133K(559616K), 0.0017598 secs] [Times: user=0.01 sys=0.00, real=0.00 secs] 
2806.040: [GC (Allocation Failure) [PSYoungGen: 57341K->1616K(57856K)] 446941K->391216K(559616K), 0.0020011 secs] [Times: user=0.00 sys=0.00, real=0.00 secs] 
2806.372: [GC (Allocation Failure) [PSYoungGen: 57424K->1360K(57856K)] 447024K->390960K(559616K), 0.0022143 secs] [Times: user=0.01 sys=0.00, real=0.01 secs] 
2806.604: [GC (Allocation Failure) [PSYoungGen: 57168K->1376K(57856K)] 446768K->390976K(559616K), 0.0021247 secs] [Times: user=0.01 sys=0.00, real=0.00 secs] 
2806.837: [GC (Allocation Failure) [PSYoungGen: 57184K->1408K(57856K)] 446784K->391008K(559616K), 0.0019595 secs] [Times: user=0.01 sys=0.00, real=0.00 secs] 
2807.161: [GC (Allocation Failure) [PSYoungGen: 57216K->1376K(57856K)] 446816K->390976K(559616K), 0.0021030 secs] [Times: user=0.00 sys=0.01, real=0.01 secs] 
2807.445: [GC (Allocation Failure) [PSYoungGen: 57159K->1437K(57856K)] 446759K->391037K(559616K), 0.0022471 secs] [Times: user=0.01 sys=0.00, real=0.00 secs] 
2807.793: [GC (Allocation Failure) [PSYoungGen: 57245K->1629K(57856K)] 446845K->391245K(559616K), 0.0017220 secs] [Times: user=0.01 sys=0.00, real=0.01 secs] 
2808.190: [GC (Allocation Failure) [PSYoungGen: 57437K->1629K(57856K)] 447053K->391245K(559616K), 0.0017060 secs] [Times: user=0.01 sys=0.00, real=0.00 secs] 
2808.516: [GC (Allocation Failure) [PSYoungGen: 57437K->1565K(57856K)] 447053K->391181K(559616K), 0.0019137 secs] [Times: user=0.01 sys=0.00, real=0.00 secs] 
2808.843: [GC (Allocation Failure) [PSYoungGen: 57373K->1565K(57856K)] 446989K->391181K(559616K), 0.0019080 secs] [Times: user=0.01 sys=0.00, real=0.00 secs] 
2809.353: [GC (Allocation Failure) [PSYoungGen: 57373K->1424K(57856K)] 446989K->391040K(559616K), 0.0037960 secs] [Times: user=0.02 sys=0.00, real=0.01 secs] 
2809.894: [GC (Allocation Failure) [PSYoungGen: 57232K->1376K(57856K)] 446848K->390992K(559616K), 0.0035566 secs] [Times: user=0.02 sys=0.00, real=0.00 secs] 
2810.258: [GC (Allocation Failure) [PSYoungGen: 57184K->1424K(57856K)] 446800K->391056K(559616K), 0.0024573 secs] [Times: user=0.00 sys=0.00, real=0.00 secs] 
2810.535: [GC (Allocation Failure) [PSYoungGen: 57232K->1376K(57856K)] 446864K->391008K(559616K), 0.0021419 secs] [Times: user=0.01 sys=0.00, real=0.00 secs] 
2810.960: [GC (Allocation Failure) [PSYoungGen: 57184K->1376K(57856K)] 446816K->391008K(559616K), 0.0021360 secs] [Times: user=0.01 sys=0.00, real=0.00 secs] 
2811.358: [GC (Allocation Failure) [PSYoungGen: 57184K->1469K(57856K)] 446816K->391117K(559616K), 0.0016481 secs] [Times: user=0.00 sys=0.00, real=0.00 secs] 
2811.684: [GC (Allocation Failure) [PSYoungGen: 57277K->1597K(57856K)] 446925K->391245K(559616K), 0.0018016 secs] [Times: user=0.00 sys=0.00, real=0.00 secs] 
2812.013: [GC (Allocation Failure) [PSYoungGen: 57405K->1533K(57856K)] 447053K->391181K(559616K), 0.0017720 secs] [Times: user=0.01 sys=0.00, real=0.00 secs] 
2812.341: [GC (Allocation Failure) [PSYoungGen: 57341K->1565K(57856K)] 446989K->391213K(559616K), 0.0017626 secs] [Times: user=0.01 sys=0.00, real=0.00 secs] 
2812.813: [GC (Allocation Failure) [PSYoungGen: 57373K->1472K(57856K)] 447021K->391120K(559616K), 0.0021007 secs] [Times: user=0.00 sys=0.00, real=0.00 secs] 
2813.312: [GC (Allocation Failure) [PSYoungGen: 57280K->1408K(57856K)] 446928K->391056K(559616K), 0.0019874 secs] [Times: user=0.01 sys=0.00, real=0.01 secs] 
2813.810: [GC (Allocation Failure) [PSYoungGen: 57216K->1376K(57856K)] 446864K->391024K(559616K), 0.0019813 secs] [Times: user=0.01 sys=0.00, real=0.00 secs] 
2814.390: [GC (Allocation Failure) [PSYoungGen: 57184K->1408K(57856K)] 446832K->391056K(559616K), 0.0018199 secs] [Times: user=0.01 sys=0.00, real=0.00 secs] 
2814.976: [GC (Allocation Failure) [PSYoungGen: 57216K->1376K(57856K)] 446864K->391024K(559616K), 0.0021709 secs] [Times: user=0.01 sys=0.00, real=0.00 secs] 
2815.628: [GC (Allocation Failure) [PSYoungGen: 57184K->1485K(57856K)] 446832K->391133K(559616K), 0.0017317 secs] [Times: user=0.00 sys=0.00, real=0.00 secs] 
2815.954: [GC (Allocation Failure) [PSYoungGen: 57293K->1533K(57856K)] 446941K->391197K(559616K), 0.0017691 secs] [Times: user=0.00 sys=0.00, real=0.00 secs] 
2816.339: [GC (Allocation Failure) [PSYoungGen: 57341K->1533K(57856K)] 447005K->391197K(559616K), 0.0019805 secs] [Times: user=0.01 sys=0.00, real=0.00 secs] 
2816.665: [GC (Allocation Failure) [PSYoungGen: 57341K->1536K(57856K)] 447005K->391200K(559616K), 0.0017457 secs] [Times: user=0.01 sys=0.00, real=0.00 secs] 
2816.994: [GC (Allocation Failure) [PSYoungGen: 57344K->1565K(57856K)] 447008K->391229K(559616K), 0.0017722 secs] [Times: user=0.01 sys=0.00, real=0.00 secs] 
2817.481: [GC (Allocation Failure) [PSYoungGen: 57373K->1440K(57856K)] 447037K->391104K(559616K), 0.0034027 secs] [Times: user=0.02 sys=0.00, real=0.01 secs] 
2817.975: [GC (Allocation Failure) [PSYoungGen: 57248K->1376K(57856K)] 446912K->391040K(559616K), 0.0034655 secs] [Times: user=0.01 sys=0.00, real=0.00 secs] 
2818.217: [GC (Allocation Failure) [PSYoungGen: 57184K->1408K(57856K)] 446848K->391072K(559616K), 0.0020514 secs] [Times: user=0.01 sys=0.00, real=0.00 secs] 
2818.642: [GC (Allocation Failure) [PSYoungGen: 57216K->1408K(57856K)] 446880K->391072K(559616K), 0.0021956 secs] [Times: user=0.00 sys=0.00, real=0.01 secs] 
2819.073: [GC (Allocation Failure) [PSYoungGen: 57216K->1376K(57856K)] 446880K->391040K(559616K), 0.0033706 secs] [Times: user=0.01 sys=0.00, real=0.01 secs] 
2819.585: [GC (Allocation Failure) [PSYoungGen: 57184K->1504K(57856K)] 446848K->391176K(559616K), 0.0016481 secs] [Times: user=0.01 sys=0.00, real=0.00 secs] 
2819.911: [GC (Allocation Failure) [PSYoungGen: 57312K->1597K(57856K)] 446984K->391269K(559616K), 0.0019221 secs] [Times: user=0.00 sys=0.00, real=0.00 secs] 
2820.301: [GC (Allocation Failure) [PSYoungGen: 57405K->1533K(57856K)] 447077K->391205K(559616K), 0.0017693 secs] [Times: user=0.01 sys=0.00, real=0.01 secs] 
2820.627: [GC (Allocation Failure) [PSYoungGen: 57341K->1565K(57856K)] 447013K->391237K(559616K), 0.0019689 secs] [Times: user=0.01 sys=0.00, real=0.00 secs] 
2820.956: [GC (Allocation Failure) [PSYoungGen: 57373K->1472K(57856K)] 447045K->391176K(559616K), 0.0024580 secs] [Times: user=0.01 sys=0.00, real=0.00 secs] 
2821.189: [GC (Allocation Failure) [PSYoungGen: 57280K->1344K(57856K)] 446984K->391048K(559616K), 0.0022259 secs] [Times: user=0.01 sys=0.00, real=0.00 secs] 
2821.422: [GC (Allocation Failure) [PSYoungGen: 57152K->1376K(57856K)] 446856K->391080K(559616K), 0.0022203 secs] [Times: user=0.01 sys=0.00, real=0.01 secs] 
2821.688: [GC (Allocation Failure) [PSYoungGen: 57184K->1376K(57856K)] 446888K->391080K(559616K), 0.0020596 secs] [Times: user=0.01 sys=0.00, real=0.00 secs] 
2821.920: [GC (Allocation Failure) [PSYoungGen: 57184K->1408K(57856K)] 446888K->391112K(559616K), 0.0020584 secs] [Times: user=0.01 sys=0.00, real=0.00 secs] 
2822.219: [GC (Allocation Failure) [PSYoungGen: 57216K->1469K(57856K)] 446920K->391173K(559616K), 0.0017384 secs] [Times: user=0.01 sys=0.00, real=0.00 secs] 
2822.545: [GC (Allocation Failure) [PSYoungGen: 57277K->1565K(57856K)] 446981K->391285K(559616K), 0.0017995 secs] [Times: user=0.00 sys=0.00, real=0.00 secs] 
2822.870: [GC (Allocation Failure) [PSYoungGen: 57373K->1533K(57856K)] 447093K->391253K(559616K), 0.0017436 secs] [Times: user=0.01 sys=0.00, real=0.00 secs] 
2823.201: [GC (Allocation Failure) [PSYoungGen: 57341K->1565K(57856K)] 447061K->391285K(559616K), 0.0016808 secs] [Times: user=0.01 sys=0.00, real=0.01 secs] 
2824.120: [GC (Allocation Failure) [PSYoungGen: 57373K->1632K(57856K)] 447093K->391352K(559616K), 0.0023561 secs] [Times: user=0.01 sys=0.00, real=0.00 secs] 
2825.547: [GC (Allocation Failure) [PSYoungGen: 57440K->1344K(57856K)] 447160K->391064K(559616K), 0.0033140 secs] [Times: user=0.02 sys=0.00, real=0.00 secs] 
2826.044: [GC (Allocation Failure) [PSYoungGen: 57152K->1408K(57856K)] 446872K->391128K(559616K), 0.0035566 secs] [Times: user=0.01 sys=0.00, real=0.00 secs] 
2826.488: [GC (Allocation Failure) [PSYoungGen: 57216K->1344K(57856K)] 446936K->391064K(559616K), 0.0026337 secs] [Times: user=0.01 sys=0.00, real=0.00 secs] 
2826.862: [GC (Allocation Failure) [PSYoungGen: 57152K->1408K(57856K)] 446872K->391128K(559616K), 0.0021537 secs] [Times: user=0.00 sys=0.00, real=0.01 secs] 
2827.290: [GC (Allocation Failure) [PSYoungGen: 57216K->1469K(57856K)] 446936K->391189K(559616K), 0.0035151 secs] [Times: user=0.02 sys=0.00, real=0.01 secs] 
2827.743: [GC (Allocation Failure) [PSYoungGen: 57277K->1597K(57856K)] 446997K->391333K(559616K), 0.0017886 secs] [Times: user=0.01 sys=0.00, real=0.01 secs] 
2828.071: [GC (Allocation Failure) [PSYoungGen: 57405K->1517K(57856K)] 447141K->391253K(559616K), 0.0021937 secs] [Times: user=0.01 sys=0.00, real=0.01 secs] 
2828.401: [GC (Allocation Failure) [PSYoungGen: 57325K->1597K(57856K)] 447061K->391333K(559616K), 0.0016995 secs] [Times: user=0.01 sys=0.00, real=0.00 secs] 
2828.727: [GC (Allocation Failure) [PSYoungGen: 57376K->1581K(57856K)] 447112K->391317K(559616K), 0.0016942 secs] [Times: user=0.01 sys=0.00, real=0.00 secs] 
2829.034: [GC (Allocation Failure) [PSYoungGen: 57389K->1440K(57856K)] 447125K->391176K(559616K), 0.0024880 secs] [Times: user=0.01 sys=0.00, real=0.00 secs] 
2829.269: [GC (Allocation Failure) [PSYoungGen: 57248K->1376K(57856K)] 446984K->391112K(559616K), 0.0021224 secs] [Times: user=0.01 sys=0.00, real=0.00 secs] 
2829.503: [GC (Allocation Failure) [PSYoungGen: 57184K->1376K(57856K)] 446920K->391112K(559616K), 0.0020086 secs] [Times: user=0.01 sys=0.00, real=0.01 secs] 
2829.735: [GC (Allocation Failure) [PSYoungGen: 57184K->1376K(57856K)] 446920K->391112K(559616K), 0.0023584 secs] [Times: user=0.01 sys=0.00, real=0.00 secs] 
2829.967: [GC (Allocation Failure) [PSYoungGen: 57184K->1392K(57856K)] 446920K->391128K(559616K), 0.0022665 secs] [Times: user=0.01 sys=0.00, real=0.00 secs] 
2830.278: [GC (Allocation Failure) [PSYoungGen: 57200K->1533K(57856K)] 446936K->391285K(559616K), 0.0016307 secs] [Times: user=0.01 sys=0.00, real=0.00 secs] 
2830.605: [GC (Allocation Failure) [PSYoungGen: 57341K->1565K(57856K)] 447093K->391333K(559616K), 0.0018489 secs] [Times: user=0.00 sys=0.00, real=0.00 secs] 
2830.993: [GC (Allocation Failure) [PSYoungGen: 57373K->1565K(57856K)] 447141K->391333K(559616K), 0.0018272 secs] [Times: user=0.00 sys=0.00, real=0.01 secs] 
2831.319: [GC (Allocation Failure) [PSYoungGen: 57373K->1597K(57856K)] 447141K->391365K(559616K), 0.0018032 secs] [Times: user=0.01 sys=0.00, real=0.00 secs] 
2832.003: [GC (Allocation Failure) [PSYoungGen: 57405K->1504K(57856K)] 447173K->391272K(559616K), 0.0042500 secs] [Times: user=0.02 sys=0.00, real=0.00 secs] 
2832.424: [GC (Allocation Failure) [PSYoungGen: 57312K->1344K(57856K)] 447080K->391112K(559616K), 0.0022393 secs] [Times: user=0.01 sys=0.00, real=0.00 secs] 
2832.651: [GC (Allocation Failure) [PSYoungGen: 57152K->1376K(57856K)] 446920K->391144K(559616K), 0.0019575 secs] [Times: user=0.01 sys=0.00, real=0.01 secs] 
2832.941: [GC (Allocation Failure) [PSYoungGen: 57184K->1408K(57856K)] 446952K->391176K(559616K), 0.0021691 secs] [Times: user=0.01 sys=0.00, real=0.00 secs] 
2833.174: [GC (Allocation Failure) [PSYoungGen: 57216K->1376K(57856K)] 446984K->391144K(559616K), 0.0019862 secs] [Times: user=0.00 sys=0.00, real=0.00 secs] 
2833.507: [GC (Allocation Failure) [PSYoungGen: 57184K->1440K(57856K)] 446952K->391208K(559616K), 0.0016392 secs] [Times: user=0.01 sys=0.00, real=0.00 secs] 
2833.833: [GC (Allocation Failure) [PSYoungGen: 57248K->1597K(57856K)] 447016K->391381K(559616K), 0.0018601 secs] [Times: user=0.01 sys=0.00, real=0.01 secs] 
2834.160: [GC (Allocation Failure) [PSYoungGen: 57405K->1568K(57856K)] 447189K->391352K(559616K), 0.0017544 secs] [Times: user=0.01 sys=0.00, real=0.00 secs] 
2834.487: [GC (Allocation Failure) [PSYoungGen: 57376K->1565K(57856K)] 447160K->391349K(559616K), 0.0018075 secs] [Times: user=0.01 sys=0.00, real=0.00 secs] 
2834.818: [GC (Allocation Failure) [PSYoungGen: 57373K->1565K(57856K)] 447157K->391349K(559616K), 0.0017305 secs] [Times: user=0.01 sys=0.00, real=0.00 secs] 
2835.456: [GC (Allocation Failure) [PSYoungGen: 57373K->1472K(57856K)] 447157K->391256K(559616K), 0.0021020 secs] [Times: user=0.01 sys=0.00, real=0.00 secs] 
2836.145: [GC (Allocation Failure) [PSYoungGen: 57280K->1408K(57856K)] 447064K->391192K(559616K), 0.0019791 secs] [Times: user=0.00 sys=0.00, real=0.00 secs] 
2836.621: [GC (Allocation Failure) [PSYoungGen: 57216K->1408K(57856K)] 447000K->391192K(559616K), 0.0044203 secs] [Times: user=0.02 sys=0.01, real=0.01 secs] 
2836.993: [GC (Allocation Failure) [PSYoungGen: 57216K->1456K(57856K)] 447000K->391240K(559616K), 0.0026194 secs] [Times: user=0.01 sys=0.00, real=0.01 secs] 
2837.370: [GC (Allocation Failure) [PSYoungGen: 57264K->1408K(57856K)] 447048K->391192K(559616K), 0.0029190 secs] [Times: user=0.01 sys=0.00, real=0.00 secs] 
2837.980: [GC (Allocation Failure) [PSYoungGen: 57216K->1501K(57856K)] 447000K->391301K(559616K), 0.0016987 secs] [Times: user=0.01 sys=0.00, real=0.00 secs] 
2838.313: [GC (Allocation Failure) [PSYoungGen: 57287K->1549K(57856K)] 447088K->391349K(559616K), 0.0017081 secs] [Times: user=0.01 sys=0.00, real=0.01 secs] 
2838.639: [GC (Allocation Failure) [PSYoungGen: 57357K->1533K(57856K)] 447157K->391333K(559616K), 0.0017983 secs] [Times: user=0.00 sys=0.00, real=0.00 secs] 
2839.031: [GC (Allocation Failure) [PSYoungGen: 57341K->1565K(57856K)] 447141K->391365K(559616K), 0.0018489 secs] [Times: user=0.01 sys=0.00, real=0.00 secs] 
2839.481: [GC (Allocation Failure) [PSYoungGen: 57373K->1472K(57856K)] 447173K->391272K(559616K), 0.0024169 secs] [Times: user=0.01 sys=0.00, real=0.01 secs] 
2839.903: [GC (Allocation Failure) [PSYoungGen: 57280K->1376K(57856K)] 447080K->391176K(559616K), 0.0023398 secs] [Times: user=0.01 sys=0.00, real=0.01 secs] 
2840.233: [GC (Allocation Failure) [PSYoungGen: 57184K->1376K(57856K)] 446984K->391176K(559616K), 0.0021949 secs] [Times: user=0.01 sys=0.00, real=0.00 secs] 
2840.535: [GC (Allocation Failure) [PSYoungGen: 57184K->1408K(57856K)] 446984K->391208K(559616K), 0.0022758 secs] [Times: user=0.01 sys=0.00, real=0.00 secs] 
2840.974: [GC (Allocation Failure) [PSYoungGen: 57216K->1376K(57856K)] 447016K->391176K(559616K), 0.0022017 secs] [Times: user=0.01 sys=0.00, real=0.00 secs] 
2841.483: [GC (Allocation Failure) [PSYoungGen: 57184K->1437K(57856K)] 446984K->391253K(559616K), 0.0020486 secs] [Times: user=0.00 sys=0.00, real=0.01 secs] 
2841.821: [GC (Allocation Failure) [PSYoungGen: 57245K->1565K(57856K)] 447061K->391397K(559616K), 0.0017181 secs] [Times: user=0.00 sys=0.00, real=0.00 secs] 
2842.148: [GC (Allocation Failure) [PSYoungGen: 57373K->1533K(57856K)] 447205K->391365K(559616K), 0.0018496 secs] [Times: user=0.01 sys=0.00, real=0.00 secs] 
2842.477: [GC (Allocation Failure) [PSYoungGen: 57341K->1565K(57856K)] 447173K->391397K(559616K), 0.0018121 secs] [Times: user=0.01 sys=0.00, real=0.00 secs] 
2842.870: [GC (Allocation Failure) [PSYoungGen: 57373K->1632K(57856K)] 447205K->391472K(559616K), 0.0020705 secs] [Times: user=0.01 sys=0.00, real=0.00 secs] 
2844.018: [GC (Allocation Failure) [PSYoungGen: 57440K->1408K(57856K)] 447280K->391248K(559616K), 0.0043772 secs] [Times: user=0.02 sys=0.00, real=0.00 secs] 
2844.902: [GC (Allocation Failure) [PSYoungGen: 57216K->1408K(57856K)] 447056K->391248K(559616K), 0.0043086 secs] [Times: user=0.02 sys=0.00, real=0.01 secs] 
2845.260: [GC (Allocation Failure) [PSYoungGen: 57216K->1408K(57856K)] 447056K->391248K(559616K), 0.0020990 secs] [Times: user=0.01 sys=0.00, real=0.00 secs] 
2845.493: [GC (Allocation Failure) [PSYoungGen: 57216K->1376K(57856K)] 447056K->391216K(559616K), 0.0021817 secs] [Times: user=0.00 sys=0.00, real=0.01 secs] 
2845.778: [GC (Allocation Failure) [PSYoungGen: 57163K->1501K(57856K)] 447003K->391341K(559616K), 0.0021266 secs] [Times: user=0.01 sys=0.00, real=0.00 secs] 
2846.127: [GC (Allocation Failure) [PSYoungGen: 57309K->1501K(57856K)] 447149K->391357K(559616K), 0.0017621 secs] [Times: user=0.01 sys=0.00, real=0.00 secs] 
2846.453: [GC (Allocation Failure) [PSYoungGen: 57309K->1517K(57856K)] 447165K->391373K(559616K), 0.0017976 secs] [Times: user=0.00 sys=0.00, real=0.01 secs] 
2846.779: [GC (Allocation Failure) [PSYoungGen: 57325K->1549K(57856K)] 447181K->391405K(559616K), 0.0016776 secs] [Times: user=0.01 sys=0.00, real=0.00 secs] 
2847.109: [GC (Allocation Failure) [PSYoungGen: 57357K->1581K(57856K)] 447213K->391437K(559616K), 0.0018761 secs] [Times: user=0.01 sys=0.00, real=0.00 secs] 
2847.856: [GC (Allocation Failure) [PSYoungGen: 57389K->1440K(57856K)] 447245K->391304K(559616K), 0.0027116 secs] [Times: user=0.01 sys=0.00, real=0.00 secs] 
2848.621: [GC (Allocation Failure) [PSYoungGen: 57248K->1376K(57856K)] 447112K->391240K(559616K), 0.0025578 secs] [Times: user=0.01 sys=0.00, real=0.01 secs] 
2849.366: [GC (Allocation Failure) [PSYoungGen: 57184K->1424K(57856K)] 447048K->391288K(559616K), 0.0026182 secs] [Times: user=0.01 sys=0.00, real=0.00 secs] 
2850.174: [GC (Allocation Failure) [PSYoungGen: 57232K->1408K(57856K)] 447096K->391272K(559616K), 0.0029882 secs] [Times: user=0.02 sys=0.00, real=0.00 secs] 
2850.979: [GC (Allocation Failure) [PSYoungGen: 57216K->1408K(57856K)] 447080K->391272K(559616K), 0.0033917 secs] [Times: user=0.02 sys=0.00, real=0.00 secs] 
2851.383: [GC (Allocation Failure) [PSYoungGen: 57216K->1501K(57856K)] 447080K->391381K(559616K), 0.0017065 secs] [Times: user=0.01 sys=0.00, real=0.00 secs] 
2851.709: [GC (Allocation Failure) [PSYoungGen: 57309K->1629K(57856K)] 447189K->391509K(559616K), 0.0017420 secs] [Times: user=0.01 sys=0.00, real=0.00 secs] 
2852.035: [GC (Allocation Failure) [PSYoungGen: 57437K->1629K(57856K)] 447317K->391525K(559616K), 0.0018059 secs] [Times: user=0.01 sys=0.00, real=0.00 secs] 
2852.362: [GC (Allocation Failure) [PSYoungGen: 57437K->1565K(57856K)] 447333K->391461K(559616K), 0.0017266 secs] [Times: user=0.01 sys=0.00, real=0.01 secs] 
2852.853: [GC (Allocation Failure) [PSYoungGen: 57373K->1472K(57856K)] 447269K->391368K(559616K), 0.0022010 secs] [Times: user=0.00 sys=0.00, real=0.00 secs] 
2853.364: [GC (Allocation Failure) [PSYoungGen: 57280K->1376K(57856K)] 447176K->391272K(559616K), 0.0024054 secs] [Times: user=0.01 sys=0.00, real=0.00 secs] 
2853.888: [GC (Allocation Failure) [PSYoungGen: 57184K->1376K(57856K)] 447080K->391272K(559616K), 0.0034080 secs] [Times: user=0.02 sys=0.00, real=0.00 secs] 
2854.436: [GC (Allocation Failure) [PSYoungGen: 57184K->1440K(57856K)] 447080K->391336K(559616K), 0.0030256 secs] [Times: user=0.01 sys=0.00, real=0.00 secs] 
2854.789: [GC (Allocation Failure) [PSYoungGen: 57248K->1408K(57856K)] 447144K->391304K(559616K), 0.0021732 secs] [Times: user=0.01 sys=0.00, real=0.00 secs] 
2855.063: [GC (Allocation Failure) [PSYoungGen: 57216K->1456K(57856K)] 447112K->391352K(559616K), 0.0017518 secs] [Times: user=0.01 sys=0.00, real=0.00 secs] 
2855.388: [GC (Allocation Failure) [PSYoungGen: 57264K->1549K(57856K)] 447160K->391469K(559616K), 0.0016892 secs] [Times: user=0.01 sys=0.00, real=0.00 secs] 
2855.716: [GC (Allocation Failure) [PSYoungGen: 57357K->1565K(57856K)] 447277K->391485K(559616K), 0.0017524 secs] [Times: user=0.01 sys=0.00, real=0.00 secs] 
2856.043: [GC (Allocation Failure) [PSYoungGen: 57373K->1520K(57856K)] 447293K->391440K(559616K), 0.0026369 secs] [Times: user=0.01 sys=0.00, real=0.01 secs] 
2856.456: [GC (Allocation Failure) [PSYoungGen: 57328K->1600K(57856K)] 447248K->391520K(559616K), 0.0017333 secs] [Times: user=0.00 sys=0.00, real=0.00 secs] 
2857.028: [GC (Allocation Failure) [PSYoungGen: 57408K->1408K(57856K)] 447328K->391328K(559616K), 0.0026391 secs] [Times: user=0.01 sys=0.00, real=0.00 secs] 
2857.584: [GC (Allocation Failure) [PSYoungGen: 57216K->1376K(57856K)] 447136K->391296K(559616K), 0.0029872 secs] [Times: user=0.01 sys=0.00, real=0.00 secs] 
2858.076: [GC (Allocation Failure) [PSYoungGen: 57184K->1360K(57856K)] 447104K->391280K(559616K), 0.0024749 secs] [Times: user=0.01 sys=0.00, real=0.00 secs] 
2858.487: [GC (Allocation Failure) [PSYoungGen: 57168K->1408K(57856K)] 447088K->391328K(559616K), 0.0022116 secs] [Times: user=0.01 sys=0.00, real=0.00 secs] 
2858.795: [GC (Allocation Failure) [PSYoungGen: 57216K->1376K(57856K)] 447136K->391296K(559616K), 0.0022599 secs] [Times: user=0.00 sys=0.00, real=0.00 secs] 
2859.139: [GC (Allocation Failure) [PSYoungGen: 57181K->1501K(57856K)] 447101K->391429K(559616K), 0.0016822 secs] [Times: user=0.01 sys=0.00, real=0.00 secs] 
2859.464: [GC (Allocation Failure) [PSYoungGen: 57309K->1568K(57856K)] 447237K->391496K(559616K), 0.0018724 secs] [Times: user=0.01 sys=0.00, real=0.00 secs] 
2859.791: [GC (Allocation Failure) [PSYoungGen: 57376K->1504K(57856K)] 447304K->391432K(559616K), 0.0017362 secs] [Times: user=0.01 sys=0.00, real=0.00 secs] 
2860.120: [GC (Allocation Failure) [PSYoungGen: 57312K->1536K(57856K)] 447240K->391464K(559616K), 0.0016692 secs] [Times: user=0.01 sys=0.00, real=0.00 secs] 
2860.956: [GC (Allocation Failure) [PSYoungGen: 57344K->1456K(57856K)] 447272K->391392K(559616K), 0.0038964 secs] [Times: user=0.01 sys=0.00, real=0.00 secs] 
2861.658: [GC (Allocation Failure) [PSYoungGen: 57264K->1376K(57856K)] 447200K->391312K(559616K), 0.0033585 secs] [Times: user=0.02 sys=0.00, real=0.00 secs] 
2862.374: [GC (Allocation Failure) [PSYoungGen: 57184K->1408K(57856K)] 447120K->391344K(559616K), 0.0034453 secs] [Times: user=0.02 sys=0.00, real=0.00 secs] 
2863.176: [GC (Allocation Failure) [PSYoungGen: 57216K->1376K(57856K)] 447152K->391312K(559616K), 0.0034449 secs] [Times: user=0.02 sys=0.00, real=0.00 secs] 
2863.813: [GC (Allocation Failure) [PSYoungGen: 57184K->1344K(57856K)] 447120K->391280K(559616K), 0.0035596 secs] [Times: user=0.02 sys=0.00, real=0.01 secs] 
2864.259: [GC (Allocation Failure) [PSYoungGen: 57152K->1501K(57856K)] 447088K->391437K(559616K), 0.0016749 secs] [Times: user=0.01 sys=0.00, real=0.00 secs] 
2864.586: [GC (Allocation Failure) [PSYoungGen: 57309K->1597K(57856K)] 447245K->391541K(559616K), 0.0018088 secs] [Times: user=0.01 sys=0.00, real=0.00 secs] 
2864.913: [GC (Allocation Failure) [PSYoungGen: 57405K->1549K(57856K)] 447349K->391493K(559616K), 0.0017306 secs] [Times: user=0.01 sys=0.00, real=0.01 secs] 
2865.241: [GC (Allocation Failure) [PSYoungGen: 57357K->1533K(57856K)] 447301K->391477K(559616K), 0.0016441 secs] [Times: user=0.01 sys=0.00, real=0.00 secs] 
2865.940: [GC (Allocation Failure) [PSYoungGen: 57341K->1536K(57856K)] 447285K->391480K(559616K), 0.0023064 secs] [Times: user=0.01 sys=0.00, real=0.00 secs] 
2866.780: [GC (Allocation Failure) [PSYoungGen: 57344K->1376K(57856K)] 447288K->391320K(559616K), 0.0029294 secs] [Times: user=0.02 sys=0.00, real=0.01 secs] 
2867.761: [GC (Allocation Failure) [PSYoungGen: 57184K->1392K(57856K)] 447128K->391336K(559616K), 0.0035802 secs] [Times: user=0.01 sys=0.01, real=0.01 secs] 
2868.588: [GC (Allocation Failure) [PSYoungGen: 57200K->1344K(57856K)] 447144K->391288K(559616K), 0.0043958 secs] [Times: user=0.02 sys=0.00, real=0.00 secs] 
2869.224: [GC (Allocation Failure) [PSYoungGen: 57152K->1344K(57856K)] 447096K->391288K(559616K), 0.0034107 secs] [Times: user=0.01 sys=0.00, real=0.00 secs] 
2869.917: [GC (Allocation Failure) [PSYoungGen: 57022K->288K(57856K)] 446966K->390232K(559616K), 0.0040040 secs] [Times: user=0.02 sys=0.00, real=0.00 secs] 
2870.362: [GC (Allocation Failure) [PSYoungGen: 56096K->1533K(57856K)] 446040K->391493K(559616K), 0.0017553 secs] [Times: user=0.01 sys=0.00, real=0.01 secs] 
2870.689: [GC (Allocation Failure) [PSYoungGen: 57341K->1533K(57856K)] 447301K->391493K(559616K), 0.0018025 secs] [Times: user=0.01 sys=0.00, real=0.00 secs] 
2871.016: [GC (Allocation Failure) [PSYoungGen: 57341K->1565K(57856K)] 447301K->391525K(559616K), 0.0017591 secs] [Times: user=0.01 sys=0.00, real=0.00 secs] 
2871.344: [GC (Allocation Failure) [PSYoungGen: 57343K->1533K(57856K)] 447303K->391493K(559616K), 0.0019721 secs] [Times: user=0.01 sys=0.00, real=0.00 secs] 
2871.804: [GC (Allocation Failure) [PSYoungGen: 57341K->1408K(57856K)] 447301K->391368K(559616K), 0.0018115 secs] [Times: user=0.01 sys=0.00, real=0.00 secs] 
2872.309: [GC (Allocation Failure) [PSYoungGen: 57216K->1392K(57856K)] 447176K->391352K(559616K), 0.0021156 secs] [Times: user=0.01 sys=0.00, real=0.00 secs] 
2872.808: [GC (Allocation Failure) [PSYoungGen: 57200K->1376K(57856K)] 447160K->391336K(559616K), 0.0020726 secs] [Times: user=0.01 sys=0.00, real=0.00 secs] 
2873.354: [GC (Allocation Failure) [PSYoungGen: 57184K->1344K(57856K)] 447144K->391320K(559616K), 0.0026170 secs] [Times: user=0.01 sys=0.00, real=0.00 secs] 
2873.953: [GC (Allocation Failure) [PSYoungGen: 57152K->1408K(57856K)] 447128K->391384K(559616K), 0.0026161 secs] [Times: user=0.01 sys=0.00, real=0.01 secs] 
2874.493: [GC (Allocation Failure) [PSYoungGen: 57216K->1453K(57856K)] 447192K->391445K(559616K), 0.0017006 secs] [Times: user=0.00 sys=0.00, real=0.01 secs] 
2874.818: [GC (Allocation Failure) [PSYoungGen: 57261K->1581K(57856K)] 447253K->391573K(559616K), 0.0016958 secs] [Times: user=0.00 sys=0.00, real=0.00 secs] 
2875.144: [GC (Allocation Failure) [PSYoungGen: 57389K->1584K(57856K)] 447381K->391576K(559616K), 0.0016846 secs] [Times: user=0.00 sys=0.00, real=0.00 secs] 
2875.471: [GC (Allocation Failure) [PSYoungGen: 57392K->1568K(57856K)] 447384K->391560K(559616K), 0.0017390 secs] [Times: user=0.01 sys=0.00, real=0.01 secs] 
2875.919: [GC (Allocation Failure) [PSYoungGen: 57376K->1488K(57856K)] 447368K->391480K(559616K), 0.0019806 secs] [Times: user=0.01 sys=0.00, real=0.00 secs] 
2876.661: [GC (Allocation Failure) [PSYoungGen: 57296K->1440K(57856K)] 447288K->391432K(559616K), 0.0021522 secs] [Times: user=0.01 sys=0.00, real=0.00 secs] 
2877.380: [GC (Allocation Failure) [PSYoungGen: 57248K->1376K(57856K)] 447240K->391368K(559616K), 0.0028931 secs] [Times: user=0.01 sys=0.00, real=0.00 secs] 
2877.867: [GC (Allocation Failure) [PSYoungGen: 57184K->1376K(57856K)] 447176K->391368K(559616K), 0.0035286 secs] [Times: user=0.02 sys=0.00, real=0.00 secs] 
2878.413: [GC (Allocation Failure) [PSYoungGen: 57184K->1408K(57856K)] 447176K->391400K(559616K), 0.0027964 secs] [Times: user=0.01 sys=0.00, real=0.00 secs] 
2879.072: [GC (Allocation Failure) [PSYoungGen: 57216K->1501K(57856K)] 447208K->391493K(559616K), 0.0026192 secs] [Times: user=0.01 sys=0.00, real=0.01 secs] 
2879.441: [GC (Allocation Failure) [PSYoungGen: 57309K->1565K(57856K)] 447301K->391573K(559616K), 0.0017937 secs] [Times: user=0.00 sys=0.00, real=0.00 secs] 
2879.769: [GC (Allocation Failure) [PSYoungGen: 57373K->1552K(57856K)] 447381K->391560K(559616K), 0.0018494 secs] [Times: user=0.01 sys=0.00, real=0.00 secs] 
2880.095: [GC (Allocation Failure) [PSYoungGen: 57360K->1565K(57856K)] 447368K->391573K(559616K), 0.0017293 secs] [Times: user=0.01 sys=0.00, real=0.00 secs] 
2880.423: [GC (Allocation Failure) [PSYoungGen: 57373K->1600K(57856K)] 447381K->391608K(559616K), 0.0017263 secs] [Times: user=0.01 sys=0.00, real=0.01 secs] 
2880.795: [GC (Allocation Failure) [PSYoungGen: 57408K->1440K(57856K)] 447416K->391448K(559616K), 0.0020210 secs] [Times: user=0.00 sys=0.00, real=0.00 secs] 
2881.136: [GC (Allocation Failure) [PSYoungGen: 57248K->1408K(57856K)] 447256K->391416K(559616K), 0.0020925 secs] [Times: user=0.01 sys=0.00, real=0.00 secs] 
2881.386: [GC (Allocation Failure) [PSYoungGen: 57216K->1376K(57856K)] 447224K->391400K(559616K), 0.0021388 secs] [Times: user=0.01 sys=0.00, real=0.00 secs] 
2881.677: [GC (Allocation Failure) [PSYoungGen: 57184K->1360K(57856K)] 447208K->391384K(559616K), 0.0020075 secs] [Times: user=0.01 sys=0.00, real=0.00 secs] 
2881.918: [GC (Allocation Failure) [PSYoungGen: 57168K->1376K(57856K)] 447192K->391400K(559616K), 0.0019996 secs] [Times: user=0.01 sys=0.01, real=0.00 secs] 
2882.256: [GC (Allocation Failure) [PSYoungGen: 57184K->1501K(57856K)] 447208K->391541K(559616K), 0.0016700 secs] [Times: user=0.00 sys=0.00, real=0.00 secs] 
2882.581: [GC (Allocation Failure) [PSYoungGen: 57309K->1629K(57856K)] 447349K->391669K(559616K), 0.0018479 secs] [Times: user=0.00 sys=0.01, real=0.01 secs] 
2882.908: [GC (Allocation Failure) [PSYoungGen: 57437K->1613K(57856K)] 447477K->391653K(559616K), 0.0016939 secs] [Times: user=0.01 sys=0.00, real=0.00 secs] 
2883.295: [GC (Allocation Failure) [PSYoungGen: 57421K->1597K(57856K)] 447461K->391637K(559616K), 0.0017647 secs] [Times: user=0.00 sys=0.00, real=0.00 secs] 
2883.745: [GC (Allocation Failure) [PSYoungGen: 57405K->1472K(57856K)] 447445K->391512K(559616K), 0.0024849 secs] [Times: user=0.01 sys=0.00, real=0.00 secs] 
2884.221: [GC (Allocation Failure) [PSYoungGen: 57280K->1376K(57856K)] 447320K->391416K(559616K), 0.0022779 secs] [Times: user=0.01 sys=0.00, real=0.01 secs] 
2884.743: [GC (Allocation Failure) [PSYoungGen: 57184K->1408K(57856K)] 447224K->391448K(559616K), 0.0029108 secs] [Times: user=0.01 sys=0.00, real=0.01 secs] 
2885.112: [GC (Allocation Failure) [PSYoungGen: 57216K->1376K(57856K)] 447256K->391416K(559616K), 0.0025541 secs] [Times: user=0.01 sys=0.00, real=0.01 secs] 
2885.379: [GC (Allocation Failure) [PSYoungGen: 57184K->1408K(57856K)] 447224K->391448K(559616K), 0.0021750 secs] [Times: user=0.01 sys=0.00, real=0.00 secs] 
2885.710: [GC (Allocation Failure) [PSYoungGen: 57216K->1437K(57856K)] 447256K->391477K(559616K), 0.0016972 secs] [Times: user=0.01 sys=0.00, real=0.00 secs] 
2886.036: [GC (Allocation Failure) [PSYoungGen: 57245K->1565K(57856K)] 447285K->391621K(559616K), 0.0017489 secs] [Times: user=0.01 sys=0.00, real=0.00 secs] 
2886.365: [GC (Allocation Failure) [PSYoungGen: 57373K->1600K(57856K)] 447429K->391656K(559616K), 0.0018155 secs] [Times: user=0.01 sys=0.00, real=0.00 secs] 
2886.755: [GC (Allocation Failure) [PSYoungGen: 57408K->1565K(57856K)] 447464K->391621K(559616K), 0.0018249 secs] [Times: user=0.01 sys=0.00, real=0.00 secs] 
2887.087: [GC (Allocation Failure) [PSYoungGen: 57373K->256K(57856K)] 447429K->390312K(559616K), 0.0015850 secs] [Times: user=0.01 sys=0.00, real=0.00 secs] 
2887.426: [GC (Allocation Failure) [PSYoungGen: 56064K->1360K(57856K)] 446120K->391416K(559616K), 0.0024346 secs] [Times: user=0.01 sys=0.00, real=0.00 secs] 
2887.677: [GC (Allocation Failure) [PSYoungGen: 57168K->1376K(57856K)] 447224K->391432K(559616K), 0.0022601 secs] [Times: user=0.01 sys=0.00, real=0.00 secs] 
2887.926: [GC (Allocation Failure) [PSYoungGen: 57184K->1408K(57856K)] 447240K->391464K(559616K), 0.0021040 secs] [Times: user=0.01 sys=0.00, real=0.00 secs] 
2888.200: [GC (Allocation Failure) [PSYoungGen: 57216K->1408K(57856K)] 447272K->391464K(559616K), 0.0022224 secs] [Times: user=0.01 sys=0.00, real=0.00 secs] 
2888.436: [GC (Allocation Failure) [PSYoungGen: 57216K->1344K(57856K)] 447272K->391400K(559616K), 0.0020627 secs] [Times: user=0.01 sys=0.00, real=0.00 secs] 
2888.832: [GC (Allocation Failure) [PSYoungGen: 57152K->1597K(57856K)] 447208K->391661K(559616K), 0.0018997 secs] [Times: user=0.00 sys=0.00, real=0.01 secs] 
2889.158: [GC (Allocation Failure) [PSYoungGen: 57405K->1629K(57856K)] 447469K->391693K(559616K), 0.0017120 secs] [Times: user=0.00 sys=0.00, real=0.00 secs] 
2889.484: [GC (Allocation Failure) [PSYoungGen: 57437K->1597K(57856K)] 447501K->391661K(559616K), 0.0017832 secs] [Times: user=0.01 sys=0.00, real=0.00 secs] 
2889.812: [GC (Allocation Failure) [PSYoungGen: 57405K->1565K(57856K)] 447469K->391653K(559616K), 0.0017201 secs] [Times: user=0.01 sys=0.00, real=0.01 secs] 
2890.159: [GC (Allocation Failure) [PSYoungGen: 57373K->1408K(57856K)] 447461K->391496K(559616K), 0.0020721 secs] [Times: user=0.00 sys=0.00, real=0.00 secs] 
2890.677: [GC (Allocation Failure) [PSYoungGen: 57216K->1376K(57856K)] 447304K->391464K(559616K), 0.0020466 secs] [Times: user=0.01 sys=0.00, real=0.00 secs] 
2891.352: [GC (Allocation Failure) [PSYoungGen: 57184K->1344K(57856K)] 447272K->391432K(559616K), 0.0043733 secs] [Times: user=0.01 sys=0.00, real=0.01 secs] 
2892.030: [GC (Allocation Failure) [PSYoungGen: 57152K->1360K(57856K)] 447240K->391448K(559616K), 0.0044750 secs] [Times: user=0.02 sys=0.00, real=0.01 secs] 
2892.669: [GC (Allocation Failure) [PSYoungGen: 57168K->1344K(57856K)] 447256K->391432K(559616K), 0.0043781 secs] [Times: user=0.02 sys=0.00, real=0.01 secs] 
2893.295: [GC (Allocation Failure) [PSYoungGen: 57152K->1533K(57856K)] 447240K->391629K(559616K), 0.0016258 secs] [Times: user=0.01 sys=0.00, real=0.00 secs] 
2893.624: [GC (Allocation Failure) [PSYoungGen: 57341K->1565K(57856K)] 447437K->391677K(559616K), 0.0016571 secs] [Times: user=0.01 sys=0.00, real=0.00 secs] 
2893.952: [GC (Allocation Failure) [PSYoungGen: 57373K->1533K(57856K)] 447485K->391645K(559616K), 0.0017348 secs] [Times: user=0.01 sys=0.00, real=0.01 secs] 
2894.279: [GC (Allocation Failure) [PSYoungGen: 57341K->1568K(57856K)] 447453K->391680K(559616K), 0.0016767 secs] [Times: user=0.01 sys=0.00, real=0.00 secs] 
2894.633: [GC (Allocation Failure) [PSYoungGen: 57376K->1488K(57856K)] 447488K->391600K(559616K), 0.0021266 secs] [Times: user=0.00 sys=0.00, real=0.01 secs] 
2894.865: [GC (Allocation Failure) [PSYoungGen: 57296K->1376K(57856K)] 447408K->391488K(559616K), 0.0019520 secs] [Times: user=0.01 sys=0.00, real=0.00 secs] 
2895.098: [GC (Allocation Failure) [PSYoungGen: 57184K->1344K(57856K)] 447296K->391456K(559616K), 0.0019243 secs] [Times: user=0.01 sys=0.00, real=0.00 secs] 
2895.330: [GC (Allocation Failure) [PSYoungGen: 57152K->1440K(57856K)] 447264K->391552K(559616K), 0.0019831 secs] [Times: user=0.01 sys=0.00, real=0.00 secs] 
2895.562: [GC (Allocation Failure) [PSYoungGen: 57248K->1344K(57856K)] 447360K->391456K(559616K), 0.0020717 secs] [Times: user=0.01 sys=0.00, real=0.01 secs] 
2895.836: [GC (Allocation Failure) [PSYoungGen: 57152K->1437K(57856K)] 447264K->391557K(559616K), 0.0017206 secs] [Times: user=0.01 sys=0.00, real=0.00 secs] 
2896.161: [GC (Allocation Failure) [PSYoungGen: 57245K->1536K(57856K)] 447365K->391672K(559616K), 0.0017043 secs] [Times: user=0.01 sys=0.00, real=0.00 secs] 
2896.489: [GC (Allocation Failure) [PSYoungGen: 57344K->1565K(57856K)] 447480K->391701K(559616K), 0.0017117 secs] [Times: user=0.01 sys=0.00, real=0.00 secs] 
2896.818: [GC (Allocation Failure) [PSYoungGen: 57373K->1565K(57856K)] 447509K->391701K(559616K), 0.0017262 secs] [Times: user=0.01 sys=0.00, real=0.00 secs] 
2897.154: [GC (Allocation Failure) [PSYoungGen: 57373K->1565K(57856K)] 447509K->391701K(559616K), 0.0017138 secs] [Times: user=0.01 sys=0.00, real=0.00 secs] 
2897.421: [GC (Allocation Failure) [PSYoungGen: 57373K->1408K(57856K)] 447509K->391544K(559616K), 0.0019221 secs] [Times: user=0.01 sys=0.00, real=0.00 secs] 
2897.652: [GC (Allocation Failure) [PSYoungGen: 57216K->1392K(57856K)] 447352K->391528K(559616K), 0.0018879 secs] [Times: user=0.01 sys=0.00, real=0.01 secs] 
2897.982: [GC (Allocation Failure) [PSYoungGen: 57200K->1376K(57856K)] 447336K->391512K(559616K), 0.0020461 secs] [Times: user=0.01 sys=0.00, real=0.01 secs] 
2898.214: [GC (Allocation Failure) [PSYoungGen: 57184K->1408K(57856K)] 447320K->391544K(559616K), 0.0020481 secs] [Times: user=0.00 sys=0.00, real=0.00 secs] 
2898.447: [GC (Allocation Failure) [PSYoungGen: 57216K->1408K(57856K)] 447352K->391544K(559616K), 0.0020123 secs] [Times: user=0.00 sys=0.00, real=0.00 secs] 
2898.781: [GC (Allocation Failure) [PSYoungGen: 57216K->1501K(57856K)] 447352K->391645K(559616K), 0.0016135 secs] [Times: user=0.00 sys=0.00, real=0.00 secs] 
2899.173: [GC (Allocation Failure) [PSYoungGen: 57309K->1597K(57856K)] 447453K->391765K(559616K), 0.0017845 secs] [Times: user=0.00 sys=0.00, real=0.01 secs] 
2899.562: [GC (Allocation Failure) [PSYoungGen: 57405K->1533K(57856K)] 447573K->391701K(559616K), 0.0017571 secs] [Times: user=0.00 sys=0.00, real=0.01 secs] 
2899.890: [GC (Allocation Failure) [PSYoungGen: 57341K->1581K(57856K)] 447509K->391749K(559616K), 0.0017559 secs] [Times: user=0.01 sys=0.00, real=0.00 secs] 
2900.233: [GC (Allocation Failure) [PSYoungGen: 57389K->1472K(57856K)] 447557K->391640K(559616K), 0.0025542 secs] [Times: user=0.01 sys=0.00, real=0.01 secs] 
2900.466: [GC (Allocation Failure) [PSYoungGen: 57280K->1376K(57856K)] 447448K->391544K(559616K), 0.0022627 secs] [Times: user=0.01 sys=0.00, real=0.00 secs] 
2900.698: [GC (Allocation Failure) [PSYoungGen: 57184K->1344K(57856K)] 447352K->391512K(559616K), 0.0021029 secs] [Times: user=0.01 sys=0.00, real=0.00 secs] 
2901.197: [GC (Allocation Failure) [PSYoungGen: 57152K->1344K(57856K)] 447320K->391512K(559616K), 0.0023097 secs] [Times: user=0.01 sys=0.00, real=0.00 secs] 
2901.682: [GC (Allocation Failure) [PSYoungGen: 57152K->1376K(57856K)] 447320K->391544K(559616K), 0.0025407 secs] [Times: user=0.01 sys=0.00, real=0.01 secs] 
2902.133: [GC (Allocation Failure) [PSYoungGen: 57184K->1501K(57856K)] 447352K->391669K(559616K), 0.0017425 secs] [Times: user=0.00 sys=0.01, real=0.01 secs] 
2902.460: [GC (Allocation Failure) [PSYoungGen: 57309K->1549K(57856K)] 447477K->391725K(559616K), 0.0017585 secs] [Times: user=0.00 sys=0.00, real=0.00 secs] 
2902.789: [GC (Allocation Failure) [PSYoungGen: 57357K->1517K(57856K)] 447533K->391693K(559616K), 0.0017812 secs] [Times: user=0.01 sys=0.00, real=0.00 secs] 
2903.116: [GC (Allocation Failure) [PSYoungGen: 57325K->1597K(57856K)] 447501K->391773K(559616K), 0.0017919 secs] [Times: user=0.00 sys=0.00, real=0.00 secs] 
2903.440: [GC (Allocation Failure) [PSYoungGen: 57405K->1504K(57856K)] 447581K->391680K(559616K), 0.0018195 secs] [Times: user=0.00 sys=0.00, real=0.00 secs] 
2903.936: [GC (Allocation Failure) [PSYoungGen: 57312K->1408K(57856K)] 447488K->391584K(559616K), 0.0021019 secs] [Times: user=0.01 sys=0.00, real=0.00 secs] 
2904.406: [GC (Allocation Failure) [PSYoungGen: 57216K->1344K(57856K)] 447392K->391520K(559616K), 0.0020988 secs] [Times: user=0.01 sys=0.00, real=0.00 secs] 
2904.887: [GC (Allocation Failure) [PSYoungGen: 57152K->1344K(57856K)] 447328K->391520K(559616K), 0.0023007 secs] [Times: user=0.01 sys=0.00, real=0.00 secs] 
2905.273: [GC (Allocation Failure) [PSYoungGen: 57152K->1440K(57856K)] 447328K->391616K(559616K), 0.0023231 secs] [Times: user=0.01 sys=0.00, real=0.01 secs] 
2905.527: [GC (Allocation Failure) [PSYoungGen: 57248K->288K(57856K)] 447424K->390464K(559616K), 0.0022214 secs] [Times: user=0.01 sys=0.00, real=0.00 secs] 
2905.974: [GC (Allocation Failure) [PSYoungGen: 56096K->1568K(57856K)] 446272K->391760K(559616K), 0.0018550 secs] [Times: user=0.01 sys=0.00, real=0.00 secs] 
2906.301: [GC (Allocation Failure) [PSYoungGen: 57376K->1533K(57856K)] 447568K->391725K(559616K), 0.0018877 secs] [Times: user=0.01 sys=0.00, real=0.01 secs] 
2906.630: [GC (Allocation Failure) [PSYoungGen: 57341K->1533K(57856K)] 447533K->391725K(559616K), 0.0017482 secs] [Times: user=0.01 sys=0.00, real=0.00 secs] 
2907.020: [GC (Allocation Failure) [PSYoungGen: 57341K->1565K(57856K)] 447533K->391757K(559616K), 0.0017641 secs] [Times: user=0.01 sys=0.00, real=0.00 secs] 
2907.317: [GC (Allocation Failure) [PSYoungGen: 57373K->1408K(57856K)] 447565K->391600K(559616K), 0.0033860 secs] [Times: user=0.01 sys=0.00, real=0.00 secs] 
2907.553: [GC (Allocation Failure) [PSYoungGen: 57216K->1376K(57856K)] 447408K->391568K(559616K), 0.0022162 secs] [Times: user=0.01 sys=0.00, real=0.01 secs] 
2907.785: [GC (Allocation Failure) [PSYoungGen: 57184K->1392K(57856K)] 447376K->391584K(559616K), 0.0021706 secs] [Times: user=0.00 sys=0.00, real=0.00 secs] 
2908.017: [GC (Allocation Failure) [PSYoungGen: 57200K->1376K(57856K)] 447392K->391568K(559616K), 0.0021831 secs] [Times: user=0.01 sys=0.00, real=0.00 secs] 
2908.249: [GC (Allocation Failure) [PSYoungGen: 57184K->1344K(57856K)] 447376K->391536K(559616K), 0.0021516 secs] [Times: user=0.00 sys=0.00, real=0.00 secs] 
2908.682: [GC (Allocation Failure) [PSYoungGen: 57152K->1533K(57856K)] 447344K->391741K(559616K), 0.0016597 secs] [Times: user=0.01 sys=0.00, real=0.01 secs] 
2909.071: [GC (Allocation Failure) [PSYoungGen: 57341K->1533K(57856K)] 447549K->391741K(559616K), 0.0018670 secs] [Times: user=0.01 sys=0.00, real=0.01 secs] 
2909.400: [GC (Allocation Failure) [PSYoungGen: 57341K->1533K(57856K)] 447549K->391741K(559616K), 0.0017419 secs] [Times: user=0.01 sys=0.00, real=0.00 secs] 
2909.727: [GC (Allocation Failure) [PSYoungGen: 57341K->1565K(57856K)] 447549K->391789K(559616K), 0.0019614 secs] [Times: user=0.01 sys=0.00, real=0.00 secs] 
2910.054: [GC (Allocation Failure) [PSYoungGen: 57373K->1440K(57856K)] 447597K->391664K(559616K), 0.0020157 secs] [Times: user=0.01 sys=0.00, real=0.00 secs] 
2910.287: [GC (Allocation Failure) [PSYoungGen: 57248K->1360K(57856K)] 447472K->391584K(559616K), 0.0027416 secs] [Times: user=0.01 sys=0.00, real=0.00 secs] 
2910.520: [GC (Allocation Failure) [PSYoungGen: 57168K->1376K(57856K)] 447392K->391600K(559616K), 0.0021231 secs] [Times: user=0.00 sys=0.00, real=0.00 secs] 
2910.752: [GC (Allocation Failure) [PSYoungGen: 57184K->1376K(57856K)] 447408K->391600K(559616K), 0.0021487 secs] [Times: user=0.01 sys=0.00, real=0.01 secs] 
2910.985: [GC (Allocation Failure) [PSYoungGen: 57184K->1376K(57856K)] 447408K->391600K(559616K), 0.0021074 secs] [Times: user=0.01 sys=0.00, real=0.00 secs] 
2911.272: [GC (Allocation Failure) [PSYoungGen: 57184K->1501K(57856K)] 447408K->391725K(559616K), 0.0016375 secs] [Times: user=0.01 sys=0.00, real=0.01 secs] 
2911.599: [GC (Allocation Failure) [PSYoungGen: 57309K->1597K(57856K)] 447533K->391829K(559616K), 0.0017282 secs] [Times: user=0.01 sys=0.00, real=0.00 secs] 
2911.925: [GC (Allocation Failure) [PSYoungGen: 57405K->1552K(57856K)] 447637K->391784K(559616K), 0.0018609 secs] [Times: user=0.00 sys=0.00, real=0.00 secs] 
2912.255: [GC (Allocation Failure) [PSYoungGen: 57360K->1520K(57856K)] 447592K->391752K(559616K), 0.0017252 secs] [Times: user=0.01 sys=0.00, real=0.00 secs] 
2912.582: [GC (Allocation Failure) [PSYoungGen: 57328K->1597K(57856K)] 447560K->391829K(559616K), 0.0017130 secs] [Times: user=0.01 sys=0.00, real=0.01 secs] 
2913.789: [GC (Allocation Failure) [PSYoungGen: 57405K->1424K(57856K)] 447637K->391656K(559616K), 0.0043356 secs] [Times: user=0.02 sys=0.00, real=0.01 secs] 
2914.587: [GC (Allocation Failure) [PSYoungGen: 57232K->1376K(57856K)] 447464K->391608K(559616K), 0.0042984 secs] [Times: user=0.02 sys=0.00, real=0.00 secs] 
2915.117: [GC (Allocation Failure) [PSYoungGen: 57184K->1376K(57856K)] 447416K->391608K(559616K), 0.0029069 secs] [Times: user=0.01 sys=0.00, real=0.00 secs] 
2915.588: [GC (Allocation Failure) [PSYoungGen: 57184K->1408K(57856K)] 447416K->391640K(559616K), 0.0025950 secs] [Times: user=0.01 sys=0.00, real=0.00 secs] 
2916.088: [GC (Allocation Failure) [PSYoungGen: 57216K->1376K(57856K)] 447448K->391608K(559616K), 0.0023115 secs] [Times: user=0.01 sys=0.00, real=0.00 secs] 
2916.562: [GC (Allocation Failure) [PSYoungGen: 57184K->1533K(57856K)] 447416K->391781K(559616K), 0.0017436 secs] [Times: user=0.01 sys=0.00, real=0.01 secs] 
2916.888: [GC (Allocation Failure) [PSYoungGen: 57341K->1565K(57856K)] 447589K->391813K(559616K), 0.0016546 secs] [Times: user=0.01 sys=0.01, real=0.00 secs] 
2917.216: [GC (Allocation Failure) [PSYoungGen: 57373K->1597K(57856K)] 447621K->391845K(559616K), 0.0017924 secs] [Times: user=0.00 sys=0.00, real=0.00 secs] 
2917.543: [GC (Allocation Failure) [PSYoungGen: 57405K->1584K(57856K)] 447653K->391832K(559616K), 0.0018248 secs] [Times: user=0.01 sys=0.00, real=0.01 secs] 
2918.017: [GC (Allocation Failure) [PSYoungGen: 57392K->1504K(57856K)] 447640K->391752K(559616K), 0.0019792 secs] [Times: user=0.01 sys=0.00, real=0.00 secs] 
2918.620: [GC (Allocation Failure) [PSYoungGen: 57312K->1424K(57856K)] 447560K->391672K(559616K), 0.0020744 secs] [Times: user=0.01 sys=0.00, real=0.00 secs] 
2918.985: [GC (Allocation Failure) [PSYoungGen: 57232K->1408K(57856K)] 447480K->391656K(559616K), 0.0020088 secs] [Times: user=0.01 sys=0.00, real=0.00 secs] 
2919.217: [GC (Allocation Failure) [PSYoungGen: 57216K->1424K(57856K)] 447464K->391672K(559616K), 0.0019853 secs] [Times: user=0.00 sys=0.00, real=0.00 secs] 
2919.451: [GC (Allocation Failure) [PSYoungGen: 57232K->1376K(57856K)] 447480K->391624K(559616K), 0.0020027 secs] [Times: user=0.01 sys=0.01, real=0.00 secs] 
2919.757: [GC (Allocation Failure) [PSYoungGen: 57184K->1469K(57856K)] 447432K->391717K(559616K), 0.0017137 secs] [Times: user=0.01 sys=0.00, real=0.00 secs] 
2920.084: [GC (Allocation Failure) [PSYoungGen: 57277K->1565K(57856K)] 447525K->391829K(559616K), 0.0016550 secs] [Times: user=0.00 sys=0.00, real=0.00 secs] 
2920.409: [GC (Allocation Failure) [PSYoungGen: 57373K->1597K(57856K)] 447637K->391861K(559616K), 0.0017796 secs] [Times: user=0.00 sys=0.00, real=0.00 secs] 
2920.737: [GC (Allocation Failure) [PSYoungGen: 57405K->1597K(57856K)] 447669K->391885K(559616K), 0.0017491 secs] [Times: user=0.01 sys=0.00, real=0.00 secs] 
2921.090: [GC (Allocation Failure) [PSYoungGen: 57405K->1536K(57856K)] 447693K->391824K(559616K), 0.0018033 secs] [Times: user=0.01 sys=0.00, real=0.00 secs] 
2921.329: [GC (Allocation Failure) [PSYoungGen: 57344K->1440K(57856K)] 447632K->391728K(559616K), 0.0018867 secs] [Times: user=0.01 sys=0.00, real=0.00 secs] 
2921.561: [GC (Allocation Failure) [PSYoungGen: 57248K->1408K(57856K)] 447536K->391696K(559616K), 0.0019734 secs] [Times: user=0.00 sys=0.00, real=0.01 secs] 
2921.793: [GC (Allocation Failure) [PSYoungGen: 57216K->1408K(57856K)] 447504K->391696K(559616K), 0.0019602 secs] [Times: user=0.01 sys=0.00, real=0.01 secs] 
2922.025: [GC (Allocation Failure) [PSYoungGen: 57216K->1392K(57856K)] 447504K->391680K(559616K), 0.0018903 secs] [Times: user=0.01 sys=0.00, real=0.00 secs] 
2922.268: [GC (Allocation Failure) [PSYoungGen: 57113K->320K(57856K)] 447402K->390608K(559616K), 0.0019330 secs] [Times: user=0.01 sys=0.00, real=0.00 secs] 
2922.600: [GC (Allocation Failure) [PSYoungGen: 56128K->1568K(57856K)] 446416K->391872K(559616K), 0.0018093 secs] [Times: user=0.01 sys=0.00, real=0.00 secs] 
2922.926: [GC (Allocation Failure) [PSYoungGen: 57376K->1565K(57856K)] 447680K->391869K(559616K), 0.0017785 secs] [Times: user=0.01 sys=0.01, real=0.00 secs] 
2923.254: [GC (Allocation Failure) [PSYoungGen: 57373K->1536K(57856K)] 447677K->391840K(559616K), 0.0017431 secs] [Times: user=0.01 sys=0.00, real=0.00 secs] 
2923.585: [GC (Allocation Failure) [PSYoungGen: 57344K->1549K(57856K)] 447648K->391853K(559616K), 0.0018449 secs] [Times: user=0.00 sys=0.00, real=0.00 secs] 
2924.854: [GC (Allocation Failure) [PSYoungGen: 57357K->1408K(57856K)] 447661K->391712K(559616K), 0.0042938 secs] [Times: user=0.02 sys=0.00, real=0.00 secs] 
2925.386: [GC (Allocation Failure) [PSYoungGen: 57216K->1440K(57856K)] 447520K->391744K(559616K), 0.0037165 secs] [Times: user=0.01 sys=0.01, real=0.00 secs] 
2925.835: [GC (Allocation Failure) [PSYoungGen: 57248K->1376K(57856K)] 447552K->391680K(559616K), 0.0028526 secs] [Times: user=0.01 sys=0.00, real=0.00 secs] 
2926.337: [GC (Allocation Failure) [PSYoungGen: 57184K->1424K(57856K)] 447488K->391728K(559616K), 0.0028809 secs] [Times: user=0.01 sys=0.00, real=0.00 secs] 
2926.845: [GC (Allocation Failure) [PSYoungGen: 57232K->1376K(57856K)] 447536K->391680K(559616K), 0.0028988 secs] [Times: user=0.01 sys=0.00, real=0.00 secs] 
2927.391: [GC (Allocation Failure) [PSYoungGen: 57184K->1533K(57856K)] 447488K->391853K(559616K), 0.0017807 secs] [Times: user=0.01 sys=0.00, real=0.00 secs] 
2927.718: [GC (Allocation Failure) [PSYoungGen: 57341K->1549K(57856K)] 447661K->391869K(559616K), 0.0017276 secs] [Times: user=0.01 sys=0.00, real=0.00 secs] 
2928.055: [GC (Allocation Failure) [PSYoungGen: 57357K->1565K(57856K)] 447677K->391885K(559616K), 0.0017877 secs] [Times: user=0.01 sys=0.00, real=0.00 secs] 
2928.436: [GC (Allocation Failure) [PSYoungGen: 57373K->1533K(57856K)] 447693K->391853K(559616K), 0.0017350 secs] [Times: user=0.01 sys=0.00, real=0.00 secs] 
2928.804: [GC (Allocation Failure) [PSYoungGen: 57341K->1440K(57856K)] 447661K->391760K(559616K), 0.0020484 secs] [Times: user=0.01 sys=0.00, real=0.00 secs] 
2929.036: [GC (Allocation Failure) [PSYoungGen: 57248K->1376K(57856K)] 447568K->391696K(559616K), 0.0022590 secs] [Times: user=0.01 sys=0.01, real=0.00 secs] 
2929.277: [GC (Allocation Failure) [PSYoungGen: 57184K->1376K(57856K)] 447504K->391696K(559616K), 0.0022248 secs] [Times: user=0.01 sys=0.00, real=0.00 secs] 
2929.542: [GC (Allocation Failure) [PSYoungGen: 57184K->1344K(57856K)] 447504K->391664K(559616K), 0.0022089 secs] [Times: user=0.01 sys=0.00, real=0.01 secs] 
2929.884: [GC (Allocation Failure) [PSYoungGen: 57152K->1424K(57856K)] 447472K->391744K(559616K), 0.0021158 secs] [Times: user=0.01 sys=0.00, real=0.00 secs] 
2930.276: [GC (Allocation Failure) [PSYoungGen: 57232K->1469K(57856K)] 447552K->391789K(559616K), 0.0016066 secs] [Times: user=0.01 sys=0.00, real=0.00 secs] 
2930.602: [GC (Allocation Failure) [PSYoungGen: 57277K->1552K(57856K)] 447597K->391888K(559616K), 0.0017547 secs] [Times: user=0.01 sys=0.00, real=0.01 secs] 
2930.928: [GC (Allocation Failure) [PSYoungGen: 57360K->1565K(57856K)] 447696K->391901K(559616K), 0.0017328 secs] [Times: user=0.01 sys=0.00, real=0.00 secs] 
2931.254: [GC (Allocation Failure) [PSYoungGen: 57373K->1632K(57856K)] 447709K->391968K(559616K), 0.0018042 secs] [Times: user=0.01 sys=0.00, real=0.00 secs] 
2931.583: [GC (Allocation Failure) [PSYoungGen: 57440K->1581K(57856K)] 447776K->391917K(559616K), 0.0017218 secs] [Times: user=0.00 sys=0.00, real=0.00 secs] 
2932.142: [GC (Allocation Failure) [PSYoungGen: 57389K->1440K(57856K)] 447725K->391776K(559616K), 0.0020253 secs] [Times: user=0.01 sys=0.00, real=0.01 secs] 
2932.596: [GC (Allocation Failure) [PSYoungGen: 57248K->1312K(57856K)] 447584K->391648K(559616K), 0.0041485 secs] [Times: user=0.02 sys=0.00, real=0.00 secs] 
2932.916: [GC (Allocation Failure) [PSYoungGen: 57120K->1376K(57856K)] 447456K->391712K(559616K), 0.0023231 secs] [Times: user=0.01 sys=0.00, real=0.00 secs] 
2933.145: [GC (Allocation Failure) [PSYoungGen: 57184K->1408K(57856K)] 447520K->391744K(559616K), 0.0021700 secs] [Times: user=0.01 sys=0.00, real=0.00 secs] 
2933.376: [GC (Allocation Failure) [PSYoungGen: 57216K->1408K(57856K)] 447552K->391744K(559616K), 0.0021647 secs] [Times: user=0.01 sys=0.00, real=0.00 secs] 
2933.709: [GC (Allocation Failure) [PSYoungGen: 57216K->1565K(57856K)] 447552K->391917K(559616K), 0.0016998 secs] [Times: user=0.01 sys=0.00, real=0.00 secs] 
2934.037: [GC (Allocation Failure) [PSYoungGen: 57373K->1600K(57856K)] 447725K->391952K(559616K), 0.0017022 secs] [Times: user=0.01 sys=0.00, real=0.00 secs] 
2934.364: [GC (Allocation Failure) [PSYoungGen: 57408K->1536K(57856K)] 447760K->391888K(559616K), 0.0017321 secs] [Times: user=0.01 sys=0.00, real=0.00 secs] 
2934.691: [GC (Allocation Failure) [PSYoungGen: 57344K->1565K(57856K)] 447696K->391917K(559616K), 0.0016590 secs] [Times: user=0.01 sys=0.00, real=0.00 secs] 
2935.448: [GC (Allocation Failure) [PSYoungGen: 57373K->1472K(57856K)] 447725K->391824K(559616K), 0.0026799 secs] [Times: user=0.01 sys=0.00, real=0.00 secs] 
2936.591: [GC (Allocation Failure) [PSYoungGen: 57280K->1344K(57856K)] 447632K->391696K(559616K), 0.0036176 secs] [Times: user=0.02 sys=0.00, real=0.01 secs] 
2937.902: [GC (Allocation Failure) [PSYoungGen: 57152K->1408K(57856K)] 447504K->391760K(559616K), 0.0045536 secs] [Times: user=0.02 sys=0.00, real=0.01 secs] 
2938.414: [GC (Allocation Failure) [PSYoungGen: 57216K->1376K(57856K)] 447568K->391728K(559616K), 0.0030543 secs] [Times: user=0.02 sys=0.00, real=0.00 secs] 
2938.847: [GC (Allocation Failure) [PSYoungGen: 57184K->1440K(57856K)] 447536K->391792K(559616K), 0.0028462 secs] [Times: user=0.01 sys=0.00, real=0.00 secs] 
2939.342: [GC (Allocation Failure) [PSYoungGen: 57248K->1501K(57856K)] 447600K->391853K(559616K), 0.0017710 secs] [Times: user=0.01 sys=0.00, real=0.01 secs] 
2939.669: [GC (Allocation Failure) [PSYoungGen: 57309K->1613K(57856K)] 447661K->391981K(559616K), 0.0016933 secs] [Times: user=0.01 sys=0.00, real=0.00 secs] 
2939.995: [GC (Allocation Failure) [PSYoungGen: 57421K->1533K(57856K)] 447789K->391901K(559616K), 0.0017809 secs] [Times: user=0.00 sys=0.00, real=0.00 secs] 
2940.323: [GC (Allocation Failure) [PSYoungGen: 57341K->1629K(57856K)] 447709K->391997K(559616K), 0.0017263 secs] [Times: user=0.01 sys=0.00, real=0.00 secs] 
2940.656: [GC (Allocation Failure) [PSYoungGen: 57414K->288K(57856K)] 447782K->390656K(559616K), 0.0019873 secs] [Times: user=0.00 sys=0.00, real=0.00 secs] 
2942.704: [GC (Allocation Failure) [PSYoungGen: 56096K->1408K(57856K)] 446464K->391776K(559616K), 0.0043756 secs] [Times: user=0.02 sys=0.00, real=0.00 secs] 
2943.231: [GC (Allocation Failure) [PSYoungGen: 57216K->1376K(57856K)] 447584K->391744K(559616K), 0.0034500 secs] [Times: user=0.02 sys=0.00, real=0.01 secs] 
2943.692: [GC (Allocation Failure) [PSYoungGen: 57184K->1408K(57856K)] 447552K->391776K(559616K), 0.0023383 secs] [Times: user=0.01 sys=0.00, real=0.01 secs] 
2944.181: [GC (Allocation Failure) [PSYoungGen: 57216K->1344K(57856K)] 447584K->391712K(559616K), 0.0021980 secs] [Times: user=0.01 sys=0.00, real=0.01 secs] 
2944.584: [GC (Allocation Failure) [PSYoungGen: 57152K->1376K(57856K)] 447520K->391744K(559616K), 0.0028343 secs] [Times: user=0.01 sys=0.00, real=0.00 secs] 
2945.026: [GC (Allocation Failure) [PSYoungGen: 57184K->1533K(57856K)] 447552K->391917K(559616K), 0.0018280 secs] [Times: user=0.01 sys=0.00, real=0.00 secs] 
2945.354: [GC (Allocation Failure) [PSYoungGen: 57332K->1565K(57856K)] 447716K->391949K(559616K), 0.0017634 secs] [Times: user=0.01 sys=0.00, real=0.00 secs] 
2945.738: [GC (Allocation Failure) [PSYoungGen: 57373K->1568K(57856K)] 447757K->391952K(559616K), 0.0019396 secs] [Times: user=0.01 sys=0.00, real=0.00 secs] 
2946.065: [GC (Allocation Failure) [PSYoungGen: 57376K->1597K(57856K)] 447760K->391981K(559616K), 0.0019439 secs] [Times: user=0.00 sys=0.00, real=0.00 secs] 
2946.840: [GC (Allocation Failure) [PSYoungGen: 57405K->1440K(57856K)] 447789K->391824K(559616K), 0.0035812 secs] [Times: user=0.01 sys=0.00, real=0.01 secs] 
2947.297: [GC (Allocation Failure) [PSYoungGen: 57248K->1440K(57856K)] 447632K->391824K(559616K), 0.0023638 secs] [Times: user=0.01 sys=0.00, real=0.00 secs] 
2947.783: [GC (Allocation Failure) [PSYoungGen: 57248K->1376K(57856K)] 447632K->391760K(559616K), 0.0022878 secs] [Times: user=0.01 sys=0.00, real=0.00 secs] 
2948.275: [GC (Allocation Failure) [PSYoungGen: 57184K->1376K(57856K)] 447568K->391760K(559616K), 0.0024044 secs] [Times: user=0.01 sys=0.00, real=0.00 secs] 
2948.907: [GC (Allocation Failure) [PSYoungGen: 57184K->1408K(57856K)] 447568K->391792K(559616K), 0.0022533 secs] [Times: user=0.01 sys=0.00, real=0.00 secs] 
2949.452: [GC (Allocation Failure) [PSYoungGen: 57216K->1565K(57856K)] 447600K->391957K(559616K), 0.0018393 secs] [Times: user=0.01 sys=0.00, real=0.01 secs] 
2949.773: [GC (Allocation Failure) [PSYoungGen: 57373K->1549K(57856K)] 447765K->391949K(559616K), 0.0017304 secs] [Times: user=0.01 sys=0.00, real=0.00 secs] 
2950.100: [GC (Allocation Failure) [PSYoungGen: 57357K->1581K(57856K)] 447757K->391981K(559616K), 0.0017350 secs] [Times: user=0.01 sys=0.00, real=0.00 secs] 
2950.427: [GC (Allocation Failure) [PSYoungGen: 57389K->1597K(57856K)] 447789K->391997K(559616K), 0.0016361 secs] [Times: user=0.01 sys=0.00, real=0.00 secs] 
2950.831: [GC (Allocation Failure) [PSYoungGen: 57405K->2016K(57856K)] 447805K->392928K(559616K), 0.0021686 secs] [Times: user=0.01 sys=0.00, real=0.01 secs] 
2951.392: [GC (Allocation Failure) [PSYoungGen: 57824K->1376K(57856K)] 448736K->392288K(559616K), 0.0025870 secs] [Times: user=0.01 sys=0.00, real=0.01 secs] 
2951.819: [GC (Allocation Failure) [PSYoungGen: 57184K->1376K(57856K)] 448096K->392304K(559616K), 0.0023742 secs] [Times: user=0.01 sys=0.00, real=0.00 secs] 
2952.290: [GC (Allocation Failure) [PSYoungGen: 57184K->1376K(57856K)] 448112K->392304K(559616K), 0.0021816 secs] [Times: user=0.01 sys=0.00, real=0.00 secs] 
2953.225: [GC (Allocation Failure) [PSYoungGen: 57184K->1408K(57856K)] 448112K->392336K(559616K), 0.0029188 secs] [Times: user=0.01 sys=0.00, real=0.00 secs] 
2953.906: [GC (Allocation Failure) [PSYoungGen: 57216K->1437K(57856K)] 448144K->392365K(559616K), 0.0020258 secs] [Times: user=0.01 sys=0.00, real=0.00 secs] 
2954.250: [GC (Allocation Failure) [PSYoungGen: 57245K->1565K(57856K)] 448173K->392501K(559616K), 0.0017882 secs] [Times: user=0.01 sys=0.00, real=0.00 secs] 
2954.629: [GC (Allocation Failure) [PSYoungGen: 57373K->1565K(57856K)] 448309K->392501K(559616K), 0.0017856 secs] [Times: user=0.01 sys=0.00, real=0.00 secs] 
2955.019: [GC (Allocation Failure) [PSYoungGen: 57373K->1568K(57856K)] 448309K->392504K(559616K), 0.0018849 secs] [Times: user=0.00 sys=0.01, real=0.00 secs] 
2955.346: [GC (Allocation Failure) [PSYoungGen: 57358K->1533K(57856K)] 448295K->392469K(559616K), 0.0019466 secs] [Times: user=0.01 sys=0.00, real=0.00 secs] 
2955.799: [GC (Allocation Failure) [PSYoungGen: 57341K->1472K(57856K)] 448277K->392408K(559616K), 0.0021030 secs] [Times: user=0.01 sys=0.00, real=0.00 secs] 
2956.262: [GC (Allocation Failure) [PSYoungGen: 57280K->1408K(57856K)] 448216K->392344K(559616K), 0.0023191 secs] [Times: user=0.01 sys=0.00, real=0.01 secs] 
2956.724: [GC (Allocation Failure) [PSYoungGen: 57216K->1376K(57856K)] 448152K->392312K(559616K), 0.0032271 secs] [Times: user=0.01 sys=0.00, real=0.00 secs] 
2956.986: [GC (Allocation Failure) [PSYoungGen: 57184K->1408K(57856K)] 448120K->392344K(559616K), 0.0020781 secs] [Times: user=0.00 sys=0.00, real=0.00 secs] 
2957.224: [GC (Allocation Failure) [PSYoungGen: 57216K->1408K(57856K)] 448152K->392344K(559616K), 0.0019996 secs] [Times: user=0.01 sys=0.00, real=0.00 secs] 
2957.557: [GC (Allocation Failure) [PSYoungGen: 57216K->1485K(57856K)] 448152K->392437K(559616K), 0.0017784 secs] [Times: user=0.00 sys=0.00, real=0.00 secs] 
2957.883: [GC (Allocation Failure) [PSYoungGen: 57293K->1597K(57856K)] 448245K->392549K(559616K), 0.0017084 secs] [Times: user=0.01 sys=0.00, real=0.00 secs] 
2958.211: [GC (Allocation Failure) [PSYoungGen: 57405K->1549K(57856K)] 448357K->392501K(559616K), 0.0017319 secs] [Times: user=0.01 sys=0.00, real=0.00 secs] 
2958.540: [GC (Allocation Failure) [PSYoungGen: 57357K->1536K(57856K)] 448309K->392488K(559616K), 0.0018619 secs] [Times: user=0.01 sys=0.00, real=0.00 secs] 
2959.013: [GC (Allocation Failure) [PSYoungGen: 57344K->1392K(57856K)] 448296K->392344K(559616K), 0.0032862 secs] [Times: user=0.02 sys=0.00, real=0.01 secs] 
2959.533: [GC (Allocation Failure) [PSYoungGen: 57200K->1408K(57856K)] 448152K->392360K(559616K), 0.0040536 secs] [Times: user=0.01 sys=0.01, real=0.01 secs] 
2960.134: [GC (Allocation Failure) [PSYoungGen: 57216K->1376K(57856K)] 448168K->392328K(559616K), 0.0042375 secs] [Times: user=0.01 sys=0.00, real=0.00 secs] 
2960.378: [GC (Allocation Failure) [PSYoungGen: 57184K->1392K(57856K)] 448136K->392344K(559616K), 0.0022440 secs] [Times: user=0.01 sys=0.00, real=0.00 secs] 
2960.625: [GC (Allocation Failure) [PSYoungGen: 57200K->1344K(57856K)] 448152K->392312K(559616K), 0.0022068 secs] [Times: user=0.01 sys=0.00, real=0.00 secs] 
2960.932: [GC (Allocation Failure) [PSYoungGen: 57152K->1437K(57856K)] 448120K->392405K(559616K), 0.0016098 secs] [Times: user=0.01 sys=0.00, real=0.01 secs] 
2961.257: [GC (Allocation Failure) [PSYoungGen: 57245K->1565K(57856K)] 448213K->392549K(559616K), 0.0017597 secs] [Times: user=0.01 sys=0.00, real=0.00 secs] 
2961.583: [GC (Allocation Failure) [PSYoungGen: 57373K->1517K(57856K)] 448357K->392501K(559616K), 0.0018116 secs] [Times: user=0.01 sys=0.00, real=0.01 secs] 
2961.912: [GC (Allocation Failure) [PSYoungGen: 57325K->1565K(57856K)] 448309K->392549K(559616K), 0.0019427 secs] [Times: user=0.01 sys=0.00, real=0.01 secs] 
2962.240: [GC (Allocation Failure) [PSYoungGen: 57373K->1597K(57856K)] 448357K->392581K(559616K), 0.0018095 secs] [Times: user=0.01 sys=0.00, real=0.00 secs] 
2962.547: [GC (Allocation Failure) [PSYoungGen: 57405K->1408K(57856K)] 448389K->392392K(559616K), 0.0020102 secs] [Times: user=0.01 sys=0.00, real=0.00 secs] 
2962.857: [GC (Allocation Failure) [PSYoungGen: 57216K->1376K(57856K)] 448200K->392360K(559616K), 0.0021279 secs] [Times: user=0.01 sys=0.00, real=0.00 secs] 
2963.094: [GC (Allocation Failure) [PSYoungGen: 57184K->1408K(57856K)] 448168K->392392K(559616K), 0.0021848 secs] [Times: user=0.01 sys=0.00, real=0.00 secs] 
2963.452: [GC (Allocation Failure) [PSYoungGen: 57216K->1344K(57856K)] 448200K->392328K(559616K), 0.0022301 secs] [Times: user=0.01 sys=0.00, real=0.01 secs] 
2963.921: [GC (Allocation Failure) [PSYoungGen: 57152K->1424K(57856K)] 448136K->392408K(559616K), 0.0025022 secs] [Times: user=0.01 sys=0.00, real=0.01 secs] 
2964.353: [GC (Allocation Failure) [PSYoungGen: 57232K->1469K(57856K)] 448216K->392469K(559616K), 0.0017245 secs] [Times: user=0.00 sys=0.00, real=0.00 secs] 
2964.681: [GC (Allocation Failure) [PSYoungGen: 57272K->1549K(57856K)] 448273K->392549K(559616K), 0.0017893 secs] [Times: user=0.01 sys=0.00, real=0.01 secs] 
2965.008: [GC (Allocation Failure) [PSYoungGen: 57357K->1568K(57856K)] 448357K->392568K(559616K), 0.0016809 secs] [Times: user=0.01 sys=0.00, real=0.00 secs] 
2965.336: [GC (Allocation Failure) [PSYoungGen: 57376K->1552K(57856K)] 448376K->392552K(559616K), 0.0018343 secs] [Times: user=0.01 sys=0.00, real=0.00 secs] 
2965.821: [GC (Allocation Failure) [PSYoungGen: 57360K->1440K(57856K)] 448360K->392440K(559616K), 0.0021544 secs] [Times: user=0.01 sys=0.00, real=0.01 secs] 
2966.324: [GC (Allocation Failure) [PSYoungGen: 57248K->1408K(57856K)] 448248K->392424K(559616K), 0.0023567 secs] [Times: user=0.01 sys=0.00, real=0.00 secs] 
2966.799: [GC (Allocation Failure) [PSYoungGen: 57216K->1376K(57856K)] 448232K->392392K(559616K), 0.0029024 secs] [Times: user=0.01 sys=0.01, real=0.00 secs] 
2967.245: [GC (Allocation Failure) [PSYoungGen: 57184K->1408K(57856K)] 448200K->392424K(559616K), 0.0025050 secs] [Times: user=0.01 sys=0.00, real=0.00 secs] 
2967.541: [GC (Allocation Failure) [PSYoungGen: 57216K->1376K(57856K)] 448232K->392392K(559616K), 0.0024076 secs] [Times: user=0.01 sys=0.00, real=0.01 secs] 
2967.946: [GC (Allocation Failure) [PSYoungGen: 57184K->1501K(57856K)] 448200K->392517K(559616K), 0.0018946 secs] [Times: user=0.01 sys=0.00, real=0.00 secs] 
2968.272: [GC (Allocation Failure) [PSYoungGen: 57309K->1565K(57856K)] 448325K->392597K(559616K), 0.0018317 secs] [Times: user=0.01 sys=0.00, real=0.01 secs] 
2968.605: [GC (Allocation Failure) [PSYoungGen: 57373K->1565K(57856K)] 448405K->392597K(559616K), 0.0017572 secs] [Times: user=0.00 sys=0.00, real=0.00 secs] 
2968.940: [GC (Allocation Failure) [PSYoungGen: 57373K->1565K(57856K)] 448405K->392597K(559616K), 0.0017791 secs] [Times: user=0.00 sys=0.00, real=0.00 secs] 
2969.381: [GC (Allocation Failure) [PSYoungGen: 57373K->1472K(57856K)] 448405K->392504K(559616K), 0.0021641 secs] [Times: user=0.01 sys=0.00, real=0.01 secs] 
2969.980: [GC (Allocation Failure) [PSYoungGen: 57280K->1408K(57856K)] 448312K->392440K(559616K), 0.0023461 secs] [Times: user=0.01 sys=0.00, real=0.00 secs] 
2970.464: [GC (Allocation Failure) [PSYoungGen: 57216K->1376K(57856K)] 448248K->392408K(559616K), 0.0024281 secs] [Times: user=0.01 sys=0.00, real=0.00 secs] 
2970.974: [GC (Allocation Failure) [PSYoungGen: 57184K->1424K(57856K)] 448216K->392456K(559616K), 0.0024457 secs] [Times: user=0.01 sys=0.00, real=0.00 secs] 
2971.490: [GC (Allocation Failure) [PSYoungGen: 57232K->1376K(57856K)] 448264K->392416K(559616K), 0.0023805 secs] [Times: user=0.01 sys=0.00, real=0.00 secs] 
2971.858: [GC (Allocation Failure) [PSYoungGen: 57184K->1453K(57856K)] 448224K->392493K(559616K), 0.0020570 secs] [Times: user=0.01 sys=0.00, real=0.00 secs] 
2972.192: [GC (Allocation Failure) [PSYoungGen: 57261K->1565K(57856K)] 448301K->392621K(559616K), 0.0018643 secs] [Times: user=0.00 sys=0.00, real=0.01 secs] 
2972.576: [GC (Allocation Failure) [PSYoungGen: 57373K->1568K(57856K)] 448429K->392624K(559616K), 0.0017669 secs] [Times: user=0.01 sys=0.00, real=0.00 secs] 
2972.904: [GC (Allocation Failure) [PSYoungGen: 57376K->1597K(57856K)] 448432K->392653K(559616K), 0.0019191 secs] [Times: user=0.01 sys=0.00, real=0.00 secs] 
2973.234: [GC (Allocation Failure) [PSYoungGen: 57405K->1597K(57856K)] 448461K->392653K(559616K), 0.0018097 secs] [Times: user=0.00 sys=0.00, real=0.00 secs] 
2973.735: [GC (Allocation Failure) [PSYoungGen: 57405K->1376K(57856K)] 448461K->392432K(559616K), 0.0036659 secs] [Times: user=0.02 sys=0.00, real=0.00 secs] 
2974.173: [GC (Allocation Failure) [PSYoungGen: 57184K->1408K(57856K)] 448240K->392464K(559616K), 0.0033523 secs] [Times: user=0.01 sys=0.00, real=0.01 secs] 
2974.617: [GC (Allocation Failure) [PSYoungGen: 57216K->1376K(57856K)] 448272K->392432K(559616K), 0.0028905 secs] [Times: user=0.01 sys=0.00, real=0.00 secs] 
2974.934: [GC (Allocation Failure) [PSYoungGen: 57184K->1408K(57856K)] 448240K->392464K(559616K), 0.0022977 secs] [Times: user=0.01 sys=0.00, real=0.00 secs] 
2975.168: [GC (Allocation Failure) [PSYoungGen: 57216K->1376K(57856K)] 448272K->392432K(559616K), 0.0020483 secs] [Times: user=0.01 sys=0.00, real=0.00 secs] 
2975.504: [GC (Allocation Failure) [PSYoungGen: 57184K->1504K(57856K)] 448240K->392568K(559616K), 0.0016865 secs] [Times: user=0.01 sys=0.00, real=0.00 secs] 
2975.832: [GC (Allocation Failure) [PSYoungGen: 57312K->1536K(57856K)] 448376K->392600K(559616K), 0.0017441 secs] [Times: user=0.00 sys=0.00, real=0.01 secs] 
2976.159: [GC (Allocation Failure) [PSYoungGen: 57344K->1565K(57856K)] 448408K->392629K(559616K), 0.0018370 secs] [Times: user=0.00 sys=0.00, real=0.00 secs] 
2976.486: [GC (Allocation Failure) [PSYoungGen: 57373K->1581K(57856K)] 448437K->392645K(559616K), 0.0017019 secs] [Times: user=0.01 sys=0.00, real=0.00 secs] 
2976.794: [GC (Allocation Failure) [PSYoungGen: 57389K->1456K(57856K)] 448453K->392520K(559616K), 0.0017006 secs] [Times: user=0.01 sys=0.00, real=0.00 secs] 
2977.025: [GC (Allocation Failure) [PSYoungGen: 57264K->1408K(57856K)] 448328K->392472K(559616K), 0.0015791 secs] [Times: user=0.01 sys=0.00, real=0.00 secs] 
2977.256: [GC (Allocation Failure) [PSYoungGen: 57216K->1408K(57856K)] 448280K->392472K(559616K), 0.0016236 secs] [Times: user=0.01 sys=0.00, real=0.00 secs] 
2977.487: [GC (Allocation Failure) [PSYoungGen: 57216K->1408K(57856K)] 448280K->392472K(559616K), 0.0015248 secs] [Times: user=0.00 sys=0.00, real=0.00 secs] 
2977.718: [GC (Allocation Failure) [PSYoungGen: 57216K->1344K(57856K)] 448280K->392408K(559616K), 0.0025008 secs] [Times: user=0.01 sys=0.00, real=0.00 secs] 
2978.027: [GC (Allocation Failure) [PSYoungGen: 57152K->1485K(57856K)] 448216K->392549K(559616K), 0.0016946 secs] [Times: user=0.00 sys=0.00, real=0.00 secs] 
2978.355: [GC (Allocation Failure) [PSYoungGen: 57293K->1552K(57856K)] 448357K->392632K(559616K), 0.0017021 secs] [Times: user=0.01 sys=0.00, real=0.00 secs] 
2978.686: [GC (Allocation Failure) [PSYoungGen: 57360K->1565K(57856K)] 448440K->392645K(559616K), 0.0018363 secs] [Times: user=0.00 sys=0.00, real=0.00 secs] 
2979.017: [GC (Allocation Failure) [PSYoungGen: 57373K->1597K(57856K)] 448453K->392677K(559616K), 0.0016618 secs] [Times: user=0.00 sys=0.00, real=0.00 secs] 
2979.357: [GC (Allocation Failure) [PSYoungGen: 57379K->1501K(57856K)] 448459K->392597K(559616K), 0.0015513 secs] [Times: user=0.01 sys=0.00, real=0.00 secs] 
2980.145: [GC (Allocation Failure) [PSYoungGen: 57309K->1408K(57856K)] 448405K->392504K(559616K), 0.0034984 secs] [Times: user=0.02 sys=0.00, real=0.00 secs] 
2980.512: [GC (Allocation Failure) [PSYoungGen: 57216K->1408K(57856K)] 448312K->392504K(559616K), 0.0024744 secs] [Times: user=0.01 sys=0.00, real=0.01 secs] 
2980.772: [GC (Allocation Failure) [PSYoungGen: 57216K->1376K(57856K)] 448312K->392472K(559616K), 0.0022488 secs] [Times: user=0.01 sys=0.00, real=0.01 secs] 
2981.006: [GC (Allocation Failure) [PSYoungGen: 57184K->1424K(57856K)] 448280K->392520K(559616K), 0.0021060 secs] [Times: user=0.01 sys=0.00, real=0.00 secs] 
2981.243: [GC (Allocation Failure) [PSYoungGen: 57232K->1376K(57856K)] 448328K->392472K(559616K), 0.0020084 secs] [Times: user=0.01 sys=0.00, real=0.00 secs] 
2981.623: [GC (Allocation Failure) [PSYoungGen: 57163K->1501K(57856K)] 448259K->392613K(559616K), 0.0017294 secs] [Times: user=0.01 sys=0.00, real=0.00 secs] 
2981.952: [GC (Allocation Failure) [PSYoungGen: 57309K->1549K(57856K)] 448421K->392661K(559616K), 0.0017658 secs] [Times: user=0.00 sys=0.00, real=0.01 secs] 
2982.281: [GC (Allocation Failure) [PSYoungGen: 57357K->1581K(57856K)] 448469K->392693K(559616K), 0.0017666 secs] [Times: user=0.00 sys=0.00, real=0.00 secs] 
2982.611: [GC (Allocation Failure) [PSYoungGen: 57389K->1504K(57856K)] 448501K->392616K(559616K), 0.0017392 secs] [Times: user=0.00 sys=0.01, real=0.01 secs] 
2983.366: [GC (Allocation Failure) [PSYoungGen: 57312K->1440K(57856K)] 448424K->392552K(559616K), 0.0022943 secs] [Times: user=0.01 sys=0.00, real=0.00 secs] 
2983.881: [GC (Allocation Failure) [PSYoungGen: 57248K->1376K(57856K)] 448360K->392488K(559616K), 0.0042009 secs] [Times: user=0.02 sys=0.00, real=0.01 secs] 
2984.406: [GC (Allocation Failure) [PSYoungGen: 57184K->1408K(57856K)] 448296K->392520K(559616K), 0.0029069 secs] [Times: user=0.01 sys=0.00, real=0.00 secs] 
2984.737: [GC (Allocation Failure) [PSYoungGen: 57216K->1392K(57856K)] 448328K->392504K(559616K), 0.0024243 secs] [Times: user=0.01 sys=0.00, real=0.00 secs] 
2985.046: [GC (Allocation Failure) [PSYoungGen: 57200K->1376K(57856K)] 448312K->392488K(559616K), 0.0023072 secs] [Times: user=0.01 sys=0.00, real=0.00 secs] 
2985.416: [GC (Allocation Failure) [PSYoungGen: 57184K->1533K(57856K)] 448296K->392645K(559616K), 0.0016245 secs] [Times: user=0.00 sys=0.00, real=0.00 secs] 
2985.744: [GC (Allocation Failure) [PSYoungGen: 57341K->1565K(57856K)] 448453K->392693K(559616K), 0.0016891 secs] [Times: user=0.01 sys=0.00, real=0.00 secs] 
2986.130: [GC (Allocation Failure) [PSYoungGen: 57373K->1565K(57856K)] 448501K->392693K(559616K), 0.0019674 secs] [Times: user=0.01 sys=0.00, real=0.00 secs] 
2986.515: [GC (Allocation Failure) [PSYoungGen: 57373K->1565K(57856K)] 448501K->392693K(559616K), 0.0018884 secs] [Times: user=0.01 sys=0.00, real=0.00 secs] 
2986.971: [GC (Allocation Failure) [PSYoungGen: 57373K->1408K(57856K)] 448501K->392536K(559616K), 0.0021073 secs] [Times: user=0.01 sys=0.00, real=0.01 secs] 
2987.578: [GC (Allocation Failure) [PSYoungGen: 57216K->1344K(57856K)] 448344K->392472K(559616K), 0.0030028 secs] [Times: user=0.01 sys=0.00, real=0.00 secs] 
2988.017: [GC (Allocation Failure) [PSYoungGen: 57152K->1440K(57856K)] 448280K->392576K(559616K), 0.0028040 secs] [Times: user=0.01 sys=0.00, real=0.00 secs] 
2988.461: [GC (Allocation Failure) [PSYoungGen: 57248K->1440K(57856K)] 448384K->392576K(559616K), 0.0029134 secs] [Times: user=0.01 sys=0.00, real=0.01 secs] 
2988.925: [GC (Allocation Failure) [PSYoungGen: 57248K->1376K(57856K)] 448384K->392512K(559616K), 0.0042617 secs] [Times: user=0.02 sys=0.00, real=0.00 secs] 
2989.462: [GC (Allocation Failure) [PSYoungGen: 57184K->1501K(57856K)] 448320K->392637K(559616K), 0.0021219 secs] [Times: user=0.01 sys=0.00, real=0.01 secs] 
2989.817: [GC (Allocation Failure) [PSYoungGen: 57309K->1565K(57856K)] 448445K->392717K(559616K), 0.0017248 secs] [Times: user=0.01 sys=0.00, real=0.00 secs] 
2990.144: [GC (Allocation Failure) [PSYoungGen: 57373K->1581K(57856K)] 448525K->392733K(559616K), 0.0017348 secs] [Times: user=0.00 sys=0.00, real=0.00 secs] 
2990.472: [GC (Allocation Failure) [PSYoungGen: 57389K->1597K(57856K)] 448541K->392749K(559616K), 0.0017985 secs] [Times: user=0.01 sys=0.00, real=0.01 secs] 
2990.799: [GC (Allocation Failure) [PSYoungGen: 57403K->1581K(57856K)] 448555K->392733K(559616K), 0.0017299 secs] [Times: user=0.00 sys=0.00, real=0.00 secs] 
2991.290: [GC (Allocation Failure) [PSYoungGen: 57389K->1488K(57856K)] 448541K->392656K(559616K), 0.0020093 secs] [Times: user=0.01 sys=0.00, real=0.00 secs] 
2991.536: [GC (Allocation Failure) [PSYoungGen: 57296K->1376K(57856K)] 448464K->392544K(559616K), 0.0020488 secs] [Times: user=0.01 sys=0.00, real=0.00 secs] 
2991.839: [GC (Allocation Failure) [PSYoungGen: 57184K->1376K(57856K)] 448352K->392544K(559616K), 0.0033815 secs] [Times: user=0.01 sys=0.00, real=0.00 secs] 
2992.074: [GC (Allocation Failure) [PSYoungGen: 57184K->1376K(57856K)] 448352K->392544K(559616K), 0.0022390 secs] [Times: user=0.01 sys=0.00, real=0.00 secs] 
2992.306: [GC (Allocation Failure) [PSYoungGen: 57184K->1408K(57856K)] 448352K->392576K(559616K), 0.0020113 secs] [Times: user=0.01 sys=0.00, real=0.00 secs] 
2992.662: [GC (Allocation Failure) [PSYoungGen: 57216K->1488K(57856K)] 448384K->392688K(559616K), 0.0018765 secs] [Times: user=0.01 sys=0.00, real=0.01 secs] 
2992.987: [GC (Allocation Failure) [PSYoungGen: 57296K->1533K(57856K)] 448496K->392733K(559616K), 0.0017262 secs] [Times: user=0.01 sys=0.00, real=0.00 secs] 
2993.316: [GC (Allocation Failure) [PSYoungGen: 57341K->1565K(57856K)] 448541K->392765K(559616K), 0.0016911 secs] [Times: user=0.00 sys=0.00, real=0.00 secs] 
2993.710: [GC (Allocation Failure) [PSYoungGen: 57373K->1565K(57856K)] 448573K->392765K(559616K), 0.0017580 secs] [Times: user=0.01 sys=0.00, real=0.00 secs] 
2994.034: [GC (Allocation Failure) [PSYoungGen: 57373K->1472K(57856K)] 448573K->392672K(559616K), 0.0022003 secs] [Times: user=0.01 sys=0.00, real=0.00 secs] 
2994.282: [GC (Allocation Failure) [PSYoungGen: 57280K->1440K(57856K)] 448480K->392640K(559616K), 0.0021651 secs] [Times: user=0.01 sys=0.00, real=0.01 secs] 
2994.570: [GC (Allocation Failure) [PSYoungGen: 57248K->1408K(57856K)] 448448K->392608K(559616K), 0.0020703 secs] [Times: user=0.00 sys=0.01, real=0.00 secs] 
2994.848: [GC (Allocation Failure) [PSYoungGen: 57216K->1408K(57856K)] 448416K->392608K(559616K), 0.0020708 secs] [Times: user=0.01 sys=0.00, real=0.00 secs] 
2995.280: [GC (Allocation Failure) [PSYoungGen: 57216K->1360K(57856K)] 448416K->392560K(559616K), 0.0019733 secs] [Times: user=0.00 sys=0.00, real=0.00 secs] 
2995.724: [GC (Allocation Failure) [PSYoungGen: 57168K->1501K(57856K)] 448368K->392701K(559616K), 0.0017771 secs] [Times: user=0.01 sys=0.00, real=0.00 secs] 
2996.049: [GC (Allocation Failure) [PSYoungGen: 57309K->1597K(57856K)] 448509K->392813K(559616K), 0.0017128 secs] [Times: user=0.00 sys=0.00, real=0.00 secs] 
2996.437: [GC (Allocation Failure) [PSYoungGen: 57405K->1600K(57856K)] 448621K->392816K(559616K), 0.0018575 secs] [Times: user=0.01 sys=0.00, real=0.00 secs] 
2996.767: [GC (Allocation Failure) [PSYoungGen: 57408K->1565K(57856K)] 448624K->392781K(559616K), 0.0017350 secs] [Times: user=0.01 sys=0.00, real=0.00 secs] 
2997.095: [GC (Allocation Failure) [PSYoungGen: 57345K->1565K(57856K)] 448561K->392781K(559616K), 0.0017001 secs] [Times: user=0.01 sys=0.00, real=0.00 secs] 
2997.420: [GC (Allocation Failure) [PSYoungGen: 57373K->1440K(57856K)] 448589K->392656K(559616K), 0.0023819 secs] [Times: user=0.01 sys=0.00, real=0.00 secs] 
2997.743: [GC (Allocation Failure) [PSYoungGen: 57248K->1440K(57856K)] 448464K->392656K(559616K), 0.0021817 secs] [Times: user=0.00 sys=0.00, real=0.00 secs] 
2998.033: [GC (Allocation Failure) [PSYoungGen: 57248K->1424K(57856K)] 448464K->392640K(559616K), 0.0021924 secs] [Times: user=0.01 sys=0.00, real=0.01 secs] 
2998.265: [GC (Allocation Failure) [PSYoungGen: 57232K->1408K(57856K)] 448448K->392624K(559616K), 0.0022485 secs] [Times: user=0.01 sys=0.00, real=0.00 secs] 
2998.504: [GC (Allocation Failure) [PSYoungGen: 57216K->1392K(57856K)] 448432K->392608K(559616K), 0.0019257 secs] [Times: user=0.01 sys=0.00, real=0.00 secs] 
2998.941: [GC (Allocation Failure) [PSYoungGen: 57200K->1520K(57856K)] 448416K->392744K(559616K), 0.0017712 secs] [Times: user=0.01 sys=0.00, real=0.01 secs] 
2999.337: [GC (Allocation Failure) [PSYoungGen: 57328K->1568K(57856K)] 448552K->392792K(559616K), 0.0017515 secs] [Times: user=0.01 sys=0.00, real=0.00 secs] 
2999.729: [GC (Allocation Failure) [PSYoungGen: 57376K->1565K(57856K)] 448600K->392789K(559616K), 0.0018239 secs] [Times: user=0.01 sys=0.00, real=0.00 secs] 
3000.058: [GC (Allocation Failure) [PSYoungGen: 57373K->1533K(57856K)] 448597K->392781K(559616K), 0.0018527 secs] [Times: user=0.00 sys=0.00, real=0.00 secs] 
3000.563: [GC (Allocation Failure) [PSYoungGen: 57341K->1440K(57856K)] 448589K->392688K(559616K), 0.0037435 secs] [Times: user=0.02 sys=0.00, real=0.01 secs] 
3001.163: [GC (Allocation Failure) [PSYoungGen: 57248K->1376K(57856K)] 448496K->392624K(559616K), 0.0036561 secs] [Times: user=0.02 sys=0.00, real=0.00 secs] 
3001.686: [GC (Allocation Failure) [PSYoungGen: 57184K->1376K(57856K)] 448432K->392624K(559616K), 0.0042167 secs] [Times: user=0.01 sys=0.00, real=0.00 secs] 
3002.206: [GC (Allocation Failure) [PSYoungGen: 57184K->1376K(57856K)] 448432K->392624K(559616K), 0.0034269 secs] [Times: user=0.01 sys=0.00, real=0.00 secs] 
3002.737: [GC (Allocation Failure) [PSYoungGen: 57184K->1392K(57856K)] 448432K->392640K(559616K), 0.0034997 secs] [Times: user=0.02 sys=0.00, real=0.00 secs] 
3003.252: [GC (Allocation Failure) [PSYoungGen: 57200K->1533K(57856K)] 448448K->392781K(559616K), 0.0017074 secs] [Times: user=0.01 sys=0.00, real=0.01 secs] 
3003.578: [GC (Allocation Failure) [PSYoungGen: 57341K->1533K(57856K)] 448589K->392797K(559616K), 0.0017078 secs] [Times: user=0.01 sys=0.00, real=0.00 secs] 
3003.906: [GC (Allocation Failure) [PSYoungGen: 57341K->1565K(57856K)] 448605K->392829K(559616K), 0.0017502 secs] [Times: user=0.01 sys=0.00, real=0.00 secs] 
3004.297: [GC (Allocation Failure) [PSYoungGen: 57373K->1581K(57856K)] 448637K->392845K(559616K), 0.0017553 secs] [Times: user=0.01 sys=0.00, real=0.00 secs] 
3004.671: [GC (Allocation Failure) [PSYoungGen: 57389K->1440K(57856K)] 448653K->392704K(559616K), 0.0023097 secs] [Times: user=0.01 sys=0.00, real=0.00 secs] 
3005.138: [GC (Allocation Failure) [PSYoungGen: 57248K->1440K(57856K)] 448512K->392704K(559616K), 0.0034333 secs] [Times: user=0.01 sys=0.00, real=0.00 secs] 
3005.712: [GC (Allocation Failure) [PSYoungGen: 57248K->1376K(57856K)] 448512K->392640K(559616K), 0.0029435 secs] [Times: user=0.01 sys=0.00, real=0.01 secs] 
3006.114: [GC (Allocation Failure) [PSYoungGen: 57184K->1344K(57856K)] 448448K->392608K(559616K), 0.0028049 secs] [Times: user=0.01 sys=0.00, real=0.00 secs] 
3006.548: [GC (Allocation Failure) [PSYoungGen: 57152K->1376K(57856K)] 448416K->392640K(559616K), 0.0024912 secs] [Times: user=0.02 sys=0.00, real=0.00 secs] 
3007.014: [GC (Allocation Failure) [PSYoungGen: 57184K->1453K(57856K)] 448448K->392717K(559616K), 0.0020752 secs] [Times: user=0.01 sys=0.00, real=0.00 secs] 
3007.349: [GC (Allocation Failure) [PSYoungGen: 57261K->1597K(57856K)] 448525K->392877K(559616K), 0.0018131 secs] [Times: user=0.01 sys=0.00, real=0.00 secs] 
3007.675: [GC (Allocation Failure) [PSYoungGen: 57405K->1536K(57856K)] 448685K->392816K(559616K), 0.0018746 secs] [Times: user=0.01 sys=0.00, real=0.00 secs] 
3008.004: [GC (Allocation Failure) [PSYoungGen: 57344K->1565K(57856K)] 448624K->392845K(559616K), 0.0017322 secs] [Times: user=0.01 sys=0.00, real=0.00 secs] 
3008.330: [GC (Allocation Failure) [PSYoungGen: 57354K->1549K(57856K)] 448634K->392829K(559616K), 0.0019036 secs] [Times: user=0.01 sys=0.00, real=0.00 secs] 
3008.759: [GC (Allocation Failure) [PSYoungGen: 57357K->1488K(57856K)] 448637K->392768K(559616K), 0.0020580 secs] [Times: user=0.01 sys=0.00, real=0.00 secs] 
3009.069: [GC (Allocation Failure) [PSYoungGen: 57296K->1344K(57856K)] 448576K->392624K(559616K), 0.0021595 secs] [Times: user=0.01 sys=0.00, real=0.00 secs] 
3009.302: [GC (Allocation Failure) [PSYoungGen: 57152K->1376K(57856K)] 448432K->392656K(559616K), 0.0019456 secs] [Times: user=0.01 sys=0.00, real=0.01 secs] 
3009.533: [GC (Allocation Failure) [PSYoungGen: 57184K->1392K(57856K)] 448464K->392672K(559616K), 0.0021937 secs] [Times: user=0.01 sys=0.00, real=0.00 secs] 
3009.767: [GC (Allocation Failure) [PSYoungGen: 57200K->1376K(57856K)] 448480K->392656K(559616K), 0.0020496 secs] [Times: user=0.01 sys=0.00, real=0.00 secs] 
3010.104: [GC (Allocation Failure) [PSYoungGen: 57184K->1501K(57856K)] 448464K->392797K(559616K), 0.0018072 secs] [Times: user=0.00 sys=0.00, real=0.00 secs] 
3010.430: [GC (Allocation Failure) [PSYoungGen: 57309K->1581K(57856K)] 448605K->392893K(559616K), 0.0017318 secs] [Times: user=0.01 sys=0.00, real=0.00 secs] 
3010.758: [GC (Allocation Failure) [PSYoungGen: 57389K->1581K(57856K)] 448701K->392893K(559616K), 0.0016825 secs] [Times: user=0.01 sys=0.00, real=0.00 secs] 
3011.085: [GC (Allocation Failure) [PSYoungGen: 57389K->1613K(57856K)] 448701K->392925K(559616K), 0.0017178 secs] [Times: user=0.01 sys=0.00, real=0.00 secs] 
3011.595: [GC (Allocation Failure) [PSYoungGen: 57421K->1472K(57856K)] 448733K->392784K(559616K), 0.0021031 secs] [Times: user=0.01 sys=0.00, real=0.00 secs] 
3011.935: [GC (Allocation Failure) [PSYoungGen: 57280K->1376K(57856K)] 448592K->392696K(559616K), 0.0024047 secs] [Times: user=0.01 sys=0.00, real=0.00 secs] 
3012.337: [GC (Allocation Failure) [PSYoungGen: 57184K->1376K(57856K)] 448504K->392696K(559616K), 0.0040997 secs] [Times: user=0.02 sys=0.00, real=0.00 secs] 
3012.794: [GC (Allocation Failure) [PSYoungGen: 57184K->1376K(57856K)] 448504K->392696K(559616K), 0.0028636 secs] [Times: user=0.01 sys=0.00, real=0.00 secs] 
3013.258: [GC (Allocation Failure) [PSYoungGen: 57184K->1376K(57856K)] 448504K->392696K(559616K), 0.0027296 secs] [Times: user=0.01 sys=0.00, real=0.00 secs] 
3013.858: [GC (Allocation Failure) [PSYoungGen: 57184K->1469K(57856K)] 448504K->392789K(559616K), 0.0017610 secs] [Times: user=0.01 sys=0.00, real=0.00 secs] 
3014.185: [GC (Allocation Failure) [PSYoungGen: 57277K->1565K(57856K)] 448597K->392901K(559616K), 0.0017782 secs] [Times: user=0.01 sys=0.00, real=0.00 secs] 
3014.516: [GC (Allocation Failure) [PSYoungGen: 57373K->1581K(57856K)] 448709K->392917K(559616K), 0.0017237 secs] [Times: user=0.01 sys=0.00, real=0.00 secs] 
3014.844: [GC (Allocation Failure) [PSYoungGen: 57389K->1565K(57856K)] 448725K->392901K(559616K), 0.0017029 secs] [Times: user=0.01 sys=0.00, real=0.00 secs] 
3015.173: [GC (Allocation Failure) [PSYoungGen: 57373K->320K(57856K)] 448709K->391656K(559616K), 0.0016552 secs] [Times: user=0.01 sys=0.00, real=0.00 secs] 
3015.509: [GC (Allocation Failure) [PSYoungGen: 56128K->1392K(57856K)] 447464K->392736K(559616K), 0.0020231 secs] [Times: user=0.00 sys=0.00, real=0.00 secs] 
3015.741: [GC (Allocation Failure) [PSYoungGen: 57200K->1376K(57856K)] 448544K->392728K(559616K), 0.0019805 secs] [Times: user=0.01 sys=0.00, real=0.01 secs] 
3015.973: [GC (Allocation Failure) [PSYoungGen: 57184K->1376K(57856K)] 448536K->392728K(559616K), 0.0019762 secs] [Times: user=0.01 sys=0.00, real=0.00 secs] 
3016.341: [GC (Allocation Failure) [PSYoungGen: 57184K->1408K(57856K)] 448536K->392760K(559616K), 0.0021957 secs] [Times: user=0.01 sys=0.00, real=0.01 secs] 
3016.824: [GC (Allocation Failure) [PSYoungGen: 57216K->1440K(57856K)] 448568K->392792K(559616K), 0.0023072 secs] [Times: user=0.01 sys=0.00, real=0.00 secs] 
3017.206: [GC (Allocation Failure) [PSYoungGen: 57248K->1597K(57856K)] 448600K->392957K(559616K), 0.0017320 secs] [Times: user=0.01 sys=0.00, real=0.00 secs] 
3017.532: [GC (Allocation Failure) [PSYoungGen: 57405K->1568K(57856K)] 448765K->392928K(559616K), 0.0018123 secs] [Times: user=0.01 sys=0.00, real=0.01 secs] 
3017.861: [GC (Allocation Failure) [PSYoungGen: 57376K->1549K(57856K)] 448736K->392909K(559616K), 0.0016931 secs] [Times: user=0.01 sys=0.00, real=0.00 secs] 
3018.188: [GC (Allocation Failure) [PSYoungGen: 57357K->1597K(57856K)] 448717K->392957K(559616K), 0.0018248 secs] [Times: user=0.01 sys=0.00, real=0.00 secs] 
3018.486: [GC (Allocation Failure) [PSYoungGen: 57405K->1408K(57856K)] 448765K->392768K(559616K), 0.0018930 secs] [Times: user=0.01 sys=0.00, real=0.00 secs] 
3018.717: [GC (Allocation Failure) [PSYoungGen: 57216K->1376K(57856K)] 448576K->392736K(559616K), 0.0019112 secs] [Times: user=0.01 sys=0.00, real=0.00 secs] 
3018.981: [GC (Allocation Failure) [PSYoungGen: 57184K->1408K(57856K)] 448544K->392768K(559616K), 0.0021514 secs] [Times: user=0.01 sys=0.00, real=0.01 secs] 
3019.214: [GC (Allocation Failure) [PSYoungGen: 57216K->1408K(57856K)] 448576K->392768K(559616K), 0.0021746 secs] [Times: user=0.00 sys=0.00, real=0.00 secs] 
3019.571: [GC (Allocation Failure) [PSYoungGen: 57216K->1344K(57856K)] 448576K->392720K(559616K), 0.0020978 secs] [Times: user=0.01 sys=0.00, real=0.01 secs] 
3020.007: [GC (Allocation Failure) [PSYoungGen: 57152K->1501K(57856K)] 448528K->392885K(559616K), 0.0016785 secs] [Times: user=0.00 sys=0.00, real=0.00 secs] 
3020.340: [GC (Allocation Failure) [PSYoungGen: 57309K->1565K(57856K)] 448693K->392965K(559616K), 0.0017527 secs] [Times: user=0.01 sys=0.00, real=0.00 secs] 
3020.733: [GC (Allocation Failure) [PSYoungGen: 57373K->1501K(57856K)] 448773K->392901K(559616K), 0.0018106 secs] [Times: user=0.00 sys=0.00, real=0.00 secs] 
3021.060: [GC (Allocation Failure) [PSYoungGen: 57309K->1565K(57856K)] 448709K->392965K(559616K), 0.0017075 secs] [Times: user=0.01 sys=0.00, real=0.00 secs] 
3021.450: [GC (Allocation Failure) [PSYoungGen: 57373K->1472K(57856K)] 448773K->392872K(559616K), 0.0022946 secs] [Times: user=0.01 sys=0.00, real=0.00 secs] 
3021.921: [GC (Allocation Failure) [PSYoungGen: 57280K->1376K(57856K)] 448680K->392776K(559616K), 0.0032580 secs] [Times: user=0.01 sys=0.00, real=0.01 secs] 
3022.480: [GC (Allocation Failure) [PSYoungGen: 57184K->1376K(57856K)] 448584K->392776K(559616K), 0.0033628 secs] [Times: user=0.01 sys=0.00, real=0.01 secs] 
3022.937: [GC (Allocation Failure) [PSYoungGen: 57184K->1344K(57856K)] 448584K->392744K(559616K), 0.0028103 secs] [Times: user=0.01 sys=0.00, real=0.00 secs] 
3023.616: [GC (Allocation Failure) [PSYoungGen: 57152K->1408K(57856K)] 448552K->392808K(559616K), 0.0035498 secs] [Times: user=0.02 sys=0.00, real=0.00 secs] 
3024.330: [GC (Allocation Failure) [PSYoungGen: 57216K->1453K(57856K)] 448616K->392853K(559616K), 0.0022907 secs] [Times: user=0.01 sys=0.00, real=0.00 secs] 
3024.693: [GC (Allocation Failure) [PSYoungGen: 57257K->1565K(57856K)] 448657K->392981K(559616K), 0.0017550 secs] [Times: user=0.01 sys=0.00, real=0.00 secs] 
3025.080: [GC (Allocation Failure) [PSYoungGen: 57373K->1533K(57856K)] 448789K->392957K(559616K), 0.0017429 secs] [Times: user=0.01 sys=0.00, real=0.00 secs] 
3025.407: [GC (Allocation Failure) [PSYoungGen: 57341K->1600K(57856K)] 448765K->393024K(559616K), 0.0019375 secs] [Times: user=0.01 sys=0.00, real=0.00 secs] 
3025.735: [GC (Allocation Failure) [PSYoungGen: 57408K->1549K(57856K)] 448832K->392973K(559616K), 0.0017366 secs] [Times: user=0.01 sys=0.00, real=0.00 secs] 
3026.476: [GC (Allocation Failure) [PSYoungGen: 57357K->1376K(57856K)] 448781K->392800K(559616K), 0.0035166 secs] [Times: user=0.02 sys=0.00, real=0.00 secs] 
3026.903: [GC (Allocation Failure) [PSYoungGen: 57184K->1376K(57856K)] 448608K->392800K(559616K), 0.0029874 secs] [Times: user=0.02 sys=0.00, real=0.01 secs] 
3027.410: [GC (Allocation Failure) [PSYoungGen: 57184K->1392K(57856K)] 448608K->392816K(559616K), 0.0025987 secs] [Times: user=0.01 sys=0.00, real=0.01 secs] 
3027.952: [GC (Allocation Failure) [PSYoungGen: 57200K->1408K(57856K)] 448624K->392832K(559616K), 0.0025755 secs] [Times: user=0.01 sys=0.00, real=0.01 secs] 
3028.470: [GC (Allocation Failure) [PSYoungGen: 57216K->1408K(57856K)] 448640K->392832K(559616K), 0.0027751 secs] [Times: user=0.01 sys=0.00, real=0.00 secs] 
3028.916: [GC (Allocation Failure) [PSYoungGen: 57216K->1501K(57856K)] 448640K->392933K(559616K), 0.0017079 secs] [Times: user=0.00 sys=0.00, real=0.00 secs] 
3029.243: [GC (Allocation Failure) [PSYoungGen: 57309K->1568K(57856K)] 448741K->393000K(559616K), 0.0017485 secs] [Times: user=0.01 sys=0.00, real=0.00 secs] 
3029.575: [GC (Allocation Failure) [PSYoungGen: 57376K->1613K(57856K)] 448808K->393045K(559616K), 0.0017060 secs] [Times: user=0.01 sys=0.00, real=0.00 secs] 
3029.904: [GC (Allocation Failure) [PSYoungGen: 57412K->1533K(57856K)] 448844K->392965K(559616K), 0.0032686 secs] [Times: user=0.01 sys=0.00, real=0.00 secs] 
3030.267: [GC (Allocation Failure) [PSYoungGen: 57341K->1440K(57856K)] 448773K->392872K(559616K), 0.0020665 secs] [Times: user=0.00 sys=0.00, real=0.00 secs] 
3030.518: [GC (Allocation Failure) [PSYoungGen: 57248K->1376K(57856K)] 448680K->392816K(559616K), 0.0021403 secs] [Times: user=0.01 sys=0.00, real=0.00 secs] 
3031.034: [GC (Allocation Failure) [PSYoungGen: 57184K->1408K(57856K)] 448624K->392848K(559616K), 0.0021522 secs] [Times: user=0.01 sys=0.00, real=0.00 secs] 
3031.580: [GC (Allocation Failure) [PSYoungGen: 57216K->1376K(57856K)] 448656K->392832K(559616K), 0.0020025 secs] [Times: user=0.01 sys=0.00, real=0.00 secs] 
3032.120: [GC (Allocation Failure) [PSYoungGen: 57184K->1376K(57856K)] 448640K->392832K(559616K), 0.0020742 secs] [Times: user=0.01 sys=0.00, real=0.00 secs] 
3032.689: [GC (Allocation Failure) [PSYoungGen: 57184K->1453K(57856K)] 448640K->392909K(559616K), 0.0016250 secs] [Times: user=0.01 sys=0.00, real=0.00 secs] 
3033.016: [GC (Allocation Failure) [PSYoungGen: 57261K->1533K(57856K)] 448717K->393005K(559616K), 0.0018132 secs] [Times: user=0.01 sys=0.00, real=0.00 secs] 
3033.341: [GC (Allocation Failure) [PSYoungGen: 57341K->1613K(57856K)] 448813K->393085K(559616K), 0.0018358 secs] [Times: user=0.00 sys=0.00, real=0.00 secs] 
3033.669: [GC (Allocation Failure) [PSYoungGen: 57421K->1533K(57856K)] 448893K->393005K(559616K), 0.0017510 secs] [Times: user=0.01 sys=0.00, real=0.00 secs] 
3033.996: [GC (Allocation Failure) [PSYoungGen: 57341K->224K(57856K)] 448813K->391696K(559616K), 0.0015165 secs] [Times: user=0.00 sys=0.00, real=0.00 secs] 
3034.971: [GC (Allocation Failure) [PSYoungGen: 56032K->1376K(57856K)] 447504K->392848K(559616K), 0.0025214 secs] [Times: user=0.01 sys=0.00, real=0.01 secs] 
3035.312: [GC (Allocation Failure) [PSYoungGen: 57184K->1408K(57856K)] 448656K->392880K(559616K), 0.0020942 secs] [Times: user=0.01 sys=0.00, real=0.01 secs] 
3035.544: [GC (Allocation Failure) [PSYoungGen: 57216K->1424K(57856K)] 448688K->392896K(559616K), 0.0022177 secs] [Times: user=0.01 sys=0.00, real=0.00 secs] 
3035.777: [GC (Allocation Failure) [PSYoungGen: 57232K->1376K(57856K)] 448704K->392848K(559616K), 0.0021902 secs] [Times: user=0.01 sys=0.00, real=0.00 secs] 
3036.009: [GC (Allocation Failure) [PSYoungGen: 57184K->1376K(57856K)] 448656K->392848K(559616K), 0.0020042 secs] [Times: user=0.01 sys=0.00, real=0.00 secs] 
3036.359: [GC (Allocation Failure) [PSYoungGen: 57184K->1533K(57856K)] 448656K->393013K(559616K), 0.0017973 secs] [Times: user=0.00 sys=0.00, real=0.00 secs] 
3036.684: [GC (Allocation Failure) [PSYoungGen: 57341K->1597K(57856K)] 448821K->393077K(559616K), 0.0018066 secs] [Times: user=0.01 sys=0.00, real=0.00 secs] 
3037.012: [GC (Allocation Failure) [PSYoungGen: 57405K->1597K(57856K)] 448885K->393077K(559616K), 0.0018694 secs] [Times: user=0.00 sys=0.00, real=0.01 secs] 
3037.339: [GC (Allocation Failure) [PSYoungGen: 57376K->1565K(57856K)] 448856K->393045K(559616K), 0.0017568 secs] [Times: user=0.00 sys=0.00, real=0.00 secs] 
3038.244: [GC (Allocation Failure) [PSYoungGen: 57373K->1440K(57856K)] 448853K->392920K(559616K), 0.0026606 secs] [Times: user=0.02 sys=0.00, real=0.00 secs] 
3039.029: [GC (Allocation Failure) [PSYoungGen: 57248K->1376K(57856K)] 448728K->392856K(559616K), 0.0028640 secs] [Times: user=0.01 sys=0.00, real=0.00 secs] 
3039.574: [GC (Allocation Failure) [PSYoungGen: 57184K->1376K(57856K)] 448664K->392856K(559616K), 0.0025434 secs] [Times: user=0.01 sys=0.00, real=0.00 secs] 
3040.276: [GC (Allocation Failure) [PSYoungGen: 57184K->1376K(57856K)] 448664K->392856K(559616K), 0.0030388 secs] [Times: user=0.01 sys=0.00, real=0.00 secs] 
3040.706: [GC (Allocation Failure) [PSYoungGen: 57184K->1376K(57856K)] 448664K->392856K(559616K), 0.0023450 secs] [Times: user=0.01 sys=0.01, real=0.00 secs] 
3041.179: [GC (Allocation Failure) [PSYoungGen: 57184K->1469K(57856K)] 448664K->392949K(559616K), 0.0017207 secs] [Times: user=0.00 sys=0.00, real=0.00 secs] 
3041.503: [GC (Allocation Failure) [PSYoungGen: 57277K->1584K(57856K)] 448757K->393088K(559616K), 0.0017148 secs] [Times: user=0.01 sys=0.00, real=0.00 secs] 
3041.830: [GC (Allocation Failure) [PSYoungGen: 57392K->1533K(57856K)] 448896K->393037K(559616K), 0.0016780 secs] [Times: user=0.01 sys=0.00, real=0.00 secs] 
3042.157: [GC (Allocation Failure) [PSYoungGen: 57341K->1565K(57856K)] 448845K->393069K(559616K), 0.0016947 secs] [Times: user=0.01 sys=0.00, real=0.00 secs] 
3042.592: [GC (Allocation Failure) [PSYoungGen: 57373K->1440K(57856K)] 448877K->392944K(559616K), 0.0020425 secs] [Times: user=0.01 sys=0.00, real=0.01 secs] 
3043.225: [GC (Allocation Failure) [PSYoungGen: 57248K->1376K(57856K)] 448752K->392880K(559616K), 0.0023055 secs] [Times: user=0.01 sys=0.00, real=0.00 secs] 
3044.031: [GC (Allocation Failure) [PSYoungGen: 57184K->1344K(57856K)] 448688K->392848K(559616K), 0.0025902 secs] [Times: user=0.01 sys=0.00, real=0.01 secs] 
3044.510: [GC (Allocation Failure) [PSYoungGen: 57152K->1344K(57856K)] 448656K->392848K(559616K), 0.0023764 secs] [Times: user=0.01 sys=0.00, real=0.00 secs] 
3044.849: [GC (Allocation Failure) [PSYoungGen: 57152K->1501K(57856K)] 448656K->393005K(559616K), 0.0017496 secs] [Times: user=0.01 sys=0.00, real=0.00 secs] 
3045.075: [GC (Allocation Failure) [PSYoungGen: 57309K->1565K(57856K)] 448813K->393069K(559616K), 0.0017881 secs] [Times: user=0.00 sys=0.00, real=0.00 secs] 
3045.303: [GC (Allocation Failure) [PSYoungGen: 57373K->1597K(57856K)] 448877K->393117K(559616K), 0.0016883 secs] [Times: user=0.00 sys=0.00, real=0.01 secs] 
3045.529: [GC (Allocation Failure) [PSYoungGen: 57405K->1565K(57856K)] 448925K->393085K(559616K), 0.0018251 secs] [Times: user=0.00 sys=0.00, real=0.00 secs] 
3045.950: [GC (Allocation Failure) [PSYoungGen: 57373K->1440K(57856K)] 448893K->392960K(559616K), 0.0019233 secs] [Times: user=0.01 sys=0.00, real=0.00 secs] 
3046.474: [GC (Allocation Failure) [PSYoungGen: 57248K->1376K(57856K)] 448768K->392896K(559616K), 0.0020793 secs] [Times: user=0.01 sys=0.00, real=0.00 secs] 
3047.040: [GC (Allocation Failure) [PSYoungGen: 57184K->1312K(57856K)] 448704K->392832K(559616K), 0.0029122 secs] [Times: user=0.01 sys=0.00, real=0.00 secs] 
3047.602: [GC (Allocation Failure) [PSYoungGen: 57120K->1344K(57856K)] 448640K->392864K(559616K), 0.0031912 secs] [Times: user=0.01 sys=0.00, real=0.01 secs] 
3048.186: [GC (Allocation Failure) [PSYoungGen: 57152K->1376K(57856K)] 448672K->392896K(559616K), 0.0041598 secs] [Times: user=0.02 sys=0.00, real=0.00 secs] 
3048.678: [GC (Allocation Failure) [PSYoungGen: 57184K->1469K(57856K)] 448704K->392989K(559616K), 0.0016119 secs] [Times: user=0.00 sys=0.00, real=0.00 secs] 
3049.004: [GC (Allocation Failure) [PSYoungGen: 57277K->1629K(57856K)] 448797K->393149K(559616K), 0.0017379 secs] [Times: user=0.00 sys=0.00, real=0.00 secs] 
3049.333: [GC (Allocation Failure) [PSYoungGen: 57437K->1549K(57856K)] 448957K->393093K(559616K), 0.0017029 secs] [Times: user=0.00 sys=0.00, real=0.01 secs] 
3049.661: [GC (Allocation Failure) [PSYoungGen: 57357K->1533K(57856K)] 448901K->393077K(559616K), 0.0017067 secs] [Times: user=0.01 sys=0.00, real=0.00 secs] 
3050.059: [GC (Allocation Failure) [PSYoungGen: 57341K->1696K(57856K)] 448885K->393240K(559616K), 0.0023930 secs] [Times: user=0.01 sys=0.00, real=0.00 secs] 
3050.587: [GC (Allocation Failure) [PSYoungGen: 57504K->1408K(57856K)] 449048K->392952K(559616K), 0.0023108 secs] [Times: user=0.01 sys=0.00, real=0.00 secs] 
3051.133: [GC (Allocation Failure) [PSYoungGen: 57216K->1376K(57856K)] 448760K->392936K(559616K), 0.0035069 secs] [Times: user=0.01 sys=0.00, real=0.01 secs] 
3051.721: [GC (Allocation Failure) [PSYoungGen: 57184K->1376K(57856K)] 448744K->392936K(559616K), 0.0045348 secs] [Times: user=0.02 sys=0.01, real=0.01 secs] 
3052.165: [GC (Allocation Failure) [PSYoungGen: 57184K->1344K(57856K)] 448744K->392904K(559616K), 0.0034236 secs] [Times: user=0.01 sys=0.00, real=0.00 secs] 
3052.686: [GC (Allocation Failure) [PSYoungGen: 57152K->1501K(57856K)] 448712K->393061K(559616K), 0.0028849 secs] [Times: user=0.01 sys=0.00, real=0.00 secs] 
3053.076: [GC (Allocation Failure) [PSYoungGen: 57309K->1565K(57856K)] 448869K->393141K(559616K), 0.0017742 secs] [Times: user=0.01 sys=0.00, real=0.00 secs] 
3053.403: [GC (Allocation Failure) [PSYoungGen: 57373K->1581K(57856K)] 448949K->393157K(559616K), 0.0018112 secs] [Times: user=0.00 sys=0.00, real=0.01 secs] 
3053.729: [GC (Allocation Failure) [PSYoungGen: 57389K->1533K(57856K)] 448965K->393109K(559616K), 0.0017616 secs] [Times: user=0.01 sys=0.00, real=0.00 secs] 
3054.057: [GC (Allocation Failure) [PSYoungGen: 57341K->1581K(57856K)] 448917K->393157K(559616K), 0.0018596 secs] [Times: user=0.00 sys=0.00, real=0.00 secs] 
3054.539: [GC (Allocation Failure) [PSYoungGen: 57389K->1424K(57856K)] 448965K->393000K(559616K), 0.0019653 secs] [Times: user=0.01 sys=0.00, real=0.00 secs] 
3055.319: [GC (Allocation Failure) [PSYoungGen: 57232K->1424K(57856K)] 448808K->393000K(559616K), 0.0044187 secs] [Times: user=0.02 sys=0.00, real=0.00 secs] 
3055.851: [GC (Allocation Failure) [PSYoungGen: 57232K->1408K(57856K)] 448808K->392984K(559616K), 0.0028184 secs] [Times: user=0.01 sys=0.00, real=0.01 secs] 
3056.284: [GC (Allocation Failure) [PSYoungGen: 57216K->1376K(57856K)] 448792K->392952K(559616K), 0.0024161 secs] [Times: user=0.01 sys=0.00, real=0.00 secs] 
3056.679: [GC (Allocation Failure) [PSYoungGen: 57184K->1376K(57856K)] 448760K->392952K(559616K), 0.0021889 secs] [Times: user=0.01 sys=0.00, real=0.00 secs] 
3057.083: [GC (Allocation Failure) [PSYoungGen: 57184K->1533K(57856K)] 448760K->393125K(559616K), 0.0017055 secs] [Times: user=0.00 sys=0.00, real=0.00 secs] 
3057.409: [GC (Allocation Failure) [PSYoungGen: 57341K->1581K(57856K)] 448933K->393173K(559616K), 0.0017783 secs] [Times: user=0.01 sys=0.00, real=0.00 secs] 
3057.737: [GC (Allocation Failure) [PSYoungGen: 57389K->1565K(57856K)] 448981K->393157K(559616K), 0.0016993 secs] [Times: user=0.01 sys=0.00, real=0.00 secs] 
3058.064: [GC (Allocation Failure) [PSYoungGen: 57369K->1581K(57856K)] 448962K->393173K(559616K), 0.0016889 secs] [Times: user=0.00 sys=0.00, real=0.00 secs] 
3058.583: [GC (Allocation Failure) [PSYoungGen: 57389K->1504K(57856K)] 448981K->393096K(559616K), 0.0024066 secs] [Times: user=0.01 sys=0.00, real=0.00 secs] 
3059.360: [GC (Allocation Failure) [PSYoungGen: 57312K->1376K(57856K)] 448904K->392968K(559616K), 0.0043415 secs] [Times: user=0.01 sys=0.00, real=0.01 secs] 
3060.046: [GC (Allocation Failure) [PSYoungGen: 57184K->1392K(57856K)] 448776K->392984K(559616K), 0.0043139 secs] [Times: user=0.02 sys=0.00, real=0.00 secs] 
3060.735: [GC (Allocation Failure) [PSYoungGen: 57200K->1408K(57856K)] 448792K->393000K(559616K), 0.0047161 secs] [Times: user=0.02 sys=0.00, real=0.00 secs] 
3061.444: [GC (Allocation Failure) [PSYoungGen: 57216K->1376K(57856K)] 448808K->392968K(559616K), 0.0042698 secs] [Times: user=0.01 sys=0.00, real=0.00 secs] 
3062.376: [GC (Allocation Failure) [PSYoungGen: 57184K->1501K(57856K)] 448776K->393093K(559616K), 0.0026030 secs] [Times: user=0.01 sys=0.00, real=0.00 secs] 
3062.813: [GC (Allocation Failure) [PSYoungGen: 57309K->1536K(57856K)] 448901K->393144K(559616K), 0.0019032 secs] [Times: user=0.01 sys=0.00, real=0.01 secs] 
3063.142: [GC (Allocation Failure) [PSYoungGen: 57344K->1597K(57856K)] 448952K->393229K(559616K), 0.0017537 secs] [Times: user=0.01 sys=0.00, real=0.01 secs] 
3063.531: [GC (Allocation Failure) [PSYoungGen: 57405K->1565K(57856K)] 449037K->393197K(559616K), 0.0017493 secs] [Times: user=0.01 sys=0.00, real=0.00 secs] 
3063.858: [GC (Allocation Failure) [PSYoungGen: 57373K->1533K(57856K)] 449005K->393165K(559616K), 0.0017582 secs] [Times: user=0.00 sys=0.00, real=0.00 secs] 
3064.650: [GC (Allocation Failure) [PSYoungGen: 57341K->1408K(57856K)] 448973K->393040K(559616K), 0.0035293 secs] [Times: user=0.01 sys=0.00, real=0.01 secs] 
3065.557: [GC (Allocation Failure) [PSYoungGen: 57216K->1408K(57856K)] 448848K->393040K(559616K), 0.0042250 secs] [Times: user=0.01 sys=0.00, real=0.00 secs] 
3066.237: [GC (Allocation Failure) [PSYoungGen: 57216K->1408K(57856K)] 448848K->393040K(559616K), 0.0034512 secs] [Times: user=0.02 sys=0.00, real=0.00 secs] 
3066.884: [GC (Allocation Failure) [PSYoungGen: 57216K->1408K(57856K)] 448848K->393040K(559616K), 0.0033942 secs] [Times: user=0.02 sys=0.00, real=0.00 secs] 
3067.540: [GC (Allocation Failure) [PSYoungGen: 57216K->1408K(57856K)] 448848K->393040K(559616K), 0.0033809 secs] [Times: user=0.01 sys=0.00, real=0.01 secs] 
3068.066: [GC (Allocation Failure) [PSYoungGen: 57216K->1533K(57856K)] 448848K->393173K(559616K), 0.0017804 secs] [Times: user=0.01 sys=0.00, real=0.00 secs] 
3068.391: [GC (Allocation Failure) [PSYoungGen: 57341K->1568K(57856K)] 448981K->393208K(559616K), 0.0017737 secs] [Times: user=0.00 sys=0.00, real=0.00 secs] 
3068.778: [GC (Allocation Failure) [PSYoungGen: 57376K->1533K(57856K)] 449016K->393173K(559616K), 0.0017394 secs] [Times: user=0.01 sys=0.00, real=0.00 secs] 
3069.167: [GC (Allocation Failure) [PSYoungGen: 57341K->1533K(57856K)] 448981K->393173K(559616K), 0.0018072 secs] [Times: user=0.00 sys=0.00, real=0.00 secs] 
3069.463: [GC (Allocation Failure) [PSYoungGen: 57341K->1440K(57856K)] 448981K->393080K(559616K), 0.0024041 secs] [Times: user=0.01 sys=0.00, real=0.01 secs] 
3069.836: [GC (Allocation Failure) [PSYoungGen: 57248K->1408K(57856K)] 448888K->393048K(559616K), 0.0028547 secs] [Times: user=0.02 sys=0.00, real=0.00 secs] 
3070.290: [GC (Allocation Failure) [PSYoungGen: 57216K->1440K(57856K)] 448856K->393080K(559616K), 0.0025448 secs] [Times: user=0.01 sys=0.00, real=0.00 secs] 
3070.718: [GC (Allocation Failure) [PSYoungGen: 57248K->1408K(57856K)] 448888K->393048K(559616K), 0.0021107 secs] [Times: user=0.01 sys=0.00, real=0.00 secs] 
3071.420: [GC (Allocation Failure) [PSYoungGen: 57216K->1344K(57856K)] 448856K->392984K(559616K), 0.0021774 secs] [Times: user=0.01 sys=0.00, real=0.00 secs] 
3071.875: [GC (Allocation Failure) [PSYoungGen: 57152K->1501K(57856K)] 448792K->393141K(559616K), 0.0017311 secs] [Times: user=0.00 sys=0.00, real=0.00 secs] 
3072.201: [GC (Allocation Failure) [PSYoungGen: 57309K->1552K(57856K)] 448949K->393208K(559616K), 0.0017143 secs] [Times: user=0.00 sys=0.00, real=0.00 secs] 
3072.526: [GC (Allocation Failure) [PSYoungGen: 57360K->1533K(57856K)] 449016K->393205K(559616K), 0.0017199 secs] [Times: user=0.01 sys=0.00, real=0.00 secs] 
3072.854: [GC (Allocation Failure) [PSYoungGen: 57341K->1533K(57856K)] 449013K->393205K(559616K), 0.0016874 secs] [Times: user=0.01 sys=0.00, real=0.00 secs] 
3073.217: [GC (Allocation Failure) [PSYoungGen: 57341K->1744K(57856K)] 449013K->393416K(559616K), 0.0020233 secs] [Times: user=0.01 sys=0.00, real=0.00 secs] 
3073.485: [GC (Allocation Failure) [PSYoungGen: 57552K->1408K(57856K)] 449224K->393080K(559616K), 0.0020013 secs] [Times: user=0.01 sys=0.00, real=0.00 secs] 
3073.731: [GC (Allocation Failure) [PSYoungGen: 57216K->1344K(57856K)] 448888K->393016K(559616K), 0.0019862 secs] [Times: user=0.01 sys=0.00, real=0.01 secs] 
3073.965: [GC (Allocation Failure) [PSYoungGen: 57152K->1392K(57856K)] 448824K->393064K(559616K), 0.0033216 secs] [Times: user=0.01 sys=0.00, real=0.00 secs] 
3074.198: [GC (Allocation Failure) [PSYoungGen: 57200K->1440K(57856K)] 448872K->393112K(559616K), 0.0023897 secs] [Times: user=0.01 sys=0.00, real=0.00 secs] 
3074.469: [GC (Allocation Failure) [PSYoungGen: 57248K->1437K(57856K)] 448920K->393109K(559616K), 0.0022170 secs] [Times: user=0.01 sys=0.00, real=0.00 secs] 
3074.815: [GC (Allocation Failure) [PSYoungGen: 57245K->1533K(57856K)] 448917K->393213K(559616K), 0.0020881 secs] [Times: user=0.00 sys=0.00, real=0.00 secs] 
3075.147: [GC (Allocation Failure) [PSYoungGen: 57341K->1565K(57856K)] 449021K->393245K(559616K), 0.0018300 secs] [Times: user=0.01 sys=0.00, real=0.00 secs] 
3075.474: [GC (Allocation Failure) [PSYoungGen: 57373K->1584K(57856K)] 449053K->393264K(559616K), 0.0017971 secs] [Times: user=0.01 sys=0.00, real=0.00 secs] 
3075.800: [GC (Allocation Failure) [PSYoungGen: 57392K->1568K(57856K)] 449072K->393248K(559616K), 0.0018145 secs] [Times: user=0.01 sys=0.00, real=0.00 secs] 
3076.762: [GC (Allocation Failure) [PSYoungGen: 57376K->1408K(57856K)] 449056K->393088K(559616K), 0.0044281 secs] [Times: user=0.02 sys=0.00, real=0.01 secs] 
3077.020: [GC (Allocation Failure) [PSYoungGen: 57216K->1376K(57856K)] 448896K->393056K(559616K), 0.0024225 secs] [Times: user=0.01 sys=0.00, real=0.00 secs] 
3077.252: [GC (Allocation Failure) [PSYoungGen: 57184K->1408K(57856K)] 448864K->393088K(559616K), 0.0020770 secs] [Times: user=0.01 sys=0.00, real=0.01 secs] 
3077.484: [GC (Allocation Failure) [PSYoungGen: 57216K->1376K(57856K)] 448896K->393056K(559616K), 0.0021621 secs] [Times: user=0.01 sys=0.00, real=0.00 secs] 
3077.716: [GC (Allocation Failure) [PSYoungGen: 57184K->1376K(57856K)] 448864K->393056K(559616K), 0.0021128 secs] [Times: user=0.00 sys=0.00, real=0.00 secs] 
3078.048: [GC (Allocation Failure) [PSYoungGen: 57172K->1501K(57856K)] 448853K->393197K(559616K), 0.0016966 secs] [Times: user=0.00 sys=0.00, real=0.00 secs] 
3078.376: [GC (Allocation Failure) [PSYoungGen: 57309K->1536K(57856K)] 449005K->393232K(559616K), 0.0017774 secs] [Times: user=0.00 sys=0.00, real=0.00 secs] 
3078.702: [GC (Allocation Failure) [PSYoungGen: 57344K->1597K(57856K)] 449040K->393293K(559616K), 0.0018615 secs] [Times: user=0.00 sys=0.00, real=0.01 secs] 
3079.029: [GC (Allocation Failure) [PSYoungGen: 57405K->1613K(57856K)] 449101K->393309K(559616K), 0.0017378 secs] [Times: user=0.00 sys=0.00, real=0.00 secs] 
3079.366: [GC (Allocation Failure) [PSYoungGen: 57421K->1472K(57856K)] 449117K->393168K(559616K), 0.0021078 secs] [Times: user=0.01 sys=0.00, real=0.00 secs] 
3079.599: [GC (Allocation Failure) [PSYoungGen: 57280K->1376K(57856K)] 448976K->393080K(559616K), 0.0020342 secs] [Times: user=0.01 sys=0.00, real=0.00 secs] 
3079.831: [GC (Allocation Failure) [PSYoungGen: 57184K->1376K(57856K)] 448888K->393088K(559616K), 0.0019511 secs] [Times: user=0.01 sys=0.00, real=0.01 secs] 
3080.068: [GC (Allocation Failure) [PSYoungGen: 57184K->1376K(57856K)] 448896K->393088K(559616K), 0.0028391 secs] [Times: user=0.01 sys=0.00, real=0.00 secs] 
3080.297: [GC (Allocation Failure) [PSYoungGen: 57184K->1376K(57856K)] 448896K->393088K(559616K), 0.0026777 secs] [Times: user=0.01 sys=0.01, real=0.00 secs] 
3080.620: [GC (Allocation Failure) [PSYoungGen: 57184K->1469K(57856K)] 448896K->393181K(559616K), 0.0016715 secs] [Times: user=0.00 sys=0.00, real=0.00 secs] 
3080.944: [GC (Allocation Failure) [PSYoungGen: 57277K->1552K(57856K)] 448989K->393280K(559616K), 0.0017458 secs] [Times: user=0.01 sys=0.01, real=0.00 secs] 
3081.272: [GC (Allocation Failure) [PSYoungGen: 57360K->1565K(57856K)] 449088K->393293K(559616K), 0.0018249 secs] [Times: user=0.00 sys=0.00, real=0.01 secs] 
3081.602: [GC (Allocation Failure) [PSYoungGen: 57373K->1549K(57856K)] 449101K->393277K(559616K), 0.0016747 secs] [Times: user=0.01 sys=0.00, real=0.01 secs] 
3081.934: [GC (Allocation Failure) [PSYoungGen: 57357K->1629K(57856K)] 449085K->393357K(559616K), 0.0016845 secs] [Times: user=0.00 sys=0.00, real=0.00 secs] 
3082.230: [GC (Allocation Failure) [PSYoungGen: 57437K->1440K(57856K)] 449165K->393168K(559616K), 0.0019846 secs] [Times: user=0.01 sys=0.01, real=0.00 secs] 
3082.462: [GC (Allocation Failure) [PSYoungGen: 57248K->1408K(57856K)] 448976K->393136K(559616K), 0.0020031 secs] [Times: user=0.01 sys=0.00, real=0.01 secs] 
3082.932: [GC (Allocation Failure) [PSYoungGen: 57216K->1376K(57856K)] 448944K->393104K(559616K), 0.0022601 secs] [Times: user=0.01 sys=0.00, real=0.01 secs] 
3083.368: [GC (Allocation Failure) [PSYoungGen: 57184K->1344K(57856K)] 448912K->393072K(559616K), 0.0028355 secs] [Times: user=0.01 sys=0.00, real=0.00 secs] 
3083.792: [GC (Allocation Failure) [PSYoungGen: 57152K->1376K(57856K)] 448880K->393104K(559616K), 0.0028669 secs] [Times: user=0.01 sys=0.01, real=0.01 secs] 
3084.225: [GC (Allocation Failure) [PSYoungGen: 57184K->1533K(57856K)] 448912K->393277K(559616K), 0.0016664 secs] [Times: user=0.01 sys=0.00, real=0.00 secs] 
3084.552: [GC (Allocation Failure) [PSYoungGen: 57341K->1536K(57856K)] 449085K->393280K(559616K), 0.0018059 secs] [Times: user=0.01 sys=0.00, real=0.01 secs] 
3084.883: [GC (Allocation Failure) [PSYoungGen: 57344K->1533K(57856K)] 449088K->393277K(559616K), 0.0017419 secs] [Times: user=0.01 sys=0.00, real=0.01 secs] 
3085.210: [GC (Allocation Failure) [PSYoungGen: 57335K->1533K(57856K)] 449079K->393277K(559616K), 0.0017005 secs] [Times: user=0.00 sys=0.00, real=0.00 secs] 
3085.677: [GC (Allocation Failure) [PSYoungGen: 57341K->1456K(57856K)] 449085K->393200K(559616K), 0.0021664 secs] [Times: user=0.01 sys=0.00, real=0.00 secs] 
3086.328: [GC (Allocation Failure) [PSYoungGen: 57264K->1376K(57856K)] 449008K->393120K(559616K), 0.0039953 secs] [Times: user=0.02 sys=0.00, real=0.00 secs] 
3086.783: [GC (Allocation Failure) [PSYoungGen: 57184K->1440K(57856K)] 448928K->393184K(559616K), 0.0026028 secs] [Times: user=0.01 sys=0.00, real=0.00 secs] 
3087.260: [GC (Allocation Failure) [PSYoungGen: 57248K->1392K(57856K)] 448992K->393136K(559616K), 0.0028806 secs] [Times: user=0.01 sys=0.00, real=0.00 secs] 
3087.721: [GC (Allocation Failure) [PSYoungGen: 57200K->1392K(57856K)] 448944K->393136K(559616K), 0.0029244 secs] [Times: user=0.01 sys=0.00, real=0.01 secs] 
3088.390: [GC (Allocation Failure) [PSYoungGen: 57200K->1501K(57856K)] 448944K->393245K(559616K), 0.0017039 secs] [Times: user=0.01 sys=0.00, real=0.00 secs] 
3088.716: [GC (Allocation Failure) [PSYoungGen: 57309K->1549K(57856K)] 449053K->393309K(559616K), 0.0018128 secs] [Times: user=0.00 sys=0.01, real=0.00 secs] 
3089.102: [GC (Allocation Failure) [PSYoungGen: 57357K->1533K(57856K)] 449117K->393293K(559616K), 0.0018108 secs] [Times: user=0.01 sys=0.00, real=0.01 secs] 
3089.430: [GC (Allocation Failure) [PSYoungGen: 57341K->1565K(57856K)] 449101K->393325K(559616K), 0.0017376 secs] [Times: user=0.00 sys=0.00, real=0.00 secs] 
3089.784: [GC (Allocation Failure) [PSYoungGen: 57373K->2032K(57856K)] 449133K->393792K(559616K), 0.0020077 secs] [Times: user=0.00 sys=0.00, real=0.00 secs] 
3090.548: [GC (Allocation Failure) [PSYoungGen: 57840K->1376K(57856K)] 449600K->393136K(559616K), 0.0034289 secs] [Times: user=0.01 sys=0.00, real=0.00 secs] 
3091.133: [GC (Allocation Failure) [PSYoungGen: 57184K->1408K(57856K)] 448944K->393168K(559616K), 0.0030989 secs] [Times: user=0.01 sys=0.00, real=0.01 secs] 
3091.595: [GC (Allocation Failure) [PSYoungGen: 57216K->1376K(57856K)] 448976K->393136K(559616K), 0.0028329 secs] [Times: user=0.01 sys=0.00, real=0.00 secs] 
3092.060: [GC (Allocation Failure) [PSYoungGen: 57184K->1344K(57856K)] 448944K->393112K(559616K), 0.0025322 secs] [Times: user=0.01 sys=0.00, real=0.00 secs] 
3092.519: [GC (Allocation Failure) [PSYoungGen: 57152K->1453K(57856K)] 448920K->393221K(559616K), 0.0023157 secs] [Times: user=0.01 sys=0.00, real=0.00 secs] 
3092.874: [GC (Allocation Failure) [PSYoungGen: 57261K->1581K(57856K)] 449029K->393365K(559616K), 0.0017295 secs] [Times: user=0.01 sys=0.00, real=0.00 secs] 
3093.201: [GC (Allocation Failure) [PSYoungGen: 57389K->1565K(57856K)] 449173K->393349K(559616K), 0.0018394 secs] [Times: user=0.00 sys=0.00, real=0.00 secs] 
3093.531: [GC (Allocation Failure) [PSYoungGen: 57373K->1533K(57856K)] 449157K->393317K(559616K), 0.0017327 secs] [Times: user=0.00 sys=0.00, real=0.01 secs] 
3093.858: [GC (Allocation Failure) [PSYoungGen: 57341K->1597K(57856K)] 449125K->393381K(559616K), 0.0018281 secs] [Times: user=0.01 sys=0.00, real=0.00 secs] 
3094.223: [GC (Allocation Failure) [PSYoungGen: 57405K->1408K(57856K)] 449189K->393192K(559616K), 0.0018720 secs] [Times: user=0.01 sys=0.00, real=0.00 secs] 
3094.884: [GC (Allocation Failure) [PSYoungGen: 57216K->1376K(57856K)] 449000K->393160K(559616K), 0.0022810 secs] [Times: user=0.01 sys=0.00, real=0.00 secs] 
3095.477: [GC (Allocation Failure) [PSYoungGen: 57184K->1440K(57856K)] 448968K->393224K(559616K), 0.0023571 secs] [Times: user=0.00 sys=0.00, real=0.00 secs] 
3096.193: [GC (Allocation Failure) [PSYoungGen: 57248K->1376K(57856K)] 449032K->393160K(559616K), 0.0026793 secs] [Times: user=0.01 sys=0.00, real=0.01 secs] 
3096.911: [GC (Allocation Failure) [PSYoungGen: 57184K->1376K(57856K)] 448968K->393160K(559616K), 0.0030613 secs] [Times: user=0.01 sys=0.00, real=0.01 secs] 
3097.384: [GC (Allocation Failure) [PSYoungGen: 57184K->1501K(57856K)] 448968K->393301K(559616K), 0.0016912 secs] [Times: user=0.01 sys=0.00, real=0.00 secs] 
3097.709: [GC (Allocation Failure) [PSYoungGen: 57309K->1565K(57856K)] 449109K->393365K(559616K), 0.0017011 secs] [Times: user=0.01 sys=0.00, real=0.00 secs] 
3098.037: [GC (Allocation Failure) [PSYoungGen: 57373K->1565K(57856K)] 449173K->393365K(559616K), 0.0016884 secs] [Times: user=0.01 sys=0.00, real=0.00 secs] 
3098.364: [GC (Allocation Failure) [PSYoungGen: 57369K->1565K(57856K)] 449169K->393365K(559616K), 0.0017882 secs] [Times: user=0.01 sys=0.00, real=0.00 secs] 
3098.845: [GC (Allocation Failure) [PSYoungGen: 57373K->1456K(57856K)] 449173K->393256K(559616K), 0.0022902 secs] [Times: user=0.01 sys=0.00, real=0.00 secs] 
3099.325: [GC (Allocation Failure) [PSYoungGen: 57264K->1376K(57856K)] 449064K->393176K(559616K), 0.0022315 secs] [Times: user=0.01 sys=0.00, real=0.00 secs] 
3099.809: [GC (Allocation Failure) [PSYoungGen: 57184K->1376K(57856K)] 448984K->393176K(559616K), 0.0021951 secs] [Times: user=0.00 sys=0.00, real=0.00 secs] 
3100.335: [GC (Allocation Failure) [PSYoungGen: 57184K->1376K(57856K)] 448984K->393176K(559616K), 0.0042717 secs] [Times: user=0.02 sys=0.00, real=0.00 secs] 
3100.829: [GC (Allocation Failure) [PSYoungGen: 57184K->1376K(57856K)] 448984K->393176K(559616K), 0.0033433 secs] [Times: user=0.01 sys=0.00, real=0.00 secs] 
3101.338: [GC (Allocation Failure) [PSYoungGen: 57184K->1437K(57856K)] 448984K->393237K(559616K), 0.0017701 secs] [Times: user=0.01 sys=0.00, real=0.00 secs] 
3101.721: [GC (Allocation Failure) [PSYoungGen: 57245K->1597K(57856K)] 449045K->393413K(559616K), 0.0018884 secs] [Times: user=0.00 sys=0.00, real=0.01 secs] 
3102.050: [GC (Allocation Failure) [PSYoungGen: 57405K->1517K(57856K)] 449221K->393349K(559616K), 0.0019532 secs] [Times: user=0.01 sys=0.00, real=0.00 secs] 
3102.457: [GC (Allocation Failure) [PSYoungGen: 57325K->1533K(57856K)] 449157K->393365K(559616K), 0.0017257 secs] [Times: user=0.00 sys=0.00, real=0.00 secs] 
3102.783: [GC (Allocation Failure) [PSYoungGen: 57341K->1597K(57856K)] 449173K->393429K(559616K), 0.0017861 secs] [Times: user=0.01 sys=0.00, real=0.00 secs] 
3103.315: [GC (Allocation Failure) [PSYoungGen: 57405K->1408K(57856K)] 449237K->393240K(559616K), 0.0028551 secs] [Times: user=0.01 sys=0.00, real=0.00 secs] 
3103.689: [GC (Allocation Failure) [PSYoungGen: 57216K->1376K(57856K)] 449048K->393208K(559616K), 0.0022831 secs] [Times: user=0.01 sys=0.00, real=0.00 secs] 
3103.921: [GC (Allocation Failure) [PSYoungGen: 57184K->1376K(57856K)] 449016K->393208K(559616K), 0.0021598 secs] [Times: user=0.01 sys=0.00, real=0.01 secs] 
3104.153: [GC (Allocation Failure) [PSYoungGen: 57184K->1376K(57856K)] 449016K->393208K(559616K), 0.0020325 secs] [Times: user=0.01 sys=0.00, real=0.01 secs] 
3104.385: [GC (Allocation Failure) [PSYoungGen: 57184K->1440K(57856K)] 449016K->393272K(559616K), 0.0020251 secs] [Times: user=0.01 sys=0.00, real=0.00 secs] 
3104.719: [GC (Allocation Failure) [PSYoungGen: 57248K->1501K(57856K)] 449080K->393349K(559616K), 0.0016895 secs] [Times: user=0.01 sys=0.00, real=0.00 secs] 
3105.051: [GC (Allocation Failure) [PSYoungGen: 57309K->1549K(57856K)] 449157K->393397K(559616K), 0.0031637 secs] [Times: user=0.02 sys=0.00, real=0.01 secs] 
3105.438: [GC (Allocation Failure) [PSYoungGen: 57357K->1565K(57856K)] 449205K->393413K(559616K), 0.0018567 secs] [Times: user=0.01 sys=0.00, real=0.00 secs] 
3105.766: [GC (Allocation Failure) [PSYoungGen: 57373K->1565K(57856K)] 449221K->393413K(559616K), 0.0017409 secs] [Times: user=0.01 sys=0.00, real=0.00 secs] 
3106.111: [GC (Allocation Failure) [PSYoungGen: 57373K->1472K(57856K)] 449221K->393320K(559616K), 0.0023724 secs] [Times: user=0.01 sys=0.00, real=0.01 secs] 
3106.344: [GC (Allocation Failure) [PSYoungGen: 57280K->1408K(57856K)] 449128K->393256K(559616K), 0.0022589 secs] [Times: user=0.01 sys=0.00, real=0.00 secs] 
3106.582: [GC (Allocation Failure) [PSYoungGen: 57216K->1376K(57856K)] 449064K->393224K(559616K), 0.0021435 secs] [Times: user=0.01 sys=0.00, real=0.01 secs] 
3106.957: [GC (Allocation Failure) [PSYoungGen: 57184K->1376K(57856K)] 449032K->393224K(559616K), 0.0022252 secs] [Times: user=0.01 sys=0.00, real=0.00 secs] 
3107.189: [GC (Allocation Failure) [PSYoungGen: 57184K->1408K(57856K)] 449032K->393256K(559616K), 0.0020104 secs] [Times: user=0.01 sys=0.00, real=0.00 secs] 
3107.512: [GC (Allocation Failure) [PSYoungGen: 57187K->1501K(57856K)] 449035K->393349K(559616K), 0.0017068 secs] [Times: user=0.01 sys=0.00, real=0.01 secs] 
3107.840: [GC (Allocation Failure) [PSYoungGen: 57309K->1597K(57856K)] 449157K->393461K(559616K), 0.0017461 secs] [Times: user=0.01 sys=0.00, real=0.00 secs] 
3108.166: [GC (Allocation Failure) [PSYoungGen: 57405K->1597K(57856K)] 449269K->393461K(559616K), 0.0018091 secs] [Times: user=0.01 sys=0.00, real=0.00 secs] 
3108.496: [GC (Allocation Failure) [PSYoungGen: 57405K->1565K(57856K)] 449269K->393429K(559616K), 0.0017649 secs] [Times: user=0.00 sys=0.00, real=0.00 secs] 
3108.860: [GC (Allocation Failure) [PSYoungGen: 57373K->1760K(57856K)] 449237K->393624K(559616K), 0.0020482 secs] [Times: user=0.00 sys=0.00, real=0.00 secs] 
3109.309: [GC (Allocation Failure) [PSYoungGen: 57568K->1440K(57856K)] 449432K->393304K(559616K), 0.0022143 secs] [Times: user=0.01 sys=0.00, real=0.00 secs] 
3109.541: [GC (Allocation Failure) [PSYoungGen: 57248K->1344K(57856K)] 449112K->393208K(559616K), 0.0020639 secs] [Times: user=0.01 sys=0.00, real=0.01 secs] 
3109.824: [GC (Allocation Failure) [PSYoungGen: 57152K->1408K(57856K)] 449016K->393288K(559616K), 0.0020742 secs] [Times: user=0.00 sys=0.00, real=0.00 secs] 
3110.064: [GC (Allocation Failure) [PSYoungGen: 57216K->1408K(57856K)] 449096K->393288K(559616K), 0.0022638 secs] [Times: user=0.01 sys=0.00, real=0.00 secs] 
3110.373: [GC (Allocation Failure) [PSYoungGen: 57216K->1453K(57856K)] 449096K->393333K(559616K), 0.0019745 secs] [Times: user=0.01 sys=0.00, real=0.01 secs] 
3110.790: [GC (Allocation Failure) [PSYoungGen: 57261K->1533K(57856K)] 449141K->393421K(559616K), 0.0019718 secs] [Times: user=0.01 sys=0.00, real=0.00 secs] 
3111.117: [GC (Allocation Failure) [PSYoungGen: 57341K->1565K(57856K)] 449229K->393453K(559616K), 0.0017848 secs] [Times: user=0.01 sys=0.00, real=0.00 secs] 
3111.443: [GC (Allocation Failure) [PSYoungGen: 57373K->1565K(57856K)] 449261K->393453K(559616K), 0.0017247 secs] [Times: user=0.01 sys=0.00, real=0.01 secs] 
3111.771: [GC (Allocation Failure) [PSYoungGen: 57373K->1597K(57856K)] 449261K->393485K(559616K), 0.0017571 secs] [Times: user=0.01 sys=0.00, real=0.01 secs] 
3112.567: [GC (Allocation Failure) [PSYoungGen: 57405K->1424K(57856K)] 449293K->393312K(559616K), 0.0034540 secs] [Times: user=0.02 sys=0.00, real=0.00 secs] 
3113.054: [GC (Allocation Failure) [PSYoungGen: 57232K->1376K(57856K)] 449120K->393264K(559616K), 0.0035016 secs] [Times: user=0.01 sys=0.00, real=0.00 secs] 
3113.311: [GC (Allocation Failure) [PSYoungGen: 57184K->1376K(57856K)] 449072K->393264K(559616K), 0.0020961 secs] [Times: user=0.01 sys=0.00, real=0.01 secs] 
3113.543: [GC (Allocation Failure) [PSYoungGen: 57184K->1376K(57856K)] 449072K->393264K(559616K), 0.0020340 secs] [Times: user=0.01 sys=0.00, real=0.00 secs] 
3113.775: [GC (Allocation Failure) [PSYoungGen: 57184K->1344K(57856K)] 449072K->393232K(559616K), 0.0021565 secs] [Times: user=0.01 sys=0.00, real=0.00 secs] 
3114.094: [GC (Allocation Failure) [PSYoungGen: 57152K->1565K(57856K)] 449040K->393469K(559616K), 0.0016201 secs] [Times: user=0.01 sys=0.00, real=0.00 secs] 
3114.418: [GC (Allocation Failure) [PSYoungGen: 57373K->1549K(57856K)] 449277K->393453K(559616K), 0.0017363 secs] [Times: user=0.01 sys=0.00, real=0.00 secs] 
3114.747: [GC (Allocation Failure) [PSYoungGen: 57357K->1565K(57856K)] 449261K->393469K(559616K), 0.0018917 secs] [Times: user=0.00 sys=0.00, real=0.00 secs] 
3115.080: [GC (Allocation Failure) [PSYoungGen: 57373K->1597K(57856K)] 449277K->393501K(559616K), 0.0017210 secs] [Times: user=0.01 sys=0.00, real=0.00 secs] 
3115.456: [GC (Allocation Failure) [PSYoungGen: 57405K->1440K(57856K)] 449309K->393344K(559616K), 0.0018985 secs] [Times: user=0.00 sys=0.00, real=0.00 secs] 
3115.889: [GC (Allocation Failure) [PSYoungGen: 57248K->1376K(57856K)] 449152K->393280K(559616K), 0.0020645 secs] [Times: user=0.01 sys=0.00, real=0.00 secs] 
3116.307: [GC (Allocation Failure) [PSYoungGen: 57184K->1408K(57856K)] 449088K->393312K(559616K), 0.0028490 secs] [Times: user=0.01 sys=0.00, real=0.00 secs] 
3116.748: [GC (Allocation Failure) [PSYoungGen: 57216K->1376K(57856K)] 449120K->393280K(559616K), 0.0027882 secs] [Times: user=0.02 sys=0.00, real=0.00 secs] 
3117.160: [GC (Allocation Failure) [PSYoungGen: 57184K->1376K(57856K)] 449088K->393280K(559616K), 0.0029453 secs] [Times: user=0.01 sys=0.00, real=0.00 secs] 
3117.454: [GC (Allocation Failure) [PSYoungGen: 57184K->1501K(57856K)] 449088K->393405K(559616K), 0.0017063 secs] [Times: user=0.00 sys=0.00, real=0.00 secs] 
3117.782: [GC (Allocation Failure) [PSYoungGen: 57309K->1533K(57856K)] 449213K->393453K(559616K), 0.0018288 secs] [Times: user=0.01 sys=0.00, real=0.01 secs] 
3118.108: [GC (Allocation Failure) [PSYoungGen: 57341K->1581K(57856K)] 449261K->393501K(559616K), 0.0017091 secs] [Times: user=0.01 sys=0.00, real=0.00 secs] 
3118.434: [GC (Allocation Failure) [PSYoungGen: 57389K->1565K(57856K)] 449309K->393485K(559616K), 0.0018149 secs] [Times: user=0.01 sys=0.00, real=0.00 secs] 
3118.762: [GC (Allocation Failure) [PSYoungGen: 57373K->1533K(57856K)] 449293K->393453K(559616K), 0.0017294 secs] [Times: user=0.00 sys=0.00, real=0.01 secs] 
3119.067: [GC (Allocation Failure) [PSYoungGen: 57341K->1392K(57856K)] 449261K->393312K(559616K), 0.0020496 secs] [Times: user=0.01 sys=0.00, real=0.00 secs] 
3119.371: [GC (Allocation Failure) [PSYoungGen: 57200K->1344K(57856K)] 449120K->393264K(559616K), 0.0019846 secs] [Times: user=0.01 sys=0.00, real=0.01 secs] 
3119.604: [GC (Allocation Failure) [PSYoungGen: 57152K->1344K(57856K)] 449072K->393264K(559616K), 0.0019724 secs] [Times: user=0.01 sys=0.00, real=0.00 secs] 
3119.864: [GC (Allocation Failure) [PSYoungGen: 57152K->1376K(57856K)] 449072K->393296K(559616K), 0.0020680 secs] [Times: user=0.00 sys=0.00, real=0.00 secs] 
3120.100: [GC (Allocation Failure) [PSYoungGen: 57184K->1408K(57856K)] 449104K->393344K(559616K), 0.0020463 secs] [Times: user=0.01 sys=0.00, real=0.00 secs] 
3120.445: [GC (Allocation Failure) [PSYoungGen: 57216K->1533K(57856K)] 449152K->393477K(559616K), 0.0017762 secs] [Times: user=0.01 sys=0.00, real=0.00 secs] 
3120.772: [GC (Allocation Failure) [PSYoungGen: 57341K->1597K(57856K)] 449285K->393541K(559616K), 0.0017582 secs] [Times: user=0.01 sys=0.00, real=0.01 secs] 
3121.099: [GC (Allocation Failure) [PSYoungGen: 57405K->1565K(57856K)] 449349K->393509K(559616K), 0.0017123 secs] [Times: user=0.01 sys=0.00, real=0.00 secs] 
3121.426: [GC (Allocation Failure) [PSYoungGen: 57373K->1533K(57856K)] 449317K->393477K(559616K), 0.0017481 secs] [Times: user=0.01 sys=0.00, real=0.00 secs] 
3121.740: [GC (Allocation Failure) [PSYoungGen: 57341K->1504K(57856K)] 449285K->393448K(559616K), 0.0015476 secs] [Times: user=0.01 sys=0.00, real=0.00 secs] 
3121.972: [GC (Allocation Failure) [PSYoungGen: 57312K->1392K(57856K)] 449256K->393336K(559616K), 0.0015279 secs] [Times: user=0.01 sys=0.00, real=0.01 secs] 
3122.323: [GC (Allocation Failure) [PSYoungGen: 57200K->1408K(57856K)] 449144K->393352K(559616K), 0.0020048 secs] [Times: user=0.01 sys=0.00, real=0.01 secs] 
3122.715: [GC (Allocation Failure) [PSYoungGen: 57216K->1456K(57856K)] 449160K->393400K(559616K), 0.0028961 secs] [Times: user=0.01 sys=0.00, real=0.00 secs] 
3123.183: [GC (Allocation Failure) [PSYoungGen: 57264K->1408K(57856K)] 449208K->393352K(559616K), 0.0028880 secs] [Times: user=0.01 sys=0.00, real=0.00 secs] 
3123.843: [GC (Allocation Failure) [PSYoungGen: 57216K->1517K(57856K)] 449160K->393461K(559616K), 0.0017935 secs] [Times: user=0.01 sys=0.00, real=0.00 secs] 
3124.231: [GC (Allocation Failure) [PSYoungGen: 57325K->1565K(57856K)] 449269K->393525K(559616K), 0.0017802 secs] [Times: user=0.01 sys=0.00, real=0.00 secs] 
3124.558: [GC (Allocation Failure) [PSYoungGen: 57373K->1536K(57856K)] 449333K->393496K(559616K), 0.0019092 secs] [Times: user=0.01 sys=0.00, real=0.00 secs] 
3124.944: [GC (Allocation Failure) [PSYoungGen: 57344K->1565K(57856K)] 449304K->393525K(559616K), 0.0017833 secs] [Times: user=0.01 sys=0.00, real=0.00 secs] 
3125.384: [GC (Allocation Failure) [PSYoungGen: 57373K->1760K(57856K)] 449333K->393720K(559616K), 0.0021525 secs] [Times: user=0.01 sys=0.00, real=0.00 secs] 
3126.163: [GC (Allocation Failure) [PSYoungGen: 57568K->1440K(57856K)] 449528K->393400K(559616K), 0.0039516 secs] [Times: user=0.02 sys=0.00, real=0.00 secs] 
3126.668: [GC (Allocation Failure) [PSYoungGen: 57248K->1408K(57856K)] 449208K->393368K(559616K), 0.0040237 secs] [Times: user=0.02 sys=0.00, real=0.00 secs] 
3127.109: [GC (Allocation Failure) [PSYoungGen: 57216K->1408K(57856K)] 449176K->393368K(559616K), 0.0029270 secs] [Times: user=0.02 sys=0.00, real=0.00 secs] 
3127.542: [GC (Allocation Failure) [PSYoungGen: 57216K->1376K(57856K)] 449176K->393336K(559616K), 0.0028712 secs] [Times: user=0.01 sys=0.00, real=0.01 secs] 
3128.149: [GC (Allocation Failure) [PSYoungGen: 57184K->1485K(57856K)] 449144K->393445K(559616K), 0.0024708 secs] [Times: user=0.01 sys=0.00, real=0.00 secs] 
3128.528: [GC (Allocation Failure) [PSYoungGen: 57293K->1549K(57856K)] 449253K->393533K(559616K), 0.0017140 secs] [Times: user=0.01 sys=0.00, real=0.00 secs] 
3128.854: [GC (Allocation Failure) [PSYoungGen: 57357K->1565K(57856K)] 449341K->393549K(559616K), 0.0017390 secs] [Times: user=0.01 sys=0.00, real=0.00 secs] 
3129.183: [GC (Allocation Failure) [PSYoungGen: 57373K->1565K(57856K)] 449357K->393549K(559616K), 0.0017024 secs] [Times: user=0.01 sys=0.00, real=0.01 secs] 
3129.508: [GC (Allocation Failure) [PSYoungGen: 57373K->1613K(57856K)] 449357K->393597K(559616K), 0.0017279 secs] [Times: user=0.00 sys=0.00, real=0.00 secs] 
3130.196: [GC (Allocation Failure) [PSYoungGen: 57421K->1440K(57856K)] 449405K->393424K(559616K), 0.0021796 secs] [Times: user=0.01 sys=0.00, real=0.00 secs] 
3130.893: [GC (Allocation Failure) [PSYoungGen: 57248K->1344K(57856K)] 449232K->393328K(559616K), 0.0042541 secs] [Times: user=0.02 sys=0.00, real=0.01 secs] 
3131.382: [GC (Allocation Failure) [PSYoungGen: 57152K->1376K(57856K)] 449136K->393360K(559616K), 0.0028507 secs] [Times: user=0.01 sys=0.00, real=0.01 secs] 
3131.836: [GC (Allocation Failure) [PSYoungGen: 57184K->1408K(57856K)] 449168K->393392K(559616K), 0.0028237 secs] [Times: user=0.01 sys=0.00, real=0.00 secs] 
3132.212: [GC (Allocation Failure) [PSYoungGen: 57216K->1408K(57856K)] 449200K->393416K(559616K), 0.0028908 secs] [Times: user=0.01 sys=0.00, real=0.01 secs] 
3132.675: [GC (Allocation Failure) [PSYoungGen: 57216K->1469K(57856K)] 449224K->393493K(559616K), 0.0016375 secs] [Times: user=0.00 sys=0.00, real=0.00 secs] 
3133.009: [GC (Allocation Failure) [PSYoungGen: 57277K->1501K(57856K)] 449301K->393525K(559616K), 0.0017431 secs] [Times: user=0.00 sys=0.00, real=0.00 secs] 
3133.336: [GC (Allocation Failure) [PSYoungGen: 57309K->1565K(57856K)] 449333K->393589K(559616K), 0.0017581 secs] [Times: user=0.01 sys=0.00, real=0.00 secs] 
3133.662: [GC (Allocation Failure) [PSYoungGen: 57373K->1597K(57856K)] 449397K->393629K(559616K), 0.0018157 secs] [Times: user=0.00 sys=0.00, real=0.01 secs] 
3134.028: [GC (Allocation Failure) [PSYoungGen: 57405K->1440K(57856K)] 449437K->393472K(559616K), 0.0018989 secs] [Times: user=0.01 sys=0.00, real=0.00 secs] 
3134.439: [GC (Allocation Failure) [PSYoungGen: 57248K->1376K(57856K)] 449280K->393408K(559616K), 0.0021283 secs] [Times: user=0.00 sys=0.00, real=0.00 secs] 
3134.938: [GC (Allocation Failure) [PSYoungGen: 57184K->1408K(57856K)] 449216K->393440K(559616K), 0.0032419 secs] [Times: user=0.02 sys=0.00, real=0.00 secs] 
3135.278: [GC (Allocation Failure) [PSYoungGen: 57216K->1408K(57856K)] 449248K->393440K(559616K), 0.0023903 secs] [Times: user=0.01 sys=0.00, real=0.00 secs] 
3135.507: [GC (Allocation Failure) [PSYoungGen: 57216K->1440K(57856K)] 449248K->393472K(559616K), 0.0021925 secs] [Times: user=0.01 sys=0.00, real=0.00 secs] 
3135.784: [GC (Allocation Failure) [PSYoungGen: 57248K->1501K(57856K)] 449280K->393533K(559616K), 0.0017387 secs] [Times: user=0.00 sys=0.00, real=0.00 secs] 
3136.112: [GC (Allocation Failure) [PSYoungGen: 57298K->1501K(57856K)] 449330K->393549K(559616K), 0.0016628 secs] [Times: user=0.01 sys=0.00, real=0.01 secs] 
3136.442: [GC (Allocation Failure) [PSYoungGen: 57309K->1597K(57856K)] 449357K->393645K(559616K), 0.0018599 secs] [Times: user=0.00 sys=0.00, real=0.01 secs] 
3136.828: [GC (Allocation Failure) [PSYoungGen: 57405K->1565K(57856K)] 449453K->393613K(559616K), 0.0018227 secs] [Times: user=0.01 sys=0.00, real=0.00 secs] 
3137.155: [GC (Allocation Failure) [PSYoungGen: 57344K->1533K(57856K)] 449393K->393581K(559616K), 0.0017500 secs] [Times: user=0.00 sys=0.00, real=0.00 secs] 
3137.451: [GC (Allocation Failure) [PSYoungGen: 57341K->1440K(57856K)] 449389K->393488K(559616K), 0.0022735 secs] [Times: user=0.01 sys=0.00, real=0.01 secs] 
3137.683: [GC (Allocation Failure) [PSYoungGen: 57248K->1424K(57856K)] 449296K->393472K(559616K), 0.0021709 secs] [Times: user=0.01 sys=0.00, real=0.01 secs] 
3137.914: [GC (Allocation Failure) [PSYoungGen: 57232K->1408K(57856K)] 449280K->393456K(559616K), 0.0021786 secs] [Times: user=0.01 sys=0.00, real=0.00 secs] 
3138.146: [GC (Allocation Failure) [PSYoungGen: 57216K->1408K(57856K)] 449264K->393456K(559616K), 0.0021349 secs] [Times: user=0.01 sys=0.00, real=0.00 secs] 
3138.404: [GC (Allocation Failure) [PSYoungGen: 57216K->1408K(57856K)] 449264K->393456K(559616K), 0.0020143 secs] [Times: user=0.00 sys=0.00, real=0.00 secs] 
3138.811: [GC (Allocation Failure) [PSYoungGen: 57216K->1501K(57856K)] 449264K->393557K(559616K), 0.0016816 secs] [Times: user=0.01 sys=0.00, real=0.00 secs] 
3139.136: [GC (Allocation Failure) [PSYoungGen: 57309K->1565K(57856K)] 449365K->393621K(559616K), 0.0018841 secs] [Times: user=0.01 sys=0.00, real=0.00 secs] 
3139.464: [GC (Allocation Failure) [PSYoungGen: 57373K->1565K(57856K)] 449429K->393645K(559616K), 0.0016906 secs] [Times: user=0.01 sys=0.00, real=0.00 secs] 
3139.793: [GC (Allocation Failure) [PSYoungGen: 57373K->1565K(57856K)] 449453K->393645K(559616K), 0.0017231 secs] [Times: user=0.01 sys=0.00, real=0.01 secs] 
3140.181: [GC (Allocation Failure) [PSYoungGen: 57373K->1472K(57856K)] 449453K->393552K(559616K), 0.0031558 secs] [Times: user=0.01 sys=0.00, real=0.01 secs] 
3140.493: [GC (Allocation Failure) [PSYoungGen: 57280K->1376K(57856K)] 449360K->393464K(559616K), 0.0021432 secs] [Times: user=0.01 sys=0.00, real=0.00 secs] 
3140.725: [GC (Allocation Failure) [PSYoungGen: 57184K->1376K(57856K)] 449272K->393464K(559616K), 0.0021346 secs] [Times: user=0.01 sys=0.00, real=0.00 secs] 
3140.997: [GC (Allocation Failure) [PSYoungGen: 57184K->1376K(57856K)] 449272K->393464K(559616K), 0.0019824 secs] [Times: user=0.01 sys=0.00, real=0.00 secs] 
3141.368: [GC (Allocation Failure) [PSYoungGen: 57184K->1408K(57856K)] 449272K->393496K(559616K), 0.0022052 secs] [Times: user=0.01 sys=0.00, real=0.00 secs] 
3141.861: [GC (Allocation Failure) [PSYoungGen: 57213K->1485K(57856K)] 449301K->393573K(559616K), 0.0020264 secs] [Times: user=0.01 sys=0.00, real=0.01 secs] 
3142.197: [GC (Allocation Failure) [PSYoungGen: 57293K->1565K(57856K)] 449381K->393661K(559616K), 0.0017964 secs] [Times: user=0.01 sys=0.00, real=0.00 secs] 
3142.524: [GC (Allocation Failure) [PSYoungGen: 57373K->1565K(57856K)] 449469K->393661K(559616K), 0.0017185 secs] [Times: user=0.01 sys=0.00, real=0.00 secs] 
3142.854: [GC (Allocation Failure) [PSYoungGen: 57373K->1565K(57856K)] 449469K->393661K(559616K), 0.0017230 secs] [Times: user=0.01 sys=0.00, real=0.00 secs] 
3143.259: [GC (Allocation Failure) [PSYoungGen: 57373K->1968K(57856K)] 449469K->394064K(559616K), 0.0018130 secs] [Times: user=0.01 sys=0.00, real=0.00 secs] 
3143.513: [GC (Allocation Failure) [PSYoungGen: 57776K->1392K(57856K)] 449872K->393488K(559616K), 0.0027115 secs] [Times: user=0.01 sys=0.00, real=0.01 secs] 
3143.926: [GC (Allocation Failure) [PSYoungGen: 57200K->1408K(57856K)] 449296K->393504K(559616K), 0.0022072 secs] [Times: user=0.01 sys=0.00, real=0.00 secs] 
3144.406: [GC (Allocation Failure) [PSYoungGen: 57216K->1408K(57856K)] 449312K->393504K(559616K), 0.0022153 secs] [Times: user=0.01 sys=0.00, real=0.00 secs] 
3145.014: [GC (Allocation Failure) [PSYoungGen: 57216K->1376K(57856K)] 449312K->393472K(559616K), 0.0028257 secs] [Times: user=0.01 sys=0.00, real=0.00 secs] 
3145.737: [GC (Allocation Failure) [PSYoungGen: 57184K->1469K(57856K)] 449280K->393565K(559616K), 0.0027011 secs] [Times: user=0.01 sys=0.00, real=0.00 secs] 
3146.133: [GC (Allocation Failure) [PSYoungGen: 57277K->1536K(57856K)] 449373K->393640K(559616K), 0.0018007 secs] [Times: user=0.00 sys=0.00, real=0.01 secs] 
3146.459: [GC (Allocation Failure) [PSYoungGen: 57344K->1597K(57856K)] 449448K->393701K(559616K), 0.0017513 secs] [Times: user=0.00 sys=0.00, real=0.00 secs] 
3146.789: [GC (Allocation Failure) [PSYoungGen: 57405K->1533K(57856K)] 449509K->393637K(559616K), 0.0019275 secs] [Times: user=0.01 sys=0.00, real=0.00 secs] 
3147.116: [GC (Allocation Failure) [PSYoungGen: 57341K->1613K(57856K)] 449445K->393717K(559616K), 0.0017151 secs] [Times: user=0.00 sys=0.00, real=0.00 secs] 
3147.392: [GC (Allocation Failure) [PSYoungGen: 57421K->1376K(57856K)] 449525K->393480K(559616K), 0.0017624 secs] [Times: user=0.01 sys=0.00, real=0.01 secs] 
3147.624: [GC (Allocation Failure) [PSYoungGen: 57184K->1376K(57856K)] 449288K->393480K(559616K), 0.0016692 secs] [Times: user=0.01 sys=0.00, real=0.00 secs] 
3147.855: [GC (Allocation Failure) [PSYoungGen: 57184K->1360K(57856K)] 449288K->393464K(559616K), 0.0015420 secs] [Times: user=0.00 sys=0.01, real=0.00 secs] 
3148.086: [GC (Allocation Failure) [PSYoungGen: 57168K->1392K(57856K)] 449272K->393496K(559616K), 0.0016442 secs] [Times: user=0.01 sys=0.00, real=0.00 secs] 
3148.317: [GC (Allocation Failure) [PSYoungGen: 57200K->1408K(57856K)] 449304K->393512K(559616K), 0.0016528 secs] [Times: user=0.01 sys=0.00, real=0.00 secs] 
3148.627: [GC (Allocation Failure) [PSYoungGen: 57216K->1501K(57856K)] 449320K->393621K(559616K), 0.0016692 secs] [Times: user=0.01 sys=0.00, real=0.00 secs] 
3148.954: [GC (Allocation Failure) [PSYoungGen: 57309K->1581K(57856K)] 449429K->393701K(559616K), 0.0017430 secs] [Times: user=0.01 sys=0.00, real=0.00 secs] 
3149.281: [GC (Allocation Failure) [PSYoungGen: 57389K->1533K(57856K)] 449509K->393653K(559616K), 0.0017192 secs] [Times: user=0.01 sys=0.00, real=0.00 secs] 
3149.610: [GC (Allocation Failure) [PSYoungGen: 57341K->1581K(57856K)] 449461K->393701K(559616K), 0.0016951 secs] [Times: user=0.00 sys=0.01, real=0.00 secs] 
3150.360: [GC (Allocation Failure) [PSYoungGen: 57389K->1488K(57856K)] 449509K->393624K(559616K), 0.0030518 secs] [Times: user=0.01 sys=0.00, real=0.01 secs] 
3151.792: [GC (Allocation Failure) [PSYoungGen: 57296K->1376K(57856K)] 449432K->393512K(559616K), 0.0042802 secs] [Times: user=0.02 sys=0.00, real=0.01 secs] 
3152.174: [GC (Allocation Failure) [PSYoungGen: 57184K->1408K(57856K)] 449320K->393544K(559616K), 0.0029239 secs] [Times: user=0.01 sys=0.00, real=0.00 secs] 
3152.401: [GC (Allocation Failure) [PSYoungGen: 57216K->1376K(57856K)] 449352K->393512K(559616K), 0.0024155 secs] [Times: user=0.01 sys=0.00, real=0.01 secs] 
3152.644: [GC (Allocation Failure) [PSYoungGen: 57184K->1376K(57856K)] 449320K->393512K(559616K), 0.0023357 secs] [Times: user=0.01 sys=0.00, real=0.00 secs] 
3153.184: [GC (Allocation Failure) [PSYoungGen: 57184K->1501K(57856K)] 449320K->393637K(559616K), 0.0022940 secs] [Times: user=0.01 sys=0.00, real=0.00 secs] 
3153.556: [GC (Allocation Failure) [PSYoungGen: 57309K->1597K(57856K)] 449445K->393749K(559616K), 0.0018143 secs] [Times: user=0.01 sys=0.00, real=0.00 secs] 
3153.883: [GC (Allocation Failure) [PSYoungGen: 57405K->1584K(57856K)] 449557K->393736K(559616K), 0.0018629 secs] [Times: user=0.01 sys=0.00, real=0.00 secs] 
3154.273: [GC (Allocation Failure) [PSYoungGen: 57392K->1501K(57856K)] 449544K->393653K(559616K), 0.0018384 secs] [Times: user=0.00 sys=0.00, real=0.00 secs] 
3154.602: [GC (Allocation Failure) [PSYoungGen: 57309K->1533K(57856K)] 449461K->393685K(559616K), 0.0018075 secs] [Times: user=0.01 sys=0.00, real=0.01 secs] 
3155.824: [GC (Allocation Failure) [PSYoungGen: 57341K->1440K(57856K)] 449493K->393592K(559616K), 0.0041536 secs] [Times: user=0.02 sys=0.00, real=0.00 secs] 
3156.079: [GC (Allocation Failure) [PSYoungGen: 57248K->1408K(57856K)] 449400K->393560K(559616K), 0.0026284 secs] [Times: user=0.01 sys=0.00, real=0.00 secs] 
3156.312: [GC (Allocation Failure) [PSYoungGen: 57216K->1440K(57856K)] 449368K->393592K(559616K), 0.0021691 secs] [Times: user=0.01 sys=0.00, real=0.01 secs] 
3156.544: [GC (Allocation Failure) [PSYoungGen: 57248K->1408K(57856K)] 449400K->393560K(559616K), 0.0021793 secs] [Times: user=0.01 sys=0.00, real=0.00 secs] 
3156.775: [GC (Allocation Failure) [PSYoungGen: 57216K->1440K(57856K)] 449368K->393592K(559616K), 0.0020920 secs] [Times: user=0.01 sys=0.00, real=0.00 secs] 
3157.120: [GC (Allocation Failure) [PSYoungGen: 57248K->1504K(57856K)] 449400K->393672K(559616K), 0.0016976 secs] [Times: user=0.00 sys=0.00, real=0.00 secs] 
3157.499: [GC (Allocation Failure) [PSYoungGen: 57312K->1533K(57856K)] 449480K->393701K(559616K), 0.0017706 secs] [Times: user=0.00 sys=0.00, real=0.00 secs] 
3157.827: [GC (Allocation Failure) [PSYoungGen: 57341K->1565K(57856K)] 449509K->393733K(559616K), 0.0017377 secs] [Times: user=0.00 sys=0.00, real=0.00 secs] 
3158.215: [GC (Allocation Failure) [PSYoungGen: 57347K->1565K(57856K)] 449515K->393733K(559616K), 0.0017966 secs] [Times: user=0.00 sys=0.00, real=0.00 secs] 
3158.588: [GC (Allocation Failure) [PSYoungGen: 57373K->1504K(57856K)] 449541K->393672K(559616K), 0.0027595 secs] [Times: user=0.01 sys=0.00, real=0.00 secs] 
3158.826: [GC (Allocation Failure) [PSYoungGen: 57312K->1408K(57856K)] 449480K->393576K(559616K), 0.0020459 secs] [Times: user=0.01 sys=0.00, real=0.00 secs] 
3159.058: [GC (Allocation Failure) [PSYoungGen: 57216K->1376K(57856K)] 449384K->393544K(559616K), 0.0021688 secs] [Times: user=0.01 sys=0.00, real=0.00 secs] 
3159.383: [GC (Allocation Failure) [PSYoungGen: 57184K->1408K(57856K)] 449352K->393576K(559616K), 0.0022189 secs] [Times: user=0.01 sys=0.00, real=0.00 secs] 
3159.616: [GC (Allocation Failure) [PSYoungGen: 57216K->1376K(57856K)] 449384K->393544K(559616K), 0.0021594 secs] [Times: user=0.01 sys=0.00, real=0.00 secs] 
3159.950: [GC (Allocation Failure) [PSYoungGen: 57184K->1437K(57856K)] 449352K->393605K(559616K), 0.0017250 secs] [Times: user=0.00 sys=0.00, real=0.00 secs] 
3160.277: [GC (Allocation Failure) [PSYoungGen: 57245K->1581K(57856K)] 449413K->393773K(559616K), 0.0017769 secs] [Times: user=0.00 sys=0.00, real=0.00 secs] 
3160.607: [GC (Allocation Failure) [PSYoungGen: 57389K->1552K(57856K)] 449581K->393744K(559616K), 0.0015993 secs] [Times: user=0.01 sys=0.00, real=0.00 secs] 
3160.934: [GC (Allocation Failure) [PSYoungGen: 57360K->1565K(57856K)] 449552K->393757K(559616K), 0.0017632 secs] [Times: user=0.01 sys=0.00, real=0.00 secs] 
3161.288: [GC (Allocation Failure) [PSYoungGen: 57373K->1952K(57856K)] 449565K->394144K(559616K), 0.0021198 secs] [Times: user=0.01 sys=0.00, real=0.00 secs] 
3161.525: [GC (Allocation Failure) [PSYoungGen: 57760K->1376K(57856K)] 449952K->393568K(559616K), 0.0020045 secs] [Times: user=0.01 sys=0.00, real=0.00 secs] 
3161.757: [GC (Allocation Failure) [PSYoungGen: 57184K->1392K(57856K)] 449376K->393584K(559616K), 0.0019820 secs] [Times: user=0.00 sys=0.00, real=0.00 secs] 
3162.031: [GC (Allocation Failure) [PSYoungGen: 57200K->1440K(57856K)] 449392K->393632K(559616K), 0.0020311 secs] [Times: user=0.01 sys=0.00, real=0.01 secs] 
3162.263: [GC (Allocation Failure) [PSYoungGen: 57248K->1376K(57856K)] 449440K->393568K(559616K), 0.0020699 secs] [Times: user=0.00 sys=0.00, real=0.00 secs] 
3162.539: [GC (Allocation Failure) [PSYoungGen: 57170K->1440K(57856K)] 449362K->393632K(559616K), 0.0020109 secs] [Times: user=0.01 sys=0.00, real=0.00 secs] 
3162.871: [GC (Allocation Failure) [PSYoungGen: 57248K->1549K(57856K)] 449440K->393749K(559616K), 0.0018730 secs] [Times: user=0.01 sys=0.00, real=0.01 secs] 
3163.200: [GC (Allocation Failure) [PSYoungGen: 57357K->1629K(57856K)] 449557K->393829K(559616K), 0.0018321 secs] [Times: user=0.00 sys=0.00, real=0.00 secs] 
3163.529: [GC (Allocation Failure) [PSYoungGen: 57437K->1581K(57856K)] 449637K->393781K(559616K), 0.0016585 secs] [Times: user=0.00 sys=0.01, real=0.00 secs] 
3163.865: [GC (Allocation Failure) [PSYoungGen: 57389K->1597K(57856K)] 449589K->393797K(559616K), 0.0017333 secs] [Times: user=0.01 sys=0.00, real=0.00 secs] 
3164.153: [GC (Allocation Failure) [PSYoungGen: 57405K->1424K(57856K)] 449605K->393624K(559616K), 0.0018201 secs] [Times: user=0.01 sys=0.00, real=0.00 secs] 
3164.408: [GC (Allocation Failure) [PSYoungGen: 57232K->1408K(57856K)] 449432K->393608K(559616K), 0.0019601 secs] [Times: user=0.01 sys=0.00, real=0.00 secs] 
3164.640: [GC (Allocation Failure) [PSYoungGen: 57216K->1424K(57856K)] 449416K->393624K(559616K), 0.0019862 secs] [Times: user=0.01 sys=0.00, real=0.00 secs] 
3164.872: [GC (Allocation Failure) [PSYoungGen: 57232K->1408K(57856K)] 449432K->393608K(559616K), 0.0030347 secs] [Times: user=0.01 sys=0.00, real=0.01 secs] 
3165.105: [GC (Allocation Failure) [PSYoungGen: 57216K->1408K(57856K)] 449416K->393608K(559616K), 0.0027249 secs] [Times: user=0.01 sys=0.00, real=0.00 secs] 
3165.444: [GC (Allocation Failure) [PSYoungGen: 57216K->1501K(57856K)] 449416K->393725K(559616K), 0.0017830 secs] [Times: user=0.00 sys=0.00, real=0.00 secs] 
3165.770: [GC (Allocation Failure) [PSYoungGen: 57309K->1565K(57856K)] 449533K->393789K(559616K), 0.0018334 secs] [Times: user=0.01 sys=0.00, real=0.00 secs] 
3166.098: [GC (Allocation Failure) [PSYoungGen: 57373K->1565K(57856K)] 449597K->393789K(559616K), 0.0017492 secs] [Times: user=0.01 sys=0.00, real=0.00 secs] 
3166.424: [GC (Allocation Failure) [PSYoungGen: 57373K->1597K(57856K)] 449597K->393821K(559616K), 0.0018625 secs] [Times: user=0.01 sys=0.00, real=0.00 secs] 
3166.772: [GC (Allocation Failure) [PSYoungGen: 57405K->1472K(57856K)] 449629K->393696K(559616K), 0.0020043 secs] [Times: user=0.01 sys=0.00, real=0.01 secs] 
3167.065: [GC (Allocation Failure) [PSYoungGen: 57280K->1376K(57856K)] 449504K->393600K(559616K), 0.0020294 secs] [Times: user=0.01 sys=0.00, real=0.00 secs] 
3167.520: [GC (Allocation Failure) [PSYoungGen: 57184K->1408K(57856K)] 449408K->393632K(559616K), 0.0020993 secs] [Times: user=0.01 sys=0.00, real=0.00 secs] 
3168.051: [GC (Allocation Failure) [PSYoungGen: 57216K->1376K(57856K)] 449440K->393600K(559616K), 0.0024761 secs] [Times: user=0.02 sys=0.00, real=0.01 secs] 
3168.505: [GC (Allocation Failure) [PSYoungGen: 57184K->1376K(57856K)] 449408K->393600K(559616K), 0.0023911 secs] [Times: user=0.01 sys=0.00, real=0.00 secs] 
3168.949: [GC (Allocation Failure) [PSYoungGen: 57184K->1485K(57856K)] 449408K->393709K(559616K), 0.0017006 secs] [Times: user=0.01 sys=0.00, real=0.00 secs] 
3169.273: [GC (Allocation Failure) [PSYoungGen: 57293K->1597K(57856K)] 449517K->393837K(559616K), 0.0018338 secs] [Times: user=0.00 sys=0.00, real=0.01 secs] 
3169.598: [GC (Allocation Failure) [PSYoungGen: 57405K->1565K(57856K)] 449645K->393805K(559616K), 0.0017695 secs] [Times: user=0.00 sys=0.00, real=0.00 secs] 
3169.928: [GC (Allocation Failure) [PSYoungGen: 57373K->1501K(57856K)] 449613K->393741K(559616K), 0.0017474 secs] [Times: user=0.01 sys=0.00, real=0.00 secs] 
3170.257: [GC (Allocation Failure) [PSYoungGen: 57280K->1549K(57856K)] 449521K->393813K(559616K), 0.0017600 secs] [Times: user=0.01 sys=0.00, real=0.00 secs] 
3170.547: [GC (Allocation Failure) [PSYoungGen: 57357K->1408K(57856K)] 449621K->393672K(559616K), 0.0020113 secs] [Times: user=0.01 sys=0.00, real=0.00 secs] 
3170.779: [GC (Allocation Failure) [PSYoungGen: 57216K->1376K(57856K)] 449480K->393640K(559616K), 0.0023734 secs] [Times: user=0.01 sys=0.00, real=0.00 secs] 
3171.044: [GC (Allocation Failure) [PSYoungGen: 57184K->1408K(57856K)] 449448K->393672K(559616K), 0.0023203 secs] [Times: user=0.01 sys=0.00, real=0.00 secs] 
3171.331: [GC (Allocation Failure) [PSYoungGen: 57216K->1376K(57856K)] 449480K->393640K(559616K), 0.0023524 secs] [Times: user=0.01 sys=0.01, real=0.01 secs] 
3171.569: [GC (Allocation Failure) [PSYoungGen: 57184K->1312K(57856K)] 449448K->393576K(559616K), 0.0022333 secs] [Times: user=0.01 sys=0.00, real=0.00 secs] 
3171.938: [GC (Allocation Failure) [PSYoungGen: 57088K->1517K(57856K)] 449352K->393797K(559616K), 0.0019816 secs] [Times: user=0.01 sys=0.00, real=0.00 secs] 
3172.321: [GC (Allocation Failure) [PSYoungGen: 57325K->1517K(57856K)] 449605K->393797K(559616K), 0.0017659 secs] [Times: user=0.00 sys=0.00, real=0.00 secs] 
3172.647: [GC (Allocation Failure) [PSYoungGen: 57325K->1549K(57856K)] 449605K->393829K(559616K), 0.0017030 secs] [Times: user=0.01 sys=0.00, real=0.00 secs] 
3172.976: [GC (Allocation Failure) [PSYoungGen: 57357K->1565K(57856K)] 449637K->393845K(559616K), 0.0017781 secs] [Times: user=0.01 sys=0.00, real=0.00 secs] 
3173.250: [GC (Allocation Failure) [PSYoungGen: 57373K->1440K(57856K)] 449653K->393720K(559616K), 0.0024733 secs] [Times: user=0.01 sys=0.00, real=0.00 secs] 
3173.501: [GC (Allocation Failure) [PSYoungGen: 57248K->1376K(57856K)] 449528K->393656K(559616K), 0.0022394 secs] [Times: user=0.01 sys=0.00, real=0.01 secs] 
3173.832: [GC (Allocation Failure) [PSYoungGen: 57184K->1376K(57856K)] 449464K->393656K(559616K), 0.0029479 secs] [Times: user=0.01 sys=0.00, real=0.01 secs] 
3174.249: [GC (Allocation Failure) [PSYoungGen: 57184K->1392K(57856K)] 449464K->393672K(559616K), 0.0020006 secs] [Times: user=0.00 sys=0.00, real=0.00 secs] 
3174.694: [GC (Allocation Failure) [PSYoungGen: 57200K->1376K(57856K)] 449480K->393656K(559616K), 0.0022370 secs] [Times: user=0.01 sys=0.00, real=0.00 secs] 
3175.170: [GC (Allocation Failure) [PSYoungGen: 57184K->1501K(57856K)] 449464K->393781K(559616K), 0.0016410 secs] [Times: user=0.01 sys=0.00, real=0.00 secs] 
3175.500: [GC (Allocation Failure) [PSYoungGen: 57309K->1549K(57856K)] 449589K->393845K(559616K), 0.0017321 secs] [Times: user=0.01 sys=0.00, real=0.00 secs] 
3175.826: [GC (Allocation Failure) [PSYoungGen: 57357K->1597K(57856K)] 449653K->393893K(559616K), 0.0017230 secs] [Times: user=0.01 sys=0.00, real=0.00 secs] 
3176.155: [GC (Allocation Failure) [PSYoungGen: 57405K->1565K(57856K)] 449701K->393861K(559616K), 0.0017036 secs] [Times: user=0.01 sys=0.00, real=0.00 secs] 
3176.511: [GC (Allocation Failure) [PSYoungGen: 57373K->1952K(57856K)] 449669K->394248K(559616K), 0.0020002 secs] [Times: user=0.01 sys=0.00, real=0.00 secs] 
3176.908: [GC (Allocation Failure) [PSYoungGen: 57760K->1392K(57856K)] 450056K->393688K(559616K), 0.0022056 secs] [Times: user=0.01 sys=0.01, real=0.00 secs] 
3177.311: [GC (Allocation Failure) [PSYoungGen: 57200K->1408K(57856K)] 449496K->393704K(559616K), 0.0020640 secs] [Times: user=0.01 sys=0.00, real=0.01 secs] 
3177.973: [GC (Allocation Failure) [PSYoungGen: 57216K->1408K(57856K)] 449512K->393704K(559616K), 0.0028341 secs] [Times: user=0.01 sys=0.00, real=0.01 secs] 
3178.810: [GC (Allocation Failure) [PSYoungGen: 57216K->1376K(57856K)] 449512K->393672K(559616K), 0.0028392 secs] [Times: user=0.01 sys=0.00, real=0.01 secs] 
3179.666: [GC (Allocation Failure) [PSYoungGen: 57184K->1469K(57856K)] 449480K->393765K(559616K), 0.0029043 secs] [Times: user=0.02 sys=0.00, real=0.00 secs] 
3180.068: [GC (Allocation Failure) [PSYoungGen: 57277K->1597K(57856K)] 449573K->393901K(559616K), 0.0017011 secs] [Times: user=0.01 sys=0.00, real=0.00 secs] 
3180.398: [GC (Allocation Failure) [PSYoungGen: 57405K->1629K(57856K)] 449709K->393933K(559616K), 0.0016995 secs] [Times: user=0.01 sys=0.00, real=0.00 secs] 
3180.729: [GC (Allocation Failure) [PSYoungGen: 57437K->1613K(57856K)] 449741K->393917K(559616K), 0.0017025 secs] [Times: user=0.01 sys=0.00, real=0.00 secs] 
3181.058: [GC (Allocation Failure) [PSYoungGen: 57421K->1581K(57856K)] 449725K->393885K(559616K), 0.0018200 secs] [Times: user=0.00 sys=0.00, real=0.00 secs] 
3181.475: [GC (Allocation Failure) [PSYoungGen: 57389K->1440K(57856K)] 449693K->393744K(559616K), 0.0021304 secs] [Times: user=0.01 sys=0.00, real=0.00 secs] 
3181.707: [GC (Allocation Failure) [PSYoungGen: 57248K->1376K(57856K)] 449552K->393696K(559616K), 0.0020511 secs] [Times: user=0.01 sys=0.00, real=0.00 secs] 
3181.940: [GC (Allocation Failure) [PSYoungGen: 57184K->1376K(57856K)] 449504K->393696K(559616K), 0.0022387 secs] [Times: user=0.01 sys=0.00, real=0.00 secs] 
3182.172: [GC (Allocation Failure) [PSYoungGen: 57184K->1344K(57856K)] 449504K->393664K(559616K), 0.0023762 secs] [Times: user=0.01 sys=0.00, real=0.01 secs] 
3182.574: [GC (Allocation Failure) [PSYoungGen: 57152K->1376K(57856K)] 449472K->393696K(559616K), 0.0026043 secs] [Times: user=0.01 sys=0.00, real=0.00 secs] 
3183.081: [GC (Allocation Failure) [PSYoungGen: 57184K->1501K(57856K)] 449504K->393837K(559616K), 0.0017251 secs] [Times: user=0.01 sys=0.00, real=0.00 secs] 
3183.408: [GC (Allocation Failure) [PSYoungGen: 57309K->1565K(57856K)] 449645K->393901K(559616K), 0.0018527 secs] [Times: user=0.01 sys=0.00, real=0.00 secs] 
3183.734: [GC (Allocation Failure) [PSYoungGen: 57373K->1533K(57856K)] 449709K->393869K(559616K), 0.0017754 secs] [Times: user=0.01 sys=0.00, real=0.00 secs] 
3184.061: [GC (Allocation Failure) [PSYoungGen: 57341K->1565K(57856K)] 449677K->393901K(559616K), 0.0021441 secs] [Times: user=0.00 sys=0.00, real=0.01 secs] 
3184.424: [GC (Allocation Failure) [PSYoungGen: 57373K->1440K(57856K)] 449709K->393776K(559616K), 0.0021872 secs] [Times: user=0.00 sys=0.00, real=0.00 secs] 
3184.656: [GC (Allocation Failure) [PSYoungGen: 57248K->1392K(57856K)] 449584K->393728K(559616K), 0.0020038 secs] [Times: user=0.01 sys=0.00, real=0.00 secs] 
3184.888: [GC (Allocation Failure) [PSYoungGen: 57200K->1408K(57856K)] 449536K->393744K(559616K), 0.0020444 secs] [Times: user=0.00 sys=0.00, real=0.00 secs] 
3185.127: [GC (Allocation Failure) [PSYoungGen: 57216K->1376K(57856K)] 449552K->393712K(559616K), 0.0028028 secs] [Times: user=0.02 sys=0.00, real=0.00 secs] 
3185.444: [GC (Allocation Failure) [PSYoungGen: 57184K->1392K(57856K)] 449520K->393728K(559616K), 0.0024925 secs] [Times: user=0.01 sys=0.00, real=0.00 secs] 
3185.729: [GC (Allocation Failure) [PSYoungGen: 57200K->1504K(57856K)] 449536K->393840K(559616K), 0.0015596 secs] [Times: user=0.01 sys=0.00, real=0.00 secs] 
3186.117: [GC (Allocation Failure) [PSYoungGen: 57312K->1597K(57856K)] 449648K->393949K(559616K), 0.0017655 secs] [Times: user=0.01 sys=0.00, real=0.00 secs] 
3186.443: [GC (Allocation Failure) [PSYoungGen: 57405K->1565K(57856K)] 449757K->393917K(559616K), 0.0017418 secs] [Times: user=0.00 sys=0.00, real=0.00 secs] 
3186.770: [GC (Allocation Failure) [PSYoungGen: 57373K->1533K(57856K)] 449725K->393885K(559616K), 0.0017362 secs] [Times: user=0.00 sys=0.00, real=0.00 secs] 
3187.096: [GC (Allocation Failure) [PSYoungGen: 57341K->1600K(57856K)] 449693K->393952K(559616K), 0.0017332 secs] [Times: user=0.01 sys=0.00, real=0.00 secs] 
3187.349: [GC (Allocation Failure) [PSYoungGen: 57408K->1440K(57856K)] 449760K->393792K(559616K), 0.0018710 secs] [Times: user=0.00 sys=0.00, real=0.00 secs] 
3187.581: [GC (Allocation Failure) [PSYoungGen: 57248K->1376K(57856K)] 449600K->393728K(559616K), 0.0018208 secs] [Times: user=0.01 sys=0.00, real=0.00 secs] 
3187.833: [GC (Allocation Failure) [PSYoungGen: 57184K->1376K(57856K)] 449536K->393728K(559616K), 0.0018854 secs] [Times: user=0.01 sys=0.00, real=0.01 secs] 
3188.064: [GC (Allocation Failure) [PSYoungGen: 57184K->1424K(57856K)] 449536K->393776K(559616K), 0.0021929 secs] [Times: user=0.01 sys=0.00, real=0.00 secs] 
3188.296: [GC (Allocation Failure) [PSYoungGen: 57232K->1376K(57856K)] 449584K->393728K(559616K), 0.0020713 secs] [Times: user=0.01 sys=0.00, real=0.00 secs] 
3188.654: [GC (Allocation Failure) [PSYoungGen: 57184K->1549K(57856K)] 449536K->393917K(559616K), 0.0017067 secs] [Times: user=0.01 sys=0.00, real=0.00 secs] 
3188.981: [GC (Allocation Failure) [PSYoungGen: 57357K->1565K(57856K)] 449725K->393933K(559616K), 0.0018023 secs] [Times: user=0.01 sys=0.00, real=0.00 secs] 
3189.309: [GC (Allocation Failure) [PSYoungGen: 57373K->1565K(57856K)] 449741K->393949K(559616K), 0.0018095 secs] [Times: user=0.01 sys=0.00, real=0.00 secs] 
3189.635: [GC (Allocation Failure) [PSYoungGen: 57373K->1613K(57856K)] 449757K->393997K(559616K), 0.0017477 secs] [Times: user=0.01 sys=0.00, real=0.00 secs] 
3190.534: [GC (Allocation Failure) [PSYoungGen: 57421K->1408K(57856K)] 449805K->393792K(559616K), 0.0026570 secs] [Times: user=0.02 sys=0.00, real=0.00 secs] 
3191.010: [GC (Allocation Failure) [PSYoungGen: 57216K->1376K(57856K)] 449600K->393760K(559616K), 0.0022147 secs] [Times: user=0.01 sys=0.00, real=0.00 secs] 
3191.243: [GC (Allocation Failure) [PSYoungGen: 57184K->1408K(57856K)] 449568K->393792K(559616K), 0.0022144 secs] [Times: user=0.01 sys=0.00, real=0.01 secs] 
3191.475: [GC (Allocation Failure) [PSYoungGen: 57216K->1344K(57856K)] 449600K->393728K(559616K), 0.0021682 secs] [Times: user=0.01 sys=0.00, real=0.00 secs] 
3191.749: [GC (Allocation Failure) [PSYoungGen: 57152K->1360K(57856K)] 449536K->393744K(559616K), 0.0021917 secs] [Times: user=0.01 sys=0.00, real=0.00 secs] 
3192.112: [GC (Allocation Failure) [PSYoungGen: 57168K->1501K(57856K)] 449552K->393885K(559616K), 0.0018169 secs] [Times: user=0.01 sys=0.00, real=0.01 secs] 
3192.436: [GC (Allocation Failure) [PSYoungGen: 57309K->1581K(57856K)] 449693K->393981K(559616K), 0.0017758 secs] [Times: user=0.00 sys=0.00, real=0.00 secs] 
3192.763: [GC (Allocation Failure) [PSYoungGen: 57389K->1565K(57856K)] 449789K->393965K(559616K), 0.0019163 secs] [Times: user=0.01 sys=0.00, real=0.01 secs] 
3193.146: [GC (Allocation Failure) [PSYoungGen: 57373K->1533K(57856K)] 449773K->393933K(559616K), 0.0017828 secs] [Times: user=0.01 sys=0.00, real=0.00 secs] 
3193.504: [GC (Allocation Failure) [PSYoungGen: 57341K->1984K(57856K)] 449741K->394384K(559616K), 0.0021403 secs] [Times: user=0.01 sys=0.00, real=0.00 secs] 
3193.811: [GC (Allocation Failure) [PSYoungGen: 57792K->1344K(57856K)] 450192K->393744K(559616K), 0.0022505 secs] [Times: user=0.01 sys=0.00, real=0.01 secs] 
3194.044: [GC (Allocation Failure) [PSYoungGen: 57152K->1344K(57856K)] 449552K->393744K(559616K), 0.0023512 secs] [Times: user=0.00 sys=0.00, real=0.00 secs] 
3194.276: [GC (Allocation Failure) [PSYoungGen: 57152K->1408K(57856K)] 449552K->393808K(559616K), 0.0024126 secs] [Times: user=0.01 sys=0.00, real=0.00 secs] 
3194.577: [GC (Allocation Failure) [PSYoungGen: 57216K->1344K(57856K)] 449616K->393744K(559616K), 0.0020100 secs] [Times: user=0.01 sys=0.00, real=0.00 secs] 
3194.938: [GC (Allocation Failure) [PSYoungGen: 57152K->1469K(57856K)] 449552K->393869K(559616K), 0.0016908 secs] [Times: user=0.01 sys=0.00, real=0.00 secs] 
3195.264: [GC (Allocation Failure) [PSYoungGen: 57277K->1629K(57856K)] 449677K->394045K(559616K), 0.0018271 secs] [Times: user=0.01 sys=0.00, real=0.00 secs] 
3195.657: [GC (Allocation Failure) [PSYoungGen: 57437K->1568K(57856K)] 449853K->393984K(559616K), 0.0017994 secs] [Times: user=0.01 sys=0.00, real=0.00 secs] 
3195.986: [GC (Allocation Failure) [PSYoungGen: 57376K->1533K(57856K)] 449792K->393949K(559616K), 0.0017850 secs] [Times: user=0.00 sys=0.00, real=0.00 secs] 
3196.316: [GC (Allocation Failure) [PSYoungGen: 57341K->1565K(57856K)] 449757K->393981K(559616K), 0.0019661 secs] [Times: user=0.01 sys=0.00, real=0.00 secs] 
3196.677: [GC (Allocation Failure) [PSYoungGen: 57373K->1440K(57856K)] 449789K->393856K(559616K), 0.0034736 secs] [Times: user=0.01 sys=0.00, real=0.00 secs] 
3197.093: [GC (Allocation Failure) [PSYoungGen: 57248K->1408K(57856K)] 449664K->393824K(559616K), 0.0035071 secs] [Times: user=0.01 sys=0.00, real=0.01 secs] 
3197.559: [GC (Allocation Failure) [PSYoungGen: 57216K->1424K(57856K)] 449632K->393840K(559616K), 0.0041151 secs] [Times: user=0.01 sys=0.00, real=0.01 secs] 
3198.018: [GC (Allocation Failure) [PSYoungGen: 57232K->1376K(57856K)] 449648K->393792K(559616K), 0.0034273 secs] [Times: user=0.01 sys=0.00, real=0.00 secs] 
3198.463: [GC (Allocation Failure) [PSYoungGen: 57184K->1376K(57856K)] 449600K->393792K(559616K), 0.0027892 secs] [Times: user=0.01 sys=0.00, real=0.01 secs] 
3198.912: [GC (Allocation Failure) [PSYoungGen: 57184K->1469K(57856K)] 449600K->393893K(559616K), 0.0016323 secs] [Times: user=0.00 sys=0.00, real=0.01 secs] 
3199.237: [GC (Allocation Failure) [PSYoungGen: 57277K->1536K(57856K)] 449701K->393960K(559616K), 0.0017636 secs] [Times: user=0.01 sys=0.00, real=0.00 secs] 
3199.563: [GC (Allocation Failure) [PSYoungGen: 57344K->1581K(57856K)] 449768K->394005K(559616K), 0.0017354 secs] [Times: user=0.01 sys=0.00, real=0.01 secs] 
3199.892: [GC (Allocation Failure) [PSYoungGen: 57389K->1568K(57856K)] 449813K->393992K(559616K), 0.0018630 secs] [Times: user=0.00 sys=0.00, real=0.01 secs] 
3200.272: [GC (Allocation Failure) [PSYoungGen: 57376K->1472K(57856K)] 449800K->393896K(559616K), 0.0021805 secs] [Times: user=0.01 sys=0.00, real=0.01 secs] 
3200.711: [GC (Allocation Failure) [PSYoungGen: 57280K->1376K(57856K)] 449704K->393808K(559616K), 0.0018928 secs] [Times: user=0.00 sys=0.00, real=0.01 secs] 
3201.300: [GC (Allocation Failure) [PSYoungGen: 57184K->1344K(57856K)] 449616K->393776K(559616K), 0.0020277 secs] [Times: user=0.01 sys=0.00, real=0.00 secs] 
3201.888: [GC (Allocation Failure) [PSYoungGen: 57152K->1424K(57856K)] 449584K->393856K(559616K), 0.0020651 secs] [Times: user=0.00 sys=0.00, real=0.00 secs] 
3202.281: [GC (Allocation Failure) [PSYoungGen: 57232K->1408K(57856K)] 449664K->393840K(559616K), 0.0020722 secs] [Times: user=0.01 sys=0.00, real=0.01 secs] 
3202.672: [GC (Allocation Failure) [PSYoungGen: 57216K->1469K(57856K)] 449648K->393901K(559616K), 0.0016066 secs] [Times: user=0.00 sys=0.00, real=0.01 secs] 
3202.998: [GC (Allocation Failure) [PSYoungGen: 57277K->1533K(57856K)] 449709K->393981K(559616K), 0.0016669 secs] [Times: user=0.01 sys=0.00, real=0.00 secs] 
3203.324: [GC (Allocation Failure) [PSYoungGen: 57341K->1565K(57856K)] 449789K->394013K(559616K), 0.0017264 secs] [Times: user=0.01 sys=0.00, real=0.00 secs] 
3203.651: [GC (Allocation Failure) [PSYoungGen: 57373K->1517K(57856K)] 449821K->393965K(559616K), 0.0018567 secs] [Times: user=0.01 sys=0.00, real=0.00 secs] 
3203.981: [GC (Allocation Failure) [PSYoungGen: 57325K->1581K(57856K)] 449773K->394029K(559616K), 0.0017751 secs] [Times: user=0.00 sys=0.00, real=0.00 secs] 
3204.654: [GC (Allocation Failure) [PSYoungGen: 57389K->1408K(57856K)] 449837K->393856K(559616K), 0.0019502 secs] [Times: user=0.01 sys=0.00, real=0.00 secs] 
3205.359: [GC (Allocation Failure) [PSYoungGen: 57216K->1408K(57856K)] 449664K->393856K(559616K), 0.0020520 secs] [Times: user=0.01 sys=0.00, real=0.00 secs] 
3206.045: [GC (Allocation Failure) [PSYoungGen: 57216K->1408K(57856K)] 449664K->393856K(559616K), 0.0020025 secs] [Times: user=0.01 sys=0.00, real=0.00 secs] 
3206.459: [GC (Allocation Failure) [PSYoungGen: 57216K->1392K(57856K)] 449664K->393840K(559616K), 0.0020145 secs] [Times: user=0.01 sys=0.00, real=0.00 secs] 
3206.845: [GC (Allocation Failure) [PSYoungGen: 57200K->1408K(57856K)] 449648K->393856K(559616K), 0.0019569 secs] [Times: user=0.01 sys=0.00, real=0.00 secs] 
3207.215: [GC (Allocation Failure) [PSYoungGen: 57216K->1533K(57856K)] 449664K->393997K(559616K), 0.0017917 secs] [Times: user=0.01 sys=0.00, real=0.00 secs] 
3207.540: [GC (Allocation Failure) [PSYoungGen: 57341K->1565K(57856K)] 449805K->394029K(559616K), 0.0016524 secs] [Times: user=0.01 sys=0.00, real=0.00 secs] 
3207.932: [GC (Allocation Failure) [PSYoungGen: 57373K->1565K(57856K)] 449837K->394029K(559616K), 0.0018770 secs] [Times: user=0.00 sys=0.00, real=0.01 secs] 
3208.260: [GC (Allocation Failure) [PSYoungGen: 57373K->1565K(57856K)] 449837K->394029K(559616K), 0.0018054 secs] [Times: user=0.00 sys=0.00, real=0.00 secs] 
3208.630: [GC (Allocation Failure) [PSYoungGen: 57373K->1504K(57856K)] 449837K->393968K(559616K), 0.0030187 secs] [Times: user=0.02 sys=0.00, real=0.01 secs] 
3209.015: [GC (Allocation Failure) [PSYoungGen: 57312K->1408K(57856K)] 449776K->393872K(559616K), 0.0028838 secs] [Times: user=0.01 sys=0.00, real=0.00 secs] 
3209.402: [GC (Allocation Failure) [PSYoungGen: 57216K->1408K(57856K)] 449680K->393872K(559616K), 0.0028381 secs] [Times: user=0.01 sys=0.00, real=0.01 secs] 
3209.793: [GC (Allocation Failure) [PSYoungGen: 57216K->1376K(57856K)] 449680K->393840K(559616K), 0.0028154 secs] [Times: user=0.01 sys=0.00, real=0.01 secs] 
3210.188: [GC (Allocation Failure) [PSYoungGen: 57184K->1408K(57856K)] 449648K->393872K(559616K), 0.0027985 secs] [Times: user=0.01 sys=0.00, real=0.00 secs] 
3210.615: [GC (Allocation Failure) [PSYoungGen: 57216K->1501K(57856K)] 449680K->393965K(559616K), 0.0017255 secs] [Times: user=0.01 sys=0.00, real=0.00 secs] 
3210.943: [GC (Allocation Failure) [PSYoungGen: 57309K->1568K(57856K)] 449773K->394048K(559616K), 0.0018433 secs] [Times: user=0.01 sys=0.00, real=0.00 secs] 
3211.332: [GC (Allocation Failure) [PSYoungGen: 57376K->1501K(57856K)] 449856K->393997K(559616K), 0.0017464 secs] [Times: user=0.01 sys=0.00, real=0.01 secs] 
3211.658: [GC (Allocation Failure) [PSYoungGen: 57309K->1533K(57856K)] 449805K->394029K(559616K), 0.0019106 secs] [Times: user=0.01 sys=0.00, real=0.00 secs] 
3211.973: [GC (Allocation Failure) [PSYoungGen: 57341K->2000K(57856K)] 449837K->395008K(559616K), 0.0018634 secs] [Times: user=0.01 sys=0.00, real=0.00 secs] 
3212.213: [GC (Allocation Failure) [PSYoungGen: 57808K->1376K(57856K)] 450816K->394384K(559616K), 0.0020662 secs] [Times: user=0.01 sys=0.00, real=0.01 secs] 
3212.630: [GC (Allocation Failure) [PSYoungGen: 57184K->1344K(57856K)] 450192K->394360K(559616K), 0.0022249 secs] [Times: user=0.00 sys=0.00, real=0.00 secs] 
3213.056: [GC (Allocation Failure) [PSYoungGen: 57152K->1376K(57856K)] 450168K->394392K(559616K), 0.0022266 secs] [Times: user=0.01 sys=0.00, real=0.00 secs] 
3213.603: [GC (Allocation Failure) [PSYoungGen: 57184K->1376K(57856K)] 450200K->394392K(559616K), 0.0023589 secs] [Times: user=0.01 sys=0.00, real=0.01 secs] 
3214.159: [GC (Allocation Failure) [PSYoungGen: 57161K->1501K(57856K)] 450178K->394517K(559616K), 0.0021506 secs] [Times: user=0.01 sys=0.00, real=0.00 secs] 
3214.509: [GC (Allocation Failure) [PSYoungGen: 57291K->1533K(57856K)] 450308K->394565K(559616K), 0.0017400 secs] [Times: user=0.01 sys=0.00, real=0.00 secs] 
3214.843: [GC (Allocation Failure) [PSYoungGen: 57341K->1520K(57856K)] 450373K->394560K(559616K), 0.0016106 secs] [Times: user=0.01 sys=0.00, real=0.00 secs] 
3215.178: [GC (Allocation Failure) [PSYoungGen: 57328K->1533K(57856K)] 450368K->394573K(559616K), 0.0016760 secs] [Times: user=0.01 sys=0.00, real=0.00 secs] 
3215.505: [GC (Allocation Failure) [PSYoungGen: 57341K->1517K(57856K)] 450381K->394557K(559616K), 0.0017397 secs] [Times: user=0.01 sys=0.00, real=0.00 secs] 
3215.802: [GC (Allocation Failure) [PSYoungGen: 57325K->1440K(57856K)] 450365K->394480K(559616K), 0.0019403 secs] [Times: user=0.00 sys=0.00, real=0.01 secs] 
3216.108: [GC (Allocation Failure) [PSYoungGen: 57248K->1376K(57856K)] 450288K->394416K(559616K), 0.0021380 secs] [Times: user=0.01 sys=0.00, real=0.00 secs] 
3216.783: [GC (Allocation Failure) [PSYoungGen: 57184K->1392K(57856K)] 450224K->394432K(559616K), 0.0024182 secs] [Times: user=0.01 sys=0.00, real=0.00 secs] 
3217.468: [GC (Allocation Failure) [PSYoungGen: 57200K->1408K(57856K)] 450240K->394448K(559616K), 0.0043505 secs] [Times: user=0.01 sys=0.00, real=0.00 secs] 
3218.123: [GC (Allocation Failure) [PSYoungGen: 57216K->1376K(57856K)] 450256K->394416K(559616K), 0.0043252 secs] [Times: user=0.02 sys=0.00, real=0.00 secs] 
3218.697: [GC (Allocation Failure) [PSYoungGen: 57184K->1533K(57856K)] 450224K->394589K(559616K), 0.0016971 secs] [Times: user=0.01 sys=0.00, real=0.00 secs] 
3219.025: [GC (Allocation Failure) [PSYoungGen: 57341K->1597K(57856K)] 450397K->394653K(559616K), 0.0017980 secs] [Times: user=0.01 sys=0.00, real=0.00 secs] 
3219.354: [GC (Allocation Failure) [PSYoungGen: 57405K->1565K(57856K)] 450461K->394621K(559616K), 0.0017997 secs] [Times: user=0.01 sys=0.00, real=0.00 secs] 
3219.683: [GC (Allocation Failure) [PSYoungGen: 57373K->1549K(57856K)] 450429K->394605K(559616K), 0.0018146 secs] [Times: user=0.01 sys=0.00, real=0.01 secs] 
3220.012: [GC (Allocation Failure) [PSYoungGen: 57357K->1456K(57856K)] 450413K->394512K(559616K), 0.0018960 secs] [Times: user=0.01 sys=0.00, real=0.01 secs] 
3220.262: [GC (Allocation Failure) [PSYoungGen: 57264K->1376K(57856K)] 450320K->394432K(559616K), 0.0018846 secs] [Times: user=0.01 sys=0.00, real=0.01 secs] 
3220.497: [GC (Allocation Failure) [PSYoungGen: 57184K->1344K(57856K)] 450240K->394400K(559616K), 0.0016641 secs] [Times: user=0.01 sys=0.00, real=0.00 secs] 
3220.889: [GC (Allocation Failure) [PSYoungGen: 57152K->1344K(57856K)] 450208K->394416K(559616K), 0.0021485 secs] [Times: user=0.01 sys=0.00, real=0.00 secs] 
3221.421: [GC (Allocation Failure) [PSYoungGen: 57152K->1376K(57856K)] 450224K->394448K(559616K), 0.0020521 secs] [Times: user=0.01 sys=0.00, real=0.01 secs] 
3222.032: [GC (Allocation Failure) [PSYoungGen: 57184K->1421K(57856K)] 450256K->394493K(559616K), 0.0016318 secs] [Times: user=0.01 sys=0.00, real=0.01 secs] 
3222.357: [GC (Allocation Failure) [PSYoungGen: 57229K->1565K(57856K)] 450301K->394653K(559616K), 0.0018559 secs] [Times: user=0.01 sys=0.00, real=0.00 secs] 
3222.683: [GC (Allocation Failure) [PSYoungGen: 57373K->1581K(57856K)] 450461K->394669K(559616K), 0.0018206 secs] [Times: user=0.01 sys=0.00, real=0.00 secs] 
3223.012: [GC (Allocation Failure) [PSYoungGen: 57389K->1533K(57856K)] 450477K->394621K(559616K), 0.0016994 secs] [Times: user=0.00 sys=0.00, real=0.01 secs] 
3223.341: [GC (Allocation Failure) [PSYoungGen: 57326K->1581K(57856K)] 450414K->394669K(559616K), 0.0017613 secs] [Times: user=0.00 sys=0.00, real=0.00 secs] 
3224.117: [GC (Allocation Failure) [PSYoungGen: 57389K->1424K(57856K)] 450477K->394512K(559616K), 0.0029359 secs] [Times: user=0.01 sys=0.00, real=0.00 secs] 
3224.582: [GC (Allocation Failure) [PSYoungGen: 57232K->1344K(57856K)] 450320K->394432K(559616K), 0.0033724 secs] [Times: user=0.01 sys=0.00, real=0.01 secs] 
3225.049: [GC (Allocation Failure) [PSYoungGen: 57152K->1376K(57856K)] 450240K->394464K(559616K), 0.0048524 secs] [Times: user=0.02 sys=0.00, real=0.01 secs] 
3225.742: [GC (Allocation Failure) [PSYoungGen: 57184K->1376K(57856K)] 450272K->394464K(559616K), 0.0031722 secs] [Times: user=0.01 sys=0.00, real=0.01 secs] 
3226.504: [GC (Allocation Failure) [PSYoungGen: 57184K->1344K(57856K)] 450272K->394432K(559616K), 0.0045600 secs] [Times: user=0.02 sys=0.00, real=0.00 secs] 
3227.041: [GC (Allocation Failure) [PSYoungGen: 57152K->1597K(57856K)] 450240K->394701K(559616K), 0.0016905 secs] [Times: user=0.01 sys=0.00, real=0.00 secs] 
3227.367: [GC (Allocation Failure) [PSYoungGen: 57405K->1629K(57856K)] 450509K->394733K(559616K), 0.0017322 secs] [Times: user=0.01 sys=0.00, real=0.00 secs] 
3227.694: [GC (Allocation Failure) [PSYoungGen: 57437K->1581K(57856K)] 450541K->394685K(559616K), 0.0017458 secs] [Times: user=0.01 sys=0.00, real=0.00 secs] 
3228.023: [GC (Allocation Failure) [PSYoungGen: 57389K->1597K(57856K)] 450493K->394701K(559616K), 0.0019244 secs] [Times: user=0.00 sys=0.00, real=0.01 secs] 
3228.709: [GC (Allocation Failure) [PSYoungGen: 57405K->1472K(57856K)] 450509K->394576K(559616K), 0.0021977 secs] [Times: user=0.01 sys=0.00, real=0.00 secs] 
3229.107: [GC (Allocation Failure) [PSYoungGen: 57280K->1376K(57856K)] 450384K->394480K(559616K), 0.0024333 secs] [Times: user=0.01 sys=0.00, real=0.00 secs] 
3229.577: [GC (Allocation Failure) [PSYoungGen: 57184K->1424K(57856K)] 450288K->394528K(559616K), 0.0020705 secs] [Times: user=0.00 sys=0.00, real=0.00 secs] 
3230.045: [GC (Allocation Failure) [PSYoungGen: 57232K->1376K(57856K)] 450336K->394480K(559616K), 0.0024130 secs] [Times: user=0.01 sys=0.00, real=0.00 secs] 
3230.540: [GC (Allocation Failure) [PSYoungGen: 57184K->1424K(57856K)] 450288K->394528K(559616K), 0.0023648 secs] [Times: user=0.01 sys=0.00, real=0.00 secs] 
3231.035: [GC (Allocation Failure) [PSYoungGen: 57232K->1424K(57856K)] 450336K->394528K(559616K), 0.0017664 secs] [Times: user=0.01 sys=0.00, real=0.00 secs] 
3231.423: [GC (Allocation Failure) [PSYoungGen: 57232K->1565K(57856K)] 450336K->394685K(559616K), 0.0017739 secs] [Times: user=0.01 sys=0.00, real=0.01 secs] 
3231.749: [GC (Allocation Failure) [PSYoungGen: 57373K->1504K(57856K)] 450493K->394624K(559616K), 0.0018416 secs] [Times: user=0.00 sys=0.00, real=0.00 secs] 
3232.077: [GC (Allocation Failure) [PSYoungGen: 57312K->1565K(57856K)] 450432K->394709K(559616K), 0.0017774 secs] [Times: user=0.01 sys=0.00, real=0.00 secs] 
3232.391: [GC (Allocation Failure) [PSYoungGen: 57286K->2016K(57856K)] 450431K->395160K(559616K), 0.0019320 secs] [Times: user=0.01 sys=0.00, real=0.00 secs] 
3232.678: [GC (Allocation Failure) [PSYoungGen: 57824K->1408K(57856K)] 450968K->394552K(559616K), 0.0023993 secs] [Times: user=0.01 sys=0.00, real=0.00 secs] 
3233.005: [GC (Allocation Failure) [PSYoungGen: 57216K->1344K(57856K)] 450360K->394488K(559616K), 0.0024382 secs] [Times: user=0.01 sys=0.00, real=0.00 secs] 
3233.495: [GC (Allocation Failure) [PSYoungGen: 57152K->1392K(57856K)] 450296K->394536K(559616K), 0.0026360 secs] [Times: user=0.01 sys=0.00, real=0.00 secs] 
3233.988: [GC (Allocation Failure) [PSYoungGen: 57200K->1408K(57856K)] 450344K->394552K(559616K), 0.0026148 secs] [Times: user=0.01 sys=0.00, real=0.00 secs] 
3234.468: [GC (Allocation Failure) [PSYoungGen: 57216K->1437K(57856K)] 450360K->394581K(559616K), 0.0024584 secs] [Times: user=0.01 sys=0.00, real=0.00 secs] 
3234.837: [GC (Allocation Failure) [PSYoungGen: 57245K->1629K(57856K)] 450389K->394781K(559616K), 0.0016827 secs] [Times: user=0.01 sys=0.00, real=0.00 secs] 
3235.165: [GC (Allocation Failure) [PSYoungGen: 57437K->1597K(57856K)] 450589K->394749K(559616K), 0.0017205 secs] [Times: user=0.01 sys=0.00, real=0.00 secs] 
3235.501: [GC (Allocation Failure) [PSYoungGen: 57405K->1533K(57856K)] 450557K->394685K(559616K), 0.0017201 secs] [Times: user=0.01 sys=0.00, real=0.00 secs] 
3235.832: [GC (Allocation Failure) [PSYoungGen: 57341K->1501K(57856K)] 450493K->394653K(559616K), 0.0016935 secs] [Times: user=0.01 sys=0.00, real=0.01 secs] 
3236.605: [GC (Allocation Failure) [PSYoungGen: 57309K->1408K(57856K)] 450461K->394560K(559616K), 0.0040311 secs] [Times: user=0.02 sys=0.00, real=0.00 secs] 
3237.094: [GC (Allocation Failure) [PSYoungGen: 57216K->1440K(57856K)] 450368K->394592K(559616K), 0.0040188 secs] [Times: user=0.01 sys=0.00, real=0.00 secs] 
3237.624: [GC (Allocation Failure) [PSYoungGen: 57248K->1408K(57856K)] 450400K->394560K(559616K), 0.0034008 secs] [Times: user=0.01 sys=0.00, real=0.00 secs] 
3238.078: [GC (Allocation Failure) [PSYoungGen: 57216K->1344K(57856K)] 450368K->394496K(559616K), 0.0033765 secs] [Times: user=0.01 sys=0.00, real=0.00 secs] 
3238.442: [GC (Allocation Failure) [PSYoungGen: 57152K->1376K(57856K)] 450304K->394528K(559616K), 0.0021995 secs] [Times: user=0.01 sys=0.00, real=0.01 secs] 
3238.767: [GC (Allocation Failure) [PSYoungGen: 57184K->1472K(57856K)] 450336K->394640K(559616K), 0.0017908 secs] [Times: user=0.01 sys=0.00, real=0.00 secs] 
3239.091: [GC (Allocation Failure) [PSYoungGen: 57280K->1597K(57856K)] 450448K->394765K(559616K), 0.0018079 secs] [Times: user=0.01 sys=0.00, real=0.00 secs] 
3239.421: [GC (Allocation Failure) [PSYoungGen: 57405K->1533K(57856K)] 450573K->394701K(559616K), 0.0017951 secs] [Times: user=0.00 sys=0.00, real=0.00 secs] 
3239.748: [GC (Allocation Failure) [PSYoungGen: 57341K->1552K(57856K)] 450509K->394720K(559616K), 0.0017930 secs] [Times: user=0.00 sys=0.00, real=0.00 secs] 
3240.649: [GC (Allocation Failure) [PSYoungGen: 57360K->1504K(57856K)] 450528K->394672K(559616K), 0.0024301 secs] [Times: user=0.01 sys=0.00, real=0.00 secs] 
3241.055: [GC (Allocation Failure) [PSYoungGen: 57312K->1408K(57856K)] 450480K->394576K(559616K), 0.0022127 secs] [Times: user=0.01 sys=0.00, real=0.00 secs] 
3241.287: [GC (Allocation Failure) [PSYoungGen: 57216K->1392K(57856K)] 450384K->394584K(559616K), 0.0023651 secs] [Times: user=0.00 sys=0.00, real=0.00 secs] 
3241.520: [GC (Allocation Failure) [PSYoungGen: 57200K->1376K(57856K)] 450392K->394568K(559616K), 0.0021430 secs] [Times: user=0.01 sys=0.00, real=0.00 secs] 
3241.751: [GC (Allocation Failure) [PSYoungGen: 57184K->1408K(57856K)] 450376K->394600K(559616K), 0.0020377 secs] [Times: user=0.01 sys=0.00, real=0.01 secs] 
3242.039: [GC (Allocation Failure) [PSYoungGen: 57216K->1501K(57856K)] 450408K->394693K(559616K), 0.0017227 secs] [Times: user=0.00 sys=0.00, real=0.00 secs] 
3242.363: [GC (Allocation Failure) [PSYoungGen: 57309K->1533K(57856K)] 450501K->394741K(559616K), 0.0018647 secs] [Times: user=0.01 sys=0.00, real=0.00 secs] 
3242.689: [GC (Allocation Failure) [PSYoungGen: 57341K->1549K(57856K)] 450549K->394757K(559616K), 0.0017242 secs] [Times: user=0.01 sys=0.00, real=0.00 secs] 
3243.017: [GC (Allocation Failure) [PSYoungGen: 57357K->1565K(57856K)] 450565K->394773K(559616K), 0.0017191 secs] [Times: user=0.01 sys=0.00, real=0.00 secs] 
3243.346: [GC (Allocation Failure) [PSYoungGen: 57373K->1536K(57856K)] 450581K->394744K(559616K), 0.0017327 secs] [Times: user=0.01 sys=0.00, real=0.00 secs] 
3244.462: [GC (Allocation Failure) [PSYoungGen: 57344K->1472K(57856K)] 450552K->394680K(559616K), 0.0026819 secs] [Times: user=0.01 sys=0.00, real=0.01 secs] 
3245.087: [GC (Allocation Failure) [PSYoungGen: 57280K->1408K(57856K)] 450488K->394616K(559616K), 0.0021532 secs] [Times: user=0.00 sys=0.00, real=0.00 secs] 
3245.683: [GC (Allocation Failure) [PSYoungGen: 57216K->1408K(57856K)] 450424K->394616K(559616K), 0.0021589 secs] [Times: user=0.01 sys=0.00, real=0.01 secs] 
3246.168: [GC (Allocation Failure) [PSYoungGen: 57216K->1440K(57856K)] 450424K->394648K(559616K), 0.0024692 secs] [Times: user=0.01 sys=0.00, real=0.00 secs] 
3246.708: [GC (Allocation Failure) [PSYoungGen: 57248K->1408K(57856K)] 450456K->394616K(559616K), 0.0022592 secs] [Times: user=0.01 sys=0.00, real=0.00 secs] 
3247.118: [GC (Allocation Failure) [PSYoungGen: 57216K->1533K(57856K)] 450424K->394749K(559616K), 0.0016981 secs] [Times: user=0.01 sys=0.00, real=0.00 secs] 
3247.446: [GC (Allocation Failure) [PSYoungGen: 57341K->1565K(57856K)] 450557K->394781K(559616K), 0.0018040 secs] [Times: user=0.01 sys=0.00, real=0.00 secs] 
3247.771: [GC (Allocation Failure) [PSYoungGen: 57373K->1597K(57856K)] 450589K->394813K(559616K), 0.0018406 secs] [Times: user=0.01 sys=0.00, real=0.01 secs] 
3248.156: [GC (Allocation Failure) [PSYoungGen: 57405K->1533K(57856K)] 450621K->394749K(559616K), 0.0018875 secs] [Times: user=0.01 sys=0.00, real=0.00 secs] 
3248.475: [GC (Allocation Failure) [PSYoungGen: 57341K->1472K(57856K)] 450557K->394688K(559616K), 0.0023951 secs] [Times: user=0.01 sys=0.00, real=0.00 secs] 
3248.764: [GC (Allocation Failure) [PSYoungGen: 57280K->1424K(57856K)] 450496K->394640K(559616K), 0.0022093 secs] [Times: user=0.01 sys=0.00, real=0.00 secs] 
3249.173: [GC (Allocation Failure) [PSYoungGen: 57232K->1408K(57856K)] 450448K->394624K(559616K), 0.0022842 secs] [Times: user=0.01 sys=0.00, real=0.01 secs] 
3249.701: [GC (Allocation Failure) [PSYoungGen: 57216K->1376K(57856K)] 450432K->394592K(559616K), 0.0023952 secs] [Times: user=0.01 sys=0.00, real=0.01 secs] 
3250.221: [GC (Allocation Failure) [PSYoungGen: 57184K->1408K(57856K)] 450400K->394624K(559616K), 0.0024188 secs] [Times: user=0.01 sys=0.00, real=0.00 secs] 
3250.692: [GC (Allocation Failure) [PSYoungGen: 57216K->1501K(57856K)] 450432K->394717K(559616K), 0.0016806 secs] [Times: user=0.01 sys=0.00, real=0.01 secs] 
3251.024: [GC (Allocation Failure) [PSYoungGen: 57309K->1536K(57856K)] 450525K->394784K(559616K), 0.0018910 secs] [Times: user=0.00 sys=0.00, real=0.00 secs] 
3251.352: [GC (Allocation Failure) [PSYoungGen: 57344K->1581K(57856K)] 450592K->394845K(559616K), 0.0016975 secs] [Times: user=0.01 sys=0.00, real=0.01 secs] 
3251.736: [GC (Allocation Failure) [PSYoungGen: 57389K->1565K(57856K)] 450653K->394829K(559616K), 0.0018729 secs] [Times: user=0.01 sys=0.00, real=0.00 secs] 
3252.064: [GC (Allocation Failure) [PSYoungGen: 57373K->2032K(57856K)] 450637K->395328K(559616K), 0.0019730 secs] [Times: user=0.01 sys=0.00, real=0.00 secs] 
3252.295: [GC (Allocation Failure) [PSYoungGen: 57840K->1408K(57856K)] 451136K->394712K(559616K), 0.0022813 secs] [Times: user=0.01 sys=0.00, real=0.00 secs] 
3252.528: [GC (Allocation Failure) [PSYoungGen: 57216K->1376K(57856K)] 450520K->394680K(559616K), 0.0021990 secs] [Times: user=0.01 sys=0.00, real=0.00 secs] 
3252.873: [GC (Allocation Failure) [PSYoungGen: 57184K->1424K(57856K)] 450488K->394728K(559616K), 0.0020023 secs] [Times: user=0.01 sys=0.00, real=0.01 secs] 
3253.331: [GC (Allocation Failure) [PSYoungGen: 57232K->1376K(57856K)] 450536K->394680K(559616K), 0.0022344 secs] [Times: user=0.01 sys=0.00, real=0.01 secs] 
3253.799: [GC (Allocation Failure) [PSYoungGen: 57184K->1501K(57856K)] 450488K->394805K(559616K), 0.0021912 secs] [Times: user=0.00 sys=0.00, real=0.00 secs] 
3254.141: [GC (Allocation Failure) [PSYoungGen: 57309K->1613K(57856K)] 450613K->394925K(559616K), 0.0017104 secs] [Times: user=0.01 sys=0.00, real=0.00 secs] 
3254.469: [GC (Allocation Failure) [PSYoungGen: 57421K->1565K(57856K)] 450733K->394877K(559616K), 0.0018471 secs] [Times: user=0.01 sys=0.00, real=0.00 secs] 
3254.795: [GC (Allocation Failure) [PSYoungGen: 57373K->1565K(57856K)] 450685K->394877K(559616K), 0.0017404 secs] [Times: user=0.01 sys=0.00, real=0.00 secs] 
3255.126: [GC (Allocation Failure) [PSYoungGen: 57373K->1565K(57856K)] 450685K->394877K(559616K), 0.0018594 secs] [Times: user=0.01 sys=0.00, real=0.00 secs] 
3255.436: [GC (Allocation Failure) [PSYoungGen: 57373K->1440K(57856K)] 450685K->394768K(559616K), 0.0019044 secs] [Times: user=0.01 sys=0.00, real=0.00 secs] 
3255.679: [GC (Allocation Failure) [PSYoungGen: 57248K->1408K(57856K)] 450576K->394736K(559616K), 0.0018999 secs] [Times: user=0.00 sys=0.00, real=0.00 secs] 
3255.911: [GC (Allocation Failure) [PSYoungGen: 57216K->1408K(57856K)] 450544K->394736K(559616K), 0.0019978 secs] [Times: user=0.01 sys=0.00, real=0.00 secs] 
3256.143: [GC (Allocation Failure) [PSYoungGen: 57216K->1408K(57856K)] 450544K->394736K(559616K), 0.0018355 secs] [Times: user=0.01 sys=0.00, real=0.01 secs] 
3256.374: [GC (Allocation Failure) [PSYoungGen: 57216K->1424K(57856K)] 450544K->394752K(559616K), 0.0018599 secs] [Times: user=0.01 sys=0.00, real=0.00 secs] 
3256.685: [GC (Allocation Failure) [PSYoungGen: 57232K->1565K(57856K)] 450560K->394901K(559616K), 0.0016727 secs] [Times: user=0.01 sys=0.00, real=0.00 secs] 
3257.012: [GC (Allocation Failure) [PSYoungGen: 57373K->1568K(57856K)] 450709K->394904K(559616K), 0.0018758 secs] [Times: user=0.01 sys=0.00, real=0.01 secs] 
3257.338: [GC (Allocation Failure) [PSYoungGen: 57376K->1597K(57856K)] 450712K->394933K(559616K), 0.0017321 secs] [Times: user=0.01 sys=0.00, real=0.00 secs] 
3257.667: [GC (Allocation Failure) [PSYoungGen: 57405K->1613K(57856K)] 450741K->394949K(559616K), 0.0017403 secs] [Times: user=0.01 sys=0.00, real=0.00 secs] 
3258.117: [GC (Allocation Failure) [PSYoungGen: 57421K->1472K(57856K)] 450757K->394808K(559616K), 0.0022879 secs] [Times: user=0.01 sys=0.00, real=0.00 secs] 
3258.725: [GC (Allocation Failure) [PSYoungGen: 57280K->1408K(57856K)] 450616K->394744K(559616K), 0.0024707 secs] [Times: user=0.01 sys=0.00, real=0.00 secs] 
3259.317: [GC (Allocation Failure) [PSYoungGen: 57216K->1376K(57856K)] 450552K->394712K(559616K), 0.0034675 secs] [Times: user=0.02 sys=0.00, real=0.00 secs] 
3259.763: [GC (Allocation Failure) [PSYoungGen: 57184K->1408K(57856K)] 450520K->394744K(559616K), 0.0030600 secs] [Times: user=0.01 sys=0.00, real=0.01 secs] 
3260.183: [GC (Allocation Failure) [PSYoungGen: 57216K->1344K(57856K)] 450552K->394696K(559616K), 0.0029433 secs] [Times: user=0.01 sys=0.00, real=0.00 secs] 
3260.709: [GC (Allocation Failure) [PSYoungGen: 57152K->1453K(57856K)] 450504K->394805K(559616K), 0.0021728 secs] [Times: user=0.01 sys=0.00, real=0.00 secs] 
3261.049: [GC (Allocation Failure) [PSYoungGen: 57261K->1565K(57856K)] 450613K->394933K(559616K), 0.0016928 secs] [Times: user=0.00 sys=0.00, real=0.00 secs] 
3261.434: [GC (Allocation Failure) [PSYoungGen: 57373K->1533K(57856K)] 450741K->394901K(559616K), 0.0017911 secs] [Times: user=0.01 sys=0.00, real=0.00 secs] 
3261.761: [GC (Allocation Failure) [PSYoungGen: 57341K->1565K(57856K)] 450709K->394933K(559616K), 0.0018612 secs] [Times: user=0.01 sys=0.00, real=0.01 secs] 
3262.094: [GC (Allocation Failure) [PSYoungGen: 57373K->1565K(57856K)] 450741K->394933K(559616K), 0.0019130 secs] [Times: user=0.01 sys=0.00, real=0.00 secs] 
3262.677: [GC (Allocation Failure) [PSYoungGen: 57373K->1408K(57856K)] 450741K->394776K(559616K), 0.0030992 secs] [Times: user=0.01 sys=0.00, real=0.00 secs] 
3263.002: [GC (Allocation Failure) [PSYoungGen: 57216K->1376K(57856K)] 450584K->394744K(559616K), 0.0025007 secs] [Times: user=0.01 sys=0.00, real=0.01 secs] 
3263.240: [GC (Allocation Failure) [PSYoungGen: 57184K->1376K(57856K)] 450552K->394744K(559616K), 0.0026479 secs] [Times: user=0.01 sys=0.00, real=0.01 secs] 
3263.473: [GC (Allocation Failure) [PSYoungGen: 57184K->1376K(57856K)] 450552K->394744K(559616K), 0.0023907 secs] [Times: user=0.01 sys=0.00, real=0.00 secs] 
3263.705: [GC (Allocation Failure) [PSYoungGen: 57184K->1344K(57856K)] 450552K->394712K(559616K), 0.0020137 secs] [Times: user=0.01 sys=0.00, real=0.00 secs] 
3264.096: [GC (Allocation Failure) [PSYoungGen: 57152K->1501K(57856K)] 450520K->394885K(559616K), 0.0017820 secs] [Times: user=0.01 sys=0.00, real=0.00 secs] 
3264.483: [GC (Allocation Failure) [PSYoungGen: 57309K->1565K(57856K)] 450693K->394949K(559616K), 0.0019745 secs] [Times: user=0.01 sys=0.00, real=0.00 secs] 
3264.808: [GC (GCLocker Initiated GC) [PSYoungGen: 57373K->1501K(57856K)] 450757K->394885K(559616K), 0.0016984 secs] [Times: user=0.01 sys=0.00, real=0.00 secs] 
3265.142: [GC (Allocation Failure) [PSYoungGen: 57309K->1501K(57856K)] 451399K->395591K(559616K), 0.0017783 secs] [Times: user=0.01 sys=0.00, real=0.01 secs] 
3265.461: [GC (Allocation Failure) [PSYoungGen: 57309K->1488K(57856K)] 451399K->395577K(559616K), 0.0022811 secs] [Times: user=0.01 sys=0.00, real=0.00 secs] 
3265.694: [GC (Allocation Failure) [PSYoungGen: 57296K->1408K(57856K)] 451385K->395497K(559616K), 0.0022115 secs] [Times: user=0.01 sys=0.00, real=0.00 secs] 
3265.927: [GC (Allocation Failure) [PSYoungGen: 57216K->1440K(57856K)] 451305K->395529K(559616K), 0.0021851 secs] [Times: user=0.01 sys=0.01, real=0.00 secs] 
3266.159: [GC (Allocation Failure) [PSYoungGen: 57248K->1408K(57856K)] 451337K->395497K(559616K), 0.0019043 secs] [Times: user=0.00 sys=0.00, real=0.00 secs] 
3266.391: [GC (Allocation Failure) [PSYoungGen: 57216K->1408K(57856K)] 451305K->395497K(559616K), 0.0019650 secs] [Times: user=0.01 sys=0.00, real=0.00 secs] 
3266.729: [GC (Allocation Failure) [PSYoungGen: 57216K->1597K(57856K)] 451305K->395687K(559616K), 0.0018539 secs] [Times: user=0.01 sys=0.00, real=0.00 secs] 
3267.057: [GC (Allocation Failure) [PSYoungGen: 57405K->1597K(57856K)] 451495K->395695K(559616K), 0.0016889 secs] [Times: user=0.01 sys=0.00, real=0.00 secs] 
3267.383: [GC (Allocation Failure) [PSYoungGen: 57405K->1565K(57856K)] 451503K->395663K(559616K), 0.0017737 secs] [Times: user=0.01 sys=0.00, real=0.01 secs] 
3267.709: [GC (Allocation Failure) [PSYoungGen: 57373K->1565K(57856K)] 451471K->395663K(559616K), 0.0018194 secs] [Times: user=0.01 sys=0.00, real=0.00 secs] 
3268.097: [GC (Allocation Failure) [PSYoungGen: 57373K->2016K(57856K)] 451471K->396625K(559616K), 0.0020913 secs] [Times: user=0.01 sys=0.00, real=0.00 secs] 
3268.594: [GC (Allocation Failure) [PSYoungGen: 57824K->1408K(57856K)] 452433K->396017K(559616K), 0.0021690 secs] [Times: user=0.01 sys=0.00, real=0.00 secs] 
3269.074: [GC (Allocation Failure) [PSYoungGen: 57216K->1376K(57856K)] 451825K->396033K(559616K), 0.0029922 secs] [Times: user=0.02 sys=0.00, real=0.00 secs] 
3269.533: [GC (Allocation Failure) [PSYoungGen: 57184K->1392K(57856K)] 451841K->396049K(559616K), 0.0030468 secs] [Times: user=0.01 sys=0.00, real=0.01 secs] 
3269.876: [GC (Allocation Failure) [PSYoungGen: 57200K->1408K(57856K)] 451857K->396081K(559616K), 0.0023259 secs] [Times: user=0.01 sys=0.00, real=0.00 secs] 
3270.241: [GC (Allocation Failure) [PSYoungGen: 57216K->1485K(57856K)] 451889K->396167K(559616K), 0.0021824 secs] [Times: user=0.01 sys=0.00, real=0.01 secs] 
3270.577: [GC (Allocation Failure) [PSYoungGen: 57293K->1501K(57856K)] 451975K->396199K(559616K), 0.0018330 secs] [Times: user=0.01 sys=0.00, real=0.00 secs] 
3270.903: [GC (Allocation Failure) [PSYoungGen: 57309K->1533K(57856K)] 452007K->396231K(559616K), 0.0017994 secs] [Times: user=0.01 sys=0.00, real=0.00 secs] 
3271.233: [GC (Allocation Failure) [PSYoungGen: 57341K->1504K(57856K)] 452039K->396201K(559616K), 0.0017496 secs] [Times: user=0.01 sys=0.00, real=0.00 secs] 
3271.625: [GC (Allocation Failure) [PSYoungGen: 57312K->1597K(57856K)] 452009K->396295K(559616K), 0.0018510 secs] [Times: user=0.01 sys=0.00, real=0.00 secs] 
3272.181: [GC (Allocation Failure) [PSYoungGen: 57405K->1440K(57856K)] 452103K->396137K(559616K), 0.0023962 secs] [Times: user=0.01 sys=0.00, real=0.00 secs] 
3272.706: [GC (Allocation Failure) [PSYoungGen: 57248K->1312K(57856K)] 451945K->396009K(559616K), 0.0022937 secs] [Times: user=0.01 sys=0.00, real=0.00 secs] 
3273.240: [GC (Allocation Failure) [PSYoungGen: 57120K->1376K(57856K)] 451817K->396073K(559616K), 0.0023894 secs] [Times: user=0.01 sys=0.00, real=0.00 secs] 
3273.720: [GC (Allocation Failure) [PSYoungGen: 57184K->1376K(57856K)] 451881K->396073K(559616K), 0.0023547 secs] [Times: user=0.01 sys=0.00, real=0.00 secs] 
3274.162: [GC (Allocation Failure) [PSYoungGen: 57184K->1392K(57856K)] 451881K->396089K(559616K), 0.0028047 secs] [Times: user=0.01 sys=0.00, real=0.01 secs] 
3274.634: [GC (Allocation Failure) [PSYoungGen: 57200K->1469K(57856K)] 451897K->396183K(559616K), 0.0016503 secs] [Times: user=0.01 sys=0.00, real=0.00 secs] 
3274.959: [GC (Allocation Failure) [PSYoungGen: 57277K->1600K(57856K)] 451991K->396313K(559616K), 0.0018283 secs] [Times: user=0.00 sys=0.00, real=0.00 secs] 
3275.286: [GC (Allocation Failure) [PSYoungGen: 57408K->1581K(57856K)] 452121K->396295K(559616K), 0.0017480 secs] [Times: user=0.01 sys=0.00, real=0.00 secs] 
3275.615: [GC (Allocation Failure) [PSYoungGen: 57389K->1565K(57856K)] 452103K->396279K(559616K), 0.0017779 secs] [Times: user=0.00 sys=0.00, real=0.00 secs] 
3276.312: [GC (Allocation Failure) [PSYoungGen: 57373K->1472K(57856K)] 452087K->396185K(559616K), 0.0030085 secs] [Times: user=0.00 sys=0.00, real=0.01 secs] 
3277.471: [GC (Allocation Failure) [PSYoungGen: 57280K->1376K(57856K)] 451993K->396089K(559616K), 0.0020964 secs] [Times: user=0.00 sys=0.00, real=0.01 secs] 
3277.857: [GC (Allocation Failure) [PSYoungGen: 57184K->1376K(57856K)] 451897K->396089K(559616K), 0.0022428 secs] [Times: user=0.01 sys=0.00, real=0.00 secs] 
3278.242: [GC (Allocation Failure) [PSYoungGen: 57184K->1408K(57856K)] 451897K->396121K(559616K), 0.0022020 secs] [Times: user=0.01 sys=0.00, real=0.01 secs] 
3278.693: [GC (Allocation Failure) [PSYoungGen: 57216K->1408K(57856K)] 451929K->396121K(559616K), 0.0022753 secs] [Times: user=0.00 sys=0.00, real=0.00 secs] 
3279.194: [GC (Allocation Failure) [PSYoungGen: 57216K->1469K(57856K)] 451929K->396183K(559616K), 0.0017335 secs] [Times: user=0.00 sys=0.00, real=0.00 secs] 
3279.522: [GC (Allocation Failure) [PSYoungGen: 57277K->1597K(57856K)] 451991K->396319K(559616K), 0.0018855 secs] [Times: user=0.00 sys=0.00, real=0.01 secs] 
3279.850: [GC (Allocation Failure) [PSYoungGen: 57405K->1533K(57856K)] 452127K->396255K(559616K), 0.0017652 secs] [Times: user=0.01 sys=0.00, real=0.00 secs] 
3280.177: [GC (Allocation Failure) [PSYoungGen: 57341K->1533K(57856K)] 452063K->396255K(559616K), 0.0018205 secs] [Times: user=0.01 sys=0.00, real=0.00 secs] 
3280.503: [GC (Allocation Failure) [PSYoungGen: 57341K->1597K(57856K)] 452063K->396319K(559616K), 0.0017158 secs] [Times: user=0.01 sys=0.00, real=0.01 secs] 
3280.791: [GC (Allocation Failure) [PSYoungGen: 57405K->1376K(57856K)] 452127K->396097K(559616K), 0.0016863 secs] [Times: user=0.01 sys=0.00, real=0.00 secs] 
3281.022: [GC (Allocation Failure) [PSYoungGen: 57184K->1376K(57856K)] 451905K->396097K(559616K), 0.0020178 secs] [Times: user=0.01 sys=0.00, real=0.01 secs] 
3281.287: [GC (Allocation Failure) [PSYoungGen: 57184K->1376K(57856K)] 451905K->396113K(559616K), 0.0025462 secs] [Times: user=0.01 sys=0.00, real=0.00 secs] 
3281.536: [GC (Allocation Failure) [PSYoungGen: 57184K->1344K(57856K)] 451921K->396081K(559616K), 0.0028242 secs] [Times: user=0.01 sys=0.00, real=0.00 secs] 
3281.772: [GC (Allocation Failure) [PSYoungGen: 57152K->1376K(57856K)] 451889K->396113K(559616K), 0.0021764 secs] [Times: user=0.01 sys=0.00, real=0.01 secs] 
3282.211: [GC (Allocation Failure) [PSYoungGen: 57184K->1533K(57856K)] 451921K->396279K(559616K), 0.0016916 secs] [Times: user=0.01 sys=0.00, real=0.01 secs] 
3282.539: [GC (Allocation Failure) [PSYoungGen: 57341K->1533K(57856K)] 452087K->396279K(559616K), 0.0018706 secs] [Times: user=0.01 sys=0.00, real=0.00 secs] 
3282.867: [GC (Allocation Failure) [PSYoungGen: 57341K->1517K(57856K)] 452087K->396263K(559616K), 0.0016910 secs] [Times: user=0.01 sys=0.00, real=0.00 secs] 
3283.198: [GC (Allocation Failure) [PSYoungGen: 57325K->1533K(57856K)] 452071K->396279K(559616K), 0.0019276 secs] [Times: user=0.01 sys=0.00, real=0.00 secs] 
3283.836: [GC (Allocation Failure) [PSYoungGen: 57341K->1408K(57856K)] 452087K->396153K(559616K), 0.0020229 secs] [Times: user=0.00 sys=0.00, real=0.00 secs] 
3284.418: [GC (Allocation Failure) [PSYoungGen: 57216K->1360K(57856K)] 451961K->396105K(559616K), 0.0042846 secs] [Times: user=0.02 sys=0.00, real=0.00 secs] 
3284.775: [GC (Allocation Failure) [PSYoungGen: 57168K->1408K(57856K)] 451913K->396153K(559616K), 0.0023514 secs] [Times: user=0.01 sys=0.01, real=0.00 secs] 
3285.151: [GC (Allocation Failure) [PSYoungGen: 57216K->1376K(57856K)] 451961K->396121K(559616K), 0.0029885 secs] [Times: user=0.01 sys=0.00, real=0.01 secs] 
3285.594: [GC (Allocation Failure) [PSYoungGen: 57184K->1408K(57856K)] 451929K->396153K(559616K), 0.0028210 secs] [Times: user=0.01 sys=0.00, real=0.00 secs] 
3286.116: [GC (Allocation Failure) [PSYoungGen: 57216K->1533K(57856K)] 451961K->396279K(559616K), 0.0016712 secs] [Times: user=0.01 sys=0.00, real=0.00 secs] 
3286.441: [GC (Allocation Failure) [PSYoungGen: 57341K->1581K(57856K)] 452087K->396343K(559616K), 0.0017629 secs] [Times: user=0.00 sys=0.00, real=0.00 secs] 
3286.778: [GC (Allocation Failure) [PSYoungGen: 57389K->1565K(57856K)] 452151K->396327K(559616K), 0.0016626 secs] [Times: user=0.01 sys=0.01, real=0.00 secs] 
3287.104: [GC (Allocation Failure) [PSYoungGen: 57373K->1565K(57856K)] 452135K->396327K(559616K), 0.0018014 secs] [Times: user=0.00 sys=0.00, real=0.00 secs] 
3287.464: [GC (Allocation Failure) [PSYoungGen: 57373K->1984K(57856K)] 452135K->396745K(559616K), 0.0021412 secs] [Times: user=0.01 sys=0.00, real=0.00 secs] 
3288.018: [GC (Allocation Failure) [PSYoungGen: 57792K->1408K(57856K)] 452553K->396169K(559616K), 0.0020161 secs] [Times: user=0.00 sys=0.00, real=0.00 secs] 
3288.541: [GC (Allocation Failure) [PSYoungGen: 57216K->1376K(57856K)] 451977K->396137K(559616K), 0.0033988 secs] [Times: user=0.02 sys=0.00, real=0.01 secs] 
3289.178: [GC (Allocation Failure) [PSYoungGen: 57184K->1376K(57856K)] 451945K->396137K(559616K), 0.0030337 secs] [Times: user=0.01 sys=0.00, real=0.00 secs] 
3289.718: [GC (Allocation Failure) [PSYoungGen: 57184K->1408K(57856K)] 451945K->396169K(559616K), 0.0029938 secs] [Times: user=0.01 sys=0.00, real=0.00 secs] 
3290.306: [GC (Allocation Failure) [PSYoungGen: 57216K->1469K(57856K)] 451977K->396231K(559616K), 0.0026146 secs] [Times: user=0.01 sys=0.00, real=0.00 secs] 
3290.688: [GC (Allocation Failure) [PSYoungGen: 57277K->1568K(57856K)] 452039K->396337K(559616K), 0.0017349 secs] [Times: user=0.00 sys=0.00, real=0.00 secs] 
3291.077: [GC (Allocation Failure) [PSYoungGen: 57376K->1568K(57856K)] 452145K->396337K(559616K), 0.0017606 secs] [Times: user=0.01 sys=0.00, real=0.00 secs] 
3291.409: [GC (Allocation Failure) [PSYoungGen: 57376K->1597K(57856K)] 452145K->396367K(559616K), 0.0017363 secs] [Times: user=0.01 sys=0.00, real=0.00 secs] 
3291.736: [GC (Allocation Failure) [PSYoungGen: 57405K->1565K(57856K)] 452175K->396359K(559616K), 0.0019286 secs] [Times: user=0.01 sys=0.00, real=0.00 secs] 
3292.047: [GC (Allocation Failure) [PSYoungGen: 57373K->1408K(57856K)] 452167K->396201K(559616K), 0.0031054 secs] [Times: user=0.01 sys=0.01, real=0.00 secs] 
3292.279: [GC (Allocation Failure) [PSYoungGen: 57216K->1360K(57856K)] 452009K->396153K(559616K), 0.0021986 secs] [Times: user=0.01 sys=0.00, real=0.00 secs] 
3292.512: [GC (Allocation Failure) [PSYoungGen: 57168K->1408K(57856K)] 451961K->396201K(559616K), 0.0020396 secs] [Times: user=0.01 sys=0.00, real=0.01 secs] 
3292.744: [GC (Allocation Failure) [PSYoungGen: 57216K->1408K(57856K)] 452009K->396201K(559616K), 0.0021726 secs] [Times: user=0.01 sys=0.00, real=0.00 secs] 
3292.976: [GC (Allocation Failure) [PSYoungGen: 57216K->1344K(57856K)] 452009K->396137K(559616K), 0.0020629 secs] [Times: user=0.01 sys=0.00, real=0.00 secs] 
3293.319: [GC (Allocation Failure) [PSYoungGen: 57152K->1501K(57856K)] 451945K->396303K(559616K), 0.0017710 secs] [Times: user=0.00 sys=0.00, real=0.00 secs] 
3293.645: [GC (Allocation Failure) [PSYoungGen: 57309K->1533K(57856K)] 452111K->396335K(559616K), 0.0017416 secs] [Times: user=0.00 sys=0.00, real=0.00 secs] 
3293.971: [GC (Allocation Failure) [PSYoungGen: 57341K->1552K(57856K)] 452143K->396354K(559616K), 0.0017310 secs] [Times: user=0.01 sys=0.00, real=0.00 secs] 
3294.298: [GC (Allocation Failure) [PSYoungGen: 57360K->1533K(57856K)] 452162K->396335K(559616K), 0.0017634 secs] [Times: user=0.01 sys=0.00, real=0.00 secs] 
3294.762: [GC (Allocation Failure) [PSYoungGen: 57341K->1488K(57856K)] 452143K->396289K(559616K), 0.0023141 secs] [Times: user=0.01 sys=0.00, real=0.01 secs] 
3295.507: [GC (Allocation Failure) [PSYoungGen: 57296K->1408K(57856K)] 452097K->396209K(559616K), 0.0030100 secs] [Times: user=0.01 sys=0.00, real=0.00 secs] 
3296.038: [GC (Allocation Failure) [PSYoungGen: 57216K->1344K(57856K)] 452017K->396145K(559616K), 0.0028821 secs] [Times: user=0.01 sys=0.00, real=0.00 secs] 
3296.361: [GC (Allocation Failure) [PSYoungGen: 57152K->1376K(57856K)] 451953K->396177K(559616K), 0.0020751 secs] [Times: user=0.01 sys=0.00, real=0.01 secs] 
3296.819: [GC (Allocation Failure) [PSYoungGen: 57184K->1344K(57856K)] 451985K->396145K(559616K), 0.0029224 secs] [Times: user=0.01 sys=0.00, real=0.00 secs] 
3297.229: [GC (Allocation Failure) [PSYoungGen: 57152K->1437K(57856K)] 451953K->396239K(559616K), 0.0017767 secs] [Times: user=0.01 sys=0.00, real=0.00 secs] 
3297.556: [GC (Allocation Failure) [PSYoungGen: 57245K->1536K(57856K)] 452047K->396345K(559616K), 0.0017011 secs] [Times: user=0.01 sys=0.00, real=0.00 secs] 
3297.883: [GC (Allocation Failure) [PSYoungGen: 57344K->1600K(57856K)] 452153K->396409K(559616K), 0.0018049 secs] [Times: user=0.01 sys=0.00, real=0.01 secs] 
3298.210: [GC (Allocation Failure) [PSYoungGen: 57408K->1565K(57856K)] 452217K->396375K(559616K), 0.0017981 secs] [Times: user=0.01 sys=0.00, real=0.00 secs] 
3298.537: [GC (Allocation Failure) [PSYoungGen: 57373K->1533K(57856K)] 452183K->396343K(559616K), 0.0018065 secs] [Times: user=0.01 sys=0.00, real=0.00 secs] 
3299.469: [GC (Allocation Failure) [PSYoungGen: 57341K->1424K(57856K)] 452151K->396233K(559616K), 0.0040894 secs] [Times: user=0.02 sys=0.00, real=0.00 secs] 
3300.520: [GC (Allocation Failure) [PSYoungGen: 57232K->1344K(57856K)] 452041K->396153K(559616K), 0.0042190 secs] [Times: user=0.02 sys=0.00, real=0.01 secs] 
3300.985: [GC (Allocation Failure) [PSYoungGen: 57152K->1376K(57856K)] 451961K->396185K(559616K), 0.0028104 secs] [Times: user=0.01 sys=0.00, real=0.00 secs] 
3301.440: [GC (Allocation Failure) [PSYoungGen: 57184K->1408K(57856K)] 451993K->396217K(559616K), 0.0024566 secs] [Times: user=0.01 sys=0.01, real=0.00 secs] 
3301.912: [GC (Allocation Failure) [PSYoungGen: 57216K->1328K(57856K)] 452025K->396137K(559616K), 0.0030682 secs] [Times: user=0.01 sys=0.00, real=0.01 secs] 
3302.311: [GC (Allocation Failure) [PSYoungGen: 57136K->1565K(57856K)] 451945K->396383K(559616K), 0.0017237 secs] [Times: user=0.01 sys=0.00, real=0.00 secs] 
3302.639: [GC (Allocation Failure) [PSYoungGen: 57373K->1597K(57856K)] 452191K->396431K(559616K), 0.0017980 secs] [Times: user=0.01 sys=0.00, real=0.00 secs] 
3302.966: [GC (Allocation Failure) [PSYoungGen: 57405K->1533K(57856K)] 452239K->396367K(559616K), 0.0018382 secs] [Times: user=0.01 sys=0.00, real=0.00 secs] 
3303.295: [GC (Allocation Failure) [PSYoungGen: 57341K->1581K(57856K)] 452175K->396415K(559616K), 0.0017559 secs] [Times: user=0.01 sys=0.00, real=0.00 secs] 
3303.687: [GC (Allocation Failure) [PSYoungGen: 57389K->1408K(57856K)] 452223K->396241K(559616K), 0.0021357 secs] [Times: user=0.01 sys=0.00, real=0.00 secs] 
3303.920: [GC (Allocation Failure) [PSYoungGen: 57216K->1408K(57856K)] 452049K->396241K(559616K), 0.0021658 secs] [Times: user=0.01 sys=0.00, real=0.00 secs] 
3304.169: [GC (Allocation Failure) [PSYoungGen: 57216K->1344K(57856K)] 452049K->396177K(559616K), 0.0020281 secs] [Times: user=0.01 sys=0.00, real=0.00 secs] 
3304.414: [GC (Allocation Failure) [PSYoungGen: 57152K->1344K(57856K)] 451985K->396177K(559616K), 0.0021645 secs] [Times: user=0.00 sys=0.00, real=0.00 secs] 
3304.695: [GC (Allocation Failure) [PSYoungGen: 57152K->1392K(57856K)] 451985K->396225K(559616K), 0.0022542 secs] [Times: user=0.01 sys=0.00, real=0.00 secs] 
3305.058: [GC (Allocation Failure) [PSYoungGen: 57200K->1501K(57856K)] 452033K->396335K(559616K), 0.0017528 secs] [Times: user=0.01 sys=0.00, real=0.00 secs] 
3305.385: [GC (Allocation Failure) [PSYoungGen: 57309K->1629K(57856K)] 452143K->396471K(559616K), 0.0018328 secs] [Times: user=0.01 sys=0.00, real=0.00 secs] 
3305.712: [GC (Allocation Failure) [PSYoungGen: 57437K->1597K(57856K)] 452279K->396439K(559616K), 0.0017000 secs] [Times: user=0.01 sys=0.00, real=0.01 secs] 
3306.038: [GC (Allocation Failure) [PSYoungGen: 57405K->1565K(57856K)] 452247K->396407K(559616K), 0.0017326 secs] [Times: user=0.01 sys=0.00, real=0.00 secs] 
3306.556: [GC (Allocation Failure) [PSYoungGen: 57373K->2016K(57856K)] 452215K->396889K(559616K), 0.0022834 secs] [Times: user=0.01 sys=0.00, real=0.00 secs] 
3308.355: [GC (Allocation Failure) [PSYoungGen: 57824K->1376K(57856K)] 452697K->396249K(559616K), 0.0043657 secs] [Times: user=0.02 sys=0.00, real=0.00 secs] 
3309.043: [GC (Allocation Failure) [PSYoungGen: 57184K->1408K(57856K)] 452057K->396281K(559616K), 0.0036770 secs] [Times: user=0.02 sys=0.00, real=0.00 secs] 
3309.540: [GC (Allocation Failure) [PSYoungGen: 57216K->1408K(57856K)] 452089K->396281K(559616K), 0.0034005 secs] [Times: user=0.01 sys=0.00, real=0.01 secs] 
3309.901: [GC (Allocation Failure) [PSYoungGen: 57216K->1376K(57856K)] 452089K->396249K(559616K), 0.0022075 secs] [Times: user=0.01 sys=0.00, real=0.01 secs] 
3310.383: [GC (Allocation Failure) [PSYoungGen: 57184K->1469K(57856K)] 452057K->396343K(559616K), 0.0029065 secs] [Times: user=0.01 sys=0.00, real=0.01 secs] 
3310.858: [GC (Allocation Failure) [PSYoungGen: 57277K->1533K(57856K)] 452151K->396415K(559616K), 0.0018750 secs] [Times: user=0.01 sys=0.00, real=0.00 secs] 
3311.245: [GC (Allocation Failure) [PSYoungGen: 57341K->1597K(57856K)] 452223K->396479K(559616K), 0.0018929 secs] [Times: user=0.01 sys=0.00, real=0.00 secs] 
3311.634: [GC (Allocation Failure) [PSYoungGen: 57405K->1533K(57856K)] 452287K->396415K(559616K), 0.0019084 secs] [Times: user=0.01 sys=0.00, real=0.00 secs] 
3311.963: [GC (Allocation Failure) [PSYoungGen: 57341K->1552K(57856K)] 452223K->396434K(559616K), 0.0018367 secs] [Times: user=0.00 sys=0.00, real=0.01 secs] 
3312.296: [GC (Allocation Failure) [PSYoungGen: 57360K->1440K(57856K)] 452242K->396321K(559616K), 0.0025745 secs] [Times: user=0.01 sys=0.00, real=0.00 secs] 
3312.527: [GC (Allocation Failure) [PSYoungGen: 57248K->1424K(57856K)] 452129K->396329K(559616K), 0.0021934 secs] [Times: user=0.01 sys=0.00, real=0.00 secs] 
3312.966: [GC (Allocation Failure) [PSYoungGen: 57232K->1344K(57856K)] 452137K->396249K(559616K), 0.0022011 secs] [Times: user=0.01 sys=0.00, real=0.00 secs] 
3313.453: [GC (Allocation Failure) [PSYoungGen: 57152K->1392K(57856K)] 452057K->396297K(559616K), 0.0041480 secs] [Times: user=0.02 sys=0.00, real=0.01 secs] 
3313.901: [GC (Allocation Failure) [PSYoungGen: 57200K->1376K(57856K)] 452105K->396281K(559616K), 0.0034075 secs] [Times: user=0.02 sys=0.00, real=0.01 secs] 
3314.348: [GC (Allocation Failure) [PSYoungGen: 57184K->1469K(57856K)] 452089K->396383K(559616K), 0.0017729 secs] [Times: user=0.01 sys=0.00, real=0.00 secs] 
3314.674: [GC (Allocation Failure) [PSYoungGen: 57277K->1501K(57856K)] 452191K->396415K(559616K), 0.0017115 secs] [Times: user=0.00 sys=0.00, real=0.00 secs] 
3315.000: [GC (Allocation Failure) [PSYoungGen: 57309K->1565K(57856K)] 452223K->396479K(559616K), 0.0017668 secs] [Times: user=0.01 sys=0.00, real=0.00 secs] 
3315.328: [GC (Allocation Failure) [PSYoungGen: 57373K->1533K(57856K)] 452287K->396447K(559616K), 0.0017603 secs] [Times: user=0.00 sys=0.00, real=0.00 secs] 
3315.769: [GC (Allocation Failure) [PSYoungGen: 57341K->1472K(57856K)] 452255K->396385K(559616K), 0.0019837 secs] [Times: user=0.01 sys=0.00, real=0.00 secs] 
3316.324: [GC (Allocation Failure) [PSYoungGen: 57280K->1408K(57856K)] 452193K->396321K(559616K), 0.0017824 secs] [Times: user=0.01 sys=0.00, real=0.00 secs] 
3316.875: [GC (Allocation Failure) [PSYoungGen: 57216K->1376K(57856K)] 452129K->396289K(559616K), 0.0041749 secs] [Times: user=0.01 sys=0.00, real=0.00 secs] 
3317.383: [GC (Allocation Failure) [PSYoungGen: 57184K->1376K(57856K)] 452097K->396289K(559616K), 0.0050880 secs] [Times: user=0.03 sys=0.00, real=0.00 secs] 
3317.796: [GC (Allocation Failure) [PSYoungGen: 57184K->1408K(57856K)] 452097K->396321K(559616K), 0.0023954 secs] [Times: user=0.01 sys=0.00, real=0.00 secs] 
3318.221: [GC (Allocation Failure) [PSYoungGen: 57216K->1421K(57856K)] 452129K->396335K(559616K), 0.0017763 secs] [Times: user=0.01 sys=0.00, real=0.00 secs] 
3318.544: [GC (Allocation Failure) [PSYoungGen: 57229K->1597K(57856K)] 452143K->396519K(559616K), 0.0017394 secs] [Times: user=0.01 sys=0.00, real=0.00 secs] 
3318.871: [GC (Allocation Failure) [PSYoungGen: 57405K->1597K(57856K)] 452327K->396519K(559616K), 0.0018593 secs] [Times: user=0.00 sys=0.00, real=0.00 secs] 
3319.198: [GC (Allocation Failure) [PSYoungGen: 57405K->1597K(57856K)] 452327K->396519K(559616K), 0.0017712 secs] [Times: user=0.01 sys=0.00, real=0.00 secs] 
3319.528: [GC (Allocation Failure) [PSYoungGen: 57405K->1597K(57856K)] 452327K->396519K(559616K), 0.0018487 secs] [Times: user=0.01 sys=0.00, real=0.00 secs] 
3319.978: [GC (Allocation Failure) [PSYoungGen: 57405K->1424K(57856K)] 452327K->396345K(559616K), 0.0019418 secs] [Times: user=0.01 sys=0.00, real=0.00 secs] 
3320.438: [GC (Allocation Failure) [PSYoungGen: 57232K->1360K(57856K)] 452153K->396281K(559616K), 0.0024663 secs] [Times: user=0.01 sys=0.00, real=0.00 secs] 
3320.952: [GC (Allocation Failure) [PSYoungGen: 57168K->1376K(57856K)] 452089K->396297K(559616K), 0.0037149 secs] [Times: user=0.01 sys=0.00, real=0.01 secs] 
3321.617: [GC (Allocation Failure) [PSYoungGen: 57184K->1344K(57856K)] 452105K->396281K(559616K), 0.0042055 secs] [Times: user=0.01 sys=0.00, real=0.00 secs] 
3322.187: [GC (Allocation Failure) [PSYoungGen: 57152K->1344K(57856K)] 452089K->396281K(559616K), 0.0036713 secs] [Times: user=0.02 sys=0.00, real=0.00 secs] 
3322.592: [GC (Allocation Failure) [PSYoungGen: 57152K->1565K(57856K)] 452089K->396511K(559616K), 0.0017179 secs] [Times: user=0.00 sys=0.00, real=0.01 secs] 
3322.920: [GC (Allocation Failure) [PSYoungGen: 57373K->1565K(57856K)] 452319K->396511K(559616K), 0.0017290 secs] [Times: user=0.01 sys=0.00, real=0.00 secs] 
3323.246: [GC (Allocation Failure) [PSYoungGen: 57373K->1597K(57856K)] 452319K->396543K(559616K), 0.0018572 secs] [Times: user=0.01 sys=0.00, real=0.00 secs] 
3323.575: [GC (Allocation Failure) [PSYoungGen: 57405K->1568K(57856K)] 452351K->396513K(559616K), 0.0016423 secs] [Times: user=0.00 sys=0.00, real=0.00 secs] 
3323.926: [GC (Allocation Failure) [PSYoungGen: 57376K->1504K(57856K)] 452321K->396449K(559616K), 0.0019259 secs] [Times: user=0.01 sys=0.00, real=0.00 secs] 
3324.177: [GC (Allocation Failure) [PSYoungGen: 57312K->1392K(57856K)] 452257K->396337K(559616K), 0.0018662 secs] [Times: user=0.01 sys=0.00, real=0.00 secs] 
3324.413: [GC (Allocation Failure) [PSYoungGen: 57200K->1408K(57856K)] 452145K->396353K(559616K), 0.0024450 secs] [Times: user=0.01 sys=0.00, real=0.00 secs] 
3324.653: [GC (Allocation Failure) [PSYoungGen: 57216K->1408K(57856K)] 452161K->396353K(559616K), 0.0023998 secs] [Times: user=0.01 sys=0.00, real=0.01 secs] 
3324.970: [GC (Allocation Failure) [PSYoungGen: 57216K->1408K(57856K)] 452161K->396353K(559616K), 0.0024161 secs] [Times: user=0.01 sys=0.00, real=0.00 secs] 
3325.290: [GC (Allocation Failure) [PSYoungGen: 57216K->1501K(57856K)] 452161K->396447K(559616K), 0.0016574 secs] [Times: user=0.01 sys=0.00, real=0.00 secs] 
3325.615: [GC (Allocation Failure) [PSYoungGen: 57309K->1581K(57856K)] 452255K->396543K(559616K), 0.0017683 secs] [Times: user=0.01 sys=0.00, real=0.00 secs] 
3325.942: [GC (Allocation Failure) [PSYoungGen: 57389K->1600K(57856K)] 452351K->396561K(559616K), 0.0017376 secs] [Times: user=0.00 sys=0.00, real=0.01 secs] 
3326.269: [GC (Allocation Failure) [PSYoungGen: 57408K->1565K(57856K)] 452369K->396527K(559616K), 0.0017586 secs] [Times: user=0.00 sys=0.00, real=0.00 secs] 
3326.624: [GC (Allocation Failure) [PSYoungGen: 57373K->2000K(57856K)] 452335K->397473K(559616K), 0.0022349 secs] [Times: user=0.01 sys=0.00, real=0.00 secs] 
3326.920: [GC (Allocation Failure) [PSYoungGen: 57808K->1408K(57856K)] 453281K->396881K(559616K), 0.0020765 secs] [Times: user=0.01 sys=0.00, real=0.00 secs] 
3327.210: [GC (Allocation Failure) [PSYoungGen: 57216K->1392K(57856K)] 452689K->396865K(559616K), 0.0022212 secs] [Times: user=0.01 sys=0.00, real=0.00 secs] 
3327.445: [GC (Allocation Failure) [PSYoungGen: 57200K->1392K(57856K)] 452673K->396865K(559616K), 0.0033575 secs] [Times: user=0.02 sys=0.00, real=0.00 secs] 
3327.708: [GC (Allocation Failure) [PSYoungGen: 57200K->1376K(57856K)] 452673K->396849K(559616K), 0.0023677 secs] [Times: user=0.01 sys=0.00, real=0.00 secs] 
3327.974: [GC (Allocation Failure) [PSYoungGen: 57184K->1517K(57856K)] 452657K->396991K(559616K), 0.0021005 secs] [Times: user=0.01 sys=0.00, real=0.00 secs] 
3328.307: [GC (Allocation Failure) [PSYoungGen: 57325K->1597K(57856K)] 452799K->397079K(559616K), 0.0017175 secs] [Times: user=0.01 sys=0.00, real=0.00 secs] 
3328.696: [GC (Allocation Failure) [PSYoungGen: 57405K->1533K(57856K)] 452887K->397015K(559616K), 0.0019596 secs] [Times: user=0.00 sys=0.00, real=0.00 secs] 
3329.024: [GC (Allocation Failure) [PSYoungGen: 57341K->1565K(57856K)] 452823K->397047K(559616K), 0.0018681 secs] [Times: user=0.00 sys=0.00, real=0.00 secs] 
3329.357: [GC (Allocation Failure) [PSYoungGen: 57373K->1597K(57856K)] 452855K->397079K(559616K), 0.0019395 secs] [Times: user=0.01 sys=0.00, real=0.00 secs] 
3329.809: [GC (Allocation Failure) [PSYoungGen: 57405K->1472K(57856K)] 452887K->396969K(559616K), 0.0037764 secs] [Times: user=0.02 sys=0.00, real=0.01 secs] 
3330.270: [GC (Allocation Failure) [PSYoungGen: 57280K->1424K(57856K)] 452777K->396921K(559616K), 0.0026827 secs] [Times: user=0.01 sys=0.00, real=0.00 secs] 
3330.944: [GC (Allocation Failure) [PSYoungGen: 57232K->1376K(57856K)] 452729K->396873K(559616K), 0.0042848 secs] [Times: user=0.02 sys=0.00, real=0.00 secs] 
3331.576: [GC (Allocation Failure) [PSYoungGen: 57184K->1376K(57856K)] 452681K->396873K(559616K), 0.0045447 secs] [Times: user=0.02 sys=0.00, real=0.00 secs] 
3332.122: [GC (Allocation Failure) [PSYoungGen: 57184K->1408K(57856K)] 452681K->396905K(559616K), 0.0028736 secs] [Times: user=0.01 sys=0.00, real=0.01 secs] 
3332.678: [GC (Allocation Failure) [PSYoungGen: 57216K->1533K(57856K)] 452713K->397047K(559616K), 0.0017818 secs] [Times: user=0.00 sys=0.00, real=0.00 secs] 
3333.003: [GC (Allocation Failure) [PSYoungGen: 57341K->1565K(57856K)] 452855K->397079K(559616K), 0.0018167 secs] [Times: user=0.01 sys=0.00, real=0.00 secs] 
3333.329: [GC (Allocation Failure) [PSYoungGen: 57373K->1565K(57856K)] 452887K->397079K(559616K), 0.0018247 secs] [Times: user=0.00 sys=0.00, real=0.00 secs] 
3333.657: [GC (Allocation Failure) [PSYoungGen: 57373K->1485K(57856K)] 452887K->396999K(559616K), 0.0016864 secs] [Times: user=0.00 sys=0.00, real=0.00 secs] 
3334.101: [GC (Allocation Failure) [PSYoungGen: 57293K->1440K(57856K)] 452807K->396953K(559616K), 0.0019967 secs] [Times: user=0.01 sys=0.00, real=0.00 secs] 
3334.630: [GC (Allocation Failure) [PSYoungGen: 57248K->1424K(57856K)] 452761K->396937K(559616K), 0.0042142 secs] [Times: user=0.02 sys=0.00, real=0.01 secs] 
3335.115: [GC (Allocation Failure) [PSYoungGen: 57232K->1376K(57856K)] 452745K->396889K(559616K), 0.0034994 secs] [Times: user=0.02 sys=0.00, real=0.00 secs] 
3335.532: [GC (Allocation Failure) [PSYoungGen: 57184K->1376K(57856K)] 452697K->396889K(559616K), 0.0033751 secs] [Times: user=0.02 sys=0.00, real=0.01 secs] 
3335.942: [GC (Allocation Failure) [PSYoungGen: 57184K->1408K(57856K)] 452697K->396921K(559616K), 0.0028987 secs] [Times: user=0.01 sys=0.00, real=0.01 secs] 
3336.416: [GC (Allocation Failure) [PSYoungGen: 57216K->1469K(57856K)] 452729K->396983K(559616K), 0.0021040 secs] [Times: user=0.01 sys=0.00, real=0.00 secs] 
3336.748: [GC (Allocation Failure) [PSYoungGen: 57277K->1533K(57856K)] 452791K->397079K(559616K), 0.0017084 secs] [Times: user=0.01 sys=0.00, real=0.00 secs] 
3337.136: [GC (Allocation Failure) [PSYoungGen: 57341K->1520K(57856K)] 452887K->397066K(559616K), 0.0047577 secs] [Times: user=0.02 sys=0.00, real=0.00 secs] 
3337.466: [GC (Allocation Failure) [PSYoungGen: 57328K->1536K(57856K)] 452874K->397081K(559616K), 0.0017712 secs] [Times: user=0.01 sys=0.00, real=0.00 secs] 
3337.792: [GC (Allocation Failure) [PSYoungGen: 57344K->1552K(57856K)] 452889K->397098K(559616K), 0.0028791 secs] [Times: user=0.01 sys=0.00, real=0.01 secs] 
3338.032: [GC (Allocation Failure) [PSYoungGen: 57360K->1408K(57856K)] 452906K->396953K(559616K), 0.0026686 secs] [Times: user=0.01 sys=0.00, real=0.01 secs] 
3338.284: [GC (Allocation Failure) [PSYoungGen: 57216K->1376K(57856K)] 452761K->396921K(559616K), 0.0022412 secs] [Times: user=0.01 sys=0.01, real=0.00 secs] 
3338.516: [GC (Allocation Failure) [PSYoungGen: 57184K->1376K(57856K)] 452729K->396921K(559616K), 0.0022789 secs] [Times: user=0.00 sys=0.00, real=0.00 secs] 
3338.789: [GC (Allocation Failure) [PSYoungGen: 57184K->1408K(57856K)] 452729K->396953K(559616K), 0.0022187 secs] [Times: user=0.01 sys=0.00, real=0.00 secs] 
3339.021: [GC (Allocation Failure) [PSYoungGen: 57216K->1376K(57856K)] 452761K->396921K(559616K), 0.0021762 secs] [Times: user=0.01 sys=0.00, real=0.01 secs] 
3339.368: [GC (Allocation Failure) [PSYoungGen: 57184K->1565K(57856K)] 452729K->397127K(559616K), 0.0017885 secs] [Times: user=0.01 sys=0.00, real=0.00 secs] 
3339.696: [GC (Allocation Failure) [PSYoungGen: 57373K->1533K(57856K)] 452935K->397095K(559616K), 0.0017298 secs] [Times: user=0.01 sys=0.00, real=0.00 secs] 
3340.022: [GC (Allocation Failure) [PSYoungGen: 57341K->1549K(57856K)] 452903K->397135K(559616K), 0.0016616 secs] [Times: user=0.01 sys=0.00, real=0.01 secs] 
3340.350: [GC (Allocation Failure) [PSYoungGen: 57357K->1565K(57856K)] 452943K->397151K(559616K), 0.0018539 secs] [Times: user=0.01 sys=0.00, real=0.00 secs] 
3340.669: [GC (Allocation Failure) [PSYoungGen: 57373K->1472K(57856K)] 452959K->397057K(559616K), 0.0022663 secs] [Times: user=0.01 sys=0.00, real=0.00 secs] 
3340.950: [GC (Allocation Failure) [PSYoungGen: 57280K->1376K(57856K)] 452865K->396961K(559616K), 0.0020652 secs] [Times: user=0.01 sys=0.00, real=0.00 secs] 
3341.181: [GC (Allocation Failure) [PSYoungGen: 57184K->1376K(57856K)] 452769K->396961K(559616K), 0.0022746 secs] [Times: user=0.01 sys=0.00, real=0.01 secs] 
3341.413: [GC (Allocation Failure) [PSYoungGen: 57184K->1344K(57856K)] 452769K->396929K(559616K), 0.0022347 secs] [Times: user=0.01 sys=0.00, real=0.00 secs] 
3341.645: [GC (Allocation Failure) [PSYoungGen: 57152K->1376K(57856K)] 452737K->396961K(559616K), 0.0021233 secs] [Times: user=0.01 sys=0.00, real=0.00 secs] 
3341.950: [GC (Allocation Failure) [PSYoungGen: 57184K->1501K(57856K)] 452769K->397087K(559616K), 0.0017039 secs] [Times: user=0.00 sys=0.00, real=0.00 secs] 
3342.274: [GC (Allocation Failure) [PSYoungGen: 57309K->1565K(57856K)] 452895K->397167K(559616K), 0.0017379 secs] [Times: user=0.01 sys=0.00, real=0.00 secs] 
3342.601: [GC (Allocation Failure) [PSYoungGen: 57373K->1533K(57856K)] 452975K->397135K(559616K), 0.0017455 secs] [Times: user=0.01 sys=0.00, real=0.00 secs] 
3342.928: [GC (Allocation Failure) [PSYoungGen: 57341K->1533K(57856K)] 452943K->397135K(559616K), 0.0018328 secs] [Times: user=0.01 sys=0.00, real=0.00 secs] 
3343.381: [GC (Allocation Failure) [PSYoungGen: 57341K->1984K(57856K)] 452943K->398097K(559616K), 0.0021588 secs] [Times: user=0.01 sys=0.00, real=0.01 secs] 
3343.958: [GC (Allocation Failure) [PSYoungGen: 57792K->1392K(57856K)] 453905K->397505K(559616K), 0.0041449 secs] [Times: user=0.02 sys=0.00, real=0.00 secs] 
3344.432: [GC (Allocation Failure) [PSYoungGen: 57200K->1408K(57856K)] 453313K->397521K(559616K), 0.0030392 secs] [Times: user=0.01 sys=0.00, real=0.01 secs] 
3344.695: [GC (Allocation Failure) [PSYoungGen: 57216K->1376K(57856K)] 453329K->397489K(559616K), 0.0028270 secs] [Times: user=0.01 sys=0.00, real=0.00 secs] 
3345.144: [GC (Allocation Failure) [PSYoungGen: 57184K->1376K(57856K)] 453297K->397489K(559616K), 0.0027786 secs] [Times: user=0.02 sys=0.00, real=0.00 secs] 
3345.642: [GC (Allocation Failure) [PSYoungGen: 57184K->1469K(57856K)] 453297K->397583K(559616K), 0.0023693 secs] [Times: user=0.01 sys=0.00, real=0.01 secs] 
3346.009: [GC (Allocation Failure) [PSYoungGen: 57277K->1533K(57856K)] 453391K->397663K(559616K), 0.0017185 secs] [Times: user=0.00 sys=0.00, real=0.00 secs] 
3346.337: [GC (Allocation Failure) [PSYoungGen: 57341K->1597K(57856K)] 453471K->397727K(559616K), 0.0017213 secs] [Times: user=0.01 sys=0.00, real=0.00 secs] 
3346.667: [GC (Allocation Failure) [PSYoungGen: 57405K->1565K(57856K)] 453535K->397695K(559616K), 0.0017615 secs] [Times: user=0.01 sys=0.00, real=0.00 secs] 
3346.994: [GC (Allocation Failure) [PSYoungGen: 57373K->1597K(57856K)] 453503K->397727K(559616K), 0.0017322 secs] [Times: user=0.01 sys=0.00, real=0.00 secs] 
3347.514: [GC (Allocation Failure) [PSYoungGen: 57405K->1440K(57856K)] 453535K->397569K(559616K), 0.0023899 secs] [Times: user=0.01 sys=0.00, real=0.00 secs] 
3347.751: [GC (Allocation Failure) [PSYoungGen: 57248K->1408K(57856K)] 453377K->397537K(559616K), 0.0021271 secs] [Times: user=0.01 sys=0.00, real=0.00 secs] 
3348.037: [GC (Allocation Failure) [PSYoungGen: 57216K->1376K(57856K)] 453345K->397505K(559616K), 0.0019788 secs] [Times: user=0.01 sys=0.00, real=0.00 secs] 
3348.269: [GC (Allocation Failure) [PSYoungGen: 57184K->1376K(57856K)] 453313K->397505K(559616K), 0.0020571 secs] [Times: user=0.01 sys=0.00, real=0.00 secs] 
3348.608: [GC (Allocation Failure) [PSYoungGen: 57184K->1408K(57856K)] 453313K->397537K(559616K), 0.0020662 secs] [Times: user=0.01 sys=0.00, real=0.00 secs] 
3348.958: [GC (Allocation Failure) [PSYoungGen: 57216K->1533K(57856K)] 453345K->397671K(559616K), 0.0019692 secs] [Times: user=0.01 sys=0.00, real=0.00 secs] 
3349.367: [GC (Allocation Failure) [PSYoungGen: 57341K->1565K(57856K)] 453479K->397703K(559616K), 0.0018258 secs] [Times: user=0.01 sys=0.00, real=0.00 secs] 
3349.756: [GC (Allocation Failure) [PSYoungGen: 57373K->1501K(57856K)] 453511K->397639K(559616K), 0.0018438 secs] [Times: user=0.01 sys=0.00, real=0.00 secs] 
3350.082: [GC (Allocation Failure) [PSYoungGen: 57309K->1565K(57856K)] 453447K->397703K(559616K), 0.0018868 secs] [Times: user=0.01 sys=0.00, real=0.01 secs] 
3350.488: [GC (Allocation Failure) [PSYoungGen: 57373K->1440K(57856K)] 453511K->397593K(559616K), 0.0023366 secs] [Times: user=0.01 sys=0.00, real=0.00 secs] 
3350.819: [GC (Allocation Failure) [PSYoungGen: 57248K->1440K(57856K)] 453401K->397593K(559616K), 0.0023071 secs] [Times: user=0.01 sys=0.00, real=0.00 secs] 
3351.081: [GC (Allocation Failure) [PSYoungGen: 57248K->1376K(57856K)] 453401K->397529K(559616K), 0.0020848 secs] [Times: user=0.01 sys=0.00, real=0.00 secs] 
3351.410: [GC (Allocation Failure) [PSYoungGen: 57184K->1344K(57856K)] 453337K->397497K(559616K), 0.0022595 secs] [Times: user=0.01 sys=0.00, real=0.00 secs] 
3351.648: [GC (Allocation Failure) [PSYoungGen: 57152K->1408K(57856K)] 453305K->397561K(559616K), 0.0021591 secs] [Times: user=0.01 sys=0.00, real=0.00 secs] 
3351.963: [GC (Allocation Failure) [PSYoungGen: 57216K->1469K(57856K)] 453369K->397623K(559616K), 0.0019017 secs] [Times: user=0.01 sys=0.00, real=0.01 secs] 
3352.289: [GC (Allocation Failure) [PSYoungGen: 57277K->1501K(57856K)] 453431K->397663K(559616K), 0.0015466 secs] [Times: user=0.01 sys=0.00, real=0.00 secs] 
3352.616: [GC (Allocation Failure) [PSYoungGen: 57309K->1597K(57856K)] 453471K->397759K(559616K), 0.0018339 secs] [Times: user=0.01 sys=0.00, real=0.00 secs] 
3352.943: [GC (Allocation Failure) [PSYoungGen: 57405K->1568K(57856K)] 453567K->397730K(559616K), 0.0017752 secs] [Times: user=0.00 sys=0.00, real=0.01 secs] 
3353.272: [GC (Allocation Failure) [PSYoungGen: 57376K->1533K(57856K)] 453538K->397695K(559616K), 0.0018007 secs] [Times: user=0.01 sys=0.00, real=0.01 secs] 
3354.142: [GC (Allocation Failure) [PSYoungGen: 57341K->1440K(57856K)] 453503K->397601K(559616K), 0.0022998 secs] [Times: user=0.01 sys=0.00, real=0.01 secs] 
3354.641: [GC (Allocation Failure) [PSYoungGen: 57248K->1376K(57856K)] 453409K->397537K(559616K), 0.0023294 secs] [Times: user=0.01 sys=0.00, real=0.01 secs] 
3355.161: [GC (Allocation Failure) [PSYoungGen: 57184K->1408K(57856K)] 453345K->397569K(559616K), 0.0022716 secs] [Times: user=0.01 sys=0.00, real=0.01 secs] 
3355.663: [GC (Allocation Failure) [PSYoungGen: 57216K->1408K(57856K)] 453377K->397569K(559616K), 0.0026029 secs] [Times: user=0.02 sys=0.00, real=0.01 secs] 
3356.329: [GC (Allocation Failure) [PSYoungGen: 57216K->1376K(57856K)] 453377K->397537K(559616K), 0.0033249 secs] [Times: user=0.02 sys=0.00, real=0.00 secs] 
3356.788: [GC (Allocation Failure) [PSYoungGen: 57184K->1565K(57856K)] 453345K->397735K(559616K), 0.0016605 secs] [Times: user=0.01 sys=0.00, real=0.00 secs] 
3357.119: [GC (Allocation Failure) [PSYoungGen: 57373K->1629K(57856K)] 453543K->397799K(559616K), 0.0017258 secs] [Times: user=0.01 sys=0.00, real=0.00 secs] 
3357.445: [GC (Allocation Failure) [PSYoungGen: 57437K->1629K(57856K)] 453607K->397799K(559616K), 0.0017385 secs] [Times: user=0.01 sys=0.00, real=0.00 secs] 
3357.774: [GC (Allocation Failure) [PSYoungGen: 57437K->1597K(57856K)] 453607K->397767K(559616K), 0.0017911 secs] [Times: user=0.01 sys=0.00, real=0.00 secs] 
3358.474: [GC (Allocation Failure) [PSYoungGen: 57405K->1440K(57856K)] 453575K->397609K(559616K), 0.0021065 secs] [Times: user=0.01 sys=0.00, real=0.00 secs] 
3358.783: [GC (Allocation Failure) [PSYoungGen: 57248K->1376K(57856K)] 453417K->397545K(559616K), 0.0033662 secs] [Times: user=0.02 sys=0.00, real=0.01 secs] 
3359.042: [GC (Allocation Failure) [PSYoungGen: 57184K->1344K(57856K)] 453353K->397513K(559616K), 0.0026124 secs] [Times: user=0.01 sys=0.00, real=0.01 secs] 
3359.316: [GC (Allocation Failure) [PSYoungGen: 57152K->1392K(57856K)] 453321K->397561K(559616K), 0.0023136 secs] [Times: user=0.01 sys=0.00, real=0.00 secs] 
3359.548: [GC (Allocation Failure) [PSYoungGen: 57200K->1408K(57856K)] 453369K->397577K(559616K), 0.0021404 secs] [Times: user=0.01 sys=0.00, real=0.00 secs] 
3359.902: [GC (Allocation Failure) [PSYoungGen: 57216K->1533K(57856K)] 453385K->397703K(559616K), 0.0016471 secs] [Times: user=0.00 sys=0.00, real=0.01 secs] 
3360.229: [GC (Allocation Failure) [PSYoungGen: 57341K->1597K(57856K)] 453511K->397783K(559616K), 0.0017417 secs] [Times: user=0.00 sys=0.00, real=0.00 secs] 
3360.555: [GC (Allocation Failure) [PSYoungGen: 57405K->1565K(57856K)] 453591K->397751K(559616K), 0.0018751 secs] [Times: user=0.01 sys=0.00, real=0.00 secs] 
3360.882: [GC (Allocation Failure) [PSYoungGen: 57373K->1581K(57856K)] 453559K->397799K(559616K), 0.0017588 secs] [Times: user=0.01 sys=0.00, real=0.01 secs] 
3361.357: [GC (Allocation Failure) [PSYoungGen: 57389K->2016K(57856K)] 453607K->398233K(559616K), 0.0023146 secs] [Times: user=0.01 sys=0.00, real=0.00 secs] 
3361.882: [GC (Allocation Failure) [PSYoungGen: 57824K->1376K(57856K)] 454041K->397593K(559616K), 0.0041783 secs] [Times: user=0.02 sys=0.00, real=0.01 secs] 
3362.324: [GC (Allocation Failure) [PSYoungGen: 57184K->1376K(57856K)] 453401K->397593K(559616K), 0.0034416 secs] [Times: user=0.02 sys=0.00, real=0.00 secs] 
3362.548: [GC (Allocation Failure) [PSYoungGen: 57184K->1376K(57856K)] 453401K->397593K(559616K), 0.0021638 secs] [Times: user=0.01 sys=0.00, real=0.00 secs] 
3362.801: [GC (Allocation Failure) [PSYoungGen: 57184K->1376K(57856K)] 453401K->397593K(559616K), 0.0019002 secs] [Times: user=0.01 sys=0.00, real=0.00 secs] 
3363.238: [GC (Allocation Failure) [PSYoungGen: 57184K->1453K(57856K)] 453401K->397671K(559616K), 0.0021435 secs] [Times: user=0.01 sys=0.00, real=0.00 secs] 
3363.566: [GC (Allocation Failure) [PSYoungGen: 57261K->1533K(57856K)] 453479K->397767K(559616K), 0.0018646 secs] [Times: user=0.01 sys=0.00, real=0.00 secs] 
3363.897: [GC (Allocation Failure) [PSYoungGen: 57341K->1565K(57856K)] 453575K->397799K(559616K), 0.0017328 secs] [Times: user=0.01 sys=0.00, real=0.00 secs] 
3364.227: [GC (Allocation Failure) [PSYoungGen: 57373K->1533K(57856K)] 453607K->397767K(559616K), 0.0018106 secs] [Times: user=0.00 sys=0.00, real=0.00 secs] 
3364.555: [GC (Allocation Failure) [PSYoungGen: 57318K->1597K(57856K)] 453551K->397831K(559616K), 0.0018339 secs] [Times: user=0.00 sys=0.00, real=0.00 secs] 
3365.469: [GC (Allocation Failure) [PSYoungGen: 57405K->1408K(57856K)] 453639K->397641K(559616K), 0.0029632 secs] [Times: user=0.01 sys=0.00, real=0.00 secs] 
3365.695: [GC (Allocation Failure) [PSYoungGen: 57216K->1408K(57856K)] 453449K->397641K(559616K), 0.0021011 secs] [Times: user=0.01 sys=0.01, real=0.00 secs] 
3365.927: [GC (Allocation Failure) [PSYoungGen: 57216K->1376K(57856K)] 453449K->397609K(559616K), 0.0022079 secs] [Times: user=0.00 sys=0.00, real=0.00 secs] 
3366.160: [GC (Allocation Failure) [PSYoungGen: 57184K->1376K(57856K)] 453417K->397609K(559616K), 0.0021089 secs] [Times: user=0.01 sys=0.00, real=0.00 secs] 
3366.391: [GC (Allocation Failure) [PSYoungGen: 57184K->1408K(57856K)] 453417K->397641K(559616K), 0.0020359 secs] [Times: user=0.01 sys=0.00, real=0.01 secs] 
3366.724: [GC (Allocation Failure) [PSYoungGen: 57216K->1533K(57856K)] 453449K->397783K(559616K), 0.0030065 secs] [Times: user=0.01 sys=0.00, real=0.00 secs] 
3367.055: [GC (Allocation Failure) [PSYoungGen: 57341K->1629K(57856K)] 453591K->397879K(559616K), 0.0017622 secs] [Times: user=0.01 sys=0.00, real=0.00 secs] 
3367.444: [GC (Allocation Failure) [PSYoungGen: 57437K->1565K(57856K)] 453687K->397815K(559616K), 0.0018509 secs] [Times: user=0.01 sys=0.00, real=0.00 secs] 
3367.771: [GC (Allocation Failure) [PSYoungGen: 57373K->1600K(57856K)] 453623K->397850K(559616K), 0.0019027 secs] [Times: user=0.01 sys=0.00, real=0.00 secs] 
3368.118: [GC (Allocation Failure) [PSYoungGen: 57408K->1504K(57856K)] 453658K->397753K(559616K), 0.0024195 secs] [Times: user=0.01 sys=0.00, real=0.00 secs] 
3368.358: [GC (Allocation Failure) [PSYoungGen: 57312K->1424K(57856K)] 453561K->397673K(559616K), 0.0023130 secs] [Times: user=0.01 sys=0.00, real=0.00 secs] 
3368.635: [GC (Allocation Failure) [PSYoungGen: 57232K->1408K(57856K)] 453481K->397657K(559616K), 0.0035035 secs] [Times: user=0.01 sys=0.00, real=0.00 secs] 
3368.876: [GC (Allocation Failure) [PSYoungGen: 57216K->1376K(57856K)] 453465K->397625K(559616K), 0.0029475 secs] [Times: user=0.01 sys=0.00, real=0.00 secs] 
3369.174: [GC (Allocation Failure) [PSYoungGen: 57184K->1408K(57856K)] 453433K->397657K(559616K), 0.0023081 secs] [Times: user=0.00 sys=0.00, real=0.00 secs] 
3369.579: [GC (Allocation Failure) [PSYoungGen: 57216K->1469K(57856K)] 453465K->397719K(559616K), 0.0017275 secs] [Times: user=0.01 sys=0.00, real=0.00 secs] 
3369.906: [GC (Allocation Failure) [PSYoungGen: 57277K->1504K(57856K)] 453527K->397770K(559616K), 0.0017711 secs] [Times: user=0.01 sys=0.00, real=0.00 secs] 
3370.291: [GC (Allocation Failure) [PSYoungGen: 57312K->1501K(57856K)] 453578K->397767K(559616K), 0.0018797 secs] [Times: user=0.01 sys=0.00, real=0.00 secs] 
3370.621: [GC (Allocation Failure) [PSYoungGen: 57309K->1597K(57856K)] 453575K->397863K(559616K), 0.0018711 secs] [Times: user=0.00 sys=0.00, real=0.01 secs] 
3370.950: [GC (Allocation Failure) [PSYoungGen: 57405K->1597K(57856K)] 453671K->397863K(559616K), 0.0018643 secs] [Times: user=0.00 sys=0.00, real=0.00 secs] 
3371.638: [GC (Allocation Failure) [PSYoungGen: 57405K->1424K(57856K)] 453671K->397689K(559616K), 0.0030704 secs] [Times: user=0.01 sys=0.00, real=0.00 secs] 
3372.379: [GC (Allocation Failure) [PSYoungGen: 57232K->1392K(57856K)] 453497K->397657K(559616K), 0.0043237 secs] [Times: user=0.02 sys=0.00, real=0.01 secs] 
3373.057: [GC (Allocation Failure) [PSYoungGen: 57200K->1408K(57856K)] 453465K->397681K(559616K), 0.0045068 secs] [Times: user=0.02 sys=0.01, real=0.00 secs] 
3373.650: [GC (Allocation Failure) [PSYoungGen: 57216K->1392K(57856K)] 453489K->397665K(559616K), 0.0035021 secs] [Times: user=0.01 sys=0.00, real=0.01 secs] 
3374.061: [GC (Allocation Failure) [PSYoungGen: 57200K->1344K(57856K)] 453473K->397617K(559616K), 0.0027757 secs] [Times: user=0.01 sys=0.00, real=0.01 secs] 
3374.472: [GC (Allocation Failure) [PSYoungGen: 57152K->1565K(57856K)] 453425K->397847K(559616K), 0.0017983 secs] [Times: user=0.00 sys=0.00, real=0.01 secs] 
3374.799: [GC (Allocation Failure) [PSYoungGen: 57373K->1565K(57856K)] 453655K->397847K(559616K), 0.0017924 secs] [Times: user=0.01 sys=0.00, real=0.00 secs] 
3375.125: [GC (Allocation Failure) [PSYoungGen: 57373K->1568K(57856K)] 453655K->397850K(559616K), 0.0018449 secs] [Times: user=0.01 sys=0.00, real=0.00 secs] 
3375.455: [GC (Allocation Failure) [PSYoungGen: 57376K->1629K(57856K)] 453658K->397911K(559616K), 0.0017423 secs] [Times: user=0.01 sys=0.00, real=0.00 secs] 
3376.029: [GC (Allocation Failure) [PSYoungGen: 57437K->1424K(57856K)] 453719K->397705K(559616K), 0.0019889 secs] [Times: user=0.01 sys=0.00, real=0.00 secs] 
3376.521: [GC (Allocation Failure) [PSYoungGen: 57232K->1376K(57856K)] 453513K->397657K(559616K), 0.0023283 secs] [Times: user=0.01 sys=0.00, real=0.01 secs] 
3376.865: [GC (Allocation Failure) [PSYoungGen: 57184K->1376K(57856K)] 453465K->397665K(559616K), 0.0022280 secs] [Times: user=0.01 sys=0.00, real=0.00 secs] 
3377.097: [GC (Allocation Failure) [PSYoungGen: 57184K->1392K(57856K)] 453473K->397689K(559616K), 0.0021383 secs] [Times: user=0.01 sys=0.00, real=0.00 secs] 
3377.712: [GC (Allocation Failure) [PSYoungGen: 57200K->1392K(57856K)] 453497K->397689K(559616K), 0.0021355 secs] [Times: user=0.01 sys=0.00, real=0.01 secs] 
3378.063: [GC (Allocation Failure) [PSYoungGen: 57200K->1565K(57856K)] 453497K->397863K(559616K), 0.0018918 secs] [Times: user=0.01 sys=0.00, real=0.00 secs] 
3378.389: [GC (Allocation Failure) [PSYoungGen: 57373K->1533K(57856K)] 453671K->397847K(559616K), 0.0018725 secs] [Times: user=0.01 sys=0.00, real=0.00 secs] 
3378.715: [GC (Allocation Failure) [PSYoungGen: 57341K->1597K(57856K)] 453655K->397911K(559616K), 0.0018647 secs] [Times: user=0.01 sys=0.00, real=0.00 secs] 
3379.051: [GC (Allocation Failure) [PSYoungGen: 57405K->1597K(57856K)] 453719K->397911K(559616K), 0.0018171 secs] [Times: user=0.01 sys=0.00, real=0.00 secs] 
3379.450: [GC (Allocation Failure) [PSYoungGen: 57405K->1984K(57856K)] 453719K->398809K(559616K), 0.0020382 secs] [Times: user=0.01 sys=0.00, real=0.00 secs] 
3379.804: [GC (Allocation Failure) [PSYoungGen: 57792K->1440K(57856K)] 454617K->398265K(559616K), 0.0020543 secs] [Times: user=0.01 sys=0.00, real=0.00 secs] 
3380.119: [GC (Allocation Failure) [PSYoungGen: 57248K->1408K(57856K)] 454073K->398233K(559616K), 0.0022005 secs] [Times: user=0.01 sys=0.00, real=0.00 secs] 
3380.540: [GC (Allocation Failure) [PSYoungGen: 57216K->1408K(57856K)] 454041K->398257K(559616K), 0.0022052 secs] [Times: user=0.01 sys=0.00, real=0.00 secs] 
3381.016: [GC (Allocation Failure) [PSYoungGen: 57216K->1408K(57856K)] 454065K->398257K(559616K), 0.0036702 secs] [Times: user=0.02 sys=0.00, real=0.00 secs] 
3381.845: [GC (Allocation Failure) [PSYoungGen: 57216K->1437K(57856K)] 454065K->398287K(559616K), 0.0029465 secs] [Times: user=0.01 sys=0.00, real=0.00 secs] 
3382.236: [GC (Allocation Failure) [PSYoungGen: 57245K->1517K(57856K)] 454095K->398375K(559616K), 0.0017375 secs] [Times: user=0.01 sys=0.00, real=0.00 secs] 
3382.563: [GC (Allocation Failure) [PSYoungGen: 57325K->1533K(57856K)] 454183K->398391K(559616K), 0.0018734 secs] [Times: user=0.01 sys=0.00, real=0.01 secs] 
3382.892: [GC (Allocation Failure) [PSYoungGen: 57341K->1533K(57856K)] 454199K->398391K(559616K), 0.0017494 secs] [Times: user=0.01 sys=0.00, real=0.01 secs] 
3383.220: [GC (Allocation Failure) [PSYoungGen: 57323K->1581K(57856K)] 454180K->398439K(559616K), 0.0018567 secs] [Times: user=0.01 sys=0.00, real=0.00 secs] 
3383.933: [GC (Allocation Failure) [PSYoungGen: 57389K->1376K(57856K)] 454247K->398233K(559616K), 0.0027214 secs] [Times: user=0.01 sys=0.00, real=0.00 secs] 
3384.163: [GC (Allocation Failure) [PSYoungGen: 57184K->1440K(57856K)] 454041K->398297K(559616K), 0.0021722 secs] [Times: user=0.01 sys=0.00, real=0.00 secs] 
3384.410: [GC (Allocation Failure) [PSYoungGen: 57248K->1376K(57856K)] 454105K->398233K(559616K), 0.0020099 secs] [Times: user=0.01 sys=0.00, real=0.00 secs] 
3384.657: [GC (Allocation Failure) [PSYoungGen: 57184K->1376K(57856K)] 454041K->398233K(559616K), 0.0020529 secs] [Times: user=0.01 sys=0.00, real=0.00 secs] 
3384.993: [GC (Allocation Failure) [PSYoungGen: 57184K->1376K(57856K)] 454041K->398233K(559616K), 0.0019518 secs] [Times: user=0.01 sys=0.00, real=0.01 secs] 
3385.340: [GC (Allocation Failure) [PSYoungGen: 57184K->1536K(57856K)] 454041K->398402K(559616K), 0.0018113 secs] [Times: user=0.01 sys=0.00, real=0.00 secs] 
3385.666: [GC (Allocation Failure) [PSYoungGen: 57344K->1597K(57856K)] 454210K->398463K(559616K), 0.0017537 secs] [Times: user=0.01 sys=0.00, real=0.00 secs] 
3386.056: [GC (Allocation Failure) [PSYoungGen: 57405K->1565K(57856K)] 454271K->398431K(559616K), 0.0019112 secs] [Times: user=0.01 sys=0.00, real=0.00 secs] 
3386.439: [GC (Allocation Failure) [PSYoungGen: 57363K->1533K(57856K)] 454229K->398399K(559616K), 0.0018137 secs] [Times: user=0.00 sys=0.00, real=0.00 secs] 
3386.954: [GC (Allocation Failure) [PSYoungGen: 57341K->1456K(57856K)] 454207K->398321K(559616K), 0.0038492 secs] [Times: user=0.02 sys=0.00, real=0.00 secs] 
3387.515: [GC (Allocation Failure) [PSYoungGen: 57264K->1440K(57856K)] 454129K->398305K(559616K), 0.0034230 secs] [Times: user=0.02 sys=0.00, real=0.00 secs] 
3387.835: [GC (Allocation Failure) [PSYoungGen: 57248K->1440K(57856K)] 454113K->398305K(559616K), 0.0023664 secs] [Times: user=0.00 sys=0.00, real=0.00 secs] 
3388.067: [GC (Allocation Failure) [PSYoungGen: 57248K->1392K(57856K)] 454113K->398257K(559616K), 0.0022857 secs] [Times: user=0.01 sys=0.00, real=0.00 secs] 
3388.350: [GC (Allocation Failure) [PSYoungGen: 57200K->1376K(57856K)] 454065K->398241K(559616K), 0.0020007 secs] [Times: user=0.00 sys=0.00, real=0.00 secs] 
3388.650: [GC (Allocation Failure) [PSYoungGen: 57184K->1437K(57856K)] 454049K->398303K(559616K), 0.0017133 secs] [Times: user=0.01 sys=0.00, real=0.00 secs] 
3388.976: [GC (Allocation Failure) [PSYoungGen: 57245K->1597K(57856K)] 454111K->398479K(559616K), 0.0018008 secs] [Times: user=0.01 sys=0.00, real=0.00 secs] 
3389.311: [GC (Allocation Failure) [PSYoungGen: 57405K->1565K(57856K)] 454287K->398447K(559616K), 0.0017080 secs] [Times: user=0.00 sys=0.00, real=0.00 secs] 
3389.643: [GC (Allocation Failure) [PSYoungGen: 57373K->1597K(57856K)] 454255K->398479K(559616K), 0.0018097 secs] [Times: user=0.01 sys=0.00, real=0.01 secs] 
3389.971: [GC (Allocation Failure) [PSYoungGen: 57405K->1565K(57856K)] 454287K->398447K(559616K), 0.0017639 secs] [Times: user=0.01 sys=0.00, real=0.01 secs] 
3390.250: [GC (Allocation Failure) [PSYoungGen: 57373K->1408K(57856K)] 454255K->398305K(559616K), 0.0020247 secs] [Times: user=0.00 sys=0.00, real=0.00 secs] 
3390.483: [GC (Allocation Failure) [PSYoungGen: 57216K->1344K(57856K)] 454113K->398241K(559616K), 0.0019486 secs] [Times: user=0.00 sys=0.00, real=0.01 secs] 
3390.715: [GC (Allocation Failure) [PSYoungGen: 57152K->1376K(57856K)] 454049K->398273K(559616K), 0.0020908 secs] [Times: user=0.01 sys=0.00, real=0.00 secs] 
3390.987: [GC (Allocation Failure) [PSYoungGen: 57184K->1376K(57856K)] 454081K->398273K(559616K), 0.0021397 secs] [Times: user=0.01 sys=0.00, real=0.00 secs] 
3391.219: [GC (Allocation Failure) [PSYoungGen: 57184K->1376K(57856K)] 454081K->398273K(559616K), 0.0021682 secs] [Times: user=0.01 sys=0.00, real=0.00 secs] 
3391.577: [GC (Allocation Failure) [PSYoungGen: 57184K->1533K(57856K)] 454081K->398439K(559616K), 0.0016867 secs] [Times: user=0.00 sys=0.00, real=0.00 secs] 
3391.906: [GC (Allocation Failure) [PSYoungGen: 57341K->1597K(57856K)] 454247K->398503K(559616K), 0.0017764 secs] [Times: user=0.01 sys=0.00, real=0.00 secs] 
3392.236: [GC (Allocation Failure) [PSYoungGen: 57405K->1536K(57856K)] 454311K->398442K(559616K), 0.0018363 secs] [Times: user=0.01 sys=0.00, real=0.00 secs] 
3392.563: [GC (Allocation Failure) [PSYoungGen: 57344K->1565K(57856K)] 454250K->398471K(559616K), 0.0017292 secs] [Times: user=0.00 sys=0.00, real=0.00 secs] 
3392.949: [GC (Allocation Failure) [PSYoungGen: 57373K->1440K(57856K)] 454279K->398345K(559616K), 0.0021066 secs] [Times: user=0.01 sys=0.00, real=0.00 secs] 
3393.292: [GC (Allocation Failure) [PSYoungGen: 57248K->1408K(57856K)] 454153K->398313K(559616K), 0.0023506 secs] [Times: user=0.01 sys=0.00, real=0.01 secs] 
3393.663: [GC (Allocation Failure) [PSYoungGen: 57216K->1344K(57856K)] 454121K->398249K(559616K), 0.0022281 secs] [Times: user=0.01 sys=0.00, real=0.00 secs] 
3394.151: [GC (Allocation Failure) [PSYoungGen: 57152K->1408K(57856K)] 454057K->398313K(559616K), 0.0023271 secs] [Times: user=0.01 sys=0.00, real=0.01 secs] 
3394.629: [GC (Allocation Failure) [PSYoungGen: 57216K->1360K(57856K)] 454121K->398265K(559616K), 0.0022258 secs] [Times: user=0.01 sys=0.00, real=0.00 secs] 
3395.056: [GC (Allocation Failure) [PSYoungGen: 57168K->1469K(57856K)] 454073K->398375K(559616K), 0.0017724 secs] [Times: user=0.00 sys=0.00, real=0.00 secs] 
3395.382: [GC (Allocation Failure) [PSYoungGen: 57277K->1565K(57856K)] 454183K->398479K(559616K), 0.0018049 secs] [Times: user=0.00 sys=0.00, real=0.01 secs] 
3395.708: [GC (Allocation Failure) [PSYoungGen: 57373K->1597K(57856K)] 454287K->398511K(559616K), 0.0018175 secs] [Times: user=0.01 sys=0.00, real=0.00 secs] 
3396.035: [GC (Allocation Failure) [PSYoungGen: 57405K->1597K(57856K)] 454319K->398511K(559616K), 0.0018303 secs] [Times: user=0.00 sys=0.00, real=0.00 secs] 
3396.391: [GC (Allocation Failure) [PSYoungGen: 57405K->2016K(57856K)] 454319K->399442K(559616K), 0.0020880 secs] [Times: user=0.01 sys=0.00, real=0.01 secs] 
3396.636: [GC (Allocation Failure) [PSYoungGen: 57824K->1408K(57856K)] 455250K->398833K(559616K), 0.0020179 secs] [Times: user=0.01 sys=0.00, real=0.00 secs] 
3396.869: [GC (Allocation Failure) [PSYoungGen: 57216K->1392K(57856K)] 454641K->398818K(559616K), 0.0020008 secs] [Times: user=0.01 sys=0.00, real=0.00 secs] 
3397.284: [GC (Allocation Failure) [PSYoungGen: 57200K->1376K(57856K)] 454626K->398801K(559616K), 0.0041506 secs] [Times: user=0.02 sys=0.00, real=0.00 secs] 
3397.716: [GC (Allocation Failure) [PSYoungGen: 57184K->1376K(57856K)] 454609K->398801K(559616K), 0.0034797 secs] [Times: user=0.02 sys=0.00, real=0.00 secs] 
3398.191: [GC (Allocation Failure) [PSYoungGen: 57184K->1501K(57856K)] 454609K->398927K(559616K), 0.0023977 secs] [Times: user=0.01 sys=0.00, real=0.01 secs] 
3398.644: [GC (Allocation Failure) [PSYoungGen: 57309K->1597K(57856K)] 454735K->399031K(559616K), 0.0019385 secs] [Times: user=0.00 sys=0.00, real=0.00 secs] 
3398.972: [GC (Allocation Failure) [PSYoungGen: 57405K->1565K(57856K)] 454839K->398999K(559616K), 0.0017602 secs] [Times: user=0.01 sys=0.00, real=0.01 secs] 
3399.299: [GC (Allocation Failure) [PSYoungGen: 57373K->1501K(57856K)] 454807K->398935K(559616K), 0.0020798 secs] [Times: user=0.01 sys=0.00, real=0.00 secs] 
3399.709: [GC (Allocation Failure) [PSYoungGen: 57309K->1565K(57856K)] 454743K->398999K(559616K), 0.0017493 secs] [Times: user=0.01 sys=0.00, real=0.00 secs] 
3400.786: [GC (Allocation Failure) [PSYoungGen: 57373K->1408K(57856K)] 454807K->398841K(559616K), 0.0041813 secs] [Times: user=0.02 sys=0.00, real=0.00 secs] 
3401.371: [GC (Allocation Failure) [PSYoungGen: 57216K->1376K(57856K)] 454649K->398825K(559616K), 0.0043892 secs] [Times: user=0.02 sys=0.00, real=0.01 secs] 
3401.766: [GC (Allocation Failure) [PSYoungGen: 57184K->1408K(57856K)] 454633K->398857K(559616K), 0.0027967 secs] [Times: user=0.01 sys=0.00, real=0.00 secs] 
3402.215: [GC (Allocation Failure) [PSYoungGen: 57216K->1408K(57856K)] 454665K->398857K(559616K), 0.0025995 secs] [Times: user=0.01 sys=0.00, real=0.00 secs] 
3402.795: [GC (Allocation Failure) [PSYoungGen: 57216K->1344K(57856K)] 454665K->398793K(559616K), 0.0023368 secs] [Times: user=0.01 sys=0.00, real=0.00 secs] 
3403.232: [GC (Allocation Failure) [PSYoungGen: 57152K->1533K(57856K)] 454601K->398991K(559616K), 0.0017586 secs] [Times: user=0.01 sys=0.00, real=0.01 secs] 
3403.557: [GC (Allocation Failure) [PSYoungGen: 57341K->1536K(57856K)] 454799K->398994K(559616K), 0.0017448 secs] [Times: user=0.01 sys=0.00, real=0.00 secs] 
3403.886: [GC (Allocation Failure) [PSYoungGen: 57344K->1501K(57856K)] 454802K->398959K(559616K), 0.0018415 secs] [Times: user=0.01 sys=0.00, real=0.00 secs] 
3404.213: [GC (Allocation Failure) [PSYoungGen: 57309K->1549K(57856K)] 454767K->399007K(559616K), 0.0017248 secs] [Times: user=0.00 sys=0.00, real=0.00 secs] 
3404.593: [GC (Allocation Failure) [PSYoungGen: 57357K->1504K(57856K)] 454815K->398961K(559616K), 0.0019886 secs] [Times: user=0.01 sys=0.00, real=0.01 secs] 
3404.842: [GC (Allocation Failure) [PSYoungGen: 57312K->1376K(57856K)] 454769K->398833K(559616K), 0.0018600 secs] [Times: user=0.01 sys=0.00, real=0.01 secs] 
3405.141: [GC (Allocation Failure) [PSYoungGen: 57184K->1440K(57856K)] 454641K->398897K(559616K), 0.0022905 secs] [Times: user=0.01 sys=0.00, real=0.00 secs] 
3405.392: [GC (Allocation Failure) [PSYoungGen: 57248K->1376K(57856K)] 454705K->398833K(559616K), 0.0025420 secs] [Times: user=0.00 sys=0.00, real=0.01 secs] 
3405.658: [GC (Allocation Failure) [PSYoungGen: 57184K->1312K(57856K)] 454641K->398769K(559616K), 0.0027860 secs] [Times: user=0.01 sys=0.00, real=0.00 secs] 
3406.055: [GC (Allocation Failure) [PSYoungGen: 57120K->1469K(57856K)] 454577K->398927K(559616K), 0.0017725 secs] [Times: user=0.01 sys=0.00, real=0.00 secs] 
3406.381: [GC (Allocation Failure) [PSYoungGen: 57277K->1565K(57856K)] 454735K->399039K(559616K), 0.0018101 secs] [Times: user=0.01 sys=0.00, real=0.00 secs] 
3406.771: [GC (Allocation Failure) [PSYoungGen: 57373K->1597K(57856K)] 454847K->399071K(559616K), 0.0017479 secs] [Times: user=0.00 sys=0.00, real=0.00 secs] 
3407.103: [GC (Allocation Failure) [PSYoungGen: 57405K->1536K(57856K)] 454879K->399010K(559616K), 0.0018130 secs] [Times: user=0.01 sys=0.00, real=0.00 secs] 
3407.431: [GC (Allocation Failure) [PSYoungGen: 57315K->1565K(57856K)] 454789K->399039K(559616K), 0.0019741 secs] [Times: user=0.01 sys=0.00, real=0.01 secs] 
3407.736: [GC (Allocation Failure) [PSYoungGen: 57373K->1440K(57856K)] 454847K->398913K(559616K), 0.0021736 secs] [Times: user=0.01 sys=0.00, real=0.00 secs] 
3408.028: [GC (Allocation Failure) [PSYoungGen: 57248K->1408K(57856K)] 454721K->398881K(559616K), 0.0024414 secs] [Times: user=0.01 sys=0.01, real=0.00 secs] 
3408.263: [GC (Allocation Failure) [PSYoungGen: 57216K->1440K(57856K)] 454689K->398913K(559616K), 0.0033993 secs] [Times: user=0.01 sys=0.00, real=0.00 secs] 
3408.567: [GC (Allocation Failure) [PSYoungGen: 57248K->1440K(57856K)] 454721K->398913K(559616K), 0.0026136 secs] [Times: user=0.01 sys=0.00, real=0.00 secs] 
3408.799: [GC (Allocation Failure) [PSYoungGen: 57248K->1408K(57856K)] 454721K->398881K(559616K), 0.0022862 secs] [Times: user=0.01 sys=0.00, real=0.00 secs] 
3409.166: [GC (Allocation Failure) [PSYoungGen: 57216K->1501K(57856K)] 454689K->398991K(559616K), 0.0018126 secs] [Times: user=0.01 sys=0.00, real=0.00 secs] 
3409.555: [GC (Allocation Failure) [PSYoungGen: 57309K->1533K(57856K)] 454799K->399047K(559616K), 0.0017579 secs] [Times: user=0.01 sys=0.00, real=0.00 secs] 
3409.977: [GC (Allocation Failure) [PSYoungGen: 57341K->1533K(57856K)] 454855K->399047K(559616K), 0.0019013 secs] [Times: user=0.01 sys=0.00, real=0.00 secs] 
3410.303: [GC (Allocation Failure) [PSYoungGen: 57341K->1501K(57856K)] 454855K->399015K(559616K), 0.0018457 secs] [Times: user=0.01 sys=0.00, real=0.00 secs] 
3410.785: [GC (Allocation Failure) [PSYoungGen: 57309K->1408K(57856K)] 454823K->398921K(559616K), 0.0042398 secs] [Times: user=0.02 sys=0.00, real=0.00 secs] 
3411.222: [GC (Allocation Failure) [PSYoungGen: 57216K->1408K(57856K)] 454729K->398921K(559616K), 0.0031187 secs] [Times: user=0.01 sys=0.00, real=0.01 secs] 
3411.482: [GC (Allocation Failure) [PSYoungGen: 57216K->1408K(57856K)] 454729K->398921K(559616K), 0.0022712 secs] [Times: user=0.01 sys=0.00, real=0.01 secs] 
3411.750: [GC (Allocation Failure) [PSYoungGen: 57216K->1344K(57856K)] 454729K->398857K(559616K), 0.0019808 secs] [Times: user=0.01 sys=0.00, real=0.00 secs] 
3412.031: [GC (Allocation Failure) [PSYoungGen: 57152K->1440K(57856K)] 454665K->398953K(559616K), 0.0020561 secs] [Times: user=0.01 sys=0.00, real=0.00 secs] 
3412.349: [GC (Allocation Failure) [PSYoungGen: 57248K->1536K(57856K)] 454761K->399050K(559616K), 0.0017321 secs] [Times: user=0.01 sys=0.00, real=0.00 secs] 
3412.676: [GC (Allocation Failure) [PSYoungGen: 57344K->1533K(57856K)] 454858K->399063K(559616K), 0.0018304 secs] [Times: user=0.01 sys=0.00, real=0.00 secs] 
3413.004: [GC (Allocation Failure) [PSYoungGen: 57341K->1565K(57856K)] 454871K->399095K(559616K), 0.0017432 secs] [Times: user=0.01 sys=0.00, real=0.00 secs] 
3413.331: [GC (Allocation Failure) [PSYoungGen: 57373K->1597K(57856K)] 454903K->399127K(559616K), 0.0018382 secs] [Times: user=0.01 sys=0.00, real=0.00 secs] 
3413.817: [GC (Allocation Failure) [PSYoungGen: 57405K->1472K(57856K)] 454935K->399001K(559616K), 0.0022271 secs] [Times: user=0.01 sys=0.00, real=0.00 secs] 
3414.611: [GC (Allocation Failure) [PSYoungGen: 57280K->1424K(57856K)] 454809K->398954K(559616K), 0.0039922 secs] [Times: user=0.01 sys=0.00, real=0.01 secs] 
3415.170: [GC (Allocation Failure) [PSYoungGen: 57232K->1376K(57856K)] 454762K->398905K(559616K), 0.0034561 secs] [Times: user=0.01 sys=0.00, real=0.01 secs] 
3415.623: [GC (Allocation Failure) [PSYoungGen: 57184K->1408K(57856K)] 454713K->398937K(559616K), 0.0029336 secs] [Times: user=0.01 sys=0.00, real=0.01 secs] 
3416.223: [GC (Allocation Failure) [PSYoungGen: 57216K->1440K(57856K)] 454745K->398969K(559616K), 0.0033657 secs] [Times: user=0.02 sys=0.00, real=0.00 secs] 
3416.822: [GC (GCLocker Initiated GC) [PSYoungGen: 57248K->1501K(57856K)] 454778K->399031K(559616K), 0.0021585 secs] [Times: user=0.01 sys=0.00, real=0.01 secs] 
3417.173: [GC (Allocation Failure) [PSYoungGen: 57309K->1437K(57856K)] 455096K->399240K(559616K), 0.0017555 secs] [Times: user=0.01 sys=0.01, real=0.00 secs] 
3417.499: [GC (Allocation Failure) [PSYoungGen: 57245K->1549K(57856K)] 455048K->399352K(559616K), 0.0018259 secs] [Times: user=0.00 sys=0.00, real=0.00 secs] 
3417.827: [GC (Allocation Failure) [PSYoungGen: 57357K->1549K(57856K)] 455160K->399352K(559616K), 0.0017862 secs] [Times: user=0.00 sys=0.00, real=0.00 secs] 
3418.155: [GC (Allocation Failure) [PSYoungGen: 57357K->1533K(57856K)] 455160K->399336K(559616K), 0.0015944 secs] [Times: user=0.00 sys=0.00, real=0.00 secs] 
3418.886: [GC (Allocation Failure) [PSYoungGen: 57341K->1472K(57856K)] 455144K->399275K(559616K), 0.0026667 secs] [Times: user=0.01 sys=0.00, real=0.00 secs] 
3419.524: [GC (Allocation Failure) [PSYoungGen: 57280K->1392K(57856K)] 455083K->399195K(559616K), 0.0025958 secs] [Times: user=0.01 sys=0.00, real=0.00 secs] 
3419.970: [GC (Allocation Failure) [PSYoungGen: 57200K->1408K(57856K)] 455003K->399211K(559616K), 0.0023909 secs] [Times: user=0.01 sys=0.00, real=0.00 secs] 
3420.394: [GC (Allocation Failure) [PSYoungGen: 57216K->1472K(57856K)] 455019K->399275K(559616K), 0.0022735 secs] [Times: user=0.01 sys=0.00, real=0.00 secs] 
3421.021: [GC (Allocation Failure) [PSYoungGen: 57280K->1376K(57856K)] 455083K->399179K(559616K), 0.0028917 secs] [Times: user=0.01 sys=0.00, real=0.01 secs] 
3421.571: [GC (Allocation Failure) [PSYoungGen: 57184K->1549K(57856K)] 454987K->399376K(559616K), 0.0017190 secs] [Times: user=0.01 sys=0.00, real=0.00 secs] 
3421.898: [GC (Allocation Failure) [PSYoungGen: 57357K->1613K(57856K)] 455184K->399440K(559616K), 0.0018907 secs] [Times: user=0.01 sys=0.00, real=0.00 secs] 
3422.289: [GC (Allocation Failure) [PSYoungGen: 57421K->1581K(57856K)] 455248K->399440K(559616K), 0.0017541 secs] [Times: user=0.01 sys=0.00, real=0.00 secs] 
3422.618: [GC (Allocation Failure) [PSYoungGen: 57389K->1613K(57856K)] 455248K->399472K(559616K), 0.0017507 secs] [Times: user=0.01 sys=0.00, real=0.00 secs] 
3422.956: [GC (Allocation Failure) [PSYoungGen: 57421K->1504K(57856K)] 455280K->399363K(559616K), 0.0022658 secs] [Times: user=0.01 sys=0.00, real=0.00 secs] 
3423.197: [GC (Allocation Failure) [PSYoungGen: 57312K->1376K(57856K)] 455171K->399283K(559616K), 0.0023270 secs] [Times: user=0.01 sys=0.00, real=0.00 secs] 
3423.441: [GC (Allocation Failure) [PSYoungGen: 57184K->1376K(57856K)] 455091K->399291K(559616K), 0.0022310 secs] [Times: user=0.01 sys=0.00, real=0.01 secs] 
3423.762: [GC (Allocation Failure) [PSYoungGen: 57184K->1424K(57856K)] 455099K->399339K(559616K), 0.0021052 secs] [Times: user=0.01 sys=0.00, real=0.01 secs] 
3424.174: [GC (Allocation Failure) [PSYoungGen: 57232K->1376K(57856K)] 455147K->399291K(559616K), 0.0021114 secs] [Times: user=0.01 sys=0.00, real=0.00 secs] 
3424.673: [GC (Allocation Failure) [PSYoungGen: 57184K->1533K(57856K)] 455099K->399448K(559616K), 0.0023003 secs] [Times: user=0.01 sys=0.00, real=0.01 secs] 
3425.015: [GC (Allocation Failure) [PSYoungGen: 57341K->1549K(57856K)] 455256K->399488K(559616K), 0.0017314 secs] [Times: user=0.01 sys=0.00, real=0.00 secs] 
3425.396: [GC (Allocation Failure) [PSYoungGen: 57357K->1581K(57856K)] 455296K->399520K(559616K), 0.0018914 secs] [Times: user=0.01 sys=0.00, real=0.00 secs] 
3425.722: [GC (Allocation Failure) [PSYoungGen: 57389K->1581K(57856K)] 455328K->399520K(559616K), 0.0017349 secs] [Times: user=0.01 sys=0.00, real=0.01 secs] 
3426.048: [GC (Allocation Failure) [PSYoungGen: 57389K->192K(57856K)] 455328K->398131K(559616K), 0.0015957 secs] [Times: user=0.01 sys=0.00, real=0.00 secs] 
3426.957: [GC (Allocation Failure) [PSYoungGen: 56000K->1408K(57856K)] 453939K->399347K(559616K), 0.0042125 secs] [Times: user=0.02 sys=0.00, real=0.00 secs] 
3427.624: [GC (Allocation Failure) [PSYoungGen: 57216K->1440K(57856K)] 455155K->399379K(559616K), 0.0043426 secs] [Times: user=0.01 sys=0.00, real=0.00 secs] 
3428.244: [GC (Allocation Failure) [PSYoungGen: 57248K->1408K(57856K)] 455187K->399347K(559616K), 0.0044142 secs] [Times: user=0.02 sys=0.00, real=0.00 secs] 
3428.715: [GC (Allocation Failure) [PSYoungGen: 57216K->1408K(57856K)] 455155K->399347K(559616K), 0.0030577 secs] [Times: user=0.01 sys=0.00, real=0.00 secs] 
3429.215: [GC (Allocation Failure) [PSYoungGen: 57216K->1408K(57856K)] 455155K->399347K(559616K), 0.0028574 secs] [Times: user=0.01 sys=0.00, real=0.00 secs] 
3429.611: [GC (Allocation Failure) [PSYoungGen: 57216K->1517K(57856K)] 455155K->399464K(559616K), 0.0018508 secs] [Times: user=0.01 sys=0.00, real=0.00 secs] 
3429.937: [GC (Allocation Failure) [PSYoungGen: 57325K->1581K(57856K)] 455272K->399528K(559616K), 0.0018801 secs] [Times: user=0.01 sys=0.00, real=0.00 secs] 
3430.275: [GC (Allocation Failure) [PSYoungGen: 57389K->1549K(57856K)] 455336K->399496K(559616K), 0.0017321 secs] [Times: user=0.01 sys=0.00, real=0.00 secs] 
3430.601: [GC (Allocation Failure) [PSYoungGen: 57329K->1549K(57856K)] 455276K->399496K(559616K), 0.0017727 secs] [Times: user=0.01 sys=0.00, real=0.00 secs] 
3430.903: [GC (Allocation Failure) [PSYoungGen: 57357K->1472K(57856K)] 455304K->399419K(559616K), 0.0019784 secs] [Times: user=0.00 sys=0.00, real=0.01 secs] 
3431.142: [GC (Allocation Failure) [PSYoungGen: 57280K->1376K(57856K)] 455227K->399323K(559616K), 0.0018918 secs] [Times: user=0.01 sys=0.00, real=0.01 secs] 
3431.374: [GC (Allocation Failure) [PSYoungGen: 57184K->1376K(57856K)] 455131K->399339K(559616K), 0.0019955 secs] [Times: user=0.01 sys=0.00, real=0.00 secs] 
3431.876: [GC (Allocation Failure) [PSYoungGen: 57184K->1376K(57856K)] 455147K->399339K(559616K), 0.0022636 secs] [Times: user=0.01 sys=0.00, real=0.00 secs] 
3432.301: [GC (Allocation Failure) [PSYoungGen: 57184K->1344K(57856K)] 455147K->399307K(559616K), 0.0023447 secs] [Times: user=0.01 sys=0.00, real=0.01 secs] 
3432.833: [GC (Allocation Failure) [PSYoungGen: 57148K->1456K(57856K)] 455112K->399419K(559616K), 0.0016772 secs] [Times: user=0.00 sys=0.00, real=0.00 secs] 
3433.160: [GC (Allocation Failure) [PSYoungGen: 57264K->1549K(57856K)] 455227K->399520K(559616K), 0.0017282 secs] [Times: user=0.00 sys=0.00, real=0.00 secs] 
3433.486: [GC (Allocation Failure) [PSYoungGen: 57357K->1485K(57856K)] 455328K->399456K(559616K), 0.0018247 secs] [Times: user=0.01 sys=0.00, real=0.00 secs] 
3433.814: [GC (Allocation Failure) [PSYoungGen: 57293K->1520K(57856K)] 455264K->399491K(559616K), 0.0017269 secs] [Times: user=0.01 sys=0.00, real=0.00 secs] 
3434.121: [GC (Allocation Failure) [PSYoungGen: 57328K->1472K(57856K)] 455299K->399443K(559616K), 0.0020145 secs] [Times: user=0.01 sys=0.00, real=0.01 secs] 
3434.376: [GC (Allocation Failure) [PSYoungGen: 57280K->1440K(57856K)] 455251K->399411K(559616K), 0.0025536 secs] [Times: user=0.01 sys=0.00, real=0.00 secs] 
3434.824: [GC (Allocation Failure) [PSYoungGen: 57248K->1424K(57856K)] 455219K->399395K(559616K), 0.0024011 secs] [Times: user=0.01 sys=0.00, real=0.00 secs] 
3435.309: [GC (Allocation Failure) [PSYoungGen: 57232K->1344K(57856K)] 455203K->399315K(559616K), 0.0024105 secs] [Times: user=0.01 sys=0.00, real=0.00 secs] 
3435.759: [GC (Allocation Failure) [PSYoungGen: 57152K->1360K(57856K)] 455123K->399331K(559616K), 0.0024136 secs] [Times: user=0.01 sys=0.00, real=0.00 secs] 
3436.275: [GC (Allocation Failure) [PSYoungGen: 57168K->1456K(57856K)] 455139K->399427K(559616K), 0.0021589 secs] [Times: user=0.01 sys=0.00, real=0.00 secs] 
3436.608: [GC (Allocation Failure) [PSYoungGen: 57264K->1581K(57856K)] 455235K->399568K(559616K), 0.0017512 secs] [Times: user=0.00 sys=0.00, real=0.00 secs] 
3436.937: [GC (Allocation Failure) [PSYoungGen: 57389K->1549K(57856K)] 455376K->399536K(559616K), 0.0018201 secs] [Times: user=0.00 sys=0.00, real=0.00 secs] 
3437.265: [GC (Allocation Failure) [PSYoungGen: 57357K->1517K(57856K)] 455344K->399504K(559616K), 0.0018368 secs] [Times: user=0.01 sys=0.00, real=0.00 secs] 
3437.598: [GC (Allocation Failure) [PSYoungGen: 57325K->1581K(57856K)] 455312K->399568K(559616K), 0.0017221 secs] [Times: user=0.01 sys=0.00, real=0.00 secs] 
3437.919: [GC (Allocation Failure) [PSYoungGen: 57389K->1408K(57856K)] 455376K->399395K(559616K), 0.0021156 secs] [Times: user=0.01 sys=0.00, real=0.00 secs] 
3438.167: [GC (Allocation Failure) [PSYoungGen: 57216K->1392K(57856K)] 455203K->399379K(559616K), 0.0022860 secs] [Times: user=0.01 sys=0.00, real=0.00 secs] 
3438.400: [GC (Allocation Failure) [PSYoungGen: 57200K->1424K(57856K)] 455187K->399411K(559616K), 0.0020847 secs] [Times: user=0.00 sys=0.00, real=0.00 secs] 
3438.854: [GC (Allocation Failure) [PSYoungGen: 57232K->1360K(57856K)] 455219K->399347K(559616K), 0.0022474 secs] [Times: user=0.01 sys=0.00, real=0.00 secs] 
3439.278: [GC (Allocation Failure) [PSYoungGen: 57168K->1440K(57856K)] 455155K->399427K(559616K), 0.0021178 secs] [Times: user=0.01 sys=0.00, real=0.00 secs] 
3439.732: [GC (Allocation Failure) [PSYoungGen: 57248K->1453K(57856K)] 455235K->399448K(559616K), 0.0018268 secs] [Times: user=0.00 sys=0.00, real=0.01 secs] 
3440.058: [GC (Allocation Failure) [PSYoungGen: 57261K->1549K(57856K)] 455256K->399544K(559616K), 0.0018370 secs] [Times: user=0.01 sys=0.00, real=0.00 secs] 
3440.392: [GC (Allocation Failure) [PSYoungGen: 57357K->1517K(57856K)] 455352K->399528K(559616K), 0.0016384 secs] [Times: user=0.00 sys=0.00, real=0.01 secs] 
3440.726: [GC (Allocation Failure) [PSYoungGen: 57325K->1613K(57856K)] 455336K->399624K(559616K), 0.0018765 secs] [Times: user=0.01 sys=0.00, real=0.00 secs] 
3441.038: [GC (Allocation Failure) [PSYoungGen: 57421K->1440K(57856K)] 455432K->399451K(559616K), 0.0020965 secs] [Times: user=0.01 sys=0.00, real=0.00 secs] 
3441.270: [GC (Allocation Failure) [PSYoungGen: 57248K->1376K(57856K)] 455259K->399387K(559616K), 0.0018794 secs] [Times: user=0.00 sys=0.00, real=0.00 secs] 
3441.502: [GC (Allocation Failure) [PSYoungGen: 57184K->1408K(57856K)] 455195K->399419K(559616K), 0.0018884 secs] [Times: user=0.01 sys=0.00, real=0.01 secs] 
3441.734: [GC (Allocation Failure) [PSYoungGen: 57216K->1408K(57856K)] 455227K->399419K(559616K), 0.0018834 secs] [Times: user=0.01 sys=0.00, real=0.00 secs] 
3442.105: [GC (Allocation Failure) [PSYoungGen: 57216K->1408K(57856K)] 455227K->399419K(559616K), 0.0018898 secs] [Times: user=0.01 sys=0.00, real=0.00 secs] 
3442.512: [GC (Allocation Failure) [PSYoungGen: 57216K->1485K(57856K)] 455227K->399496K(559616K), 0.0018677 secs] [Times: user=0.01 sys=0.00, real=0.01 secs] 
3442.838: [GC (Allocation Failure) [PSYoungGen: 57293K->1581K(57856K)] 455304K->399608K(559616K), 0.0016834 secs] [Times: user=0.01 sys=0.00, real=0.00 secs] 
3443.166: [GC (Allocation Failure) [PSYoungGen: 57389K->1568K(57856K)] 455416K->399595K(559616K), 0.0017272 secs] [Times: user=0.01 sys=0.00, real=0.00 secs] 
3443.493: [GC (Allocation Failure) [PSYoungGen: 57376K->1565K(57856K)] 455403K->399592K(559616K), 0.0017032 secs] [Times: user=0.01 sys=0.00, real=0.01 secs] 
3443.821: [GC (Allocation Failure) [PSYoungGen: 57373K->256K(57856K)] 455400K->398283K(559616K), 0.0016603 secs] [Times: user=0.01 sys=0.00, real=0.00 secs] 
3444.066: [GC (Allocation Failure) [PSYoungGen: 56064K->1376K(57856K)] 454091K->399403K(559616K), 0.0020662 secs] [Times: user=0.01 sys=0.00, real=0.00 secs] 
3444.298: [GC (Allocation Failure) [PSYoungGen: 57184K->1376K(57856K)] 455211K->399403K(559616K), 0.0019810 secs] [Times: user=0.01 sys=0.01, real=0.00 secs] 
3444.530: [GC (Allocation Failure) [PSYoungGen: 57184K->1408K(57856K)] 455211K->399435K(559616K), 0.0023093 secs] [Times: user=0.01 sys=0.00, real=0.00 secs] 
3444.764: [GC (Allocation Failure) [PSYoungGen: 57216K->1376K(57856K)] 455243K->399403K(559616K), 0.0022614 secs] [Times: user=0.01 sys=0.00, real=0.00 secs] 
3444.997: [GC (Allocation Failure) [PSYoungGen: 57184K->1408K(57856K)] 455211K->399435K(559616K), 0.0026444 secs] [Times: user=0.01 sys=0.00, real=0.00 secs] 
3445.396: [GC (Allocation Failure) [PSYoungGen: 57216K->1501K(57856K)] 455243K->399536K(559616K), 0.0017578 secs] [Times: user=0.01 sys=0.00, real=0.00 secs] 
3445.777: [GC (Allocation Failure) [PSYoungGen: 57287K->1517K(57856K)] 455323K->399552K(559616K), 0.0018671 secs] [Times: user=0.01 sys=0.00, real=0.00 secs] 
3446.104: [GC (Allocation Failure) [PSYoungGen: 57325K->1581K(57856K)] 455360K->399616K(559616K), 0.0018618 secs] [Times: user=0.01 sys=0.00, real=0.00 secs] 
3446.487: [GC (Allocation Failure) [PSYoungGen: 57389K->1581K(57856K)] 455424K->399616K(559616K), 0.0017738 secs] [Times: user=0.00 sys=0.00, real=0.00 secs] 
3446.808: [GC (Allocation Failure) [PSYoungGen: 57389K->1440K(57856K)] 455424K->399475K(559616K), 0.0024724 secs] [Times: user=0.01 sys=0.00, real=0.00 secs] 
3447.041: [GC (Allocation Failure) [PSYoungGen: 57248K->1408K(57856K)] 455283K->399443K(559616K), 0.0022241 secs] [Times: user=0.01 sys=0.00, real=0.01 secs] 
3447.274: [GC (Allocation Failure) [PSYoungGen: 57216K->1392K(57856K)] 455251K->399427K(559616K), 0.0021932 secs] [Times: user=0.01 sys=0.00, real=0.00 secs] 
3447.506: [GC (Allocation Failure) [PSYoungGen: 57200K->1376K(57856K)] 455235K->399411K(559616K), 0.0021982 secs] [Times: user=0.01 sys=0.00, real=0.00 secs] 
3447.738: [GC (Allocation Failure) [PSYoungGen: 57184K->1440K(57856K)] 455219K->399475K(559616K), 0.0020170 secs] [Times: user=0.01 sys=0.00, real=0.00 secs] 
3448.142: [GC (Allocation Failure) [PSYoungGen: 57248K->1517K(57856K)] 455283K->399552K(559616K), 0.0018122 secs] [Times: user=0.01 sys=0.00, real=0.01 secs] 
3448.468: [GC (Allocation Failure) [PSYoungGen: 57325K->1520K(57856K)] 455360K->399571K(559616K), 0.0018188 secs] [Times: user=0.01 sys=0.00, real=0.00 secs] 
3448.796: [GC (Allocation Failure) [PSYoungGen: 57328K->1565K(57856K)] 455379K->399616K(559616K), 0.0017728 secs] [Times: user=0.00 sys=0.00, real=0.00 secs] 
3449.122: [GC (Allocation Failure) [PSYoungGen: 57373K->1517K(57856K)] 455424K->399568K(559616K), 0.0018823 secs] [Times: user=0.01 sys=0.00, real=0.01 secs] 
3449.482: [GC (Allocation Failure) [PSYoungGen: 57325K->1472K(57856K)] 455376K->399523K(559616K), 0.0019542 secs] [Times: user=0.01 sys=0.00, real=0.01 secs] 
3449.918: [GC (Allocation Failure) [PSYoungGen: 57280K->1312K(57856K)] 455331K->399387K(559616K), 0.0019661 secs] [Times: user=0.01 sys=0.00, real=0.00 secs] 
3450.251: [GC (Allocation Failure) [PSYoungGen: 57120K->1344K(57856K)] 455195K->399419K(559616K), 0.0019481 secs] [Times: user=0.00 sys=0.00, real=0.01 secs] 
3450.483: [GC (Allocation Failure) [PSYoungGen: 57152K->1376K(57856K)] 455227K->399451K(559616K), 0.0019776 secs] [Times: user=0.01 sys=0.00, real=0.01 secs] 
3450.715: [GC (Allocation Failure) [PSYoungGen: 57184K->1408K(57856K)] 455259K->399483K(559616K), 0.0019669 secs] [Times: user=0.01 sys=0.00, real=0.00 secs] 
3450.989: [GC (Allocation Failure) [PSYoungGen: 57216K->1437K(57856K)] 455291K->399512K(559616K), 0.0016682 secs] [Times: user=0.01 sys=0.00, real=0.00 secs] 
3451.376: [GC (Allocation Failure) [PSYoungGen: 57245K->1549K(57856K)] 455320K->399640K(559616K), 0.0018277 secs] [Times: user=0.01 sys=0.00, real=0.00 secs] 
3451.705: [GC (Allocation Failure) [PSYoungGen: 57357K->1549K(57856K)] 455448K->399640K(559616K), 0.0019096 secs] [Times: user=0.00 sys=0.00, real=0.00 secs] 
3452.093: [GC (Allocation Failure) [PSYoungGen: 57357K->1488K(57856K)] 455448K->399579K(559616K), 0.0019792 secs] [Times: user=0.00 sys=0.00, real=0.01 secs] 
3452.484: [GC (Allocation Failure) [PSYoungGen: 57296K->1517K(57856K)] 455387K->399608K(559616K), 0.0017922 secs] [Times: user=0.00 sys=0.00, real=0.00 secs] 
3452.925: [GC (Allocation Failure) [PSYoungGen: 57325K->1376K(57856K)] 455416K->399467K(559616K), 0.0041770 secs] [Times: user=0.02 sys=0.00, real=0.00 secs] 
3453.219: [GC (Allocation Failure) [PSYoungGen: 57184K->1440K(57856K)] 455275K->399531K(559616K), 0.0021993 secs] [Times: user=0.01 sys=0.00, real=0.00 secs] 
3453.451: [GC (Allocation Failure) [PSYoungGen: 57248K->1408K(57856K)] 455339K->399499K(559616K), 0.0021809 secs] [Times: user=0.01 sys=0.00, real=0.01 secs] 
3453.683: [GC (Allocation Failure) [PSYoungGen: 57216K->1376K(57856K)] 455307K->399467K(559616K), 0.0021800 secs] [Times: user=0.01 sys=0.00, real=0.00 secs] 
3453.915: [GC (Allocation Failure) [PSYoungGen: 57184K->1344K(57856K)] 455275K->399435K(559616K), 0.0020764 secs] [Times: user=0.01 sys=0.00, real=0.00 secs] 
3454.246: [GC (Allocation Failure) [PSYoungGen: 57152K->1533K(57856K)] 455243K->399632K(559616K), 0.0017092 secs] [Times: user=0.01 sys=0.00, real=0.00 secs] 
3454.572: [GC (Allocation Failure) [PSYoungGen: 57341K->1552K(57856K)] 455440K->399651K(559616K), 0.0018562 secs] [Times: user=0.01 sys=0.00, real=0.01 secs] 
3454.898: [GC (Allocation Failure) [PSYoungGen: 57360K->1533K(57856K)] 455459K->399632K(559616K), 0.0017874 secs] [Times: user=0.01 sys=0.00, real=0.00 secs] 
3455.226: [GC (Allocation Failure) [PSYoungGen: 57341K->1565K(57856K)] 455440K->399664K(559616K), 0.0018671 secs] [Times: user=0.01 sys=0.01, real=0.00 secs] 
3455.558: [GC (Allocation Failure) [PSYoungGen: 57373K->1472K(57856K)] 455472K->399571K(559616K), 0.0021192 secs] [Times: user=0.01 sys=0.00, real=0.00 secs] 
3455.873: [GC (Allocation Failure) [PSYoungGen: 57280K->1392K(57856K)] 455379K->399491K(559616K), 0.0020200 secs] [Times: user=0.00 sys=0.00, real=0.00 secs] 
3456.105: [GC (Allocation Failure) [PSYoungGen: 57200K->1376K(57856K)] 455299K->399475K(559616K), 0.0020676 secs] [Times: user=0.01 sys=0.00, real=0.00 secs] 
3456.368: [GC (Allocation Failure) [PSYoungGen: 57184K->1408K(57856K)] 455283K->399507K(559616K), 0.0020876 secs] [Times: user=0.01 sys=0.00, real=0.00 secs] 
3456.600: [GC (Allocation Failure) [PSYoungGen: 57216K->1376K(57856K)] 455315K->399475K(559616K), 0.0020090 secs] [Times: user=0.00 sys=0.00, real=0.00 secs] 
3456.901: [GC (Allocation Failure) [PSYoungGen: 57184K->1485K(57856K)] 455283K->399584K(559616K), 0.0016621 secs] [Times: user=0.01 sys=0.00, real=0.00 secs] 
3457.225: [GC (Allocation Failure) [PSYoungGen: 57293K->1517K(57856K)] 455392K->399632K(559616K), 0.0018728 secs] [Times: user=0.01 sys=0.00, real=0.00 secs] 
3457.554: [GC (Allocation Failure) [PSYoungGen: 57325K->1517K(57856K)] 455440K->399632K(559616K), 0.0017427 secs] [Times: user=0.01 sys=0.00, real=0.00 secs] 
3457.883: [GC (Allocation Failure) [PSYoungGen: 57325K->1581K(57856K)] 455440K->399696K(559616K), 0.0017336 secs] [Times: user=0.01 sys=0.00, real=0.01 secs] 
3458.209: [GC (Allocation Failure) [PSYoungGen: 57389K->1520K(57856K)] 455504K->399635K(559616K), 0.0024225 secs] [Times: user=0.01 sys=0.00, real=0.00 secs] 
3458.461: [GC (Allocation Failure) [PSYoungGen: 57328K->1376K(57856K)] 455443K->399491K(559616K), 0.0016431 secs] [Times: user=0.01 sys=0.00, real=0.00 secs] 
3458.693: [GC (Allocation Failure) [PSYoungGen: 57184K->1408K(57856K)] 455299K->399523K(559616K), 0.0023105 secs] [Times: user=0.01 sys=0.00, real=0.00 secs] 
3459.027: [GC (Allocation Failure) [PSYoungGen: 57216K->1376K(57856K)] 455331K->399491K(559616K), 0.0029451 secs] [Times: user=0.01 sys=0.00, real=0.00 secs] 
3459.458: [GC (Allocation Failure) [PSYoungGen: 57184K->1376K(57856K)] 455299K->399515K(559616K), 0.0035107 secs] [Times: user=0.02 sys=0.00, real=0.00 secs] 
3459.883: [GC (Allocation Failure) [PSYoungGen: 57091K->288K(57856K)] 455230K->398427K(559616K), 0.0025884 secs] [Times: user=0.01 sys=0.00, real=0.01 secs] 
3460.393: [GC (Allocation Failure) [PSYoungGen: 56096K->1520K(57856K)] 454235K->399675K(559616K), 0.0019771 secs] [Times: user=0.01 sys=0.00, real=0.00 secs] 
3460.719: [GC (Allocation Failure) [PSYoungGen: 57328K->1552K(57856K)] 455483K->399707K(559616K), 0.0018173 secs] [Times: user=0.01 sys=0.00, real=0.00 secs] 
3461.126: [GC (Allocation Failure) [PSYoungGen: 57360K->1488K(57856K)] 455515K->399643K(559616K), 0.0018218 secs] [Times: user=0.01 sys=0.00, real=0.00 secs] 
3461.454: [GC (Allocation Failure) [PSYoungGen: 57296K->1549K(57856K)] 455451K->399704K(559616K), 0.0019089 secs] [Times: user=0.01 sys=0.00, real=0.00 secs] 
3461.754: [GC (Allocation Failure) [PSYoungGen: 57357K->1440K(57856K)] 455512K->399595K(559616K), 0.0025984 secs] [Times: user=0.01 sys=0.00, real=0.00 secs] 
3462.058: [GC (Allocation Failure) [PSYoungGen: 57248K->1408K(57856K)] 455403K->399571K(559616K), 0.0022440 secs] [Times: user=0.01 sys=0.00, real=0.00 secs] 
3462.395: [GC (Allocation Failure) [PSYoungGen: 57216K->1376K(57856K)] 455379K->399539K(559616K), 0.0020666 secs] [Times: user=0.01 sys=0.00, real=0.00 secs] 
3462.799: [GC (Allocation Failure) [PSYoungGen: 57184K->1376K(57856K)] 455347K->399539K(559616K), 0.0021454 secs] [Times: user=0.00 sys=0.00, real=0.00 secs] 
3463.229: [GC (Allocation Failure) [PSYoungGen: 57184K->1376K(57856K)] 455347K->399539K(559616K), 0.0022223 secs] [Times: user=0.01 sys=0.00, real=0.00 secs] 
3463.650: [GC (Allocation Failure) [PSYoungGen: 57184K->1517K(57856K)] 455347K->399704K(559616K), 0.0016085 secs] [Times: user=0.00 sys=0.00, real=0.00 secs] 
3464.041: [GC (Allocation Failure) [PSYoungGen: 57325K->1549K(57856K)] 455512K->399736K(559616K), 0.0017189 secs] [Times: user=0.01 sys=0.00, real=0.00 secs] 
3464.367: [GC (Allocation Failure) [PSYoungGen: 57357K->1549K(57856K)] 455544K->399736K(559616K), 0.0019366 secs] [Times: user=0.01 sys=0.00, real=0.00 secs] 
3464.695: [GC (Allocation Failure) [PSYoungGen: 57357K->1549K(57856K)] 455544K->399736K(559616K), 0.0032502 secs] [Times: user=0.02 sys=0.00, real=0.00 secs] 
3465.296: [GC (Allocation Failure) [PSYoungGen: 57357K->1440K(57856K)] 455544K->399627K(559616K), 0.0046130 secs] [Times: user=0.02 sys=0.00, real=0.00 secs] 
3466.308: [GC (Allocation Failure) [PSYoungGen: 57248K->1376K(57856K)] 455435K->399563K(559616K), 0.0043321 secs] [Times: user=0.02 sys=0.00, real=0.00 secs] 
3467.026: [GC (Allocation Failure) [PSYoungGen: 57184K->1344K(57856K)] 455371K->399531K(559616K), 0.0033816 secs] [Times: user=0.01 sys=0.00, real=0.00 secs] 
3467.513: [GC (Allocation Failure) [PSYoungGen: 57152K->1344K(57856K)] 455339K->399531K(559616K), 0.0034324 secs] [Times: user=0.02 sys=0.00, real=0.01 secs] 
3468.073: [GC (Allocation Failure) [PSYoungGen: 57152K->1376K(57856K)] 455339K->399563K(559616K), 0.0028572 secs] [Times: user=0.02 sys=0.00, real=0.00 secs] 
3468.766: [GC (Allocation Failure) [PSYoungGen: 57184K->1533K(57856K)] 455371K->399720K(559616K), 0.0020413 secs] [Times: user=0.01 sys=0.00, real=0.00 secs] 
3469.109: [GC (Allocation Failure) [PSYoungGen: 57341K->1597K(57856K)] 455528K->399808K(559616K), 0.0017748 secs] [Times: user=0.01 sys=0.00, real=0.00 secs] 
3469.436: [GC (Allocation Failure) [PSYoungGen: 57405K->1552K(57856K)] 455616K->399763K(559616K), 0.0018771 secs] [Times: user=0.00 sys=0.00, real=0.00 secs] 
3469.763: [GC (Allocation Failure) [PSYoungGen: 57360K->1581K(57856K)] 455571K->399792K(559616K), 0.0018669 secs] [Times: user=0.01 sys=0.00, real=0.00 secs] 
3470.092: [GC (Allocation Failure) [PSYoungGen: 57389K->1581K(57856K)] 455600K->399792K(559616K), 0.0018484 secs] [Times: user=0.01 sys=0.00, real=0.01 secs] 
3470.358: [GC (Allocation Failure) [PSYoungGen: 57389K->1440K(57856K)] 455600K->399651K(559616K), 0.0019197 secs] [Times: user=0.01 sys=0.00, real=0.00 secs] 
3470.617: [GC (Allocation Failure) [PSYoungGen: 57248K->1344K(57856K)] 455459K->399555K(559616K), 0.0018422 secs] [Times: user=0.01 sys=0.00, real=0.00 secs] 
3470.997: [GC (Allocation Failure) [PSYoungGen: 57152K->1360K(57856K)] 455363K->399571K(559616K), 0.0025129 secs] [Times: user=0.01 sys=0.00, real=0.00 secs] 
3471.495: [GC (Allocation Failure) [PSYoungGen: 57168K->1376K(57856K)] 455379K->399587K(559616K), 0.0024380 secs] [Times: user=0.01 sys=0.00, real=0.00 secs] 
3472.179: [GC (Allocation Failure) [PSYoungGen: 57184K->1312K(57856K)] 455395K->399523K(559616K), 0.0045267 secs] [Times: user=0.02 sys=0.00, real=0.01 secs] 
3472.786: [GC (Allocation Failure) [PSYoungGen: 57120K->1517K(57856K)] 455331K->399760K(559616K), 0.0016690 secs] [Times: user=0.01 sys=0.00, real=0.00 secs] 
3473.113: [GC (Allocation Failure) [PSYoungGen: 57325K->1549K(57856K)] 455568K->399792K(559616K), 0.0018636 secs] [Times: user=0.01 sys=0.00, real=0.00 secs] 
3473.440: [GC (Allocation Failure) [PSYoungGen: 57357K->1581K(57856K)] 455600K->399824K(559616K), 0.0017279 secs] [Times: user=0.00 sys=0.00, real=0.00 secs] 
3473.766: [GC (Allocation Failure) [PSYoungGen: 57389K->1533K(57856K)] 455632K->399776K(559616K), 0.0018307 secs] [Times: user=0.01 sys=0.00, real=0.00 secs] 
3474.074: [GC (Allocation Failure) [PSYoungGen: 57341K->1440K(57856K)] 455584K->399683K(559616K), 0.0032893 secs] [Times: user=0.01 sys=0.00, real=0.00 secs] 
3474.334: [GC (Allocation Failure) [PSYoungGen: 57248K->1360K(57856K)] 455491K->399603K(559616K), 0.0020088 secs] [Times: user=0.01 sys=0.00, real=0.00 secs] 
3474.587: [GC (Allocation Failure) [PSYoungGen: 57168K->1376K(57856K)] 455411K->399619K(559616K), 0.0018806 secs] [Times: user=0.01 sys=0.00, real=0.00 secs] 
3474.849: [GC (Allocation Failure) [PSYoungGen: 57184K->1437K(57856K)] 455427K->399680K(559616K), 0.0021850 secs] [Times: user=0.01 sys=0.00, real=0.00 secs] 
3475.181: [GC (Allocation Failure) [PSYoungGen: 57245K->1549K(57856K)] 455488K->399792K(559616K), 0.0019171 secs] [Times: user=0.01 sys=0.00, real=0.01 secs] 
3475.409: [GC (Allocation Failure) [PSYoungGen: 57357K->1581K(57856K)] 455600K->399824K(559616K), 0.0017132 secs] [Times: user=0.01 sys=0.00, real=0.00 secs] 
3475.636: [GC (Allocation Failure) [PSYoungGen: 57389K->1613K(57856K)] 455632K->399880K(559616K), 0.0017659 secs] [Times: user=0.00 sys=0.00, real=0.00 secs] 
3475.863: [GC (Allocation Failure) [PSYoungGen: 57421K->1549K(57856K)] 455688K->399816K(559616K), 0.0019061 secs] [Times: user=0.00 sys=0.00, real=0.00 secs] 
3476.195: [GC (Allocation Failure) [PSYoungGen: 57357K->1824K(57856K)] 455624K->400099K(559616K), 0.0036728 secs] [Times: user=0.02 sys=0.00, real=0.00 secs] 
3477.321: [GC (Allocation Failure) [PSYoungGen: 57632K->2016K(57856K)] 455907K->405487K(559616K), 0.0106032 secs] [Times: user=0.05 sys=0.00, real=0.01 secs] 
3480.348: [GC (Allocation Failure) [PSYoungGen: 57824K->4064K(55296K)] 461295K->417818K(557056K), 0.0254113 secs] [Times: user=0.12 sys=0.02, real=0.03 secs] 
3484.800: [GC (Allocation Failure) [PSYoungGen: 55264K->8672K(59904K)] 469018K->437418K(561664K), 0.0287320 secs] [Times: user=0.15 sys=0.01, real=0.03 secs] 
3484.983: [GC (Allocation Failure) [PSYoungGen: 59872K->15328K(58880K)] 488618K->457130K(560640K), 0.0199399 secs] [Times: user=0.09 sys=0.02, real=0.02 secs] 
3485.113: [GC (Allocation Failure) [PSYoungGen: 58848K->23008K(66560K)] 500650K->475338K(568320K), 0.0182370 secs] [Times: user=0.09 sys=0.01, real=0.01 secs] 
3485.520: [GC (Allocation Failure) [PSYoungGen: 66528K->31200K(73216K)] 518858K->492450K(574976K), 0.0243305 secs] [Times: user=0.11 sys=0.02, real=0.03 secs] 
3486.592: [GC (GCLocker Initiated GC) [PSYoungGen: 73184K->39904K(81920K)] 534434K->509602K(583680K), 0.0291357 secs] [Times: user=0.16 sys=0.01, real=0.03 secs] 
3487.783: [GC (Allocation Failure) [PSYoungGen: 81888K->50656K(88064K)] 551589K->527242K(589824K), 0.0805322 secs] [Times: user=0.23 sys=0.20, real=0.08 secs] 
3487.956: [GC (Allocation Failure) [PSYoungGen: 88032K->62432K(99840K)] 564618K->542932K(601600K), 0.0223040 secs] [Times: user=0.12 sys=0.01, real=0.02 secs] 
3488.507: [GC (Allocation Failure) [PSYoungGen: 99808K->74720K(104448K)] 580308K->558776K(606208K), 0.0482029 secs] [Times: user=0.19 sys=0.09, real=0.05 secs] 
3489.407: [GC (Allocation Failure) [PSYoungGen: 104416K->83104K(119296K)] 588472K->571569K(621056K), 0.0454854 secs] [Times: user=0.24 sys=0.02, real=0.04 secs] 
3489.553: [GC (Allocation Failure) [PSYoungGen: 112800K->56800K(137216K)] 601265K->584192K(665088K), 0.0640052 secs] [Times: user=0.35 sys=0.03, real=0.06 secs] 
3489.617: [Full GC (Ergonomics) [PSYoungGen: 56800K->0K(137216K)] [ParOldGen: 527392K->192657K(504320K)] 584192K->192657K(641536K), [Metaspace: 59870K->59773K(1105920K)], 0.4894347 secs] [Times: user=2.25 sys=0.03, real=0.49 secs] 
3490.132: [GC (Allocation Failure) [PSYoungGen: 34304K->23456K(138240K)] 226961K->216113K(642560K), 0.0098014 secs] [Times: user=0.06 sys=0.00, real=0.01 secs] 
3493.491: [GC (Allocation Failure) [PSYoungGen: 57760K->37504K(129536K)] 250417K->230161K(633856K), 0.0149885 secs] [Times: user=0.08 sys=0.00, real=0.02 secs] 
3496.126: [GC (Allocation Failure) [PSYoungGen: 78464K->13440K(135168K)] 271121K->243529K(639488K), 0.0491115 secs] [Times: user=0.28 sys=0.00, real=0.05 secs] 
3496.404: [GC (Allocation Failure) [PSYoungGen: 54400K->17024K(135680K)] 284489K->260105K(640000K), 0.0638188 secs] [Times: user=0.38 sys=0.00, real=0.06 secs] 
3497.420: [GC (Allocation Failure) [PSYoungGen: 65664K->1693K(138240K)] 308745K->261742K(642560K), 0.0241000 secs] [Times: user=0.14 sys=0.00, real=0.03 secs] 
3497.545: [GC (Allocation Failure) [PSYoungGen: 50333K->2592K(142848K)] 310382K->264161K(647168K), 0.0059477 secs] [Times: user=0.03 sys=0.00, real=0.00 secs] 
3497.622: [GC (Allocation Failure) [PSYoungGen: 59936K->18848K(144896K)] 321505K->282720K(649216K), 0.0052688 secs] [Times: user=0.03 sys=0.00, real=0.01 secs] 
3497.696: [GC (Allocation Failure) [PSYoungGen: 76192K->23168K(140800K)] 340064K->304648K(645120K), 0.0107868 secs] [Times: user=0.07 sys=0.00, real=0.01 secs] 
3497.785: [GC (Allocation Failure) [PSYoungGen: 91264K->28448K(145920K)] 372744K->330800K(650240K), 0.0135423 secs] [Times: user=0.07 sys=0.00, real=0.01 secs] 
3497.878: [GC (Allocation Failure) [PSYoungGen: 89524K->25536K(145408K)] 391876K->355760K(649728K), 0.0166178 secs] [Times: user=0.09 sys=0.00, real=0.02 secs] 
3498.007: [GC (Allocation Failure) [PSYoungGen: 106432K->37920K(150016K)] 436656K->393576K(654336K), 0.0239910 secs] [Times: user=0.14 sys=0.00, real=0.02 secs] 
3498.164: [GC (Allocation Failure) [PSYoungGen: 118816K->34592K(162304K)] 474472K->427992K(666624K), 0.0245028 secs] [Times: user=0.12 sys=0.02, real=0.02 secs] 
3498.508: [GC (GCLocker Initiated GC) [PSYoungGen: 130848K->47648K(163840K)] 524249K->475505K(668160K), 0.0307001 secs] [Times: user=0.17 sys=0.01, real=0.03 secs] 
3499.928: [GC (Allocation Failure) [PSYoungGen: 143904K->40000K(183808K)] 584674K->527858K(688128K), 0.0513345 secs] [Times: user=0.29 sys=0.02, real=0.05 secs] 
3499.980: [Full GC (Ergonomics) [PSYoungGen: 40000K->0K(183808K)] [ParOldGen: 487858K->251940K(616448K)] 527858K->251940K(800256K), [Metaspace: 59982K->59982K(1105920K)], 0.5848015 secs] [Times: user=2.47 sys=0.00, real=0.59 secs] 
3501.837: [GC (Allocation Failure) [PSYoungGen: 114176K->11744K(184832K)] 366116K->263684K(801280K), 0.0101103 secs] [Times: user=0.05 sys=0.00, real=0.01 secs] 
3505.188: [GC (Allocation Failure) [PSYoungGen: 125920K->42592K(201728K)] 377860K->304001K(818176K), 0.0199467 secs] [Times: user=0.11 sys=0.01, real=0.02 secs] 
3505.417: [GC (Allocation Failure) [PSYoungGen: 174176K->58880K(202752K)] 435585K->357361K(819200K), 0.0237949 secs] [Times: user=0.14 sys=0.00, real=0.02 secs] 
3505.604: [GC (Allocation Failure) [PSYoungGen: 190464K->56288K(225280K)] 488945K->413481K(841728K), 0.0354113 secs] [Times: user=0.19 sys=0.02, real=0.03 secs] 
3505.844: [GC (Allocation Failure) [PSYoungGen: 204256K->71680K(229376K)] 561449K->485077K(845824K), 0.0489041 secs] [Times: user=0.28 sys=0.00, real=0.04 secs] 
3506.848: [GC (Allocation Failure) [PSYoungGen: 219648K->19296K(258048K)] 633045K->504373K(874496K), 0.0408176 secs] [Times: user=0.24 sys=0.00, real=0.04 secs] 
3508.923: [GC (Allocation Failure) [PSYoungGen: 191840K->63520K(261120K)] 676917K->567013K(877568K), 0.0229665 secs] [Times: user=0.13 sys=0.00, real=0.03 secs] 
3509.277: [GC (Allocation Failure) [PSYoungGen: 236064K->84736K(282112K)] 739557K->646233K(898560K), 0.0590898 secs] [Times: user=0.11 sys=0.17, real=0.06 secs] 
3509.336: [Full GC (Ergonomics) [PSYoungGen: 84736K->0K(282112K)] [ParOldGen: 561497K->153151K(575488K)] 646233K->153151K(857600K), [Metaspace: 59994K->59994K(1105920K)], 0.3406440 secs] [Times: user=1.55 sys=0.00, real=0.34 secs] 
3509.904: [GC (Allocation Failure) [PSYoungGen: 188928K->89376K(293376K)] 342079K->242527K(868864K), 0.0283017 secs] [Times: user=0.16 sys=0.00, real=0.02 secs] 
3510.937: [GC (Allocation Failure) [PSYoungGen: 278304K->37888K(322048K)] 431455K->280159K(897536K), 0.0457323 secs] [Times: user=0.27 sys=0.00, real=0.04 secs] 
3511.536: [GC (Allocation Failure) [PSYoungGen: 254976K->98176K(327680K)] 497247K->376372K(903168K), 0.0277437 secs] [Times: user=0.16 sys=0.00, real=0.03 secs] 
3512.394: [GC (Allocation Failure) [PSYoungGen: 315264K->99456K(361472K)] 593460K->458972K(936960K), 0.1411161 secs] [Times: user=0.49 sys=0.27, real=0.14 secs] 
3513.655: [GC (GCLocker Initiated GC) [PSYoungGen: 338048K->55328K(371712K)] 697564K->513932K(947200K), 0.0494133 secs] [Times: user=0.29 sys=0.00, real=0.05 secs] 
3513.704: [Full GC (Ergonomics) [PSYoungGen: 55328K->0K(371712K)] [ParOldGen: 458604K->27285K(506880K)] 513932K->27285K(878592K), [Metaspace: 60000K->60000K(1105920K)], 0.0441935 secs] [Times: user=0.14 sys=0.01, real=0.04 secs] 
3514.148: [GC (Allocation Failure) [PSYoungGen: 238592K->99008K(392192K)] 265884K->126300K(899072K), 0.0254425 secs] [Times: user=0.12 sys=0.03, real=0.03 secs] 
3514.487: [GC (Allocation Failure) [PSYoungGen: 365248K->118816K(400896K)] 392540K->235412K(907776K), 0.0523792 secs] [Times: user=0.30 sys=0.01, real=0.05 secs] 
3515.970: [GC (GCLocker Initiated GC) [PSYoungGen: 385056K->66176K(439296K)] 501653K->301133K(946176K), 0.0568059 secs] [Times: user=0.33 sys=0.01, real=0.06 secs] 
3516.487: [GC (Allocation Failure) [PSYoungGen: 373888K->129536K(448512K)] 608916K->427007K(955392K), 0.0419086 secs] [Times: user=0.25 sys=0.00, real=0.04 secs] 
3518.818: [GC (Allocation Failure) [PSYoungGen: 437248K->91584K(508928K)] 734719K->510039K(1015808K), 0.1608536 secs] [Times: user=0.79 sys=0.17, real=0.16 secs] 
3518.979: [Full GC (Ergonomics) [PSYoungGen: 91584K->0K(508928K)] [ParOldGen: 418455K->30733K(569856K)] 510039K->30733K(1078784K), [Metaspace: 60015K->60015K(1105920K)], 0.0750147 secs] [Times: user=0.26 sys=0.01, real=0.08 secs] 
3521.094: [GC (Allocation Failure) [PSYoungGen: 355840K->144992K(510976K)] 386573K->175725K(1080832K), 0.0289197 secs] [Times: user=0.17 sys=0.00, real=0.02 secs] 
3522.631: [GC (Allocation Failure) [PSYoungGen: 500832K->113440K(520704K)] 531565K->280065K(1090560K), 0.1007251 secs] [Times: user=0.58 sys=0.02, real=0.10 secs] 
3523.691: [GC (Allocation Failure) [PSYoungGen: 461088K->144832K(492544K)] 627713K->422430K(1062400K), 0.0546050 secs] [Times: user=0.31 sys=0.01, real=0.06 secs] 
3526.328: [GC (Allocation Failure) [PSYoungGen: 492480K->107936K(514048K)] 770078K->521506K(1083904K), 0.1244538 secs] [Times: user=0.74 sys=0.00, real=0.12 secs] 
3526.452: [Full GC (Ergonomics) [PSYoungGen: 107936K->0K(514048K)] [ParOldGen: 413570K->41317K(643584K)] 521506K->41317K(1157632K), [Metaspace: 60019K->60019K(1105920K)], 0.1044603 secs] [Times: user=0.41 sys=0.00, real=0.11 secs] 
3527.159: [GC (Allocation Failure) [PSYoungGen: 325632K->137568K(463360K)] 366949K->178885K(1106944K), 0.0277519 secs] [Times: user=0.16 sys=0.00, real=0.03 secs] 
3528.972: [GC (Allocation Failure) [PSYoungGen: 463200K->100704K(515072K)] 504517K->271214K(1158656K), 0.0623412 secs] [Times: user=0.37 sys=0.00, real=0.07 secs] 
3529.558: [GC (Allocation Failure) [PSYoungGen: 423264K->134400K(506368K)] 593774K->403438K(1149952K), 0.0497724 secs] [Times: user=0.29 sys=0.00, real=0.05 secs] 
3530.964: [GC (Allocation Failure) [PSYoungGen: 456960K->103552K(504832K)] 725998K->497798K(1148416K), 0.0623423 secs] [Times: user=0.37 sys=0.00, real=0.06 secs] 
3531.971: [GC (GCLocker Initiated GC) [PSYoungGen: 429696K->125600K(507392K)] 823942K->622451K(1150976K), 0.0506119 secs] [Times: user=0.29 sys=0.00, real=0.05 secs] 
3532.022: [Full GC (Ergonomics) [PSYoungGen: 125600K->0K(507392K)] [ParOldGen: 496851K->142346K(784896K)] 622451K->142346K(1292288K), [Metaspace: 60027K->60027K(1105920K)], 0.3092552 secs] [Times: user=1.40 sys=0.00, real=0.31 secs] 
3535.023: [GC (Allocation Failure) [PSYoungGen: 326144K->121728K(515584K)] 468491K->264075K(1300480K), 0.0440296 secs] [Times: user=0.25 sys=0.00, real=0.04 secs] 
3536.607: [GC (Allocation Failure) [PSYoungGen: 457088K->112320K(448000K)] 599435K->376027K(1232896K), 0.0585583 secs] [Times: user=0.35 sys=0.00, real=0.06 secs] 
3538.858: [GC (Allocation Failure) [PSYoungGen: 447680K->135936K(509440K)] 711387K->501524K(1294336K), 0.0620717 secs] [Times: user=0.37 sys=0.00, real=0.06 secs] 
3539.729: [GC (Allocation Failure) [PSYoungGen: 469760K->114368K(513536K)] 835348K->615796K(1298432K), 0.0577011 secs] [Times: user=0.34 sys=0.00, real=0.06 secs] 
3542.168: [GC (Allocation Failure) [PSYoungGen: 445434K->174560K(414720K)] 946863K->776421K(1199616K), 0.0829068 secs] [Times: user=0.39 sys=0.10, real=0.08 secs] 
3542.251: [Full GC (Ergonomics) [PSYoungGen: 174560K->0K(414720K)] [ParOldGen: 601861K->257430K(942592K)] 776421K->257430K(1357312K), [Metaspace: 60031K->60031K(1105920K)], 0.5106570 secs] [Times: user=2.06 sys=0.00, real=0.51 secs] 
3545.739: [GC (Allocation Failure) [PSYoungGen: 240128K->58872K(299008K)] 497558K->316302K(1241600K), 0.0177110 secs] [Times: user=0.10 sys=0.00, real=0.02 secs] 
3546.075: [GC (Allocation Failure) [PSYoungGen: 299000K->103808K(476672K)] 556430K->414935K(1419264K), 0.0355893 secs] [Times: user=0.21 sys=0.00, real=0.03 secs] 
3547.217: [GC (Allocation Failure) [PSYoungGen: 350080K->94848K(341504K)] 661207K->501447K(1284096K), 0.0542198 secs] [Times: user=0.32 sys=0.00, real=0.05 secs] 
3547.642: [GC (Allocation Failure) [PSYoungGen: 341120K->74016K(464384K)] 747719K->575423K(1406976K), 0.0435552 secs] [Times: user=0.26 sys=0.00, real=0.05 secs] 
3547.992: [GC (Allocation Failure) [PSYoungGen: 322848K->108608K(461824K)] 824255K->678060K(1404416K), 0.0429553 secs] [Times: user=0.25 sys=0.00, real=0.05 secs] 
3549.155: [GC (Allocation Failure) [PSYoungGen: 357440K->74656K(476672K)] 926892K->744072K(1419264K), 0.0550267 secs] [Times: user=0.30 sys=0.02, real=0.05 secs] 
3549.987: [GC (GCLocker Initiated GC) [PSYoungGen: 348064K->106944K(473600K)] 1017480K->849612K(1416192K), 0.0463450 secs] [Times: user=0.23 sys=0.04, real=0.05 secs] 
3550.436: [GC (Allocation Failure) [PSYoungGen: 380352K->123360K(488960K)] 1123023K->963367K(1431552K), 0.0769611 secs] [Times: user=0.23 sys=0.16, real=0.07 secs] 
3550.513: [Full GC (Ergonomics) [PSYoungGen: 123360K->0K(488960K)] [ParOldGen: 840007K->237653K(916992K)] 963367K->237653K(1405952K), [Metaspace: 60052K->60052K(1105920K)], 0.5467171 secs] [Times: user=2.55 sys=0.00, real=0.55 secs] 
3553.859: [GC (Allocation Failure) [PSYoungGen: 297984K->76224K(486400K)] 535637K->313877K(1403392K), 0.0380067 secs] [Times: user=0.22 sys=0.00, real=0.04 secs] 
3554.355: [GC (Allocation Failure) [PSYoungGen: 373002K->129184K(505344K)] 610656K->436582K(1422336K), 0.0445587 secs] [Times: user=0.27 sys=0.00, real=0.04 secs] 
3555.724: [GC (Allocation Failure) [PSYoungGen: 448160K->96800K(505856K)] 755558K->524894K(1422848K), 0.0973640 secs] [Times: user=0.58 sys=0.00, real=0.09 secs] 
3556.242: [GC (Allocation Failure) [PSYoungGen: 415776K->135200K(503808K)] 843870K->656531K(1420800K), 0.0480948 secs] [Times: user=0.28 sys=0.00, real=0.05 secs] 
3558.178: [GC (GCLocker Initiated GC) [PSYoungGen: 457760K->97920K(506880K)] 979091K->745391K(1423872K), 0.0611097 secs] [Times: user=0.36 sys=0.00, real=0.06 secs] 
3558.838: [GC (GCLocker Initiated GC) [PSYoungGen: 420480K->133824K(509440K)] 1067954K->877775K(1426432K), 0.0559981 secs] [Times: user=0.33 sys=0.00, real=0.06 secs] 
3561.544: [GC (Allocation Failure) [PSYoungGen: 464576K->104432K(512000K)] 1208530K->973738K(1428992K), 0.0656627 secs] [Times: user=0.37 sys=0.01, real=0.06 secs] 
3561.610: [Full GC (Ergonomics) [PSYoungGen: 104432K->0K(512000K)] [ParOldGen: 869306K->19171K(745984K)] 973738K->19171K(1257984K), [Metaspace: 60062K->60062K(1105920K)], 0.0312474 secs] [Times: user=0.07 sys=0.01, real=0.03 secs] 
3562.228: [GC (Allocation Failure) [PSYoungGen: 330752K->132704K(512000K)] 349923K->151876K(1257984K), 0.0262037 secs] [Times: user=0.15 sys=0.00, real=0.03 secs] 
3563.509: [GC (Allocation Failure) [PSYoungGen: 469600K->114816K(514048K)] 488772K->257136K(1260032K), 0.0627723 secs] [Times: user=0.37 sys=0.00, real=0.06 secs] 
3564.776: [GC (GCLocker Initiated GC) [PSYoungGen: 451712K->122208K(519168K)] 594034K->378938K(1265152K), 0.0530160 secs] [Times: user=0.31 sys=0.00, real=0.05 secs] 
3566.100: [GC (Allocation Failure) [PSYoungGen: 471392K->126592K(518144K)] 728123K->494876K(1264128K), 0.0618986 secs] [Times: user=0.37 sys=0.00, real=0.06 secs] 
3568.503: [GC (Allocation Failure) [PSYoungGen: 475776K->127712K(528896K)] 844060K->622112K(1274880K), 0.0557749 secs] [Times: user=0.32 sys=0.00, real=0.06 secs] 
3569.859: [GC (Allocation Failure) [PSYoungGen: 488672K->3168K(364544K)] 983072K->497640K(1110528K), 0.0025203 secs] [Times: user=0.01 sys=0.00, real=0.00 secs] 
3570.401: [GC (Allocation Failure) [PSYoungGen: 364128K->142912K(504832K)] 858600K->638737K(1250816K), 0.0286838 secs] [Times: user=0.17 sys=0.00, real=0.03 secs] 
3571.648: [GC (Allocation Failure) [PSYoungGen: 465984K->107488K(430592K)] 961809K->735957K(1176576K), 0.0649020 secs] [Times: user=0.38 sys=0.00, real=0.07 secs] 
3571.713: [Full GC (Ergonomics) [PSYoungGen: 107488K->0K(430592K)] [ParOldGen: 628469K->19787K(821760K)] 735957K->19787K(1252352K), [Metaspace: 60069K->60069K(1105920K)], 0.0263279 secs] [Times: user=0.07 sys=0.00, real=0.02 secs] 
3572.584: [GC (Allocation Failure) [PSYoungGen: 323072K->125664K(509952K)] 342859K->145451K(1331712K), 0.0255427 secs] [Times: user=0.15 sys=0.00, real=0.02 secs] 
3573.928: [GC (Allocation Failure) [PSYoungGen: 455392K->121600K(509440K)] 475179K->256971K(1331200K), 0.0624269 secs] [Times: user=0.37 sys=0.00, real=0.06 secs] 
3576.578: [GC (Allocation Failure) [PSYoungGen: 451328K->114976K(512512K)] 586699K->371939K(1334272K), 0.0541495 secs] [Times: user=0.32 sys=0.00, real=0.05 secs] 
3577.879: [GC (Allocation Failure) [PSYoungGen: 457504K->132768K(514048K)] 714467K->494460K(1335808K), 0.0614108 secs] [Times: user=0.36 sys=0.00, real=0.06 secs] 
3578.388: [GC (GCLocker Initiated GC) [PSYoungGen: 475296K->117568K(520192K)] 836988K->611996K(1341952K), 0.0576073 secs] [Times: user=0.34 sys=0.00, real=0.06 secs] 
3580.631: [GC (Allocation Failure) [PSYoungGen: 471360K->131200K(522752K)] 965790K->732490K(1344512K), 0.0623387 secs] [Times: user=0.36 sys=0.00, real=0.07 secs] 
3581.411: [GC (Allocation Failure) [PSYoungGen: 484992K->126272K(527360K)] 1086282K->858242K(1349120K), 0.0579778 secs] [Times: user=0.35 sys=0.00, real=0.06 secs] 
3581.469: [Full GC (Ergonomics) [PSYoungGen: 126272K->0K(527360K)] [ParOldGen: 731970K->142303K(985088K)] 858242K->142303K(1512448K), [Metaspace: 60084K->60084K(1105920K)], 0.3206005 secs] [Times: user=1.47 sys=0.00, real=0.32 secs] 
3583.092: [GC (Allocation Failure) [PSYoungGen: 360448K->124912K(528384K)] 502751K->267215K(1513472K), 0.0430482 secs] [Times: user=0.25 sys=0.00, real=0.05 secs] 
3584.625: [GC (Allocation Failure) [PSYoungGen: 485360K->140448K(525824K)] 627663K->406427K(1510912K), 0.0617650 secs] [Times: user=0.36 sys=0.01, real=0.06 secs] 
3587.030: [GC (Allocation Failure) [PSYoungGen: 500384K->115424K(475648K)] 766363K->512715K(1460736K), 0.0659601 secs] [Times: user=0.40 sys=0.00, real=0.07 secs] 
3587.691: [GC (Allocation Failure) [PSYoungGen: 475360K->156608K(515072K)] 872651K->667536K(1500160K), 0.0559058 secs] [Times: user=0.32 sys=0.01, real=0.06 secs] 
3589.307: [GC (Allocation Failure) [PSYoungGen: 506304K->108832K(524288K)] 1017232K->758800K(1509376K), 0.0691444 secs] [Times: user=0.41 sys=0.00, real=0.07 secs] 
3590.014: [GC (Allocation Failure) [PSYoungGen: 458528K->147104K(518656K)] 1108496K->903748K(1503744K), 0.0783848 secs] [Times: user=0.46 sys=0.01, real=0.07 secs] 
3592.420: [GC (Allocation Failure) [PSYoungGen: 493728K->106528K(522752K)] 1250372K->1001885K(1507840K), 0.1564060 secs] [Times: user=0.62 sys=0.24, real=0.16 secs] 
3592.577: [Full GC (Ergonomics) [PSYoungGen: 106528K->0K(522752K)] [ParOldGen: 895356K->37139K(912384K)] 1001885K->37139K(1435136K), [Metaspace: 60092K->60092K(1105920K)], 0.0844467 secs] [Times: user=0.32 sys=0.00, real=0.08 secs] 
3593.370: [GC (Allocation Failure) [PSYoungGen: 346624K->145920K(517632K)] 383763K->183059K(1430016K), 0.0295942 secs] [Times: user=0.17 sys=0.00, real=0.03 secs] 
3594.864: [GC (Allocation Failure) [PSYoungGen: 489472K->104704K(521216K)] 526611K->278939K(1433600K), 0.1172689 secs] [Times: user=0.70 sys=0.00, real=0.11 secs] 
3595.780: [GC (Allocation Failure) [PSYoungGen: 448256K->143200K(518144K)] 622491K->419336K(1430528K), 0.0512168 secs] [Times: user=0.30 sys=0.00, real=0.05 secs] 
3597.899: [GC (Allocation Failure) [PSYoungGen: 485728K->103936K(520704K)] 761864K->513960K(1433088K), 0.1640813 secs] [Times: user=0.97 sys=0.00, real=0.17 secs] 
3599.770: [GC (Allocation Failure) [PSYoungGen: 446464K->139744K(520192K)] 856488K->650609K(1432576K), 0.0509398 secs] [Times: user=0.30 sys=0.00, real=0.05 secs] 
3601.063: [GC (GCLocker Initiated GC) [PSYoungGen: 483808K->107424K(451584K)] 994674K->749142K(1363968K), 0.0740843 secs] [Times: user=0.44 sys=0.00, real=0.08 secs] 
3601.617: [GC (Allocation Failure) [PSYoungGen: 451488K->150528K(513536K)] 1093277K->897354K(1425920K), 0.0531617 secs] [Times: user=0.31 sys=0.00, real=0.05 secs] 
3601.670: [Full GC (Ergonomics) [PSYoungGen: 150528K->0K(513536K)] [ParOldGen: 746826K->169451K(1062912K)] 897354K->169451K(1576448K), [Metaspace: 60217K->60217K(1105920K)], 0.3734597 secs] [Times: user=1.71 sys=0.00, real=0.38 secs] 
3603.304: [GC (Allocation Failure) [PSYoungGen: 338432K->105408K(518656K)] 507883K->274859K(1581568K), 0.0368805 secs] [Times: user=0.21 sys=0.00, real=0.03 secs] 
3603.934: [GC (Allocation Failure) [PSYoungGen: 443840K->140800K(518656K)] 613291K->413128K(1581568K), 0.0531107 secs] [Times: user=0.31 sys=0.00, real=0.05 secs] 
3606.053: [GC (Allocation Failure) [PSYoungGen: 481280K->108544K(449536K)] 753608K->512496K(1512448K), 0.1679392 secs] [Times: user=1.00 sys=0.01, real=0.17 secs] 
3607.865: [GC (Allocation Failure) [PSYoungGen: 449024K->144640K(515584K)] 852976K->654797K(1578496K), 0.0532630 secs] [Times: user=0.31 sys=0.00, real=0.05 secs] 
3609.173: [GC (Allocation Failure) [PSYoungGen: 483584K->107872K(518144K)] 993741K->745349K(1581056K), 0.0660594 secs] [Times: user=0.40 sys=0.00, real=0.07 secs] 
3610.300: [GC (Allocation Failure) [PSYoungGen: 446816K->133920K(516608K)] 1084293K->877810K(1579520K), 0.0531771 secs] [Times: user=0.31 sys=0.01, real=0.05 secs] 
3611.624: [GC (Allocation Failure) [PSYoungGen: 476960K->115200K(518144K)] 1220850K->982954K(1581056K), 0.0682275 secs] [Times: user=0.40 sys=0.00, real=0.06 secs] 
3612.323: [GC (Allocation Failure) [PSYoungGen: 458240K->147072K(518656K)] 1325994K->1129275K(1581568K), 0.0806267 secs] [Times: user=0.24 sys=0.19, real=0.09 secs] 
3612.404: [Full GC (Ergonomics) [PSYoungGen: 147072K->0K(518656K)] [ParOldGen: 982203K->157840K(1078272K)] 1129275K->157840K(1596928K), [Metaspace: 60233K->60233K(1105920K)], 0.3551695 secs] [Times: user=1.63 sys=0.00, real=0.35 secs] 
3614.968: [GC (Allocation Failure) [PSYoungGen: 346624K->111360K(522240K)] 504464K->269201K(1600512K), 0.0447430 secs] [Times: user=0.27 sys=0.00, real=0.04 secs] 
3615.746: [GC (Allocation Failure) [PSYoungGen: 457984K->140160K(523264K)] 615825K->406669K(1601536K), 0.0557100 secs] [Times: user=0.33 sys=0.00, real=0.05 secs] 
3617.240: [GC (Allocation Failure) [PSYoungGen: 490368K->111328K(461824K)] 756877K->508397K(1540096K), 0.0891576 secs] [Times: user=0.53 sys=0.00, real=0.09 secs] 
3618.267: [GC (Allocation Failure) [PSYoungGen: 461536K->144512K(521216K)] 858605K->651386K(1599488K), 0.0541623 secs] [Times: user=0.32 sys=0.00, real=0.05 secs] 
3620.147: [GC (Allocation Failure) [PSYoungGen: 493696K->108544K(523776K)] 1000570K->751066K(1602048K), 0.1665396 secs] [Times: user=0.99 sys=0.00, real=0.17 secs] 
3622.060: [GC (Allocation Failure) [PSYoungGen: 457728K->142144K(522752K)] 1100250K->891207K(1601024K), 0.0533037 secs] [Times: user=0.31 sys=0.00, real=0.06 secs] 
3623.385: [GC (GCLocker Initiated GC) [PSYoungGen: 491840K->113120K(462848K)] 1240904K->994784K(1541120K), 0.0805581 secs] [Times: user=0.48 sys=0.01, real=0.08 secs] 
3623.987: [GC (Allocation Failure) [PSYoungGen: 462816K->145408K(520704K)] 1344483K->1137264K(1598976K), 0.0556160 secs] [Times: user=0.32 sys=0.00, real=0.05 secs] 
3624.043: [Full GC (Ergonomics) [PSYoungGen: 145408K->0K(520704K)] [ParOldGen: 991856K->174267K(1138176K)] 1137264K->174267K(1658880K), [Metaspace: 60253K->60253K(1105920K)], 0.4014382 secs] [Times: user=1.86 sys=0.00, real=0.41 secs] 
3625.811: [GC (Allocation Failure) [PSYoungGen: 348672K->108928K(523264K)] 522939K->283195K(1661440K), 0.0562010 secs] [Times: user=0.33 sys=0.00, real=0.06 secs] 
3626.540: [GC (Allocation Failure) [PSYoungGen: 457600K->146048K(519680K)] 631867K->426356K(1657856K), 0.0547059 secs] [Times: user=0.32 sys=0.00, real=0.06 secs] 
3629.319: [GC (Allocation Failure) [PSYoungGen: 492672K->107328K(522752K)] 772980K->524836K(1660928K), 0.1588121 secs] [Times: user=0.94 sys=0.01, real=0.16 secs] 
3630.475: [GC (Allocation Failure) [PSYoungGen: 453952K->141984K(521216K)] 871460K->663905K(1659392K), 0.0528707 secs] [Times: user=0.31 sys=0.00, real=0.05 secs] 
3631.918: [GC (GCLocker Initiated GC) [PSYoungGen: 488608K->107296K(522752K)] 1010529K->762745K(1660928K), 0.0934604 secs] [Times: user=0.55 sys=0.01, real=0.09 secs] 
3632.540: [GC (Allocation Failure) [PSYoungGen: 453920K->144320K(520192K)] 1109373K->904369K(1658368K), 0.0535774 secs] [Times: user=0.31 sys=0.00, real=0.06 secs] 
3634.455: [GC (Allocation Failure) [PSYoungGen: 489920K->108224K(522240K)] 1249969K->1003345K(1660416K), 0.0846768 secs] [Times: user=0.50 sys=0.00, real=0.08 secs] 
3635.200: [GC (Allocation Failure) [PSYoungGen: 453824K->144704K(519680K)] 1348945K->1146162K(1657856K), 0.0544081 secs] [Times: user=0.31 sys=0.01, real=0.06 secs] 
3635.255: [Full GC (Ergonomics) [PSYoungGen: 144704K->0K(519680K)] [ParOldGen: 1001458K->181527K(1193984K)] 1146162K->181527K(1713664K), [Metaspace: 60258K->60258K(1105920K)], 0.4159935 secs] [Times: user=1.91 sys=0.00, real=0.41 secs] 
3637.433: [GC (GCLocker Initiated GC) [PSYoungGen: 344576K->106240K(521728K)] 526105K->287769K(1715712K), 0.0346759 secs] [Times: user=0.20 sys=0.01, real=0.03 secs] 
3638.097: [GC (Allocation Failure) [PSYoungGen: 450816K->144992K(518144K)] 632416K->429964K(1712128K), 0.0528576 secs] [Times: user=0.31 sys=0.00, real=0.05 secs] 
3639.593: [GC (Allocation Failure) [PSYoungGen: 487520K->105376K(520704K)] 772492K->526428K(1714688K), 0.1082258 secs] [Times: user=0.64 sys=0.00, real=0.10 secs] 
3640.343: [GC (Allocation Failure) [PSYoungGen: 447904K->144512K(518144K)] 868956K->668169K(1712128K), 0.0519321 secs] [Times: user=0.31 sys=0.00, real=0.06 secs] 
3642.470: [GC (Allocation Failure) [PSYoungGen: 486016K->104224K(520192K)] 1009673K->763521K(1714176K), 0.1625084 secs] [Times: user=0.96 sys=0.00, real=0.16 secs] 
3643.762: [GC (Allocation Failure) [PSYoungGen: 445728K->141280K(520192K)] 1105025K->902118K(1714176K), 0.0524781 secs] [Times: user=0.31 sys=0.00, real=0.06 secs] 
3645.139: [GC (Allocation Failure) [PSYoungGen: 483808K->109408K(452096K)] 1244646K->1002010K(1646080K), 0.1048462 secs] [Times: user=0.62 sys=0.00, real=0.11 secs] 
3645.779: [GC (Allocation Failure) [PSYoungGen: 451936K->142688K(517632K)] 1344538K->1141419K(1711616K), 0.0546029 secs] [Times: user=0.32 sys=0.00, real=0.06 secs] 
3647.430: [GC (Allocation Failure) [PSYoungGen: 484192K->108704K(519168K)] 1482923K->1240995K(1713152K), 0.1550672 secs] [Times: user=0.71 sys=0.17, real=0.16 secs] 
3647.586: [Full GC (Ergonomics) [PSYoungGen: 108704K->0K(519168K)] [ParOldGen: 1132291K->40186K(1095680K)] 1240995K->40186K(1614848K), [Metaspace: 60262K->60262K(1105920K)], 0.0859276 secs] [Times: user=0.32 sys=0.01, real=0.08 secs] 
3648.629: [GC (Allocation Failure) [PSYoungGen: 341504K->141056K(519680K)] 381690K->181242K(1615360K), 0.0282268 secs] [Times: user=0.16 sys=0.00, real=0.03 secs] 
3651.680: [GC (Allocation Failure) [PSYoungGen: 485120K->107104K(520704K)] 525306K->279630K(1616384K), 0.1652630 secs] [Times: user=0.98 sys=0.00, real=0.17 secs] 
3653.027: [GC (Allocation Failure) [PSYoungGen: 451168K->142880K(519168K)] 623694K->419751K(1614848K), 0.0520506 secs] [Times: user=0.31 sys=0.00, real=0.05 secs] 
3654.396: [GC (Allocation Failure) [PSYoungGen: 487456K->104672K(521216K)] 764327K->515871K(1616896K), 0.0642025 secs] [Times: user=0.38 sys=0.00, real=0.06 secs] 
3655.126: [GC (Allocation Failure) [PSYoungGen: 449248K->144768K(518656K)] 860447K->657927K(1614336K), 0.0516230 secs] [Times: user=0.30 sys=0.00, real=0.05 secs] 
3656.592: [GC (Allocation Failure) [PSYoungGen: 488320K->107072K(521216K)] 1001479K->756171K(1616896K), 0.0854305 secs] [Times: user=0.50 sys=0.00, real=0.09 secs] 
3657.595: [GC (Allocation Failure) [PSYoungGen: 450624K->143872K(518656K)] 1099723K->897827K(1614336K), 0.0531048 secs] [Times: user=0.31 sys=0.00, real=0.05 secs] 
3659.619: [GC (Allocation Failure) [PSYoungGen: 486400K->106208K(520704K)] 1240355K->995667K(1616384K), 0.0938767 secs] [Times: user=0.56 sys=0.00, real=0.10 secs] 
3660.823: [GC (Allocation Failure) [PSYoungGen: 448736K->143168K(518656K)] 1338195K->1135792K(1614336K), 0.0519736 secs] [Times: user=0.31 sys=0.00, real=0.05 secs] 
3660.875: [Full GC (Ergonomics) [PSYoungGen: 143168K->0K(518656K)] [ParOldGen: 992624K->176702K(1290752K)] 1135792K->176702K(1809408K), [Metaspace: 60269K->60269K(1105920K)], 0.3945414 secs] [Times: user=1.80 sys=0.00, real=0.39 secs] 
3662.551: [GC (Allocation Failure) [PSYoungGen: 342528K->106592K(520704K)] 519230K->283294K(1811456K), 0.0359512 secs] [Times: user=0.21 sys=0.00, real=0.04 secs] 
3663.142: [GC (Allocation Failure) [PSYoungGen: 449120K->143360K(518656K)] 625822K->423579K(1809408K), 0.0531754 secs] [Times: user=0.31 sys=0.00, real=0.06 secs] 
3664.653: [GC (Allocation Failure) [PSYoungGen: 485888K->107360K(520704K)] 766107K->521595K(1811456K), 0.0780977 secs] [Times: user=0.46 sys=0.00, real=0.08 secs] 
3665.436: [GC (Allocation Failure) [PSYoungGen: 449888K->169056K(500224K)] 864123K->688620K(1790976K), 0.0793446 secs] [Times: user=0.46 sys=0.00, real=0.08 secs] 
3667.574: [GC (Allocation Failure) [PSYoungGen: 493152K->99168K(511488K)] 1012716K->754828K(1802240K), 0.1622978 secs] [Times: user=0.97 sys=0.00, real=0.16 secs] 
3668.664: [GC (Allocation Failure) [PSYoungGen: 423264K->134912K(505856K)] 1078924K->887901K(1796608K), 0.0506863 secs] [Times: user=0.30 sys=0.00, real=0.05 secs] 
3669.949: [GC (GCLocker Initiated GC) [PSYoungGen: 459520K->105056K(508928K)] 1212509K->984237K(1799680K), 0.0636728 secs] [Times: user=0.38 sys=0.00, real=0.06 secs] 
3670.875: [GC (Allocation Failure) [PSYoungGen: 429664K->128864K(505344K)] 1308848K->1112453K(1796096K), 0.0521551 secs] [Times: user=0.31 sys=0.00, real=0.05 secs] 
3672.351: [GC (Allocation Failure) [PSYoungGen: 461152K->117792K(510464K)] 1444741K->1220657K(1801216K), 0.0654551 secs] [Times: user=0.37 sys=0.02, real=0.07 secs] 
3673.276: [GC (Allocation Failure) [PSYoungGen: 450080K->122208K(510464K)] 1552945K->1342833K(1801216K), 0.0639657 secs] [Times: user=0.32 sys=0.06, real=0.06 secs] 
3673.340: [Full GC (Ergonomics) [PSYoungGen: 122208K->0K(510464K)] [ParOldGen: 1220625K->139808K(1303552K)] 1342833K->139808K(1814016K), [Metaspace: 60290K->60290K(1105920K)], 0.3163631 secs] [Times: user=1.45 sys=0.00, real=0.32 secs] 
3676.136: [GC (Allocation Failure) [PSYoungGen: 346624K->126048K(516096K)] 486432K->265856K(1819648K), 0.0460411 secs] [Times: user=0.27 sys=0.00, real=0.04 secs] 
3676.699: [GC (Allocation Failure) [PSYoungGen: 472672K->124736K(520704K)] 612480K->390608K(1824256K), 0.0637725 secs] [Times: user=0.37 sys=0.00, real=0.06 secs] 
3678.047: [GC (Allocation Failure) [PSYoungGen: 488768K->1024K(365568K)] 754640K->267016K(1669120K), 0.0020170 secs] [Times: user=0.01 sys=0.00, real=0.00 secs] 
3678.985: [GC (GCLocker Initiated GC) [PSYoungGen: 365056K->137280K(514048K)] 631049K->403922K(1817600K), 0.0278665 secs] [Times: user=0.16 sys=0.01, real=0.02 secs] 
3681.063: [GC (Allocation Failure) [PSYoungGen: 472640K->2304K(337920K)] 739284K->269036K(1641472K), 0.0023508 secs] [Times: user=0.01 sys=0.00, real=0.00 secs] 
3683.395: [GC (Allocation Failure) [PSYoungGen: 337664K->124256K(506368K)] 604396K->392121K(1809920K), 0.0260178 secs] [Times: user=0.15 sys=0.01, real=0.02 secs] 
3684.611: [GC (Allocation Failure) [PSYoungGen: 436576K->123744K(436224K)] 704441K->505969K(1739776K), 0.0627259 secs] [Times: user=0.37 sys=0.00, real=0.07 secs] 
3685.478: [GC (Allocation Failure) [PSYoungGen: 436064K->107552K(511488K)] 818289K->613049K(1815040K), 0.0543007 secs] [Times: user=0.32 sys=0.00, real=0.05 secs] 
3685.988: [GC (Allocation Failure) [PSYoungGen: 428064K->145216K(503296K)] 933561K->739821K(1806848K), 0.0572893 secs] [Times: user=0.34 sys=0.00, real=0.06 secs] 
3687.742: [GC (Allocation Failure) [PSYoungGen: 465728K->85664K(513024K)] 1060333K->825393K(1816576K), 0.0614124 secs] [Times: user=0.36 sys=0.00, real=0.07 secs] 
3688.407: [GC (Allocation Failure) [PSYoungGen: 409760K->141792K(465920K)] 1149489K->961908K(1769472K), 0.0590854 secs] [Times: user=0.35 sys=0.00, real=0.06 secs] 
3690.343: [GC (Allocation Failure) [PSYoungGen: 465888K->88288K(512512K)] 1286004K->1050060K(1816064K), 0.0629317 secs] [Times: user=0.37 sys=0.00, real=0.06 secs] 
3690.798: [GC (Allocation Failure) [PSYoungGen: 410336K->137824K(508416K)] 1372108K->1182160K(1811968K), 0.0534468 secs] [Times: user=0.30 sys=0.01, real=0.05 secs] 
3692.637: [GC (Allocation Failure) [PSYoungGen: 459872K->87968K(508416K)] 1504208K->1269496K(1811968K), 0.0864760 secs] [Times: user=0.51 sys=0.00, real=0.09 secs] 
3692.724: [Full GC (Ergonomics) [PSYoungGen: 87968K->0K(508416K)] [ParOldGen: 1181528K->62702K(1317376K)] 1269496K->62702K(1825792K), [Metaspace: 60306K->60306K(1105920K)], 0.1637397 secs] [Times: user=0.71 sys=0.01, real=0.16 secs] 
3693.289: [GC (Allocation Failure) [PSYoungGen: 323072K->134336K(508928K)] 385778K->197042K(1826304K), 0.0271192 secs] [Times: user=0.15 sys=0.01, real=0.03 secs] 
3695.478: [GC (Allocation Failure) [PSYoungGen: 457408K->97152K(504320K)] 520114K->285254K(1821696K), 0.0901631 secs] [Times: user=0.53 sys=0.00, real=0.09 secs] 
3696.193: [GC (Allocation Failure) [PSYoungGen: 422784K->139168K(507904K)] 610886K->420707K(1825280K), 0.0477755 secs] [Times: user=0.28 sys=0.00, real=0.04 secs] 
3697.532: [GC (GCLocker Initiated GC) [PSYoungGen: 464800K->100032K(509952K)] 746339K->511875K(1827328K), 0.0629750 secs] [Times: user=0.38 sys=0.00, real=0.07 secs] 
3698.197: [GC (Allocation Failure) [PSYoungGen: 430784K->138976K(511488K)] 842698K->648142K(1828864K), 0.0499648 secs] [Times: user=0.29 sys=0.00, real=0.05 secs] 
3699.621: [GC (Allocation Failure) [PSYoungGen: 469728K->103328K(512000K)] 978894K->742386K(1829376K), 0.0687302 secs] [Times: user=0.41 sys=0.01, real=0.07 secs] 
3700.780: [GC (Allocation Failure) [PSYoungGen: 437664K->135968K(513536K)] 1076722K->876443K(1830912K), 0.0513604 secs] [Times: user=0.30 sys=0.00, real=0.05 secs] 
3702.176: [GC (Allocation Failure) [PSYoungGen: 470304K->108768K(510976K)] 1210779K->976319K(1828352K), 0.0678345 secs] [Times: user=0.40 sys=0.00, real=0.07 secs] 
3704.623: [GC (Allocation Failure) [PSYoungGen: 447712K->133696K(514560K)] 1315263K->1108448K(1831936K), 0.0521707 secs] [Times: user=0.31 sys=0.00, real=0.05 secs] 
3705.975: [GC (Allocation Failure) [PSYoungGen: 472640K->113888K(513536K)] 1447392K->1213208K(1830912K), 0.0647889 secs] [Times: user=0.38 sys=0.01, real=0.06 secs] 
3706.776: [GC (GCLocker Initiated GC) [PSYoungGen: 461024K->134272K(518144K)] 1560344K->1346157K(1835520K), 0.0560396 secs] [Times: user=0.30 sys=0.00, real=0.05 secs] 
3706.832: [Full GC (Ergonomics) [PSYoungGen: 134272K->0K(518144K)] [ParOldGen: 1211885K->149642K(1398272K)] 1346157K->149642K(1916416K), [Metaspace: 60314K->60314K(1105920K)], 0.3250098 secs] [Times: user=1.36 sys=0.00, real=0.33 secs] 
3708.423: [GC (Allocation Failure) [PSYoungGen: 347136K->115488K(519680K)] 496780K->265132K(1917952K), 0.0405363 secs] [Times: user=0.23 sys=0.01, real=0.04 secs] 
3709.495: [GC (Allocation Failure) [PSYoungGen: 471328K->141696K(523264K)] 620972K->405669K(1921536K), 0.0583571 secs] [Times: user=0.35 sys=0.00, real=0.06 secs] 
3711.649: [GC (GCLocker Initiated GC) [PSYoungGen: 497536K->114048K(526848K)] 761509K->511077K(1925120K), 0.1644244 secs] [Times: user=0.97 sys=0.01, real=0.17 secs] 
3713.305: [GC (Allocation Failure) [PSYoungGen: 474496K->148576K(509440K)] 871528K->656709K(1907712K), 0.0553372 secs] [Times: user=0.32 sys=0.00, real=0.05 secs] 
3714.628: [GC (Allocation Failure) [PSYoungGen: 509024K->114624K(529408K)] 1017157K->762445K(1927680K), 0.0663140 secs] [Times: user=0.39 sys=0.00, real=0.07 secs] 
3715.209: [GC (Allocation Failure) [PSYoungGen: 470976K->148640K(505344K)] 1118797K->908883K(1903616K), 0.0560346 secs] [Times: user=0.33 sys=0.00, real=0.06 secs] 
3716.996: [GC (Allocation Failure) [PSYoungGen: 504992K->111808K(526848K)] 1265235K->1011603K(1925120K), 0.0797251 secs] [Times: user=0.47 sys=0.01, real=0.08 secs] 
3717.581: [GC (Allocation Failure) [PSYoungGen: 464064K->147968K(500736K)] 1363859K->1156404K(1899008K), 0.0544216 secs] [Times: user=0.32 sys=0.01, real=0.06 secs] 
3719.923: [GC (Allocation Failure) [PSYoungGen: 500224K->109184K(524800K)] 1508660K->1256740K(1923072K), 0.1302656 secs] [Times: user=0.78 sys=0.00, real=0.13 secs] 
3720.536: [GC (Allocation Failure) [PSYoungGen: 455421K->147328K(496128K)] 1602977K->1400745K(1894400K), 0.0639299 secs] [Times: user=0.32 sys=0.06, real=0.06 secs] 
3720.600: [Full GC (Ergonomics) [PSYoungGen: 147328K->0K(496128K)] [ParOldGen: 1253417K->196786K(1398272K)] 1400745K->196786K(1894400K), [Metaspace: 60314K->60314K(1105920K)], 0.4600836 secs] [Times: user=2.13 sys=0.00, real=0.46 secs] 
3722.792: [GC (Allocation Failure) [PSYoungGen: 348672K->103424K(522752K)] 545458K->300210K(1921024K), 0.0932800 secs] [Times: user=0.54 sys=0.00, real=0.10 secs] 
3723.450: [GC (Allocation Failure) [PSYoungGen: 448512K->145728K(491008K)] 645298K->441916K(1889280K), 0.0499315 secs] [Times: user=0.29 sys=0.01, real=0.05 secs] 
3726.176: [GC (GCLocker Initiated GC) [PSYoungGen: 490816K->105696K(521728K)] 787005K->539005K(1920000K), 0.1303425 secs] [Times: user=0.78 sys=0.00, real=0.13 secs] 
3726.774: [GC (Allocation Failure) [PSYoungGen: 448224K->145792K(488448K)] 881536K->681214K(1886720K), 0.0510117 secs] [Times: user=0.30 sys=0.00, real=0.05 secs] 
3728.218: [GC (GCLocker Initiated GC) [PSYoungGen: 488320K->105824K(520704K)] 1023742K->778198K(1918976K), 0.0712468 secs] [Times: user=0.42 sys=0.00, real=0.07 secs] 
3728.726: [GC (Allocation Failure) [PSYoungGen: 446304K->154560K(495104K)] 1118717K->927989K(1893376K), 0.0516517 secs] [Times: user=0.30 sys=0.00, real=0.05 secs] 
3730.262: [GC (Allocation Failure) [PSYoungGen: 495040K->103712K(516608K)] 1268469K->1015001K(1914880K), 0.0670839 secs] [Times: user=0.40 sys=0.00, real=0.07 secs] 
3730.973: [GC (Allocation Failure) [PSYoungGen: 436512K->142080K(515072K)] 1347801K->1153781K(1913344K), 0.0644311 secs] [Times: user=0.38 sys=0.00, real=0.06 secs] 
3734.014: [GC (Allocation Failure) [PSYoungGen: 474880K->100480K(515584K)] 1486581K->1245838K(1913856K), 0.1594900 secs] [Times: user=0.95 sys=0.01, real=0.16 secs] 
3734.712: [GC (Allocation Failure) [PSYoungGen: 434304K->141344K(515584K)] 1579662K->1383282K(1913856K), 0.0501663 secs] [Times: user=0.30 sys=0.00, real=0.05 secs] 
3734.763: [Full GC (Ergonomics) [PSYoungGen: 141344K->0K(515584K)] [ParOldGen: 1241938K->180262K(1398272K)] 1383282K->180262K(1913856K), [Metaspace: 60316K->60316K(1105920K)], 0.4028893 secs] [Times: user=1.84 sys=0.00, real=0.41 secs] 
3736.702: [GC (Allocation Failure) [PSYoungGen: 333824K->101856K(514560K)] 514086K->282118K(1912832K), 0.0722601 secs] [Times: user=0.43 sys=0.00, real=0.08 secs] 
3737.384: [GC (Allocation Failure) [PSYoungGen: 436704K->140032K(515584K)] 616966K->419054K(1913856K), 0.0512474 secs] [Times: user=0.30 sys=0.00, real=0.05 secs] 
3738.915: [GC (GCLocker Initiated GC) [PSYoungGen: 474880K->106112K(514560K)] 753902K->515846K(1912832K), 0.0980270 secs] [Times: user=0.58 sys=0.00, real=0.09 secs] 
3740.882: [GC (Allocation Failure) [PSYoungGen: 443008K->136640K(516096K)] 852745K->650199K(1914368K), 0.1018170 secs] [Times: user=0.61 sys=0.00, real=0.11 secs] 
3742.349: [GC (GCLocker Initiated GC) [PSYoungGen: 473536K->108352K(514048K)] 987095K->750079K(1912320K), 0.0729421 secs] [Times: user=0.43 sys=0.00, real=0.07 secs] 
3743.553: [GC (Allocation Failure) [PSYoungGen: 449856K->136960K(517120K)] 1091654K->885095K(1915392K), 0.0536683 secs] [Times: user=0.31 sys=0.00, real=0.06 secs] 
3744.859: [GC (Allocation Failure) [PSYoungGen: 478464K->111168K(518144K)] 1226599K->987471K(1916416K), 0.0638512 secs] [Times: user=0.38 sys=0.00, real=0.06 secs] 
3745.492: [GC (Allocation Failure) [PSYoungGen: 458816K->144896K(520704K)] 1335119K->1130195K(1918976K), 0.0546308 secs] [Times: user=0.32 sys=0.00, real=0.06 secs] 
3746.862: [GC (Allocation Failure) [PSYoungGen: 492544K->109024K(523264K)] 1477843K->1229819K(1921536K), 0.0665788 secs] [Times: user=0.39 sys=0.00, real=0.07 secs] 
3747.455: [GC (Allocation Failure) [PSYoungGen: 458208K->145440K(495104K)] 1579003K->1374087K(1893376K), 0.0542334 secs] [Times: user=0.32 sys=0.00, real=0.05 secs] 
3749.823: [GC (Allocation Failure) [PSYoungGen: 494624K->109792K(524288K)] 1723271K->1475439K(1922560K), 0.1794638 secs] [Times: user=0.94 sys=0.13, real=0.17 secs] 
3750.003: [Full GC (Ergonomics) [PSYoungGen: 109792K->0K(524288K)] [ParOldGen: 1365647K->34455K(1398272K)] 1475439K->34455K(1922560K), [Metaspace: 60338K->60338K(1105920K)], 0.0998257 secs] [Times: user=0.38 sys=0.00, real=0.10 secs] 
3751.461: [GC (Allocation Failure) [PSYoungGen: 347648K->144832K(492544K)] 382103K->179287K(1890816K), 0.0288395 secs] [Times: user=0.17 sys=0.00, real=0.03 secs] 
3752.751: [GC (Allocation Failure) [PSYoungGen: 492480K->111168K(524288K)] 526935K->281247K(1922560K), 0.0639782 secs] [Times: user=0.38 sys=0.00, real=0.07 secs] 
3753.423: [GC (Allocation Failure) [PSYoungGen: 458304K->143840K(521728K)] 628383K->420996K(1920000K), 0.0533713 secs] [Times: user=0.31 sys=0.00, real=0.05 secs] 
3755.065: [GC (Allocation Failure) [PSYoungGen: 490976K->110272K(522240K)] 768132K->521988K(1920512K), 0.1180814 secs] [Times: user=0.70 sys=0.00, real=0.11 secs] 
3756.038: [GC (Allocation Failure) [PSYoungGen: 457920K->145312K(493056K)] 869636K->663040K(1891328K), 0.0527346 secs] [Times: user=0.31 sys=0.00, real=0.05 secs] 
3758.144: [GC (Allocation Failure) [PSYoungGen: 492960K->108704K(523776K)] 1010688K->762776K(1922048K), 0.1304884 secs] [Times: user=0.70 sys=0.00, real=0.13 secs] 
3758.938: [GC (Allocation Failure) [PSYoungGen: 455328K->146144K(493056K)] 1109400K->905357K(1891328K), 0.0533783 secs] [Times: user=0.31 sys=0.00, real=0.05 secs] 
3760.330: [GC (Allocation Failure) [PSYoungGen: 492768K->108576K(522752K)] 1251981K->1005589K(1921024K), 0.0681689 secs] [Times: user=0.41 sys=0.01, real=0.07 secs] 
3760.961: [GC (Allocation Failure) [PSYoungGen: 453152K->145408K(490496K)] 1350165K->1146518K(1888768K), 0.0530370 secs] [Times: user=0.32 sys=0.00, real=0.06 secs] 
3762.345: [GC (Allocation Failure) [PSYoungGen: 489984K->107776K(522240K)] 1491094K->1245530K(1920512K), 0.0656675 secs] [Times: user=0.39 sys=0.00, real=0.06 secs] 
3762.876: [GC (Allocation Failure) [PSYoungGen: 451328K->145216K(488960K)] 1589082K->1387547K(1887232K), 0.0531655 secs] [Times: user=0.31 sys=0.00, real=0.05 secs] 
3762.929: [Full GC (Ergonomics) [PSYoungGen: 145216K->0K(488960K)] [ParOldGen: 1242331K->191019K(1398272K)] 1387547K->191019K(1887232K), [Metaspace: 60338K->60338K(1105920K)], 0.4462714 secs] [Times: user=2.05 sys=0.00, real=0.45 secs] 
3765.914: [GC (Allocation Failure) [PSYoungGen: 343552K->104128K(521216K)] 534571K->295147K(1919488K), 0.0540701 secs] [Times: user=0.32 sys=0.01, real=0.05 secs] 
3766.580: [GC (Allocation Failure) [PSYoungGen: 446144K->146368K(488448K)] 637163K->437536K(1886720K), 0.0499846 secs] [Times: user=0.30 sys=0.00, real=0.05 secs] 
3768.267: [GC (Allocation Failure) [PSYoungGen: 488384K->104128K(519680K)] 779552K->533024K(1917952K), 0.1102172 secs] [Times: user=0.63 sys=0.00, real=0.11 secs] 
3768.832: [GC (Allocation Failure) [PSYoungGen: 443584K->143840K(483328K)] 872480K->672889K(1881600K), 0.0506895 secs] [Times: user=0.30 sys=0.00, real=0.05 secs] 
3770.383: [GC (Allocation Failure) [PSYoungGen: 483296K->106432K(520192K)] 1012345K->770377K(1918464K), 0.0983487 secs] [Times: user=0.58 sys=0.00, real=0.09 secs] 
3771.013: [GC (Allocation Failure) [PSYoungGen: 445888K->144160K(518144K)] 1109833K->911521K(1916416K), 0.0520541 secs] [Times: user=0.31 sys=0.00, real=0.06 secs] 
3773.324: [GC (Allocation Failure) [PSYoungGen: 483616K->104896K(518144K)] 1250977K->1007473K(1916416K), 0.1027712 secs] [Times: user=0.61 sys=0.00, real=0.10 secs] 
3773.917: [GC (Allocation Failure) [PSYoungGen: 444352K->145248K(484864K)] 1346929K->1148433K(1883136K), 0.0513616 secs] [Times: user=0.30 sys=0.00, real=0.05 secs] 
3775.301: [GC (Allocation Failure) [PSYoungGen: 484704K->104288K(519168K)] 1487889K->1243969K(1917440K), 0.0690476 secs] [Times: user=0.41 sys=0.00, real=0.07 secs] 
3776.274: [GC (GCLocker Initiated GC) [PSYoungGen: 442208K->139232K(517632K)] 1581890K->1379439K(1915904K), 0.0521833 secs] [Times: user=0.31 sys=0.00, real=0.05 secs] 
3776.326: [Full GC (Ergonomics) [PSYoungGen: 139232K->0K(517632K)] [ParOldGen: 1240207K->177242K(1398272K)] 1379439K->177242K(1915904K), [Metaspace: 60345K->60345K(1105920K)], 0.4098667 secs] [Times: user=1.89 sys=0.00, real=0.41 secs] 
3778.137: [GC (Allocation Failure) [PSYoungGen: 337920K->107328K(515584K)] 515233K->284641K(1913856K), 0.0358612 secs] [Times: user=0.21 sys=0.00, real=0.04 secs] 
3778.971: [GC (Allocation Failure) [PSYoungGen: 446784K->141952K(516608K)] 624097K->424645K(1914880K), 0.0530183 secs] [Times: user=0.31 sys=0.00, real=0.06 secs] 
3780.961: [GC (Allocation Failure) [PSYoungGen: 481408K->103648K(520192K)] 764101K->519109K(1918464K), 0.0634409 secs] [Times: user=0.37 sys=0.00, real=0.07 secs] 
3781.573: [GC (Allocation Failure) [PSYoungGen: 446688K->142720K(520192K)] 862149K->658834K(1918464K), 0.0517106 secs] [Times: user=0.29 sys=0.01, real=0.06 secs] 
3782.945: [GC (Allocation Failure) [PSYoungGen: 485760K->106944K(519168K)] 1001874K->756558K(1917440K), 0.0643110 secs] [Times: user=0.38 sys=0.00, real=0.06 secs] 
3783.721: [GC (Allocation Failure) [PSYoungGen: 449984K->142656K(519680K)] 1099598K->896854K(1917952K), 0.0528712 secs] [Times: user=0.31 sys=0.00, real=0.06 secs] 
3785.588: [GC (Allocation Failure) [PSYoungGen: 485696K->106048K(520192K)] 1239894K->993686K(1918464K), 0.0908871 secs] [Times: user=0.54 sys=0.00, real=0.09 secs] 
3787.064: [GC (Allocation Failure) [PSYoungGen: 449600K->143520K(520192K)] 1337238K->1134475K(1918464K), 0.0530110 secs] [Times: user=0.32 sys=0.00, real=0.05 secs] 
3788.368: [GC (Allocation Failure) [PSYoungGen: 487072K->107552K(520192K)] 1478027K->1232715K(1918464K), 0.0651334 secs] [Times: user=0.38 sys=0.00, real=0.07 secs] 
3788.921: [GC (Allocation Failure) [PSYoungGen: 451104K->144448K(520192K)] 1576267K->1374272K(1918464K), 0.0532007 secs] [Times: user=0.32 sys=0.00, real=0.06 secs] 
3790.353: [GC (Allocation Failure) [PSYoungGen: 488000K->106592K(520192K)] 1717824K->1471448K(1918464K), 0.0659895 secs] [Times: user=0.39 sys=0.00, real=0.07 secs] 
3790.419: [Full GC (Ergonomics) [PSYoungGen: 106592K->0K(520192K)] [ParOldGen: 1364856K->32140K(1398272K)] 1471448K->32140K(1918464K), [Metaspace: 60351K->60351K(1105920K)], 0.0556893 secs] [Times: user=0.19 sys=0.01, real=0.06 secs] 
3791.158: [GC (Allocation Failure) [PSYoungGen: 343552K->142016K(520192K)] 375692K->174156K(1918464K), 0.0288764 secs] [Times: user=0.16 sys=0.00, real=0.03 secs] 
3792.856: [GC (GCLocker Initiated GC) [PSYoungGen: 485568K->107584K(519680K)] 517708K->272636K(1917952K), 0.0945771 secs] [Times: user=0.56 sys=0.00, real=0.09 secs] 
3794.356: [GC (Allocation Failure) [PSYoungGen: 451648K->142272K(520192K)] 616703K->411668K(1918464K), 0.0521077 secs] [Times: user=0.31 sys=0.00, real=0.05 secs] 
3795.795: [GC (Allocation Failure) [PSYoungGen: 486336K->107040K(520192K)] 755732K->509564K(1918464K), 0.0713640 secs] [Times: user=0.42 sys=0.00, real=0.07 secs] 
3796.486: [GC (Allocation Failure) [PSYoungGen: 452128K->144800K(520704K)] 854652K->651272K(1918976K), 0.0524355 secs] [Times: user=0.31 sys=0.00, real=0.05 secs] 
3798.153: [GC (Allocation Failure) [PSYoungGen: 489888K->109184K(521216K)] 996360K->751477K(1919488K), 0.0979445 secs] [Times: user=0.58 sys=0.00, real=0.10 secs] 
3799.281: [GC (Allocation Failure) [PSYoungGen: 453760K->142944K(520704K)] 1096053K->891149K(1918976K), 0.0531227 secs] [Times: user=0.32 sys=0.00, real=0.06 secs] 
3801.516: [GC (GCLocker Initiated GC) [PSYoungGen: 487520K->107680K(520192K)] 1235725K->989853K(1918464K), 0.0717154 secs] [Times: user=0.42 sys=0.01, real=0.07 secs] 
3802.215: [GC (Allocation Failure) [PSYoungGen: 452768K->143008K(520704K)] 1334980K->1129849K(1918976K), 0.0528674 secs] [Times: user=0.30 sys=0.00, real=0.05 secs] 
3803.581: [GC (GCLocker Initiated GC) [PSYoungGen: 488096K->110784K(520192K)] 1474950K->1231742K(1918464K), 0.0653887 secs] [Times: user=0.38 sys=0.00, real=0.07 secs] 
3804.560: [GC (Allocation Failure) [PSYoungGen: 456384K->142112K(520704K)] 1577345K->1371745K(1918976K), 0.0541085 secs] [Times: user=0.32 sys=0.00, real=0.06 secs] 
3806.534: [GC (Allocation Failure) [PSYoungGen: 487712K->109472K(521216K)] 1717345K->1471813K(1919488K), 0.1303099 secs] [Times: user=0.77 sys=0.00, real=0.13 secs] 
3806.664: [Full GC (Ergonomics) [PSYoungGen: 109472K->0K(521216K)] [ParOldGen: 1362341K->37576K(1398272K)] 1471813K->37576K(1919488K), [Metaspace: 60352K->60352K(1105920K)], 0.0992137 secs] [Times: user=0.39 sys=0.00, real=0.10 secs] 
3807.564: [GC (Allocation Failure) [PSYoungGen: 347136K->154432K(501760K)] 384712K->192008K(1900032K), 0.0293724 secs] [Times: user=0.17 sys=0.00, real=0.02 secs] 
3809.511: [GC (Allocation Failure) [PSYoungGen: 501568K->107712K(520192K)] 539144K->282664K(1918464K), 0.0636144 secs] [Times: user=0.37 sys=0.01, real=0.07 secs] 
3810.169: [GC (Allocation Failure) [PSYoungGen: 447680K->143392K(518656K)] 622632K->422521K(1916928K), 0.0515996 secs] [Times: user=0.31 sys=0.00, real=0.05 secs] 
3811.754: [GC (Allocation Failure) [PSYoungGen: 483360K->102720K(519168K)] 762489K->516265K(1917440K), 0.0703810 secs] [Times: user=0.41 sys=0.01, real=0.07 secs] 
3812.594: [GC (Allocation Failure) [PSYoungGen: 443200K->139392K(519168K)] 856745K->652918K(1917440K), 0.0506940 secs] [Times: user=0.29 sys=0.00, real=0.05 secs] 
3814.402: [GC (Allocation Failure) [PSYoungGen: 479872K->108160K(516096K)] 993398K->751878K(1914368K), 0.1635526 secs] [Times: user=0.97 sys=0.01, real=0.17 secs] 
3815.885: [GC (Allocation Failure) [PSYoungGen: 449664K->142240K(518144K)] 1093382K->891031K(1916416K), 0.0526360 secs] [Times: user=0.31 sys=0.00, real=0.05 secs] 
3817.177: [GC (Allocation Failure) [PSYoungGen: 483744K->105600K(520704K)] 1232535K->987371K(1918976K), 0.0640139 secs] [Times: user=0.38 sys=0.00, real=0.06 secs] 
3817.834: [GC (Allocation Failure) [PSYoungGen: 449664K->142560K(520704K)] 1331435K->1127144K(1918976K), 0.0517050 secs] [Times: user=0.31 sys=0.00, real=0.05 secs] 
3819.248: [GC (Allocation Failure) [PSYoungGen: 486624K->108352K(518656K)] 1471208K->1226400K(1916928K), 0.0834456 secs] [Times: user=0.49 sys=0.00, real=0.08 secs] 
3819.978: [GC (Allocation Failure) [PSYoungGen: 452416K->142976K(519680K)] 1570464K->1367546K(1917952K), 0.0534798 secs] [Times: user=0.31 sys=0.00, real=0.05 secs] 
3822.018: [GC (Allocation Failure) [PSYoungGen: 487040K->109888K(520192K)] 1711610K->1468502K(1918464K), 0.1602291 secs] [Times: user=0.95 sys=0.01, real=0.16 secs] 
3822.178: [Full GC (Ergonomics) [PSYoungGen: 109888K->0K(520192K)] [ParOldGen: 1358614K->34708K(1398272K)] 1468502K->34708K(1918464K), [Metaspace: 60354K->60354K(1105920K)], 0.0961934 secs] [Times: user=0.36 sys=0.00, real=0.10 secs] 
3823.833: [GC (Allocation Failure) [PSYoungGen: 345600K->140704K(520704K)] 380308K->175412K(1918976K), 0.0280082 secs] [Times: user=0.16 sys=0.00, real=0.02 secs] 
3825.294: [GC (Allocation Failure) [PSYoungGen: 486304K->108672K(520704K)] 521012K->275188K(1918976K), 0.0756881 secs] [Times: user=0.45 sys=0.00, real=0.07 secs] 
3826.352: [GC (Allocation Failure) [PSYoungGen: 456320K->143200K(521728K)] 622836K->414969K(1920000K), 0.0519101 secs] [Times: user=0.31 sys=0.00, real=0.06 secs] 
3828.718: [GC (Allocation Failure) [PSYoungGen: 490848K->107904K(523264K)] 762617K->513889K(1921536K), 0.1548219 secs] [Times: user=0.92 sys=0.01, real=0.15 secs] 
3830.024: [GC (Allocation Failure) [PSYoungGen: 456064K->145216K(493568K)] 862049K->656125K(1891840K), 0.0529801 secs] [Times: user=0.31 sys=0.00, real=0.05 secs] 
3831.326: [GC (GCLocker Initiated GC) [PSYoungGen: 493376K->109248K(523776K)] 1004286K->756034K(1922048K), 0.0644703 secs] [Times: user=0.38 sys=0.00, real=0.06 secs] 
3831.920: [GC (Allocation Failure) [PSYoungGen: 455872K->143872K(521728K)] 1102728K->897053K(1920000K), 0.0536673 secs] [Times: user=0.31 sys=0.00, real=0.06 secs] 
3833.622: [GC (Allocation Failure) [PSYoungGen: 490496K->108480K(521728K)] 1243677K->996653K(1920000K), 0.0938423 secs] [Times: user=0.56 sys=0.01, real=0.10 secs] 
3834.265: [GC (Allocation Failure) [PSYoungGen: 455104K->144576K(491520K)] 1343277K->1139106K(1889792K), 0.0532805 secs] [Times: user=0.31 sys=0.00, real=0.05 secs] 
3837.290: [GC (Allocation Failure) [PSYoungGen: 491200K->106784K(523264K)] 1485730K->1236658K(1921536K), 0.1329588 secs] [Times: user=0.79 sys=0.01, real=0.14 secs] 
3838.060: [GC (Allocation Failure) [PSYoungGen: 452384K->143840K(521216K)] 1582258K->1377527K(1919488K), 0.0524191 secs] [Times: user=0.31 sys=0.00, real=0.05 secs] 
3838.112: [Full GC (Ergonomics) [PSYoungGen: 143840K->0K(521216K)] [ParOldGen: 1233687K->181158K(1398272K)] 1377527K->181158K(1919488K), [Metaspace: 60355K->60355K(1105920K)], 0.4312699 secs] [Times: user=2.01 sys=0.00, real=0.44 secs] 
3839.777: [GC (Allocation Failure) [PSYoungGen: 345600K->110240K(521216K)] 526758K->291398K(1919488K), 0.0340842 secs] [Times: user=0.20 sys=0.00, real=0.03 secs] 
3840.345: [GC (Allocation Failure) [PSYoungGen: 455840K->153888K(499712K)] 636998K->441018K(1897984K), 0.0535099 secs] [Times: user=0.32 sys=0.00, real=0.05 secs] 
3841.859: [GC (Allocation Failure) [PSYoungGen: 499488K->107680K(519680K)] 786618K->531522K(1917952K), 0.1194911 secs] [Times: user=0.71 sys=0.00, real=0.12 secs] 
3842.479: [GC (Allocation Failure) [PSYoungGen: 446112K->143072K(517632K)] 869954K->670751K(1915904K), 0.0517787 secs] [Times: user=0.30 sys=0.00, real=0.05 secs] 
3845.045: [GC (Allocation Failure) [PSYoungGen: 481504K->103744K(518656K)] 1009183K->765267K(1916928K), 0.1639241 secs] [Times: user=0.97 sys=0.01, real=0.16 secs] 
3846.027: [GC (Allocation Failure) [PSYoungGen: 443200K->140640K(518656K)] 1104723K->902024K(1916928K), 0.0507165 secs] [Times: user=0.29 sys=0.01, real=0.05 secs] 
3848.312: [GC (Allocation Failure) [PSYoungGen: 480096K->106176K(516096K)] 1241480K->999296K(1914368K), 0.1189431 secs] [Times: user=0.71 sys=0.00, real=0.12 secs] 
3849.604: [GC (Allocation Failure) [PSYoungGen: 446144K->141888K(517632K)] 1339264K->1138089K(1915904K), 0.0521141 secs] [Times: user=0.31 sys=0.00, real=0.05 secs] 
3852.147: [GC (Allocation Failure) [PSYoungGen: 481856K->103552K(520192K)] 1478057K->1233129K(1918464K), 0.1622646 secs] [Times: user=0.97 sys=0.00, real=0.16 secs] 
3853.951: [GC (Allocation Failure) [PSYoungGen: 446080K->142304K(520192K)] 1575657K->1372550K(1918464K), 0.0522526 secs] [Times: user=0.30 sys=0.00, real=0.06 secs] 
3854.003: [Full GC (Ergonomics) [PSYoungGen: 142304K->0K(520192K)] [ParOldGen: 1230246K->172130K(1398272K)] 1372550K->172130K(1918464K), [Metaspace: 60357K->60357K(1105920K)], 0.3885906 secs] [Times: user=1.78 sys=0.00, real=0.38 secs] 
3855.749: [GC (GCLocker Initiated GC) [PSYoungGen: 342528K->105632K(519168K)] 514658K->277770K(1917440K), 0.0479374 secs] [Times: user=0.28 sys=0.00, real=0.05 secs] 
3856.474: [GC (Allocation Failure) [PSYoungGen: 448160K->144224K(519680K)] 620369K->418834K(1917952K), 0.0527198 secs] [Times: user=0.31 sys=0.00, real=0.05 secs] 
3857.835: [GC (Allocation Failure) [PSYoungGen: 486752K->108160K(519680K)] 761362K->518014K(1917952K), 0.0664785 secs] [Times: user=0.39 sys=0.01, real=0.06 secs] 
3858.564: [GC (Allocation Failure) [PSYoungGen: 450688K->152352K(495104K)] 860542K->668075K(1893376K), 0.0540021 secs] [Times: user=0.32 sys=0.00, real=0.05 secs] 
3860.840: [GC (Allocation Failure) [PSYoungGen: 494880K->105504K(518656K)] 1010603K->756659K(1916928K), 0.1003108 secs] [Times: user=0.59 sys=0.01, real=0.10 secs] 
3861.749: [GC (Allocation Failure) [PSYoungGen: 441888K->141312K(516608K)] 1093043K->894527K(1914880K), 0.0517667 secs] [Times: user=0.31 sys=0.00, real=0.05 secs] 
3863.062: [GC (GCLocker Initiated GC) [PSYoungGen: 477696K->103392K(517120K)] 1230912K->989005K(1915392K), 0.0643915 secs] [Times: user=0.38 sys=0.00, real=0.07 secs] 
3863.635: [GC (Allocation Failure) [PSYoungGen: 441312K->141120K(517120K)] 1326995K->1127896K(1915392K), 0.0515946 secs] [Times: user=0.31 sys=0.00, real=0.05 secs] 
3864.976: [GC (Allocation Failure) [PSYoungGen: 479040K->106720K(516608K)] 1465816K->1225128K(1914880K), 0.0759776 secs] [Times: user=0.45 sys=0.00, real=0.07 secs] 
3865.912: [GC (GCLocker Initiated GC) [PSYoungGen: 446176K->139392K(517632K)] 1564584K->1363120K(1915904K), 0.0526900 secs] [Times: user=0.31 sys=0.01, real=0.06 secs] 
3868.258: [GC (GCLocker Initiated GC) [PSYoungGen: 478848K->106240K(517632K)] 1702578K->1460906K(1915904K), 0.0719681 secs] [Times: user=0.42 sys=0.00, real=0.07 secs] 
3868.330: [Full GC (Ergonomics) [PSYoungGen: 106240K->0K(517632K)] [ParOldGen: 1354666K->20667K(1398272K)] 1460906K->20667K(1915904K), [Metaspace: 60378K->60378K(1105920K)], 0.0304281 secs] [Times: user=0.08 sys=0.00, real=0.03 secs] 
3869.470: [GC (Allocation Failure) [PSYoungGen: 342528K->137056K(519168K)] 363197K->157725K(1917440K), 0.0270540 secs] [Times: user=0.16 sys=0.00, real=0.03 secs] 
3870.756: [GC (GCLocker Initiated GC) [PSYoungGen: 479584K->112160K(515584K)] 500253K->260709K(1913856K), 0.0658605 secs] [Times: user=0.37 sys=0.01, real=0.06 secs] 
3871.608: [GC (Allocation Failure) [PSYoungGen: 458272K->140192K(519168K)] 606824K->399229K(1917440K), 0.0535262 secs] [Times: user=0.32 sys=0.00, real=0.05 secs] 
3872.934: [GC (GCLocker Initiated GC) [PSYoungGen: 486304K->110464K(522240K)] 745341K->499913K(1920512K), 0.0639834 secs] [Times: user=0.38 sys=0.00, real=0.06 secs] 
3873.804: [GC (Allocation Failure) [PSYoungGen: 461696K->142400K(523264K)] 851184K->641081K(1921536K), 0.0532310 secs] [Times: user=0.32 sys=0.01, real=0.05 secs] 
3875.194: [GC (Allocation Failure) [PSYoungGen: 493632K->112192K(523776K)] 992313K->744025K(1922048K), 0.0674765 secs] [Times: user=0.40 sys=0.00, real=0.06 secs] 
3876.262: [GC (Allocation Failure) [PSYoungGen: 464960K->154176K(507392K)] 1096793K->895710K(1905664K), 0.0554202 secs] [Times: user=0.32 sys=0.01, real=0.06 secs] 
3877.681: [GC (Allocation Failure) [PSYoungGen: 506944K->108352K(522752K)] 1248478K->986946K(1921024K), 0.0664685 secs] [Times: user=0.38 sys=0.02, real=0.07 secs] 
3878.497: [GC (GCLocker Initiated GC) [PSYoungGen: 452928K->142592K(520704K)] 1331522K->1127250K(1918976K), 0.0537074 secs] [Times: user=0.31 sys=0.00, real=0.05 secs] 
3879.994: [GC (Allocation Failure) [PSYoungGen: 487168K->108608K(520192K)] 1471829K->1227205K(1918464K), 0.0684253 secs] [Times: user=0.40 sys=0.00, real=0.06 secs] 
3880.789: [GC (Allocation Failure) [PSYoungGen: 453696K->142688K(520704K)] 1572293K->1367822K(1918976K), 0.0546930 secs] [Times: user=0.32 sys=0.00, real=0.06 secs] 
3882.963: [GC (Allocation Failure) [PSYoungGen: 487776K->108320K(520704K)] 1712910K->1467070K(1918976K), 0.0664598 secs] [Times: user=0.39 sys=0.00, real=0.06 secs] 
3883.030: [Full GC (Ergonomics) [PSYoungGen: 108320K->0K(520704K)] [ParOldGen: 1358749K->32213K(1398272K)] 1467070K->32213K(1918976K), [Metaspace: 60381K->60381K(1105920K)], 0.0571048 secs] [Times: user=0.20 sys=0.00, real=0.06 secs] 
3883.893: [GC (Allocation Failure) [PSYoungGen: 346112K->143360K(521216K)] 378325K->175573K(1919488K), 0.0287657 secs] [Times: user=0.17 sys=0.00, real=0.03 secs] 
3885.900: [GC (Allocation Failure) [PSYoungGen: 489472K->107488K(521728K)] 521685K->274385K(1920000K), 0.0745003 secs] [Times: user=0.44 sys=0.01, real=0.08 secs] 
3886.920: [GC (Allocation Failure) [PSYoungGen: 454112K->142144K(521728K)] 621009K->413626K(1920000K), 0.0522162 secs] [Times: user=0.31 sys=0.00, real=0.05 secs] 
3888.500: [GC (Allocation Failure) [PSYoungGen: 488768K->113504K(520192K)] 760250K->517598K(1918464K), 0.0995559 secs] [Times: user=0.58 sys=0.01, real=0.10 secs] 
3889.273: [GC (Allocation Failure) [PSYoungGen: 460640K->145472K(521216K)] 864734K->660083K(1919488K), 0.0551306 secs] [Times: user=0.33 sys=0.00, real=0.06 secs] 
3890.748: [GC (Allocation Failure) [PSYoungGen: 492608K->110272K(522752K)] 1007219K->761103K(1921024K), 0.0647688 secs] [Times: user=0.39 sys=0.00, real=0.07 secs] 
3891.689: [GC (Allocation Failure) [PSYoungGen: 457920K->147168K(495104K)] 1108751K->904252K(1893376K), 0.0540558 secs] [Times: user=0.32 sys=0.00, real=0.05 secs] 
3893.013: [GC (GCLocker Initiated GC) [PSYoungGen: 494816K->106688K(522752K)] 1251900K->1002220K(1921024K), 0.0658855 secs] [Times: user=0.39 sys=0.01, real=0.06 secs] 
3893.856: [GC (Allocation Failure) [PSYoungGen: 451776K->146560K(492032K)] 1347379K->1144263K(1890304K), 0.0524679 secs] [Times: user=0.31 sys=0.00, real=0.05 secs] 
3895.766: [GC (Allocation Failure) [PSYoungGen: 491648K->108224K(521728K)] 1489351K->1243675K(1920000K), 0.1062728 secs] [Times: user=0.63 sys=0.00, real=0.10 secs] 
3896.412: [GC (GCLocker Initiated GC) [PSYoungGen: 450752K->144352K(519680K)] 1586204K->1384529K(1917952K), 0.0533566 secs] [Times: user=0.32 sys=0.00, real=0.06 secs] 
3896.466: [Full GC (Ergonomics) [PSYoungGen: 144352K->0K(519680K)] [ParOldGen: 1240177K->187893K(1398272K)] 1384529K->187893K(1917952K), [Metaspace: 60387K->60387K(1105920K)], 0.4309812 secs] [Times: user=1.97 sys=0.00, real=0.43 secs] 
3899.038: [GC (Allocation Failure) [PSYoungGen: 342528K->106048K(520704K)] 530460K->293980K(1918976K), 0.0767855 secs] [Times: user=0.45 sys=0.00, real=0.08 secs] 
3899.944: [GC (Allocation Failure) [PSYoungGen: 448576K->142240K(520192K)] 636508K->432576K(1918464K), 0.0507071 secs] [Times: user=0.30 sys=0.00, real=0.05 secs] 
3901.338: [GC (GCLocker Initiated GC) [PSYoungGen: 484768K->109760K(518144K)] 775105K->533689K(1916416K), 0.0637216 secs] [Times: user=0.37 sys=0.01, real=0.06 secs] 
3902.127: [GC (Allocation Failure) [PSYoungGen: 452288K->141952K(519168K)] 876287K->671480K(1917440K), 0.0522875 secs] [Times: user=0.30 sys=0.00, real=0.05 secs] 
3903.723: [GC (GCLocker Initiated GC) [PSYoungGen: 484480K->109984K(518144K)] 1014008K->771784K(1916416K), 0.0638629 secs] [Times: user=0.38 sys=0.00, real=0.07 secs] 
3904.274: [GC (Allocation Failure) [PSYoungGen: 454560K->147520K(519680K)] 1116431K->915324K(1917952K), 0.0534412 secs] [Times: user=0.32 sys=0.00, real=0.05 secs] 
3906.796: [GC (Allocation Failure) [PSYoungGen: 492096K->104960K(521728K)] 1259902K->1011562K(1920000K), 0.1153673 secs] [Times: user=0.69 sys=0.01, real=0.11 secs] 
3907.441: [GC (Allocation Failure) [PSYoungGen: 448000K->146720K(489984K)] 1354602K->1153779K(1888256K), 0.0514977 secs] [Times: user=0.31 sys=0.00, real=0.05 secs] 
3909.067: [GC (Allocation Failure) [PSYoungGen: 489760K->104000K(520192K)] 1496819K->1249259K(1918464K), 0.0674413 secs] [Times: user=0.40 sys=0.00, real=0.07 secs] 
3909.651: [GC (Allocation Failure) [PSYoungGen: 443968K->145568K(485888K)] 1589227K->1390696K(1884160K), 0.0510090 secs] [Times: user=0.30 sys=0.00, real=0.05 secs] 
3909.702: [Full GC (Ergonomics) [PSYoungGen: 145568K->0K(485888K)] [ParOldGen: 1245128K->188519K(1398272K)] 1390696K->188519K(1884160K), [Metaspace: 60387K->60387K(1105920K)], 0.4260527 secs] [Times: user=1.95 sys=0.00, real=0.43 secs] 
3912.356: [GC (Allocation Failure) [PSYoungGen: 339968K->103040K(519168K)] 528487K->291559K(1917440K), 0.0629082 secs] [Times: user=0.37 sys=0.00, real=0.06 secs] 
3912.954: [GC (Allocation Failure) [PSYoungGen: 440960K->143680K(517632K)] 629479K->431332K(1915904K), 0.0503827 secs] [Times: user=0.30 sys=0.00, real=0.05 secs] 
3914.677: [GC (Allocation Failure) [PSYoungGen: 481600K->106496K(516608K)] 769252K->528696K(1914880K), 0.1171951 secs] [Times: user=0.70 sys=0.00, real=0.12 secs] 
3915.352: [GC (Allocation Failure) [PSYoungGen: 444416K->144224K(517120K)] 866616K->667673K(1915392K), 0.0517035 secs] [Times: user=0.30 sys=0.00, real=0.06 secs] 
3916.885: [GC (Allocation Failure) [PSYoungGen: 482144K->105312K(517632K)] 1005593K->764289K(1915904K), 0.0799572 secs] [Times: user=0.48 sys=0.00, real=0.08 secs] 
3917.834: [GC (Allocation Failure) [PSYoungGen: 443744K->139296K(517632K)] 1102721K->900634K(1915904K), 0.0514480 secs] [Times: user=0.30 sys=0.00, real=0.05 secs] 
3919.678: [GC (GCLocker Initiated GC) [PSYoungGen: 477728K->107200K(515584K)] 1239066K->998434K(1913856K), 0.0884450 secs] [Times: user=0.53 sys=0.00, real=0.09 secs] 
3920.709: [GC (Allocation Failure) [PSYoungGen: 447680K->142528K(517632K)] 1338953K->1138568K(1915904K), 0.0526362 secs] [Times: user=0.30 sys=0.00, real=0.05 secs] 
3922.100: [GC (GCLocker Initiated GC) [PSYoungGen: 483008K->105664K(520192K)] 1479057K->1235137K(1918464K), 0.0658174 secs] [Times: user=0.39 sys=0.00, real=0.07 secs] 
3922.702: [GC (Allocation Failure) [PSYoungGen: 448704K->152704K(496128K)] 1578216K->1385053K(1894400K), 0.0534026 secs] [Times: user=0.31 sys=0.00, real=0.06 secs] 
3922.755: [Full GC (Ergonomics) [PSYoungGen: 152704K->0K(496128K)] [ParOldGen: 1232349K->175567K(1398272K)] 1385053K->175567K(1894400K), [Metaspace: 60387K->60387K(1105920K)], 0.3996283 secs] [Times: user=1.84 sys=0.00, real=0.40 secs] 
3924.555: [GC (Allocation Failure) [PSYoungGen: 343040K->105824K(518656K)] 518607K->281391K(1916928K), 0.0458057 secs] [Times: user=0.27 sys=0.00, real=0.04 secs] 
3925.487: [GC (Allocation Failure) [PSYoungGen: 442208K->139616K(516608K)] 617775K->418572K(1914880K), 0.0526765 secs] [Times: user=0.31 sys=0.00, real=0.05 secs] 
3927.486: [GC (Allocation Failure) [PSYoungGen: 476000K->105344K(517120K)] 754956K->514972K(1915392K), 0.1622931 secs] [Times: user=0.97 sys=0.00, real=0.16 secs] 
3929.045: [GC (GCLocker Initiated GC) [PSYoungGen: 443264K->136384K(516608K)] 852893K->648868K(1914880K), 0.0519911 secs] [Times: user=0.31 sys=0.00, real=0.05 secs] 
3930.430: [GC (GCLocker Initiated GC) [PSYoungGen: 474304K->106624K(517632K)] 986790K->745942K(1915904K), 0.0634056 secs] [Times: user=0.37 sys=0.01, real=0.07 secs] 
3931.190: [GC (Allocation Failure) [PSYoungGen: 449152K->139584K(518144K)] 1088473K->883638K(1916416K), 0.0526053 secs] [Times: user=0.31 sys=0.00, real=0.05 secs] 
3932.575: [GC (Allocation Failure) [PSYoungGen: 482112K->110688K(518656K)] 1226166K->984570K(1916928K), 0.0645724 secs] [Times: user=0.39 sys=0.00, real=0.06 secs] 
3933.602: [GC (GCLocker Initiated GC) [PSYoungGen: 457824K->142528K(520704K)] 1331706K->1126075K(1918976K), 0.0542950 secs] [Times: user=0.32 sys=0.00, real=0.06 secs] 
3935.305: [GC (Allocation Failure) [PSYoungGen: 489664K->109664K(523264K)] 1473213K->1227069K(1921536K), 0.0752534 secs] [Times: user=0.44 sys=0.01, real=0.07 secs] 
3936.694: [GC (Allocation Failure) [PSYoungGen: 459360K->143136K(523264K)] 1576765K->1367306K(1921536K), 0.0537447 secs] [Times: user=0.32 sys=0.00, real=0.05 secs] 
3938.166: [GC (Allocation Failure) [PSYoungGen: 492832K->109312K(523264K)] 1717002K->1467546K(1921536K), 0.0802673 secs] [Times: user=0.47 sys=0.01, real=0.08 secs] 
3938.246: [Full GC (Ergonomics) [PSYoungGen: 109312K->0K(523264K)] [ParOldGen: 1358234K->27112K(1398272K)] 1467546K->27112K(1921536K), [Metaspace: 60387K->60387K(1105920K)], 0.0470293 secs] [Times: user=0.16 sys=0.00, real=0.04 secs] 
3938.852: [GC (Allocation Failure) [PSYoungGen: 349696K->144736K(494592K)] 376808K->171849K(1892864K), 0.0286649 secs] [Times: user=0.17 sys=0.00, real=0.03 secs] 
3940.673: [GC (Allocation Failure) [PSYoungGen: 494432K->110592K(524800K)] 521545K->272969K(1923072K), 0.0903380 secs] [Times: user=0.54 sys=0.00, real=0.09 secs] 
3941.953: [GC (Allocation Failure) [PSYoungGen: 459264K->144960K(494080K)] 621641K->415540K(1892352K), 0.0535293 secs] [Times: user=0.32 sys=0.00, real=0.06 secs] 
3943.452: [GC (Allocation Failure) [PSYoungGen: 493632K->110240K(524800K)] 764212K->516460K(1923072K), 0.0775505 secs] [Times: user=0.46 sys=0.00, real=0.08 secs] 
3944.187: [GC (Allocation Failure) [PSYoungGen: 458400K->144416K(522240K)] 864620K->658489K(1920512K), 0.0530743 secs] [Times: user=0.31 sys=0.00, real=0.05 secs] 
3945.947: [GC (GCLocker Initiated GC) [PSYoungGen: 492576K->111232K(522240K)] 1006650K->760898K(1920512K), 0.1253293 secs] [Times: user=0.74 sys=0.00, real=0.12 secs] 
3946.830: [GC (GCLocker Initiated GC) [PSYoungGen: 459392K->145152K(522240K)] 1109064K->901988K(1920512K), 0.0540454 secs] [Times: user=0.32 sys=0.00, real=0.06 secs] 
3948.987: [GC (Allocation Failure) [PSYoungGen: 493312K->108416K(523264K)] 1250149K->1000985K(1921536K), 0.1172114 secs] [Times: user=0.70 sys=0.00, real=0.12 secs] 
3950.004: [GC (GCLocker Initiated GC) [PSYoungGen: 455552K->145216K(492544K)] 1348122K->1141962K(1890816K), 0.0532584 secs] [Times: user=0.31 sys=0.00, real=0.05 secs] 
3951.430: [GC (Allocation Failure) [PSYoungGen: 492352K->110432K(523264K)] 1489137K->1243257K(1921536K), 0.0665038 secs] [Times: user=0.40 sys=0.00, real=0.07 secs] 
3951.983: [GC (Allocation Failure) [PSYoungGen: 456032K->146176K(492032K)] 1588857K->1385078K(1890304K), 0.0545490 secs] [Times: user=0.31 sys=0.00, real=0.05 secs] 
3952.038: [Full GC (Ergonomics) [PSYoungGen: 146176K->0K(492032K)] [ParOldGen: 1238902K->190016K(1398272K)] 1385078K->190016K(1890304K), [Metaspace: 60389K->60389K(1105920K)], 0.4544745 secs] [Times: user=2.13 sys=0.00, real=0.45 secs] 
3954.137: [GC (GCLocker Initiated GC) [PSYoungGen: 345600K->105344K(522240K)] 535618K->295362K(1920512K), 0.0505518 secs] [Times: user=0.29 sys=0.00, real=0.05 secs] 
3954.841: [GC (Allocation Failure) [PSYoungGen: 449408K->145696K(489984K)] 639496K->437113K(1888256K), 0.0508444 secs] [Times: user=0.30 sys=0.00, real=0.05 secs] 
3958.468: [GC (Allocation Failure) [PSYoungGen: 489760K->104736K(521216K)] 781177K->532733K(1919488K), 0.1165441 secs] [Times: user=0.69 sys=0.00, real=0.12 secs] 
3959.223: [GC (Allocation Failure) [PSYoungGen: 446752K->144192K(486400K)] 874749K->672898K(1884672K), 0.0508588 secs] [Times: user=0.30 sys=0.00, real=0.06 secs] 
3960.713: [GC (GCLocker Initiated GC) [PSYoungGen: 486208K->108352K(521216K)] 1014914K->772618K(1919488K), 0.0951473 secs] [Times: user=0.56 sys=0.00, real=0.10 secs] 
3961.652: [GC (Allocation Failure) [PSYoungGen: 449856K->142784K(519168K)] 1114125K->910430K(1917440K), 0.0521861 secs] [Times: user=0.31 sys=0.00, real=0.06 secs] 
3963.456: [GC (Allocation Failure) [PSYoungGen: 484288K->108736K(518144K)] 1251934K->1009898K(1916416K), 0.1207567 secs] [Times: user=0.71 sys=0.00, real=0.12 secs] 
3964.384: [GC (Allocation Failure) [PSYoungGen: 451264K->153568K(496128K)] 1352426K->1158823K(1894400K), 0.0537758 secs] [Times: user=0.31 sys=0.00, real=0.05 secs] 
3966.299: [GC (Allocation Failure) [PSYoungGen: 496096K->107680K(518656K)] 1501351K->1248855K(1916928K), 0.0963877 secs] [Times: user=0.58 sys=0.00, real=0.10 secs] 
3966.942: [GC (Allocation Failure) [PSYoungGen: 444064K->140704K(516608K)] 1585239K->1385992K(1914880K), 0.0538997 secs] [Times: user=0.31 sys=0.00, real=0.06 secs] 
3966.996: [Full GC (Ergonomics) [PSYoungGen: 140704K->0K(516608K)] [ParOldGen: 1245288K->184057K(1398272K)] 1385992K->184057K(1914880K), [Metaspace: 60391K->60391K(1105920K)], 0.4269652 secs] [Times: user=1.97 sys=0.00, real=0.42 secs] 
3968.759: [GC (Allocation Failure) [PSYoungGen: 336384K->106016K(517120K)] 520441K->290073K(1915392K), 0.0433257 secs] [Times: user=0.25 sys=0.00, real=0.04 secs] 
3969.852: [GC (Allocation Failure) [PSYoungGen: 443936K->139232K(516608K)] 627993K->425202K(1914880K), 0.0516374 secs] [Times: user=0.30 sys=0.01, real=0.06 secs] 
3971.349: [GC (Allocation Failure) [PSYoungGen: 477152K->108960K(516608K)] 763122K->524346K(1914880K), 0.0634774 secs] [Times: user=0.38 sys=0.00, real=0.06 secs] 
3972.097: [GC (Allocation Failure) [PSYoungGen: 450464K->142880K(518144K)] 865850K->664978K(1916416K), 0.0532647 secs] [Times: user=0.31 sys=0.00, real=0.05 secs] 
3974.396: [GC (Allocation Failure) [PSYoungGen: 484384K->104192K(521216K)] 1006482K->759986K(1919488K), 0.0765843 secs] [Times: user=0.45 sys=0.00, real=0.07 secs] 
3975.096: [GC (Allocation Failure) [PSYoungGen: 448768K->141632K(521216K)] 1104562K->898362K(1919488K), 0.0520766 secs] [Times: user=0.31 sys=0.00, real=0.05 secs] 
3976.598: [GC (Allocation Failure) [PSYoungGen: 486208K->110656K(518144K)] 1242938K->999850K(1916416K), 0.0662662 secs] [Times: user=0.39 sys=0.01, real=0.07 secs] 
3977.497: [GC (Allocation Failure) [PSYoungGen: 455232K->149984K(494592K)] 1344426K->1147247K(1892864K), 0.0538583 secs] [Times: user=0.32 sys=0.00, real=0.05 secs] 
3979.373: [GC (Allocation Failure) [PSYoungGen: 494560K->109184K(521216K)] 1491823K->1238923K(1919488K), 0.1308105 secs] [Times: user=0.78 sys=0.01, real=0.13 secs] 
3980.791: [GC (Allocation Failure) [PSYoungGen: 450688K->142528K(519168K)] 1580427K->1378096K(1917440K), 0.0529175 secs] [Times: user=0.31 sys=0.00, real=0.06 secs] 
3980.844: [Full GC (Ergonomics) [PSYoungGen: 142528K->0K(519168K)] [ParOldGen: 1235568K->176100K(1398272K)] 1378096K->176100K(1917440K), [Metaspace: 60391K->60391K(1105920K)], 0.4182157 secs] [Times: user=1.94 sys=0.00, real=0.41 secs] 
3982.561: [GC (Allocation Failure) [PSYoungGen: 341504K->109056K(518144K)] 517604K->285156K(1916416K), 0.0402474 secs] [Times: user=0.24 sys=0.00, real=0.04 secs] 
3983.460: [GC (Allocation Failure) [PSYoungGen: 451584K->140288K(519168K)] 627684K->422497K(1917440K), 0.0529674 secs] [Times: user=0.31 sys=0.00, real=0.06 secs] 
3984.910: [GC (Allocation Failure) [PSYoungGen: 482816K->109984K(518656K)] 765025K->523165K(1916928K), 0.0635838 secs] [Times: user=0.38 sys=0.00, real=0.07 secs] 
3985.989: [GC (Allocation Failure) [PSYoungGen: 455072K->141824K(520192K)] 868253K->662298K(1918464K), 0.0532816 secs] [Times: user=0.31 sys=0.00, real=0.05 secs] 
3987.896: [GC (Allocation Failure) [PSYoungGen: 486912K->109152K(520704K)] 1007386K->762066K(1918976K), 0.0755256 secs] [Times: user=0.44 sys=0.00, real=0.07 secs] 
3989.196: [GC (GCLocker Initiated GC) [PSYoungGen: 456800K->141280K(521728K)] 1109714K->900307K(1920000K), 0.0531728 secs] [Times: user=0.31 sys=0.00, real=0.05 secs] 
3990.578: [GC (Allocation Failure) [PSYoungGen: 488928K->112128K(521728K)] 1247957K->1002621K(1920000K), 0.0649168 secs] [Times: user=0.38 sys=0.00, real=0.06 secs] 
3991.413: [GC (Allocation Failure) [PSYoungGen: 461824K->144000K(522752K)] 1352317K->1143702K(1921024K), 0.0546603 secs] [Times: user=0.32 sys=0.00, real=0.05 secs] 
3993.217: [GC (Allocation Failure) [PSYoungGen: 493696K->109792K(524288K)] 1493398K->1243862K(1922560K), 0.1077598 secs] [Times: user=0.64 sys=0.00, real=0.11 secs] 
3994.189: [GC (Allocation Failure) [PSYoungGen: 460000K->147968K(498688K)] 1594070K->1388609K(1896960K), 0.0545765 secs] [Times: user=0.32 sys=0.00, real=0.06 secs] 
3994.243: [Full GC (Ergonomics) [PSYoungGen: 147968K->0K(498688K)] [ParOldGen: 1240641K->186130K(1398272K)] 1388609K->186130K(1896960K), [Metaspace: 60391K->60391K(1105920K)], 0.4334964 secs] [Times: user=1.99 sys=0.00, real=0.43 secs] 
3996.694: [GC (GCLocker Initiated GC) [PSYoungGen: 350208K->106560K(523264K)] 536340K->292692K(1921536K), 0.0348169 secs] [Times: user=0.20 sys=0.01, real=0.03 secs] 
3997.400: [GC (Allocation Failure) [PSYoungGen: 452672K->145440K(492032K)] 638838K->434199K(1890304K), 0.0515669 secs] [Times: user=0.30 sys=0.00, real=0.05 secs] 
3999.090: [GC (Allocation Failure) [PSYoungGen: 491552K->107744K(522752K)] 780311K->533163K(1921024K), 0.0682055 secs] [Times: user=0.40 sys=0.00, real=0.07 secs] 
3999.853: [GC (Allocation Failure) [PSYoungGen: 452320K->145504K(490496K)] 877739K->673984K(1888768K), 0.0515105 secs] [Times: user=0.31 sys=0.00, real=0.06 secs] 
4001.913: [GC (Allocation Failure) [PSYoungGen: 490080K->107840K(521728K)] 1018560K->772924K(1920000K), 0.1412681 secs] [Times: user=0.84 sys=0.01, real=0.15 secs] 
4003.082: [GC (Allocation Failure) [PSYoungGen: 450880K->144128K(520192K)] 1115964K->912773K(1918464K), 0.0525893 secs] [Times: user=0.31 sys=0.00, real=0.06 secs] 
4004.574: [GC (GCLocker Initiated GC) [PSYoungGen: 487168K->107744K(520192K)] 1255814K->1011102K(1918464K), 0.0664249 secs] [Times: user=0.39 sys=0.00, real=0.06 secs] 
4005.148: [GC (Allocation Failure) [PSYoungGen: 450784K->153376K(496640K)] 1354181K->1159774K(1894912K), 0.0529185 secs] [Times: user=0.30 sys=0.01, real=0.05 secs] 
4006.765: [GC (Allocation Failure) [PSYoungGen: 496416K->106976K(518656K)] 1502814K->1249782K(1916928K), 0.0813792 secs] [Times: user=0.49 sys=0.00, real=0.08 secs] 
4007.435: [GC (Allocation Failure) [PSYoungGen: 443360K->142592K(516608K)] 1586166K->1388277K(1914880K), 0.0532223 secs] [Times: user=0.31 sys=0.00, real=0.05 secs] 
4007.488: [Full GC (Ergonomics) [PSYoungGen: 142592K->0K(516608K)] [ParOldGen: 1245685K->185271K(1398272K)] 1388277K->185271K(1914880K), [Metaspace: 60393K->60393K(1105920K)], 0.4237330 secs] [Times: user=1.95 sys=0.00, real=0.42 secs] 
4009.772: [GC (Allocation Failure) [PSYoungGen: 336384K->104768K(516608K)] 521655K->290039K(1914880K), 0.0479664 secs] [Times: user=0.28 sys=0.00, real=0.05 secs] 
4010.481: [GC (Allocation Failure) [PSYoungGen: 442176K->144544K(517120K)] 627447K->430856K(1915392K), 0.0507049 secs] [Times: user=0.30 sys=0.00, real=0.05 secs] 
4011.941: [GC (GCLocker Initiated GC) [PSYoungGen: 481952K->103456K(518144K)] 768264K->525792K(1916416K), 0.0637041 secs] [Times: user=0.38 sys=0.00, real=0.07 secs] 
4012.517: [GC (Allocation Failure) [PSYoungGen: 440864K->150848K(488448K)] 863239K->673772K(1886720K), 0.0521523 secs] [Times: user=0.30 sys=0.00, real=0.05 secs] 
4014.541: [GC (GCLocker Initiated GC) [PSYoungGen: 488256K->102432K(516096K)] 1011180K->759556K(1914368K), 0.0886274 secs] [Times: user=0.52 sys=0.01, real=0.09 secs] 
4015.435: [GC (Allocation Failure) [PSYoungGen: 434208K->138432K(470528K)] 1091371K->894808K(1868800K), 0.0504718 secs] [Times: user=0.30 sys=0.00, real=0.05 secs] 
4017.518: [GC (Allocation Failure) [PSYoungGen: 470208K->104672K(515072K)] 1226584K->990128K(1913344K), 0.1438027 secs] [Times: user=0.85 sys=0.00, real=0.14 secs] 
4019.211: [GC (Allocation Failure) [PSYoungGen: 437984K->137120K(513536K)] 1323440K->1124477K(1911808K), 0.0525950 secs] [Times: user=0.32 sys=0.00, real=0.06 secs] 
4020.628: [GC (Allocation Failure) [PSYoungGen: 470432K->105600K(516608K)] 1457789K->1220517K(1914880K), 0.0653010 secs] [Times: user=0.38 sys=0.00, real=0.06 secs] 
4021.720: [GC (Allocation Failure) [PSYoungGen: 444544K->135744K(516096K)] 1559461K->1354513K(1914368K), 0.0533223 secs] [Times: user=0.32 sys=0.01, real=0.06 secs] 
4023.138: [GC (Allocation Failure) [PSYoungGen: 474688K->113088K(516608K)] 1693457K->1457953K(1914880K), 0.0660144 secs] [Times: user=0.40 sys=0.00, real=0.07 secs] 
4023.204: [Full GC (Ergonomics) [PSYoungGen: 113088K->0K(516608K)] [ParOldGen: 1344865K->17922K(1398272K)] 1457953K->17922K(1914880K), [Metaspace: 60393K->60393K(1105920K)], 0.0281234 secs] [Times: user=0.06 sys=0.00, real=0.02 secs] 
4025.275: [GC (Allocation Failure) [PSYoungGen: 345088K->133760K(518656K)] 363010K->151682K(1916928K), 0.0266597 secs] [Times: user=0.16 sys=0.00, real=0.02 secs] 
4026.653: [GC (Allocation Failure) [PSYoungGen: 478848K->115936K(518656K)] 496770K->258098K(1916928K), 0.0636755 secs] [Times: user=0.38 sys=0.00, real=0.07 secs] 
4027.392: [GC (Allocation Failure) [PSYoungGen: 469216K->140768K(522240K)] 611378K->397735K(1920512K), 0.0542870 secs] [Times: user=0.32 sys=0.00, real=0.06 secs] 
4028.867: [GC (Allocation Failure) [PSYoungGen: 494048K->113824K(527360K)] 751015K->502551K(1925632K), 0.0675376 secs] [Times: user=0.40 sys=0.00, real=0.07 secs] 
4029.661: [GC (Allocation Failure) [PSYoungGen: 473248K->147744K(507392K)] 861975K->649048K(1905664K), 0.0545081 secs] [Times: user=0.33 sys=0.01, real=0.06 secs] 
4031.810: [GC (Allocation Failure) [PSYoungGen: 507168K->112576K(528384K)] 1008472K->752216K(1926656K), 0.1150963 secs] [Times: user=0.68 sys=0.00, real=0.12 secs] 
4033.094: [GC (Allocation Failure) [PSYoungGen: 468416K->147104K(503296K)] 1108056K->896472K(1901568K), 0.0540601 secs] [Times: user=0.32 sys=0.00, real=0.05 secs] 
4034.558: [GC (Allocation Failure) [PSYoungGen: 502944K->111648K(526848K)] 1252312K->998800K(1925120K), 0.0822367 secs] [Times: user=0.48 sys=0.01, real=0.08 secs] 
4035.293: [GC (Allocation Failure) [PSYoungGen: 464416K->148512K(501760K)] 1351568K->1142641K(1900032K), 0.0534618 secs] [Times: user=0.31 sys=0.00, real=0.05 secs] 
4037.024: [GC (Allocation Failure) [PSYoungGen: 501280K->109728K(524800K)] 1495409K->1243033K(1923072K), 0.0822600 secs] [Times: user=0.49 sys=0.01, real=0.08 secs] 
4037.777: [GC (Allocation Failure) [PSYoungGen: 458912K->148128K(497664K)] 1592217K->1386761K(1895936K), 0.0531429 secs] [Times: user=0.32 sys=0.00, real=0.05 secs] 
4037.830: [Full GC (Ergonomics) [PSYoungGen: 148128K->0K(497664K)] [ParOldGen: 1238633K->190885K(1398272K)] 1386761K->190885K(1895936K), [Metaspace: 60404K->60404K(1105920K)], 0.4363570 secs] [Times: user=2.00 sys=0.00, real=0.44 secs] 
4040.373: [GC (Allocation Failure) [PSYoungGen: 349184K->108704K(522752K)] 540069K->299589K(1921024K), 0.0548661 secs] [Times: user=0.32 sys=0.00, real=0.05 secs] 
4041.015: [GC (Allocation Failure) [PSYoungGen: 453792K->144384K(521216K)] 644677K->440330K(1919488K), 0.0518795 secs] [Times: user=0.29 sys=0.00, real=0.05 secs] 
4042.626: [GC (Allocation Failure) [PSYoungGen: 489472K->110240K(520192K)] 785418K->541758K(1918464K), 0.1112866 secs] [Times: user=0.66 sys=0.00, real=0.11 secs] 
4043.223: [GC (Allocation Failure) [PSYoungGen: 455328K->143680K(520704K)] 886846K->681498K(1918976K), 0.0522140 secs] [Times: user=0.31 sys=0.01, real=0.05 secs] 
4044.910: [GC (Allocation Failure) [PSYoungGen: 488768K->111040K(520704K)] 1026586K->783023K(1918976K), 0.0657865 secs] [Times: user=0.39 sys=0.00, real=0.07 secs] 
4045.403: [GC (Allocation Failure) [PSYoungGen: 448319K->143392K(521216K)] 1120301K->922578K(1919488K), 0.0525452 secs] [Times: user=0.31 sys=0.00, real=0.05 secs] 
4048.210: [GC (Allocation Failure) [PSYoungGen: 489504K->102208K(522752K)] 1268690K->1016242K(1921024K), 0.1025409 secs] [Times: user=0.61 sys=0.01, real=0.10 secs] 
4048.806: [GC (Allocation Failure) [PSYoungGen: 448320K->148128K(494592K)] 1362354K->1160655K(1892864K), 0.0505492 secs] [Times: user=0.30 sys=0.00, real=0.05 secs] 
4050.445: [GC (GCLocker Initiated GC) [PSYoungGen: 494240K->107360K(520704K)] 1506767K->1259591K(1918976K), 0.0663027 secs] [Times: user=0.39 sys=0.00, real=0.06 secs] 
4050.949: [GC (Allocation Failure) [PSYoungGen: 448352K->136672K(477696K)] 1616971K->1408572K(1875968K), 0.2401886 secs] [Times: user=1.43 sys=0.01, real=0.24 secs] 
4051.190: [Full GC (Ergonomics) [PSYoungGen: 136672K->0K(477696K)] [ParOldGen: 1271900K->205397K(1398272K)] 1408572K->205397K(1875968K), [Metaspace: 60404K->60404K(1105920K)], 0.4031233 secs] [Times: user=1.76 sys=0.00, real=0.40 secs] 
4054.548: [GC (GCLocker Initiated GC) [PSYoungGen: 340992K->91616K(516608K)] 546390K->297014K(1914880K), 0.1516941 secs] [Times: user=0.90 sys=0.00, real=0.15 secs] 
4055.156: [GC (Allocation Failure) [PSYoungGen: 431584K->135200K(517632K)] 653368K->445317K(1915904K), 0.2018539 secs] [Times: user=1.20 sys=0.01, real=0.20 secs] 
4057.014: [GC (Allocation Failure) [PSYoungGen: 474668K->96576K(520192K)] 784786K->541437K(1918464K), 0.3012744 secs] [Times: user=1.80 sys=0.01, real=0.30 secs] 
4057.718: [GC (Allocation Failure) [PSYoungGen: 430386K->138848K(520704K)] 875248K->676298K(1918976K), 0.0502960 secs] [Times: user=0.30 sys=0.00, real=0.05 secs] 
4059.962: [GC (Allocation Failure) [PSYoungGen: 483424K->106656K(518656K)] 1020874K->773718K(1916928K), 0.1432285 secs] [Times: user=0.85 sys=0.00, real=0.15 secs] 
4060.590: [GC (Allocation Failure) [PSYoungGen: 452256K->145024K(520192K)] 1119318K->914382K(1918464K), 0.0516352 secs] [Times: user=0.31 sys=0.00, real=0.05 secs] 
4064.432: [GC (Allocation Failure) [PSYoungGen: 490624K->105152K(522240K)] 1259982K->1010558K(1920512K), 0.1336665 secs] [Times: user=0.79 sys=0.00, real=0.14 secs] 
4065.030: [GC (Allocation Failure) [PSYoungGen: 449728K->145728K(490496K)] 1355134K->1152603K(1888768K), 0.0523938 secs] [Times: user=0.31 sys=0.00, real=0.05 secs] 
4067.045: [GC (Allocation Failure) [PSYoungGen: 490304K->105536K(521728K)] 1497179K->1249591K(1920000K), 0.1047928 secs] [Times: user=0.62 sys=0.01, real=0.10 secs] 
4067.648: [GC (Allocation Failure) [PSYoungGen: 448064K->145504K(488448K)] 1592119K->1390440K(1886720K), 0.0524549 secs] [Times: user=0.31 sys=0.00, real=0.05 secs] 
4067.700: [Full GC (Ergonomics) [PSYoungGen: 145504K->0K(488448K)] [ParOldGen: 1244936K->196063K(1398272K)] 1390440K->196063K(1886720K), [Metaspace: 60405K->60405K(1105920K)], 0.4620463 secs] [Times: user=2.14 sys=0.00, real=0.46 secs] 
4070.348: [GC (Allocation Failure) [PSYoungGen: 342528K->105984K(521216K)] 538591K->302047K(1919488K), 0.0857768 secs] [Times: user=0.50 sys=0.00, real=0.09 secs] 
4071.042: [GC (Allocation Failure) [PSYoungGen: 446976K->144800K(518656K)] 643039K->442972K(1916928K), 0.0506888 secs] [Times: user=0.29 sys=0.00, real=0.05 secs] 
4072.583: [GC (Allocation Failure) [PSYoungGen: 485792K->107328K(519168K)] 783964K->541524K(1917440K), 0.0694176 secs] [Times: user=0.41 sys=0.00, real=0.07 secs] 
4073.190: [GC (Allocation Failure) [PSYoungGen: 447808K->144608K(518656K)] 882004K->679797K(1916928K), 0.0506279 secs] [Times: user=0.29 sys=0.00, real=0.05 secs] 
4075.202: [GC (Allocation Failure) [PSYoungGen: 485088K->105472K(518656K)] 1020277K->776365K(1916928K), 0.1211676 secs] [Times: user=0.72 sys=0.00, real=0.12 secs] 
4075.957: [GC (Allocation Failure) [PSYoungGen: 445952K->144320K(484864K)] 1116845K->916533K(1883136K), 0.0521203 secs] [Times: user=0.31 sys=0.00, real=0.05 secs] 
4079.334: [GC (Allocation Failure) [PSYoungGen: 484800K->105312K(520192K)] 1257013K->1012969K(1918464K), 0.1301568 secs] [Times: user=0.78 sys=0.00, real=0.13 secs] 
4080.162: [GC (Allocation Failure) [PSYoungGen: 444768K->142240K(518144K)] 1352425K->1151166K(1916416K), 0.0517757 secs] [Times: user=0.30 sys=0.01, real=0.06 secs] 
4081.874: [GC (GCLocker Initiated GC) [PSYoungGen: 481696K->103968K(517632K)] 1490624K->1246112K(1915904K), 0.1121187 secs] [Times: user=0.66 sys=0.01, real=0.11 secs] 
4082.658: [GC (Allocation Failure) [PSYoungGen: 443936K->144160K(518144K)] 1586083K->1386400K(1916416K), 0.0511996 secs] [Times: user=0.30 sys=0.00, real=0.05 secs] 
4082.709: [Full GC (Ergonomics) [PSYoungGen: 144160K->0K(518144K)] [ParOldGen: 1242240K->183904K(1398272K)] 1386400K->183904K(1916416K), [Metaspace: 60405K->60405K(1105920K)], 0.4170715 secs] [Times: user=1.90 sys=0.00, real=0.42 secs] 
4085.133: [GC (Allocation Failure) [PSYoungGen: 339968K->102496K(519168K)] 523872K->286400K(1917440K), 0.0962828 secs] [Times: user=0.57 sys=0.00, real=0.10 secs] 
4086.016: [GC (Allocation Failure) [PSYoungGen: 442464K->142016K(518656K)] 626368K->425289K(1916928K), 0.0507501 secs] [Times: user=0.30 sys=0.00, real=0.05 secs] 
4087.705: [GC (Allocation Failure) [PSYoungGen: 481984K->107584K(516608K)] 765257K->523669K(1914880K), 0.1326484 secs] [Times: user=0.79 sys=0.00, real=0.13 secs] 
4088.380: [GC (Allocation Failure) [PSYoungGen: 447552K->140128K(517632K)] 863637K->661206K(1915904K), 0.0529489 secs] [Times: user=0.31 sys=0.00, real=0.06 secs] 
4090.012: [GC (Allocation Failure) [PSYoungGen: 480096K->108448K(517120K)] 1001174K->760486K(1915392K), 0.0758259 secs] [Times: user=0.45 sys=0.01, real=0.08 secs] 
4090.766: [GC (Allocation Failure) [PSYoungGen: 450976K->142880K(518656K)] 1103014K->900947K(1916928K), 0.0534718 secs] [Times: user=0.31 sys=0.00, real=0.05 secs] 
4093.739: [GC (Allocation Failure) [PSYoungGen: 485408K->105216K(520704K)] 1243475K->997067K(1918976K), 0.1127459 secs] [Times: user=0.66 sys=0.00, real=0.11 secs] 
4095.200: [GC (Allocation Failure) [PSYoungGen: 449792K->142048K(520704K)] 1341643K->1135928K(1918976K), 0.0516829 secs] [Times: user=0.30 sys=0.00, real=0.05 secs] 
4096.788: [GC (Allocation Failure) [PSYoungGen: 486624K->106976K(520192K)] 1480504K->1233100K(1918464K), 0.0931758 secs] [Times: user=0.55 sys=0.01, real=0.09 secs] 
4097.957: [GC (Allocation Failure) [PSYoungGen: 452064K->142688K(520704K)] 1578188K->1372917K(1918976K), 0.0539720 secs] [Times: user=0.32 sys=0.00, real=0.05 secs] 
4099.982: [GC (Allocation Failure) [PSYoungGen: 487776K->107680K(521216K)] 1718005K->1471405K(1919488K), 0.1587287 secs] [Times: user=0.95 sys=0.00, real=0.16 secs] 
4100.141: [Full GC (Ergonomics) [PSYoungGen: 107680K->0K(521216K)] [ParOldGen: 1363725K->31518K(1398272K)] 1471405K->31518K(1919488K), [Metaspace: 60412K->60412K(1105920K)], 0.0916084 secs] [Times: user=0.34 sys=0.00, real=0.09 secs] 
4101.971: [GC (Allocation Failure) [PSYoungGen: 345600K->143904K(521216K)] 377118K->175422K(1919488K), 0.0288626 secs] [Times: user=0.16 sys=0.00, real=0.03 secs] 
4103.382: [GC (Allocation Failure) [PSYoungGen: 489504K->110848K(520192K)] 521022K->276914K(1918464K), 0.0803603 secs] [Times: user=0.48 sys=0.00, real=0.08 secs] 
4104.513: [GC (Allocation Failure) [PSYoungGen: 456448K->149728K(495616K)] 622514K->422503K(1893888K), 0.0525737 secs] [Times: user=0.31 sys=0.00, real=0.06 secs] 
4106.245: [GC (Allocation Failure) [PSYoungGen: 495328K->111840K(522240K)] 768103K->516615K(1920512K), 0.1065508 secs] [Times: user=0.64 sys=0.00, real=0.10 secs] 
4107.190: [GC (Allocation Failure) [PSYoungGen: 454368K->140288K(519168K)] 859143K->654320K(1917440K), 0.0532659 secs] [Times: user=0.31 sys=0.00, real=0.06 secs] 
4110.074: [GC (Allocation Failure) [PSYoungGen: 482816K->106848K(520704K)] 996848K->752200K(1918976K), 0.1342198 secs] [Times: user=0.80 sys=0.00, real=0.13 secs] 
4111.573: [GC (Allocation Failure) [PSYoungGen: 450912K->140832K(519680K)] 1096264K->889881K(1917952K), 0.0520541 secs] [Times: user=0.31 sys=0.00, real=0.05 secs] 
4113.129: [GC (Allocation Failure) [PSYoungGen: 484896K->109376K(520192K)] 1233945K->990529K(1918464K), 0.0772210 secs] [Times: user=0.46 sys=0.00, real=0.08 secs] 
4114.330: [GC (Allocation Failure) [PSYoungGen: 456000K->143168K(521216K)] 1337153K->1131354K(1919488K), 0.0533265 secs] [Times: user=0.31 sys=0.00, real=0.05 secs] 
4116.399: [GC (Allocation Failure) [PSYoungGen: 489792K->109664K(521728K)] 1477978K->1232434K(1920000K), 0.1064083 secs] [Times: user=0.63 sys=0.00, real=0.11 secs] 
4117.929: [GC (Allocation Failure) [PSYoungGen: 457824K->145344K(522240K)] 1580594K->1374519K(1920512K), 0.0537284 secs] [Times: user=0.31 sys=0.01, real=0.06 secs] 
4119.360: [GC (GCLocker Initiated GC) [PSYoungGen: 493504K->108736K(523264K)] 1722681K->1473985K(1921536K), 0.0899888 secs] [Times: user=0.54 sys=0.00, real=0.09 secs] 
4119.450: [Full GC (Ergonomics) [PSYoungGen: 108736K->0K(523264K)] [ParOldGen: 1365249K->38557K(1398272K)] 1473985K->38557K(1921536K), [Metaspace: 60412K->60412K(1105920K)], 0.0812803 secs] [Times: user=0.30 sys=0.01, real=0.08 secs] 
4120.364: [GC (Allocation Failure) [PSYoungGen: 347136K->152672K(500224K)] 385764K->191300K(1898496K), 0.0289500 secs] [Times: user=0.16 sys=0.00, real=0.03 secs] 
4121.966: [GC (Allocation Failure) [PSYoungGen: 499808K->107936K(520704K)] 538436K->282136K(1918976K), 0.0665207 secs] [Times: user=0.40 sys=0.01, real=0.06 secs] 
4122.954: [GC (Allocation Failure) [PSYoungGen: 448416K->143136K(518656K)] 622616K->422481K(1916928K), 0.0519798 secs] [Times: user=0.30 sys=0.00, real=0.05 secs] 
4125.171: [GC (GCLocker Initiated GC) [PSYoungGen: 483616K->103264K(519680K)] 762961K->516921K(1917952K), 0.1290862 secs] [Times: user=0.76 sys=0.01, real=0.13 secs] 
4126.283: [GC (Allocation Failure) [PSYoungGen: 443744K->142176K(519168K)] 857404K->656313K(1917440K), 0.0506588 secs] [Times: user=0.30 sys=0.01, real=0.06 secs] 
4127.698: [GC (Allocation Failure) [PSYoungGen: 482656K->108096K(517120K)] 996793K->755369K(1915392K), 0.0647789 secs] [Times: user=0.38 sys=0.00, real=0.07 secs] 
4128.483: [GC (Allocation Failure) [PSYoungGen: 448576K->141472K(518144K)] 1095849K->893965K(1916416K), 0.0527606 secs] [Times: user=0.31 sys=0.00, real=0.06 secs] 
4129.983: [GC (Allocation Failure) [PSYoungGen: 481952K->106880K(518656K)] 1234445K->991758K(1916928K), 0.0641860 secs] [Times: user=0.38 sys=0.00, real=0.07 secs] 
4130.513: [GC (Allocation Failure) [PSYoungGen: 449920K->143200K(519680K)] 1334798K->1132910K(1917952K), 0.0535290 secs] [Times: user=0.31 sys=0.00, real=0.05 secs] 
4133.092: [GC (Allocation Failure) [PSYoungGen: 486240K->106464K(520704K)] 1475950K->1230350K(1918976K), 0.0782334 secs] [Times: user=0.47 sys=0.00, real=0.08 secs] 
4133.775: [GC (Allocation Failure) [PSYoungGen: 450528K->143232K(520704K)] 1574414K->1371470K(1918976K), 0.0539886 secs] [Times: user=0.32 sys=0.00, real=0.05 secs] 
4135.264: [GC (Allocation Failure) [PSYoungGen: 487296K->108256K(519680K)] 1715534K->1471206K(1917952K), 0.0899470 secs] [Times: user=0.53 sys=0.00, real=0.09 secs] 
4135.354: [Full GC (Ergonomics) [PSYoungGen: 108256K->0K(519680K)] [ParOldGen: 1362950K->36547K(1398272K)] 1471206K->36547K(1917952K), [Metaspace: 60412K->60412K(1105920K)], 0.0723737 secs] [Times: user=0.26 sys=0.00, real=0.07 secs] 
4136.020: [GC (Allocation Failure) [PSYoungGen: 344064K->151520K(495616K)] 380611K->188067K(1893888K), 0.0287327 secs] [Times: user=0.16 sys=0.00, real=0.03 secs] 
4137.883: [GC (Allocation Failure) [PSYoungGen: 495584K->107392K(519680K)] 532131K->277987K(1917952K), 0.0917751 secs] [Times: user=0.54 sys=0.00, real=0.09 secs] 
4138.884: [GC (Allocation Failure) [PSYoungGen: 445824K->141408K(517632K)] 616419K->416784K(1915904K), 0.0515972 secs] [Times: user=0.30 sys=0.00, real=0.05 secs] 
4141.011: [GC (Allocation Failure) [PSYoungGen: 479840K->106848K(517120K)] 755216K->514344K(1915392K), 0.1115330 secs] [Times: user=0.66 sys=0.00, real=0.11 secs] 
4142.060: [GC (Allocation Failure) [PSYoungGen: 446816K->140704K(517632K)] 854312K->651473K(1915904K), 0.0519348 secs] [Times: user=0.30 sys=0.00, real=0.05 secs] 
4143.543: [GC (Allocation Failure) [PSYoungGen: 480672K->106176K(518656K)] 991441K->749069K(1916928K), 0.0739520 secs] [Times: user=0.44 sys=0.00, real=0.07 secs] 
4144.585: [GC (Allocation Failure) [PSYoungGen: 449216K->142400K(519680K)] 1092109K->888082K(1917952K), 0.0520706 secs] [Times: user=0.31 sys=0.00, real=0.05 secs] 
4146.188: [GC (Allocation Failure) [PSYoungGen: 485440K->109568K(518656K)] 1231122K->988286K(1916928K), 0.0655112 secs] [Times: user=0.39 sys=0.00, real=0.07 secs] 
4147.134: [GC (Allocation Failure) [PSYoungGen: 453632K->143744K(519680K)] 1332350K->1129163K(1917952K), 0.0537369 secs] [Times: user=0.31 sys=0.00, real=0.05 secs] 
4148.814: [GC (Allocation Failure) [PSYoungGen: 487808K->106464K(521728K)] 1473227K->1226271K(1920000K), 0.1130244 secs] [Times: user=0.67 sys=0.01, real=0.11 secs] 
4149.786: [GC (Allocation Failure) [PSYoungGen: 451552K->153632K(499200K)] 1571359K->1377048K(1897472K), 0.0532715 secs] [Times: user=0.31 sys=0.01, real=0.05 secs] 
4151.532: [GC (Allocation Failure) [PSYoungGen: 498720K->106336K(519168K)] 1722136K->1466720K(1917440K), 0.0638553 secs] [Times: user=0.38 sys=0.00, real=0.07 secs] 
4151.596: [Full GC (Ergonomics) [PSYoungGen: 106336K->0K(519168K)] [ParOldGen: 1360384K->33244K(1398272K)] 1466720K->33244K(1917440K), [Metaspace: 60413K->60413K(1105920K)], 0.0588098 secs] [Times: user=0.20 sys=0.00, real=0.06 secs] 
4152.417: [GC (Allocation Failure) [PSYoungGen: 337408K->140224K(517120K)] 370652K->173468K(1915392K), 0.0281698 secs] [Times: user=0.16 sys=0.00, real=0.03 secs] 
4154.663: [GC (Allocation Failure) [PSYoungGen: 477632K->107072K(516608K)] 510876K->271364K(1914880K), 0.1097739 secs] [Times: user=0.65 sys=0.00, real=0.11 secs] 
4156.709: [GC (Allocation Failure) [PSYoungGen: 446016K->145344K(517120K)] 610308K->412673K(1915392K), 0.0514297 secs] [Times: user=0.30 sys=0.01, real=0.05 secs] 
4158.095: [GC (Allocation Failure) [PSYoungGen: 484288K->107424K(518656K)] 751617K->502697K(1916928K), 0.0644874 secs] [Times: user=0.36 sys=0.00, real=0.06 secs] 
4158.895: [GC (Allocation Failure) [PSYoungGen: 447904K->139392K(518656K)] 843177K->639950K(1916928K), 0.0527811 secs] [Times: user=0.31 sys=0.00, real=0.05 secs] 
4160.333: [GC (Allocation Failure) [PSYoungGen: 479872K->109056K(516608K)] 980430K->739874K(1914880K), 0.0650236 secs] [Times: user=0.39 sys=0.00, real=0.07 secs] 
4161.038: [GC (Allocation Failure) [PSYoungGen: 451584K->140384K(518656K)] 1082402K->879135K(1916928K), 0.0537018 secs] [Times: user=0.31 sys=0.00, real=0.05 secs] 
4162.672: [GC (Allocation Failure) [PSYoungGen: 482912K->110720K(519168K)] 1221663K->980663K(1917440K), 0.0663363 secs] [Times: user=0.40 sys=0.00, real=0.07 secs] 
4163.883: [GC (Allocation Failure) [PSYoungGen: 456832K->140512K(520704K)] 1326775K->1119051K(1918976K), 0.0544969 secs] [Times: user=0.32 sys=0.00, real=0.06 secs] 
4165.290: [GC (Allocation Failure) [PSYoungGen: 486624K->112192K(520704K)] 1465163K->1221740K(1918976K), 0.0663626 secs] [Times: user=0.39 sys=0.00, real=0.07 secs] 
4166.024: [GC (Allocation Failure) [PSYoungGen: 461376K->144032K(522240K)] 1570924K->1363536K(1920512K), 0.0551395 secs] [Times: user=0.32 sys=0.00, real=0.05 secs] 
4167.513: [GC (Allocation Failure) [PSYoungGen: 493216K->110816K(523776K)] 1712720K->1464652K(1922048K), 0.0675964 secs] [Times: user=0.40 sys=0.00, real=0.07 secs] 
4167.581: [Full GC (Ergonomics) [PSYoungGen: 110816K->0K(523776K)] [ParOldGen: 1353836K->31246K(1398272K)] 1464652K->31246K(1922048K), [Metaspace: 60413K->60413K(1105920K)], 0.0616092 secs] [Times: user=0.21 sys=0.00, real=0.06 secs] 
4168.367: [GC (Allocation Failure) [PSYoungGen: 350720K->144864K(495616K)] 381966K->176110K(1893888K), 0.0290895 secs] [Times: user=0.17 sys=0.00, real=0.03 secs] 
4170.652: [GC (Allocation Failure) [PSYoungGen: 495584K->110656K(525312K)] 526830K->277494K(1923584K), 0.1591360 secs] [Times: user=0.95 sys=0.00, real=0.16 secs] 
4171.859: [GC (Allocation Failure) [PSYoungGen: 460352K->143968K(523264K)] 627190K->418207K(1921536K), 0.0527752 secs] [Times: user=0.30 sys=0.01, real=0.05 secs] 
4173.385: [GC (Allocation Failure) [PSYoungGen: 493664K->111936K(523264K)] 767903K->521075K(1921536K), 0.0647455 secs] [Times: user=0.38 sys=0.00, real=0.06 secs] 
4174.265: [GC (Allocation Failure) [PSYoungGen: 461632K->144352K(523264K)] 870771K->662312K(1921536K), 0.0535801 secs] [Times: user=0.31 sys=0.01, real=0.05 secs] 
4176.522: [GC (Allocation Failure) [PSYoungGen: 494048K->109504K(523776K)] 1012008K->762388K(1922048K), 0.1443170 secs] [Times: user=0.86 sys=0.00, real=0.15 secs] 
4177.536: [GC (Allocation Failure) [PSYoungGen: 458688K->147776K(497152K)] 1111572K->906184K(1895424K), 0.0526274 secs] [Times: user=0.31 sys=0.00, real=0.05 secs] 
4179.208: [GC (Allocation Failure) [PSYoungGen: 496945K->109184K(523264K)] 1255353K->1006344K(1921536K), 0.0733607 secs] [Times: user=0.43 sys=0.00, real=0.07 secs] 
4179.929: [GC (Allocation Failure) [PSYoungGen: 455296K->146624K(493056K)] 1352456K->1148665K(1891328K), 0.0523229 secs] [Times: user=0.31 sys=0.00, real=0.05 secs] 
4181.863: [GC (Allocation Failure) [PSYoungGen: 492736K->107712K(522240K)] 1494777K->1247521K(1920512K), 0.0893559 secs] [Times: user=0.53 sys=0.00, real=0.08 secs] 
4182.778: [GC (Allocation Failure) [PSYoungGen: 451776K->144640K(488960K)] 1591585K->1388667K(1887232K), 0.0543410 secs] [Times: user=0.32 sys=0.01, real=0.05 secs] 
4182.832: [Full GC (Ergonomics) [PSYoungGen: 144640K->0K(488960K)] [ParOldGen: 1244027K->191866K(1398272K)] 1388667K->191866K(1887232K), [Metaspace: 60414K->60414K(1105920K)], 0.4565984 secs] [Times: user=2.10 sys=0.00, real=0.46 secs] 
4185.862: [GC (Allocation Failure) [PSYoungGen: 344064K->104192K(521216K)] 535930K->296058K(1919488K), 0.0559487 secs] [Times: user=0.33 sys=0.00, real=0.06 secs] 
4186.463: [GC (Allocation Failure) [PSYoungGen: 446720K->145312K(487936K)] 638586K->437847K(1886208K), 0.0502334 secs] [Times: user=0.30 sys=0.00, real=0.06 secs] 
4188.210: [GC (Allocation Failure) [PSYoungGen: 487840K->106208K(520704K)] 780375K->535267K(1918976K), 0.1040172 secs] [Times: user=0.62 sys=0.00, real=0.11 secs] 
4188.795: [GC (GCLocker Initiated GC) [PSYoungGen: 447200K->143936K(519168K)] 876260K->674976K(1917440K), 0.0550765 secs] [Times: user=0.29 sys=0.00, real=0.05 secs] 
4190.911: [GC (Allocation Failure) [PSYoungGen: 484928K->105312K(519168K)] 1016039K->771191K(1917440K), 0.0844653 secs] [Times: user=0.51 sys=0.00, real=0.09 secs] 
4191.500: [GC (Allocation Failure) [PSYoungGen: 446304K->144928K(486400K)] 1112183K->912984K(1884672K), 0.0521663 secs] [Times: user=0.31 sys=0.01, real=0.05 secs] 
4193.464: [GC (Allocation Failure) [PSYoungGen: 485920K->103936K(520192K)] 1253976K->1007960K(1918464K), 0.0658053 secs] [Times: user=0.38 sys=0.00, real=0.06 secs] 
4194.365: [GC (Allocation Failure) [PSYoungGen: 443904K->144736K(484864K)] 1347928K->1148429K(1883136K), 0.0521069 secs] [Times: user=0.31 sys=0.00, real=0.05 secs] 
4195.985: [GC (Allocation Failure) [PSYoungGen: 482667K->102784K(519168K)] 1486360K->1242333K(1917440K), 0.1430027 secs] [Times: user=0.85 sys=0.00, real=0.14 secs] 
4196.771: [GC (Allocation Failure) [PSYoungGen: 441216K->141504K(518144K)] 1580765K->1380842K(1916416K), 0.0521198 secs] [Times: user=0.31 sys=0.00, real=0.06 secs] 
4196.824: [Full GC (Ergonomics) [PSYoungGen: 141504K->0K(518144K)] [ParOldGen: 1239338K->178318K(1398272K)] 1380842K->178318K(1916416K), [Metaspace: 60421K->60421K(1105920K)], 0.4207003 secs] [Times: user=1.96 sys=0.00, real=0.42 secs] 
4199.915: [GC (Allocation Failure) [PSYoungGen: 338432K->102688K(517632K)] 516750K->281006K(1915904K), 0.0964788 secs] [Times: user=0.57 sys=0.00, real=0.09 secs] 
4201.234: [GC (Allocation Failure) [PSYoungGen: 441632K->139584K(518144K)] 619950K->417459K(1916416K), 0.0509552 secs] [Times: user=0.30 sys=0.00, real=0.05 secs] 
4202.663: [GC (Allocation Failure) [PSYoungGen: 478528K->108928K(514560K)] 756403K->516843K(1912832K), 0.0641963 secs] [Times: user=0.38 sys=0.01, real=0.07 secs] 
4203.641: [GC (GCLocker Initiated GC) [PSYoungGen: 449408K->138304K(517120K)] 857323K->650720K(1915392K), 0.0527403 secs] [Times: user=0.30 sys=0.01, real=0.06 secs] 
4205.260: [GC (GCLocker Initiated GC) [PSYoungGen: 478784K->107584K(517632K)] 991205K->749009K(1915904K), 0.1078554 secs] [Times: user=0.64 sys=0.01, real=0.11 secs] 
4206.086: [GC (Allocation Failure) [PSYoungGen: 452672K->150400K(495616K)] 1094100K->897647K(1893888K), 0.0535247 secs] [Times: user=0.32 sys=0.00, real=0.05 secs] 
4207.830: [GC (Allocation Failure) [PSYoungGen: 495488K->108288K(521728K)] 1242735K->988519K(1920000K), 0.0857342 secs] [Times: user=0.51 sys=0.00, real=0.09 secs] 
4209.328: [GC (Allocation Failure) [PSYoungGen: 450304K->140256K(519168K)] 1330535K->1126308K(1917440K), 0.0542337 secs] [Times: user=0.29 sys=0.00, real=0.05 secs] 
4210.808: [GC (Allocation Failure) [PSYoungGen: 482272K->109120K(518144K)] 1468324K->1225964K(1916416K), 0.0734778 secs] [Times: user=0.43 sys=0.00, real=0.07 secs] 
4211.618: [GC (Allocation Failure) [PSYoungGen: 452672K->141344K(519168K)] 1569516K->1365280K(1917440K), 0.0535016 secs] [Times: user=0.31 sys=0.00, real=0.05 secs] 
4213.166: [GC (Allocation Failure) [PSYoungGen: 484896K->109824K(520192K)] 1708832K->1465896K(1918464K), 0.0663498 secs] [Times: user=0.39 sys=0.00, real=0.06 secs] 
4213.232: [Full GC (Ergonomics) [PSYoungGen: 109824K->0K(520192K)] [ParOldGen: 1356072K->27141K(1398272K)] 1465896K->27141K(1918464K), [Metaspace: 60438K->60438K(1105920K)], 0.0477798 secs] [Times: user=0.15 sys=0.00, real=0.05 secs] 
4214.931: [GC (Allocation Failure) [PSYoungGen: 346624K->142432K(521216K)] 373765K->169573K(1919488K), 0.0283697 secs] [Times: user=0.16 sys=0.00, real=0.03 secs] 
4216.758: [GC (Allocation Failure) [PSYoungGen: 489056K->108480K(521728K)] 516197K->268789K(1920000K), 0.0811779 secs] [Times: user=0.48 sys=0.00, real=0.08 secs] 
4217.553: [GC (Allocation Failure) [PSYoungGen: 456640K->143456K(522240K)] 616949K->409930K(1920512K), 0.0528597 secs] [Times: user=0.31 sys=0.00, real=0.06 secs] 
4219.034: [GC (Allocation Failure) [PSYoungGen: 491616K->109056K(522752K)] 758090K->509626K(1921024K), 0.0786671 secs] [Times: user=0.46 sys=0.00, real=0.07 secs] 
4220.287: [GC (Allocation Failure) [PSYoungGen: 457728K->149888K(498688K)] 858298K->656623K(1896960K), 0.0541282 secs] [Times: user=0.31 sys=0.01, real=0.05 secs] 
4221.988: [GC (Allocation Failure) [PSYoungGen: 498560K->113920K(523264K)] 1005295K->752443K(1921536K), 0.1233680 secs] [Times: user=0.73 sys=0.01, real=0.12 secs] 
4222.988: [GC (Allocation Failure) [PSYoungGen: 458496K->142720K(520192K)] 1097019K->892970K(1918464K), 0.0550733 secs] [Times: user=0.33 sys=0.00, real=0.05 secs] 
4224.380: [GC (Allocation Failure) [PSYoungGen: 487296K->108416K(521728K)] 1237546K->991730K(1920000K), 0.0659836 secs] [Times: user=0.39 sys=0.00, real=0.07 secs] 
4225.068: [GC (Allocation Failure) [PSYoungGen: 454528K->144128K(521728K)] 1337842K->1132951K(1920000K), 0.0533322 secs] [Times: user=0.30 sys=0.01, real=0.05 secs] 
4226.528: [GC (Allocation Failure) [PSYoungGen: 490240K->107904K(521728K)] 1479063K->1231475K(1920000K), 0.0656716 secs] [Times: user=0.39 sys=0.00, real=0.07 secs] 
4227.650: [GC (Allocation Failure) [PSYoungGen: 454016K->143392K(521728K)] 1577587K->1372760K(1920000K), 0.0537865 secs] [Times: user=0.32 sys=0.00, real=0.06 secs] 
4229.963: [GC (Allocation Failure) [PSYoungGen: 489504K->108032K(521728K)] 1718872K->1472080K(1920000K), 0.1267448 secs] [Times: user=0.75 sys=0.01, real=0.13 secs] 
4230.089: [Full GC (Ergonomics) [PSYoungGen: 108032K->0K(521728K)] [ParOldGen: 1364048K->37268K(1398272K)] 1472080K->37268K(1920000K), [Metaspace: 60438K->60438K(1105920K)], 0.0968813 secs] [Times: user=0.37 sys=0.00, real=0.10 secs] 
4230.978: [GC (GCLocker Initiated GC) [PSYoungGen: 346112K->143072K(521728K)] 383380K->180340K(1920000K), 0.0285584 secs] [Times: user=0.16 sys=0.00, real=0.03 secs] 
4232.395: [GC (GCLocker Initiated GC) [PSYoungGen: 489184K->107232K(521728K)] 526455K->278183K(1920000K), 0.0629464 secs] [Times: user=0.37 sys=0.00, real=0.06 secs] 
4233.340: [GC (Allocation Failure) [PSYoungGen: 453344K->142912K(521728K)] 624298K->418102K(1920000K), 0.0520972 secs] [Times: user=0.30 sys=0.00, real=0.05 secs] 
4235.528: [GC (Allocation Failure) [PSYoungGen: 489024K->108800K(520704K)] 764214K->517038K(1918976K), 0.1166697 secs] [Times: user=0.70 sys=0.00, real=0.12 secs] 
4236.506: [GC (Allocation Failure) [PSYoungGen: 454912K->144800K(521216K)] 863150K->659319K(1919488K), 0.0532347 secs] [Times: user=0.31 sys=0.00, real=0.05 secs] 
4238.517: [GC (Allocation Failure) [PSYoungGen: 490912K->107936K(521728K)] 1005431K->758167K(1920000K), 0.0993325 secs] [Times: user=0.59 sys=0.00, real=0.10 secs] 
4239.401: [GC (Allocation Failure) [PSYoungGen: 453536K->142080K(521216K)] 1103767K->897318K(1919488K), 0.0532030 secs] [Times: user=0.31 sys=0.01, real=0.06 secs] 
4240.870: [GC (Allocation Failure) [PSYoungGen: 487680K->111456K(519680K)] 1242918K->999914K(1917952K), 0.0662139 secs] [Times: user=0.38 sys=0.01, real=0.07 secs] 
4241.706: [GC (Allocation Failure) [PSYoungGen: 457568K->144224K(520704K)] 1346026K->1140203K(1918976K), 0.0553982 secs] [Times: user=0.32 sys=0.00, real=0.05 secs] 
4243.589: [GC (Allocation Failure) [PSYoungGen: 490336K->109696K(522240K)] 1486315K->1240467K(1920512K), 0.1263094 secs] [Times: user=0.75 sys=0.01, real=0.13 secs] 
4244.441: [GC (Allocation Failure) [PSYoungGen: 457344K->147488K(495616K)] 1588115K->1384204K(1893888K), 0.0556309 secs] [Times: user=0.33 sys=0.00, real=0.06 secs] 
4244.497: [Full GC (Ergonomics) [PSYoungGen: 147488K->0K(495616K)] [ParOldGen: 1236716K->187110K(1398272K)] 1384204K->187110K(1893888K), [Metaspace: 60439K->60439K(1105920K)], 0.4295370 secs] [Times: user=1.97 sys=0.00, real=0.43 secs] 
4246.847: [GC (GCLocker Initiated GC) [PSYoungGen: 347648K->106176K(522240K)] 534759K->293287K(1920512K), 0.0564219 secs] [Times: user=0.33 sys=0.00, real=0.06 secs] 
4247.565: [GC (Allocation Failure) [PSYoungGen: 450240K->145120K(489472K)] 637390K->434231K(1887744K), 0.0510311 secs] [Times: user=0.30 sys=0.00, real=0.05 secs] 
4249.132: [GC (Allocation Failure) [PSYoungGen: 489184K->107360K(521728K)] 778295K->533115K(1920000K), 0.0647723 secs] [Times: user=0.38 sys=0.00, real=0.07 secs] 
4249.857: [GC (Allocation Failure) [PSYoungGen: 450400K->144608K(487936K)] 876155K->673744K(1886208K), 0.0515788 secs] [Times: user=0.30 sys=0.00, real=0.05 secs] 
4252.277: [GC (Allocation Failure) [PSYoungGen: 487648K->107072K(521728K)] 1016784K->771924K(1920000K), 0.1387902 secs] [Times: user=0.82 sys=0.00, real=0.14 secs] 
4253.346: [GC (Allocation Failure) [PSYoungGen: 449600K->145344K(487936K)] 1114452K->912897K(1886208K), 0.0518242 secs] [Times: user=0.31 sys=0.00, real=0.05 secs] 
4254.992: [GC (Allocation Failure) [PSYoungGen: 487872K->106784K(521216K)] 1255425K->1010533K(1919488K), 0.1161944 secs] [Times: user=0.69 sys=0.00, real=0.12 secs] 
4255.841: [GC (Allocation Failure) [PSYoungGen: 448288K->141920K(519168K)] 1352037K->1148422K(1917440K), 0.0519940 secs] [Times: user=0.31 sys=0.00, real=0.06 secs] 
4257.347: [GC (Allocation Failure) [PSYoungGen: 483424K->109312K(518144K)] 1489926K->1248970K(1916416K), 0.0643329 secs] [Times: user=0.38 sys=0.00, real=0.06 secs] 
4258.074: [GC (Allocation Failure) [PSYoungGen: 451840K->145312K(519168K)] 1591498K->1390705K(1917440K), 0.0531443 secs] [Times: user=0.31 sys=0.00, real=0.05 secs] 
4258.128: [Full GC (Ergonomics) [PSYoungGen: 145312K->0K(519168K)] [ParOldGen: 1245393K->188599K(1398272K)] 1390705K->188599K(1917440K), [Metaspace: 60441K->60441K(1105920K)], 0.4345419 secs] [Times: user=2.00 sys=0.00, real=0.43 secs] 
4261.720: [GC (Allocation Failure) [PSYoungGen: 342528K->102688K(520704K)] 531127K->291287K(1918976K), 0.0837447 secs] [Times: user=0.50 sys=0.00, real=0.09 secs] 
4262.513: [GC (GCLocker Initiated GC) [PSYoungGen: 444192K->144608K(486400K)] 632791K->431912K(1884672K), 0.0502589 secs] [Times: user=0.29 sys=0.00, real=0.05 secs] 
4264.069: [GC (Allocation Failure) [PSYoungGen: 486112K->110208K(521216K)] 773454K->533194K(1919488K), 0.0644913 secs] [Times: user=0.38 sys=0.00, real=0.07 secs] 
4264.780: [GC (GCLocker Initiated GC) [PSYoungGen: 451200K->141856K(518656K)] 874186K->668731K(1916928K), 0.0526918 secs] [Times: user=0.30 sys=0.02, real=0.05 secs] 
4266.301: [GC (Allocation Failure) [PSYoungGen: 482848K->108320K(518656K)] 1009727K->767511K(1916928K), 0.0633194 secs] [Times: user=0.38 sys=0.00, real=0.07 secs] 
4266.992: [GC (Allocation Failure) [PSYoungGen: 450848K->146144K(519168K)] 1110039K->912248K(1917440K), 0.0511886 secs] [Times: user=0.30 sys=0.00, real=0.06 secs] 
4269.554: [GC (Allocation Failure) [PSYoungGen: 488672K->103424K(520704K)] 1254776K->1007096K(1918976K), 0.1219590 secs] [Times: user=0.72 sys=0.00, real=0.12 secs] 
4270.432: [GC (Allocation Failure) [PSYoungGen: 444928K->142848K(484864K)] 1348600K->1147279K(1883136K), 0.0516962 secs] [Times: user=0.30 sys=0.00, real=0.06 secs] 
4271.921: [GC (GCLocker Initiated GC) [PSYoungGen: 484352K->107008K(521216K)] 1488784K->1245368K(1919488K), 0.0880669 secs] [Times: user=0.52 sys=0.00, real=0.09 secs] 
4272.669: [GC (Allocation Failure) [PSYoungGen: 448512K->142560K(519168K)] 1586910K->1385179K(1917440K), 0.0532577 secs] [Times: user=0.31 sys=0.00, real=0.05 secs] 
4272.722: [Full GC (Ergonomics) [PSYoungGen: 142560K->0K(519168K)] [ParOldGen: 1242619K->178485K(1398272K)] 1385179K->178485K(1917440K), [Metaspace: 60441K->60441K(1105920K)], 0.4100046 secs] [Times: user=1.89 sys=0.00, real=0.41 secs] 
4274.856: [GC (Allocation Failure) [PSYoungGen: 341504K->105056K(519168K)] 519989K->283541K(1917440K), 0.0810167 secs] [Times: user=0.47 sys=0.00, real=0.08 secs] 
4276.096: [GC (Allocation Failure) [PSYoungGen: 447584K->143104K(519680K)] 626069K->423282K(1917952K), 0.0518909 secs] [Times: user=0.31 sys=0.00, real=0.05 secs] 
4277.748: [GC (GCLocker Initiated GC) [PSYoungGen: 485632K->105888K(519680K)] 765811K->519723K(1917952K), 0.0978768 secs] [Times: user=0.57 sys=0.01, real=0.10 secs] 
4278.496: [GC (Allocation Failure) [PSYoungGen: 448416K->142528K(519680K)] 862290K->659603K(1917952K), 0.0522944 secs] [Times: user=0.30 sys=0.00, real=0.05 secs] 
4279.993: [GC (Allocation Failure) [PSYoungGen: 485056K->106688K(519168K)] 1002131K->757547K(1917440K), 0.0653100 secs] [Times: user=0.39 sys=0.01, real=0.06 secs] 
4281.390: [GC (Allocation Failure) [PSYoungGen: 449728K->140000K(519680K)] 1100587K->894840K(1917952K), 0.0520111 secs] [Times: user=0.31 sys=0.00, real=0.05 secs] 
4282.941: [GC (Allocation Failure) [PSYoungGen: 483040K->109824K(518656K)] 1237880K->995520K(1916928K), 0.0681733 secs] [Times: user=0.40 sys=0.00, real=0.07 secs] 
4284.550: [GC (Allocation Failure) [PSYoungGen: 454912K->141472K(520192K)] 1340608K->1134324K(1918464K), 0.0538078 secs] [Times: user=0.31 sys=0.00, real=0.06 secs] 
4286.020: [GC (Allocation Failure) [PSYoungGen: 486560K->107168K(521728K)] 1479412K->1232036K(1920000K), 0.0654435 secs] [Times: user=0.39 sys=0.00, real=0.07 secs] 
4286.721: [GC (Allocation Failure) [PSYoungGen: 454816K->144576K(492544K)] 1579684K->1374181K(1890816K), 0.0541605 secs] [Times: user=0.32 sys=0.00, real=0.06 secs] 
4288.613: [GC (GCLocker Initiated GC) [PSYoungGen: 492224K->109504K(524288K)] 1721832K->1474512K(1922560K), 0.1307258 secs] [Times: user=0.78 sys=0.00, real=0.14 secs] 
4288.744: [Full GC (Ergonomics) [PSYoungGen: 109504K->0K(524288K)] [ParOldGen: 1365008K->35558K(1398272K)] 1474512K->35558K(1922560K), [Metaspace: 60441K->60441K(1105920K)], 0.0934269 secs] [Times: user=0.35 sys=0.00, real=0.09 secs] 
4290.291: [GC (Allocation Failure) [PSYoungGen: 347136K->150688K(498176K)] 382697K->186249K(1896448K), 0.0287008 secs] [Times: user=0.16 sys=0.00, real=0.03 secs] 
4291.895: [GC (Allocation Failure) [PSYoungGen: 497824K->110080K(521728K)] 533385K->278817K(1920000K), 0.0749561 secs] [Times: user=0.44 sys=0.00, real=0.07 secs] 
4292.567: [GC (Allocation Failure) [PSYoungGen: 452096K->143008K(519168K)] 620833K->418934K(1917440K), 0.0530040 secs] [Times: user=0.32 sys=0.00, real=0.05 secs] 
4293.955: [GC (Allocation Failure) [PSYoungGen: 485024K->107168K(519168K)] 760950K->516954K(1917440K), 0.0634751 secs] [Times: user=0.38 sys=0.00, real=0.06 secs] 
4294.696: [GC (Allocation Failure) [PSYoungGen: 450208K->143392K(519680K)] 859994K->657491K(1917952K), 0.0528087 secs] [Times: user=0.31 sys=0.01, real=0.05 secs] 
4296.489: [GC (Allocation Failure) [PSYoungGen: 486432K->107520K(520192K)] 1000531K->755463K(1918464K), 0.0650547 secs] [Times: user=0.39 sys=0.00, real=0.07 secs] 
4297.258: [GC (Allocation Failure) [PSYoungGen: 451072K->153184K(497152K)] 1099015K->906131K(1895424K), 0.0535719 secs] [Times: user=0.31 sys=0.00, real=0.05 secs] 
4299.417: [GC (GCLocker Initiated GC) [PSYoungGen: 496736K->107264K(518656K)] 1249683K->996651K(1916928K), 0.1005624 secs] [Times: user=0.59 sys=0.00, real=0.10 secs] 
4300.522: [GC (GCLocker Initiated GC) [PSYoungGen: 444160K->137568K(474624K)] 1333551K->1130916K(1872896K), 0.0522089 secs] [Times: user=0.31 sys=0.00, real=0.06 secs] 
4301.951: [GC (Allocation Failure) [PSYoungGen: 474464K->107104K(518144K)] 1467819K->1228603K(1916416K), 0.0631158 secs] [Times: user=0.38 sys=0.00, real=0.07 secs] 
4302.910: [GC (Allocation Failure) [PSYoungGen: 446048K->138144K(516096K)] 1567547K->1363888K(1914368K), 0.0520766 secs] [Times: user=0.31 sys=0.00, real=0.05 secs] 
4304.498: [GC (Allocation Failure) [PSYoungGen: 477088K->109920K(519680K)] 1702832K->1463792K(1917952K), 0.0925860 secs] [Times: user=0.55 sys=0.00, real=0.09 secs] 
4304.591: [Full GC (Ergonomics) [PSYoungGen: 109920K->0K(519680K)] [ParOldGen: 1353872K->31261K(1398272K)] 1463792K->31261K(1917952K), [Metaspace: 60441K->60441K(1105920K)], 0.0600974 secs] [Times: user=0.21 sys=0.00, real=0.06 secs] 
4305.511: [GC (Allocation Failure) [PSYoungGen: 344576K->143648K(519168K)] 375837K->174909K(1917440K), 0.0287578 secs] [Times: user=0.17 sys=0.00, real=0.03 secs] 
4307.658: [GC (Allocation Failure) [PSYoungGen: 488224K->109184K(522240K)] 519485K->274893K(1920512K), 0.0705364 secs] [Times: user=0.42 sys=0.00, real=0.07 secs] 
4308.559: [GC (Allocation Failure) [PSYoungGen: 456832K->143168K(522240K)] 622541K->414594K(1920512K), 0.0527498 secs] [Times: user=0.31 sys=0.01, real=0.05 secs] 
4310.025: [GC (GCLocker Initiated GC) [PSYoungGen: 490816K->111424K(521216K)] 762243K->516987K(1919488K), 0.0646393 secs] [Times: user=0.38 sys=0.01, real=0.06 secs] 
4310.840: [GC (Allocation Failure) [PSYoungGen: 459072K->145056K(521728K)] 864638K->659106K(1920000K), 0.0537903 secs] [Times: user=0.32 sys=0.00, real=0.06 secs] 
4312.777: [GC (Allocation Failure) [PSYoungGen: 492704K->109216K(522752K)] 1006754K->758963K(1921024K), 0.0667787 secs] [Times: user=0.39 sys=0.00, real=0.07 secs] 
4313.471: [GC (Allocation Failure) [PSYoungGen: 456864K->145376K(493056K)] 1106611K->901803K(1891328K), 0.0536516 secs] [Times: user=0.32 sys=0.00, real=0.06 secs] 
4315.205: [GC (Allocation Failure) [PSYoungGen: 493024K->108704K(523264K)] 1249451K->1001403K(1921536K), 0.1189224 secs] [Times: user=0.71 sys=0.01, real=0.12 secs] 
4315.977: [GC (Allocation Failure) [PSYoungGen: 454816K->148192K(494592K)] 1347515K->1145124K(1892864K), 0.0531477 secs] [Times: user=0.32 sys=0.00, real=0.05 secs] 
4317.968: [GC (Allocation Failure) [PSYoungGen: 494304K->106080K(521216K)] 1491236K->1242416K(1919488K), 0.1104186 secs] [Times: user=0.65 sys=0.00, real=0.11 secs] 
4318.626: [GC (Allocation Failure) [PSYoungGen: 448608K->146432K(489472K)] 1584944K->1384965K(1887744K), 0.0523339 secs] [Times: user=0.31 sys=0.00, real=0.05 secs] 
4318.678: [Full GC (Ergonomics) [PSYoungGen: 146432K->0K(489472K)] [ParOldGen: 1238533K->188489K(1398272K)] 1384965K->188489K(1887744K), [Metaspace: 60441K->60441K(1105920K)], 0.4324351 secs] [Times: user=1.98 sys=0.00, real=0.43 secs] 
4321.768: [GC (Allocation Failure) [PSYoungGen: 342528K->103392K(520192K)] 531017K->291881K(1918464K), 0.0632229 secs] [Times: user=0.38 sys=0.00, real=0.06 secs] 
4322.771: [GC (Allocation Failure) [PSYoungGen: 443360K->142464K(518656K)] 631849K->431190K(1916928K), 0.0502485 secs] [Times: user=0.30 sys=0.00, real=0.05 secs] 
4324.249: [GC (Allocation Failure) [PSYoungGen: 482432K->104864K(519168K)] 771158K->527250K(1917440K), 0.0926957 secs] [Times: user=0.55 sys=0.00, real=0.09 secs] 
4325.001: [GC (Allocation Failure) [PSYoungGen: 445344K->145152K(485888K)] 867730K->668563K(1884160K), 0.0532473 secs] [Times: user=0.32 sys=0.00, real=0.06 secs] 
4327.139: [GC (Allocation Failure) [PSYoungGen: 485632K->104128K(519680K)] 1009043K->763619K(1917952K), 0.0966889 secs] [Times: user=0.57 sys=0.00, real=0.10 secs] 
4327.953: [GC (Allocation Failure) [PSYoungGen: 443072K->143232K(518144K)] 1102563K->904140K(1916416K), 0.0521441 secs] [Times: user=0.31 sys=0.00, real=0.06 secs] 
4330.131: [GC (Allocation Failure) [PSYoungGen: 482176K->102688K(518144K)] 1243084K->998040K(1916416K), 0.1130533 secs] [Times: user=0.66 sys=0.01, real=0.12 secs] 
4331.290: [GC (GCLocker Initiated GC) [PSYoungGen: 441632K->140512K(518144K)] 1336985K->1135553K(1916416K), 0.0515547 secs] [Times: user=0.31 sys=0.00, real=0.05 secs] 
4332.959: [GC (GCLocker Initiated GC) [PSYoungGen: 479456K->103936K(517120K)] 1474501K->1230197K(1915392K), 0.0888270 secs] [Times: user=0.52 sys=0.01, real=0.09 secs] 
4333.967: [GC (Allocation Failure) [PSYoungGen: 443904K->139520K(518144K)] 1570236K->1367289K(1916416K), 0.0526884 secs] [Times: user=0.31 sys=0.00, real=0.05 secs] 
4335.626: [GC (GCLocker Initiated GC) [PSYoungGen: 479488K->109184K(516096K)] 1707259K->1467003K(1914368K), 0.0871731 secs] [Times: user=0.51 sys=0.01, real=0.09 secs] 
4335.713: [Full GC (Ergonomics) [PSYoungGen: 109184K->0K(516096K)] [ParOldGen: 1357819K->28219K(1398272K)] 1467003K->28219K(1914368K), [Metaspace: 60445K->60445K(1105920K)], 0.0465640 secs] [Times: user=0.15 sys=0.00, real=0.04 secs] 
4337.111: [GC (Allocation Failure) [PSYoungGen: 342016K->139936K(518144K)] 370237K->168157K(1916416K), 0.0276119 secs] [Times: user=0.16 sys=0.00, real=0.03 secs] 
4338.560: [GC (Allocation Failure) [PSYoungGen: 481952K->111808K(518144K)] 510173K->269973K(1916416K), 0.0679894 secs] [Times: user=0.41 sys=0.00, real=0.07 secs] 
4339.382: [GC (GCLocker Initiated GC) [PSYoungGen: 457920K->142048K(520192K)] 616087K->409596K(1918464K), 0.0539947 secs] [Times: user=0.31 sys=0.00, real=0.06 secs] 
4340.826: [GC (Allocation Failure) [PSYoungGen: 488160K->109248K(522240K)] 755709K->508917K(1920512K), 0.0645510 secs] [Times: user=0.38 sys=0.00, real=0.06 secs] 
4341.575: [GC (Allocation Failure) [PSYoungGen: 458432K->146784K(496128K)] 858101K->652878K(1894400K), 0.0535002 secs] [Times: user=0.32 sys=0.00, real=0.05 secs] 
4343.801: [GC (Allocation Failure) [PSYoungGen: 495968K->106688K(523776K)] 1002062K->750574K(1922048K), 0.1676995 secs] [Times: user=1.00 sys=0.00, real=0.17 secs] 
4345.403: [GC (Allocation Failure) [PSYoungGen: 453312K->143840K(490496K)] 1097198K->891147K(1888768K), 0.0523226 secs] [Times: user=0.31 sys=0.00, real=0.06 secs] 
4346.832: [GC (GCLocker Initiated GC) [PSYoungGen: 490464K->107936K(523264K)] 1237771K->990075K(1921536K), 0.0674132 secs] [Times: user=0.40 sys=0.00, real=0.07 secs] 
4347.675: [GC (Allocation Failure) [PSYoungGen: 453536K->143456K(521216K)] 1335678K->1131159K(1919488K), 0.0528390 secs] [Times: user=0.32 sys=0.00, real=0.05 secs] 
4349.631: [GC (Allocation Failure) [PSYoungGen: 489056K->108384K(521216K)] 1476759K->1230591K(1919488K), 0.1009470 secs] [Times: user=0.59 sys=0.01, real=0.10 secs] 
4350.663: [GC (Allocation Failure) [PSYoungGen: 453984K->144608K(521216K)] 1576191K->1372528K(1919488K), 0.0530560 secs] [Times: user=0.31 sys=0.00, real=0.06 secs] 
4353.561: [GC (Allocation Failure) [PSYoungGen: 490208K->109504K(521216K)] 1718128K->1473408K(1919488K), 0.1653500 secs] [Times: user=0.98 sys=0.00, real=0.17 secs] 
4353.726: [Full GC (Ergonomics) [PSYoungGen: 109504K->0K(521216K)] [ParOldGen: 1363904K->40449K(1398272K)] 1473408K->40449K(1919488K), [Metaspace: 60445K->60445K(1105920K)], 0.1190550 secs] [Times: user=0.49 sys=0.00, real=0.12 secs] 
4354.573: [GC (Allocation Failure) [PSYoungGen: 345600K->151744K(497664K)] 386049K->192193K(1895936K), 0.0284292 secs] [Times: user=0.17 sys=0.00, real=0.02 secs] 
4356.138: [GC (Allocation Failure) [PSYoungGen: 497344K->109984K(520704K)] 537793K->284385K(1918976K), 0.0988452 secs] [Times: user=0.58 sys=0.00, real=0.10 secs] 
4356.868: [GC (GCLocker Initiated GC) [PSYoungGen: 449952K->143136K(518144K)] 624353K->422944K(1916416K), 0.0518170 secs] [Times: user=0.31 sys=0.01, real=0.05 secs] 
4358.591: [GC (Allocation Failure) [PSYoungGen: 483104K->105120K(519680K)] 764967K->520919K(1917952K), 0.1634899 secs] [Times: user=0.97 sys=0.01, real=0.17 secs] 
4359.962: [GC (Allocation Failure) [PSYoungGen: 446112K->141440K(519168K)] 861911K->661010K(1917440K), 0.0524815 secs] [Times: user=0.31 sys=0.00, real=0.06 secs] 
4361.847: [GC (Allocation Failure) [PSYoungGen: 482432K->108064K(517120K)] 1002002K->759898K(1915392K), 0.1040850 secs] [Times: user=0.61 sys=0.00, real=0.10 secs] 
4363.200: [GC (Allocation Failure) [PSYoungGen: 450080K->141792K(518656K)] 1101914K->898391K(1916928K), 0.0526866 secs] [Times: user=0.31 sys=0.00, real=0.05 secs] 
4364.660: [GC (Allocation Failure) [PSYoungGen: 483808K->109504K(519168K)] 1240407K->998511K(1917440K), 0.0701474 secs] [Times: user=0.41 sys=0.00, real=0.07 secs] 
4365.600: [GC (Allocation Failure) [PSYoungGen: 454080K->140992K(520192K)] 1343087K->1136244K(1918464K), 0.0538169 secs] [Times: user=0.31 sys=0.00, real=0.06 secs] 
4367.401: [GC (Allocation Failure) [PSYoungGen: 485568K->109568K(520192K)] 1480820K->1235852K(1918464K), 0.0954564 secs] [Times: user=0.57 sys=0.00, real=0.10 secs] 
4368.610: [GC (Allocation Failure) [PSYoungGen: 456192K->143776K(521216K)] 1582476K->1376149K(1919488K), 0.0546766 secs] [Times: user=0.32 sys=0.00, real=0.06 secs] 
4368.665: [Full GC (Ergonomics) [PSYoungGen: 143776K->0K(521216K)] [ParOldGen: 1232373K->177954K(1398272K)] 1376149K->177954K(1919488K), [Metaspace: 60445K->60445K(1105920K)], 0.4208328 secs] [Times: user=1.95 sys=0.00, real=0.42 secs] 
4371.002: [GC (Allocation Failure) [PSYoungGen: 346624K->110368K(522240K)] 524578K->288322K(1920512K), 0.0559247 secs] [Times: user=0.33 sys=0.00, real=0.06 secs] 
4371.696: [GC (Allocation Failure) [PSYoungGen: 458016K->145216K(493056K)] 635970K->430963K(1891328K), 0.0538969 secs] [Times: user=0.32 sys=0.00, real=0.05 secs] 
4373.206: [GC (Allocation Failure) [PSYoungGen: 492864K->110080K(523776K)] 778611K->532187K(1922048K), 0.0648966 secs] [Times: user=0.39 sys=0.01, real=0.06 secs] 
4374.075: [GC (Allocation Failure) [PSYoungGen: 456704K->146240K(493056K)] 878811K->672560K(1891328K), 0.0522741 secs] [Times: user=0.31 sys=0.01, real=0.05 secs] 
4376.736: [GC (GCLocker Initiated GC) [PSYoungGen: 492864K->106048K(522752K)] 1019185K->769205K(1921024K), 0.1317949 secs] [Times: user=0.78 sys=0.00, real=0.13 secs] 
4377.752: [GC (Allocation Failure) [PSYoungGen: 451136K->155584K(500736K)] 1114332K->920699K(1899008K), 0.0526988 secs] [Times: user=0.31 sys=0.00, real=0.06 secs] 
4379.491: [GC (Allocation Failure) [PSYoungGen: 500672K->105664K(518144K)] 1265787K->1009427K(1916416K), 0.0682082 secs] [Times: user=0.40 sys=0.00, real=0.07 secs] 
4380.166: [GC (Allocation Failure) [PSYoungGen: 441536K->143744K(516608K)] 1345299K->1149188K(1914880K), 0.0518053 secs] [Times: user=0.30 sys=0.00, real=0.05 secs] 
4382.285: [GC (Allocation Failure) [PSYoungGen: 479616K->103264K(517120K)] 1485060K->1243800K(1915392K), 0.1308830 secs] [Times: user=0.78 sys=0.00, real=0.13 secs] 
4383.789: [GC (Allocation Failure) [PSYoungGen: 439648K->140480K(517120K)] 1580184K->1380333K(1915392K), 0.0564071 secs] [Times: user=0.30 sys=0.00, real=0.06 secs] 
4383.846: [Full GC (Ergonomics) [PSYoungGen: 140480K->0K(517120K)] [ParOldGen: 1239852K->177692K(1398272K)] 1380333K->177692K(1915392K), [Metaspace: 60445K->60445K(1105920K)], 0.4046624 secs] [Times: user=1.79 sys=0.00, real=0.40 secs] 
4386.401: [GC (GCLocker Initiated GC) [PSYoungGen: 336384K->104608K(515072K)] 514079K->282303K(1913344K), 0.0947672 secs] [Times: user=0.56 sys=0.00, real=0.10 secs] 
4387.725: [GC (Allocation Failure) [PSYoungGen: 442016K->146880K(516608K)] 619749K->425978K(1914880K), 0.0519386 secs] [Times: user=0.30 sys=0.00, real=0.05 secs] 
4389.136: [GC (GCLocker Initiated GC) [PSYoungGen: 484288K->107072K(517120K)] 763388K->515420K(1915392K), 0.0880846 secs] [Times: user=0.52 sys=0.00, real=0.09 secs] 
4389.960: [GC (Allocation Failure) [PSYoungGen: 443968K->138592K(516608K)] 852387K->650704K(1914880K), 0.0516246 secs] [Times: user=0.30 sys=0.00, real=0.05 secs] 
4391.473: [GC (Allocation Failure) [PSYoungGen: 475488K->110368K(514560K)] 987600K->751332K(1912832K), 0.0820731 secs] [Times: user=0.49 sys=0.00, real=0.08 secs] 
4392.435: [GC (Allocation Failure) [PSYoungGen: 449824K->139872K(516608K)] 1090788K->889044K(1914880K), 0.0538986 secs] [Times: user=0.32 sys=0.00, real=0.05 secs] 
4394.391: [GC (GCLocker Initiated GC) [PSYoungGen: 479328K->106752K(518656K)] 1228500K->986428K(1916928K), 0.1073881 secs] [Times: user=0.64 sys=0.00, real=0.11 secs] 
4395.799: [GC (Allocation Failure) [PSYoungGen: 451328K->147488K(492544K)] 1331007K->1131076K(1890816K), 0.0532172 secs] [Times: user=0.31 sys=0.00, real=0.05 secs] 
4397.193: [GC (Allocation Failure) [PSYoungGen: 492064K->111136K(522240K)] 1475652K->1224572K(1920512K), 0.0723373 secs] [Times: user=0.43 sys=0.00, real=0.08 secs] 
4398.241: [GC (Allocation Failure) [PSYoungGen: 454176K->139360K(519680K)] 1567612K->1361281K(1917952K), 0.0545162 secs] [Times: user=0.32 sys=0.00, real=0.06 secs] 
4399.723: [GC (Allocation Failure) [PSYoungGen: 482400K->112896K(519680K)] 1704321K->1464233K(1917952K), 0.0654141 secs] [Times: user=0.38 sys=0.00, real=0.06 secs] 
4399.788: [Full GC (Ergonomics) [PSYoungGen: 112896K->0K(519680K)] [ParOldGen: 1351337K->25603K(1398272K)] 1464233K->25603K(1917952K), [Metaspace: 60447K->60447K(1105920K)], 0.0435327 secs] [Times: user=0.14 sys=0.00, real=0.04 secs] 
4400.774: [GC (Allocation Failure) [PSYoungGen: 345600K->142528K(519680K)] 371203K->168131K(1917952K), 0.0286240 secs] [Times: user=0.17 sys=0.00, real=0.02 secs] 
4402.179: [GC (Allocation Failure) [PSYoungGen: 488128K->110816K(522240K)] 513731K->269707K(1920512K), 0.0834587 secs] [Times: user=0.49 sys=0.00, real=0.08 secs] 
4403.523: [GC (GCLocker Initiated GC) [PSYoungGen: 460000K->143616K(522752K)] 618891K->411028K(1921024K), 0.0538118 secs] [Times: user=0.31 sys=0.01, real=0.05 secs] 
4404.956: [GC (GCLocker Initiated GC) [PSYoungGen: 492800K->109280K(523264K)] 760214K->511518K(1921536K), 0.0652720 secs] [Times: user=0.38 sys=0.00, real=0.06 secs] 
4405.879: [GC (Allocation Failure) [PSYoungGen: 458976K->143840K(523264K)] 861217K->652510K(1921536K), 0.0531351 secs] [Times: user=0.31 sys=0.00, real=0.05 secs] 
4407.613: [GC (Allocation Failure) [PSYoungGen: 493536K->112608K(523264K)] 1002206K->755710K(1921536K), 0.0849158 secs] [Times: user=0.50 sys=0.00, real=0.09 secs] 
4408.599: [GC (Allocation Failure) [PSYoungGen: 462304K->146496K(496640K)] 1105406K->899283K(1894912K), 0.0547287 secs] [Times: user=0.32 sys=0.00, real=0.06 secs] 
4410.639: [GC (GCLocker Initiated GC) [PSYoungGen: 496192K->108768K(524288K)] 1248980K->998688K(1922560K), 0.1354937 secs] [Times: user=0.81 sys=0.00, real=0.14 secs] 
4411.632: [GC (Allocation Failure) [PSYoungGen: 456928K->154688K(503296K)] 1346887K->1149420K(1901568K), 0.0535085 secs] [Times: user=0.32 sys=0.00, real=0.06 secs] 
4413.399: [GC (Allocation Failure) [PSYoungGen: 502848K->104832K(519680K)] 1497580K->1237296K(1917952K), 0.1118940 secs] [Times: user=0.66 sys=0.00, real=0.11 secs] 
4414.308: [GC (GCLocker Initiated GC) [PSYoungGen: 443776K->140768K(518144K)] 1576240K->1374649K(1916416K), 0.0515040 secs] [Times: user=0.31 sys=0.01, real=0.05 secs] 
4414.359: [Full GC (Ergonomics) [PSYoungGen: 140768K->0K(518144K)] [ParOldGen: 1233881K->179527K(1398272K)] 1374649K->179527K(1916416K), [Metaspace: 60447K->60447K(1105920K)], 0.4197536 secs] [Times: user=1.88 sys=0.00, real=0.42 secs] 
4417.240: [GC (GCLocker Initiated GC) [PSYoungGen: 338944K->102976K(518656K)] 518473K->282505K(1916928K), 0.0948575 secs] [Times: user=0.56 sys=0.00, real=0.10 secs] 
4418.234: [GC (Allocation Failure) [PSYoungGen: 442944K->140256K(518656K)] 622511K->420424K(1916928K), 0.0510712 secs] [Times: user=0.30 sys=0.00, real=0.05 secs] 
4419.641: [GC (Allocation Failure) [PSYoungGen: 480224K->108512K(516096K)] 760392K->519912K(1914368K), 0.0628716 secs] [Times: user=0.37 sys=0.00, real=0.07 secs] 
4420.578: [GC (Allocation Failure) [PSYoungGen: 450016K->139200K(518144K)] 861416K->656121K(1916416K), 0.0524450 secs] [Times: user=0.31 sys=0.00, real=0.05 secs] 
4422.013: [GC (Allocation Failure) [PSYoungGen: 480704K->111232K(518144K)] 997625K->757193K(1916416K), 0.0636512 secs] [Times: user=0.38 sys=0.00, real=0.06 secs] 
4422.889: [GC (Allocation Failure) [PSYoungGen: 456832K->143904K(520192K)] 1102793K->898510K(1918464K), 0.0546323 secs] [Times: user=0.33 sys=0.00, real=0.06 secs] 
4424.610: [GC (Allocation Failure) [PSYoungGen: 489504K->110432K(522240K)] 1244110K->999606K(1920512K), 0.0798474 secs] [Times: user=0.48 sys=0.00, real=0.08 secs] 
4425.883: [GC (Allocation Failure) [PSYoungGen: 458080K->145472K(493568K)] 1347254K->1141859K(1891840K), 0.0555048 secs] [Times: user=0.33 sys=0.00, real=0.06 secs] 
4427.554: [GC (Allocation Failure) [PSYoungGen: 493120K->107712K(523776K)] 1489507K->1240523K(1922048K), 0.1095437 secs] [Times: user=0.65 sys=0.00, real=0.11 secs] 
4428.297: [GC (Allocation Failure) [PSYoungGen: 454336K->144832K(491520K)] 1587147K->1382407K(1889792K), 0.0536015 secs] [Times: user=0.31 sys=0.00, real=0.05 secs] 
4428.350: [Full GC (Ergonomics) [PSYoungGen: 144832K->0K(491520K)] [ParOldGen: 1237575K->179591K(1398272K)] 1382407K->179591K(1889792K), [Metaspace: 60447K->60447K(1105920K)], 0.4112958 secs] [Times: user=1.89 sys=0.00, real=0.41 secs] 
4430.474: [GC (Allocation Failure) [PSYoungGen: 346624K->106272K(522752K)] 526215K->285863K(1921024K), 0.0370494 secs] [Times: user=0.22 sys=0.00, real=0.03 secs] 
4431.610: [GC (GCLocker Initiated GC) [PSYoungGen: 451360K->144096K(489472K)] 630951K->427324K(1887744K), 0.0530805 secs] [Times: user=0.31 sys=0.01, real=0.05 secs] 
4433.522: [GC (GCLocker Initiated GC) [PSYoungGen: 489184K->107392K(522752K)] 772414K->525954K(1921024K), 0.0891611 secs] [Times: user=0.53 sys=0.00, real=0.09 secs] 
4434.331: [GC (Allocation Failure) [PSYoungGen: 451968K->143616K(520704K)] 870532K->666885K(1918976K), 0.0527483 secs] [Times: user=0.31 sys=0.00, real=0.06 secs] 
4436.099: [GC (Allocation Failure) [PSYoungGen: 488192K->107136K(520704K)] 1011461K->765405K(1918976K), 0.0704094 secs] [Times: user=0.42 sys=0.01, real=0.07 secs] 
4437.279: [GC (Allocation Failure) [PSYoungGen: 451712K->151776K(496640K)] 1109981K->913842K(1894912K), 0.0532159 secs] [Times: user=0.31 sys=0.00, real=0.05 secs] 
4440.038: [GC (Allocation Failure) [PSYoungGen: 496352K->106528K(519680K)] 1258418K->1002846K(1917952K), 0.1362101 secs] [Times: user=0.80 sys=0.00, real=0.14 secs] 
4441.231: [GC (GCLocker Initiated GC) [PSYoungGen: 444960K->138976K(517632K)] 1341279K->1138500K(1915904K), 0.0521503 secs] [Times: user=0.30 sys=0.00, real=0.06 secs] 
4442.634: [GC (Allocation Failure) [PSYoungGen: 477408K->106368K(517632K)] 1476934K->1235142K(1915904K), 0.0650069 secs] [Times: user=0.38 sys=0.00, real=0.06 secs] 
4443.410: [GC (Allocation Failure) [PSYoungGen: 446848K->141440K(517632K)] 1575622K->1373559K(1915904K), 0.0525548 secs] [Times: user=0.31 sys=0.00, real=0.05 secs] 
4444.900: [GC (Allocation Failure) [PSYoungGen: 481920K->107296K(518656K)] 1714039K->1471679K(1916928K), 0.0973287 secs] [Times: user=0.58 sys=0.01, real=0.10 secs] 
4444.998: [Full GC (Ergonomics) [PSYoungGen: 107296K->0K(518656K)] [ParOldGen: 1364383K->31341K(1398272K)] 1471679K->31341K(1916928K), [Metaspace: 60447K->60447K(1105920K)], 0.0671191 secs] [Times: user=0.24 sys=0.00, real=0.07 secs] 
4446.331: [GC (Allocation Failure) [PSYoungGen: 343552K->142240K(519680K)] 374893K->173581K(1917952K), 0.0286689 secs] [Times: user=0.16 sys=0.00, real=0.03 secs] 
4448.080: [GC (Allocation Failure) [PSYoungGen: 485792K->107712K(520192K)] 517133K->272285K(1918464K), 0.1174800 secs] [Times: user=0.69 sys=0.00, real=0.12 secs] 
4448.953: [GC (Allocation Failure) [PSYoungGen: 452800K->143584K(520704K)] 617373K->413613K(1918976K), 0.0527489 secs] [Times: user=0.31 sys=0.01, real=0.06 secs] 
4450.485: [GC (GCLocker Initiated GC) [PSYoungGen: 488672K->107936K(521216K)] 758701K->512149K(1919488K), 0.0679596 secs] [Times: user=0.40 sys=0.00, real=0.06 secs] 
4451.653: [GC (Allocation Failure) [PSYoungGen: 453536K->150240K(496128K)] 857752K->659580K(1894400K), 0.0535052 secs] [Times: user=0.32 sys=0.00, real=0.06 secs] 
4453.409: [GC (Allocation Failure) [PSYoungGen: 495840K->109696K(521216K)] 1005180K->751620K(1919488K), 0.1158194 secs] [Times: user=0.68 sys=0.01, real=0.12 secs] 
4454.602: [GC (Allocation Failure) [PSYoungGen: 450688K->142368K(518656K)] 1092612K->891209K(1916928K), 0.0534041 secs] [Times: user=0.32 sys=0.00, real=0.06 secs] 
4456.329: [GC (Allocation Failure) [PSYoungGen: 483360K->106144K(518656K)] 1232201K->987937K(1916928K), 0.1148696 secs] [Times: user=0.68 sys=0.01, real=0.12 secs] 
4457.219: [GC (Allocation Failure) [PSYoungGen: 448160K->142464K(519168K)] 1329953K->1127306K(1917440K), 0.0526937 secs] [Times: user=0.31 sys=0.00, real=0.05 secs] 
4458.599: [GC (GCLocker Initiated GC) [PSYoungGen: 484480K->108384K(519168K)] 1469322K->1226634K(1917440K), 0.0643815 secs] [Times: user=0.38 sys=0.00, real=0.07 secs] 
4459.588: [GC (Allocation Failure) [PSYoungGen: 451424K->139392K(519680K)] 1569745K->1363202K(1917952K), 0.0531699 secs] [Times: user=0.31 sys=0.00, real=0.05 secs] 
4461.115: [GC (Allocation Failure) [PSYoungGen: 482432K->112032K(517120K)] 1706242K->1465182K(1915392K), 0.0912356 secs] [Times: user=0.54 sys=0.01, real=0.09 secs] 
4461.206: [Full GC (Ergonomics) [PSYoungGen: 112032K->0K(517120K)] [ParOldGen: 1353150K->32274K(1398272K)] 1465182K->32274K(1915392K), [Metaspace: 60449K->60449K(1105920K)], 0.0583149 secs] [Times: user=0.21 sys=0.00, real=0.06 secs] 
4462.110: [GC (Allocation Failure) [PSYoungGen: 345600K->143904K(519680K)] 377874K->176178K(1917952K), 0.0286512 secs] [Times: user=0.17 sys=0.00, real=0.03 secs] 
4463.863: [GC (Allocation Failure) [PSYoungGen: 489504K->109664K(522752K)] 521778K->276578K(1921024K), 0.1170222 secs] [Times: user=0.69 sys=0.00, real=0.12 secs] 
4464.865: [GC (Allocation Failure) [PSYoungGen: 458336K->145440K(494592K)] 625250K->418927K(1892864K), 0.0531430 secs] [Times: user=0.31 sys=0.00, real=0.05 secs] 
4466.603: [GC (Allocation Failure) [PSYoungGen: 494112K->107776K(523776K)] 767599K->517639K(1922048K), 0.1030387 secs] [Times: user=0.61 sys=0.01, real=0.10 secs] 
4467.405: [GC (Allocation Failure) [PSYoungGen: 454400K->154368K(501248K)] 864263K->669212K(1899520K), 0.0532010 secs] [Times: user=0.31 sys=0.00, real=0.05 secs] 
4469.583: [GC (Allocation Failure) [PSYoungGen: 500992K->107616K(519680K)] 1015836K->759744K(1917952K), 0.0930020 secs] [Times: user=0.54 sys=0.00, real=0.09 secs] 
4470.573: [GC (Allocation Failure) [PSYoungGen: 446048K->143776K(517632K)] 1098176K->899324K(1915904K), 0.0524927 secs] [Times: user=0.31 sys=0.00, real=0.06 secs] 
4472.342: [GC (Allocation Failure) [PSYoungGen: 482208K->103200K(518656K)] 1237756K->993632K(1916928K), 0.0684733 secs] [Times: user=0.40 sys=0.01, real=0.07 secs] 
4473.535: [GC (Allocation Failure) [PSYoungGen: 441632K->142400K(518144K)] 1332064K->1132753K(1916416K), 0.0511900 secs] [Times: user=0.30 sys=0.00, real=0.05 secs] 
4475.276: [GC (GCLocker Initiated GC) [PSYoungGen: 480832K->104000K(517632K)] 1471186K->1228106K(1915904K), 0.0899641 secs] [Times: user=0.53 sys=0.01, real=0.09 secs] 
4476.861: [GC (GCLocker Initiated GC) [PSYoungGen: 442944K->139872K(518144K)] 1567055K->1365259K(1916416K), 0.0519161 secs] [Times: user=0.31 sys=0.00, real=0.05 secs] 
4478.677: [GC (Allocation Failure) [PSYoungGen: 478816K->107264K(515584K)] 1704206K->1463297K(1913856K), 0.0943063 secs] [Times: user=0.55 sys=0.01, real=0.09 secs] 
4478.772: [Full GC (Ergonomics) [PSYoungGen: 107264K->0K(515584K)] [ParOldGen: 1356033K->30015K(1398272K)] 1463297K->30015K(1913856K), [Metaspace: 60449K->60449K(1105920K)], 0.0537078 secs] [Times: user=0.19 sys=0.00, real=0.06 secs] 
4479.654: [GC (Allocation Failure) [PSYoungGen: 340480K->141888K(517632K)] 370495K->171903K(1915904K), 0.0283790 secs] [Times: user=0.16 sys=0.00, real=0.02 secs] 
4481.019: [GC (Allocation Failure) [PSYoungGen: 482368K->107904K(518656K)] 512383K->270503K(1916928K), 0.0629301 secs] [Times: user=0.37 sys=0.01, real=0.06 secs] 
4481.838: [GC (GCLocker Initiated GC) [PSYoungGen: 451456K->141952K(519680K)] 614056K->409689K(1917952K), 0.0526951 secs] [Times: user=0.31 sys=0.00, real=0.05 secs] 
4483.350: [GC (Allocation Failure) [PSYoungGen: 485504K->111136K(519168K)] 753279K->511375K(1917440K), 0.0684535 secs] [Times: user=0.41 sys=0.00, real=0.07 secs] 
4484.873: [GC (Allocation Failure) [PSYoungGen: 456224K->141344K(520192K)] 856463K->649724K(1918464K), 0.0541868 secs] [Times: user=0.32 sys=0.00, real=0.05 secs] 
4486.645: [GC (Allocation Failure) [PSYoungGen: 486432K->108320K(520704K)] 994812K->748720K(1918976K), 0.0937495 secs] [Times: user=0.56 sys=0.00, real=0.09 secs] 
4488.029: [GC (Allocation Failure) [PSYoungGen: 455968K->142848K(521728K)] 1096368K->888813K(1920000K), 0.0545205 secs] [Times: user=0.32 sys=0.00, real=0.06 secs] 
4489.471: [GC (GCLocker Initiated GC) [PSYoungGen: 490496K->111392K(521728K)] 1236463K->990799K(1920000K), 0.0833742 secs] [Times: user=0.49 sys=0.00, real=0.09 secs] 
4490.727: [GC (Allocation Failure) [PSYoungGen: 460064K->143264K(522240K)] 1339471K->1131140K(1920512K), 0.0548293 secs] [Times: user=0.33 sys=0.00, real=0.05 secs] 
4492.803: [GC (Allocation Failure) [PSYoungGen: 491936K->107968K(523776K)] 1479812K->1229572K(1922048K), 0.1562728 secs] [Times: user=0.92 sys=0.00, real=0.16 secs] 
4493.961: [GC (Allocation Failure) [PSYoungGen: 457152K->147008K(496640K)] 1578756K->1373741K(1894912K), 0.0541755 secs] [Times: user=0.32 sys=0.00, real=0.06 secs] 
4496.208: [GC (Allocation Failure) [PSYoungGen: 496192K->108320K(523264K)] 1722925K->1473101K(1921536K), 0.1458633 secs] [Times: user=0.87 sys=0.00, real=0.15 secs] 
4496.354: [Full GC (Ergonomics) [PSYoungGen: 108320K->0K(523264K)] [ParOldGen: 1364781K->39774K(1398272K)] 1473101K->39774K(1921536K), [Metaspace: 60456K->60456K(1105920K)], 0.1175811 secs] [Times: user=0.48 sys=0.00, real=0.11 secs] 
4497.404: [GC (Allocation Failure) [PSYoungGen: 346112K->143776K(521728K)] 385886K->183550K(1920000K), 0.0284094 secs] [Times: user=0.17 sys=0.00, real=0.02 secs] 
4498.857: [GC (GCLocker Initiated GC) [PSYoungGen: 489888K->109536K(520704K)] 529662K->284286K(1918976K), 0.0639703 secs] [Times: user=0.38 sys=0.00, real=0.06 secs] 
4499.851: [GC (Allocation Failure) [PSYoungGen: 455648K->143456K(521216K)] 630401K->423718K(1919488K), 0.0526013 secs] [Times: user=0.30 sys=0.00, real=0.06 secs] 
4501.711: [GC (Allocation Failure) [PSYoungGen: 489568K->110176K(521728K)] 769830K->524122K(1920000K), 0.0778352 secs] [Times: user=0.46 sys=0.00, real=0.08 secs] 
4502.467: [GC (Allocation Failure) [PSYoungGen: 456800K->147136K(494080K)] 870746K->667855K(1892352K), 0.0530571 secs] [Times: user=0.31 sys=0.00, real=0.05 secs] 
4504.196: [GC (Allocation Failure) [PSYoungGen: 493760K->109280K(522752K)] 1014479K->768039K(1921024K), 0.0719265 secs] [Times: user=0.43 sys=0.00, real=0.07 secs] 
4504.894: [GC (Allocation Failure) [PSYoungGen: 453856K->145568K(490496K)] 1112615K->908275K(1888768K), 0.0527331 secs] [Times: user=0.31 sys=0.00, real=0.05 secs] 
4506.668: [GC (Allocation Failure) [PSYoungGen: 490144K->106144K(521728K)] 1252851K->1005219K(1920000K), 0.0676822 secs] [Times: user=0.40 sys=0.00, real=0.07 secs] 
4507.558: [GC (Allocation Failure) [PSYoungGen: 449184K->144448K(487936K)] 1348259K->1146080K(1886208K), 0.0514122 secs] [Times: user=0.30 sys=0.00, real=0.05 secs] 
4510.524: [GC (Allocation Failure) [PSYoungGen: 487488K->104224K(521216K)] 1489120K->1241560K(1919488K), 0.1103407 secs] [Times: user=0.65 sys=0.01, real=0.11 secs] 
4511.433: [GC (Allocation Failure) [PSYoungGen: 446240K->146304K(488448K)] 1583576K->1384209K(1886720K), 0.0514122 secs] [Times: user=0.31 sys=0.00, real=0.06 secs] 
4511.484: [Full GC (Ergonomics) [PSYoungGen: 146304K->0K(488448K)] [ParOldGen: 1237905K->187383K(1398272K)] 1384209K->187383K(1886720K), [Metaspace: 60456K->60456K(1105920K)], 0.4339662 secs] [Times: user=2.00 sys=0.00, real=0.43 secs] 
4513.184: [GC (GCLocker Initiated GC) [PSYoungGen: 342016K->104352K(519680K)] 529399K->291735K(1917952K), 0.0321336 secs] [Times: user=0.19 sys=0.00, real=0.03 secs] 
4514.058: [GC (Allocation Failure) [PSYoungGen: 443808K->144832K(484352K)] 631262K->431987K(1882624K), 0.0507417 secs] [Times: user=0.30 sys=0.00, real=0.05 secs] 
4516.514: [GC (GCLocker Initiated GC) [PSYoungGen: 484288K->103520K(519168K)] 771443K->526611K(1917440K), 0.1491691 secs] [Times: user=0.88 sys=0.00, real=0.15 secs] 
4517.640: [GC (Allocation Failure) [PSYoungGen: 441952K->150848K(489472K)] 865082K->673423K(1887744K), 0.0510882 secs] [Times: user=0.30 sys=0.00, real=0.05 secs] 
4519.506: [GC (Allocation Failure) [PSYoungGen: 489280K->105632K(517120K)] 1011855K->761615K(1915392K), 0.0962406 secs] [Times: user=0.57 sys=0.00, real=0.09 secs] 
4520.620: [GC (Allocation Failure) [PSYoungGen: 438944K->136672K(470016K)] 1094927K->895772K(1868288K), 0.0519868 secs] [Times: user=0.31 sys=0.00, real=0.05 secs] 
4522.052: [GC (GCLocker Initiated GC) [PSYoungGen: 469984K->105728K(516096K)] 1229084K->992484K(1914368K), 0.0639535 secs] [Times: user=0.38 sys=0.00, real=0.07 secs] 
4522.752: [GC (Allocation Failure) [PSYoungGen: 441088K->140736K(514048K)] 1327847K->1130659K(1912320K), 0.0531135 secs] [Times: user=0.31 sys=0.00, real=0.06 secs] 
4524.592: [GC (Allocation Failure) [PSYoungGen: 476096K->104896K(518656K)] 1466019K->1226471K(1916928K), 0.1289603 secs] [Times: user=0.77 sys=0.00, real=0.13 secs] 
4525.904: [GC (Allocation Failure) [PSYoungGen: 445888K->141024K(518656K)] 1567463K->1365620K(1916928K), 0.0536208 secs] [Times: user=0.32 sys=0.00, real=0.05 secs] 
4527.531: [GC (Allocation Failure) [PSYoungGen: 482016K->108000K(517120K)] 1706612K->1464712K(1915392K), 0.1023898 secs] [Times: user=0.61 sys=0.00, real=0.11 secs] 
4527.634: [Full GC (Ergonomics) [PSYoungGen: 108000K->0K(517120K)] [ParOldGen: 1356712K->25288K(1398272K)] 1464712K->25288K(1915392K), [Metaspace: 60456K->60456K(1105920K)], 0.0510607 secs] [Times: user=0.15 sys=0.00, real=0.05 secs] 
4529.186: [GC (Allocation Failure) [PSYoungGen: 342528K->140064K(518656K)] 367816K->165352K(1916928K), 0.0279417 secs] [Times: user=0.16 sys=0.00, real=0.03 secs] 
4530.657: [GC (Allocation Failure) [PSYoungGen: 482592K->109568K(518656K)] 507880K->265544K(1916928K), 0.0746393 secs] [Times: user=0.45 sys=0.00, real=0.07 secs] 
4532.535: [GC (Allocation Failure) [PSYoungGen: 455168K->139616K(520192K)] 611144K->402877K(1918464K), 0.0527824 secs] [Times: user=0.31 sys=0.00, real=0.05 secs] 
4534.119: [GC (Allocation Failure) [PSYoungGen: 485216K->110880K(520192K)] 748477K->504185K(1918464K), 0.0928880 secs] [Times: user=0.55 sys=0.01, real=0.09 secs] 
4535.924: [GC (Allocation Failure) [PSYoungGen: 459552K->141120K(521728K)] 852857K->643242K(1920000K), 0.0538106 secs] [Times: user=0.32 sys=0.00, real=0.05 secs] 
4537.358: [GC (Allocation Failure) [PSYoungGen: 489792K->111584K(522240K)] 991914K->745314K(1920512K), 0.0658809 secs] [Times: user=0.39 sys=0.00, real=0.07 secs] 
4538.096: [GC (Allocation Failure) [PSYoungGen: 462816K->146592K(523264K)] 1096546K->890087K(1921536K), 0.0549578 secs] [Times: user=0.32 sys=0.00, real=0.05 secs] 
4540.105: [GC (Allocation Failure) [PSYoungGen: 497824K->108320K(524800K)] 1241319K->989583K(1923072K), 0.1174212 secs] [Times: user=0.70 sys=0.01, real=0.11 secs] 
4541.342: [GC (Allocation Failure) [PSYoungGen: 458016K->145536K(495616K)] 1339279K->1132828K(1893888K), 0.0541895 secs] [Times: user=0.32 sys=0.00, real=0.06 secs] 
4543.127: [GC (Allocation Failure) [PSYoungGen: 495232K->110240K(524288K)] 1482524K->1234116K(1922560K), 0.0680898 secs] [Times: user=0.39 sys=0.00, real=0.07 secs] 
4544.436: [GC (Allocation Failure) [PSYoungGen: 457888K->143072K(522240K)] 1581764K->1374296K(1920512K), 0.0536705 secs] [Times: user=0.31 sys=0.00, real=0.05 secs] 
4544.490: [Full GC (Ergonomics) [PSYoungGen: 143072K->0K(522240K)] [ParOldGen: 1231224K->177824K(1398272K)] 1374296K->177824K(1920512K), [Metaspace: 60456K->60456K(1105920K)], 0.4147045 secs] [Times: user=1.91 sys=0.00, real=0.42 secs] 
4546.736: [GC (Allocation Failure) [PSYoungGen: 347648K->107360K(522752K)] 525472K->285184K(1921024K), 0.0602006 secs] [Times: user=0.36 sys=0.01, real=0.06 secs] 
4548.119: [GC (Allocation Failure) [PSYoungGen: 455520K->143552K(492032K)] 633344K->425729K(1890304K), 0.0525592 secs] [Times: user=0.31 sys=0.00, real=0.05 secs] 
4549.963: [GC (Allocation Failure) [PSYoungGen: 491712K->109024K(524288K)] 773889K->525389K(1922560K), 0.0930631 secs] [Times: user=0.55 sys=0.01, real=0.09 secs] 
4551.097: [GC (Allocation Failure) [PSYoungGen: 456672K->144992K(493056K)] 873037K->666962K(1891328K), 0.0533104 secs] [Times: user=0.31 sys=0.00, real=0.05 secs] 
4552.533: [GC (Allocation Failure) [PSYoungGen: 492640K->110784K(524288K)] 1014610K->768346K(1922560K), 0.0649486 secs] [Times: user=0.38 sys=0.00, real=0.07 secs] 
4553.392: [GC (Allocation Failure) [PSYoungGen: 457920K->145536K(521728K)] 1115482K->909846K(1920000K), 0.0534174 secs] [Times: user=0.31 sys=0.00, real=0.06 secs] 
4555.098: [GC (Allocation Failure) [PSYoungGen: 492672K->109184K(522752K)] 1256982K->1009147K(1921024K), 0.1205047 secs] [Times: user=0.71 sys=0.00, real=0.12 secs] 
4555.806: [GC (Allocation Failure) [PSYoungGen: 455296K->146976K(493568K)] 1355259K->1151975K(1891840K), 0.0530742 secs] [Times: user=0.32 sys=0.00, real=0.05 secs] 
4558.410: [GC (GCLocker Initiated GC) [PSYoungGen: 493088K->106112K(521728K)] 1498087K->1248831K(1920000K), 0.1228524 secs] [Times: user=0.73 sys=0.00, real=0.12 secs] 
4559.146: [GC (Allocation Failure) [PSYoungGen: 449152K->145824K(488960K)] 1591874K->1391383K(1887232K), 0.0519828 secs] [Times: user=0.30 sys=0.00, real=0.05 secs] 
4559.199: [Full GC (Ergonomics) [PSYoungGen: 145824K->0K(488960K)] [ParOldGen: 1245559K->190488K(1398272K)] 1391383K->190488K(1887232K), [Metaspace: 60457K->60457K(1105920K)], 0.4408278 secs] [Times: user=2.04 sys=0.00, real=0.44 secs] 
4561.645: [GC (Allocation Failure) [PSYoungGen: 343040K->104512K(520704K)] 533528K->295000K(1918976K), 0.0522360 secs] [Times: user=0.31 sys=0.00, real=0.05 secs] 
4563.048: [GC (Allocation Failure) [PSYoungGen: 446016K->142560K(519680K)] 636504K->433209K(1917952K), 0.0500403 secs] [Times: user=0.29 sys=0.00, real=0.05 secs] 
4565.718: [GC (GCLocker Initiated GC) [PSYoungGen: 484064K->105312K(518656K)] 774713K->529569K(1916928K), 0.1670077 secs] [Times: user=0.99 sys=0.00, real=0.17 secs] 
4566.794: [GC (Allocation Failure) [PSYoungGen: 446816K->152992K(494592K)] 871076K->678399K(1892864K), 0.0519955 secs] [Times: user=0.30 sys=0.01, real=0.05 secs] 
4568.327: [GC (Allocation Failure) [PSYoungGen: 494496K->107520K(518144K)] 1019903K->768783K(1916416K), 0.0740962 secs] [Times: user=0.36 sys=0.00, real=0.07 secs] 
4569.081: [GC (GCLocker Initiated GC) [PSYoungGen: 442880K->138176K(473600K)] 1104143K->902760K(1871872K), 0.0526711 secs] [Times: user=0.31 sys=0.00, real=0.06 secs] 
4570.599: [GC (Allocation Failure) [PSYoungGen: 473536K->105568K(517632K)] 1238122K->998758K(1915904K), 0.0887784 secs] [Times: user=0.53 sys=0.00, real=0.09 secs] 
4571.941: [GC (Allocation Failure) [PSYoungGen: 442976K->138720K(515584K)] 1336166K->1134607K(1913856K), 0.0524398 secs] [Times: user=0.31 sys=0.00, real=0.06 secs] 
4573.565: [GC (Allocation Failure) [PSYoungGen: 476128K->107168K(518656K)] 1472015K->1232303K(1916928K), 0.1003759 secs] [Times: user=0.60 sys=0.00, real=0.10 secs] 
4575.338: [GC (Allocation Failure) [PSYoungGen: 449696K->139904K(518656K)] 1574831K->1369532K(1916928K), 0.0537634 secs] [Times: user=0.31 sys=0.00, real=0.05 secs] 
4576.787: [GC (Allocation Failure) [PSYoungGen: 482432K->108768K(519168K)] 1712060K->1469004K(1917440K), 0.0680627 secs] [Times: user=0.40 sys=0.00, real=0.07 secs] 
4576.855: [Full GC (Ergonomics) [PSYoungGen: 108768K->0K(519168K)] [ParOldGen: 1360236K->29935K(1398272K)] 1469004K->29935K(1917440K), [Metaspace: 60465K->60465K(1105920K)], 0.0503329 secs] [Times: user=0.16 sys=0.00, real=0.05 secs] 
4577.688: [GC (GCLocker Initiated GC) [PSYoungGen: 346112K->142624K(520704K)] 376047K->172559K(1918976K), 0.0285236 secs] [Times: user=0.17 sys=0.01, real=0.03 secs] 
4579.579: [GC (GCLocker Initiated GC) [PSYoungGen: 488736K->109504K(521216K)] 518673K->272513K(1919488K), 0.1440672 secs] [Times: user=0.85 sys=0.01, real=0.14 secs] 
4581.145: [GC (Allocation Failure) [PSYoungGen: 457152K->152256K(500224K)] 620164K->422155K(1898496K), 0.0537553 secs] [Times: user=0.31 sys=0.00, real=0.05 secs] 
4582.909: [GC (Allocation Failure) [PSYoungGen: 499904K->110560K(521728K)] 769803K->515116K(1920000K), 0.0658381 secs] [Times: user=0.39 sys=0.00, real=0.07 secs] 
4583.725: [GC (Allocation Failure) [PSYoungGen: 452576K->140608K(519168K)] 857132K->652776K(1917440K), 0.0538534 secs] [Times: user=0.31 sys=0.00, real=0.05 secs] 
4585.202: [GC (Allocation Failure) [PSYoungGen: 482624K->108960K(519680K)] 994792K->752056K(1917952K), 0.0696348 secs] [Times: user=0.41 sys=0.00, real=0.07 secs] 
4585.989: [GC (Allocation Failure) [PSYoungGen: 453024K->143168K(519680K)] 1096120K->892581K(1917952K), 0.0550577 secs] [Times: user=0.33 sys=0.00, real=0.06 secs] 
4587.979: [GC (Allocation Failure) [PSYoungGen: 487232K->107904K(521728K)] 1236645K->991229K(1920000K), 0.1193889 secs] [Times: user=0.71 sys=0.00, real=0.12 secs] 
4589.195: [GC (Allocation Failure) [PSYoungGen: 454016K->144000K(490496K)] 1337341K->1133062K(1888768K), 0.0539964 secs] [Times: user=0.32 sys=0.00, real=0.05 secs] 
4591.048: [GC (Allocation Failure) [PSYoungGen: 490112K->108736K(523264K)] 1479174K->1232542K(1921536K), 0.1315889 secs] [Times: user=0.78 sys=0.00, real=0.13 secs] 
4592.156: [GC (Allocation Failure) [PSYoungGen: 454336K->151936K(497664K)] 1578142K->1381639K(1895936K), 0.0542952 secs] [Times: user=0.32 sys=0.00, real=0.05 secs] 
4593.796: [GC (Allocation Failure) [PSYoungGen: 497536K->107552K(520192K)] 1727239K->1472119K(1918464K), 0.0654495 secs] [Times: user=0.38 sys=0.00, real=0.06 secs] 
4593.862: [Full GC (Ergonomics) [PSYoungGen: 107552K->0K(520192K)] [ParOldGen: 1364567K->39073K(1398272K)] 1472119K->39073K(1918464K), [Metaspace: 60473K->60473K(1105920K)], 0.0747246 secs] [Times: user=0.29 sys=0.00, real=0.08 secs] 
4594.833: [GC (Allocation Failure) [PSYoungGen: 339456K->141376K(518144K)] 378529K->180449K(1916416K), 0.0281251 secs] [Times: user=0.17 sys=0.00, real=0.03 secs] 
4597.447: [GC (Allocation Failure) [PSYoungGen: 480832K->104224K(519168K)] 519905K->275685K(1917440K), 0.1008399 secs] [Times: user=0.59 sys=0.01, real=0.10 secs] 
4598.405: [GC (Allocation Failure) [PSYoungGen: 444704K->141856K(518656K)] 616165K->415150K(1916928K), 0.0512854 secs] [Times: user=0.30 sys=0.00, real=0.05 secs] 
4599.834: [GC (Allocation Failure) [PSYoungGen: 482336K->107904K(518144K)] 755630K->513834K(1916416K), 0.0638532 secs] [Times: user=0.38 sys=0.00, real=0.06 secs] 
4600.690: [GC (Allocation Failure) [PSYoungGen: 449920K->141952K(519168K)] 855850K->652167K(1917440K), 0.0519672 secs] [Times: user=0.30 sys=0.00, real=0.05 secs] 
4602.434: [GC (Allocation Failure) [PSYoungGen: 483968K->107808K(518656K)] 994183K->750615K(1916928K), 0.0707996 secs] [Times: user=0.42 sys=0.00, real=0.07 secs] 
4603.855: [GC (Allocation Failure) [PSYoungGen: 451360K->142304K(519680K)] 1094167K->890275K(1917952K), 0.0528490 secs] [Times: user=0.31 sys=0.00, real=0.05 secs] 
4605.654: [GC (Allocation Failure) [PSYoungGen: 485856K->107744K(520192K)] 1233827K->988836K(1918464K), 0.0715429 secs] [Times: user=0.42 sys=0.00, real=0.07 secs] 
4606.475: [GC (Allocation Failure) [PSYoungGen: 452832K->152128K(497664K)] 1333924K->1138356K(1895936K), 0.0537599 secs] [Times: user=0.32 sys=0.00, real=0.05 secs] 
4607.911: [GC (Allocation Failure) [PSYoungGen: 497216K->110144K(520704K)] 1483444K->1231200K(1918976K), 0.0663050 secs] [Times: user=0.40 sys=0.00, real=0.07 secs] 
4608.947: [GC (Allocation Failure) [PSYoungGen: 450112K->138720K(518144K)] 1571168K->1367045K(1916416K), 0.0535810 secs] [Times: user=0.31 sys=0.00, real=0.05 secs] 
4610.501: [GC (GCLocker Initiated GC) [PSYoungGen: 478688K->108672K(518656K)] 1707014K->1465734K(1916928K), 0.0644575 secs] [Times: user=0.38 sys=0.00, real=0.07 secs] 
4610.565: [Full GC (Ergonomics) [PSYoungGen: 108672K->0K(518656K)] [ParOldGen: 1357062K->31382K(1398272K)] 1465734K->31382K(1916928K), [Metaspace: 60473K->60473K(1105920K)], 0.0570674 secs] [Times: user=0.20 sys=0.00, real=0.05 secs] 
4611.453: [GC (Allocation Failure) [PSYoungGen: 342016K->142848K(518144K)] 373401K->174233K(1916416K), 0.0287685 secs] [Times: user=0.17 sys=0.00, real=0.02 secs] 
4613.426: [GC (Allocation Failure) [PSYoungGen: 484864K->108352K(520192K)] 516249K->273257K(1918464K), 0.1389546 secs] [Times: user=0.83 sys=0.00, real=0.14 secs] 
4614.847: [GC (Allocation Failure) [PSYoungGen: 453440K->143040K(520704K)] 618345K->413006K(1918976K), 0.0525192 secs] [Times: user=0.31 sys=0.00, real=0.05 secs] 
4616.261: [GC (GCLocker Initiated GC) [PSYoungGen: 488128K->108448K(520704K)] 758094K->512102K(1918976K), 0.0645859 secs] [Times: user=0.39 sys=0.00, real=0.07 secs] 
4616.993: [GC (Allocation Failure) [PSYoungGen: 454560K->144160K(521216K)] 858217K->653542K(1919488K), 0.0529077 secs] [Times: user=0.32 sys=0.00, real=0.06 secs] 
4618.994: [GC (Allocation Failure) [PSYoungGen: 490272K->108736K(521728K)] 999654K->753030K(1920000K), 0.1158365 secs] [Times: user=0.69 sys=0.01, real=0.11 secs] 
4620.568: [GC (Allocation Failure) [PSYoungGen: 454336K->143168K(521216K)] 1098630K->893146K(1919488K), 0.0534743 secs] [Times: user=0.32 sys=0.00, real=0.05 secs] 
4622.125: [GC (Allocation Failure) [PSYoungGen: 488768K->107488K(521728K)] 1238746K->991662K(1920000K), 0.0690925 secs] [Times: user=0.41 sys=0.00, real=0.07 secs] 
4623.258: [GC (GCLocker Initiated GC) [PSYoungGen: 453600K->141600K(521728K)] 1337775K->1130535K(1920000K), 0.0536709 secs] [Times: user=0.31 sys=0.00, real=0.05 secs] 
4624.739: [GC (GCLocker Initiated GC) [PSYoungGen: 487712K->110336K(520192K)] 1476649K->1231994K(1918464K), 0.0829897 secs] [Times: user=0.49 sys=0.00, real=0.08 secs] 
4626.212: [GC (Allocation Failure) [PSYoungGen: 456960K->141344K(521216K)] 1578624K->1370889K(1919488K), 0.0555106 secs] [Times: user=0.33 sys=0.01, real=0.06 secs] 
4627.951: [GC (Allocation Failure) [PSYoungGen: 487968K->112896K(520192K)] 1717513K->1473953K(1918464K), 0.0677295 secs] [Times: user=0.40 sys=0.00, real=0.07 secs] 
4628.019: [Full GC (Ergonomics) [PSYoungGen: 112896K->0K(520192K)] [ParOldGen: 1361057K->39922K(1398272K)] 1473953K->39922K(1918464K), [Metaspace: 60473K->60473K(1105920K)], 0.0750487 secs] [Times: user=0.28 sys=0.00, real=0.08 secs] 
4629.167: [GC (Allocation Failure) [PSYoungGen: 348672K->145728K(521728K)] 388594K->185650K(1920000K), 0.0286395 secs] [Times: user=0.16 sys=0.00, real=0.03 secs] 
4630.972: [GC (Allocation Failure) [PSYoungGen: 494400K->108672K(524288K)] 534322K->285086K(1922560K), 0.0776650 secs] [Times: user=0.46 sys=0.00, real=0.08 secs] 
4631.613: [GC (Allocation Failure) [PSYoungGen: 457856K->147840K(497152K)] 634270K->429315K(1895424K), 0.0525168 secs] [Times: user=0.31 sys=0.00, real=0.05 secs] 
4633.336: [GC (Allocation Failure) [PSYoungGen: 497024K->108000K(522752K)] 778499K->528395K(1921024K), 0.0911070 secs] [Times: user=0.54 sys=0.00, real=0.09 secs] 
4634.221: [GC (Allocation Failure) [PSYoungGen: 453088K->147584K(493056K)] 873483K->671764K(1891328K), 0.0521491 secs] [Times: user=0.31 sys=0.00, real=0.06 secs] 
4636.342: [GC (Allocation Failure) [PSYoungGen: 492672K->107648K(521216K)] 1016852K->770612K(1919488K), 0.0897949 secs] [Times: user=0.53 sys=0.00, real=0.09 secs] 
4636.998: [GC (Allocation Failure) [PSYoungGen: 449664K->144864K(519680K)] 1112628K->911449K(1917952K), 0.0515566 secs] [Times: user=0.30 sys=0.00, real=0.05 secs] 
4638.609: [GC (GCLocker Initiated GC) [PSYoungGen: 486880K->104992K(520192K)] 1253465K->1007177K(1918464K), 0.0922789 secs] [Times: user=0.55 sys=0.00, real=0.09 secs] 
4639.578: [GC (Allocation Failure) [PSYoungGen: 446496K->168576K(510464K)] 1348683K->1171648K(1908736K), 0.0517533 secs] [Times: user=0.30 sys=0.00, real=0.05 secs] 
4641.582: [GC (Allocation Failure) [PSYoungGen: 510080K->105952K(512000K)] 1513152K->1252376K(1910272K), 0.1121858 secs] [Times: user=0.67 sys=0.01, real=0.12 secs] 
4642.699: [GC (Allocation Failure) [PSYoungGen: 429536K->136928K(460800K)] 1575960K->1384981K(1859072K), 0.0510236 secs] [Times: user=0.30 sys=0.00, real=0.05 secs] 
4642.750: [Full GC (Ergonomics) [PSYoungGen: 136928K->0K(460800K)] [ParOldGen: 1248053K->180237K(1398272K)] 1384981K->180237K(1859072K), [Metaspace: 60475K->60475K(1105920K)], 0.4203334 secs] [Times: user=1.95 sys=0.00, real=0.42 secs] 
4644.745: [GC (Allocation Failure) [PSYoungGen: 323584K->101312K(508416K)] 503821K->281549K(1906688K), 0.0779990 secs] [Times: user=0.46 sys=0.00, real=0.08 secs] 
4646.266: [GC (Allocation Failure) [PSYoungGen: 425408K->132832K(507904K)] 605645K->411602K(1906176K), 0.0499983 secs] [Times: user=0.30 sys=0.00, real=0.05 secs] 
4647.684: [GC (GCLocker Initiated GC) [PSYoungGen: 456928K->103520K(512000K)] 735698K->505670K(1910272K), 0.0627920 secs] [Times: user=0.37 sys=0.00, real=0.06 secs] 
4648.805: [GC (Allocation Failure) [PSYoungGen: 435296K->130720K(510976K)] 837517K->634750K(1909248K), 0.0516731 secs] [Times: user=0.31 sys=0.00, real=0.05 secs] 
4650.237: [GC (Allocation Failure) [PSYoungGen: 462491K->114656K(516096K)] 966522K->739350K(1914368K), 0.0649653 secs] [Times: user=0.38 sys=0.00, real=0.06 secs] 
4652.232: [GC (Allocation Failure) [PSYoungGen: 457696K->127744K(515584K)] 1082390K->866654K(1913856K), 0.0546770 secs] [Times: user=0.32 sys=0.00, real=0.06 secs] 
4653.657: [GC (Allocation Failure) [PSYoungGen: 470784K->120960K(522752K)] 1209694K->976763K(1921024K), 0.0634344 secs] [Times: user=0.38 sys=0.00, real=0.06 secs] 
4655.483: [GC (Allocation Failure) [PSYoungGen: 477824K->134944K(522240K)] 1333627K->1111275K(1920512K), 0.0573891 secs] [Times: user=0.34 sys=0.00, real=0.06 secs] 
4656.955: [GC (Allocation Failure) [PSYoungGen: 491808K->5280K(500736K)] 1468139K->981643K(1899008K), 0.0050011 secs] [Times: user=0.03 sys=0.00, real=0.00 secs] 
4658.569: [GC (Allocation Failure) [PSYoungGen: 340640K->133376K(468992K)] 1317003K->1112736K(1867264K), 0.0285402 secs] [Times: user=0.16 sys=0.00, real=0.03 secs] 
4659.968: [GC (Allocation Failure) [PSYoungGen: 468736K->114080K(523264K)] 1448096K->1217272K(1921536K), 0.0636836 secs] [Times: user=0.38 sys=0.00, real=0.06 secs] 
4662.036: [GC (Allocation Failure) [PSYoungGen: 455072K->131488K(516608K)] 1558264K->1347028K(1914880K), 0.0550400 secs] [Times: user=0.33 sys=0.00, real=0.05 secs] 
4662.091: [Full GC (Ergonomics) [PSYoungGen: 131488K->0K(516608K)] [ParOldGen: 1215540K->146945K(1398272K)] 1347028K->146945K(1914880K), [Metaspace: 60476K->60476K(1105920K)], 0.3303590 secs] [Times: user=1.51 sys=0.00, real=0.33 secs] 
4663.759: [GC (Allocation Failure) [PSYoungGen: 340992K->117280K(517632K)] 487937K->264225K(1915904K), 0.0418123 secs] [Times: user=0.24 sys=0.00, real=0.04 secs] 
4665.169: [GC (Allocation Failure) [PSYoungGen: 463904K->130560K(516608K)] 610849K->393573K(1914880K), 0.0581097 secs] [Times: user=0.34 sys=0.01, real=0.06 secs] 
4666.600: [GC (Allocation Failure) [PSYoungGen: 477184K->2656K(500224K)] 740197K->265781K(1898496K), 0.0027078 secs] [Times: user=0.01 sys=0.00, real=0.00 secs] 
4667.479: [GC (Allocation Failure) [PSYoungGen: 332896K->129248K(459776K)] 596021K->394105K(1858048K), 0.0260958 secs] [Times: user=0.15 sys=0.00, real=0.03 secs] 
4669.134: [GC (Allocation Failure) [PSYoungGen: 459488K->117632K(518144K)] 724345K->502481K(1916416K), 0.0625544 secs] [Times: user=0.37 sys=0.00, real=0.06 secs] 
4670.529: [GC (Allocation Failure) [PSYoungGen: 450432K->123200K(456192K)] 835281K->625265K(1854464K), 0.0535182 secs] [Times: user=0.31 sys=0.00, real=0.05 secs] 
4671.939: [GC (Allocation Failure) [PSYoungGen: 456000K->125536K(513024K)] 958065K->740254K(1911296K), 0.0623064 secs] [Times: user=0.38 sys=0.00, real=0.06 secs] 
4672.864: [GC (Allocation Failure) [PSYoungGen: 459872K->115392K(511488K)] 1074590K->854862K(1909760K), 0.0553523 secs] [Times: user=0.33 sys=0.00, real=0.05 secs] 
4674.250: [GC (Allocation Failure) [PSYoungGen: 449728K->133504K(513536K)] 1189198K->977899K(1911808K), 0.0628537 secs] [Times: user=0.37 sys=0.00, real=0.06 secs] 
4675.878: [GC (Allocation Failure) [PSYoungGen: 475008K->110496K(515072K)] 1319403K->1087563K(1913344K), 0.0576176 secs] [Times: user=0.34 sys=0.00, real=0.06 secs] 
4677.311: [GC (Allocation Failure) [PSYoungGen: 452000K->138528K(518144K)] 1429067K->1214951K(1916416K), 0.0621950 secs] [Times: user=0.37 sys=0.00, real=0.06 secs] 
4679.346: [GC (Allocation Failure) [PSYoungGen: 488224K->111872K(521728K)] 1564647K->1326431K(1920000K), 0.0587812 secs] [Times: user=0.34 sys=0.00, real=0.06 secs] 
4679.405: [Full GC (Ergonomics) [PSYoungGen: 111872K->0K(521728K)] [ParOldGen: 1214559K->126389K(1398272K)] 1326431K->126389K(1920000K), [Metaspace: 60476K->60476K(1105920K)], 0.2853014 secs] [Times: user=1.29 sys=0.01, real=0.28 secs] 
4681.038: [GC (Allocation Failure) [PSYoungGen: 349696K->136000K(523776K)] 476085K->262389K(1922048K), 0.0504461 secs] [Times: user=0.28 sys=0.00, real=0.05 secs] 
4682.442: [GC (Allocation Failure) [PSYoungGen: 492352K->128608K(525824K)] 618741K->391045K(1924096K), 0.0692108 secs] [Times: user=0.41 sys=0.00, real=0.07 secs] 
4683.898: [GC (Allocation Failure) [PSYoungGen: 484960K->128960K(525312K)] 747397K->500598K(1923584K), 0.0619595 secs] [Times: user=0.36 sys=0.00, real=0.06 secs] 
4685.510: [GC (Allocation Failure) [PSYoungGen: 489920K->135392K(527872K)] 861558K->635554K(1926144K), 0.0578617 secs] [Times: user=0.35 sys=0.00, real=0.06 secs] 
4686.970: [GC (Allocation Failure) [PSYoungGen: 496352K->6848K(501248K)] 996514K->507042K(1899520K), 0.0043385 secs] [Times: user=0.02 sys=0.00, real=0.01 secs] 
4687.875: [GC (Allocation Failure) [PSYoungGen: 340160K->133824K(467456K)] 840354K->639159K(1865728K), 0.0284002 secs] [Times: user=0.16 sys=0.00, real=0.03 secs] 
4689.272: [GC (Allocation Failure) [PSYoungGen: 467136K->112064K(521728K)] 972471K->741827K(1920000K), 0.0642591 secs] [Times: user=0.38 sys=0.01, real=0.07 secs] 
4690.940: [GC (Allocation Failure) [PSYoungGen: 449472K->129696K(514560K)] 1079235K->869776K(1912832K), 0.0529523 secs] [Times: user=0.31 sys=0.00, real=0.05 secs] 
4692.368: [GC (Allocation Failure) [PSYoungGen: 467104K->117792K(516608K)] 1207184K->977928K(1914880K), 0.0633551 secs] [Times: user=0.37 sys=0.00, real=0.06 secs] 
4694.507: [GC (Allocation Failure) [PSYoungGen: 460320K->127552K(514560K)] 1320456K->1105040K(1912832K), 0.0546360 secs] [Times: user=0.32 sys=0.00, real=0.05 secs] 
4695.976: [GC (Allocation Failure) [PSYoungGen: 470080K->120640K(521216K)] 1447568K->1215173K(1919488K), 0.0636969 secs] [Times: user=0.38 sys=0.00, real=0.06 secs] 
4697.374: [GC (Allocation Failure) [PSYoungGen: 475968K->132544K(522752K)] 1570501K->1347693K(1921024K), 0.0565993 secs] [Times: user=0.34 sys=0.00, real=0.05 secs] 
4697.431: [Full GC (Ergonomics) [PSYoungGen: 132544K->0K(522752K)] [ParOldGen: 1215149K->147049K(1398272K)] 1347693K->147049K(1921024K), [Metaspace: 60476K->60476K(1105920K)], 0.3401305 secs] [Times: user=1.56 sys=0.01, real=0.34 secs] 
4699.106: [GC (Allocation Failure) [PSYoungGen: 355328K->117952K(522240K)] 502377K->265001K(1920512K), 0.0420714 secs] [Times: user=0.24 sys=0.00, real=0.04 secs] 
4701.405: [GC (Allocation Failure) [PSYoungGen: 480960K->139584K(526336K)] 628009K->403021K(1924608K), 0.0585340 secs] [Times: user=0.35 sys=0.00, real=0.06 secs] 
4703.040: [GC (Allocation Failure) [PSYoungGen: 502592K->12800K(504320K)] 766029K->276325K(1902592K), 0.0062191 secs] [Times: user=0.03 sys=0.00, real=0.01 secs] 
4704.651: [GC (Allocation Failure) [PSYoungGen: 350208K->136000K(473600K)] 613733K->409674K(1871872K), 0.0302937 secs] [Times: user=0.17 sys=0.00, real=0.03 secs] 
4706.024: [GC (Allocation Failure) [PSYoungGen: 473408K->109536K(522240K)] 747082K->509946K(1920512K), 0.0740044 secs] [Times: user=0.44 sys=0.00, real=0.07 secs] 
4706.807: [GC (Allocation Failure) [PSYoungGen: 448480K->139200K(515584K)] 848890K->646975K(1913856K), 0.0526134 secs] [Times: user=0.31 sys=0.00, real=0.05 secs] 
4708.382: [GC (Allocation Failure) [PSYoungGen: 478144K->109088K(514560K)] 985919K->746583K(1912832K), 0.0869738 secs] [Times: user=0.52 sys=0.00, real=0.09 secs] 
4709.752: [GC (Allocation Failure) [PSYoungGen: 451104K->139264K(516608K)] 1088599K->883892K(1914880K), 0.0533313 secs] [Times: user=0.31 sys=0.00, real=0.06 secs] 
4711.328: [GC (Allocation Failure) [PSYoungGen: 481280K->112096K(516608K)] 1225908K->986404K(1914880K), 0.0744464 secs] [Times: user=0.44 sys=0.00, real=0.07 secs] 
4712.666: [GC (Allocation Failure) [PSYoungGen: 458208K->145504K(518656K)] 1332516K->1129905K(1916928K), 0.0546424 secs] [Times: user=0.31 sys=0.00, real=0.05 secs] 
4714.086: [GC (Allocation Failure) [PSYoungGen: 491616K->114816K(521216K)] 1476017K->1226405K(1919488K), 0.0652444 secs] [Times: user=0.38 sys=0.01, real=0.06 secs] 
4715.033: [GC (Allocation Failure) [PSYoungGen: 463488K->143392K(521216K)] 1575077K->1367802K(1919488K), 0.0556741 secs] [Times: user=0.33 sys=0.00, real=0.05 secs] 
4715.089: [Full GC (Ergonomics) [PSYoungGen: 143392K->0K(521216K)] [ParOldGen: 1224410K->165014K(1398272K)] 1367802K->165014K(1919488K), [Metaspace: 60476K->60476K(1105920K)], 0.3801647 secs] [Times: user=1.75 sys=0.00, real=0.38 secs] 
4717.002: [GC (Allocation Failure) [PSYoungGen: 348672K->112064K(522240K)] 513686K->277078K(1920512K), 0.0869066 secs] [Times: user=0.52 sys=0.00, real=0.09 secs] 
4718.327: [GC (Allocation Failure) [PSYoungGen: 461760K->144096K(522240K)] 626774K->418691K(1920512K), 0.0552796 secs] [Times: user=0.32 sys=0.00, real=0.05 secs] 
4720.035: [GC (Allocation Failure) [PSYoungGen: 493792K->109888K(523264K)] 768387K->519383K(1921536K), 0.1054395 secs] [Times: user=0.62 sys=0.00, real=0.10 secs] 
4721.330: [GC (Allocation Failure) [PSYoungGen: 459584K->153760K(503808K)] 869079K->670016K(1902080K), 0.0535567 secs] [Times: user=0.32 sys=0.00, real=0.06 secs] 
4723.256: [GC (Allocation Failure) [PSYoungGen: 503456K->110304K(522240K)] 1019712K->762976K(1920512K), 0.0672922 secs] [Times: user=0.40 sys=0.00, real=0.07 secs] 
4724.098: [GC (Allocation Failure) [PSYoungGen: 452832K->143360K(519168K)] 1105504K->903213K(1917440K), 0.0541187 secs] [Times: user=0.32 sys=0.00, real=0.05 secs] 
4726.337: [GC (Allocation Failure) [PSYoungGen: 485888K->107296K(520192K)] 1245741K->1001173K(1918464K), 0.1693068 secs] [Times: user=1.00 sys=0.01, real=0.17 secs] 
4727.418: [GC (Allocation Failure) [PSYoungGen: 450848K->143040K(520192K)] 1344725K->1141510K(1918464K), 0.0530868 secs] [Times: user=0.32 sys=0.00, real=0.05 secs] 
4729.018: [GC (Allocation Failure) [PSYoungGen: 486592K->106464K(520192K)] 1485062K->1238742K(1918464K), 0.0652292 secs] [Times: user=0.39 sys=0.00, real=0.07 secs] 
4729.863: [GC (Allocation Failure) [PSYoungGen: 450016K->142880K(520192K)] 1582294K->1379171K(1918464K), 0.0538177 secs] [Times: user=0.31 sys=0.00, real=0.06 secs] 
4729.917: [Full GC (Ergonomics) [PSYoungGen: 142880K->0K(520192K)] [ParOldGen: 1236291K->178062K(1398272K)] 1379171K->178062K(1918464K), [Metaspace: 60476K->60476K(1105920K)], 0.4156960 secs] [Times: user=1.92 sys=0.00, real=0.41 secs] 
4731.814: [GC (Allocation Failure) [PSYoungGen: 343552K->108160K(519680K)] 521614K->286222K(1917952K), 0.0558126 secs] [Times: user=0.33 sys=0.00, real=0.05 secs] 
4733.153: [GC (Allocation Failure) [PSYoungGen: 452224K->142720K(520192K)] 630286K->426371K(1918464K), 0.0529528 secs] [Times: user=0.32 sys=0.00, real=0.06 secs] 
4735.162: [GC (Allocation Failure) [PSYoungGen: 486784K->108064K(520192K)] 770435K->525483K(1918464K), 0.0883921 secs] [Times: user=0.52 sys=0.00, real=0.09 secs] 
4736.156: [GC (GCLocker Initiated GC) [PSYoungGen: 453152K->143840K(520704K)] 870573K->666442K(1918976K), 0.0525942 secs] [Times: user=0.31 sys=0.00, real=0.05 secs] 
4737.894: [GC (GCLocker Initiated GC) [PSYoungGen: 488928K->105664K(521728K)] 1011534K->762774K(1920000K), 0.1193166 secs] [Times: user=0.71 sys=0.00, real=0.12 secs] 
4738.769: [GC (Allocation Failure) [PSYoungGen: 450752K->144288K(489472K)] 1107865K->904202K(1887744K), 0.0522566 secs] [Times: user=0.31 sys=0.01, real=0.05 secs] 
4740.965: [GC (GCLocker Initiated GC) [PSYoungGen: 489376K->105792K(522240K)] 1249291K->1000787K(1920512K), 0.1364951 secs] [Times: user=0.81 sys=0.00, real=0.13 secs] 
4742.104: [GC (Allocation Failure) [PSYoungGen: 449344K->144384K(488448K)] 1344407K->1142472K(1886720K), 0.0518917 secs] [Times: user=0.31 sys=0.00, real=0.05 secs] 
4744.719: [GC (Allocation Failure) [PSYoungGen: 487936K->106016K(521728K)] 1486024K->1240032K(1920000K), 0.1170756 secs] [Times: user=0.69 sys=0.01, real=0.12 secs] 
4745.883: [GC (Allocation Failure) [PSYoungGen: 448544K->142592K(519680K)] 1582560K->1379216K(1917952K), 0.0523044 secs] [Times: user=0.30 sys=0.00, real=0.05 secs] 
4745.936: [Full GC (Ergonomics) [PSYoungGen: 142592K->0K(519680K)] [ParOldGen: 1236624K->178673K(1398272K)] 1379216K->178673K(1917952K), [Metaspace: 60477K->60477K(1105920K)], 0.4056262 secs] [Times: user=1.86 sys=0.00, real=0.40 secs] 
4747.951: [GC (Allocation Failure) [PSYoungGen: 342528K->105248K(520192K)] 521201K->283921K(1918464K), 0.0717672 secs] [Times: user=0.42 sys=0.01, real=0.07 secs] 
4749.252: [GC (Allocation Failure) [PSYoungGen: 448288K->143360K(520192K)] 626961K->423742K(1918464K), 0.0521528 secs] [Times: user=0.30 sys=0.00, real=0.06 secs] 
4750.968: [GC (GCLocker Initiated GC) [PSYoungGen: 486400K->109024K(519168K)] 766783K->523411K(1917440K), 0.0868277 secs] [Times: user=0.52 sys=0.00, real=0.09 secs] 
4752.001: [GC (Allocation Failure) [PSYoungGen: 452064K->143584K(519680K)] 866454K->664147K(1917952K), 0.0528500 secs] [Times: user=0.31 sys=0.00, real=0.06 secs] 
4753.633: [GC (Allocation Failure) [PSYoungGen: 486624K->107008K(520192K)] 1007187K->761727K(1918464K), 0.0720230 secs] [Times: user=0.42 sys=0.00, real=0.08 secs] 
4754.449: [GC (Allocation Failure) [PSYoungGen: 450560K->143616K(520192K)] 1105279K->902475K(1918464K), 0.0528533 secs] [Times: user=0.31 sys=0.00, real=0.05 secs] 
4756.304: [GC (Allocation Failure) [PSYoungGen: 487168K->106784K(520192K)] 1246027K->1000152K(1918464K), 0.0877733 secs] [Times: user=0.52 sys=0.00, real=0.08 secs] 
4757.722: [GC (Allocation Failure) [PSYoungGen: 450336K->140960K(520192K)] 1343704K->1138380K(1918464K), 0.0532765 secs] [Times: user=0.31 sys=0.00, real=0.06 secs] 
4759.579: [GC (Allocation Failure) [PSYoungGen: 484512K->110560K(518144K)] 1481932K->1239700K(1916416K), 0.0910750 secs] [Times: user=0.54 sys=0.01, real=0.09 secs] 
4760.902: [GC (Allocation Failure) [PSYoungGen: 455136K->144000K(519680K)] 1584276K->1380277K(1917952K), 0.0542185 secs] [Times: user=0.31 sys=0.01, real=0.06 secs] 
4760.956: [Full GC (Ergonomics) [PSYoungGen: 144000K->0K(519680K)] [ParOldGen: 1236277K->178304K(1398272K)] 1380277K->178304K(1917952K), [Metaspace: 60477K->60477K(1105920K)], 0.4141287 secs] [Times: user=1.92 sys=0.00, real=0.41 secs] 
4762.735: [GC (Allocation Failure) [PSYoungGen: 344576K->106080K(522240K)] 522880K->284384K(1920512K), 0.0508323 secs] [Times: user=0.30 sys=0.01, real=0.05 secs] 
4763.871: [GC (Allocation Failure) [PSYoungGen: 452192K->144192K(490496K)] 630496K->425624K(1888768K), 0.0524812 secs] [Times: user=0.31 sys=0.00, real=0.06 secs] 
4766.379: [GC (GCLocker Initiated GC) [PSYoungGen: 490304K->107136K(522752K)] 771736K->523740K(1921024K), 0.1202682 secs] [Times: user=0.71 sys=0.01, real=0.12 secs] 
4767.897: [GC (Allocation Failure) [PSYoungGen: 452224K->142336K(521216K)] 868830K->663310K(1919488K), 0.0527922 secs] [Times: user=0.31 sys=0.00, real=0.05 secs] 
4769.859: [GC (Allocation Failure) [PSYoungGen: 487424K->110144K(519168K)] 1008398K->763806K(1917440K), 0.0997207 secs] [Times: user=0.59 sys=0.00, real=0.10 secs] 
4771.255: [GC (Allocation Failure) [PSYoungGen: 455232K->142048K(520192K)] 1108894K->902767K(1918464K), 0.0532728 secs] [Times: user=0.32 sys=0.00, real=0.05 secs] 
4773.060: [GC (Allocation Failure) [PSYoungGen: 487136K->108928K(521216K)] 1247855K->1002575K(1919488K), 0.0934673 secs] [Times: user=0.55 sys=0.00, real=0.10 secs] 
4774.151: [GC (Allocation Failure) [PSYoungGen: 456064K->145248K(521728K)] 1349711K->1144568K(1920000K), 0.0531584 secs] [Times: user=0.31 sys=0.00, real=0.06 secs] 
4776.217: [GC (GCLocker Initiated GC) [PSYoungGen: 492384K->110112K(522240K)] 1491704K->1245468K(1920512K), 0.1229173 secs] [Times: user=0.73 sys=0.00, real=0.12 secs] 
4777.710: [GC (Allocation Failure) [PSYoungGen: 456736K->144544K(521728K)] 1592095K->1386060K(1920000K), 0.0543771 secs] [Times: user=0.32 sys=0.01, real=0.06 secs] 
4777.765: [Full GC (Ergonomics) [PSYoungGen: 144544K->0K(521728K)] [ParOldGen: 1241516K->182357K(1398272K)] 1386060K->182357K(1920000K), [Metaspace: 60480K->60480K(1105920K)], 0.4289101 secs] [Times: user=1.99 sys=0.00, real=0.43 secs] 
4779.553: [GC (Allocation Failure) [PSYoungGen: 346624K->109472K(521728K)] 528981K->291829K(1920000K), 0.0487981 secs] [Times: user=0.28 sys=0.00, real=0.05 secs] 
4780.562: [GC (Allocation Failure) [PSYoungGen: 456096K->145440K(492544K)] 638453K->432650K(1890816K), 0.0525536 secs] [Times: user=0.31 sys=0.00, real=0.06 secs] 
4782.223: [GC (Allocation Failure) [PSYoungGen: 492064K->109760K(523264K)] 779274K->533278K(1921536K), 0.0663568 secs] [Times: user=0.39 sys=0.01, real=0.06 secs] 
4783.420: [GC (Allocation Failure) [PSYoungGen: 455360K->143392K(521216K)] 878878K->672507K(1919488K), 0.0536744 secs] [Times: user=0.32 sys=0.00, real=0.06 secs] 
4785.707: [GC (Allocation Failure) [PSYoungGen: 488992K->109056K(521728K)] 1018107K->771931K(1920000K), 0.1327696 secs] [Times: user=0.79 sys=0.01, real=0.13 secs] 
4786.873: [GC (Allocation Failure) [PSYoungGen: 455168K->153440K(499712K)] 1118043K->921356K(1897984K), 0.0542553 secs] [Times: user=0.32 sys=0.00, real=0.06 secs] 
4788.509: [GC (Allocation Failure) [PSYoungGen: 499552K->108768K(520192K)] 1267468K->1012580K(1918464K), 0.0689989 secs] [Times: user=0.41 sys=0.00, real=0.07 secs] 
4789.676: [GC (Allocation Failure) [PSYoungGen: 448224K->142176K(518144K)] 1352036K->1150521K(1916416K), 0.0532923 secs] [Times: user=0.32 sys=0.01, real=0.05 secs] 
4791.425: [GC (Allocation Failure) [PSYoungGen: 481632K->107200K(517120K)] 1489977K->1248417K(1915392K), 0.0739066 secs] [Times: user=0.43 sys=0.00, real=0.07 secs] 
4792.110: [GC (Allocation Failure) [PSYoungGen: 447680K->144384K(518144K)] 1588897K->1389168K(1916416K), 0.0535287 secs] [Times: user=0.31 sys=0.00, real=0.06 secs] 
4792.164: [Full GC (Ergonomics) [PSYoungGen: 144384K->0K(518144K)] [ParOldGen: 1244784K->187546K(1398272K)] 1389168K->187546K(1916416K), [Metaspace: 60480K->60480K(1105920K)], 0.4294258 secs] [Times: user=1.97 sys=0.00, real=0.42 secs] 
4794.454: [GC (Allocation Failure) [PSYoungGen: 340480K->104640K(519680K)] 528026K->292186K(1917952K), 0.0397089 secs] [Times: user=0.23 sys=0.00, real=0.04 secs] 
4795.552: [GC (Allocation Failure) [PSYoungGen: 445632K->143168K(519168K)] 633178K->431179K(1917440K), 0.0506556 secs] [Times: user=0.29 sys=0.00, real=0.05 secs] 
4797.278: [GC (Allocation Failure) [PSYoungGen: 484160K->107744K(518144K)] 772171K->529615K(1916416K), 0.1173319 secs] [Times: user=0.69 sys=0.01, real=0.12 secs] 
4798.769: [GC (Allocation Failure) [PSYoungGen: 448736K->141216K(518656K)] 870607K->666544K(1916928K), 0.0513373 secs] [Times: user=0.30 sys=0.00, real=0.05 secs] 
4800.463: [GC (Allocation Failure) [PSYoungGen: 482208K->111872K(516608K)] 1007536K->768828K(1914880K), 0.0677301 secs] [Times: user=0.40 sys=0.00, real=0.07 secs] 
4801.352: [GC (Allocation Failure) [PSYoungGen: 454912K->145408K(518656K)] 1111868K->908297K(1916928K), 0.0530545 secs] [Times: user=0.31 sys=0.00, real=0.06 secs] 
4803.094: [GC (Allocation Failure) [PSYoungGen: 488448K->106944K(521728K)] 1251337K->1006057K(1920000K), 0.0716912 secs] [Times: user=0.42 sys=0.01, real=0.07 secs] 
4803.985: [GC (Allocation Failure) [PSYoungGen: 451008K->146912K(491008K)] 1350121K->1149101K(1889280K), 0.0537218 secs] [Times: user=0.31 sys=0.01, real=0.05 secs] 
4806.040: [GC (Allocation Failure) [PSYoungGen: 490976K->106336K(520704K)] 1493165K->1246845K(1918976K), 0.1087777 secs] [Times: user=0.65 sys=0.00, real=0.11 secs] 
4807.275: [GC (GCLocker Initiated GC) [PSYoungGen: 447328K->142304K(519168K)] 1587838K->1385399K(1917440K), 0.0529517 secs] [Times: user=0.32 sys=0.00, real=0.05 secs] 
4807.328: [Full GC (Ergonomics) [PSYoungGen: 142304K->0K(519168K)] [ParOldGen: 1243095K->182732K(1398272K)] 1385399K->182732K(1917440K), [Metaspace: 60480K->60480K(1105920K)], 0.4264962 secs] [Times: user=1.96 sys=0.01, real=0.43 secs] 
4809.836: [GC (Allocation Failure) [PSYoungGen: 340992K->104384K(518656K)] 525779K->289171K(1916928K), 0.0880117 secs] [Times: user=0.52 sys=0.01, real=0.09 secs] 
4811.236: [GC (Allocation Failure) [PSYoungGen: 445888K->152992K(494592K)] 630675K->440159K(1892864K), 0.0510551 secs] [Times: user=0.30 sys=0.00, real=0.05 secs] 
4813.086: [GC (Allocation Failure) [PSYoungGen: 494496K->103456K(517632K)] 781663K->526535K(1915904K), 0.1157027 secs] [Times: user=0.68 sys=0.00, real=0.11 secs] 
4814.649: [GC (Allocation Failure) [PSYoungGen: 438304K->137504K(472576K)] 861383K->660708K(1870848K), 0.0508723 secs] [Times: user=0.30 sys=0.00, real=0.05 secs] 
4816.507: [GC (Allocation Failure) [PSYoungGen: 472352K->105184K(516608K)] 995556K->756556K(1914880K), 0.1233735 secs] [Times: user=0.74 sys=0.00, real=0.12 secs] 
4818.710: [GC (Allocation Failure) [PSYoungGen: 441568K->137216K(515072K)] 1092940K->890937K(1913344K), 0.0516248 secs] [Times: user=0.30 sys=0.01, real=0.05 secs] 
4820.128: [GC (Allocation Failure) [PSYoungGen: 473600K->106336K(518144K)] 1227321K->987777K(1916416K), 0.0665896 secs] [Times: user=0.40 sys=0.00, real=0.07 secs] 
4821.068: [GC (Allocation Failure) [PSYoungGen: 448352K->141952K(518144K)] 1329793K->1127970K(1916416K), 0.0533576 secs] [Times: user=0.31 sys=0.00, real=0.05 secs] 
4822.829: [GC (Allocation Failure) [PSYoungGen: 483968K->107392K(520192K)] 1469986K->1226770K(1918464K), 0.0807282 secs] [Times: user=0.48 sys=0.00, real=0.08 secs] 
4824.596: [GC (Allocation Failure) [PSYoungGen: 452480K->141280K(520704K)] 1571858K->1365559K(1918976K), 0.0534569 secs] [Times: user=0.31 sys=0.01, real=0.05 secs] 
4826.172: [GC (GCLocker Initiated GC) [PSYoungGen: 486368K->111968K(519168K)] 1710647K->1468067K(1917440K), 0.0931390 secs] [Times: user=0.55 sys=0.00, real=0.10 secs] 
4826.265: [Full GC (Ergonomics) [PSYoungGen: 111968K->0K(519168K)] [ParOldGen: 1356099K->27771K(1398272K)] 1468067K->27771K(1917440K), [Metaspace: 60480K->60480K(1105920K)], 0.0497835 secs] [Times: user=0.17 sys=0.00, real=0.05 secs] 
4828.253: [GC (Allocation Failure) [PSYoungGen: 346624K->140736K(520704K)] 374398K->168510K(1918976K), 0.0280342 secs] [Times: user=0.17 sys=0.00, real=0.03 secs] 
4829.680: [GC (GCLocker Initiated GC) [PSYoungGen: 487360K->108416K(521728K)] 515134K->267614K(1920000K), 0.0639760 secs] [Times: user=0.38 sys=0.01, real=0.07 secs] 
4830.892: [GC (Allocation Failure) [PSYoungGen: 458112K->144128K(522752K)] 617381K->409642K(1921024K), 0.0527589 secs] [Times: user=0.31 sys=0.00, real=0.06 secs] 
4832.465: [GC (Allocation Failure) [PSYoungGen: 493824K->111200K(523776K)] 759338K->511298K(1922048K), 0.0799442 secs] [Times: user=0.47 sys=0.00, real=0.08 secs] 
4833.865: [GC (GCLocker Initiated GC) [PSYoungGen: 460896K->143200K(523264K)] 860994K->651767K(1921536K), 0.0534407 secs] [Times: user=0.31 sys=0.00, real=0.05 secs] 
4835.647: [GC (GCLocker Initiated GC) [PSYoungGen: 492896K->111072K(522240K)] 1001465K->753321K(1920512K), 0.0672465 secs] [Times: user=0.40 sys=0.01, real=0.07 secs] 
4836.630: [GC (Allocation Failure) [PSYoungGen: 460768K->146208K(522752K)] 1103088K->896244K(1921024K), 0.0541032 secs] [Times: user=0.32 sys=0.01, real=0.06 secs] 
4838.226: [GC (Allocation Failure) [PSYoungGen: 495904K->110336K(523776K)] 1245940K->997293K(1922048K), 0.0887640 secs] [Times: user=0.53 sys=0.01, real=0.09 secs] 
4839.209: [GC (Allocation Failure) [PSYoungGen: 459008K->145920K(495104K)] 1345965K->1139785K(1893376K), 0.0534426 secs] [Times: user=0.32 sys=0.00, real=0.05 secs] 
4841.103: [GC (Allocation Failure) [PSYoungGen: 494592K->109792K(523776K)] 1488457K->1240225K(1922048K), 0.0820560 secs] [Times: user=0.48 sys=0.01, real=0.09 secs] 
4842.231: [GC (GCLocker Initiated GC) [PSYoungGen: 456416K->146112K(493056K)] 1586849K->1381902K(1891328K), 0.0531899 secs] [Times: user=0.32 sys=0.00, real=0.06 secs] 
4842.284: [Full GC (Ergonomics) [PSYoungGen: 146112K->0K(493056K)] [ParOldGen: 1235790K->186634K(1398272K)] 1381902K->186634K(1891328K), [Metaspace: 60480K->60480K(1105920K)], 0.4352486 secs] [Times: user=2.01 sys=0.00, real=0.43 secs] 
4844.890: [GC (GCLocker Initiated GC) [PSYoungGen: 346624K->106016K(522752K)] 533263K->292655K(1921024K), 0.0880650 secs] [Times: user=0.52 sys=0.00, real=0.09 secs] 
4845.976: [GC (GCLocker Initiated GC) [PSYoungGen: 451104K->144096K(489472K)] 637747K->432864K(1887744K), 0.0506372 secs] [Times: user=0.30 sys=0.00, real=0.05 secs] 
4848.055: [GC (Allocation Failure) [PSYoungGen: 489184K->107936K(522240K)] 777954K->531962K(1920512K), 0.1227250 secs] [Times: user=0.73 sys=0.01, real=0.12 secs] 
4849.105: [GC (Allocation Failure) [PSYoungGen: 452000K->145376K(489472K)] 876026K->673359K(1887744K), 0.0521966 secs] [Times: user=0.30 sys=0.00, real=0.05 secs] 
4851.439: [GC (Allocation Failure) [PSYoungGen: 489440K->107392K(521728K)] 1017423K->771587K(1920000K), 0.1209291 secs] [Times: user=0.71 sys=0.00, real=0.12 secs] 
4852.775: [GC (Allocation Failure) [PSYoungGen: 450432K->143872K(520192K)] 1114627K->911192K(1918464K), 0.0520600 secs] [Times: user=0.31 sys=0.00, real=0.05 secs] 
4854.504: [GC (Allocation Failure) [PSYoungGen: 486912K->108896K(519168K)] 1254232K->1010536K(1917440K), 0.0649756 secs] [Times: user=0.39 sys=0.00, real=0.06 secs] 
4855.541: [GC (Allocation Failure) [PSYoungGen: 451936K->144864K(519680K)] 1353576K->1151125K(1917952K), 0.0535985 secs] [Times: user=0.32 sys=0.00, real=0.06 secs] 
4857.492: [GC (Allocation Failure) [PSYoungGen: 487904K->106848K(520704K)] 1494165K->1248669K(1918976K), 0.0793126 secs] [Times: user=0.47 sys=0.00, real=0.08 secs] 
4858.773: [GC (Allocation Failure) [PSYoungGen: 449888K->143136K(520192K)] 1591709K->1387826K(1918464K), 0.0527100 secs] [Times: user=0.30 sys=0.00, real=0.05 secs] 
4858.826: [Full GC (Ergonomics) [PSYoungGen: 143136K->0K(520192K)] [ParOldGen: 1244690K->186456K(1398272K)] 1387826K->186456K(1918464K), [Metaspace: 60480K->60480K(1105920K)], 0.4201563 secs] [Times: user=1.93 sys=0.00, real=0.42 secs] 
4861.159: [GC (Allocation Failure) [PSYoungGen: 343040K->108096K(519168K)] 529496K->294552K(1917440K), 0.0482657 secs] [Times: user=0.28 sys=0.00, real=0.05 secs] 
4862.057: [GC (Allocation Failure) [PSYoungGen: 451136K->142560K(519680K)] 637592K->433348K(1917952K), 0.0520521 secs] [Times: user=0.31 sys=0.00, real=0.05 secs] 
4863.507: [GC (Allocation Failure) [PSYoungGen: 485600K->112256K(518656K)] 776388K->536273K(1916928K), 0.0636451 secs] [Times: user=0.37 sys=0.00, real=0.06 secs] 
4864.310: [GC (Allocation Failure) [PSYoungGen: 456320K->145728K(519680K)] 880337K->675817K(1917952K), 0.0527521 secs] [Times: user=0.31 sys=0.00, real=0.05 secs] 
4866.532: [GC (Allocation Failure) [PSYoungGen: 489792K->107616K(521216K)] 1019881K->774241K(1919488K), 0.1317193 secs] [Times: user=0.78 sys=0.01, real=0.14 secs] 
4867.780: [GC (Allocation Failure) [PSYoungGen: 452192K->145856K(490496K)] 1118817K->915726K(1888768K), 0.0522934 secs] [Times: user=0.30 sys=0.00, real=0.05 secs] 
4870.067: [GC (Allocation Failure) [PSYoungGen: 490432K->107360K(521728K)] 1260302K->1013910K(1920000K), 0.1171616 secs] [Times: user=0.69 sys=0.00, real=0.12 secs] 
4870.935: [GC (Allocation Failure) [PSYoungGen: 450400K->145536K(488960K)] 1356950K->1154959K(1887232K), 0.0518207 secs] [Times: user=0.31 sys=0.00, real=0.05 secs] 
4873.324: [GC (Allocation Failure) [PSYoungGen: 488576K->105344K(520704K)] 1497999K->1251511K(1918976K), 0.1040927 secs] [Times: user=0.61 sys=0.01, real=0.10 secs] 
4874.730: [GC (Allocation Failure) [PSYoungGen: 446848K->143520K(485376K)] 1593015K->1391188K(1883648K), 0.0521067 secs] [Times: user=0.30 sys=0.00, real=0.05 secs] 
4874.782: [Full GC (Ergonomics) [PSYoungGen: 143520K->0K(485376K)] [ParOldGen: 1247668K->189838K(1398272K)] 1391188K->189838K(1883648K), [Metaspace: 60480K->60480K(1105920K)], 0.4489229 secs] [Times: user=2.08 sys=0.00, real=0.45 secs] 
4877.448: [GC (Allocation Failure) [PSYoungGen: 341504K->106400K(521216K)] 531342K->296238K(1919488K), 0.0689074 secs] [Times: user=0.41 sys=0.00, real=0.07 secs] 
4878.672: [GC (Allocation Failure) [PSYoungGen: 447904K->144160K(519168K)] 637742K->434071K(1917440K), 0.0502933 secs] [Times: user=0.30 sys=0.00, real=0.05 secs] 
4880.118: [GC (GCLocker Initiated GC) [PSYoungGen: 485664K->107456K(519168K)] 775585K->532505K(1917440K), 0.0660768 secs] [Times: user=0.39 sys=0.00, real=0.07 secs] 
4881.491: [GC (Allocation Failure) [PSYoungGen: 448960K->143200K(519168K)] 874012K->671161K(1917440K), 0.0516031 secs] [Times: user=0.30 sys=0.00, real=0.05 secs] 
4883.588: [GC (GCLocker Initiated GC) [PSYoungGen: 484704K->105440K(519680K)] 1012665K->767217K(1917952K), 0.1233711 secs] [Times: user=0.73 sys=0.00, real=0.12 secs] 
4885.156: [GC (Allocation Failure) [PSYoungGen: 447456K->143264K(519680K)] 1109236K->906353K(1917952K), 0.0515200 secs] [Times: user=0.30 sys=0.00, real=0.05 secs] 
4886.957: [GC (GCLocker Initiated GC) [PSYoungGen: 485280K->106560K(518656K)] 1248369K->1003745K(1916928K), 0.0901895 secs] [Times: user=0.53 sys=0.00, real=0.09 secs] 
4887.956: [GC (Allocation Failure) [PSYoungGen: 448576K->142784K(519168K)] 1345800K->1142416K(1917440K), 0.0530674 secs] [Times: user=0.31 sys=0.00, real=0.05 secs] 
4889.613: [GC (Allocation Failure) [PSYoungGen: 484800K->108800K(519168K)] 1484432K->1241968K(1917440K), 0.1213003 secs] [Times: user=0.72 sys=0.00, real=0.13 secs] 
4890.904: [GC (Allocation Failure) [PSYoungGen: 451840K->143104K(519680K)] 1585008K->1381053K(1917952K), 0.0539353 secs] [Times: user=0.32 sys=0.01, real=0.05 secs] 
4890.958: [Full GC (Ergonomics) [PSYoungGen: 143104K->0K(519680K)] [ParOldGen: 1237949K->180581K(1398272K)] 1381053K->180581K(1917952K), [Metaspace: 60480K->60480K(1105920K)], 0.4220190 secs] [Times: user=1.95 sys=0.00, real=0.42 secs] 
4893.284: [GC (Allocation Failure) [PSYoungGen: 343040K->107104K(520704K)] 523621K->287685K(1918976K), 0.0681213 secs] [Times: user=0.40 sys=0.00, real=0.06 secs] 
4894.767: [GC (Allocation Failure) [PSYoungGen: 451168K->141088K(520704K)] 631749K->426126K(1918976K), 0.0525681 secs] [Times: user=0.31 sys=0.00, real=0.05 secs] 
4896.522: [GC (GCLocker Initiated GC) [PSYoungGen: 485152K->108992K(518656K)] 770191K->525440K(1916928K), 0.1155079 secs] [Times: user=0.69 sys=0.00, real=0.12 secs] 
4897.583: [GC (Allocation Failure) [PSYoungGen: 454080K->144320K(520192K)] 870531K->666603K(1918464K), 0.0529300 secs] [Times: user=0.32 sys=0.00, real=0.05 secs] 
4899.486: [GC (Allocation Failure) [PSYoungGen: 489408K->106528K(521728K)] 1011691K->763851K(1920000K), 0.1043464 secs] [Times: user=0.62 sys=0.00, real=0.10 secs] 
4900.748: [GC (Allocation Failure) [PSYoungGen: 452128K->150624K(496640K)] 1109451K->911608K(1894912K), 0.0526907 secs] [Times: user=0.31 sys=0.00, real=0.05 secs] 
4902.696: [GC (Allocation Failure) [PSYoungGen: 496224K->110304K(520704K)] 1257208K->1004328K(1918976K), 0.1123945 secs] [Times: user=0.66 sys=0.00, real=0.11 secs] 
4904.182: [GC (Allocation Failure) [PSYoungGen: 450784K->141504K(518656K)] 1344808K->1141477K(1916928K), 0.0539028 secs] [Times: user=0.31 sys=0.00, real=0.06 secs] 
4905.793: [GC (Allocation Failure) [PSYoungGen: 481984K->105920K(519168K)] 1481957K->1238109K(1917440K), 0.0675082 secs] [Times: user=0.39 sys=0.00, real=0.07 secs] 
4906.755: [GC (Allocation Failure) [PSYoungGen: 447936K->142592K(519168K)] 1580125K->1377486K(1917440K), 0.0531678 secs] [Times: user=0.32 sys=0.00, real=0.05 secs] 
4906.808: [Full GC (Ergonomics) [PSYoungGen: 142592K->0K(519168K)] [ParOldGen: 1234894K->176698K(1398272K)] 1377486K->176698K(1917440K), [Metaspace: 60480K->60480K(1105920K)], 0.3980381 secs] [Times: user=1.82 sys=0.00, real=0.40 secs] 
4909.025: [GC (Allocation Failure) [PSYoungGen: 342016K->107008K(519168K)] 518714K->283706K(1917440K), 0.0627831 secs] [Times: user=0.37 sys=0.01, real=0.06 secs] 
4910.142: [GC (Allocation Failure) [PSYoungGen: 450048K->143616K(519680K)] 626746K->424615K(1917952K), 0.0526828 secs] [Times: user=0.31 sys=0.00, real=0.06 secs] 
4911.774: [GC (GCLocker Initiated GC) [PSYoungGen: 486656K->108160K(520192K)] 767655K->523487K(1918464K), 0.0654283 secs] [Times: user=0.39 sys=0.00, real=0.06 secs] 
4913.050: [GC (Allocation Failure) [PSYoungGen: 451712K->149600K(493568K)] 867078K->669523K(1891840K), 0.0529965 secs] [Times: user=0.31 sys=0.00, real=0.06 secs] 
4914.545: [GC (GCLocker Initiated GC) [PSYoungGen: 493152K->109920K(520704K)] 1013075K->761651K(1918976K), 0.0690662 secs] [Times: user=0.41 sys=0.00, real=0.07 secs] 
4915.520: [GC (Allocation Failure) [PSYoungGen: 449888K->142048K(518144K)] 1101689K->900770K(1916416K), 0.0536633 secs] [Times: user=0.32 sys=0.00, real=0.06 secs] 
4917.329: [GC (Allocation Failure) [PSYoungGen: 482016K->107872K(518144K)] 1240738K->999370K(1916416K), 0.0925307 secs] [Times: user=0.55 sys=0.00, real=0.09 secs] 
4918.825: [GC (Allocation Failure) [PSYoungGen: 449376K->141824K(518656K)] 1340874K->1137831K(1916928K), 0.0526135 secs] [Times: user=0.31 sys=0.00, real=0.05 secs] 
4920.468: [GC (Allocation Failure) [PSYoungGen: 483328K->107360K(518656K)] 1479335K->1235791K(1916928K), 0.0736214 secs] [Times: user=0.44 sys=0.00, real=0.07 secs] 
4922.164: [GC (Allocation Failure) [PSYoungGen: 450912K->142720K(519680K)] 1579343K->1375420K(1917952K), 0.0539623 secs] [Times: user=0.32 sys=0.00, real=0.05 secs] 
4923.805: [GC (GCLocker Initiated GC) [PSYoungGen: 486272K->104864K(521728K)] 1718972K->1471328K(1920000K), 0.0925903 secs] [Times: user=0.55 sys=0.01, real=0.09 secs] 
4923.897: [Full GC (Ergonomics) [PSYoungGen: 104864K->0K(521728K)] [ParOldGen: 1366464K->32226K(1398272K)] 1471328K->32226K(1920000K), [Metaspace: 60481K->60481K(1105920K)], 0.0639446 secs] [Times: user=0.23 sys=0.00, real=0.06 secs] 
4925.597: [GC (Allocation Failure) [PSYoungGen: 344576K->142688K(487424K)] 376873K->174985K(1885696K), 0.0286900 secs] [Times: user=0.16 sys=0.00, real=0.03 secs] 
4927.346: [GC (Allocation Failure) [PSYoungGen: 487264K->109472K(523264K)] 519561K->275129K(1921536K), 0.0961653 secs] [Times: user=0.57 sys=0.00, real=0.09 secs] 
4928.712: [GC (Allocation Failure) [PSYoungGen: 454560K->143136K(520704K)] 620217K->415186K(1918976K), 0.0527295 secs] [Times: user=0.31 sys=0.00, real=0.06 secs] 
4930.377: [GC (Allocation Failure) [PSYoungGen: 488224K->108704K(521216K)] 760274K->514618K(1919488K), 0.0908322 secs] [Times: user=0.54 sys=0.00, real=0.09 secs] 
4931.275: [GC (Allocation Failure) [PSYoungGen: 454304K->144544K(521216K)] 860218K->656075K(1919488K), 0.0529104 secs] [Times: user=0.32 sys=0.00, real=0.05 secs] 
4933.026: [GC (Allocation Failure) [PSYoungGen: 490144K->107296K(521728K)] 1001675K->753951K(1920000K), 0.1094469 secs] [Times: user=0.65 sys=0.01, real=0.11 secs] 
4934.508: [GC (Allocation Failure) [PSYoungGen: 452384K->142656K(521216K)] 1099039K->893476K(1919488K), 0.0529861 secs] [Times: user=0.31 sys=0.00, real=0.05 secs] 
4936.398: [GC (GCLocker Initiated GC) [PSYoungGen: 487744K->110080K(519168K)] 1238564K->993780K(1917440K), 0.1289039 secs] [Times: user=0.76 sys=0.00, real=0.13 secs] 
4937.758: [GC (Allocation Failure) [PSYoungGen: 455168K->142944K(520192K)] 1338871K->1133588K(1918464K), 0.0541137 secs] [Times: user=0.32 sys=0.00, real=0.05 secs] 
4939.453: [GC (GCLocker Initiated GC) [PSYoungGen: 488032K->108032K(522240K)] 1478677K->1232289K(1920512K), 0.1030985 secs] [Times: user=0.60 sys=0.00, real=0.11 secs] 
4940.595: [GC (Allocation Failure) [PSYoungGen: 455168K->145184K(492544K)] 1579428K->1374457K(1890816K), 0.0531402 secs] [Times: user=0.31 sys=0.00, real=0.05 secs] 
4943.324: [GC (Allocation Failure) [PSYoungGen: 492320K->109376K(523264K)] 1721593K->1474397K(1921536K), 0.0949081 secs] [Times: user=0.56 sys=0.00, real=0.09 secs] 
4943.419: [Full GC (Ergonomics) [PSYoungGen: 109376K->0K(523264K)] [ParOldGen: 1365021K->40089K(1398272K)] 1474397K->40089K(1921536K), [Metaspace: 60483K->60483K(1105920K)], 0.0772732 secs] [Times: user=0.30 sys=0.00, real=0.08 secs] 
4944.298: [GC (Allocation Failure) [PSYoungGen: 345600K->144160K(521216K)] 385689K->184249K(1919488K), 0.0286277 secs] [Times: user=0.17 sys=0.00, real=0.03 secs] 
4946.026: [GC (Allocation Failure) [PSYoungGen: 489760K->108800K(521216K)] 529849K->283905K(1919488K), 0.0788860 secs] [Times: user=0.47 sys=0.01, real=0.08 secs] 
4947.195: [GC (Allocation Failure) [PSYoungGen: 454400K->145344K(491008K)] 629505K->424886K(1889280K), 0.0519889 secs] [Times: user=0.31 sys=0.00, real=0.05 secs] 
4949.270: [GC (Allocation Failure) [PSYoungGen: 490944K->107968K(522752K)] 770486K->523654K(1921024K), 0.1233244 secs] [Times: user=0.73 sys=0.01, real=0.12 secs] 
4951.019: [GC (Allocation Failure) [PSYoungGen: 452544K->144704K(520704K)] 868230K->664635K(1918976K), 0.0520403 secs] [Times: user=0.30 sys=0.00, real=0.05 secs] 
4953.334: [GC (Allocation Failure) [PSYoungGen: 489280K->106624K(521216K)] 1009211K->762463K(1919488K), 0.1071713 secs] [Times: user=0.63 sys=0.00, real=0.10 secs] 
4954.191: [GC (Allocation Failure) [PSYoungGen: 450688K->145888K(489984K)] 1106527K->904463K(1888256K), 0.0516310 secs] [Times: user=0.31 sys=0.00, real=0.05 secs] 
4955.762: [GC (GCLocker Initiated GC) [PSYoungGen: 489952K->105696K(521216K)] 1248528K->1001152K(1919488K), 0.0641052 secs] [Times: user=0.37 sys=0.00, real=0.07 secs] 
4956.980: [GC (Allocation Failure) [PSYoungGen: 447712K->152352K(494592K)] 1343171K->1149599K(1892864K), 0.0520020 secs] [Times: user=0.31 sys=0.00, real=0.05 secs] 
4958.814: [GC (Allocation Failure) [PSYoungGen: 494368K->104448K(517632K)] 1491615K->1236927K(1915904K), 0.0766791 secs] [Times: user=0.45 sys=0.01, real=0.07 secs] 
4960.093: [GC (Allocation Failure) [PSYoungGen: 439296K->141376K(516096K)] 1571775K->1374792K(1914368K), 0.0517299 secs] [Times: user=0.30 sys=0.00, real=0.06 secs] 
4960.144: [Full GC (Ergonomics) [PSYoungGen: 141376K->0K(516096K)] [ParOldGen: 1233416K->179808K(1398272K)] 1374792K->179808K(1914368K), [Metaspace: 60494K->60494K(1105920K)], 0.4265485 secs] [Times: user=1.98 sys=0.00, real=0.42 secs] 
4962.498: [GC (Allocation Failure) [PSYoungGen: 334848K->105824K(516096K)] 514656K->285632K(1914368K), 0.0357904 secs] [Times: user=0.21 sys=0.00, real=0.04 secs] 
4963.270: [GC (Allocation Failure) [PSYoungGen: 442208K->140608K(516096K)] 622016K->423108K(1914368K), 0.0520172 secs] [Times: user=0.31 sys=0.00, real=0.05 secs] 
4964.782: [GC (Allocation Failure) [PSYoungGen: 476992K->105120K(515584K)] 759492K->518960K(1913856K), 0.0645122 secs] [Times: user=0.38 sys=0.00, real=0.07 secs] 
4965.583: [GC (Allocation Failure) [PSYoungGen: 444064K->141824K(517120K)] 857904K->657709K(1915392K), 0.0521558 secs] [Times: user=0.30 sys=0.00, real=0.06 secs] 
4967.383: [GC (Allocation Failure) [PSYoungGen: 480768K->107360K(517632K)] 996653K->755637K(1915904K), 0.1105385 secs] [Times: user=0.66 sys=0.00, real=0.12 secs] 
4968.975: [GC (Allocation Failure) [PSYoungGen: 448864K->141472K(518656K)] 1097141K->894570K(1916928K), 0.0527075 secs] [Times: user=0.31 sys=0.00, real=0.05 secs] 
4970.833: [GC (Allocation Failure) [PSYoungGen: 482976K->108032K(518656K)] 1236074K->993274K(1916928K), 0.0661358 secs] [Times: user=0.39 sys=0.00, real=0.07 secs] 
4972.288: [GC (Allocation Failure) [PSYoungGen: 451584K->142176K(519680K)] 1336826K->1132519K(1917952K), 0.0528663 secs] [Times: user=0.31 sys=0.00, real=0.05 secs] 
4973.767: [GC (Allocation Failure) [PSYoungGen: 485728K->107872K(520192K)] 1476071K->1230795K(1918464K), 0.0650764 secs] [Times: user=0.38 sys=0.00, real=0.06 secs] 
4975.485: [GC (Allocation Failure) [PSYoungGen: 452960K->141056K(520704K)] 1575883K->1369180K(1918976K), 0.0534487 secs] [Times: user=0.31 sys=0.01, real=0.05 secs] 
4977.200: [GC (Allocation Failure) [PSYoungGen: 486144K->110144K(520192K)] 1714268K->1469812K(1918464K), 0.0997622 secs] [Times: user=0.59 sys=0.00, real=0.10 secs] 
4977.300: [Full GC (Ergonomics) [PSYoungGen: 110144K->0K(520192K)] [ParOldGen: 1359668K->29927K(1398272K)] 1469812K->29927K(1918464K), [Metaspace: 60561K->60561K(1105920K)], 0.0622853 secs] [Times: user=0.24 sys=0.00, real=0.06 secs] 
4979.123: [GC (GCLocker Initiated GC) [PSYoungGen: 346624K->143008K(521216K)] 376551K->172935K(1919488K), 0.0287652 secs] [Times: user=0.17 sys=0.01, real=0.02 secs] 
4980.615: [GC (Allocation Failure) [PSYoungGen: 489632K->109952K(521728K)] 519597K->273530K(1920000K), 0.0761471 secs] [Times: user=0.44 sys=0.00, real=0.07 secs] 
4981.689: [GC (Allocation Failure) [PSYoungGen: 458112K->145088K(522240K)] 621690K->415574K(1920512K), 0.0530238 secs] [Times: user=0.31 sys=0.00, real=0.05 secs] 
4983.522: [GC (Allocation Failure) [PSYoungGen: 493248K->108256K(523264K)] 763734K->514414K(1921536K), 0.1090271 secs] [Times: user=0.65 sys=0.00, real=0.11 secs] 
4984.550: [GC (Allocation Failure) [PSYoungGen: 455392K->146464K(494080K)] 861550K->658075K(1892352K), 0.0530787 secs] [Times: user=0.31 sys=0.00, real=0.06 secs] 
4986.804: [GC (Allocation Failure) [PSYoungGen: 493600K->108352K(522752K)] 1005211K->757411K(1921024K), 0.1208094 secs] [Times: user=0.72 sys=0.00, real=0.12 secs] 
4988.356: [GC (GCLocker Initiated GC) [PSYoungGen: 452928K->142432K(520704K)] 1101988K->896297K(1918976K), 0.0533309 secs] [Times: user=0.31 sys=0.00, real=0.05 secs] 
4990.326: [GC (Allocation Failure) [PSYoungGen: 487008K->107008K(520704K)] 1240911K->994055K(1918976K), 0.1307317 secs] [Times: user=0.77 sys=0.00, real=0.13 secs] 
4991.509: [GC (Allocation Failure) [PSYoungGen: 452608K->143840K(521216K)] 1339655K->1135196K(1919488K), 0.0533447 secs] [Times: user=0.31 sys=0.00, real=0.05 secs] 
4993.873: [GC (GCLocker Initiated GC) [PSYoungGen: 489440K->107104K(521728K)] 1480822K->1233270K(1920000K), 0.1226125 secs] [Times: user=0.73 sys=0.00, real=0.13 secs] 
4995.663: [GC (Allocation Failure) [PSYoungGen: 452192K->142624K(521216K)] 1578397K->1373232K(1919488K), 0.0532440 secs] [Times: user=0.31 sys=0.00, real=0.05 secs] 
4995.716: [Full GC (Ergonomics) [PSYoungGen: 142624K->0K(521216K)] [ParOldGen: 1230608K->177890K(1398272K)] 1373232K->177890K(1919488K), [Metaspace: 60561K->60561K(1105920K)], 0.4152995 secs] [Times: user=1.91 sys=0.01, real=0.41 secs] 
4997.532: [GC (GCLocker Initiated GC) [PSYoungGen: 345088K->106848K(520192K)] 522978K->284738K(1918464K), 0.0560068 secs] [Times: user=0.32 sys=0.00, real=0.06 secs] 
4998.974: [GC (Allocation Failure) [PSYoungGen: 451936K->143552K(520704K)] 629829K->424970K(1918976K), 0.0525679 secs] [Times: user=0.30 sys=0.01, real=0.05 secs] 
5001.176: [GC (Allocation Failure) [PSYoungGen: 488640K->108192K(521216K)] 770058K->524174K(1919488K), 0.1377514 secs] [Times: user=0.82 sys=0.00, real=0.14 secs] 
5002.575: [GC (GCLocker Initiated GC) [PSYoungGen: 453792K->143072K(521216K)] 869774K->664875K(1919488K), 0.0529143 secs] [Times: user=0.31 sys=0.00, real=0.05 secs] 
5005.139: [GC (Allocation Failure) [PSYoungGen: 488672K->107040K(521216K)] 1010478K->763302K(1919488K), 0.1189878 secs] [Times: user=0.71 sys=0.01, real=0.12 secs] 
5006.394: [GC (Allocation Failure) [PSYoungGen: 452640K->143584K(521216K)] 1108902K->903547K(1919488K), 0.0528639 secs] [Times: user=0.31 sys=0.00, real=0.05 secs] 
5008.351: [GC (Allocation Failure) [PSYoungGen: 489184K->106880K(521216K)] 1249147K->1001435K(1919488K), 0.1230676 secs] [Times: user=0.73 sys=0.00, real=0.13 secs] 
5009.833: [GC (Allocation Failure) [PSYoungGen: 452480K->145280K(491008K)] 1347035K->1143720K(1889280K), 0.0524317 secs] [Times: user=0.31 sys=0.00, real=0.05 secs] 
5011.714: [GC (Allocation Failure) [PSYoungGen: 490880K->107424K(522240K)] 1489320K->1242288K(1920512K), 0.0837735 secs] [Times: user=0.50 sys=0.00, real=0.08 secs] 
5014.104: [GC (Allocation Failure) [PSYoungGen: 450976K->140480K(520192K)] 1585840K->1379669K(1918464K), 0.0528932 secs] [Times: user=0.31 sys=0.00, real=0.05 secs] 
5014.157: [Full GC (Ergonomics) [PSYoungGen: 140480K->0K(520192K)] [ParOldGen: 1239189K->177083K(1398272K)] 1379669K->177083K(1918464K), [Metaspace: 60561K->60561K(1105920K)], 0.3939481 secs] [Times: user=1.79 sys=0.00, real=0.39 secs] 
5016.172: [GC (Allocation Failure) [PSYoungGen: 343552K->108224K(519680K)] 520635K->285308K(1917952K), 0.0913576 secs] [Times: user=0.54 sys=0.00, real=0.10 secs] 
5017.607: [GC (Allocation Failure) [PSYoungGen: 453312K->144064K(520192K)] 630396K->425724K(1918464K), 0.0527923 secs] [Times: user=0.32 sys=0.00, real=0.05 secs] 
5019.890: [GC (Allocation Failure) [PSYoungGen: 489152K->107840K(521728K)] 770812K->524332K(1920000K), 0.1320694 secs] [Times: user=0.78 sys=0.01, real=0.13 secs] 
5021.738: [GC (Allocation Failure) [PSYoungGen: 453440K->150464K(496128K)] 869932K->672001K(1894400K), 0.0530030 secs] [Times: user=0.31 sys=0.00, real=0.05 secs] 
5023.600: [GC (Allocation Failure) [PSYoungGen: 496064K->108864K(521216K)] 1017601K->763257K(1919488K), 0.0941331 secs] [Times: user=0.56 sys=0.00, real=0.10 secs] 
5024.647: [GC (Allocation Failure) [PSYoungGen: 449856K->141856K(518656K)] 1104249K->901834K(1916928K), 0.0532108 secs] [Times: user=0.31 sys=0.01, real=0.05 secs] 
5026.586: [GC (Allocation Failure) [PSYoungGen: 482848K->105728K(519680K)] 1242826K->998414K(1917952K), 0.1200496 secs] [Times: user=0.71 sys=0.00, real=0.12 secs] 
5027.835: [GC (Allocation Failure) [PSYoungGen: 448256K->142624K(519680K)] 1340942K->1138135K(1917952K), 0.0544708 secs] [Times: user=0.32 sys=0.00, real=0.05 secs] 
5029.749: [GC (Allocation Failure) [PSYoungGen: 485152K->109312K(518144K)] 1480663K->1238303K(1916416K), 0.0966799 secs] [Times: user=0.57 sys=0.00, real=0.10 secs] 
5031.024: [GC (Allocation Failure) [PSYoungGen: 452352K->142368K(519168K)] 1581343K->1378272K(1917440K), 0.0539641 secs] [Times: user=0.31 sys=0.00, real=0.05 secs] 
5031.078: [Full GC (Ergonomics) [PSYoungGen: 142368K->0K(519168K)] [ParOldGen: 1235904K->177261K(1398272K)] 1378272K->177261K(1917440K), [Metaspace: 60561K->60561K(1105920K)], 0.4181558 secs] [Times: user=1.93 sys=0.01, real=0.42 secs] 
5032.896: [GC (Allocation Failure) [PSYoungGen: 343040K->107456K(521216K)] 520301K->284717K(1919488K), 0.0347849 secs] [Times: user=0.20 sys=0.00, real=0.03 secs] 
5033.852: [GC (Allocation Failure) [PSYoungGen: 452544K->142976K(521216K)] 629805K->424578K(1919488K), 0.0522373 secs] [Times: user=0.30 sys=0.00, real=0.06 secs] 
5035.522: [GC (GCLocker Initiated GC) [PSYoungGen: 488064K->109536K(520192K)] 769667K->524315K(1918464K), 0.0990871 secs] [Times: user=0.58 sys=0.01, real=0.10 secs] 
5036.426: [GC (Allocation Failure) [PSYoungGen: 454624K->143904K(520704K)] 869473K->665796K(1918976K), 0.0533252 secs] [Times: user=0.31 sys=0.01, real=0.05 secs] 
5038.736: [GC (Allocation Failure) [PSYoungGen: 488992K->110208K(520704K)] 1010884K->766876K(1918976K), 0.1387655 secs] [Times: user=0.82 sys=0.00, real=0.14 secs] 
5040.374: [GC (Allocation Failure) [PSYoungGen: 456320K->144544K(521216K)] 1112988K->905697K(1919488K), 0.0528548 secs] [Times: user=0.31 sys=0.00, real=0.05 secs] 
5041.793: [GC (Allocation Failure) [PSYoungGen: 490656K->108352K(522240K)] 1251809K->1005097K(1920512K), 0.0656128 secs] [Times: user=0.39 sys=0.00, real=0.06 secs] 
5043.355: [GC (Allocation Failure) [PSYoungGen: 454464K->144288K(490496K)] 1351209K->1145498K(1888768K), 0.0538388 secs] [Times: user=0.32 sys=0.00, real=0.05 secs] 
5045.773: [GC (Allocation Failure) [PSYoungGen: 490400K->106976K(522752K)] 1491610K->1243142K(1921024K), 0.1222267 secs] [Times: user=0.72 sys=0.00, real=0.13 secs] 
5046.752: [GC (Allocation Failure) [PSYoungGen: 452064K->146112K(491520K)] 1588230K->1385603K(1889792K), 0.0536483 secs] [Times: user=0.31 sys=0.00, real=0.06 secs] 
5046.806: [Full GC (Ergonomics) [PSYoungGen: 146112K->0K(491520K)] [ParOldGen: 1239491K->184819K(1398272K)] 1385603K->184819K(1889792K), [Metaspace: 60563K->60563K(1105920K)], 0.4268341 secs] [Times: user=1.97 sys=0.00, real=0.42 secs] 
5049.004: [GC (Allocation Failure) [PSYoungGen: 345088K->108064K(522240K)] 529907K->292883K(1920512K), 0.0479421 secs] [Times: user=0.28 sys=0.00, real=0.04 secs] 
5050.235: [GC (Allocation Failure) [PSYoungGen: 451616K->144800K(520192K)] 636435K->433100K(1918464K), 0.0516463 secs] [Times: user=0.30 sys=0.00, real=0.05 secs] 
5052.134: [GC (Allocation Failure) [PSYoungGen: 488352K->105664K(521216K)] 776652K->530196K(1919488K), 0.1022397 secs] [Times: user=0.60 sys=0.00, real=0.10 secs] 
5053.379: [GC (GCLocker Initiated GC) [PSYoungGen: 448192K->145568K(488448K)] 872724K->671856K(1886720K), 0.0522369 secs] [Times: user=0.31 sys=0.00, real=0.05 secs] 
5055.923: [GC (GCLocker Initiated GC) [PSYoungGen: 488096K->103840K(520192K)] 1014387K->766995K(1918464K), 0.1200526 secs] [Times: user=0.70 sys=0.00, real=0.12 secs] 
5057.292: [GC (Allocation Failure) [PSYoungGen: 444320K->143552K(484352K)] 1107482K->906374K(1882624K), 0.0515532 secs] [Times: user=0.31 sys=0.00, real=0.06 secs] 
5059.215: [GC (Allocation Failure) [PSYoungGen: 484032K->104288K(520192K)] 1246854K->1001990K(1918464K), 0.1216847 secs] [Times: user=0.72 sys=0.00, real=0.12 secs] 
5060.312: [GC (Allocation Failure) [PSYoungGen: 444256K->141600K(518656K)] 1341958K->1140003K(1916928K), 0.0546794 secs] [Times: user=0.31 sys=0.00, real=0.06 secs] 
5062.281: [GC (Allocation Failure) [PSYoungGen: 481568K->106656K(517120K)] 1479971K->1237179K(1915392K), 0.1588341 secs] [Times: user=0.94 sys=0.01, real=0.16 secs] 
5063.757: [GC (Allocation Failure) [PSYoungGen: 447136K->141824K(518144K)] 1577659K->1376188K(1916416K), 0.0542352 secs] [Times: user=0.32 sys=0.00, real=0.05 secs] 
5063.811: [Full GC (Ergonomics) [PSYoungGen: 141824K->0K(518144K)] [ParOldGen: 1234364K->174904K(1398272K)] 1376188K->174904K(1916416K), [Metaspace: 60563K->60563K(1105920K)], 0.4122750 secs] [Times: user=1.89 sys=0.00, real=0.42 secs] 
5066.568: [GC (Allocation Failure) [PSYoungGen: 340480K->106624K(518144K)] 515384K->281528K(1916416K), 0.0622870 secs] [Times: user=0.36 sys=0.01, real=0.06 secs] 
5067.714: [GC (Allocation Failure) [PSYoungGen: 449152K->140896K(519168K)] 624056K->419252K(1917440K), 0.0524001 secs] [Times: user=0.31 sys=0.00, real=0.05 secs] 
5069.161: [GC (Allocation Failure) [PSYoungGen: 483424K->110656K(518144K)] 761780K->520412K(1916416K), 0.0639008 secs] [Times: user=0.38 sys=0.00, real=0.07 secs] 
5070.676: [GC (Allocation Failure) [PSYoungGen: 455232K->141824K(519680K)] 864988K->658465K(1917952K), 0.0548608 secs] [Times: user=0.28 sys=0.00, real=0.05 secs] 
5072.679: [GC (Allocation Failure) [PSYoungGen: 486400K->109216K(521216K)] 1003041K->758257K(1919488K), 0.0980807 secs] [Times: user=0.58 sys=0.00, real=0.10 secs] 
5073.812: [GC (Allocation Failure) [PSYoungGen: 456352K->144960K(521728K)] 1105393K->900670K(1920000K), 0.0540206 secs] [Times: user=0.32 sys=0.00, real=0.06 secs] 
5075.603: [GC (GCLocker Initiated GC) [PSYoungGen: 492096K->109440K(522240K)] 1247806K->1000734K(1920512K), 0.0891439 secs] [Times: user=0.53 sys=0.00, real=0.08 secs] 
5077.358: [GC (Allocation Failure) [PSYoungGen: 456064K->150912K(497664K)] 1347397K->1148246K(1895936K), 0.0542227 secs] [Times: user=0.32 sys=0.00, real=0.05 secs] 
5079.190: [GC (GCLocker Initiated GC) [PSYoungGen: 497536K->108096K(521216K)] 1494871K->1239031K(1919488K), 0.1496850 secs] [Times: user=0.89 sys=0.00, real=0.15 secs] 
5080.694: [GC (Allocation Failure) [PSYoungGen: 449600K->142464K(519168K)] 1580604K->1378201K(1917440K), 0.0531202 secs] [Times: user=0.32 sys=0.00, real=0.05 secs] 
5080.747: [Full GC (Ergonomics) [PSYoungGen: 142464K->0K(519168K)] [ParOldGen: 1235737K->176588K(1398272K)] 1378201K->176588K(1917440K), [Metaspace: 60563K->60563K(1105920K)], 0.4178714 secs] [Times: user=1.86 sys=0.00, real=0.42 secs] 
5082.876: [GC (Allocation Failure) [PSYoungGen: 341504K->106400K(519168K)] 518092K->282988K(1917440K), 0.0519247 secs] [Times: user=0.31 sys=0.00, real=0.05 secs] 
5084.440: [GC (Allocation Failure) [PSYoungGen: 448928K->144224K(519680K)] 625516K->423849K(1917952K), 0.0521925 secs] [Times: user=0.31 sys=0.00, real=0.05 secs] 
5086.100: [GC (Allocation Failure) [PSYoungGen: 486752K->105728K(520192K)] 766377K->520993K(1918464K), 0.0896187 secs] [Times: user=0.53 sys=0.00, real=0.09 secs] 
5087.449: [GC (Allocation Failure) [PSYoungGen: 447744K->140704K(519680K)] 863009K->659288K(1917952K), 0.0518659 secs] [Times: user=0.30 sys=0.00, real=0.05 secs] 
5090.443: [GC (Allocation Failure) [PSYoungGen: 482720K->105696K(518656K)] 1001304K->755876K(1916928K), 0.1167894 secs] [Times: user=0.69 sys=0.00, real=0.12 secs] 
5091.892: [GC (Allocation Failure) [PSYoungGen: 448736K->142688K(519680K)] 1098916K->895733K(1917952K), 0.0527463 secs] [Times: user=0.31 sys=0.00, real=0.06 secs] 
5093.440: [GC (Allocation Failure) [PSYoungGen: 485728K->109760K(518656K)] 1238773K->996125K(1916928K), 0.0935181 secs] [Times: user=0.56 sys=0.01, real=0.10 secs] 
5094.572: [GC (Allocation Failure) [PSYoungGen: 453824K->143392K(519680K)] 1340189K->1136474K(1917952K), 0.0534498 secs] [Times: user=0.32 sys=0.00, real=0.06 secs] 
5096.304: [GC (Allocation Failure) [PSYoungGen: 487456K->108352K(521216K)] 1480538K->1235546K(1919488K), 0.1273056 secs] [Times: user=0.76 sys=0.01, real=0.12 secs] 
5097.422: [GC (Allocation Failure) [PSYoungGen: 453952K->144352K(521216K)] 1581146K->1376983K(1919488K), 0.0533307 secs] [Times: user=0.31 sys=0.00, real=0.06 secs] 
5099.187: [GC (Allocation Failure) [PSYoungGen: 489952K->109952K(521216K)] 1722583K->1477639K(1919488K), 0.0928175 secs] [Times: user=0.55 sys=0.00, real=0.09 secs] 
5099.280: [Full GC (Ergonomics) [PSYoungGen: 109952K->0K(521216K)] [ParOldGen: 1367687K->37565K(1398272K)] 1477639K->37565K(1919488K), [Metaspace: 60563K->60563K(1105920K)], 0.0720450 secs] [Times: user=0.28 sys=0.00, real=0.07 secs] 
5101.114: [GC (Allocation Failure) [PSYoungGen: 345600K->142240K(521216K)] 383165K->179805K(1919488K), 0.0283610 secs] [Times: user=0.17 sys=0.00, real=0.02 secs] 
5102.679: [GC (Allocation Failure) [PSYoungGen: 487840K->108512K(520704K)] 525405K->278533K(1918976K), 0.0928892 secs] [Times: user=0.55 sys=0.00, real=0.09 secs] 
5104.033: [GC (Allocation Failure) [PSYoungGen: 454624K->141568K(521216K)] 624645K->416901K(1919488K), 0.0523838 secs] [Times: user=0.31 sys=0.00, real=0.06 secs] 
5105.634: [GC (Allocation Failure) [PSYoungGen: 487680K->112384K(519680K)] 763013K->519617K(1917952K), 0.0660210 secs] [Times: user=0.39 sys=0.00, real=0.06 secs] 
5106.564: [GC (Allocation Failure) [PSYoungGen: 460032K->144768K(521216K)] 867265K->662058K(1919488K), 0.0536643 secs] [Times: user=0.31 sys=0.00, real=0.05 secs] 
5108.960: [GC (Allocation Failure) [PSYoungGen: 492416K->109312K(523264K)] 1009706K->762210K(1921536K), 0.0999159 secs] [Times: user=0.60 sys=0.01, real=0.10 secs] 
5110.240: [GC (Allocation Failure) [PSYoungGen: 457984K->147456K(496640K)] 1110882K->905075K(1894912K), 0.0530884 secs] [Times: user=0.31 sys=0.00, real=0.06 secs] 
5112.949: [GC (Allocation Failure) [PSYoungGen: 496128K->106880K(522752K)] 1253747K->1002915K(1921024K), 0.1345150 secs] [Times: user=0.79 sys=0.00, real=0.14 secs] 
5114.546: [GC (Allocation Failure) [PSYoungGen: 451968K->144384K(489984K)] 1348003K->1143084K(1888256K), 0.0521373 secs] [Times: user=0.31 sys=0.00, real=0.05 secs] 
5116.649: [GC (Allocation Failure) [PSYoungGen: 489472K->108576K(522752K)] 1488172K->1242436K(1921024K), 0.1175796 secs] [Times: user=0.70 sys=0.01, real=0.12 secs] 
5117.710: [GC (Allocation Failure) [PSYoungGen: 453152K->145984K(491008K)] 1587012K->1384489K(1889280K), 0.0530390 secs] [Times: user=0.32 sys=0.00, real=0.05 secs] 
5117.763: [Full GC (Ergonomics) [PSYoungGen: 145984K->0K(491008K)] [ParOldGen: 1238505K->189386K(1398272K)] 1384489K->189386K(1889280K), [Metaspace: 60563K->60563K(1105920K)], 0.4435688 secs] [Times: user=2.05 sys=0.00, real=0.45 secs] 
5119.935: [GC (Allocation Failure) [PSYoungGen: 344576K->105056K(521216K)] 533962K->294442K(1919488K), 0.0536428 secs] [Times: user=0.31 sys=0.00, real=0.05 secs] 
5121.401: [GC (Allocation Failure) [PSYoungGen: 447584K->142880K(520192K)] 636970K->432739K(1918464K), 0.0505133 secs] [Times: user=0.30 sys=0.00, real=0.05 secs] 
5123.370: [GC (Allocation Failure) [PSYoungGen: 485408K->105216K(519168K)] 775267K->528767K(1917440K), 0.1131691 secs] [Times: user=0.66 sys=0.01, real=0.12 secs] 
5124.472: [GC (Allocation Failure) [PSYoungGen: 447744K->144896K(487936K)] 871295K->669307K(1886208K), 0.0515300 secs] [Times: user=0.30 sys=0.00, real=0.06 secs] 
5126.705: [GC (GCLocker Initiated GC) [PSYoungGen: 487424K->107808K(521216K)] 1011838K->767870K(1919488K), 0.1551154 secs] [Times: user=0.92 sys=0.00, real=0.15 secs] 
5128.312: [GC (Allocation Failure) [PSYoungGen: 449312K->142592K(519168K)] 1109377K->906089K(1917440K), 0.0526843 secs] [Times: user=0.31 sys=0.00, real=0.06 secs] 
5130.104: [GC (GCLocker Initiated GC) [PSYoungGen: 484096K->107008K(519168K)] 1247593K->1003802K(1917440K), 0.0739868 secs] [Times: user=0.44 sys=0.01, real=0.07 secs] 
5131.601: [GC (Allocation Failure) [PSYoungGen: 449536K->151840K(494592K)] 1346369K->1151398K(1892864K), 0.0529812 secs] [Times: user=0.31 sys=0.01, real=0.06 secs] 
5133.818: [GC (Allocation Failure) [PSYoungGen: 494368K->107200K(519168K)] 1493926K->1241454K(1917440K), 0.0957971 secs] [Times: user=0.57 sys=0.00, real=0.10 secs] 
5134.722: [GC (Allocation Failure) [PSYoungGen: 444608K->142464K(517120K)] 1578862K->1380334K(1915392K), 0.0529573 secs] [Times: user=0.31 sys=0.00, real=0.06 secs] 
5134.775: [Full GC (Ergonomics) [PSYoungGen: 142464K->0K(517120K)] [ParOldGen: 1237870K->180270K(1398272K)] 1380334K->180270K(1915392K), [Metaspace: 60563K->60563K(1105920K)], 0.4208895 secs] [Times: user=1.95 sys=0.00, real=0.42 secs] 
5136.986: [GC (Allocation Failure) [PSYoungGen: 337408K->105504K(517120K)] 517678K->285774K(1915392K), 0.0669840 secs] [Times: user=0.39 sys=0.00, real=0.06 secs] 
5138.568: [GC (Allocation Failure) [PSYoungGen: 443936K->141056K(517632K)] 624206K->423667K(1915904K), 0.0517309 secs] [Times: user=0.31 sys=0.00, real=0.05 secs] 
5140.382: [GC (Allocation Failure) [PSYoungGen: 479488K->104544K(517120K)] 762099K->519095K(1915392K), 0.1538532 secs] [Times: user=0.91 sys=0.00, real=0.16 secs] 
5142.238: [GC (Allocation Failure) [PSYoungGen: 444512K->148992K(489472K)] 859063K->665051K(1887744K), 0.0526755 secs] [Times: user=0.31 sys=0.00, real=0.05 secs] 
5143.746: [GC (Allocation Failure) [PSYoungGen: 488960K->107872K(519168K)] 1005019K->755383K(1917440K), 0.0647375 secs] [Times: user=0.38 sys=0.00, real=0.06 secs] 
5145.646: [GC (Allocation Failure) [PSYoungGen: 445280K->137920K(475648K)] 1092791K->890252K(1873920K), 0.0531034 secs] [Times: user=0.32 sys=0.00, real=0.05 secs] 
5147.060: [GC (Allocation Failure) [PSYoungGen: 475328K->105280K(518656K)] 1227660K->986196K(1916928K), 0.0641280 secs] [Times: user=0.38 sys=0.00, real=0.07 secs] 
5148.845: [GC (Allocation Failure) [PSYoungGen: 444736K->136352K(516608K)] 1325652K->1120661K(1914880K), 0.0524364 secs] [Times: user=0.30 sys=0.00, real=0.05 secs] 
5150.285: [GC (Allocation Failure) [PSYoungGen: 475808K->111520K(518144K)] 1460117K->1222525K(1916416K), 0.0644591 secs] [Times: user=0.39 sys=0.00, real=0.06 secs] 
5151.643: [GC (Allocation Failure) [PSYoungGen: 456608K->140352K(518656K)] 1567613K->1361074K(1916928K), 0.0542129 secs] [Times: user=0.32 sys=0.00, real=0.05 secs] 
5153.080: [GC (Allocation Failure) [PSYoungGen: 485440K->112032K(521728K)] 1706162K->1463882K(1920000K), 0.0664549 secs] [Times: user=0.39 sys=0.01, real=0.07 secs] 
5153.147: [Full GC (Ergonomics) [PSYoungGen: 112032K->0K(521728K)] [ParOldGen: 1351850K->24215K(1398272K)] 1463882K->24215K(1920000K), [Metaspace: 60604K->60604K(1105920K)], 0.0395933 secs] [Times: user=0.12 sys=0.00, real=0.04 secs] 
5154.926: [GC (Allocation Failure) [PSYoungGen: 350208K->141280K(522752K)] 374423K->165495K(1921024K), 0.0282471 secs] [Times: user=0.16 sys=0.00, real=0.03 secs] 
5156.625: [GC (GCLocker Initiated GC) [PSYoungGen: 491488K->112832K(523264K)] 515703K->269175K(1921536K), 0.0636934 secs] [Times: user=0.37 sys=0.00, real=0.06 secs] 
5158.009: [GC (GCLocker Initiated GC) [PSYoungGen: 465600K->143552K(524288K)] 621947K->410496K(1922560K), 0.0533760 secs] [Times: user=0.32 sys=0.00, real=0.05 secs] 
5159.741: [GC (Allocation Failure) [PSYoungGen: 496320K->112928K(525312K)] 763266K->514214K(1923584K), 0.1191285 secs] [Times: user=0.71 sys=0.00, real=0.12 secs] 
5160.755: [GC (Allocation Failure) [PSYoungGen: 466720K->148896K(502784K)] 868006K->661190K(1901056K), 0.0555052 secs] [Times: user=0.33 sys=0.00, real=0.05 secs] 
5162.990: [GC (Allocation Failure) [PSYoungGen: 502688K->109120K(524800K)] 1014982K->761670K(1923072K), 0.1564943 secs] [Times: user=0.87 sys=0.01, real=0.16 secs] 
5164.432: [GC (Allocation Failure) [PSYoungGen: 458304K->147296K(496640K)] 1110854K->905090K(1894912K), 0.0533277 secs] [Times: user=0.32 sys=0.00, real=0.06 secs] 
5166.370: [GC (Allocation Failure) [PSYoungGen: 496480K->108416K(523264K)] 1254274K->1004638K(1921536K), 0.0866317 secs] [Times: user=0.51 sys=0.01, real=0.09 secs] 
5167.665: [GC (Allocation Failure) [PSYoungGen: 454528K->153216K(499712K)] 1350750K->1153655K(1897984K), 0.0530958 secs] [Times: user=0.31 sys=0.00, real=0.05 secs] 
5169.744: [GC (Allocation Failure) [PSYoungGen: 499328K->108896K(520192K)] 1499767K->1244983K(1918464K), 0.0753871 secs] [Times: user=0.44 sys=0.01, real=0.07 secs] 
5170.547: [GC (Allocation Failure) [PSYoungGen: 448352K->144256K(518144K)] 1584439K->1385352K(1916416K), 0.0528528 secs] [Times: user=0.31 sys=0.01, real=0.05 secs] 
5170.600: [Full GC (Ergonomics) [PSYoungGen: 144256K->0K(518144K)] [ParOldGen: 1241096K->190383K(1398272K)] 1385352K->190383K(1916416K), [Metaspace: 60605K->60605K(1105920K)], 0.4299474 secs] [Times: user=1.97 sys=0.00, real=0.43 secs] 
5172.928: [GC (Allocation Failure) [PSYoungGen: 339456K->101792K(519168K)] 529839K->292176K(1917440K), 0.0520836 secs] [Times: user=0.30 sys=0.00, real=0.05 secs] 
5174.885: [GC (Allocation Failure) [PSYoungGen: 440736K->140288K(518656K)] 631120K->429120K(1916928K), 0.0494043 secs] [Times: user=0.29 sys=0.00, real=0.05 secs] 
5176.622: [GC (GCLocker Initiated GC) [PSYoungGen: 479232K->104128K(516608K)] 768064K->524528K(1914880K), 0.0974724 secs] [Times: user=0.57 sys=0.00, real=0.10 secs] 
5178.644: [GC (Allocation Failure) [PSYoungGen: 443584K->140192K(517632K)] 863987K->661332K(1915904K), 0.0512269 secs] [Times: user=0.30 sys=0.00, real=0.05 secs] 
5180.179: [GC (Allocation Failure) [PSYoungGen: 479648K->108672K(517120K)] 1000788K->760240K(1915392K), 0.0685380 secs] [Times: user=0.41 sys=0.00, real=0.07 secs] 
5181.593: [GC (Allocation Failure) [PSYoungGen: 450688K->141696K(518656K)] 1102256K->899077K(1916928K), 0.0533592 secs] [Times: user=0.31 sys=0.00, real=0.06 secs] 
5183.357: [GC (Allocation Failure) [PSYoungGen: 483712K->107040K(519168K)] 1241093K->996693K(1917440K), 0.1572308 secs] [Times: user=0.94 sys=0.00, real=0.16 secs] 
5185.133: [GC (Allocation Failure) [PSYoungGen: 451616K->141536K(520192K)] 1341269K->1135434K(1918464K), 0.0527003 secs] [Times: user=0.32 sys=0.00, real=0.05 secs] 
5186.650: [GC (Allocation Failure) [PSYoungGen: 486112K->108800K(520704K)] 1480010K->1234722K(1918976K), 0.0660160 secs] [Times: user=0.39 sys=0.00, real=0.07 secs] 
5188.470: [GC (Allocation Failure) [PSYoungGen: 454912K->142336K(521216K)] 1580834K->1374183K(1919488K), 0.0535754 secs] [Times: user=0.32 sys=0.00, real=0.06 secs] 
5189.940: [GC (Allocation Failure) [PSYoungGen: 488448K->110176K(520192K)] 1720295K->1474991K(1918464K), 0.0643740 secs] [Times: user=0.38 sys=0.00, real=0.07 secs] 
5190.004: [Full GC (Ergonomics) [PSYoungGen: 110176K->0K(520192K)] [ParOldGen: 1364815K->34926K(1398272K)] 1474991K->34926K(1918464K), [Metaspace: 60605K->60605K(1105920K)], 0.0622100 secs] [Times: user=0.22 sys=0.00, real=0.06 secs] 
5191.541: [GC (Allocation Failure) [PSYoungGen: 347136K->144256K(521216K)] 382062K->179182K(1919488K), 0.0290591 secs] [Times: user=0.17 sys=0.00, real=0.03 secs] 
5193.069: [GC (Allocation Failure) [PSYoungGen: 491392K->111712K(522240K)] 526318K->281682K(1920512K), 0.0730464 secs] [Times: user=0.43 sys=0.01, real=0.07 secs] 
5194.399: [GC (Allocation Failure) [PSYoungGen: 459872K->143456K(522240K)] 629842K->422254K(1920512K), 0.0533387 secs] [Times: user=0.32 sys=0.00, real=0.05 secs] 
5196.345: [GC (Allocation Failure) [PSYoungGen: 491613K->110560K(522752K)] 770412K->523510K(1921024K), 0.1161315 secs] [Times: user=0.68 sys=0.01, real=0.11 secs] 
5197.520: [GC (Allocation Failure) [PSYoungGen: 459232K->145664K(494592K)] 872182K->665343K(1892864K), 0.0523994 secs] [Times: user=0.31 sys=0.00, real=0.05 secs] 
5199.205: [GC (Allocation Failure) [PSYoungGen: 494336K->110368K(524288K)] 1014015K->766543K(1922560K), 0.0676539 secs] [Times: user=0.40 sys=0.00, real=0.06 secs] 
5200.750: [GC (Allocation Failure) [PSYoungGen: 458016K->145216K(493056K)] 1114191K->907772K(1891328K), 0.0537489 secs] [Times: user=0.32 sys=0.00, real=0.06 secs] 
5202.543: [GC (Allocation Failure) [PSYoungGen: 492864K->110400K(523776K)] 1255420K->1008600K(1922048K), 0.0754798 secs] [Times: user=0.44 sys=0.01, real=0.07 secs] 
5203.514: [GC (Allocation Failure) [PSYoungGen: 457024K->145856K(492544K)] 1355224K->1150349K(1890816K), 0.0542251 secs] [Times: user=0.32 sys=0.00, real=0.05 secs] 
5205.503: [GC (GCLocker Initiated GC) [PSYoungGen: 492480K->107936K(522752K)] 1496973K->1248749K(1921024K), 0.1218295 secs] [Times: user=0.72 sys=0.01, real=0.12 secs] 
5206.527: [GC (Allocation Failure) [PSYoungGen: 453024K->146144K(491520K)] 1593908K->1390637K(1889792K), 0.0530912 secs] [Times: user=0.32 sys=0.00, real=0.05 secs] 
5206.580: [Full GC (Ergonomics) [PSYoungGen: 146144K->0K(491520K)] [ParOldGen: 1244493K->194573K(1398272K)] 1390637K->194573K(1889792K), [Metaspace: 60605K->60605K(1105920K)], 0.4532441 secs] [Times: user=2.09 sys=0.00, real=0.46 secs] 
5209.392: [GC (Allocation Failure) [PSYoungGen: 345088K->104928K(521728K)] 539661K->299501K(1920000K), 0.0584829 secs] [Times: user=0.34 sys=0.00, real=0.06 secs] 
5211.075: [GC (Allocation Failure) [PSYoungGen: 447968K->143008K(520192K)] 642541K->438526K(1918464K), 0.0498492 secs] [Times: user=0.30 sys=0.00, real=0.05 secs] 
5213.050: [GC (Allocation Failure) [PSYoungGen: 486048K->106912K(520192K)] 781566K->536610K(1918464K), 0.1160191 secs] [Times: user=0.69 sys=0.00, real=0.12 secs] 
5214.176: [GC (Allocation Failure) [PSYoungGen: 449952K->145536K(488960K)] 879650K->678351K(1887232K), 0.0513446 secs] [Times: user=0.31 sys=0.00, real=0.05 secs] 
5215.796: [GC (Allocation Failure) [PSYoungGen: 488576K->106912K(521216K)] 1021391K->776283K(1919488K), 0.0663288 secs] [Times: user=0.39 sys=0.00, real=0.06 secs] 
5216.767: [GC (Allocation Failure) [PSYoungGen: 448928K->145664K(487936K)] 1118299K->918158K(1886208K), 0.0519566 secs] [Times: user=0.31 sys=0.00, real=0.05 secs] 
5219.366: [GC (Allocation Failure) [PSYoungGen: 487680K->103232K(520192K)] 1260174K->1012703K(1918464K), 0.1266422 secs] [Times: user=0.74 sys=0.01, real=0.12 secs] 
5220.446: [GC (GCLocker Initiated GC) [PSYoungGen: 443200K->143584K(518656K)] 1352671K->1151607K(1916928K), 0.0502098 secs] [Times: user=0.30 sys=0.01, real=0.05 secs] 
5222.649: [GC (Allocation Failure) [PSYoungGen: 483552K->103488K(519168K)] 1491580K->1246124K(1917440K), 0.1453131 secs] [Times: user=0.87 sys=0.00, real=0.15 secs] 
5223.923: [GC (Allocation Failure) [PSYoungGen: 442944K->143680K(483328K)] 1585580K->1385123K(1881600K), 0.0516455 secs] [Times: user=0.30 sys=0.00, real=0.05 secs] 
5223.975: [Full GC (Ergonomics) [PSYoungGen: 143680K->0K(483328K)] [ParOldGen: 1241443K->184447K(1398272K)] 1385123K->184447K(1881600K), [Metaspace: 60605K->60605K(1105920K)], 0.4283122 secs] [Times: user=1.98 sys=0.00, real=0.43 secs] 
5225.729: [GC (Allocation Failure) [PSYoungGen: 339456K->106368K(520192K)] 523903K->290815K(1918464K), 0.0353222 secs] [Times: user=0.20 sys=0.00, real=0.04 secs] 
5226.909: [GC (Allocation Failure) [PSYoungGen: 445824K->143552K(518144K)] 630271K->430292K(1916416K), 0.0517924 secs] [Times: user=0.30 sys=0.01, real=0.05 secs] 
5228.837: [GC (Allocation Failure) [PSYoungGen: 483008K->107104K(517632K)] 769748K->528296K(1915904K), 0.0917026 secs] [Times: user=0.54 sys=0.01, real=0.09 secs] 
5229.824: [GC (Allocation Failure) [PSYoungGen: 447072K->143584K(518144K)] 868264K->668077K(1916416K), 0.0522392 secs] [Times: user=0.30 sys=0.00, real=0.05 secs] 
5232.045: [GC (Allocation Failure) [PSYoungGen: 483552K->105888K(518656K)] 1008045K->764653K(1916928K), 0.1755597 secs] [Times: user=1.04 sys=0.00, real=0.17 secs] 
5233.038: [GC (Allocation Failure) [PSYoungGen: 446368K->143680K(518656K)] 1105133K->905009K(1916928K), 0.0520302 secs] [Times: user=0.30 sys=0.00, real=0.05 secs] 
5234.791: [GC (GCLocker Initiated GC) [PSYoungGen: 484160K->103552K(519680K)] 1245492K->999633K(1917952K), 0.1197014 secs] [Times: user=0.64 sys=0.01, real=0.12 secs] 
5236.040: [GC (Allocation Failure) [PSYoungGen: 444032K->143168K(483840K)] 1340115K->1139432K(1882112K), 0.0519140 secs] [Times: user=0.31 sys=0.00, real=0.05 secs] 
5237.878: [GC (Allocation Failure) [PSYoungGen: 483648K->104672K(520704K)] 1479912K->1234992K(1918976K), 0.0992508 secs] [Times: user=0.58 sys=0.00, real=0.10 secs] 
5239.744: [GC (Allocation Failure) [PSYoungGen: 445152K->141152K(518656K)] 1575472K->1373525K(1916928K), 0.0532264 secs] [Times: user=0.31 sys=0.00, real=0.05 secs] 
5239.797: [Full GC (Ergonomics) [PSYoungGen: 141152K->0K(518656K)] [ParOldGen: 1232373K->172146K(1398272K)] 1373525K->172146K(1916928K), [Metaspace: 60605K->60605K(1105920K)], 0.3934494 secs] [Times: user=1.80 sys=0.00, real=0.39 secs] 
5241.620: [GC (Allocation Failure) [PSYoungGen: 340480K->107360K(517632K)] 512626K->279506K(1915904K), 0.0487883 secs] [Times: user=0.28 sys=0.01, real=0.05 secs] 
5242.991: [GC (Allocation Failure) [PSYoungGen: 448859K->140960K(518656K)] 621006K->417394K(1916928K), 0.0529019 secs] [Times: user=0.31 sys=0.00, real=0.06 secs] 
5244.640: [GC (Allocation Failure) [PSYoungGen: 482464K->108896K(517632K)] 758898K->516363K(1915904K), 0.0890492 secs] [Times: user=0.53 sys=0.00, real=0.09 secs] 
5246.499: [GC (Allocation Failure) [PSYoungGen: 452448K->148992K(519168K)] 859915K->662567K(1917440K), 0.0537993 secs] [Times: user=0.32 sys=0.00, real=0.05 secs] 
5247.950: [GC (Allocation Failure) [PSYoungGen: 492544K->110176K(520704K)] 1006119K->755167K(1918976K), 0.0646556 secs] [Times: user=0.38 sys=0.00, real=0.07 secs] 
5249.432: [GC (Allocation Failure) [PSYoungGen: 452192K->141568K(519168K)] 1097183K->894148K(1917440K), 0.0545356 secs] [Times: user=0.32 sys=0.00, real=0.06 secs] 
5250.944: [GC (Allocation Failure) [PSYoungGen: 483584K->106976K(519680K)] 1236164K->992076K(1917952K), 0.0885421 secs] [Times: user=0.52 sys=0.01, real=0.08 secs] 
5252.498: [GC (Allocation Failure) [PSYoungGen: 450528K->138272K(520192K)] 1335628K->1127713K(1918464K), 0.0532067 secs] [Times: user=0.31 sys=0.00, real=0.05 secs] 
5253.902: [GC (Allocation Failure) [PSYoungGen: 481824K->112768K(517120K)] 1471265K->1230577K(1915392K), 0.0645668 secs] [Times: user=0.39 sys=0.00, real=0.07 secs] 
5255.600: [GC (Allocation Failure) [PSYoungGen: 458880K->141280K(519680K)] 1576689K->1369198K(1917952K), 0.0552239 secs] [Times: user=0.32 sys=0.00, real=0.06 secs] 
5257.360: [GC (Allocation Failure) [PSYoungGen: 487392K->110272K(521728K)] 1715310K->1469918K(1920000K), 0.1038431 secs] [Times: user=0.61 sys=0.01, real=0.11 secs] 
5257.464: [Full GC (Ergonomics) [PSYoungGen: 110272K->0K(521728K)] [ParOldGen: 1359646K->30194K(1398272K)] 1469918K->30194K(1920000K), [Metaspace: 60607K->60607K(1105920K)], 0.0747018 secs] [Times: user=0.27 sys=0.00, real=0.07 secs] 
5259.270: [GC (Allocation Failure) [PSYoungGen: 350208K->144800K(522752K)] 380402K->174994K(1921024K), 0.0290268 secs] [Times: user=0.17 sys=0.00, real=0.03 secs] 
5260.722: [GC (Allocation Failure) [PSYoungGen: 495008K->110528K(523776K)] 525202K->276190K(1922048K), 0.0681654 secs] [Times: user=0.39 sys=0.01, real=0.07 secs] 
5261.776: [GC (Allocation Failure) [PSYoungGen: 460736K->147456K(498176K)] 626398K->420491K(1896448K), 0.0532467 secs] [Times: user=0.31 sys=0.00, real=0.05 secs] 
5263.974: [GC (Allocation Failure) [PSYoungGen: 497664K->109216K(523776K)] 770699K->520779K(1922048K), 0.1502619 secs] [Times: user=0.89 sys=0.01, real=0.15 secs] 
5265.343: [GC (Allocation Failure) [PSYoungGen: 456352K->147232K(494592K)] 867915K->663892K(1892864K), 0.0529301 secs] [Times: user=0.31 sys=0.00, real=0.06 secs] 
5267.897: [GC (Allocation Failure) [PSYoungGen: 494368K->105472K(522240K)] 1011028K->760452K(1920512K), 0.1394477 secs] [Times: user=0.83 sys=0.00, real=0.14 secs] 
5269.362: [GC (Allocation Failure) [PSYoungGen: 449536K->143808K(487936K)] 1104516K->901120K(1886208K), 0.0513661 secs] [Times: user=0.31 sys=0.00, real=0.06 secs] 
5271.164: [GC (GCLocker Initiated GC) [PSYoungGen: 487872K->106432K(521728K)] 1245185K->998825K(1920000K), 0.1100749 secs] [Times: user=0.65 sys=0.00, real=0.11 secs] 
5273.054: [GC (Allocation Failure) [PSYoungGen: 449472K->151488K(494592K)] 1341868K->1145773K(1892864K), 0.0522459 secs] [Times: user=0.31 sys=0.00, real=0.05 secs] 
5274.594: [GC (Allocation Failure) [PSYoungGen: 494528K->110784K(519680K)] 1488813K->1238973K(1917952K), 0.0677111 secs] [Times: user=0.39 sys=0.01, real=0.06 secs] 
5276.393: [GC (Allocation Failure) [PSYoungGen: 448704K->139680K(477696K)] 1576893K->1374658K(1875968K), 0.0530866 secs] [Times: user=0.31 sys=0.00, real=0.06 secs] 
5276.446: [Full GC (Ergonomics) [PSYoungGen: 139680K->0K(477696K)] [ParOldGen: 1234977K->179653K(1398272K)] 1374658K->179653K(1875968K), [Metaspace: 60608K->60608K(1105920K)], 0.4112048 secs] [Times: user=1.90 sys=0.00, real=0.41 secs] 
5278.232: [GC (Allocation Failure) [PSYoungGen: 337920K->107040K(518144K)] 517573K->286693K(1916416K), 0.0566855 secs] [Times: user=0.33 sys=0.00, real=0.06 secs] 
5279.714: [GC (Allocation Failure) [PSYoungGen: 446496K->138592K(516608K)] 626149K->422146K(1914880K), 0.0518940 secs] [Times: user=0.30 sys=0.00, real=0.05 secs] 
5281.240: [GC (Allocation Failure) [PSYoungGen: 478048K->110176K(518144K)] 761602K->522458K(1916416K), 0.0738247 secs] [Times: user=0.44 sys=0.00, real=0.08 secs] 
5282.168: [GC (Allocation Failure) [PSYoungGen: 454752K->143808K(519168K)] 867034K->663342K(1917440K), 0.0531097 secs] [Times: user=0.31 sys=0.00, real=0.05 secs] 
5284.269: [GC (GCLocker Initiated GC) [PSYoungGen: 488384K->107648K(522752K)] 1007918K->761750K(1921024K), 0.1320977 secs] [Times: user=0.79 sys=0.00, real=0.13 secs] 
5285.336: [GC (Allocation Failure) [PSYoungGen: 454784K->144864K(492032K)] 1108889K->903462K(1890304K), 0.0528623 secs] [Times: user=0.31 sys=0.00, real=0.05 secs] 
5286.852: [GC (Allocation Failure) [PSYoungGen: 492000K->109632K(523264K)] 1250598K->1003662K(1921536K), 0.0654574 secs] [Times: user=0.39 sys=0.00, real=0.07 secs] 
5287.773: [GC (Allocation Failure) [PSYoungGen: 455232K->146816K(492544K)] 1349262K->1146163K(1890816K), 0.0535337 secs] [Times: user=0.32 sys=0.00, real=0.05 secs] 
5289.932: [GC (GCLocker Initiated GC) [PSYoungGen: 492416K->106592K(522240K)] 1491763K->1243879K(1920512K), 0.1408339 secs] [Times: user=0.84 sys=0.00, real=0.14 secs] 
5291.839: [GC (Allocation Failure) [PSYoungGen: 450656K->144544K(488960K)] 1587946K->1384183K(1887232K), 0.0524551 secs] [Times: user=0.31 sys=0.00, real=0.05 secs] 
5291.891: [Full GC (Ergonomics) [PSYoungGen: 144544K->0K(488960K)] [ParOldGen: 1239639K->183527K(1398272K)] 1384183K->183527K(1887232K), [Metaspace: 60608K->60608K(1105920K)], 0.4298798 secs] [Times: user=1.99 sys=0.00, real=0.43 secs] 
5294.013: [GC (Allocation Failure) [PSYoungGen: 344064K->107008K(521728K)] 527591K->290535K(1920000K), 0.0691381 secs] [Times: user=0.41 sys=0.00, real=0.06 secs] 
5296.137: [GC (Allocation Failure) [PSYoungGen: 450048K->143104K(520192K)] 633575K->429212K(1918464K), 0.0517713 secs] [Times: user=0.30 sys=0.00, real=0.05 secs] 
5297.859: [GC (Allocation Failure) [PSYoungGen: 486144K->106400K(520192K)] 772252K->526572K(1918464K), 0.1265955 secs] [Times: user=0.75 sys=0.01, real=0.13 secs] 
5299.192: [GC (Allocation Failure) [PSYoungGen: 449440K->143520K(520192K)] 869612K->666389K(1918464K), 0.0521340 secs] [Times: user=0.30 sys=0.00, real=0.06 secs] 
5300.890: [GC (Allocation Failure) [PSYoungGen: 486560K->108032K(519168K)] 1009429K->765101K(1917440K), 0.1026059 secs] [Times: user=0.61 sys=0.01, real=0.10 secs] 
5302.272: [GC (Allocation Failure) [PSYoungGen: 451072K->143264K(519680K)] 1108141K->904505K(1917952K), 0.0532068 secs] [Times: user=0.32 sys=0.00, real=0.06 secs] 
5303.835: [GC (Allocation Failure) [PSYoungGen: 486304K->107360K(520704K)] 1247545K->1002546K(1918976K), 0.0836894 secs] [Times: user=0.49 sys=0.00, real=0.08 secs] 
5304.754: [GC (Allocation Failure) [PSYoungGen: 451424K->143904K(520704K)] 1346610K->1143390K(1918976K), 0.0534640 secs] [Times: user=0.31 sys=0.00, real=0.05 secs] 
5306.675: [GC (Allocation Failure) [PSYoungGen: 487968K->108288K(520704K)] 1487454K->1242394K(1918976K), 0.1468211 secs] [Times: user=0.87 sys=0.00, real=0.14 secs] 
5308.065: [GC (Allocation Failure) [PSYoungGen: 452352K->144608K(488960K)] 1586458K->1382715K(1887232K), 0.0538207 secs] [Times: user=0.32 sys=0.00, real=0.05 secs] 
5308.118: [Full GC (Ergonomics) [PSYoungGen: 144608K->0K(488960K)] [ParOldGen: 1238107K->181508K(1398272K)] 1382715K->181508K(1887232K), [Metaspace: 60608K->60608K(1105920K)], 0.4361967 secs] [Times: user=2.03 sys=0.00, real=0.44 secs] 
5310.458: [GC (Allocation Failure) [PSYoungGen: 344064K->107424K(522240K)] 525572K->288932K(1920512K), 0.0593578 secs] [Times: user=0.35 sys=0.01, real=0.06 secs] 
5312.057: [GC (GCLocker Initiated GC) [PSYoungGen: 450976K->143008K(520192K)] 632484K->427651K(1918464K), 0.0518936 secs] [Times: user=0.31 sys=0.00, real=0.05 secs] 
5313.571: [GC (Allocation Failure) [PSYoungGen: 486560K->108384K(519680K)] 771206K->526878K(1917952K), 0.1009457 secs] [Times: user=0.60 sys=0.00, real=0.10 secs] 
5315.121: [GC (Allocation Failure) [PSYoungGen: 452448K->143040K(520192K)] 870942K->666182K(1918464K), 0.0522299 secs] [Times: user=0.31 sys=0.00, real=0.06 secs] 
5316.667: [GC (Allocation Failure) [PSYoungGen: 487104K->108800K(520192K)] 1010246K->765750K(1918464K), 0.0681914 secs] [Times: user=0.40 sys=0.00, real=0.07 secs] 
5318.284: [GC (Allocation Failure) [PSYoungGen: 453888K->144960K(520704K)] 1110838K->906339K(1918976K), 0.0530423 secs] [Times: user=0.31 sys=0.00, real=0.05 secs] 
5319.856: [GC (Allocation Failure) [PSYoungGen: 490048K->109920K(521216K)] 1251427K->1006875K(1919488K), 0.0829978 secs] [Times: user=0.49 sys=0.00, real=0.08 secs] 
5320.989: [GC (Allocation Failure) [PSYoungGen: 454496K->144032K(520704K)] 1351451K->1146668K(1918976K), 0.0531594 secs] [Times: user=0.31 sys=0.00, real=0.05 secs] 
5322.565: [GC (Allocation Failure) [PSYoungGen: 488608K->107168K(521216K)] 1491244K->1244588K(1919488K), 0.1043854 secs] [Times: user=0.62 sys=0.00, real=0.10 secs] 
5324.266: [GC (Allocation Failure) [PSYoungGen: 452256K->144000K(489472K)] 1589676K->1384469K(1887744K), 0.0531819 secs] [Times: user=0.31 sys=0.00, real=0.05 secs] 
5324.319: [Full GC (Ergonomics) [PSYoungGen: 144000K->0K(489472K)] [ParOldGen: 1240469K->183640K(1398272K)] 1384469K->183640K(1887744K), [Metaspace: 60608K->60608K(1105920K)], 0.4367627 secs] [Times: user=2.03 sys=0.00, real=0.44 secs] 
5326.810: [GC (Allocation Failure) [PSYoungGen: 345088K->107424K(522752K)] 528728K->291064K(1921024K), 0.0771665 secs] [Times: user=0.46 sys=0.00, real=0.08 secs] 
5328.635: [GC (Allocation Failure) [PSYoungGen: 452000K->143776K(520704K)] 635640K->430305K(1918976K), 0.0516231 secs] [Times: user=0.30 sys=0.00, real=0.05 secs] 
5330.423: [GC (Allocation Failure) [PSYoungGen: 488352K->106496K(521216K)] 774881K->527537K(1919488K), 0.0864617 secs] [Times: user=0.52 sys=0.00, real=0.08 secs] 
5331.735: [GC (Allocation Failure) [PSYoungGen: 450560K->152000K(496128K)] 871601K->675656K(1894400K), 0.0518500 secs] [Times: user=0.31 sys=0.00, real=0.05 secs] 
5333.644: [GC (Allocation Failure) [PSYoungGen: 496064K->107680K(519168K)] 1019720K->766000K(1917440K), 0.1519970 secs] [Times: user=0.90 sys=0.01, real=0.15 secs] 
5334.938: [GC (Allocation Failure) [PSYoungGen: 445600K->141120K(517632K)] 1103920K->902921K(1915904K), 0.0526556 secs] [Times: user=0.31 sys=0.00, real=0.05 secs] 
5336.445: [GC (Allocation Failure) [PSYoungGen: 479040K->107520K(517632K)] 1240841K->1001033K(1915904K), 0.0678664 secs] [Times: user=0.40 sys=0.00, real=0.07 secs] 
5337.102: [GC (Allocation Failure) [PSYoungGen: 446976K->141472K(517632K)] 1340489K->1139422K(1915904K), 0.0542304 secs] [Times: user=0.31 sys=0.01, real=0.06 secs] 
5338.790: [GC (Allocation Failure) [PSYoungGen: 480928K->106560K(518144K)] 1478878K->1236390K(1916416K), 0.0969442 secs] [Times: user=0.57 sys=0.01, real=0.10 secs] 
5340.486: [GC (Allocation Failure) [PSYoungGen: 448576K->140864K(519168K)] 1578406K->1373931K(1917440K), 0.0530168 secs] [Times: user=0.31 sys=0.00, real=0.05 secs] 
5340.539: [Full GC (Ergonomics) [PSYoungGen: 140864K->0K(519168K)] [ParOldGen: 1233066K->173307K(1398272K)] 1373931K->173307K(1917440K), [Metaspace: 60608K->60608K(1105920K)], 0.3958465 secs] [Times: user=1.82 sys=0.00, real=0.40 secs] 
5342.357: [GC (Allocation Failure) [PSYoungGen: 342016K->106080K(519168K)] 515323K->279387K(1917440K), 0.0462774 secs] [Times: user=0.28 sys=0.00, real=0.05 secs] 
5345.098: [GC (Allocation Failure) [PSYoungGen: 450144K->139360K(520192K)] 623451K->415744K(1918464K), 0.0520261 secs] [Times: user=0.31 sys=0.00, real=0.05 secs] 
5347.388: [GC (Allocation Failure) [PSYoungGen: 483424K->108544K(519168K)] 759808K->514404K(1917440K), 0.1084790 secs] [Times: user=0.65 sys=0.00, real=0.11 secs] 
5349.403: [GC (Allocation Failure) [PSYoungGen: 454656K->141536K(520704K)] 860516K->653297K(1918976K), 0.0529906 secs] [Times: user=0.30 sys=0.00, real=0.05 secs] 
5350.823: [GC (Allocation Failure) [PSYoungGen: 487648K->111712K(520192K)] 999409K->755473K(1918464K), 0.0802815 secs] [Times: user=0.47 sys=0.00, real=0.08 secs] 
5353.043: [GC (Allocation Failure) [PSYoungGen: 460384K->142720K(521728K)] 1104145K->895710K(1920000K), 0.0541499 secs] [Times: user=0.32 sys=0.00, real=0.06 secs] 
5354.533: [GC (Allocation Failure) [PSYoungGen: 491392K->112416K(522752K)] 1244382K->998678K(1921024K), 0.0655572 secs] [Times: user=0.38 sys=0.00, real=0.06 secs] 
5356.077: [GC (Allocation Failure) [PSYoungGen: 463136K->143040K(523264K)] 1349398K->1138514K(1921536K), 0.0544233 secs] [Times: user=0.31 sys=0.01, real=0.05 secs] 
5357.627: [GC (Allocation Failure) [PSYoungGen: 493760K->114720K(523264K)] 1489234K->1243454K(1921536K), 0.0803451 secs] [Times: user=0.48 sys=0.00, real=0.08 secs] 
5358.646: [GC (Allocation Failure) [PSYoungGen: 466464K->146976K(523776K)] 1595198K->1386387K(1922048K), 0.0558888 secs] [Times: user=0.33 sys=0.00, real=0.05 secs] 
5358.702: [Full GC (Ergonomics) [PSYoungGen: 146976K->0K(523776K)] [ParOldGen: 1239411K->183921K(1398272K)] 1386387K->183921K(1922048K), [Metaspace: 60608K->59706K(1105920K)], 0.4252012 secs] [Times: user=1.93 sys=0.00, real=0.43 secs] 
5361.163: [GC (GCLocker Initiated GC) [PSYoungGen: 351744K->110784K(525312K)] 535665K->294705K(1923584K), 0.0674039 secs] [Times: user=0.40 sys=0.00, real=0.06 secs] 
5361.964: [GC (Allocation Failure) [PSYoungGen: 460992K->148832K(499200K)] 644916K->439981K(1897472K), 0.0537571 secs] [Times: user=0.32 sys=0.00, real=0.05 secs] 
5363.816: [GC (GCLocker Initiated GC) [PSYoungGen: 499040K->107680K(523264K)] 790189K->538705K(1921536K), 0.0771515 secs] [Times: user=0.45 sys=0.01, real=0.07 secs] 
5364.597: [GC (Allocation Failure) [PSYoungGen: 453792K->155456K(501760K)] 884820K->690152K(1900032K), 0.0527164 secs] [Times: user=0.31 sys=0.00, real=0.05 secs] 
5366.660: [GC (GCLocker Initiated GC) [PSYoungGen: 501568K->107616K(518656K)] 1036265K->780529K(1916928K), 0.0955206 secs] [Times: user=0.57 sys=0.01, real=0.10 secs] 
5368.430: [GC (Allocation Failure) [PSYoungGen: 444512K->140512K(477696K)] 1117463K->916576K(1875968K), 0.0514083 secs] [Times: user=0.30 sys=0.00, real=0.05 secs] 
5370.593: [GC (Allocation Failure) [PSYoungGen: 477408K->103680K(517632K)] 1253472K->1011136K(1915904K), 0.1051712 secs] [Times: user=0.62 sys=0.01, real=0.10 secs] 
5371.605: [GC (Allocation Failure) [PSYoungGen: 441600K->151680K(489984K)] 1349056K->1158917K(1888256K), 0.0522488 secs] [Times: user=0.30 sys=0.00, real=0.05 secs] 
5373.547: [GC (Allocation Failure) [PSYoungGen: 489600K->104128K(517120K)] 1496837K->1246053K(1915392K), 0.1537320 secs] [Times: user=0.92 sys=0.00, real=0.15 secs] 
5375.076: [GC (Allocation Failure) [PSYoungGen: 437952K->147968K(482304K)] 1579877K->1389412K(1880576K), 0.0524652 secs] [Times: user=0.31 sys=0.00, real=0.05 secs] 
5375.129: [Full GC (Ergonomics) [PSYoungGen: 147968K->0K(482304K)] [ParOldGen: 1241444K->177902K(1398272K)] 1389412K->177902K(1880576K), [Metaspace: 59706K->59701K(1105920K)], 0.4457605 secs] [Times: user=2.05 sys=0.00, real=0.45 secs] 
5376.965: [GC (Allocation Failure) [PSYoungGen: 333824K->105920K(516096K)] 511726K->283822K(1914368K), 0.0488426 secs] [Times: user=0.28 sys=0.00, real=0.05 secs] 
5378.484: [GC (Allocation Failure) [PSYoungGen: 437696K->137568K(469504K)] 615598K->418650K(1867776K), 0.0518433 secs] [Times: user=0.31 sys=0.00, real=0.05 secs] 
5379.885: [GC (Allocation Failure) [PSYoungGen: 469344K->103296K(514560K)] 750426K->512882K(1912832K), 0.0625645 secs] [Times: user=0.37 sys=0.00, real=0.06 secs] 
5381.557: [GC (Allocation Failure) [PSYoungGen: 436608K->136672K(513024K)] 846194K->647015K(1911296K), 0.0509091 secs] [Times: user=0.30 sys=0.00, real=0.05 secs] 
5382.952: [GC (Allocation Failure) [PSYoungGen: 469984K->106464K(517120K)] 980327K->743839K(1915392K), 0.0622779 secs] [Times: user=0.37 sys=0.00, real=0.07 secs] 
5384.020: [GC (Allocation Failure) [PSYoungGen: 446432K->138304K(516608K)] 1083807K->881100K(1914880K), 0.0529464 secs] [Times: user=0.31 sys=0.00, real=0.06 secs] 
5385.575: [GC (Allocation Failure) [PSYoungGen: 478272K->110272K(517632K)] 1221068K->981972K(1915904K), 0.0645104 secs] [Times: user=0.38 sys=0.00, real=0.06 secs] 
5387.442: [GC (Allocation Failure) [PSYoungGen: 455360K->139264K(519680K)] 1327060K->1119645K(1917952K), 0.0537345 secs] [Times: user=0.32 sys=0.00, real=0.06 secs] 
5388.874: [GC (GCLocker Initiated GC) [PSYoungGen: 484352K->110848K(519680K)] 1464734K->1221110K(1917952K), 0.0652428 secs] [Times: user=0.39 sys=0.00, real=0.06 secs] 
5390.134: [GC (Allocation Failure) [PSYoungGen: 460032K->140928K(521728K)] 1570297K->1359974K(1920000K), 0.0544592 secs] [Times: user=0.32 sys=0.01, real=0.05 secs] 
5391.605: [GC (Allocation Failure) [PSYoungGen: 490112K->112384K(522752K)] 1709158K->1463062K(1921024K), 0.0658982 secs] [Times: user=0.39 sys=0.00, real=0.06 secs] 
5391.671: [Full GC (Ergonomics) [PSYoungGen: 112384K->0K(522752K)] [ParOldGen: 1350678K->22833K(1398272K)] 1463062K->22833K(1921024K), [Metaspace: 59706K->59706K(1105920K)], 0.0369918 secs] [Times: user=0.10 sys=0.00, real=0.04 secs] 
5392.916: [GC (Allocation Failure) [PSYoungGen: 352256K->144960K(523776K)] 375089K->167793K(1922048K), 0.0287431 secs] [Times: user=0.16 sys=0.00, real=0.03 secs] 
5394.488: [GC (Allocation Failure) [PSYoungGen: 497216K->113504K(524800K)] 520049K->271825K(1923072K), 0.0652267 secs] [Times: user=0.39 sys=0.01, real=0.06 secs] 
5396.343: [GC (Allocation Failure) [PSYoungGen: 465760K->144512K(524288K)] 624081K->413694K(1922560K), 0.0541771 secs] [Times: user=0.32 sys=0.00, real=0.06 secs] 
5397.795: [GC (GCLocker Initiated GC) [PSYoungGen: 496768K->112096K(524288K)] 765951K->516287K(1922560K), 0.0763419 secs] [Times: user=0.45 sys=0.00, real=0.07 secs] 
5398.934: [GC (Allocation Failure) [PSYoungGen: 464352K->144064K(524288K)] 868614K->657607K(1922560K), 0.0536562 secs] [Times: user=0.31 sys=0.00, real=0.05 secs] 
5400.422: [GC (Allocation Failure) [PSYoungGen: 496320K->112288K(524800K)] 1009863K->760207K(1923072K), 0.0646819 secs] [Times: user=0.39 sys=0.00, real=0.07 secs] 
5401.368: [GC (Allocation Failure) [PSYoungGen: 464032K->148928K(500736K)] 1111951K->905676K(1899008K), 0.0549277 secs] [Times: user=0.32 sys=0.00, real=0.05 secs] 
5403.334: [GC (Allocation Failure) [PSYoungGen: 500672K->110784K(524288K)] 1257420K->1007244K(1922560K), 0.0943407 secs] [Times: user=0.56 sys=0.01, real=0.09 secs] 
5404.306: [GC (Allocation Failure) [PSYoungGen: 458944K->155328K(503808K)] 1355404K->1158569K(1902080K), 0.0537764 secs] [Times: user=0.32 sys=0.01, real=0.05 secs] 
5406.360: [GC (Allocation Failure) [PSYoungGen: 503488K->106432K(519680K)] 1506729K->1247609K(1917952K), 0.1127866 secs] [Times: user=0.66 sys=0.01, real=0.11 secs] 
5407.989: [GC (Allocation Failure) [PSYoungGen: 445888K->141216K(518656K)] 1587065K->1384598K(1916928K), 0.0512328 secs] [Times: user=0.30 sys=0.00, real=0.05 secs] 
5408.041: [Full GC (Ergonomics) [PSYoungGen: 141216K->0K(518656K)] [ParOldGen: 1243382K->189248K(1398272K)] 1384598K->189248K(1916928K), [Metaspace: 59706K->59706K(1105920K)], 0.4491089 secs] [Times: user=2.09 sys=0.00, real=0.45 secs] 
5410.270: [GC (Allocation Failure) [PSYoungGen: 339456K->105408K(518656K)] 528704K->294656K(1916928K), 0.0515638 secs] [Times: user=0.30 sys=0.00, real=0.05 secs] 
5411.479: [GC (Allocation Failure) [PSYoungGen: 445888K->142976K(518656K)] 635136K->433359K(1916928K), 0.0501036 secs] [Times: user=0.30 sys=0.00, real=0.05 secs] 
5413.129: [GC (Allocation Failure) [PSYoungGen: 483456K->108320K(517632K)] 773839K->532271K(1915904K), 0.0845849 secs] [Times: user=0.50 sys=0.01, real=0.09 secs] 
5414.064: [GC (Allocation Failure) [PSYoungGen: 449824K->143456K(518656K)] 873775K->670736K(1916928K), 0.0512130 secs] [Times: user=0.30 sys=0.00, real=0.05 secs] 
5415.698: [GC (GCLocker Initiated GC) [PSYoungGen: 484960K->106688K(520192K)] 1012242K->767966K(1918464K), 0.1450183 secs] [Times: user=0.86 sys=0.00, real=0.14 secs] 
5417.051: [GC (Allocation Failure) [PSYoungGen: 449728K->144000K(520192K)] 1111009K->907386K(1918464K), 0.0522016 secs] [Times: user=0.30 sys=0.00, real=0.05 secs] 
5419.148: [GC (Allocation Failure) [PSYoungGen: 487040K->108896K(520192K)] 1250426K->1006530K(1918464K), 0.1352734 secs] [Times: user=0.80 sys=0.00, real=0.13 secs] 
5420.522: [GC (Allocation Failure) [PSYoungGen: 451936K->145184K(488448K)] 1349570K->1147078K(1886720K), 0.0529093 secs] [Times: user=0.31 sys=0.00, real=0.06 secs] 
5421.973: [GC (Allocation Failure) [PSYoungGen: 488224K->107296K(521728K)] 1490118K->1245327K(1920000K), 0.0648611 secs] [Times: user=0.38 sys=0.00, real=0.06 secs] 
5423.227: [GC (Allocation Failure) [PSYoungGen: 449824K->143744K(519680K)] 1587855K->1385307K(1917952K), 0.0538287 secs] [Times: user=0.32 sys=0.00, real=0.05 secs] 
5423.281: [Full GC (Ergonomics) [PSYoungGen: 143744K->0K(519680K)] [ParOldGen: 1241563K->183680K(1398272K)] 1385307K->183680K(1917952K), [Metaspace: 59706K->59706K(1105920K)], 0.4246453 secs] [Times: user=1.96 sys=0.00, real=0.43 secs] 
5425.493: [GC (Allocation Failure) [PSYoungGen: 342528K->104736K(520192K)] 526208K->288416K(1918464K), 0.0501950 secs] [Times: user=0.30 sys=0.01, real=0.05 secs] 
5426.469: [GC (Allocation Failure) [PSYoungGen: 446752K->144768K(486912K)] 630432K->429081K(1885184K), 0.0506703 secs] [Times: user=0.30 sys=0.00, real=0.05 secs] 
5428.384: [GC (Allocation Failure) [PSYoungGen: 486784K->106720K(520704K)] 771097K->526557K(1918976K), 0.1550025 secs] [Times: user=0.92 sys=0.00, real=0.15 secs] 
5429.853: [GC (Allocation Failure) [PSYoungGen: 447712K->143392K(519168K)] 867549K->665846K(1917440K), 0.0521503 secs] [Times: user=0.30 sys=0.00, real=0.05 secs] 
5431.665: [GC (Allocation Failure) [PSYoungGen: 484384K->105376K(518144K)] 1006838K->762710K(1916416K), 0.1108460 secs] [Times: user=0.66 sys=0.01, real=0.11 secs] 
5432.857: [GC (Allocation Failure) [PSYoungGen: 446368K->140800K(518656K)] 1103702K->900430K(1916928K), 0.0531851 secs] [Times: user=0.31 sys=0.01, real=0.05 secs] 
5434.890: [GC (GCLocker Initiated GC) [PSYoungGen: 481792K->107296K(518144K)] 1241422K->997830K(1916416K), 0.1517740 secs] [Times: user=0.90 sys=0.01, real=0.15 secs] 
5437.115: [GC (GCLocker Initiated GC) [PSYoungGen: 449824K->139648K(519168K)] 1340360K->1134352K(1917440K), 0.0525195 secs] [Times: user=0.31 sys=0.01, real=0.05 secs] 
5438.513: [GC (Allocation Failure) [PSYoungGen: 482176K->108608K(518656K)] 1476918K->1233454K(1916928K), 0.0667916 secs] [Times: user=0.39 sys=0.00, real=0.07 secs] 
5439.979: [GC (Allocation Failure) [PSYoungGen: 453696K->142560K(520192K)] 1578542K->1372939K(1918464K), 0.0567390 secs] [Times: user=0.33 sys=0.01, real=0.06 secs] 
5441.369: [GC (GCLocker Initiated GC) [PSYoungGen: 487648K->108960K(521216K)] 1718027K->1472739K(1919488K), 0.0658880 secs] [Times: user=0.39 sys=0.01, real=0.07 secs] 
5441.435: [Full GC (Ergonomics) [PSYoungGen: 108960K->0K(521216K)] [ParOldGen: 1363779K->33634K(1398272K)] 1472739K->33634K(1919488K), [Metaspace: 59706K->59706K(1105920K)], 0.0690393 secs] [Times: user=0.25 sys=0.00, real=0.07 secs] 
5443.053: [GC (Allocation Failure) [PSYoungGen: 347136K->144608K(521728K)] 380773K->178245K(1920000K), 0.0291194 secs] [Times: user=0.16 sys=0.00, real=0.02 secs] 
5444.873: [GC (Allocation Failure) [PSYoungGen: 491744K->109408K(522240K)] 525381K->278525K(1920512K), 0.0640816 secs] [Times: user=0.38 sys=0.00, real=0.07 secs] 
5446.170: [GC (Allocation Failure) [PSYoungGen: 456032K->144480K(521728K)] 625149K->419986K(1920000K), 0.0526819 secs] [Times: user=0.31 sys=0.00, real=0.06 secs] 
5447.816: [GC (Allocation Failure) [PSYoungGen: 491104K->109056K(521728K)] 766610K->519746K(1920000K), 0.0771753 secs] [Times: user=0.46 sys=0.01, real=0.07 secs] 
5449.133: [GC (Allocation Failure) [PSYoungGen: 455680K->142816K(521728K)] 866370K->659403K(1920000K), 0.0527490 secs] [Times: user=0.31 sys=0.00, real=0.06 secs] 
5450.748: [GC (Allocation Failure) [PSYoungGen: 489440K->110112K(521216K)] 1006027K->760203K(1919488K), 0.1024503 secs] [Times: user=0.60 sys=0.00, real=0.10 secs] 
5452.307: [GC (Allocation Failure) [PSYoungGen: 457248K->144224K(521728K)] 1107339K->900692K(1920000K), 0.0536740 secs] [Times: user=0.31 sys=0.00, real=0.05 secs] 
5454.019: [GC (Allocation Failure) [PSYoungGen: 491360K->109728K(522240K)] 1247828K->1001100K(1920512K), 0.0765110 secs] [Times: user=0.45 sys=0.00, real=0.08 secs] 
5454.881: [GC (Allocation Failure) [PSYoungGen: 457376K->147360K(495104K)] 1348748K->1144301K(1893376K), 0.0539891 secs] [Times: user=0.31 sys=0.00, real=0.06 secs] 
5456.579: [GC (Allocation Failure) [PSYoungGen: 495008K->108608K(522752K)] 1491949K->1243845K(1921024K), 0.0715005 secs] [Times: user=0.43 sys=0.00, real=0.07 secs] 
5457.339: [GC (Allocation Failure) [PSYoungGen: 453184K->147616K(492544K)] 1588421K->1387770K(1890816K), 0.0533442 secs] [Times: user=0.32 sys=0.00, real=0.05 secs] 
5457.392: [Full GC (Ergonomics) [PSYoungGen: 147616K->0K(492544K)] [ParOldGen: 1240153K->192132K(1398272K)] 1387770K->192132K(1890816K), [Metaspace: 59706K->59706K(1105920K)], 0.4493213 secs] [Times: user=2.07 sys=0.00, real=0.45 secs] 
5459.823: [GC (Allocation Failure) [PSYoungGen: 344576K->107200K(521216K)] 536708K->299332K(1919488K), 0.0751299 secs] [Times: user=0.44 sys=0.00, real=0.07 secs] 
5461.190: [GC (Allocation Failure) [PSYoungGen: 449216K->144672K(486912K)] 641348K->437997K(1885184K), 0.0508132 secs] [Times: user=0.30 sys=0.01, real=0.05 secs] 
5462.925: [GC (Allocation Failure) [PSYoungGen: 486688K->107648K(521216K)] 780013K->536541K(1919488K), 0.1252443 secs] [Times: user=0.74 sys=0.00, real=0.12 secs] 
5463.783: [GC (Allocation Failure) [PSYoungGen: 449152K->144704K(519168K)] 878045K->677414K(1917440K), 0.0515273 secs] [Times: user=0.30 sys=0.00, real=0.05 secs] 
5465.351: [GC (Allocation Failure) [PSYoungGen: 486208K->106144K(519680K)] 1018918K->775078K(1917952K), 0.0654278 secs] [Times: user=0.39 sys=0.00, real=0.07 secs] 
5465.962: [GC (Allocation Failure) [PSYoungGen: 447136K->144512K(519168K)] 1116070K->915427K(1917440K), 0.0526092 secs] [Times: user=0.31 sys=0.00, real=0.06 secs] 
5468.176: [GC (Allocation Failure) [PSYoungGen: 485504K->104576K(519680K)] 1256419K->1010883K(1917952K), 0.1219427 secs] [Times: user=0.73 sys=0.00, real=0.12 secs] 
5469.307: [GC (Allocation Failure) [PSYoungGen: 445056K->144224K(484864K)] 1351363K->1151164K(1883136K), 0.0518096 secs] [Times: user=0.30 sys=0.01, real=0.05 secs] 
5471.135: [GC (GCLocker Initiated GC) [PSYoungGen: 484704K->104736K(520192K)] 1491644K->1246604K(1918464K), 0.0978050 secs] [Times: user=0.58 sys=0.00, real=0.10 secs] 
5472.302: [GC (Allocation Failure) [PSYoungGen: 444704K->143648K(518656K)] 1586611K->1386007K(1916928K), 0.0523751 secs] [Times: user=0.30 sys=0.00, real=0.06 secs] 
5472.355: [Full GC (Ergonomics) [PSYoungGen: 143648K->0K(518656K)] [ParOldGen: 1242359K->185313K(1398272K)] 1386007K->185313K(1916928K), [Metaspace: 59706K->59686K(1105920K)], 0.4425973 secs] [Times: user=2.03 sys=0.00, real=0.44 secs] 
5474.526: [GC (Allocation Failure) [PSYoungGen: 339968K->104064K(518656K)] 525281K->289377K(1916928K), 0.0564751 secs] [Times: user=0.33 sys=0.00, real=0.05 secs] 
5475.878: [GC (Allocation Failure) [PSYoungGen: 444032K->141216K(518656K)] 629345K->426169K(1916928K), 0.0504219 secs] [Times: user=0.30 sys=0.00, real=0.05 secs] 
5477.423: [GC (Allocation Failure) [PSYoungGen: 479830K->109024K(516096K)] 764784K->525417K(1914368K), 0.0918138 secs] [Times: user=0.55 sys=0.00, real=0.09 secs] 
5479.671: [GC (Allocation Failure) [PSYoungGen: 449504K->138240K(517632K)] 865897K->660402K(1915904K), 0.0524386 secs] [Times: user=0.31 sys=0.00, real=0.05 secs] 
5481.116: [GC (Allocation Failure) [PSYoungGen: 478720K->107424K(517632K)] 1000882K->758526K(1915904K), 0.0636870 secs] [Times: user=0.38 sys=0.00, real=0.06 secs] 
5482.636: [GC (Allocation Failure) [PSYoungGen: 452000K->143072K(519680K)] 1103102K->899247K(1917952K), 0.0529997 secs] [Times: user=0.31 sys=0.01, real=0.05 secs] 
5484.386: [GC (Allocation Failure) [PSYoungGen: 487648K->107552K(521728K)] 1243823K->997623K(1920000K), 0.0719473 secs] [Times: user=0.43 sys=0.00, real=0.07 secs] 
5486.683: [GC (Allocation Failure) [PSYoungGen: 454176K->141536K(521728K)] 1344247K->1136084K(1920000K), 0.0532749 secs] [Times: user=0.32 sys=0.00, real=0.06 secs] 
5488.168: [GC (Allocation Failure) [PSYoungGen: 488160K->110080K(520192K)] 1482708K->1236648K(1918464K), 0.0638570 secs] [Times: user=0.38 sys=0.00, real=0.06 secs] 
5489.389: [GC (Allocation Failure) [PSYoungGen: 457216K->143872K(521216K)] 1583784K->1377741K(1919488K), 0.0546026 secs] [Times: user=0.32 sys=0.01, real=0.06 secs] 
5491.295: [GC (Allocation Failure) [PSYoungGen: 491008K->109152K(522752K)] 1724877K->1477713K(1921024K), 0.1394164 secs] [Times: user=0.83 sys=0.00, real=0.14 secs] 
5491.434: [Full GC (Ergonomics) [PSYoungGen: 109152K->0K(522752K)] [ParOldGen: 1368561K->37365K(1398272K)] 1477713K->37365K(1921024K), [Metaspace: 59686K->59686K(1105920K)], 0.1084773 secs] [Times: user=0.43 sys=0.00, real=0.10 secs] 
5493.804: [GC (Allocation Failure) [PSYoungGen: 347648K->142176K(522240K)] 385013K->179541K(1920512K), 0.0284462 secs] [Times: user=0.16 sys=0.00, real=0.02 secs] 
5495.759: [GC (Allocation Failure) [PSYoungGen: 489824K->109728K(520704K)] 527189K->279989K(1918976K), 0.1453179 secs] [Times: user=0.86 sys=0.00, real=0.15 secs] 
5497.853: [GC (Allocation Failure) [PSYoungGen: 457888K->141344K(521728K)] 628149K->418314K(1920000K), 0.0523969 secs] [Times: user=0.31 sys=0.00, real=0.05 secs] 
5499.513: [GC (Allocation Failure) [PSYoungGen: 489504K->109504K(522752K)] 766474K->518354K(1921024K), 0.0899567 secs] [Times: user=0.53 sys=0.01, real=0.09 secs] 
5502.010: [GC (Allocation Failure) [PSYoungGen: 459712K->143584K(523264K)] 868562K->658654K(1921536K), 0.0528120 secs] [Times: user=0.31 sys=0.00, real=0.06 secs] 
5503.542: [GC (Allocation Failure) [PSYoungGen: 493792K->110272K(523776K)] 1008862K->759611K(1922048K), 0.0809598 secs] [Times: user=0.48 sys=0.00, real=0.08 secs] 
5505.276: [GC (Allocation Failure) [PSYoungGen: 460992K->146208K(497152K)] 1110331K->901379K(1895424K), 0.0533423 secs] [Times: user=0.32 sys=0.00, real=0.05 secs] 
5506.805: [GC (Allocation Failure) [PSYoungGen: 496928K->110560K(524800K)] 1252099K->1003063K(1923072K), 0.0877093 secs] [Times: user=0.52 sys=0.00, real=0.08 secs] 
5508.613: [GC (Allocation Failure) [PSYoungGen: 459232K->144928K(494080K)] 1351735K->1144460K(1892352K), 0.0544445 secs] [Times: user=0.32 sys=0.00, real=0.05 secs] 
5511.501: [GC (GCLocker Initiated GC) [PSYoungGen: 493600K->106368K(523776K)] 1493132K->1241832K(1922048K), 0.1316572 secs] [Times: user=0.73 sys=0.01, real=0.13 secs] 
5513.167: [GC (Allocation Failure) [PSYoungGen: 453504K->145952K(493568K)] 1588975K->1383604K(1891840K), 0.0527020 secs] [Times: user=0.31 sys=0.00, real=0.05 secs] 
5513.220: [Full GC (Ergonomics) [PSYoungGen: 145952K->0K(493568K)] [ParOldGen: 1237652K->188643K(1398272K)] 1383604K->188643K(1891840K), [Metaspace: 59686K->59686K(1105920K)], 0.4458029 secs] [Times: user=2.07 sys=0.00, real=0.45 secs] 
5515.207: [GC (Allocation Failure) [PSYoungGen: 347136K->106880K(522752K)] 535779K->295523K(1921024K), 0.0550029 secs] [Times: user=0.32 sys=0.00, real=0.05 secs] 
5517.154: [GC (Allocation Failure) [PSYoungGen: 451456K->143648K(520704K)] 640099K->434596K(1918976K), 0.0511536 secs] [Times: user=0.30 sys=0.01, real=0.05 secs] 
5519.015: [GC (Allocation Failure) [PSYoungGen: 488224K->109216K(520704K)] 779172K->534728K(1918976K), 0.0938364 secs] [Times: user=0.56 sys=0.01, real=0.09 secs] 
5520.379: [GC (Allocation Failure) [PSYoungGen: 453792K->144704K(520704K)] 879304K->675148K(1918976K), 0.0526600 secs] [Times: user=0.31 sys=0.00, real=0.05 secs] 
5522.399: [GC (Allocation Failure) [PSYoungGen: 489280K->107616K(521216K)] 1019724K->773549K(1919488K), 0.1140121 secs] [Times: user=0.68 sys=0.00, real=0.11 secs] 
5523.863: [GC (Allocation Failure) [PSYoungGen: 451680K->145536K(489984K)] 1117613K->914497K(1888256K), 0.0519811 secs] [Times: user=0.30 sys=0.00, real=0.06 secs] 
5525.465: [GC (Allocation Failure) [PSYoungGen: 489600K->107040K(521728K)] 1258561K->1012505K(1920000K), 0.0874371 secs] [Times: user=0.52 sys=0.00, real=0.08 secs] 
5526.697: [GC (Allocation Failure) [PSYoungGen: 450080K->143968K(520192K)] 1355545K->1151834K(1918464K), 0.0521269 secs] [Times: user=0.31 sys=0.01, real=0.05 secs] 
5528.523: [GC (Allocation Failure) [PSYoungGen: 487008K->110112K(519168K)] 1494874K->1252282K(1917440K), 0.0833257 secs] [Times: user=0.50 sys=0.01, real=0.08 secs] 
5529.582: [GC (Allocation Failure) [PSYoungGen: 453152K->142176K(519680K)] 1595322K->1390439K(1917952K), 0.0544551 secs] [Times: user=0.32 sys=0.00, real=0.06 secs] 
5529.637: [Full GC (Ergonomics) [PSYoungGen: 142176K->0K(519680K)] [ParOldGen: 1248263K->189156K(1398272K)] 1390439K->189156K(1917952K), [Metaspace: 59686K->59686K(1105920K)], 0.4418793 secs] [Times: user=2.05 sys=0.00, real=0.44 secs] 
5531.872: [GC (GCLocker Initiated GC) [PSYoungGen: 343040K->107968K(520192K)] 532196K->297124K(1918464K), 0.0550756 secs] [Times: user=0.32 sys=0.01, real=0.06 secs] 
5533.814: [GC (Allocation Failure) [PSYoungGen: 452544K->143392K(520704K)] 641703K->436140K(1918976K), 0.0518143 secs] [Times: user=0.30 sys=0.00, real=0.05 secs] 
5536.297: [GC (Allocation Failure) [PSYoungGen: 487968K->104800K(521728K)] 780716K->532012K(1920000K), 0.1397253 secs] [Times: user=0.83 sys=0.00, real=0.14 secs] 
5537.770: [GC (Allocation Failure) [PSYoungGen: 449376K->145536K(490496K)] 876588K->672849K(1888768K), 0.0508205 secs] [Times: user=0.30 sys=0.00, real=0.05 secs] 
5539.232: [GC (Allocation Failure) [PSYoungGen: 490112K->103840K(521216K)] 1017425K->767845K(1919488K), 0.0657763 secs] [Times: user=0.39 sys=0.00, real=0.07 secs] 
5540.663: [GC (Allocation Failure) [PSYoungGen: 446368K->154528K(497152K)] 1110373K->917898K(1895424K), 0.0515895 secs] [Times: user=0.30 sys=0.00, real=0.06 secs] 
5542.775: [GC (Allocation Failure) [PSYoungGen: 497056K->105056K(517120K)] 1260426K->1005746K(1915392K), 0.1495721 secs] [Times: user=0.88 sys=0.00, real=0.15 secs] 
5544.414: [GC (Allocation Failure) [PSYoungGen: 438880K->139104K(473088K)] 1339570K->1140615K(1871360K), 0.0511764 secs] [Times: user=0.30 sys=0.01, real=0.05 secs] 
5545.899: [GC (GCLocker Initiated GC) [PSYoungGen: 472928K->104448K(516608K)] 1474439K->1235543K(1914880K), 0.0689010 secs] [Times: user=0.41 sys=0.00, real=0.07 secs] 
5548.031: [GC (Allocation Failure) [PSYoungGen: 439808K->146560K(515072K)] 1570942K->1378858K(1913344K), 0.0524095 secs] [Times: user=0.31 sys=0.00, real=0.05 secs] 
5548.083: [Full GC (Ergonomics) [PSYoungGen: 146560K->0K(515072K)] [ParOldGen: 1232298K->169101K(1398272K)] 1378858K->169101K(1913344K), [Metaspace: 59686K->59686K(1105920K)], 0.3951679 secs] [Times: user=1.82 sys=0.00, real=0.40 secs] 
5549.737: [GC (Allocation Failure) [PSYoungGen: 335360K->104544K(517632K)] 504461K->273645K(1915904K), 0.0359221 secs] [Times: user=0.21 sys=0.00, real=0.03 secs] 
5551.727: [GC (Allocation Failure) [PSYoungGen: 440416K->136928K(473088K)] 609517K->408314K(1871360K), 0.0519413 secs] [Times: user=0.30 sys=0.00, real=0.05 secs] 
5553.142: [GC (Allocation Failure) [PSYoungGen: 472800K->107936K(518656K)] 744186K->507210K(1916928K), 0.0636112 secs] [Times: user=0.38 sys=0.00, real=0.07 secs] 
5555.133: [GC (Allocation Failure) [PSYoungGen: 446880K->142208K(516096K)] 846154K->647510K(1914368K), 0.0528742 secs] [Times: user=0.31 sys=0.00, real=0.05 secs] 
5556.539: [GC (Allocation Failure) [PSYoungGen: 481152K->112352K(517120K)] 986454K->741527K(1915392K), 0.0633431 secs] [Times: user=0.38 sys=0.00, real=0.06 secs] 
5557.766: [GC (Allocation Failure) [PSYoungGen: 455392K->136704K(518656K)] 1084567K->876483K(1916928K), 0.0543368 secs] [Times: user=0.31 sys=0.00, real=0.05 secs] 
5559.212: [GC (Allocation Failure) [PSYoungGen: 479744K->112992K(517632K)] 1219523K->979539K(1915904K), 0.0656972 secs] [Times: user=0.39 sys=0.00, real=0.07 secs] 
5560.667: [GC (Allocation Failure) [PSYoungGen: 461152K->140672K(520704K)] 1327699K->1118708K(1918976K), 0.0544338 secs] [Times: user=0.32 sys=0.00, real=0.05 secs] 
5562.087: [GC (Allocation Failure) [PSYoungGen: 488832K->111680K(523264K)] 1466868K->1221396K(1921536K), 0.0686333 secs] [Times: user=0.41 sys=0.00, real=0.07 secs] 
5564.063: [GC (Allocation Failure) [PSYoungGen: 464448K->144864K(524288K)] 1574164K->1364105K(1922560K), 0.0544490 secs] [Times: user=0.32 sys=0.00, real=0.06 secs] 
5565.614: [GC (Allocation Failure) [PSYoungGen: 497632K->111680K(525312K)] 1716873K->1466557K(1923584K), 0.0723107 secs] [Times: user=0.43 sys=0.00, real=0.07 secs] 
5565.687: [Full GC (Ergonomics) [PSYoungGen: 111680K->0K(525312K)] [ParOldGen: 1354877K->27660K(1398272K)] 1466557K->27660K(1923584K), [Metaspace: 59686K->59686K(1105920K)], 0.0467709 secs] [Times: user=0.14 sys=0.00, real=0.05 secs] 
5567.554: [GC (Allocation Failure) [PSYoungGen: 352768K->144320K(497152K)] 380428K->171980K(1895424K), 0.0285173 secs] [Times: user=0.17 sys=0.00, real=0.02 secs] 
5568.963: [GC (GCLocker Initiated GC) [PSYoungGen: 497088K->112608K(526848K)] 524749K->275613K(1925120K), 0.0992439 secs] [Times: user=0.59 sys=0.00, real=0.10 secs] 
5570.830: [GC (Allocation Failure) [PSYoungGen: 464864K->144416K(524288K)] 627939K->416760K(1922560K), 0.0536582 secs] [Times: user=0.31 sys=0.00, real=0.06 secs] 
5572.368: [GC (Allocation Failure) [PSYoungGen: 495835K->111168K(524800K)] 768180K->518864K(1923072K), 0.0956382 secs] [Times: user=0.57 sys=0.00, real=0.10 secs] 
5574.090: [GC (Allocation Failure) [PSYoungGen: 462912K->144256K(524288K)] 870608K->660713K(1922560K), 0.0533396 secs] [Times: user=0.31 sys=0.00, real=0.06 secs] 
5575.974: [GC (Allocation Failure) [PSYoungGen: 496000K->109088K(524800K)] 1012457K->760577K(1923072K), 0.1214190 secs] [Times: user=0.72 sys=0.00, real=0.12 secs] 
5577.288: [GC (Allocation Failure) [PSYoungGen: 460320K->147808K(499200K)] 1111809K->904250K(1897472K), 0.0536277 secs] [Times: user=0.32 sys=0.00, real=0.05 secs] 
5579.064: [GC (Allocation Failure) [PSYoungGen: 499040K->110816K(524288K)] 1255482K->1006154K(1922560K), 0.1128142 secs] [Times: user=0.67 sys=0.00, real=0.11 secs] 
5580.219: [GC (Allocation Failure) [PSYoungGen: 458464K->146528K(494592K)] 1353802K->1148219K(1892864K), 0.0534492 secs] [Times: user=0.32 sys=0.00, real=0.05 secs] 
5582.205: [GC (Allocation Failure) [PSYoungGen: 494176K->108640K(523264K)] 1495867K->1248079K(1921536K), 0.0994351 secs] [Times: user=0.59 sys=0.00, real=0.10 secs] 
5583.482: [GC (Allocation Failure) [PSYoungGen: 454752K->146304K(492544K)] 1594191K->1390578K(1890816K), 0.0527792 secs] [Times: user=0.32 sys=0.00, real=0.06 secs] 
5583.535: [Full GC (Ergonomics) [PSYoungGen: 146304K->0K(492544K)] [ParOldGen: 1244274K->195196K(1398272K)] 1390578K->195196K(1890816K), [Metaspace: 59686K->59686K(1105920K)], 0.4538430 secs] [Times: user=2.09 sys=0.00, real=0.45 secs] 
5585.842: [GC (Allocation Failure) [PSYoungGen: 346112K->104832K(521728K)] 541308K->300028K(1920000K), 0.0745386 secs] [Times: user=0.43 sys=0.00, real=0.08 secs] 
5587.245: [GC (Allocation Failure) [PSYoungGen: 448384K->150720K(494592K)] 643580K->447373K(1892864K), 0.0508056 secs] [Times: user=0.29 sys=0.00, real=0.05 secs] 
5588.761: [GC (GCLocker Initiated GC) [PSYoungGen: 494272K->109856K(519680K)] 790925K->539873K(1917952K), 0.1028910 secs] [Times: user=0.61 sys=0.00, real=0.11 secs] 
5590.250: [GC (Allocation Failure) [PSYoungGen: 448288K->140192K(517632K)] 878376K->675833K(1915904K), 0.0515174 secs] [Times: user=0.31 sys=0.00, real=0.05 secs] 
5591.871: [GC (Allocation Failure) [PSYoungGen: 478624K->108640K(517632K)] 1014265K->774857K(1915904K), 0.0661717 secs] [Times: user=0.40 sys=0.01, real=0.07 secs] 
5592.551: [GC (Allocation Failure) [PSYoungGen: 449120K->144256K(517632K)] 1115337K->914938K(1915904K), 0.0522311 secs] [Times: user=0.31 sys=0.00, real=0.06 secs] 
5594.391: [GC (Allocation Failure) [PSYoungGen: 484736K->105664K(520704K)] 1255418K->1011418K(1918976K), 0.1099237 secs] [Times: user=0.65 sys=0.01, real=0.11 secs] 
5595.625: [GC (Allocation Failure) [PSYoungGen: 448192K->144640K(487424K)] 1353946K->1151671K(1885696K), 0.0518365 secs] [Times: user=0.31 sys=0.00, real=0.05 secs] 
5597.077: [GC (Allocation Failure) [PSYoungGen: 487168K->105184K(520704K)] 1494199K->1248015K(1918976K), 0.1020130 secs] [Times: user=0.60 sys=0.00, real=0.10 secs] 
5598.429: [GC (Allocation Failure) [PSYoungGen: 446176K->144096K(519168K)] 1589007K->1387612K(1917440K), 0.0540801 secs] [Times: user=0.31 sys=0.01, real=0.05 secs] 
5598.483: [Full GC (Ergonomics) [PSYoungGen: 144096K->0K(519168K)] [ParOldGen: 1243515K->186745K(1398272K)] 1387612K->186745K(1917440K), [Metaspace: 59686K->59686K(1105920K)], 0.4297599 secs] [Times: user=1.97 sys=0.00, real=0.42 secs] 
5600.928: [GC (Allocation Failure) [PSYoungGen: 340992K->105600K(519168K)] 527737K->292345K(1917440K), 0.0763684 secs] [Times: user=0.45 sys=0.00, real=0.08 secs] 
5602.728: [GC (Allocation Failure) [PSYoungGen: 446592K->140832K(519168K)] 633337K->429078K(1917440K), 0.0506248 secs] [Times: user=0.30 sys=0.00, real=0.05 secs] 
5604.237: [GC (GCLocker Initiated GC) [PSYoungGen: 481824K->106464K(518144K)] 770070K->526038K(1916416K), 0.0980118 secs] [Times: user=0.58 sys=0.00, real=0.10 secs] 
5605.189: [GC (Allocation Failure) [PSYoungGen: 448480K->144224K(519168K)] 868057K->665990K(1917440K), 0.0517166 secs] [Times: user=0.31 sys=0.00, real=0.05 secs] 
5606.929: [GC (Allocation Failure) [PSYoungGen: 486240K->105600K(519680K)] 1008006K->762478K(1917952K), 0.1016945 secs] [Times: user=0.60 sys=0.00, real=0.10 secs] 
5607.981: [GC (Allocation Failure) [PSYoungGen: 448128K->142976K(519680K)] 1105006K->902579K(1917952K), 0.0523872 secs] [Times: user=0.31 sys=0.00, real=0.05 secs] 
5609.783: [GC (Allocation Failure) [PSYoungGen: 485504K->107904K(518656K)] 1245107K->1001059K(1916928K), 0.1181109 secs] [Times: user=0.70 sys=0.01, real=0.12 secs] 
5611.411: [GC (Allocation Failure) [PSYoungGen: 450432K->140640K(519168K)] 1343587K->1138647K(1917440K), 0.0530216 secs] [Times: user=0.30 sys=0.00, real=0.06 secs] 
5612.871: [GC (Allocation Failure) [PSYoungGen: 483168K->108192K(519168K)] 1481175K->1237351K(1917440K), 0.0632275 secs] [Times: user=0.37 sys=0.00, real=0.07 secs] 
5614.467: [GC (Allocation Failure) [PSYoungGen: 452768K->141472K(520192K)] 1581927K->1375908K(1918464K), 0.0539332 secs] [Times: user=0.32 sys=0.00, real=0.05 secs] 
5614.521: [Full GC (Ergonomics) [PSYoungGen: 141472K->0K(520192K)] [ParOldGen: 1234436K->175136K(1398272K)] 1375908K->175136K(1918464K), [Metaspace: 59686K->59686K(1105920K)], 0.4006899 secs] [Times: user=1.84 sys=0.00, real=0.40 secs] 
5616.291: [GC (Allocation Failure) [PSYoungGen: 344576K->108896K(520192K)] 519712K->284032K(1918464K), 0.0506430 secs] [Times: user=0.30 sys=0.00, real=0.05 secs] 
5618.170: [GC (Allocation Failure) [PSYoungGen: 455520K->142464K(521216K)] 630656K->423573K(1919488K), 0.0535729 secs] [Times: user=0.32 sys=0.00, real=0.06 secs] 
5619.598: [GC (Allocation Failure) [PSYoungGen: 489088K->108960K(521728K)] 770197K->523209K(1920000K), 0.0934499 secs] [Times: user=0.55 sys=0.00, real=0.09 secs] 
5620.930: [GC (Allocation Failure) [PSYoungGen: 457120K->142464K(522240K)] 871369K->662222K(1920512K), 0.0529892 secs] [Times: user=0.31 sys=0.00, real=0.06 secs] 
5622.396: [GC (Allocation Failure) [PSYoungGen: 490624K->112992K(520704K)] 1010382K->765498K(1918976K), 0.0645361 secs] [Times: user=0.38 sys=0.00, real=0.06 secs] 
5623.836: [GC (Allocation Failure) [PSYoungGen: 461664K->142816K(521728K)] 1114170K->904463K(1920000K), 0.0540595 secs] [Times: user=0.32 sys=0.00, real=0.05 secs] 
5625.531: [GC (Allocation Failure) [PSYoungGen: 491488K->110304K(523776K)] 1253135K->1005063K(1922048K), 0.0827264 secs] [Times: user=0.49 sys=0.00, real=0.09 secs] 
5626.999: [GC (Allocation Failure) [PSYoungGen: 461024K->146976K(498176K)] 1355783K->1147072K(1896448K), 0.0528852 secs] [Times: user=0.31 sys=0.00, real=0.05 secs] 
5628.859: [GC (GCLocker Initiated GC) [PSYoungGen: 497696K->111296K(524800K)] 1497792K->1248752K(1923072K), 0.1105751 secs] [Times: user=0.65 sys=0.01, real=0.11 secs] 
5630.491: [GC (Allocation Failure) [PSYoungGen: 459456K->144608K(522240K)] 1596951K->1389476K(1920512K), 0.0536970 secs] [Times: user=0.32 sys=0.00, real=0.06 secs] 
5630.545: [Full GC (Ergonomics) [PSYoungGen: 144608K->0K(522240K)] [ParOldGen: 1244868K->188051K(1398272K)] 1389476K->188051K(1920512K), [Metaspace: 59686K->59686K(1105920K)], 0.4475359 secs] [Times: user=2.08 sys=0.01, real=0.44 secs] 
5632.761: [GC (Allocation Failure) [PSYoungGen: 348160K->109472K(522752K)] 536211K->297523K(1921024K), 0.0673584 secs] [Times: user=0.40 sys=0.00, real=0.07 secs] 
5633.943: [GC (Allocation Failure) [PSYoungGen: 457120K->154944K(502784K)] 645171K->448351K(1901056K), 0.0518576 secs] [Times: user=0.31 sys=0.00, real=0.05 secs] 
5635.836: [GC (Allocation Failure) [PSYoungGen: 502592K->108480K(520192K)] 795999K->539399K(1918464K), 0.1127772 secs] [Times: user=0.67 sys=0.00, real=0.11 secs] 
5636.942: [GC (Allocation Failure) [PSYoungGen: 447936K->142464K(518144K)] 878855K->677588K(1916416K), 0.0513685 secs] [Times: user=0.31 sys=0.00, real=0.05 secs] 
5638.640: [GC (Allocation Failure) [PSYoungGen: 481920K->107840K(517120K)] 1017044K->776272K(1915392K), 0.1026337 secs] [Times: user=0.60 sys=0.00, real=0.10 secs] 
5640.077: [GC (Allocation Failure) [PSYoungGen: 448320K->142688K(518144K)] 1116752K->914157K(1916416K), 0.0518447 secs] [Times: user=0.30 sys=0.00, real=0.05 secs] 
5641.903: [GC (Allocation Failure) [PSYoungGen: 483168K->107328K(519168K)] 1254637K->1011965K(1917440K), 0.1272606 secs] [Times: user=0.76 sys=0.00, real=0.13 secs] 
5643.483: [GC (Allocation Failure) [PSYoungGen: 449856K->151744K(494592K)] 1354493K->1159546K(1892864K), 0.0523289 secs] [Times: user=0.31 sys=0.00, real=0.06 secs] 
5645.340: [GC (Allocation Failure) [PSYoungGen: 494272K->107968K(519168K)] 1502074K->1250254K(1917440K), 0.1371920 secs] [Times: user=0.81 sys=0.00, real=0.14 secs] 
5646.287: [GC (Allocation Failure) [PSYoungGen: 445376K->141184K(517120K)] 1587662K->1388266K(1915392K), 0.0528189 secs] [Times: user=0.32 sys=0.00, real=0.05 secs] 
5646.340: [Full GC (Ergonomics) [PSYoungGen: 141184K->0K(517120K)] [ParOldGen: 1247082K->186836K(1398272K)] 1388266K->186836K(1915392K), [Metaspace: 59686K->59686K(1105920K)], 0.4330398 secs] [Times: user=1.97 sys=0.00, real=0.44 secs] 
5648.461: [GC (GCLocker Initiated GC) [PSYoungGen: 337408K->103712K(518144K)] 524244K->290548K(1916416K), 0.0547847 secs] [Times: user=0.32 sys=0.00, real=0.06 secs] 
5650.193: [GC (Allocation Failure) [PSYoungGen: 442144K->140768K(517632K)] 629019K->427423K(1915904K), 0.0499867 secs] [Times: user=0.29 sys=0.00, real=0.05 secs] 
5651.679: [GC (Allocation Failure) [PSYoungGen: 479200K->107808K(516096K)] 765855K->526244K(1914368K), 0.0684658 secs] [Times: user=0.40 sys=0.00, real=0.07 secs] 
5653.210: [GC (Allocation Failure) [PSYoungGen: 448288K->138528K(517632K)] 866724K->661316K(1915904K), 0.0524091 secs] [Times: user=0.31 sys=0.00, real=0.05 secs] 
5654.639: [GC (GCLocker Initiated GC) [PSYoungGen: 479008K->108320K(517632K)] 1001796K->760100K(1915904K), 0.0920184 secs] [Times: user=0.54 sys=0.00, real=0.09 secs] 
5656.098: [GC (Allocation Failure) [PSYoungGen: 452896K->142240K(519680K)] 1104679K->899260K(1917952K), 0.0535121 secs] [Times: user=0.32 sys=0.00, real=0.05 secs] 
5657.893: [GC (Allocation Failure) [PSYoungGen: 486816K->110848K(520192K)] 1243836K->1000388K(1918464K), 0.1219801 secs] [Times: user=0.72 sys=0.00, real=0.13 secs] 
5660.240: [GC (Allocation Failure) [PSYoungGen: 457984K->141952K(521216K)] 1347524K->1139353K(1919488K), 0.0534103 secs] [Times: user=0.32 sys=0.00, real=0.06 secs] 
5661.735: [GC (GCLocker Initiated GC) [PSYoungGen: 489088K->108032K(523264K)] 1486492K->1238020K(1921536K), 0.0844476 secs] [Times: user=0.50 sys=0.00, real=0.08 secs] 
5664.037: [GC (Allocation Failure) [PSYoungGen: 457216K->142112K(523264K)] 1587211K->1377368K(1921536K), 0.0530434 secs] [Times: user=0.31 sys=0.00, real=0.05 secs] 
5665.497: [GC (Allocation Failure) [PSYoungGen: 491296K->111264K(521216K)] 1726552K->1479640K(1919488K), 0.0939265 secs] [Times: user=0.56 sys=0.00, real=0.09 secs] 
5665.590: [Full GC (Ergonomics) [PSYoungGen: 111264K->0K(521216K)] [ParOldGen: 1368376K->39735K(1398272K)] 1479640K->39735K(1919488K), [Metaspace: 59686K->59686K(1105920K)], 0.0839013 secs] [Times: user=0.34 sys=0.00, real=0.09 secs] 
5667.579: [GC (Allocation Failure) [PSYoungGen: 349184K->143104K(522240K)] 388919K->182839K(1920512K), 0.0282943 secs] [Times: user=0.17 sys=0.00, real=0.03 secs] 
5669.155: [GC (Allocation Failure) [PSYoungGen: 492288K->112064K(523776K)] 532023K->285711K(1922048K), 0.0757885 secs] [Times: user=0.45 sys=0.00, real=0.07 secs] 
5670.313: [GC (Allocation Failure) [PSYoungGen: 462784K->146336K(497152K)] 636431K->427900K(1895424K), 0.0533198 secs] [Times: user=0.32 sys=0.00, real=0.06 secs] 
5671.820: [GC (Allocation Failure) [PSYoungGen: 497056K->112064K(525312K)] 778620K->530416K(1923584K), 0.0698364 secs] [Times: user=0.41 sys=0.01, real=0.07 secs] 
5673.247: [GC (Allocation Failure) [PSYoungGen: 461248K->146976K(496640K)] 879600K->673605K(1894912K), 0.0536099 secs] [Times: user=0.31 sys=0.00, real=0.05 secs] 
5675.618: [GC (GCLocker Initiated GC) [PSYoungGen: 496160K->106432K(523264K)] 1022789K->771237K(1921536K), 0.1313354 secs] [Times: user=0.66 sys=0.00, real=0.13 secs] 
5676.525: [GC (Allocation Failure) [PSYoungGen: 453056K->140128K(522240K)] 1134249K->923638K(1920512K), 0.2344806 secs] [Times: user=1.40 sys=0.00, real=0.23 secs] 
5678.856: [GC (Allocation Failure) [PSYoungGen: 486752K->96064K(522752K)] 1270262K->1019606K(1921024K), 0.3791772 secs] [Times: user=2.26 sys=0.00, real=0.38 secs] 
5679.827: [GC (GCLocker Initiated GC) [PSYoungGen: 442688K->147392K(494080K)] 1366230K->1163311K(1892352K), 0.0536253 secs] [Times: user=0.32 sys=0.00, real=0.05 secs] 
5681.776: [GC (Allocation Failure) [PSYoungGen: 494016K->94528K(519168K)] 1514033K->1261217K(1917440K), 0.0877625 secs] [Times: user=0.52 sys=0.00, real=0.09 secs] 
5682.922: [GC (Allocation Failure) [PSYoungGen: 433984K->146912K(486400K)] 1600673K->1406062K(1884672K), 0.0669870 secs] [Times: user=0.39 sys=0.00, real=0.07 secs] 
5682.989: [Full GC (Ergonomics) [PSYoungGen: 146912K->0K(486400K)] [ParOldGen: 1259150K->204943K(1398272K)] 1406062K->204943K(1884672K), [Metaspace: 59686K->59686K(1105920K)], 0.4712706 secs] [Times: user=2.14 sys=0.00, real=0.47 secs] 
5685.509: [GC (Allocation Failure) [PSYoungGen: 339456K->93664K(516096K)] 544399K->298607K(1914368K), 0.1596108 secs] [Times: user=0.95 sys=0.00, real=0.16 secs] 
5686.829: [GC (Allocation Failure) [PSYoungGen: 426976K->139072K(516096K)] 631919K->433948K(1914368K), 0.0497942 secs] [Times: user=0.29 sys=0.00, real=0.05 secs] 
5688.573: [GC (Allocation Failure) [PSYoungGen: 472384K->103520K(512000K)] 767260K->528932K(1910272K), 0.1004082 secs] [Times: user=0.59 sys=0.00, real=0.11 secs] 
5689.933: [GC (GCLocker Initiated GC) [PSYoungGen: 436832K->139680K(514048K)] 862246K->664262K(1912320K), 0.0503368 secs] [Times: user=0.30 sys=0.00, real=0.05 secs] 
5691.387: [GC (Allocation Failure) [PSYoungGen: 472992K->104736K(513536K)] 997577K->759781K(1911808K), 0.0785439 secs] [Times: user=0.47 sys=0.00, real=0.08 secs] 
5692.833: [GC (Allocation Failure) [PSYoungGen: 441632K->140352K(515584K)] 1096677K->895977K(1913856K), 0.0511271 secs] [Times: user=0.30 sys=0.00, real=0.06 secs] 
5694.235: [GC (Allocation Failure) [PSYoungGen: 475752K->106688K(516096K)] 1231378K->993505K(1914368K), 0.0646851 secs] [Times: user=0.38 sys=0.01, real=0.06 secs] 
5694.984: [GC (Allocation Failure) [PSYoungGen: 447168K->141792K(517632K)] 1333985K->1132446K(1915904K), 0.0535145 secs] [Times: user=0.32 sys=0.00, real=0.05 secs] 
5696.623: [GC (Allocation Failure) [PSYoungGen: 482272K->107072K(518656K)] 1472926K->1230246K(1916928K), 0.1173465 secs] [Times: user=0.70 sys=0.01, real=0.12 secs] 
5698.104: [GC (Allocation Failure) [PSYoungGen: 449600K->150400K(493056K)] 1572774K->1377765K(1891328K), 0.0544585 secs] [Times: user=0.32 sys=0.00, real=0.05 secs] 
5699.521: [GC (Allocation Failure) [PSYoungGen: 492928K->108352K(520192K)] 1720293K->1468925K(1918464K), 0.0652938 secs] [Times: user=0.39 sys=0.00, real=0.07 secs] 
5699.587: [Full GC (Ergonomics) [PSYoungGen: 108352K->0K(520192K)] [ParOldGen: 1360573K->38282K(1398272K)] 1468925K->38282K(1918464K), [Metaspace: 59686K->59686K(1105920K)], 0.0842435 secs] [Times: user=0.32 sys=0.00, real=0.08 secs] 
5701.923: [GC (Allocation Failure) [PSYoungGen: 338944K->137728K(517632K)] 377226K->176010K(1915904K), 0.0274509 secs] [Times: user=0.16 sys=0.00, real=0.02 secs] 
5703.378: [GC (GCLocker Initiated GC) [PSYoungGen: 476672K->105088K(518144K)] 514954K->272058K(1916416K), 0.0618192 secs] [Times: user=0.37 sys=0.00, real=0.06 secs] 
5704.860: [GC (Allocation Failure) [PSYoungGen: 446080K->139872K(517632K)] 613121K->409545K(1915904K), 0.0510603 secs] [Times: user=0.30 sys=0.00, real=0.05 secs] 
5706.297: [GC (GCLocker Initiated GC) [PSYoungGen: 480864K->109952K(517120K)] 750537K->509673K(1915392K), 0.0709020 secs] [Times: user=0.38 sys=0.00, real=0.07 secs] 
5708.256: [GC (Allocation Failure) [PSYoungGen: 454528K->140800K(519168K)] 854252K->647832K(1917440K), 0.0531514 secs] [Times: user=0.31 sys=0.01, real=0.05 secs] 
5709.669: [GC (Allocation Failure) [PSYoungGen: 485376K->109504K(520704K)] 992408K->748173K(1918976K), 0.0641728 secs] [Times: user=0.38 sys=0.00, real=0.06 secs] 
5710.866: [GC (Allocation Failure) [PSYoungGen: 457664K->142624K(521728K)] 1096333K->888025K(1920000K), 0.0531976 secs] [Times: user=0.31 sys=0.01, real=0.05 secs] 
5712.257: [GC (GCLocker Initiated GC) [PSYoungGen: 490784K->112480K(522240K)] 1236186K->990722K(1920512K), 0.0650166 secs] [Times: user=0.39 sys=0.00, real=0.06 secs] 
5714.000: [GC (Allocation Failure) [PSYoungGen: 462176K->150752K(500736K)] 1340457K->1138856K(1899008K), 0.0539087 secs] [Times: user=0.32 sys=0.00, real=0.06 secs] 
5715.403: [GC (Allocation Failure) [PSYoungGen: 500448K->114176K(523776K)] 1488552K->1234936K(1922048K), 0.0641202 secs] [Times: user=0.38 sys=0.00, real=0.07 secs] 
5716.508: [GC (Allocation Failure) [PSYoungGen: 459776K->143968K(520704K)] 1580536K->1375885K(1918976K), 0.0554350 secs] [Times: user=0.32 sys=0.00, real=0.06 secs] 
5717.915: [GC (Allocation Failure) [PSYoungGen: 489568K->108224K(522240K)] 1721485K->1475049K(1920512K), 0.0645620 secs] [Times: user=0.38 sys=0.00, real=0.06 secs] 
5717.979: [Full GC (Ergonomics) [PSYoungGen: 108224K->0K(522240K)] [ParOldGen: 1366825K->41776K(1398272K)] 1475049K->41776K(1920512K), [Metaspace: 59686K->59686K(1105920K)], 0.0837121 secs] [Times: user=0.33 sys=0.00, real=0.09 secs] 
5719.317: [GC (Allocation Failure) [PSYoungGen: 347136K->144576K(492032K)] 388912K->186352K(1890304K), 0.0290779 secs] [Times: user=0.17 sys=0.00, real=0.03 secs] 
5720.847: [GC (Allocation Failure) [PSYoungGen: 491712K->107904K(523264K)] 533488K->285012K(1921536K), 0.0917995 secs] [Times: user=0.55 sys=0.00, real=0.09 secs] 
5722.562: [GC (Allocation Failure) [PSYoungGen: 454016K->145792K(492032K)] 631124K->426613K(1890304K), 0.0521246 secs] [Times: user=0.31 sys=0.00, real=0.06 secs] 
5723.937: [GC (Allocation Failure) [PSYoungGen: 491904K->108928K(522752K)] 772725K->526281K(1921024K), 0.0641008 secs] [Times: user=0.38 sys=0.00, real=0.06 secs] 
5725.706: [GC (Allocation Failure) [PSYoungGen: 453504K->142880K(520704K)] 870857K->665222K(1918976K), 0.0523121 secs] [Times: user=0.31 sys=0.00, real=0.05 secs] 
5727.221: [GC (Allocation Failure) [PSYoungGen: 487456K->109568K(520192K)] 1009798K->765438K(1918464K), 0.0643896 secs] [Times: user=0.38 sys=0.00, real=0.07 secs] 
5728.598: [GC (Allocation Failure) [PSYoungGen: 454656K->143936K(520704K)] 1110526K->905170K(1918976K), 0.0526172 secs] [Times: user=0.31 sys=0.00, real=0.05 secs] 
5729.982: [GC (Allocation Failure) [PSYoungGen: 489024K->109888K(521216K)] 1250258K->1005898K(1919488K), 0.0654972 secs] [Times: user=0.38 sys=0.01, real=0.07 secs] 
5730.829: [GC (Allocation Failure) [PSYoungGen: 455488K->154272K(500224K)] 1351498K->1156263K(1898496K), 0.0533566 secs] [Times: user=0.31 sys=0.00, real=0.05 secs] 
5732.514: [GC (Allocation Failure) [PSYoungGen: 499872K->106432K(519168K)] 1501863K->1245335K(1917440K), 0.1012701 secs] [Times: user=0.60 sys=0.00, real=0.10 secs] 
5733.328: [GC (Allocation Failure) [PSYoungGen: 444352K->142944K(517632K)] 1583255K->1384052K(1915904K), 0.0530504 secs] [Times: user=0.31 sys=0.00, real=0.05 secs] 
5733.381: [Full GC (Ergonomics) [PSYoungGen: 142944K->0K(517632K)] [ParOldGen: 1241108K->187160K(1398272K)] 1384052K->187160K(1915904K), [Metaspace: 59686K->59686K(1105920K)], 0.4422353 secs] [Times: user=2.03 sys=0.00, real=0.45 secs] 
5735.210: [GC (GCLocker Initiated GC) [PSYoungGen: 337920K->105024K(517120K)] 525080K->292185K(1915392K), 0.0345599 secs] [Times: user=0.21 sys=0.00, real=0.04 secs] 
5737.116: [GC (Allocation Failure) [PSYoungGen: 443456K->140224K(517632K)] 630687K->428548K(1915904K), 0.0504876 secs] [Times: user=0.29 sys=0.00, real=0.05 secs] 
5738.578: [GC (Allocation Failure) [PSYoungGen: 478656K->108096K(515584K)] 766980K->527508K(1913856K), 0.0633447 secs] [Times: user=0.37 sys=0.00, real=0.06 secs] 
5740.549: [GC (Allocation Failure) [PSYoungGen: 448576K->139968K(517632K)] 867988K->661433K(1915904K), 0.0511228 secs] [Times: user=0.30 sys=0.00, real=0.05 secs] 
5742.032: [GC (Allocation Failure) [PSYoungGen: 480448K->105216K(519168K)] 1001913K->757641K(1917440K), 0.0635844 secs] [Times: user=0.38 sys=0.00, real=0.07 secs] 
5743.374: [GC (Allocation Failure) [PSYoungGen: 449280K->142848K(520192K)] 1101705K->897558K(1918464K), 0.0520664 secs] [Times: user=0.31 sys=0.00, real=0.05 secs] 
5744.793: [GC (Allocation Failure) [PSYoungGen: 486912K->109088K(520192K)] 1241622K->997326K(1918464K), 0.0645689 secs] [Times: user=0.38 sys=0.00, real=0.06 secs] 
5746.418: [GC (Allocation Failure) [PSYoungGen: 454176K->141568K(520704K)] 1342414K->1135595K(1918976K), 0.0534202 secs] [Times: user=0.31 sys=0.00, real=0.05 secs] 
5747.809: [GC (Allocation Failure) [PSYoungGen: 486656K->112832K(519168K)] 1480683K->1238743K(1917440K), 0.0645975 secs] [Times: user=0.38 sys=0.00, real=0.07 secs] 
5748.609: [GC (Allocation Failure) [PSYoungGen: 459456K->144704K(520704K)] 1585367K->1380443K(1918976K), 0.0548602 secs] [Times: user=0.32 sys=0.00, real=0.06 secs] 
5748.664: [Full GC (Ergonomics) [PSYoungGen: 144704K->0K(520704K)] [ParOldGen: 1235739K->179710K(1398272K)] 1380443K->179710K(1918976K), [Metaspace: 59691K->59691K(1105920K)], 0.4280874 secs] [Times: user=2.00 sys=0.00, real=0.42 secs] 
5750.393: [GC (Allocation Failure) [PSYoungGen: 346624K->109888K(522752K)] 526334K->289598K(1921024K), 0.0340900 secs] [Times: user=0.20 sys=0.00, real=0.03 secs] 
5751.601: [GC (Allocation Failure) [PSYoungGen: 457536K->145568K(493568K)] 637246K->429122K(1891840K), 0.0525870 secs] [Times: user=0.31 sys=0.00, real=0.06 secs] 
5752.980: [GC (Allocation Failure) [PSYoungGen: 493216K->108992K(523776K)] 776770K->529307K(1922048K), 0.0648476 secs] [Times: user=0.39 sys=0.00, real=0.07 secs] 
5754.723: [GC (Allocation Failure) [PSYoungGen: 455616K->152480K(499200K)] 875931K->677799K(1897472K), 0.0523866 secs] [Times: user=0.31 sys=0.00, real=0.05 secs] 
5756.213: [GC (Allocation Failure) [PSYoungGen: 499104K->108224K(520192K)] 1024423K->768687K(1918464K), 0.0824551 secs] [Times: user=0.48 sys=0.01, real=0.08 secs] 
5757.434: [GC (Allocation Failure) [PSYoungGen: 448192K->142400K(518656K)] 1108655K->906459K(1916928K), 0.0522946 secs] [Times: user=0.30 sys=0.00, real=0.05 secs] 
5758.849: [GC (Allocation Failure) [PSYoungGen: 482368K->107872K(518144K)] 1246427K->1004903K(1916416K), 0.0636923 secs] [Times: user=0.38 sys=0.00, real=0.07 secs] 
5760.547: [GC (Allocation Failure) [PSYoungGen: 448864K->140288K(518656K)] 1345895K->1141187K(1916928K), 0.0524041 secs] [Times: user=0.31 sys=0.00, real=0.05 secs] 
5761.917: [GC (Allocation Failure) [PSYoungGen: 481280K->109536K(517120K)] 1482179K->1240955K(1915392K), 0.0645503 secs] [Times: user=0.38 sys=0.00, real=0.06 secs] 
5763.587: [GC (Allocation Failure) [PSYoungGen: 453088K->141024K(519168K)] 1584507K->1378112K(1917440K), 0.0533743 secs] [Times: user=0.32 sys=0.00, real=0.05 secs] 
5763.641: [Full GC (Ergonomics) [PSYoungGen: 141024K->0K(519168K)] [ParOldGen: 1237088K->176967K(1398272K)] 1378112K->176967K(1917440K), [Metaspace: 59691K->59691K(1105920K)], 0.4062412 secs] [Times: user=1.87 sys=0.00, real=0.41 secs] 
5765.336: [GC (Allocation Failure) [PSYoungGen: 343552K->109792K(520192K)] 520519K->286759K(1918464K), 0.0344728 secs] [Times: user=0.20 sys=0.00, real=0.03 secs] 
5766.948: [GC (Allocation Failure) [PSYoungGen: 456416K->141440K(521216K)] 633383K->425320K(1919488K), 0.0527993 secs] [Times: user=0.31 sys=0.00, real=0.05 secs] 
5768.339: [GC (Allocation Failure) [PSYoungGen: 488064K->109824K(521216K)] 771944K->526064K(1919488K), 0.0632111 secs] [Times: user=0.37 sys=0.00, real=0.06 secs] 
5769.887: [GC (Allocation Failure) [PSYoungGen: 458496K->144448K(522240K)] 874736K->666725K(1920512K), 0.0532951 secs] [Times: user=0.31 sys=0.00, real=0.05 secs] 
5771.273: [GC (GCLocker Initiated GC) [PSYoungGen: 493120K->111328K(522752K)] 1015397K->768837K(1921024K), 0.0660150 secs] [Times: user=0.38 sys=0.00, real=0.06 secs] 
5772.174: [GC (Allocation Failure) [PSYoungGen: 460512K->155872K(505344K)] 1118060K->920603K(1903616K), 0.0548155 secs] [Times: user=0.32 sys=0.00, real=0.05 secs] 
5773.711: [GC (Allocation Failure) [PSYoungGen: 505056K->109408K(520704K)] 1269787K->1012699K(1918976K), 0.1102552 secs] [Times: user=0.65 sys=0.00, real=0.11 secs] 
5774.475: [GC (Allocation Failure) [PSYoungGen: 449888K->143936K(518656K)] 1353179K->1152496K(1916928K), 0.0528333 secs] [Times: user=0.30 sys=0.01, real=0.05 secs] 
5776.461: [GC (Allocation Failure) [PSYoungGen: 484416K->105600K(519168K)] 1492976K->1248976K(1917440K), 0.1444898 secs] [Times: user=0.85 sys=0.00, real=0.15 secs] 
5777.597: [GC (Allocation Failure) [PSYoungGen: 446592K->142624K(519168K)] 1589968K->1387249K(1917440K), 0.0518311 secs] [Times: user=0.30 sys=0.00, real=0.05 secs] 
5777.649: [Full GC (Ergonomics) [PSYoungGen: 142624K->0K(519168K)] [ParOldGen: 1244625K->186081K(1398272K)] 1387249K->186081K(1917440K), [Metaspace: 59691K->59691K(1105920K)], 0.4302678 secs] [Times: user=1.96 sys=0.00, real=0.43 secs] 
5779.338: [GC (GCLocker Initiated GC) [PSYoungGen: 340992K->104064K(519680K)] 527074K->290146K(1917952K), 0.0323428 secs] [Times: user=0.19 sys=0.00, real=0.03 secs] 
5780.830: [GC (Allocation Failure) [PSYoungGen: 445568K->142208K(519680K)] 631653K->427889K(1917952K), 0.0502039 secs] [Times: user=0.29 sys=0.01, real=0.05 secs] 
5782.409: [GC (Allocation Failure) [PSYoungGen: 482923K->106304K(518656K)] 768605K->524897K(1916928K), 0.0717657 secs] [Times: user=0.43 sys=0.00, real=0.07 secs] 
5783.965: [GC (Allocation Failure) [PSYoungGen: 447808K->140672K(519168K)] 866401K->662138K(1917440K), 0.0516329 secs] [Times: user=0.30 sys=0.00, real=0.05 secs] 
5785.402: [GC (Allocation Failure) [PSYoungGen: 482176K->109152K(517632K)] 1003642K->761754K(1915904K), 0.0645724 secs] [Times: user=0.38 sys=0.00, real=0.07 secs] 
5787.034: [GC (Allocation Failure) [PSYoungGen: 452192K->139904K(519168K)] 1104794K->898317K(1917440K), 0.0536527 secs] [Times: user=0.32 sys=0.00, real=0.05 secs] 
5788.519: [GC (Allocation Failure) [PSYoungGen: 482944K->110432K(518144K)] 1241357K->999077K(1916416K), 0.0987370 secs] [Times: user=0.59 sys=0.00, real=0.10 secs] 
5789.919: [GC (Allocation Failure) [PSYoungGen: 456544K->143040K(520192K)] 1345189K->1139318K(1918464K), 0.0544261 secs] [Times: user=0.32 sys=0.00, real=0.06 secs] 
5791.303: [GC (Allocation Failure) [PSYoungGen: 489152K->109280K(522752K)] 1485430K->1239630K(1921024K), 0.0663448 secs] [Times: user=0.39 sys=0.00, real=0.06 secs] 
5793.431: [GC (Allocation Failure) [PSYoungGen: 457952K->142912K(522752K)] 1588302K->1379459K(1921024K), 0.0556390 secs] [Times: user=0.33 sys=0.00, real=0.06 secs] 
5793.487: [Full GC (Ergonomics) [PSYoungGen: 142912K->0K(522752K)] [ParOldGen: 1236547K->178740K(1398272K)] 1379459K->178740K(1921024K), [Metaspace: 59691K->59691K(1105920K)], 0.4221314 secs] [Times: user=1.96 sys=0.00, real=0.42 secs] 
5795.185: [GC (Allocation Failure) [PSYoungGen: 348672K->111424K(522240K)] 527412K->290164K(1920512K), 0.0338771 secs] [Times: user=0.20 sys=0.00, real=0.03 secs] 
5797.817: [GC (Allocation Failure) [PSYoungGen: 460608K->142400K(522752K)] 639348K->426173K(1921024K), 0.0529568 secs] [Times: user=0.31 sys=0.00, real=0.05 secs] 
5799.246: [GC (Allocation Failure) [PSYoungGen: 491584K->112384K(521728K)] 775357K->529321K(1920000K), 0.0654267 secs] [Times: user=0.39 sys=0.00, real=0.06 secs] 
5800.522: [GC (Allocation Failure) [PSYoungGen: 462592K->146944K(522752K)] 879529K->670753K(1921024K), 0.0528466 secs] [Times: user=0.31 sys=0.00, real=0.06 secs] 
5802.121: [GC (Allocation Failure) [PSYoungGen: 497152K->111872K(524288K)] 1020961K->773505K(1922560K), 0.0893936 secs] [Times: user=0.53 sys=0.00, real=0.09 secs] 
5803.217: [GC (Allocation Failure) [PSYoungGen: 460544K->145856K(494592K)] 1122177K->915541K(1892864K), 0.0545321 secs] [Times: user=0.32 sys=0.00, real=0.05 secs] 
5804.799: [GC (GCLocker Initiated GC) [PSYoungGen: 494528K->109088K(524288K)] 1264214K->1015590K(1922560K), 0.1014150 secs] [Times: user=0.59 sys=0.01, real=0.10 secs] 
5805.525: [GC (Allocation Failure) [PSYoungGen: 456736K->155328K(503296K)] 1363276K->1166745K(1901568K), 0.0535825 secs] [Times: user=0.31 sys=0.00, real=0.05 secs] 
5807.642: [GC (Allocation Failure) [PSYoungGen: 502976K->106624K(519680K)] 1514393K->1256121K(1917952K), 0.1271755 secs] [Times: user=0.76 sys=0.00, real=0.13 secs] 
5808.847: [GC (Allocation Failure) [PSYoungGen: 445568K->143456K(518144K)] 1595065K->1395246K(1916416K), 0.0517342 secs] [Times: user=0.30 sys=0.00, real=0.05 secs] 
5808.899: [Full GC (Ergonomics) [PSYoungGen: 143456K->0K(518144K)] [ParOldGen: 1251790K->193754K(1398272K)] 1395246K->193754K(1916416K), [Metaspace: 59692K->59692K(1105920K)], 0.4636515 secs] [Times: user=2.14 sys=0.00, real=0.46 secs] 
5810.882: [GC (Allocation Failure) [PSYoungGen: 338944K->105280K(518656K)] 532698K->299034K(1916928K), 0.0536743 secs] [Times: user=0.32 sys=0.00, real=0.06 secs] 
5812.184: [GC (Allocation Failure) [PSYoungGen: 444736K->142592K(518656K)] 638490K->437311K(1916928K), 0.0495491 secs] [Times: user=0.29 sys=0.00, real=0.05 secs] 
5814.199: [GC (Allocation Failure) [PSYoungGen: 482048K->105440K(518144K)] 776767K->533663K(1916416K), 0.1336211 secs] [Times: user=0.79 sys=0.01, real=0.13 secs] 
5815.630: [GC (Allocation Failure) [PSYoungGen: 445408K->141632K(518656K)] 873631K->671228K(1916928K), 0.0511273 secs] [Times: user=0.29 sys=0.00, real=0.05 secs] 
5817.277: [GC (Allocation Failure) [PSYoungGen: 481600K->106304K(517632K)] 1011196K->768316K(1915904K), 0.0904570 secs] [Times: user=0.53 sys=0.00, real=0.09 secs] 
5818.851: [GC (Allocation Failure) [PSYoungGen: 447296K->143072K(518656K)] 1109308K->906793K(1916928K), 0.0517159 secs] [Times: user=0.30 sys=0.00, real=0.05 secs] 
5820.256: [GC (Allocation Failure) [PSYoungGen: 484064K->103968K(519680K)] 1247785K->1001777K(1917952K), 0.0644544 secs] [Times: user=0.38 sys=0.00, real=0.06 secs] 
5821.058: [GC (Allocation Failure) [PSYoungGen: 445984K->144096K(486400K)] 1343793K->1142133K(1884672K), 0.0530351 secs] [Times: user=0.31 sys=0.00, real=0.05 secs] 
5822.518: [GC (Allocation Failure) [PSYoungGen: 486112K->107232K(521216K)] 1484149K->1239933K(1919488K), 0.0772124 secs] [Times: user=0.46 sys=0.00, real=0.08 secs] 
5823.848: [GC (Allocation Failure) [PSYoungGen: 448736K->143328K(519168K)] 1581437K->1379282K(1917440K), 0.0543863 secs] [Times: user=0.32 sys=0.00, real=0.05 secs] 
5823.903: [Full GC (Ergonomics) [PSYoungGen: 143328K->0K(519168K)] [ParOldGen: 1235954K->179448K(1398272K)] 1379282K->179448K(1917440K), [Metaspace: 59692K->59692K(1105920K)], 0.4132993 secs] [Times: user=1.91 sys=0.00, real=0.42 secs] 
5825.612: [GC (Allocation Failure) [PSYoungGen: 341504K->107008K(518656K)] 520952K->286457K(1916928K), 0.0339102 secs] [Times: user=0.20 sys=0.00, real=0.04 secs] 
5827.059: [GC (Allocation Failure) [PSYoungGen: 449024K->140288K(519168K)] 628473K->423717K(1917440K), 0.0522764 secs] [Times: user=0.30 sys=0.00, real=0.05 secs] 
5828.519: [GC (Allocation Failure) [PSYoungGen: 482304K->109568K(517632K)] 765733K->523953K(1915904K), 0.0635825 secs] [Times: user=0.37 sys=0.00, real=0.06 secs] 
5829.806: [GC (Allocation Failure) [PSYoungGen: 453120K->139680K(519168K)] 867505K->660473K(1917440K), 0.0529473 secs] [Times: user=0.31 sys=0.00, real=0.05 secs] 
5831.258: [GC (GCLocker Initiated GC) [PSYoungGen: 483232K->112096K(518656K)] 1004025K->762713K(1916928K), 0.0632979 secs] [Times: user=0.37 sys=0.00, real=0.06 secs] 
5832.274: [GC (Allocation Failure) [PSYoungGen: 459232K->146496K(520704K)] 1109852K->906169K(1918976K), 0.0539878 secs] [Times: user=0.32 sys=0.00, real=0.05 secs] 
5833.690: [GC (Allocation Failure) [PSYoungGen: 493632K->107840K(523776K)] 1253305K->1005113K(1922048K), 0.0645709 secs] [Times: user=0.38 sys=0.00, real=0.07 secs] 
5835.163: [GC (Allocation Failure) [PSYoungGen: 454976K->145280K(492544K)] 1352249K->1146557K(1890816K), 0.0530108 secs] [Times: user=0.31 sys=0.00, real=0.05 secs] 
5836.573: [GC (Allocation Failure) [PSYoungGen: 492416K->107936K(523264K)] 1493693K->1245405K(1921536K), 0.0657959 secs] [Times: user=0.39 sys=0.00, real=0.07 secs] 
5838.172: [GC (Allocation Failure) [PSYoungGen: 453536K->143584K(521216K)] 1591005K->1385170K(1919488K), 0.0531099 secs] [Times: user=0.32 sys=0.00, real=0.06 secs] 
5838.225: [Full GC (Ergonomics) [PSYoungGen: 143584K->0K(521216K)] [ParOldGen: 1241586K->184128K(1398272K)] 1385170K->184128K(1919488K), [Metaspace: 59692K->59692K(1105920K)], 0.4343632 secs] [Times: user=2.01 sys=0.00, real=0.43 secs] 
5840.097: [GC (Allocation Failure) [PSYoungGen: 345600K->108192K(521216K)] 529728K->292320K(1919488K), 0.0442698 secs] [Times: user=0.26 sys=0.00, real=0.04 secs] 
5841.675: [GC (Allocation Failure) [PSYoungGen: 453792K->145696K(491520K)] 637920K->433477K(1889792K), 0.0522123 secs] [Times: user=0.31 sys=0.00, real=0.05 secs] 
5843.163: [GC (Allocation Failure) [PSYoungGen: 491296K->108448K(522752K)] 779077K->532609K(1921024K), 0.0667615 secs] [Times: user=0.39 sys=0.00, real=0.06 secs] 
5844.016: [GC (Allocation Failure) [PSYoungGen: 453024K->143232K(520704K)] 877185K->671350K(1918976K), 0.0520014 secs] [Times: user=0.31 sys=0.01, real=0.05 secs] 
5845.629: [GC (Allocation Failure) [PSYoungGen: 487808K->111008K(519680K)] 1015926K->772270K(1917952K), 0.0680087 secs] [Times: user=0.41 sys=0.00, real=0.07 secs] 
5846.463: [GC (Allocation Failure) [PSYoungGen: 455584K->146208K(520192K)] 1116846K->914075K(1918464K), 0.0531638 secs] [Times: user=0.32 sys=0.00, real=0.06 secs] 
5848.440: [GC (Allocation Failure) [PSYoungGen: 490784K->106752K(521728K)] 1258651K->1011763K(1920000K), 0.1013882 secs] [Times: user=0.60 sys=0.00, real=0.10 secs] 
5849.880: [GC (Allocation Failure) [PSYoungGen: 450816K->143520K(520704K)] 1355827K->1151407K(1918976K), 0.0513495 secs] [Times: user=0.30 sys=0.00, real=0.05 secs] 
5851.517: [GC (Allocation Failure) [PSYoungGen: 487584K->107360K(520704K)] 1495471K->1250168K(1918976K), 0.0888136 secs] [Times: user=0.52 sys=0.00, real=0.09 secs] 
5852.720: [GC (Allocation Failure) [PSYoungGen: 451424K->144928K(489472K)] 1594232K->1391040K(1887744K), 0.0535520 secs] [Times: user=0.32 sys=0.00, real=0.06 secs] 
5852.773: [Full GC (Ergonomics) [PSYoungGen: 144928K->0K(489472K)] [ParOldGen: 1246112K->190344K(1398272K)] 1391040K->190344K(1887744K), [Metaspace: 59694K->59694K(1105920K)], 0.4449400 secs] [Times: user=2.05 sys=0.00, real=0.44 secs] 
5854.916: [GC (Allocation Failure) [PSYoungGen: 344064K->103904K(521216K)] 534408K->294248K(1919488K), 0.0625672 secs] [Times: user=0.36 sys=0.01, real=0.06 secs] 
5856.632: [GC (Allocation Failure) [PSYoungGen: 446432K->142560K(520192K)] 636776K->432333K(1918464K), 0.0501360 secs] [Times: user=0.29 sys=0.00, real=0.05 secs] 
5858.333: [GC (GCLocker Initiated GC) [PSYoungGen: 485088K->104736K(520192K)] 774861K->527861K(1918464K), 0.1011932 secs] [Times: user=0.60 sys=0.01, real=0.11 secs] 
5859.978: [GC (Allocation Failure) [PSYoungGen: 447264K->150368K(493056K)] 870460K->674535K(1891328K), 0.0513712 secs] [Times: user=0.31 sys=0.00, real=0.05 secs] 
5861.652: [GC (Allocation Failure) [PSYoungGen: 492896K->107936K(519168K)] 1017063K->765279K(1917440K), 0.0833433 secs] [Times: user=0.50 sys=0.00, real=0.09 secs] 
5863.558: [GC (Allocation Failure) [PSYoungGen: 445344K->141120K(517120K)] 1102687K->902268K(1915392K), 0.0524353 secs] [Times: user=0.31 sys=0.00, real=0.05 secs] 
5864.930: [GC (Allocation Failure) [PSYoungGen: 478528K->104736K(517632K)] 1239676K->998116K(1915904K), 0.0639908 secs] [Times: user=0.38 sys=0.00, real=0.07 secs] 
5866.945: [GC (Allocation Failure) [PSYoungGen: 443680K->139488K(517632K)] 1337060K->1134504K(1915904K), 0.0512941 secs] [Times: user=0.31 sys=0.00, real=0.05 secs] 
5868.396: [GC (Allocation Failure) [PSYoungGen: 478432K->106496K(516096K)] 1473448K->1231940K(1914368K), 0.0639898 secs] [Times: user=0.38 sys=0.00, real=0.06 secs] 
5870.199: [GC (Allocation Failure) [PSYoungGen: 448000K->139584K(518144K)] 1573444K->1368785K(1916416K), 0.0524752 secs] [Times: user=0.30 sys=0.00, real=0.05 secs] 
5871.590: [GC (Allocation Failure) [PSYoungGen: 481088K->108640K(518656K)] 1710289K->1468193K(1916928K), 0.0655780 secs] [Times: user=0.39 sys=0.01, real=0.07 secs] 
5871.656: [Full GC (Ergonomics) [PSYoungGen: 108640K->0K(518656K)] [ParOldGen: 1359553K->29610K(1398272K)] 1468193K->29610K(1916928K), [Metaspace: 59694K->59694K(1105920K)], 0.0551882 secs] [Times: user=0.19 sys=0.00, real=0.05 secs] 
5872.901: [GC (Allocation Failure) [PSYoungGen: 345088K->140128K(520192K)] 374698K->169738K(1918464K), 0.0282616 secs] [Times: user=0.16 sys=0.00, real=0.03 secs] 
5874.284: [GC (GCLocker Initiated GC) [PSYoungGen: 485216K->112352K(518656K)] 514828K->272128K(1916928K), 0.0638067 secs] [Times: user=0.37 sys=0.01, real=0.06 secs] 
5875.151: [GC (Allocation Failure) [PSYoungGen: 460000K->142496K(520704K)] 619777K->411886K(1918976K), 0.0537937 secs] [Times: user=0.31 sys=0.01, real=0.06 secs] 
5876.635: [GC (Allocation Failure) [PSYoungGen: 490144K->111296K(522752K)] 759534K->513270K(1921024K), 0.0635908 secs] [Times: user=0.38 sys=0.00, real=0.06 secs] 
5878.210: [GC (Allocation Failure) [PSYoungGen: 462016K->144320K(523264K)] 863990K->654627K(1921536K), 0.0536853 secs] [Times: user=0.32 sys=0.00, real=0.06 secs] 
5879.632: [GC (Allocation Failure) [PSYoungGen: 495040K->110496K(524288K)] 1005347K->755499K(1922560K), 0.0710115 secs] [Times: user=0.42 sys=0.00, real=0.08 secs] 
5880.535: [GC (Allocation Failure) [PSYoungGen: 461216K->147712K(498688K)] 1106219K->900532K(1896960K), 0.0571042 secs] [Times: user=0.31 sys=0.00, real=0.05 secs] 
5881.975: [GC (Allocation Failure) [PSYoungGen: 498432K->108832K(523776K)] 1251252K->1000416K(1922048K), 0.0654506 secs] [Times: user=0.38 sys=0.00, real=0.06 secs] 
5883.238: [GC (Allocation Failure) [PSYoungGen: 455968K->147488K(495104K)] 1347552K->1143965K(1893376K), 0.0540872 secs] [Times: user=0.32 sys=0.00, real=0.05 secs] 
5884.615: [GC (Allocation Failure) [PSYoungGen: 494624K->107264K(522240K)] 1491101K->1242301K(1920512K), 0.0673663 secs] [Times: user=0.39 sys=0.00, real=0.06 secs] 
5886.580: [GC (Allocation Failure) [PSYoungGen: 451328K->144320K(488448K)] 1586365K->1382714K(1886720K), 0.0532966 secs] [Times: user=0.32 sys=0.00, real=0.06 secs] 
5886.634: [Full GC (Ergonomics) [PSYoungGen: 144320K->0K(488448K)] [ParOldGen: 1238394K->187240K(1398272K)] 1382714K->187240K(1886720K), [Metaspace: 59694K->59694K(1105920K)], 0.4447936 secs] [Times: user=2.06 sys=0.00, real=0.44 secs] 
5888.347: [GC (GCLocker Initiated GC) [PSYoungGen: 344064K->105216K(521728K)] 531304K->292456K(1920000K), 0.0320813 secs] [Times: user=0.19 sys=0.00, real=0.03 secs] 
5890.060: [GC (Allocation Failure) [PSYoungGen: 448256K->140160K(520192K)] 635500K->428593K(1918464K), 0.0503674 secs] [Times: user=0.29 sys=0.01, real=0.05 secs] 
5891.631: [GC (Allocation Failure) [PSYoungGen: 483200K->106048K(519680K)] 771633K->525349K(1917952K), 0.1070176 secs] [Times: user=0.64 sys=0.00, real=0.11 secs] 
5893.429: [GC (Allocation Failure) [PSYoungGen: 450112K->152704K(497152K)] 869413K->673850K(1895424K), 0.0519901 secs] [Times: user=0.31 sys=0.00, real=0.05 secs] 
5894.808: [GC (Allocation Failure) [PSYoungGen: 496768K->107680K(519680K)] 1017914K->764386K(1917952K), 0.0644582 secs] [Times: user=0.38 sys=0.01, real=0.06 secs] 
5896.799: [GC (Allocation Failure) [PSYoungGen: 446112K->137920K(476672K)] 1102818K->898490K(1874944K), 0.0522594 secs] [Times: user=0.31 sys=0.00, real=0.05 secs] 
5898.313: [GC (Allocation Failure) [PSYoungGen: 476352K->104192K(518656K)] 1236922K->993590K(1916928K), 0.0879256 secs] [Times: user=0.52 sys=0.00, real=0.09 secs] 
5900.442: [GC (Allocation Failure) [PSYoungGen: 444160K->139392K(517120K)] 1333558K->1129507K(1915392K), 0.0515854 secs] [Times: user=0.30 sys=0.00, real=0.06 secs] 
5901.879: [GC (Allocation Failure) [PSYoungGen: 479360K->108416K(517632K)] 1469475K->1228787K(1915904K), 0.0752322 secs] [Times: user=0.44 sys=0.01, real=0.08 secs] 
5903.681: [GC (Allocation Failure) [PSYoungGen: 452480K->139424K(519168K)] 1572851K->1365000K(1917440K), 0.0527694 secs] [Times: user=0.31 sys=0.01, real=0.06 secs] 
5905.059: [GC (Allocation Failure) [PSYoungGen: 483488K->110048K(520192K)] 1709064K->1465920K(1918464K), 0.0646420 secs] [Times: user=0.37 sys=0.00, real=0.07 secs] 
5905.124: [Full GC (Ergonomics) [PSYoungGen: 110048K->0K(520192K)] [ParOldGen: 1355872K->28520K(1398272K)] 1465920K->28520K(1918464K), [Metaspace: 59694K->59694K(1105920K)], 0.0581658 secs] [Times: user=0.19 sys=0.01, real=0.05 secs] 
5906.533: [GC (Allocation Failure) [PSYoungGen: 348160K->142048K(521728K)] 376680K->170568K(1920000K), 0.0280032 secs] [Times: user=0.16 sys=0.00, real=0.03 secs] 
5908.044: [GC (Allocation Failure) [PSYoungGen: 490208K->115104K(520704K)] 518728K->275912K(1918976K), 0.0637307 secs] [Times: user=0.37 sys=0.00, real=0.06 secs] 
5909.676: [GC (Allocation Failure) [PSYoungGen: 465312K->142304K(522240K)] 626120K->414229K(1920512K), 0.0541696 secs] [Times: user=0.32 sys=0.00, real=0.05 secs] 
5911.108: [GC (Allocation Failure) [PSYoungGen: 492512K->115104K(522752K)] 764437K->519573K(1921024K), 0.0650685 secs] [Times: user=0.38 sys=0.00, real=0.06 secs] 
5912.548: [GC (Allocation Failure) [PSYoungGen: 467872K->143552K(523776K)] 872341K->660033K(1922048K), 0.0550130 secs] [Times: user=0.33 sys=0.00, real=0.06 secs] 
5913.938: [GC (GCLocker Initiated GC) [PSYoungGen: 496320K->113856K(525312K)] 1012803K->764227K(1923584K), 0.0656248 secs] [Times: user=0.39 sys=0.00, real=0.07 secs] 
5915.106: [GC (Allocation Failure) [PSYoungGen: 468160K->155136K(509952K)] 1118570K->915102K(1908224K), 0.0552748 secs] [Times: user=0.33 sys=0.00, real=0.05 secs] 
5917.080: [GC (Allocation Failure) [PSYoungGen: 509440K->112448K(523776K)] 1269406K->1009774K(1922048K), 0.1489669 secs] [Times: user=0.88 sys=0.00, real=0.15 secs] 
5918.016: [GC (Allocation Failure) [PSYoungGen: 459072K->155040K(501760K)] 1356398K->1160451K(1900032K), 0.0549967 secs] [Times: user=0.32 sys=0.00, real=0.05 secs] 
5919.808: [GC (Allocation Failure) [PSYoungGen: 501664K->108384K(519680K)] 1507075K->1251995K(1917952K), 0.1586114 secs] [Times: user=0.94 sys=0.01, real=0.16 secs] 
5921.241: [GC (Allocation Failure) [PSYoungGen: 447328K->141376K(518144K)] 1590939K->1388844K(1916416K), 0.0527017 secs] [Times: user=0.32 sys=0.00, real=0.06 secs] 
5921.294: [Full GC (Ergonomics) [PSYoungGen: 141376K->0K(518144K)] [ParOldGen: 1247468K->192793K(1398272K)] 1388844K->192793K(1916416K), [Metaspace: 59694K->59694K(1105920K)], 0.4480244 secs] [Times: user=2.01 sys=0.00, real=0.44 secs] 
5923.243: [GC (GCLocker Initiated GC) [PSYoungGen: 338944K->102880K(518656K)] 531737K->295673K(1916928K), 0.0437940 secs] [Times: user=0.25 sys=0.00, real=0.04 secs] 
5924.545: [GC (Allocation Failure) [PSYoungGen: 442336K->144192K(518144K)] 635132K->435781K(1916416K), 0.0497529 secs] [Times: user=0.30 sys=0.00, real=0.05 secs] 
5925.919: [GC (Allocation Failure) [PSYoungGen: 483648K->105504K(518656K)] 775237K->532497K(1916928K), 0.0639426 secs] [Times: user=0.38 sys=0.00, real=0.06 secs] 
5927.151: [GC (Allocation Failure) [PSYoungGen: 445472K->142880K(518656K)] 872465K->671526K(1916928K), 0.0516563 secs] [Times: user=0.31 sys=0.00, real=0.06 secs] 
5928.832: [GC (Allocation Failure) [PSYoungGen: 482848K->105056K(519168K)] 1011494K->767670K(1917440K), 0.1015733 secs] [Times: user=0.60 sys=0.00, real=0.11 secs] 
5930.518: [GC (Allocation Failure) [PSYoungGen: 445536K->141184K(519168K)] 1108150K->905067K(1917440K), 0.0524100 secs] [Times: user=0.31 sys=0.00, real=0.05 secs] 
5931.917: [GC (Allocation Failure) [PSYoungGen: 481664K->106912K(516608K)] 1245547K->1002715K(1914880K), 0.0644888 secs] [Times: user=0.38 sys=0.00, real=0.06 secs] 
5933.385: [GC (Allocation Failure) [PSYoungGen: 447904K->139744K(518144K)] 1343707K->1138400K(1916416K), 0.0520067 secs] [Times: user=0.31 sys=0.00, real=0.05 secs] 
5934.753: [GC (GCLocker Initiated GC) [PSYoungGen: 480736K->108384K(518144K)] 1479392K->1237380K(1916416K), 0.0650831 secs] [Times: user=0.38 sys=0.00, real=0.06 secs] 
5936.031: [GC (Allocation Failure) [PSYoungGen: 452448K->140256K(519680K)] 1581514K->1374659K(1917952K), 0.0540232 secs] [Times: user=0.32 sys=0.00, real=0.06 secs] 
5936.085: [Full GC (Ergonomics) [PSYoungGen: 140256K->0K(519680K)] [ParOldGen: 1234403K->174241K(1398272K)] 1374659K->174241K(1917952K), [Metaspace: 59694K->59694K(1105920K)], 0.3979618 secs] [Times: user=1.83 sys=0.00, real=0.40 secs] 
5937.845: [GC (GCLocker Initiated GC) [PSYoungGen: 344064K->108928K(519680K)] 518305K->283169K(1917952K), 0.0350620 secs] [Times: user=0.20 sys=0.01, real=0.03 secs] 
5940.237: [GC (Allocation Failure) [PSYoungGen: 456064K->139776K(521216K)] 630308K->420261K(1919488K), 0.0531555 secs] [Times: user=0.32 sys=0.00, real=0.05 secs] 
5941.624: [GC (Allocation Failure) [PSYoungGen: 486912K->110816K(520704K)] 767397K->521773K(1918976K), 0.0644349 secs] [Times: user=0.39 sys=0.00, real=0.06 secs] 
5943.189: [GC (Allocation Failure) [PSYoungGen: 460512K->144736K(522240K)] 871469K->663768K(1920512K), 0.0535689 secs] [Times: user=0.31 sys=0.00, real=0.05 secs] 
5944.654: [GC (Allocation Failure) [PSYoungGen: 494432K->112544K(524288K)] 1013464K->767112K(1922560K), 0.0642468 secs] [Times: user=0.38 sys=0.00, real=0.06 secs] 
5946.953: [GC (Allocation Failure) [PSYoungGen: 463264K->142688K(523776K)] 1117832K->906521K(1922048K), 0.0542180 secs] [Times: user=0.31 sys=0.00, real=0.05 secs] 
5948.528: [GC (Allocation Failure) [PSYoungGen: 493408K->111168K(523264K)] 1257241K->1008601K(1921536K), 0.0785135 secs] [Times: user=0.47 sys=0.00, real=0.08 secs] 
5949.498: [GC (Allocation Failure) [PSYoungGen: 462400K->156032K(507392K)] 1359833K->1160526K(1905664K), 0.0542246 secs] [Times: user=0.32 sys=0.00, real=0.05 secs] 
5951.098: [GC (Allocation Failure) [PSYoungGen: 507264K->110048K(521728K)] 1511758K->1253566K(1920000K), 0.0915958 secs] [Times: user=0.54 sys=0.01, real=0.09 secs] 
5952.047: [GC (Allocation Failure) [PSYoungGen: 452576K->142816K(519680K)] 1596094K->1392122K(1917952K), 0.0528089 secs] [Times: user=0.31 sys=0.00, real=0.05 secs] 
5952.100: [Full GC (Ergonomics) [PSYoungGen: 142816K->0K(519680K)] [ParOldGen: 1249306K->189762K(1398272K)] 1392122K->189762K(1917952K), [Metaspace: 59694K->59694K(1105920K)], 0.4547703 secs] [Times: user=2.04 sys=0.00, real=0.46 secs] 
5953.911: [GC (Allocation Failure) [PSYoungGen: 342528K->105632K(520704K)] 532290K->295394K(1918976K), 0.0547616 secs] [Times: user=0.32 sys=0.00, real=0.06 secs] 
5955.956: [GC (Allocation Failure) [PSYoungGen: 449184K->142144K(520704K)] 638946K->433494K(1918976K), 0.0504923 secs] [Times: user=0.29 sys=0.00, real=0.05 secs] 
5957.336: [GC (Allocation Failure) [PSYoungGen: 485696K->107520K(518656K)] 777046K->531910K(1916928K), 0.0633613 secs] [Times: user=0.37 sys=0.00, real=0.06 secs] 
5958.236: [GC (Allocation Failure) [PSYoungGen: 451072K->146272K(519680K)] 875462K->674270K(1917952K), 0.0521789 secs] [Times: user=0.30 sys=0.00, real=0.05 secs] 
5959.850: [GC (GCLocker Initiated GC) [PSYoungGen: 489824K->107488K(520704K)] 1017823K->772975K(1918976K), 0.0862256 secs] [Times: user=0.51 sys=0.00, real=0.09 secs] 
5961.069: [GC (GCLocker Initiated GC) [PSYoungGen: 450016K->141728K(519680K)] 1115504K->911001K(1917952K), 0.0530449 secs] [Times: user=0.31 sys=0.00, real=0.05 secs] 
5962.520: [GC (GCLocker Initiated GC) [PSYoungGen: 484256K->108064K(518656K)] 1253531K->1010007K(1916928K), 0.0662150 secs] [Times: user=0.38 sys=0.00, real=0.07 secs] 
5963.354: [GC (Allocation Failure) [PSYoungGen: 451616K->145056K(519680K)] 1353566K->1150963K(1917952K), 0.0536166 secs] [Times: user=0.32 sys=0.00, real=0.05 secs] 
5964.748: [GC (Allocation Failure) [PSYoungGen: 488608K->107328K(520704K)] 1494515K->1249231K(1918976K), 0.0655516 secs] [Times: user=0.39 sys=0.00, real=0.07 secs] 
5965.968: [GC (Allocation Failure) [PSYoungGen: 450880K->144800K(520192K)] 1592783K->1389619K(1918464K), 0.0529950 secs] [Times: user=0.31 sys=0.00, real=0.05 secs] 
5966.021: [Full GC (Ergonomics) [PSYoungGen: 144800K->0K(520192K)] [ParOldGen: 1244819K->189086K(1398272K)] 1389619K->189086K(1918464K), [Metaspace: 59694K->59694K(1105920K)], 0.4530761 secs] [Times: user=2.11 sys=0.00, real=0.46 secs] 
5967.727: [GC (Allocation Failure) [PSYoungGen: 343552K->107424K(520704K)] 532638K->296510K(1918976K), 0.0324227 secs] [Times: user=0.19 sys=0.00, real=0.03 secs] 
5969.065: [GC (Allocation Failure) [PSYoungGen: 450464K->144640K(487936K)] 639550K->436803K(1886208K), 0.0512990 secs] [Times: user=0.30 sys=0.00, real=0.05 secs] 
5970.514: [GC (Allocation Failure) [PSYoungGen: 487680K->106912K(521216K)] 779843K->534779K(1919488K), 0.0680169 secs] [Times: user=0.41 sys=0.00, real=0.06 secs] 
5971.422: [GC (Allocation Failure) [PSYoungGen: 448928K->143392K(519680K)] 876795K->673620K(1917952K), 0.0515931 secs] [Times: user=0.30 sys=0.00, real=0.06 secs] 
5972.797: [GC (Allocation Failure) [PSYoungGen: 485408K->108320K(518656K)] 1015636K->772408K(1916928K), 0.0675160 secs] [Times: user=0.35 sys=0.00, real=0.07 secs] 
5973.642: [GC (Allocation Failure) [PSYoungGen: 450336K->145120K(519168K)] 1114424K->913213K(1917440K), 0.0530014 secs] [Times: user=0.31 sys=0.01, real=0.06 secs] 
5975.200: [GC (Allocation Failure) [PSYoungGen: 487136K->104320K(520192K)] 1255229K->1008173K(1918464K), 0.0899268 secs] [Times: user=0.54 sys=0.00, real=0.09 secs] 
5976.360: [GC (Allocation Failure) [PSYoungGen: 446336K->145824K(487936K)] 1350189K->1150026K(1886208K), 0.0520760 secs] [Times: user=0.31 sys=0.00, real=0.05 secs] 
5978.008: [GC (Allocation Failure) [PSYoungGen: 487840K->104672K(520192K)] 1492042K->1245754K(1918464K), 0.0655176 secs] [Times: user=0.39 sys=0.00, real=0.07 secs] 
5979.739: [GC (Allocation Failure) [PSYoungGen: 444640K->141248K(518656K)] 1585722K->1382823K(1916928K), 0.0520718 secs] [Times: user=0.30 sys=0.00, real=0.05 secs] 
5979.791: [Full GC (Ergonomics) [PSYoungGen: 141248K->0K(518656K)] [ParOldGen: 1241575K->182334K(1398272K)] 1382823K->182334K(1916928K), [Metaspace: 59694K->59694K(1105920K)], 0.4295726 secs] [Times: user=1.99 sys=0.00, real=0.43 secs] 
5981.467: [GC (GCLocker Initiated GC) [PSYoungGen: 339968K->105248K(517120K)] 522302K->287582K(1915392K), 0.0329587 secs] [Times: user=0.19 sys=0.00, real=0.03 secs] 
5983.056: [GC (Allocation Failure) [PSYoungGen: 445728K->148960K(489472K)] 628065K->432734K(1887744K), 0.0548972 secs] [Times: user=0.30 sys=0.00, real=0.05 secs] 
5984.443: [GC (Allocation Failure) [PSYoungGen: 489440K->107968K(519680K)] 773214K->523078K(1917952K), 0.0632828 secs] [Times: user=0.38 sys=0.00, real=0.06 secs] 
5985.545: [GC (Allocation Failure) [PSYoungGen: 445888K->139328K(517120K)] 860998K->659283K(1915392K), 0.0521629 secs] [Times: user=0.30 sys=0.01, real=0.05 secs] 
5986.931: [GC (Allocation Failure) [PSYoungGen: 477248K->106592K(517632K)] 997203K->756075K(1915904K), 0.0651561 secs] [Times: user=0.38 sys=0.01, real=0.07 secs] 
5987.678: [GC (Allocation Failure) [PSYoungGen: 446560K->143328K(517120K)] 1096043K->896623K(1915392K), 0.0522540 secs] [Times: user=0.31 sys=0.00, real=0.05 secs] 
5989.055: [GC (Allocation Failure) [PSYoungGen: 483296K->105312K(520192K)] 1236591K->993003K(1918464K), 0.0655533 secs] [Times: user=0.39 sys=0.00, real=0.06 secs] 
5990.351: [GC (Allocation Failure) [PSYoungGen: 447328K->143232K(519680K)] 1335019K->1133464K(1917952K), 0.0520208 secs] [Times: user=0.31 sys=0.00, real=0.06 secs] 
5991.777: [GC (Allocation Failure) [PSYoungGen: 485248K->107872K(518656K)] 1475480K->1232472K(1916928K), 0.0647650 secs] [Times: user=0.38 sys=0.01, real=0.06 secs] 
5993.493: [GC (Allocation Failure) [PSYoungGen: 449888K->148032K(490496K)] 1574488K->1377741K(1888768K), 0.0535913 secs] [Times: user=0.32 sys=0.00, real=0.06 secs] 
5994.884: [GC (GCLocker Initiated GC) [PSYoungGen: 490048K->108224K(520704K)] 1719758K->1468334K(1918976K), 0.0645269 secs] [Times: user=0.38 sys=0.01, real=0.06 secs] 
5994.948: [Full GC (Ergonomics) [PSYoungGen: 108224K->0K(520704K)] [ParOldGen: 1360110K->31280K(1398272K)] 1468334K->31280K(1918976K), [Metaspace: 59694K->59694K(1105920K)], 0.0547634 secs] [Times: user=0.18 sys=0.00, real=0.06 secs] 
5996.308: [GC (Allocation Failure) [PSYoungGen: 339968K->148928K(488960K)] 371287K->180247K(1887232K), 0.0283570 secs] [Times: user=0.17 sys=0.00, real=0.03 secs] 
5997.775: [GC (Allocation Failure) [PSYoungGen: 488896K->107808K(519168K)] 520215K->270735K(1917440K), 0.0637493 secs] [Times: user=0.38 sys=0.00, real=0.06 secs] 
5999.701: [GC (Allocation Failure) [PSYoungGen: 445216K->137088K(474624K)] 608143K->405228K(1872896K), 0.0520542 secs] [Times: user=0.31 sys=0.00, real=0.06 secs] 
6001.100: [GC (Allocation Failure) [PSYoungGen: 474496K->108960K(518144K)] 742636K->504596K(1916416K), 0.0635910 secs] [Times: user=0.37 sys=0.01, real=0.07 secs] 
6002.469: [GC (Allocation Failure) [PSYoungGen: 448416K->137504K(516096K)] 844052K->639800K(1914368K), 0.0525965 secs] [Times: user=0.31 sys=0.01, real=0.05 secs] 
6003.848: [GC (GCLocker Initiated GC) [PSYoungGen: 476960K->109440K(520192K)] 979256K->739685K(1918464K), 0.0642453 secs] [Times: user=0.38 sys=0.00, real=0.06 secs] 
6005.349: [GC (Allocation Failure) [PSYoungGen: 455040K->138048K(519680K)] 1085288K->875828K(1917952K), 0.0533049 secs] [Times: user=0.32 sys=0.00, real=0.05 secs] 
6006.761: [GC (Allocation Failure) [PSYoungGen: 483648K->111488K(520192K)] 1221428K->977180K(1918464K), 0.0656508 secs] [Times: user=0.39 sys=0.00, real=0.07 secs] 
6007.906: [GC (Allocation Failure) [PSYoungGen: 462208K->142624K(522240K)] 1327900K->1117881K(1920512K), 0.0548886 secs] [Times: user=0.32 sys=0.00, real=0.05 secs] 
6009.294: [GC (Allocation Failure) [PSYoungGen: 493344K->112480K(525312K)] 1468601K->1221065K(1923584K), 0.0663254 secs] [Times: user=0.39 sys=0.00, real=0.06 secs] 
6010.454: [GC (Allocation Failure) [PSYoungGen: 466272K->150368K(504320K)] 1574857K->1369150K(1902592K), 0.0547625 secs] [Times: user=0.32 sys=0.00, real=0.05 secs] 
6011.925: [GC (Allocation Failure) [PSYoungGen: 504160K->116608K(525824K)] 1722942K->1467866K(1924096K), 0.0664584 secs] [Times: user=0.40 sys=0.00, real=0.06 secs] 
6011.991: [Full GC (Ergonomics) [PSYoungGen: 116608K->0K(525824K)] [ParOldGen: 1351258K->35448K(1398272K)] 1467866K->35448K(1924096K), [Metaspace: 59694K->59694K(1105920K)], 0.0629646 secs] [Times: user=0.21 sys=0.01, real=0.07 secs] 
6014.054: [GC (Allocation Failure) [PSYoungGen: 349696K->141792K(522752K)] 385144K->177240K(1921024K), 0.0280826 secs] [Times: user=0.16 sys=0.00, real=0.02 secs] 
6015.427: [GC (GCLocker Initiated GC) [PSYoungGen: 491488K->112032K(523776K)] 526936K->279832K(1922048K), 0.0631303 secs] [Times: user=0.37 sys=0.01, real=0.06 secs] 
6017.114: [GC (Allocation Failure) [PSYoungGen: 463776K->142464K(523776K)] 631647K->419456K(1922048K), 0.0527261 secs] [Times: user=0.31 sys=0.00, real=0.05 secs] 
6018.479: [GC (Allocation Failure) [PSYoungGen: 494208K->112544K(524288K)] 771200K->522696K(1922560K), 0.0644545 secs] [Times: user=0.37 sys=0.01, real=0.07 secs] 
6020.017: [GC (Allocation Failure) [PSYoungGen: 465824K->147104K(500736K)] 875976K->665116K(1899008K), 0.0545695 secs] [Times: user=0.33 sys=0.00, real=0.05 secs] 
6021.433: [GC (Allocation Failure) [PSYoungGen: 500384K->115360K(526336K)] 1018396K->770861K(1924608K), 0.0666542 secs] [Times: user=0.40 sys=0.00, real=0.06 secs] 
6022.373: [GC (Allocation Failure) [PSYoungGen: 466592K->148384K(499712K)] 1122093K->915321K(1897984K), 0.0555701 secs] [Times: user=0.33 sys=0.00, real=0.05 secs] 
6024.145: [GC (Allocation Failure) [PSYoungGen: 499616K->109472K(524288K)] 1266553K->1015913K(1922560K), 0.0756290 secs] [Times: user=0.45 sys=0.00, real=0.07 secs] 
6024.746: [GC (Allocation Failure) [PSYoungGen: 447021K->142400K(522752K)] 1353463K->1154362K(1921024K), 0.0530128 secs] [Times: user=0.32 sys=0.00, real=0.05 secs] 
6026.688: [GC (Allocation Failure) [PSYoungGen: 490560K->104736K(523776K)] 1502522K->1250550K(1922048K), 0.1089554 secs] [Times: user=0.64 sys=0.00, real=0.11 secs] 
6027.529: [GC (Allocation Failure) [PSYoungGen: 452896K->146336K(494592K)] 1598710K->1392891K(1892864K), 0.0517564 secs] [Times: user=0.31 sys=0.00, real=0.05 secs] 
6027.581: [Full GC (Ergonomics) [PSYoungGen: 146336K->0K(494592K)] [ParOldGen: 1246555K->196460K(1398272K)] 1392891K->196460K(1892864K), [Metaspace: 59694K->59694K(1105920K)], 0.4571781 secs] [Times: user=2.10 sys=0.00, real=0.46 secs] 
6029.644: [GC (Allocation Failure) [PSYoungGen: 348160K->107872K(522752K)] 544620K->304332K(1921024K), 0.0473871 secs] [Times: user=0.28 sys=0.00, real=0.04 secs] 
6031.126: [GC (Allocation Failure) [PSYoungGen: 452960K->142784K(521216K)] 649420K->443241K(1919488K), 0.0500520 secs] [Times: user=0.30 sys=0.00, real=0.05 secs] 
6032.892: [GC (Allocation Failure) [PSYoungGen: 487872K->106304K(521728K)] 788329K->541009K(1920000K), 0.0711355 secs] [Times: user=0.42 sys=0.00, real=0.08 secs] 
6033.824: [GC (Allocation Failure) [PSYoungGen: 451904K->145152K(491008K)] 886609K->681666K(1889280K), 0.0505950 secs] [Times: user=0.29 sys=0.00, real=0.05 secs] 
6035.616: [GC (Allocation Failure) [PSYoungGen: 490752K->107616K(522240K)] 1027266K->780522K(1920512K), 0.0841818 secs] [Times: user=0.50 sys=0.00, real=0.08 secs] 
6036.433: [GC (Allocation Failure) [PSYoungGen: 451680K->144064K(520704K)] 1124586K->920357K(1918976K), 0.0514133 secs] [Times: user=0.30 sys=0.00, real=0.06 secs] 
6037.832: [GC (Allocation Failure) [PSYoungGen: 488128K->109312K(519680K)] 1264421K->1020929K(1917952K), 0.0652436 secs] [Times: user=0.38 sys=0.00, real=0.07 secs] 
6038.619: [GC (Allocation Failure) [PSYoungGen: 451899K->142016K(520192K)] 1363517K->1158714K(1918464K), 0.0519840 secs] [Times: user=0.31 sys=0.00, real=0.05 secs] 
6040.096: [GC (GCLocker Initiated GC) [PSYoungGen: 486080K->104704K(521728K)] 1502779K->1254635K(1920000K), 0.0672708 secs] [Times: user=0.39 sys=0.00, real=0.06 secs] 
6041.066: [GC (Allocation Failure) [PSYoungGen: 450304K->145632K(491520K)] 1600306K->1396103K(1889792K), 0.0513511 secs] [Times: user=0.30 sys=0.00, real=0.05 secs] 
6041.117: [Full GC (Ergonomics) [PSYoungGen: 145632K->0K(491520K)] [ParOldGen: 1250471K->195805K(1398272K)] 1396103K->195805K(1889792K), [Metaspace: 59694K->59694K(1105920K)], 0.4590094 secs] [Times: user=2.13 sys=0.00, real=0.46 secs] 
6043.381: [GC (Allocation Failure) [PSYoungGen: 345600K->104320K(521216K)] 541405K->300125K(1919488K), 0.0527270 secs] [Times: user=0.29 sys=0.00, real=0.06 secs] 
6044.935: [GC (Allocation Failure) [PSYoungGen: 446848K->144576K(487424K)] 642653K->440410K(1885696K), 0.0497016 secs] [Times: user=0.30 sys=0.00, real=0.05 secs] 
6046.285: [GC (GCLocker Initiated GC) [PSYoungGen: 487104K->105056K(520704K)] 782941K->536729K(1918976K), 0.0639821 secs] [Times: user=0.38 sys=0.00, real=0.06 secs] 
6047.716: [GC (Allocation Failure) [PSYoungGen: 446048K->141696K(519168K)] 877792K->674888K(1917440K), 0.0506722 secs] [Times: user=0.30 sys=0.00, real=0.05 secs] 
6049.297: [GC (Allocation Failure) [PSYoungGen: 482688K->106976K(517632K)] 1015880K->772952K(1915904K), 0.0696206 secs] [Times: user=0.41 sys=0.00, real=0.07 secs] 
6050.698: [GC (Allocation Failure) [PSYoungGen: 448480K->141984K(518656K)] 1114456K->910157K(1916928K), 0.0526552 secs] [Times: user=0.30 sys=0.01, real=0.05 secs] 
6052.167: [GC (Allocation Failure) [PSYoungGen: 483488K->108704K(518656K)] 1251661K->1009341K(1916928K), 0.0660404 secs] [Times: user=0.39 sys=0.00, real=0.06 secs] 
6053.420: [GC (Allocation Failure) [PSYoungGen: 452256K->144128K(519680K)] 1352893K->1149738K(1917952K), 0.0546171 secs] [Times: user=0.32 sys=0.00, real=0.06 secs] 
6054.790: [GC (Allocation Failure) [PSYoungGen: 487680K->107136K(520704K)] 1493290K->1247834K(1918976K), 0.0676476 secs] [Times: user=0.38 sys=0.01, real=0.07 secs] 
6055.488: [GC (Allocation Failure) [PSYoungGen: 451712K->147168K(492032K)] 1592410K->1391063K(1890304K), 0.0540080 secs] [Times: user=0.32 sys=0.00, real=0.05 secs] 
6055.542: [Full GC (Ergonomics) [PSYoungGen: 147168K->0K(492032K)] [ParOldGen: 1243895K->188749K(1398272K)] 1391063K->188749K(1890304K), [Metaspace: 59694K->59694K(1105920K)], 0.4390041 secs] [Times: user=2.02 sys=0.00, real=0.44 secs] 
6057.253: [GC (Allocation Failure) [PSYoungGen: 344576K->106816K(521216K)] 533325K->295565K(1919488K), 0.0322055 secs] [Times: user=0.19 sys=0.00, real=0.04 secs] 
6058.931: [GC (Allocation Failure) [PSYoungGen: 448320K->145056K(519168K)] 637069K->436434K(1917440K), 0.0509698 secs] [Times: user=0.30 sys=0.00, real=0.05 secs] 
6060.290: [GC (Allocation Failure) [PSYoungGen: 486560K->105472K(519680K)] 777938K->532986K(1917952K), 0.0649222 secs] [Times: user=0.39 sys=0.00, real=0.07 secs] 
6061.909: [GC (GCLocker Initiated GC) [PSYoungGen: 446464K->142240K(519168K)] 873978K->670847K(1917440K), 0.0509360 secs] [Times: user=0.30 sys=0.00, real=0.05 secs] 
6063.286: [GC (Allocation Failure) [PSYoungGen: 483232K->105856K(518144K)] 1011842K->767394K(1916416K), 0.0646815 secs] [Times: user=0.39 sys=0.00, real=0.06 secs] 
6064.454: [GC (Allocation Failure) [PSYoungGen: 446848K->153632K(495104K)] 1108386K->917095K(1893376K), 0.0534545 secs] [Times: user=0.31 sys=0.00, real=0.05 secs] 
6065.924: [GC (Allocation Failure) [PSYoungGen: 494624K->103744K(517120K)] 1258087K->1003775K(1915392K), 0.0662099 secs] [Times: user=0.39 sys=0.00, real=0.06 secs] 
6067.324: [GC (Allocation Failure) [PSYoungGen: 437568K->140736K(515584K)] 1337599K->1139772K(1913856K), 0.0524915 secs] [Times: user=0.31 sys=0.00, real=0.05 secs] 
6068.745: [GC (Allocation Failure) [PSYoungGen: 474560K->106080K(514560K)] 1473596K->1236528K(1912832K), 0.0642255 secs] [Times: user=0.38 sys=0.00, real=0.06 secs] 
6069.873: [GC (GCLocker Initiated GC) [PSYoungGen: 441440K->136832K(515072K)] 1571888K->1370373K(1913344K), 0.0538068 secs] [Times: user=0.31 sys=0.01, real=0.06 secs] 
6069.927: [Full GC (Ergonomics) [PSYoungGen: 136832K->0K(515072K)] [ParOldGen: 1233541K->170514K(1398272K)] 1370373K->170514K(1913344K), [Metaspace: 59694K->59694K(1105920K)], 0.3976814 secs] [Times: user=1.83 sys=0.00, real=0.40 secs] 
6071.591: [GC (Allocation Failure) [PSYoungGen: 335360K->105760K(516608K)] 505876K->276276K(1914880K), 0.0369740 secs] [Times: user=0.22 sys=0.00, real=0.04 secs] 
6072.382: [GC (Allocation Failure) [PSYoungGen: 446240K->139744K(517632K)] 616756K->413201K(1915904K), 0.0523696 secs] [Times: user=0.31 sys=0.00, real=0.06 secs] 
6073.824: [GC (Allocation Failure) [PSYoungGen: 480224K->109376K(517120K)] 753681K->512833K(1915392K), 0.0663438 secs] [Times: user=0.39 sys=0.00, real=0.06 secs] 
6074.728: [GC (Allocation Failure) [PSYoungGen: 453440K->151904K(496128K)] 856897K->662390K(1894400K), 0.0540740 secs] [Times: user=0.32 sys=0.00, real=0.05 secs] 
6076.132: [GC (Allocation Failure) [PSYoungGen: 495968K->108704K(520704K)] 1006454K->753918K(1918976K), 0.0643490 secs] [Times: user=0.38 sys=0.00, real=0.07 secs] 
6077.741: [GC (Allocation Failure) [PSYoungGen: 449184K->142112K(518656K)] 1094398K->892179K(1916928K), 0.0531585 secs] [Times: user=0.31 sys=0.00, real=0.06 secs] 
6079.133: [GC (Allocation Failure) [PSYoungGen: 482592K->106784K(517632K)] 1232659K->989919K(1915904K), 0.0642194 secs] [Times: user=0.38 sys=0.00, real=0.06 secs] 
6081.048: [GC (Allocation Failure) [PSYoungGen: 448288K->139520K(518656K)] 1331423K->1126916K(1916928K), 0.0528196 secs] [Times: user=0.31 sys=0.00, real=0.05 secs] 
6082.445: [GC (Allocation Failure) [PSYoungGen: 481024K->107424K(518144K)] 1468420K->1225212K(1916416K), 0.0653605 secs] [Times: user=0.38 sys=0.01, real=0.06 secs] 
6083.818: [GC (Allocation Failure) [PSYoungGen: 451488K->139744K(519680K)] 1569276K->1362793K(1917952K), 0.0532087 secs] [Times: user=0.31 sys=0.00, real=0.05 secs] 
6085.215: [GC (Allocation Failure) [PSYoungGen: 483808K->111424K(518656K)] 1706857K->1464721K(1916928K), 0.0645633 secs] [Times: user=0.38 sys=0.00, real=0.06 secs] 
6085.280: [Full GC (Ergonomics) [PSYoungGen: 111424K->0K(518656K)] [ParOldGen: 1353297K->26044K(1398272K)] 1464721K->26044K(1916928K), [Metaspace: 59694K->59694K(1105920K)], 0.0439284 secs] [Times: user=0.13 sys=0.00, real=0.05 secs] 
6086.462: [GC (Allocation Failure) [PSYoungGen: 347136K->140352K(520704K)] 373180K->166396K(1918976K), 0.0277807 secs] [Times: user=0.16 sys=0.00, real=0.03 secs] 
6087.871: [GC (Allocation Failure) [PSYoungGen: 487488K->112288K(521216K)] 513532K->269260K(1919488K), 0.0641195 secs] [Times: user=0.38 sys=0.00, real=0.07 secs] 
6088.743: [GC (Allocation Failure) [PSYoungGen: 463008K->145600K(522752K)] 619980K->412201K(1921024K), 0.0537380 secs] [Times: user=0.32 sys=0.00, real=0.05 secs] 
6090.119: [GC (Allocation Failure) [PSYoungGen: 496320K->110784K(524800K)] 762921K->513745K(1923072K), 0.0643838 secs] [Times: user=0.38 sys=0.00, real=0.07 secs] 
6091.856: [GC (Allocation Failure) [PSYoungGen: 461504K->144096K(523776K)] 864465K->654814K(1922048K), 0.0535766 secs] [Times: user=0.32 sys=0.00, real=0.05 secs] 
6093.251: [GC (Allocation Failure) [PSYoungGen: 494816K->110848K(523776K)] 1005534K->756302K(1922048K), 0.0645810 secs] [Times: user=0.38 sys=0.00, real=0.07 secs] 
6094.240: [GC (Allocation Failure) [PSYoungGen: 461568K->145856K(496640K)] 1107022K->899339K(1894912K), 0.0541798 secs] [Times: user=0.32 sys=0.00, real=0.06 secs] 
6095.694: [GC (Allocation Failure) [PSYoungGen: 496576K->110720K(524800K)] 1250059K->1000931K(1923072K), 0.0654761 secs] [Times: user=0.39 sys=0.00, real=0.06 secs] 
6097.631: [GC (Allocation Failure) [PSYoungGen: 459392K->144320K(522752K)] 1349603K->1141223K(1921024K), 0.0531143 secs] [Times: user=0.32 sys=0.00, real=0.06 secs] 
6099.083: [GC (Allocation Failure) [PSYoungGen: 492992K->110624K(522752K)] 1489895K->1242799K(1921024K), 0.0651273 secs] [Times: user=0.38 sys=0.00, real=0.06 secs] 
6100.004: [GC (Allocation Failure) [PSYoungGen: 459296K->147040K(496128K)] 1591471K->1385192K(1894400K), 0.0533717 secs] [Times: user=0.31 sys=0.00, real=0.05 secs] 
6100.057: [Full GC (Ergonomics) [PSYoungGen: 147040K->0K(496128K)] [ParOldGen: 1238152K->191555K(1398272K)] 1385192K->191555K(1894400K), [Metaspace: 59694K->59694K(1105920K)], 0.4441554 secs] [Times: user=2.05 sys=0.00, real=0.44 secs] 
6101.830: [GC (Allocation Failure) [PSYoungGen: 348672K->109248K(523264K)] 540227K->300803K(1921536K), 0.0366915 secs] [Times: user=0.22 sys=0.00, real=0.04 secs] 
6102.740: [GC (Allocation Failure) [PSYoungGen: 455360K->146688K(493056K)] 646915K->442815K(1891328K), 0.0507993 secs] [Times: user=0.30 sys=0.00, real=0.05 secs] 
6104.304: [GC (GCLocker Initiated GC) [PSYoungGen: 492800K->106912K(522240K)] 788928K->540856K(1920512K), 0.0930942 secs] [Times: user=0.55 sys=0.01, real=0.09 secs] 
6105.255: [GC (Allocation Failure) [PSYoungGen: 450976K->136960K(481280K)] 901308K->690016K(1879552K), 0.2358073 secs] [Times: user=1.42 sys=0.00, real=0.23 secs] 
6107.399: [GC (Allocation Failure) [PSYoungGen: 479890K->96064K(519168K)] 1032947K->785677K(1917440K), 0.3099011 secs] [Times: user=1.85 sys=0.01, real=0.31 secs] 
6108.534: [GC (Allocation Failure) [PSYoungGen: 431783K->138752K(519680K)] 1121396K->920265K(1917952K), 0.0508648 secs] [Times: user=0.30 sys=0.00, real=0.05 secs] 
6110.038: [GC (GCLocker Initiated GC) [PSYoungGen: 482304K->108704K(518144K)] 1263818K->1019842K(1916416K), 0.0646760 secs] [Times: user=0.39 sys=0.00, real=0.06 secs] 
6111.051: [GC (Allocation Failure) [PSYoungGen: 454816K->135648K(520192K)] 1382341K->1167150K(1918464K), 0.2456305 secs] [Times: user=1.47 sys=0.00, real=0.25 secs] 
6113.321: [GC (Allocation Failure) [PSYoungGen: 481760K->99136K(523264K)] 1513262K->1265334K(1921536K), 0.3485679 secs] [Times: user=2.09 sys=0.00, real=0.35 secs] 
6114.218: [GC (Allocation Failure) [PSYoungGen: 450368K->166432K(518144K)] 1616566K->1425678K(1916416K), 0.0558182 secs] [Times: user=0.33 sys=0.00, real=0.06 secs] 
6114.274: [Full GC (Ergonomics) [PSYoungGen: 166432K->0K(518144K)] [ParOldGen: 1259246K->208244K(1398272K)] 1425678K->208244K(1916416K), [Metaspace: 59694K->59694K(1105920K)], 0.4794930 secs] [Times: user=2.21 sys=0.00, real=0.48 secs] 
6116.548: [GC (GCLocker Initiated GC) [PSYoungGen: 351232K->101120K(513024K)] 559476K->309364K(1911296K), 0.1016955 secs] [Times: user=0.60 sys=0.00, real=0.10 secs] 
6117.135: [GC (Allocation Failure) [PSYoungGen: 433408K->158688K(491008K)] 641691K->462386K(1889280K), 0.0543243 secs] [Times: user=0.32 sys=0.00, real=0.05 secs] 
6119.791: [GC (Allocation Failure) [PSYoungGen: 490976K->92736K(508928K)] 794674K->537818K(1907200K), 0.1295053 secs] [Times: user=0.77 sys=0.00, real=0.13 secs] 
6120.701: [GC (Allocation Failure) [PSYoungGen: 411712K->135264K(454656K)] 856794K->669079K(1852928K), 0.0484243 secs] [Times: user=0.29 sys=0.00, real=0.05 secs] 
6122.063: [GC (Allocation Failure) [PSYoungGen: 454240K->97600K(507904K)] 988055K->758007K(1906176K), 0.0612572 secs] [Times: user=0.36 sys=0.00, real=0.07 secs] 
6123.813: [GC (Allocation Failure) [PSYoungGen: 418112K->132256K(506368K)] 1078519K->885788K(1904640K), 0.0492405 secs] [Times: user=0.29 sys=0.00, real=0.05 secs] 
6125.235: [GC (Allocation Failure) [PSYoungGen: 452768K->102208K(510464K)] 1206300K->978736K(1908736K), 0.0617996 secs] [Times: user=0.37 sys=0.00, real=0.06 secs] 
6126.825: [GC (Allocation Failure) [PSYoungGen: 430400K->132736K(508928K)] 1306928K->1109161K(1907200K), 0.0517307 secs] [Times: user=0.30 sys=0.00, real=0.05 secs] 
6128.249: [GC (Allocation Failure) [PSYoungGen: 460928K->109344K(514048K)] 1437353K->1208713K(1912320K), 0.0660163 secs] [Times: user=0.40 sys=0.00, real=0.07 secs] 
6129.528: [GC (GCLocker Initiated GC) [PSYoungGen: 448288K->130208K(514560K)] 1547659K->1337480K(1912832K), 0.0553950 secs] [Times: user=0.33 sys=0.00, real=0.06 secs] 
6130.944: [GC (Allocation Failure) [PSYoungGen: 469152K->117088K(516608K)] 1676433K->1444921K(1914880K), 0.0639482 secs] [Times: user=0.38 sys=0.00, real=0.06 secs] 
6131.008: [Full GC (Ergonomics) [PSYoungGen: 117088K->0K(516608K)] [ParOldGen: 1327833K->14645K(1398272K)] 1444921K->14645K(1914880K), [Metaspace: 59694K->59694K(1105920K)], 0.0262119 secs] [Times: user=0.06 sys=0.00, real=0.03 secs] 
6131.853: [GC (Allocation Failure) [PSYoungGen: 349696K->131840K(519168K)] 364341K->146485K(1917440K), 0.0263129 secs] [Times: user=0.16 sys=0.00, real=0.03 secs] 
6133.251: [GC (Allocation Failure) [PSYoungGen: 481536K->2720K(498688K)] 496181K->17621K(1896960K), 0.0019490 secs] [Times: user=0.01 sys=0.00, real=0.00 secs] 
6134.064: [GC (Allocation Failure) [PSYoungGen: 332960K->131296K(514560K)] 347861K->147281K(1912832K), 0.0263087 secs] [Times: user=0.15 sys=0.00, real=0.02 secs] 
6135.435: [GC (Allocation Failure) [PSYoungGen: 461536K->116256K(503296K)] 477521K->254385K(1901568K), 0.0628828 secs] [Times: user=0.38 sys=0.00, real=0.06 secs] 
6137.322: [GC (Allocation Failure) [PSYoungGen: 446496K->121856K(508928K)] 584625K->375337K(1907200K), 0.0528142 secs] [Times: user=0.31 sys=0.00, real=0.06 secs] 
6138.709: [GC (Allocation Failure) [PSYoungGen: 452096K->126240K(514560K)] 705577K->491514K(1912832K), 0.0621421 secs] [Times: user=0.37 sys=0.00, real=0.06 secs] 
6139.860: [GC (Allocation Failure) [PSYoungGen: 470816K->117152K(518656K)] 836090K->608474K(1916928K), 0.0553512 secs] [Times: user=0.33 sys=0.00, real=0.06 secs] 
6141.274: [GC (Allocation Failure) [PSYoungGen: 461728K->131296K(523264K)] 953050K->729775K(1921536K), 0.0616044 secs] [Times: user=0.37 sys=0.00, real=0.06 secs] 
6142.990: [GC (Allocation Failure) [PSYoungGen: 485600K->122752K(523776K)] 1084079K->851919K(1922048K), 0.0572627 secs] [Times: user=0.34 sys=0.00, real=0.06 secs] 
6144.508: [GC (Allocation Failure) [PSYoungGen: 477056K->125408K(527360K)] 1206223K->967300K(1925632K), 0.0630479 secs] [Times: user=0.38 sys=0.00, real=0.06 secs] 
6146.000: [GC (Allocation Failure) [PSYoungGen: 487904K->136352K(526848K)] 1329796K->1102956K(1925120K), 0.0574938 secs] [Times: user=0.33 sys=0.00, real=0.06 secs] 
6147.436: [GC (Allocation Failure) [PSYoungGen: 498848K->6400K(502784K)] 1465452K->973068K(1901056K), 0.0031803 secs] [Times: user=0.02 sys=0.00, real=0.00 secs] 
6149.578: [GC (Allocation Failure) [PSYoungGen: 342784K->135616K(472064K)] 1309452K->1106361K(1870336K), 0.0286207 secs] [Times: user=0.17 sys=0.00, real=0.03 secs] 
6150.945: [GC (Allocation Failure) [PSYoungGen: 472000K->110272K(522240K)] 1442745K->1207577K(1920512K), 0.0641463 secs] [Times: user=0.38 sys=0.00, real=0.06 secs] 
6151.920: [GC (Allocation Failure) [PSYoungGen: 448704K->132032K(515072K)] 1546009K->1338190K(1913344K), 0.0533747 secs] [Times: user=0.31 sys=0.00, real=0.05 secs] 
6151.973: [Full GC (Ergonomics) [PSYoungGen: 132032K->0K(515072K)] [ParOldGen: 1206158K->147531K(1398272K)] 1338190K->147531K(1913344K), [Metaspace: 59694K->59694K(1105920K)], 0.3395096 secs] [Times: user=1.56 sys=0.00, real=0.34 secs] 
6153.631: [GC (Allocation Failure) [PSYoungGen: 338432K->114880K(515584K)] 485963K->262411K(1913856K), 0.0412360 secs] [Times: user=0.24 sys=0.00, real=0.04 secs] 
6154.425: [GC (Allocation Failure) [PSYoungGen: 458944K->130432K(516096K)] 606475K->392907K(1914368K), 0.0579745 secs] [Times: user=0.34 sys=0.01, real=0.06 secs] 
6155.861: [GC (Allocation Failure) [PSYoungGen: 474496K->320K(498688K)] 736971K->262915K(1896960K), 0.0019180 secs] [Times: user=0.01 sys=0.00, real=0.00 secs] 
6156.793: [GC (Allocation Failure) [PSYoungGen: 326464K->123040K(512512K)] 589059K->385659K(1910784K), 0.0248090 secs] [Times: user=0.14 sys=0.00, real=0.03 secs] 
6158.186: [GC (Allocation Failure) [PSYoungGen: 449184K->125216K(509440K)] 711803K->500432K(1907712K), 0.0619647 secs] [Times: user=0.37 sys=0.00, real=0.06 secs] 
6160.120: [GC (Allocation Failure) [PSYoungGen: 452384K->107360K(434688K)] 827600K->607456K(1832960K), 0.0540200 secs] [Times: user=0.32 sys=0.00, real=0.06 secs] 
6161.194: [GC (Allocation Failure) [PSYoungGen: 434528K->161760K(496128K)] 934624K->759213K(1894400K), 0.0660774 secs] [Times: user=0.39 sys=0.00, real=0.06 secs] 
6163.247: [GC (Allocation Failure) [PSYoungGen: 480736K->90016K(508928K)] 1078189K->828357K(1907200K), 0.0698897 secs] [Times: user=0.41 sys=0.00, real=0.07 secs] 
6163.748: [GC (Allocation Failure) [PSYoungGen: 408992K->139072K(506368K)] 1147333K->961750K(1904640K), 0.0559222 secs] [Times: user=0.33 sys=0.00, real=0.06 secs] 
6166.345: [GC (Allocation Failure) [PSYoungGen: 459072K->84576K(509440K)] 1281750K->1045838K(1907712K), 0.1141728 secs] [Times: user=0.68 sys=0.00, real=0.11 secs] 
6166.914: [GC (Allocation Failure) [PSYoungGen: 404576K->140224K(505856K)] 1365838K->1180142K(1904128K), 0.0539266 secs] [Times: user=0.32 sys=0.00, real=0.05 secs] 
6168.659: [GC (Allocation Failure) [PSYoungGen: 459200K->85600K(508928K)] 1499118K->1265662K(1907200K), 0.0923352 secs] [Times: user=0.55 sys=0.00, real=0.09 secs] 
6169.586: [GC (Allocation Failure) [PSYoungGen: 404576K->136640K(507904K)] 1584638K->1396071K(1906176K), 0.0486151 secs] [Times: user=0.29 sys=0.01, real=0.05 secs] 
6169.634: [Full GC (Ergonomics) [PSYoungGen: 136640K->0K(507904K)] [ParOldGen: 1259431K->194319K(1398272K)] 1396071K->194319K(1906176K), [Metaspace: 59694K->59694K(1105920K)], 0.4680809 secs] [Times: user=2.18 sys=0.00, real=0.46 secs] 
6171.437: [GC (Allocation Failure) [PSYoungGen: 320512K->97248K(417792K)] 514831K->291567K(1816064K), 0.0375912 secs] [Times: user=0.22 sys=0.00, real=0.04 secs] 
6172.297: [GC (Allocation Failure) [PSYoungGen: 417760K->135232K(505344K)] 612079K->422772K(1903616K), 0.0476205 secs] [Times: user=0.28 sys=0.00, real=0.05 secs] 
6173.619: [GC (Allocation Failure) [PSYoungGen: 456256K->99136K(506880K)] 743796K->512940K(1905152K), 0.0648324 secs] [Times: user=0.38 sys=0.01, real=0.07 secs] 
6175.828: [GC (Allocation Failure) [PSYoungGen: 420160K->128960K(510976K)] 833964K->639209K(1909248K), 0.0489505 secs] [Times: user=0.29 sys=0.00, real=0.05 secs] 
6177.196: [GC (Allocation Failure) [PSYoungGen: 458688K->109920K(509952K)] 968937K->740105K(1908224K), 0.0619242 secs] [Times: user=0.36 sys=0.01, real=0.06 secs] 
6179.256: [GC (Allocation Failure) [PSYoungGen: 439648K->125920K(513536K)] 1069833K->864421K(1911808K), 0.0524448 secs] [Times: user=0.31 sys=0.00, real=0.05 secs] 
6180.647: [GC (Allocation Failure) [PSYoungGen: 464864K->120736K(512000K)] 1203365K->975949K(1910272K), 0.0630539 secs] [Times: user=0.37 sys=0.00, real=0.06 secs] 
6181.194: [GC (Allocation Failure) [PSYoungGen: 459680K->124160K(523264K)] 1314893K->1100069K(1921536K), 0.0562068 secs] [Times: user=0.32 sys=0.01, real=0.05 secs] 
6182.600: [GC (Allocation Failure) [PSYoungGen: 477952K->124192K(520704K)] 1453861K->1213706K(1918976K), 0.0630142 secs] [Times: user=0.38 sys=0.00, real=0.07 secs] 
6183.143: [GC (Allocation Failure) [PSYoungGen: 477984K->133280K(526336K)] 1567498K->1346970K(1924608K), 0.0580279 secs] [Times: user=0.34 sys=0.00, real=0.05 secs] 
6183.202: [Full GC (Ergonomics) [PSYoungGen: 133280K->0K(526336K)] [ParOldGen: 1213690K->147234K(1398272K)] 1346970K->147234K(1924608K), [Metaspace: 59694K->59694K(1105920K)], 0.3285816 secs] [Times: user=1.50 sys=0.00, real=0.33 secs] 
6184.957: [GC (Allocation Failure) [PSYoungGen: 361472K->117920K(527360K)] 508706K->265154K(1925632K), 0.0422049 secs] [Times: user=0.25 sys=0.00, real=0.04 secs] 
6185.816: [GC (Allocation Failure) [PSYoungGen: 479392K->147040K(523776K)] 626626K->410639K(1922048K), 0.0585489 secs] [Times: user=0.34 sys=0.00, real=0.06 secs] 
Heap
 PSYoungGen      total 523776K, used 459681K [0x00000000d5580000, 0x0000000100000000, 0x0000000100000000)
  eden space 36198