5.690: [GC (Allocation Failure) [PSYoungGen: 128000K->12463K(148992K)] 128000K->12551K(488960K), 0.0205580 secs] [Times: user=0.02 sys=0.00, real=0.02 secs] 
6.106: [GC (Metadata GC Threshold) [PSYoungGen: 48858K->6037K(148992K)] 48946K->6133K(488960K), 0.0044682 secs] [Times: user=0.02 sys=0.01, real=0.00 secs] 
6.110: [Full GC (Metadata GC Threshold) [PSYoungGen: 6037K->0K(148992K)] [ParOldGen: 96K->5940K(134144K)] 6133K->5940K(283136K), [Metaspace: 20452K->20452K(1067008K)], 0.0193345 secs] [Times: user=0.06 sys=0.00, real=0.02 secs] 
7.291: [GC (Allocation Failure) [PSYoungGen: 128000K->9887K(148992K)] 133940K->15835K(283136K), 0.0030069 secs] [Times: user=0.01 sys=0.00, real=0.00 secs] 
7.992: [GC (GCLocker Initiated GC) [PSYoungGen: 39517K->4640K(148992K)] 45465K->10596K(283136K), 0.0068932 secs] [Times: user=0.03 sys=0.00, real=0.01 secs] 
8.060: [GC (Metadata GC Threshold) [PSYoungGen: 13660K->3956K(148992K)] 19616K->9912K(283136K), 0.0046979 secs] [Times: user=0.02 sys=0.00, real=0.01 secs] 
8.065: [Full GC (Metadata GC Threshold) [PSYoungGen: 3956K->0K(148992K)] [ParOldGen: 5956K->8227K(185856K)] 9912K->8227K(334848K), [Metaspace: 33967K->33967K(1081344K)], 0.0464465 secs] [Times: user=0.12 sys=0.00, real=0.04 secs] 
9.574: [GC (Allocation Failure) [PSYoungGen: 128000K->13429K(214016K)] 136227K->21664K(399872K), 0.0052664 secs] [Times: user=0.02 sys=0.00, real=0.00 secs] 
10.703: [GC (Allocation Failure) [PSYoungGen: 213621K->16379K(250880K)] 221856K->99530K(436736K), 0.0163516 secs] [Times: user=0.07 sys=0.01, real=0.02 secs] 
11.941: [GC (Allocation Failure) [PSYoungGen: 250875K->53639K(357376K)] 334026K->185950K(543232K), 0.0142701 secs] [Times: user=0.06 sys=0.01, real=0.02 secs] 
14.097: [GC (Allocation Failure) [PSYoungGen: 354183K->51986K(367616K)] 486494K->203412K(553472K), 0.0143156 secs] [Times: user=0.07 sys=0.02, real=0.01 secs] 
14.111: [Full GC (Ergonomics) [PSYoungGen: 51986K->0K(367616K)] [ParOldGen: 151425K->127755K(410624K)] 203412K->127755K(778240K), [Metaspace: 52983K->52983K(1097728K)], 0.1057238 secs] [Times: user=0.45 sys=0.00, real=0.11 secs] 
16.260: [GC (Allocation Failure) [PSYoungGen: 300544K->9725K(429056K)] 428299K->137488K(839680K), 0.0023446 secs] [Times: user=0.00 sys=0.00, real=0.00 secs] 
18.888: [GC (Allocation Failure) [PSYoungGen: 383997K->5600K(446464K)] 511760K->133371K(857088K), 0.0021028 secs] [Times: user=0.01 sys=0.00, real=0.00 secs] 
21.884: [GC (Allocation Failure) [PSYoungGen: 379581K->693K(496128K)] 507352K->128472K(906752K), 0.0018910 secs] [Times: user=0.00 sys=0.00, real=0.00 secs] 
26.521: [GC (Allocation Failure) [PSYoungGen: 439989K->9805K(509440K)] 567768K->137592K(920064K), 0.0022446 secs] [Times: user=0.01 sys=0.00, real=0.00 secs] 
30.124: [GC (Allocation Failure) [PSYoungGen: 449101K->18029K(540672K)] 576888K->145824K(951296K), 0.0037446 secs] [Times: user=0.01 sys=0.00, real=0.01 secs] 
34.305: [GC (Allocation Failure) [PSYoungGen: 510573K->1725K(555008K)] 638368K->129528K(965632K), 0.0019574 secs] [Times: user=0.00 sys=0.00, real=0.00 secs] 
37.303: [GC (Allocation Failure) [PSYoungGen: 494269K->34461K(600576K)] 622072K->260568K(1011200K), 0.0137014 secs] [Times: user=0.06 sys=0.01, real=0.02 secs] 
44.140: [GC (Allocation Failure) [PSYoungGen: 573597K->34413K(602624K)] 799704K->293288K(1013248K), 0.0161191 secs] [Times: user=0.08 sys=0.01, real=0.02 secs] 
50.239: [GC (Allocation Failure) [PSYoungGen: 573549K->1677K(632320K)] 832424K->260560K(1042944K), 0.0031912 secs] [Times: user=0.01 sys=0.01, real=0.00 secs] 
57.152: [GC (Allocation Failure) [PSYoungGen: 571533K->1677K(633344K)] 830416K->260568K(1043968K), 0.0032095 secs] [Times: user=0.01 sys=0.01, real=0.01 secs] 
63.903: [GC (Allocation Failure) [PSYoungGen: 571533K->18077K(627712K)] 830424K->276976K(1038336K), 0.0069613 secs] [Times: user=0.03 sys=0.00, real=0.01 secs] 
71.318: [GC (Allocation Failure) [PSYoungGen: 591517K->18093K(631296K)] 850416K->276992K(1041920K), 0.0027805 secs] [Times: user=0.01 sys=0.00, real=0.00 secs] 
78.823: [GC (Allocation Failure) [PSYoungGen: 591533K->9888K(637440K)] 850432K->268787K(1048064K), 0.0042742 secs] [Times: user=0.01 sys=0.00, real=0.01 secs] 
86.728: [GC (Allocation Failure) [PSYoungGen: 597152K->5837K(638976K)] 856051K->264744K(1049600K), 0.0022017 secs] [Times: user=0.01 sys=0.00, real=0.00 secs] 
90.319: [GC (Allocation Failure) [PSYoungGen: 593101K->33296K(642560K)] 852008K->324971K(1053184K), 0.0116845 secs] [Times: user=0.06 sys=0.01, real=0.01 secs] 
97.318: [GC (Allocation Failure) [PSYoungGen: 625680K->2672K(574464K)] 917355K->294440K(985088K), 0.0023171 secs] [Times: user=0.01 sys=0.00, real=0.00 secs] 
100.822: [GC (Allocation Failure) [PSYoungGen: 574064K->34384K(589824K)] 865832K->358960K(1000448K), 0.0069626 secs] [Times: user=0.04 sys=0.00, real=0.01 secs] 
107.942: [GC (Allocation Failure) [PSYoungGen: 585808K->34272K(566784K)] 910384K->391808K(977408K), 0.0118482 secs] [Times: user=0.06 sys=0.00, real=0.02 secs] 
107.954: [Full GC (Ergonomics) [PSYoungGen: 34272K->0K(566784K)] [ParOldGen: 357536K->194847K(619008K)] 391808K->194847K(1185792K), [Metaspace: 54242K->54234K(1099776K)], 0.0433004 secs] [Times: user=0.12 sys=0.01, real=0.04 secs] 
113.348: [GC (Allocation Failure) [PSYoungGen: 532480K->34208K(588800K)] 727327K->229063K(1207808K), 0.0088920 secs] [Times: user=0.05 sys=0.00, real=0.01 secs] 
117.984: [GC (Allocation Failure) [PSYoungGen: 565152K->9696K(590336K)] 760007K->204559K(1209344K), 0.0020310 secs] [Times: user=0.00 sys=0.00, real=0.00 secs] 
121.807: [GC (Allocation Failure) [PSYoungGen: 540640K->34272K(603136K)] 735503K->261903K(1222144K), 0.0057184 secs] [Times: user=0.03 sys=0.00, real=0.00 secs] 
126.603: [GC (Allocation Failure) [PSYoungGen: 580064K->34240K(604672K)] 807695K->261879K(1223680K), 0.0032012 secs] [Times: user=0.02 sys=0.00, real=0.01 secs] 
132.144: [GC (Allocation Failure) [PSYoungGen: 580032K->17888K(611840K)] 807671K->245535K(1230848K), 0.0026268 secs] [Times: user=0.02 sys=0.00, real=0.00 secs] 
138.636: [GC (Allocation Failure) [PSYoungGen: 576992K->9728K(616448K)] 804639K->237383K(1235456K), 0.0020640 secs] [Times: user=0.00 sys=0.00, real=0.00 secs] 
145.593: [GC (Allocation Failure) [PSYoungGen: 568832K->34304K(623104K)] 796487K->294727K(1242112K), 0.0085986 secs] [Times: user=0.05 sys=0.00, real=0.01 secs] 
152.623: [GC (Allocation Failure) [PSYoungGen: 601600K->34272K(624640K)] 862023K->327463K(1243648K), 0.0054968 secs] [Times: user=0.03 sys=0.00, real=0.01 secs] 
157.610: [GC (Allocation Failure) [PSYoungGen: 601568K->34272K(635904K)] 894759K->327463K(1254912K), 0.0048393 secs] [Times: user=0.02 sys=0.00, real=0.01 secs] 
161.471: [GC (Allocation Failure) [PSYoungGen: 611808K->34272K(636416K)] 904999K->327471K(1255424K), 0.0040487 secs] [Times: user=0.03 sys=0.00, real=0.01 secs] 
168.196: [GC (Allocation Failure) [PSYoungGen: 611808K->34272K(640000K)] 905007K->327471K(1259008K), 0.0052774 secs] [Times: user=0.03 sys=0.00, real=0.00 secs] 
173.822: [GC (Allocation Failure) [PSYoungGen: 615392K->17885K(599040K)] 908591K->311092K(1218048K), 0.0037956 secs] [Times: user=0.02 sys=0.00, real=0.01 secs] 
179.936: [GC (Allocation Failure) [PSYoungGen: 599005K->9696K(638976K)] 892212K->302903K(1257984K), 0.0043995 secs] [Times: user=0.01 sys=0.00, real=0.00 secs] 
187.171: [GC (Allocation Failure) [PSYoungGen: 591328K->2496K(638464K)] 884535K->295711K(1257472K), 0.0017580 secs] [Times: user=0.00 sys=0.01, real=0.00 secs] 
191.337: [GC (Allocation Failure) [PSYoungGen: 584128K->34285K(639488K)] 877343K->360268K(1258496K), 0.0073113 secs] [Times: user=0.04 sys=0.00, real=0.01 secs] 
196.862: [GC (Allocation Failure) [PSYoungGen: 616429K->34272K(616448K)] 942412K->393084K(1235456K), 0.0059246 secs] [Times: user=0.03 sys=0.00, real=0.01 secs] 
203.541: [GC (Allocation Failure) [PSYoungGen: 616416K->34240K(638976K)] 975228K->393084K(1257984K), 0.0039125 secs] [Times: user=0.02 sys=0.00, real=0.01 secs] 
208.459: [GC (Allocation Failure) [PSYoungGen: 614336K->34224K(639488K)] 973180K->393076K(1258496K), 0.0037509 secs] [Times: user=0.02 sys=0.00, real=0.00 secs] 
215.398: [GC (Allocation Failure) [PSYoungGen: 614320K->34240K(638464K)] 973172K->393116K(1257472K), 0.0055539 secs] [Times: user=0.03 sys=0.00, real=0.00 secs] 
223.080: [GC (Allocation Failure) [PSYoungGen: 614336K->34256K(638976K)] 973212K->393164K(1257984K), 0.0046375 secs] [Times: user=0.03 sys=0.00, real=0.01 secs] 
231.709: [GC (Allocation Failure) [PSYoungGen: 614352K->17840K(636928K)] 973260K->376756K(1255936K), 0.0039440 secs] [Times: user=0.02 sys=0.00, real=0.00 secs] 
240.107: [GC (Allocation Failure) [PSYoungGen: 599472K->9712K(638464K)] 958388K->368644K(1257472K), 0.0022067 secs] [Times: user=0.01 sys=0.00, real=0.00 secs] 
246.561: [GC (Allocation Failure) [PSYoungGen: 591344K->33088K(642048K)] 950276K->424796K(1261056K), 0.0107200 secs] [Times: user=0.06 sys=0.00, real=0.01 secs] 
252.762: [GC (Allocation Failure) [PSYoungGen: 618304K->34224K(642048K)] 1010012K->458716K(1261056K), 0.0167123 secs] [Times: user=0.09 sys=0.00, real=0.02 secs] 
260.227: [GC (Allocation Failure) [PSYoungGen: 619440K->34224K(642048K)] 1043932K->491492K(1261056K), 0.0147081 secs] [Times: user=0.08 sys=0.01, real=0.01 secs] 
266.330: [GC (Allocation Failure) [PSYoungGen: 619440K->34224K(619520K)] 1076708K->524268K(1238528K), 0.0086025 secs] [Times: user=0.05 sys=0.00, real=0.01 secs] 
272.292: [GC (Allocation Failure) [PSYoungGen: 619440K->34224K(642048K)] 1109484K->557052K(1261056K), 0.0154000 secs] [Times: user=0.08 sys=0.01, real=0.02 secs] 
279.985: [GC (Allocation Failure) [PSYoungGen: 619952K->34256K(641536K)] 1142780K->557100K(1260544K), 0.0042395 secs] [Times: user=0.03 sys=0.00, real=0.00 secs] 
285.072: [GC (Allocation Failure) [PSYoungGen: 619984K->34192K(642048K)] 1142828K->557052K(1261056K), 0.0047961 secs] [Times: user=0.03 sys=0.00, real=0.01 secs] 
292.531: [GC (Allocation Failure) [PSYoungGen: 621968K->34240K(642048K)] 1144828K->557108K(1261056K), 0.0065168 secs] [Times: user=0.03 sys=0.00, real=0.01 secs] 
298.697: [GC (Allocation Failure) [PSYoungGen: 622016K->34176K(643072K)] 1144884K->557068K(1262080K), 0.0037344 secs] [Times: user=0.02 sys=0.00, real=0.00 secs] 
305.218: [GC (Allocation Failure) [PSYoungGen: 625024K->17824K(643584K)] 1147916K->540740K(1262592K), 0.0049487 secs] [Times: user=0.02 sys=0.00, real=0.00 secs] 
310.572: [GC (Allocation Failure) [PSYoungGen: 608672K->17856K(645120K)] 1131588K->540780K(1264128K), 0.0072471 secs] [Times: user=0.04 sys=0.00, real=0.01 secs] 
317.754: [GC (Allocation Failure) [PSYoungGen: 611264K->9664K(645632K)] 1134188K->532596K(1264640K), 0.0022360 secs] [Times: user=0.01 sys=0.00, real=0.00 secs] 
324.527: [GC (Allocation Failure) [PSYoungGen: 603072K->5568K(644608K)] 1126004K->528516K(1263616K), 0.0023982 secs] [Times: user=0.01 sys=0.00, real=0.00 secs] 
330.267: [GC (Allocation Failure) [PSYoungGen: 596928K->34240K(625664K)] 1119876K->589964K(1244672K), 0.0137485 secs] [Times: user=0.07 sys=0.01, real=0.01 secs] 
335.891: [GC (Allocation Failure) [PSYoungGen: 625600K->34256K(643072K)] 1181324K->622772K(1262080K), 0.0087383 secs] [Times: user=0.05 sys=0.00, real=0.01 secs] 
335.900: [Full GC (Ergonomics) [PSYoungGen: 34256K->0K(643072K)] [ParOldGen: 588516K->227762K(634880K)] 622772K->227762K(1277952K), [Metaspace: 54780K->54780K(1099776K)], 0.0349078 secs] [Times: user=0.11 sys=0.01, real=0.04 secs] 
343.427: [GC (Allocation Failure) [PSYoungGen: 588288K->1440K(571904K)] 816050K->229202K(1206784K), 0.0040846 secs] [Times: user=0.02 sys=0.00, real=0.00 secs] 
349.635: [GC (Allocation Failure) [PSYoungGen: 571808K->1472K(592896K)] 799570K->229242K(1227776K), 0.0020397 secs] [Times: user=0.01 sys=0.00, real=0.00 secs] 
354.194: [GC (Allocation Failure) [PSYoungGen: 554432K->34240K(570880K)] 782202K->262010K(1205760K), 0.0037170 secs] [Times: user=0.02 sys=0.00, real=0.00 secs] 
359.414: [GC (Allocation Failure) [PSYoungGen: 570816K->34240K(564224K)] 798586K->262018K(1199104K), 0.0039227 secs] [Times: user=0.02 sys=0.00, real=0.00 secs] 
364.617: [GC (Allocation Failure) [PSYoungGen: 554944K->17824K(523264K)] 782722K->245602K(1158144K), 0.0066540 secs] [Times: user=0.03 sys=0.00, real=0.00 secs] 
371.795: [GC (Allocation Failure) [PSYoungGen: 523168K->1501K(532992K)] 750946K->229287K(1167872K), 0.0041757 secs] [Times: user=0.01 sys=0.00, real=0.00 secs] 
377.001: [GC (Allocation Failure) [PSYoungGen: 491997K->34272K(510976K)] 719783K->262058K(1145856K), 0.0034793 secs] [Times: user=0.01 sys=0.00, real=0.01 secs] 
383.020: [GC (Allocation Failure) [PSYoungGen: 510944K->17888K(502272K)] 738730K->245682K(1137152K), 0.0039949 secs] [Times: user=0.01 sys=0.00, real=0.00 secs] 
387.184: [GC (Allocation Failure) [PSYoungGen: 481248K->1408K(452096K)] 709042K->229202K(1086976K), 0.0020345 secs] [Times: user=0.00 sys=0.00, real=0.00 secs] 
391.220: [GC (Allocation Failure) [PSYoungGen: 451968K->17792K(474624K)] 679762K->245586K(1109504K), 0.0028011 secs] [Times: user=0.01 sys=0.01, real=0.00 secs] 
396.278: [GC (Allocation Failure) [PSYoungGen: 456064K->34208K(460800K)] 683858K->262002K(1095680K), 0.0041483 secs] [Times: user=0.02 sys=0.00, real=0.00 secs] 
406.143: [GC (Allocation Failure) [PSYoungGen: 460704K->17888K(452608K)] 688498K->245682K(1087488K), 0.0027333 secs] [Times: user=0.01 sys=0.00, real=0.01 secs] 
411.272: [GC (Allocation Failure) [PSYoungGen: 433120K->34272K(438784K)] 660914K->262066K(1073664K), 0.0039314 secs] [Times: user=0.02 sys=0.00, real=0.01 secs] 
414.400: [GC (Allocation Failure) [PSYoungGen: 438752K->1472K(437760K)] 666546K->229274K(1072640K), 0.0032493 secs] [Times: user=0.02 sys=0.00, real=0.00 secs] 
418.140: [GC (Allocation Failure) [PSYoungGen: 395200K->17856K(401408K)] 623002K->245666K(1036288K), 0.0024477 secs] [Times: user=0.01 sys=0.00, real=0.00 secs] 
420.452: [GC (Allocation Failure) [PSYoungGen: 401344K->34176K(419328K)] 629154K->262047K(1054208K), 0.0033204 secs] [Times: user=0.02 sys=0.00, real=0.01 secs] 
425.314: [GC (Allocation Failure) [PSYoungGen: 407936K->1376K(366080K)] 635807K->229271K(1000960K), 0.0020930 secs] [Times: user=0.01 sys=0.00, real=0.01 secs] 
427.961: [GC (Allocation Failure) [PSYoungGen: 365920K->1376K(399360K)] 593815K->229287K(1034240K), 0.0022276 secs] [Times: user=0.01 sys=0.00, real=0.00 secs] 
430.991: [GC (Allocation Failure) [PSYoungGen: 356704K->9600K(356352K)] 584615K->237527K(991232K), 0.0024191 secs] [Times: user=0.01 sys=0.00, real=0.00 secs] 
434.757: [GC (Allocation Failure) [PSYoungGen: 356224K->17824K(375296K)] 584151K->245767K(1010176K), 0.0021379 secs] [Times: user=0.01 sys=0.00, real=0.00 secs] 
436.928: [GC (Allocation Failure) [PSYoungGen: 356256K->17856K(348160K)] 584199K->245815K(983040K), 0.0024482 secs] [Times: user=0.01 sys=0.00, real=0.00 secs] 
439.256: [GC (Allocation Failure) [PSYoungGen: 348096K->34240K(367104K)] 576055K->262207K(1001984K), 0.0037588 secs] [Times: user=0.01 sys=0.00, real=0.00 secs] 
441.248: [GC (Allocation Failure) [PSYoungGen: 356800K->34240K(349184K)] 584767K->262223K(984064K), 0.0031814 secs] [Times: user=0.02 sys=0.00, real=0.00 secs] 
443.186: [GC (Allocation Failure) [PSYoungGen: 349120K->34176K(356352K)] 577103K->262175K(991232K), 0.0043208 secs] [Times: user=0.02 sys=0.00, real=0.00 secs] 
445.900: [GC (Allocation Failure) [PSYoungGen: 341888K->34208K(334848K)] 569887K->262231K(969728K), 0.0036660 secs] [Times: user=0.01 sys=0.00, real=0.01 secs] 
448.117: [GC (Allocation Failure) [PSYoungGen: 334752K->34208K(344576K)] 562775K->262239K(979456K), 0.0036425 secs] [Times: user=0.02 sys=0.00, real=0.00 secs] 
449.954: [GC (Allocation Failure) [PSYoungGen: 328096K->34176K(321536K)] 556127K->262239K(956416K), 0.0036211 secs] [Times: user=0.02 sys=0.00, real=0.01 secs] 
451.983: [GC (Allocation Failure) [PSYoungGen: 321408K->34240K(331776K)] 549471K->262311K(966656K), 0.0036624 secs] [Times: user=0.02 sys=0.00, real=0.01 secs] 
453.918: [GC (Allocation Failure) [PSYoungGen: 315328K->34208K(309248K)] 543399K->262287K(944128K), 0.0034275 secs] [Times: user=0.02 sys=0.00, real=0.00 secs] 
456.214: [GC (Allocation Failure) [PSYoungGen: 309152K->34208K(320512K)] 537231K->262311K(955392K), 0.0038904 secs] [Times: user=0.02 sys=0.00, real=0.00 secs] 
459.340: [GC (Allocation Failure) [PSYoungGen: 303520K->17856K(281600K)] 531623K->245975K(916480K), 0.0027107 secs] [Times: user=0.01 sys=0.01, real=0.00 secs] 
462.363: [GC (Allocation Failure) [PSYoungGen: 281536K->9664K(307712K)] 509655K->237783K(942592K), 0.0028056 secs] [Times: user=0.01 sys=0.00, real=0.01 secs] 
464.457: [GC (Allocation Failure) [PSYoungGen: 267712K->1952K(254976K)] 495831K->230079K(889856K), 0.0018930 secs] [Times: user=0.00 sys=0.00, real=0.00 secs] 
465.375: [GC (Allocation Failure) [PSYoungGen: 254880K->1344K(300032K)] 483007K->229487K(934912K), 0.0025398 secs] [Times: user=0.01 sys=0.00, real=0.00 secs] 
466.975: [GC (Allocation Failure) [PSYoungGen: 249152K->34240K(277504K)] 477295K->262399K(912384K), 0.0037698 secs] [Times: user=0.02 sys=0.00, real=0.00 secs] 
469.068: [GC (Allocation Failure) [PSYoungGen: 277440K->17856K(286720K)] 505599K->246015K(921600K), 0.0024888 secs] [Times: user=0.01 sys=0.00, real=0.00 secs] 
471.701: [GC (Allocation Failure) [PSYoungGen: 256448K->9664K(243712K)] 484607K->237839K(878592K), 0.0022249 secs] [Times: user=0.01 sys=0.00, real=0.00 secs] 
474.229: [GC (Allocation Failure) [PSYoungGen: 243648K->1376K(278528K)] 471823K->229551K(913408K), 0.0025409 secs] [Times: user=0.01 sys=0.00, real=0.00 secs] 
476.290: [GC (Allocation Failure) [PSYoungGen: 230752K->34240K(259584K)] 458927K->262423K(894464K), 0.0031858 secs] [Times: user=0.02 sys=0.00, real=0.00 secs] 
478.828: [GC (Allocation Failure) [PSYoungGen: 259520K->17856K(266240K)] 487703K->246039K(901120K), 0.0024359 secs] [Times: user=0.01 sys=0.00, real=0.00 secs] 
481.706: [GC (Allocation Failure) [PSYoungGen: 239040K->3488K(220672K)] 467223K->231671K(855552K), 0.0021572 secs] [Times: user=0.01 sys=0.00, real=0.00 secs] 
483.676: [GC (Allocation Failure) [PSYoungGen: 220576K->34176K(265216K)] 448759K->262375K(900096K), 0.0052670 secs] [Times: user=0.02 sys=0.00, real=0.00 secs] 
485.673: [GC (Allocation Failure) [PSYoungGen: 247168K->34240K(243712K)] 475367K->262439K(878592K), 0.0030956 secs] [Times: user=0.01 sys=0.00, real=0.01 secs] 
488.107: [GC (Allocation Failure) [PSYoungGen: 240444K->5568K(257024K)] 468644K->233775K(891904K), 0.0020605 secs] [Times: user=0.00 sys=0.00, real=0.00 secs] 
489.302: [GC (Allocation Failure) [PSYoungGen: 211392K->34192K(261632K)] 439599K->262399K(896512K), 0.0037579 secs] [Times: user=0.02 sys=0.01, real=0.01 secs] 
492.010: [GC (Allocation Failure) [PSYoungGen: 240016K->34208K(269824K)] 468223K->262423K(904704K), 0.0047051 secs] [Times: user=0.03 sys=0.00, real=0.01 secs] 
495.007: [GC (Allocation Failure) [PSYoungGen: 246176K->9632K(218112K)] 474391K->237855K(852992K), 0.0044519 secs] [Times: user=0.02 sys=0.00, real=0.00 secs] 
496.522: [GC (Allocation Failure) [PSYoungGen: 218016K->1392K(258560K)] 446239K->229639K(893440K), 0.0022058 secs] [Times: user=0.01 sys=0.00, real=0.01 secs] 
499.306: [GC (Allocation Failure) [PSYoungGen: 193673K->17824K(219136K)] 421921K->246079K(854016K), 0.0043515 secs] [Times: user=0.02 sys=0.00, real=0.00 secs] 
501.539: [GC (Allocation Failure) [PSYoungGen: 219040K->3488K(245760K)] 447295K->231759K(880640K), 0.0016700 secs] [Times: user=0.01 sys=0.00, real=0.00 secs] 
502.290: [GC (Allocation Failure) [PSYoungGen: 201120K->34176K(250368K)] 429391K->262463K(885248K), 0.0031710 secs] [Times: user=0.01 sys=0.00, real=0.00 secs] 
504.076: [GC (Allocation Failure) [PSYoungGen: 231808K->17824K(252928K)] 460095K->246119K(887808K), 0.0023794 secs] [Times: user=0.01 sys=0.00, real=0.00 secs] 
505.699: [GC (Allocation Failure) [PSYoungGen: 222624K->1408K(257024K)] 450919K->229711K(891904K), 0.0020995 secs] [Times: user=0.01 sys=0.00, real=0.00 secs] 
507.661: [GC (Allocation Failure) [PSYoungGen: 206208K->34208K(260608K)] 434511K->262519K(895488K), 0.0035902 secs] [Times: user=0.01 sys=0.00, real=0.01 secs] 
509.721: [GC (Allocation Failure) [PSYoungGen: 243104K->17856K(223232K)] 471415K->246183K(858112K), 0.0024313 secs] [Times: user=0.01 sys=0.00, real=0.00 secs] 
510.606: [GC (Allocation Failure) [PSYoungGen: 223168K->1440K(256512K)] 451495K->229783K(891392K), 0.0019051 secs] [Times: user=0.01 sys=0.00, real=0.00 secs] 
512.309: [GC (Allocation Failure) [PSYoungGen: 206752K->34240K(256512K)] 435095K->262599K(891392K), 0.0038169 secs] [Times: user=0.02 sys=0.00, real=0.00 secs] 
513.768: [GC (Allocation Failure) [PSYoungGen: 232539K->9616K(262656K)] 460899K->237983K(897536K), 0.0020457 secs] [Times: user=0.01 sys=0.00, real=0.00 secs] 
514.549: [GC (Allocation Failure) [PSYoungGen: 222096K->1376K(264704K)] 450463K->229759K(899584K), 0.0019147 secs] [Times: user=0.01 sys=0.00, real=0.00 secs] 
517.761: [GC (Allocation Failure) [PSYoungGen: 213856K->34192K(269312K)] 442239K->262591K(904192K), 0.0058225 secs] [Times: user=0.02 sys=0.00, real=0.01 secs] 
520.415: [GC (Allocation Failure) [PSYoungGen: 251792K->17888K(231424K)] 480191K->246295K(866304K), 0.0028212 secs] [Times: user=0.01 sys=0.00, real=0.00 secs] 
522.346: [GC (Allocation Failure) [PSYoungGen: 231392K->1424K(256512K)] 459799K->229839K(891392K), 0.0028200 secs] [Times: user=0.01 sys=0.00, real=0.00 secs] 
524.797: [GC (Allocation Failure) [PSYoungGen: 211344K->34208K(260608K)] 439759K->262631K(895488K), 0.0055184 secs] [Times: user=0.02 sys=0.00, real=0.00 secs] 
527.055: [GC (Allocation Failure) [PSYoungGen: 244128K->17824K(241664K)] 472551K->246255K(876544K), 0.0031953 secs] [Times: user=0.01 sys=0.00, real=0.00 secs] 
527.839: [GC (Allocation Failure) [PSYoungGen: 224160K->1408K(256512K)] 452591K->229847K(891392K), 0.0019316 secs] [Times: user=0.01 sys=0.00, real=0.00 secs] 
529.358: [GC (Allocation Failure) [PSYoungGen: 207744K->34208K(261120K)] 436183K->262655K(896000K), 0.0034654 secs] [Times: user=0.01 sys=0.00, real=0.00 secs] 
530.827: [GC (Allocation Failure) [PSYoungGen: 245152K->17856K(264192K)] 473599K->246343K(899072K), 0.0023002 secs] [Times: user=0.01 sys=0.00, real=0.00 secs] 
531.763: [GC (Allocation Failure) [PSYoungGen: 228800K->1440K(268288K)] 457287K->229935K(903168K), 0.0017172 secs] [Times: user=0.00 sys=0.00, real=0.01 secs] 
534.083: [GC (Allocation Failure) [PSYoungGen: 220064K->34240K(268288K)] 448559K->262743K(903168K), 0.0038531 secs] [Times: user=0.02 sys=0.00, real=0.01 secs] 
537.029: [GC (Allocation Failure) [PSYoungGen: 252864K->17888K(248832K)] 481367K->246407K(883712K), 0.0024842 secs] [Times: user=0.01 sys=0.00, real=0.00 secs] 
538.371: [GC (Allocation Failure) [PSYoungGen: 232416K->1376K(212480K)] 460935K->229903K(847360K), 0.0025123 secs] [Times: user=0.01 sys=0.00, real=0.00 secs] 
541.326: [GC (Allocation Failure) [PSYoungGen: 212320K->34208K(256512K)] 440847K->262743K(891392K), 0.0087025 secs] [Times: user=0.05 sys=0.00, real=0.01 secs] 
543.558: [GC (Allocation Failure) [PSYoungGen: 241568K->17856K(260096K)] 470103K->246407K(894976K), 0.0022841 secs] [Times: user=0.01 sys=0.00, real=0.00 secs] 
544.910: [GC (Allocation Failure) [PSYoungGen: 225216K->1392K(242176K)] 453767K->229951K(877056K), 0.0023004 secs] [Times: user=0.01 sys=0.00, real=0.00 secs] 
546.417: [GC (Allocation Failure) [PSYoungGen: 205168K->34240K(252928K)] 433727K->262807K(887808K), 0.0032799 secs] [Times: user=0.01 sys=0.00, real=0.00 secs] 
547.851: [GC (Allocation Failure) [PSYoungGen: 238016K->17856K(257024K)] 466583K->246439K(891904K), 0.0022481 secs] [Times: user=0.01 sys=0.00, real=0.00 secs] 
548.702: [GC (Allocation Failure) [PSYoungGen: 228800K->1440K(260096K)] 457383K->230031K(894976K), 0.0023551 secs] [Times: user=0.01 sys=0.00, real=0.01 secs] 
551.517: [GC (Allocation Failure) [PSYoungGen: 212384K->34224K(264192K)] 440975K->262823K(899072K), 0.0070495 secs] [Times: user=0.03 sys=0.00, real=0.00 secs] 
554.731: [GC (Allocation Failure) [PSYoungGen: 249776K->17856K(267776K)] 478375K->246463K(902656K), 0.0050820 secs] [Times: user=0.03 sys=0.00, real=0.01 secs] 
557.128: [GC (Allocation Failure) [PSYoungGen: 233408K->1440K(271360K)] 462015K->230055K(906240K), 0.0024088 secs] [Times: user=0.01 sys=0.00, real=0.00 secs] 
559.012: [GC (Allocation Failure) [PSYoungGen: 224672K->34240K(271872K)] 453287K->262863K(906752K), 0.0034756 secs] [Times: user=0.01 sys=0.00, real=0.01 secs] 
562.307: [GC (Allocation Failure) [PSYoungGen: 257472K->34240K(281088K)] 486095K->262887K(915968K), 0.0125129 secs] [Times: user=0.06 sys=0.01, real=0.01 secs] 
565.368: [GC (Allocation Failure) [PSYoungGen: 263104K->9664K(283648K)] 491751K->238319K(918528K), 0.0044315 secs] [Times: user=0.02 sys=0.00, real=0.00 secs] 
567.810: [GC (Allocation Failure) [PSYoungGen: 238528K->1408K(289792K)] 467183K->230071K(924672K), 0.0042643 secs] [Times: user=0.01 sys=0.00, real=0.01 secs] 
570.852: [GC (Allocation Failure) [PSYoungGen: 238976K->34256K(290304K)] 467639K->262935K(925184K), 0.0074993 secs] [Times: user=0.04 sys=0.00, real=0.01 secs] 
573.903: [GC (Allocation Failure) [PSYoungGen: 271824K->34208K(300544K)] 500503K->262911K(935424K), 0.0058199 secs] [Times: user=0.03 sys=0.00, real=0.01 secs] 
576.747: [GC (Allocation Failure) [PSYoungGen: 279456K->17856K(302592K)] 508159K->246567K(937472K), 0.0026159 secs] [Times: user=0.01 sys=0.00, real=0.00 secs] 
579.027: [GC (Allocation Failure) [PSYoungGen: 263104K->2464K(280576K)] 491815K->231183K(915456K), 0.0016611 secs] [Times: user=0.00 sys=0.01, real=0.00 secs] 
580.007: [GC (Allocation Failure) [PSYoungGen: 243104K->1408K(237568K)] 471823K->230135K(872448K), 0.0017943 secs] [Times: user=0.01 sys=0.00, real=0.00 secs] 
582.529: [GC (Allocation Failure) [PSYoungGen: 237440K->34240K(284672K)] 466167K->263007K(919552K), 0.0038040 secs] [Times: user=0.02 sys=0.00, real=0.00 secs] 
584.863: [GC (Allocation Failure) [PSYoungGen: 265664K->17824K(245248K)] 494431K->246615K(880128K), 0.0028940 secs] [Times: user=0.01 sys=0.00, real=0.01 secs] 
587.893: [GC (Allocation Failure) [PSYoungGen: 245152K->2480K(270336K)] 473943K->231279K(905216K), 0.0021151 secs] [Times: user=0.00 sys=0.00, real=0.01 secs] 
589.181: [GC (Allocation Failure) [PSYoungGen: 225712K->34160K(253440K)] 454511K->262967K(888320K), 0.0036875 secs] [Times: user=0.01 sys=0.00, real=0.01 secs] 
591.663: [GC (Allocation Failure) [PSYoungGen: 253296K->34176K(269824K)] 482103K->262991K(904704K), 0.0046921 secs] [Times: user=0.02 sys=0.00, real=0.01 secs] 
594.821: [GC (Allocation Failure) [PSYoungGen: 249216K->9600K(221184K)] 478031K->238423K(856064K), 0.0028260 secs] [Times: user=0.01 sys=0.00, real=0.00 secs] 
596.319: [GC (Allocation Failure) [PSYoungGen: 221056K->1408K(258048K)] 449879K->230239K(892928K), 0.0021215 secs] [Times: user=0.01 sys=0.00, real=0.00 secs] 
597.770: [GC (Allocation Failure) [PSYoungGen: 209280K->34208K(262144K)] 438111K->263047K(897024K), 0.0040276 secs] [Times: user=0.02 sys=0.00, real=0.00 secs] 
600.013: [GC (Allocation Failure) [PSYoungGen: 242080K->9632K(246272K)] 470919K->238487K(881152K), 0.0017686 secs] [Times: user=0.00 sys=0.00, real=0.01 secs] 
601.108: [GC (Allocation Failure) [PSYoungGen: 213920K->1408K(202240K)] 442775K->230271K(837120K), 0.0027390 secs] [Times: user=0.01 sys=0.00, real=0.00 secs] 
602.740: [GC (Allocation Failure) [PSYoungGen: 190459K->17808K(241152K)] 419323K->246687K(876032K), 0.0029045 secs] [Times: user=0.01 sys=0.00, real=0.00 secs] 
604.685: [GC (Allocation Failure) [PSYoungGen: 214928K->2432K(196608K)] 443807K->231327K(831488K), 0.0019435 secs] [Times: user=0.01 sys=0.00, real=0.00 secs] 
605.375: [GC (Allocation Failure) [PSYoungGen: 196480K->34144K(240128K)] 425375K->263047K(875008K), 0.0036671 secs] [Times: user=0.02 sys=0.00, real=0.00 secs] 
606.857: [GC (Allocation Failure) [PSYoungGen: 224608K->17856K(243712K)] 453511K->246775K(878592K), 0.0024343 secs] [Times: user=0.01 sys=0.00, real=0.00 secs] 
608.240: [GC (Allocation Failure) [PSYoungGen: 208320K->1424K(246784K)] 437239K->230351K(881664K), 0.0019880 secs] [Times: user=0.00 sys=0.00, real=0.00 secs] 
610.551: [GC (Allocation Failure) [PSYoungGen: 199568K->34240K(247808K)] 428495K->263183K(882688K), 0.0035283 secs] [Times: user=0.02 sys=0.01, real=0.01 secs] 
612.824: [GC (Allocation Failure) [PSYoungGen: 229439K->5536K(256000K)] 458382K->234495K(890880K), 0.0043787 secs] [Times: user=0.02 sys=0.01, real=0.00 secs] 
614.537: [GC (Allocation Failure) [PSYoungGen: 211360K->34176K(257536K)] 440319K->263143K(892416K), 0.0037426 secs] [Times: user=0.02 sys=0.00, real=0.00 secs] 
616.593: [GC (Allocation Failure) [PSYoungGen: 240000K->34240K(266752K)] 468967K->263215K(901632K), 0.0043116 secs] [Times: user=0.02 sys=0.00, real=0.01 secs] 
618.273: [GC (Allocation Failure) [PSYoungGen: 246208K->9696K(268800K)] 475183K->238687K(903680K), 0.0018667 secs] [Times: user=0.01 sys=0.00, real=0.01 secs] 
619.416: [GC (Allocation Failure) [PSYoungGen: 221664K->1408K(273408K)] 450655K->230407K(908288K), 0.0018928 secs] [Times: user=0.01 sys=0.00, real=0.00 secs] 
621.180: [GC (Allocation Failure) [PSYoungGen: 221056K->34272K(273920K)] 450055K->263287K(908800K), 0.0034962 secs] [Times: user=0.02 sys=0.00, real=0.01 secs] 
622.695: [GC (Allocation Failure) [PSYoungGen: 250334K->9648K(256512K)] 479350K->238671K(891392K), 0.0017896 secs] [Times: user=0.01 sys=0.00, real=0.00 secs] 
623.490: [GC (Allocation Failure) [PSYoungGen: 225200K->1376K(270336K)] 454223K->230407K(905216K), 0.0019869 secs] [Times: user=0.01 sys=0.00, real=0.00 secs] 
625.198: [GC (Allocation Failure) [PSYoungGen: 216928K->34208K(274432K)] 445959K->263247K(909312K), 0.0045368 secs] [Times: user=0.03 sys=0.00, real=0.00 secs] 
627.271: [GC (Allocation Failure) [PSYoungGen: 254880K->17856K(277504K)] 483919K->246911K(912384K), 0.0020600 secs] [Times: user=0.01 sys=0.00, real=0.00 secs] 
628.917: [GC (Allocation Failure) [PSYoungGen: 238528K->1408K(256000K)] 467583K->230479K(890880K), 0.0022161 secs] [Times: user=0.01 sys=0.00, real=0.00 secs] 
630.781: [GC (Allocation Failure) [PSYoungGen: 217984K->34224K(246784K)] 447055K->263303K(881664K), 0.0032738 secs] [Times: user=0.02 sys=0.00, real=0.01 secs] 
632.648: [GC (Allocation Failure) [PSYoungGen: 246704K->17792K(253440K)] 475783K->246887K(888320K), 0.0022126 secs] [Times: user=0.01 sys=0.00, real=0.00 secs] 
634.244: [GC (Allocation Failure) [PSYoungGen: 226688K->1728K(207360K)] 455783K->230847K(842240K), 0.0021344 secs] [Times: user=0.01 sys=0.00, real=0.01 secs] 
636.487: [GC (Allocation Failure) [PSYoungGen: 207040K->34176K(252928K)] 436159K->263311K(887808K), 0.0036650 secs] [Times: user=0.02 sys=0.00, real=0.00 secs] 
641.020: [GC (Allocation Failure) [PSYoungGen: 235904K->17856K(216064K)] 465039K->247015K(850944K), 0.0040799 secs] [Times: user=0.02 sys=0.00, real=0.01 secs] 
642.584: [GC (Allocation Failure) [PSYoungGen: 216000K->1440K(241664K)] 445159K->230607K(876544K), 0.0027360 secs] [Times: user=0.02 sys=0.00, real=0.00 secs] 
644.128: [GC (Allocation Failure) [PSYoungGen: 196512K->34256K(242176K)] 425679K->263431K(877056K), 0.0034088 secs] [Times: user=0.01 sys=0.00, real=0.00 secs] 
646.005: [GC (Allocation Failure) [PSYoungGen: 226256K->9632K(235520K)] 455431K->238823K(870400K), 0.0028887 secs] [Times: user=0.02 sys=0.00, real=0.00 secs] 
647.714: [GC (Allocation Failure) [PSYoungGen: 198560K->34192K(240640K)] 427751K->263391K(875520K), 0.0056224 secs] [Times: user=0.02 sys=0.00, real=0.00 secs] 
650.217: [GC (Allocation Failure) [PSYoungGen: 223120K->17824K(243712K)] 452319K->247039K(878592K), 0.0033241 secs] [Times: user=0.01 sys=0.00, real=0.00 secs] 
652.505: [GC (Allocation Failure) [PSYoungGen: 213920K->1328K(194560K)] 443135K->230559K(829440K), 0.0022929 secs] [Times: user=0.01 sys=0.00, real=0.00 secs] 
654.073: [GC (Allocation Failure) [PSYoungGen: 194352K->34224K(240640K)] 423583K->263471K(875520K), 0.0037439 secs] [Times: user=0.02 sys=0.00, real=0.01 secs] 
655.635: [GC (Allocation Failure) [PSYoungGen: 222983K->9632K(196608K)] 452231K->238887K(831488K), 0.0023245 secs] [Times: user=0.00 sys=0.00, real=0.00 secs] 
656.655: [GC (Allocation Failure) [PSYoungGen: 196512K->34176K(235520K)] 425767K->263439K(870400K), 0.0038867 secs] [Times: user=0.02 sys=0.00, real=0.00 secs] 
658.691: [GC (Allocation Failure) [PSYoungGen: 217984K->17824K(238592K)] 447247K->247095K(873472K), 0.0027888 secs] [Times: user=0.01 sys=0.00, real=0.00 secs] 
659.458: [GC (Allocation Failure) [PSYoungGen: 201632K->1408K(242176K)] 430903K->230695K(877056K), 0.0030393 secs] [Times: user=0.01 sys=0.00, real=0.00 secs] 
662.072: [GC (Allocation Failure) [PSYoungGen: 192384K->34240K(242176K)] 421671K->263551K(877056K), 0.0072614 secs] [Times: user=0.03 sys=0.00, real=0.01 secs] 
663.986: [GC (Allocation Failure) [PSYoungGen: 225216K->9664K(248320K)] 454527K->238991K(883200K), 0.0021219 secs] [Times: user=0.01 sys=0.00, real=0.00 secs] 
665.462: [GC (Allocation Failure) [PSYoungGen: 208832K->1440K(251392K)] 438159K->230775K(886272K), 0.0029574 secs] [Times: user=0.01 sys=0.00, real=0.01 secs] 
668.356: [GC (Allocation Failure) [PSYoungGen: 185203K->17840K(252928K)] 414539K->247183K(887808K), 0.0051692 secs] [Times: user=0.03 sys=0.00, real=0.00 secs] 
671.129: [GC (Allocation Failure) [PSYoungGen: 225200K->5520K(209408K)] 454543K->234879K(844288K), 0.0019481 secs] [Times: user=0.01 sys=0.00, real=0.00 secs] 
672.330: [GC (Allocation Failure) [PSYoungGen: 209296K->34224K(247808K)] 438655K->263591K(882688K), 0.0036715 secs] [Times: user=0.02 sys=0.00, real=0.00 secs] 
673.753: [GC (Allocation Failure) [PSYoungGen: 234416K->17824K(251392K)] 463783K->247207K(886272K), 0.0023439 secs] [Times: user=0.01 sys=0.00, real=0.01 secs] 
674.641: [GC (Allocation Failure) [PSYoungGen: 218016K->1408K(254976K)] 447399K->230799K(889856K), 0.0017165 secs] [Times: user=0.01 sys=0.00, real=0.00 secs] 
676.937: [GC (Allocation Failure) [PSYoungGen: 209280K->34208K(255488K)] 438671K->263607K(890368K), 0.0032457 secs] [Times: user=0.02 sys=0.00, real=0.00 secs] 
679.895: [GC (Allocation Failure) [PSYoungGen: 242080K->17824K(238080K)] 471479K->247231K(872960K), 0.0024095 secs] [Times: user=0.02 sys=0.00, real=0.00 secs] 
680.884: [GC (Allocation Failure) [PSYoungGen: 222112K->1376K(202240K)] 451519K->230799K(837120K), 0.0019441 secs] [Times: user=0.01 sys=0.00, real=0.00 secs] 
682.915: [GC (Allocation Failure) [PSYoungGen: 202080K->34192K(244736K)] 431503K->263631K(879616K), 0.0037352 secs] [Times: user=0.02 sys=0.00, real=0.00 secs] 
684.793: [GC (Allocation Failure) [PSYoungGen: 225600K->9600K(203776K)] 455039K->239047K(838656K), 0.0028999 secs] [Times: user=0.01 sys=0.00, real=0.01 secs] 
686.269: [GC (Allocation Failure) [PSYoungGen: 203648K->1424K(244736K)] 433095K->230879K(879616K), 0.0028996 secs] [Times: user=0.01 sys=0.01, real=0.00 secs] 
689.718: [GC (Allocation Failure) [PSYoungGen: 187653K->17856K(209920K)] 417109K->247319K(844800K), 0.0052539 secs] [Times: user=0.02 sys=0.00, real=0.00 secs] 
691.821: [GC (Allocation Failure) [PSYoungGen: 209856K->1904K(230400K)] 439319K->231383K(865280K), 0.0016813 secs] [Times: user=0.00 sys=0.01, real=0.00 secs] 
692.742: [GC (Allocation Failure) [PSYoungGen: 190832K->34176K(234496K)] 420311K->263679K(869376K), 0.0066426 secs] [Times: user=0.03 sys=0.00, real=0.01 secs] 
694.639: [GC (Allocation Failure) [PSYoungGen: 220934K->9632K(241664K)] 450438K->239143K(876544K), 0.0025559 secs] [Times: user=0.01 sys=0.00, real=0.00 secs] 
696.199: [GC (Allocation Failure) [PSYoungGen: 207264K->1408K(245248K)] 436775K->230927K(880128K), 0.0029373 secs] [Times: user=0.01 sys=0.00, real=0.00 secs] 
698.495: [GC (Allocation Failure) [PSYoungGen: 183894K->17824K(248320K)] 413414K->247351K(883200K), 0.0027247 secs] [Times: user=0.02 sys=0.00, real=0.00 secs] 
701.199: [GC (Allocation Failure) [PSYoungGen: 223648K->3456K(205824K)] 453175K->232991K(840704K), 0.0020755 secs] [Times: user=0.01 sys=0.00, real=0.00 secs] 
702.774: [GC (Allocation Failure) [PSYoungGen: 205696K->34208K(241664K)] 435231K->263751K(876544K), 0.0043003 secs] [Times: user=0.02 sys=0.00, real=0.00 secs] 
704.884: [GC (Allocation Failure) [PSYoungGen: 231840K->17824K(246272K)] 461383K->247375K(881152K), 0.0022248 secs] [Times: user=0.01 sys=0.00, real=0.00 secs] 
706.419: [GC (Allocation Failure) [PSYoungGen: 215456K->1440K(229376K)] 445007K->231015K(864256K), 0.0019613 secs] [Times: user=0.01 sys=0.00, real=0.00 secs] 
708.462: [GC (Allocation Failure) [PSYoungGen: 196000K->34240K(237056K)] 425575K->263823K(871936K), 0.0030916 secs] [Times: user=0.01 sys=0.00, real=0.01 secs] 
710.781: [GC (Allocation Failure) [PSYoungGen: 225728K->9600K(230912K)] 455311K->239191K(865792K), 0.0032084 secs] [Times: user=0.01 sys=0.00, real=0.01 secs] 
712.133: [GC (Allocation Failure) [PSYoungGen: 198016K->34208K(236032K)] 427607K->263815K(870912K), 0.0035460 secs] [Times: user=0.01 sys=0.00, real=0.01 secs] 
714.136: [GC (Allocation Failure) [PSYoungGen: 222624K->17824K(241152K)] 452231K->247439K(876032K), 0.0049115 secs] [Times: user=0.02 sys=0.00, real=0.00 secs] 
716.518: [GC (Allocation Failure) [PSYoungGen: 213408K->192K(193024K)] 443023K->229815K(827904K), 0.0013354 secs] [Times: user=0.01 sys=0.00, real=0.00 secs] 
717.561: [GC (Allocation Failure) [PSYoungGen: 192704K->34176K(237056K)] 422327K->263807K(871936K), 0.0037424 secs] [Times: user=0.02 sys=0.00, real=0.01 secs] 
720.182: [GC (Allocation Failure) [PSYoungGen: 222723K->9632K(240640K)] 452354K->239287K(875520K), 0.0025318 secs] [Times: user=0.01 sys=0.00, real=0.01 secs] 
721.580: [GC (Allocation Failure) [PSYoungGen: 198560K->1408K(244224K)] 428215K->231071K(879104K), 0.0022994 secs] [Times: user=0.01 sys=0.00, real=0.00 secs] 
723.226: [GC (Allocation Failure) [PSYoungGen: 192858K->17776K(210432K)] 422522K->247455K(845312K), 0.0020010 secs] [Times: user=0.01 sys=0.01, real=0.00 secs] 
724.539: [GC (Allocation Failure) [PSYoungGen: 210288K->1408K(231936K)] 439967K->231103K(866816K), 0.0013587 secs] [Times: user=0.00 sys=0.00, real=0.00 secs] 
725.230: [GC (Allocation Failure) [PSYoungGen: 190848K->34208K(235520K)] 420543K->263911K(870400K), 0.0032724 secs] [Times: user=0.02 sys=0.00, real=0.00 secs] 
726.961: [GC (Allocation Failure) [PSYoungGen: 223428K->9600K(242688K)] 453132K->239319K(877568K), 0.0019295 secs] [Times: user=0.00 sys=0.00, real=0.00 secs] 
728.315: [GC (Allocation Failure) [PSYoungGen: 206720K->1408K(245248K)] 436439K->231135K(880128K), 0.0022779 secs] [Times: user=0.01 sys=0.00, real=0.00 secs] 
730.008: [GC (Allocation Failure) [PSYoungGen: 198528K->34240K(247808K)] 428255K->263975K(882688K), 0.0057227 secs] [Times: user=0.03 sys=0.00, real=0.00 secs] 
731.689: [GC (Allocation Failure) [PSYoungGen: 234944K->5568K(251904K)] 464679K->235311K(886784K), 0.0019915 secs] [Times: user=0.01 sys=0.00, real=0.00 secs] 
733.173: [GC (Allocation Failure) [PSYoungGen: 206272K->34208K(254976K)] 436015K->263959K(889856K), 0.0042041 secs] [Times: user=0.02 sys=0.00, real=0.01 secs] 
734.748: [GC (Allocation Failure) [PSYoungGen: 239520K->17856K(258560K)] 469271K->247623K(893440K), 0.0024041 secs] [Times: user=0.01 sys=0.00, real=0.00 secs] 
736.676: [GC (Allocation Failure) [PSYoungGen: 223168K->3520K(259584K)] 452935K->233295K(894464K), 0.0018521 secs] [Times: user=0.01 sys=0.00, real=0.00 secs] 
737.821: [GC (Allocation Failure) [PSYoungGen: 216000K->34176K(261632K)] 445775K->263967K(896512K), 0.0058913 secs] [Times: user=0.03 sys=0.00, real=0.01 secs] 
740.926: [GC (Allocation Failure) [PSYoungGen: 246656K->17792K(266240K)] 476447K->247591K(901120K), 0.0044737 secs] [Times: user=0.02 sys=0.00, real=0.00 secs] 
743.644: [GC (Allocation Failure) [PSYoungGen: 239488K->5504K(270848K)] 469287K->235311K(905728K), 0.0018458 secs] [Times: user=0.00 sys=0.00, real=0.00 secs] 
745.250: [GC (Allocation Failure) [PSYoungGen: 227200K->1376K(278016K)] 457007K->231191K(912896K), 0.0033569 secs] [Times: user=0.01 sys=0.00, real=0.00 secs] 
748.957: [GC (Allocation Failure) [PSYoungGen: 231776K->34240K(278016K)] 461591K->264063K(912896K), 0.0055975 secs] [Times: user=0.02 sys=0.00, real=0.00 secs] 
752.291: [GC (Allocation Failure) [PSYoungGen: 264640K->17824K(259072K)] 494463K->247655K(893952K), 0.0034254 secs] [Times: user=0.01 sys=0.01, real=0.01 secs] 
753.606: [GC (Allocation Failure) [PSYoungGen: 244128K->240K(222720K)] 473959K->230087K(857600K), 0.0019650 secs] [Times: user=0.00 sys=0.00, real=0.00 secs] 
755.735: [GC (Allocation Failure) [PSYoungGen: 222448K->34176K(266240K)] 452295K->264031K(901120K), 0.0035772 secs] [Times: user=0.02 sys=0.01, real=0.00 secs] 
757.421: [GC (Allocation Failure) [PSYoungGen: 252288K->17840K(231936K)] 482143K->247703K(866816K), 0.0025270 secs] [Times: user=0.01 sys=0.00, real=0.00 secs] 
758.982: [GC (Allocation Failure) [PSYoungGen: 231856K->5520K(253440K)] 461719K->235399K(888320K), 0.0020885 secs] [Times: user=0.01 sys=0.00, real=0.01 secs] 
759.739: [GC (Allocation Failure) [PSYoungGen: 215952K->34112K(258048K)] 445831K->264007K(892928K), 0.0035071 secs] [Times: user=0.02 sys=0.00, real=0.00 secs] 
761.745: [GC (Allocation Failure) [PSYoungGen: 244544K->34176K(268288K)] 474439K->264079K(903168K), 0.0039170 secs] [Times: user=0.02 sys=0.00, real=0.00 secs] 
763.635: [GC (Allocation Failure) [PSYoungGen: 251264K->9664K(270848K)] 481167K->239575K(905728K), 0.0019733 secs] [Times: user=0.01 sys=0.00, real=0.00 secs] 
765.150: [GC (Allocation Failure) [PSYoungGen: 226752K->1392K(275456K)] 456663K->231327K(910336K), 0.0022736 secs] [Times: user=0.00 sys=0.00, real=0.00 secs] 
766.692: [GC (Allocation Failure) [PSYoungGen: 226160K->34240K(276480K)] 456095K->264191K(911360K), 0.0035353 secs] [Times: user=0.02 sys=0.00, real=0.01 secs] 
769.138: [GC (Allocation Failure) [PSYoungGen: 259008K->17824K(280064K)] 488959K->247783K(914944K), 0.0031349 secs] [Times: user=0.01 sys=0.00, real=0.00 secs] 
772.949: [GC (Allocation Failure) [PSYoungGen: 250784K->1920K(230400K)] 480743K->231887K(865280K), 0.0016373 secs] [Times: user=0.01 sys=0.00, real=0.00 secs] 
774.595: [GC (Allocation Failure) [PSYoungGen: 230272K->34176K(275968K)] 460239K->264159K(910848K), 0.0056555 secs] [Times: user=0.03 sys=0.00, real=0.00 secs] 
777.071: [GC (Allocation Failure) [PSYoungGen: 259456K->34208K(279040K)] 489439K->264199K(913920K), 0.0057750 secs] [Times: user=0.03 sys=0.00, real=0.01 secs] 
779.187: [GC (Allocation Failure) [PSYoungGen: 253148K->9600K(284160K)] 483140K->239599K(919040K), 0.0018735 secs] [Times: user=0.01 sys=0.00, real=0.00 secs] 
780.175: [GC (Allocation Failure) [PSYoungGen: 242560K->1408K(287232K)] 472559K->231415K(922112K), 0.0019068 secs] [Times: user=0.00 sys=0.01, real=0.00 secs] 
782.487: [GC (Allocation Failure) [PSYoungGen: 234368K->34208K(292352K)] 464375K->264223K(927232K), 0.0064668 secs] [Times: user=0.03 sys=0.01, real=0.00 secs] 
785.167: [GC (Allocation Failure) [PSYoungGen: 272800K->34272K(294912K)] 502815K->264303K(929792K), 0.0046917 secs] [Times: user=0.02 sys=0.01, real=0.00 secs] 
786.990: [GC (Allocation Failure) [PSYoungGen: 272864K->17824K(299008K)] 502895K->247863K(933888K), 0.0021550 secs] [Times: user=0.00 sys=0.01, real=0.00 secs] 
789.635: [GC (Allocation Failure) [PSYoungGen: 265120K->3488K(246272K)] 495159K->233543K(881152K), 0.0022556 secs] [Times: user=0.01 sys=0.00, real=0.00 secs] 
792.340: [GC (Allocation Failure) [PSYoungGen: 246176K->1344K(286720K)] 476231K->231407K(921600K), 0.0031755 secs] [Times: user=0.02 sys=0.00, real=0.00 secs] 
795.549: [GC (Allocation Failure) [PSYoungGen: 239424K->34176K(267776K)] 469487K->264247K(902656K), 0.0047108 secs] [Times: user=0.02 sys=0.00, real=0.00 secs] 
798.423: [GC (Allocation Failure) [PSYoungGen: 267648K->17856K(273408K)] 497719K->247935K(908288K), 0.0026073 secs] [Times: user=0.01 sys=0.01, real=0.01 secs] 
799.945: [GC (Allocation Failure) [PSYoungGen: 246720K->3488K(228352K)] 476799K->233583K(863232K), 0.0017393 secs] [Times: user=0.00 sys=0.00, real=0.00 secs] 
800.752: [GC (Allocation Failure) [PSYoungGen: 228256K->34208K(274432K)] 458351K->264319K(909312K), 0.0054273 secs] [Times: user=0.03 sys=0.00, real=0.01 secs] 
802.343: [GC (Allocation Failure) [PSYoungGen: 256416K->34208K(276992K)] 486527K->264327K(911872K), 0.0031101 secs] [Times: user=0.01 sys=0.00, real=0.01 secs] 
803.838: [GC (Allocation Failure) [PSYoungGen: 252642K->9600K(284160K)] 482761K->239735K(919040K), 0.0019154 secs] [Times: user=0.01 sys=0.00, real=0.00 secs] 
805.691: [GC (Allocation Failure) [PSYoungGen: 241024K->1376K(286720K)] 471159K->231519K(921600K), 0.0030828 secs] [Times: user=0.00 sys=0.01, real=0.01 secs] 
809.066: [GC (Allocation Failure) [PSYoungGen: 232800K->34240K(292864K)] 462943K->264391K(927744K), 0.0035836 secs] [Times: user=0.02 sys=0.00, real=0.00 secs] 
812.879: [GC (Allocation Failure) [PSYoungGen: 272320K->34208K(295424K)] 502471K->264367K(930304K), 0.0080245 secs] [Times: user=0.03 sys=0.00, real=0.01 secs] 
816.926: [GC (Allocation Failure) [PSYoungGen: 272288K->17824K(272896K)] 502447K->247999K(907776K), 0.0032634 secs] [Times: user=0.02 sys=0.00, real=0.00 secs] 
820.126: [GC (Allocation Failure) [PSYoungGen: 251296K->1376K(230400K)] 481471K->231559K(865280K), 0.0021294 secs] [Times: user=0.01 sys=0.00, real=0.00 secs] 
822.670: [GC (Allocation Failure) [PSYoungGen: 230240K->34240K(280064K)] 460423K->264439K(914944K), 0.0034957 secs] [Times: user=0.02 sys=0.00, real=0.01 secs] 
825.612: [GC (Allocation Failure) [PSYoungGen: 259008K->34208K(254976K)] 489207K->264415K(889856K), 0.0048010 secs] [Times: user=0.02 sys=0.00, real=0.01 secs] 
827.145: [GC (Allocation Failure) [PSYoungGen: 254880K->9664K(268288K)] 485087K->239887K(903168K), 0.0019024 secs] [Times: user=0.01 sys=0.00, real=0.00 secs] 
827.977: [GC (Allocation Failure) [PSYoungGen: 226240K->1376K(214016K)] 456463K->231607K(848896K), 0.0022339 secs] [Times: user=0.01 sys=0.00, real=0.00 secs] 
829.394: [GC (Allocation Failure) [PSYoungGen: 213856K->34240K(267264K)] 444087K->264479K(902144K), 0.0031610 secs] [Times: user=0.02 sys=0.00, real=0.01 secs] 
830.872: [GC (Allocation Failure) [PSYoungGen: 243931K->9600K(216576K)] 474171K->239855K(851456K), 0.0020291 secs] [Times: user=0.01 sys=0.00, real=0.01 secs] 
831.660: [GC (Allocation Failure) [PSYoungGen: 216448K->1408K(264704K)] 446703K->231679K(899584K), 0.0019269 secs] [Times: user=0.01 sys=0.00, real=0.00 secs] 
833.734: [GC (Allocation Failure) [PSYoungGen: 209280K->34240K(263680K)] 439551K->264519K(898560K), 0.0037583 secs] [Times: user=0.02 sys=0.00, real=0.00 secs] 
837.475: [GC (Allocation Failure) [PSYoungGen: 242112K->9632K(270848K)] 472391K->239919K(905728K), 0.0085449 secs] [Times: user=0.04 sys=0.00, real=0.00 secs] 
839.520: [GC (Allocation Failure) [PSYoungGen: 225696K->1392K(272384K)] 455983K->231695K(907264K), 0.0024337 secs] [Times: user=0.01 sys=0.00, real=0.00 secs] 
842.115: [GC (Allocation Failure) [PSYoungGen: 217456K->34240K(260608K)] 447759K->264551K(895488K), 0.0032203 secs] [Times: user=0.01 sys=0.00, real=0.00 secs] 
843.927: [GC (Allocation Failure) [PSYoungGen: 239484K->9664K(218112K)] 469795K->239983K(852992K), 0.0019147 secs] [Times: user=0.01 sys=0.00, real=0.00 secs] 
845.302: [GC (Allocation Failure) [PSYoungGen: 218048K->1360K(254464K)] 448367K->231687K(889344K), 0.0021543 secs] [Times: user=0.00 sys=0.00, real=0.01 secs] 
847.542: [GC (Allocation Failure) [PSYoungGen: 206160K->34208K(235520K)] 436487K->264543K(870400K), 0.0040692 secs] [Times: user=0.02 sys=0.00, real=0.01 secs] 
851.628: [GC (Allocation Failure) [PSYoungGen: 235424K->9600K(246272K)] 465759K->239943K(881152K), 0.0040574 secs] [Times: user=0.01 sys=0.01, real=0.00 secs] 
853.011: [GC (Allocation Failure) [PSYoungGen: 207232K->34144K(252416K)] 437575K->264495K(887296K), 0.0045681 secs] [Times: user=0.02 sys=0.00, real=0.01 secs] 
854.780: [GC (Allocation Failure) [PSYoungGen: 231776K->34240K(260096K)] 462127K->264599K(894976K), 0.0031089 secs] [Times: user=0.01 sys=0.00, real=0.00 secs] 
856.381: [GC (Allocation Failure) [PSYoungGen: 236992K->5568K(204800K)] 467351K->235935K(839680K), 0.0019259 secs] [Times: user=0.01 sys=0.00, real=0.00 secs] 
858.091: [GC (Allocation Failure) [PSYoungGen: 204736K->34144K(254976K)] 435103K->264519K(889856K), 0.0064545 secs] [Times: user=0.02 sys=0.00, real=0.01 secs] 
860.488: [GC (Allocation Failure) [PSYoungGen: 231264K->17824K(257024K)] 461639K->248207K(891904K), 0.0025171 secs] [Times: user=0.01 sys=0.00, real=0.00 secs] 
862.147: [GC (Allocation Failure) [PSYoungGen: 214944K->352K(259072K)] 445327K->230743K(893952K), 0.0027148 secs] [Times: user=0.02 sys=0.00, real=0.00 secs] 
863.552: [GC (Allocation Failure) [PSYoungGen: 204640K->34224K(260096K)] 435031K->264623K(894976K), 0.0033163 secs] [Times: user=0.02 sys=0.01, real=0.01 secs] 
866.150: [GC (Allocation Failure) [PSYoungGen: 238512K->17792K(262144K)] 468911K->248199K(897024K), 0.0034575 secs] [Times: user=0.02 sys=0.00, real=0.00 secs] 
868.656: [GC (Allocation Failure) [PSYoungGen: 229248K->1376K(209408K)] 459655K->231807K(844288K), 0.0030156 secs] [Times: user=0.01 sys=0.00, real=0.00 secs] 
870.131: [GC (Allocation Failure) [PSYoungGen: 209248K->34240K(259584K)] 439679K->264679K(894464K), 0.0033150 secs] [Times: user=0.01 sys=0.00, real=0.01 secs] 
872.093: [GC (Allocation Failure) [PSYoungGen: 239552K->17792K(219648K)] 469991K->248247K(854528K), 0.0027565 secs] [Times: user=0.02 sys=0.00, real=0.01 secs] 
874.298: [GC (Allocation Failure) [PSYoungGen: 219520K->1360K(246784K)] 449975K->231823K(881664K), 0.0028296 secs] [Times: user=0.02 sys=0.00, real=0.00 secs] 
876.537: [GC (Allocation Failure) [PSYoungGen: 199504K->34176K(250880K)] 429967K->264647K(885760K), 0.0056549 secs] [Times: user=0.03 sys=0.00, real=0.00 secs] 
878.694: [GC (Allocation Failure) [PSYoungGen: 232320K->9664K(257024K)] 462791K->240151K(891904K), 0.0036814 secs] [Times: user=0.01 sys=0.00, real=0.00 secs] 
879.585: [GC (Allocation Failure) [PSYoungGen: 214976K->1376K(259072K)] 445463K->231879K(893952K), 0.0039514 secs] [Times: user=0.01 sys=0.00, real=0.00 secs] 
880.972: [GC (Allocation Failure) [PSYoungGen: 206688K->34176K(264704K)] 437191K->264687K(899584K), 0.0033291 secs] [Times: user=0.02 sys=0.00, real=0.01 secs] 
884.723: [GC (Allocation Failure) [PSYoungGen: 246144K->9648K(267776K)] 476655K->240167K(902656K), 0.0026267 secs] [Times: user=0.01 sys=0.00, real=0.01 secs] 
887.242: [GC (Allocation Failure) [PSYoungGen: 221616K->1376K(248320K)] 452135K->231903K(883200K), 0.0018860 secs] [Times: user=0.00 sys=0.00, real=0.01 secs] 
889.307: [GC (Allocation Failure) [PSYoungGen: 209760K->34240K(239104K)] 440287K->264775K(873984K), 0.0034307 secs] [Times: user=0.02 sys=0.00, real=0.00 secs] 
891.887: [GC (Allocation Failure) [PSYoungGen: 239040K->9664K(248320K)] 469575K->240207K(883200K), 0.0020657 secs] [Times: user=0.01 sys=0.00, real=0.00 secs] 
892.957: [GC (Allocation Failure) [PSYoungGen: 210880K->1408K(199168K)] 441423K->231959K(834048K), 0.0020435 secs] [Times: user=0.01 sys=0.00, real=0.00 secs] 
894.741: [GC (Allocation Failure) [PSYoungGen: 190701K->17792K(238592K)] 421253K->248359K(873472K), 0.0041491 secs] [Times: user=0.02 sys=0.01, real=0.01 secs] 
896.731: [GC (Allocation Failure) [PSYoungGen: 212352K->1952K(193536K)] 442919K->232527K(828416K), 0.0018884 secs] [Times: user=0.01 sys=0.00, real=0.00 secs] 
898.392: [GC (Allocation Failure) [PSYoungGen: 193440K->34208K(236032K)] 424015K->264791K(870912K), 0.0048192 secs] [Times: user=0.03 sys=0.00, real=0.01 secs] 
900.660: [GC (Allocation Failure) [PSYoungGen: 214975K->9600K(194048K)] 445558K->240207K(828928K), 0.0027714 secs] [Times: user=0.01 sys=0.00, real=0.00 secs] 
901.419: [GC (Allocation Failure) [PSYoungGen: 193920K->34240K(230912K)] 424527K->264855K(865792K), 0.0033676 secs] [Times: user=0.02 sys=0.00, real=0.00 secs] 
905.454: [GC (Allocation Failure) [PSYoungGen: 214976K->17856K(234496K)] 445591K->248479K(869376K), 0.0045763 secs] [Times: user=0.02 sys=0.01, real=0.00 secs] 
907.238: [GC (Allocation Failure) [PSYoungGen: 198592K->1344K(236032K)] 429215K->231975K(870912K), 0.0027825 secs] [Times: user=0.01 sys=0.00, real=0.00 secs] 
910.762: [GC (Allocation Failure) [PSYoungGen: 188736K->34208K(233984K)] 419367K->264847K(868864K), 0.0036589 secs] [Times: user=0.02 sys=0.01, real=0.01 secs] 
912.649: [GC (Allocation Failure) [PSYoungGen: 214590K->5520K(228352K)] 445230K->236167K(863232K), 0.0025500 secs] [Times: user=0.01 sys=0.00, real=0.00 secs] 
913.285: [GC (Allocation Failure) [PSYoungGen: 186768K->34192K(232960K)] 417415K->264847K(867840K), 0.0031794 secs] [Times: user=0.02 sys=0.00, real=0.00 secs] 
915.098: [GC (Allocation Failure) [PSYoungGen: 215440K->17824K(236032K)] 446095K->248495K(870912K), 0.0029474 secs] [Times: user=0.01 sys=0.00, real=0.00 secs] 
917.292: [GC (Allocation Failure) [PSYoungGen: 206752K->1408K(240128K)] 437423K->232087K(875008K), 0.0026929 secs] [Times: user=0.02 sys=0.00, real=0.01 secs] 
919.029: [GC (Allocation Failure) [PSYoungGen: 190336K->34272K(243712K)] 421015K->264967K(878592K), 0.0029335 secs] [Times: user=0.01 sys=0.00, real=0.00 secs] 
920.836: [GC (Allocation Failure) [PSYoungGen: 227296K->5536K(246784K)] 457991K->236239K(881664K), 0.0022520 secs] [Times: user=0.01 sys=0.00, real=0.00 secs] 
921.606: [GC (Allocation Failure) [PSYoungGen: 198560K->34208K(249856K)] 429263K->264919K(884736K), 0.0042108 secs] [Times: user=0.02 sys=0.00, real=0.00 secs] 
924.104: [GC (Allocation Failure) [PSYoungGen: 231328K->17840K(252416K)] 462039K->248567K(887296K), 0.0060744 secs] [Times: user=0.03 sys=0.00, real=0.01 secs] 
925.705: [GC (Allocation Failure) [PSYoungGen: 214960K->1408K(256512K)] 445687K->232151K(891392K), 0.0029830 secs] [Times: user=0.01 sys=0.00, real=0.00 secs] 
928.338: [GC (Allocation Failure) [PSYoungGen: 207232K->34256K(257536K)] 437975K->265007K(892416K), 0.0060754 secs] [Times: user=0.03 sys=0.00, real=0.01 secs] 
930.595: [GC (Allocation Failure) [PSYoungGen: 240080K->17824K(261120K)] 470831K->248583K(896000K), 0.0022450 secs] [Times: user=0.01 sys=0.00, real=0.00 secs] 
931.820: [GC (Allocation Failure) [PSYoungGen: 231840K->1344K(265216K)] 462599K->232111K(900096K), 0.0025824 secs] [Times: user=0.01 sys=0.00, real=0.00 secs] 
934.270: [GC (Allocation Failure) [PSYoungGen: 215360K->34272K(270336K)] 446127K->265047K(905216K), 0.0079685 secs] [Times: user=0.04 sys=0.01, real=0.01 secs] 
937.059: [GC (Allocation Failure) [PSYoungGen: 253920K->17824K(273408K)] 484695K->248607K(908288K), 0.0033877 secs] [Times: user=0.01 sys=0.00, real=0.00 secs] 
939.739: [GC (Allocation Failure) [PSYoungGen: 237472K->1696K(252416K)] 468255K->232487K(887296K), 0.0016096 secs] [Times: user=0.00 sys=0.00, real=0.00 secs] 
940.821: [GC (Allocation Failure) [PSYoungGen: 217248K->34176K(265728K)] 448039K->264975K(900608K), 0.0033137 secs] [Times: user=0.01 sys=0.00, real=0.01 secs] 
944.047: [GC (Allocation Failure) [PSYoungGen: 249728K->17824K(270336K)] 480527K->248631K(905216K), 0.0052818 secs] [Times: user=0.02 sys=0.00, real=0.00 secs] 
945.953: [GC (Allocation Failure) [PSYoungGen: 241568K->5536K(225280K)] 472375K->236351K(860160K), 0.0018730 secs] [Times: user=0.01 sys=0.00, real=0.01 secs] 
947.392: [GC (Allocation Failure) [PSYoungGen: 225184K->34208K(265728K)] 455999K->265031K(900608K), 0.0033774 secs] [Times: user=0.02 sys=0.00, real=0.01 secs] 
949.521: [GC (Allocation Failure) [PSYoungGen: 250784K->34208K(268800K)] 481607K->265047K(903680K), 0.0047582 secs] [Times: user=0.03 sys=0.00, real=0.01 secs] 
951.835: [GC (Allocation Failure) [PSYoungGen: 242953K->9632K(250880K)] 473793K->240495K(885760K), 0.0019213 secs] [Times: user=0.01 sys=0.00, real=0.00 secs] 
954.231: [GC (Allocation Failure) [PSYoungGen: 222112K->1360K(210432K)] 452975K->232239K(845312K), 0.0028633 secs] [Times: user=0.01 sys=0.00, real=0.00 secs] 
958.061: [GC (Allocation Failure) [PSYoungGen: 210256K->34240K(258048K)] 441135K->265127K(892928K), 0.0075951 secs] [Times: user=0.04 sys=0.00, real=0.01 secs] 
961.727: [GC (Allocation Failure) [PSYoungGen: 239552K->9632K(211456K)] 470439K->240527K(846336K), 0.0037653 secs] [Times: user=0.01 sys=0.00, real=0.00 secs] 
963.096: [GC (Allocation Failure) [PSYoungGen: 211360K->1424K(246784K)] 442255K->232327K(881664K), 0.0020634 secs] [Times: user=0.01 sys=0.00, real=0.00 secs] 
966.075: [GC (Allocation Failure) [PSYoungGen: 199568K->34208K(247808K)] 430471K->265119K(882688K), 0.0062585 secs] [Times: user=0.03 sys=0.00, real=0.00 secs] 
968.828: [GC (Allocation Failure) [PSYoungGen: 229280K->5536K(241664K)] 460191K->236455K(876544K), 0.0047344 secs] [Times: user=0.02 sys=0.00, real=0.00 secs] 
971.261: [GC (Allocation Failure) [PSYoungGen: 197536K->34144K(246272K)] 428455K->265071K(881152K), 0.0073915 secs] [Times: user=0.03 sys=0.00, real=0.01 secs] 
973.605: [GC (Allocation Failure) [PSYoungGen: 226144K->17824K(247296K)] 457071K->248759K(882176K), 0.0024347 secs] [Times: user=0.01 sys=0.00, real=0.00 secs] 
975.107: [GC (Allocation Failure) [PSYoungGen: 216480K->1408K(251904K)] 447415K->232351K(886784K), 0.0035980 secs] [Times: user=0.01 sys=0.00, real=0.00 secs] 
977.717: [GC (Allocation Failure) [PSYoungGen: 200064K->34176K(256512K)] 431007K->265127K(891392K), 0.0082022 secs] [Times: user=0.04 sys=0.00, real=0.01 secs] 
980.998: [GC (Allocation Failure) [PSYoungGen: 232382K->9600K(259072K)] 463333K->240559K(893952K), 0.0019583 secs] [Times: user=0.01 sys=0.00, real=0.00 secs] 
982.901: [GC (Allocation Failure) [PSYoungGen: 213376K->1376K(241664K)] 444335K->232343K(876544K), 0.0023438 secs] [Times: user=0.01 sys=0.01, real=0.00 secs] 
984.903: [GC (Allocation Failure) [PSYoungGen: 201568K->34208K(230912K)] 432535K->265183K(865792K), 0.0034411 secs] [Times: user=0.01 sys=0.00, real=0.01 secs] 
986.477: [GC (Allocation Failure) [PSYoungGen: 227334K->5536K(243200K)] 458310K->236519K(878080K), 0.0018466 secs] [Times: user=0.00 sys=0.00, real=0.00 secs] 
987.162: [GC (Allocation Failure) [PSYoungGen: 199072K->34208K(247808K)] 430055K->265199K(882688K), 0.0033511 secs] [Times: user=0.02 sys=0.00, real=0.01 secs] 
988.525: [GC (Allocation Failure) [PSYoungGen: 227744K->17856K(250880K)] 458735K->248855K(885760K), 0.0020658 secs] [Times: user=0.01 sys=0.00, real=0.00 secs] 
989.718: [GC (Allocation Failure) [PSYoungGen: 219584K->1360K(254976K)] 450583K->232375K(889856K), 0.0029017 secs] [Times: user=0.01 sys=0.00, real=0.00 secs] 
992.027: [GC (Allocation Failure) [PSYoungGen: 203088K->34208K(260608K)] 434103K->265239K(895488K), 0.0032549 secs] [Times: user=0.02 sys=0.00, real=0.00 secs] 
995.249: [GC (Allocation Failure) [PSYoungGen: 242080K->17792K(263168K)] 473111K->248831K(898048K), 0.0060453 secs] [Times: user=0.02 sys=0.00, real=0.01 secs] 
997.410: [GC (Allocation Failure) [PSYoungGen: 225664K->1344K(266752K)] 456703K->232391K(901632K), 0.0028632 secs] [Times: user=0.01 sys=0.00, real=0.00 secs] 
1002.243: [GC (Allocation Failure) [PSYoungGen: 216896K->34208K(267264K)] 447943K->265279K(902144K), 0.0087474 secs] [Times: user=0.04 sys=0.00, real=0.01 secs] 
1005.220: [GC (Allocation Failure) [PSYoungGen: 249760K->17792K(248832K)] 480831K->248887K(883712K), 0.0027907 secs] [Times: user=0.01 sys=0.00, real=0.00 secs] 
1006.699: [GC (Allocation Failure) [PSYoungGen: 229760K->1408K(209920K)] 460855K->232519K(844800K), 0.0020226 secs] [Times: user=0.01 sys=0.00, real=0.00 secs] 
1008.171: [GC (Allocation Failure) [PSYoungGen: 209792K->34224K(256000K)] 440903K->265351K(890880K), 0.0039017 secs] [Times: user=0.02 sys=0.00, real=0.01 secs] 
1011.208: [GC (Allocation Failure) [PSYoungGen: 239536K->17824K(219648K)] 470663K->248959K(854528K), 0.0029756 secs] [Times: user=0.01 sys=0.00, real=0.00 secs] 
1012.230: [GC (Allocation Failure) [PSYoungGen: 219552K->1408K(251904K)] 450687K->232551K(886784K), 0.0021751 secs] [Times: user=0.01 sys=0.00, real=0.00 secs] 
1013.704: [GC (Allocation Failure) [PSYoungGen: 203136K->34224K(251904K)] 434279K->265375K(886784K), 0.0033577 secs] [Times: user=0.02 sys=0.00, real=0.00 secs] 
1015.514: [GC (Allocation Failure) [PSYoungGen: 228013K->9584K(236032K)] 459165K->240751K(870912K), 0.0020116 secs] [Times: user=0.01 sys=0.00, real=0.00 secs] 
1016.761: [GC (Allocation Failure) [PSYoungGen: 207728K->1408K(196608K)] 438895K->232591K(831488K), 0.0023591 secs] [Times: user=0.01 sys=0.00, real=0.00 secs] 
1020.550: [GC (Allocation Failure) [PSYoungGen: 183768K->17808K(234496K)] 414951K->248999K(869376K), 0.0065426 secs] [Times: user=0.02 sys=0.00, real=0.01 secs] 
1023.523: [GC (Allocation Failure) [PSYoungGen: 209808K->1696K(190976K)] 440999K->232903K(825856K), 0.0019396 secs] [Times: user=0.01 sys=0.00, real=0.01 secs] 
1026.587: [GC (Allocation Failure) [PSYoungGen: 190624K->34208K(231936K)] 421831K->265423K(866816K), 0.0062154 secs] [Times: user=0.03 sys=0.00, real=0.00 secs] 
1028.577: [GC (Allocation Failure) [PSYoungGen: 219040K->9632K(191488K)] 450255K->240855K(826368K), 0.0018618 secs] [Times: user=0.01 sys=0.00, real=0.00 secs] 
1029.841: [GC (Allocation Failure) [PSYoungGen: 191392K->34208K(227840K)] 422615K->265439K(862720K), 0.0036665 secs] [Times: user=0.02 sys=0.01, real=0.01 secs] 
1031.822: [GC (Allocation Failure) [PSYoungGen: 212896K->17856K(230912K)] 444127K->249103K(865792K), 0.0053985 secs] [Times: user=0.03 sys=0.00, real=0.01 secs] 
1032.549: [GC (Allocation Failure) [PSYoungGen: 196544K->1376K(235008K)] 427791K->232647K(869888K), 0.0019629 secs] [Times: user=0.01 sys=0.00, real=0.00 secs] 
1034.394: [GC (Allocation Failure) [PSYoungGen: 187744K->34208K(235008K)] 419015K->265495K(869888K), 0.0033031 secs] [Times: user=0.02 sys=0.00, real=0.00 secs] 
1035.796: [GC (Allocation Failure) [PSYoungGen: 220576K->5504K(242176K)] 451863K->236799K(877056K), 0.0018807 secs] [Times: user=0.01 sys=0.01, real=0.00 secs] 
1036.509: [GC (Allocation Failure) [PSYoungGen: 199040K->34176K(244224K)] 430335K->265487K(879104K), 0.0034249 secs] [Times: user=0.02 sys=0.00, real=0.00 secs] 
1038.286: [GC (Allocation Failure) [PSYoungGen: 227712K->17856K(248320K)] 459023K->249183K(883200K), 0.0023561 secs] [Times: user=0.01 sys=0.00, real=0.00 secs] 
1039.687: [GC (Allocation Failure) [PSYoungGen: 219584K->1376K(252416K)] 450911K->232711K(887296K), 0.0031601 secs] [Times: user=0.02 sys=0.00, real=0.00 secs] 
1041.287: [GC (Allocation Failure) [PSYoungGen: 203104K->34240K(257536K)] 434439K->265583K(892416K), 0.0045832 secs] [Times: user=0.02 sys=0.00, real=0.00 secs] 
1043.337: [GC (Allocation Failure) [PSYoungGen: 241600K->17840K(260608K)] 472943K->249207K(895488K), 0.0028278 secs] [Times: user=0.01 sys=0.00, real=0.00 secs] 
1044.595: [GC (Allocation Failure) [PSYoungGen: 225200K->1376K(264192K)] 456567K->232751K(899072K), 0.0017802 secs] [Times: user=0.01 sys=0.00, real=0.00 secs] 
1046.812: [GC (Allocation Failure) [PSYoungGen: 216928K->34208K(265216K)] 448303K->265591K(900096K), 0.0048363 secs] [Times: user=0.02 sys=0.00, real=0.01 secs] 
1048.686: [GC (Allocation Failure) [PSYoungGen: 249760K->17792K(269312K)] 481143K->249183K(904192K), 0.0031199 secs] [Times: user=0.01 sys=0.00, real=0.00 secs] 
1050.697: [GC (Allocation Failure) [PSYoungGen: 241536K->2464K(222208K)] 472927K->233863K(857088K), 0.0017919 secs] [Times: user=0.00 sys=0.00, real=0.00 secs] 
1052.527: [GC (Allocation Failure) [PSYoungGen: 222112K->34208K(265216K)] 453511K->265615K(900096K), 0.0059521 secs] [Times: user=0.02 sys=0.00, real=0.00 secs] 
1054.653: [GC (Allocation Failure) [PSYoungGen: 250272K->34208K(268800K)] 481679K->265623K(903680K), 0.0033150 secs] [Times: user=0.02 sys=0.00, real=0.01 secs] 
1056.162: [GC (Allocation Failure) [PSYoungGen: 250272K->9600K(274944K)] 481687K->241023K(909824K), 0.0020570 secs] [Times: user=0.00 sys=0.00, real=0.00 secs] 
1057.045: [GC (Allocation Failure) [PSYoungGen: 233344K->1344K(276992K)] 464767K->232775K(911872K), 0.0019026 secs] [Times: user=0.00 sys=0.00, real=0.00 secs] 
1059.251: [GC (Allocation Failure) [PSYoungGen: 225088K->34240K(281600K)] 456519K->265679K(916480K), 0.0073174 secs] [Times: user=0.03 sys=0.01, real=0.01 secs] 
1061.579: [GC (Allocation Failure) [PSYoungGen: 263104K->17856K(284672K)] 494543K->249303K(919552K), 0.0022590 secs] [Times: user=0.01 sys=0.00, real=0.00 secs] 
1063.310: [GC (Allocation Failure) [PSYoungGen: 246720K->3456K(263168K)] 478167K->234911K(898048K), 0.0017954 secs] [Times: user=0.01 sys=0.00, real=0.00 secs] 
1064.644: [GC (Allocation Failure) [PSYoungGen: 228224K->34144K(276480K)] 459679K->265607K(911360K), 0.0037225 secs] [Times: user=0.02 sys=0.00, real=0.00 secs] 
1066.548: [GC (Allocation Failure) [PSYoungGen: 258912K->34208K(285696K)] 490375K->265679K(920576K), 0.0031531 secs] [Times: user=0.02 sys=0.00, real=0.00 secs] 
1068.926: [GC (Allocation Failure) [PSYoungGen: 265632K->17824K(245248K)] 497103K->249303K(880128K), 0.0022102 secs] [Times: user=0.01 sys=0.00, real=0.00 secs] 
1069.884: [GC (Allocation Failure) [PSYoungGen: 245152K->1456K(272384K)] 476631K->232943K(907264K), 0.0018767 secs] [Times: user=0.00 sys=0.00, real=0.00 secs] 
1071.437: [GC (Allocation Failure) [PSYoungGen: 224688K->34208K(276480K)] 456175K->265703K(911360K), 0.0031520 secs] [Times: user=0.01 sys=0.00, real=0.00 secs] 
1072.931: [GC (Allocation Failure) [PSYoungGen: 257440K->34208K(285696K)] 488935K->265711K(920576K), 0.0033274 secs] [Times: user=0.02 sys=0.00, real=0.01 secs] 
1074.987: [GC (Allocation Failure) [PSYoungGen: 264096K->9664K(235520K)] 495599K->241175K(870400K), 0.0022343 secs] [Times: user=0.01 sys=0.00, real=0.00 secs] 
1076.002: [GC (Allocation Failure) [PSYoungGen: 235456K->1408K(282112K)] 466967K->232927K(916992K), 0.0020193 secs] [Times: user=0.00 sys=0.00, real=0.01 secs] 
1078.537: [GC (Allocation Failure) [PSYoungGen: 227712K->34272K(281600K)] 459231K->265799K(916480K), 0.0052511 secs] [Times: user=0.02 sys=0.00, real=0.00 secs] 
1082.686: [GC (Allocation Failure) [PSYoungGen: 260576K->17888K(284160K)] 492103K->249431K(919040K), 0.0056712 secs] [Times: user=0.03 sys=0.00, real=0.00 secs] 
1085.253: [GC (Allocation Failure) [PSYoungGen: 251872K->5600K(235008K)] 483415K->237151K(869888K), 0.0018465 secs] [Times: user=0.01 sys=0.00, real=0.01 secs] 
1086.974: [GC (Allocation Failure) [PSYoungGen: 234976K->1408K(273408K)] 466527K->232967K(908288K), 0.0024447 secs] [Times: user=0.01 sys=0.00, real=0.00 secs] 
1089.175: [GC (Allocation Failure) [PSYoungGen: 226688K->34208K(278016K)] 458247K->265775K(912896K), 0.0073447 secs] [Times: user=0.04 sys=0.00, real=0.00 secs] 
1091.361: [GC (Allocation Failure) [PSYoungGen: 259488K->17872K(256000K)] 491055K->249447K(890880K), 0.0022476 secs] [Times: user=0.01 sys=0.00, real=0.00 secs] 
1092.215: [GC (Allocation Failure) [PSYoungGen: 239056K->1408K(272896K)] 470631K->232991K(907776K), 0.0021788 secs] [Times: user=0.01 sys=0.00, real=0.00 secs] 
1094.236: [GC (Allocation Failure) [PSYoungGen: 222592K->34256K(278016K)] 454175K->265847K(912896K), 0.0040241 secs] [Times: user=0.02 sys=0.00, real=0.00 secs] 
1097.339: [GC (Allocation Failure) [PSYoungGen: 260560K->17856K(281088K)] 492151K->249455K(915968K), 0.0049297 secs] [Times: user=0.02 sys=0.00, real=0.01 secs] 
1100.167: [GC (Allocation Failure) [PSYoungGen: 244160K->3520K(259072K)] 475759K->235135K(893952K), 0.0031044 secs] [Times: user=0.01 sys=0.00, real=0.00 secs] 
1102.607: [GC (Allocation Failure) [PSYoungGen: 225728K->1440K(219648K)] 457343K->233063K(854528K), 0.0032598 secs] [Times: user=0.01 sys=0.00, real=0.00 secs] 
1104.873: [GC (Allocation Failure) [PSYoungGen: 219552K->34208K(263680K)] 451175K->265847K(898560K), 0.0035029 secs] [Times: user=0.01 sys=0.00, real=0.01 secs] 
1106.635: [GC (Allocation Failure) [PSYoungGen: 248224K->9696K(220160K)] 479863K->241343K(855040K), 0.0020537 secs] [Times: user=0.01 sys=0.00, real=0.00 secs] 
1108.800: [GC (Allocation Failure) [PSYoungGen: 220128K->1440K(252928K)] 451775K->233095K(887808K), 0.0027716 secs] [Times: user=0.01 sys=0.00, real=0.00 secs] 
1111.157: [GC (Allocation Failure) [PSYoungGen: 208288K->34208K(253440K)] 439943K->265903K(888320K), 0.0050074 secs] [Times: user=0.02 sys=0.00, real=0.00 secs] 
1113.726: [GC (Allocation Failure) [PSYoungGen: 237472K->9664K(244736K)] 469167K->241367K(879616K), 0.0020164 secs] [Times: user=0.01 sys=0.00, real=0.00 secs] 
1114.454: [GC (Allocation Failure) [PSYoungGen: 209344K->34192K(250880K)] 441047K->265903K(885760K), 0.0038821 secs] [Times: user=0.02 sys=0.00, real=0.00 secs] 
1116.140: [GC (Allocation Failure) [PSYoungGen: 233872K->34176K(260096K)] 465583K->265895K(894976K), 0.0049110 secs] [Times: user=0.02 sys=0.00, real=0.01 secs] 
1118.849: [GC (Allocation Failure) [PSYoungGen: 240000K->9696K(262656K)] 471719K->241423K(897536K), 0.0024233 secs] [Times: user=0.01 sys=0.00, real=0.00 secs] 
1120.398: [GC (Allocation Failure) [PSYoungGen: 215520K->34176K(266752K)] 447247K->265919K(901632K), 0.0040836 secs] [Times: user=0.02 sys=0.00, real=0.00 secs] 
1122.457: [GC (Allocation Failure) [PSYoungGen: 246144K->34208K(268800K)] 477887K->265959K(903680K), 0.0033021 secs] [Times: user=0.01 sys=0.00, real=0.00 secs] 
1124.398: [GC (Allocation Failure) [PSYoungGen: 246176K->9696K(251392K)] 477927K->241455K(886272K), 0.0025636 secs] [Times: user=0.01 sys=0.00, real=0.00 secs] 
1126.115: [GC (Allocation Failure) [PSYoungGen: 218080K->1408K(206336K)] 449839K->233175K(841216K), 0.0020343 secs] [Times: user=0.01 sys=0.01, real=0.00 secs] 
1128.140: [GC (Allocation Failure) [PSYoungGen: 206208K->34208K(259072K)] 437975K->265983K(893952K), 0.0055740 secs] [Times: user=0.03 sys=0.00, real=0.01 secs] 
1130.438: [GC (Allocation Failure) [PSYoungGen: 236960K->9648K(208896K)] 468735K->241431K(843776K), 0.0020679 secs] [Times: user=0.01 sys=0.00, real=0.00 secs] 
1132.365: [GC (Allocation Failure) [PSYoungGen: 208816K->34176K(251904K)] 440599K->265967K(886784K), 0.0037561 secs] [Times: user=0.02 sys=0.00, real=0.00 secs] 
1133.979: [GC (Allocation Failure) [PSYoungGen: 229760K->34144K(226816K)] 461551K->265951K(861696K), 0.0029939 secs] [Times: user=0.01 sys=0.00, real=0.00 secs] 
1136.112: [GC (Allocation Failure) [PSYoungGen: 226656K->5552K(244736K)] 458463K->237367K(879616K), 0.0037257 secs] [Times: user=0.01 sys=0.00, real=0.01 secs] 
1137.765: [GC (Allocation Failure) [PSYoungGen: 194992K->34144K(248320K)] 426807K->265967K(883200K), 0.0051194 secs] [Times: user=0.03 sys=0.00, real=0.00 secs] 
1141.029: [GC (Allocation Failure) [PSYoungGen: 223584K->17824K(229376K)] 455407K->249655K(864256K), 0.0028707 secs] [Times: user=0.01 sys=0.00, real=0.00 secs] 
1142.320: [GC (Allocation Failure) [PSYoungGen: 204192K->1376K(184832K)] 436023K->233223K(819712K), 0.0021377 secs] [Times: user=0.00 sys=0.00, real=0.00 secs] 
1146.175: [GC (Allocation Failure) [PSYoungGen: 168692K->17824K(226816K)] 400539K->249679K(861696K), 0.0053139 secs] [Times: user=0.02 sys=0.00, real=0.00 secs] 
1147.771: [GC (Allocation Failure) [PSYoungGen: 198048K->1376K(179200K)] 429903K->233239K(814080K), 0.0026786 secs] [Times: user=0.01 sys=0.00, real=0.01 secs] 
1149.340: [GC (Allocation Failure) [PSYoungGen: 179040K->34272K(227328K)] 410903K->266159K(862208K), 0.0034966 secs] [Times: user=0.02 sys=0.00, real=0.00 secs] 
1151.176: [GC (Allocation Failure) [PSYoungGen: 208864K->5568K(177664K)] 440751K->237463K(812544K), 0.0021009 secs] [Times: user=0.01 sys=0.00, real=0.00 secs] 
1152.011: [GC (Allocation Failure) [PSYoungGen: 177600K->34176K(223744K)] 409495K->266079K(858624K), 0.0035703 secs] [Times: user=0.02 sys=0.00, real=0.01 secs] 
1153.656: [GC (Allocation Failure) [PSYoungGen: 203648K->9632K(176640K)] 435551K->241543K(811520K), 0.0023260 secs] [Times: user=0.01 sys=0.00, real=0.00 secs] 
1154.802: [GC (Allocation Failure) [PSYoungGen: 176544K->34176K(219648K)] 408455K->266095K(854528K), 0.0066494 secs] [Times: user=0.03 sys=0.00, real=0.01 secs] 
1157.065: [GC (Allocation Failure) [PSYoungGen: 199040K->17856K(221696K)] 430959K->249783K(856576K), 0.0059519 secs] [Times: user=0.02 sys=0.00, real=0.00 secs] 
1158.284: [GC (Allocation Failure) [PSYoungGen: 182720K->34176K(225280K)] 414647K->266127K(860160K), 0.0039723 secs] [Times: user=0.02 sys=0.00, real=0.00 secs] 
1160.001: [GC (Allocation Failure) [PSYoungGen: 205696K->17824K(227328K)] 437647K->249783K(862208K), 0.0023477 secs] [Times: user=0.01 sys=0.00, real=0.00 secs] 
1161.341: [GC (Allocation Failure) [PSYoungGen: 189344K->1376K(232448K)] 421303K->233343K(867328K), 0.0029109 secs] [Times: user=0.01 sys=0.01, real=0.01 secs] 
1165.367: [GC (Allocation Failure) [PSYoungGen: 174943K->17760K(195072K)] 406911K->249735K(829952K), 0.0032274 secs] [Times: user=0.01 sys=0.00, real=0.00 secs] 
1166.724: [GC (Allocation Failure) [PSYoungGen: 194912K->1376K(221696K)] 426887K->233367K(856576K), 0.0024301 secs] [Times: user=0.01 sys=0.00, real=0.00 secs] 
1168.192: [GC (Allocation Failure) [PSYoungGen: 175968K->34240K(221696K)] 407959K->266239K(856576K), 0.0036550 secs] [Times: user=0.02 sys=0.00, real=0.01 secs] 
1169.782: [GC (Allocation Failure) [PSYoungGen: 206272K->5568K(217600K)] 438271K->237575K(852480K), 0.0022254 secs] [Times: user=0.01 sys=0.00, real=0.01 secs] 
1170.721: [GC (Allocation Failure) [PSYoungGen: 175040K->34160K(218624K)] 407047K->266175K(853504K), 0.0034684 secs] [Times: user=0.01 sys=0.00, real=0.01 secs] 
1172.355: [GC (Allocation Failure) [PSYoungGen: 201072K->9632K(212992K)] 433087K->241655K(847872K), 0.0021897 secs] [Times: user=0.01 sys=0.00, real=0.00 secs] 
1173.148: [GC (Allocation Failure) [PSYoungGen: 173984K->34128K(217088K)] 406007K->266159K(851968K), 0.0043593 secs] [Times: user=0.02 sys=0.00, real=0.00 secs] 
1175.200: [GC (Allocation Failure) [PSYoungGen: 198480K->9584K(222720K)] 430511K->241623K(857600K), 0.0018089 secs] [Times: user=0.01 sys=0.00, real=0.00 secs] 
1176.535: [GC (Allocation Failure) [PSYoungGen: 181616K->34208K(203776K)] 413655K->266255K(838656K), 0.0030848 secs] [Times: user=0.01 sys=0.01, real=0.00 secs] 
1180.124: [GC (Allocation Failure) [PSYoungGen: 203680K->17856K(213504K)] 435727K->249911K(848384K), 0.0059477 secs] [Times: user=0.03 sys=0.00, real=0.00 secs] 
1181.448: [GC (Allocation Failure) [PSYoungGen: 184768K->1424K(165888K)] 416823K->233487K(800768K), 0.0020742 secs] [Times: user=0.00 sys=0.00, real=0.00 secs] 
1183.380: [GC (Allocation Failure) [PSYoungGen: 165776K->17792K(205312K)] 397839K->249863K(840192K), 0.0036218 secs] [Times: user=0.01 sys=0.00, real=0.00 secs] 
1184.275: [GC (Allocation Failure) [PSYoungGen: 179584K->1376K(161280K)] 411655K->233455K(796160K), 0.0026005 secs] [Times: user=0.01 sys=0.00, real=0.00 secs] 
1186.536: [GC (Allocation Failure) [PSYoungGen: 161120K->17856K(199168K)] 393199K->249943K(834048K), 0.0056640 secs] [Times: user=0.02 sys=0.00, real=0.00 secs] 
1188.632: [GC (Allocation Failure) [PSYoungGen: 175552K->1344K(157184K)] 407639K->233439K(792064K), 0.0045859 secs] [Times: user=0.01 sys=0.01, real=0.01 secs] 
1190.817: [GC (Allocation Failure) [PSYoungGen: 156992K->17808K(194048K)] 389087K->249919K(828928K), 0.0029510 secs] [Times: user=0.02 sys=0.00, real=0.00 secs] 
1191.852: [GC (Allocation Failure) [PSYoungGen: 171408K->1376K(153088K)] 403519K->233495K(787968K), 0.0029630 secs] [Times: user=0.01 sys=0.00, real=0.01 secs] 
1193.648: [GC (Allocation Failure) [PSYoungGen: 152928K->17824K(187904K)] 385047K->249951K(822784K), 0.0024747 secs] [Times: user=0.01 sys=0.00, real=0.00 secs] 
1194.992: [GC (Allocation Failure) [PSYoungGen: 167328K->34176K(189440K)] 399455K->266311K(824320K), 0.0057172 secs] [Times: user=0.02 sys=0.00, real=0.01 secs] 
1197.391: [GC (Allocation Failure) [PSYoungGen: 181632K->17840K(184832K)] 413767K->249991K(819712K), 0.0051464 secs] [Times: user=0.02 sys=0.00, real=0.01 secs] 
1198.510: [GC (Allocation Failure) [PSYoungGen: 163248K->34208K(189440K)] 395399K->266375K(824320K), 0.0048497 secs] [Times: user=0.03 sys=0.01, real=0.01 secs] 
1199.970: [GC (Allocation Failure) [PSYoungGen: 179616K->9664K(179200K)] 411783K->241847K(814080K), 0.0025988 secs] [Times: user=0.01 sys=0.01, real=0.00 secs] 
1200.532: [GC (Allocation Failure) [PSYoungGen: 153024K->34176K(189952K)] 385207K->266367K(824832K), 0.0040828 secs] [Times: user=0.02 sys=0.00, real=0.01 secs] 
1203.149: [GC (Allocation Failure) [PSYoungGen: 177536K->5536K(199168K)] 409727K->237735K(834048K), 0.0042899 secs] [Times: user=0.01 sys=0.00, real=0.00 secs] 
1204.347: [GC (Allocation Failure) [PSYoungGen: 157088K->34192K(200704K)] 389287K->266407K(835584K), 0.0048638 secs] [Times: user=0.02 sys=0.00, real=0.00 secs] 
1206.201: [GC (Allocation Failure) [PSYoungGen: 185744K->5568K(207872K)] 417959K->237791K(842752K), 0.0018716 secs] [Times: user=0.01 sys=0.00, real=0.00 secs] 
1207.906: [GC (Allocation Failure) [PSYoungGen: 164800K->34176K(210432K)] 397023K->266407K(845312K), 0.0080880 secs] [Times: user=0.04 sys=0.00, real=0.01 secs] 
1210.694: [GC (Allocation Failure) [PSYoungGen: 193408K->5536K(197632K)] 425639K->237775K(832512K), 0.0020393 secs] [Times: user=0.00 sys=0.00, real=0.00 secs] 
1211.578: [GC (Allocation Failure) [PSYoungGen: 162720K->34144K(209920K)] 394959K->266391K(844800K), 0.0033713 secs] [Times: user=0.01 sys=0.00, real=0.00 secs] 
1213.986: [GC (Allocation Failure) [PSYoungGen: 191328K->5568K(198144K)] 423575K->237831K(833024K), 0.0017741 secs] [Times: user=0.01 sys=0.00, real=0.00 secs] 
1215.027: [GC (Allocation Failure) [PSYoungGen: 160704K->34176K(207360K)] 392967K->266463K(842240K), 0.0032012 secs] [Times: user=0.02 sys=0.00, real=0.00 secs] 
1216.943: [GC (Allocation Failure) [PSYoungGen: 187264K->3488K(204288K)] 419551K->235783K(839168K), 0.0015957 secs] [Times: user=0.01 sys=0.00, real=0.01 secs] 
1217.442: [GC (Allocation Failure) [PSYoungGen: 154528K->34176K(206848K)] 386823K->266479K(841728K), 0.0031014 secs] [Times: user=0.02 sys=0.00, real=0.01 secs] 
1218.753: [GC (Allocation Failure) [PSYoungGen: 185216K->1664K(195584K)] 417519K->233975K(830464K), 0.0018143 secs] [Times: user=0.01 sys=0.00, real=0.01 secs] 
1219.717: [GC (Allocation Failure) [PSYoungGen: 150656K->34176K(206336K)] 382967K->266503K(841216K), 0.0030230 secs] [Times: user=0.02 sys=0.00, real=0.00 secs] 
1220.381: [GC (Allocation Failure) [PSYoungGen: 183168K->1408K(214016K)] 415495K->233743K(848896K), 0.0019423 secs] [Times: user=0.01 sys=0.00, real=0.00 secs] 
1222.547: [GC (Allocation Failure) [PSYoungGen: 142181K->17792K(172544K)] 374517K->250151K(807424K), 0.0026604 secs] [Times: user=0.01 sys=0.01, real=0.00 secs] 
1223.880: [GC (Allocation Failure) [PSYoungGen: 172416K->1408K(203776K)] 404775K->233775K(838656K), 0.0023471 secs] [Times: user=0.01 sys=0.00, real=0.00 secs] 
1226.211: [GC (Allocation Failure) [PSYoungGen: 153984K->17824K(168448K)] 386351K->250207K(803328K), 0.0055730 secs] [Times: user=0.02 sys=0.00, real=0.01 secs] 
1227.919: [GC (Allocation Failure) [PSYoungGen: 168352K->1360K(195584K)] 400735K->233751K(830464K), 0.0030005 secs] [Times: user=0.01 sys=0.00, real=0.00 secs] 
1230.188: [GC (Allocation Failure) [PSYoungGen: 149840K->17792K(164352K)] 382231K->250191K(799232K), 0.0052854 secs] [Times: user=0.03 sys=0.00, real=0.00 secs] 
1231.576: [GC (Allocation Failure) [PSYoungGen: 164224K->34176K(189440K)] 396623K->266583K(824320K), 0.0059283 secs] [Times: user=0.02 sys=0.00, real=0.00 secs] 
1234.174: [GC (Allocation Failure) [PSYoungGen: 176512K->17792K(158208K)] 408919K->250215K(793088K), 0.0051161 secs] [Times: user=0.02 sys=0.00, real=0.00 secs] 
1235.113: [GC (Allocation Failure) [PSYoungGen: 158080K->34176K(185344K)] 390503K->266607K(820224K), 0.0079998 secs] [Times: user=0.04 sys=0.00, real=0.01 secs] 
1237.032: [GC (Allocation Failure) [PSYoungGen: 171392K->9648K(188416K)] 403823K->242103K(823296K), 0.0021682 secs] [Times: user=0.01 sys=0.00, real=0.00 secs] 
1239.083: [GC (Allocation Failure) [PSYoungGen: 146864K->34144K(192512K)] 379319K->266607K(827392K), 0.0046478 secs] [Times: user=0.03 sys=0.00, real=0.01 secs] 
1241.229: [GC (Allocation Failure) [PSYoungGen: 176992K->1952K(142848K)] 409455K->234423K(777728K), 0.0018822 secs] [Times: user=0.01 sys=0.00, real=0.00 secs] 
1242.278: [GC (Allocation Failure) [PSYoungGen: 142752K->34160K(190464K)] 375223K->266639K(825344K), 0.0036447 secs] [Times: user=0.01 sys=0.00, real=0.00 secs] 
1244.027: [GC (Allocation Failure) [PSYoungGen: 172400K->1376K(138240K)] 404879K->233863K(773120K), 0.0026480 secs] [Times: user=0.01 sys=0.00, real=0.00 secs] 
1246.437: [GC (Allocation Failure) [PSYoungGen: 138080K->17792K(180736K)] 370567K->250287K(815616K), 0.0032907 secs] [Times: user=0.02 sys=0.00, real=0.00 secs] 
1247.548: [GC (Allocation Failure) [PSYoungGen: 152960K->34160K(184320K)] 385455K->266663K(819200K), 0.0050467 secs] [Times: user=0.02 sys=0.00, real=0.00 secs] 
1248.998: [GC (Allocation Failure) [PSYoungGen: 167792K->9632K(180224K)] 400295K->242143K(815104K), 0.0018806 secs] [Times: user=0.01 sys=0.00, real=0.00 secs] 
1249.448: [GC (Allocation Failure) [PSYoungGen: 141728K->34208K(183808K)] 374239K->266727K(818688K), 0.0047736 secs] [Times: user=0.02 sys=0.00, real=0.00 secs] 
1250.690: [GC (Allocation Failure) [PSYoungGen: 166304K->3424K(192512K)] 398823K->235951K(827392K), 0.0018787 secs] [Times: user=0.00 sys=0.00, real=0.00 secs] 
1251.146: [GC (Allocation Failure) [PSYoungGen: 143712K->34176K(194048K)] 376239K->266711K(828928K), 0.0028840 secs] [Times: user=0.02 sys=0.00, real=0.00 secs] 
1251.831: [GC (Allocation Failure) [PSYoungGen: 174464K->1376K(204288K)] 406999K->233919K(839168K), 0.0020138 secs] [Times: user=0.01 sys=0.00, real=0.00 secs] 
1253.550: [GC (Allocation Failure) [PSYoungGen: 149273K->17792K(205312K)] 381816K->250343K(840192K), 0.0028875 secs] [Times: user=0.01 sys=0.01, real=0.00 secs] 
1254.106: [GC (Allocation Failure) [PSYoungGen: 167296K->1408K(208384K)] 399847K->233967K(843264K), 0.0019519 secs] [Times: user=0.01 sys=0.00, real=0.00 secs] 
1256.780: [GC (Allocation Failure) [PSYoungGen: 159616K->17856K(174080K)] 392175K->250423K(808960K), 0.0035262 secs] [Times: user=0.02 sys=0.00, real=0.00 secs] 
1257.706: [GC (Allocation Failure) [PSYoungGen: 174016K->1392K(205312K)] 406583K->233967K(840192K), 0.0052508 secs] [Times: user=0.02 sys=0.00, real=0.00 secs] 
1259.458: [GC (Allocation Failure) [PSYoungGen: 158064K->17808K(204800K)] 390639K->250399K(839680K), 0.0056899 secs] [Times: user=0.03 sys=0.00, real=0.00 secs] 
1260.534: [GC (Allocation Failure) [PSYoungGen: 174480K->1392K(208896K)] 407071K->233991K(843776K), 0.0022732 secs] [Times: user=0.01 sys=0.00, real=0.00 secs] 
1263.004: [GC (Allocation Failure) [PSYoungGen: 166768K->17840K(180736K)] 399367K->250455K(815616K), 0.0030732 secs] [Times: user=0.01 sys=0.00, real=0.01 secs] 
1264.528: [GC (Allocation Failure) [PSYoungGen: 180656K->1376K(199168K)] 413271K->233999K(834048K), 0.0029971 secs] [Times: user=0.02 sys=0.00, real=0.00 secs] 
1267.091: [GC (Allocation Failure) [PSYoungGen: 155690K->17824K(176128K)] 388314K->250455K(811008K), 0.0038666 secs] [Times: user=0.01 sys=0.00, real=0.01 secs] 
1268.277: [GC (Allocation Failure) [PSYoungGen: 176032K->1360K(194560K)] 408663K->233999K(829440K), 0.0023339 secs] [Times: user=0.01 sys=0.00, real=0.00 secs] 
1270.007: [GC (Allocation Failure) [PSYoungGen: 157520K->17808K(172032K)] 390159K->250455K(806912K), 0.0037687 secs] [Times: user=0.02 sys=0.00, real=0.00 secs] 
1270.987: [GC (Allocation Failure) [PSYoungGen: 171920K->1408K(188928K)] 404567K->234063K(823808K), 0.0028193 secs] [Times: user=0.01 sys=0.00, real=0.00 secs] 
1272.394: [GC (Allocation Failure) [PSYoungGen: 153472K->17824K(167936K)] 386127K->250487K(802816K), 0.0023384 secs] [Times: user=0.01 sys=0.00, real=0.01 secs] 
1272.950: [GC (Allocation Failure) [PSYoungGen: 167840K->1408K(182784K)] 400503K->234079K(817664K), 0.0022679 secs] [Times: user=0.01 sys=0.00, real=0.00 secs] 
1274.175: [GC (Allocation Failure) [PSYoungGen: 149376K->17824K(163840K)] 382047K->250503K(798720K), 0.0021060 secs] [Times: user=0.01 sys=0.00, real=0.00 secs] 
1274.987: [GC (Allocation Failure) [PSYoungGen: 163744K->34208K(178176K)] 396423K->266895K(813056K), 0.0061481 secs] [Times: user=0.02 sys=0.01, real=0.00 secs] 
1276.760: [GC (Allocation Failure) [PSYoungGen: 174496K->17856K(156672K)] 407183K->250551K(791552K), 0.0022477 secs] [Times: user=0.01 sys=0.00, real=0.00 secs] 
1278.185: [GC (Allocation Failure) [PSYoungGen: 156608K->34176K(176128K)] 389303K->266879K(811008K), 0.0060644 secs] [Times: user=0.03 sys=0.00, real=0.00 secs] 
1280.234: [GC (Allocation Failure) [PSYoungGen: 168320K->5568K(138240K)] 401023K->238279K(773120K), 0.0018780 secs] [Times: user=0.01 sys=0.00, real=0.00 secs] 
1280.667: [GC (Allocation Failure) [PSYoungGen: 138176K->34208K(174080K)] 370887K->266927K(808960K), 0.0055587 secs] [Times: user=0.03 sys=0.00, real=0.00 secs] 
1281.204: [GC (Allocation Failure) [PSYoungGen: 162720K->1376K(178176K)] 395439K->234103K(813056K), 0.0022733 secs] [Times: user=0.00 sys=0.00, real=0.00 secs] 
1282.431: [GC (Allocation Failure) [PSYoungGen: 129888K->17824K(180224K)] 362615K->250567K(815104K), 0.0022641 secs] [Times: user=0.01 sys=0.00, real=0.00 secs] 
1282.934: [GC (Allocation Failure) [PSYoungGen: 155040K->34208K(183808K)] 387783K->266959K(818688K), 0.0040916 secs] [Times: user=0.02 sys=0.00, real=0.00 secs] 
1284.901: [GC (Allocation Failure) [PSYoungGen: 166492K->9568K(190976K)] 399244K->242327K(825856K), 0.0020765 secs] [Times: user=0.01 sys=0.00, real=0.00 secs] 
1286.304: [GC (Allocation Failure) [PSYoungGen: 156000K->34176K(194560K)] 388759K->266943K(829440K), 0.0073464 secs] [Times: user=0.04 sys=0.00, real=0.00 secs] 
1288.316: [GC (Allocation Failure) [PSYoungGen: 180608K->9664K(202240K)] 413375K->242439K(837120K), 0.0025799 secs] [Times: user=0.01 sys=0.01, real=0.00 secs] 
1290.136: [GC (Allocation Failure) [PSYoungGen: 165312K->34176K(203264K)] 398087K->266959K(838144K), 0.0043904 secs] [Times: user=0.02 sys=0.00, real=0.00 secs] 
1292.669: [GC (Allocation Failure) [PSYoungGen: 185482K->5536K(200192K)] 418266K->238327K(835072K), 0.0025147 secs] [Times: user=0.01 sys=0.00, real=0.00 secs] 
1294.115: [GC (Allocation Failure) [PSYoungGen: 157088K->34192K(201216K)] 389879K->266991K(836096K), 0.0047327 secs] [Times: user=0.02 sys=0.00, real=0.00 secs] 
1296.688: [GC (Allocation Failure) [PSYoungGen: 183696K->5536K(197632K)] 416495K->238351K(832512K), 0.0022441 secs] [Times: user=0.01 sys=0.00, real=0.00 secs] 
1297.240: [GC (Allocation Failure) [PSYoungGen: 152992K->34208K(200704K)] 385807K->267031K(835584K), 0.0036789 secs] [Times: user=0.02 sys=0.00, real=0.00 secs] 
1298.538: [GC (Allocation Failure) [PSYoungGen: 181337K->256K(190464K)] 414161K->233095K(825344K), 0.0013604 secs] [Times: user=0.01 sys=0.00, real=0.00 secs] 
1299.106: [GC (Allocation Failure) [PSYoungGen: 145664K->34176K(201216K)] 378503K->267023K(836096K), 0.0037192 secs] [Times: user=0.02 sys=0.00, real=0.00 secs] 
1300.012: [GC (Allocation Failure) [PSYoungGen: 179584K->1440K(210432K)] 412431K->234295K(845312K), 0.0022343 secs] [Times: user=0.01 sys=0.00, real=0.01 secs] 
1301.640: [GC (Allocation Failure) [PSYoungGen: 151628K->17856K(169984K)] 384483K->250719K(804864K), 0.0025649 secs] [Times: user=0.01 sys=0.00, real=0.00 secs] 
1302.280: [GC (Allocation Failure) [PSYoungGen: 169920K->1392K(200192K)] 402783K->234263K(835072K), 0.0019260 secs] [Times: user=0.01 sys=0.00, real=0.00 secs] 
1303.554: [GC (Allocation Failure) [PSYoungGen: 151408K->17856K(165888K)] 384279K->250735K(800768K), 0.0022753 secs] [Times: user=0.01 sys=0.00, real=0.01 secs] 
1304.145: [GC (Allocation Failure) [PSYoungGen: 165824K->1424K(191488K)] 398703K->234311K(826368K), 0.0020871 secs] [Times: user=0.01 sys=0.00, real=0.00 secs] 
1305.793: [GC (Allocation Failure) [PSYoungGen: 147344K->17824K(161792K)] 380231K->250719K(796672K), 0.0022759 secs] [Times: user=0.01 sys=0.00, real=0.01 secs] 
1307.511: [GC (Allocation Failure) [PSYoungGen: 161696K->34208K(186368K)] 394591K->267111K(821248K), 0.0062565 secs] [Times: user=0.03 sys=0.00, real=0.01 secs] 
1309.419: [GC (Allocation Failure) [PSYoungGen: 173984K->9568K(147968K)] 406887K->242479K(782848K), 0.0019332 secs] [Times: user=0.01 sys=0.00, real=0.00 secs] 
1310.011: [GC (Allocation Failure) [PSYoungGen: 147808K->34208K(183808K)] 380719K->267127K(818688K), 0.0030977 secs] [Times: user=0.01 sys=0.00, real=0.01 secs] 
1311.766: [GC (Allocation Failure) [PSYoungGen: 169376K->5600K(139264K)] 402295K->238527K(774144K), 0.0019986 secs] [Times: user=0.01 sys=0.00, real=0.00 secs] 
1312.203: [GC (Allocation Failure) [PSYoungGen: 139232K->34144K(181248K)] 372159K->267079K(816128K), 0.0035932 secs] [Times: user=0.02 sys=0.00, real=0.01 secs] 
1312.747: [GC (Allocation Failure) [PSYoungGen: 164704K->1408K(184320K)] 397639K->234351K(819200K), 0.0018439 secs] [Times: user=0.01 sys=0.00, real=0.00 secs] 
1313.864: [GC (Allocation Failure) [PSYoungGen: 131968K->17808K(165376K)] 364911K->250759K(800256K), 0.0023703 secs] [Times: user=0.01 sys=0.00, real=0.00 secs] 
1314.331: [GC (Allocation Failure) [PSYoungGen: 146832K->34144K(178688K)] 379783K->267103K(813568K), 0.0031041 secs] [Times: user=0.01 sys=0.00, real=0.01 secs] 
1315.877: [GC (Allocation Failure) [PSYoungGen: 163168K->9632K(166912K)] 396127K->242607K(801792K), 0.0023599 secs] [Times: user=0.01 sys=0.00, real=0.00 secs] 
1316.798: [GC (Allocation Failure) [PSYoungGen: 137120K->34176K(178688K)] 370095K->267159K(813568K), 0.0035842 secs] [Times: user=0.01 sys=0.00, real=0.00 secs] 
1317.391: [GC (Allocation Failure) [PSYoungGen: 161664K->1376K(170496K)] 394647K->234383K(805376K), 0.0019391 secs] [Times: user=0.01 sys=0.00, real=0.00 secs] 
1319.702: [GC (Allocation Failure) [PSYoungGen: 127328K->17824K(142336K)] 360335K->250839K(777216K), 0.0027089 secs] [Times: user=0.01 sys=0.00, real=0.01 secs] 
1320.696: [GC (Allocation Failure) [PSYoungGen: 142240K->34208K(172032K)] 375255K->267231K(806912K), 0.0040061 secs] [Times: user=0.02 sys=0.00, real=0.00 secs] 
1323.153: [GC (Allocation Failure) [PSYoungGen: 156064K->9632K(130048K)] 389087K->242663K(764928K), 0.0049211 secs] [Times: user=0.02 sys=0.00, real=0.01 secs] 
1323.600: [GC (Allocation Failure) [PSYoungGen: 129952K->34192K(168960K)] 362983K->267231K(803840K), 0.0035884 secs] [Times: user=0.01 sys=0.00, real=0.00 secs] 
1324.090: [GC (Allocation Failure) [PSYoungGen: 151952K->1408K(171520K)] 384991K->234455K(806400K), 0.0019538 secs] [Times: user=0.01 sys=0.00, real=0.00 secs] 
1326.142: [GC (Allocation Failure) [PSYoungGen: 119168K->17760K(154624K)] 352215K->250815K(789504K), 0.0027838 secs] [Times: user=0.01 sys=0.00, real=0.01 secs] 
1327.411: [GC (Allocation Failure) [PSYoungGen: 134496K->34144K(165888K)] 367551K->267207K(800768K), 0.0039956 secs] [Times: user=0.02 sys=0.00, real=0.01 secs] 
1329.005: [GC (Allocation Failure) [PSYoungGen: 149856K->1888K(166400K)] 382919K->234967K(801280K), 0.0016161 secs] [Times: user=0.00 sys=0.00, real=0.00 secs] 
1329.415: [GC (Allocation Failure) [PSYoungGen: 116576K->17824K(131584K)] 349655K->250911K(766464K), 0.0026298 secs] [Times: user=0.01 sys=0.01, real=0.00 secs] 
1329.862: [GC (Allocation Failure) [PSYoungGen: 131488K->34208K(159744K)] 364575K->267303K(794624K), 0.0031542 secs] [Times: user=0.01 sys=0.00, real=0.01 secs] 
1331.584: [GC (Allocation Failure) [PSYoungGen: 144800K->5568K(162816K)] 377895K->238671K(797696K), 0.0039548 secs] [Times: user=0.01 sys=0.01, real=0.00 secs] 
1333.065: [GC (Allocation Failure) [PSYoungGen: 101788K->17792K(146432K)] 334892K->250903K(781312K), 0.0038530 secs] [Times: user=0.01 sys=0.00, real=0.00 secs] 
1333.688: [GC (Allocation Failure) [PSYoungGen: 127360K->34176K(157696K)] 360471K->267295K(792576K), 0.0039874 secs] [Times: user=0.01 sys=0.00, real=0.00 secs] 
1335.238: [GC (Allocation Failure) [PSYoungGen: 143744K->5568K(148992K)] 376863K->238703K(783872K), 0.0020521 secs] [Times: user=0.01 sys=0.00, real=0.00 secs] 
1336.270: [GC (Allocation Failure) [PSYoungGen: 102183K->17760K(125440K)] 335319K->250903K(760320K), 0.0029203 secs] [Times: user=0.01 sys=0.00, real=0.00 secs] 
1337.088: [GC (Allocation Failure) [PSYoungGen: 125280K->34208K(151552K)] 358423K->267359K(786432K), 0.0035675 secs] [Times: user=0.01 sys=0.00, real=0.00 secs] 
1338.434: [GC (Allocation Failure) [PSYoungGen: 138656K->5520K(109056K)] 371807K->238679K(743936K), 0.0022577 secs] [Times: user=0.01 sys=0.00, real=0.00 secs] 
1339.490: [GC (Allocation Failure) [PSYoungGen: 108404K->17760K(144896K)] 341563K->250935K(779776K), 0.0050787 secs] [Times: user=0.02 sys=0.00, real=0.01 secs] 
1340.256: [GC (Allocation Failure) [PSYoungGen: 120160K->34144K(148992K)] 353335K->267327K(783872K), 0.0056961 secs] [Times: user=0.02 sys=0.00, real=0.00 secs] 
1341.981: [GC (Allocation Failure) [PSYoungGen: 136544K->3488K(142848K)] 369727K->236679K(777728K), 0.0021152 secs] [Times: user=0.01 sys=0.00, real=0.00 secs] 
1343.631: [GC (Allocation Failure) [PSYoungGen: 104864K->17760K(118272K)] 338055K->250959K(753152K), 0.0063867 secs] [Times: user=0.02 sys=0.00, real=0.01 secs] 
1344.775: [GC (Allocation Failure) [PSYoungGen: 118112K->34176K(143872K)] 351311K->267383K(778752K), 0.0059332 secs] [Times: user=0.02 sys=0.00, real=0.00 secs] 
1346.235: [GC (Allocation Failure) [PSYoungGen: 131456K->1456K(97792K)] 364663K->234679K(732672K), 0.0015782 secs] [Times: user=0.01 sys=0.00, real=0.00 secs] 
1346.988: [GC (Allocation Failure) [PSYoungGen: 97712K->17792K(137728K)] 330935K->251031K(772608K), 0.0022022 secs] [Times: user=0.01 sys=0.00, real=0.00 secs] 
1347.415: [GC (Allocation Failure) [PSYoungGen: 113024K->34208K(141824K)] 346263K->267455K(776704K), 0.0035744 secs] [Times: user=0.02 sys=0.00, real=0.00 secs] 
1347.812: [GC (Allocation Failure) [PSYoungGen: 129440K->1440K(151040K)] 362687K->234703K(785920K), 0.0019273 secs] [Times: user=0.00 sys=0.00, real=0.01 secs] 
1349.113: [GC (Allocation Failure) [PSYoungGen: 102816K->17856K(151552K)] 336079K->251127K(786432K), 0.0024595 secs] [Times: user=0.01 sys=0.01, real=0.01 secs] 
1350.020: [GC (Allocation Failure) [PSYoungGen: 119232K->34176K(151040K)] 352503K->267455K(785920K), 0.0035636 secs] [Times: user=0.02 sys=0.00, real=0.01 secs] 
1351.636: [GC (Allocation Failure) [PSYoungGen: 138624K->1440K(104960K)] 371903K->234727K(739840K), 0.0042917 secs] [Times: user=0.02 sys=0.00, real=0.00 secs] 
1353.810: [GC (Allocation Failure) [PSYoungGen: 99145K->9568K(147456K)] 332433K->242863K(782336K), 0.0025678 secs] [Times: user=0.01 sys=0.00, real=0.00 secs] 
1354.707: [GC (Allocation Failure) [PSYoungGen: 111968K->34144K(149504K)] 345263K->267447K(784384K), 0.0048207 secs] [Times: user=0.02 sys=0.01, real=0.00 secs] 
1355.593: [GC (Allocation Failure) [PSYoungGen: 135520K->1408K(150528K)] 368823K->234719K(785408K), 0.0021583 secs] [Times: user=0.01 sys=0.00, real=0.01 secs] 
1357.191: [GC (Allocation Failure) [PSYoungGen: 101760K->9664K(109056K)] 335071K->242983K(743936K), 0.0027088 secs] [Times: user=0.00 sys=0.00, real=0.00 secs] 
1357.843: [GC (Allocation Failure) [PSYoungGen: 108992K->34208K(145408K)] 342311K->267535K(780288K), 0.0039873 secs] [Times: user=0.02 sys=0.00, real=0.01 secs] 
1358.390: [GC (Allocation Failure) [PSYoungGen: 130464K->34208K(148480K)] 363791K->267559K(783360K), 0.0039921 secs] [Times: user=0.02 sys=0.00, real=0.01 secs] 
1359.533: [GC (Allocation Failure) [PSYoungGen: 130464K->5504K(155136K)] 363815K->238863K(790016K), 0.0030963 secs] [Times: user=0.01 sys=0.00, real=0.01 secs] 
1360.333: [GC (Allocation Failure) [PSYoungGen: 102105K->17792K(156672K)] 335465K->251159K(791552K), 0.0037014 secs] [Times: user=0.01 sys=0.00, real=0.01 secs] 
1360.954: [GC (Allocation Failure) [PSYoungGen: 120704K->34176K(157184K)] 354071K->267559K(792064K), 0.0042565 secs] [Times: user=0.02 sys=0.00, real=0.00 secs] 
1362.527: [GC (Allocation Failure) [PSYoungGen: 141184K->5504K(160256K)] 374567K->238895K(795136K), 0.0018883 secs] [Times: user=0.01 sys=0.00, real=0.00 secs] 
1362.930: [GC (Allocation Failure) [PSYoungGen: 111609K->17760K(161280K)] 345000K->251159K(796160K), 0.0022461 secs] [Times: user=0.01 sys=0.00, real=0.00 secs] 
1363.402: [GC (Allocation Failure) [PSYoungGen: 132448K->34144K(163840K)] 365847K->267551K(798720K), 0.0039444 secs] [Times: user=0.02 sys=0.00, real=0.01 secs] 
1365.093: [GC (Allocation Failure) [PSYoungGen: 148832K->9600K(170496K)] 382239K->243015K(805376K), 0.0032499 secs] [Times: user=0.01 sys=0.00, real=0.01 secs] 
1366.521: [GC (Allocation Failure) [PSYoungGen: 132480K->34144K(173056K)] 365895K->267567K(807936K), 0.0086239 secs] [Times: user=0.04 sys=0.00, real=0.01 secs] 
1368.582: [GC (Allocation Failure) [PSYoungGen: 157024K->1408K(182784K)] 390447K->234847K(817664K), 0.0025065 secs] [Times: user=0.01 sys=0.00, real=0.01 secs] 
1369.954: [GC (Allocation Failure) [PSYoungGen: 132480K->17856K(147456K)] 365919K->251303K(782336K), 0.0022641 secs] [Times: user=0.01 sys=0.00, real=0.00 secs] 
1370.647: [GC (Allocation Failure) [PSYoungGen: 147392K->34176K(176640K)] 380839K->267631K(811520K), 0.0086050 secs] [Times: user=0.04 sys=0.00, real=0.01 secs] 
1372.804: [GC (Allocation Failure) [PSYoungGen: 161152K->9696K(179200K)] 394607K->243159K(814080K), 0.0040131 secs] [Times: user=0.02 sys=0.00, real=0.00 secs] 
1373.710: [GC (Allocation Failure) [PSYoungGen: 136672K->34176K(184320K)] 370135K->267647K(819200K), 0.0052824 secs] [Times: user=0.02 sys=0.00, real=0.01 secs] 
1374.329: [GC (Allocation Failure) [PSYoungGen: 167808K->1424K(186880K)] 401279K->234903K(821760K), 0.0018290 secs] [Times: user=0.01 sys=0.00, real=0.00 secs] 
1375.453: [GC (Allocation Failure) [PSYoungGen: 134399K->17792K(167936K)] 367879K->251271K(802816K), 0.0024474 secs] [Times: user=0.01 sys=0.00, real=0.01 secs] 
1375.934: [GC (Allocation Failure) [PSYoungGen: 149888K->1376K(132096K)] 383367K->234863K(766976K), 0.0017259 secs] [Times: user=0.01 sys=0.00, real=0.00 secs] 
1377.247: [GC (Allocation Failure) [PSYoungGen: 131936K->17856K(172032K)] 365423K->251351K(806912K), 0.0026273 secs] [Times: user=0.01 sys=0.00, real=0.00 secs] 
1378.180: [GC (Allocation Failure) [PSYoungGen: 146880K->34208K(176128K)] 380375K->267711K(811008K), 0.0063519 secs] [Times: user=0.04 sys=0.00, real=0.01 secs] 
1380.330: [GC (Allocation Failure) [PSYoungGen: 163232K->3424K(166400K)] 396735K->236943K(801280K), 0.0041404 secs] [Times: user=0.01 sys=0.00, real=0.01 secs] 
1381.609: [GC (Allocation Failure) [PSYoungGen: 130912K->34176K(175616K)] 364431K->267703K(810496K), 0.0054941 secs] [Times: user=0.03 sys=0.01, real=0.01 secs] 
1382.936: [GC (Allocation Failure) [PSYoungGen: 160128K->1344K(174592K)] 393655K->234879K(809472K), 0.0030282 secs] [Times: user=0.01 sys=0.00, real=0.00 secs] 
1385.445: [GC (Allocation Failure) [PSYoungGen: 125760K->17824K(140800K)] 359295K->251375K(775680K), 0.0037617 secs] [Times: user=0.02 sys=0.00, real=0.00 secs] 
1386.392: [GC (Allocation Failure) [PSYoungGen: 140704K->34208K(168960K)] 374255K->267767K(803840K), 0.0039004 secs] [Times: user=0.02 sys=0.00, real=0.01 secs] 
1388.068: [GC (Allocation Failure) [PSYoungGen: 154016K->1952K(120832K)] 387575K->235519K(755712K), 0.0017465 secs] [Times: user=0.01 sys=0.00, real=0.00 secs] 
1389.502: [GC (Allocation Failure) [PSYoungGen: 120715K->17776K(162304K)] 354283K->251351K(797184K), 0.0063946 secs] [Times: user=0.03 sys=0.00, real=0.01 secs] 
1390.300: [GC (Allocation Failure) [PSYoungGen: 135536K->34208K(165376K)] 369111K->267791K(800256K), 0.0034840 secs] [Times: user=0.01 sys=0.00, real=0.00 secs] 
1391.551: [GC (Allocation Failure) [PSYoungGen: 150944K->9616K(163328K)] 384527K->243207K(798208K), 0.0017728 secs] [Times: user=0.01 sys=0.00, real=0.00 secs] 
1392.360: [GC (Allocation Failure) [PSYoungGen: 125328K->34208K(164864K)] 358919K->267807K(799744K), 0.0033461 secs] [Times: user=0.01 sys=0.00, real=0.00 secs] 
1393.204: [GC (Allocation Failure) [PSYoungGen: 148896K->1376K(165376K)] 382495K->234983K(800256K), 0.0018338 secs] [Times: user=0.01 sys=0.00, real=0.00 secs] 
1395.229: [GC (Allocation Failure) [PSYoungGen: 115040K->17824K(130560K)] 348647K->251439K(765440K), 0.0033734 secs] [Times: user=0.02 sys=0.00, real=0.00 secs] 
1396.181: [GC (Allocation Failure) [PSYoungGen: 130464K->34176K(158720K)] 364079K->267799K(793600K), 0.0049285 secs] [Times: user=0.02 sys=0.00, real=0.01 secs] 
1397.181: [GC (Allocation Failure) [PSYoungGen: 143744K->1424K(110080K)] 377367K->235055K(744960K), 0.0020862 secs] [Times: user=0.01 sys=0.00, real=0.00 secs] 
1399.364: [GC (Allocation Failure) [PSYoungGen: 109968K->17856K(151552K)] 343599K->251495K(786432K), 0.0031460 secs] [Times: user=0.01 sys=0.00, real=0.00 secs] 
1399.744: [GC (Allocation Failure) [PSYoungGen: 125376K->34208K(156160K)] 359015K->267863K(791040K), 0.0040030 secs] [Times: user=0.02 sys=0.00, real=0.00 secs] 
1400.193: [GC (Allocation Failure) [PSYoungGen: 141728K->1408K(166912K)] 375383K->235071K(801792K), 0.0018955 secs] [Times: user=0.01 sys=0.00, real=0.01 secs] 
1403.177: [GC (Allocation Failure) [PSYoungGen: 116608K->17840K(132096K)] 350271K->251511K(766976K), 0.0026412 secs] [Times: user=0.01 sys=0.00, real=0.00 secs] 
1404.452: [GC (Allocation Failure) [PSYoungGen: 132016K->34176K(159232K)] 365687K->267871K(794112K), 0.0054289 secs] [Times: user=0.03 sys=0.00, real=0.01 secs] 
1406.011: [GC (Allocation Failure) [PSYoungGen: 145280K->5536K(115712K)] 378975K->239239K(750592K), 0.0019080 secs] [Times: user=0.01 sys=0.00, real=0.00 secs] 
1406.428: [GC (Allocation Failure) [PSYoungGen: 112455K->17760K(151552K)] 346158K->251471K(786432K), 0.0022102 secs] [Times: user=0.01 sys=0.00, real=0.00 secs] 
1406.815: [GC (Allocation Failure) [PSYoungGen: 126816K->34176K(156160K)] 360527K->267895K(791040K), 0.0033786 secs] [Times: user=0.01 sys=0.00, real=0.00 secs] 
1407.881: [GC (Allocation Failure) [PSYoungGen: 143232K->5536K(147456K)] 376951K->239263K(782336K), 0.0018947 secs] [Times: user=0.01 sys=0.00, real=0.00 secs] 
1408.228: [GC (Allocation Failure) [PSYoungGen: 101808K->17728K(157696K)] 335536K->251471K(792576K), 0.0024298 secs] [Times: user=0.01 sys=0.00, real=0.00 secs] 
1408.610: [GC (Allocation Failure) [PSYoungGen: 125760K->34208K(159744K)] 359503K->267959K(794624K), 0.0030556 secs] [Times: user=0.01 sys=0.00, real=0.00 secs] 
1410.015: [GC (Allocation Failure) [PSYoungGen: 147360K->5440K(162816K)] 381111K->239199K(797696K), 0.0017209 secs] [Times: user=0.01 sys=0.00, real=0.00 secs] 
1410.793: [GC (Allocation Failure) [PSYoungGen: 118592K->34176K(167424K)] 352351K->267959K(802304K), 0.0035439 secs] [Times: user=0.02 sys=0.00, real=0.01 secs] 
1411.693: [GC (Allocation Failure) [PSYoungGen: 152448K->1376K(118784K)] 386231K->235167K(753664K), 0.0019968 secs] [Times: user=0.00 sys=0.01, real=0.01 secs] 
1413.491: [GC (Allocation Failure) [PSYoungGen: 116214K->9632K(163328K)] 350006K->243431K(798208K), 0.0019698 secs] [Times: user=0.01 sys=0.00, real=0.00 secs] 
1414.347: [GC (Allocation Failure) [PSYoungGen: 125856K->34176K(165376K)] 359655K->267983K(800256K), 0.0033797 secs] [Times: user=0.02 sys=0.00, real=0.00 secs] 
1415.527: [GC (Allocation Failure) [PSYoungGen: 149376K->1360K(165376K)] 383183K->235175K(800256K), 0.0023095 secs] [Times: user=0.01 sys=0.00, real=0.00 secs] 
1417.627: [GC (Allocation Failure) [PSYoungGen: 115536K->17824K(131072K)] 349351K->251647K(765952K), 0.0054755 secs] [Times: user=0.02 sys=0.00, real=0.00 secs] 
1418.221: [GC (Allocation Failure) [PSYoungGen: 130976K->34160K(159232K)] 364799K->268007K(794112K), 0.0036532 secs] [Times: user=0.02 sys=0.00, real=0.01 secs] 
1419.494: [GC (Allocation Failure) [PSYoungGen: 144240K->1696K(111104K)] 378087K->235551K(745984K), 0.0017560 secs] [Times: user=0.01 sys=0.00, real=0.00 secs] 
1420.331: [GC (Allocation Failure) [PSYoungGen: 110752K->17824K(152064K)] 344607K->251687K(786944K), 0.0035822 secs] [Times: user=0.01 sys=0.00, real=0.01 secs] 
1420.942: [GC (Allocation Failure) [PSYoungGen: 125856K->34176K(155648K)] 359719K->268055K(790528K), 0.0035621 secs] [Times: user=0.01 sys=0.00, real=0.01 secs] 
1422.231: [GC (Allocation Failure) [PSYoungGen: 141184K->3488K(155136K)] 375063K->237375K(790016K), 0.0019489 secs] [Times: user=0.01 sys=0.00, real=0.00 secs] 
1423.533: [GC (Allocation Failure) [PSYoungGen: 109472K->17824K(122880K)] 343359K->251719K(757760K), 0.0032177 secs] [Times: user=0.01 sys=0.00, real=0.01 secs] 
1424.562: [GC (Allocation Failure) [PSYoungGen: 122784K->34144K(150016K)] 356679K->268047K(784896K), 0.0050916 secs] [Times: user=0.03 sys=0.00, real=0.01 secs] 
1426.473: [GC (Allocation Failure) [PSYoungGen: 136032K->3424K(104448K)] 369935K->237335K(739328K), 0.0037815 secs] [Times: user=0.01 sys=0.00, real=0.01 secs] 
1427.924: [GC (Allocation Failure) [PSYoungGen: 104288K->17792K(143360K)] 338199K->251711K(778240K), 0.0037313 secs] [Times: user=0.01 sys=0.00, real=0.00 secs] 
1428.405: [GC (Allocation Failure) [PSYoungGen: 117632K->34144K(146432K)] 351551K->268071K(781312K), 0.0034030 secs] [Times: user=0.02 sys=0.00, real=0.00 secs] 
1428.829: [GC (Allocation Failure) [PSYoungGen: 132943K->320K(147456K)] 366871K->234271K(782336K), 0.0017750 secs] [Times: user=0.00 sys=0.00, real=0.00 secs] 
1429.772: [GC (Allocation Failure) [PSYoungGen: 98112K->17824K(114688K)] 332063K->251783K(749568K), 0.0020827 secs] [Times: user=0.01 sys=0.00, real=0.01 secs] 
1430.112: [GC (Allocation Failure) [PSYoungGen: 114592K->34144K(141312K)] 348551K->268111K(776192K), 0.0032300 secs] [Times: user=0.02 sys=0.00, real=0.01 secs] 
1430.503: [GC (Allocation Failure) [PSYoungGen: 127840K->1376K(144384K)] 361807K->235351K(779264K), 0.0023257 secs] [Times: user=0.01 sys=0.00, real=0.01 secs] 
1431.513: [GC (Allocation Failure) [PSYoungGen: 94669K->9600K(145920K)] 328645K->243583K(780800K), 0.0016529 secs] [Times: user=0.01 sys=0.00, real=0.01 secs] 
1431.828: [GC (Allocation Failure) [PSYoungGen: 109952K->34240K(148992K)] 343935K->268231K(783872K), 0.0027931 secs] [Times: user=0.02 sys=0.00, real=0.00 secs] 
1432.245: [GC (Allocation Failure) [PSYoungGen: 134592K->1440K(159744K)] 368583K->235439K(794624K), 0.0020164 secs] [Times: user=0.01 sys=0.00, real=0.00 secs] 
1433.363: [GC (Allocation Failure) [PSYoungGen: 109984K->9600K(160256K)] 343983K->243623K(795136K), 0.0019091 secs] [Times: user=0.01 sys=0.00, real=0.01 secs] 
1433.804: [GC (Allocation Failure) [PSYoungGen: 118144K->34176K(161792K)] 352167K->268207K(796672K), 0.0039761 secs] [Times: user=0.02 sys=0.00, real=0.00 secs] 
1434.636: [GC (Allocation Failure) [PSYoungGen: 146816K->1408K(165376K)] 380847K->235455K(800256K), 0.0024554 secs] [Times: user=0.02 sys=0.00, real=0.00 secs] 
1436.223: [GC (Allocation Failure) [PSYoungGen: 114048K->17792K(147968K)] 348095K->251847K(782848K), 0.0034567 secs] [Times: user=0.01 sys=0.00, real=0.01 secs] 
1436.966: [GC (Allocation Failure) [PSYoungGen: 129408K->34176K(160768K)] 363463K->268239K(795648K), 0.0042666 secs] [Times: user=0.02 sys=0.01, real=0.00 secs] 
1438.546: [GC (Allocation Failure) [PSYoungGen: 145792K->1392K(152576K)] 379855K->235471K(787456K), 0.0041109 secs] [Times: user=0.01 sys=0.00, real=0.00 secs] 
1440.714: [GC (Allocation Failure) [PSYoungGen: 111984K->17856K(127488K)] 346063K->251943K(762368K), 0.0057991 secs] [Times: user=0.03 sys=0.00, real=0.00 secs] 
1441.720: [GC (Allocation Failure) [PSYoungGen: 127424K->34176K(155648K)] 361511K->268271K(790528K), 0.0049939 secs] [Times: user=0.03 sys=0.00, real=0.01 secs] 
1443.563: [GC (Allocation Failure) [PSYoungGen: 140672K->160K(105984K)] 374767K->234263K(740864K), 0.0014547 secs] [Times: user=0.00 sys=0.00, real=0.01 secs] 
1444.592: [GC (Allocation Failure) [PSYoungGen: 105632K->17776K(148992K)] 339735K->251887K(783872K), 0.0059769 secs] [Times: user=0.03 sys=0.00, real=0.01 secs] 
1445.387: [GC (Allocation Failure) [PSYoungGen: 122224K->34224K(153088K)] 356335K->268343K(787968K), 0.0046792 secs] [Times: user=0.02 sys=0.00, real=0.00 secs] 
1447.001: [GC (Allocation Failure) [PSYoungGen: 138672K->272K(146432K)] 372791K->234399K(781312K), 0.0014253 secs] [Times: user=0.00 sys=0.00, real=0.00 secs] 
1447.784: [GC (Allocation Failure) [PSYoungGen: 103696K->17776K(120320K)] 337823K->251919K(755200K), 0.0043690 secs] [Times: user=0.01 sys=0.00, real=0.00 secs] 
1448.372: [GC (Allocation Failure) [PSYoungGen: 120176K->34112K(147456K)] 354319K->268263K(782336K), 0.0036134 secs] [Times: user=0.01 sys=0.00, real=0.01 secs] 
1448.784: [GC (Allocation Failure) [PSYoungGen: 132928K->1456K(151040K)] 367079K->235615K(785920K), 0.0019572 secs] [Times: user=0.00 sys=0.00, real=0.01 secs] 
1450.058: [GC (Allocation Failure) [PSYoungGen: 100272K->17856K(135168K)] 334431K->252023K(770048K), 0.0026160 secs] [Times: user=0.01 sys=0.00, real=0.00 secs] 
1450.772: [GC (Allocation Failure) [PSYoungGen: 115648K->34144K(145408K)] 349815K->268319K(780288K), 0.0035480 secs] [Times: user=0.02 sys=0.00, real=0.01 secs] 
1451.709: [GC (Allocation Failure) [PSYoungGen: 130912K->1408K(146432K)] 365087K->235591K(781312K), 0.0037848 secs] [Times: user=0.01 sys=0.00, real=0.00 secs] 
1453.216: [GC (Allocation Failure) [PSYoungGen: 96687K->9632K(104960K)] 330870K->243823K(739840K), 0.0020501 secs] [Times: user=0.01 sys=0.00, real=0.00 secs] 
1453.605: [GC (Allocation Failure) [PSYoungGen: 104864K->34224K(140800K)] 339055K->268423K(775680K), 0.0042556 secs] [Times: user=0.02 sys=0.00, real=0.00 secs] 
1454.051: [GC (Allocation Failure) [PSYoungGen: 125872K->1408K(144384K)] 360071K->235615K(779264K), 0.0019985 secs] [Times: user=0.01 sys=0.00, real=0.00 secs] 
1456.597: [GC (Allocation Failure) [PSYoungGen: 93056K->5536K(131584K)] 327263K->239751K(766464K), 0.0039932 secs] [Times: user=0.02 sys=0.00, real=0.00 secs] 
1457.279: [GC (Allocation Failure) [PSYoungGen: 96672K->17824K(108544K)] 330887K->252063K(743424K), 0.0028598 secs] [Times: user=0.01 sys=0.00, real=0.00 secs] 
1457.628: [GC (Allocation Failure) [PSYoungGen: 108448K->34144K(134144K)] 342687K->268391K(769024K), 0.0034289 secs] [Times: user=0.02 sys=0.00, real=0.00 secs] 
1458.143: [GC (Allocation Failure) [PSYoungGen: 120672K->1408K(138240K)] 354919K->235663K(773120K), 0.0018688 secs] [Times: user=0.01 sys=0.00, real=0.01 secs] 
1459.480: [GC (Allocation Failure) [PSYoungGen: 83332K->9600K(124416K)] 317588K->243863K(759296K), 0.0021415 secs] [Times: user=0.00 sys=0.00, real=0.00 secs] 
1460.210: [GC (Allocation Failure) [PSYoungGen: 95616K->34176K(133632K)] 329879K->268447K(768512K), 0.0034874 secs] [Times: user=0.01 sys=0.00, real=0.00 secs] 
1461.020: [GC (Allocation Failure) [PSYoungGen: 119680K->34208K(135168K)] 353951K->268495K(770048K), 0.0035720 secs] [Times: user=0.01 sys=0.00, real=0.00 secs] 
1462.550: [GC (Allocation Failure) [PSYoungGen: 117152K->1536K(84480K)] 351439K->235831K(719360K), 0.0018329 secs] [Times: user=0.01 sys=0.00, real=0.00 secs] 
1463.072: [GC (Allocation Failure) [PSYoungGen: 83968K->17792K(128512K)] 318263K->252095K(763392K), 0.0023880 secs] [Times: user=0.01 sys=0.01, real=0.01 secs] 
1463.511: [GC (Allocation Failure) [PSYoungGen: 99712K->34176K(132608K)] 334015K->268487K(767488K), 0.0060696 secs] [Times: user=0.03 sys=0.00, real=0.01 secs] 
1464.191: [GC (Allocation Failure) [PSYoungGen: 116096K->34144K(140800K)] 350407K->268463K(775680K), 0.0042146 secs] [Times: user=0.02 sys=0.00, real=0.01 secs] 
1465.679: [GC (Allocation Failure) [PSYoungGen: 121184K->5536K(142848K)] 355503K->239871K(777728K), 0.0020370 secs] [Times: user=0.01 sys=0.00, real=0.00 secs] 
1466.264: [GC (Allocation Failure) [PSYoungGen: 92576K->17792K(142336K)] 326911K->252135K(777216K), 0.0027879 secs] [Times: user=0.01 sys=0.00, real=0.00 secs] 
1466.589: [GC (Allocation Failure) [PSYoungGen: 111488K->34176K(145408K)] 345831K->268535K(780288K), 0.0051671 secs] [Times: user=0.03 sys=0.00, real=0.01 secs] 
1467.055: [GC (Allocation Failure) [PSYoungGen: 127872K->1408K(155136K)] 362231K->235775K(790016K), 0.0019548 secs] [Times: user=0.01 sys=0.00, real=0.00 secs] 
1469.383: [GC (Allocation Failure) [PSYoungGen: 103808K->17792K(156160K)] 338175K->252183K(791040K), 0.0049949 secs] [Times: user=0.02 sys=0.00, real=0.01 secs] 
1470.152: [GC (Allocation Failure) [PSYoungGen: 120192K->34240K(158720K)] 354583K->268639K(793600K), 0.0070075 secs] [Times: user=0.03 sys=0.00, real=0.01 secs] 
1471.070: [GC (Allocation Failure) [PSYoungGen: 142272K->1408K(161280K)] 376671K->235815K(796160K), 0.0023197 secs] [Times: user=0.01 sys=0.00, real=0.00 secs] 
1472.455: [GC (Allocation Failure) [PSYoungGen: 109440K->17824K(161792K)] 343847K->252239K(796672K), 0.0038510 secs] [Times: user=0.02 sys=0.00, real=0.00 secs] 
1473.257: [GC (Allocation Failure) [PSYoungGen: 134048K->34176K(165888K)] 368463K->268599K(800768K), 0.0048568 secs] [Times: user=0.02 sys=0.00, real=0.00 secs] 
1474.856: [GC (Allocation Failure) [PSYoungGen: 150400K->2464K(157184K)] 384823K->236895K(792064K), 0.0016529 secs] [Times: user=0.01 sys=0.00, real=0.00 secs] 
1475.819: [GC (Allocation Failure) [PSYoungGen: 117664K->17824K(132096K)] 352095K->252255K(766976K), 0.0033325 secs] [Times: user=0.02 sys=0.00, real=0.00 secs] 
1476.958: [GC (Allocation Failure) [PSYoungGen: 132000K->34144K(159744K)] 366431K->268591K(794624K), 0.0042386 secs] [Times: user=0.02 sys=0.00, real=0.00 secs] 
1478.856: [GC (Allocation Failure) [PSYoungGen: 145248K->5536K(115712K)] 379695K->239991K(750592K), 0.0016760 secs] [Times: user=0.00 sys=0.00, real=0.00 secs] 
1479.333: [GC (Allocation Failure) [PSYoungGen: 100954K->17808K(152576K)] 335409K->252271K(787456K), 0.0023175 secs] [Times: user=0.01 sys=0.00, real=0.01 secs] 
1479.778: [GC (Allocation Failure) [PSYoungGen: 126864K->34176K(156672K)] 361327K->268639K(791552K), 0.0036030 secs] [Times: user=0.02 sys=0.00, real=0.00 secs] 
1481.931: [GC (Allocation Failure) [PSYoungGen: 143232K->5552K(148480K)] 377695K->240023K(783360K), 0.0023925 secs] [Times: user=0.01 sys=0.00, real=0.00 secs] 
1482.689: [GC (Allocation Failure) [PSYoungGen: 101684K->17760K(124928K)] 336155K->252239K(759808K), 0.0031971 secs] [Times: user=0.01 sys=0.00, real=0.00 secs] 
1483.420: [GC (Allocation Failure) [PSYoungGen: 124768K->34208K(151040K)] 359247K->268695K(785920K), 0.0038929 secs] [Times: user=0.02 sys=0.00, real=0.00 secs] 
1485.422: [GC (Allocation Failure) [PSYoungGen: 138144K->5536K(108544K)] 372631K->240031K(743424K), 0.0018946 secs] [Times: user=0.01 sys=0.00, real=0.00 secs] 
1486.682: [GC (Allocation Failure) [PSYoungGen: 108448K->17792K(144384K)] 342943K->252295K(779264K), 0.0046120 secs] [Times: user=0.02 sys=0.00, real=0.01 secs] 
1487.484: [GC (Allocation Failure) [PSYoungGen: 119680K->34176K(147456K)] 354183K->268687K(782336K), 0.0042466 secs] [Times: user=0.02 sys=0.00, real=0.00 secs] 
1489.198: [GC (Allocation Failure) [PSYoungGen: 135040K->3488K(148480K)] 369551K->238007K(783360K), 0.0018520 secs] [Times: user=0.00 sys=0.00, real=0.00 secs] 
1490.018: [GC (Allocation Failure) [PSYoungGen: 103328K->17824K(116736K)] 337847K->252367K(751616K), 0.0040949 secs] [Times: user=0.02 sys=0.00, real=0.00 secs] 
1490.618: [GC (Allocation Failure) [PSYoungGen: 116640K->34192K(142336K)] 351183K->268743K(777216K), 0.0036854 secs] [Times: user=0.02 sys=0.00, real=0.00 secs] 
1491.047: [GC (Allocation Failure) [PSYoungGen: 129936K->1344K(96768K)] 364487K->235903K(731648K), 0.0018138 secs] [Times: user=0.01 sys=0.00, real=0.00 secs] 
1492.380: [GC (Allocation Failure) [PSYoungGen: 96576K->17824K(137728K)] 331135K->252391K(772608K), 0.0025701 secs] [Times: user=0.01 sys=0.00, real=0.00 secs] 
1493.061: [GC (Allocation Failure) [PSYoungGen: 112544K->34144K(140800K)] 347111K->268719K(775680K), 0.0036305 secs] [Times: user=0.02 sys=0.00, real=0.01 secs] 
1493.836: [GC (Allocation Failure) [PSYoungGen: 128352K->1408K(142848K)] 362927K->235991K(777728K), 0.0020014 secs] [Times: user=0.00 sys=0.00, real=0.00 secs] 
1495.114: [GC (Allocation Failure) [PSYoungGen: 95104K->9600K(102912K)] 329687K->244191K(737792K), 0.0022046 secs] [Times: user=0.00 sys=0.00, real=0.00 secs] 
1495.399: [GC (Allocation Failure) [PSYoungGen: 102784K->34176K(138240K)] 337375K->268775K(773120K), 0.0032077 secs] [Times: user=0.01 sys=0.00, real=0.00 secs] 
1495.850: [GC (Allocation Failure) [PSYoungGen: 124288K->34176K(141312K)] 358887K->268799K(776192K), 0.0037463 secs] [Times: user=0.01 sys=0.00, real=0.01 secs] 
1497.141: [GC (Allocation Failure) [PSYoungGen: 124288K->3520K(148480K)] 358911K->238151K(783360K), 0.0018420 secs] [Times: user=0.01 sys=0.00, real=0.00 secs] 
1497.840: [GC (Allocation Failure) [PSYoungGen: 100288K->17792K(150016K)] 334919K->252431K(784896K), 0.0028221 secs] [Times: user=0.01 sys=0.00, real=0.00 secs] 
1498.691: [GC (Allocation Failure) [PSYoungGen: 114560K->34176K(151552K)] 349199K->268823K(786432K), 0.0049249 secs] [Times: user=0.02 sys=0.00, real=0.01 secs] 
1499.982: [GC (Allocation Failure) [PSYoungGen: 135552K->320K(100864K)] 370199K->234975K(735744K), 0.0020872 secs] [Times: user=0.01 sys=0.00, real=0.01 secs] 
1501.600: [GC (Allocation Failure) [PSYoungGen: 100672K->17792K(144896K)] 335327K->252455K(779776K), 0.0036655 secs] [Times: user=0.02 sys=0.00, real=0.01 secs] 
1502.662: [GC (Allocation Failure) [PSYoungGen: 117120K->34144K(147968K)] 351783K->268815K(782848K), 0.0050889 secs] [Times: user=0.02 sys=0.00, real=0.01 secs] 
1503.733: [GC (Allocation Failure) [PSYoungGen: 132448K->1376K(148480K)] 367119K->236055K(783360K), 0.0069777 secs] [Times: user=0.03 sys=0.00, real=0.01 secs] 
1505.423: [GC (Allocation Failure) [PSYoungGen: 98656K->17792K(114176K)] 333335K->252479K(749056K), 0.0025136 secs] [Times: user=0.02 sys=0.00, real=0.01 secs] 
1506.357: [GC (Allocation Failure) [PSYoungGen: 114048K->34144K(141824K)] 348735K->268839K(776704K), 0.0040929 secs] [Times: user=0.02 sys=0.00, real=0.00 secs] 
1507.358: [GC (Allocation Failure) [PSYoungGen: 127328K->1376K(94208K)] 362023K->236079K(729088K), 0.0022334 secs] [Times: user=0.01 sys=0.00, real=0.00 secs] 
1508.573: [GC (Allocation Failure) [PSYoungGen: 94048K->9632K(139264K)] 328751K->244343K(774144K), 0.0020359 secs] [Times: user=0.01 sys=0.00, real=0.01 secs] 
1509.160: [GC (Allocation Failure) [PSYoungGen: 89683K->17776K(141824K)] 324395K->252495K(776704K), 0.0057584 secs] [Times: user=0.03 sys=0.00, real=0.01 secs] 
1509.832: [GC (Allocation Failure) [PSYoungGen: 109936K->34144K(141824K)] 344655K->268871K(776704K), 0.0040107 secs] [Times: user=0.01 sys=0.00, real=0.01 secs] 
1511.166: [GC (Allocation Failure) [PSYoungGen: 129376K->160K(95232K)] 364103K->234895K(730112K), 0.0014472 secs] [Times: user=0.01 sys=0.00, real=0.00 secs] 
1513.057: [GC (Allocation Failure) [PSYoungGen: 94880K->17792K(137728K)] 329615K->252527K(772608K), 0.0058194 secs] [Times: user=0.03 sys=0.00, real=0.00 secs] 
1514.001: [GC (Allocation Failure) [PSYoungGen: 112000K->34176K(141312K)] 346735K->268919K(776192K), 0.0070300 secs] [Times: user=0.03 sys=0.00, real=0.01 secs] 
1514.882: [GC (Allocation Failure) [PSYoungGen: 128384K->1344K(135680K)] 363127K->236095K(770560K), 0.0024644 secs] [Times: user=0.01 sys=0.00, real=0.01 secs] 
1516.426: [GC (Allocation Failure) [PSYoungGen: 95040K->9696K(102912K)] 329791K->244455K(737792K), 0.0018914 secs] [Times: user=0.00 sys=0.00, real=0.00 secs] 
1517.476: [GC (Allocation Failure) [PSYoungGen: 102880K->34144K(137728K)] 337639K->268911K(772608K), 0.0052588 secs] [Times: user=0.03 sys=0.00, real=0.00 secs] 
1518.809: [GC (Allocation Failure) [PSYoungGen: 123744K->34144K(140800K)] 358511K->268927K(775680K), 0.0045984 secs] [Times: user=0.02 sys=0.00, real=0.00 secs] 
1520.481: [GC (Allocation Failure) [PSYoungGen: 123232K->3520K(141312K)] 358015K->238311K(776192K), 0.0017257 secs] [Times: user=0.01 sys=0.00, real=0.00 secs] 
1521.434: [GC (Allocation Failure) [PSYoungGen: 92096K->17792K(105984K)] 326887K->252591K(740864K), 0.0059361 secs] [Times: user=0.03 sys=0.00, real=0.00 secs] 
1522.508: [GC (Allocation Failure) [PSYoungGen: 105856K->34208K(135680K)] 340655K->269015K(770560K), 0.0085232 secs] [Times: user=0.04 sys=0.00, real=0.01 secs] 
1523.406: [GC (Allocation Failure) [PSYoungGen: 119712K->1376K(86528K)] 354519K->236191K(721408K), 0.0025030 secs] [Times: user=0.01 sys=0.00, real=0.00 secs] 
1524.516: [GC (Allocation Failure) [PSYoungGen: 86368K->9632K(132608K)] 321183K->244455K(767488K), 0.0022719 secs] [Times: user=0.01 sys=0.00, real=0.00 secs] 
1524.809: [GC (Allocation Failure) [PSYoungGen: 86999K->17792K(135168K)] 321823K->252623K(770048K), 0.0022683 secs] [Times: user=0.01 sys=0.00, real=0.00 secs] 
1525.094: [GC (Allocation Failure) [PSYoungGen: 102272K->34144K(135168K)] 337103K->268983K(770048K), 0.0038901 secs] [Times: user=0.02 sys=0.00, real=0.00 secs] 
1525.492: [GC (Allocation Failure) [PSYoungGen: 121696K->1376K(138240K)] 356535K->236223K(773120K), 0.0021296 secs] [Times: user=0.01 sys=0.00, real=0.01 secs] 
1526.750: [GC (Allocation Failure) [PSYoungGen: 81163K->9632K(140288K)] 316010K->244487K(775168K), 0.0020658 secs] [Times: user=0.01 sys=0.00, real=0.00 secs] 
1527.537: [GC (Allocation Failure) [PSYoungGen: 104352K->34144K(143360K)] 339207K->269007K(778240K), 0.0055830 secs] [Times: user=0.03 sys=0.00, real=0.00 secs] 
1528.321: [GC (Allocation Failure) [PSYoungGen: 128864K->1360K(154624K)] 363727K->236231K(789504K), 0.0049889 secs] [Times: user=0.01 sys=0.00, real=0.01 secs] 
1529.815: [GC (Allocation Failure) [PSYoungGen: 104272K->9600K(154624K)] 339143K->244479K(789504K), 0.0021938 secs] [Times: user=0.01 sys=0.00, real=0.00 secs] 
1530.464: [GC (Allocation Failure) [PSYoungGen: 112512K->34144K(156160K)] 347391K->269031K(791040K), 0.0060625 secs] [Times: user=0.02 sys=0.00, real=0.01 secs] 
1530.893: [GC (Allocation Failure) [PSYoungGen: 141152K->1440K(159744K)] 376039K->236335K(794624K), 0.0018754 secs] [Times: user=0.00 sys=0.00, real=0.01 secs] 
1532.113: [GC (Allocation Failure) [PSYoungGen: 108448K->9664K(142848K)] 343343K->244559K(777728K), 0.0018265 secs] [Times: user=0.01 sys=0.00, real=0.01 secs] 
1532.450: [GC (Allocation Failure) [PSYoungGen: 115648K->34144K(155136K)] 350543K->269047K(790016K), 0.0029988 secs] [Times: user=0.01 sys=0.00, real=0.00 secs] 
1532.891: [GC (Allocation Failure) [PSYoungGen: 140128K->1408K(165376K)] 375031K->236327K(800256K), 0.0016653 secs] [Times: user=0.01 sys=0.00, real=0.00 secs] 
1534.668: [GC (Allocation Failure) [PSYoungGen: 115584K->9632K(122880K)] 350503K->244559K(757760K), 0.0037603 secs] [Times: user=0.01 sys=0.00, real=0.00 secs] 
1535.765: [GC (Allocation Failure) [PSYoungGen: 122784K->34176K(159232K)] 357711K->269111K(794112K), 0.0063010 secs] [Times: user=0.03 sys=0.01, real=0.00 secs] 
1536.697: [GC (Allocation Failure) [PSYoungGen: 143744K->1376K(110080K)] 378679K->236319K(744960K), 0.0025386 secs] [Times: user=0.01 sys=0.00, real=0.00 secs] 
1538.369: [GC (Allocation Failure) [PSYoungGen: 109920K->17792K(153600K)] 344863K->252743K(788480K), 0.0032945 secs] [Times: user=0.01 sys=0.00, real=0.00 secs] 
1539.122: [GC (Allocation Failure) [PSYoungGen: 125312K->34144K(156160K)] 360263K->269103K(791040K), 0.0043514 secs] [Times: user=0.03 sys=0.00, real=0.01 secs] 
1540.096: [GC (Allocation Failure) [PSYoungGen: 140640K->1424K(156160K)] 375599K->236391K(791040K), 0.0023070 secs] [Times: user=0.01 sys=0.00, real=0.00 secs] 
1541.395: [GC (Allocation Failure) [PSYoungGen: 106896K->17808K(122368K)] 341863K->252783K(757248K), 0.0021910 secs] [Times: user=0.00 sys=0.01, real=0.00 secs] 
1541.849: [GC (Allocation Failure) [PSYoungGen: 122256K->34176K(150016K)] 357231K->269159K(784896K), 0.0031249 secs] [Times: user=0.01 sys=0.00, real=0.00 secs] 
1542.783: [GC (Allocation Failure) [PSYoungGen: 135040K->1392K(101376K)] 370023K->236383K(736256K), 0.0018993 secs] [Times: user=0.01 sys=0.00, real=0.01 secs] 
1543.916: [GC (Allocation Failure) [PSYoungGen: 95500K->9632K(144896K)] 330492K->244631K(779776K), 0.0019706 secs] [Times: user=0.00 sys=0.00, real=0.00 secs] 
1544.224: [GC (Allocation Failure) [PSYoungGen: 108448K->34144K(148480K)] 343447K->269151K(783360K), 0.0031486 secs] [Times: user=0.01 sys=0.00, real=0.00 secs] 
1544.636: [GC (Allocation Failure) [PSYoungGen: 132960K->1376K(140288K)] 367967K->236391K(775168K), 0.0017890 secs] [Times: user=0.01 sys=0.00, real=0.00 secs] 
1546.571: [GC (Allocation Failure) [PSYoungGen: 99168K->9632K(106496K)] 334183K->244663K(741376K), 0.0049076 secs] [Times: user=0.02 sys=0.00, real=0.01 secs] 
1547.520: [GC (Allocation Failure) [PSYoungGen: 91195K->17824K(139264K)] 326226K->252863K(774144K), 0.0040694 secs] [Times: user=0.01 sys=0.00, real=0.00 secs] 
1548.170: [GC (Allocation Failure) [PSYoungGen: 113568K->34144K(142336K)] 348607K->269191K(777216K), 0.0037764 secs] [Times: user=0.02 sys=0.00, real=0.00 secs] 
1549.273: [GC (Allocation Failure) [PSYoungGen: 129376K->1664K(143360K)] 364423K->236719K(778240K), 0.0017175 secs] [Times: user=0.00 sys=0.00, real=0.01 secs] 
1549.606: [GC (Allocation Failure) [PSYoungGen: 96384K->17776K(112128K)] 331439K->252839K(747008K), 0.0023398 secs] [Times: user=0.01 sys=0.00, real=0.00 secs] 
1549.994: [GC (Allocation Failure) [PSYoungGen: 111984K->34208K(138240K)] 347047K->269279K(773120K), 0.0032691 secs] [Times: user=0.02 sys=0.00, real=0.01 secs] 
1550.429: [GC (Allocation Failure) [PSYoungGen: 124832K->1408K(141824K)] 359903K->236487K(776704K), 0.0017149 secs] [Times: user=0.01 sys=0.00, real=0.00 secs] 
1551.559: [GC (Allocation Failure) [PSYoungGen: 92032K->9664K(129024K)] 327111K->244751K(763904K), 0.0022134 secs] [Times: user=0.00 sys=0.00, real=0.00 secs] 
1552.109: [GC (Allocation Failure) [PSYoungGen: 99776K->34112K(138240K)] 334863K->269207K(773120K), 0.0035847 secs] [Times: user=0.02 sys=0.01, real=0.00 secs] 
1552.933: [GC (Allocation Failure) [PSYoungGen: 123712K->34192K(139264K)] 358807K->269303K(774144K), 0.0037001 secs] [Times: user=0.01 sys=0.00, real=0.01 secs] 
1554.642: [GC (Allocation Failure) [PSYoungGen: 121232K->3488K(90112K)] 356343K->238607K(724992K), 0.0020403 secs] [Times: user=0.00 sys=0.00, real=0.01 secs] 
1556.064: [GC (Allocation Failure) [PSYoungGen: 90016K->17792K(132096K)] 325135K->252919K(766976K), 0.0027281 secs] [Times: user=0.01 sys=0.00, real=0.01 secs] 
1556.726: [GC (Allocation Failure) [PSYoungGen: 103808K->34208K(135680K)] 338935K->269343K(770560K), 0.0034413 secs] [Times: user=0.02 sys=0.00, real=0.00 secs] 
1557.643: [GC (Allocation Failure) [PSYoungGen: 119712K->1440K(136704K)] 354847K->236583K(771584K), 0.0026307 secs] [Times: user=0.01 sys=0.00, real=0.01 secs] 
1559.219: [GC (Allocation Failure) [PSYoungGen: 86432K->9600K(94208K)] 321575K->244751K(729088K), 0.0022651 secs] [Times: user=0.01 sys=0.00, real=0.00 secs] 
1559.536: [GC (Allocation Failure) [PSYoungGen: 94080K->17792K(128000K)] 329231K->252951K(762880K), 0.0031506 secs] [Times: user=0.01 sys=0.00, real=0.00 secs] 
1559.818: [GC (Allocation Failure) [PSYoungGen: 101760K->34176K(131584K)] 336919K->269343K(766464K), 0.0036594 secs] [Times: user=0.02 sys=0.00, real=0.00 secs] 
1560.168: [GC (Allocation Failure) [PSYoungGen: 118144K->1408K(140800K)] 353311K->236583K(775680K), 0.0018310 secs] [Times: user=0.01 sys=0.00, real=0.00 secs] 
1561.303: [GC (Allocation Failure) [PSYoungGen: 87010K->9600K(141824K)] 322186K->244783K(776704K), 0.0020610 secs] [Times: user=0.01 sys=0.00, real=0.01 secs] 
1561.580: [GC (Allocation Failure) [PSYoungGen: 100736K->34208K(143360K)] 335919K->269399K(778240K), 0.0040332 secs] [Times: user=0.01 sys=0.01, real=0.01 secs] 
1561.976: [GC (Allocation Failure) [PSYoungGen: 128928K->34176K(146944K)] 364119K->269375K(781824K), 0.0032081 secs] [Times: user=0.01 sys=0.00, real=0.00 secs] 
1563.003: [GC (Allocation Failure) [PSYoungGen: 128896K->5472K(154624K)] 364095K->240679K(789504K), 0.0019334 secs] [Times: user=0.01 sys=0.00, real=0.01 secs] 
1563.349: [GC (Allocation Failure) [PSYoungGen: 101947K->17792K(156672K)] 337155K->253015K(791552K), 0.0022411 secs] [Times: user=0.01 sys=0.00, real=0.00 secs] 
1563.710: [GC (Allocation Failure) [PSYoungGen: 120704K->34176K(159744K)] 355927K->269407K(794624K), 0.0041539 secs] [Times: user=0.02 sys=0.00, real=0.01 secs] 
1564.827: [GC (Allocation Failure) [PSYoungGen: 143744K->5536K(162304K)] 378975K->240767K(797184K), 0.0019006 secs] [Times: user=0.01 sys=0.00, real=0.00 secs] 
1565.197: [GC (Allocation Failure) [PSYoungGen: 107313K->17776K(163840K)] 342545K->253015K(798720K), 0.0023667 secs] [Times: user=0.01 sys=0.00, real=0.00 secs] 
1565.964: [GC (Allocation Failure) [PSYoungGen: 136560K->34112K(167424K)] 371799K->269367K(802304K), 0.0034338 secs] [Times: user=0.01 sys=0.00, real=0.00 secs] 
1567.512: [GC (Allocation Failure) [PSYoungGen: 152896K->9632K(155648K)] 388151K->244895K(790528K), 0.0024457 secs] [Times: user=0.00 sys=0.00, real=0.01 secs] 
1567.926: [GC (Allocation Failure) [PSYoungGen: 127392K->34208K(167936K)] 362655K->269479K(802816K), 0.0036276 secs] [Times: user=0.01 sys=0.00, real=0.00 secs] 
1569.125: [GC (Allocation Failure) [PSYoungGen: 151968K->1408K(179200K)] 387239K->236687K(814080K), 0.0041503 secs] [Times: user=0.01 sys=0.00, real=0.00 secs] 
1570.569: [GC (Allocation Failure) [PSYoungGen: 128384K->17872K(143360K)] 363663K->253159K(778240K), 0.0021548 secs] [Times: user=0.00 sys=0.00, real=0.00 secs] 
1571.112: [GC (Allocation Failure) [PSYoungGen: 143312K->34176K(172544K)] 378599K->269471K(807424K), 0.0038153 secs] [Times: user=0.02 sys=0.00, real=0.01 secs] 
1572.705: [GC (Allocation Failure) [PSYoungGen: 157056K->5536K(126976K)] 392351K->240839K(761856K), 0.0023848 secs] [Times: user=0.01 sys=0.01, real=0.00 secs] 
1573.353: [GC (Allocation Failure) [PSYoungGen: 126880K->34144K(171008K)] 362183K->269455K(805888K), 0.0036839 secs] [Times: user=0.01 sys=0.00, real=0.01 secs] 
1574.436: [GC (Allocation Failure) [PSYoungGen: 153440K->1424K(119808K)] 388751K->236759K(754688K), 0.0017797 secs] [Times: user=0.01 sys=0.00, real=0.00 secs] 
1576.177: [GC (Allocation Failure) [PSYoungGen: 119696K->17840K(162816K)] 355031K->253175K(797696K), 0.0023249 secs] [Times: user=0.01 sys=0.00, real=0.00 secs] 
1577.355: [GC (Allocation Failure) [PSYoungGen: 135088K->34176K(166400K)] 370423K->269519K(801280K), 0.0038814 secs] [Times: user=0.02 sys=0.00, real=0.00 secs] 
1578.557: [GC (Allocation Failure) [PSYoungGen: 150400K->1328K(166400K)] 385743K->236679K(801280K), 0.0025610 secs] [Times: user=0.01 sys=0.01, real=0.00 secs] 
1581.560: [GC (Allocation Failure) [PSYoungGen: 116528K->17824K(132096K)] 351879K->253183K(766976K), 0.0041047 secs] [Times: user=0.02 sys=0.00, real=0.01 secs] 
1582.184: [GC (Allocation Failure) [PSYoungGen: 132000K->34208K(161280K)] 367359K->269575K(796160K), 0.0037369 secs] [Times: user=0.02 sys=0.00, real=0.01 secs] 
1583.379: [GC (Allocation Failure) [PSYoungGen: 145824K->5568K(116224K)] 381191K->240943K(751104K), 0.0018789 secs] [Times: user=0.01 sys=0.00, real=0.00 secs] 
1584.138: [GC (Allocation Failure) [PSYoungGen: 110716K->17824K(153088K)] 346092K->253207K(787968K), 0.0024073 secs] [Times: user=0.01 sys=0.00, real=0.00 secs] 
1584.806: [GC (Allocation Failure) [PSYoungGen: 127392K->34208K(156672K)] 362775K->269607K(791552K), 0.0035130 secs] [Times: user=0.02 sys=0.00, real=0.00 secs] 
1586.321: [GC (Allocation Failure) [PSYoungGen: 142752K->5584K(156672K)] 378151K->240991K(791552K), 0.0022806 secs] [Times: user=0.01 sys=0.00, real=0.00 secs] 
1587.138: [GC (Allocation Failure) [PSYoungGen: 103593K->17728K(124416K)] 339001K->253151K(759296K), 0.0033713 secs] [Times: user=0.01 sys=0.01, real=0.00 secs] 
1588.199: [GC (Allocation Failure) [PSYoungGen: 124224K->34176K(151552K)] 359647K->269615K(786432K), 0.0079928 secs] [Times: user=0.04 sys=0.00, real=0.01 secs] 
1590.303: [GC (Allocation Failure) [PSYoungGen: 138112K->5504K(108544K)] 373551K->240951K(743424K), 0.0037611 secs] [Times: user=0.02 sys=0.00, real=0.01 secs] 
1591.657: [GC (Allocation Failure) [PSYoungGen: 108416K->17824K(144384K)] 343863K->253279K(779264K), 0.0046356 secs] [Times: user=0.02 sys=0.00, real=0.00 secs] 
1592.674: [GC (Allocation Failure) [PSYoungGen: 119712K->34160K(147456K)] 355167K->269623K(782336K), 0.0069194 secs] [Times: user=0.03 sys=0.00, real=0.00 secs] 
1594.910: [GC (Allocation Failure) [PSYoungGen: 135024K->3472K(148480K)] 370487K->238943K(783360K), 0.0019037 secs] [Times: user=0.01 sys=0.00, real=0.00 secs] 
1595.858: [GC (Allocation Failure) [PSYoungGen: 103312K->17792K(116736K)] 338783K->253279K(751616K), 0.0027737 secs] [Times: user=0.01 sys=0.00, real=0.00 secs] 
1596.456: [GC (Allocation Failure) [PSYoungGen: 116608K->34208K(142336K)] 352095K->269703K(777216K), 0.0036700 secs] [Times: user=0.02 sys=0.00, real=0.00 secs] 
1597.326: [GC (Allocation Failure) [PSYoungGen: 129952K->1408K(96768K)] 365447K->236911K(731648K), 0.0018308 secs] [Times: user=0.01 sys=0.00, real=0.00 secs] 
1598.414: [GC (Allocation Failure) [PSYoungGen: 96640K->17824K(137728K)] 332143K->253343K(772608K), 0.0020159 secs] [Times: user=0.01 sys=0.00, real=0.00 secs] 
1598.824: [GC (Allocation Failure) [PSYoungGen: 112544K->34176K(140800K)] 348063K->269703K(775680K), 0.0035106 secs] [Times: user=0.02 sys=0.00, real=0.00 secs] 
1599.259: [GC (Allocation Failure) [PSYoungGen: 128384K->1376K(143360K)] 363911K->236911K(778240K), 0.0018469 secs] [Times: user=0.01 sys=0.00, real=0.00 secs] 
1602.443: [GC (Allocation Failure) [PSYoungGen: 95072K->9632K(102912K)] 330607K->245183K(737792K), 0.0044945 secs] [Times: user=0.02 sys=0.00, real=0.01 secs] 
1603.355: [GC (Allocation Failure) [PSYoungGen: 102816K->34144K(138240K)] 338367K->269703K(773120K), 0.0059085 secs] [Times: user=0.03 sys=0.00, real=0.00 secs] 
1604.279: [GC (Allocation Failure) [PSYoungGen: 124256K->34208K(141312K)] 359815K->269775K(776192K), 0.0088791 secs] [Times: user=0.05 sys=0.00, real=0.01 secs] 
1605.984: [GC (Allocation Failure) [PSYoungGen: 124320K->3424K(134144K)] 359887K->238999K(769024K), 0.0021596 secs] [Times: user=0.01 sys=0.00, real=0.01 secs] 
1606.650: [GC (Allocation Failure) [PSYoungGen: 93024K->17840K(107008K)] 328599K->253423K(741888K), 0.0022695 secs] [Times: user=0.01 sys=0.00, real=0.00 secs] 
1607.335: [GC (Allocation Failure) [PSYoungGen: 106928K->34144K(136704K)] 342511K->269735K(771584K), 0.0057238 secs] [Times: user=0.03 sys=0.01, real=0.00 secs] 
1608.268: [GC (Allocation Failure) [PSYoungGen: 120672K->1408K(87552K)] 356263K->237007K(722432K), 0.0023500 secs] [Times: user=0.01 sys=0.00, real=0.00 secs] 
1609.708: [GC (Allocation Failure) [PSYoungGen: 87424K->9600K(133632K)] 323023K->245207K(768512K), 0.0022786 secs] [Times: user=0.01 sys=0.01, real=0.00 secs] 
1610.009: [GC (Allocation Failure) [PSYoungGen: 84462K->17728K(102912K)] 320070K->253343K(737792K), 0.0025780 secs] [Times: user=0.01 sys=0.00, real=0.00 secs] 
1610.296: [GC (Allocation Failure) [PSYoungGen: 102720K->34160K(129536K)] 338335K->269783K(764416K), 0.0034633 secs] [Times: user=0.02 sys=0.00, real=0.00 secs] 
1610.638: [GC (Allocation Failure) [PSYoungGen: 116080K->1408K(132608K)] 351703K->237039K(767488K), 0.0018310 secs] [Times: user=0.01 sys=0.00, real=0.00 secs] 
1611.919: [GC (Allocation Failure) [PSYoungGen: 83328K->9664K(134656K)] 318959K->245303K(769536K), 0.0024675 secs] [Times: user=0.01 sys=0.01, real=0.00 secs] 
1612.871: [GC (Allocation Failure) [PSYoungGen: 98240K->34208K(137216K)] 333879K->269855K(772096K), 0.0072780 secs] [Times: user=0.04 sys=0.00, real=0.01 secs] 
1613.732: [GC (Allocation Failure) [PSYoungGen: 122784K->34192K(146432K)] 358431K->269847K(781312K), 0.0048233 secs] [Times: user=0.02 sys=0.00, real=0.01 secs] 
1615.515: [GC (Allocation Failure) [PSYoungGen: 128365K->3424K(97280K)] 364021K->239087K(732160K), 0.0017027 secs] [Times: user=0.01 sys=0.00, real=0.00 secs] 
1616.218: [GC (Allocation Failure) [PSYoungGen: 97120K->17760K(139264K)] 332783K->253447K(774144K), 0.0043925 secs] [Times: user=0.01 sys=0.00, real=0.00 secs] 
1616.551: [GC (Allocation Failure) [PSYoungGen: 110944K->34176K(143360K)] 346631K->269871K(778240K), 0.0068817 secs] [Times: user=0.03 sys=0.01, real=0.01 secs] 
1616.988: [GC (Allocation Failure) [PSYoungGen: 127360K->1376K(154112K)] 363055K->237071K(788992K), 0.0018731 secs] [Times: user=0.01 sys=0.00, real=0.00 secs] 
1618.077: [GC (Allocation Failure) [PSYoungGen: 103776K->17856K(155136K)] 339471K->253575K(790016K), 0.0023239 secs] [Times: user=0.01 sys=0.00, real=0.00 secs] 
1618.523: [GC (Allocation Failure) [PSYoungGen: 120256K->34176K(158720K)] 355975K->269903K(793600K), 0.0047685 secs] [Times: user=0.02 sys=0.00, real=0.01 secs] 
1619.066: [GC (Allocation Failure) [PSYoungGen: 143232K->1408K(161280K)] 378959K->237143K(796160K), 0.0019143 secs] [Times: user=0.00 sys=0.00, real=0.00 secs] 
1620.138: [GC (Allocation Failure) [PSYoungGen: 110464K->17824K(161792K)] 346199K->253567K(796672K), 0.0022693 secs] [Times: user=0.01 sys=0.00, real=0.00 secs] 
1620.558: [GC (Allocation Failure) [PSYoungGen: 135584K->34208K(166400K)] 371327K->269959K(801280K), 0.0031756 secs] [Times: user=0.01 sys=0.00, real=0.00 secs] 
1622.022: [GC (Allocation Failure) [PSYoungGen: 151968K->3456K(156672K)] 387719K->239215K(791552K), 0.0022260 secs] [Times: user=0.01 sys=0.00, real=0.01 secs] 
1623.194: [GC (Allocation Failure) [PSYoungGen: 118128K->17792K(133632K)] 353888K->253559K(768512K), 0.0032539 secs] [Times: user=0.01 sys=0.00, real=0.00 secs] 
1624.186: [GC (Allocation Failure) [PSYoungGen: 133504K->34160K(160768K)] 369271K->269935K(795648K), 0.0048995 secs] [Times: user=0.02 sys=0.00, real=0.00 secs] 
1625.746: [GC (Allocation Failure) [PSYoungGen: 146800K->9664K(121344K)] 382575K->245463K(756224K), 0.0020364 secs] [Times: user=0.01 sys=0.00, real=0.00 secs] 
1626.108: [GC (Allocation Failure) [PSYoungGen: 121280K->34144K(158720K)] 357079K->269951K(793600K), 0.0032894 secs] [Times: user=0.01 sys=0.00, real=0.00 secs] 
1626.562: [GC (Allocation Failure) [PSYoungGen: 143200K->1408K(109568K)] 379007K->237215K(744448K), 0.0017555 secs] [Times: user=0.00 sys=0.00, real=0.00 secs] 
1628.035: [GC (Allocation Failure) [PSYoungGen: 109440K->9664K(154112K)] 345247K->245479K(788992K), 0.0019611 secs] [Times: user=0.01 sys=0.00, real=0.00 secs] 
1628.490: [GC (Allocation Failure) [PSYoungGen: 116672K->34144K(156160K)] 352487K->269967K(791040K), 0.0032106 secs] [Times: user=0.02 sys=0.00, real=0.00 secs] 
1628.992: [GC (Allocation Failure) [PSYoungGen: 140128K->1440K(156160K)] 375951K->237271K(791040K), 0.0017830 secs] [Times: user=0.01 sys=0.00, real=0.01 secs] 
1630.888: [GC (Allocation Failure) [PSYoungGen: 106400K->9632K(113664K)] 342231K->245471K(748544K), 0.0020379 secs] [Times: user=0.01 sys=0.00, real=0.00 secs] 
1631.611: [GC (Allocation Failure) [PSYoungGen: 113568K->34176K(151552K)] 349407K->270023K(786432K), 0.0037644 secs] [Times: user=0.02 sys=0.00, real=0.01 secs] 
1632.928: [GC (Allocation Failure) [PSYoungGen: 135040K->1408K(101376K)] 370887K->237263K(736256K), 0.0017612 secs] [Times: user=0.00 sys=0.00, real=0.00 secs] 
1634.331: [GC (Allocation Failure) [PSYoungGen: 101248K->9664K(145920K)] 337103K->245527K(780800K), 0.0020589 secs] [Times: user=0.01 sys=0.00, real=0.00 secs] 
1634.662: [GC (Allocation Failure) [PSYoungGen: 108480K->34208K(148480K)] 344343K->270079K(783360K), 0.0032300 secs] [Times: user=0.01 sys=0.00, real=0.01 secs] 
1635.118: [GC (Allocation Failure) [PSYoungGen: 132000K->34176K(148992K)] 367871K->270055K(783872K), 0.0033016 secs] [Times: user=0.02 sys=0.00, real=0.00 secs] 
1636.332: [GC (Allocation Failure) [PSYoungGen: 129408K->5568K(100352K)] 365287K->241463K(735232K), 0.0019989 secs] [Times: user=0.01 sys=0.00, real=0.01 secs] 
1636.768: [GC (Allocation Failure) [PSYoungGen: 100288K->17824K(141824K)] 336183K->253727K(776704K), 0.0028547 secs] [Times: user=0.01 sys=0.00, real=0.00 secs] 
1637.437: [GC (Allocation Failure) [PSYoungGen: 112032K->34176K(145408K)] 347935K->270087K(780288K), 0.0034446 secs] [Times: user=0.02 sys=0.00, real=0.00 secs] 
1638.261: [GC (Allocation Failure) [PSYoungGen: 127872K->1408K(145920K)] 363783K->237335K(780800K), 0.0017274 secs] [Times: user=0.00 sys=0.00, real=0.00 secs] 
1639.311: [GC (Allocation Failure) [PSYoungGen: 94592K->17792K(110592K)] 330519K->253727K(745472K), 0.0022756 secs] [Times: user=0.01 sys=0.00, real=0.01 secs] 
1639.691: [GC (Allocation Failure) [PSYoungGen: 110464K->34208K(139776K)] 346399K->270151K(774656K), 0.0032987 secs] [Times: user=0.02 sys=0.00, real=0.01 secs] 
1640.360: [GC (Allocation Failure) [PSYoungGen: 123808K->1408K(90624K)] 359751K->237359K(725504K), 0.0017587 secs] [Times: user=0.00 sys=0.00, real=0.00 secs] 
1641.496: [GC (Allocation Failure) [PSYoungGen: 90496K->9664K(136704K)] 326447K->245623K(771584K), 0.0021001 secs] [Times: user=0.01 sys=0.00, real=0.00 secs] 
1641.861: [GC (Allocation Failure) [PSYoungGen: 92227K->17792K(105984K)] 328186K->253759K(740864K), 0.0023406 secs] [Times: user=0.01 sys=0.00, real=0.00 secs] 
1642.489: [GC (Allocation Failure) [PSYoungGen: 105856K->34144K(132096K)] 341823K->270119K(766976K), 0.0047116 secs] [Times: user=0.02 sys=0.00, real=0.01 secs] 
1643.180: [GC (Allocation Failure) [PSYoungGen: 118624K->1376K(85504K)] 354599K->237359K(720384K), 0.0024681 secs] [Times: user=0.01 sys=0.00, real=0.00 secs] 
1644.600: [GC (Allocation Failure) [PSYoungGen: 81731K->9568K(129536K)] 317714K->245559K(764416K), 0.0019201 secs] [Times: user=0.01 sys=0.00, real=0.00 secs] 
1644.981: [GC (Allocation Failure) [PSYoungGen: 93024K->34192K(131584K)] 329015K->270191K(766464K), 0.0033359 secs] [Times: user=0.02 sys=0.00, real=0.01 secs] 
1645.357: [GC (Allocation Failure) [PSYoungGen: 117136K->34176K(132608K)] 353135K->270191K(767488K), 0.0045526 secs] [Times: user=0.03 sys=0.00, real=0.00 secs] 
1645.978: [GC (Allocation Failure) [PSYoungGen: 114560K->1408K(135168K)] 350575K->237423K(770048K), 0.0029396 secs] [Times: user=0.01 sys=0.00, real=0.00 secs] 
1647.275: [GC (Allocation Failure) [PSYoungGen: 81792K->17792K(119296K)] 317807K->253815K(754176K), 0.0022332 secs] [Times: user=0.01 sys=0.00, real=0.00 secs] 
1647.828: [GC (Allocation Failure) [PSYoungGen: 97664K->34208K(130560K)] 333687K->270239K(765440K), 0.0076066 secs] [Times: user=0.04 sys=0.00, real=0.01 secs] 
1648.534: [GC (Allocation Failure) [PSYoungGen: 114080K->34176K(138240K)] 350111K->270215K(773120K), 0.0054858 secs] [Times: user=0.03 sys=0.00, real=0.00 secs] 
1650.653: [GC (Allocation Failure) [PSYoungGen: 119168K->1920K(140800K)] 355207K->237967K(775680K), 0.0018026 secs] [Times: user=0.01 sys=0.00, real=0.01 secs] 
1652.236: [GC (Allocation Failure) [PSYoungGen: 86912K->17792K(124928K)] 322959K->253847K(759808K), 0.0033267 secs] [Times: user=0.02 sys=0.00, real=0.00 secs] 
1652.824: [GC (Allocation Failure) [PSYoungGen: 102272K->34160K(136192K)] 338327K->270223K(771072K), 0.0047398 secs] [Times: user=0.03 sys=0.00, real=0.01 secs] 
1653.744: [GC (Allocation Failure) [PSYoungGen: 118640K->1472K(130560K)] 354703K->237543K(765440K), 0.0022444 secs] [Times: user=0.01 sys=0.01, real=0.00 secs] 
1655.123: [GC (Allocation Failure) [PSYoungGen: 85440K->5536K(89088K)] 321511K->241623K(723968K), 0.0020612 secs] [Times: user=0.01 sys=0.00, real=0.01 secs] 
1655.557: [GC (Allocation Failure) [PSYoungGen: 88992K->17792K(129024K)] 325079K->253887K(763904K), 0.0025776 secs] [Times: user=0.01 sys=0.00, real=0.00 secs] 
1655.879: [GC (Allocation Failure) [PSYoungGen: 100736K->34176K(132608K)] 336831K->270279K(767488K), 0.0034441 secs] [Times: user=0.01 sys=0.00, real=0.00 secs] 
1656.239: [GC (Allocation Failure) [PSYoungGen: 117120K->1392K(141824K)] 353223K->237503K(776704K), 0.0019021 secs] [Times: user=0.00 sys=0.00, real=0.00 secs] 
1657.648: [GC (Allocation Failure) [PSYoungGen: 91504K->9632K(99328K)] 327615K->245751K(734208K), 0.0034654 secs] [Times: user=0.01 sys=0.00, real=0.00 secs] 
1658.520: [GC (Allocation Failure) [PSYoungGen: 99232K->34176K(136704K)] 335351K->270303K(771584K), 0.0043947 secs] [Times: user=0.02 sys=0.00, real=0.01 secs] 
1659.592: [GC (Allocation Failure) [PSYoungGen: 120704K->34208K(139264K)] 356831K->270335K(774144K), 0.0063068 secs] [Times: user=0.03 sys=0.00, real=0.01 secs] 
1661.069: [GC (Allocation Failure) [PSYoungGen: 120224K->1696K(139776K)] 356351K->237831K(774656K), 0.0017243 secs] [Times: user=0.01 sys=0.00, real=0.00 secs] 
1662.032: [GC (Allocation Failure) [PSYoungGen: 87200K->17792K(102912K)] 323335K->253935K(737792K), 0.0040756 secs] [Times: user=0.02 sys=0.00, real=0.01 secs] 
1662.786: [GC (Allocation Failure) [PSYoungGen: 102784K->34176K(134144K)] 338927K->270327K(769024K), 0.0061906 secs] [Times: user=0.03 sys=0.00, real=0.00 secs] 
1663.798: [GC (Allocation Failure) [PSYoungGen: 116608K->1408K(83456K)] 352759K->237559K(718336K), 0.0030807 secs] [Times: user=0.01 sys=0.00, real=0.00 secs] 
1665.217: [GC (Allocation Failure) [PSYoungGen: 83328K->5504K(131584K)] 319479K->241663K(766464K), 0.0018267 secs] [Times: user=0.01 sys=0.00, real=0.00 secs] 
1665.874: [GC (Allocation Failure) [PSYoungGen: 86912K->17792K(98816K)] 323071K->253975K(733696K), 0.0030397 secs] [Times: user=0.01 sys=0.00, real=0.01 secs] 
1666.397: [GC (Allocation Failure) [PSYoungGen: 98688K->34176K(126464K)] 334871K->270367K(761344K), 0.0047877 secs] [Times: user=0.02 sys=0.00, real=0.00 secs] 
1667.098: [GC (Allocation Failure) [PSYoungGen: 111488K->1344K(78336K)] 347679K->237543K(713216K), 0.0034594 secs] [Times: user=0.01 sys=0.00, real=0.00 secs] 
1668.651: [GC (Allocation Failure) [PSYoungGen: 78144K->5568K(123904K)] 314343K->241775K(758784K), 0.0027704 secs] [Times: user=0.01 sys=0.00, real=0.01 secs] 
1669.790: [GC (Allocation Failure) [PSYoungGen: 81856K->17792K(93696K)] 318063K->254007K(728576K), 0.0056635 secs] [Times: user=0.02 sys=0.00, real=0.01 secs] 
1670.555: [GC (Allocation Failure) [PSYoungGen: 93568K->34144K(119808K)] 329783K->270367K(754688K), 0.0072978 secs] [Times: user=0.04 sys=0.01, real=0.00 secs] 
1671.504: [GC (Allocation Failure) [PSYoungGen: 106336K->34144K(123392K)] 342559K->270375K(758272K), 0.0080488 secs] [Times: user=0.03 sys=0.00, real=0.01 secs] 
1673.180: [GC (Allocation Failure) [PSYoungGen: 106336K->2448K(117760K)] 342567K->238687K(752640K), 0.0017765 secs] [Times: user=0.00 sys=0.00, real=0.00 secs] 
1674.380: [GC (Allocation Failure) [PSYoungGen: 74128K->17792K(89088K)] 310367K->254047K(723968K), 0.0031423 secs] [Times: user=0.02 sys=0.00, real=0.00 secs] 
1675.265: [GC (Allocation Failure) [PSYoungGen: 88960K->34176K(118784K)] 325215K->270431K(753664K), 0.0051260 secs] [Times: user=0.03 sys=0.00, real=0.00 secs] 
1676.022: [GC (Allocation Failure) [PSYoungGen: 102784K->34208K(121344K)] 339039K->270479K(756224K), 0.0054515 secs] [Times: user=0.02 sys=0.00, real=0.01 secs] 
1676.526: [GC (Allocation Failure) [PSYoungGen: 102816K->1408K(116224K)] 339087K->237695K(751104K), 0.0026097 secs] [Times: user=0.01 sys=0.00, real=0.00 secs] 
1677.785: [GC (Allocation Failure) [PSYoungGen: 69504K->9664K(77312K)] 305791K->245959K(712192K), 0.0021334 secs] [Times: user=0.01 sys=0.00, real=0.00 secs] 
1678.150: [GC (Allocation Failure) [PSYoungGen: 77248K->17824K(113152K)] 313543K->254127K(748032K), 0.0022724 secs] [Times: user=0.01 sys=0.00, real=0.00 secs] 
1678.365: [GC (Allocation Failure) [PSYoungGen: 84896K->34176K(116736K)] 321199K->270487K(751616K), 0.0056941 secs] [Times: user=0.03 sys=0.00, real=0.00 secs] 
1678.678: [GC (Allocation Failure) [PSYoungGen: 101248K->34208K(124416K)] 337559K->270527K(759296K), 0.0035409 secs] [Times: user=0.02 sys=0.00, real=0.00 secs] 
1679.922: [GC (Allocation Failure) [PSYoungGen: 106400K->1424K(126976K)] 342719K->237751K(761856K), 0.0014642 secs] [Times: user=0.01 sys=0.00, real=0.00 secs] 
1680.734: [GC (Allocation Failure) [PSYoungGen: 73616K->17792K(126464K)] 309943K->254127K(761344K), 0.0045003 secs] [Times: user=0.02 sys=0.00, real=0.00 secs] 
1681.415: [GC (Allocation Failure) [PSYoungGen: 97152K->34192K(130560K)] 333487K->270527K(765440K), 0.0062228 secs] [Times: user=0.03 sys=0.00, real=0.00 secs] 
1681.911: [GC (Allocation Failure) [PSYoungGen: 113552K->34176K(139264K)] 349887K->270519K(774144K), 0.0043191 secs] [Times: user=0.02 sys=0.01, real=0.01 secs] 
1682.881: [GC (Allocation Failure) [PSYoungGen: 119680K->1696K(140800K)] 356023K->238055K(775680K), 0.0016922 secs] [Times: user=0.01 sys=0.00, real=0.00 secs] 
1683.169: [GC (Allocation Failure) [PSYoungGen: 87200K->17824K(142848K)] 323559K->254183K(777728K), 0.0023043 secs] [Times: user=0.01 sys=0.00, real=0.00 secs] 
1683.489: [GC (Allocation Failure) [PSYoungGen: 111520K->34176K(145920K)] 347879K->270543K(780800K), 0.0032040 secs] [Times: user=0.02 sys=0.00, real=0.00 secs] 
1683.879: [GC (Allocation Failure) [PSYoungGen: 127872K->1408K(156160K)] 364239K->237783K(791040K), 0.0016271 secs] [Times: user=0.01 sys=0.00, real=0.00 secs] 
1686.252: [GC (Allocation Failure) [PSYoungGen: 103132K->9568K(156672K)] 339508K->245951K(791552K), 0.0029599 secs] [Times: user=0.01 sys=0.00, real=0.01 secs] 
1687.237: [GC (Allocation Failure) [PSYoungGen: 111968K->34208K(160768K)] 348351K->270591K(795648K), 0.0143453 secs] [Times: user=0.07 sys=0.02, real=0.01 secs] 
1688.496: [GC (Allocation Failure) [PSYoungGen: 142240K->1408K(163328K)] 378623K->237799K(798208K), 0.0034534 secs] [Times: user=0.01 sys=0.00, real=0.00 secs] 
1690.855: [GC (Allocation Failure) [PSYoungGen: 106897K->9600K(146944K)] 343289K->245999K(781824K), 0.0022849 secs] [Times: user=0.01 sys=0.00, real=0.00 secs] 
1692.193: [GC (Allocation Failure) [PSYoungGen: 116608K->34208K(159744K)] 353007K->270615K(794624K), 0.0087992 secs] [Times: user=0.04 sys=0.00, real=0.01 secs] 
1692.883: [GC (Allocation Failure) [PSYoungGen: 141216K->1408K(150528K)] 377623K->237823K(785408K), 0.0018919 secs] [Times: user=0.01 sys=0.00, real=0.01 secs] 
1694.669: [GC (Allocation Failure) [PSYoungGen: 103126K->9664K(114688K)] 339542K->246079K(749568K), 0.0045137 secs] [Times: user=0.01 sys=0.00, real=0.01 secs] 
1695.729: [GC (Allocation Failure) [PSYoungGen: 114624K->34208K(154112K)] 351039K->270631K(788992K), 0.0073256 secs] [Times: user=0.04 sys=0.00, real=0.01 secs] 
1696.355: [GC (Allocation Failure) [PSYoungGen: 136096K->1424K(102400K)] 372519K->237855K(737280K), 0.0019905 secs] [Times: user=0.01 sys=0.00, real=0.00 secs] 
1697.398: [GC (Allocation Failure) [PSYoungGen: 102288K->9664K(147968K)] 338719K->246111K(782848K), 0.0019859 secs] [Times: user=0.00 sys=0.00, real=0.00 secs] 
1697.896: [GC (Allocation Failure) [PSYoungGen: 109504K->34208K(150528K)] 345951K->270655K(785408K), 0.0031430 secs] [Times: user=0.02 sys=0.00, real=0.00 secs] 
1698.610: [GC (Allocation Failure) [PSYoungGen: 133024K->1360K(150528K)] 369471K->237815K(785408K), 0.0017271 secs] [Times: user=0.00 sys=0.00, real=0.00 secs] 
1700.117: [GC (Allocation Failure) [PSYoungGen: 99152K->9664K(106496K)] 335607K->246127K(741376K), 0.0020602 secs] [Times: user=0.01 sys=0.00, real=0.00 secs] 
1701.149: [GC (Allocation Failure) [PSYoungGen: 97123K->17760K(140800K)] 333586K->254231K(775680K), 0.0060374 secs] [Times: user=0.03 sys=0.00, real=0.01 secs] 
1702.085: [GC (Allocation Failure) [PSYoungGen: 113504K->34176K(143872K)] 349975K->270655K(778752K), 0.0055048 secs] [Times: user=0.03 sys=0.00, real=0.00 secs] 
1703.789: [GC (Allocation Failure) [PSYoungGen: 129408K->1536K(145408K)] 365887K->238023K(780288K), 0.0018342 secs] [Times: user=0.01 sys=0.00, real=0.00 secs] 
1704.761: [GC (Allocation Failure) [PSYoungGen: 96256K->17792K(112128K)] 332743K->254287K(747008K), 0.0054950 secs] [Times: user=0.02 sys=0.00, real=0.01 secs] 
1705.496: [GC (Allocation Failure) [PSYoungGen: 112000K->34176K(139264K)] 348495K->270687K(774144K), 0.0062353 secs] [Times: user=0.03 sys=0.00, real=0.00 secs] 
1706.347: [GC (Allocation Failure) [PSYoungGen: 124800K->1408K(91648K)] 361311K->237943K(726528K), 0.0030278 secs] [Times: user=0.01 sys=0.01, real=0.00 secs] 
1708.480: [GC (Allocation Failure) [PSYoungGen: 91520K->9664K(135680K)] 328055K->246223K(770560K), 0.0033769 secs] [Times: user=0.01 sys=0.00, real=0.00 secs] 
1708.763: [GC (Allocation Failure) [PSYoungGen: 99264K->34144K(138752K)] 335823K->270711K(773632K), 0.0032802 secs] [Times: user=0.01 sys=0.00, real=0.01 secs] 
1709.136: [GC (Allocation Failure) [PSYoungGen: 123744K->34208K(147456K)] 360311K->270783K(782336K), 0.0031619 secs] [Times: user=0.01 sys=0.01, real=0.00 secs] 
1710.757: [GC (Allocation Failure) [PSYoungGen: 128090K->3456K(97792K)] 364666K->240039K(732672K), 0.0037709 secs] [Times: user=0.02 sys=0.00, real=0.00 secs] 
1712.447: [GC (Allocation Failure) [PSYoungGen: 97664K->17824K(140288K)] 334247K->254415K(775168K), 0.0058374 secs] [Times: user=0.02 sys=0.00, real=0.00 secs] 
1713.707: [GC (Allocation Failure) [PSYoungGen: 111520K->34208K(143872K)] 348111K->270807K(778752K), 0.0074467 secs] [Times: user=0.03 sys=0.00, real=0.01 secs] 
1714.586: [GC (Allocation Failure) [PSYoungGen: 127392K->1408K(144896K)] 363991K->238015K(779776K), 0.0024759 secs] [Times: user=0.01 sys=0.00, real=0.00 secs] 
1715.945: [GC (Allocation Failure) [PSYoungGen: 94080K->17856K(110080K)] 330687K->254471K(744960K), 0.0025068 secs] [Times: user=0.01 sys=0.00, real=0.00 secs] 
1716.763: [GC (Allocation Failure) [PSYoungGen: 110016K->34176K(139776K)] 346631K->270799K(774656K), 0.0044841 secs] [Times: user=0.02 sys=0.00, real=0.01 secs] 
1717.728: [GC (Allocation Failure) [PSYoungGen: 123776K->1344K(90624K)] 360399K->237975K(725504K), 0.0022636 secs] [Times: user=0.00 sys=0.00, real=0.00 secs] 
1719.267: [GC (Allocation Failure) [PSYoungGen: 90432K->5536K(137728K)] 327063K->242183K(772608K), 0.0016644 secs] [Times: user=0.01 sys=0.00, real=0.00 secs] 
1719.583: [GC (Allocation Failure) [PSYoungGen: 94112K->17792K(105984K)] 330759K->254447K(740864K), 0.0020343 secs] [Times: user=0.01 sys=0.00, real=0.01 secs] 
1719.880: [GC (Allocation Failure) [PSYoungGen: 105856K->34160K(132608K)] 342511K->270823K(767488K), 0.0031130 secs] [Times: user=0.02 sys=0.01, real=0.00 secs] 
1720.232: [GC (Allocation Failure) [PSYoungGen: 118640K->1392K(85504K)] 355303K->238063K(720384K), 0.0016877 secs] [Times: user=0.01 sys=0.00, real=0.01 secs] 
1722.611: [GC (Allocation Failure) [PSYoungGen: 85360K->9632K(129024K)] 322031K->246311K(763904K), 0.0050627 secs] [Times: user=0.02 sys=0.00, real=0.01 secs] 
1723.263: [GC (Allocation Failure) [PSYoungGen: 93088K->34176K(131584K)] 329767K->270863K(766464K), 0.0047674 secs] [Times: user=0.02 sys=0.00, real=0.01 secs] 
1723.738: [GC (Allocation Failure) [PSYoungGen: 117120K->34208K(132096K)] 353807K->270903K(766976K), 0.0034916 secs] [Times: user=0.02 sys=0.00, real=0.00 secs] 
1724.110: [GC (Allocation Failure) [PSYoungGen: 114080K->1344K(80896K)] 350775K->238039K(715776K), 0.0017449 secs] [Times: user=0.00 sys=0.00, real=0.00 secs] 
1725.363: [GC (Allocation Failure) [PSYoungGen: 80704K->17824K(125952K)] 317399K->254535K(760832K), 0.0020525 secs] [Times: user=0.01 sys=0.00, real=0.01 secs] 
1726.008: [GC (Allocation Failure) [PSYoungGen: 96672K->34160K(129536K)] 333383K->270887K(764416K), 0.0040742 secs] [Times: user=0.02 sys=0.00, real=0.00 secs] 
1726.666: [GC (Allocation Failure) [PSYoungGen: 112496K->34208K(130048K)] 349223K->270943K(764928K), 0.0041104 secs] [Times: user=0.02 sys=0.00, real=0.00 secs] 
1727.466: [GC (Allocation Failure) [PSYoungGen: 110496K->1408K(77312K)] 347231K->238151K(712192K), 0.0029911 secs] [Times: user=0.02 sys=0.00, real=0.00 secs] 
1728.810: [GC (Allocation Failure) [PSYoungGen: 72921K->9568K(126464K)] 309665K->246319K(761344K), 0.0020586 secs] [Times: user=0.01 sys=0.00, real=0.00 secs] 
1729.274: [GC (Allocation Failure) [PSYoungGen: 73023K->17760K(92672K)] 309774K->254519K(727552K), 0.0045439 secs] [Times: user=0.01 sys=0.01, real=0.00 secs] 
1729.515: [GC (Allocation Failure) [PSYoungGen: 92512K->34144K(122368K)] 329271K->270911K(757248K), 0.0033204 secs] [Times: user=0.02 sys=0.00, real=0.00 secs] 
1729.816: [GC (Allocation Failure) [PSYoungGen: 106336K->1440K(124928K)] 343103K->238215K(759808K), 0.0018596 secs] [Times: user=0.00 sys=0.00, real=0.00 secs] 
1731.595: [GC (Allocation Failure) [PSYoungGen: 73632K->5536K(126976K)] 310407K->242319K(761856K), 0.0044665 secs] [Times: user=0.02 sys=0.00, real=0.00 secs] 
1732.394: [GC (Allocation Failure) [PSYoungGen: 83872K->17792K(129536K)] 320655K->254583K(764416K), 0.0050785 secs] [Times: user=0.02 sys=0.00, real=0.01 secs] 
1733.327: [GC (Allocation Failure) [PSYoungGen: 96128K->34176K(129536K)] 332919K->270975K(764416K), 0.0077369 secs] [Times: user=0.03 sys=0.00, real=0.01 secs] 
1734.325: [GC (Allocation Failure) [PSYoungGen: 115584K->1376K(133120K)] 352383K->238191K(768000K), 0.0032195 secs] [Times: user=0.01 sys=0.00, real=0.00 secs] 
1735.781: [GC (Allocation Failure) [PSYoungGen: 79846K->5536K(121856K)] 316661K->242359K(756736K), 0.0018075 secs] [Times: user=0.01 sys=0.00, real=0.00 secs] 
1736.066: [GC (Allocation Failure) [PSYoungGen: 86432K->17792K(98304K)] 323255K->254615K(733184K), 0.0022935 secs] [Times: user=0.00 sys=0.00, real=0.00 secs] 
1736.509: [GC (Allocation Failure) [PSYoungGen: 98176K->34208K(123904K)] 334999K->271039K(758784K), 0.0036134 secs] [Times: user=0.02 sys=0.00, real=0.00 secs] 
1737.143: [GC (Allocation Failure) [PSYoungGen: 111008K->1408K(77824K)] 347839K->238247K(712704K), 0.0018365 secs] [Times: user=0.01 sys=0.00, real=0.01 secs] 
1738.275: [GC (Allocation Failure) [PSYoungGen: 77696K->5536K(122368K)] 314535K->242383K(757248K), 0.0020821 secs] [Times: user=0.01 sys=0.00, real=0.00 secs] 
1738.538: [GC (Allocation Failure) [PSYoungGen: 81312K->17840K(93184K)] 318159K->254687K(728064K), 0.0024002 secs] [Times: user=0.01 sys=0.00, real=0.00 secs] 
1738.815: [GC (Allocation Failure) [PSYoungGen: 93104K->34176K(118272K)] 329951K->271031K(753152K), 0.0029893 secs] [Times: user=0.02 sys=0.00, real=0.00 secs] 
1739.352: [GC (Allocation Failure) [PSYoungGen: 105856K->1360K(121856K)] 342711K->238223K(756736K), 0.0026750 secs] [Times: user=0.01 sys=0.00, real=0.01 secs] 
1740.659: [GC (Allocation Failure) [PSYoungGen: 73040K->3488K(111104K)] 309903K->240359K(745984K), 0.0017763 secs] [Times: user=0.01 sys=0.00, real=0.00 secs] 
1741.209: [GC (Allocation Failure) [PSYoungGen: 74656K->17792K(119296K)] 311527K->254671K(754176K), 0.0040487 secs] [Times: user=0.02 sys=0.00, real=0.00 secs] 
1741.768: [GC (Allocation Failure) [PSYoungGen: 88960K->34144K(119296K)] 325839K->271031K(754176K), 0.0054635 secs] [Times: user=0.02 sys=0.00, real=0.00 secs] 
1742.409: [GC (Allocation Failure) [PSYoungGen: 107360K->34176K(123392K)] 344247K->271079K(758272K), 0.0043304 secs] [Times: user=0.02 sys=0.00, real=0.00 secs] 
1743.009: [GC (Allocation Failure) [PSYoungGen: 107392K->1376K(132096K)] 344295K->238287K(766976K), 0.0026899 secs] [Times: user=0.01 sys=0.01, real=0.00 secs] 
1744.956: [GC (Allocation Failure) [PSYoungGen: 78338K->9600K(89088K)] 315250K->246519K(723968K), 0.0025258 secs] [Times: user=0.01 sys=0.00, real=0.00 secs] 
1745.467: [GC (Allocation Failure) [PSYoungGen: 72920K->17808K(122880K)] 309840K->254735K(757760K), 0.0032333 secs] [Times: user=0.02 sys=0.00, real=0.00 secs] 
1745.926: [GC (Allocation Failure) [PSYoungGen: 96656K->34176K(126464K)] 333583K->271111K(761344K), 0.0039596 secs] [Times: user=0.02 sys=0.00, real=0.00 secs] 
1746.640: [GC (Allocation Failure) [PSYoungGen: 113024K->1360K(121344K)] 349959K->238303K(756224K), 0.0024994 secs] [Times: user=0.01 sys=0.00, real=0.00 secs] 
1748.804: [GC (Allocation Failure) [PSYoungGen: 79696K->9600K(87552K)] 316639K->246551K(722432K), 0.0038529 secs] [Times: user=0.02 sys=0.00, real=0.00 secs] 
1749.185: [GC (Allocation Failure) [PSYoungGen: 87424K->17760K(120320K)] 324375K->254719K(755200K), 0.0025010 secs] [Times: user=0.01 sys=0.00, real=0.00 secs] 
1749.439: [GC (Allocation Failure) [PSYoungGen: 95072K->34208K(123392K)] 332031K->271183K(758272K), 0.0034968 secs] [Times: user=0.02 sys=0.00, real=0.00 secs] 
1749.761: [GC (Allocation Failure) [PSYoungGen: 111520K->1408K(134656K)] 348495K->238391K(769536K), 0.0061177 secs] [Times: user=0.02 sys=0.00, real=0.01 secs] 
1751.395: [GC (Allocation Failure) [PSYoungGen: 86400K->9632K(134656K)] 323383K->246623K(769536K), 0.0024732 secs] [Times: user=0.01 sys=0.00, real=0.00 secs] 
1752.207: [GC (Allocation Failure) [PSYoungGen: 85764K->17792K(135680K)] 322756K->254783K(770560K), 0.0032892 secs] [Times: user=0.01 sys=0.00, real=0.00 secs] 
1752.948: [GC (Allocation Failure) [PSYoungGen: 110976K->34208K(138240K)] 347967K->271199K(773120K), 0.0040900 secs] [Times: user=0.01 sys=0.00, real=0.00 secs] 
1753.749: [GC (Allocation Failure) [PSYoungGen: 126890K->320K(148480K)] 363882K->237319K(783360K), 0.0024212 secs] [Times: user=0.01 sys=0.00, real=0.00 secs] 
1756.132: [GC (Allocation Failure) [PSYoungGen: 101184K->17856K(117760K)] 338183K->254871K(752640K), 0.0059250 secs] [Times: user=0.03 sys=0.00, real=0.01 secs] 
1756.945: [GC (Allocation Failure) [PSYoungGen: 117696K->34144K(142336K)] 354711K->271159K(777216K), 0.0064128 secs] [Times: user=0.03 sys=0.01, real=0.00 secs] 
1757.933: [GC (Allocation Failure) [PSYoungGen: 130400K->1376K(96768K)] 367415K->238399K(731648K), 0.0028525 secs] [Times: user=0.01 sys=0.01, real=0.01 secs] 
1759.473: [GC (Allocation Failure) [PSYoungGen: 96608K->17856K(137728K)] 333631K->254887K(772608K), 0.0044861 secs] [Times: user=0.01 sys=0.00, real=0.01 secs] 
1760.254: [GC (Allocation Failure) [PSYoungGen: 112576K->34176K(140800K)] 349607K->271215K(775680K), 0.0057680 secs] [Times: user=0.03 sys=0.00, real=0.00 secs] 
1761.046: [GC (Allocation Failure) [PSYoungGen: 128384K->1376K(143360K)] 365423K->238423K(778240K), 0.0024067 secs] [Times: user=0.01 sys=0.00, real=0.00 secs] 
1762.236: [GC (Allocation Failure) [PSYoungGen: 95072K->9632K(102912K)] 332119K->246687K(737792K), 0.0018855 secs] [Times: user=0.00 sys=0.00, real=0.00 secs] 
1762.563: [GC (Allocation Failure) [PSYoungGen: 92293K->17760K(135168K)] 329349K->254823K(770048K), 0.0025140 secs] [Times: user=0.01 sys=0.00, real=0.01 secs] 
1762.982: [GC (Allocation Failure) [PSYoungGen: 110432K->34208K(137728K)] 347495K->271279K(772608K), 0.0033103 secs] [Times: user=0.01 sys=0.00, real=0.01 secs] 
1764.017: [GC (Allocation Failure) [PSYoungGen: 126368K->1376K(140288K)] 363439K->238455K(775168K), 0.0025252 secs] [Times: user=0.01 sys=0.00, real=0.00 secs] 
1765.120: [GC (Allocation Failure) [PSYoungGen: 93024K->17824K(109056K)] 330103K->254911K(743936K), 0.0023732 secs] [Times: user=0.01 sys=0.00, real=0.00 secs] 
1765.446: [GC (Allocation Failure) [PSYoungGen: 108960K->34144K(133120K)] 346047K->271247K(768000K), 0.0033987 secs] [Times: user=0.02 sys=0.00, real=0.00 secs] 
1765.809: [GC (Allocation Failure) [PSYoungGen: 121184K->1376K(88064K)] 358287K->238487K(722944K), 0.0018763 secs] [Times: user=0.01 sys=0.00, real=0.00 secs] 
1766.860: [GC (Allocation Failure) [PSYoungGen: 87904K->9632K(131072K)] 325015K->246751K(765952K), 0.0019958 secs] [Times: user=0.00 sys=0.00, real=0.00 secs] 
1767.403: [GC (Allocation Failure) [PSYoungGen: 95648K->17824K(103424K)] 332767K->254951K(738304K), 0.0026347 secs] [Times: user=0.01 sys=0.00, real=0.01 secs] 
1767.964: [GC (Allocation Failure) [PSYoungGen: 103328K->34208K(126464K)] 340455K->271343K(761344K), 0.0040476 secs] [Times: user=0.02 sys=0.00, real=0.00 secs] 
1768.989: [GC (Allocation Failure) [PSYoungGen: 115616K->1376K(82432K)] 352751K->238519K(717312K), 0.0031871 secs] [Times: user=0.02 sys=0.00, real=0.00 secs] 
1770.194: [GC (Allocation Failure) [PSYoungGen: 82272K->9632K(124416K)] 319415K->246783K(759296K), 0.0020985 secs] [Times: user=0.01 sys=0.00, real=0.00 secs] 
1770.439: [GC (Allocation Failure) [PSYoungGen: 77282K->17792K(97792K)] 314434K->254951K(732672K), 0.0024056 secs] [Times: user=0.01 sys=0.00, real=0.00 secs] 
1770.730: [GC (Allocation Failure) [PSYoungGen: 97664K->34176K(120832K)] 334823K->271343K(755712K), 0.0032633 secs] [Times: user=0.01 sys=0.01, real=0.00 secs] 
1771.048: [GC (Allocation Failure) [PSYoungGen: 110464K->1392K(124416K)] 347631K->238567K(759296K), 0.0022104 secs] [Times: user=0.01 sys=0.00, real=0.00 secs] 
1772.106: [GC (Allocation Failure) [PSYoungGen: 77680K->9664K(112128K)] 314855K->246855K(747008K), 0.0021322 secs] [Times: user=0.00 sys=0.00, real=0.00 secs] 
1772.473: [GC (Allocation Failure) [PSYoungGen: 85440K->17824K(121856K)] 322631K->255023K(756736K), 0.0025531 secs] [Times: user=0.01 sys=0.00, real=0.01 secs] 
1772.955: [GC (Allocation Failure) [PSYoungGen: 93600K->34176K(122368K)] 330799K->271383K(757248K), 0.0037579 secs] [Times: user=0.02 sys=0.00, real=0.00 secs] 
1773.644: [GC (Allocation Failure) [PSYoungGen: 112512K->1408K(79360K)] 349719K->238623K(714240K), 0.0018831 secs] [Times: user=0.01 sys=0.00, real=0.00 secs] 
1775.743: [GC (Allocation Failure) [PSYoungGen: 79232K->9664K(120320K)] 316447K->246887K(755200K), 0.0032451 secs] [Times: user=0.01 sys=0.00, real=0.01 secs] 
1776.701: [GC (Allocation Failure) [PSYoungGen: 86976K->17792K(94720K)] 324199K->255023K(729600K), 0.0044492 secs] [Times: user=0.02 sys=0.01, real=0.01 secs] 
1777.230: [GC (Allocation Failure) [PSYoungGen: 94592K->34208K(116224K)] 331823K->271447K(751104K), 0.0062229 secs] [Times: user=0.03 sys=0.00, real=0.01 secs] 
1777.823: [GC (Allocation Failure) [PSYoungGen: 106912K->1376K(120320K)] 344151K->238623K(755200K), 0.0029941 secs] [Times: user=0.01 sys=0.00, real=0.01 secs] 
1779.090: [GC (Allocation Failure) [PSYoungGen: 74080K->5520K(110592K)] 311327K->242775K(745472K), 0.0017736 secs] [Times: user=0.01 sys=0.00, real=0.00 secs] 
1779.784: [GC (Allocation Failure) [PSYoungGen: 77712K->17856K(89600K)] 314967K->255119K(724480K), 0.0026565 secs] [Times: user=0.01 sys=0.00, real=0.01 secs] 
1780.586: [GC (Allocation Failure) [PSYoungGen: 89536K->34208K(111616K)] 326799K->271479K(746496K), 0.0039406 secs] [Times: user=0.02 sys=0.00, real=0.00 secs] 
1781.552: [GC (Allocation Failure) [PSYoungGen: 101792K->34176K(115200K)] 339063K->271455K(750080K), 0.0036125 secs] [Times: user=0.02 sys=0.00, real=0.01 secs] 
1782.240: [GC (Allocation Failure) [PSYoungGen: 101248K->1408K(116736K)] 338527K->238695K(751616K), 0.0019233 secs] [Times: user=0.01 sys=0.00, real=0.00 secs] 
1783.305: [GC (Allocation Failure) [PSYoungGen: 67968K->9680K(75776K)] 305255K->246975K(710656K), 0.0019951 secs] [Times: user=0.01 sys=0.00, real=0.00 secs] 
1783.704: [GC (Allocation Failure) [PSYoungGen: 75728K->17792K(108032K)] 313023K->255095K(742912K), 0.0024567 secs] [Times: user=0.01 sys=0.00, real=0.01 secs] 
1784.135: [GC (Allocation Failure) [PSYoungGen: 83328K->34208K(111104K)] 320631K->271535K(745984K), 0.0033691 secs] [Times: user=0.02 sys=0.00, real=0.00 secs] 
1784.800: [GC (Allocation Failure) [PSYoungGen: 99232K->34144K(112640K)] 336559K->271479K(747520K), 0.0038257 secs] [Times: user=0.01 sys=0.00, real=0.00 secs] 
1785.449: [GC (Allocation Failure) [PSYoungGen: 96608K->1440K(115200K)] 333943K->238783K(750080K), 0.0020985 secs] [Times: user=0.00 sys=0.00, real=0.00 secs] 
1786.386: [GC (Allocation Failure) [PSYoungGen: 63904K->9632K(111104K)] 301247K->246983K(745984K), 0.0020343 secs] [Times: user=0.01 sys=0.00, real=0.00 secs] 
1786.612: [GC (Allocation Failure) [PSYoungGen: 72096K->17792K(80384K)] 309447K->255151K(715264K), 0.0023277 secs] [Times: user=0.01 sys=0.01, real=0.01 secs] 
1786.804: [GC (Allocation Failure) [PSYoungGen: 80256K->34208K(107008K)] 317615K->271575K(741888K), 0.0031491 secs] [Times: user=0.02 sys=0.00, real=0.00 secs] 
1787.123: [GC (Allocation Failure) [PSYoungGen: 93600K->34176K(110080K)] 330967K->271551K(744960K), 0.0033569 secs] [Times: user=0.02 sys=0.00, real=0.01 secs] 
1787.532: [GC (Allocation Failure) [PSYoungGen: 93568K->1408K(118272K)] 330943K->238791K(753152K), 0.0019978 secs] [Times: user=0.01 sys=0.00, real=0.01 secs] 
1788.552: [GC (Allocation Failure) [PSYoungGen: 66944K->9664K(118784K)] 304327K->247055K(753664K), 0.0020001 secs] [Times: user=0.00 sys=0.00, real=0.01 secs] 
1788.790: [GC (Allocation Failure) [PSYoungGen: 75200K->17792K(117760K)] 312591K->255191K(752640K), 0.0026239 secs] [Times: user=0.01 sys=0.00, real=0.00 secs] 
1789.279: [GC (Allocation Failure) [PSYoungGen: 89984K->34208K(120320K)] 327383K->271615K(755200K), 0.0040342 secs] [Times: user=0.02 sys=0.00, real=0.00 secs] 
1790.211: [GC (Allocation Failure) [PSYoungGen: 106400K->1376K(129536K)] 343807K->238799K(764416K), 0.0027333 secs] [Times: user=0.01 sys=0.01, real=0.00 secs] 
1792.767: [GC (Allocation Failure) [PSYoungGen: 80224K->5536K(83968K)] 317647K->242967K(718848K), 0.0042648 secs] [Times: user=0.02 sys=0.00, real=0.00 secs] 
1793.570: [GC (Allocation Failure) [PSYoungGen: 83872K->17824K(121856K)] 321303K->255263K(756736K), 0.0032286 secs] [Times: user=0.02 sys=0.00, real=0.00 secs] 
1793.893: [GC (Allocation Failure) [PSYoungGen: 95648K->34176K(124928K)] 333087K->271623K(759808K), 0.0033710 secs] [Times: user=0.02 sys=0.00, real=0.01 secs] 
1794.618: [GC (Allocation Failure) [PSYoungGen: 112000K->1376K(119296K)] 349447K->238831K(754176K), 0.0027380 secs] [Times: user=0.01 sys=0.00, real=0.00 secs] 
1796.431: [GC (Allocation Failure) [PSYoungGen: 78688K->5536K(82432K)] 316143K->242991K(717312K), 0.0037972 secs] [Times: user=0.02 sys=0.00, real=0.01 secs] 
1797.134: [GC (Allocation Failure) [PSYoungGen: 82336K->17792K(119296K)] 319791K->255255K(754176K), 0.0034768 secs] [Times: user=0.02 sys=0.00, real=0.00 secs] 
1797.393: [GC (Allocation Failure) [PSYoungGen: 94080K->34208K(122368K)] 331543K->271679K(757248K), 0.0035641 secs] [Times: user=0.02 sys=0.00, real=0.01 secs] 
1797.711: [GC (Allocation Failure) [PSYoungGen: 110496K->1440K(132608K)] 347967K->238919K(767488K), 0.0019444 secs] [Times: user=0.01 sys=0.00, real=0.00 secs] 
1799.767: [GC (Allocation Failure) [PSYoungGen: 84896K->5536K(88576K)] 322375K->243023K(723456K), 0.0031214 secs] [Times: user=0.01 sys=0.00, real=0.00 secs] 
1802.214: [GC (Allocation Failure) [PSYoungGen: 88480K->17792K(124928K)] 325967K->255279K(759808K), 0.0038687 secs] [Times: user=0.01 sys=0.00, real=0.00 secs] 
1802.602: [GC (Allocation Failure) [PSYoungGen: 100224K->34144K(128000K)] 337711K->271639K(762880K), 0.0038107 secs] [Times: user=0.02 sys=0.00, real=0.01 secs] 
1802.946: [GC (Allocation Failure) [PSYoungGen: 116576K->1392K(138240K)] 354071K->238903K(773120K), 0.0020129 secs] [Times: user=0.01 sys=0.00, real=0.00 secs] 
1803.954: [GC (Allocation Failure) [PSYoungGen: 90992K->9664K(98816K)] 328503K->247183K(733696K), 0.0016324 secs] [Times: user=0.01 sys=0.00, real=0.00 secs] 
1804.246: [GC (Allocation Failure) [PSYoungGen: 87324K->17760K(130048K)] 324844K->255287K(764928K), 0.0019873 secs] [Times: user=0.01 sys=0.00, real=0.00 secs] 
1804.546: [GC (Allocation Failure) [PSYoungGen: 106336K->34176K(133120K)] 343863K->271711K(768000K), 0.0027835 secs] [Times: user=0.01 sys=0.00, real=0.00 secs] 
1804.988: [GC (Allocation Failure) [PSYoungGen: 122752K->1376K(127488K)] 360287K->238927K(762368K), 0.0016832 secs] [Times: user=0.00 sys=0.00, real=0.00 secs] 
1806.261: [GC (Allocation Failure) [PSYoungGen: 89440K->17824K(105472K)] 326991K->255383K(740352K), 0.0024352 secs] [Times: user=0.01 sys=0.00, real=0.01 secs] 
1806.774: [GC (Allocation Failure) [PSYoungGen: 105376K->34208K(130048K)] 342935K->271775K(764928K), 0.0042170 secs] [Times: user=0.02 sys=0.00, real=0.00 secs] 
1807.512: [GC (Allocation Failure) [PSYoungGen: 118176K->34208K(133120K)] 355743K->271783K(768000K), 0.0035725 secs] [Times: user=0.01 sys=0.00, real=0.01 secs] 
1809.038: [GC (Allocation Failure) [PSYoungGen: 117664K->3488K(134144K)] 355239K->241071K(769024K), 0.0018799 secs] [Times: user=0.01 sys=0.00, real=0.00 secs] 
1809.331: [GC (Allocation Failure) [PSYoungGen: 86432K->17760K(100352K)] 324015K->255351K(735232K), 0.0023434 secs] [Times: user=0.01 sys=0.00, real=0.01 secs] 
1809.656: [GC (Allocation Failure) [PSYoungGen: 100192K->34208K(128000K)] 337783K->271807K(762880K), 0.0033308 secs] [Times: user=0.02 sys=0.00, real=0.00 secs] 
1810.049: [GC (Allocation Failure) [PSYoungGen: 113568K->1360K(131072K)] 351167K->238967K(765952K), 0.0020084 secs] [Times: user=0.01 sys=0.00, real=0.00 secs] 
1811.094: [GC (Allocation Failure) [PSYoungGen: 80720K->5536K(120320K)] 318327K->243151K(755200K), 0.0019002 secs] [Times: user=0.01 sys=0.00, real=0.00 secs] 
1811.386: [GC (Allocation Failure) [PSYoungGen: 84384K->17824K(96256K)] 321999K->255463K(731136K), 0.0022079 secs] [Times: user=0.01 sys=0.00, real=0.00 secs] 
1811.644: [GC (Allocation Failure) [PSYoungGen: 96160K->34176K(122880K)] 333799K->271823K(757760K), 0.0031361 secs] [Times: user=0.02 sys=0.00, real=0.00 secs] 
1811.987: [GC (Allocation Failure) [PSYoungGen: 109440K->1392K(125952K)] 347087K->239047K(760832K), 0.0017704 secs] [Times: user=0.01 sys=0.00, real=0.00 secs] 
1812.934: [GC (Allocation Failure) [PSYoungGen: 76656K->5504K(114688K)] 314311K->243167K(749568K), 0.0018747 secs] [Times: user=0.00 sys=0.00, real=0.00 secs] 
1813.230: [GC (Allocation Failure) [PSYoungGen: 80256K->17760K(123904K)] 317919K->255431K(758784K), 0.0022559 secs] [Times: user=0.01 sys=0.01, real=0.00 secs] 
1813.472: [GC (Allocation Failure) [PSYoungGen: 92512K->34208K(124416K)] 330183K->271887K(759296K), 0.0033674 secs] [Times: user=0.02 sys=0.00, real=0.01 secs] 
1813.810: [GC (Allocation Failure) [PSYoungGen: 112032K->34208K(128000K)] 349711K->271895K(762880K), 0.0032634 secs] [Times: user=0.01 sys=0.00, real=0.01 secs] 
1814.800: [GC (Allocation Failure) [PSYoungGen: 112032K->3520K(136192K)] 349719K->241223K(771072K), 0.0017312 secs] [Times: user=0.01 sys=0.00, real=0.00 secs] 
1815.094: [GC (Allocation Failure) [PSYoungGen: 88512K->17792K(137728K)] 326215K->255503K(772608K), 0.0020731 secs] [Times: user=0.01 sys=0.00, real=0.01 secs] 
1815.383: [GC (Allocation Failure) [PSYoungGen: 102784K->34160K(139264K)] 340495K->271879K(774144K), 0.0059294 secs] [Times: user=0.03 sys=0.00, real=0.01 secs] 
1815.822: [GC (Allocation Failure) [PSYoungGen: 124272K->1408K(142336K)] 361991K->239135K(777216K), 0.0018553 secs] [Times: user=0.01 sys=0.00, real=0.01 secs] 
1817.868: [GC (Allocation Failure) [PSYoungGen: 91520K->9664K(145408K)] 329247K->247399K(780288K), 0.0030266 secs] [Times: user=0.01 sys=0.00, real=0.00 secs] 
1818.290: [GC (Allocation Failure) [PSYoungGen: 108480K->34176K(148480K)] 346215K->271911K(783360K), 0.0032659 secs] [Times: user=0.02 sys=0.00, real=0.00 secs] 
1819.149: [GC (Allocation Failure) [PSYoungGen: 132992K->34208K(159232K)] 370727K->271951K(794112K), 0.0091356 secs] [Times: user=0.03 sys=0.02, real=0.01 secs] 
1820.449: [GC (Allocation Failure) [PSYoungGen: 140192K->9664K(161280K)] 377935K->247415K(796160K), 0.0019851 secs] [Times: user=0.01 sys=0.00, real=0.00 secs] 
1820.787: [GC (Allocation Failure) [PSYoungGen: 115648K->34208K(167424K)] 353399K->271983K(802304K), 0.0061073 secs] [Times: user=0.03 sys=0.00, real=0.00 secs] 
1821.678: [GC (Allocation Failure) [PSYoungGen: 147872K->1440K(169472K)] 385647K->239223K(804352K), 0.0022522 secs] [Times: user=0.01 sys=0.00, real=0.00 secs] 
1824.068: [GC (Allocation Failure) [PSYoungGen: 115104K->9600K(172544K)] 352887K->247391K(807424K), 0.0045359 secs] [Times: user=0.02 sys=0.00, real=0.00 secs] 
1825.191: [GC (Allocation Failure) [PSYoungGen: 132992K->34208K(176640K)] 370783K->272007K(811520K), 0.0057007 secs] [Times: user=0.03 sys=0.00, real=0.01 secs] 
1826.488: [GC (Allocation Failure) [PSYoungGen: 157600K->1360K(164352K)] 395399K->239167K(799232K), 0.0023106 secs] [Times: user=0.00 sys=0.00, real=0.00 secs] 
1828.130: [GC (Allocation Failure) [PSYoungGen: 123216K->17824K(138240K)] 361023K->255639K(773120K), 0.0025310 secs] [Times: user=0.01 sys=0.00, real=0.00 secs] 
1828.944: [GC (Allocation Failure) [PSYoungGen: 138144K->34176K(169472K)] 375959K->271991K(804352K), 0.0046389 secs] [Times: user=0.02 sys=0.00, real=0.01 secs] 
1831.103: [GC (Allocation Failure) [PSYoungGen: 150337K->5504K(122368K)] 388153K->243327K(757248K), 0.0022468 secs] [Times: user=0.01 sys=0.00, real=0.01 secs] 
1831.941: [GC (Allocation Failure) [PSYoungGen: 122240K->34208K(167424K)] 360063K->272039K(802304K), 0.0042961 secs] [Times: user=0.02 sys=0.00, real=0.01 secs] 
1832.962: [GC (Allocation Failure) [PSYoungGen: 148384K->1376K(114688K)] 386215K->239215K(749568K), 0.0019051 secs] [Times: user=0.01 sys=0.00, real=0.00 secs] 
1834.335: [GC (Allocation Failure) [PSYoungGen: 114528K->9600K(161280K)] 352367K->247447K(796160K), 0.0019973 secs] [Times: user=0.00 sys=0.00, real=0.00 secs] 
1835.067: [GC (Allocation Failure) [PSYoungGen: 121728K->34176K(163840K)] 359575K->272039K(798720K), 0.0038543 secs] [Times: user=0.02 sys=0.00, real=0.00 secs] 
1836.108: [GC (Allocation Failure) [PSYoungGen: 145280K->1408K(162816K)] 383143K->239279K(797696K), 0.0018663 secs] [Times: user=0.01 sys=0.00, real=0.00 secs] 
1837.861: [GC (Allocation Failure) [PSYoungGen: 111488K->17808K(126976K)] 349359K->255687K(761856K), 0.0055309 secs] [Times: user=0.02 sys=0.00, real=0.01 secs] 
1839.174: [GC (Allocation Failure) [PSYoungGen: 126864K->34176K(158208K)] 364743K->272063K(793088K), 0.0044863 secs] [Times: user=0.02 sys=0.00, real=0.00 secs] 
1839.997: [GC (Allocation Failure) [PSYoungGen: 140672K->1408K(107008K)] 378559K->239303K(741888K), 0.0019137 secs] [Times: user=0.01 sys=0.00, real=0.00 secs] 
1841.410: [GC (Allocation Failure) [PSYoungGen: 106880K->17824K(151040K)] 344775K->255727K(785920K), 0.0026909 secs] [Times: user=0.01 sys=0.00, real=0.00 secs] 
1842.380: [GC (Allocation Failure) [PSYoungGen: 122272K->34176K(154112K)] 360175K->272087K(788992K), 0.0060994 secs] [Times: user=0.03 sys=0.00, real=0.01 secs] 
1843.474: [GC (Allocation Failure) [PSYoungGen: 137600K->1408K(154112K)] 375511K->239327K(788992K), 0.0039060 secs] [Times: user=0.02 sys=0.00, real=0.00 secs] 
1844.739: [GC (Allocation Failure) [PSYoungGen: 103808K->17824K(119296K)] 341727K->255751K(754176K), 0.0031030 secs] [Times: user=0.01 sys=0.00, real=0.00 secs] 
1845.135: [GC (Allocation Failure) [PSYoungGen: 119200K->34144K(147968K)] 357127K->272079K(782848K), 0.0032769 secs] [Times: user=0.02 sys=0.00, real=0.00 secs] 
1845.546: [GC (Allocation Failure) [PSYoungGen: 132448K->1408K(98816K)] 370383K->239351K(733696K), 0.0018435 secs] [Times: user=0.01 sys=0.00, real=0.00 secs] 
1847.902: [GC (Allocation Failure) [PSYoungGen: 94229K->9632K(143360K)] 332173K->247583K(778240K), 0.0038660 secs] [Times: user=0.01 sys=0.01, real=0.01 secs] 
1848.484: [GC (Allocation Failure) [PSYoungGen: 105888K->34176K(145408K)] 343839K->272143K(780288K), 0.0051774 secs] [Times: user=0.03 sys=0.00, real=0.00 secs] 
1848.947: [GC (Allocation Failure) [PSYoungGen: 129408K->1424K(146432K)] 367375K->239399K(781312K), 0.0017485 secs] [Times: user=0.01 sys=0.00, real=0.00 secs] 
1850.220: [GC (Allocation Failure) [PSYoungGen: 93306K->5536K(99840K)] 331282K->243519K(734720K), 0.0018051 secs] [Times: user=0.01 sys=0.00, real=0.00 secs] 
1850.793: [GC (Allocation Failure) [PSYoungGen: 99744K->17760K(138240K)] 337727K->255751K(773120K), 0.0028403 secs] [Times: user=0.01 sys=0.00, real=0.01 secs] 
1851.230: [GC (Allocation Failure) [PSYoungGen: 111456K->34208K(141312K)] 349447K->272207K(776192K), 0.0036242 secs] [Times: user=0.02 sys=0.00, real=0.01 secs] 
1852.300: [GC (Allocation Failure) [PSYoungGen: 126978K->320K(143360K)] 364978K->238335K(778240K), 0.0037698 secs] [Times: user=0.01 sys=0.00, real=0.01 secs] 
1854.034: [GC (Allocation Failure) [PSYoungGen: 92992K->17824K(110080K)] 331007K->255847K(744960K), 0.0031553 secs] [Times: user=0.02 sys=0.00, real=0.00 secs] 
1854.649: [GC (Allocation Failure) [PSYoungGen: 109984K->34176K(137216K)] 348007K->272207K(772096K), 0.0040143 secs] [Times: user=0.02 sys=0.00, real=0.00 secs] 
1855.649: [GC (Allocation Failure) [PSYoungGen: 122752K->1376K(89600K)] 360783K->239439K(724480K), 0.0026524 secs] [Times: user=0.01 sys=0.00, real=0.00 secs] 
1858.006: [GC (Allocation Failure) [PSYoungGen: 89440K->9600K(133632K)] 327503K->247671K(768512K), 0.0044285 secs] [Times: user=0.01 sys=0.00, real=0.00 secs] 
1859.263: [GC (Allocation Failure) [PSYoungGen: 92925K->17760K(104960K)] 330997K->255839K(739840K), 0.0060319 secs] [Times: user=0.02 sys=0.00, real=0.01 secs] 
1859.939: [GC (Allocation Failure) [PSYoungGen: 104800K->34176K(130048K)] 342879K->272263K(764928K), 0.0047544 secs] [Times: user=0.02 sys=0.00, real=0.01 secs] 
1860.799: [GC (Allocation Failure) [PSYoungGen: 117632K->1376K(84480K)] 355719K->239471K(719360K), 0.0026028 secs] [Times: user=0.01 sys=0.00, real=0.00 secs] 
1862.126: [GC (Allocation Failure) [PSYoungGen: 83222K->9648K(127488K)] 321317K->247751K(762368K), 0.0027448 secs] [Times: user=0.01 sys=0.00, real=0.00 secs] 
1862.498: [GC (Allocation Failure) [PSYoungGen: 92080K->34144K(130048K)] 330183K->272255K(764928K), 0.0062154 secs] [Times: user=0.03 sys=0.00, real=0.01 secs] 
1863.113: [GC (Allocation Failure) [PSYoungGen: 116576K->34144K(138240K)] 354687K->272263K(773120K), 0.0059410 secs] [Times: user=0.03 sys=0.00, real=0.01 secs] 
1864.484: [GC (Allocation Failure) [PSYoungGen: 121183K->1440K(88064K)] 359303K->239567K(722944K), 0.0015797 secs] [Times: user=0.00 sys=0.00, real=0.00 secs] 
1865.711: [GC (Allocation Failure) [PSYoungGen: 87968K->17792K(132096K)] 326095K->255927K(766976K), 0.0059404 secs] [Times: user=0.03 sys=0.01, real=0.01 secs] 
1866.921: [GC (Allocation Failure) [PSYoungGen: 103808K->34144K(136192K)] 341943K->272287K(771072K), 0.0085524 secs] [Times: user=0.04 sys=0.00, real=0.01 secs] 
1868.203: [GC (Allocation Failure) [PSYoungGen: 120160K->1408K(129536K)] 358303K->239559K(764416K), 0.0043692 secs] [Times: user=0.02 sys=0.00, real=0.01 secs] 
1869.602: [GC (Allocation Failure) [PSYoungGen: 86912K->5568K(90624K)] 325063K->243735K(725504K), 0.0018963 secs] [Times: user=0.01 sys=0.00, real=0.01 secs] 
1869.924: [GC (Allocation Failure) [PSYoungGen: 90560K->17824K(130048K)] 328727K->255999K(764928K), 0.0022670 secs] [Times: user=0.01 sys=0.00, real=0.00 secs] 
1870.215: [GC (Allocation Failure) [PSYoungGen: 102304K->34240K(133120K)] 340479K->272423K(768000K), 0.0030552 secs] [Times: user=0.02 sys=0.00, real=0.00 secs] 
1870.609: [GC (Allocation Failure) [PSYoungGen: 118720K->1376K(126464K)] 356903K->239567K(761344K), 0.0017918 secs] [Times: user=0.01 sys=0.00, real=0.00 secs] 
1872.694: [GC (Allocation Failure) [PSYoungGen: 85344K->9632K(93184K)] 323535K->247831K(728064K), 0.0042498 secs] [Times: user=0.01 sys=0.00, real=0.01 secs] 
1873.737: [GC (Allocation Failure) [PSYoungGen: 82874K->17776K(126464K)] 321074K->255983K(761344K), 0.0031530 secs] [Times: user=0.02 sys=0.00, real=0.00 secs] 
1874.085: [GC (Allocation Failure) [PSYoungGen: 100720K->34192K(129024K)] 338927K->272407K(763904K), 0.0035991 secs] [Times: user=0.02 sys=0.00, real=0.00 secs] 
1874.429: [GC (Allocation Failure) [PSYoungGen: 116624K->1392K(130560K)] 354839K->239615K(765440K), 0.0017758 secs] [Times: user=0.01 sys=0.00, real=0.00 secs] 
1876.632: [GC (Allocation Failure) [PSYoungGen: 83312K->9664K(91136K)] 321535K->247895K(726016K), 0.0043812 secs] [Times: user=0.01 sys=0.00, real=0.01 secs] 
1877.636: [GC (Allocation Failure) [PSYoungGen: 77941K->17792K(122880K)] 316173K->256031K(757760K), 0.0060620 secs] [Times: user=0.03 sys=0.00, real=0.00 secs] 
1878.231: [GC (Allocation Failure) [PSYoungGen: 98688K->34208K(125952K)] 336927K->272447K(760832K), 0.0073243 secs] [Times: user=0.04 sys=0.00, real=0.01 secs] 
1879.018: [GC (Allocation Failure) [PSYoungGen: 115104K->1424K(120320K)] 353343K->239671K(755200K), 0.0028902 secs] [Times: user=0.01 sys=0.00, real=0.00 secs] 
1880.725: [GC (Allocation Failure) [PSYoungGen: 81808K->9632K(89600K)] 320055K->247887K(724480K), 0.0033507 secs] [Times: user=0.02 sys=0.00, real=0.00 secs] 
1881.231: [GC (Allocation Failure) [PSYoungGen: 83123K->17760K(121344K)] 321379K->256023K(756224K), 0.0045551 secs] [Times: user=0.02 sys=0.00, real=0.01 secs] 
1881.745: [GC (Allocation Failure) [PSYoungGen: 97120K->34144K(123904K)] 335383K->272415K(758784K), 0.0049280 secs] [Times: user=0.02 sys=0.01, real=0.00 secs] 
1882.263: [GC (Allocation Failure) [PSYoungGen: 113504K->1408K(118784K)] 351775K->239687K(753664K), 0.0019508 secs] [Times: user=0.01 sys=0.00, real=0.01 secs] 
1883.515: [GC (Allocation Failure) [PSYoungGen: 80256K->9632K(88064K)] 318535K->247927K(722944K), 0.0022334 secs] [Times: user=0.01 sys=0.00, real=0.00 secs] 
1884.046: [GC (Allocation Failure) [PSYoungGen: 86556K->17760K(119296K)] 324852K->256063K(754176K), 0.0024120 secs] [Times: user=0.01 sys=0.00, real=0.00 secs] 
1884.645: [GC (Allocation Failure) [PSYoungGen: 95584K->34208K(121344K)] 333887K->272519K(756224K), 0.0038306 secs] [Times: user=0.02 sys=0.00, real=0.00 secs] 
1885.701: [GC (Allocation Failure) [PSYoungGen: 111520K->1376K(123392K)] 349831K->239703K(758272K), 0.0031784 secs] [Times: user=0.01 sys=0.00, real=0.01 secs] 
1887.735: [GC (Allocation Failure) [PSYoungGen: 78176K->9632K(86016K)] 316503K->247967K(720896K), 0.0020558 secs] [Times: user=0.01 sys=0.00, real=0.00 secs] 
1888.018: [GC (Allocation Failure) [PSYoungGen: 85920K->17744K(116736K)] 324255K->256087K(751616K), 0.0025897 secs] [Times: user=0.01 sys=0.00, real=0.00 secs] 
1888.265: [GC (Allocation Failure) [PSYoungGen: 93520K->34144K(119296K)] 331863K->272495K(754176K), 0.0032873 secs] [Times: user=0.02 sys=0.00, real=0.00 secs] 
1888.581: [GC (Allocation Failure) [PSYoungGen: 109920K->1376K(129536K)] 348271K->239735K(764416K), 0.0018003 secs] [Times: user=0.01 sys=0.00, real=0.00 secs] 
1890.317: [GC (Allocation Failure) [PSYoungGen: 84320K->9600K(92160K)] 322679K->247967K(727040K), 0.0021750 secs] [Times: user=0.01 sys=0.00, real=0.00 secs] 
1891.107: [GC (Allocation Failure) [PSYoungGen: 92032K->17760K(122368K)] 330399K->256135K(757248K), 0.0029666 secs] [Times: user=0.01 sys=0.00, real=0.00 secs] 
1891.688: [GC (Allocation Failure) [PSYoungGen: 99680K->34176K(124416K)] 338055K->272559K(759296K), 0.0036068 secs] [Times: user=0.02 sys=0.00, real=0.00 secs] 
1892.035: [GC (Allocation Failure) [PSYoungGen: 115584K->1344K(126976K)] 353967K->239735K(761856K), 0.0016339 secs] [Times: user=0.01 sys=0.00, real=0.00 secs] 
1893.110: [GC (Allocation Failure) [PSYoungGen: 82240K->9632K(90112K)] 320631K->248031K(724992K), 0.0020503 secs] [Times: user=0.01 sys=0.00, real=0.00 secs] 
1893.547: [GC (Allocation Failure) [PSYoungGen: 82109K->17792K(120320K)] 320509K->256215K(755200K), 0.0025425 secs] [Times: user=0.02 sys=0.00, real=0.00 secs] 
1894.086: [GC (Allocation Failure) [PSYoungGen: 97664K->34144K(122368K)] 336087K->272575K(757248K), 0.0035901 secs] [Times: user=0.02 sys=0.00, real=0.00 secs] 
1894.738: [GC (Allocation Failure) [PSYoungGen: 113504K->1344K(125440K)] 351935K->239783K(760320K), 0.0019103 secs] [Times: user=0.01 sys=0.00, real=0.00 secs] 
1895.844: [GC (Allocation Failure) [PSYoungGen: 80192K->9664K(88064K)] 318631K->248111K(722944K), 0.0019740 secs] [Times: user=0.01 sys=0.00, real=0.01 secs] 
1896.127: [GC (Allocation Failure) [PSYoungGen: 86620K->17824K(118272K)] 325067K->256279K(753152K), 0.0023683 secs] [Times: user=0.01 sys=0.00, real=0.00 secs] 
1896.572: [GC (Allocation Failure) [PSYoungGen: 95648K->34176K(120832K)] 334103K->272639K(755712K), 0.0067738 secs] [Times: user=0.03 sys=0.01, real=0.01 secs] 
1897.291: [GC (Allocation Failure) [PSYoungGen: 112000K->1376K(131584K)] 350463K->239847K(766464K), 0.0023305 secs] [Times: user=0.01 sys=0.00, real=0.00 secs] 
1899.073: [GC (Allocation Failure) [PSYoungGen: 86368K->9664K(94208K)] 324839K->248143K(729088K), 0.0024487 secs] [Times: user=0.01 sys=0.00, real=0.01 secs] 
1899.633: [GC (Allocation Failure) [PSYoungGen: 83578K->17792K(124416K)] 322058K->256279K(759296K), 0.0026595 secs] [Times: user=0.01 sys=0.00, real=0.01 secs] 
1900.457: [GC (Allocation Failure) [PSYoungGen: 101760K->34112K(126464K)] 340247K->272607K(761344K), 0.0041005 secs] [Times: user=0.02 sys=0.00, real=0.00 secs] 
1901.218: [GC (Allocation Failure) [PSYoungGen: 117568K->1440K(128512K)] 356063K->239943K(763392K), 0.0021752 secs] [Times: user=0.01 sys=0.00, real=0.00 secs] 
1902.693: [GC (Allocation Failure) [PSYoungGen: 84384K->9632K(92160K)] 322887K->248151K(727040K), 0.0021942 secs] [Times: user=0.01 sys=0.00, real=0.01 secs] 
1903.262: [GC (Allocation Failure) [PSYoungGen: 92064K->34176K(122880K)] 330583K->272703K(757760K), 0.0037863 secs] [Times: user=0.02 sys=0.00, real=0.01 secs] 
1904.085: [GC (Allocation Failure) [PSYoungGen: 112512K->34176K(126464K)] 351039K->272711K(761344K), 0.0038690 secs] [Times: user=0.02 sys=0.00, real=0.00 secs] 
1905.070: [GC (Allocation Failure) [PSYoungGen: 112000K->1376K(128000K)] 350535K->239919K(762880K), 0.0020527 secs] [Times: user=0.01 sys=0.00, real=0.00 secs] 
1907.104: [GC (Allocation Failure) [PSYoungGen: 78688K->9600K(86528K)] 317231K->248151K(721408K), 0.0027835 secs] [Times: user=0.01 sys=0.00, real=0.00 secs] 
1907.722: [GC (Allocation Failure) [PSYoungGen: 72718K->17760K(119296K)] 311270K->256319K(754176K), 0.0029214 secs] [Times: user=0.01 sys=0.00, real=0.01 secs] 
1908.540: [GC (Allocation Failure) [PSYoungGen: 94048K->34208K(122368K)] 332607K->272775K(757248K), 0.0046045 secs] [Times: user=0.03 sys=0.00, real=0.01 secs] 
1909.686: [GC (Allocation Failure) [PSYoungGen: 109984K->1376K(124928K)] 348551K->239951K(759808K), 0.0041166 secs] [Times: user=0.02 sys=0.00, real=0.00 secs] 
1911.200: [GC (Allocation Failure) [PSYoungGen: 76640K->9664K(84480K)] 315215K->248247K(719360K), 0.0020116 secs] [Times: user=0.01 sys=0.00, real=0.00 secs] 
1911.906: [GC (Allocation Failure) [PSYoungGen: 84416K->17824K(117248K)] 322999K->256415K(752128K), 0.0045912 secs] [Times: user=0.02 sys=0.00, real=0.00 secs] 
1912.383: [GC (Allocation Failure) [PSYoungGen: 92064K->34176K(119296K)] 330655K->272775K(754176K), 0.0044957 secs] [Times: user=0.02 sys=0.00, real=0.01 secs] 
1913.043: [GC (Allocation Failure) [PSYoungGen: 107904K->1408K(121856K)] 346503K->240015K(756736K), 0.0023436 secs] [Times: user=0.01 sys=0.01, real=0.01 secs] 
1914.181: [GC (Allocation Failure) [PSYoungGen: 74624K->5504K(78336K)] 313231K->244119K(713216K), 0.0019107 secs] [Times: user=0.01 sys=0.00, real=0.00 secs] 
1914.484: [GC (Allocation Failure) [PSYoungGen: 78208K->17760K(114176K)] 316823K->256383K(749056K), 0.0031609 secs] [Times: user=0.01 sys=0.01, real=0.01 secs] 
1914.717: [GC (Allocation Failure) [PSYoungGen: 89952K->34208K(117248K)] 328575K->272839K(752128K), 0.0032654 secs] [Times: user=0.02 sys=0.00, real=0.00 secs] 
1915.025: [GC (Allocation Failure) [PSYoungGen: 106400K->34144K(125440K)] 345031K->272783K(760320K), 0.0036986 secs] [Times: user=0.01 sys=0.00, real=0.00 secs] 
1916.036: [GC (Allocation Failure) [PSYoungGen: 110432K->160K(128512K)] 349071K->238807K(763392K), 0.0013183 secs] [Times: user=0.01 sys=0.00, real=0.00 secs] 
1916.849: [GC (Allocation Failure) [PSYoungGen: 76448K->17824K(114176K)] 315095K->256471K(749056K), 0.0027559 secs] [Times: user=0.01 sys=0.00, real=0.00 secs] 
1917.554: [GC (Allocation Failure) [PSYoungGen: 93600K->34112K(124928K)] 332247K->272767K(759808K), 0.0061174 secs] [Times: user=0.03 sys=0.00, real=0.00 secs] 
1918.249: [GC (Allocation Failure) [PSYoungGen: 109888K->34208K(133120K)] 348543K->272879K(768000K), 0.0080593 secs] [Times: user=0.04 sys=0.00, real=0.01 secs] 
1919.103: [GC (Allocation Failure) [PSYoungGen: 115104K->1376K(135168K)] 353775K->240055K(770048K), 0.0024501 secs] [Times: user=0.00 sys=0.00, real=0.01 secs] 
1920.222: [GC (Allocation Failure) [PSYoungGen: 82272K->17856K(119296K)] 320951K->256543K(754176K), 0.0024523 secs] [Times: user=0.01 sys=0.00, real=0.01 secs] 
1920.489: [GC (Allocation Failure) [PSYoungGen: 98240K->34176K(131072K)] 336927K->272871K(765952K), 0.0035674 secs] [Times: user=0.01 sys=0.00, real=0.00 secs] 
1920.824: [GC (Allocation Failure) [PSYoungGen: 114560K->34208K(139264K)] 353255K->272911K(774144K), 0.0048736 secs] [Times: user=0.02 sys=0.00, real=0.00 secs] 
1921.878: [GC (Allocation Failure) [PSYoungGen: 120224K->1936K(141312K)] 358927K->240655K(776192K), 0.0018107 secs] [Times: user=0.00 sys=0.00, real=0.00 secs] 
1922.233: [GC (Allocation Failure) [PSYoungGen: 87952K->17792K(143360K)] 326671K->256519K(778240K), 0.0021462 secs] [Times: user=0.01 sys=0.00, real=0.01 secs] 
1922.556: [GC (Allocation Failure) [PSYoungGen: 112000K->34208K(146432K)] 350727K->272943K(781312K), 0.0029657 secs] [Times: user=0.02 sys=0.00, real=0.00 secs] 
1922.968: [GC (Allocation Failure) [PSYoungGen: 128416K->1408K(156672K)] 367151K->240151K(791552K), 0.0016797 secs] [Times: user=0.01 sys=0.01, real=0.00 secs] 
1924.032: [GC (Allocation Failure) [PSYoungGen: 97132K->9536K(111616K)] 335876K->248287K(746496K), 0.0026717 secs] [Times: user=0.01 sys=0.00, real=0.01 secs] 
1924.497: [GC (Allocation Failure) [PSYoungGen: 111424K->34176K(151552K)] 350175K->272935K(786432K), 0.0104112 secs] [Times: user=0.06 sys=0.00, real=0.01 secs] 
1925.230: [GC (Allocation Failure) [PSYoungGen: 133504K->1376K(154112K)] 372263K->240143K(788992K), 0.0037035 secs] [Times: user=0.02 sys=0.00, real=0.00 secs] 
1926.536: [GC (Allocation Failure) [PSYoungGen: 100704K->9664K(157184K)] 339471K->248439K(792064K), 0.0019003 secs] [Times: user=0.01 sys=0.00, real=0.00 secs] 
1926.884: [GC (Allocation Failure) [PSYoungGen: 118208K->34176K(160768K)] 356983K->272951K(795648K), 0.0033067 secs] [Times: user=0.02 sys=0.00, real=0.00 secs] 
1927.502: [GC (Allocation Failure) [PSYoungGen: 142720K->1408K(170496K)] 381495K->240191K(805376K), 0.0016929 secs] [Times: user=0.01 sys=0.00, real=0.00 secs] 
1929.133: [GC (Allocation Failure) [PSYoungGen: 112620K->9632K(126976K)] 351404K->248415K(761856K), 0.0030925 secs] [Times: user=0.01 sys=0.00, real=0.01 secs] 
1929.827: [GC (Allocation Failure) [PSYoungGen: 126880K->34208K(165376K)] 365663K->272999K(800256K), 0.0133637 secs] [Times: user=0.06 sys=0.01, real=0.01 secs] 
1931.161: [GC (Allocation Failure) [PSYoungGen: 147872K->1424K(168960K)] 386663K->240231K(803840K), 0.0024854 secs] [Times: user=0.01 sys=0.00, real=0.00 secs] 
1933.274: [GC (Allocation Failure) [PSYoungGen: 115088K->17824K(148992K)] 353895K->256647K(783872K), 0.0025376 secs] [Times: user=0.01 sys=0.00, real=0.00 secs] 
1933.674: [GC (Allocation Failure) [PSYoungGen: 130464K->34208K(163840K)] 369287K->273031K(798720K), 0.0032631 secs] [Times: user=0.01 sys=0.00, real=0.00 secs] 
1934.826: [GC (Allocation Failure) [PSYoungGen: 146848K->1952K(153088K)] 385671K->240791K(787968K), 0.0017280 secs] [Times: user=0.00 sys=0.00, real=0.00 secs] 
1935.648: [GC (Allocation Failure) [PSYoungGen: 113568K->17808K(128512K)] 352407K->256655K(763392K), 0.0024776 secs] [Times: user=0.01 sys=0.00, real=0.00 secs] 
1936.138: [GC (Allocation Failure) [PSYoungGen: 128400K->34176K(157696K)] 367247K->273031K(792576K), 0.0041529 secs] [Times: user=0.02 sys=0.00, real=0.00 secs] 
1937.835: [GC (Allocation Failure) [PSYoungGen: 141696K->5536K(112128K)] 380551K->244399K(747008K), 0.0031252 secs] [Times: user=0.02 sys=0.00, real=0.00 secs] 
1938.682: [GC (Allocation Failure) [PSYoungGen: 111483K->17744K(149504K)] 350347K->256615K(784384K), 0.0029728 secs] [Times: user=0.01 sys=0.00, real=0.01 secs] 
1939.212: [GC (Allocation Failure) [PSYoungGen: 123216K->34160K(153088K)] 362087K->273039K(787968K), 0.0036027 secs] [Times: user=0.02 sys=0.00, real=0.01 secs] 
1940.988: [GC (Allocation Failure) [PSYoungGen: 138608K->5536K(152064K)] 377487K->244423K(786944K), 0.0019193 secs] [Times: user=0.01 sys=0.00, real=0.00 secs] 
1942.194: [GC (Allocation Failure) [PSYoungGen: 108960K->17760K(120320K)] 347847K->256655K(755200K), 0.0030063 secs] [Times: user=0.01 sys=0.00, real=0.01 secs] 
1942.995: [GC (Allocation Failure) [PSYoungGen: 120160K->34208K(146944K)] 359055K->273119K(781824K), 0.0040112 secs] [Times: user=0.02 sys=0.01, real=0.00 secs] 
1944.987: [GC (Allocation Failure) [PSYoungGen: 133536K->3424K(101888K)] 372447K->242351K(736768K), 0.0030625 secs] [Times: user=0.02 sys=0.00, real=0.00 secs] 
1947.112: [GC (Allocation Failure) [PSYoungGen: 101728K->17824K(140288K)] 340655K->256767K(775168K), 0.0058290 secs] [Times: user=0.02 sys=0.00, real=0.01 secs] 
1947.591: [GC (Allocation Failure) [PSYoungGen: 115104K->34208K(143360K)] 354047K->273159K(778240K), 0.0032539 secs] [Times: user=0.01 sys=0.00, real=0.01 secs] 
1948.350: [GC (Allocation Failure) [PSYoungGen: 130464K->1376K(144384K)] 369415K->240335K(779264K), 0.0018413 secs] [Times: user=0.01 sys=0.00, real=0.00 secs] 
1949.650: [GC (Allocation Failure) [PSYoungGen: 96608K->17792K(112640K)] 335567K->256775K(747520K), 0.0027912 secs] [Times: user=0.01 sys=0.00, real=0.00 secs] 
1950.011: [GC (Allocation Failure) [PSYoungGen: 112512K->34176K(138752K)] 351495K->273167K(773632K), 0.0050938 secs] [Times: user=0.02 sys=0.00, real=0.01 secs] 
1950.629: [GC (Allocation Failure) [PSYoungGen: 125824K->1408K(92672K)] 364815K->240407K(727552K), 0.0019939 secs] [Times: user=0.01 sys=0.00, real=0.00 secs] 
1952.164: [GC (Allocation Failure) [PSYoungGen: 92544K->9632K(137216K)] 331543K->248639K(772096K), 0.0039955 secs] [Times: user=0.01 sys=0.00, real=0.00 secs] 
1952.837: [GC (Allocation Failure) [PSYoungGen: 88471K->17760K(108032K)] 327478K->256775K(742912K), 0.0050102 secs] [Times: user=0.02 sys=0.01, real=0.00 secs] 
1953.523: [GC (Allocation Failure) [PSYoungGen: 107872K->34144K(132096K)] 346887K->273167K(766976K), 0.0052530 secs] [Times: user=0.03 sys=0.00, real=0.01 secs] 
1954.393: [GC (Allocation Failure) [PSYoungGen: 120672K->1376K(87552K)] 359695K->240407K(722432K), 0.0029204 secs] [Times: user=0.01 sys=0.00, real=0.01 secs] 
1955.703: [GC (Allocation Failure) [PSYoungGen: 87392K->17824K(128000K)] 326423K->256863K(762880K), 0.0025115 secs] [Times: user=0.01 sys=0.00, real=0.01 secs] 
1956.360: [GC (Allocation Failure) [PSYoungGen: 103328K->34144K(131072K)] 342367K->273191K(765952K), 0.0063240 secs] [Times: user=0.03 sys=0.00, real=0.01 secs] 
1957.156: [GC (Allocation Failure) [PSYoungGen: 119136K->34176K(132096K)] 358183K->273239K(766976K), 0.0072086 secs] [Times: user=0.03 sys=0.00, real=0.00 secs] 
1958.527: [GC (Allocation Failure) [PSYoungGen: 116608K->3488K(85504K)] 355671K->242559K(720384K), 0.0017006 secs] [Times: user=0.00 sys=0.00, real=0.00 secs] 
1958.838: [GC (Allocation Failure) [PSYoungGen: 85408K->17744K(125952K)] 324479K->256823K(760832K), 0.0023633 secs] [Times: user=0.01 sys=0.00, real=0.00 secs] 
1959.109: [GC (Allocation Failure) [PSYoungGen: 99152K->34176K(130048K)] 338231K->273263K(764928K), 0.0032512 secs] [Times: user=0.02 sys=0.00, real=0.00 secs] 
1959.449: [GC (Allocation Failure) [PSYoungGen: 115584K->1344K(140800K)] 354671K->240439K(775680K), 0.0016919 secs] [Times: user=0.01 sys=0.00, real=0.00 secs] 
1960.818: [GC (Allocation Failure) [PSYoungGen: 89987K->5504K(94208K)] 329082K->244607K(729088K), 0.0020734 secs] [Times: user=0.01 sys=0.00, real=0.00 secs] 
1961.843: [GC (Allocation Failure) [PSYoungGen: 94080K->17824K(132096K)] 333183K->256935K(766976K), 0.0033167 secs] [Times: user=0.01 sys=0.00, real=0.01 secs] 
1962.425: [GC (Allocation Failure) [PSYoungGen: 105888K->34208K(135168K)] 344999K->273327K(770048K), 0.0038794 secs] [Times: user=0.02 sys=0.00, real=0.00 secs] 
1962.794: [GC (Allocation Failure) [PSYoungGen: 121760K->1408K(137216K)] 360879K->240535K(772096K), 0.0018624 secs] [Times: user=0.01 sys=0.00, real=0.00 secs] 
1965.264: [GC (Allocation Failure) [PSYoungGen: 84369K->9568K(96256K)] 323497K->248711K(731136K), 0.0027915 secs] [Times: user=0.01 sys=0.00, real=0.00 secs] 
1966.267: [GC (Allocation Failure) [PSYoungGen: 96096K->34176K(131584K)] 335239K->273327K(766464K), 0.0068356 secs] [Times: user=0.03 sys=0.00, real=0.01 secs] 
1967.349: [GC (Allocation Failure) [PSYoungGen: 117120K->34176K(134656K)] 356271K->273335K(769536K), 0.0087617 secs] [Times: user=0.04 sys=0.01, real=0.01 secs] 
1968.890: [GC (Allocation Failure) [PSYoungGen: 115716K->288K(135168K)] 354876K->239455K(770048K), 0.0016963 secs] [Times: user=0.01 sys=0.00, real=0.00 secs] 
1969.551: [GC (Allocation Failure) [PSYoungGen: 82208K->17792K(99328K)] 321375K->256967K(734208K), 0.0029652 secs] [Times: user=0.02 sys=0.00, real=0.01 secs] 
1969.876: [GC (Allocation Failure) [PSYoungGen: 99200K->34160K(129024K)] 338375K->273343K(763904K), 0.0036326 secs] [Times: user=0.02 sys=0.01, real=0.00 secs] 
1970.294: [GC (Allocation Failure) [PSYoungGen: 112496K->34208K(132096K)] 351679K->273391K(766976K), 0.0034363 secs] [Times: user=0.02 sys=0.00, real=0.00 secs] 
1971.650: [GC (Allocation Failure) [PSYoungGen: 112544K->1952K(124928K)] 351727K->241143K(759808K), 0.0017427 secs] [Times: user=0.01 sys=0.00, real=0.00 secs] 
1972.549: [GC (Allocation Failure) [PSYoungGen: 79776K->17760K(95232K)] 318967K->256959K(730112K), 0.0039627 secs] [Times: user=0.02 sys=0.00, real=0.00 secs] 
1973.066: [GC (Allocation Failure) [PSYoungGen: 95072K->34176K(127488K)] 334271K->273383K(762368K), 0.0039298 secs] [Times: user=0.02 sys=0.00, real=0.00 secs] 
1973.736: [GC (Allocation Failure) [PSYoungGen: 109440K->34176K(129536K)] 348647K->273391K(764416K), 0.0058287 secs] [Times: user=0.03 sys=0.00, real=0.00 secs] 
1974.515: [GC (Allocation Failure) [PSYoungGen: 109440K->1408K(123904K)] 348655K->240631K(758784K), 0.0023124 secs] [Times: user=0.01 sys=0.00, real=0.00 secs] 
1976.344: [GC (Allocation Failure) [PSYoungGen: 68854K->9632K(83968K)] 308078K->248871K(718848K), 0.0030235 secs] [Times: user=0.01 sys=0.00, real=0.00 secs] 
1977.194: [GC (Allocation Failure) [PSYoungGen: 73733K->17792K(120320K)] 312972K->257039K(755200K), 0.0063490 secs] [Times: user=0.02 sys=0.00, real=0.00 secs] 
1978.178: [GC (Allocation Failure) [PSYoungGen: 91520K->34176K(123904K)] 330767K->273431K(758784K), 0.0071816 secs] [Times: user=0.03 sys=0.00, real=0.01 secs] 
1978.875: [GC (Allocation Failure) [PSYoungGen: 107392K->1408K(125440K)] 346647K->240671K(760320K), 0.0024524 secs] [Times: user=0.01 sys=0.00, real=0.00 secs] 
1981.423: [GC (Allocation Failure) [PSYoungGen: 74112K->5568K(77824K)] 313375K->244847K(712704K), 0.0037944 secs] [Times: user=0.01 sys=0.00, real=0.01 secs] 
1981.963: [GC (Allocation Failure) [PSYoungGen: 77760K->17824K(116224K)] 317039K->257103K(751104K), 0.0027884 secs] [Times: user=0.01 sys=0.00, real=0.01 secs] 
1982.403: [GC (Allocation Failure) [PSYoungGen: 89504K->34144K(120320K)] 328783K->273431K(755200K), 0.0060651 secs] [Times: user=0.03 sys=0.00, real=0.01 secs] 
1983.079: [GC (Allocation Failure) [PSYoungGen: 105824K->34208K(128512K)] 345111K->273503K(763392K), 0.0072625 secs] [Times: user=0.03 sys=0.00, real=0.01 secs] 
1984.467: [GC (Allocation Failure) [PSYoungGen: 110496K->2464K(78336K)] 349791K->241767K(713216K), 0.0016767 secs] [Times: user=0.01 sys=0.00, real=0.00 secs] 
1984.830: [GC (Allocation Failure) [PSYoungGen: 78240K->17792K(133120K)] 317543K->257095K(768000K), 0.0025233 secs] [Times: user=0.01 sys=0.00, real=0.00 secs] 
1985.094: [GC (Allocation Failure) [PSYoungGen: 97152K->34144K(130048K)] 336455K->273455K(764928K), 0.0033292 secs] [Times: user=0.02 sys=0.00, real=0.01 secs] 
1985.488: [GC (Allocation Failure) [PSYoungGen: 113504K->34208K(138240K)] 352815K->273527K(773120K), 0.0069461 secs] [Times: user=0.02 sys=0.01, real=0.01 secs] 
1986.614: [GC (Allocation Failure) [PSYoungGen: 119200K->3456K(140288K)] 358519K->242783K(775168K), 0.0016964 secs] [Times: user=0.01 sys=0.00, real=0.00 secs] 
1987.520: [GC (Allocation Failure) [PSYoungGen: 88448K->17792K(141312K)] 327775K->257127K(776192K), 0.0027672 secs] [Times: user=0.01 sys=0.00, real=0.00 secs] 
1988.479: [GC (Allocation Failure) [PSYoungGen: 110976K->34208K(144896K)] 350311K->273543K(779776K), 0.0073671 secs] [Times: user=0.03 sys=0.00, real=0.01 secs] 
1989.383: [GC (Allocation Failure) [PSYoungGen: 127392K->1408K(138240K)] 366727K->240751K(773120K), 0.0029260 secs] [Times: user=0.01 sys=0.00, real=0.01 secs] 
1990.609: [GC (Allocation Failure) [PSYoungGen: 94080K->9632K(101888K)] 333423K->248983K(736768K), 0.0023150 secs] [Times: user=0.01 sys=0.00, real=0.00 secs] 
1991.111: [GC (Allocation Failure) [PSYoungGen: 101792K->34160K(141824K)] 341143K->273519K(776704K), 0.0043947 secs] [Times: user=0.02 sys=0.00, real=0.01 secs] 
1991.485: [GC (Allocation Failure) [PSYoungGen: 123760K->34208K(144384K)] 363119K->273575K(779264K), 0.0038227 secs] [Times: user=0.02 sys=0.00, real=0.00 secs] 
1992.492: [GC (Allocation Failure) [PSYoungGen: 123808K->5568K(135168K)] 363175K->244951K(770048K), 0.0016534 secs] [Times: user=0.01 sys=0.00, real=0.00 secs] 
1992.913: [GC (Allocation Failure) [PSYoungGen: 94656K->17792K(106496K)] 334039K->257183K(741376K), 0.0022180 secs] [Times: user=0.01 sys=0.00, real=0.01 secs] 
1993.412: [GC (Allocation Failure) [PSYoungGen: 106368K->34208K(138240K)] 345759K->273607K(773120K), 0.0040416 secs] [Times: user=0.02 sys=0.00, real=0.01 secs] 
1994.114: [GC (Allocation Failure) [PSYoungGen: 120224K->1376K(87040K)] 359623K->240775K(721920K), 0.0021612 secs] [Times: user=0.01 sys=0.00, real=0.00 secs] 
1995.337: [GC (Allocation Failure) [PSYoungGen: 86880K->9632K(135168K)] 326279K->249047K(770048K), 0.0018017 secs] [Times: user=0.01 sys=0.00, real=0.00 secs] 
1995.598: [GC (Allocation Failure) [PSYoungGen: 80683K->17728K(102400K)] 320099K->257151K(737280K), 0.0020495 secs] [Times: user=0.01 sys=0.00, real=0.00 secs] 
1996.022: [GC (Allocation Failure) [PSYoungGen: 102208K->34208K(130560K)] 341631K->273639K(765440K), 0.0028054 secs] [Times: user=0.01 sys=0.00, real=0.01 secs] 
1996.855: [GC (Allocation Failure) [PSYoungGen: 115616K->1408K(82432K)] 355047K->240839K(717312K), 0.0021612 secs] [Times: user=0.01 sys=0.00, real=0.00 secs] 
1997.918: [GC (Allocation Failure) [PSYoungGen: 82304K->9600K(128000K)] 321735K->249039K(762880K), 0.0021120 secs] [Times: user=0.01 sys=0.00, real=0.00 secs] 
1998.165: [GC (Allocation Failure) [PSYoungGen: 77112K->17824K(97792K)] 316552K->257271K(732672K), 0.0022266 secs] [Times: user=0.01 sys=0.00, real=0.00 secs] 
1998.430: [GC (Allocation Failure) [PSYoungGen: 97696K->34208K(123904K)] 337143K->273663K(758784K), 0.0035868 secs] [Times: user=0.02 sys=0.00, real=0.01 secs] 
1998.751: [GC (Allocation Failure) [PSYoungGen: 111008K->1376K(126976K)] 350463K->240839K(761856K), 0.0024045 secs] [Times: user=0.01 sys=0.00, real=0.00 secs] 
2000.073: [GC (Allocation Failure) [PSYoungGen: 78176K->9632K(114688K)] 317639K->249103K(749568K), 0.0022465 secs] [Times: user=0.01 sys=0.00, real=0.01 secs] 
2000.401: [GC (Allocation Failure) [PSYoungGen: 85920K->17776K(93696K)] 325391K->257255K(728576K), 0.0027828 secs] [Times: user=0.01 sys=0.00, real=0.00 secs] 
2000.653: [GC (Allocation Failure) [PSYoungGen: 93552K->34176K(117760K)] 333031K->273687K(752640K), 0.0041162 secs] [Times: user=0.02 sys=0.00, real=0.01 secs] 
2000.957: [GC (Allocation Failure) [PSYoungGen: 106368K->1376K(121344K)] 345879K->240895K(756224K), 0.0019751 secs] [Times: user=0.01 sys=0.00, real=0.00 secs] 
2002.362: [GC (Allocation Failure) [PSYoungGen: 73568K->5536K(123904K)] 313087K->245063K(758784K), 0.0026378 secs] [Times: user=0.01 sys=0.00, real=0.01 secs] 
2003.371: [GC (Allocation Failure) [PSYoungGen: 84384K->17824K(96256K)] 323911K->257359K(731136K), 0.0052098 secs] [Times: user=0.03 sys=0.00, real=0.01 secs] 
2004.392: [GC (Allocation Failure) [PSYoungGen: 96160K->34208K(120320K)] 335695K->273751K(755200K), 0.0039935 secs] [Times: user=0.02 sys=0.00, real=0.01 secs] 
2004.846: [GC (Allocation Failure) [PSYoungGen: 108960K->1344K(75776K)] 348503K->240895K(710656K), 0.0017875 secs] [Times: user=0.01 sys=0.00, real=0.00 secs] 
2006.129: [GC (Allocation Failure) [PSYoungGen: 75584K->5568K(119808K)] 315135K->245127K(754688K), 0.0026648 secs] [Times: user=0.01 sys=0.00, real=0.00 secs] 
2006.696: [GC (Allocation Failure) [PSYoungGen: 79296K->17824K(91136K)] 318855K->257391K(726016K), 0.0052982 secs] [Times: user=0.02 sys=0.00, real=0.00 secs] 
2007.172: [GC (Allocation Failure) [PSYoungGen: 91040K->34176K(114176K)] 330607K->273751K(749056K), 0.0061966 secs] [Times: user=0.03 sys=0.01, real=0.01 secs] 
2007.784: [GC (Allocation Failure) [PSYoungGen: 103296K->34240K(118272K)] 342871K->273823K(753152K), 0.0040824 secs] [Times: user=0.02 sys=0.00, real=0.00 secs] 
2008.198: [GC (Allocation Failure) [PSYoungGen: 103360K->1408K(126976K)] 342943K->240999K(761856K), 0.0017848 secs] [Times: user=0.01 sys=0.00, real=0.00 secs] 
2009.144: [GC (Allocation Failure) [PSYoungGen: 74382K->9600K(84480K)] 313974K->249199K(719360K), 0.0019759 secs] [Times: user=0.01 sys=0.00, real=0.00 secs] 
2009.400: [GC (Allocation Failure) [PSYoungGen: 72691K->17792K(118272K)] 312291K->257399K(753152K), 0.0022534 secs] [Times: user=0.01 sys=0.00, real=0.00 secs] 
2009.642: [GC (Allocation Failure) [PSYoungGen: 92032K->34176K(121344K)] 331639K->273791K(756224K), 0.0046925 secs] [Times: user=0.02 sys=0.01, real=0.01 secs] 
2010.073: [GC (Allocation Failure) [PSYoungGen: 108416K->1408K(131072K)] 348031K->241031K(765952K), 0.0025366 secs] [Times: user=0.01 sys=0.00, real=0.01 secs] 
2011.315: [GC (Allocation Failure) [PSYoungGen: 83328K->9600K(132096K)] 322951K->249231K(766976K), 0.0021595 secs] [Times: user=0.01 sys=0.00, real=0.00 secs] 
2011.729: [GC (Allocation Failure) [PSYoungGen: 91520K->17824K(131584K)] 331151K->257455K(766464K), 0.0025296 secs] [Times: user=0.01 sys=0.00, real=0.00 secs] 
2012.137: [GC (Allocation Failure) [PSYoungGen: 106912K->34176K(134656K)] 346543K->273823K(769536K), 0.0035155 secs] [Times: user=0.02 sys=0.00, real=0.00 secs] 
2013.069: [GC (Allocation Failure) [PSYoungGen: 123264K->1424K(129024K)] 362911K->241079K(763904K), 0.0018989 secs] [Times: user=0.01 sys=0.00, real=0.00 secs] 
2014.268: [GC (Allocation Failure) [PSYoungGen: 90000K->17824K(105984K)] 329655K->257495K(740864K), 0.0026763 secs] [Times: user=0.01 sys=0.00, real=0.00 secs] 
2014.855: [GC (Allocation Failure) [PSYoungGen: 105888K->34176K(131072K)] 345559K->273855K(765952K), 0.0095126 secs] [Times: user=0.04 sys=0.01, real=0.01 secs] 
2015.717: [GC (Allocation Failure) [PSYoungGen: 118656K->34144K(134656K)] 358335K->273831K(769536K), 0.0047237 secs] [Times: user=0.03 sys=0.00, real=0.00 secs] 
2017.580: [GC (Allocation Failure) [PSYoungGen: 118624K->5552K(125952K)] 358311K->245247K(760832K), 0.0026219 secs] [Times: user=0.01 sys=0.00, real=0.00 secs] 
2018.890: [GC (Allocation Failure) [PSYoungGen: 89520K->17792K(101376K)] 329215K->257495K(736256K), 0.0052027 secs] [Times: user=0.02 sys=0.00, real=0.01 secs] 
2019.452: [GC (Allocation Failure) [PSYoungGen: 101248K->34208K(129024K)] 340951K->273911K(763904K), 0.0049710 secs] [Times: user=0.03 sys=0.00, real=0.01 secs] 
2020.316: [GC (Allocation Failure) [PSYoungGen: 114592K->1344K(81408K)] 354295K->241055K(716288K), 0.0026630 secs] [Times: user=0.01 sys=0.00, real=0.00 secs] 
2021.876: [GC (Allocation Failure) [PSYoungGen: 80637K->5536K(127488K)] 320349K->245263K(762368K), 0.0020337 secs] [Times: user=0.01 sys=0.00, real=0.00 secs] 
2022.167: [GC (Allocation Failure) [PSYoungGen: 84896K->17824K(96768K)] 324623K->257559K(731648K), 0.0024418 secs] [Times: user=0.01 sys=0.00, real=0.00 secs] 
2022.514: [GC (Allocation Failure) [PSYoungGen: 96672K->34208K(123392K)] 336407K->273951K(758272K), 0.0033809 secs] [Times: user=0.02 sys=0.00, real=0.01 secs] 
2023.028: [GC (Allocation Failure) [PSYoungGen: 109984K->1408K(76800K)] 349727K->241159K(711680K), 0.0017932 secs] [Times: user=0.01 sys=0.00, real=0.00 secs] 
2024.353: [GC (Allocation Failure) [PSYoungGen: 76672K->5536K(121856K)] 316423K->245295K(756736K), 0.0018476 secs] [Times: user=0.00 sys=0.00, real=0.01 secs] 
2024.947: [GC (Allocation Failure) [PSYoungGen: 80288K->17760K(92160K)] 320047K->257535K(727040K), 0.0053212 secs] [Times: user=0.02 sys=0.00, real=0.00 secs] 
2025.455: [GC (Allocation Failure) [PSYoungGen: 92000K->34176K(117248K)] 331775K->273959K(752128K), 0.0055864 secs] [Times: user=0.03 sys=0.00, real=0.00 secs] 
2026.039: [GC (Allocation Failure) [PSYoungGen: 104832K->34192K(120832K)] 344615K->273983K(755712K), 0.0047935 secs] [Times: user=0.03 sys=0.00, real=0.00 secs] 
2027.132: [GC (Allocation Failure) [PSYoungGen: 104848K->1680K(115200K)] 344639K->241479K(750080K), 0.0017434 secs] [Times: user=0.01 sys=0.00, real=0.01 secs] 
2027.803: [GC (Allocation Failure) [PSYoungGen: 71824K->17776K(122880K)] 311623K->257583K(757760K), 0.0057981 secs] [Times: user=0.03 sys=0.00, real=0.01 secs] 
2028.318: [GC (Allocation Failure) [PSYoungGen: 87920K->34144K(122880K)] 327727K->273951K(757760K), 0.0061662 secs] [Times: user=0.03 sys=0.01, real=0.01 secs] 
2029.066: [GC (Allocation Failure) [PSYoungGen: 107872K->34208K(125952K)] 347679K->274023K(760832K), 0.0049181 secs] [Times: user=0.02 sys=0.00, real=0.00 secs] 
2029.719: [GC (Allocation Failure) [PSYoungGen: 107936K->1408K(133632K)] 347751K->241231K(768512K), 0.0022938 secs] [Times: user=0.01 sys=0.00, real=0.00 secs] 
2031.149: [GC (Allocation Failure) [PSYoungGen: 81792K->9632K(89600K)] 321615K->249463K(724480K), 0.0022165 secs] [Times: user=0.01 sys=0.00, real=0.00 secs] 
2031.514: [GC (Allocation Failure) [PSYoungGen: 78536K->17792K(124416K)] 318368K->257631K(759296K), 0.0027306 secs] [Times: user=0.02 sys=0.00, real=0.01 secs] 
2031.778: [GC (Allocation Failure) [PSYoungGen: 97152K->34176K(128512K)] 336991K->274031K(763392K), 0.0034799 secs] [Times: user=0.02 sys=0.00, real=0.00 secs] 
2032.110: [GC (Allocation Failure) [PSYoungGen: 113536K->1376K(138240K)] 353391K->241239K(773120K), 0.0019690 secs] [Times: user=0.00 sys=0.00, real=0.00 secs] 
2033.805: [GC (Allocation Failure) [PSYoungGen: 88416K->9632K(96256K)] 328279K->249503K(731136K), 0.0044887 secs] [Times: user=0.02 sys=0.00, real=0.00 secs] 
2034.707: [GC (Allocation Failure) [PSYoungGen: 96160K->34176K(132608K)] 336031K->274055K(767488K), 0.0083430 secs] [Times: user=0.04 sys=0.00, real=0.01 secs] 
2035.601: [GC (Allocation Failure) [PSYoungGen: 117120K->34144K(136192K)] 356999K->274031K(771072K), 0.0047722 secs] [Times: user=0.03 sys=0.00, real=0.01 secs] 
2036.271: [GC (Allocation Failure) [PSYoungGen: 117088K->1440K(128512K)] 356975K->241335K(763392K), 0.0025308 secs] [Times: user=0.01 sys=0.00, real=0.00 secs] 
2038.128: [GC (Allocation Failure) [PSYoungGen: 83872K->17824K(99840K)] 323767K->257727K(734720K), 0.0031457 secs] [Times: user=0.01 sys=0.00, real=0.00 secs] 
2038.723: [GC (Allocation Failure) [PSYoungGen: 99744K->34208K(131072K)] 339647K->274111K(765952K), 0.0044005 secs] [Times: user=0.02 sys=0.00, real=0.01 secs] 
2039.536: [GC (Allocation Failure) [PSYoungGen: 113568K->34144K(133120K)] 353471K->274055K(768000K), 0.0049803 secs] [Times: user=0.03 sys=0.00, real=0.00 secs] 
2040.874: [GC (Allocation Failure) [PSYoungGen: 112992K->1664K(133632K)] 352903K->241583K(768512K), 0.0018359 secs] [Times: user=0.00 sys=0.00, real=0.00 secs] 
2041.647: [GC (Allocation Failure) [PSYoungGen: 80000K->17792K(95744K)] 319919K->257719K(730624K), 0.0025701 secs] [Times: user=0.01 sys=0.00, real=0.00 secs] 
2042.209: [GC (Allocation Failure) [PSYoungGen: 95616K->34208K(128512K)] 335543K->274135K(763392K), 0.0058226 secs] [Times: user=0.03 sys=0.00, real=0.01 secs] 
2043.058: [GC (Allocation Failure) [PSYoungGen: 109984K->34176K(130048K)] 349911K->274111K(764928K), 0.0047588 secs] [Times: user=0.02 sys=0.00, real=0.00 secs] 
2043.649: [GC (Allocation Failure) [PSYoungGen: 109440K->1408K(130560K)] 349375K->241351K(765440K), 0.0021731 secs] [Times: user=0.00 sys=0.00, real=0.00 secs] 
2045.048: [GC (Allocation Failure) [PSYoungGen: 68866K->9632K(83968K)] 308809K->249599K(718848K), 0.0023018 secs] [Times: user=0.01 sys=0.00, real=0.00 secs] 
2045.457: [GC (Allocation Failure) [PSYoungGen: 72256K->17824K(120832K)] 312224K->257799K(755712K), 0.0029384 secs] [Times: user=0.01 sys=0.00, real=0.00 secs] 
2045.693: [GC (Allocation Failure) [PSYoungGen: 91552K->34208K(124928K)] 331527K->274191K(759808K), 0.0035895 secs] [Times: user=0.02 sys=0.00, real=0.01 secs] 
2046.002: [GC (Allocation Failure) [PSYoungGen: 107936K->1392K(134656K)] 347919K->241391K(769536K), 0.0017257 secs] [Times: user=0.01 sys=0.00, real=0.00 secs] 
2047.966: [GC (Allocation Failure) [PSYoungGen: 82288K->9664K(90112K)] 322287K->249671K(724992K), 0.0035856 secs] [Times: user=0.02 sys=0.00, real=0.00 secs] 
2048.588: [GC (Allocation Failure) [PSYoungGen: 90048K->17824K(123904K)] 330055K->257831K(758784K), 0.0031132 secs] [Times: user=0.01 sys=0.00, real=0.00 secs] 
2049.279: [GC (Allocation Failure) [PSYoungGen: 97696K->34128K(127488K)] 337703K->274143K(762368K), 0.0049887 secs] [Times: user=0.02 sys=0.00, real=0.01 secs] 
2049.961: [GC (Allocation Failure) [PSYoungGen: 113488K->1344K(129536K)] 353503K->241367K(764416K), 0.0024370 secs] [Times: user=0.01 sys=0.00, real=0.01 secs] 
2051.557: [GC (Allocation Failure) [PSYoungGen: 80192K->9664K(88064K)] 320215K->249695K(722944K), 0.0037827 secs] [Times: user=0.02 sys=0.00, real=0.00 secs] 
2052.345: [GC (Allocation Failure) [PSYoungGen: 88000K->17808K(121344K)] 328031K->257839K(756224K), 0.0038864 secs] [Times: user=0.01 sys=0.00, real=0.00 secs] 
2053.001: [GC (Allocation Failure) [PSYoungGen: 95632K->34208K(123904K)] 335663K->274247K(758784K), 0.0058261 secs] [Times: user=0.03 sys=0.00, real=0.01 secs] 
2053.856: [GC (Allocation Failure) [PSYoungGen: 111520K->1344K(125440K)] 351559K->241391K(760320K), 0.0025173 secs] [Times: user=0.01 sys=0.01, real=0.00 secs] 
2054.989: [GC (Allocation Failure) [PSYoungGen: 78144K->9680K(86016K)] 318191K->249735K(720896K), 0.0019939 secs] [Times: user=0.01 sys=0.00, real=0.00 secs] 
2055.286: [GC (Allocation Failure) [PSYoungGen: 85968K->17792K(117760K)] 326023K->257847K(752640K), 0.0023194 secs] [Times: user=0.01 sys=0.00, real=0.00 secs] 
2055.539: [GC (Allocation Failure) [PSYoungGen: 93568K->34176K(120832K)] 333623K->274239K(755712K), 0.0046646 secs] [Times: user=0.02 sys=0.00, real=0.00 secs] 
2055.851: [GC (Allocation Failure) [PSYoungGen: 109952K->1408K(131584K)] 350015K->241479K(766464K), 0.0020154 secs] [Times: user=0.00 sys=0.00, real=0.00 secs] 
2057.528: [GC (Allocation Failure) [PSYoungGen: 84864K->9648K(92672K)] 324935K->249727K(727552K), 0.0038531 secs] [Times: user=0.02 sys=0.00, real=0.00 secs] 
2058.327: [GC (Allocation Failure) [PSYoungGen: 92592K->17792K(124416K)] 332671K->257879K(759296K), 0.0041466 secs] [Times: user=0.02 sys=0.00, real=0.00 secs] 
2059.238: [GC (Allocation Failure) [PSYoungGen: 100224K->34176K(126464K)] 340311K->274271K(761344K), 0.0066105 secs] [Times: user=0.04 sys=0.00, real=0.01 secs] 
2060.325: [GC (Allocation Failure) [PSYoungGen: 116096K->1408K(129024K)] 356191K->241519K(763904K), 0.0040878 secs] [Times: user=0.02 sys=0.00, real=0.00 secs] 
2062.053: [GC (Allocation Failure) [PSYoungGen: 82816K->9632K(90624K)] 322927K->249751K(725504K), 0.0022016 secs] [Times: user=0.00 sys=0.00, real=0.01 secs] 
2062.715: [GC (Allocation Failure) [PSYoungGen: 84125K->17760K(121856K)] 324245K->257895K(756736K), 0.0031106 secs] [Times: user=0.01 sys=0.01, real=0.00 secs] 
2063.272: [GC (Allocation Failure) [PSYoungGen: 98144K->34208K(123904K)] 338279K->274351K(758784K), 0.0044541 secs] [Times: user=0.02 sys=0.00, real=0.01 secs] 
2063.693: [GC (Allocation Failure) [PSYoungGen: 114080K->1408K(126464K)] 354223K->241559K(761344K), 0.0018730 secs] [Times: user=0.01 sys=0.00, real=0.01 secs] 
2065.283: [GC (Allocation Failure) [PSYoungGen: 80768K->9632K(88576K)] 320919K->249791K(723456K), 0.0022981 secs] [Times: user=0.01 sys=0.01, real=0.01 secs] 
2065.888: [GC (Allocation Failure) [PSYoungGen: 85467K->17760K(119296K)] 325627K->257927K(754176K), 0.0026590 secs] [Times: user=0.01 sys=0.00, real=0.00 secs] 
2066.245: [GC (Allocation Failure) [PSYoungGen: 96096K->34176K(121344K)] 336263K->274351K(756224K), 0.0036010 secs] [Times: user=0.01 sys=0.00, real=0.00 secs] 
2066.981: [GC (Allocation Failure) [PSYoungGen: 112000K->1376K(123392K)] 352175K->241559K(758272K), 0.0025248 secs] [Times: user=0.01 sys=0.00, real=0.00 secs] 
2068.505: [GC (Allocation Failure) [PSYoungGen: 78688K->9664K(86528K)] 318871K->249855K(721408K), 0.0018886 secs] [Times: user=0.01 sys=0.00, real=0.00 secs] 
2069.378: [GC (Allocation Failure) [PSYoungGen: 86464K->17760K(116736K)] 326655K->257959K(751616K), 0.0039602 secs] [Times: user=0.01 sys=0.00, real=0.00 secs] 
2069.812: [GC (Allocation Failure) [PSYoungGen: 94048K->34192K(118784K)] 334247K->274399K(753664K), 0.0044223 secs] [Times: user=0.02 sys=0.00, real=0.01 secs] 
2070.472: [GC (Allocation Failure) [PSYoungGen: 109968K->1408K(121344K)] 350175K->241623K(756224K), 0.0035451 secs] [Times: user=0.01 sys=0.00, real=0.01 secs] 
2071.975: [GC (Allocation Failure) [PSYoungGen: 75308K->5504K(80384K)] 315524K->245727K(715264K), 0.0038390 secs] [Times: user=0.02 sys=0.00, real=0.00 secs] 
2072.597: [GC (Allocation Failure) [PSYoungGen: 80256K->17792K(116224K)] 320479K->258023K(751104K), 0.0028669 secs] [Times: user=0.01 sys=0.00, real=0.00 secs] 
2073.245: [GC (Allocation Failure) [PSYoungGen: 92032K->34176K(117760K)] 332263K->274415K(752640K), 0.0041191 secs] [Times: user=0.02 sys=0.00, real=0.00 secs] 
2073.921: [GC (Allocation Failure) [PSYoungGen: 107904K->1344K(119808K)] 348143K->241599K(754688K), 0.0022866 secs] [Times: user=0.01 sys=0.00, real=0.01 secs] 
2075.313: [GC (Allocation Failure) [PSYoungGen: 74560K->3488K(76288K)] 314815K->243751K(711168K), 0.0020029 secs] [Times: user=0.00 sys=0.00, real=0.01 secs] 
2075.590: [GC (Allocation Failure) [PSYoungGen: 76192K->17792K(114176K)] 316455K->258063K(749056K), 0.0024136 secs] [Times: user=0.01 sys=0.00, real=0.00 secs] 
2075.822: [GC (Allocation Failure) [PSYoungGen: 89984K->34208K(116736K)] 330255K->274487K(751616K), 0.0032918 secs] [Times: user=0.02 sys=0.00, real=0.01 secs] 
2076.131: [GC (Allocation Failure) [PSYoungGen: 106400K->34208K(124416K)] 346679K->274503K(759296K), 0.0034562 secs] [Times: user=0.01 sys=0.00, real=0.01 secs] 
2076.447: [GC (Allocation Failure) [PSYoungGen: 109984K->1392K(128000K)] 350279K->241695K(762880K), 0.0017625 secs] [Times: user=0.00 sys=0.00, real=0.00 secs] 
2077.403: [GC (Allocation Failure) [PSYoungGen: 73276K->9632K(113664K)] 313580K->249943K(748544K), 0.0019489 secs] [Times: user=0.00 sys=0.00, real=0.01 secs] 
2077.628: [GC (Allocation Failure) [PSYoungGen: 73078K->17792K(124416K)] 313390K->258111K(759296K), 0.0021519 secs] [Times: user=0.00 sys=0.01, real=0.00 secs] 
2077.923: [GC (Allocation Failure) [PSYoungGen: 93056K->34176K(125440K)] 333375K->274503K(760320K), 0.0037339 secs] [Times: user=0.02 sys=0.00, real=0.01 secs] 
2078.552: [GC (Allocation Failure) [PSYoungGen: 113024K->1408K(129024K)] 353351K->241743K(763904K), 0.0019312 secs] [Times: user=0.01 sys=0.00, real=0.01 secs] 
2079.667: [GC (Allocation Failure) [PSYoungGen: 80256K->9664K(115200K)] 320591K->250007K(750080K), 0.0020108 secs] [Times: user=0.00 sys=0.00, real=0.00 secs] 
2079.959: [GC (Allocation Failure) [PSYoungGen: 88000K->17792K(95744K)] 328343K->258143K(730624K), 0.0022593 secs] [Times: user=0.01 sys=0.00, real=0.00 secs] 
2080.272: [GC (Allocation Failure) [PSYoungGen: 95616K->34112K(119808K)] 335967K->274479K(754688K), 0.0033779 secs] [Times: user=0.01 sys=0.00, real=0.01 secs] 
2080.865: [GC (Allocation Failure) [PSYoungGen: 108352K->1376K(75264K)] 348719K->241751K(710144K), 0.0018885 secs] [Times: user=0.00 sys=0.01, real=0.00 secs] 
2082.635: [GC (Allocation Failure) [PSYoungGen: 73335K->5568K(119296K)] 313711K->245951K(754176K), 0.0040083 secs] [Times: user=0.02 sys=0.00, real=0.00 secs] 
2083.391: [GC (Allocation Failure) [PSYoungGen: 78784K->17792K(90624K)] 319167K->258183K(725504K), 0.0055026 secs] [Times: user=0.02 sys=0.00, real=0.01 secs] 
2083.794: [GC (Allocation Failure) [PSYoungGen: 90496K->34208K(113664K)] 330887K->274599K(748544K), 0.0039940 secs] [Times: user=0.01 sys=0.00, real=0.00 secs] 
2084.426: [GC (Allocation Failure) [PSYoungGen: 102816K->34176K(117760K)] 343207K->274575K(752640K), 0.0039709 secs] [Times: user=0.02 sys=0.00, real=0.00 secs] 
2085.889: [GC (Allocation Failure) [PSYoungGen: 102784K->1424K(113664K)] 343183K->241831K(748544K), 0.0015329 secs] [Times: user=0.00 sys=0.00, real=0.00 secs] 
2086.171: [GC (Allocation Failure) [PSYoungGen: 64231K->9600K(77312K)] 304639K->250007K(712192K), 0.0019389 secs] [Times: user=0.00 sys=0.00, real=0.00 secs] 
2086.426: [GC (Allocation Failure) [PSYoungGen: 72679K->17792K(111104K)] 313086K->258207K(745984K), 0.0024117 secs] [Times: user=0.01 sys=0.00, real=0.00 secs] 
2086.642: [GC (Allocation Failure) [PSYoungGen: 84864K->34208K(114176K)] 325279K->274631K(749056K), 0.0036234 secs] [Times: user=0.02 sys=0.00, real=0.01 secs] 
2086.983: [GC (Allocation Failure) [PSYoungGen: 101280K->1376K(123904K)] 341703K->241807K(758784K), 0.0026725 secs] [Times: user=0.01 sys=0.00, real=0.01 secs] 
2088.321: [GC (Allocation Failure) [PSYoungGen: 75616K->5568K(124416K)] 316047K->246007K(759296K), 0.0019946 secs] [Times: user=0.00 sys=0.00, real=0.00 secs] 
2088.775: [GC (Allocation Failure) [PSYoungGen: 79808K->17792K(124416K)] 320247K->258239K(759296K), 0.0030138 secs] [Times: user=0.01 sys=0.00, real=0.00 secs] 
2089.099: [GC (Allocation Failure) [PSYoungGen: 98688K->34208K(126976K)] 339135K->274663K(761856K), 0.0035035 secs] [Times: user=0.02 sys=0.00, real=0.00 secs] 
2089.514: [GC (Allocation Failure) [PSYoungGen: 115104K->1376K(137216K)] 355559K->241839K(772096K), 0.0019801 secs] [Times: user=0.01 sys=0.00, real=0.00 secs] 
2091.344: [GC (Allocation Failure) [PSYoungGen: 89952K->5536K(93696K)] 330415K->246007K(728576K), 0.0024591 secs] [Times: user=0.01 sys=0.00, real=0.00 secs] 
2091.897: [GC (Allocation Failure) [PSYoungGen: 93600K->17744K(131072K)] 334071K->258223K(765952K), 0.0025529 secs] [Times: user=0.01 sys=0.01, real=0.00 secs] 
2092.220: [GC (Allocation Failure) [PSYoungGen: 105296K->34176K(133632K)] 345775K->274671K(768512K), 0.0033899 secs] [Times: user=0.02 sys=0.00, real=0.00 secs] 
2092.598: [GC (Allocation Failure) [PSYoungGen: 121728K->1408K(126976K)] 362223K->241911K(761856K), 0.0018832 secs] [Times: user=0.01 sys=0.00, real=0.00 secs] 
2093.547: [GC (Allocation Failure) [PSYoungGen: 85881K->9632K(96256K)] 326385K->250143K(731136K), 0.0019058 secs] [Times: user=0.00 sys=0.00, real=0.00 secs] 
2093.804: [GC (Allocation Failure) [PSYoungGen: 96160K->34176K(130048K)] 336671K->274687K(764928K), 0.0039125 secs] [Times: user=0.01 sys=0.00, real=0.00 secs] 
2094.150: [GC (Allocation Failure) [PSYoungGen: 117120K->34208K(133632K)] 357631K->274727K(768512K), 0.0031528 secs] [Times: user=0.01 sys=0.00, real=0.00 secs] 
2095.190: [GC (Allocation Failure) [PSYoungGen: 117152K->1440K(126464K)] 357671K->241967K(761344K), 0.0015889 secs] [Times: user=0.01 sys=0.00, real=0.00 secs] 
2096.184: [GC (Allocation Failure) [PSYoungGen: 83872K->17728K(99840K)] 324399K->258263K(734720K), 0.0041131 secs] [Times: user=0.02 sys=0.00, real=0.00 secs] 
2096.692: [GC (Allocation Failure) [PSYoungGen: 99648K->34144K(129024K)] 340183K->274687K(763904K), 0.0041902 secs] [Times: user=0.02 sys=0.00, real=0.01 secs] 
2097.298: [GC (Allocation Failure) [PSYoungGen: 112992K->34208K(131584K)] 353535K->274759K(766464K), 0.0038729 secs] [Times: user=0.02 sys=0.00, real=0.00 secs] 
2098.772: [GC (Allocation Failure) [PSYoungGen: 112544K->2480K(131584K)] 353095K->243039K(766464K), 0.0017609 secs] [Times: user=0.01 sys=0.00, real=0.00 secs] 
2099.385: [GC (Allocation Failure) [PSYoungGen: 80304K->17728K(95232K)] 320863K->258295K(730112K), 0.0033678 secs] [Times: user=0.02 sys=0.00, real=0.00 secs] 
2100.048: [GC (Allocation Failure) [PSYoungGen: 95040K->34176K(125952K)] 335607K->274751K(760832K), 0.0054428 secs] [Times: user=0.02 sys=0.01, real=0.00 secs] 
2100.815: [GC (Allocation Failure) [PSYoungGen: 108928K->34176K(128512K)] 349503K->274759K(763392K), 0.0081111 secs] [Times: user=0.04 sys=0.00, real=0.00 secs] 
2101.795: [GC (Allocation Failure) [PSYoungGen: 108928K->1373K(122368K)] 349511K->241964K(757248K), 0.0029708 secs] [Times: user=0.02 sys=0.00, real=0.00 secs] 
2102.867: [GC (Allocation Failure) [PSYoungGen: 75613K->17856K(91648K)] 316204K->258463K(726528K), 0.0033238 secs] [Times: user=0.01 sys=0.00, real=0.00 secs] 
2103.175: [GC (Allocation Failure) [PSYoungGen: 91584K->34176K(124416K)] 332191K->274791K(759296K), 0.0034648 secs] [Times: user=0.01 sys=0.00, real=0.00 secs] 
2103.483: [GC (Allocation Failure) [PSYoungGen: 105856K->34208K(126464K)] 346471K->274831K(761344K), 0.0038014 secs] [Times: user=0.02 sys=0.00, real=0.01 secs] 
2104.090: [GC (Allocation Failure) [PSYoungGen: 105888K->1344K(134144K)] 346511K->241975K(769024K), 0.0030611 secs] [Times: user=0.01 sys=0.00, real=0.00 secs] 
2105.674: [GC (Allocation Failure) [PSYoungGen: 79680K->9632K(87552K)] 320311K->250271K(722432K), 0.0021568 secs] [Times: user=0.01 sys=0.00, real=0.01 secs] 
2106.326: [GC (Allocation Failure) [PSYoungGen: 81613K->17792K(136192K)] 322253K->258431K(771072K), 0.0057166 secs] [Times: user=0.03 sys=0.00, real=0.00 secs] 
2107.125: [GC (Allocation Failure) [PSYoungGen: 99200K->34176K(132608K)] 339839K->274823K(767488K), 0.0056255 secs] [Times: user=0.03 sys=0.00, real=0.00 secs] 
2108.175: [GC (Allocation Failure) [PSYoungGen: 115584K->1344K(126464K)] 356231K->241999K(761344K), 0.0037213 secs] [Times: user=0.02 sys=0.00, real=0.00 secs] 
2109.487: [GC (Allocation Failure) [PSYoungGen: 82240K->9632K(90112K)] 322895K->250295K(724992K), 0.0021022 secs] [Times: user=0.01 sys=0.00, real=0.00 secs] 
2109.745: [GC (Allocation Failure) [PSYoungGen: 80374K->17824K(123904K)] 321037K->258487K(758784K), 0.0024441 secs] [Times: user=0.01 sys=0.00, real=0.00 secs] 
2110.048: [GC (Allocation Failure) [PSYoungGen: 97696K->34176K(128000K)] 338359K->274847K(762880K), 0.0035095 secs] [Times: user=0.02 sys=0.00, real=0.00 secs] 
2110.714: [GC (Allocation Failure) [PSYoungGen: 114048K->1408K(122368K)] 354719K->242087K(757248K), 0.0018766 secs] [Times: user=0.01 sys=0.00, real=0.00 secs] 
2112.235: [GC (Allocation Failure) [PSYoungGen: 80768K->9632K(88576K)] 321447K->250319K(723456K), 0.0038668 secs] [Times: user=0.01 sys=0.00, real=0.00 secs] 
2112.793: [GC (Allocation Failure) [PSYoungGen: 85424K->17792K(121856K)] 326112K->258479K(756736K), 0.0035338 secs] [Times: user=0.02 sys=0.00, real=0.01 secs] 
2113.307: [GC (Allocation Failure) [PSYoungGen: 96128K->34144K(124416K)] 336815K->274847K(759296K), 0.0044073 secs] [Times: user=0.02 sys=0.00, real=0.00 secs] 
2113.938: [GC (Allocation Failure) [PSYoungGen: 111968K->1424K(126464K)] 352671K->242143K(761344K), 0.0023668 secs] [Times: user=0.00 sys=0.00, real=0.00 secs] 
2115.169: [GC (Allocation Failure) [PSYoungGen: 78736K->9648K(86528K)] 319455K->250375K(721408K), 0.0021082 secs] [Times: user=0.01 sys=0.00, real=0.00 secs] 
2115.825: [GC (Allocation Failure) [PSYoungGen: 86448K->17808K(118272K)] 327175K->258535K(753152K), 0.0024914 secs] [Times: user=0.01 sys=0.00, real=0.00 secs] 
2116.229: [GC (Allocation Failure) [PSYoungGen: 94096K->34160K(120832K)] 334823K->274895K(755712K), 0.0037173 secs] [Times: user=0.02 sys=0.00, real=0.00 secs] 
2116.561: [GC (Allocation Failure) [PSYoungGen: 109936K->1408K(122880K)] 350671K->242151K(757760K), 0.0018235 secs] [Times: user=0.01 sys=0.00, real=0.00 secs] 
2117.909: [GC (Allocation Failure) [PSYoungGen: 74754K->5568K(80384K)] 315497K->246319K(715264K), 0.0022721 secs] [Times: user=0.01 sys=0.00, real=0.00 secs] 
2118.704: [GC (Allocation Failure) [PSYoungGen: 80320K->17792K(116736K)] 321071K->258551K(751616K), 0.0042471 secs] [Times: user=0.02 sys=0.00, real=0.01 secs] 
2119.312: [GC (Allocation Failure) [PSYoungGen: 92032K->34176K(118784K)] 332791K->274943K(753664K), 0.0043356 secs] [Times: user=0.02 sys=0.00, real=0.01 secs] 
2120.076: [GC (Allocation Failure) [PSYoungGen: 107904K->1440K(120832K)] 348671K->242215K(755712K), 0.0023339 secs] [Times: user=0.01 sys=0.00, real=0.00 secs] 
2121.424: [GC (Allocation Failure) [PSYoungGen: 74656K->3520K(76288K)] 315431K->244303K(711168K), 0.0020416 secs] [Times: user=0.01 sys=0.00, real=0.00 secs] 
2121.991: [GC (Allocation Failure) [PSYoungGen: 76224K->17824K(115200K)] 317007K->258615K(750080K), 0.0030177 secs] [Times: user=0.01 sys=0.00, real=0.00 secs] 
2122.449: [GC (Allocation Failure) [PSYoungGen: 90016K->34176K(117248K)] 330807K->274975K(752128K), 0.0050689 secs] [Times: user=0.03 sys=0.00, real=0.01 secs] 
2123.170: [GC (Allocation Failure) [PSYoungGen: 105856K->34144K(118272K)] 346655K->274951K(753152K), 0.0048983 secs] [Times: user=0.02 sys=0.00, real=0.01 secs] 
2123.749: [GC (Allocation Failure) [PSYoungGen: 102752K->1376K(69632K)] 343559K->242191K(704512K), 0.0026120 secs] [Times: user=0.01 sys=0.00, real=0.00 secs] 
2124.977: [GC (Allocation Failure) [PSYoungGen: 69472K->9616K(114176K)] 310287K->250439K(749056K), 0.0021594 secs] [Times: user=0.01 sys=0.00, real=0.00 secs] 
2125.324: [GC (Allocation Failure) [PSYoungGen: 77200K->17776K(84992K)] 318023K->258607K(719872K), 0.0027829 secs] [Times: user=0.01 sys=0.00, real=0.01 secs] 
2125.534: [GC (Allocation Failure) [PSYoungGen: 84848K->34176K(110592K)] 325679K->275015K(745472K), 0.0035740 secs] [Times: user=0.02 sys=0.00, real=0.00 secs] 
2125.820: [GC (Allocation Failure) [PSYoungGen: 97664K->1376K(114176K)] 338503K->242223K(749056K), 0.0018778 secs] [Times: user=0.00 sys=0.00, real=0.00 secs] 
2126.850: [GC (Allocation Failure) [PSYoungGen: 64645K->256K(106496K)] 305492K->241111K(741376K), 0.0012358 secs] [Times: user=0.00 sys=0.00, real=0.00 secs] 
2127.423: [GC (Allocation Failure) [PSYoungGen: 63744K->9600K(73216K)] 304599K->250463K(708096K), 0.0020828 secs] [Times: user=0.01 sys=0.00, real=0.01 secs] 
2127.932: [GC (Allocation Failure) [PSYoungGen: 73088K->17792K(106496K)] 313951K->258663K(741376K), 0.0028742 secs] [Times: user=0.01 sys=0.00, real=0.01 secs] 
2128.345: [GC (Allocation Failure) [PSYoungGen: 81280K->34176K(108544K)] 322151K->275055K(743424K), 0.0039119 secs] [Times: user=0.02 sys=0.00, real=0.00 secs] 
2129.071: [GC (Allocation Failure) [PSYoungGen: 97664K->1408K(113152K)] 338543K->242295K(748032K), 0.0086450 secs] [Times: user=0.04 sys=0.00, real=0.01 secs] 
2130.496: [GC (Allocation Failure) [PSYoungGen: 65408K->1552K(66048K)] 306295K->242447K(700928K), 0.0016211 secs] [Times: user=0.01 sys=0.00, real=0.00 secs] 
2130.719: [GC (Allocation Failure) [PSYoungGen: 62847K->9568K(106496K)] 303743K->250487K(741376K), 0.0017908 secs] [Times: user=0.01 sys=0.00, real=0.00 secs] 
2130.945: [GC (Allocation Failure) [PSYoungGen: 72293K->17744K(109056K)] 313212K->258671K(743936K), 0.0021934 secs] [Times: user=0.01 sys=0.00, real=0.00 secs] 
2131.145: [GC (Allocation Failure) [PSYoungGen: 81744K->34176K(109056K)] 322671K->275111K(743936K), 0.0037482 secs] [Times: user=0.02 sys=0.00, real=0.00 secs] 
2131.420: [GC (Allocation Failure) [PSYoungGen: 99712K->1408K(113664K)] 340647K->242351K(748544K), 0.0020012 secs] [Times: user=0.01 sys=0.00, real=0.00 secs] 
2132.706: [GC (Allocation Failure) [PSYoungGen: 66944K->1936K(116736K)] 307887K->242887K(751616K), 0.0023005 secs] [Times: user=0.01 sys=0.00, real=0.00 secs] 
2133.684: [GC (Allocation Failure) [PSYoungGen: 74128K->17824K(89600K)] 315079K->258775K(724480K), 0.0034495 secs] [Times: user=0.01 sys=0.01, real=0.00 secs] 
2134.359: [GC (Allocation Failure) [PSYoungGen: 89504K->34192K(111616K)] 330455K->275143K(746496K), 0.0071861 secs] [Times: user=0.04 sys=0.00, real=0.01 secs] 
2135.125: [GC (Allocation Failure) [PSYoungGen: 101264K->34208K(116224K)] 342215K->275167K(751104K), 0.0046335 secs] [Times: user=0.02 sys=0.00, real=0.00 secs] 
2135.731: [GC (Allocation Failure) [PSYoungGen: 101280K->1360K(111104K)] 342239K->242327K(745984K), 0.0025969 secs] [Times: user=0.01 sys=0.00, real=0.00 secs] 
2136.963: [GC (Allocation Failure) [PSYoungGen: 67920K->9632K(75776K)] 308887K->250599K(710656K), 0.0020716 secs] [Times: user=0.01 sys=0.00, real=0.01 secs] 
2137.291: [GC (Allocation Failure) [PSYoungGen: 75680K->17824K(109568K)] 316647K->258799K(744448K), 0.0024206 secs] [Times: user=0.01 sys=0.00, real=0.00 secs] 
2137.496: [GC (Allocation Failure) [PSYoungGen: 83360K->34208K(112640K)] 324335K->275191K(747520K), 0.0032483 secs] [Times: user=0.02 sys=0.00, real=0.00 secs] 
2137.833: [GC (Allocation Failure) [PSYoungGen: 99744K->34176K(119808K)] 340727K->275167K(754688K), 0.0040719 secs] [Times: user=0.02 sys=0.00, real=0.01 secs] 
2138.314: [GC (Allocation Failure) [PSYoungGen: 103296K->1408K(122880K)] 344287K->242407K(757760K), 0.0035603 secs] [Times: user=0.02 sys=0.00, real=0.00 secs] 
2139.813: [GC (Allocation Failure) [PSYoungGen: 70528K->9664K(124416K)] 311527K->250663K(759296K), 0.0020333 secs] [Times: user=0.01 sys=0.00, real=0.01 secs] 
2140.448: [GC (Allocation Failure) [PSYoungGen: 78454K->17792K(93184K)] 319454K->258799K(728064K), 0.0023451 secs] [Times: user=0.01 sys=0.00, real=0.00 secs] 
2140.973: [GC (Allocation Failure) [PSYoungGen: 93056K->34208K(120320K)] 334063K->275223K(755200K), 0.0034512 secs] [Times: user=0.02 sys=0.00, real=0.01 secs] 
2141.875: [GC (Allocation Failure) [PSYoungGen: 106400K->1376K(73216K)] 347415K->242399K(708096K), 0.0022297 secs] [Times: user=0.01 sys=0.00, real=0.00 secs] 
2143.241: [GC (Allocation Failure) [PSYoungGen: 73056K->5568K(118784K)] 314079K->246607K(753664K), 0.0019841 secs] [Times: user=0.01 sys=0.00, real=0.00 secs] 
2143.485: [GC (Allocation Failure) [PSYoungGen: 76736K->17776K(88576K)] 317775K->258815K(723456K), 0.0024437 secs] [Times: user=0.01 sys=0.00, real=0.00 secs] 
2143.711: [GC (Allocation Failure) [PSYoungGen: 88432K->34176K(114176K)] 329471K->275223K(749056K), 0.0033725 secs] [Times: user=0.02 sys=0.00, real=0.01 secs] 
2143.991: [GC (Allocation Failure) [PSYoungGen: 101248K->34208K(117760K)] 342295K->275263K(752640K), 0.0035168 secs] [Times: user=0.02 sys=0.00, real=0.01 secs] 
2144.271: [GC (Allocation Failure) [PSYoungGen: 101280K->1424K(126976K)] 342335K->242479K(761856K), 0.0018245 secs] [Times: user=0.00 sys=0.00, real=0.00 secs] 
2145.298: [GC (Allocation Failure) [PSYoungGen: 72477K->9600K(127488K)] 313533K->250663K(762368K), 0.0019525 secs] [Times: user=0.01 sys=0.00, real=0.00 secs] 
2145.524: [GC (Allocation Failure) [PSYoungGen: 72292K->17792K(126976K)] 313355K->258863K(761856K), 0.0022313 secs] [Times: user=0.01 sys=0.00, real=0.01 secs] 
2145.795: [GC (Allocation Failure) [PSYoungGen: 99200K->34176K(129536K)] 340271K->275255K(764416K), 0.0031047 secs] [Times: user=0.02 sys=0.00, real=0.00 secs] 
2146.133: [GC (Allocation Failure) [PSYoungGen: 115584K->1408K(140800K)] 356663K->242495K(775680K), 0.0016392 secs] [Times: user=0.01 sys=0.00, real=0.01 secs] 
2147.087: [GC (Allocation Failure) [PSYoungGen: 91008K->9664K(98816K)] 332095K->250751K(733696K), 0.0018060 secs] [Times: user=0.01 sys=0.00, real=0.00 secs] 
2147.355: [GC (Allocation Failure) [PSYoungGen: 98752K->34176K(134144K)] 339839K->275271K(769024K), 0.0040249 secs] [Times: user=0.02 sys=0.00, real=0.00 secs] 
2147.727: [GC (Allocation Failure) [PSYoungGen: 119680K->34176K(137728K)] 360775K->275287K(772608K), 0.0031458 secs] [Times: user=0.02 sys=0.00, real=0.00 secs] 
2148.934: [GC (Allocation Failure) [PSYoungGen: 119545K->2496K(145920K)] 360656K->243615K(780800K), 0.0017190 secs] [Times: user=0.00 sys=0.00, real=0.00 secs] 
2149.578: [GC (Allocation Failure) [PSYoungGen: 95680K->17792K(110592K)] 336799K->258919K(745472K), 0.0031773 secs] [Times: user=0.01 sys=0.00, real=0.00 secs] 
2149.995: [GC (Allocation Failure) [PSYoungGen: 110464K->34176K(140800K)] 351591K->275327K(775680K), 0.0041959 secs] [Times: user=0.02 sys=0.00, real=0.00 secs] 
2150.896: [GC (Allocation Failure) [PSYoungGen: 124288K->1376K(91136K)] 365439K->242535K(726016K), 0.0042905 secs] [Times: user=0.01 sys=0.00, real=0.00 secs] 
2152.143: [GC (Allocation Failure) [PSYoungGen: 90976K->9664K(137728K)] 332135K->250831K(772608K), 0.0018702 secs] [Times: user=0.01 sys=0.00, real=0.01 secs] 
2152.411: [GC (Allocation Failure) [PSYoungGen: 98752K->34208K(140288K)] 339919K->275383K(775168K), 0.0032251 secs] [Times: user=0.02 sys=0.00, real=0.01 secs] 
2152.782: [GC (Allocation Failure) [PSYoungGen: 123296K->34176K(148480K)] 364471K->275351K(783360K), 0.0039881 secs] [Times: user=0.02 sys=0.00, real=0.01 secs] 
2153.820: [GC (Allocation Failure) [PSYoungGen: 127916K->3488K(97792K)] 369092K->244671K(732672K), 0.0017359 secs] [Times: user=0.01 sys=0.00, real=0.00 secs] 
2154.465: [GC (Allocation Failure) [PSYoungGen: 97696K->17824K(141312K)] 338879K->259015K(776192K), 0.0023488 secs] [Times: user=0.01 sys=0.00, real=0.00 secs] 
2155.158: [GC (Allocation Failure) [PSYoungGen: 111520K->34208K(144896K)] 352711K->275407K(779776K), 0.0031323 secs] [Times: user=0.01 sys=0.00, real=0.00 secs] 
2156.273: [GC (Allocation Failure) [PSYoungGen: 127392K->1376K(146432K)] 368591K->242583K(781312K), 0.0026911 secs] [Times: user=0.01 sys=0.00, real=0.01 secs] 
2157.701: [GC (Allocation Failure) [PSYoungGen: 94048K->17840K(110080K)] 335255K->259055K(744960K), 0.0031026 secs] [Times: user=0.02 sys=0.00, real=0.01 secs] 
2158.278: [GC (Allocation Failure) [PSYoungGen: 110000K->34208K(140288K)] 351215K->275431K(775168K), 0.0046002 secs] [Times: user=0.03 sys=0.00, real=0.00 secs] 
2159.181: [GC (Allocation Failure) [PSYoungGen: 123808K->1376K(90624K)] 365031K->242607K(725504K), 0.0025165 secs] [Times: user=0.01 sys=0.00, real=0.00 secs] 
2160.801: [GC (Allocation Failure) [PSYoungGen: 90464K->5504K(138240K)] 331695K->246735K(773120K), 0.0019103 secs] [Times: user=0.00 sys=0.00, real=0.00 secs] 
2161.349: [GC (Allocation Failure) [PSYoungGen: 94080K->17760K(105984K)] 335311K->258999K(740864K), 0.0025026 secs] [Times: user=0.01 sys=0.01, real=0.00 secs] 
2161.953: [GC (Allocation Failure) [PSYoungGen: 105824K->34144K(133632K)] 347063K->275399K(768512K), 0.0035362 secs] [Times: user=0.01 sys=0.00, real=0.01 secs] 
2163.987: [GC (Allocation Failure) [PSYoungGen: 119136K->1408K(86016K)] 360391K->242671K(720896K), 0.0042989 secs] [Times: user=0.02 sys=0.00, real=0.00 secs] 
2165.252: [GC (Allocation Failure) [PSYoungGen: 85674K->9664K(130048K)] 326938K->250935K(764928K), 0.0020811 secs] [Times: user=0.01 sys=0.00, real=0.00 secs] 
2165.529: [GC (Allocation Failure) [PSYoungGen: 93632K->34208K(132608K)] 334903K->275495K(767488K), 0.0032963 secs] [Times: user=0.02 sys=0.00, real=0.00 secs] 
2165.910: [GC (Allocation Failure) [PSYoungGen: 117664K->34208K(133632K)] 358951K->275503K(768512K), 0.0032089 secs] [Times: user=0.02 sys=0.00, real=0.00 secs] 
2166.291: [GC (Allocation Failure) [PSYoungGen: 115091K->352K(80896K)] 356387K->241647K(715776K), 0.0017494 secs] [Times: user=0.00 sys=0.00, real=0.00 secs] 
2167.715: [GC (Allocation Failure) [PSYoungGen: 80736K->17792K(126976K)] 322031K->259095K(761856K), 0.0021474 secs] [Times: user=0.01 sys=0.00, real=0.00 secs] 
2168.330: [GC (Allocation Failure) [PSYoungGen: 97664K->34176K(130560K)] 338967K->275487K(765440K), 0.0033285 secs] [Times: user=0.02 sys=0.00, real=0.00 secs] 
2169.091: [GC (Allocation Failure) [PSYoungGen: 113536K->34144K(131584K)] 354847K->275463K(766464K), 0.0034486 secs] [Times: user=0.01 sys=0.00, real=0.01 secs] 
2170.276: [GC (Allocation Failure) [PSYoungGen: 111456K->352K(77312K)] 352775K->241679K(712192K), 0.0013086 secs] [Times: user=0.01 sys=0.00, real=0.00 secs] 
2170.731: [GC (Allocation Failure) [PSYoungGen: 77152K->17856K(124928K)] 318479K->259191K(759808K), 0.0030123 secs] [Times: user=0.01 sys=0.00, real=0.01 secs] 
2171.246: [GC (Allocation Failure) [PSYoungGen: 94144K->34176K(128512K)] 335479K->275519K(763392K), 0.0068035 secs] [Times: user=0.03 sys=0.00, real=0.00 secs] 
2172.056: [GC (Allocation Failure) [PSYoungGen: 109952K->34176K(128512K)] 351295K->275527K(763392K), 0.0050326 secs] [Times: user=0.02 sys=0.01, real=0.00 secs] 
2172.930: [GC (Allocation Failure) [PSYoungGen: 107904K->1408K(74752K)] 349255K->242767K(709632K), 0.0032194 secs] [Times: user=0.02 sys=0.00, real=0.00 secs] 
2174.710: [GC (Allocation Failure) [PSYoungGen: 74624K->9632K(124928K)] 315983K->251007K(759808K), 0.0031552 secs] [Times: user=0.01 sys=0.00, real=0.00 secs] 
2175.184: [GC (Allocation Failure) [PSYoungGen: 75945K->17824K(90112K)] 317321K->259207K(724992K), 0.0029802 secs] [Times: user=0.01 sys=0.00, real=0.00 secs] 
2175.661: [GC (Allocation Failure) [PSYoungGen: 90016K->34208K(120832K)] 331399K->275599K(755712K), 0.0038443 secs] [Times: user=0.02 sys=0.00, real=0.01 secs] 
2176.097: [GC (Allocation Failure) [PSYoungGen: 103840K->1328K(70656K)] 345231K->242727K(705536K), 0.0019271 secs] [Times: user=0.01 sys=0.01, real=0.00 secs] 
2177.334: [GC (Allocation Failure) [PSYoungGen: 70448K->5568K(118784K)] 311847K->246975K(753664K), 0.0020413 secs] [Times: user=0.00 sys=0.00, real=0.00 secs] 
2177.756: [GC (Allocation Failure) [PSYoungGen: 74176K->17792K(86016K)] 315583K->259199K(720896K), 0.0024781 secs] [Times: user=0.01 sys=0.00, real=0.00 secs] 
2177.972: [GC (Allocation Failure) [PSYoungGen: 85888K->34176K(114176K)] 327295K->275591K(749056K), 0.0037032 secs] [Times: user=0.02 sys=0.00, real=0.01 secs] 
2178.244: [GC (Allocation Failure) [PSYoungGen: 99200K->34112K(117248K)] 340615K->275535K(752128K), 0.0037621 secs] [Times: user=0.01 sys=0.00, real=0.00 secs] 
2178.516: [GC (Allocation Failure) [PSYoungGen: 99136K->1376K(125952K)] 340559K->242807K(760832K), 0.0018787 secs] [Times: user=0.01 sys=0.00, real=0.00 secs] 
2179.788: [GC (Allocation Failure) [PSYoungGen: 73568K->9664K(126464K)] 314999K->251095K(761344K), 0.0023603 secs] [Times: user=0.01 sys=0.00, real=0.00 secs] 
2180.396: [GC (Allocation Failure) [PSYoungGen: 81856K->17776K(124416K)] 323287K->259231K(759296K), 0.0038760 secs] [Times: user=0.02 sys=0.00, real=0.00 secs] 
2180.921: [GC (Allocation Failure) [PSYoungGen: 96624K->34144K(128000K)] 338079K->275607K(762880K), 0.0044168 secs] [Times: user=0.02 sys=0.00, real=0.01 secs] 
2181.309: [GC (Allocation Failure) [PSYoungGen: 112992K->1376K(121344K)] 354455K->242847K(756224K), 0.0018449 secs] [Times: user=0.00 sys=0.00, real=0.00 secs] 
2182.476: [GC (Allocation Failure) [PSYoungGen: 79712K->9632K(87552K)] 321183K->251119K(722432K), 0.0021732 secs] [Times: user=0.01 sys=0.00, real=0.00 secs] 
2183.145: [GC (Allocation Failure) [PSYoungGen: 87456K->17792K(120320K)] 328943K->259287K(755200K), 0.0032754 secs] [Times: user=0.02 sys=0.00, real=0.00 secs] 
2183.882: [GC (Allocation Failure) [PSYoungGen: 95104K->34112K(123392K)] 336599K->275615K(758272K), 0.0071839 secs] [Times: user=0.03 sys=0.00, real=0.01 secs] 
2184.806: [GC (Allocation Failure) [PSYoungGen: 110912K->1376K(125952K)] 352415K->242887K(760832K), 0.0037222 secs] [Times: user=0.01 sys=0.00, real=0.00 secs] 
2186.109: [GC (Allocation Failure) [PSYoungGen: 75194K->5568K(81408K)] 316706K->247087K(716288K), 0.0015644 secs] [Times: user=0.00 sys=0.00, real=0.00 secs] 
2186.451: [GC (Allocation Failure) [PSYoungGen: 81344K->17792K(118272K)] 322863K->259319K(753152K), 0.0021629 secs] [Times: user=0.01 sys=0.00, real=0.00 secs] 
2186.918: [GC (Allocation Failure) [PSYoungGen: 93056K->34208K(120832K)] 334583K->275743K(755712K), 0.0036833 secs] [Times: user=0.01 sys=0.00, real=0.00 secs] 
2187.530: [GC (Allocation Failure) [PSYoungGen: 108960K->1408K(122880K)] 350495K->242951K(757760K), 0.0018354 secs] [Times: user=0.01 sys=0.00, real=0.00 secs] 
2188.896: [GC (Allocation Failure) [PSYoungGen: 75131K->3456K(77312K)] 316674K->245007K(712192K), 0.0019431 secs] [Times: user=0.01 sys=0.00, real=0.00 secs] 
2189.947: [GC (Allocation Failure) [PSYoungGen: 77184K->17792K(116736K)] 318735K->259343K(751616K), 0.0038112 secs] [Times: user=0.01 sys=0.00, real=0.00 secs] 
2190.669: [GC (Allocation Failure) [PSYoungGen: 91008K->34176K(118784K)] 332559K->275735K(753664K), 0.0052147 secs] [Times: user=0.02 sys=0.00, real=0.01 secs] 
2191.712: [GC (Allocation Failure) [PSYoungGen: 106880K->34176K(119808K)] 348439K->275743K(754688K), 0.0069190 secs] [Times: user=0.03 sys=0.00, real=0.01 secs] 
2192.593: [GC (Allocation Failure) [PSYoungGen: 103808K->1424K(70656K)] 345375K->242999K(705536K), 0.0028045 secs] [Times: user=0.01 sys=0.00, real=0.01 secs] 
2194.399: [GC (Allocation Failure) [PSYoungGen: 70544K->9664K(115712K)] 312119K->251247K(750592K), 0.0023003 secs] [Times: user=0.01 sys=0.00, real=0.00 secs] 
2194.638: [GC (Allocation Failure) [PSYoungGen: 75404K->17824K(86016K)] 316987K->259415K(720896K), 0.0026740 secs] [Times: user=0.01 sys=0.00, real=0.00 secs] 
2194.855: [GC (Allocation Failure) [PSYoungGen: 85920K->34176K(112128K)] 327511K->275783K(747008K), 0.0032908 secs] [Times: user=0.02 sys=0.00, real=0.00 secs] 
2195.389: [GC (Allocation Failure) [PSYoungGen: 98688K->1408K(115712K)] 340295K->243023K(750592K), 0.0020503 secs] [Times: user=0.01 sys=0.00, real=0.00 secs] 
2196.532: [GC (Allocation Failure) [PSYoungGen: 65920K->2464K(107008K)] 307535K->244087K(741888K), 0.0017354 secs] [Times: user=0.01 sys=0.00, real=0.01 secs] 
2196.737: [GC (Allocation Failure) [PSYoungGen: 66976K->17824K(114176K)] 308599K->259455K(749056K), 0.0021762 secs] [Times: user=0.01 sys=0.00, real=0.00 secs] 
2196.955: [GC (Allocation Failure) [PSYoungGen: 70557K->17760K(114688K)] 312189K->259415K(749568K), 0.0023461 secs] [Times: user=0.01 sys=0.00, real=0.00 secs] 
2197.184: [GC (Allocation Failure) [PSYoungGen: 88928K->34160K(116224K)] 330583K->275823K(751104K), 0.0030397 secs] [Times: user=0.01 sys=0.00, real=0.01 secs] 
2197.793: [GC (Allocation Failure) [PSYoungGen: 105328K->1376K(125952K)] 346991K->243047K(760832K), 0.0026657 secs] [Times: user=0.01 sys=0.00, real=0.01 secs] 
2199.733: [GC (Allocation Failure) [PSYoungGen: 79712K->5536K(83456K)] 321383K->247215K(718336K), 0.0044671 secs] [Times: user=0.02 sys=0.00, real=0.01 secs] 
2200.680: [GC (Allocation Failure) [PSYoungGen: 83360K->17776K(119808K)] 325039K->259455K(754688K), 0.0048943 secs] [Times: user=0.02 sys=0.00, real=0.01 secs] 
2201.374: [GC (Allocation Failure) [PSYoungGen: 95088K->34208K(121856K)] 336767K->275895K(756736K), 0.0056423 secs] [Times: user=0.03 sys=0.00, real=0.01 secs] 
2202.249: [GC (Allocation Failure) [PSYoungGen: 111008K->1440K(123904K)] 352695K->243135K(758784K), 0.0024409 secs] [Times: user=0.01 sys=0.00, real=0.00 secs] 
2203.856: [GC (Allocation Failure) [PSYoungGen: 77728K->5536K(81408K)] 319423K->247239K(716288K), 0.0017896 secs] [Times: user=0.00 sys=0.00, real=0.00 secs] 
2204.177: [GC (Allocation Failure) [PSYoungGen: 81312K->17792K(117760K)] 323015K->259503K(752640K), 0.0023990 secs] [Times: user=0.01 sys=0.00, real=0.00 secs] 
2204.429: [GC (Allocation Failure) [PSYoungGen: 93056K->34240K(120320K)] 334767K->275959K(755200K), 0.0035206 secs] [Times: user=0.02 sys=0.00, real=0.00 secs] 
2204.765: [GC (Allocation Failure) [PSYoungGen: 109504K->1376K(130560K)] 351223K->243103K(765440K), 0.0017804 secs] [Times: user=0.01 sys=0.00, real=0.00 secs] 
2205.978: [GC (Allocation Failure) [PSYoungGen: 83808K->5520K(87552K)] 325535K->247255K(722432K), 0.0020517 secs] [Times: user=0.00 sys=0.00, real=0.00 secs] 
2207.120: [GC (Allocation Failure) [PSYoungGen: 87440K->17760K(123904K)] 329175K->259503K(758784K), 0.0050523 secs] [Times: user=0.02 sys=0.00, real=0.01 secs] 
2208.075: [GC (Allocation Failure) [PSYoungGen: 99168K->34144K(125952K)] 340911K->275887K(760832K), 0.0079622 secs] [Times: user=0.04 sys=0.00, real=0.00 secs] 
2209.225: [GC (Allocation Failure) [PSYoungGen: 115040K->1376K(128000K)] 356783K->243127K(762880K), 0.0036629 secs] [Times: user=0.01 sys=0.00, real=0.00 secs] 
2210.632: [GC (Allocation Failure) [PSYoungGen: 81760K->5536K(85504K)] 323511K->247287K(720384K), 0.0020057 secs] [Times: user=0.01 sys=0.00, real=0.01 secs] 
2210.913: [GC (Allocation Failure) [PSYoungGen: 85408K->17824K(122368K)] 327159K->259583K(757248K), 0.0023386 secs] [Times: user=0.01 sys=0.00, real=0.01 secs] 
2211.175: [GC (Allocation Failure) [PSYoungGen: 97184K->34144K(124416K)] 338943K->275911K(759296K), 0.0032591 secs] [Times: user=0.01 sys=0.00, real=0.00 secs] 
2211.822: [GC (Allocation Failure) [PSYoungGen: 113504K->1376K(118784K)] 355271K->243151K(753664K), 0.0021802 secs] [Times: user=0.00 sys=0.00, real=0.01 secs] 
2213.244: [GC (Allocation Failure) [PSYoungGen: 78616K->5568K(83968K)] 320392K->247351K(718848K), 0.0019960 secs] [Times: user=0.00 sys=0.00, real=0.00 secs] 
2213.985: [GC (Allocation Failure) [PSYoungGen: 83904K->17760K(120832K)] 325687K->259559K(755712K), 0.0058473 secs] [Times: user=0.02 sys=0.00, real=0.00 secs] 
2214.824: [GC (Allocation Failure) [PSYoungGen: 95584K->34176K(122368K)] 337383K->275983K(757248K), 0.0064172 secs] [Times: user=0.03 sys=0.01, real=0.01 secs] 
2215.470: [GC (Allocation Failure) [PSYoungGen: 111488K->1408K(124416K)] 353295K->243223K(759296K), 0.0029718 secs] [Times: user=0.01 sys=0.00, real=0.00 secs] 
2216.861: [GC (Allocation Failure) [PSYoungGen: 78208K->5568K(81920K)] 320023K->247391K(716800K), 0.0018307 secs] [Times: user=0.01 sys=0.01, real=0.00 secs] 
2217.142: [GC (Allocation Failure) [PSYoungGen: 81856K->17776K(118784K)] 323679K->259607K(753664K), 0.0023628 secs] [Times: user=0.01 sys=0.00, real=0.01 secs] 
2217.389: [GC (Allocation Failure) [PSYoungGen: 93552K->34176K(120832K)] 335383K->276015K(755712K), 0.0030330 secs] [Times: user=0.02 sys=0.00, real=0.00 secs] 
2217.818: [GC (Allocation Failure) [PSYoungGen: 109952K->1344K(131072K)] 351791K->243191K(765952K), 0.0029881 secs] [Times: user=0.01 sys=0.00, real=0.00 secs] 
2219.208: [GC (Allocation Failure) [PSYoungGen: 84288K->5536K(88064K)] 326135K->247391K(722944K), 0.0019905 secs] [Times: user=0.01 sys=0.00, real=0.00 secs] 
2219.659: [GC (Allocation Failure) [PSYoungGen: 87968K->17760K(124928K)] 329823K->259623K(759808K), 0.0043944 secs] [Times: user=0.01 sys=0.00, real=0.00 secs] 
2220.314: [GC (Allocation Failure) [PSYoungGen: 99680K->34192K(126976K)] 341543K->276063K(761856K), 0.0057758 secs] [Times: user=0.03 sys=0.00, real=0.01 secs] 
2221.124: [GC (Allocation Failure) [PSYoungGen: 116112K->1376K(121344K)] 357983K->243255K(756224K), 0.0026091 secs] [Times: user=0.01 sys=0.00, real=0.01 secs] 
2222.520: [GC (Allocation Failure) [PSYoungGen: 82784K->9664K(90624K)] 324663K->251551K(725504K), 0.0019425 secs] [Times: user=0.01 sys=0.00, real=0.00 secs] 
2223.237: [GC (Allocation Failure) [PSYoungGen: 90560K->17792K(121856K)] 332447K->259687K(756736K), 0.0029136 secs] [Times: user=0.02 sys=0.00, real=0.00 secs] 
2223.838: [GC (Allocation Failure) [PSYoungGen: 98176K->34176K(123904K)] 340071K->276087K(758784K), 0.0048836 secs] [Times: user=0.02 sys=0.01, real=0.00 secs] 
2224.512: [GC (Allocation Failure) [PSYoungGen: 114048K->1424K(126464K)] 355959K->243343K(761344K), 0.0021430 secs] [Times: user=0.01 sys=0.00, real=0.01 secs] 
2225.880: [GC (Allocation Failure) [PSYoungGen: 80784K->9632K(88576K)] 322703K->251559K(723456K), 0.0019114 secs] [Times: user=0.01 sys=0.00, real=0.00 secs] 
2226.182: [GC (Allocation Failure) [PSYoungGen: 88480K->17824K(119296K)] 330407K->259759K(754176K), 0.0021641 secs] [Times: user=0.01 sys=0.00, real=0.01 secs] 
2226.439: [GC (Allocation Failure) [PSYoungGen: 96160K->34176K(121344K)] 338095K->276119K(756224K), 0.0029173 secs] [Times: user=0.02 sys=0.00, real=0.00 secs] 
2226.960: [GC (Allocation Failure) [PSYoungGen: 112000K->1408K(123904K)] 353943K->243359K(758784K), 0.0018761 secs] [Times: user=0.00 sys=0.00, real=0.00 secs] 
2228.347: [GC (Allocation Failure) [PSYoungGen: 78720K->9664K(86528K)] 320671K->251623K(721408K), 0.0019205 secs] [Times: user=0.01 sys=0.00, real=0.00 secs] 
2229.261: [GC (Allocation Failure) [PSYoungGen: 86464K->17792K(117760K)] 328423K->259759K(752640K), 0.0058583 secs] [Times: user=0.02 sys=0.00, real=0.01 secs] 
2229.775: [GC (Allocation Failure) [PSYoungGen: 94080K->34208K(119296K)] 336047K->276183K(754176K), 0.0057433 secs] [Times: user=0.03 sys=0.01, real=0.00 secs] 
2230.355: [GC (Allocation Failure) [PSYoungGen: 109984K->1408K(121344K)] 351959K->243391K(756224K), 0.0019163 secs] [Times: user=0.01 sys=0.00, real=0.00 secs] 
2231.721: [GC (Allocation Failure) [PSYoungGen: 76672K->5536K(80384K)] 318655K->247527K(715264K), 0.0024048 secs] [Times: user=0.01 sys=0.00, real=0.00 secs] 
2231.981: [GC (Allocation Failure) [PSYoungGen: 80288K->17824K(116224K)] 322279K->259823K(751104K), 0.0025155 secs] [Times: user=0.01 sys=0.00, real=0.01 secs] 
2232.238: [GC (Allocation Failure) [PSYoungGen: 92064K->34208K(118272K)] 334063K->276215K(753152K), 0.0044080 secs] [Times: user=0.02 sys=0.00, real=0.00 secs] 
2232.534: [GC (Allocation Failure) [PSYoungGen: 108448K->1424K(129024K)] 350455K->243447K(763904K), 0.0018608 secs] [Times: user=0.01 sys=0.00, real=0.00 secs] 
2233.503: [GC (Allocation Failure) [PSYoungGen: 83344K->5504K(87040K)] 325367K->247535K(721920K), 0.0018385 secs] [Times: user=0.00 sys=0.00, real=0.01 secs] 
2233.887: [GC (Allocation Failure) [PSYoungGen: 86912K->17824K(123392K)] 328943K->259863K(758272K), 0.0023468 secs] [Times: user=0.01 sys=0.00, real=0.00 secs] 
2234.366: [GC (Allocation Failure) [PSYoungGen: 98720K->34208K(124928K)] 340759K->276255K(759808K), 0.0032864 secs] [Times: user=0.01 sys=0.00, real=0.00 secs] 
2234.971: [GC (Allocation Failure) [PSYoungGen: 114592K->1344K(126976K)] 356639K->243399K(761856K), 0.0016686 secs] [Times: user=0.01 sys=0.00, real=0.00 secs] 
2236.208: [GC (Allocation Failure) [PSYoungGen: 81216K->5568K(84992K)] 323271K->247631K(719872K), 0.0018010 secs] [Times: user=0.01 sys=0.00, real=0.00 secs] 
2236.486: [GC (Allocation Failure) [PSYoungGen: 84928K->17792K(120832K)] 326991K->259863K(755712K), 0.0023233 secs] [Times: user=0.01 sys=0.00, real=0.00 secs] 
2236.763: [GC (Allocation Failure) [PSYoungGen: 96640K->34176K(123392K)] 338711K->276255K(758272K), 0.0030998 secs] [Times: user=0.01 sys=0.00, real=0.01 secs] 
2237.091: [GC (Allocation Failure) [PSYoungGen: 113024K->1392K(118272K)] 355103K->243479K(753152K), 0.0017377 secs] [Times: user=0.01 sys=0.00, real=0.00 secs] 
2238.106: [GC (Allocation Failure) [PSYoungGen: 79186K->5536K(83456K)] 321274K->247631K(718336K), 0.0018998 secs] [Times: user=0.01 sys=0.00, real=0.00 secs] 
2238.379: [GC (Allocation Failure) [PSYoungGen: 83360K->17760K(119296K)] 325455K->259863K(754176K), 0.0022523 secs] [Times: user=0.01 sys=0.00, real=0.00 secs] 
2238.632: [GC (Allocation Failure) [PSYoungGen: 95072K->34176K(121856K)] 337175K->276287K(756736K), 0.0030714 secs] [Times: user=0.02 sys=0.00, real=0.01 secs] 
2238.998: [GC (Allocation Failure) [PSYoungGen: 111488K->1376K(132096K)] 353599K->243495K(766976K), 0.0023171 secs] [Times: user=0.01 sys=0.00, real=0.00 secs] 
2240.204: [GC (Allocation Failure) [PSYoungGen: 82639K->5568K(90112K)] 324759K->247695K(724992K), 0.0019263 secs] [Times: user=0.01 sys=0.00, real=0.00 secs] 
2240.836: [GC (Allocation Failure) [PSYoungGen: 90048K->17760K(125952K)] 332175K->259895K(760832K), 0.0031942 secs] [Times: user=0.01 sys=0.00, real=0.00 secs] 
2241.225: [GC (Allocation Failure) [PSYoungGen: 101728K->34176K(128000K)] 343863K->276319K(762880K), 0.0036080 secs] [Times: user=0.02 sys=0.00, real=0.00 secs] 
2241.573: [GC (Allocation Failure) [PSYoungGen: 117632K->1376K(129536K)] 359775K->243535K(764416K), 0.0018808 secs] [Times: user=0.01 sys=0.00, real=0.01 secs] 
2242.523: [GC (Allocation Failure) [PSYoungGen: 84320K->9664K(92160K)] 326479K->251831K(727040K), 0.0019807 secs] [Times: user=0.01 sys=0.00, real=0.01 secs] 
2242.809: [GC (Allocation Failure) [PSYoungGen: 83668K->17760K(123392K)] 325836K->259935K(758272K), 0.0023198 secs] [Times: user=0.01 sys=0.00, real=0.00 secs] 
2243.087: [GC (Allocation Failure) [PSYoungGen: 99680K->34176K(125952K)] 341855K->276359K(760832K), 0.0031867 secs] [Times: user=0.01 sys=0.00, real=0.00 secs] 
2243.428: [GC (Allocation Failure) [PSYoungGen: 116096K->1392K(136704K)] 358279K->243583K(771584K), 0.0019371 secs] [Times: user=0.00 sys=0.00, real=0.00 secs] 
2244.406: [GC (Allocation Failure) [PSYoungGen: 89712K->9632K(98816K)] 331904K->251831K(733696K), 0.0017877 secs] [Times: user=0.01 sys=0.00, real=0.00 secs] 
2244.706: [GC (Allocation Failure) [PSYoungGen: 98720K->34240K(130560K)] 340919K->276447K(765440K), 0.0042957 secs] [Times: user=0.02 sys=0.00, real=0.00 secs] 
2245.061: [GC (Allocation Failure) [PSYoungGen: 119232K->34176K(134656K)] 361439K->276391K(769536K), 0.0046192 secs] [Times: user=0.01 sys=0.00, real=0.01 secs] 
2246.119: [GC (Allocation Failure) [PSYoungGen: 119168K->2480K(143872K)] 361383K->244703K(778752K), 0.0017757 secs] [Times: user=0.01 sys=0.00, real=0.00 secs] 
2246.864: [GC (Allocation Failure) [PSYoungGen: 95664K->17808K(110592K)] 337887K->260039K(745472K), 0.0041239 secs] [Times: user=0.01 sys=0.00, real=0.01 secs] 
2247.519: [GC (Allocation Failure) [PSYoungGen: 110480K->34240K(138752K)] 352711K->276479K(773632K), 0.0120509 secs] [Times: user=0.06 sys=0.00, real=0.01 secs] 
2248.209: [GC (Allocation Failure) [PSYoungGen: 123840K->1408K(141824K)] 366079K->243655K(776704K), 0.0023092 secs] [Times: user=0.01 sys=0.00, real=0.00 secs] 
2251.037: [GC (Allocation Failure) [PSYoungGen: 91008K->9632K(126976K)] 333255K->251887K(761856K), 0.0030910 secs] [Times: user=0.01 sys=0.00, real=0.00 secs] 
2251.441: [GC (Allocation Failure) [PSYoungGen: 98720K->34208K(138752K)] 340975K->276463K(773632K), 0.0035542 secs] [Times: user=0.01 sys=0.00, real=0.01 secs] 
2251.812: [GC (Allocation Failure) [PSYoungGen: 123296K->34144K(148480K)] 365551K->276407K(783360K), 0.0059947 secs] [Times: user=0.03 sys=0.01, real=0.01 secs] 
2252.829: [GC (Allocation Failure) [PSYoungGen: 128409K->3472K(150528K)] 370673K->245751K(785408K), 0.0017944 secs] [Times: user=0.01 sys=0.00, real=0.00 secs] 
2253.164: [GC (Allocation Failure) [PSYoungGen: 98704K->17808K(152064K)] 340983K->260095K(786944K), 0.0021849 secs] [Times: user=0.01 sys=0.00, real=0.00 secs] 
2253.775: [GC (Allocation Failure) [PSYoungGen: 122256K->34208K(154624K)] 364543K->276503K(789504K), 0.0034883 secs] [Times: user=0.02 sys=0.00, real=0.00 secs] 
2254.926: [GC (Allocation Failure) [PSYoungGen: 137632K->17840K(148992K)] 379927K->260143K(783872K), 0.0022163 secs] [Times: user=0.01 sys=0.01, real=0.00 secs] 
2255.551: [GC (Allocation Failure) [PSYoungGen: 120240K->34128K(152064K)] 362543K->276439K(786944K), 0.0031806 secs] [Times: user=0.02 sys=0.00, real=0.01 secs] 
2256.327: [GC (Allocation Failure) [PSYoungGen: 135504K->1408K(152576K)] 377815K->243759K(787456K), 0.0017065 secs] [Times: user=0.00 sys=0.00, real=0.00 secs] 
2257.361: [GC (Allocation Failure) [PSYoungGen: 101760K->17792K(117248K)] 344111K->260151K(752128K), 0.0023204 secs] [Times: user=0.01 sys=0.00, real=0.00 secs] 
2257.706: [GC (Allocation Failure) [PSYoungGen: 117120K->34144K(146944K)] 359479K->276503K(781824K), 0.0033312 secs] [Times: user=0.01 sys=0.01, real=0.00 secs] 
2258.131: [GC (Allocation Failure) [PSYoungGen: 130912K->1376K(97280K)] 373271K->243743K(732160K), 0.0026694 secs] [Times: user=0.01 sys=0.00, real=0.01 secs] 
2260.896: [GC (Allocation Failure) [PSYoungGen: 94357K->9568K(143360K)] 336725K->251943K(778240K), 0.0044372 secs] [Times: user=0.02 sys=0.00, real=0.00 secs] 
2261.586: [GC (Allocation Failure) [PSYoungGen: 104800K->34192K(145408K)] 347175K->276575K(780288K), 0.0057326 secs] [Times: user=0.03 sys=0.00, real=0.00 secs] 
2262.474: [GC (Allocation Failure) [PSYoungGen: 128912K->1408K(146432K)] 371295K->243799K(781312K), 0.0024790 secs] [Times: user=0.01 sys=0.00, real=0.00 secs] 
2264.101: [GC (Allocation Failure) [PSYoungGen: 94698K->5536K(99328K)] 337090K->247943K(734208K), 0.0017391 secs] [Times: user=0.01 sys=0.00, real=0.00 secs] 
2264.481: [GC (Allocation Failure) [PSYoungGen: 99232K->17760K(138240K)] 341639K->260175K(773120K), 0.0022419 secs] [Times: user=0.01 sys=0.00, real=0.00 secs] 
2264.801: [GC (Allocation Failure) [PSYoungGen: 110944K->34176K(141312K)] 353359K->276591K(776192K), 0.0030859 secs] [Times: user=0.02 sys=0.00, real=0.01 secs] 
2265.485: [GC (Allocation Failure) [PSYoungGen: 126848K->320K(142848K)] 369263K->242743K(777728K), 0.0022080 secs] [Times: user=0.01 sys=0.00, real=0.00 secs] 
2266.643: [GC (Allocation Failure) [PSYoungGen: 92480K->17840K(109568K)] 334903K->260271K(744448K), 0.0022844 secs] [Times: user=0.01 sys=0.00, real=0.01 secs] 
2266.955: [GC (Allocation Failure) [PSYoungGen: 109488K->34208K(136704K)] 351919K->276647K(771584K), 0.0041896 secs] [Times: user=0.02 sys=0.00, real=0.00 secs] 
2267.325: [GC (Allocation Failure) [PSYoungGen: 122272K->1376K(89088K)] 364711K->243823K(723968K), 0.0026896 secs] [Times: user=0.01 sys=0.00, real=0.00 secs] 
2268.920: [GC (Allocation Failure) [PSYoungGen: 88928K->9632K(133120K)] 331375K->252087K(768000K), 0.0023646 secs] [Times: user=0.01 sys=0.00, real=0.00 secs] 
2270.208: [GC (Allocation Failure) [PSYoungGen: 94349K->17760K(104448K)] 336805K->260223K(739328K), 0.0067665 secs] [Times: user=0.02 sys=0.00, real=0.01 secs] 
2270.913: [GC (Allocation Failure) [PSYoungGen: 104288K->34144K(129536K)] 346751K->276615K(764416K), 0.0054438 secs] [Times: user=0.02 sys=0.00, real=0.01 secs] 
2271.510: [GC (Allocation Failure) [PSYoungGen: 117088K->1344K(83968K)] 359559K->243823K(718848K), 0.0019041 secs] [Times: user=0.01 sys=0.00, real=0.00 secs] 
2272.945: [GC (Allocation Failure) [PSYoungGen: 83776K->9600K(126464K)] 326255K->252087K(761344K), 0.0027671 secs] [Times: user=0.01 sys=0.00, real=0.00 secs] 
2273.541: [GC (Allocation Failure) [PSYoungGen: 91520K->34176K(129024K)] 334007K->276671K(763904K), 0.0074022 secs] [Times: user=0.03 sys=0.00, real=0.01 secs] 
2274.552: [GC (Allocation Failure) [PSYoungGen: 115584K->34208K(129536K)] 358079K->276711K(764416K), 0.0079325 secs] [Times: user=0.04 sys=0.00, real=0.01 secs] 
2275.290: [GC (Allocation Failure) [PSYoungGen: 112544K->1408K(79360K)] 355047K->243919K(714240K), 0.0029496 secs] [Times: user=0.01 sys=0.00, real=0.00 secs] 
2276.969: [GC (Allocation Failure) [PSYoungGen: 74395K->9600K(126464K)] 316907K->252119K(761344K), 0.0025451 secs] [Times: user=0.01 sys=0.00, real=0.00 secs] 
2277.667: [GC (Allocation Failure) [PSYoungGen: 72951K->17792K(94720K)] 315471K->260319K(729600K), 0.0043688 secs] [Times: user=0.01 sys=0.00, real=0.00 secs] 
2278.410: [GC (Allocation Failure) [PSYoungGen: 94592K->34160K(122368K)] 337119K->276695K(757248K), 0.0061564 secs] [Times: user=0.03 sys=0.00, real=0.01 secs] 
2279.296: [GC (Allocation Failure) [PSYoungGen: 107888K->1408K(74752K)] 350423K->243951K(709632K), 0.0030435 secs] [Times: user=0.01 sys=0.00, real=0.00 secs] 
2280.470: [GC (Allocation Failure) [PSYoungGen: 72254K->5504K(120320K)] 314798K->248055K(755200K), 0.0017220 secs] [Times: user=0.00 sys=0.00, real=0.00 secs] 
2280.721: [GC (Allocation Failure) [PSYoungGen: 78208K->17792K(90112K)] 320759K->260351K(724992K), 0.0022307 secs] [Times: user=0.01 sys=0.00, real=0.00 secs] 
2280.953: [GC (Allocation Failure) [PSYoungGen: 89984K->34176K(115712K)] 332543K->276743K(750592K), 0.0034617 secs] [Times: user=0.02 sys=0.00, real=0.01 secs] 
2281.240: [GC (Allocation Failure) [PSYoungGen: 102784K->34176K(119296K)] 345351K->276751K(754176K), 0.0043597 secs] [Times: user=0.02 sys=0.00, real=0.01 secs] 
2282.177: [GC (Allocation Failure) [PSYoungGen: 102332K->256K(128000K)] 344907K->242847K(762880K), 0.0014331 secs] [Times: user=0.01 sys=0.00, real=0.00 secs] 
2283.152: [GC (Allocation Failure) [PSYoungGen: 75520K->17760K(92672K)] 318111K->260351K(727552K), 0.0046522 secs] [Times: user=0.02 sys=0.00, real=0.01 secs] 
2283.465: [GC (Allocation Failure) [PSYoungGen: 92512K->34208K(121856K)] 335103K->276815K(756736K), 0.0044008 secs] [Times: user=0.02 sys=0.00, real=0.00 secs] 
2283.766: [GC (Allocation Failure) [PSYoungGen: 105888K->34176K(124928K)] 348495K->276791K(759808K), 0.0035595 secs] [Times: user=0.02 sys=0.00, real=0.00 secs] 
2284.070: [GC (Allocation Failure) [PSYoungGen: 105856K->1376K(134656K)] 348471K->243999K(769536K), 0.0018995 secs] [Times: user=0.01 sys=0.00, real=0.00 secs] 
2285.131: [GC (Allocation Failure) [PSYoungGen: 80736K->9600K(134656K)] 323359K->252231K(769536K), 0.0019431 secs] [Times: user=0.01 sys=0.00, real=0.00 secs] 
2285.378: [GC (Allocation Failure) [PSYoungGen: 78026K->17728K(133632K)] 320657K->260359K(768512K), 0.0022367 secs] [Times: user=0.01 sys=0.00, real=0.00 secs] 
2285.721: [GC (Allocation Failure) [PSYoungGen: 104768K->34176K(136704K)] 347399K->276815K(771584K), 0.0031117 secs] [Times: user=0.02 sys=0.00, real=0.01 secs] 
2286.093: [GC (Allocation Failure) [PSYoungGen: 121216K->1376K(146944K)] 363855K->244023K(781824K), 0.0019117 secs] [Times: user=0.00 sys=0.00, real=0.01 secs] 
2287.244: [GC (Allocation Failure) [PSYoungGen: 96608K->17824K(112640K)] 339255K->260479K(747520K), 0.0023878 secs] [Times: user=0.01 sys=0.00, real=0.01 secs] 
2287.647: [GC (Allocation Failure) [PSYoungGen: 112544K->34176K(140288K)] 355199K->276839K(775168K), 0.0062298 secs] [Times: user=0.03 sys=0.00, real=0.00 secs] 
2288.237: [GC (Allocation Failure) [PSYoungGen: 125824K->1376K(143360K)] 368487K->244047K(778240K), 0.0031793 secs] [Times: user=0.01 sys=0.00, real=0.00 secs] 
2289.547: [GC (Allocation Failure) [PSYoungGen: 93024K->9632K(129536K)] 335695K->252311K(764416K), 0.0021081 secs] [Times: user=0.01 sys=0.00, real=0.00 secs] 
2289.921: [GC (Allocation Failure) [PSYoungGen: 90660K->17824K(108544K)] 333340K->260511K(743424K), 0.0023497 secs] [Times: user=0.01 sys=0.00, real=0.00 secs] 
2290.296: [GC (Allocation Failure) [PSYoungGen: 108448K->34208K(133632K)] 351135K->276895K(768512K), 0.0048529 secs] [Times: user=0.03 sys=0.00, real=0.00 secs] 
2290.796: [GC (Allocation Failure) [PSYoungGen: 121248K->1376K(88064K)] 363935K->244095K(722944K), 0.0018714 secs] [Times: user=0.01 sys=0.00, real=0.00 secs] 
2292.145: [GC (Allocation Failure) [PSYoungGen: 87904K->17824K(129536K)] 330623K->260551K(764416K), 0.0029150 secs] [Times: user=0.01 sys=0.00, real=0.00 secs] 
2292.848: [GC (Allocation Failure) [PSYoungGen: 103840K->34176K(132608K)] 346567K->276911K(767488K), 0.0046798 secs] [Times: user=0.02 sys=0.00, real=0.00 secs] 
2293.509: [GC (Allocation Failure) [PSYoungGen: 119680K->34208K(133632K)] 362415K->276943K(768512K), 0.0049321 secs] [Times: user=0.02 sys=0.00, real=0.01 secs] 
2294.753: [GC (Allocation Failure) [PSYoungGen: 117152K->3488K(86016K)] 359887K->246231K(720896K), 0.0019887 secs] [Times: user=0.01 sys=0.00, real=0.01 secs] 
2295.083: [GC (Allocation Failure) [PSYoungGen: 85920K->17824K(126976K)] 328663K->260575K(761856K), 0.0023324 secs] [Times: user=0.01 sys=0.00, real=0.01 secs] 
2295.528: [GC (Allocation Failure) [PSYoungGen: 99744K->34176K(130560K)] 342495K->276935K(765440K), 0.0038417 secs] [Times: user=0.01 sys=0.00, real=0.00 secs] 
2296.321: [GC (Allocation Failure) [PSYoungGen: 115584K->1408K(132608K)] 358343K->244175K(767488K), 0.0035391 secs] [Times: user=0.01 sys=0.00, real=0.01 secs] 
2297.939: [GC (Allocation Failure) [PSYoungGen: 82304K->5536K(86016K)] 325071K->248311K(720896K), 0.0019277 secs] [Times: user=0.01 sys=0.00, real=0.00 secs] 
2298.463: [GC (Allocation Failure) [PSYoungGen: 85920K->17824K(124928K)] 328695K->260607K(759808K), 0.0023893 secs] [Times: user=0.01 sys=0.00, real=0.01 secs] 
2298.990: [GC (Allocation Failure) [PSYoungGen: 97696K->34176K(127488K)] 340479K->276967K(762368K), 0.0034435 secs] [Times: user=0.01 sys=0.00, real=0.00 secs] 
2299.664: [GC (Allocation Failure) [PSYoungGen: 113536K->1344K(128512K)] 356327K->244143K(763392K), 0.0047125 secs] [Times: user=0.02 sys=0.00, real=0.00 secs] 
2301.145: [GC (Allocation Failure) [PSYoungGen: 80170K->5536K(83968K)] 322970K->248343K(718848K), 0.0018538 secs] [Times: user=0.01 sys=0.00, real=0.00 secs] 
2301.797: [GC (Allocation Failure) [PSYoungGen: 83872K->17792K(121856K)] 326679K->260607K(756736K), 0.0026910 secs] [Times: user=0.01 sys=0.00, real=0.00 secs] 
2302.245: [GC (Allocation Failure) [PSYoungGen: 95616K->34208K(124416K)] 338431K->277031K(759296K), 0.0035276 secs] [Times: user=0.02 sys=0.00, real=0.00 secs] 
2302.901: [GC (Allocation Failure) [PSYoungGen: 111520K->1408K(125952K)] 354343K->244239K(760832K), 0.0019281 secs] [Times: user=0.01 sys=0.00, real=0.00 secs] 
2304.309: [GC (Allocation Failure) [PSYoungGen: 78208K->5536K(81920K)] 321039K->248383K(716800K), 0.0018874 secs] [Times: user=0.01 sys=0.00, real=0.00 secs] 
2305.057: [GC (Allocation Failure) [PSYoungGen: 81824K->17760K(118784K)] 324671K->260615K(753664K), 0.0025875 secs] [Times: user=0.01 sys=0.00, real=0.00 secs] 
2305.717: [GC (Allocation Failure) [PSYoungGen: 93536K->34176K(121344K)] 336391K->277031K(756224K), 0.0033684 secs] [Times: user=0.02 sys=0.00, real=0.00 secs] 
2306.504: [GC (Allocation Failure) [PSYoungGen: 109440K->1408K(123392K)] 352295K->244271K(758272K), 0.0016593 secs] [Times: user=0.00 sys=0.00, real=0.00 secs] 
2307.904: [GC (Allocation Failure) [PSYoungGen: 76160K->3488K(77824K)] 319023K->246359K(712704K), 0.0019013 secs] [Times: user=0.01 sys=0.00, real=0.00 secs] 
2309.169: [GC (Allocation Failure) [PSYoungGen: 77728K->17792K(117248K)] 320599K->260671K(752128K), 0.0031481 secs] [Times: user=0.01 sys=0.01, real=0.00 secs] 
2309.707: [GC (Allocation Failure) [PSYoungGen: 91520K->34176K(119296K)] 334399K->277063K(754176K), 0.0037879 secs] [Times: user=0.02 sys=0.00, real=0.00 secs] 
2310.351: [GC (Allocation Failure) [PSYoungGen: 107392K->34176K(120320K)] 350279K->277071K(755200K), 0.0037905 secs] [Times: user=0.02 sys=0.00, real=0.01 secs] 
2310.648: [GC (Allocation Failure) [PSYoungGen: 104320K->1376K(71168K)] 347215K->244279K(706048K), 0.0019633 secs] [Times: user=0.01 sys=0.00, real=0.00 secs] 
2312.831: [GC (Allocation Failure) [PSYoungGen: 71008K->9632K(116224K)] 313911K->252543K(751104K), 0.0031106 secs] [Times: user=0.01 sys=0.00, real=0.01 secs] 
2313.329: [GC (Allocation Failure) [PSYoungGen: 75852K->17760K(86528K)] 318764K->260679K(721408K), 0.0032700 secs] [Times: user=0.01 sys=0.00, real=0.00 secs] 
2313.882: [GC (Allocation Failure) [PSYoungGen: 86368K->34208K(112640K)] 329287K->277135K(747520K), 0.0043632 secs] [Times: user=0.02 sys=0.00, real=0.01 secs] 
2314.581: [GC (Allocation Failure) [PSYoungGen: 99232K->1408K(66560K)] 342159K->244343K(701440K), 0.0037770 secs] [Times: user=0.02 sys=0.00, real=0.01 secs] 
2316.148: [GC (Allocation Failure) [PSYoungGen: 66432K->3536K(113664K)] 309367K->246479K(748544K), 0.0026624 secs] [Times: user=0.01 sys=0.00, real=0.00 secs] 
2317.770: [GC (Allocation Failure) [PSYoungGen: 68560K->17760K(82944K)] 311503K->260711K(717824K), 0.0067626 secs] [Times: user=0.03 sys=0.00, real=0.01 secs] 
2318.389: [GC (Allocation Failure) [PSYoungGen: 69697K->17792K(108032K)] 312649K->260751K(742912K), 0.0044197 secs] [Times: user=0.02 sys=0.00, real=0.00 secs] 
2318.785: [GC (Allocation Failure) [PSYoungGen: 82816K->34208K(110080K)] 325775K->277175K(744960K), 0.0055697 secs] [Times: user=0.02 sys=0.00, real=0.00 secs] 
2319.318: [GC (Allocation Failure) [PSYoungGen: 99232K->1376K(119808K)] 342199K->244351K(754688K), 0.0036585 secs] [Times: user=0.01 sys=0.00, real=0.00 secs] 
2320.509: [GC (Allocation Failure) [PSYoungGen: 72544K->3488K(74240K)] 315519K->246471K(709120K), 0.0019477 secs] [Times: user=0.01 sys=0.00, real=0.00 secs] 
2321.020: [GC (Allocation Failure) [PSYoungGen: 74144K->17792K(112640K)] 317127K->260775K(747520K), 0.0023571 secs] [Times: user=0.01 sys=0.00, real=0.00 secs] 
2321.485: [GC (Allocation Failure) [PSYoungGen: 87936K->34144K(115200K)] 330919K->277135K(750080K), 0.0061889 secs] [Times: user=0.03 sys=0.00, real=0.00 secs] 
2322.106: [GC (Allocation Failure) [PSYoungGen: 104288K->34176K(122368K)] 347279K->277175K(757248K), 0.0069789 secs] [Times: user=0.02 sys=0.01, real=0.00 secs] 
2322.455: [GC (Allocation Failure) [PSYoungGen: 107392K->1408K(125952K)] 350391K->244407K(760832K), 0.0017566 secs] [Times: user=0.01 sys=0.00, real=0.00 secs] 
2324.112: [GC (Allocation Failure) [PSYoungGen: 74624K->9632K(112128K)] 317623K->252639K(747008K), 0.0023863 secs] [Times: user=0.01 sys=0.00, real=0.01 secs] 
2325.257: [GC (Allocation Failure) [PSYoungGen: 80305K->17824K(90112K)] 323313K->260847K(724992K), 0.0066047 secs] [Times: user=0.03 sys=0.00, real=0.01 secs] 
2325.746: [GC (Allocation Failure) [PSYoungGen: 90016K->34176K(115712K)] 333039K->277207K(750592K), 0.0049206 secs] [Times: user=0.03 sys=0.01, real=0.00 secs] 
2326.348: [GC (Allocation Failure) [PSYoungGen: 102784K->1376K(119296K)] 345815K->244415K(754176K), 0.0042605 secs] [Times: user=0.02 sys=0.00, real=0.00 secs] 
2328.103: [GC (Allocation Failure) [PSYoungGen: 69984K->5568K(108032K)] 313023K->248615K(742912K), 0.0028091 secs] [Times: user=0.02 sys=0.00, real=0.01 secs] 
2328.861: [GC (Allocation Failure) [PSYoungGen: 73664K->17824K(85504K)] 316711K->260871K(720384K), 0.0038143 secs] [Times: user=0.02 sys=0.00, real=0.01 secs] 
2329.357: [GC (Allocation Failure) [PSYoungGen: 85408K->34160K(110592K)] 328455K->277215K(745472K), 0.0049384 secs] [Times: user=0.03 sys=0.00, real=0.00 secs] 
2330.258: [GC (Allocation Failure) [PSYoungGen: 98160K->34176K(114176K)] 341215K->277231K(749056K), 0.0080261 secs] [Times: user=0.04 sys=0.01, real=0.01 secs] 
2331.166: [GC (Allocation Failure) [PSYoungGen: 98176K->1408K(110080K)] 341231K->244471K(744960K), 0.0037960 secs] [Times: user=0.02 sys=0.00, real=0.00 secs] 
2333.045: [GC (Allocation Failure) [PSYoungGen: 64196K->5536K(69632K)] 307259K->248607K(704512K), 0.0029483 secs] [Times: user=0.02 sys=0.00, real=0.00 secs] 
2333.657: [GC (Allocation Failure) [PSYoungGen: 69536K->17792K(109056K)] 312607K->260863K(743936K), 0.0041868 secs] [Times: user=0.02 sys=0.00, real=0.00 secs] 
2333.985: [GC (Allocation Failure) [PSYoungGen: 81792K->34176K(112128K)] 324863K->277255K(747008K), 0.0055845 secs] [Times: user=0.02 sys=0.00, real=0.00 secs] 
2334.586: [GC (Allocation Failure) [PSYoungGen: 98176K->34144K(119808K)] 341255K->277247K(754688K), 0.0080828 secs] [Times: user=0.04 sys=0.00, real=0.01 secs] 
2335.155: [GC (Allocation Failure) [PSYoungGen: 102240K->1408K(122368K)] 345343K->244519K(757248K), 0.0029314 secs] [Times: user=0.01 sys=0.00, real=0.00 secs] 
2336.661: [GC (Allocation Failure) [PSYoungGen: 69504K->9632K(109056K)] 312615K->252751K(743936K), 0.0021018 secs] [Times: user=0.01 sys=0.00, real=0.00 secs] 
2336.931: [GC (Allocation Failure) [PSYoungGen: 77216K->17840K(119296K)] 320335K->260959K(754176K), 0.0023852 secs] [Times: user=0.01 sys=0.00, real=0.00 secs] 
2337.144: [GC (Allocation Failure) [PSYoungGen: 85424K->34208K(119808K)] 328543K->277335K(754688K), 0.0032018 secs] [Times: user=0.02 sys=0.00, real=0.00 secs] 
2337.477: [GC (Allocation Failure) [PSYoungGen: 105376K->1376K(122880K)] 348503K->244511K(757760K), 0.0022389 secs] [Times: user=0.01 sys=0.00, real=0.00 secs] 
2338.589: [GC (Allocation Failure) [PSYoungGen: 72190K->2432K(112128K)] 315326K->245575K(747008K), 0.0016530 secs] [Times: user=0.01 sys=0.00, real=0.00 secs] 
2339.121: [GC (Allocation Failure) [PSYoungGen: 73088K->17760K(88064K)] 316231K->260911K(722944K), 0.0023494 secs] [Times: user=0.01 sys=0.00, real=0.00 secs] 
2339.614: [GC (Allocation Failure) [PSYoungGen: 87904K->34144K(114688K)] 331055K->277303K(749568K), 0.0049684 secs] [Times: user=0.03 sys=0.00, real=0.00 secs] 
2340.137: [GC (Allocation Failure) [PSYoungGen: 100704K->34144K(118272K)] 343863K->277311K(753152K), 0.0049183 secs] [Times: user=0.03 sys=0.00, real=0.00 secs] 
2340.691: [GC (Allocation Failure) [PSYoungGen: 100704K->1376K(125440K)] 343871K->244543K(760320K), 0.0030552 secs] [Times: user=0.01 sys=0.00, real=0.01 secs] 
2341.896: [GC (Allocation Failure) [PSYoungGen: 74080K->9632K(81920K)] 317247K->252807K(716800K), 0.0018812 secs] [Times: user=0.01 sys=0.00, real=0.00 secs] 
2342.328: [GC (Allocation Failure) [PSYoungGen: 81824K->17808K(116736K)] 324999K->260999K(751616K), 0.0021455 secs] [Times: user=0.01 sys=0.00, real=0.00 secs] 
2342.849: [GC (Allocation Failure) [PSYoungGen: 89488K->34208K(120320K)] 332679K->277407K(755200K), 0.0069952 secs] [Times: user=0.03 sys=0.00, real=0.01 secs] 
2343.753: [GC (Allocation Failure) [PSYoungGen: 105888K->1376K(114176K)] 349087K->244583K(749056K), 0.0037127 secs] [Times: user=0.01 sys=0.00, real=0.01 secs] 
2345.382: [GC (Allocation Failure) [PSYoungGen: 72544K->3520K(74240K)] 315751K->246727K(709120K), 0.0020694 secs] [Times: user=0.01 sys=0.00, real=0.00 secs] 
2345.746: [GC (Allocation Failure) [PSYoungGen: 74176K->17792K(114688K)] 317383K->261007K(749568K), 0.0034219 secs] [Times: user=0.01 sys=0.00, real=0.00 secs] 
2346.043: [GC (Allocation Failure) [PSYoungGen: 87936K->34176K(117760K)] 331151K->277407K(752640K), 0.0041803 secs] [Times: user=0.03 sys=0.00, real=0.01 secs] 
2346.476: [GC (Allocation Failure) [PSYoungGen: 104320K->34208K(125440K)] 347551K->277447K(760320K), 0.0044323 secs] [Times: user=0.03 sys=0.00, real=0.00 secs] 
2346.988: [GC (Allocation Failure) [PSYoungGen: 108448K->1376K(128512K)] 351687K->244623K(763392K), 0.0020078 secs] [Times: user=0.00 sys=0.00, real=0.00 secs] 
2348.295: [GC (Allocation Failure) [PSYoungGen: 75616K->9632K(114688K)] 318863K->252887K(749568K), 0.0019593 secs] [Times: user=0.01 sys=0.00, real=0.00 secs] 
2348.719: [GC (Allocation Failure) [PSYoungGen: 78254K->17792K(124928K)] 321510K->261047K(759808K), 0.0054146 secs] [Times: user=0.03 sys=0.00, real=0.01 secs] 
2349.185: [GC (Allocation Failure) [PSYoungGen: 91520K->34176K(126464K)] 334775K->277447K(761344K), 0.0055549 secs] [Times: user=0.02 sys=0.01, real=0.00 secs] 
2349.950: [GC (Allocation Failure) [PSYoungGen: 112000K->1376K(129536K)] 355271K->244655K(764416K), 0.0041914 secs] [Times: user=0.01 sys=0.01, real=0.00 secs] 
2351.210: [GC (Allocation Failure) [PSYoungGen: 79200K->9664K(116224K)] 322479K->252943K(751104K), 0.0018962 secs] [Times: user=0.00 sys=0.00, real=0.00 secs] 
2351.558: [GC (Allocation Failure) [PSYoungGen: 86976K->17824K(94720K)] 330255K->261111K(729600K), 0.0023664 secs] [Times: user=0.00 sys=0.00, real=0.00 secs] 
2351.824: [GC (Allocation Failure) [PSYoungGen: 94624K->34144K(119808K)] 337911K->277447K(754688K), 0.0034020 secs] [Times: user=0.02 sys=0.00, real=0.00 secs] 
2352.146: [GC (Allocation Failure) [PSYoungGen: 107360K->1392K(123392K)] 350663K->244703K(758272K), 0.0018194 secs] [Times: user=0.00 sys=0.00, real=0.00 secs] 
2353.443: [GC (Allocation Failure) [PSYoungGen: 74608K->5568K(111616K)] 317919K->248887K(746496K), 0.0021020 secs] [Times: user=0.01 sys=0.00, real=0.01 secs] 
2353.962: [GC (Allocation Failure) [PSYoungGen: 78272K->17824K(90112K)] 321591K->261151K(724992K), 0.0041662 secs] [Times: user=0.01 sys=0.00, real=0.01 secs] 
2354.353: [GC (Allocation Failure) [PSYoungGen: 90016K->34144K(114688K)] 333343K->277471K(749568K), 0.0063071 secs] [Times: user=0.03 sys=0.00, real=0.01 secs] 
2354.871: [GC (Allocation Failure) [PSYoungGen: 102752K->34208K(118272K)] 346079K->277543K(753152K), 0.0050148 secs] [Times: user=0.02 sys=0.00, real=0.01 secs] 
2355.421: [GC (Allocation Failure) [PSYoungGen: 102816K->1376K(126464K)] 346151K->244719K(761344K), 0.0022868 secs] [Times: user=0.01 sys=0.00, real=0.00 secs] 
2356.349: [GC (Allocation Failure) [PSYoungGen: 69841K->9632K(84480K)] 313185K->252975K(719360K), 0.0019770 secs] [Times: user=0.01 sys=0.00, real=0.00 secs] 
2356.575: [GC (Allocation Failure) [PSYoungGen: 72690K->17792K(127488K)] 316034K->261143K(762368K), 0.0024838 secs] [Times: user=0.01 sys=0.00, real=0.00 secs] 
2357.001: [GC (Allocation Failure) [PSYoungGen: 95104K->34144K(124928K)] 338455K->277503K(759808K), 0.0067768 secs] [Times: user=0.03 sys=0.00, real=0.01 secs] 
2357.700: [GC (Allocation Failure) [PSYoungGen: 111456K->1408K(135680K)] 354815K->244775K(770560K), 0.0025351 secs] [Times: user=0.01 sys=0.00, real=0.00 secs] 
2359.233: [GC (Allocation Failure) [PSYoungGen: 86912K->9664K(94720K)] 330279K->253039K(729600K), 0.0022953 secs] [Times: user=0.01 sys=0.00, real=0.01 secs] 
2359.944: [GC (Allocation Failure) [PSYoungGen: 85628K->17824K(126976K)] 329004K->261199K(761856K), 0.0051347 secs] [Times: user=0.02 sys=0.00, real=0.00 secs] 
2360.741: [GC (Allocation Failure) [PSYoungGen: 102304K->34176K(129536K)] 345679K->277559K(764416K), 0.0059126 secs] [Times: user=0.03 sys=0.00, real=0.01 secs] 
2361.421: [GC (Allocation Failure) [PSYoungGen: 118144K->1392K(131584K)] 361527K->244791K(766464K), 0.0029621 secs] [Times: user=0.01 sys=0.00, real=0.00 secs] 
2362.539: [GC (Allocation Failure) [PSYoungGen: 84848K->9632K(92672K)] 328247K->253039K(727552K), 0.0018171 secs] [Times: user=0.01 sys=0.00, real=0.00 secs] 
2362.931: [GC (Allocation Failure) [PSYoungGen: 92576K->34160K(126464K)] 335983K->277575K(761344K), 0.0030121 secs] [Times: user=0.02 sys=0.00, real=0.01 secs] 
2363.570: [GC (Allocation Failure) [PSYoungGen: 113520K->34208K(129536K)] 356935K->277631K(764416K), 0.0030538 secs] [Times: user=0.02 sys=0.00, real=0.00 secs] 
2364.278: [GC (Allocation Failure) [PSYoungGen: 113056K->1344K(130560K)] 356479K->244775K(765440K), 0.0031227 secs] [Times: user=0.01 sys=0.00, real=0.00 secs] 
2365.807: [GC (Allocation Failure) [PSYoungGen: 76608K->9632K(87552K)] 320040K->253071K(722432K), 0.0029827 secs] [Times: user=0.01 sys=0.00, real=0.00 secs] 
2366.447: [GC (Allocation Failure) [PSYoungGen: 73353K->17792K(121856K)] 316792K->261231K(756736K), 0.0059198 secs] [Times: user=0.03 sys=0.01, real=0.00 secs] 
2367.047: [GC (Allocation Failure) [PSYoungGen: 95104K->34176K(124928K)] 338543K->277623K(759808K), 0.0056730 secs] [Times: user=0.03 sys=0.00, real=0.00 secs] 
2367.739: [GC (Allocation Failure) [PSYoungGen: 110976K->1408K(126976K)] 354423K->244863K(761856K), 0.0041824 secs] [Times: user=0.01 sys=0.00, real=0.00 secs] 
2369.078: [GC (Allocation Failure) [PSYoungGen: 77696K->9600K(85504K)] 321151K->253063K(720384K), 0.0032404 secs] [Times: user=0.01 sys=0.00, real=0.00 secs] 
2369.596: [GC (Allocation Failure) [PSYoungGen: 85376K->17824K(118272K)] 328839K->261295K(753152K), 0.0030820 secs] [Times: user=0.01 sys=0.00, real=0.00 secs] 
2370.174: [GC (Allocation Failure) [PSYoungGen: 93088K->34240K(120832K)] 336559K->277719K(755712K), 0.0045702 secs] [Times: user=0.02 sys=0.00, real=0.00 secs] 
2370.725: [GC (Allocation Failure) [PSYoungGen: 108992K->1328K(122880K)] 352471K->244815K(757760K), 0.0022637 secs] [Times: user=0.00 sys=0.00, real=0.00 secs] 
2371.874: [GC (Allocation Failure) [PSYoungGen: 75568K->5552K(79360K)] 319055K->249047K(714240K), 0.0017994 secs] [Times: user=0.00 sys=0.00, real=0.01 secs] 
2372.174: [GC (Allocation Failure) [PSYoungGen: 79280K->17792K(116736K)] 322775K->261295K(751616K), 0.0023795 secs] [Times: user=0.01 sys=0.00, real=0.00 secs] 
2372.411: [GC (Allocation Failure) [PSYoungGen: 91008K->34144K(119296K)] 334511K->277655K(754176K), 0.0037025 secs] [Times: user=0.02 sys=0.00, real=0.01 secs] 
2372.717: [GC (Allocation Failure) [PSYoungGen: 107360K->34208K(126976K)] 350871K->277727K(761856K), 0.0038264 secs] [Times: user=0.01 sys=0.00, real=0.00 secs] 
2373.916: [GC (Allocation Failure) [PSYoungGen: 111520K->3488K(130048K)] 355039K->247015K(764928K), 0.0020041 secs] [Times: user=0.01 sys=0.00, real=0.00 secs] 
2374.313: [GC (Allocation Failure) [PSYoungGen: 80800K->17824K(113664K)] 324327K->261351K(748544K), 0.0023931 secs] [Times: user=0.01 sys=0.00, real=0.01 secs] 
2374.690: [GC (Allocation Failure) [PSYoungGen: 94624K->34144K(125440K)] 338151K->277679K(760320K), 0.0034462 secs] [Times: user=0.01 sys=0.00, real=0.01 secs] 
2375.537: [GC (Allocation Failure) [PSYoungGen: 110944K->34160K(133120K)] 354479K->277703K(768000K), 0.0063928 secs] [Times: user=0.03 sys=0.00, real=0.00 secs] 
2377.485: [GC (Allocation Failure) [PSYoungGen: 115568K->2432K(83456K)] 359111K->245983K(718336K), 0.0018083 secs] [Times: user=0.01 sys=0.00, real=0.00 secs] 
2377.830: [GC (Allocation Failure) [PSYoungGen: 83328K->17792K(127488K)] 326879K->261351K(762368K), 0.0022477 secs] [Times: user=0.01 sys=0.00, real=0.00 secs] 
2378.101: [GC (Allocation Failure) [PSYoungGen: 98176K->34176K(131072K)] 341735K->277743K(765952K), 0.0032718 secs] [Times: user=0.01 sys=0.00, real=0.01 secs] 
2378.539: [GC (Allocation Failure) [PSYoungGen: 114560K->1344K(124928K)] 358127K->244919K(759808K), 0.0019674 secs] [Times: user=0.01 sys=0.00, real=0.00 secs] 
2379.958: [GC (Allocation Failure) [PSYoungGen: 81216K->3488K(82944K)] 324791K->247071K(717824K), 0.0018866 secs] [Times: user=0.01 sys=0.00, real=0.00 secs] 
2380.707: [GC (Allocation Failure) [PSYoungGen: 82848K->17792K(124416K)] 326431K->261383K(759296K), 0.0026060 secs] [Times: user=0.01 sys=0.00, real=0.00 secs] 
2381.089: [GC (Allocation Failure) [PSYoungGen: 96640K->34176K(127488K)] 340231K->277775K(762368K), 0.0035089 secs] [Times: user=0.02 sys=0.00, real=0.00 secs] 
2381.416: [GC (Allocation Failure) [PSYoungGen: 112512K->1424K(128512K)] 356111K->245031K(763392K), 0.0018468 secs] [Times: user=0.01 sys=0.00, real=0.00 secs] 
2382.489: [GC (Allocation Failure) [PSYoungGen: 79248K->3520K(80896K)] 322855K->247143K(715776K), 0.0018999 secs] [Times: user=0.00 sys=0.00, real=0.00 secs] 
2383.204: [GC (Allocation Failure) [PSYoungGen: 80832K->17776K(121856K)] 324455K->261407K(756736K), 0.0023201 secs] [Times: user=0.01 sys=0.00, real=0.01 secs] 
2383.868: [GC (Allocation Failure) [PSYoungGen: 94576K->34176K(124416K)] 338207K->277807K(759296K), 0.0030746 secs] [Times: user=0.01 sys=0.00, real=0.00 secs] 
2384.581: [GC (Allocation Failure) [PSYoungGen: 110464K->34176K(125440K)] 354095K->277815K(760320K), 0.0035311 secs] [Times: user=0.01 sys=0.00, real=0.01 secs] 
2385.864: [GC (Allocation Failure) [PSYoungGen: 107904K->1952K(75264K)] 351543K->245599K(710144K), 0.0016357 secs] [Times: user=0.01 sys=0.00, real=0.00 secs] 
2386.151: [GC (Allocation Failure) [PSYoungGen: 75168K->17760K(118784K)] 318815K->261415K(753664K), 0.0023985 secs] [Times: user=0.01 sys=0.00, real=0.00 secs] 
2386.561: [GC (Allocation Failure) [PSYoungGen: 90464K->34240K(122368K)] 334119K->277895K(757248K), 0.0031522 secs] [Times: user=0.02 sys=0.00, real=0.01 secs] 
2387.079: [GC (Allocation Failure) [PSYoungGen: 106432K->34176K(123392K)] 350087K->277839K(758272K), 0.0034609 secs] [Times: user=0.01 sys=0.00, real=0.00 secs] 
2387.612: [GC (Allocation Failure) [PSYoungGen: 104320K->1408K(71168K)] 347983K->245079K(706048K), 0.0018367 secs] [Times: user=0.01 sys=0.00, real=0.01 secs] 
2388.936: [GC (Allocation Failure) [PSYoungGen: 71040K->9632K(119808K)] 314711K->253311K(754688K), 0.0026741 secs] [Times: user=0.01 sys=0.00, real=0.00 secs] 
2389.444: [GC (Allocation Failure) [PSYoungGen: 78752K->17808K(86528K)] 322431K->261495K(721408K), 0.0033526 secs] [Times: user=0.02 sys=0.00, real=0.00 secs] 
2389.867: [GC (Allocation Failure) [PSYoungGen: 86416K->34144K(115200K)] 330103K->277831K(750080K), 0.0073863 secs] [Times: user=0.04 sys=0.00, real=0.01 secs] 
2390.266: [GC (Allocation Failure) [PSYoungGen: 99680K->1392K(118272K)] 343367K->245087K(753152K), 0.0019423 secs] [Times: user=0.00 sys=0.00, real=0.00 secs] 
2391.191: [GC (Allocation Failure) [PSYoungGen: 66928K->1536K(109568K)] 310623K->245239K(744448K), 0.0017825 secs] [Times: user=0.01 sys=0.00, real=0.00 secs] 
2391.627: [GC (Allocation Failure) [PSYoungGen: 63333K->9632K(74752K)] 307036K->253351K(709632K), 0.0022373 secs] [Times: user=0.01 sys=0.00, real=0.00 secs] 
2392.082: [GC (Allocation Failure) [PSYoungGen: 73305K->17824K(109056K)] 317025K->261543K(743936K), 0.0054838 secs] [Times: user=0.02 sys=0.00, real=0.01 secs] 
2392.518: [GC (Allocation Failure) [PSYoungGen: 82848K->34144K(111616K)] 326567K->277879K(746496K), 0.0055943 secs] [Times: user=0.03 sys=0.01, real=0.01 secs] 
2392.926: [GC (Allocation Failure) [PSYoungGen: 99168K->1440K(121344K)] 342903K->245183K(756224K), 0.0037440 secs] [Times: user=0.01 sys=0.00, real=0.00 secs] 
2394.158: [GC (Allocation Failure) [PSYoungGen: 73120K->3552K(74752K)] 316863K->247295K(709632K), 0.0017457 secs] [Times: user=0.01 sys=0.00, real=0.00 secs] 
2394.411: [GC (Allocation Failure) [PSYoungGen: 74720K->17792K(121856K)] 318463K->261543K(756736K), 0.0021755 secs] [Times: user=0.01 sys=0.00, real=0.00 secs] 
2394.648: [GC (Allocation Failure) [PSYoungGen: 91008K->34208K(119808K)] 334759K->277967K(754688K), 0.0030262 secs] [Times: user=0.01 sys=0.00, real=0.00 secs] 
2394.977: [GC (Allocation Failure) [PSYoungGen: 107424K->34176K(129024K)] 351183K->277943K(763904K), 0.0101347 secs] [Times: user=0.05 sys=0.01, real=0.01 secs] 
2395.317: [GC (Allocation Failure) [PSYoungGen: 112512K->1408K(131584K)] 356279K->245183K(766464K), 0.0020787 secs] [Times: user=0.00 sys=0.00, real=0.00 secs] 
2396.666: [GC (Allocation Failure) [PSYoungGen: 79744K->17792K(132608K)] 323519K->261575K(767488K), 0.0026359 secs] [Times: user=0.01 sys=0.00, real=0.00 secs] 
2397.434: [GC (Allocation Failure) [PSYoungGen: 104832K->34208K(136704K)] 348615K->278007K(771584K), 0.0074728 secs] [Times: user=0.04 sys=0.00, real=0.00 secs] 
2398.260: [GC (Allocation Failure) [PSYoungGen: 121248K->34176K(146432K)] 365047K->277999K(781312K), 0.0122265 secs] [Times: user=0.05 sys=0.01, real=0.01 secs] 
2400.119: [GC (Allocation Failure) [PSYoungGen: 127872K->5536K(148992K)] 371695K->249375K(783872K), 0.0024304 secs] [Times: user=0.01 sys=0.00, real=0.00 secs] 
2401.111: [GC (Allocation Failure) [PSYoungGen: 99232K->17792K(149504K)] 343071K->261639K(784384K), 0.0045543 secs] [Times: user=0.02 sys=0.00, real=0.01 secs] 
2402.025: [GC (Allocation Failure) [PSYoungGen: 120704K->34160K(153600K)] 364551K->278007K(788480K), 0.0057955 secs] [Times: user=0.02 sys=0.01, real=0.00 secs] 
2403.441: [GC (Allocation Failure) [PSYoungGen: 137072K->3504K(143360K)] 380919K->247351K(778240K), 0.0019411 secs] [Times: user=0.01 sys=0.00, real=0.00 secs] 
2404.309: [GC (Allocation Failure) [PSYoungGen: 105392K->17760K(118784K)] 349239K->261607K(753664K), 0.0024020 secs] [Times: user=0.01 sys=0.00, real=0.00 secs] 
2405.046: [GC (Allocation Failure) [PSYoungGen: 118624K->34144K(147968K)] 362471K->277991K(782848K), 0.0080468 secs] [Times: user=0.04 sys=0.01, real=0.00 secs] 
2406.097: [GC (Allocation Failure) [PSYoungGen: 132448K->352K(97792K)] 376295K->244199K(732672K), 0.0013099 secs] [Times: user=0.01 sys=0.00, real=0.00 secs] 
2406.480: [GC (Allocation Failure) [PSYoungGen: 97632K->17824K(140800K)] 341479K->261671K(775680K), 0.0024617 secs] [Times: user=0.01 sys=0.00, real=0.00 secs] 
2406.993: [GC (Allocation Failure) [PSYoungGen: 114080K->34176K(144384K)] 357927K->278031K(779264K), 0.0037976 secs] [Times: user=0.02 sys=0.00, real=0.01 secs] 
2407.701: [GC (Allocation Failure) [PSYoungGen: 129408K->1408K(145408K)] 373263K->245271K(780288K), 0.0019014 secs] [Times: user=0.00 sys=0.00, real=0.00 secs] 
2409.377: [GC (Allocation Failure) [PSYoungGen: 91882K->9632K(103936K)] 335746K->253495K(738816K), 0.0037121 secs] [Times: user=0.01 sys=0.00, real=0.00 secs] 
2409.948: [GC (Allocation Failure) [PSYoungGen: 103840K->34144K(141312K)] 347703K->278015K(776192K), 0.0046534 secs] [Times: user=0.02 sys=0.00, real=0.00 secs] 
2410.542: [GC (Allocation Failure) [PSYoungGen: 125280K->34240K(143872K)] 369151K->278127K(778752K), 0.0038621 secs] [Times: user=0.02 sys=0.00, real=0.01 secs] 
2412.027: [GC (Allocation Failure) [PSYoungGen: 124864K->5536K(142848K)] 368751K->249431K(777728K), 0.0031239 secs] [Times: user=0.01 sys=0.00, real=0.00 secs] 
2412.826: [GC (Allocation Failure) [PSYoungGen: 95648K->17824K(107520K)] 339543K->261719K(742400K), 0.0032459 secs] [Times: user=0.01 sys=0.00, real=0.00 secs] 
2413.333: [GC (Allocation Failure) [PSYoungGen: 107424K->34176K(138240K)] 351319K->278087K(773120K), 0.0043866 secs] [Times: user=0.02 sys=0.00, real=0.01 secs] 
2414.083: [GC (Allocation Failure) [PSYoungGen: 121216K->1392K(88064K)] 365127K->245311K(722944K), 0.0022575 secs] [Times: user=0.01 sys=0.00, real=0.01 secs] 
2415.775: [GC (Allocation Failure) [PSYoungGen: 87920K->9632K(134656K)] 331839K->253567K(769536K), 0.0020826 secs] [Times: user=0.01 sys=0.00, real=0.00 secs] 
2416.470: [GC (Allocation Failure) [PSYoungGen: 95648K->34208K(136704K)] 339583K->278151K(771584K), 0.0036976 secs] [Times: user=0.02 sys=0.00, real=0.00 secs] 
2417.632: [GC (Allocation Failure) [PSYoungGen: 119712K->34176K(137728K)] 363655K->278127K(772608K), 0.0045784 secs] [Times: user=0.03 sys=0.00, real=0.01 secs] 
2419.535: [GC (Allocation Failure) [PSYoungGen: 117632K->1712K(84992K)] 361583K->245671K(719872K), 0.0016389 secs] [Times: user=0.00 sys=0.00, real=0.00 secs] 
2420.239: [GC (Allocation Failure) [PSYoungGen: 84656K->17792K(130560K)] 328615K->261759K(765440K), 0.0045521 secs] [Times: user=0.02 sys=0.00, real=0.00 secs] 
2420.836: [GC (Allocation Failure) [PSYoungGen: 100224K->34208K(134144K)] 344191K->278183K(769024K), 0.0042292 secs] [Times: user=0.02 sys=0.00, real=0.00 secs] 
2421.505: [GC (Allocation Failure) [PSYoungGen: 116128K->34176K(134656K)] 360103K->278159K(769536K), 0.0037221 secs] [Times: user=0.02 sys=0.00, real=0.00 secs] 
2423.251: [GC (Allocation Failure) [PSYoungGen: 114048K->3520K(82944K)] 358031K->247511K(717824K), 0.0033872 secs] [Times: user=0.02 sys=0.00, real=0.01 secs] 
2424.148: [GC (Allocation Failure) [PSYoungGen: 82880K->17824K(127488K)] 326871K->261831K(762368K), 0.0041737 secs] [Times: user=0.02 sys=0.00, real=0.00 secs] 
2425.052: [GC (Allocation Failure) [PSYoungGen: 96672K->34176K(131072K)] 340679K->278191K(765952K), 0.0056721 secs] [Times: user=0.03 sys=0.00, real=0.01 secs] 
2425.788: [GC (Allocation Failure) [PSYoungGen: 112512K->1376K(132096K)] 356527K->245391K(766976K), 0.0026472 secs] [Times: user=0.00 sys=0.00, real=0.00 secs] 
2427.360: [GC (Allocation Failure) [PSYoungGen: 79200K->3488K(80896K)] 323215K->247511K(715776K), 0.0019043 secs] [Times: user=0.01 sys=0.00, real=0.00 secs] 
2427.671: [GC (Allocation Failure) [PSYoungGen: 80800K->17792K(123392K)] 324823K->261823K(758272K), 0.0023700 secs] [Times: user=0.01 sys=0.00, real=0.00 secs] 
2428.014: [GC (Allocation Failure) [PSYoungGen: 94592K->34208K(126976K)] 338623K->278247K(761856K), 0.0033990 secs] [Times: user=0.01 sys=0.00, real=0.00 secs] 
2428.495: [GC (Allocation Failure) [PSYoungGen: 110496K->34176K(126976K)] 354535K->278223K(761856K), 0.0038504 secs] [Times: user=0.02 sys=0.00, real=0.00 secs] 
2429.739: [GC (Allocation Failure) [PSYoungGen: 107904K->2464K(75776K)] 351951K->246519K(710656K), 0.0018476 secs] [Times: user=0.01 sys=0.00, real=0.00 secs] 
2430.541: [GC (Allocation Failure) [PSYoungGen: 75680K->17840K(120320K)] 319735K->261903K(755200K), 0.0050439 secs] [Times: user=0.02 sys=0.01, real=0.01 secs] 
2431.439: [GC (Allocation Failure) [PSYoungGen: 90544K->34144K(123904K)] 334607K->278215K(758784K), 0.0079852 secs] [Times: user=0.04 sys=0.00, real=0.01 secs] 
2432.409: [GC (Allocation Failure) [PSYoungGen: 106336K->34208K(124928K)] 350407K->278287K(759808K), 0.0055441 secs] [Times: user=0.03 sys=0.00, real=0.01 secs] 
2433.149: [GC (Allocation Failure) [PSYoungGen: 104864K->1392K(71680K)] 348943K->245479K(706560K), 0.0024038 secs] [Times: user=0.01 sys=0.00, real=0.00 secs] 
2434.435: [GC (Allocation Failure) [PSYoungGen: 71536K->9632K(121856K)] 315623K->253727K(756736K), 0.0036801 secs] [Times: user=0.01 sys=0.00, real=0.00 secs] 
2434.819: [GC (Allocation Failure) [PSYoungGen: 79264K->17824K(87040K)] 323359K->261935K(721920K), 0.0033769 secs] [Times: user=0.01 sys=0.00, real=0.00 secs] 
2435.088: [GC (Allocation Failure) [PSYoungGen: 86944K->34240K(117248K)] 331055K->278359K(752128K), 0.0051873 secs] [Times: user=0.02 sys=0.00, real=0.00 secs] 
2435.367: [GC (Allocation Failure) [PSYoungGen: 100800K->1408K(119808K)] 344919K->245535K(754688K), 0.0018992 secs] [Times: user=0.00 sys=0.00, real=0.00 secs] 
2436.272: [GC (Allocation Failure) [PSYoungGen: 67968K->2464K(110080K)] 312095K->246599K(744960K), 0.0017483 secs] [Times: user=0.01 sys=0.00, real=0.01 secs] 
2436.505: [GC (Allocation Failure) [PSYoungGen: 68512K->17792K(118272K)] 312647K->261935K(753152K), 0.0038119 secs] [Times: user=0.02 sys=0.00, real=0.00 secs] 
2436.719: [GC (Allocation Failure) [PSYoungGen: 69296K->17792K(117248K)] 313440K->261935K(752128K), 0.0023425 secs] [Times: user=0.01 sys=0.00, real=0.00 secs] 
2436.957: [GC (Allocation Failure) [PSYoungGen: 91008K->34160K(119808K)] 335151K->278311K(754688K), 0.0032184 secs] [Times: user=0.02 sys=0.00, real=0.00 secs] 
2437.305: [GC (Allocation Failure) [PSYoungGen: 107376K->1376K(130048K)] 351527K->245535K(764928K), 0.0017853 secs] [Times: user=0.00 sys=0.00, real=0.00 secs] 
2438.250: [GC (Allocation Failure) [PSYoungGen: 82272K->9664K(130560K)] 326431K->253847K(765440K), 0.0018333 secs] [Times: user=0.01 sys=0.00, real=0.00 secs] 
2438.551: [GC (Allocation Failure) [PSYoungGen: 90560K->17776K(131072K)] 334743K->261959K(765952K), 0.0023389 secs] [Times: user=0.01 sys=0.00, real=0.01 secs] 
2438.959: [GC (Allocation Failure) [PSYoungGen: 106352K->34176K(133632K)] 350535K->278367K(768512K), 0.0032885 secs] [Times: user=0.02 sys=0.00, real=0.00 secs] 
2439.628: [GC (Allocation Failure) [PSYoungGen: 122752K->1376K(126976K)] 366943K->245591K(761856K), 0.0018866 secs] [Times: user=0.00 sys=0.00, real=0.00 secs] 
2441.142: [GC (Allocation Failure) [PSYoungGen: 82523K->9600K(97280K)] 326739K->253815K(732160K), 0.0022493 secs] [Times: user=0.01 sys=0.00, real=0.01 secs] 
2441.769: [GC (Allocation Failure) [PSYoungGen: 97152K->34208K(130048K)] 341367K->278431K(764928K), 0.0060507 secs] [Times: user=0.03 sys=0.00, real=0.01 secs] 
2442.984: [GC (Allocation Failure) [PSYoungGen: 117664K->34176K(133632K)] 361887K->278407K(768512K), 0.0050747 secs] [Times: user=0.02 sys=0.00, real=0.00 secs] 
2445.024: [GC (Allocation Failure) [PSYoungGen: 117120K->1696K(134144K)] 361351K->245935K(769024K), 0.0016389 secs] [Times: user=0.01 sys=0.00, real=0.00 secs] 
2445.301: [GC (Allocation Failure) [PSYoungGen: 84128K->17824K(99840K)] 328367K->262071K(734720K), 0.0022222 secs] [Times: user=0.01 sys=0.00, real=0.00 secs] 
2445.573: [GC (Allocation Failure) [PSYoungGen: 99744K->34208K(128512K)] 343991K->278463K(763392K), 0.0032398 secs] [Times: user=0.02 sys=0.00, real=0.01 secs] 
2445.901: [GC (Allocation Failure) [PSYoungGen: 113056K->34208K(131584K)] 357311K->278463K(766464K), 0.0030404 secs] [Times: user=0.02 sys=0.00, real=0.01 secs] 
2446.856: [GC (Allocation Failure) [PSYoungGen: 113056K->3520K(123904K)] 357311K->247783K(758784K), 0.0018266 secs] [Times: user=0.00 sys=0.00, real=0.00 secs] 
2447.122: [GC (Allocation Failure) [PSYoungGen: 81856K->17776K(95744K)] 326119K->262039K(730624K), 0.0024007 secs] [Times: user=0.01 sys=0.00, real=0.01 secs] 
2447.377: [GC (Allocation Failure) [PSYoungGen: 95600K->34208K(126976K)] 339863K->278479K(761856K), 0.0033153 secs] [Times: user=0.02 sys=0.00, real=0.00 secs] 
2447.694: [GC (Allocation Failure) [PSYoungGen: 109984K->34208K(129024K)] 354255K->278487K(763904K), 0.0039524 secs] [Times: user=0.02 sys=0.00, real=0.00 secs] 
2448.808: [GC (Allocation Failure) [PSYoungGen: 109540K->1952K(137216K)] 353820K->246239K(772096K), 0.0015110 secs] [Times: user=0.01 sys=0.00, real=0.00 secs] 
2449.530: [GC (Allocation Failure) [PSYoungGen: 84896K->17808K(100352K)] 329183K->262095K(735232K), 0.0029365 secs] [Times: user=0.01 sys=0.00, real=0.00 secs] 
2450.349: [GC (Allocation Failure) [PSYoungGen: 100240K->34144K(132608K)] 344527K->278439K(767488K), 0.0057611 secs] [Times: user=0.03 sys=0.00, real=0.01 secs] 
2451.072: [GC (Allocation Failure) [PSYoungGen: 114528K->34208K(134144K)] 358823K->278511K(769024K), 0.0047333 secs] [Times: user=0.03 sys=0.00, real=0.01 secs] 
2452.543: [GC (Allocation Failure) [PSYoungGen: 114080K->3488K(134656K)] 358383K->247799K(769536K), 0.0018429 secs] [Times: user=0.01 sys=0.00, real=0.01 secs] 
2452.821: [GC (Allocation Failure) [PSYoungGen: 82848K->17776K(96768K)] 327159K->262103K(731648K), 0.0023334 secs] [Times: user=0.01 sys=0.00, real=0.00 secs] 
2453.129: [GC (Allocation Failure) [PSYoungGen: 96624K->34208K(129536K)] 340951K->278535K(764416K), 0.0034811 secs] [Times: user=0.01 sys=0.00, real=0.00 secs] 
2453.450: [GC (Allocation Failure) [PSYoungGen: 111008K->1392K(77824K)] 355335K->245727K(712704K), 0.0020404 secs] [Times: user=0.01 sys=0.00, real=0.00 secs] 
2454.542: [GC (Allocation Failure) [PSYoungGen: 77680K->3520K(129024K)] 322015K->247863K(763904K), 0.0017049 secs] [Times: user=0.01 sys=0.00, real=0.01 secs] 
2455.272: [GC (Allocation Failure) [PSYoungGen: 79296K->17776K(93184K)] 323639K->262127K(728064K), 0.0029809 secs] [Times: user=0.01 sys=0.00, real=0.01 secs] 
2455.799: [GC (Allocation Failure) [PSYoungGen: 93040K->34144K(123392K)] 337391K->278495K(758272K), 0.0044373 secs] [Times: user=0.02 sys=0.00, real=0.00 secs] 
2456.345: [GC (Allocation Failure) [PSYoungGen: 106848K->34240K(125440K)] 351199K->278599K(760320K), 0.0038653 secs] [Times: user=0.02 sys=0.00, real=0.00 secs] 
2456.668: [GC (Allocation Failure) [PSYoungGen: 106432K->1376K(126464K)] 350791K->245743K(761344K), 0.0018102 secs] [Times: user=0.01 sys=0.00, real=0.00 secs] 
2457.621: [GC (Allocation Failure) [PSYoungGen: 70883K->9600K(80896K)] 315251K->253975K(715776K), 0.0018087 secs] [Times: user=0.01 sys=0.00, real=0.00 secs] 
2457.894: [GC (Allocation Failure) [PSYoungGen: 72881K->17792K(116224K)] 317256K->262167K(751104K), 0.0021286 secs] [Times: user=0.00 sys=0.00, real=0.00 secs] 
2458.121: [GC (Allocation Failure) [PSYoungGen: 88448K->34224K(120320K)] 332823K->278615K(755200K), 0.0032082 secs] [Times: user=0.01 sys=0.00, real=0.01 secs] 
2458.416: [GC (Allocation Failure) [PSYoungGen: 104880K->1408K(129536K)] 349271K->245807K(764416K), 0.0017607 secs] [Times: user=0.01 sys=0.00, real=0.00 secs] 
2459.585: [GC (Allocation Failure) [PSYoungGen: 78720K->5504K(82432K)] 323119K->249911K(717312K), 0.0017540 secs] [Times: user=0.00 sys=0.00, real=0.00 secs] 
2460.075: [GC (Allocation Failure) [PSYoungGen: 82304K->17776K(120832K)] 326711K->262183K(755712K), 0.0023261 secs] [Times: user=0.01 sys=0.00, real=0.00 secs] 
2460.620: [GC (Allocation Failure) [PSYoungGen: 94064K->34176K(123904K)] 338471K->278599K(758784K), 0.0032712 secs] [Times: user=0.02 sys=0.00, real=0.00 secs] 
2461.304: [GC (Allocation Failure) [PSYoungGen: 109952K->1376K(125440K)] 354375K->245807K(760320K), 0.0017566 secs] [Times: user=0.00 sys=0.00, real=0.00 secs] 
2462.641: [GC (Allocation Failure) [PSYoungGen: 74682K->3488K(78336K)] 319114K->247927K(713216K), 0.0017204 secs] [Times: user=0.01 sys=0.00, real=0.00 secs] 
2463.213: [GC (Allocation Failure) [PSYoungGen: 78240K->17792K(118784K)] 322679K->262239K(753664K), 0.0025874 secs] [Times: user=0.01 sys=0.00, real=0.01 secs] 
2463.774: [GC (Allocation Failure) [PSYoungGen: 92032K->34176K(121344K)] 336479K->278623K(756224K), 0.0038778 secs] [Times: user=0.02 sys=0.00, real=0.01 secs] 
2464.309: [GC (Allocation Failure) [PSYoungGen: 107904K->34176K(122368K)] 352351K->278631K(757248K), 0.0036498 secs] [Times: user=0.02 sys=0.00, real=0.00 secs] 
2464.947: [GC (Allocation Failure) [PSYoungGen: 105344K->1376K(72192K)] 349799K->245839K(707072K), 0.0022623 secs] [Times: user=0.00 sys=0.00, real=0.00 secs] 
2466.568: [GC (Allocation Failure) [PSYoungGen: 69017K->9664K(118272K)] 313481K->254127K(753152K), 0.0030063 secs] [Times: user=0.01 sys=0.01, real=0.00 secs] 
2467.039: [GC (Allocation Failure) [PSYoungGen: 72099K->17760K(87552K)] 316563K->262231K(722432K), 0.0041314 secs] [Times: user=0.02 sys=0.00, real=0.00 secs] 
2467.434: [GC (Allocation Failure) [PSYoungGen: 87392K->34176K(114176K)] 331863K->278655K(749056K), 0.0035945 secs] [Times: user=0.01 sys=0.00, real=0.01 secs] 
2467.714: [GC (Allocation Failure) [PSYoungGen: 100224K->1424K(67072K)] 344703K->245911K(701952K), 0.0023722 secs] [Times: user=0.01 sys=0.00, real=0.00 secs] 
2468.746: [GC (Allocation Failure) [PSYoungGen: 66960K->3488K(113664K)] 311447K->247983K(748544K), 0.0017376 secs] [Times: user=0.01 sys=0.00, real=0.00 secs] 
2469.213: [GC (Allocation Failure) [PSYoungGen: 68512K->17792K(82944K)] 313007K->262295K(717824K), 0.0027128 secs] [Times: user=0.01 sys=0.00, real=0.01 secs] 
2469.640: [GC (Allocation Failure) [PSYoungGen: 82816K->34144K(109056K)] 327319K->278655K(743936K), 0.0050419 secs] [Times: user=0.02 sys=0.00, real=0.01 secs] 
2470.097: [GC (Allocation Failure) [PSYoungGen: 95584K->34176K(112640K)] 340095K->278695K(747520K), 0.0045904 secs] [Times: user=0.02 sys=0.00, real=0.00 secs] 
2470.671: [GC (Allocation Failure) [PSYoungGen: 95616K->1376K(121344K)] 340135K->245903K(756224K), 0.0040037 secs] [Times: user=0.02 sys=0.01, real=0.01 secs] 
2472.315: [GC (Allocation Failure) [PSYoungGen: 67216K->3456K(70656K)] 311744K->247991K(705536K), 0.0021713 secs] [Times: user=0.01 sys=0.00, real=0.00 secs] 
2472.542: [GC (Allocation Failure) [PSYoungGen: 70528K->17824K(122368K)] 315063K->262367K(757248K), 0.0024863 secs] [Times: user=0.01 sys=0.00, real=0.01 secs] 
2472.807: [GC (Allocation Failure) [PSYoungGen: 87968K->34176K(119296K)] 332511K->278727K(754176K), 0.0034978 secs] [Times: user=0.02 sys=0.00, real=0.00 secs] 
2473.099: [GC (Allocation Failure) [PSYoungGen: 104320K->34208K(128000K)] 348871K->278767K(762880K), 0.0049794 secs] [Times: user=0.03 sys=0.00, real=0.01 secs] 
2473.464: [GC (Allocation Failure) [PSYoungGen: 109472K->1376K(130560K)] 354031K->245943K(765440K), 0.0019021 secs] [Times: user=0.01 sys=0.00, real=0.00 secs] 
2474.541: [GC (Allocation Failure) [PSYoungGen: 76640K->9600K(133120K)] 321207K->254175K(768000K), 0.0018683 secs] [Times: user=0.01 sys=0.00, real=0.00 secs] 
2475.260: [GC (Allocation Failure) [PSYoungGen: 92544K->34208K(135680K)] 337119K->278783K(770560K), 0.0087318 secs] [Times: user=0.04 sys=0.01, real=0.01 secs] 
2476.286: [GC (Allocation Failure) [PSYoungGen: 117152K->34176K(144896K)] 361727K->278759K(779776K), 0.0135887 secs] [Times: user=0.06 sys=0.01, real=0.01 secs] 
2477.718: [GC (Allocation Failure) [PSYoungGen: 123776K->1520K(146944K)] 368359K->246119K(781824K), 0.0018070 secs] [Times: user=0.00 sys=0.00, real=0.00 secs] 
2478.060: [GC (Allocation Failure) [PSYoungGen: 91120K->17792K(147968K)] 335719K->262391K(782848K), 0.0024305 secs] [Times: user=0.01 sys=0.00, real=0.00 secs] 
2478.416: [GC (Allocation Failure) [PSYoungGen: 116096K->34144K(151552K)] 360695K->278743K(786432K), 0.0032743 secs] [Times: user=0.02 sys=0.00, real=0.00 secs] 
2478.837: [GC (Allocation Failure) [PSYoungGen: 132448K->1408K(161792K)] 377047K->246015K(796672K), 0.0021764 secs] [Times: user=0.00 sys=0.00, real=0.00 secs] 
2479.868: [GC (Allocation Failure) [PSYoungGen: 108928K->17824K(124416K)] 353535K->262439K(759296K), 0.0020245 secs] [Times: user=0.01 sys=0.00, real=0.00 secs] 
2480.253: [GC (Allocation Failure) [PSYoungGen: 124320K->34208K(155648K)] 368935K->278823K(790528K), 0.0049693 secs] [Times: user=0.03 sys=0.00, real=0.01 secs] 
2480.724: [GC (Allocation Failure) [PSYoungGen: 138144K->1408K(104448K)] 382759K->246031K(739328K), 0.0018401 secs] [Times: user=0.00 sys=0.00, real=0.00 secs] 
2481.838: [GC (Allocation Failure) [PSYoungGen: 104320K->17760K(147456K)] 348943K->262391K(782336K), 0.0025892 secs] [Times: user=0.01 sys=0.00, real=0.00 secs] 
2482.761: [GC (Allocation Failure) [PSYoungGen: 119648K->34128K(151040K)] 364279K->278767K(785920K), 0.0048548 secs] [Times: user=0.02 sys=0.00, real=0.01 secs] 
2483.862: [GC (Allocation Failure) [PSYoungGen: 134992K->1376K(151040K)] 379631K->246023K(785920K), 0.0025942 secs] [Times: user=0.01 sys=0.00, real=0.01 secs] 
2485.151: [GC (Allocation Failure) [PSYoungGen: 96962K->9664K(108544K)] 341610K->254311K(743424K), 0.0019643 secs] [Times: user=0.01 sys=0.00, real=0.00 secs] 
2485.460: [GC (Allocation Failure) [PSYoungGen: 108480K->34176K(146432K)] 353127K->278831K(781312K), 0.0031141 secs] [Times: user=0.01 sys=0.00, real=0.00 secs] 
2485.878: [GC (Allocation Failure) [PSYoungGen: 129920K->1424K(96768K)] 374575K->246087K(731648K), 0.0030298 secs] [Times: user=0.01 sys=0.00, real=0.00 secs] 
2487.031: [GC (Allocation Failure) [PSYoungGen: 96656K->9600K(142336K)] 341319K->254271K(777216K), 0.0020309 secs] [Times: user=0.00 sys=0.00, real=0.00 secs] 
2487.357: [GC (Allocation Failure) [PSYoungGen: 97167K->17760K(112128K)] 341839K->262431K(747008K), 0.0026806 secs] [Times: user=0.01 sys=0.00, real=0.00 secs] 
2487.683: [GC (Allocation Failure) [PSYoungGen: 111968K->34208K(138752K)] 356639K->278887K(773632K), 0.0033581 secs] [Times: user=0.02 sys=0.00, real=0.01 secs] 
2488.060: [GC (Allocation Failure) [PSYoungGen: 124832K->1376K(91648K)] 369511K->246063K(726528K), 0.0019012 secs] [Times: user=0.01 sys=0.00, real=0.00 secs] 
2490.068: [GC (Allocation Failure) [PSYoungGen: 91488K->17824K(134144K)] 336175K->262519K(769024K), 0.0044485 secs] [Times: user=0.02 sys=0.00, real=0.00 secs] 
2490.958: [GC (Allocation Failure) [PSYoungGen: 107424K->34192K(137216K)] 352119K->278895K(772096K), 0.0046056 secs] [Times: user=0.03 sys=0.00, real=0.00 secs] 
2491.716: [GC (Allocation Failure) [PSYoungGen: 123280K->1408K(138752K)] 367983K->246119K(773632K), 0.0024376 secs] [Times: user=0.01 sys=0.00, real=0.00 secs] 
2493.489: [GC (Allocation Failure) [PSYoungGen: 89984K->9632K(97792K)] 334695K->254351K(732672K), 0.0021108 secs] [Times: user=0.01 sys=0.00, real=0.00 secs] 
2494.417: [GC (Allocation Failure) [PSYoungGen: 96997K->17760K(130560K)] 341717K->262487K(765440K), 0.0067215 secs] [Times: user=0.03 sys=0.00, real=0.00 secs] 
2495.299: [GC (Allocation Failure) [PSYoungGen: 105312K->34176K(133120K)] 350039K->278911K(768000K), 0.0057872 secs] [Times: user=0.03 sys=0.00, real=0.01 secs] 
2496.167: [GC (Allocation Failure) [PSYoungGen: 121216K->1376K(135168K)] 365951K->246119K(770048K), 0.0043062 secs] [Times: user=0.01 sys=0.00, real=0.00 secs] 
2497.418: [GC (Allocation Failure) [PSYoungGen: 87904K->17856K(103936K)] 332647K->262607K(738816K), 0.0025192 secs] [Times: user=0.01 sys=0.00, real=0.00 secs] 
2497.711: [GC (Allocation Failure) [PSYoungGen: 103872K->34160K(130048K)] 348623K->278919K(764928K), 0.0032819 secs] [Times: user=0.02 sys=0.00, real=0.01 secs] 
2498.058: [GC (Allocation Failure) [PSYoungGen: 117104K->34160K(133120K)] 361863K->278927K(768000K), 0.0060341 secs] [Times: user=0.02 sys=0.00, real=0.01 secs] 
2499.060: [GC (Allocation Failure) [PSYoungGen: 117104K->3488K(125440K)] 361871K->248263K(760320K), 0.0018927 secs] [Times: user=0.00 sys=0.00, real=0.00 secs] 
2499.386: [GC (Allocation Failure) [PSYoungGen: 85920K->17792K(99840K)] 330695K->262575K(734720K), 0.0024258 secs] [Times: user=0.01 sys=0.00, real=0.00 secs] 
2499.659: [GC (Allocation Failure) [PSYoungGen: 99712K->34176K(128000K)] 344495K->278967K(762880K), 0.0031347 secs] [Times: user=0.02 sys=0.00, real=0.00 secs] 
2500.125: [GC (Allocation Failure) [PSYoungGen: 113024K->1376K(79872K)] 357815K->246175K(714752K), 0.0018782 secs] [Times: user=0.00 sys=0.00, real=0.00 secs] 
2501.385: [GC (Allocation Failure) [PSYoungGen: 78709K->3472K(127488K)] 323509K->248279K(762368K), 0.0029752 secs] [Times: user=0.02 sys=0.00, real=0.00 secs] 
2501.729: [GC (Allocation Failure) [PSYoungGen: 81296K->17792K(95232K)] 326103K->262607K(730112K), 0.0027071 secs] [Times: user=0.01 sys=0.00, real=0.00 secs] 
2501.983: [GC (Allocation Failure) [PSYoungGen: 95104K->34144K(121856K)] 339919K->278967K(756736K), 0.0038511 secs] [Times: user=0.02 sys=0.00, real=0.01 secs] 
2502.495: [GC (Allocation Failure) [PSYoungGen: 107872K->34176K(125440K)] 352695K->279015K(760320K), 0.0034594 secs] [Times: user=0.02 sys=0.00, real=0.00 secs] 
2503.907: [GC (Allocation Failure) [PSYoungGen: 107904K->1920K(118784K)] 352743K->246767K(753664K), 0.0017949 secs] [Times: user=0.00 sys=0.00, real=0.00 secs] 
2504.833: [GC (Allocation Failure) [PSYoungGen: 75136K->17792K(90624K)] 319983K->262647K(725504K), 0.0039591 secs] [Times: user=0.02 sys=0.00, real=0.01 secs] 
2505.333: [GC (Allocation Failure) [PSYoungGen: 90496K->34160K(119808K)] 335351K->279023K(754688K), 0.0073129 secs] [Times: user=0.04 sys=0.00, real=0.01 secs] 
2505.919: [GC (Allocation Failure) [PSYoungGen: 103792K->34176K(122880K)] 348655K->279047K(757760K), 0.0061477 secs] [Times: user=0.03 sys=0.00, real=0.01 secs] 
2506.297: [GC (Allocation Failure) [PSYoungGen: 103808K->1360K(131584K)] 348679K->246239K(766464K), 0.0018825 secs] [Times: user=0.01 sys=0.00, real=0.00 secs] 
2507.707: [GC (Allocation Failure) [PSYoungGen: 78160K->9632K(86016K)] 323039K->254519K(720896K), 0.0023469 secs] [Times: user=0.01 sys=0.00, real=0.00 secs] 
2508.252: [GC (Allocation Failure) [PSYoungGen: 83361K->17760K(121344K)] 328249K->262647K(756224K), 0.0050645 secs] [Times: user=0.02 sys=0.00, real=0.01 secs] 
2508.795: [GC (Allocation Failure) [PSYoungGen: 93536K->34176K(125440K)] 338423K->279071K(760320K), 0.0048394 secs] [Times: user=0.02 sys=0.00, real=0.00 secs] 
2509.324: [GC (Allocation Failure) [PSYoungGen: 109952K->1344K(119296K)] 354847K->246247K(754176K), 0.0021133 secs] [Times: user=0.01 sys=0.00, real=0.00 secs] 
2510.892: [GC (Allocation Failure) [PSYoungGen: 76608K->9648K(84480K)] 321511K->254559K(719360K), 0.0023592 secs] [Times: user=0.01 sys=0.00, real=0.01 secs] 
2511.827: [GC (Allocation Failure) [PSYoungGen: 84400K->17792K(117760K)] 329311K->262711K(752640K), 0.0049807 secs] [Times: user=0.02 sys=0.01, real=0.00 secs] 
2512.353: [GC (Allocation Failure) [PSYoungGen: 92032K->34144K(120832K)] 336951K->279071K(755712K), 0.0047234 secs] [Times: user=0.02 sys=0.00, real=0.01 secs] 
2513.030: [GC (Allocation Failure) [PSYoungGen: 107872K->1408K(123392K)] 352799K->246343K(758272K), 0.0025490 secs] [Times: user=0.01 sys=0.00, real=0.00 secs] 
2514.175: [GC (Allocation Failure) [PSYoungGen: 74624K->5536K(78336K)] 319559K->250479K(713216K), 0.0019820 secs] [Times: user=0.01 sys=0.00, real=0.00 secs] 
2514.708: [GC (Allocation Failure) [PSYoungGen: 78240K->17824K(115712K)] 323183K->262767K(750592K), 0.0025809 secs] [Times: user=0.01 sys=0.00, real=0.00 secs] 
2515.142: [GC (Allocation Failure) [PSYoungGen: 90016K->34208K(118272K)] 334959K->279159K(753152K), 0.0040573 secs] [Times: user=0.02 sys=0.00, real=0.01 secs] 
2515.528: [GC (Allocation Failure) [PSYoungGen: 105888K->34208K(118784K)] 350839K->279167K(753664K), 0.0047848 secs] [Times: user=0.03 sys=0.00, real=0.00 secs] 
2515.808: [GC (Allocation Failure) [PSYoungGen: 102816K->1392K(121856K)] 347775K->246359K(756736K), 0.0019766 secs] [Times: user=0.01 sys=0.00, real=0.00 secs] 
2516.958: [GC (Allocation Failure) [PSYoungGen: 70000K->9648K(109568K)] 314967K->254615K(744448K), 0.0020685 secs] [Times: user=0.00 sys=0.00, real=0.00 secs] 
2517.411: [GC (Allocation Failure) [PSYoungGen: 76379K->17792K(85504K)] 321347K->262767K(720384K), 0.0044119 secs] [Times: user=0.02 sys=0.00, real=0.01 secs] 
2517.812: [GC (Allocation Failure) [PSYoungGen: 85376K->34208K(111616K)] 330351K->279191K(746496K), 0.0055874 secs] [Times: user=0.02 sys=0.00, real=0.01 secs] 
2518.310: [GC (Allocation Failure) [PSYoungGen: 98208K->1344K(115200K)] 343191K->246335K(750080K), 0.0023940 secs] [Times: user=0.01 sys=0.00, real=0.00 secs] 
2519.677: [GC (Allocation Failure) [PSYoungGen: 65344K->2400K(106496K)] 310335K->247399K(741376K), 0.0017141 secs] [Times: user=0.00 sys=0.00, real=0.00 secs] 
2520.425: [GC (Allocation Failure) [PSYoungGen: 59623K->9584K(73728K)] 304622K->254591K(708608K), 0.0051978 secs] [Times: user=0.02 sys=0.00, real=0.00 secs] 
2521.191: [GC (Allocation Failure) [PSYoungGen: 72299K->17824K(106496K)] 317307K->262839K(741376K), 0.0055993 secs] [Times: user=0.02 sys=0.00, real=0.01 secs] 
2521.627: [GC (Allocation Failure) [PSYoungGen: 81824K->34176K(109056K)] 326839K->279207K(743936K), 0.0056693 secs] [Times: user=0.03 sys=0.00, real=0.00 secs] 
2522.352: [GC (Allocation Failure) [PSYoungGen: 98176K->1408K(105984K)] 343207K->246447K(740864K), 0.0024976 secs] [Times: user=0.01 sys=0.00, real=0.01 secs] 
2523.686: [GC (Allocation Failure) [PSYoungGen: 65408K->1920K(66048K)] 310447K->246967K(700928K), 0.0014458 secs] [Times: user=0.01 sys=0.00, real=0.00 secs] 
2524.214: [GC (Allocation Failure) [PSYoungGen: 63175K->9568K(106496K)] 308223K->254623K(741376K), 0.0022748 secs] [Times: user=0.01 sys=0.00, real=0.01 secs] 
2524.726: [GC (Allocation Failure) [PSYoungGen: 72279K->17760K(81920K)] 317334K->262823K(716800K), 0.0060021 secs] [Times: user=0.02 sys=0.01, real=0.00 secs] 
2525.297: [GC (Allocation Failure) [PSYoungGen: 81760K->34208K(102912K)] 326823K->279279K(737792K), 0.0054720 secs] [Times: user=0.03 sys=0.00, real=0.00 secs] 
2526.110: [GC (Allocation Failure) [PSYoungGen: 93600K->34192K(107520K)] 338671K->279263K(742400K), 0.0048984 secs] [Times: user=0.03 sys=0.00, real=0.01 secs] 
2526.925: [GC (Allocation Failure) [PSYoungGen: 93584K->1408K(110080K)] 338655K->246487K(744960K), 0.0030647 secs] [Times: user=0.02 sys=0.00, real=0.00 secs] 
2528.456: [GC (Allocation Failure) [PSYoungGen: 60800K->9600K(69120K)] 305879K->254695K(704000K), 0.0045293 secs] [Times: user=0.01 sys=0.00, real=0.00 secs] 
2529.293: [GC (Allocation Failure) [PSYoungGen: 68992K->17792K(102912K)] 314087K->262895K(737792K), 0.0059576 secs] [Times: user=0.02 sys=0.01, real=0.01 secs] 
2530.008: [GC (Allocation Failure) [PSYoungGen: 77184K->34176K(105472K)] 322287K->279287K(740352K), 0.0090168 secs] [Times: user=0.04 sys=0.00, real=0.01 secs] 
2530.903: [GC (Allocation Failure) [PSYoungGen: 93568K->34208K(113152K)] 338679K->279327K(748032K), 0.0067503 secs] [Times: user=0.04 sys=0.00, real=0.01 secs] 
2531.467: [GC (Allocation Failure) [PSYoungGen: 97184K->1376K(115712K)] 342303K->246495K(750592K), 0.0029889 secs] [Times: user=0.02 sys=0.00, real=0.00 secs] 
2532.672: [GC (Allocation Failure) [PSYoungGen: 64352K->9664K(111616K)] 309471K->254791K(746496K), 0.0020797 secs] [Times: user=0.01 sys=0.00, real=0.01 secs] 
2533.113: [GC (Allocation Failure) [PSYoungGen: 72640K->17792K(80896K)] 317767K->262927K(715776K), 0.0023059 secs] [Times: user=0.01 sys=0.00, real=0.01 secs] 
2533.507: [GC (Allocation Failure) [PSYoungGen: 80768K->34144K(107520K)] 325903K->279295K(742400K), 0.0054385 secs] [Times: user=0.03 sys=0.00, real=0.00 secs] 
2534.026: [GC (Allocation Failure) [PSYoungGen: 94048K->34144K(110592K)] 339199K->279303K(745472K), 0.0051062 secs] [Times: user=0.03 sys=0.00, real=0.00 secs] 
2534.484: [GC (Allocation Failure) [PSYoungGen: 94048K->1392K(119296K)] 339207K->246559K(754176K), 0.0022429 secs] [Times: user=0.00 sys=0.00, real=0.00 secs] 
2535.720: [GC (Allocation Failure) [PSYoungGen: 67440K->9632K(75264K)] 312607K->254807K(710144K), 0.0021679 secs] [Times: user=0.01 sys=0.00, real=0.00 secs] 
2536.222: [GC (Allocation Failure) [PSYoungGen: 75168K->17824K(109568K)] 320343K->263007K(744448K), 0.0029430 secs] [Times: user=0.01 sys=0.00, real=0.01 secs] 
2536.626: [GC (Allocation Failure) [PSYoungGen: 82848K->34208K(113152K)] 328031K->279399K(748032K), 0.0060792 secs] [Times: user=0.02 sys=0.01, real=0.00 secs] 
2537.275: [GC (Allocation Failure) [PSYoungGen: 99232K->34208K(120320K)] 344423K->279399K(755200K), 0.0109775 secs] [Times: user=0.06 sys=0.00, real=0.01 secs] 
2538.007: [GC (Allocation Failure) [PSYoungGen: 103328K->1408K(122880K)] 348519K->246607K(757760K), 0.0024745 secs] [Times: user=0.01 sys=0.00, real=0.00 secs] 
2539.572: [GC (Allocation Failure) [PSYoungGen: 70528K->9632K(110592K)] 315727K->254839K(745472K), 0.0023801 secs] [Times: user=0.01 sys=0.00, real=0.01 secs] 
2540.318: [GC (Allocation Failure) [PSYoungGen: 76803K->17792K(86016K)] 322011K->262999K(720896K), 0.0040390 secs] [Times: user=0.02 sys=0.00, real=0.00 secs] 
2540.863: [GC (Allocation Failure) [PSYoungGen: 85888K->34176K(113152K)] 331095K->279399K(748032K), 0.0053164 secs] [Times: user=0.02 sys=0.00, real=0.01 secs] 
2541.216: [GC (Allocation Failure) [PSYoungGen: 99200K->1408K(116224K)] 344423K->246631K(751104K), 0.0019613 secs] [Times: user=0.01 sys=0.00, real=0.00 secs] 
2542.283: [GC (Allocation Failure) [PSYoungGen: 66305K->2400K(115200K)] 311529K->247647K(750080K), 0.0017636 secs] [Times: user=0.00 sys=0.00, real=0.01 secs] 
2543.139: [GC (Allocation Failure) [PSYoungGen: 67424K->17792K(82944K)] 312671K->263047K(717824K), 0.0029714 secs] [Times: user=0.02 sys=0.00, real=0.00 secs] 
2543.910: [GC (Allocation Failure) [PSYoungGen: 70785K->17792K(107520K)] 316040K->263055K(742400K), 0.0033068 secs] [Times: user=0.02 sys=0.00, real=0.00 secs] 
2544.450: [GC (Allocation Failure) [PSYoungGen: 82816K->34176K(110080K)] 328079K->279447K(744960K), 0.0047164 secs] [Times: user=0.02 sys=0.00, real=0.01 secs] 
2545.400: [GC (Allocation Failure) [PSYoungGen: 99200K->1376K(113152K)] 344471K->246647K(748032K), 0.0029514 secs] [Times: user=0.01 sys=0.01, real=0.00 secs] 
2547.129: [GC (Allocation Failure) [PSYoungGen: 66400K->1920K(67072K)] 311671K->247199K(701952K), 0.0017852 secs] [Times: user=0.00 sys=0.00, real=0.00 secs] 
2548.141: [GC (Allocation Failure) [PSYoungGen: 59615K->9600K(108032K)] 304895K->254887K(742912K), 0.0021536 secs] [Times: user=0.01 sys=0.00, real=0.00 secs] 
2548.936: [GC (Allocation Failure) [PSYoungGen: 73136K->17792K(82944K)] 318424K->263087K(717824K), 0.0029236 secs] [Times: user=0.01 sys=0.00, real=0.00 secs] 
2549.388: [GC (Allocation Failure) [PSYoungGen: 82816K->34192K(104960K)] 328111K->279495K(739840K), 0.0047434 secs] [Times: user=0.02 sys=0.00, real=0.00 secs] 
2549.845: [GC (Allocation Failure) [PSYoungGen: 95120K->1376K(62464K)] 340423K->246679K(697344K), 0.0020232 secs] [Times: user=0.01 sys=0.00, real=0.00 secs] 
2550.276: [GC (Allocation Failure) [PSYoungGen: 62304K->1405K(106496K)] 307607K->246716K(741376K), 0.0014336 secs] [Times: user=0.00 sys=0.00, real=0.00 secs] 
2551.004: [GC (Allocation Failure) [PSYoungGen: 62333K->9600K(70656K)] 307644K->254919K(705536K), 0.0023769 secs] [Times: user=0.01 sys=0.00, real=0.00 secs] 
2551.268: [GC (Allocation Failure) [PSYoungGen: 70528K->17792K(102912K)] 315847K->263119K(737792K), 0.0026716 secs] [Times: user=0.01 sys=0.00, real=0.00 secs] 
2551.468: [GC (Allocation Failure) [PSYoungGen: 78720K->34144K(103936K)] 324047K->279479K(738816K), 0.0035029 secs] [Times: user=0.02 sys=0.00, real=0.00 secs] 
2551.722: [GC (Allocation Failure) [PSYoungGen: 95072K->34176K(111104K)] 340407K->279519K(745984K), 0.0046233 secs] [Times: user=0.02 sys=0.00, real=0.01 secs] 
2552.202: [GC (Allocation Failure) [PSYoungGen: 97664K->1408K(114688K)] 343007K->246775K(749568K), 0.0018746 secs] [Times: user=0.01 sys=0.00, real=0.01 secs] 
2553.099: [GC (Allocation Failure) [PSYoungGen: 64896K->9600K(114688K)] 310263K->254967K(749568K), 0.0020931 secs] [Times: user=0.01 sys=0.00, real=0.00 secs] 
2553.357: [GC (Allocation Failure) [PSYoungGen: 79232K->17792K(117760K)] 324599K->263159K(752640K), 0.0021732 secs] [Times: user=0.01 sys=0.00, real=0.00 secs] 
2553.670: [GC (Allocation Failure) [PSYoungGen: 87424K->34208K(118272K)] 332791K->279583K(753152K), 0.0051026 secs] [Times: user=0.03 sys=0.01, real=0.01 secs] 
2553.975: [GC (Allocation Failure) [PSYoungGen: 106912K->1424K(122368K)] 352287K->246807K(757248K), 0.0018028 secs] [Times: user=0.00 sys=0.00, real=0.00 secs] 
2555.541: [GC (Allocation Failure) [PSYoungGen: 74128K->5568K(110080K)] 319511K->250959K(744960K), 0.0027031 secs] [Times: user=0.01 sys=0.00, real=0.00 secs] 
2556.572: [GC (Allocation Failure) [PSYoungGen: 77760K->17792K(89600K)] 323151K->263183K(724480K), 0.0059280 secs] [Times: user=0.03 sys=0.00, real=0.01 secs] 
2557.386: [GC (Allocation Failure) [PSYoungGen: 89472K->34176K(113152K)] 334863K->279575K(748032K), 0.0061447 secs] [Times: user=0.03 sys=0.00, real=0.00 secs] 
2558.215: [GC (Allocation Failure) [PSYoungGen: 101760K->34144K(117248K)] 347159K->279551K(752128K), 0.0073728 secs] [Times: user=0.03 sys=0.00, real=0.00 secs] 
2558.793: [GC (Allocation Failure) [PSYoungGen: 101728K->1312K(111616K)] 347135K->246727K(746496K), 0.0030797 secs] [Times: user=0.01 sys=0.00, real=0.01 secs] 
2560.151: [GC (Allocation Failure) [PSYoungGen: 68384K->9664K(76288K)] 313799K->255079K(711168K), 0.0022998 secs] [Times: user=0.01 sys=0.01, real=0.00 secs] 
2560.709: [GC (Allocation Failure) [PSYoungGen: 76224K->17792K(109568K)] 321639K->263215K(744448K), 0.0041098 secs] [Times: user=0.02 sys=0.00, real=0.00 secs] 
2561.279: [GC (Allocation Failure) [PSYoungGen: 83840K->34144K(112640K)] 329263K->279575K(747520K), 0.0051096 secs] [Times: user=0.02 sys=0.00, real=0.01 secs] 
2562.054: [GC (Allocation Failure) [PSYoungGen: 99680K->1376K(114176K)] 345111K->246823K(749056K), 0.0040366 secs] [Times: user=0.01 sys=0.00, real=0.00 secs] 
2563.367: [GC (Allocation Failure) [PSYoungGen: 66400K->1920K(67072K)] 311847K->247367K(701952K), 0.0016990 secs] [Times: user=0.01 sys=0.00, real=0.00 secs] 
2563.579: [GC (Allocation Failure) [PSYoungGen: 59693K->9568K(109568K)] 305140K->255023K(744448K), 0.0019128 secs] [Times: user=0.01 sys=0.00, real=0.00 secs] 
2563.805: [GC (Allocation Failure) [PSYoungGen: 73159K->17760K(82944K)] 318615K->263223K(717824K), 0.0023920 secs] [Times: user=0.01 sys=0.00, real=0.00 secs] 
2564.009: [GC (Allocation Failure) [PSYoungGen: 82784K->34176K(105984K)] 328247K->279647K(740864K), 0.0030368 secs] [Times: user=0.02 sys=0.00, real=0.00 secs] 
2564.263: [GC (Allocation Failure) [PSYoungGen: 95104K->1376K(110080K)] 340575K->246855K(744960K), 0.0017208 secs] [Times: user=0.00 sys=0.00, real=0.01 secs] 
2564.971: [GC (Allocation Failure) [PSYoungGen: 62304K->1357K(101376K)] 307783K->246844K(736256K), 0.0015239 secs] [Times: user=0.01 sys=0.00, real=0.00 secs] 
2566.824: [GC (Allocation Failure) [PSYoungGen: 62285K->9632K(70656K)] 307772K->255127K(705536K), 0.0034661 secs] [Times: user=0.01 sys=0.00, real=0.00 secs] 
2567.116: [GC (Allocation Failure) [PSYoungGen: 70560K->17792K(102912K)] 316055K->263295K(737792K), 0.0029776 secs] [Times: user=0.01 sys=0.00, real=0.00 secs] 
2567.302: [GC (Allocation Failure) [PSYoungGen: 78720K->34208K(104448K)] 324223K->279719K(739328K), 0.0033509 secs] [Times: user=0.02 sys=0.00, real=0.01 secs] 
2567.603: [GC (Allocation Failure) [PSYoungGen: 95136K->34192K(112128K)] 340647K->279703K(747008K), 0.0040906 secs] [Times: user=0.02 sys=0.00, real=0.01 secs] 
2568.071: [GC (Allocation Failure) [PSYoungGen: 98192K->1424K(115712K)] 343703K->246943K(750592K), 0.0017856 secs] [Times: user=0.01 sys=0.00, real=0.00 secs] 
2569.404: [GC (Allocation Failure) [PSYoungGen: 65424K->9632K(103424K)] 310943K->255159K(738304K), 0.0021033 secs] [Times: user=0.01 sys=0.00, real=0.00 secs] 
2569.896: [GC (Allocation Failure) [PSYoungGen: 73632K->17760K(81920K)] 319159K->263287K(716800K), 0.0034892 secs] [Times: user=0.01 sys=0.00, real=0.00 secs] 
2570.381: [GC (Allocation Failure) [PSYoungGen: 81760K->34176K(105984K)] 327287K->279711K(740864K), 0.0043882 secs] [Times: user=0.02 sys=0.00, real=0.01 secs] 
2570.964: [GC (Allocation Failure) [PSYoungGen: 94080K->34192K(110080K)] 339615K->279751K(744960K), 0.0045082 secs] [Times: user=0.02 sys=0.00, real=0.00 secs] 
2571.598: [GC (Allocation Failure) [PSYoungGen: 94096K->1376K(106496K)] 339655K->246943K(741376K), 0.0024376 secs] [Times: user=0.01 sys=0.00, real=0.00 secs] 
2572.720: [GC (Allocation Failure) [PSYoungGen: 61280K->9632K(69632K)] 306847K->255207K(704512K), 0.0019142 secs] [Times: user=0.01 sys=0.00, real=0.00 secs] 
2573.200: [GC (Allocation Failure) [PSYoungGen: 69536K->17824K(104448K)] 315111K->263407K(739328K), 0.0033777 secs] [Times: user=0.01 sys=0.00, real=0.00 secs] 
2573.624: [GC (Allocation Failure) [PSYoungGen: 77728K->34176K(107520K)] 323311K->279767K(742400K), 0.0050637 secs] [Times: user=0.02 sys=0.00, real=0.00 secs] 
2574.288: [GC (Allocation Failure) [PSYoungGen: 94080K->34208K(114688K)] 339671K->279807K(749568K), 0.0094770 secs] [Times: user=0.04 sys=0.01, real=0.01 secs] 
2575.128: [GC (Allocation Failure) [PSYoungGen: 97696K->1376K(117248K)] 343295K->246975K(752128K), 0.0028661 secs] [Times: user=0.01 sys=0.00, real=0.00 secs] 
2576.553: [GC (Allocation Failure) [PSYoungGen: 64864K->9648K(106496K)] 310463K->255255K(741376K), 0.0023364 secs] [Times: user=0.01 sys=0.00, real=0.01 secs] 
2576.923: [GC (Allocation Failure) [PSYoungGen: 73136K->17824K(81408K)] 318743K->263439K(716288K), 0.0025483 secs] [Times: user=0.01 sys=0.01, real=0.01 secs] 
2577.292: [GC (Allocation Failure) [PSYoungGen: 81312K->34176K(108544K)] 326927K->279799K(743424K), 0.0035096 secs] [Times: user=0.01 sys=0.00, real=0.01 secs] 
2577.764: [GC (Allocation Failure) [PSYoungGen: 94592K->34176K(111616K)] 340215K->279799K(746496K), 0.0034214 secs] [Times: user=0.01 sys=0.00, real=0.00 secs] 
2578.282: [GC (Allocation Failure) [PSYoungGen: 94592K->1376K(114176K)] 340215K->247007K(749056K), 0.0018184 secs] [Times: user=0.01 sys=0.00, real=0.01 secs] 
2579.757: [GC (Allocation Failure) [PSYoungGen: 58951K->5568K(66048K)] 304583K->251207K(700928K), 0.0023948 secs] [Times: user=0.01 sys=0.00, real=0.00 secs] 
2580.747: [GC (Allocation Failure) [PSYoungGen: 65984K->17760K(106496K)] 311623K->263407K(741376K), 0.0044720 secs] [Times: user=0.02 sys=0.00, real=0.00 secs] 
2581.515: [GC (Allocation Failure) [PSYoungGen: 78176K->34144K(109568K)] 323823K->279799K(744448K), 0.0058799 secs] [Times: user=0.03 sys=0.00, real=0.00 secs] 
2582.414: [GC (Allocation Failure) [PSYoungGen: 94560K->34144K(110592K)] 340215K->279799K(745472K), 0.0061784 secs] [Times: user=0.03 sys=0.00, real=0.01 secs] 
2583.103: [GC (Allocation Failure) [PSYoungGen: 92512K->1408K(112640K)] 338167K->247087K(747520K), 0.0030146 secs] [Times: user=0.01 sys=0.01, real=0.01 secs] 
2584.773: [GC (Allocation Failure) [PSYoungGen: 59776K->3456K(110592K)] 305455K->249143K(745472K), 0.0020897 secs] [Times: user=0.01 sys=0.01, real=0.01 secs] 
2585.282: [GC (Allocation Failure) [PSYoungGen: 61824K->17824K(76288K)] 307511K->263519K(711168K), 0.0024893 secs] [Times: user=0.01 sys=0.00, real=0.01 secs] 
2585.665: [GC (Allocation Failure) [PSYoungGen: 70308K->17792K(102400K)] 316003K->263495K(737280K), 0.0036692 secs] [Times: user=0.01 sys=0.00, real=0.00 secs] 
2585.973: [GC (Allocation Failure) [PSYoungGen: 76160K->34192K(105472K)] 321863K->279895K(740352K), 0.0052275 secs] [Times: user=0.03 sys=0.00, real=0.01 secs] 
2586.419: [GC (Allocation Failure) [PSYoungGen: 92560K->34176K(112128K)] 338263K->279887K(747008K), 0.0075249 secs] [Times: user=0.03 sys=0.01, real=0.01 secs] 
2586.882: [GC (Allocation Failure) [PSYoungGen: 96128K->1392K(114688K)] 341839K->247119K(749568K), 0.0030583 secs] [Times: user=0.01 sys=0.00, real=0.01 secs] 
2587.883: [GC (Allocation Failure) [PSYoungGen: 63344K->9648K(116736K)] 309071K->255383K(751616K), 0.0019369 secs] [Times: user=0.01 sys=0.00, real=0.01 secs] 
2588.333: [GC (Allocation Failure) [PSYoungGen: 77744K->17760K(85504K)] 323479K->263495K(720384K), 0.0024183 secs] [Times: user=0.01 sys=0.00, real=0.01 secs] 
2588.796: [GC (Allocation Failure) [PSYoungGen: 85344K->34144K(112128K)] 331079K->279879K(747008K), 0.0058892 secs] [Times: user=0.03 sys=0.00, real=0.00 secs] 
2589.324: [GC (Allocation Failure) [PSYoungGen: 98656K->1392K(115200K)] 344391K->247135K(750080K), 0.0023412 secs] [Times: user=0.01 sys=0.00, real=0.00 secs] 
2590.511: [GC (Allocation Failure) [PSYoungGen: 65904K->1568K(107520K)] 311647K->247319K(742400K), 0.0015225 secs] [Times: user=0.00 sys=0.01, real=0.00 secs] 
2590.758: [GC (Allocation Failure) [PSYoungGen: 62997K->9632K(74240K)] 308748K->255391K(709120K), 0.0019733 secs] [Times: user=0.01 sys=0.00, real=0.00 secs] 
2590.988: [GC (Allocation Failure) [PSYoungGen: 72911K->17824K(108032K)] 318670K->263615K(742912K), 0.0022298 secs] [Times: user=0.01 sys=0.00, real=0.00 secs] 
2591.190: [GC (Allocation Failure) [PSYoungGen: 82336K->34176K(110080K)] 328127K->279967K(744960K), 0.0032259 secs] [Times: user=0.02 sys=0.00, real=0.00 secs] 
2591.803: [GC (Allocation Failure) [PSYoungGen: 98688K->1392K(119296K)] 344479K->247191K(754176K), 0.0020118 secs] [Times: user=0.01 sys=0.00, real=0.01 secs] 
2593.023: [GC (Allocation Failure) [PSYoungGen: 72560K->3488K(74240K)] 318359K->249287K(709120K), 0.0018678 secs] [Times: user=0.01 sys=0.00, real=0.01 secs] 
2593.257: [GC (Allocation Failure) [PSYoungGen: 74144K->17808K(113152K)] 319943K->263615K(748032K), 0.0022834 secs] [Times: user=0.01 sys=0.00, real=0.00 secs] 
2593.767: [GC (Allocation Failure) [PSYoungGen: 87952K->34176K(115200K)] 333759K->279983K(750080K), 0.0032979 secs] [Times: user=0.02 sys=0.00, real=0.00 secs] 
2594.751: [GC (Allocation Failure) [PSYoungGen: 103808K->34144K(116224K)] 349615K->279959K(751104K), 0.0103589 secs] [Times: user=0.05 sys=0.00, real=0.01 secs] 
2595.639: [GC (Allocation Failure) [PSYoungGen: 100704K->1408K(67584K)] 346519K->247223K(702464K), 0.0043745 secs] [Times: user=0.01 sys=0.00, real=0.01 secs] 
2597.364: [GC (Allocation Failure) [PSYoungGen: 67456K->9632K(113152K)] 313271K->255455K(748032K), 0.0025710 secs] [Times: user=0.01 sys=0.00, real=0.01 secs] 
2597.891: [GC (Allocation Failure) [PSYoungGen: 75168K->17824K(82944K)] 320991K->263663K(717824K), 0.0054490 secs] [Times: user=0.02 sys=0.00, real=0.01 secs] 
2598.591: [GC (Allocation Failure) [PSYoungGen: 82848K->34208K(109568K)] 328687K->280055K(744448K), 0.0072165 secs] [Times: user=0.03 sys=0.00, real=0.01 secs] 
2599.409: [GC (Allocation Failure) [PSYoungGen: 96160K->34208K(112640K)] 342007K->280063K(747520K), 0.0068159 secs] [Times: user=0.04 sys=0.00, real=0.01 secs] 
2600.258: [GC (Allocation Failure) [PSYoungGen: 96160K->1440K(108544K)] 342015K->247303K(743424K), 0.0031997 secs] [Times: user=0.01 sys=0.00, real=0.00 secs] 
2601.629: [GC (Allocation Failure) [PSYoungGen: 63392K->9632K(71680K)] 309255K->255495K(706560K), 0.0094179 secs] [Times: user=0.04 sys=0.00, real=0.01 secs] 
2601.877: [GC (Allocation Failure) [PSYoungGen: 71584K->17824K(116224K)] 317447K->263695K(751104K), 0.0023871 secs] [Times: user=0.01 sys=0.00, real=0.00 secs] 
2602.080: [GC (Allocation Failure) [PSYoungGen: 82848K->34176K(113152K)] 328719K->280055K(748032K), 0.0036154 secs] [Times: user=0.02 sys=0.00, real=0.00 secs] 
2602.352: [GC (Allocation Failure) [PSYoungGen: 99200K->34208K(121344K)] 345079K->280095K(756224K), 0.0049490 secs] [Times: user=0.02 sys=0.01, real=0.01 secs] 
2602.645: [GC (Allocation Failure) [PSYoungGen: 104352K->1392K(123904K)] 350239K->247295K(758784K), 0.0017783 secs] [Times: user=0.00 sys=0.00, real=0.00 secs] 
2604.320: [GC (Allocation Failure) [PSYoungGen: 71536K->9632K(126976K)] 317439K->255543K(761856K), 0.0045819 secs] [Times: user=0.02 sys=0.00, real=0.01 secs] 
2605.424: [GC (Allocation Failure) [PSYoungGen: 75393K->17824K(129536K)] 321305K->263743K(764416K), 0.0056836 secs] [Times: user=0.02 sys=0.00, real=0.00 secs] 
2606.201: [GC (Allocation Failure) [PSYoungGen: 95648K->34144K(131072K)] 341567K->280071K(765952K), 0.0113333 secs] [Times: user=0.06 sys=0.00, real=0.01 secs] 
2606.988: [GC (Allocation Failure) [PSYoungGen: 116576K->1408K(134144K)] 362503K->247343K(769024K), 0.0024255 secs] [Times: user=0.01 sys=0.00, real=0.00 secs] 
2608.326: [GC (Allocation Failure) [PSYoungGen: 83840K->9632K(120320K)] 329775K->255567K(755200K), 0.0019050 secs] [Times: user=0.01 sys=0.00, real=0.00 secs] 
2608.858: [GC (Allocation Failure) [PSYoungGen: 81550K->17824K(99328K)] 327486K->263759K(734208K), 0.0054526 secs] [Times: user=0.02 sys=0.00, real=0.01 secs] 
2609.328: [GC (Allocation Failure) [PSYoungGen: 99232K->34208K(124416K)] 345167K->280143K(759296K), 0.0038497 secs] [Times: user=0.02 sys=0.00, real=0.00 secs] 
2609.716: [GC (Allocation Failure) [PSYoungGen: 112032K->1376K(78848K)] 357967K->247311K(713728K), 0.0019351 secs] [Times: user=0.00 sys=0.00, real=0.00 secs] 
2611.013: [GC (Allocation Failure) [PSYoungGen: 78688K->9632K(121856K)] 324623K->255567K(756736K), 0.0022915 secs] [Times: user=0.01 sys=0.00, real=0.01 secs] 
2611.614: [GC (Allocation Failure) [PSYoungGen: 86432K->17760K(94208K)] 332367K->263703K(729088K), 0.0030179 secs] [Times: user=0.01 sys=0.00, real=0.00 secs] 
2612.155: [GC (Allocation Failure) [PSYoungGen: 94048K->34208K(117248K)] 339991K->280167K(752128K), 0.0038282 secs] [Times: user=0.02 sys=0.00, real=0.00 secs] 
2612.708: [GC (Allocation Failure) [PSYoungGen: 106400K->1376K(73216K)] 352359K->247343K(708096K), 0.0021862 secs] [Times: user=0.01 sys=0.01, real=0.00 secs] 
2614.279: [GC (Allocation Failure) [PSYoungGen: 73056K->5568K(117248K)] 319023K->251543K(752128K), 0.0022618 secs] [Times: user=0.01 sys=0.00, real=0.00 secs] 
2615.270: [GC (Allocation Failure) [PSYoungGen: 76736K->17792K(88576K)] 322711K->263767K(723456K), 0.0045171 secs] [Times: user=0.02 sys=0.00, real=0.01 secs] 
2615.894: [GC (Allocation Failure) [PSYoungGen: 88448K->34208K(111616K)] 334423K->280191K(746496K), 0.0086394 secs] [Times: user=0.04 sys=0.00, real=0.00 secs] 
2616.563: [GC (Allocation Failure) [PSYoungGen: 100768K->34176K(115200K)] 346751K->280167K(750080K), 0.0062119 secs] [Times: user=0.03 sys=0.00, real=0.01 secs] 
2617.080: [GC (Allocation Failure) [PSYoungGen: 100224K->1376K(116224K)] 346215K->247375K(751104K), 0.0024746 secs] [Times: user=0.01 sys=0.00, real=0.00 secs] 
2618.317: [GC (Allocation Failure) [PSYoungGen: 66912K->9648K(74752K)] 312911K->255655K(709632K), 0.0017629 secs] [Times: user=0.00 sys=0.00, real=0.00 secs] 
2618.642: [GC (Allocation Failure) [PSYoungGen: 74672K->17792K(109568K)] 320679K->263807K(744448K), 0.0027436 secs] [Times: user=0.02 sys=0.00, real=0.01 secs] 
2618.848: [GC (Allocation Failure) [PSYoungGen: 82816K->34208K(112128K)] 328831K->280239K(747008K), 0.0048228 secs] [Times: user=0.02 sys=0.00, real=0.00 secs] 
2619.120: [GC (Allocation Failure) [PSYoungGen: 99232K->1408K(121856K)] 345263K->247447K(756736K), 0.0020351 secs] [Times: user=0.01 sys=0.00, real=0.00 secs] 
2620.284: [GC (Allocation Failure) [PSYoungGen: 73600K->2496K(122368K)] 319639K->248543K(757248K), 0.0018434 secs] [Times: user=0.00 sys=0.00, real=0.00 secs] 
2620.525: [GC (Allocation Failure) [PSYoungGen: 74688K->17792K(124416K)] 320735K->263839K(759296K), 0.0024181 secs] [Times: user=0.01 sys=0.00, real=0.00 secs] 
2620.834: [GC (Allocation Failure) [PSYoungGen: 97664K->34192K(126464K)] 343711K->280271K(761344K), 0.0036000 secs] [Times: user=0.02 sys=0.00, real=0.00 secs] 
2621.425: [GC (Allocation Failure) [PSYoungGen: 114064K->34176K(136704K)] 360143K->280263K(771584K), 0.0104425 secs] [Times: user=0.05 sys=0.01, real=0.01 secs] 
2623.371: [GC (Allocation Failure) [PSYoungGen: 120192K->3456K(139264K)] 366279K->249551K(774144K), 0.0023535 secs] [Times: user=0.01 sys=0.00, real=0.00 secs] 
2624.145: [GC (Allocation Failure) [PSYoungGen: 89472K->17824K(139776K)] 335567K->263927K(774656K), 0.0036851 secs] [Times: user=0.02 sys=0.00, real=0.00 secs] 
2624.745: [GC (Allocation Failure) [PSYoungGen: 112544K->34192K(143872K)] 358647K->280295K(778752K), 0.0043203 secs] [Times: user=0.02 sys=0.00, real=0.00 secs] 
2625.136: [GC (Allocation Failure) [PSYoungGen: 128912K->1376K(136704K)] 375015K->247479K(771584K), 0.0018347 secs] [Times: user=0.01 sys=0.00, real=0.00 secs] 
2627.189: [GC (Allocation Failure) [PSYoungGen: 92336K->9536K(103424K)] 338440K->255647K(738304K), 0.0049749 secs] [Times: user=0.02 sys=0.00, real=0.01 secs] 
2628.373: [GC (Allocation Failure) [PSYoungGen: 103232K->34160K(140800K)] 349343K->280271K(775680K), 0.0109915 secs] [Times: user=0.05 sys=0.00, real=0.02 secs] 
2629.556: [GC (Allocation Failure) [PSYoungGen: 124784K->34112K(143360K)] 370895K->280231K(778240K), 0.0040554 secs] [Times: user=0.02 sys=0.00, real=0.00 secs] 
2631.809: [GC (Allocation Failure) [PSYoungGen: 124224K->5536K(142336K)] 370343K->251663K(777216K), 0.0018248 secs] [Times: user=0.00 sys=0.00, real=0.00 secs] 
2632.141: [GC (Allocation Failure) [PSYoungGen: 95136K->17776K(107008K)] 341263K->263911K(741888K), 0.0022529 secs] [Times: user=0.01 sys=0.00, real=0.00 secs] 
2632.444: [GC (Allocation Failure) [PSYoungGen: 106864K->34176K(137728K)] 352999K->280319K(772608K), 0.0031844 secs] [Times: user=0.02 sys=0.00, real=0.01 secs] 
2632.803: [GC (Allocation Failure) [PSYoungGen: 120704K->1344K(87552K)] 366847K->247495K(722432K), 0.0019209 secs] [Times: user=0.00 sys=0.00, real=0.01 secs] 
2634.135: [GC (Allocation Failure) [PSYoungGen: 87360K->9632K(134144K)] 333511K->255783K(769024K), 0.0018573 secs] [Times: user=0.00 sys=0.00, real=0.00 secs] 
2634.570: [GC (Allocation Failure) [PSYoungGen: 95136K->34208K(136192K)] 341287K->280367K(771072K), 0.0030089 secs] [Times: user=0.02 sys=0.00, real=0.00 secs] 
2634.924: [GC (Allocation Failure) [PSYoungGen: 119200K->34208K(137216K)] 365359K->280375K(772096K), 0.0038227 secs] [Times: user=0.02 sys=0.00, real=0.00 secs] 
2635.875: [GC (Allocation Failure) [PSYoungGen: 117150K->160K(82944K)] 363318K->246335K(717824K), 0.0014032 secs] [Times: user=0.01 sys=0.00, real=0.00 secs] 
2637.239: [GC (Allocation Failure) [PSYoungGen: 82592K->17760K(130560K)] 328767K->263943K(765440K), 0.0056253 secs] [Times: user=0.02 sys=0.00, real=0.01 secs] 
2637.979: [GC (Allocation Failure) [PSYoungGen: 99680K->34144K(134144K)] 345863K->280335K(769024K), 0.0050647 secs] [Times: user=0.03 sys=0.00, real=0.01 secs] 
2639.182: [GC (Allocation Failure) [PSYoungGen: 115552K->34192K(135168K)] 361743K->280391K(770048K), 0.0079332 secs] [Times: user=0.04 sys=0.00, real=0.01 secs] 
2640.888: [GC (Allocation Failure) [PSYoungGen: 114064K->3488K(82944K)] 360263K->249695K(717824K), 0.0033761 secs] [Times: user=0.01 sys=0.00, real=0.00 secs] 
2642.024: [GC (Allocation Failure) [PSYoungGen: 82848K->17792K(128512K)] 329055K->264007K(763392K), 0.0051500 secs] [Times: user=0.02 sys=0.00, real=0.00 secs] 
2642.805: [GC (Allocation Failure) [PSYoungGen: 96640K->34144K(131584K)] 342855K->280367K(766464K), 0.0057982 secs] [Times: user=0.03 sys=0.00, real=0.00 secs] 
2643.796: [GC (Allocation Failure) [PSYoungGen: 112480K->34208K(132096K)] 358703K->280431K(766976K), 0.0050753 secs] [Times: user=0.03 sys=0.00, real=0.00 secs] 
2645.295: [GC (Allocation Failure) [PSYoungGen: 111008K->2496K(78848K)] 357231K->248735K(713728K), 0.0016651 secs] [Times: user=0.00 sys=0.00, real=0.00 secs] 
2645.547: [GC (Allocation Failure) [PSYoungGen: 78784K->17824K(124928K)] 325023K->264071K(759808K), 0.0022690 secs] [Times: user=0.01 sys=0.00, real=0.00 secs] 
2645.794: [GC (Allocation Failure) [PSYoungGen: 93600K->34176K(128512K)] 339847K->280431K(763392K), 0.0030464 secs] [Times: user=0.01 sys=0.00, real=0.00 secs] 
2646.107: [GC (Allocation Failure) [PSYoungGen: 109440K->34176K(129024K)] 355695K->280439K(763904K), 0.0030447 secs] [Times: user=0.01 sys=0.00, real=0.00 secs] 
2646.414: [GC (Allocation Failure) [PSYoungGen: 107904K->1376K(74752K)] 354167K->247647K(709632K), 0.0017065 secs] [Times: user=0.01 sys=0.00, real=0.00 secs] 
2648.200: [GC (Allocation Failure) [PSYoungGen: 70084K->9632K(125952K)] 316356K->255911K(760832K), 0.0044594 secs] [Times: user=0.02 sys=0.00, real=0.01 secs] 
2648.772: [GC (Allocation Failure) [PSYoungGen: 72637K->17792K(90112K)] 318917K->264071K(724992K), 0.0038998 secs] [Times: user=0.02 sys=0.00, real=0.01 secs] 
2649.305: [GC (Allocation Failure) [PSYoungGen: 89984K->34144K(121344K)] 336263K->280431K(756224K), 0.0057237 secs] [Times: user=0.03 sys=0.00, real=0.00 secs] 
2649.845: [GC (Allocation Failure) [PSYoungGen: 103776K->1376K(70656K)] 350063K->247671K(705536K), 0.0030583 secs] [Times: user=0.01 sys=0.00, real=0.00 secs] 
2651.233: [GC (Allocation Failure) [PSYoungGen: 70496K->5584K(119296K)] 316791K->251887K(754176K), 0.0022182 secs] [Times: user=0.01 sys=0.00, real=0.01 secs] 
2651.643: [GC (Allocation Failure) [PSYoungGen: 74192K->17808K(86016K)] 320495K->264111K(720896K), 0.0028947 secs] [Times: user=0.01 sys=0.00, real=0.01 secs] 
2651.991: [GC (Allocation Failure) [PSYoungGen: 85904K->34144K(115200K)] 332207K->280455K(750080K), 0.0059926 secs] [Times: user=0.02 sys=0.00, real=0.01 secs] 
2652.614: [GC (Allocation Failure) [PSYoungGen: 99680K->34144K(117760K)] 345991K->280471K(752640K), 0.0080693 secs] [Times: user=0.05 sys=0.00, real=0.00 secs] 
2653.325: [GC (Allocation Failure) [PSYoungGen: 99680K->1408K(126464K)] 346007K->247743K(761344K), 0.0036185 secs] [Times: user=0.01 sys=0.00, real=0.00 secs] 
2654.523: [GC (Allocation Failure) [PSYoungGen: 73600K->9664K(81408K)] 319935K->256007K(716288K), 0.0020803 secs] [Times: user=0.01 sys=0.00, real=0.01 secs] 
2654.795: [GC (Allocation Failure) [PSYoungGen: 81344K->17792K(116224K)] 327687K->264135K(751104K), 0.0024878 secs] [Times: user=0.01 sys=0.00, real=0.00 secs] 
2655.103: [GC (Allocation Failure) [PSYoungGen: 88960K->34224K(120320K)] 335303K->280575K(755200K), 0.0035273 secs] [Times: user=0.01 sys=0.00, real=0.01 secs] 
2655.776: [GC (Allocation Failure) [PSYoungGen: 105392K->1376K(114176K)] 351743K->247735K(749056K), 0.0020543 secs] [Times: user=0.01 sys=0.00, real=0.00 secs] 
2657.160: [GC (Allocation Failure) [PSYoungGen: 70539K->3456K(73728K)] 316898K->249815K(708608K), 0.0017732 secs] [Times: user=0.00 sys=0.00, real=0.00 secs] 
2657.391: [GC (Allocation Failure) [PSYoungGen: 73600K->17776K(114176K)] 319959K->264143K(749056K), 0.0025008 secs] [Times: user=0.01 sys=0.00, real=0.01 secs] 
2657.613: [GC (Allocation Failure) [PSYoungGen: 87408K->34208K(117760K)] 333775K->280591K(752640K), 0.0030549 secs] [Times: user=0.01 sys=0.00, real=0.01 secs] 
2657.903: [GC (Allocation Failure) [PSYoungGen: 103840K->34192K(125952K)] 350223K->280583K(760832K), 0.0034650 secs] [Times: user=0.02 sys=0.00, real=0.01 secs] 
2658.213: [GC (Allocation Failure) [PSYoungGen: 108432K->1440K(128512K)] 354823K->247839K(763392K), 0.0020628 secs] [Times: user=0.01 sys=0.00, real=0.01 secs] 
2659.409: [GC (Allocation Failure) [PSYoungGen: 75680K->9632K(115200K)] 322079K->256047K(750080K), 0.0021409 secs] [Times: user=0.01 sys=0.00, real=0.00 secs] 
2659.734: [GC (Allocation Failure) [PSYoungGen: 75264K->17792K(91136K)] 321680K->264215K(726016K), 0.0024970 secs] [Times: user=0.01 sys=0.00, real=0.00 secs] 
2660.226: [GC (Allocation Failure) [PSYoungGen: 91008K->34176K(118784K)] 337431K->280623K(753664K), 0.0069229 secs] [Times: user=0.03 sys=0.00, real=0.00 secs] 
2660.829: [GC (Allocation Failure) [PSYoungGen: 104320K->1344K(121856K)] 350767K->247799K(756736K), 0.0030028 secs] [Times: user=0.01 sys=0.01, real=0.00 secs] 
2662.130: [GC (Allocation Failure) [PSYoungGen: 71488K->5504K(111104K)] 317943K->251959K(745984K), 0.0017379 secs] [Times: user=0.01 sys=0.00, real=0.00 secs] 
2662.652: [GC (Allocation Failure) [PSYoungGen: 75136K->17792K(87040K)] 321591K->264255K(721920K), 0.0026016 secs] [Times: user=0.01 sys=0.00, real=0.01 secs] 
2663.132: [GC (Allocation Failure) [PSYoungGen: 86912K->34208K(112640K)] 333375K->280679K(747520K), 0.0033577 secs] [Times: user=0.01 sys=0.00, real=0.01 secs] 
2663.737: [GC (Allocation Failure) [PSYoungGen: 99744K->34160K(115712K)] 346215K->280639K(750592K), 0.0038708 secs] [Times: user=0.02 sys=0.00, real=0.00 secs] 
2664.059: [GC (Allocation Failure) [PSYoungGen: 99184K->1424K(117760K)] 345663K->247911K(752640K), 0.0017987 secs] [Times: user=0.00 sys=0.00, real=0.00 secs] 
2664.961: [GC (Allocation Failure) [PSYoungGen: 66448K->9648K(74752K)] 312935K->256143K(709632K), 0.0020753 secs] [Times: user=0.01 sys=0.00, real=0.00 secs] 
2665.279: [GC (Allocation Failure) [PSYoungGen: 74672K->17792K(110080K)] 321167K->264287K(744960K), 0.0025386 secs] [Times: user=0.01 sys=0.00, real=0.00 secs] 
2665.572: [GC (Allocation Failure) [PSYoungGen: 82816K->34192K(113152K)] 329311K->280695K(748032K), 0.0033312 secs] [Times: user=0.02 sys=0.00, real=0.01 secs] 
2665.993: [GC (Allocation Failure) [PSYoungGen: 99216K->34176K(113664K)] 345719K->280687K(748544K), 0.0035359 secs] [Times: user=0.01 sys=0.01, real=0.01 secs] 
2666.506: [GC (Allocation Failure) [PSYoungGen: 96640K->1376K(116224K)] 343151K->247887K(751104K), 0.0018881 secs] [Times: user=0.01 sys=0.00, real=0.00 secs] 
2667.648: [GC (Allocation Failure) [PSYoungGen: 63840K->9632K(112128K)] 310351K->256151K(747008K), 0.0020311 secs] [Times: user=0.01 sys=0.00, real=0.00 secs] 
2668.113: [GC (Allocation Failure) [PSYoungGen: 72096K->17792K(80384K)] 318615K->264335K(715264K), 0.0026791 secs] [Times: user=0.01 sys=0.00, real=0.01 secs] 
2668.651: [GC (Allocation Failure) [PSYoungGen: 80256K->34208K(108032K)] 326799K->280759K(742912K), 0.0049471 secs] [Times: user=0.03 sys=0.00, real=0.01 secs] 
2669.165: [GC (Allocation Failure) [PSYoungGen: 93600K->34176K(111104K)] 340151K->280735K(745984K), 0.0061302 secs] [Times: user=0.03 sys=0.00, real=0.00 secs] 
2669.672: [GC (Allocation Failure) [PSYoungGen: 93568K->1376K(107008K)] 340127K->247943K(741888K), 0.0025163 secs] [Times: user=0.01 sys=0.01, real=0.01 secs] 
2671.104: [GC (Allocation Failure) [PSYoungGen: 60768K->9616K(69120K)] 307335K->256199K(704000K), 0.0021696 secs] [Times: user=0.01 sys=0.00, real=0.00 secs] 
2671.918: [GC (Allocation Failure) [PSYoungGen: 69008K->17792K(104960K)] 315591K->264383K(739840K), 0.0065307 secs] [Times: user=0.03 sys=0.00, real=0.01 secs] 
2672.481: [GC (Allocation Failure) [PSYoungGen: 77184K->34176K(108032K)] 323775K->280775K(742912K), 0.0081337 secs] [Times: user=0.04 sys=0.00, real=0.01 secs] 
2673.531: [GC (Allocation Failure) [PSYoungGen: 93568K->34208K(115200K)] 340167K->280807K(750080K), 0.0080694 secs] [Times: user=0.04 sys=0.00, real=0.01 secs] 
2674.254: [GC (Allocation Failure) [PSYoungGen: 97696K->1376K(117248K)] 344295K->247983K(752128K), 0.0037606 secs] [Times: user=0.02 sys=0.00, real=0.00 secs] 
2675.411: [GC (Allocation Failure) [PSYoungGen: 64864K->5568K(115200K)] 311471K->252183K(750080K), 0.0020100 secs] [Times: user=0.01 sys=0.00, real=0.00 secs] 
2675.736: [GC (Allocation Failure) [PSYoungGen: 69056K->17792K(81408K)] 315671K->264415K(716288K), 0.0023052 secs] [Times: user=0.01 sys=0.01, real=0.00 secs] 
2675.995: [GC (Allocation Failure) [PSYoungGen: 81280K->34192K(109568K)] 327903K->280823K(744448K), 0.0037295 secs] [Times: user=0.02 sys=0.00, real=0.00 secs] 
2676.266: [GC (Allocation Failure) [PSYoungGen: 94608K->34144K(112640K)] 341239K->280775K(747520K), 0.0050480 secs] [Times: user=0.02 sys=0.00, real=0.00 secs] 
2676.525: [GC (Allocation Failure) [PSYoungGen: 94560K->1408K(121856K)] 341191K->248055K(756736K), 0.0020615 secs] [Times: user=0.01 sys=0.00, real=0.00 secs] 
2678.085: [GC (Allocation Failure) [PSYoungGen: 68992K->5552K(121856K)] 315639K->252207K(756736K), 0.0039798 secs] [Times: user=0.02 sys=0.00, real=0.00 secs] 
2678.890: [GC (Allocation Failure) [PSYoungGen: 73136K->17808K(119808K)] 319791K->264463K(754688K), 0.0055242 secs] [Times: user=0.02 sys=0.00, real=0.01 secs] 
2679.157: [GC (Allocation Failure) [PSYoungGen: 92048K->34208K(123904K)] 338703K->280871K(758784K), 0.0037795 secs] [Times: user=0.02 sys=0.00, real=0.00 secs] 
2679.467: [GC (Allocation Failure) [PSYoungGen: 108448K->34144K(133120K)] 355111K->280823K(768000K), 0.0050181 secs] [Times: user=0.02 sys=0.00, real=0.00 secs] 
2680.713: [GC (Allocation Failure) [PSYoungGen: 114528K->3456K(135168K)] 361207K->250143K(770048K), 0.0024192 secs] [Times: user=0.01 sys=0.00, real=0.01 secs] 
2681.805: [GC (Allocation Failure) [PSYoungGen: 83840K->17824K(135168K)] 330527K->264519K(770048K), 0.0037245 secs] [Times: user=0.02 sys=0.00, real=0.00 secs] 
2682.440: [GC (Allocation Failure) [PSYoungGen: 105888K->34112K(139264K)] 352583K->280807K(774144K), 0.0050256 secs] [Times: user=0.02 sys=0.00, real=0.01 secs] 
2682.905: [GC (Allocation Failure) [PSYoungGen: 122176K->1408K(131072K)] 368871K->248103K(765952K), 0.0018680 secs] [Times: user=0.01 sys=0.00, real=0.00 secs] 
2684.047: [GC (Allocation Failure) [PSYoungGen: 88960K->9648K(96768K)] 335655K->256343K(731648K), 0.0021058 secs] [Times: user=0.01 sys=0.00, real=0.00 secs] 
2684.672: [GC (Allocation Failure) [PSYoungGen: 92662K->17728K(130560K)] 339357K->264423K(765440K), 0.0052146 secs] [Times: user=0.02 sys=0.00, real=0.01 secs] 
2685.187: [GC (Allocation Failure) [PSYoungGen: 104256K->34208K(134144K)] 350951K->280911K(769024K), 0.0039002 secs] [Times: user=0.01 sys=0.00, real=0.00 secs] 
2685.547: [GC (Allocation Failure) [PSYoungGen: 120224K->1408K(136192K)] 366927K->248119K(771072K), 0.0019312 secs] [Times: user=0.01 sys=0.00, real=0.00 secs] 
2686.482: [GC (Allocation Failure) [PSYoungGen: 81287K->9632K(94720K)] 327999K->256351K(729600K), 0.0018222 secs] [Times: user=0.01 sys=0.00, real=0.00 secs] 
2686.738: [GC (Allocation Failure) [PSYoungGen: 94624K->34208K(131072K)] 341343K->280927K(765952K), 0.0029989 secs] [Times: user=0.01 sys=0.00, real=0.00 secs] 
2687.079: [GC (Allocation Failure) [PSYoungGen: 116128K->34144K(133632K)] 362847K->280871K(768512K), 0.0030632 secs] [Times: user=0.01 sys=0.00, real=0.00 secs] 
2687.570: [GC (Allocation Failure) [PSYoungGen: 115552K->320K(135168K)] 362279K->247055K(770048K), 0.0020766 secs] [Times: user=0.00 sys=0.00, real=0.00 secs] 
2688.878: [GC (Allocation Failure) [PSYoungGen: 81216K->17824K(98304K)] 327951K->264567K(733184K), 0.0024971 secs] [Times: user=0.01 sys=0.00, real=0.00 secs] 
2689.145: [GC (Allocation Failure) [PSYoungGen: 98208K->34208K(129024K)] 344951K->280959K(763904K), 0.0036326 secs] [Times: user=0.02 sys=0.00, real=0.00 secs] 
2689.565: [GC (Allocation Failure) [PSYoungGen: 112032K->34176K(131584K)] 358783K->280927K(766464K), 0.0034987 secs] [Times: user=0.01 sys=0.00, real=0.00 secs] 
2690.881: [GC (Allocation Failure) [PSYoungGen: 111413K->192K(124928K)] 358165K->246951K(759808K), 0.0013999 secs] [Times: user=0.01 sys=0.00, real=0.00 secs] 
2691.344: [GC (Allocation Failure) [PSYoungGen: 77503K->17792K(94720K)] 324263K->264575K(729600K), 0.0024356 secs] [Times: user=0.01 sys=0.00, real=0.00 secs] 
2691.596: [GC (Allocation Failure) [PSYoungGen: 94592K->34160K(126464K)] 341375K->280951K(761344K), 0.0034520 secs] [Times: user=0.01 sys=0.01, real=0.00 secs] 
2691.954: [GC (Allocation Failure) [PSYoungGen: 108400K->34144K(129024K)] 355191K->280943K(763904K), 0.0035494 secs] [Times: user=0.02 sys=0.00, real=0.00 secs] 
2692.444: [GC (Allocation Failure) [PSYoungGen: 108384K->1392K(121856K)] 355183K->248199K(756736K), 0.0018453 secs] [Times: user=0.00 sys=0.00, real=0.01 secs] 
2693.983: [GC (Allocation Failure) [PSYoungGen: 75120K->9648K(82944K)] 321927K->256463K(717824K), 0.0022042 secs] [Times: user=0.01 sys=0.00, real=0.01 secs] 
2694.570: [GC (Allocation Failure) [PSYoungGen: 76314K->17760K(119808K)] 323130K->264583K(754688K), 0.0026993 secs] [Times: user=0.01 sys=0.00, real=0.00 secs] 
2695.111: [GC (Allocation Failure) [PSYoungGen: 90464K->34160K(123392K)] 337287K->280991K(758272K), 0.0040251 secs] [Times: user=0.01 sys=0.01, real=0.01 secs] 
2695.814: [GC (Allocation Failure) [PSYoungGen: 106352K->1376K(124928K)] 353183K->248215K(759808K), 0.0022120 secs] [Times: user=0.01 sys=0.00, real=0.00 secs] 
2697.258: [GC (Allocation Failure) [PSYoungGen: 73056K->5568K(76800K)] 319895K->252415K(711680K), 0.0019402 secs] [Times: user=0.01 sys=0.00, real=0.00 secs] 
2697.940: [GC (Allocation Failure) [PSYoungGen: 76736K->17792K(116224K)] 323583K->264639K(751104K), 0.0029442 secs] [Times: user=0.01 sys=0.00, real=0.00 secs] 
2698.389: [GC (Allocation Failure) [PSYoungGen: 88448K->34176K(119296K)] 335295K->281031K(754176K), 0.0037339 secs] [Times: user=0.02 sys=0.00, real=0.00 secs] 
2699.100: [GC (Allocation Failure) [PSYoungGen: 104320K->34208K(119808K)] 351175K->281071K(754688K), 0.0038204 secs] [Times: user=0.02 sys=0.00, real=0.01 secs] 
2699.860: [GC (Allocation Failure) [PSYoungGen: 101792K->1360K(68608K)] 348655K->248231K(703488K), 0.0020380 secs] [Times: user=0.01 sys=0.00, real=0.00 secs] 
2701.303: [GC (Allocation Failure) [PSYoungGen: 68432K->9632K(116224K)] 315303K->256503K(751104K), 0.0021259 secs] [Times: user=0.01 sys=0.00, real=0.01 secs] 
2701.906: [GC (Allocation Failure) [PSYoungGen: 76192K->17824K(83968K)] 323063K->264703K(718848K), 0.0044092 secs] [Times: user=0.02 sys=0.00, real=0.00 secs] 
2702.356: [GC (Allocation Failure) [PSYoungGen: 83872K->34208K(112128K)] 330751K->281095K(747008K), 0.0050445 secs] [Times: user=0.02 sys=0.00, real=0.00 secs] 
2702.846: [GC (Allocation Failure) [PSYoungGen: 97184K->1376K(64512K)] 344071K->248287K(699392K), 0.0026623 secs] [Times: user=0.01 sys=0.00, real=0.00 secs] 
2704.021: [GC (Allocation Failure) [PSYoungGen: 64352K->1696K(113664K)] 311263K->248607K(748544K), 0.0018123 secs] [Times: user=0.01 sys=0.00, real=0.00 secs] 
2704.247: [GC (Allocation Failure) [PSYoungGen: 62246K->9600K(72704K)] 309158K->256519K(707584K), 0.0019771 secs] [Times: user=0.01 sys=0.00, real=0.00 secs] 
2704.758: [GC (Allocation Failure) [PSYoungGen: 72576K->17760K(106496K)] 319495K->264687K(741376K), 0.0027850 secs] [Times: user=0.01 sys=0.00, real=0.00 secs] 
2705.181: [GC (Allocation Failure) [PSYoungGen: 80736K->34144K(109056K)] 327663K->281079K(743936K), 0.0037704 secs] [Times: user=0.02 sys=0.00, real=0.01 secs] 
2705.913: [GC (Allocation Failure) [PSYoungGen: 97120K->1376K(112128K)] 344055K->248319K(747008K), 0.0036627 secs] [Times: user=0.01 sys=0.00, real=0.01 secs] 
2707.390: [GC (Allocation Failure) [PSYoungGen: 63915K->288K(63488K)] 310858K->247239K(698368K), 0.0014546 secs] [Times: user=0.01 sys=0.00, real=0.00 secs] 
2709.677: [GC (Allocation Failure) [PSYoungGen: 63264K->9648K(106496K)] 310215K->256615K(741376K), 0.0037744 secs] [Times: user=0.02 sys=0.00, real=0.00 secs] 
2710.583: [GC (Allocation Failure) [PSYoungGen: 72624K->17760K(80896K)] 319591K->264735K(715776K), 0.0045876 secs] [Times: user=0.02 sys=0.00, real=0.01 secs] 
2710.960: [GC (Allocation Failure) [PSYoungGen: 80736K->34144K(103424K)] 327711K->281127K(738304K), 0.0056839 secs] [Times: user=0.03 sys=0.00, real=0.01 secs] 
2711.429: [GC (Allocation Failure) [PSYoungGen: 93024K->34208K(107520K)] 340007K->281191K(742400K), 0.0050626 secs] [Times: user=0.03 sys=0.00, real=0.00 secs] 
2711.866: [GC (Allocation Failure) [PSYoungGen: 93088K->1408K(103936K)] 340071K->248399K(738816K), 0.0026517 secs] [Times: user=0.01 sys=0.00, real=0.00 secs] 
2713.446: [GC (Allocation Failure) [PSYoungGen: 60288K->9664K(68608K)] 307279K->256663K(703488K), 0.0027437 secs] [Times: user=0.01 sys=0.00, real=0.00 secs] 
2713.887: [GC (Allocation Failure) [PSYoungGen: 68544K->17808K(102912K)] 315543K->264823K(737792K), 0.0032883 secs] [Times: user=0.02 sys=0.00, real=0.00 secs] 
2714.215: [GC (Allocation Failure) [PSYoungGen: 76688K->34144K(105472K)] 323703K->281167K(740352K), 0.0050782 secs] [Times: user=0.03 sys=0.00, real=0.00 secs] 
2714.742: [GC (Allocation Failure) [PSYoungGen: 93024K->34208K(113152K)] 340047K->281239K(748032K), 0.0058907 secs] [Times: user=0.03 sys=0.00, real=0.01 secs] 
2715.305: [GC (Allocation Failure) [PSYoungGen: 96672K->1408K(115712K)] 343703K->248439K(750592K), 0.0029600 secs] [Times: user=0.01 sys=0.00, real=0.00 secs] 
2716.427: [GC (Allocation Failure) [PSYoungGen: 63872K->9632K(103936K)] 310903K->256671K(738816K), 0.0019659 secs] [Times: user=0.00 sys=0.00, real=0.00 secs] 
2716.653: [GC (Allocation Failure) [PSYoungGen: 72096K->17776K(80384K)] 319135K->264823K(715264K), 0.0022184 secs] [Times: user=0.01 sys=0.00, real=0.01 secs] 
2716.928: [GC (Allocation Failure) [PSYoungGen: 80240K->34208K(106496K)] 327287K->281263K(741376K), 0.0031169 secs] [Times: user=0.01 sys=0.00, real=0.00 secs] 
2717.353: [GC (Allocation Failure) [PSYoungGen: 93088K->34176K(110080K)] 340143K->281239K(744960K), 0.0032351 secs] [Times: user=0.02 sys=0.00, real=0.01 secs] 
2717.760: [GC (Allocation Failure) [PSYoungGen: 93056K->1408K(117760K)] 340119K->248471K(752640K), 0.0022663 secs] [Times: user=0.01 sys=0.00, real=0.00 secs] 
2718.783: [GC (Allocation Failure) [PSYoungGen: 65920K->5568K(70144K)] 312983K->252639K(705024K), 0.0016192 secs] [Times: user=0.01 sys=0.00, real=0.01 secs] 
2718.999: [GC (Allocation Failure) [PSYoungGen: 70080K->17792K(110592K)] 317151K->264871K(745472K), 0.0021576 secs] [Times: user=0.01 sys=0.00, real=0.00 secs] 
2719.199: [GC (Allocation Failure) [PSYoungGen: 82304K->34176K(113664K)] 329383K->281263K(748544K), 0.0028259 secs] [Times: user=0.01 sys=0.00, real=0.00 secs] 
2719.467: [GC (Allocation Failure) [PSYoungGen: 98688K->34144K(121344K)] 345775K->281247K(756224K), 0.0030267 secs] [Times: user=0.01 sys=0.00, real=0.00 secs] 
2719.755: [GC (Allocation Failure) [PSYoungGen: 103264K->1312K(123904K)] 350367K->248423K(758784K), 0.0019763 secs] [Times: user=0.00 sys=0.00, real=0.00 secs] 
2722.253: [GC (Allocation Failure) [PSYoungGen: 70432K->9600K(111104K)] 317543K->256719K(745984K), 0.0047574 secs] [Times: user=0.01 sys=0.00, real=0.01 secs] 
2723.233: [GC (Allocation Failure) [PSYoungGen: 78208K->17808K(86016K)] 325327K->264927K(720896K), 0.0052195 secs] [Times: user=0.02 sys=0.00, real=0.01 secs] 
2723.730: [GC (Allocation Failure) [PSYoungGen: 85904K->34208K(114176K)] 333023K->281335K(749056K), 0.0052197 secs] [Times: user=0.03 sys=0.00, real=0.01 secs] 
2724.381: [GC (Allocation Failure) [PSYoungGen: 99232K->34176K(117248K)] 346359K->281303K(752128K), 0.0050379 secs] [Times: user=0.03 sys=0.00, real=0.01 secs] 
2725.807: [GC (Allocation Failure) [PSYoungGen: 99200K->256K(112640K)] 346327K->247391K(747520K), 0.0016593 secs] [Times: user=0.01 sys=0.00, real=0.00 secs] 
2726.493: [GC (Allocation Failure) [PSYoungGen: 64565K->9568K(74752K)] 311701K->256711K(709632K), 0.0021130 secs] [Times: user=0.01 sys=0.00, real=0.01 secs] 
2727.046: [GC (Allocation Failure) [PSYoungGen: 71986K->17792K(111104K)] 319130K->264943K(745984K), 0.0036828 secs] [Times: user=0.02 sys=0.00, real=0.00 secs] 
2727.449: [GC (Allocation Failure) [PSYoungGen: 82816K->34208K(114176K)] 329967K->281367K(749056K), 0.0047973 secs] [Times: user=0.02 sys=0.00, real=0.01 secs] 
2727.998: [GC (Allocation Failure) [PSYoungGen: 99232K->1424K(116224K)] 346391K->248583K(751104K), 0.0030792 secs] [Times: user=0.01 sys=0.00, real=0.00 secs] 
2729.355: [GC (Allocation Failure) [PSYoungGen: 66448K->2368K(67584K)] 313607K->249535K(702464K), 0.0018351 secs] [Times: user=0.01 sys=0.00, real=0.00 secs] 
2729.600: [GC (Allocation Failure) [PSYoungGen: 67392K->17792K(110080K)] 314559K->264975K(744960K), 0.0024206 secs] [Times: user=0.01 sys=0.00, real=0.00 secs] 
2729.824: [GC (Allocation Failure) [PSYoungGen: 72354K->17824K(113152K)] 319538K->265015K(748032K), 0.0023802 secs] [Times: user=0.01 sys=0.00, real=0.00 secs] 
2730.028: [GC (Allocation Failure) [PSYoungGen: 82848K->34144K(113664K)] 330039K->281343K(748544K), 0.0031576 secs] [Times: user=0.02 sys=0.00, real=0.00 secs] 
2730.325: [GC (Allocation Failure) [PSYoungGen: 102240K->1376K(117248K)] 349439K->248583K(752128K), 0.0017321 secs] [Times: user=0.01 sys=0.00, real=0.00 secs] 
2731.280: [GC (Allocation Failure) [PSYoungGen: 69472K->3488K(107008K)] 316679K->250719K(741888K), 0.0017858 secs] [Times: user=0.00 sys=0.00, real=0.00 secs] 
2731.500: [GC (Allocation Failure) [PSYoungGen: 71072K->17792K(115712K)] 318303K->265023K(750592K), 0.0022220 secs] [Times: user=0.01 sys=0.00, real=0.00 secs] 
2731.713: [GC (Allocation Failure) [PSYoungGen: 85376K->34176K(115712K)] 332607K->281415K(750592K), 0.0031473 secs] [Times: user=0.02 sys=0.00, real=0.01 secs] 
2732.046: [GC (Allocation Failure) [PSYoungGen: 104320K->34176K(119808K)] 351559K->281423K(754688K), 0.0031391 secs] [Times: user=0.01 sys=0.00, real=0.00 secs] 
2732.451: [GC (Allocation Failure) [PSYoungGen: 104320K->1392K(128512K)] 351567K->248655K(763392K), 0.0016597 secs] [Times: user=0.00 sys=0.00, real=0.00 secs] 
2733.739: [GC (Allocation Failure) [PSYoungGen: 78704K->9632K(129536K)] 325967K->256903K(764416K), 0.0085119 secs] [Times: user=0.04 sys=0.00, real=0.01 secs] 
2734.308: [GC (Allocation Failure) [PSYoungGen: 84269K->17760K(129024K)] 331541K->265031K(763904K), 0.0040460 secs] [Times: user=0.02 sys=0.00, real=0.00 secs] 
2734.957: [GC (Allocation Failure) [PSYoungGen: 102752K->34208K(132096K)] 350023K->281479K(766976K), 0.0054563 secs] [Times: user=0.02 sys=0.00, real=0.00 secs] 
2735.716: [GC (Allocation Failure) [PSYoungGen: 119200K->1376K(124928K)] 366471K->248655K(759808K), 0.0023879 secs] [Times: user=0.01 sys=0.00, real=0.00 secs] 
2737.262: [GC (Allocation Failure) [PSYoungGen: 84564K->9632K(93696K)] 331844K->256919K(728576K), 0.0038556 secs] [Times: user=0.01 sys=0.00, real=0.01 secs] 
2737.984: [GC (Allocation Failure) [PSYoungGen: 93600K->34144K(128512K)] 340887K->281431K(763392K), 0.0073509 secs] [Times: user=0.04 sys=0.00, real=0.00 secs] 
2739.055: [GC (Allocation Failure) [PSYoungGen: 114528K->34176K(131584K)] 361815K->281471K(766464K), 0.0051682 secs] [Times: user=0.03 sys=0.00, real=0.00 secs] 
2740.004: [GC (Allocation Failure) [PSYoungGen: 114048K->1408K(133120K)] 361343K->248703K(768000K), 0.0025973 secs] [Times: user=0.01 sys=0.00, real=0.00 secs] 
2741.365: [GC (Allocation Failure) [PSYoungGen: 80768K->17856K(96768K)] 328063K->265159K(731648K), 0.0024269 secs] [Times: user=0.01 sys=0.00, real=0.00 secs] 
2741.898: [GC (Allocation Failure) [PSYoungGen: 96704K->34128K(126976K)] 344007K->281439K(761856K), 0.0041098 secs] [Times: user=0.01 sys=0.00, real=0.00 secs] 
2742.579: [GC (Allocation Failure) [PSYoungGen: 110416K->34160K(129024K)] 357727K->281471K(763904K), 0.0040777 secs] [Times: user=0.02 sys=0.00, real=0.00 secs] 
2743.248: [GC (Allocation Failure) [PSYoungGen: 109936K->1408K(130048K)] 357247K->248735K(764928K), 0.0024641 secs] [Times: user=0.01 sys=0.00, real=0.00 secs] 
2744.632: [GC (Allocation Failure) [PSYoungGen: 76336K->9632K(84480K)] 323664K->256967K(719360K), 0.0020884 secs] [Times: user=0.01 sys=0.00, real=0.01 secs] 
2744.967: [GC (Allocation Failure) [PSYoungGen: 72715K->17792K(119808K)] 320051K->265127K(754688K), 0.0032407 secs] [Times: user=0.01 sys=0.00, real=0.00 secs] 
2745.404: [GC (Allocation Failure) [PSYoungGen: 92032K->34144K(123392K)] 339367K->281487K(758272K), 0.0048051 secs] [Times: user=0.02 sys=0.00, real=0.00 secs] 
2746.051: [GC (Allocation Failure) [PSYoungGen: 107872K->1408K(124416K)] 355215K->248767K(759296K), 0.0025322 secs] [Times: user=0.01 sys=0.00, real=0.00 secs] 
2747.362: [GC (Allocation Failure) [PSYoungGen: 74143K->5504K(78336K)] 321503K->252871K(713216K), 0.0019112 secs] [Times: user=0.01 sys=0.00, real=0.01 secs] 
2747.969: [GC (Allocation Failure) [PSYoungGen: 78208K->17776K(116736K)] 325575K->265151K(751616K), 0.0058293 secs] [Times: user=0.02 sys=0.00, real=0.01 secs] 
2748.662: [GC (Allocation Failure) [PSYoungGen: 89968K->34144K(119808K)] 337343K->281527K(754688K), 0.0079287 secs] [Times: user=0.04 sys=0.00, real=0.01 secs] 
2749.507: [GC (Allocation Failure) [PSYoungGen: 105824K->34176K(120832K)] 353207K->281567K(755712K), 0.0062602 secs] [Times: user=0.03 sys=0.01, real=0.00 secs] 
2751.259: [GC (Allocation Failure) [PSYoungGen: 103296K->1936K(70656K)] 350687K->249335K(705536K), 0.0014873 secs] [Times: user=0.00 sys=0.00, real=0.00 secs] 
2751.485: [GC (Allocation Failure) [PSYoungGen: 70544K->17792K(114176K)] 317943K->265199K(749056K), 0.0022228 secs] [Times: user=0.01 sys=0.00, real=0.00 secs] 
2751.740: [GC (Allocation Failure) [PSYoungGen: 72189K->17792K(118272K)] 319597K->265207K(753152K), 0.0026428 secs] [Times: user=0.01 sys=0.00, real=0.00 secs] 
2751.957: [GC (Allocation Failure) [PSYoungGen: 85888K->34160K(118784K)] 333303K->281591K(753664K), 0.0035344 secs] [Times: user=0.02 sys=0.00, real=0.00 secs] 
2752.458: [GC (Allocation Failure) [PSYoungGen: 105840K->1392K(121856K)] 353271K->248831K(756736K), 0.0020304 secs] [Times: user=0.01 sys=0.00, real=0.00 secs] 
2753.815: [GC (Allocation Failure) [PSYoungGen: 73072K->5536K(111616K)] 320511K->252983K(746496K), 0.0032503 secs] [Times: user=0.02 sys=0.00, real=0.00 secs] 
2754.443: [GC (Allocation Failure) [PSYoungGen: 76704K->17792K(88576K)] 324151K->265239K(723456K), 0.0040538 secs] [Times: user=0.02 sys=0.00, real=0.01 secs] 
2754.814: [GC (Allocation Failure) [PSYoungGen: 88448K->34176K(114176K)] 335895K->281631K(749056K), 0.0035635 secs] [Times: user=0.02 sys=0.00, real=0.00 secs] 
2755.097: [GC (Allocation Failure) [PSYoungGen: 101760K->34176K(117248K)] 349215K->281639K(752128K), 0.0034772 secs] [Times: user=0.01 sys=0.00, real=0.00 secs] 
2755.379: [GC (Allocation Failure) [PSYoungGen: 101760K->1392K(127488K)] 349223K->248863K(762368K), 0.0018488 secs] [Times: user=0.01 sys=0.01, real=0.00 secs] 
2757.361: [GC (Allocation Failure) [PSYoungGen: 76144K->9664K(83968K)] 323615K->257143K(718848K), 0.0021335 secs] [Times: user=0.01 sys=0.00, real=0.00 secs] 
2757.982: [GC (Allocation Failure) [PSYoungGen: 75725K->17824K(117760K)] 323204K->265311K(752640K), 0.0027343 secs] [Times: user=0.01 sys=0.00, real=0.01 secs] 
2758.468: [GC (Allocation Failure) [PSYoungGen: 91552K->34176K(120832K)] 339039K->281671K(755712K), 0.0051422 secs] [Times: user=0.02 sys=0.00, real=0.00 secs] 
2759.111: [GC (Allocation Failure) [PSYoungGen: 107392K->1376K(122880K)] 354887K->248879K(757760K), 0.0030776 secs] [Times: user=0.01 sys=0.00, real=0.01 secs] 
2760.415: [GC (Allocation Failure) [PSYoungGen: 74080K->5568K(77824K)] 321583K->253071K(712704K), 0.0018703 secs] [Times: user=0.00 sys=0.00, real=0.00 secs] 
2760.948: [GC (Allocation Failure) [PSYoungGen: 77760K->17824K(115200K)] 325263K->265335K(750080K), 0.0024695 secs] [Times: user=0.01 sys=0.00, real=0.00 secs] 
2761.273: [GC (Allocation Failure) [PSYoungGen: 89504K->34176K(117760K)] 337015K->281711K(752640K), 0.0049049 secs] [Times: user=0.02 sys=0.00, real=0.01 secs] 
2761.568: [GC (Allocation Failure) [PSYoungGen: 105344K->34208K(118784K)] 352879K->281743K(753664K), 0.0036882 secs] [Times: user=0.02 sys=0.00, real=0.00 secs] 
2762.649: [GC (Allocation Failure) [PSYoungGen: 102816K->1472K(69632K)] 350351K->249015K(704512K), 0.0016231 secs] [Times: user=0.01 sys=0.00, real=0.00 secs] 
2764.265: [GC (Allocation Failure) [PSYoungGen: 64946K->9600K(115712K)] 312489K->257151K(750592K), 0.0038981 secs] [Times: user=0.02 sys=0.00, real=0.00 secs] 
2764.730: [GC (Allocation Failure) [PSYoungGen: 72765K->17824K(84992K)] 320316K->265383K(719872K), 0.0031198 secs] [Times: user=0.02 sys=0.00, real=0.00 secs] 
2765.055: [GC (Allocation Failure) [PSYoungGen: 84896K->34176K(111616K)] 332455K->281743K(746496K), 0.0036291 secs] [Times: user=0.01 sys=0.00, real=0.00 secs] 
2765.328: [GC (Allocation Failure) [PSYoungGen: 98176K->1408K(114688K)] 345743K->248983K(749568K), 0.0024681 secs] [Times: user=0.01 sys=0.00, real=0.00 secs] 
2766.714: [GC (Allocation Failure) [PSYoungGen: 65408K->2480K(106496K)] 312983K->250055K(741376K), 0.0021721 secs] [Times: user=0.01 sys=0.00, real=0.00 secs] 
2767.203: [GC (Allocation Failure) [PSYoungGen: 59420K->9536K(73728K)] 306996K->257119K(708608K), 0.0039193 secs] [Times: user=0.02 sys=0.00, real=0.01 secs] 
2767.711: [GC (Allocation Failure) [PSYoungGen: 72233K->17728K(106496K)] 319817K->265319K(741376K), 0.0044407 secs] [Times: user=0.02 sys=0.00, real=0.01 secs] 
2768.151: [GC (Allocation Failure) [PSYoungGen: 81728K->34144K(109056K)] 329319K->281743K(743936K), 0.0052516 secs] [Times: user=0.02 sys=0.00, real=0.01 secs] 
2768.415: [GC (Allocation Failure) [PSYoungGen: 98144K->1344K(118784K)] 345743K->248951K(753664K), 0.0019990 secs] [Times: user=0.01 sys=0.00, real=0.00 secs] 
2769.514: [GC (Allocation Failure) [PSYoungGen: 71014K->2432K(72704K)] 318622K->250047K(707584K), 0.0018754 secs] [Times: user=0.01 sys=0.00, real=0.00 secs] 
2769.749: [GC (Allocation Failure) [PSYoungGen: 72576K->17808K(119808K)] 320191K->265431K(754688K), 0.0032095 secs] [Times: user=0.01 sys=0.00, real=0.00 secs] 
2769.975: [GC (Allocation Failure) [PSYoungGen: 90000K->34144K(117760K)] 337623K->281775K(752640K), 0.0036462 secs] [Times: user=0.01 sys=0.00, real=0.00 secs] 
2770.320: [GC (Allocation Failure) [PSYoungGen: 106336K->34176K(126464K)] 353967K->281847K(761344K), 0.0065579 secs] [Times: user=0.03 sys=0.00, real=0.01 secs] 
2770.691: [GC (Allocation Failure) [PSYoungGen: 110976K->1408K(130048K)] 358647K->249087K(764928K), 0.0024529 secs] [Times: user=0.01 sys=0.00, real=0.00 secs] 
2773.341: [GC (Allocation Failure) [PSYoungGen: 78208K->9632K(132096K)] 325887K->257319K(766976K), 0.0044275 secs] [Times: user=0.01 sys=0.01, real=0.01 secs] 
2773.839: [GC (Allocation Failure) [PSYoungGen: 94624K->34160K(135168K)] 342311K->281855K(770048K), 0.0037715 secs] [Times: user=0.02 sys=0.00, real=0.00 secs] 
2774.192: [GC (Allocation Failure) [PSYoungGen: 119152K->34144K(144384K)] 366847K->281855K(779264K), 0.0094940 secs] [Times: user=0.05 sys=0.01, real=0.01 secs] 
2775.209: [GC (Allocation Failure) [PSYoungGen: 124260K->2432K(146944K)] 371972K->250151K(781824K), 0.0017155 secs] [Times: user=0.00 sys=0.00, real=0.00 secs] 
2775.523: [GC (Allocation Failure) [PSYoungGen: 93568K->17824K(148480K)] 341287K->265551K(783360K), 0.0022435 secs] [Times: user=0.01 sys=0.00, real=0.01 secs] 
2775.873: [GC (Allocation Failure) [PSYoungGen: 118688K->34176K(152576K)] 366415K->281911K(787456K), 0.0031074 secs] [Times: user=0.01 sys=0.00, real=0.01 secs] 
2776.293: [GC (Allocation Failure) [PSYoungGen: 135040K->1408K(163840K)] 382775K->249151K(798720K), 0.0017170 secs] [Times: user=0.01 sys=0.01, real=0.01 secs] 
2778.085: [GC (Allocation Failure) [PSYoungGen: 112512K->17792K(128000K)] 360255K->265543K(762880K), 0.0026441 secs] [Times: user=0.01 sys=0.00, real=0.00 secs] 
2779.067: [GC (Allocation Failure) [PSYoungGen: 127872K->34176K(157184K)] 375623K->281927K(792064K), 0.0093278 secs] [Times: user=0.05 sys=0.00, real=0.01 secs] 
2781.387: [GC (Allocation Failure) [PSYoungGen: 141184K->1440K(107520K)] 388935K->249191K(742400K), 0.0017823 secs] [Times: user=0.01 sys=0.00, real=0.00 secs] 
2782.890: [GC (Allocation Failure) [PSYoungGen: 107424K->17792K(150528K)] 355175K->265543K(785408K), 0.0039082 secs] [Times: user=0.02 sys=0.00, real=0.01 secs] 
2783.440: [GC (Allocation Failure) [PSYoungGen: 122752K->34208K(153600K)] 370503K->281959K(788480K), 0.0048224 secs] [Times: user=0.02 sys=0.00, real=0.01 secs] 
2784.909: [GC (Allocation Failure) [PSYoungGen: 138140K->1440K(153600K)] 385892K->249191K(788480K), 0.0015909 secs] [Times: user=0.01 sys=0.00, real=0.00 secs] 
2786.166: [GC (Allocation Failure) [PSYoungGen: 104352K->17792K(119808K)] 352103K->265543K(754688K), 0.0025765 secs] [Times: user=0.01 sys=0.00, real=0.00 secs] 
2786.527: [GC (Allocation Failure) [PSYoungGen: 119680K->34208K(147968K)] 367431K->281967K(782848K), 0.0034302 secs] [Times: user=0.02 sys=0.00, real=0.00 secs] 
2786.938: [GC (Allocation Failure) [PSYoungGen: 133024K->1408K(99328K)] 380783K->249183K(734208K), 0.0019773 secs] [Times: user=0.01 sys=0.00, real=0.00 secs] 
2788.038: [GC (Allocation Failure) [PSYoungGen: 99200K->17792K(141312K)] 346975K->265575K(776192K), 0.0025968 secs] [Times: user=0.01 sys=0.00, real=0.00 secs] 
2788.377: [GC (Allocation Failure) [PSYoungGen: 114560K->34176K(144384K)] 362343K->281959K(779264K), 0.0032299 secs] [Times: user=0.01 sys=0.00, real=0.00 secs] 
2788.778: [GC (Allocation Failure) [PSYoungGen: 129920K->1376K(145408K)] 377703K->249167K(780288K), 0.0024315 secs] [Times: user=0.01 sys=0.00, real=0.00 secs] 
2790.078: [GC (Allocation Failure) [PSYoungGen: 96608K->9616K(104448K)] 344399K->257415K(739328K), 0.0043108 secs] [Times: user=0.02 sys=0.00, real=0.00 secs] 
2790.789: [GC (Allocation Failure) [PSYoungGen: 104336K->34208K(140288K)] 352135K->282015K(775168K), 0.0050914 secs] [Times: user=0.03 sys=0.00, real=0.01 secs] 
2792.095: [GC (Allocation Failure) [PSYoungGen: 125344K->34176K(143360K)] 373151K->281991K(778240K), 0.0058649 secs] [Times: user=0.03 sys=0.00, real=0.00 secs] 
2794.033: [GC (Allocation Failure) [PSYoungGen: 124800K->5568K(141824K)] 372615K->253391K(776704K), 0.0019789 secs] [Times: user=0.01 sys=0.00, real=0.01 secs] 
2794.687: [GC (Allocation Failure) [PSYoungGen: 95680K->17824K(107520K)] 343503K->265655K(742400K), 0.0030479 secs] [Times: user=0.01 sys=0.00, real=0.00 secs] 
2795.218: [GC (Allocation Failure) [PSYoungGen: 107424K->34144K(137728K)] 355255K->281983K(772608K), 0.0077134 secs] [Times: user=0.04 sys=0.00, real=0.01 secs] 
2796.010: [GC (Allocation Failure) [PSYoungGen: 121184K->1408K(88064K)] 369023K->249255K(722944K), 0.0020768 secs] [Times: user=0.01 sys=0.00, real=0.00 secs] 
2797.560: [GC (Allocation Failure) [PSYoungGen: 87936K->9632K(134656K)] 335783K->257487K(769536K), 0.0021897 secs] [Times: user=0.01 sys=0.00, real=0.00 secs] 
2798.344: [GC (Allocation Failure) [PSYoungGen: 95648K->34208K(136704K)] 343503K->282071K(771584K), 0.0071471 secs] [Times: user=0.03 sys=0.00, real=0.00 secs] 
2798.999: [GC (Allocation Failure) [PSYoungGen: 119712K->34176K(136704K)] 367575K->282047K(771584K), 0.0041788 secs] [Times: user=0.02 sys=0.00, real=0.00 secs] 
2800.603: [GC (Allocation Failure) [PSYoungGen: 117120K->1664K(84480K)] 364991K->249543K(719360K), 0.0016714 secs] [Times: user=0.01 sys=0.00, real=0.01 secs] 
2801.206: [GC (Allocation Failure) [PSYoungGen: 84096K->17792K(130048K)] 331975K->265679K(764928K), 0.0027950 secs] [Times: user=0.02 sys=0.00, real=0.00 secs] 
2801.797: [GC (Allocation Failure) [PSYoungGen: 99712K->34176K(133632K)] 347599K->282071K(768512K), 0.0046022 secs] [Times: user=0.02 sys=0.00, real=0.00 secs] 
2802.485: [GC (Allocation Failure) [PSYoungGen: 115584K->34192K(134656K)] 363479K->282095K(769536K), 0.0042149 secs] [Times: user=0.02 sys=0.01, real=0.00 secs] 
2804.101: [GC (Allocation Failure) [PSYoungGen: 114064K->3488K(82944K)] 361967K->251399K(717824K), 0.0017723 secs] [Times: user=0.01 sys=0.00, real=0.00 secs] 
2804.870: [GC (Allocation Failure) [PSYoungGen: 82848K->17824K(128000K)] 330759K->265743K(762880K), 0.0036814 secs] [Times: user=0.02 sys=0.00, real=0.00 secs] 
2805.364: [GC (Allocation Failure) [PSYoungGen: 96672K->34176K(131072K)] 344591K->282111K(765952K), 0.0054251 secs] [Times: user=0.03 sys=0.00, real=0.00 secs] 
2805.866: [GC (Allocation Failure) [PSYoungGen: 112512K->1376K(132096K)] 360447K->249327K(766976K), 0.0022953 secs] [Times: user=0.01 sys=0.00, real=0.00 secs] 
2807.028: [GC (Allocation Failure) [PSYoungGen: 79200K->3520K(80896K)] 327151K->251479K(715776K), 0.0018988 secs] [Times: user=0.00 sys=0.00, real=0.00 secs] 
2807.591: [GC (Allocation Failure) [PSYoungGen: 80832K->17792K(122880K)] 328791K->265759K(757760K), 0.0027790 secs] [Times: user=0.01 sys=0.00, real=0.01 secs] 
2808.131: [GC (Allocation Failure) [PSYoungGen: 94592K->34176K(126464K)] 342559K->282151K(761344K), 0.0067782 secs] [Times: user=0.03 sys=0.00, real=0.01 secs] 
2808.752: [GC (Allocation Failure) [PSYoungGen: 110464K->34176K(127488K)] 358439K->282159K(762368K), 0.0060920 secs] [Times: user=0.03 sys=0.00, real=0.01 secs] 
2810.003: [GC (Allocation Failure) [PSYoungGen: 108416K->1952K(75776K)] 356399K->249943K(710656K), 0.0018104 secs] [Times: user=0.00 sys=0.00, real=0.01 secs] 
2810.545: [GC (Allocation Failure) [PSYoungGen: 75680K->17776K(120832K)] 323671K->265775K(755712K), 0.0027777 secs] [Times: user=0.01 sys=0.00, real=0.00 secs] 
2811.030: [GC (Allocation Failure) [PSYoungGen: 90992K->34224K(124416K)] 338991K->282223K(759296K), 0.0048767 secs] [Times: user=0.02 sys=0.00, real=0.01 secs] 
2811.525: [GC (Allocation Failure) [PSYoungGen: 106928K->34144K(125440K)] 354927K->282151K(760320K), 0.0034866 secs] [Times: user=0.02 sys=0.00, real=0.00 secs] 
2811.822: [GC (Allocation Failure) [PSYoungGen: 105312K->1376K(72192K)] 353319K->249391K(707072K), 0.0020482 secs] [Times: user=0.01 sys=0.00, real=0.01 secs] 
2813.165: [GC (Allocation Failure) [PSYoungGen: 72032K->9664K(122368K)] 320047K->257703K(757248K), 0.0046481 secs] [Times: user=0.02 sys=0.00, real=0.00 secs] 
2814.024: [GC (Allocation Failure) [PSYoungGen: 79808K->17760K(87552K)] 327847K->265799K(722432K), 0.0043519 secs] [Times: user=0.02 sys=0.00, real=0.00 secs] 
2814.709: [GC (Allocation Failure) [PSYoungGen: 87392K->34112K(117760K)] 335431K->282167K(752640K), 0.0056275 secs] [Times: user=0.02 sys=0.00, real=0.01 secs] 
2815.383: [GC (Allocation Failure) [PSYoungGen: 101184K->1376K(68096K)] 349239K->249439K(702976K), 0.0038233 secs] [Times: user=0.01 sys=0.00, real=0.01 secs] 
2818.226: [GC (Allocation Failure) [PSYoungGen: 67936K->3456K(116736K)] 315999K->251527K(751616K), 0.0029031 secs] [Times: user=0.01 sys=0.00, real=0.00 secs] 
2818.743: [GC (Allocation Failure) [PSYoungGen: 69504K->17824K(83456K)] 317575K->265903K(718336K), 0.0044641 secs] [Times: user=0.02 sys=0.00, real=0.01 secs] 
2818.996: [GC (Allocation Failure) [PSYoungGen: 83360K->34176K(111616K)] 331439K->282255K(746496K), 0.0037355 secs] [Times: user=0.02 sys=0.00, real=0.00 secs] 
2819.290: [GC (Allocation Failure) [PSYoungGen: 96640K->34144K(114688K)] 344719K->282231K(749568K), 0.0050951 secs] [Times: user=0.02 sys=0.00, real=0.01 secs] 
2819.637: [GC (Allocation Failure) [PSYoungGen: 96608K->1392K(122368K)] 344695K->249487K(757248K), 0.0020507 secs] [Times: user=0.01 sys=0.00, real=0.00 secs] 
2820.615: [GC (Allocation Failure) [PSYoungGen: 70512K->5488K(74240K)] 318607K->253591K(709120K), 0.0020804 secs] [Times: user=0.01 sys=0.00, real=0.00 secs] 
2820.850: [GC (Allocation Failure) [PSYoungGen: 74096K->17760K(124928K)] 322199K->265863K(759808K), 0.0023392 secs] [Times: user=0.01 sys=0.00, real=0.00 secs] 
2821.082: [GC (Allocation Failure) [PSYoungGen: 89952K->34144K(121856K)] 338055K->282255K(756736K), 0.0033571 secs] [Times: user=0.02 sys=0.00, real=0.01 secs] 
2821.460: [GC (Allocation Failure) [PSYoungGen: 106336K->34176K(130560K)] 354447K->282303K(765440K), 0.0060573 secs] [Times: user=0.03 sys=0.00, real=0.01 secs] 
2822.717: [GC (Allocation Failure) [PSYoungGen: 112000K->1408K(133120K)] 360127K->249543K(768000K), 0.0015829 secs] [Times: user=0.00 sys=0.00, real=0.00 secs] 
2823.686: [GC (Allocation Failure) [PSYoungGen: 79232K->17824K(132608K)] 327367K->265967K(767488K), 0.0045625 secs] [Times: user=0.02 sys=0.00, real=0.00 secs] 
2824.434: [GC (Allocation Failure) [PSYoungGen: 103328K->34144K(136704K)] 351471K->282287K(771584K), 0.0057026 secs] [Times: user=0.02 sys=0.00, real=0.01 secs] 
2824.820: [GC (Allocation Failure) [PSYoungGen: 119648K->34176K(145920K)] 367791K->282319K(780800K), 0.0088603 secs] [Times: user=0.05 sys=0.00, real=0.01 secs] 
2825.828: [GC (Allocation Failure) [PSYoungGen: 126336K->5536K(147968K)] 374479K->253687K(782848K), 0.0019202 secs] [Times: user=0.01 sys=0.00, real=0.00 secs] 
2826.160: [GC (Allocation Failure) [PSYoungGen: 97696K->17792K(150016K)] 345847K->265943K(784896K), 0.0024353 secs] [Times: user=0.02 sys=0.00, real=0.00 secs] 
2826.517: [GC (Allocation Failure) [PSYoungGen: 119680K->34112K(153600K)] 367831K->282271K(788480K), 0.0032070 secs] [Times: user=0.01 sys=0.00, real=0.00 secs] 
2827.770: [GC (Allocation Failure) [PSYoungGen: 135788K->2464K(142336K)] 383948K->250631K(777216K), 0.0019048 secs] [Times: user=0.00 sys=0.00, real=0.00 secs] 
2828.463: [GC (Allocation Failure) [PSYoungGen: 103328K->17792K(117760K)] 351495K->265959K(752640K), 0.0027308 secs] [Times: user=0.01 sys=0.01, real=0.01 secs] 
2828.835: [GC (Allocation Failure) [PSYoungGen: 117632K->34144K(147968K)] 365799K->282311K(782848K), 0.0052863 secs] [Times: user=0.02 sys=0.00, real=0.00 secs] 
2829.536: [GC (Allocation Failure) [PSYoungGen: 131424K->1376K(97792K)] 379591K->249551K(732672K), 0.0021325 secs] [Times: user=0.01 sys=0.00, real=0.00 secs] 
2831.270: [GC (Allocation Failure) [PSYoungGen: 97632K->17840K(141312K)] 345807K->266023K(776192K), 0.0026663 secs] [Times: user=0.01 sys=0.00, real=0.00 secs] 
2831.598: [GC (Allocation Failure) [PSYoungGen: 113072K->34176K(144896K)] 361255K->282367K(779776K), 0.0032554 secs] [Times: user=0.02 sys=0.00, real=0.00 secs] 
2832.390: [GC (Allocation Failure) [PSYoungGen: 128896K->1376K(146432K)] 377087K->249575K(781312K), 0.0019579 secs] [Times: user=0.00 sys=0.00, real=0.00 secs] 
2834.593: [GC (Allocation Failure) [PSYoungGen: 95584K->9632K(103424K)] 343783K->257839K(738304K), 0.0038076 secs] [Times: user=0.02 sys=0.00, real=0.01 secs] 
2835.315: [GC (Allocation Failure) [PSYoungGen: 103328K->34176K(141312K)] 351535K->282391K(776192K), 0.0076903 secs] [Times: user=0.04 sys=0.00, real=0.00 secs] 
2836.081: [GC (Allocation Failure) [PSYoungGen: 124800K->34144K(143872K)] 373015K->282367K(778752K), 0.0050712 secs] [Times: user=0.03 sys=0.00, real=0.01 secs] 
2837.612: [GC (Allocation Failure) [PSYoungGen: 122888K->3488K(143872K)] 371112K->251719K(778752K), 0.0016188 secs] [Times: user=0.01 sys=0.00, real=0.00 secs] 
2838.191: [GC (Allocation Failure) [PSYoungGen: 93088K->17792K(107008K)] 341319K->266023K(741888K), 0.0022950 secs] [Times: user=0.01 sys=0.00, real=0.00 secs] 
2838.598: [GC (Allocation Failure) [PSYoungGen: 106880K->34208K(138240K)] 355111K->282447K(773120K), 0.0043529 secs] [Times: user=0.02 sys=0.00, real=0.00 secs] 
2838.990: [GC (Allocation Failure) [PSYoungGen: 120736K->1376K(87552K)] 368975K->249623K(722432K), 0.0018687 secs] [Times: user=0.00 sys=0.00, real=0.00 secs] 
2840.384: [GC (Allocation Failure) [PSYoungGen: 87392K->9616K(134656K)] 335639K->257871K(769536K), 0.0025502 secs] [Times: user=0.01 sys=0.00, real=0.00 secs] 
2841.058: [GC (Allocation Failure) [PSYoungGen: 82655K->17792K(102912K)] 330910K->266055K(737792K), 0.0043908 secs] [Times: user=0.02 sys=0.00, real=0.00 secs] 
2841.674: [GC (Allocation Failure) [PSYoungGen: 102784K->34176K(130560K)] 351047K->282447K(765440K), 0.0050047 secs] [Times: user=0.02 sys=0.00, real=0.00 secs] 
2842.356: [GC (Allocation Failure) [PSYoungGen: 116096K->1376K(82944K)] 364367K->249655K(717824K), 0.0020448 secs] [Times: user=0.01 sys=0.00, real=0.00 secs] 
2843.582: [GC (Allocation Failure) [PSYoungGen: 82784K->9584K(128000K)] 331063K->257871K(762880K), 0.0022624 secs] [Times: user=0.01 sys=0.00, real=0.01 secs] 
2843.822: [GC (Allocation Failure) [PSYoungGen: 75851K->17824K(98304K)] 324139K->266119K(733184K), 0.0030713 secs] [Times: user=0.01 sys=0.00, real=0.01 secs] 
2844.090: [GC (Allocation Failure) [PSYoungGen: 98208K->34208K(123392K)] 346503K->282511K(758272K), 0.0034612 secs] [Times: user=0.02 sys=0.00, real=0.00 secs] 
2844.687: [GC (Allocation Failure) [PSYoungGen: 111008K->1376K(77824K)] 359311K->249687K(712704K), 0.0020682 secs] [Times: user=0.01 sys=0.00, real=0.00 secs] 
2845.893: [GC (Allocation Failure) [PSYoungGen: 77664K->9616K(120832K)] 325975K->257935K(755712K), 0.0021088 secs] [Times: user=0.01 sys=0.00, real=0.01 secs] 
2846.174: [GC (Allocation Failure) [PSYoungGen: 85392K->17792K(93184K)] 333711K->266119K(728064K), 0.0028553 secs] [Times: user=0.01 sys=0.01, real=0.00 secs] 
2846.448: [GC (Allocation Failure) [PSYoungGen: 93056K->34176K(117248K)] 341383K->282503K(752128K), 0.0050578 secs] [Times: user=0.03 sys=0.00, real=0.00 secs] 
2846.916: [GC (Allocation Failure) [PSYoungGen: 105856K->1376K(120832K)] 354183K->249711K(755712K), 0.0023823 secs] [Times: user=0.01 sys=0.00, real=0.00 secs] 
2849.396: [GC (Allocation Failure) [PSYoungGen: 73056K->5504K(110080K)] 321391K->253847K(744960K), 0.0031498 secs] [Times: user=0.02 sys=0.00, real=0.00 secs] 
2850.223: [GC (Allocation Failure) [PSYoungGen: 76672K->17760K(88576K)] 325015K->266111K(723456K), 0.0038367 secs] [Times: user=0.02 sys=0.01, real=0.01 secs] 
2850.908: [GC (Allocation Failure) [PSYoungGen: 88416K->34176K(111616K)] 336767K->282535K(746496K), 0.0047215 secs] [Times: user=0.02 sys=0.00, real=0.00 secs] 
2851.564: [GC (Allocation Failure) [PSYoungGen: 100736K->34176K(115200K)] 349095K->282543K(750080K), 0.0047972 secs] [Times: user=0.02 sys=0.00, real=0.00 secs] 
2852.081: [GC (Allocation Failure) [PSYoungGen: 100224K->1392K(116224K)] 348591K->249767K(751104K), 0.0025085 secs] [Times: user=0.01 sys=0.00, real=0.00 secs] 
2853.462: [GC (Allocation Failure) [PSYoungGen: 66928K->9600K(74752K)] 315303K->257999K(709632K), 0.0023214 secs] [Times: user=0.01 sys=0.00, real=0.01 secs] 
2854.300: [GC (Allocation Failure) [PSYoungGen: 74624K->17792K(109568K)] 323023K->266199K(744448K), 0.0059740 secs] [Times: user=0.03 sys=0.00, real=0.01 secs] 
2854.829: [GC (Allocation Failure) [PSYoungGen: 82816K->34192K(112128K)] 331223K->282607K(747008K), 0.0079605 secs] [Times: user=0.04 sys=0.00, real=0.01 secs] 
2855.465: [GC (Allocation Failure) [PSYoungGen: 99216K->34176K(114176K)] 347631K->282599K(749056K), 0.0037086 secs] [Times: user=0.02 sys=0.00, real=0.00 secs] 
2855.987: [GC (Allocation Failure) [PSYoungGen: 99190K->320K(118272K)] 347614K->248751K(753152K), 0.0017620 secs] [Times: user=0.01 sys=0.00, real=0.00 secs] 
2857.048: [GC (Allocation Failure) [PSYoungGen: 65344K->9632K(114176K)] 313775K->258071K(749056K), 0.0020271 secs] [Times: user=0.01 sys=0.00, real=0.00 secs] 
2857.476: [GC (Allocation Failure) [PSYoungGen: 73490K->17824K(82944K)] 321930K->266279K(717824K), 0.0025142 secs] [Times: user=0.01 sys=0.00, real=0.00 secs] 
2857.938: [GC (Allocation Failure) [PSYoungGen: 82848K->34128K(110080K)] 331303K->282591K(744960K), 0.0038205 secs] [Times: user=0.02 sys=0.00, real=0.00 secs] 
2858.423: [GC (Allocation Failure) [PSYoungGen: 96080K->1344K(113152K)] 344543K->249815K(748032K), 0.0021059 secs] [Times: user=0.01 sys=0.00, real=0.01 secs] 
2859.639: [GC (Allocation Failure) [PSYoungGen: 62860K->256K(112128K)] 311332K->248735K(747008K), 0.0013866 secs] [Times: user=0.00 sys=0.00, real=0.00 secs] 
2859.997: [GC (Allocation Failure) [PSYoungGen: 62208K->9568K(71680K)] 310687K->258055K(706560K), 0.0020867 secs] [Times: user=0.01 sys=0.00, real=0.00 secs] 
2860.384: [GC (Allocation Failure) [PSYoungGen: 71520K->17824K(104960K)] 320007K->266319K(739840K), 0.0024315 secs] [Times: user=0.01 sys=0.00, real=0.01 secs] 
2860.788: [GC (Allocation Failure) [PSYoungGen: 79776K->34112K(107520K)] 328271K->282615K(742400K), 0.0072346 secs] [Times: user=0.04 sys=0.00, real=0.01 secs] 
2861.318: [GC (Allocation Failure) [PSYoungGen: 96064K->34208K(115200K)] 344567K->282735K(750080K), 0.0055385 secs] [Times: user=0.02 sys=0.00, real=0.01 secs] 
2862.060: [GC (Allocation Failure) [PSYoungGen: 99662K->320K(65536K)] 348190K->248855K(700416K), 0.0030402 secs] [Times: user=0.01 sys=0.00, real=0.00 secs] 
2862.994: [GC (Allocation Failure) [PSYoungGen: 65344K->9600K(112640K)] 313879K->258143K(747520K), 0.0019820 secs] [Times: user=0.01 sys=0.00, real=0.01 secs] 
2863.223: [GC (Allocation Failure) [PSYoungGen: 73411K->17760K(82944K)] 321955K->266311K(717824K), 0.0024083 secs] [Times: user=0.01 sys=0.00, real=0.01 secs] 
2863.427: [GC (Allocation Failure) [PSYoungGen: 82784K->34192K(109056K)] 331335K->282751K(743936K), 0.0032400 secs] [Times: user=0.02 sys=0.00, real=0.00 secs] 
2863.691: [GC (Allocation Failure) [PSYoungGen: 95632K->1408K(112640K)] 344191K->249967K(747520K), 0.0029571 secs] [Times: user=0.01 sys=0.00, real=0.01 secs] 
2864.592: [GC (Allocation Failure) [PSYoungGen: 62617K->224K(116736K)] 311177K->248799K(751616K), 0.0015253 secs] [Times: user=0.01 sys=0.00, real=0.00 secs] 
2864.922: [GC (Allocation Failure) [PSYoungGen: 65209K->9568K(117760K)] 313785K->258143K(752640K), 0.0029505 secs] [Times: user=0.01 sys=0.00, real=0.01 secs] 
2865.322: [GC (Allocation Failure) [PSYoungGen: 72647K->17824K(102912K)] 321222K->266407K(737792K), 0.0026099 secs] [Times: user=0.01 sys=0.00, real=0.01 secs] 
2865.733: [GC (Allocation Failure) [PSYoungGen: 84896K->34176K(112640K)] 333479K->282767K(747520K), 0.0069006 secs] [Times: user=0.03 sys=0.00, real=0.01 secs] 
2866.291: [GC (Allocation Failure) [PSYoungGen: 101248K->1408K(121344K)] 349839K->250007K(756224K), 0.0031007 secs] [Times: user=0.02 sys=0.00, real=0.00 secs] 
2867.658: [GC (Allocation Failure) [PSYoungGen: 75648K->5568K(79360K)] 324247K->254175K(714240K), 0.0018432 secs] [Times: user=0.01 sys=0.00, real=0.00 secs] 
2868.354: [GC (Allocation Failure) [PSYoungGen: 79296K->17792K(115712K)] 327903K->266399K(750592K), 0.0023422 secs] [Times: user=0.01 sys=0.00, real=0.00 secs] 
2868.785: [GC (Allocation Failure) [PSYoungGen: 91008K->34144K(117760K)] 339615K->282759K(752640K), 0.0033302 secs] [Times: user=0.02 sys=0.00, real=0.00 secs] 
2869.089: [GC (Allocation Failure) [PSYoungGen: 106848K->34176K(119296K)] 355463K->282799K(754176K), 0.0040201 secs] [Times: user=0.02 sys=0.00, real=0.00 secs] 
2869.381: [GC (Allocation Failure) [PSYoungGen: 103808K->1408K(122368K)] 352431K->250031K(757248K), 0.0018428 secs] [Times: user=0.01 sys=0.00, real=0.00 secs] 
2870.384: [GC (Allocation Failure) [PSYoungGen: 70540K->9632K(108544K)] 319164K->258287K(743424K), 0.0023646 secs] [Times: user=0.00 sys=0.01, real=0.00 secs] 
2870.646: [GC (Allocation Failure) [PSYoungGen: 72688K->17760K(86528K)] 321344K->266423K(721408K), 0.0025776 secs] [Times: user=0.01 sys=0.00, real=0.00 secs] 
2870.959: [GC (Allocation Failure) [PSYoungGen: 86368K->34208K(112128K)] 335031K->282879K(747008K), 0.0035872 secs] [Times: user=0.02 sys=0.01, real=0.00 secs] 
2871.429: [GC (Allocation Failure) [PSYoungGen: 99232K->1392K(66560K)] 347903K->250071K(701440K), 0.0020043 secs] [Times: user=0.01 sys=0.00, real=0.00 secs] 
2872.532: [GC (Allocation Failure) [PSYoungGen: 65935K->2432K(113152K)] 314615K->251119K(748032K), 0.0015238 secs] [Times: user=0.01 sys=0.00, real=0.00 secs] 
2872.767: [GC (Allocation Failure) [PSYoungGen: 67456K->17792K(82944K)] 316143K->266479K(717824K), 0.0021795 secs] [Times: user=0.01 sys=0.00, real=0.00 secs] 
2873.013: [GC (Allocation Failure) [PSYoungGen: 70759K->17760K(114688K)] 319447K->266455K(749568K), 0.0030423 secs] [Times: user=0.01 sys=0.00, real=0.01 secs] 
2873.294: [GC (Allocation Failure) [PSYoungGen: 85344K->34144K(112128K)] 334039K->282847K(747008K), 0.0033752 secs] [Times: user=0.02 sys=0.00, real=0.00 secs] 
2873.608: [GC (Allocation Failure) [PSYoungGen: 101728K->1440K(122368K)] 350431K->250151K(757248K), 0.0022872 secs] [Times: user=0.01 sys=0.00, real=0.00 secs] 
2874.710: [GC (Allocation Failure) [PSYoungGen: 76192K->5552K(79872K)] 324903K->254271K(714752K), 0.0017953 secs] [Times: user=0.00 sys=0.00, real=0.00 secs] 
2875.429: [GC (Allocation Failure) [PSYoungGen: 79792K->17760K(115712K)] 328511K->266487K(750592K), 0.0026804 secs] [Times: user=0.01 sys=0.00, real=0.00 secs] 
2876.103: [GC (Allocation Failure) [PSYoungGen: 91488K->34144K(117760K)] 340215K->282879K(752640K), 0.0052326 secs] [Times: user=0.03 sys=0.00, real=0.01 secs] 
2876.881: [GC (Allocation Failure) [PSYoungGen: 107360K->34192K(119296K)] 356095K->282935K(754176K), 0.0057995 secs] [Times: user=0.02 sys=0.00, real=0.01 secs] 
2878.458: [GC (Allocation Failure) [PSYoungGen: 104336K->1341K(71168K)] 353079K->250084K(706048K), 0.0017100 secs] [Times: user=0.01 sys=0.00, real=0.00 secs] 
2878.848: [GC (Allocation Failure) [PSYoungGen: 66657K->9632K(116224K)] 315401K->258383K(751104K), 0.0019618 secs] [Times: user=0.00 sys=0.00, real=0.00 secs] 
2879.074: [GC (Allocation Failure) [PSYoungGen: 72659K->17792K(86528K)] 321411K->266551K(721408K), 0.0024387 secs] [Times: user=0.02 sys=0.00, real=0.00 secs] 
2879.293: [GC (Allocation Failure) [PSYoungGen: 86400K->34144K(111616K)] 335159K->282911K(746496K), 0.0038184 secs] [Times: user=0.02 sys=0.00, real=0.01 secs] 
2879.566: [GC (Allocation Failure) [PSYoungGen: 99168K->1424K(115200K)] 347935K->250199K(750080K), 0.0018395 secs] [Times: user=0.01 sys=0.00, real=0.00 secs] 
2880.477: [GC (Allocation Failure) [PSYoungGen: 66448K->3488K(104960K)] 315223K->252287K(739840K), 0.0017740 secs] [Times: user=0.01 sys=0.00, real=0.00 secs] 
2880.687: [GC (Allocation Failure) [PSYoungGen: 68512K->17792K(113664K)] 317311K->266591K(748544K), 0.0023952 secs] [Times: user=0.01 sys=0.01, real=0.00 secs] 
2880.897: [GC (Allocation Failure) [PSYoungGen: 68412K->17792K(115200K)] 317212K->266599K(750080K), 0.0021683 secs] [Times: user=0.01 sys=0.00, real=0.00 secs] 
2881.130: [GC (Allocation Failure) [PSYoungGen: 89984K->34176K(116736K)] 338791K->282983K(751616K), 0.0031034 secs] [Times: user=0.02 sys=0.00, real=0.00 secs] 
2881.430: [GC (Allocation Failure) [PSYoungGen: 106368K->1376K(127488K)] 355175K->250191K(762368K), 0.0016669 secs] [Times: user=0.01 sys=0.00, real=0.00 secs] 
2882.793: [GC (Allocation Failure) [PSYoungGen: 78128K->5536K(84992K)] 326944K->254359K(719872K), 0.0020031 secs] [Times: user=0.01 sys=0.00, real=0.01 secs] 
2883.759: [GC (Allocation Failure) [PSYoungGen: 84896K->17808K(120832K)] 333719K->266631K(755712K), 0.0031847 secs] [Times: user=0.01 sys=0.00, real=0.00 secs] 
2884.634: [GC (Allocation Failure) [PSYoungGen: 96656K->34176K(122880K)] 345479K->283007K(757760K), 0.0062985 secs] [Times: user=0.03 sys=0.01, real=0.00 secs] 
2885.738: [GC (Allocation Failure) [PSYoungGen: 112512K->1376K(124928K)] 361343K->250215K(759808K), 0.0032076 secs] [Times: user=0.01 sys=0.00, real=0.00 secs] 
2887.108: [GC (Allocation Failure) [PSYoungGen: 79200K->5568K(82944K)] 328039K->254407K(717824K), 0.0021009 secs] [Times: user=0.01 sys=0.00, real=0.00 secs] 
2887.777: [GC (Allocation Failure) [PSYoungGen: 82880K->17824K(118784K)] 331719K->266671K(753664K), 0.0027555 secs] [Times: user=0.01 sys=0.00, real=0.00 secs] 
2888.547: [GC (Allocation Failure) [PSYoungGen: 94624K->34176K(120832K)] 343471K->283031K(755712K), 0.0048224 secs] [Times: user=0.02 sys=0.00, real=0.00 secs] 
2889.443: [GC (Allocation Failure) [PSYoungGen: 110464K->1360K(122880K)] 359319K->250223K(757760K), 0.0030567 secs] [Times: user=0.01 sys=0.00, real=0.01 secs] 
2890.968: [GC (Allocation Failure) [PSYoungGen: 77136K->5552K(80896K)] 325999K->254423K(715776K), 0.0019282 secs] [Times: user=0.01 sys=0.00, real=0.00 secs] 
2891.607: [GC (Allocation Failure) [PSYoungGen: 80816K->17824K(116736K)] 329687K->266703K(751616K), 0.0026988 secs] [Times: user=0.01 sys=0.00, real=0.00 secs] 
2891.853: [GC (Allocation Failure) [PSYoungGen: 92576K->34208K(118784K)] 341455K->283087K(753664K), 0.0046706 secs] [Times: user=0.03 sys=0.00, real=0.01 secs] 
2892.178: [GC (Allocation Failure) [PSYoungGen: 108448K->34208K(120320K)] 357327K->283095K(755200K), 0.0036190 secs] [Times: user=0.02 sys=0.00, real=0.00 secs] 
2893.543: [GC (Allocation Failure) [PSYoungGen: 105376K->1920K(72704K)] 354263K->250807K(707584K), 0.0017061 secs] [Times: user=0.01 sys=0.00, real=0.01 secs] 
2893.779: [GC (Allocation Failure) [PSYoungGen: 72576K->17824K(125440K)] 321463K->266719K(760320K), 0.0032080 secs] [Times: user=0.01 sys=0.00, real=0.00 secs] 
2894.012: [GC (Allocation Failure) [PSYoungGen: 91552K->34176K(122368K)] 340447K->283087K(757248K), 0.0035937 secs] [Times: user=0.01 sys=0.00, real=0.01 secs] 
2894.321: [GC (Allocation Failure) [PSYoungGen: 107904K->34208K(131072K)] 356815K->283127K(765952K), 0.0045719 secs] [Times: user=0.02 sys=0.00, real=0.01 secs] 
2894.653: [GC (Allocation Failure) [PSYoungGen: 113568K->1360K(133632K)] 362487K->250287K(768512K), 0.0018680 secs] [Times: user=0.00 sys=0.00, real=0.01 secs] 
2896.235: [GC (Allocation Failure) [PSYoungGen: 76316K->9600K(136192K)] 325244K->258543K(771072K), 0.0020644 secs] [Times: user=0.01 sys=0.00, real=0.00 secs] 
2896.888: [GC (Allocation Failure) [PSYoungGen: 96640K->34208K(139264K)] 345583K->283151K(774144K), 0.0073410 secs] [Times: user=0.03 sys=0.00, real=0.01 secs] 
2897.637: [GC (Allocation Failure) [PSYoungGen: 121248K->34176K(148992K)] 370191K->283127K(783872K), 0.0179806 secs] [Times: user=0.08 sys=0.01, real=0.02 secs] 
2899.229: [GC (Allocation Failure) [PSYoungGen: 128384K->3520K(151040K)] 377335K->252487K(785920K), 0.0018168 secs] [Times: user=0.00 sys=0.00, real=0.00 secs] 
2899.590: [GC (Allocation Failure) [PSYoungGen: 97728K->17792K(152576K)] 346695K->266775K(787456K), 0.0023181 secs] [Times: user=0.00 sys=0.01, real=0.00 secs] 
2900.266: [GC (Allocation Failure) [PSYoungGen: 121728K->34176K(156672K)] 370711K->283159K(791552K), 0.0034453 secs] [Times: user=0.02 sys=0.00, real=0.00 secs] 
2901.775: [GC (Allocation Failure) [PSYoungGen: 138112K->1728K(146432K)] 387095K->250719K(781312K), 0.0016913 secs] [Times: user=0.01 sys=0.00, real=0.00 secs] 
2902.135: [GC (Allocation Failure) [PSYoungGen: 104640K->17792K(119808K)] 353631K->266783K(754688K), 0.0022499 secs] [Times: user=0.01 sys=0.00, real=0.00 secs] 
2902.753: [GC (Allocation Failure) [PSYoungGen: 119680K->34160K(150528K)] 368671K->283151K(785408K), 0.0035495 secs] [Times: user=0.02 sys=0.00, real=0.01 secs] 
2903.476: [GC (Allocation Failure) [PSYoungGen: 133488K->1408K(99840K)] 382479K->250399K(734720K), 0.0018780 secs] [Times: user=0.01 sys=0.00, real=0.00 secs] 
2904.593: [GC (Allocation Failure) [PSYoungGen: 99712K->17824K(142848K)] 348703K->266815K(777728K), 0.0023610 secs] [Times: user=0.01 sys=0.00, real=0.01 secs] 
2905.132: [GC (Allocation Failure) [PSYoungGen: 115104K->34144K(146432K)] 364095K->283143K(781312K), 0.0059119 secs] [Times: user=0.03 sys=0.00, real=0.01 secs] 
2906.073: [GC (Allocation Failure) [PSYoungGen: 130400K->1360K(146944K)] 379399K->250367K(781824K), 0.0029616 secs] [Times: user=0.01 sys=0.00, real=0.01 secs] 
2907.349: [GC (Allocation Failure) [PSYoungGen: 93970K->9600K(104448K)] 342978K->258607K(739328K), 0.0019210 secs] [Times: user=0.01 sys=0.00, real=0.00 secs] 
2907.699: [GC (Allocation Failure) [PSYoungGen: 104320K->34144K(142336K)] 353327K->283159K(777216K), 0.0031555 secs] [Times: user=0.02 sys=0.00, real=0.00 secs] 
2908.501: [GC (Allocation Failure) [PSYoungGen: 125792K->34176K(144896K)] 374807K->283199K(779776K), 0.0042232 secs] [Times: user=0.02 sys=0.00, real=0.01 secs] 
2910.002: [GC (Allocation Failure) [PSYoungGen: 125312K->5568K(143872K)] 374335K->254599K(778752K), 0.0016514 secs] [Times: user=0.00 sys=0.00, real=0.00 secs] 
2910.330: [GC (Allocation Failure) [PSYoungGen: 96192K->17792K(108032K)] 345223K->266823K(742912K), 0.0021657 secs] [Times: user=0.00 sys=0.00, real=0.00 secs] 
2910.638: [GC (Allocation Failure) [PSYoungGen: 107904K->34176K(139776K)] 356935K->283215K(774656K), 0.0027131 secs] [Times: user=0.02 sys=0.00, real=0.00 secs] 
2911.004: [GC (Allocation Failure) [PSYoungGen: 122240K->1392K(89088K)] 371279K->250439K(723968K), 0.0021040 secs] [Times: user=0.01 sys=0.00, real=0.00 secs] 
2912.453: [GC (Allocation Failure) [PSYoungGen: 84137K->9664K(136192K)] 333185K->258719K(771072K), 0.0034291 secs] [Times: user=0.01 sys=0.00, real=0.01 secs] 
2913.001: [GC (Allocation Failure) [PSYoungGen: 96704K->34208K(138240K)] 345759K->283279K(773120K), 0.0041328 secs] [Times: user=0.01 sys=0.00, real=0.01 secs] 
2913.700: [GC (Allocation Failure) [PSYoungGen: 120736K->34176K(139264K)] 369807K->283255K(774144K), 0.0042001 secs] [Times: user=0.02 sys=0.00, real=0.01 secs] 
2915.140: [GC (Allocation Failure) [PSYoungGen: 118656K->2432K(86528K)] 367735K->251519K(721408K), 0.0018863 secs] [Times: user=0.01 sys=0.00, real=0.00 secs] 
2915.445: [GC (Allocation Failure) [PSYoungGen: 86400K->17792K(132096K)] 335487K->266887K(766976K), 0.0023541 secs] [Times: user=0.01 sys=0.00, real=0.00 secs] 
2915.726: [GC (Allocation Failure) [PSYoungGen: 101248K->34144K(135680K)] 350343K->283247K(770560K), 0.0036801 secs] [Times: user=0.01 sys=0.00, real=0.00 secs] 
2916.249: [GC (Allocation Failure) [PSYoungGen: 117088K->1408K(136704K)] 366191K->250519K(771584K), 0.0017446 secs] [Times: user=0.01 sys=0.00, real=0.00 secs] 
2917.498: [GC (Allocation Failure) [PSYoungGen: 83840K->5536K(87552K)] 332951K->254655K(722432K), 0.0019434 secs] [Times: user=0.01 sys=0.00, real=0.00 secs] 
2918.065: [GC (Allocation Failure) [PSYoungGen: 87456K->17760K(128000K)] 336575K->266887K(762880K), 0.0048660 secs] [Times: user=0.02 sys=0.00, real=0.00 secs] 
2918.493: [GC (Allocation Failure) [PSYoungGen: 99168K->34176K(131072K)] 348295K->283311K(765952K), 0.0049847 secs] [Times: user=0.02 sys=0.00, real=0.01 secs] 
2919.477: [GC (Allocation Failure) [PSYoungGen: 115072K->1376K(132608K)] 364207K->250511K(767488K), 0.0029268 secs] [Times: user=0.01 sys=0.00, real=0.00 secs] 
2920.820: [GC (Allocation Failure) [PSYoungGen: 78449K->5568K(85504K)] 327585K->254711K(720384K), 0.0024234 secs] [Times: user=0.00 sys=0.00, real=0.00 secs] 
2921.104: [GC (Allocation Failure) [PSYoungGen: 85440K->17792K(123904K)] 334583K->266943K(758784K), 0.0030155 secs] [Times: user=0.01 sys=0.00, real=0.00 secs] 
2921.367: [GC (Allocation Failure) [PSYoungGen: 97152K->34176K(127488K)] 346303K->283335K(762368K), 0.0036211 secs] [Times: user=0.01 sys=0.00, real=0.00 secs] 
2921.698: [GC (Allocation Failure) [PSYoungGen: 113536K->1424K(121344K)] 362695K->250591K(756224K), 0.0018479 secs] [Times: user=0.01 sys=0.00, real=0.00 secs] 
2922.895: [GC (Allocation Failure) [PSYoungGen: 76946K->5536K(83968K)] 326114K->254735K(718848K), 0.0022618 secs] [Times: user=0.01 sys=0.00, real=0.00 secs] 
2923.530: [GC (Allocation Failure) [PSYoungGen: 83872K->17824K(121856K)] 333071K->267031K(756736K), 0.0032146 secs] [Times: user=0.02 sys=0.00, real=0.00 secs] 
2924.033: [GC (Allocation Failure) [PSYoungGen: 95648K->34144K(124416K)] 344855K->283351K(759296K), 0.0048896 secs] [Times: user=0.02 sys=0.00, real=0.01 secs] 
2924.634: [GC (Allocation Failure) [PSYoungGen: 111456K->1376K(125952K)] 360663K->250591K(760832K), 0.0021127 secs] [Times: user=0.01 sys=0.00, real=0.00 secs] 
2926.241: [GC (Allocation Failure) [PSYoungGen: 78176K->5536K(81920K)] 327391K->254759K(716800K), 0.0019095 secs] [Times: user=0.01 sys=0.00, real=0.00 secs] 
2926.960: [GC (Allocation Failure) [PSYoungGen: 81824K->17760K(118784K)] 331047K->266991K(753664K), 0.0026113 secs] [Times: user=0.01 sys=0.00, real=0.00 secs] 
2927.636: [GC (Allocation Failure) [PSYoungGen: 93536K->34208K(121344K)] 342767K->283447K(756224K), 0.0031908 secs] [Times: user=0.01 sys=0.00, real=0.00 secs] 
2928.399: [GC (Allocation Failure) [PSYoungGen: 109472K->1392K(123392K)] 358711K->250647K(758272K), 0.0017782 secs] [Times: user=0.01 sys=0.00, real=0.00 secs] 
2929.822: [GC (Allocation Failure) [PSYoungGen: 76144K->3456K(77824K)] 325399K->252719K(712704K), 0.0017602 secs] [Times: user=0.01 sys=0.00, real=0.01 secs] 
2930.131: [GC (Allocation Failure) [PSYoungGen: 77696K->17776K(117248K)] 326959K->267047K(752128K), 0.0024313 secs] [Times: user=0.00 sys=0.01, real=0.00 secs] 
2930.380: [GC (Allocation Failure) [PSYoungGen: 91504K->34176K(119296K)] 340775K->283455K(754176K), 0.0034214 secs] [Times: user=0.02 sys=0.00, real=0.01 secs] 
2930.693: [GC (Allocation Failure) [PSYoungGen: 107392K->34176K(119808K)] 356671K->283463K(754688K), 0.0035371 secs] [Times: user=0.02 sys=0.00, real=0.01 secs] 
2931.002: [GC (Allocation Failure) [PSYoungGen: 103808K->1376K(70656K)] 353095K->250671K(705536K), 0.0018347 secs] [Times: user=0.01 sys=0.00, real=0.00 secs] 
2932.030: [GC (Allocation Failure) [PSYoungGen: 70496K->9632K(116736K)] 319791K->258943K(751616K), 0.0021608 secs] [Times: user=0.01 sys=0.00, real=0.00 secs] 
2932.288: [GC (Allocation Failure) [PSYoungGen: 75415K->17792K(86016K)] 324727K->267111K(720896K), 0.0025382 secs] [Times: user=0.01 sys=0.00, real=0.00 secs] 
2932.509: [GC (Allocation Failure) [PSYoungGen: 85888K->34128K(112128K)] 335207K->283463K(747008K), 0.0033143 secs] [Times: user=0.02 sys=0.00, real=0.00 secs] 
2932.778: [GC (Allocation Failure) [PSYoungGen: 98640K->1408K(115712K)] 347975K->250751K(750592K), 0.0018648 secs] [Times: user=0.01 sys=0.01, real=0.00 secs] 
2933.945: [GC (Allocation Failure) [PSYoungGen: 65920K->2464K(106496K)] 315263K->251815K(741376K), 0.0021996 secs] [Times: user=0.01 sys=0.00, real=0.00 secs] 
2934.612: [GC (Allocation Failure) [PSYoungGen: 66976K->17792K(82432K)] 316327K->267151K(717312K), 0.0034863 secs] [Times: user=0.02 sys=0.00, real=0.01 secs] 
2935.261: [GC (Allocation Failure) [PSYoungGen: 71780K->17792K(107520K)] 321140K->267159K(742400K), 0.0034464 secs] [Times: user=0.02 sys=0.00, real=0.01 secs] 
2935.852: [GC (Allocation Failure) [PSYoungGen: 82304K->34176K(109568K)] 331671K->283559K(744448K), 0.0047543 secs] [Times: user=0.02 sys=0.00, real=0.01 secs] 
2936.635: [GC (Allocation Failure) [PSYoungGen: 98688K->1408K(112640K)] 348071K->250799K(747520K), 0.0027367 secs] [Times: user=0.01 sys=0.00, real=0.00 secs] 
2937.970: [GC (Allocation Failure) [PSYoungGen: 65920K->1952K(66560K)] 315311K->251351K(701440K), 0.0015743 secs] [Times: user=0.01 sys=0.00, real=0.00 secs] 
2938.209: [GC (Allocation Failure) [PSYoungGen: 60966K->9600K(107008K)] 310366K->258999K(741888K), 0.0019202 secs] [Times: user=0.00 sys=0.00, real=0.00 secs] 
2938.435: [GC (Allocation Failure) [PSYoungGen: 72747K->17792K(82432K)] 322147K->267199K(717312K), 0.0024934 secs] [Times: user=0.01 sys=0.00, real=0.00 secs] 
2938.637: [GC (Allocation Failure) [PSYoungGen: 82304K->34208K(103424K)] 331711K->283623K(738304K), 0.0030789 secs] [Times: user=0.02 sys=0.00, real=0.00 secs] 
2938.910: [GC (Allocation Failure) [PSYoungGen: 94112K->34208K(108032K)] 343527K->283623K(742912K), 0.0032601 secs] [Times: user=0.02 sys=0.00, real=0.00 secs] 
2939.160: [GC (Allocation Failure) [PSYoungGen: 94112K->1376K(117248K)] 343527K->250815K(752128K), 0.0017706 secs] [Times: user=0.01 sys=0.00, real=0.00 secs] 
2940.371: [GC (Allocation Failure) [PSYoungGen: 67936K->9632K(75776K)] 317375K->259079K(710656K), 0.0026645 secs] [Times: user=0.01 sys=0.01, real=0.00 secs] 
2940.828: [GC (Allocation Failure) [PSYoungGen: 73198K->17760K(108544K)] 322646K->267207K(743424K), 0.0032185 secs] [Times: user=0.02 sys=0.00, real=0.00 secs] 
2941.270: [GC (Allocation Failure) [PSYoungGen: 83296K->34144K(111616K)] 332743K->283599K(746496K), 0.0047652 secs] [Times: user=0.02 sys=0.00, real=0.01 secs] 
2941.942: [GC (Allocation Failure) [PSYoungGen: 99680K->1392K(107008K)] 349135K->250855K(741888K), 0.0022648 secs] [Times: user=0.01 sys=0.00, real=0.01 secs] 
2943.159: [GC (Allocation Failure) [PSYoungGen: 66416K->2496K(67584K)] 315879K->251959K(702464K), 0.0017148 secs] [Times: user=0.01 sys=0.00, real=0.00 secs] 
2943.601: [GC (Allocation Failure) [PSYoungGen: 67520K->17824K(108544K)] 316983K->267295K(743424K), 0.0023107 secs] [Times: user=0.01 sys=0.00, real=0.00 secs] 
2943.848: [GC (Allocation Failure) [PSYoungGen: 72344K->17824K(82944K)] 321816K->267295K(717824K), 0.0024942 secs] [Times: user=0.01 sys=0.00, real=0.00 secs] 
2944.109: [GC (Allocation Failure) [PSYoungGen: 82848K->34128K(104960K)] 332319K->283607K(739840K), 0.0033520 secs] [Times: user=0.01 sys=0.00, real=0.00 secs] 
2944.371: [GC (Allocation Failure) [PSYoungGen: 95056K->1408K(109056K)] 344535K->250895K(743936K), 0.0018466 secs] [Times: user=0.00 sys=0.00, real=0.00 secs] 
2945.313: [GC (Allocation Failure) [PSYoungGen: 62336K->320K(100864K)] 311823K->249807K(735744K), 0.0013585 secs] [Times: user=0.01 sys=0.00, real=0.01 secs] 
2945.614: [GC (Allocation Failure) [PSYoungGen: 61248K->9584K(70656K)] 310735K->259079K(705536K), 0.0021372 secs] [Times: user=0.00 sys=0.01, real=0.01 secs] 
2945.833: [GC (Allocation Failure) [PSYoungGen: 70512K->17792K(108032K)] 320007K->267295K(742912K), 0.0026730 secs] [Times: user=0.01 sys=0.00, real=0.01 secs] 
2946.028: [GC (Allocation Failure) [PSYoungGen: 80768K->34176K(105984K)] 330271K->283687K(740864K), 0.0034598 secs] [Times: user=0.02 sys=0.00, real=0.00 secs] 
2946.293: [GC (Allocation Failure) [PSYoungGen: 97152K->34176K(114176K)] 346663K->283695K(749056K), 0.0048531 secs] [Times: user=0.02 sys=0.01, real=0.01 secs] 
2947.193: [GC (Allocation Failure) [PSYoungGen: 100735K->288K(117760K)] 350255K->249823K(752640K), 0.0015422 secs] [Times: user=0.01 sys=0.00, real=0.01 secs] 
2947.780: [GC (Allocation Failure) [PSYoungGen: 64550K->9632K(118784K)] 314086K->259199K(753664K), 0.0021080 secs] [Times: user=0.00 sys=0.00, real=0.00 secs] 
2948.282: [GC (Allocation Failure) [PSYoungGen: 73070K->17760K(121856K)] 322638K->267327K(756736K), 0.0058090 secs] [Times: user=0.03 sys=0.00, real=0.01 secs] 
2948.801: [GC (Allocation Failure) [PSYoungGen: 90976K->34176K(122880K)] 340543K->283751K(757760K), 0.0054840 secs] [Times: user=0.02 sys=0.00, real=0.01 secs] 
2949.197: [GC (Allocation Failure) [PSYoungGen: 110976K->1376K(126976K)] 360551K->250951K(761856K), 0.0021273 secs] [Times: user=0.01 sys=0.00, real=0.00 secs] 
2950.387: [GC (Allocation Failure) [PSYoungGen: 78176K->9664K(112640K)] 327751K->259247K(747520K), 0.0019899 secs] [Times: user=0.01 sys=0.00, real=0.00 secs] 
2950.940: [GC (Allocation Failure) [PSYoungGen: 85952K->17792K(93696K)] 335535K->267375K(728576K), 0.0027124 secs] [Times: user=0.01 sys=0.00, real=0.00 secs] 
2951.375: [GC (Allocation Failure) [PSYoungGen: 93568K->34176K(116736K)] 343151K->283759K(751616K), 0.0056666 secs] [Times: user=0.02 sys=0.01, real=0.00 secs] 
2951.708: [GC (Allocation Failure) [PSYoungGen: 105856K->1392K(72704K)] 355439K->250983K(707584K), 0.0019975 secs] [Times: user=0.01 sys=0.00, real=0.00 secs] 
2953.011: [GC (Allocation Failure) [PSYoungGen: 72560K->5536K(115712K)] 322151K->255127K(750592K), 0.0022005 secs] [Times: user=0.01 sys=0.00, real=0.00 secs] 
2953.676: [GC (Allocation Failure) [PSYoungGen: 76192K->17760K(88064K)] 325783K->267351K(722944K), 0.0039694 secs] [Times: user=0.02 sys=0.00, real=0.00 secs] 
2954.259: [GC (Allocation Failure) [PSYoungGen: 87904K->34208K(111104K)] 337495K->283807K(745984K), 0.0053082 secs] [Times: user=0.03 sys=0.00, real=0.01 secs] 
2954.803: [GC (Allocation Failure) [PSYoungGen: 100256K->34208K(114688K)] 349855K->283815K(749568K), 0.0040398 secs] [Times: user=0.02 sys=0.00, real=0.01 secs] 
2955.382: [GC (Allocation Failure) [PSYoungGen: 99744K->1440K(115712K)] 349351K->251055K(750592K), 0.0037351 secs] [Times: user=0.01 sys=0.01, real=0.01 secs] 
2956.463: [GC (Allocation Failure) [PSYoungGen: 66464K->9664K(74752K)] 316079K->259279K(709632K), 0.0018658 secs] [Times: user=0.00 sys=0.00, real=0.01 secs] 
2956.759: [GC (Allocation Failure) [PSYoungGen: 74688K->17792K(109568K)] 324303K->267415K(744448K), 0.0025659 secs] [Times: user=0.01 sys=0.00, real=0.00 secs] 
2957.152: [GC (Allocation Failure) [PSYoungGen: 82816K->34144K(112128K)] 332439K->283775K(747008K), 0.0032982 secs] [Times: user=0.02 sys=0.00, real=0.01 secs] 
2957.685: [GC (Allocation Failure) [PSYoungGen: 99168K->34176K(113152K)] 348799K->283815K(748032K), 0.0072882 secs] [Times: user=0.03 sys=0.00, real=0.00 secs] 
2958.522: [GC (Allocation Failure) [PSYoungGen: 96640K->1376K(64000K)] 346279K->251023K(698880K), 0.0024971 secs] [Times: user=0.01 sys=0.00, real=0.01 secs] 
2959.897: [GC (Allocation Failure) [PSYoungGen: 63840K->9632K(111104K)] 313487K->259287K(745984K), 0.0021852 secs] [Times: user=0.01 sys=0.00, real=0.00 secs] 
2960.442: [GC (Allocation Failure) [PSYoungGen: 72096K->17760K(80384K)] 321751K->267423K(715264K), 0.0042484 secs] [Times: user=0.02 sys=0.00, real=0.01 secs] 
2961.094: [GC (Allocation Failure) [PSYoungGen: 80224K->34176K(106496K)] 329887K->283847K(741376K), 0.0065505 secs] [Times: user=0.03 sys=0.00, real=0.00 secs] 
2961.852: [GC (Allocation Failure) [PSYoungGen: 93056K->34176K(110080K)] 342727K->283855K(744960K), 0.0061578 secs] [Times: user=0.02 sys=0.00, real=0.01 secs] 
2962.388: [GC (Allocation Failure) [PSYoungGen: 93056K->1344K(111616K)] 342735K->251031K(746496K), 0.0030447 secs] [Times: user=0.01 sys=0.01, real=0.00 secs] 
2963.651: [GC (Allocation Failure) [PSYoungGen: 58337K->5536K(64512K)] 308024K->255247K(699392K), 0.0018538 secs] [Times: user=0.01 sys=0.00, real=0.00 secs] 
2963.974: [GC (Allocation Failure) [PSYoungGen: 64416K->17792K(104960K)] 314127K->267511K(739840K), 0.0023704 secs] [Times: user=0.01 sys=0.00, real=0.00 secs] 
2964.305: [GC (Allocation Failure) [PSYoungGen: 76672K->34176K(108032K)] 326391K->283903K(742912K), 0.0036788 secs] [Times: user=0.01 sys=0.00, real=0.00 secs] 
2964.791: [GC (Allocation Failure) [PSYoungGen: 93056K->34176K(109056K)] 342783K->283903K(743936K), 0.0048482 secs] [Times: user=0.02 sys=0.00, real=0.01 secs] 
2965.262: [GC (Allocation Failure) [PSYoungGen: 91008K->1376K(111104K)] 340735K->251111K(745984K), 0.0023892 secs] [Times: user=0.01 sys=0.00, real=0.01 secs] 
2966.652: [GC (Allocation Failure) [PSYoungGen: 58208K->2464K(109056K)] 307943K->252207K(743936K), 0.0018952 secs] [Times: user=0.01 sys=0.00, real=0.00 secs] 
2967.114: [GC (Allocation Failure) [PSYoungGen: 58446K->9568K(66560K)] 308190K->259319K(701440K), 0.0022030 secs] [Times: user=0.01 sys=0.00, real=0.00 secs] 
2967.570: [GC (Allocation Failure) [PSYoungGen: 66400K->17760K(101888K)] 316151K->267519K(736768K), 0.0055461 secs] [Times: user=0.02 sys=0.00, real=0.01 secs] 
2967.918: [GC (Allocation Failure) [PSYoungGen: 74592K->34144K(104960K)] 324351K->283903K(739840K), 0.0054138 secs] [Times: user=0.02 sys=0.00, real=0.00 secs] 
2968.347: [GC (Allocation Failure) [PSYoungGen: 90976K->34176K(112128K)] 340735K->283943K(747008K), 0.0048131 secs] [Times: user=0.02 sys=0.01, real=0.00 secs] 
2968.825: [GC (Allocation Failure) [PSYoungGen: 94592K->1360K(114688K)] 344359K->251135K(749568K), 0.0023736 secs] [Times: user=0.01 sys=0.00, real=0.00 secs] 
2970.484: [GC (Allocation Failure) [PSYoungGen: 61776K->9632K(103936K)] 311551K->259415K(738816K), 0.0018745 secs] [Times: user=0.01 sys=0.00, real=0.00 secs] 
2970.927: [GC (Allocation Failure) [PSYoungGen: 70048K->17760K(112128K)] 319831K->267543K(747008K), 0.0060583 secs] [Times: user=0.03 sys=0.00, real=0.00 secs] 
2971.295: [GC (Allocation Failure) [PSYoungGen: 78176K->34208K(112128K)] 327959K->284015K(747008K), 0.0085958 secs] [Times: user=0.04 sys=0.00, real=0.00 secs] 
2971.712: [GC (Allocation Failure) [PSYoungGen: 97696K->34144K(115200K)] 347503K->283959K(750080K), 0.0036626 secs] [Times: user=0.02 sys=0.00, real=0.01 secs] 
2971.978: [GC (Allocation Failure) [PSYoungGen: 97632K->1376K(124416K)] 347447K->251199K(759296K), 0.0019463 secs] [Times: user=0.00 sys=0.00, real=0.00 secs] 
2973.298: [GC (Allocation Failure) [PSYoungGen: 72032K->9648K(124928K)] 321855K->259479K(759808K), 0.0021872 secs] [Times: user=0.01 sys=0.00, real=0.00 secs] 
2973.854: [GC (Allocation Failure) [PSYoungGen: 80304K->17760K(107520K)] 330135K->267599K(742400K), 0.0036860 secs] [Times: user=0.01 sys=0.00, real=0.00 secs] 
2974.319: [GC (Allocation Failure) [PSYoungGen: 87904K->34192K(118784K)] 337743K->284031K(753664K), 0.0052377 secs] [Times: user=0.03 sys=0.00, real=0.01 secs] 
2974.991: [GC (Allocation Failure) [PSYoungGen: 104336K->1376K(113152K)] 354175K->251231K(748032K), 0.0025551 secs] [Times: user=0.01 sys=0.00, real=0.00 secs] 
2976.002: [GC (Allocation Failure) [PSYoungGen: 71008K->3520K(72704K)] 320863K->253375K(707584K), 0.0017857 secs] [Times: user=0.01 sys=0.00, real=0.01 secs] 
2976.657: [GC (Allocation Failure) [PSYoungGen: 72640K->17808K(112640K)] 322495K->267663K(747520K), 0.0026745 secs] [Times: user=0.01 sys=0.00, real=0.00 secs] 
2977.275: [GC (Allocation Failure) [PSYoungGen: 86416K->34176K(115712K)] 336271K->284039K(750592K), 0.0072210 secs] [Times: user=0.03 sys=0.00, real=0.00 secs] 
2978.308: [GC (Allocation Failure) [PSYoungGen: 102272K->34144K(116736K)] 352135K->284015K(751616K), 0.0081804 secs] [Times: user=0.04 sys=0.00, real=0.01 secs] 
2979.026: [GC (Allocation Failure) [PSYoungGen: 99680K->1408K(66560K)] 349551K->251279K(701440K), 0.0046012 secs] [Times: user=0.02 sys=0.00, real=0.00 secs] 
2980.420: [GC (Allocation Failure) [PSYoungGen: 65659K->5552K(115712K)] 315531K->255431K(750592K), 0.0021122 secs] [Times: user=0.01 sys=0.00, real=0.00 secs] 
2980.870: [GC (Allocation Failure) [PSYoungGen: 70576K->17808K(82944K)] 320455K->267695K(717824K), 0.0047688 secs] [Times: user=0.02 sys=0.00, real=0.01 secs] 
2981.258: [GC (Allocation Failure) [PSYoungGen: 82832K->34176K(111104K)] 332719K->284071K(745984K), 0.0056734 secs] [Times: user=0.02 sys=0.00, real=0.00 secs] 
2981.847: [GC (Allocation Failure) [PSYoungGen: 96128K->34176K(114176K)] 346023K->284079K(749056K), 0.0057324 secs] [Times: user=0.03 sys=0.00, real=0.00 secs] 
2982.451: [GC (Allocation Failure) [PSYoungGen: 96128K->1408K(121344K)] 346031K->251319K(756224K), 0.0023753 secs] [Times: user=0.00 sys=0.00, real=0.00 secs] 
2983.637: [GC (Allocation Failure) [PSYoungGen: 69504K->9632K(77312K)] 319415K->259551K(712192K), 0.0034898 secs] [Times: user=0.01 sys=0.00, real=0.00 secs] 
2983.887: [GC (Allocation Failure) [PSYoungGen: 77216K->17760K(112640K)] 327135K->267687K(747520K), 0.0023876 secs] [Times: user=0.01 sys=0.00, real=0.00 secs] 
2984.097: [GC (Allocation Failure) [PSYoungGen: 84832K->34208K(116224K)] 334759K->284143K(751104K), 0.0035443 secs] [Times: user=0.02 sys=0.00, real=0.00 secs] 
2984.419: [GC (Allocation Failure) [PSYoungGen: 101280K->34176K(124928K)] 351215K->284119K(759808K), 0.0042428 secs] [Times: user=0.02 sys=0.00, real=0.00 secs] 
2985.617: [GC (Allocation Failure) [PSYoungGen: 106880K->1408K(126976K)] 356823K->251383K(761856K), 0.0014995 secs] [Times: user=0.01 sys=0.00, real=0.00 secs] 
2985.908: [GC (Allocation Failure) [PSYoungGen: 74112K->17792K(127488K)] 324087K->267775K(762368K), 0.0022741 secs] [Times: user=0.01 sys=0.00, real=0.00 secs] 
2986.205: [GC (Allocation Failure) [PSYoungGen: 98176K->34144K(131072K)] 348159K->284127K(765952K), 0.0033508 secs] [Times: user=0.02 sys=0.00, real=0.00 secs] 
2986.676: [GC (Allocation Failure) [PSYoungGen: 114528K->34208K(140288K)] 364511K->284199K(775168K), 0.0061114 secs] [Times: user=0.03 sys=0.01, real=0.00 secs] 
2988.098: [GC (Allocation Failure) [PSYoungGen: 121248K->2464K(89088K)] 371239K->252463K(723968K), 0.0018079 secs] [Times: user=0.00 sys=0.00, real=0.00 secs] 
2988.588: [GC (Allocation Failure) [PSYoungGen: 88992K->17792K(134656K)] 338991K->267791K(769536K), 0.0022571 secs] [Times: user=0.01 sys=0.00, real=0.00 secs] 
2989.235: [GC (Allocation Failure) [PSYoungGen: 103808K->34144K(137728K)] 353807K->284143K(772608K), 0.0058183 secs] [Times: user=0.02 sys=0.00, real=0.00 secs] 
2989.946: [GC (Allocation Failure) [PSYoungGen: 119648K->1344K(138752K)] 369647K->251343K(773632K), 0.0029077 secs] [Times: user=0.01 sys=0.00, real=0.00 secs] 
2991.624: [GC (Allocation Failure) [PSYoungGen: 82684K->5568K(90112K)] 332684K->255575K(724992K), 0.0030599 secs] [Times: user=0.01 sys=0.00, real=0.00 secs] 
2991.930: [GC (Allocation Failure) [PSYoungGen: 90048K->17760K(129536K)] 340055K->267783K(764416K), 0.0040526 secs] [Times: user=0.01 sys=0.00, real=0.01 secs] 
2992.324: [GC (Allocation Failure) [PSYoungGen: 101728K->34144K(133632K)] 351751K->284175K(768512K), 0.0038655 secs] [Times: user=0.02 sys=0.00, real=0.00 secs] 
2993.093: [GC (Allocation Failure) [PSYoungGen: 118112K->1312K(126464K)] 368143K->251351K(761344K), 0.0037535 secs] [Times: user=0.01 sys=0.00, real=0.01 secs] 
2995.648: [GC (Allocation Failure) [PSYoungGen: 84768K->3035K(86016K)] 334807K->253083K(720896K), 0.0022168 secs] [Times: user=0.01 sys=0.00, real=0.00 secs] 
2999.235: [GC (Allocation Failure) [PSYoungGen: 85979K->16326K(126976K)] 336027K->266390K(761856K), 0.0136636 secs] [Times: user=0.07 sys=0.00, real=0.01 secs] 
3008.606: [GC (Allocation Failure) [PSYoungGen: 98758K->48096K(130048K)] 348822K->317167K(764928K), 0.0357068 secs] [Times: user=0.20 sys=0.00, real=0.03 secs] 
3008.789: [GC (Allocation Failure) [PSYoungGen: 130016K->63456K(117248K)] 399087K->377295K(752128K), 0.0311658 secs] [Times: user=0.17 sys=0.01, real=0.03 secs] 
3008.882: [GC (Allocation Failure) [PSYoungGen: 117216K->91616K(145408K)] 431055K->419983K(780288K), 0.0226316 secs] [Times: user=0.13 sys=0.01, real=0.03 secs] 
3013.072: [GC (Allocation Failure) [PSYoungGen: 145376K->113632K(152064K)] 473743K->454959K(786944K), 0.1291759 secs] [Times: user=0.54 sys=0.16, real=0.13 secs] 
3013.283: [GC (Allocation Failure) [PSYoungGen: 152032K->139232K(177664K)] 493359K->484951K(812544K), 0.0430410 secs] [Times: user=0.26 sys=0.01, real=0.05 secs] 
3014.294: [GC (Allocation Failure) [PSYoungGen: 177632K->147261K(189440K)] 523351K->492997K(824320K), 0.0460829 secs] [Times: user=0.22 sys=0.05, real=0.04 secs] 
3014.381: [GC (Allocation Failure) [PSYoungGen: 170813K->147136K(211968K)] 516549K->492879K(846848K), 0.0365471 secs] [Times: user=0.22 sys=0.00, real=0.04 secs] 
3014.457: [GC (Allocation Failure) [PSYoungGen: 170688K->141952K(222720K)] 516431K->492960K(857600K), 0.0369103 secs] [Times: user=0.21 sys=0.00, real=0.04 secs] 
3014.851: [GC (Allocation Failure) [PSYoungGen: 158336K->128192K(235008K)] 509344K->495304K(869888K), 0.0532306 secs] [Times: user=0.32 sys=0.00, real=0.06 secs] 
3014.928: [GC (Allocation Failure) [PSYoungGen: 144576K->44384K(228352K)] 511688K->498784K(863232K), 0.0489203 secs] [Times: user=0.29 sys=0.00, real=0.05 secs] 
3015.001: [GC (Allocation Failure) [PSYoungGen: 64352K->16128K(235520K)] 518752K->509432K(870400K), 0.0475585 secs] [Times: user=0.28 sys=0.00, real=0.05 secs] 
3015.269: [GC (Allocation Failure) [PSYoungGen: 36096K->27488K(225280K)] 529400K->520792K(860160K), 0.0074523 secs] [Times: user=0.04 sys=0.00, real=0.01 secs] 
3019.070: [GC (Allocation Failure) [PSYoungGen: 51552K->41184K(65536K)] 544856K->538829K(700416K), 0.0373903 secs] [Times: user=0.21 sys=0.00, real=0.04 secs] 
3019.183: [GC (Allocation Failure) [PSYoungGen: 65248K->35872K(212480K)] 562893K->554465K(847360K), 0.0322497 secs] [Times: user=0.19 sys=0.00, real=0.04 secs] 
3019.281: [GC (Allocation Failure) [PSYoungGen: 65056K->23296K(220160K)] 583649K->577689K(855040K), 0.0292143 secs] [Times: user=0.17 sys=0.00, real=0.03 secs] 
3019.346: [GC (Allocation Failure) [PSYoungGen: 52480K->22848K(207872K)] 606873K->600521K(842752K), 0.0185016 secs] [Times: user=0.11 sys=0.00, real=0.02 secs] 
3019.407: [GC (Allocation Failure) [PSYoungGen: 58176K->28192K(64000K)] 635849K->628625K(698880K), 0.0154953 secs] [Times: user=0.08 sys=0.01, real=0.01 secs] 
3019.422: [Full GC (Ergonomics) [PSYoungGen: 28192K->0K(64000K)] [ParOldGen: 600433K->145787K(553472K)] 628625K->145787K(617472K), [Metaspace: 60033K->59949K(1105920K)], 0.3415954 secs] [Times: user=1.54 sys=0.00, real=0.35 secs] 
3019.805: [GC (Allocation Failure) [PSYoungGen: 35328K->28096K(199168K)] 181115K->173883K(752640K), 0.0352186 secs] [Times: user=0.20 sys=0.00, real=0.03 secs] 
3019.876: [GC (Allocation Failure) [PSYoungGen: 59214K->24608K(206336K)] 205002K->198555K(759808K), 0.0648471 secs] [Times: user=0.38 sys=0.00, real=0.06 secs] 
3019.974: [GC (Allocation Failure) [PSYoungGen: 67104K->51808K(188928K)] 241051K->250395K(742400K), 0.0208928 secs] [Times: user=0.11 sys=0.01, real=0.03 secs] 
3020.775: [GC (Allocation Failure) [PSYoungGen: 103008K->29248K(198656K)] 301595K->263283K(752128K), 0.0283292 secs] [Times: user=0.17 sys=0.00, real=0.02 secs] 
3020.928: [GC (Allocation Failure) [PSYoungGen: 80448K->96K(199168K)] 314483K->263423K(752640K), 0.0549772 secs] [Times: user=0.32 sys=0.00, real=0.05 secs] 
3021.094: [GC (Allocation Failure) [PSYoungGen: 61536K->17280K(200704K)] 324863K->280607K(754176K), 0.0044296 secs] [Times: user=0.02 sys=0.00, real=0.00 secs] 
3021.445: [GC (Allocation Failure) [PSYoungGen: 78720K->42400K(190976K)] 342047K->321308K(744448K), 0.0282129 secs] [Times: user=0.15 sys=0.00, real=0.02 secs] 
3021.649: [GC (Allocation Failure) [PSYoungGen: 116128K->66528K(199168K)] 395036K->383516K(752640K), 0.0346101 secs] [Times: user=0.21 sys=0.00, real=0.03 secs] 
3021.819: [GC (Allocation Failure) [PSYoungGen: 140256K->58912K(210432K)] 457244K->434204K(763904K), 0.0535477 secs] [Times: user=0.32 sys=0.00, real=0.05 secs] 
3026.060: [GC (Allocation Failure) [PSYoungGen: 147488K->58624K(212992K)] 522780K->492880K(766464K), 0.1188978 secs] [Times: user=0.71 sys=0.01, real=0.12 secs] 
3027.149: [GC (Allocation Failure) [PSYoungGen: 147200K->18784K(221696K)] 581456K->511504K(775168K), 0.0330398 secs] [Times: user=0.19 sys=0.00, real=0.03 secs] 
3027.183: [Full GC (Ergonomics) [PSYoungGen: 18784K->0K(221696K)] [ParOldGen: 492720K->252753K(705024K)] 511504K->252753K(926720K), [Metaspace: 59963K->59963K(1105920K)], 0.6168254 secs] [Times: user=2.52 sys=0.00, real=0.62 secs] 
3028.471: [GC (Allocation Failure) [PSYoungGen: 105984K->44128K(224768K)] 358737K->296881K(929792K), 0.0257054 secs] [Times: user=0.15 sys=0.00, real=0.03 secs] 
3028.698: [GC (Allocation Failure) [PSYoungGen: 150112K->78112K(228864K)] 402865K->371855K(933888K), 0.0284823 secs] [Times: user=0.17 sys=0.00, real=0.03 secs] 
3029.774: [GC (Allocation Failure) [PSYoungGen: 195360K->85760K(235008K)] 489103K->449159K(940032K), 0.0967179 secs] [Times: user=0.57 sys=0.00, real=0.10 secs] 
3030.894: [GC (Allocation Failure) [PSYoungGen: 203008K->43232K(247808K)] 566407K->492331K(952832K), 0.0430773 secs] [Times: user=0.26 sys=0.00, real=0.04 secs] 
3031.526: [GC (Allocation Failure) [PSYoungGen: 178912K->60352K(254976K)] 628011K->552819K(960000K), 0.0920897 secs] [Times: user=0.55 sys=0.01, real=0.09 secs] 
3032.151: [GC (Allocation Failure) [PSYoungGen: 196032K->105152K(260608K)] 688499K->652909K(965632K), 0.0627955 secs] [Times: user=0.31 sys=0.04, real=0.06 secs] 
3037.201: [GC (Allocation Failure) [PSYoungGen: 249536K->86944K(273920K)] 797293K->731725K(978944K), 0.0745008 secs] [Times: user=0.30 sys=0.13, real=0.08 secs] 
3037.276: [Full GC (Ergonomics) [PSYoungGen: 86944K->0K(273920K)] [ParOldGen: 644781K->253240K(770560K)] 731725K->253240K(1044480K), [Metaspace: 59967K->59967K(1105920K)], 0.5399067 secs] [Times: user=2.36 sys=0.00, real=0.54 secs] 
3038.016: [GC (Allocation Failure) [PSYoungGen: 144384K->39648K(286208K)] 397624K->292888K(1056768K), 0.0086625 secs] [Times: user=0.05 sys=0.01, real=0.01 secs] 
3038.312: [GC (Allocation Failure) [PSYoungGen: 203488K->120000K(293376K)] 456728K->409059K(1063936K), 0.0344823 secs] [Times: user=0.19 sys=0.00, real=0.04 secs] 
3039.581: [GC (Allocation Failure) [PSYoungGen: 283840K->91456K(329728K)] 572899K->491507K(1100288K), 0.0595011 secs] [Times: user=0.33 sys=0.02, real=0.06 secs] 
3040.502: [GC (Allocation Failure) [PSYoungGen: 275776K->88992K(332288K)] 675827K->580539K(1102848K), 0.0672527 secs] [Times: user=0.40 sys=0.00, real=0.07 secs] 
3042.259: [GC (Allocation Failure) [PSYoungGen: 273312K->134560K(341504K)] 764859K->709575K(1112064K), 0.1718485 secs] [Times: user=0.83 sys=0.18, real=0.17 secs] 
3044.938: [GC (Allocation Failure) [PSYoungGen: 328096K->64928K(357888K)] 903111K->774079K(1128448K), 0.1291194 secs] [Times: user=0.69 sys=0.08, real=0.13 secs] 
3045.068: [Full GC (Ergonomics) [PSYoungGen: 64928K->0K(357888K)] [ParOldGen: 709151K->60653K(651264K)] 774079K->60653K(1009152K), [Metaspace: 59981K->59981K(1105920K)], 0.1535902 secs] [Times: user=0.70 sys=0.00, real=0.15 secs] 
3046.098: [GC (Allocation Failure) [PSYoungGen: 188549K->141536K(360448K)] 249203K->202189K(1011712K), 0.0554574 secs] [Times: user=0.31 sys=0.02, real=0.05 secs] 
3047.291: [GC (Allocation Failure) [PSYoungGen: 344800K->72160K(377344K)] 405453K->266197K(1028608K), 0.0603441 secs] [Times: user=0.36 sys=0.00, real=0.06 secs] 
3047.999: [GC (Allocation Failure) [PSYoungGen: 275424K->144256K(382976K)] 469461K->409146K(1034240K), 0.0421454 secs] [Times: user=0.23 sys=0.01, real=0.04 secs] 
3051.718: [GC (Allocation Failure) [PSYoungGen: 360832K->98784K(397824K)] 625722K->499302K(1049088K), 0.0632846 secs] [Times: user=0.38 sys=0.00, real=0.06 secs] 
3055.457: [GC (Allocation Failure) [PSYoungGen: 315360K->126240K(415744K)] 715878K->624451K(1067008K), 0.0493669 secs] [Times: user=0.29 sys=0.01, real=0.05 secs] 
3055.506: [Full GC (Ergonomics) [PSYoungGen: 126240K->0K(415744K)] [ParOldGen: 498211K->143700K(800768K)] 624451K->143700K(1216512K), [Metaspace: 59986K->59986K(1105920K)], 0.3223355 secs] [Times: user=1.49 sys=0.00, real=0.32 secs] 
3056.907: [GC (Allocation Failure) [PSYoungGen: 239104K->121120K(420864K)] 382804K->264820K(1221632K), 0.0423336 secs] [Times: user=0.25 sys=0.00, real=0.04 secs] 
3058.883: [GC (Allocation Failure) [PSYoungGen: 360224K->150592K(438784K)] 503924K->415656K(1239552K), 0.0633216 secs] [Times: user=0.35 sys=0.03, real=0.07 secs] 
3060.825: [GC (Allocation Failure) [PSYoungGen: 405568K->18976K(450560K)] 670632K->284180K(1251328K), 0.0068550 secs] [Times: user=0.03 sys=0.00, real=0.00 secs] 
3061.626: [GC (Allocation Failure) [PSYoungGen: 273952K->176192K(458240K)] 539156K->457793K(1259008K), 0.0448378 secs] [Times: user=0.23 sys=0.03, real=0.04 secs] 
3063.226: [GC (Allocation Failure) [PSYoungGen: 434752K->110688K(478720K)] 716353K->568385K(1279488K), 0.0721396 secs] [Times: user=0.43 sys=0.00, real=0.07 secs] 
3066.054: [GC (Allocation Failure) [PSYoungGen: 366571K->211936K(444928K)] 824268K->777298K(1245696K), 0.0712567 secs] [Times: user=0.40 sys=0.02, real=0.07 secs] 
3067.721: [GC (Allocation Failure) [PSYoungGen: 444301K->93056K(465920K)] 1009664K->835602K(1266688K), 0.1047100 secs] [Times: user=0.46 sys=0.13, real=0.11 secs] 
3067.826: [Full GC (Ergonomics) [PSYoungGen: 93056K->0K(465920K)] [ParOldGen: 742546K->110207K(866304K)] 835602K->110207K(1332224K), [Metaspace: 60001K->60001K(1105920K)], 0.2453859 secs] [Times: user=1.12 sys=0.00, real=0.24 secs] 
3069.129: [GC (Allocation Failure) [PSYoungGen: 232960K->150720K(465920K)] 343167K->260927K(1332224K), 0.0421236 secs] [Times: user=0.24 sys=0.00, real=0.04 secs] 
3069.876: [GC (Allocation Failure) [PSYoungGen: 383680K->105312K(465920K)] 493887K->366471K(1332224K), 0.0594364 secs] [Times: user=0.35 sys=0.00, real=0.06 secs] 
3073.991: [GC (Allocation Failure) [PSYoungGen: 338272K->142272K(465920K)] 599431K->498424K(1332224K), 0.0593535 secs] [Times: user=0.35 sys=0.00, real=0.06 secs] 
3075.766: [GC (Allocation Failure) [PSYoungGen: 375232K->116672K(465920K)] 731384K->615304K(1332224K), 0.0648148 secs] [Times: user=0.39 sys=0.00, real=0.06 secs] 
3077.858: [GC (Allocation Failure) [PSYoungGen: 349632K->131168K(460800K)] 848264K->735897K(1327104K), 0.0615260 secs] [Times: user=0.36 sys=0.00, real=0.06 secs] 
3079.612: [GC (Allocation Failure) [PSYoungGen: 364128K->129088K(362496K)] 968857K->865193K(1228800K), 0.0596105 secs] [Times: user=0.35 sys=0.00, real=0.06 secs] 
3079.671: [Full GC (Ergonomics) [PSYoungGen: 129088K->0K(362496K)] [ParOldGen: 736105K->146225K(944640K)] 865193K->146225K(1307136K), [Metaspace: 60022K->60022K(1105920K)], 0.3260172 secs] [Times: user=1.50 sys=0.00, real=0.33 secs] 
3082.793: [GC (Allocation Failure) [PSYoungGen: 232960K->119232K(471040K)] 379185K->265457K(1415680K), 0.0421335 secs] [Times: user=0.25 sys=0.00, real=0.05 secs] 
3084.242: [GC (Allocation Failure) [PSYoungGen: 368576K->155296K(462336K)] 514801K->420617K(1406976K), 0.0609380 secs] [Times: user=0.36 sys=0.00, real=0.06 secs] 
3085.421: [GC (Allocation Failure) [PSYoungGen: 404640K->20448K(464896K)] 669961K->285837K(1409536K), 0.0051891 secs] [Times: user=0.02 sys=0.00, real=0.01 secs] 
3086.139: [GC (Allocation Failure) [PSYoungGen: 269792K->189152K(438784K)] 535181K->472946K(1383424K), 0.0408807 secs] [Times: user=0.24 sys=0.00, real=0.04 secs] 
3090.734: [GC (Allocation Failure) [PSYoungGen: 438496K->99456K(465920K)] 722290K->555462K(1410560K), 0.1447263 secs] [Times: user=0.86 sys=0.00, real=0.14 secs] 
3091.140: [GC (Allocation Failure) [PSYoungGen: 332416K->195232K(465920K)] 788422K->745019K(1410560K), 0.0598158 secs] [Times: user=0.36 sys=0.00, real=0.06 secs] 
3093.097: [GC (Allocation Failure) [PSYoungGen: 428192K->81280K(465920K)] 977979K->810171K(1410560K), 0.1200912 secs] [Times: user=0.72 sys=0.00, real=0.12 secs] 
3093.217: [Full GC (Ergonomics) [PSYoungGen: 81280K->0K(465920K)] [ParOldGen: 728891K->85607K(935936K)] 810171K->85607K(1401856K), [Metaspace: 60040K->60040K(1105920K)], 0.1874725 secs] [Times: user=0.84 sys=0.00, real=0.19 secs] 
3093.894: [GC (Allocation Failure) [PSYoungGen: 232960K->210272K(465920K)] 318567K->295879K(1401856K), 0.0381179 secs] [Times: user=0.23 sys=0.01, real=0.03 secs] 
3096.133: [GC (Allocation Failure) [PSYoungGen: 443232K->86336K(465920K)] 528839K->348743K(1401856K), 0.0998583 secs] [Times: user=0.59 sys=0.00, real=0.10 secs] 
3099.981: [GC (Allocation Failure) [PSYoungGen: 319296K->157600K(465920K)] 581703K->499648K(1401856K), 0.0586961 secs] [Times: user=0.35 sys=0.00, real=0.06 secs] 
3101.402: [GC (Allocation Failure) [PSYoungGen: 390560K->93760K(465920K)] 732608K->593704K(1401856K), 0.0821610 secs] [Times: user=0.49 sys=0.00, real=0.09 secs] 
3102.838: [GC (Allocation Failure) [PSYoungGen: 326720K->150624K(465920K)] 826664K->737117K(1401856K), 0.0595043 secs] [Times: user=0.35 sys=0.00, real=0.06 secs] 
3103.912: [GC (Allocation Failure) [PSYoungGen: 383584K->113760K(465920K)] 970077K->851133K(1401856K), 0.0613509 secs] [Times: user=0.37 sys=0.00, real=0.06 secs] 
3103.973: [Full GC (Ergonomics) [PSYoungGen: 113760K->0K(465920K)] [ParOldGen: 737373K->131372K(1021440K)] 851133K->131372K(1487360K), [Metaspace: 60050K->60050K(1105920K)], 0.2884154 secs] [Times: user=1.31 sys=0.00, real=0.29 secs] 
3107.230: [GC (Allocation Failure) [PSYoungGen: 232960K->134144K(367616K)] 364332K->265516K(1389056K), 0.0494178 secs] [Times: user=0.29 sys=0.01, real=0.05 secs] 
3107.855: [GC (Allocation Failure) [PSYoungGen: 367104K->124704K(472576K)] 498476K->390500K(1494016K), 0.0734611 secs] [Times: user=0.43 sys=0.00, real=0.07 secs] 
3109.413: [GC (Allocation Failure) [PSYoungGen: 367392K->1440K(462848K)] 633188K->267308K(1484288K), 0.0018213 secs] [Times: user=0.01 sys=0.00, real=0.01 secs] 
3110.264: [GC (Allocation Failure) [PSYoungGen: 244128K->153952K(465920K)] 509996K->420874K(1487360K), 0.0382306 secs] [Times: user=0.23 sys=0.00, real=0.03 secs] 
3113.536: [GC (Allocation Failure) [PSYoungGen: 386912K->5152K(465920K)] 653834K->272162K(1487360K), 0.0022462 secs] [Times: user=0.01 sys=0.00, real=0.00 secs] 
3114.741: [GC (Allocation Failure) [PSYoungGen: 238112K->165088K(465920K)] 505122K->435699K(1487360K), 0.0327896 secs] [Times: user=0.19 sys=0.00, real=0.03 secs] 
3116.586: [GC (Allocation Failure) [PSYoungGen: 398048K->93664K(465920K)] 668659K->520895K(1487360K), 0.1638844 secs] [Times: user=0.98 sys=0.00, real=0.16 secs] 
3117.921: [GC (Allocation Failure) [PSYoungGen: 323403K->169280K(465920K)] 750635K->687945K(1487360K), 0.0798688 secs] [Times: user=0.47 sys=0.00, real=0.08 secs] 
3121.106: [GC (Allocation Failure) [PSYoungGen: 402240K->91136K(465920K)] 920905K->771009K(1487360K), 0.1689557 secs] [Times: user=1.01 sys=0.00, real=0.17 secs] 
3121.750: [GC (Allocation Failure) [PSYoungGen: 308915K->159840K(465920K)] 988788K->926966K(1487360K), 0.0496236 secs] [Times: user=0.28 sys=0.02, real=0.05 secs] 
3123.186: [GC (Allocation Failure) [PSYoungGen: 392800K->93056K(465920K)] 1159926K->1011382K(1487360K), 0.1516160 secs] [Times: user=0.59 sys=0.22, real=0.15 secs] 
3123.337: [Full GC (Ergonomics) [PSYoungGen: 93056K->0K(465920K)] [ParOldGen: 918326K->46537K(968192K)] 1011382K->46537K(1434112K), [Metaspace: 60058K->60058K(1105920K)], 0.0856994 secs] [Times: user=0.30 sys=0.00, real=0.08 secs] 
3124.574: [GC (Allocation Failure) [PSYoungGen: 217377K->157472K(465920K)] 263915K->204009K(1434112K), 0.0307721 secs] [Times: user=0.18 sys=0.00, real=0.03 secs] 
3127.684: [GC (Allocation Failure) [PSYoungGen: 390432K->92832K(326144K)] 436969K->288445K(1294336K), 0.1532098 secs] [Times: user=0.92 sys=0.00, real=0.15 secs] 
3128.658: [GC (Allocation Failure) [PSYoungGen: 325792K->168384K(464896K)] 521405K->451078K(1433088K), 0.0486375 secs] [Times: user=0.29 sys=0.00, real=0.05 secs] 
3130.521: [GC (Allocation Failure) [PSYoungGen: 400832K->84096K(465408K)] 683526K->535214K(1433600K), 0.1381810 secs] [Times: user=0.82 sys=0.00, real=0.14 secs] 
3131.070: [GC (Allocation Failure) [PSYoungGen: 316544K->169344K(465920K)] 767662K->700847K(1434112K), 0.0539327 secs] [Times: user=0.32 sys=0.00, real=0.06 secs] 
3134.888: [GC (Allocation Failure) [PSYoungGen: 402304K->84736K(465920K)] 933807K->785299K(1434112K), 0.1275547 secs] [Times: user=0.77 sys=0.00, real=0.13 secs] 
3135.270: [GC (Allocation Failure) [PSYoungGen: 317696K->173856K(465920K)] 1018259K->955476K(1434112K), 0.0564323 secs] [Times: user=0.34 sys=0.00, real=0.06 secs] 
3135.327: [Full GC (Ergonomics) [PSYoungGen: 173856K->0K(465920K)] [ParOldGen: 781620K->234040K(1175552K)] 955476K->234040K(1641472K), [Metaspace: 60064K->60064K(1105920K)], 0.5497666 secs] [Times: user=2.59 sys=0.00, real=0.55 secs] 
3137.821: [GC (Allocation Failure) [PSYoungGen: 232960K->79744K(465920K)] 467000K->313784K(1641472K), 0.0641178 secs] [Times: user=0.38 sys=0.00, real=0.07 secs] 
3138.603: [GC (Allocation Failure) [PSYoungGen: 312704K->175008K(465920K)] 546744K->483088K(1641472K), 0.1279274 secs] [Times: user=0.76 sys=0.00, real=0.13 secs] 
3142.589: [GC (Allocation Failure) [PSYoungGen: 407968K->79360K(465920K)] 716048K->562477K(1641472K), 0.1208679 secs] [Times: user=0.72 sys=0.00, real=0.12 secs] 
3143.059: [GC (Allocation Failure) [PSYoungGen: 312320K->208000K(465920K)] 795437K->764505K(1641472K), 0.0556944 secs] [Times: user=0.33 sys=0.00, real=0.06 secs] 
3145.164: [GC (Allocation Failure) [PSYoungGen: 440960K->86368K(465920K)] 997465K->817441K(1641472K), 0.0968910 secs] [Times: user=0.58 sys=0.00, real=0.10 secs] 
3148.097: [GC (Allocation Failure) [PSYoungGen: 319328K->162304K(465920K)] 1050401K->968422K(1641472K), 0.0590293 secs] [Times: user=0.35 sys=0.00, real=0.06 secs] 
3148.893: [GC (Allocation Failure) [PSYoungGen: 387308K->92960K(465920K)] 1193427K->1061614K(1641472K), 0.0949452 secs] [Times: user=0.50 sys=0.07, real=0.10 secs] 
3148.988: [Full GC (Ergonomics) [PSYoungGen: 92960K->0K(465920K)] [ParOldGen: 968654K->109560K(1090560K)] 1061614K->109560K(1556480K), [Metaspace: 60081K->60081K(1105920K)], 0.2393657 secs] [Times: user=1.07 sys=0.00, real=0.24 secs] 
3150.504: [GC (Allocation Failure) [PSYoungGen: 232960K->150752K(465920K)] 342520K->260312K(1556480K), 0.0419486 secs] [Times: user=0.25 sys=0.00, real=0.05 secs] 
3151.039: [GC (Allocation Failure) [PSYoungGen: 383712K->108064K(465920K)] 493272K->368556K(1556480K), 0.1015406 secs] [Times: user=0.60 sys=0.00, real=0.10 secs] 
3153.845: [GC (Allocation Failure) [PSYoungGen: 341024K->139712K(465920K)] 601516K->498121K(1556480K), 0.0598536 secs] [Times: user=0.36 sys=0.00, real=0.06 secs] 
3156.003: [GC (Allocation Failure) [PSYoungGen: 372672K->134144K(367616K)] 731081K->632185K(1458176K), 0.0618207 secs] [Times: user=0.36 sys=0.01, real=0.07 secs] 
3157.167: [GC (Allocation Failure) [PSYoungGen: 367104K->130816K(466944K)] 865145K->736070K(1557504K), 0.0611886 secs] [Times: user=0.36 sys=0.00, real=0.06 secs] 
3157.869: [GC (Allocation Failure) [PSYoungGen: 372480K->140704K(458240K)] 977734K->876534K(1548800K), 0.0586769 secs] [Times: user=0.34 sys=0.01, real=0.06 secs] 
3159.975: [GC (Allocation Failure) [PSYoungGen: 382368K->4160K(456704K)] 1118198K->740022K(1547264K), 0.0027248 secs] [Times: user=0.02 sys=0.00, real=0.00 secs] 
3162.253: [GC (Allocation Failure) [PSYoungGen: 248384K->171776K(416256K)] 984246K->909995K(1506816K), 0.0339097 secs] [Times: user=0.20 sys=0.00, real=0.04 secs] 
3163.969: [GC (Allocation Failure) [PSYoungGen: 413981K->98048K(471040K)] 1152200K->999387K(1561600K), 0.1152812 secs] [Times: user=0.68 sys=0.00, real=0.12 secs] 
3164.085: [Full GC (Ergonomics) [PSYoungGen: 98048K->0K(471040K)] [ParOldGen: 901339K->42000K(1063424K)] 999387K->42000K(1534464K), [Metaspace: 60092K->60092K(1105920K)], 0.0842175 secs] [Times: user=0.34 sys=0.00, real=0.08 secs] 
3165.144: [GC (Allocation Failure) [PSYoungGen: 238080K->168032K(465920K)] 280080K->210032K(1529344K), 0.0338150 secs] [Times: user=0.20 sys=0.00, real=0.03 secs] 
3169.736: [GC (Allocation Failure) [PSYoungGen: 406112K->88608K(467968K)] 448112K->298573K(1531392K), 0.1624253 secs] [Times: user=0.97 sys=0.00, real=0.16 secs] 
3170.383: [GC (Allocation Failure) [PSYoungGen: 324640K->172192K(465920K)] 534605K->466924K(1529344K), 0.0564260 secs] [Times: user=0.32 sys=0.01, real=0.06 secs] 
3172.970: [GC (Allocation Failure) [PSYoungGen: 408224K->84352K(465920K)] 702956K->550636K(1529344K), 0.1451874 secs] [Times: user=0.86 sys=0.00, real=0.15 secs] 
3173.384: [GC (Allocation Failure) [PSYoungGen: 317312K->193408K(465920K)] 783596K->737793K(1529344K), 0.0571879 secs] [Times: user=0.34 sys=0.00, real=0.05 secs] 
3177.668: [GC (Allocation Failure) [PSYoungGen: 426368K->79744K(465920K)] 970753K->801049K(1529344K), 0.1281627 secs] [Times: user=0.76 sys=0.00, real=0.13 secs] 
3178.079: [GC (Allocation Failure) [PSYoungGen: 312704K->211648K(465920K)] 1034009K->1006473K(1529344K), 0.0581009 secs] [Times: user=0.34 sys=0.00, real=0.06 secs] 
3180.226: [GC (Allocation Failure) [PSYoungGen: 444608K->85504K(465920K)] 1239433K->1059201K(1529344K), 0.1047731 secs] [Times: user=0.62 sys=0.01, real=0.10 secs] 
3180.331: [Full GC (Ergonomics) [PSYoungGen: 85504K->0K(465920K)] [ParOldGen: 973697K->102268K(1168384K)] 1059201K->102268K(1634304K), [Metaspace: 60108K->60108K(1105920K)], 0.2279907 secs] [Times: user=1.02 sys=0.00, real=0.23 secs] 
3181.596: [GC (Allocation Failure) [PSYoungGen: 232960K->159744K(465920K)] 335228K->262012K(1634304K), 0.0451239 secs] [Times: user=0.27 sys=0.00, real=0.04 secs] 
3184.597: [GC (Allocation Failure) [PSYoungGen: 390856K->93376K(465920K)] 493125K->354732K(1634304K), 0.0859384 secs] [Times: user=0.51 sys=0.00, real=0.08 secs] 
3185.769: [GC (Allocation Failure) [PSYoungGen: 326336K->151104K(465920K)] 587692K->499041K(1634304K), 0.0591743 secs] [Times: user=0.35 sys=0.00, real=0.06 secs] 
3187.189: [GC (Allocation Failure) [PSYoungGen: 384064K->103936K(465920K)] 732001K->602913K(1634304K), 0.0797637 secs] [Times: user=0.47 sys=0.00, real=0.08 secs] 
3188.374: [GC (Allocation Failure) [PSYoungGen: 336896K->145056K(465920K)] 835873K->736990K(1634304K), 0.0600900 secs] [Times: user=0.36 sys=0.00, real=0.06 secs] 
3191.166: [GC (Allocation Failure) [PSYoungGen: 378016K->118144K(455680K)] 969950K->854894K(1624064K), 0.0741960 secs] [Times: user=0.44 sys=0.01, real=0.07 secs] 
3192.396: [GC (Allocation Failure) [PSYoungGen: 351104K->130112K(460800K)] 1087854K->974330K(1629184K), 0.0614265 secs] [Times: user=0.36 sys=0.00, real=0.06 secs] 
3193.707: [GC (Allocation Failure) [PSYoungGen: 363072K->134496K(461824K)] 1207290K->1108626K(1630208K), 0.0583900 secs] [Times: user=0.34 sys=0.00, real=0.06 secs] 
3193.766: [Full GC (Ergonomics) [PSYoungGen: 134496K->0K(461824K)] [ParOldGen: 974130K->151563K(1227776K)] 1108626K->151563K(1689600K), [Metaspace: 60109K->60109K(1105920K)], 0.3311618 secs] [Times: user=1.51 sys=0.01, real=0.33 secs] 
3196.172: [GC (Allocation Failure) [PSYoungGen: 252416K->118688K(464384K)] 403979K->270251K(1692160K), 0.0409559 secs] [Times: user=0.24 sys=0.00, real=0.04 secs] 
3197.761: [GC (Allocation Failure) [PSYoungGen: 371104K->176224K(472576K)] 522667K->445212K(1700352K), 0.0621720 secs] [Times: user=0.37 sys=0.00, real=0.06 secs] 
3199.874: [GC (Allocation Failure) [PSYoungGen: 441679K->115712K(482816K)] 710667K->552436K(1710592K), 0.1242078 secs] [Times: user=0.73 sys=0.00, real=0.13 secs] 
3200.782: [GC (Allocation Failure) [PSYoungGen: 382976K->191232K(459776K)] 819700K->740150K(1687552K), 0.1096246 secs] [Times: user=0.65 sys=0.01, real=0.11 secs] 
3204.525: [GC (Allocation Failure) [PSYoungGen: 440576K->95136K(474112K)] 989494K->835174K(1701888K), 0.1023501 secs] [Times: user=0.61 sys=0.00, real=0.10 secs] 
3205.746: [GC (Allocation Failure) [PSYoungGen: 344480K->152512K(468480K)] 1084518K->981217K(1696256K), 0.0626853 secs] [Times: user=0.37 sys=0.00, real=0.06 secs] 
3206.906: [GC (Allocation Failure) [PSYoungGen: 403392K->124128K(472064K)] 1232097K->1105057K(1699840K), 0.0644611 secs] [Times: user=0.38 sys=0.00, real=0.06 secs] 
3208.108: [GC (Allocation Failure) [PSYoungGen: 375008K->3168K(455680K)] 1355937K->984229K(1683456K), 0.0050601 secs] [Times: user=0.03 sys=0.00, real=0.00 secs] 
3210.195: [GC (Allocation Failure) [PSYoungGen: 244320K->163040K(404480K)] 1225381K->1145698K(1632256K), 0.0333064 secs] [Times: user=0.20 sys=0.00, real=0.03 secs] 
3212.031: [GC (Allocation Failure) [PSYoungGen: 404192K->101888K(472064K)] 1386850K->1238522K(1699840K), 0.2096399 secs] [Times: user=0.87 sys=0.30, real=0.21 secs] 
3212.241: [Full GC (Ergonomics) [PSYoungGen: 101888K->0K(472064K)] [ParOldGen: 1136634K->35760K(1178624K)] 1238522K->35760K(1650688K), [Metaspace: 60116K->60116K(1105920K)], 0.0858978 secs] [Times: user=0.32 sys=0.00, real=0.09 secs] 
3213.196: [GC (Allocation Failure) [PSYoungGen: 231586K->167072K(465920K)] 267347K->202833K(1644544K), 0.0322348 secs] [Times: user=0.19 sys=0.00, real=0.03 secs] 
3216.937: [GC (Allocation Failure) [PSYoungGen: 406176K->95424K(466944K)] 441937K->289693K(1645568K), 0.1723743 secs] [Times: user=1.03 sys=0.00, real=0.17 secs] 
3218.187: [GC (Allocation Failure) [PSYoungGen: 334528K->173696K(413184K)] 528797K->459634K(1591808K), 0.0501007 secs] [Times: user=0.30 sys=0.01, real=0.05 secs] 
3220.729: [GC (Allocation Failure) [PSYoungGen: 412800K->87232K(466944K)] 698738K->546990K(1645568K), 0.1685883 secs] [Times: user=1.01 sys=0.00, real=0.17 secs] 
3221.218: [GC (Allocation Failure) [PSYoungGen: 321216K->172096K(465920K)] 780974K->714843K(1644544K), 0.0560292 secs] [Times: user=0.34 sys=0.00, real=0.06 secs] 
3224.299: [GC (Allocation Failure) [PSYoungGen: 406080K->80992K(465920K)] 948827K->796039K(1644544K), 0.1384781 secs] [Times: user=0.83 sys=0.00, real=0.14 secs] 
3224.755: [GC (Allocation Failure) [PSYoungGen: 313952K->176000K(465920K)] 1028999K->965928K(1644544K), 0.0596093 secs] [Times: user=0.35 sys=0.00, real=0.06 secs] 
3226.479: [GC (Allocation Failure) [PSYoungGen: 408960K->91232K(465920K)] 1198888K->1057148K(1644544K), 0.1072696 secs] [Times: user=0.64 sys=0.00, real=0.11 secs] 
3226.586: [Full GC (Ergonomics) [PSYoungGen: 91232K->0K(465920K)] [ParOldGen: 965916K->94949K(1273856K)] 1057148K->94949K(1739776K), [Metaspace: 60117K->60117K(1105920K)], 0.2100658 secs] [Times: user=0.94 sys=0.00, real=0.21 secs] 
3228.231: [GC (Allocation Failure) [PSYoungGen: 232060K->200320K(465920K)] 327009K->295269K(1739776K), 0.0418425 secs] [Times: user=0.25 sys=0.00, real=0.04 secs] 
3230.401: [GC (Allocation Failure) [PSYoungGen: 433280K->89696K(465920K)] 528229K->351029K(1739776K), 0.0815922 secs] [Times: user=0.48 sys=0.00, real=0.08 secs] 
3231.733: [GC (Allocation Failure) [PSYoungGen: 322656K->154720K(465920K)] 583989K->499274K(1739776K), 0.0593774 secs] [Times: user=0.35 sys=0.00, real=0.06 secs] 
3233.807: [GC (Allocation Failure) [PSYoungGen: 387680K->101216K(465920K)] 732234K->599786K(1739776K), 0.0818335 secs] [Times: user=0.49 sys=0.00, real=0.08 secs] 
3235.056: [GC (Allocation Failure) [PSYoungGen: 334176K->147552K(465920K)] 832746K->736529K(1739776K), 0.0594252 secs] [Times: user=0.35 sys=0.00, real=0.06 secs] 
3238.452: [GC (Allocation Failure) [PSYoungGen: 380512K->108768K(460800K)] 969489K->845001K(1734656K), 0.0712710 secs] [Times: user=0.43 sys=0.00, real=0.07 secs] 
3239.640: [GC (Allocation Failure) [PSYoungGen: 341728K->140096K(463360K)] 1077961K->974214K(1737216K), 0.0605006 secs] [Times: user=0.36 sys=0.00, real=0.06 secs] 
3241.544: [GC (Allocation Failure) [PSYoungGen: 373056K->123392K(454144K)] 1207174K->1097378K(1728000K), 0.0679779 secs] [Times: user=0.40 sys=0.00, real=0.06 secs] 
3242.753: [GC (Allocation Failure) [PSYoungGen: 367104K->2240K(459776K)] 1341090K->976306K(1733632K), 0.0034650 secs] [Times: user=0.02 sys=0.00, real=0.01 secs] 
3245.619: [GC (Allocation Failure) [PSYoungGen: 245952K->154208K(463872K)] 1220018K->1128999K(1737728K), 0.0310001 secs] [Times: user=0.18 sys=0.00, real=0.03 secs] 
3246.878: [GC (Allocation Failure) [PSYoungGen: 389216K->8800K(244224K)] 1364007K->983739K(1518080K), 0.0052290 secs] [Times: user=0.03 sys=0.00, real=0.00 secs] 
3248.492: [GC (Allocation Failure) [PSYoungGen: 243808K->161824K(465920K)] 1218747K->1143805K(1739776K), 0.0983360 secs] [Times: user=0.58 sys=0.01, real=0.10 secs] 
3250.543: [GC (Allocation Failure) [PSYoungGen: 394784K->96224K(465920K)] 1376765K->1231477K(1739776K), 0.0688725 secs] [Times: user=0.41 sys=0.00, real=0.07 secs] 
3250.611: [Full GC (Ergonomics) [PSYoungGen: 96224K->0K(465920K)] [ParOldGen: 1135253K->35054K(1262080K)] 1231477K->35054K(1728000K), [Metaspace: 60142K->60142K(1105920K)], 0.0630210 secs] [Times: user=0.22 sys=0.01, real=0.07 secs] 
3251.495: [GC (Allocation Failure) [PSYoungGen: 231971K->166912K(465920K)] 267026K->201966K(1728000K), 0.0427473 secs] [Times: user=0.25 sys=0.00, real=0.04 secs] 
3253.979: [GC (Allocation Failure) [PSYoungGen: 399872K->93504K(465920K)] 434926K->287127K(1728000K), 0.0820985 secs] [Times: user=0.49 sys=0.00, real=0.08 secs] 
3254.602: [GC (Allocation Failure) [PSYoungGen: 326464K->168384K(465920K)] 520087K->450299K(1728000K), 0.0492950 secs] [Times: user=0.29 sys=0.00, real=0.05 secs] 
3257.558: [GC (Allocation Failure) [PSYoungGen: 401344K->86208K(465920K)] 683259K->536195K(1728000K), 0.1237861 secs] [Times: user=0.73 sys=0.01, real=0.12 secs] 
3258.025: [GC (Allocation Failure) [PSYoungGen: 319166K->172416K(465920K)] 769153K->704844K(1728000K), 0.0552827 secs] [Times: user=0.33 sys=0.00, real=0.05 secs] 
3261.641: [GC (Allocation Failure) [PSYoungGen: 405376K->81056K(465920K)] 937804K->786052K(1728000K), 0.1500080 secs] [Times: user=0.90 sys=0.00, real=0.15 secs] 
3262.060: [GC (Allocation Failure) [PSYoungGen: 314016K->172288K(465920K)] 1019012K->952199K(1728000K), 0.0548549 secs] [Times: user=0.32 sys=0.00, real=0.06 secs] 
3265.810: [GC (Allocation Failure) [PSYoungGen: 405248K->83392K(465920K)] 1185159K->1034703K(1728000K), 0.1175518 secs] [Times: user=0.70 sys=0.00, real=0.12 secs] 
3266.190: [GC (Allocation Failure) [PSYoungGen: 316352K->178944K(465920K)] 1267663K->1207224K(1728000K), 0.0574242 secs] [Times: user=0.35 sys=0.00, real=0.06 secs] 
3266.248: [Full GC (Ergonomics) [PSYoungGen: 178944K->0K(465920K)] [ParOldGen: 1028280K->247879K(1398272K)] 1207224K->247879K(1864192K), [Metaspace: 60144K->60144K(1105920K)], 0.6026003 secs] [Times: user=2.82 sys=0.00, real=0.60 secs] 
3269.127: [GC (Allocation Failure) [PSYoungGen: 232960K->82048K(465920K)] 480839K->329927K(1864192K), 0.0320512 secs] [Times: user=0.19 sys=0.00, real=0.03 secs] 
3270.180: [GC (Allocation Failure) [PSYoungGen: 315008K->208512K(465920K)] 562887K->531646K(1864192K), 0.0655709 secs] [Times: user=0.39 sys=0.00, real=0.07 secs] 
3273.718: [GC (Allocation Failure) [PSYoungGen: 441472K->87008K(465920K)] 764606K->577534K(1864192K), 0.1009187 secs] [Times: user=0.60 sys=0.00, real=0.10 secs] 
3274.914: [GC (Allocation Failure) [PSYoungGen: 319968K->157536K(465920K)] 810494K->728337K(1864192K), 0.0595887 secs] [Times: user=0.36 sys=0.01, real=0.05 secs] 
3276.526: [GC (Allocation Failure) [PSYoungGen: 390496K->100928K(465920K)] 961297K->829065K(1864192K), 0.0905918 secs] [Times: user=0.53 sys=0.00, real=0.09 secs] 
3277.775: [GC (Allocation Failure) [PSYoungGen: 333888K->147488K(465920K)] 1062025K->965926K(1864192K), 0.0599165 secs] [Times: user=0.35 sys=0.00, real=0.06 secs] 
3280.062: [GC (Allocation Failure) [PSYoungGen: 380448K->115616K(465920K)] 1198886K->1081366K(1864192K), 0.0764187 secs] [Times: user=0.45 sys=0.00, real=0.08 secs] 
3281.251: [GC (Allocation Failure) [PSYoungGen: 348576K->132256K(454656K)] 1314326K->1203331K(1852928K), 0.0617502 secs] [Times: user=0.37 sys=0.00, real=0.06 secs] 
3283.290: [GC (Allocation Failure) [PSYoungGen: 365216K->138624K(460288K)] 1436291K->1341851K(1858560K), 0.0627895 secs] [Times: user=0.35 sys=0.02, real=0.06 secs] 
3283.353: [Full GC (Ergonomics) [PSYoungGen: 138624K->0K(460288K)] [ParOldGen: 1203227K->145570K(1398272K)] 1341851K->145570K(1858560K), [Metaspace: 60144K->60144K(1105920K)], 0.3262573 secs] [Times: user=1.49 sys=0.00, real=0.33 secs] 
3284.769: [GC (Allocation Failure) [PSYoungGen: 232960K->117472K(456192K)] 378530K->263042K(1854464K), 0.0407707 secs] [Times: user=0.24 sys=0.00, real=0.04 secs] 
3287.529: [GC (Allocation Failure) [PSYoungGen: 367328K->152576K(463872K)] 512898K->415390K(1862144K), 0.0601287 secs] [Times: user=0.35 sys=0.00, real=0.06 secs] 
3288.964: [GC (Allocation Failure) [PSYoungGen: 402432K->15456K(461824K)] 665246K->278310K(1860096K), 0.0075762 secs] [Times: user=0.04 sys=0.01, real=0.00 secs] 
3290.891: [GC (Allocation Failure) [PSYoungGen: 255003K->170560K(418304K)] 517858K->445827K(1816576K), 0.0363963 secs] [Times: user=0.21 sys=0.00, real=0.04 secs] 
3293.180: [GC (Allocation Failure) [PSYoungGen: 417856K->102048K(472064K)] 693123K->538695K(1870336K), 0.1601179 secs] [Times: user=0.95 sys=0.00, real=0.16 secs] 
3293.865: [GC (Allocation Failure) [PSYoungGen: 341152K->174016K(465920K)] 777799K->708632K(1864192K), 0.0522602 secs] [Times: user=0.31 sys=0.00, real=0.05 secs] 
3296.925: [GC (Allocation Failure) [PSYoungGen: 413120K->89696K(467456K)] 947736K->798016K(1865728K), 0.1217539 secs] [Times: user=0.72 sys=0.00, real=0.12 secs] 
3297.305: [GC (Allocation Failure) [PSYoungGen: 324192K->190624K(465920K)] 1032512K->982273K(1864192K), 0.0590621 secs] [Times: user=0.35 sys=0.00, real=0.06 secs] 
3300.260: [GC (Allocation Failure) [PSYoungGen: 425120K->87744K(465920K)] 1216769K->1052857K(1864192K), 0.1044015 secs] [Times: user=0.62 sys=0.00, real=0.11 secs] 
3301.359: [GC (Allocation Failure) [PSYoungGen: 320423K->206144K(465920K)] 1285536K->1253022K(1864192K), 0.0690763 secs] [Times: user=0.41 sys=0.00, real=0.07 secs] 
3303.838: [GC (Allocation Failure) [PSYoungGen: 439104K->90048K(465920K)] 1485982K->1306022K(1864192K), 0.0981327 secs] [Times: user=0.58 sys=0.00, real=0.10 secs] 
3303.937: [Full GC (Ergonomics) [PSYoungGen: 90048K->0K(465920K)] [ParOldGen: 1215974K->105182K(1398272K)] 1306022K->105182K(1864192K), [Metaspace: 60147K->60147K(1105920K)], 0.2411863 secs] [Times: user=1.10 sys=0.00, real=0.24 secs] 
3305.235: [GC (Allocation Failure) [PSYoungGen: 232960K->155008K(465920K)] 338142K->260190K(1864192K), 0.0437458 secs] [Times: user=0.26 sys=0.00, real=0.04 secs] 
3308.022: [GC (Allocation Failure) [PSYoungGen: 380252K->93376K(465920K)] 485435K->352894K(1864192K), 0.0921131 secs] [Times: user=0.47 sys=0.00, real=0.09 secs] 
3309.205: [GC (Allocation Failure) [PSYoungGen: 326336K->151232K(465920K)] 585854K->497337K(1864192K), 0.0593154 secs] [Times: user=0.35 sys=0.00, real=0.06 secs] 
3311.258: [GC (Allocation Failure) [PSYoungGen: 384192K->103648K(465920K)] 730297K->601030K(1864192K), 0.0848964 secs] [Times: user=0.50 sys=0.00, real=0.08 secs] 
3312.537: [GC (Allocation Failure) [PSYoungGen: 336608K->145024K(378368K)] 833990K->735265K(1776640K), 0.0600026 secs] [Times: user=0.35 sys=0.00, real=0.06 secs] 
3314.040: [GC (Allocation Failure) [PSYoungGen: 377984K->119776K(472576K)] 968225K->854985K(1870848K), 0.0687228 secs] [Times: user=0.41 sys=0.00, real=0.07 secs] 
3315.253: [GC (Allocation Failure) [PSYoungGen: 360928K->512K(464384K)] 1096137K->736069K(1862656K), 0.0018083 secs] [Times: user=0.01 sys=0.00, real=0.01 secs] 
3317.205: [GC (Allocation Failure) [PSYoungGen: 241664K->153600K(465920K)] 977221K->889173K(1864192K), 0.0302552 secs] [Times: user=0.18 sys=0.00, real=0.03 secs] 
3318.613: [GC (Allocation Failure) [PSYoungGen: 386560K->5696K(465920K)] 1122133K->741453K(1864192K), 0.0047146 secs] [Times: user=0.03 sys=0.00, real=0.01 secs] 
3322.015: [GC (Allocation Failure) [PSYoungGen: 238656K->159872K(465920K)] 974413K->899022K(1864192K), 0.0321631 secs] [Times: user=0.19 sys=0.00, real=0.03 secs] 
3323.947: [GC (Allocation Failure) [PSYoungGen: 392832K->94560K(465920K)] 1131982K->984814K(1864192K), 0.1581429 secs] [Times: user=0.94 sys=0.01, real=0.16 secs] 
3326.262: [GC (Allocation Failure) [PSYoungGen: 327520K->178208K(465920K)] 1217774K->1160021K(1864192K), 0.0519025 secs] [Times: user=0.31 sys=0.00, real=0.05 secs] 
3328.400: [GC (Allocation Failure) [PSYoungGen: 411168K->91168K(465920K)] 1392981K->1234385K(1864192K), 0.1919492 secs] [Times: user=1.08 sys=0.00, real=0.19 secs] 
3329.802: [GC (Allocation Failure) [PSYoungGen: 315556K->163776K(465920K)] 1458773K->1395525K(1864192K), 0.0527595 secs] [Times: user=0.30 sys=0.01, real=0.06 secs] 
3329.854: [Full GC (Ergonomics) [PSYoungGen: 163776K->0K(465920K)] [ParOldGen: 1231749K->197666K(1398272K)] 1395525K->197666K(1864192K), [Metaspace: 60173K->60173K(1105920K)], 0.4713137 secs] [Times: user=2.19 sys=0.00, real=0.47 secs] 
3333.468: [GC (Allocation Failure) [PSYoungGen: 232960K->90368K(465920K)] 430626K->288034K(1864192K), 0.0879371 secs] [Times: user=0.52 sys=0.00, real=0.09 secs] 
3334.867: [GC (Allocation Failure) [PSYoungGen: 314882K->159680K(465920K)] 512549K->444507K(1864192K), 0.0469556 secs] [Times: user=0.28 sys=0.00, real=0.04 secs] 
3336.978: [GC (Allocation Failure) [PSYoungGen: 392640K->91008K(465920K)] 677467K->527087K(1864192K), 0.1559542 secs] [Times: user=0.92 sys=0.00, real=0.16 secs] 
3338.300: [GC (Allocation Failure) [PSYoungGen: 311456K->159936K(465920K)] 747536K->683445K(1864192K), 0.0474850 secs] [Times: user=0.28 sys=0.00, real=0.05 secs] 
3339.766: [GC (Allocation Failure) [PSYoungGen: 392896K->96128K(465920K)] 916405K->770677K(1864192K), 0.1454672 secs] [Times: user=0.86 sys=0.01, real=0.14 secs] 
3340.724: [GC (Allocation Failure) [PSYoungGen: 329088K->170560K(465920K)] 1003637K->937674K(1864192K), 0.0512173 secs] [Times: user=0.31 sys=0.00, real=0.05 secs] 
3344.295: [GC (Allocation Failure) [PSYoungGen: 403520K->82944K(465920K)] 1170634K->1020746K(1864192K), 0.1519737 secs] [Times: user=0.91 sys=0.00, real=0.15 secs] 
3345.040: [GC (Allocation Failure) [PSYoungGen: 315904K->169376K(465920K)] 1253706K->1186450K(1864192K), 0.0556861 secs] [Times: user=0.33 sys=0.01, real=0.06 secs] 
3347.690: [GC (Allocation Failure) [PSYoungGen: 402336K->81216K(465920K)] 1419410K->1267851K(1864192K), 0.1770664 secs] [Times: user=1.05 sys=0.00, real=0.18 secs] 
3347.867: [Full GC (Ergonomics) [PSYoungGen: 81216K->0K(465920K)] [ParOldGen: 1186634K->66833K(1398272K)] 1267851K->66833K(1864192K), [Metaspace: 60175K->60175K(1105920K)], 0.1772120 secs] [Times: user=0.83 sys=0.00, real=0.18 secs] 
3348.291: [GC (Allocation Failure) [PSYoungGen: 232960K->177472K(465920K)] 299793K->244305K(1864192K), 0.0378837 secs] [Times: user=0.22 sys=0.00, real=0.04 secs] 
3351.671: [GC (Allocation Failure) [PSYoungGen: 410432K->84768K(465920K)] 477265K->329325K(1864192K), 0.1222644 secs] [Times: user=0.73 sys=0.00, real=0.12 secs] 
3352.047: [GC (Allocation Failure) [PSYoungGen: 317728K->191968K(465920K)] 562285K->511294K(1864192K), 0.0577778 secs] [Times: user=0.34 sys=0.00, real=0.06 secs] 
3355.049: [GC (Allocation Failure) [PSYoungGen: 424928K->80864K(465920K)] 744254K->575622K(1864192K), 0.1075325 secs] [Times: user=0.64 sys=0.00, real=0.11 secs] 
3356.964: [GC (Allocation Failure) [PSYoungGen: 313824K->208192K(465920K)] 808582K->777419K(1864192K), 0.0649614 secs] [Times: user=0.38 sys=0.01, real=0.07 secs] 
3358.673: [GC (Allocation Failure) [PSYoungGen: 441152K->92192K(465920K)] 1010379K->828811K(1864192K), 0.0983138 secs] [Times: user=0.58 sys=0.00, real=0.10 secs] 
3359.927: [GC (Allocation Failure) [PSYoungGen: 325152K->152512K(465920K)] 1061771K->974199K(1864192K), 0.0594174 secs] [Times: user=0.35 sys=0.00, real=0.06 secs] 
3361.531: [GC (Allocation Failure) [PSYoungGen: 385472K->104064K(465920K)] 1207159K->1078048K(1864192K), 0.0786983 secs] [Times: user=0.46 sys=0.00, real=0.08 secs] 
3363.019: [GC (Allocation Failure) [PSYoungGen: 337024K->144736K(465920K)] 1311008K->1211452K(1864192K), 0.0602598 secs] [Times: user=0.36 sys=0.00, real=0.06 secs] 
3364.875: [GC (Allocation Failure) [PSYoungGen: 377696K->117696K(465920K)] 1444412K->1329132K(1864192K), 0.0650420 secs] [Times: user=0.38 sys=0.00, real=0.06 secs] 
3364.941: [Full GC (Ergonomics) [PSYoungGen: 117696K->0K(465920K)] [ParOldGen: 1211436K->133201K(1398272K)] 1329132K->133201K(1864192K), [Metaspace: 60179K->60179K(1105920K)], 0.3011702 secs] [Times: user=1.39 sys=0.00, real=0.30 secs] 
3366.341: [GC (Allocation Failure) [PSYoungGen: 232960K->130752K(450560K)] 366161K->263953K(1848832K), 0.0476272 secs] [Times: user=0.28 sys=0.00, real=0.05 secs] 
3367.910: [GC (Allocation Failure) [PSYoungGen: 363712K->137024K(458240K)] 496913K->400829K(1856512K), 0.0680833 secs] [Times: user=0.40 sys=0.00, real=0.07 secs] 
3369.084: [GC (Allocation Failure) [PSYoungGen: 369984K->2880K(454656K)] 633789K->266741K(1852928K), 0.0019057 secs] [Times: user=0.01 sys=0.00, real=0.00 secs] 
3371.297: [GC (Allocation Failure) [PSYoungGen: 238912K->157248K(393728K)] 502773K->422290K(1792000K), 0.0306269 secs] [Times: user=0.17 sys=0.01, real=0.03 secs] 
3373.061: [GC (Allocation Failure) [PSYoungGen: 393280K->9408K(465920K)] 658322K->274546K(1864192K), 0.0094408 secs] [Times: user=0.04 sys=0.00, real=0.01 secs] 
3376.044: [GC (Allocation Failure) [PSYoungGen: 242368K->157856K(465920K)] 507506K->429887K(1864192K), 0.0326242 secs] [Times: user=0.20 sys=0.00, real=0.03 secs] 
3378.173: [GC (Allocation Failure) [PSYoungGen: 390816K->98240K(465920K)] 662847K->518847K(1864192K), 0.1580531 secs] [Times: user=0.94 sys=0.00, real=0.16 secs] 
3380.398: [GC (Allocation Failure) [PSYoungGen: 331200K->166944K(465920K)] 751807K->682928K(1864192K), 0.0514814 secs] [Times: user=0.30 sys=0.00, real=0.05 secs] 
3382.157: [GC (Allocation Failure) [PSYoungGen: 399108K->93120K(465920K)] 915093K->767540K(1864192K), 0.1184807 secs] [Times: user=0.70 sys=0.01, real=0.12 secs] 
3383.178: [GC (Allocation Failure) [PSYoungGen: 312996K->160160K(465920K)] 987417K->925261K(1864192K), 0.0496239 secs] [Times: user=0.29 sys=0.00, real=0.05 secs] 
3385.262: [GC (Allocation Failure) [PSYoungGen: 393120K->91872K(465920K)] 1158221K->1008173K(1864192K), 0.1566341 secs] [Times: user=0.93 sys=0.00, real=0.16 secs] 
3386.187: [GC (Allocation Failure) [PSYoungGen: 324832K->170816K(465920K)] 1241133K->1175317K(1864192K), 0.0497919 secs] [Times: user=0.30 sys=0.00, real=0.05 secs] 
3389.758: [GC (Allocation Failure) [PSYoungGen: 403776K->80000K(465920K)] 1408277K->1255174K(1864192K), 0.1728396 secs] [Times: user=1.03 sys=0.00, real=0.17 secs] 
3389.931: [Full GC (Ergonomics) [PSYoungGen: 80000K->0K(465920K)] [ParOldGen: 1175174K->51125K(1398272K)] 1255174K->51125K(1864192K), [Metaspace: 60184K->60184K(1105920K)], 0.1443130 secs] [Times: user=0.60 sys=0.00, real=0.15 secs] 
3391.096: [GC (Allocation Failure) [PSYoungGen: 232960K->172320K(465920K)] 284085K->223445K(1864192K), 0.0360473 secs] [Times: user=0.21 sys=0.00, real=0.03 secs] 
3393.191: [GC (Allocation Failure) [PSYoungGen: 405280K->89088K(465920K)] 456405K->312709K(1864192K), 0.1191938 secs] [Times: user=0.71 sys=0.00, real=0.12 secs] 
3393.725: [GC (Allocation Failure) [PSYoungGen: 322048K->174944K(465920K)] 545669K->477654K(1864192K), 0.0563910 secs] [Times: user=0.33 sys=0.00, real=0.05 secs] 
3396.349: [GC (Allocation Failure) [PSYoungGen: 407904K->84192K(465920K)] 710614K->561682K(1864192K), 0.1362919 secs] [Times: user=0.81 sys=0.01, real=0.14 secs] 
3396.895: [GC (Allocation Failure) [PSYoungGen: 317152K->178944K(465920K)] 794642K->734330K(1864192K), 0.0627804 secs] [Times: user=0.37 sys=0.01, real=0.06 secs] 
3400.444: [GC (Allocation Failure) [PSYoungGen: 411904K->76992K(465920K)] 967290K->811514K(1864192K), 0.1235665 secs] [Times: user=0.74 sys=0.00, real=0.12 secs] 
3401.208: [GC (Allocation Failure) [PSYoungGen: 309952K->209344K(465920K)] 1044474K->1014431K(1864192K), 0.0581383 secs] [Times: user=0.34 sys=0.00, real=0.06 secs] 
3404.164: [GC (Allocation Failure) [PSYoungGen: 442304K->90592K(465920K)] 1247391K->1063903K(1864192K), 0.1001827 secs] [Times: user=0.59 sys=0.00, real=0.10 secs] 
3405.348: [GC (Allocation Failure) [PSYoungGen: 323552K->154336K(465920K)] 1296863K->1211508K(1864192K), 0.0602329 secs] [Times: user=0.35 sys=0.00, real=0.06 secs] 
3407.584: [GC (Allocation Failure) [PSYoungGen: 387296K->101408K(465920K)] 1444468K->1312204K(1864192K), 0.0903137 secs] [Times: user=0.54 sys=0.00, real=0.09 secs] 
3407.675: [Full GC (Ergonomics) [PSYoungGen: 101408K->0K(465920K)] [ParOldGen: 1210796K->116980K(1398272K)] 1312204K->116980K(1864192K), [Metaspace: 60186K->60186K(1105920K)], 0.2636009 secs] [Times: user=1.19 sys=0.00, real=0.26 secs] 
3409.034: [GC (Allocation Failure) [PSYoungGen: 232960K->146784K(465920K)] 349940K->263764K(1864192K), 0.0526167 secs] [Times: user=0.31 sys=0.00, real=0.05 secs] 
3411.559: [GC (Allocation Failure) [PSYoungGen: 379744K->112864K(465920K)] 496724K->376860K(1864192K), 0.0873873 secs] [Times: user=0.52 sys=0.00, real=0.09 secs] 
3412.774: [GC (Allocation Failure) [PSYoungGen: 345824K->135648K(368640K)] 609820K->501671K(1766912K), 0.0600695 secs] [Times: user=0.36 sys=0.00, real=0.06 secs] 
3414.745: [GC (Allocation Failure) [PSYoungGen: 368608K->130688K(469504K)] 734631K->632139K(1867776K), 0.0612004 secs] [Times: user=0.37 sys=0.00, real=0.06 secs] 
3415.932: [GC (Allocation Failure) [PSYoungGen: 372352K->2816K(460800K)] 873803K->504351K(1859072K), 0.0022949 secs] [Times: user=0.01 sys=0.00, real=0.01 secs] 
3418.662: [GC (Allocation Failure) [PSYoungGen: 244480K->156032K(464384K)] 746015K->658644K(1862656K), 0.0307591 secs] [Times: user=0.18 sys=0.00, real=0.03 secs] 
3420.154: [GC (Allocation Failure) [PSYoungGen: 388992K->101120K(334336K)] 891604K->750512K(1732608K), 0.1399749 secs] [Times: user=0.83 sys=0.01, real=0.14 secs] 
3422.100: [GC (Allocation Failure) [PSYoungGen: 334080K->163136K(454656K)] 983472K->911237K(1852928K), 0.0536234 secs] [Times: user=0.31 sys=0.00, real=0.05 secs] 
3423.569: [GC (Allocation Failure) [PSYoungGen: 391488K->94816K(460800K)] 1139589K->997245K(1859072K), 0.1063472 secs] [Times: user=0.63 sys=0.00, real=0.11 secs] 
3424.663: [GC (Allocation Failure) [PSYoungGen: 321646K->166176K(459264K)] 1224076K->1160490K(1857536K), 0.0509570 secs] [Times: user=0.30 sys=0.00, real=0.06 secs] 
3426.935: [GC (Allocation Failure) [PSYoungGen: 399648K->92896K(465920K)] 1393962K->1244714K(1864192K), 0.1638882 secs] [Times: user=0.98 sys=0.00, real=0.16 secs] 
3427.957: [GC (Allocation Failure) [PSYoungGen: 326368K->168608K(460288K)] 1478186K->1408959K(1858560K), 0.0508797 secs] [Times: user=0.30 sys=0.00, real=0.05 secs] 
3428.008: [Full GC (Ergonomics) [PSYoungGen: 168608K->0K(460288K)] [ParOldGen: 1240351K->207554K(1398272K)] 1408959K->207554K(1858560K), [Metaspace: 60190K->60190K(1105920K)], 0.4747861 secs] [Times: user=2.22 sys=0.00, real=0.47 secs] 
3432.790: [GC (Allocation Failure) [PSYoungGen: 232960K->81792K(465920K)] 440514K->289346K(1864192K), 0.1737209 secs] [Times: user=1.03 sys=0.00, real=0.17 secs] 
3434.270: [GC (Allocation Failure) [PSYoungGen: 314752K->167040K(463872K)] 522306K->450713K(1862144K), 0.0524517 secs] [Times: user=0.31 sys=0.00, real=0.05 secs] 
3436.586: [GC (Allocation Failure) [PSYoungGen: 396773K->91040K(465920K)] 680447K->541362K(1864192K), 0.1446497 secs] [Times: user=0.86 sys=0.00, real=0.14 secs] 
3437.048: [GC (Allocation Failure) [PSYoungGen: 324000K->169792K(464384K)] 774322K->707394K(1862656K), 0.0563663 secs] [Times: user=0.33 sys=0.00, real=0.06 secs] 
3440.354: [GC (Allocation Failure) [PSYoungGen: 402752K->81824K(465920K)] 940354K->789286K(1864192K), 0.1406006 secs] [Times: user=0.83 sys=0.01, real=0.14 secs] 
3441.160: [GC (Allocation Failure) [PSYoungGen: 314784K->175296K(465920K)] 1022246K->957935K(1864192K), 0.0918434 secs] [Times: user=0.54 sys=0.01, real=0.09 secs] 
3443.495: [GC (Allocation Failure) [PSYoungGen: 408256K->84448K(465920K)] 1190895K->1042167K(1864192K), 0.1103473 secs] [Times: user=0.65 sys=0.01, real=0.11 secs] 
3444.655: [GC (Allocation Failure) [PSYoungGen: 317301K->205984K(465920K)] 1275021K->1241700K(1864192K), 0.0581768 secs] [Times: user=0.34 sys=0.00, real=0.05 secs] 
3446.874: [GC (Allocation Failure) [PSYoungGen: 438944K->87264K(465920K)] 1474660K->1295036K(1864192K), 0.1013469 secs] [Times: user=0.60 sys=0.00, real=0.10 secs] 
3446.976: [Full GC (Ergonomics) [PSYoungGen: 87264K->0K(465920K)] [ParOldGen: 1207772K->102899K(1398272K)] 1295036K->102899K(1864192K), [Metaspace: 60190K->60190K(1105920K)], 0.2299943 secs] [Times: user=1.02 sys=0.00, real=0.23 secs] 
3449.657: [GC (Allocation Failure) [PSYoungGen: 232960K->157216K(465920K)] 335859K->260115K(1864192K), 0.0447674 secs] [Times: user=0.26 sys=0.01, real=0.04 secs] 
3451.222: [GC (Allocation Failure) [PSYoungGen: 385177K->92896K(465920K)] 488076K->352863K(1864192K), 0.0747027 secs] [Times: user=0.45 sys=0.00, real=0.08 secs] 
3452.366: [GC (Allocation Failure) [PSYoungGen: 325856K->151712K(465920K)] 585823K->498303K(1864192K), 0.0592120 secs] [Times: user=0.35 sys=0.00, real=0.06 secs] 
3454.628: [GC (Allocation Failure) [PSYoungGen: 384672K->105984K(465920K)] 731263K->603575K(1864192K), 0.0794609 secs] [Times: user=0.47 sys=0.00, real=0.08 secs] 
3457.356: [GC (Allocation Failure) [PSYoungGen: 338944K->142112K(460800K)] 836535K->735076K(1859072K), 0.0602521 secs] [Times: user=0.36 sys=0.00, real=0.06 secs] 
3458.907: [GC (Allocation Failure) [PSYoungGen: 375072K->119328K(352768K)] 968036K->854492K(1751040K), 0.0612935 secs] [Times: user=0.36 sys=0.00, real=0.06 secs] 
3460.591: [GC (Allocation Failure) [PSYoungGen: 352288K->128512K(471040K)] 1087452K->972905K(1869312K), 0.0613074 secs] [Times: user=0.36 sys=0.01, real=0.06 secs] 
3462.717: [GC (Allocation Failure) [PSYoungGen: 377856K->144384K(462336K)] 1222249K->1117057K(1860608K), 0.0583171 secs] [Times: user=0.35 sys=0.00, real=0.06 secs] 
3464.639: [GC (Allocation Failure) [PSYoungGen: 393728K->9600K(462336K)] 1366401K->982317K(1860608K), 0.0056457 secs] [Times: user=0.03 sys=0.00, real=0.01 secs] 
3467.907: [GC (Allocation Failure) [PSYoungGen: 261504K->175776K(428032K)] 1234221K->1155682K(1826304K), 0.0365483 secs] [Times: user=0.22 sys=0.00, real=0.03 secs] 
3471.179: [GC (Allocation Failure) [PSYoungGen: 427680K->106944K(473088K)] 1407586K->1253054K(1871360K), 0.1783216 secs] [Times: user=1.05 sys=0.00, real=0.18 secs] 
3471.702: [GC (Allocation Failure) [PSYoungGen: 347072K->189696K(465920K)] 1493182K->1439023K(1864192K), 0.0564793 secs] [Times: user=0.32 sys=0.01, real=0.06 secs] 
3471.759: [Full GC (Ergonomics) [PSYoungGen: 189696K->0K(465920K)] [ParOldGen: 1249327K->226134K(1398272K)] 1439023K->226134K(1864192K), [Metaspace: 60205K->60205K(1105920K)], 0.5306522 secs] [Times: user=2.39 sys=0.00, real=0.53 secs] 
3477.348: [GC (Allocation Failure) [PSYoungGen: 240128K->84416K(465920K)] 466262K->310550K(1864192K), 0.1010586 secs] [Times: user=0.60 sys=0.01, real=0.10 secs] 
3477.761: [GC (Allocation Failure) [PSYoungGen: 317376K->176192K(465920K)] 543510K->480891K(1864192K), 0.0562818 secs] [Times: user=0.33 sys=0.00, real=0.06 secs] 
3481.273: [GC (Allocation Failure) [PSYoungGen: 409152K->79776K(465920K)] 713851K->560447K(1864192K), 0.1328472 secs] [Times: user=0.79 sys=0.00, real=0.14 secs] 
3481.800: [GC (Allocation Failure) [PSYoungGen: 311762K->210400K(465920K)] 792434K->764764K(1864192K), 0.0573438 secs] [Times: user=0.35 sys=0.00, real=0.06 secs] 
3485.662: [GC (Allocation Failure) [PSYoungGen: 443360K->75552K(465920K)] 997724K->806748K(1864192K), 0.1238258 secs] [Times: user=0.74 sys=0.00, real=0.13 secs] 
3486.400: [GC (Allocation Failure) [PSYoungGen: 308512K->210336K(465920K)] 1039708K->1010415K(1864192K), 0.0589680 secs] [Times: user=0.35 sys=0.01, real=0.06 secs] 
3490.003: [GC (Allocation Failure) [PSYoungGen: 443296K->84544K(465920K)] 1243375K->1053975K(1864192K), 0.1058804 secs] [Times: user=0.63 sys=0.00, real=0.11 secs] 
3491.265: [GC (Allocation Failure) [PSYoungGen: 317504K->160800K(465920K)] 1286935K->1207476K(1864192K), 0.0602583 secs] [Times: user=0.36 sys=0.00, real=0.06 secs] 
3493.805: [GC (Allocation Failure) [PSYoungGen: 390108K->93408K(465920K)] 1436785K->1300684K(1864192K), 0.0977936 secs] [Times: user=0.58 sys=0.00, real=0.09 secs] 
3493.903: [Full GC (Ergonomics) [PSYoungGen: 93408K->0K(465920K)] [ParOldGen: 1207276K->109037K(1398272K)] 1300684K->109037K(1864192K), [Metaspace: 60207K->60207K(1105920K)], 0.2455101 secs] [Times: user=1.12 sys=0.00, real=0.25 secs] 
3495.229: [GC (Allocation Failure) [PSYoungGen: 232960K->151168K(465920K)] 341997K->260205K(1864192K), 0.0419313 secs] [Times: user=0.25 sys=0.00, real=0.04 secs] 
3497.228: [GC (Allocation Failure) [PSYoungGen: 384128K->101120K(465920K)] 493165K->361105K(1864192K), 0.0869046 secs] [Times: user=0.51 sys=0.01, real=0.09 secs] 
3498.460: [GC (Allocation Failure) [PSYoungGen: 334080K->147360K(465920K)] 594065K->497728K(1864192K), 0.0591989 secs] [Times: user=0.35 sys=0.00, real=0.06 secs] 
3501.257: [GC (Allocation Failure) [PSYoungGen: 380320K->118528K(465920K)] 730688K->616480K(1864192K), 0.0761585 secs] [Times: user=0.45 sys=0.00, real=0.07 secs] 
3502.452: [GC (Allocation Failure) [PSYoungGen: 351488K->129536K(363008K)] 849440K->735527K(1761280K), 0.0607088 secs] [Times: user=0.36 sys=0.00, real=0.06 secs] 
3503.834: [GC (Allocation Failure) [PSYoungGen: 362496K->131744K(465920K)] 968487K->867479K(1864192K), 0.0569320 secs] [Times: user=0.33 sys=0.01, real=0.05 secs] 
3506.016: [GC (Allocation Failure) [PSYoungGen: 373408K->2656K(457216K)] 1109143K->738443K(1855488K), 0.0024359 secs] [Times: user=0.01 sys=0.00, real=0.00 secs] 
3507.648: [GC (Allocation Failure) [PSYoungGen: 244320K->161536K(461824K)] 980107K->898652K(1860096K), 0.0317722 secs] [Times: user=0.19 sys=0.00, real=0.03 secs] 
3509.253: [GC (Allocation Failure) [PSYoungGen: 394496K->99680K(332800K)] 1131612K->989484K(1731072K), 0.1006069 secs] [Times: user=0.60 sys=0.00, real=0.10 secs] 
3510.142: [GC (Allocation Failure) [PSYoungGen: 332640K->168448K(456704K)] 1222444K->1156178K(1854976K), 0.0529380 secs] [Times: user=0.32 sys=0.00, real=0.06 secs] 
3512.784: [GC (Allocation Failure) [PSYoungGen: 398848K->89920K(463360K)] 1386578K->1237434K(1861632K), 0.1711709 secs] [Times: user=1.02 sys=0.01, real=0.18 secs] 
3514.432: [GC (Allocation Failure) [PSYoungGen: 314628K->161728K(461824K)] 1462143K->1396479K(1860096K), 0.0496694 secs] [Times: user=0.29 sys=0.00, real=0.05 secs] 
3514.482: [Full GC (Ergonomics) [PSYoungGen: 161728K->0K(461824K)] [ParOldGen: 1234751K->197584K(1398272K)] 1396479K->197584K(1860096K), [Metaspace: 60209K->60209K(1105920K)], 0.4780579 secs] [Times: user=2.24 sys=0.00, real=0.48 secs] 
3517.475: [GC (Allocation Failure) [PSYoungGen: 232960K->93184K(326656K)] 430544K->290768K(1724928K), 0.0847487 secs] [Times: user=0.50 sys=0.00, real=0.08 secs] 
3519.226: [GC (Allocation Failure) [PSYoungGen: 326144K->198976K(459776K)] 523728K->486317K(1858048K), 0.0501250 secs] [Times: user=0.29 sys=0.00, real=0.05 secs] 
3521.705: [GC (Allocation Failure) [PSYoungGen: 430912K->85440K(464896K)] 718253K->538613K(1863168K), 0.1668891 secs] [Times: user=1.00 sys=0.00, real=0.16 secs] 
3522.368: [GC (Allocation Failure) [PSYoungGen: 317376K->182848K(465920K)] 770549K->717994K(1864192K), 0.0545899 secs] [Times: user=0.33 sys=0.00, real=0.05 secs] 
3525.104: [GC (Allocation Failure) [PSYoungGen: 412558K->86976K(465920K)] 947705K->787838K(1864192K), 0.1556101 secs] [Times: user=0.93 sys=0.00, real=0.15 secs] 
3525.536: [GC (Allocation Failure) [PSYoungGen: 319936K->170368K(465920K)] 1020798K->954723K(1864192K), 0.0560841 secs] [Times: user=0.33 sys=0.00, real=0.05 secs] 
3528.884: [GC (Allocation Failure) [PSYoungGen: 403328K->81824K(465920K)] 1187683K->1036351K(1864192K), 0.1555981 secs] [Times: user=0.93 sys=0.00, real=0.15 secs] 
3529.326: [GC (Allocation Failure) [PSYoungGen: 314784K->179136K(465920K)] 1269311K->1209656K(1864192K), 0.0571632 secs] [Times: user=0.34 sys=0.00, real=0.05 secs] 
3532.659: [GC (Allocation Failure) [PSYoungGen: 412096K->82880K(465920K)] 1442616K->1292760K(1864192K), 0.1047092 secs] [Times: user=0.63 sys=0.00, real=0.10 secs] 
3532.763: [Full GC (Ergonomics) [PSYoungGen: 82880K->0K(465920K)] [ParOldGen: 1209880K->90605K(1398272K)] 1292760K->90605K(1864192K), [Metaspace: 60209K->60209K(1105920K)], 0.2132024 secs] [Times: user=0.95 sys=0.01, real=0.22 secs] 
3533.531: [GC (Allocation Failure) [PSYoungGen: 232960K->204640K(465920K)] 323565K->295245K(1864192K), 0.0394251 secs] [Times: user=0.23 sys=0.00, real=0.04 secs] 
3537.314: [GC (Allocation Failure) [PSYoungGen: 437600K->83808K(465920K)] 528205K->343621K(1864192K), 0.1050469 secs] [Times: user=0.62 sys=0.00, real=0.11 secs] 
3538.549: [GC (Allocation Failure) [PSYoungGen: 316768K->161088K(465920K)] 576581K->498274K(1864192K), 0.0588228 secs] [Times: user=0.35 sys=0.00, real=0.06 secs] 
3540.220: [GC (Allocation Failure) [PSYoungGen: 394048K->100576K(465920K)] 731234K->599046K(1864192K), 0.0861328 secs] [Times: user=0.51 sys=0.00, real=0.09 secs] 
3541.435: [GC (Allocation Failure) [PSYoungGen: 333536K->147648K(465920K)] 832006K->736142K(1864192K), 0.0594289 secs] [Times: user=0.35 sys=0.00, real=0.06 secs] 
3544.102: [GC (Allocation Failure) [PSYoungGen: 380608K->111136K(465920K)] 969102K->847290K(1864192K), 0.0633551 secs] [Times: user=0.38 sys=0.00, real=0.07 secs] 
3545.267: [GC (Allocation Failure) [PSYoungGen: 344096K->136928K(463872K)] 1080250K->973903K(1862144K), 0.0606467 secs] [Times: user=0.36 sys=0.01, real=0.06 secs] 
3547.005: [GC (Allocation Failure) [PSYoungGen: 369888K->128320K(361472K)] 1206863K->1101975K(1759744K), 0.0584262 secs] [Times: user=0.35 sys=0.00, real=0.06 secs] 
3549.241: [GC (Allocation Failure) [PSYoungGen: 361280K->1088K(446464K)] 1334935K->974803K(1844736K), 0.0021802 secs] [Times: user=0.01 sys=0.00, real=0.00 secs] 
3551.675: [GC (Allocation Failure) [PSYoungGen: 225856K->141056K(457728K)] 1199571K->1115372K(1856000K), 0.0321249 secs] [Times: user=0.19 sys=0.00, real=0.03 secs] 
3552.857: [GC (Allocation Failure) [PSYoungGen: 365824K->1728K(464896K)] 1340140K->976568K(1863168K), 0.0022336 secs] [Times: user=0.01 sys=0.00, real=0.00 secs] 
3556.448: [GC (Allocation Failure) [PSYoungGen: 234688K->139296K(465920K)] 1209528K->1114737K(1864192K), 0.0300175 secs] [Times: user=0.17 sys=0.00, real=0.03 secs] 
3557.585: [GC (Allocation Failure) [PSYoungGen: 372256K->3200K(465920K)] 1347697K->978825K(1864192K), 0.0025389 secs] [Times: user=0.02 sys=0.00, real=0.00 secs] 
3560.510: [GC (Allocation Failure) [PSYoungGen: 236160K->150336K(465920K)] 1211785K->1127258K(1864192K), 0.0297547 secs] [Times: user=0.18 sys=0.00, real=0.03 secs] 
3561.734: [GC (Allocation Failure) [PSYoungGen: 383296K->104448K(465920K)] 1360218K->1222670K(1864192K), 0.0724356 secs] [Times: user=0.43 sys=0.00, real=0.08 secs] 
3563.335: [GC (Allocation Failure) [PSYoungGen: 337408K->170240K(465920K)] 1455630K->1391188K(1864192K), 0.0551159 secs] [Times: user=0.33 sys=0.00, real=0.05 secs] 
3563.390: [Full GC (Ergonomics) [PSYoungGen: 170240K->0K(465920K)] [ParOldGen: 1220948K->184201K(1398272K)] 1391188K->184201K(1864192K), [Metaspace: 60209K->60209K(1105920K)], 0.4314519 secs] [Times: user=1.99 sys=0.00, real=0.43 secs] 
3565.217: [GC (Allocation Failure) [PSYoungGen: 232960K->98240K(465920K)] 417161K->282441K(1864192K), 0.0516276 secs] [Times: user=0.30 sys=0.01, real=0.05 secs] 
3566.745: [GC (Allocation Failure) [PSYoungGen: 331065K->167712K(465920K)] 515267K->446557K(1864192K), 0.0523624 secs] [Times: user=0.31 sys=0.00, real=0.05 secs] 
3568.881: [GC (Allocation Failure) [PSYoungGen: 400672K->97600K(465920K)] 679517K->534854K(1864192K), 0.1723513 secs] [Times: user=1.03 sys=0.00, real=0.17 secs] 
3570.059: [GC (Allocation Failure) [PSYoungGen: 330560K->165888K(465920K)] 767814K->697359K(1864192K), 0.0500823 secs] [Times: user=0.29 sys=0.00, real=0.05 secs] 
3573.289: [GC (Allocation Failure) [PSYoungGen: 398848K->87584K(465920K)] 930319K->784291K(1864192K), 0.1647226 secs] [Times: user=0.98 sys=0.00, real=0.17 secs] 
3574.134: [GC (Allocation Failure) [PSYoungGen: 320544K->167776K(465920K)] 1017251K->948360K(1864192K), 0.0546953 secs] [Times: user=0.32 sys=0.00, real=0.05 secs] 
3577.366: [GC (Allocation Failure) [PSYoungGen: 400736K->82208K(465920K)] 1181320K->1029920K(1864192K), 0.1432180 secs] [Times: user=0.85 sys=0.00, real=0.14 secs] 
3577.999: [GC (Allocation Failure) [PSYoungGen: 315168K->177568K(465920K)] 1262880K->1201413K(1864192K), 0.0568057 secs] [Times: user=0.34 sys=0.00, real=0.06 secs] 
3581.950: [GC (Allocation Failure) [PSYoungGen: 410528K->80192K(465920K)] 1434373K->1281621K(1864192K), 0.1472740 secs] [Times: user=0.88 sys=0.00, real=0.15 secs] 
3582.098: [Full GC (Ergonomics) [PSYoungGen: 80192K->0K(465920K)] [ParOldGen: 1201429K->79357K(1398272K)] 1281621K->79357K(1864192K), [Metaspace: 60210K->60210K(1105920K)], 0.2000295 secs] [Times: user=0.93 sys=0.00, real=0.20 secs] 
3582.542: [GC (Allocation Failure) [PSYoungGen: 232960K->176384K(465920K)] 312317K->255741K(1864192K), 0.0372834 secs] [Times: user=0.22 sys=0.00, real=0.04 secs] 
3584.959: [GC (Allocation Failure) [PSYoungGen: 409344K->86944K(465920K)] 488701K->342353K(1864192K), 0.1233681 secs] [Times: user=0.73 sys=0.00, real=0.12 secs] 
3586.197: [GC (Allocation Failure) [PSYoungGen: 319904K->162720K(465920K)] 575313K->498418K(1864192K), 0.0610040 secs] [Times: user=0.36 sys=0.00, real=0.06 secs] 
3589.475: [GC (Allocation Failure) [PSYoungGen: 392889K->93312K(465920K)] 728588K->591562K(1864192K), 0.0982489 secs] [Times: user=0.58 sys=0.00, real=0.09 secs] 
3590.680: [GC (Allocation Failure) [PSYoungGen: 326272K->150976K(465920K)] 824522K->735809K(1864192K), 0.0594200 secs] [Times: user=0.36 sys=0.00, real=0.06 secs] 
3593.119: [GC (Allocation Failure) [PSYoungGen: 383936K->100256K(464896K)] 968769K->836113K(1863168K), 0.0833304 secs] [Times: user=0.50 sys=0.00, real=0.08 secs] 
3594.305: [GC (Allocation Failure) [PSYoungGen: 333216K->148096K(465408K)] 1069073K->973502K(1863680K), 0.0599880 secs] [Times: user=0.36 sys=0.00, real=0.06 secs] 
3596.364: [GC (Allocation Failure) [PSYoungGen: 381056K->115968K(449024K)] 1206462K->1089278K(1847296K), 0.0749775 secs] [Times: user=0.45 sys=0.01, real=0.08 secs] 
3598.090: [GC (Allocation Failure) [PSYoungGen: 351488K->132352K(457216K)] 1324798K->1211043K(1855488K), 0.0613567 secs] [Times: user=0.36 sys=0.00, real=0.06 secs] 
3599.308: [GC (Allocation Failure) [PSYoungGen: 367872K->142272K(470528K)] 1446563K->1353179K(1868800K), 0.0595026 secs] [Times: user=0.35 sys=0.01, real=0.06 secs] 
3599.367: [Full GC (Ergonomics) [PSYoungGen: 142272K->0K(470528K)] [ParOldGen: 1210907K->158239K(1398272K)] 1353179K->158239K(1868800K), [Metaspace: 60210K->60210K(1105920K)], 0.3669095 secs] [Times: user=1.69 sys=0.00, real=0.37 secs] 
3602.224: [GC (Allocation Failure) [PSYoungGen: 262144K->113248K(474624K)] 420383K->271495K(1872896K), 0.0640542 secs] [Times: user=0.38 sys=0.01, real=0.06 secs] 
3604.515: [GC (Allocation Failure) [PSYoungGen: 366918K->176672K(471040K)] 525165K->446419K(1869312K), 0.0594247 secs] [Times: user=0.35 sys=0.01, real=0.06 secs] 
3606.992: [GC (Allocation Failure) [PSYoungGen: 440104K->113056K(481792K)] 709851K->550299K(1880064K), 0.1616080 secs] [Times: user=0.96 sys=0.00, real=0.16 secs] 
3607.880: [GC (Allocation Failure) [PSYoungGen: 377760K->211424K(444416K)] 815003K->776544K(1842688K), 0.0677858 secs] [Times: user=0.40 sys=0.01, real=0.07 secs] 
3611.416: [GC (Allocation Failure) [PSYoungGen: 444384K->82560K(465920K)] 1009504K->822440K(1864192K), 0.1099989 secs] [Times: user=0.65 sys=0.00, real=0.11 secs] 
3612.660: [GC (Allocation Failure) [PSYoungGen: 315520K->162624K(465920K)] 1055400K->978137K(1864192K), 0.0591496 secs] [Times: user=0.35 sys=0.00, real=0.06 secs] 
3615.698: [GC (Allocation Failure) [PSYoungGen: 394506K->93312K(465920K)] 1210020K->1071025K(1864192K), 0.0972815 secs] [Times: user=0.58 sys=0.00, real=0.10 secs] 
3616.888: [GC (Allocation Failure) [PSYoungGen: 326272K->151136K(465920K)] 1303985K->1215414K(1864192K), 0.0600246 secs] [Times: user=0.35 sys=0.00, real=0.06 secs] 
3619.280: [GC (Allocation Failure) [PSYoungGen: 384096K->126752K(465920K)] 1448374K->1342186K(1864192K), 0.0838453 secs] [Times: user=0.50 sys=0.00, real=0.09 secs] 
3619.364: [Full GC (Ergonomics) [PSYoungGen: 126752K->0K(465920K)] [ParOldGen: 1215434K->117821K(1398272K)] 1342186K->117821K(1864192K), [Metaspace: 60335K->60335K(1105920K)], 0.2670570 secs] [Times: user=1.22 sys=0.00, real=0.26 secs] 
3620.727: [GC (Allocation Failure) [PSYoungGen: 232960K->146496K(465920K)] 350781K->264317K(1864192K), 0.0517559 secs] [Times: user=0.31 sys=0.00, real=0.05 secs] 
3622.737: [GC (Allocation Failure) [PSYoungGen: 379456K->118400K(465920K)] 497277K->382881K(1864192K), 0.0898277 secs] [Times: user=0.53 sys=0.00, real=0.09 secs] 
3623.975: [GC (Allocation Failure) [PSYoungGen: 351360K->129536K(455680K)] 615841K->502174K(1853952K), 0.0612773 secs] [Times: user=0.36 sys=0.00, real=0.06 secs] 
3626.329: [GC (Allocation Failure) [PSYoungGen: 362496K->130944K(460800K)] 735134K->633150K(1859072K), 0.0642021 secs] [Times: user=0.38 sys=0.00, real=0.06 secs] 
3627.507: [GC (Allocation Failure) [PSYoungGen: 363904K->2272K(452608K)] 866110K->504834K(1850880K), 0.0022101 secs] [Times: user=0.01 sys=0.00, real=0.00 secs] 
3629.717: [GC (Allocation Failure) [PSYoungGen: 235232K->152192K(465920K)] 737794K->655407K(1864192K), 0.0300760 secs] [Times: user=0.17 sys=0.00, real=0.03 secs] 
3630.983: [GC (Allocation Failure) [PSYoungGen: 385152K->7008K(465920K)] 888367K->510351K(1864192K), 0.0036909 secs] [Times: user=0.02 sys=0.00, real=0.01 secs] 
3634.063: [GC (Allocation Failure) [PSYoungGen: 239968K->156224K(465920K)] 743311K->663688K(1864192K), 0.0318367 secs] [Times: user=0.18 sys=0.00, real=0.04 secs] 
3635.671: [GC (Allocation Failure) [PSYoungGen: 389184K->102688K(465920K)] 896648K->757040K(1864192K), 0.1276948 secs] [Times: user=0.76 sys=0.00, real=0.13 secs] 
3637.152: [GC (Allocation Failure) [PSYoungGen: 335648K->164032K(465920K)] 990000K->917516K(1864192K), 0.0532028 secs] [Times: user=0.31 sys=0.00, real=0.06 secs] 
3639.346: [GC (Allocation Failure) [PSYoungGen: 396992K->90592K(465920K)] 1150476K->999064K(1864192K), 0.1646903 secs] [Times: user=0.98 sys=0.00, real=0.16 secs] 
3641.071: [GC (Allocation Failure) [PSYoungGen: 321693K->166976K(465920K)] 1230166K->1163381K(1864192K), 0.0498315 secs] [Times: user=0.30 sys=0.00, real=0.05 secs] 
3643.195: [GC (Allocation Failure) [PSYoungGen: 399936K->95296K(465920K)] 1396341K->1249925K(1864192K), 0.1661276 secs] [Times: user=0.98 sys=0.01, real=0.16 secs] 
3645.154: [GC (Allocation Failure) [PSYoungGen: 328256K->165888K(465920K)] 1482885K->1411722K(1864192K), 0.0512194 secs] [Times: user=0.30 sys=0.00, real=0.05 secs] 
3645.206: [Full GC (Ergonomics) [PSYoungGen: 165888K->0K(465920K)] [ParOldGen: 1245834K->207284K(1398272K)] 1411722K->207284K(1864192K), [Metaspace: 60336K->60336K(1105920K)], 0.4743497 secs] [Times: user=2.22 sys=0.00, real=0.47 secs] 
3648.420: [GC (Allocation Failure) [PSYoungGen: 232960K->84224K(465920K)] 440244K->291508K(1864192K), 0.1696352 secs] [Times: user=1.01 sys=0.00, real=0.17 secs] 
3649.414: [GC (Allocation Failure) [PSYoungGen: 317184K->169984K(465920K)] 524468K->457545K(1864192K), 0.0537068 secs] [Times: user=0.32 sys=0.00, real=0.05 secs] 
3652.121: [GC (Allocation Failure) [PSYoungGen: 402944K->83968K(465920K)] 690505K->541309K(1864192K), 0.1823577 secs] [Times: user=1.09 sys=0.00, real=0.18 secs] 
3653.049: [GC (Allocation Failure) [PSYoungGen: 316928K->172832K(465920K)] 774269K->710154K(1864192K), 0.0557139 secs] [Times: user=0.33 sys=0.01, real=0.06 secs] 
3654.525: [GC (Allocation Failure) [PSYoungGen: 405792K->92800K(465920K)] 943114K->803082K(1864192K), 0.0827829 secs] [Times: user=0.49 sys=0.00, real=0.08 secs] 
3655.098: [GC (Allocation Failure) [PSYoungGen: 325760K->192224K(465920K)] 1036042K->989110K(1864192K), 0.0590700 secs] [Times: user=0.35 sys=0.00, real=0.06 secs] 
3658.990: [GC (Allocation Failure) [PSYoungGen: 425184K->84672K(465920K)] 1222070K->1055390K(1864192K), 0.1131960 secs] [Times: user=0.67 sys=0.00, real=0.11 secs] 
3660.184: [GC (Allocation Failure) [PSYoungGen: 317632K->159456K(465920K)] 1288350K->1208267K(1864192K), 0.0612092 secs] [Times: user=0.36 sys=0.00, real=0.06 secs] 
3663.265: [GC (Allocation Failure) [PSYoungGen: 392018K->93184K(465920K)] 1440830K->1301435K(1864192K), 0.0966710 secs] [Times: user=0.57 sys=0.00, real=0.09 secs] 
3663.361: [Full GC (Ergonomics) [PSYoungGen: 93184K->0K(465920K)] [ParOldGen: 1208251K->108821K(1398272K)] 1301435K->108821K(1864192K), [Metaspace: 60347K->60347K(1105920K)], 0.2632969 secs] [Times: user=1.14 sys=0.00, real=0.27 secs] 
3664.673: [GC (Allocation Failure) [PSYoungGen: 232960K->150752K(465920K)] 341781K->259573K(1864192K), 0.0419491 secs] [Times: user=0.25 sys=0.00, real=0.05 secs] 
3668.178: [GC (Allocation Failure) [PSYoungGen: 383712K->101568K(465920K)] 492533K->361241K(1864192K), 0.0896105 secs] [Times: user=0.53 sys=0.00, real=0.09 secs] 
3669.417: [GC (Allocation Failure) [PSYoungGen: 334528K->147584K(380928K)] 594201K->497653K(1779200K), 0.0601146 secs] [Times: user=0.36 sys=0.01, real=0.06 secs] 
3671.926: [GC (Allocation Failure) [PSYoungGen: 380544K->123456K(473088K)] 730613K->620870K(1871360K), 0.0745348 secs] [Times: user=0.44 sys=0.00, real=0.07 secs] 
3673.138: [GC (Allocation Failure) [PSYoungGen: 365632K->132992K(375296K)] 863046K->735018K(1773568K), 0.0608890 secs] [Times: user=0.36 sys=0.00, real=0.06 secs] 
3675.215: [GC (Allocation Failure) [PSYoungGen: 375168K->145024K(462336K)] 977194K->879962K(1860608K), 0.0598225 secs] [Times: user=0.35 sys=0.01, real=0.06 secs] 
3676.604: [GC (Allocation Failure) [PSYoungGen: 393344K->9632K(460288K)] 1128282K->744610K(1858560K), 0.0040118 secs] [Times: user=0.02 sys=0.00, real=0.01 secs] 
3678.675: [GC (Allocation Failure) [PSYoungGen: 257952K->175616K(457216K)] 992930K->917703K(1855488K), 0.0357414 secs] [Times: user=0.21 sys=0.00, real=0.03 secs] 
3681.119: [GC (Allocation Failure) [PSYoungGen: 408576K->91232K(465920K)] 1150663K->1000223K(1864192K), 0.1730822 secs] [Times: user=1.02 sys=0.01, real=0.17 secs] 
3682.699: [GC (Allocation Failure) [PSYoungGen: 310888K->160096K(462336K)] 1219880K->1156676K(1860608K), 0.0482665 secs] [Times: user=0.29 sys=0.00, real=0.05 secs] 
3684.873: [GC (Allocation Failure) [PSYoungGen: 393056K->94304K(327680K)] 1389636K->1242068K(1725952K), 0.1633418 secs] [Times: user=0.96 sys=0.00, real=0.17 secs] 
3686.158: [GC (Allocation Failure) [PSYoungGen: 311694K->157760K(460800K)] 1459458K->1395193K(1859072K), 0.0484376 secs] [Times: user=0.29 sys=0.00, real=0.05 secs] 
3686.207: [Full GC (Ergonomics) [PSYoungGen: 157760K->0K(460800K)] [ParOldGen: 1237433K->198289K(1398272K)] 1395193K->198289K(1859072K), [Metaspace: 60349K->60349K(1105920K)], 0.4690211 secs] [Times: user=2.19 sys=0.00, real=0.47 secs] 
3689.269: [GC (Allocation Failure) [PSYoungGen: 233472K->93376K(463872K)] 431761K->291665K(1862144K), 0.0875755 secs] [Times: user=0.52 sys=0.00, real=0.09 secs] 
3690.202: [GC (Allocation Failure) [PSYoungGen: 326848K->167488K(459776K)] 525137K->455582K(1858048K), 0.0490052 secs] [Times: user=0.29 sys=0.00, real=0.05 secs] 
3692.840: [GC (Allocation Failure) [PSYoungGen: 401984K->86688K(466432K)] 690078K->541694K(1864704K), 0.1582569 secs] [Times: user=0.94 sys=0.00, real=0.16 secs] 
3694.279: [GC (Allocation Failure) [PSYoungGen: 321184K->170528K(460800K)] 776190K->708630K(1859072K), 0.0548067 secs] [Times: user=0.33 sys=0.00, real=0.06 secs] 
3697.091: [GC (Allocation Failure) [PSYoungGen: 403488K->84160K(465920K)] 941590K->792650K(1864192K), 0.1641591 secs] [Times: user=0.98 sys=0.00, real=0.17 secs] 
3697.563: [GC (Allocation Failure) [PSYoungGen: 317120K->175744K(464896K)] 1025610K->962487K(1863168K), 0.0559160 secs] [Times: user=0.34 sys=0.00, real=0.06 secs] 
3701.419: [GC (Allocation Failure) [PSYoungGen: 408704K->80192K(465920K)] 1195447K->1042527K(1864192K), 0.1409317 secs] [Times: user=0.84 sys=0.00, real=0.14 secs] 
3701.834: [GC (Allocation Failure) [PSYoungGen: 313152K->178848K(465920K)] 1275487K->1214851K(1864192K), 0.0580087 secs] [Times: user=0.35 sys=0.00, real=0.06 secs] 
3706.301: [GC (Allocation Failure) [PSYoungGen: 411808K->76384K(465920K)] 1447811K->1291419K(1864192K), 0.1336831 secs] [Times: user=0.80 sys=0.00, real=0.14 secs] 
3706.434: [Full GC (Ergonomics) [PSYoungGen: 76384K->0K(465920K)] [ParOldGen: 1215035K->88703K(1398272K)] 1291419K->88703K(1864192K), [Metaspace: 60358K->60358K(1105920K)], 0.2252785 secs] [Times: user=1.04 sys=0.00, real=0.22 secs] 
3707.551: [GC (Allocation Failure) [PSYoungGen: 232960K->211488K(465920K)] 321663K->300191K(1864192K), 0.0483775 secs] [Times: user=0.28 sys=0.01, real=0.05 secs] 
3708.618: [GC (Allocation Failure) [PSYoungGen: 444448K->92160K(465920K)] 533151K->351535K(1864192K), 0.1020246 secs] [Times: user=0.61 sys=0.00, real=0.10 secs] 
3710.884: [GC (Allocation Failure) [PSYoungGen: 325120K->152480K(465920K)] 584495K->497270K(1864192K), 0.0597627 secs] [Times: user=0.35 sys=0.01, real=0.06 secs] 
3711.783: [GC (Allocation Failure) [PSYoungGen: 385440K->106336K(465920K)] 730230K->603390K(1864192K), 0.0946638 secs] [Times: user=0.56 sys=0.00, real=0.10 secs] 
3714.251: [GC (Allocation Failure) [PSYoungGen: 339296K->141728K(465920K)] 836350K->734861K(1864192K), 0.0600019 secs] [Times: user=0.36 sys=0.00, real=0.06 secs] 
3715.506: [GC (Allocation Failure) [PSYoungGen: 374688K->124384K(357376K)] 967821K->858957K(1755648K), 0.0730893 secs] [Times: user=0.43 sys=0.00, real=0.07 secs] 
3716.735: [GC (Allocation Failure) [PSYoungGen: 357344K->132832K(470016K)] 1091917K->972894K(1868288K), 0.0611605 secs] [Times: user=0.37 sys=0.00, real=0.06 secs] 
3719.541: [GC (Allocation Failure) [PSYoungGen: 373984K->141504K(461824K)] 1214046K->1114122K(1860096K), 0.0591380 secs] [Times: user=0.35 sys=0.00, real=0.06 secs] 
3720.919: [GC (Allocation Failure) [PSYoungGen: 382656K->4544K(451584K)] 1355274K->977194K(1849856K), 0.0044478 secs] [Times: user=0.02 sys=0.00, real=0.00 secs] 
3724.054: [GC (Allocation Failure) [PSYoungGen: 240576K->154688K(464896K)] 1213226K->1129703K(1863168K), 0.0315536 secs] [Times: user=0.19 sys=0.00, real=0.03 secs] 
3725.526: [GC (Allocation Failure) [PSYoungGen: 390720K->104640K(456192K)] 1365735K->1225127K(1854464K), 0.1245298 secs] [Times: user=0.74 sys=0.01, real=0.12 secs] 
3727.252: [GC (Allocation Failure) [PSYoungGen: 343232K->171328K(461824K)] 1463719K->1393964K(1860096K), 0.0549140 secs] [Times: user=0.33 sys=0.00, real=0.06 secs] 
3727.307: [Full GC (Ergonomics) [PSYoungGen: 171328K->0K(461824K)] [ParOldGen: 1222636K->197716K(1398272K)] 1393964K->197716K(1860096K), [Metaspace: 60367K->60367K(1105920K)], 0.4652555 secs] [Times: user=2.17 sys=0.00, real=0.46 secs] 
3729.785: [GC (Allocation Failure) [PSYoungGen: 238592K->95072K(470016K)] 436308K->292788K(1868288K), 0.0638050 secs] [Times: user=0.37 sys=0.00, real=0.06 secs] 
3731.268: [GC (Allocation Failure) [PSYoungGen: 335712K->171616K(412672K)] 533428K->460429K(1810944K), 0.0496731 secs] [Times: user=0.29 sys=0.00, real=0.05 secs] 
3734.785: [GC (Allocation Failure) [PSYoungGen: 412256K->89216K(468992K)] 701069K->549245K(1867264K), 0.1691976 secs] [Times: user=1.01 sys=0.00, real=0.17 secs] 
3735.423: [GC (Allocation Failure) [PSYoungGen: 325248K->172576K(465920K)] 785277K->717814K(1864192K), 0.0558966 secs] [Times: user=0.33 sys=0.00, real=0.06 secs] 
3739.274: [GC (Allocation Failure) [PSYoungGen: 408608K->79904K(465920K)] 953846K->797334K(1864192K), 0.1745409 secs] [Times: user=1.03 sys=0.01, real=0.17 secs] 
3739.750: [GC (Allocation Failure) [PSYoungGen: 312864K->178912K(465920K)] 1030294K->970279K(1864192K), 0.0571281 secs] [Times: user=0.34 sys=0.00, real=0.06 secs] 
3742.273: [GC (Allocation Failure) [PSYoungGen: 411872K->82016K(465920K)] 1203239K->1052555K(1864192K), 0.1291705 secs] [Times: user=0.77 sys=0.00, real=0.13 secs] 
3743.410: [GC (Allocation Failure) [PSYoungGen: 313014K->207072K(465920K)] 1283554K->1253153K(1864192K), 0.0675360 secs] [Times: user=0.40 sys=0.00, real=0.07 secs] 
3745.296: [GC (Allocation Failure) [PSYoungGen: 440032K->93248K(465920K)] 1486113K->1309801K(1864192K), 0.1036661 secs] [Times: user=0.61 sys=0.00, real=0.10 secs] 
3745.400: [Full GC (Ergonomics) [PSYoungGen: 93248K->0K(465920K)] [ParOldGen: 1216553K->108390K(1398272K)] 1309801K->108390K(1864192K), [Metaspace: 60367K->60367K(1105920K)], 0.2459158 secs] [Times: user=1.11 sys=0.00, real=0.25 secs] 
3746.713: [GC (Allocation Failure) [PSYoungGen: 232960K->151040K(465920K)] 341350K->259430K(1864192K), 0.0423057 secs] [Times: user=0.25 sys=0.00, real=0.05 secs] 
3750.468: [GC (Allocation Failure) [PSYoungGen: 384000K->99968K(465920K)] 492390K->359507K(1864192K), 0.0927135 secs] [Times: user=0.55 sys=0.00, real=0.09 secs] 
3751.725: [GC (Allocation Failure) [PSYoungGen: 332928K->149568K(465920K)] 592467K->498087K(1864192K), 0.0594636 secs] [Times: user=0.35 sys=0.00, real=0.06 secs] 
3754.102: [GC (Allocation Failure) [PSYoungGen: 382528K->113504K(462848K)] 731047K->611391K(1861120K), 0.0824561 secs] [Times: user=0.49 sys=0.00, real=0.09 secs] 
3755.321: [GC (Allocation Failure) [PSYoungGen: 346464K->135296K(368640K)] 844351K->735764K(1766912K), 0.0608917 secs] [Times: user=0.36 sys=0.00, real=0.06 secs] 
3759.509: [GC (Allocation Failure) [PSYoungGen: 368256K->127136K(470528K)] 968724K->862716K(1868800K), 0.0712226 secs] [Times: user=0.43 sys=0.00, real=0.07 secs] 
3760.895: [GC (Allocation Failure) [PSYoungGen: 373920K->3168K(461312K)] 1109500K->738828K(1859584K), 0.0037558 secs] [Times: user=0.02 sys=0.00, real=0.00 secs] 
3763.363: [GC (Allocation Failure) [PSYoungGen: 249952K->163168K(460288K)] 985612K->900445K(1858560K), 0.0322328 secs] [Times: user=0.19 sys=0.00, real=0.04 secs] 
3765.181: [GC (Allocation Failure) [PSYoungGen: 396128K->98176K(331264K)] 1133405K->989757K(1729536K), 0.1622083 secs] [Times: user=0.96 sys=0.01, real=0.16 secs] 
3766.842: [GC (Allocation Failure) [PSYoungGen: 331136K->167104K(458240K)] 1222717K->1153742K(1856512K), 0.0519325 secs] [Times: user=0.31 sys=0.00, real=0.06 secs] 
3769.459: [GC (Allocation Failure) [PSYoungGen: 399040K->95168K(464896K)] 1385678K->1240126K(1863168K), 0.1768807 secs] [Times: user=0.97 sys=0.01, real=0.18 secs] 
3770.798: [GC (Allocation Failure) [PSYoungGen: 317321K->160544K(462848K)] 1462279K->1396739K(1861120K), 0.0499200 secs] [Times: user=0.30 sys=0.00, real=0.05 secs] 
3770.847: [Full GC (Ergonomics) [PSYoungGen: 160544K->0K(462848K)] [ParOldGen: 1236195K->197954K(1398272K)] 1396739K->197954K(1861120K), [Metaspace: 60368K->60368K(1105920K)], 0.4729064 secs] [Times: user=2.20 sys=0.00, real=0.47 secs] 
3774.494: [GC (Allocation Failure) [PSYoungGen: 235520K->91616K(327168K)] 433474K->289570K(1725440K), 0.0931544 secs] [Times: user=0.55 sys=0.00, real=0.09 secs] 
3776.429: [GC (Allocation Failure) [PSYoungGen: 313248K->159744K(462848K)] 511202K->445794K(1861120K), 0.0471148 secs] [Times: user=0.28 sys=0.00, real=0.05 secs] 
3778.660: [GC (Allocation Failure) [PSYoungGen: 396288K->93984K(466432K)] 682338K->531115K(1864704K), 0.1567246 secs] [Times: user=0.93 sys=0.00, real=0.16 secs] 
3780.345: [GC (Allocation Failure) [PSYoungGen: 330528K->173856K(457728K)] 767659K->698995K(1856000K), 0.0495416 secs] [Times: user=0.30 sys=0.00, real=0.05 secs] 
3782.728: [GC (Allocation Failure) [PSYoungGen: 406816K->85568K(465920K)] 931955K->784627K(1864192K), 0.1587552 secs] [Times: user=0.94 sys=0.00, real=0.16 secs] 
3783.450: [GC (Allocation Failure) [PSYoungGen: 318528K->169984K(463360K)] 1017587K->950132K(1861632K), 0.0544368 secs] [Times: user=0.33 sys=0.00, real=0.06 secs] 
3786.574: [GC (Allocation Failure) [PSYoungGen: 402944K->83008K(465920K)] 1183092K->1032544K(1864192K), 0.1498751 secs] [Times: user=0.90 sys=0.00, real=0.15 secs] 
3787.110: [GC (Allocation Failure) [PSYoungGen: 315968K->177376K(465920K)] 1265504K->1204033K(1864192K), 0.0565429 secs] [Times: user=0.34 sys=0.00, real=0.06 secs] 
3790.341: [GC (Allocation Failure) [PSYoungGen: 410336K->83488K(465920K)] 1436993K->1287545K(1864192K), 0.1412283 secs] [Times: user=0.84 sys=0.01, real=0.14 secs] 
3790.482: [Full GC (Ergonomics) [PSYoungGen: 83488K->0K(465920K)] [ParOldGen: 1204057K->84541K(1398272K)] 1287545K->84541K(1864192K), [Metaspace: 60368K->60368K(1105920K)], 0.2053307 secs] [Times: user=0.95 sys=0.00, real=0.21 secs] 
3791.017: [GC (Allocation Failure) [PSYoungGen: 232960K->210272K(465920K)] 317501K->294813K(1864192K), 0.0381653 secs] [Times: user=0.22 sys=0.00, real=0.04 secs] 
3794.298: [GC (Allocation Failure) [PSYoungGen: 443232K->85408K(465920K)] 527773K->345737K(1864192K), 0.1089142 secs] [Times: user=0.65 sys=0.00, real=0.11 secs] 
3795.462: [GC (Allocation Failure) [PSYoungGen: 318368K->202346K(465920K)] 578697K->542217K(1864192K), 0.0670121 secs] [Times: user=0.40 sys=0.00, real=0.07 secs] 
3798.540: [GC (Allocation Failure) [PSYoungGen: 432991K->93376K(465920K)] 772861K->591726K(1864192K), 0.0974759 secs] [Times: user=0.57 sys=0.00, real=0.10 secs] 
3799.757: [GC (Allocation Failure) [PSYoungGen: 326336K->150912K(465920K)] 824686K->735794K(1864192K), 0.0594591 secs] [Times: user=0.36 sys=0.00, real=0.06 secs] 
3802.997: [GC (Allocation Failure) [PSYoungGen: 383872K->101440K(465920K)] 968754K->837018K(1864192K), 0.0906399 secs] [Times: user=0.54 sys=0.00, real=0.09 secs] 
3805.985: [GC (Allocation Failure) [PSYoungGen: 334400K->146656K(465920K)] 1069978K->972935K(1864192K), 0.0598441 secs] [Times: user=0.36 sys=0.00, real=0.06 secs] 
3807.533: [GC (Allocation Failure) [PSYoungGen: 379616K->111840K(465920K)] 1205895K->1084807K(1864192K), 0.0850062 secs] [Times: user=0.51 sys=0.00, real=0.09 secs] 
3810.275: [GC (Allocation Failure) [PSYoungGen: 344800K->136736K(457728K)] 1317767K->1210972K(1856000K), 0.0609919 secs] [Times: user=0.37 sys=0.00, real=0.06 secs] 
3813.414: [GC (Allocation Failure) [PSYoungGen: 369696K->115008K(461824K)] 1443932K->1325900K(1860096K), 0.0763235 secs] [Times: user=0.45 sys=0.00, real=0.07 secs] 
3813.491: [Full GC (Ergonomics) [PSYoungGen: 115008K->0K(461824K)] [ParOldGen: 1210892K->130007K(1398272K)] 1325900K->130007K(1860096K), [Metaspace: 60369K->60369K(1105920K)], 0.2952457 secs] [Times: user=1.35 sys=0.00, real=0.30 secs] 
3814.864: [GC (Allocation Failure) [PSYoungGen: 232960K->133152K(457728K)] 362967K->263159K(1856000K), 0.0473450 secs] [Times: user=0.28 sys=0.00, real=0.04 secs] 
3819.061: [GC (Allocation Failure) [PSYoungGen: 381472K->137920K(462336K)] 511479K->401155K(1860608K), 0.0722910 secs] [Times: user=0.43 sys=0.00, real=0.08 secs] 
3820.509: [GC (Allocation Failure) [PSYoungGen: 386240K->4608K(462848K)] 649475K->267911K(1861120K), 0.0036080 secs] [Times: user=0.02 sys=0.00, real=0.00 secs] 
3822.827: [GC (Allocation Failure) [PSYoungGen: 259072K->177920K(432640K)] 522375K->444244K(1830912K), 0.0350310 secs] [Times: user=0.20 sys=0.00, real=0.03 secs] 
3825.961: [GC (Allocation Failure) [PSYoungGen: 432384K->110336K(473600K)] 698708K->546152K(1871872K), 0.1526844 secs] [Times: user=0.91 sys=0.01, real=0.16 secs] 
3827.258: [GC (Allocation Failure) [PSYoungGen: 350976K->175040K(465920K)] 786792K->711028K(1864192K), 0.0536351 secs] [Times: user=0.32 sys=0.00, real=0.05 secs] 
3831.099: [GC (Allocation Failure) [PSYoungGen: 415680K->86528K(467968K)] 951668K->797016K(1866240K), 0.1548411 secs] [Times: user=0.85 sys=0.00, real=0.15 secs] 
3831.552: [GC (Allocation Failure) [PSYoungGen: 321536K->180320K(465920K)] 1032024K->971225K(1864192K), 0.0587744 secs] [Times: user=0.36 sys=0.00, real=0.06 secs] 
3833.873: [GC (Allocation Failure) [PSYoungGen: 415328K->84000K(465920K)] 1206233K->1055497K(1864192K), 0.1218772 secs] [Times: user=0.73 sys=0.00, real=0.13 secs] 
3835.019: [GC (Allocation Failure) [PSYoungGen: 313223K->203840K(465920K)] 1284721K->1253413K(1864192K), 0.0682808 secs] [Times: user=0.41 sys=0.00, real=0.07 secs] 
3838.794: [GC (Allocation Failure) [PSYoungGen: 436800K->87168K(465920K)] 1486373K->1303969K(1864192K), 0.1085907 secs] [Times: user=0.65 sys=0.01, real=0.11 secs] 
3838.902: [Full GC (Ergonomics) [PSYoungGen: 87168K->0K(465920K)] [ParOldGen: 1216801K->102296K(1398272K)] 1303969K->102296K(1864192K), [Metaspace: 60370K->60370K(1105920K)], 0.2381137 secs] [Times: user=1.08 sys=0.00, real=0.24 secs] 
3840.209: [GC (Allocation Failure) [PSYoungGen: 232960K->157280K(465920K)] 335256K->259576K(1864192K), 0.0450316 secs] [Times: user=0.27 sys=0.00, real=0.05 secs] 
3842.796: [GC (Allocation Failure) [PSYoungGen: 385229K->93856K(465920K)] 487526K->353372K(1864192K), 0.0914632 secs] [Times: user=0.54 sys=0.00, real=0.09 secs] 
3843.985: [GC (Allocation Failure) [PSYoungGen: 326816K->150944K(465920K)] 586332K->497601K(1864192K), 0.0592837 secs] [Times: user=0.35 sys=0.00, real=0.06 secs] 
3847.358: [GC (Allocation Failure) [PSYoungGen: 383904K->107072K(465920K)] 730561K->604905K(1864192K), 0.0904169 secs] [Times: user=0.53 sys=0.00, real=0.09 secs] 
3848.560: [GC (Allocation Failure) [PSYoungGen: 340032K->141664K(374784K)] 837865K->735422K(1773056K), 0.0603528 secs] [Times: user=0.36 sys=0.00, real=0.06 secs] 
3850.534: [GC (Allocation Failure) [PSYoungGen: 374624K->119776K(469504K)] 968382K->855142K(1867776K), 0.0701385 secs] [Times: user=0.41 sys=0.01, real=0.08 secs] 
3851.954: [GC (Allocation Failure) [PSYoungGen: 360928K->1600K(461312K)] 1096294K->737390K(1859584K), 0.0020055 secs] [Times: user=0.01 sys=0.00, real=0.00 secs] 
3854.522: [GC (Allocation Failure) [PSYoungGen: 242752K->149536K(465408K)] 978542K->885935K(1863680K), 0.0295435 secs] [Times: user=0.17 sys=0.00, real=0.03 secs] 
3856.090: [GC (Allocation Failure) [PSYoungGen: 382496K->5888K(465920K)] 1118895K->742367K(1864192K), 0.0038573 secs] [Times: user=0.02 sys=0.00, real=0.01 secs] 
3857.774: [GC (Allocation Failure) [PSYoungGen: 238848K->165376K(465920K)] 975327K->906020K(1864192K), 0.0333037 secs] [Times: user=0.20 sys=0.00, real=0.04 secs] 
3860.212: [GC (Allocation Failure) [PSYoungGen: 398336K->93088K(465920K)] 1138980K->990684K(1864192K), 0.1773555 secs] [Times: user=1.06 sys=0.01, real=0.18 secs] 
3861.652: [GC (Allocation Failure) [PSYoungGen: 326048K->177760K(465920K)] 1223644K->1165179K(1864192K), 0.0514841 secs] [Times: user=0.30 sys=0.00, real=0.05 secs] 
3864.149: [GC (Allocation Failure) [PSYoungGen: 410720K->95456K(465920K)] 1398139K->1243551K(1864192K), 0.1656358 secs] [Times: user=0.99 sys=0.00, real=0.17 secs] 
3864.315: [Full GC (Ergonomics) [PSYoungGen: 95456K->0K(465920K)] [ParOldGen: 1148095K->45041K(1398272K)] 1243551K->45041K(1864192K), [Metaspace: 60391K->60391K(1105920K)], 0.1227136 secs] [Times: user=0.53 sys=0.00, real=0.12 secs] 
3866.039: [GC (Allocation Failure) [PSYoungGen: 232960K->165600K(465920K)] 278001K->210641K(1864192K), 0.0350385 secs] [Times: user=0.21 sys=0.00, real=0.03 secs] 
3869.754: [GC (Allocation Failure) [PSYoungGen: 398560K->86400K(465920K)] 443601K->295969K(1864192K), 0.1577319 secs] [Times: user=0.95 sys=0.00, real=0.15 secs] 
3871.067: [GC (Allocation Failure) [PSYoungGen: 319360K->182656K(465920K)] 528929K->475075K(1864192K), 0.0553220 secs] [Times: user=0.33 sys=0.00, real=0.05 secs] 
3874.286: [GC (Allocation Failure) [PSYoungGen: 415616K->85184K(465920K)] 708035K->543647K(1864192K), 0.1643181 secs] [Times: user=0.98 sys=0.00, real=0.16 secs] 
3875.423: [GC (Allocation Failure) [PSYoungGen: 318144K->172928K(465920K)] 776607K->712343K(1864192K), 0.0556896 secs] [Times: user=0.33 sys=0.01, real=0.06 secs] 
3878.030: [GC (Allocation Failure) [PSYoungGen: 405888K->83808K(465920K)] 945303K->796404K(1864192K), 0.1370157 secs] [Times: user=0.81 sys=0.00, real=0.14 secs] 
3878.472: [GC (Allocation Failure) [PSYoungGen: 316768K->193024K(465920K)] 1029364K->983228K(1864192K), 0.0582661 secs] [Times: user=0.34 sys=0.00, real=0.06 secs] 
3882.893: [GC (Allocation Failure) [PSYoungGen: 425984K->79520K(465920K)] 1216188K->1046136K(1864192K), 0.1340816 secs] [Times: user=0.80 sys=0.00, real=0.14 secs] 
3883.604: [GC (Allocation Failure) [PSYoungGen: 308677K->206432K(465920K)] 1275294K->1246437K(1864192K), 0.0608899 secs] [Times: user=0.36 sys=0.00, real=0.06 secs] 
3886.182: [GC (Allocation Failure) [PSYoungGen: 439392K->83808K(465920K)] 1479397K->1295693K(1864192K), 0.1167346 secs] [Times: user=0.70 sys=0.00, real=0.12 secs] 
3886.299: [Full GC (Ergonomics) [PSYoungGen: 83808K->0K(465920K)] [ParOldGen: 1211885K->98903K(1398272K)] 1295693K->98903K(1864192K), [Metaspace: 60392K->60392K(1105920K)], 0.2325801 secs] [Times: user=1.06 sys=0.00, real=0.23 secs] 
3887.606: [GC (Allocation Failure) [PSYoungGen: 232960K->160864K(465920K)] 331863K->259767K(1864192K), 0.0458803 secs] [Times: user=0.28 sys=0.00, real=0.04 secs] 
3890.786: [GC (Allocation Failure) [PSYoungGen: 389052K->93280K(465920K)] 487956K->352868K(1864192K), 0.1004500 secs] [Times: user=0.59 sys=0.00, real=0.10 secs] 
3892.410: [GC (Allocation Failure) [PSYoungGen: 326240K->151584K(465920K)] 585828K->497688K(1864192K), 0.0620462 secs] [Times: user=0.36 sys=0.00, real=0.06 secs] 
3894.710: [GC (Allocation Failure) [PSYoungGen: 384544K->102656K(465920K)] 730648K->600304K(1864192K), 0.0865627 secs] [Times: user=0.51 sys=0.00, real=0.09 secs] 
3895.906: [GC (Allocation Failure) [PSYoungGen: 335616K->145856K(465920K)] 833264K->735577K(1864192K), 0.0597131 secs] [Times: user=0.35 sys=0.00, real=0.06 secs] 
3898.050: [GC (Allocation Failure) [PSYoungGen: 378816K->118976K(352256K)] 968537K->854337K(1750528K), 0.0725068 secs] [Times: user=0.43 sys=0.00, real=0.07 secs] 
3899.986: [GC (Allocation Failure) [PSYoungGen: 351936K->129792K(475136K)] 1087297K->973486K(1873408K), 0.0612542 secs] [Times: user=0.36 sys=0.00, real=0.06 secs] 
3901.510: [GC (Allocation Failure) [PSYoungGen: 372480K->145344K(388096K)] 1216174K->1118574K(1786368K), 0.0603186 secs] [Times: user=0.36 sys=0.00, real=0.06 secs] 
3904.267: [GC (Allocation Failure) [PSYoungGen: 388032K->4384K(451072K)] 1361262K->977646K(1849344K), 0.0031527 secs] [Times: user=0.01 sys=0.00, real=0.00 secs] 
3905.426: [GC (Allocation Failure) [PSYoungGen: 235808K->160704K(463360K)] 1209070K->1136729K(1861632K), 0.0320800 secs] [Times: user=0.19 sys=0.00, real=0.03 secs] 
3908.097: [GC (Allocation Failure) [PSYoungGen: 392128K->95040K(461824K)] 1368153K->1222945K(1860096K), 0.0967066 secs] [Times: user=0.57 sys=0.01, real=0.10 secs] 
3909.616: [GC (Allocation Failure) [PSYoungGen: 329024K->167072K(463872K)] 1456929K->1387662K(1862144K), 0.0518571 secs] [Times: user=0.30 sys=0.00, real=0.05 secs] 
3909.668: [Full GC (Ergonomics) [PSYoungGen: 167072K->0K(463872K)] [ParOldGen: 1220590K->190304K(1398272K)] 1387662K->190304K(1862144K), [Metaspace: 60392K->60392K(1105920K)], 0.4419694 secs] [Times: user=2.05 sys=0.00, real=0.44 secs] 
3911.815: [GC (Allocation Failure) [PSYoungGen: 233984K->93920K(466432K)] 424288K->284224K(1864704K), 0.1012116 secs] [Times: user=0.60 sys=0.01, real=0.10 secs] 
3914.728: [GC (Allocation Failure) [PSYoungGen: 323634K->163520K(465920K)] 513939K->444529K(1864192K), 0.0493503 secs] [Times: user=0.29 sys=0.00, real=0.05 secs] 
3916.629: [GC (Allocation Failure) [PSYoungGen: 399040K->92992K(464896K)] 680049K->528793K(1863168K), 0.1314372 secs] [Times: user=0.78 sys=0.01, real=0.13 secs] 
3918.146: [GC (Allocation Failure) [PSYoungGen: 328512K->170432K(465408K)] 764313K->695238K(1863680K), 0.0505738 secs] [Times: user=0.30 sys=0.00, real=0.05 secs] 
3920.751: [GC (Allocation Failure) [PSYoungGen: 405952K->87552K(466432K)] 930758K->782206K(1864704K), 0.1775521 secs] [Times: user=1.06 sys=0.01, real=0.18 secs] 
3922.219: [GC (Allocation Failure) [PSYoungGen: 321024K->170048K(465920K)] 1015678K->947927K(1864192K), 0.0560274 secs] [Times: user=0.33 sys=0.00, real=0.06 secs] 
3925.570: [GC (Allocation Failure) [PSYoungGen: 403520K->84928K(465920K)] 1181399K->1032627K(1864192K), 0.1662496 secs] [Times: user=0.99 sys=0.00, real=0.17 secs] 
3926.231: [GC (Allocation Failure) [PSYoungGen: 317888K->175808K(465920K)] 1265587K->1202428K(1864192K), 0.0580720 secs] [Times: user=0.34 sys=0.00, real=0.06 secs] 
3928.759: [GC (Allocation Failure) [PSYoungGen: 408768K->79616K(465920K)] 1435388K->1281832K(1864192K), 0.1234434 secs] [Times: user=0.73 sys=0.01, real=0.12 secs] 
3928.883: [Full GC (Ergonomics) [PSYoungGen: 79616K->0K(465920K)] [ParOldGen: 1202216K->80452K(1398272K)] 1281832K->80452K(1864192K), [Metaspace: 60393K->60393K(1105920K)], 0.1930522 secs] [Times: user=0.87 sys=0.00, real=0.20 secs] 
3929.329: [GC (Allocation Failure) [PSYoungGen: 232960K->179008K(465920K)] 313412K->259460K(1864192K), 0.0379938 secs] [Times: user=0.23 sys=0.00, real=0.04 secs] 
3934.019: [GC (Allocation Failure) [PSYoungGen: 411968K->80096K(465920K)] 492420K->339820K(1864192K), 0.1326752 secs] [Times: user=0.79 sys=0.00, real=0.13 secs] 
3935.270: [GC (Allocation Failure) [PSYoungGen: 313056K->164736K(465920K)] 572780K->497959K(1864192K), 0.0588993 secs] [Times: user=0.34 sys=0.00, real=0.06 secs] 
3937.025: [GC (Allocation Failure) [PSYoungGen: 395122K->93696K(465920K)] 728346K->591903K(1864192K), 0.0945586 secs] [Times: user=0.56 sys=0.00, real=0.09 secs] 
3938.218: [GC (Allocation Failure) [PSYoungGen: 326656K->150880K(465920K)] 824863K->735956K(1864192K), 0.0598098 secs] [Times: user=0.35 sys=0.00, real=0.06 secs] 
3940.970: [GC (Allocation Failure) [PSYoungGen: 383840K->110080K(463872K)] 968916K->846260K(1862144K), 0.0737565 secs] [Times: user=0.43 sys=0.01, real=0.08 secs] 
3942.180: [GC (Allocation Failure) [PSYoungGen: 343040K->137728K(371200K)] 1079220K->973457K(1769472K), 0.0607222 secs] [Times: user=0.36 sys=0.00, real=0.06 secs] 
3944.948: [GC (Allocation Failure) [PSYoungGen: 370688K->125696K(471552K)] 1206417K->1099241K(1869824K), 0.0718420 secs] [Times: user=0.42 sys=0.00, real=0.07 secs] 
3946.370: [GC (Allocation Failure) [PSYoungGen: 371456K->2400K(461824K)] 1345001K->975969K(1860096K), 0.0040526 secs] [Times: user=0.02 sys=0.00, real=0.01 secs] 
3949.932: [GC (Allocation Failure) [PSYoungGen: 248160K->155456K(463360K)] 1221729K->1130246K(1861632K), 0.0370693 secs] [Times: user=0.21 sys=0.00, real=0.04 secs] 
3952.243: [GC (Allocation Failure) [PSYoungGen: 390464K->9024K(244224K)] 1365254K->983918K(1642496K), 0.0070441 secs] [Times: user=0.04 sys=0.00, real=0.01 secs] 
3954.137: [GC (Allocation Failure) [PSYoungGen: 244032K->167552K(465920K)] 1218926K->1149067K(1864192K), 0.0348458 secs] [Times: user=0.20 sys=0.00, real=0.03 secs] 
3956.652: [GC (Allocation Failure) [PSYoungGen: 400512K->94528K(465920K)] 1382027K->1234559K(1864192K), 0.1429433 secs] [Times: user=0.85 sys=0.00, real=0.15 secs] 
3957.813: [GC (Allocation Failure) [PSYoungGen: 322286K->164512K(465920K)] 1462317K->1396524K(1864192K), 0.0515599 secs] [Times: user=0.31 sys=0.00, real=0.06 secs] 
3957.864: [Full GC (Ergonomics) [PSYoungGen: 164512K->0K(465920K)] [ParOldGen: 1232012K->197671K(1398272K)] 1396524K->197671K(1864192K), [Metaspace: 60401K->60401K(1105920K)], 0.4745219 secs] [Times: user=2.21 sys=0.00, real=0.47 secs] 
3960.335: [GC (Allocation Failure) [PSYoungGen: 232960K->91488K(465920K)] 430631K->289159K(1864192K), 0.0928331 secs] [Times: user=0.54 sys=0.01, real=0.09 secs] 
3961.779: [GC (Allocation Failure) [PSYoungGen: 324448K->168864K(465920K)] 522119K->454020K(1864192K), 0.0484734 secs] [Times: user=0.29 sys=0.00, real=0.05 secs] 
3964.594: [GC (Allocation Failure) [PSYoungGen: 401824K->87680K(465920K)] 686980K->541156K(1864192K), 0.1272122 secs] [Times: user=0.73 sys=0.00, real=0.13 secs] 
3966.171: [GC (Allocation Failure) [PSYoungGen: 320640K->172416K(465920K)] 774116K->709841K(1864192K), 0.0550808 secs] [Times: user=0.33 sys=0.00, real=0.06 secs] 
3969.530: [GC (Allocation Failure) [PSYoungGen: 404067K->78336K(465920K)] 941492K->788289K(1864192K), 0.1645967 secs] [Times: user=0.98 sys=0.00, real=0.17 secs] 
3970.400: [GC (Allocation Failure) [PSYoungGen: 311296K->172992K(465920K)] 1021249K->957194K(1864192K), 0.0550815 secs] [Times: user=0.32 sys=0.00, real=0.06 secs] 
3974.178: [GC (Allocation Failure) [PSYoungGen: 405952K->80256K(465920K)] 1190154K->1037650K(1864192K), 0.1406156 secs] [Times: user=0.83 sys=0.00, real=0.14 secs] 
3974.634: [GC (Allocation Failure) [PSYoungGen: 313216K->177632K(465920K)] 1270610K->1209091K(1864192K), 0.0576423 secs] [Times: user=0.34 sys=0.00, real=0.05 secs] 
3979.001: [GC (Allocation Failure) [PSYoungGen: 410592K->78784K(465920K)] 1442051K->1287975K(1864192K), 0.1408486 secs] [Times: user=0.84 sys=0.00, real=0.14 secs] 
3979.142: [Full GC (Ergonomics) [PSYoungGen: 78784K->0K(465920K)] [ParOldGen: 1209191K->85775K(1398272K)] 1287975K->85775K(1864192K), [Metaspace: 60425K->60425K(1105920K)], 0.2110485 secs] [Times: user=0.97 sys=0.00, real=0.21 secs] 
3979.597: [GC (Allocation Failure) [PSYoungGen: 232960K->173696K(465920K)] 318735K->259471K(1864192K), 0.0364942 secs] [Times: user=0.21 sys=0.00, real=0.03 secs] 
3983.912: [GC (Allocation Failure) [PSYoungGen: 406656K->80000K(465920K)] 492431K->338951K(1864192K), 0.1224960 secs] [Times: user=0.73 sys=0.00, real=0.13 secs] 
3985.149: [GC (Allocation Failure) [PSYoungGen: 312960K->165664K(465920K)] 571911K->497860K(1864192K), 0.0589600 secs] [Times: user=0.35 sys=0.00, real=0.06 secs] 
3987.737: [GC (Allocation Failure) [PSYoungGen: 396168K->93312K(465920K)] 728364K->591436K(1864192K), 0.1052811 secs] [Times: user=0.63 sys=0.00, real=0.10 secs] 
3988.964: [GC (Allocation Failure) [PSYoungGen: 326272K->151680K(465920K)] 824396K->736375K(1864192K), 0.0598230 secs] [Times: user=0.36 sys=0.00, real=0.06 secs] 
3992.194: [GC (Allocation Failure) [PSYoungGen: 384640K->111712K(465920K)] 969335K->847471K(1864192K), 0.0954974 secs] [Times: user=0.57 sys=0.00, real=0.09 secs] 
3993.393: [GC (Allocation Failure) [PSYoungGen: 344672K->145440K(463872K)] 1080431K->974131K(1862144K), 0.0608332 secs] [Times: user=0.36 sys=0.00, real=0.07 secs] 
3997.529: [GC (Allocation Failure) [PSYoungGen: 378400K->114784K(348160K)] 1207091K->1088139K(1746432K), 0.0880592 secs] [Times: user=0.52 sys=0.00, real=0.09 secs] 
3998.719: [GC (Allocation Failure) [PSYoungGen: 347744K->134208K(465408K)] 1321099K->1211639K(1863680K), 0.0613263 secs] [Times: user=0.37 sys=0.00, real=0.06 secs] 
4001.325: [GC (Allocation Failure) [PSYoungGen: 376384K->133920K(459264K)] 1453815K->1344967K(1857536K), 0.0612156 secs] [Times: user=0.36 sys=0.00, real=0.06 secs] 
4001.387: [Full GC (Ergonomics) [PSYoungGen: 133920K->0K(459264K)] [ParOldGen: 1211047K->148929K(1398272K)] 1344967K->148929K(1857536K), [Metaspace: 60425K->60425K(1105920K)], 0.3393263 secs] [Times: user=1.56 sys=0.00, real=0.34 secs] 
4002.903: [GC (Allocation Failure) [PSYoungGen: 242176K->118336K(474624K)] 391105K->267265K(1872896K), 0.0493420 secs] [Times: user=0.29 sys=0.00, real=0.05 secs] 
4005.554: [GC (Allocation Failure) [PSYoungGen: 384064K->180512K(469504K)] 532993K->446194K(1867776K), 0.0622041 secs] [Times: user=0.37 sys=0.01, real=0.06 secs] 
4008.609: [GC (Allocation Failure) [PSYoungGen: 444120K->113024K(487936K)] 709803K->550090K(1886208K), 0.1862621 secs] [Times: user=1.11 sys=0.00, real=0.19 secs] 
4009.628: [GC (Allocation Failure) [PSYoungGen: 384384K->210912K(482304K)] 821450K->757947K(1880576K), 0.0586280 secs] [Times: user=0.35 sys=0.00, real=0.06 secs] 
4012.566: [GC (Allocation Failure) [PSYoungGen: 482272K->111776K(449536K)] 1029307K->851899K(1847808K), 0.0961469 secs] [Times: user=0.57 sys=0.00, real=0.09 secs] 
4013.786: [GC (Allocation Failure) [PSYoungGen: 344736K->136672K(465920K)] 1084859K->978060K(1864192K), 0.0608773 secs] [Times: user=0.36 sys=0.00, real=0.06 secs] 
4017.052: [GC (Allocation Failure) [PSYoungGen: 369632K->129248K(465920K)] 1211020K->1107504K(1864192K), 0.0697607 secs] [Times: user=0.42 sys=0.00, real=0.07 secs] 
4018.258: [GC (Allocation Failure) [PSYoungGen: 362208K->1440K(465920K)] 1340464K->979936K(1864192K), 0.0026008 secs] [Times: user=0.02 sys=0.00, real=0.00 secs] 
4020.937: [GC (Allocation Failure) [PSYoungGen: 234400K->139776K(465920K)] 1212896K->1118861K(1864192K), 0.0330271 secs] [Times: user=0.19 sys=0.00, real=0.03 secs] 
4022.239: [GC (Allocation Failure) [PSYoungGen: 372736K->3840K(465920K)] 1351821K->983725K(1864192K), 0.0044678 secs] [Times: user=0.02 sys=0.00, real=0.01 secs] 
4025.710: [GC (Allocation Failure) [PSYoungGen: 236800K->151552K(465920K)] 1216685K->1133802K(1864192K), 0.0306730 secs] [Times: user=0.18 sys=0.00, real=0.03 secs] 
4027.052: [GC (Allocation Failure) [PSYoungGen: 384512K->101792K(465920K)] 1366762K->1226298K(1864192K), 0.1015322 secs] [Times: user=0.60 sys=0.01, real=0.11 secs] 
4029.782: [GC (Allocation Failure) [PSYoungGen: 334752K->161504K(465920K)] 1459258K->1385830K(1864192K), 0.0532278 secs] [Times: user=0.32 sys=0.00, real=0.06 secs] 
4029.835: [Full GC (Ergonomics) [PSYoungGen: 161504K->0K(465920K)] [ParOldGen: 1224326K->182327K(1398272K)] 1385830K->182327K(1864192K), [Metaspace: 60425K->60425K(1105920K)], 0.4179208 secs] [Times: user=1.93 sys=0.00, real=0.41 secs] 
4032.219: [GC (Allocation Failure) [PSYoungGen: 232960K->97632K(465920K)] 415287K->279959K(1864192K), 0.1047119 secs] [Times: user=0.61 sys=0.00, real=0.10 secs] 
4034.440: [GC (Allocation Failure) [PSYoungGen: 330592K->168032K(465920K)] 512919K->444988K(1864192K), 0.0523016 secs] [Times: user=0.31 sys=0.00, real=0.05 secs] 
4036.845: [GC (Allocation Failure) [PSYoungGen: 400992K->93632K(465920K)] 677948K->529764K(1864192K), 0.1699428 secs] [Times: user=1.02 sys=0.00, real=0.17 secs] 
4038.337: [GC (Allocation Failure) [PSYoungGen: 310833K->158944K(465920K)] 746965K->685080K(1864192K), 0.0486117 secs] [Times: user=0.28 sys=0.00, real=0.05 secs] 
4040.884: [GC (Allocation Failure) [PSYoungGen: 391904K->93792K(465920K)] 918040K->770209K(1864192K), 0.1640622 secs] [Times: user=0.98 sys=0.00, real=0.16 secs] 
4042.469: [GC (Allocation Failure) [PSYoungGen: 311437K->156832K(465920K)] 987854K->923609K(1864192K), 0.0492568 secs] [Times: user=0.29 sys=0.00, real=0.05 secs] 
4044.935: [GC (Allocation Failure) [PSYoungGen: 389792K->93760K(327168K)] 1156569K->1008857K(1725440K), 0.1594312 secs] [Times: user=0.96 sys=0.00, real=0.16 secs] 
4046.397: [GC (Allocation Failure) [PSYoungGen: 326720K->167008K(464896K)] 1241817K->1172169K(1863168K), 0.0511485 secs] [Times: user=0.30 sys=0.00, real=0.05 secs] 
4049.843: [GC (Allocation Failure) [PSYoungGen: 399456K->90528K(465408K)] 1404617K->1262109K(1863680K), 0.1710679 secs] [Times: user=1.03 sys=0.00, real=0.18 secs] 
4050.014: [Full GC (Ergonomics) [PSYoungGen: 90528K->0K(465408K)] [ParOldGen: 1171581K->59738K(1398272K)] 1262109K->59738K(1863680K), [Metaspace: 60427K->60427K(1105920K)], 0.1601824 secs] [Times: user=0.74 sys=0.00, real=0.16 secs] 
4051.149: [GC (Allocation Failure) [PSYoungGen: 232448K->168672K(465920K)] 292186K->228410K(1864192K), 0.0349646 secs] [Times: user=0.21 sys=0.00, real=0.04 secs] 
4054.957: [GC (Allocation Failure) [PSYoungGen: 401632K->81088K(465920K)] 461370K->309706K(1864192K), 0.1471363 secs] [Times: user=0.87 sys=0.00, real=0.15 secs] 
4055.758: [GC (Allocation Failure) [PSYoungGen: 314048K->176800K(465920K)] 542666K->480394K(1864192K), 0.0701257 secs] [Times: user=0.42 sys=0.00, real=0.07 secs] 
4060.249: [GC (Allocation Failure) [PSYoungGen: 409760K->80288K(465920K)] 713354K->560954K(1864192K), 0.1282868 secs] [Times: user=0.76 sys=0.00, real=0.13 secs] 
4060.641: [GC (Allocation Failure) [PSYoungGen: 313248K->175008K(465920K)] 793914K->729663K(1864192K), 0.0560431 secs] [Times: user=0.33 sys=0.00, real=0.06 secs] 
4064.580: [GC (Allocation Failure) [PSYoungGen: 407968K->80640K(465920K)] 962623K->810159K(1864192K), 0.1219647 secs] [Times: user=0.73 sys=0.00, real=0.12 secs] 
4065.710: [GC (Allocation Failure) [PSYoungGen: 313354K->205632K(465920K)] 1042874K->1009644K(1864192K), 0.0664155 secs] [Times: user=0.40 sys=0.00, real=0.07 secs] 
4070.009: [GC (Allocation Failure) [PSYoungGen: 438592K->86080K(465920K)] 1242604K->1058836K(1864192K), 0.1186525 secs] [Times: user=0.70 sys=0.01, real=0.12 secs] 
4071.225: [GC (Allocation Failure) [PSYoungGen: 319040K->158688K(465920K)] 1291796K->1210897K(1864192K), 0.0597874 secs] [Times: user=0.35 sys=0.01, real=0.06 secs] 
4073.503: [GC (Allocation Failure) [PSYoungGen: 383880K->93984K(465920K)] 1436089K->1304861K(1864192K), 0.1016815 secs] [Times: user=0.60 sys=0.00, real=0.11 secs] 
4073.605: [Full GC (Ergonomics) [PSYoungGen: 93984K->0K(465920K)] [ParOldGen: 1210877K->109109K(1398272K)] 1304861K->109109K(1864192K), [Metaspace: 60429K->60429K(1105920K)], 0.2546117 secs] [Times: user=1.16 sys=0.01, real=0.25 secs] 
4076.470: [GC (Allocation Failure) [PSYoungGen: 232960K->151008K(465920K)] 342069K->260117K(1864192K), 0.0420907 secs] [Times: user=0.26 sys=0.00, real=0.04 secs] 
4078.818: [GC (Allocation Failure) [PSYoungGen: 383968K->99104K(465920K)] 493077K->359013K(1864192K), 0.1010034 secs] [Times: user=0.59 sys=0.01, real=0.10 secs] 
4080.074: [GC (Allocation Failure) [PSYoungGen: 332064K->149120K(465920K)] 591973K->497324K(1864192K), 0.0594993 secs] [Times: user=0.36 sys=0.00, real=0.06 secs] 
4082.321: [GC (Allocation Failure) [PSYoungGen: 382080K->114880K(348160K)] 730284K->612437K(1746432K), 0.0909862 secs] [Times: user=0.54 sys=0.00, real=0.09 secs] 
4083.570: [GC (Allocation Failure) [PSYoungGen: 347840K->134048K(468480K)] 845397K->735973K(1866752K), 0.0609141 secs] [Times: user=0.36 sys=0.00, real=0.06 secs] 
4086.108: [GC (Allocation Failure) [PSYoungGen: 374176K->145248K(461312K)] 976101K->881393K(1859584K), 0.0595683 secs] [Times: user=0.35 sys=0.00, real=0.06 secs] 
4087.659: [GC (Allocation Failure) [PSYoungGen: 385376K->4128K(455168K)] 1121521K->740341K(1853440K), 0.0051911 secs] [Times: user=0.03 sys=0.00, real=0.01 secs] 
4090.116: [GC (Allocation Failure) [PSYoungGen: 241184K->162816K(400384K)] 977397K->901386K(1798656K), 0.0322046 secs] [Times: user=0.19 sys=0.00, real=0.03 secs] 
4092.371: [GC (Allocation Failure) [PSYoungGen: 399872K->99008K(470016K)] 1138442K->991338K(1868288K), 0.1763489 secs] [Times: user=1.04 sys=0.00, real=0.18 secs] 
4094.588: [GC (Allocation Failure) [PSYoungGen: 333744K->168416K(465920K)] 1226075K->1156927K(1864192K), 0.0520568 secs] [Times: user=0.31 sys=0.00, real=0.05 secs] 
4096.167: [GC (Allocation Failure) [PSYoungGen: 405472K->98816K(465920K)] 1393983K->1247031K(1864192K), 0.1282461 secs] [Times: user=0.76 sys=0.00, real=0.13 secs] 
4097.460: [GC (Allocation Failure) [PSYoungGen: 335872K->172224K(465920K)] 1484087K->1414836K(1864192K), 0.0519816 secs] [Times: user=0.31 sys=0.00, real=0.05 secs] 
4097.512: [Full GC (Ergonomics) [PSYoungGen: 172224K->0K(465920K)] [ParOldGen: 1242612K->216752K(1398272K)] 1414836K->216752K(1864192K), [Metaspace: 60429K->60429K(1105920K)], 0.4919273 secs] [Times: user=2.20 sys=0.00, real=0.50 secs] 
4100.058: [GC (Allocation Failure) [PSYoungGen: 237056K->90624K(466944K)] 453808K->307376K(1865216K), 0.1303559 secs] [Times: user=0.77 sys=0.00, real=0.13 secs] 
4100.940: [GC (Allocation Failure) [PSYoungGen: 324608K->175584K(465920K)] 541360K->477129K(1864192K), 0.1062202 secs] [Times: user=0.63 sys=0.00, real=0.11 secs] 
4104.028: [GC (Allocation Failure) [PSYoungGen: 409568K->82560K(465920K)] 711113K->559657K(1864192K), 0.1130614 secs] [Times: user=0.66 sys=0.01, real=0.11 secs] 
4104.452: [GC (Allocation Failure) [PSYoungGen: 315013K->210432K(465920K)] 792110K->764012K(1864192K), 0.0566148 secs] [Times: user=0.34 sys=0.00, real=0.06 secs] 
4107.279: [GC (Allocation Failure) [PSYoungGen: 443392K->82080K(465920K)] 996972K->813140K(1864192K), 0.1260502 secs] [Times: user=0.74 sys=0.01, real=0.13 secs] 
4108.497: [GC (Allocation Failure) [PSYoungGen: 315040K->162496K(465920K)] 1046100K->968745K(1864192K), 0.0585922 secs] [Times: user=0.35 sys=0.00, real=0.06 secs] 
4111.706: [GC (Allocation Failure) [PSYoungGen: 393464K->93536K(465920K)] 1199713K->1062105K(1864192K), 0.1072008 secs] [Times: user=0.64 sys=0.00, real=0.10 secs] 
4112.949: [GC (Allocation Failure) [PSYoungGen: 326496K->150912K(465920K)] 1295065K->1206272K(1864192K), 0.0598168 secs] [Times: user=0.36 sys=0.00, real=0.06 secs] 
4116.446: [GC (Allocation Failure) [PSYoungGen: 383872K->108320K(465920K)] 1439232K->1314440K(1864192K), 0.0979972 secs] [Times: user=0.58 sys=0.00, real=0.09 secs] 
4116.544: [Full GC (Ergonomics) [PSYoungGen: 108320K->0K(465920K)] [ParOldGen: 1206120K->115189K(1398272K)] 1314440K->115189K(1864192K), [Metaspace: 60429K->60429K(1105920K)], 0.2652006 secs] [Times: user=1.22 sys=0.00, real=0.26 secs] 
4117.896: [GC (Allocation Failure) [PSYoungGen: 232960K->148704K(465920K)] 348149K->263893K(1864192K), 0.0542283 secs] [Times: user=0.32 sys=0.01, real=0.05 secs] 
4121.642: [GC (Allocation Failure) [PSYoungGen: 381664K->122464K(449536K)] 496853K->386261K(1847808K), 0.0958746 secs] [Times: user=0.58 sys=0.00, real=0.10 secs] 
4122.843: [GC (Allocation Failure) [PSYoungGen: 355424K->134368K(457728K)] 619221K->502004K(1856000K), 0.0606687 secs] [Times: user=0.37 sys=0.00, real=0.07 secs] 
4124.839: [GC (Allocation Failure) [PSYoungGen: 367328K->135872K(459776K)] 734964K->637340K(1858048K), 0.0750692 secs] [Times: user=0.44 sys=0.00, real=0.07 secs] 
4126.567: [GC (Allocation Failure) [PSYoungGen: 392384K->6336K(467456K)] 893852K->508424K(1865728K), 0.0045977 secs] [Times: user=0.02 sys=0.00, real=0.00 secs] 
4129.421: [GC (Allocation Failure) [PSYoungGen: 262099K->177920K(456704K)] 764187K->684669K(1854976K), 0.0355614 secs] [Times: user=0.21 sys=0.00, real=0.04 secs] 
4131.479: [GC (Allocation Failure) [PSYoungGen: 410880K->91552K(465920K)] 917629K->767457K(1864192K), 0.1759913 secs] [Times: user=1.04 sys=0.00, real=0.18 secs] 
4133.540: [GC (Allocation Failure) [PSYoungGen: 317413K->160128K(462848K)] 993318K->923586K(1861120K), 0.0482196 secs] [Times: user=0.28 sys=0.00, real=0.05 secs] 
4136.101: [GC (Allocation Failure) [PSYoungGen: 393088K->97152K(330240K)] 1156546K->1012094K(1728512K), 0.1798099 secs] [Times: user=1.07 sys=0.01, real=0.18 secs] 
4138.766: [GC (Allocation Failure) [PSYoungGen: 315414K->154592K(461824K)] 1230356K->1162767K(1860096K), 0.0490821 secs] [Times: user=0.29 sys=0.00, real=0.05 secs] 
4141.171: [GC (Allocation Failure) [PSYoungGen: 389088K->94528K(463360K)] 1397263K->1247991K(1861632K), 0.1698665 secs] [Times: user=1.01 sys=0.00, real=0.17 secs] 
4142.645: [GC (Allocation Failure) [PSYoungGen: 329024K->167520K(459776K)] 1482487K->1411696K(1858048K), 0.0506974 secs] [Times: user=0.30 sys=0.00, real=0.05 secs] 
4142.696: [Full GC (Ergonomics) [PSYoungGen: 167520K->0K(459776K)] [ParOldGen: 1244176K->208852K(1398272K)] 1411696K->208852K(1858048K), [Metaspace: 60429K->60429K(1105920K)], 0.4832782 secs] [Times: user=2.27 sys=0.00, real=0.48 secs] 
4146.814: [GC (Allocation Failure) [PSYoungGen: 236032K->93664K(466432K)] 444884K->302516K(1864704K), 0.1480075 secs] [Times: user=0.88 sys=0.00, real=0.15 secs] 
4147.623: [GC (Allocation Failure) [PSYoungGen: 329696K->173088K(458752K)] 538548K->471789K(1857024K), 0.0564031 secs] [Times: user=0.33 sys=0.00, real=0.06 secs] 
4150.812: [GC (Allocation Failure) [PSYoungGen: 406048K->80992K(465920K)] 704749K->552521K(1864192K), 0.1627973 secs] [Times: user=0.97 sys=0.00, real=0.17 secs] 
4151.373: [GC (Allocation Failure) [PSYoungGen: 313952K->175968K(464384K)] 785481K->722186K(1862656K), 0.0561789 secs] [Times: user=0.33 sys=0.00, real=0.06 secs] 
4156.287: [GC (Allocation Failure) [PSYoungGen: 408928K->83776K(465920K)] 955146K->805522K(1864192K), 0.1380426 secs] [Times: user=0.83 sys=0.00, real=0.14 secs] 
4157.024: [GC (Allocation Failure) [PSYoungGen: 313111K->205472K(465920K)] 1034858K->1004859K(1864192K), 0.0618024 secs] [Times: user=0.37 sys=0.01, real=0.07 secs] 
4160.278: [GC (Allocation Failure) [PSYoungGen: 438432K->84704K(465920K)] 1237819K->1055035K(1864192K), 0.1043495 secs] [Times: user=0.62 sys=0.00, real=0.10 secs] 
4161.590: [GC (Allocation Failure) [PSYoungGen: 317664K->159584K(465920K)] 1287995K->1207764K(1864192K), 0.0599474 secs] [Times: user=0.36 sys=0.00, real=0.06 secs] 
4166.237: [GC (Allocation Failure) [PSYoungGen: 392544K->93248K(465920K)] 1440724K->1300996K(1864192K), 0.1119322 secs] [Times: user=0.66 sys=0.00, real=0.11 secs] 
4166.349: [Full GC (Ergonomics) [PSYoungGen: 93248K->0K(465920K)] [ParOldGen: 1207748K->108363K(1398272K)] 1300996K->108363K(1864192K), [Metaspace: 60429K->60429K(1105920K)], 0.2652286 secs] [Times: user=1.23 sys=0.00, real=0.27 secs] 
4167.691: [GC (Allocation Failure) [PSYoungGen: 232960K->151328K(465920K)] 341323K->259691K(1864192K), 0.0419433 secs] [Times: user=0.25 sys=0.00, real=0.04 secs] 
4169.489: [GC (Allocation Failure) [PSYoungGen: 384288K->104992K(465920K)] 492651K->364347K(1864192K), 0.0889040 secs] [Times: user=0.50 sys=0.00, real=0.09 secs] 
4171.531: [GC (Allocation Failure) [PSYoungGen: 337952K->143232K(460800K)] 597307K->496744K(1859072K), 0.0592786 secs] [Times: user=0.35 sys=0.00, real=0.06 secs] 
4174.497: [GC (Allocation Failure) [PSYoungGen: 376192K->117216K(350208K)] 729704K->613840K(1748480K), 0.0749810 secs] [Times: user=0.45 sys=0.00, real=0.07 secs] 
4175.695: [GC (Allocation Failure) [PSYoungGen: 350176K->131168K(471040K)] 846800K->734548K(1869312K), 0.0610944 secs] [Times: user=0.36 sys=0.00, real=0.06 secs] 
4178.801: [GC (Allocation Failure) [PSYoungGen: 380000K->143712K(462848K)] 983380K->878468K(1861120K), 0.0619436 secs] [Times: user=0.37 sys=0.00, real=0.06 secs] 
4180.345: [GC (Allocation Failure) [PSYoungGen: 392544K->10720K(462336K)] 1127300K->745516K(1860608K), 0.0068368 secs] [Times: user=0.03 sys=0.00, real=0.00 secs] 
4183.112: [GC (Allocation Failure) [PSYoungGen: 258623K->175168K(426496K)] 993420K->918009K(1824768K), 0.0361528 secs] [Times: user=0.21 sys=0.00, real=0.04 secs] 
4185.925: [GC (Allocation Failure) [PSYoungGen: 426048K->105568K(472576K)] 1168889K->1014145K(1870848K), 0.1615776 secs] [Times: user=0.96 sys=0.01, real=0.16 secs] 
4186.774: [GC (Allocation Failure) [PSYoungGen: 345184K->172352K(465920K)] 1253761K->1182478K(1864192K), 0.0538611 secs] [Times: user=0.32 sys=0.00, real=0.05 secs] 
4191.214: [GC (Allocation Failure) [PSYoungGen: 411968K->85344K(467968K)] 1422094K->1267262K(1866240K), 0.1426196 secs] [Times: user=0.85 sys=0.00, real=0.14 secs] 
4191.357: [Full GC (Ergonomics) [PSYoungGen: 85344K->0K(467968K)] [ParOldGen: 1181918K->70959K(1398272K)] 1267262K->70959K(1866240K), [Metaspace: 60429K->60429K(1105920K)], 0.1802110 secs] [Times: user=0.83 sys=0.00, real=0.18 secs] 
4191.861: [GC (Allocation Failure) [PSYoungGen: 235008K->180352K(465920K)] 305967K->251311K(1864192K), 0.0387418 secs] [Times: user=0.23 sys=0.01, real=0.04 secs] 
4195.349: [GC (Allocation Failure) [PSYoungGen: 415360K->82304K(465920K)] 486319K->333943K(1864192K), 0.0952980 secs] [Times: user=0.56 sys=0.00, real=0.10 secs] 
4195.995: [GC (Allocation Failure) [PSYoungGen: 311176K->206016K(465920K)] 562815K->533979K(1864192K), 0.0610657 secs] [Times: user=0.36 sys=0.01, real=0.06 secs] 
4200.453: [GC (Allocation Failure) [PSYoungGen: 438976K->86592K(465920K)] 766939K->586067K(1864192K), 0.1118880 secs] [Times: user=0.66 sys=0.00, real=0.12 secs] 
4201.686: [GC (Allocation Failure) [PSYoungGen: 319552K->158080K(465920K)] 819027K->737407K(1864192K), 0.0593272 secs] [Times: user=0.35 sys=0.00, real=0.06 secs] 
4204.853: [GC (Allocation Failure) [PSYoungGen: 387873K->93600K(465920K)] 967200K->830983K(1864192K), 0.1101492 secs] [Times: user=0.65 sys=0.00, real=0.11 secs] 
4206.045: [GC (Allocation Failure) [PSYoungGen: 326560K->151392K(465920K)] 1063943K->975347K(1864192K), 0.0600455 secs] [Times: user=0.35 sys=0.00, real=0.06 secs] 
4211.414: [GC (Allocation Failure) [PSYoungGen: 384352K->100128K(465920K)] 1208307K->1075283K(1864192K), 0.1031582 secs] [Times: user=0.62 sys=0.00, real=0.10 secs] 
4212.651: [GC (Allocation Failure) [PSYoungGen: 333088K->148096K(465920K)] 1308243K->1212339K(1864192K), 0.0605324 secs] [Times: user=0.36 sys=0.00, real=0.06 secs] 
4214.502: [GC (Allocation Failure) [PSYoungGen: 381056K->119104K(448512K)] 1445299K->1331635K(1846784K), 0.0840643 secs] [Times: user=0.50 sys=0.00, real=0.09 secs] 
4214.587: [Full GC (Ergonomics) [PSYoungGen: 119104K->0K(448512K)] [ParOldGen: 1212531K->134062K(1398272K)] 1331635K->134062K(1846784K), [Metaspace: 60429K->60429K(1105920K)], 0.2968651 secs] [Times: user=1.35 sys=0.00, real=0.29 secs] 
4215.988: [GC (Allocation Failure) [PSYoungGen: 232960K->130048K(457216K)] 367022K->264110K(1855488K), 0.0450560 secs] [Times: user=0.26 sys=0.00, real=0.04 secs] 
4218.981: [GC (Allocation Failure) [PSYoungGen: 363008K->137408K(464384K)] 497070K->401222K(1862656K), 0.0739987 secs] [Times: user=0.44 sys=0.00, real=0.08 secs] 
4220.574: [GC (Allocation Failure) [PSYoungGen: 396480K->9728K(469504K)] 660294K->273602K(1867776K), 0.0067994 secs] [Times: user=0.04 sys=0.00, real=0.01 secs] 
4224.096: [GC (Allocation Failure) [PSYoungGen: 265983K->175584K(455680K)] 529857K->446631K(1853952K), 0.0358806 secs] [Times: user=0.21 sys=0.00, real=0.03 secs] 
4226.696: [GC (Allocation Failure) [PSYoungGen: 408544K->91840K(465920K)] 679591K->529483K(1864192K), 0.1775771 secs] [Times: user=1.06 sys=0.00, real=0.17 secs] 
4229.873: [GC (Allocation Failure) [PSYoungGen: 313172K->158912K(463872K)] 750816K->684784K(1862144K), 0.0475152 secs] [Times: user=0.28 sys=0.00, real=0.05 secs] 
4231.415: [GC (Allocation Failure) [PSYoungGen: 394944K->93856K(330240K)] 920816K->770484K(1728512K), 0.1628167 secs] [Times: user=0.97 sys=0.00, real=0.16 secs] 
4233.466: [GC (Allocation Failure) [PSYoungGen: 313999K->157408K(462336K)] 990628K->924053K(1860608K), 0.0487198 secs] [Times: user=0.29 sys=0.00, real=0.05 secs] 
4236.280: [GC (Allocation Failure) [PSYoungGen: 393952K->95456K(465408K)] 1160597K->1010237K(1863680K), 0.1569058 secs] [Times: user=0.94 sys=0.00, real=0.16 secs] 
4237.465: [GC (Allocation Failure) [PSYoungGen: 332000K->171872K(458752K)] 1246781K->1177622K(1857024K), 0.0508494 secs] [Times: user=0.30 sys=0.00, real=0.05 secs] 
4240.606: [GC (Allocation Failure) [PSYoungGen: 406880K->87168K(466944K)] 1412630K->1264522K(1865216K), 0.1691762 secs] [Times: user=1.01 sys=0.00, real=0.17 secs] 
4240.776: [Full GC (Ergonomics) [PSYoungGen: 87168K->0K(466944K)] [ParOldGen: 1177354K->61647K(1398272K)] 1264522K->61647K(1865216K), [Metaspace: 60429K->60429K(1105920K)], 0.1637652 secs] [Times: user=0.76 sys=0.00, real=0.16 secs] 
4241.379: [GC (Allocation Failure) [PSYoungGen: 235008K->174720K(461312K)] 296655K->236367K(1859584K), 0.0352026 secs] [Times: user=0.21 sys=0.00, real=0.04 secs] 
4245.390: [GC (Allocation Failure) [PSYoungGen: 407680K->80128K(465920K)] 469327K->316487K(1864192K), 0.1744368 secs] [Times: user=1.04 sys=0.00, real=0.18 secs] 
4246.224: [GC (Allocation Failure) [PSYoungGen: 313088K->178496K(465920K)] 549447K->488928K(1864192K), 0.0561139 secs] [Times: user=0.33 sys=0.00, real=0.05 secs] 
4250.195: [GC (Allocation Failure) [PSYoungGen: 411456K->80640K(465920K)] 721888K->569808K(1864192K), 0.1421957 secs] [Times: user=0.84 sys=0.00, real=0.14 secs] 
4250.948: [GC (Allocation Failure) [PSYoungGen: 312059K->206432K(465920K)] 801228K->769767K(1864192K), 0.0605818 secs] [Times: user=0.36 sys=0.00, real=0.06 secs] 
4254.164: [GC (Allocation Failure) [PSYoungGen: 439392K->87392K(465920K)] 1002727K->822115K(1864192K), 0.1238152 secs] [Times: user=0.74 sys=0.00, real=0.12 secs] 
4255.386: [GC (Allocation Failure) [PSYoungGen: 320352K->157600K(465920K)] 1055075K->973040K(1864192K), 0.0598989 secs] [Times: user=0.36 sys=0.00, real=0.06 secs] 
4257.926: [GC (Allocation Failure) [PSYoungGen: 390560K->101280K(465920K)] 1206000K->1074192K(1864192K), 0.0943638 secs] [Times: user=0.56 sys=0.00, real=0.09 secs] 
4259.239: [GC (Allocation Failure) [PSYoungGen: 334240K->146816K(465920K)] 1307152K->1210309K(1864192K), 0.0603573 secs] [Times: user=0.36 sys=0.00, real=0.06 secs] 
4263.862: [GC (Allocation Failure) [PSYoungGen: 379776K->112160K(345600K)] 1443269K->1322525K(1743872K), 0.0905371 secs] [Times: user=0.54 sys=0.00, real=0.09 secs] 
4263.953: [Full GC (Ergonomics) [PSYoungGen: 112160K->0K(345600K)] [ParOldGen: 1210365K->127270K(1398272K)] 1322525K->127270K(1743872K), [Metaspace: 60432K->60432K(1105920K)], 0.2953055 secs] [Times: user=1.36 sys=0.00, real=0.30 secs] 
4265.351: [GC (Allocation Failure) [PSYoungGen: 232960K->135680K(472576K)] 360230K->262950K(1870848K), 0.0465750 secs] [Times: user=0.27 sys=0.00, real=0.05 secs] 
4268.792: [GC (Allocation Failure) [PSYoungGen: 375808K->133056K(373248K)] 503078K->396018K(1771520K), 0.0802638 secs] [Times: user=0.48 sys=0.00, real=0.08 secs] 
4270.023: [GC (Allocation Failure) [PSYoungGen: 373184K->2976K(445440K)] 636146K->266091K(1843712K), 0.0019182 secs] [Times: user=0.01 sys=0.00, real=0.01 secs] 
4273.708: [GC (Allocation Failure) [PSYoungGen: 231328K->153824K(458240K)] 494443K->418359K(1856512K), 0.0307482 secs] [Times: user=0.18 sys=0.00, real=0.03 secs] 
4274.925: [GC (Allocation Failure) [PSYoungGen: 382176K->104736K(454144K)] 646711K->505539K(1852416K), 0.0840942 secs] [Times: user=0.50 sys=0.00, real=0.08 secs] 
4277.439: [GC (Allocation Failure) [PSYoungGen: 341280K->159360K(460288K)] 742083K->663680K(1858560K), 0.0534935 secs] [Times: user=0.31 sys=0.00, real=0.05 secs] 
4279.351: [GC (Allocation Failure) [PSYoungGen: 395904K->100928K(466432K)] 900224K->755700K(1864704K), 0.1675983 secs] [Times: user=1.00 sys=0.01, real=0.17 secs] 
4282.203: [GC (Allocation Failure) [PSYoungGen: 341091K->169792K(468480K)] 995863K->923106K(1866752K), 0.0547021 secs] [Times: user=0.30 sys=0.00, real=0.06 secs] 
4284.953: [GC (Allocation Failure) [PSYoungGen: 416576K->101728K(471040K)] 1169890K->1015978K(1869312K), 0.1457120 secs] [Times: user=0.87 sys=0.00, real=0.15 secs] 
4286.533: [GC (Allocation Failure) [PSYoungGen: 348000K->178720K(425472K)] 1262250K->1190623K(1823744K), 0.0534408 secs] [Times: user=0.31 sys=0.00, real=0.06 secs] 
4289.884: [GC (Allocation Failure) [PSYoungGen: 424992K->95328K(470016K)] 1436895K->1285719K(1868288K), 0.1604808 secs] [Times: user=0.96 sys=0.00, real=0.16 secs] 
4290.045: [Full GC (Ergonomics) [PSYoungGen: 95328K->0K(470016K)] [ParOldGen: 1190391K->83734K(1398272K)] 1285719K->83734K(1868288K), [Metaspace: 60432K->60432K(1105920K)], 0.2117376 secs] [Times: user=0.98 sys=0.00, real=0.21 secs] 
4290.615: [GC (Allocation Failure) [PSYoungGen: 236836K->209408K(465920K)] 320570K->293142K(1864192K), 0.0386626 secs] [Times: user=0.23 sys=0.00, real=0.04 secs] 
4295.499: [GC (Allocation Failure) [PSYoungGen: 446464K->81728K(465920K)] 530198K->341166K(1864192K), 0.1229277 secs] [Times: user=0.74 sys=0.00, real=0.12 secs] 
4296.754: [GC (Allocation Failure) [PSYoungGen: 314688K->162528K(465920K)] 574126K->497013K(1864192K), 0.0586678 secs] [Times: user=0.35 sys=0.01, real=0.06 secs] 
4301.365: [GC (Allocation Failure) [PSYoungGen: 395488K->92736K(465920K)] 729973K->590005K(1864192K), 0.1086294 secs] [Times: user=0.64 sys=0.00, real=0.10 secs] 
4302.583: [GC (Allocation Failure) [PSYoungGen: 325696K->151712K(465920K)] 822965K->735080K(1864192K), 0.0595763 secs] [Times: user=0.35 sys=0.00, real=0.06 secs] 
4306.878: [GC (Allocation Failure) [PSYoungGen: 384672K->102048K(465920K)] 968040K->837400K(1864192K), 0.0998495 secs] [Times: user=0.60 sys=0.00, real=0.10 secs] 
4308.084: [GC (Allocation Failure) [PSYoungGen: 335008K->146400K(379392K)] 1070360K->973363K(1777664K), 0.0601339 secs] [Times: user=0.36 sys=0.00, real=0.06 secs] 
4309.893: [GC (Allocation Failure) [PSYoungGen: 379360K->118304K(471552K)] 1206323K->1091635K(1869824K), 0.0717737 secs] [Times: user=0.43 sys=0.00, real=0.08 secs] 
4311.322: [GC (Allocation Failure) [PSYoungGen: 359456K->129920K(371200K)] 1332787K->1211128K(1769472K), 0.0617611 secs] [Times: user=0.37 sys=0.00, real=0.07 secs] 
4313.195: [GC (Allocation Failure) [PSYoungGen: 371072K->150432K(460288K)] 1452280K->1361432K(1858560K), 0.0624209 secs] [Times: user=0.35 sys=0.00, real=0.06 secs] 
4313.257: [Full GC (Ergonomics) [PSYoungGen: 150432K->0K(460288K)] [ParOldGen: 1211000K->165868K(1398272K)] 1361432K->165868K(1858560K), [Metaspace: 60432K->60432K(1105920K)], 0.3700026 secs] [Times: user=1.60 sys=0.00, real=0.37 secs] 
4314.803: [GC (Allocation Failure) [PSYoungGen: 246784K->109952K(459776K)] 412652K->275820K(1858048K), 0.0414438 secs] [Times: user=0.25 sys=0.00, real=0.05 secs] 
4316.544: [GC (Allocation Failure) [PSYoungGen: 348888K->172320K(472576K)] 514756K->446267K(1870848K), 0.0575965 secs] [Times: user=0.34 sys=0.00, real=0.06 secs] 
4320.947: [GC (Allocation Failure) [PSYoungGen: 436512K->110784K(480768K)] 710459K->548771K(1879040K), 0.1846797 secs] [Times: user=1.11 sys=0.00, real=0.18 secs] 
4322.374: [GC (Allocation Failure) [PSYoungGen: 374976K->191040K(458240K)] 812963K->735840K(1856512K), 0.0580184 secs] [Times: user=0.33 sys=0.01, real=0.05 secs] 
4326.318: [GC (Allocation Failure) [PSYoungGen: 437312K->91200K(472576K)] 982112K->826812K(1870848K), 0.1257009 secs] [Times: user=0.75 sys=0.00, real=0.13 secs] 
4327.566: [GC (Allocation Failure) [PSYoungGen: 337472K->158240K(471552K)] 1073084K->978217K(1869824K), 0.0616178 secs] [Times: user=0.37 sys=0.00, real=0.06 secs] 
4329.931: [GC (Allocation Failure) [PSYoungGen: 405536K->121664K(369152K)] 1225513K->1100001K(1767424K), 0.0814770 secs] [Times: user=0.49 sys=0.00, real=0.08 secs] 
4331.151: [GC (Allocation Failure) [PSYoungGen: 368960K->2528K(452608K)] 1347297K->980929K(1850880K), 0.0025826 secs] [Times: user=0.01 sys=0.00, real=0.01 secs] 
4335.724: [GC (Allocation Failure) [PSYoungGen: 236512K->145728K(466432K)] 1214913K->1124797K(1864704K), 0.0321660 secs] [Times: user=0.19 sys=0.00, real=0.03 secs] 
4336.864: [GC (Allocation Failure) [PSYoungGen: 379712K->4736K(463360K)] 1358781K->983917K(1861632K), 0.0032907 secs] [Times: user=0.02 sys=0.00, real=0.01 secs] 
4340.165: [GC (Allocation Failure) [PSYoungGen: 237696K->159072K(465920K)] 1216877K->1140706K(1864192K), 0.0318248 secs] [Times: user=0.19 sys=0.00, real=0.03 secs] 
4341.497: [GC (Allocation Failure) [PSYoungGen: 392032K->100064K(465920K)] 1373666K->1231626K(1864192K), 0.0979427 secs] [Times: user=0.59 sys=0.00, real=0.10 secs] 
4343.429: [GC (Allocation Failure) [PSYoungGen: 333024K->169728K(465920K)] 1464586K->1399531K(1864192K), 0.0541911 secs] [Times: user=0.32 sys=0.00, real=0.05 secs] 
4343.483: [Full GC (Ergonomics) [PSYoungGen: 169728K->0K(465920K)] [ParOldGen: 1229803K->197099K(1398272K)] 1399531K->197099K(1864192K), [Metaspace: 60432K->60432K(1105920K)], 0.4760351 secs] [Times: user=2.22 sys=0.00, real=0.48 secs] 
4346.274: [GC (Allocation Failure) [PSYoungGen: 232960K->90720K(465920K)] 430059K->287819K(1864192K), 0.0702586 secs] [Times: user=0.41 sys=0.00, real=0.07 secs] 
4348.030: [GC (Allocation Failure) [PSYoungGen: 315558K->159936K(465920K)] 512658K->445232K(1864192K), 0.0473770 secs] [Times: user=0.28 sys=0.00, real=0.05 secs] 
4351.135: [GC (Allocation Failure) [PSYoungGen: 392896K->93312K(465920K)] 678192K->529928K(1864192K), 0.1271589 secs] [Times: user=0.76 sys=0.00, real=0.12 secs] 
4352.837: [GC (Allocation Failure) [PSYoungGen: 313686K->160320K(465920K)] 750302K->684618K(1864192K), 0.0478130 secs] [Times: user=0.28 sys=0.00, real=0.05 secs] 
4355.153: [GC (Allocation Failure) [PSYoungGen: 393280K->91776K(461824K)] 917578K->767234K(1860096K), 0.1299995 secs] [Times: user=0.77 sys=0.00, real=0.13 secs] 
4357.982: [GC (Allocation Failure) [PSYoungGen: 312894K->159168K(463872K)] 988352K->922598K(1862144K), 0.1312171 secs] [Times: user=0.78 sys=0.00, real=0.13 secs] 
4362.636: [GC (Allocation Failure) [PSYoungGen: 392128K->85280K(463872K)] 1155558K->999654K(1862144K), 0.1376924 secs] [Times: user=0.82 sys=0.01, real=0.13 secs] 
4363.960: [GC (Allocation Failure) [PSYoungGen: 314324K->164384K(464896K)] 1228699K->1161635K(1863168K), 0.0476161 secs] [Times: user=0.28 sys=0.00, real=0.05 secs] 
4366.092: [GC (Allocation Failure) [PSYoungGen: 399392K->96288K(463872K)] 1396643K->1249187K(1862144K), 0.1644283 secs] [Times: user=0.97 sys=0.01, real=0.17 secs] 
4368.253: [GC (Allocation Failure) [PSYoungGen: 332320K->170368K(464896K)] 1485219K->1415880K(1863168K), 0.0512052 secs] [Times: user=0.30 sys=0.00, real=0.06 secs] 
4368.304: [Full GC (Ergonomics) [PSYoungGen: 170368K->0K(464896K)] [ParOldGen: 1245512K->213118K(1398272K)] 1415880K->213118K(1863168K), [Metaspace: 60432K->60432K(1105920K)], 0.4923689 secs] [Times: user=2.31 sys=0.00, real=0.49 secs] 
4372.499: [GC (Allocation Failure) [PSYoungGen: 236032K->83360K(466432K)] 449150K->296478K(1864704K), 0.1213897 secs] [Times: user=0.72 sys=0.00, real=0.12 secs] 
4373.786: [GC (Allocation Failure) [PSYoungGen: 316832K->170112K(465920K)] 529950K->462263K(1864192K), 0.0536866 secs] [Times: user=0.32 sys=0.00, real=0.05 secs] 
4378.294: [GC (Allocation Failure) [PSYoungGen: 403584K->84256K(465920K)] 695735K->546123K(1864192K), 0.1757040 secs] [Times: user=1.05 sys=0.00, real=0.18 secs] 
4378.878: [GC (Allocation Failure) [PSYoungGen: 317216K->175936K(465920K)] 779083K->716004K(1864192K), 0.0569055 secs] [Times: user=0.34 sys=0.00, real=0.06 secs] 
4382.088: [GC (Allocation Failure) [PSYoungGen: 408896K->83744K(465920K)] 948964K->799556K(1864192K), 0.1156243 secs] [Times: user=0.69 sys=0.00, real=0.11 secs] 
4382.510: [GC (Allocation Failure) [PSYoungGen: 315978K->207968K(465920K)] 1031791K->1001353K(1864192K), 0.0573069 secs] [Times: user=0.35 sys=0.00, real=0.06 secs] 
4385.375: [GC (Allocation Failure) [PSYoungGen: 440928K->85728K(465920K)] 1234313K->1053645K(1864192K), 0.1263939 secs] [Times: user=0.76 sys=0.00, real=0.12 secs] 
4387.510: [GC (Allocation Failure) [PSYoungGen: 318688K->159168K(465920K)] 1286605K->1205874K(1864192K), 0.0598561 secs] [Times: user=0.35 sys=0.00, real=0.06 secs] 
4390.318: [GC (Allocation Failure) [PSYoungGen: 386082K->92992K(465920K)] 1432788K->1298650K(1864192K), 0.1108823 secs] [Times: user=0.66 sys=0.00, real=0.11 secs] 
4390.429: [Full GC (Ergonomics) [PSYoungGen: 92992K->0K(465920K)] [ParOldGen: 1205658K->108082K(1398272K)] 1298650K->108082K(1864192K), [Metaspace: 60432K->60432K(1105920K)], 0.2645799 secs] [Times: user=1.22 sys=0.01, real=0.26 secs] 
4393.609: [GC (Allocation Failure) [PSYoungGen: 232960K->150720K(465920K)] 341042K->258802K(1864192K), 0.0420725 secs] [Times: user=0.25 sys=0.00, real=0.04 secs] 
4396.796: [GC (Allocation Failure) [PSYoungGen: 383680K->99520K(465920K)] 491762K->358506K(1864192K), 0.0951398 secs] [Times: user=0.56 sys=0.00, real=0.09 secs] 
4398.031: [GC (Allocation Failure) [PSYoungGen: 332480K->148352K(465920K)] 591466K->496322K(1864192K), 0.0592658 secs] [Times: user=0.36 sys=0.00, real=0.06 secs] 
4399.785: [GC (Allocation Failure) [PSYoungGen: 381312K->113568K(453632K)] 729282K->609731K(1851904K), 0.0813744 secs] [Times: user=0.48 sys=0.01, real=0.08 secs] 
4401.959: [GC (Allocation Failure) [PSYoungGen: 346528K->135296K(459776K)] 842691K->734015K(1858048K), 0.0604346 secs] [Times: user=0.36 sys=0.01, real=0.06 secs] 
4403.273: [GC (Allocation Failure) [PSYoungGen: 368256K->143552K(465408K)] 966975K->877343K(1863680K), 0.0589528 secs] [Times: user=0.35 sys=0.00, real=0.06 secs] 
4405.542: [GC (Allocation Failure) [PSYoungGen: 395456K->5792K(468480K)] 1129247K->739623K(1866752K), 0.0028520 secs] [Times: user=0.02 sys=0.00, real=0.01 secs] 
4407.928: [GC (Allocation Failure) [PSYoungGen: 257696K->181504K(461824K)] 991527K->919036K(1860096K), 0.0347933 secs] [Times: user=0.21 sys=0.00, real=0.03 secs] 
4410.112: [GC (Allocation Failure) [PSYoungGen: 414464K->96736K(465920K)] 1151996K->998468K(1864192K), 0.1693687 secs] [Times: user=1.01 sys=0.01, real=0.17 secs] 
4412.258: [GC (Allocation Failure) [PSYoungGen: 318543K->160096K(465920K)] 1220276K->1154873K(1864192K), 0.0497095 secs] [Times: user=0.30 sys=0.00, real=0.05 secs] 
4414.929: [GC (Allocation Failure) [PSYoungGen: 393056K->92544K(325632K)] 1387833K->1238377K(1723904K), 0.1623092 secs] [Times: user=0.96 sys=0.01, real=0.16 secs] 
4416.590: [GC (Allocation Failure) [PSYoungGen: 325504K->166752K(463872K)] 1471337K->1401678K(1862144K), 0.0498755 secs] [Times: user=0.30 sys=0.00, real=0.05 secs] 
4416.640: [Full GC (Ergonomics) [PSYoungGen: 166752K->0K(463872K)] [ParOldGen: 1234926K->206266K(1398272K)] 1401678K->206266K(1862144K), [Metaspace: 60432K->60432K(1105920K)], 0.4695549 secs] [Times: user=2.17 sys=0.00, real=0.47 secs] 
4420.238: [GC (Allocation Failure) [PSYoungGen: 231936K->86048K(464896K)] 438202K->292314K(1863168K), 0.1635208 secs] [Times: user=0.97 sys=0.00, real=0.16 secs] 
4421.377: [GC (Allocation Failure) [PSYoungGen: 317984K->165984K(465920K)] 524250K->454251K(1864192K), 0.0542600 secs] [Times: user=0.33 sys=0.00, real=0.05 secs] 
4424.306: [GC (Allocation Failure) [PSYoungGen: 395454K->87168K(465920K)] 683722K->540791K(1864192K), 0.1509121 secs] [Times: user=0.90 sys=0.00, real=0.15 secs] 
4424.911: [GC (Allocation Failure) [PSYoungGen: 320128K->167808K(465920K)] 773751K->704776K(1864192K), 0.0556037 secs] [Times: user=0.33 sys=0.00, real=0.06 secs] 
4428.744: [GC (Allocation Failure) [PSYoungGen: 400768K->85536K(465920K)] 937736K->789656K(1864192K), 0.1659196 secs] [Times: user=0.99 sys=0.00, real=0.17 secs] 
4429.250: [GC (Allocation Failure) [PSYoungGen: 318496K->173216K(465920K)] 1022616K->956737K(1864192K), 0.0567203 secs] [Times: user=0.34 sys=0.00, real=0.06 secs] 
4433.405: [GC (Allocation Failure) [PSYoungGen: 406176K->86848K(465920K)] 1189697K->1042913K(1864192K), 0.1476654 secs] [Times: user=0.87 sys=0.00, real=0.14 secs] 
4434.160: [GC (Allocation Failure) [PSYoungGen: 318052K->205504K(465920K)] 1274117K->1242286K(1864192K), 0.0627900 secs] [Times: user=0.38 sys=0.00, real=0.06 secs] 
4437.677: [GC (Allocation Failure) [PSYoungGen: 438464K->86752K(465920K)] 1475246K->1294206K(1864192K), 0.1189872 secs] [Times: user=0.71 sys=0.00, real=0.12 secs] 
4437.796: [Full GC (Ergonomics) [PSYoungGen: 86752K->0K(465920K)] [ParOldGen: 1207454K->102331K(1398272K)] 1294206K->102331K(1864192K), [Metaspace: 60432K->60432K(1105920K)], 0.2368797 secs] [Times: user=1.08 sys=0.00, real=0.23 secs] 
4439.094: [GC (Allocation Failure) [PSYoungGen: 232960K->157824K(465920K)] 335291K->260155K(1864192K), 0.0448602 secs] [Times: user=0.26 sys=0.00, real=0.05 secs] 
4442.384: [GC (Allocation Failure) [PSYoungGen: 390784K->98432K(465920K)] 493115K->358323K(1864192K), 0.1018619 secs] [Times: user=0.59 sys=0.00, real=0.10 secs] 
4443.640: [GC (Allocation Failure) [PSYoungGen: 331392K->150560K(465920K)] 591283K->498058K(1864192K), 0.0595163 secs] [Times: user=0.35 sys=0.00, real=0.06 secs] 
4447.716: [GC (Allocation Failure) [PSYoungGen: 383520K->108224K(465920K)] 731018K->605818K(1864192K), 0.0906682 secs] [Times: user=0.55 sys=0.00, real=0.09 secs] 
4448.976: [GC (Allocation Failure) [PSYoungGen: 341184K->139936K(455680K)] 838778K->735367K(1853952K), 0.0603452 secs] [Times: user=0.36 sys=0.00, real=0.06 secs] 
4451.592: [GC (Allocation Failure) [PSYoungGen: 372896K->123968K(460800K)] 968327K->859079K(1859072K), 0.0700089 secs] [Times: user=0.41 sys=0.00, real=0.07 secs] 
4452.797: [GC (Allocation Failure) [PSYoungGen: 356928K->124064K(458752K)] 1092039K->972756K(1857024K), 0.0620424 secs] [Times: user=0.37 sys=0.00, real=0.06 secs] 
4455.512: [GC (Allocation Failure) [PSYoungGen: 376480K->163296K(462848K)] 1225172K->1135964K(1861120K), 0.0593749 secs] [Times: user=0.35 sys=0.00, real=0.06 secs] 
4457.460: [GC (Allocation Failure) [PSYoungGen: 415712K->20512K(462848K)] 1388380K->993220K(1861120K), 0.0202146 secs] [Times: user=0.11 sys=0.00, real=0.02 secs] 
4459.617: [GC (Allocation Failure) [PSYoungGen: 252488K->164896K(412672K)] 1225197K->1155409K(1810944K), 0.0374666 secs] [Times: user=0.22 sys=0.00, real=0.04 secs] 
4461.204: [GC (Allocation Failure) [PSYoungGen: 412192K->105536K(474624K)] 1402705K->1251961K(1872896K), 0.0895003 secs] [Times: user=0.53 sys=0.00, real=0.08 secs] 
4462.362: [GC (Allocation Failure) [PSYoungGen: 348224K->175904K(418816K)] 1494649K->1424101K(1817088K), 0.0546110 secs] [Times: user=0.32 sys=0.00, real=0.06 secs] 
4462.416: [Full GC (Ergonomics) [PSYoungGen: 175904K->0K(418816K)] [ParOldGen: 1248197K->227711K(1398272K)] 1424101K->227711K(1817088K), [Metaspace: 60432K->60432K(1105920K)], 0.5349833 secs] [Times: user=2.50 sys=0.00, real=0.53 secs] 
4466.670: [GC (Allocation Failure) [PSYoungGen: 242688K->88576K(468992K)] 470399K->316287K(1867264K), 0.0985725 secs] [Times: user=0.58 sys=0.00, real=0.10 secs] 
4467.266: [GC (Allocation Failure) [PSYoungGen: 324608K->181440K(465920K)] 552319K->491600K(1864192K), 0.0577578 secs] [Times: user=0.34 sys=0.00, real=0.06 secs] 
4471.439: [GC (Allocation Failure) [PSYoungGen: 417472K->86560K(465920K)] 727632K->578432K(1864192K), 0.1251936 secs] [Times: user=0.75 sys=0.00, real=0.13 secs] 
4472.680: [GC (Allocation Failure) [PSYoungGen: 319520K->158432K(465920K)] 811392K->730321K(1864192K), 0.0597563 secs] [Times: user=0.36 sys=0.00, real=0.06 secs] 
4475.496: [GC (Allocation Failure) [PSYoungGen: 386798K->93120K(465920K)] 958687K->823609K(1864192K), 0.1031885 secs] [Times: user=0.61 sys=0.00, real=0.10 secs] 
4476.694: [GC (Allocation Failure) [PSYoungGen: 326080K->151584K(385024K)] 1056569K->968673K(1783296K), 0.0599362 secs] [Times: user=0.35 sys=0.00, real=0.05 secs] 
4479.254: [GC (Allocation Failure) [PSYoungGen: 384544K->111200K(473088K)] 1201633K->1079637K(1871360K), 0.0864003 secs] [Times: user=0.51 sys=0.00, real=0.08 secs] 
4480.523: [GC (Allocation Failure) [PSYoungGen: 351840K->145472K(386560K)] 1320277K->1206114K(1784832K), 0.0601771 secs] [Times: user=0.36 sys=0.00, real=0.06 secs] 
4484.434: [GC (Allocation Failure) [PSYoungGen: 386112K->127008K(472064K)] 1446754K->1333034K(1870336K), 0.0786856 secs] [Times: user=0.46 sys=0.00, real=0.07 secs] 
4484.512: [Full GC (Ergonomics) [PSYoungGen: 127008K->0K(472064K)] [ParOldGen: 1206026K->142026K(1398272K)] 1333034K->142026K(1870336K), [Metaspace: 60432K->60432K(1105920K)], 0.3305033 secs] [Times: user=1.53 sys=0.00, real=0.33 secs] 
4485.947: [GC (Allocation Failure) [PSYoungGen: 250368K->124224K(463360K)] 392394K->266250K(1861632K), 0.0424360 secs] [Times: user=0.25 sys=0.00, real=0.04 secs] 
4488.277: [GC (Allocation Failure) [PSYoungGen: 374592K->172672K(459776K)] 516618K->437347K(1858048K), 0.0634745 secs] [Times: user=0.37 sys=0.00, real=0.06 secs] 
4490.628: [GC (Allocation Failure) [PSYoungGen: 427648K->106144K(468992K)] 692323K->534855K(1867264K), 0.1299060 secs] [Times: user=0.78 sys=0.00, real=0.13 secs] 
4492.498: [GC (Allocation Failure) [PSYoungGen: 361120K->185696K(463872K)] 789831K->716204K(1862144K), 0.0554566 secs] [Times: user=0.33 sys=0.00, real=0.05 secs] 
4497.146: [GC (Allocation Failure) [PSYoungGen: 439136K->98464K(476160K)] 969644K->814476K(1874432K), 0.1554244 secs] [Times: user=0.93 sys=0.00, real=0.15 secs] 
4498.461: [GC (Allocation Failure) [PSYoungGen: 351904K->171392K(466944K)] 1067916K->979017K(1865216K), 0.0650310 secs] [Times: user=0.39 sys=0.00, real=0.07 secs] 
4501.291: [GC (Allocation Failure) [PSYoungGen: 417664K->114048K(472576K)] 1225289K->1092685K(1870848K), 0.0932644 secs] [Times: user=0.56 sys=0.00, real=0.10 secs] 
4502.539: [GC (Allocation Failure) [PSYoungGen: 360320K->135232K(457216K)] 1338957K->1217190K(1855488K), 0.0615222 secs] [Times: user=0.37 sys=0.00, real=0.06 secs] 
4506.497: [GC (Allocation Failure) [PSYoungGen: 387136K->150720K(464896K)] 1469094K->1367350K(1863168K), 0.0611128 secs] [Times: user=0.36 sys=0.00, real=0.06 secs] 
4506.558: [Full GC (Ergonomics) [PSYoungGen: 150720K->0K(464896K)] [ParOldGen: 1216630K->165669K(1398272K)] 1367350K->165669K(1863168K), [Metaspace: 60439K->60439K(1105920K)], 0.3893542 secs] [Times: user=1.81 sys=0.00, real=0.39 secs] 
4508.769: [GC (Allocation Failure) [PSYoungGen: 251904K->112864K(476160K)] 417573K->278533K(1874432K), 0.1039628 secs] [Times: user=0.61 sys=0.01, real=0.10 secs] 
4511.921: [GC (Allocation Failure) [PSYoungGen: 387296K->188512K(463360K)] 552965K->464050K(1861632K), 0.0607674 secs] [Times: user=0.36 sys=0.00, real=0.06 secs] 
4516.145: [GC (Allocation Failure) [PSYoungGen: 462944K->113536K(482304K)] 738482K->577102K(1880576K), 0.1388591 secs] [Times: user=0.82 sys=0.00, real=0.14 secs] 
4517.438: [GC (Allocation Failure) [PSYoungGen: 375168K->169440K(431104K)] 838734K->739755K(1829376K), 0.0676171 secs] [Times: user=0.41 sys=0.00, real=0.07 secs] 
4520.188: [GC (Allocation Failure) [PSYoungGen: 431072K->131360K(484864K)] 1001387K->870587K(1883136K), 0.0730151 secs] [Times: user=0.43 sys=0.00, real=0.07 secs] 
4521.420: [GC (Allocation Failure) [PSYoungGen: 395040K->9824K(273920K)] 1134267K->749111K(1672192K), 0.0038722 secs] [Times: user=0.02 sys=0.00, real=0.01 secs] 
4525.562: [GC (Allocation Failure) [PSYoungGen: 265759K->175040K(461824K)] 1005046K->921891K(1860096K), 0.0361932 secs] [Times: user=0.21 sys=0.00, real=0.04 secs] 
4527.535: [GC (Allocation Failure) [PSYoungGen: 408000K->93888K(465920K)] 1154851K->1007004K(1864192K), 0.1709006 secs] [Times: user=1.02 sys=0.00, real=0.17 secs] 
4529.545: [GC (Allocation Failure) [PSYoungGen: 326848K->165472K(465408K)] 1239964K->1169245K(1863680K), 0.0545912 secs] [Times: user=0.33 sys=0.00, real=0.05 secs] 
4532.776: [GC (Allocation Failure) [PSYoungGen: 398432K->83776K(465920K)] 1402205K->1252877K(1864192K), 0.1729300 secs] [Times: user=1.03 sys=0.00, real=0.17 secs] 
4532.949: [Full GC (Ergonomics) [PSYoungGen: 83776K->0K(465920K)] [ParOldGen: 1169101K->52150K(1398272K)] 1252877K->52150K(1864192K), [Metaspace: 60456K->60456K(1105920K)], 0.1513253 secs] [Times: user=0.68 sys=0.00, real=0.15 secs] 
4535.481: [GC (Allocation Failure) [PSYoungGen: 232960K->165920K(465920K)] 285110K->218070K(1864192K), 0.1046997 secs] [Times: user=0.62 sys=0.00, real=0.11 secs] 
4538.874: [GC (Allocation Failure) [PSYoungGen: 398880K->82432K(465920K)] 451030K->300642K(1864192K), 0.1524028 secs] [Times: user=0.86 sys=0.01, real=0.15 secs] 
4539.722: [GC (Allocation Failure) [PSYoungGen: 315392K->171392K(465920K)] 533602K->468757K(1864192K), 0.0571037 secs] [Times: user=0.34 sys=0.00, real=0.06 secs] 
4542.746: [GC (Allocation Failure) [PSYoungGen: 404352K->82848K(465920K)] 701717K->551805K(1864192K), 0.1582800 secs] [Times: user=0.92 sys=0.00, real=0.16 secs] 
4544.519: [GC (Allocation Failure) [PSYoungGen: 315808K->173600K(465920K)] 784765K->718870K(1864192K), 0.1395717 secs] [Times: user=0.83 sys=0.01, real=0.14 secs] 
4547.622: [GC (Allocation Failure) [PSYoungGen: 406560K->87968K(465920K)] 951830K->806742K(1864192K), 0.1500852 secs] [Times: user=0.90 sys=0.00, real=0.15 secs] 
4548.376: [GC (Allocation Failure) [PSYoungGen: 319822K->206656K(465920K)] 1038596K->1007151K(1864192K), 0.0619212 secs] [Times: user=0.37 sys=0.00, real=0.06 secs] 
4551.766: [GC (Allocation Failure) [PSYoungGen: 439616K->84832K(465920K)] 1240111K->1056995K(1864192K), 0.1289916 secs] [Times: user=0.77 sys=0.00, real=0.13 secs] 
4553.008: [GC (Allocation Failure) [PSYoungGen: 317792K->159680K(465920K)] 1289955K->1209988K(1864192K), 0.0594103 secs] [Times: user=0.36 sys=0.00, real=0.06 secs] 
4555.329: [GC (Allocation Failure) [PSYoungGen: 392640K->102176K(465920K)] 1442948K->1312380K(1864192K), 0.0966559 secs] [Times: user=0.57 sys=0.00, real=0.10 secs] 
4555.426: [Full GC (Ergonomics) [PSYoungGen: 102176K->0K(465920K)] [ParOldGen: 1210204K->117268K(1398272K)] 1312380K->117268K(1864192K), [Metaspace: 60456K->60456K(1105920K)], 0.2575687 secs] [Times: user=1.18 sys=0.00, real=0.25 secs] 
4556.761: [GC (Allocation Failure) [PSYoungGen: 232960K->146688K(465920K)] 350228K->263956K(1864192K), 0.0537628 secs] [Times: user=0.32 sys=0.00, real=0.06 secs] 
4559.928: [GC (Allocation Failure) [PSYoungGen: 379648K->114592K(465920K)] 496916K->378312K(1864192K), 0.0997063 secs] [Times: user=0.59 sys=0.00, real=0.10 secs] 
4561.141: [GC (Allocation Failure) [PSYoungGen: 347552K->134304K(449536K)] 611272K->501879K(1847808K), 0.0602960 secs] [Times: user=0.35 sys=0.00, real=0.06 secs] 
4563.494: [GC (Allocation Failure) [PSYoungGen: 367264K->130496K(457728K)] 734839K->632039K(1856000K), 0.0585349 secs] [Times: user=0.34 sys=0.01, real=0.05 secs] 
4564.656: [GC (Allocation Failure) [PSYoungGen: 363456K->864K(456704K)] 864999K->502487K(1854976K), 0.0035501 secs] [Times: user=0.02 sys=0.00, real=0.00 secs] 
4567.642: [GC (Allocation Failure) [PSYoungGen: 242016K->150656K(392192K)] 743639K->652295K(1790464K), 0.0297993 secs] [Times: user=0.17 sys=0.00, real=0.03 secs] 
4569.043: [GC (Allocation Failure) [PSYoungGen: 391808K->12768K(462848K)] 893447K->514455K(1861120K), 0.0061733 secs] [Times: user=0.03 sys=0.00, real=0.01 secs] 
4572.060: [GC (Allocation Failure) [PSYoungGen: 245728K->158240K(465920K)] 747415K->670396K(1864192K), 0.0340117 secs] [Times: user=0.20 sys=0.00, real=0.03 secs] 
4573.608: [GC (Allocation Failure) [PSYoungGen: 391200K->97728K(464896K)] 903356K->758832K(1863168K), 0.1342566 secs] [Times: user=0.80 sys=0.00, real=0.13 secs] 
4576.380: [GC (Allocation Failure) [PSYoungGen: 330317K->167008K(465408K)] 991422K->922797K(1863680K), 0.0534851 secs] [Times: user=0.31 sys=0.00, real=0.06 secs] 
4578.869: [GC (Allocation Failure) [PSYoungGen: 399968K->92832K(465920K)] 1155757K->1006669K(1864192K), 0.1674017 secs] [Times: user=1.00 sys=0.00, real=0.17 secs] 
4580.864: [GC (Allocation Failure) [PSYoungGen: 325792K->167424K(465920K)] 1239629K->1169998K(1864192K), 0.0500860 secs] [Times: user=0.30 sys=0.00, real=0.05 secs] 
4584.476: [GC (Allocation Failure) [PSYoungGen: 400384K->83840K(465920K)] 1402958K->1253310K(1864192K), 0.1733645 secs] [Times: user=1.03 sys=0.01, real=0.17 secs] 
4584.649: [Full GC (Ergonomics) [PSYoungGen: 83840K->0K(465920K)] [ParOldGen: 1169470K->51680K(1398272K)] 1253310K->51680K(1864192K), [Metaspace: 60456K->60456K(1105920K)], 0.1463280 secs] [Times: user=0.65 sys=0.00, real=0.15 secs] 
4586.228: [GC (Allocation Failure) [PSYoungGen: 232960K->169408K(465920K)] 284640K->221088K(1864192K), 0.0358793 secs] [Times: user=0.21 sys=0.00, real=0.04 secs] 
4589.650: [GC (Allocation Failure) [PSYoungGen: 402368K->84416K(465920K)] 454048K->305096K(1864192K), 0.1718470 secs] [Times: user=1.02 sys=0.00, real=0.17 secs] 
4590.947: [GC (Allocation Failure) [PSYoungGen: 317376K->188416K(465920K)] 538056K->489405K(1864192K), 0.0561926 secs] [Times: user=0.34 sys=0.00, real=0.05 secs] 
4594.015: [GC (Allocation Failure) [PSYoungGen: 421376K->81312K(465920K)] 722365K->554393K(1864192K), 0.1610746 secs] [Times: user=0.96 sys=0.01, real=0.16 secs] 
4594.560: [GC (Allocation Failure) [PSYoungGen: 314272K->178976K(465920K)] 787353K->727582K(1864192K), 0.0566470 secs] [Times: user=0.34 sys=0.00, real=0.06 secs] 
4598.450: [GC (Allocation Failure) [PSYoungGen: 411936K->80768K(465920K)] 960542K->808594K(1864192K), 0.1463705 secs] [Times: user=0.87 sys=0.00, real=0.15 secs] 
4599.055: [GC (Allocation Failure) [PSYoungGen: 313728K->206592K(465920K)] 1041554K->1008993K(1864192K), 0.0577719 secs] [Times: user=0.34 sys=0.00, real=0.05 secs] 
4602.200: [GC (Allocation Failure) [PSYoungGen: 439552K->88992K(465920K)] 1241953K->1062993K(1864192K), 0.1159520 secs] [Times: user=0.69 sys=0.00, real=0.12 secs] 
4603.404: [GC (Allocation Failure) [PSYoungGen: 321952K->155520K(465920K)] 1295953K->1211984K(1864192K), 0.0597635 secs] [Times: user=0.36 sys=0.00, real=0.06 secs] 
4606.728: [GC (Allocation Failure) [PSYoungGen: 382946K->93088K(465920K)] 1439411K->1304672K(1864192K), 0.1037658 secs] [Times: user=0.62 sys=0.00, real=0.10 secs] 
4606.832: [Full GC (Ergonomics) [PSYoungGen: 93088K->0K(465920K)] [ParOldGen: 1211584K->108654K(1398272K)] 1304672K->108654K(1864192K), [Metaspace: 60458K->60458K(1105920K)], 0.2621746 secs] [Times: user=1.21 sys=0.00, real=0.27 secs] 
4608.129: [GC (Allocation Failure) [PSYoungGen: 232960K->151808K(465920K)] 341614K->260462K(1864192K), 0.0423106 secs] [Times: user=0.25 sys=0.00, real=0.04 secs] 
4611.438: [GC (Allocation Failure) [PSYoungGen: 384768K->103776K(465920K)] 493422K->363678K(1864192K), 0.0900746 secs] [Times: user=0.53 sys=0.00, real=0.09 secs] 
4612.631: [GC (Allocation Failure) [PSYoungGen: 336736K->145056K(465920K)] 596638K->498271K(1864192K), 0.0595382 secs] [Times: user=0.36 sys=0.00, real=0.06 secs] 
4615.604: [GC (Allocation Failure) [PSYoungGen: 378016K->118272K(455680K)] 731231K->616031K(1853952K), 0.0729783 secs] [Times: user=0.43 sys=0.00, real=0.07 secs] 
4616.795: [GC (Allocation Failure) [PSYoungGen: 351232K->129760K(460800K)] 848991K->735516K(1859072K), 0.0616395 secs] [Times: user=0.37 sys=0.00, real=0.06 secs] 
4619.331: [GC (Allocation Failure) [PSYoungGen: 362720K->139456K(465920K)] 968476K->874876K(1864192K), 0.0638874 secs] [Times: user=0.38 sys=0.00, real=0.07 secs] 
4620.529: [GC (Allocation Failure) [PSYoungGen: 391872K->7328K(466432K)] 1127292K->742916K(1864704K), 0.0041418 secs] [Times: user=0.02 sys=0.00, real=0.00 secs] 
4623.492: [GC (Allocation Failure) [PSYoungGen: 259744K->171360K(459264K)] 995332K->912721K(1857536K), 0.0356105 secs] [Times: user=0.21 sys=0.00, real=0.04 secs] 
4625.105: [GC (Allocation Failure) [PSYoungGen: 404320K->97024K(465920K)] 1145681K->1000637K(1864192K), 0.1746803 secs] [Times: user=1.03 sys=0.01, real=0.17 secs] 
4626.960: [GC (Allocation Failure) [PSYoungGen: 317671K->159968K(462336K)] 1221284K->1156578K(1860608K), 0.0517686 secs] [Times: user=0.31 sys=0.00, real=0.05 secs] 
4629.430: [GC (Allocation Failure) [PSYoungGen: 393952K->92256K(326656K)] 1390562K->1240050K(1724928K), 0.1743651 secs] [Times: user=1.03 sys=0.01, real=0.18 secs] 
4631.342: [GC (Allocation Failure) [PSYoungGen: 313724K->159872K(460800K)] 1461518K->1395683K(1859072K), 0.0490656 secs] [Times: user=0.29 sys=0.00, real=0.05 secs] 
4631.391: [Full GC (Ergonomics) [PSYoungGen: 159872K->0K(460800K)] [ParOldGen: 1235811K->197824K(1398272K)] 1395683K->197824K(1859072K), [Metaspace: 60458K->60458K(1105920K)], 0.4568546 secs] [Times: user=2.12 sys=0.00, real=0.46 secs] 
4633.839: [GC (Allocation Failure) [PSYoungGen: 233984K->94304K(464896K)] 431808K->292128K(1863168K), 0.0987415 secs] [Times: user=0.58 sys=0.01, real=0.10 secs] 
4636.195: [GC (Allocation Failure) [PSYoungGen: 312581K->157312K(463360K)] 510406K->445053K(1861632K), 0.0478099 secs] [Times: user=0.28 sys=0.00, real=0.04 secs] 
4639.235: [GC (Allocation Failure) [PSYoungGen: 395392K->94304K(466432K)] 683133K->530469K(1864704K), 0.1708292 secs] [Times: user=1.02 sys=0.00, real=0.17 secs] 
4641.619: [GC (Allocation Failure) [PSYoungGen: 332384K->172992K(458240K)] 768549K->699746K(1856512K), 0.0504538 secs] [Times: user=0.30 sys=0.00, real=0.05 secs] 
4644.668: [GC (Allocation Failure) [PSYoungGen: 408000K->87456K(466944K)] 934754K->787098K(1865216K), 0.1579178 secs] [Times: user=0.94 sys=0.00, real=0.16 secs] 
4645.704: [GC (Allocation Failure) [PSYoungGen: 322464K->190912K(461312K)] 1022106K->974195K(1859584K), 0.0571233 secs] [Times: user=0.34 sys=0.00, real=0.06 secs] 
4650.082: [GC (Allocation Failure) [PSYoungGen: 423872K->76128K(465920K)] 1207155K->1034123K(1864192K), 0.1836738 secs] [Times: user=1.10 sys=0.00, real=0.19 secs] 
4650.814: [GC (Allocation Failure) [PSYoungGen: 309088K->178880K(465920K)] 1267083K->1207140K(1864192K), 0.0562778 secs] [Times: user=0.34 sys=0.00, real=0.06 secs] 
4654.101: [GC (Allocation Failure) [PSYoungGen: 411840K->82688K(465920K)] 1440100K->1290048K(1864192K), 0.1404684 secs] [Times: user=0.84 sys=0.00, real=0.14 secs] 
4654.241: [Full GC (Ergonomics) [PSYoungGen: 82688K->0K(465920K)] [ParOldGen: 1207360K->88144K(1398272K)] 1290048K->88144K(1864192K), [Metaspace: 60458K->60458K(1105920K)], 0.2215063 secs] [Times: user=1.02 sys=0.00, real=0.22 secs] 
4656.247: [GC (Allocation Failure) [PSYoungGen: 232960K->208256K(465920K)] 321104K->296400K(1864192K), 0.0368139 secs] [Times: user=0.22 sys=0.00, real=0.04 secs] 
4658.537: [GC (Allocation Failure) [PSYoungGen: 441216K->87872K(465920K)] 529360K->347408K(1864192K), 0.1077001 secs] [Times: user=0.64 sys=0.00, real=0.11 secs] 
4661.252: [GC (Allocation Failure) [PSYoungGen: 320832K->156448K(465920K)] 580368K->496921K(1864192K), 0.0585256 secs] [Times: user=0.35 sys=0.00, real=0.06 secs] 
4662.613: [GC (Allocation Failure) [PSYoungGen: 389408K->108832K(465920K)] 729881K->605977K(1864192K), 0.0974135 secs] [Times: user=0.58 sys=0.00, real=0.10 secs] 
4664.255: [GC (Allocation Failure) [PSYoungGen: 341792K->147456K(465920K)] 838937K->734728K(1864192K), 0.0599812 secs] [Times: user=0.36 sys=0.00, real=0.06 secs] 
4665.886: [GC (Allocation Failure) [PSYoungGen: 380416K->119360K(465920K)] 967688K->853900K(1864192K), 0.1120498 secs] [Times: user=0.67 sys=0.00, real=0.11 secs] 
4667.929: [GC (Allocation Failure) [PSYoungGen: 352320K->128352K(446464K)] 1086860K->972331K(1844736K), 0.0619792 secs] [Times: user=0.37 sys=0.00, real=0.06 secs] 
4671.387: [GC (Allocation Failure) [PSYoungGen: 361312K->133312K(456192K)] 1205291K->1105395K(1854464K), 0.0651592 secs] [Times: user=0.39 sys=0.00, real=0.06 secs] 
4672.562: [GC (Allocation Failure) [PSYoungGen: 366272K->2432K(457216K)] 1338355K->974623K(1855488K), 0.0035121 secs] [Times: user=0.02 sys=0.00, real=0.01 secs] 
4675.410: [GC (Allocation Failure) [PSYoungGen: 244608K->155328K(397824K)] 1216799K->1128620K(1796096K), 0.0310421 secs] [Times: user=0.18 sys=0.00, real=0.03 secs] 
4677.054: [GC (Allocation Failure) [PSYoungGen: 397504K->14688K(464384K)] 1370796K->988076K(1862656K), 0.0052226 secs] [Times: user=0.02 sys=0.01, real=0.00 secs] 
4678.685: [GC (Allocation Failure) [PSYoungGen: 247648K->170048K(465920K)] 1221036K->1155457K(1864192K), 0.0369051 secs] [Times: user=0.22 sys=0.00, real=0.03 secs] 
4680.378: [GC (Allocation Failure) [PSYoungGen: 403008K->92576K(465920K)] 1388417K->1238993K(1864192K), 0.1644816 secs] [Times: user=0.98 sys=0.01, real=0.16 secs] 
4682.216: [GC (Allocation Failure) [PSYoungGen: 325536K->183968K(465920K)] 1471953K->1419082K(1864192K), 0.0753384 secs] [Times: user=0.44 sys=0.00, real=0.07 secs] 
4682.292: [Full GC (Ergonomics) [PSYoungGen: 183968K->0K(465920K)] [ParOldGen: 1235114K->205932K(1398272K)] 1419082K->205932K(1864192K), [Metaspace: 60459K->60459K(1105920K)], 0.4745892 secs] [Times: user=2.10 sys=0.00, real=0.48 secs] 
4685.455: [GC (Allocation Failure) [PSYoungGen: 232960K->85056K(465920K)] 438892K->290988K(1864192K), 0.1553710 secs] [Times: user=0.93 sys=0.01, real=0.15 secs] 
4687.159: [GC (Allocation Failure) [PSYoungGen: 318016K->171072K(465920K)] 523948K->457938K(1864192K), 0.0538423 secs] [Times: user=0.32 sys=0.00, real=0.05 secs] 
4689.046: [GC (Allocation Failure) [PSYoungGen: 404032K->89152K(465920K)] 690898K->546782K(1864192K), 0.1143024 secs] [Times: user=0.68 sys=0.00, real=0.11 secs] 
4689.734: [GC (Allocation Failure) [PSYoungGen: 322112K->175136K(465920K)] 779742K->716131K(1864192K), 0.0573715 secs] [Times: user=0.34 sys=0.00, real=0.06 secs] 
4693.141: [GC (Allocation Failure) [PSYoungGen: 408096K->84448K(465920K)] 949091K->800351K(1864192K), 0.1317629 secs] [Times: user=0.79 sys=0.00, real=0.13 secs] 
4694.328: [GC (Allocation Failure) [PSYoungGen: 317408K->173248K(465920K)] 1033311K->967691K(1864192K), 0.0844532 secs] [Times: user=0.50 sys=0.00, real=0.08 secs] 
4698.171: [GC (Allocation Failure) [PSYoungGen: 406208K->84192K(465920K)] 1200651K->1052156K(1864192K), 0.1272134 secs] [Times: user=0.76 sys=0.00, real=0.13 secs] 
4699.287: [GC (Allocation Failure) [PSYoungGen: 315421K->199744K(465920K)] 1283385K->1245836K(1864192K), 0.0668335 secs] [Times: user=0.40 sys=0.00, real=0.06 secs] 
4702.804: [GC (Allocation Failure) [PSYoungGen: 432704K->90080K(465920K)] 1478796K->1298772K(1864192K), 0.1117269 secs] [Times: user=0.67 sys=0.01, real=0.11 secs] 
4702.916: [Full GC (Ergonomics) [PSYoungGen: 90080K->0K(465920K)] [ParOldGen: 1208692K->104907K(1398272K)] 1298772K->104907K(1864192K), [Metaspace: 60459K->60459K(1105920K)], 0.2494720 secs] [Times: user=1.07 sys=0.00, real=0.25 secs] 
4704.229: [GC (Allocation Failure) [PSYoungGen: 232960K->153920K(465920K)] 337867K->258827K(1864192K), 0.0435279 secs] [Times: user=0.26 sys=0.00, real=0.04 secs] 
4709.036: [GC (Allocation Failure) [PSYoungGen: 379655K->92864K(465920K)] 484562K->351747K(1864192K), 0.1072973 secs] [Times: user=0.64 sys=0.00, real=0.10 secs] 
4710.245: [GC (Allocation Failure) [PSYoungGen: 325824K->150624K(465920K)] 584707K->496111K(1864192K), 0.0588377 secs] [Times: user=0.35 sys=0.00, real=0.05 secs] 
4711.954: [GC (Allocation Failure) [PSYoungGen: 383584K->103680K(465920K)] 729071K->599975K(1864192K), 0.0941468 secs] [Times: user=0.56 sys=0.01, real=0.09 secs] 
4714.975: [GC (Allocation Failure) [PSYoungGen: 336640K->145056K(465920K)] 832935K->733920K(1864192K), 0.0596179 secs] [Times: user=0.35 sys=0.00, real=0.06 secs] 
4715.578: [GC (Allocation Failure) [PSYoungGen: 378016K->119136K(449536K)] 966880K->853264K(1847808K), 0.0759966 secs] [Times: user=0.45 sys=0.00, real=0.08 secs] 
4718.364: [GC (Allocation Failure) [PSYoungGen: 352096K->128992K(457728K)] 1086224K->971728K(1856000K), 0.0610484 secs] [Times: user=0.37 sys=0.00, real=0.06 secs] 
4719.640: [GC (Allocation Failure) [PSYoungGen: 361952K->136768K(464384K)] 1204688K->1108436K(1862656K), 0.0580836 secs] [Times: user=0.35 sys=0.00, real=0.06 secs] 
4722.204: [GC (Allocation Failure) [PSYoungGen: 394816K->5856K(468992K)] 1366484K->977564K(1867264K), 0.0032138 secs] [Times: user=0.01 sys=0.00, real=0.00 secs] 
4723.632: [GC (Allocation Failure) [PSYoungGen: 256909K->178464K(456192K)] 1228618K->1154790K(1854464K), 0.0508455 secs] [Times: user=0.29 sys=0.00, real=0.05 secs] 
4726.321: [GC (Allocation Failure) [PSYoungGen: 411424K->92288K(465920K)] 1387750K->1238366K(1864192K), 0.1196060 secs] [Times: user=0.71 sys=0.00, real=0.12 secs] 
4728.788: [GC (Allocation Failure) [PSYoungGen: 314062K->159200K(462336K)] 1460141K->1393267K(1860608K), 0.0484253 secs] [Times: user=0.28 sys=0.00, real=0.05 secs] 
4728.836: [Full GC (Ergonomics) [PSYoungGen: 159200K->0K(462336K)] [ParOldGen: 1234067K->197602K(1398272K)] 1393267K->197602K(1860608K), [Metaspace: 60459K->60459K(1105920K)], 0.4680087 secs] [Times: user=2.19 sys=0.00, real=0.47 secs] 
4730.862: [GC (Allocation Failure) [PSYoungGen: 232960K->96064K(329216K)] 430562K->293666K(1727488K), 0.0650942 secs] [Times: user=0.39 sys=0.00, real=0.07 secs] 
4732.408: [GC (Allocation Failure) [PSYoungGen: 329024K->166112K(457216K)] 526626K->455687K(1855488K), 0.0494260 secs] [Times: user=0.29 sys=0.00, real=0.05 secs] 
4735.070: [GC (Allocation Failure) [PSYoungGen: 396512K->89952K(463360K)] 686087K->544859K(1861632K), 0.1651083 secs] [Times: user=0.98 sys=0.00, real=0.17 secs] 
4736.879: [GC (Allocation Failure) [PSYoungGen: 320352K->166496K(461312K)] 775259K->707376K(1859584K), 0.0554931 secs] [Times: user=0.33 sys=0.00, real=0.06 secs] 
4740.148: [GC (Allocation Failure) [PSYoungGen: 399456K->85120K(465920K)] 940336K->791800K(1864192K), 0.1505384 secs] [Times: user=0.90 sys=0.00, real=0.15 secs] 
4740.875: [GC (Allocation Failure) [PSYoungGen: 318080K->175456K(463360K)] 1024760K->960892K(1861632K), 0.0565764 secs] [Times: user=0.33 sys=0.00, real=0.05 secs] 
4745.092: [GC (Allocation Failure) [PSYoungGen: 408416K->77824K(465920K)] 1193852K->1038620K(1864192K), 0.1664630 secs] [Times: user=0.99 sys=0.00, real=0.17 secs] 
4745.574: [GC (Allocation Failure) [PSYoungGen: 310784K->178912K(465920K)] 1271580K->1211473K(1864192K), 0.0566542 secs] [Times: user=0.34 sys=0.00, real=0.06 secs] 
4749.070: [GC (Allocation Failure) [PSYoungGen: 411872K->78368K(465920K)] 1444433K->1290057K(1864192K), 0.1282976 secs] [Times: user=0.76 sys=0.00, real=0.13 secs] 
4749.198: [Full GC (Ergonomics) [PSYoungGen: 78368K->0K(465920K)] [ParOldGen: 1211689K->89729K(1398272K)] 1290057K->89729K(1864192K), [Metaspace: 60459K->60459K(1105920K)], 0.2150692 secs] [Times: user=0.99 sys=0.00, real=0.21 secs] 
4750.342: [GC (Allocation Failure) [PSYoungGen: 232960K->211360K(465920K)] 322689K->301089K(1864192K), 0.0486219 secs] [Times: user=0.28 sys=0.00, real=0.05 secs] 
4753.654: [GC (Allocation Failure) [PSYoungGen: 444320K->90752K(465920K)] 534049K->351053K(1864192K), 0.1037561 secs] [Times: user=0.61 sys=0.00, real=0.11 secs] 
4754.876: [GC (Allocation Failure) [PSYoungGen: 323712K->153920K(465920K)] 584013K->498412K(1864192K), 0.0593082 secs] [Times: user=0.35 sys=0.00, real=0.06 secs] 
4757.568: [GC (Allocation Failure) [PSYoungGen: 386880K->101280K(465920K)] 731372K->599120K(1864192K), 0.0919751 secs] [Times: user=0.55 sys=0.00, real=0.09 secs] 
4758.802: [GC (Allocation Failure) [PSYoungGen: 334240K->147488K(465920K)] 832080K->735981K(1864192K), 0.0597084 secs] [Times: user=0.36 sys=0.00, real=0.06 secs] 
4761.489: [GC (Allocation Failure) [PSYoungGen: 380448K->116960K(465920K)] 968941K->852365K(1864192K), 0.0877184 secs] [Times: user=0.52 sys=0.00, real=0.09 secs] 
4762.703: [GC (Allocation Failure) [PSYoungGen: 349920K->131232K(447488K)] 1085325K->973034K(1845760K), 0.0610710 secs] [Times: user=0.36 sys=0.00, real=0.07 secs] 
4765.658: [GC (Allocation Failure) [PSYoungGen: 364192K->140512K(456704K)] 1205994K->1113482K(1854976K), 0.0676632 secs] [Times: user=0.40 sys=0.00, real=0.07 secs] 
4767.100: [GC (Allocation Failure) [PSYoungGen: 373472K->1952K(454656K)] 1346442K->974946K(1852928K), 0.0024685 secs] [Times: user=0.01 sys=0.00, real=0.00 secs] 
4769.922: [GC (Allocation Failure) [PSYoungGen: 237984K->145184K(467456K)] 1210978K->1119019K(1865728K), 0.0320418 secs] [Times: user=0.18 sys=0.00, real=0.04 secs] 
4771.699: [GC (Allocation Failure) [PSYoungGen: 381216K->5696K(463360K)] 1355051K->979627K(1861632K), 0.0034378 secs] [Times: user=0.02 sys=0.00, real=0.00 secs] 
4774.736: [GC (Allocation Failure) [PSYoungGen: 238656K->166176K(465920K)] 1212587K->1143800K(1864192K), 0.0329781 secs] [Times: user=0.18 sys=0.00, real=0.03 secs] 
4775.854: [GC (Allocation Failure) [PSYoungGen: 399136K->100928K(465920K)] 1376760K->1227420K(1864192K), 0.0677548 secs] [Times: user=0.41 sys=0.00, real=0.06 secs] 
4778.453: [GC (Allocation Failure) [PSYoungGen: 333888K->170048K(465920K)] 1460380K->1394888K(1864192K), 0.0532137 secs] [Times: user=0.31 sys=0.00, real=0.06 secs] 
4778.507: [Full GC (Ergonomics) [PSYoungGen: 170048K->0K(465920K)] [ParOldGen: 1224840K->189005K(1398272K)] 1394888K->189005K(1864192K), [Metaspace: 60459K->60459K(1105920K)], 0.4405398 secs] [Times: user=2.03 sys=0.00, real=0.44 secs] 
4780.611: [GC (Allocation Failure) [PSYoungGen: 232960K->97184K(465920K)] 421965K->286189K(1864192K), 0.0813443 secs] [Times: user=0.48 sys=0.00, real=0.08 secs] 
4782.084: [GC (Allocation Failure) [PSYoungGen: 319322K->161888K(465920K)] 508327K->445236K(1864192K), 0.0506365 secs] [Times: user=0.30 sys=0.00, real=0.05 secs] 
4784.498: [GC (Allocation Failure) [PSYoungGen: 394848K->89408K(465920K)] 678196K->526180K(1864192K), 0.1821078 secs] [Times: user=1.08 sys=0.00, real=0.18 secs] 
4786.563: [GC (Allocation Failure) [PSYoungGen: 312097K->160992K(465920K)] 748869K->683937K(1864192K), 0.0473273 secs] [Times: user=0.28 sys=0.00, real=0.05 secs] 
4788.770: [GC (Allocation Failure) [PSYoungGen: 393952K->92000K(464896K)] 916897K->766973K(1863168K), 0.1630288 secs] [Times: user=0.97 sys=0.00, real=0.16 secs] 
4790.558: [GC (Allocation Failure) [PSYoungGen: 309445K->159392K(465408K)] 984418K->922138K(1863680K), 0.0480689 secs] [Times: user=0.28 sys=0.00, real=0.05 secs] 
4792.924: [GC (Allocation Failure) [PSYoungGen: 392352K->92000K(460800K)] 1155098K->1005406K(1859072K), 0.1673201 secs] [Times: user=0.99 sys=0.00, real=0.17 secs] 
4794.695: [GC (Allocation Failure) [PSYoungGen: 314511K->160032K(463360K)] 1227917K->1161081K(1861632K), 0.0481168 secs] [Times: user=0.28 sys=0.00, real=0.04 secs] 
4796.719: [GC (Allocation Failure) [PSYoungGen: 393504K->96992K(460800K)] 1394553K->1248673K(1859072K), 0.1576505 secs] [Times: user=0.94 sys=0.00, real=0.16 secs] 
4798.362: [GC (Allocation Failure) [PSYoungGen: 333024K->165824K(463360K)] 1484705K->1410798K(1861632K), 0.0518050 secs] [Times: user=0.31 sys=0.00, real=0.05 secs] 
4798.414: [Full GC (Ergonomics) [PSYoungGen: 165824K->0K(463360K)] [ParOldGen: 1244974K->209633K(1398272K)] 1410798K->209633K(1861632K), [Metaspace: 60467K->60467K(1105920K)], 0.4890987 secs] [Times: user=2.29 sys=0.00, real=0.49 secs] 
4801.736: [GC (Allocation Failure) [PSYoungGen: 236032K->91328K(466944K)] 445665K->300961K(1865216K), 0.1451847 secs] [Times: user=0.87 sys=0.00, real=0.14 secs] 
4803.025: [GC (Allocation Failure) [PSYoungGen: 328896K->176256K(465920K)] 538529K->473574K(1864192K), 0.0574396 secs] [Times: user=0.34 sys=0.00, real=0.05 secs] 
4806.787: [GC (Allocation Failure) [PSYoungGen: 413824K->92384K(465920K)] 711142K->565882K(1864192K), 0.1686376 secs] [Times: user=1.00 sys=0.00, real=0.17 secs] 
4807.240: [GC (Allocation Failure) [PSYoungGen: 325344K->179168K(465920K)] 798842K->730651K(1864192K), 0.0585103 secs] [Times: user=0.35 sys=0.00, real=0.06 secs] 
4811.286: [GC (Allocation Failure) [PSYoungGen: 412128K->80032K(465920K)] 963611K->810923K(1864192K), 0.1406850 secs] [Times: user=0.84 sys=0.00, real=0.14 secs] 
4812.426: [GC (Allocation Failure) [PSYoungGen: 310038K->201696K(465920K)] 1040929K->1006440K(1864192K), 0.0657393 secs] [Times: user=0.39 sys=0.01, real=0.06 secs] 
4814.694: [GC (Allocation Failure) [PSYoungGen: 434656K->91104K(465920K)] 1239400K->1060784K(1864192K), 0.1057955 secs] [Times: user=0.62 sys=0.00, real=0.10 secs] 
4815.944: [GC (Allocation Failure) [PSYoungGen: 324064K->153440K(465920K)] 1293744K->1207647K(1864192K), 0.0601755 secs] [Times: user=0.35 sys=0.00, real=0.06 secs] 
4818.675: [GC (Allocation Failure) [PSYoungGen: 386400K->119296K(465920K)] 1440607K->1326423K(1864192K), 0.0974115 secs] [Times: user=0.58 sys=0.00, real=0.09 secs] 
4818.773: [Full GC (Ergonomics) [PSYoungGen: 119296K->0K(465920K)] [ParOldGen: 1207127K->118479K(1398272K)] 1326423K->118479K(1864192K), [Metaspace: 60467K->60467K(1105920K)], 0.2764575 secs] [Times: user=1.28 sys=0.00, real=0.28 secs] 
4820.148: [GC (Allocation Failure) [PSYoungGen: 232960K->145568K(465920K)] 351439K->264047K(1864192K), 0.0520006 secs] [Times: user=0.31 sys=0.00, real=0.05 secs] 
4822.550: [GC (Allocation Failure) [PSYoungGen: 378528K->118560K(450560K)] 497007K->382491K(1848832K), 0.0852159 secs] [Times: user=0.51 sys=0.00, real=0.09 secs] 
4823.783: [GC (Allocation Failure) [PSYoungGen: 351520K->130048K(458240K)] 615451K->501812K(1856512K), 0.0611997 secs] [Times: user=0.36 sys=0.00, real=0.07 secs] 
4826.965: [GC (Allocation Failure) [PSYoungGen: 363008K->133184K(459776K)] 734772K->634708K(1858048K), 0.0656156 secs] [Times: user=0.39 sys=0.00, real=0.06 secs] 
4828.162: [GC (Allocation Failure) [PSYoungGen: 390720K->7744K(465920K)] 892244K->509348K(1864192K), 0.0028406 secs] [Times: user=0.02 sys=0.00, real=0.01 secs] 
4830.568: [GC (Allocation Failure) [PSYoungGen: 259597K->177472K(454656K)] 761201K->684416K(1852928K), 0.0357352 secs] [Times: user=0.21 sys=0.00, real=0.04 secs] 
4832.922: [GC (Allocation Failure) [PSYoungGen: 410432K->93696K(465920K)] 917376K->769132K(1864192K), 0.1765693 secs] [Times: user=1.05 sys=0.00, real=0.18 secs] 
4835.780: [GC (Allocation Failure) [PSYoungGen: 311867K->157760K(465408K)] 987304K->922693K(1863680K), 0.0486339 secs] [Times: user=0.29 sys=0.00, real=0.05 secs] 
4837.929: [GC (Allocation Failure) [PSYoungGen: 395840K->95744K(334336K)] 1160773K->1009957K(1732608K), 0.1640357 secs] [Times: user=0.97 sys=0.00, real=0.16 secs] 
4839.908: [GC (Allocation Failure) [PSYoungGen: 333824K->169536K(458240K)] 1248037K->1175242K(1856512K), 0.0507722 secs] [Times: user=0.30 sys=0.00, real=0.05 secs] 
4843.210: [GC (Allocation Failure) [PSYoungGen: 403008K->86880K(465920K)] 1408714K->1261178K(1864192K), 0.1659404 secs] [Times: user=0.98 sys=0.01, real=0.17 secs] 
4843.376: [Full GC (Ergonomics) [PSYoungGen: 86880K->0K(465920K)] [ParOldGen: 1174298K->60163K(1398272K)] 1261178K->60163K(1864192K), [Metaspace: 60467K->60467K(1105920K)], 0.1633253 secs] [Times: user=0.77 sys=0.00, real=0.16 secs] 
4844.262: [GC (Allocation Failure) [PSYoungGen: 233472K->203616K(461312K)] 293635K->263779K(1859584K), 0.0355518 secs] [Times: user=0.21 sys=0.00, real=0.04 secs] 
4847.515: [GC (Allocation Failure) [PSYoungGen: 436576K->84480K(465920K)] 496739K->315267K(1864192K), 0.1613022 secs] [Times: user=0.96 sys=0.00, real=0.16 secs] 
4848.286: [GC (Allocation Failure) [PSYoungGen: 317440K->225056K(465920K)] 548227K->534091K(1864192K), 0.0591290 secs] [Times: user=0.34 sys=0.00, real=0.06 secs] 
4851.587: [GC (Allocation Failure) [PSYoungGen: 458016K->84544K(465920K)] 767051K->569283K(1864192K), 0.1296835 secs] [Times: user=0.78 sys=0.00, real=0.13 secs] 
4852.212: [GC (Allocation Failure) [PSYoungGen: 315553K->205760K(465920K)] 800293K->768688K(1864192K), 0.0569298 secs] [Times: user=0.33 sys=0.00, real=0.06 secs] 
4855.823: [GC (Allocation Failure) [PSYoungGen: 438720K->85120K(465920K)] 1001648K->819736K(1864192K), 0.1138968 secs] [Times: user=0.68 sys=0.00, real=0.12 secs] 
4857.106: [GC (Allocation Failure) [PSYoungGen: 318080K->158368K(465920K)] 1052696K->971749K(1864192K), 0.0591581 secs] [Times: user=0.36 sys=0.00, real=0.06 secs] 
4859.472: [GC (Allocation Failure) [PSYoungGen: 389097K->93600K(465920K)] 1202478K->1065461K(1864192K), 0.0987702 secs] [Times: user=0.59 sys=0.00, real=0.10 secs] 
4861.308: [GC (Allocation Failure) [PSYoungGen: 326560K->151200K(465920K)] 1298421K->1209586K(1864192K), 0.0604098 secs] [Times: user=0.36 sys=0.00, real=0.06 secs] 
4864.947: [GC (Allocation Failure) [PSYoungGen: 384160K->100192K(465920K)] 1442546K->1309442K(1864192K), 0.0985617 secs] [Times: user=0.59 sys=0.00, real=0.10 secs] 
4865.045: [Full GC (Ergonomics) [PSYoungGen: 100192K->0K(465920K)] [ParOldGen: 1209250K->116251K(1398272K)] 1309442K->116251K(1864192K), [Metaspace: 60467K->60467K(1105920K)], 0.2664999 secs] [Times: user=1.22 sys=0.00, real=0.26 secs] 
4866.386: [GC (Allocation Failure) [PSYoungGen: 232960K->148416K(465920K)] 349211K->264667K(1864192K), 0.0529313 secs] [Times: user=0.32 sys=0.00, real=0.05 secs] 
4868.593: [GC (Allocation Failure) [PSYoungGen: 381376K->115744K(465920K)] 497627K->380072K(1864192K), 0.0852702 secs] [Times: user=0.51 sys=0.00, real=0.09 secs] 
4869.778: [GC (Allocation Failure) [PSYoungGen: 348704K->132896K(453632K)] 613032K->502588K(1851904K), 0.0613171 secs] [Times: user=0.36 sys=0.00, real=0.06 secs] 
4871.295: [GC (Allocation Failure) [PSYoungGen: 365856K->133664K(459776K)] 735548K->635900K(1858048K), 0.0693376 secs] [Times: user=0.41 sys=0.00, real=0.07 secs] 
4873.410: [GC (Allocation Failure) [PSYoungGen: 366624K->2272K(454656K)] 868860K->504524K(1852928K), 0.0031381 secs] [Times: user=0.02 sys=0.00, real=0.00 secs] 
4877.324: [GC (Allocation Failure) [PSYoungGen: 238304K->144544K(467456K)] 740556K->647585K(1865728K), 0.0321641 secs] [Times: user=0.19 sys=0.00, real=0.04 secs] 
4878.459: [GC (Allocation Failure) [PSYoungGen: 380576K->6048K(462848K)] 883617K->509213K(1861120K), 0.0039899 secs] [Times: user=0.02 sys=0.00, real=0.00 secs] 
4880.089: [GC (Allocation Failure) [PSYoungGen: 239008K->160000K(465920K)] 742173K->667246K(1864192K), 0.0323673 secs] [Times: user=0.19 sys=0.00, real=0.03 secs] 
4881.369: [GC (Allocation Failure) [PSYoungGen: 392960K->100160K(465920K)] 900206K->757830K(1864192K), 0.0673843 secs] [Times: user=0.40 sys=0.00, real=0.07 secs] 
4883.400: [GC (Allocation Failure) [PSYoungGen: 333120K->176608K(465920K)] 990790K->931665K(1864192K), 0.0540637 secs] [Times: user=0.31 sys=0.01, real=0.06 secs] 
4885.356: [GC (Allocation Failure) [PSYoungGen: 409568K->95232K(465920K)] 1164625K->1009929K(1864192K), 0.1745286 secs] [Times: user=1.03 sys=0.00, real=0.17 secs] 
4887.380: [GC (Allocation Failure) [PSYoungGen: 313124K->156896K(465920K)] 1227821K->1163110K(1864192K), 0.0497177 secs] [Times: user=0.29 sys=0.00, real=0.05 secs] 
4889.375: [GC (Allocation Failure) [PSYoungGen: 389856K->91776K(465920K)] 1396070K->1245454K(1864192K), 0.1705857 secs] [Times: user=1.01 sys=0.00, real=0.17 secs] 
4891.719: [GC (Allocation Failure) [PSYoungGen: 309257K->160000K(465920K)] 1462936K->1400967K(1864192K), 0.0493596 secs] [Times: user=0.29 sys=0.00, real=0.05 secs] 
4891.769: [Full GC (Ergonomics) [PSYoungGen: 160000K->0K(465920K)] [ParOldGen: 1240967K->198476K(1398272K)] 1400967K->198476K(1864192K), [Metaspace: 60467K->60467K(1105920K)], 0.4740635 secs] [Times: user=2.22 sys=0.00, real=0.47 secs] 
4894.104: [GC (Allocation Failure) [PSYoungGen: 232960K->92992K(460800K)] 431436K->291468K(1859072K), 0.0968349 secs] [Times: user=0.57 sys=0.00, real=0.09 secs] 
4895.991: [GC (Allocation Failure) [PSYoungGen: 325952K->166592K(463360K)] 524428K->454129K(1861632K), 0.0489049 secs] [Times: user=0.29 sys=0.00, real=0.05 secs] 
4898.877: [GC (Allocation Failure) [PSYoungGen: 399552K->86944K(466944K)] 687089K->540733K(1865216K), 0.1729675 secs] [Times: user=1.03 sys=0.00, real=0.17 secs] 
4900.302: [GC (Allocation Failure) [PSYoungGen: 320928K->167712K(465920K)] 774717K->704826K(1864192K), 0.0540957 secs] [Times: user=0.33 sys=0.00, real=0.06 secs] 
4903.604: [GC (Allocation Failure) [PSYoungGen: 401696K->85120K(465920K)] 938810K->789410K(1864192K), 0.1671800 secs] [Times: user=1.00 sys=0.00, real=0.16 secs] 
4904.300: [GC (Allocation Failure) [PSYoungGen: 318080K->173440K(465920K)] 1022370K->959186K(1864192K), 0.0566971 secs] [Times: user=0.34 sys=0.00, real=0.06 secs] 
4908.367: [GC (Allocation Failure) [PSYoungGen: 406400K->82976K(465920K)] 1192146K->1042378K(1864192K), 0.1686487 secs] [Times: user=1.00 sys=0.00, real=0.17 secs] 
4909.004: [GC (Allocation Failure) [PSYoungGen: 315936K->176192K(465920K)] 1275338K->1212407K(1864192K), 0.0573285 secs] [Times: user=0.34 sys=0.00, real=0.05 secs] 
4912.210: [GC (Allocation Failure) [PSYoungGen: 409152K->84256K(465920K)] 1445367K->1296471K(1864192K), 0.1438923 secs] [Times: user=0.86 sys=0.00, real=0.14 secs] 
4912.353: [Full GC (Ergonomics) [PSYoungGen: 84256K->0K(465920K)] [ParOldGen: 1212215K->93638K(1398272K)] 1296471K->93638K(1864192K), [Metaspace: 60467K->59560K(1105920K)], 0.2388767 secs] [Times: user=1.07 sys=0.00, real=0.24 secs] 
4913.573: [GC (Allocation Failure) [PSYoungGen: 230942K->203392K(465920K)] 324581K->297030K(1864192K), 0.0488823 secs] [Times: user=0.30 sys=0.00, real=0.05 secs] 
4916.138: [GC (Allocation Failure) [PSYoungGen: 436352K->88064K(465920K)] 529990K->348226K(1864192K), 0.0882106 secs] [Times: user=0.52 sys=0.00, real=0.09 secs] 
4917.316: [GC (Allocation Failure) [PSYoungGen: 321024K->156320K(465920K)] 581186K->497775K(1864192K), 0.0591813 secs] [Times: user=0.35 sys=0.00, real=0.06 secs] 
4920.030: [GC (Allocation Failure) [PSYoungGen: 389280K->99520K(465920K)] 730735K->597535K(1864192K), 0.1037843 secs] [Times: user=0.61 sys=0.00, real=0.11 secs] 
4921.260: [GC (Allocation Failure) [PSYoungGen: 332480K->149120K(465920K)] 830495K->735608K(1864192K), 0.0599609 secs] [Times: user=0.36 sys=0.00, real=0.06 secs] 
4924.859: [GC (Allocation Failure) [PSYoungGen: 382080K->112928K(465920K)] 968568K->848736K(1864192K), 0.0899609 secs] [Times: user=0.54 sys=0.00, real=0.09 secs] 
4926.061: [GC (Allocation Failure) [PSYoungGen: 345888K->135808K(369152K)] 1081696K->973981K(1767424K), 0.0617171 secs] [Times: user=0.37 sys=0.00, real=0.06 secs] 
4929.736: [GC (Allocation Failure) [PSYoungGen: 368768K->132224K(466944K)] 1206941K->1105961K(1865216K), 0.0764517 secs] [Times: user=0.45 sys=0.00, real=0.07 secs] 
4930.959: [GC (Allocation Failure) [PSYoungGen: 373376K->2336K(458752K)] 1347113K->976557K(1857024K), 0.0047548 secs] [Times: user=0.02 sys=0.00, real=0.01 secs] 
4933.842: [GC (Allocation Failure) [PSYoungGen: 243488K->150400K(465920K)] 1217709K->1125650K(1864192K), 0.0305975 secs] [Times: user=0.18 sys=0.00, real=0.03 secs] 
4935.013: [GC (Allocation Failure) [PSYoungGen: 386432K->105888K(342016K)] 1361682K->1222146K(1740288K), 0.0690157 secs] [Times: user=0.42 sys=0.00, real=0.07 secs] 
4937.180: [GC (Allocation Failure) [PSYoungGen: 341920K->164672K(453632K)] 1458178K->1384655K(1851904K), 0.0557334 secs] [Times: user=0.33 sys=0.01, real=0.06 secs] 
4937.236: [Full GC (Ergonomics) [PSYoungGen: 164672K->0K(453632K)] [ParOldGen: 1219983K->187280K(1398272K)] 1384655K->187280K(1851904K), [Metaspace: 59565K->59565K(1105920K)], 0.4349106 secs] [Times: user=2.01 sys=0.00, real=0.43 secs] 
4939.206: [GC (Allocation Failure) [PSYoungGen: 230912K->96800K(460288K)] 418192K->284080K(1858560K), 0.0769452 secs] [Times: user=0.44 sys=0.00, real=0.07 secs] 
4941.220: [GC (Allocation Failure) [PSYoungGen: 323870K->165280K(463360K)] 511151K->446261K(1861632K), 0.0512356 secs] [Times: user=0.31 sys=0.00, real=0.05 secs] 
4943.400: [GC (Allocation Failure) [PSYoungGen: 405408K->94688K(469504K)] 686389K->531993K(1867776K), 0.1695781 secs] [Times: user=1.00 sys=0.01, real=0.17 secs] 
4945.013: [GC (Allocation Failure) [PSYoungGen: 334816K->188320K(457216K)] 772121K->716399K(1855488K), 0.0509439 secs] [Times: user=0.31 sys=0.00, real=0.06 secs] 
4948.223: [GC (Allocation Failure) [PSYoungGen: 420836K->89664K(465920K)] 948916K->788775K(1864192K), 0.1802140 secs] [Times: user=1.07 sys=0.00, real=0.18 secs] 
4949.255: [GC (Allocation Failure) [PSYoungGen: 322624K->166656K(465920K)] 1021735K->951808K(1864192K), 0.0603516 secs] [Times: user=0.31 sys=0.00, real=0.06 secs] 
4952.068: [GC (Allocation Failure) [PSYoungGen: 399616K->89248K(465920K)] 1184768K->1040160K(1864192K), 0.1512575 secs] [Times: user=0.90 sys=0.00, real=0.15 secs] 
4952.568: [GC (Allocation Failure) [PSYoungGen: 322208K->175840K(465920K)] 1273120K->1205889K(1864192K), 0.0576014 secs] [Times: user=0.34 sys=0.00, real=0.06 secs] 
4957.095: [GC (Allocation Failure) [PSYoungGen: 408800K->83392K(465920K)] 1438849K->1288841K(1864192K), 0.1432552 secs] [Times: user=0.86 sys=0.00, real=0.14 secs] 
4957.239: [Full GC (Ergonomics) [PSYoungGen: 83392K->0K(465920K)] [ParOldGen: 1205449K->86204K(1398272K)] 1288841K->86204K(1864192K), [Metaspace: 59579K->59579K(1105920K)], 0.2207064 secs] [Times: user=1.03 sys=0.00, real=0.22 secs] 
4957.781: [GC (Allocation Failure) [PSYoungGen: 232960K->208064K(465920K)] 319164K->294268K(1864192K), 0.0376499 secs] [Times: user=0.22 sys=0.00, real=0.04 secs] 
4960.981: [GC (Allocation Failure) [PSYoungGen: 441024K->85312K(465920K)] 527228K->345660K(1864192K), 0.1167894 secs] [Times: user=0.69 sys=0.00, real=0.12 secs] 
4963.405: [GC (Allocation Failure) [PSYoungGen: 318272K->158304K(465920K)] 578620K->497561K(1864192K), 0.0588216 secs] [Times: user=0.35 sys=0.00, real=0.06 secs] 
4965.669: [GC (Allocation Failure) [PSYoungGen: 388547K->93184K(465920K)] 727804K->590829K(1864192K), 0.0889205 secs] [Times: user=0.52 sys=0.01, real=0.09 secs] 
4967.311: [GC (Allocation Failure) [PSYoungGen: 326144K->151008K(465920K)] 823789K->735216K(1864192K), 0.0591751 secs] [Times: user=0.35 sys=0.00, real=0.06 secs] 
4968.936: [GC (Allocation Failure) [PSYoungGen: 383968K->103904K(465920K)] 968176K->838832K(1864192K), 0.0834996 secs] [Times: user=0.50 sys=0.00, real=0.08 secs] 
4971.217: [GC (Allocation Failure) [PSYoungGen: 336864K->143904K(463872K)] 1071792K->972213K(1862144K), 0.0602594 secs] [Times: user=0.35 sys=0.00, real=0.06 secs] 
4973.180: [GC (Allocation Failure) [PSYoungGen: 376864K->118592K(351744K)] 1205173K->1091005K(1750016K), 0.0760784 secs] [Times: user=0.46 sys=0.00, real=0.08 secs] 
4974.368: [GC (Allocation Failure) [PSYoungGen: 351552K->129760K(468992K)] 1323965K->1209988K(1867264K), 0.0617850 secs] [Times: user=0.36 sys=0.00, real=0.06 secs] 
4976.857: [GC (Allocation Failure) [PSYoungGen: 375008K->140000K(459776K)] 1455236K->1350092K(1858048K), 0.0683363 secs] [Times: user=0.41 sys=0.00, real=0.07 secs] 
4976.926: [Full GC (Ergonomics) [PSYoungGen: 140000K->0K(459776K)] [ParOldGen: 1210092K->155485K(1398272K)] 1350092K->155485K(1858048K), [Metaspace: 59579K->59579K(1105920K)], 0.3504318 secs] [Times: user=1.60 sys=0.00, real=0.35 secs] 
4979.095: [GC (Allocation Failure) [PSYoungGen: 245248K->115168K(476672K)] 400733K->270653K(1874944K), 0.0444609 secs] [Times: user=0.26 sys=0.01, real=0.04 secs] 
4982.538: [GC (Allocation Failure) [PSYoungGen: 376274K->176960K(471040K)] 531760K->446185K(1869312K), 0.0611265 secs] [Times: user=0.35 sys=0.00, real=0.06 secs] 
4985.455: [GC (Allocation Failure) [PSYoungGen: 443200K->111744K(488448K)] 712425K->548985K(1886720K), 0.1812027 secs] [Times: user=1.08 sys=0.00, real=0.18 secs] 
4987.935: [GC (Allocation Failure) [PSYoungGen: 383463K->210400K(483840K)] 820705K->774190K(1882112K), 0.0676076 secs] [Times: user=0.41 sys=0.00, real=0.06 secs] 
4991.475: [GC (Allocation Failure) [PSYoungGen: 483808K->108992K(448000K)] 1047598K->849326K(1846272K), 0.1037230 secs] [Times: user=0.62 sys=0.00, real=0.10 secs] 
4992.707: [GC (Allocation Failure) [PSYoungGen: 341952K->139712K(465920K)] 1082286K->978303K(1864192K), 0.0605666 secs] [Times: user=0.36 sys=0.01, real=0.06 secs] 
4995.314: [GC (Allocation Failure) [PSYoungGen: 372672K->123808K(465920K)] 1211263K->1101863K(1864192K), 0.0705765 secs] [Times: user=0.41 sys=0.01, real=0.07 secs] 
4996.498: [GC (Allocation Failure) [PSYoungGen: 356768K->128K(465920K)] 1334823K->978387K(1864192K), 0.0026585 secs] [Times: user=0.02 sys=0.00, real=0.00 secs] 
4997.641: [GC (Allocation Failure) [PSYoungGen: 233088K->145248K(465920K)] 1211347K->1123539K(1864192K), 0.0325907 secs] [Times: user=0.19 sys=0.00, real=0.03 secs] 
4998.772: [GC (Allocation Failure) [PSYoungGen: 378208K->3904K(465920K)] 1356499K->982291K(1864192K), 0.0026954 secs] [Times: user=0.01 sys=0.00, real=0.01 secs] 
5001.076: [GC (Allocation Failure) [PSYoungGen: 236864K->161440K(465920K)] 1215251K->1141784K(1864192K), 0.0319777 secs] [Times: user=0.19 sys=0.00, real=0.03 secs] 
5002.462: [GC (Allocation Failure) [PSYoungGen: 394400K->98112K(465920K)] 1374744K->1231272K(1864192K), 0.0899019 secs] [Times: user=0.53 sys=0.00, real=0.09 secs] 
5005.062: [GC (Allocation Failure) [PSYoungGen: 331072K->164992K(465920K)] 1464232K->1393885K(1864192K), 0.0533334 secs] [Times: user=0.31 sys=0.00, real=0.06 secs] 
5005.115: [Full GC (Ergonomics) [PSYoungGen: 164992K->0K(465920K)] [ParOldGen: 1228893K->192106K(1398272K)] 1393885K->192106K(1864192K), [Metaspace: 59579K->59579K(1105920K)], 0.4606473 secs] [Times: user=2.16 sys=0.00, real=0.46 secs] 
5007.364: [GC (Allocation Failure) [PSYoungGen: 232960K->98656K(465920K)] 425066K->290762K(1864192K), 0.0920345 secs] [Times: user=0.54 sys=0.00, real=0.09 secs] 
5009.820: [GC (Allocation Failure) [PSYoungGen: 326129K->159232K(465920K)] 518235K->446147K(1864192K), 0.0500880 secs] [Times: user=0.30 sys=0.00, real=0.05 secs] 
5011.746: [GC (Allocation Failure) [PSYoungGen: 392192K->94848K(465920K)] 679107K->531711K(1864192K), 0.1632672 secs] [Times: user=0.98 sys=0.00, real=0.16 secs] 
5013.029: [GC (Allocation Failure) [PSYoungGen: 327808K->168800K(465920K)] 764671K->696931K(1864192K), 0.0507584 secs] [Times: user=0.30 sys=0.00, real=0.05 secs] 
5015.409: [GC (Allocation Failure) [PSYoungGen: 401760K->88608K(465920K)] 929891K->784732K(1864192K), 0.1675158 secs] [Times: user=0.99 sys=0.01, real=0.17 secs] 
5016.608: [GC (Allocation Failure) [PSYoungGen: 321568K->184096K(465920K)] 1017692K->964576K(1864192K), 0.0562210 secs] [Times: user=0.33 sys=0.00, real=0.06 secs] 
5019.976: [GC (Allocation Failure) [PSYoungGen: 417056K->89312K(465920K)] 1197536K->1037020K(1864192K), 0.1524866 secs] [Times: user=0.90 sys=0.00, real=0.15 secs] 
5020.665: [GC (Allocation Failure) [PSYoungGen: 322272K->175168K(465920K)] 1269980K->1202166K(1864192K), 0.0566600 secs] [Times: user=0.34 sys=0.00, real=0.05 secs] 
5025.339: [GC (Allocation Failure) [PSYoungGen: 408128K->80320K(465920K)] 1435126K->1282222K(1864192K), 0.1623035 secs] [Times: user=0.97 sys=0.01, real=0.16 secs] 
5025.501: [Full GC (Ergonomics) [PSYoungGen: 80320K->0K(465920K)] [ParOldGen: 1201902K->80886K(1398272K)] 1282222K->80886K(1864192K), [Metaspace: 59580K->59580K(1105920K)], 0.2048964 secs] [Times: user=0.95 sys=0.00, real=0.21 secs] 
5026.741: [GC (Allocation Failure) [PSYoungGen: 232960K->177504K(465920K)] 313846K->258390K(1864192K), 0.0379746 secs] [Times: user=0.22 sys=0.01, real=0.04 secs] 
5030.131: [GC (Allocation Failure) [PSYoungGen: 410464K->81408K(465920K)] 491350K->340062K(1864192K), 0.1199133 secs] [Times: user=0.71 sys=0.00, real=0.12 secs] 
5032.485: [GC (Allocation Failure) [PSYoungGen: 312212K->202048K(465920K)] 570866K->535471K(1864192K), 0.0659425 secs] [Times: user=0.40 sys=0.00, real=0.06 secs] 
5035.323: [GC (Allocation Failure) [PSYoungGen: 435008K->87200K(465920K)] 768431K->585927K(1864192K), 0.1037317 secs] [Times: user=0.61 sys=0.00, real=0.11 secs] 
5036.557: [GC (Allocation Failure) [PSYoungGen: 320160K->157312K(465920K)] 818887K->736384K(1864192K), 0.0593927 secs] [Times: user=0.35 sys=0.00, real=0.06 secs] 
5037.972: [GC (Allocation Failure) [PSYoungGen: 390272K->99552K(465920K)] 969344K->836164K(1864192K), 0.0997840 secs] [Times: user=0.59 sys=0.01, real=0.10 secs] 
5039.201: [GC (Allocation Failure) [PSYoungGen: 332512K->149152K(465920K)] 1069124K->974429K(1864192K), 0.0600402 secs] [Times: user=0.36 sys=0.00, real=0.06 secs] 
5041.601: [GC (Allocation Failure) [PSYoungGen: 382112K->121760K(465920K)] 1207389K->1096237K(1864192K), 0.0837604 secs] [Times: user=0.50 sys=0.00, real=0.09 secs] 
5043.459: [GC (Allocation Failure) [PSYoungGen: 354720K->126016K(455680K)] 1329197K->1211689K(1853952K), 0.0617629 secs] [Times: user=0.37 sys=0.00, real=0.06 secs] 
5044.956: [GC (Allocation Failure) [PSYoungGen: 358976K->141728K(460800K)] 1444649K->1353433K(1859072K), 0.0625723 secs] [Times: user=0.37 sys=0.00, real=0.06 secs] 
5045.019: [Full GC (Ergonomics) [PSYoungGen: 141728K->0K(460800K)] [ParOldGen: 1211705K->157236K(1398272K)] 1353433K->157236K(1859072K), [Metaspace: 59582K->59582K(1105920K)], 0.3688709 secs] [Times: user=1.69 sys=0.01, real=0.37 secs] 
5047.302: [GC (Allocation Failure) [PSYoungGen: 232960K->107936K(460800K)] 390196K->265172K(1859072K), 0.0385000 secs] [Times: user=0.23 sys=0.00, real=0.04 secs] 
5050.427: [GC (Allocation Failure) [PSYoungGen: 356256K->158688K(465920K)] 513492K->422481K(1864192K), 0.0564432 secs] [Times: user=0.34 sys=0.01, real=0.06 secs] 
5052.062: [GC (Allocation Failure) [PSYoungGen: 407008K->22464K(459776K)] 670801K->286401K(1858048K), 0.0098295 secs] [Times: user=0.05 sys=0.00, real=0.01 secs] 
5054.960: [GC (Allocation Failure) [PSYoungGen: 255873K->163456K(403968K)] 519811K->446454K(1802240K), 0.0372802 secs] [Times: user=0.22 sys=0.00, real=0.04 secs] 
5057.308: [GC (Allocation Failure) [PSYoungGen: 403584K->94112K(470016K)] 686582K->531766K(1868288K), 0.1547304 secs] [Times: user=0.91 sys=0.02, real=0.15 secs] 
5058.971: [GC (Allocation Failure) [PSYoungGen: 331168K->188576K(465920K)] 768822K->716015K(1864192K), 0.0508259 secs] [Times: user=0.30 sys=0.00, real=0.05 secs] 
5061.735: [GC (Allocation Failure) [PSYoungGen: 425632K->90560K(465920K)] 953071K->789595K(1864192K), 0.1661043 secs] [Times: user=0.99 sys=0.00, real=0.16 secs] 
5062.596: [GC (Allocation Failure) [PSYoungGen: 323520K->170048K(465920K)] 1022555K->955059K(1864192K), 0.0566182 secs] [Times: user=0.34 sys=0.00, real=0.05 secs] 
5066.589: [GC (Allocation Failure) [PSYoungGen: 403008K->80832K(465920K)] 1188019K->1035483K(1864192K), 0.1660547 secs] [Times: user=0.99 sys=0.00, real=0.17 secs] 
5067.763: [GC (Allocation Failure) [PSYoungGen: 313792K->178720K(465920K)] 1268443K->1208084K(1864192K), 0.0571105 secs] [Times: user=0.34 sys=0.00, real=0.06 secs] 
5070.042: [GC (Allocation Failure) [PSYoungGen: 411680K->82208K(465920K)] 1441044K->1290540K(1864192K), 0.1556104 secs] [Times: user=0.93 sys=0.00, real=0.16 secs] 
5070.197: [Full GC (Ergonomics) [PSYoungGen: 82208K->0K(465920K)] [ParOldGen: 1208332K->88687K(1398272K)] 1290540K->88687K(1864192K), [Metaspace: 59643K->59643K(1105920K)], 0.2114293 secs] [Times: user=0.97 sys=0.00, real=0.21 secs] 
5070.944: [GC (Allocation Failure) [PSYoungGen: 229977K->207392K(465920K)] 318665K->296079K(1864192K), 0.0396346 secs] [Times: user=0.24 sys=0.00, real=0.03 secs] 
5073.869: [GC (Allocation Failure) [PSYoungGen: 440352K->90592K(465920K)] 529039K->352219K(1864192K), 0.1133260 secs] [Times: user=0.68 sys=0.00, real=0.11 secs] 
5075.067: [GC (Allocation Failure) [PSYoungGen: 323552K->153920K(465920K)] 585179K->499686K(1864192K), 0.0592312 secs] [Times: user=0.35 sys=0.00, real=0.06 secs] 
5078.027: [GC (Allocation Failure) [PSYoungGen: 386880K->101216K(465920K)] 732646K->600574K(1864192K), 0.0988731 secs] [Times: user=0.59 sys=0.00, real=0.10 secs] 
5079.225: [GC (Allocation Failure) [PSYoungGen: 334176K->147296K(465920K)] 833534K->737405K(1864192K), 0.0600877 secs] [Times: user=0.36 sys=0.00, real=0.06 secs] 
5082.918: [GC (Allocation Failure) [PSYoungGen: 380256K->109408K(465920K)] 970365K->846541K(1864192K), 0.0905862 secs] [Times: user=0.53 sys=0.00, real=0.09 secs] 
5084.202: [GC (Allocation Failure) [PSYoungGen: 342368K->138592K(371712K)] 1079501K->974358K(1769984K), 0.0606811 secs] [Times: user=0.37 sys=0.00, real=0.06 secs] 
5085.981: [GC (Allocation Failure) [PSYoungGen: 371552K->128384K(470528K)] 1207318K->1102950K(1868800K), 0.0753328 secs] [Times: user=0.44 sys=0.00, real=0.08 secs] 
5087.179: [GC (Allocation Failure) [PSYoungGen: 371072K->2880K(460800K)] 1345638K->977742K(1859072K), 0.0036665 secs] [Times: user=0.01 sys=0.00, real=0.00 secs] 
5089.390: [GC (Allocation Failure) [PSYoungGen: 245568K->173312K(463872K)] 1220430K->1149632K(1862144K), 0.0333361 secs] [Times: user=0.20 sys=0.00, real=0.04 secs] 
5091.077: [GC (Allocation Failure) [PSYoungGen: 406272K->97824K(465920K)] 1382592K->1230816K(1864192K), 0.0677115 secs] [Times: user=0.40 sys=0.00, real=0.07 secs] 
5093.576: [GC (Allocation Failure) [PSYoungGen: 330784K->169792K(465408K)] 1463776K->1395281K(1863680K), 0.0525587 secs] [Times: user=0.31 sys=0.00, real=0.05 secs] 
5093.628: [Full GC (Ergonomics) [PSYoungGen: 169792K->0K(465408K)] [ParOldGen: 1225489K->197123K(1398272K)] 1395281K->197123K(1863680K), [Metaspace: 59643K->59643K(1105920K)], 0.4682669 secs] [Times: user=2.18 sys=0.00, real=0.47 secs] 
5096.206: [GC (Allocation Failure) [PSYoungGen: 231743K->91584K(465920K)] 428867K->288707K(1864192K), 0.0974552 secs] [Times: user=0.58 sys=0.00, real=0.09 secs] 
5099.305: [GC (Allocation Failure) [PSYoungGen: 317536K->160704K(465920K)] 514660K->445832K(1864192K), 0.0474726 secs] [Times: user=0.28 sys=0.00, real=0.04 secs] 
5101.271: [GC (Allocation Failure) [PSYoungGen: 393664K->95456K(328704K)] 678792K->532088K(1726976K), 0.1716925 secs] [Times: user=1.01 sys=0.01, real=0.17 secs] 
5103.593: [GC (Allocation Failure) [PSYoungGen: 328416K->168000K(462848K)] 765048K->695653K(1861120K), 0.0503994 secs] [Times: user=0.30 sys=0.00, real=0.05 secs] 
5105.726: [GC (Allocation Failure) [PSYoungGen: 399424K->88192K(464384K)] 927077K->782973K(1862656K), 0.1571801 secs] [Times: user=0.94 sys=0.00, real=0.15 secs] 
5107.026: [GC (Allocation Failure) [PSYoungGen: 319616K->182272K(465920K)] 1014397K->961528K(1864192K), 0.0557890 secs] [Times: user=0.33 sys=0.00, real=0.05 secs] 
5110.309: [GC (Allocation Failure) [PSYoungGen: 414645K->82912K(465920K)] 1193901K->1027568K(1864192K), 0.1734539 secs] [Times: user=1.03 sys=0.00, real=0.17 secs] 
5111.398: [GC (Allocation Failure) [PSYoungGen: 315872K->172768K(465920K)] 1260528K->1196085K(1864192K), 0.0560929 secs] [Times: user=0.33 sys=0.00, real=0.05 secs] 
5114.901: [GC (Allocation Failure) [PSYoungGen: 405728K->79296K(465920K)] 1429045K->1275613K(1864192K), 0.1725631 secs] [Times: user=1.03 sys=0.00, real=0.17 secs] 
5115.074: [Full GC (Ergonomics) [PSYoungGen: 79296K->0K(465920K)] [ParOldGen: 1196317K->74375K(1398272K)] 1275613K->74375K(1864192K), [Metaspace: 59643K->59643K(1105920K)], 0.1920332 secs] [Times: user=0.90 sys=0.00, real=0.20 secs] 
5115.917: [GC (Allocation Failure) [PSYoungGen: 232960K->178560K(465920K)] 307335K->252935K(1864192K), 0.0381717 secs] [Times: user=0.22 sys=0.00, real=0.04 secs] 
5120.286: [GC (Allocation Failure) [PSYoungGen: 411520K->76384K(465920K)] 485895K->329563K(1864192K), 0.1380376 secs] [Times: user=0.82 sys=0.01, real=0.14 secs] 
5120.818: [GC (Allocation Failure) [PSYoungGen: 307735K->209600K(465920K)] 560914K->532784K(1864192K), 0.0558129 secs] [Times: user=0.33 sys=0.00, real=0.05 secs] 
5123.723: [GC (Allocation Failure) [PSYoungGen: 442560K->82880K(465920K)] 765744K->582168K(1864192K), 0.1228343 secs] [Times: user=0.68 sys=0.00, real=0.13 secs] 
5125.064: [GC (Allocation Failure) [PSYoungGen: 313139K->198528K(465920K)] 812427K->774364K(1864192K), 0.0660725 secs] [Times: user=0.39 sys=0.00, real=0.06 secs] 
5128.002: [GC (Allocation Failure) [PSYoungGen: 431488K->93344K(465920K)] 1007324K->830340K(1864192K), 0.1117951 secs] [Times: user=0.66 sys=0.00, real=0.12 secs] 
5129.206: [GC (Allocation Failure) [PSYoungGen: 326304K->151616K(465920K)] 1063300K->975200K(1864192K), 0.0595137 secs] [Times: user=0.36 sys=0.00, real=0.06 secs] 
5131.584: [GC (Allocation Failure) [PSYoungGen: 384576K->104288K(465920K)] 1208160K->1079144K(1864192K), 0.0927262 secs] [Times: user=0.55 sys=0.01, real=0.09 secs] 
5132.792: [GC (Allocation Failure) [PSYoungGen: 337248K->144384K(465920K)] 1312104K->1212908K(1864192K), 0.0610204 secs] [Times: user=0.36 sys=0.00, real=0.06 secs] 
5136.019: [GC (Allocation Failure) [PSYoungGen: 377344K->118144K(465920K)] 1445868K->1330832K(1864192K), 0.0836428 secs] [Times: user=0.49 sys=0.00, real=0.08 secs] 
5136.102: [Full GC (Ergonomics) [PSYoungGen: 118144K->0K(465920K)] [ParOldGen: 1212688K->134230K(1398272K)] 1330832K->134230K(1864192K), [Metaspace: 59663K->59663K(1105920K)], 0.3098013 secs] [Times: user=1.43 sys=0.00, real=0.31 secs] 
5137.470: [GC (Allocation Failure) [PSYoungGen: 232960K->130016K(454656K)] 367190K->264246K(1852928K), 0.0475280 secs] [Times: user=0.28 sys=0.00, real=0.05 secs] 
5139.129: [GC (Allocation Failure) [PSYoungGen: 362976K->134560K(460288K)] 497206K->398374K(1858560K), 0.0682728 secs] [Times: user=0.41 sys=0.00, real=0.07 secs] 
5140.297: [GC (Allocation Failure) [PSYoungGen: 367520K->2912K(454144K)] 631334K->266782K(1852416K), 0.0019520 secs] [Times: user=0.01 sys=0.00, real=0.00 secs] 
5143.120: [GC (Allocation Failure) [PSYoungGen: 237920K->154208K(389632K)] 501790K->419114K(1787904K), 0.0303269 secs] [Times: user=0.18 sys=0.00, real=0.03 secs] 
5144.291: [GC (Allocation Failure) [PSYoungGen: 389216K->9184K(465920K)] 654122K->274202K(1864192K), 0.0030049 secs] [Times: user=0.02 sys=0.00, real=0.01 secs] 
5146.775: [GC (Allocation Failure) [PSYoungGen: 242144K->163104K(465920K)] 507162K->434971K(1864192K), 0.0334538 secs] [Times: user=0.19 sys=0.00, real=0.03 secs] 
5148.368: [GC (Allocation Failure) [PSYoungGen: 396064K->98176K(465920K)] 667931K->523891K(1864192K), 0.0945510 secs] [Times: user=0.56 sys=0.00, real=0.09 secs] 
5151.129: [GC (Allocation Failure) [PSYoungGen: 331136K->162080K(465920K)] 756851K->683232K(1864192K), 0.0509023 secs] [Times: user=0.30 sys=0.00, real=0.05 secs] 
5152.835: [GC (Allocation Failure) [PSYoungGen: 395040K->96832K(465920K)] 916192K->770736K(1864192K), 0.1238740 secs] [Times: user=0.73 sys=0.00, real=0.12 secs] 
5154.985: [GC (Allocation Failure) [PSYoungGen: 322050K->157952K(465920K)] 995954K->925053K(1864192K), 0.0502006 secs] [Times: user=0.28 sys=0.01, real=0.05 secs] 
5156.933: [GC (Allocation Failure) [PSYoungGen: 390912K->97024K(460800K)] 1158013K->1012841K(1859072K), 0.1693485 secs] [Times: user=1.01 sys=0.00, real=0.17 secs] 
5159.225: [GC (Allocation Failure) [PSYoungGen: 329984K->166624K(463360K)] 1245801K->1175614K(1861632K), 0.0507300 secs] [Times: user=0.30 sys=0.00, real=0.05 secs] 
5161.565: [GC (Allocation Failure) [PSYoungGen: 399584K->85248K(466432K)] 1408574K->1260202K(1864704K), 0.1358401 secs] [Times: user=0.80 sys=0.00, real=0.13 secs] 
5161.700: [Full GC (Ergonomics) [PSYoungGen: 85248K->0K(466432K)] [ParOldGen: 1174954K->57492K(1398272K)] 1260202K->57492K(1864704K), [Metaspace: 59670K->59670K(1105920K)], 0.1400146 secs] [Times: user=0.63 sys=0.00, real=0.14 secs] 
5163.657: [GC (Allocation Failure) [PSYoungGen: 233472K->186048K(465920K)] 290964K->243540K(1864192K), 0.0363500 secs] [Times: user=0.21 sys=0.00, real=0.03 secs] 
5166.863: [GC (Allocation Failure) [PSYoungGen: 417753K->81600K(465920K)] 475246K->308480K(1864192K), 0.1642454 secs] [Times: user=0.98 sys=0.00, real=0.17 secs] 
5167.695: [GC (Allocation Failure) [PSYoungGen: 314560K->189216K(465920K)] 541440K->493355K(1864192K), 0.0557846 secs] [Times: user=0.33 sys=0.00, real=0.05 secs] 
5170.237: [GC (Allocation Failure) [PSYoungGen: 422176K->81792K(465920K)] 726315K->558707K(1864192K), 0.1856872 secs] [Times: user=1.10 sys=0.00, real=0.18 secs] 
5170.889: [GC (Allocation Failure) [PSYoungGen: 314752K->175296K(465920K)] 791667K->727556K(1864192K), 0.0564907 secs] [Times: user=0.34 sys=0.00, real=0.06 secs] 
5174.540: [GC (Allocation Failure) [PSYoungGen: 408256K->79456K(465920K)] 960516K->807004K(1864192K), 0.1508635 secs] [Times: user=0.90 sys=0.00, real=0.15 secs] 
5175.093: [GC (Allocation Failure) [PSYoungGen: 311304K->208096K(465920K)] 1038852K->1008921K(1864192K), 0.0564096 secs] [Times: user=0.33 sys=0.00, real=0.06 secs] 
5177.247: [GC (Allocation Failure) [PSYoungGen: 441056K->85856K(465920K)] 1241881K->1060905K(1864192K), 0.1214980 secs] [Times: user=0.72 sys=0.00, real=0.12 secs] 
5179.838: [GC (Allocation Failure) [PSYoungGen: 314525K->195552K(465920K)] 1289575K->1250190K(1864192K), 0.0661910 secs] [Times: user=0.40 sys=0.01, real=0.07 secs] 
5182.035: [GC (Allocation Failure) [PSYoungGen: 428512K->90976K(465920K)] 1483150K->1304230K(1864192K), 0.0948662 secs] [Times: user=0.57 sys=0.00, real=0.09 secs] 
5182.130: [Full GC (Ergonomics) [PSYoungGen: 90976K->0K(465920K)] [ParOldGen: 1213254K->104798K(1398272K)] 1304230K->104798K(1864192K), [Metaspace: 59670K->59670K(1105920K)], 0.2739355 secs] [Times: user=1.25 sys=0.00, real=0.28 secs] 
5183.473: [GC (Allocation Failure) [PSYoungGen: 232960K->153632K(465920K)] 337758K->258430K(1864192K), 0.0431613 secs] [Times: user=0.25 sys=0.00, real=0.05 secs] 
5185.732: [GC (Allocation Failure) [PSYoungGen: 386592K->104864K(465920K)] 491390K->363070K(1864192K), 0.0980124 secs] [Times: user=0.59 sys=0.00, real=0.10 secs] 
5187.006: [GC (Allocation Failure) [PSYoungGen: 337824K->143360K(465920K)] 596030K->496093K(1864192K), 0.0600439 secs] [Times: user=0.35 sys=0.00, real=0.06 secs] 
5189.992: [GC (Allocation Failure) [PSYoungGen: 376320K->116960K(465920K)] 729053K->612749K(1864192K), 0.0778700 secs] [Times: user=0.47 sys=0.00, real=0.08 secs] 
5191.179: [GC (Allocation Failure) [PSYoungGen: 349920K->131136K(364544K)] 845709K->733266K(1762816K), 0.0609218 secs] [Times: user=0.37 sys=0.00, real=0.06 secs] 
5193.454: [GC (Allocation Failure) [PSYoungGen: 364096K->133088K(470016K)] 966226K->866074K(1868288K), 0.0683246 secs] [Times: user=0.40 sys=0.00, real=0.07 secs] 
5194.638: [GC (Allocation Failure) [PSYoungGen: 374752K->3008K(461312K)] 1107738K->736074K(1859584K), 0.0022782 secs] [Times: user=0.01 sys=0.00, real=0.00 secs] 
5197.862: [GC (Allocation Failure) [PSYoungGen: 244672K->156736K(465408K)] 977738K->890926K(1863680K), 0.0310479 secs] [Times: user=0.18 sys=0.00, real=0.03 secs] 
5198.988: [GC (Allocation Failure) [PSYoungGen: 389696K->102848K(335872K)] 1123886K->984707K(1734144K), 0.0675464 secs] [Times: user=0.40 sys=0.00, real=0.07 secs] 
5201.630: [GC (Allocation Failure) [PSYoungGen: 335808K->161824K(455680K)] 1217667K->1144519K(1853952K), 0.0530786 secs] [Times: user=0.32 sys=0.00, real=0.05 secs] 
5202.745: [GC (Allocation Failure) [PSYoungGen: 390176K->90752K(460800K)] 1372871K->1226511K(1859072K), 0.0663155 secs] [Times: user=0.40 sys=0.00, real=0.06 secs] 
5204.675: [GC (Allocation Failure) [PSYoungGen: 319104K->165216K(459776K)] 1454863K->1389229K(1858048K), 0.0508547 secs] [Times: user=0.30 sys=0.00, real=0.05 secs] 
5204.726: [Full GC (Ergonomics) [PSYoungGen: 165216K->0K(459776K)] [ParOldGen: 1224013K->193183K(1398272K)] 1389229K->193183K(1858048K), [Metaspace: 59670K->59670K(1105920K)], 0.4664946 secs] [Times: user=2.18 sys=0.00, real=0.46 secs] 
5206.909: [GC (Allocation Failure) [PSYoungGen: 232960K->98752K(465920K)] 426143K->291935K(1864192K), 0.0749937 secs] [Times: user=0.44 sys=0.01, real=0.08 secs] 
5208.579: [GC (Allocation Failure) [PSYoungGen: 317013K->157600K(463360K)] 510196K->444021K(1861632K), 0.0490249 secs] [Times: user=0.28 sys=0.01, real=0.05 secs] 
5210.732: [GC (Allocation Failure) [PSYoungGen: 394144K->94272K(465920K)] 680565K->529357K(1864192K), 0.1722287 secs] [Times: user=1.02 sys=0.00, real=0.18 secs] 
5212.736: [GC (Allocation Failure) [PSYoungGen: 330816K->170336K(459264K)] 765901K->695482K(1857536K), 0.0500892 secs] [Times: user=0.29 sys=0.00, real=0.05 secs] 
5215.109: [GC (Allocation Failure) [PSYoungGen: 405344K->90304K(466944K)] 930490K->785162K(1865216K), 0.1779612 secs] [Times: user=1.06 sys=0.00, real=0.18 secs] 
5215.993: [GC (Allocation Failure) [PSYoungGen: 325312K->190432K(460800K)] 1020170K->971798K(1859072K), 0.0601708 secs] [Times: user=0.32 sys=0.00, real=0.06 secs] 
5219.244: [GC (Allocation Failure) [PSYoungGen: 423392K->79968K(465920K)] 1204758K->1035534K(1864192K), 0.1798940 secs] [Times: user=1.06 sys=0.01, real=0.18 secs] 
5219.879: [GC (Allocation Failure) [PSYoungGen: 312928K->175040K(465920K)] 1268494K->1203807K(1864192K), 0.0558866 secs] [Times: user=0.33 sys=0.00, real=0.06 secs] 
5223.052: [GC (Allocation Failure) [PSYoungGen: 408000K->88160K(465920K)] 1436767K->1291739K(1864192K), 0.1289508 secs] [Times: user=0.77 sys=0.00, real=0.13 secs] 
5223.181: [Full GC (Ergonomics) [PSYoungGen: 88160K->0K(465920K)] [ParOldGen: 1203579K->91745K(1398272K)] 1291739K->91745K(1864192K), [Metaspace: 59670K->59670K(1105920K)], 0.2245690 secs] [Times: user=1.03 sys=0.00, real=0.23 secs] 
5223.931: [GC (Allocation Failure) [PSYoungGen: 231343K->202048K(465920K)] 323088K->293793K(1864192K), 0.0360459 secs] [Times: user=0.21 sys=0.00, real=0.04 secs] 
5227.166: [GC (Allocation Failure) [PSYoungGen: 435008K->84064K(465920K)] 526753K->342557K(1864192K), 0.1120446 secs] [Times: user=0.67 sys=0.00, real=0.11 secs] 
5228.376: [GC (Allocation Failure) [PSYoungGen: 317024K->160704K(465920K)] 575517K->496292K(1864192K), 0.0588150 secs] [Times: user=0.34 sys=0.00, real=0.06 secs] 
5231.186: [GC (Allocation Failure) [PSYoungGen: 385722K->93248K(465920K)] 721310K->589612K(1864192K), 0.1142322 secs] [Times: user=0.68 sys=0.01, real=0.11 secs] 
5232.416: [GC (Allocation Failure) [PSYoungGen: 326208K->151616K(465920K)] 822572K->734547K(1864192K), 0.0599334 secs] [Times: user=0.36 sys=0.00, real=0.06 secs] 
5235.867: [GC (Allocation Failure) [PSYoungGen: 376740K->93856K(465920K)] 959671K->827827K(1864192K), 0.1039144 secs] [Times: user=0.62 sys=0.00, real=0.10 secs] 
5237.098: [GC (Allocation Failure) [PSYoungGen: 326816K->151552K(465920K)] 1060787K->972226K(1864192K), 0.0600565 secs] [Times: user=0.35 sys=0.00, real=0.06 secs] 
5239.606: [GC (Allocation Failure) [PSYoungGen: 384512K->106144K(339456K)] 1205186K->1078138K(1737728K), 0.0942481 secs] [Times: user=0.56 sys=0.00, real=0.09 secs] 
5240.800: [GC (Allocation Failure) [PSYoungGen: 339104K->142176K(468992K)] 1311098K->1209831K(1867264K), 0.0600653 secs] [Times: user=0.36 sys=0.00, real=0.06 secs] 
5243.466: [GC (Allocation Failure) [PSYoungGen: 380256K->125664K(364032K)] 1447911K->1335151K(1762304K), 0.0806629 secs] [Times: user=0.48 sys=0.00, real=0.08 secs] 
5243.546: [Full GC (Ergonomics) [PSYoungGen: 125664K->0K(364032K)] [ParOldGen: 1209487K->140158K(1398272K)] 1335151K->140158K(1762304K), [Metaspace: 59670K->59670K(1105920K)], 0.3226687 secs] [Times: user=1.48 sys=0.00, real=0.32 secs] 
5244.958: [GC (Allocation Failure) [PSYoungGen: 238080K->123488K(466432K)] 378238K->263646K(1864704K), 0.0421181 secs] [Times: user=0.25 sys=0.00, real=0.04 secs] 
5248.005: [GC (Allocation Failure) [PSYoungGen: 373344K->163328K(458752K)] 513502K->426363K(1857024K), 0.0617020 secs] [Times: user=0.36 sys=0.00, real=0.06 secs] 
5249.203: [GC (Allocation Failure) [PSYoungGen: 413184K->20768K(464384K)] 676219K->284019K(1862656K), 0.0059588 secs] [Times: user=0.03 sys=0.00, real=0.01 secs] 
5251.977: [GC (Allocation Failure) [PSYoungGen: 271136K->173856K(424448K)] 534387K->454792K(1822720K), 0.0400448 secs] [Times: user=0.24 sys=0.00, real=0.04 secs] 
5255.153: [GC (Allocation Failure) [PSYoungGen: 424224K->102336K(472064K)] 705160K->556284K(1870336K), 0.1580491 secs] [Times: user=0.94 sys=0.01, real=0.16 secs] 
5256.326: [GC (Allocation Failure) [PSYoungGen: 341440K->177120K(465920K)] 795388K->723385K(1864192K), 0.0591821 secs] [Times: user=0.35 sys=0.00, real=0.06 secs] 
5260.677: [GC (Allocation Failure) [PSYoungGen: 416224K->84608K(465920K)] 962489K->807397K(1864192K), 0.1650201 secs] [Times: user=0.98 sys=0.00, real=0.16 secs] 
5261.126: [GC (Allocation Failure) [PSYoungGen: 317568K->176160K(465920K)] 1040357K->977348K(1864192K), 0.0585222 secs] [Times: user=0.35 sys=0.00, real=0.06 secs] 
5263.704: [GC (Allocation Failure) [PSYoungGen: 409120K->87072K(465920K)] 1210308K->1064124K(1864192K), 0.1240638 secs] [Times: user=0.74 sys=0.00, real=0.12 secs] 
5264.956: [GC (Allocation Failure) [PSYoungGen: 320032K->158752K(465920K)] 1297084K->1216283K(1864192K), 0.0600823 secs] [Times: user=0.36 sys=0.00, real=0.06 secs] 
5267.156: [GC (Allocation Failure) [PSYoungGen: 391712K->98048K(465920K)] 1449243K->1313851K(1864192K), 0.1010877 secs] [Times: user=0.57 sys=0.00, real=0.10 secs] 
5267.257: [Full GC (Ergonomics) [PSYoungGen: 98048K->0K(465920K)] [ParOldGen: 1215803K->112154K(1398272K)] 1313851K->112154K(1864192K), [Metaspace: 59670K->59670K(1105920K)], 0.2517632 secs] [Times: user=1.08 sys=0.00, real=0.25 secs] 
5268.584: [GC (Allocation Failure) [PSYoungGen: 232960K->150912K(384000K)] 345114K->263066K(1782272K), 0.0528211 secs] [Times: user=0.31 sys=0.00, real=0.05 secs] 
5270.832: [GC (Allocation Failure) [PSYoungGen: 383872K->113504K(473088K)] 496026K->376290K(1871360K), 0.0862761 secs] [Times: user=0.52 sys=0.00, real=0.09 secs] 
5272.057: [GC (Allocation Failure) [PSYoungGen: 354656K->134528K(375808K)] 617442K->499995K(1774080K), 0.0608694 secs] [Times: user=0.36 sys=0.00, real=0.06 secs] 
5274.278: [GC (Allocation Failure) [PSYoungGen: 375680K->142528K(463872K)] 741147K->642723K(1862144K), 0.0636949 secs] [Times: user=0.38 sys=0.00, real=0.06 secs] 
5275.456: [GC (Allocation Failure) [PSYoungGen: 389312K->10496K(460288K)] 889507K->510947K(1858560K), 0.0034403 secs] [Times: user=0.02 sys=0.00, real=0.00 secs] 
5278.675: [GC (Allocation Failure) [PSYoungGen: 257280K->170304K(458240K)] 757731K->679116K(1856512K), 0.0354988 secs] [Times: user=0.21 sys=0.00, real=0.03 secs] 
5280.438: [GC (Allocation Failure) [PSYoungGen: 403264K->93184K(465920K)] 912076K->762712K(1864192K), 0.1709284 secs] [Times: user=1.01 sys=0.01, real=0.17 secs] 
5283.008: [GC (Allocation Failure) [PSYoungGen: 323516K->161824K(460800K)] 993044K->921761K(1859072K), 0.0504230 secs] [Times: user=0.30 sys=0.00, real=0.05 secs] 
5284.863: [GC (Allocation Failure) [PSYoungGen: 394784K->95008K(328192K)] 1154721K->1007585K(1726464K), 0.1479430 secs] [Times: user=0.87 sys=0.01, real=0.15 secs] 
5287.140: [GC (Allocation Failure) [PSYoungGen: 313100K->156768K(462336K)] 1225677K->1160009K(1860608K), 0.0500160 secs] [Times: user=0.29 sys=0.00, real=0.05 secs] 
5288.996: [GC (Allocation Failure) [PSYoungGen: 392288K->94304K(464896K)] 1395529K->1245346K(1863168K), 0.1466627 secs] [Times: user=0.87 sys=0.00, real=0.14 secs] 
5290.593: [GC (Allocation Failure) [PSYoungGen: 329824K->169600K(459264K)] 1480866K->1411282K(1857536K), 0.0513872 secs] [Times: user=0.30 sys=0.00, real=0.06 secs] 
5290.645: [Full GC (Ergonomics) [PSYoungGen: 169600K->0K(459264K)] [ParOldGen: 1241682K->209331K(1398272K)] 1411282K->209331K(1857536K), [Metaspace: 59670K->59670K(1105920K)], 0.4782280 secs] [Times: user=2.22 sys=0.00, real=0.47 secs] 
5294.162: [GC (Allocation Failure) [PSYoungGen: 235008K->85856K(466944K)] 444339K->295187K(1865216K), 0.1622036 secs] [Times: user=0.96 sys=0.00, real=0.17 secs] 
5295.715: [GC (Allocation Failure) [PSYoungGen: 320864K->173728K(461312K)] 530195K->464863K(1859584K), 0.0540770 secs] [Times: user=0.32 sys=0.00, real=0.05 secs] 
5298.337: [GC (Allocation Failure) [PSYoungGen: 406688K->84576K(465920K)] 697823K->549663K(1864192K), 0.1223407 secs] [Times: user=0.73 sys=0.00, real=0.12 secs] 
5299.020: [GC (Allocation Failure) [PSYoungGen: 317536K->173248K(465920K)] 782623K->716796K(1864192K), 0.0566820 secs] [Times: user=0.34 sys=0.00, real=0.06 secs] 
5302.718: [GC (Allocation Failure) [PSYoungGen: 406208K->80416K(465920K)] 949756K->796448K(1864192K), 0.1707917 secs] [Times: user=1.01 sys=0.01, real=0.17 secs] 
5303.186: [GC (Allocation Failure) [PSYoungGen: 313376K->211872K(465920K)] 1029408K->1002213K(1864192K), 0.0581997 secs] [Times: user=0.34 sys=0.00, real=0.06 secs] 
5306.435: [GC (Allocation Failure) [PSYoungGen: 444832K->80448K(465920K)] 1235173K->1050149K(1864192K), 0.1281793 secs] [Times: user=0.75 sys=0.01, real=0.12 secs] 
5307.687: [GC (Allocation Failure) [PSYoungGen: 313408K->164032K(465920K)] 1283109K->1207148K(1864192K), 0.0592891 secs] [Times: user=0.36 sys=0.00, real=0.06 secs] 
5310.654: [GC (Allocation Failure) [PSYoungGen: 396992K->93568K(465920K)] 1440108K->1300984K(1864192K), 0.1048566 secs] [Times: user=0.62 sys=0.00, real=0.10 secs] 
5310.759: [Full GC (Ergonomics) [PSYoungGen: 93568K->0K(465920K)] [ParOldGen: 1207416K->107619K(1398272K)] 1300984K->107619K(1864192K), [Metaspace: 59671K->59671K(1105920K)], 0.2518345 secs] [Times: user=1.15 sys=0.00, real=0.25 secs] 
5312.087: [GC (Allocation Failure) [PSYoungGen: 232960K->150752K(465920K)] 340579K->258371K(1864192K), 0.0420141 secs] [Times: user=0.25 sys=0.00, real=0.04 secs] 
5314.457: [GC (Allocation Failure) [PSYoungGen: 383712K->104896K(465920K)] 491331K->363471K(1864192K), 0.0893091 secs] [Times: user=0.53 sys=0.00, real=0.09 secs] 
5315.697: [GC (Allocation Failure) [PSYoungGen: 337856K->144448K(465920K)] 596431K->497066K(1864192K), 0.0598674 secs] [Times: user=0.36 sys=0.00, real=0.06 secs] 
5318.835: [GC (Allocation Failure) [PSYoungGen: 377408K->119072K(352256K)] 730026K->615770K(1750528K), 0.0950299 secs] [Times: user=0.57 sys=0.00, real=0.09 secs] 
5320.090: [GC (Allocation Failure) [PSYoungGen: 352032K->129600K(467456K)] 848730K->734778K(1865728K), 0.0608433 secs] [Times: user=0.36 sys=0.00, real=0.06 secs] 
5322.143: [GC (Allocation Failure) [PSYoungGen: 371776K->142336K(458240K)] 976954K->876682K(1856512K), 0.0607687 secs] [Times: user=0.36 sys=0.00, real=0.06 secs] 
5323.312: [GC (Allocation Failure) [PSYoungGen: 384512K->6432K(457216K)] 1118858K->740850K(1855488K), 0.0031006 secs] [Times: user=0.01 sys=0.00, real=0.01 secs] 
5326.637: [GC (Allocation Failure) [PSYoungGen: 251168K->164864K(410112K)] 985586K->903599K(1808384K), 0.0330171 secs] [Times: user=0.20 sys=0.00, real=0.03 secs] 
5327.759: [GC (Allocation Failure) [PSYoungGen: 409600K->108288K(475136K)] 1148335K->1002611K(1873408K), 0.0696778 secs] [Times: user=0.41 sys=0.01, real=0.07 secs] 
5330.374: [GC (Allocation Failure) [PSYoungGen: 350976K->167168K(466432K)] 1245299K->1166303K(1864704K), 0.0548229 secs] [Times: user=0.33 sys=0.00, real=0.05 secs] 
5332.964: [GC (Allocation Failure) [PSYoungGen: 409856K->94688K(470016K)] 1408991K->1260167K(1868288K), 0.1450652 secs] [Times: user=0.86 sys=0.00, real=0.14 secs] 
5333.109: [Full GC (Ergonomics) [PSYoungGen: 94688K->0K(470016K)] [ParOldGen: 1165479K->63121K(1398272K)] 1260167K->63121K(1868288K), [Metaspace: 59671K->59671K(1105920K)], 0.1657301 secs] [Times: user=0.76 sys=0.00, real=0.17 secs] 
5333.673: [GC (Allocation Failure) [PSYoungGen: 243200K->181120K(424448K)] 306321K->244241K(1822720K), 0.0359378 secs] [Times: user=0.21 sys=0.00, real=0.04 secs] 
5336.302: [GC (Allocation Failure) [PSYoungGen: 424320K->92832K(466944K)] 487441K->337049K(1865216K), 0.1119038 secs] [Times: user=0.66 sys=0.00, real=0.12 secs] 
5337.430: [GC (Allocation Failure) [PSYoungGen: 321708K->201792K(465920K)] 565925K->532390K(1864192K), 0.0678755 secs] [Times: user=0.40 sys=0.00, real=0.07 secs] 
5340.954: [GC (Allocation Failure) [PSYoungGen: 435776K->88064K(465920K)] 766374K->583670K(1864192K), 0.1144928 secs] [Times: user=0.69 sys=0.00, real=0.11 secs] 
5342.159: [GC (Allocation Failure) [PSYoungGen: 321024K->156512K(465920K)] 816630K->733403K(1864192K), 0.0592930 secs] [Times: user=0.36 sys=0.00, real=0.06 secs] 
5344.501: [GC (Allocation Failure) [PSYoungGen: 389472K->102368K(465920K)] 966363K->835707K(1864192K), 0.1022572 secs] [Times: user=0.61 sys=0.00, real=0.10 secs] 
5345.743: [GC (Allocation Failure) [PSYoungGen: 335328K->146336K(465920K)] 1068667K->971351K(1864192K), 0.0601061 secs] [Times: user=0.36 sys=0.00, real=0.06 secs] 
5349.465: [GC (Allocation Failure) [PSYoungGen: 379296K->112384K(452608K)] 1204311K->1083495K(1850880K), 0.0877391 secs] [Times: user=0.52 sys=0.00, real=0.08 secs] 
5350.650: [GC (Allocation Failure) [PSYoungGen: 345344K->135648K(459264K)] 1316455K->1208812K(1857536K), 0.0613105 secs] [Times: user=0.36 sys=0.00, real=0.06 secs] 
5353.099: [GC (Allocation Failure) [PSYoungGen: 368608K->125888K(456704K)] 1441772K->1334436K(1854976K), 0.0755983 secs] [Times: user=0.44 sys=0.00, real=0.08 secs] 
5353.174: [Full GC (Ergonomics) [PSYoungGen: 125888K->0K(456704K)] [ParOldGen: 1208548K->139957K(1398272K)] 1334436K->139957K(1854976K), [Metaspace: 59671K->59671K(1105920K)], 0.3136666 secs] [Times: user=1.43 sys=0.00, real=0.31 secs] 
5354.592: [GC (Allocation Failure) [PSYoungGen: 253440K->125696K(464384K)] 393397K->265653K(1862656K), 0.0420860 secs] [Times: user=0.25 sys=0.00, real=0.05 secs] 
5356.494: [GC (Allocation Failure) [PSYoungGen: 379136K->175808K(476160K)] 519093K->439770K(1874432K), 0.0642751 secs] [Times: user=0.38 sys=0.00, real=0.06 secs] 
5359.249: [GC (Allocation Failure) [PSYoungGen: 448704K->120128K(485888K)] 712666K->550762K(1884160K), 0.1421983 secs] [Times: user=0.84 sys=0.00, real=0.14 secs] 
5360.726: [GC (Allocation Failure) [PSYoungGen: 390804K->207328K(440320K)] 821439K->773839K(1838592K), 0.0707804 secs] [Times: user=0.40 sys=0.03, real=0.07 secs] 
5363.658: [GC (Allocation Failure) [PSYoungGen: 440288K->91840K(465920K)] 1006799K->830751K(1864192K), 0.0906104 secs] [Times: user=0.54 sys=0.00, real=0.09 secs] 
5365.253: [GC (Allocation Failure) [PSYoungGen: 324800K->152544K(465920K)] 1063711K->977180K(1864192K), 0.0602729 secs] [Times: user=0.36 sys=0.00, real=0.06 secs] 
5368.876: [GC (Allocation Failure) [PSYoungGen: 385504K->101728K(465920K)] 1210140K->1078316K(1864192K), 0.0973147 secs] [Times: user=0.58 sys=0.00, real=0.09 secs] 
5370.117: [GC (Allocation Failure) [PSYoungGen: 334688K->146656K(465920K)] 1311276K->1214768K(1864192K), 0.0600960 secs] [Times: user=0.36 sys=0.00, real=0.06 secs] 
5373.796: [GC (Allocation Failure) [PSYoungGen: 379616K->113088K(465920K)] 1447728K->1327333K(1864192K), 0.0856586 secs] [Times: user=0.51 sys=0.00, real=0.08 secs] 
5373.881: [Full GC (Ergonomics) [PSYoungGen: 113088K->0K(465920K)] [ParOldGen: 1214245K->127060K(1398272K)] 1327333K->127060K(1864192K), [Metaspace: 59671K->59671K(1105920K)], 0.2854002 secs] [Times: user=1.30 sys=0.00, real=0.29 secs] 
5375.236: [GC (Allocation Failure) [PSYoungGen: 232960K->135328K(465920K)] 360020K->262388K(1864192K), 0.0478231 secs] [Times: user=0.29 sys=0.00, real=0.05 secs] 
5378.447: [GC (Allocation Failure) [PSYoungGen: 368288K->124320K(357376K)] 495348K->386836K(1755648K), 0.0802588 secs] [Times: user=0.48 sys=0.00, real=0.08 secs] 
5379.675: [GC (Allocation Failure) [PSYoungGen: 357280K->124288K(467968K)] 619796K->500483K(1866240K), 0.0614508 secs] [Times: user=0.36 sys=0.00, real=0.06 secs] 
5382.990: [GC (Allocation Failure) [PSYoungGen: 363904K->140192K(461312K)] 740099K->640467K(1859584K), 0.0638773 secs] [Times: user=0.37 sys=0.00, real=0.07 secs] 
5384.166: [GC (Allocation Failure) [PSYoungGen: 379808K->6368K(448512K)] 880083K->506723K(1846784K), 0.0027270 secs] [Times: user=0.01 sys=0.00, real=0.00 secs] 
5386.424: [GC (Allocation Failure) [PSYoungGen: 240352K->165696K(463360K)] 740707K->670738K(1861632K), 0.0323266 secs] [Times: user=0.19 sys=0.01, real=0.03 secs] 
5387.530: [GC (Allocation Failure) [PSYoungGen: 399680K->102144K(462848K)] 904722K->755322K(1861120K), 0.0669589 secs] [Times: user=0.40 sys=0.00, real=0.07 secs] 
5389.762: [GC (Allocation Failure) [PSYoungGen: 338688K->166688K(464384K)] 991866K->919383K(1862656K), 0.0532869 secs] [Times: user=0.31 sys=0.00, real=0.06 secs] 
5391.871: [GC (Allocation Failure) [PSYoungGen: 403232K->96736K(466432K)] 1155927K->1007039K(1864704K), 0.1653059 secs] [Times: user=0.99 sys=0.00, real=0.17 secs] 
5393.408: [GC (Allocation Failure) [PSYoungGen: 334304K->169312K(465920K)] 1244607K->1172500K(1864192K), 0.0520671 secs] [Times: user=0.31 sys=0.00, real=0.05 secs] 
5395.898: [GC (Allocation Failure) [PSYoungGen: 406426K->91584K(467968K)] 1409614K->1263532K(1866240K), 0.1638590 secs] [Times: user=0.98 sys=0.00, real=0.16 secs] 
5396.530: [GC (Allocation Failure) [PSYoungGen: 327104K->174784K(465920K)] 1499052K->1434889K(1864192K), 0.0870478 secs] [Times: user=0.50 sys=0.02, real=0.09 secs] 
5396.617: [Full GC (Ergonomics) [PSYoungGen: 174784K->0K(465920K)] [ParOldGen: 1260105K->233187K(1398272K)] 1434889K->233187K(1864192K), [Metaspace: 59671K->59671K(1105920K)], 0.5587547 secs] [Times: user=2.62 sys=0.00, real=0.56 secs] 
5400.480: [GC (Allocation Failure) [PSYoungGen: 235520K->85152K(465920K)] 468707K->318339K(1864192K), 0.1157994 secs] [Times: user=0.56 sys=0.00, real=0.12 secs] 
5401.033: [GC (Allocation Failure) [PSYoungGen: 318112K->178784K(465920K)] 551299K->486492K(1864192K), 0.0569826 secs] [Times: user=0.34 sys=0.00, real=0.06 secs] 
5404.856: [GC (Allocation Failure) [PSYoungGen: 411744K->80544K(465920K)] 719452K->567268K(1864192K), 0.1352697 secs] [Times: user=0.81 sys=0.00, real=0.13 secs] 
5406.020: [GC (Allocation Failure) [PSYoungGen: 313372K->204192K(465920K)] 800096K->765137K(1864192K), 0.0653219 secs] [Times: user=0.39 sys=0.00, real=0.07 secs] 
5408.327: [GC (Allocation Failure) [PSYoungGen: 437152K->89088K(465920K)] 998097K->817657K(1864192K), 0.1170566 secs] [Times: user=0.70 sys=0.00, real=0.12 secs] 
5409.575: [GC (Allocation Failure) [PSYoungGen: 322048K->155744K(465920K)] 1050617K->966414K(1864192K), 0.0596122 secs] [Times: user=0.36 sys=0.00, real=0.06 secs] 
5413.475: [GC (Allocation Failure) [PSYoungGen: 388704K->98176K(465920K)] 1199374K->1064654K(1864192K), 0.0974853 secs] [Times: user=0.58 sys=0.00, real=0.09 secs] 
5414.704: [GC (Allocation Failure) [PSYoungGen: 331136K->149568K(465920K)] 1297614K->1203567K(1864192K), 0.0594227 secs] [Times: user=0.35 sys=0.00, real=0.06 secs] 
5417.492: [GC (Allocation Failure) [PSYoungGen: 382528K->110368K(465920K)] 1436527K->1314131K(1864192K), 0.0926927 secs] [Times: user=0.55 sys=0.00, real=0.10 secs] 
5417.585: [Full GC (Ergonomics) [PSYoungGen: 110368K->0K(465920K)] [ParOldGen: 1203763K->124422K(1398272K)] 1314131K->124422K(1864192K), [Metaspace: 59671K->59671K(1105920K)], 0.2787435 secs] [Times: user=1.27 sys=0.00, real=0.28 secs] 
5418.949: [GC (Allocation Failure) [PSYoungGen: 232960K->138624K(371712K)] 357382K->263046K(1769984K), 0.0480010 secs] [Times: user=0.28 sys=0.00, real=0.05 secs] 
5421.455: [GC (Allocation Failure) [PSYoungGen: 371584K->127616K(468992K)] 496006K->390382K(1867264K), 0.0876594 secs] [Times: user=0.52 sys=0.00, real=0.08 secs] 
5422.730: [GC (Allocation Failure) [PSYoungGen: 369792K->2304K(459776K)] 632558K->265150K(1858048K), 0.0018223 secs] [Times: user=0.01 sys=0.00, real=0.00 secs] 
5424.523: [GC (Allocation Failure) [PSYoungGen: 244480K->157952K(463360K)] 507326K->421523K(1861632K), 0.0308321 secs] [Times: user=0.18 sys=0.00, real=0.03 secs] 
5425.641: [GC (Allocation Failure) [PSYoungGen: 390912K->10112K(465920K)] 654483K->273963K(1864192K), 0.0030885 secs] [Times: user=0.01 sys=0.00, real=0.01 secs] 
5428.213: [GC (Allocation Failure) [PSYoungGen: 243072K->168384K(465920K)] 506923K->439832K(1864192K), 0.0345995 secs] [Times: user=0.21 sys=0.00, real=0.04 secs] 
5429.495: [GC (Allocation Failure) [PSYoungGen: 401344K->96320K(465920K)] 672792K->527360K(1864192K), 0.0839040 secs] [Times: user=0.49 sys=0.00, real=0.08 secs] 
5432.360: [GC (Allocation Failure) [PSYoungGen: 323146K->160864K(465920K)] 754187K->685085K(1864192K), 0.0500331 secs] [Times: user=0.30 sys=0.00, real=0.05 secs] 
5433.478: [GC (Allocation Failure) [PSYoungGen: 393824K->95584K(465920K)] 918045K->771677K(1864192K), 0.0675017 secs] [Times: user=0.40 sys=0.00, real=0.07 secs] 
5435.758: [GC (Allocation Failure) [PSYoungGen: 315301K->156160K(465920K)] 991394K->924186K(1864192K), 0.0488701 secs] [Times: user=0.29 sys=0.00, real=0.05 secs] 
5437.559: [GC (Allocation Failure) [PSYoungGen: 389120K->96960K(330240K)] 1157146K->1011630K(1728512K), 0.1466796 secs] [Times: user=0.88 sys=0.00, real=0.15 secs] 
5439.763: [GC (Allocation Failure) [PSYoungGen: 329920K->212096K(461824K)] 1244590K->1219915K(1860096K), 0.0526541 secs] [Times: user=0.31 sys=0.00, real=0.06 secs] 
5442.118: [GC (Allocation Failure) [PSYoungGen: 443008K->81920K(463872K)] 1450827K->1251663K(1862144K), 0.1493321 secs] [Times: user=0.85 sys=0.00, real=0.15 secs] 
5442.267: [Full GC (Ergonomics) [PSYoungGen: 81920K->0K(463872K)] [ParOldGen: 1169743K->48056K(1398272K)] 1251663K->48056K(1862144K), [Metaspace: 59671K->59671K(1105920K)], 0.1353161 secs] [Times: user=0.57 sys=0.00, real=0.13 secs] 
5445.965: [GC (Allocation Failure) [PSYoungGen: 230912K->181920K(465920K)] 278968K->229976K(1864192K), 0.0360676 secs] [Times: user=0.21 sys=0.00, real=0.03 secs] 
5448.918: [GC (Allocation Failure) [PSYoungGen: 414880K->84256K(465920K)] 462936K->297004K(1864192K), 0.1812633 secs] [Times: user=1.08 sys=0.01, real=0.18 secs] 
5450.765: [GC (Allocation Failure) [PSYoungGen: 317216K->170624K(465920K)] 529964K->463153K(1864192K), 0.0536789 secs] [Times: user=0.31 sys=0.01, real=0.05 secs] 
5453.833: [GC (Allocation Failure) [PSYoungGen: 401046K->81344K(465920K)] 693575K->544353K(1864192K), 0.1320209 secs] [Times: user=0.78 sys=0.00, real=0.14 secs] 
5455.186: [GC (Allocation Failure) [PSYoungGen: 314304K->168960K(465920K)] 777313K->708766K(1864192K), 0.0545515 secs] [Times: user=0.32 sys=0.00, real=0.05 secs] 
5458.768: [GC (Allocation Failure) [PSYoungGen: 401920K->79328K(465920K)] 941726K->788222K(1864192K), 0.1658001 secs] [Times: user=0.99 sys=0.00, real=0.16 secs] 
5459.804: [GC (Allocation Failure) [PSYoungGen: 312288K->174880K(465920K)] 1021182K->957038K(1864192K), 0.0555089 secs] [Times: user=0.32 sys=0.00, real=0.06 secs] 
5462.522: [GC (Allocation Failure) [PSYoungGen: 407840K->82240K(465920K)] 1189998K->1039270K(1864192K), 0.1774665 secs] [Times: user=0.92 sys=0.00, real=0.18 secs] 
5463.037: [GC (Allocation Failure) [PSYoungGen: 315200K->210976K(465920K)] 1272230K->1244011K(1864192K), 0.0569562 secs] [Times: user=0.33 sys=0.00, real=0.06 secs] 
5465.152: [GC (Allocation Failure) [PSYoungGen: 443936K->92288K(465920K)] 1476971K->1303291K(1864192K), 0.1040408 secs] [Times: user=0.62 sys=0.00, real=0.11 secs] 
5465.256: [Full GC (Ergonomics) [PSYoungGen: 92288K->0K(465920K)] [ParOldGen: 1211003K->106905K(1398272K)] 1303291K->106905K(1864192K), [Metaspace: 59671K->59671K(1105920K)], 0.2447727 secs] [Times: user=1.10 sys=0.00, real=0.24 secs] 
5466.520: [GC (Allocation Failure) [PSYoungGen: 232960K->152256K(465920K)] 339865K->259161K(1864192K), 0.0424788 secs] [Times: user=0.26 sys=0.00, real=0.04 secs] 
5470.369: [GC (Allocation Failure) [PSYoungGen: 377093K->93440K(465920K)] 483999K->351561K(1864192K), 0.1016824 secs] [Times: user=0.61 sys=0.00, real=0.10 secs] 
5471.570: [GC (Allocation Failure) [PSYoungGen: 326400K->150848K(465920K)] 584521K->495718K(1864192K), 0.0593336 secs] [Times: user=0.36 sys=0.00, real=0.06 secs] 
5474.220: [GC (Allocation Failure) [PSYoungGen: 383808K->104800K(465920K)] 728678K->600598K(1864192K), 0.0951796 secs] [Times: user=0.56 sys=0.00, real=0.10 secs] 
5475.427: [GC (Allocation Failure) [PSYoungGen: 337760K->143328K(465920K)] 833558K->733627K(1864192K), 0.0604588 secs] [Times: user=0.36 sys=0.00, real=0.06 secs] 
5478.062: [GC (Allocation Failure) [PSYoungGen: 376288K->120032K(353280K)] 966587K->853839K(1751552K), 0.0822649 secs] [Times: user=0.49 sys=0.00, real=0.09 secs] 
5479.441: [GC (Allocation Failure) [PSYoungGen: 352992K->128768K(469504K)] 1086799K->972039K(1867776K), 0.0623619 secs] [Times: user=0.37 sys=0.00, real=0.06 secs] 
5481.939: [GC (Allocation Failure) [PSYoungGen: 370944K->138528K(460288K)] 1214215K->1110207K(1858560K), 0.0667440 secs] [Times: user=0.40 sys=0.00, real=0.07 secs] 
5483.143: [GC (Allocation Failure) [PSYoungGen: 380704K->5504K(454144K)] 1352383K->977263K(1852416K), 0.0052895 secs] [Times: user=0.03 sys=0.00, real=0.01 secs] 
5485.659: [GC (Allocation Failure) [PSYoungGen: 246656K->162240K(466432K)] 1218415K->1137844K(1864704K), 0.0334621 secs] [Times: user=0.19 sys=0.01, real=0.03 secs] 
5486.772: [GC (Allocation Failure) [PSYoungGen: 403392K->107712K(462336K)] 1378996K->1236336K(1860608K), 0.0681006 secs] [Times: user=0.40 sys=0.00, real=0.07 secs] 
5488.924: [GC (Allocation Failure) [PSYoungGen: 335195K->160544K(464896K)] 1463820K->1393453K(1863168K), 0.0548308 secs] [Times: user=0.32 sys=0.00, real=0.06 secs] 
5488.979: [Full GC (Ergonomics) [PSYoungGen: 160544K->0K(464896K)] [ParOldGen: 1232909K->196931K(1398272K)] 1393453K->196931K(1863168K), [Metaspace: 59671K->59671K(1105920K)], 0.4776725 secs] [Times: user=2.24 sys=0.00, real=0.48 secs] 
5490.940: [GC (Allocation Failure) [PSYoungGen: 242176K->104000K(467456K)] 439107K->300932K(1865728K), 0.0573534 secs] [Times: user=0.34 sys=0.00, real=0.06 secs] 
5492.658: [GC (Allocation Failure) [PSYoungGen: 352832K->181952K(431104K)] 549764K->478788K(1829376K), 0.0543312 secs] [Times: user=0.32 sys=0.00, real=0.05 secs] 
5496.055: [GC (Allocation Failure) [PSYoungGen: 430784K->94496K(470528K)] 727620K->572984K(1868800K), 0.1658058 secs] [Times: user=0.99 sys=0.00, real=0.16 secs] 
5496.784: [GC (Allocation Failure) [PSYoungGen: 332064K->210208K(465920K)] 810552K->772669K(1864192K), 0.0613608 secs] [Times: user=0.36 sys=0.01, real=0.06 secs] 
5499.720: [GC (Allocation Failure) [PSYoungGen: 447776K->84800K(465920K)] 1010237K->822893K(1864192K), 0.1183333 secs] [Times: user=0.71 sys=0.01, real=0.12 secs] 
5500.963: [GC (Allocation Failure) [PSYoungGen: 317760K->160192K(465920K)] 1055853K->976278K(1864192K), 0.0594095 secs] [Times: user=0.35 sys=0.00, real=0.06 secs] 
5503.297: [GC (Allocation Failure) [PSYoungGen: 393152K->101536K(465920K)] 1209238K->1077942K(1864192K), 0.0875546 secs] [Times: user=0.52 sys=0.00, real=0.09 secs] 
5504.555: [GC (Allocation Failure) [PSYoungGen: 334496K->147392K(465920K)] 1310902K->1214667K(1864192K), 0.0605153 secs] [Times: user=0.36 sys=0.00, real=0.06 secs] 
5507.716: [GC (Allocation Failure) [PSYoungGen: 380352K->119936K(453632K)] 1447627K->1334255K(1851904K), 0.0903895 secs] [Times: user=0.53 sys=0.00, real=0.09 secs] 
5507.806: [Full GC (Ergonomics) [PSYoungGen: 119936K->0K(453632K)] [ParOldGen: 1214319K->126300K(1398272K)] 1334255K->126300K(1851904K), [Metaspace: 59671K->59651K(1105920K)], 0.2983240 secs] [Times: user=1.36 sys=0.00, real=0.30 secs] 
5509.186: [GC (Allocation Failure) [PSYoungGen: 232960K->136608K(459776K)] 359260K->262908K(1858048K), 0.0465353 secs] [Times: user=0.27 sys=0.01, real=0.04 secs] 
5511.154: [GC (Allocation Failure) [PSYoungGen: 369568K->126752K(455168K)] 495868K->389640K(1853440K), 0.0836649 secs] [Times: user=0.50 sys=0.00, real=0.08 secs] 
5512.397: [GC (Allocation Failure) [PSYoungGen: 378656K->3840K(463360K)] 641544K->266768K(1861632K), 0.0029944 secs] [Times: user=0.02 sys=0.00, real=0.00 secs] 
5514.214: [GC (Allocation Failure) [PSYoungGen: 255744K->170816K(457728K)] 518672K->435597K(1856000K), 0.0333483 secs] [Times: user=0.20 sys=0.00, real=0.03 secs] 
5515.704: [GC (Allocation Failure) [PSYoungGen: 403776K->100960K(465920K)] 668557K->527481K(1864192K), 0.1154723 secs] [Times: user=0.69 sys=0.01, real=0.11 secs] 
5517.892: [GC (Allocation Failure) [PSYoungGen: 330199K->160224K(463360K)] 756720K->684094K(1861632K), 0.0513284 secs] [Times: user=0.31 sys=0.00, real=0.05 secs] 
5519.387: [GC (Allocation Failure) [PSYoungGen: 397280K->101088K(338432K)] 921150K->776070K(1736704K), 0.0791395 secs] [Times: user=0.47 sys=0.00, real=0.08 secs] 
5521.122: [GC (Allocation Failure) [PSYoungGen: 338144K->168640K(458752K)] 1013126K->940739K(1857024K), 0.0520417 secs] [Times: user=0.31 sys=0.00, real=0.06 secs] 
5523.195: [GC (Allocation Failure) [PSYoungGen: 403648K->91168K(465920K)] 1175747K->1031515K(1864192K), 0.1533548 secs] [Times: user=0.91 sys=0.00, real=0.15 secs] 
5525.274: [GC (Allocation Failure) [PSYoungGen: 326176K->167776K(459776K)] 1266523K->1193872K(1858048K), 0.1331592 secs] [Times: user=0.80 sys=0.00, real=0.13 secs] 
5528.159: [GC (Allocation Failure) [PSYoungGen: 400736K->84256K(465920K)] 1426832K->1277856K(1864192K), 0.1451679 secs] [Times: user=0.86 sys=0.00, real=0.15 secs] 
5528.305: [Full GC (Ergonomics) [PSYoungGen: 84256K->0K(465920K)] [ParOldGen: 1193600K->77140K(1398272K)] 1277856K->77140K(1864192K), [Metaspace: 59651K->59651K(1105920K)], 0.1914390 secs] [Times: user=0.88 sys=0.00, real=0.19 secs] 
5528.746: [GC (Allocation Failure) [PSYoungGen: 232960K->176160K(462848K)] 310100K->253300K(1861120K), 0.0378696 secs] [Times: user=0.23 sys=0.00, real=0.04 secs] 
5532.612: [GC (Allocation Failure) [PSYoungGen: 409120K->80160K(465920K)] 486260K->333316K(1864192K), 0.1451061 secs] [Times: user=0.87 sys=0.00, real=0.15 secs] 
5533.662: [GC (Allocation Failure) [PSYoungGen: 313120K->211744K(465920K)] 566276K->538688K(1864192K), 0.0645801 secs] [Times: user=0.38 sys=0.00, real=0.07 secs] 
5536.247: [GC (Allocation Failure) [PSYoungGen: 444704K->91904K(465920K)] 771648K->589584K(1864192K), 0.1116178 secs] [Times: user=0.67 sys=0.00, real=0.11 secs] 
5537.516: [GC (Allocation Failure) [PSYoungGen: 324864K->152000K(465920K)] 822544K->735345K(1864192K), 0.0595860 secs] [Times: user=0.35 sys=0.00, real=0.06 secs] 
5539.169: [GC (Allocation Failure) [PSYoungGen: 384960K->105056K(465920K)] 968305K->840313K(1864192K), 0.0802670 secs] [Times: user=0.48 sys=0.00, real=0.08 secs] 
5540.386: [GC (Allocation Failure) [PSYoungGen: 338016K->143968K(465920K)] 1073273K->973514K(1864192K), 0.0606292 secs] [Times: user=0.36 sys=0.01, real=0.06 secs] 
5544.085: [GC (Allocation Failure) [PSYoungGen: 376928K->113984K(347136K)] 1206474K->1087402K(1745408K), 0.0878993 secs] [Times: user=0.52 sys=0.00, real=0.08 secs] 
5545.307: [GC (Allocation Failure) [PSYoungGen: 346944K->135200K(467456K)] 1320362K->1211983K(1865728K), 0.0607304 secs] [Times: user=0.36 sys=0.00, real=0.06 secs] 
5547.678: [GC (Allocation Failure) [PSYoungGen: 375328K->137088K(460288K)] 1452111K->1348335K(1858560K), 0.0626802 secs] [Times: user=0.37 sys=0.00, real=0.06 secs] 
5547.740: [Full GC (Ergonomics) [PSYoungGen: 137088K->0K(460288K)] [ParOldGen: 1211247K->151665K(1398272K)] 1348335K->151665K(1858560K), [Metaspace: 59651K->59651K(1105920K)], 0.3470924 secs] [Times: user=1.59 sys=0.01, real=0.35 secs] 
5550.066: [GC (Allocation Failure) [PSYoungGen: 240128K->113888K(471040K)] 391793K->265553K(1869312K), 0.0392529 secs] [Times: user=0.24 sys=0.00, real=0.04 secs] 
5551.728: [GC (Allocation Failure) [PSYoungGen: 370912K->172640K(465408K)] 522577K->436838K(1863680K), 0.0600071 secs] [Times: user=0.35 sys=0.01, real=0.06 secs] 
5554.157: [GC (Allocation Failure) [PSYoungGen: 429664K->107712K(485888K)] 693862K->535774K(1884160K), 0.1676543 secs] [Times: user=1.00 sys=0.01, real=0.17 secs] 
5556.028: [GC (Allocation Failure) [PSYoungGen: 377024K->194112K(463872K)] 805086K->726099K(1862144K), 0.1097484 secs] [Times: user=0.66 sys=0.00, real=0.11 secs] 
5558.936: [GC (Allocation Failure) [PSYoungGen: 462693K->108096K(475136K)] 994680K->833927K(1873408K), 0.1202792 secs] [Times: user=0.71 sys=0.00, real=0.12 secs] 
5560.300: [GC (Allocation Failure) [PSYoungGen: 354880K->151680K(398848K)] 1080711K->978348K(1797120K), 0.0644007 secs] [Times: user=0.38 sys=0.00, real=0.07 secs] 
5562.516: [GC (Allocation Failure) [PSYoungGen: 398464K->128896K(476160K)] 1225132K->1106948K(1874432K), 0.0677055 secs] [Times: user=0.40 sys=0.00, real=0.06 secs] 
5564.139: [GC (Allocation Failure) [PSYoungGen: 383360K->3392K(468480K)] 1361412K->981468K(1866752K), 0.0043419 secs] [Times: user=0.03 sys=0.00, real=0.01 secs] 
5566.196: [GC (Allocation Failure) [PSYoungGen: 257856K->177280K(461312K)] 1235932K->1157192K(1859584K), 0.0342542 secs] [Times: user=0.20 sys=0.00, real=0.03 secs] 
5567.501: [GC (Allocation Failure) [PSYoungGen: 410240K->97472K(465920K)] 1390152K->1236892K(1864192K), 0.0797680 secs] [Times: user=0.47 sys=0.00, real=0.08 secs] 
5569.919: [GC (Allocation Failure) [PSYoungGen: 330432K->165632K(465408K)] 1469852K->1399817K(1863680K), 0.0521451 secs] [Times: user=0.31 sys=0.01, real=0.05 secs] 
5569.971: [Full GC (Ergonomics) [PSYoungGen: 165632K->0K(465408K)] [ParOldGen: 1234185K->196875K(1398272K)] 1399817K->196875K(1863680K), [Metaspace: 59657K->59657K(1105920K)], 0.4782507 secs] [Times: user=2.22 sys=0.00, real=0.48 secs] 
5572.875: [GC (Allocation Failure) [PSYoungGen: 232960K->92416K(465920K)] 429835K->289291K(1864192K), 0.0503790 secs] [Times: user=0.30 sys=0.01, real=0.05 secs] 
5574.699: [GC (Allocation Failure) [PSYoungGen: 312850K->158816K(465408K)] 509725K->444288K(1863680K), 0.0471033 secs] [Times: user=0.28 sys=0.00, real=0.05 secs] 
5576.140: [GC (Allocation Failure) [PSYoungGen: 391776K->93248K(326656K)] 677248K->528460K(1724928K), 0.0953589 secs] [Times: user=0.57 sys=0.01, real=0.10 secs] 
5578.576: [GC (Allocation Failure) [PSYoungGen: 311537K->157824K(460800K)] 746749K->682269K(1859072K), 0.0488585 secs] [Times: user=0.29 sys=0.01, real=0.05 secs] 
5579.683: [GC (Allocation Failure) [PSYoungGen: 389248K->93376K(462848K)] 913693K->766857K(1861120K), 0.0658889 secs] [Times: user=0.39 sys=0.00, real=0.07 secs] 
5582.103: [GC (Allocation Failure) [PSYoungGen: 317088K->158016K(462848K)] 990569K->921082K(1861120K), 0.0487199 secs] [Times: user=0.29 sys=0.00, real=0.05 secs] 
5583.777: [GC (Allocation Failure) [PSYoungGen: 394048K->97280K(464896K)] 1157114K->1009086K(1863168K), 0.1019743 secs] [Times: user=0.61 sys=0.00, real=0.10 secs] 
5585.952: [GC (Allocation Failure) [PSYoungGen: 333312K->168032K(461312K)] 1245118K->1172491K(1859584K), 0.0536525 secs] [Times: user=0.31 sys=0.00, real=0.06 secs] 
5587.546: [GC (Allocation Failure) [PSYoungGen: 405088K->96224K(467456K)] 1409547K->1267907K(1865728K), 0.1297638 secs] [Times: user=0.77 sys=0.00, real=0.13 secs] 
5588.043: [GC (Allocation Failure) [PSYoungGen: 333280K->177920K(458752K)] 1504963K->1439842K(1857024K), 0.0643104 secs] [Times: user=0.36 sys=0.03, real=0.07 secs] 
5588.108: [Full GC (Ergonomics) [PSYoungGen: 177920K->0K(458752K)] [ParOldGen: 1261922K->238681K(1398272K)] 1439842K->238681K(1857024K), [Metaspace: 59657K->59657K(1105920K)], 0.5607884 secs] [Times: user=2.62 sys=0.00, real=0.56 secs] 
5592.647: [GC (Allocation Failure) [PSYoungGen: 232960K->76768K(465920K)] 471641K->315449K(1864192K), 0.0635813 secs] [Times: user=0.37 sys=0.00, real=0.06 secs] 
5593.058: [GC (Allocation Failure) [PSYoungGen: 309728K->173664K(465920K)] 548409K->483206K(1864192K), 0.0552274 secs] [Times: user=0.33 sys=0.00, real=0.05 secs] 
5596.282: [GC (Allocation Failure) [PSYoungGen: 406624K->86784K(465920K)] 716166K->569422K(1864192K), 0.1467737 secs] [Times: user=0.78 sys=0.00, real=0.15 secs] 
5596.995: [GC (Allocation Failure) [PSYoungGen: 317535K->200544K(465920K)] 800174K->763819K(1864192K), 0.0617466 secs] [Times: user=0.37 sys=0.00, real=0.06 secs] 
5600.108: [GC (Allocation Failure) [PSYoungGen: 433504K->87776K(465920K)] 996779K->816259K(1864192K), 0.1199012 secs] [Times: user=0.70 sys=0.01, real=0.12 secs] 
5601.334: [GC (Allocation Failure) [PSYoungGen: 320736K->156448K(465920K)] 1049219K->965840K(1864192K), 0.0591945 secs] [Times: user=0.35 sys=0.00, real=0.05 secs] 
5604.541: [GC (Allocation Failure) [PSYoungGen: 389408K->101728K(465920K)] 1198800K->1067820K(1864192K), 0.0970953 secs] [Times: user=0.58 sys=0.00, real=0.10 secs] 
5605.732: [GC (Allocation Failure) [PSYoungGen: 334688K->146880K(465920K)] 1300780K->1204019K(1864192K), 0.0605313 secs] [Times: user=0.36 sys=0.00, real=0.06 secs] 
5608.911: [GC (Allocation Failure) [PSYoungGen: 379840K->119072K(352256K)] 1436979K->1322651K(1750528K), 0.0923278 secs] [Times: user=0.55 sys=0.01, real=0.09 secs] 
5609.003: [Full GC (Ergonomics) [PSYoungGen: 119072K->0K(352256K)] [ParOldGen: 1203579K->125482K(1398272K)] 1322651K->125482K(1750528K), [Metaspace: 59657K->59657K(1105920K)], 0.2794920 secs] [Times: user=1.27 sys=0.00, real=0.28 secs] 
5610.386: [GC (Allocation Failure) [PSYoungGen: 232960K->138240K(466944K)] 358442K->263722K(1865216K), 0.0491017 secs] [Times: user=0.30 sys=0.00, real=0.05 secs] 
5612.741: [GC (Allocation Failure) [PSYoungGen: 377344K->133120K(460800K)] 502826K->396478K(1859072K), 0.0739292 secs] [Times: user=0.43 sys=0.00, real=0.08 secs] 
5613.933: [GC (Allocation Failure) [PSYoungGen: 372224K->2608K(449536K)] 635582K->266078K(1847808K), 0.0020200 secs] [Times: user=0.01 sys=0.00, real=0.01 secs] 
5616.497: [GC (Allocation Failure) [PSYoungGen: 238640K->154208K(462848K)] 502110K->419099K(1861120K), 0.0303354 secs] [Times: user=0.18 sys=0.00, real=0.03 secs] 
5618.014: [GC (Allocation Failure) [PSYoungGen: 390240K->103744K(459264K)] 655131K->513563K(1857536K), 0.0762048 secs] [Times: user=0.45 sys=0.00, real=0.07 secs] 
5620.219: [GC (Allocation Failure) [PSYoungGen: 346432K->171136K(464384K)] 756251K->682456K(1862656K), 0.0536209 secs] [Times: user=0.32 sys=0.00, real=0.05 secs] 
5621.640: [GC (Allocation Failure) [PSYoungGen: 413824K->99488K(471040K)] 925144K->773212K(1869312K), 0.0787534 secs] [Times: user=0.46 sys=0.01, real=0.08 secs] 
5622.958: [GC (Allocation Failure) [PSYoungGen: 343712K->172544K(417280K)] 1017436K->941824K(1815552K), 0.0521229 secs] [Times: user=0.31 sys=0.00, real=0.05 secs] 
5625.982: [GC (Allocation Failure) [PSYoungGen: 416768K->99520K(472064K)] 1186048K->1040128K(1870336K), 0.1713187 secs] [Times: user=1.02 sys=0.00, real=0.17 secs] 
5626.525: [GC (Allocation Failure) [PSYoungGen: 338624K->216032K(465920K)] 1279232K->1250157K(1864192K), 0.0609311 secs] [Times: user=0.37 sys=0.00, real=0.06 secs] 
5630.447: [GC (Allocation Failure) [PSYoungGen: 455136K->77088K(465920K)] 1489261K->1294205K(1864192K), 0.1419824 secs] [Times: user=0.83 sys=0.01, real=0.14 secs] 
5630.589: [Full GC (Ergonomics) [PSYoungGen: 77088K->0K(465920K)] [ParOldGen: 1217117K->90988K(1398272K)] 1294205K->90988K(1864192K), [Metaspace: 59657K->59657K(1105920K)], 0.2449748 secs] [Times: user=1.14 sys=0.00, real=0.25 secs] 
5631.809: [GC (Allocation Failure) [PSYoungGen: 232782K->204960K(465920K)] 323771K->295948K(1864192K), 0.0505972 secs] [Times: user=0.29 sys=0.01, real=0.05 secs] 
5634.945: [GC (Allocation Failure) [PSYoungGen: 437920K->92896K(465920K)] 528908K->351884K(1864192K), 0.1125017 secs] [Times: user=0.67 sys=0.00, real=0.11 secs] 
5636.167: [GC (Allocation Failure) [PSYoungGen: 325856K->151072K(465920K)] 584844K->496645K(1864192K), 0.0597140 secs] [Times: user=0.35 sys=0.00, real=0.06 secs] 
5638.505: [GC (Allocation Failure) [PSYoungGen: 384032K->101248K(465920K)] 729605K->597621K(1864192K), 0.0988721 secs] [Times: user=0.59 sys=0.00, real=0.09 secs] 
5639.716: [GC (Allocation Failure) [PSYoungGen: 334208K->147840K(465920K)] 830581K->734710K(1864192K), 0.0599226 secs] [Times: user=0.36 sys=0.00, real=0.06 secs] 
5642.370: [GC (Allocation Failure) [PSYoungGen: 380800K->115776K(465920K)] 967670K->850302K(1864192K), 0.0886290 secs] [Times: user=0.53 sys=0.00, real=0.09 secs] 
5643.616: [GC (Allocation Failure) [PSYoungGen: 348736K->132192K(365568K)] 1083262K->971941K(1763840K), 0.0615591 secs] [Times: user=0.36 sys=0.00, real=0.06 secs] 
5645.871: [GC (Allocation Failure) [PSYoungGen: 365152K->127936K(465920K)] 1204901K->1099965K(1864192K), 0.0712519 secs] [Times: user=0.42 sys=0.00, real=0.07 secs] 
5647.136: [GC (Allocation Failure) [PSYoungGen: 369600K->2656K(457216K)] 1341629K->974861K(1855488K), 0.0043335 secs] [Times: user=0.02 sys=0.00, real=0.00 secs] 
5650.039: [GC (Allocation Failure) [PSYoungGen: 244320K->154080K(465408K)] 1216525K->1127482K(1863680K), 0.0311695 secs] [Times: user=0.18 sys=0.00, real=0.03 secs] 
5651.165: [GC (Allocation Failure) [PSYoungGen: 391136K->106592K(344064K)] 1364538K->1224762K(1742336K), 0.0674042 secs] [Times: user=0.41 sys=0.00, real=0.06 secs] 
5653.690: [GC (Allocation Failure) [PSYoungGen: 343648K->165824K(455680K)] 1461818K->1388287K(1853952K), 0.0556750 secs] [Times: user=0.31 sys=0.02, real=0.06 secs] 
5653.746: [Full GC (Ergonomics) [PSYoungGen: 165824K->0K(455680K)] [ParOldGen: 1222463K->191423K(1398272K)] 1388287K->191423K(1853952K), [Metaspace: 59657K->59657K(1105920K)], 0.4431329 secs] [Times: user=2.05 sys=0.00, real=0.44 secs] 
5655.295: [GC (Allocation Failure) [PSYoungGen: 232960K->96480K(462336K)] 424383K->287903K(1860608K), 0.0349207 secs] [Times: user=0.20 sys=0.00, real=0.03 secs] 
5657.576: [GC (Allocation Failure) [PSYoungGen: 320537K->159904K(466432K)] 511960K->444060K(1864704K), 0.0493046 secs] [Times: user=0.30 sys=0.00, real=0.05 secs] 
5659.137: [GC (Allocation Failure) [PSYoungGen: 402592K->98304K(341504K)] 686748K->533512K(1739776K), 0.1117494 secs] [Times: user=0.65 sys=0.01, real=0.11 secs] 
5660.929: [GC (Allocation Failure) [PSYoungGen: 340992K->189536K(455168K)] 776200K->719357K(1853440K), 0.0526636 secs] [Times: user=0.31 sys=0.00, real=0.05 secs] 
5663.618: [GC (Allocation Failure) [PSYoungGen: 422496K->88896K(465920K)] 952317K->790909K(1864192K), 0.1645547 secs] [Times: user=0.98 sys=0.00, real=0.16 secs] 
5664.325: [GC (Allocation Failure) [PSYoungGen: 321856K->172576K(465920K)] 1023869K->957901K(1864192K), 0.0696708 secs] [Times: user=0.42 sys=0.00, real=0.07 secs] 
5667.499: [GC (Allocation Failure) [PSYoungGen: 405536K->81376K(465920K)] 1190861K->1039213K(1864192K), 0.1609027 secs] [Times: user=0.95 sys=0.00, real=0.16 secs] 
5668.457: [GC (Allocation Failure) [PSYoungGen: 314336K->177984K(465920K)] 1272173K->1210626K(1864192K), 0.1337032 secs] [Times: user=0.80 sys=0.00, real=0.13 secs] 
5671.468: [GC (Allocation Failure) [PSYoungGen: 410944K->80896K(465920K)] 1443586K->1291690K(1864192K), 0.1484313 secs] [Times: user=0.88 sys=0.00, real=0.15 secs] 
5671.616: [Full GC (Ergonomics) [PSYoungGen: 80896K->0K(465920K)] [ParOldGen: 1210794K->90508K(1398272K)] 1291690K->90508K(1864192K), [Metaspace: 59657K->59657K(1105920K)], 0.2263136 secs] [Times: user=1.05 sys=0.00, real=0.22 secs] 
5673.152: [GC (Allocation Failure) [PSYoungGen: 232898K->202080K(465920K)] 323407K->292588K(1864192K), 0.0412731 secs] [Times: user=0.24 sys=0.00, real=0.04 secs] 
5674.709: [GC (Allocation Failure) [PSYoungGen: 435040K->90112K(465920K)] 525548K->348756K(1864192K), 0.0932542 secs] [Times: user=0.56 sys=0.00, real=0.09 secs] 
5676.711: [GC (Allocation Failure) [PSYoungGen: 323072K->154976K(465920K)] 581716K->496708K(1864192K), 0.0589480 secs] [Times: user=0.35 sys=0.00, real=0.06 secs] 
5678.493: [GC (Allocation Failure) [PSYoungGen: 387936K->104352K(465920K)] 729668K->600596K(1864192K), 0.0902684 secs] [Times: user=0.45 sys=0.00, real=0.09 secs] 
5680.742: [GC (Allocation Failure) [PSYoungGen: 337312K->143840K(465920K)] 833556K->734232K(1864192K), 0.0601028 secs] [Times: user=0.36 sys=0.00, real=0.06 secs] 
5682.404: [GC (Allocation Failure) [PSYoungGen: 376800K->118816K(352256K)] 967192K->852585K(1750528K), 0.0810257 secs] [Times: user=0.48 sys=0.00, real=0.08 secs] 
5683.612: [GC (Allocation Failure) [PSYoungGen: 351776K->129536K(471552K)] 1085545K->971885K(1869824K), 0.0613798 secs] [Times: user=0.37 sys=0.00, real=0.07 secs] 
5686.385: [GC (Allocation Failure) [PSYoungGen: 372224K->134400K(461824K)] 1214573K->1105865K(1860096K), 0.0657460 secs] [Times: user=0.38 sys=0.00, real=0.06 secs] 
5687.615: [GC (Allocation Failure) [PSYoungGen: 377088K->4768K(449536K)] 1348553K->976265K(1847808K), 0.0030317 secs] [Times: user=0.01 sys=0.00, real=0.00 secs] 
5690.272: [GC (Allocation Failure) [PSYoungGen: 242336K->160544K(462848K)] 1213833K->1135278K(1861120K), 0.0322145 secs] [Times: user=0.19 sys=0.00, real=0.04 secs] 
5691.381: [GC (Allocation Failure) [PSYoungGen: 398112K->104416K(463360K)] 1372846K->1230942K(1861632K), 0.0675816 secs] [Times: user=0.40 sys=0.00, real=0.07 secs] 
5694.758: [GC (Allocation Failure) [PSYoungGen: 342798K->164608K(465920K)] 1469325K->1393011K(1864192K), 0.0540337 secs] [Times: user=0.32 sys=0.00, real=0.05 secs] 
5694.812: [Full GC (Ergonomics) [PSYoungGen: 164608K->0K(465920K)] [ParOldGen: 1228403K->196592K(1398272K)] 1393011K->196592K(1864192K), [Metaspace: 59657K->59657K(1105920K)], 0.4597626 secs] [Times: user=2.13 sys=0.00, real=0.46 secs] 
5696.925: [GC (Allocation Failure) [PSYoungGen: 243200K->100960K(468992K)] 439792K->297552K(1867264K), 0.0850336 secs] [Times: user=0.50 sys=0.00, real=0.08 secs] 
5697.909: [GC (Allocation Failure) [PSYoungGen: 348256K->180448K(428032K)] 544848K->473908K(1826304K), 0.0529495 secs] [Times: user=0.31 sys=0.00, real=0.05 secs] 
5701.527: [GC (Allocation Failure) [PSYoungGen: 427744K->92288K(469504K)] 721204K->565865K(1867776K), 0.1592998 secs] [Times: user=0.95 sys=0.01, real=0.16 secs] 
5701.989: [GC (Allocation Failure) [PSYoungGen: 328832K->211552K(465920K)] 802409K->771213K(1864192K), 0.0603632 secs] [Times: user=0.36 sys=0.00, real=0.06 secs] 
5704.737: [GC (Allocation Failure) [PSYoungGen: 448096K->87168K(465920K)] 1007757K->825133K(1864192K), 0.1201839 secs] [Times: user=0.72 sys=0.00, real=0.12 secs] 
5705.967: [GC (Allocation Failure) [PSYoungGen: 320128K->157600K(465920K)] 1058093K->976049K(1864192K), 0.0594845 secs] [Times: user=0.36 sys=0.00, real=0.06 secs] 
5708.890: [GC (Allocation Failure) [PSYoungGen: 390560K->98688K(465920K)] 1209009K->1074289K(1864192K), 0.1052353 secs] [Times: user=0.63 sys=0.00, real=0.11 secs] 
5710.116: [GC (Allocation Failure) [PSYoungGen: 331648K->150368K(465920K)] 1307249K->1213728K(1864192K), 0.0605087 secs] [Times: user=0.36 sys=0.00, real=0.06 secs] 
5712.678: [GC (Allocation Failure) [PSYoungGen: 383328K->112320K(459776K)] 1446688K->1325804K(1858048K), 0.0976148 secs] [Times: user=0.58 sys=0.00, real=0.10 secs] 
5712.775: [Full GC (Ergonomics) [PSYoungGen: 112320K->0K(459776K)] [ParOldGen: 1213484K->126396K(1398272K)] 1325804K->126396K(1858048K), [Metaspace: 59657K->59657K(1105920K)], 0.2919612 secs] [Times: user=1.34 sys=0.00, real=0.29 secs] 
5714.127: [GC (Allocation Failure) [PSYoungGen: 232960K->136192K(462848K)] 359356K->262588K(1861120K), 0.0494040 secs] [Times: user=0.29 sys=0.00, real=0.05 secs] 
5717.070: [GC (Allocation Failure) [PSYoungGen: 369152K->124000K(457216K)] 495548K->386240K(1855488K), 0.0799467 secs] [Times: user=0.48 sys=0.00, real=0.08 secs] 
5718.281: [GC (Allocation Failure) [PSYoungGen: 370784K->2688K(460800K)] 633024K->265060K(1859072K), 0.0020229 secs] [Times: user=0.01 sys=0.01, real=0.00 secs] 
5720.337: [GC (Allocation Failure) [PSYoungGen: 249472K->160640K(460800K)] 511844K->424081K(1859072K), 0.0312955 secs] [Times: user=0.18 sys=0.00, real=0.03 secs] 
5721.455: [GC (Allocation Failure) [PSYoungGen: 394624K->101216K(335360K)] 658065K->516017K(1733632K), 0.0669748 secs] [Times: user=0.40 sys=0.00, real=0.06 secs] 
5724.288: [GC (Allocation Failure) [PSYoungGen: 335200K->165376K(457728K)] 750001K->678830K(1856000K), 0.0529900 secs] [Times: user=0.31 sys=0.01, real=0.05 secs] 
5725.411: [GC (Allocation Failure) [PSYoungGen: 398336K->96416K(464384K)] 911790K->766230K(1862656K), 0.0685111 secs] [Times: user=0.40 sys=0.00, real=0.07 secs] 
5727.675: [GC (Allocation Failure) [PSYoungGen: 319496K->159680K(464384K)] 989310K->922195K(1862656K), 0.0502951 secs] [Times: user=0.29 sys=0.00, real=0.05 secs] 
5729.728: [GC (Allocation Failure) [PSYoungGen: 398784K->98048K(467968K)] 1161299K->1011391K(1866240K), 0.1889429 secs] [Times: user=0.92 sys=0.00, real=0.19 secs] 
5731.779: [GC (Allocation Failure) [PSYoungGen: 337152K->172192K(459264K)] 1250495K->1179404K(1857536K), 0.0518981 secs] [Times: user=0.31 sys=0.00, real=0.05 secs] 
5734.118: [GC (Allocation Failure) [PSYoungGen: 406970K->86368K(467456K)] 1414182K->1265224K(1865728K), 0.1615073 secs] [Times: user=0.96 sys=0.00, real=0.16 secs] 
5734.279: [Full GC (Ergonomics) [PSYoungGen: 86368K->0K(467456K)] [ParOldGen: 1178856K->63044K(1398272K)] 1265224K->63044K(1865728K), [Metaspace: 59659K->59659K(1105920K)], 0.1686046 secs] [Times: user=0.78 sys=0.00, real=0.17 secs] 
5735.509: [GC (Allocation Failure) [PSYoungGen: 236032K->188192K(461312K)] 299076K->251236K(1859584K), 0.0348743 secs] [Times: user=0.20 sys=0.00, real=0.04 secs] 
5738.557: [GC (Allocation Failure) [PSYoungGen: 421152K->82272K(465920K)] 484196K->316692K(1864192K), 0.1737094 secs] [Times: user=1.03 sys=0.00, real=0.17 secs] 
5739.357: [GC (Allocation Failure) [PSYoungGen: 315232K->176576K(465920K)] 549652K->486293K(1864192K), 0.0567266 secs] [Times: user=0.34 sys=0.00, real=0.05 secs] 
5741.669: [GC (Allocation Failure) [PSYoungGen: 409536K->87744K(465920K)] 719253K->573729K(1864192K), 0.1291250 secs] [Times: user=0.77 sys=0.01, real=0.13 secs] 
5742.358: [GC (Allocation Failure) [PSYoungGen: 318915K->201696K(465920K)] 804900K->769334K(1864192K), 0.0610945 secs] [Times: user=0.36 sys=0.00, real=0.06 secs] 
5746.031: [GC (Allocation Failure) [PSYoungGen: 434656K->84384K(465920K)] 1002294K->818390K(1864192K), 0.1242219 secs] [Times: user=0.74 sys=0.00, real=0.13 secs] 
5747.287: [GC (Allocation Failure) [PSYoungGen: 317344K->160640K(465920K)] 1051350K->971855K(1864192K), 0.0588626 secs] [Times: user=0.35 sys=0.00, real=0.06 secs] 
5749.790: [GC (Allocation Failure) [PSYoungGen: 392988K->93376K(465920K)] 1204204K->1065019K(1864192K), 0.1066069 secs] [Times: user=0.62 sys=0.01, real=0.11 secs] 
5751.040: [GC (Allocation Failure) [PSYoungGen: 326336K->150912K(465920K)] 1297979K->1209164K(1864192K), 0.0595144 secs] [Times: user=0.36 sys=0.00, real=0.06 secs] 
5752.926: [GC (Allocation Failure) [PSYoungGen: 383872K->106880K(465920K)] 1442124K->1315840K(1864192K), 0.0978656 secs] [Times: user=0.58 sys=0.00, real=0.10 secs] 
5753.024: [Full GC (Ergonomics) [PSYoungGen: 106880K->0K(465920K)] [ParOldGen: 1208960K->120922K(1398272K)] 1315840K->120922K(1864192K), [Metaspace: 59659K->59659K(1105920K)], 0.2773153 secs] [Times: user=1.28 sys=0.00, real=0.27 secs] 
5754.377: [GC (Allocation Failure) [PSYoungGen: 232960K->141984K(462848K)] 353882K->262906K(1861120K), 0.0496893 secs] [Times: user=0.30 sys=0.00, real=0.05 secs] 
5756.501: [GC (Allocation Failure) [PSYoungGen: 374944K->128608K(361984K)] 495866K->391434K(1760256K), 0.0855930 secs] [Times: user=0.51 sys=0.00, real=0.09 secs] 
5757.722: [GC (Allocation Failure) [PSYoungGen: 361568K->768K(446976K)] 624394K->263658K(1845248K), 0.0018378 secs] [Times: user=0.01 sys=0.00, real=0.01 secs] 
5760.482: [GC (Allocation Failure) [PSYoungGen: 226560K->134368K(458752K)] 489450K->397599K(1857024K), 0.0378286 secs] [Times: user=0.18 sys=0.00, real=0.04 secs] 
5761.624: [GC (Allocation Failure) [PSYoungGen: 360160K->768K(461824K)] 623391K->264387K(1860096K), 0.0018462 secs] [Times: user=0.01 sys=0.00, real=0.00 secs] 
5764.192: [GC (Allocation Failure) [PSYoungGen: 233728K->143680K(465920K)] 497347K->407331K(1864192K), 0.0346458 secs] [Times: user=0.20 sys=0.00, real=0.04 secs] 
5765.357: [GC (Allocation Failure) [PSYoungGen: 376640K->3776K(465920K)] 640291K->267515K(1864192K), 0.0022491 secs] [Times: user=0.01 sys=0.01, real=0.00 secs] 
5768.472: [GC (Allocation Failure) [PSYoungGen: 236736K->157344K(465920K)] 500475K->422776K(1864192K), 0.0310011 secs] [Times: user=0.18 sys=0.00, real=0.03 secs] 
5769.620: [GC (Allocation Failure) [PSYoungGen: 390304K->97888K(465920K)] 655736K->511600K(1864192K), 0.0676239 secs] [Times: user=0.39 sys=0.01, real=0.07 secs] 
5772.416: [GC (Allocation Failure) [PSYoungGen: 330848K->161696K(465920K)] 744560K->670981K(1864192K), 0.0519670 secs] [Times: user=0.30 sys=0.00, real=0.05 secs] 
5773.543: [GC (Allocation Failure) [PSYoungGen: 394656K->97216K(465920K)] 903941K->759085K(1864192K), 0.0678219 secs] [Times: user=0.40 sys=0.00, real=0.07 secs] 
5776.422: [GC (Allocation Failure) [PSYoungGen: 330176K->173152K(465920K)] 992045K->929169K(1864192K), 0.0515107 secs] [Times: user=0.30 sys=0.00, real=0.05 secs] 
5777.527: [GC (Allocation Failure) [PSYoungGen: 406112K->94368K(465920K)] 1162129K->1006354K(1864192K), 0.0678421 secs] [Times: user=0.40 sys=0.00, real=0.07 secs] 
5781.005: [GC (Allocation Failure) [PSYoungGen: 316465K->159232K(465920K)] 1228451K->1161366K(1864192K), 0.0491244 secs] [Times: user=0.27 sys=0.00, real=0.05 secs] 
5782.271: [GC (Allocation Failure) [PSYoungGen: 392192K->93248K(464896K)] 1394326K->1245678K(1863168K), 0.0698935 secs] [Times: user=0.41 sys=0.00, real=0.07 secs] 
5784.574: [GC (Allocation Failure) [PSYoungGen: 313751K->158528K(465408K)] 1466182K->1400235K(1863680K), 0.0491494 secs] [Times: user=0.29 sys=0.00, real=0.05 secs] 
5784.623: [Full GC (Ergonomics) [PSYoungGen: 158528K->0K(465408K)] [ParOldGen: 1241707K->196866K(1398272K)] 1400235K->196866K(1863680K), [Metaspace: 59659K->59659K(1105920K)], 0.4663523 secs] [Times: user=2.17 sys=0.00, real=0.47 secs] 
5786.251: [GC (Allocation Failure) [PSYoungGen: 232960K->95936K(459776K)] 429826K->292802K(1858048K), 0.0320284 secs] [Times: user=0.19 sys=0.00, real=0.03 secs] 
5788.773: [GC (Allocation Failure) [PSYoungGen: 329408K->165248K(462848K)] 526274K->453879K(1861120K), 0.0492610 secs] [Times: user=0.29 sys=0.00, real=0.05 secs] 
5790.870: [GC (Allocation Failure) [PSYoungGen: 398720K->91680K(466432K)] 687351K->544459K(1864704K), 0.1638024 secs] [Times: user=0.98 sys=0.01, real=0.17 secs] 
5792.191: [GC (Allocation Failure) [PSYoungGen: 327712K->185696K(465920K)] 780491K->726156K(1864192K), 0.0563491 secs] [Times: user=0.34 sys=0.00, real=0.06 secs] 
5794.713: [GC (Allocation Failure) [PSYoungGen: 421728K->89984K(465920K)] 962188K->799116K(1864192K), 0.1648084 secs] [Times: user=0.98 sys=0.00, real=0.17 secs] 
5795.182: [GC (Allocation Failure) [PSYoungGen: 322944K->179040K(465920K)] 1032076K->971749K(1864192K), 0.0592689 secs] [Times: user=0.35 sys=0.00, real=0.06 secs] 
5798.981: [GC (Allocation Failure) [PSYoungGen: 412000K->81120K(465920K)] 1204709K->1053069K(1864192K), 0.1432299 secs] [Times: user=0.86 sys=0.00, real=0.15 secs] 
5800.118: [GC (Allocation Failure) [PSYoungGen: 309075K->204512K(465920K)] 1281024K->1251149K(1864192K), 0.0670063 secs] [Times: user=0.40 sys=0.00, real=0.07 secs] 
5802.552: [GC (Allocation Failure) [PSYoungGen: 437472K->88320K(465920K)] 1484109K->1302861K(1864192K), 0.1116675 secs] [Times: user=0.67 sys=0.00, real=0.11 secs] 
5802.664: [Full GC (Ergonomics) [PSYoungGen: 88320K->0K(465920K)] [ParOldGen: 1214541K->102393K(1398272K)] 1302861K->102393K(1864192K), [Metaspace: 59662K->59662K(1105920K)], 0.2426657 secs] [Times: user=1.11 sys=0.00, real=0.25 secs] 
5803.978: [GC (Allocation Failure) [PSYoungGen: 232960K->157056K(465920K)] 335353K->259449K(1864192K), 0.0445466 secs] [Times: user=0.26 sys=0.00, real=0.04 secs] 
5806.338: [GC (Allocation Failure) [PSYoungGen: 383039K->93376K(465920K)] 485433K->352650K(1864192K), 0.1011650 secs] [Times: user=0.60 sys=0.00, real=0.10 secs] 
5807.552: [GC (Allocation Failure) [PSYoungGen: 326336K->151168K(465920K)] 585610K->497066K(1864192K), 0.0595010 secs] [Times: user=0.35 sys=0.00, real=0.06 secs] 
5810.422: [GC (Allocation Failure) [PSYoungGen: 384128K->100672K(465920K)] 730026K->597814K(1864192K), 0.1000558 secs] [Times: user=0.59 sys=0.01, real=0.10 secs] 
5811.643: [GC (Allocation Failure) [PSYoungGen: 333632K->147808K(465920K)] 830774K->734867K(1864192K), 0.0595542 secs] [Times: user=0.35 sys=0.00, real=0.06 secs] 
5814.396: [GC (Allocation Failure) [PSYoungGen: 380768K->115872K(452608K)] 967827K->850971K(1850880K), 0.0914669 secs] [Times: user=0.54 sys=0.00, real=0.09 secs] 
5815.592: [GC (Allocation Failure) [PSYoungGen: 348832K->132608K(459264K)] 1083931K->972648K(1857536K), 0.0604911 secs] [Times: user=0.36 sys=0.00, real=0.06 secs] 
5817.133: [GC (Allocation Failure) [PSYoungGen: 365568K->135008K(461312K)] 1205608K->1107768K(1859584K), 0.0638673 secs] [Times: user=0.38 sys=0.00, real=0.07 secs] 
5818.354: [GC (Allocation Failure) [PSYoungGen: 388960K->8608K(466432K)] 1361720K->981648K(1864704K), 0.0042163 secs] [Times: user=0.03 sys=0.00, real=0.00 secs] 
5820.293: [GC (Allocation Failure) [PSYoungGen: 260944K->176384K(457216K)] 1233985K->1155805K(1855488K), 0.0364130 secs] [Times: user=0.22 sys=0.00, real=0.04 secs] 
5821.779: [GC (Allocation Failure) [PSYoungGen: 409344K->92480K(465920K)] 1388765K->1239345K(1864192K), 0.0998900 secs] [Times: user=0.60 sys=0.00, real=0.10 secs] 
5823.618: [GC (Allocation Failure) [PSYoungGen: 325440K->169632K(462336K)] 1472305K->1405219K(1860608K), 0.0505171 secs] [Times: user=0.30 sys=0.00, real=0.05 secs] 
5823.668: [Full GC (Ergonomics) [PSYoungGen: 169632K->0K(462336K)] [ParOldGen: 1235587K->207706K(1398272K)] 1405219K->207706K(1860608K), [Metaspace: 59662K->59662K(1105920K)], 0.4848852 secs] [Times: user=2.25 sys=0.00, real=0.48 secs] 
5826.682: [GC (Allocation Failure) [PSYoungGen: 232960K->87456K(465920K)] 440666K->295162K(1864192K), 0.1763199 secs] [Times: user=1.05 sys=0.00, real=0.18 secs] 
5828.244: [GC (Allocation Failure) [PSYoungGen: 320416K->164384K(464896K)] 528122K->455843K(1863168K), 0.0544844 secs] [Times: user=0.32 sys=0.00, real=0.05 secs] 
5831.508: [GC (Allocation Failure) [PSYoungGen: 395361K->84640K(465920K)] 686820K->539715K(1864192K), 0.1543489 secs] [Times: user=0.91 sys=0.00, real=0.15 secs] 
5832.319: [GC (Allocation Failure) [PSYoungGen: 317600K->169920K(465920K)] 772675K->705364K(1864192K), 0.0555969 secs] [Times: user=0.33 sys=0.00, real=0.06 secs] 
5835.291: [GC (Allocation Failure) [PSYoungGen: 402880K->78944K(465920K)] 938324K->784052K(1864192K), 0.1548906 secs] [Times: user=0.92 sys=0.01, real=0.16 secs] 
5836.027: [GC (Allocation Failure) [PSYoungGen: 311904K->178272K(465920K)] 1017012K->956123K(1864192K), 0.0565738 secs] [Times: user=0.34 sys=0.00, real=0.05 secs] 
5839.028: [GC (Allocation Failure) [PSYoungGen: 411232K->81248K(465920K)] 1189083K->1037523K(1864192K), 0.1306279 secs] [Times: user=0.78 sys=0.00, real=0.13 secs] 
5839.476: [GC (Allocation Failure) [PSYoungGen: 314208K->192992K(465920K)] 1270483K->1224019K(1864192K), 0.0567789 secs] [Times: user=0.34 sys=0.00, real=0.05 secs] 
5842.384: [GC (Allocation Failure) [PSYoungGen: 425952K->82624K(465920K)] 1456979K->1290019K(1864192K), 0.1268589 secs] [Times: user=0.75 sys=0.01, real=0.12 secs] 
5842.511: [Full GC (Ergonomics) [PSYoungGen: 82624K->0K(465920K)] [ParOldGen: 1207395K->96732K(1398272K)] 1290019K->96732K(1864192K), [Metaspace: 59662K->59662K(1105920K)], 0.2321341 secs] [Times: user=1.05 sys=0.00, real=0.23 secs] 
5843.824: [GC (Allocation Failure) [PSYoungGen: 232960K->162368K(465920K)] 329692K->259100K(1864192K), 0.0461172 secs] [Times: user=0.27 sys=0.01, real=0.04 secs] 
5846.378: [GC (Allocation Failure) [PSYoungGen: 395328K->93664K(465920K)] 492060K->352920K(1864192K), 0.0912699 secs] [Times: user=0.54 sys=0.00, real=0.09 secs] 
5847.562: [GC (Allocation Failure) [PSYoungGen: 326624K->151072K(465920K)] 585880K->496979K(1864192K), 0.0596226 secs] [Times: user=0.35 sys=0.01, real=0.06 secs] 
5849.913: [GC (Allocation Failure) [PSYoungGen: 384032K->104160K(465920K)] 729939K->601339K(1864192K), 0.0970120 secs] [Times: user=0.57 sys=0.01, real=0.10 secs] 
5851.118: [GC (Allocation Failure) [PSYoungGen: 337120K->144640K(464896K)] 834299K->734890K(1863168K), 0.0599938 secs] [Times: user=0.36 sys=0.00, real=0.06 secs] 
5853.703: [GC (Allocation Failure) [PSYoungGen: 377600K->118080K(351232K)] 967850K->852914K(1749504K), 0.0828285 secs] [Times: user=0.49 sys=0.01, real=0.09 secs] 
5854.930: [GC (Allocation Failure) [PSYoungGen: 351040K->130304K(465920K)] 1085874K->972549K(1864192K), 0.0615654 secs] [Times: user=0.36 sys=0.00, real=0.06 secs] 
5857.814: [GC (Allocation Failure) [PSYoungGen: 372992K->140288K(457728K)] 1215237K->1112621K(1856000K), 0.0645703 secs] [Times: user=0.39 sys=0.00, real=0.06 secs] 
5859.448: [GC (Allocation Failure) [PSYoungGen: 382976K->4000K(459264K)] 1355309K->976434K(1857536K), 0.0036636 secs] [Times: user=0.02 sys=0.00, real=0.00 secs] 
5861.497: [GC (Allocation Failure) [PSYoungGen: 251808K->168448K(416768K)] 1224242K->1143922K(1815040K), 0.0338472 secs] [Times: user=0.20 sys=0.00, real=0.03 secs] 
5863.402: [GC (Allocation Failure) [PSYoungGen: 416256K->104096K(474112K)] 1391730K->1239287K(1872384K), 0.0705655 secs] [Times: user=0.41 sys=0.00, real=0.07 secs] 
5865.369: [GC (Allocation Failure) [PSYoungGen: 345248K->168704K(465920K)] 1480439K->1404647K(1864192K), 0.0547784 secs] [Times: user=0.33 sys=0.00, real=0.05 secs] 
5865.424: [Full GC (Ergonomics) [PSYoungGen: 168704K->0K(465920K)] [ParOldGen: 1235943K->207318K(1398272K)] 1404647K->207318K(1864192K), [Metaspace: 59662K->59662K(1105920K)], 0.4801558 secs] [Times: user=2.23 sys=0.00, real=0.48 secs] 
5867.803: [GC (Allocation Failure) [PSYoungGen: 241152K->93216K(468480K)] 448470K->300534K(1866752K), 0.1723893 secs] [Times: user=1.03 sys=0.00, real=0.18 secs] 
5868.767: [GC (Allocation Failure) [PSYoungGen: 332832K->178240K(418304K)] 540150K->474611K(1816576K), 0.0574084 secs] [Times: user=0.34 sys=0.00, real=0.06 secs] 
5871.178: [GC (Allocation Failure) [PSYoungGen: 417856K->90208K(466432K)] 714227K->564879K(1864704K), 0.1187922 secs] [Times: user=0.71 sys=0.00, real=0.12 secs] 
5871.748: [GC (Allocation Failure) [PSYoungGen: 323680K->170272K(465920K)] 798351K->728856K(1864192K), 0.0616999 secs] [Times: user=0.37 sys=0.00, real=0.06 secs] 
5874.301: [GC (Allocation Failure) [PSYoungGen: 403744K->88864K(465920K)] 962328K->817088K(1864192K), 0.1135128 secs] [Times: user=0.68 sys=0.00, real=0.12 secs] 
5875.500: [GC (Allocation Failure) [PSYoungGen: 321824K->157984K(465920K)] 1050048K->968103K(1864192K), 0.0612634 secs] [Times: user=0.36 sys=0.01, real=0.06 secs] 
5877.754: [GC (Allocation Failure) [PSYoungGen: 384194K->93184K(461824K)] 1194313K->1061191K(1860096K), 0.0928758 secs] [Times: user=0.55 sys=0.00, real=0.09 secs] 
5878.931: [GC (Allocation Failure) [PSYoungGen: 326144K->150624K(463872K)] 1294151K->1205248K(1862144K), 0.0599930 secs] [Times: user=0.36 sys=0.00, real=0.06 secs] 
5881.564: [GC (Allocation Failure) [PSYoungGen: 383584K->101248K(455168K)] 1438208K->1306736K(1853440K), 0.0977257 secs] [Times: user=0.58 sys=0.00, real=0.09 secs] 
5881.662: [Full GC (Ergonomics) [PSYoungGen: 101248K->0K(455168K)] [ParOldGen: 1205488K->115335K(1398272K)] 1306736K->115335K(1853440K), [Metaspace: 59662K->59662K(1105920K)], 0.2623911 secs] [Times: user=1.19 sys=0.00, real=0.27 secs] 
5883.093: [GC (Allocation Failure) [PSYoungGen: 237568K->147200K(461824K)] 352903K->262535K(1860096K), 0.0535510 secs] [Times: user=0.32 sys=0.00, real=0.06 secs] 
5886.892: [GC (Allocation Failure) [PSYoungGen: 384768K->122464K(455680K)] 500103K->384855K(1853952K), 0.0927896 secs] [Times: user=0.55 sys=0.00, real=0.10 secs] 
5888.124: [GC (Allocation Failure) [PSYoungGen: 374368K->2688K(465920K)] 636759K->265151K(1864192K), 0.0020433 secs] [Times: user=0.01 sys=0.00, real=0.01 secs] 
5890.379: [GC (Allocation Failure) [PSYoungGen: 254592K->166624K(459264K)] 517055K->430520K(1857536K), 0.0323687 secs] [Times: user=0.19 sys=0.01, real=0.03 secs] 
5891.748: [GC (Allocation Failure) [PSYoungGen: 399584K->96384K(465920K)] 663480K->518188K(1864192K), 0.0689791 secs] [Times: user=0.40 sys=0.00, real=0.07 secs] 
5894.033: [GC (Allocation Failure) [PSYoungGen: 329344K->164768K(459776K)] 751148K->680866K(1858048K), 0.0512004 secs] [Times: user=0.30 sys=0.00, real=0.06 secs] 
5895.703: [GC (Allocation Failure) [PSYoungGen: 397728K->94336K(465920K)] 913826K->766802K(1864192K), 0.0681088 secs] [Times: user=0.41 sys=0.00, real=0.07 secs] 
5897.464: [GC (Allocation Failure) [PSYoungGen: 313830K->159072K(461824K)] 986296K->922722K(1860096K), 0.1168063 secs] [Times: user=0.70 sys=0.00, real=0.11 secs] 
5899.847: [GC (Allocation Failure) [PSYoungGen: 394080K->94240K(465920K)] 1157730K->1008467K(1864192K), 0.0667544 secs] [Times: user=0.40 sys=0.00, real=0.07 secs] 
5902.467: [GC (Allocation Failure) [PSYoungGen: 313200K->157088K(463360K)] 1227427K->1161487K(1861632K), 0.0488148 secs] [Times: user=0.29 sys=0.01, real=0.05 secs] 
5904.086: [GC (Allocation Failure) [PSYoungGen: 395168K->97440K(466432K)] 1399567K->1249911K(1864704K), 0.1490868 secs] [Times: user=0.89 sys=0.01, real=0.15 secs] 
5906.651: [GC (Allocation Failure) [PSYoungGen: 335520K->165696K(460800K)] 1487991K->1411492K(1859072K), 0.0521499 secs] [Times: user=0.30 sys=0.01, real=0.05 secs] 
5906.703: [Full GC (Ergonomics) [PSYoungGen: 165696K->0K(460800K)] [ParOldGen: 1245796K->208187K(1398272K)] 1411492K->208187K(1859072K), [Metaspace: 59662K->59662K(1105920K)], 0.4786664 secs] [Times: user=2.23 sys=0.00, real=0.48 secs] 
5909.249: [GC (Allocation Failure) [PSYoungGen: 238592K->93152K(467456K)] 446779K->301339K(1865728K), 0.1590978 secs] [Times: user=0.94 sys=0.01, real=0.16 secs] 
5910.121: [GC (Allocation Failure) [PSYoungGen: 331744K->177248K(457216K)] 539931K->473999K(1855488K), 0.0573466 secs] [Times: user=0.34 sys=0.00, real=0.06 secs] 
5911.873: [GC (Allocation Failure) [PSYoungGen: 410208K->84768K(465920K)] 706959K->558792K(1864192K), 0.1529933 secs] [Times: user=0.91 sys=0.00, real=0.16 secs] 
5912.527: [GC (Allocation Failure) [PSYoungGen: 317728K->211008K(463872K)] 791752K->763004K(1862144K), 0.0828934 secs] [Times: user=0.49 sys=0.00, real=0.08 secs] 
5915.362: [GC (Allocation Failure) [PSYoungGen: 443968K->84992K(465920K)] 995964K->814972K(1864192K), 0.1184727 secs] [Times: user=0.70 sys=0.00, real=0.12 secs] 
5916.564: [GC (Allocation Failure) [PSYoungGen: 317952K->158912K(465920K)] 1047932K->967371K(1864192K), 0.0594823 secs] [Times: user=0.35 sys=0.00, real=0.06 secs] 
5919.765: [GC (Allocation Failure) [PSYoungGen: 391872K->93280K(465920K)] 1200331K->1060444K(1864192K), 0.1076155 secs] [Times: user=0.65 sys=0.00, real=0.10 secs] 
5920.982: [GC (Allocation Failure) [PSYoungGen: 326240K->151808K(465920K)] 1293404K->1205272K(1864192K), 0.0600560 secs] [Times: user=0.35 sys=0.01, real=0.06 secs] 
5922.574: [GC (Allocation Failure) [PSYoungGen: 384768K->107104K(465920K)] 1438232K->1312176K(1864192K), 0.0786479 secs] [Times: user=0.46 sys=0.00, real=0.08 secs] 
5922.652: [Full GC (Ergonomics) [PSYoungGen: 107104K->0K(465920K)] [ParOldGen: 1205072K->121657K(1398272K)] 1312176K->121657K(1864192K), [Metaspace: 59662K->59662K(1105920K)], 0.2771565 secs] [Times: user=1.26 sys=0.00, real=0.28 secs] 
5923.998: [GC (Allocation Failure) [PSYoungGen: 232960K->141152K(455680K)] 354617K->262809K(1853952K), 0.0517851 secs] [Times: user=0.31 sys=0.00, real=0.05 secs] 
5925.837: [GC (Allocation Failure) [PSYoungGen: 374112K->122368K(460800K)] 495769K->385353K(1859072K), 0.0804651 secs] [Times: user=0.48 sys=0.00, real=0.08 secs] 
5927.443: [GC (Allocation Failure) [PSYoungGen: 355328K->125824K(457216K)] 618313K->500545K(1855488K), 0.0613657 secs] [Times: user=0.37 sys=0.00, real=0.07 secs] 
5930.587: [GC (Allocation Failure) [PSYoungGen: 377728K->147840K(462336K)] 752449K->648574K(1860608K), 0.0597981 secs] [Times: user=0.35 sys=0.00, real=0.06 secs] 
5931.963: [GC (Allocation Failure) [PSYoungGen: 399744K->15424K(466944K)] 900478K->516210K(1865216K), 0.0056993 secs] [Times: user=0.03 sys=0.00, real=0.01 secs] 
5934.212: [GC (Allocation Failure) [PSYoungGen: 272960K->178656K(436224K)] 773746K->692447K(1834496K), 0.0395562 secs] [Times: user=0.24 sys=0.00, real=0.04 secs] 
5937.176: [GC (Allocation Failure) [PSYoungGen: 436192K->100480K(472576K)] 949983K->792539K(1870848K), 0.1232768 secs] [Times: user=0.73 sys=0.01, real=0.12 secs] 
5937.958: [GC (Allocation Failure) [PSYoungGen: 340096K->176576K(465920K)] 1032155K->963156K(1864192K), 0.1121073 secs] [Times: user=0.66 sys=0.01, real=0.11 secs] 
5940.521: [GC (Allocation Failure) [PSYoungGen: 416192K->90816K(467456K)] 1202772K->1053700K(1865728K), 0.1341091 secs] [Times: user=0.80 sys=0.00, real=0.14 secs] 
5942.183: [GC (Allocation Failure) [PSYoungGen: 325312K->209440K(465920K)] 1288196K->1257145K(1864192K), 0.0641628 secs] [Times: user=0.38 sys=0.00, real=0.07 secs] 
5945.598: [GC (Allocation Failure) [PSYoungGen: 443936K->84640K(465920K)] 1491641K->1301001K(1864192K), 0.1234986 secs] [Times: user=0.69 sys=0.00, real=0.12 secs] 
5945.722: [Full GC (Ergonomics) [PSYoungGen: 84640K->0K(465920K)] [ParOldGen: 1216361K->98748K(1398272K)] 1301001K->98748K(1864192K), [Metaspace: 59662K->59662K(1105920K)], 0.2488592 secs] [Times: user=1.16 sys=0.00, real=0.25 secs] 
5947.035: [GC (Allocation Failure) [PSYoungGen: 232960K->159808K(465920K)] 331708K->258556K(1864192K), 0.0451278 secs] [Times: user=0.27 sys=0.00, real=0.04 secs] 
5949.363: [GC (Allocation Failure) [PSYoungGen: 392441K->93824K(465920K)] 491189K->352380K(1864192K), 0.1017584 secs] [Times: user=0.59 sys=0.01, real=0.11 secs] 
5950.565: [GC (Allocation Failure) [PSYoungGen: 326784K->150784K(465920K)] 585340K->496080K(1864192K), 0.0589064 secs] [Times: user=0.35 sys=0.00, real=0.05 secs] 
5952.048: [GC (Allocation Failure) [PSYoungGen: 383744K->107680K(465920K)] 729040K->603865K(1864192K), 0.0922465 secs] [Times: user=0.55 sys=0.00, real=0.09 secs] 
5953.253: [GC (Allocation Failure) [PSYoungGen: 340640K->140800K(374272K)] 836825K->733997K(1772544K), 0.0603255 secs] [Times: user=0.36 sys=0.00, real=0.06 secs] 
5955.214: [GC (Allocation Failure) [PSYoungGen: 373760K->125760K(469504K)] 966957K->859533K(1867776K), 0.0655062 secs] [Times: user=0.39 sys=0.00, real=0.07 secs] 
5956.407: [GC (Allocation Failure) [PSYoungGen: 367936K->1824K(460288K)] 1101709K->735705K(1858560K), 0.0019975 secs] [Times: user=0.01 sys=0.00, real=0.00 secs] 
5959.000: [GC (Allocation Failure) [PSYoungGen: 244000K->152032K(464384K)] 977881K->886510K(1862656K), 0.0301025 secs] [Times: user=0.18 sys=0.00, real=0.03 secs] 
5960.120: [GC (Allocation Failure) [PSYoungGen: 386016K->9632K(243712K)] 1120494K->744198K(1641984K), 0.0034120 secs] [Times: user=0.01 sys=0.01, real=0.00 secs] 
5963.191: [GC (Allocation Failure) [PSYoungGen: 243616K->158752K(465920K)] 978182K->900819K(1864192K), 0.0329054 secs] [Times: user=0.19 sys=0.00, real=0.04 secs] 
5964.300: [GC (Allocation Failure) [PSYoungGen: 391712K->99872K(465920K)] 1133779K->991443K(1864192K), 0.0670990 secs] [Times: user=0.40 sys=0.00, real=0.07 secs] 
5966.278: [GC (Allocation Failure) [PSYoungGen: 332832K->165568K(465920K)] 1224403K->1154400K(1864192K), 0.0520583 secs] [Times: user=0.31 sys=0.00, real=0.05 secs] 
5967.837: [GC (Allocation Failure) [PSYoungGen: 398528K->93856K(465920K)] 1387360K->1239240K(1864192K), 0.1691417 secs] [Times: user=1.01 sys=0.00, real=0.17 secs] 
5969.644: [GC (Allocation Failure) [PSYoungGen: 326816K->167584K(465920K)] 1472200K->1402797K(1864192K), 0.0505558 secs] [Times: user=0.30 sys=0.00, real=0.05 secs] 
5969.695: [Full GC (Ergonomics) [PSYoungGen: 167584K->0K(465920K)] [ParOldGen: 1235213K->205194K(1398272K)] 1402797K->205194K(1864192K), [Metaspace: 59662K->59662K(1105920K)], 0.4825931 secs] [Times: user=2.25 sys=0.00, real=0.48 secs] 
5972.545: [GC (Allocation Failure) [PSYoungGen: 232960K->85216K(465920K)] 438154K->290410K(1864192K), 0.1685985 secs] [Times: user=1.00 sys=0.00, real=0.16 secs] 
5974.099: [GC (Allocation Failure) [PSYoungGen: 318176K->165408K(465920K)] 523370K->451611K(1864192K), 0.0526797 secs] [Times: user=0.31 sys=0.00, real=0.05 secs] 
5976.249: [GC (Allocation Failure) [PSYoungGen: 397795K->88960K(465920K)] 683999K->540035K(1864192K), 0.1524473 secs] [Times: user=0.76 sys=0.00, real=0.15 secs] 
5977.203: [GC (Allocation Failure) [PSYoungGen: 321920K->172224K(465920K)] 772995K->708248K(1864192K), 0.0555412 secs] [Times: user=0.33 sys=0.00, real=0.06 secs] 
5980.538: [GC (Allocation Failure) [PSYoungGen: 405184K->79744K(465920K)] 941208K->787920K(1864192K), 0.1567363 secs] [Times: user=0.93 sys=0.00, real=0.16 secs] 
5981.258: [GC (Allocation Failure) [PSYoungGen: 312704K->178656K(465920K)] 1020880K->960221K(1864192K), 0.0564169 secs] [Times: user=0.34 sys=0.00, real=0.06 secs] 
5984.317: [GC (Allocation Failure) [PSYoungGen: 411616K->80992K(465920K)] 1193181K->1041453K(1864192K), 0.1353512 secs] [Times: user=0.80 sys=0.00, real=0.13 secs] 
5985.611: [GC (Allocation Failure) [PSYoungGen: 313929K->205856K(465920K)] 1274390K->1240738K(1864192K), 0.0626137 secs] [Times: user=0.37 sys=0.00, real=0.06 secs] 
5987.638: [GC (Allocation Failure) [PSYoungGen: 438816K->82656K(465920K)] 1473698K->1289530K(1864192K), 0.1241330 secs] [Times: user=0.73 sys=0.01, real=0.12 secs] 
5987.762: [Full GC (Ergonomics) [PSYoungGen: 82656K->0K(465920K)] [ParOldGen: 1206874K->96803K(1398272K)] 1289530K->96803K(1864192K), [Metaspace: 59662K->59662K(1105920K)], 0.2303501 secs] [Times: user=1.05 sys=0.00, real=0.23 secs] 
5989.438: [GC (Allocation Failure) [PSYoungGen: 232960K->162304K(465920K)] 329763K->259107K(1864192K), 0.0460956 secs] [Times: user=0.28 sys=0.00, real=0.04 secs] 
5991.614: [GC (Allocation Failure) [PSYoungGen: 395264K->93696K(465920K)] 492067K->352699K(1864192K), 0.1047486 secs] [Times: user=0.62 sys=0.00, real=0.10 secs] 
5992.876: [GC (Allocation Failure) [PSYoungGen: 326656K->151328K(465920K)] 585659K->496963K(1864192K), 0.0595670 secs] [Times: user=0.35 sys=0.00, real=0.06 secs] 
5995.007: [GC (Allocation Failure) [PSYoungGen: 384288K->104096K(465920K)] 729923K->600831K(1864192K), 0.0979122 secs] [Times: user=0.58 sys=0.00, real=0.10 secs] 
5996.226: [GC (Allocation Failure) [PSYoungGen: 337056K->144448K(465920K)] 833791K->734086K(1864192K), 0.0601037 secs] [Times: user=0.36 sys=0.00, real=0.06 secs] 
5998.017: [GC (Allocation Failure) [PSYoungGen: 377408K->118656K(351744K)] 967046K->852854K(1750016K), 0.0853156 secs] [Times: user=0.51 sys=0.00, real=0.08 secs] 
5999.233: [GC (Allocation Failure) [PSYoungGen: 351616K->129920K(468480K)] 1085814K->972145K(1866752K), 0.0616138 secs] [Times: user=0.37 sys=0.00, real=0.07 secs] 
6001.429: [GC (Allocation Failure) [PSYoungGen: 371584K->140992K(459776K)] 1213809K->1112945K(1858048K), 0.0660793 secs] [Times: user=0.39 sys=0.00, real=0.07 secs] 
6002.682: [GC (Allocation Failure) [PSYoungGen: 382656K->5856K(455680K)] 1354609K->977929K(1853952K), 0.0047964 secs] [Times: user=0.03 sys=0.00, real=0.01 secs] 
6005.019: [GC (Allocation Failure) [PSYoungGen: 247520K->165760K(407552K)] 1219593K->1141598K(1805824K), 0.0339955 secs] [Times: user=0.20 sys=0.00, real=0.03 secs] 
6006.138: [GC (Allocation Failure) [PSYoungGen: 407424K->104608K(473600K)] 1383262K->1237042K(1871872K), 0.0711879 secs] [Times: user=0.42 sys=0.00, real=0.07 secs] 
6008.217: [GC (Allocation Failure) [PSYoungGen: 329848K->159968K(465920K)] 1462282K->1393255K(1864192K), 0.0540241 secs] [Times: user=0.32 sys=0.00, real=0.05 secs] 
6008.271: [Full GC (Ergonomics) [PSYoungGen: 159968K->0K(465920K)] [ParOldGen: 1233287K->196578K(1398272K)] 1393255K->196578K(1864192K), [Metaspace: 59662K->59662K(1105920K)], 0.4713350 secs] [Times: user=2.20 sys=0.00, real=0.47 secs] 
6010.567: [GC (Allocation Failure) [PSYoungGen: 240640K->97952K(464896K)] 437218K->294530K(1863168K), 0.0964812 secs] [Times: user=0.57 sys=0.00, real=0.09 secs] 
6011.914: [GC (Allocation Failure) [PSYoungGen: 341664K->176800K(420864K)] 538242K->466927K(1819136K), 0.0510338 secs] [Times: user=0.31 sys=0.00, real=0.05 secs] 
6014.650: [GC (Allocation Failure) [PSYoungGen: 420512K->90048K(469504K)] 710639K->556287K(1867776K), 0.1355723 secs] [Times: user=0.81 sys=0.00, real=0.14 secs] 
6015.180: [GC (Allocation Failure) [PSYoungGen: 326592K->197856K(465920K)] 792831K->748122K(1864192K), 0.0596895 secs] [Times: user=0.35 sys=0.01, real=0.06 secs] 
6019.126: [GC (Allocation Failure) [PSYoungGen: 434400K->81984K(465920K)] 984666K->813878K(1864192K), 0.1398443 secs] [Times: user=0.83 sys=0.00, real=0.14 secs] 
6019.831: [GC (Allocation Failure) [PSYoungGen: 311104K->204032K(465920K)] 1042999K->1011627K(1864192K), 0.0606245 secs] [Times: user=0.36 sys=0.00, real=0.06 secs] 
6022.120: [GC (Allocation Failure) [PSYoungGen: 436992K->84768K(465920K)] 1244587K->1061475K(1864192K), 0.1219237 secs] [Times: user=0.72 sys=0.00, real=0.12 secs] 
6023.339: [GC (Allocation Failure) [PSYoungGen: 317728K->160544K(465920K)] 1294435K->1214300K(1864192K), 0.0595631 secs] [Times: user=0.36 sys=0.00, real=0.06 secs] 
6026.968: [GC (Allocation Failure) [PSYoungGen: 391346K->93280K(465920K)] 1445102K->1307700K(1864192K), 0.1074495 secs] [Times: user=0.64 sys=0.00, real=0.11 secs] 
6027.076: [Full GC (Ergonomics) [PSYoungGen: 93280K->0K(465920K)] [ParOldGen: 1214420K->107383K(1398272K)] 1307700K->107383K(1864192K), [Metaspace: 59662K->59662K(1105920K)], 0.2527651 secs] [Times: user=1.15 sys=0.00, real=0.25 secs] 
6028.395: [GC (Allocation Failure) [PSYoungGen: 232960K->151680K(465920K)] 340343K->259063K(1864192K), 0.0419278 secs] [Times: user=0.25 sys=0.00, real=0.04 secs] 
6030.347: [GC (Allocation Failure) [PSYoungGen: 384640K->105088K(465920K)] 492023K->363471K(1864192K), 0.0878351 secs] [Times: user=0.52 sys=0.00, real=0.09 secs] 
6031.622: [GC (Allocation Failure) [PSYoungGen: 338048K->143072K(465920K)] 596431K->495852K(1864192K), 0.0600921 secs] [Times: user=0.36 sys=0.00, real=0.06 secs] 
6034.352: [GC (Allocation Failure) [PSYoungGen: 376032K->119072K(449536K)] 728812K->614812K(1847808K), 0.0857409 secs] [Times: user=0.50 sys=0.00, real=0.09 secs] 
6035.544: [GC (Allocation Failure) [PSYoungGen: 352032K->129344K(457728K)] 847772K->733883K(1856000K), 0.0617255 secs] [Times: user=0.36 sys=0.00, real=0.07 secs] 
6037.451: [GC (Allocation Failure) [PSYoungGen: 362304K->135296K(462848K)] 966843K->868755K(1861120K), 0.0635092 secs] [Times: user=0.38 sys=0.00, real=0.07 secs] 
6038.652: [GC (Allocation Failure) [PSYoungGen: 393856K->8704K(467968K)] 1127315K->742215K(1866240K), 0.0035416 secs] [Times: user=0.01 sys=0.00, real=0.01 secs] 
6040.367: [GC (Allocation Failure) [PSYoungGen: 260193K->176352K(454656K)] 993704K->916244K(1852928K), 0.0361160 secs] [Times: user=0.21 sys=0.00, real=0.03 secs] 
6041.476: [GC (Allocation Failure) [PSYoungGen: 409312K->96864K(465920K)] 1149204K->1004188K(1864192K), 0.0719587 secs] [Times: user=0.42 sys=0.00, real=0.07 secs] 
6044.016: [GC (Allocation Failure) [PSYoungGen: 329824K->163040K(461824K)] 1237148K->1163552K(1860096K), 0.0504662 secs] [Times: user=0.29 sys=0.01, real=0.05 secs] 
6045.975: [GC (Allocation Failure) [PSYoungGen: 398048K->92640K(466944K)] 1398560K->1255504K(1865216K), 0.1826324 secs] [Times: user=1.08 sys=0.00, real=0.18 secs] 
6046.158: [Full GC (Ergonomics) [PSYoungGen: 92640K->0K(466944K)] [ParOldGen: 1162864K->59846K(1398272K)] 1255504K->59846K(1865216K), [Metaspace: 59663K->59663K(1105920K)], 0.1704505 secs] [Times: user=0.80 sys=0.00, real=0.17 secs] 
6047.250: [GC (Allocation Failure) [PSYoungGen: 235008K->166528K(459776K)] 294854K->226374K(1858048K), 0.0539755 secs] [Times: user=0.31 sys=0.00, real=0.06 secs] 
6050.281: [GC (Allocation Failure) [PSYoungGen: 399488K->84928K(465920K)] 459334K->310750K(1864192K), 0.1565587 secs] [Times: user=0.93 sys=0.00, real=0.16 secs] 
6051.005: [GC (Allocation Failure) [PSYoungGen: 317888K->172448K(462336K)] 543710K->476755K(1860608K), 0.0555816 secs] [Times: user=0.33 sys=0.00, real=0.05 secs] 
6053.886: [GC (Allocation Failure) [PSYoungGen: 405408K->84160K(465920K)] 709715K->560307K(1864192K), 0.1287023 secs] [Times: user=0.77 sys=0.00, real=0.13 secs] 
6054.273: [GC (Allocation Failure) [PSYoungGen: 317120K->174144K(465920K)] 793267K->728316K(1864192K), 0.0573281 secs] [Times: user=0.35 sys=0.00, real=0.06 secs] 
6058.185: [GC (Allocation Failure) [PSYoungGen: 407104K->80384K(465920K)] 961276K->808044K(1864192K), 0.1414202 secs] [Times: user=0.80 sys=0.00, real=0.14 secs] 
6059.372: [GC (Allocation Failure) [PSYoungGen: 311383K->206848K(465920K)] 1039043K->1008417K(1864192K), 0.0665220 secs] [Times: user=0.39 sys=0.00, real=0.07 secs] 
6062.467: [GC (Allocation Failure) [PSYoungGen: 439808K->87040K(465920K)] 1241377K->1058925K(1864192K), 0.1199411 secs] [Times: user=0.72 sys=0.00, real=0.12 secs] 
6063.762: [GC (Allocation Failure) [PSYoungGen: 320000K->157152K(465920K)] 1291885K->1209349K(1864192K), 0.0598951 secs] [Times: user=0.36 sys=0.00, real=0.06 secs] 
6065.853: [GC (Allocation Failure) [PSYoungGen: 385225K->93728K(465920K)] 1437422K->1303117K(1864192K), 0.0990823 secs] [Times: user=0.59 sys=0.00, real=0.10 secs] 
6065.952: [Full GC (Ergonomics) [PSYoungGen: 93728K->0K(465920K)] [ParOldGen: 1209389K->107476K(1398272K)] 1303117K->107476K(1864192K), [Metaspace: 59663K->59663K(1105920K)], 0.2499926 secs] [Times: user=1.13 sys=0.00, real=0.25 secs] 
6067.379: [GC (Allocation Failure) [PSYoungGen: 232960K->150976K(465920K)] 340436K->258452K(1864192K), 0.0424319 secs] [Times: user=0.26 sys=0.00, real=0.04 secs] 
6068.562: [GC (Allocation Failure) [PSYoungGen: 383936K->110432K(465920K)] 491412K->369132K(1864192K), 0.0850140 secs] [Times: user=0.48 sys=0.00, real=0.09 secs] 
6069.733: [GC (Allocation Failure) [PSYoungGen: 343392K->138080K(455680K)] 602092K->496567K(1853952K), 0.0597661 secs] [Times: user=0.35 sys=0.00, real=0.06 secs] 
6072.404: [GC (Allocation Failure) [PSYoungGen: 371040K->122144K(460800K)] 729527K->618447K(1859072K), 0.0791771 secs] [Times: user=0.47 sys=0.01, real=0.07 secs] 
6073.615: [GC (Allocation Failure) [PSYoungGen: 355104K->126272K(457728K)] 851407K->734180K(1856000K), 0.0617188 secs] [Times: user=0.37 sys=0.00, real=0.06 secs] 
6075.411: [GC (Allocation Failure) [PSYoungGen: 378688K->155584K(462336K)] 986596K->889796K(1860608K), 0.0591557 secs] [Times: user=0.35 sys=0.00, real=0.06 secs] 
6077.138: [GC (Allocation Failure) [PSYoungGen: 408000K->17856K(464384K)] 1142212K->752100K(1862656K), 0.0063684 secs] [Times: user=0.03 sys=0.00, real=0.01 secs] 
6078.672: [GC (Allocation Failure) [PSYoungGen: 270272K->178816K(431616K)] 1004516K->928161K(1829888K), 0.0452815 secs] [Times: user=0.24 sys=0.01, real=0.05 secs] 
6081.514: [GC (Allocation Failure) [PSYoungGen: 431232K->97376K(470528K)] 1180577K->1024929K(1868800K), 0.1555492 secs] [Times: user=0.92 sys=0.00, real=0.16 secs] 
6082.149: [GC (Allocation Failure) [PSYoungGen: 334944K->181632K(465920K)] 1262497K->1200090K(1864192K), 0.0589875 secs] [Times: user=0.35 sys=0.00, real=0.06 secs] 
6085.573: [GC (Allocation Failure) [PSYoungGen: 419200K->87040K(465920K)] 1437658K->1287274K(1864192K), 0.1380489 secs] [Times: user=0.82 sys=0.00, real=0.14 secs] 
6085.711: [Full GC (Ergonomics) [PSYoungGen: 87040K->0K(465920K)] [ParOldGen: 1200234K->90471K(1398272K)] 1287274K->90471K(1864192K), [Metaspace: 59663K->59663K(1105920K)], 0.2198920 secs] [Times: user=1.01 sys=0.00, real=0.22 secs] 
6086.460: [GC (Allocation Failure) [PSYoungGen: 229231K->203456K(465920K)] 319702K->293927K(1864192K), 0.0390151 secs] [Times: user=0.23 sys=0.00, real=0.04 secs] 
6088.181: [GC (Allocation Failure) [PSYoungGen: 436416K->92608K(465920K)] 526887K->351555K(1864192K), 0.1085189 secs] [Times: user=0.65 sys=0.01, real=0.11 secs] 
6091.003: [GC (Allocation Failure) [PSYoungGen: 325568K->152000K(465920K)] 584515K->496554K(1864192K), 0.0595183 secs] [Times: user=0.36 sys=0.01, real=0.06 secs] 
6093.037: [GC (Allocation Failure) [PSYoungGen: 379837K->93760K(465920K)] 724392K->590238K(1864192K), 0.0943449 secs] [Times: user=0.56 sys=0.00, real=0.09 secs] 
6094.215: [GC (Allocation Failure) [PSYoungGen: 326720K->151104K(465920K)] 823198K->734385K(1864192K), 0.0596334 secs] [Times: user=0.36 sys=0.00, real=0.06 secs] 
6096.654: [GC (Allocation Failure) [PSYoungGen: 384064K->104224K(462848K)] 967345K->838473K(1861120K), 0.0958553 secs] [Times: user=0.57 sys=0.00, real=0.09 secs] 
6097.916: [GC (Allocation Failure) [PSYoungGen: 337184K->144608K(464384K)] 1071433K->972192K(1862656K), 0.0602236 secs] [Times: user=0.35 sys=0.00, real=0.06 secs] 
6101.091: [GC (Allocation Failure) [PSYoungGen: 377568K->118720K(453632K)] 1205152K->1090676K(1851904K), 0.0865794 secs] [Times: user=0.52 sys=0.00, real=0.09 secs] 
6102.334: [GC (Allocation Failure) [PSYoungGen: 358848K->129632K(459264K)] 1330804K->1209724K(1857536K), 0.0619317 secs] [Times: user=0.37 sys=0.00, real=0.07 secs] 
6103.876: [GC (Allocation Failure) [PSYoungGen: 369760K->141888K(476160K)] 1449852K->1351772K(1874432K), 0.0633938 secs] [Times: user=0.37 sys=0.00, real=0.06 secs] 
6103.940: [Full GC (Ergonomics) [PSYoungGen: 141888K->0K(476160K)] [ParOldGen: 1209884K->155882K(1398272K)] 1351772K->155882K(1874432K), [Metaspace: 59663K->59663K(1105920K)], 0.3680924 secs] [Times: user=1.71 sys=0.00, real=0.37 secs] 
6105.438: [GC (Allocation Failure) [PSYoungGen: 268669K->131360K(476672K)] 424551K->287242K(1874944K), 0.0395784 secs] [Times: user=0.23 sys=0.01, real=0.04 secs] 
6107.533: [GC (Allocation Failure) [PSYoungGen: 400160K->200672K(433664K)] 556042K->486075K(1831936K), 0.0672488 secs] [Times: user=0.39 sys=0.01, real=0.07 secs] 
6110.512: [GC (Allocation Failure) [PSYoungGen: 433632K->82944K(465920K)] 719035K->551627K(1864192K), 0.1491771 secs] [Times: user=0.89 sys=0.01, real=0.15 secs] 
6111.276: [GC (Allocation Failure) [PSYoungGen: 315904K->177312K(465920K)] 784587K->722988K(1864192K), 0.0561106 secs] [Times: user=0.34 sys=0.00, real=0.05 secs] 
6113.875: [GC (Allocation Failure) [PSYoungGen: 410272K->81312K(465920K)] 955948K->804268K(1864192K), 0.1448959 secs] [Times: user=0.86 sys=0.00, real=0.14 secs] 
6114.290: [GC (Allocation Failure) [PSYoungGen: 314272K->176352K(465920K)] 1037228K->974408K(1864192K), 0.0572379 secs] [Times: user=0.34 sys=0.00, real=0.06 secs] 
6117.206: [GC (Allocation Failure) [PSYoungGen: 409312K->91584K(465920K)] 1207368K->1065825K(1864192K), 0.1285898 secs] [Times: user=0.76 sys=0.00, real=0.13 secs] 
6118.334: [GC (Allocation Failure) [PSYoungGen: 323859K->201184K(465920K)] 1298100K->1252565K(1864192K), 0.0673195 secs] [Times: user=0.40 sys=0.00, real=0.06 secs] 
6120.257: [GC (Allocation Failure) [PSYoungGen: 434144K->92800K(465920K)] 1485525K->1308253K(1864192K), 0.1079468 secs] [Times: user=0.64 sys=0.00, real=0.11 secs] 
6120.365: [Full GC (Ergonomics) [PSYoungGen: 92800K->0K(465920K)] [ParOldGen: 1215453K->106903K(1398272K)] 1308253K->106903K(1864192K), [Metaspace: 59663K->59663K(1105920K)], 0.2528775 secs] [Times: user=1.15 sys=0.00, real=0.25 secs] 
6121.691: [GC (Allocation Failure) [PSYoungGen: 232960K->150720K(465920K)] 339863K->257623K(1864192K), 0.0419548 secs] [Times: user=0.25 sys=0.00, real=0.04 secs] 
6124.518: [GC (Allocation Failure) [PSYoungGen: 383680K->101536K(465920K)] 490583K->359119K(1864192K), 0.0940062 secs] [Times: user=0.56 sys=0.00, real=0.09 secs] 
6125.715: [GC (Allocation Failure) [PSYoungGen: 334496K->146656K(465920K)] 592079K->494844K(1864192K), 0.0595372 secs] [Times: user=0.35 sys=0.00, real=0.06 secs] 
6127.775: [GC (Allocation Failure) [PSYoungGen: 379616K->124512K(465920K)] 727804K->619284K(1864192K), 0.0860360 secs] [Times: user=0.50 sys=0.01, real=0.08 secs] 
6128.966: [GC (Allocation Failure) [PSYoungGen: 357472K->132224K(458752K)] 852244K->732429K(1857024K), 0.0610807 secs] [Times: user=0.36 sys=0.00, real=0.06 secs] 
6130.793: [GC (Allocation Failure) [PSYoungGen: 365184K->140832K(462336K)] 965389K->873137K(1860608K), 0.0634042 secs] [Times: user=0.38 sys=0.00, real=0.07 secs] 
6131.962: [GC (Allocation Failure) [PSYoungGen: 373792K->2464K(455168K)] 1106097K->734877K(1853440K), 0.0019958 secs] [Times: user=0.01 sys=0.00, real=0.01 secs] 
6134.318: [GC (Allocation Failure) [PSYoungGen: 235424K->146208K(465920K)] 967837K->879410K(1864192K), 0.0289106 secs] [Times: user=0.17 sys=0.00, real=0.03 secs] 
6135.486: [GC (Allocation Failure) [PSYoungGen: 379168K->5728K(465920K)] 1112370K->739078K(1864192K), 0.0027698 secs] [Times: user=0.01 sys=0.00, real=0.00 secs] 
6137.904: [GC (Allocation Failure) [PSYoungGen: 238688K->156096K(465920K)] 972038K->893349K(1864192K), 0.0316016 secs] [Times: user=0.18 sys=0.00, real=0.03 secs] 
6139.065: [GC (Allocation Failure) [PSYoungGen: 389056K->103200K(465920K)] 1126309K->987093K(1864192K), 0.0680321 secs] [Times: user=0.40 sys=0.00, real=0.06 secs] 
6141.300: [GC (Allocation Failure) [PSYoungGen: 336160K->162560K(465920K)] 1220053K->1147170K(1864192K), 0.0529066 secs] [Times: user=0.31 sys=0.00, real=0.05 secs] 
6142.479: [GC (Allocation Failure) [PSYoungGen: 395520K->100128K(464896K)] 1380130K->1237802K(1863168K), 0.0707730 secs] [Times: user=0.42 sys=0.00, real=0.07 secs] 
6144.861: [GC (Allocation Failure) [PSYoungGen: 318746K->158720K(465408K)] 1456421K->1392830K(1863680K), 0.0514118 secs] [Times: user=0.30 sys=0.00, real=0.05 secs] 
6144.912: [Full GC (Ergonomics) [PSYoungGen: 158720K->0K(465408K)] [ParOldGen: 1234110K->196120K(1398272K)] 1392830K->196120K(1863680K), [Metaspace: 59663K->59663K(1105920K)], 0.4741368 secs] [Times: user=2.22 sys=0.00, real=0.48 secs] 
6146.403: [GC (Allocation Failure) [PSYoungGen: 232960K->92768K(460800K)] 429080K->288888K(1859072K), 0.0362884 secs] [Times: user=0.21 sys=0.00, real=0.04 secs] 
6148.924: [GC (Allocation Failure) [PSYoungGen: 318770K->159488K(463360K)] 514891K->444221K(1861632K), 0.0476462 secs] [Times: user=0.29 sys=0.00, real=0.04 secs] 
6150.105: [GC (Allocation Failure) [PSYoungGen: 392960K->96704K(459776K)] 677693K->531445K(1858048K), 0.0931734 secs] [Times: user=0.55 sys=0.01, real=0.09 secs] 
6152.851: [GC (Allocation Failure) [PSYoungGen: 332736K->165376K(462848K)] 767477K->693002K(1861120K), 0.0500683 secs] [Times: user=0.29 sys=0.00, real=0.05 secs] 
6155.125: [GC (Allocation Failure) [PSYoungGen: 401408K->88928K(467456K)] 929034K->780938K(1865728K), 0.1775751 secs] [Times: user=1.06 sys=0.00, real=0.17 secs] 
6156.295: [GC (Allocation Failure) [PSYoungGen: 326496K->173504K(465920K)] 1018506K->950359K(1864192K), 0.0569731 secs] [Times: user=0.34 sys=0.00, real=0.05 secs] 
6158.473: [GC (Allocation Failure) [PSYoungGen: 411072K->88160K(466432K)] 1187927K->1038291K(1864704K), 0.1080228 secs] [Times: user=0.64 sys=0.00, real=0.11 secs] 
6158.894: [GC (Allocation Failure) [PSYoungGen: 321632K->179424K(465920K)] 1271763K->1211728K(1864192K), 0.0589902 secs] [Times: user=0.35 sys=0.00, real=0.05 secs] 
6162.178: [GC (Allocation Failure) [PSYoungGen: 412896K->84672K(465920K)] 1445200K->1296636K(1864192K), 0.1280487 secs] [Times: user=0.77 sys=0.00, real=0.13 secs] 
6162.306: [Full GC (Ergonomics) [PSYoungGen: 84672K->0K(465920K)] [ParOldGen: 1211964K->96246K(1398272K)] 1296636K->96246K(1864192K), [Metaspace: 59663K->59663K(1105920K)], 0.2361507 secs] [Times: user=1.09 sys=0.00, real=0.23 secs] 
6163.207: [GC (Allocation Failure) [PSYoungGen: 232960K->203232K(465920K)] 329206K->299478K(1864192K), 0.0418494 secs] [Times: user=0.24 sys=0.01, real=0.04 secs] 
6165.933: [GC (Allocation Failure) [PSYoungGen: 436192K->89248K(465920K)] 532438K->347306K(1864192K), 0.1137546 secs] [Times: user=0.67 sys=0.00, real=0.12 secs] 
6167.589: [GC (Allocation Failure) [PSYoungGen: 322208K->155552K(465920K)] 580266K->495827K(1864192K), 0.0594351 secs] [Times: user=0.35 sys=0.00, real=0.06 secs] 
6170.198: [GC (Allocation Failure) [PSYoungGen: 380765K->93216K(465920K)] 721041K->588875K(1864192K), 0.1010276 secs] [Times: user=0.61 sys=0.00, real=0.10 secs] 
6171.386: [GC (Allocation Failure) [PSYoungGen: 326176K->151232K(465920K)] 821835K->733504K(1864192K), 0.0591628 secs] [Times: user=0.35 sys=0.00, real=0.06 secs] 
6173.799: [GC (Allocation Failure) [PSYoungGen: 384192K->103808K(465920K)] 966464K->837068K(1864192K), 0.0905700 secs] [Times: user=0.54 sys=0.00, real=0.09 secs] 
6175.011: [GC (Allocation Failure) [PSYoungGen: 336768K->144448K(377856K)] 1070028K->970928K(1776128K), 0.0598341 secs] [Times: user=0.36 sys=0.00, real=0.06 secs] 
6177.391: [GC (Allocation Failure) [PSYoungGen: 377408K->119136K(471040K)] 1203888K->1090128K(1869312K), 0.0861271 secs] [Times: user=0.52 sys=0.00, real=0.09 secs] 
6178.613: [GC (Allocation Failure) [PSYoungGen: 360288K->128K(462848K)] 1331280K->971200K(1861120K), 0.0020283 secs] [Times: user=0.01 sys=0.00, real=0.01 secs] 
6179.940: [GC (Allocation Failure) [PSYoungGen: 241280K->150400K(465920K)] 1212352K->1121488K(1864192K), 0.0298250 secs] [Times: user=0.17 sys=0.01, real=0.03 secs] 
6181.073: [GC (Allocation Failure) [PSYoungGen: 383360K->5792K(465920K)] 1354448K->976960K(1864192K), 0.0032489 secs] [Times: user=0.02 sys=0.00, real=0.01 secs] 
6183.747: [GC (Allocation Failure) [PSYoungGen: 238752K->155360K(465920K)] 1209920K->1130269K(1864192K), 0.0316667 secs] [Times: user=0.18 sys=0.00, real=0.03 secs] 
6184.870: [GC (Allocation Failure) [PSYoungGen: 388320K->103552K(465920K)] 1363229K->1224253K(1864192K), 0.0678911 secs] [Times: user=0.41 sys=0.00, real=0.07 secs] 
6186.110: [GC (Allocation Failure) [PSYoungGen: 336512K->168352K(465920K)] 1457213K->1390330K(1864192K), 0.0540510 secs] [Times: user=0.32 sys=0.00, real=0.06 secs] 
6186.164: [Full GC (Ergonomics) [PSYoungGen: 168352K->0K(465920K)] [ParOldGen: 1221978K->194410K(1398272K)] 1390330K->194410K(1864192K), [Metaspace: 59663K->59663K(1105920K)], 0.4742753 secs] [Times: user=2.21 sys=0.00, real=0.47 secs] 
6187.651: [GC (Allocation Failure) [PSYoungGen: 232960K->95168K(465920K)] 427370K->289578K(1864192K), 0.0297577 secs] [Times: user=0.17 sys=0.00, real=0.03 secs] 
6190.145: [GC (Allocation Failure) [PSYoungGen: 328128K->214848K(465920K)] 522538K->500475K(1864192K), 0.0512383 secs] [Times: user=0.31 sys=0.00, real=0.05 secs] 
6192.217: [GC (Allocation Failure) [PSYoungGen: 447808K->86688K(465920K)] 733435K->537627K(1864192K), 0.1715060 secs] [Times: user=1.02 sys=0.01, real=0.17 secs] 
6194.475: [GC (Allocation Failure) [PSYoungGen: 319648K->167712K(465920K)] 770587K->700623K(1864192K), 0.0547569 secs] [Times: user=0.32 sys=0.01, real=0.05 secs] 
6197.510: [GC (Allocation Failure) [PSYoungGen: 399781K->85696K(465920K)] 932692K->785663K(1864192K), 0.1612604 secs] [Times: user=0.96 sys=0.00, real=0.16 secs] 
6198.272: [GC (Allocation Failure) [PSYoungGen: 318656K->169536K(465920K)] 1018623K->951244K(1864192K), 0.0555153 secs] [Times: user=0.32 sys=0.01, real=0.06 secs] 
6201.047: [GC (Allocation Failure) [PSYoungGen: 402496K->84416K(465920K)] 1184204K->1035356K(1864192K), 0.1568713 secs] [Times: user=0.92 sys=0.01, real=0.16 secs] 
6201.566: [GC (Allocation Failure) [PSYoungGen: 317376K->178624K(465920K)] 1268316K->1207833K(1864192K), 0.0573491 secs] [Times: user=0.35 sys=0.00, real=0.06 secs] 
6204.929: [GC (Allocation Failure) [PSYoungGen: 411584K->77120K(465920K)] 1440793K->1285129K(1864192K), 0.1570272 secs] [Times: user=0.94 sys=0.00, real=0.16 secs] 
6205.086: [Full GC (Ergonomics) [PSYoungGen: 77120K->0K(465920K)] [ParOldGen: 1208009K->84854K(1398272K)] 1285129K->84854K(1864192K), [Metaspace: 59663K->59663K(1105920K)], 0.2209906 secs] [Times: user=1.03 sys=0.00, real=0.22 secs] 
6205.848: [GC (Allocation Failure) [PSYoungGen: 232553K->208672K(465920K)] 317407K->293526K(1864192K), 0.0397556 secs] [Times: user=0.24 sys=0.00, real=0.04 secs] 
6208.965: [GC (Allocation Failure) [PSYoungGen: 441632K->83680K(465920K)] 526486K->342710K(1864192K), 0.1219281 secs] [Times: user=0.73 sys=0.00, real=0.12 secs] 
6210.204: [GC (Allocation Failure) [PSYoungGen: 316640K->161024K(465920K)] 575670K->496855K(1864192K), 0.0586033 secs] [Times: user=0.35 sys=0.01, real=0.05 secs] 
6212.255: [GC (Allocation Failure) [PSYoungGen: 393984K->93152K(465920K)] 729815K->590187K(1864192K), 0.1187243 secs] [Times: user=0.57 sys=0.01, real=0.12 secs] 
6213.499: [GC (Allocation Failure) [PSYoungGen: 326112K->151680K(465920K)] 823147K->734658K(1864192K), 0.0595666 secs] [Times: user=0.35 sys=0.00, real=0.06 secs] 
6215.038: [GC (Allocation Failure) [PSYoungGen: 384640K->117920K(465920K)] 967618K->852754K(1864192K), 0.0917257 secs] [Times: user=0.54 sys=0.00, real=0.09 secs] 
6216.236: [GC (Allocation Failure) [PSYoungGen: 350880K->138976K(465920K)] 1085714K->973055K(1864192K), 0.0605795 secs] [Times: user=0.36 sys=0.00, real=0.06 secs] 
6218.535: [GC (Allocation Failure) [PSYoungGen: 371936K->124832K(357888K)] 1206015K->1097279K(1756160K), 0.0766808 secs] [Times: user=0.45 sys=0.00, real=0.07 secs] 
6219.737: [GC (Allocation Failure) [PSYoungGen: 357792K->123360K(468480K)] 1330239K->1210424K(1866752K), 0.0617399 secs] [Times: user=0.37 sys=0.00, real=0.06 secs] 
6222.291: [GC (Allocation Failure) [PSYoungGen: 365536K->143200K(459264K)] 1452600K->1353408K(1857536K), 0.0633593 secs] [Times: user=0.37 sys=0.01, real=0.07 secs] 
6222.355: [Full GC (Ergonomics) [PSYoungGen: 143200K->0K(459264K)] [ParOldGen: 1210208K->157207K(1398272K)] 1353408K->157207K(1857536K), [Metaspace: 59665K->59665K(1105920K)], 0.3650265 secs] [Times: user=1.59 sys=0.00, real=0.36 secs] 
6223.787: [GC (Allocation Failure) [PSYoungGen: 242176K->112000K(475136K)] 399383K->269207K(1873408K), 0.0393856 secs] [Times: user=0.23 sys=0.00, real=0.04 secs] 
6227.078: [GC (Allocation Failure) [PSYoungGen: 373120K->182880K(469504K)] 530327K->450723K(1867776K), 0.0602128 secs] [Times: user=0.36 sys=0.00, real=0.06 secs] 
6229.895: [GC (Allocation Failure) [PSYoungGen: 444000K->111840K(483328K)] 711843K->545063K(1881600K), 0.1762525 secs] [Times: user=1.05 sys=0.01, real=0.17 secs] 
6230.695: [GC (Allocation Failure) [PSYoungGen: 374496K->193696K(456704K)] 807719K->734536K(1854976K), 0.0578690 secs] [Times: user=0.34 sys=0.00, real=0.05 secs] 
6234.530: [GC (Allocation Failure) [PSYoungGen: 450334K->97856K(471040K)] 991175K->832040K(1869312K), 0.1201799 secs] [Times: user=0.71 sys=0.00, real=0.12 secs] 
6235.743: [GC (Allocation Failure) [PSYoungGen: 338496K->151040K(392192K)] 1072680K->976449K(1790464K), 0.0631132 secs] [Times: user=0.36 sys=0.01, real=0.07 secs] 
6238.575: [GC (Allocation Failure) [PSYoungGen: 391680K->113312K(470528K)] 1217089K->1089537K(1868800K), 0.0920022 secs] [Times: user=0.54 sys=0.00, real=0.09 secs] 
6239.802: [GC (Allocation Failure) [PSYoungGen: 359072K->134496K(465408K)] 1335297K->1213834K(1863680K), 0.0617463 secs] [Times: user=0.36 sys=0.00, real=0.07 secs] 
6242.135: [GC (Allocation Failure) [PSYoungGen: 380256K->143040K(470016K)] 1459594K->1356894K(1868288K), 0.0652236 secs] [Times: user=0.37 sys=0.01, real=0.06 secs] 
6242.200: [Full GC (Ergonomics) [PSYoungGen: 143040K->0K(470016K)] [ParOldGen: 1213854K->157532K(1398272K)] 1356894K->157532K(1868288K), [Metaspace: 59665K->59665K(1105920K)], 0.3657031 secs] [Times: user=1.69 sys=0.00, real=0.37 secs] 
6243.787: [GC (Allocation Failure) [PSYoungGen: 258560K->117952K(465920K)] 416092K->275484K(1864192K), 0.0566359 secs] [Times: user=0.34 sys=0.00, real=0.05 secs] 
6246.837: [GC (Allocation Failure) [PSYoungGen: 366790K->171712K(475136K)] 524322K->445281K(1873408K), 0.0593042 secs] [Times: user=0.36 sys=0.01, real=0.06 secs] 
6249.638: [GC (Allocation Failure) [PSYoungGen: 442112K->113216K(482816K)] 715681K->549609K(1881088K), 0.1860814 secs] [Times: user=1.11 sys=0.00, real=0.19 secs] 
6250.939: [GC (Allocation Failure) [PSYoungGen: 381700K->206816K(439808K)] 818093K->774062K(1838080K), 0.0698977 secs] [Times: user=0.40 sys=0.02, real=0.07 secs] 
6254.479: [GC (Allocation Failure) [PSYoungGen: 439776K->83936K(465920K)] 1007022K->823310K(1864192K), 0.1235039 secs] [Times: user=0.74 sys=0.00, real=0.12 secs] 
6255.694: [GC (Allocation Failure) [PSYoungGen: 316896K->160096K(465920K)] 1056270K->976439K(1864192K), 0.0591958 secs] [Times: user=0.36 sys=0.00, real=0.05 secs] 
6258.626: [GC (Allocation Failure) [PSYoungGen: 389497K->93376K(465920K)] 1205841K->1070091K(1864192K), 0.1074871 secs] [Times: user=0.64 sys=0.00, real=0.10 secs] 
6259.830: [GC (Allocation Failure) [PSYoungGen: 326336K->150848K(465920K)] 1303051K->1214156K(1864192K), 0.0601429 secs] [Times: user=0.36 sys=0.00, real=0.06 secs] 
6262.814: [GC (Allocation Failure) [PSYoungGen: 383808K->100480K(465920K)] 1447116K->1314828K(1864192K), 0.0969157 secs] [Times: user=0.57 sys=0.00, real=0.09 secs] 
6262.911: [Full GC (Ergonomics) [PSYoungGen: 100480K->0K(465920K)] [ParOldGen: 1214348K->115032K(1398272K)] 1314828K->115032K(1864192K), [Metaspace: 59665K->59665K(1105920K)], 0.2671467 secs] [Times: user=1.23 sys=0.00, real=0.27 secs] 
6264.275: [GC (Allocation Failure) [PSYoungGen: 232960K->148288K(465920K)] 347992K->263320K(1864192K), 0.0537570 secs] [Times: user=0.32 sys=0.01, real=0.05 secs] 
6266.701: [GC (Allocation Failure) [PSYoungGen: 381248K->111552K(465920K)] 496280K->374756K(1864192K), 0.1042144 secs] [Times: user=0.63 sys=0.00, real=0.11 secs] 
6267.954: [GC (Allocation Failure) [PSYoungGen: 344512K->137376K(456704K)] 607716K->501093K(1854976K), 0.0605203 secs] [Times: user=0.36 sys=0.00, real=0.06 secs] 
6270.306: [GC (Allocation Failure) [PSYoungGen: 370336K->135616K(461312K)] 734053K->636877K(1859584K), 0.0800674 secs] [Times: user=0.48 sys=0.00, real=0.08 secs] 
6272.460: [GC (Allocation Failure) [PSYoungGen: 368576K->121536K(463360K)] 869837K->739156K(1861632K), 0.0627903 secs] [Times: user=0.38 sys=0.00, real=0.06 secs] 
6274.863: [GC (Allocation Failure) [PSYoungGen: 372416K->161824K(464896K)] 990036K->900612K(1863168K), 0.0585296 secs] [Times: user=0.35 sys=0.00, real=0.06 secs] 
6276.064: [GC (Allocation Failure) [PSYoungGen: 412704K->18080K(458240K)] 1151492K->756928K(1856512K), 0.0064369 secs] [Times: user=0.03 sys=0.00, real=0.01 secs] 
6277.897: [GC (Allocation Failure) [PSYoungGen: 258359K->167520K(410112K)] 997208K->921709K(1808384K), 0.0371792 secs] [Times: user=0.22 sys=0.00, real=0.04 secs] 
6279.665: [GC (Allocation Failure) [PSYoungGen: 409696K->101312K(470528K)] 1163885K->1014049K(1868800K), 0.0963398 secs] [Times: user=0.57 sys=0.01, real=0.09 secs] 
6281.500: [GC (Allocation Failure) [PSYoungGen: 338880K->168320K(465920K)] 1251617K->1178246K(1864192K), 0.0521981 secs] [Times: user=0.31 sys=0.00, real=0.05 secs] 
6284.028: [GC (Allocation Failure) [PSYoungGen: 405888K->89376K(467968K)] 1415814K->1266902K(1866240K), 0.1663956 secs] [Times: user=0.99 sys=0.00, real=0.17 secs] 
6284.195: [Full GC (Ergonomics) [PSYoungGen: 89376K->0K(467968K)] [ParOldGen: 1177526K->65978K(1398272K)] 1266902K->65978K(1866240K), [Metaspace: 59665K->59665K(1105920K)], 0.1800828 secs] [Times: user=0.77 sys=0.00, real=0.18 secs] 
6284.859: [GC (Allocation Failure) [PSYoungGen: 235520K->177120K(465920K)] 301498K->243098K(1864192K), 0.0383802 secs] [Times: user=0.23 sys=0.00, real=0.04 secs] 
6286.418: [GC (Allocation Failure) [PSYoungGen: 412640K->89952K(465920K)] 478618K->332854K(1864192K), 0.1061741 secs] [Times: user=0.63 sys=0.00, real=0.11 secs] 
6286.768: [GC (Allocation Failure) [PSYoungGen: 322912K->172928K(465920K)] 565814K->499155K(1864192K), 0.0588347 secs] [Times: user=0.35 sys=0.00, real=0.06 secs] 
6290.222: [GC (Allocation Failure) [PSYoungGen: 405888K->86848K(465920K)] 732115K->585247K(1864192K), 0.1133752 secs] [Times: user=0.68 sys=0.00, real=0.12 secs] 
6291.397: [GC (Allocation Failure) [PSYoungGen: 319808K->201460K(465920K)] 818207K->780725K(1864192K), 0.0692971 secs] [Times: user=0.40 sys=0.01, real=0.07 secs] 
6294.397: [GC (Allocation Failure) [PSYoungGen: 431378K->92864K(465920K)] 1010642K->829808K(1864192K), 0.1143351 secs] [Times: user=0.66 sys=0.00, real=0.11 secs] 
6295.605: [GC (Allocation Failure) [PSYoungGen: 325824K->151424K(465920K)] 1062768K->974977K(1864192K), 0.0598923 secs] [Times: user=0.35 sys=0.00, real=0.06 secs] 
6298.130: [GC (Allocation Failure) [PSYoungGen: 384384K->100896K(465920K)] 1207937K->1075813K(1864192K), 0.0877753 secs] [Times: user=0.53 sys=0.00, real=0.09 secs] 
6299.323: [GC (Allocation Failure) [PSYoungGen: 333856K->147328K(465920K)] 1308773K->1212294K(1864192K), 0.0602243 secs] [Times: user=0.36 sys=0.00, real=0.06 secs] 
6300.505: [GC (Allocation Failure) [PSYoungGen: 380288K->132288K(449536K)] 1445254K->1344770K(1847808K), 0.0693040 secs] [Times: user=0.41 sys=0.00, real=0.07 secs] 
6300.574: [Full GC (Ergonomics) [PSYoungGen: 132288K->0K(449536K)] [ParOldGen: 1212482K->138639K(1398272K)] 1344770K->138639K(1847808K), [Metaspace: 59665K->59665K(1105920K)], 0.3217420 secs] [Times: user=1.48 sys=0.00, real=0.32 secs] 
6301.981: [GC (Allocation Failure) [PSYoungGen: 232960K->125120K(457728K)] 371599K->263759K(1856000K), 0.0442884 secs] [Times: user=0.26 sys=0.00, real=0.05 secs] 
6303.846: [GC (Allocation Failure) [PSYoungGen: 358080K->138336K(462848K)] 496719K->401983K(1861120K), 0.0610134 secs] [Times: user=0.37 sys=0.00, real=0.06 secs] 
6305.148: [GC (Allocation Failure) [PSYoungGen: 395872K->13856K(468480K)] 659519K->277568K(1866752K), 0.0039398 secs] [Times: user=0.02 sys=0.00, real=0.00 secs] 
6308.682: [GC (Allocation Failure) [PSYoungGen: 268331K->171456K(458240K)] 532043K->446132K(1856512K), 0.0362360 secs] [Times: user=0.21 sys=0.00, real=0.04 secs] 
6309.786: [GC (Allocation Failure) [PSYoungGen: 406464K->96160K(466944K)] 681140K->533652K(1865216K), 0.0698449 secs] [Times: user=0.42 sys=0.00, real=0.07 secs] 
6312.548: [GC (Allocation Failure) [PSYoungGen: 331168K->166432K(461312K)] 768660K->696193K(1859584K), 0.0499531 secs] [Times: user=0.29 sys=0.00, real=0.05 secs] 
6314.093: [GC (Allocation Failure) [PSYoungGen: 401440K->85664K(466944K)] 931201K->781305K(1865216K), 0.1511732 secs] [Times: user=0.90 sys=0.01, real=0.16 secs] 
6315.325: [GC (Allocation Failure) [PSYoungGen: 320672K->172800K(461312K)] 1016313K->949870K(1859584K), 0.0558172 secs] [Times: user=0.33 sys=0.00, real=0.05 secs] 
6317.821: [GC (Allocation Failure) [PSYoungGen: 405760K->82656K(465920K)] 1182830K->1032406K(1864192K), 0.1716911 secs] [Times: user=1.02 sys=0.00, real=0.17 secs] 
6318.719: [GC (Allocation Failure) [PSYoungGen: 315616K->175008K(465920K)] 1265366K->1200795K(1864192K), 0.0561031 secs] [Times: user=0.34 sys=0.00, real=0.06 secs] 
6321.492: [GC (Allocation Failure) [PSYoungGen: 407968K->84288K(465920K)] 1433755K->1284555K(1864192K), 0.1218458 secs] [Times: user=0.72 sys=0.00, real=0.13 secs] 
6321.614: [Full GC (Ergonomics) [PSYoungGen: 84288K->0K(465920K)] [ParOldGen: 1200267K->81977K(1398272K)] 1284555K->81977K(1864192K), [Metaspace: 59665K->59665K(1105920K)], 0.2044192 secs] [Times: user=0.88 sys=0.00, real=0.20 secs] 
6322.127: [GC (Allocation Failure) [PSYoungGen: 232147K->210176K(465920K)] 314124K->292153K(1864192K), 0.0381370 secs] [Times: user=0.22 sys=0.00, real=0.04 secs] 
6325.578: [GC (Allocation Failure) [PSYoungGen: 443136K->79904K(465920K)] 525113K->339129K(1864192K), 0.1219270 secs] [Times: user=0.72 sys=0.00, real=0.12 secs] 
6326.681: [GC (Allocation Failure) [PSYoungGen: 311509K->201280K(465920K)] 570734K->534078K(1864192K), 0.0651417 secs] [Times: user=0.39 sys=0.00, real=0.07 secs] 
6329.050: [GC (Allocation Failure) [PSYoungGen: 434240K->93152K(465920K)] 767038K->589902K(1864192K), 0.1025928 secs] [Times: user=0.61 sys=0.00, real=0.10 secs] 
6330.236: [GC (Allocation Failure) [PSYoungGen: 326112K->150688K(465920K)] 822862K->734065K(1864192K), 0.0598528 secs] [Times: user=0.36 sys=0.00, real=0.06 secs] 
6332.895: [GC (Allocation Failure) [PSYoungGen: 383648K->100352K(465920K)] 967025K->834529K(1864192K), 0.0947993 secs] [Times: user=0.56 sys=0.00, real=0.09 secs] 
6334.142: [GC (Allocation Failure) [PSYoungGen: 333312K->147680K(465920K)] 1067489K->971598K(1864192K), 0.0602067 secs] [Times: user=0.36 sys=0.00, real=0.06 secs] 
6335.691: [GC (Allocation Failure) [PSYoungGen: 380640K->116640K(465920K)] 1204558K->1088246K(1864192K), 0.0875870 secs] [Times: user=0.52 sys=0.00, real=0.09 secs] 
6336.887: [GC (Allocation Failure) [PSYoungGen: 349600K->132064K(452608K)] 1321206K->1209637K(1850880K), 0.0617547 secs] [Times: user=0.37 sys=0.00, real=0.06 secs] 
6338.878: [GC (Allocation Failure) [PSYoungGen: 365024K->132640K(459264K)] 1442597K->1342045K(1857536K), 0.0684629 secs] [Times: user=0.40 sys=0.00, real=0.07 secs] 
6338.946: [Full GC (Ergonomics) [PSYoungGen: 132640K->0K(459264K)] [ParOldGen: 1209405K->147702K(1398272K)] 1342045K->147702K(1857536K), [Metaspace: 59665K->59665K(1105920K)], 0.3442865 secs] [Times: user=1.60 sys=0.00, real=0.34 secs] 
6340.369: [GC (Allocation Failure) [PSYoungGen: 232960K->116864K(462336K)] 380662K->264566K(1860608K), 0.0402084 secs] [Times: user=0.24 sys=0.00, real=0.04 secs] 
6342.872: [GC (Allocation Failure) [PSYoungGen: 371840K->161600K(466432K)] 519542K->425155K(1864704K), 0.0603331 secs] [Times: user=0.36 sys=0.00, real=0.06 secs] 
6344.174: [GC (Allocation Failure) [PSYoungGen: 416576K->29408K(465408K)] 680131K->293087K(1863680K), 0.0106945 secs] [Times: user=0.06 sys=0.00, real=0.01 secs] 
6346.126: [GC (Allocation Failure) [PSYoungGen: 279776K->177344K(428032K)] 543455K->466451K(1826304K), 0.0431813 secs] [Times: user=0.25 sys=0.00, real=0.04 secs] 
6348.724: [GC (Allocation Failure) [PSYoungGen: 427712K->98176K(470016K)] 716819K->563691K(1868288K), 0.1746942 secs] [Times: user=1.04 sys=0.00, real=0.17 secs] 
6349.186: [GC (Allocation Failure) [PSYoungGen: 335232K->177152K(465920K)] 800747K->734752K(1864192K), 0.0587839 secs] [Times: user=0.35 sys=0.00, real=0.06 secs] 
6351.391: [GC (Allocation Failure) [PSYoungGen: 414208K->94720K(465920K)] 971808K->828952K(1864192K), 0.1137083 secs] [Times: user=0.67 sys=0.00, real=0.12 secs] 
6352.593: [GC (Allocation Failure) [PSYoungGen: 327680K->155616K(465920K)] 1061912K->978149K(1864192K), 0.0623007 secs] [Times: user=0.37 sys=0.00, real=0.07 secs] 
6356.143: [GC (Allocation Failure) [PSYoungGen: 387974K->93248K(457728K)] 1210508K->1071225K(1856000K), 0.0997016 secs] [Times: user=0.49 sys=0.01, real=0.10 secs] 
6357.328: [GC (Allocation Failure) [PSYoungGen: 326208K->150752K(461824K)] 1304185K->1215308K(1860096K), 0.0600730 secs] [Times: user=0.36 sys=0.00, real=0.06 secs] 
6359.497: [GC (Allocation Failure) [PSYoungGen: 383712K->101664K(458752K)] 1448268K->1317164K(1857024K), 0.1028268 secs] [Times: user=0.61 sys=0.00, real=0.10 secs] 
6359.600: [Full GC (Ergonomics) [PSYoungGen: 101664K->0K(458752K)] [ParOldGen: 1215500K->116683K(1398272K)] 1317164K->116683K(1857024K), [Metaspace: 59665K->59665K(1105920K)], 0.2596277 secs] [Times: user=1.19 sys=0.00, real=0.26 secs] 
6360.998: [GC (Allocation Failure) [PSYoungGen: 242176K->147648K(464896K)] 358859K->264331K(1863168K), 0.0544405 secs] [Times: user=0.32 sys=0.01, real=0.05 secs] 
6363.721: [GC (Allocation Failure) [PSYoungGen: 389824K->128896K(457216K)] 506507K->393235K(1855488K), 0.0889630 secs] [Times: user=0.52 sys=0.00, real=0.09 secs] 
6364.948: [GC (Allocation Failure) [PSYoungGen: 383872K->5120K(467456K)] 648211K->269519K(1865728K), 0.0026161 secs] [Times: user=0.01 sys=0.00, real=0.00 secs] 
6366.909: [GC (Allocation Failure) [PSYoungGen: 260096K->180000K(457728K)] 524495K->447980K(1856000K), 0.0343245 secs] [Times: user=0.20 sys=0.00, real=0.03 secs] 
6368.125: [GC (Allocation Failure) [PSYoungGen: 412960K->102944K(465920K)] 680940K->533408K(1864192K), 0.0741663 secs] [Times: user=0.44 sys=0.00, real=0.07 secs] 
6371.020: [GC (Allocation Failure) [PSYoungGen: 327601K->157472K(463360K)] 758066K->685480K(1861632K), 0.0508905 secs] [Times: user=0.30 sys=0.01, real=0.05 secs] 
6372.128: [GC (Allocation Failure) [PSYoungGen: 391456K->94080K(328192K)] 919464K->770744K(1726464K), 0.0660719 secs] [Times: user=0.39 sys=0.00, real=0.07 secs] 
6373.083: [GC (Allocation Failure) [PSYoungGen: 328064K->169184K(456704K)] 1004728K->936437K(1854976K), 0.0510152 secs] [Times: user=0.30 sys=0.00, real=0.06 secs] 
6375.578: [GC (Allocation Failure) [PSYoungGen: 399584K->84608K(463360K)] 1166837K->1020477K(1861632K), 0.1541235 secs] [Times: user=0.90 sys=0.02, real=0.15 secs] 
6377.011: [GC (Allocation Failure) [PSYoungGen: 315008K->183264K(462848K)] 1250877K->1199714K(1861120K), 0.0554953 secs] [Times: user=0.33 sys=0.00, real=0.06 secs] 
6379.771: [GC (Allocation Failure) [PSYoungGen: 416224K->82464K(465920K)] 1432674K->1265162K(1864192K), 0.1767702 secs] [Times: user=1.05 sys=0.00, real=0.18 secs] 
6379.948: [Full GC (Ergonomics) [PSYoungGen: 82464K->0K(465920K)] [ParOldGen: 1182698K->61817K(1398272K)] 1265162K->61817K(1864192K), [Metaspace: 59665K->59665K(1105920K)], 0.1721271 secs] [Times: user=0.80 sys=0.00, real=0.17 secs] 
6380.949: [GC (Allocation Failure) [PSYoungGen: 232960K->169504K(465920K)] 294777K->231321K(1864192K), 0.0347659 secs] [Times: user=0.20 sys=0.00, real=0.03 secs] 
6382.992: [GC (Allocation Failure) [PSYoungGen: 402464K->86304K(465920K)] 464281K->317321K(1864192K), 0.1622993 secs] [Times: user=0.96 sys=0.00, real=0.17 secs] 
6383.960: [GC (Allocation Failure) [PSYoungGen: 319264K->172480K(465920K)] 550281K->483610K(1864192K), 0.1411894 secs] [Times: user=0.85 sys=0.01, real=0.14 secs] 
6387.153: [GC (Allocation Failure) [PSYoungGen: 405440K->79264K(465920K)] 716570K->562102K(1864192K), 0.1415347 secs] [Times: user=0.85 sys=0.01, real=0.15 secs] 
6387.669: [GC (Allocation Failure) [PSYoungGen: 312224K->211584K(465920K)] 795062K->767371K(1864192K), 0.0563938 secs] [Times: user=0.33 sys=0.01, real=0.06 secs] 
6390.003: [GC (Allocation Failure) [PSYoungGen: 444544K->82752K(465920K)] 1000331K->817099K(1864192K), 0.1175734 secs] [Times: user=0.70 sys=0.00, real=0.12 secs] 
6391.614: [GC (Allocation Failure) [PSYoungGen: 315712K->206145K(465920K)] 1050059K->1016172K(1864192K), 0.0667732 secs] [Times: user=0.39 sys=0.01, real=0.06 secs] 
6393.284: [GC (Allocation Failure) [PSYoungGen: 434024K->92864K(465920K)] 1244050K->1065594K(1864192K), 0.0971771 secs] [Times: user=0.58 sys=0.00, real=0.10 secs] 
6394.493: [GC (Allocation Failure) [PSYoungGen: 325824K->150880K(465920K)] 1298554K->1210227K(1864192K), 0.0596190 secs] [Times: user=0.36 sys=0.00, real=0.06 secs] 
6397.495: [GC (Allocation Failure) [PSYoungGen: 383840K->100352K(465920K)] 1443187K->1310331K(1864192K), 0.1020774 secs] [Times: user=0.61 sys=0.00, real=0.10 secs] 
6397.597: [Full GC (Ergonomics) [PSYoungGen: 100352K->0K(465920K)] [ParOldGen: 1209979K->115437K(1398272K)] 1310331K->115437K(1864192K), [Metaspace: 59665K->59665K(1105920K)], 0.2697958 secs] [Times: user=1.25 sys=0.00, real=0.27 secs] 
6398.958: [GC (Allocation Failure) [PSYoungGen: 232960K->148192K(465920K)] 348397K->263629K(1864192K), 0.0539539 secs] [Times: user=0.33 sys=0.00, real=0.05 secs] 
6400.792: [GC (Allocation Failure) [PSYoungGen: 381152K->119680K(465920K)] 496589K->383521K(1864192K), 0.0985461 secs] [Times: user=0.58 sys=0.01, real=0.10 secs] 
6402.002: [GC (Allocation Failure) [PSYoungGen: 352640K->137088K(461824K)] 616481K->501294K(1860096K), 0.0599993 secs] [Times: user=0.36 sys=0.00, real=0.06 secs] 
6404.079: [GC (Allocation Failure) [PSYoungGen: 370048K->135200K(368640K)] 734254K->636694K(1766912K), 0.0746835 secs] [Times: user=0.44 sys=0.00, real=0.08 secs] 
6405.272: [GC (Allocation Failure) [PSYoungGen: 368160K->1696K(450560K)] 869654K->503398K(1848832K), 0.0020173 secs] [Times: user=0.01 sys=0.00, real=0.00 secs] 
6407.112: [GC (Allocation Failure) [PSYoungGen: 230048K->141152K(461312K)] 731750K->643435K(1859584K), 0.0336449 secs] [Times: user=0.20 sys=0.00, real=0.04 secs] 
6408.253: [GC (Allocation Failure) [PSYoungGen: 369504K->2832K(464896K)] 871787K->505331K(1863168K), 0.0023391 secs] [Times: user=0.01 sys=0.00, real=0.01 secs] 
6410.497: [GC (Allocation Failure) [PSYoungGen: 235792K->159808K(465920K)] 738291K->663490K(1864192K), 0.0302403 secs] [Times: user=0.18 sys=0.00, real=0.03 secs] 
6411.611: [GC (Allocation Failure) [PSYoungGen: 392768K->102528K(465920K)] 896450K->748626K(1864192K), 0.0663698 secs] [Times: user=0.39 sys=0.00, real=0.07 secs] 
6413.693: [GC (Allocation Failure) [PSYoungGen: 335488K->165632K(465920K)] 981586K->912071K(1864192K), 0.0535273 secs] [Times: user=0.32 sys=0.00, real=0.06 secs] 
6414.808: [GC (Allocation Failure) [PSYoungGen: 398592K->96992K(465920K)] 1145031K->1000311K(1864192K), 0.0679064 secs] [Times: user=0.40 sys=0.00, real=0.07 secs] 
6417.401: [GC (Allocation Failure) [PSYoungGen: 329952K->164512K(465920K)] 1233271K->1162084K(1864192K), 0.0520022 secs] [Times: user=0.31 sys=0.00, real=0.05 secs] 
6418.582: [GC (Allocation Failure) [PSYoungGen: 397472K->94944K(464896K)] 1395044K->1248068K(1863168K), 0.0685257 secs] [Times: user=0.41 sys=0.00, real=0.07 secs] 
6420.116: [GC (Allocation Failure) [PSYoungGen: 327904K->169248K(465408K)] 1481028K->1414161K(1863680K), 0.0511161 secs] [Times: user=0.31 sys=0.00, real=0.05 secs] 
6420.167: [Full GC (Ergonomics) [PSYoungGen: 169248K->0K(465408K)] [ParOldGen: 1244913K->210345K(1398272K)] 1414161K->210345K(1863680K), [Metaspace: 59665K->59665K(1105920K)], 0.4759547 secs] [Times: user=2.19 sys=0.00, real=0.47 secs] 
6422.848: [GC (Allocation Failure) [PSYoungGen: 232960K->87680K(465920K)] 443305K->298025K(1864192K), 0.1707368 secs] [Times: user=1.00 sys=0.00, real=0.17 secs] 
6423.971: [GC (Allocation Failure) [PSYoungGen: 320640K->167328K(465920K)] 530985K->461326K(1864192K), 0.0546227 secs] [Times: user=0.33 sys=0.00, real=0.06 secs] 
6427.138: [GC (Allocation Failure) [PSYoungGen: 397141K->79712K(465920K)] 691140K->540362K(1864192K), 0.1694456 secs] [Times: user=1.00 sys=0.00, real=0.17 secs] 
6427.916: [GC (Allocation Failure) [PSYoungGen: 312672K->170080K(465920K)] 773322K->706453K(1864192K), 0.0553342 secs] [Times: user=0.32 sys=0.00, real=0.05 secs] 
6430.568: [GC (Allocation Failure) [PSYoungGen: 403040K->84768K(465920K)] 939413K->790893K(1864192K), 0.1444703 secs] [Times: user=0.86 sys=0.00, real=0.14 secs] 
6431.254: [GC (Allocation Failure) [PSYoungGen: 317728K->178912K(465920K)] 1023853K->963437K(1864192K), 0.0576232 secs] [Times: user=0.34 sys=0.00, real=0.06 secs] 
6434.247: [GC (Allocation Failure) [PSYoungGen: 411872K->83808K(465920K)] 1196397K->1047501K(1864192K), 0.1404061 secs] [Times: user=0.84 sys=0.00, real=0.14 secs] 
6434.950: [GC (Allocation Failure) [PSYoungGen: 313309K->200992K(465920K)] 1277002K->1242246K(1864192K), 0.0608534 secs] [Times: user=0.36 sys=0.00, real=0.06 secs] 
6437.064: [GC (Allocation Failure) [PSYoungGen: 433952K->91968K(465920K)] 1475206K->1298910K(1864192K), 0.1076585 secs] [Times: user=0.64 sys=0.00, real=0.11 secs] 
6437.171: [Full GC (Ergonomics) [PSYoungGen: 91968K->0K(465920K)] [ParOldGen: 1206942K->106540K(1398272K)] 1298910K->106540K(1864192K), [Metaspace: 59665K->59665K(1105920K)], 0.2528841 secs] [Times: user=1.16 sys=0.01, real=0.26 secs] 
6438.501: [GC (Allocation Failure) [PSYoungGen: 232960K->152608K(465920K)] 339500K->259148K(1864192K), 0.0426319 secs] [Times: user=0.25 sys=0.00, real=0.04 secs] 
6440.620: [GC (Allocation Failure) [PSYoungGen: 385568K->101728K(465920K)] 492108K->360580K(1864192K), 0.0907958 secs] [Times: user=0.53 sys=0.01, real=0.09 secs] 
6441.807: [GC (Allocation Failure) [PSYoungGen: 334688K->146656K(465920K)] 593540K->496709K(1864192K), 0.0595926 secs] [Times: user=0.35 sys=0.00, real=0.06 secs] 
6444.764: [GC (Allocation Failure) [PSYoungGen: 379616K->112544K(461824K)] 729669K->608893K(1860096K), 0.0887755 secs] [Times: user=0.53 sys=0.00, real=0.09 secs] 
6445.957: [GC (Allocation Failure) [PSYoungGen: 345504K->135712K(369152K)] 841853K->734330K(1767424K), 0.0606650 secs] [Times: user=0.36 sys=0.00, real=0.06 secs] 
6448.518: [GC (Allocation Failure) [PSYoungGen: 368672K->124608K(472064K)] 967290K->858570K(1870336K), 0.0771325 secs] [Times: user=0.41 sys=0.01, real=0.08 secs] 
6449.787: [GC (Allocation Failure) [PSYoungGen: 372928K->2752K(462848K)] 1106890K->736774K(1861120K), 0.0026009 secs] [Times: user=0.02 sys=0.00, real=0.00 secs] 
6452.317: [GC (Allocation Failure) [PSYoungGen: 251072K->158880K(461312K)] 985094K->894010K(1859584K), 0.0322285 secs] [Times: user=0.19 sys=0.01, real=0.03 secs] 
6453.436: [GC (Allocation Failure) [PSYoungGen: 392864K->102304K(336384K)] 1127994K->986882K(1734656K), 0.0680786 secs] [Times: user=0.40 sys=0.01, real=0.07 secs] 
6456.234: [GC (Allocation Failure) [PSYoungGen: 336288K->164128K(456192K)] 1220866K->1148463K(1854464K), 0.0532453 secs] [Times: user=0.32 sys=0.00, real=0.05 secs] 
6457.400: [GC (Allocation Failure) [PSYoungGen: 396576K->95168K(462848K)] 1380911K->1234743K(1861120K), 0.0678373 secs] [Times: user=0.40 sys=0.00, real=0.07 secs] 
6459.994: [GC (Allocation Failure) [PSYoungGen: 325494K->161408K(463872K)] 1465070K->1393948K(1862144K), 0.0510435 secs] [Times: user=0.30 sys=0.00, real=0.05 secs] 
6460.046: [Full GC (Ergonomics) [PSYoungGen: 161408K->0K(463872K)] [ParOldGen: 1232540K->197090K(1398272K)] 1393948K->197090K(1862144K), [Metaspace: 59665K->59665K(1105920K)], 0.4684014 secs] [Times: user=2.18 sys=0.00, real=0.47 secs] 
6461.535: [GC (Allocation Failure) [PSYoungGen: 239616K->101216K(340992K)] 436706K->298306K(1739264K), 0.0305926 secs] [Times: user=0.18 sys=0.00, real=0.03 secs] 
6463.372: [GC (Allocation Failure) [PSYoungGen: 340832K->166976K(461312K)] 537922K->461527K(1859584K), 0.0509310 secs] [Times: user=0.30 sys=0.00, real=0.05 secs] 
6465.501: [GC (Allocation Failure) [PSYoungGen: 405568K->90752K(467968K)] 700119K->551175K(1866240K), 0.1015635 secs] [Times: user=0.60 sys=0.00, real=0.10 secs] 
6465.960: [GC (Allocation Failure) [PSYoungGen: 329344K->182720K(458240K)] 789767K->727676K(1856512K), 0.0579453 secs] [Times: user=0.34 sys=0.00, real=0.06 secs] 
6468.658: [GC (Allocation Failure) [PSYoungGen: 415680K->83232K(465920K)] 960636K->811100K(1864192K), 0.1458580 secs] [Times: user=0.87 sys=0.00, real=0.15 secs] 
6469.309: [GC (Allocation Failure) [PSYoungGen: 316192K->190496K(465920K)] 1044060K->995517K(1864192K), 0.0594410 secs] [Times: user=0.35 sys=0.00, real=0.06 secs] 
6472.107: [GC (Allocation Failure) [PSYoungGen: 423456K->83520K(465920K)] 1228477K->1060393K(1864192K), 0.1197868 secs] [Times: user=0.71 sys=0.01, real=0.12 secs] 
6473.325: [GC (Allocation Failure) [PSYoungGen: 316480K->161216K(465920K)] 1293353K->1214618K(1864192K), 0.0598176 secs] [Times: user=0.35 sys=0.00, real=0.06 secs] 
6475.448: [GC (Allocation Failure) [PSYoungGen: 394148K->93888K(465920K)] 1447550K->1308490K(1864192K), 0.0894237 secs] [Times: user=0.53 sys=0.00, real=0.09 secs] 
6475.537: [Full GC (Ergonomics) [PSYoungGen: 93888K->0K(465920K)] [ParOldGen: 1214602K->107736K(1398272K)] 1308490K->107736K(1864192K), [Metaspace: 59665K->59665K(1105920K)], 0.2461030 secs] [Times: user=1.11 sys=0.00, real=0.24 secs] 
6476.843: [GC (Allocation Failure) [PSYoungGen: 232960K->151264K(465920K)] 340696K->259000K(1864192K), 0.0425084 secs] [Times: user=0.25 sys=0.00, real=0.05 secs] 
6478.907: [GC (Allocation Failure) [PSYoungGen: 384224K->104704K(337920K)] 491960K->363768K(1736192K), 0.0924834 secs] [Times: user=0.53 sys=0.01, real=0.09 secs] 
6480.121: [GC (Allocation Failure) [PSYoungGen: 337664K->143552K(467968K)] 596728K->496521K(1866240K), 0.0593937 secs] [Times: user=0.36 sys=0.00, real=0.06 secs] 
6482.925: [GC (Allocation Failure) [PSYoungGen: 380608K->122656K(359936K)] 733577K->619425K(1758208K), 0.0812284 secs] [Times: user=0.49 sys=0.00, real=0.08 secs] 
6484.120: [GC (Allocation Failure) [PSYoungGen: 359712K->1024K(446976K)] 856481K->497865K(1845248K), 0.0015381 secs] [Times: user=0.01 sys=0.00, real=0.00 secs] 
6486.548: [GC (Allocation Failure) [PSYoungGen: 229888K->137184K(459264K)] 726729K->634629K(1857536K), 0.0294558 secs] [Times: user=0.17 sys=0.00, real=0.03 secs] 
6487.681: [GC (Allocation Failure) [PSYoungGen: 366048K->2560K(460288K)] 863493K->500414K(1858560K), 0.0022232 secs] [Times: user=0.01 sys=0.00, real=0.00 secs] 
6489.473: [GC (Allocation Failure) [PSYoungGen: 235520K->149440K(465920K)] 733374K->648330K(1864192K), 0.0324425 secs] [Times: user=0.15 sys=0.00, real=0.04 secs] 
6490.604: [GC (Allocation Failure) [PSYoungGen: 382400K->104960K(453632K)] 881290K->743766K(1851904K), 0.0650294 secs] [Times: user=0.39 sys=0.00, real=0.07 secs] 
6493.089: [GC (Allocation Failure) [PSYoungGen: 337920K->155744K(459776K)] 976726K->897487K(1858048K), 0.0527858 secs] [Times: user=0.31 sys=0.01, real=0.05 secs] 
6494.221: [GC (Allocation Failure) [PSYoungGen: 388704K->103392K(457216K)] 1130447K->991431K(1855488K), 0.0658068 secs] [Times: user=0.39 sys=0.01, real=0.07 secs] 
6497.464: [GC (Allocation Failure) [PSYoungGen: 343008K->166560K(461824K)] 1231047K->1155436K(1860096K), 0.0533335 secs] [Times: user=0.32 sys=0.00, real=0.05 secs] 
6498.699: [GC (Allocation Failure) [PSYoungGen: 406176K->102112K(467968K)] 1395052K->1248620K(1866240K), 0.1057247 secs] [Times: user=0.63 sys=0.01, real=0.11 secs] 
6502.016: [GC (Allocation Failure) [PSYoungGen: 346848K->169376K(467456K)] 1493356K->1414153K(1865728K), 0.0533384 secs] [Times: user=0.32 sys=0.01, real=0.05 secs] 
6502.069: [Full GC (Ergonomics) [PSYoungGen: 169376K->0K(467456K)] [ParOldGen: 1244777K->215148K(1398272K)] 1414153K->215148K(1865728K), [Metaspace: 59665K->59665K(1105920K)], 0.5086868 secs] [Times: user=2.39 sys=0.00, real=0.51 secs] 
6505.166: [GC (Allocation Failure) [PSYoungGen: 244736K->92896K(470528K)] 459884K->308044K(1868800K), 0.0984383 secs] [Times: user=0.59 sys=0.00, real=0.10 secs] 
6505.911: [GC (Allocation Failure) [PSYoungGen: 334560K->185824K(427520K)] 549708K->487889K(1825792K), 0.0597674 secs] [Times: user=0.36 sys=0.00, real=0.06 secs] 
6509.101: [GC (Allocation Failure) [PSYoungGen: 427488K->86816K(465920K)] 729553K->574933K(1864192K), 0.1281329 secs] [Times: user=0.76 sys=0.00, real=0.13 secs] 
6510.321: [GC (Allocation Failure) [PSYoungGen: 319776K->160256K(465920K)] 807893K->728790K(1864192K), 0.0604566 secs] [Times: user=0.36 sys=0.01, real=0.06 secs] 
6512.424: [GC (Allocation Failure) [PSYoungGen: 391777K->93376K(463872K)] 960312K->822134K(1862144K), 0.1014626 secs] [Times: user=0.60 sys=0.00, real=0.11 secs] 
6513.610: [GC (Allocation Failure) [PSYoungGen: 326336K->150880K(464896K)] 1055094K->966311K(1863168K), 0.0594173 secs] [Times: user=0.36 sys=0.00, real=0.06 secs] 
6516.597: [GC (Allocation Failure) [PSYoungGen: 378061K->93504K(455680K)] 1193493K->1059943K(1853952K), 0.1054137 secs] [Times: user=0.63 sys=0.00, real=0.10 secs] 
6517.808: [GC (Allocation Failure) [PSYoungGen: 328512K->150784K(461312K)] 1294951K->1203830K(1859584K), 0.0597567 secs] [Times: user=0.35 sys=0.01, real=0.06 secs] 
6520.284: [GC (Allocation Failure) [PSYoungGen: 385792K->107488K(458752K)] 1438838K->1311518K(1857024K), 0.0913873 secs] [Times: user=0.52 sys=0.00, real=0.09 secs] 
6520.376: [Full GC (Ergonomics) [PSYoungGen: 107488K->0K(458752K)] [ParOldGen: 1204030K->121511K(1398272K)] 1311518K->121511K(1857024K), [Metaspace: 59665K->59665K(1105920K)], 0.2722721 secs] [Times: user=1.23 sys=0.00, real=0.27 secs] 
6521.750: [GC (Allocation Failure) [PSYoungGen: 245760K->141760K(465408K)] 367271K->263271K(1863680K), 0.0517975 secs] [Times: user=0.31 sys=0.00, real=0.05 secs] 
6525.207: [GC (Allocation Failure) [PSYoungGen: 387520K->134464K(464896K)] 509031K->397615K(1863168K), 0.0846252 secs] [Times: user=0.50 sys=0.00, real=0.08 secs] 
6526.496: [GC (Allocation Failure) [PSYoungGen: 397120K->11840K(473600K)] 660271K->275063K(1871872K), 0.0040726 secs] [Times: user=0.03 sys=0.00, real=0.00 secs] 
6529.401: [GC (Allocation Failure) [PSYoungGen: 262597K->173408K(455168K)] 525820K->446060K(1853440K), 0.0361520 secs] [Times: user=0.21 sys=0.00, real=0.04 secs] 
6530.506: [GC (Allocation Failure) [PSYoungGen: 406368K->96608K(465920K)] 679020K->533632K(1864192K), 0.0744289 secs] [Times: user=0.40 sys=0.00, real=0.07 secs] 
6532.787: [GC (Allocation Failure) [PSYoungGen: 319143K->154720K(465920K)] 756167K->684708K(1864192K), 0.0493275 secs] [Times: user=0.29 sys=0.00, real=0.05 secs] 
6534.240: [GC (Allocation Failure) [PSYoungGen: 394848K->101568K(342016K)] 924836K->776836K(1740288K), 0.0696710 secs] [Times: user=0.41 sys=0.00, real=0.07 secs] 
6536.573: [GC (Allocation Failure) [PSYoungGen: 341696K->167872K(458240K)] 1016964K->940537K(1856512K), 0.0516596 secs] [Times: user=0.31 sys=0.00, real=0.06 secs] 
6537.945: [GC (Allocation Failure) [PSYoungGen: 404416K->91104K(465920K)] 1177081K->1030665K(1864192K), 0.0878533 secs] [Times: user=0.52 sys=0.00, real=0.08 secs] 
6538.748: [GC (Allocation Failure) [PSYoungGen: 327648K->176928K(457216K)] 1267209K->1200678K(1855488K), 0.0575840 secs] [Times: user=0.34 sys=0.00, real=0.06 secs] 
6541.179: [GC (Allocation Failure) [PSYoungGen: 409888K->83968K(465920K)] 1433638K->1284110K(1864192K), 0.1630331 secs] [Times: user=0.97 sys=0.00, real=0.16 secs] 
6541.342: [Full GC (Ergonomics) [PSYoungGen: 83968K->0K(465920K)] [ParOldGen: 1200142K->81750K(1398272K)] 1284110K->81750K(1864192K), [Metaspace: 59665K->59665K(1105920K)], 0.2153955 secs] [Times: user=1.01 sys=0.00, real=0.22 secs] 
6541.825: [GC (Allocation Failure) [PSYoungGen: 232960K->210016K(464384K)] 314710K->291766K(1862656K), 0.0385528 secs] [Times: user=0.23 sys=0.00, real=0.04 secs] 
6543.143: [GC (Allocation Failure) [PSYoungGen: 442976K->80608K(465920K)] 524726K->339502K(1864192K), 0.0874797 secs] [Times: user=0.51 sys=0.01, real=0.09 secs] 
6544.169: [GC (Allocation Failure) [PSYoungGen: 313568K->205376K(465920K)] 572462K->537779K(1864192K), 0.0636545 secs] [Times: user=0.38 sys=0.00, real=0.06 secs] 
6544.977: [GC (Allocation Failure) [PSYoungGen: 438336K->93728K(465920K)] 770739K->590443K(1864192K), 0.1149505 secs] [Times: user=0.68 sys=0.01, real=0.11 secs] 
6546.182: [GC (Allocation Failure) [PSYoungGen: 326688K->150880K(465920K)] 823403K->734252K(1864192K), 0.0596734 secs] [Times: user=0.36 sys=0.00, real=0.06 secs] 
Heap
 PSYoungGen      total 465920K, used 207462K [0x00000000d5580000, 0x0000000100000000, 0x0000000100000000)
  eden space 23296