1.174: [GC (Allocation Failure) [PSYoungGen: 128000K->12881K(148992K)] 128000K->12969K(488960K), 0.0166482 secs] [Times: user=0.02 sys=0.00, real=0.02 secs] 
1.314: [GC (Metadata GC Threshold) [PSYoungGen: 49651K->6083K(148992K)] 49739K->6179K(488960K), 0.0036971 secs] [Times: user=0.02 sys=0.01, real=0.00 secs] 
1.318: [Full GC (Metadata GC Threshold) [PSYoungGen: 6083K->0K(148992K)] [ParOldGen: 96K->5939K(189952K)] 6179K->5939K(338944K), [Metaspace: 20448K->20448K(1067008K)], 0.0153664 secs] [Times: user=0.03 sys=0.00, real=0.02 secs] 
1.964: [GC (Allocation Failure) [PSYoungGen: 128000K->10366K(148992K)] 133939K->16313K(338944K), 0.0029165 secs] [Times: user=0.01 sys=0.00, real=0.00 secs] 
2.745: [GC (Metadata GC Threshold) [PSYoungGen: 37898K->4596K(200704K)] 43846K->10551K(390656K), 0.0026832 secs] [Times: user=0.01 sys=0.00, real=0.00 secs] 
2.747: [Full GC (Metadata GC Threshold) [PSYoungGen: 4596K->0K(200704K)] [ParOldGen: 5955K->8852K(292352K)] 10551K->8852K(493056K), [Metaspace: 33735K->33735K(1079296K)], 0.0151674 secs] [Times: user=0.05 sys=0.00, real=0.02 secs] 
3.748: [GC (Allocation Failure) [PSYoungGen: 185856K->18571K(206848K)] 194708K->27432K(499200K), 0.0059042 secs] [Times: user=0.02 sys=0.00, real=0.01 secs] 
4.557: [GC (Allocation Failure) [PSYoungGen: 204427K->12995K(288256K)] 213288K->95592K(580608K), 0.0092201 secs] [Times: user=0.05 sys=0.01, real=0.01 secs] 
5.200: [GC (Allocation Failure) [PSYoungGen: 280771K->4416K(287744K)] 363368K->218085K(580096K), 0.0131211 secs] [Times: user=0.07 sys=0.01, real=0.01 secs] 
5.214: [Full GC (Ergonomics) [PSYoungGen: 4416K->0K(287744K)] [ParOldGen: 213669K->175877K(649728K)] 218085K->175877K(937472K), [Metaspace: 52175K->52175K(1097728K)], 0.0533986 secs] [Times: user=0.23 sys=0.00, real=0.05 secs] 
6.713: [GC (GCLocker Initiated GC) [PSYoungGen: 267776K->1808K(378368K)] 443653K->210462K(1028096K), 0.0048791 secs] [Times: user=0.02 sys=0.00, real=0.00 secs] 
8.372: [GC (GCLocker Initiated GC) [PSYoungGen: 378128K->2138K(408576K)] 586789K->210807K(1058304K), 0.0039092 secs] [Times: user=0.02 sys=0.00, real=0.00 secs] 
10.757: [GC (Allocation Failure) [PSYoungGen: 389722K->18477K(474624K)] 598393K->243540K(1124352K), 0.0070147 secs] [Times: user=0.03 sys=0.00, real=0.01 secs] 
15.017: [GC (Allocation Failure) [PSYoungGen: 472109K->10397K(477184K)] 697172K->235460K(1126912K), 0.0030819 secs] [Times: user=0.01 sys=0.00, real=0.00 secs] 
17.734: [GC (Allocation Failure) [PSYoungGen: 464029K->2090K(523776K)] 689092K->227153K(1173504K), 0.0020244 secs] [Times: user=0.01 sys=0.00, real=0.00 secs] 
22.250: [GC (Allocation Failure) [PSYoungGen: 515626K->2547K(536064K)] 740689K->227618K(1185792K), 0.0022000 secs] [Times: user=0.01 sys=0.00, real=0.01 secs] 
25.001: [GC (Allocation Failure) [PSYoungGen: 516083K->2362K(573440K)] 741154K->227433K(1223168K), 0.0025505 secs] [Times: user=0.01 sys=0.00, real=0.00 secs] 
28.051: [GC (Allocation Failure) [PSYoungGen: 563002K->2426K(582144K)] 788073K->227497K(1231872K), 0.0019878 secs] [Times: user=0.00 sys=0.00, real=0.00 secs] 
32.207: [GC (Allocation Failure) [PSYoungGen: 563066K->2397K(609280K)] 788137K->227476K(1259008K), 0.0022862 secs] [Times: user=0.01 sys=0.00, real=0.00 secs] 
35.952: [GC (Allocation Failure) [PSYoungGen: 598877K->2490K(581120K)] 823956K->227569K(1230848K), 0.0027421 secs] [Times: user=0.01 sys=0.00, real=0.00 secs] 
40.389: [GC (Allocation Failure) [PSYoungGen: 581050K->10541K(571904K)] 806129K->235620K(1221632K), 0.0037643 secs] [Times: user=0.01 sys=0.00, real=0.01 secs] 
44.099: [GC (Allocation Failure) [PSYoungGen: 571693K->10541K(555520K)] 796772K->235620K(1205248K), 0.0028081 secs] [Times: user=0.01 sys=0.00, real=0.01 secs] 
48.748: [GC (Allocation Failure) [PSYoungGen: 555309K->18765K(547840K)] 780388K->243852K(1197568K), 0.0073693 secs] [Times: user=0.02 sys=0.01, real=0.01 secs] 
51.571: [GC (Allocation Failure) [PSYoungGen: 547661K->18749K(532480K)] 772748K->243844K(1182208K), 0.0032471 secs] [Times: user=0.01 sys=0.00, real=0.00 secs] 
54.703: [GC (Allocation Failure) [PSYoungGen: 532285K->9613K(508928K)] 757380K->235732K(1158656K), 0.0056380 secs] [Times: user=0.02 sys=0.00, real=0.00 secs] 
58.948: [GC (Allocation Failure) [PSYoungGen: 508813K->3376K(488960K)] 734932K->229564K(1138688K), 0.0084267 secs] [Times: user=0.02 sys=0.00, real=0.01 secs] 
63.177: [GC (Allocation Failure) [PSYoungGen: 488752K->2013K(474112K)] 714940K->228455K(1123840K), 0.0020734 secs] [Times: user=0.01 sys=0.00, real=0.00 secs] 
65.535: [GC (Allocation Failure) [PSYoungGen: 474077K->1949K(461312K)] 700519K->228455K(1111040K), 0.0020028 secs] [Times: user=0.00 sys=0.00, real=0.00 secs] 
69.593: [GC (Allocation Failure) [PSYoungGen: 461213K->1981K(449024K)] 687719K->228511K(1098752K), 0.0021812 secs] [Times: user=0.01 sys=0.00, real=0.00 secs] 
72.140: [GC (Allocation Failure) [PSYoungGen: 448957K->1952K(437248K)] 675487K->228514K(1086976K), 0.0027030 secs] [Times: user=0.01 sys=0.00, real=0.01 secs] 
76.542: [GC (Allocation Failure) [PSYoungGen: 437152K->1936K(425984K)] 663714K->228698K(1075712K), 0.0058423 secs] [Times: user=0.02 sys=0.00, real=0.00 secs] 
78.982: [GC (Allocation Failure) [PSYoungGen: 425872K->6000K(434176K)] 652634K->232810K(1083904K), 0.0027011 secs] [Times: user=0.01 sys=0.00, real=0.00 secs] 
81.600: [GC (Allocation Failure) [PSYoungGen: 419184K->1837K(404480K)] 645994K->228679K(1054208K), 0.0017417 secs] [Times: user=0.00 sys=0.00, real=0.00 secs] 
85.589: [GC (Allocation Failure) [PSYoungGen: 404269K->1741K(394240K)] 631111K->228623K(1043968K), 0.0017578 secs] [Times: user=0.00 sys=0.00, real=0.01 secs] 
87.603: [GC (Allocation Failure) [PSYoungGen: 393933K->1856K(384512K)] 620815K->228778K(1034240K), 0.0024803 secs] [Times: user=0.01 sys=0.00, real=0.00 secs] 
89.792: [GC (Allocation Failure) [PSYoungGen: 384320K->3952K(377344K)] 611242K->230922K(1027072K), 0.0024367 secs] [Times: user=0.01 sys=0.00, real=0.00 secs] 
91.513: [GC (Allocation Failure) [PSYoungGen: 377200K->1661K(366080K)] 604170K->228655K(1015808K), 0.0017622 secs] [Times: user=0.01 sys=0.00, real=0.00 secs] 
94.723: [GC (Allocation Failure) [PSYoungGen: 365693K->1744K(357376K)] 592687K->228762K(1007104K), 0.0035122 secs] [Times: user=0.01 sys=0.00, real=0.00 secs] 
96.809: [GC (Allocation Failure) [PSYoungGen: 356388K->6032K(353280K)] 583406K->233090K(1003008K), 0.0024406 secs] [Times: user=0.01 sys=0.00, real=0.01 secs] 
99.209: [GC (Allocation Failure) [PSYoungGen: 353168K->1664K(340992K)] 580226K->228738K(990720K), 0.0016734 secs] [Times: user=0.01 sys=0.00, real=0.01 secs] 
101.646: [GC (Allocation Failure) [PSYoungGen: 340608K->1728K(333312K)] 567682K->228842K(983040K), 0.0029825 secs] [Times: user=0.01 sys=0.00, real=0.00 secs] 
103.953: [GC (Allocation Failure) [PSYoungGen: 332992K->1853K(325632K)] 560106K->228991K(975360K), 0.0020427 secs] [Times: user=0.01 sys=0.00, real=0.00 secs] 
107.217: [GC (Allocation Failure) [PSYoungGen: 325437K->400K(316928K)] 552575K->227546K(966656K), 0.0021129 secs] [Times: user=0.01 sys=0.00, real=0.00 secs] 
110.143: [GC (Allocation Failure) [PSYoungGen: 316816K->10112K(319488K)] 543962K->245458K(969216K), 0.0097999 secs] [Times: user=0.04 sys=0.00, real=0.01 secs] 
113.158: [GC (Allocation Failure) [PSYoungGen: 319360K->1629K(304640K)] 554706K->236991K(954368K), 0.0018309 secs] [Times: user=0.01 sys=0.00, real=0.00 secs] 
114.710: [GC (Allocation Failure) [PSYoungGen: 304221K->1696K(297984K)] 539583K->237074K(947712K), 0.0021884 secs] [Times: user=0.01 sys=0.00, real=0.01 secs] 
116.342: [GC (Allocation Failure) [PSYoungGen: 297632K->1741K(291840K)] 533010K->237135K(941568K), 0.0018684 secs] [Times: user=0.00 sys=0.00, real=0.00 secs] 
117.696: [GC (Allocation Failure) [PSYoungGen: 291533K->1584K(285696K)] 526927K->236978K(935424K), 0.0019684 secs] [Times: user=0.01 sys=0.00, real=0.00 secs] 
119.266: [GC (Allocation Failure) [PSYoungGen: 285232K->1773K(280064K)] 520626K->237175K(929792K), 0.0020203 secs] [Times: user=0.00 sys=0.00, real=0.00 secs] 
120.520: [GC (Allocation Failure) [PSYoungGen: 279789K->1552K(274432K)] 515191K->236978K(924160K), 0.0019755 secs] [Times: user=0.00 sys=0.00, real=0.01 secs] 
122.093: [GC (Allocation Failure) [PSYoungGen: 273936K->1869K(268800K)] 509362K->237303K(918528K), 0.0021223 secs] [Times: user=0.00 sys=0.00, real=0.00 secs] 
123.908: [GC (Allocation Failure) [PSYoungGen: 268621K->1504K(263168K)] 504055K->236978K(912896K), 0.0039363 secs] [Times: user=0.01 sys=0.00, real=0.01 secs] 
125.868: [GC (Allocation Failure) [PSYoungGen: 263136K->1821K(258560K)] 498610K->237311K(908288K), 0.0019988 secs] [Times: user=0.01 sys=0.00, real=0.00 secs] 
127.833: [GC (Allocation Failure) [PSYoungGen: 258333K->1584K(253440K)] 493823K->237090K(903168K), 0.0020587 secs] [Times: user=0.01 sys=0.00, real=0.00 secs] 
129.217: [GC (Allocation Failure) [PSYoungGen: 252976K->1725K(248832K)] 488482K->237231K(898560K), 0.0020274 secs] [Times: user=0.01 sys=0.00, real=0.00 secs] 
132.178: [GC (Allocation Failure) [PSYoungGen: 248509K->1616K(244224K)] 484015K->237138K(893952K), 0.0032319 secs] [Times: user=0.01 sys=0.00, real=0.01 secs] 
134.279: [GC (Allocation Failure) [PSYoungGen: 243792K->1629K(239616K)] 479314K->237151K(889344K), 0.0017857 secs] [Times: user=0.00 sys=0.00, real=0.01 secs] 
135.845: [GC (Allocation Failure) [PSYoungGen: 239197K->1696K(235520K)] 474719K->253610K(885248K), 0.0035715 secs] [Times: user=0.01 sys=0.00, real=0.00 secs] 
137.807: [GC (Allocation Failure) [PSYoungGen: 235168K->1533K(230912K)] 487082K->253455K(880640K), 0.0015747 secs] [Times: user=0.01 sys=0.00, real=0.00 secs] 
139.177: [GC (Allocation Failure) [PSYoungGen: 230909K->2832K(228352K)] 482831K->254754K(878080K), 0.0024889 secs] [Times: user=0.01 sys=0.00, real=0.00 secs] 
140.455: [GC (Allocation Failure) [PSYoungGen: 228112K->1408K(222720K)] 480034K->253330K(872448K), 0.0025911 secs] [Times: user=0.01 sys=0.00, real=0.00 secs] 
141.910: [GC (Allocation Failure) [PSYoungGen: 222587K->1773K(219648K)] 474510K->253695K(869376K), 0.0018814 secs] [Times: user=0.01 sys=0.00, real=0.00 secs] 
143.592: [GC (Allocation Failure) [PSYoungGen: 219373K->1472K(215552K)] 471295K->253402K(865280K), 0.0025006 secs] [Times: user=0.01 sys=0.00, real=0.00 secs] 
145.460: [GC (Allocation Failure) [PSYoungGen: 215488K->1581K(212480K)] 467418K->253519K(862208K), 0.0015384 secs] [Times: user=0.00 sys=0.00, real=0.01 secs] 
146.942: [GC (Allocation Failure) [PSYoungGen: 212013K->4784K(211968K)] 463951K->261850K(861696K), 0.0030448 secs] [Times: user=0.01 sys=0.00, real=0.00 secs] 
148.102: [GC (Allocation Failure) [PSYoungGen: 211632K->352K(203776K)] 468698K->257442K(853504K), 0.0018558 secs] [Times: user=0.01 sys=0.00, real=0.00 secs] 
149.275: [GC (Allocation Failure) [PSYoungGen: 203616K->1709K(202240K)] 460706K->258815K(851968K), 0.0016320 secs] [Times: user=0.01 sys=0.00, real=0.00 secs] 
150.541: [GC (Allocation Failure) [PSYoungGen: 201901K->1520K(198656K)] 459007K->258634K(848384K), 0.0018132 secs] [Times: user=0.00 sys=0.00, real=0.00 secs] 
151.492: [GC (Allocation Failure) [PSYoungGen: 198640K->1533K(195584K)] 455754K->258679K(845312K), 0.0015324 secs] [Times: user=0.00 sys=0.00, real=0.00 secs] 
152.663: [GC (Allocation Failure) [PSYoungGen: 195581K->1837K(193024K)] 452727K->258983K(842752K), 0.0019708 secs] [Times: user=0.01 sys=0.00, real=0.00 secs] 
154.435: [GC (Allocation Failure) [PSYoungGen: 192813K->1440K(189440K)] 449959K->258594K(839168K), 0.0021488 secs] [Times: user=0.01 sys=0.00, real=0.00 secs] 
155.897: [GC (Allocation Failure) [PSYoungGen: 189344K->1661K(186880K)] 446498K->258823K(836608K), 0.0016548 secs] [Times: user=0.00 sys=0.00, real=0.00 secs] 
157.017: [GC (Allocation Failure) [PSYoungGen: 186493K->2768K(185344K)] 443655K->259954K(835072K), 0.0022566 secs] [Times: user=0.01 sys=0.00, real=0.00 secs] 
158.067: [GC (Allocation Failure) [PSYoungGen: 185040K->1408K(181248K)] 442226K->258602K(830976K), 0.0022960 secs] [Times: user=0.01 sys=0.00, real=0.00 secs] 
159.464: [GC (Allocation Failure) [PSYoungGen: 181120K->1645K(179200K)] 438314K->258839K(828928K), 0.0017263 secs] [Times: user=0.01 sys=0.00, real=0.00 secs] 
160.588: [GC (Allocation Failure) [PSYoungGen: 178797K->3744K(178688K)] 435991K->260938K(828416K), 0.0022557 secs] [Times: user=0.00 sys=0.00, real=0.00 secs] 
161.338: [GC (Allocation Failure) [PSYoungGen: 178336K->1376K(173568K)] 435530K->258578K(823296K), 0.0026192 secs] [Times: user=0.01 sys=0.00, real=0.01 secs] 
162.355: [GC (Allocation Failure) [PSYoungGen: 173408K->1581K(171520K)] 430610K->258783K(821248K), 0.0016467 secs] [Times: user=0.00 sys=0.00, real=0.00 secs] 
163.421: [GC (Allocation Failure) [PSYoungGen: 171053K->2720K(169984K)] 428255K->259922K(819712K), 0.0023625 secs] [Times: user=0.01 sys=0.00, real=0.00 secs] 
164.089: [GC (Allocation Failure) [PSYoungGen: 169632K->1408K(165888K)] 426834K->258610K(815616K), 0.0020070 secs] [Times: user=0.01 sys=0.00, real=0.01 secs] 
164.908: [GC (Allocation Failure) [PSYoungGen: 165760K->1584K(164352K)] 422962K->258786K(814080K), 0.0016919 secs] [Times: user=0.01 sys=0.01, real=0.00 secs] 
165.889: [GC (Allocation Failure) [PSYoungGen: 163888K->1661K(162304K)] 421090K->258863K(812032K), 0.0017283 secs] [Times: user=0.01 sys=0.00, real=0.01 secs] 
166.909: [GC (Allocation Failure) [PSYoungGen: 161917K->1456K(159744K)] 419119K->258666K(809472K), 0.0021120 secs] [Times: user=0.01 sys=0.00, real=0.01 secs] 
167.795: [GC (Allocation Failure) [PSYoungGen: 159664K->1488K(157696K)] 416874K->258706K(807424K), 0.0018158 secs] [Times: user=0.01 sys=0.00, real=0.00 secs] 
168.833: [GC (Allocation Failure) [PSYoungGen: 157648K->1677K(156160K)] 414866K->258895K(805888K), 0.0019052 secs] [Times: user=0.01 sys=0.00, real=0.00 secs] 
169.991: [GC (Allocation Failure) [PSYoungGen: 155789K->1552K(154112K)] 413007K->258778K(803840K), 0.0031592 secs] [Times: user=0.01 sys=0.00, real=0.00 secs] 
171.304: [GC (Allocation Failure) [PSYoungGen: 153616K->1376K(151552K)] 410842K->258602K(801280K), 0.0024473 secs] [Times: user=0.01 sys=0.00, real=0.00 secs] 
172.524: [GC (Allocation Failure) [PSYoungGen: 151392K->1584K(150016K)] 408618K->258818K(799744K), 0.0017035 secs] [Times: user=0.01 sys=0.00, real=0.00 secs] 
173.414: [GC (Allocation Failure) [PSYoungGen: 149552K->1712K(147968K)] 406786K->258946K(797696K), 0.0018356 secs] [Times: user=0.00 sys=0.00, real=0.00 secs] 
174.037: [GC (Allocation Failure) [PSYoungGen: 147632K->1376K(145920K)] 404866K->258618K(795648K), 0.0017186 secs] [Times: user=0.01 sys=0.00, real=0.00 secs] 
174.641: [GC (Allocation Failure) [PSYoungGen: 145760K->1360K(144384K)] 403002K->258602K(794112K), 0.0027439 secs] [Times: user=0.01 sys=0.00, real=0.00 secs] 
175.570: [GC (Allocation Failure) [PSYoungGen: 144208K->1712K(143360K)] 401450K->258962K(793088K), 0.0017906 secs] [Times: user=0.01 sys=0.00, real=0.00 secs] 
176.457: [GC (Allocation Failure) [PSYoungGen: 142344K->1568K(141824K)] 399595K->262922K(791552K), 0.0021956 secs] [Times: user=0.01 sys=0.00, real=0.00 secs] 
177.700: [GC (Allocation Failure) [PSYoungGen: 141344K->1408K(139776K)] 402698K->262770K(789504K), 0.0021072 secs] [Times: user=0.01 sys=0.00, real=0.01 secs] 
179.135: [GC (Allocation Failure) [PSYoungGen: 139648K->1504K(138240K)] 401010K->262866K(787968K), 0.0016541 secs] [Times: user=0.01 sys=0.00, real=0.00 secs] 
179.961: [GC (Allocation Failure) [PSYoungGen: 138208K->1664K(137216K)] 399570K->263026K(786944K), 0.0017549 secs] [Times: user=0.01 sys=0.00, real=0.00 secs] 
180.728: [GC (Allocation Failure) [PSYoungGen: 136832K->1600K(135680K)] 398194K->271154K(785408K), 0.0023931 secs] [Times: user=0.01 sys=0.00, real=0.00 secs] 
181.331: [GC (Allocation Failure) [PSYoungGen: 135232K->1344K(133632K)] 404786K->270914K(783360K), 0.0020481 secs] [Times: user=0.01 sys=0.00, real=0.00 secs] 
182.102: [GC (Allocation Failure) [PSYoungGen: 133440K->1504K(132096K)] 403010K->271074K(781824K), 0.0013924 secs] [Times: user=0.00 sys=0.00, real=0.00 secs] 
182.945: [GC (Allocation Failure) [PSYoungGen: 132064K->1648K(131072K)] 401634K->271218K(780800K), 0.0019700 secs] [Times: user=0.01 sys=0.00, real=0.00 secs] 
184.122: [GC (Allocation Failure) [PSYoungGen: 130672K->1552K(129536K)] 400242K->271122K(779264K), 0.0034508 secs] [Times: user=0.01 sys=0.00, real=0.00 secs] 
184.930: [GC (Allocation Failure) [PSYoungGen: 129040K->1376K(127488K)] 398610K->270954K(777216K), 0.0018979 secs] [Times: user=0.01 sys=0.00, real=0.00 secs] 
185.667: [GC (Allocation Failure) [PSYoungGen: 127328K->1453K(125952K)] 396906K->271032K(775680K), 0.0016573 secs] [Times: user=0.01 sys=0.00, real=0.00 secs] 
186.410: [GC (Allocation Failure) [PSYoungGen: 125869K->1680K(124928K)] 395448K->271258K(774656K), 0.0017484 secs] [Times: user=0.01 sys=0.00, real=0.01 secs] 
187.302: [GC (Allocation Failure) [PSYoungGen: 124560K->1568K(123904K)] 394138K->271154K(773632K), 0.0019424 secs] [Times: user=0.01 sys=0.00, real=0.00 secs] 
188.094: [GC (Allocation Failure) [PSYoungGen: 123424K->1392K(122368K)] 393010K->270978K(772096K), 0.0021208 secs] [Times: user=0.01 sys=0.00, real=0.00 secs] 
189.016: [GC (Allocation Failure) [PSYoungGen: 122224K->1408K(121344K)] 391810K->270994K(771072K), 0.0019054 secs] [Times: user=0.01 sys=0.00, real=0.00 secs] 
189.925: [GC (Allocation Failure) [PSYoungGen: 121216K->1629K(120832K)] 390802K->271232K(770560K), 0.0017757 secs] [Times: user=0.00 sys=0.00, real=0.00 secs] 
190.641: [GC (Allocation Failure) [PSYoungGen: 120413K->592K(118784K)] 390016K->271226K(768512K), 0.0018939 secs] [Times: user=0.00 sys=0.00, real=0.00 secs] 
192.337: [GC (Allocation Failure) [PSYoungGen: 118352K->1424K(118272K)] 388986K->272066K(768000K), 0.0026231 secs] [Times: user=0.01 sys=0.00, real=0.00 secs] 
193.413: [GC (Allocation Failure) [PSYoungGen: 118160K->1344K(117248K)] 388802K->271986K(766976K), 0.0037609 secs] [Times: user=0.01 sys=0.00, real=0.00 secs] 
194.732: [GC (Allocation Failure) [PSYoungGen: 117056K->1485K(116224K)] 387698K->272136K(765952K), 0.0014707 secs] [Times: user=0.00 sys=0.00, real=0.00 secs] 
195.479: [GC (Allocation Failure) [PSYoungGen: 116173K->1533K(115200K)] 386824K->272312K(764928K), 0.0017233 secs] [Times: user=0.00 sys=0.00, real=0.01 secs] 
196.438: [GC (Allocation Failure) [PSYoungGen: 115197K->1552K(114688K)] 385976K->272330K(764416K), 0.0020729 secs] [Times: user=0.01 sys=0.00, real=0.00 secs] 
197.278: [GC (Allocation Failure) [PSYoungGen: 114192K->384K(112128K)] 384970K->272186K(761856K), 0.0030141 secs] [Times: user=0.02 sys=0.00, real=0.01 secs] 
198.161: [GC (Allocation Failure) [PSYoungGen: 112000K->352K(113152K)] 383802K->272154K(762880K), 0.0027732 secs] [Times: user=0.02 sys=0.00, real=0.00 secs] 
199.036: [GC (Allocation Failure) [PSYoungGen: 110944K->1584K(111616K)] 382746K->273386K(761344K), 0.0016786 secs] [Times: user=0.00 sys=0.00, real=0.00 secs] 
199.692: [GC (Allocation Failure) [PSYoungGen: 111152K->1597K(110592K)] 382954K->273400K(760320K), 0.0019715 secs] [Times: user=0.01 sys=0.00, real=0.00 secs] 
200.470: [GC (Allocation Failure) [PSYoungGen: 110141K->1440K(109056K)] 381944K->273242K(758784K), 0.0018772 secs] [Times: user=0.01 sys=0.00, real=0.01 secs] 
201.264: [GC (Allocation Failure) [PSYoungGen: 108960K->1376K(108032K)] 380762K->273178K(757760K), 0.0021419 secs] [Times: user=0.00 sys=0.00, real=0.00 secs] 
202.054: [GC (Allocation Failure) [PSYoungGen: 107872K->1408K(107008K)] 379674K->273210K(756736K), 0.0031286 secs] [Times: user=0.01 sys=0.00, real=0.00 secs] 
202.933: [GC (Allocation Failure) [PSYoungGen: 106880K->1645K(106496K)] 378682K->273448K(756224K), 0.0018508 secs] [Times: user=0.01 sys=0.00, real=0.00 secs] 
203.560: [GC (Allocation Failure) [PSYoungGen: 106093K->1581K(105472K)] 377896K->273392K(755200K), 0.0015606 secs] [Times: user=0.01 sys=0.00, real=0.01 secs] 
204.870: [GC (Allocation Failure) [PSYoungGen: 105005K->1472K(103936K)] 376816K->273282K(753664K), 0.0038084 secs] [Times: user=0.01 sys=0.00, real=0.00 secs] 
205.702: [GC (Allocation Failure) [PSYoungGen: 103872K->1408K(102912K)] 375682K->273234K(752640K), 0.0025983 secs] [Times: user=0.01 sys=0.01, real=0.00 secs] 
206.751: [GC (Allocation Failure) [PSYoungGen: 102784K->1424K(101888K)] 374610K->273250K(751616K), 0.0037969 secs] [Times: user=0.02 sys=0.00, real=0.00 secs] 
207.691: [GC (Allocation Failure) [PSYoungGen: 101776K->1517K(100864K)] 373602K->273392K(750592K), 0.0016833 secs] [Times: user=0.01 sys=0.00, real=0.00 secs] 
208.287: [GC (Allocation Failure) [PSYoungGen: 100845K->1517K(99840K)] 372720K->273392K(749568K), 0.0016209 secs] [Times: user=0.00 sys=0.00, real=0.00 secs] 
208.798: [GC (Allocation Failure) [PSYoungGen: 99821K->1504K(99328K)] 371696K->273418K(749056K), 0.0013939 secs] [Times: user=0.00 sys=0.00, real=0.00 secs] 
209.203: [GC (Allocation Failure) [PSYoungGen: 99296K->1392K(98816K)] 371210K->273306K(748544K), 0.0015758 secs] [Times: user=0.01 sys=0.00, real=0.00 secs] 
209.606: [GC (Allocation Failure) [PSYoungGen: 98672K->1408K(98304K)] 370586K->273322K(748032K), 0.0016443 secs] [Times: user=0.00 sys=0.00, real=0.00 secs] 
210.219: [GC (Allocation Failure) [PSYoungGen: 98176K->1472K(97792K)] 370090K->273386K(747520K), 0.0014391 secs] [Times: user=0.01 sys=0.00, real=0.01 secs] 
210.796: [GC (Allocation Failure) [PSYoungGen: 97728K->1533K(97280K)] 369642K->273536K(747008K), 0.0015909 secs] [Times: user=0.00 sys=0.00, real=0.00 secs] 
211.375: [GC (Allocation Failure) [PSYoungGen: 97277K->1584K(97280K)] 369280K->273602K(747008K), 0.0017008 secs] [Times: user=0.00 sys=0.00, real=0.00 secs] 
211.794: [GC (Allocation Failure) [PSYoungGen: 96816K->400K(95232K)] 368834K->273442K(744960K), 0.0018193 secs] [Times: user=0.01 sys=0.00, real=0.00 secs] 
212.441: [GC (Allocation Failure) [PSYoungGen: 95120K->368K(94720K)] 368162K->273410K(744448K), 0.0016531 secs] [Times: user=0.01 sys=0.00, real=0.00 secs] 
213.103: [GC (Allocation Failure) [PSYoungGen: 94409K->288K(94208K)] 367452K->273330K(743936K), 0.0018747 secs] [Times: user=0.01 sys=0.00, real=0.00 secs] 
213.674: [GC (Allocation Failure) [PSYoungGen: 93984K->1581K(95744K)] 367026K->274624K(745472K), 0.0016240 secs] [Times: user=0.00 sys=0.00, real=0.00 secs] 
214.232: [GC (Allocation Failure) [PSYoungGen: 94765K->1581K(94720K)] 367808K->274640K(744448K), 0.0015427 secs] [Times: user=0.01 sys=0.00, real=0.00 secs] 
214.804: [GC (Allocation Failure) [PSYoungGen: 94253K->1488K(93696K)] 367312K->274546K(743424K), 0.0020210 secs] [Times: user=0.01 sys=0.00, real=0.00 secs] 
215.207: [GC (Allocation Failure) [PSYoungGen: 93648K->1408K(93184K)] 366706K->274466K(742912K), 0.0017366 secs] [Times: user=0.00 sys=0.00, real=0.00 secs] 
215.910: [GC (Allocation Failure) [PSYoungGen: 93056K->1376K(92672K)] 366114K->274434K(742400K), 0.0020000 secs] [Times: user=0.00 sys=0.00, real=0.01 secs] 
216.614: [GC (Allocation Failure) [PSYoungGen: 92512K->1501K(92160K)] 365570K->274560K(741888K), 0.0015069 secs] [Times: user=0.01 sys=0.00, real=0.00 secs] 
217.162: [GC (Allocation Failure) [PSYoungGen: 92125K->1597K(92160K)] 365184K->274656K(741888K), 0.0016645 secs] [Times: user=0.01 sys=0.00, real=0.00 secs] 
217.701: [GC (Allocation Failure) [PSYoungGen: 91709K->1597K(91648K)] 364768K->274656K(741376K), 0.0016352 secs] [Times: user=0.00 sys=0.00, real=0.00 secs] 
218.494: [GC (Allocation Failure) [PSYoungGen: 91197K->1472K(90624K)] 364256K->274530K(740352K), 0.0019545 secs] [Times: user=0.01 sys=0.00, real=0.00 secs] 
219.032: [GC (Allocation Failure) [PSYoungGen: 90560K->1408K(90112K)] 363618K->274474K(739840K), 0.0023741 secs] [Times: user=0.01 sys=0.00, real=0.00 secs] 
219.458: [GC (Allocation Failure) [PSYoungGen: 89984K->1408K(89600K)] 363050K->274474K(739328K), 0.0021419 secs] [Times: user=0.01 sys=0.00, real=0.00 secs] 
220.042: [GC (Allocation Failure) [PSYoungGen: 89472K->1533K(89088K)] 362538K->274624K(738816K), 0.0018000 secs] [Times: user=0.01 sys=0.00, real=0.00 secs] 
220.570: [GC (Allocation Failure) [PSYoungGen: 89085K->1552K(89088K)] 362176K->274650K(738816K), 0.0018778 secs] [Times: user=0.00 sys=0.00, real=0.00 secs] 
221.089: [GC (Allocation Failure) [PSYoungGen: 88592K->589K(87552K)] 361690K->274712K(737280K), 0.0014792 secs] [Times: user=0.00 sys=0.00, real=0.01 secs] 
221.594: [GC (Allocation Failure) [PSYoungGen: 87117K->1504K(87552K)] 361240K->275626K(737280K), 0.0029597 secs] [Times: user=0.01 sys=0.00, real=0.00 secs] 
222.047: [GC (Allocation Failure) [PSYoungGen: 87520K->1440K(87040K)] 361642K->275562K(736768K), 0.0019634 secs] [Times: user=0.01 sys=0.00, real=0.00 secs] 
222.639: [GC (Allocation Failure) [PSYoungGen: 86944K->1408K(86528K)] 361066K->275530K(736256K), 0.0019892 secs] [Times: user=0.00 sys=0.00, real=0.01 secs] 
223.327: [GC (Allocation Failure) [PSYoungGen: 86400K->1472K(86016K)] 360522K->275602K(735744K), 0.0016622 secs] [Times: user=0.01 sys=0.00, real=0.00 secs] 
223.834: [GC (Allocation Failure) [PSYoungGen: 85952K->1584K(86016K)] 360082K->275714K(735744K), 0.0017335 secs] [Times: user=0.00 sys=0.00, real=0.00 secs] 
224.335: [GC (Allocation Failure) [PSYoungGen: 85552K->592K(84480K)] 359682K->275746K(734208K), 0.0016832 secs] [Times: user=0.01 sys=0.00, real=0.00 secs] 
225.035: [GC (Allocation Failure) [PSYoungGen: 84048K->1472K(85504K)] 359202K->276634K(735232K), 0.0040008 secs] [Times: user=0.01 sys=0.00, real=0.00 secs] 
225.728: [GC (Allocation Failure) [PSYoungGen: 84416K->1408K(83968K)] 359578K->276570K(733696K), 0.0030162 secs] [Times: user=0.01 sys=0.00, real=0.01 secs] 
226.305: [GC (Allocation Failure) [PSYoungGen: 83840K->1392K(83456K)] 359002K->276554K(733184K), 0.0021091 secs] [Times: user=0.00 sys=0.00, real=0.00 secs] 
226.684: [GC (Allocation Failure) [PSYoungGen: 83312K->1501K(82944K)] 358474K->276672K(732672K), 0.0013704 secs] [Times: user=0.00 sys=0.00, real=0.00 secs] 
227.176: [GC (Allocation Failure) [PSYoungGen: 82909K->1597K(82944K)] 358080K->276768K(732672K), 0.0015347 secs] [Times: user=0.00 sys=0.00, real=0.00 secs] 
227.662: [GC (Allocation Failure) [PSYoungGen: 82493K->557K(81408K)] 357664K->276752K(731136K), 0.0015176 secs] [Times: user=0.01 sys=0.00, real=0.00 secs] 
228.168: [GC (Allocation Failure) [PSYoungGen: 80941K->1744K(81920K)] 357136K->277938K(731648K), 0.0068957 secs] [Times: user=0.03 sys=0.00, real=0.01 secs] 
228.498: [GC (Allocation Failure) [PSYoungGen: 81616K->1424K(80896K)] 357810K->277618K(730624K), 0.0018818 secs] [Times: user=0.01 sys=0.00, real=0.00 secs] 
228.827: [GC (Allocation Failure) [PSYoungGen: 80784K->1376K(80384K)] 356978K->277594K(730112K), 0.0019955 secs] [Times: user=0.01 sys=0.00, real=0.00 secs] 
229.154: [GC (Allocation Failure) [PSYoungGen: 80224K->1376K(79872K)] 356442K->277602K(729600K), 0.0019028 secs] [Times: user=0.01 sys=0.00, real=0.00 secs] 
229.673: [GC (Allocation Failure) [PSYoungGen: 79712K->1469K(79360K)] 355938K->277696K(729088K), 0.0015970 secs] [Times: user=0.01 sys=0.00, real=0.00 secs] 
230.144: [GC (Allocation Failure) [PSYoungGen: 79293K->1520K(78848K)] 355520K->277778K(728576K), 0.0015127 secs] [Times: user=0.01 sys=0.00, real=0.00 secs] 
230.604: [GC (Allocation Failure) [PSYoungGen: 78832K->1517K(78336K)] 355090K->277776K(728064K), 0.0015932 secs] [Times: user=0.01 sys=0.00, real=0.00 secs] 
231.240: [GC (Allocation Failure) [PSYoungGen: 78317K->1440K(77824K)] 354576K->277698K(727552K), 0.0021432 secs] [Times: user=0.01 sys=0.00, real=0.00 secs] 
231.966: [GC (Allocation Failure) [PSYoungGen: 77728K->1376K(77312K)] 353986K->277634K(727040K), 0.0031383 secs] [Times: user=0.01 sys=0.00, real=0.00 secs] 
232.479: [GC (Allocation Failure) [PSYoungGen: 77152K->1408K(76800K)] 353410K->277674K(726528K), 0.0017740 secs] [Times: user=0.01 sys=0.00, real=0.01 secs] 
232.834: [GC (Allocation Failure) [PSYoungGen: 76672K->1376K(76288K)] 352938K->277642K(726016K), 0.0021355 secs] [Times: user=0.01 sys=0.00, real=0.00 secs] 
233.291: [GC (Allocation Failure) [PSYoungGen: 76128K->1517K(75776K)] 352394K->277784K(725504K), 0.0016989 secs] [Times: user=0.00 sys=0.00, real=0.00 secs] 
233.733: [GC (Allocation Failure) [PSYoungGen: 75757K->1581K(75776K)] 352024K->277856K(725504K), 0.0016200 secs] [Times: user=0.01 sys=0.00, real=0.00 secs] 
234.175: [GC (Allocation Failure) [PSYoungGen: 75309K->573K(74240K)] 351584K->277872K(723968K), 0.0016729 secs] [Times: user=0.01 sys=0.00, real=0.00 secs] 
234.586: [GC (Allocation Failure) [PSYoungGen: 73789K->1504K(74240K)] 351088K->278802K(723968K), 0.0018947 secs] [Times: user=0.01 sys=0.00, real=0.00 secs] 
234.889: [GC (Allocation Failure) [PSYoungGen: 74208K->1440K(73728K)] 351506K->278754K(723456K), 0.0016613 secs] [Times: user=0.01 sys=0.00, real=0.01 secs] 
235.188: [GC (Allocation Failure) [PSYoungGen: 73632K->1392K(73216K)] 350946K->278706K(722944K), 0.0015427 secs] [Times: user=0.01 sys=0.00, real=0.00 secs] 
235.485: [GC (Allocation Failure) [PSYoungGen: 73072K->1408K(72704K)] 350386K->278722K(722432K), 0.0014071 secs] [Times: user=0.00 sys=0.00, real=0.00 secs] 
235.964: [GC (Allocation Failure) [PSYoungGen: 72576K->1504K(72192K)] 349890K->278819K(721920K), 0.0014902 secs] [Times: user=0.00 sys=0.00, real=0.00 secs] 
236.386: [GC (Allocation Failure) [PSYoungGen: 72160K->1517K(71680K)] 349475K->278888K(721408K), 0.0017479 secs] [Times: user=0.01 sys=0.00, real=0.00 secs] 
236.881: [GC (Allocation Failure) [PSYoungGen: 71661K->1549K(71680K)] 349032K->278920K(721408K), 0.0015721 secs] [Times: user=0.00 sys=0.00, real=0.00 secs] 
237.357: [GC (Allocation Failure) [PSYoungGen: 71168K->528K(70144K)] 348539K->278923K(719872K), 0.0014391 secs] [Times: user=0.01 sys=0.00, real=0.00 secs] 
237.670: [GC (Allocation Failure) [PSYoungGen: 69648K->1408K(70144K)] 348043K->279826K(719872K), 0.0021649 secs] [Times: user=0.01 sys=0.00, real=0.01 secs] 
237.977: [GC (Allocation Failure) [PSYoungGen: 70016K->1360K(69632K)] 348434K->279778K(719360K), 0.0018733 secs] [Times: user=0.01 sys=0.00, real=0.00 secs] 
238.419: [GC (Allocation Failure) [PSYoungGen: 69456K->1376K(69120K)] 347874K->279794K(718848K), 0.0018570 secs] [Times: user=0.01 sys=0.00, real=0.01 secs] 
238.866: [GC (Allocation Failure) [PSYoungGen: 68960K->1344K(68608K)] 347378K->279762K(718336K), 0.0016534 secs] [Times: user=0.01 sys=0.00, real=0.00 secs] 
239.296: [GC (Allocation Failure) [PSYoungGen: 68416K->1485K(68608K)] 346834K->279912K(718336K), 0.0017699 secs] [Times: user=0.00 sys=0.00, real=0.00 secs] 
239.699: [GC (Allocation Failure) [PSYoungGen: 68557K->1520K(68608K)] 346984K->279947K(718336K), 0.0014890 secs] [Times: user=0.00 sys=0.00, real=0.01 secs] 
240.103: [GC (Allocation Failure) [PSYoungGen: 68592K->1533K(68608K)] 347019K->279960K(718336K), 0.0017345 secs] [Times: user=0.00 sys=0.00, real=0.00 secs] 
240.582: [GC (Allocation Failure) [PSYoungGen: 68605K->1504K(68608K)] 347032K->280962K(718336K), 0.0018776 secs] [Times: user=0.01 sys=0.01, real=0.00 secs] 
241.175: [GC (Allocation Failure) [PSYoungGen: 68576K->384K(67584K)] 348034K->279842K(717312K), 0.0037834 secs] [Times: user=0.01 sys=0.00, real=0.00 secs] 
241.821: [GC (Allocation Failure) [PSYoungGen: 67456K->384K(67584K)] 346914K->279842K(717312K), 0.0037936 secs] [Times: user=0.01 sys=0.00, real=0.00 secs] 
242.368: [GC (Allocation Failure) [PSYoungGen: 67456K->368K(67584K)] 346914K->279826K(717312K), 0.0024019 secs] [Times: user=0.01 sys=0.00, real=0.01 secs] 
243.069: [GC (Allocation Failure) [PSYoungGen: 67440K->1456K(68608K)] 346898K->280915K(718336K), 0.0022488 secs] [Times: user=0.01 sys=0.00, real=0.01 secs] 
243.517: [GC (Allocation Failure) [PSYoungGen: 68528K->1533K(68608K)] 347987K->280992K(718336K), 0.0017255 secs] [Times: user=0.01 sys=0.00, real=0.00 secs] 
243.921: [GC (Allocation Failure) [PSYoungGen: 68605K->1485K(68608K)] 348064K->280944K(718336K), 0.0016577 secs] [Times: user=0.01 sys=0.00, real=0.00 secs] 
244.325: [GC (Allocation Failure) [PSYoungGen: 68557K->1517K(68608K)] 348016K->280976K(718336K), 0.0018513 secs] [Times: user=0.01 sys=0.00, real=0.00 secs] 
244.932: [GC (Allocation Failure) [PSYoungGen: 68589K->1472K(68608K)] 348048K->280938K(718336K), 0.0024626 secs] [Times: user=0.01 sys=0.01, real=0.00 secs] 
245.211: [GC (Allocation Failure) [PSYoungGen: 68544K->1376K(68608K)] 348010K->280842K(718336K), 0.0019371 secs] [Times: user=0.01 sys=0.00, real=0.00 secs] 
245.490: [GC (Allocation Failure) [PSYoungGen: 68448K->1376K(68608K)] 347914K->280842K(718336K), 0.0020724 secs] [Times: user=0.01 sys=0.00, real=0.01 secs] 
245.768: [GC (Allocation Failure) [PSYoungGen: 68448K->1408K(68608K)] 347914K->280874K(718336K), 0.0017234 secs] [Times: user=0.00 sys=0.00, real=0.01 secs] 
246.102: [GC (Allocation Failure) [PSYoungGen: 68480K->1533K(68608K)] 347946K->281008K(718336K), 0.0014901 secs] [Times: user=0.01 sys=0.00, real=0.00 secs] 
246.507: [GC (Allocation Failure) [PSYoungGen: 68605K->1549K(69120K)] 348080K->281024K(718848K), 0.0036388 secs] [Times: user=0.01 sys=0.00, real=0.01 secs] 
246.978: [GC (Allocation Failure) [PSYoungGen: 68621K->1581K(69120K)] 348096K->281056K(718848K), 0.0016104 secs] [Times: user=0.01 sys=0.00, real=0.00 secs] 
247.436: [GC (Allocation Failure) [PSYoungGen: 68653K->1549K(69120K)] 348128K->281040K(718848K), 0.0018008 secs] [Times: user=0.00 sys=0.00, real=0.00 secs] 
248.716: [GC (Allocation Failure) [PSYoungGen: 68621K->1424K(68608K)] 348112K->280938K(718336K), 0.0037703 secs] [Times: user=0.01 sys=0.01, real=0.00 secs] 
249.046: [GC (Allocation Failure) [PSYoungGen: 68496K->1344K(68608K)] 348010K->280858K(718336K), 0.0019971 secs] [Times: user=0.01 sys=0.00, real=0.00 secs] 
249.335: [GC (Allocation Failure) [PSYoungGen: 68416K->1376K(68608K)] 347930K->280898K(718336K), 0.0017476 secs] [Times: user=0.00 sys=0.00, real=0.00 secs] 
249.799: [GC (Allocation Failure) [PSYoungGen: 68448K->1344K(68608K)] 347970K->280874K(718336K), 0.0019088 secs] [Times: user=0.01 sys=0.00, real=0.01 secs] 
250.327: [GC (Allocation Failure) [PSYoungGen: 68416K->1469K(68608K)] 347946K->281008K(718336K), 0.0015434 secs] [Times: user=0.00 sys=0.00, real=0.00 secs] 
250.735: [GC (Allocation Failure) [PSYoungGen: 68541K->1520K(68608K)] 348080K->281059K(718336K), 0.0016103 secs] [Times: user=0.00 sys=0.00, real=0.00 secs] 
251.137: [GC (Allocation Failure) [PSYoungGen: 68592K->1517K(68608K)] 348131K->281080K(718336K), 0.0015637 secs] [Times: user=0.01 sys=0.00, real=0.00 secs] 
251.539: [GC (Allocation Failure) [PSYoungGen: 68589K->1520K(68608K)] 348152K->281091K(718336K), 0.0015027 secs] [Times: user=0.00 sys=0.00, real=0.01 secs] 
252.262: [GC (Allocation Failure) [PSYoungGen: 68592K->1360K(68608K)] 348163K->280930K(718336K), 0.0020199 secs] [Times: user=0.01 sys=0.00, real=0.00 secs] 
253.003: [GC (Allocation Failure) [PSYoungGen: 68432K->1408K(68608K)] 348002K->280978K(718336K), 0.0020158 secs] [Times: user=0.01 sys=0.00, real=0.00 secs] 
253.700: [GC (Allocation Failure) [PSYoungGen: 68480K->1408K(68608K)] 348050K->280978K(718336K), 0.0019124 secs] [Times: user=0.01 sys=0.00, real=0.00 secs] 
254.368: [GC (Allocation Failure) [PSYoungGen: 68480K->1376K(68608K)] 348050K->280946K(718336K), 0.0045954 secs] [Times: user=0.02 sys=0.00, real=0.01 secs] 
254.903: [GC (Allocation Failure) [PSYoungGen: 68448K->1453K(68608K)] 348018K->281024K(718336K), 0.0015572 secs] [Times: user=0.01 sys=0.00, real=0.00 secs] 
255.306: [GC (Allocation Failure) [PSYoungGen: 68525K->1517K(68608K)] 348096K->281088K(718336K), 0.0016413 secs] [Times: user=0.00 sys=0.00, real=0.00 secs] 
255.719: [GC (Allocation Failure) [PSYoungGen: 68589K->1520K(68608K)] 348160K->281091K(718336K), 0.0014072 secs] [Times: user=0.01 sys=0.01, real=0.01 secs] 
256.122: [GC (Allocation Failure) [PSYoungGen: 68592K->1485K(68608K)] 348163K->281072K(718336K), 0.0016877 secs] [Times: user=0.00 sys=0.00, real=0.00 secs] 
257.329: [GC (Allocation Failure) [PSYoungGen: 68557K->1408K(68608K)] 348144K->280994K(718336K), 0.0029420 secs] [Times: user=0.01 sys=0.01, real=0.01 secs] 
257.892: [GC (Allocation Failure) [PSYoungGen: 68480K->1376K(68608K)] 348066K->280962K(718336K), 0.0025525 secs] [Times: user=0.01 sys=0.00, real=0.00 secs] 
258.433: [GC (Allocation Failure) [PSYoungGen: 68448K->1376K(68608K)] 348034K->280962K(718336K), 0.0024784 secs] [Times: user=0.01 sys=0.00, real=0.00 secs] 
259.157: [GC (Allocation Failure) [PSYoungGen: 68448K->1376K(68608K)] 348034K->280962K(718336K), 0.0026208 secs] [Times: user=0.01 sys=0.00, real=0.00 secs] 
259.820: [GC (Allocation Failure) [PSYoungGen: 68448K->1504K(68608K)] 348034K->281115K(718336K), 0.0015103 secs] [Times: user=0.01 sys=0.00, real=0.00 secs] 
260.278: [GC (Allocation Failure) [PSYoungGen: 68576K->1517K(68608K)] 348187K->281152K(718336K), 0.0015981 secs] [Times: user=0.01 sys=0.00, real=0.00 secs] 
260.684: [GC (Allocation Failure) [PSYoungGen: 68589K->1517K(68608K)] 348224K->281176K(718336K), 0.0015672 secs] [Times: user=0.01 sys=0.00, real=0.00 secs] 
261.075: [GC (Allocation Failure) [PSYoungGen: 68589K->1504K(68608K)] 348248K->281162K(718336K), 0.0018601 secs] [Times: user=0.01 sys=0.00, real=0.00 secs] 
261.440: [GC (Allocation Failure) [PSYoungGen: 68576K->1344K(68608K)] 348234K->281010K(718336K), 0.0021462 secs] [Times: user=0.01 sys=0.00, real=0.00 secs] 
261.746: [GC (Allocation Failure) [PSYoungGen: 68416K->1376K(68608K)] 348082K->281042K(718336K), 0.0018652 secs] [Times: user=0.01 sys=0.00, real=0.00 secs] 
262.178: [GC (Allocation Failure) [PSYoungGen: 68448K->1376K(68608K)] 348114K->281042K(718336K), 0.0022432 secs] [Times: user=0.01 sys=0.00, real=0.01 secs] 
262.666: [GC (Allocation Failure) [PSYoungGen: 68448K->1360K(68608K)] 348114K->281026K(718336K), 0.0024461 secs] [Times: user=0.01 sys=0.00, real=0.00 secs] 
263.264: [GC (Allocation Failure) [PSYoungGen: 68432K->1520K(68608K)] 348098K->281187K(718336K), 0.0016843 secs] [Times: user=0.00 sys=0.00, real=0.00 secs] 
263.666: [GC (Allocation Failure) [PSYoungGen: 68592K->1565K(69120K)] 348259K->281232K(718848K), 0.0015874 secs] [Times: user=0.01 sys=0.00, real=0.00 secs] 
264.068: [GC (Allocation Failure) [PSYoungGen: 68637K->544K(68096K)] 348304K->281235K(717824K), 0.0017234 secs] [Times: user=0.00 sys=0.00, real=0.01 secs] 
264.494: [GC (Allocation Failure) [PSYoungGen: 67616K->1536K(69120K)] 348307K->283251K(718848K), 0.0021063 secs] [Times: user=0.01 sys=0.00, real=0.00 secs] 
265.064: [GC (Allocation Failure) [PSYoungGen: 68608K->384K(67584K)] 350323K->282098K(717312K), 0.0021378 secs] [Times: user=0.01 sys=0.00, real=0.00 secs] 
265.736: [GC (Allocation Failure) [PSYoungGen: 67456K->352K(69120K)] 349170K->282066K(718848K), 0.0032313 secs] [Times: user=0.01 sys=0.00, real=0.00 secs] 
266.509: [GC (Allocation Failure) [PSYoungGen: 67424K->352K(67584K)] 349138K->282066K(717312K), 0.0041624 secs] [Times: user=0.02 sys=0.00, real=0.01 secs] 
267.281: [GC (Allocation Failure) [PSYoungGen: 67424K->320K(69632K)] 349138K->282034K(719360K), 0.0039087 secs] [Times: user=0.02 sys=0.00, real=0.00 secs] 
267.837: [GC (Allocation Failure) [PSYoungGen: 67392K->1533K(68608K)] 349106K->283248K(718336K), 0.0017162 secs] [Times: user=0.00 sys=0.00, real=0.00 secs] 
268.239: [GC (Allocation Failure) [PSYoungGen: 68605K->1517K(68608K)] 350320K->283232K(718336K), 0.0014863 secs] [Times: user=0.01 sys=0.00, real=0.01 secs] 
268.641: [GC (Allocation Failure) [PSYoungGen: 68589K->1488K(68608K)] 350304K->283227K(718336K), 0.0015289 secs] [Times: user=0.00 sys=0.00, real=0.00 secs] 
269.013: [GC (Allocation Failure) [PSYoungGen: 68560K->1424K(68608K)] 350299K->283171K(718336K), 0.0016024 secs] [Times: user=0.01 sys=0.00, real=0.00 secs] 
269.517: [GC (Allocation Failure) [PSYoungGen: 68496K->1376K(68608K)] 350243K->283123K(718336K), 0.0017884 secs] [Times: user=0.01 sys=0.00, real=0.00 secs] 
270.210: [GC (Allocation Failure) [PSYoungGen: 68448K->1344K(68608K)] 350195K->283091K(718336K), 0.0018947 secs] [Times: user=0.00 sys=0.00, real=0.00 secs] 
271.043: [GC (Allocation Failure) [PSYoungGen: 68416K->1440K(68608K)] 350163K->283187K(718336K), 0.0022229 secs] [Times: user=0.01 sys=0.00, real=0.00 secs] 
271.884: [GC (Allocation Failure) [PSYoungGen: 68512K->1456K(68608K)] 350259K->283203K(718336K), 0.0017611 secs] [Times: user=0.01 sys=0.00, real=0.00 secs] 
272.301: [GC (Allocation Failure) [PSYoungGen: 68528K->1536K(69120K)] 350275K->283283K(718848K), 0.0014775 secs] [Times: user=0.00 sys=0.00, real=0.00 secs] 
272.702: [GC (Allocation Failure) [PSYoungGen: 68608K->1549K(69120K)] 350355K->283296K(718848K), 0.0016927 secs] [Times: user=0.01 sys=0.00, real=0.00 secs] 
273.104: [GC (Allocation Failure) [PSYoungGen: 68621K->1533K(68608K)] 350368K->283288K(718336K), 0.0015254 secs] [Times: user=0.00 sys=0.00, real=0.00 secs] 
273.651: [GC (Allocation Failure) [PSYoungGen: 68605K->1424K(68608K)] 350360K->283179K(718336K), 0.0022912 secs] [Times: user=0.01 sys=0.00, real=0.00 secs] 
274.293: [GC (Allocation Failure) [PSYoungGen: 68496K->1360K(68608K)] 350251K->283115K(718336K), 0.0041049 secs] [Times: user=0.02 sys=0.00, real=0.00 secs] 
274.904: [GC (Allocation Failure) [PSYoungGen: 68432K->1376K(68608K)] 350187K->283131K(718336K), 0.0026788 secs] [Times: user=0.01 sys=0.00, real=0.00 secs] 
275.467: [GC (Allocation Failure) [PSYoungGen: 68448K->1376K(68608K)] 350203K->283131K(718336K), 0.0027834 secs] [Times: user=0.01 sys=0.00, real=0.01 secs] 
276.146: [GC (Allocation Failure) [PSYoungGen: 68448K->1472K(68608K)] 350203K->283227K(718336K), 0.0018794 secs] [Times: user=0.01 sys=0.00, real=0.00 secs] 
276.553: [GC (Allocation Failure) [PSYoungGen: 68544K->1517K(68608K)] 350299K->283272K(718336K), 0.0014538 secs] [Times: user=0.01 sys=0.00, real=0.00 secs] 
277.011: [GC (Allocation Failure) [PSYoungGen: 68589K->1517K(68608K)] 350344K->283272K(718336K), 0.0017583 secs] [Times: user=0.00 sys=0.00, real=0.00 secs] 
277.413: [GC (Allocation Failure) [PSYoungGen: 68589K->1517K(68608K)] 350344K->283304K(718336K), 0.0016111 secs] [Times: user=0.01 sys=0.00, real=0.00 secs] 
278.552: [GC (Allocation Failure) [PSYoungGen: 68589K->1440K(68608K)] 350376K->283235K(718336K), 0.0027255 secs] [Times: user=0.01 sys=0.00, real=0.00 secs] 
279.027: [GC (Allocation Failure) [PSYoungGen: 68512K->1440K(68608K)] 350307K->283235K(718336K), 0.0022703 secs] [Times: user=0.01 sys=0.00, real=0.00 secs] 
279.557: [GC (Allocation Failure) [PSYoungGen: 68512K->1360K(68608K)] 350307K->283179K(718336K), 0.0022687 secs] [Times: user=0.01 sys=0.00, real=0.00 secs] 
280.133: [GC (Allocation Failure) [PSYoungGen: 68432K->1376K(68608K)] 350251K->283195K(718336K), 0.0019667 secs] [Times: user=0.01 sys=0.00, real=0.00 secs] 
280.782: [GC (Allocation Failure) [PSYoungGen: 68448K->1552K(69120K)] 350267K->283371K(718848K), 0.0014888 secs] [Times: user=0.01 sys=0.00, real=0.00 secs] 
281.182: [GC (Allocation Failure) [PSYoungGen: 68624K->541K(68096K)] 350443K->283384K(717824K), 0.0018112 secs] [Times: user=0.01 sys=0.00, real=0.00 secs] 
281.585: [GC (Allocation Failure) [PSYoungGen: 67613K->589K(68096K)] 350456K->283432K(717824K), 0.0015367 secs] [Times: user=0.01 sys=0.00, real=0.00 secs] 
281.987: [GC (Allocation Failure) [PSYoungGen: 67661K->525K(68096K)] 350504K->283384K(717824K), 0.0017824 secs] [Times: user=0.00 sys=0.00, real=0.00 secs] 
282.330: [GC (Allocation Failure) [PSYoungGen: 67597K->1392K(68608K)] 350456K->284251K(718336K), 0.0026032 secs] [Times: user=0.01 sys=0.00, real=0.00 secs] 
282.847: [GC (Allocation Failure) [PSYoungGen: 68464K->1408K(68608K)] 351323K->284267K(718336K), 0.0020630 secs] [Times: user=0.01 sys=0.00, real=0.00 secs] 
283.420: [GC (Allocation Failure) [PSYoungGen: 68480K->1408K(68608K)] 351339K->284267K(718336K), 0.0021581 secs] [Times: user=0.00 sys=0.00, real=0.00 secs] 
284.081: [GC (Allocation Failure) [PSYoungGen: 68480K->1376K(68608K)] 351339K->284235K(718336K), 0.0021139 secs] [Times: user=0.01 sys=0.00, real=0.00 secs] 
284.730: [GC (Allocation Failure) [PSYoungGen: 68448K->1533K(68608K)] 351307K->284392K(718336K), 0.0016489 secs] [Times: user=0.00 sys=0.00, real=0.01 secs] 
285.131: [GC (Allocation Failure) [PSYoungGen: 68600K->1520K(68608K)] 351459K->284435K(718336K), 0.0016117 secs] [Times: user=0.01 sys=0.00, real=0.00 secs] 
285.537: [GC (Allocation Failure) [PSYoungGen: 68592K->1552K(69120K)] 351507K->284491K(718848K), 0.0016087 secs] [Times: user=0.00 sys=0.00, real=0.00 secs] 
285.940: [GC (Allocation Failure) [PSYoungGen: 68624K->512K(68096K)] 351563K->284475K(717824K), 0.0015450 secs] [Times: user=0.01 sys=0.00, real=0.00 secs] 
286.535: [GC (Allocation Failure) [PSYoungGen: 67584K->1440K(68608K)] 351547K->285411K(718336K), 0.0029290 secs] [Times: user=0.01 sys=0.00, real=0.00 secs] 
287.111: [GC (Allocation Failure) [PSYoungGen: 68512K->1408K(68608K)] 352483K->285379K(718336K), 0.0027807 secs] [Times: user=0.01 sys=0.00, real=0.00 secs] 
287.738: [GC (Allocation Failure) [PSYoungGen: 68480K->1376K(68608K)] 352451K->285347K(718336K), 0.0025736 secs] [Times: user=0.01 sys=0.00, real=0.01 secs] 
288.299: [GC (Allocation Failure) [PSYoungGen: 68448K->1424K(68608K)] 352419K->285395K(718336K), 0.0025688 secs] [Times: user=0.01 sys=0.00, real=0.01 secs] 
288.787: [GC (Allocation Failure) [PSYoungGen: 68496K->1552K(69120K)] 352467K->285547K(718848K), 0.0016632 secs] [Times: user=0.00 sys=0.00, real=0.00 secs] 
289.188: [GC (Allocation Failure) [PSYoungGen: 68624K->573K(68096K)] 352619K->285592K(717824K), 0.0016932 secs] [Times: user=0.01 sys=0.00, real=0.00 secs] 
289.591: [GC (Allocation Failure) [PSYoungGen: 67645K->557K(68096K)] 352664K->285576K(717824K), 0.0015137 secs] [Times: user=0.01 sys=0.00, real=0.00 secs] 
289.978: [GC (Allocation Failure) [PSYoungGen: 67629K->2544K(69632K)] 352648K->287563K(719360K), 0.0017295 secs] [Times: user=0.01 sys=0.00, real=0.00 secs] 
290.289: [GC (Allocation Failure) [PSYoungGen: 69616K->1408K(68608K)] 354635K->286427K(718336K), 0.0018957 secs] [Times: user=0.01 sys=0.00, real=0.01 secs] 
290.632: [GC (Allocation Failure) [PSYoungGen: 68480K->1376K(68608K)] 353499K->286395K(718336K), 0.0020239 secs] [Times: user=0.01 sys=0.00, real=0.00 secs] 
290.911: [GC (Allocation Failure) [PSYoungGen: 68448K->1440K(68608K)] 353467K->286459K(718336K), 0.0018611 secs] [Times: user=0.01 sys=0.00, real=0.00 secs] 
291.189: [GC (Allocation Failure) [PSYoungGen: 68512K->1408K(68608K)] 353531K->286427K(718336K), 0.0023981 secs] [Times: user=0.01 sys=0.00, real=0.01 secs] 
291.717: [GC (Allocation Failure) [PSYoungGen: 68480K->1549K(69120K)] 353499K->286568K(718848K), 0.0015633 secs] [Times: user=0.00 sys=0.00, real=0.00 secs] 
292.119: [GC (Allocation Failure) [PSYoungGen: 68621K->1517K(68608K)] 353640K->286536K(718336K), 0.0017311 secs] [Times: user=0.01 sys=0.00, real=0.01 secs] 
292.576: [GC (Allocation Failure) [PSYoungGen: 68589K->1584K(69120K)] 353608K->286603K(718848K), 0.0017530 secs] [Times: user=0.00 sys=0.00, real=0.00 secs] 
292.954: [GC (Allocation Failure) [PSYoungGen: 68656K->1472K(68608K)] 353675K->286499K(718336K), 0.0019599 secs] [Times: user=0.00 sys=0.00, real=0.00 secs] 
293.234: [GC (Allocation Failure) [PSYoungGen: 68544K->1408K(68608K)] 353571K->286435K(718336K), 0.0019012 secs] [Times: user=0.01 sys=0.00, real=0.00 secs] 
293.624: [GC (Allocation Failure) [PSYoungGen: 68480K->1376K(68608K)] 353507K->286403K(718336K), 0.0018870 secs] [Times: user=0.01 sys=0.00, real=0.00 secs] 
294.216: [GC (Allocation Failure) [PSYoungGen: 68448K->1376K(68608K)] 353475K->286403K(718336K), 0.0023132 secs] [Times: user=0.01 sys=0.00, real=0.00 secs] 
294.877: [GC (Allocation Failure) [PSYoungGen: 68448K->1405K(68608K)] 353475K->286440K(718336K), 0.0020990 secs] [Times: user=0.01 sys=0.00, real=0.00 secs] 
295.312: [GC (Allocation Failure) [PSYoungGen: 68477K->1517K(68608K)] 353512K->286552K(718336K), 0.0017783 secs] [Times: user=0.01 sys=0.00, real=0.00 secs] 
295.719: [GC (Allocation Failure) [PSYoungGen: 68589K->1485K(68608K)] 353624K->286520K(718336K), 0.0015788 secs] [Times: user=0.01 sys=0.00, real=0.01 secs] 
296.122: [GC (Allocation Failure) [PSYoungGen: 68557K->1485K(68608K)] 353592K->286528K(718336K), 0.0015489 secs] [Times: user=0.00 sys=0.00, real=0.00 secs] 
296.526: [GC (Allocation Failure) [PSYoungGen: 68557K->1472K(68608K)] 353600K->286523K(718336K), 0.0027329 secs] [Times: user=0.01 sys=0.00, real=0.00 secs] 
296.806: [GC (Allocation Failure) [PSYoungGen: 68544K->1376K(68608K)] 353595K->286427K(718336K), 0.0016974 secs] [Times: user=0.00 sys=0.00, real=0.00 secs] 
297.193: [GC (Allocation Failure) [PSYoungGen: 68448K->1360K(68608K)] 353499K->286427K(718336K), 0.0018376 secs] [Times: user=0.01 sys=0.00, real=0.00 secs] 
297.856: [GC (Allocation Failure) [PSYoungGen: 68432K->1376K(68608K)] 353499K->286443K(718336K), 0.0017517 secs] [Times: user=0.00 sys=0.00, real=0.00 secs] 
298.694: [GC (Allocation Failure) [PSYoungGen: 68437K->1504K(68608K)] 353504K->286571K(718336K), 0.0014818 secs] [Times: user=0.00 sys=0.00, real=0.00 secs] 
299.095: [GC (Allocation Failure) [PSYoungGen: 68576K->1520K(68608K)] 353643K->286587K(718336K), 0.0016540 secs] [Times: user=0.00 sys=0.00, real=0.00 secs] 
299.500: [GC (Allocation Failure) [PSYoungGen: 68592K->1520K(68608K)] 353659K->286643K(718336K), 0.0016145 secs] [Times: user=0.01 sys=0.00, real=0.00 secs] 
299.903: [GC (Allocation Failure) [PSYoungGen: 68592K->1552K(69120K)] 353715K->286683K(718848K), 0.0016404 secs] [Times: user=0.01 sys=0.00, real=0.00 secs] 
300.225: [GC (Allocation Failure) [PSYoungGen: 68624K->400K(67584K)] 353755K->286563K(717312K), 0.0016652 secs] [Times: user=0.00 sys=0.00, real=0.00 secs] 
300.503: [GC (Allocation Failure) [PSYoungGen: 67472K->288K(69120K)] 353635K->286451K(718848K), 0.0014610 secs] [Times: user=0.00 sys=0.00, real=0.00 secs] 
300.813: [GC (Allocation Failure) [PSYoungGen: 67360K->352K(67584K)] 353523K->286515K(717312K), 0.0031091 secs] [Times: user=0.01 sys=0.00, real=0.00 secs] 
301.257: [GC (Allocation Failure) [PSYoungGen: 67424K->288K(69632K)] 353587K->286459K(719360K), 0.0023857 secs] [Times: user=0.01 sys=0.00, real=0.00 secs] 
301.776: [GC (Allocation Failure) [PSYoungGen: 67360K->1437K(68608K)] 353531K->287608K(718336K), 0.0017065 secs] [Times: user=0.01 sys=0.00, real=0.00 secs] 
302.232: [GC (Allocation Failure) [PSYoungGen: 68509K->1552K(69120K)] 354680K->287723K(718848K), 0.0017301 secs] [Times: user=0.00 sys=0.00, real=0.00 secs] 
302.637: [GC (Allocation Failure) [PSYoungGen: 68624K->1549K(69120K)] 354795K->287720K(718848K), 0.0019122 secs] [Times: user=0.01 sys=0.00, real=0.00 secs] 
303.044: [GC (Allocation Failure) [PSYoungGen: 68621K->1533K(68608K)] 354792K->287712K(718336K), 0.0018704 secs] [Times: user=0.01 sys=0.00, real=0.00 secs] 
303.566: [GC (Allocation Failure) [PSYoungGen: 68605K->1440K(68608K)] 354784K->287619K(718336K), 0.0022561 secs] [Times: user=0.01 sys=0.00, real=0.00 secs] 
303.877: [GC (Allocation Failure) [PSYoungGen: 68512K->1376K(68608K)] 354691K->287555K(718336K), 0.0019991 secs] [Times: user=0.01 sys=0.00, real=0.00 secs] 
304.274: [GC (Allocation Failure) [PSYoungGen: 68448K->1376K(68608K)] 354627K->287555K(718336K), 0.0020394 secs] [Times: user=0.01 sys=0.00, real=0.00 secs] 
304.759: [GC (Allocation Failure) [PSYoungGen: 68448K->1360K(68608K)] 354627K->287539K(718336K), 0.0019313 secs] [Times: user=0.00 sys=0.00, real=0.01 secs] 
305.278: [GC (Allocation Failure) [PSYoungGen: 68432K->1485K(68608K)] 354611K->287664K(718336K), 0.0019817 secs] [Times: user=0.01 sys=0.00, real=0.00 secs] 
305.724: [GC (Allocation Failure) [PSYoungGen: 68557K->1520K(68608K)] 354736K->287699K(718336K), 0.0018853 secs] [Times: user=0.00 sys=0.00, real=0.00 secs] 
306.129: [GC (Allocation Failure) [PSYoungGen: 68592K->1584K(69120K)] 354771K->287763K(718848K), 0.0015621 secs] [Times: user=0.01 sys=0.00, real=0.01 secs] 
306.590: [GC (Allocation Failure) [PSYoungGen: 68656K->461K(67584K)] 354835K->286656K(717312K), 0.0015676 secs] [Times: user=0.00 sys=0.00, real=0.01 secs] 
306.957: [GC (Allocation Failure) [PSYoungGen: 67533K->1440K(68608K)] 353728K->287635K(718336K), 0.0023115 secs] [Times: user=0.01 sys=0.00, real=0.00 secs] 
307.334: [GC (Allocation Failure) [PSYoungGen: 68512K->1408K(68608K)] 354707K->287603K(718336K), 0.0021632 secs] [Times: user=0.00 sys=0.00, real=0.00 secs] 
307.623: [GC (Allocation Failure) [PSYoungGen: 68480K->1408K(68608K)] 354675K->287619K(718336K), 0.0020147 secs] [Times: user=0.00 sys=0.00, real=0.00 secs] 
307.957: [GC (Allocation Failure) [PSYoungGen: 68480K->1424K(68608K)] 354691K->287635K(718336K), 0.0018790 secs] [Times: user=0.01 sys=0.00, real=0.00 secs] 
308.449: [GC (Allocation Failure) [PSYoungGen: 68496K->1469K(68608K)] 354707K->287680K(718336K), 0.0016004 secs] [Times: user=0.01 sys=0.00, real=0.01 secs] 
308.918: [GC (Allocation Failure) [PSYoungGen: 68514K->1584K(69120K)] 354725K->287795K(718848K), 0.0019535 secs] [Times: user=0.01 sys=0.00, real=0.00 secs] 
309.319: [GC (Allocation Failure) [PSYoungGen: 68656K->541K(68096K)] 354867K->287776K(717824K), 0.0016936 secs] [Times: user=0.00 sys=0.00, real=0.01 secs] 
309.808: [GC (Allocation Failure) [PSYoungGen: 67613K->2544K(69632K)] 354848K->289795K(719360K), 0.0019526 secs] [Times: user=0.01 sys=0.00, real=0.00 secs] 
310.094: [GC (Allocation Failure) [PSYoungGen: 69616K->1408K(68608K)] 356867K->288659K(718336K), 0.0021249 secs] [Times: user=0.01 sys=0.00, real=0.00 secs] 
310.372: [GC (Allocation Failure) [PSYoungGen: 68480K->1376K(68608K)] 355731K->288627K(718336K), 0.0020286 secs] [Times: user=0.00 sys=0.00, real=0.00 secs] 
310.731: [GC (Allocation Failure) [PSYoungGen: 68448K->1376K(68608K)] 355699K->288627K(718336K), 0.0021205 secs] [Times: user=0.00 sys=0.00, real=0.00 secs] 
311.010: [GC (Allocation Failure) [PSYoungGen: 68448K->1344K(68608K)] 355699K->288595K(718336K), 0.0019734 secs] [Times: user=0.01 sys=0.00, real=0.01 secs] 
311.455: [GC (Allocation Failure) [PSYoungGen: 68416K->1552K(69120K)] 355667K->288803K(718848K), 0.0016486 secs] [Times: user=0.00 sys=0.00, real=0.00 secs] 
311.858: [GC (Allocation Failure) [PSYoungGen: 68624K->1485K(68608K)] 355875K->288736K(718336K), 0.0016608 secs] [Times: user=0.01 sys=0.00, real=0.00 secs] 
312.260: [GC (Allocation Failure) [PSYoungGen: 68557K->1488K(68608K)] 355808K->288739K(718336K), 0.0017451 secs] [Times: user=0.00 sys=0.00, real=0.00 secs] 
312.804: [GC (Allocation Failure) [PSYoungGen: 68560K->1440K(68608K)] 355811K->288699K(718336K), 0.0022427 secs] [Times: user=0.01 sys=0.00, real=0.00 secs] 
313.371: [GC (Allocation Failure) [PSYoungGen: 68512K->1408K(68608K)] 355771K->288667K(718336K), 0.0020874 secs] [Times: user=0.01 sys=0.00, real=0.00 secs] 
313.943: [GC (Allocation Failure) [PSYoungGen: 68480K->1408K(68608K)] 355739K->288667K(718336K), 0.0019708 secs] [Times: user=0.00 sys=0.00, real=0.00 secs] 
314.617: [GC (Allocation Failure) [PSYoungGen: 68480K->1440K(68608K)] 355739K->288699K(718336K), 0.0022815 secs] [Times: user=0.01 sys=0.00, real=0.00 secs] 
315.173: [GC (Allocation Failure) [PSYoungGen: 68512K->1424K(68608K)] 355771K->288683K(718336K), 0.0020265 secs] [Times: user=0.00 sys=0.00, real=0.00 secs] 
315.596: [GC (Allocation Failure) [PSYoungGen: 68496K->1517K(68608K)] 355755K->288800K(718336K), 0.0016335 secs] [Times: user=0.01 sys=0.00, real=0.00 secs] 
316.003: [GC (Allocation Failure) [PSYoungGen: 68589K->1520K(68608K)] 355872K->288819K(718336K), 0.0015655 secs] [Times: user=0.01 sys=0.00, real=0.00 secs] 
316.408: [GC (Allocation Failure) [PSYoungGen: 68592K->1485K(68608K)] 355891K->288784K(718336K), 0.0014484 secs] [Times: user=0.00 sys=0.00, real=0.00 secs] 
317.098: [GC (Allocation Failure) [PSYoungGen: 68557K->1504K(68608K)] 355856K->288803K(718336K), 0.0021854 secs] [Times: user=0.01 sys=0.00, real=0.00 secs] 
318.049: [GC (Allocation Failure) [PSYoungGen: 68576K->1408K(68608K)] 355875K->288707K(718336K), 0.0024364 secs] [Times: user=0.01 sys=0.00, real=0.01 secs] 
319.032: [GC (Allocation Failure) [PSYoungGen: 68480K->1360K(68608K)] 355779K->288659K(718336K), 0.0027820 secs] [Times: user=0.01 sys=0.00, real=0.00 secs] 
319.909: [GC (Allocation Failure) [PSYoungGen: 68432K->1408K(68608K)] 355731K->288723K(718336K), 0.0025662 secs] [Times: user=0.01 sys=0.00, real=0.01 secs] 
320.261: [GC (Allocation Failure) [PSYoungGen: 68480K->1488K(68608K)] 355795K->288803K(718336K), 0.0015635 secs] [Times: user=0.01 sys=0.00, real=0.00 secs] 
320.664: [GC (Allocation Failure) [PSYoungGen: 68560K->1533K(68608K)] 355875K->288848K(718336K), 0.0016055 secs] [Times: user=0.00 sys=0.00, real=0.00 secs] 
321.071: [GC (Allocation Failure) [PSYoungGen: 68605K->1517K(68608K)] 355920K->288832K(718336K), 0.0016188 secs] [Times: user=0.01 sys=0.00, real=0.00 secs] 
321.475: [GC (Allocation Failure) [PSYoungGen: 68589K->1520K(68608K)] 355904K->288875K(718336K), 0.0017935 secs] [Times: user=0.01 sys=0.00, real=0.00 secs] 
322.452: [GC (Allocation Failure) [PSYoungGen: 68592K->1408K(68608K)] 355947K->288763K(718336K), 0.0021978 secs] [Times: user=0.01 sys=0.00, real=0.00 secs] 
323.216: [GC (Allocation Failure) [PSYoungGen: 68480K->1408K(68608K)] 355835K->288763K(718336K), 0.0031713 secs] [Times: user=0.01 sys=0.00, real=0.00 secs] 
324.028: [GC (Allocation Failure) [PSYoungGen: 68480K->1408K(68608K)] 355835K->288763K(718336K), 0.0026500 secs] [Times: user=0.01 sys=0.01, real=0.01 secs] 
324.579: [GC (Allocation Failure) [PSYoungGen: 68480K->1376K(68608K)] 355835K->288731K(718336K), 0.0026313 secs] [Times: user=0.01 sys=0.00, real=0.01 secs] 
325.205: [GC (Allocation Failure) [PSYoungGen: 68448K->1437K(68608K)] 355803K->288792K(718336K), 0.0016672 secs] [Times: user=0.00 sys=0.00, real=0.00 secs] 
325.609: [GC (Allocation Failure) [PSYoungGen: 68509K->1533K(68608K)] 355864K->288888K(718336K), 0.0017918 secs] [Times: user=0.00 sys=0.00, real=0.01 secs] 
326.018: [GC (Allocation Failure) [PSYoungGen: 68605K->1517K(68608K)] 355960K->288872K(718336K), 0.0017514 secs] [Times: user=0.00 sys=0.00, real=0.00 secs] 
326.422: [GC (Allocation Failure) [PSYoungGen: 68589K->1517K(68608K)] 355944K->288880K(718336K), 0.0015758 secs] [Times: user=0.01 sys=0.00, real=0.00 secs] 
326.970: [GC (Allocation Failure) [PSYoungGen: 68589K->1424K(68608K)] 355952K->288787K(718336K), 0.0027352 secs] [Times: user=0.01 sys=0.00, real=0.01 secs] 
327.557: [GC (Allocation Failure) [PSYoungGen: 68496K->1408K(68608K)] 355859K->288779K(718336K), 0.0022358 secs] [Times: user=0.01 sys=0.00, real=0.00 secs] 
328.143: [GC (Allocation Failure) [PSYoungGen: 68480K->1408K(68608K)] 355851K->288779K(718336K), 0.0024143 secs] [Times: user=0.01 sys=0.00, real=0.00 secs] 
328.716: [GC (Allocation Failure) [PSYoungGen: 68480K->1408K(68608K)] 355851K->288787K(718336K), 0.0020910 secs] [Times: user=0.01 sys=0.00, real=0.00 secs] 
329.315: [GC (Allocation Failure) [PSYoungGen: 68480K->1469K(68608K)] 355859K->288848K(718336K), 0.0016353 secs] [Times: user=0.01 sys=0.00, real=0.00 secs] 
329.719: [GC (Allocation Failure) [PSYoungGen: 68541K->1501K(68608K)] 355920K->288896K(718336K), 0.0016539 secs] [Times: user=0.00 sys=0.00, real=0.01 secs] 
330.121: [GC (Allocation Failure) [PSYoungGen: 68573K->1520K(68608K)] 355968K->288915K(718336K), 0.0016526 secs] [Times: user=0.01 sys=0.00, real=0.00 secs] 
330.524: [GC (Allocation Failure) [PSYoungGen: 68592K->1501K(68608K)] 355987K->288904K(718336K), 0.0015462 secs] [Times: user=0.00 sys=0.00, real=0.00 secs] 
330.869: [GC (Allocation Failure) [PSYoungGen: 68573K->1424K(68608K)] 355976K->288827K(718336K), 0.0017688 secs] [Times: user=0.01 sys=0.00, real=0.01 secs] 
331.215: [GC (Allocation Failure) [PSYoungGen: 68496K->1376K(68608K)] 355899K->288779K(718336K), 0.0018522 secs] [Times: user=0.01 sys=0.00, real=0.00 secs] 
331.511: [GC (Allocation Failure) [PSYoungGen: 68448K->1424K(68608K)] 355851K->288827K(718336K), 0.0019505 secs] [Times: user=0.00 sys=0.00, real=0.00 secs] 
331.840: [GC (Allocation Failure) [PSYoungGen: 68496K->1344K(68608K)] 355899K->288747K(718336K), 0.0020128 secs] [Times: user=0.01 sys=0.00, real=0.00 secs] 
332.348: [GC (Allocation Failure) [PSYoungGen: 68416K->1485K(68608K)] 355819K->288888K(718336K), 0.0017400 secs] [Times: user=0.01 sys=0.00, real=0.01 secs] 
332.808: [GC (Allocation Failure) [PSYoungGen: 68557K->1517K(68608K)] 355960K->288920K(718336K), 0.0017875 secs] [Times: user=0.00 sys=0.00, real=0.01 secs] 
333.272: [GC (Allocation Failure) [PSYoungGen: 68589K->1485K(68608K)] 355992K->288888K(718336K), 0.0017369 secs] [Times: user=0.01 sys=0.00, real=0.00 secs] 
333.695: [GC (Allocation Failure) [PSYoungGen: 68358K->1520K(68608K)] 355761K->289435K(718336K), 0.0020672 secs] [Times: user=0.01 sys=0.00, real=0.00 secs] 
333.987: [GC (Allocation Failure) [PSYoungGen: 68592K->1408K(68608K)] 356507K->289323K(718336K), 0.0020132 secs] [Times: user=0.01 sys=0.00, real=0.00 secs] 
334.266: [GC (Allocation Failure) [PSYoungGen: 68480K->1376K(68608K)] 356395K->289291K(718336K), 0.0018737 secs] [Times: user=0.00 sys=0.00, real=0.00 secs] 
334.544: [GC (Allocation Failure) [PSYoungGen: 68448K->1408K(68608K)] 356363K->289323K(718336K), 0.0018602 secs] [Times: user=0.00 sys=0.00, real=0.00 secs] 
334.823: [GC (Allocation Failure) [PSYoungGen: 68480K->1376K(68608K)] 356395K->289291K(718336K), 0.0017836 secs] [Times: user=0.00 sys=0.00, real=0.00 secs] 
335.243: [GC (Allocation Failure) [PSYoungGen: 68448K->1501K(68608K)] 356363K->289416K(718336K), 0.0016833 secs] [Times: user=0.00 sys=0.00, real=0.00 secs] 
335.645: [GC (Allocation Failure) [PSYoungGen: 68573K->1533K(68608K)] 356488K->289472K(718336K), 0.0015391 secs] [Times: user=0.01 sys=0.00, real=0.00 secs] 
336.053: [GC (Allocation Failure) [PSYoungGen: 68605K->1549K(69120K)] 356544K->289528K(718848K), 0.0017375 secs] [Times: user=0.00 sys=0.00, real=0.00 secs] 
337.024: [GC (Allocation Failure) [PSYoungGen: 68621K->480K(67584K)] 356600K->289483K(717312K), 0.0042524 secs] [Times: user=0.01 sys=0.00, real=0.00 secs] 
337.904: [GC (Allocation Failure) [PSYoungGen: 67552K->320K(69120K)] 356555K->289323K(718848K), 0.0023075 secs] [Times: user=0.01 sys=0.00, real=0.00 secs] 
338.490: [GC (Allocation Failure) [PSYoungGen: 67392K->336K(67584K)] 356395K->289339K(717312K), 0.0025275 secs] [Times: user=0.00 sys=0.01, real=0.01 secs] 
339.218: [GC (Allocation Failure) [PSYoungGen: 67408K->336K(67584K)] 356411K->289339K(717312K), 0.0025278 secs] [Times: user=0.01 sys=0.00, real=0.01 secs] 
340.363: [GC (Allocation Failure) [PSYoungGen: 67408K->1424K(68608K)] 356411K->290427K(718336K), 0.0026530 secs] [Times: user=0.00 sys=0.00, real=0.00 secs] 
340.906: [GC (Allocation Failure) [PSYoungGen: 68496K->1549K(69120K)] 357499K->290552K(718848K), 0.0017490 secs] [Times: user=0.00 sys=0.01, real=0.00 secs] 
341.374: [GC (Allocation Failure) [PSYoungGen: 68621K->1565K(69120K)] 357624K->290568K(718848K), 0.0017645 secs] [Times: user=0.01 sys=0.00, real=0.00 secs] 
341.776: [GC (Allocation Failure) [PSYoungGen: 68637K->1517K(68608K)] 357640K->290536K(718336K), 0.0017595 secs] [Times: user=0.00 sys=0.00, real=0.00 secs] 
342.581: [GC (Allocation Failure) [PSYoungGen: 68589K->1456K(68608K)] 357608K->290475K(718336K), 0.0032038 secs] [Times: user=0.01 sys=0.00, real=0.00 secs] 
343.209: [GC (Allocation Failure) [PSYoungGen: 68528K->1392K(68608K)] 357547K->290411K(718336K), 0.0028206 secs] [Times: user=0.01 sys=0.00, real=0.01 secs] 
343.871: [GC (Allocation Failure) [PSYoungGen: 68464K->1408K(69632K)] 357483K->290427K(719360K), 0.0026134 secs] [Times: user=0.01 sys=0.00, real=0.00 secs] 
344.523: [GC (Allocation Failure) [PSYoungGen: 68480K->1408K(69632K)] 357499K->290427K(719360K), 0.0023827 secs] [Times: user=0.01 sys=0.00, real=0.00 secs] 
345.301: [GC (Allocation Failure) [PSYoungGen: 68480K->1504K(69632K)] 357499K->290531K(719360K), 0.0018051 secs] [Times: user=0.00 sys=0.00, real=0.00 secs] 
345.831: [GC (Allocation Failure) [PSYoungGen: 68576K->1517K(69632K)] 357603K->290544K(719360K), 0.0016251 secs] [Times: user=0.01 sys=0.00, real=0.00 secs] 
346.242: [GC (Allocation Failure) [PSYoungGen: 68589K->1549K(69632K)] 357616K->290576K(719360K), 0.0017412 secs] [Times: user=0.01 sys=0.00, real=0.00 secs] 
346.703: [GC (Allocation Failure) [PSYoungGen: 68621K->1552K(69632K)] 357648K->290611K(719360K), 0.0016113 secs] [Times: user=0.00 sys=0.00, real=0.00 secs] 
347.673: [GC (Allocation Failure) [PSYoungGen: 68624K->1392K(68608K)] 357683K->290451K(718336K), 0.0043411 secs] [Times: user=0.01 sys=0.01, real=0.00 secs] 
348.241: [GC (Allocation Failure) [PSYoungGen: 68464K->1408K(69120K)] 357523K->290467K(718848K), 0.0025381 secs] [Times: user=0.01 sys=0.00, real=0.00 secs] 
348.839: [GC (Allocation Failure) [PSYoungGen: 68480K->1408K(69120K)] 357539K->290467K(718848K), 0.0023747 secs] [Times: user=0.01 sys=0.00, real=0.01 secs] 
349.407: [GC (Allocation Failure) [PSYoungGen: 68480K->1392K(69120K)] 357539K->290451K(718848K), 0.0023114 secs] [Times: user=0.00 sys=0.00, real=0.00 secs] 
349.980: [GC (Allocation Failure) [PSYoungGen: 68435K->1504K(69120K)] 357495K->290587K(718848K), 0.0016093 secs] [Times: user=0.01 sys=0.00, real=0.01 secs] 
350.381: [GC (Allocation Failure) [PSYoungGen: 68576K->1584K(69120K)] 357659K->290667K(718848K), 0.0015912 secs] [Times: user=0.01 sys=0.00, real=0.00 secs] 
350.844: [GC (Allocation Failure) [PSYoungGen: 68656K->1552K(69120K)] 357739K->290635K(718848K), 0.0014483 secs] [Times: user=0.01 sys=0.00, real=0.00 secs] 
351.249: [GC (Allocation Failure) [PSYoungGen: 68624K->1485K(69120K)] 357707K->290584K(718848K), 0.0015853 secs] [Times: user=0.01 sys=0.00, real=0.00 secs] 
351.876: [GC (Allocation Failure) [PSYoungGen: 68557K->1408K(69120K)] 357656K->290515K(718848K), 0.0031045 secs] [Times: user=0.01 sys=0.00, real=0.00 secs] 
352.597: [GC (Allocation Failure) [PSYoungGen: 68480K->1408K(69120K)] 357587K->290515K(718848K), 0.0028857 secs] [Times: user=0.01 sys=0.00, real=0.00 secs] 
353.326: [GC (Allocation Failure) [PSYoungGen: 68480K->1408K(69120K)] 357587K->290515K(718848K), 0.0028887 secs] [Times: user=0.01 sys=0.00, real=0.00 secs] 
353.879: [GC (Allocation Failure) [PSYoungGen: 68480K->1376K(69120K)] 357587K->290483K(718848K), 0.0024082 secs] [Times: user=0.01 sys=0.00, real=0.01 secs] 
354.408: [GC (Allocation Failure) [PSYoungGen: 68448K->1469K(69120K)] 357555K->290576K(718848K), 0.0016681 secs] [Times: user=0.01 sys=0.00, real=0.00 secs] 
354.809: [GC (Allocation Failure) [PSYoungGen: 68541K->1520K(69120K)] 357648K->290627K(718848K), 0.0016760 secs] [Times: user=0.01 sys=0.00, real=0.01 secs] 
355.212: [GC (Allocation Failure) [PSYoungGen: 68592K->1488K(69120K)] 357699K->290595K(718848K), 0.0017769 secs] [Times: user=0.01 sys=0.00, real=0.00 secs] 
355.615: [GC (Allocation Failure) [PSYoungGen: 68560K->1552K(69120K)] 357667K->290667K(718848K), 0.0015665 secs] [Times: user=0.01 sys=0.01, real=0.00 secs] 
356.201: [GC (Allocation Failure) [PSYoungGen: 68624K->1424K(69120K)] 357739K->290539K(718848K), 0.0018860 secs] [Times: user=0.01 sys=0.01, real=0.00 secs] 
357.005: [GC (Allocation Failure) [PSYoungGen: 68496K->1344K(69120K)] 357611K->290459K(718848K), 0.0044207 secs] [Times: user=0.01 sys=0.00, real=0.00 secs] 
357.577: [GC (Allocation Failure) [PSYoungGen: 68416K->1360K(69120K)] 357531K->290475K(718848K), 0.0029088 secs] [Times: user=0.01 sys=0.00, real=0.00 secs] 
358.134: [GC (Allocation Failure) [PSYoungGen: 68432K->1344K(69120K)] 357547K->290459K(718848K), 0.0033394 secs] [Times: user=0.01 sys=0.00, real=0.00 secs] 
358.650: [GC (Allocation Failure) [PSYoungGen: 68416K->1520K(69120K)] 357531K->290643K(718848K), 0.0016175 secs] [Times: user=0.01 sys=0.00, real=0.00 secs] 
359.052: [GC (Allocation Failure) [PSYoungGen: 68592K->1485K(69120K)] 357715K->290632K(718848K), 0.0016423 secs] [Times: user=0.01 sys=0.00, real=0.00 secs] 
359.455: [GC (Allocation Failure) [PSYoungGen: 68557K->1517K(69120K)] 357704K->290664K(718848K), 0.0017097 secs] [Times: user=0.01 sys=0.00, real=0.00 secs] 
359.920: [GC (Allocation Failure) [PSYoungGen: 68589K->2032K(69120K)] 357736K->291707K(718848K), 0.0020043 secs] [Times: user=0.01 sys=0.00, real=0.00 secs] 
360.282: [GC (Allocation Failure) [PSYoungGen: 69104K->1344K(69120K)] 358779K->291019K(718848K), 0.0017274 secs] [Times: user=0.01 sys=0.00, real=0.00 secs] 
360.843: [GC (Allocation Failure) [PSYoungGen: 68416K->1376K(69120K)] 358091K->291051K(718848K), 0.0043467 secs] [Times: user=0.01 sys=0.00, real=0.00 secs] 
361.432: [GC (Allocation Failure) [PSYoungGen: 68448K->1376K(69120K)] 358123K->291051K(718848K), 0.0031262 secs] [Times: user=0.01 sys=0.00, real=0.00 secs] 
361.988: [GC (Allocation Failure) [PSYoungGen: 68448K->1376K(69120K)] 358123K->291059K(718848K), 0.0029356 secs] [Times: user=0.01 sys=0.00, real=0.01 secs] 
362.513: [GC (Allocation Failure) [PSYoungGen: 68448K->1520K(69120K)] 358131K->291203K(718848K), 0.0015867 secs] [Times: user=0.00 sys=0.00, real=0.00 secs] 
362.914: [GC (Allocation Failure) [PSYoungGen: 68592K->1517K(69120K)] 358275K->291200K(718848K), 0.0016416 secs] [Times: user=0.00 sys=0.00, real=0.00 secs] 
363.316: [GC (Allocation Failure) [PSYoungGen: 68589K->1517K(69120K)] 358272K->291200K(718848K), 0.0014861 secs] [Times: user=0.01 sys=0.00, real=0.00 secs] 
363.779: [GC (Allocation Failure) [PSYoungGen: 68589K->1472K(69120K)] 358272K->291155K(718848K), 0.0019003 secs] [Times: user=0.00 sys=0.00, real=0.01 secs] 
364.273: [GC (Allocation Failure) [PSYoungGen: 68544K->1408K(69120K)] 358227K->291091K(718848K), 0.0017558 secs] [Times: user=0.00 sys=0.00, real=0.00 secs] 
364.807: [GC (Allocation Failure) [PSYoungGen: 68480K->1408K(69120K)] 358163K->291091K(718848K), 0.0029560 secs] [Times: user=0.01 sys=0.00, real=0.00 secs] 
365.344: [GC (Allocation Failure) [PSYoungGen: 68480K->1344K(69120K)] 358163K->291027K(718848K), 0.0019949 secs] [Times: user=0.01 sys=0.00, real=0.00 secs] 
365.935: [GC (Allocation Failure) [PSYoungGen: 68416K->1456K(69120K)] 358099K->291147K(718848K), 0.0016230 secs] [Times: user=0.00 sys=0.00, real=0.00 secs] 
366.353: [GC (Allocation Failure) [PSYoungGen: 68528K->1581K(69120K)] 358219K->291272K(718848K), 0.0016503 secs] [Times: user=0.01 sys=0.00, real=0.00 secs] 
366.817: [GC (Allocation Failure) [PSYoungGen: 68653K->1517K(69120K)] 358344K->291208K(718848K), 0.0016233 secs] [Times: user=0.01 sys=0.00, real=0.00 secs] 
367.221: [GC (Allocation Failure) [PSYoungGen: 68589K->1552K(69120K)] 358280K->291251K(718848K), 0.0016301 secs] [Times: user=0.01 sys=0.00, real=0.00 secs] 
367.646: [GC (Allocation Failure) [PSYoungGen: 68624K->1472K(69120K)] 358323K->291171K(718848K), 0.0024433 secs] [Times: user=0.01 sys=0.00, real=0.00 secs] 
368.116: [GC (Allocation Failure) [PSYoungGen: 68544K->1360K(69120K)] 358243K->291083K(718848K), 0.0019857 secs] [Times: user=0.01 sys=0.00, real=0.00 secs] 
368.649: [GC (Allocation Failure) [PSYoungGen: 68432K->1408K(69120K)] 358155K->291131K(718848K), 0.0019960 secs] [Times: user=0.00 sys=0.00, real=0.01 secs] 
369.214: [GC (Allocation Failure) [PSYoungGen: 68480K->1376K(69120K)] 358203K->291107K(718848K), 0.0020837 secs] [Times: user=0.01 sys=0.00, real=0.00 secs] 
369.856: [GC (Allocation Failure) [PSYoungGen: 68448K->1501K(69120K)] 358179K->291232K(718848K), 0.0015344 secs] [Times: user=0.01 sys=0.00, real=0.00 secs] 
370.258: [GC (Allocation Failure) [PSYoungGen: 68573K->1581K(69120K)] 358304K->291312K(718848K), 0.0015703 secs] [Times: user=0.01 sys=0.00, real=0.00 secs] 
370.661: [GC (Allocation Failure) [PSYoungGen: 68653K->1517K(69120K)] 358384K->291248K(718848K), 0.0015648 secs] [Times: user=0.00 sys=0.00, real=0.00 secs] 
371.068: [GC (Allocation Failure) [PSYoungGen: 68589K->1533K(69120K)] 358320K->291280K(718848K), 0.0016914 secs] [Times: user=0.01 sys=0.00, real=0.01 secs] 
371.508: [GC (Allocation Failure) [PSYoungGen: 68605K->1456K(69120K)] 358352K->291203K(718848K), 0.0017898 secs] [Times: user=0.01 sys=0.00, real=0.00 secs] 
371.967: [GC (Allocation Failure) [PSYoungGen: 68528K->1376K(69120K)] 358275K->291123K(718848K), 0.0019369 secs] [Times: user=0.01 sys=0.00, real=0.00 secs] 
372.450: [GC (Allocation Failure) [PSYoungGen: 68448K->1440K(69120K)] 358195K->291187K(718848K), 0.0019340 secs] [Times: user=0.01 sys=0.00, real=0.01 secs] 
372.977: [GC (Allocation Failure) [PSYoungGen: 68512K->1408K(69120K)] 358259K->291171K(718848K), 0.0021393 secs] [Times: user=0.01 sys=0.00, real=0.00 secs] 
373.490: [GC (Allocation Failure) [PSYoungGen: 68480K->1472K(69120K)] 358243K->291235K(718848K), 0.0016246 secs] [Times: user=0.00 sys=0.00, real=0.00 secs] 
373.893: [GC (Allocation Failure) [PSYoungGen: 68544K->1565K(69120K)] 358307K->291328K(718848K), 0.0016048 secs] [Times: user=0.01 sys=0.00, real=0.00 secs] 
374.297: [GC (Allocation Failure) [PSYoungGen: 68637K->1597K(69120K)] 358400K->291360K(718848K), 0.0016514 secs] [Times: user=0.00 sys=0.00, real=0.00 secs] 
374.700: [GC (Allocation Failure) [PSYoungGen: 68669K->1549K(69120K)] 358432K->291320K(718848K), 0.0017207 secs] [Times: user=0.00 sys=0.00, real=0.00 secs] 
375.227: [GC (Allocation Failure) [PSYoungGen: 68621K->1456K(69120K)] 358392K->291227K(718848K), 0.0017257 secs] [Times: user=0.00 sys=0.00, real=0.00 secs] 
375.748: [GC (Allocation Failure) [PSYoungGen: 68528K->1344K(69120K)] 358299K->291115K(718848K), 0.0019842 secs] [Times: user=0.01 sys=0.00, real=0.00 secs] 
376.294: [GC (Allocation Failure) [PSYoungGen: 68416K->1440K(69120K)] 358187K->291211K(718848K), 0.0021982 secs] [Times: user=0.00 sys=0.00, real=0.00 secs] 
377.092: [GC (Allocation Failure) [PSYoungGen: 68512K->1408K(69120K)] 358283K->291179K(718848K), 0.0030508 secs] [Times: user=0.01 sys=0.00, real=0.00 secs] 
377.825: [GC (Allocation Failure) [PSYoungGen: 68480K->1504K(69120K)] 358251K->291275K(718848K), 0.0014032 secs] [Times: user=0.00 sys=0.00, real=0.00 secs] 
378.227: [GC (Allocation Failure) [PSYoungGen: 68576K->1485K(69120K)] 358347K->291256K(718848K), 0.0016220 secs] [Times: user=0.00 sys=0.00, real=0.00 secs] 
378.635: [GC (Allocation Failure) [PSYoungGen: 68557K->1549K(69120K)] 358328K->291344K(718848K), 0.0015412 secs] [Times: user=0.00 sys=0.00, real=0.00 secs] 
379.042: [GC (Allocation Failure) [PSYoungGen: 68621K->1552K(69120K)] 358416K->291355K(718848K), 0.0015317 secs] [Times: user=0.01 sys=0.00, real=0.00 secs] 
379.682: [GC (Allocation Failure) [PSYoungGen: 68624K->1408K(69120K)] 358427K->291211K(718848K), 0.0029210 secs] [Times: user=0.01 sys=0.00, real=0.00 secs] 
380.301: [GC (Allocation Failure) [PSYoungGen: 68480K->1344K(69120K)] 358283K->291147K(718848K), 0.0022405 secs] [Times: user=0.01 sys=0.00, real=0.00 secs] 
380.929: [GC (Allocation Failure) [PSYoungGen: 68416K->1408K(69120K)] 358219K->291211K(718848K), 0.0037546 secs] [Times: user=0.02 sys=0.00, real=0.01 secs] 
381.526: [GC (Allocation Failure) [PSYoungGen: 68480K->1408K(69120K)] 358283K->291211K(718848K), 0.0031491 secs] [Times: user=0.01 sys=0.00, real=0.00 secs] 
382.161: [GC (Allocation Failure) [PSYoungGen: 68480K->1520K(69120K)] 358283K->291323K(718848K), 0.0017462 secs] [Times: user=0.00 sys=0.00, real=0.00 secs] 
382.563: [GC (Allocation Failure) [PSYoungGen: 68592K->1485K(69120K)] 358395K->291288K(718848K), 0.0015623 secs] [Times: user=0.01 sys=0.00, real=0.00 secs] 
382.966: [GC (Allocation Failure) [PSYoungGen: 68557K->1549K(69120K)] 358360K->291352K(718848K), 0.0014519 secs] [Times: user=0.00 sys=0.00, real=0.00 secs] 
383.401: [GC (Allocation Failure) [PSYoungGen: 68621K->2016K(69120K)] 358424K->291819K(718848K), 0.0017361 secs] [Times: user=0.01 sys=0.00, real=0.00 secs] 
383.703: [GC (Allocation Failure) [PSYoungGen: 69088K->1408K(69120K)] 358891K->291211K(718848K), 0.0016685 secs] [Times: user=0.00 sys=0.00, real=0.00 secs] 
383.996: [GC (Allocation Failure) [PSYoungGen: 68480K->1376K(69120K)] 358283K->291179K(718848K), 0.0030499 secs] [Times: user=0.02 sys=0.00, real=0.00 secs] 
384.276: [GC (Allocation Failure) [PSYoungGen: 68448K->1376K(69120K)] 358251K->291179K(718848K), 0.0017255 secs] [Times: user=0.01 sys=0.00, real=0.00 secs] 
384.720: [GC (Allocation Failure) [PSYoungGen: 68448K->1376K(69120K)] 358251K->291179K(718848K), 0.0017975 secs] [Times: user=0.00 sys=0.00, real=0.00 secs] 
385.149: [GC (Allocation Failure) [PSYoungGen: 68448K->1549K(69120K)] 358251K->291352K(718848K), 0.0016563 secs] [Times: user=0.01 sys=0.00, real=0.01 secs] 
385.618: [GC (Allocation Failure) [PSYoungGen: 68621K->1533K(69120K)] 358424K->291336K(718848K), 0.0018181 secs] [Times: user=0.01 sys=0.00, real=0.00 secs] 
386.022: [GC (Allocation Failure) [PSYoungGen: 68605K->1552K(69120K)] 358408K->291355K(718848K), 0.0017608 secs] [Times: user=0.01 sys=0.00, real=0.00 secs] 
386.507: [GC (Allocation Failure) [PSYoungGen: 68624K->1456K(69120K)] 358427K->291267K(718848K), 0.0024661 secs] [Times: user=0.00 sys=0.00, real=0.00 secs] 
387.145: [GC (Allocation Failure) [PSYoungGen: 68528K->1408K(69120K)] 358339K->291219K(718848K), 0.0028599 secs] [Times: user=0.01 sys=0.00, real=0.00 secs] 
387.708: [GC (Allocation Failure) [PSYoungGen: 68480K->1376K(69120K)] 358291K->291211K(718848K), 0.0029628 secs] [Times: user=0.01 sys=0.00, real=0.01 secs] 
388.262: [GC (Allocation Failure) [PSYoungGen: 68448K->1344K(69120K)] 358283K->291179K(718848K), 0.0025537 secs] [Times: user=0.01 sys=0.01, real=0.00 secs] 
388.722: [GC (Allocation Failure) [PSYoungGen: 68416K->1392K(69120K)] 358251K->291227K(718848K), 0.0017975 secs] [Times: user=0.01 sys=0.00, real=0.00 secs] 
389.134: [GC (Allocation Failure) [PSYoungGen: 68464K->1520K(69120K)] 358299K->291355K(718848K), 0.0015493 secs] [Times: user=0.01 sys=0.00, real=0.00 secs] 
389.539: [GC (Allocation Failure) [PSYoungGen: 68592K->1549K(69120K)] 358427K->291384K(718848K), 0.0015560 secs] [Times: user=0.01 sys=0.00, real=0.01 secs] 
389.944: [GC (Allocation Failure) [PSYoungGen: 68621K->1565K(69120K)] 358456K->291424K(718848K), 0.0016097 secs] [Times: user=0.00 sys=0.00, real=0.00 secs] 
390.337: [GC (Allocation Failure) [PSYoungGen: 68637K->1440K(69120K)] 358496K->291299K(718848K), 0.0018580 secs] [Times: user=0.01 sys=0.00, real=0.00 secs] 
390.652: [GC (Allocation Failure) [PSYoungGen: 68512K->1376K(69120K)] 358371K->291235K(718848K), 0.0017072 secs] [Times: user=0.01 sys=0.00, real=0.00 secs] 
390.931: [GC (Allocation Failure) [PSYoungGen: 68448K->1312K(69120K)] 358307K->291171K(718848K), 0.0017875 secs] [Times: user=0.01 sys=0.00, real=0.00 secs] 
391.257: [GC (Allocation Failure) [PSYoungGen: 68384K->1376K(69120K)] 358243K->291235K(718848K), 0.0018466 secs] [Times: user=0.01 sys=0.00, real=0.00 secs] 
391.712: [GC (Allocation Failure) [PSYoungGen: 68448K->1456K(69120K)] 358307K->291315K(718848K), 0.0015854 secs] [Times: user=0.01 sys=0.00, real=0.00 secs] 
392.116: [GC (Allocation Failure) [PSYoungGen: 68528K->1552K(69120K)] 358387K->291411K(718848K), 0.0015951 secs] [Times: user=0.01 sys=0.00, real=0.00 secs] 
392.517: [GC (Allocation Failure) [PSYoungGen: 68624K->1552K(69120K)] 358483K->291411K(718848K), 0.0017104 secs] [Times: user=0.00 sys=0.00, real=0.00 secs] 
392.923: [GC (Allocation Failure) [PSYoungGen: 68624K->1517K(69120K)] 358483K->291392K(718848K), 0.0017438 secs] [Times: user=0.01 sys=0.01, real=0.00 secs] 
393.287: [GC (Allocation Failure) [PSYoungGen: 68589K->1424K(69120K)] 358464K->291299K(718848K), 0.0017498 secs] [Times: user=0.01 sys=0.00, real=0.00 secs] 
393.566: [GC (Allocation Failure) [PSYoungGen: 68496K->1344K(69120K)] 358371K->291219K(718848K), 0.0017671 secs] [Times: user=0.00 sys=0.00, real=0.00 secs] 
393.845: [GC (Allocation Failure) [PSYoungGen: 68416K->1376K(69120K)] 358291K->291251K(718848K), 0.0021679 secs] [Times: user=0.01 sys=0.00, real=0.00 secs] 
394.129: [GC (Allocation Failure) [PSYoungGen: 68448K->1376K(69120K)] 358323K->291251K(718848K), 0.0020130 secs] [Times: user=0.00 sys=0.00, real=0.01 secs] 
394.580: [GC (Allocation Failure) [PSYoungGen: 68448K->1469K(69120K)] 358323K->291344K(718848K), 0.0015185 secs] [Times: user=0.00 sys=0.00, real=0.01 secs] 
394.981: [GC (Allocation Failure) [PSYoungGen: 68541K->1533K(69120K)] 358416K->291408K(718848K), 0.0015752 secs] [Times: user=0.00 sys=0.00, real=0.00 secs] 
395.385: [GC (Allocation Failure) [PSYoungGen: 68605K->1533K(69120K)] 358480K->291408K(718848K), 0.0017537 secs] [Times: user=0.00 sys=0.00, real=0.00 secs] 
395.847: [GC (Allocation Failure) [PSYoungGen: 68605K->1520K(69120K)] 358480K->291419K(718848K), 0.0016191 secs] [Times: user=0.01 sys=0.00, real=0.00 secs] 
397.105: [GC (Allocation Failure) [PSYoungGen: 68592K->1408K(69120K)] 358491K->291307K(718848K), 0.0030287 secs] [Times: user=0.02 sys=0.00, real=0.00 secs] 
397.726: [GC (Allocation Failure) [PSYoungGen: 68480K->1376K(69120K)] 358379K->291291K(718848K), 0.0021735 secs] [Times: user=0.01 sys=0.00, real=0.00 secs] 
398.295: [GC (Allocation Failure) [PSYoungGen: 68448K->1344K(69120K)] 358363K->291259K(718848K), 0.0021347 secs] [Times: user=0.01 sys=0.00, real=0.00 secs] 
398.853: [GC (Allocation Failure) [PSYoungGen: 68416K->1376K(69120K)] 358331K->291291K(718848K), 0.0024226 secs] [Times: user=0.01 sys=0.00, real=0.00 secs] 
399.464: [GC (Allocation Failure) [PSYoungGen: 68448K->1517K(69120K)] 358363K->291432K(718848K), 0.0015474 secs] [Times: user=0.01 sys=0.00, real=0.00 secs] 
399.925: [GC (Allocation Failure) [PSYoungGen: 68589K->1520K(69120K)] 358504K->291435K(718848K), 0.0015666 secs] [Times: user=0.01 sys=0.00, real=0.00 secs] 
400.384: [GC (Allocation Failure) [PSYoungGen: 68592K->1517K(69120K)] 358507K->291432K(718848K), 0.0016043 secs] [Times: user=0.00 sys=0.00, real=0.00 secs] 
400.846: [GC (Allocation Failure) [PSYoungGen: 68589K->1549K(69120K)] 358504K->291480K(718848K), 0.0014293 secs] [Times: user=0.00 sys=0.00, real=0.00 secs] 
401.226: [GC (Allocation Failure) [PSYoungGen: 68621K->1376K(69120K)] 358552K->291315K(718848K), 0.0022284 secs] [Times: user=0.01 sys=0.00, real=0.00 secs] 
401.545: [GC (Allocation Failure) [PSYoungGen: 68448K->1344K(69120K)] 358387K->291283K(718848K), 0.0019352 secs] [Times: user=0.00 sys=0.00, real=0.00 secs] 
401.856: [GC (Allocation Failure) [PSYoungGen: 68416K->1376K(69120K)] 358355K->291315K(718848K), 0.0019701 secs] [Times: user=0.01 sys=0.00, real=0.00 secs] 
402.186: [GC (Allocation Failure) [PSYoungGen: 68448K->1408K(69120K)] 358387K->291347K(718848K), 0.0018823 secs] [Times: user=0.01 sys=0.00, real=0.00 secs] 
402.668: [GC (Allocation Failure) [PSYoungGen: 68480K->1488K(69120K)] 358419K->291427K(718848K), 0.0017312 secs] [Times: user=0.01 sys=0.00, real=0.00 secs] 
403.070: [GC (Allocation Failure) [PSYoungGen: 68543K->1549K(69120K)] 358482K->291488K(718848K), 0.0016169 secs] [Times: user=0.01 sys=0.00, real=0.01 secs] 
403.472: [GC (Allocation Failure) [PSYoungGen: 68621K->1517K(69120K)] 358560K->291456K(718848K), 0.0015688 secs] [Times: user=0.01 sys=0.00, real=0.00 secs] 
403.893: [GC (Allocation Failure) [PSYoungGen: 68589K->1968K(69120K)] 358528K->292435K(718848K), 0.0018121 secs] [Times: user=0.01 sys=0.00, real=0.00 secs] 
404.168: [GC (Allocation Failure) [PSYoungGen: 69040K->1376K(69120K)] 359507K->291843K(718848K), 0.0017262 secs] [Times: user=0.01 sys=0.00, real=0.00 secs] 
404.446: [GC (Allocation Failure) [PSYoungGen: 68448K->1344K(69120K)] 358915K->291811K(718848K), 0.0016618 secs] [Times: user=0.01 sys=0.00, real=0.00 secs] 
404.976: [GC (Allocation Failure) [PSYoungGen: 68416K->1376K(69120K)] 358883K->291843K(718848K), 0.0016737 secs] [Times: user=0.01 sys=0.00, real=0.00 secs] 
405.540: [GC (Allocation Failure) [PSYoungGen: 68448K->1408K(69120K)] 358915K->291875K(718848K), 0.0015985 secs] [Times: user=0.01 sys=0.00, real=0.01 secs] 
405.965: [GC (Allocation Failure) [PSYoungGen: 68480K->1549K(69120K)] 358947K->292016K(718848K), 0.0016095 secs] [Times: user=0.00 sys=0.00, real=0.00 secs] 
406.370: [GC (Allocation Failure) [PSYoungGen: 68621K->1485K(69120K)] 359088K->291952K(718848K), 0.0015300 secs] [Times: user=0.00 sys=0.00, real=0.01 secs] 
406.775: [GC (Allocation Failure) [PSYoungGen: 68557K->1552K(69120K)] 359024K->292051K(718848K), 0.0016193 secs] [Times: user=0.00 sys=0.00, real=0.00 secs] 
407.361: [GC (Allocation Failure) [PSYoungGen: 68624K->1520K(69120K)] 359123K->292043K(718848K), 0.0019836 secs] [Times: user=0.01 sys=0.00, real=0.00 secs] 
408.072: [GC (Allocation Failure) [PSYoungGen: 68592K->1360K(69120K)] 359115K->291883K(718848K), 0.0018361 secs] [Times: user=0.01 sys=0.00, real=0.00 secs] 
408.366: [GC (Allocation Failure) [PSYoungGen: 68432K->1376K(69120K)] 358955K->291899K(718848K), 0.0018374 secs] [Times: user=0.01 sys=0.00, real=0.00 secs] 
408.645: [GC (Allocation Failure) [PSYoungGen: 68448K->1392K(69120K)] 358971K->291915K(718848K), 0.0018498 secs] [Times: user=0.01 sys=0.00, real=0.00 secs] 
408.972: [GC (Allocation Failure) [PSYoungGen: 68464K->1437K(69120K)] 358987K->291960K(718848K), 0.0016353 secs] [Times: user=0.00 sys=0.00, real=0.00 secs] 
409.379: [GC (Allocation Failure) [PSYoungGen: 68509K->1517K(69120K)] 359032K->292040K(718848K), 0.0015298 secs] [Times: user=0.01 sys=0.00, real=0.00 secs] 
409.788: [GC (Allocation Failure) [PSYoungGen: 68589K->1517K(69120K)] 359112K->292040K(718848K), 0.0015388 secs] [Times: user=0.00 sys=0.00, real=0.00 secs] 
410.191: [GC (Allocation Failure) [PSYoungGen: 68589K->1552K(69120K)] 359112K->292099K(718848K), 0.0016836 secs] [Times: user=0.00 sys=0.00, real=0.00 secs] 
411.028: [GC (Allocation Failure) [PSYoungGen: 68624K->1472K(69120K)] 359171K->292027K(718848K), 0.0030475 secs] [Times: user=0.01 sys=0.01, real=0.01 secs] 
412.206: [GC (Allocation Failure) [PSYoungGen: 68544K->1392K(69120K)] 359099K->291947K(718848K), 0.0044283 secs] [Times: user=0.02 sys=0.00, real=0.01 secs] 
413.246: [GC (Allocation Failure) [PSYoungGen: 68464K->1376K(69120K)] 359019K->291931K(718848K), 0.0043996 secs] [Times: user=0.02 sys=0.01, real=0.00 secs] 
414.144: [GC (Allocation Failure) [PSYoungGen: 68448K->1376K(69120K)] 359003K->291931K(718848K), 0.0045372 secs] [Times: user=0.01 sys=0.00, real=0.00 secs] 
414.757: [GC (GCLocker Initiated GC) [PSYoungGen: 68448K->1437K(69120K)] 359003K->291992K(718848K), 0.0017826 secs] [Times: user=0.01 sys=0.00, real=0.00 secs] 
415.166: [GC (Allocation Failure) [PSYoungGen: 68509K->1469K(69120K)] 359289K->292249K(718848K), 0.0015199 secs] [Times: user=0.00 sys=0.00, real=0.00 secs] 
415.568: [GC (Allocation Failure) [PSYoungGen: 68541K->1517K(69120K)] 359321K->292297K(718848K), 0.0014408 secs] [Times: user=0.01 sys=0.00, real=0.00 secs] 
415.970: [GC (Allocation Failure) [PSYoungGen: 68589K->1549K(69120K)] 359369K->292345K(718848K), 0.0016986 secs] [Times: user=0.00 sys=0.00, real=0.00 secs] 
416.681: [GC (Allocation Failure) [PSYoungGen: 68621K->1456K(69120K)] 359417K->292252K(718848K), 0.0020393 secs] [Times: user=0.01 sys=0.00, real=0.00 secs] 
417.674: [GC (Allocation Failure) [PSYoungGen: 68528K->1472K(69120K)] 359324K->292268K(718848K), 0.0022564 secs] [Times: user=0.01 sys=0.00, real=0.00 secs] 
418.738: [GC (Allocation Failure) [PSYoungGen: 68544K->1504K(69120K)] 359340K->292300K(718848K), 0.0035711 secs] [Times: user=0.01 sys=0.00, real=0.01 secs] 
419.629: [GC (Allocation Failure) [PSYoungGen: 68576K->1408K(69120K)] 359372K->292204K(718848K), 0.0044263 secs] [Times: user=0.02 sys=0.00, real=0.01 secs] 
420.436: [GC (Allocation Failure) [PSYoungGen: 68480K->1517K(69120K)] 359276K->292314K(718848K), 0.0015320 secs] [Times: user=0.01 sys=0.00, real=0.00 secs] 
420.838: [GC (Allocation Failure) [PSYoungGen: 68589K->1613K(69120K)] 359386K->292410K(718848K), 0.0016153 secs] [Times: user=0.01 sys=0.00, real=0.00 secs] 
421.244: [GC (Allocation Failure) [PSYoungGen: 68685K->1581K(69120K)] 359482K->292378K(718848K), 0.0016126 secs] [Times: user=0.01 sys=0.00, real=0.00 secs] 
421.647: [GC (Allocation Failure) [PSYoungGen: 68653K->1613K(69120K)] 359450K->292426K(718848K), 0.0015935 secs] [Times: user=0.01 sys=0.00, real=0.00 secs] 
422.115: [GC (Allocation Failure) [PSYoungGen: 68685K->1472K(69120K)] 359498K->292292K(718848K), 0.0034623 secs] [Times: user=0.01 sys=0.01, real=0.00 secs] 
422.624: [GC (Allocation Failure) [PSYoungGen: 68544K->1440K(69120K)] 359364K->292260K(718848K), 0.0026569 secs] [Times: user=0.01 sys=0.00, real=0.00 secs] 
423.157: [GC (Allocation Failure) [PSYoungGen: 68512K->1472K(69120K)] 359332K->292292K(718848K), 0.0022586 secs] [Times: user=0.01 sys=0.00, real=0.00 secs] 
423.769: [GC (Allocation Failure) [PSYoungGen: 68544K->1440K(69120K)] 359364K->292308K(718848K), 0.0026750 secs] [Times: user=0.01 sys=0.00, real=0.01 secs] 
424.299: [GC (Allocation Failure) [PSYoungGen: 68512K->1533K(69120K)] 359380K->292450K(718848K), 0.0015102 secs] [Times: user=0.00 sys=0.00, real=0.01 secs] 
424.700: [GC (Allocation Failure) [PSYoungGen: 68605K->1597K(69120K)] 359522K->292514K(718848K), 0.0014931 secs] [Times: user=0.00 sys=0.00, real=0.01 secs] 
425.102: [GC (Allocation Failure) [PSYoungGen: 68669K->1629K(69120K)] 359586K->292546K(718848K), 0.0016622 secs] [Times: user=0.01 sys=0.00, real=0.00 secs] 
425.505: [GC (Allocation Failure) [PSYoungGen: 68701K->1533K(69120K)] 359618K->292473K(718848K), 0.0016431 secs] [Times: user=0.01 sys=0.00, real=0.00 secs] 
426.087: [GC (Allocation Failure) [PSYoungGen: 68605K->1408K(69120K)] 359545K->292356K(718848K), 0.0019627 secs] [Times: user=0.01 sys=0.00, real=0.00 secs] 
426.514: [GC (Allocation Failure) [PSYoungGen: 68480K->1312K(69120K)] 359428K->292260K(718848K), 0.0018747 secs] [Times: user=0.00 sys=0.00, real=0.00 secs] 
426.792: [GC (Allocation Failure) [PSYoungGen: 68384K->1408K(69120K)] 359332K->292356K(718848K), 0.0019023 secs] [Times: user=0.01 sys=0.00, real=0.00 secs] 
427.071: [GC (Allocation Failure) [PSYoungGen: 68480K->1376K(69120K)] 359428K->292332K(718848K), 0.0019391 secs] [Times: user=0.01 sys=0.00, real=0.00 secs] 
427.554: [GC (Allocation Failure) [PSYoungGen: 68448K->1520K(69120K)] 359404K->292500K(718848K), 0.0014315 secs] [Times: user=0.00 sys=0.00, real=0.00 secs] 
427.954: [GC (Allocation Failure) [PSYoungGen: 68592K->1552K(69120K)] 359572K->292532K(718848K), 0.0017408 secs] [Times: user=0.00 sys=0.00, real=0.00 secs] 
428.356: [GC (Allocation Failure) [PSYoungGen: 68624K->1549K(69120K)] 359604K->292530K(718848K), 0.0016963 secs] [Times: user=0.00 sys=0.00, real=0.00 secs] 
428.808: [GC (Allocation Failure) [PSYoungGen: 68621K->1984K(69120K)] 359602K->293492K(718848K), 0.0019227 secs] [Times: user=0.01 sys=0.00, real=0.00 secs] 
429.393: [GC (Allocation Failure) [PSYoungGen: 69056K->1344K(69120K)] 360564K->292852K(718848K), 0.0028275 secs] [Times: user=0.01 sys=0.00, real=0.00 secs] 
430.187: [GC (Allocation Failure) [PSYoungGen: 68416K->1344K(69120K)] 359924K->292852K(718848K), 0.0025102 secs] [Times: user=0.01 sys=0.00, real=0.00 secs] 
430.901: [GC (Allocation Failure) [PSYoungGen: 68416K->1376K(69120K)] 359924K->292884K(718848K), 0.0045800 secs] [Times: user=0.02 sys=0.00, real=0.00 secs] 
431.635: [GC (Allocation Failure) [PSYoungGen: 68448K->1408K(69120K)] 359956K->292916K(718848K), 0.0030774 secs] [Times: user=0.01 sys=0.00, real=0.00 secs] 
432.200: [GC (Allocation Failure) [PSYoungGen: 68480K->1517K(69120K)] 359988K->293026K(718848K), 0.0015653 secs] [Times: user=0.00 sys=0.00, real=0.01 secs] 
432.601: [GC (Allocation Failure) [PSYoungGen: 68589K->1549K(69120K)] 360098K->293058K(718848K), 0.0015737 secs] [Times: user=0.01 sys=0.00, real=0.00 secs] 
433.003: [GC (Allocation Failure) [PSYoungGen: 68621K->1565K(69120K)] 360130K->293074K(718848K), 0.0015322 secs] [Times: user=0.01 sys=0.00, real=0.00 secs] 
433.398: [GC (Allocation Failure) [PSYoungGen: 68637K->1424K(69120K)] 360146K->292940K(718848K), 0.0018302 secs] [Times: user=0.00 sys=0.00, real=0.00 secs] 
433.696: [GC (Allocation Failure) [PSYoungGen: 68496K->1344K(69120K)] 360012K->292860K(718848K), 0.0020520 secs] [Times: user=0.01 sys=0.00, real=0.00 secs] 
434.007: [GC (Allocation Failure) [PSYoungGen: 68416K->1360K(69120K)] 359932K->292876K(718848K), 0.0018779 secs] [Times: user=0.00 sys=0.01, real=0.00 secs] 
434.495: [GC (Allocation Failure) [PSYoungGen: 68432K->1344K(69120K)] 359948K->292860K(718848K), 0.0032937 secs] [Times: user=0.01 sys=0.00, real=0.00 secs] 
435.011: [GC (Allocation Failure) [PSYoungGen: 68416K->1424K(69120K)] 359932K->292940K(718848K), 0.0018975 secs] [Times: user=0.01 sys=0.00, real=0.00 secs] 
435.450: [GC (Allocation Failure) [PSYoungGen: 68496K->1533K(69120K)] 360012K->293050K(718848K), 0.0016583 secs] [Times: user=0.01 sys=0.00, real=0.00 secs] 
435.856: [GC (Allocation Failure) [PSYoungGen: 68605K->1501K(69120K)] 360122K->293018K(718848K), 0.0016147 secs] [Times: user=0.01 sys=0.00, real=0.00 secs] 
436.262: [GC (Allocation Failure) [PSYoungGen: 68573K->1517K(69120K)] 360090K->293042K(718848K), 0.0017618 secs] [Times: user=0.01 sys=0.00, real=0.00 secs] 
436.640: [GC (Allocation Failure) [PSYoungGen: 68589K->1472K(69120K)] 360114K->292996K(718848K), 0.0017025 secs] [Times: user=0.01 sys=0.00, real=0.00 secs] 
437.220: [GC (Allocation Failure) [PSYoungGen: 68544K->1376K(69120K)] 360068K->292900K(718848K), 0.0020314 secs] [Times: user=0.01 sys=0.00, real=0.01 secs] 
437.757: [GC (Allocation Failure) [PSYoungGen: 68448K->1312K(69120K)] 359972K->292852K(718848K), 0.0027934 secs] [Times: user=0.01 sys=0.00, real=0.01 secs] 
438.304: [GC (Allocation Failure) [PSYoungGen: 68384K->1296K(69120K)] 359924K->292836K(718848K), 0.0023966 secs] [Times: user=0.01 sys=0.00, real=0.00 secs] 
438.942: [GC (Allocation Failure) [PSYoungGen: 68368K->1488K(69120K)] 359908K->293028K(718848K), 0.0014286 secs] [Times: user=0.01 sys=0.00, real=0.00 secs] 
439.408: [GC (Allocation Failure) [PSYoungGen: 68560K->1552K(69120K)] 360100K->293092K(718848K), 0.0014896 secs] [Times: user=0.01 sys=0.00, real=0.00 secs] 
439.810: [GC (Allocation Failure) [PSYoungGen: 68624K->1552K(69120K)] 360164K->293092K(718848K), 0.0016105 secs] [Times: user=0.01 sys=0.00, real=0.01 secs] 
440.277: [GC (Allocation Failure) [PSYoungGen: 68624K->1549K(69120K)] 360164K->293098K(718848K), 0.0016055 secs] [Times: user=0.01 sys=0.00, real=0.00 secs] 
440.869: [GC (Allocation Failure) [PSYoungGen: 68621K->1376K(69120K)] 360170K->292932K(718848K), 0.0027821 secs] [Times: user=0.01 sys=0.00, real=0.01 secs] 
441.438: [GC (Allocation Failure) [PSYoungGen: 68448K->1376K(69120K)] 360004K->292932K(718848K), 0.0021628 secs] [Times: user=0.01 sys=0.00, real=0.00 secs] 
441.975: [GC (Allocation Failure) [PSYoungGen: 68448K->1392K(69120K)] 360004K->292948K(718848K), 0.0019052 secs] [Times: user=0.01 sys=0.00, real=0.00 secs] 
442.581: [GC (Allocation Failure) [PSYoungGen: 68464K->1408K(69120K)] 360020K->292964K(718848K), 0.0036076 secs] [Times: user=0.02 sys=0.00, real=0.00 secs] 
443.194: [GC (Allocation Failure) [PSYoungGen: 68480K->1469K(69120K)] 360036K->293026K(718848K), 0.0015606 secs] [Times: user=0.01 sys=0.00, real=0.00 secs] 
443.597: [GC (Allocation Failure) [PSYoungGen: 68541K->1549K(69120K)] 360098K->293106K(718848K), 0.0016452 secs] [Times: user=0.00 sys=0.00, real=0.00 secs] 
443.999: [GC (Allocation Failure) [PSYoungGen: 68621K->1581K(69120K)] 360178K->293138K(718848K), 0.0018689 secs] [Times: user=0.01 sys=0.00, real=0.01 secs] 
444.402: [GC (Allocation Failure) [PSYoungGen: 68653K->1488K(69120K)] 360210K->293052K(718848K), 0.0015287 secs] [Times: user=0.01 sys=0.00, real=0.00 secs] 
445.354: [GC (Allocation Failure) [PSYoungGen: 68560K->1360K(69120K)] 360124K->292924K(718848K), 0.0029156 secs] [Times: user=0.01 sys=0.00, real=0.00 secs] 
445.862: [GC (Allocation Failure) [PSYoungGen: 68432K->1376K(69120K)] 359996K->292940K(718848K), 0.0028005 secs] [Times: user=0.01 sys=0.00, real=0.00 secs] 
446.374: [GC (Allocation Failure) [PSYoungGen: 68448K->1344K(69120K)] 360012K->292908K(718848K), 0.0029355 secs] [Times: user=0.01 sys=0.00, real=0.00 secs] 
446.962: [GC (Allocation Failure) [PSYoungGen: 68416K->1376K(69120K)] 359980K->292940K(718848K), 0.0028971 secs] [Times: user=0.01 sys=0.00, real=0.00 secs] 
447.544: [GC (Allocation Failure) [PSYoungGen: 68448K->1469K(69120K)] 360012K->293034K(718848K), 0.0015504 secs] [Times: user=0.01 sys=0.00, real=0.00 secs] 
448.005: [GC (Allocation Failure) [PSYoungGen: 68541K->1517K(69120K)] 360106K->293082K(718848K), 0.0015690 secs] [Times: user=0.00 sys=0.00, real=0.00 secs] 
448.467: [GC (Allocation Failure) [PSYoungGen: 68589K->1520K(69120K)] 360154K->293084K(718848K), 0.0017356 secs] [Times: user=0.01 sys=0.00, real=0.00 secs] 
448.933: [GC (Allocation Failure) [PSYoungGen: 68592K->1533K(69120K)] 360156K->293114K(718848K), 0.0017405 secs] [Times: user=0.01 sys=0.00, real=0.00 secs] 
449.464: [GC (Allocation Failure) [PSYoungGen: 68605K->1392K(69120K)] 360186K->292980K(718848K), 0.0029264 secs] [Times: user=0.01 sys=0.00, real=0.00 secs] 
450.259: [GC (Allocation Failure) [PSYoungGen: 68464K->1408K(69120K)] 360052K->292996K(718848K), 0.0030487 secs] [Times: user=0.01 sys=0.00, real=0.01 secs] 
451.152: [GC (Allocation Failure) [PSYoungGen: 68480K->1360K(69120K)] 360068K->292948K(718848K), 0.0031562 secs] [Times: user=0.01 sys=0.00, real=0.00 secs] 
452.017: [GC (Allocation Failure) [PSYoungGen: 68432K->1408K(69120K)] 360020K->292996K(718848K), 0.0022029 secs] [Times: user=0.01 sys=0.00, real=0.00 secs] 
452.529: [GC (Allocation Failure) [PSYoungGen: 68480K->1488K(69120K)] 360068K->293076K(718848K), 0.0016497 secs] [Times: user=0.01 sys=0.00, real=0.01 secs] 
452.932: [GC (Allocation Failure) [PSYoungGen: 68560K->1517K(69120K)] 360148K->293106K(718848K), 0.0018256 secs] [Times: user=0.00 sys=0.00, real=0.00 secs] 
453.396: [GC (Allocation Failure) [PSYoungGen: 68589K->1549K(69120K)] 360178K->293138K(718848K), 0.0017034 secs] [Times: user=0.01 sys=0.00, real=0.00 secs] 
454.021: [GC (Allocation Failure) [PSYoungGen: 68388K->2032K(69120K)] 359977K->294140K(718848K), 0.0022026 secs] [Times: user=0.00 sys=0.00, real=0.00 secs] 
455.672: [GC (Allocation Failure) [PSYoungGen: 69104K->1376K(69120K)] 361212K->293484K(718848K), 0.0023519 secs] [Times: user=0.00 sys=0.00, real=0.00 secs] 
456.435: [GC (Allocation Failure) [PSYoungGen: 68448K->1376K(69120K)] 360556K->293484K(718848K), 0.0021625 secs] [Times: user=0.01 sys=0.00, real=0.00 secs] 
457.192: [GC (Allocation Failure) [PSYoungGen: 68448K->1408K(69120K)] 360556K->293516K(718848K), 0.0021514 secs] [Times: user=0.01 sys=0.00, real=0.00 secs] 
457.984: [GC (Allocation Failure) [PSYoungGen: 68480K->1408K(69120K)] 360588K->293516K(718848K), 0.0022715 secs] [Times: user=0.01 sys=0.00, real=0.00 secs] 
458.539: [GC (Allocation Failure) [PSYoungGen: 68480K->1533K(69120K)] 360588K->293642K(718848K), 0.0014088 secs] [Times: user=0.00 sys=0.00, real=0.01 secs] 
458.942: [GC (Allocation Failure) [PSYoungGen: 68605K->1549K(69120K)] 360714K->293658K(718848K), 0.0015439 secs] [Times: user=0.00 sys=0.00, real=0.00 secs] 
459.345: [GC (Allocation Failure) [PSYoungGen: 68621K->1549K(69120K)] 360730K->293658K(718848K), 0.0014639 secs] [Times: user=0.01 sys=0.00, real=0.00 secs] 
459.703: [GC (Allocation Failure) [PSYoungGen: 68621K->1504K(69120K)] 360730K->293620K(718848K), 0.0015722 secs] [Times: user=0.01 sys=0.00, real=0.00 secs] 
460.130: [GC (Allocation Failure) [PSYoungGen: 68576K->1408K(69120K)] 360692K->293524K(718848K), 0.0017297 secs] [Times: user=0.00 sys=0.00, real=0.01 secs] 
460.409: [GC (Allocation Failure) [PSYoungGen: 68480K->1376K(69120K)] 360596K->293508K(718848K), 0.0019973 secs] [Times: user=0.01 sys=0.00, real=0.01 secs] 
460.744: [GC (Allocation Failure) [PSYoungGen: 68448K->1376K(69120K)] 360580K->293508K(718848K), 0.0023344 secs] [Times: user=0.01 sys=0.00, real=0.00 secs] 
461.067: [GC (Allocation Failure) [PSYoungGen: 68448K->1456K(69120K)] 360580K->293588K(718848K), 0.0017474 secs] [Times: user=0.01 sys=0.00, real=0.00 secs] 
461.551: [GC (Allocation Failure) [PSYoungGen: 68528K->1520K(69120K)] 360660K->293652K(718848K), 0.0016692 secs] [Times: user=0.01 sys=0.00, real=0.00 secs] 
461.956: [GC (Allocation Failure) [PSYoungGen: 68592K->1517K(69120K)] 360724K->293650K(718848K), 0.0016307 secs] [Times: user=0.01 sys=0.00, real=0.00 secs] 
462.421: [GC (Allocation Failure) [PSYoungGen: 68589K->1520K(69120K)] 360722K->293660K(718848K), 0.0016630 secs] [Times: user=0.00 sys=0.00, real=0.00 secs] 
462.800: [GC (Allocation Failure) [PSYoungGen: 68592K->1456K(69120K)] 360732K->293604K(718848K), 0.0023738 secs] [Times: user=0.01 sys=0.00, real=0.01 secs] 
463.080: [GC (Allocation Failure) [PSYoungGen: 68528K->1344K(69120K)] 360676K->293492K(718848K), 0.0019100 secs] [Times: user=0.00 sys=0.00, real=0.01 secs] 
463.397: [GC (Allocation Failure) [PSYoungGen: 68416K->1376K(69120K)] 360564K->293524K(718848K), 0.0027067 secs] [Times: user=0.01 sys=0.00, real=0.00 secs] 
463.677: [GC (Allocation Failure) [PSYoungGen: 68448K->1376K(69120K)] 360596K->293524K(718848K), 0.0018623 secs] [Times: user=0.00 sys=0.00, real=0.00 secs] 
464.031: [GC (Allocation Failure) [PSYoungGen: 68448K->1472K(69120K)] 360596K->293620K(718848K), 0.0015329 secs] [Times: user=0.01 sys=0.00, real=0.00 secs] 
464.509: [GC (Allocation Failure) [PSYoungGen: 68544K->1520K(69120K)] 360692K->293668K(718848K), 0.0016263 secs] [Times: user=0.00 sys=0.00, real=0.01 secs] 
464.972: [GC (Allocation Failure) [PSYoungGen: 68592K->1517K(69120K)] 360740K->293666K(718848K), 0.0016314 secs] [Times: user=0.01 sys=0.00, real=0.00 secs] 
465.375: [GC (Allocation Failure) [PSYoungGen: 68589K->1517K(69120K)] 360738K->293674K(718848K), 0.0017777 secs] [Times: user=0.00 sys=0.00, real=0.00 secs] 
466.036: [GC (Allocation Failure) [PSYoungGen: 68589K->1424K(69120K)] 360746K->293580K(718848K), 0.0035124 secs] [Times: user=0.01 sys=0.00, real=0.00 secs] 
466.597: [GC (Allocation Failure) [PSYoungGen: 68496K->1408K(69120K)] 360652K->293564K(718848K), 0.0026787 secs] [Times: user=0.00 sys=0.01, real=0.00 secs] 
466.956: [GC (Allocation Failure) [PSYoungGen: 68480K->1440K(69120K)] 360636K->293596K(718848K), 0.0020316 secs] [Times: user=0.00 sys=0.00, real=0.00 secs] 
467.741: [GC (Allocation Failure) [PSYoungGen: 68512K->1344K(69120K)] 360668K->293516K(718848K), 0.0019282 secs] [Times: user=0.01 sys=0.00, real=0.00 secs] 
468.439: [GC (Allocation Failure) [PSYoungGen: 68416K->1501K(69120K)] 360588K->293674K(718848K), 0.0014510 secs] [Times: user=0.01 sys=0.00, real=0.01 secs] 
468.841: [GC (Allocation Failure) [PSYoungGen: 68573K->1565K(69120K)] 360746K->293738K(718848K), 0.0016160 secs] [Times: user=0.01 sys=0.00, real=0.00 secs] 
469.243: [GC (Allocation Failure) [PSYoungGen: 68637K->1533K(69120K)] 360810K->293706K(718848K), 0.0016312 secs] [Times: user=0.00 sys=0.00, real=0.00 secs] 
469.646: [GC (Allocation Failure) [PSYoungGen: 68605K->1520K(69120K)] 360778K->293716K(718848K), 0.0016152 secs] [Times: user=0.01 sys=0.00, real=0.00 secs] 
469.945: [GC (Allocation Failure) [PSYoungGen: 68592K->1392K(69120K)] 360788K->293588K(718848K), 0.0016591 secs] [Times: user=0.00 sys=0.00, real=0.00 secs] 
470.223: [GC (Allocation Failure) [PSYoungGen: 68464K->1376K(69120K)] 360660K->293572K(718848K), 0.0014002 secs] [Times: user=0.00 sys=0.00, real=0.00 secs] 
470.501: [GC (Allocation Failure) [PSYoungGen: 68448K->1408K(69120K)] 360644K->293604K(718848K), 0.0026195 secs] [Times: user=0.01 sys=0.01, real=0.00 secs] 
470.782: [GC (Allocation Failure) [PSYoungGen: 68480K->1376K(69120K)] 360676K->293572K(718848K), 0.0024246 secs] [Times: user=0.01 sys=0.00, real=0.00 secs] 
471.211: [GC (Allocation Failure) [PSYoungGen: 68448K->1533K(69120K)] 360644K->293730K(718848K), 0.0016115 secs] [Times: user=0.01 sys=0.00, real=0.00 secs] 
471.685: [GC (Allocation Failure) [PSYoungGen: 68605K->1520K(69120K)] 360802K->293716K(718848K), 0.0016440 secs] [Times: user=0.01 sys=0.00, real=0.00 secs] 
472.088: [GC (Allocation Failure) [PSYoungGen: 68592K->1520K(69120K)] 360788K->293716K(718848K), 0.0015729 secs] [Times: user=0.01 sys=0.00, real=0.00 secs] 
472.491: [GC (Allocation Failure) [PSYoungGen: 68592K->1565K(69120K)] 360788K->293778K(718848K), 0.0015414 secs] [Times: user=0.01 sys=0.00, real=0.00 secs] 
473.191: [GC (Allocation Failure) [PSYoungGen: 68637K->1408K(69120K)] 360850K->293620K(718848K), 0.0029970 secs] [Times: user=0.01 sys=0.00, real=0.00 secs] 
473.748: [GC (Allocation Failure) [PSYoungGen: 68480K->1408K(69120K)] 360692K->293620K(718848K), 0.0029069 secs] [Times: user=0.01 sys=0.00, real=0.01 secs] 
474.060: [GC (Allocation Failure) [PSYoungGen: 68480K->1376K(69120K)] 360692K->293588K(718848K), 0.0018168 secs] [Times: user=0.00 sys=0.00, real=0.01 secs] 
474.338: [GC (Allocation Failure) [PSYoungGen: 68448K->1376K(69120K)] 360660K->293588K(718848K), 0.0019210 secs] [Times: user=0.01 sys=0.00, real=0.00 secs] 
474.820: [GC (Allocation Failure) [PSYoungGen: 68448K->1520K(69120K)] 360660K->293732K(718848K), 0.0015900 secs] [Times: user=0.01 sys=0.00, real=0.00 secs] 
475.224: [GC (Allocation Failure) [PSYoungGen: 68592K->1501K(69120K)] 360804K->293714K(718848K), 0.0016421 secs] [Times: user=0.01 sys=0.00, real=0.00 secs] 
475.626: [GC (Allocation Failure) [PSYoungGen: 68573K->1552K(69120K)] 360786K->293764K(718848K), 0.0015771 secs] [Times: user=0.01 sys=0.00, real=0.00 secs] 
476.206: [GC (Allocation Failure) [PSYoungGen: 68624K->1984K(69120K)] 360836K->294708K(718848K), 0.0019324 secs] [Times: user=0.00 sys=0.00, real=0.00 secs] 
477.185: [GC (Allocation Failure) [PSYoungGen: 69056K->1408K(69120K)] 361780K->294132K(718848K), 0.0031573 secs] [Times: user=0.01 sys=0.00, real=0.00 secs] 
477.918: [GC (Allocation Failure) [PSYoungGen: 68480K->1408K(69120K)] 361204K->294132K(718848K), 0.0029481 secs] [Times: user=0.01 sys=0.00, real=0.01 secs] 
478.512: [GC (Allocation Failure) [PSYoungGen: 68480K->1408K(69120K)] 361204K->294132K(718848K), 0.0025223 secs] [Times: user=0.01 sys=0.00, real=0.00 secs] 
478.867: [GC (Allocation Failure) [PSYoungGen: 68480K->1376K(69120K)] 361204K->294116K(718848K), 0.0018357 secs] [Times: user=0.00 sys=0.00, real=0.00 secs] 
479.292: [GC (Allocation Failure) [PSYoungGen: 68448K->1533K(69120K)] 361188K->294274K(718848K), 0.0015986 secs] [Times: user=0.01 sys=0.00, real=0.00 secs] 
479.695: [GC (Allocation Failure) [PSYoungGen: 68605K->1584K(69120K)] 361346K->294324K(718848K), 0.0016758 secs] [Times: user=0.00 sys=0.00, real=0.00 secs] 
480.098: [GC (Allocation Failure) [PSYoungGen: 68656K->1517K(69120K)] 361396K->294258K(718848K), 0.0015331 secs] [Times: user=0.00 sys=0.00, real=0.00 secs] 
480.503: [GC (Allocation Failure) [PSYoungGen: 68589K->1504K(69120K)] 361330K->294244K(718848K), 0.0018837 secs] [Times: user=0.01 sys=0.00, real=0.00 secs] 
480.847: [GC (Allocation Failure) [PSYoungGen: 68576K->1376K(69120K)] 361316K->294116K(718848K), 0.0017424 secs] [Times: user=0.01 sys=0.00, real=0.00 secs] 
481.130: [GC (Allocation Failure) [PSYoungGen: 68448K->1376K(69120K)] 361188K->294116K(718848K), 0.0017571 secs] [Times: user=0.00 sys=0.00, real=0.01 secs] 
481.439: [GC (Allocation Failure) [PSYoungGen: 68448K->1408K(69120K)] 361188K->294148K(718848K), 0.0018947 secs] [Times: user=0.00 sys=0.00, real=0.01 secs] 
481.771: [GC (Allocation Failure) [PSYoungGen: 68480K->1469K(69120K)] 361220K->294210K(718848K), 0.0017439 secs] [Times: user=0.01 sys=0.00, real=0.00 secs] 
482.180: [GC (Allocation Failure) [PSYoungGen: 68541K->1581K(69120K)] 361282K->294322K(718848K), 0.0015853 secs] [Times: user=0.00 sys=0.00, real=0.00 secs] 
482.585: [GC (Allocation Failure) [PSYoungGen: 68653K->1501K(69120K)] 361394K->294242K(718848K), 0.0016253 secs] [Times: user=0.01 sys=0.00, real=0.00 secs] 
482.987: [GC (Allocation Failure) [PSYoungGen: 68573K->1552K(69120K)] 361314K->294300K(718848K), 0.0016169 secs] [Times: user=0.01 sys=0.00, real=0.00 secs] 
483.510: [GC (Allocation Failure) [PSYoungGen: 68624K->1472K(69120K)] 361372K->294220K(718848K), 0.0020375 secs] [Times: user=0.00 sys=0.00, real=0.01 secs] 
484.201: [GC (Allocation Failure) [PSYoungGen: 68544K->1408K(69120K)] 361292K->294156K(718848K), 0.0019203 secs] [Times: user=0.01 sys=0.00, real=0.00 secs] 
484.821: [GC (Allocation Failure) [PSYoungGen: 68480K->1408K(69120K)] 361228K->294156K(718848K), 0.0017191 secs] [Times: user=0.01 sys=0.00, real=0.00 secs] 
485.689: [GC (Allocation Failure) [PSYoungGen: 68480K->1344K(69120K)] 361228K->294092K(718848K), 0.0043695 secs] [Times: user=0.01 sys=0.00, real=0.01 secs] 
486.511: [GC (Allocation Failure) [PSYoungGen: 68416K->1424K(69120K)] 361164K->294172K(718848K), 0.0016752 secs] [Times: user=0.01 sys=0.00, real=0.00 secs] 
486.936: [GC (Allocation Failure) [PSYoungGen: 68496K->1520K(69120K)] 361244K->294268K(718848K), 0.0015093 secs] [Times: user=0.00 sys=0.00, real=0.00 secs] 
487.347: [GC (Allocation Failure) [PSYoungGen: 68592K->1549K(69120K)] 361340K->294298K(718848K), 0.0015848 secs] [Times: user=0.00 sys=0.00, real=0.00 secs] 
487.760: [GC (Allocation Failure) [PSYoungGen: 68621K->1517K(69120K)] 361370K->294282K(718848K), 0.0016296 secs] [Times: user=0.01 sys=0.00, real=0.01 secs] 
488.519: [GC (Allocation Failure) [PSYoungGen: 68589K->1440K(69120K)] 361354K->294212K(718848K), 0.0018236 secs] [Times: user=0.01 sys=0.00, real=0.01 secs] 
489.191: [GC (Allocation Failure) [PSYoungGen: 68512K->1376K(69120K)] 361284K->294148K(718848K), 0.0036632 secs] [Times: user=0.01 sys=0.00, real=0.00 secs] 
490.040: [GC (Allocation Failure) [PSYoungGen: 68448K->1312K(69120K)] 361220K->294084K(718848K), 0.0036828 secs] [Times: user=0.01 sys=0.00, real=0.01 secs] 
490.700: [GC (Allocation Failure) [PSYoungGen: 68384K->1360K(69120K)] 361156K->294132K(718848K), 0.0036665 secs] [Times: user=0.01 sys=0.00, real=0.01 secs] 
491.340: [GC (Allocation Failure) [PSYoungGen: 68432K->1485K(69120K)] 361204K->294266K(718848K), 0.0013979 secs] [Times: user=0.01 sys=0.00, real=0.00 secs] 
491.761: [GC (Allocation Failure) [PSYoungGen: 68557K->1565K(69120K)] 361338K->294346K(718848K), 0.0015195 secs] [Times: user=0.01 sys=0.00, real=0.00 secs] 
492.175: [GC (Allocation Failure) [PSYoungGen: 68637K->1549K(69120K)] 361418K->294330K(718848K), 0.0016179 secs] [Times: user=0.01 sys=0.00, real=0.00 secs] 
492.586: [GC (Allocation Failure) [PSYoungGen: 68621K->1517K(69120K)] 361402K->294306K(718848K), 0.0017119 secs] [Times: user=0.01 sys=0.00, real=0.00 secs] 
493.115: [GC (Allocation Failure) [PSYoungGen: 68589K->1440K(69120K)] 361378K->294228K(718848K), 0.0018512 secs] [Times: user=0.01 sys=0.00, real=0.00 secs] 
494.081: [GC (Allocation Failure) [PSYoungGen: 68512K->1344K(69120K)] 361300K->294132K(718848K), 0.0020765 secs] [Times: user=0.00 sys=0.00, real=0.00 secs] 
495.036: [GC (Allocation Failure) [PSYoungGen: 68416K->1392K(69120K)] 361204K->294180K(718848K), 0.0029579 secs] [Times: user=0.02 sys=0.00, real=0.00 secs] 
495.949: [GC (Allocation Failure) [PSYoungGen: 68464K->1344K(69120K)] 361252K->294132K(718848K), 0.0043746 secs] [Times: user=0.02 sys=0.00, real=0.01 secs] 
496.685: [GC (Allocation Failure) [PSYoungGen: 68416K->1453K(69120K)] 361204K->294242K(718848K), 0.0015610 secs] [Times: user=0.01 sys=0.00, real=0.00 secs] 
497.098: [GC (Allocation Failure) [PSYoungGen: 68525K->1533K(69120K)] 361314K->294322K(718848K), 0.0016998 secs] [Times: user=0.00 sys=0.00, real=0.00 secs] 
497.509: [GC (Allocation Failure) [PSYoungGen: 68605K->1501K(69120K)] 361394K->294290K(718848K), 0.0016174 secs] [Times: user=0.01 sys=0.00, real=0.01 secs] 
497.922: [GC (Allocation Failure) [PSYoungGen: 68573K->1565K(69120K)] 361362K->294370K(718848K), 0.0016055 secs] [Times: user=0.00 sys=0.00, real=0.00 secs] 
498.559: [GC (Allocation Failure) [PSYoungGen: 68637K->1408K(69120K)] 361442K->294220K(718848K), 0.0019184 secs] [Times: user=0.00 sys=0.01, real=0.01 secs] 
499.107: [GC (Allocation Failure) [PSYoungGen: 68480K->1376K(69120K)] 361292K->294196K(718848K), 0.0029134 secs] [Times: user=0.01 sys=0.00, real=0.00 secs] 
499.641: [GC (Allocation Failure) [PSYoungGen: 68448K->1376K(69120K)] 361268K->294196K(718848K), 0.0028858 secs] [Times: user=0.01 sys=0.00, real=0.00 secs] 
500.253: [GC (Allocation Failure) [PSYoungGen: 68448K->1360K(69120K)] 361268K->294196K(718848K), 0.0020054 secs] [Times: user=0.01 sys=0.00, real=0.00 secs] 
500.670: [GC (Allocation Failure) [PSYoungGen: 68432K->1488K(69120K)] 361268K->294324K(718848K), 0.0015528 secs] [Times: user=0.01 sys=0.00, real=0.01 secs] 
501.140: [GC (Allocation Failure) [PSYoungGen: 68560K->1501K(69120K)] 361396K->294338K(718848K), 0.0016581 secs] [Times: user=0.01 sys=0.00, real=0.01 secs] 
501.555: [GC (Allocation Failure) [PSYoungGen: 68573K->1565K(69120K)] 361410K->294402K(718848K), 0.0018149 secs] [Times: user=0.00 sys=0.00, real=0.00 secs] 
502.024: [GC (Allocation Failure) [PSYoungGen: 68637K->1984K(69120K)] 361474K->294820K(718848K), 0.0017645 secs] [Times: user=0.00 sys=0.00, real=0.00 secs] 
502.812: [GC (Allocation Failure) [PSYoungGen: 69056K->1376K(69120K)] 361892K->294212K(718848K), 0.0041060 secs] [Times: user=0.01 sys=0.00, real=0.00 secs] 
503.370: [GC (Allocation Failure) [PSYoungGen: 68448K->1376K(69120K)] 361284K->294212K(718848K), 0.0029366 secs] [Times: user=0.01 sys=0.00, real=0.01 secs] 
503.934: [GC (Allocation Failure) [PSYoungGen: 68448K->1408K(69120K)] 361284K->294244K(718848K), 0.0028987 secs] [Times: user=0.01 sys=0.00, real=0.00 secs] 
504.526: [GC (Allocation Failure) [PSYoungGen: 68480K->1376K(69120K)] 361316K->294212K(718848K), 0.0028455 secs] [Times: user=0.01 sys=0.00, real=0.00 secs] 
505.035: [GC (Allocation Failure) [PSYoungGen: 68448K->1520K(69120K)] 361284K->294356K(718848K), 0.0015608 secs] [Times: user=0.01 sys=0.00, real=0.00 secs] 
505.449: [GC (Allocation Failure) [PSYoungGen: 68592K->1517K(69120K)] 361428K->294354K(718848K), 0.0015852 secs] [Times: user=0.00 sys=0.00, real=0.01 secs] 
505.862: [GC (Allocation Failure) [PSYoungGen: 68589K->1469K(69120K)] 361426K->294306K(718848K), 0.0017362 secs] [Times: user=0.00 sys=0.00, real=0.00 secs] 
506.366: [GC (Allocation Failure) [PSYoungGen: 68541K->1472K(69120K)] 361378K->294316K(718848K), 0.0020231 secs] [Times: user=0.01 sys=0.00, real=0.00 secs] 
506.713: [GC (Allocation Failure) [PSYoungGen: 68544K->1344K(69120K)] 361388K->294188K(718848K), 0.0018585 secs] [Times: user=0.01 sys=0.00, real=0.00 secs] 
507.083: [GC (Allocation Failure) [PSYoungGen: 68416K->1376K(69120K)] 361260K->294220K(718848K), 0.0020589 secs] [Times: user=0.01 sys=0.00, real=0.00 secs] 
507.411: [GC (Allocation Failure) [PSYoungGen: 68448K->1408K(69120K)] 361292K->294252K(718848K), 0.0017888 secs] [Times: user=0.00 sys=0.00, real=0.00 secs] 
507.972: [GC (Allocation Failure) [PSYoungGen: 68480K->1456K(69120K)] 361324K->294300K(718848K), 0.0023683 secs] [Times: user=0.01 sys=0.00, real=0.00 secs] 
508.461: [GC (Allocation Failure) [PSYoungGen: 68528K->1549K(69120K)] 361372K->294418K(718848K), 0.0016619 secs] [Times: user=0.00 sys=0.00, real=0.00 secs] 
508.873: [GC (Allocation Failure) [PSYoungGen: 68621K->1485K(69120K)] 361490K->294354K(718848K), 0.0016135 secs] [Times: user=0.01 sys=0.00, real=0.00 secs] 
509.345: [GC (Allocation Failure) [PSYoungGen: 68557K->1552K(69120K)] 361426K->294436K(718848K), 0.0016064 secs] [Times: user=0.00 sys=0.00, real=0.00 secs] 
509.758: [GC (Allocation Failure) [PSYoungGen: 68624K->1456K(69120K)] 361508K->294340K(718848K), 0.0021188 secs] [Times: user=0.01 sys=0.00, real=0.00 secs] 
510.254: [GC (Allocation Failure) [PSYoungGen: 68528K->1328K(69120K)] 361412K->294212K(718848K), 0.0025820 secs] [Times: user=0.01 sys=0.00, real=0.00 secs] 
510.843: [GC (Allocation Failure) [PSYoungGen: 68400K->1408K(69120K)] 361284K->294292K(718848K), 0.0030241 secs] [Times: user=0.01 sys=0.00, real=0.00 secs] 
511.592: [GC (Allocation Failure) [PSYoungGen: 68480K->1392K(69120K)] 361364K->294276K(718848K), 0.0029623 secs] [Times: user=0.01 sys=0.00, real=0.00 secs] 
512.553: [GC (Allocation Failure) [PSYoungGen: 68464K->1456K(69120K)] 361348K->294340K(718848K), 0.0019996 secs] [Times: user=0.01 sys=0.00, real=0.00 secs] 
513.037: [GC (Allocation Failure) [PSYoungGen: 68528K->1549K(69120K)] 361412K->294434K(718848K), 0.0017558 secs] [Times: user=0.01 sys=0.00, real=0.00 secs] 
513.509: [GC (Allocation Failure) [PSYoungGen: 68621K->1549K(69120K)] 361506K->294434K(718848K), 0.0016277 secs] [Times: user=0.01 sys=0.00, real=0.01 secs] 
513.921: [GC (Allocation Failure) [PSYoungGen: 68621K->1533K(69120K)] 361506K->294426K(718848K), 0.0017008 secs] [Times: user=0.01 sys=0.00, real=0.00 secs] 
514.769: [GC (Allocation Failure) [PSYoungGen: 68605K->1456K(69120K)] 361498K->294348K(718848K), 0.0044076 secs] [Times: user=0.01 sys=0.00, real=0.01 secs] 
515.345: [GC (Allocation Failure) [PSYoungGen: 68528K->1376K(69120K)] 361420K->294268K(718848K), 0.0044774 secs] [Times: user=0.02 sys=0.00, real=0.00 secs] 
515.875: [GC (Allocation Failure) [PSYoungGen: 68448K->1312K(69120K)] 361340K->294204K(718848K), 0.0020162 secs] [Times: user=0.01 sys=0.00, real=0.00 secs] 
516.508: [GC (Allocation Failure) [PSYoungGen: 68384K->1376K(69120K)] 361276K->294268K(718848K), 0.0035756 secs] [Times: user=0.02 sys=0.00, real=0.01 secs] 
517.462: [GC (Allocation Failure) [PSYoungGen: 68448K->1453K(69120K)] 361340K->294346K(718848K), 0.0015639 secs] [Times: user=0.01 sys=0.00, real=0.00 secs] 
517.873: [GC (Allocation Failure) [PSYoungGen: 68525K->1549K(69120K)] 361418K->294442K(718848K), 0.0016077 secs] [Times: user=0.01 sys=0.00, real=0.00 secs] 
518.287: [GC (Allocation Failure) [PSYoungGen: 68621K->1549K(69120K)] 361514K->294442K(718848K), 0.0016317 secs] [Times: user=0.01 sys=0.00, real=0.00 secs] 
518.699: [GC (Allocation Failure) [PSYoungGen: 68621K->1517K(69120K)] 361514K->294418K(718848K), 0.0016362 secs] [Times: user=0.01 sys=0.00, real=0.01 secs] 
519.108: [GC (Allocation Failure) [PSYoungGen: 68589K->1408K(69120K)] 361490K->294308K(718848K), 0.0018047 secs] [Times: user=0.01 sys=0.00, real=0.00 secs] 
519.559: [GC (Allocation Failure) [PSYoungGen: 68480K->1376K(69120K)] 361380K->294300K(718848K), 0.0018143 secs] [Times: user=0.01 sys=0.01, real=0.01 secs] 
520.062: [GC (Allocation Failure) [PSYoungGen: 68448K->1344K(69120K)] 361372K->294268K(718848K), 0.0017162 secs] [Times: user=0.00 sys=0.00, real=0.00 secs] 
520.996: [GC (Allocation Failure) [PSYoungGen: 68416K->1408K(69120K)] 361340K->294332K(718848K), 0.0019473 secs] [Times: user=0.00 sys=0.00, real=0.00 secs] 
521.728: [GC (Allocation Failure) [PSYoungGen: 68480K->1501K(69120K)] 361404K->294426K(718848K), 0.0016609 secs] [Times: user=0.00 sys=0.00, real=0.00 secs] 
522.138: [GC (Allocation Failure) [PSYoungGen: 68573K->1501K(69120K)] 361498K->294426K(718848K), 0.0014515 secs] [Times: user=0.00 sys=0.00, real=0.00 secs] 
522.543: [GC (Allocation Failure) [PSYoungGen: 68573K->1549K(69120K)] 361498K->294474K(718848K), 0.0017333 secs] [Times: user=0.00 sys=0.00, real=0.00 secs] 
522.947: [GC (Allocation Failure) [PSYoungGen: 68621K->1597K(69120K)] 361546K->294538K(718848K), 0.0016128 secs] [Times: user=0.01 sys=0.00, real=0.00 secs] 
523.541: [GC (Allocation Failure) [PSYoungGen: 68669K->1440K(69120K)] 361610K->294380K(718848K), 0.0018597 secs] [Times: user=0.00 sys=0.00, real=0.00 secs] 
524.344: [GC (Allocation Failure) [PSYoungGen: 68512K->1376K(69120K)] 361452K->294316K(718848K), 0.0026060 secs] [Times: user=0.01 sys=0.00, real=0.00 secs] 
525.073: [GC (Allocation Failure) [PSYoungGen: 68448K->1344K(69120K)] 361388K->294284K(718848K), 0.0032077 secs] [Times: user=0.02 sys=0.00, real=0.00 secs] 
525.613: [GC (Allocation Failure) [PSYoungGen: 68416K->1424K(69120K)] 361356K->294364K(718848K), 0.0026605 secs] [Times: user=0.01 sys=0.00, real=0.00 secs] 
526.137: [GC (Allocation Failure) [PSYoungGen: 68496K->1469K(69120K)] 361436K->294410K(718848K), 0.0015584 secs] [Times: user=0.00 sys=0.00, real=0.00 secs] 
526.538: [GC (Allocation Failure) [PSYoungGen: 68541K->1533K(69120K)] 361482K->294474K(718848K), 0.0017669 secs] [Times: user=0.01 sys=0.00, real=0.00 secs] 
526.945: [GC (Allocation Failure) [PSYoungGen: 68605K->1485K(69120K)] 361546K->294426K(718848K), 0.0015700 secs] [Times: user=0.01 sys=0.00, real=0.00 secs] 
527.422: [GC (Allocation Failure) [PSYoungGen: 68557K->1760K(69120K)] 361498K->294700K(718848K), 0.0019045 secs] [Times: user=0.01 sys=0.00, real=0.00 secs] 
527.788: [GC (Allocation Failure) [PSYoungGen: 68832K->1408K(69120K)] 361772K->294348K(718848K), 0.0019607 secs] [Times: user=0.01 sys=0.00, real=0.00 secs] 
528.082: [GC (Allocation Failure) [PSYoungGen: 68480K->1408K(69120K)] 361420K->294348K(718848K), 0.0025125 secs] [Times: user=0.01 sys=0.00, real=0.00 secs] 
528.363: [GC (Allocation Failure) [PSYoungGen: 68480K->1376K(69120K)] 361420K->294340K(718848K), 0.0019738 secs] [Times: user=0.01 sys=0.00, real=0.00 secs] 
528.715: [GC (Allocation Failure) [PSYoungGen: 68448K->1376K(69120K)] 361412K->294340K(718848K), 0.0018777 secs] [Times: user=0.01 sys=0.00, real=0.00 secs] 
529.226: [GC (Allocation Failure) [PSYoungGen: 68448K->1520K(69120K)] 361412K->294484K(718848K), 0.0015228 secs] [Times: user=0.01 sys=0.00, real=0.00 secs] 
529.626: [GC (Allocation Failure) [PSYoungGen: 68592K->1520K(69120K)] 361556K->294484K(718848K), 0.0015344 secs] [Times: user=0.00 sys=0.00, real=0.00 secs] 
530.028: [GC (Allocation Failure) [PSYoungGen: 68592K->1549K(69120K)] 361556K->294514K(718848K), 0.0016337 secs] [Times: user=0.01 sys=0.00, real=0.00 secs] 
530.701: [GC (Allocation Failure) [PSYoungGen: 68621K->1472K(69120K)] 361586K->295476K(718848K), 0.0041487 secs] [Times: user=0.01 sys=0.00, real=0.00 secs] 
532.595: [GC (Allocation Failure) [PSYoungGen: 68544K->320K(69120K)] 362548K->294324K(718848K), 0.0036061 secs] [Times: user=0.02 sys=0.00, real=0.00 secs] 
533.278: [GC (Allocation Failure) [PSYoungGen: 67392K->320K(69120K)] 361396K->294324K(718848K), 0.0021384 secs] [Times: user=0.01 sys=0.00, real=0.01 secs] 
533.860: [GC (Allocation Failure) [PSYoungGen: 67392K->320K(69120K)] 361396K->294324K(718848K), 0.0021581 secs] [Times: user=0.00 sys=0.00, real=0.01 secs] 
534.511: [GC (Allocation Failure) [PSYoungGen: 67392K->1437K(69632K)] 361396K->295442K(719360K), 0.0024739 secs] [Times: user=0.01 sys=0.00, real=0.00 secs] 
534.992: [GC (Allocation Failure) [PSYoungGen: 68509K->1501K(69632K)] 362514K->295506K(719360K), 0.0015823 secs] [Times: user=0.01 sys=0.00, real=0.00 secs] 
535.397: [GC (Allocation Failure) [PSYoungGen: 68573K->1533K(69632K)] 362578K->295538K(719360K), 0.0015183 secs] [Times: user=0.01 sys=0.00, real=0.00 secs] 
535.856: [GC (Allocation Failure) [PSYoungGen: 68605K->1501K(69632K)] 362610K->295514K(719360K), 0.0015789 secs] [Times: user=0.00 sys=0.00, real=0.00 secs] 
536.359: [GC (Allocation Failure) [PSYoungGen: 68573K->1504K(69632K)] 362586K->295516K(719360K), 0.0027467 secs] [Times: user=0.01 sys=0.01, real=0.01 secs] 
536.994: [GC (Allocation Failure) [PSYoungGen: 68576K->1408K(69632K)] 362588K->295420K(719360K), 0.0030487 secs] [Times: user=0.02 sys=0.00, real=0.00 secs] 
537.658: [GC (Allocation Failure) [PSYoungGen: 68480K->1408K(69632K)] 362492K->295420K(719360K), 0.0025085 secs] [Times: user=0.01 sys=0.00, real=0.01 secs] 
538.200: [GC (Allocation Failure) [PSYoungGen: 68480K->1376K(68608K)] 362492K->295388K(718336K), 0.0024567 secs] [Times: user=0.01 sys=0.00, real=0.01 secs] 
539.012: [GC (Allocation Failure) [PSYoungGen: 68448K->1405K(69120K)] 362460K->295418K(718848K), 0.0017591 secs] [Times: user=0.00 sys=0.00, real=0.00 secs] 
539.433: [GC (Allocation Failure) [PSYoungGen: 68477K->1517K(69120K)] 362490K->295530K(718848K), 0.0017737 secs] [Times: user=0.01 sys=0.00, real=0.00 secs] 
539.835: [GC (Allocation Failure) [PSYoungGen: 68589K->1552K(69120K)] 362602K->295564K(718848K), 0.0018433 secs] [Times: user=0.01 sys=0.00, real=0.00 secs] 
540.298: [GC (Allocation Failure) [PSYoungGen: 68624K->1549K(69120K)] 362636K->295570K(718848K), 0.0016113 secs] [Times: user=0.01 sys=0.00, real=0.00 secs] 
541.255: [GC (Allocation Failure) [PSYoungGen: 68621K->1424K(69120K)] 362642K->295452K(718848K), 0.0040646 secs] [Times: user=0.02 sys=0.00, real=0.00 secs] 
541.910: [GC (Allocation Failure) [PSYoungGen: 68496K->1408K(69120K)] 362524K->295436K(718848K), 0.0026063 secs] [Times: user=0.01 sys=0.00, real=0.00 secs] 
542.468: [GC (Allocation Failure) [PSYoungGen: 68480K->1408K(69120K)] 362508K->295436K(718848K), 0.0022646 secs] [Times: user=0.01 sys=0.00, real=0.01 secs] 
542.956: [GC (Allocation Failure) [PSYoungGen: 68480K->1376K(69120K)] 362508K->295404K(718848K), 0.0019531 secs] [Times: user=0.01 sys=0.00, real=0.00 secs] 
543.376: [GC (Allocation Failure) [PSYoungGen: 68448K->1437K(69120K)] 362476K->295466K(718848K), 0.0014937 secs] [Times: user=0.01 sys=0.00, real=0.00 secs] 
543.779: [GC (Allocation Failure) [PSYoungGen: 68509K->1533K(69120K)] 362538K->295562K(718848K), 0.0016056 secs] [Times: user=0.01 sys=0.00, real=0.01 secs] 
544.180: [GC (Allocation Failure) [PSYoungGen: 68580K->1517K(69120K)] 362609K->295546K(718848K), 0.0015794 secs] [Times: user=0.01 sys=0.00, real=0.00 secs] 
544.583: [GC (Allocation Failure) [PSYoungGen: 68589K->1517K(69120K)] 362618K->295554K(718848K), 0.0014507 secs] [Times: user=0.00 sys=0.00, real=0.00 secs] 
545.120: [GC (Allocation Failure) [PSYoungGen: 68589K->1408K(69120K)] 362626K->295444K(718848K), 0.0016780 secs] [Times: user=0.01 sys=0.00, real=0.00 secs] 
545.777: [GC (Allocation Failure) [PSYoungGen: 68480K->1376K(69120K)] 362516K->295412K(718848K), 0.0029428 secs] [Times: user=0.01 sys=0.00, real=0.00 secs] 
546.611: [GC (Allocation Failure) [PSYoungGen: 68448K->1344K(69120K)] 362484K->295380K(718848K), 0.0026058 secs] [Times: user=0.01 sys=0.00, real=0.00 secs] 
547.250: [GC (Allocation Failure) [PSYoungGen: 68416K->1376K(69120K)] 362452K->295412K(718848K), 0.0022521 secs] [Times: user=0.01 sys=0.00, real=0.00 secs] 
547.840: [GC (Allocation Failure) [PSYoungGen: 68448K->1536K(69120K)] 362484K->295572K(718848K), 0.0016583 secs] [Times: user=0.01 sys=0.00, real=0.00 secs] 
548.244: [GC (Allocation Failure) [PSYoungGen: 68601K->1533K(69120K)] 362637K->295570K(718848K), 0.0016503 secs] [Times: user=0.00 sys=0.00, real=0.00 secs] 
548.646: [GC (Allocation Failure) [PSYoungGen: 68605K->1549K(69120K)] 362642K->295586K(718848K), 0.0017006 secs] [Times: user=0.01 sys=0.00, real=0.00 secs] 
549.050: [GC (Allocation Failure) [PSYoungGen: 68621K->1485K(69120K)] 362658K->295538K(718848K), 0.0014618 secs] [Times: user=0.00 sys=0.00, real=0.00 secs] 
549.669: [GC (Allocation Failure) [PSYoungGen: 68557K->1408K(69120K)] 362610K->295460K(718848K), 0.0020958 secs] [Times: user=0.01 sys=0.00, real=0.01 secs] 
549.961: [GC (Allocation Failure) [PSYoungGen: 68480K->1376K(69120K)] 362532K->295428K(718848K), 0.0019889 secs] [Times: user=0.00 sys=0.00, real=0.00 secs] 
550.322: [GC (Allocation Failure) [PSYoungGen: 68448K->1376K(69120K)] 362500K->295428K(718848K), 0.0019335 secs] [Times: user=0.01 sys=0.00, real=0.00 secs] 
550.610: [GC (Allocation Failure) [PSYoungGen: 68448K->1376K(69120K)] 362500K->295428K(718848K), 0.0017811 secs] [Times: user=0.01 sys=0.00, real=0.00 secs] 
551.014: [GC (Allocation Failure) [PSYoungGen: 68448K->1501K(69120K)] 362500K->295554K(718848K), 0.0015565 secs] [Times: user=0.01 sys=0.00, real=0.00 secs] 
551.417: [GC (Allocation Failure) [PSYoungGen: 68573K->1568K(69120K)] 362626K->295620K(718848K), 0.0015886 secs] [Times: user=0.00 sys=0.00, real=0.00 secs] 
551.818: [GC (Allocation Failure) [PSYoungGen: 68640K->1565K(69120K)] 362692K->295618K(718848K), 0.0017019 secs] [Times: user=0.01 sys=0.00, real=0.00 secs] 
552.374: [GC (Allocation Failure) [PSYoungGen: 68637K->1760K(69120K)] 362690K->295820K(718848K), 0.0023055 secs] [Times: user=0.00 sys=0.00, real=0.00 secs] 
554.177: [GC (Allocation Failure) [PSYoungGen: 68832K->1408K(69120K)] 362892K->295468K(718848K), 0.0029152 secs] [Times: user=0.01 sys=0.00, real=0.00 secs] 
554.802: [GC (Allocation Failure) [PSYoungGen: 68480K->1408K(69120K)] 362540K->295468K(718848K), 0.0024817 secs] [Times: user=0.01 sys=0.00, real=0.00 secs] 
555.212: [GC (Allocation Failure) [PSYoungGen: 68480K->1376K(69120K)] 362540K->295436K(718848K), 0.0022609 secs] [Times: user=0.01 sys=0.00, real=0.00 secs] 
555.669: [GC (Allocation Failure) [PSYoungGen: 68448K->1376K(69120K)] 362508K->295444K(718848K), 0.0022356 secs] [Times: user=0.01 sys=0.00, real=0.01 secs] 
556.197: [GC (Allocation Failure) [PSYoungGen: 68448K->1533K(69120K)] 362516K->295602K(718848K), 0.0016260 secs] [Times: user=0.00 sys=0.00, real=0.00 secs] 
556.601: [GC (Allocation Failure) [PSYoungGen: 68605K->1485K(69120K)] 362674K->295554K(718848K), 0.0016804 secs] [Times: user=0.00 sys=0.00, real=0.00 secs] 
557.007: [GC (Allocation Failure) [PSYoungGen: 68557K->1568K(69120K)] 362626K->295636K(718848K), 0.0014859 secs] [Times: user=0.00 sys=0.00, real=0.00 secs] 
557.568: [GC (Allocation Failure) [PSYoungGen: 68640K->1472K(69120K)] 362708K->296572K(718848K), 0.0019379 secs] [Times: user=0.00 sys=0.01, real=0.01 secs] 
558.446: [GC (Allocation Failure) [PSYoungGen: 68544K->352K(69120K)] 363644K->295452K(718848K), 0.0017346 secs] [Times: user=0.01 sys=0.00, real=0.00 secs] 
559.202: [GC (Allocation Failure) [PSYoungGen: 67424K->416K(69120K)] 362524K->295516K(718848K), 0.0016892 secs] [Times: user=0.00 sys=0.00, real=0.00 secs] 
559.627: [GC (Allocation Failure) [PSYoungGen: 67488K->352K(68608K)] 362588K->295452K(718336K), 0.0017600 secs] [Times: user=0.01 sys=0.00, real=0.00 secs] 
559.931: [GC (Allocation Failure) [PSYoungGen: 66822K->256K(69120K)] 361922K->295380K(718848K), 0.0017264 secs] [Times: user=0.00 sys=0.00, real=0.00 secs] 
560.338: [GC (Allocation Failure) [PSYoungGen: 66806K->1517K(69120K)] 361931K->296642K(718848K), 0.0015233 secs] [Times: user=0.00 sys=0.00, real=0.00 secs] 
560.738: [GC (Allocation Failure) [PSYoungGen: 68077K->1533K(69120K)] 363202K->296658K(718848K), 0.0016001 secs] [Times: user=0.00 sys=0.00, real=0.00 secs] 
561.139: [GC (Allocation Failure) [PSYoungGen: 68064K->1552K(69120K)] 363189K->296684K(718848K), 0.0015177 secs] [Times: user=0.01 sys=0.00, real=0.00 secs] 
561.747: [GC (Allocation Failure) [PSYoungGen: 68112K->1440K(69120K)] 363244K->296572K(718848K), 0.0019301 secs] [Times: user=0.00 sys=0.00, real=0.00 secs] 
562.478: [GC (Allocation Failure) [PSYoungGen: 68000K->1408K(69120K)] 363132K->296540K(718848K), 0.0019571 secs] [Times: user=0.01 sys=0.00, real=0.01 secs] 
562.857: [GC (Allocation Failure) [PSYoungGen: 67968K->1344K(69120K)] 363100K->296476K(718848K), 0.0019987 secs] [Times: user=0.01 sys=0.00, real=0.00 secs] 
563.325: [GC (Allocation Failure) [PSYoungGen: 67904K->1408K(69120K)] 363036K->296540K(718848K), 0.0020091 secs] [Times: user=0.01 sys=0.00, real=0.00 secs] 
563.875: [GC (Allocation Failure) [PSYoungGen: 67968K->1469K(69120K)] 363100K->296602K(718848K), 0.0017596 secs] [Times: user=0.00 sys=0.00, real=0.00 secs] 
564.301: [GC (Allocation Failure) [PSYoungGen: 68029K->1549K(69120K)] 363162K->296682K(718848K), 0.0015890 secs] [Times: user=0.00 sys=0.00, real=0.00 secs] 
564.700: [GC (Allocation Failure) [PSYoungGen: 68109K->1520K(69120K)] 363242K->296652K(718848K), 0.0014820 secs] [Times: user=0.01 sys=0.00, real=0.01 secs] 
565.102: [GC (Allocation Failure) [PSYoungGen: 68080K->1565K(69120K)] 363212K->296706K(718848K), 0.0015617 secs] [Times: user=0.00 sys=0.00, real=0.00 secs] 
565.503: [GC (Allocation Failure) [PSYoungGen: 68125K->1504K(69120K)] 363266K->296644K(718848K), 0.0018565 secs] [Times: user=0.01 sys=0.00, real=0.00 secs] 
565.815: [GC (Allocation Failure) [PSYoungGen: 68064K->1376K(68096K)] 363204K->296516K(717824K), 0.0019454 secs] [Times: user=0.00 sys=0.00, real=0.00 secs] 
566.170: [GC (Allocation Failure) [PSYoungGen: 67936K->1408K(68608K)] 363076K->296548K(718336K), 0.0018290 secs] [Times: user=0.01 sys=0.00, real=0.01 secs] 
566.467: [GC (Allocation Failure) [PSYoungGen: 67968K->1376K(68608K)] 363108K->296516K(718336K), 0.0017909 secs] [Times: user=0.01 sys=0.00, real=0.00 secs] 
566.844: [GC (Allocation Failure) [PSYoungGen: 67936K->1453K(68608K)] 363076K->296594K(718336K), 0.0020846 secs] [Times: user=0.01 sys=0.00, real=0.00 secs] 
567.247: [GC (Allocation Failure) [PSYoungGen: 68013K->1565K(68608K)] 363154K->296706K(718336K), 0.0017171 secs] [Times: user=0.01 sys=0.00, real=0.00 secs] 
567.649: [GC (Allocation Failure) [PSYoungGen: 68125K->1552K(68608K)] 363266K->296716K(718336K), 0.0015433 secs] [Times: user=0.01 sys=0.00, real=0.01 secs] 
568.048: [GC (Allocation Failure) [PSYoungGen: 68112K->1549K(68608K)] 363276K->296738K(718336K), 0.0015282 secs] [Times: user=0.01 sys=0.00, real=0.00 secs] 
568.866: [GC (Allocation Failure) [PSYoungGen: 68109K->1440K(68608K)] 363298K->296628K(718336K), 0.0045015 secs] [Times: user=0.01 sys=0.00, real=0.01 secs] 
569.698: [GC (Allocation Failure) [PSYoungGen: 68000K->1344K(68608K)] 363188K->296532K(718336K), 0.0043281 secs] [Times: user=0.01 sys=0.01, real=0.01 secs] 
570.305: [GC (Allocation Failure) [PSYoungGen: 67904K->1376K(68608K)] 363092K->296564K(718336K), 0.0022706 secs] [Times: user=0.01 sys=0.00, real=0.00 secs] 
570.658: [GC (Allocation Failure) [PSYoungGen: 67936K->1376K(68608K)] 363124K->296564K(718336K), 0.0018356 secs] [Times: user=0.01 sys=0.00, real=0.00 secs] 
571.128: [GC (Allocation Failure) [PSYoungGen: 67936K->1472K(68608K)] 363124K->296660K(718336K), 0.0014206 secs] [Times: user=0.00 sys=0.00, real=0.00 secs] 
571.526: [GC (Allocation Failure) [PSYoungGen: 68021K->1549K(68608K)] 363210K->296738K(718336K), 0.0016527 secs] [Times: user=0.01 sys=0.00, real=0.00 secs] 
571.926: [GC (Allocation Failure) [PSYoungGen: 68109K->1565K(68608K)] 363298K->296754K(718336K), 0.0015845 secs] [Times: user=0.00 sys=0.00, real=0.00 secs] 
572.330: [GC (Allocation Failure) [PSYoungGen: 68102K->1517K(68608K)] 363291K->296730K(718336K), 0.0017196 secs] [Times: user=0.01 sys=0.00, real=0.01 secs] 
572.719: [GC (Allocation Failure) [PSYoungGen: 68077K->1424K(68608K)] 363290K->296636K(718336K), 0.0016961 secs] [Times: user=0.00 sys=0.00, real=0.01 secs] 
573.045: [GC (Allocation Failure) [PSYoungGen: 67984K->1344K(68608K)] 363196K->296556K(718336K), 0.0015589 secs] [Times: user=0.01 sys=0.00, real=0.00 secs] 
573.388: [GC (Allocation Failure) [PSYoungGen: 67904K->1392K(68608K)] 363116K->296604K(718336K), 0.0016575 secs] [Times: user=0.01 sys=0.00, real=0.00 secs] 
573.732: [GC (Allocation Failure) [PSYoungGen: 67952K->1376K(68608K)] 363164K->296588K(718336K), 0.0019029 secs] [Times: user=0.01 sys=0.00, real=0.00 secs] 
574.116: [GC (Allocation Failure) [PSYoungGen: 67936K->1501K(68608K)] 363148K->296714K(718336K), 0.0015366 secs] [Times: user=0.01 sys=0.00, real=0.00 secs] 
574.516: [GC (Allocation Failure) [PSYoungGen: 68061K->1517K(68608K)] 363274K->296730K(718336K), 0.0015754 secs] [Times: user=0.01 sys=0.00, real=0.00 secs] 
574.918: [GC (Allocation Failure) [PSYoungGen: 68077K->1533K(68608K)] 363290K->296746K(718336K), 0.0015712 secs] [Times: user=0.01 sys=0.00, real=0.00 secs] 
575.379: [GC (Allocation Failure) [PSYoungGen: 68093K->1549K(68608K)] 363306K->296770K(718336K), 0.0018071 secs] [Times: user=0.01 sys=0.00, real=0.01 secs] 
575.716: [GC (Allocation Failure) [PSYoungGen: 68109K->1408K(68608K)] 363330K->296628K(718336K), 0.0019805 secs] [Times: user=0.01 sys=0.00, real=0.00 secs] 
575.993: [GC (Allocation Failure) [PSYoungGen: 67968K->1376K(68608K)] 363188K->296596K(718336K), 0.0018812 secs] [Times: user=0.00 sys=0.00, real=0.00 secs] 
576.270: [GC (Allocation Failure) [PSYoungGen: 67936K->1424K(68608K)] 363156K->296644K(718336K), 0.0018903 secs] [Times: user=0.01 sys=0.00, real=0.01 secs] 
576.547: [GC (Allocation Failure) [PSYoungGen: 67984K->1344K(68608K)] 363204K->296580K(718336K), 0.0018061 secs] [Times: user=0.00 sys=0.00, real=0.00 secs] 
576.925: [GC (Allocation Failure) [PSYoungGen: 67904K->1520K(68608K)] 363140K->296756K(718336K), 0.0014243 secs] [Times: user=0.00 sys=0.00, real=0.00 secs] 
577.330: [GC (Allocation Failure) [PSYoungGen: 68080K->1552K(68608K)] 363316K->296788K(718336K), 0.0015730 secs] [Times: user=0.01 sys=0.00, real=0.01 secs] 
577.730: [GC (Allocation Failure) [PSYoungGen: 68112K->1517K(68608K)] 363348K->296754K(718336K), 0.0015223 secs] [Times: user=0.00 sys=0.00, real=0.01 secs] 
578.132: [GC (Allocation Failure) [PSYoungGen: 68077K->1552K(68608K)] 363314K->296796K(718336K), 0.0015351 secs] [Times: user=0.00 sys=0.00, real=0.00 secs] 
578.475: [GC (Allocation Failure) [PSYoungGen: 68112K->1376K(68608K)] 363356K->296620K(718336K), 0.0017630 secs] [Times: user=0.00 sys=0.00, real=0.00 secs] 
578.752: [GC (Allocation Failure) [PSYoungGen: 67936K->1376K(68608K)] 363180K->296620K(718336K), 0.0018252 secs] [Times: user=0.01 sys=0.00, real=0.00 secs] 
579.029: [GC (Allocation Failure) [PSYoungGen: 67936K->1376K(68608K)] 363180K->296620K(718336K), 0.0015856 secs] [Times: user=0.00 sys=0.00, real=0.01 secs] 
579.526: [GC (Allocation Failure) [PSYoungGen: 67936K->1376K(68608K)] 363180K->296620K(718336K), 0.0017583 secs] [Times: user=0.01 sys=0.00, real=0.00 secs] 
580.159: [GC (Allocation Failure) [PSYoungGen: 67936K->1520K(68608K)] 363180K->296764K(718336K), 0.0015221 secs] [Times: user=0.01 sys=0.00, real=0.01 secs] 
580.560: [GC (Allocation Failure) [PSYoungGen: 68061K->1549K(68608K)] 363306K->296794K(718336K), 0.0015590 secs] [Times: user=0.00 sys=0.00, real=0.01 secs] 
580.960: [GC (Allocation Failure) [PSYoungGen: 68109K->1485K(68608K)] 363354K->296730K(718336K), 0.0015848 secs] [Times: user=0.00 sys=0.00, real=0.00 secs] 
581.705: [GC (Allocation Failure) [PSYoungGen: 68045K->1648K(68608K)] 363290K->296892K(718336K), 0.0023692 secs] [Times: user=0.01 sys=0.00, real=0.00 secs] 
582.451: [GC (Allocation Failure) [PSYoungGen: 68208K->1456K(68608K)] 363452K->296700K(718336K), 0.0033406 secs] [Times: user=0.01 sys=0.00, real=0.00 secs] 
583.275: [GC (Allocation Failure) [PSYoungGen: 68016K->1456K(68608K)] 363260K->296700K(718336K), 0.0031687 secs] [Times: user=0.01 sys=0.00, real=0.00 secs] 
583.867: [GC (Allocation Failure) [PSYoungGen: 68016K->1392K(68608K)] 363260K->296636K(718336K), 0.0039437 secs] [Times: user=0.02 sys=0.00, real=0.01 secs] 
584.420: [GC (Allocation Failure) [PSYoungGen: 67952K->1424K(68608K)] 363196K->296668K(718336K), 0.0034660 secs] [Times: user=0.01 sys=0.00, real=0.00 secs] 
584.958: [GC (Allocation Failure) [PSYoungGen: 67984K->1616K(68608K)] 363228K->296860K(718336K), 0.0016009 secs] [Times: user=0.00 sys=0.00, real=0.00 secs] 
585.360: [GC (Allocation Failure) [PSYoungGen: 68176K->1584K(68608K)] 363420K->296828K(718336K), 0.0015224 secs] [Times: user=0.01 sys=0.00, real=0.01 secs] 
585.761: [GC (Allocation Failure) [PSYoungGen: 68144K->1616K(68608K)] 363388K->296860K(718336K), 0.0014983 secs] [Times: user=0.01 sys=0.00, real=0.00 secs] 
586.210: [GC (Allocation Failure) [PSYoungGen: 68176K->2032K(68608K)] 363420K->297276K(718336K), 0.0018383 secs] [Times: user=0.01 sys=0.00, real=0.01 secs] 
586.800: [GC (Allocation Failure) [PSYoungGen: 68592K->1424K(68608K)] 363836K->296668K(718336K), 0.0017681 secs] [Times: user=0.00 sys=0.00, real=0.01 secs] 
587.354: [GC (Allocation Failure) [PSYoungGen: 67984K->1424K(68608K)] 363228K->296668K(718336K), 0.0034660 secs] [Times: user=0.02 sys=0.00, real=0.00 secs] 
587.924: [GC (Allocation Failure) [PSYoungGen: 67984K->1392K(68608K)] 363228K->296636K(718336K), 0.0031460 secs] [Times: user=0.01 sys=0.00, real=0.00 secs] 
588.463: [GC (Allocation Failure) [PSYoungGen: 67952K->1392K(68608K)] 363196K->296636K(718336K), 0.0028187 secs] [Times: user=0.01 sys=0.00, real=0.00 secs] 
588.990: [GC (Allocation Failure) [PSYoungGen: 67952K->1616K(68608K)] 363196K->296860K(718336K), 0.0016250 secs] [Times: user=0.01 sys=0.00, real=0.00 secs] 
589.390: [GC (Allocation Failure) [PSYoungGen: 68176K->1648K(68608K)] 363420K->296916K(718336K), 0.0016166 secs] [Times: user=0.01 sys=0.00, real=0.00 secs] 
589.868: [GC (Allocation Failure) [PSYoungGen: 68208K->1616K(68608K)] 363476K->296932K(718336K), 0.0017139 secs] [Times: user=0.00 sys=0.00, real=0.00 secs] 
590.284: [GC (Allocation Failure) [PSYoungGen: 68176K->1472K(68608K)] 363492K->296796K(718336K), 0.0019410 secs] [Times: user=0.01 sys=0.00, real=0.00 secs] 
590.784: [GC (Allocation Failure) [PSYoungGen: 68032K->1408K(68608K)] 363356K->296732K(718336K), 0.0026304 secs] [Times: user=0.01 sys=0.01, real=0.00 secs] 
591.282: [GC (Allocation Failure) [PSYoungGen: 67968K->1392K(68608K)] 363292K->296716K(718336K), 0.0026835 secs] [Times: user=0.01 sys=0.00, real=0.00 secs] 
591.813: [GC (Allocation Failure) [PSYoungGen: 67952K->1408K(68608K)] 363276K->296732K(718336K), 0.0026713 secs] [Times: user=0.01 sys=0.00, real=0.00 secs] 
592.574: [GC (Allocation Failure) [PSYoungGen: 67968K->1469K(68608K)] 363292K->296794K(718336K), 0.0023764 secs] [Times: user=0.01 sys=0.00, real=0.00 secs] 
593.042: [GC (Allocation Failure) [PSYoungGen: 68029K->1533K(68608K)] 363354K->296858K(718336K), 0.0016386 secs] [Times: user=0.00 sys=0.00, real=0.00 secs] 
593.442: [GC (Allocation Failure) [PSYoungGen: 68093K->1488K(68608K)] 363418K->296812K(718336K), 0.0015823 secs] [Times: user=0.00 sys=0.00, real=0.00 secs] 
593.849: [GC (Allocation Failure) [PSYoungGen: 68048K->1520K(68608K)] 363372K->296852K(718336K), 0.0015267 secs] [Times: user=0.00 sys=0.00, real=0.01 secs] 
594.456: [GC (Allocation Failure) [PSYoungGen: 68080K->1472K(68608K)] 363412K->296804K(718336K), 0.0021022 secs] [Times: user=0.01 sys=0.00, real=0.00 secs] 
594.733: [GC (Allocation Failure) [PSYoungGen: 68032K->1360K(68608K)] 363364K->296692K(718336K), 0.0018427 secs] [Times: user=0.00 sys=0.00, real=0.00 secs] 
595.010: [GC (Allocation Failure) [PSYoungGen: 67920K->1408K(68608K)] 363252K->296740K(718336K), 0.0028387 secs] [Times: user=0.01 sys=0.00, real=0.00 secs] 
595.288: [GC (Allocation Failure) [PSYoungGen: 67968K->1408K(68608K)] 363300K->296740K(718336K), 0.0019091 secs] [Times: user=0.01 sys=0.00, real=0.01 secs] 
595.632: [GC (Allocation Failure) [PSYoungGen: 67968K->1520K(68608K)] 363300K->296852K(718336K), 0.0013586 secs] [Times: user=0.00 sys=0.00, real=0.00 secs] 
596.032: [GC (Allocation Failure) [PSYoungGen: 68080K->1536K(68608K)] 363412K->296868K(718336K), 0.0015618 secs] [Times: user=0.00 sys=0.00, real=0.00 secs] 
596.432: [GC (Allocation Failure) [PSYoungGen: 68096K->1597K(68608K)] 363428K->296930K(718336K), 0.0015619 secs] [Times: user=0.00 sys=0.00, real=0.00 secs] 
596.831: [GC (Allocation Failure) [PSYoungGen: 68155K->1517K(68608K)] 363488K->296866K(718336K), 0.0015647 secs] [Times: user=0.01 sys=0.00, real=0.00 secs] 
597.537: [GC (Allocation Failure) [PSYoungGen: 68077K->1440K(68608K)] 363426K->296796K(718336K), 0.0022325 secs] [Times: user=0.01 sys=0.00, real=0.00 secs] 
598.379: [GC (Allocation Failure) [PSYoungGen: 68000K->1360K(68608K)] 363356K->296732K(718336K), 0.0033847 secs] [Times: user=0.01 sys=0.00, real=0.01 secs] 
599.106: [GC (Allocation Failure) [PSYoungGen: 67920K->1408K(68608K)] 363292K->296780K(718336K), 0.0036248 secs] [Times: user=0.01 sys=0.00, real=0.00 secs] 
599.677: [GC (Allocation Failure) [PSYoungGen: 67968K->1376K(68608K)] 363340K->296748K(718336K), 0.0023078 secs] [Times: user=0.01 sys=0.00, real=0.00 secs] 
600.381: [GC (Allocation Failure) [PSYoungGen: 67936K->1437K(68608K)] 363308K->296810K(718336K), 0.0018318 secs] [Times: user=0.00 sys=0.00, real=0.00 secs] 
600.786: [GC (Allocation Failure) [PSYoungGen: 67997K->1584K(68608K)] 363370K->296956K(718336K), 0.0015881 secs] [Times: user=0.01 sys=0.00, real=0.00 secs] 
601.188: [GC (Allocation Failure) [PSYoungGen: 68144K->1485K(68608K)] 363516K->296858K(718336K), 0.0015896 secs] [Times: user=0.01 sys=0.00, real=0.00 secs] 
601.589: [GC (Allocation Failure) [PSYoungGen: 68045K->1597K(68608K)] 363418K->296986K(718336K), 0.0016604 secs] [Times: user=0.01 sys=0.01, real=0.01 secs] 
602.977: [GC (Allocation Failure) [PSYoungGen: 68157K->1456K(68608K)] 363546K->296844K(718336K), 0.0041258 secs] [Times: user=0.01 sys=0.00, real=0.01 secs] 
603.610: [GC (Allocation Failure) [PSYoungGen: 68016K->1376K(68608K)] 363404K->296764K(718336K), 0.0025184 secs] [Times: user=0.01 sys=0.00, real=0.01 secs] 
603.898: [GC (Allocation Failure) [PSYoungGen: 67936K->1440K(68608K)] 363324K->296828K(718336K), 0.0018801 secs] [Times: user=0.01 sys=0.00, real=0.00 secs] 
604.268: [GC (Allocation Failure) [PSYoungGen: 68000K->1312K(68608K)] 363388K->296700K(718336K), 0.0019360 secs] [Times: user=0.01 sys=0.00, real=0.00 secs] 
604.666: [GC (Allocation Failure) [PSYoungGen: 67872K->1472K(68608K)] 363260K->296860K(718336K), 0.0015716 secs] [Times: user=0.01 sys=0.00, real=0.00 secs] 
605.066: [GC (Allocation Failure) [PSYoungGen: 68032K->1549K(68608K)] 363420K->296938K(718336K), 0.0016313 secs] [Times: user=0.00 sys=0.00, real=0.00 secs] 
605.469: [GC (Allocation Failure) [PSYoungGen: 68109K->1549K(68608K)] 363498K->296938K(718336K), 0.0015919 secs] [Times: user=0.01 sys=0.00, real=0.01 secs] 
605.870: [GC (Allocation Failure) [PSYoungGen: 68109K->1517K(68608K)] 363498K->296922K(718336K), 0.0015935 secs] [Times: user=0.01 sys=0.00, real=0.01 secs] 
606.496: [GC (Allocation Failure) [PSYoungGen: 68077K->1440K(68608K)] 363482K->296844K(718336K), 0.0022889 secs] [Times: user=0.01 sys=0.00, real=0.00 secs] 
607.059: [GC (Allocation Failure) [PSYoungGen: 68000K->1376K(68608K)] 363404K->296780K(718336K), 0.0022623 secs] [Times: user=0.01 sys=0.00, real=0.01 secs] 
607.739: [GC (Allocation Failure) [PSYoungGen: 67936K->1408K(68608K)] 363340K->296812K(718336K), 0.0025975 secs] [Times: user=0.01 sys=0.00, real=0.01 secs] 
608.748: [GC (Allocation Failure) [PSYoungGen: 67968K->1344K(68608K)] 363372K->296748K(718336K), 0.0029412 secs] [Times: user=0.01 sys=0.00, real=0.01 secs] 
609.869: [GC (Allocation Failure) [PSYoungGen: 67904K->1504K(68608K)] 363308K->296908K(718336K), 0.0016946 secs] [Times: user=0.00 sys=0.00, real=0.01 secs] 
610.269: [GC (Allocation Failure) [PSYoungGen: 68064K->1517K(68608K)] 363468K->296938K(718336K), 0.0016349 secs] [Times: user=0.01 sys=0.00, real=0.01 secs] 
610.739: [GC (Allocation Failure) [PSYoungGen: 68077K->1549K(68608K)] 363498K->296970K(718336K), 0.0015981 secs] [Times: user=0.01 sys=0.00, real=0.01 secs] 
611.140: [GC (Allocation Failure) [PSYoungGen: 68109K->1517K(68608K)] 363530K->296954K(718336K), 0.0015942 secs] [Times: user=0.01 sys=0.00, real=0.00 secs] 
611.451: [GC (Allocation Failure) [PSYoungGen: 68077K->1424K(68608K)] 363514K->296868K(718336K), 0.0021629 secs] [Times: user=0.01 sys=0.00, real=0.00 secs] 
611.728: [GC (Allocation Failure) [PSYoungGen: 67984K->1440K(68608K)] 363428K->296884K(718336K), 0.0026804 secs] [Times: user=0.01 sys=0.00, real=0.01 secs] 
612.092: [GC (Allocation Failure) [PSYoungGen: 68000K->1408K(68608K)] 363444K->296852K(718336K), 0.0018362 secs] [Times: user=0.01 sys=0.00, real=0.00 secs] 
612.399: [GC (Allocation Failure) [PSYoungGen: 67968K->1392K(68608K)] 363412K->296836K(718336K), 0.0020942 secs] [Times: user=0.01 sys=0.00, real=0.01 secs] 
612.790: [GC (GCLocker Initiated GC) [PSYoungGen: 67952K->1504K(68608K)] 363396K->296948K(718336K), 0.0016080 secs] [Times: user=0.00 sys=0.00, real=0.01 secs] 
613.193: [GC (Allocation Failure) [PSYoungGen: 68064K->1533K(68608K)] 363734K->297203K(718336K), 0.0016529 secs] [Times: user=0.01 sys=0.00, real=0.00 secs] 
613.594: [GC (Allocation Failure) [PSYoungGen: 68093K->1581K(68608K)] 363763K->297251K(718336K), 0.0015743 secs] [Times: user=0.01 sys=0.00, real=0.00 secs] 
613.995: [GC (Allocation Failure) [PSYoungGen: 68141K->1584K(68608K)] 363811K->297278K(718336K), 0.0016299 secs] [Times: user=0.01 sys=0.00, real=0.00 secs] 
614.784: [GC (Allocation Failure) [PSYoungGen: 68144K->1536K(68608K)] 363838K->297230K(718336K), 0.0020134 secs] [Times: user=0.01 sys=0.00, real=0.00 secs] 
615.480: [GC (Allocation Failure) [PSYoungGen: 68096K->1472K(68608K)] 363790K->297166K(718336K), 0.0020538 secs] [Times: user=0.01 sys=0.00, real=0.00 secs] 
616.040: [GC (Allocation Failure) [PSYoungGen: 68032K->1504K(68608K)] 363726K->297198K(718336K), 0.0020724 secs] [Times: user=0.01 sys=0.01, real=0.01 secs] 
616.538: [GC (Allocation Failure) [PSYoungGen: 68064K->1472K(68608K)] 363758K->297166K(718336K), 0.0021709 secs] [Times: user=0.00 sys=0.00, real=0.01 secs] 
617.058: [GC (Allocation Failure) [PSYoungGen: 68032K->1597K(68608K)] 363726K->297291K(718336K), 0.0015680 secs] [Times: user=0.00 sys=0.00, real=0.00 secs] 
617.460: [GC (Allocation Failure) [PSYoungGen: 68157K->1645K(68608K)] 363851K->297339K(718336K), 0.0015404 secs] [Times: user=0.01 sys=0.00, real=0.00 secs] 
617.864: [GC (Allocation Failure) [PSYoungGen: 68205K->1597K(68608K)] 363899K->297307K(718336K), 0.0016969 secs] [Times: user=0.01 sys=0.00, real=0.00 secs] 
618.337: [GC (Allocation Failure) [PSYoungGen: 68157K->2016K(68608K)] 363867K->297846K(718336K), 0.0018261 secs] [Times: user=0.01 sys=0.00, real=0.00 secs] 
618.943: [GC (Allocation Failure) [PSYoungGen: 68576K->1440K(68608K)] 364406K->297270K(718336K), 0.0016205 secs] [Times: user=0.01 sys=0.00, real=0.00 secs] 
619.359: [GC (Allocation Failure) [PSYoungGen: 68000K->1440K(68608K)] 363830K->297270K(718336K), 0.0018877 secs] [Times: user=0.01 sys=0.00, real=0.01 secs] 
619.695: [GC (Allocation Failure) [PSYoungGen: 68000K->1440K(68608K)] 363830K->297270K(718336K), 0.0017122 secs] [Times: user=0.00 sys=0.00, real=0.00 secs] 
620.001: [GC (Allocation Failure) [PSYoungGen: 68000K->1376K(68608K)] 363830K->297254K(718336K), 0.0018240 secs] [Times: user=0.00 sys=0.00, real=0.00 secs] 
620.421: [GC (Allocation Failure) [PSYoungGen: 67912K->1565K(68608K)] 363790K->297451K(718336K), 0.0015547 secs] [Times: user=0.00 sys=0.00, real=0.00 secs] 
620.822: [GC (GCLocker Initiated GC) [PSYoungGen: 68125K->1549K(68608K)] 364012K->297436K(718336K), 0.0017538 secs] [Times: user=0.01 sys=0.00, real=0.00 secs] 
621.298: [GC (Allocation Failure) [PSYoungGen: 68109K->1520K(68608K)] 364222K->297632K(718336K), 0.0017308 secs] [Times: user=0.00 sys=0.00, real=0.00 secs] 
621.685: [GC (Allocation Failure) [PSYoungGen: 68080K->1536K(68608K)] 364192K->298680K(718336K), 0.0019406 secs] [Times: user=0.01 sys=0.00, real=0.00 secs] 
621.962: [GC (Allocation Failure) [PSYoungGen: 68096K->416K(68608K)] 365240K->297560K(718336K), 0.0020650 secs] [Times: user=0.01 sys=0.00, real=0.00 secs] 
622.240: [GC (Allocation Failure) [PSYoungGen: 66976K->384K(68608K)] 364120K->297544K(718336K), 0.0018555 secs] [Times: user=0.01 sys=0.00, real=0.01 secs] 
622.518: [GC (Allocation Failure) [PSYoungGen: 66944K->416K(69120K)] 364104K->297576K(718848K), 0.0025971 secs] [Times: user=0.01 sys=0.00, real=0.01 secs] 
622.845: [GC (Allocation Failure) [PSYoungGen: 66900K->368K(69120K)] 364061K->297528K(718848K), 0.0019521 secs] [Times: user=0.01 sys=0.00, real=0.00 secs] 
623.279: [GC (Allocation Failure) [PSYoungGen: 66928K->1613K(69120K)] 364088K->298774K(718848K), 0.0017205 secs] [Times: user=0.01 sys=0.00, real=0.01 secs] 
623.681: [GC (Allocation Failure) [PSYoungGen: 68173K->1565K(69120K)] 365334K->298726K(718848K), 0.0017021 secs] [Times: user=0.01 sys=0.00, real=0.00 secs] 
624.081: [GC (Allocation Failure) [PSYoungGen: 68125K->1597K(69120K)] 365286K->298782K(718848K), 0.0016508 secs] [Times: user=0.00 sys=0.00, real=0.00 secs] 
624.512: [GC (Allocation Failure) [PSYoungGen: 68157K->1520K(69120K)] 365342K->298704K(718848K), 0.0022477 secs] [Times: user=0.01 sys=0.00, real=0.00 secs] 
624.827: [GC (Allocation Failure) [PSYoungGen: 68080K->1376K(69120K)] 365264K->298560K(718848K), 0.0020096 secs] [Times: user=0.00 sys=0.00, real=0.00 secs] 
625.153: [GC (Allocation Failure) [PSYoungGen: 67936K->1472K(69120K)] 365120K->298656K(718848K), 0.0017471 secs] [Times: user=0.01 sys=0.00, real=0.00 secs] 
625.496: [GC (Allocation Failure) [PSYoungGen: 68032K->1472K(69120K)] 365216K->298656K(718848K), 0.0018777 secs] [Times: user=0.01 sys=0.00, real=0.00 secs] 
625.885: [GC (Allocation Failure) [PSYoungGen: 68032K->1552K(69120K)] 365216K->298785K(718848K), 0.0015092 secs] [Times: user=0.01 sys=0.00, real=0.00 secs] 
626.286: [GC (Allocation Failure) [PSYoungGen: 68112K->1533K(69120K)] 365345K->298766K(718848K), 0.0016909 secs] [Times: user=0.01 sys=0.00, real=0.00 secs] 
626.685: [GC (Allocation Failure) [PSYoungGen: 68093K->1533K(69120K)] 365326K->298814K(718848K), 0.0016864 secs] [Times: user=0.01 sys=0.00, real=0.00 secs] 
627.087: [GC (Allocation Failure) [PSYoungGen: 68093K->1552K(69120K)] 365374K->298849K(718848K), 0.0016226 secs] [Times: user=0.01 sys=0.00, real=0.00 secs] 
627.726: [GC (Allocation Failure) [PSYoungGen: 68112K->1472K(69120K)] 365409K->298768K(718848K), 0.0022670 secs] [Times: user=0.01 sys=0.00, real=0.00 secs] 
628.524: [GC (Allocation Failure) [PSYoungGen: 68032K->1344K(68096K)] 365328K->298640K(717824K), 0.0028262 secs] [Times: user=0.01 sys=0.00, real=0.00 secs] 
629.704: [GC (Allocation Failure) [PSYoungGen: 67904K->1408K(68608K)] 365200K->298704K(718336K), 0.0035105 secs] [Times: user=0.01 sys=0.00, real=0.00 secs] 
630.401: [GC (Allocation Failure) [PSYoungGen: 67968K->1376K(68608K)] 365264K->298672K(718336K), 0.0027860 secs] [Times: user=0.01 sys=0.00, real=0.00 secs] 
631.036: [GC (Allocation Failure) [PSYoungGen: 67936K->1424K(68608K)] 365232K->298721K(718336K), 0.0015579 secs] [Times: user=0.00 sys=0.00, real=0.00 secs] 
631.498: [GC (Allocation Failure) [PSYoungGen: 67984K->1600K(68608K)] 365281K->298897K(718336K), 0.0016522 secs] [Times: user=0.01 sys=0.00, real=0.00 secs] 
631.897: [GC (Allocation Failure) [PSYoungGen: 68160K->1597K(68608K)] 365457K->298894K(718336K), 0.0015654 secs] [Times: user=0.01 sys=0.00, real=0.00 secs] 
632.297: [GC (Allocation Failure) [PSYoungGen: 68154K->1549K(68608K)] 365451K->298862K(718336K), 0.0016205 secs] [Times: user=0.01 sys=0.00, real=0.00 secs] 
633.016: [GC (Allocation Failure) [PSYoungGen: 68109K->1424K(68608K)] 365422K->298736K(718336K), 0.0028130 secs] [Times: user=0.01 sys=0.00, real=0.00 secs] 
633.530: [GC (Allocation Failure) [PSYoungGen: 67984K->1328K(68608K)] 365296K->298640K(718336K), 0.0024379 secs] [Times: user=0.01 sys=0.00, real=0.01 secs] 
634.071: [GC (Allocation Failure) [PSYoungGen: 67888K->1408K(68608K)] 365200K->298720K(718336K), 0.0023104 secs] [Times: user=0.01 sys=0.00, real=0.00 secs] 
634.656: [GC (Allocation Failure) [PSYoungGen: 67968K->1376K(68608K)] 365280K->298688K(718336K), 0.0029137 secs] [Times: user=0.01 sys=0.00, real=0.00 secs] 
635.285: [GC (Allocation Failure) [PSYoungGen: 67936K->1469K(68608K)] 365248K->298782K(718336K), 0.0016976 secs] [Times: user=0.00 sys=0.00, real=0.00 secs] 
635.686: [GC (Allocation Failure) [PSYoungGen: 68029K->1549K(68608K)] 365342K->298862K(718336K), 0.0016613 secs] [Times: user=0.00 sys=0.00, real=0.00 secs] 
636.087: [GC (Allocation Failure) [PSYoungGen: 68109K->1501K(68608K)] 365422K->298814K(718336K), 0.0015759 secs] [Times: user=0.01 sys=0.00, real=0.00 secs] 
636.551: [GC (Allocation Failure) [PSYoungGen: 68061K->1533K(68608K)] 365374K->298854K(718336K), 0.0016252 secs] [Times: user=0.00 sys=0.00, real=0.00 secs] 
637.162: [GC (Allocation Failure) [PSYoungGen: 68093K->1376K(68608K)] 365414K->298696K(718336K), 0.0022805 secs] [Times: user=0.01 sys=0.00, real=0.00 secs] 
637.498: [GC (Allocation Failure) [PSYoungGen: 67936K->1408K(68608K)] 365256K->298728K(718336K), 0.0018449 secs] [Times: user=0.01 sys=0.00, real=0.00 secs] 
637.775: [GC (Allocation Failure) [PSYoungGen: 67968K->1392K(68608K)] 365288K->298712K(718336K), 0.0019011 secs] [Times: user=0.00 sys=0.00, real=0.00 secs] 
638.051: [GC (Allocation Failure) [PSYoungGen: 67952K->1408K(68608K)] 365272K->298744K(718336K), 0.0018302 secs] [Times: user=0.01 sys=0.00, real=0.00 secs] 
638.417: [GC (Allocation Failure) [PSYoungGen: 67968K->1472K(68608K)] 365304K->298809K(718336K), 0.0014784 secs] [Times: user=0.01 sys=0.00, real=0.00 secs] 
638.885: [GC (Allocation Failure) [PSYoungGen: 68032K->1517K(68608K)] 365369K->298854K(718336K), 0.0016200 secs] [Times: user=0.00 sys=0.00, real=0.00 secs] 
639.345: [GC (Allocation Failure) [PSYoungGen: 68077K->1549K(68608K)] 365414K->298886K(718336K), 0.0015980 secs] [Times: user=0.00 sys=0.00, real=0.00 secs] 
639.813: [GC (Allocation Failure) [PSYoungGen: 68098K->1517K(68608K)] 365434K->298862K(718336K), 0.0015618 secs] [Times: user=0.00 sys=0.00, real=0.00 secs] 
640.251: [GC (Allocation Failure) [PSYoungGen: 68077K->1408K(68608K)] 365422K->298752K(718336K), 0.0020050 secs] [Times: user=0.01 sys=0.00, real=0.00 secs] 
640.522: [GC (Allocation Failure) [PSYoungGen: 67968K->1312K(68608K)] 365312K->298656K(718336K), 0.0020014 secs] [Times: user=0.00 sys=0.00, real=0.00 secs] 
640.799: [GC (Allocation Failure) [PSYoungGen: 67872K->1392K(68608K)] 365216K->298736K(718336K), 0.0017845 secs] [Times: user=0.01 sys=0.00, real=0.01 secs] 
641.216: [GC (Allocation Failure) [PSYoungGen: 67952K->1392K(68608K)] 365296K->298736K(718336K), 0.0018684 secs] [Times: user=0.01 sys=0.00, real=0.00 secs] 
641.654: [GC (Allocation Failure) [PSYoungGen: 67952K->1469K(68608K)] 365296K->298814K(718336K), 0.0016624 secs] [Times: user=0.01 sys=0.00, real=0.00 secs] 
642.054: [GC (Allocation Failure) [PSYoungGen: 68029K->1549K(68608K)] 365374K->298894K(718336K), 0.0016078 secs] [Times: user=0.01 sys=0.00, real=0.00 secs] 
642.456: [GC (Allocation Failure) [PSYoungGen: 68109K->1520K(68608K)] 365454K->298865K(718336K), 0.0016474 secs] [Times: user=0.00 sys=0.00, real=0.00 secs] 
642.860: [GC (Allocation Failure) [PSYoungGen: 68080K->1517K(68608K)] 365425K->298870K(718336K), 0.0015817 secs] [Times: user=0.01 sys=0.00, real=0.00 secs] 
643.839: [GC (Allocation Failure) [PSYoungGen: 68077K->1376K(68608K)] 365430K->298728K(718336K), 0.0036602 secs] [Times: user=0.01 sys=0.00, real=0.01 secs] 
644.229: [GC (Allocation Failure) [PSYoungGen: 67936K->1376K(68608K)] 365288K->298728K(718336K), 0.0045783 secs] [Times: user=0.03 sys=0.00, real=0.01 secs] 
644.509: [GC (Allocation Failure) [PSYoungGen: 67936K->1408K(68608K)] 365288K->298760K(718336K), 0.0019406 secs] [Times: user=0.01 sys=0.00, real=0.01 secs] 
644.785: [GC (Allocation Failure) [PSYoungGen: 67968K->1408K(68608K)] 365320K->298760K(718336K), 0.0018958 secs] [Times: user=0.01 sys=0.00, real=0.00 secs] 
645.207: [GC (Allocation Failure) [PSYoungGen: 67968K->1520K(68608K)] 365320K->298873K(718336K), 0.0015710 secs] [Times: user=0.01 sys=0.00, real=0.00 secs] 
645.667: [GC (Allocation Failure) [PSYoungGen: 68080K->1549K(68608K)] 365433K->298902K(718336K), 0.0015005 secs] [Times: user=0.01 sys=0.00, real=0.00 secs] 
646.069: [GC (Allocation Failure) [PSYoungGen: 68109K->1552K(68608K)] 365462K->298905K(718336K), 0.0016385 secs] [Times: user=0.00 sys=0.00, real=0.01 secs] 
646.689: [GC (Allocation Failure) [PSYoungGen: 68112K->1792K(68608K)] 365465K->299144K(718336K), 0.0020079 secs] [Times: user=0.01 sys=0.00, real=0.01 secs] 
647.947: [GC (Allocation Failure) [PSYoungGen: 68352K->1344K(68608K)] 365704K->298696K(718336K), 0.0044333 secs] [Times: user=0.01 sys=0.00, real=0.01 secs] 
648.943: [GC (Allocation Failure) [PSYoungGen: 67904K->1392K(68608K)] 365256K->298744K(718336K), 0.0022647 secs] [Times: user=0.01 sys=0.00, real=0.00 secs] 
649.212: [GC (Allocation Failure) [PSYoungGen: 67952K->1376K(68608K)] 365304K->298752K(718336K), 0.0018888 secs] [Times: user=0.01 sys=0.00, real=0.00 secs] 
649.489: [GC (Allocation Failure) [PSYoungGen: 67936K->1344K(68608K)] 365312K->298720K(718336K), 0.0017709 secs] [Times: user=0.01 sys=0.00, real=0.01 secs] 
649.904: [GC (Allocation Failure) [PSYoungGen: 67904K->1549K(68608K)] 365280K->298926K(718336K), 0.0015684 secs] [Times: user=0.01 sys=0.00, real=0.00 secs] 
650.305: [GC (Allocation Failure) [PSYoungGen: 68109K->1552K(68608K)] 365486K->298929K(718336K), 0.0015374 secs] [Times: user=0.01 sys=0.00, real=0.00 secs] 
650.705: [GC (Allocation Failure) [PSYoungGen: 68112K->1629K(68608K)] 365489K->299006K(718336K), 0.0016023 secs] [Times: user=0.01 sys=0.00, real=0.00 secs] 
651.393: [GC (Allocation Failure) [PSYoungGen: 68189K->1504K(68608K)] 365566K->299912K(718336K), 0.0018516 secs] [Times: user=0.01 sys=0.00, real=0.00 secs] 
652.516: [GC (Allocation Failure) [PSYoungGen: 68064K->288K(68608K)] 366472K->298704K(718336K), 0.0031767 secs] [Times: user=0.01 sys=0.00, real=0.00 secs] 
653.314: [GC (Allocation Failure) [PSYoungGen: 66848K->352K(68096K)] 365264K->298768K(717824K), 0.0026083 secs] [Times: user=0.01 sys=0.00, real=0.00 secs] 
653.683: [GC (Allocation Failure) [PSYoungGen: 66400K->384K(68608K)] 364816K->298800K(718336K), 0.0019897 secs] [Times: user=0.00 sys=0.00, real=0.00 secs] 
653.958: [GC (Allocation Failure) [PSYoungGen: 66432K->352K(68608K)] 364848K->298768K(718336K), 0.0016234 secs] [Times: user=0.01 sys=0.00, real=0.00 secs] 
654.363: [GC (Allocation Failure) [PSYoungGen: 66400K->1632K(68608K)] 364816K->300049K(718336K), 0.0017322 secs] [Times: user=0.01 sys=0.00, real=0.00 secs] 
654.758: [GC (Allocation Failure) [PSYoungGen: 67675K->1549K(68608K)] 366092K->299966K(718336K), 0.0015412 secs] [Times: user=0.01 sys=0.00, real=0.00 secs] 
655.155: [GC (Allocation Failure) [PSYoungGen: 67597K->1533K(68608K)] 366014K->299958K(718336K), 0.0015518 secs] [Times: user=0.00 sys=0.00, real=0.00 secs] 
655.650: [GC (Allocation Failure) [PSYoungGen: 67581K->2544K(68096K)] 366006K->301009K(717824K), 0.0021373 secs] [Times: user=0.00 sys=0.00, real=0.01 secs] 
655.923: [GC (Allocation Failure) [PSYoungGen: 68080K->1376K(68608K)] 366545K->299840K(718336K), 0.0019613 secs] [Times: user=0.00 sys=0.00, real=0.00 secs] 
656.287: [GC (Allocation Failure) [PSYoungGen: 66912K->1376K(67584K)] 365376K->299840K(717312K), 0.0018816 secs] [Times: user=0.01 sys=0.00, real=0.00 secs] 
656.560: [GC (Allocation Failure) [PSYoungGen: 66912K->1424K(68096K)] 365376K->299889K(717824K), 0.0019571 secs] [Times: user=0.01 sys=0.00, real=0.01 secs] 
656.832: [GC (Allocation Failure) [PSYoungGen: 66960K->1408K(68096K)] 365425K->299880K(717824K), 0.0017303 secs] [Times: user=0.01 sys=0.00, real=0.00 secs] 
657.409: [GC (Allocation Failure) [PSYoungGen: 66944K->1597K(68096K)] 365416K->300070K(717824K), 0.0015825 secs] [Times: user=0.00 sys=0.00, real=0.01 secs] 
657.803: [GC (Allocation Failure) [PSYoungGen: 67133K->1552K(68096K)] 365606K->300025K(717824K), 0.0017411 secs] [Times: user=0.01 sys=0.00, real=0.00 secs] 
658.199: [GC (Allocation Failure) [PSYoungGen: 67088K->1517K(68096K)] 365561K->300030K(717824K), 0.0016252 secs] [Times: user=0.01 sys=0.00, real=0.01 secs] 
658.653: [GC (Allocation Failure) [PSYoungGen: 67053K->2496K(68096K)] 365566K->301009K(717824K), 0.0020694 secs] [Times: user=0.01 sys=0.00, real=0.00 secs] 
658.929: [GC (Allocation Failure) [PSYoungGen: 68032K->1408K(68096K)] 366545K->299920K(717824K), 0.0018063 secs] [Times: user=0.01 sys=0.00, real=0.01 secs] 
659.201: [GC (Allocation Failure) [PSYoungGen: 66944K->1392K(68096K)] 365456K->299905K(717824K), 0.0017783 secs] [Times: user=0.01 sys=0.00, real=0.00 secs] 
659.656: [GC (Allocation Failure) [PSYoungGen: 66928K->1376K(68096K)] 365441K->299888K(717824K), 0.0018210 secs] [Times: user=0.01 sys=0.00, real=0.00 secs] 
660.219: [GC (Allocation Failure) [PSYoungGen: 66912K->1408K(68096K)] 365424K->299920K(717824K), 0.0020404 secs] [Times: user=0.01 sys=0.00, real=0.01 secs] 
660.694: [GC (Allocation Failure) [PSYoungGen: 66944K->1517K(68096K)] 365456K->300030K(717824K), 0.0015354 secs] [Times: user=0.01 sys=0.00, real=0.00 secs] 
661.086: [GC (Allocation Failure) [PSYoungGen: 67025K->1517K(68096K)] 365538K->300030K(717824K), 0.0016266 secs] [Times: user=0.00 sys=0.00, real=0.00 secs] 
661.478: [GC (Allocation Failure) [PSYoungGen: 67053K->1533K(68096K)] 365566K->300054K(717824K), 0.0016777 secs] [Times: user=0.01 sys=0.00, real=0.00 secs] 
661.906: [GC (Allocation Failure) [PSYoungGen: 67069K->2496K(68096K)] 365590K->301017K(717824K), 0.0019567 secs] [Times: user=0.00 sys=0.00, real=0.00 secs] 
662.497: [GC (Allocation Failure) [PSYoungGen: 68032K->1376K(68096K)] 366553K->299896K(717824K), 0.0019091 secs] [Times: user=0.01 sys=0.00, real=0.00 secs] 
663.084: [GC (Allocation Failure) [PSYoungGen: 66912K->1408K(68096K)] 365432K->299928K(717824K), 0.0031817 secs] [Times: user=0.01 sys=0.00, real=0.00 secs] 
663.894: [GC (Allocation Failure) [PSYoungGen: 66944K->1376K(68096K)] 365464K->299896K(717824K), 0.0031379 secs] [Times: user=0.01 sys=0.00, real=0.00 secs] 
664.821: [GC (Allocation Failure) [PSYoungGen: 66912K->1344K(68096K)] 365432K->299864K(717824K), 0.0048302 secs] [Times: user=0.02 sys=0.00, real=0.00 secs] 
665.381: [GC (Allocation Failure) [PSYoungGen: 66880K->1501K(68096K)] 365400K->300022K(717824K), 0.0018086 secs] [Times: user=0.01 sys=0.00, real=0.00 secs] 
665.782: [GC (Allocation Failure) [PSYoungGen: 67037K->1584K(68096K)] 365558K->300105K(717824K), 0.0016066 secs] [Times: user=0.01 sys=0.00, real=0.00 secs] 
666.235: [GC (Allocation Failure) [PSYoungGen: 67120K->1565K(68096K)] 365641K->300102K(717824K), 0.0016530 secs] [Times: user=0.01 sys=0.00, real=0.00 secs] 
666.763: [GC (Allocation Failure) [PSYoungGen: 67101K->2528K(68096K)] 365638K->301105K(717824K), 0.0020648 secs] [Times: user=0.01 sys=0.00, real=0.00 secs] 
667.369: [GC (Allocation Failure) [PSYoungGen: 68064K->1408K(68096K)] 366641K->299984K(717824K), 0.0024302 secs] [Times: user=0.01 sys=0.00, real=0.01 secs] 
667.974: [GC (Allocation Failure) [PSYoungGen: 66944K->1376K(68096K)] 365520K->299952K(717824K), 0.0031270 secs] [Times: user=0.01 sys=0.00, real=0.00 secs] 
668.592: [GC (Allocation Failure) [PSYoungGen: 66912K->1408K(68096K)] 365488K->299984K(717824K), 0.0030979 secs] [Times: user=0.01 sys=0.00, real=0.00 secs] 
669.385: [GC (Allocation Failure) [PSYoungGen: 66944K->1376K(68096K)] 365520K->299952K(717824K), 0.0028945 secs] [Times: user=0.01 sys=0.00, real=0.00 secs] 
669.923: [GC (Allocation Failure) [PSYoungGen: 66912K->1549K(68096K)] 365488K->300150K(717824K), 0.0016423 secs] [Times: user=0.00 sys=0.00, real=0.00 secs] 
670.316: [GC (Allocation Failure) [PSYoungGen: 67085K->1552K(68096K)] 365686K->300153K(717824K), 0.0015880 secs] [Times: user=0.01 sys=0.00, real=0.00 secs] 
670.708: [GC (Allocation Failure) [PSYoungGen: 67088K->1520K(68096K)] 365689K->300137K(717824K), 0.0015320 secs] [Times: user=0.00 sys=0.00, real=0.00 secs] 
671.096: [GC (Allocation Failure) [PSYoungGen: 66389K->2544K(68096K)] 365006K->301161K(717824K), 0.0017042 secs] [Times: user=0.00 sys=0.00, real=0.00 secs] 
671.364: [GC (Allocation Failure) [PSYoungGen: 68080K->1424K(68096K)] 366697K->300041K(717824K), 0.0014100 secs] [Times: user=0.01 sys=0.00, real=0.00 secs] 
671.659: [GC (Allocation Failure) [PSYoungGen: 66960K->1440K(68096K)] 365577K->300056K(717824K), 0.0015947 secs] [Times: user=0.01 sys=0.00, real=0.01 secs] 
671.966: [GC (Allocation Failure) [PSYoungGen: 66976K->1440K(68096K)] 365592K->300056K(717824K), 0.0025252 secs] [Times: user=0.01 sys=0.00, real=0.00 secs] 
672.265: [GC (Allocation Failure) [PSYoungGen: 66976K->1408K(68096K)] 365592K->300024K(717824K), 0.0018342 secs] [Times: user=0.01 sys=0.00, real=0.00 secs] 
672.711: [GC (Allocation Failure) [PSYoungGen: 66944K->1597K(68096K)] 365560K->300214K(717824K), 0.0016517 secs] [Times: user=0.00 sys=0.00, real=0.00 secs] 
673.107: [GC (Allocation Failure) [PSYoungGen: 67133K->1520K(68096K)] 365750K->300137K(717824K), 0.0016131 secs] [Times: user=0.01 sys=0.00, real=0.00 secs] 
673.499: [GC (Allocation Failure) [PSYoungGen: 67056K->1549K(68096K)] 365673K->300190K(717824K), 0.0015790 secs] [Times: user=0.01 sys=0.00, real=0.01 secs] 
673.936: [GC (Allocation Failure) [PSYoungGen: 67085K->2544K(68096K)] 365726K->301193K(717824K), 0.0019413 secs] [Times: user=0.01 sys=0.00, real=0.00 secs] 
674.303: [GC (Allocation Failure) [PSYoungGen: 68080K->1344K(68096K)] 366729K->299992K(717824K), 0.0017947 secs] [Times: user=0.01 sys=0.00, real=0.00 secs] 
674.647: [GC (Allocation Failure) [PSYoungGen: 66880K->1360K(68096K)] 365528K->300009K(717824K), 0.0020296 secs] [Times: user=0.01 sys=0.00, real=0.00 secs] 
674.949: [GC (Allocation Failure) [PSYoungGen: 66896K->1408K(68096K)] 365545K->300056K(717824K), 0.0019163 secs] [Times: user=0.01 sys=0.00, real=0.01 secs] 
675.236: [GC (Allocation Failure) [PSYoungGen: 66944K->1408K(68096K)] 365592K->300056K(717824K), 0.0017711 secs] [Times: user=0.00 sys=0.00, real=0.00 secs] 
675.645: [GC (Allocation Failure) [PSYoungGen: 66944K->1533K(68096K)] 365592K->300182K(717824K), 0.0016671 secs] [Times: user=0.01 sys=0.00, real=0.00 secs] 
676.047: [GC (Allocation Failure) [PSYoungGen: 67069K->1549K(68096K)] 365718K->300198K(717824K), 0.0018643 secs] [Times: user=0.00 sys=0.00, real=0.00 secs] 
676.441: [GC (Allocation Failure) [PSYoungGen: 67085K->1520K(68096K)] 365734K->300193K(717824K), 0.0017341 secs] [Times: user=0.01 sys=0.00, real=0.00 secs] 
676.939: [GC (Allocation Failure) [PSYoungGen: 67056K->2048K(68096K)] 365729K->300721K(717824K), 0.0017469 secs] [Times: user=0.01 sys=0.00, real=0.01 secs] 
677.503: [GC (Allocation Failure) [PSYoungGen: 67584K->1376K(68096K)] 366257K->300048K(717824K), 0.0020943 secs] [Times: user=0.01 sys=0.00, real=0.00 secs] 
678.066: [GC (Allocation Failure) [PSYoungGen: 66912K->1344K(68096K)] 365584K->300016K(717824K), 0.0025053 secs] [Times: user=0.01 sys=0.00, real=0.00 secs] 
678.566: [GC (Allocation Failure) [PSYoungGen: 66880K->1376K(68096K)] 365552K->300048K(717824K), 0.0020700 secs] [Times: user=0.01 sys=0.00, real=0.00 secs] 
678.860: [GC (Allocation Failure) [PSYoungGen: 66912K->1376K(68096K)] 365584K->300048K(717824K), 0.0016856 secs] [Times: user=0.01 sys=0.00, real=0.00 secs] 
679.281: [GC (Allocation Failure) [PSYoungGen: 66912K->1501K(68096K)] 365584K->300174K(717824K), 0.0015945 secs] [Times: user=0.01 sys=0.00, real=0.00 secs] 
679.673: [GC (Allocation Failure) [PSYoungGen: 67037K->1597K(67584K)] 365710K->300270K(717312K), 0.0016660 secs] [Times: user=0.00 sys=0.00, real=0.00 secs] 
680.066: [GC (Allocation Failure) [PSYoungGen: 67133K->1549K(67584K)] 365806K->300230K(717312K), 0.0018406 secs] [Times: user=0.01 sys=0.00, real=0.00 secs] 
680.503: [GC (Allocation Failure) [PSYoungGen: 67085K->960K(67072K)] 365766K->300665K(716800K), 0.0019739 secs] [Times: user=0.00 sys=0.00, real=0.00 secs] 
681.582: [GC (Allocation Failure) [PSYoungGen: 66496K->384K(67584K)] 366201K->300096K(717312K), 0.0023200 secs] [Times: user=0.00 sys=0.00, real=0.00 secs] 
682.764: [GC (Allocation Failure) [PSYoungGen: 65920K->352K(68096K)] 365632K->300064K(717824K), 0.0074261 secs] [Times: user=0.03 sys=0.00, real=0.01 secs] 
683.441: [GC (Allocation Failure) [PSYoungGen: 65888K->352K(68096K)] 365600K->300064K(717824K), 0.0025611 secs] [Times: user=0.01 sys=0.00, real=0.00 secs] 
683.978: [GC (Allocation Failure) [PSYoungGen: 65888K->384K(68096K)] 365600K->300096K(717824K), 0.0022325 secs] [Times: user=0.01 sys=0.00, real=0.00 secs] 
684.478: [GC (Allocation Failure) [PSYoungGen: 65920K->1520K(68096K)] 365632K->301233K(717824K), 0.0015876 secs] [Times: user=0.01 sys=0.00, real=0.00 secs] 
684.871: [GC (Allocation Failure) [PSYoungGen: 67056K->1613K(68096K)] 366769K->301326K(717824K), 0.0015981 secs] [Times: user=0.00 sys=0.00, real=0.00 secs] 
685.264: [GC (Allocation Failure) [PSYoungGen: 67149K->1552K(68096K)] 366862K->301273K(717824K), 0.0016266 secs] [Times: user=0.01 sys=0.00, real=0.00 secs] 
685.713: [GC (Allocation Failure) [PSYoungGen: 66835K->1792K(68096K)] 366556K->301513K(717824K), 0.0020318 secs] [Times: user=0.00 sys=0.01, real=0.00 secs] 
686.795: [GC (Allocation Failure) [PSYoungGen: 67328K->1424K(68096K)] 367049K->301145K(717824K), 0.0029831 secs] [Times: user=0.01 sys=0.00, real=0.00 secs] 
687.648: [GC (Allocation Failure) [PSYoungGen: 66960K->1440K(68096K)] 366681K->301161K(717824K), 0.0030190 secs] [Times: user=0.01 sys=0.00, real=0.01 secs] 
687.973: [GC (Allocation Failure) [PSYoungGen: 66976K->1376K(68096K)] 366697K->301097K(717824K), 0.0020104 secs] [Times: user=0.01 sys=0.00, real=0.00 secs] 
688.305: [GC (Allocation Failure) [PSYoungGen: 66912K->1408K(68096K)] 366633K->301129K(717824K), 0.0019605 secs] [Times: user=0.00 sys=0.00, real=0.00 secs] 
688.729: [GC (Allocation Failure) [PSYoungGen: 66944K->1549K(68096K)] 366665K->301270K(717824K), 0.0017184 secs] [Times: user=0.01 sys=0.00, real=0.01 secs] 
689.122: [GC (Allocation Failure) [PSYoungGen: 67085K->1549K(68096K)] 366806K->301270K(717824K), 0.0016992 secs] [Times: user=0.01 sys=0.00, real=0.00 secs] 
689.519: [GC (Allocation Failure) [PSYoungGen: 67085K->1552K(68096K)] 366806K->301281K(717824K), 0.0017931 secs] [Times: user=0.00 sys=0.00, real=0.01 secs] 
689.980: [GC (Allocation Failure) [PSYoungGen: 67088K->1600K(68096K)] 366817K->301361K(717824K), 0.0019771 secs] [Times: user=0.01 sys=0.00, real=0.01 secs] 
692.427: [GC (Allocation Failure) [PSYoungGen: 67136K->1360K(68096K)] 366897K->301121K(717824K), 0.0044005 secs] [Times: user=0.01 sys=0.00, real=0.01 secs] 
693.205: [GC (Allocation Failure) [PSYoungGen: 66896K->1376K(68096K)] 366657K->301137K(717824K), 0.0029683 secs] [Times: user=0.01 sys=0.00, real=0.00 secs] 
693.472: [GC (Allocation Failure) [PSYoungGen: 66912K->1344K(67072K)] 366673K->301105K(716800K), 0.0019979 secs] [Times: user=0.01 sys=0.00, real=0.00 secs] 
693.745: [GC (Allocation Failure) [PSYoungGen: 66880K->1440K(67584K)] 366641K->301201K(717312K), 0.0017974 secs] [Times: user=0.00 sys=0.00, real=0.00 secs] 
694.129: [GC (Allocation Failure) [PSYoungGen: 66976K->1552K(67584K)] 366737K->301313K(717312K), 0.0017038 secs] [Times: user=0.01 sys=0.00, real=0.01 secs] 
694.524: [GC (Allocation Failure) [PSYoungGen: 67088K->1549K(67584K)] 366849K->301310K(717312K), 0.0016270 secs] [Times: user=0.01 sys=0.00, real=0.00 secs] 
694.917: [GC (Allocation Failure) [PSYoungGen: 67085K->1485K(67584K)] 366846K->301254K(717312K), 0.0014209 secs] [Times: user=0.01 sys=0.00, real=0.00 secs] 
695.308: [GC (Allocation Failure) [PSYoungGen: 66907K->320K(67072K)] 366676K->300089K(716800K), 0.0015783 secs] [Times: user=0.01 sys=0.00, real=0.00 secs] 
695.953: [GC (Allocation Failure) [PSYoungGen: 65344K->1392K(66560K)] 365113K->301161K(716288K), 0.0020499 secs] [Times: user=0.01 sys=0.00, real=0.00 secs] 
696.559: [GC (Allocation Failure) [PSYoungGen: 66416K->1376K(67072K)] 366185K->301145K(716800K), 0.0032028 secs] [Times: user=0.01 sys=0.00, real=0.01 secs] 
697.130: [GC (Allocation Failure) [PSYoungGen: 66400K->1440K(67072K)] 366169K->301209K(716800K), 0.0037561 secs] [Times: user=0.02 sys=0.00, real=0.01 secs] 
697.630: [GC (Allocation Failure) [PSYoungGen: 66464K->1376K(67072K)] 366233K->301145K(716800K), 0.0024629 secs] [Times: user=0.01 sys=0.00, real=0.00 secs] 
698.141: [GC (Allocation Failure) [PSYoungGen: 66400K->1485K(67072K)] 366169K->301254K(716800K), 0.0015443 secs] [Times: user=0.00 sys=0.00, real=0.00 secs] 
698.532: [GC (Allocation Failure) [PSYoungGen: 66509K->1501K(67072K)] 366278K->301270K(716800K), 0.0015856 secs] [Times: user=0.01 sys=0.00, real=0.00 secs] 
698.993: [GC (Allocation Failure) [PSYoungGen: 66517K->1517K(67072K)] 366286K->301294K(716800K), 0.0015726 secs] [Times: user=0.01 sys=0.00, real=0.00 secs] 
699.385: [GC (Allocation Failure) [PSYoungGen: 66541K->1533K(67072K)] 366318K->301334K(716800K), 0.0015661 secs] [Times: user=0.00 sys=0.00, real=0.00 secs] 
700.007: [GC (Allocation Failure) [PSYoungGen: 66557K->1408K(67072K)] 366358K->301217K(716800K), 0.0032286 secs] [Times: user=0.01 sys=0.00, real=0.01 secs] 
700.772: [GC (Allocation Failure) [PSYoungGen: 66432K->1408K(67072K)] 366241K->301217K(716800K), 0.0021983 secs] [Times: user=0.01 sys=0.00, real=0.00 secs] 
701.432: [GC (Allocation Failure) [PSYoungGen: 66432K->1376K(67072K)] 366241K->301185K(716800K), 0.0031657 secs] [Times: user=0.01 sys=0.00, real=0.00 secs] 
702.292: [GC (Allocation Failure) [PSYoungGen: 66400K->1376K(67072K)] 366209K->301185K(716800K), 0.0031879 secs] [Times: user=0.01 sys=0.00, real=0.00 secs] 
703.056: [GC (Allocation Failure) [PSYoungGen: 66400K->1533K(67072K)] 366209K->301342K(716800K), 0.0016268 secs] [Times: user=0.01 sys=0.00, real=0.00 secs] 
703.450: [GC (Allocation Failure) [PSYoungGen: 66557K->1485K(67072K)] 366366K->301294K(716800K), 0.0015881 secs] [Times: user=0.00 sys=0.00, real=0.00 secs] 
703.841: [GC (Allocation Failure) [PSYoungGen: 66509K->1520K(67072K)] 366318K->301337K(716800K), 0.0015800 secs] [Times: user=0.01 sys=0.00, real=0.00 secs] 
704.233: [GC (Allocation Failure) [PSYoungGen: 66544K->1520K(67072K)] 366361K->301345K(716800K), 0.0016266 secs] [Times: user=0.01 sys=0.00, real=0.00 secs] 
704.674: [GC (Allocation Failure) [PSYoungGen: 66544K->1440K(67072K)] 366369K->301265K(716800K), 0.0018431 secs] [Times: user=0.00 sys=0.00, real=0.00 secs] 
704.944: [GC (Allocation Failure) [PSYoungGen: 66464K->1376K(67072K)] 366289K->301201K(716800K), 0.0018075 secs] [Times: user=0.00 sys=0.00, real=0.00 secs] 
705.214: [GC (Allocation Failure) [PSYoungGen: 66400K->1328K(67072K)] 366225K->301153K(716800K), 0.0019663 secs] [Times: user=0.01 sys=0.00, real=0.00 secs] 
705.485: [GC (Allocation Failure) [PSYoungGen: 66352K->1408K(67072K)] 366177K->301233K(716800K), 0.0019002 secs] [Times: user=0.01 sys=0.00, real=0.00 secs] 
705.845: [GC (Allocation Failure) [PSYoungGen: 66432K->1501K(67072K)] 366257K->301326K(716800K), 0.0015580 secs] [Times: user=0.01 sys=0.00, real=0.00 secs] 
706.235: [GC (Allocation Failure) [PSYoungGen: 66525K->1597K(67072K)] 366350K->301422K(716800K), 0.0016347 secs] [Times: user=0.01 sys=0.00, real=0.00 secs] 
706.631: [GC (Allocation Failure) [PSYoungGen: 66621K->1533K(67072K)] 366446K->301358K(716800K), 0.0015661 secs] [Times: user=0.00 sys=0.00, real=0.00 secs] 
707.029: [GC (Allocation Failure) [PSYoungGen: 66557K->1584K(67072K)] 366382K->301425K(716800K), 0.0016153 secs] [Times: user=0.00 sys=0.00, real=0.01 secs] 
707.711: [GC (Allocation Failure) [PSYoungGen: 66608K->1440K(67072K)] 366449K->301281K(716800K), 0.0019614 secs] [Times: user=0.01 sys=0.00, real=0.00 secs] 
708.102: [GC (Allocation Failure) [PSYoungGen: 66464K->1408K(67072K)] 366305K->301273K(716800K), 0.0018612 secs] [Times: user=0.01 sys=0.00, real=0.00 secs] 
708.372: [GC (Allocation Failure) [PSYoungGen: 66432K->1376K(67072K)] 366297K->301241K(716800K), 0.0019218 secs] [Times: user=0.01 sys=0.00, real=0.00 secs] 
708.885: [GC (Allocation Failure) [PSYoungGen: 66400K->1312K(67072K)] 366265K->301177K(716800K), 0.0019862 secs] [Times: user=0.01 sys=0.00, real=0.00 secs] 
709.441: [GC (Allocation Failure) [PSYoungGen: 66336K->1469K(67072K)] 366201K->301334K(716800K), 0.0015193 secs] [Times: user=0.01 sys=0.00, real=0.00 secs] 
709.832: [GC (Allocation Failure) [PSYoungGen: 66493K->1549K(67072K)] 366358K->301414K(716800K), 0.0016242 secs] [Times: user=0.01 sys=0.00, real=0.00 secs] 
710.285: [GC (Allocation Failure) [PSYoungGen: 66573K->1549K(67072K)] 366438K->301414K(716800K), 0.0017468 secs] [Times: user=0.01 sys=0.01, real=0.00 secs] 
710.729: [GC (Allocation Failure) [PSYoungGen: 66573K->1549K(67072K)] 366438K->301422K(716800K), 0.0015810 secs] [Times: user=0.01 sys=0.00, real=0.01 secs] 
711.299: [GC (Allocation Failure) [PSYoungGen: 66573K->1440K(67072K)] 366446K->301321K(716800K), 0.0025490 secs] [Times: user=0.01 sys=0.00, real=0.01 secs] 
711.854: [GC (Allocation Failure) [PSYoungGen: 66464K->1376K(67072K)] 366345K->301257K(716800K), 0.0022660 secs] [Times: user=0.01 sys=0.00, real=0.00 secs] 
712.139: [GC (Allocation Failure) [PSYoungGen: 66400K->1376K(67072K)] 366281K->301257K(716800K), 0.0021055 secs] [Times: user=0.01 sys=0.00, real=0.01 secs] 
712.409: [GC (Allocation Failure) [PSYoungGen: 66400K->1376K(67072K)] 366281K->301257K(716800K), 0.0018812 secs] [Times: user=0.01 sys=0.00, real=0.01 secs] 
712.848: [GC (Allocation Failure) [PSYoungGen: 66400K->1469K(67072K)] 366281K->301350K(716800K), 0.0015824 secs] [Times: user=0.00 sys=0.00, real=0.00 secs] 
713.242: [GC (Allocation Failure) [PSYoungGen: 66493K->1552K(67072K)] 366374K->301433K(716800K), 0.0015741 secs] [Times: user=0.01 sys=0.00, real=0.00 secs] 
713.635: [GC (Allocation Failure) [PSYoungGen: 66576K->1549K(67072K)] 366457K->301430K(716800K), 0.0016682 secs] [Times: user=0.00 sys=0.00, real=0.00 secs] 
714.027: [GC (Allocation Failure) [PSYoungGen: 66563K->1520K(67072K)] 366444K->301409K(716800K), 0.0016530 secs] [Times: user=0.01 sys=0.00, real=0.00 secs] 
714.619: [GC (Allocation Failure) [PSYoungGen: 66544K->1424K(67072K)] 366433K->301313K(716800K), 0.0019267 secs] [Times: user=0.01 sys=0.00, real=0.01 secs] 
715.019: [GC (Allocation Failure) [PSYoungGen: 66448K->1344K(67072K)] 366337K->301233K(716800K), 0.0017750 secs] [Times: user=0.01 sys=0.00, real=0.01 secs] 
715.289: [GC (Allocation Failure) [PSYoungGen: 66368K->1376K(67072K)] 366257K->301265K(716800K), 0.0017300 secs] [Times: user=0.01 sys=0.00, real=0.01 secs] 
715.559: [GC (Allocation Failure) [PSYoungGen: 66400K->1344K(67072K)] 366289K->301233K(716800K), 0.0018691 secs] [Times: user=0.00 sys=0.00, real=0.01 secs] 
715.909: [GC (Allocation Failure) [PSYoungGen: 66368K->1421K(67072K)] 366257K->301310K(716800K), 0.0015444 secs] [Times: user=0.01 sys=0.00, real=0.01 secs] 
716.300: [GC (Allocation Failure) [PSYoungGen: 66445K->1517K(67072K)] 366334K->301406K(716800K), 0.0016239 secs] [Times: user=0.00 sys=0.00, real=0.01 secs] 
716.692: [GC (Allocation Failure) [PSYoungGen: 66541K->1488K(67072K)] 366430K->301377K(716800K), 0.0016071 secs] [Times: user=0.01 sys=0.00, real=0.00 secs] 
717.093: [GC (Allocation Failure) [PSYoungGen: 66512K->1488K(67072K)] 366401K->301401K(716800K), 0.0017003 secs] [Times: user=0.01 sys=0.00, real=0.00 secs] 
717.662: [GC (Allocation Failure) [PSYoungGen: 66512K->1424K(67072K)] 366425K->301337K(716800K), 0.0017659 secs] [Times: user=0.01 sys=0.00, real=0.00 secs] 
718.171: [GC (Allocation Failure) [PSYoungGen: 66448K->1376K(67072K)] 366361K->301289K(716800K), 0.0033868 secs] [Times: user=0.01 sys=0.00, real=0.00 secs] 
718.449: [GC (Allocation Failure) [PSYoungGen: 66400K->1408K(67072K)] 366313K->301321K(716800K), 0.0018849 secs] [Times: user=0.01 sys=0.00, real=0.01 secs] 
718.944: [GC (Allocation Failure) [PSYoungGen: 66432K->1360K(67072K)] 366345K->301273K(716800K), 0.0019730 secs] [Times: user=0.01 sys=0.00, real=0.00 secs] 
719.471: [GC (Allocation Failure) [PSYoungGen: 66384K->1488K(67072K)] 366297K->301401K(716800K), 0.0014336 secs] [Times: user=0.00 sys=0.00, real=0.00 secs] 
719.938: [GC (Allocation Failure) [PSYoungGen: 66512K->1520K(67072K)] 366425K->301433K(716800K), 0.0018682 secs] [Times: user=0.01 sys=0.00, real=0.00 secs] 
720.388: [GC (Allocation Failure) [PSYoungGen: 66544K->1520K(67072K)] 366457K->301433K(716800K), 0.0016067 secs] [Times: user=0.01 sys=0.00, real=0.00 secs] 
720.778: [GC (Allocation Failure) [PSYoungGen: 66532K->1520K(67072K)] 366445K->301449K(716800K), 0.0016128 secs] [Times: user=0.01 sys=0.00, real=0.00 secs] 
721.152: [GC (Allocation Failure) [PSYoungGen: 66544K->1472K(67072K)] 366473K->301401K(716800K), 0.0021099 secs] [Times: user=0.01 sys=0.00, real=0.00 secs] 
721.423: [GC (Allocation Failure) [PSYoungGen: 66496K->1376K(67072K)] 366425K->301305K(716800K), 0.0020408 secs] [Times: user=0.01 sys=0.00, real=0.00 secs] 
721.694: [GC (Allocation Failure) [PSYoungGen: 66400K->1408K(67072K)] 366329K->301337K(716800K), 0.0018386 secs] [Times: user=0.01 sys=0.00, real=0.00 secs] 
721.964: [GC (Allocation Failure) [PSYoungGen: 66432K->1408K(67072K)] 366361K->301337K(716800K), 0.0017434 secs] [Times: user=0.00 sys=0.00, real=0.00 secs] 
722.325: [GC (Allocation Failure) [PSYoungGen: 66432K->1421K(67072K)] 366361K->301350K(716800K), 0.0014840 secs] [Times: user=0.01 sys=0.00, real=0.00 secs] 
722.719: [GC (Allocation Failure) [PSYoungGen: 66445K->1549K(67072K)] 366374K->301478K(716800K), 0.0016497 secs] [Times: user=0.01 sys=0.00, real=0.01 secs] 
723.112: [GC (Allocation Failure) [PSYoungGen: 66560K->1584K(67072K)] 366489K->301513K(716800K), 0.0015867 secs] [Times: user=0.01 sys=0.00, real=0.00 secs] 
723.504: [GC (Allocation Failure) [PSYoungGen: 66608K->1565K(67072K)] 366537K->301510K(716800K), 0.0016237 secs] [Times: user=0.00 sys=0.00, real=0.00 secs] 
724.518: [GC (Allocation Failure) [PSYoungGen: 66589K->1488K(67072K)] 366534K->301433K(716800K), 0.0038893 secs] [Times: user=0.02 sys=0.00, real=0.01 secs] 
725.145: [GC (Allocation Failure) [PSYoungGen: 66512K->1376K(67072K)] 366457K->301321K(716800K), 0.0033059 secs] [Times: user=0.02 sys=0.00, real=0.00 secs] 
725.449: [GC (Allocation Failure) [PSYoungGen: 66400K->1376K(67072K)] 366345K->301321K(716800K), 0.0020325 secs] [Times: user=0.01 sys=0.00, real=0.01 secs] 
725.719: [GC (Allocation Failure) [PSYoungGen: 66400K->1344K(67072K)] 366345K->301289K(716800K), 0.0018729 secs] [Times: user=0.01 sys=0.00, real=0.01 secs] 
726.257: [GC (Allocation Failure) [PSYoungGen: 66368K->1424K(67072K)] 366313K->301369K(716800K), 0.0018994 secs] [Times: user=0.00 sys=0.00, real=0.00 secs] 
726.652: [GC (Allocation Failure) [PSYoungGen: 66448K->1517K(67072K)] 366393K->301462K(716800K), 0.0016424 secs] [Times: user=0.01 sys=0.00, real=0.00 secs] 
727.045: [GC (Allocation Failure) [PSYoungGen: 66541K->1517K(67072K)] 366486K->301462K(716800K), 0.0014944 secs] [Times: user=0.01 sys=0.00, real=0.00 secs] 
727.441: [GC (Allocation Failure) [PSYoungGen: 66530K->1469K(67072K)] 366475K->301422K(716800K), 0.0016618 secs] [Times: user=0.01 sys=0.00, real=0.00 secs] 
728.118: [GC (Allocation Failure) [PSYoungGen: 66493K->1456K(67072K)] 366446K->301417K(716800K), 0.0019960 secs] [Times: user=0.01 sys=0.00, real=0.00 secs] 
728.870: [GC (Allocation Failure) [PSYoungGen: 66480K->1408K(67072K)] 366441K->301369K(716800K), 0.0025462 secs] [Times: user=0.01 sys=0.00, real=0.01 secs] 
729.152: [GC (Allocation Failure) [PSYoungGen: 66432K->1408K(67072K)] 366393K->301377K(716800K), 0.0018020 secs] [Times: user=0.00 sys=0.00, real=0.00 secs] 
729.479: [GC (Allocation Failure) [PSYoungGen: 66432K->1408K(67072K)] 366401K->301377K(716800K), 0.0018501 secs] [Times: user=0.01 sys=0.00, real=0.01 secs] 
729.777: [GC (Allocation Failure) [PSYoungGen: 66432K->1373K(67072K)] 366401K->301342K(716800K), 0.0013944 secs] [Times: user=0.00 sys=0.00, real=0.00 secs] 
730.171: [GC (Allocation Failure) [PSYoungGen: 66397K->1549K(67072K)] 366366K->301518K(716800K), 0.0015425 secs] [Times: user=0.00 sys=0.00, real=0.00 secs] 
730.566: [GC (Allocation Failure) [PSYoungGen: 66573K->1549K(67072K)] 366542K->301518K(716800K), 0.0015710 secs] [Times: user=0.01 sys=0.00, real=0.00 secs] 
730.957: [GC (Allocation Failure) [PSYoungGen: 66561K->1520K(67072K)] 366530K->301513K(716800K), 0.0015696 secs] [Times: user=0.00 sys=0.00, real=0.00 secs] 
731.412: [GC (Allocation Failure) [PSYoungGen: 66544K->1456K(67072K)] 366537K->301449K(716800K), 0.0016849 secs] [Times: user=0.01 sys=0.00, real=0.00 secs] 
731.971: [GC (Allocation Failure) [PSYoungGen: 66480K->1424K(67072K)] 366473K->301417K(716800K), 0.0017938 secs] [Times: user=0.00 sys=0.00, real=0.00 secs] 
732.264: [GC (Allocation Failure) [PSYoungGen: 66448K->1424K(67072K)] 366441K->301417K(716800K), 0.0019388 secs] [Times: user=0.01 sys=0.00, real=0.00 secs] 
732.724: [GC (Allocation Failure) [PSYoungGen: 66448K->1408K(67072K)] 366441K->301401K(716800K), 0.0021621 secs] [Times: user=0.01 sys=0.00, real=0.00 secs] 
733.285: [GC (Allocation Failure) [PSYoungGen: 66346K->288K(67072K)] 366339K->300280K(716800K), 0.0020482 secs] [Times: user=0.00 sys=0.00, real=0.00 secs] 
733.709: [GC (Allocation Failure) [PSYoungGen: 65283K->1597K(67072K)] 365276K->301590K(716800K), 0.0016640 secs] [Times: user=0.01 sys=0.00, real=0.01 secs] 
734.098: [GC (Allocation Failure) [PSYoungGen: 66607K->1552K(67072K)] 366600K->301545K(716800K), 0.0015430 secs] [Times: user=0.01 sys=0.00, real=0.00 secs] 
734.489: [GC (Allocation Failure) [PSYoungGen: 66558K->1485K(67072K)] 366551K->301494K(716800K), 0.0016298 secs] [Times: user=0.00 sys=0.00, real=0.01 secs] 
735.354: [GC (Allocation Failure) [PSYoungGen: 66509K->1504K(67072K)] 366518K->303561K(716800K), 0.0021140 secs] [Times: user=0.01 sys=0.00, real=0.00 secs] 
736.033: [GC (Allocation Failure) [PSYoungGen: 66528K->1376K(67072K)] 368585K->303433K(716800K), 0.0020453 secs] [Times: user=0.01 sys=0.00, real=0.00 secs] 
736.319: [GC (Allocation Failure) [PSYoungGen: 66400K->1408K(67072K)] 368457K->303465K(716800K), 0.0019687 secs] [Times: user=0.01 sys=0.00, real=0.01 secs] 
736.589: [GC (Allocation Failure) [PSYoungGen: 66432K->1376K(67072K)] 368489K->303433K(716800K), 0.0021078 secs] [Times: user=0.00 sys=0.00, real=0.01 secs] 
736.859: [GC (Allocation Failure) [PSYoungGen: 66400K->1376K(67072K)] 368457K->303433K(716800K), 0.0024226 secs] [Times: user=0.01 sys=0.00, real=0.01 secs] 
737.346: [GC (Allocation Failure) [PSYoungGen: 66400K->1485K(67072K)] 368457K->303542K(716800K), 0.0013930 secs] [Times: user=0.01 sys=0.00, real=0.00 secs] 
737.742: [GC (Allocation Failure) [PSYoungGen: 66509K->1517K(67072K)] 368566K->303598K(716800K), 0.0015669 secs] [Times: user=0.00 sys=0.00, real=0.00 secs] 
738.134: [GC (Allocation Failure) [PSYoungGen: 66541K->1488K(67072K)] 368622K->303585K(716800K), 0.0016336 secs] [Times: user=0.00 sys=0.00, real=0.00 secs] 
738.554: [GC (Allocation Failure) [PSYoungGen: 66512K->1504K(67072K)] 368609K->303601K(716800K), 0.0019061 secs] [Times: user=0.01 sys=0.00, real=0.00 secs] 
738.824: [GC (Allocation Failure) [PSYoungGen: 66528K->1360K(67072K)] 368625K->303457K(716800K), 0.0016290 secs] [Times: user=0.00 sys=0.00, real=0.00 secs] 
739.094: [GC (Allocation Failure) [PSYoungGen: 66384K->1392K(67072K)] 368481K->303489K(716800K), 0.0016238 secs] [Times: user=0.00 sys=0.00, real=0.00 secs] 
739.364: [GC (Allocation Failure) [PSYoungGen: 66416K->1408K(67072K)] 368513K->303505K(716800K), 0.0017503 secs] [Times: user=0.00 sys=0.00, real=0.00 secs] 
739.634: [GC (Allocation Failure) [PSYoungGen: 66432K->1376K(67072K)] 368529K->303473K(716800K), 0.0018069 secs] [Times: user=0.00 sys=0.00, real=0.00 secs] 
740.089: [GC (Allocation Failure) [PSYoungGen: 66400K->1549K(67072K)] 368497K->303646K(716800K), 0.0015390 secs] [Times: user=0.00 sys=0.00, real=0.01 secs] 
740.481: [GC (Allocation Failure) [PSYoungGen: 66573K->1520K(67072K)] 368670K->303617K(716800K), 0.0016001 secs] [Times: user=0.01 sys=0.00, real=0.00 secs] 
740.872: [GC (Allocation Failure) [PSYoungGen: 66544K->1517K(67072K)] 368641K->303622K(716800K), 0.0015981 secs] [Times: user=0.01 sys=0.00, real=0.00 secs] 
741.260: [GC (Allocation Failure) [PSYoungGen: 66541K->1472K(67072K)] 368646K->303585K(716800K), 0.0018219 secs] [Times: user=0.01 sys=0.00, real=0.01 secs] 
741.530: [GC (Allocation Failure) [PSYoungGen: 66496K->1408K(67072K)] 368609K->303521K(716800K), 0.0017496 secs] [Times: user=0.00 sys=0.00, real=0.01 secs] 
741.800: [GC (Allocation Failure) [PSYoungGen: 66432K->1376K(67072K)] 368545K->303489K(716800K), 0.0016417 secs] [Times: user=0.00 sys=0.00, real=0.01 secs] 
742.195: [GC (Allocation Failure) [PSYoungGen: 66400K->1376K(67072K)] 368513K->303489K(716800K), 0.0016612 secs] [Times: user=0.00 sys=0.00, real=0.00 secs] 
742.807: [GC (Allocation Failure) [PSYoungGen: 66400K->1344K(67072K)] 368513K->303457K(716800K), 0.0021678 secs] [Times: user=0.00 sys=0.00, real=0.00 secs] 
743.322: [GC (Allocation Failure) [PSYoungGen: 66368K->1517K(67072K)] 368481K->303638K(716800K), 0.0015781 secs] [Times: user=0.01 sys=0.00, real=0.00 secs] 
743.717: [GC (Allocation Failure) [PSYoungGen: 66541K->1549K(67072K)] 368662K->303670K(716800K), 0.0015569 secs] [Times: user=0.01 sys=0.00, real=0.00 secs] 
744.108: [GC (Allocation Failure) [PSYoungGen: 66573K->1565K(67072K)] 368694K->303694K(716800K), 0.0016878 secs] [Times: user=0.00 sys=0.00, real=0.00 secs] 
744.528: [GC (Allocation Failure) [PSYoungGen: 66589K->2032K(67072K)] 368718K->304169K(716800K), 0.0017996 secs] [Times: user=0.00 sys=0.00, real=0.00 secs] 
745.228: [GC (Allocation Failure) [PSYoungGen: 67056K->1408K(67072K)] 369193K->303545K(716800K), 0.0017485 secs] [Times: user=0.01 sys=0.00, real=0.00 secs] 
745.722: [GC (Allocation Failure) [PSYoungGen: 66432K->1408K(67072K)] 368569K->303545K(716800K), 0.0019345 secs] [Times: user=0.01 sys=0.00, real=0.00 secs] 
746.236: [GC (Allocation Failure) [PSYoungGen: 66432K->1376K(67072K)] 368569K->303513K(716800K), 0.0018878 secs] [Times: user=0.00 sys=0.00, real=0.00 secs] 
746.820: [GC (Allocation Failure) [PSYoungGen: 66400K->1376K(67072K)] 368537K->303513K(716800K), 0.0018862 secs] [Times: user=0.01 sys=0.00, real=0.01 secs] 
747.309: [GC (Allocation Failure) [PSYoungGen: 66400K->1453K(67072K)] 368537K->303598K(716800K), 0.0015541 secs] [Times: user=0.00 sys=0.00, real=0.01 secs] 
747.709: [GC (Allocation Failure) [PSYoungGen: 66477K->1533K(67072K)] 368622K->303694K(716800K), 0.0016115 secs] [Times: user=0.00 sys=0.00, real=0.01 secs] 
748.098: [GC (Allocation Failure) [PSYoungGen: 66557K->1517K(67072K)] 368718K->303686K(716800K), 0.0015485 secs] [Times: user=0.01 sys=0.00, real=0.00 secs] 
748.509: [GC (Allocation Failure) [PSYoungGen: 66541K->1504K(67072K)] 368710K->303673K(716800K), 0.0018143 secs] [Times: user=0.01 sys=0.00, real=0.01 secs] 
748.817: [GC (Allocation Failure) [PSYoungGen: 66528K->1376K(67072K)] 368697K->303545K(716800K), 0.0016488 secs] [Times: user=0.01 sys=0.00, real=0.00 secs] 
749.129: [GC (Allocation Failure) [PSYoungGen: 66400K->1376K(67072K)] 368569K->303545K(716800K), 0.0016250 secs] [Times: user=0.00 sys=0.00, real=0.01 secs] 
749.680: [GC (Allocation Failure) [PSYoungGen: 66400K->1344K(67072K)] 368569K->303513K(716800K), 0.0019185 secs] [Times: user=0.01 sys=0.00, real=0.01 secs] 
750.196: [GC (Allocation Failure) [PSYoungGen: 66368K->1376K(67072K)] 368537K->303553K(716800K), 0.0025584 secs] [Times: user=0.01 sys=0.00, real=0.00 secs] 
750.697: [GC (Allocation Failure) [PSYoungGen: 66400K->1504K(67072K)] 368577K->303681K(716800K), 0.0015359 secs] [Times: user=0.01 sys=0.00, real=0.00 secs] 
751.088: [GC (Allocation Failure) [PSYoungGen: 66528K->1488K(67072K)] 368705K->303665K(716800K), 0.0016559 secs] [Times: user=0.00 sys=0.00, real=0.00 secs] 
751.536: [GC (Allocation Failure) [PSYoungGen: 66512K->1549K(67072K)] 368689K->303742K(716800K), 0.0016494 secs] [Times: user=0.00 sys=0.00, real=0.00 secs] 
751.927: [GC (Allocation Failure) [PSYoungGen: 66560K->1520K(67072K)] 368753K->303713K(716800K), 0.0015978 secs] [Times: user=0.01 sys=0.00, real=0.00 secs] 
752.484: [GC (Allocation Failure) [PSYoungGen: 66544K->1376K(67072K)] 368737K->303569K(716800K), 0.0027032 secs] [Times: user=0.01 sys=0.00, real=0.00 secs] 
753.216: [GC (Allocation Failure) [PSYoungGen: 66400K->1376K(67072K)] 368593K->303569K(716800K), 0.0025595 secs] [Times: user=0.01 sys=0.01, real=0.00 secs] 
754.022: [GC (Allocation Failure) [PSYoungGen: 66400K->1440K(67072K)] 368593K->303633K(716800K), 0.0035674 secs] [Times: user=0.01 sys=0.00, real=0.00 secs] 
754.742: [GC (Allocation Failure) [PSYoungGen: 66464K->1376K(67072K)] 368657K->303577K(716800K), 0.0028889 secs] [Times: user=0.01 sys=0.00, real=0.00 secs] 
755.350: [GC (Allocation Failure) [PSYoungGen: 66400K->1533K(67072K)] 368601K->303734K(716800K), 0.0016962 secs] [Times: user=0.00 sys=0.00, real=0.01 secs] 
755.803: [GC (Allocation Failure) [PSYoungGen: 66557K->1501K(67072K)] 368758K->303702K(716800K), 0.0016350 secs] [Times: user=0.01 sys=0.00, real=0.00 secs] 
756.195: [GC (Allocation Failure) [PSYoungGen: 66525K->1552K(67072K)] 368726K->303761K(716800K), 0.0016488 secs] [Times: user=0.01 sys=0.00, real=0.00 secs] 
756.586: [GC (Allocation Failure) [PSYoungGen: 66576K->1549K(67072K)] 368785K->303758K(716800K), 0.0016295 secs] [Times: user=0.01 sys=0.00, real=0.00 secs] 
756.884: [GC (Allocation Failure) [PSYoungGen: 66573K->1392K(67072K)] 368782K->303601K(716800K), 0.0025044 secs] [Times: user=0.00 sys=0.00, real=0.00 secs] 
757.150: [GC (Allocation Failure) [PSYoungGen: 66416K->1344K(67072K)] 368625K->303553K(716800K), 0.0019140 secs] [Times: user=0.01 sys=0.00, real=0.01 secs] 
757.482: [GC (Allocation Failure) [PSYoungGen: 66368K->1408K(67072K)] 368577K->303617K(716800K), 0.0018878 secs] [Times: user=0.01 sys=0.00, real=0.00 secs] 
757.923: [GC (Allocation Failure) [PSYoungGen: 66432K->1408K(67072K)] 368641K->303617K(716800K), 0.0017503 secs] [Times: user=0.00 sys=0.00, real=0.00 secs] 
758.446: [GC (Allocation Failure) [PSYoungGen: 66432K->1533K(67072K)] 368641K->303766K(716800K), 0.0015205 secs] [Times: user=0.01 sys=0.00, real=0.00 secs] 
758.838: [GC (Allocation Failure) [PSYoungGen: 66557K->1520K(67072K)] 368790K->303753K(716800K), 0.0015270 secs] [Times: user=0.01 sys=0.00, real=0.00 secs] 
759.230: [GC (Allocation Failure) [PSYoungGen: 66544K->1549K(67072K)] 368777K->303782K(716800K), 0.0015242 secs] [Times: user=0.01 sys=0.00, real=0.01 secs] 
759.624: [GC (Allocation Failure) [PSYoungGen: 66573K->1520K(67072K)] 368806K->303769K(716800K), 0.0016041 secs] [Times: user=0.00 sys=0.00, real=0.00 secs] 
760.232: [GC (Allocation Failure) [PSYoungGen: 66544K->1408K(67072K)] 368793K->303657K(716800K), 0.0016540 secs] [Times: user=0.01 sys=0.00, real=0.00 secs] 
760.615: [GC (Allocation Failure) [PSYoungGen: 66432K->1408K(67072K)] 368681K->303657K(716800K), 0.0018108 secs] [Times: user=0.01 sys=0.00, real=0.00 secs] 
760.885: [GC (Allocation Failure) [PSYoungGen: 66432K->1376K(67072K)] 368681K->303625K(716800K), 0.0018742 secs] [Times: user=0.01 sys=0.00, real=0.00 secs] 
761.155: [GC (Allocation Failure) [PSYoungGen: 66400K->1376K(67072K)] 368649K->303625K(716800K), 0.0018364 secs] [Times: user=0.00 sys=0.00, real=0.00 secs] 
761.560: [GC (Allocation Failure) [PSYoungGen: 66400K->1504K(67072K)] 368649K->303753K(716800K), 0.0015404 secs] [Times: user=0.01 sys=0.00, real=0.01 secs] 
761.953: [GC (Allocation Failure) [PSYoungGen: 66528K->1581K(67072K)] 368777K->303830K(716800K), 0.0016020 secs] [Times: user=0.01 sys=0.00, real=0.00 secs] 
762.345: [GC (Allocation Failure) [PSYoungGen: 66605K->1549K(67072K)] 368854K->303798K(716800K), 0.0016505 secs] [Times: user=0.01 sys=0.00, real=0.00 secs] 
762.735: [GC (Allocation Failure) [PSYoungGen: 66557K->1469K(67072K)] 368806K->303726K(716800K), 0.0016071 secs] [Times: user=0.01 sys=0.00, real=0.00 secs] 
763.738: [GC (Allocation Failure) [PSYoungGen: 66493K->1408K(67072K)] 368750K->303665K(716800K), 0.0023297 secs] [Times: user=0.01 sys=0.00, real=0.01 secs] 
764.299: [GC (Allocation Failure) [PSYoungGen: 66432K->1344K(67072K)] 368689K->303601K(716800K), 0.0022264 secs] [Times: user=0.01 sys=0.00, real=0.01 secs] 
764.762: [GC (Allocation Failure) [PSYoungGen: 66368K->1376K(67072K)] 368625K->303633K(716800K), 0.0019811 secs] [Times: user=0.01 sys=0.00, real=0.00 secs] 
765.152: [GC (Allocation Failure) [PSYoungGen: 66400K->1408K(67072K)] 368657K->303665K(716800K), 0.0019368 secs] [Times: user=0.01 sys=0.00, real=0.00 secs] 
765.648: [GC (Allocation Failure) [PSYoungGen: 66432K->1501K(67072K)] 368689K->303766K(716800K), 0.0015824 secs] [Times: user=0.01 sys=0.00, real=0.00 secs] 
766.041: [GC (Allocation Failure) [PSYoungGen: 66525K->1517K(67072K)] 368790K->303782K(716800K), 0.0016073 secs] [Times: user=0.00 sys=0.00, real=0.00 secs] 
766.432: [GC (Allocation Failure) [PSYoungGen: 66541K->1552K(67072K)] 368806K->303817K(716800K), 0.0017918 secs] [Times: user=0.00 sys=0.00, real=0.00 secs] 
766.824: [GC (Allocation Failure) [PSYoungGen: 66576K->1565K(67072K)] 368841K->303846K(716800K), 0.0016068 secs] [Times: user=0.00 sys=0.00, real=0.00 secs] 
767.164: [GC (Allocation Failure) [PSYoungGen: 66589K->1424K(67072K)] 368870K->303705K(716800K), 0.0017098 secs] [Times: user=0.00 sys=0.00, real=0.00 secs] 
767.434: [GC (Allocation Failure) [PSYoungGen: 66448K->1408K(67072K)] 368729K->303705K(716800K), 0.0017683 secs] [Times: user=0.00 sys=0.00, real=0.00 secs] 
767.704: [GC (Allocation Failure) [PSYoungGen: 66432K->1376K(67072K)] 368729K->303673K(716800K), 0.0017859 secs] [Times: user=0.00 sys=0.00, real=0.00 secs] 
767.973: [GC (Allocation Failure) [PSYoungGen: 66400K->1408K(67072K)] 368697K->303705K(716800K), 0.0018195 secs] [Times: user=0.01 sys=0.00, real=0.00 secs] 
768.327: [GC (Allocation Failure) [PSYoungGen: 66432K->1488K(67072K)] 368729K->303793K(716800K), 0.0014465 secs] [Times: user=0.01 sys=0.00, real=0.00 secs] 
768.724: [GC (Allocation Failure) [PSYoungGen: 66512K->1485K(67072K)] 368817K->303790K(716800K), 0.0015856 secs] [Times: user=0.00 sys=0.00, real=0.00 secs] 
769.115: [GC (Allocation Failure) [PSYoungGen: 66509K->1549K(67072K)] 368814K->303854K(716800K), 0.0015808 secs] [Times: user=0.00 sys=0.00, real=0.00 secs] 
769.507: [GC (Allocation Failure) [PSYoungGen: 66573K->1536K(67072K)] 368878K->303849K(716800K), 0.0015697 secs] [Times: user=0.01 sys=0.00, real=0.00 secs] 
769.824: [GC (Allocation Failure) [PSYoungGen: 66560K->1376K(67072K)] 368873K->303689K(716800K), 0.0014710 secs] [Times: user=0.00 sys=0.00, real=0.00 secs] 
770.094: [GC (Allocation Failure) [PSYoungGen: 66400K->1408K(67072K)] 368713K->303721K(716800K), 0.0025309 secs] [Times: user=0.01 sys=0.00, real=0.00 secs] 
770.365: [GC (Allocation Failure) [PSYoungGen: 66432K->1408K(67072K)] 368745K->303721K(716800K), 0.0017803 secs] [Times: user=0.00 sys=0.00, real=0.00 secs] 
770.635: [GC (Allocation Failure) [PSYoungGen: 66432K->1376K(67072K)] 368745K->303697K(716800K), 0.0018270 secs] [Times: user=0.00 sys=0.00, real=0.00 secs] 
770.990: [GC (Allocation Failure) [PSYoungGen: 66400K->1437K(67072K)] 368721K->303758K(716800K), 0.0016134 secs] [Times: user=0.01 sys=0.00, real=0.01 secs] 
771.382: [GC (Allocation Failure) [PSYoungGen: 66461K->1549K(67072K)] 368782K->303870K(716800K), 0.0015905 secs] [Times: user=0.00 sys=0.00, real=0.00 secs] 
771.774: [GC (Allocation Failure) [PSYoungGen: 66573K->1485K(67072K)] 368894K->303806K(716800K), 0.0017085 secs] [Times: user=0.01 sys=0.00, real=0.00 secs] 
772.167: [GC (Allocation Failure) [PSYoungGen: 66509K->1488K(67072K)] 368830K->303825K(716800K), 0.0015880 secs] [Times: user=0.00 sys=0.00, real=0.00 secs] 
772.563: [GC (Allocation Failure) [PSYoungGen: 66512K->1392K(67072K)] 368849K->303729K(716800K), 0.0019468 secs] [Times: user=0.00 sys=0.00, real=0.00 secs] 
773.160: [GC (Allocation Failure) [PSYoungGen: 66416K->1408K(67072K)] 368753K->303745K(716800K), 0.0021402 secs] [Times: user=0.01 sys=0.00, real=0.00 secs] 
773.915: [GC (Allocation Failure) [PSYoungGen: 66432K->1408K(67072K)] 368769K->303745K(716800K), 0.0029837 secs] [Times: user=0.01 sys=0.00, real=0.00 secs] 
775.112: [GC (Allocation Failure) [PSYoungGen: 66432K->1376K(67072K)] 368769K->303721K(716800K), 0.0037814 secs] [Times: user=0.02 sys=0.00, real=0.00 secs] 
775.967: [GC (Allocation Failure) [PSYoungGen: 66400K->1453K(67072K)] 368745K->303798K(716800K), 0.0015944 secs] [Times: user=0.01 sys=0.00, real=0.00 secs] 
776.360: [GC (Allocation Failure) [PSYoungGen: 66477K->1520K(67072K)] 368822K->303865K(716800K), 0.0016298 secs] [Times: user=0.01 sys=0.00, real=0.01 secs] 
776.752: [GC (Allocation Failure) [PSYoungGen: 66544K->1581K(67072K)] 368889K->303926K(716800K), 0.0014755 secs] [Times: user=0.01 sys=0.00, real=0.00 secs] 
777.143: [GC (Allocation Failure) [PSYoungGen: 66605K->1565K(67072K)] 368950K->303926K(716800K), 0.0015995 secs] [Times: user=0.01 sys=0.00, real=0.00 secs] 
777.645: [GC (Allocation Failure) [PSYoungGen: 66589K->1456K(67072K)] 368950K->303817K(716800K), 0.0018995 secs] [Times: user=0.01 sys=0.00, real=0.00 secs] 
778.179: [GC (Allocation Failure) [PSYoungGen: 66480K->1408K(67072K)] 368841K->303769K(716800K), 0.0030894 secs] [Times: user=0.01 sys=0.00, real=0.01 secs] 
778.739: [GC (Allocation Failure) [PSYoungGen: 66432K->1376K(67072K)] 368793K->303737K(716800K), 0.0025012 secs] [Times: user=0.01 sys=0.00, real=0.01 secs] 
779.447: [GC (Allocation Failure) [PSYoungGen: 66400K->1344K(67072K)] 368761K->303721K(716800K), 0.0022282 secs] [Times: user=0.01 sys=0.00, real=0.00 secs] 
780.122: [GC (Allocation Failure) [PSYoungGen: 66368K->1440K(67072K)] 368745K->303817K(716800K), 0.0015241 secs] [Times: user=0.00 sys=0.00, real=0.00 secs] 
780.571: [GC (Allocation Failure) [PSYoungGen: 66464K->1520K(67072K)] 368841K->303897K(716800K), 0.0016291 secs] [Times: user=0.01 sys=0.00, real=0.00 secs] 
781.018: [GC (Allocation Failure) [PSYoungGen: 66544K->1552K(67072K)] 368921K->303929K(716800K), 0.0016704 secs] [Times: user=0.00 sys=0.00, real=0.00 secs] 
781.413: [GC (Allocation Failure) [PSYoungGen: 66576K->1520K(67072K)] 368953K->303905K(716800K), 0.0016348 secs] [Times: user=0.01 sys=0.00, real=0.00 secs] 
781.807: [GC (Allocation Failure) [PSYoungGen: 66544K->1488K(67072K)] 368929K->303873K(716800K), 0.0022546 secs] [Times: user=0.01 sys=0.00, real=0.00 secs] 
782.086: [GC (Allocation Failure) [PSYoungGen: 66512K->1408K(67072K)] 368897K->303793K(716800K), 0.0020200 secs] [Times: user=0.01 sys=0.00, real=0.00 secs] 
782.405: [GC (Allocation Failure) [PSYoungGen: 66432K->1408K(67072K)] 368817K->303793K(716800K), 0.0019044 secs] [Times: user=0.01 sys=0.00, real=0.00 secs] 
782.689: [GC (Allocation Failure) [PSYoungGen: 66432K->1408K(67072K)] 368817K->303793K(716800K), 0.0019504 secs] [Times: user=0.01 sys=0.00, real=0.01 secs] 
783.044: [GC (Allocation Failure) [PSYoungGen: 66411K->1405K(67072K)] 368796K->303790K(716800K), 0.0015002 secs] [Times: user=0.00 sys=0.00, real=0.00 secs] 
783.435: [GC (Allocation Failure) [PSYoungGen: 66429K->1501K(67072K)] 368814K->303886K(716800K), 0.0015515 secs] [Times: user=0.00 sys=0.00, real=0.00 secs] 
783.828: [GC (Allocation Failure) [PSYoungGen: 66525K->1517K(67072K)] 368910K->303902K(716800K), 0.0015745 secs] [Times: user=0.00 sys=0.00, real=0.00 secs] 
784.221: [GC (Allocation Failure) [PSYoungGen: 66541K->1520K(67072K)] 368926K->303921K(716800K), 0.0016353 secs] [Times: user=0.00 sys=0.00, real=0.00 secs] 
784.601: [GC (Allocation Failure) [PSYoungGen: 66544K->1472K(67072K)] 368945K->303873K(716800K), 0.0019073 secs] [Times: user=0.01 sys=0.00, real=0.00 secs] 
784.962: [GC (Allocation Failure) [PSYoungGen: 66496K->1344K(67072K)] 368897K->303745K(716800K), 0.0017038 secs] [Times: user=0.01 sys=0.00, real=0.00 secs] 
785.473: [GC (Allocation Failure) [PSYoungGen: 66368K->1408K(67072K)] 368769K->303809K(716800K), 0.0029442 secs] [Times: user=0.01 sys=0.00, real=0.00 secs] 
786.007: [GC (Allocation Failure) [PSYoungGen: 66432K->1376K(67072K)] 368833K->303777K(716800K), 0.0028489 secs] [Times: user=0.01 sys=0.00, real=0.00 secs] 
786.604: [GC (Allocation Failure) [PSYoungGen: 66400K->1437K(67072K)] 368801K->303838K(716800K), 0.0018108 secs] [Times: user=0.01 sys=0.00, real=0.00 secs] 
786.997: [GC (Allocation Failure) [PSYoungGen: 66461K->1549K(67072K)] 368862K->303974K(716800K), 0.0016654 secs] [Times: user=0.01 sys=0.00, real=0.00 secs] 
787.389: [GC (Allocation Failure) [PSYoungGen: 66573K->1552K(67072K)] 368998K->303977K(716800K), 0.0016412 secs] [Times: user=0.00 sys=0.00, real=0.01 secs] 
787.779: [GC (Allocation Failure) [PSYoungGen: 66565K->1517K(67072K)] 368990K->303950K(716800K), 0.0015416 secs] [Times: user=0.00 sys=0.00, real=0.01 secs] 
788.431: [GC (Allocation Failure) [PSYoungGen: 66541K->1424K(67072K)] 368974K->303857K(716800K), 0.0017043 secs] [Times: user=0.00 sys=0.00, real=0.00 secs] 
788.823: [GC (Allocation Failure) [PSYoungGen: 66448K->1408K(67072K)] 368881K->303841K(716800K), 0.0018070 secs] [Times: user=0.00 sys=0.00, real=0.00 secs] 
789.351: [GC (Allocation Failure) [PSYoungGen: 66432K->1344K(67072K)] 368865K->303777K(716800K), 0.0017145 secs] [Times: user=0.01 sys=0.00, real=0.00 secs] 
789.946: [GC (Allocation Failure) [PSYoungGen: 66368K->1376K(67072K)] 368801K->303809K(716800K), 0.0025687 secs] [Times: user=0.00 sys=0.00, real=0.00 secs] 
790.497: [GC (Allocation Failure) [PSYoungGen: 66400K->1488K(67072K)] 368833K->303921K(716800K), 0.0013499 secs] [Times: user=0.00 sys=0.00, real=0.00 secs] 
790.943: [GC (Allocation Failure) [PSYoungGen: 66512K->1517K(67072K)] 368945K->303950K(716800K), 0.0016233 secs] [Times: user=0.01 sys=0.00, real=0.00 secs] 
791.334: [GC (Allocation Failure) [PSYoungGen: 66541K->1552K(67072K)] 368974K->303985K(716800K), 0.0016137 secs] [Times: user=0.01 sys=0.00, real=0.00 secs] 
791.725: [GC (Allocation Failure) [PSYoungGen: 66576K->1549K(67072K)] 369009K->303990K(716800K), 0.0016266 secs] [Times: user=0.00 sys=0.00, real=0.00 secs] 
792.315: [GC (Allocation Failure) [PSYoungGen: 66573K->1488K(67072K)] 369014K->303937K(716800K), 0.0018914 secs] [Times: user=0.01 sys=0.00, real=0.00 secs] 
792.940: [GC (Allocation Failure) [PSYoungGen: 66512K->1392K(67072K)] 368961K->303841K(716800K), 0.0022127 secs] [Times: user=0.01 sys=0.00, real=0.01 secs] 
793.667: [GC (Allocation Failure) [PSYoungGen: 66416K->1376K(67072K)] 368865K->303825K(716800K), 0.0022645 secs] [Times: user=0.01 sys=0.00, real=0.00 secs] 
794.466: [GC (Allocation Failure) [PSYoungGen: 66400K->1376K(67072K)] 368849K->303825K(716800K), 0.0022994 secs] [Times: user=0.00 sys=0.00, real=0.00 secs] 
795.159: [GC (Allocation Failure) [PSYoungGen: 66400K->1501K(67072K)] 368849K->303950K(716800K), 0.0019782 secs] [Times: user=0.01 sys=0.00, real=0.01 secs] 
795.585: [GC (Allocation Failure) [PSYoungGen: 66525K->1488K(67072K)] 368974K->303937K(716800K), 0.0015951 secs] [Times: user=0.01 sys=0.00, real=0.00 secs] 
795.976: [GC (Allocation Failure) [PSYoungGen: 66512K->1517K(67072K)] 368961K->303966K(716800K), 0.0016218 secs] [Times: user=0.01 sys=0.00, real=0.00 secs] 
796.366: [GC (Allocation Failure) [PSYoungGen: 66541K->1533K(67072K)] 368990K->303990K(716800K), 0.0016320 secs] [Times: user=0.01 sys=0.00, real=0.00 secs] 
796.974: [GC (Allocation Failure) [PSYoungGen: 66557K->1472K(67072K)] 369014K->303929K(716800K), 0.0021754 secs] [Times: user=0.01 sys=0.00, real=0.00 secs] 
797.528: [GC (Allocation Failure) [PSYoungGen: 66496K->1440K(67072K)] 368953K->303897K(716800K), 0.0021771 secs] [Times: user=0.01 sys=0.00, real=0.01 secs] 
798.086: [GC (Allocation Failure) [PSYoungGen: 66464K->1376K(67072K)] 368921K->303833K(716800K), 0.0021703 secs] [Times: user=0.00 sys=0.00, real=0.00 secs] 
798.649: [GC (Allocation Failure) [PSYoungGen: 66400K->1376K(67072K)] 368857K->303841K(716800K), 0.0033953 secs] [Times: user=0.01 sys=0.01, real=0.01 secs] 
799.105: [GC (Allocation Failure) [PSYoungGen: 66400K->1392K(67072K)] 368865K->303873K(716800K), 0.0020874 secs] [Times: user=0.01 sys=0.01, real=0.00 secs] 
799.520: [GC (Allocation Failure) [PSYoungGen: 66416K->1485K(67072K)] 368897K->303966K(716800K), 0.0016175 secs] [Times: user=0.01 sys=0.00, real=0.01 secs] 
799.966: [GC (Allocation Failure) [PSYoungGen: 66492K->1520K(67072K)] 368973K->304001K(716800K), 0.0018475 secs] [Times: user=0.00 sys=0.00, real=0.00 secs] 
800.357: [GC (Allocation Failure) [PSYoungGen: 66542K->1520K(67072K)] 369023K->304009K(716800K), 0.0015757 secs] [Times: user=0.00 sys=0.00, real=0.00 secs] 
801.796: [GC (Allocation Failure) [PSYoungGen: 66544K->1440K(67072K)] 369033K->303929K(716800K), 0.0041301 secs] [Times: user=0.01 sys=0.01, real=0.01 secs] 
802.737: [GC (Allocation Failure) [PSYoungGen: 66464K->1408K(67072K)] 368953K->303897K(716800K), 0.0029203 secs] [Times: user=0.01 sys=0.00, real=0.00 secs] 
803.229: [GC (Allocation Failure) [PSYoungGen: 66432K->1408K(67072K)] 368921K->303897K(716800K), 0.0019859 secs] [Times: user=0.01 sys=0.00, real=0.01 secs] 
803.499: [GC (Allocation Failure) [PSYoungGen: 66432K->1344K(67072K)] 368921K->303833K(716800K), 0.0020189 secs] [Times: user=0.01 sys=0.00, real=0.01 secs] 
803.769: [GC (Allocation Failure) [PSYoungGen: 66368K->1424K(67072K)] 368857K->303913K(716800K), 0.0019568 secs] [Times: user=0.01 sys=0.00, real=0.01 secs] 
804.352: [GC (Allocation Failure) [PSYoungGen: 66448K->1520K(67072K)] 368937K->304009K(716800K), 0.0016479 secs] [Times: user=0.01 sys=0.00, real=0.00 secs] 
804.745: [GC (Allocation Failure) [PSYoungGen: 66544K->1552K(67072K)] 369033K->304041K(716800K), 0.0016153 secs] [Times: user=0.01 sys=0.00, real=0.00 secs] 
805.196: [GC (Allocation Failure) [PSYoungGen: 66576K->1549K(67072K)] 369065K->304046K(716800K), 0.0016329 secs] [Times: user=0.00 sys=0.00, real=0.00 secs] 
805.774: [GC (Allocation Failure) [PSYoungGen: 66573K->1456K(67072K)] 369070K->303961K(716800K), 0.0022667 secs] [Times: user=0.01 sys=0.00, real=0.00 secs] 
806.294: [GC (Allocation Failure) [PSYoungGen: 66480K->1360K(67072K)] 368985K->303865K(716800K), 0.0020282 secs] [Times: user=0.01 sys=0.00, real=0.00 secs] 
806.585: [GC (Allocation Failure) [PSYoungGen: 66384K->1408K(67072K)] 368889K->303913K(716800K), 0.0019761 secs] [Times: user=0.01 sys=0.00, real=0.00 secs] 
806.867: [GC (Allocation Failure) [PSYoungGen: 66432K->1376K(67072K)] 368937K->303881K(716800K), 0.0019352 secs] [Times: user=0.00 sys=0.00, real=0.00 secs] 
807.180: [GC (Allocation Failure) [PSYoungGen: 66400K->1376K(67072K)] 368905K->303881K(716800K), 0.0019303 secs] [Times: user=0.01 sys=0.00, real=0.00 secs] 
807.626: [GC (Allocation Failure) [PSYoungGen: 66400K->1488K(67072K)] 368905K->303993K(716800K), 0.0017198 secs] [Times: user=0.01 sys=0.00, real=0.00 secs] 
808.016: [GC (Allocation Failure) [PSYoungGen: 66512K->1533K(67072K)] 369017K->304038K(716800K), 0.0016981 secs] [Times: user=0.01 sys=0.00, real=0.00 secs] 
808.408: [GC (Allocation Failure) [PSYoungGen: 66548K->1520K(67072K)] 369053K->304057K(716800K), 0.0017299 secs] [Times: user=0.01 sys=0.00, real=0.00 secs] 
808.939: [GC (Allocation Failure) [PSYoungGen: 66544K->1536K(67072K)] 369081K->304073K(716800K), 0.0018406 secs] [Times: user=0.01 sys=0.00, real=0.01 secs] 
809.744: [GC (Allocation Failure) [PSYoungGen: 66560K->1376K(67072K)] 369097K->303913K(716800K), 0.0030716 secs] [Times: user=0.01 sys=0.00, real=0.00 secs] 
810.522: [GC (Allocation Failure) [PSYoungGen: 66400K->1376K(67072K)] 368937K->303913K(716800K), 0.0040004 secs] [Times: user=0.02 sys=0.00, real=0.00 secs] 
811.104: [GC (Allocation Failure) [PSYoungGen: 66400K->1344K(67072K)] 368937K->303881K(716800K), 0.0026702 secs] [Times: user=0.01 sys=0.00, real=0.00 secs] 
811.613: [GC (Allocation Failure) [PSYoungGen: 66368K->1376K(67072K)] 368905K->303913K(716800K), 0.0026446 secs] [Times: user=0.01 sys=0.00, real=0.00 secs] 
812.064: [GC (Allocation Failure) [PSYoungGen: 66400K->1488K(67072K)] 368937K->304025K(716800K), 0.0016181 secs] [Times: user=0.00 sys=0.00, real=0.00 secs] 
812.454: [GC (Allocation Failure) [PSYoungGen: 66512K->1488K(67072K)] 369049K->304025K(716800K), 0.0017381 secs] [Times: user=0.00 sys=0.00, real=0.00 secs] 
812.845: [GC (Allocation Failure) [PSYoungGen: 66512K->1549K(67072K)] 369049K->304094K(716800K), 0.0016166 secs] [Times: user=0.01 sys=0.00, real=0.00 secs] 
813.405: [GC (Allocation Failure) [PSYoungGen: 66573K->2016K(67072K)] 369118K->304561K(716800K), 0.0019730 secs] [Times: user=0.01 sys=0.00, real=0.00 secs] 
814.198: [GC (Allocation Failure) [PSYoungGen: 67040K->1376K(67072K)] 369585K->303921K(716800K), 0.0023009 secs] [Times: user=0.01 sys=0.00, real=0.00 secs] 
814.951: [GC (Allocation Failure) [PSYoungGen: 66400K->1440K(67072K)] 368945K->303985K(716800K), 0.0025588 secs] [Times: user=0.01 sys=0.00, real=0.00 secs] 
815.886: [GC (Allocation Failure) [PSYoungGen: 66464K->1344K(67072K)] 369009K->303889K(716800K), 0.0026303 secs] [Times: user=0.01 sys=0.00, real=0.00 secs] 
816.840: [GC (Allocation Failure) [PSYoungGen: 66368K->1408K(67072K)] 368913K->303953K(716800K), 0.0026106 secs] [Times: user=0.01 sys=0.00, real=0.01 secs] 
817.488: [GC (Allocation Failure) [PSYoungGen: 66432K->1520K(67072K)] 368977K->304065K(716800K), 0.0015633 secs] [Times: user=0.00 sys=0.00, real=0.00 secs] 
817.879: [GC (Allocation Failure) [PSYoungGen: 66544K->1520K(67072K)] 369089K->304065K(716800K), 0.0016185 secs] [Times: user=0.01 sys=0.00, real=0.01 secs] 
818.269: [GC (Allocation Failure) [PSYoungGen: 66539K->1520K(67072K)] 369084K->304073K(716800K), 0.0015757 secs] [Times: user=0.01 sys=0.00, real=0.01 secs] 
818.694: [GC (Allocation Failure) [PSYoungGen: 66544K->2000K(67072K)] 369097K->304553K(716800K), 0.0019248 secs] [Times: user=0.01 sys=0.00, real=0.00 secs] 
818.964: [GC (Allocation Failure) [PSYoungGen: 67024K->1376K(67072K)] 369577K->303929K(716800K), 0.0017606 secs] [Times: user=0.01 sys=0.00, real=0.00 secs] 
819.234: [GC (Allocation Failure) [PSYoungGen: 66400K->1376K(67072K)] 368953K->303945K(716800K), 0.0016214 secs] [Times: user=0.01 sys=0.00, real=0.00 secs] 
819.504: [GC (Allocation Failure) [PSYoungGen: 66400K->1376K(67072K)] 368969K->303945K(716800K), 0.0020479 secs] [Times: user=0.01 sys=0.00, real=0.00 secs] 
819.788: [GC (Allocation Failure) [PSYoungGen: 66400K->1344K(67072K)] 368969K->303913K(716800K), 0.0021252 secs] [Times: user=0.01 sys=0.00, real=0.01 secs] 
820.183: [GC (Allocation Failure) [PSYoungGen: 66368K->1488K(67072K)] 368937K->304057K(716800K), 0.0015535 secs] [Times: user=0.01 sys=0.00, real=0.00 secs] 
820.574: [GC (Allocation Failure) [PSYoungGen: 66512K->1549K(67072K)] 369081K->304118K(716800K), 0.0015911 secs] [Times: user=0.01 sys=0.00, real=0.00 secs] 
820.964: [GC (Allocation Failure) [PSYoungGen: 66573K->1549K(67072K)] 369142K->304134K(716800K), 0.0015731 secs] [Times: user=0.01 sys=0.00, real=0.00 secs] 
821.350: [GC (Allocation Failure) [PSYoungGen: 66573K->1408K(67072K)] 369158K->303993K(716800K), 0.0015211 secs] [Times: user=0.00 sys=0.00, real=0.01 secs] 
821.674: [GC (Allocation Failure) [PSYoungGen: 66432K->1344K(67072K)] 369017K->303929K(716800K), 0.0014570 secs] [Times: user=0.00 sys=0.00, real=0.00 secs] 
821.943: [GC (Allocation Failure) [PSYoungGen: 66368K->1408K(67072K)] 368953K->303993K(716800K), 0.0015288 secs] [Times: user=0.01 sys=0.00, real=0.00 secs] 
822.214: [GC (Allocation Failure) [PSYoungGen: 66432K->1408K(67072K)] 369017K->303993K(716800K), 0.0015887 secs] [Times: user=0.01 sys=0.00, real=0.00 secs] 
822.483: [GC (Allocation Failure) [PSYoungGen: 66432K->1344K(67072K)] 369017K->303929K(716800K), 0.0015140 secs] [Times: user=0.00 sys=0.00, real=0.00 secs] 
822.875: [GC (Allocation Failure) [PSYoungGen: 66368K->1453K(67072K)] 368953K->304038K(716800K), 0.0015686 secs] [Times: user=0.01 sys=0.00, real=0.00 secs] 
823.266: [GC (Allocation Failure) [PSYoungGen: 66477K->1549K(67072K)] 369062K->304134K(716800K), 0.0016002 secs] [Times: user=0.01 sys=0.00, real=0.00 secs] 
823.659: [GC (Allocation Failure) [PSYoungGen: 66573K->1549K(67072K)] 369158K->304142K(716800K), 0.0015725 secs] [Times: user=0.00 sys=0.00, real=0.01 secs] 
824.055: [GC (Allocation Failure) [PSYoungGen: 66573K->1533K(67072K)] 369166K->304126K(716800K), 0.0016554 secs] [Times: user=0.01 sys=0.00, real=0.00 secs] 
824.659: [GC (Allocation Failure) [PSYoungGen: 66557K->1440K(67072K)] 369150K->304041K(716800K), 0.0019936 secs] [Times: user=0.01 sys=0.00, real=0.01 secs] 
825.168: [GC (Allocation Failure) [PSYoungGen: 66464K->1376K(67072K)] 369065K->303977K(716800K), 0.0020373 secs] [Times: user=0.01 sys=0.00, real=0.01 secs] 
825.719: [GC (Allocation Failure) [PSYoungGen: 66400K->1376K(67072K)] 369001K->303977K(716800K), 0.0021628 secs] [Times: user=0.01 sys=0.00, real=0.01 secs] 
826.283: [GC (Allocation Failure) [PSYoungGen: 66400K->1408K(67072K)] 369001K->304009K(716800K), 0.0020917 secs] [Times: user=0.01 sys=0.00, real=0.00 secs] 
826.795: [GC (Allocation Failure) [PSYoungGen: 66432K->1536K(67072K)] 369033K->304137K(716800K), 0.0017042 secs] [Times: user=0.01 sys=0.00, real=0.00 secs] 
827.188: [GC (Allocation Failure) [PSYoungGen: 66560K->1517K(67072K)] 369161K->304142K(716800K), 0.0015610 secs] [Times: user=0.00 sys=0.00, real=0.00 secs] 
827.580: [GC (Allocation Failure) [PSYoungGen: 66541K->1549K(67072K)] 369166K->304190K(716800K), 0.0015992 secs] [Times: user=0.01 sys=0.00, real=0.01 secs] 
827.973: [GC (Allocation Failure) [PSYoungGen: 66573K->1517K(67072K)] 369214K->304166K(716800K), 0.0015830 secs] [Times: user=0.00 sys=0.00, real=0.00 secs] 
828.401: [GC (Allocation Failure) [PSYoungGen: 66541K->1408K(67072K)] 369190K->304057K(716800K), 0.0018499 secs] [Times: user=0.01 sys=0.00, real=0.00 secs] 
828.675: [GC (Allocation Failure) [PSYoungGen: 66432K->1408K(67072K)] 369081K->304057K(716800K), 0.0025754 secs] [Times: user=0.01 sys=0.00, real=0.00 secs] 
828.946: [GC (Allocation Failure) [PSYoungGen: 66432K->1392K(67072K)] 369081K->304041K(716800K), 0.0021945 secs] [Times: user=0.01 sys=0.01, real=0.00 secs] 
829.247: [GC (Allocation Failure) [PSYoungGen: 66416K->1408K(67072K)] 369065K->304057K(716800K), 0.0021870 secs] [Times: user=0.01 sys=0.00, real=0.00 secs] 
829.678: [GC (Allocation Failure) [PSYoungGen: 66432K->1488K(67072K)] 369081K->304137K(716800K), 0.0016697 secs] [Times: user=0.01 sys=0.00, real=0.00 secs] 
830.073: [GC (Allocation Failure) [PSYoungGen: 66512K->1517K(67072K)] 369161K->304166K(716800K), 0.0015562 secs] [Times: user=0.01 sys=0.00, real=0.00 secs] 
830.464: [GC (Allocation Failure) [PSYoungGen: 66541K->1549K(67072K)] 369190K->304198K(716800K), 0.0015432 secs] [Times: user=0.01 sys=0.00, real=0.00 secs] 
830.856: [GC (Allocation Failure) [PSYoungGen: 66573K->1549K(67072K)] 369222K->304214K(716800K), 0.0015951 secs] [Times: user=0.01 sys=0.00, real=0.00 secs] 
831.181: [GC (Allocation Failure) [PSYoungGen: 66573K->1408K(67072K)] 369238K->304073K(716800K), 0.0016646 secs] [Times: user=0.01 sys=0.00, real=0.00 secs] 
831.494: [GC (Allocation Failure) [PSYoungGen: 66432K->1376K(67072K)] 369097K->304041K(716800K), 0.0018074 secs] [Times: user=0.01 sys=0.00, real=0.00 secs] 
831.920: [GC (Allocation Failure) [PSYoungGen: 66400K->1392K(67072K)] 369065K->304057K(716800K), 0.0022625 secs] [Times: user=0.01 sys=0.00, real=0.01 secs] 
832.364: [GC (Allocation Failure) [PSYoungGen: 66416K->1328K(67072K)] 369081K->303993K(716800K), 0.0020912 secs] [Times: user=0.01 sys=0.00, real=0.00 secs] 
832.999: [GC (Allocation Failure) [PSYoungGen: 66352K->1520K(67072K)] 369017K->304185K(716800K), 0.0016258 secs] [Times: user=0.00 sys=0.00, real=0.01 secs] 
833.390: [GC (Allocation Failure) [PSYoungGen: 66544K->1549K(67072K)] 369209K->304214K(716800K), 0.0016498 secs] [Times: user=0.01 sys=0.00, real=0.00 secs] 
833.780: [GC (Allocation Failure) [PSYoungGen: 66573K->1549K(67072K)] 369238K->304214K(716800K), 0.0015849 secs] [Times: user=0.00 sys=0.00, real=0.01 secs] 
834.177: [GC (Allocation Failure) [PSYoungGen: 66573K->1520K(67072K)] 369238K->304193K(716800K), 0.0017412 secs] [Times: user=0.00 sys=0.00, real=0.00 secs] 
834.766: [GC (Allocation Failure) [PSYoungGen: 66544K->1408K(67072K)] 369217K->304081K(716800K), 0.0031221 secs] [Times: user=0.01 sys=0.00, real=0.00 secs] 
835.345: [GC (Allocation Failure) [PSYoungGen: 66432K->1392K(67072K)] 369105K->304065K(716800K), 0.0024773 secs] [Times: user=0.01 sys=0.00, real=0.00 secs] 
836.242: [GC (Allocation Failure) [PSYoungGen: 66416K->1408K(67072K)] 369089K->304081K(716800K), 0.0031858 secs] [Times: user=0.01 sys=0.00, real=0.00 secs] 
836.997: [GC (Allocation Failure) [PSYoungGen: 66432K->1376K(67072K)] 369105K->304049K(716800K), 0.0032198 secs] [Times: user=0.01 sys=0.00, real=0.01 secs] 
837.648: [GC (Allocation Failure) [PSYoungGen: 66400K->1504K(67072K)] 369073K->304177K(716800K), 0.0016007 secs] [Times: user=0.01 sys=0.00, real=0.00 secs] 
838.039: [GC (Allocation Failure) [PSYoungGen: 66528K->1552K(67072K)] 369201K->304225K(716800K), 0.0015422 secs] [Times: user=0.01 sys=0.00, real=0.01 secs] 
838.431: [GC (Allocation Failure) [PSYoungGen: 66576K->1533K(67072K)] 369249K->304230K(716800K), 0.0015954 secs] [Times: user=0.01 sys=0.00, real=0.00 secs] 
838.816: [GC (GCLocker Initiated GC) [PSYoungGen: 66557K->1533K(67072K)] 369254K->304246K(716800K), 0.0016381 secs] [Times: user=0.01 sys=0.00, real=0.00 secs] 
839.819: [GC (Allocation Failure) [PSYoungGen: 66557K->1376K(67072K)] 369273K->304100K(716800K), 0.0027551 secs] [Times: user=0.01 sys=0.00, real=0.01 secs] 
840.197: [GC (Allocation Failure) [PSYoungGen: 66400K->1376K(67072K)] 369124K->304100K(716800K), 0.0018516 secs] [Times: user=0.01 sys=0.00, real=0.00 secs] 
840.468: [GC (Allocation Failure) [PSYoungGen: 66400K->1408K(67072K)] 369124K->304132K(716800K), 0.0020692 secs] [Times: user=0.01 sys=0.00, real=0.00 secs] 
840.921: [GC (Allocation Failure) [PSYoungGen: 66432K->1408K(67072K)] 369156K->304132K(716800K), 0.0037493 secs] [Times: user=0.02 sys=0.00, real=0.00 secs] 
841.450: [GC (Allocation Failure) [PSYoungGen: 66432K->1453K(67072K)] 369156K->304177K(716800K), 0.0014915 secs] [Times: user=0.01 sys=0.00, real=0.01 secs] 
841.842: [GC (Allocation Failure) [PSYoungGen: 66477K->1600K(67072K)] 369201K->304324K(716800K), 0.0017136 secs] [Times: user=0.00 sys=0.00, real=0.00 secs] 
842.233: [GC (Allocation Failure) [PSYoungGen: 66624K->1552K(67072K)] 369348K->304276K(716800K), 0.0017828 secs] [Times: user=0.01 sys=0.00, real=0.00 secs] 
842.686: [GC (Allocation Failure) [PSYoungGen: 66576K->1565K(67072K)] 369300K->304297K(716800K), 0.0017967 secs] [Times: user=0.01 sys=0.00, real=0.00 secs] 
843.138: [GC (Allocation Failure) [PSYoungGen: 66589K->1472K(67072K)] 369321K->304212K(716800K), 0.0023512 secs] [Times: user=0.01 sys=0.00, real=0.01 secs] 
843.414: [GC (Allocation Failure) [PSYoungGen: 66496K->1456K(67072K)] 369236K->304196K(716800K), 0.0021270 secs] [Times: user=0.01 sys=0.00, real=0.00 secs] 
843.699: [GC (Allocation Failure) [PSYoungGen: 66480K->1472K(67072K)] 369220K->304212K(716800K), 0.0020158 secs] [Times: user=0.01 sys=0.00, real=0.01 secs] 
844.029: [GC (Allocation Failure) [PSYoungGen: 66496K->1472K(67072K)] 369236K->304212K(716800K), 0.0017331 secs] [Times: user=0.01 sys=0.00, real=0.01 secs] 
844.377: [GC (Allocation Failure) [PSYoungGen: 66496K->1549K(67072K)] 369236K->304289K(716800K), 0.0016616 secs] [Times: user=0.00 sys=0.00, real=0.00 secs] 
844.769: [GC (Allocation Failure) [PSYoungGen: 66554K->1613K(67072K)] 369294K->304353K(716800K), 0.0017493 secs] [Times: user=0.01 sys=0.01, real=0.01 secs] 
845.161: [GC (Allocation Failure) [PSYoungGen: 66637K->1629K(67072K)] 369377K->304369K(716800K), 0.0016548 secs] [Times: user=0.00 sys=0.00, real=0.00 secs] 
845.555: [GC (Allocation Failure) [PSYoungGen: 66653K->1597K(67072K)] 369393K->304401K(716800K), 0.0015807 secs] [Times: user=0.01 sys=0.00, real=0.00 secs] 
845.892: [GC (Allocation Failure) [PSYoungGen: 66621K->1488K(67072K)] 369425K->304292K(716800K), 0.0015128 secs] [Times: user=0.01 sys=0.00, real=0.00 secs] 
846.162: [GC (Allocation Failure) [PSYoungGen: 66512K->1440K(67072K)] 369316K->304244K(716800K), 0.0016640 secs] [Times: user=0.01 sys=0.00, real=0.00 secs] 
846.616: [GC (Allocation Failure) [PSYoungGen: 66464K->1408K(67072K)] 369268K->304220K(716800K), 0.0016659 secs] [Times: user=0.01 sys=0.00, real=0.00 secs] 
847.221: [GC (Allocation Failure) [PSYoungGen: 66432K->1408K(67072K)] 369244K->304220K(716800K), 0.0017915 secs] [Times: user=0.01 sys=0.00, real=0.00 secs] 
847.924: [GC (Allocation Failure) [PSYoungGen: 66432K->1472K(67072K)] 369244K->304284K(716800K), 0.0016620 secs] [Times: user=0.01 sys=0.00, real=0.00 secs] 
848.315: [GC (Allocation Failure) [PSYoungGen: 66496K->1549K(67072K)] 369308K->304369K(716800K), 0.0015716 secs] [Times: user=0.01 sys=0.00, real=0.00 secs] 
848.707: [GC (Allocation Failure) [PSYoungGen: 66573K->1549K(67072K)] 369393K->304369K(716800K), 0.0015671 secs] [Times: user=0.01 sys=0.00, real=0.00 secs] 
849.100: [GC (Allocation Failure) [PSYoungGen: 66573K->1549K(67072K)] 369393K->304401K(716800K), 0.0016212 secs] [Times: user=0.01 sys=0.00, real=0.00 secs] 
849.794: [GC (Allocation Failure) [PSYoungGen: 66573K->1456K(67072K)] 369425K->304308K(716800K), 0.0022017 secs] [Times: user=0.01 sys=0.00, real=0.00 secs] 
850.482: [GC (Allocation Failure) [PSYoungGen: 66480K->1376K(67072K)] 369332K->304236K(716800K), 0.0029598 secs] [Times: user=0.01 sys=0.00, real=0.00 secs] 
851.098: [GC (Allocation Failure) [PSYoungGen: 66400K->1376K(67072K)] 369260K->304236K(716800K), 0.0026658 secs] [Times: user=0.01 sys=0.00, real=0.01 secs] 
851.787: [GC (Allocation Failure) [PSYoungGen: 66400K->1376K(67072K)] 369260K->304236K(716800K), 0.0029921 secs] [Times: user=0.02 sys=0.00, real=0.00 secs] 
852.441: [GC (Allocation Failure) [PSYoungGen: 66400K->1453K(67072K)] 369260K->304313K(716800K), 0.0015319 secs] [Times: user=0.01 sys=0.00, real=0.00 secs] 
852.831: [GC (Allocation Failure) [PSYoungGen: 66463K->1549K(67072K)] 369323K->304409K(716800K), 0.0016125 secs] [Times: user=0.01 sys=0.00, real=0.00 secs] 
853.223: [GC (Allocation Failure) [PSYoungGen: 66558K->1501K(67072K)] 369418K->304361K(716800K), 0.0015855 secs] [Times: user=0.00 sys=0.00, real=0.00 secs] 
853.615: [GC (Allocation Failure) [PSYoungGen: 66525K->1533K(67072K)] 369385K->304409K(716800K), 0.0015565 secs] [Times: user=0.00 sys=0.00, real=0.00 secs] 
854.041: [GC (Allocation Failure) [PSYoungGen: 66557K->1456K(67072K)] 369433K->304332K(716800K), 0.0020108 secs] [Times: user=0.01 sys=0.00, real=0.00 secs] 
854.356: [GC (Allocation Failure) [PSYoungGen: 66480K->1408K(67072K)] 369356K->304284K(716800K), 0.0019713 secs] [Times: user=0.00 sys=0.00, real=0.00 secs] 
854.680: [GC (Allocation Failure) [PSYoungGen: 66432K->1376K(67072K)] 369308K->304252K(716800K), 0.0017280 secs] [Times: user=0.00 sys=0.00, real=0.01 secs] 
854.970: [GC (Allocation Failure) [PSYoungGen: 66400K->1392K(67072K)] 369276K->304268K(716800K), 0.0019320 secs] [Times: user=0.01 sys=0.00, real=0.01 secs] 
855.334: [GC (Allocation Failure) [PSYoungGen: 66395K->1488K(67072K)] 369271K->304364K(716800K), 0.0015081 secs] [Times: user=0.00 sys=0.00, real=0.00 secs] 
855.723: [GC (Allocation Failure) [PSYoungGen: 66512K->1584K(67072K)] 369388K->304460K(716800K), 0.0016226 secs] [Times: user=0.01 sys=0.00, real=0.00 secs] 
856.114: [GC (Allocation Failure) [PSYoungGen: 66608K->1549K(67072K)] 369484K->304425K(716800K), 0.0016324 secs] [Times: user=0.00 sys=0.00, real=0.00 secs] 
856.506: [GC (Allocation Failure) [PSYoungGen: 66563K->1565K(67072K)] 369440K->304457K(716800K), 0.0015231 secs] [Times: user=0.00 sys=0.00, real=0.00 secs] 
856.910: [GC (Allocation Failure) [PSYoungGen: 66589K->1488K(67072K)] 369481K->304380K(716800K), 0.0018729 secs] [Times: user=0.01 sys=0.00, real=0.00 secs] 
857.181: [GC (Allocation Failure) [PSYoungGen: 66512K->1344K(67072K)] 369404K->304252K(716800K), 0.0018124 secs] [Times: user=0.01 sys=0.00, real=0.00 secs] 
857.451: [GC (Allocation Failure) [PSYoungGen: 66368K->1408K(67072K)] 369276K->304316K(716800K), 0.0016085 secs] [Times: user=0.01 sys=0.00, real=0.00 secs] 
857.721: [GC (Allocation Failure) [PSYoungGen: 66432K->1376K(67072K)] 369340K->304284K(716800K), 0.0017510 secs] [Times: user=0.01 sys=0.01, real=0.00 secs] 
858.076: [GC (Allocation Failure) [PSYoungGen: 66400K->1456K(67072K)] 369308K->304364K(716800K), 0.0014817 secs] [Times: user=0.00 sys=0.00, real=0.00 secs] 
858.527: [GC (Allocation Failure) [PSYoungGen: 66480K->1552K(67072K)] 369388K->304460K(716800K), 0.0016261 secs] [Times: user=0.00 sys=0.00, real=0.00 secs] 
858.919: [GC (Allocation Failure) [PSYoungGen: 66576K->1520K(67072K)] 369484K->304428K(716800K), 0.0016101 secs] [Times: user=0.01 sys=0.00, real=0.01 secs] 
859.365: [GC (Allocation Failure) [PSYoungGen: 66544K->1552K(67072K)] 369452K->304468K(716800K), 0.0015838 secs] [Times: user=0.01 sys=0.00, real=0.00 secs] 
859.965: [GC (Allocation Failure) [PSYoungGen: 66576K->1456K(67072K)] 369492K->304372K(716800K), 0.0034084 secs] [Times: user=0.01 sys=0.00, real=0.00 secs] 
860.482: [GC (Allocation Failure) [PSYoungGen: 66480K->1344K(67072K)] 369396K->304260K(716800K), 0.0020257 secs] [Times: user=0.00 sys=0.00, real=0.00 secs] 
860.760: [GC (Allocation Failure) [PSYoungGen: 66368K->1344K(67072K)] 369284K->304260K(716800K), 0.0018069 secs] [Times: user=0.00 sys=0.00, real=0.01 secs] 
861.077: [GC (Allocation Failure) [PSYoungGen: 66368K->1392K(67072K)] 369284K->304308K(716800K), 0.0018960 secs] [Times: user=0.00 sys=0.00, real=0.00 secs] 
861.433: [GC (Allocation Failure) [PSYoungGen: 66416K->1437K(67072K)] 369332K->304353K(716800K), 0.0015090 secs] [Times: user=0.01 sys=0.00, real=0.00 secs] 
861.818: [GC (GCLocker Initiated GC) [PSYoungGen: 66461K->1517K(67072K)] 369377K->304433K(716800K), 0.0017550 secs] [Times: user=0.00 sys=0.00, real=0.00 secs] 
862.218: [GC (Allocation Failure) [PSYoungGen: 66541K->1456K(67072K)] 370674K->305589K(716800K), 0.0016087 secs] [Times: user=0.01 sys=0.00, real=0.00 secs] 
862.611: [GC (Allocation Failure) [PSYoungGen: 66480K->1520K(67072K)] 370613K->305669K(716800K), 0.0016376 secs] [Times: user=0.00 sys=0.00, real=0.00 secs] 
863.359: [GC (Allocation Failure) [PSYoungGen: 66544K->1504K(67072K)] 370693K->305653K(716800K), 0.0022209 secs] [Times: user=0.01 sys=0.00, real=0.01 secs] 
864.353: [GC (Allocation Failure) [PSYoungGen: 66528K->1472K(67072K)] 370677K->305621K(716800K), 0.0032808 secs] [Times: user=0.02 sys=0.00, real=0.00 secs] 
865.002: [GC (Allocation Failure) [PSYoungGen: 66496K->1376K(67072K)] 370645K->305525K(716800K), 0.0027052 secs] [Times: user=0.01 sys=0.00, real=0.00 secs] 
865.650: [GC (Allocation Failure) [PSYoungGen: 66400K->1392K(67072K)] 370549K->305541K(716800K), 0.0026159 secs] [Times: user=0.01 sys=0.00, real=0.01 secs] 
866.258: [GC (Allocation Failure) [PSYoungGen: 66416K->1469K(67072K)] 370565K->305618K(716800K), 0.0020515 secs] [Times: user=0.01 sys=0.00, real=0.01 secs] 
866.674: [GC (Allocation Failure) [PSYoungGen: 66493K->1517K(67072K)] 370642K->305666K(716800K), 0.0015994 secs] [Times: user=0.00 sys=0.00, real=0.00 secs] 
867.064: [GC (Allocation Failure) [PSYoungGen: 66541K->1565K(67072K)] 370690K->305714K(716800K), 0.0015066 secs] [Times: user=0.01 sys=0.00, real=0.00 secs] 
867.456: [GC (Allocation Failure) [PSYoungGen: 66589K->1552K(67072K)] 370738K->305717K(716800K), 0.0016054 secs] [Times: user=0.01 sys=0.00, real=0.00 secs] 
868.873: [GC (Allocation Failure) [PSYoungGen: 66576K->1456K(67072K)] 370741K->305621K(716800K), 0.0042986 secs] [Times: user=0.02 sys=0.00, real=0.00 secs] 
870.120: [GC (Allocation Failure) [PSYoungGen: 66480K->1408K(67072K)] 370645K->305573K(716800K), 0.0025300 secs] [Times: user=0.01 sys=0.00, real=0.01 secs] 
870.672: [GC (Allocation Failure) [PSYoungGen: 66432K->1408K(67072K)] 370597K->305589K(716800K), 0.0025044 secs] [Times: user=0.01 sys=0.00, real=0.00 secs] 
871.437: [GC (Allocation Failure) [PSYoungGen: 66432K->1376K(67072K)] 370613K->305597K(716800K), 0.0027653 secs] [Times: user=0.01 sys=0.00, real=0.00 secs] 
872.155: [GC (Allocation Failure) [PSYoungGen: 66400K->1469K(67072K)] 370621K->305690K(716800K), 0.0024959 secs] [Times: user=0.01 sys=0.00, real=0.00 secs] 
872.610: [GC (Allocation Failure) [PSYoungGen: 66493K->1485K(67072K)] 370714K->305722K(716800K), 0.0015796 secs] [Times: user=0.01 sys=0.00, real=0.00 secs] 
873.002: [GC (Allocation Failure) [PSYoungGen: 66506K->1552K(67072K)] 370743K->305789K(716800K), 0.0016073 secs] [Times: user=0.00 sys=0.00, real=0.00 secs] 
873.392: [GC (Allocation Failure) [PSYoungGen: 66551K->1552K(67072K)] 370789K->305805K(716800K), 0.0016107 secs] [Times: user=0.01 sys=0.00, real=0.00 secs] 
873.838: [GC (Allocation Failure) [PSYoungGen: 66576K->1424K(67072K)] 370829K->305677K(716800K), 0.0019107 secs] [Times: user=0.00 sys=0.00, real=0.00 secs] 
874.108: [GC (Allocation Failure) [PSYoungGen: 66448K->1360K(67072K)] 370701K->305613K(716800K), 0.0018132 secs] [Times: user=0.00 sys=0.00, real=0.01 secs] 
874.380: [GC (Allocation Failure) [PSYoungGen: 66384K->1408K(67072K)] 370637K->305661K(716800K), 0.0016946 secs] [Times: user=0.01 sys=0.00, real=0.01 secs] 
874.650: [GC (Allocation Failure) [PSYoungGen: 66432K->1312K(67072K)] 370685K->305565K(716800K), 0.0015961 secs] [Times: user=0.00 sys=0.00, real=0.01 secs] 
874.920: [GC (Allocation Failure) [PSYoungGen: 66336K->1392K(67072K)] 370589K->305645K(716800K), 0.0018240 secs] [Times: user=0.00 sys=0.00, real=0.01 secs] 
875.335: [GC (Allocation Failure) [PSYoungGen: 66416K->1501K(67072K)] 370669K->305754K(716800K), 0.0016855 secs] [Times: user=0.01 sys=0.00, real=0.00 secs] 
875.783: [GC (Allocation Failure) [PSYoungGen: 66525K->1520K(67072K)] 370778K->305773K(716800K), 0.0016325 secs] [Times: user=0.01 sys=0.00, real=0.00 secs] 
876.175: [GC (Allocation Failure) [PSYoungGen: 66544K->1552K(67072K)] 370797K->305821K(716800K), 0.0018827 secs] [Times: user=0.00 sys=0.00, real=0.00 secs] 
877.618: [GC (Allocation Failure) [PSYoungGen: 66576K->1456K(67072K)] 370845K->305725K(716800K), 0.0041709 secs] [Times: user=0.01 sys=0.00, real=0.01 secs] 
878.523: [GC (Allocation Failure) [PSYoungGen: 66480K->1408K(67072K)] 370749K->305677K(716800K), 0.0029427 secs] [Times: user=0.02 sys=0.00, real=0.00 secs] 
879.174: [GC (Allocation Failure) [PSYoungGen: 66432K->1328K(67072K)] 370701K->305621K(716800K), 0.0028851 secs] [Times: user=0.00 sys=0.00, real=0.00 secs] 
879.483: [GC (Allocation Failure) [PSYoungGen: 66352K->1392K(67072K)] 370645K->305685K(716800K), 0.0043919 secs] [Times: user=0.01 sys=0.00, real=0.00 secs] 
879.808: [GC (Allocation Failure) [PSYoungGen: 66416K->1344K(67072K)] 370709K->305637K(716800K), 0.0022627 secs] [Times: user=0.01 sys=0.00, real=0.00 secs] 
880.344: [GC (Allocation Failure) [PSYoungGen: 66368K->1517K(67072K)] 370661K->305810K(716800K), 0.0015960 secs] [Times: user=0.01 sys=0.00, real=0.00 secs] 
880.785: [GC (Allocation Failure) [PSYoungGen: 66541K->1520K(67072K)] 370834K->305813K(716800K), 0.0020326 secs] [Times: user=0.01 sys=0.00, real=0.00 secs] 
881.184: [GC (Allocation Failure) [PSYoungGen: 66544K->1520K(67072K)] 370837K->305829K(716800K), 0.0015547 secs] [Times: user=0.00 sys=0.00, real=0.00 secs] 
881.653: [GC (Allocation Failure) [PSYoungGen: 66544K->1440K(67072K)] 370853K->305749K(716800K), 0.0018749 secs] [Times: user=0.01 sys=0.00, real=0.00 secs] 
882.560: [GC (Allocation Failure) [PSYoungGen: 66464K->1376K(67072K)] 370773K->305685K(716800K), 0.0081377 secs] [Times: user=0.03 sys=0.00, real=0.01 secs] 
883.501: [GC (Allocation Failure) [PSYoungGen: 66400K->1344K(67072K)] 370709K->305653K(716800K), 0.0022668 secs] [Times: user=0.01 sys=0.00, real=0.00 secs] 
884.463: [GC (Allocation Failure) [PSYoungGen: 66368K->1376K(67072K)] 370677K->305685K(716800K), 0.0022626 secs] [Times: user=0.01 sys=0.01, real=0.00 secs] 
885.407: [GC (Allocation Failure) [PSYoungGen: 66400K->1408K(67072K)] 370709K->305717K(716800K), 0.0018897 secs] [Times: user=0.00 sys=0.00, real=0.00 secs] 
885.884: [GC (Allocation Failure) [PSYoungGen: 66432K->1552K(67072K)] 370741K->305861K(716800K), 0.0016186 secs] [Times: user=0.01 sys=0.00, real=0.00 secs] 
886.274: [GC (Allocation Failure) [PSYoungGen: 66576K->1565K(67072K)] 370885K->305874K(716800K), 0.0016586 secs] [Times: user=0.01 sys=0.00, real=0.00 secs] 
886.665: [GC (Allocation Failure) [PSYoungGen: 66589K->1565K(67072K)] 370898K->305882K(716800K), 0.0016958 secs] [Times: user=0.01 sys=0.00, real=0.00 secs] 
887.134: [GC (Allocation Failure) [PSYoungGen: 66589K->1488K(67072K)] 370906K->305805K(716800K), 0.0018199 secs] [Times: user=0.00 sys=0.00, real=0.00 secs] 
887.575: [GC (Allocation Failure) [PSYoungGen: 66512K->1344K(67072K)] 370829K->305661K(716800K), 0.0020581 secs] [Times: user=0.01 sys=0.00, real=0.00 secs] 
888.051: [GC (Allocation Failure) [PSYoungGen: 66368K->1360K(67072K)] 370685K->305677K(716800K), 0.0019907 secs] [Times: user=0.01 sys=0.00, real=0.00 secs] 
888.542: [GC (Allocation Failure) [PSYoungGen: 66384K->1376K(67072K)] 370701K->305693K(716800K), 0.0023257 secs] [Times: user=0.01 sys=0.00, real=0.00 secs] 
889.003: [GC (Allocation Failure) [PSYoungGen: 66400K->1408K(67072K)] 370717K->305725K(716800K), 0.0024273 secs] [Times: user=0.01 sys=0.00, real=0.00 secs] 
889.489: [GC (Allocation Failure) [PSYoungGen: 66432K->1565K(67072K)] 370749K->305882K(716800K), 0.0017275 secs] [Times: user=0.01 sys=0.00, real=0.01 secs] 
889.882: [GC (Allocation Failure) [PSYoungGen: 66589K->1549K(67072K)] 370906K->305890K(716800K), 0.0015169 secs] [Times: user=0.01 sys=0.00, real=0.00 secs] 
890.273: [GC (Allocation Failure) [PSYoungGen: 66572K->1549K(67072K)] 370913K->305906K(716800K), 0.0015274 secs] [Times: user=0.00 sys=0.00, real=0.00 secs] 
890.672: [GC (Allocation Failure) [PSYoungGen: 66573K->2016K(67072K)] 370930K->306373K(716800K), 0.0017904 secs] [Times: user=0.01 sys=0.00, real=0.00 secs] 
890.943: [GC (Allocation Failure) [PSYoungGen: 67040K->1408K(67072K)] 371397K->305765K(716800K), 0.0017248 secs] [Times: user=0.00 sys=0.00, real=0.00 secs] 
891.214: [GC (Allocation Failure) [PSYoungGen: 66432K->1376K(67072K)] 370789K->305733K(716800K), 0.0016573 secs] [Times: user=0.01 sys=0.00, real=0.00 secs] 
891.484: [GC (Allocation Failure) [PSYoungGen: 66400K->1376K(67072K)] 370757K->305733K(716800K), 0.0017487 secs] [Times: user=0.00 sys=0.00, real=0.00 secs] 
891.754: [GC (Allocation Failure) [PSYoungGen: 66400K->1376K(67072K)] 370757K->305733K(716800K), 0.0020461 secs] [Times: user=0.01 sys=0.00, real=0.00 secs] 
892.170: [GC (Allocation Failure) [PSYoungGen: 66400K->1533K(67072K)] 370757K->305890K(716800K), 0.0014820 secs] [Times: user=0.00 sys=0.00, real=0.00 secs] 
892.623: [GC (Allocation Failure) [PSYoungGen: 66557K->1520K(67072K)] 370914K->305877K(716800K), 0.0016212 secs] [Times: user=0.01 sys=0.00, real=0.00 secs] 
893.015: [GC (Allocation Failure) [PSYoungGen: 66544K->1552K(67072K)] 370901K->305917K(716800K), 0.0016392 secs] [Times: user=0.01 sys=0.00, real=0.00 secs] 
893.572: [GC (Allocation Failure) [PSYoungGen: 66576K->1648K(67072K)] 370941K->306013K(716800K), 0.0024329 secs] [Times: user=0.00 sys=0.00, real=0.00 secs] 
894.882: [GC (Allocation Failure) [PSYoungGen: 66672K->1376K(67072K)] 371037K->305741K(716800K), 0.0026173 secs] [Times: user=0.02 sys=0.00, real=0.00 secs] 
895.453: [GC (Allocation Failure) [PSYoungGen: 66400K->1344K(67072K)] 370765K->305709K(716800K), 0.0020303 secs] [Times: user=0.01 sys=0.00, real=0.00 secs] 
896.129: [GC (Allocation Failure) [PSYoungGen: 66368K->1360K(67072K)] 370733K->305725K(716800K), 0.0020557 secs] [Times: user=0.01 sys=0.00, real=0.01 secs] 
896.828: [GC (Allocation Failure) [PSYoungGen: 66384K->1376K(67072K)] 370749K->305741K(716800K), 0.0039446 secs] [Times: user=0.01 sys=0.00, real=0.01 secs] 
897.370: [GC (Allocation Failure) [PSYoungGen: 66400K->1520K(67072K)] 370765K->305885K(716800K), 0.0015425 secs] [Times: user=0.00 sys=0.00, real=0.00 secs] 
897.761: [GC (Allocation Failure) [PSYoungGen: 66544K->1517K(67072K)] 370909K->305882K(716800K), 0.0015782 secs] [Times: user=0.00 sys=0.00, real=0.00 secs] 
898.151: [GC (Allocation Failure) [PSYoungGen: 66536K->1536K(67072K)] 370902K->305909K(716800K), 0.0015304 secs] [Times: user=0.01 sys=0.00, real=0.00 secs] 
898.543: [GC (Allocation Failure) [PSYoungGen: 66560K->288K(67072K)] 370933K->304685K(716800K), 0.0015836 secs] [Times: user=0.00 sys=0.00, real=0.00 secs] 
899.942: [GC (Allocation Failure) [PSYoungGen: 65312K->1376K(67072K)] 369709K->305773K(716800K), 0.0028051 secs] [Times: user=0.01 sys=0.00, real=0.00 secs] 
900.273: [GC (Allocation Failure) [PSYoungGen: 66400K->1376K(67072K)] 370797K->305773K(716800K), 0.0020315 secs] [Times: user=0.01 sys=0.00, real=0.00 secs] 
900.603: [GC (Allocation Failure) [PSYoungGen: 66400K->1376K(67072K)] 370797K->305773K(716800K), 0.0018917 secs] [Times: user=0.01 sys=0.00, real=0.00 secs] 
901.169: [GC (Allocation Failure) [PSYoungGen: 66400K->1408K(67072K)] 370797K->305805K(716800K), 0.0019291 secs] [Times: user=0.01 sys=0.00, real=0.01 secs] 
901.656: [GC (Allocation Failure) [PSYoungGen: 66432K->1517K(67072K)] 370829K->305914K(716800K), 0.0016480 secs] [Times: user=0.01 sys=0.00, real=0.00 secs] 
902.048: [GC (Allocation Failure) [PSYoungGen: 66541K->1517K(67072K)] 370938K->305914K(716800K), 0.0015942 secs] [Times: user=0.01 sys=0.00, real=0.00 secs] 
902.439: [GC (Allocation Failure) [PSYoungGen: 66541K->1565K(67072K)] 370938K->305970K(716800K), 0.0016018 secs] [Times: user=0.00 sys=0.00, real=0.01 secs] 
902.834: [GC (Allocation Failure) [PSYoungGen: 66589K->1549K(67072K)] 370994K->305954K(716800K), 0.0017643 secs] [Times: user=0.01 sys=0.00, real=0.00 secs] 
903.785: [GC (Allocation Failure) [PSYoungGen: 66573K->1408K(67072K)] 370978K->305813K(716800K), 0.0027712 secs] [Times: user=0.01 sys=0.00, real=0.00 secs] 
904.647: [GC (Allocation Failure) [PSYoungGen: 66432K->1408K(67072K)] 370837K->305813K(716800K), 0.0037265 secs] [Times: user=0.01 sys=0.00, real=0.01 secs] 
905.250: [GC (Allocation Failure) [PSYoungGen: 66432K->1408K(67072K)] 370837K->305813K(716800K), 0.0029778 secs] [Times: user=0.01 sys=0.00, real=0.01 secs] 
905.616: [GC (Allocation Failure) [PSYoungGen: 66432K->1408K(67072K)] 370837K->305813K(716800K), 0.0018620 secs] [Times: user=0.01 sys=0.00, real=0.00 secs] 
906.114: [GC (Allocation Failure) [PSYoungGen: 66432K->1469K(67072K)] 370837K->305874K(716800K), 0.0017170 secs] [Times: user=0.01 sys=0.00, real=0.00 secs] 
906.505: [GC (Allocation Failure) [PSYoungGen: 66493K->1517K(67072K)] 370898K->305922K(716800K), 0.0016850 secs] [Times: user=0.00 sys=0.00, real=0.00 secs] 
906.896: [GC (Allocation Failure) [PSYoungGen: 66541K->1517K(67072K)] 370946K->305946K(716800K), 0.0017139 secs] [Times: user=0.01 sys=0.00, real=0.00 secs] 
907.291: [GC (Allocation Failure) [PSYoungGen: 66541K->1520K(67072K)] 370970K->305965K(716800K), 0.0015907 secs] [Times: user=0.00 sys=0.00, real=0.00 secs] 
908.092: [GC (Allocation Failure) [PSYoungGen: 66544K->1408K(67072K)] 370989K->305853K(716800K), 0.0026899 secs] [Times: user=0.01 sys=0.00, real=0.00 secs] 
908.637: [GC (Allocation Failure) [PSYoungGen: 66432K->1408K(67072K)] 370877K->305853K(716800K), 0.0027510 secs] [Times: user=0.01 sys=0.00, real=0.00 secs] 
909.082: [GC (Allocation Failure) [PSYoungGen: 66432K->1392K(67072K)] 370877K->305861K(716800K), 0.0018307 secs] [Times: user=0.00 sys=0.00, real=0.00 secs] 
909.349: [GC (Allocation Failure) [PSYoungGen: 66416K->1376K(67072K)] 370885K->305845K(716800K), 0.0019102 secs] [Times: user=0.00 sys=0.00, real=0.01 secs] 
909.715: [GC (Allocation Failure) [PSYoungGen: 66400K->1469K(67072K)] 370869K->305938K(716800K), 0.0016453 secs] [Times: user=0.01 sys=0.00, real=0.00 secs] 
910.163: [GC (Allocation Failure) [PSYoungGen: 66493K->1549K(67072K)] 370962K->306018K(716800K), 0.0015406 secs] [Times: user=0.01 sys=0.00, real=0.00 secs] 
910.554: [GC (Allocation Failure) [PSYoungGen: 66573K->1520K(67072K)] 371042K->305989K(716800K), 0.0016003 secs] [Times: user=0.01 sys=0.00, real=0.00 secs] 
910.946: [GC (Allocation Failure) [PSYoungGen: 66544K->1517K(67072K)] 371013K->305994K(716800K), 0.0016507 secs] [Times: user=0.00 sys=0.00, real=0.00 secs] 
911.319: [GC (Allocation Failure) [PSYoungGen: 66541K->1392K(67072K)] 371018K->305877K(716800K), 0.0024454 secs] [Times: user=0.01 sys=0.00, real=0.01 secs] 
911.586: [GC (Allocation Failure) [PSYoungGen: 66416K->1376K(67072K)] 370901K->305861K(716800K), 0.0024438 secs] [Times: user=0.00 sys=0.00, real=0.00 secs] 
911.856: [GC (Allocation Failure) [PSYoungGen: 66400K->1376K(67072K)] 370885K->305861K(716800K), 0.0019694 secs] [Times: user=0.01 sys=0.00, real=0.00 secs] 
912.127: [GC (Allocation Failure) [PSYoungGen: 66400K->1376K(67072K)] 370885K->305861K(716800K), 0.0018069 secs] [Times: user=0.01 sys=0.00, real=0.00 secs] 
912.522: [GC (Allocation Failure) [PSYoungGen: 66400K->1469K(67072K)] 370885K->305954K(716800K), 0.0015928 secs] [Times: user=0.00 sys=0.00, real=0.00 secs] 
912.969: [GC (Allocation Failure) [PSYoungGen: 66493K->1533K(67072K)] 370978K->306018K(716800K), 0.0017148 secs] [Times: user=0.01 sys=0.00, real=0.01 secs] 
913.363: [GC (Allocation Failure) [PSYoungGen: 66557K->1552K(67072K)] 371042K->306037K(716800K), 0.0016656 secs] [Times: user=0.00 sys=0.00, real=0.00 secs] 
913.814: [GC (Allocation Failure) [PSYoungGen: 66576K->1517K(67072K)] 371061K->306010K(716800K), 0.0016447 secs] [Times: user=0.01 sys=0.00, real=0.00 secs] 
914.250: [GC (Allocation Failure) [PSYoungGen: 66541K->1408K(67072K)] 371034K->305901K(716800K), 0.0026922 secs] [Times: user=0.01 sys=0.00, real=0.01 secs] 
914.535: [GC (Allocation Failure) [PSYoungGen: 66432K->1376K(67072K)] 370925K->305869K(716800K), 0.0018465 secs] [Times: user=0.01 sys=0.00, real=0.00 secs] 
914.823: [GC (Allocation Failure) [PSYoungGen: 66400K->1408K(67072K)] 370893K->305909K(716800K), 0.0018885 secs] [Times: user=0.01 sys=0.00, real=0.00 secs] 
915.093: [GC (Allocation Failure) [PSYoungGen: 66432K->1376K(67072K)] 370933K->305877K(716800K), 0.0020451 secs] [Times: user=0.01 sys=0.00, real=0.00 secs] 
915.485: [GC (Allocation Failure) [PSYoungGen: 66400K->1453K(67072K)] 370901K->305954K(716800K), 0.0014824 secs] [Times: user=0.00 sys=0.00, real=0.00 secs] 
915.877: [GC (Allocation Failure) [PSYoungGen: 66459K->1549K(67072K)] 370961K->306050K(716800K), 0.0015861 secs] [Times: user=0.01 sys=0.00, real=0.00 secs] 
916.267: [GC (Allocation Failure) [PSYoungGen: 66573K->1501K(67072K)] 371074K->306026K(716800K), 0.0016609 secs] [Times: user=0.01 sys=0.00, real=0.00 secs] 
916.657: [GC (Allocation Failure) [PSYoungGen: 66516K->1520K(67072K)] 371042K->306061K(716800K), 0.0016817 secs] [Times: user=0.00 sys=0.00, real=0.00 secs] 
917.920: [GC (Allocation Failure) [PSYoungGen: 66544K->1424K(67072K)] 371085K->305965K(716800K), 0.0032513 secs] [Times: user=0.01 sys=0.00, real=0.01 secs] 
918.500: [GC (Allocation Failure) [PSYoungGen: 66448K->1376K(67072K)] 370989K->305917K(716800K), 0.0021813 secs] [Times: user=0.01 sys=0.00, real=0.01 secs] 
918.767: [GC (Allocation Failure) [PSYoungGen: 66400K->1408K(67072K)] 370941K->305949K(716800K), 0.0017824 secs] [Times: user=0.01 sys=0.00, real=0.00 secs] 
919.037: [GC (Allocation Failure) [PSYoungGen: 66432K->1376K(67072K)] 370973K->305917K(716800K), 0.0018304 secs] [Times: user=0.00 sys=0.00, real=0.00 secs] 
919.383: [GC (Allocation Failure) [PSYoungGen: 66400K->1472K(67072K)] 370941K->306013K(716800K), 0.0014987 secs] [Times: user=0.01 sys=0.00, real=0.00 secs] 
919.780: [GC (Allocation Failure) [PSYoungGen: 66496K->1501K(67072K)] 371037K->306042K(716800K), 0.0016712 secs] [Times: user=0.01 sys=0.00, real=0.01 secs] 
920.172: [GC (Allocation Failure) [PSYoungGen: 66525K->1469K(67072K)] 371066K->306010K(716800K), 0.0016794 secs] [Times: user=0.01 sys=0.00, real=0.00 secs] 
920.624: [GC (Allocation Failure) [PSYoungGen: 66493K->1520K(67072K)] 371034K->306069K(716800K), 0.0015950 secs] [Times: user=0.00 sys=0.00, real=0.00 secs] 
921.732: [GC (Allocation Failure) [PSYoungGen: 66544K->1440K(67072K)] 371093K->305989K(716800K), 0.0033851 secs] [Times: user=0.01 sys=0.00, real=0.00 secs] 
922.482: [GC (Allocation Failure) [PSYoungGen: 66464K->1376K(67072K)] 371013K->305925K(716800K), 0.0029043 secs] [Times: user=0.01 sys=0.00, real=0.00 secs] 
922.953: [GC (Allocation Failure) [PSYoungGen: 66400K->1376K(67072K)] 370949K->305925K(716800K), 0.0021934 secs] [Times: user=0.00 sys=0.00, real=0.00 secs] 
923.265: [GC (Allocation Failure) [PSYoungGen: 66400K->1344K(67072K)] 370949K->305893K(716800K), 0.0018946 secs] [Times: user=0.01 sys=0.00, real=0.00 secs] 
923.810: [GC (Allocation Failure) [PSYoungGen: 66368K->1472K(67072K)] 370917K->306021K(716800K), 0.0015778 secs] [Times: user=0.00 sys=0.00, real=0.00 secs] 
924.202: [GC (Allocation Failure) [PSYoungGen: 66496K->1517K(67072K)] 371045K->306066K(716800K), 0.0016106 secs] [Times: user=0.00 sys=0.00, real=0.00 secs] 
924.596: [GC (Allocation Failure) [PSYoungGen: 66541K->1549K(67072K)] 371090K->306098K(716800K), 0.0016376 secs] [Times: user=0.00 sys=0.00, real=0.00 secs] 
924.988: [GC (Allocation Failure) [PSYoungGen: 66561K->1485K(67072K)] 371111K->306050K(716800K), 0.0015983 secs] [Times: user=0.01 sys=0.00, real=0.00 secs] 
925.783: [GC (Allocation Failure) [PSYoungGen: 66509K->1440K(67072K)] 371074K->306005K(716800K), 0.0017643 secs] [Times: user=0.01 sys=0.00, real=0.00 secs] 
926.457: [GC (Allocation Failure) [PSYoungGen: 66464K->1376K(67072K)] 371029K->305941K(716800K), 0.0027453 secs] [Times: user=0.01 sys=0.00, real=0.00 secs] 
926.728: [GC (Allocation Failure) [PSYoungGen: 66400K->1376K(67072K)] 370965K->305941K(716800K), 0.0018191 secs] [Times: user=0.01 sys=0.00, real=0.00 secs] 
927.044: [GC (Allocation Failure) [PSYoungGen: 66400K->1376K(67072K)] 370965K->305941K(716800K), 0.0028218 secs] [Times: user=0.01 sys=0.00, real=0.00 secs] 
927.447: [GC (Allocation Failure) [PSYoungGen: 66400K->1472K(67072K)] 370965K->306037K(716800K), 0.0015477 secs] [Times: user=0.01 sys=0.00, real=0.00 secs] 
927.838: [GC (Allocation Failure) [PSYoungGen: 66496K->1485K(67072K)] 371061K->306050K(716800K), 0.0016143 secs] [Times: user=0.01 sys=0.00, real=0.00 secs] 
928.228: [GC (Allocation Failure) [PSYoungGen: 66509K->1517K(67072K)] 371074K->306082K(716800K), 0.0015977 secs] [Times: user=0.01 sys=0.00, real=0.00 secs] 
928.621: [GC (Allocation Failure) [PSYoungGen: 66541K->1488K(67072K)] 371106K->306085K(716800K), 0.0016471 secs] [Times: user=0.00 sys=0.00, real=0.00 secs] 
930.016: [GC (Allocation Failure) [PSYoungGen: 66512K->1424K(67072K)] 371109K->306021K(716800K), 0.0034681 secs] [Times: user=0.02 sys=0.00, real=0.00 secs] 
930.506: [GC (Allocation Failure) [PSYoungGen: 66448K->1408K(67072K)] 371045K->306005K(716800K), 0.0018913 secs] [Times: user=0.01 sys=0.00, real=0.00 secs] 
930.776: [GC (Allocation Failure) [PSYoungGen: 66432K->1408K(67072K)] 371029K->306005K(716800K), 0.0018224 secs] [Times: user=0.01 sys=0.00, real=0.00 secs] 
931.046: [GC (Allocation Failure) [PSYoungGen: 66432K->1376K(67072K)] 371029K->305973K(716800K), 0.0028195 secs] [Times: user=0.02 sys=0.00, real=0.00 secs] 
931.365: [GC (Allocation Failure) [PSYoungGen: 66400K->1421K(67072K)] 370997K->306018K(716800K), 0.0016768 secs] [Times: user=0.00 sys=0.00, real=0.00 secs] 
931.755: [GC (Allocation Failure) [PSYoungGen: 66445K->1549K(67072K)] 371042K->306146K(716800K), 0.0015521 secs] [Times: user=0.00 sys=0.00, real=0.00 secs] 
932.152: [GC (Allocation Failure) [PSYoungGen: 66559K->1584K(67072K)] 371157K->306181K(716800K), 0.0015835 secs] [Times: user=0.01 sys=0.00, real=0.00 secs] 
932.546: [GC (Allocation Failure) [PSYoungGen: 66608K->1552K(67072K)] 371205K->306165K(716800K), 0.0016342 secs] [Times: user=0.00 sys=0.00, real=0.00 secs] 
933.027: [GC (Allocation Failure) [PSYoungGen: 66576K->1424K(67072K)] 371189K->306037K(716800K), 0.0018102 secs] [Times: user=0.01 sys=0.00, real=0.00 secs] 
933.467: [GC (Allocation Failure) [PSYoungGen: 66448K->1408K(67072K)] 371061K->306021K(716800K), 0.0016775 secs] [Times: user=0.01 sys=0.00, real=0.00 secs] 
933.780: [GC (Allocation Failure) [PSYoungGen: 66432K->1408K(67072K)] 371045K->306021K(716800K), 0.0017183 secs] [Times: user=0.00 sys=0.00, real=0.01 secs] 
934.050: [GC (Allocation Failure) [PSYoungGen: 66432K->1376K(67072K)] 371045K->305989K(716800K), 0.0016144 secs] [Times: user=0.01 sys=0.00, real=0.01 secs] 
934.363: [GC (Allocation Failure) [PSYoungGen: 66400K->1488K(67072K)] 371013K->306101K(716800K), 0.0015112 secs] [Times: user=0.00 sys=0.00, real=0.00 secs] 
934.756: [GC (Allocation Failure) [PSYoungGen: 66512K->1549K(67072K)] 371125K->306162K(716800K), 0.0015922 secs] [Times: user=0.01 sys=0.00, real=0.00 secs] 
935.146: [GC (Allocation Failure) [PSYoungGen: 66559K->1517K(67072K)] 371173K->306130K(716800K), 0.0017197 secs] [Times: user=0.01 sys=0.00, real=0.00 secs] 
935.538: [GC (Allocation Failure) [PSYoungGen: 66541K->1552K(67072K)] 371154K->306181K(716800K), 0.0016218 secs] [Times: user=0.01 sys=0.00, real=0.00 secs] 
935.998: [GC (Allocation Failure) [PSYoungGen: 66576K->1440K(67072K)] 371205K->306069K(716800K), 0.0017662 secs] [Times: user=0.00 sys=0.00, real=0.00 secs] 
936.592: [GC (Allocation Failure) [PSYoungGen: 66464K->1408K(67072K)] 371093K->306037K(716800K), 0.0016418 secs] [Times: user=0.01 sys=0.00, real=0.00 secs] 
937.031: [GC (Allocation Failure) [PSYoungGen: 66432K->1376K(67072K)] 371061K->306013K(716800K), 0.0016253 secs] [Times: user=0.01 sys=0.00, real=0.00 secs] 
937.533: [GC (Allocation Failure) [PSYoungGen: 66400K->1408K(67072K)] 371037K->306045K(716800K), 0.0018590 secs] [Times: user=0.01 sys=0.00, real=0.00 secs] 
938.134: [GC (Allocation Failure) [PSYoungGen: 66432K->1488K(67072K)] 371069K->306125K(716800K), 0.0015777 secs] [Times: user=0.01 sys=0.00, real=0.00 secs] 
938.524: [GC (Allocation Failure) [PSYoungGen: 66512K->1549K(67072K)] 371149K->306186K(716800K), 0.0015897 secs] [Times: user=0.00 sys=0.00, real=0.00 secs] 
938.915: [GC (Allocation Failure) [PSYoungGen: 66573K->1552K(67072K)] 371210K->306189K(716800K), 0.0017032 secs] [Times: user=0.01 sys=0.00, real=0.00 secs] 
939.305: [GC (Allocation Failure) [PSYoungGen: 66565K->1485K(67072K)] 371202K->306130K(716800K), 0.0015429 secs] [Times: user=0.01 sys=0.00, real=0.00 secs] 
939.678: [GC (Allocation Failure) [PSYoungGen: 66509K->1440K(67072K)] 371154K->306085K(716800K), 0.0018453 secs] [Times: user=0.01 sys=0.00, real=0.01 secs] 
939.948: [GC (Allocation Failure) [PSYoungGen: 66464K->1392K(67072K)] 371109K->306037K(716800K), 0.0017683 secs] [Times: user=0.01 sys=0.00, real=0.00 secs] 
940.218: [GC (Allocation Failure) [PSYoungGen: 66416K->1392K(67072K)] 371061K->306037K(716800K), 0.0016483 secs] [Times: user=0.00 sys=0.00, real=0.00 secs] 
940.488: [GC (Allocation Failure) [PSYoungGen: 66416K->1392K(67072K)] 371061K->306037K(716800K), 0.0016814 secs] [Times: user=0.00 sys=0.00, real=0.00 secs] 
940.787: [GC (Allocation Failure) [PSYoungGen: 66416K->1456K(67072K)] 371061K->306101K(716800K), 0.0013947 secs] [Times: user=0.01 sys=0.00, real=0.00 secs] 
941.180: [GC (Allocation Failure) [PSYoungGen: 66480K->1469K(67072K)] 371125K->306114K(716800K), 0.0015891 secs] [Times: user=0.00 sys=0.00, real=0.01 secs] 
941.571: [GC (Allocation Failure) [PSYoungGen: 66477K->1549K(67072K)] 371122K->306194K(716800K), 0.0017080 secs] [Times: user=0.01 sys=0.00, real=0.00 secs] 
941.961: [GC (Allocation Failure) [PSYoungGen: 66573K->1552K(67072K)] 371218K->306213K(716800K), 0.0016147 secs] [Times: user=0.00 sys=0.00, real=0.00 secs] 
942.407: [GC (Allocation Failure) [PSYoungGen: 66576K->1456K(67072K)] 371237K->306117K(716800K), 0.0019464 secs] [Times: user=0.01 sys=0.00, real=0.00 secs] 
942.946: [GC (Allocation Failure) [PSYoungGen: 66480K->1376K(67072K)] 371141K->306037K(716800K), 0.0020473 secs] [Times: user=0.00 sys=0.00, real=0.00 secs] 
943.510: [GC (Allocation Failure) [PSYoungGen: 66400K->1376K(67072K)] 371061K->306037K(716800K), 0.0027478 secs] [Times: user=0.01 sys=0.00, real=0.00 secs] 
944.141: [GC (Allocation Failure) [PSYoungGen: 66400K->1376K(67072K)] 371061K->306037K(716800K), 0.0020940 secs] [Times: user=0.01 sys=0.00, real=0.00 secs] 
944.899: [GC (Allocation Failure) [PSYoungGen: 66400K->1469K(67072K)] 371061K->306130K(716800K), 0.0028662 secs] [Times: user=0.01 sys=0.00, real=0.01 secs] 
945.425: [GC (Allocation Failure) [PSYoungGen: 66493K->1549K(67072K)] 371154K->306210K(716800K), 0.0014481 secs] [Times: user=0.01 sys=0.00, real=0.00 secs] 
945.925: [GC (Allocation Failure) [PSYoungGen: 66573K->1517K(67072K)] 371234K->306178K(716800K), 0.0015768 secs] [Times: user=0.01 sys=0.00, real=0.00 secs] 
946.316: [GC (Allocation Failure) [PSYoungGen: 66541K->1549K(67072K)] 371202K->306218K(716800K), 0.0015792 secs] [Times: user=0.01 sys=0.00, real=0.00 secs] 
946.720: [GC (Allocation Failure) [PSYoungGen: 66573K->1472K(67072K)] 371242K->306141K(716800K), 0.0019289 secs] [Times: user=0.01 sys=0.00, real=0.01 secs] 
946.994: [GC (Allocation Failure) [PSYoungGen: 66496K->1344K(67072K)] 371165K->306013K(716800K), 0.0019731 secs] [Times: user=0.01 sys=0.00, real=0.00 secs] 
947.262: [GC (Allocation Failure) [PSYoungGen: 66368K->1376K(67072K)] 371037K->306045K(716800K), 0.0025212 secs] [Times: user=0.01 sys=0.00, real=0.00 secs] 
947.570: [GC (Allocation Failure) [PSYoungGen: 66400K->1408K(67072K)] 371069K->306077K(716800K), 0.0020790 secs] [Times: user=0.00 sys=0.00, real=0.01 secs] 
947.920: [GC (Allocation Failure) [PSYoungGen: 66315K->272K(67072K)] 370984K->304965K(716800K), 0.0018164 secs] [Times: user=0.01 sys=0.00, real=0.00 secs] 
948.422: [GC (Allocation Failure) [PSYoungGen: 65296K->1520K(67072K)] 369989K->306213K(716800K), 0.0017006 secs] [Times: user=0.00 sys=0.00, real=0.00 secs] 
948.873: [GC (Allocation Failure) [PSYoungGen: 66544K->1552K(67072K)] 371237K->306245K(716800K), 0.0016373 secs] [Times: user=0.00 sys=0.00, real=0.00 secs] 
949.264: [GC (Allocation Failure) [PSYoungGen: 66569K->1517K(67072K)] 371262K->306218K(716800K), 0.0015972 secs] [Times: user=0.01 sys=0.00, real=0.00 secs] 
949.656: [GC (Allocation Failure) [PSYoungGen: 66541K->1456K(67072K)] 371242K->306157K(716800K), 0.0023970 secs] [Times: user=0.01 sys=0.00, real=0.00 secs] 
950.080: [GC (Allocation Failure) [PSYoungGen: 66480K->1344K(67072K)] 371181K->306045K(716800K), 0.0024864 secs] [Times: user=0.01 sys=0.00, real=0.01 secs] 
950.643: [GC (Allocation Failure) [PSYoungGen: 66368K->1344K(67072K)] 371069K->306045K(716800K), 0.0026757 secs] [Times: user=0.01 sys=0.00, real=0.00 secs] 
951.470: [GC (Allocation Failure) [PSYoungGen: 66368K->1360K(67072K)] 371069K->306061K(716800K), 0.0045013 secs] [Times: user=0.01 sys=0.00, real=0.01 secs] 
952.417: [GC (Allocation Failure) [PSYoungGen: 66384K->1344K(67072K)] 371085K->306045K(716800K), 0.0044435 secs] [Times: user=0.02 sys=0.00, real=0.01 secs] 
953.008: [GC (Allocation Failure) [PSYoungGen: 66368K->1520K(67072K)] 371069K->306221K(716800K), 0.0017289 secs] [Times: user=0.01 sys=0.00, real=0.00 secs] 
953.463: [GC (Allocation Failure) [PSYoungGen: 66544K->1517K(67072K)] 371245K->306218K(716800K), 0.0016134 secs] [Times: user=0.01 sys=0.00, real=0.00 secs] 
953.913: [GC (Allocation Failure) [PSYoungGen: 66541K->1520K(67072K)] 371242K->306237K(716800K), 0.0016358 secs] [Times: user=0.00 sys=0.00, real=0.00 secs] 
954.534: [GC (Allocation Failure) [PSYoungGen: 66544K->1456K(67072K)] 371261K->306173K(716800K), 0.0020361 secs] [Times: user=0.01 sys=0.00, real=0.00 secs] 
955.434: [GC (Allocation Failure) [PSYoungGen: 66480K->1376K(67072K)] 371197K->306093K(716800K), 0.0018689 secs] [Times: user=0.00 sys=0.01, real=0.00 secs] 
955.720: [GC (Allocation Failure) [PSYoungGen: 66400K->1344K(67072K)] 371117K->306061K(716800K), 0.0019693 secs] [Times: user=0.01 sys=0.00, real=0.01 secs] 
956.092: [GC (Allocation Failure) [PSYoungGen: 66368K->1376K(67072K)] 371085K->306093K(716800K), 0.0021559 secs] [Times: user=0.01 sys=0.00, real=0.00 secs] 
956.635: [GC (Allocation Failure) [PSYoungGen: 66400K->1376K(67072K)] 371117K->306093K(716800K), 0.0029432 secs] [Times: user=0.02 sys=0.00, real=0.00 secs] 
957.126: [GC (Allocation Failure) [PSYoungGen: 66400K->1501K(67072K)] 371117K->306218K(716800K), 0.0015115 secs] [Times: user=0.01 sys=0.00, real=0.00 secs] 
957.575: [GC (Allocation Failure) [PSYoungGen: 66525K->1520K(67072K)] 371242K->306237K(716800K), 0.0017496 secs] [Times: user=0.01 sys=0.01, real=0.00 secs] 
957.967: [GC (Allocation Failure) [PSYoungGen: 66544K->1552K(67072K)] 371261K->306285K(716800K), 0.0016163 secs] [Times: user=0.00 sys=0.00, real=0.00 secs] 
958.410: [GC (Allocation Failure) [PSYoungGen: 66576K->1536K(67072K)] 371309K->306269K(716800K), 0.0018324 secs] [Times: user=0.01 sys=0.00, real=0.01 secs] 
958.680: [GC (Allocation Failure) [PSYoungGen: 66560K->1376K(67072K)] 371293K->306109K(716800K), 0.0016416 secs] [Times: user=0.01 sys=0.00, real=0.01 secs] 
958.950: [GC (Allocation Failure) [PSYoungGen: 66400K->1424K(67072K)] 371133K->306189K(716800K), 0.0018582 secs] [Times: user=0.01 sys=0.00, real=0.00 secs] 
959.326: [GC (Allocation Failure) [PSYoungGen: 66448K->1376K(67072K)] 371213K->306141K(716800K), 0.0026999 secs] [Times: user=0.01 sys=0.00, real=0.00 secs] 
959.769: [GC (Allocation Failure) [PSYoungGen: 66400K->1408K(67072K)] 371165K->306173K(716800K), 0.0023529 secs] [Times: user=0.01 sys=0.00, real=0.01 secs] 
960.298: [GC (Allocation Failure) [PSYoungGen: 66432K->1517K(67072K)] 371197K->306282K(716800K), 0.0016143 secs] [Times: user=0.00 sys=0.00, real=0.00 secs] 
960.689: [GC (Allocation Failure) [PSYoungGen: 66541K->1517K(67072K)] 371306K->306282K(716800K), 0.0015825 secs] [Times: user=0.01 sys=0.00, real=0.01 secs] 
961.081: [GC (Allocation Failure) [PSYoungGen: 66541K->1485K(67072K)] 371306K->306266K(716800K), 0.0016526 secs] [Times: user=0.00 sys=0.00, real=0.00 secs] 
961.497: [GC (Allocation Failure) [PSYoungGen: 66509K->2016K(67072K)] 371290K->306805K(716800K), 0.0019074 secs] [Times: user=0.01 sys=0.00, real=0.00 secs] 
961.772: [GC (Allocation Failure) [PSYoungGen: 67040K->1408K(67072K)] 371829K->306197K(716800K), 0.0017521 secs] [Times: user=0.01 sys=0.00, real=0.00 secs] 
962.042: [GC (Allocation Failure) [PSYoungGen: 66432K->1376K(67072K)] 371221K->306165K(716800K), 0.0018178 secs] [Times: user=0.01 sys=0.00, real=0.00 secs] 
962.313: [GC (Allocation Failure) [PSYoungGen: 66400K->1376K(67072K)] 371189K->306165K(716800K), 0.0021053 secs] [Times: user=0.01 sys=0.00, real=0.00 secs] 
962.584: [GC (Allocation Failure) [PSYoungGen: 66400K->1408K(67072K)] 371189K->306197K(716800K), 0.0023250 secs] [Times: user=0.01 sys=0.00, real=0.00 secs] 
963.029: [GC (Allocation Failure) [PSYoungGen: 66432K->1501K(67072K)] 371221K->306290K(716800K), 0.0016711 secs] [Times: user=0.00 sys=0.00, real=0.01 secs] 
963.423: [GC (Allocation Failure) [PSYoungGen: 66525K->1517K(67072K)] 371314K->306306K(716800K), 0.0015698 secs] [Times: user=0.01 sys=0.00, real=0.00 secs] 
963.814: [GC (Allocation Failure) [PSYoungGen: 66535K->1517K(67072K)] 371325K->306322K(716800K), 0.0016453 secs] [Times: user=0.00 sys=0.00, real=0.00 secs] 
964.239: [GC (Allocation Failure) [PSYoungGen: 66541K->1808K(67072K)] 371346K->306613K(716800K), 0.0017792 secs] [Times: user=0.01 sys=0.00, real=0.01 secs] 
964.516: [GC (Allocation Failure) [PSYoungGen: 66832K->1376K(67072K)] 371637K->306181K(716800K), 0.0016415 secs] [Times: user=0.01 sys=0.00, real=0.00 secs] 
964.871: [GC (Allocation Failure) [PSYoungGen: 66400K->1408K(67072K)] 371205K->306213K(716800K), 0.0017969 secs] [Times: user=0.01 sys=0.00, real=0.00 secs] 
965.140: [GC (Allocation Failure) [PSYoungGen: 66432K->1408K(67072K)] 371237K->306213K(716800K), 0.0016353 secs] [Times: user=0.01 sys=0.00, real=0.00 secs] 
965.459: [GC (Allocation Failure) [PSYoungGen: 66432K->1344K(67072K)] 371237K->306149K(716800K), 0.0017730 secs] [Times: user=0.01 sys=0.00, real=0.01 secs] 
965.868: [GC (Allocation Failure) [PSYoungGen: 66368K->1456K(67072K)] 371173K->306261K(716800K), 0.0018085 secs] [Times: user=0.01 sys=0.00, real=0.01 secs] 
966.324: [GC (Allocation Failure) [PSYoungGen: 66463K->1517K(67072K)] 371268K->306346K(716800K), 0.0016548 secs] [Times: user=0.00 sys=0.00, real=0.00 secs] 
966.774: [GC (Allocation Failure) [PSYoungGen: 66541K->1581K(67072K)] 371370K->306426K(716800K), 0.0015668 secs] [Times: user=0.00 sys=0.00, real=0.00 secs] 
967.272: [GC (Allocation Failure) [PSYoungGen: 66605K->1504K(67072K)] 371450K->306357K(716800K), 0.0018099 secs] [Times: user=0.01 sys=0.00, real=0.00 secs] 
967.831: [GC (Allocation Failure) [PSYoungGen: 66528K->1344K(67072K)] 371381K->306205K(716800K), 0.0031346 secs] [Times: user=0.02 sys=0.00, real=0.00 secs] 
968.368: [GC (Allocation Failure) [PSYoungGen: 66368K->1376K(67072K)] 371229K->306237K(716800K), 0.0029856 secs] [Times: user=0.01 sys=0.00, real=0.01 secs] 
968.931: [GC (Allocation Failure) [PSYoungGen: 66400K->1344K(67072K)] 371261K->306205K(716800K), 0.0026068 secs] [Times: user=0.01 sys=0.00, real=0.00 secs] 
969.408: [GC (Allocation Failure) [PSYoungGen: 66368K->1344K(67072K)] 371229K->306205K(716800K), 0.0020460 secs] [Times: user=0.01 sys=0.00, real=0.01 secs] 
969.879: [GC (Allocation Failure) [PSYoungGen: 66368K->1488K(67072K)] 371229K->306349K(716800K), 0.0016191 secs] [Times: user=0.01 sys=0.00, real=0.01 secs] 
970.272: [GC (Allocation Failure) [PSYoungGen: 66512K->1520K(67072K)] 371373K->306389K(716800K), 0.0015901 secs] [Times: user=0.01 sys=0.00, real=0.00 secs] 
970.663: [GC (Allocation Failure) [PSYoungGen: 66544K->1552K(67072K)] 371413K->306437K(716800K), 0.0016019 secs] [Times: user=0.01 sys=0.00, real=0.00 secs] 
971.054: [GC (Allocation Failure) [PSYoungGen: 66562K->1552K(67072K)] 371448K->306437K(716800K), 0.0015884 secs] [Times: user=0.01 sys=0.00, real=0.00 secs] 
971.819: [GC (Allocation Failure) [PSYoungGen: 66576K->1440K(67072K)] 371461K->306325K(716800K), 0.0019701 secs] [Times: user=0.00 sys=0.00, real=0.01 secs] 
972.475: [GC (Allocation Failure) [PSYoungGen: 66464K->1408K(67072K)] 371349K->306293K(716800K), 0.0024652 secs] [Times: user=0.01 sys=0.00, real=0.00 secs] 
973.069: [GC (Allocation Failure) [PSYoungGen: 66432K->1344K(67072K)] 371317K->306229K(716800K), 0.0020418 secs] [Times: user=0.01 sys=0.00, real=0.01 secs] 
973.388: [GC (Allocation Failure) [PSYoungGen: 66368K->1376K(67072K)] 371253K->306261K(716800K), 0.0018425 secs] [Times: user=0.00 sys=0.00, real=0.01 secs] 
973.828: [GC (Allocation Failure) [PSYoungGen: 66400K->1536K(67072K)] 371285K->306421K(716800K), 0.0015677 secs] [Times: user=0.01 sys=0.00, real=0.00 secs] 
974.219: [GC (Allocation Failure) [PSYoungGen: 66530K->1520K(67072K)] 371416K->306405K(716800K), 0.0016052 secs] [Times: user=0.01 sys=0.00, real=0.01 secs] 
974.609: [GC (Allocation Failure) [PSYoungGen: 66544K->1520K(67072K)] 371429K->306421K(716800K), 0.0016286 secs] [Times: user=0.01 sys=0.00, real=0.01 secs] 
975.006: [GC (Allocation Failure) [PSYoungGen: 66544K->1517K(67072K)] 371445K->306418K(716800K), 0.0018039 secs] [Times: user=0.01 sys=0.00, real=0.00 secs] 
975.601: [GC (Allocation Failure) [PSYoungGen: 66541K->1408K(67072K)] 371442K->306317K(716800K), 0.0020614 secs] [Times: user=0.00 sys=0.00, real=0.00 secs] 
976.262: [GC (Allocation Failure) [PSYoungGen: 66432K->1408K(67072K)] 371341K->306317K(716800K), 0.0021794 secs] [Times: user=0.01 sys=0.00, real=0.00 secs] 
977.122: [GC (Allocation Failure) [PSYoungGen: 66432K->1408K(67072K)] 371341K->306317K(716800K), 0.0029027 secs] [Times: user=0.01 sys=0.00, real=0.00 secs] 
977.721: [GC (Allocation Failure) [PSYoungGen: 66432K->1408K(67072K)] 371341K->306317K(716800K), 0.0030395 secs] [Times: user=0.01 sys=0.00, real=0.00 secs] 
978.345: [GC (Allocation Failure) [PSYoungGen: 66432K->1485K(67072K)] 371341K->306394K(716800K), 0.0016117 secs] [Times: user=0.01 sys=0.00, real=0.00 secs] 
978.799: [GC (Allocation Failure) [PSYoungGen: 66509K->1485K(67072K)] 371418K->306394K(716800K), 0.0016809 secs] [Times: user=0.00 sys=0.00, real=0.01 secs] 
979.190: [GC (Allocation Failure) [PSYoungGen: 66509K->1517K(67072K)] 371418K->306442K(716800K), 0.0017118 secs] [Times: user=0.01 sys=0.00, real=0.00 secs] 
979.651: [GC (Allocation Failure) [PSYoungGen: 66541K->1501K(67072K)] 371466K->306442K(716800K), 0.0017171 secs] [Times: user=0.00 sys=0.00, real=0.00 secs] 
979.974: [GC (Allocation Failure) [PSYoungGen: 66525K->1408K(67072K)] 371466K->306349K(716800K), 0.0024851 secs] [Times: user=0.01 sys=0.00, real=0.00 secs] 
980.244: [GC (Allocation Failure) [PSYoungGen: 66432K->1440K(67072K)] 371373K->306381K(716800K), 0.0020735 secs] [Times: user=0.01 sys=0.00, real=0.00 secs] 
980.515: [GC (Allocation Failure) [PSYoungGen: 66464K->1408K(67072K)] 371405K->306349K(716800K), 0.0019578 secs] [Times: user=0.00 sys=0.00, real=0.00 secs] 
980.785: [GC (Allocation Failure) [PSYoungGen: 66432K->1312K(67072K)] 371373K->306253K(716800K), 0.0019661 secs] [Times: user=0.01 sys=0.00, real=0.00 secs] 
981.203: [GC (Allocation Failure) [PSYoungGen: 66336K->1469K(67072K)] 371277K->306410K(716800K), 0.0016393 secs] [Times: user=0.01 sys=0.00, real=0.00 secs] 
981.596: [GC (Allocation Failure) [PSYoungGen: 66493K->1520K(67072K)] 371434K->306461K(716800K), 0.0017402 secs] [Times: user=0.01 sys=0.00, real=0.00 secs] 
982.049: [GC (Allocation Failure) [PSYoungGen: 66544K->1517K(67072K)] 371485K->306458K(716800K), 0.0016344 secs] [Times: user=0.00 sys=0.00, real=0.01 secs] 
982.441: [GC (Allocation Failure) [PSYoungGen: 66541K->1520K(67072K)] 371482K->306485K(716800K), 0.0015891 secs] [Times: user=0.01 sys=0.00, real=0.00 secs] 
982.764: [GC (Allocation Failure) [PSYoungGen: 66544K->1440K(67072K)] 371509K->306405K(716800K), 0.0021392 secs] [Times: user=0.00 sys=0.01, real=0.00 secs] 
983.034: [GC (Allocation Failure) [PSYoungGen: 66464K->1408K(67072K)] 371429K->306373K(716800K), 0.0018191 secs] [Times: user=0.01 sys=0.00, real=0.00 secs] 
983.305: [GC (Allocation Failure) [PSYoungGen: 66432K->1344K(67072K)] 371397K->306309K(716800K), 0.0048764 secs] [Times: user=0.02 sys=0.00, real=0.00 secs] 
983.578: [GC (Allocation Failure) [PSYoungGen: 66368K->1376K(67072K)] 371333K->306341K(716800K), 0.0022152 secs] [Times: user=0.01 sys=0.00, real=0.01 secs] 
983.984: [GC (Allocation Failure) [PSYoungGen: 66400K->1453K(67072K)] 371365K->306418K(716800K), 0.0018332 secs] [Times: user=0.01 sys=0.00, real=0.00 secs] 
984.438: [GC (Allocation Failure) [PSYoungGen: 66477K->1520K(67072K)] 371442K->306485K(716800K), 0.0016757 secs] [Times: user=0.00 sys=0.00, real=0.00 secs] 
984.890: [GC (Allocation Failure) [PSYoungGen: 66544K->1520K(67072K)] 371509K->306485K(716800K), 0.0016692 secs] [Times: user=0.01 sys=0.00, real=0.00 secs] 
985.285: [GC (Allocation Failure) [PSYoungGen: 66544K->1533K(67072K)] 371509K->306514K(716800K), 0.0016615 secs] [Times: user=0.00 sys=0.00, real=0.00 secs] 
985.836: [GC (Allocation Failure) [PSYoungGen: 66557K->1392K(67072K)] 371538K->306373K(716800K), 0.0031282 secs] [Times: user=0.01 sys=0.00, real=0.00 secs] 
986.369: [GC (Allocation Failure) [PSYoungGen: 66416K->1408K(67072K)] 371397K->306389K(716800K), 0.0024664 secs] [Times: user=0.01 sys=0.00, real=0.01 secs] 
986.909: [GC (Allocation Failure) [PSYoungGen: 66432K->1376K(67072K)] 371413K->306357K(716800K), 0.0023506 secs] [Times: user=0.01 sys=0.00, real=0.01 secs] 
987.511: [GC (Allocation Failure) [PSYoungGen: 66400K->1408K(67072K)] 371381K->306413K(716800K), 0.0026288 secs] [Times: user=0.01 sys=0.00, real=0.00 secs] 
988.195: [GC (Allocation Failure) [PSYoungGen: 66432K->1469K(67072K)] 371437K->306474K(716800K), 0.0015133 secs] [Times: user=0.01 sys=0.00, real=0.00 secs] 
988.585: [GC (Allocation Failure) [PSYoungGen: 66493K->1549K(67072K)] 371498K->306554K(716800K), 0.0018525 secs] [Times: user=0.00 sys=0.00, real=0.00 secs] 
989.036: [GC (Allocation Failure) [PSYoungGen: 66573K->1485K(67072K)] 371578K->306490K(716800K), 0.0016187 secs] [Times: user=0.00 sys=0.00, real=0.00 secs] 
989.428: [GC (Allocation Failure) [PSYoungGen: 66509K->1517K(67072K)] 371514K->306530K(716800K), 0.0015589 secs] [Times: user=0.01 sys=0.00, real=0.00 secs] 
990.118: [GC (Allocation Failure) [PSYoungGen: 66541K->1440K(67072K)] 371554K->306461K(716800K), 0.0040294 secs] [Times: user=0.01 sys=0.00, real=0.01 secs] 
990.840: [GC (Allocation Failure) [PSYoungGen: 66464K->1344K(67072K)] 371485K->306365K(716800K), 0.0050980 secs] [Times: user=0.02 sys=0.00, real=0.01 secs] 
991.550: [GC (Allocation Failure) [PSYoungGen: 66368K->1408K(67072K)] 371389K->306429K(716800K), 0.0031123 secs] [Times: user=0.01 sys=0.00, real=0.00 secs] 
992.247: [GC (Allocation Failure) [PSYoungGen: 66432K->1408K(67072K)] 371453K->306429K(716800K), 0.0029294 secs] [Times: user=0.01 sys=0.00, real=0.00 secs] 
992.792: [GC (Allocation Failure) [PSYoungGen: 66432K->1440K(67072K)] 371453K->306469K(716800K), 0.0016729 secs] [Times: user=0.00 sys=0.00, real=0.00 secs] 
993.182: [GC (Allocation Failure) [PSYoungGen: 66464K->1485K(67072K)] 371493K->306514K(716800K), 0.0015514 secs] [Times: user=0.00 sys=0.00, real=0.00 secs] 
993.577: [GC (Allocation Failure) [PSYoungGen: 66509K->1581K(67072K)] 371538K->306610K(716800K), 0.0015128 secs] [Times: user=0.01 sys=0.00, real=0.00 secs] 
993.975: [GC (Allocation Failure) [PSYoungGen: 66605K->1533K(67072K)] 371634K->306586K(716800K), 0.0016584 secs] [Times: user=0.00 sys=0.00, real=0.00 secs] 
994.567: [GC (Allocation Failure) [PSYoungGen: 66557K->1440K(67072K)] 371610K->306501K(716800K), 0.0020399 secs] [Times: user=0.01 sys=0.00, real=0.00 secs] 
995.121: [GC (Allocation Failure) [PSYoungGen: 66464K->1440K(67072K)] 371525K->306501K(716800K), 0.0021933 secs] [Times: user=0.01 sys=0.00, real=0.00 secs] 
995.393: [GC (Allocation Failure) [PSYoungGen: 66464K->1440K(67072K)] 371525K->306501K(716800K), 0.0019893 secs] [Times: user=0.01 sys=0.00, real=0.00 secs] 
995.686: [GC (Allocation Failure) [PSYoungGen: 66464K->1376K(67072K)] 371525K->306437K(716800K), 0.0020204 secs] [Times: user=0.01 sys=0.00, real=0.00 secs] 
996.030: [GC (Allocation Failure) [PSYoungGen: 66400K->1472K(67072K)] 371461K->306533K(716800K), 0.0016249 secs] [Times: user=0.00 sys=0.00, real=0.01 secs] 
996.420: [GC (Allocation Failure) [PSYoungGen: 66496K->1565K(67072K)] 371557K->306626K(716800K), 0.0016585 secs] [Times: user=0.00 sys=0.00, real=0.01 secs] 
996.811: [GC (Allocation Failure) [PSYoungGen: 66589K->1549K(67072K)] 371650K->306610K(716800K), 0.0015027 secs] [Times: user=0.01 sys=0.00, real=0.00 secs] 
997.205: [GC (Allocation Failure) [PSYoungGen: 66573K->1520K(67072K)] 371634K->306597K(716800K), 0.0015976 secs] [Times: user=0.00 sys=0.00, real=0.00 secs] 
997.714: [GC (Allocation Failure) [PSYoungGen: 66544K->1440K(67072K)] 371621K->306541K(716800K), 0.0017273 secs] [Times: user=0.01 sys=0.00, real=0.00 secs] 
998.278: [GC (Allocation Failure) [PSYoungGen: 66464K->1408K(67072K)] 371565K->306509K(716800K), 0.0016994 secs] [Times: user=0.01 sys=0.00, real=0.00 secs] 
998.876: [GC (Allocation Failure) [PSYoungGen: 66432K->1376K(67072K)] 371533K->306477K(716800K), 0.0016552 secs] [Times: user=0.01 sys=0.00, real=0.00 secs] 
999.299: [GC (Allocation Failure) [PSYoungGen: 66400K->1408K(67072K)] 371501K->306517K(716800K), 0.0018152 secs] [Times: user=0.01 sys=0.00, real=0.01 secs] 
999.673: [GC (Allocation Failure) [PSYoungGen: 66432K->1488K(67072K)] 371541K->306597K(716800K), 0.0015641 secs] [Times: user=0.01 sys=0.00, real=0.00 secs] 
1000.065: [GC (Allocation Failure) [PSYoungGen: 66484K->1552K(67072K)] 371593K->306661K(716800K), 0.0015580 secs] [Times: user=0.00 sys=0.00, real=0.00 secs] 
1000.511: [GC (Allocation Failure) [PSYoungGen: 66576K->1584K(67072K)] 371685K->306693K(716800K), 0.0015400 secs] [Times: user=0.00 sys=0.00, real=0.00 secs] 
1000.978: [GC (Allocation Failure) [PSYoungGen: 66608K->1549K(67072K)] 371717K->306674K(716800K), 0.0015694 secs] [Times: user=0.00 sys=0.00, real=0.00 secs] 
1002.548: [GC (Allocation Failure) [PSYoungGen: 66573K->1456K(67072K)] 371698K->306581K(716800K), 0.0038782 secs] [Times: user=0.01 sys=0.01, real=0.01 secs] 
1003.277: [GC (Allocation Failure) [PSYoungGen: 66480K->1376K(67072K)] 371605K->306501K(716800K), 0.0018152 secs] [Times: user=0.00 sys=0.01, real=0.00 secs] 
1003.565: [GC (Allocation Failure) [PSYoungGen: 66400K->1408K(67072K)] 371525K->306533K(716800K), 0.0019750 secs] [Times: user=0.01 sys=0.00, real=0.00 secs] 
1003.860: [GC (Allocation Failure) [PSYoungGen: 66432K->1376K(67072K)] 371557K->306501K(716800K), 0.0018112 secs] [Times: user=0.01 sys=0.00, real=0.00 secs] 
1004.176: [GC (Allocation Failure) [PSYoungGen: 66377K->1456K(67072K)] 371502K->306581K(716800K), 0.0015622 secs] [Times: user=0.00 sys=0.00, real=0.00 secs] 
1004.631: [GC (Allocation Failure) [PSYoungGen: 66480K->1520K(67072K)] 371605K->306645K(716800K), 0.0017691 secs] [Times: user=0.00 sys=0.00, real=0.00 secs] 
1005.024: [GC (Allocation Failure) [PSYoungGen: 66544K->1517K(67072K)] 371669K->306642K(716800K), 0.0016038 secs] [Times: user=0.00 sys=0.00, real=0.00 secs] 
1005.419: [GC (Allocation Failure) [PSYoungGen: 66531K->1533K(67072K)] 371657K->306674K(716800K), 0.0015904 secs] [Times: user=0.01 sys=0.00, real=0.00 secs] 
1006.553: [GC (Allocation Failure) [PSYoungGen: 66557K->1440K(67072K)] 371698K->306581K(716800K), 0.0041759 secs] [Times: user=0.01 sys=0.00, real=0.00 secs] 
1007.281: [GC (Allocation Failure) [PSYoungGen: 66464K->1408K(67072K)] 371605K->306549K(716800K), 0.0031173 secs] [Times: user=0.01 sys=0.00, real=0.00 secs] 
1007.695: [GC (Allocation Failure) [PSYoungGen: 66432K->1344K(67072K)] 371573K->306485K(716800K), 0.0024201 secs] [Times: user=0.01 sys=0.00, real=0.00 secs] 
1008.056: [GC (Allocation Failure) [PSYoungGen: 66368K->1376K(67072K)] 371509K->306517K(716800K), 0.0020269 secs] [Times: user=0.01 sys=0.00, real=0.00 secs] 
1008.510: [GC (Allocation Failure) [PSYoungGen: 66400K->1469K(67072K)] 371541K->306610K(716800K), 0.0019444 secs] [Times: user=0.00 sys=0.00, real=0.00 secs] 
1008.910: [GC (Allocation Failure) [PSYoungGen: 66493K->1533K(67072K)] 371634K->306674K(716800K), 0.0016077 secs] [Times: user=0.01 sys=0.00, real=0.00 secs] 
1009.303: [GC (Allocation Failure) [PSYoungGen: 66544K->1517K(67072K)] 371686K->306682K(716800K), 0.0017369 secs] [Times: user=0.01 sys=0.01, real=0.00 secs] 
1009.695: [GC (Allocation Failure) [PSYoungGen: 66541K->1469K(67072K)] 371706K->306642K(716800K), 0.0015756 secs] [Times: user=0.00 sys=0.00, real=0.00 secs] 
1010.181: [GC (Allocation Failure) [PSYoungGen: 66493K->1488K(67072K)] 371666K->306669K(716800K), 0.0019479 secs] [Times: user=0.01 sys=0.01, real=0.00 secs] 
1010.495: [GC (Allocation Failure) [PSYoungGen: 66512K->1408K(67072K)] 371693K->306589K(716800K), 0.0019829 secs] [Times: user=0.01 sys=0.00, real=0.00 secs] 
1010.779: [GC (Allocation Failure) [PSYoungGen: 66432K->1376K(67072K)] 371613K->306557K(716800K), 0.0019430 secs] [Times: user=0.01 sys=0.00, real=0.01 secs] 
1011.134: [GC (Allocation Failure) [PSYoungGen: 66400K->1376K(67072K)] 371581K->306557K(716800K), 0.0024524 secs] [Times: user=0.01 sys=0.00, real=0.00 secs] 
1011.485: [GC (Allocation Failure) [PSYoungGen: 66400K->1488K(67072K)] 371581K->306669K(716800K), 0.0018884 secs] [Times: user=0.00 sys=0.00, real=0.00 secs] 
1011.878: [GC (Allocation Failure) [PSYoungGen: 66512K->1552K(67072K)] 371693K->306733K(716800K), 0.0016116 secs] [Times: user=0.01 sys=0.00, real=0.00 secs] 
1012.270: [GC (Allocation Failure) [PSYoungGen: 66576K->1501K(67072K)] 371757K->306682K(716800K), 0.0016764 secs] [Times: user=0.01 sys=0.00, real=0.01 secs] 
1012.661: [GC (Allocation Failure) [PSYoungGen: 66525K->1549K(67072K)] 371706K->306738K(716800K), 0.0015991 secs] [Times: user=0.01 sys=0.00, real=0.00 secs] 
1013.026: [GC (Allocation Failure) [PSYoungGen: 66573K->1440K(67072K)] 371762K->306629K(716800K), 0.0018534 secs] [Times: user=0.00 sys=0.00, real=0.00 secs] 
1013.296: [GC (Allocation Failure) [PSYoungGen: 66464K->1376K(67072K)] 371653K->306565K(716800K), 0.0017398 secs] [Times: user=0.01 sys=0.00, real=0.00 secs] 
1013.567: [GC (Allocation Failure) [PSYoungGen: 66400K->1376K(67072K)] 371589K->306565K(716800K), 0.0016781 secs] [Times: user=0.01 sys=0.00, real=0.00 secs] 
1013.837: [GC (Allocation Failure) [PSYoungGen: 66400K->1344K(67072K)] 371589K->306533K(716800K), 0.0019373 secs] [Times: user=0.01 sys=0.00, real=0.00 secs] 
1014.151: [GC (Allocation Failure) [PSYoungGen: 66368K->1424K(67072K)] 371557K->306613K(716800K), 0.0015961 secs] [Times: user=0.00 sys=0.00, real=0.00 secs] 
1014.548: [GC (Allocation Failure) [PSYoungGen: 66448K->1501K(67072K)] 371637K->306690K(716800K), 0.0016451 secs] [Times: user=0.00 sys=0.00, real=0.00 secs] 
1014.938: [GC (Allocation Failure) [PSYoungGen: 66504K->1469K(67072K)] 371694K->306658K(716800K), 0.0017011 secs] [Times: user=0.00 sys=0.00, real=0.00 secs] 
1015.334: [GC (Allocation Failure) [PSYoungGen: 66489K->1517K(67072K)] 371678K->306722K(716800K), 0.0016096 secs] [Times: user=0.00 sys=0.00, real=0.00 secs] 
1015.887: [GC (Allocation Failure) [PSYoungGen: 66541K->1456K(67072K)] 371746K->306661K(716800K), 0.0021587 secs] [Times: user=0.01 sys=0.00, real=0.00 secs] 
1016.203: [GC (Allocation Failure) [PSYoungGen: 66480K->1376K(67072K)] 371685K->306581K(716800K), 0.0020648 secs] [Times: user=0.01 sys=0.00, real=0.00 secs] 
1016.492: [GC (Allocation Failure) [PSYoungGen: 66400K->1376K(67072K)] 371605K->306605K(716800K), 0.0019813 secs] [Times: user=0.01 sys=0.00, real=0.00 secs] 
1016.823: [GC (Allocation Failure) [PSYoungGen: 66400K->1360K(67072K)] 371629K->306589K(716800K), 0.0017464 secs] [Times: user=0.00 sys=0.00, real=0.00 secs] 
1017.213: [GC (Allocation Failure) [PSYoungGen: 66384K->1405K(67072K)] 371613K->306634K(716800K), 0.0017895 secs] [Times: user=0.01 sys=0.00, real=0.00 secs] 
1017.624: [GC (Allocation Failure) [PSYoungGen: 66429K->1504K(67072K)] 371658K->306733K(716800K), 0.0016340 secs] [Times: user=0.00 sys=0.00, real=0.00 secs] 
1018.014: [GC (Allocation Failure) [PSYoungGen: 66518K->1520K(67072K)] 371747K->306749K(716800K), 0.0015690 secs] [Times: user=0.01 sys=0.00, real=0.00 secs] 
1018.405: [GC (Allocation Failure) [PSYoungGen: 66543K->1549K(67072K)] 371773K->306786K(716800K), 0.0015605 secs] [Times: user=0.01 sys=0.00, real=0.00 secs] 
1018.808: [GC (Allocation Failure) [PSYoungGen: 66573K->1472K(67072K)] 371810K->306709K(716800K), 0.0018996 secs] [Times: user=0.01 sys=0.00, real=0.00 secs] 
1019.270: [GC (Allocation Failure) [PSYoungGen: 66496K->1344K(67072K)] 371733K->306581K(716800K), 0.0022674 secs] [Times: user=0.00 sys=0.00, real=0.00 secs] 
1019.792: [GC (Allocation Failure) [PSYoungGen: 66368K->1376K(67072K)] 371605K->306613K(716800K), 0.0022412 secs] [Times: user=0.01 sys=0.00, real=0.00 secs] 
1020.358: [GC (Allocation Failure) [PSYoungGen: 66400K->1376K(67072K)] 371637K->306613K(716800K), 0.0022950 secs] [Times: user=0.01 sys=0.00, real=0.01 secs] 
1020.898: [GC (Allocation Failure) [PSYoungGen: 66400K->1376K(67072K)] 371637K->306613K(716800K), 0.0020055 secs] [Times: user=0.01 sys=0.00, real=0.01 secs] 
1021.340: [GC (Allocation Failure) [PSYoungGen: 66400K->1565K(67072K)] 371637K->306802K(716800K), 0.0016497 secs] [Times: user=0.01 sys=0.00, real=0.01 secs] 
1021.734: [GC (Allocation Failure) [PSYoungGen: 66589K->1549K(67072K)] 371826K->306786K(716800K), 0.0015608 secs] [Times: user=0.00 sys=0.00, real=0.00 secs] 
1022.124: [GC (Allocation Failure) [PSYoungGen: 66566K->1517K(67072K)] 371803K->306762K(716800K), 0.0017393 secs] [Times: user=0.00 sys=0.00, real=0.00 secs] 
1022.541: [GC (Allocation Failure) [PSYoungGen: 66541K->1472K(67072K)] 371786K->306717K(716800K), 0.0018826 secs] [Times: user=0.01 sys=0.00, real=0.00 secs] 
1022.946: [GC (Allocation Failure) [PSYoungGen: 66496K->1376K(67072K)] 371741K->306621K(716800K), 0.0017864 secs] [Times: user=0.00 sys=0.00, real=0.00 secs] 
1023.535: [GC (Allocation Failure) [PSYoungGen: 66400K->1408K(67072K)] 371645K->306653K(716800K), 0.0018708 secs] [Times: user=0.00 sys=0.00, real=0.00 secs] 
1024.080: [GC (Allocation Failure) [PSYoungGen: 66432K->1408K(67072K)] 371677K->306653K(716800K), 0.0041105 secs] [Times: user=0.02 sys=0.01, real=0.01 secs] 
1024.693: [GC (Allocation Failure) [PSYoungGen: 66432K->1392K(67072K)] 371677K->306637K(716800K), 0.0030138 secs] [Times: user=0.01 sys=0.00, real=0.00 secs] 
1025.232: [GC (Allocation Failure) [PSYoungGen: 66416K->1501K(67072K)] 371661K->306746K(716800K), 0.0016422 secs] [Times: user=0.01 sys=0.00, real=0.00 secs] 
1025.624: [GC (Allocation Failure) [PSYoungGen: 66525K->1533K(67072K)] 371770K->306778K(716800K), 0.0016160 secs] [Times: user=0.01 sys=0.00, real=0.00 secs] 
1026.014: [GC (Allocation Failure) [PSYoungGen: 66550K->1488K(67072K)] 371796K->306749K(716800K), 0.0015915 secs] [Times: user=0.01 sys=0.00, real=0.00 secs] 
1026.712: [GC (Allocation Failure) [PSYoungGen: 66512K->1520K(67072K)] 371773K->306781K(716800K), 0.0028319 secs] [Times: user=0.01 sys=0.00, real=0.00 secs] 
1027.454: [GC (Allocation Failure) [PSYoungGen: 66544K->1376K(67072K)] 371805K->306637K(716800K), 0.0026174 secs] [Times: user=0.01 sys=0.00, real=0.00 secs] 
1027.987: [GC (Allocation Failure) [PSYoungGen: 66400K->1408K(67072K)] 371661K->306669K(716800K), 0.0025192 secs] [Times: user=0.01 sys=0.00, real=0.00 secs] 
1028.377: [GC (Allocation Failure) [PSYoungGen: 66432K->1392K(67072K)] 371693K->306669K(716800K), 0.0020311 secs] [Times: user=0.00 sys=0.00, real=0.00 secs] 
1028.647: [GC (Allocation Failure) [PSYoungGen: 66416K->1376K(67072K)] 371693K->306653K(716800K), 0.0019767 secs] [Times: user=0.00 sys=0.00, real=0.00 secs] 
1029.071: [GC (Allocation Failure) [PSYoungGen: 66400K->1517K(67072K)] 371677K->306794K(716800K), 0.0015746 secs] [Times: user=0.01 sys=0.00, real=0.00 secs] 
1029.462: [GC (Allocation Failure) [PSYoungGen: 66541K->1552K(67072K)] 371818K->306829K(716800K), 0.0016006 secs] [Times: user=0.01 sys=0.00, real=0.00 secs] 
1029.849: [GC (Allocation Failure) [PSYoungGen: 66576K->1469K(67072K)] 371853K->306754K(716800K), 0.0016075 secs] [Times: user=0.01 sys=0.00, real=0.01 secs] 
1030.283: [GC (Allocation Failure) [PSYoungGen: 66493K->2016K(67072K)] 371778K->307301K(716800K), 0.0024880 secs] [Times: user=0.01 sys=0.00, real=0.00 secs] 
1030.957: [GC (Allocation Failure) [PSYoungGen: 67040K->1376K(67072K)] 372325K->306661K(716800K), 0.0021471 secs] [Times: user=0.01 sys=0.00, real=0.00 secs] 
1031.241: [GC (Allocation Failure) [PSYoungGen: 66400K->1376K(67072K)] 371685K->306661K(716800K), 0.0022446 secs] [Times: user=0.01 sys=0.00, real=0.00 secs] 
1031.512: [GC (Allocation Failure) [PSYoungGen: 66400K->1360K(67072K)] 371685K->306645K(716800K), 0.0018154 secs] [Times: user=0.00 sys=0.00, real=0.00 secs] 
1031.782: [GC (Allocation Failure) [PSYoungGen: 66384K->1408K(67072K)] 371669K->306693K(716800K), 0.0019048 secs] [Times: user=0.01 sys=0.00, real=0.00 secs] 
1032.185: [GC (Allocation Failure) [PSYoungGen: 66432K->1456K(67072K)] 371717K->306741K(716800K), 0.0017545 secs] [Times: user=0.01 sys=0.00, real=0.00 secs] 
1032.577: [GC (Allocation Failure) [PSYoungGen: 66459K->1517K(67072K)] 371744K->306802K(716800K), 0.0015783 secs] [Times: user=0.01 sys=0.00, real=0.00 secs] 
1032.968: [GC (Allocation Failure) [PSYoungGen: 66541K->1552K(67072K)] 371826K->306853K(716800K), 0.0016434 secs] [Times: user=0.00 sys=0.00, real=0.00 secs] 
1033.397: [GC (Allocation Failure) [PSYoungGen: 66576K->1728K(67072K)] 371877K->307029K(716800K), 0.0017932 secs] [Times: user=0.00 sys=0.00, real=0.00 secs] 
1034.008: [GC (Allocation Failure) [PSYoungGen: 66752K->1408K(67072K)] 372053K->306709K(716800K), 0.0021747 secs] [Times: user=0.01 sys=0.00, real=0.00 secs] 
1034.578: [GC (Allocation Failure) [PSYoungGen: 66432K->1408K(67072K)] 371733K->306709K(716800K), 0.0050340 secs] [Times: user=0.01 sys=0.00, real=0.01 secs] 
1035.120: [GC (Allocation Failure) [PSYoungGen: 66432K->1344K(67072K)] 371733K->306645K(716800K), 0.0023448 secs] [Times: user=0.01 sys=0.00, real=0.00 secs] 
1035.568: [GC (Allocation Failure) [PSYoungGen: 66368K->1344K(67072K)] 371669K->306645K(716800K), 0.0023816 secs] [Times: user=0.01 sys=0.00, real=0.00 secs] 
1036.077: [GC (Allocation Failure) [PSYoungGen: 66368K->1533K(67072K)] 371669K->306834K(716800K), 0.0015056 secs] [Times: user=0.01 sys=0.00, real=0.00 secs] 
1036.529: [GC (Allocation Failure) [PSYoungGen: 66557K->1520K(67072K)] 371858K->306821K(716800K), 0.0016642 secs] [Times: user=0.01 sys=0.00, real=0.01 secs] 
1036.921: [GC (Allocation Failure) [PSYoungGen: 66522K->1488K(67072K)] 371824K->306805K(716800K), 0.0018485 secs] [Times: user=0.01 sys=0.01, real=0.00 secs] 
1037.305: [GC (Allocation Failure) [PSYoungGen: 66512K->1376K(67072K)] 371829K->306709K(716800K), 0.0015675 secs] [Times: user=0.01 sys=0.00, real=0.00 secs] 
1038.013: [GC (Allocation Failure) [PSYoungGen: 66400K->1344K(67072K)] 371733K->306677K(716800K), 0.0029441 secs] [Times: user=0.01 sys=0.00, real=0.00 secs] 
1038.344: [GC (Allocation Failure) [PSYoungGen: 66368K->1376K(67072K)] 371701K->306709K(716800K), 0.0018793 secs] [Times: user=0.01 sys=0.01, real=0.00 secs] 
1038.614: [GC (Allocation Failure) [PSYoungGen: 66400K->1376K(67072K)] 371733K->306709K(716800K), 0.0018176 secs] [Times: user=0.01 sys=0.01, real=0.00 secs] 
1038.885: [GC (Allocation Failure) [PSYoungGen: 66400K->1392K(67072K)] 371733K->306725K(716800K), 0.0017068 secs] [Times: user=0.01 sys=0.00, real=0.00 secs] 
1039.270: [GC (Allocation Failure) [PSYoungGen: 66416K->1501K(67072K)] 371749K->306834K(716800K), 0.0014766 secs] [Times: user=0.01 sys=0.00, real=0.01 secs] 
1039.661: [GC (Allocation Failure) [PSYoungGen: 66525K->1549K(67072K)] 371858K->306882K(716800K), 0.0017347 secs] [Times: user=0.01 sys=0.00, real=0.00 secs] 
1040.051: [GC (Allocation Failure) [PSYoungGen: 66573K->1565K(67072K)] 371906K->306914K(716800K), 0.0016366 secs] [Times: user=0.01 sys=0.00, real=0.00 secs] 
1040.445: [GC (Allocation Failure) [PSYoungGen: 66589K->1549K(67072K)] 371938K->306898K(716800K), 0.0015166 secs] [Times: user=0.00 sys=0.00, real=0.00 secs] 
1041.019: [GC (Allocation Failure) [PSYoungGen: 66573K->1376K(67072K)] 371922K->306725K(716800K), 0.0018076 secs] [Times: user=0.01 sys=0.00, real=0.01 secs] 
1041.290: [GC (Allocation Failure) [PSYoungGen: 66400K->1376K(67072K)] 371749K->306725K(716800K), 0.0021382 secs] [Times: user=0.01 sys=0.00, real=0.01 secs] 
1041.570: [GC (Allocation Failure) [PSYoungGen: 66400K->1392K(67072K)] 371749K->306741K(716800K), 0.0024508 secs] [Times: user=0.01 sys=0.00, real=0.01 secs] 
1041.836: [GC (Allocation Failure) [PSYoungGen: 66416K->1408K(67072K)] 371765K->306757K(716800K), 0.0019864 secs] [Times: user=0.01 sys=0.00, real=0.00 secs] 
1042.207: [GC (Allocation Failure) [PSYoungGen: 66432K->1485K(67072K)] 371781K->306834K(716800K), 0.0015942 secs] [Times: user=0.01 sys=0.00, real=0.00 secs] 
1042.601: [GC (Allocation Failure) [PSYoungGen: 66509K->1597K(67072K)] 371858K->306946K(716800K), 0.0016542 secs] [Times: user=0.01 sys=0.00, real=0.00 secs] 
1042.992: [GC (Allocation Failure) [PSYoungGen: 66621K->1488K(67072K)] 371970K->306845K(716800K), 0.0015653 secs] [Times: user=0.01 sys=0.00, real=0.00 secs] 
1043.384: [GC (Allocation Failure) [PSYoungGen: 66512K->1520K(67072K)] 371869K->306885K(716800K), 0.0017902 secs] [Times: user=0.00 sys=0.00, real=0.00 secs] 
1043.718: [GC (Allocation Failure) [PSYoungGen: 66544K->1408K(67072K)] 371909K->306773K(716800K), 0.0018997 secs] [Times: user=0.01 sys=0.00, real=0.00 secs] 
1043.988: [GC (Allocation Failure) [PSYoungGen: 66432K->1392K(67072K)] 371797K->306757K(716800K), 0.0017919 secs] [Times: user=0.01 sys=0.00, real=0.00 secs] 
1044.258: [GC (Allocation Failure) [PSYoungGen: 66416K->1376K(67072K)] 371781K->306741K(716800K), 0.0025052 secs] [Times: user=0.01 sys=0.01, real=0.01 secs] 
1044.530: [GC (Allocation Failure) [PSYoungGen: 66400K->1344K(67072K)] 371765K->306717K(716800K), 0.0020006 secs] [Times: user=0.01 sys=0.00, real=0.01 secs] 
1044.921: [GC (Allocation Failure) [PSYoungGen: 66368K->1469K(67072K)] 371741K->306842K(716800K), 0.0015949 secs] [Times: user=0.01 sys=0.00, real=0.00 secs] 
1045.315: [GC (Allocation Failure) [PSYoungGen: 66493K->1549K(67072K)] 371866K->306922K(716800K), 0.0017120 secs] [Times: user=0.01 sys=0.00, real=0.00 secs] 
1045.711: [GC (Allocation Failure) [PSYoungGen: 66573K->1533K(67072K)] 371946K->306906K(716800K), 0.0016631 secs] [Times: user=0.01 sys=0.00, real=0.00 secs] 
1046.164: [GC (Allocation Failure) [PSYoungGen: 66557K->1520K(67072K)] 371930K->306917K(716800K), 0.0016418 secs] [Times: user=0.01 sys=0.00, real=0.00 secs] 
1046.452: [GC (Allocation Failure) [PSYoungGen: 66544K->1408K(67072K)] 371941K->306805K(716800K), 0.0018475 secs] [Times: user=0.00 sys=0.00, real=0.00 secs] 
1046.738: [GC (Allocation Failure) [PSYoungGen: 66432K->1376K(67072K)] 371829K->306773K(716800K), 0.0019352 secs] [Times: user=0.00 sys=0.00, real=0.01 secs] 
1047.268: [GC (Allocation Failure) [PSYoungGen: 66400K->1376K(67072K)] 371797K->306773K(716800K), 0.0022203 secs] [Times: user=0.01 sys=0.00, real=0.00 secs] 
1047.823: [GC (Allocation Failure) [PSYoungGen: 66400K->1392K(67072K)] 371797K->306789K(716800K), 0.0020973 secs] [Times: user=0.00 sys=0.00, real=0.00 secs] 
1048.364: [GC (Allocation Failure) [PSYoungGen: 66416K->1437K(67072K)] 371813K->306834K(716800K), 0.0015334 secs] [Times: user=0.00 sys=0.00, real=0.00 secs] 
1048.754: [GC (Allocation Failure) [PSYoungGen: 66461K->1549K(67072K)] 371858K->306946K(716800K), 0.0015903 secs] [Times: user=0.00 sys=0.00, real=0.00 secs] 
1049.145: [GC (Allocation Failure) [PSYoungGen: 66573K->1549K(67072K)] 371970K->306946K(716800K), 0.0015512 secs] [Times: user=0.00 sys=0.00, real=0.00 secs] 
1049.538: [GC (Allocation Failure) [PSYoungGen: 66573K->1520K(67072K)] 371970K->306933K(716800K), 0.0016138 secs] [Times: user=0.01 sys=0.00, real=0.00 secs] 
1050.002: [GC (Allocation Failure) [PSYoungGen: 66544K->1408K(67072K)] 371957K->306821K(716800K), 0.0019648 secs] [Times: user=0.01 sys=0.00, real=0.00 secs] 
1050.283: [GC (Allocation Failure) [PSYoungGen: 66432K->1376K(67072K)] 371845K->306789K(716800K), 0.0019332 secs] [Times: user=0.01 sys=0.00, real=0.00 secs] 
1050.607: [GC (Allocation Failure) [PSYoungGen: 66400K->1344K(67072K)] 371813K->306757K(716800K), 0.0020545 secs] [Times: user=0.01 sys=0.00, real=0.00 secs] 
1050.913: [GC (Allocation Failure) [PSYoungGen: 66368K->1328K(67072K)] 371781K->306741K(716800K), 0.0019259 secs] [Times: user=0.01 sys=0.00, real=0.00 secs] 
1051.285: [GC (Allocation Failure) [PSYoungGen: 66352K->1533K(67072K)] 371765K->306946K(716800K), 0.0015479 secs] [Times: user=0.01 sys=0.00, real=0.00 secs] 
1051.675: [GC (Allocation Failure) [PSYoungGen: 66557K->1552K(67072K)] 371970K->306965K(716800K), 0.0015621 secs] [Times: user=0.01 sys=0.00, real=0.00 secs] 
1052.067: [GC (Allocation Failure) [PSYoungGen: 66576K->1517K(67072K)] 371989K->306930K(716800K), 0.0015650 secs] [Times: user=0.00 sys=0.00, real=0.00 secs] 
1052.459: [GC (Allocation Failure) [PSYoungGen: 66541K->1501K(67072K)] 371954K->306922K(716800K), 0.0016590 secs] [Times: user=0.00 sys=0.00, real=0.01 secs] 
1052.780: [GC (Allocation Failure) [PSYoungGen: 66525K->1456K(67072K)] 371946K->306877K(716800K), 0.0017521 secs] [Times: user=0.01 sys=0.00, real=0.01 secs] 
1053.364: [GC (Allocation Failure) [PSYoungGen: 66480K->1344K(67072K)] 371901K->306765K(716800K), 0.0027750 secs] [Times: user=0.01 sys=0.00, real=0.00 secs] 
1053.931: [GC (Allocation Failure) [PSYoungGen: 66368K->1344K(67072K)] 371789K->306765K(716800K), 0.0023934 secs] [Times: user=0.01 sys=0.00, real=0.00 secs] 
1054.491: [GC (Allocation Failure) [PSYoungGen: 66368K->1376K(67072K)] 371789K->306797K(716800K), 0.0022135 secs] [Times: user=0.01 sys=0.00, real=0.00 secs] 
1055.028: [GC (Allocation Failure) [PSYoungGen: 66400K->1453K(67072K)] 371821K->306874K(716800K), 0.0036103 secs] [Times: user=0.02 sys=0.00, real=0.01 secs] 
1055.430: [GC (Allocation Failure) [PSYoungGen: 66477K->1517K(67072K)] 371898K->306938K(716800K), 0.0015653 secs] [Times: user=0.00 sys=0.00, real=0.01 secs] 
1055.878: [GC (Allocation Failure) [PSYoungGen: 66541K->1520K(67072K)] 371962K->306941K(716800K), 0.0016300 secs] [Times: user=0.01 sys=0.00, real=0.00 secs] 
1056.269: [GC (Allocation Failure) [PSYoungGen: 66544K->1488K(67072K)] 371965K->306917K(716800K), 0.0016541 secs] [Times: user=0.01 sys=0.00, real=0.01 secs] 
1056.657: [GC (Allocation Failure) [PSYoungGen: 66512K->1440K(67072K)] 371941K->306869K(716800K), 0.0022531 secs] [Times: user=0.01 sys=0.00, real=0.00 secs] 
1056.984: [GC (Allocation Failure) [PSYoungGen: 66464K->1376K(67072K)] 371893K->306805K(716800K), 0.0020618 secs] [Times: user=0.01 sys=0.00, real=0.00 secs] 
1057.262: [GC (Allocation Failure) [PSYoungGen: 66400K->1392K(67072K)] 371829K->306829K(716800K), 0.0019423 secs] [Times: user=0.01 sys=0.00, real=0.00 secs] 
1057.543: [GC (Allocation Failure) [PSYoungGen: 66416K->1376K(67072K)] 371853K->306813K(716800K), 0.0020537 secs] [Times: user=0.01 sys=0.00, real=0.00 secs] 
1057.991: [GC (Allocation Failure) [PSYoungGen: 66400K->1536K(67072K)] 371837K->306973K(716800K), 0.0015489 secs] [Times: user=0.01 sys=0.00, real=0.00 secs] 
1058.381: [GC (Allocation Failure) [PSYoungGen: 66560K->1501K(67072K)] 371997K->306938K(716800K), 0.0015632 secs] [Times: user=0.01 sys=0.00, real=0.00 secs] 
1058.772: [GC (Allocation Failure) [PSYoungGen: 66525K->1549K(67072K)] 371962K->306986K(716800K), 0.0016110 secs] [Times: user=0.01 sys=0.00, real=0.00 secs] 
1059.165: [GC (Allocation Failure) [PSYoungGen: 66573K->1552K(67072K)] 372010K->306997K(716800K), 0.0016955 secs] [Times: user=0.00 sys=0.00, real=0.00 secs] 
1059.494: [GC (Allocation Failure) [PSYoungGen: 66576K->1440K(67072K)] 372021K->306885K(716800K), 0.0018087 secs] [Times: user=0.01 sys=0.00, real=0.00 secs] 
1059.764: [GC (Allocation Failure) [PSYoungGen: 66464K->1376K(67072K)] 371909K->306821K(716800K), 0.0017285 secs] [Times: user=0.01 sys=0.01, real=0.00 secs] 
1060.221: [GC (Allocation Failure) [PSYoungGen: 66400K->1344K(67072K)] 371845K->306789K(716800K), 0.0017873 secs] [Times: user=0.01 sys=0.00, real=0.00 secs] 
1060.778: [GC (Allocation Failure) [PSYoungGen: 66368K->1344K(67072K)] 371813K->306789K(716800K), 0.0022336 secs] [Times: user=0.01 sys=0.00, real=0.01 secs] 
1061.349: [GC (Allocation Failure) [PSYoungGen: 66368K->1501K(67072K)] 371813K->306946K(716800K), 0.0015286 secs] [Times: user=0.01 sys=0.00, real=0.01 secs] 
1061.741: [GC (Allocation Failure) [PSYoungGen: 66525K->1565K(67072K)] 371970K->307010K(716800K), 0.0016541 secs] [Times: user=0.00 sys=0.00, real=0.00 secs] 
1062.131: [GC (Allocation Failure) [PSYoungGen: 66589K->1565K(67072K)] 372034K->307010K(716800K), 0.0016279 secs] [Times: user=0.01 sys=0.00, real=0.00 secs] 
1062.524: [GC (Allocation Failure) [PSYoungGen: 66589K->1568K(67072K)] 372034K->307021K(716800K), 0.0016190 secs] [Times: user=0.01 sys=0.00, real=0.00 secs] 
1062.963: [GC (Allocation Failure) [PSYoungGen: 66592K->1440K(67072K)] 372045K->306893K(716800K), 0.0018346 secs] [Times: user=0.01 sys=0.00, real=0.00 secs] 
1063.295: [GC (Allocation Failure) [PSYoungGen: 66464K->1376K(67072K)] 371917K->306829K(716800K), 0.0019129 secs] [Times: user=0.01 sys=0.00, real=0.00 secs] 
1063.566: [GC (Allocation Failure) [PSYoungGen: 66400K->1408K(67072K)] 371853K->306861K(716800K), 0.0018324 secs] [Times: user=0.01 sys=0.00, real=0.00 secs] 
1064.005: [GC (Allocation Failure) [PSYoungGen: 66432K->1408K(67072K)] 371885K->306861K(716800K), 0.0018039 secs] [Times: user=0.01 sys=0.00, real=0.00 secs] 
1064.678: [GC (Allocation Failure) [PSYoungGen: 66432K->1440K(67072K)] 371885K->306893K(716800K), 0.0017947 secs] [Times: user=0.01 sys=0.00, real=0.00 secs] 
1065.075: [GC (Allocation Failure) [PSYoungGen: 66464K->1549K(67072K)] 371917K->307002K(716800K), 0.0017538 secs] [Times: user=0.01 sys=0.00, real=0.00 secs] 
1065.544: [GC (Allocation Failure) [PSYoungGen: 66573K->1533K(67072K)] 372026K->306986K(716800K), 0.0017635 secs] [Times: user=0.00 sys=0.00, real=0.00 secs] 
1065.939: [GC (Allocation Failure) [PSYoungGen: 66556K->1517K(67072K)] 372010K->306978K(716800K), 0.0017649 secs] [Times: user=0.01 sys=0.00, real=0.01 secs] 
1066.531: [GC (Allocation Failure) [PSYoungGen: 66541K->1472K(67072K)] 372002K->306933K(716800K), 0.0020190 secs] [Times: user=0.01 sys=0.00, real=0.00 secs] 
1067.118: [GC (Allocation Failure) [PSYoungGen: 66496K->1408K(67072K)] 371957K->306869K(716800K), 0.0019159 secs] [Times: user=0.01 sys=0.00, real=0.00 secs] 
1067.749: [GC (Allocation Failure) [PSYoungGen: 66432K->1376K(67072K)] 371893K->306837K(716800K), 0.0019621 secs] [Times: user=0.01 sys=0.00, real=0.01 secs] 
1068.027: [GC (Allocation Failure) [PSYoungGen: 66400K->1344K(67072K)] 371861K->306829K(716800K), 0.0018928 secs] [Times: user=0.00 sys=0.00, real=0.00 secs] 
1068.491: [GC (Allocation Failure) [PSYoungGen: 66368K->1424K(67072K)] 371853K->306909K(716800K), 0.0018901 secs] [Times: user=0.01 sys=0.00, real=0.00 secs] 
1068.975: [GC (Allocation Failure) [PSYoungGen: 66448K->1517K(67072K)] 371933K->307002K(716800K), 0.0018677 secs] [Times: user=0.00 sys=0.00, real=0.00 secs] 
1069.369: [GC (Allocation Failure) [PSYoungGen: 66541K->1517K(67072K)] 372026K->307002K(716800K), 0.0019031 secs] [Times: user=0.01 sys=0.00, real=0.01 secs] 
1069.761: [GC (Allocation Failure) [PSYoungGen: 66541K->1565K(67072K)] 372026K->307058K(716800K), 0.0016394 secs] [Times: user=0.01 sys=0.00, real=0.00 secs] 
1070.353: [GC (Allocation Failure) [PSYoungGen: 66589K->1456K(67072K)] 372082K->306949K(716800K), 0.0018534 secs] [Times: user=0.01 sys=0.00, real=0.00 secs] 
1070.994: [GC (Allocation Failure) [PSYoungGen: 66480K->1376K(67072K)] 371973K->306869K(716800K), 0.0022100 secs] [Times: user=0.00 sys=0.00, real=0.00 secs] 
1071.550: [GC (Allocation Failure) [PSYoungGen: 66400K->1328K(67072K)] 371893K->306821K(716800K), 0.0019886 secs] [Times: user=0.01 sys=0.00, real=0.00 secs] 
1072.169: [GC (Allocation Failure) [PSYoungGen: 66352K->1408K(67072K)] 371845K->306901K(716800K), 0.0026161 secs] [Times: user=0.02 sys=0.00, real=0.01 secs] 
1072.764: [GC (Allocation Failure) [PSYoungGen: 66432K->1392K(67072K)] 371925K->306885K(716800K), 0.0019091 secs] [Times: user=0.01 sys=0.00, real=0.00 secs] 
1073.158: [GC (Allocation Failure) [PSYoungGen: 66416K->1501K(67072K)] 371909K->306994K(716800K), 0.0016255 secs] [Times: user=0.01 sys=0.00, real=0.00 secs] 
1073.549: [GC (Allocation Failure) [PSYoungGen: 66525K->1552K(67072K)] 372018K->307045K(716800K), 0.0016022 secs] [Times: user=0.01 sys=0.00, real=0.01 secs] 
1073.942: [GC (Allocation Failure) [PSYoungGen: 66576K->1488K(67072K)] 372069K->306989K(716800K), 0.0016712 secs] [Times: user=0.00 sys=0.00, real=0.00 secs] 
1075.073: [GC (Allocation Failure) [PSYoungGen: 66512K->1456K(67072K)] 372013K->306957K(716800K), 0.0027650 secs] [Times: user=0.01 sys=0.00, real=0.00 secs] 
1076.314: [GC (Allocation Failure) [PSYoungGen: 66480K->1408K(67072K)] 371981K->306909K(716800K), 0.0040804 secs] [Times: user=0.01 sys=0.00, real=0.00 secs] 
1077.057: [GC (Allocation Failure) [PSYoungGen: 66432K->1408K(67072K)] 371933K->306909K(716800K), 0.0029697 secs] [Times: user=0.01 sys=0.00, real=0.00 secs] 
1077.594: [GC (Allocation Failure) [PSYoungGen: 66432K->1376K(67072K)] 371933K->306877K(716800K), 0.0029863 secs] [Times: user=0.02 sys=0.00, real=0.00 secs] 
1078.187: [GC (Allocation Failure) [PSYoungGen: 66400K->1469K(67072K)] 371901K->306970K(716800K), 0.0021014 secs] [Times: user=0.01 sys=0.00, real=0.00 secs] 
1078.687: [GC (Allocation Failure) [PSYoungGen: 66493K->1501K(67072K)] 371994K->307002K(716800K), 0.0016940 secs] [Times: user=0.00 sys=0.00, real=0.00 secs] 
1079.078: [GC (Allocation Failure) [PSYoungGen: 66525K->1488K(67072K)] 372026K->306989K(716800K), 0.0016246 secs] [Times: user=0.01 sys=0.00, real=0.00 secs] 
1079.470: [GC (Allocation Failure) [PSYoungGen: 66512K->1485K(67072K)] 372013K->306994K(716800K), 0.0016322 secs] [Times: user=0.00 sys=0.01, real=0.01 secs] 
1079.896: [GC (Allocation Failure) [PSYoungGen: 66509K->1488K(67072K)] 372018K->307021K(716800K), 0.0021767 secs] [Times: user=0.01 sys=0.00, real=0.00 secs] 
1080.188: [GC (Allocation Failure) [PSYoungGen: 66512K->1344K(67072K)] 372045K->306877K(716800K), 0.0018879 secs] [Times: user=0.00 sys=0.00, real=0.01 secs] 
1080.716: [GC (Allocation Failure) [PSYoungGen: 66368K->1376K(67072K)] 371901K->306909K(716800K), 0.0021317 secs] [Times: user=0.01 sys=0.00, real=0.00 secs] 
1081.343: [GC (Allocation Failure) [PSYoungGen: 66400K->1344K(67072K)] 371933K->306877K(716800K), 0.0021383 secs] [Times: user=0.01 sys=0.01, real=0.00 secs] 
1081.981: [GC (Allocation Failure) [PSYoungGen: 66368K->1405K(67072K)] 371901K->306938K(716800K), 0.0020922 secs] [Times: user=0.00 sys=0.00, real=0.00 secs] 
1082.396: [GC (Allocation Failure) [PSYoungGen: 66429K->1520K(67072K)] 371962K->307053K(716800K), 0.0015723 secs] [Times: user=0.01 sys=0.00, real=0.00 secs] 
1082.789: [GC (Allocation Failure) [PSYoungGen: 66544K->1517K(67072K)] 372077K->307050K(716800K), 0.0016123 secs] [Times: user=0.01 sys=0.00, real=0.01 secs] 
1083.180: [GC (Allocation Failure) [PSYoungGen: 66534K->1549K(67072K)] 372068K->307098K(716800K), 0.0016175 secs] [Times: user=0.01 sys=0.00, real=0.01 secs] 
1083.703: [GC (Allocation Failure) [PSYoungGen: 66573K->1488K(67072K)] 372122K->307037K(716800K), 0.0019101 secs] [Times: user=0.01 sys=0.00, real=0.00 secs] 
1084.152: [GC (Allocation Failure) [PSYoungGen: 66512K->1408K(67072K)] 372061K->306957K(716800K), 0.0020547 secs] [Times: user=0.01 sys=0.00, real=0.00 secs] 
1084.426: [GC (Allocation Failure) [PSYoungGen: 66432K->1344K(67072K)] 371981K->306893K(716800K), 0.0020314 secs] [Times: user=0.01 sys=0.00, real=0.00 secs] 
1084.709: [GC (Allocation Failure) [PSYoungGen: 66368K->1408K(67072K)] 371917K->306957K(716800K), 0.0019180 secs] [Times: user=0.01 sys=0.00, real=0.01 secs] 
1085.053: [GC (Allocation Failure) [PSYoungGen: 66432K->1501K(67072K)] 371981K->307050K(716800K), 0.0018055 secs] [Times: user=0.00 sys=0.00, real=0.00 secs] 
1085.451: [GC (Allocation Failure) [PSYoungGen: 66525K->1533K(67072K)] 372074K->307082K(716800K), 0.0015920 secs] [Times: user=0.00 sys=0.00, real=0.00 secs] 
1085.845: [GC (Allocation Failure) [PSYoungGen: 66557K->1533K(67072K)] 372106K->307082K(716800K), 0.0016495 secs] [Times: user=0.01 sys=0.00, real=0.00 secs] 
1086.247: [GC (Allocation Failure) [PSYoungGen: 66549K->1533K(67072K)] 372099K->307090K(716800K), 0.0016028 secs] [Times: user=0.00 sys=0.00, real=0.00 secs] 
1086.617: [GC (Allocation Failure) [PSYoungGen: 66557K->1488K(67072K)] 372114K->307045K(716800K), 0.0017355 secs] [Times: user=0.01 sys=0.00, real=0.00 secs] 
1086.888: [GC (Allocation Failure) [PSYoungGen: 66512K->1344K(67072K)] 372069K->306901K(716800K), 0.0015948 secs] [Times: user=0.00 sys=0.00, real=0.00 secs] 
1087.157: [GC (Allocation Failure) [PSYoungGen: 66368K->1408K(67072K)] 371925K->306981K(716800K), 0.0015494 secs] [Times: user=0.01 sys=0.00, real=0.00 secs] 
1087.426: [GC (Allocation Failure) [PSYoungGen: 66432K->1344K(67072K)] 372005K->306925K(716800K), 0.0014553 secs] [Times: user=0.01 sys=0.00, real=0.00 secs] 
1087.701: [GC (Allocation Failure) [PSYoungGen: 66283K->272K(67072K)] 371864K->305853K(716800K), 0.0014231 secs] [Times: user=0.00 sys=0.00, real=0.00 secs] 
1088.087: [GC (Allocation Failure) [PSYoungGen: 65271K->1552K(67072K)] 370852K->307133K(716800K), 0.0015763 secs] [Times: user=0.00 sys=0.00, real=0.00 secs] 
1088.479: [GC (Allocation Failure) [PSYoungGen: 66544K->1488K(67072K)] 372125K->307069K(716800K), 0.0016073 secs] [Times: user=0.00 sys=0.00, real=0.01 secs] 
1088.868: [GC (Allocation Failure) [PSYoungGen: 66512K->1533K(67072K)] 372093K->307138K(716800K), 0.0016162 secs] [Times: user=0.00 sys=0.00, real=0.00 secs] 
1089.279: [GC (Allocation Failure) [PSYoungGen: 66557K->1408K(67072K)] 372162K->307021K(716800K), 0.0020078 secs] [Times: user=0.01 sys=0.00, real=0.01 secs] 
1089.549: [GC (Allocation Failure) [PSYoungGen: 66432K->1408K(67072K)] 372045K->307021K(716800K), 0.0016559 secs] [Times: user=0.00 sys=0.00, real=0.01 secs] 
1089.819: [GC (Allocation Failure) [PSYoungGen: 66432K->1376K(67072K)] 372045K->306989K(716800K), 0.0016604 secs] [Times: user=0.01 sys=0.00, real=0.01 secs] 
1090.089: [GC (Allocation Failure) [PSYoungGen: 66400K->1408K(67072K)] 372013K->307021K(716800K), 0.0016444 secs] [Times: user=0.01 sys=0.00, real=0.01 secs] 
1090.359: [GC (Allocation Failure) [PSYoungGen: 66432K->1408K(67072K)] 372045K->307021K(716800K), 0.0014989 secs] [Times: user=0.00 sys=0.00, real=0.01 secs] 
1090.750: [GC (Allocation Failure) [PSYoungGen: 66432K->1517K(67072K)] 372045K->307130K(716800K), 0.0015839 secs] [Times: user=0.01 sys=0.00, real=0.00 secs] 
1091.143: [GC (Allocation Failure) [PSYoungGen: 66541K->1533K(67072K)] 372154K->307146K(716800K), 0.0015772 secs] [Times: user=0.01 sys=0.00, real=0.00 secs] 
1091.535: [GC (Allocation Failure) [PSYoungGen: 66557K->1597K(67072K)] 372170K->307234K(716800K), 0.0016408 secs] [Times: user=0.00 sys=0.00, real=0.00 secs] 
1091.937: [GC (Allocation Failure) [PSYoungGen: 66621K->1472K(67072K)] 372258K->307109K(716800K), 0.0017607 secs] [Times: user=0.00 sys=0.00, real=0.00 secs] 
1092.207: [GC (Allocation Failure) [PSYoungGen: 66496K->1376K(67072K)] 372133K->307013K(716800K), 0.0016792 secs] [Times: user=0.01 sys=0.00, real=0.00 secs] 
1092.478: [GC (Allocation Failure) [PSYoungGen: 66400K->1376K(67072K)] 372037K->307013K(716800K), 0.0016768 secs] [Times: user=0.01 sys=0.00, real=0.00 secs] 
1092.747: [GC (Allocation Failure) [PSYoungGen: 66400K->1376K(67072K)] 372037K->307013K(716800K), 0.0020090 secs] [Times: user=0.01 sys=0.00, real=0.00 secs] 
1093.018: [GC (Allocation Failure) [PSYoungGen: 66400K->1376K(67072K)] 372037K->307013K(716800K), 0.0018279 secs] [Times: user=0.01 sys=0.00, real=0.00 secs] 
1093.441: [GC (Allocation Failure) [PSYoungGen: 66400K->1520K(67072K)] 372037K->307157K(716800K), 0.0016197 secs] [Times: user=0.00 sys=0.00, real=0.00 secs] 
1093.833: [GC (Allocation Failure) [PSYoungGen: 66544K->1520K(67072K)] 372181K->307157K(716800K), 0.0017129 secs] [Times: user=0.00 sys=0.00, real=0.00 secs] 
1094.224: [GC (Allocation Failure) [PSYoungGen: 66544K->1549K(67072K)] 372181K->307194K(716800K), 0.0015120 secs] [Times: user=0.01 sys=0.00, real=0.00 secs] 
1094.646: [GC (Allocation Failure) [PSYoungGen: 66573K->1536K(67072K)] 372218K->307181K(716800K), 0.0018519 secs] [Times: user=0.01 sys=0.00, real=0.00 secs] 
1095.150: [GC (Allocation Failure) [PSYoungGen: 66560K->1312K(67072K)] 372205K->306957K(716800K), 0.0018238 secs] [Times: user=0.00 sys=0.00, real=0.01 secs] 
1095.764: [GC (Allocation Failure) [PSYoungGen: 66336K->1408K(67072K)] 371981K->307053K(716800K), 0.0018364 secs] [Times: user=0.01 sys=0.00, real=0.00 secs] 
1096.494: [GC (Allocation Failure) [PSYoungGen: 66432K->1376K(67072K)] 372077K->307021K(716800K), 0.0019794 secs] [Times: user=0.01 sys=0.00, real=0.00 secs] 
1097.358: [GC (Allocation Failure) [PSYoungGen: 66400K->1376K(67072K)] 372045K->307021K(716800K), 0.0022912 secs] [Times: user=0.01 sys=0.00, real=0.01 secs] 
1097.850: [GC (Allocation Failure) [PSYoungGen: 66400K->1485K(67072K)] 372045K->307154K(716800K), 0.0017229 secs] [Times: user=0.01 sys=0.00, real=0.01 secs] 
1098.242: [GC (Allocation Failure) [PSYoungGen: 66509K->1517K(67072K)] 372178K->307186K(716800K), 0.0015918 secs] [Times: user=0.00 sys=0.00, real=0.00 secs] 
1098.637: [GC (Allocation Failure) [PSYoungGen: 66541K->1565K(67072K)] 372210K->307250K(716800K), 0.0016357 secs] [Times: user=0.00 sys=0.00, real=0.00 secs] 
1099.061: [GC (Allocation Failure) [PSYoungGen: 66589K->2000K(67072K)] 372274K->307685K(716800K), 0.0019031 secs] [Times: user=0.01 sys=0.00, real=0.00 secs] 
1099.373: [GC (Allocation Failure) [PSYoungGen: 67024K->1376K(67072K)] 372709K->307061K(716800K), 0.0017238 secs] [Times: user=0.00 sys=0.00, real=0.00 secs] 
1099.684: [GC (Allocation Failure) [PSYoungGen: 66400K->1376K(67072K)] 372085K->307061K(716800K), 0.0018366 secs] [Times: user=0.01 sys=0.00, real=0.00 secs] 
1099.954: [GC (Allocation Failure) [PSYoungGen: 66400K->1376K(67072K)] 372085K->307061K(716800K), 0.0018998 secs] [Times: user=0.01 sys=0.00, real=0.00 secs] 
1100.225: [GC (Allocation Failure) [PSYoungGen: 66400K->1344K(67072K)] 372085K->307029K(716800K), 0.0017747 secs] [Times: user=0.01 sys=0.00, real=0.00 secs] 
1100.628: [GC (Allocation Failure) [PSYoungGen: 66368K->1485K(67072K)] 372053K->307170K(716800K), 0.0015291 secs] [Times: user=0.01 sys=0.00, real=0.00 secs] 
1101.022: [GC (Allocation Failure) [PSYoungGen: 66509K->1533K(67072K)] 372194K->307218K(716800K), 0.0016156 secs] [Times: user=0.00 sys=0.00, real=0.00 secs] 
1101.413: [GC (Allocation Failure) [PSYoungGen: 66557K->1533K(67072K)] 372242K->307226K(716800K), 0.0015592 secs] [Times: user=0.01 sys=0.00, real=0.00 secs] 
1101.856: [GC (Allocation Failure) [PSYoungGen: 66557K->1568K(67072K)] 372250K->307261K(716800K), 0.0018724 secs] [Times: user=0.01 sys=0.00, real=0.00 secs] 
1102.128: [GC (Allocation Failure) [PSYoungGen: 66592K->1344K(67072K)] 372285K->307037K(716800K), 0.0015511 secs] [Times: user=0.01 sys=0.00, real=0.00 secs] 
1102.403: [GC (Allocation Failure) [PSYoungGen: 66368K->1344K(67072K)] 372061K->307037K(716800K), 0.0016210 secs] [Times: user=0.01 sys=0.00, real=0.00 secs] 
1102.810: [GC (Allocation Failure) [PSYoungGen: 66368K->1408K(67072K)] 372061K->307101K(716800K), 0.0017498 secs] [Times: user=0.01 sys=0.00, real=0.00 secs] 
1103.373: [GC (Allocation Failure) [PSYoungGen: 66432K->1408K(67072K)] 372125K->307101K(716800K), 0.0019166 secs] [Times: user=0.01 sys=0.00, real=0.00 secs] 
1103.856: [GC (Allocation Failure) [PSYoungGen: 66432K->1469K(67072K)] 372125K->307162K(716800K), 0.0015163 secs] [Times: user=0.00 sys=0.00, real=0.00 secs] 
1104.248: [GC (Allocation Failure) [PSYoungGen: 66493K->1520K(67072K)] 372186K->307213K(716800K), 0.0016014 secs] [Times: user=0.01 sys=0.00, real=0.00 secs] 
1104.639: [GC (Allocation Failure) [PSYoungGen: 66544K->1517K(67072K)] 372237K->307226K(716800K), 0.0015741 secs] [Times: user=0.00 sys=0.00, real=0.01 secs] 
1105.030: [GC (Allocation Failure) [PSYoungGen: 66541K->1517K(67072K)] 372250K->307226K(716800K), 0.0016412 secs] [Times: user=0.00 sys=0.00, real=0.01 secs] 
1105.408: [GC (Allocation Failure) [PSYoungGen: 66541K->1392K(67072K)] 372250K->307101K(716800K), 0.0017994 secs] [Times: user=0.01 sys=0.00, real=0.00 secs] 
1105.678: [GC (Allocation Failure) [PSYoungGen: 66416K->1376K(67072K)] 372125K->307085K(716800K), 0.0018282 secs] [Times: user=0.00 sys=0.00, real=0.00 secs] 
1105.975: [GC (Allocation Failure) [PSYoungGen: 66400K->1376K(67072K)] 372109K->307085K(716800K), 0.0024195 secs] [Times: user=0.01 sys=0.00, real=0.00 secs] 
1106.249: [GC (Allocation Failure) [PSYoungGen: 66400K->1376K(67072K)] 372109K->307085K(716800K), 0.0020318 secs] [Times: user=0.01 sys=0.00, real=0.01 secs] 
1106.681: [GC (Allocation Failure) [PSYoungGen: 66400K->1488K(67072K)] 372109K->307221K(716800K), 0.0014486 secs] [Times: user=0.01 sys=0.00, real=0.00 secs] 
1107.073: [GC (Allocation Failure) [PSYoungGen: 66512K->1520K(67072K)] 372245K->307253K(716800K), 0.0015608 secs] [Times: user=0.01 sys=0.00, real=0.00 secs] 
1107.465: [GC (Allocation Failure) [PSYoungGen: 66544K->1520K(67072K)] 372277K->307261K(716800K), 0.0016784 secs] [Times: user=0.01 sys=0.00, real=0.00 secs] 
1107.910: [GC (Allocation Failure) [PSYoungGen: 66544K->1581K(67072K)] 372285K->307322K(716800K), 0.0017787 secs] [Times: user=0.01 sys=0.00, real=0.01 secs] 
1108.416: [GC (Allocation Failure) [PSYoungGen: 66605K->1440K(67072K)] 372346K->307181K(716800K), 0.0020069 secs] [Times: user=0.00 sys=0.00, real=0.00 secs] 
1108.977: [GC (Allocation Failure) [PSYoungGen: 66464K->1408K(67072K)] 372205K->307149K(716800K), 0.0019991 secs] [Times: user=0.01 sys=0.00, real=0.00 secs] 
1109.557: [GC (Allocation Failure) [PSYoungGen: 66432K->1376K(67072K)] 372173K->307117K(716800K), 0.0020259 secs] [Times: user=0.01 sys=0.00, real=0.00 secs] 
1110.133: [GC (Allocation Failure) [PSYoungGen: 66400K->1376K(67072K)] 372141K->307117K(716800K), 0.0020281 secs] [Times: user=0.01 sys=0.00, real=0.00 secs] 
1110.623: [GC (Allocation Failure) [PSYoungGen: 66400K->1520K(67072K)] 372141K->307261K(716800K), 0.0016940 secs] [Times: user=0.00 sys=0.00, real=0.00 secs] 
1111.018: [GC (Allocation Failure) [PSYoungGen: 66544K->1581K(67072K)] 372285K->307322K(716800K), 0.0017372 secs] [Times: user=0.01 sys=0.00, real=0.00 secs] 
1111.409: [GC (Allocation Failure) [PSYoungGen: 66605K->1552K(67072K)] 372346K->307293K(716800K), 0.0016075 secs] [Times: user=0.01 sys=0.00, real=0.01 secs] 
1111.801: [GC (Allocation Failure) [PSYoungGen: 66576K->1517K(67072K)] 372317K->307274K(716800K), 0.0017190 secs] [Times: user=0.01 sys=0.00, real=0.00 secs] 
1112.083: [GC (Allocation Failure) [PSYoungGen: 66541K->1376K(67072K)] 372298K->307133K(716800K), 0.0015570 secs] [Times: user=0.00 sys=0.00, real=0.00 secs] 
1112.352: [GC (Allocation Failure) [PSYoungGen: 66400K->1408K(67072K)] 372157K->307165K(716800K), 0.0015882 secs] [Times: user=0.01 sys=0.00, real=0.00 secs] 
1112.621: [GC (Allocation Failure) [PSYoungGen: 66432K->1408K(67072K)] 372189K->307165K(716800K), 0.0016416 secs] [Times: user=0.01 sys=0.00, real=0.00 secs] 
1112.891: [GC (Allocation Failure) [PSYoungGen: 66432K->1344K(67072K)] 372189K->307109K(716800K), 0.0015114 secs] [Times: user=0.00 sys=0.00, real=0.00 secs] 
1113.253: [GC (Allocation Failure) [PSYoungGen: 66368K->1469K(67072K)] 372133K->307234K(716800K), 0.0016667 secs] [Times: user=0.01 sys=0.00, real=0.00 secs] 
1113.670: [GC (Allocation Failure) [PSYoungGen: 66493K->1488K(67072K)] 372258K->307253K(716800K), 0.0016295 secs] [Times: user=0.01 sys=0.00, real=0.01 secs] 
1114.059: [GC (Allocation Failure) [PSYoungGen: 66512K->1517K(67072K)] 372277K->307282K(716800K), 0.0016197 secs] [Times: user=0.01 sys=0.00, real=0.01 secs] 
1114.451: [GC (Allocation Failure) [PSYoungGen: 66541K->1533K(67072K)] 372306K->307314K(716800K), 0.0016393 secs] [Times: user=0.00 sys=0.00, real=0.00 secs] 
1115.005: [GC (Allocation Failure) [PSYoungGen: 66557K->1408K(67072K)] 372338K->307189K(716800K), 0.0028363 secs] [Times: user=0.01 sys=0.00, real=0.00 secs] 
1115.282: [GC (Allocation Failure) [PSYoungGen: 66432K->1408K(67072K)] 372213K->307189K(716800K), 0.0020925 secs] [Times: user=0.01 sys=0.00, real=0.00 secs] 
1115.582: [GC (Allocation Failure) [PSYoungGen: 66432K->1344K(67072K)] 372213K->307125K(716800K), 0.0016945 secs] [Times: user=0.01 sys=0.00, real=0.00 secs] 
1115.880: [GC (Allocation Failure) [PSYoungGen: 66368K->1376K(67072K)] 372149K->307157K(716800K), 0.0019730 secs] [Times: user=0.01 sys=0.00, real=0.00 secs] 
1116.379: [GC (Allocation Failure) [PSYoungGen: 66400K->1501K(67072K)] 372181K->307298K(716800K), 0.0016079 secs] [Times: user=0.00 sys=0.00, real=0.01 secs] 
1116.773: [GC (Allocation Failure) [PSYoungGen: 66525K->1549K(67072K)] 372322K->307346K(716800K), 0.0015795 secs] [Times: user=0.01 sys=0.00, real=0.00 secs] 
1117.173: [GC (Allocation Failure) [PSYoungGen: 66573K->1517K(67072K)] 372370K->307314K(716800K), 0.0015443 secs] [Times: user=0.01 sys=0.00, real=0.00 secs] 
1117.566: [GC (Allocation Failure) [PSYoungGen: 66541K->1517K(67072K)] 372338K->307322K(716800K), 0.0015439 secs] [Times: user=0.00 sys=0.00, real=0.00 secs] 
1118.144: [GC (Allocation Failure) [PSYoungGen: 66541K->1392K(67072K)] 372346K->307197K(716800K), 0.0027881 secs] [Times: user=0.01 sys=0.00, real=0.00 secs] 
1118.414: [GC (Allocation Failure) [PSYoungGen: 66416K->1376K(67072K)] 372221K->307181K(716800K), 0.0020501 secs] [Times: user=0.00 sys=0.00, real=0.00 secs] 
1118.687: [GC (Allocation Failure) [PSYoungGen: 66400K->1376K(67072K)] 372205K->307181K(716800K), 0.0020106 secs] [Times: user=0.01 sys=0.00, real=0.00 secs] 
1118.961: [GC (Allocation Failure) [PSYoungGen: 66400K->1344K(67072K)] 372205K->307149K(716800K), 0.0018711 secs] [Times: user=0.00 sys=0.00, real=0.00 secs] 
1119.358: [GC (Allocation Failure) [PSYoungGen: 66368K->1469K(67072K)] 372173K->307274K(716800K), 0.0014938 secs] [Times: user=0.01 sys=0.00, real=0.00 secs] 
1119.753: [GC (Allocation Failure) [PSYoungGen: 66493K->1597K(67072K)] 372298K->307402K(716800K), 0.0016328 secs] [Times: user=0.00 sys=0.00, real=0.00 secs] 
1120.145: [GC (Allocation Failure) [PSYoungGen: 66609K->1517K(67072K)] 372415K->307322K(716800K), 0.0015948 secs] [Times: user=0.01 sys=0.00, real=0.00 secs] 
1120.536: [GC (Allocation Failure) [PSYoungGen: 66541K->1520K(67072K)] 372346K->307349K(716800K), 0.0015817 secs] [Times: user=0.01 sys=0.00, real=0.00 secs] 
1121.243: [GC (Allocation Failure) [PSYoungGen: 66544K->1424K(67072K)] 372373K->307253K(716800K), 0.0021435 secs] [Times: user=0.01 sys=0.00, real=0.00 secs] 
1121.514: [GC (Allocation Failure) [PSYoungGen: 66448K->1344K(67072K)] 372277K->307173K(716800K), 0.0018482 secs] [Times: user=0.00 sys=0.00, real=0.00 secs] 
1121.784: [GC (Allocation Failure) [PSYoungGen: 66368K->1408K(67072K)] 372197K->307237K(716800K), 0.0019484 secs] [Times: user=0.01 sys=0.00, real=0.00 secs] 
1122.054: [GC (Allocation Failure) [PSYoungGen: 66432K->1376K(67072K)] 372261K->307205K(716800K), 0.0019654 secs] [Times: user=0.00 sys=0.00, real=0.00 secs] 
1122.411: [GC (Allocation Failure) [PSYoungGen: 66400K->1469K(67072K)] 372229K->307298K(716800K), 0.0015935 secs] [Times: user=0.01 sys=0.00, real=0.00 secs] 
1122.800: [GC (Allocation Failure) [PSYoungGen: 66465K->1597K(67072K)] 372294K->307426K(716800K), 0.0017249 secs] [Times: user=0.01 sys=0.00, real=0.01 secs] 
1123.190: [GC (Allocation Failure) [PSYoungGen: 66604K->1565K(67072K)] 372434K->307394K(716800K), 0.0015694 secs] [Times: user=0.00 sys=0.00, real=0.00 secs] 
1123.582: [GC (Allocation Failure) [PSYoungGen: 66589K->1517K(67072K)] 372418K->307354K(716800K), 0.0015830 secs] [Times: user=0.00 sys=0.00, real=0.00 secs] 
1123.956: [GC (Allocation Failure) [PSYoungGen: 66541K->1408K(67072K)] 372378K->307245K(716800K), 0.0017126 secs] [Times: user=0.01 sys=0.00, real=0.00 secs] 
1124.281: [GC (Allocation Failure) [PSYoungGen: 66432K->1424K(67072K)] 372269K->307261K(716800K), 0.0016338 secs] [Times: user=0.00 sys=0.00, real=0.00 secs] 
1124.600: [GC (Allocation Failure) [PSYoungGen: 66448K->1408K(67072K)] 372285K->307245K(716800K), 0.0017489 secs] [Times: user=0.01 sys=0.00, real=0.00 secs] 
1124.870: [GC (Allocation Failure) [PSYoungGen: 66432K->1408K(67072K)] 372269K->307245K(716800K), 0.0016606 secs] [Times: user=0.00 sys=0.00, real=0.00 secs] 
1125.291: [GC (Allocation Failure) [PSYoungGen: 66432K->1472K(67072K)] 372269K->307309K(716800K), 0.0015873 secs] [Times: user=0.01 sys=0.00, real=0.00 secs] 
1125.682: [GC (Allocation Failure) [PSYoungGen: 66496K->1520K(67072K)] 372333K->307357K(716800K), 0.0016070 secs] [Times: user=0.00 sys=0.00, real=0.00 secs] 
1126.074: [GC (Allocation Failure) [PSYoungGen: 66544K->1488K(67072K)] 372381K->307325K(716800K), 0.0016199 secs] [Times: user=0.01 sys=0.00, real=0.00 secs] 
1126.469: [GC (Allocation Failure) [PSYoungGen: 66512K->1520K(67072K)] 372349K->307381K(716800K), 0.0016003 secs] [Times: user=0.01 sys=0.00, real=0.01 secs] 
1127.241: [GC (Allocation Failure) [PSYoungGen: 66544K->1424K(67072K)] 372405K->307285K(716800K), 0.0053435 secs] [Times: user=0.02 sys=0.00, real=0.00 secs] 
1127.532: [GC (Allocation Failure) [PSYoungGen: 66448K->1408K(67072K)] 372309K->307269K(716800K), 0.0018954 secs] [Times: user=0.01 sys=0.00, real=0.00 secs] 
1127.801: [GC (Allocation Failure) [PSYoungGen: 66432K->1408K(67072K)] 372293K->307269K(716800K), 0.0017984 secs] [Times: user=0.01 sys=0.00, real=0.00 secs] 
1128.071: [GC (Allocation Failure) [PSYoungGen: 66432K->1392K(67072K)] 372293K->307253K(716800K), 0.0019247 secs] [Times: user=0.01 sys=0.00, real=0.00 secs] 
1128.428: [GC (Allocation Failure) [PSYoungGen: 66416K->1440K(67072K)] 372277K->307301K(716800K), 0.0014020 secs] [Times: user=0.01 sys=0.00, real=0.00 secs] 
1128.885: [GC (Allocation Failure) [PSYoungGen: 66464K->1520K(67072K)] 372325K->307381K(716800K), 0.0016577 secs] [Times: user=0.01 sys=0.00, real=0.00 secs] 
1129.275: [GC (Allocation Failure) [PSYoungGen: 66544K->1520K(67072K)] 372405K->307381K(716800K), 0.0015831 secs] [Times: user=0.00 sys=0.00, real=0.00 secs] 
1129.732: [GC (Allocation Failure) [PSYoungGen: 66544K->1520K(67072K)] 372405K->307389K(716800K), 0.0015978 secs] [Times: user=0.00 sys=0.00, real=0.00 secs] 
1131.365: [GC (Allocation Failure) [PSYoungGen: 66544K->1424K(67072K)] 372413K->307293K(716800K), 0.0046719 secs] [Times: user=0.02 sys=0.00, real=0.00 secs] 
1132.193: [GC (Allocation Failure) [PSYoungGen: 66448K->1408K(67072K)] 372317K->307277K(716800K), 0.0031934 secs] [Times: user=0.02 sys=0.00, real=0.00 secs] 
1132.621: [GC (Allocation Failure) [PSYoungGen: 66432K->1344K(67072K)] 372301K->307213K(716800K), 0.0021640 secs] [Times: user=0.01 sys=0.00, real=0.00 secs] 
1132.883: [GC (Allocation Failure) [PSYoungGen: 66368K->1408K(67072K)] 372237K->307277K(716800K), 0.0019349 secs] [Times: user=0.00 sys=0.00, real=0.00 secs] 
1133.329: [GC (Allocation Failure) [PSYoungGen: 66432K->1437K(67072K)] 372301K->307306K(716800K), 0.0015691 secs] [Times: user=0.01 sys=0.00, real=0.01 secs] 
1133.719: [GC (Allocation Failure) [PSYoungGen: 66461K->1520K(67072K)] 372330K->307389K(716800K), 0.0015399 secs] [Times: user=0.01 sys=0.00, real=0.01 secs] 
1134.110: [GC (Allocation Failure) [PSYoungGen: 66531K->1552K(67072K)] 372401K->307421K(716800K), 0.0015652 secs] [Times: user=0.00 sys=0.00, real=0.00 secs] 
1134.501: [GC (Allocation Failure) [PSYoungGen: 66576K->1533K(67072K)] 372445K->307410K(716800K), 0.0015785 secs] [Times: user=0.00 sys=0.00, real=0.00 secs] 
1134.876: [GC (Allocation Failure) [PSYoungGen: 66557K->1488K(67072K)] 372434K->307365K(716800K), 0.0018048 secs] [Times: user=0.01 sys=0.00, real=0.00 secs] 
1135.273: [GC (Allocation Failure) [PSYoungGen: 66512K->1376K(67072K)] 372389K->307253K(716800K), 0.0021970 secs] [Times: user=0.01 sys=0.00, real=0.00 secs] 
1135.848: [GC (Allocation Failure) [PSYoungGen: 66400K->1392K(67072K)] 372277K->307269K(716800K), 0.0033414 secs] [Times: user=0.01 sys=0.00, real=0.01 secs] 
1136.638: [GC (Allocation Failure) [PSYoungGen: 66416K->1408K(67072K)] 372293K->307285K(716800K), 0.0036519 secs] [Times: user=0.02 sys=0.00, real=0.01 secs] 
1137.468: [GC (Allocation Failure) [PSYoungGen: 66432K->1456K(67072K)] 372309K->307333K(716800K), 0.0019448 secs] [Times: user=0.01 sys=0.00, real=0.01 secs] 
1137.873: [GC (Allocation Failure) [PSYoungGen: 66480K->1469K(67072K)] 372357K->307346K(716800K), 0.0015980 secs] [Times: user=0.01 sys=0.00, real=0.00 secs] 
1138.264: [GC (Allocation Failure) [PSYoungGen: 66472K->1485K(67072K)] 372349K->307362K(716800K), 0.0016615 secs] [Times: user=0.01 sys=0.00, real=0.00 secs] 
1138.655: [GC (Allocation Failure) [PSYoungGen: 66506K->1469K(67072K)] 372383K->307370K(716800K), 0.0017529 secs] [Times: user=0.00 sys=0.00, real=0.00 secs] 
1138.993: [GC (Allocation Failure) [PSYoungGen: 66493K->1440K(67072K)] 372394K->307341K(716800K), 0.0016808 secs] [Times: user=0.01 sys=0.00, real=0.00 secs] 
1139.309: [GC (Allocation Failure) [PSYoungGen: 66464K->1376K(67072K)] 372365K->307277K(716800K), 0.0018365 secs] [Times: user=0.01 sys=0.00, real=0.01 secs] 
1139.736: [GC (Allocation Failure) [PSYoungGen: 66400K->1344K(67072K)] 372301K->307245K(716800K), 0.0018120 secs] [Times: user=0.01 sys=0.00, real=0.00 secs] 
1140.575: [GC (Allocation Failure) [PSYoungGen: 66368K->1344K(67072K)] 372269K->307245K(716800K), 0.0024622 secs] [Times: user=0.01 sys=0.00, real=0.00 secs] 
1141.438: [GC (Allocation Failure) [PSYoungGen: 66368K->1501K(67072K)] 372269K->307402K(716800K), 0.0022131 secs] [Times: user=0.01 sys=0.00, real=0.01 secs] 
1141.883: [GC (Allocation Failure) [PSYoungGen: 66525K->1517K(67072K)] 372426K->307418K(716800K), 0.0016009 secs] [Times: user=0.00 sys=0.00, real=0.00 secs] 
1142.274: [GC (Allocation Failure) [PSYoungGen: 66526K->1517K(67072K)] 372428K->307418K(716800K), 0.0016144 secs] [Times: user=0.01 sys=0.00, real=0.00 secs] 
1142.669: [GC (Allocation Failure) [PSYoungGen: 66541K->1501K(67072K)] 372442K->307426K(716800K), 0.0015729 secs] [Times: user=0.00 sys=0.00, real=0.01 secs] 
1143.058: [GC (Allocation Failure) [PSYoungGen: 66525K->1456K(67072K)] 372450K->307381K(716800K), 0.0023739 secs] [Times: user=0.01 sys=0.00, real=0.01 secs] 
1143.364: [GC (Allocation Failure) [PSYoungGen: 66480K->1360K(67072K)] 372405K->307285K(716800K), 0.0020610 secs] [Times: user=0.01 sys=0.00, real=0.00 secs] 
1143.659: [GC (Allocation Failure) [PSYoungGen: 66384K->1408K(67072K)] 372309K->307333K(716800K), 0.0020048 secs] [Times: user=0.01 sys=0.00, real=0.01 secs] 
1143.947: [GC (Allocation Failure) [PSYoungGen: 66432K->1376K(67072K)] 372357K->307301K(716800K), 0.0017404 secs] [Times: user=0.01 sys=0.00, real=0.00 secs] 
1144.531: [GC (Allocation Failure) [PSYoungGen: 66400K->1424K(67072K)] 372325K->307349K(716800K), 0.0019201 secs] [Times: user=0.00 sys=0.00, real=0.00 secs] 
1144.935: [GC (Allocation Failure) [PSYoungGen: 66448K->1565K(67072K)] 372373K->307490K(716800K), 0.0016537 secs] [Times: user=0.01 sys=0.00, real=0.00 secs] 
1145.327: [GC (Allocation Failure) [PSYoungGen: 66589K->1485K(67072K)] 372514K->307410K(716800K), 0.0015860 secs] [Times: user=0.01 sys=0.00, real=0.00 secs] 
1145.718: [GC (Allocation Failure) [PSYoungGen: 66509K->1517K(67072K)] 372434K->307458K(716800K), 0.0015570 secs] [Times: user=0.00 sys=0.00, real=0.00 secs] 
1146.410: [GC (Allocation Failure) [PSYoungGen: 66541K->1488K(67072K)] 372482K->307429K(716800K), 0.0018533 secs] [Times: user=0.01 sys=0.00, real=0.01 secs] 
1146.987: [GC (Allocation Failure) [PSYoungGen: 66512K->1376K(67072K)] 372453K->307317K(716800K), 0.0020131 secs] [Times: user=0.01 sys=0.00, real=0.00 secs] 
1147.340: [GC (Allocation Failure) [PSYoungGen: 66400K->1376K(67072K)] 372341K->307317K(716800K), 0.0020083 secs] [Times: user=0.01 sys=0.00, real=0.01 secs] 
1147.610: [GC (Allocation Failure) [PSYoungGen: 66400K->1376K(67072K)] 372341K->307333K(716800K), 0.0018077 secs] [Times: user=0.00 sys=0.01, real=0.00 secs] 
1147.924: [GC (Allocation Failure) [PSYoungGen: 66400K->1437K(67072K)] 372357K->307394K(716800K), 0.0018443 secs] [Times: user=0.01 sys=0.00, real=0.00 secs] 
1148.324: [GC (Allocation Failure) [PSYoungGen: 66461K->1520K(67072K)] 372418K->307477K(716800K), 0.0015746 secs] [Times: user=0.01 sys=0.00, real=0.00 secs] 
1148.715: [GC (Allocation Failure) [PSYoungGen: 66526K->1552K(67072K)] 372484K->307509K(716800K), 0.0016326 secs] [Times: user=0.00 sys=0.00, real=0.00 secs] 
1149.106: [GC (Allocation Failure) [PSYoungGen: 66575K->1501K(67072K)] 372533K->307474K(716800K), 0.0015997 secs] [Times: user=0.01 sys=0.00, real=0.00 secs] 
1149.915: [GC (Allocation Failure) [PSYoungGen: 66525K->1392K(67072K)] 372498K->307365K(716800K), 0.0032108 secs] [Times: user=0.01 sys=0.00, real=0.00 secs] 
1150.539: [GC (Allocation Failure) [PSYoungGen: 66416K->1360K(67072K)] 372389K->307333K(716800K), 0.0026488 secs] [Times: user=0.01 sys=0.00, real=0.01 secs] 
1151.268: [GC (Allocation Failure) [PSYoungGen: 66384K->1376K(67072K)] 372357K->307349K(716800K), 0.0023335 secs] [Times: user=0.01 sys=0.00, real=0.01 secs] 
1151.825: [GC (Allocation Failure) [PSYoungGen: 66400K->1408K(67072K)] 372373K->307381K(716800K), 0.0025686 secs] [Times: user=0.01 sys=0.00, real=0.00 secs] 
1152.453: [GC (Allocation Failure) [PSYoungGen: 66432K->320K(67072K)] 372405K->306293K(716800K), 0.0020762 secs] [Times: user=0.01 sys=0.00, real=0.00 secs] 
1152.884: [GC (Allocation Failure) [PSYoungGen: 65344K->1520K(67072K)] 371317K->307493K(716800K), 0.0016357 secs] [Times: user=0.00 sys=0.00, real=0.00 secs] 
1153.276: [GC (Allocation Failure) [PSYoungGen: 66544K->1552K(67072K)] 372517K->307525K(716800K), 0.0016064 secs] [Times: user=0.01 sys=0.00, real=0.00 secs] 
1153.667: [GC (Allocation Failure) [PSYoungGen: 66560K->1520K(67072K)] 372534K->307501K(716800K), 0.0015673 secs] [Times: user=0.00 sys=0.00, real=0.00 secs] 
1154.053: [GC (Allocation Failure) [PSYoungGen: 66544K->1504K(67072K)] 372525K->307485K(716800K), 0.0018214 secs] [Times: user=0.00 sys=0.00, real=0.00 secs] 
1154.323: [GC (Allocation Failure) [PSYoungGen: 66528K->1376K(67072K)] 372509K->307357K(716800K), 0.0017574 secs] [Times: user=0.00 sys=0.00, real=0.00 secs] 
1154.595: [GC (Allocation Failure) [PSYoungGen: 66400K->1344K(67072K)] 372381K->307325K(716800K), 0.0026227 secs] [Times: user=0.00 sys=0.00, real=0.00 secs] 
1154.866: [GC (Allocation Failure) [PSYoungGen: 66368K->1344K(67072K)] 372349K->307325K(716800K), 0.0021328 secs] [Times: user=0.01 sys=0.00, real=0.00 secs] 
1155.138: [GC (Allocation Failure) [PSYoungGen: 66368K->1328K(67072K)] 372349K->307309K(716800K), 0.0023084 secs] [Times: user=0.01 sys=0.00, real=0.01 secs] 
1155.569: [GC (Allocation Failure) [PSYoungGen: 66352K->1520K(67072K)] 372333K->307501K(716800K), 0.0015913 secs] [Times: user=0.01 sys=0.00, real=0.01 secs] 
1155.962: [GC (Allocation Failure) [PSYoungGen: 66544K->1549K(67072K)] 372525K->307530K(716800K), 0.0015901 secs] [Times: user=0.00 sys=0.00, real=0.00 secs] 
1156.355: [GC (Allocation Failure) [PSYoungGen: 66573K->1520K(67072K)] 372554K->307509K(716800K), 0.0016189 secs] [Times: user=0.01 sys=0.00, real=0.00 secs] 
1156.916: [GC (Allocation Failure) [PSYoungGen: 66544K->1440K(67072K)] 372533K->307429K(716800K), 0.0020101 secs] [Times: user=0.01 sys=0.00, real=0.00 secs] 
1157.873: [GC (Allocation Failure) [PSYoungGen: 66464K->1376K(67072K)] 372453K->307389K(716800K), 0.0089452 secs] [Times: user=0.04 sys=0.00, real=0.01 secs] 
1158.489: [GC (Allocation Failure) [PSYoungGen: 66400K->1344K(67072K)] 372413K->307357K(716800K), 0.0026419 secs] [Times: user=0.01 sys=0.00, real=0.01 secs] 
1158.779: [GC (Allocation Failure) [PSYoungGen: 66368K->1376K(67072K)] 372381K->307397K(716800K), 0.0019787 secs] [Times: user=0.01 sys=0.00, real=0.01 secs] 
1159.050: [GC (Allocation Failure) [PSYoungGen: 66400K->1344K(67072K)] 372421K->307365K(716800K), 0.0017934 secs] [Times: user=0.01 sys=0.00, real=0.01 secs] 
1159.475: [GC (Allocation Failure) [PSYoungGen: 66368K->1552K(67072K)] 372389K->307573K(716800K), 0.0016287 secs] [Times: user=0.01 sys=0.00, real=0.00 secs] 
1159.864: [GC (GCLocker Initiated GC) [PSYoungGen: 66576K->1533K(67072K)] 372597K->307554K(716800K), 0.0016422 secs] [Times: user=0.01 sys=0.01, real=0.00 secs] 
1160.256: [GC (Allocation Failure) [PSYoungGen: 66557K->1392K(67072K)] 372836K->307687K(716800K), 0.0016002 secs] [Times: user=0.01 sys=0.00, real=0.00 secs] 
1160.720: [GC (Allocation Failure) [PSYoungGen: 66416K->1536K(67072K)] 372711K->307831K(716800K), 0.0018510 secs] [Times: user=0.01 sys=0.00, real=0.01 secs] 
1161.627: [GC (Allocation Failure) [PSYoungGen: 66560K->1408K(67072K)] 372855K->307703K(716800K), 0.0023156 secs] [Times: user=0.01 sys=0.00, real=0.00 secs] 
1162.459: [GC (Allocation Failure) [PSYoungGen: 66432K->1408K(67072K)] 372727K->307703K(716800K), 0.0027036 secs] [Times: user=0.01 sys=0.00, real=0.01 secs] 
1163.220: [GC (Allocation Failure) [PSYoungGen: 66432K->1408K(67072K)] 372727K->307703K(716800K), 0.0032263 secs] [Times: user=0.01 sys=0.00, real=0.01 secs] 
1164.096: [GC (Allocation Failure) [PSYoungGen: 66432K->1440K(67072K)] 372727K->307735K(716800K), 0.0044172 secs] [Times: user=0.02 sys=0.00, real=0.00 secs] 
1164.731: [GC (Allocation Failure) [PSYoungGen: 66464K->1597K(67072K)] 372759K->307892K(716800K), 0.0016857 secs] [Times: user=0.01 sys=0.00, real=0.00 secs] 
1165.122: [GC (Allocation Failure) [PSYoungGen: 66621K->1616K(67072K)] 372916K->307911K(716800K), 0.0016157 secs] [Times: user=0.01 sys=0.00, real=0.00 secs] 
1165.512: [GC (Allocation Failure) [PSYoungGen: 66640K->1597K(67072K)] 372935K->307908K(716800K), 0.0015716 secs] [Times: user=0.01 sys=0.00, real=0.00 secs] 
1165.985: [GC (Allocation Failure) [PSYoungGen: 66621K->2032K(67072K)] 372932K->308359K(716800K), 0.0020843 secs] [Times: user=0.01 sys=0.00, real=0.00 secs] 
1166.503: [GC (Allocation Failure) [PSYoungGen: 67056K->1472K(67072K)] 373383K->307799K(716800K), 0.0019011 secs] [Times: user=0.00 sys=0.00, real=0.00 secs] 
1166.808: [GC (Allocation Failure) [PSYoungGen: 66496K->1408K(67072K)] 372823K->307735K(716800K), 0.0025553 secs] [Times: user=0.01 sys=0.00, real=0.01 secs] 
1167.094: [GC (Allocation Failure) [PSYoungGen: 66432K->1440K(67072K)] 372759K->307767K(716800K), 0.0019765 secs] [Times: user=0.01 sys=0.00, real=0.00 secs] 
1167.362: [GC (Allocation Failure) [PSYoungGen: 66464K->1408K(67072K)] 372791K->307775K(716800K), 0.0017814 secs] [Times: user=0.01 sys=0.00, real=0.00 secs] 
1167.774: [GC (Allocation Failure) [PSYoungGen: 66432K->1520K(67072K)] 372799K->307887K(716800K), 0.0017351 secs] [Times: user=0.01 sys=0.00, real=0.00 secs] 
1168.172: [GC (Allocation Failure) [PSYoungGen: 66544K->1517K(67072K)] 372911K->307892K(716800K), 0.0015640 secs] [Times: user=0.00 sys=0.00, real=0.00 secs] 
1168.564: [GC (Allocation Failure) [PSYoungGen: 66534K->1533K(67072K)] 372909K->307932K(716800K), 0.0016008 secs] [Times: user=0.01 sys=0.00, real=0.00 secs] 
1169.049: [GC (Allocation Failure) [PSYoungGen: 66557K->1552K(67072K)] 372956K->307967K(716800K), 0.0021560 secs] [Times: user=0.01 sys=0.00, real=0.01 secs] 
1169.459: [GC (Allocation Failure) [PSYoungGen: 66576K->1408K(67072K)] 372991K->307823K(716800K), 0.0018351 secs] [Times: user=0.00 sys=0.00, real=0.01 secs] 
1169.740: [GC (Allocation Failure) [PSYoungGen: 66432K->1376K(67072K)] 372847K->307791K(716800K), 0.0025184 secs] [Times: user=0.01 sys=0.00, real=0.01 secs] 
1170.011: [GC (Allocation Failure) [PSYoungGen: 66400K->1376K(67072K)] 372815K->307791K(716800K), 0.0024457 secs] [Times: user=0.01 sys=0.00, real=0.00 secs] 
1170.304: [GC (Allocation Failure) [PSYoungGen: 66400K->1376K(67072K)] 372815K->307791K(716800K), 0.0020303 secs] [Times: user=0.01 sys=0.00, real=0.00 secs] 
1170.737: [GC (Allocation Failure) [PSYoungGen: 66400K->1488K(67072K)] 372815K->307903K(716800K), 0.0015483 secs] [Times: user=0.01 sys=0.00, real=0.00 secs] 
1171.127: [GC (Allocation Failure) [PSYoungGen: 66512K->1488K(67072K)] 372927K->307903K(716800K), 0.0015744 secs] [Times: user=0.01 sys=0.00, real=0.00 secs] 
1171.521: [GC (Allocation Failure) [PSYoungGen: 66512K->1597K(67072K)] 372927K->308020K(716800K), 0.0017927 secs] [Times: user=0.01 sys=0.00, real=0.00 secs] 
1171.916: [GC (Allocation Failure) [PSYoungGen: 66606K->1533K(67072K)] 373029K->307956K(716800K), 0.0016034 secs] [Times: user=0.01 sys=0.00, real=0.00 secs] 
1172.935: [GC (Allocation Failure) [PSYoungGen: 66557K->1440K(67072K)] 372980K->307863K(716800K), 0.0021501 secs] [Times: user=0.01 sys=0.00, real=0.00 secs] 
1173.244: [GC (Allocation Failure) [PSYoungGen: 66464K->1344K(67072K)] 372887K->307767K(716800K), 0.0019994 secs] [Times: user=0.00 sys=0.00, real=0.00 secs] 
1173.515: [GC (Allocation Failure) [PSYoungGen: 66368K->1344K(67072K)] 372791K->307767K(716800K), 0.0021026 secs] [Times: user=0.01 sys=0.00, real=0.00 secs] 
1173.786: [GC (Allocation Failure) [PSYoungGen: 66368K->1408K(67072K)] 372791K->307831K(716800K), 0.0025868 secs] [Times: user=0.01 sys=0.00, real=0.00 secs] 
1174.210: [GC (Allocation Failure) [PSYoungGen: 66432K->1536K(67072K)] 372855K->307959K(716800K), 0.0015863 secs] [Times: user=0.01 sys=0.00, real=0.00 secs] 
1174.602: [GC (Allocation Failure) [PSYoungGen: 66560K->1552K(67072K)] 372983K->307975K(716800K), 0.0016743 secs] [Times: user=0.01 sys=0.00, real=0.00 secs] 
1175.058: [GC (Allocation Failure) [PSYoungGen: 66576K->1533K(67072K)] 372999K->307972K(716800K), 0.0016761 secs] [Times: user=0.00 sys=0.00, real=0.00 secs] 
1175.508: [GC (Allocation Failure) [PSYoungGen: 66557K->1520K(67072K)] 372996K->307959K(716800K), 0.0018435 secs] [Times: user=0.01 sys=0.00, real=0.00 secs] 
1176.206: [GC (Allocation Failure) [PSYoungGen: 66544K->1408K(67072K)] 372983K->307847K(716800K), 0.0025389 secs] [Times: user=0.01 sys=0.00, real=0.00 secs] 
1176.528: [GC (Allocation Failure) [PSYoungGen: 66432K->1376K(67072K)] 372871K->307815K(716800K), 0.0020026 secs] [Times: user=0.00 sys=0.00, real=0.00 secs] 
1176.954: [GC (Allocation Failure) [PSYoungGen: 66400K->1376K(67072K)] 372839K->307815K(716800K), 0.0020650 secs] [Times: user=0.01 sys=0.00, real=0.00 secs] 
1177.371: [GC (Allocation Failure) [PSYoungGen: 66400K->1376K(67072K)] 372839K->307815K(716800K), 0.0019900 secs] [Times: user=0.01 sys=0.00, real=0.00 secs] 
1177.974: [GC (Allocation Failure) [PSYoungGen: 66400K->1517K(67072K)] 372839K->307980K(716800K), 0.0016061 secs] [Times: user=0.00 sys=0.00, real=0.00 secs] 
1178.370: [GC (Allocation Failure) [PSYoungGen: 66541K->1552K(67072K)] 373004K->308015K(716800K), 0.0015729 secs] [Times: user=0.01 sys=0.00, real=0.00 secs] 
1178.765: [GC (Allocation Failure) [PSYoungGen: 66576K->1616K(67072K)] 373039K->308079K(716800K), 0.0017632 secs] [Times: user=0.00 sys=0.00, real=0.00 secs] 
1179.215: [GC (Allocation Failure) [PSYoungGen: 66640K->1552K(67072K)] 373103K->308023K(716800K), 0.0017549 secs] [Times: user=0.01 sys=0.00, real=0.00 secs] 
1179.877: [GC (Allocation Failure) [PSYoungGen: 66576K->1408K(67072K)] 373047K->307879K(716800K), 0.0021366 secs] [Times: user=0.01 sys=0.00, real=0.00 secs] 
1180.185: [GC (Allocation Failure) [PSYoungGen: 66432K->1408K(67072K)] 372903K->307879K(716800K), 0.0019429 secs] [Times: user=0.01 sys=0.00, real=0.00 secs] 
1180.742: [GC (Allocation Failure) [PSYoungGen: 66432K->1376K(67072K)] 372903K->307847K(716800K), 0.0020970 secs] [Times: user=0.01 sys=0.00, real=0.00 secs] 
1181.292: [GC (Allocation Failure) [PSYoungGen: 66400K->1360K(67072K)] 372871K->307839K(716800K), 0.0025438 secs] [Times: user=0.01 sys=0.00, real=0.00 secs] 
1181.885: [GC (Allocation Failure) [PSYoungGen: 66384K->1501K(67072K)] 372863K->307980K(716800K), 0.0017145 secs] [Times: user=0.01 sys=0.00, real=0.00 secs] 
1182.276: [GC (Allocation Failure) [PSYoungGen: 66525K->1552K(67072K)] 373004K->308031K(716800K), 0.0015529 secs] [Times: user=0.00 sys=0.00, real=0.00 secs] 
1182.668: [GC (Allocation Failure) [PSYoungGen: 66576K->1533K(67072K)] 373055K->308012K(716800K), 0.0017048 secs] [Times: user=0.01 sys=0.00, real=0.00 secs] 
1183.058: [GC (Allocation Failure) [PSYoungGen: 66557K->1552K(67072K)] 373036K->308039K(716800K), 0.0016267 secs] [Times: user=0.01 sys=0.00, real=0.00 secs] 
1183.399: [GC (Allocation Failure) [PSYoungGen: 66576K->1376K(67072K)] 373063K->307863K(716800K), 0.0018180 secs] [Times: user=0.00 sys=0.00, real=0.01 secs] 
1183.670: [GC (Allocation Failure) [PSYoungGen: 66400K->1408K(67072K)] 372887K->307895K(716800K), 0.0017167 secs] [Times: user=0.01 sys=0.00, real=0.01 secs] 
1183.968: [GC (Allocation Failure) [PSYoungGen: 66432K->1408K(67072K)] 372919K->307895K(716800K), 0.0021957 secs] [Times: user=0.01 sys=0.00, real=0.01 secs] 
1184.293: [GC (Allocation Failure) [PSYoungGen: 66432K->1408K(67072K)] 372919K->307895K(716800K), 0.0022571 secs] [Times: user=0.01 sys=0.00, real=0.00 secs] 
1184.681: [GC (Allocation Failure) [PSYoungGen: 66432K->1504K(67072K)] 372919K->307991K(716800K), 0.0017460 secs] [Times: user=0.00 sys=0.00, real=0.00 secs] 
1185.075: [GC (Allocation Failure) [PSYoungGen: 66528K->1552K(67072K)] 373015K->308039K(716800K), 0.0016398 secs] [Times: user=0.01 sys=0.00, real=0.00 secs] 
1185.537: [GC (Allocation Failure) [PSYoungGen: 66576K->1549K(67072K)] 373063K->308036K(716800K), 0.0016340 secs] [Times: user=0.00 sys=0.00, real=0.00 secs] 
1185.989: [GC (Allocation Failure) [PSYoungGen: 66573K->1552K(67072K)] 373060K->308047K(716800K), 0.0015936 secs] [Times: user=0.01 sys=0.00, real=0.01 secs] 
1188.132: [GC (Allocation Failure) [PSYoungGen: 66576K->1408K(67072K)] 373071K->307911K(716800K), 0.0045968 secs] [Times: user=0.02 sys=0.00, real=0.00 secs] 
1188.995: [GC (Allocation Failure) [PSYoungGen: 66432K->1376K(67072K)] 372935K->307879K(716800K), 0.0024005 secs] [Times: user=0.01 sys=0.00, real=0.00 secs] 
1189.285: [GC (Allocation Failure) [PSYoungGen: 66400K->1376K(67072K)] 372903K->307903K(716800K), 0.0026343 secs] [Times: user=0.01 sys=0.00, real=0.00 secs] 
1189.595: [GC (Allocation Failure) [PSYoungGen: 66400K->1408K(67072K)] 372927K->307935K(716800K), 0.0019313 secs] [Times: user=0.01 sys=0.00, real=0.00 secs] 
1189.959: [GC (Allocation Failure) [PSYoungGen: 66432K->1504K(67072K)] 372959K->308031K(716800K), 0.0016864 secs] [Times: user=0.00 sys=0.00, real=0.01 secs] 
1190.350: [GC (Allocation Failure) [PSYoungGen: 66528K->1552K(67072K)] 373055K->308079K(716800K), 0.0015864 secs] [Times: user=0.00 sys=0.00, real=0.00 secs] 
1190.742: [GC (Allocation Failure) [PSYoungGen: 66576K->1565K(67072K)] 373103K->308092K(716800K), 0.0015039 secs] [Times: user=0.01 sys=0.00, real=0.00 secs] 
1191.134: [GC (Allocation Failure) [PSYoungGen: 66589K->1584K(67072K)] 373116K->308119K(716800K), 0.0015936 secs] [Times: user=0.01 sys=0.00, real=0.00 secs] 
1191.479: [GC (Allocation Failure) [PSYoungGen: 66608K->1376K(67072K)] 373143K->307911K(716800K), 0.0017181 secs] [Times: user=0.01 sys=0.00, real=0.01 secs] 
1191.757: [GC (Allocation Failure) [PSYoungGen: 66400K->1376K(67072K)] 372935K->307911K(716800K), 0.0017364 secs] [Times: user=0.00 sys=0.00, real=0.00 secs] 
1192.084: [GC (Allocation Failure) [PSYoungGen: 66400K->1408K(67072K)] 372935K->307943K(716800K), 0.0023090 secs] [Times: user=0.01 sys=0.00, real=0.00 secs] 
1192.378: [GC (Allocation Failure) [PSYoungGen: 66432K->1392K(67072K)] 372967K->307927K(716800K), 0.0019938 secs] [Times: user=0.00 sys=0.00, real=0.00 secs] 
1192.768: [GC (Allocation Failure) [PSYoungGen: 66416K->1485K(67072K)] 372951K->308020K(716800K), 0.0015908 secs] [Times: user=0.01 sys=0.00, real=0.00 secs] 
1193.221: [GC (Allocation Failure) [PSYoungGen: 66509K->1552K(67072K)] 373044K->308087K(716800K), 0.0016562 secs] [Times: user=0.00 sys=0.00, real=0.00 secs] 
1193.611: [GC (Allocation Failure) [PSYoungGen: 66576K->1520K(67072K)] 373111K->308055K(716800K), 0.0016467 secs] [Times: user=0.01 sys=0.00, real=0.00 secs] 
1194.002: [GC (Allocation Failure) [PSYoungGen: 66540K->1520K(67072K)] 373075K->308079K(716800K), 0.0016127 secs] [Times: user=0.00 sys=0.00, real=0.00 secs] 
1194.351: [GC (Allocation Failure) [PSYoungGen: 66544K->1392K(67072K)] 373103K->307951K(716800K), 0.0025430 secs] [Times: user=0.01 sys=0.00, real=0.00 secs] 
1194.622: [GC (Allocation Failure) [PSYoungGen: 66416K->1408K(67072K)] 372975K->307967K(716800K), 0.0020937 secs] [Times: user=0.01 sys=0.00, real=0.00 secs] 
1194.892: [GC (Allocation Failure) [PSYoungGen: 66432K->1408K(67072K)] 372991K->307967K(716800K), 0.0019435 secs] [Times: user=0.01 sys=0.00, real=0.00 secs] 
1195.162: [GC (Allocation Failure) [PSYoungGen: 66432K->1376K(67072K)] 372991K->307935K(716800K), 0.0018129 secs] [Times: user=0.01 sys=0.01, real=0.00 secs] 
1195.508: [GC (Allocation Failure) [PSYoungGen: 66400K->1408K(67072K)] 372959K->307967K(716800K), 0.0016064 secs] [Times: user=0.01 sys=0.00, real=0.00 secs] 
1195.899: [GC (Allocation Failure) [PSYoungGen: 66432K->1552K(67072K)] 372991K->308111K(716800K), 0.0016201 secs] [Times: user=0.00 sys=0.00, real=0.00 secs] 
1196.349: [GC (Allocation Failure) [PSYoungGen: 66576K->1552K(67072K)] 373135K->308135K(716800K), 0.0016293 secs] [Times: user=0.01 sys=0.00, real=0.01 secs] 
1196.810: [GC (Allocation Failure) [PSYoungGen: 66576K->1533K(67072K)] 373159K->308124K(716800K), 0.0016326 secs] [Times: user=0.01 sys=0.00, real=0.00 secs] 
1197.482: [GC (Allocation Failure) [PSYoungGen: 66557K->1424K(67072K)] 373148K->308015K(716800K), 0.0031085 secs] [Times: user=0.02 sys=0.00, real=0.00 secs] 
1198.066: [GC (Allocation Failure) [PSYoungGen: 66448K->1328K(67072K)] 373039K->307919K(716800K), 0.0024276 secs] [Times: user=0.01 sys=0.00, real=0.00 secs] 
1198.613: [GC (Allocation Failure) [PSYoungGen: 66352K->1376K(67072K)] 372943K->307967K(716800K), 0.0021947 secs] [Times: user=0.01 sys=0.00, real=0.00 secs] 
1198.887: [GC (Allocation Failure) [PSYoungGen: 66400K->1344K(67072K)] 372991K->307935K(716800K), 0.0016378 secs] [Times: user=0.01 sys=0.00, real=0.00 secs] 
1199.260: [GC (Allocation Failure) [PSYoungGen: 66368K->1437K(67072K)] 372959K->308028K(716800K), 0.0015677 secs] [Times: user=0.01 sys=0.00, real=0.00 secs] 
1199.651: [GC (Allocation Failure) [PSYoungGen: 66461K->1584K(67072K)] 373052K->308175K(716800K), 0.0017416 secs] [Times: user=0.01 sys=0.00, real=0.00 secs] 
1200.103: [GC (Allocation Failure) [PSYoungGen: 66608K->1520K(67072K)] 373199K->308111K(716800K), 0.0015667 secs] [Times: user=0.01 sys=0.00, real=0.00 secs] 
1200.495: [GC (Allocation Failure) [PSYoungGen: 66544K->1485K(67072K)] 373135K->308084K(716800K), 0.0015908 secs] [Times: user=0.00 sys=0.00, real=0.00 secs] 
1201.241: [GC (Allocation Failure) [PSYoungGen: 66509K->1424K(67072K)] 373108K->308031K(716800K), 0.0045883 secs] [Times: user=0.02 sys=0.00, real=0.00 secs] 
1201.827: [GC (Allocation Failure) [PSYoungGen: 66448K->1440K(67072K)] 373055K->308047K(716800K), 0.0029130 secs] [Times: user=0.01 sys=0.00, real=0.00 secs] 
1202.210: [GC (Allocation Failure) [PSYoungGen: 66464K->1408K(67072K)] 373071K->308015K(716800K), 0.0019646 secs] [Times: user=0.01 sys=0.00, real=0.01 secs] 
1202.486: [GC (Allocation Failure) [PSYoungGen: 66432K->1440K(67072K)] 373039K->308055K(716800K), 0.0017701 secs] [Times: user=0.01 sys=0.00, real=0.00 secs] 
1202.880: [GC (Allocation Failure) [PSYoungGen: 66464K->1501K(67072K)] 373079K->308116K(716800K), 0.0015840 secs] [Times: user=0.00 sys=0.00, real=0.01 secs] 
1203.271: [GC (Allocation Failure) [PSYoungGen: 66497K->1552K(67072K)] 373112K->308167K(716800K), 0.0015829 secs] [Times: user=0.01 sys=0.00, real=0.00 secs] 
1203.662: [GC (Allocation Failure) [PSYoungGen: 66576K->1565K(67072K)] 373191K->308180K(716800K), 0.0016085 secs] [Times: user=0.01 sys=0.00, real=0.00 secs] 
1204.054: [GC (Allocation Failure) [PSYoungGen: 66589K->1616K(67072K)] 373204K->308239K(716800K), 0.0017756 secs] [Times: user=0.01 sys=0.00, real=0.00 secs] 
1205.494: [GC (Allocation Failure) [PSYoungGen: 66640K->1520K(67072K)] 373263K->308143K(716800K), 0.0022156 secs] [Times: user=0.01 sys=0.00, real=0.00 secs] 
1205.799: [GC (Allocation Failure) [PSYoungGen: 66544K->1440K(67072K)] 373167K->308063K(716800K), 0.0020015 secs] [Times: user=0.01 sys=0.00, real=0.01 secs] 
1206.069: [GC (Allocation Failure) [PSYoungGen: 66464K->1456K(67072K)] 373087K->308079K(716800K), 0.0019806 secs] [Times: user=0.01 sys=0.00, real=0.01 secs] 
1206.391: [GC (Allocation Failure) [PSYoungGen: 66480K->1408K(67072K)] 373103K->308031K(716800K), 0.0018636 secs] [Times: user=0.01 sys=0.00, real=0.00 secs] 
1206.811: [GC (Allocation Failure) [PSYoungGen: 66432K->1485K(67072K)] 373055K->308108K(716800K), 0.0014893 secs] [Times: user=0.00 sys=0.00, real=0.00 secs] 
1207.282: [GC (Allocation Failure) [PSYoungGen: 66509K->1552K(67072K)] 373132K->308175K(716800K), 0.0016948 secs] [Times: user=0.01 sys=0.00, real=0.00 secs] 
1207.673: [GC (Allocation Failure) [PSYoungGen: 66576K->1520K(67072K)] 373199K->308143K(716800K), 0.0016724 secs] [Times: user=0.01 sys=0.01, real=0.00 secs] 
1208.064: [GC (Allocation Failure) [PSYoungGen: 66544K->1552K(67072K)] 373167K->308207K(716800K), 0.0015428 secs] [Times: user=0.01 sys=0.00, real=0.00 secs] 
1208.660: [GC (Allocation Failure) [PSYoungGen: 66576K->1424K(67072K)] 373231K->308079K(716800K), 0.0041208 secs] [Times: user=0.02 sys=0.01, real=0.00 secs] 
1209.198: [GC (Allocation Failure) [PSYoungGen: 66448K->1312K(67072K)] 373103K->307975K(716800K), 0.0025066 secs] [Times: user=0.01 sys=0.00, real=0.01 secs] 
1209.660: [GC (Allocation Failure) [PSYoungGen: 66336K->1376K(67072K)] 372999K->308039K(716800K), 0.0018951 secs] [Times: user=0.01 sys=0.00, real=0.00 secs] 
1210.295: [GC (Allocation Failure) [PSYoungGen: 66400K->1344K(67072K)] 373063K->308007K(716800K), 0.0021932 secs] [Times: user=0.01 sys=0.00, real=0.00 secs] 
1210.819: [GC (Allocation Failure) [PSYoungGen: 66368K->1456K(67072K)] 373031K->308119K(716800K), 0.0017153 secs] [Times: user=0.00 sys=0.00, real=0.01 secs] 
1211.223: [GC (Allocation Failure) [PSYoungGen: 66480K->1533K(67072K)] 373143K->308196K(716800K), 0.0016581 secs] [Times: user=0.00 sys=0.00, real=0.00 secs] 
1211.613: [GC (Allocation Failure) [PSYoungGen: 66557K->1597K(67072K)] 373220K->308268K(716800K), 0.0016630 secs] [Times: user=0.01 sys=0.00, real=0.00 secs] 
1212.009: [GC (Allocation Failure) [PSYoungGen: 66621K->1533K(67072K)] 373292K->308212K(716800K), 0.0024988 secs] [Times: user=0.01 sys=0.00, real=0.01 secs] 
1212.718: [GC (Allocation Failure) [PSYoungGen: 66557K->1472K(67072K)] 373236K->308151K(716800K), 0.0020187 secs] [Times: user=0.01 sys=0.00, real=0.00 secs] 
1212.989: [GC (Allocation Failure) [PSYoungGen: 66496K->1408K(67072K)] 373175K->308087K(716800K), 0.0018678 secs] [Times: user=0.01 sys=0.00, real=0.01 secs] 
1213.400: [GC (Allocation Failure) [PSYoungGen: 66432K->1376K(67072K)] 373111K->308055K(716800K), 0.0019378 secs] [Times: user=0.01 sys=0.00, real=0.01 secs] 
1214.036: [GC (Allocation Failure) [PSYoungGen: 66400K->1408K(67072K)] 373079K->308087K(716800K), 0.0019550 secs] [Times: user=0.01 sys=0.00, real=0.00 secs] 
1214.610: [GC (Allocation Failure) [PSYoungGen: 66432K->1469K(67072K)] 373111K->308148K(716800K), 0.0018471 secs] [Times: user=0.01 sys=0.00, real=0.01 secs] 
1215.091: [GC (Allocation Failure) [PSYoungGen: 66493K->1520K(67072K)] 373172K->308199K(716800K), 0.0017932 secs] [Times: user=0.01 sys=0.00, real=0.00 secs] 
1215.543: [GC (Allocation Failure) [PSYoungGen: 66544K->1520K(67072K)] 373223K->308199K(716800K), 0.0016572 secs] [Times: user=0.00 sys=0.00, real=0.00 secs] 
1215.933: [GC (Allocation Failure) [PSYoungGen: 66537K->1517K(67072K)] 373216K->308204K(716800K), 0.0016034 secs] [Times: user=0.00 sys=0.00, real=0.00 secs] 
1216.272: [GC (Allocation Failure) [PSYoungGen: 66541K->1488K(67072K)] 373228K->308183K(716800K), 0.0020450 secs] [Times: user=0.01 sys=0.00, real=0.00 secs] 
1216.544: [GC (Allocation Failure) [PSYoungGen: 66512K->1344K(67072K)] 373207K->308039K(716800K), 0.0018888 secs] [Times: user=0.01 sys=0.00, real=0.00 secs] 
1216.814: [GC (Allocation Failure) [PSYoungGen: 66368K->1376K(67072K)] 373063K->308071K(716800K), 0.0018215 secs] [Times: user=0.00 sys=0.00, real=0.00 secs] 
1217.084: [GC (Allocation Failure) [PSYoungGen: 66400K->1376K(67072K)] 373095K->308071K(716800K), 0.0017589 secs] [Times: user=0.01 sys=0.00, real=0.00 secs] 
1217.391: [GC (Allocation Failure) [PSYoungGen: 66400K->1456K(67072K)] 373095K->308167K(716800K), 0.0015477 secs] [Times: user=0.00 sys=0.00, real=0.00 secs] 
1217.786: [GC (Allocation Failure) [PSYoungGen: 66480K->1565K(67072K)] 373191K->308276K(716800K), 0.0016773 secs] [Times: user=0.00 sys=0.00, real=0.00 secs] 
1218.241: [GC (Allocation Failure) [PSYoungGen: 66589K->1552K(67072K)] 373300K->308263K(716800K), 0.0016175 secs] [Times: user=0.01 sys=0.00, real=0.00 secs] 
1218.632: [GC (Allocation Failure) [PSYoungGen: 66564K->1501K(67072K)] 373276K->308220K(716800K), 0.0016789 secs] [Times: user=0.01 sys=0.00, real=0.00 secs] 
1219.025: [GC (Allocation Failure) [PSYoungGen: 66525K->1456K(67072K)] 373244K->308175K(716800K), 0.0019821 secs] [Times: user=0.01 sys=0.00, real=0.00 secs] 
1219.297: [GC (Allocation Failure) [PSYoungGen: 66480K->1376K(67072K)] 373199K->308095K(716800K), 0.0027853 secs] [Times: user=0.01 sys=0.00, real=0.01 secs] 
1219.574: [GC (Allocation Failure) [PSYoungGen: 66400K->1376K(67072K)] 373119K->308095K(716800K), 0.0017345 secs] [Times: user=0.01 sys=0.00, real=0.00 secs] 
1219.912: [GC (Allocation Failure) [PSYoungGen: 66400K->1376K(67072K)] 373119K->308095K(716800K), 0.0019279 secs] [Times: user=0.00 sys=0.00, real=0.00 secs] 
1220.266: [GC (Allocation Failure) [PSYoungGen: 66400K->1392K(67072K)] 373119K->308111K(716800K), 0.0020625 secs] [Times: user=0.01 sys=0.00, real=0.00 secs] 
1220.686: [GC (Allocation Failure) [PSYoungGen: 66416K->1549K(67072K)] 373135K->308268K(716800K), 0.0015380 secs] [Times: user=0.00 sys=0.00, real=0.00 secs] 
1221.079: [GC (Allocation Failure) [PSYoungGen: 66573K->1533K(67072K)] 373292K->308252K(716800K), 0.0018058 secs] [Times: user=0.00 sys=0.00, real=0.01 secs] 
1221.468: [GC (Allocation Failure) [PSYoungGen: 66545K->1565K(67072K)] 373264K->308300K(716800K), 0.0015654 secs] [Times: user=0.01 sys=0.00, real=0.00 secs] 
1221.865: [GC (Allocation Failure) [PSYoungGen: 66589K->1488K(67072K)] 373324K->308223K(716800K), 0.0018131 secs] [Times: user=0.01 sys=0.00, real=0.00 secs] 
1222.135: [GC (Allocation Failure) [PSYoungGen: 66512K->1376K(67072K)] 373247K->308111K(716800K), 0.0017203 secs] [Times: user=0.00 sys=0.00, real=0.00 secs] 
1222.433: [GC (Allocation Failure) [PSYoungGen: 66400K->1376K(67072K)] 373135K->308111K(716800K), 0.0018555 secs] [Times: user=0.01 sys=0.00, real=0.00 secs] 
1222.705: [GC (Allocation Failure) [PSYoungGen: 66400K->1376K(67072K)] 373135K->308111K(716800K), 0.0023621 secs] [Times: user=0.01 sys=0.00, real=0.00 secs] 
1223.021: [GC (Allocation Failure) [PSYoungGen: 66282K->304K(67072K)] 373017K->307039K(716800K), 0.0017479 secs] [Times: user=0.00 sys=0.00, real=0.00 secs] 
1223.430: [GC (Allocation Failure) [PSYoungGen: 65328K->1533K(67072K)] 372063K->308268K(716800K), 0.0015999 secs] [Times: user=0.00 sys=0.00, real=0.00 secs] 
1223.823: [GC (Allocation Failure) [PSYoungGen: 66557K->1597K(67072K)] 373292K->308332K(716800K), 0.0016581 secs] [Times: user=0.01 sys=0.00, real=0.00 secs] 
1224.274: [GC (Allocation Failure) [PSYoungGen: 66616K->1520K(67072K)] 373351K->308263K(716800K), 0.0016673 secs] [Times: user=0.01 sys=0.00, real=0.00 secs] 
1224.903: [GC (Allocation Failure) [PSYoungGen: 66544K->1456K(67072K)] 373287K->308199K(716800K), 0.0029999 secs] [Times: user=0.02 sys=0.01, real=0.00 secs] 
1226.000: [GC (Allocation Failure) [PSYoungGen: 66480K->1392K(67072K)] 373223K->308135K(716800K), 0.0039931 secs] [Times: user=0.02 sys=0.00, real=0.01 secs] 
1226.430: [GC (Allocation Failure) [PSYoungGen: 66416K->1376K(67072K)] 373159K->308119K(716800K), 0.0020829 secs] [Times: user=0.01 sys=0.00, real=0.00 secs] 
1226.851: [GC (Allocation Failure) [PSYoungGen: 66400K->1376K(67072K)] 373143K->308119K(716800K), 0.0019729 secs] [Times: user=0.01 sys=0.00, real=0.00 secs] 
1227.437: [GC (Allocation Failure) [PSYoungGen: 66400K->1440K(67072K)] 373143K->308183K(716800K), 0.0020211 secs] [Times: user=0.01 sys=0.00, real=0.00 secs] 
1227.885: [GC (Allocation Failure) [PSYoungGen: 66464K->1565K(67072K)] 373207K->308332K(716800K), 0.0016020 secs] [Times: user=0.01 sys=0.00, real=0.00 secs] 
1228.275: [GC (Allocation Failure) [PSYoungGen: 66589K->1520K(67072K)] 373356K->308287K(716800K), 0.0015580 secs] [Times: user=0.00 sys=0.00, real=0.00 secs] 
1228.666: [GC (Allocation Failure) [PSYoungGen: 66544K->1501K(67072K)] 373311K->308284K(716800K), 0.0016175 secs] [Times: user=0.00 sys=0.00, real=0.00 secs] 
1229.295: [GC (Allocation Failure) [PSYoungGen: 66525K->1472K(67072K)] 373308K->308255K(716800K), 0.0023404 secs] [Times: user=0.00 sys=0.00, real=0.00 secs] 
1229.566: [GC (Allocation Failure) [PSYoungGen: 66496K->1344K(67072K)] 373279K->308127K(716800K), 0.0040966 secs] [Times: user=0.01 sys=0.00, real=0.01 secs] 
1229.839: [GC (Allocation Failure) [PSYoungGen: 66368K->1344K(67072K)] 373151K->308127K(716800K), 0.0017999 secs] [Times: user=0.01 sys=0.00, real=0.01 secs] 
1230.109: [GC (Allocation Failure) [PSYoungGen: 66368K->1408K(67072K)] 373151K->308191K(716800K), 0.0016932 secs] [Times: user=0.01 sys=0.00, real=0.01 secs] 
1230.379: [GC (Allocation Failure) [PSYoungGen: 66432K->1360K(67072K)] 373215K->308143K(716800K), 0.0018168 secs] [Times: user=0.01 sys=0.00, real=0.01 secs] 
1230.820: [GC (Allocation Failure) [PSYoungGen: 66384K->1520K(67072K)] 373167K->308303K(716800K), 0.0015994 secs] [Times: user=0.01 sys=0.00, real=0.00 secs] 
1231.214: [GC (Allocation Failure) [PSYoungGen: 66544K->1565K(67072K)] 373327K->308348K(716800K), 0.0017110 secs] [Times: user=0.00 sys=0.00, real=0.00 secs] 
1231.606: [GC (Allocation Failure) [PSYoungGen: 66589K->1552K(67072K)] 373372K->308343K(716800K), 0.0015934 secs] [Times: user=0.01 sys=0.00, real=0.00 secs] 
1231.985: [GC (Allocation Failure) [PSYoungGen: 66576K->1552K(67072K)] 373367K->308343K(716800K), 0.0016925 secs] [Times: user=0.01 sys=0.00, real=0.00 secs] 
1232.291: [GC (Allocation Failure) [PSYoungGen: 66576K->1408K(67072K)] 373367K->308199K(716800K), 0.0016486 secs] [Times: user=0.01 sys=0.00, real=0.00 secs] 
1232.714: [GC (Allocation Failure) [PSYoungGen: 66432K->1376K(67072K)] 373223K->308167K(716800K), 0.0031306 secs] [Times: user=0.02 sys=0.00, real=0.00 secs] 
1233.223: [GC (Allocation Failure) [PSYoungGen: 66400K->1392K(67072K)] 373191K->308183K(716800K), 0.0029321 secs] [Times: user=0.01 sys=0.00, real=0.00 secs] 
1233.715: [GC (Allocation Failure) [PSYoungGen: 66416K->1376K(67072K)] 373207K->308167K(716800K), 0.0023814 secs] [Times: user=0.01 sys=0.00, real=0.00 secs] 
1234.223: [GC (Allocation Failure) [PSYoungGen: 66400K->1565K(67072K)] 373191K->308356K(716800K), 0.0017555 secs] [Times: user=0.01 sys=0.00, real=0.00 secs] 
1234.614: [GC (Allocation Failure) [PSYoungGen: 66589K->1520K(67072K)] 373380K->308311K(716800K), 0.0015787 secs] [Times: user=0.00 sys=0.00, real=0.00 secs] 
1235.064: [GC (Allocation Failure) [PSYoungGen: 66540K->1520K(67072K)] 373331K->308319K(716800K), 0.0016051 secs] [Times: user=0.01 sys=0.00, real=0.00 secs] 
1235.540: [GC (Allocation Failure) [PSYoungGen: 66544K->2016K(67072K)] 373343K->309327K(716800K), 0.0020344 secs] [Times: user=0.01 sys=0.00, real=0.00 secs] 
1235.817: [GC (Allocation Failure) [PSYoungGen: 67040K->1408K(67072K)] 374351K->308719K(716800K), 0.0019141 secs] [Times: user=0.01 sys=0.00, real=0.00 secs] 
1236.286: [GC (Allocation Failure) [PSYoungGen: 66432K->1376K(67072K)] 373743K->308687K(716800K), 0.0017942 secs] [Times: user=0.00 sys=0.00, real=0.00 secs] 
1236.851: [GC (Allocation Failure) [PSYoungGen: 66400K->1376K(67072K)] 373711K->308687K(716800K), 0.0037738 secs] [Times: user=0.01 sys=0.00, real=0.00 secs] 
1237.534: [GC (Allocation Failure) [PSYoungGen: 66400K->1376K(67072K)] 373711K->308687K(716800K), 0.0026018 secs] [Times: user=0.01 sys=0.00, real=0.00 secs] 
1238.090: [GC (Allocation Failure) [PSYoungGen: 66400K->1517K(67072K)] 373711K->308844K(716800K), 0.0015903 secs] [Times: user=0.00 sys=0.00, real=0.00 secs] 
1238.484: [GC (Allocation Failure) [PSYoungGen: 66541K->1517K(67072K)] 373868K->308844K(716800K), 0.0015852 secs] [Times: user=0.01 sys=0.00, real=0.00 secs] 
1238.872: [GC (GCLocker Initiated GC) [PSYoungGen: 66541K->1533K(67072K)] 373868K->308884K(716800K), 0.0015659 secs] [Times: user=0.01 sys=0.00, real=0.00 secs] 
1239.255: [GC (Allocation Failure) [PSYoungGen: 66557K->1680K(67072K)] 373911K->309042K(716800K), 0.0015318 secs] [Times: user=0.00 sys=0.00, real=0.00 secs] 
1239.574: [GC (Allocation Failure) [PSYoungGen: 66704K->1440K(67072K)] 374066K->308802K(716800K), 0.0017457 secs] [Times: user=0.01 sys=0.00, real=0.00 secs] 
1239.854: [GC (Allocation Failure) [PSYoungGen: 66464K->1408K(67072K)] 373826K->308770K(716800K), 0.0014925 secs] [Times: user=0.01 sys=0.00, real=0.00 secs] 
1240.247: [GC (Allocation Failure) [PSYoungGen: 66432K->1456K(67072K)] 373794K->308818K(716800K), 0.0019264 secs] [Times: user=0.01 sys=0.00, real=0.00 secs] 
1240.615: [GC (Allocation Failure) [PSYoungGen: 66480K->1376K(67072K)] 373842K->308738K(716800K), 0.0018160 secs] [Times: user=0.01 sys=0.00, real=0.00 secs] 
1241.063: [GC (Allocation Failure) [PSYoungGen: 66400K->1565K(67072K)] 373762K->308927K(716800K), 0.0014432 secs] [Times: user=0.00 sys=0.00, real=0.00 secs] 
1241.455: [GC (Allocation Failure) [PSYoungGen: 66589K->1616K(67072K)] 373951K->308978K(716800K), 0.0016364 secs] [Times: user=0.00 sys=0.00, real=0.00 secs] 
1241.845: [GC (Allocation Failure) [PSYoungGen: 66634K->1565K(67072K)] 373996K->308935K(716800K), 0.0014810 secs] [Times: user=0.00 sys=0.00, real=0.00 secs] 
1242.239: [GC (Allocation Failure) [PSYoungGen: 66589K->416K(67072K)] 373959K->307786K(716800K), 0.0016451 secs] [Times: user=0.01 sys=0.00, real=0.01 secs] 
1242.583: [GC (Allocation Failure) [PSYoungGen: 65440K->1424K(67072K)] 372810K->308794K(716800K), 0.0019390 secs] [Times: user=0.01 sys=0.00, real=0.00 secs] 
1242.871: [GC (Allocation Failure) [PSYoungGen: 66448K->1472K(67072K)] 373818K->308842K(716800K), 0.0017038 secs] [Times: user=0.01 sys=0.00, real=0.00 secs] 
1243.232: [GC (Allocation Failure) [PSYoungGen: 66496K->1440K(67072K)] 373866K->308810K(716800K), 0.0018119 secs] [Times: user=0.01 sys=0.00, real=0.00 secs] 
1243.537: [GC (Allocation Failure) [PSYoungGen: 66464K->1440K(67072K)] 373834K->308810K(716800K), 0.0017908 secs] [Times: user=0.01 sys=0.00, real=0.00 secs] 
1243.952: [GC (Allocation Failure) [PSYoungGen: 66464K->1568K(67072K)] 373834K->308938K(716800K), 0.0015836 secs] [Times: user=0.01 sys=0.00, real=0.00 secs] 
1244.344: [GC (Allocation Failure) [PSYoungGen: 66592K->1584K(67072K)] 373962K->308954K(716800K), 0.0015068 secs] [Times: user=0.00 sys=0.00, real=0.00 secs] 
1244.736: [GC (Allocation Failure) [PSYoungGen: 66608K->1520K(67072K)] 373978K->308938K(716800K), 0.0015334 secs] [Times: user=0.00 sys=0.00, real=0.00 secs] 
1245.126: [GC (Allocation Failure) [PSYoungGen: 66524K->1520K(67072K)] 373943K->308938K(716800K), 0.0016334 secs] [Times: user=0.01 sys=0.00, real=0.00 secs] 
1245.711: [GC (Allocation Failure) [PSYoungGen: 66544K->1376K(67072K)] 373962K->308794K(716800K), 0.0025340 secs] [Times: user=0.01 sys=0.00, real=0.00 secs] 
1246.367: [GC (Allocation Failure) [PSYoungGen: 66400K->1408K(67072K)] 373818K->308826K(716800K), 0.0029885 secs] [Times: user=0.01 sys=0.00, real=0.00 secs] 
1246.766: [GC (Allocation Failure) [PSYoungGen: 66432K->1376K(67072K)] 373850K->308794K(716800K), 0.0017996 secs] [Times: user=0.01 sys=0.00, real=0.00 secs] 
1247.036: [GC (Allocation Failure) [PSYoungGen: 66400K->1344K(67072K)] 373818K->308786K(716800K), 0.0019935 secs] [Times: user=0.01 sys=0.01, real=0.00 secs] 
1247.503: [GC (Allocation Failure) [PSYoungGen: 66368K->1520K(67072K)] 373810K->308962K(716800K), 0.0017380 secs] [Times: user=0.01 sys=0.00, real=0.00 secs] 
1247.895: [GC (Allocation Failure) [PSYoungGen: 66544K->1565K(67072K)] 373986K->309007K(716800K), 0.0016835 secs] [Times: user=0.00 sys=0.00, real=0.00 secs] 
1248.286: [GC (Allocation Failure) [PSYoungGen: 66589K->1552K(67072K)] 374031K->308994K(716800K), 0.0016913 secs] [Times: user=0.01 sys=0.00, real=0.00 secs] 
1248.676: [GC (Allocation Failure) [PSYoungGen: 66576K->1552K(67072K)] 374018K->309002K(716800K), 0.0015137 secs] [Times: user=0.00 sys=0.00, real=0.00 secs] 
1249.874: [GC (Allocation Failure) [PSYoungGen: 66576K->1360K(67072K)] 374026K->308810K(716800K), 0.0028537 secs] [Times: user=0.01 sys=0.00, real=0.00 secs] 
1250.406: [GC (Allocation Failure) [PSYoungGen: 66384K->1360K(67072K)] 373834K->308810K(716800K), 0.0023543 secs] [Times: user=0.01 sys=0.00, real=0.00 secs] 
1250.945: [GC (Allocation Failure) [PSYoungGen: 66384K->1376K(67072K)] 373834K->308826K(716800K), 0.0023162 secs] [Times: user=0.01 sys=0.00, real=0.00 secs] 
1251.423: [GC (Allocation Failure) [PSYoungGen: 66400K->1376K(67072K)] 373850K->308826K(716800K), 0.0018941 secs] [Times: user=0.00 sys=0.00, real=0.00 secs] 
1251.933: [GC (Allocation Failure) [PSYoungGen: 66400K->1453K(67072K)] 373850K->308903K(716800K), 0.0017045 secs] [Times: user=0.01 sys=0.00, real=0.00 secs] 
1252.330: [GC (Allocation Failure) [PSYoungGen: 66477K->1565K(67072K)] 373927K->309015K(716800K), 0.0016420 secs] [Times: user=0.01 sys=0.00, real=0.01 secs] 
1252.722: [GC (Allocation Failure) [PSYoungGen: 66589K->1520K(67072K)] 374039K->308970K(716800K), 0.0016038 secs] [Times: user=0.00 sys=0.00, real=0.00 secs] 
1253.112: [GC (Allocation Failure) [PSYoungGen: 66544K->1549K(67072K)] 373994K->309007K(716800K), 0.0017562 secs] [Times: user=0.00 sys=0.00, real=0.00 secs] 
1253.431: [GC (Allocation Failure) [PSYoungGen: 66573K->1408K(67072K)] 374031K->308866K(716800K), 0.0019356 secs] [Times: user=0.01 sys=0.00, real=0.00 secs] 
1253.702: [GC (Allocation Failure) [PSYoungGen: 66432K->1376K(67072K)] 373890K->308834K(716800K), 0.0016619 secs] [Times: user=0.01 sys=0.00, real=0.00 secs] 
1253.972: [GC (Allocation Failure) [PSYoungGen: 66400K->1344K(67072K)] 373858K->308802K(716800K), 0.0017842 secs] [Times: user=0.01 sys=0.00, real=0.00 secs] 
1254.243: [GC (Allocation Failure) [PSYoungGen: 66368K->1408K(67072K)] 373826K->308866K(716800K), 0.0017267 secs] [Times: user=0.01 sys=0.00, real=0.00 secs] 
1254.635: [GC (Allocation Failure) [PSYoungGen: 66432K->1504K(67072K)] 373890K->308962K(716800K), 0.0015543 secs] [Times: user=0.01 sys=0.00, real=0.00 secs] 
1255.026: [GC (Allocation Failure) [PSYoungGen: 66528K->1520K(67072K)] 373986K->308978K(716800K), 0.0016619 secs] [Times: user=0.00 sys=0.00, real=0.00 secs] 
1255.482: [GC (Allocation Failure) [PSYoungGen: 66544K->1552K(67072K)] 374002K->309010K(716800K), 0.0016576 secs] [Times: user=0.01 sys=0.00, real=0.00 secs] 
1255.873: [GC (Allocation Failure) [PSYoungGen: 66559K->1533K(67072K)] 374018K->309015K(716800K), 0.0015785 secs] [Times: user=0.01 sys=0.00, real=0.00 secs] 
1256.223: [GC (Allocation Failure) [PSYoungGen: 66557K->1472K(67072K)] 374039K->308954K(716800K), 0.0020658 secs] [Times: user=0.00 sys=0.00, real=0.00 secs] 
1256.511: [GC (Allocation Failure) [PSYoungGen: 66496K->1344K(67072K)] 373978K->308850K(716800K), 0.0019740 secs] [Times: user=0.00 sys=0.00, real=0.00 secs] 
1256.793: [GC (Allocation Failure) [PSYoungGen: 66368K->1376K(67072K)] 373874K->308882K(716800K), 0.0020257 secs] [Times: user=0.00 sys=0.00, real=0.00 secs] 
1257.158: [GC (Allocation Failure) [PSYoungGen: 66400K->1408K(67072K)] 373906K->308914K(716800K), 0.0020603 secs] [Times: user=0.01 sys=0.00, real=0.00 secs] 
1257.530: [GC (Allocation Failure) [PSYoungGen: 66432K->1469K(67072K)] 373938K->308975K(716800K), 0.0015714 secs] [Times: user=0.01 sys=0.00, real=0.01 secs] 
1257.922: [GC (Allocation Failure) [PSYoungGen: 66493K->1565K(67072K)] 373999K->309071K(716800K), 0.0017004 secs] [Times: user=0.01 sys=0.00, real=0.00 secs] 
1258.315: [GC (Allocation Failure) [PSYoungGen: 66589K->1533K(67072K)] 374095K->309039K(716800K), 0.0017767 secs] [Times: user=0.00 sys=0.00, real=0.00 secs] 
1258.770: [GC (Allocation Failure) [PSYoungGen: 66557K->1616K(67072K)] 374063K->309130K(716800K), 0.0017585 secs] [Times: user=0.01 sys=0.00, real=0.01 secs] 
1259.865: [GC (Allocation Failure) [PSYoungGen: 66640K->1408K(67072K)] 374154K->308922K(716800K), 0.0038965 secs] [Times: user=0.02 sys=0.00, real=0.00 secs] 
1260.503: [GC (Allocation Failure) [PSYoungGen: 66432K->1360K(67072K)] 373946K->308874K(716800K), 0.0029739 secs] [Times: user=0.01 sys=0.00, real=0.00 secs] 
1261.087: [GC (Allocation Failure) [PSYoungGen: 66384K->1360K(67072K)] 373898K->308882K(716800K), 0.0020899 secs] [Times: user=0.01 sys=0.00, real=0.00 secs] 
1261.753: [GC (Allocation Failure) [PSYoungGen: 66384K->1376K(67072K)] 373906K->308898K(716800K), 0.0021445 secs] [Times: user=0.00 sys=0.00, real=0.00 secs] 
1262.327: [GC (Allocation Failure) [PSYoungGen: 66400K->1469K(67072K)] 373922K->308991K(716800K), 0.0018179 secs] [Times: user=0.00 sys=0.00, real=0.00 secs] 
1262.721: [GC (Allocation Failure) [PSYoungGen: 66466K->1597K(67072K)] 373988K->309119K(716800K), 0.0015955 secs] [Times: user=0.01 sys=0.00, real=0.00 secs] 
1263.111: [GC (Allocation Failure) [PSYoungGen: 66599K->1549K(67072K)] 374121K->309071K(716800K), 0.0015679 secs] [Times: user=0.00 sys=0.00, real=0.00 secs] 
1263.501: [GC (Allocation Failure) [PSYoungGen: 66560K->1565K(67072K)] 374082K->309103K(716800K), 0.0015821 secs] [Times: user=0.01 sys=0.00, real=0.00 secs] 
1263.906: [GC (Allocation Failure) [PSYoungGen: 66589K->1440K(67072K)] 374127K->308978K(716800K), 0.0018851 secs] [Times: user=0.01 sys=0.00, real=0.00 secs] 
1264.195: [GC (Allocation Failure) [PSYoungGen: 66464K->1376K(67072K)] 374002K->308914K(716800K), 0.0019121 secs] [Times: user=0.01 sys=0.00, real=0.00 secs] 
1264.474: [GC (Allocation Failure) [PSYoungGen: 66400K->1440K(67072K)] 373938K->308978K(716800K), 0.0018309 secs] [Times: user=0.01 sys=0.01, real=0.00 secs] 
1265.284: [GC (Allocation Failure) [PSYoungGen: 66464K->1376K(67072K)] 374002K->308914K(716800K), 0.0020675 secs] [Times: user=0.01 sys=0.00, real=0.00 secs] 
1266.001: [GC (Allocation Failure) [PSYoungGen: 66400K->1408K(67072K)] 373938K->308946K(716800K), 0.0016361 secs] [Times: user=0.01 sys=0.00, real=0.00 secs] 
1266.456: [GC (Allocation Failure) [PSYoungGen: 66403K->1552K(67072K)] 373942K->309090K(716800K), 0.0016284 secs] [Times: user=0.01 sys=0.00, real=0.00 secs] 
1266.904: [GC (Allocation Failure) [PSYoungGen: 66565K->1517K(67072K)] 374103K->309055K(716800K), 0.0017747 secs] [Times: user=0.00 sys=0.00, real=0.00 secs] 
1267.300: [GC (Allocation Failure) [PSYoungGen: 66525K->1517K(67072K)] 374063K->309071K(716800K), 0.0016230 secs] [Times: user=0.00 sys=0.00, real=0.01 secs] 
1267.723: [GC (Allocation Failure) [PSYoungGen: 66541K->1392K(67072K)] 374095K->308946K(716800K), 0.0027568 secs] [Times: user=0.01 sys=0.00, real=0.00 secs] 
1268.001: [GC (Allocation Failure) [PSYoungGen: 66416K->1424K(67072K)] 373970K->309010K(716800K), 0.0020104 secs] [Times: user=0.01 sys=0.00, real=0.00 secs] 
1268.271: [GC (Allocation Failure) [PSYoungGen: 66448K->1344K(67072K)] 374034K->308930K(716800K), 0.0018178 secs] [Times: user=0.00 sys=0.00, real=0.00 secs] 
1268.597: [GC (Allocation Failure) [PSYoungGen: 66368K->1328K(67072K)] 373954K->308914K(716800K), 0.0017911 secs] [Times: user=0.01 sys=0.00, real=0.00 secs] 
1268.931: [GC (Allocation Failure) [PSYoungGen: 66352K->1437K(67072K)] 373938K->309023K(716800K), 0.0014387 secs] [Times: user=0.01 sys=0.00, real=0.00 secs] 
1269.321: [GC (Allocation Failure) [PSYoungGen: 66461K->1520K(67072K)] 374047K->309106K(716800K), 0.0016570 secs] [Times: user=0.00 sys=0.00, real=0.00 secs] 
1269.713: [GC (Allocation Failure) [PSYoungGen: 66544K->1520K(67072K)] 374130K->309106K(716800K), 0.0015437 secs] [Times: user=0.01 sys=0.00, real=0.00 secs] 
1270.102: [GC (Allocation Failure) [PSYoungGen: 66529K->1565K(67072K)] 374115K->309159K(716800K), 0.0016518 secs] [Times: user=0.00 sys=0.00, real=0.00 secs] 
1271.352: [GC (Allocation Failure) [PSYoungGen: 66589K->1456K(67072K)] 374183K->309050K(716800K), 0.0019871 secs] [Times: user=0.01 sys=0.00, real=0.00 secs] 
1271.821: [GC (Allocation Failure) [PSYoungGen: 66480K->1408K(67072K)] 374074K->309002K(716800K), 0.0019247 secs] [Times: user=0.01 sys=0.00, real=0.00 secs] 
1272.383: [GC (Allocation Failure) [PSYoungGen: 66432K->1376K(67072K)] 374026K->308970K(716800K), 0.0019285 secs] [Times: user=0.01 sys=0.00, real=0.00 secs] 
1272.911: [GC (Allocation Failure) [PSYoungGen: 66400K->1408K(67072K)] 373994K->309010K(716800K), 0.0019847 secs] [Times: user=0.01 sys=0.00, real=0.00 secs] 
1273.619: [GC (Allocation Failure) [PSYoungGen: 66432K->1485K(67072K)] 374034K->309087K(716800K), 0.0015471 secs] [Times: user=0.01 sys=0.00, real=0.01 secs] 
1274.009: [GC (Allocation Failure) [PSYoungGen: 66509K->1565K(67072K)] 374111K->309167K(716800K), 0.0016606 secs] [Times: user=0.00 sys=0.00, real=0.01 secs] 
1274.400: [GC (Allocation Failure) [PSYoungGen: 66589K->1485K(67072K)] 374191K->309087K(716800K), 0.0016081 secs] [Times: user=0.01 sys=0.00, real=0.00 secs] 
1274.792: [GC (Allocation Failure) [PSYoungGen: 66509K->1533K(67072K)] 374111K->309151K(716800K), 0.0016676 secs] [Times: user=0.01 sys=0.00, real=0.00 secs] 
1275.121: [GC (Allocation Failure) [PSYoungGen: 66557K->1488K(67072K)] 374175K->309106K(716800K), 0.0017101 secs] [Times: user=0.01 sys=0.00, real=0.00 secs] 
1275.391: [GC (Allocation Failure) [PSYoungGen: 66512K->1408K(67072K)] 374130K->309026K(716800K), 0.0016625 secs] [Times: user=0.01 sys=0.00, real=0.00 secs] 
1275.661: [GC (Allocation Failure) [PSYoungGen: 66432K->1376K(67072K)] 374050K->308994K(716800K), 0.0024891 secs] [Times: user=0.01 sys=0.00, real=0.00 secs] 
1275.933: [GC (Allocation Failure) [PSYoungGen: 66400K->1344K(67072K)] 374018K->308962K(716800K), 0.0019843 secs] [Times: user=0.01 sys=0.00, real=0.00 secs] 
1276.316: [GC (Allocation Failure) [PSYoungGen: 66368K->1424K(67072K)] 373986K->309042K(716800K), 0.0015755 secs] [Times: user=0.01 sys=0.00, real=0.00 secs] 
1276.758: [GC (Allocation Failure) [PSYoungGen: 66448K->1552K(67072K)] 374066K->309170K(716800K), 0.0016599 secs] [Times: user=0.01 sys=0.00, real=0.00 secs] 
1277.150: [GC (Allocation Failure) [PSYoungGen: 66576K->1552K(67072K)] 374194K->309170K(716800K), 0.0015605 secs] [Times: user=0.01 sys=0.00, real=0.01 secs] 
1277.543: [GC (Allocation Failure) [PSYoungGen: 66567K->1517K(67072K)] 374185K->309151K(716800K), 0.0036381 secs] [Times: user=0.01 sys=0.00, real=0.00 secs] 
1278.766: [GC (Allocation Failure) [PSYoungGen: 66541K->1456K(67072K)] 374175K->309090K(716800K), 0.0040970 secs] [Times: user=0.02 sys=0.00, real=0.00 secs] 
1279.718: [GC (Allocation Failure) [PSYoungGen: 66480K->1344K(67072K)] 374114K->308978K(716800K), 0.0030169 secs] [Times: user=0.01 sys=0.00, real=0.01 secs] 
1280.108: [GC (Allocation Failure) [PSYoungGen: 66368K->1360K(67072K)] 374002K->308994K(716800K), 0.0019542 secs] [Times: user=0.01 sys=0.00, real=0.01 secs] 
1280.459: [GC (Allocation Failure) [PSYoungGen: 66384K->1408K(67072K)] 374018K->309042K(716800K), 0.0019396 secs] [Times: user=0.01 sys=0.00, real=0.01 secs] 
1280.919: [GC (Allocation Failure) [PSYoungGen: 66432K->1488K(67072K)] 374066K->309122K(716800K), 0.0021395 secs] [Times: user=0.01 sys=0.00, real=0.01 secs] 
1281.393: [GC (Allocation Failure) [PSYoungGen: 66482K->1533K(67072K)] 374116K->309167K(716800K), 0.0015916 secs] [Times: user=0.00 sys=0.00, real=0.00 secs] 
1281.783: [GC (Allocation Failure) [PSYoungGen: 66541K->1552K(67072K)] 374175K->309186K(716800K), 0.0016132 secs] [Times: user=0.00 sys=0.00, real=0.00 secs] 
1282.175: [GC (Allocation Failure) [PSYoungGen: 66570K->1501K(67072K)] 374204K->309151K(716800K), 0.0016439 secs] [Times: user=0.01 sys=0.00, real=0.00 secs] 
1282.818: [GC (Allocation Failure) [PSYoungGen: 66525K->1472K(67072K)] 374175K->309122K(716800K), 0.0042226 secs] [Times: user=0.01 sys=0.00, real=0.01 secs] 
1283.372: [GC (Allocation Failure) [PSYoungGen: 66496K->1376K(67072K)] 374146K->309026K(716800K), 0.0031442 secs] [Times: user=0.02 sys=0.00, real=0.00 secs] 
1283.993: [GC (Allocation Failure) [PSYoungGen: 66400K->1376K(67072K)] 374050K->309026K(716800K), 0.0023841 secs] [Times: user=0.01 sys=0.00, real=0.00 secs] 
1284.658: [GC (Allocation Failure) [PSYoungGen: 66400K->1376K(67072K)] 374050K->309026K(716800K), 0.0024530 secs] [Times: user=0.01 sys=0.00, real=0.00 secs] 
1285.519: [GC (Allocation Failure) [PSYoungGen: 66400K->1437K(67072K)] 374050K->309087K(716800K), 0.0022460 secs] [Times: user=0.00 sys=0.00, real=0.01 secs] 
1285.943: [GC (Allocation Failure) [PSYoungGen: 66461K->1552K(67072K)] 374111K->309202K(716800K), 0.0016389 secs] [Times: user=0.01 sys=0.00, real=0.00 secs] 
1286.335: [GC (Allocation Failure) [PSYoungGen: 66576K->1616K(67072K)] 374226K->309266K(716800K), 0.0019364 secs] [Times: user=0.01 sys=0.00, real=0.00 secs] 
1286.786: [GC (Allocation Failure) [PSYoungGen: 66631K->1520K(67072K)] 374281K->309178K(716800K), 0.0016554 secs] [Times: user=0.01 sys=0.00, real=0.00 secs] 
1287.495: [GC (Allocation Failure) [PSYoungGen: 66544K->1456K(67072K)] 374202K->309114K(716800K), 0.0022603 secs] [Times: user=0.01 sys=0.00, real=0.00 secs] 
1288.052: [GC (Allocation Failure) [PSYoungGen: 66480K->1408K(67072K)] 374138K->309066K(716800K), 0.0023232 secs] [Times: user=0.01 sys=0.00, real=0.00 secs] 
1288.611: [GC (Allocation Failure) [PSYoungGen: 66432K->1376K(67072K)] 374090K->309034K(716800K), 0.0022797 secs] [Times: user=0.01 sys=0.00, real=0.00 secs] 
1289.636: [GC (Allocation Failure) [PSYoungGen: 66400K->1376K(67072K)] 374058K->309058K(716800K), 0.0025664 secs] [Times: user=0.01 sys=0.00, real=0.00 secs] 
1290.451: [GC (Allocation Failure) [PSYoungGen: 66400K->1437K(67072K)] 374082K->309119K(716800K), 0.0022759 secs] [Times: user=0.01 sys=0.00, real=0.00 secs] 
1290.899: [GC (Allocation Failure) [PSYoungGen: 66461K->1533K(67072K)] 374143K->309215K(716800K), 0.0017466 secs] [Times: user=0.00 sys=0.00, real=0.01 secs] 
1291.356: [GC (Allocation Failure) [PSYoungGen: 66557K->1584K(67072K)] 374239K->309266K(716800K), 0.0016248 secs] [Times: user=0.01 sys=0.00, real=0.00 secs] 
1291.818: [GC (Allocation Failure) [PSYoungGen: 66608K->1552K(67072K)] 374290K->309242K(716800K), 0.0016460 secs] [Times: user=0.00 sys=0.00, real=0.00 secs] 
1292.402: [GC (Allocation Failure) [PSYoungGen: 66576K->1424K(67072K)] 374266K->309114K(716800K), 0.0028084 secs] [Times: user=0.01 sys=0.00, real=0.00 secs] 
1292.977: [GC (Allocation Failure) [PSYoungGen: 66448K->1408K(67072K)] 374138K->309098K(716800K), 0.0030176 secs] [Times: user=0.01 sys=0.00, real=0.00 secs] 
1293.269: [GC (Allocation Failure) [PSYoungGen: 66432K->1344K(67072K)] 374122K->309034K(716800K), 0.0025065 secs] [Times: user=0.01 sys=0.00, real=0.01 secs] 
1293.553: [GC (Allocation Failure) [PSYoungGen: 66368K->1344K(67072K)] 374058K->309034K(716800K), 0.0018446 secs] [Times: user=0.01 sys=0.01, real=0.00 secs] 
1293.857: [GC (Allocation Failure) [PSYoungGen: 66305K->320K(67072K)] 373995K->308010K(716800K), 0.0018339 secs] [Times: user=0.00 sys=0.00, real=0.00 secs] 
1294.264: [GC (Allocation Failure) [PSYoungGen: 65344K->1549K(67072K)] 373034K->309239K(716800K), 0.0015970 secs] [Times: user=0.01 sys=0.00, real=0.00 secs] 
1294.657: [GC (Allocation Failure) [PSYoungGen: 66573K->1552K(67072K)] 374263K->309242K(716800K), 0.0016451 secs] [Times: user=0.00 sys=0.00, real=0.00 secs] 
1295.049: [GC (Allocation Failure) [PSYoungGen: 66575K->1517K(67072K)] 374265K->309231K(716800K), 0.0015823 secs] [Times: user=0.01 sys=0.00, real=0.01 secs] 
1295.677: [GC (Allocation Failure) [PSYoungGen: 66541K->1488K(67072K)] 374255K->309202K(716800K), 0.0021499 secs] [Times: user=0.01 sys=0.00, real=0.00 secs] 
1296.168: [GC (Allocation Failure) [PSYoungGen: 66512K->1376K(67072K)] 374226K->309090K(716800K), 0.0020230 secs] [Times: user=0.01 sys=0.00, real=0.00 secs] 
1296.439: [GC (Allocation Failure) [PSYoungGen: 66400K->1376K(67072K)] 374114K->309090K(716800K), 0.0018940 secs] [Times: user=0.00 sys=0.00, real=0.01 secs] 
1296.725: [GC (Allocation Failure) [PSYoungGen: 66400K->1392K(67072K)] 374114K->309106K(716800K), 0.0019733 secs] [Times: user=0.00 sys=0.00, real=0.00 secs] 
1296.995: [GC (Allocation Failure) [PSYoungGen: 66416K->1344K(67072K)] 374130K->309074K(716800K), 0.0018246 secs] [Times: user=0.01 sys=0.00, real=0.00 secs] 
1297.435: [GC (Allocation Failure) [PSYoungGen: 66368K->1520K(67072K)] 374098K->309250K(716800K), 0.0015712 secs] [Times: user=0.01 sys=0.00, real=0.00 secs] 
1297.828: [GC (Allocation Failure) [PSYoungGen: 66544K->1565K(67072K)] 374274K->309295K(716800K), 0.0017068 secs] [Times: user=0.01 sys=0.00, real=0.00 secs] 
1298.280: [GC (Allocation Failure) [PSYoungGen: 66589K->1565K(67072K)] 374319K->309303K(716800K), 0.0017676 secs] [Times: user=0.01 sys=0.00, real=0.00 secs] 
1298.776: [GC (Allocation Failure) [PSYoungGen: 66589K->1472K(67072K)] 374327K->309210K(716800K), 0.0022953 secs] [Times: user=0.01 sys=0.00, real=0.00 secs] 
1299.102: [GC (Allocation Failure) [PSYoungGen: 66496K->1376K(67072K)] 374234K->309114K(716800K), 0.0020231 secs] [Times: user=0.00 sys=0.00, real=0.00 secs] 
1299.372: [GC (Allocation Failure) [PSYoungGen: 66400K->1376K(67072K)] 374138K->309114K(716800K), 0.0021036 secs] [Times: user=0.01 sys=0.00, real=0.00 secs] 
1299.642: [GC (Allocation Failure) [PSYoungGen: 66400K->1312K(67072K)] 374138K->309050K(716800K), 0.0019734 secs] [Times: user=0.01 sys=0.00, real=0.00 secs] 
1299.913: [GC (Allocation Failure) [PSYoungGen: 66336K->1376K(67072K)] 374074K->309114K(716800K), 0.0021145 secs] [Times: user=0.01 sys=0.00, real=0.00 secs] 
1300.441: [GC (Allocation Failure) [PSYoungGen: 66400K->1568K(67072K)] 374138K->309306K(716800K), 0.0016906 secs] [Times: user=0.00 sys=0.00, real=0.00 secs] 
1300.835: [GC (Allocation Failure) [PSYoungGen: 66592K->1565K(67072K)] 374330K->309303K(716800K), 0.0015943 secs] [Times: user=0.00 sys=0.00, real=0.00 secs] 
1301.231: [GC (Allocation Failure) [PSYoungGen: 66584K->1533K(67072K)] 374322K->309279K(716800K), 0.0016396 secs] [Times: user=0.01 sys=0.00, real=0.00 secs] 
1302.003: [GC (Allocation Failure) [PSYoungGen: 66557K->1536K(67072K)] 374303K->309282K(716800K), 0.0027025 secs] [Times: user=0.01 sys=0.00, real=0.00 secs] 
1303.060: [GC (Allocation Failure) [PSYoungGen: 66560K->1408K(67072K)] 374306K->309154K(716800K), 0.0036758 secs] [Times: user=0.01 sys=0.00, real=0.01 secs] 
1303.368: [GC (Allocation Failure) [PSYoungGen: 66432K->1344K(67072K)] 374178K->309090K(716800K), 0.0020445 secs] [Times: user=0.01 sys=0.00, real=0.00 secs] 
1303.695: [GC (Allocation Failure) [PSYoungGen: 66368K->1376K(67072K)] 374114K->309122K(716800K), 0.0019763 secs] [Times: user=0.00 sys=0.00, real=0.00 secs] 
1304.035: [GC (Allocation Failure) [PSYoungGen: 66400K->1376K(67072K)] 374146K->309122K(716800K), 0.0019952 secs] [Times: user=0.01 sys=0.00, real=0.00 secs] 
1304.449: [GC (Allocation Failure) [PSYoungGen: 66400K->1520K(67072K)] 374146K->309266K(716800K), 0.0015972 secs] [Times: user=0.01 sys=0.00, real=0.01 secs] 
1304.840: [GC (Allocation Failure) [PSYoungGen: 66544K->1488K(67072K)] 374290K->309234K(716800K), 0.0016054 secs] [Times: user=0.01 sys=0.00, real=0.00 secs] 
1305.230: [GC (Allocation Failure) [PSYoungGen: 66508K->1485K(67072K)] 374254K->309239K(716800K), 0.0015520 secs] [Times: user=0.01 sys=0.00, real=0.00 secs] 
1306.289: [GC (Allocation Failure) [PSYoungGen: 66509K->1952K(67072K)] 374263K->309706K(716800K), 0.0043995 secs] [Times: user=0.02 sys=0.00, real=0.01 secs] 
1307.052: [GC (Allocation Failure) [PSYoungGen: 66976K->1296K(67072K)] 374730K->309050K(716800K), 0.0026171 secs] [Times: user=0.02 sys=0.00, real=0.00 secs] 
1307.355: [GC (Allocation Failure) [PSYoungGen: 66320K->1392K(67072K)] 374074K->309146K(716800K), 0.0018339 secs] [Times: user=0.01 sys=0.00, real=0.00 secs] 
1307.675: [GC (Allocation Failure) [PSYoungGen: 66416K->1328K(67072K)] 374170K->309082K(716800K), 0.0019997 secs] [Times: user=0.01 sys=0.00, real=0.00 secs] 
1307.989: [GC (Allocation Failure) [PSYoungGen: 66352K->1344K(67072K)] 374106K->309098K(716800K), 0.0019543 secs] [Times: user=0.00 sys=0.00, real=0.01 secs] 
1308.527: [GC (Allocation Failure) [PSYoungGen: 66368K->1485K(67072K)] 374122K->309263K(716800K), 0.0016189 secs] [Times: user=0.01 sys=0.00, real=0.00 secs] 
1308.920: [GC (Allocation Failure) [PSYoungGen: 66509K->1565K(67072K)] 374287K->309343K(716800K), 0.0015190 secs] [Times: user=0.00 sys=0.00, real=0.01 secs] 
1309.309: [GC (Allocation Failure) [PSYoungGen: 66570K->1584K(67072K)] 374349K->309378K(716800K), 0.0016730 secs] [Times: user=0.00 sys=0.00, real=0.01 secs] 
1309.725: [GC (Allocation Failure) [PSYoungGen: 66608K->1712K(67072K)] 374402K->309506K(716800K), 0.0016777 secs] [Times: user=0.00 sys=0.01, real=0.00 secs] 
1309.999: [GC (Allocation Failure) [PSYoungGen: 66736K->1376K(67072K)] 374530K->309170K(716800K), 0.0016211 secs] [Times: user=0.01 sys=0.00, real=0.01 secs] 
1310.301: [GC (Allocation Failure) [PSYoungGen: 66400K->1312K(67072K)] 374194K->309106K(716800K), 0.0025288 secs] [Times: user=0.01 sys=0.00, real=0.00 secs] 
1310.575: [GC (Allocation Failure) [PSYoungGen: 66336K->1344K(67072K)] 374130K->309138K(716800K), 0.0020737 secs] [Times: user=0.01 sys=0.00, real=0.00 secs] 
1310.892: [GC (Allocation Failure) [PSYoungGen: 66368K->1344K(67072K)] 374162K->309138K(716800K), 0.0021655 secs] [Times: user=0.01 sys=0.00, real=0.00 secs] 
1311.315: [GC (Allocation Failure) [PSYoungGen: 66368K->1488K(67072K)] 374162K->309282K(716800K), 0.0016153 secs] [Times: user=0.01 sys=0.00, real=0.00 secs] 
1311.715: [GC (Allocation Failure) [PSYoungGen: 66512K->1520K(67072K)] 374306K->309314K(716800K), 0.0015758 secs] [Times: user=0.01 sys=0.00, real=0.00 secs] 
1312.166: [GC (Allocation Failure) [PSYoungGen: 66540K->1517K(67072K)] 374334K->309319K(716800K), 0.0016216 secs] [Times: user=0.00 sys=0.00, real=0.00 secs] 
1312.583: [GC (Allocation Failure) [PSYoungGen: 66541K->1536K(67072K)] 374343K->309338K(716800K), 0.0015535 secs] [Times: user=0.01 sys=0.00, real=0.00 secs] 
1314.756: [GC (Allocation Failure) [PSYoungGen: 66560K->1408K(67072K)] 374362K->309210K(716800K), 0.0040621 secs] [Times: user=0.01 sys=0.00, real=0.01 secs] 
1315.248: [GC (Allocation Failure) [PSYoungGen: 66432K->1360K(67072K)] 374234K->309162K(716800K), 0.0021510 secs] [Times: user=0.01 sys=0.00, real=0.01 secs] 
1315.519: [GC (Allocation Failure) [PSYoungGen: 66384K->1344K(67072K)] 374186K->309146K(716800K), 0.0018294 secs] [Times: user=0.01 sys=0.00, real=0.01 secs] 
1315.789: [GC (Allocation Failure) [PSYoungGen: 66368K->1360K(67072K)] 374170K->309162K(716800K), 0.0019618 secs] [Times: user=0.01 sys=0.00, real=0.01 secs] 
1316.194: [GC (Allocation Failure) [PSYoungGen: 66384K->1533K(67072K)] 374186K->309335K(716800K), 0.0015899 secs] [Times: user=0.01 sys=0.00, real=0.00 secs] 
1316.586: [GC (Allocation Failure) [PSYoungGen: 66557K->1488K(67072K)] 374359K->309290K(716800K), 0.0016083 secs] [Times: user=0.01 sys=0.00, real=0.00 secs] 
1316.978: [GC (Allocation Failure) [PSYoungGen: 66512K->1552K(67072K)] 374314K->309370K(716800K), 0.0016619 secs] [Times: user=0.01 sys=0.00, real=0.00 secs] 
1317.369: [GC (Allocation Failure) [PSYoungGen: 66576K->1584K(67072K)] 374394K->309402K(716800K), 0.0016355 secs] [Times: user=0.01 sys=0.00, real=0.01 secs] 
1318.611: [GC (Allocation Failure) [PSYoungGen: 66608K->1440K(67072K)] 374426K->309258K(716800K), 0.0041993 secs] [Times: user=0.01 sys=0.00, real=0.00 secs] 
1319.261: [GC (Allocation Failure) [PSYoungGen: 66464K->1376K(67072K)] 374282K->309194K(716800K), 0.0030291 secs] [Times: user=0.01 sys=0.00, real=0.00 secs] 
1319.851: [GC (Allocation Failure) [PSYoungGen: 66400K->1344K(67072K)] 374218K->309178K(716800K), 0.0025170 secs] [Times: user=0.01 sys=0.00, real=0.00 secs] 
1320.284: [GC (Allocation Failure) [PSYoungGen: 66368K->1408K(67072K)] 374202K->309242K(716800K), 0.0037451 secs] [Times: user=0.02 sys=0.00, real=0.00 secs] 
1320.821: [GC (GCLocker Initiated GC) [PSYoungGen: 66432K->1469K(67072K)] 374266K->309303K(716800K), 0.0016772 secs] [Times: user=0.00 sys=0.00, real=0.00 secs] 
1321.219: [GC (Allocation Failure) [PSYoungGen: 66493K->1469K(67072K)] 374713K->309689K(716800K), 0.0017100 secs] [Times: user=0.01 sys=0.00, real=0.01 secs] 
1321.611: [GC (Allocation Failure) [PSYoungGen: 66493K->1584K(67072K)] 374713K->309812K(716800K), 0.0016674 secs] [Times: user=0.01 sys=0.00, real=0.00 secs] 
1322.011: [GC (Allocation Failure) [PSYoungGen: 66608K->1616K(67072K)] 374836K->309844K(716800K), 0.0016671 secs] [Times: user=0.01 sys=0.00, real=0.00 secs] 
1322.352: [GC (Allocation Failure) [PSYoungGen: 66640K->1472K(67072K)] 374868K->309700K(716800K), 0.0018713 secs] [Times: user=0.01 sys=0.00, real=0.00 secs] 
1322.688: [GC (Allocation Failure) [PSYoungGen: 66496K->1504K(67072K)] 374724K->309732K(716800K), 0.0020297 secs] [Times: user=0.01 sys=0.00, real=0.00 secs] 
1323.010: [GC (Allocation Failure) [PSYoungGen: 66528K->1440K(67072K)] 374756K->309668K(716800K), 0.0017958 secs] [Times: user=0.01 sys=0.00, real=0.00 secs] 
1323.296: [GC (Allocation Failure) [PSYoungGen: 66464K->1488K(67072K)] 374692K->309716K(716800K), 0.0018490 secs] [Times: user=0.01 sys=0.00, real=0.00 secs] 
1323.686: [GC (Allocation Failure) [PSYoungGen: 66512K->1565K(67072K)] 374740K->309793K(716800K), 0.0016202 secs] [Times: user=0.00 sys=0.00, real=0.00 secs] 
1324.076: [GC (Allocation Failure) [PSYoungGen: 66589K->1616K(67072K)] 374817K->309844K(716800K), 0.0016521 secs] [Times: user=0.01 sys=0.00, real=0.00 secs] 
1324.470: [GC (Allocation Failure) [PSYoungGen: 66640K->1613K(67072K)] 374868K->309841K(716800K), 0.0017016 secs] [Times: user=0.01 sys=0.00, real=0.01 secs] 
1324.945: [GC (Allocation Failure) [PSYoungGen: 66637K->1584K(67072K)] 374865K->309828K(716800K), 0.0015947 secs] [Times: user=0.00 sys=0.00, real=0.00 secs] 
1325.706: [GC (Allocation Failure) [PSYoungGen: 66608K->1520K(67072K)] 374852K->309764K(716800K), 0.0031351 secs] [Times: user=0.02 sys=0.00, real=0.00 secs] 
1326.437: [GC (Allocation Failure) [PSYoungGen: 66544K->1440K(67072K)] 374788K->309684K(716800K), 0.0024267 secs] [Times: user=0.01 sys=0.00, real=0.00 secs] 
1327.209: [GC (Allocation Failure) [PSYoungGen: 66464K->1440K(67072K)] 374708K->309684K(716800K), 0.0025866 secs] [Times: user=0.01 sys=0.00, real=0.01 secs] 
1327.905: [GC (Allocation Failure) [PSYoungGen: 66464K->1424K(67072K)] 374708K->309708K(716800K), 0.0029642 secs] [Times: user=0.01 sys=0.00, real=0.00 secs] 
1328.483: [GC (Allocation Failure) [PSYoungGen: 66448K->1584K(67072K)] 374732K->309892K(716800K), 0.0016078 secs] [Times: user=0.00 sys=0.00, real=0.00 secs] 
1328.929: [GC (Allocation Failure) [PSYoungGen: 66608K->1533K(67072K)] 374916K->309913K(716800K), 0.0016370 secs] [Times: user=0.01 sys=0.01, real=0.01 secs] 
1329.320: [GC (Allocation Failure) [PSYoungGen: 66557K->1549K(67072K)] 374937K->309937K(716800K), 0.0016077 secs] [Times: user=0.00 sys=0.00, real=0.00 secs] 
1329.772: [GC (Allocation Failure) [PSYoungGen: 66558K->1520K(67072K)] 374946K->309924K(716800K), 0.0015728 secs] [Times: user=0.01 sys=0.00, real=0.00 secs] 
1330.309: [GC (Allocation Failure) [PSYoungGen: 66544K->1408K(67072K)] 374948K->309812K(716800K), 0.0026683 secs] [Times: user=0.01 sys=0.00, real=0.01 secs] 
1330.841: [GC (Allocation Failure) [PSYoungGen: 66432K->1376K(67072K)] 374836K->309780K(716800K), 0.0024348 secs] [Times: user=0.01 sys=0.00, real=0.00 secs] 
1331.365: [GC (Allocation Failure) [PSYoungGen: 66400K->1376K(67072K)] 374804K->309780K(716800K), 0.0028243 secs] [Times: user=0.01 sys=0.00, real=0.00 secs] 
1331.781: [GC (Allocation Failure) [PSYoungGen: 66400K->1408K(67072K)] 374804K->309812K(716800K), 0.0025031 secs] [Times: user=0.01 sys=0.00, real=0.00 secs] 
1332.270: [GC (Allocation Failure) [PSYoungGen: 66432K->1469K(67072K)] 374836K->309881K(716800K), 0.0015477 secs] [Times: user=0.01 sys=0.00, real=0.01 secs] 
1332.665: [GC (Allocation Failure) [PSYoungGen: 66493K->1517K(67072K)] 374905K->309929K(716800K), 0.0015801 secs] [Times: user=0.01 sys=0.00, real=0.00 secs] 
1333.058: [GC (Allocation Failure) [PSYoungGen: 66541K->1517K(67072K)] 374953K->309929K(716800K), 0.0016907 secs] [Times: user=0.01 sys=0.00, real=0.00 secs] 
1333.450: [GC (Allocation Failure) [PSYoungGen: 66541K->1520K(67072K)] 374953K->309940K(716800K), 0.0016510 secs] [Times: user=0.00 sys=0.00, real=0.00 secs] 
1333.849: [GC (Allocation Failure) [PSYoungGen: 66544K->1408K(67072K)] 374964K->309828K(716800K), 0.0019493 secs] [Times: user=0.00 sys=0.00, real=0.01 secs] 
1334.131: [GC (Allocation Failure) [PSYoungGen: 66432K->1376K(67072K)] 374852K->309796K(716800K), 0.0019246 secs] [Times: user=0.00 sys=0.00, real=0.00 secs] 
1334.402: [GC (Allocation Failure) [PSYoungGen: 66400K->1408K(67072K)] 374820K->309828K(716800K), 0.0025509 secs] [Times: user=0.01 sys=0.00, real=0.00 secs] 
1334.704: [GC (Allocation Failure) [PSYoungGen: 66432K->1344K(67072K)] 374852K->309764K(716800K), 0.0023824 secs] [Times: user=0.01 sys=0.00, real=0.00 secs] 
1335.067: [GC (Allocation Failure) [PSYoungGen: 66368K->1469K(67072K)] 374788K->309889K(716800K), 0.0015898 secs] [Times: user=0.01 sys=0.00, real=0.00 secs] 
1335.461: [GC (Allocation Failure) [PSYoungGen: 66493K->1549K(67072K)] 374913K->309969K(716800K), 0.0016641 secs] [Times: user=0.01 sys=0.00, real=0.00 secs] 
1335.854: [GC (Allocation Failure) [PSYoungGen: 66573K->1549K(67072K)] 374993K->309969K(716800K), 0.0016296 secs] [Times: user=0.01 sys=0.00, real=0.00 secs] 
1336.245: [GC (Allocation Failure) [PSYoungGen: 66573K->1501K(67072K)] 374993K->309945K(716800K), 0.0016172 secs] [Times: user=0.01 sys=0.00, real=0.00 secs] 
1336.663: [GC (Allocation Failure) [PSYoungGen: 66525K->1424K(67072K)] 374969K->309884K(716800K), 0.0018270 secs] [Times: user=0.01 sys=0.00, real=0.00 secs] 
1337.223: [GC (Allocation Failure) [PSYoungGen: 66448K->1376K(67072K)] 374908K->309836K(716800K), 0.0017941 secs] [Times: user=0.00 sys=0.00, real=0.00 secs] 
1337.815: [GC (Allocation Failure) [PSYoungGen: 66400K->1376K(67072K)] 374860K->309836K(716800K), 0.0022951 secs] [Times: user=0.01 sys=0.00, real=0.00 secs] 
1338.406: [GC (Allocation Failure) [PSYoungGen: 66400K->1296K(67072K)] 374860K->309756K(716800K), 0.0029275 secs] [Times: user=0.01 sys=0.00, real=0.00 secs] 
1339.055: [GC (Allocation Failure) [PSYoungGen: 66320K->1440K(67072K)] 374780K->309900K(716800K), 0.0015377 secs] [Times: user=0.01 sys=0.00, real=0.00 secs] 
1339.508: [GC (Allocation Failure) [PSYoungGen: 66464K->1552K(67072K)] 374924K->310012K(716800K), 0.0016803 secs] [Times: user=0.00 sys=0.00, real=0.00 secs] 
1339.963: [GC (Allocation Failure) [PSYoungGen: 66576K->1549K(67072K)] 375036K->310009K(716800K), 0.0016200 secs] [Times: user=0.00 sys=0.00, real=0.00 secs] 
1340.415: [GC (Allocation Failure) [PSYoungGen: 66557K->1552K(67072K)] 375017K->310020K(716800K), 0.0018076 secs] [Times: user=0.01 sys=0.00, real=0.00 secs] 
1341.386: [GC (Allocation Failure) [PSYoungGen: 66576K->1360K(67072K)] 375044K->309828K(716800K), 0.0029755 secs] [Times: user=0.01 sys=0.00, real=0.00 secs] 
1342.494: [GC (Allocation Failure) [PSYoungGen: 66384K->1376K(67072K)] 374852K->309844K(716800K), 0.0019775 secs] [Times: user=0.01 sys=0.00, real=0.00 secs] 
1343.346: [GC (Allocation Failure) [PSYoungGen: 66400K->1408K(67072K)] 374868K->309876K(716800K), 0.0022722 secs] [Times: user=0.00 sys=0.00, real=0.00 secs] 
1344.302: [GC (Allocation Failure) [PSYoungGen: 66432K->1376K(67072K)] 374900K->309844K(716800K), 0.0029757 secs] [Times: user=0.01 sys=0.00, real=0.00 secs] 
1345.282: [GC (Allocation Failure) [PSYoungGen: 66400K->1504K(67072K)] 374868K->309972K(716800K), 0.0017704 secs] [Times: user=0.01 sys=0.00, real=0.00 secs] 
1345.673: [GC (Allocation Failure) [PSYoungGen: 66528K->1552K(67072K)] 374996K->310020K(716800K), 0.0016248 secs] [Times: user=0.01 sys=0.00, real=0.00 secs] 
1346.125: [GC (Allocation Failure) [PSYoungGen: 66576K->1552K(67072K)] 375044K->310020K(716800K), 0.0016305 secs] [Times: user=0.00 sys=0.00, real=0.00 secs] 
1346.521: [GC (Allocation Failure) [PSYoungGen: 66576K->1552K(67072K)] 375044K->310028K(716800K), 0.0016206 secs] [Times: user=0.01 sys=0.00, real=0.00 secs] 
1346.924: [GC (Allocation Failure) [PSYoungGen: 66576K->1392K(67072K)] 375052K->309868K(716800K), 0.0027107 secs] [Times: user=0.01 sys=0.00, real=0.00 secs] 
1347.207: [GC (Allocation Failure) [PSYoungGen: 66416K->1376K(67072K)] 374892K->309852K(716800K), 0.0019313 secs] [Times: user=0.00 sys=0.00, real=0.00 secs] 
1347.640: [GC (Allocation Failure) [PSYoungGen: 66400K->1392K(67072K)] 374876K->309868K(716800K), 0.0020778 secs] [Times: user=0.01 sys=0.00, real=0.00 secs] 
1348.311: [GC (Allocation Failure) [PSYoungGen: 66416K->1408K(67072K)] 374892K->309884K(716800K), 0.0019902 secs] [Times: user=0.00 sys=0.00, real=0.00 secs] 
1348.941: [GC (Allocation Failure) [PSYoungGen: 66432K->1520K(67072K)] 374908K->309996K(716800K), 0.0016866 secs] [Times: user=0.01 sys=0.00, real=0.00 secs] 
1349.331: [GC (Allocation Failure) [PSYoungGen: 66544K->1501K(67072K)] 375020K->309977K(716800K), 0.0017234 secs] [Times: user=0.01 sys=0.00, real=0.00 secs] 
1349.722: [GC (Allocation Failure) [PSYoungGen: 66505K->1517K(67072K)] 374981K->309993K(716800K), 0.0016083 secs] [Times: user=0.01 sys=0.00, real=0.00 secs] 
1350.112: [GC (Allocation Failure) [PSYoungGen: 66509K->1533K(67072K)] 374985K->310017K(716800K), 0.0016847 secs] [Times: user=0.01 sys=0.00, real=0.00 secs] 
1350.534: [GC (Allocation Failure) [PSYoungGen: 66557K->1456K(67072K)] 375041K->309940K(716800K), 0.0018401 secs] [Times: user=0.01 sys=0.00, real=0.00 secs] 
1351.106: [GC (Allocation Failure) [PSYoungGen: 66480K->1424K(67072K)] 374964K->309908K(716800K), 0.0020342 secs] [Times: user=0.01 sys=0.00, real=0.00 secs] 
1351.630: [GC (Allocation Failure) [PSYoungGen: 66448K->1376K(67072K)] 374932K->309860K(716800K), 0.0018424 secs] [Times: user=0.01 sys=0.00, real=0.00 secs] 
1352.232: [GC (Allocation Failure) [PSYoungGen: 66400K->1424K(67072K)] 374884K->309908K(716800K), 0.0020627 secs] [Times: user=0.01 sys=0.00, real=0.00 secs] 
1352.956: [GC (Allocation Failure) [PSYoungGen: 66448K->1469K(67072K)] 374932K->309953K(716800K), 0.0015838 secs] [Times: user=0.00 sys=0.00, real=0.00 secs] 
1353.349: [GC (Allocation Failure) [PSYoungGen: 66493K->1552K(67072K)] 374977K->310036K(716800K), 0.0015707 secs] [Times: user=0.01 sys=0.00, real=0.01 secs] 
1353.741: [GC (Allocation Failure) [PSYoungGen: 66566K->1485K(67072K)] 375050K->309969K(716800K), 0.0016270 secs] [Times: user=0.00 sys=0.00, real=0.00 secs] 
1354.133: [GC (Allocation Failure) [PSYoungGen: 66509K->1520K(67072K)] 374993K->310028K(716800K), 0.0016916 secs] [Times: user=0.01 sys=0.00, real=0.00 secs] 
1354.778: [GC (Allocation Failure) [PSYoungGen: 66544K->1440K(67072K)] 375052K->309948K(716800K), 0.0025619 secs] [Times: user=0.01 sys=0.00, real=0.01 secs] 
1355.164: [GC (Allocation Failure) [PSYoungGen: 66464K->1344K(67072K)] 374972K->309852K(716800K), 0.0024529 secs] [Times: user=0.00 sys=0.00, real=0.00 secs] 
1355.440: [GC (Allocation Failure) [PSYoungGen: 66368K->1360K(67072K)] 374876K->309868K(716800K), 0.0020268 secs] [Times: user=0.01 sys=0.00, real=0.01 secs] 
1355.716: [GC (Allocation Failure) [PSYoungGen: 66384K->1408K(67072K)] 374892K->309916K(716800K), 0.0018834 secs] [Times: user=0.01 sys=0.00, real=0.00 secs] 
1356.038: [GC (Allocation Failure) [PSYoungGen: 66432K->1437K(67072K)] 374940K->309945K(716800K), 0.0015198 secs] [Times: user=0.01 sys=0.00, real=0.00 secs] 
1356.429: [GC (Allocation Failure) [PSYoungGen: 66461K->1504K(67072K)] 374969K->310012K(716800K), 0.0018802 secs] [Times: user=0.00 sys=0.00, real=0.01 secs] 
1356.819: [GC (Allocation Failure) [PSYoungGen: 66528K->1549K(67072K)] 375036K->310057K(716800K), 0.0015080 secs] [Times: user=0.00 sys=0.00, real=0.01 secs] 
1357.211: [GC (Allocation Failure) [PSYoungGen: 66573K->1520K(67072K)] 375081K->310036K(716800K), 0.0017294 secs] [Times: user=0.01 sys=0.00, real=0.00 secs] 
1358.044: [GC (Allocation Failure) [PSYoungGen: 66544K->1424K(67072K)] 375060K->309964K(716800K), 0.0031674 secs] [Times: user=0.02 sys=0.00, real=0.00 secs] 
1358.897: [GC (Allocation Failure) [PSYoungGen: 66448K->1376K(67072K)] 374988K->309916K(716800K), 0.0036217 secs] [Times: user=0.02 sys=0.00, real=0.01 secs] 
1359.692: [GC (Allocation Failure) [PSYoungGen: 66400K->1344K(67072K)] 374940K->309884K(716800K), 0.0027812 secs] [Times: user=0.01 sys=0.00, real=0.00 secs] 
1360.436: [GC (Allocation Failure) [PSYoungGen: 66368K->1376K(67072K)] 374908K->309916K(716800K), 0.0028426 secs] [Times: user=0.01 sys=0.00, real=0.00 secs] 
1361.326: [GC (Allocation Failure) [PSYoungGen: 66400K->1456K(67072K)] 374940K->309996K(716800K), 0.0023186 secs] [Times: user=0.01 sys=0.00, real=0.00 secs] 
1361.747: [GC (Allocation Failure) [PSYoungGen: 66480K->1517K(67072K)] 375020K->310057K(716800K), 0.0016186 secs] [Times: user=0.00 sys=0.00, real=0.00 secs] 
1362.139: [GC (Allocation Failure) [PSYoungGen: 66541K->1533K(67072K)] 375081K->310073K(716800K), 0.0017390 secs] [Times: user=0.00 sys=0.00, real=0.01 secs] 
1362.530: [GC (Allocation Failure) [PSYoungGen: 66557K->1549K(67072K)] 375097K->310097K(716800K), 0.0016347 secs] [Times: user=0.00 sys=0.00, real=0.01 secs] 
1363.058: [GC (Allocation Failure) [PSYoungGen: 66573K->1472K(67072K)] 375121K->310020K(716800K), 0.0019986 secs] [Times: user=0.01 sys=0.00, real=0.00 secs] 
1364.015: [GC (Allocation Failure) [PSYoungGen: 66496K->1408K(67072K)] 375044K->309956K(716800K), 0.0032584 secs] [Times: user=0.02 sys=0.00, real=0.00 secs] 
1364.939: [GC (Allocation Failure) [PSYoungGen: 66432K->1408K(67072K)] 374980K->309956K(716800K), 0.0037273 secs] [Times: user=0.02 sys=0.00, real=0.01 secs] 
1366.175: [GC (Allocation Failure) [PSYoungGen: 66432K->1376K(67072K)] 374980K->309924K(716800K), 0.0031052 secs] [Times: user=0.01 sys=0.00, real=0.00 secs] 
1366.835: [GC (Allocation Failure) [PSYoungGen: 66400K->1456K(67072K)] 374948K->310004K(716800K), 0.0026102 secs] [Times: user=0.01 sys=0.00, real=0.00 secs] 
1367.367: [GC (Allocation Failure) [PSYoungGen: 66480K->1520K(67072K)] 375028K->310068K(716800K), 0.0016329 secs] [Times: user=0.01 sys=0.00, real=0.00 secs] 
1367.758: [GC (Allocation Failure) [PSYoungGen: 66531K->1552K(67072K)] 375079K->310100K(716800K), 0.0017312 secs] [Times: user=0.01 sys=0.00, real=0.00 secs] 
1368.153: [GC (Allocation Failure) [PSYoungGen: 66545K->1520K(67072K)] 375093K->310076K(716800K), 0.0015673 secs] [Times: user=0.00 sys=0.00, real=0.00 secs] 
1368.526: [GC (Allocation Failure) [PSYoungGen: 66544K->1488K(67072K)] 375100K->310044K(716800K), 0.0021897 secs] [Times: user=0.01 sys=0.00, real=0.00 secs] 
1368.798: [GC (Allocation Failure) [PSYoungGen: 66512K->1376K(67072K)] 375068K->309932K(716800K), 0.0019598 secs] [Times: user=0.01 sys=0.00, real=0.00 secs] 
1369.068: [GC (Allocation Failure) [PSYoungGen: 66400K->1344K(67072K)] 374956K->309900K(716800K), 0.0019703 secs] [Times: user=0.01 sys=0.00, real=0.00 secs] 
1369.338: [GC (Allocation Failure) [PSYoungGen: 66368K->1408K(67072K)] 374924K->309988K(716800K), 0.0019596 secs] [Times: user=0.01 sys=0.00, real=0.00 secs] 
1369.645: [GC (Allocation Failure) [PSYoungGen: 66432K->1373K(67072K)] 375012K->309953K(716800K), 0.0016219 secs] [Times: user=0.01 sys=0.00, real=0.00 secs] 
1370.045: [GC (Allocation Failure) [PSYoungGen: 66397K->1552K(67072K)] 374977K->310132K(716800K), 0.0017489 secs] [Times: user=0.01 sys=0.00, real=0.00 secs] 
1370.436: [GC (Allocation Failure) [PSYoungGen: 66576K->1520K(67072K)] 375156K->310100K(716800K), 0.0016262 secs] [Times: user=0.01 sys=0.00, real=0.00 secs] 
1370.828: [GC (Allocation Failure) [PSYoungGen: 66531K->1517K(67072K)] 375111K->310105K(716800K), 0.0016615 secs] [Times: user=0.01 sys=0.00, real=0.00 secs] 
1371.322: [GC (Allocation Failure) [PSYoungGen: 66541K->1488K(67072K)] 375129K->310076K(716800K), 0.0019237 secs] [Times: user=0.01 sys=0.00, real=0.00 secs] 
1371.826: [GC (Allocation Failure) [PSYoungGen: 66512K->1344K(67072K)] 375100K->309932K(716800K), 0.0017927 secs] [Times: user=0.00 sys=0.00, real=0.00 secs] 
1372.385: [GC (Allocation Failure) [PSYoungGen: 66368K->1408K(67072K)] 374956K->309996K(716800K), 0.0029701 secs] [Times: user=0.01 sys=0.00, real=0.00 secs] 
1372.938: [GC (Allocation Failure) [PSYoungGen: 66432K->1376K(67072K)] 375020K->309964K(716800K), 0.0029491 secs] [Times: user=0.01 sys=0.00, real=0.01 secs] 
1373.377: [GC (Allocation Failure) [PSYoungGen: 66400K->1344K(67072K)] 374988K->309932K(716800K), 0.0020213 secs] [Times: user=0.00 sys=0.00, real=0.00 secs] 
1373.828: [GC (Allocation Failure) [PSYoungGen: 66368K->1520K(67072K)] 374956K->310108K(716800K), 0.0016660 secs] [Times: user=0.00 sys=0.00, real=0.00 secs] 
1374.221: [GC (Allocation Failure) [PSYoungGen: 66544K->1565K(67072K)] 375132K->310153K(716800K), 0.0016911 secs] [Times: user=0.01 sys=0.00, real=0.00 secs] 
1374.613: [GC (Allocation Failure) [PSYoungGen: 66589K->1517K(67072K)] 375177K->310113K(716800K), 0.0015961 secs] [Times: user=0.01 sys=0.00, real=0.00 secs] 
1374.997: [GC (Allocation Failure) [PSYoungGen: 66541K->1488K(67072K)] 375137K->310084K(716800K), 0.0018729 secs] [Times: user=0.00 sys=0.00, real=0.00 secs] 
1375.267: [GC (Allocation Failure) [PSYoungGen: 66512K->1376K(67072K)] 375108K->309972K(716800K), 0.0016552 secs] [Times: user=0.01 sys=0.00, real=0.00 secs] 
1375.537: [GC (Allocation Failure) [PSYoungGen: 66400K->1408K(67072K)] 374996K->310004K(716800K), 0.0016433 secs] [Times: user=0.01 sys=0.00, real=0.00 secs] 
1375.807: [GC (Allocation Failure) [PSYoungGen: 66432K->1408K(67072K)] 375028K->310004K(716800K), 0.0014875 secs] [Times: user=0.00 sys=0.00, real=0.00 secs] 
1376.077: [GC (Allocation Failure) [PSYoungGen: 66432K->1376K(67072K)] 375028K->309972K(716800K), 0.0020362 secs] [Times: user=0.01 sys=0.00, real=0.00 secs] 
1376.616: [GC (Allocation Failure) [PSYoungGen: 66400K->1552K(67072K)] 374996K->310148K(716800K), 0.0016507 secs] [Times: user=0.00 sys=0.00, real=0.00 secs] 
1377.007: [GC (Allocation Failure) [PSYoungGen: 66576K->1533K(67072K)] 375172K->310145K(716800K), 0.0016099 secs] [Times: user=0.01 sys=0.00, real=0.00 secs] 
1377.399: [GC (Allocation Failure) [PSYoungGen: 66557K->1485K(67072K)] 375169K->310105K(716800K), 0.0015608 secs] [Times: user=0.00 sys=0.00, real=0.01 secs] 
1377.930: [GC (Allocation Failure) [PSYoungGen: 66509K->1472K(67072K)] 375129K->310092K(716800K), 0.0021854 secs] [Times: user=0.00 sys=0.00, real=0.01 secs] 
1378.549: [GC (Allocation Failure) [PSYoungGen: 66496K->1344K(67072K)] 375116K->309964K(716800K), 0.0022071 secs] [Times: user=0.01 sys=0.00, real=0.01 secs] 
1378.857: [GC (Allocation Failure) [PSYoungGen: 66368K->1408K(67072K)] 374988K->310028K(716800K), 0.0020442 secs] [Times: user=0.01 sys=0.00, real=0.00 secs] 
1379.127: [GC (Allocation Failure) [PSYoungGen: 66432K->1328K(67072K)] 375052K->309948K(716800K), 0.0020134 secs] [Times: user=0.01 sys=0.00, real=0.00 secs] 
1379.397: [GC (Allocation Failure) [PSYoungGen: 66352K->1344K(67072K)] 374972K->309964K(716800K), 0.0019211 secs] [Times: user=0.01 sys=0.00, real=0.00 secs] 
1379.791: [GC (Allocation Failure) [PSYoungGen: 66368K->1533K(67072K)] 374988K->310153K(716800K), 0.0015652 secs] [Times: user=0.01 sys=0.00, real=0.00 secs] 
1380.245: [GC (Allocation Failure) [PSYoungGen: 66543K->1552K(67072K)] 375163K->310172K(716800K), 0.0016776 secs] [Times: user=0.00 sys=0.00, real=0.00 secs] 
1380.635: [GC (Allocation Failure) [PSYoungGen: 66576K->1517K(67072K)] 375196K->310145K(716800K), 0.0016543 secs] [Times: user=0.01 sys=0.00, real=0.00 secs] 
1381.055: [GC (Allocation Failure) [PSYoungGen: 66541K->1552K(67072K)] 375169K->310180K(716800K), 0.0021607 secs] [Times: user=0.00 sys=0.00, real=0.00 secs] 
1381.591: [GC (Allocation Failure) [PSYoungGen: 66576K->1408K(67072K)] 375204K->310036K(716800K), 0.0028863 secs] [Times: user=0.01 sys=0.00, real=0.00 secs] 
1381.987: [GC (Allocation Failure) [PSYoungGen: 66432K->1440K(67072K)] 375060K->310068K(716800K), 0.0020110 secs] [Times: user=0.01 sys=0.00, real=0.00 secs] 
1382.257: [GC (Allocation Failure) [PSYoungGen: 66464K->1408K(67072K)] 375092K->310036K(716800K), 0.0017285 secs] [Times: user=0.01 sys=0.00, real=0.00 secs] 
1382.527: [GC (Allocation Failure) [PSYoungGen: 66432K->1408K(67072K)] 375060K->310036K(716800K), 0.0018392 secs] [Times: user=0.01 sys=0.00, real=0.00 secs] 
1382.931: [GC (Allocation Failure) [PSYoungGen: 66432K->1533K(67072K)] 375060K->310161K(716800K), 0.0016833 secs] [Times: user=0.00 sys=0.00, real=0.00 secs] 
1383.391: [GC (Allocation Failure) [PSYoungGen: 66557K->1552K(67072K)] 375185K->310180K(716800K), 0.0015871 secs] [Times: user=0.01 sys=0.00, real=0.00 secs] 
1383.785: [GC (Allocation Failure) [PSYoungGen: 66576K->1549K(67072K)] 375204K->310193K(716800K), 0.0016294 secs] [Times: user=0.00 sys=0.00, real=0.00 secs] 
1384.202: [GC (Allocation Failure) [PSYoungGen: 66573K->2032K(67072K)] 375217K->310684K(716800K), 0.0019072 secs] [Times: user=0.01 sys=0.00, real=0.00 secs] 
1384.577: [GC (Allocation Failure) [PSYoungGen: 67056K->1408K(67072K)] 375708K->310060K(716800K), 0.0022169 secs] [Times: user=0.01 sys=0.00, real=0.00 secs] 
1384.849: [GC (Allocation Failure) [PSYoungGen: 66432K->1408K(67072K)] 375084K->310060K(716800K), 0.0019726 secs] [Times: user=0.01 sys=0.00, real=0.01 secs] 
1385.159: [GC (Allocation Failure) [PSYoungGen: 66432K->1376K(67072K)] 375084K->310028K(716800K), 0.0030523 secs] [Times: user=0.01 sys=0.00, real=0.01 secs] 
1385.431: [GC (Allocation Failure) [PSYoungGen: 66400K->1376K(67072K)] 375052K->310028K(716800K), 0.0019554 secs] [Times: user=0.01 sys=0.00, real=0.00 secs] 
1385.827: [GC (Allocation Failure) [PSYoungGen: 66400K->1453K(67072K)] 375052K->310105K(716800K), 0.0016312 secs] [Times: user=0.01 sys=0.00, real=0.00 secs] 
1386.282: [GC (Allocation Failure) [PSYoungGen: 66477K->1565K(67072K)] 375129K->310217K(716800K), 0.0016578 secs] [Times: user=0.00 sys=0.00, real=0.00 secs] 
1386.674: [GC (Allocation Failure) [PSYoungGen: 66589K->1517K(67072K)] 375241K->310201K(716800K), 0.0017631 secs] [Times: user=0.01 sys=0.00, real=0.00 secs] 
1387.154: [GC (Allocation Failure) [PSYoungGen: 66541K->2032K(67072K)] 375225K->310732K(716800K), 0.0019798 secs] [Times: user=0.00 sys=0.00, real=0.00 secs] 
1387.471: [GC (Allocation Failure) [PSYoungGen: 67056K->1376K(67072K)] 375756K->310076K(716800K), 0.0019526 secs] [Times: user=0.01 sys=0.00, real=0.00 secs] 
1387.915: [GC (Allocation Failure) [PSYoungGen: 66400K->1344K(67072K)] 375100K->310044K(716800K), 0.0025091 secs] [Times: user=0.01 sys=0.00, real=0.00 secs] 
1388.481: [GC (Allocation Failure) [PSYoungGen: 66368K->1344K(67072K)] 375068K->310044K(716800K), 0.0020996 secs] [Times: user=0.01 sys=0.00, real=0.00 secs] 
1389.056: [GC (Allocation Failure) [PSYoungGen: 66368K->1328K(67072K)] 375068K->310028K(716800K), 0.0020677 secs] [Times: user=0.01 sys=0.00, real=0.00 secs] 
1389.888: [GC (GCLocker Initiated GC) [PSYoungGen: 66352K->1488K(67072K)] 375052K->310188K(716800K), 0.0015630 secs] [Times: user=0.01 sys=0.00, real=0.00 secs] 
1390.347: [GC (Allocation Failure) [PSYoungGen: 66512K->1456K(67072K)] 375821K->310765K(716800K), 0.0016812 secs] [Times: user=0.01 sys=0.00, real=0.00 secs] 
1390.737: [GC (Allocation Failure) [PSYoungGen: 66480K->1552K(67072K)] 375789K->310869K(716800K), 0.0017373 secs] [Times: user=0.01 sys=0.00, real=0.00 secs] 
1391.121: [GC (Allocation Failure) [PSYoungGen: 66576K->1536K(67072K)] 375893K->310853K(716800K), 0.0017614 secs] [Times: user=0.01 sys=0.00, real=0.00 secs] 
1391.730: [GC (Allocation Failure) [PSYoungGen: 66560K->1440K(67072K)] 375877K->310757K(716800K), 0.0030585 secs] [Times: user=0.02 sys=0.00, real=0.01 secs] 
1392.249: [GC (Allocation Failure) [PSYoungGen: 66464K->1440K(67072K)] 375781K->310757K(716800K), 0.0022489 secs] [Times: user=0.01 sys=0.00, real=0.01 secs] 
1393.048: [GC (Allocation Failure) [PSYoungGen: 66464K->1440K(67072K)] 375781K->310757K(716800K), 0.0021218 secs] [Times: user=0.00 sys=0.00, real=0.00 secs] 
1393.772: [GC (Allocation Failure) [PSYoungGen: 66464K->1424K(67072K)] 375781K->310741K(716800K), 0.0029786 secs] [Times: user=0.01 sys=0.00, real=0.00 secs] 
1394.321: [GC (Allocation Failure) [PSYoungGen: 66448K->1517K(67072K)] 375765K->310834K(716800K), 0.0016362 secs] [Times: user=0.01 sys=0.00, real=0.00 secs] 
1394.713: [GC (Allocation Failure) [PSYoungGen: 66529K->1517K(67072K)] 375847K->310834K(716800K), 0.0016047 secs] [Times: user=0.00 sys=0.00, real=0.00 secs] 
1395.104: [GC (Allocation Failure) [PSYoungGen: 66541K->1581K(67072K)] 375858K->310914K(716800K), 0.0016382 secs] [Times: user=0.00 sys=0.00, real=0.00 secs] 
1395.496: [GC (Allocation Failure) [PSYoungGen: 66605K->1517K(67072K)] 375938K->310850K(716800K), 0.0016583 secs] [Times: user=0.00 sys=0.00, real=0.00 secs] 
1396.216: [GC (Allocation Failure) [PSYoungGen: 66541K->1488K(67072K)] 375874K->310821K(716800K), 0.0027882 secs] [Times: user=0.02 sys=0.00, real=0.00 secs] 
1396.741: [GC (Allocation Failure) [PSYoungGen: 66512K->1408K(67072K)] 375845K->310741K(716800K), 0.0025922 secs] [Times: user=0.01 sys=0.00, real=0.00 secs] 
1397.280: [GC (Allocation Failure) [PSYoungGen: 66432K->1440K(67072K)] 375765K->310773K(716800K), 0.0022715 secs] [Times: user=0.00 sys=0.00, real=0.01 secs] 
1397.829: [GC (Allocation Failure) [PSYoungGen: 66464K->1344K(67072K)] 375797K->310717K(716800K), 0.0022611 secs] [Times: user=0.01 sys=0.00, real=0.01 secs] 
1398.493: [GC (Allocation Failure) [PSYoungGen: 66368K->1520K(67072K)] 375741K->310901K(716800K), 0.0015809 secs] [Times: user=0.01 sys=0.00, real=0.00 secs] 
1398.946: [GC (Allocation Failure) [PSYoungGen: 66544K->1520K(67072K)] 375925K->310901K(716800K), 0.0016349 secs] [Times: user=0.00 sys=0.00, real=0.00 secs] 
1399.338: [GC (Allocation Failure) [PSYoungGen: 66544K->1549K(67072K)] 375925K->310962K(716800K), 0.0016921 secs] [Times: user=0.01 sys=0.00, real=0.00 secs] 
1399.729: [GC (Allocation Failure) [PSYoungGen: 66573K->1517K(67072K)] 375986K->310930K(716800K), 0.0015549 secs] [Times: user=0.00 sys=0.00, real=0.01 secs] 
1400.094: [GC (Allocation Failure) [PSYoungGen: 66541K->1376K(67072K)] 375954K->310789K(716800K), 0.0024766 secs] [Times: user=0.01 sys=0.00, real=0.00 secs] 
1400.624: [GC (Allocation Failure) [PSYoungGen: 66400K->1344K(67072K)] 375813K->310757K(716800K), 0.0025263 secs] [Times: user=0.01 sys=0.01, real=0.00 secs] 
1401.153: [GC (Allocation Failure) [PSYoungGen: 66368K->1376K(67072K)] 375781K->310789K(716800K), 0.0031370 secs] [Times: user=0.01 sys=0.00, real=0.00 secs] 
1401.667: [GC (Allocation Failure) [PSYoungGen: 66400K->1376K(67072K)] 375813K->310789K(716800K), 0.0029266 secs] [Times: user=0.01 sys=0.00, real=0.00 secs] 
1402.193: [GC (Allocation Failure) [PSYoungGen: 66400K->1453K(67072K)] 375813K->310866K(716800K), 0.0015053 secs] [Times: user=0.00 sys=0.00, real=0.00 secs] 
1402.585: [GC (Allocation Failure) [PSYoungGen: 66477K->1552K(67072K)] 375890K->310965K(716800K), 0.0015829 secs] [Times: user=0.00 sys=0.00, real=0.00 secs] 
1402.978: [GC (Allocation Failure) [PSYoungGen: 66576K->1552K(67072K)] 375989K->310965K(716800K), 0.0016141 secs] [Times: user=0.00 sys=0.00, real=0.00 secs] 
1403.370: [GC (Allocation Failure) [PSYoungGen: 66576K->1517K(67072K)] 375989K->310938K(716800K), 0.0016016 secs] [Times: user=0.01 sys=0.00, real=0.00 secs] 
1403.734: [GC (Allocation Failure) [PSYoungGen: 66541K->1424K(67072K)] 375962K->310845K(716800K), 0.0018414 secs] [Times: user=0.01 sys=0.00, real=0.00 secs] 
1404.165: [GC (Allocation Failure) [PSYoungGen: 66448K->1376K(67072K)] 375869K->310797K(716800K), 0.0019824 secs] [Times: user=0.01 sys=0.00, real=0.00 secs] 
1404.634: [GC (Allocation Failure) [PSYoungGen: 66400K->1376K(67072K)] 375821K->310797K(716800K), 0.0030014 secs] [Times: user=0.01 sys=0.00, real=0.00 secs] 
1405.148: [GC (Allocation Failure) [PSYoungGen: 66400K->1408K(67072K)] 375821K->310829K(716800K), 0.0036423 secs] [Times: user=0.02 sys=0.00, real=0.01 secs] 
1405.811: [GC (Allocation Failure) [PSYoungGen: 66432K->1488K(67072K)] 375853K->310909K(716800K), 0.0015763 secs] [Times: user=0.00 sys=0.00, real=0.00 secs] 
1406.204: [GC (Allocation Failure) [PSYoungGen: 66512K->1485K(67072K)] 375933K->310906K(716800K), 0.0016378 secs] [Times: user=0.00 sys=0.00, real=0.00 secs] 
1406.597: [GC (Allocation Failure) [PSYoungGen: 66509K->1520K(67072K)] 375930K->310941K(716800K), 0.0016136 secs] [Times: user=0.01 sys=0.00, real=0.00 secs] 
1406.987: [GC (Allocation Failure) [PSYoungGen: 66531K->1520K(67072K)] 375952K->310949K(716800K), 0.0015975 secs] [Times: user=0.01 sys=0.00, real=0.00 secs] 
1407.302: [GC (Allocation Failure) [PSYoungGen: 66544K->1408K(67072K)] 375973K->310837K(716800K), 0.0018386 secs] [Times: user=0.01 sys=0.00, real=0.00 secs] 
1407.572: [GC (Allocation Failure) [PSYoungGen: 66432K->1360K(67072K)] 375861K->310813K(716800K), 0.0017402 secs] [Times: user=0.01 sys=0.00, real=0.00 secs] 
1407.842: [GC (Allocation Failure) [PSYoungGen: 66384K->1408K(67072K)] 375837K->310861K(716800K), 0.0016999 secs] [Times: user=0.01 sys=0.00, real=0.00 secs] 
1408.269: [GC (Allocation Failure) [PSYoungGen: 66432K->1344K(67072K)] 375885K->310797K(716800K), 0.0016162 secs] [Times: user=0.01 sys=0.00, real=0.01 secs] 
1408.773: [GC (Allocation Failure) [PSYoungGen: 66368K->1488K(67072K)] 375821K->310941K(716800K), 0.0014424 secs] [Times: user=0.01 sys=0.00, real=0.00 secs] 
1409.162: [GC (Allocation Failure) [PSYoungGen: 66512K->1549K(67072K)] 375965K->311002K(716800K), 0.0015648 secs] [Times: user=0.01 sys=0.00, real=0.00 secs] 
1409.555: [GC (Allocation Failure) [PSYoungGen: 66573K->1520K(67072K)] 376026K->310973K(716800K), 0.0016044 secs] [Times: user=0.01 sys=0.00, real=0.00 secs] 
1409.946: [GC (Allocation Failure) [PSYoungGen: 66544K->1485K(67072K)] 375997K->310962K(716800K), 0.0015900 secs] [Times: user=0.01 sys=0.00, real=0.00 secs] 
1410.272: [GC (Allocation Failure) [PSYoungGen: 66509K->1424K(67072K)] 375986K->310901K(716800K), 0.0017510 secs] [Times: user=0.01 sys=0.00, real=0.00 secs] 
1410.544: [GC (Allocation Failure) [PSYoungGen: 66448K->1376K(67072K)] 375925K->310853K(716800K), 0.0017063 secs] [Times: user=0.01 sys=0.00, real=0.00 secs] 
1410.815: [GC (Allocation Failure) [PSYoungGen: 66400K->1376K(67072K)] 375877K->310853K(716800K), 0.0017055 secs] [Times: user=0.01 sys=0.00, real=0.00 secs] 
1411.084: [GC (Allocation Failure) [PSYoungGen: 66400K->1392K(67072K)] 375877K->310869K(716800K), 0.0017485 secs] [Times: user=0.01 sys=0.00, real=0.00 secs] 
1411.440: [GC (Allocation Failure) [PSYoungGen: 66416K->1517K(67072K)] 375893K->310994K(716800K), 0.0017499 secs] [Times: user=0.00 sys=0.00, real=0.01 secs] 
1411.885: [GC (Allocation Failure) [PSYoungGen: 66541K->1552K(67072K)] 376018K->311029K(716800K), 0.0015902 secs] [Times: user=0.01 sys=0.00, real=0.00 secs] 
1412.276: [GC (Allocation Failure) [PSYoungGen: 66576K->1517K(67072K)] 376053K->310994K(716800K), 0.0015839 secs] [Times: user=0.01 sys=0.00, real=0.00 secs] 
1412.666: [GC (Allocation Failure) [PSYoungGen: 66541K->1549K(67072K)] 376018K->311034K(716800K), 0.0016440 secs] [Times: user=0.01 sys=0.00, real=0.00 secs] 
1413.957: [GC (Allocation Failure) [PSYoungGen: 66573K->1440K(67072K)] 376058K->310925K(716800K), 0.0046750 secs] [Times: user=0.02 sys=0.00, real=0.01 secs] 
1414.983: [GC (Allocation Failure) [PSYoungGen: 66464K->1408K(67072K)] 375949K->310893K(716800K), 0.0028593 secs] [Times: user=0.01 sys=0.00, real=0.00 secs] 
1415.852: [GC (Allocation Failure) [PSYoungGen: 66432K->1376K(67072K)] 375917K->310861K(716800K), 0.0032944 secs] [Times: user=0.01 sys=0.00, real=0.00 secs] 
1416.377: [GC (Allocation Failure) [PSYoungGen: 66400K->1392K(67072K)] 375885K->310877K(716800K), 0.0027513 secs] [Times: user=0.01 sys=0.00, real=0.00 secs] 
1416.937: [GC (Allocation Failure) [PSYoungGen: 66416K->1485K(67072K)] 375901K->310970K(716800K), 0.0015055 secs] [Times: user=0.01 sys=0.00, real=0.00 secs] 
1417.329: [GC (Allocation Failure) [PSYoungGen: 66478K->1613K(67072K)] 375963K->311098K(716800K), 0.0015996 secs] [Times: user=0.01 sys=0.00, real=0.01 secs] 
1417.719: [GC (Allocation Failure) [PSYoungGen: 66622K->1613K(67072K)] 376108K->311098K(716800K), 0.0017301 secs] [Times: user=0.00 sys=0.00, real=0.01 secs] 
1418.178: [GC (Allocation Failure) [PSYoungGen: 66622K->1520K(67072K)] 376108K->311037K(716800K), 0.0016428 secs] [Times: user=0.00 sys=0.00, real=0.00 secs] 
1418.553: [GC (Allocation Failure) [PSYoungGen: 66544K->1456K(67072K)] 376061K->310973K(716800K), 0.0023515 secs] [Times: user=0.01 sys=0.00, real=0.00 secs] 
1418.973: [GC (Allocation Failure) [PSYoungGen: 66480K->1344K(67072K)] 375997K->310861K(716800K), 0.0020331 secs] [Times: user=0.01 sys=0.00, real=0.00 secs] 
1419.533: [GC (Allocation Failure) [PSYoungGen: 66368K->1376K(67072K)] 375885K->310917K(716800K), 0.0037298 secs] [Times: user=0.01 sys=0.00, real=0.00 secs] 
1420.126: [GC (Allocation Failure) [PSYoungGen: 66400K->1344K(67072K)] 375941K->310885K(716800K), 0.0029408 secs] [Times: user=0.02 sys=0.00, real=0.00 secs] 
1420.687: [GC (Allocation Failure) [PSYoungGen: 66368K->1440K(67072K)] 375909K->310981K(716800K), 0.0014731 secs] [Times: user=0.00 sys=0.00, real=0.00 secs] 
1421.077: [GC (Allocation Failure) [PSYoungGen: 66464K->1485K(67072K)] 376005K->311026K(716800K), 0.0015521 secs] [Times: user=0.01 sys=0.00, real=0.00 secs] 
1421.542: [GC (Allocation Failure) [PSYoungGen: 66492K->1536K(67072K)] 376033K->311077K(716800K), 0.0017124 secs] [Times: user=0.01 sys=0.00, real=0.00 secs] 
1421.991: [GC (Allocation Failure) [PSYoungGen: 66549K->1520K(67072K)] 376090K->311069K(716800K), 0.0016003 secs] [Times: user=0.01 sys=0.00, real=0.00 secs] 
1422.503: [GC (Allocation Failure) [PSYoungGen: 66544K->1392K(67072K)] 376093K->310941K(716800K), 0.0026331 secs] [Times: user=0.01 sys=0.00, real=0.00 secs] 
1423.211: [GC (Allocation Failure) [PSYoungGen: 66416K->1408K(67072K)] 375965K->310957K(716800K), 0.0029441 secs] [Times: user=0.02 sys=0.00, real=0.00 secs] 
1423.812: [GC (Allocation Failure) [PSYoungGen: 66432K->1376K(67072K)] 375981K->310925K(716800K), 0.0025945 secs] [Times: user=0.01 sys=0.00, real=0.00 secs] 
1424.462: [GC (Allocation Failure) [PSYoungGen: 66400K->1344K(67072K)] 375949K->310893K(716800K), 0.0026896 secs] [Times: user=0.01 sys=0.01, real=0.00 secs] 
1425.411: [GC (Allocation Failure) [PSYoungGen: 66368K->1453K(67072K)] 375917K->311002K(716800K), 0.0018803 secs] [Times: user=0.01 sys=0.00, real=0.00 secs] 
1425.885: [GC (Allocation Failure) [PSYoungGen: 66477K->1517K(67072K)] 376026K->311066K(716800K), 0.0016238 secs] [Times: user=0.01 sys=0.00, real=0.00 secs] 
1426.277: [GC (Allocation Failure) [PSYoungGen: 66541K->1549K(67072K)] 376090K->311098K(716800K), 0.0015979 secs] [Times: user=0.00 sys=0.00, real=0.00 secs] 
1426.668: [GC (Allocation Failure) [PSYoungGen: 66562K->1488K(67072K)] 376111K->311053K(716800K), 0.0016342 secs] [Times: user=0.00 sys=0.00, real=0.00 secs] 
1427.151: [GC (Allocation Failure) [PSYoungGen: 66512K->1440K(67072K)] 376077K->311005K(716800K), 0.0031508 secs] [Times: user=0.01 sys=0.00, real=0.00 secs] 
1427.662: [GC (Allocation Failure) [PSYoungGen: 66464K->1408K(67072K)] 376029K->310973K(716800K), 0.0023294 secs] [Times: user=0.01 sys=0.00, real=0.00 secs] 
1428.199: [GC (Allocation Failure) [PSYoungGen: 66432K->1376K(67072K)] 375997K->310941K(716800K), 0.0022459 secs] [Times: user=0.01 sys=0.00, real=0.01 secs] 
1428.751: [GC (Allocation Failure) [PSYoungGen: 66400K->1408K(67072K)] 375965K->310973K(716800K), 0.0038006 secs] [Times: user=0.02 sys=0.00, real=0.00 secs] 
1429.498: [GC (Allocation Failure) [PSYoungGen: 66432K->1392K(67072K)] 375997K->310973K(716800K), 0.0019771 secs] [Times: user=0.01 sys=0.00, real=0.01 secs] 
1429.909: [GC (Allocation Failure) [PSYoungGen: 66416K->1584K(67072K)] 375997K->311165K(716800K), 0.0017469 secs] [Times: user=0.00 sys=0.00, real=0.01 secs] 
1430.363: [GC (Allocation Failure) [PSYoungGen: 66608K->1520K(67072K)] 376189K->311101K(716800K), 0.0015317 secs] [Times: user=0.01 sys=0.00, real=0.00 secs] 
1430.754: [GC (Allocation Failure) [PSYoungGen: 66544K->1517K(67072K)] 376125K->311106K(716800K), 0.0016228 secs] [Times: user=0.01 sys=0.00, real=0.00 secs] 
1431.578: [GC (Allocation Failure) [PSYoungGen: 66541K->1440K(67072K)] 376130K->311037K(716800K), 0.0032467 secs] [Times: user=0.01 sys=0.00, real=0.01 secs] 
1431.861: [GC (Allocation Failure) [PSYoungGen: 66464K->1408K(67072K)] 376061K->311005K(716800K), 0.0020952 secs] [Times: user=0.01 sys=0.00, real=0.00 secs] 
1432.173: [GC (Allocation Failure) [PSYoungGen: 66432K->1392K(67072K)] 376029K->310989K(716800K), 0.0020840 secs] [Times: user=0.01 sys=0.00, real=0.00 secs] 
1432.483: [GC (Allocation Failure) [PSYoungGen: 66416K->1376K(67072K)] 376013K->310973K(716800K), 0.0020194 secs] [Times: user=0.01 sys=0.00, real=0.00 secs] 
1432.849: [GC (Allocation Failure) [PSYoungGen: 66400K->1488K(67072K)] 375997K->311085K(716800K), 0.0015323 secs] [Times: user=0.00 sys=0.00, real=0.01 secs] 
1433.242: [GC (Allocation Failure) [PSYoungGen: 66512K->1517K(67072K)] 376109K->311114K(716800K), 0.0017142 secs] [Times: user=0.01 sys=0.00, real=0.00 secs] 
1433.640: [GC (Allocation Failure) [PSYoungGen: 66541K->1517K(67072K)] 376138K->311114K(716800K), 0.0016952 secs] [Times: user=0.01 sys=0.00, real=0.01 secs] 
1434.032: [GC (Allocation Failure) [PSYoungGen: 66532K->1488K(67072K)] 376130K->311101K(716800K), 0.0016942 secs] [Times: user=0.01 sys=0.00, real=0.00 secs] 
1434.893: [GC (Allocation Failure) [PSYoungGen: 66512K->1472K(67072K)] 376125K->311085K(716800K), 0.0033320 secs] [Times: user=0.01 sys=0.00, real=0.00 secs] 
1435.671: [GC (Allocation Failure) [PSYoungGen: 66496K->1408K(67072K)] 376109K->311021K(716800K), 0.0026057 secs] [Times: user=0.01 sys=0.00, real=0.00 secs] 
1436.200: [GC (Allocation Failure) [PSYoungGen: 66432K->1376K(67072K)] 376045K->310989K(716800K), 0.0020489 secs] [Times: user=0.01 sys=0.00, real=0.01 secs] 
1436.469: [GC (Allocation Failure) [PSYoungGen: 66400K->1360K(67072K)] 376013K->310973K(716800K), 0.0019527 secs] [Times: user=0.01 sys=0.00, real=0.01 secs] 
1436.837: [GC (Allocation Failure) [PSYoungGen: 66384K->1488K(67072K)] 375997K->311101K(716800K), 0.0015312 secs] [Times: user=0.01 sys=0.00, real=0.00 secs] 
1437.230: [GC (Allocation Failure) [PSYoungGen: 66512K->1517K(67072K)] 376125K->311130K(716800K), 0.0016001 secs] [Times: user=0.01 sys=0.00, real=0.01 secs] 
1437.620: [GC (Allocation Failure) [PSYoungGen: 66541K->1488K(67072K)] 376154K->311101K(716800K), 0.0016176 secs] [Times: user=0.01 sys=0.00, real=0.01 secs] 
1438.013: [GC (Allocation Failure) [PSYoungGen: 66512K->1488K(67072K)] 376125K->311125K(716800K), 0.0016750 secs] [Times: user=0.00 sys=0.00, real=0.00 secs] 
1438.538: [GC (Allocation Failure) [PSYoungGen: 66512K->1440K(67072K)] 376149K->311085K(716800K), 0.0019372 secs] [Times: user=0.01 sys=0.00, real=0.01 secs] 
1438.869: [GC (Allocation Failure) [PSYoungGen: 66464K->1376K(67072K)] 376109K->311021K(716800K), 0.0017639 secs] [Times: user=0.01 sys=0.00, real=0.01 secs] 
1439.235: [GC (Allocation Failure) [PSYoungGen: 66400K->1440K(67072K)] 376045K->311085K(716800K), 0.0017643 secs] [Times: user=0.01 sys=0.00, real=0.00 secs] 
1439.851: [GC (Allocation Failure) [PSYoungGen: 66464K->1392K(67072K)] 376109K->311037K(716800K), 0.0018709 secs] [Times: user=0.00 sys=0.00, real=0.00 secs] 
1440.436: [GC (Allocation Failure) [PSYoungGen: 66416K->1456K(67072K)] 376061K->311101K(716800K), 0.0022826 secs] [Times: user=0.01 sys=0.00, real=0.00 secs] 
1440.945: [GC (Allocation Failure) [PSYoungGen: 66480K->1565K(67072K)] 376125K->311210K(716800K), 0.0016478 secs] [Times: user=0.01 sys=0.00, real=0.00 secs] 
1441.335: [GC (Allocation Failure) [PSYoungGen: 66578K->1549K(67072K)] 376223K->311194K(716800K), 0.0016235 secs] [Times: user=0.01 sys=0.00, real=0.00 secs] 
1441.786: [GC (Allocation Failure) [PSYoungGen: 66563K->1549K(67072K)] 376208K->311202K(716800K), 0.0017717 secs] [Times: user=0.00 sys=0.00, real=0.00 secs] 
1442.254: [GC (Allocation Failure) [PSYoungGen: 66573K->1520K(67072K)] 376226K->311181K(716800K), 0.0022343 secs] [Times: user=0.01 sys=0.00, real=0.00 secs] 
1442.625: [GC (Allocation Failure) [PSYoungGen: 66544K->1408K(67072K)] 376205K->311077K(716800K), 0.0019439 secs] [Times: user=0.01 sys=0.00, real=0.00 secs] 
1442.908: [GC (Allocation Failure) [PSYoungGen: 66432K->1440K(67072K)] 376101K->311109K(716800K), 0.0019617 secs] [Times: user=0.00 sys=0.00, real=0.00 secs] 
1443.304: [GC (Allocation Failure) [PSYoungGen: 66464K->1376K(67072K)] 376133K->311045K(716800K), 0.0020587 secs] [Times: user=0.01 sys=0.00, real=0.00 secs] 
1443.786: [GC (Allocation Failure) [PSYoungGen: 66391K->1437K(67072K)] 376061K->311106K(716800K), 0.0018794 secs] [Times: user=0.01 sys=0.00, real=0.00 secs] 
1444.206: [GC (Allocation Failure) [PSYoungGen: 66436K->1581K(67072K)] 376106K->311250K(716800K), 0.0016958 secs] [Times: user=0.01 sys=0.00, real=0.00 secs] 
1444.598: [GC (Allocation Failure) [PSYoungGen: 66573K->1552K(67072K)] 376243K->311221K(716800K), 0.0016168 secs] [Times: user=0.01 sys=0.00, real=0.00 secs] 
1444.997: [GC (Allocation Failure) [PSYoungGen: 66549K->1581K(67072K)] 376218K->311266K(716800K), 0.0016694 secs] [Times: user=0.01 sys=0.00, real=0.00 secs] 
1445.361: [GC (Allocation Failure) [PSYoungGen: 66605K->1488K(67072K)] 376290K->311181K(716800K), 0.0017089 secs] [Times: user=0.00 sys=0.00, real=0.00 secs] 
1446.029: [GC (Allocation Failure) [PSYoungGen: 66512K->1376K(67072K)] 376205K->311069K(716800K), 0.0019848 secs] [Times: user=0.01 sys=0.00, real=0.01 secs] 
1446.703: [GC (Allocation Failure) [PSYoungGen: 66400K->1408K(67072K)] 376093K->311101K(716800K), 0.0020672 secs] [Times: user=0.01 sys=0.00, real=0.00 secs] 
1447.339: [GC (Allocation Failure) [PSYoungGen: 66432K->1376K(67072K)] 376125K->311069K(716800K), 0.0022450 secs] [Times: user=0.01 sys=0.00, real=0.01 secs] 
1447.985: [GC (Allocation Failure) [PSYoungGen: 66400K->1392K(67072K)] 376093K->311101K(716800K), 0.0021819 secs] [Times: user=0.00 sys=0.01, real=0.00 secs] 
1448.427: [GC (Allocation Failure) [PSYoungGen: 66416K->1549K(67072K)] 376125K->311258K(716800K), 0.0016058 secs] [Times: user=0.01 sys=0.00, real=0.00 secs] 
1448.881: [GC (Allocation Failure) [PSYoungGen: 66573K->1616K(67072K)] 376282K->311325K(716800K), 0.0017038 secs] [Times: user=0.01 sys=0.01, real=0.00 secs] 
1449.272: [GC (Allocation Failure) [PSYoungGen: 66640K->1616K(67072K)] 376349K->311349K(716800K), 0.0017098 secs] [Times: user=0.00 sys=0.00, real=0.00 secs] 
1449.676: [GC (Allocation Failure) [PSYoungGen: 66640K->1504K(67072K)] 376373K->311237K(716800K), 0.0020610 secs] [Times: user=0.01 sys=0.00, real=0.00 secs] 
1449.946: [GC (Allocation Failure) [PSYoungGen: 66528K->1376K(67072K)] 376261K->311109K(716800K), 0.0018541 secs] [Times: user=0.01 sys=0.00, real=0.00 secs] 
1450.216: [GC (Allocation Failure) [PSYoungGen: 66400K->1376K(67072K)] 376133K->311109K(716800K), 0.0018027 secs] [Times: user=0.01 sys=0.00, real=0.00 secs] 
1450.487: [GC (Allocation Failure) [PSYoungGen: 66400K->1376K(67072K)] 376133K->311109K(716800K), 0.0020397 secs] [Times: user=0.01 sys=0.00, real=0.00 secs] 
1450.757: [GC (Allocation Failure) [PSYoungGen: 66400K->1408K(67072K)] 376133K->311149K(716800K), 0.0020167 secs] [Times: user=0.00 sys=0.00, real=0.00 secs] 
1451.235: [GC (Allocation Failure) [PSYoungGen: 66432K->1568K(67072K)] 376173K->311309K(716800K), 0.0015344 secs] [Times: user=0.00 sys=0.00, real=0.00 secs] 
1451.626: [GC (Allocation Failure) [PSYoungGen: 66592K->1517K(67072K)] 376333K->311258K(716800K), 0.0016766 secs] [Times: user=0.01 sys=0.00, real=0.00 secs] 
1452.017: [GC (Allocation Failure) [PSYoungGen: 66533K->1517K(67072K)] 376275K->311274K(716800K), 0.0018829 secs] [Times: user=0.01 sys=0.00, real=0.00 secs] 
1452.494: [GC (Allocation Failure) [PSYoungGen: 66541K->1536K(67072K)] 376298K->311293K(716800K), 0.0019307 secs] [Times: user=0.01 sys=0.00, real=0.00 secs] 
1452.927: [GC (Allocation Failure) [PSYoungGen: 66560K->1344K(67072K)] 376317K->311101K(716800K), 0.0022071 secs] [Times: user=0.01 sys=0.00, real=0.00 secs] 
1453.501: [GC (Allocation Failure) [PSYoungGen: 66368K->1408K(67072K)] 376125K->311165K(716800K), 0.0029836 secs] [Times: user=0.01 sys=0.00, real=0.00 secs] 
1454.088: [GC (Allocation Failure) [PSYoungGen: 66432K->1360K(67072K)] 376189K->311117K(716800K), 0.0022607 secs] [Times: user=0.01 sys=0.00, real=0.00 secs] 
1454.640: [GC (Allocation Failure) [PSYoungGen: 66384K->1376K(67072K)] 376141K->311133K(716800K), 0.0021764 secs] [Times: user=0.01 sys=0.00, real=0.00 secs] 
1455.124: [GC (Allocation Failure) [PSYoungGen: 66400K->1517K(67072K)] 376157K->311274K(716800K), 0.0015821 secs] [Times: user=0.01 sys=0.00, real=0.00 secs] 
1455.522: [GC (Allocation Failure) [PSYoungGen: 66537K->1485K(67072K)] 376294K->311242K(716800K), 0.0016576 secs] [Times: user=0.01 sys=0.00, real=0.00 secs] 
1455.913: [GC (Allocation Failure) [PSYoungGen: 66509K->1485K(67072K)] 376266K->311250K(716800K), 0.0015746 secs] [Times: user=0.00 sys=0.00, real=0.00 secs] 
1456.351: [GC (Allocation Failure) [PSYoungGen: 66509K->2016K(67072K)] 376274K->311789K(716800K), 0.0019898 secs] [Times: user=0.00 sys=0.00, real=0.00 secs] 
1456.653: [GC (Allocation Failure) [PSYoungGen: 67040K->1408K(67072K)] 376813K->311181K(716800K), 0.0018787 secs] [Times: user=0.01 sys=0.00, real=0.00 secs] 
1456.942: [GC (Allocation Failure) [PSYoungGen: 66432K->1344K(67072K)] 376205K->311117K(716800K), 0.0019317 secs] [Times: user=0.01 sys=0.00, real=0.00 secs] 
1457.249: [GC (Allocation Failure) [PSYoungGen: 66368K->1376K(67072K)] 376141K->311149K(716800K), 0.0018376 secs] [Times: user=0.01 sys=0.00, real=0.01 secs] 
1457.519: [GC (Allocation Failure) [PSYoungGen: 66400K->1376K(67072K)] 376173K->311165K(716800K), 0.0018934 secs] [Times: user=0.01 sys=0.00, real=0.01 secs] 
1457.926: [GC (Allocation Failure) [PSYoungGen: 66400K->1504K(67072K)] 376189K->311293K(716800K), 0.0015464 secs] [Times: user=0.01 sys=0.00, real=0.00 secs] 
1458.381: [GC (Allocation Failure) [PSYoungGen: 66528K->1552K(67072K)] 376317K->311341K(716800K), 0.0015774 secs] [Times: user=0.01 sys=0.00, real=0.00 secs] 
1458.773: [GC (Allocation Failure) [PSYoungGen: 66576K->1520K(67072K)] 376365K->311325K(716800K), 0.0016014 secs] [Times: user=0.00 sys=0.00, real=0.00 secs] 
1459.253: [GC (Allocation Failure) [PSYoungGen: 66544K->1760K(67072K)] 376349K->311573K(716800K), 0.0017681 secs] [Times: user=0.01 sys=0.00, real=0.00 secs] 
1459.628: [GC (Allocation Failure) [PSYoungGen: 66784K->1344K(67072K)] 376597K->311157K(716800K), 0.0022908 secs] [Times: user=0.01 sys=0.00, real=0.01 secs] 
1459.903: [GC (Allocation Failure) [PSYoungGen: 66368K->1344K(67072K)] 376181K->311157K(716800K), 0.0017933 secs] [Times: user=0.00 sys=0.00, real=0.00 secs] 
1460.190: [GC (Allocation Failure) [PSYoungGen: 66368K->1344K(67072K)] 376181K->311157K(716800K), 0.0020085 secs] [Times: user=0.01 sys=0.00, real=0.00 secs] 
1460.467: [GC (Allocation Failure) [PSYoungGen: 66368K->1360K(67072K)] 376181K->311173K(716800K), 0.0018683 secs] [Times: user=0.01 sys=0.00, real=0.00 secs] 
1460.870: [GC (Allocation Failure) [PSYoungGen: 66384K->1520K(67072K)] 376197K->311333K(716800K), 0.0016147 secs] [Times: user=0.01 sys=0.00, real=0.01 secs] 
1461.263: [GC (Allocation Failure) [PSYoungGen: 66544K->1584K(67072K)] 376357K->311397K(716800K), 0.0017519 secs] [Times: user=0.01 sys=0.00, real=0.00 secs] 
1461.653: [GC (Allocation Failure) [PSYoungGen: 66608K->1485K(67072K)] 376421K->311306K(716800K), 0.0015931 secs] [Times: user=0.00 sys=0.00, real=0.00 secs] 
1462.076: [GC (Allocation Failure) [PSYoungGen: 66509K->1568K(67072K)] 376330K->311389K(716800K), 0.0019415 secs] [Times: user=0.00 sys=0.00, real=0.00 secs] 
1462.345: [GC (Allocation Failure) [PSYoungGen: 66592K->1344K(67072K)] 376413K->311165K(716800K), 0.0018143 secs] [Times: user=0.01 sys=0.00, real=0.00 secs] 
1462.663: [GC (Allocation Failure) [PSYoungGen: 66368K->1408K(67072K)] 376189K->311229K(716800K), 0.0018133 secs] [Times: user=0.01 sys=0.00, real=0.00 secs] 
1462.934: [GC (Allocation Failure) [PSYoungGen: 66432K->1376K(67072K)] 376253K->311197K(716800K), 0.0017214 secs] [Times: user=0.01 sys=0.00, real=0.00 secs] 
1463.259: [GC (Allocation Failure) [PSYoungGen: 66400K->1408K(67072K)] 376221K->311229K(716800K), 0.0018043 secs] [Times: user=0.01 sys=0.00, real=0.01 secs] 
1463.644: [GC (Allocation Failure) [PSYoungGen: 66432K->1456K(67072K)] 376253K->311277K(716800K), 0.0015548 secs] [Times: user=0.00 sys=0.00, real=0.00 secs] 
1464.037: [GC (Allocation Failure) [PSYoungGen: 66457K->1520K(67072K)] 376279K->311341K(716800K), 0.0016240 secs] [Times: user=0.01 sys=0.00, real=0.00 secs] 
1464.427: [GC (Allocation Failure) [PSYoungGen: 66544K->1552K(67072K)] 376365K->311389K(716800K), 0.0016573 secs] [Times: user=0.00 sys=0.00, real=0.00 secs] 
1464.819: [GC (Allocation Failure) [PSYoungGen: 66576K->397K(67072K)] 376413K->310234K(716800K), 0.0014759 secs] [Times: user=0.00 sys=0.00, real=0.01 secs] 
1465.335: [GC (Allocation Failure) [PSYoungGen: 65421K->1376K(67072K)] 375258K->311213K(716800K), 0.0032141 secs] [Times: user=0.01 sys=0.00, real=0.00 secs] 
1465.933: [GC (Allocation Failure) [PSYoungGen: 66400K->1344K(67072K)] 376237K->311181K(716800K), 0.0048146 secs] [Times: user=0.02 sys=0.00, real=0.00 secs] 
1466.554: [GC (Allocation Failure) [PSYoungGen: 66368K->1408K(67072K)] 376205K->311245K(716800K), 0.0029251 secs] [Times: user=0.02 sys=0.00, real=0.00 secs] 
1467.348: [GC (Allocation Failure) [PSYoungGen: 66432K->1376K(67072K)] 376269K->311245K(716800K), 0.0026262 secs] [Times: user=0.01 sys=0.00, real=0.01 secs] 
1467.988: [GC (Allocation Failure) [PSYoungGen: 66400K->1520K(67072K)] 376269K->311389K(716800K), 0.0015623 secs] [Times: user=0.01 sys=0.00, real=0.00 secs] 
1468.380: [GC (Allocation Failure) [PSYoungGen: 66544K->1488K(67072K)] 376413K->311357K(716800K), 0.0015395 secs] [Times: user=0.00 sys=0.00, real=0.00 secs] 
1468.772: [GC (Allocation Failure) [PSYoungGen: 66512K->1584K(67072K)] 376381K->311461K(716800K), 0.0016212 secs] [Times: user=0.00 sys=0.00, real=0.00 secs] 
1469.162: [GC (Allocation Failure) [PSYoungGen: 66608K->1584K(67072K)] 376485K->311461K(716800K), 0.0015681 secs] [Times: user=0.00 sys=0.00, real=0.00 secs] 
1469.485: [GC (Allocation Failure) [PSYoungGen: 66608K->1376K(67072K)] 376485K->311253K(716800K), 0.0016462 secs] [Times: user=0.00 sys=0.00, real=0.00 secs] 
1469.932: [GC (Allocation Failure) [PSYoungGen: 66400K->1376K(67072K)] 376277K->311253K(716800K), 0.0024910 secs] [Times: user=0.01 sys=0.00, real=0.00 secs] 
1470.439: [GC (Allocation Failure) [PSYoungGen: 66400K->1376K(67072K)] 376277K->311253K(716800K), 0.0030005 secs] [Times: user=0.01 sys=0.00, real=0.01 secs] 
1470.970: [GC (Allocation Failure) [PSYoungGen: 66400K->1360K(67072K)] 376277K->311237K(716800K), 0.0026160 secs] [Times: user=0.01 sys=0.01, real=0.00 secs] 
1471.517: [GC (Allocation Failure) [PSYoungGen: 66384K->1453K(67072K)] 376261K->311330K(716800K), 0.0016726 secs] [Times: user=0.01 sys=0.00, real=0.00 secs] 
1471.911: [GC (Allocation Failure) [PSYoungGen: 66477K->1552K(67072K)] 376354K->311429K(716800K), 0.0018127 secs] [Times: user=0.01 sys=0.00, real=0.00 secs] 
1472.302: [GC (Allocation Failure) [PSYoungGen: 66576K->1517K(67072K)] 376453K->311394K(716800K), 0.0015785 secs] [Times: user=0.01 sys=0.00, real=0.00 secs] 
1472.692: [GC (Allocation Failure) [PSYoungGen: 66525K->1520K(67072K)] 376403K->311405K(716800K), 0.0015300 secs] [Times: user=0.01 sys=0.00, real=0.00 secs] 
1472.975: [GC (Allocation Failure) [PSYoungGen: 66544K->1408K(67072K)] 376429K->311293K(716800K), 0.0016956 secs] [Times: user=0.01 sys=0.00, real=0.00 secs] 
1473.245: [GC (Allocation Failure) [PSYoungGen: 66432K->1344K(67072K)] 376317K->311229K(716800K), 0.0015119 secs] [Times: user=0.00 sys=0.00, real=0.00 secs] 
1473.869: [GC (Allocation Failure) [PSYoungGen: 66368K->1344K(67072K)] 376253K->311229K(716800K), 0.0020386 secs] [Times: user=0.01 sys=0.00, real=0.01 secs] 
1474.606: [GC (Allocation Failure) [PSYoungGen: 66368K->1376K(67072K)] 376253K->311269K(716800K), 0.0023703 secs] [Times: user=0.01 sys=0.00, real=0.00 secs] 
1475.245: [GC (Allocation Failure) [PSYoungGen: 66400K->1485K(67072K)] 376293K->311378K(716800K), 0.0015384 secs] [Times: user=0.01 sys=0.00, real=0.00 secs] 
1475.641: [GC (Allocation Failure) [PSYoungGen: 66509K->1517K(67072K)] 376402K->311410K(716800K), 0.0016138 secs] [Times: user=0.01 sys=0.00, real=0.00 secs] 
1476.035: [GC (Allocation Failure) [PSYoungGen: 66539K->1485K(67072K)] 376433K->311378K(716800K), 0.0016745 secs] [Times: user=0.00 sys=0.00, real=0.00 secs] 
1476.427: [GC (Allocation Failure) [PSYoungGen: 66509K->1533K(67072K)] 376402K->311434K(716800K), 0.0016055 secs] [Times: user=0.01 sys=0.00, real=0.00 secs] 
1476.771: [GC (Allocation Failure) [PSYoungGen: 66557K->1408K(67072K)] 376458K->311309K(716800K), 0.0016181 secs] [Times: user=0.01 sys=0.00, real=0.00 secs] 
1477.047: [GC (Allocation Failure) [PSYoungGen: 66432K->1360K(67072K)] 376333K->311261K(716800K), 0.0016238 secs] [Times: user=0.01 sys=0.00, real=0.00 secs] 
1477.445: [GC (Allocation Failure) [PSYoungGen: 66384K->1408K(67072K)] 376285K->311341K(716800K), 0.0016426 secs] [Times: user=0.01 sys=0.00, real=0.00 secs] 
1477.730: [GC (Allocation Failure) [PSYoungGen: 66432K->1376K(67072K)] 376365K->311309K(716800K), 0.0017393 secs] [Times: user=0.01 sys=0.00, real=0.01 secs] 
1478.086: [GC (Allocation Failure) [PSYoungGen: 66400K->1552K(67072K)] 376333K->311485K(716800K), 0.0015246 secs] [Times: user=0.01 sys=0.00, real=0.00 secs] 
1478.481: [GC (Allocation Failure) [PSYoungGen: 66576K->1533K(67072K)] 376509K->311466K(716800K), 0.0015983 secs] [Times: user=0.00 sys=0.00, real=0.00 secs] 
1478.876: [GC (Allocation Failure) [PSYoungGen: 66557K->1568K(67072K)] 376490K->311501K(716800K), 0.0015844 secs] [Times: user=0.01 sys=0.00, real=0.00 secs] 
1479.268: [GC (Allocation Failure) [PSYoungGen: 66592K->1520K(67072K)] 376525K->311469K(716800K), 0.0016795 secs] [Times: user=0.01 sys=0.00, real=0.00 secs] 
1480.167: [GC (Allocation Failure) [PSYoungGen: 66544K->1424K(67072K)] 376493K->311373K(716800K), 0.0045087 secs] [Times: user=0.02 sys=0.01, real=0.01 secs] 
1481.124: [GC (Allocation Failure) [PSYoungGen: 66448K->1440K(67072K)] 376397K->311389K(716800K), 0.0032407 secs] [Times: user=0.02 sys=0.00, real=0.00 secs] 
1481.991: [GC (Allocation Failure) [PSYoungGen: 66464K->1408K(67072K)] 376413K->311357K(716800K), 0.0037150 secs] [Times: user=0.02 sys=0.00, real=0.00 secs] 
1482.567: [GC (Allocation Failure) [PSYoungGen: 66432K->1376K(67072K)] 376381K->311325K(716800K), 0.0029881 secs] [Times: user=0.01 sys=0.00, real=0.00 secs] 
1483.067: [GC (Allocation Failure) [PSYoungGen: 66400K->1453K(67072K)] 376349K->311402K(716800K), 0.0015276 secs] [Times: user=0.01 sys=0.00, real=0.00 secs] 
1483.462: [GC (Allocation Failure) [PSYoungGen: 66477K->1549K(67072K)] 376426K->311498K(716800K), 0.0015907 secs] [Times: user=0.00 sys=0.00, real=0.00 secs] 
1483.857: [GC (Allocation Failure) [PSYoungGen: 66573K->1584K(67072K)] 376522K->311533K(716800K), 0.0016212 secs] [Times: user=0.01 sys=0.00, real=0.00 secs] 
1484.247: [GC (Allocation Failure) [PSYoungGen: 66608K->1520K(67072K)] 376557K->311485K(716800K), 0.0015832 secs] [Times: user=0.00 sys=0.00, real=0.00 secs] 
1484.915: [GC (Allocation Failure) [PSYoungGen: 66544K->1424K(67072K)] 376509K->311389K(716800K), 0.0024683 secs] [Times: user=0.01 sys=0.00, real=0.00 secs] 
1485.422: [GC (Allocation Failure) [PSYoungGen: 66448K->1312K(67072K)] 376413K->311277K(716800K), 0.0025641 secs] [Times: user=0.00 sys=0.00, real=0.00 secs] 
1486.025: [GC (Allocation Failure) [PSYoungGen: 66336K->1376K(67072K)] 376301K->311341K(716800K), 0.0028582 secs] [Times: user=0.01 sys=0.00, real=0.00 secs] 
1486.653: [GC (Allocation Failure) [PSYoungGen: 66400K->1376K(67072K)] 376365K->311341K(716800K), 0.0026923 secs] [Times: user=0.01 sys=0.00, real=0.00 secs] 
1487.112: [GC (Allocation Failure) [PSYoungGen: 66400K->1504K(67072K)] 376365K->311469K(716800K), 0.0015699 secs] [Times: user=0.01 sys=0.00, real=0.00 secs] 
1487.504: [GC (Allocation Failure) [PSYoungGen: 66528K->1533K(67072K)] 376493K->311498K(716800K), 0.0017929 secs] [Times: user=0.00 sys=0.00, real=0.00 secs] 
1487.895: [GC (Allocation Failure) [PSYoungGen: 66557K->1552K(67072K)] 376522K->311517K(716800K), 0.0016085 secs] [Times: user=0.01 sys=0.00, real=0.00 secs] 
1488.349: [GC (Allocation Failure) [PSYoungGen: 66576K->1549K(67072K)] 376541K->311522K(716800K), 0.0016188 secs] [Times: user=0.00 sys=0.00, real=0.01 secs] 
1488.894: [GC (Allocation Failure) [PSYoungGen: 66573K->1440K(67072K)] 376546K->311429K(716800K), 0.0024326 secs] [Times: user=0.01 sys=0.00, real=0.00 secs] 
1489.494: [GC (Allocation Failure) [PSYoungGen: 66464K->1376K(67072K)] 376453K->311365K(716800K), 0.0026404 secs] [Times: user=0.01 sys=0.00, real=0.00 secs] 
1490.020: [GC (Allocation Failure) [PSYoungGen: 66400K->1376K(67072K)] 376389K->311365K(716800K), 0.0022326 secs] [Times: user=0.01 sys=0.00, real=0.00 secs] 
1490.489: [GC (Allocation Failure) [PSYoungGen: 66400K->1344K(67072K)] 376389K->311333K(716800K), 0.0019257 secs] [Times: user=0.01 sys=0.00, real=0.01 secs] 
1490.872: [GC (Allocation Failure) [PSYoungGen: 66368K->1440K(67072K)] 376357K->311429K(716800K), 0.0015575 secs] [Times: user=0.00 sys=0.00, real=0.00 secs] 
1491.325: [GC (Allocation Failure) [PSYoungGen: 66464K->1536K(67072K)] 376453K->311525K(716800K), 0.0016779 secs] [Times: user=0.01 sys=0.00, real=0.00 secs] 
1491.715: [GC (Allocation Failure) [PSYoungGen: 66560K->1520K(67072K)] 376549K->311509K(716800K), 0.0016291 secs] [Times: user=0.01 sys=0.00, real=0.00 secs] 
1492.166: [GC (Allocation Failure) [PSYoungGen: 66534K->1536K(67072K)] 376523K->311533K(716800K), 0.0016315 secs] [Times: user=0.01 sys=0.00, real=0.00 secs] 
1492.728: [GC (Allocation Failure) [PSYoungGen: 66560K->1408K(67072K)] 376557K->311405K(716800K), 0.0031495 secs] [Times: user=0.01 sys=0.00, real=0.01 secs] 
1493.269: [GC (Allocation Failure) [PSYoungGen: 66432K->1376K(67072K)] 376429K->311373K(716800K), 0.0026668 secs] [Times: user=0.01 sys=0.00, real=0.01 secs] 
1493.818: [GC (Allocation Failure) [PSYoungGen: 66400K->1408K(67072K)] 376397K->311405K(716800K), 0.0022530 secs] [Times: user=0.00 sys=0.00, real=0.01 secs] 
1494.216: [GC (Allocation Failure) [PSYoungGen: 66432K->1408K(67072K)] 376429K->311405K(716800K), 0.0019911 secs] [Times: user=0.01 sys=0.00, real=0.00 secs] 
1494.781: [GC (Allocation Failure) [PSYoungGen: 66432K->1485K(67072K)] 376429K->311482K(716800K), 0.0014361 secs] [Times: user=0.01 sys=0.00, real=0.00 secs] 
1495.172: [GC (Allocation Failure) [PSYoungGen: 66509K->1520K(67072K)] 376506K->311517K(716800K), 0.0018814 secs] [Times: user=0.00 sys=0.00, real=0.00 secs] 
1495.625: [GC (Allocation Failure) [PSYoungGen: 66520K->1520K(67072K)] 376518K->311517K(716800K), 0.0017574 secs] [Times: user=0.01 sys=0.00, real=0.00 secs] 
1496.070: [GC (Allocation Failure) [PSYoungGen: 66542K->1517K(67072K)] 376539K->311530K(716800K), 0.0016135 secs] [Times: user=0.00 sys=0.00, real=0.01 secs] 
1496.637: [GC (Allocation Failure) [PSYoungGen: 66541K->1456K(67072K)] 376554K->311469K(716800K), 0.0033128 secs] [Times: user=0.02 sys=0.00, real=0.01 secs] 
1497.192: [GC (Allocation Failure) [PSYoungGen: 66480K->1328K(67072K)] 376493K->311341K(716800K), 0.0032365 secs] [Times: user=0.01 sys=0.00, real=0.00 secs] 
1497.578: [GC (Allocation Failure) [PSYoungGen: 66352K->1376K(67072K)] 376365K->311389K(716800K), 0.0021294 secs] [Times: user=0.01 sys=0.00, real=0.01 secs] 
1497.848: [GC (Allocation Failure) [PSYoungGen: 66400K->1392K(67072K)] 376413K->311437K(716800K), 0.0019235 secs] [Times: user=0.01 sys=0.00, real=0.01 secs] 
1498.179: [GC (Allocation Failure) [PSYoungGen: 66416K->1520K(67072K)] 376461K->311565K(716800K), 0.0014348 secs] [Times: user=0.00 sys=0.00, real=0.01 secs] 
1498.570: [GC (Allocation Failure) [PSYoungGen: 66544K->1485K(67072K)] 376589K->311530K(716800K), 0.0015238 secs] [Times: user=0.01 sys=0.00, real=0.00 secs] 
1499.018: [GC (Allocation Failure) [PSYoungGen: 66489K->1485K(67072K)] 376535K->311530K(716800K), 0.0015721 secs] [Times: user=0.00 sys=0.00, real=0.00 secs] 
1499.407: [GC (Allocation Failure) [PSYoungGen: 66505K->1552K(67072K)] 376551K->311605K(716800K), 0.0015441 secs] [Times: user=0.01 sys=0.00, real=0.00 secs] 
1499.795: [GC (Allocation Failure) [PSYoungGen: 66576K->1456K(67072K)] 376629K->311509K(716800K), 0.0022679 secs] [Times: user=0.01 sys=0.00, real=0.00 secs] 
1500.083: [GC (Allocation Failure) [PSYoungGen: 66480K->1376K(67072K)] 376533K->311429K(716800K), 0.0019042 secs] [Times: user=0.01 sys=0.00, real=0.00 secs] 
1500.528: [GC (Allocation Failure) [PSYoungGen: 66400K->1376K(67072K)] 376453K->311429K(716800K), 0.0019840 secs] [Times: user=0.01 sys=0.00, real=0.00 secs] 
1501.050: [GC (Allocation Failure) [PSYoungGen: 66400K->1408K(67072K)] 376453K->311461K(716800K), 0.0019328 secs] [Times: user=0.01 sys=0.00, real=0.00 secs] 
1501.635: [GC (Allocation Failure) [PSYoungGen: 66432K->1469K(67072K)] 376485K->311522K(716800K), 0.0016068 secs] [Times: user=0.00 sys=0.00, real=0.00 secs] 
1502.026: [GC (Allocation Failure) [PSYoungGen: 66493K->1517K(67072K)] 376546K->311570K(716800K), 0.0017282 secs] [Times: user=0.01 sys=0.00, real=0.00 secs] 
1502.418: [GC (Allocation Failure) [PSYoungGen: 66541K->1552K(67072K)] 376594K->311605K(716800K), 0.0016559 secs] [Times: user=0.01 sys=0.00, real=0.00 secs] 
1502.812: [GC (Allocation Failure) [PSYoungGen: 66576K->1517K(67072K)] 376629K->311594K(716800K), 0.0016102 secs] [Times: user=0.01 sys=0.00, real=0.00 secs] 
1503.169: [GC (Allocation Failure) [PSYoungGen: 66541K->1488K(67072K)] 376618K->311565K(716800K), 0.0018232 secs] [Times: user=0.00 sys=0.00, real=0.01 secs] 
1503.439: [GC (Allocation Failure) [PSYoungGen: 66512K->1408K(67072K)] 376589K->311485K(716800K), 0.0017220 secs] [Times: user=0.00 sys=0.00, real=0.01 secs] 
1503.753: [GC (Allocation Failure) [PSYoungGen: 66432K->1376K(67072K)] 376509K->311453K(716800K), 0.0017918 secs] [Times: user=0.00 sys=0.00, real=0.00 secs] 
1504.323: [GC (Allocation Failure) [PSYoungGen: 66400K->1440K(67072K)] 376477K->311517K(716800K), 0.0025092 secs] [Times: user=0.01 sys=0.00, real=0.00 secs] 
1504.896: [GC (Allocation Failure) [PSYoungGen: 66464K->1437K(67072K)] 376541K->311514K(716800K), 0.0019371 secs] [Times: user=0.01 sys=0.00, real=0.00 secs] 
1505.306: [GC (Allocation Failure) [PSYoungGen: 66461K->1517K(67072K)] 376538K->311594K(716800K), 0.0017767 secs] [Times: user=0.01 sys=0.00, real=0.00 secs] 
1505.696: [GC (Allocation Failure) [PSYoungGen: 66541K->1485K(67072K)] 376618K->311562K(716800K), 0.0015476 secs] [Times: user=0.01 sys=0.00, real=0.00 secs] 
1506.087: [GC (Allocation Failure) [PSYoungGen: 66509K->1488K(67072K)] 376586K->311573K(716800K), 0.0015864 secs] [Times: user=0.01 sys=0.00, real=0.00 secs] 
1506.687: [GC (Allocation Failure) [PSYoungGen: 66512K->1424K(67072K)] 376597K->311509K(716800K), 0.0018290 secs] [Times: user=0.01 sys=0.00, real=0.00 secs] 
1507.014: [GC (Allocation Failure) [PSYoungGen: 66448K->1408K(67072K)] 376533K->311493K(716800K), 0.0017585 secs] [Times: user=0.01 sys=0.00, real=0.00 secs] 
1507.308: [GC (Allocation Failure) [PSYoungGen: 66432K->1376K(67072K)] 376517K->311485K(716800K), 0.0019922 secs] [Times: user=0.01 sys=0.00, real=0.00 secs] 
1507.579: [GC (Allocation Failure) [PSYoungGen: 66400K->1376K(67072K)] 376509K->311485K(716800K), 0.0020168 secs] [Times: user=0.00 sys=0.00, real=0.01 secs] 
1507.903: [GC (GCLocker Initiated GC) [PSYoungGen: 66400K->1424K(67072K)] 376509K->311533K(716800K), 0.0016514 secs] [Times: user=0.00 sys=0.00, real=0.00 secs] 
1508.315: [GC (Allocation Failure) [PSYoungGen: 66448K->1437K(67072K)] 378030K->313019K(716800K), 0.0016509 secs] [Times: user=0.01 sys=0.00, real=0.00 secs] 
1508.708: [GC (Allocation Failure) [PSYoungGen: 66461K->1648K(67072K)] 378043K->313230K(716800K), 0.0015637 secs] [Times: user=0.00 sys=0.00, real=0.00 secs] 
1509.102: [GC (Allocation Failure) [PSYoungGen: 66672K->1648K(67072K)] 378254K->313238K(716800K), 0.0016003 secs] [Times: user=0.01 sys=0.00, real=0.00 secs] 
1509.507: [GC (Allocation Failure) [PSYoungGen: 66672K->1568K(67072K)] 378262K->313158K(716800K), 0.0018955 secs] [Times: user=0.01 sys=0.00, real=0.00 secs] 
1509.777: [GC (Allocation Failure) [PSYoungGen: 66592K->1504K(67072K)] 378182K->313094K(716800K), 0.0018062 secs] [Times: user=0.01 sys=0.00, real=0.00 secs] 
1510.048: [GC (Allocation Failure) [PSYoungGen: 66528K->1472K(67072K)] 378118K->313062K(716800K), 0.0017670 secs] [Times: user=0.01 sys=0.00, real=0.00 secs] 
1510.318: [GC (Allocation Failure) [PSYoungGen: 66496K->1472K(67072K)] 378086K->313062K(716800K), 0.0019310 secs] [Times: user=0.01 sys=0.00, real=0.00 secs] 
1510.936: [GC (Allocation Failure) [PSYoungGen: 66496K->1584K(67072K)] 378086K->313174K(716800K), 0.0020796 secs] [Times: user=0.01 sys=0.00, real=0.00 secs] 
1511.371: [GC (Allocation Failure) [PSYoungGen: 66608K->1680K(67072K)] 378198K->313270K(716800K), 0.0016538 secs] [Times: user=0.01 sys=0.00, real=0.00 secs] 
1511.766: [GC (Allocation Failure) [PSYoungGen: 66672K->1664K(67072K)] 378263K->313254K(716800K), 0.0017066 secs] [Times: user=0.00 sys=0.00, real=0.00 secs] 
1512.158: [GC (Allocation Failure) [PSYoungGen: 66688K->1680K(67072K)] 378278K->313286K(716800K), 0.0016379 secs] [Times: user=0.00 sys=0.00, real=0.00 secs] 
1512.582: [GC (Allocation Failure) [PSYoungGen: 66704K->1616K(67072K)] 378310K->313222K(716800K), 0.0021358 secs] [Times: user=0.01 sys=0.00, real=0.00 secs] 
1512.854: [GC (Allocation Failure) [PSYoungGen: 66640K->1504K(67072K)] 378246K->313110K(716800K), 0.0020119 secs] [Times: user=0.01 sys=0.00, real=0.00 secs] 
1513.124: [GC (Allocation Failure) [PSYoungGen: 66528K->1504K(67072K)] 378134K->313110K(716800K), 0.0018116 secs] [Times: user=0.01 sys=0.00, real=0.00 secs] 
1513.394: [GC (Allocation Failure) [PSYoungGen: 66528K->1440K(67072K)] 378134K->313102K(716800K), 0.0018584 secs] [Times: user=0.01 sys=0.00, real=0.00 secs] 
1513.695: [GC (Allocation Failure) [PSYoungGen: 66464K->1533K(67072K)] 378126K->313211K(716800K), 0.0018662 secs] [Times: user=0.00 sys=0.00, real=0.00 secs] 
1514.176: [GC (Allocation Failure) [PSYoungGen: 66557K->1597K(67072K)] 378235K->313339K(716800K), 0.0016482 secs] [Times: user=0.01 sys=0.00, real=0.00 secs] 
1514.631: [GC (Allocation Failure) [PSYoungGen: 66621K->1552K(67072K)] 378363K->313294K(716800K), 0.0016105 secs] [Times: user=0.00 sys=0.00, real=0.00 secs] 
1515.022: [GC (Allocation Failure) [PSYoungGen: 66576K->1584K(67072K)] 378318K->313342K(716800K), 0.0019324 secs] [Times: user=0.01 sys=0.00, real=0.00 secs] 
1515.429: [GC (Allocation Failure) [PSYoungGen: 66608K->1504K(67072K)] 378366K->313262K(716800K), 0.0021267 secs] [Times: user=0.00 sys=0.00, real=0.01 secs] 
1515.782: [GC (Allocation Failure) [PSYoungGen: 66528K->1344K(67072K)] 378286K->313102K(716800K), 0.0020293 secs] [Times: user=0.01 sys=0.00, real=0.00 secs] 
1516.082: [GC (Allocation Failure) [PSYoungGen: 66368K->1376K(67072K)] 378126K->313134K(716800K), 0.0019168 secs] [Times: user=0.01 sys=0.00, real=0.00 secs] 
1516.391: [GC (Allocation Failure) [PSYoungGen: 66400K->1376K(67072K)] 378158K->313150K(716800K), 0.0018897 secs] [Times: user=0.00 sys=0.00, real=0.00 secs] 
1516.766: [GC (Allocation Failure) [PSYoungGen: 66400K->1408K(67072K)] 378174K->313182K(716800K), 0.0018749 secs] [Times: user=0.00 sys=0.00, real=0.00 secs] 
1517.186: [GC (Allocation Failure) [PSYoungGen: 66432K->1517K(67072K)] 378206K->313291K(716800K), 0.0017224 secs] [Times: user=0.01 sys=0.00, real=0.00 secs] 
1517.581: [GC (Allocation Failure) [PSYoungGen: 66541K->1584K(67072K)] 378315K->313358K(716800K), 0.0016229 secs] [Times: user=0.01 sys=0.00, real=0.00 secs] 
1517.974: [GC (Allocation Failure) [PSYoungGen: 66608K->1552K(67072K)] 378382K->313342K(716800K), 0.0015610 secs] [Times: user=0.00 sys=0.00, real=0.00 secs] 
1518.420: [GC (Allocation Failure) [PSYoungGen: 66576K->1440K(67072K)] 378366K->313230K(716800K), 0.0018795 secs] [Times: user=0.01 sys=0.00, real=0.01 secs] 
1518.946: [GC (Allocation Failure) [PSYoungGen: 66464K->1344K(67072K)] 378254K->313134K(716800K), 0.0019853 secs] [Times: user=0.01 sys=0.00, real=0.00 secs] 
1519.216: [GC (Allocation Failure) [PSYoungGen: 66368K->1344K(67072K)] 378158K->313134K(716800K), 0.0020855 secs] [Times: user=0.01 sys=0.00, real=0.00 secs] 
1519.487: [GC (Allocation Failure) [PSYoungGen: 66368K->1376K(67072K)] 378158K->313166K(716800K), 0.0020542 secs] [Times: user=0.01 sys=0.00, real=0.00 secs] 
1519.757: [GC (Allocation Failure) [PSYoungGen: 66400K->1344K(67072K)] 378190K->313134K(716800K), 0.0020029 secs] [Times: user=0.01 sys=0.00, real=0.00 secs] 
1520.187: [GC (Allocation Failure) [PSYoungGen: 66368K->1488K(67072K)] 378158K->313278K(716800K), 0.0016827 secs] [Times: user=0.00 sys=0.00, real=0.00 secs] 
1520.579: [GC (Allocation Failure) [PSYoungGen: 66512K->1552K(67072K)] 378302K->313342K(716800K), 0.0017708 secs] [Times: user=0.01 sys=0.00, real=0.01 secs] 
1520.970: [GC (Allocation Failure) [PSYoungGen: 66576K->1488K(67072K)] 378366K->313286K(716800K), 0.0016571 secs] [Times: user=0.00 sys=0.00, real=0.00 secs] 
1522.021: [GC (Allocation Failure) [PSYoungGen: 66512K->1472K(67072K)] 378310K->313270K(716800K), 0.0025587 secs] [Times: user=0.01 sys=0.00, real=0.00 secs] 
1523.121: [GC (Allocation Failure) [PSYoungGen: 66496K->1344K(67072K)] 378294K->313142K(716800K), 0.0026569 secs] [Times: user=0.01 sys=0.01, real=0.00 secs] 
1524.041: [GC (Allocation Failure) [PSYoungGen: 66368K->1376K(67072K)] 378166K->313174K(716800K), 0.0026286 secs] [Times: user=0.01 sys=0.00, real=0.00 secs] 
1524.793: [GC (Allocation Failure) [PSYoungGen: 66400K->1376K(67072K)] 378198K->313174K(716800K), 0.0028405 secs] [Times: user=0.01 sys=0.00, real=0.00 secs] 
1525.066: [GC (Allocation Failure) [PSYoungGen: 66400K->1376K(67072K)] 378198K->313174K(716800K), 0.0021196 secs] [Times: user=0.01 sys=0.00, real=0.00 secs] 
1525.483: [GC (Allocation Failure) [PSYoungGen: 66400K->1552K(67072K)] 378198K->313350K(716800K), 0.0015625 secs] [Times: user=0.01 sys=0.00, real=0.00 secs] 
1525.874: [GC (Allocation Failure) [PSYoungGen: 66576K->1597K(67072K)] 378374K->313395K(716800K), 0.0016748 secs] [Times: user=0.01 sys=0.00, real=0.00 secs] 
1526.266: [GC (Allocation Failure) [PSYoungGen: 66621K->1549K(67072K)] 378419K->313355K(716800K), 0.0015915 secs] [Times: user=0.01 sys=0.00, real=0.00 secs] 
1526.682: [GC (Allocation Failure) [PSYoungGen: 66573K->2016K(66560K)] 378379K->314342K(716288K), 0.0018794 secs] [Times: user=0.01 sys=0.00, real=0.00 secs] 
1527.242: [GC (Allocation Failure) [PSYoungGen: 66528K->1392K(67072K)] 378854K->313718K(716800K), 0.0016670 secs] [Times: user=0.00 sys=0.00, real=0.00 secs] 
1527.770: [GC (Allocation Failure) [PSYoungGen: 65904K->1376K(66048K)] 378230K->313702K(715776K), 0.0031071 secs] [Times: user=0.01 sys=0.00, real=0.01 secs] 
1528.316: [GC (Allocation Failure) [PSYoungGen: 65888K->1376K(66560K)] 378214K->313702K(716288K), 0.0020239 secs] [Times: user=0.01 sys=0.00, real=0.00 secs] 
1528.693: [GC (Allocation Failure) [PSYoungGen: 65888K->1408K(66560K)] 378214K->313734K(716288K), 0.0018563 secs] [Times: user=0.01 sys=0.00, real=0.00 secs] 
1529.091: [GC (Allocation Failure) [PSYoungGen: 65920K->1488K(66560K)] 378246K->313814K(716288K), 0.0015436 secs] [Times: user=0.01 sys=0.00, real=0.00 secs] 
1529.478: [GC (Allocation Failure) [PSYoungGen: 66000K->1520K(66560K)] 378326K->313870K(716288K), 0.0017139 secs] [Times: user=0.00 sys=0.00, real=0.00 secs] 
1529.865: [GC (Allocation Failure) [PSYoungGen: 66031K->1552K(66560K)] 378382K->313910K(716288K), 0.0015299 secs] [Times: user=0.01 sys=0.00, real=0.00 secs] 
1530.310: [GC (Allocation Failure) [PSYoungGen: 66064K->432K(66560K)] 378422K->312790K(716288K), 0.0017127 secs] [Times: user=0.00 sys=0.00, real=0.01 secs] 
1530.768: [GC (Allocation Failure) [PSYoungGen: 64944K->1408K(66560K)] 377302K->313766K(716288K), 0.0018860 secs] [Times: user=0.01 sys=0.00, real=0.00 secs] 
1531.036: [GC (Allocation Failure) [PSYoungGen: 65920K->1408K(66560K)] 378278K->313766K(716288K), 0.0020620 secs] [Times: user=0.01 sys=0.00, real=0.00 secs] 
1531.409: [GC (Allocation Failure) [PSYoungGen: 65920K->1376K(66560K)] 378278K->313734K(716288K), 0.0020142 secs] [Times: user=0.01 sys=0.00, real=0.01 secs] 
1531.904: [GC (Allocation Failure) [PSYoungGen: 65888K->1376K(66560K)] 378246K->313734K(716288K), 0.0019264 secs] [Times: user=0.00 sys=0.00, real=0.00 secs] 
1532.366: [GC (Allocation Failure) [PSYoungGen: 65880K->1485K(66560K)] 378239K->313844K(716288K), 0.0015628 secs] [Times: user=0.01 sys=0.00, real=0.00 secs] 
1532.752: [GC (Allocation Failure) [PSYoungGen: 65997K->1517K(66560K)] 378356K->313875K(716288K), 0.0017481 secs] [Times: user=0.01 sys=0.00, real=0.00 secs] 
1533.200: [GC (Allocation Failure) [PSYoungGen: 66029K->1568K(66560K)] 378387K->313934K(716288K), 0.0016500 secs] [Times: user=0.01 sys=0.00, real=0.01 secs] 
1533.640: [GC (Allocation Failure) [PSYoungGen: 66063K->1520K(66560K)] 378430K->313886K(716288K), 0.0015956 secs] [Times: user=0.01 sys=0.00, real=0.00 secs] 
1533.971: [GC (Allocation Failure) [PSYoungGen: 66032K->1408K(66560K)] 378398K->313774K(716288K), 0.0021700 secs] [Times: user=0.00 sys=0.00, real=0.00 secs] 
1534.239: [GC (Allocation Failure) [PSYoungGen: 65920K->1408K(66560K)] 378286K->313774K(716288K), 0.0019814 secs] [Times: user=0.01 sys=0.00, real=0.01 secs] 
1534.672: [GC (Allocation Failure) [PSYoungGen: 65920K->1376K(66560K)] 378286K->313742K(716288K), 0.0019799 secs] [Times: user=0.01 sys=0.00, real=0.00 secs] 
1535.209: [GC (Allocation Failure) [PSYoungGen: 65888K->1376K(66560K)] 378254K->313742K(716288K), 0.0021375 secs] [Times: user=0.00 sys=0.00, real=0.01 secs] 
1535.715: [GC (Allocation Failure) [PSYoungGen: 65888K->1469K(66560K)] 378254K->313835K(716288K), 0.0015576 secs] [Times: user=0.01 sys=0.00, real=0.00 secs] 
1536.101: [GC (Allocation Failure) [PSYoungGen: 65981K->1565K(66560K)] 378347K->313931K(716288K), 0.0016204 secs] [Times: user=0.01 sys=0.00, real=0.00 secs] 
1536.488: [GC (Allocation Failure) [PSYoungGen: 66077K->1597K(66560K)] 378443K->313963K(716288K), 0.0016280 secs] [Times: user=0.01 sys=0.00, real=0.00 secs] 
1536.873: [GC (Allocation Failure) [PSYoungGen: 66109K->1520K(66560K)] 378475K->313894K(716288K), 0.0015898 secs] [Times: user=0.01 sys=0.00, real=0.00 secs] 
1537.240: [GC (Allocation Failure) [PSYoungGen: 66032K->1440K(66560K)] 378406K->313838K(716288K), 0.0018635 secs] [Times: user=0.01 sys=0.00, real=0.00 secs] 
1537.509: [GC (Allocation Failure) [PSYoungGen: 65952K->1408K(66560K)] 378350K->313806K(716288K), 0.0017142 secs] [Times: user=0.01 sys=0.00, real=0.01 secs] 
1537.849: [GC (Allocation Failure) [PSYoungGen: 65920K->1408K(66560K)] 378318K->313806K(716288K), 0.0017871 secs] [Times: user=0.00 sys=0.00, real=0.01 secs] 
1538.210: [GC (Allocation Failure) [PSYoungGen: 65920K->1312K(66560K)] 378318K->313710K(716288K), 0.0017561 secs] [Times: user=0.00 sys=0.00, real=0.01 secs] 
1538.717: [GC (Allocation Failure) [PSYoungGen: 65824K->1488K(66560K)] 378222K->313886K(716288K), 0.0014024 secs] [Times: user=0.00 sys=0.00, real=0.00 secs] 
1539.107: [GC (Allocation Failure) [PSYoungGen: 66000K->1488K(66560K)] 378398K->313886K(716288K), 0.0015493 secs] [Times: user=0.00 sys=0.00, real=0.00 secs] 
1539.494: [GC (Allocation Failure) [PSYoungGen: 65970K->1533K(66560K)] 378368K->313931K(716288K), 0.0016485 secs] [Times: user=0.01 sys=0.00, real=0.00 secs] 
1539.941: [GC (Allocation Failure) [PSYoungGen: 66045K->1520K(66560K)] 378443K->313926K(716288K), 0.0018514 secs] [Times: user=0.01 sys=0.00, real=0.00 secs] 
1540.253: [GC (Allocation Failure) [PSYoungGen: 66032K->1488K(66560K)] 378438K->313894K(716288K), 0.0019773 secs] [Times: user=0.01 sys=0.00, real=0.00 secs] 
1540.552: [GC (Allocation Failure) [PSYoungGen: 66000K->1376K(66560K)] 378406K->313782K(716288K), 0.0020476 secs] [Times: user=0.01 sys=0.00, real=0.00 secs] 
1540.821: [GC (Allocation Failure) [PSYoungGen: 65888K->1376K(66560K)] 378294K->313782K(716288K), 0.0018846 secs] [Times: user=0.01 sys=0.00, real=0.00 secs] 
1541.089: [GC (Allocation Failure) [PSYoungGen: 65888K->1344K(66560K)] 378294K->313750K(716288K), 0.0019430 secs] [Times: user=0.01 sys=0.00, real=0.01 secs] 
1541.492: [GC (Allocation Failure) [PSYoungGen: 65824K->1405K(66560K)] 378231K->313811K(716288K), 0.0022909 secs] [Times: user=0.01 sys=0.00, real=0.00 secs] 
1541.922: [GC (Allocation Failure) [PSYoungGen: 65917K->1552K(66560K)] 378323K->313958K(716288K), 0.0016186 secs] [Times: user=0.01 sys=0.00, real=0.00 secs] 
1542.307: [GC (Allocation Failure) [PSYoungGen: 66064K->1565K(66560K)] 378470K->313971K(716288K), 0.0016477 secs] [Times: user=0.01 sys=0.00, real=0.00 secs] 
1542.691: [GC (Allocation Failure) [PSYoungGen: 66077K->1549K(66560K)] 378483K->313964K(716288K), 0.0015711 secs] [Times: user=0.01 sys=0.00, real=0.00 secs] 
1543.740: [GC (Allocation Failure) [PSYoungGen: 66061K->1456K(66560K)] 378476K->313870K(716288K), 0.0028538 secs] [Times: user=0.02 sys=0.00, real=0.01 secs] 
1544.170: [GC (Allocation Failure) [PSYoungGen: 65968K->1344K(66560K)] 378382K->313758K(716288K), 0.0020442 secs] [Times: user=0.01 sys=0.00, real=0.01 secs] 
1544.439: [GC (Allocation Failure) [PSYoungGen: 65856K->1456K(66560K)] 378270K->313870K(716288K), 0.0019036 secs] [Times: user=0.01 sys=0.00, real=0.01 secs] 
1544.765: [GC (Allocation Failure) [PSYoungGen: 65968K->1376K(66560K)] 378382K->313790K(716288K), 0.0019735 secs] [Times: user=0.00 sys=0.00, real=0.00 secs] 
1545.161: [GC (Allocation Failure) [PSYoungGen: 65888K->1437K(66560K)] 378302K->313851K(716288K), 0.0015663 secs] [Times: user=0.01 sys=0.00, real=0.00 secs] 
1545.565: [GC (Allocation Failure) [PSYoungGen: 65945K->1552K(66560K)] 378360K->313966K(716288K), 0.0025132 secs] [Times: user=0.01 sys=0.00, real=0.00 secs] 
1545.957: [GC (Allocation Failure) [PSYoungGen: 66064K->1584K(66560K)] 378478K->313998K(716288K), 0.0015822 secs] [Times: user=0.00 sys=0.00, real=0.00 secs] 
1546.342: [GC (Allocation Failure) [PSYoungGen: 66096K->1552K(66560K)] 378510K->313974K(716288K), 0.0016506 secs] [Times: user=0.00 sys=0.00, real=0.00 secs] 
1546.923: [GC (Allocation Failure) [PSYoungGen: 66064K->1472K(66560K)] 378486K->313894K(716288K), 0.0019026 secs] [Times: user=0.00 sys=0.00, real=0.00 secs] 
1547.491: [GC (Allocation Failure) [PSYoungGen: 65984K->1360K(66560K)] 378406K->313782K(716288K), 0.0022319 secs] [Times: user=0.01 sys=0.00, real=0.00 secs] 
1547.845: [GC (Allocation Failure) [PSYoungGen: 65872K->1344K(66560K)] 378294K->313782K(716288K), 0.0024803 secs] [Times: user=0.01 sys=0.00, real=0.00 secs] 
1548.126: [GC (Allocation Failure) [PSYoungGen: 65856K->1376K(66560K)] 378294K->313814K(716288K), 0.0021159 secs] [Times: user=0.01 sys=0.00, real=0.00 secs] 
1548.393: [GC (Allocation Failure) [PSYoungGen: 65888K->1376K(66560K)] 378326K->313814K(716288K), 0.0019693 secs] [Times: user=0.00 sys=0.00, real=0.00 secs] 
1548.810: [GC (Allocation Failure) [PSYoungGen: 65888K->1533K(66560K)] 378326K->313971K(716288K), 0.0016729 secs] [Times: user=0.01 sys=0.00, real=0.01 secs] 
1549.200: [GC (Allocation Failure) [PSYoungGen: 66045K->1552K(66560K)] 378483K->313990K(716288K), 0.0015519 secs] [Times: user=0.01 sys=0.00, real=0.01 secs] 
1549.589: [GC (Allocation Failure) [PSYoungGen: 66064K->1485K(66560K)] 378502K->313931K(716288K), 0.0017377 secs] [Times: user=0.00 sys=0.01, real=0.01 secs] 
1550.058: [GC (Allocation Failure) [PSYoungGen: 65997K->1504K(66560K)] 378443K->313950K(716288K), 0.0018227 secs] [Times: user=0.00 sys=0.00, real=0.00 secs] 
1550.699: [GC (Allocation Failure) [PSYoungGen: 66016K->1344K(66560K)] 378462K->313790K(716288K), 0.0029533 secs] [Times: user=0.01 sys=0.00, real=0.01 secs] 
1551.233: [GC (Allocation Failure) [PSYoungGen: 65856K->1360K(66560K)] 378302K->313806K(716288K), 0.0027271 secs] [Times: user=0.01 sys=0.00, real=0.00 secs] 
1551.734: [GC (Allocation Failure) [PSYoungGen: 65872K->1344K(66560K)] 378318K->313790K(716288K), 0.0021518 secs] [Times: user=0.01 sys=0.00, real=0.00 secs] 
1552.303: [GC (Allocation Failure) [PSYoungGen: 65856K->1376K(66560K)] 378302K->313822K(716288K), 0.0021416 secs] [Times: user=0.01 sys=0.00, real=0.00 secs] 
1552.775: [GC (Allocation Failure) [PSYoungGen: 65858K->1536K(66560K)] 378305K->313982K(716288K), 0.0015375 secs] [Times: user=0.00 sys=0.00, real=0.00 secs] 
1553.161: [GC (Allocation Failure) [PSYoungGen: 66048K->1597K(66560K)] 378494K->314043K(716288K), 0.0016565 secs] [Times: user=0.00 sys=0.00, real=0.00 secs] 
1553.547: [GC (Allocation Failure) [PSYoungGen: 66109K->1565K(66560K)] 378555K->314027K(716288K), 0.0016557 secs] [Times: user=0.01 sys=0.00, real=0.00 secs] 
1553.931: [GC (Allocation Failure) [PSYoungGen: 66077K->1504K(66560K)] 378539K->313966K(716288K), 0.0016162 secs] [Times: user=0.00 sys=0.00, real=0.00 secs] 
1554.610: [GC (Allocation Failure) [PSYoungGen: 66016K->1360K(66560K)] 378478K->313822K(716288K), 0.0037710 secs] [Times: user=0.02 sys=0.01, real=0.01 secs] 
1555.342: [GC (Allocation Failure) [PSYoungGen: 65872K->1328K(66560K)] 378334K->313790K(716288K), 0.0030426 secs] [Times: user=0.01 sys=0.00, real=0.00 secs] 
1556.103: [GC (Allocation Failure) [PSYoungGen: 65840K->1344K(66560K)] 378302K->313806K(716288K), 0.0037217 secs] [Times: user=0.01 sys=0.00, real=0.00 secs] 
1556.783: [GC (Allocation Failure) [PSYoungGen: 65856K->1408K(66560K)] 378318K->313870K(716288K), 0.0024366 secs] [Times: user=0.01 sys=0.00, real=0.00 secs] 
1557.604: [GC (Allocation Failure) [PSYoungGen: 65904K->1501K(66560K)] 378367K->313963K(716288K), 0.0016201 secs] [Times: user=0.01 sys=0.00, real=0.00 secs] 
1557.994: [GC (Allocation Failure) [PSYoungGen: 66013K->1520K(66560K)] 378475K->313982K(716288K), 0.0016428 secs] [Times: user=0.01 sys=0.00, real=0.00 secs] 
1558.380: [GC (Allocation Failure) [PSYoungGen: 66028K->1520K(66560K)] 378491K->313998K(716288K), 0.0017165 secs] [Times: user=0.01 sys=0.00, real=0.01 secs] 
1558.824: [GC (Allocation Failure) [PSYoungGen: 66004K->1552K(66560K)] 378483K->314030K(716288K), 0.0016279 secs] [Times: user=0.01 sys=0.00, real=0.00 secs] 
1559.441: [GC (Allocation Failure) [PSYoungGen: 66064K->1376K(66560K)] 378542K->313870K(716288K), 0.0025314 secs] [Times: user=0.01 sys=0.00, real=0.00 secs] 
1559.950: [GC (Allocation Failure) [PSYoungGen: 65888K->1344K(66560K)] 378382K->313838K(716288K), 0.0019974 secs] [Times: user=0.01 sys=0.00, real=0.00 secs] 
1560.233: [GC (Allocation Failure) [PSYoungGen: 65856K->1376K(66560K)] 378350K->313870K(716288K), 0.0019745 secs] [Times: user=0.01 sys=0.00, real=0.00 secs] 
1560.534: [GC (Allocation Failure) [PSYoungGen: 65888K->1408K(66560K)] 378382K->313902K(716288K), 0.0018395 secs] [Times: user=0.01 sys=0.00, real=0.00 secs] 
1560.892: [GC (Allocation Failure) [PSYoungGen: 65899K->1469K(66560K)] 378393K->313963K(716288K), 0.0015505 secs] [Times: user=0.01 sys=0.00, real=0.00 secs] 
1561.279: [GC (Allocation Failure) [PSYoungGen: 65981K->1520K(66560K)] 378475K->314014K(716288K), 0.0017671 secs] [Times: user=0.01 sys=0.00, real=0.01 secs] 
1561.665: [GC (Allocation Failure) [PSYoungGen: 66019K->1552K(66560K)] 378513K->314054K(716288K), 0.0016098 secs] [Times: user=0.00 sys=0.00, real=0.00 secs] 
1562.050: [GC (Allocation Failure) [PSYoungGen: 66064K->1520K(66560K)] 378566K->314030K(716288K), 0.0016196 secs] [Times: user=0.01 sys=0.00, real=0.01 secs] 
1563.233: [GC (Allocation Failure) [PSYoungGen: 66032K->1424K(66560K)] 378542K->313934K(716288K), 0.0040584 secs] [Times: user=0.01 sys=0.01, real=0.00 secs] 
1564.000: [GC (Allocation Failure) [PSYoungGen: 65936K->1344K(66560K)] 378446K->313854K(716288K), 0.0023772 secs] [Times: user=0.01 sys=0.00, real=0.01 secs] 
1564.311: [GC (Allocation Failure) [PSYoungGen: 65856K->1408K(66560K)] 378366K->313918K(716288K), 0.0019716 secs] [Times: user=0.01 sys=0.00, real=0.00 secs] 
1564.735: [GC (Allocation Failure) [PSYoungGen: 65920K->1408K(66560K)] 378430K->313918K(716288K), 0.0019649 secs] [Times: user=0.01 sys=0.00, real=0.00 secs] 
1565.236: [GC (Allocation Failure) [PSYoungGen: 65920K->1408K(66560K)] 378430K->313918K(716288K), 0.0016216 secs] [Times: user=0.01 sys=0.00, real=0.00 secs] 
1565.694: [GC (Allocation Failure) [PSYoungGen: 65918K->1520K(66560K)] 378428K->314030K(716288K), 0.0016352 secs] [Times: user=0.00 sys=0.00, real=0.00 secs] 
1566.079: [GC (Allocation Failure) [PSYoungGen: 66032K->1520K(66560K)] 378542K->314030K(716288K), 0.0016054 secs] [Times: user=0.00 sys=0.00, real=0.01 secs] 
1566.463: [GC (Allocation Failure) [PSYoungGen: 66030K->1520K(66560K)] 378540K->314038K(716288K), 0.0016330 secs] [Times: user=0.00 sys=0.00, real=0.00 secs] 
1566.966: [GC (Allocation Failure) [PSYoungGen: 66032K->1392K(66560K)] 378550K->313910K(716288K), 0.0027992 secs] [Times: user=0.01 sys=0.00, real=0.00 secs] 
1567.262: [GC (Allocation Failure) [PSYoungGen: 65904K->1360K(66560K)] 378422K->313878K(716288K), 0.0020765 secs] [Times: user=0.01 sys=0.00, real=0.00 secs] 
1567.578: [GC (Allocation Failure) [PSYoungGen: 65872K->1376K(66560K)] 378390K->313894K(716288K), 0.0020811 secs] [Times: user=0.01 sys=0.00, real=0.01 secs] 
1567.853: [GC (Allocation Failure) [PSYoungGen: 65888K->1376K(66560K)] 378406K->313910K(716288K), 0.0025911 secs] [Times: user=0.01 sys=0.00, real=0.00 secs] 
1568.259: [GC (Allocation Failure) [PSYoungGen: 65859K->1488K(66560K)] 378393K->314022K(716288K), 0.0015947 secs] [Times: user=0.00 sys=0.00, real=0.01 secs] 
1568.643: [GC (Allocation Failure) [PSYoungGen: 66000K->1584K(66560K)] 378534K->314118K(716288K), 0.0016879 secs] [Times: user=0.01 sys=0.00, real=0.00 secs] 
1569.030: [GC (Allocation Failure) [PSYoungGen: 66096K->1536K(66560K)] 378630K->314078K(716288K), 0.0016290 secs] [Times: user=0.00 sys=0.00, real=0.01 secs] 
1569.421: [GC (Allocation Failure) [PSYoungGen: 66048K->1552K(66560K)] 378590K->314102K(716288K), 0.0015678 secs] [Times: user=0.01 sys=0.00, real=0.00 secs] 
1570.152: [GC (Allocation Failure) [PSYoungGen: 66064K->1456K(66560K)] 378614K->314006K(716288K), 0.0021633 secs] [Times: user=0.01 sys=0.00, real=0.00 secs] 
1570.684: [GC (Allocation Failure) [PSYoungGen: 65968K->1344K(66560K)] 378518K->313902K(716288K), 0.0025245 secs] [Times: user=0.01 sys=0.00, real=0.00 secs] 
1570.949: [GC (Allocation Failure) [PSYoungGen: 65856K->1312K(66560K)] 378414K->313870K(716288K), 0.0017856 secs] [Times: user=0.01 sys=0.00, real=0.01 secs] 
1571.217: [GC (Allocation Failure) [PSYoungGen: 65824K->1376K(66560K)] 378382K->313934K(716288K), 0.0017872 secs] [Times: user=0.00 sys=0.00, real=0.00 secs] 
1571.741: [GC (Allocation Failure) [PSYoungGen: 65888K->1405K(66560K)] 378446K->313963K(716288K), 0.0020262 secs] [Times: user=0.01 sys=0.00, real=0.00 secs] 
1572.137: [GC (Allocation Failure) [PSYoungGen: 65917K->1565K(66560K)] 378475K->314123K(716288K), 0.0016176 secs] [Times: user=0.01 sys=0.00, real=0.00 secs] 
1572.526: [GC (Allocation Failure) [PSYoungGen: 66049K->1488K(66560K)] 378608K->314046K(716288K), 0.0016073 secs] [Times: user=0.01 sys=0.00, real=0.00 secs] 
1572.910: [GC (GCLocker Initiated GC) [PSYoungGen: 66000K->1533K(66560K)] 378558K->314099K(716288K), 0.0019268 secs] [Times: user=0.00 sys=0.00, real=0.01 secs] 
1573.307: [GC (Allocation Failure) [PSYoungGen: 66045K->1440K(66560K)] 378615K->314010K(716288K), 0.0017198 secs] [Times: user=0.01 sys=0.00, real=0.00 secs] 
1573.575: [GC (Allocation Failure) [PSYoungGen: 65952K->1408K(66560K)] 378522K->313978K(716288K), 0.0016280 secs] [Times: user=0.01 sys=0.00, real=0.00 secs] 
1573.861: [GC (Allocation Failure) [PSYoungGen: 65920K->1408K(66560K)] 378490K->313978K(716288K), 0.0016973 secs] [Times: user=0.01 sys=0.00, real=0.00 secs] 
1574.257: [GC (Allocation Failure) [PSYoungGen: 65920K->1408K(66560K)] 378490K->313978K(716288K), 0.0020321 secs] [Times: user=0.01 sys=0.00, real=0.00 secs] 
1574.572: [GC (Allocation Failure) [PSYoungGen: 65920K->1408K(66560K)] 378490K->313978K(716288K), 0.0020217 secs] [Times: user=0.01 sys=0.00, real=0.00 secs] 
1575.062: [GC (Allocation Failure) [PSYoungGen: 65901K->1584K(66560K)] 378471K->314154K(716288K), 0.0015731 secs] [Times: user=0.01 sys=0.00, real=0.00 secs] 
1575.446: [GC (Allocation Failure) [PSYoungGen: 66096K->1584K(66560K)] 378666K->314154K(716288K), 0.0016880 secs] [Times: user=0.01 sys=0.00, real=0.00 secs] 
1575.832: [GC (Allocation Failure) [PSYoungGen: 66096K->1616K(66560K)] 378666K->314194K(716288K), 0.0015552 secs] [Times: user=0.00 sys=0.00, real=0.00 secs] 
1576.275: [GC (Allocation Failure) [PSYoungGen: 66128K->1536K(66560K)] 378706K->314114K(716288K), 0.0019196 secs] [Times: user=0.00 sys=0.00, real=0.00 secs] 
1576.941: [GC (Allocation Failure) [PSYoungGen: 66048K->1424K(66560K)] 378626K->314026K(716288K), 0.0019596 secs] [Times: user=0.01 sys=0.00, real=0.00 secs] 
1577.465: [GC (Allocation Failure) [PSYoungGen: 65936K->1472K(66560K)] 378538K->314074K(716288K), 0.0020231 secs] [Times: user=0.01 sys=0.00, real=0.00 secs] 
1578.001: [GC (Allocation Failure) [PSYoungGen: 65984K->1392K(66560K)] 378586K->313994K(716288K), 0.0033910 secs] [Times: user=0.01 sys=0.00, real=0.00 secs] 
1578.596: [GC (Allocation Failure) [PSYoungGen: 65904K->1440K(66560K)] 378506K->314042K(716288K), 0.0027106 secs] [Times: user=0.01 sys=0.00, real=0.00 secs] 
1579.080: [GC (Allocation Failure) [PSYoungGen: 65952K->1549K(66560K)] 378554K->314151K(716288K), 0.0015108 secs] [Times: user=0.00 sys=0.00, real=0.01 secs] 
1579.470: [GC (Allocation Failure) [PSYoungGen: 66061K->1616K(66560K)] 378663K->314218K(716288K), 0.0016232 secs] [Times: user=0.01 sys=0.00, real=0.01 secs] 
1579.856: [GC (Allocation Failure) [PSYoungGen: 66128K->1568K(66560K)] 378730K->314226K(716288K), 0.0015884 secs] [Times: user=0.01 sys=0.00, real=0.00 secs] 
1580.229: [GC (Allocation Failure) [PSYoungGen: 66080K->1504K(66560K)] 378738K->314162K(716288K), 0.0015532 secs] [Times: user=0.01 sys=0.00, real=0.01 secs] 
1580.924: [GC (Allocation Failure) [PSYoungGen: 66016K->1392K(66560K)] 378674K->314050K(716288K), 0.0044503 secs] [Times: user=0.02 sys=0.00, real=0.00 secs] 
1581.285: [GC (Allocation Failure) [PSYoungGen: 65904K->1408K(66560K)] 378562K->314066K(716288K), 0.0019770 secs] [Times: user=0.01 sys=0.00, real=0.00 secs] 
1581.553: [GC (Allocation Failure) [PSYoungGen: 65920K->1408K(66560K)] 378578K->314066K(716288K), 0.0018972 secs] [Times: user=0.01 sys=0.00, real=0.00 secs] 
1581.821: [GC (Allocation Failure) [PSYoungGen: 65920K->1376K(66560K)] 378578K->314034K(716288K), 0.0018760 secs] [Times: user=0.01 sys=0.00, real=0.00 secs] 
1582.199: [GC (Allocation Failure) [PSYoungGen: 65888K->1520K(66560K)] 378546K->314178K(716288K), 0.0015365 secs] [Times: user=0.01 sys=0.00, real=0.01 secs] 
1582.586: [GC (Allocation Failure) [PSYoungGen: 66032K->1584K(66560K)] 378690K->314242K(716288K), 0.0015529 secs] [Times: user=0.00 sys=0.00, real=0.00 secs] 
1582.972: [GC (Allocation Failure) [PSYoungGen: 66096K->1533K(66560K)] 378754K->314207K(716288K), 0.0015067 secs] [Times: user=0.00 sys=0.00, real=0.00 secs] 
1583.356: [GC (Allocation Failure) [PSYoungGen: 66045K->1533K(66560K)] 378719K->314207K(716288K), 0.0016594 secs] [Times: user=0.01 sys=0.00, real=0.00 secs] 
1583.703: [GC (Allocation Failure) [PSYoungGen: 66045K->1456K(66560K)] 378719K->314130K(716288K), 0.0018584 secs] [Times: user=0.01 sys=0.00, real=0.00 secs] 
1584.036: [GC (Allocation Failure) [PSYoungGen: 65968K->1408K(66560K)] 378642K->314082K(716288K), 0.0018817 secs] [Times: user=0.01 sys=0.00, real=0.00 secs] 
1584.352: [GC (Allocation Failure) [PSYoungGen: 65920K->1408K(66560K)] 378594K->314082K(716288K), 0.0020160 secs] [Times: user=0.01 sys=0.00, real=0.00 secs] 
1584.644: [GC (Allocation Failure) [PSYoungGen: 65920K->1392K(66560K)] 378594K->314066K(716288K), 0.0019468 secs] [Times: user=0.01 sys=0.00, real=0.00 secs] 
1585.052: [GC (Allocation Failure) [PSYoungGen: 65880K->1488K(66560K)] 378554K->314162K(716288K), 0.0018065 secs] [Times: user=0.01 sys=0.00, real=0.00 secs] 
1585.438: [GC (Allocation Failure) [PSYoungGen: 66000K->1520K(66560K)] 378674K->314194K(716288K), 0.0016061 secs] [Times: user=0.01 sys=0.00, real=0.00 secs] 
1585.823: [GC (Allocation Failure) [PSYoungGen: 66032K->1488K(66560K)] 378706K->314178K(716288K), 0.0015507 secs] [Times: user=0.01 sys=0.01, real=0.00 secs] 
1586.208: [GC (Allocation Failure) [PSYoungGen: 65988K->1552K(66560K)] 378678K->314274K(716288K), 0.0016298 secs] [Times: user=0.01 sys=0.00, real=0.00 secs] 
1586.597: [GC (Allocation Failure) [PSYoungGen: 66064K->1408K(66560K)] 378786K->314130K(716288K), 0.0019316 secs] [Times: user=0.01 sys=0.00, real=0.00 secs] 
1586.897: [GC (Allocation Failure) [PSYoungGen: 65920K->1408K(66560K)] 378642K->314130K(716288K), 0.0018403 secs] [Times: user=0.00 sys=0.00, real=0.00 secs] 
1587.429: [GC (Allocation Failure) [PSYoungGen: 65920K->1344K(66560K)] 378642K->314066K(716288K), 0.0020848 secs] [Times: user=0.01 sys=0.00, real=0.01 secs] 
1587.969: [GC (Allocation Failure) [PSYoungGen: 65856K->1344K(66560K)] 378578K->314066K(716288K), 0.0020066 secs] [Times: user=0.00 sys=0.00, real=0.01 secs] 
1588.545: [GC (Allocation Failure) [PSYoungGen: 65831K->1533K(66560K)] 378553K->314255K(716288K), 0.0019440 secs] [Times: user=0.01 sys=0.00, real=0.00 secs] 
1588.932: [GC (Allocation Failure) [PSYoungGen: 66045K->1520K(66560K)] 378767K->314242K(716288K), 0.0016417 secs] [Times: user=0.00 sys=0.00, real=0.00 secs] 
1589.381: [GC (Allocation Failure) [PSYoungGen: 66004K->1533K(66560K)] 378726K->314255K(716288K), 0.0016385 secs] [Times: user=0.00 sys=0.00, real=0.00 secs] 
1589.768: [GC (Allocation Failure) [PSYoungGen: 66045K->1584K(66560K)] 378767K->314314K(716288K), 0.0017123 secs] [Times: user=0.00 sys=0.00, real=0.00 secs] 
1590.453: [GC (Allocation Failure) [PSYoungGen: 66096K->1376K(66560K)] 378826K->314106K(716288K), 0.0036961 secs] [Times: user=0.01 sys=0.00, real=0.00 secs] 
1590.836: [GC (Allocation Failure) [PSYoungGen: 65888K->1376K(66560K)] 378618K->314106K(716288K), 0.0019620 secs] [Times: user=0.01 sys=0.00, real=0.00 secs] 
1591.314: [GC (Allocation Failure) [PSYoungGen: 65888K->1408K(66560K)] 378618K->314138K(716288K), 0.0017295 secs] [Times: user=0.01 sys=0.00, real=0.00 secs] 
1591.815: [GC (Allocation Failure) [PSYoungGen: 65920K->1376K(66560K)] 378650K->314106K(716288K), 0.0021487 secs] [Times: user=0.01 sys=0.00, real=0.00 secs] 
1592.552: [GC (Allocation Failure) [PSYoungGen: 65888K->1440K(66560K)] 378618K->314170K(716288K), 0.0019332 secs] [Times: user=0.01 sys=0.00, real=0.00 secs] 
1592.960: [GC (Allocation Failure) [PSYoungGen: 65950K->1520K(66560K)] 378680K->314250K(716288K), 0.0016207 secs] [Times: user=0.01 sys=0.00, real=0.00 secs] 
1593.344: [GC (Allocation Failure) [PSYoungGen: 66032K->1552K(66560K)] 378762K->314282K(716288K), 0.0016292 secs] [Times: user=0.01 sys=0.00, real=0.00 secs] 
1593.789: [GC (Allocation Failure) [PSYoungGen: 66064K->1552K(66560K)] 378794K->314290K(716288K), 0.0016350 secs] [Times: user=0.01 sys=0.00, real=0.01 secs] 
1594.209: [GC (Allocation Failure) [PSYoungGen: 66064K->1472K(66560K)] 378802K->314210K(716288K), 0.0029101 secs] [Times: user=0.01 sys=0.00, real=0.01 secs] 
1594.479: [GC (Allocation Failure) [PSYoungGen: 65984K->1408K(66560K)] 378722K->314146K(716288K), 0.0020961 secs] [Times: user=0.01 sys=0.00, real=0.01 secs] 
1594.748: [GC (Allocation Failure) [PSYoungGen: 65920K->1424K(66560K)] 378658K->314162K(716288K), 0.0019492 secs] [Times: user=0.01 sys=0.00, real=0.00 secs] 
1595.016: [GC (Allocation Failure) [PSYoungGen: 65936K->1376K(66560K)] 378674K->314114K(716288K), 0.0017732 secs] [Times: user=0.00 sys=0.00, real=0.00 secs] 
1595.323: [GC (Allocation Failure) [PSYoungGen: 65862K->1501K(66560K)] 378600K->314239K(716288K), 0.0015495 secs] [Times: user=0.00 sys=0.00, real=0.00 secs] 
1595.707: [GC (Allocation Failure) [PSYoungGen: 66013K->1520K(66560K)] 378751K->314258K(716288K), 0.0016253 secs] [Times: user=0.01 sys=0.00, real=0.00 secs] 
1596.094: [GC (Allocation Failure) [PSYoungGen: 66032K->1501K(66560K)] 378770K->314239K(716288K), 0.0016017 secs] [Times: user=0.01 sys=0.00, real=0.00 secs] 
1596.478: [GC (Allocation Failure) [PSYoungGen: 66013K->1517K(66560K)] 378751K->314263K(716288K), 0.0015042 secs] [Times: user=0.01 sys=0.00, real=0.00 secs] 
1596.938: [GC (Allocation Failure) [PSYoungGen: 66029K->1456K(66560K)] 378775K->314226K(716288K), 0.0020945 secs] [Times: user=0.01 sys=0.00, real=0.01 secs] 
1597.227: [GC (Allocation Failure) [PSYoungGen: 65968K->1376K(66560K)] 378738K->314146K(716288K), 0.0017606 secs] [Times: user=0.00 sys=0.01, real=0.00 secs] 
1597.511: [GC (Allocation Failure) [PSYoungGen: 65888K->1408K(66560K)] 378658K->314178K(716288K), 0.0018601 secs] [Times: user=0.01 sys=0.00, real=0.00 secs] 
1597.779: [GC (Allocation Failure) [PSYoungGen: 65920K->1408K(66560K)] 378690K->314178K(716288K), 0.0018436 secs] [Times: user=0.01 sys=0.00, real=0.01 secs] 
1598.123: [GC (Allocation Failure) [PSYoungGen: 65920K->256K(66560K)] 378690K->313025K(716288K), 0.0018652 secs] [Times: user=0.01 sys=0.00, real=0.00 secs] 
1598.531: [GC (Allocation Failure) [PSYoungGen: 64768K->1581K(66560K)] 377537K->314351K(716288K), 0.0061363 secs] [Times: user=0.02 sys=0.00, real=0.00 secs] 
1598.928: [GC (Allocation Failure) [PSYoungGen: 66062K->1552K(66560K)] 378832K->314322K(716288K), 0.0016372 secs] [Times: user=0.01 sys=0.00, real=0.00 secs] 
1599.314: [GC (Allocation Failure) [PSYoungGen: 66064K->1616K(66560K)] 378834K->314394K(716288K), 0.0017117 secs] [Times: user=0.01 sys=0.00, real=0.00 secs] 
1599.784: [GC (Allocation Failure) [PSYoungGen: 66128K->1440K(66560K)] 378906K->314218K(716288K), 0.0019167 secs] [Times: user=0.01 sys=0.00, real=0.00 secs] 
1600.169: [GC (Allocation Failure) [PSYoungGen: 65952K->1376K(66560K)] 378730K->314154K(716288K), 0.0021104 secs] [Times: user=0.01 sys=0.00, real=0.01 secs] 
1600.520: [GC (Allocation Failure) [PSYoungGen: 65888K->1344K(66560K)] 378666K->314122K(716288K), 0.0018654 secs] [Times: user=0.01 sys=0.00, real=0.00 secs] 
1600.880: [GC (Allocation Failure) [PSYoungGen: 65856K->1408K(66560K)] 378634K->314186K(716288K), 0.0021072 secs] [Times: user=0.01 sys=0.00, real=0.01 secs] 
1601.160: [GC (Allocation Failure) [PSYoungGen: 65920K->1376K(66560K)] 378698K->314154K(716288K), 0.0019497 secs] [Times: user=0.01 sys=0.00, real=0.01 secs] 
1601.584: [GC (Allocation Failure) [PSYoungGen: 65871K->1533K(66560K)] 378649K->314311K(716288K), 0.0016514 secs] [Times: user=0.00 sys=0.00, real=0.00 secs] 
1601.969: [GC (Allocation Failure) [PSYoungGen: 66045K->1520K(66560K)] 378823K->314298K(716288K), 0.0017021 secs] [Times: user=0.00 sys=0.00, real=0.01 secs] 
1602.355: [GC (Allocation Failure) [PSYoungGen: 66018K->1520K(66560K)] 378796K->314306K(716288K), 0.0015954 secs] [Times: user=0.01 sys=0.00, real=0.00 secs] 
1602.766: [GC (Allocation Failure) [PSYoungGen: 66032K->2016K(66560K)] 378818K->314802K(716288K), 0.0018056 secs] [Times: user=0.01 sys=0.00, real=0.00 secs] 
1603.033: [GC (Allocation Failure) [PSYoungGen: 66528K->1376K(66560K)] 379314K->314162K(716288K), 0.0018250 secs] [Times: user=0.01 sys=0.00, real=0.00 secs] 
1603.302: [GC (Allocation Failure) [PSYoungGen: 65888K->1376K(66560K)] 378674K->314162K(716288K), 0.0017739 secs] [Times: user=0.00 sys=0.00, real=0.00 secs] 
1603.570: [GC (Allocation Failure) [PSYoungGen: 65888K->1408K(66560K)] 378674K->314194K(716288K), 0.0018474 secs] [Times: user=0.00 sys=0.00, real=0.01 secs] 
1603.837: [GC (Allocation Failure) [PSYoungGen: 65920K->1376K(66560K)] 378706K->314162K(716288K), 0.0018114 secs] [Times: user=0.01 sys=0.00, real=0.00 secs] 
1604.307: [GC (Allocation Failure) [PSYoungGen: 65863K->1536K(66560K)] 378649K->314322K(716288K), 0.0015825 secs] [Times: user=0.00 sys=0.00, real=0.00 secs] 
1604.693: [GC (Allocation Failure) [PSYoungGen: 66048K->1520K(66560K)] 378834K->314306K(716288K), 0.0016259 secs] [Times: user=0.01 sys=0.00, real=0.00 secs] 
1605.079: [GC (Allocation Failure) [PSYoungGen: 66002K->1552K(66560K)] 378788K->314346K(716288K), 0.0016310 secs] [Times: user=0.01 sys=0.00, real=0.01 secs] 
1605.526: [GC (Allocation Failure) [PSYoungGen: 66064K->1552K(66560K)] 378858K->314346K(716288K), 0.0018181 secs] [Times: user=0.01 sys=0.00, real=0.00 secs] 
1605.839: [GC (Allocation Failure) [PSYoungGen: 66064K->1344K(66560K)] 378858K->314138K(716288K), 0.0027063 secs] [Times: user=0.01 sys=0.00, real=0.01 secs] 
1606.102: [GC (Allocation Failure) [PSYoungGen: 65856K->1392K(66560K)] 378650K->314210K(716288K), 0.0019625 secs] [Times: user=0.00 sys=0.00, real=0.00 secs] 
1606.370: [GC (Allocation Failure) [PSYoungGen: 65904K->1360K(66560K)] 378722K->314178K(716288K), 0.0018395 secs] [Times: user=0.01 sys=0.00, real=0.00 secs] 
1606.665: [GC (Allocation Failure) [PSYoungGen: 65872K->1344K(66560K)] 378690K->314162K(716288K), 0.0017703 secs] [Times: user=0.01 sys=0.00, real=0.00 secs] 
1607.071: [GC (Allocation Failure) [PSYoungGen: 65834K->1437K(66560K)] 378652K->314255K(716288K), 0.0014632 secs] [Times: user=0.01 sys=0.00, real=0.00 secs] 
1607.455: [GC (Allocation Failure) [PSYoungGen: 65949K->1488K(66560K)] 378767K->314306K(716288K), 0.0017248 secs] [Times: user=0.00 sys=0.00, real=0.00 secs] 
1607.840: [GC (Allocation Failure) [PSYoungGen: 66000K->1552K(66560K)] 378818K->314378K(716288K), 0.0015595 secs] [Times: user=0.01 sys=0.00, real=0.00 secs] 
1608.227: [GC (Allocation Failure) [PSYoungGen: 66064K->1488K(66560K)] 378890K->314314K(716288K), 0.0015611 secs] [Times: user=0.01 sys=0.00, real=0.00 secs] 
1608.553: [GC (Allocation Failure) [PSYoungGen: 66000K->1440K(66560K)] 378826K->314266K(716288K), 0.0017175 secs] [Times: user=0.01 sys=0.00, real=0.00 secs] 
1608.821: [GC (Allocation Failure) [PSYoungGen: 65952K->1392K(66560K)] 378778K->314218K(716288K), 0.0040633 secs] [Times: user=0.01 sys=0.00, real=0.00 secs] 
1609.091: [GC (Allocation Failure) [PSYoungGen: 65904K->1376K(66560K)] 378730K->314202K(716288K), 0.0018018 secs] [Times: user=0.01 sys=0.00, real=0.00 secs] 
1609.360: [GC (Allocation Failure) [PSYoungGen: 65888K->1344K(66560K)] 378714K->314170K(716288K), 0.0016551 secs] [Times: user=0.01 sys=0.00, real=0.01 secs] 
1609.698: [GC (Allocation Failure) [PSYoungGen: 65856K->1520K(66560K)] 378682K->314346K(716288K), 0.0013909 secs] [Times: user=0.01 sys=0.00, real=0.00 secs] 
1610.083: [GC (Allocation Failure) [PSYoungGen: 66032K->1552K(66560K)] 378858K->314378K(716288K), 0.0015571 secs] [Times: user=0.00 sys=0.00, real=0.00 secs] 
1610.469: [GC (Allocation Failure) [PSYoungGen: 66064K->1552K(66560K)] 378890K->314378K(716288K), 0.0017597 secs] [Times: user=0.01 sys=0.00, real=0.01 secs] 
1610.855: [GC (Allocation Failure) [PSYoungGen: 66064K->1552K(66560K)] 378890K->314386K(716288K), 0.0016768 secs] [Times: user=0.01 sys=0.00, real=0.00 secs] 
1611.452: [GC (Allocation Failure) [PSYoungGen: 66064K->1456K(66560K)] 378898K->314290K(716288K), 0.0018174 secs] [Times: user=0.01 sys=0.00, real=0.00 secs] 
1612.030: [GC (Allocation Failure) [PSYoungGen: 65968K->1376K(66560K)] 378802K->314210K(716288K), 0.0020530 secs] [Times: user=0.00 sys=0.00, real=0.01 secs] 
1612.486: [GC (Allocation Failure) [PSYoungGen: 65888K->1376K(66560K)] 378722K->314210K(716288K), 0.0019286 secs] [Times: user=0.01 sys=0.00, real=0.00 secs] 
1613.020: [GC (Allocation Failure) [PSYoungGen: 65888K->1376K(66560K)] 378722K->314210K(716288K), 0.0020203 secs] [Times: user=0.01 sys=0.00, real=0.00 secs] 
1613.585: [GC (Allocation Failure) [PSYoungGen: 65888K->1485K(66560K)] 378722K->314319K(716288K), 0.0016243 secs] [Times: user=0.00 sys=0.00, real=0.00 secs] 
1613.971: [GC (Allocation Failure) [PSYoungGen: 65997K->1517K(66560K)] 378831K->314351K(716288K), 0.0015319 secs] [Times: user=0.01 sys=0.00, real=0.00 secs] 
1614.356: [GC (Allocation Failure) [PSYoungGen: 66029K->1552K(66560K)] 378863K->314386K(716288K), 0.0015670 secs] [Times: user=0.01 sys=0.00, real=0.00 secs] 
1614.742: [GC (Allocation Failure) [PSYoungGen: 66064K->1533K(66560K)] 378898K->314383K(716288K), 0.0016638 secs] [Times: user=0.01 sys=0.00, real=0.00 secs] 
1615.065: [GC (Allocation Failure) [PSYoungGen: 66045K->1456K(66560K)] 378895K->314306K(716288K), 0.0016882 secs] [Times: user=0.01 sys=0.00, real=0.00 secs] 
1615.333: [GC (Allocation Failure) [PSYoungGen: 65968K->1392K(66560K)] 378818K->314242K(716288K), 0.0015861 secs] [Times: user=0.01 sys=0.00, real=0.00 secs] 
1615.600: [GC (Allocation Failure) [PSYoungGen: 65904K->1376K(66560K)] 378754K->314226K(716288K), 0.0015030 secs] [Times: user=0.00 sys=0.00, real=0.00 secs] 
1615.868: [GC (Allocation Failure) [PSYoungGen: 65888K->1360K(66560K)] 378738K->314210K(716288K), 0.0015593 secs] [Times: user=0.01 sys=0.00, real=0.00 secs] 
1616.172: [GC (Allocation Failure) [PSYoungGen: 65872K->1501K(66560K)] 378722K->314351K(716288K), 0.0015059 secs] [Times: user=0.00 sys=0.00, real=0.00 secs] 
1616.616: [GC (Allocation Failure) [PSYoungGen: 66013K->1520K(66560K)] 378863K->314370K(716288K), 0.0018846 secs] [Times: user=0.01 sys=0.00, real=0.00 secs] 
1617.063: [GC (Allocation Failure) [PSYoungGen: 66004K->1549K(66560K)] 378854K->314415K(716288K), 0.0019041 secs] [Times: user=0.01 sys=0.00, real=0.00 secs] 
1617.450: [GC (Allocation Failure) [PSYoungGen: 66061K->1520K(66560K)] 378927K->314394K(716288K), 0.0018543 secs] [Times: user=0.01 sys=0.00, real=0.01 secs] 
1618.300: [GC (Allocation Failure) [PSYoungGen: 66032K->1456K(66560K)] 378906K->314338K(716288K), 0.0036943 secs] [Times: user=0.01 sys=0.00, real=0.00 secs] 
1618.910: [GC (Allocation Failure) [PSYoungGen: 65968K->1376K(66560K)] 378850K->314258K(716288K), 0.0028242 secs] [Times: user=0.01 sys=0.00, real=0.00 secs] 
1619.503: [GC (Allocation Failure) [PSYoungGen: 65888K->1376K(66560K)] 378770K->314258K(716288K), 0.0026233 secs] [Times: user=0.01 sys=0.00, real=0.00 secs] 
1620.053: [GC (Allocation Failure) [PSYoungGen: 65888K->1344K(66560K)] 378770K->314226K(716288K), 0.0027287 secs] [Times: user=0.01 sys=0.00, real=0.00 secs] 
1620.715: [GC (Allocation Failure) [PSYoungGen: 65856K->1488K(66560K)] 378738K->314370K(716288K), 0.0022633 secs] [Times: user=0.01 sys=0.01, real=0.00 secs] 
1621.158: [GC (Allocation Failure) [PSYoungGen: 66000K->1549K(66560K)] 378882K->314431K(716288K), 0.0017463 secs] [Times: user=0.00 sys=0.00, real=0.00 secs] 
1621.547: [GC (Allocation Failure) [PSYoungGen: 66060K->1533K(66560K)] 378942K->314415K(716288K), 0.0016628 secs] [Times: user=0.01 sys=0.00, real=0.00 secs] 
1621.933: [GC (Allocation Failure) [PSYoungGen: 66045K->1568K(66560K)] 378927K->314458K(716288K), 0.0015948 secs] [Times: user=0.01 sys=0.00, real=0.00 secs] 
1622.356: [GC (Allocation Failure) [PSYoungGen: 66080K->1488K(66560K)] 378970K->314378K(716288K), 0.0018901 secs] [Times: user=0.01 sys=0.00, real=0.00 secs] 
1622.625: [GC (Allocation Failure) [PSYoungGen: 66000K->1408K(66560K)] 378890K->314298K(716288K), 0.0018317 secs] [Times: user=0.00 sys=0.00, real=0.00 secs] 
1622.893: [GC (Allocation Failure) [PSYoungGen: 65920K->1392K(66560K)] 378810K->314282K(716288K), 0.0019633 secs] [Times: user=0.01 sys=0.00, real=0.00 secs] 
1623.161: [GC (Allocation Failure) [PSYoungGen: 65904K->1376K(66560K)] 378794K->314266K(716288K), 0.0018640 secs] [Times: user=0.01 sys=0.00, real=0.00 secs] 
1623.429: [GC (Allocation Failure) [PSYoungGen: 65888K->1408K(66560K)] 378778K->314298K(716288K), 0.0019286 secs] [Times: user=0.00 sys=0.00, real=0.01 secs] 
1623.869: [GC (Allocation Failure) [PSYoungGen: 65920K->1517K(66560K)] 378810K->314407K(716288K), 0.0016018 secs] [Times: user=0.01 sys=0.00, real=0.01 secs] 
1624.318: [GC (Allocation Failure) [PSYoungGen: 66010K->1520K(66560K)] 378900K->314410K(716288K), 0.0016401 secs] [Times: user=0.01 sys=0.00, real=0.00 secs] 
1624.764: [GC (Allocation Failure) [PSYoungGen: 66032K->1565K(66560K)] 378922K->314471K(716288K), 0.0017231 secs] [Times: user=0.01 sys=0.00, real=0.00 secs] 
1625.158: [GC (Allocation Failure) [PSYoungGen: 66077K->1984K(66560K)] 378983K->314890K(716288K), 0.0019574 secs] [Times: user=0.01 sys=0.00, real=0.00 secs] 
1625.427: [GC (Allocation Failure) [PSYoungGen: 66496K->1344K(66560K)] 379402K->314250K(716288K), 0.0021313 secs] [Times: user=0.01 sys=0.00, real=0.00 secs] 
1625.696: [GC (Allocation Failure) [PSYoungGen: 65856K->1376K(66560K)] 378762K->314282K(716288K), 0.0019160 secs] [Times: user=0.00 sys=0.00, real=0.00 secs] 
1625.974: [GC (Allocation Failure) [PSYoungGen: 65888K->1376K(66560K)] 378794K->314282K(716288K), 0.0019008 secs] [Times: user=0.01 sys=0.00, real=0.00 secs] 
1626.273: [GC (Allocation Failure) [PSYoungGen: 65888K->1344K(66560K)] 378794K->314274K(716288K), 0.0019537 secs] [Times: user=0.01 sys=0.00, real=0.00 secs] 
1626.772: [GC (Allocation Failure) [PSYoungGen: 65856K->1536K(66560K)] 378786K->314466K(716288K), 0.0015233 secs] [Times: user=0.01 sys=0.00, real=0.00 secs] 
1627.220: [GC (Allocation Failure) [PSYoungGen: 66048K->1520K(66560K)] 378978K->314450K(716288K), 0.0016309 secs] [Times: user=0.00 sys=0.00, real=0.01 secs] 
1627.677: [GC (Allocation Failure) [PSYoungGen: 66032K->1517K(66560K)] 378962K->314463K(716288K), 0.0015868 secs] [Times: user=0.00 sys=0.00, real=0.00 secs] 
1628.124: [GC (Allocation Failure) [PSYoungGen: 66029K->1565K(66560K)] 378975K->314511K(716288K), 0.0017304 secs] [Times: user=0.01 sys=0.00, real=0.00 secs] 
1628.824: [GC (Allocation Failure) [PSYoungGen: 66077K->1376K(66560K)] 379023K->314322K(716288K), 0.0034071 secs] [Times: user=0.02 sys=0.00, real=0.00 secs] 
1629.459: [GC (Allocation Failure) [PSYoungGen: 65888K->1344K(66560K)] 378834K->314290K(716288K), 0.0025365 secs] [Times: user=0.01 sys=0.00, real=0.01 secs] 
1629.958: [GC (Allocation Failure) [PSYoungGen: 65856K->1376K(66560K)] 378802K->314322K(716288K), 0.0027188 secs] [Times: user=0.01 sys=0.00, real=0.01 secs] 
1630.431: [GC (Allocation Failure) [PSYoungGen: 65888K->1344K(66560K)] 378834K->314290K(716288K), 0.0030575 secs] [Times: user=0.01 sys=0.00, real=0.00 secs] 
1630.949: [GC (Allocation Failure) [PSYoungGen: 65834K->1501K(66560K)] 378780K->314447K(716288K), 0.0016110 secs] [Times: user=0.01 sys=0.00, real=0.01 secs] 
1631.333: [GC (Allocation Failure) [PSYoungGen: 66013K->1565K(66560K)] 378959K->314511K(716288K), 0.0016431 secs] [Times: user=0.00 sys=0.00, real=0.00 secs] 
1631.719: [GC (Allocation Failure) [PSYoungGen: 66077K->1565K(66560K)] 379023K->314527K(716288K), 0.0016093 secs] [Times: user=0.01 sys=0.00, real=0.01 secs] 
1632.103: [GC (Allocation Failure) [PSYoungGen: 66077K->1568K(66560K)] 379039K->314530K(716288K), 0.0017350 secs] [Times: user=0.01 sys=0.00, real=0.00 secs] 
1632.484: [GC (Allocation Failure) [PSYoungGen: 66080K->1408K(66560K)] 379042K->314370K(716288K), 0.0019759 secs] [Times: user=0.00 sys=0.00, real=0.00 secs] 
1632.787: [GC (Allocation Failure) [PSYoungGen: 65920K->1408K(66560K)] 378882K->314370K(716288K), 0.0020730 secs] [Times: user=0.00 sys=0.00, real=0.00 secs] 
1633.070: [GC (Allocation Failure) [PSYoungGen: 65920K->1408K(66560K)] 378882K->314370K(716288K), 0.0019673 secs] [Times: user=0.01 sys=0.00, real=0.01 secs] 
1633.481: [GC (Allocation Failure) [PSYoungGen: 65920K->1440K(66560K)] 378882K->314402K(716288K), 0.0020678 secs] [Times: user=0.01 sys=0.00, real=0.00 secs] 
1633.838: [GC (Allocation Failure) [PSYoungGen: 65952K->1501K(66560K)] 378914K->314463K(716288K), 0.0015259 secs] [Times: user=0.01 sys=0.00, real=0.00 secs] 
1634.226: [GC (Allocation Failure) [PSYoungGen: 66013K->1501K(66560K)] 378975K->314463K(716288K), 0.0016649 secs] [Times: user=0.00 sys=0.00, real=0.00 secs] 
1634.614: [GC (Allocation Failure) [PSYoungGen: 66013K->1533K(66560K)] 378975K->314495K(716288K), 0.0015727 secs] [Times: user=0.00 sys=0.00, real=0.00 secs] 
1635.004: [GC (Allocation Failure) [PSYoungGen: 66045K->1552K(66560K)] 379007K->314522K(716288K), 0.0018101 secs] [Times: user=0.00 sys=0.00, real=0.00 secs] 
1635.555: [GC (Allocation Failure) [PSYoungGen: 66064K->1408K(66560K)] 379034K->314378K(716288K), 0.0019933 secs] [Times: user=0.01 sys=0.00, real=0.00 secs] 
1636.264: [GC (Allocation Failure) [PSYoungGen: 65920K->1408K(66560K)] 378890K->314378K(716288K), 0.0024267 secs] [Times: user=0.01 sys=0.00, real=0.00 secs] 
1636.952: [GC (Allocation Failure) [PSYoungGen: 65920K->1344K(66560K)] 378890K->314314K(716288K), 0.0022946 secs] [Times: user=0.01 sys=0.00, real=0.00 secs] 
1637.825: [GC (Allocation Failure) [PSYoungGen: 65856K->1344K(66560K)] 378826K->314330K(716288K), 0.0030384 secs] [Times: user=0.01 sys=0.00, real=0.00 secs] 
1638.796: [GC (Allocation Failure) [PSYoungGen: 65841K->1472K(66560K)] 378827K->314458K(716288K), 0.0015020 secs] [Times: user=0.01 sys=0.00, real=0.00 secs] 
1639.180: [GC (Allocation Failure) [PSYoungGen: 65984K->1616K(66560K)] 378970K->314602K(716288K), 0.0016296 secs] [Times: user=0.00 sys=0.00, real=0.00 secs] 
1639.569: [GC (Allocation Failure) [PSYoungGen: 66128K->1485K(66560K)] 379114K->314471K(716288K), 0.0023576 secs] [Times: user=0.00 sys=0.00, real=0.01 secs] 
1640.045: [GC (Allocation Failure) [PSYoungGen: 65994K->1565K(66560K)] 378980K->314559K(716288K), 0.0017770 secs] [Times: user=0.01 sys=0.00, real=0.00 secs] 
1640.392: [GC (Allocation Failure) [PSYoungGen: 66077K->1472K(66560K)] 379071K->314466K(716288K), 0.0023649 secs] [Times: user=0.01 sys=0.00, real=0.00 secs] 
1640.661: [GC (Allocation Failure) [PSYoungGen: 65984K->1408K(66560K)] 378978K->314402K(716288K), 0.0018993 secs] [Times: user=0.01 sys=0.00, real=0.00 secs] 
1640.963: [GC (Allocation Failure) [PSYoungGen: 65920K->1408K(66560K)] 378914K->314402K(716288K), 0.0020479 secs] [Times: user=0.01 sys=0.00, real=0.00 secs] 
1641.269: [GC (Allocation Failure) [PSYoungGen: 65920K->1376K(66560K)] 378914K->314370K(716288K), 0.0018647 secs] [Times: user=0.01 sys=0.00, real=0.01 secs] 
1641.864: [GC (Allocation Failure) [PSYoungGen: 65888K->1424K(66560K)] 378882K->314418K(716288K), 0.0020115 secs] [Times: user=0.00 sys=0.00, real=0.00 secs] 
1642.282: [GC (Allocation Failure) [PSYoungGen: 65936K->1520K(66560K)] 378930K->314514K(716288K), 0.0016263 secs] [Times: user=0.01 sys=0.00, real=0.00 secs] 
1642.727: [GC (Allocation Failure) [PSYoungGen: 66008K->1552K(66560K)] 379002K->314546K(716288K), 0.0018134 secs] [Times: user=0.00 sys=0.01, real=0.00 secs] 
1643.170: [GC (Allocation Failure) [PSYoungGen: 66064K->1584K(66560K)] 379058K->314586K(716288K), 0.0018298 secs] [Times: user=0.00 sys=0.00, real=0.01 secs] 
1643.655: [GC (Allocation Failure) [PSYoungGen: 66096K->1424K(66560K)] 379098K->314426K(716288K), 0.0024152 secs] [Times: user=0.01 sys=0.00, real=0.00 secs] 
1644.165: [GC (Allocation Failure) [PSYoungGen: 65936K->1376K(66560K)] 378938K->314378K(716288K), 0.0023793 secs] [Times: user=0.01 sys=0.00, real=0.00 secs] 
1644.433: [GC (Allocation Failure) [PSYoungGen: 65888K->1360K(66560K)] 378890K->314362K(716288K), 0.0020089 secs] [Times: user=0.00 sys=0.00, real=0.00 secs] 
1644.701: [GC (Allocation Failure) [PSYoungGen: 65872K->1408K(66560K)] 378874K->314410K(716288K), 0.0018345 secs] [Times: user=0.01 sys=0.00, real=0.00 secs] 
1645.004: [GC (Allocation Failure) [PSYoungGen: 65916K->1456K(66560K)] 378918K->314458K(716288K), 0.0016720 secs] [Times: user=0.00 sys=0.00, real=0.00 secs] 
1645.460: [GC (Allocation Failure) [PSYoungGen: 65968K->1584K(66560K)] 378970K->314586K(716288K), 0.0017283 secs] [Times: user=0.01 sys=0.00, real=0.00 secs] 
1645.846: [GC (Allocation Failure) [PSYoungGen: 66096K->1565K(66560K)] 379098K->314567K(716288K), 0.0018153 secs] [Times: user=0.01 sys=0.00, real=0.00 secs] 
1646.231: [GC (Allocation Failure) [PSYoungGen: 66077K->1520K(66560K)] 379079K->314530K(716288K), 0.0015951 secs] [Times: user=0.01 sys=0.00, real=0.00 secs] 
1646.731: [GC (Allocation Failure) [PSYoungGen: 66032K->1488K(66560K)] 379042K->314498K(716288K), 0.0028846 secs] [Times: user=0.01 sys=0.00, real=0.00 secs] 
1647.258: [GC (Allocation Failure) [PSYoungGen: 66000K->1376K(66560K)] 379010K->314418K(716288K), 0.0023762 secs] [Times: user=0.01 sys=0.00, real=0.01 secs] 
1647.544: [GC (Allocation Failure) [PSYoungGen: 65888K->1408K(66560K)] 378930K->314450K(716288K), 0.0018279 secs] [Times: user=0.00 sys=0.00, real=0.00 secs] 
1647.819: [GC (Allocation Failure) [PSYoungGen: 65920K->1408K(66560K)] 378962K->314450K(716288K), 0.0018439 secs] [Times: user=0.00 sys=0.00, real=0.01 secs] 
1648.087: [GC (Allocation Failure) [PSYoungGen: 65920K->1392K(66560K)] 378962K->314434K(716288K), 0.0016135 secs] [Times: user=0.01 sys=0.00, real=0.00 secs] 
1648.493: [GC (Allocation Failure) [PSYoungGen: 65904K->1533K(66560K)] 378946K->314575K(716288K), 0.0016377 secs] [Times: user=0.01 sys=0.00, real=0.00 secs] 
1648.878: [GC (Allocation Failure) [PSYoungGen: 66045K->1485K(66560K)] 379087K->314527K(716288K), 0.0015181 secs] [Times: user=0.00 sys=0.00, real=0.00 secs] 
1649.263: [GC (Allocation Failure) [PSYoungGen: 65997K->1520K(66560K)] 379039K->314570K(716288K), 0.0015516 secs] [Times: user=0.01 sys=0.00, real=0.00 secs] 
1649.700: [GC (Allocation Failure) [PSYoungGen: 66032K->2016K(66560K)] 379082K->315578K(716288K), 0.0019118 secs] [Times: user=0.01 sys=0.00, real=0.01 secs] 
1650.236: [GC (Allocation Failure) [PSYoungGen: 66528K->1408K(66560K)] 380090K->314970K(716288K), 0.0015204 secs] [Times: user=0.01 sys=0.01, real=0.00 secs] 
1650.548: [GC (Allocation Failure) [PSYoungGen: 65920K->1328K(66560K)] 379482K->314890K(716288K), 0.0029914 secs] [Times: user=0.01 sys=0.00, real=0.01 secs] 
1650.885: [GC (Allocation Failure) [PSYoungGen: 65840K->1440K(66560K)] 379402K->315002K(716288K), 0.0020259 secs] [Times: user=0.01 sys=0.00, real=0.00 secs] 
1651.153: [GC (Allocation Failure) [PSYoungGen: 65952K->1424K(66560K)] 379514K->314986K(716288K), 0.0018879 secs] [Times: user=0.01 sys=0.00, real=0.00 secs] 
1651.541: [GC (Allocation Failure) [PSYoungGen: 65936K->1469K(66560K)] 379498K->315031K(716288K), 0.0015277 secs] [Times: user=0.01 sys=0.00, real=0.00 secs] 
1651.986: [GC (Allocation Failure) [PSYoungGen: 65981K->1581K(66560K)] 379543K->315143K(716288K), 0.0016193 secs] [Times: user=0.00 sys=0.00, real=0.00 secs] 
1652.372: [GC (Allocation Failure) [PSYoungGen: 66093K->1504K(66560K)] 379655K->315098K(716288K), 0.0015886 secs] [Times: user=0.00 sys=0.00, real=0.00 secs] 
1652.757: [GC (Allocation Failure) [PSYoungGen: 66014K->320K(66560K)] 379608K->313914K(716288K), 0.0018006 secs] [Times: user=0.01 sys=0.00, real=0.00 secs] 
1653.541: [GC (Allocation Failure) [PSYoungGen: 64832K->1360K(66560K)] 378426K->314954K(716288K), 0.0042123 secs] [Times: user=0.02 sys=0.00, real=0.00 secs] 
1654.383: [GC (Allocation Failure) [PSYoungGen: 65872K->1408K(66560K)] 379466K->315002K(716288K), 0.0029919 secs] [Times: user=0.01 sys=0.00, real=0.00 secs] 
1655.344: [GC (Allocation Failure) [PSYoungGen: 65920K->1408K(66560K)] 379514K->315002K(716288K), 0.0031998 secs] [Times: user=0.02 sys=0.00, real=0.00 secs] 
1655.870: [GC (Allocation Failure) [PSYoungGen: 65920K->1408K(66560K)] 379514K->315002K(716288K), 0.0029805 secs] [Times: user=0.01 sys=0.00, real=0.01 secs] 
1656.432: [GC (Allocation Failure) [PSYoungGen: 65920K->1501K(66560K)] 379514K->315095K(716288K), 0.0015480 secs] [Times: user=0.01 sys=0.00, real=0.00 secs] 
1656.818: [GC (Allocation Failure) [PSYoungGen: 65985K->1520K(66560K)] 379579K->315114K(716288K), 0.0017623 secs] [Times: user=0.00 sys=0.00, real=0.00 secs] 
1657.205: [GC (Allocation Failure) [PSYoungGen: 66032K->1552K(66560K)] 379626K->315170K(716288K), 0.0017752 secs] [Times: user=0.00 sys=0.00, real=0.00 secs] 
1657.591: [GC (Allocation Failure) [PSYoungGen: 66064K->1533K(66560K)] 379682K->315151K(716288K), 0.0017331 secs] [Times: user=0.01 sys=0.00, real=0.00 secs] 
1658.637: [GC (Allocation Failure) [PSYoungGen: 66045K->1440K(66560K)] 379663K->315058K(716288K), 0.0040154 secs] [Times: user=0.01 sys=0.01, real=0.01 secs] 
1659.521: [GC (Allocation Failure) [PSYoungGen: 65952K->1312K(66560K)] 379570K->314946K(716288K), 0.0038968 secs] [Times: user=0.02 sys=0.00, real=0.00 secs] 
1660.191: [GC (Allocation Failure) [PSYoungGen: 65824K->1376K(66560K)] 379458K->315010K(716288K), 0.0031177 secs] [Times: user=0.02 sys=0.00, real=0.00 secs] 
1660.679: [GC (Allocation Failure) [PSYoungGen: 65888K->1408K(66560K)] 379522K->315042K(716288K), 0.0026176 secs] [Times: user=0.01 sys=0.00, real=0.01 secs] 
1661.061: [GC (Allocation Failure) [PSYoungGen: 65919K->1501K(66560K)] 379553K->315135K(716288K), 0.0015757 secs] [Times: user=0.01 sys=0.00, real=0.00 secs] 
1661.446: [GC (Allocation Failure) [PSYoungGen: 66013K->1536K(66560K)] 379647K->315170K(716288K), 0.0015725 secs] [Times: user=0.01 sys=0.00, real=0.00 secs] 
1661.832: [GC (Allocation Failure) [PSYoungGen: 66036K->1565K(66560K)] 379670K->315207K(716288K), 0.0016112 secs] [Times: user=0.00 sys=0.00, real=0.00 secs] 
1662.276: [GC (Allocation Failure) [PSYoungGen: 66077K->1517K(66560K)] 379719K->315167K(716288K), 0.0016561 secs] [Times: user=0.00 sys=0.00, real=0.00 secs] 
1663.151: [GC (Allocation Failure) [PSYoungGen: 66029K->1424K(66560K)] 379679K->315074K(716288K), 0.0028936 secs] [Times: user=0.02 sys=0.00, real=0.00 secs] 
1663.777: [GC (Allocation Failure) [PSYoungGen: 65936K->1344K(66560K)] 379586K->314994K(716288K), 0.0025058 secs] [Times: user=0.01 sys=0.00, real=0.00 secs] 
1664.358: [GC (Allocation Failure) [PSYoungGen: 65856K->1408K(66560K)] 379506K->315058K(716288K), 0.0025837 secs] [Times: user=0.01 sys=0.00, real=0.01 secs] 
1664.904: [GC (Allocation Failure) [PSYoungGen: 65920K->1376K(66560K)] 379570K->315026K(716288K), 0.0023969 secs] [Times: user=0.01 sys=0.00, real=0.00 secs] 
1665.525: [GC (Allocation Failure) [PSYoungGen: 65874K->1472K(66560K)] 379524K->315122K(716288K), 0.0014986 secs] [Times: user=0.01 sys=0.00, real=0.00 secs] 
1665.911: [GC (Allocation Failure) [PSYoungGen: 65984K->1536K(66560K)] 379634K->315186K(716288K), 0.0018250 secs] [Times: user=0.01 sys=0.00, real=0.00 secs] 
1666.360: [GC (Allocation Failure) [PSYoungGen: 66048K->1520K(66560K)] 379698K->315170K(716288K), 0.0016275 secs] [Times: user=0.01 sys=0.00, real=0.01 secs] 
1666.805: [GC (Allocation Failure) [PSYoungGen: 66032K->1517K(66560K)] 379682K->315175K(716288K), 0.0016249 secs] [Times: user=0.01 sys=0.00, real=0.00 secs] 
1667.201: [GC (Allocation Failure) [PSYoungGen: 66029K->1456K(66560K)] 379687K->315122K(716288K), 0.0027914 secs] [Times: user=0.01 sys=0.00, real=0.00 secs] 
1667.470: [GC (Allocation Failure) [PSYoungGen: 65968K->1408K(66560K)] 379634K->315074K(716288K), 0.0019824 secs] [Times: user=0.01 sys=0.00, real=0.01 secs] 
1667.738: [GC (Allocation Failure) [PSYoungGen: 65920K->1376K(66560K)] 379586K->315042K(716288K), 0.0020669 secs] [Times: user=0.01 sys=0.00, real=0.00 secs] 
1668.006: [GC (Allocation Failure) [PSYoungGen: 65888K->1376K(66560K)] 379554K->315058K(716288K), 0.0019014 secs] [Times: user=0.01 sys=0.00, real=0.00 secs] 
1668.347: [GC (Allocation Failure) [PSYoungGen: 65870K->1405K(66560K)] 379552K->315087K(716288K), 0.0015841 secs] [Times: user=0.00 sys=0.00, real=0.00 secs] 
1668.731: [GC (Allocation Failure) [PSYoungGen: 65917K->1552K(66560K)] 379599K->315234K(716288K), 0.0017321 secs] [Times: user=0.00 sys=0.00, real=0.00 secs] 
1669.115: [GC (Allocation Failure) [PSYoungGen: 66064K->1552K(66560K)] 379746K->315234K(716288K), 0.0016369 secs] [Times: user=0.01 sys=0.00, real=0.00 secs] 
1669.500: [GC (Allocation Failure) [PSYoungGen: 66064K->1520K(66560K)] 379746K->315218K(716288K), 0.0015581 secs] [Times: user=0.01 sys=0.00, real=0.00 secs] 
1670.079: [GC (Allocation Failure) [PSYoungGen: 66032K->1472K(66560K)] 379730K->315170K(716288K), 0.0021209 secs] [Times: user=0.01 sys=0.00, real=0.01 secs] 
1670.692: [GC (Allocation Failure) [PSYoungGen: 65984K->1408K(66560K)] 379682K->315106K(716288K), 0.0025171 secs] [Times: user=0.01 sys=0.00, real=0.00 secs] 
1670.961: [GC (Allocation Failure) [PSYoungGen: 65920K->1408K(66560K)] 379618K->315106K(716288K), 0.0019674 secs] [Times: user=0.01 sys=0.00, real=0.00 secs] 
1671.229: [GC (Allocation Failure) [PSYoungGen: 65920K->1360K(66560K)] 379618K->315058K(716288K), 0.0019086 secs] [Times: user=0.01 sys=0.00, real=0.01 secs] 
1671.750: [GC (Allocation Failure) [PSYoungGen: 65858K->1437K(66560K)] 379556K->315135K(716288K), 0.0023014 secs] [Times: user=0.01 sys=0.00, real=0.00 secs] 
1672.275: [GC (Allocation Failure) [PSYoungGen: 65949K->1552K(66560K)] 379647K->315250K(716288K), 0.0015763 secs] [Times: user=0.01 sys=0.00, real=0.00 secs] 
1672.738: [GC (Allocation Failure) [PSYoungGen: 66064K->1552K(66560K)] 379762K->315250K(716288K), 0.0015638 secs] [Times: user=0.01 sys=0.00, real=0.00 secs] 
1673.185: [GC (Allocation Failure) [PSYoungGen: 66064K->1520K(66560K)] 379762K->315234K(716288K), 0.0016231 secs] [Times: user=0.01 sys=0.00, real=0.00 secs] 
1673.642: [GC (Allocation Failure) [PSYoungGen: 66032K->1456K(66560K)] 379746K->315170K(716288K), 0.0020785 secs] [Times: user=0.00 sys=0.00, real=0.00 secs] 
1674.247: [GC (Allocation Failure) [PSYoungGen: 65968K->1376K(66560K)] 379682K->315090K(716288K), 0.0022007 secs] [Times: user=0.01 sys=0.00, real=0.00 secs] 
1674.846: [GC (Allocation Failure) [PSYoungGen: 65888K->1392K(66560K)] 379602K->315106K(716288K), 0.0038050 secs] [Times: user=0.02 sys=0.00, real=0.00 secs] 
1675.609: [GC (Allocation Failure) [PSYoungGen: 65904K->1408K(66560K)] 379618K->315122K(716288K), 0.0031923 secs] [Times: user=0.02 sys=0.00, real=0.01 secs] 
1676.266: [GC (Allocation Failure) [PSYoungGen: 65920K->1376K(66560K)] 379634K->315090K(716288K), 0.0024533 secs] [Times: user=0.01 sys=0.00, real=0.00 secs] 
1676.690: [GC (Allocation Failure) [PSYoungGen: 65857K->1568K(66560K)] 379571K->315282K(716288K), 0.0016039 secs] [Times: user=0.00 sys=0.00, real=0.00 secs] 
1677.137: [GC (Allocation Failure) [PSYoungGen: 66080K->1533K(66560K)] 379794K->315247K(716288K), 0.0017943 secs] [Times: user=0.01 sys=0.00, real=0.00 secs] 
1677.521: [GC (Allocation Failure) [PSYoungGen: 66045K->1552K(66560K)] 379759K->315274K(716288K), 0.0017368 secs] [Times: user=0.01 sys=0.00, real=0.00 secs] 
1677.993: [GC (Allocation Failure) [PSYoungGen: 66064K->1472K(66560K)] 379786K->315194K(716288K), 0.0018522 secs] [Times: user=0.00 sys=0.00, real=0.00 secs] 
1678.541: [GC (Allocation Failure) [PSYoungGen: 65984K->1376K(66560K)] 379706K->315122K(716288K), 0.0024612 secs] [Times: user=0.01 sys=0.00, real=0.00 secs] 
1679.113: [GC (Allocation Failure) [PSYoungGen: 65888K->1376K(66560K)] 379634K->315122K(716288K), 0.0040170 secs] [Times: user=0.02 sys=0.00, real=0.00 secs] 
1679.753: [GC (Allocation Failure) [PSYoungGen: 65888K->1376K(66560K)] 379634K->315130K(716288K), 0.0019958 secs] [Times: user=0.01 sys=0.00, real=0.00 secs] 
1680.335: [GC (Allocation Failure) [PSYoungGen: 65888K->1376K(66560K)] 379642K->315130K(716288K), 0.0020424 secs] [Times: user=0.00 sys=0.00, real=0.00 secs] 
1681.085: [GC (Allocation Failure) [PSYoungGen: 65888K->1488K(66560K)] 379642K->315242K(716288K), 0.0017096 secs] [Times: user=0.01 sys=0.00, real=0.00 secs] 
1681.473: [GC (Allocation Failure) [PSYoungGen: 65980K->1533K(66560K)] 379734K->315287K(716288K), 0.0017089 secs] [Times: user=0.01 sys=0.00, real=0.00 secs] 
1681.860: [GC (Allocation Failure) [PSYoungGen: 66045K->1565K(66560K)] 379799K->315327K(716288K), 0.0015727 secs] [Times: user=0.01 sys=0.00, real=0.01 secs] 
1682.237: [GC (Allocation Failure) [PSYoungGen: 65709K->320K(66560K)] 379471K->314082K(716288K), 0.0015659 secs] [Times: user=0.01 sys=0.00, real=0.00 secs] 
1682.520: [GC (Allocation Failure) [PSYoungGen: 64832K->1376K(66560K)] 378594K->315138K(716288K), 0.0015542 secs] [Times: user=0.01 sys=0.00, real=0.00 secs] 
1682.787: [GC (Allocation Failure) [PSYoungGen: 65888K->1408K(66560K)] 379650K->315170K(716288K), 0.0017164 secs] [Times: user=0.01 sys=0.00, real=0.00 secs] 
1683.059: [GC (Allocation Failure) [PSYoungGen: 65920K->1344K(66560K)] 379682K->315106K(716288K), 0.0023856 secs] [Times: user=0.01 sys=0.00, real=0.01 secs] 
1683.324: [GC (Allocation Failure) [PSYoungGen: 65856K->1376K(66560K)] 379618K->315138K(716288K), 0.0024823 secs] [Times: user=0.01 sys=0.00, real=0.00 secs] 
1683.756: [GC (Allocation Failure) [PSYoungGen: 65888K->1488K(66560K)] 379650K->315250K(716288K), 0.0016213 secs] [Times: user=0.01 sys=0.00, real=0.00 secs] 
1684.142: [GC (Allocation Failure) [PSYoungGen: 66000K->1533K(66560K)] 379762K->315295K(716288K), 0.0015954 secs] [Times: user=0.01 sys=0.00, real=0.00 secs] 
1684.528: [GC (Allocation Failure) [PSYoungGen: 66045K->1536K(66560K)] 379807K->315306K(716288K), 0.0016586 secs] [Times: user=0.00 sys=0.00, real=0.00 secs] 
1684.913: [GC (Allocation Failure) [PSYoungGen: 66048K->1517K(66560K)] 379818K->315287K(716288K), 0.0017016 secs] [Times: user=0.01 sys=0.00, real=0.00 secs] 
1685.215: [GC (Allocation Failure) [PSYoungGen: 66029K->1440K(66560K)] 379799K->315218K(716288K), 0.0018480 secs] [Times: user=0.01 sys=0.00, real=0.00 secs] 
1685.483: [GC (Allocation Failure) [PSYoungGen: 65952K->1376K(66560K)] 379730K->315154K(716288K), 0.0016883 secs] [Times: user=0.01 sys=0.00, real=0.00 secs] 
1685.750: [GC (Allocation Failure) [PSYoungGen: 65888K->1376K(66560K)] 379666K->315154K(716288K), 0.0016756 secs] [Times: user=0.01 sys=0.00, real=0.00 secs] 
1686.021: [GC (Allocation Failure) [PSYoungGen: 65888K->1408K(66560K)] 379666K->315218K(716288K), 0.0024350 secs] [Times: user=0.01 sys=0.00, real=0.00 secs] 
1686.398: [GC (Allocation Failure) [PSYoungGen: 65895K->1469K(66560K)] 379705K->315279K(716288K), 0.0014664 secs] [Times: user=0.00 sys=0.00, real=0.00 secs] 
1686.782: [GC (Allocation Failure) [PSYoungGen: 65981K->1533K(66560K)] 379791K->315343K(716288K), 0.0016888 secs] [Times: user=0.00 sys=0.00, real=0.00 secs] 
1687.168: [GC (Allocation Failure) [PSYoungGen: 66045K->1616K(66560K)] 379855K->315442K(716288K), 0.0015872 secs] [Times: user=0.01 sys=0.00, real=0.00 secs] 
1687.620: [GC (Allocation Failure) [PSYoungGen: 66128K->1520K(66560K)] 379954K->315354K(716288K), 0.0018496 secs] [Times: user=0.01 sys=0.00, real=0.01 secs] 
1687.985: [GC (Allocation Failure) [PSYoungGen: 66032K->1440K(66560K)] 379866K->315274K(716288K), 0.0021277 secs] [Times: user=0.01 sys=0.00, real=0.00 secs] 
1688.300: [GC (Allocation Failure) [PSYoungGen: 65952K->1376K(66560K)] 379786K->315210K(716288K), 0.0020743 secs] [Times: user=0.01 sys=0.00, real=0.00 secs] 
1688.569: [GC (Allocation Failure) [PSYoungGen: 65888K->1344K(66560K)] 379722K->315178K(716288K), 0.0018254 secs] [Times: user=0.01 sys=0.00, real=0.01 secs] 
1688.836: [GC (Allocation Failure) [PSYoungGen: 65856K->1376K(66560K)] 379690K->315210K(716288K), 0.0017193 secs] [Times: user=0.01 sys=0.00, real=0.00 secs] 
1689.387: [GC (Allocation Failure) [PSYoungGen: 65863K->1504K(66560K)] 379697K->315346K(716288K), 0.0015323 secs] [Times: user=0.01 sys=0.01, real=0.00 secs] 
1689.770: [GC (Allocation Failure) [PSYoungGen: 66016K->1552K(66560K)] 379858K->315394K(716288K), 0.0016274 secs] [Times: user=0.00 sys=0.00, real=0.00 secs] 
1690.160: [GC (Allocation Failure) [PSYoungGen: 66064K->1552K(66560K)] 379906K->315394K(716288K), 0.0016350 secs] [Times: user=0.01 sys=0.00, real=0.01 secs] 
1690.544: [GC (Allocation Failure) [PSYoungGen: 66064K->1552K(66560K)] 379906K->315410K(716288K), 0.0016313 secs] [Times: user=0.00 sys=0.00, real=0.00 secs] 
1691.077: [GC (Allocation Failure) [PSYoungGen: 66064K->1488K(66560K)] 379922K->315346K(716288K), 0.0019876 secs] [Times: user=0.00 sys=0.00, real=0.00 secs] 
1691.598: [GC (Allocation Failure) [PSYoungGen: 66000K->1408K(66560K)] 379858K->315266K(716288K), 0.0018225 secs] [Times: user=0.00 sys=0.00, real=0.00 secs] 
1692.279: [GC (Allocation Failure) [PSYoungGen: 65920K->1424K(66560K)] 379778K->315282K(716288K), 0.0022074 secs] [Times: user=0.00 sys=0.00, real=0.01 secs] 
1692.888: [GC (Allocation Failure) [PSYoungGen: 65936K->1344K(66560K)] 379794K->315202K(716288K), 0.0019302 secs] [Times: user=0.00 sys=0.00, real=0.01 secs] 
1693.703: [GC (Allocation Failure) [PSYoungGen: 65856K->1440K(66560K)] 379714K->315298K(716288K), 0.0019115 secs] [Times: user=0.00 sys=0.00, real=0.00 secs] 
1694.099: [GC (Allocation Failure) [PSYoungGen: 65952K->1504K(66560K)] 379810K->315362K(716288K), 0.0016947 secs] [Times: user=0.01 sys=0.00, real=0.01 secs] 
1694.551: [GC (Allocation Failure) [PSYoungGen: 66008K->1552K(66560K)] 379866K->315410K(716288K), 0.0016183 secs] [Times: user=0.00 sys=0.00, real=0.00 secs] 
1694.939: [GC (Allocation Failure) [PSYoungGen: 66064K->1520K(66560K)] 379922K->315386K(716288K), 0.0016083 secs] [Times: user=0.01 sys=0.00, real=0.01 secs] 
1695.903: [GC (Allocation Failure) [PSYoungGen: 66032K->1488K(66560K)] 379898K->315354K(716288K), 0.0036542 secs] [Times: user=0.02 sys=0.00, real=0.00 secs] 
1696.876: [GC (Allocation Failure) [PSYoungGen: 66000K->1376K(66560K)] 379866K->315242K(716288K), 0.0045218 secs] [Times: user=0.02 sys=0.00, real=0.01 secs] 
1697.722: [GC (Allocation Failure) [PSYoungGen: 65888K->1344K(66560K)] 379754K->315210K(716288K), 0.0027730 secs] [Times: user=0.01 sys=0.00, real=0.00 secs] 
1698.578: [GC (Allocation Failure) [PSYoungGen: 65856K->1408K(66560K)] 379722K->315274K(716288K), 0.0034396 secs] [Times: user=0.02 sys=0.00, real=0.01 secs] 
1699.476: [GC (Allocation Failure) [PSYoungGen: 65892K->1437K(66560K)] 379758K->315303K(716288K), 0.0023339 secs] [Times: user=0.00 sys=0.00, real=0.00 secs] 
1699.915: [GC (Allocation Failure) [PSYoungGen: 65949K->1552K(66560K)] 379815K->315418K(716288K), 0.0016510 secs] [Times: user=0.01 sys=0.00, real=0.00 secs] 
1700.304: [GC (Allocation Failure) [PSYoungGen: 66064K->1533K(66560K)] 379930K->315399K(716288K), 0.0016569 secs] [Times: user=0.00 sys=0.00, real=0.00 secs] 
1700.751: [GC (Allocation Failure) [PSYoungGen: 66045K->1549K(66560K)] 379911K->315439K(716288K), 0.0016570 secs] [Times: user=0.01 sys=0.00, real=0.00 secs] 
1701.637: [GC (Allocation Failure) [PSYoungGen: 66061K->1472K(66560K)] 379951K->315362K(716288K), 0.0032308 secs] [Times: user=0.01 sys=0.00, real=0.01 secs] 
1702.566: [GC (Allocation Failure) [PSYoungGen: 65984K->1344K(66560K)] 379874K->315234K(716288K), 0.0024791 secs] [Times: user=0.01 sys=0.01, real=0.00 secs] 
1702.972: [GC (Allocation Failure) [PSYoungGen: 65856K->1360K(66560K)] 379746K->315250K(716288K), 0.0027626 secs] [Times: user=0.01 sys=0.00, real=0.00 secs] 
1703.501: [GC (Allocation Failure) [PSYoungGen: 65872K->1376K(66560K)] 379762K->315266K(716288K), 0.0024193 secs] [Times: user=0.01 sys=0.00, real=0.00 secs] 
1704.005: [GC (Allocation Failure) [PSYoungGen: 65888K->1440K(66560K)] 379778K->315330K(716288K), 0.0019882 secs] [Times: user=0.00 sys=0.00, real=0.00 secs] 
1704.447: [GC (Allocation Failure) [PSYoungGen: 65952K->1533K(66560K)] 379842K->315423K(716288K), 0.0016527 secs] [Times: user=0.01 sys=0.00, real=0.00 secs] 
1704.888: [GC (Allocation Failure) [PSYoungGen: 66045K->1520K(66560K)] 379935K->315410K(716288K), 0.0019165 secs] [Times: user=0.01 sys=0.00, real=0.00 secs] 
1705.277: [GC (Allocation Failure) [PSYoungGen: 66032K->1517K(66560K)] 379922K->315423K(716288K), 0.0017504 secs] [Times: user=0.00 sys=0.00, real=0.00 secs] 
1705.852: [GC (Allocation Failure) [PSYoungGen: 66029K->1472K(66560K)] 379935K->315386K(716288K), 0.0022280 secs] [Times: user=0.01 sys=0.00, real=0.00 secs] 
1706.440: [GC (Allocation Failure) [PSYoungGen: 65984K->1376K(66560K)] 379898K->315290K(716288K), 0.0026786 secs] [Times: user=0.01 sys=0.00, real=0.00 secs] 
1706.874: [GC (Allocation Failure) [PSYoungGen: 65888K->1408K(66560K)] 379802K->315322K(716288K), 0.0025743 secs] [Times: user=0.00 sys=0.00, real=0.00 secs] 
1707.401: [GC (Allocation Failure) [PSYoungGen: 65920K->1408K(66560K)] 379834K->315322K(716288K), 0.0021419 secs] [Times: user=0.01 sys=0.00, real=0.00 secs] 
1708.058: [GC (Allocation Failure) [PSYoungGen: 65920K->1376K(66560K)] 379834K->315290K(716288K), 0.0026680 secs] [Times: user=0.01 sys=0.00, real=0.01 secs] 
1708.604: [GC (Allocation Failure) [PSYoungGen: 65856K->1520K(66560K)] 379770K->315434K(716288K), 0.0016689 secs] [Times: user=0.01 sys=0.00, real=0.00 secs] 
1708.989: [GC (Allocation Failure) [PSYoungGen: 66032K->1568K(66560K)] 379946K->315482K(716288K), 0.0015687 secs] [Times: user=0.00 sys=0.00, real=0.01 secs] 
1709.375: [GC (Allocation Failure) [PSYoungGen: 66075K->1581K(66560K)] 379989K->315519K(716288K), 0.0015903 secs] [Times: user=0.01 sys=0.00, real=0.00 secs] 
1709.753: [GC (Allocation Failure) [PSYoungGen: 66093K->1600K(66560K)] 380031K->315538K(716288K), 0.0016724 secs] [Times: user=0.01 sys=0.00, real=0.00 secs] 
1710.103: [GC (Allocation Failure) [PSYoungGen: 66112K->1408K(66560K)] 380050K->315346K(716288K), 0.0016432 secs] [Times: user=0.01 sys=0.00, real=0.00 secs] 
1710.371: [GC (Allocation Failure) [PSYoungGen: 65920K->1408K(66560K)] 379858K->315346K(716288K), 0.0017471 secs] [Times: user=0.01 sys=0.00, real=0.00 secs] 
1710.992: [GC (Allocation Failure) [PSYoungGen: 65920K->1440K(66560K)] 379858K->315378K(716288K), 0.0018889 secs] [Times: user=0.01 sys=0.00, real=0.00 secs] 
1711.753: [GC (Allocation Failure) [PSYoungGen: 65952K->1376K(66560K)] 379890K->315314K(716288K), 0.0022241 secs] [Times: user=0.01 sys=0.00, real=0.00 secs] 
1712.389: [GC (Allocation Failure) [PSYoungGen: 65878K->1504K(66560K)] 379816K->315442K(716288K), 0.0016116 secs] [Times: user=0.00 sys=0.00, real=0.01 secs] 
1712.836: [GC (Allocation Failure) [PSYoungGen: 66016K->1584K(66560K)] 379954K->315522K(716288K), 0.0016114 secs] [Times: user=0.01 sys=0.00, real=0.00 secs] 
1713.226: [GC (Allocation Failure) [PSYoungGen: 66094K->1520K(66560K)] 380032K->315474K(716288K), 0.0016205 secs] [Times: user=0.01 sys=0.00, real=0.00 secs] 
1713.667: [GC (Allocation Failure) [PSYoungGen: 66032K->1520K(66560K)] 379986K->315474K(716288K), 0.0015557 secs] [Times: user=0.00 sys=0.00, real=0.00 secs] 
1714.349: [GC (Allocation Failure) [PSYoungGen: 66032K->1392K(66560K)] 379986K->315346K(716288K), 0.0030780 secs] [Times: user=0.01 sys=0.00, real=0.01 secs] 
1714.916: [GC (Allocation Failure) [PSYoungGen: 65904K->1408K(66560K)] 379858K->315362K(716288K), 0.0029879 secs] [Times: user=0.01 sys=0.00, real=0.00 secs] 
1715.507: [GC (Allocation Failure) [PSYoungGen: 65920K->1376K(66560K)] 379874K->315330K(716288K), 0.0026314 secs] [Times: user=0.01 sys=0.00, real=0.00 secs] 
1716.111: [GC (Allocation Failure) [PSYoungGen: 65888K->1344K(66560K)] 379842K->315298K(716288K), 0.0026210 secs] [Times: user=0.01 sys=0.00, real=0.00 secs] 
1716.637: [GC (Allocation Failure) [PSYoungGen: 65856K->1501K(66560K)] 379810K->315455K(716288K), 0.0016000 secs] [Times: user=0.01 sys=0.00, real=0.00 secs] 
1717.024: [GC (Allocation Failure) [PSYoungGen: 66000K->1552K(66560K)] 379954K->315506K(716288K), 0.0016790 secs] [Times: user=0.01 sys=0.00, real=0.00 secs] 
1717.409: [GC (Allocation Failure) [PSYoungGen: 66064K->1549K(66560K)] 380018K->315511K(716288K), 0.0016253 secs] [Times: user=0.01 sys=0.00, real=0.01 secs] 
1717.856: [GC (Allocation Failure) [PSYoungGen: 66043K->1520K(66560K)] 380005K->315482K(716288K), 0.0016374 secs] [Times: user=0.00 sys=0.00, real=0.00 secs] 
1718.432: [GC (Allocation Failure) [PSYoungGen: 66032K->1408K(66560K)] 379994K->315370K(716288K), 0.0021373 secs] [Times: user=0.01 sys=0.00, real=0.00 secs] 
1719.014: [GC (Allocation Failure) [PSYoungGen: 65920K->1344K(66560K)] 379882K->315322K(716288K), 0.0021649 secs] [Times: user=0.01 sys=0.00, real=0.00 secs] 
1719.540: [GC (Allocation Failure) [PSYoungGen: 65856K->1328K(66560K)] 379834K->315306K(716288K), 0.0022719 secs] [Times: user=0.01 sys=0.00, real=0.01 secs] 
1720.058: [GC (Allocation Failure) [PSYoungGen: 65840K->1408K(66560K)] 379818K->315386K(716288K), 0.0019221 secs] [Times: user=0.01 sys=0.00, real=0.00 secs] 
1720.562: [GC (Allocation Failure) [PSYoungGen: 65902K->1456K(66560K)] 379880K->315434K(716288K), 0.0015853 secs] [Times: user=0.01 sys=0.00, real=0.00 secs] 
1720.947: [GC (Allocation Failure) [PSYoungGen: 65968K->1552K(66560K)] 379946K->315530K(716288K), 0.0015850 secs] [Times: user=0.00 sys=0.00, real=0.00 secs] 
1721.332: [GC (Allocation Failure) [PSYoungGen: 66034K->1552K(66560K)] 380012K->315530K(716288K), 0.0016780 secs] [Times: user=0.00 sys=0.00, real=0.00 secs] 
1721.727: [GC (Allocation Failure) [PSYoungGen: 66064K->1504K(66560K)] 380042K->315498K(716288K), 0.0016336 secs] [Times: user=0.01 sys=0.00, real=0.00 secs] 
1722.212: [GC (Allocation Failure) [PSYoungGen: 66016K->1456K(66560K)] 380010K->315450K(716288K), 0.0018457 secs] [Times: user=0.01 sys=0.00, real=0.00 secs] 
1722.736: [GC (Allocation Failure) [PSYoungGen: 65968K->1376K(66560K)] 379962K->315370K(716288K), 0.0019730 secs] [Times: user=0.01 sys=0.00, real=0.00 secs] 
1723.006: [GC (Allocation Failure) [PSYoungGen: 65888K->1344K(66560K)] 379882K->315338K(716288K), 0.0018865 secs] [Times: user=0.01 sys=0.00, real=0.00 secs] 
1723.274: [GC (Allocation Failure) [PSYoungGen: 65856K->1344K(66560K)] 379850K->315338K(716288K), 0.0019134 secs] [Times: user=0.01 sys=0.00, real=0.00 secs] 
1723.602: [GC (Allocation Failure) [PSYoungGen: 65856K->1456K(66560K)] 379850K->315450K(716288K), 0.0015470 secs] [Times: user=0.01 sys=0.00, real=0.00 secs] 
1723.990: [GC (Allocation Failure) [PSYoungGen: 65968K->1597K(66560K)] 379962K->315591K(716288K), 0.0016016 secs] [Times: user=0.01 sys=0.00, real=0.01 secs] 
1724.377: [GC (Allocation Failure) [PSYoungGen: 66079K->1488K(66560K)] 380073K->315482K(716288K), 0.0015779 secs] [Times: user=0.01 sys=0.00, real=0.00 secs] 
1724.762: [GC (Allocation Failure) [PSYoungGen: 66000K->1552K(66560K)] 379994K->315554K(716288K), 0.0016281 secs] [Times: user=0.00 sys=0.00, real=0.00 secs] 
1725.343: [GC (Allocation Failure) [PSYoungGen: 66064K->1488K(66560K)] 380066K->315490K(716288K), 0.0020829 secs] [Times: user=0.01 sys=0.00, real=0.00 secs] 
1725.619: [GC (Allocation Failure) [PSYoungGen: 66000K->1408K(66560K)] 380002K->315410K(716288K), 0.0019546 secs] [Times: user=0.01 sys=0.00, real=0.01 secs] 
1725.887: [GC (Allocation Failure) [PSYoungGen: 65920K->1376K(66560K)] 379922K->315378K(716288K), 0.0020592 secs] [Times: user=0.00 sys=0.00, real=0.00 secs] 
1726.156: [GC (Allocation Failure) [PSYoungGen: 65888K->1376K(66560K)] 379890K->315378K(716288K), 0.0018315 secs] [Times: user=0.01 sys=0.00, real=0.00 secs] 
1726.467: [GC (Allocation Failure) [PSYoungGen: 65878K->1456K(66560K)] 379880K->315482K(716288K), 0.0016117 secs] [Times: user=0.00 sys=0.00, real=0.00 secs] 
1726.851: [GC (Allocation Failure) [PSYoungGen: 65968K->1533K(66560K)] 379994K->315559K(716288K), 0.0016391 secs] [Times: user=0.01 sys=0.00, real=0.00 secs] 
1727.237: [GC (Allocation Failure) [PSYoungGen: 66045K->1616K(66560K)] 380071K->315642K(716288K), 0.0017221 secs] [Times: user=0.01 sys=0.00, real=0.00 secs] 
1727.624: [GC (Allocation Failure) [PSYoungGen: 66128K->1552K(66560K)] 380154K->315586K(716288K), 0.0016123 secs] [Times: user=0.00 sys=0.00, real=0.00 secs] 
1728.157: [GC (Allocation Failure) [PSYoungGen: 66064K->1408K(66560K)] 380098K->315442K(716288K), 0.0019413 secs] [Times: user=0.01 sys=0.00, real=0.00 secs] 
1728.589: [GC (Allocation Failure) [PSYoungGen: 65920K->1376K(66560K)] 379954K->315410K(716288K), 0.0024605 secs] [Times: user=0.01 sys=0.00, real=0.01 secs] 
1729.082: [GC (Allocation Failure) [PSYoungGen: 65888K->1376K(66560K)] 379922K->315410K(716288K), 0.0032510 secs] [Times: user=0.01 sys=0.00, real=0.00 secs] 
1729.643: [GC (Allocation Failure) [PSYoungGen: 65888K->1344K(66560K)] 379922K->315378K(716288K), 0.0025450 secs] [Times: user=0.01 sys=0.00, real=0.00 secs] 
1730.207: [GC (Allocation Failure) [PSYoungGen: 65856K->1376K(66560K)] 379890K->315410K(716288K), 0.0026340 secs] [Times: user=0.01 sys=0.00, real=0.00 secs] 
1730.687: [GC (Allocation Failure) [PSYoungGen: 65888K->1565K(66560K)] 379922K->315599K(716288K), 0.0015218 secs] [Times: user=0.00 sys=0.00, real=0.00 secs] 
1731.072: [GC (Allocation Failure) [PSYoungGen: 66077K->1536K(66560K)] 380111K->315570K(716288K), 0.0015764 secs] [Times: user=0.00 sys=0.00, real=0.00 secs] 
1731.457: [GC (Allocation Failure) [PSYoungGen: 66048K->1517K(66560K)] 380082K->315559K(716288K), 0.0016530 secs] [Times: user=0.01 sys=0.00, real=0.00 secs] 
1731.846: [GC (Allocation Failure) [PSYoungGen: 66029K->1504K(66560K)] 380071K->315546K(716288K), 0.0017735 secs] [Times: user=0.00 sys=0.00, real=0.00 secs] 
1732.114: [GC (Allocation Failure) [PSYoungGen: 66016K->1344K(66560K)] 380058K->315386K(716288K), 0.0015608 secs] [Times: user=0.01 sys=0.00, real=0.00 secs] 
1732.382: [GC (Allocation Failure) [PSYoungGen: 65856K->1328K(66560K)] 379898K->315370K(716288K), 0.0017507 secs] [Times: user=0.01 sys=0.00, real=0.00 secs] 
1732.650: [GC (Allocation Failure) [PSYoungGen: 65840K->1312K(66560K)] 379882K->315354K(716288K), 0.0021420 secs] [Times: user=0.01 sys=0.00, real=0.00 secs] 
1733.166: [GC (Allocation Failure) [PSYoungGen: 65824K->1344K(66560K)] 379866K->315386K(716288K), 0.0031797 secs] [Times: user=0.01 sys=0.00, real=0.00 secs] 
1733.673: [GC (Allocation Failure) [PSYoungGen: 65837K->1488K(66560K)] 379879K->315530K(716288K), 0.0015589 secs] [Times: user=0.01 sys=0.00, real=0.00 secs] 
1734.057: [GC (Allocation Failure) [PSYoungGen: 66000K->1616K(66560K)] 380042K->315658K(716288K), 0.0016424 secs] [Times: user=0.00 sys=0.00, real=0.00 secs] 
1734.443: [GC (Allocation Failure) [PSYoungGen: 66099K->1501K(66560K)] 380141K->315551K(716288K), 0.0016026 secs] [Times: user=0.01 sys=0.00, real=0.00 secs] 
1734.922: [GC (Allocation Failure) [PSYoungGen: 66013K->1600K(66560K)] 380063K->315650K(716288K), 0.0018465 secs] [Times: user=0.01 sys=0.00, real=0.00 secs] 
1735.189: [GC (Allocation Failure) [PSYoungGen: 66112K->1344K(66560K)] 380162K->315394K(716288K), 0.0019051 secs] [Times: user=0.00 sys=0.00, real=0.01 secs] 
1735.457: [GC (Allocation Failure) [PSYoungGen: 65856K->1376K(66560K)] 379906K->315426K(716288K), 0.0028364 secs] [Times: user=0.01 sys=0.00, real=0.01 secs] 
1735.763: [GC (Allocation Failure) [PSYoungGen: 65888K->1344K(66560K)] 379938K->315394K(716288K), 0.0027692 secs] [Times: user=0.01 sys=0.00, real=0.00 secs] 
1736.284: [GC (Allocation Failure) [PSYoungGen: 65856K->1392K(66560K)] 379906K->315442K(716288K), 0.0025154 secs] [Times: user=0.01 sys=0.00, real=0.00 secs] 
1736.807: [GC (Allocation Failure) [PSYoungGen: 65883K->1456K(66560K)] 379933K->315530K(716288K), 0.0015954 secs] [Times: user=0.01 sys=0.00, real=0.00 secs] 
1737.192: [GC (Allocation Failure) [PSYoungGen: 65968K->1616K(66560K)] 380042K->315690K(716288K), 0.0017716 secs] [Times: user=0.00 sys=0.00, real=0.00 secs] 
1737.578: [GC (Allocation Failure) [PSYoungGen: 66098K->1488K(66560K)] 380172K->315578K(716288K), 0.0015170 secs] [Times: user=0.01 sys=0.00, real=0.00 secs] 
1737.963: [GC (Allocation Failure) [PSYoungGen: 65968K->1552K(66560K)] 380058K->315642K(716288K), 0.0016645 secs] [Times: user=0.01 sys=0.00, real=0.00 secs] 
1738.618: [GC (Allocation Failure) [PSYoungGen: 66064K->1392K(66560K)] 380154K->315482K(716288K), 0.0031721 secs] [Times: user=0.01 sys=0.00, real=0.01 secs] 
1738.906: [GC (Allocation Failure) [PSYoungGen: 65904K->1328K(66560K)] 379994K->315418K(716288K), 0.0028498 secs] [Times: user=0.01 sys=0.00, real=0.00 secs] 
1739.172: [GC (Allocation Failure) [PSYoungGen: 65840K->1344K(66560K)] 379930K->315434K(716288K), 0.0018959 secs] [Times: user=0.01 sys=0.00, real=0.00 secs] 
1739.440: [GC (Allocation Failure) [PSYoungGen: 65856K->1360K(66560K)] 379946K->315450K(716288K), 0.0019805 secs] [Times: user=0.01 sys=0.00, real=0.01 secs] 
1740.181: [GC (Allocation Failure) [PSYoungGen: 65872K->1520K(66560K)] 379962K->315610K(716288K), 0.0016064 secs] [Times: user=0.01 sys=0.00, real=0.00 secs] 
1740.629: [GC (Allocation Failure) [PSYoungGen: 66017K->1552K(66560K)] 380107K->315642K(716288K), 0.0017156 secs] [Times: user=0.01 sys=0.00, real=0.01 secs] 
1741.077: [GC (Allocation Failure) [PSYoungGen: 66064K->1520K(66560K)] 380154K->315618K(716288K), 0.0015981 secs] [Times: user=0.00 sys=0.00, real=0.00 secs] 
1741.463: [GC (Allocation Failure) [PSYoungGen: 66014K->1488K(66560K)] 380112K->315594K(716288K), 0.0016254 secs] [Times: user=0.01 sys=0.00, real=0.00 secs] 
1741.827: [GC (Allocation Failure) [PSYoungGen: 66000K->1376K(66560K)] 380106K->315482K(716288K), 0.0027712 secs] [Times: user=0.01 sys=0.00, real=0.01 secs] 
1742.100: [GC (Allocation Failure) [PSYoungGen: 65888K->1376K(66560K)] 379994K->315482K(716288K), 0.0021820 secs] [Times: user=0.01 sys=0.00, real=0.01 secs] 
1742.368: [GC (Allocation Failure) [PSYoungGen: 65888K->1328K(66560K)] 379994K->315434K(716288K), 0.0019167 secs] [Times: user=0.01 sys=0.01, real=0.00 secs] 
1742.783: [GC (Allocation Failure) [PSYoungGen: 65840K->1328K(66560K)] 379946K->315434K(716288K), 0.0021789 secs] [Times: user=0.00 sys=0.00, real=0.00 secs] 
1743.437: [GC (Allocation Failure) [PSYoungGen: 65840K->1485K(66560K)] 379946K->315591K(716288K), 0.0015246 secs] [Times: user=0.00 sys=0.00, real=0.00 secs] 
1743.822: [GC (Allocation Failure) [PSYoungGen: 65997K->1488K(66560K)] 380103K->315594K(716288K), 0.0015842 secs] [Times: user=0.01 sys=0.00, real=0.00 secs] 
1744.208: [GC (Allocation Failure) [PSYoungGen: 65999K->1552K(66560K)] 380105K->315658K(716288K), 0.0015545 secs] [Times: user=0.01 sys=0.00, real=0.00 secs] 
1744.594: [GC (Allocation Failure) [PSYoungGen: 66064K->1520K(66560K)] 380170K->315642K(716288K), 0.0016564 secs] [Times: user=0.00 sys=0.00, real=0.00 secs] 
1745.624: [GC (Allocation Failure) [PSYoungGen: 66032K->1424K(66560K)] 380154K->315546K(716288K), 0.0046308 secs] [Times: user=0.02 sys=0.00, real=0.00 secs] 
1746.354: [GC (Allocation Failure) [PSYoungGen: 65936K->1376K(66560K)] 380058K->315498K(716288K), 0.0032076 secs] [Times: user=0.02 sys=0.00, real=0.00 secs] 
1746.947: [GC (Allocation Failure) [PSYoungGen: 65888K->1376K(66560K)] 380010K->315498K(716288K), 0.0033298 secs] [Times: user=0.01 sys=0.00, real=0.01 secs] 
1747.558: [GC (Allocation Failure) [PSYoungGen: 65888K->1344K(66560K)] 380010K->315466K(716288K), 0.0032351 secs] [Times: user=0.01 sys=0.00, real=0.01 secs] 
1747.990: [GC (Allocation Failure) [PSYoungGen: 65856K->1437K(66560K)] 379978K->315559K(716288K), 0.0016751 secs] [Times: user=0.00 sys=0.00, real=0.01 secs] 
1748.375: [GC (Allocation Failure) [PSYoungGen: 65945K->1552K(66560K)] 380067K->315698K(716288K), 0.0016355 secs] [Times: user=0.01 sys=0.00, real=0.00 secs] 
1748.759: [GC (Allocation Failure) [PSYoungGen: 66064K->1565K(66560K)] 380210K->315711K(716288K), 0.0017108 secs] [Times: user=0.01 sys=0.00, real=0.01 secs] 
1749.146: [GC (Allocation Failure) [PSYoungGen: 66077K->1552K(66560K)] 380223K->315706K(716288K), 0.0015514 secs] [Times: user=0.01 sys=0.00, real=0.00 secs] 
1749.741: [GC (Allocation Failure) [PSYoungGen: 66064K->1488K(66560K)] 380218K->315642K(716288K), 0.0021126 secs] [Times: user=0.01 sys=0.00, real=0.00 secs] 
1750.375: [GC (Allocation Failure) [PSYoungGen: 66000K->1344K(66560K)] 380154K->315498K(716288K), 0.0019845 secs] [Times: user=0.00 sys=0.00, real=0.00 secs] 
1750.977: [GC (Allocation Failure) [PSYoungGen: 65856K->1408K(66560K)] 380010K->315562K(716288K), 0.0031875 secs] [Times: user=0.02 sys=0.00, real=0.00 secs] 
1751.418: [GC (Allocation Failure) [PSYoungGen: 65920K->1408K(66560K)] 380074K->315562K(716288K), 0.0019480 secs] [Times: user=0.01 sys=0.00, real=0.00 secs] 
1751.820: [GC (Allocation Failure) [PSYoungGen: 65891K->1456K(66560K)] 380045K->315610K(716288K), 0.0015510 secs] [Times: user=0.01 sys=0.00, real=0.00 secs] 
1752.205: [GC (Allocation Failure) [PSYoungGen: 65968K->1552K(66560K)] 380122K->315706K(716288K), 0.0016772 secs] [Times: user=0.00 sys=0.00, real=0.00 secs] 
1752.599: [GC (Allocation Failure) [PSYoungGen: 66064K->1533K(66560K)] 380218K->315687K(716288K), 0.0016279 secs] [Times: user=0.01 sys=0.00, real=0.01 secs] 
1752.984: [GC (Allocation Failure) [PSYoungGen: 66045K->1536K(66560K)] 380199K->315698K(716288K), 0.0016086 secs] [Times: user=0.01 sys=0.00, real=0.00 secs] 
1753.547: [GC (Allocation Failure) [PSYoungGen: 66048K->1456K(66560K)] 380210K->315618K(716288K), 0.0023822 secs] [Times: user=0.01 sys=0.00, real=0.00 secs] 
1754.213: [GC (Allocation Failure) [PSYoungGen: 65968K->1376K(66560K)] 380130K->315538K(716288K), 0.0026464 secs] [Times: user=0.01 sys=0.00, real=0.00 secs] 
1754.822: [GC (Allocation Failure) [PSYoungGen: 65888K->1344K(66560K)] 380050K->315506K(716288K), 0.0022712 secs] [Times: user=0.01 sys=0.00, real=0.00 secs] 
1755.703: [GC (Allocation Failure) [PSYoungGen: 65856K->1376K(66560K)] 380018K->315538K(716288K), 0.0032445 secs] [Times: user=0.01 sys=0.00, real=0.00 secs] 
1756.476: [GC (Allocation Failure) [PSYoungGen: 65724K->240K(66560K)] 379886K->314402K(716288K), 0.0041213 secs] [Times: user=0.01 sys=0.00, real=0.01 secs] 
1756.985: [GC (Allocation Failure) [PSYoungGen: 64752K->1552K(66560K)] 378914K->315714K(716288K), 0.0015976 secs] [Times: user=0.01 sys=0.00, real=0.00 secs] 
1757.372: [GC (Allocation Failure) [PSYoungGen: 66064K->1485K(66560K)] 380226K->315647K(716288K), 0.0016104 secs] [Times: user=0.01 sys=0.00, real=0.00 secs] 
1757.757: [GC (Allocation Failure) [PSYoungGen: 65995K->1520K(66560K)] 380157K->315690K(716288K), 0.0016850 secs] [Times: user=0.01 sys=0.00, real=0.00 secs] 
1758.172: [GC (Allocation Failure) [PSYoungGen: 66032K->1472K(66560K)] 380202K->315642K(716288K), 0.0020040 secs] [Times: user=0.01 sys=0.00, real=0.00 secs] 
1758.456: [GC (Allocation Failure) [PSYoungGen: 65984K->1408K(66560K)] 380154K->315594K(716288K), 0.0017333 secs] [Times: user=0.00 sys=0.00, real=0.00 secs] 
1758.757: [GC (Allocation Failure) [PSYoungGen: 65920K->1408K(66560K)] 380106K->315594K(716288K), 0.0018382 secs] [Times: user=0.00 sys=0.00, real=0.00 secs] 
1759.050: [GC (Allocation Failure) [PSYoungGen: 65920K->1408K(66560K)] 380106K->315594K(716288K), 0.0016723 secs] [Times: user=0.00 sys=0.00, real=0.01 secs] 
1759.318: [GC (Allocation Failure) [PSYoungGen: 65920K->1408K(66560K)] 380106K->315594K(716288K), 0.0017217 secs] [Times: user=0.01 sys=0.00, real=0.00 secs] 
1759.766: [GC (Allocation Failure) [PSYoungGen: 65905K->1488K(66560K)] 380091K->315674K(716288K), 0.0016060 secs] [Times: user=0.01 sys=0.00, real=0.00 secs] 
1760.153: [GC (Allocation Failure) [PSYoungGen: 66000K->1533K(66560K)] 380186K->315719K(716288K), 0.0016817 secs] [Times: user=0.00 sys=0.00, real=0.00 secs] 
1760.540: [GC (Allocation Failure) [PSYoungGen: 66045K->1501K(66560K)] 380231K->315703K(716288K), 0.0016954 secs] [Times: user=0.01 sys=0.00, real=0.01 secs] 
1761.088: [GC (Allocation Failure) [PSYoungGen: 66013K->1760K(66560K)] 380215K->315962K(716288K), 0.0019051 secs] [Times: user=0.01 sys=0.00, real=0.00 secs] 
1762.028: [GC (Allocation Failure) [PSYoungGen: 66272K->1344K(66560K)] 380474K->315546K(716288K), 0.0031247 secs] [Times: user=0.02 sys=0.00, real=0.01 secs] 
1762.588: [GC (Allocation Failure) [PSYoungGen: 65856K->1376K(66560K)] 380058K->315578K(716288K), 0.0034141 secs] [Times: user=0.01 sys=0.00, real=0.01 secs] 
1762.935: [GC (Allocation Failure) [PSYoungGen: 65888K->1344K(66560K)] 380090K->315546K(716288K), 0.0018864 secs] [Times: user=0.00 sys=0.00, real=0.00 secs] 
1763.234: [GC (Allocation Failure) [PSYoungGen: 65856K->1376K(66560K)] 380058K->315578K(716288K), 0.0018481 secs] [Times: user=0.01 sys=0.00, real=0.00 secs] 
1763.660: [GC (Allocation Failure) [PSYoungGen: 65862K->1485K(66560K)] 380064K->315687K(716288K), 0.0016919 secs] [Times: user=0.01 sys=0.00, real=0.01 secs] 
1764.044: [GC (Allocation Failure) [PSYoungGen: 65997K->1533K(66560K)] 380199K->315735K(716288K), 0.0016617 secs] [Times: user=0.00 sys=0.00, real=0.00 secs] 
1764.430: [GC (Allocation Failure) [PSYoungGen: 66040K->1520K(66560K)] 380242K->315730K(716288K), 0.0016399 secs] [Times: user=0.00 sys=0.00, real=0.00 secs] 
1764.815: [GC (Allocation Failure) [PSYoungGen: 66032K->1488K(66560K)] 380242K->315698K(716288K), 0.0015556 secs] [Times: user=0.01 sys=0.00, real=0.00 secs] 
1765.152: [GC (Allocation Failure) [PSYoungGen: 66000K->1408K(66560K)] 380210K->315618K(716288K), 0.0018527 secs] [Times: user=0.01 sys=0.00, real=0.00 secs] 
1765.421: [GC (Allocation Failure) [PSYoungGen: 65920K->1376K(66560K)] 380130K->315586K(716288K), 0.0018320 secs] [Times: user=0.01 sys=0.00, real=0.00 secs] 
1765.689: [GC (Allocation Failure) [PSYoungGen: 65888K->1344K(66560K)] 380098K->315554K(716288K), 0.0022067 secs] [Times: user=0.01 sys=0.00, real=0.01 secs] 
1765.962: [GC (Allocation Failure) [PSYoungGen: 65856K->1376K(66560K)] 380066K->315586K(716288K), 0.0024274 secs] [Times: user=0.01 sys=0.00, real=0.00 secs] 
1766.332: [GC (Allocation Failure) [PSYoungGen: 65875K->1469K(66560K)] 380085K->315679K(716288K), 0.0016125 secs] [Times: user=0.00 sys=0.00, real=0.00 secs] 
1766.718: [GC (Allocation Failure) [PSYoungGen: 65981K->1520K(66560K)] 380191K->315730K(716288K), 0.0016326 secs] [Times: user=0.01 sys=0.00, real=0.00 secs] 
1767.102: [GC (Allocation Failure) [PSYoungGen: 66032K->1565K(66560K)] 380242K->315799K(716288K), 0.0016224 secs] [Times: user=0.00 sys=0.00, real=0.00 secs] 
1767.488: [GC (Allocation Failure) [PSYoungGen: 66077K->1520K(66560K)] 380311K->315754K(716288K), 0.0015023 secs] [Times: user=0.01 sys=0.00, real=0.00 secs] 
1767.880: [GC (Allocation Failure) [PSYoungGen: 66032K->1440K(66560K)] 380266K->315674K(716288K), 0.0018882 secs] [Times: user=0.00 sys=0.00, real=0.00 secs] 
1768.149: [GC (Allocation Failure) [PSYoungGen: 65952K->1376K(66560K)] 380186K->315610K(716288K), 0.0017339 secs] [Times: user=0.01 sys=0.00, real=0.01 secs] 
1768.467: [GC (Allocation Failure) [PSYoungGen: 65888K->1424K(66560K)] 380122K->315658K(716288K), 0.0018999 secs] [Times: user=0.01 sys=0.00, real=0.00 secs] 
1768.740: [GC (Allocation Failure) [PSYoungGen: 65936K->1344K(66560K)] 380170K->315578K(716288K), 0.0017547 secs] [Times: user=0.00 sys=0.00, real=0.01 secs] 
1769.117: [GC (Allocation Failure) [PSYoungGen: 65856K->1520K(66560K)] 380090K->315754K(716288K), 0.0015893 secs] [Times: user=0.01 sys=0.00, real=0.00 secs] 
1769.570: [GC (Allocation Failure) [PSYoungGen: 66032K->1616K(66560K)] 380266K->315850K(716288K), 0.0017524 secs] [Times: user=0.01 sys=0.00, real=0.01 secs] 
1769.956: [GC (Allocation Failure) [PSYoungGen: 66108K->1520K(66560K)] 380342K->315754K(716288K), 0.0015986 secs] [Times: user=0.01 sys=0.00, real=0.00 secs] 
1770.396: [GC (Allocation Failure) [PSYoungGen: 66032K->1552K(66560K)] 380266K->315794K(716288K), 0.0017105 secs] [Times: user=0.01 sys=0.00, real=0.00 secs] 
1770.791: [GC (Allocation Failure) [PSYoungGen: 66064K->1376K(66560K)] 380306K->315618K(716288K), 0.0028555 secs] [Times: user=0.01 sys=0.00, real=0.00 secs] 
1771.068: [GC (Allocation Failure) [PSYoungGen: 65888K->1408K(66560K)] 380130K->315658K(716288K), 0.0019371 secs] [Times: user=0.01 sys=0.00, real=0.00 secs] 
1771.336: [GC (Allocation Failure) [PSYoungGen: 65920K->1408K(66560K)] 380170K->315658K(716288K), 0.0019317 secs] [Times: user=0.01 sys=0.00, real=0.00 secs] 
1771.679: [GC (Allocation Failure) [PSYoungGen: 65920K->1376K(66560K)] 380170K->315626K(716288K), 0.0015731 secs] [Times: user=0.01 sys=0.00, real=0.01 secs] 
1772.046: [GC (Allocation Failure) [PSYoungGen: 65885K->1536K(66560K)] 380135K->315786K(716288K), 0.0014758 secs] [Times: user=0.00 sys=0.00, real=0.00 secs] 
1772.430: [GC (Allocation Failure) [PSYoungGen: 66048K->1597K(66560K)] 380298K->315847K(716288K), 0.0017351 secs] [Times: user=0.00 sys=0.00, real=0.01 secs] 
1772.819: [GC (Allocation Failure) [PSYoungGen: 66109K->1552K(66560K)] 380359K->315802K(716288K), 0.0015857 secs] [Times: user=0.01 sys=0.00, real=0.01 secs] 
1773.275: [GC (Allocation Failure) [PSYoungGen: 66064K->1600K(66560K)] 380314K->315858K(716288K), 0.0015759 secs] [Times: user=0.01 sys=0.00, real=0.00 secs] 
1774.095: [GC (Allocation Failure) [PSYoungGen: 66112K->1488K(66560K)] 380370K->315746K(716288K), 0.0047137 secs] [Times: user=0.01 sys=0.00, real=0.00 secs] 
1775.533: [GC (Allocation Failure) [PSYoungGen: 66000K->1376K(66560K)] 380258K->315634K(716288K), 0.0044421 secs] [Times: user=0.02 sys=0.00, real=0.00 secs] 
1776.491: [GC (Allocation Failure) [PSYoungGen: 65888K->1408K(66560K)] 380146K->315666K(716288K), 0.0049150 secs] [Times: user=0.02 sys=0.00, real=0.00 secs] 
1777.188: [GC (Allocation Failure) [PSYoungGen: 65920K->1408K(66560K)] 380178K->315666K(716288K), 0.0025245 secs] [Times: user=0.01 sys=0.00, real=0.01 secs] 
1777.874: [GC (Allocation Failure) [PSYoungGen: 65920K->1488K(66560K)] 380178K->315746K(716288K), 0.0018930 secs] [Times: user=0.01 sys=0.00, real=0.00 secs] 
1778.278: [GC (Allocation Failure) [PSYoungGen: 66000K->1597K(66560K)] 380258K->315855K(716288K), 0.0016601 secs] [Times: user=0.00 sys=0.00, real=0.00 secs] 
1778.664: [GC (Allocation Failure) [PSYoungGen: 66087K->1597K(66560K)] 380345K->315855K(716288K), 0.0017180 secs] [Times: user=0.01 sys=0.00, real=0.00 secs] 
1779.050: [GC (Allocation Failure) [PSYoungGen: 66109K->1597K(66560K)] 380367K->315863K(716288K), 0.0016845 secs] [Times: user=0.00 sys=0.00, real=0.01 secs] 
1779.450: [GC (Allocation Failure) [PSYoungGen: 66109K->1488K(66560K)] 380375K->315786K(716288K), 0.0018513 secs] [Times: user=0.00 sys=0.00, real=0.01 secs] 
1780.179: [GC (Allocation Failure) [PSYoungGen: 66000K->1344K(66560K)] 380298K->315642K(716288K), 0.0044033 secs] [Times: user=0.01 sys=0.00, real=0.01 secs] 
1781.150: [GC (Allocation Failure) [PSYoungGen: 65856K->1376K(66560K)] 380154K->315674K(716288K), 0.0044927 secs] [Times: user=0.02 sys=0.00, real=0.01 secs] 
1782.112: [GC (Allocation Failure) [PSYoungGen: 65888K->1344K(66560K)] 380186K->315642K(716288K), 0.0044660 secs] [Times: user=0.01 sys=0.00, real=0.00 secs] 
1782.657: [GC (Allocation Failure) [PSYoungGen: 65827K->1437K(66560K)] 380125K->315735K(716288K), 0.0030374 secs] [Times: user=0.02 sys=0.00, real=0.01 secs] 
1783.149: [GC (Allocation Failure) [PSYoungGen: 65940K->1533K(66560K)] 380238K->315831K(716288K), 0.0016149 secs] [Times: user=0.01 sys=0.00, real=0.01 secs] 
1783.541: [GC (Allocation Failure) [PSYoungGen: 66045K->1565K(66560K)] 380343K->315863K(716288K), 0.0015217 secs] [Times: user=0.01 sys=0.00, real=0.00 secs] 
1783.927: [GC (Allocation Failure) [PSYoungGen: 66077K->1520K(66560K)] 380375K->315834K(716288K), 0.0016219 secs] [Times: user=0.00 sys=0.00, real=0.00 secs] 
1784.642: [GC (Allocation Failure) [PSYoungGen: 66032K->1504K(66560K)] 380346K->315818K(716288K), 0.0023416 secs] [Times: user=0.00 sys=0.00, real=0.00 secs] 
1785.807: [GC (Allocation Failure) [PSYoungGen: 66016K->1376K(66560K)] 380330K->315690K(716288K), 0.0039259 secs] [Times: user=0.02 sys=0.00, real=0.01 secs] 
1786.606: [GC (Allocation Failure) [PSYoungGen: 65888K->1408K(66560K)] 380202K->315722K(716288K), 0.0037726 secs] [Times: user=0.02 sys=0.00, real=0.00 secs] 
1787.314: [GC (Allocation Failure) [PSYoungGen: 65920K->1376K(66560K)] 380234K->315690K(716288K), 0.0033950 secs] [Times: user=0.01 sys=0.00, real=0.00 secs] 
1787.802: [GC (Allocation Failure) [PSYoungGen: 65888K->1344K(66560K)] 380202K->315658K(716288K), 0.0023423 secs] [Times: user=0.01 sys=0.00, real=0.00 secs] 
1788.324: [GC (Allocation Failure) [PSYoungGen: 65848K->1552K(66560K)] 380162K->315866K(716288K), 0.0015893 secs] [Times: user=0.01 sys=0.00, real=0.00 secs] 
1788.709: [GC (Allocation Failure) [PSYoungGen: 66064K->1552K(66560K)] 380378K->315866K(716288K), 0.0016217 secs] [Times: user=0.01 sys=0.00, real=0.01 secs] 
1789.096: [GC (Allocation Failure) [PSYoungGen: 66064K->1552K(66560K)] 380378K->315874K(716288K), 0.0016141 secs] [Times: user=0.00 sys=0.00, real=0.00 secs] 
1789.497: [GC (Allocation Failure) [PSYoungGen: 66064K->1808K(66560K)] 380386K->316130K(716288K), 0.0018639 secs] [Times: user=0.00 sys=0.00, real=0.00 secs] 
1789.771: [GC (Allocation Failure) [PSYoungGen: 66320K->1344K(66560K)] 380642K->315690K(716288K), 0.0020895 secs] [Times: user=0.01 sys=0.00, real=0.00 secs] 
1790.187: [GC (Allocation Failure) [PSYoungGen: 65856K->1376K(66560K)] 380202K->315722K(716288K), 0.0050922 secs] [Times: user=0.02 sys=0.00, real=0.01 secs] 
1790.633: [GC (Allocation Failure) [PSYoungGen: 65888K->1328K(66560K)] 380234K->315674K(716288K), 0.0019054 secs] [Times: user=0.01 sys=0.00, real=0.00 secs] 
1791.133: [GC (Allocation Failure) [PSYoungGen: 65840K->1392K(66560K)] 380186K->315738K(716288K), 0.0062572 secs] [Times: user=0.03 sys=0.00, real=0.00 secs] 
1791.638: [GC (Allocation Failure) [PSYoungGen: 65893K->1469K(66560K)] 380239K->315815K(716288K), 0.0014961 secs] [Times: user=0.00 sys=0.00, real=0.00 secs] 
1792.022: [GC (Allocation Failure) [PSYoungGen: 65981K->1520K(66560K)] 380327K->315866K(716288K), 0.0015984 secs] [Times: user=0.01 sys=0.00, real=0.00 secs] 
1792.408: [GC (Allocation Failure) [PSYoungGen: 66001K->1488K(66560K)] 380347K->315850K(716288K), 0.0015706 secs] [Times: user=0.01 sys=0.00, real=0.00 secs] 
1792.793: [GC (Allocation Failure) [PSYoungGen: 65997K->1520K(66560K)] 380359K->315882K(716288K), 0.0016226 secs] [Times: user=0.01 sys=0.00, real=0.00 secs] 
1793.098: [GC (Allocation Failure) [PSYoungGen: 66032K->1376K(66560K)] 380394K->315738K(716288K), 0.0016231 secs] [Times: user=0.01 sys=0.00, real=0.00 secs] 
1793.366: [GC (Allocation Failure) [PSYoungGen: 65888K->1376K(66560K)] 380250K->315738K(716288K), 0.0015924 secs] [Times: user=0.01 sys=0.00, real=0.00 secs] 
1793.818: [GC (Allocation Failure) [PSYoungGen: 65888K->1376K(66560K)] 380250K->315738K(716288K), 0.0017446 secs] [Times: user=0.01 sys=0.00, real=0.00 secs] 
1794.312: [GC (Allocation Failure) [PSYoungGen: 65888K->1344K(66560K)] 380250K->315706K(716288K), 0.0017468 secs] [Times: user=0.00 sys=0.00, real=0.00 secs] 
1794.750: [GC (Allocation Failure) [PSYoungGen: 65833K->1469K(66560K)] 380195K->315831K(716288K), 0.0016601 secs] [Times: user=0.01 sys=0.00, real=0.01 secs] 
1795.134: [GC (Allocation Failure) [PSYoungGen: 65981K->1501K(66560K)] 380343K->315863K(716288K), 0.0016562 secs] [Times: user=0.01 sys=0.00, real=0.00 secs] 
1795.522: [GC (Allocation Failure) [PSYoungGen: 66013K->1565K(66560K)] 380375K->315943K(716288K), 0.0015913 secs] [Times: user=0.01 sys=0.00, real=0.00 secs] 
1795.909: [GC (Allocation Failure) [PSYoungGen: 66077K->1520K(66560K)] 380455K->315898K(716288K), 0.0015860 secs] [Times: user=0.00 sys=0.00, real=0.01 secs] 
1796.254: [GC (Allocation Failure) [PSYoungGen: 66032K->1424K(66560K)] 380410K->315802K(716288K), 0.0017231 secs] [Times: user=0.01 sys=0.00, real=0.00 secs] 
1796.561: [GC (Allocation Failure) [PSYoungGen: 65936K->1408K(66560K)] 380314K->315786K(716288K), 0.0018062 secs] [Times: user=0.01 sys=0.00, real=0.00 secs] 
1796.936: [GC (Allocation Failure) [PSYoungGen: 65920K->1344K(66560K)] 380298K->315730K(716288K), 0.0018254 secs] [Times: user=0.00 sys=0.00, real=0.00 secs] 
1797.372: [GC (Allocation Failure) [PSYoungGen: 65856K->1408K(66560K)] 380242K->315794K(716288K), 0.0018250 secs] [Times: user=0.01 sys=0.00, real=0.00 secs] 
1797.883: [GC (Allocation Failure) [PSYoungGen: 65920K->1520K(66560K)] 380306K->315906K(716288K), 0.0016218 secs] [Times: user=0.01 sys=0.00, real=0.00 secs] 
1798.270: [GC (Allocation Failure) [PSYoungGen: 66032K->1565K(66560K)] 380418K->315951K(716288K), 0.0017025 secs] [Times: user=0.01 sys=0.00, real=0.01 secs] 
1798.657: [GC (Allocation Failure) [PSYoungGen: 66059K->1533K(66560K)] 380445K->315919K(716288K), 0.0016744 secs] [Times: user=0.01 sys=0.00, real=0.00 secs] 
1799.043: [GC (Allocation Failure) [PSYoungGen: 66045K->1536K(66560K)] 380431K->315930K(716288K), 0.0015839 secs] [Times: user=0.00 sys=0.00, real=0.00 secs] 
1799.631: [GC (Allocation Failure) [PSYoungGen: 66048K->1424K(66560K)] 380442K->315818K(716288K), 0.0021607 secs] [Times: user=0.01 sys=0.00, real=0.00 secs] 
1800.272: [GC (Allocation Failure) [PSYoungGen: 65936K->1296K(66560K)] 380330K->315690K(716288K), 0.0020047 secs] [Times: user=0.01 sys=0.00, real=0.00 secs] 
1800.729: [GC (Allocation Failure) [PSYoungGen: 65808K->1344K(66560K)] 380202K->315738K(716288K), 0.0028942 secs] [Times: user=0.01 sys=0.01, real=0.01 secs] 
1801.265: [GC (Allocation Failure) [PSYoungGen: 65856K->1408K(66560K)] 380250K->315802K(716288K), 0.0030187 secs] [Times: user=0.01 sys=0.00, real=0.00 secs] 
1801.919: [GC (Allocation Failure) [PSYoungGen: 65916K->1453K(66560K)] 380310K->315847K(716288K), 0.0015489 secs] [Times: user=0.01 sys=0.00, real=0.01 secs] 
1802.304: [GC (Allocation Failure) [PSYoungGen: 65965K->1501K(66560K)] 380359K->315895K(716288K), 0.0017938 secs] [Times: user=0.01 sys=0.00, real=0.00 secs] 
1802.692: [GC (Allocation Failure) [PSYoungGen: 66013K->1533K(66560K)] 380407K->315927K(716288K), 0.0015995 secs] [Times: user=0.01 sys=0.00, real=0.00 secs] 
1803.077: [GC (Allocation Failure) [PSYoungGen: 66045K->1520K(66560K)] 380439K->315930K(716288K), 0.0016182 secs] [Times: user=0.01 sys=0.00, real=0.00 secs] 
1803.486: [GC (Allocation Failure) [PSYoungGen: 66032K->1440K(66560K)] 380442K->315850K(716288K), 0.0019572 secs] [Times: user=0.01 sys=0.00, real=0.00 secs] 
1803.833: [GC (Allocation Failure) [PSYoungGen: 65952K->1344K(66560K)] 380362K->315754K(716288K), 0.0016920 secs] [Times: user=0.01 sys=0.00, real=0.00 secs] 
1804.331: [GC (Allocation Failure) [PSYoungGen: 65856K->1376K(66560K)] 380266K->315786K(716288K), 0.0024269 secs] [Times: user=0.01 sys=0.00, real=0.00 secs] 
1804.920: [GC (Allocation Failure) [PSYoungGen: 65888K->1376K(66560K)] 380298K->315786K(716288K), 0.0021599 secs] [Times: user=0.01 sys=0.00, real=0.00 secs] 
1805.579: [GC (Allocation Failure) [PSYoungGen: 65888K->1424K(66560K)] 380298K->315834K(716288K), 0.0019012 secs] [Times: user=0.01 sys=0.00, real=0.01 secs] 
1806.074: [GC (Allocation Failure) [PSYoungGen: 65936K->1552K(66560K)] 380346K->315962K(716288K), 0.0016063 secs] [Times: user=0.01 sys=0.00, real=0.00 secs] 
1806.522: [GC (Allocation Failure) [PSYoungGen: 66054K->1517K(66560K)] 380464K->315927K(716288K), 0.0016183 secs] [Times: user=0.01 sys=0.00, real=0.00 secs] 
1806.962: [GC (Allocation Failure) [PSYoungGen: 66029K->1584K(66560K)] 380439K->316002K(716288K), 0.0016004 secs] [Times: user=0.01 sys=0.00, real=0.00 secs] 
1807.337: [GC (Allocation Failure) [PSYoungGen: 66096K->1440K(66560K)] 380514K->315858K(716288K), 0.0021917 secs] [Times: user=0.01 sys=0.01, real=0.00 secs] 
1807.636: [GC (Allocation Failure) [PSYoungGen: 65952K->1408K(66560K)] 380370K->315826K(716288K), 0.0020192 secs] [Times: user=0.01 sys=0.00, real=0.00 secs] 
1807.958: [GC (Allocation Failure) [PSYoungGen: 65920K->1376K(66560K)] 380338K->315818K(716288K), 0.0018463 secs] [Times: user=0.00 sys=0.00, real=0.00 secs] 
1808.369: [GC (Allocation Failure) [PSYoungGen: 65888K->1376K(66560K)] 380330K->315826K(716288K), 0.0018816 secs] [Times: user=0.01 sys=0.00, real=0.01 secs] 
1809.074: [GC (Allocation Failure) [PSYoungGen: 65888K->1488K(66560K)] 380338K->315938K(716288K), 0.0022815 secs] [Times: user=0.01 sys=0.00, real=0.00 secs] 
1809.587: [GC (Allocation Failure) [PSYoungGen: 66000K->1520K(66560K)] 380450K->315970K(716288K), 0.0017694 secs] [Times: user=0.01 sys=0.00, real=0.00 secs] 
1809.974: [GC (Allocation Failure) [PSYoungGen: 66032K->1533K(66560K)] 380482K->315983K(716288K), 0.0016270 secs] [Times: user=0.01 sys=0.00, real=0.00 secs] 
1810.361: [GC (Allocation Failure) [PSYoungGen: 66045K->1584K(66560K)] 380495K->316050K(716288K), 0.0016313 secs] [Times: user=0.00 sys=0.01, real=0.00 secs] 
1810.780: [GC (Allocation Failure) [PSYoungGen: 66096K->1504K(66560K)] 380562K->315970K(716288K), 0.0018056 secs] [Times: user=0.01 sys=0.00, real=0.01 secs] 
1811.056: [GC (Allocation Failure) [PSYoungGen: 66016K->1408K(66560K)] 380482K->315882K(716288K), 0.0027392 secs] [Times: user=0.01 sys=0.00, real=0.00 secs] 
1811.319: [GC (Allocation Failure) [PSYoungGen: 65920K->1408K(66560K)] 380394K->315882K(716288K), 0.0021017 secs] [Times: user=0.01 sys=0.00, real=0.01 secs] 
1811.587: [GC (Allocation Failure) [PSYoungGen: 65920K->1408K(66560K)] 380394K->315882K(716288K), 0.0020705 secs] [Times: user=0.01 sys=0.00, real=0.00 secs] 
1811.855: [GC (Allocation Failure) [PSYoungGen: 65920K->1376K(66560K)] 380394K->315850K(716288K), 0.0019166 secs] [Times: user=0.01 sys=0.00, real=0.00 secs] 
1812.259: [GC (Allocation Failure) [PSYoungGen: 65877K->1517K(66560K)] 380351K->315991K(716288K), 0.0016866 secs] [Times: user=0.01 sys=0.00, real=0.01 secs] 
1812.644: [GC (Allocation Failure) [PSYoungGen: 66029K->1552K(66560K)] 380503K->316026K(716288K), 0.0016733 secs] [Times: user=0.01 sys=0.00, real=0.00 secs] 
1813.030: [GC (Allocation Failure) [PSYoungGen: 66064K->1565K(66560K)] 380538K->316047K(716288K), 0.0016307 secs] [Times: user=0.01 sys=0.00, real=0.01 secs] 
1813.431: [GC (Allocation Failure) [PSYoungGen: 66077K->2016K(66560K)] 380559K->316506K(716288K), 0.0019418 secs] [Times: user=0.01 sys=0.00, real=0.00 secs] 
1813.700: [GC (Allocation Failure) [PSYoungGen: 66528K->1376K(66560K)] 381018K->315866K(716288K), 0.0018718 secs] [Times: user=0.01 sys=0.00, real=0.00 secs] 
1813.968: [GC (Allocation Failure) [PSYoungGen: 65888K->1408K(66560K)] 380378K->315898K(716288K), 0.0018201 secs] [Times: user=0.00 sys=0.00, real=0.00 secs] 
1814.236: [GC (Allocation Failure) [PSYoungGen: 65920K->1376K(66560K)] 380410K->315866K(716288K), 0.0027301 secs] [Times: user=0.01 sys=0.00, real=0.00 secs] 
1814.506: [GC (Allocation Failure) [PSYoungGen: 65888K->1376K(66560K)] 380378K->315866K(716288K), 0.0022229 secs] [Times: user=0.01 sys=0.00, real=0.00 secs] 
1815.017: [GC (Allocation Failure) [PSYoungGen: 65888K->1520K(66560K)] 380378K->316010K(716288K), 0.0016268 secs] [Times: user=0.01 sys=0.00, real=0.00 secs] 
1815.461: [GC (Allocation Failure) [PSYoungGen: 66032K->1565K(66560K)] 380522K->316055K(716288K), 0.0017654 secs] [Times: user=0.01 sys=0.00, real=0.00 secs] 
1815.846: [GC (Allocation Failure) [PSYoungGen: 66077K->1552K(66560K)] 380567K->316050K(716288K), 0.0015613 secs] [Times: user=0.00 sys=0.00, real=0.00 secs] 
1816.294: [GC (Allocation Failure) [PSYoungGen: 66064K->1533K(66560K)] 380562K->316039K(716288K), 0.0017465 secs] [Times: user=0.01 sys=0.00, real=0.00 secs] 
1817.002: [GC (Allocation Failure) [PSYoungGen: 66045K->1408K(66560K)] 380551K->315914K(716288K), 0.0032780 secs] [Times: user=0.01 sys=0.00, real=0.00 secs] 
1817.555: [GC (Allocation Failure) [PSYoungGen: 65920K->1344K(66560K)] 380426K->315850K(716288K), 0.0038294 secs] [Times: user=0.02 sys=0.00, real=0.00 secs] 
1818.101: [GC (Allocation Failure) [PSYoungGen: 65856K->1360K(66560K)] 380362K->315866K(716288K), 0.0031437 secs] [Times: user=0.01 sys=0.00, real=0.00 secs] 
1818.463: [GC (Allocation Failure) [PSYoungGen: 65872K->1344K(66560K)] 380378K->315850K(716288K), 0.0020521 secs] [Times: user=0.01 sys=0.00, real=0.00 secs] 
1818.866: [GC (Allocation Failure) [PSYoungGen: 65830K->1501K(66560K)] 380336K->316007K(716288K), 0.0016077 secs] [Times: user=0.01 sys=0.00, real=0.00 secs] 
1819.251: [GC (Allocation Failure) [PSYoungGen: 66013K->1533K(66560K)] 380519K->316039K(716288K), 0.0017158 secs] [Times: user=0.01 sys=0.00, real=0.00 secs] 
1819.636: [GC (Allocation Failure) [PSYoungGen: 66038K->1520K(66560K)] 380544K->316034K(716288K), 0.0016603 secs] [Times: user=0.01 sys=0.00, real=0.00 secs] 
1820.021: [GC (Allocation Failure) [PSYoungGen: 66032K->1552K(66560K)] 380546K->316066K(716288K), 0.0016010 secs] [Times: user=0.00 sys=0.00, real=0.00 secs] 
1820.675: [GC (Allocation Failure) [PSYoungGen: 66064K->1408K(66560K)] 380578K->315922K(716288K), 0.0018839 secs] [Times: user=0.01 sys=0.00, real=0.00 secs] 
1821.527: [GC (Allocation Failure) [PSYoungGen: 65920K->1408K(66560K)] 380434K->315922K(716288K), 0.0023061 secs] [Times: user=0.01 sys=0.00, real=0.00 secs] 
1822.387: [GC (Allocation Failure) [PSYoungGen: 65920K->1376K(66560K)] 380434K->315890K(716288K), 0.0026900 secs] [Times: user=0.01 sys=0.00, real=0.00 secs] 
1823.287: [GC (Allocation Failure) [PSYoungGen: 65888K->1392K(66560K)] 380402K->315906K(716288K), 0.0026350 secs] [Times: user=0.01 sys=0.01, real=0.00 secs] 
1824.165: [GC (Allocation Failure) [PSYoungGen: 65874K->1453K(66560K)] 380388K->315967K(716288K), 0.0014959 secs] [Times: user=0.01 sys=0.00, real=0.00 secs] 
1824.554: [GC (Allocation Failure) [PSYoungGen: 65965K->1520K(66560K)] 380479K->316034K(716288K), 0.0017426 secs] [Times: user=0.01 sys=0.00, real=0.00 secs] 
1824.940: [GC (Allocation Failure) [PSYoungGen: 66032K->1584K(66560K)] 380546K->316098K(716288K), 0.0017875 secs] [Times: user=0.00 sys=0.00, real=0.01 secs] 
1825.325: [GC (Allocation Failure) [PSYoungGen: 66096K->1552K(66560K)] 380610K->316074K(716288K), 0.0015761 secs] [Times: user=0.01 sys=0.00, real=0.00 secs] 
1825.749: [GC (Allocation Failure) [PSYoungGen: 66064K->1392K(66560K)] 380586K->315914K(716288K), 0.0020408 secs] [Times: user=0.01 sys=0.00, real=0.01 secs] 
1826.018: [GC (Allocation Failure) [PSYoungGen: 65904K->1312K(66560K)] 380426K->315834K(716288K), 0.0018419 secs] [Times: user=0.01 sys=0.00, real=0.00 secs] 
1826.287: [GC (Allocation Failure) [PSYoungGen: 65824K->1408K(66560K)] 380346K->315930K(716288K), 0.0019626 secs] [Times: user=0.00 sys=0.00, real=0.00 secs] 
1826.555: [GC (Allocation Failure) [PSYoungGen: 65920K->1376K(66560K)] 380442K->315898K(716288K), 0.0020775 secs] [Times: user=0.01 sys=0.01, real=0.00 secs] 
1826.909: [GC (Allocation Failure) [PSYoungGen: 65888K->1501K(66560K)] 380410K->316023K(716288K), 0.0015978 secs] [Times: user=0.00 sys=0.00, real=0.01 secs] 
1827.297: [GC (Allocation Failure) [PSYoungGen: 66013K->1552K(66560K)] 380535K->316074K(716288K), 0.0015822 secs] [Times: user=0.00 sys=0.00, real=0.00 secs] 
1827.682: [GC (Allocation Failure) [PSYoungGen: 66064K->1520K(66560K)] 380586K->316042K(716288K), 0.0015877 secs] [Times: user=0.01 sys=0.00, real=0.00 secs] 
1828.068: [GC (Allocation Failure) [PSYoungGen: 66032K->1565K(66560K)] 380554K->316111K(716288K), 0.0016299 secs] [Times: user=0.01 sys=0.00, real=0.00 secs] 
1828.445: [GC (Allocation Failure) [PSYoungGen: 66077K->1456K(66560K)] 380623K->316018K(716288K), 0.0019915 secs] [Times: user=0.00 sys=0.00, real=0.00 secs] 
1828.776: [GC (Allocation Failure) [PSYoungGen: 65968K->1408K(66560K)] 380530K->315970K(716288K), 0.0018494 secs] [Times: user=0.01 sys=0.00, real=0.00 secs] 
1829.056: [GC (Allocation Failure) [PSYoungGen: 65920K->1344K(66560K)] 380482K->315906K(716288K), 0.0016699 secs] [Times: user=0.01 sys=0.00, real=0.00 secs] 
1829.332: [GC (Allocation Failure) [PSYoungGen: 65856K->1376K(66560K)] 380418K->315938K(716288K), 0.0019186 secs] [Times: user=0.01 sys=0.00, real=0.00 secs] 
1829.708: [GC (Allocation Failure) [PSYoungGen: 65875K->1488K(66560K)] 380437K->316050K(716288K), 0.0014738 secs] [Times: user=0.01 sys=0.00, real=0.00 secs] 
1830.156: [GC (Allocation Failure) [PSYoungGen: 66000K->1501K(66560K)] 380562K->316063K(716288K), 0.0016675 secs] [Times: user=0.01 sys=0.00, real=0.00 secs] 
1830.602: [GC (Allocation Failure) [PSYoungGen: 66013K->1520K(66560K)] 380575K->316082K(716288K), 0.0015885 secs] [Times: user=0.01 sys=0.00, real=0.00 secs] 
1830.987: [GC (Allocation Failure) [PSYoungGen: 66032K->1584K(66560K)] 380594K->316154K(716288K), 0.0018377 secs] [Times: user=0.00 sys=0.00, real=0.00 secs] 
1831.548: [GC (Allocation Failure) [PSYoungGen: 66096K->1472K(66560K)] 380666K->316042K(716288K), 0.0035747 secs] [Times: user=0.01 sys=0.00, real=0.01 secs] 
1831.980: [GC (Allocation Failure) [PSYoungGen: 65984K->1376K(66560K)] 380554K->315946K(716288K), 0.0021377 secs] [Times: user=0.01 sys=0.00, real=0.01 secs] 
1832.245: [GC (Allocation Failure) [PSYoungGen: 65888K->1376K(66560K)] 380458K->315946K(716288K), 0.0019581 secs] [Times: user=0.01 sys=0.00, real=0.00 secs] 
1832.513: [GC (Allocation Failure) [PSYoungGen: 65888K->1392K(66560K)] 380458K->315962K(716288K), 0.0020102 secs] [Times: user=0.01 sys=0.00, real=0.00 secs] 
1832.819: [GC (Allocation Failure) [PSYoungGen: 65904K->1437K(66560K)] 380474K->316007K(716288K), 0.0017860 secs] [Times: user=0.00 sys=0.00, real=0.01 secs] 
1833.279: [GC (Allocation Failure) [PSYoungGen: 65929K->1520K(66560K)] 380499K->316090K(716288K), 0.0016438 secs] [Times: user=0.01 sys=0.00, real=0.01 secs] 
1833.718: [GC (Allocation Failure) [PSYoungGen: 66032K->1549K(66560K)] 380602K->316119K(716288K), 0.0015949 secs] [Times: user=0.01 sys=0.00, real=0.00 secs] 
1834.106: [GC (Allocation Failure) [PSYoungGen: 66061K->1517K(66560K)] 380631K->316095K(716288K), 0.0016197 secs] [Times: user=0.01 sys=0.00, real=0.00 secs] 
1834.504: [GC (Allocation Failure) [PSYoungGen: 66029K->1456K(66560K)] 380607K->316034K(716288K), 0.0022264 secs] [Times: user=0.01 sys=0.01, real=0.00 secs] 
1834.809: [GC (Allocation Failure) [PSYoungGen: 65968K->1408K(66560K)] 380546K->315986K(716288K), 0.0021420 secs] [Times: user=0.01 sys=0.00, real=0.01 secs] 
1835.090: [GC (Allocation Failure) [PSYoungGen: 65920K->1408K(66560K)] 380498K->315986K(716288K), 0.0019265 secs] [Times: user=0.01 sys=0.00, real=0.00 secs] 
1835.358: [GC (Allocation Failure) [PSYoungGen: 65920K->1392K(66560K)] 380498K->315970K(716288K), 0.0020534 secs] [Times: user=0.01 sys=0.00, real=0.01 secs] 
1835.627: [GC (Allocation Failure) [PSYoungGen: 65904K->1376K(66560K)] 380482K->315954K(716288K), 0.0020171 secs] [Times: user=0.01 sys=0.00, real=0.00 secs] 
1836.073: [GC (Allocation Failure) [PSYoungGen: 65870K->1520K(66560K)] 380448K->316098K(716288K), 0.0017007 secs] [Times: user=0.01 sys=0.00, real=0.00 secs] 
1836.464: [GC (Allocation Failure) [PSYoungGen: 66009K->1533K(66560K)] 380587K->316127K(716288K), 0.0016972 secs] [Times: user=0.01 sys=0.00, real=0.00 secs] 
1836.850: [GC (Allocation Failure) [PSYoungGen: 66045K->1552K(66560K)] 380639K->316154K(716288K), 0.0015478 secs] [Times: user=0.01 sys=0.00, real=0.01 secs] 
1837.378: [GC (Allocation Failure) [PSYoungGen: 66064K->1952K(66560K)] 380666K->316554K(716288K), 0.0018861 secs] [Times: user=0.01 sys=0.00, real=0.01 secs] 
1838.037: [GC (Allocation Failure) [PSYoungGen: 66464K->1344K(66560K)] 381066K->315946K(716288K), 0.0020752 secs] [Times: user=0.00 sys=0.00, real=0.00 secs] 
1838.342: [GC (Allocation Failure) [PSYoungGen: 65856K->1376K(66560K)] 380458K->315978K(716288K), 0.0019842 secs] [Times: user=0.01 sys=0.00, real=0.00 secs] 
1838.610: [GC (Allocation Failure) [PSYoungGen: 65888K->1440K(66560K)] 380490K->316042K(716288K), 0.0018343 secs] [Times: user=0.01 sys=0.00, real=0.00 secs] 
1838.939: [GC (Allocation Failure) [PSYoungGen: 65952K->1376K(66560K)] 380554K->315978K(716288K), 0.0021625 secs] [Times: user=0.01 sys=0.00, real=0.01 secs] 
1839.377: [GC (Allocation Failure) [PSYoungGen: 65888K->1520K(66560K)] 380490K->316122K(716288K), 0.0015528 secs] [Times: user=0.00 sys=0.00, real=0.00 secs] 
1839.765: [GC (Allocation Failure) [PSYoungGen: 66032K->1533K(66560K)] 380634K->316135K(716288K), 0.0016234 secs] [Times: user=0.01 sys=0.00, real=0.00 secs] 
1840.151: [GC (Allocation Failure) [PSYoungGen: 66045K->1552K(66560K)] 380647K->316162K(716288K), 0.0016535 secs] [Times: user=0.00 sys=0.00, real=0.00 secs] 
1840.531: [GC (Allocation Failure) [PSYoungGen: 66064K->192K(66560K)] 380674K->314801K(716288K), 0.0015525 secs] [Times: user=0.00 sys=0.00, real=0.00 secs] 
1841.187: [GC (Allocation Failure) [PSYoungGen: 64704K->1376K(66560K)] 379313K->315986K(716288K), 0.0020585 secs] [Times: user=0.01 sys=0.00, real=0.00 secs] 
1841.750: [GC (Allocation Failure) [PSYoungGen: 65888K->1408K(66560K)] 380498K->316018K(716288K), 0.0030018 secs] [Times: user=0.01 sys=0.00, real=0.01 secs] 
1842.302: [GC (Allocation Failure) [PSYoungGen: 65920K->1376K(66560K)] 380530K->315986K(716288K), 0.0030308 secs] [Times: user=0.01 sys=0.00, real=0.00 secs] 
1842.889: [GC (Allocation Failure) [PSYoungGen: 65888K->1376K(66560K)] 380498K->315986K(716288K), 0.0026138 secs] [Times: user=0.01 sys=0.00, real=0.01 secs] 
1843.428: [GC (Allocation Failure) [PSYoungGen: 65888K->1485K(66560K)] 380498K->316095K(716288K), 0.0015946 secs] [Times: user=0.01 sys=0.00, real=0.00 secs] 
1843.815: [GC (Allocation Failure) [PSYoungGen: 65997K->1565K(66560K)] 380607K->316175K(716288K), 0.0017852 secs] [Times: user=0.00 sys=0.00, real=0.00 secs] 
1844.201: [GC (Allocation Failure) [PSYoungGen: 66077K->1597K(66560K)] 380687K->316215K(716288K), 0.0016176 secs] [Times: user=0.01 sys=0.01, real=0.00 secs] 
1844.591: [GC (Allocation Failure) [PSYoungGen: 66109K->1533K(66560K)] 380727K->316151K(716288K), 0.0015205 secs] [Times: user=0.00 sys=0.00, real=0.00 secs] 
1844.919: [GC (Allocation Failure) [PSYoungGen: 66045K->1408K(66560K)] 380663K->316026K(716288K), 0.0019101 secs] [Times: user=0.01 sys=0.00, real=0.01 secs] 
1845.187: [GC (Allocation Failure) [PSYoungGen: 65920K->1376K(66560K)] 380538K->315994K(716288K), 0.0018334 secs] [Times: user=0.00 sys=0.00, real=0.00 secs] 
1845.646: [GC (Allocation Failure) [PSYoungGen: 65888K->1408K(66560K)] 380506K->316026K(716288K), 0.0044797 secs] [Times: user=0.02 sys=0.00, real=0.00 secs] 
1846.207: [GC (Allocation Failure) [PSYoungGen: 65920K->1408K(66560K)] 380538K->316026K(716288K), 0.0029966 secs] [Times: user=0.01 sys=0.00, real=0.00 secs] 
1846.808: [GC (Allocation Failure) [PSYoungGen: 65920K->1533K(66560K)] 380538K->316151K(716288K), 0.0016039 secs] [Times: user=0.01 sys=0.00, real=0.00 secs] 
1847.195: [GC (Allocation Failure) [PSYoungGen: 66045K->1517K(66560K)] 380663K->316135K(716288K), 0.0016181 secs] [Times: user=0.00 sys=0.00, real=0.00 secs] 
1847.582: [GC (Allocation Failure) [PSYoungGen: 66029K->1488K(66560K)] 380647K->316106K(716288K), 0.0016920 secs] [Times: user=0.00 sys=0.00, real=0.00 secs] 
1847.968: [GC (Allocation Failure) [PSYoungGen: 66000K->1565K(66560K)] 380618K->316215K(716288K), 0.0016105 secs] [Times: user=0.01 sys=0.00, real=0.00 secs] 
1848.289: [GC (Allocation Failure) [PSYoungGen: 66077K->1344K(66560K)] 380727K->315994K(716288K), 0.0016401 secs] [Times: user=0.00 sys=0.00, real=0.01 secs] 
1848.686: [GC (Allocation Failure) [PSYoungGen: 65856K->1376K(66560K)] 380506K->316026K(716288K), 0.0017766 secs] [Times: user=0.01 sys=0.00, real=0.00 secs] 
1849.187: [GC (Allocation Failure) [PSYoungGen: 65888K->1344K(66560K)] 380538K->315994K(716288K), 0.0017530 secs] [Times: user=0.01 sys=0.00, real=0.00 secs] 
1849.670: [GC (Allocation Failure) [PSYoungGen: 65856K->1376K(66560K)] 380506K->316026K(716288K), 0.0019008 secs] [Times: user=0.01 sys=0.00, real=0.01 secs] 
1850.179: [GC (Allocation Failure) [PSYoungGen: 65888K->1440K(66560K)] 380538K->316090K(716288K), 0.0015402 secs] [Times: user=0.00 sys=0.00, real=0.01 secs] 
1850.568: [GC (Allocation Failure) [PSYoungGen: 65952K->1597K(66560K)] 380602K->316247K(716288K), 0.0015667 secs] [Times: user=0.01 sys=0.00, real=0.00 secs] 
1850.954: [GC (Allocation Failure) [PSYoungGen: 66109K->1533K(66560K)] 380759K->316183K(716288K), 0.0016085 secs] [Times: user=0.01 sys=0.00, real=0.00 secs] 
1851.342: [GC (Allocation Failure) [PSYoungGen: 66045K->1549K(66560K)] 380695K->316207K(716288K), 0.0015600 secs] [Times: user=0.01 sys=0.00, real=0.00 secs] 
1851.927: [GC (Allocation Failure) [PSYoungGen: 66061K->1424K(66560K)] 380719K->316082K(716288K), 0.0017966 secs] [Times: user=0.00 sys=0.00, real=0.00 secs] 
1852.703: [GC (Allocation Failure) [PSYoungGen: 65936K->1376K(66560K)] 380594K->316034K(716288K), 0.0021153 secs] [Times: user=0.00 sys=0.00, real=0.00 secs] 
1853.384: [GC (Allocation Failure) [PSYoungGen: 65888K->1408K(66560K)] 380546K->316066K(716288K), 0.0022927 secs] [Times: user=0.01 sys=0.00, real=0.00 secs] 
1853.981: [GC (Allocation Failure) [PSYoungGen: 65920K->1344K(66560K)] 380578K->316002K(716288K), 0.0026618 secs] [Times: user=0.01 sys=0.00, real=0.00 secs] 
1854.608: [GC (Allocation Failure) [PSYoungGen: 65832K->1456K(66560K)] 380490K->316114K(716288K), 0.0023410 secs] [Times: user=0.01 sys=0.00, real=0.01 secs] 
1855.039: [GC (Allocation Failure) [PSYoungGen: 65968K->1520K(66560K)] 380626K->316178K(716288K), 0.0016339 secs] [Times: user=0.01 sys=0.00, real=0.01 secs] 
1855.425: [GC (Allocation Failure) [PSYoungGen: 66032K->1584K(66560K)] 380690K->316242K(716288K), 0.0016335 secs] [Times: user=0.01 sys=0.00, real=0.00 secs] 
1855.811: [GC (Allocation Failure) [PSYoungGen: 66088K->1552K(66560K)] 380746K->316218K(716288K), 0.0016229 secs] [Times: user=0.01 sys=0.01, real=0.00 secs] 
1856.259: [GC (Allocation Failure) [PSYoungGen: 66064K->1408K(66560K)] 380730K->316074K(716288K), 0.0022799 secs] [Times: user=0.01 sys=0.00, real=0.01 secs] 
1856.528: [GC (Allocation Failure) [PSYoungGen: 65920K->1408K(66560K)] 380586K->316074K(716288K), 0.0022968 secs] [Times: user=0.00 sys=0.00, real=0.01 secs] 
1856.803: [GC (Allocation Failure) [PSYoungGen: 65920K->1376K(66560K)] 380586K->316042K(716288K), 0.0026556 secs] [Times: user=0.01 sys=0.00, real=0.00 secs] 
1857.067: [GC (Allocation Failure) [PSYoungGen: 65888K->1344K(66560K)] 380554K->316010K(716288K), 0.0018411 secs] [Times: user=0.01 sys=0.00, real=0.00 secs] 
1857.373: [GC (Allocation Failure) [PSYoungGen: 65830K->1437K(66560K)] 380496K->316103K(716288K), 0.0020568 secs] [Times: user=0.00 sys=0.00, real=0.00 secs] 
1857.767: [GC (Allocation Failure) [PSYoungGen: 65940K->1485K(66560K)] 380606K->316159K(716288K), 0.0017116 secs] [Times: user=0.00 sys=0.00, real=0.00 secs] 
1858.152: [GC (Allocation Failure) [PSYoungGen: 65997K->1533K(66560K)] 380671K->316207K(716288K), 0.0017107 secs] [Times: user=0.01 sys=0.00, real=0.00 secs] 
1858.536: [GC (Allocation Failure) [PSYoungGen: 66045K->1584K(66560K)] 380719K->316266K(716288K), 0.0015717 secs] [Times: user=0.00 sys=0.00, real=0.00 secs] 
1858.917: [GC (Allocation Failure) [PSYoungGen: 66096K->1472K(66560K)] 380778K->316154K(716288K), 0.0019018 secs] [Times: user=0.01 sys=0.00, real=0.00 secs] 
1859.185: [GC (Allocation Failure) [PSYoungGen: 65984K->1376K(66560K)] 380666K->316058K(716288K), 0.0017412 secs] [Times: user=0.00 sys=0.00, real=0.00 secs] 
1859.631: [GC (Allocation Failure) [PSYoungGen: 65888K->1360K(66560K)] 380570K->316042K(716288K), 0.0024146 secs] [Times: user=0.01 sys=0.00, real=0.00 secs] 
1860.131: [GC (Allocation Failure) [PSYoungGen: 65872K->1376K(66560K)] 380554K->316058K(716288K), 0.0029776 secs] [Times: user=0.02 sys=0.00, real=0.00 secs] 
1860.611: [GC (Allocation Failure) [PSYoungGen: 65888K->1408K(66560K)] 380570K->316090K(716288K), 0.0034866 secs] [Times: user=0.01 sys=0.00, real=0.00 secs] 
1861.183: [GC (Allocation Failure) [PSYoungGen: 65920K->1597K(66560K)] 380602K->316279K(716288K), 0.0015258 secs] [Times: user=0.00 sys=0.00, real=0.00 secs] 
1861.574: [GC (Allocation Failure) [PSYoungGen: 66109K->1552K(66560K)] 380791K->316234K(716288K), 0.0016067 secs] [Times: user=0.01 sys=0.00, real=0.00 secs] 
1861.961: [GC (Allocation Failure) [PSYoungGen: 66064K->1520K(66560K)] 380746K->316226K(716288K), 0.0015759 secs] [Times: user=0.01 sys=0.00, real=0.00 secs] 
1862.344: [GC (Allocation Failure) [PSYoungGen: 66032K->1472K(66560K)] 380738K->316178K(716288K), 0.0020603 secs] [Times: user=0.01 sys=0.00, real=0.00 secs] 
1862.618: [GC (Allocation Failure) [PSYoungGen: 65984K->1312K(66560K)] 380690K->316018K(716288K), 0.0020685 secs] [Times: user=0.01 sys=0.01, real=0.01 secs] 
1862.882: [GC (Allocation Failure) [PSYoungGen: 65824K->1376K(66560K)] 380530K->316082K(716288K), 0.0019003 secs] [Times: user=0.01 sys=0.00, real=0.00 secs] 
1863.150: [GC (Allocation Failure) [PSYoungGen: 65888K->1376K(66560K)] 380594K->316082K(716288K), 0.0019720 secs] [Times: user=0.01 sys=0.00, real=0.00 secs] 
1863.418: [GC (Allocation Failure) [PSYoungGen: 65888K->1408K(66560K)] 380594K->316114K(716288K), 0.0019807 secs] [Times: user=0.01 sys=0.00, real=0.01 secs] 
1863.811: [GC (Allocation Failure) [PSYoungGen: 65920K->1488K(66560K)] 380626K->316194K(716288K), 0.0016257 secs] [Times: user=0.01 sys=0.00, real=0.00 secs] 
1864.268: [GC (Allocation Failure) [PSYoungGen: 66000K->1565K(66560K)] 380706K->316271K(716288K), 0.0016356 secs] [Times: user=0.00 sys=0.00, real=0.00 secs] 
1864.654: [GC (Allocation Failure) [PSYoungGen: 66077K->1488K(66560K)] 380783K->316202K(716288K), 0.0017499 secs] [Times: user=0.01 sys=0.00, real=0.00 secs] 
1865.034: [GC (Allocation Failure) [PSYoungGen: 65902K->320K(66560K)] 380616K->315034K(716288K), 0.0021032 secs] [Times: user=0.01 sys=0.00, real=0.00 secs] 
1865.307: [GC (Allocation Failure) [PSYoungGen: 64832K->1440K(66560K)] 379546K->316154K(716288K), 0.0018953 secs] [Times: user=0.00 sys=0.00, real=0.00 secs] 
1865.574: [GC (Allocation Failure) [PSYoungGen: 65952K->1376K(66560K)] 380666K->316090K(716288K), 0.0022701 secs] [Times: user=0.00 sys=0.00, real=0.00 secs] 
1865.930: [GC (Allocation Failure) [PSYoungGen: 65888K->1408K(66560K)] 380602K->316122K(716288K), 0.0018971 secs] [Times: user=0.01 sys=0.00, real=0.01 secs] 
1866.403: [GC (Allocation Failure) [PSYoungGen: 65920K->1376K(66560K)] 380634K->316122K(716288K), 0.0019670 secs] [Times: user=0.00 sys=0.00, real=0.00 secs] 
1866.981: [GC (Allocation Failure) [PSYoungGen: 65870K->1504K(66560K)] 380616K->316250K(716288K), 0.0016246 secs] [Times: user=0.01 sys=0.00, real=0.00 secs] 
1867.365: [GC (Allocation Failure) [PSYoungGen: 66016K->1517K(66560K)] 380762K->316263K(716288K), 0.0015567 secs] [Times: user=0.01 sys=0.00, real=0.00 secs] 
1867.815: [GC (Allocation Failure) [PSYoungGen: 66029K->1549K(66560K)] 380775K->316303K(716288K), 0.0016526 secs] [Times: user=0.01 sys=0.00, real=0.00 secs] 
1868.199: [GC (Allocation Failure) [PSYoungGen: 66060K->1536K(66560K)] 380814K->316290K(716288K), 0.0016979 secs] [Times: user=0.01 sys=0.00, real=0.01 secs] 
1868.484: [GC (Allocation Failure) [PSYoungGen: 66048K->1344K(66560K)] 380802K->316098K(716288K), 0.0027513 secs] [Times: user=0.01 sys=0.00, real=0.00 secs] 
1868.750: [GC (Allocation Failure) [PSYoungGen: 65856K->1392K(66560K)] 380610K->316146K(716288K), 0.0020887 secs] [Times: user=0.01 sys=0.00, real=0.01 secs] 
1869.192: [GC (Allocation Failure) [PSYoungGen: 65904K->1376K(66560K)] 380658K->316130K(716288K), 0.0021276 secs] [Times: user=0.00 sys=0.00, real=0.00 secs] 
1869.720: [GC (Allocation Failure) [PSYoungGen: 65888K->1328K(66560K)] 380642K->316082K(716288K), 0.0019970 secs] [Times: user=0.01 sys=0.00, real=0.00 secs] 
1870.205: [GC (Allocation Failure) [PSYoungGen: 65840K->1501K(66560K)] 380594K->316255K(716288K), 0.0015978 secs] [Times: user=0.00 sys=0.00, real=0.00 secs] 
1870.590: [GC (Allocation Failure) [PSYoungGen: 66013K->1549K(66560K)] 380767K->316303K(716288K), 0.0015505 secs] [Times: user=0.00 sys=0.00, real=0.00 secs] 
1871.041: [GC (Allocation Failure) [PSYoungGen: 66061K->1549K(66560K)] 380815K->316311K(716288K), 0.0016510 secs] [Times: user=0.01 sys=0.00, real=0.00 secs] 
1871.428: [GC (Allocation Failure) [PSYoungGen: 66061K->1584K(66560K)] 380823K->316354K(716288K), 0.0017697 secs] [Times: user=0.00 sys=0.00, real=0.00 secs] 
1871.834: [GC (Allocation Failure) [PSYoungGen: 66096K->1408K(66560K)] 380866K->316178K(716288K), 0.0021629 secs] [Times: user=0.01 sys=0.00, real=0.00 secs] 
1872.103: [GC (Allocation Failure) [PSYoungGen: 65920K->1408K(66560K)] 380690K->316178K(716288K), 0.0020638 secs] [Times: user=0.01 sys=0.00, real=0.00 secs] 
1872.399: [GC (Allocation Failure) [PSYoungGen: 65920K->1408K(66560K)] 380690K->316178K(716288K), 0.0019100 secs] [Times: user=0.01 sys=0.00, real=0.01 secs] 
1872.706: [GC (Allocation Failure) [PSYoungGen: 65920K->1376K(66560K)] 380690K->316146K(716288K), 0.0021779 secs] [Times: user=0.01 sys=0.00, real=0.00 secs] 
1873.138: [GC (Allocation Failure) [PSYoungGen: 65858K->1440K(66560K)] 380628K->316210K(716288K), 0.0016321 secs] [Times: user=0.01 sys=0.00, real=0.00 secs] 
1873.522: [GC (Allocation Failure) [PSYoungGen: 65952K->1520K(66560K)] 380722K->316290K(716288K), 0.0016302 secs] [Times: user=0.00 sys=0.00, real=0.00 secs] 
1873.910: [GC (Allocation Failure) [PSYoungGen: 66032K->1520K(66560K)] 380802K->316290K(716288K), 0.0015601 secs] [Times: user=0.00 sys=0.00, real=0.01 secs] 
1874.294: [GC (Allocation Failure) [PSYoungGen: 66032K->1520K(66560K)] 380802K->316306K(716288K), 0.0015517 secs] [Times: user=0.01 sys=0.00, real=0.00 secs] 
1874.965: [GC (Allocation Failure) [PSYoungGen: 66032K->1456K(66560K)] 380818K->316242K(716288K), 0.0019573 secs] [Times: user=0.01 sys=0.00, real=0.00 secs] 
1875.993: [GC (Allocation Failure) [PSYoungGen: 65968K->1408K(66560K)] 380754K->316194K(716288K), 0.0022035 secs] [Times: user=0.01 sys=0.00, real=0.00 secs] 
1876.700: [GC (Allocation Failure) [PSYoungGen: 65920K->1376K(66560K)] 380706K->316162K(716288K), 0.0022348 secs] [Times: user=0.01 sys=0.00, real=0.00 secs] 
1877.553: [GC (Allocation Failure) [PSYoungGen: 65888K->1408K(66560K)] 380674K->316194K(716288K), 0.0026856 secs] [Times: user=0.01 sys=0.00, real=0.00 secs] 
1878.297: [GC (Allocation Failure) [PSYoungGen: 65900K->1392K(66560K)] 380686K->316178K(716288K), 0.0019844 secs] [Times: user=0.01 sys=0.00, real=0.00 secs] 
1878.691: [GC (Allocation Failure) [PSYoungGen: 65904K->1552K(66560K)] 380690K->316354K(716288K), 0.0015942 secs] [Times: user=0.01 sys=0.00, real=0.00 secs] 
1879.139: [GC (Allocation Failure) [PSYoungGen: 66064K->1533K(66560K)] 380866K->316335K(716288K), 0.0016684 secs] [Times: user=0.01 sys=0.01, real=0.01 secs] 
1879.584: [GC (Allocation Failure) [PSYoungGen: 66045K->1488K(66560K)] 380847K->316306K(716288K), 0.0016094 secs] [Times: user=0.00 sys=0.00, real=0.00 secs] 
1880.417: [GC (Allocation Failure) [PSYoungGen: 66000K->1472K(66560K)] 380818K->316290K(716288K), 0.0039402 secs] [Times: user=0.02 sys=0.00, real=0.01 secs] 
1881.174: [GC (Allocation Failure) [PSYoungGen: 65984K->1376K(66560K)] 380802K->316194K(716288K), 0.0030924 secs] [Times: user=0.01 sys=0.00, real=0.00 secs] 
1882.024: [GC (Allocation Failure) [PSYoungGen: 65888K->1376K(66560K)] 380706K->316194K(716288K), 0.0037635 secs] [Times: user=0.02 sys=0.00, real=0.00 secs] 
1882.554: [GC (Allocation Failure) [PSYoungGen: 65888K->1376K(66560K)] 380706K->316194K(716288K), 0.0025359 secs] [Times: user=0.01 sys=0.00, real=0.00 secs] 
1883.100: [GC (Allocation Failure) [PSYoungGen: 65881K->1469K(66560K)] 380699K->316287K(716288K), 0.0023042 secs] [Times: user=0.01 sys=0.00, real=0.00 secs] 
1883.540: [GC (Allocation Failure) [PSYoungGen: 65981K->1520K(66560K)] 380799K->316338K(716288K), 0.0016792 secs] [Times: user=0.01 sys=0.00, real=0.01 secs] 
1883.928: [GC (Allocation Failure) [PSYoungGen: 66003K->1520K(66560K)] 380821K->316338K(716288K), 0.0015786 secs] [Times: user=0.01 sys=0.00, real=0.00 secs] 
1884.315: [GC (Allocation Failure) [PSYoungGen: 66032K->1552K(66560K)] 380850K->316378K(716288K), 0.0017130 secs] [Times: user=0.01 sys=0.00, real=0.00 secs] 
1884.745: [GC (Allocation Failure) [PSYoungGen: 66064K->1488K(66560K)] 380890K->316314K(716288K), 0.0018321 secs] [Times: user=0.01 sys=0.00, real=0.00 secs] 
1885.013: [GC (Allocation Failure) [PSYoungGen: 66000K->1376K(66560K)] 380826K->316202K(716288K), 0.0016366 secs] [Times: user=0.01 sys=0.00, real=0.00 secs] 
1885.282: [GC (Allocation Failure) [PSYoungGen: 65888K->1408K(66560K)] 380714K->316234K(716288K), 0.0017447 secs] [Times: user=0.01 sys=0.00, real=0.00 secs] 
1885.550: [GC (Allocation Failure) [PSYoungGen: 65920K->1376K(66560K)] 380746K->316202K(716288K), 0.0022126 secs] [Times: user=0.01 sys=0.00, real=0.01 secs] 
1885.817: [GC (Allocation Failure) [PSYoungGen: 65888K->1408K(66560K)] 380714K->316234K(716288K), 0.0016759 secs] [Times: user=0.01 sys=0.00, real=0.00 secs] 
1886.217: [GC (Allocation Failure) [PSYoungGen: 65920K->1533K(66560K)] 380746K->316359K(716288K), 0.0015703 secs] [Times: user=0.01 sys=0.00, real=0.00 secs] 
1886.608: [GC (Allocation Failure) [PSYoungGen: 66030K->1552K(66560K)] 380856K->316378K(716288K), 0.0016252 secs] [Times: user=0.00 sys=0.00, real=0.00 secs] 
1886.996: [GC (Allocation Failure) [PSYoungGen: 66064K->1565K(66560K)] 380890K->316407K(716288K), 0.0016754 secs] [Times: user=0.00 sys=0.00, real=0.00 secs] 
1887.709: [GC (Allocation Failure) [PSYoungGen: 66077K->2016K(66560K)] 380919K->316882K(716288K), 0.0061591 secs] [Times: user=0.03 sys=0.00, real=0.01 secs] 
1888.765: [GC (Allocation Failure) [PSYoungGen: 66528K->1376K(66560K)] 381394K->316242K(716288K), 0.0026836 secs] [Times: user=0.01 sys=0.00, real=0.00 secs] 
1889.360: [GC (Allocation Failure) [PSYoungGen: 65888K->1376K(66560K)] 380754K->316242K(716288K), 0.0025397 secs] [Times: user=0.02 sys=0.00, real=0.01 secs] 
1889.976: [GC (Allocation Failure) [PSYoungGen: 65888K->1360K(66560K)] 380754K->316226K(716288K), 0.0031305 secs] [Times: user=0.01 sys=0.00, real=0.00 secs] 
1890.502: [GC (Allocation Failure) [PSYoungGen: 65872K->1376K(66560K)] 380738K->316242K(716288K), 0.0030127 secs] [Times: user=0.02 sys=0.00, real=0.00 secs] 
1891.198: [GC (Allocation Failure) [PSYoungGen: 65888K->1520K(66560K)] 380754K->316386K(716288K), 0.0016098 secs] [Times: user=0.00 sys=0.00, real=0.00 secs] 
1891.651: [GC (Allocation Failure) [PSYoungGen: 66032K->1533K(66560K)] 380898K->316399K(716288K), 0.0016260 secs] [Times: user=0.01 sys=0.00, real=0.00 secs] 
1892.100: [GC (Allocation Failure) [PSYoungGen: 66045K->1520K(66560K)] 380911K->316394K(716288K), 0.0017737 secs] [Times: user=0.01 sys=0.00, real=0.01 secs] 
1892.483: [GC (Allocation Failure) [PSYoungGen: 66032K->416K(66560K)] 380906K->315290K(716288K), 0.0015810 secs] [Times: user=0.00 sys=0.00, real=0.00 secs] 
1892.829: [GC (Allocation Failure) [PSYoungGen: 64928K->1376K(66560K)] 379802K->316258K(716288K), 0.0021942 secs] [Times: user=0.00 sys=0.00, real=0.01 secs] 
1893.097: [GC (Allocation Failure) [PSYoungGen: 65888K->1376K(66560K)] 380770K->316258K(716288K), 0.0018697 secs] [Times: user=0.01 sys=0.00, real=0.00 secs] 
1893.410: [GC (Allocation Failure) [PSYoungGen: 65888K->1408K(66560K)] 380770K->316290K(716288K), 0.0019468 secs] [Times: user=0.01 sys=0.00, real=0.01 secs] 
1893.678: [GC (Allocation Failure) [PSYoungGen: 65920K->1408K(66560K)] 380802K->316290K(716288K), 0.0017961 secs] [Times: user=0.01 sys=0.00, real=0.00 secs] 
1894.079: [GC (Allocation Failure) [PSYoungGen: 65898K->1536K(66560K)] 380780K->316418K(716288K), 0.0015117 secs] [Times: user=0.01 sys=0.00, real=0.01 secs] 
1894.464: [GC (Allocation Failure) [PSYoungGen: 66048K->1568K(66560K)] 380930K->316450K(716288K), 0.0015746 secs] [Times: user=0.01 sys=0.00, real=0.00 secs] 
1894.850: [GC (Allocation Failure) [PSYoungGen: 66080K->1565K(66560K)] 380962K->316455K(716288K), 0.0016361 secs] [Times: user=0.00 sys=0.00, real=0.01 secs] 
1895.235: [GC (Allocation Failure) [PSYoungGen: 66077K->1549K(66560K)] 380967K->316439K(716288K), 0.0016251 secs] [Times: user=0.00 sys=0.00, real=0.00 secs] 
1895.538: [GC (Allocation Failure) [PSYoungGen: 66061K->1424K(66560K)] 380951K->316314K(716288K), 0.0018123 secs] [Times: user=0.01 sys=0.00, real=0.01 secs] 
1895.807: [GC (Allocation Failure) [PSYoungGen: 65936K->1344K(66560K)] 380826K->316234K(716288K), 0.0017923 secs] [Times: user=0.01 sys=0.00, real=0.00 secs] 
1896.087: [GC (Allocation Failure) [PSYoungGen: 65856K->1376K(66560K)] 380746K->316266K(716288K), 0.0026588 secs] [Times: user=0.00 sys=0.00, real=0.00 secs] 
1896.356: [GC (Allocation Failure) [PSYoungGen: 65888K->1344K(66560K)] 380778K->316250K(716288K), 0.0023213 secs] [Times: user=0.01 sys=0.00, real=0.00 secs] 
1896.739: [GC (Allocation Failure) [PSYoungGen: 65856K->1504K(66560K)] 380762K->316410K(716288K), 0.0014890 secs] [Times: user=0.00 sys=0.00, real=0.01 secs] 
1897.127: [GC (Allocation Failure) [PSYoungGen: 66016K->1485K(66560K)] 380922K->316391K(716288K), 0.0015575 secs] [Times: user=0.00 sys=0.00, real=0.00 secs] 
1897.515: [GC (Allocation Failure) [PSYoungGen: 65997K->1517K(66560K)] 380903K->316423K(716288K), 0.0016069 secs] [Times: user=0.01 sys=0.00, real=0.00 secs] 
1897.902: [GC (Allocation Failure) [PSYoungGen: 66029K->1568K(66560K)] 380935K->316482K(716288K), 0.0016138 secs] [Times: user=0.01 sys=0.00, real=0.00 secs] 
1898.238: [GC (Allocation Failure) [PSYoungGen: 66080K->1392K(66560K)] 380994K->316306K(716288K), 0.0019406 secs] [Times: user=0.01 sys=0.01, real=0.00 secs] 
1898.507: [GC (Allocation Failure) [PSYoungGen: 65904K->1376K(66560K)] 380818K->316290K(716288K), 0.0018796 secs] [Times: user=0.01 sys=0.00, real=0.00 secs] 
1898.775: [GC (Allocation Failure) [PSYoungGen: 65888K->1408K(66560K)] 380802K->316322K(716288K), 0.0018178 secs] [Times: user=0.01 sys=0.00, real=0.00 secs] 
1899.042: [GC (Allocation Failure) [PSYoungGen: 65920K->1376K(66560K)] 380834K->316290K(716288K), 0.0020847 secs] [Times: user=0.01 sys=0.00, real=0.00 secs] 
1899.459: [GC (Allocation Failure) [PSYoungGen: 65888K->1472K(66560K)] 380802K->316386K(716288K), 0.0016324 secs] [Times: user=0.01 sys=0.00, real=0.01 secs] 
1899.877: [GC (Allocation Failure) [PSYoungGen: 65984K->1552K(66560K)] 380898K->316466K(716288K), 0.0016120 secs] [Times: user=0.00 sys=0.00, real=0.00 secs] 
1900.263: [GC (Allocation Failure) [PSYoungGen: 66038K->1616K(66560K)] 380952K->316530K(716288K), 0.0016128 secs] [Times: user=0.01 sys=0.00, real=0.00 secs] 
1900.707: [GC (Allocation Failure) [PSYoungGen: 66128K->1584K(66560K)] 381042K->316514K(716288K), 0.0016717 secs] [Times: user=0.01 sys=0.00, real=0.00 secs] 
1901.174: [GC (Allocation Failure) [PSYoungGen: 66096K->1424K(66560K)] 381026K->316362K(716288K), 0.0031165 secs] [Times: user=0.01 sys=0.00, real=0.00 secs] 
1901.663: [GC (Allocation Failure) [PSYoungGen: 65936K->1408K(66560K)] 380874K->316354K(716288K), 0.0024467 secs] [Times: user=0.01 sys=0.00, real=0.00 secs] 
1902.319: [GC (Allocation Failure) [PSYoungGen: 65920K->1408K(66560K)] 380866K->316354K(716288K), 0.0025796 secs] [Times: user=0.01 sys=0.01, real=0.01 secs] 
1902.877: [GC (Allocation Failure) [PSYoungGen: 65920K->1344K(66560K)] 380866K->316290K(716288K), 0.0021991 secs] [Times: user=0.01 sys=0.00, real=0.00 secs] 
1903.885: [GC (Allocation Failure) [PSYoungGen: 65856K->1437K(66560K)] 380802K->316383K(716288K), 0.0020808 secs] [Times: user=0.01 sys=0.00, real=0.00 secs] 
1904.282: [GC (Allocation Failure) [PSYoungGen: 65948K->1581K(66560K)] 380894K->316527K(716288K), 0.0015651 secs] [Times: user=0.00 sys=0.00, real=0.00 secs] 
1904.668: [GC (Allocation Failure) [PSYoungGen: 66093K->1536K(66560K)] 381039K->316482K(716288K), 0.0016676 secs] [Times: user=0.01 sys=0.00, real=0.00 secs] 
1905.053: [GC (Allocation Failure) [PSYoungGen: 66048K->1549K(66560K)] 380994K->316503K(716288K), 0.0016200 secs] [Times: user=0.01 sys=0.00, real=0.00 secs] 
1905.456: [GC (Allocation Failure) [PSYoungGen: 66061K->1456K(66560K)] 381015K->316418K(716288K), 0.0018828 secs] [Times: user=0.01 sys=0.00, real=0.00 secs] 
1905.725: [GC (Allocation Failure) [PSYoungGen: 65968K->1424K(66560K)] 380930K->316386K(716288K), 0.0016848 secs] [Times: user=0.01 sys=0.00, real=0.00 secs] 
1905.992: [GC (Allocation Failure) [PSYoungGen: 65936K->1408K(66560K)] 380898K->316370K(716288K), 0.0017208 secs] [Times: user=0.00 sys=0.00, real=0.00 secs] 
1906.260: [GC (Allocation Failure) [PSYoungGen: 65920K->1376K(66560K)] 380882K->316338K(716288K), 0.0016565 secs] [Times: user=0.00 sys=0.00, real=0.00 secs] 
1906.663: [GC (Allocation Failure) [PSYoungGen: 65865K->1469K(66560K)] 380827K->316431K(716288K), 0.0014095 secs] [Times: user=0.00 sys=0.00, real=0.00 secs] 
1907.051: [GC (Allocation Failure) [PSYoungGen: 65981K->1488K(66560K)] 380943K->316450K(716288K), 0.0016036 secs] [Times: user=0.00 sys=0.00, real=0.00 secs] 
1907.437: [GC (Allocation Failure) [PSYoungGen: 66000K->1520K(66560K)] 380962K->316482K(716288K), 0.0015891 secs] [Times: user=0.00 sys=0.00, real=0.00 secs] 
1907.823: [GC (Allocation Failure) [PSYoungGen: 66032K->1485K(66560K)] 380994K->316471K(716288K), 0.0015952 secs] [Times: user=0.01 sys=0.00, real=0.00 secs] 
1908.333: [GC (Allocation Failure) [PSYoungGen: 65997K->1456K(66560K)] 380983K->316442K(716288K), 0.0019765 secs] [Times: user=0.01 sys=0.00, real=0.00 secs] 
1908.953: [GC (Allocation Failure) [PSYoungGen: 65968K->1344K(66560K)] 380954K->316330K(716288K), 0.0017292 secs] [Times: user=0.01 sys=0.00, real=0.00 secs] 
1909.558: [GC (Allocation Failure) [PSYoungGen: 65856K->1376K(66560K)] 380842K->316362K(716288K), 0.0020695 secs] [Times: user=0.01 sys=0.00, real=0.00 secs] 
1910.050: [GC (Allocation Failure) [PSYoungGen: 65888K->1376K(66560K)] 380874K->316362K(716288K), 0.0022073 secs] [Times: user=0.01 sys=0.00, real=0.01 secs] 
1910.523: [GC (Allocation Failure) [PSYoungGen: 65888K->1376K(66560K)] 380874K->316362K(716288K), 0.0023106 secs] [Times: user=0.01 sys=0.00, real=0.00 secs] 
1911.080: [GC (Allocation Failure) [PSYoungGen: 65888K->1552K(66560K)] 380874K->316538K(716288K), 0.0015891 secs] [Times: user=0.00 sys=0.00, real=0.00 secs] 
1911.467: [GC (Allocation Failure) [PSYoungGen: 66063K->1517K(66560K)] 381049K->316503K(716288K), 0.0016381 secs] [Times: user=0.00 sys=0.00, real=0.00 secs] 
1911.855: [GC (Allocation Failure) [PSYoungGen: 66029K->1565K(66560K)] 381015K->316567K(716288K), 0.0016413 secs] [Times: user=0.01 sys=0.00, real=0.00 secs] 
1912.308: [GC (Allocation Failure) [PSYoungGen: 66077K->1472K(66560K)] 381079K->316474K(716288K), 0.0020908 secs] [Times: user=0.01 sys=0.00, real=0.00 secs] 
1912.890: [GC (Allocation Failure) [PSYoungGen: 65984K->1376K(66560K)] 380986K->316378K(716288K), 0.0023138 secs] [Times: user=0.01 sys=0.00, real=0.01 secs] 
1913.154: [GC (Allocation Failure) [PSYoungGen: 65888K->1344K(66560K)] 380890K->316346K(716288K), 0.0021294 secs] [Times: user=0.01 sys=0.00, real=0.00 secs] 
1913.423: [GC (Allocation Failure) [PSYoungGen: 65856K->1344K(66560K)] 380858K->316346K(716288K), 0.0020125 secs] [Times: user=0.01 sys=0.00, real=0.00 secs] 
1913.691: [GC (Allocation Failure) [PSYoungGen: 65856K->1376K(66560K)] 380858K->316378K(716288K), 0.0017735 secs] [Times: user=0.01 sys=0.00, real=0.00 secs] 
1914.099: [GC (Allocation Failure) [PSYoungGen: 65888K->1565K(66560K)] 380890K->316567K(716288K), 0.0016485 secs] [Times: user=0.00 sys=0.00, real=0.01 secs] 
1914.486: [GC (Allocation Failure) [PSYoungGen: 66062K->1533K(66560K)] 381064K->316535K(716288K), 0.0016161 secs] [Times: user=0.00 sys=0.00, real=0.00 secs] 
1914.870: [GC (Allocation Failure) [PSYoungGen: 66045K->1520K(66560K)] 381047K->316530K(716288K), 0.0016529 secs] [Times: user=0.01 sys=0.01, real=0.00 secs] 
1915.278: [GC (Allocation Failure) [PSYoungGen: 66032K->1632K(66560K)] 381042K->316642K(716288K), 0.0018215 secs] [Times: user=0.00 sys=0.00, real=0.01 secs] 
1915.551: [GC (Allocation Failure) [PSYoungGen: 66144K->1376K(66560K)] 381154K->316386K(716288K), 0.0018339 secs] [Times: user=0.01 sys=0.00, real=0.00 secs] 
1915.819: [GC (Allocation Failure) [PSYoungGen: 65888K->1408K(66560K)] 380898K->316418K(716288K), 0.0016630 secs] [Times: user=0.00 sys=0.00, real=0.01 secs] 
1916.087: [GC (Allocation Failure) [PSYoungGen: 65920K->1376K(66560K)] 380930K->316386K(716288K), 0.0017893 secs] [Times: user=0.01 sys=0.00, real=0.00 secs] 
1916.354: [GC (Allocation Failure) [PSYoungGen: 65888K->1376K(66560K)] 380898K->316410K(716288K), 0.0026952 secs] [Times: user=0.02 sys=0.00, real=0.00 secs] 
1916.835: [GC (Allocation Failure) [PSYoungGen: 65871K->1469K(66560K)] 380905K->316503K(716288K), 0.0015370 secs] [Times: user=0.01 sys=0.00, real=0.00 secs] 
1917.222: [GC (Allocation Failure) [PSYoungGen: 65981K->1552K(66560K)] 381015K->316586K(716288K), 0.0015954 secs] [Times: user=0.01 sys=0.00, real=0.00 secs] 
1917.608: [GC (Allocation Failure) [PSYoungGen: 66035K->1520K(66560K)] 381069K->316562K(716288K), 0.0015861 secs] [Times: user=0.00 sys=0.00, real=0.00 secs] 
1917.991: [GC (Allocation Failure) [PSYoungGen: 66032K->1517K(66560K)] 381074K->316559K(716288K), 0.0015976 secs] [Times: user=0.01 sys=0.00, real=0.00 secs] 
1918.651: [GC (Allocation Failure) [PSYoungGen: 66029K->1440K(66560K)] 381071K->316482K(716288K), 0.0021068 secs] [Times: user=0.01 sys=0.00, real=0.00 secs] 
1919.463: [GC (Allocation Failure) [PSYoungGen: 65952K->1360K(66560K)] 380994K->316402K(716288K), 0.0032168 secs] [Times: user=0.01 sys=0.00, real=0.00 secs] 
1920.424: [GC (Allocation Failure) [PSYoungGen: 65872K->1360K(66560K)] 380914K->316402K(716288K), 0.0021976 secs] [Times: user=0.01 sys=0.00, real=0.00 secs] 
1921.143: [GC (Allocation Failure) [PSYoungGen: 65872K->1376K(66560K)] 380914K->316418K(716288K), 0.0027772 secs] [Times: user=0.01 sys=0.00, real=0.00 secs] 
1921.669: [GC (Allocation Failure) [PSYoungGen: 65888K->1501K(66560K)] 380930K->316543K(716288K), 0.0016285 secs] [Times: user=0.01 sys=0.00, real=0.01 secs] 
1922.058: [GC (Allocation Failure) [PSYoungGen: 65984K->1533K(66560K)] 381026K->316575K(716288K), 0.0016708 secs] [Times: user=0.01 sys=0.00, real=0.00 secs] 
1922.444: [GC (Allocation Failure) [PSYoungGen: 66045K->1520K(66560K)] 381087K->316578K(716288K), 0.0017498 secs] [Times: user=0.01 sys=0.00, real=0.00 secs] 
1922.832: [GC (Allocation Failure) [PSYoungGen: 66032K->1581K(66560K)] 381090K->316639K(716288K), 0.0015352 secs] [Times: user=0.00 sys=0.00, real=0.00 secs] 
1923.509: [GC (Allocation Failure) [PSYoungGen: 66093K->1440K(66560K)] 381151K->316498K(716288K), 0.0020794 secs] [Times: user=0.01 sys=0.00, real=0.01 secs] 
1924.130: [GC (Allocation Failure) [PSYoungGen: 65952K->1376K(66560K)] 381010K->316434K(716288K), 0.0023073 secs] [Times: user=0.01 sys=0.00, real=0.01 secs] 
1924.663: [GC (Allocation Failure) [PSYoungGen: 65888K->1376K(66560K)] 380946K->316434K(716288K), 0.0024282 secs] [Times: user=0.01 sys=0.00, real=0.00 secs] 
1925.175: [GC (Allocation Failure) [PSYoungGen: 65888K->1360K(66560K)] 380946K->316426K(716288K), 0.0024694 secs] [Times: user=0.01 sys=0.01, real=0.00 secs] 
1925.689: [GC (Allocation Failure) [PSYoungGen: 65872K->1437K(66560K)] 380938K->316503K(716288K), 0.0015517 secs] [Times: user=0.00 sys=0.00, real=0.01 secs] 
1926.077: [GC (Allocation Failure) [PSYoungGen: 65949K->1565K(66560K)] 381015K->316631K(716288K), 0.0017845 secs] [Times: user=0.00 sys=0.00, real=0.00 secs] 
1926.462: [GC (Allocation Failure) [PSYoungGen: 66077K->1549K(66560K)] 381143K->316615K(716288K), 0.0017162 secs] [Times: user=0.00 sys=0.00, real=0.00 secs] 
1926.909: [GC (Allocation Failure) [PSYoungGen: 66061K->1565K(66560K)] 381127K->316639K(716288K), 0.0016195 secs] [Times: user=0.01 sys=0.00, real=0.01 secs] 
1927.546: [GC (Allocation Failure) [PSYoungGen: 66077K->1424K(66560K)] 381151K->316498K(716288K), 0.0028610 secs] [Times: user=0.01 sys=0.00, real=0.00 secs] 
1928.251: [GC (Allocation Failure) [PSYoungGen: 65936K->1376K(66560K)] 381010K->316450K(716288K), 0.0027882 secs] [Times: user=0.01 sys=0.00, real=0.00 secs] 
1928.875: [GC (Allocation Failure) [PSYoungGen: 65888K->1408K(66560K)] 380962K->316498K(716288K), 0.0022192 secs] [Times: user=0.01 sys=0.00, real=0.00 secs] 
1929.367: [GC (Allocation Failure) [PSYoungGen: 65920K->1344K(66560K)] 381010K->316434K(716288K), 0.0032294 secs] [Times: user=0.01 sys=0.00, real=0.00 secs] 
1929.769: [GC (Allocation Failure) [PSYoungGen: 65856K->1424K(66560K)] 380946K->316522K(716288K), 0.0019782 secs] [Times: user=0.01 sys=0.00, real=0.01 secs] 
1930.178: [GC (Allocation Failure) [PSYoungGen: 65936K->1616K(66560K)] 381034K->316714K(716288K), 0.0017224 secs] [Times: user=0.00 sys=0.00, real=0.00 secs] 
1930.630: [GC (Allocation Failure) [PSYoungGen: 66113K->1584K(66560K)] 381211K->316682K(716288K), 0.0017105 secs] [Times: user=0.01 sys=0.00, real=0.00 secs] 
1931.017: [GC (Allocation Failure) [PSYoungGen: 66096K->1488K(66560K)] 381194K->316602K(716288K), 0.0016052 secs] [Times: user=0.01 sys=0.00, real=0.00 secs] 
1931.496: [GC (Allocation Failure) [PSYoungGen: 66000K->1472K(66560K)] 381114K->316586K(716288K), 0.0031867 secs] [Times: user=0.01 sys=0.00, real=0.00 secs] 
1932.063: [GC (Allocation Failure) [PSYoungGen: 65984K->1376K(66560K)] 381098K->316498K(716288K), 0.0027353 secs] [Times: user=0.01 sys=0.00, real=0.00 secs] 
1932.685: [GC (Allocation Failure) [PSYoungGen: 65888K->1408K(66560K)] 381010K->316530K(716288K), 0.0026194 secs] [Times: user=0.01 sys=0.00, real=0.00 secs] 
1933.294: [GC (Allocation Failure) [PSYoungGen: 65920K->1344K(66560K)] 381042K->316466K(716288K), 0.0026712 secs] [Times: user=0.01 sys=0.00, real=0.00 secs] 
1933.861: [GC (Allocation Failure) [PSYoungGen: 65856K->1405K(66560K)] 380978K->316527K(716288K), 0.0021778 secs] [Times: user=0.01 sys=0.00, real=0.00 secs] 
1934.279: [GC (Allocation Failure) [PSYoungGen: 65917K->1552K(66560K)] 381039K->316674K(716288K), 0.0015838 secs] [Times: user=0.01 sys=0.00, real=0.01 secs] 
1934.666: [GC (Allocation Failure) [PSYoungGen: 66043K->1488K(66560K)] 381165K->316610K(716288K), 0.0015787 secs] [Times: user=0.00 sys=0.00, real=0.00 secs] 
1935.051: [GC (Allocation Failure) [PSYoungGen: 66000K->1552K(66560K)] 381122K->316682K(716288K), 0.0016128 secs] [Times: user=0.01 sys=0.00, real=0.00 secs] 
1935.411: [GC (Allocation Failure) [PSYoungGen: 66064K->1472K(66560K)] 381194K->316602K(716288K), 0.0020653 secs] [Times: user=0.01 sys=0.00, real=0.00 secs] 
1935.802: [GC (Allocation Failure) [PSYoungGen: 65984K->1408K(66560K)] 381114K->316538K(716288K), 0.0022838 secs] [Times: user=0.01 sys=0.00, real=0.00 secs] 
1936.149: [GC (Allocation Failure) [PSYoungGen: 65920K->1376K(66560K)] 381050K->316506K(716288K), 0.0021210 secs] [Times: user=0.01 sys=0.00, real=0.01 secs] 
1936.544: [GC (Allocation Failure) [PSYoungGen: 65888K->1408K(66560K)] 381018K->316538K(716288K), 0.0036299 secs] [Times: user=0.02 sys=0.00, real=0.00 secs] 
1937.056: [GC (Allocation Failure) [PSYoungGen: 65809K->304K(66560K)] 380939K->315434K(716288K), 0.0035971 secs] [Times: user=0.01 sys=0.00, real=0.00 secs] 
1937.565: [GC (Allocation Failure) [PSYoungGen: 64816K->1520K(66560K)] 379946K->316650K(716288K), 0.0015766 secs] [Times: user=0.01 sys=0.00, real=0.00 secs] 
1937.953: [GC (Allocation Failure) [PSYoungGen: 66027K->1517K(66560K)] 381157K->316671K(716288K), 0.0016597 secs] [Times: user=0.00 sys=0.00, real=0.00 secs] 
1938.339: [GC (Allocation Failure) [PSYoungGen: 66029K->1584K(66560K)] 381183K->316746K(716288K), 0.0016881 secs] [Times: user=0.01 sys=0.00, real=0.01 secs] 
1938.831: [GC (Allocation Failure) [PSYoungGen: 66096K->1504K(66560K)] 381258K->316666K(716288K), 0.0021154 secs] [Times: user=0.01 sys=0.00, real=0.00 secs] 
1939.734: [GC (Allocation Failure) [PSYoungGen: 66016K->1344K(66560K)] 381178K->316506K(716288K), 0.0044699 secs] [Times: user=0.02 sys=0.00, real=0.00 secs] 
1940.581: [GC (Allocation Failure) [PSYoungGen: 65856K->1344K(66560K)] 381018K->316506K(716288K), 0.0029451 secs] [Times: user=0.01 sys=0.00, real=0.00 secs] 
1941.174: [GC (Allocation Failure) [PSYoungGen: 65856K->1376K(66560K)] 381018K->316538K(716288K), 0.0025069 secs] [Times: user=0.01 sys=0.01, real=0.00 secs] 
1942.006: [GC (Allocation Failure) [PSYoungGen: 65888K->1376K(66560K)] 381050K->316538K(716288K), 0.0029939 secs] [Times: user=0.01 sys=0.00, real=0.00 secs] 
1942.759: [GC (Allocation Failure) [PSYoungGen: 65888K->1565K(66560K)] 381050K->316727K(716288K), 0.0016850 secs] [Times: user=0.01 sys=0.00, real=0.01 secs] 
1943.145: [GC (Allocation Failure) [PSYoungGen: 66077K->1568K(66560K)] 381239K->316730K(716288K), 0.0017048 secs] [Times: user=0.00 sys=0.00, real=0.00 secs] 
1943.531: [GC (Allocation Failure) [PSYoungGen: 66080K->1549K(66560K)] 381242K->316719K(716288K), 0.0017393 secs] [Times: user=0.01 sys=0.00, real=0.00 secs] 
1943.949: [GC (Allocation Failure) [PSYoungGen: 66061K->1792K(66560K)] 381231K->316962K(716288K), 0.0016075 secs] [Times: user=0.01 sys=0.00, real=0.01 secs] 
1944.644: [GC (Allocation Failure) [PSYoungGen: 66304K->1376K(66560K)] 381474K->316546K(716288K), 0.0024508 secs] [Times: user=0.01 sys=0.00, real=0.00 secs] 
1945.222: [GC (Allocation Failure) [PSYoungGen: 65888K->1408K(66560K)] 381058K->316578K(716288K), 0.0029202 secs] [Times: user=0.01 sys=0.00, real=0.00 secs] 
1946.150: [GC (Allocation Failure) [PSYoungGen: 65920K->1408K(66560K)] 381090K->316578K(716288K), 0.0029767 secs] [Times: user=0.01 sys=0.00, real=0.01 secs] 
1947.162: [GC (Allocation Failure) [PSYoungGen: 65920K->1408K(66560K)] 381090K->316578K(716288K), 0.0025120 secs] [Times: user=0.01 sys=0.00, real=0.00 secs] 
1947.918: [GC (Allocation Failure) [PSYoungGen: 65920K->1469K(66560K)] 381090K->316639K(716288K), 0.0015790 secs] [Times: user=0.00 sys=0.00, real=0.00 secs] 
1948.304: [GC (Allocation Failure) [PSYoungGen: 65981K->1565K(66560K)] 381151K->316735K(716288K), 0.0016423 secs] [Times: user=0.00 sys=0.00, real=0.00 secs] 
1948.689: [GC (Allocation Failure) [PSYoungGen: 66076K->1520K(66560K)] 381246K->316698K(716288K), 0.0017938 secs] [Times: user=0.01 sys=0.00, real=0.01 secs] 
1949.074: [GC (Allocation Failure) [PSYoungGen: 66032K->1565K(66560K)] 381210K->316743K(716288K), 0.0016672 secs] [Times: user=0.01 sys=0.00, real=0.00 secs] 
1949.484: [GC (Allocation Failure) [PSYoungGen: 66077K->1408K(66560K)] 381255K->316586K(716288K), 0.0024498 secs] [Times: user=0.01 sys=0.00, real=0.00 secs] 
1949.743: [GC (Allocation Failure) [PSYoungGen: 65920K->1344K(66560K)] 381098K->316538K(716288K), 0.0020889 secs] [Times: user=0.01 sys=0.00, real=0.00 secs] 
1950.011: [GC (Allocation Failure) [PSYoungGen: 65856K->1376K(66560K)] 381050K->316570K(716288K), 0.0018757 secs] [Times: user=0.01 sys=0.00, real=0.00 secs] 
1950.379: [GC (Allocation Failure) [PSYoungGen: 65888K->1408K(66560K)] 381082K->316602K(716288K), 0.0018522 secs] [Times: user=0.01 sys=0.00, real=0.01 secs] 
1950.927: [GC (Allocation Failure) [PSYoungGen: 65899K->1533K(66560K)] 381093K->316727K(716288K), 0.0016220 secs] [Times: user=0.00 sys=0.00, real=0.00 secs] 
1951.312: [GC (Allocation Failure) [PSYoungGen: 66045K->1597K(66560K)] 381239K->316791K(716288K), 0.0016784 secs] [Times: user=0.00 sys=0.00, real=0.00 secs] 
1951.699: [GC (Allocation Failure) [PSYoungGen: 66109K->1488K(66560K)] 381303K->316698K(716288K), 0.0015870 secs] [Times: user=0.00 sys=0.00, real=0.01 secs] 
1952.085: [GC (Allocation Failure) [PSYoungGen: 65985K->1520K(66560K)] 381195K->316730K(716288K), 0.0016204 secs] [Times: user=0.01 sys=0.00, real=0.00 secs] 
1953.042: [GC (Allocation Failure) [PSYoungGen: 66032K->1408K(66560K)] 381242K->316618K(716288K), 0.0040835 secs] [Times: user=0.01 sys=0.01, real=0.00 secs] 
1953.450: [GC (Allocation Failure) [PSYoungGen: 65920K->1408K(66560K)] 381130K->316618K(716288K), 0.0019701 secs] [Times: user=0.01 sys=0.00, real=0.00 secs] 
1953.747: [GC (Allocation Failure) [PSYoungGen: 65920K->1376K(66560K)] 381130K->316586K(716288K), 0.0019862 secs] [Times: user=0.01 sys=0.00, real=0.00 secs] 
1954.015: [GC (Allocation Failure) [PSYoungGen: 65888K->1376K(66560K)] 381098K->316586K(716288K), 0.0019205 secs] [Times: user=0.01 sys=0.00, real=0.00 secs] 
1954.369: [GC (Allocation Failure) [PSYoungGen: 65888K->1520K(66560K)] 381098K->316730K(716288K), 0.0015509 secs] [Times: user=0.00 sys=0.00, real=0.01 secs] 
1954.754: [GC (Allocation Failure) [PSYoungGen: 66021K->1533K(66560K)] 381231K->316743K(716288K), 0.0016083 secs] [Times: user=0.01 sys=0.00, real=0.00 secs] 
1955.140: [GC (Allocation Failure) [PSYoungGen: 66045K->1584K(66560K)] 381255K->316794K(716288K), 0.0015692 secs] [Times: user=0.01 sys=0.00, real=0.01 secs] 
1955.527: [GC (Allocation Failure) [PSYoungGen: 66069K->1520K(66560K)] 381279K->316738K(716288K), 0.0016146 secs] [Times: user=0.01 sys=0.00, real=0.00 secs] 
1956.908: [GC (Allocation Failure) [PSYoungGen: 66032K->1392K(66560K)] 381250K->316610K(716288K), 0.0029829 secs] [Times: user=0.01 sys=0.01, real=0.01 secs] 
1957.653: [GC (Allocation Failure) [PSYoungGen: 65904K->1440K(66560K)] 381122K->316658K(716288K), 0.0026671 secs] [Times: user=0.01 sys=0.00, real=0.00 secs] 
1958.296: [GC (Allocation Failure) [PSYoungGen: 65952K->1376K(66560K)] 381170K->316594K(716288K), 0.0030321 secs] [Times: user=0.01 sys=0.00, real=0.00 secs] 
1958.974: [GC (Allocation Failure) [PSYoungGen: 65888K->1376K(66560K)] 381106K->316618K(716288K), 0.0027832 secs] [Times: user=0.01 sys=0.00, real=0.00 secs] 
1959.474: [GC (Allocation Failure) [PSYoungGen: 65888K->1456K(66560K)] 381130K->316698K(716288K), 0.0016368 secs] [Times: user=0.00 sys=0.00, real=0.00 secs] 
1959.862: [GC (Allocation Failure) [PSYoungGen: 65968K->1536K(66560K)] 381210K->316778K(716288K), 0.0015848 secs] [Times: user=0.01 sys=0.00, real=0.00 secs] 
1960.247: [GC (Allocation Failure) [PSYoungGen: 66048K->1565K(66560K)] 381290K->316807K(716288K), 0.0017674 secs] [Times: user=0.01 sys=0.00, real=0.00 secs] 
1960.635: [GC (Allocation Failure) [PSYoungGen: 66077K->1597K(66560K)] 381319K->316855K(716288K), 0.0017508 secs] [Times: user=0.01 sys=0.00, real=0.00 secs] 
1961.156: [GC (Allocation Failure) [PSYoungGen: 66109K->1472K(66560K)] 381367K->316730K(716288K), 0.0020751 secs] [Times: user=0.01 sys=0.00, real=0.00 secs] 
1962.031: [GC (Allocation Failure) [PSYoungGen: 65984K->1392K(66560K)] 381242K->316650K(716288K), 0.0025404 secs] [Times: user=0.01 sys=0.00, real=0.00 secs] 
1962.965: [GC (Allocation Failure) [PSYoungGen: 65904K->1408K(66560K)] 381162K->316666K(716288K), 0.0041248 secs] [Times: user=0.01 sys=0.00, real=0.00 secs] 
1963.706: [GC (Allocation Failure) [PSYoungGen: 65920K->1328K(66560K)] 381178K->316586K(716288K), 0.0025768 secs] [Times: user=0.01 sys=0.00, real=0.00 secs] 
1964.388: [GC (Allocation Failure) [PSYoungGen: 65840K->1456K(66560K)] 381098K->316714K(716288K), 0.0020194 secs] [Times: user=0.01 sys=0.00, real=0.00 secs] 
1964.804: [GC (Allocation Failure) [PSYoungGen: 65966K->1549K(66560K)] 381224K->316807K(716288K), 0.0016123 secs] [Times: user=0.01 sys=0.00, real=0.00 secs] 
1965.191: [GC (Allocation Failure) [PSYoungGen: 66061K->1549K(66560K)] 381319K->316807K(716288K), 0.0017287 secs] [Times: user=0.01 sys=0.00, real=0.00 secs] 
1965.578: [GC (Allocation Failure) [PSYoungGen: 66061K->1565K(66560K)] 381319K->316847K(716288K), 0.0017469 secs] [Times: user=0.01 sys=0.00, real=0.00 secs] 
1965.962: [GC (Allocation Failure) [PSYoungGen: 66077K->1472K(66560K)] 381359K->316754K(716288K), 0.0019407 secs] [Times: user=0.01 sys=0.00, real=0.00 secs] 
1966.234: [GC (Allocation Failure) [PSYoungGen: 65984K->1376K(66560K)] 381266K->316658K(716288K), 0.0017949 secs] [Times: user=0.00 sys=0.00, real=0.00 secs] 
1966.503: [GC (Allocation Failure) [PSYoungGen: 65888K->1408K(66560K)] 381170K->316690K(716288K), 0.0018803 secs] [Times: user=0.00 sys=0.01, real=0.00 secs] 
1966.798: [GC (Allocation Failure) [PSYoungGen: 65920K->1376K(66560K)] 381202K->316658K(716288K), 0.0020306 secs] [Times: user=0.01 sys=0.00, real=0.00 secs] 
1967.278: [GC (Allocation Failure) [PSYoungGen: 65761K->240K(66560K)] 381043K->315522K(716288K), 0.0020132 secs] [Times: user=0.01 sys=0.00, real=0.01 secs] 
1967.691: [GC (Allocation Failure) [PSYoungGen: 64752K->1520K(66560K)] 380034K->316802K(716288K), 0.0017142 secs] [Times: user=0.01 sys=0.00, real=0.00 secs] 
1968.079: [GC (Allocation Failure) [PSYoungGen: 66032K->1501K(66560K)] 381314K->316783K(716288K), 0.0016048 secs] [Times: user=0.01 sys=0.00, real=0.01 secs] 
1968.465: [GC (Allocation Failure) [PSYoungGen: 66013K->1565K(66560K)] 381295K->316879K(716288K), 0.0016733 secs] [Times: user=0.00 sys=0.00, real=0.00 secs] 
1968.851: [GC (Allocation Failure) [PSYoungGen: 66077K->1472K(66560K)] 381391K->316786K(716288K), 0.0019858 secs] [Times: user=0.01 sys=0.00, real=0.00 secs] 
1969.120: [GC (Allocation Failure) [PSYoungGen: 65984K->1312K(66560K)] 381298K->316626K(716288K), 0.0017628 secs] [Times: user=0.01 sys=0.00, real=0.01 secs] 
1969.388: [GC (Allocation Failure) [PSYoungGen: 65824K->1376K(66560K)] 381138K->316690K(716288K), 0.0019131 secs] [Times: user=0.00 sys=0.00, real=0.00 secs] 
1969.656: [GC (Allocation Failure) [PSYoungGen: 65888K->1392K(66560K)] 381202K->316706K(716288K), 0.0018780 secs] [Times: user=0.01 sys=0.00, real=0.00 secs] 
1969.924: [GC (Allocation Failure) [PSYoungGen: 65904K->1312K(66560K)] 381218K->316626K(716288K), 0.0018140 secs] [Times: user=0.00 sys=0.00, real=0.00 secs] 
1970.327: [GC (Allocation Failure) [PSYoungGen: 65824K->1584K(66560K)] 381138K->316898K(716288K), 0.0016021 secs] [Times: user=0.01 sys=0.00, real=0.00 secs] 
1970.717: [GC (Allocation Failure) [PSYoungGen: 66096K->1552K(66560K)] 381410K->316866K(716288K), 0.0016082 secs] [Times: user=0.01 sys=0.00, real=0.00 secs] 
1971.103: [GC (Allocation Failure) [PSYoungGen: 66064K->1533K(66560K)] 381378K->316855K(716288K), 0.0017060 secs] [Times: user=0.01 sys=0.00, real=0.00 secs] 
1971.527: [GC (Allocation Failure) [PSYoungGen: 66045K->1776K(66560K)] 381367K->317098K(716288K), 0.0018433 secs] [Times: user=0.01 sys=0.00, real=0.00 secs] 
1971.844: [GC (Allocation Failure) [PSYoungGen: 66288K->1344K(66560K)] 381610K->316666K(716288K), 0.0016733 secs] [Times: user=0.01 sys=0.00, real=0.00 secs] 
1972.125: [GC (Allocation Failure) [PSYoungGen: 65856K->1392K(66560K)] 381178K->316714K(716288K), 0.0017357 secs] [Times: user=0.01 sys=0.00, real=0.00 secs] 
1972.436: [GC (Allocation Failure) [PSYoungGen: 65904K->1376K(66560K)] 381226K->316698K(716288K), 0.0019585 secs] [Times: user=0.01 sys=0.00, real=0.00 secs] 
1972.704: [GC (Allocation Failure) [PSYoungGen: 65888K->1408K(66560K)] 381210K->316730K(716288K), 0.0019234 secs] [Times: user=0.01 sys=0.00, real=0.00 secs] 
1973.091: [GC (Allocation Failure) [PSYoungGen: 65920K->1501K(66560K)] 381242K->316823K(716288K), 0.0015223 secs] [Times: user=0.01 sys=0.00, real=0.00 secs] 
1973.478: [GC (Allocation Failure) [PSYoungGen: 66013K->1552K(66560K)] 381335K->316874K(716288K), 0.0015646 secs] [Times: user=0.01 sys=0.00, real=0.00 secs] 
1973.865: [GC (Allocation Failure) [PSYoungGen: 66064K->1549K(66560K)] 381386K->316879K(716288K), 0.0017083 secs] [Times: user=0.01 sys=0.00, real=0.00 secs] 
1974.250: [GC (Allocation Failure) [PSYoungGen: 66061K->1517K(66560K)] 381391K->316847K(716288K), 0.0015520 secs] [Times: user=0.00 sys=0.00, real=0.01 secs] 
1974.585: [GC (Allocation Failure) [PSYoungGen: 66029K->1376K(66560K)] 381359K->316706K(716288K), 0.0018410 secs] [Times: user=0.00 sys=0.00, real=0.00 secs] 
1975.026: [GC (Allocation Failure) [PSYoungGen: 65888K->1376K(66560K)] 381218K->316706K(716288K), 0.0018469 secs] [Times: user=0.00 sys=0.00, real=0.00 secs] 
1975.477: [GC (Allocation Failure) [PSYoungGen: 65888K->1408K(66560K)] 381218K->316738K(716288K), 0.0019749 secs] [Times: user=0.01 sys=0.00, real=0.00 secs] 
1976.017: [GC (Allocation Failure) [PSYoungGen: 65920K->1376K(66560K)] 381250K->316706K(716288K), 0.0034094 secs] [Times: user=0.01 sys=0.00, real=0.01 secs] 
1976.604: [GC (Allocation Failure) [PSYoungGen: 65869K->1504K(66560K)] 381199K->316834K(716288K), 0.0015341 secs] [Times: user=0.00 sys=0.00, real=0.00 secs] 
1976.989: [GC (Allocation Failure) [PSYoungGen: 66016K->1520K(66560K)] 381346K->316858K(716288K), 0.0016620 secs] [Times: user=0.00 sys=0.00, real=0.01 secs] 
1977.377: [GC (Allocation Failure) [PSYoungGen: 66032K->1616K(66560K)] 381370K->316962K(716288K), 0.0016840 secs] [Times: user=0.01 sys=0.00, real=0.00 secs] 
1977.763: [GC (Allocation Failure) [PSYoungGen: 66128K->1616K(66560K)] 381474K->316962K(716288K), 0.0015604 secs] [Times: user=0.00 sys=0.00, real=0.00 secs] 
1979.037: [GC (Allocation Failure) [PSYoungGen: 66128K->1392K(66560K)] 381474K->316738K(716288K), 0.0038615 secs] [Times: user=0.01 sys=0.00, real=0.01 secs] 
1979.409: [GC (Allocation Failure) [PSYoungGen: 65904K->1392K(66560K)] 381250K->316738K(716288K), 0.0019779 secs] [Times: user=0.01 sys=0.00, real=0.01 secs] 
1979.682: [GC (Allocation Failure) [PSYoungGen: 65904K->1344K(66560K)] 381250K->316690K(716288K), 0.0019061 secs] [Times: user=0.01 sys=0.00, real=0.00 secs] 
1979.949: [GC (Allocation Failure) [PSYoungGen: 65856K->1408K(66560K)] 381202K->316754K(716288K), 0.0019217 secs] [Times: user=0.00 sys=0.00, real=0.01 secs] 
1980.286: [GC (Allocation Failure) [PSYoungGen: 65920K->1520K(66560K)] 381266K->316866K(716288K), 0.0014438 secs] [Times: user=0.00 sys=0.00, real=0.00 secs] 
1980.673: [GC (Allocation Failure) [PSYoungGen: 66032K->1520K(66560K)] 381378K->316866K(716288K), 0.0015872 secs] [Times: user=0.00 sys=0.00, real=0.00 secs] 
1981.060: [GC (Allocation Failure) [PSYoungGen: 66032K->1584K(66560K)] 381378K->316938K(716288K), 0.0015725 secs] [Times: user=0.00 sys=0.00, real=0.01 secs] 
1981.446: [GC (Allocation Failure) [PSYoungGen: 66096K->1549K(66560K)] 381450K->316911K(716288K), 0.0016222 secs] [Times: user=0.01 sys=0.00, real=0.00 secs] 
1981.931: [GC (Allocation Failure) [PSYoungGen: 66061K->1440K(66560K)] 381423K->316802K(716288K), 0.0018972 secs] [Times: user=0.01 sys=0.00, real=0.00 secs] 
1982.459: [GC (Allocation Failure) [PSYoungGen: 65952K->1376K(66560K)] 381314K->316738K(716288K), 0.0019165 secs] [Times: user=0.01 sys=0.00, real=0.01 secs] 
1982.993: [GC (Allocation Failure) [PSYoungGen: 65888K->1344K(66560K)] 381250K->316706K(716288K), 0.0026044 secs] [Times: user=0.00 sys=0.00, real=0.00 secs] 
1983.330: [GC (Allocation Failure) [PSYoungGen: 65856K->1376K(66560K)] 381218K->316738K(716288K), 0.0020104 secs] [Times: user=0.01 sys=0.00, real=0.00 secs] 
1983.689: [GC (Allocation Failure) [PSYoungGen: 65888K->1456K(66560K)] 381250K->316818K(716288K), 0.0014836 secs] [Times: user=0.00 sys=0.00, real=0.00 secs] 
1984.077: [GC (Allocation Failure) [PSYoungGen: 65968K->1520K(66560K)] 381330K->316882K(716288K), 0.0016864 secs] [Times: user=0.00 sys=0.00, real=0.00 secs] 
1984.463: [GC (Allocation Failure) [PSYoungGen: 66017K->1520K(66560K)] 381379K->316882K(716288K), 0.0017159 secs] [Times: user=0.01 sys=0.00, real=0.00 secs] 
1984.908: [GC (Allocation Failure) [PSYoungGen: 66032K->1565K(66560K)] 381394K->316935K(716288K), 0.0016815 secs] [Times: user=0.01 sys=0.00, real=0.00 secs] 
1985.717: [GC (Allocation Failure) [PSYoungGen: 66077K->1392K(66560K)] 381447K->316762K(716288K), 0.0038272 secs] [Times: user=0.01 sys=0.00, real=0.01 secs] 
1986.232: [GC (Allocation Failure) [PSYoungGen: 65904K->1344K(66560K)] 381274K->316714K(716288K), 0.0026220 secs] [Times: user=0.01 sys=0.00, real=0.00 secs] 
1986.766: [GC (Allocation Failure) [PSYoungGen: 65856K->1296K(66560K)] 381226K->316666K(716288K), 0.0025963 secs] [Times: user=0.01 sys=0.00, real=0.00 secs] 
1987.377: [GC (Allocation Failure) [PSYoungGen: 65808K->1312K(66560K)] 381178K->316682K(716288K), 0.0023824 secs] [Times: user=0.01 sys=0.00, real=0.00 secs] 
1987.899: [GC (Allocation Failure) [PSYoungGen: 65824K->1488K(66560K)] 381194K->316858K(716288K), 0.0018452 secs] [Times: user=0.01 sys=0.00, real=0.01 secs] 
1988.307: [GC (Allocation Failure) [PSYoungGen: 65995K->1549K(66560K)] 381365K->316951K(716288K), 0.0016518 secs] [Times: user=0.01 sys=0.00, real=0.00 secs] 
1988.692: [GC (Allocation Failure) [PSYoungGen: 66061K->1520K(66560K)] 381463K->316922K(716288K), 0.0016132 secs] [Times: user=0.01 sys=0.00, real=0.00 secs] 
1989.077: [GC (Allocation Failure) [PSYoungGen: 66032K->1584K(66560K)] 381434K->316994K(716288K), 0.0014526 secs] [Times: user=0.01 sys=0.00, real=0.00 secs] 
1989.548: [GC (Allocation Failure) [PSYoungGen: 66096K->1472K(66560K)] 381506K->316882K(716288K), 0.0019265 secs] [Times: user=0.01 sys=0.00, real=0.00 secs] 
1990.174: [GC (Allocation Failure) [PSYoungGen: 65984K->1376K(66560K)] 381394K->316786K(716288K), 0.0032306 secs] [Times: user=0.01 sys=0.00, real=0.00 secs] 
1990.722: [GC (Allocation Failure) [PSYoungGen: 65888K->1344K(66560K)] 381298K->316754K(716288K), 0.0023688 secs] [Times: user=0.01 sys=0.00, real=0.00 secs] 
1991.148: [GC (Allocation Failure) [PSYoungGen: 65856K->1360K(66560K)] 381266K->316770K(716288K), 0.0019793 secs] [Times: user=0.00 sys=0.00, real=0.00 secs] 
1991.640: [GC (Allocation Failure) [PSYoungGen: 65872K->1456K(66560K)] 381282K->316866K(716288K), 0.0019989 secs] [Times: user=0.01 sys=0.00, real=0.01 secs] 
1992.045: [GC (Allocation Failure) [PSYoungGen: 65968K->1565K(66560K)] 381378K->316975K(716288K), 0.0016936 secs] [Times: user=0.00 sys=0.00, real=0.00 secs] 
1992.493: [GC (Allocation Failure) [PSYoungGen: 66077K->1552K(66560K)] 381487K->316962K(716288K), 0.0015920 secs] [Times: user=0.01 sys=0.00, real=0.00 secs] 
1992.881: [GC (Allocation Failure) [PSYoungGen: 66064K->1520K(66560K)] 381474K->316946K(716288K), 0.0016311 secs] [Times: user=0.00 sys=0.00, real=0.00 secs] 
1993.468: [GC (Allocation Failure) [PSYoungGen: 66032K->1456K(66560K)] 381458K->316882K(716288K), 0.0032528 secs] [Times: user=0.02 sys=0.00, real=0.01 secs] 
1994.463: [GC (Allocation Failure) [PSYoungGen: 65968K->1408K(66560K)] 381394K->316834K(716288K), 0.0027266 secs] [Times: user=0.01 sys=0.00, real=0.00 secs] 
1995.081: [GC (Allocation Failure) [PSYoungGen: 65920K->1392K(66560K)] 381346K->316818K(716288K), 0.0024856 secs] [Times: user=0.01 sys=0.00, real=0.00 secs] 
1995.803: [GC (Allocation Failure) [PSYoungGen: 65904K->1344K(66560K)] 381330K->316770K(716288K), 0.0024697 secs] [Times: user=0.01 sys=0.00, real=0.00 secs] 
1996.467: [GC (Allocation Failure) [PSYoungGen: 65856K->1344K(66560K)] 381282K->316770K(716288K), 0.0030393 secs] [Times: user=0.01 sys=0.00, real=0.00 secs] 
1997.008: [GC (Allocation Failure) [PSYoungGen: 65852K->1517K(66560K)] 381278K->316943K(716288K), 0.0016667 secs] [Times: user=0.01 sys=0.00, real=0.00 secs] 
1997.395: [GC (Allocation Failure) [PSYoungGen: 66029K->1488K(66560K)] 381455K->316914K(716288K), 0.0016672 secs] [Times: user=0.01 sys=0.00, real=0.00 secs] 
1997.782: [GC (Allocation Failure) [PSYoungGen: 65989K->1536K(66560K)] 381415K->316970K(716288K), 0.0016431 secs] [Times: user=0.00 sys=0.00, real=0.00 secs] 
1998.175: [GC (Allocation Failure) [PSYoungGen: 66048K->2016K(66560K)] 381482K->317458K(716288K), 0.0018718 secs] [Times: user=0.00 sys=0.00, real=0.00 secs] 
1998.444: [GC (Allocation Failure) [PSYoungGen: 66528K->1392K(66560K)] 381970K->316858K(716288K), 0.0016671 secs] [Times: user=0.00 sys=0.00, real=0.00 secs] 
1998.737: [GC (Allocation Failure) [PSYoungGen: 65904K->1408K(66560K)] 381370K->316874K(716288K), 0.0016456 secs] [Times: user=0.01 sys=0.00, real=0.00 secs] 
1999.203: [GC (Allocation Failure) [PSYoungGen: 65920K->1376K(66560K)] 381386K->316842K(716288K), 0.0020689 secs] [Times: user=0.01 sys=0.00, real=0.00 secs] 
1999.768: [GC (Allocation Failure) [PSYoungGen: 65888K->1328K(66560K)] 381354K->316794K(716288K), 0.0023020 secs] [Times: user=0.01 sys=0.00, real=0.01 secs] 
2000.318: [GC (Allocation Failure) [PSYoungGen: 65816K->1488K(66560K)] 381282K->316954K(716288K), 0.0015607 secs] [Times: user=0.00 sys=0.00, real=0.00 secs] 
2000.703: [GC (Allocation Failure) [PSYoungGen: 66000K->1552K(66560K)] 381466K->317018K(716288K), 0.0018352 secs] [Times: user=0.01 sys=0.00, real=0.00 secs] 
2001.147: [GC (Allocation Failure) [PSYoungGen: 66062K->1488K(66560K)] 381528K->316970K(716288K), 0.0018110 secs] [Times: user=0.01 sys=0.00, real=0.00 secs] 
2001.535: [GC (Allocation Failure) [PSYoungGen: 65987K->1533K(66560K)] 381469K->317015K(716288K), 0.0016426 secs] [Times: user=0.01 sys=0.00, real=0.00 secs] 
2001.913: [GC (Allocation Failure) [PSYoungGen: 66045K->1408K(66560K)] 381527K->316890K(716288K), 0.0021882 secs] [Times: user=0.01 sys=0.00, real=0.00 secs] 
2002.457: [GC (Allocation Failure) [PSYoungGen: 65920K->1376K(66560K)] 381402K->316858K(716288K), 0.0026104 secs] [Times: user=0.01 sys=0.00, real=0.00 secs] 
2002.996: [GC (Allocation Failure) [PSYoungGen: 65888K->1328K(66560K)] 381370K->316810K(716288K), 0.0022788 secs] [Times: user=0.01 sys=0.00, real=0.00 secs] 
2003.673: [GC (Allocation Failure) [PSYoungGen: 65840K->1376K(66560K)] 381322K->316858K(716288K), 0.0026559 secs] [Times: user=0.01 sys=0.00, real=0.00 secs] 
2004.303: [GC (Allocation Failure) [PSYoungGen: 65888K->1501K(66560K)] 381370K->316983K(716288K), 0.0017074 secs] [Times: user=0.01 sys=0.00, real=0.00 secs] 
2004.690: [GC (Allocation Failure) [PSYoungGen: 66013K->1520K(66560K)] 381495K->317002K(716288K), 0.0016139 secs] [Times: user=0.01 sys=0.00, real=0.00 secs] 
2005.077: [GC (Allocation Failure) [PSYoungGen: 66015K->1565K(66560K)] 381497K->317063K(716288K), 0.0016609 secs] [Times: user=0.01 sys=0.00, real=0.00 secs] 
2005.465: [GC (Allocation Failure) [PSYoungGen: 66077K->1584K(66560K)] 381575K->317082K(716288K), 0.0015743 secs] [Times: user=0.01 sys=0.00, real=0.00 secs] 
2006.161: [GC (Allocation Failure) [PSYoungGen: 66096K->1376K(66560K)] 381594K->316874K(716288K), 0.0022159 secs] [Times: user=0.00 sys=0.00, real=0.00 secs] 
2006.762: [GC (Allocation Failure) [PSYoungGen: 65888K->1408K(66560K)] 381386K->316906K(716288K), 0.0029690 secs] [Times: user=0.01 sys=0.00, real=0.00 secs] 
2007.403: [GC (Allocation Failure) [PSYoungGen: 65920K->1360K(66560K)] 381418K->316858K(716288K), 0.0021495 secs] [Times: user=0.01 sys=0.00, real=0.00 secs] 
2008.146: [GC (Allocation Failure) [PSYoungGen: 65872K->1376K(66560K)] 381370K->316874K(716288K), 0.0033714 secs] [Times: user=0.02 sys=0.00, real=0.00 secs] 
2008.852: [GC (Allocation Failure) [PSYoungGen: 65876K->1517K(66560K)] 381374K->317015K(716288K), 0.0015266 secs] [Times: user=0.01 sys=0.00, real=0.00 secs] 
2009.238: [GC (Allocation Failure) [PSYoungGen: 66029K->1520K(66560K)] 381527K->317042K(716288K), 0.0016172 secs] [Times: user=0.01 sys=0.00, real=0.00 secs] 
2009.623: [GC (Allocation Failure) [PSYoungGen: 66032K->1552K(66560K)] 381554K->317074K(716288K), 0.0016644 secs] [Times: user=0.00 sys=0.00, real=0.00 secs] 
2010.008: [GC (Allocation Failure) [PSYoungGen: 66061K->1584K(66560K)] 381583K->317114K(716288K), 0.0014432 secs] [Times: user=0.01 sys=0.00, real=0.00 secs] 
2010.997: [GC (Allocation Failure) [PSYoungGen: 66096K->1408K(66560K)] 381626K->316938K(716288K), 0.0025464 secs] [Times: user=0.01 sys=0.00, real=0.00 secs] 
2011.643: [GC (Allocation Failure) [PSYoungGen: 65920K->1376K(66560K)] 381450K->316906K(716288K), 0.0027540 secs] [Times: user=0.01 sys=0.01, real=0.00 secs] 
2012.093: [GC (Allocation Failure) [PSYoungGen: 65888K->1408K(66560K)] 381418K->316938K(716288K), 0.0020721 secs] [Times: user=0.01 sys=0.00, real=0.00 secs] 
2012.361: [GC (Allocation Failure) [PSYoungGen: 65920K->1440K(66560K)] 381450K->316970K(716288K), 0.0018939 secs] [Times: user=0.01 sys=0.00, real=0.00 secs] 
2012.690: [GC (Allocation Failure) [PSYoungGen: 65952K->1501K(66560K)] 381482K->317031K(716288K), 0.0015679 secs] [Times: user=0.00 sys=0.00, real=0.01 secs] 
2013.077: [GC (Allocation Failure) [PSYoungGen: 66013K->1597K(66560K)] 381543K->317127K(716288K), 0.0016279 secs] [Times: user=0.01 sys=0.00, real=0.00 secs] 
2013.462: [GC (Allocation Failure) [PSYoungGen: 66109K->1552K(66560K)] 381639K->317082K(716288K), 0.0015755 secs] [Times: user=0.00 sys=0.00, real=0.00 secs] 
2013.848: [GC (Allocation Failure) [PSYoungGen: 66064K->1549K(66560K)] 381594K->317087K(716288K), 0.0017775 secs] [Times: user=0.01 sys=0.00, real=0.00 secs] 
2014.445: [GC (Allocation Failure) [PSYoungGen: 66061K->1520K(66560K)] 381599K->317058K(716288K), 0.0022444 secs] [Times: user=0.01 sys=0.00, real=0.00 secs] 
2015.080: [GC (Allocation Failure) [PSYoungGen: 66032K->1344K(66560K)] 381570K->316882K(716288K), 0.0019853 secs] [Times: user=0.01 sys=0.00, real=0.01 secs] 
2015.493: [GC (Allocation Failure) [PSYoungGen: 65856K->1440K(66560K)] 381394K->316978K(716288K), 0.0020403 secs] [Times: user=0.01 sys=0.00, real=0.00 secs] 
2015.825: [GC (Allocation Failure) [PSYoungGen: 65952K->1376K(66560K)] 381490K->316930K(716288K), 0.0026099 secs] [Times: user=0.01 sys=0.00, real=0.00 secs] 
2016.180: [GC (Allocation Failure) [PSYoungGen: 65888K->1405K(66560K)] 381442K->316959K(716288K), 0.0018931 secs] [Times: user=0.00 sys=0.00, real=0.00 secs] 
2016.670: [GC (Allocation Failure) [PSYoungGen: 65908K->1552K(66560K)] 381462K->317106K(716288K), 0.0015831 secs] [Times: user=0.01 sys=0.00, real=0.01 secs] 
2017.117: [GC (Allocation Failure) [PSYoungGen: 66064K->1488K(66560K)] 381618K->317042K(716288K), 0.0017887 secs] [Times: user=0.01 sys=0.00, real=0.00 secs] 
2017.567: [GC (Allocation Failure) [PSYoungGen: 66000K->1565K(66560K)] 381554K->317151K(716288K), 0.0017900 secs] [Times: user=0.01 sys=0.00, real=0.00 secs] 
2018.134: [GC (Allocation Failure) [PSYoungGen: 66077K->1440K(66560K)] 381663K->317026K(716288K), 0.0025993 secs] [Times: user=0.01 sys=0.00, real=0.00 secs] 
2018.517: [GC (Allocation Failure) [PSYoungGen: 65952K->1376K(66560K)] 381538K->316962K(716288K), 0.0019785 secs] [Times: user=0.01 sys=0.00, real=0.00 secs] 
2018.793: [GC (Allocation Failure) [PSYoungGen: 65888K->1376K(66560K)] 381474K->316962K(716288K), 0.0044944 secs] [Times: user=0.02 sys=0.00, real=0.00 secs] 
2019.064: [GC (Allocation Failure) [PSYoungGen: 65888K->1408K(66560K)] 381474K->317002K(716288K), 0.0017816 secs] [Times: user=0.01 sys=0.00, real=0.00 secs] 
2019.382: [GC (Allocation Failure) [PSYoungGen: 65920K->1405K(66560K)] 381514K->316999K(716288K), 0.0018668 secs] [Times: user=0.01 sys=0.00, real=0.00 secs] 
2019.775: [GC (Allocation Failure) [PSYoungGen: 65917K->1584K(66560K)] 381511K->317178K(716288K), 0.0017067 secs] [Times: user=0.01 sys=0.00, real=0.00 secs] 
2020.162: [GC (Allocation Failure) [PSYoungGen: 66073K->1520K(66560K)] 381667K->317114K(716288K), 0.0015989 secs] [Times: user=0.01 sys=0.00, real=0.00 secs] 
2020.548: [GC (Allocation Failure) [PSYoungGen: 66032K->1533K(66560K)] 381626K->317143K(716288K), 0.0015049 secs] [Times: user=0.01 sys=0.00, real=0.00 secs] 
2021.114: [GC (Allocation Failure) [PSYoungGen: 66045K->1440K(66560K)] 381655K->317050K(716288K), 0.0023693 secs] [Times: user=0.01 sys=0.00, real=0.00 secs] 
2022.059: [GC (Allocation Failure) [PSYoungGen: 65952K->1360K(66560K)] 381562K->316970K(716288K), 0.0038107 secs] [Times: user=0.02 sys=0.00, real=0.01 secs] 
2022.651: [GC (Allocation Failure) [PSYoungGen: 65872K->1344K(66560K)] 381482K->316954K(716288K), 0.0022895 secs] [Times: user=0.01 sys=0.00, real=0.00 secs] 
2023.166: [GC (Allocation Failure) [PSYoungGen: 65856K->1376K(66560K)] 381466K->316986K(716288K), 0.0021327 secs] [Times: user=0.01 sys=0.00, real=0.00 secs] 
2023.704: [GC (Allocation Failure) [PSYoungGen: 65888K->1376K(66560K)] 381498K->316986K(716288K), 0.0021311 secs] [Times: user=0.01 sys=0.00, real=0.00 secs] 
2024.193: [GC (Allocation Failure) [PSYoungGen: 65888K->1565K(66560K)] 381498K->317175K(716288K), 0.0015880 secs] [Times: user=0.00 sys=0.00, real=0.00 secs] 
2024.580: [GC (Allocation Failure) [PSYoungGen: 66077K->1533K(66560K)] 381687K->317143K(716288K), 0.0016516 secs] [Times: user=0.01 sys=0.00, real=0.01 secs] 
2025.026: [GC (Allocation Failure) [PSYoungGen: 66045K->1552K(66560K)] 381655K->317170K(716288K), 0.0016001 secs] [Times: user=0.01 sys=0.00, real=0.00 secs] 
2025.453: [GC (Allocation Failure) [PSYoungGen: 66064K->2016K(66560K)] 381682K->317634K(716288K), 0.0019332 secs] [Times: user=0.01 sys=0.00, real=0.00 secs] 
2026.068: [GC (Allocation Failure) [PSYoungGen: 66528K->1376K(66560K)] 382146K->316994K(716288K), 0.0021346 secs] [Times: user=0.01 sys=0.00, real=0.00 secs] 
2026.551: [GC (Allocation Failure) [PSYoungGen: 65888K->1408K(66560K)] 381506K->317026K(716288K), 0.0022630 secs] [Times: user=0.00 sys=0.00, real=0.00 secs] 
2027.116: [GC (Allocation Failure) [PSYoungGen: 65920K->1344K(66560K)] 381538K->316962K(716288K), 0.0021260 secs] [Times: user=0.00 sys=0.00, real=0.00 secs] 
2027.620: [GC (Allocation Failure) [PSYoungGen: 65856K->1408K(66560K)] 381474K->317026K(716288K), 0.0037005 secs] [Times: user=0.02 sys=0.00, real=0.01 secs] 
2028.161: [GC (Allocation Failure) [PSYoungGen: 65920K->1536K(66560K)] 381538K->317154K(716288K), 0.0015265 secs] [Times: user=0.00 sys=0.00, real=0.00 secs] 
2028.548: [GC (Allocation Failure) [PSYoungGen: 66048K->1520K(66560K)] 381666K->317138K(716288K), 0.0016243 secs] [Times: user=0.00 sys=0.00, real=0.00 secs] 
2028.934: [GC (Allocation Failure) [PSYoungGen: 66032K->1488K(66560K)] 381650K->317130K(716288K), 0.0015640 secs] [Times: user=0.01 sys=0.00, real=0.00 secs] 
2029.328: [GC (Allocation Failure) [PSYoungGen: 66000K->1552K(66560K)] 381642K->317194K(716288K), 0.0015845 secs] [Times: user=0.00 sys=0.00, real=0.00 secs] 
2029.770: [GC (Allocation Failure) [PSYoungGen: 66064K->1472K(66560K)] 381706K->317114K(716288K), 0.0018772 secs] [Times: user=0.01 sys=0.00, real=0.01 secs] 
2030.052: [GC (Allocation Failure) [PSYoungGen: 65984K->1312K(66560K)] 381626K->316954K(716288K), 0.0017780 secs] [Times: user=0.01 sys=0.00, real=0.00 secs] 
2030.328: [GC (Allocation Failure) [PSYoungGen: 65824K->1376K(66560K)] 381466K->317018K(716288K), 0.0017484 secs] [Times: user=0.01 sys=0.00, real=0.00 secs] 
2030.664: [GC (Allocation Failure) [PSYoungGen: 65888K->1344K(66560K)] 381530K->316986K(716288K), 0.0018684 secs] [Times: user=0.01 sys=0.00, real=0.00 secs] 
2031.052: [GC (Allocation Failure) [PSYoungGen: 65856K->1533K(66560K)] 381498K->317175K(716288K), 0.0017231 secs] [Times: user=0.01 sys=0.00, real=0.00 secs] 
2031.512: [GC (Allocation Failure) [PSYoungGen: 66045K->1552K(66560K)] 381687K->317194K(716288K), 0.0015954 secs] [Times: user=0.00 sys=0.00, real=0.00 secs] 
2031.898: [GC (Allocation Failure) [PSYoungGen: 66064K->1565K(66560K)] 381706K->317223K(716288K), 0.0017700 secs] [Times: user=0.01 sys=0.00, real=0.01 secs] 
2032.289: [GC (Allocation Failure) [PSYoungGen: 66077K->1520K(66560K)] 381735K->317178K(716288K), 0.0016592 secs] [Times: user=0.00 sys=0.01, real=0.01 secs] 
2032.666: [GC (Allocation Failure) [PSYoungGen: 66032K->1456K(66560K)] 381690K->317114K(716288K), 0.0026038 secs] [Times: user=0.01 sys=0.00, real=0.00 secs] 
2032.942: [GC (Allocation Failure) [PSYoungGen: 65968K->1408K(66560K)] 381626K->317066K(716288K), 0.0020580 secs] [Times: user=0.00 sys=0.00, real=0.00 secs] 
2033.210: [GC (Allocation Failure) [PSYoungGen: 65920K->1344K(66560K)] 381578K->317002K(716288K), 0.0020288 secs] [Times: user=0.01 sys=0.00, real=0.00 secs] 
2033.479: [GC (Allocation Failure) [PSYoungGen: 65856K->1424K(66560K)] 381514K->317082K(716288K), 0.0019662 secs] [Times: user=0.00 sys=0.00, real=0.01 secs] 
2033.855: [GC (Allocation Failure) [PSYoungGen: 65936K->1501K(66560K)] 381594K->317159K(716288K), 0.0016112 secs] [Times: user=0.01 sys=0.00, real=0.00 secs] 
2034.241: [GC (Allocation Failure) [PSYoungGen: 66013K->1568K(66560K)] 381671K->317226K(716288K), 0.0015800 secs] [Times: user=0.00 sys=0.00, real=0.00 secs] 
2034.627: [GC (Allocation Failure) [PSYoungGen: 66079K->1533K(66560K)] 381737K->317191K(716288K), 0.0016564 secs] [Times: user=0.01 sys=0.00, real=0.00 secs] 
2035.012: [GC (Allocation Failure) [PSYoungGen: 66045K->1520K(66560K)] 381703K->317194K(716288K), 0.0015837 secs] [Times: user=0.01 sys=0.00, real=0.00 secs] 
2035.364: [GC (Allocation Failure) [PSYoungGen: 66032K->1440K(66560K)] 381706K->317114K(716288K), 0.0018911 secs] [Times: user=0.01 sys=0.00, real=0.00 secs] 
2035.777: [GC (Allocation Failure) [PSYoungGen: 65952K->1344K(66560K)] 381626K->317018K(716288K), 0.0018665 secs] [Times: user=0.01 sys=0.00, real=0.00 secs] 
2036.244: [GC (Allocation Failure) [PSYoungGen: 65856K->1376K(66560K)] 381530K->317050K(716288K), 0.0020834 secs] [Times: user=0.01 sys=0.00, real=0.00 secs] 
2036.776: [GC (Allocation Failure) [PSYoungGen: 65888K->1376K(66560K)] 381562K->317066K(716288K), 0.0020983 secs] [Times: user=0.00 sys=0.00, real=0.00 secs] 
2037.294: [GC (Allocation Failure) [PSYoungGen: 65888K->1504K(66560K)] 381578K->317194K(716288K), 0.0014836 secs] [Times: user=0.01 sys=0.00, real=0.00 secs] 
2037.684: [GC (Allocation Failure) [PSYoungGen: 66016K->1584K(66560K)] 381706K->317274K(716288K), 0.0015856 secs] [Times: user=0.01 sys=0.00, real=0.00 secs] 
2038.072: [GC (Allocation Failure) [PSYoungGen: 66082K->1533K(66560K)] 381772K->317223K(716288K), 0.0014888 secs] [Times: user=0.01 sys=0.00, real=0.00 secs] 
2038.458: [GC (Allocation Failure) [PSYoungGen: 66045K->1533K(66560K)] 381735K->317231K(716288K), 0.0016889 secs] [Times: user=0.00 sys=0.00, real=0.00 secs] 
2038.937: [GC (Allocation Failure) [PSYoungGen: 66045K->1520K(66560K)] 381743K->317218K(716288K), 0.0020060 secs] [Times: user=0.01 sys=0.00, real=0.00 secs] 
2039.225: [GC (Allocation Failure) [PSYoungGen: 66032K->1344K(66560K)] 381730K->317042K(716288K), 0.0018543 secs] [Times: user=0.00 sys=0.00, real=0.00 secs] 
2039.493: [GC (Allocation Failure) [PSYoungGen: 65856K->1376K(66560K)] 381554K->317074K(716288K), 0.0022573 secs] [Times: user=0.01 sys=0.00, real=0.00 secs] 
2039.822: [GC (Allocation Failure) [PSYoungGen: 65888K->1344K(66560K)] 381586K->317042K(716288K), 0.0023306 secs] [Times: user=0.01 sys=0.00, real=0.00 secs] 
2040.349: [GC (Allocation Failure) [PSYoungGen: 65840K->1488K(66560K)] 381538K->317186K(716288K), 0.0016274 secs] [Times: user=0.00 sys=0.00, real=0.01 secs] 
2040.733: [GC (Allocation Failure) [PSYoungGen: 66000K->1520K(66560K)] 381698K->317218K(716288K), 0.0016258 secs] [Times: user=0.01 sys=0.00, real=0.00 secs] 
2041.120: [GC (Allocation Failure) [PSYoungGen: 66032K->1565K(66560K)] 381730K->317263K(716288K), 0.0016698 secs] [Times: user=0.01 sys=0.00, real=0.01 secs] 
2041.504: [GC (Allocation Failure) [PSYoungGen: 66077K->1552K(66560K)] 381775K->317258K(716288K), 0.0016174 secs] [Times: user=0.01 sys=0.00, real=0.00 secs] 
2041.933: [GC (Allocation Failure) [PSYoungGen: 66064K->1472K(66560K)] 381770K->317178K(716288K), 0.0017770 secs] [Times: user=0.00 sys=0.00, real=0.00 secs] 
2042.247: [GC (Allocation Failure) [PSYoungGen: 65984K->1376K(66560K)] 381690K->317082K(716288K), 0.0016980 secs] [Times: user=0.00 sys=0.00, real=0.00 secs] 
2042.515: [GC (Allocation Failure) [PSYoungGen: 65888K->1376K(66560K)] 381594K->317082K(716288K), 0.0017068 secs] [Times: user=0.01 sys=0.00, real=0.00 secs] 
2042.783: [GC (Allocation Failure) [PSYoungGen: 65888K->1408K(66560K)] 381594K->317114K(716288K), 0.0017292 secs] [Times: user=0.01 sys=0.00, real=0.00 secs] 
2043.086: [GC (Allocation Failure) [PSYoungGen: 65889K->1469K(66560K)] 381595K->317175K(716288K), 0.0014669 secs] [Times: user=0.00 sys=0.00, real=0.00 secs] 
2043.473: [GC (Allocation Failure) [PSYoungGen: 65981K->1552K(66560K)] 381687K->317258K(716288K), 0.0015983 secs] [Times: user=0.01 sys=0.00, real=0.00 secs] 
2043.947: [GC (Allocation Failure) [PSYoungGen: 66064K->1565K(66560K)] 381770K->317271K(716288K), 0.0018961 secs] [Times: user=0.01 sys=0.00, real=0.00 secs] 
2044.367: [GC (Allocation Failure) [PSYoungGen: 66077K->1517K(66560K)] 381783K->317231K(716288K), 0.0016307 secs] [Times: user=0.01 sys=0.00, real=0.00 secs] 
2045.658: [GC (Allocation Failure) [PSYoungGen: 66029K->1456K(66560K)] 381743K->317170K(716288K), 0.0042470 secs] [Times: user=0.01 sys=0.00, real=0.01 secs] 
2046.778: [GC (Allocation Failure) [PSYoungGen: 65968K->1344K(66560K)] 381682K->317058K(716288K), 0.0030440 secs] [Times: user=0.01 sys=0.00, real=0.01 secs] 
2047.268: [GC (Allocation Failure) [PSYoungGen: 65856K->1408K(66560K)] 381570K->317122K(716288K), 0.0024667 secs] [Times: user=0.01 sys=0.00, real=0.01 secs] 
2047.798: [GC (Allocation Failure) [PSYoungGen: 65920K->1376K(66560K)] 381634K->317090K(716288K), 0.0038035 secs] [Times: user=0.02 sys=0.00, real=0.01 secs] 
2048.529: [GC (Allocation Failure) [PSYoungGen: 65888K->1328K(66560K)] 381602K->317042K(716288K), 0.0023905 secs] [Times: user=0.01 sys=0.00, real=0.01 secs] 
2048.999: [GC (Allocation Failure) [PSYoungGen: 65814K->1520K(66560K)] 381528K->317258K(716288K), 0.0015991 secs] [Times: user=0.01 sys=0.00, real=0.01 secs] 
2049.384: [GC (Allocation Failure) [PSYoungGen: 66032K->1552K(66560K)] 381770K->317290K(716288K), 0.0017496 secs] [Times: user=0.00 sys=0.00, real=0.00 secs] 
2049.781: [GC (Allocation Failure) [PSYoungGen: 66064K->1584K(66560K)] 381802K->317338K(716288K), 0.0016387 secs] [Times: user=0.01 sys=0.00, real=0.00 secs] 
2050.550: [GC (Allocation Failure) [PSYoungGen: 66096K->1536K(66560K)] 381850K->317290K(716288K), 0.0025794 secs] [Times: user=0.01 sys=0.00, real=0.01 secs] 
2050.822: [GC (Allocation Failure) [PSYoungGen: 66048K->1408K(66560K)] 381802K->317162K(716288K), 0.0019661 secs] [Times: user=0.01 sys=0.00, real=0.00 secs] 
2051.089: [GC (Allocation Failure) [PSYoungGen: 65920K->1408K(66560K)] 381674K->317162K(716288K), 0.0019788 secs] [Times: user=0.00 sys=0.00, real=0.01 secs] 
2051.357: [GC (Allocation Failure) [PSYoungGen: 65920K->1408K(66560K)] 381674K->317162K(716288K), 0.0018435 secs] [Times: user=0.01 sys=0.00, real=0.00 secs] 
2051.625: [GC (Allocation Failure) [PSYoungGen: 65920K->1408K(66560K)] 381674K->317162K(716288K), 0.0019441 secs] [Times: user=0.01 sys=0.00, real=0.00 secs] 
2052.038: [GC (Allocation Failure) [PSYoungGen: 65920K->1536K(66560K)] 381674K->317290K(716288K), 0.0015980 secs] [Times: user=0.01 sys=0.00, real=0.00 secs] 
2052.489: [GC (Allocation Failure) [PSYoungGen: 66048K->1549K(66560K)] 381802K->317311K(716288K), 0.0015855 secs] [Times: user=0.01 sys=0.00, real=0.01 secs] 
2052.877: [GC (Allocation Failure) [PSYoungGen: 66061K->1568K(66560K)] 381823K->317338K(716288K), 0.0016278 secs] [Times: user=0.01 sys=0.00, real=0.00 secs] 
2053.263: [GC (Allocation Failure) [PSYoungGen: 66042K->288K(66560K)] 381812K->316058K(716288K), 0.0015321 secs] [Times: user=0.00 sys=0.00, real=0.00 secs] 
2053.586: [GC (Allocation Failure) [PSYoungGen: 64800K->1408K(66560K)] 380570K->317178K(716288K), 0.0027508 secs] [Times: user=0.01 sys=0.00, real=0.00 secs] 
2053.871: [GC (Allocation Failure) [PSYoungGen: 65920K->1408K(66560K)] 381690K->317178K(716288K), 0.0019156 secs] [Times: user=0.01 sys=0.00, real=0.00 secs] 
2054.146: [GC (Allocation Failure) [PSYoungGen: 65920K->1344K(66560K)] 381690K->317114K(716288K), 0.0019751 secs] [Times: user=0.01 sys=0.00, real=0.00 secs] 
2054.421: [GC (Allocation Failure) [PSYoungGen: 65856K->1392K(66560K)] 381626K->317162K(716288K), 0.0018855 secs] [Times: user=0.01 sys=0.00, real=0.00 secs] 
2054.867: [GC (Allocation Failure) [PSYoungGen: 65904K->1488K(66560K)] 381674K->317258K(716288K), 0.0015962 secs] [Times: user=0.00 sys=0.00, real=0.00 secs] 
2055.252: [GC (Allocation Failure) [PSYoungGen: 66000K->1565K(66560K)] 381770K->317335K(716288K), 0.0016819 secs] [Times: user=0.01 sys=0.00, real=0.00 secs] 
2055.639: [GC (Allocation Failure) [PSYoungGen: 66077K->1520K(66560K)] 381847K->317298K(716288K), 0.0016897 secs] [Times: user=0.01 sys=0.00, real=0.01 secs] 
2056.087: [GC (Allocation Failure) [PSYoungGen: 66032K->1549K(66560K)] 381810K->317327K(716288K), 0.0016337 secs] [Times: user=0.01 sys=0.00, real=0.00 secs] 
2056.391: [GC (Allocation Failure) [PSYoungGen: 66061K->1408K(66560K)] 381839K->317210K(716288K), 0.0021100 secs] [Times: user=0.01 sys=0.00, real=0.00 secs] 
2056.874: [GC (Allocation Failure) [PSYoungGen: 65920K->1344K(66560K)] 381722K->317146K(716288K), 0.0021041 secs] [Times: user=0.01 sys=0.00, real=0.00 secs] 
2057.853: [GC (Allocation Failure) [PSYoungGen: 65856K->1344K(66560K)] 381658K->317146K(716288K), 0.0040538 secs] [Times: user=0.02 sys=0.00, real=0.00 secs] 
2058.618: [GC (Allocation Failure) [PSYoungGen: 65856K->1344K(66560K)] 381658K->317146K(716288K), 0.0026588 secs] [Times: user=0.01 sys=0.00, real=0.01 secs] 
2059.233: [GC (Allocation Failure) [PSYoungGen: 65856K->1469K(66560K)] 381658K->317271K(716288K), 0.0015617 secs] [Times: user=0.01 sys=0.00, real=0.00 secs] 
2059.620: [GC (Allocation Failure) [PSYoungGen: 65981K->1549K(66560K)] 381783K->317351K(716288K), 0.0015421 secs] [Times: user=0.00 sys=0.00, real=0.01 secs] 
2060.014: [GC (Allocation Failure) [PSYoungGen: 66061K->1533K(66560K)] 381863K->317343K(716288K), 0.0015843 secs] [Times: user=0.00 sys=0.00, real=0.00 secs] 
2060.400: [GC (Allocation Failure) [PSYoungGen: 66045K->1616K(66560K)] 381855K->317434K(716288K), 0.0016939 secs] [Times: user=0.01 sys=0.00, real=0.00 secs] 
2060.742: [GC (Allocation Failure) [PSYoungGen: 66128K->1408K(66560K)] 381946K->317226K(716288K), 0.0017033 secs] [Times: user=0.00 sys=0.00, real=0.00 secs] 
2061.021: [GC (Allocation Failure) [PSYoungGen: 65920K->1376K(66560K)] 381738K->317194K(716288K), 0.0016983 secs] [Times: user=0.01 sys=0.00, real=0.00 secs] 
2061.289: [GC (Allocation Failure) [PSYoungGen: 65888K->1408K(66560K)] 381706K->317226K(716288K), 0.0016788 secs] [Times: user=0.00 sys=0.00, real=0.01 secs] 
2061.556: [GC (Allocation Failure) [PSYoungGen: 65920K->1328K(66560K)] 381738K->317146K(716288K), 0.0016041 secs] [Times: user=0.00 sys=0.00, real=0.00 secs] 
2062.156: [GC (Allocation Failure) [PSYoungGen: 65834K->1437K(66560K)] 381652K->317255K(716288K), 0.0017235 secs] [Times: user=0.01 sys=0.00, real=0.00 secs] 
2062.604: [GC (Allocation Failure) [PSYoungGen: 65949K->1552K(66560K)] 381767K->317370K(716288K), 0.0016579 secs] [Times: user=0.00 sys=0.00, real=0.00 secs] 
2063.047: [GC (Allocation Failure) [PSYoungGen: 66064K->1517K(66560K)] 381882K->317335K(716288K), 0.0017969 secs] [Times: user=0.01 sys=0.00, real=0.00 secs] 
2063.500: [GC (Allocation Failure) [PSYoungGen: 66026K->1613K(66560K)] 381844K->317439K(716288K), 0.0016585 secs] [Times: user=0.01 sys=0.00, real=0.01 secs] 
2063.869: [GC (Allocation Failure) [PSYoungGen: 66125K->1440K(66560K)] 381951K->317266K(716288K), 0.0026218 secs] [Times: user=0.01 sys=0.00, real=0.01 secs] 
2064.151: [GC (Allocation Failure) [PSYoungGen: 65952K->1344K(66560K)] 381778K->317170K(716288K), 0.0020526 secs] [Times: user=0.01 sys=0.00, real=0.00 secs] 
2064.433: [GC (Allocation Failure) [PSYoungGen: 65856K->1376K(66560K)] 381682K->317202K(716288K), 0.0020960 secs] [Times: user=0.00 sys=0.00, real=0.00 secs] 
2064.895: [GC (Allocation Failure) [PSYoungGen: 65888K->1344K(66560K)] 381714K->317170K(716288K), 0.0018975 secs] [Times: user=0.01 sys=0.00, real=0.00 secs] 
2065.448: [GC (Allocation Failure) [PSYoungGen: 65852K->1520K(66560K)] 381678K->317346K(716288K), 0.0015748 secs] [Times: user=0.01 sys=0.00, real=0.00 secs] 
2065.833: [GC (Allocation Failure) [PSYoungGen: 66032K->1552K(66560K)] 381858K->317378K(716288K), 0.0017079 secs] [Times: user=0.00 sys=0.00, real=0.00 secs] 
2066.220: [GC (Allocation Failure) [PSYoungGen: 66064K->1533K(66560K)] 381890K->317359K(716288K), 0.0017471 secs] [Times: user=0.00 sys=0.01, real=0.01 secs] 
2066.606: [GC (Allocation Failure) [PSYoungGen: 66045K->1520K(66560K)] 381871K->317362K(716288K), 0.0016241 secs] [Times: user=0.00 sys=0.00, real=0.00 secs] 
2067.081: [GC (Allocation Failure) [PSYoungGen: 66032K->1456K(66560K)] 381874K->317322K(716288K), 0.0018034 secs] [Times: user=0.01 sys=0.00, real=0.00 secs] 
2067.623: [GC (Allocation Failure) [PSYoungGen: 65968K->1312K(66560K)] 381834K->317178K(716288K), 0.0019228 secs] [Times: user=0.01 sys=0.00, real=0.00 secs] 
2068.011: [GC (Allocation Failure) [PSYoungGen: 65824K->1344K(66560K)] 381690K->317210K(716288K), 0.0018498 secs] [Times: user=0.01 sys=0.00, real=0.00 secs] 
2068.396: [GC (Allocation Failure) [PSYoungGen: 65856K->1344K(66560K)] 381722K->317210K(716288K), 0.0018133 secs] [Times: user=0.01 sys=0.00, real=0.00 secs] 
2068.875: [GC (Allocation Failure) [PSYoungGen: 65856K->1424K(66560K)] 381722K->317290K(716288K), 0.0020539 secs] [Times: user=0.00 sys=0.00, real=0.00 secs] 
2069.361: [GC (Allocation Failure) [PSYoungGen: 65936K->1565K(66560K)] 381802K->317431K(716288K), 0.0016496 secs] [Times: user=0.01 sys=0.00, real=0.00 secs] 
2069.747: [GC (Allocation Failure) [PSYoungGen: 66049K->1501K(66560K)] 381915K->317367K(716288K), 0.0016701 secs] [Times: user=0.01 sys=0.00, real=0.00 secs] 
2070.138: [GC (Allocation Failure) [PSYoungGen: 66013K->1517K(66560K)] 381879K->317391K(716288K), 0.0015139 secs] [Times: user=0.00 sys=0.00, real=0.00 secs] 
2070.623: [GC (Allocation Failure) [PSYoungGen: 66029K->1440K(66560K)] 381903K->317314K(716288K), 0.0019476 secs] [Times: user=0.01 sys=0.00, real=0.00 secs] 
2071.275: [GC (Allocation Failure) [PSYoungGen: 65952K->1344K(66560K)] 381826K->317218K(716288K), 0.0037833 secs] [Times: user=0.02 sys=0.00, real=0.00 secs] 
2071.835: [GC (Allocation Failure) [PSYoungGen: 65856K->1344K(66560K)] 381730K->317218K(716288K), 0.0025007 secs] [Times: user=0.01 sys=0.00, real=0.00 secs] 
2072.380: [GC (Allocation Failure) [PSYoungGen: 65856K->1376K(66560K)] 381730K->317250K(716288K), 0.0030348 secs] [Times: user=0.02 sys=0.00, real=0.01 secs] 
2072.951: [GC (Allocation Failure) [PSYoungGen: 65888K->1408K(66560K)] 381762K->317282K(716288K), 0.0044181 secs] [Times: user=0.02 sys=0.00, real=0.00 secs] 
2073.516: [GC (Allocation Failure) [PSYoungGen: 65903K->1597K(66560K)] 381777K->317471K(716288K), 0.0017629 secs] [Times: user=0.00 sys=0.00, real=0.00 secs] 
2073.900: [GC (Allocation Failure) [PSYoungGen: 66109K->1520K(66560K)] 381983K->317394K(716288K), 0.0015598 secs] [Times: user=0.01 sys=0.00, real=0.00 secs] 
2074.286: [GC (Allocation Failure) [PSYoungGen: 66032K->1533K(66560K)] 381906K->317423K(716288K), 0.0016283 secs] [Times: user=0.00 sys=0.00, real=0.00 secs] 
2074.744: [GC (Allocation Failure) [PSYoungGen: 66045K->1472K(66560K)] 381935K->317362K(716288K), 0.0019082 secs] [Times: user=0.01 sys=0.00, real=0.00 secs] 
2075.054: [GC (Allocation Failure) [PSYoungGen: 65984K->1344K(66560K)] 381874K->317234K(716288K), 0.0023241 secs] [Times: user=0.01 sys=0.00, real=0.00 secs] 
2075.323: [GC (Allocation Failure) [PSYoungGen: 65856K->1376K(66560K)] 381746K->317266K(716288K), 0.0019189 secs] [Times: user=0.01 sys=0.00, real=0.00 secs] 
2075.595: [GC (Allocation Failure) [PSYoungGen: 65888K->1408K(66560K)] 381778K->317298K(716288K), 0.0020076 secs] [Times: user=0.01 sys=0.00, real=0.00 secs] 
2075.901: [GC (Allocation Failure) [PSYoungGen: 65920K->1376K(66560K)] 381810K->317266K(716288K), 0.0019257 secs] [Times: user=0.01 sys=0.00, real=0.00 secs] 
2076.431: [GC (Allocation Failure) [PSYoungGen: 65863K->1504K(66560K)] 381753K->317394K(716288K), 0.0015855 secs] [Times: user=0.00 sys=0.00, real=0.00 secs] 
2076.820: [GC (Allocation Failure) [PSYoungGen: 66016K->1520K(66560K)] 381906K->317410K(716288K), 0.0018864 secs] [Times: user=0.01 sys=0.00, real=0.01 secs] 
2077.265: [GC (Allocation Failure) [PSYoungGen: 66029K->1520K(66560K)] 381919K->317418K(716288K), 0.0015844 secs] [Times: user=0.01 sys=0.01, real=0.00 secs] 
2077.843: [GC (Allocation Failure) [PSYoungGen: 66032K->1584K(66560K)] 381930K->317498K(716288K), 0.0020136 secs] [Times: user=0.01 sys=0.00, real=0.00 secs] 
2078.777: [GC (Allocation Failure) [PSYoungGen: 66096K->1376K(66560K)] 382010K->317290K(716288K), 0.0030655 secs] [Times: user=0.01 sys=0.00, real=0.00 secs] 
2079.103: [GC (Allocation Failure) [PSYoungGen: 65888K->1344K(66560K)] 381802K->317258K(716288K), 0.0018272 secs] [Times: user=0.01 sys=0.00, real=0.00 secs] 
2079.378: [GC (Allocation Failure) [PSYoungGen: 65856K->1408K(66560K)] 381770K->317322K(716288K), 0.0018521 secs] [Times: user=0.01 sys=0.00, real=0.01 secs] 
2079.646: [GC (Allocation Failure) [PSYoungGen: 65920K->1408K(66560K)] 381834K->317322K(716288K), 0.0018937 secs] [Times: user=0.00 sys=0.00, real=0.00 secs] 
2080.060: [GC (Allocation Failure) [PSYoungGen: 65908K->1504K(66560K)] 381822K->317418K(716288K), 0.0015096 secs] [Times: user=0.00 sys=0.00, real=0.00 secs] 
2080.510: [GC (Allocation Failure) [PSYoungGen: 66016K->1613K(66560K)] 381930K->317527K(716288K), 0.0056982 secs] [Times: user=0.03 sys=0.00, real=0.01 secs] 
2080.957: [GC (Allocation Failure) [PSYoungGen: 66124K->1552K(66560K)] 382038K->317482K(716288K), 0.0016389 secs] [Times: user=0.01 sys=0.00, real=0.00 secs] 
2081.344: [GC (Allocation Failure) [PSYoungGen: 66054K->1520K(66560K)] 381984K->317450K(716288K), 0.0016298 secs] [Times: user=0.01 sys=0.00, real=0.00 secs] 
2081.939: [GC (Allocation Failure) [PSYoungGen: 66032K->1376K(66560K)] 381962K->317306K(716288K), 0.0027087 secs] [Times: user=0.02 sys=0.00, real=0.01 secs] 
2082.264: [GC (Allocation Failure) [PSYoungGen: 65888K->1408K(66560K)] 381818K->317338K(716288K), 0.0019010 secs] [Times: user=0.01 sys=0.00, real=0.00 secs] 
2082.574: [GC (Allocation Failure) [PSYoungGen: 65920K->1376K(66560K)] 381850K->317306K(716288K), 0.0019158 secs] [Times: user=0.01 sys=0.00, real=0.00 secs] 
2083.011: [GC (Allocation Failure) [PSYoungGen: 65888K->1376K(66560K)] 381818K->317306K(716288K), 0.0019673 secs] [Times: user=0.00 sys=0.00, real=0.00 secs] 
2083.453: [GC (Allocation Failure) [PSYoungGen: 65888K->1488K(66560K)] 381818K->317418K(716288K), 0.0015681 secs] [Times: user=0.00 sys=0.00, real=0.00 secs] 
2083.843: [GC (Allocation Failure) [PSYoungGen: 66000K->1581K(66560K)] 381930K->317511K(716288K), 0.0014736 secs] [Times: user=0.00 sys=0.00, real=0.00 secs] 
2084.230: [GC (Allocation Failure) [PSYoungGen: 66093K->1536K(66560K)] 382023K->317474K(716288K), 0.0015658 secs] [Times: user=0.00 sys=0.00, real=0.01 secs] 
2084.677: [GC (Allocation Failure) [PSYoungGen: 66048K->1549K(66560K)] 381986K->317487K(716288K), 0.0016360 secs] [Times: user=0.00 sys=0.00, real=0.00 secs] 
2085.671: [GC (Allocation Failure) [PSYoungGen: 66061K->1360K(66560K)] 381999K->317298K(716288K), 0.0022106 secs] [Times: user=0.00 sys=0.00, real=0.00 secs] 
2086.270: [GC (Allocation Failure) [PSYoungGen: 65872K->1344K(66560K)] 381810K->317282K(716288K), 0.0033255 secs] [Times: user=0.02 sys=0.00, real=0.01 secs] 
2086.771: [GC (Allocation Failure) [PSYoungGen: 65856K->1376K(66560K)] 381794K->317314K(716288K), 0.0021797 secs] [Times: user=0.01 sys=0.00, real=0.00 secs] 
2087.034: [GC (Allocation Failure) [PSYoungGen: 65888K->1376K(66560K)] 381826K->317314K(716288K), 0.0018733 secs] [Times: user=0.00 sys=0.00, real=0.00 secs] 
2087.386: [GC (Allocation Failure) [PSYoungGen: 65888K->1485K(66560K)] 381826K->317423K(716288K), 0.0015141 secs] [Times: user=0.01 sys=0.00, real=0.00 secs] 
2087.841: [GC (Allocation Failure) [PSYoungGen: 65997K->1488K(66560K)] 381935K->317442K(716288K), 0.0016022 secs] [Times: user=0.01 sys=0.00, real=0.00 secs] 
2088.230: [GC (Allocation Failure) [PSYoungGen: 65982K->1616K(66560K)] 381936K->317570K(716288K), 0.0018118 secs] [Times: user=0.01 sys=0.00, real=0.01 secs] 
2088.616: [GC (Allocation Failure) [PSYoungGen: 66128K->1565K(66560K)] 382082K->317535K(716288K), 0.0018598 secs] [Times: user=0.01 sys=0.00, real=0.00 secs] 
2089.267: [GC (Allocation Failure) [PSYoungGen: 66077K->1392K(66560K)] 382047K->317362K(716288K), 0.0044877 secs] [Times: user=0.02 sys=0.00, real=0.01 secs] 
2090.014: [GC (Allocation Failure) [PSYoungGen: 65904K->1376K(66560K)] 381874K->317346K(716288K), 0.0038181 secs] [Times: user=0.01 sys=0.00, real=0.00 secs] 
2090.728: [GC (Allocation Failure) [PSYoungGen: 65888K->1376K(66560K)] 381858K->317346K(716288K), 0.0036291 secs] [Times: user=0.02 sys=0.00, real=0.01 secs] 
2091.233: [GC (Allocation Failure) [PSYoungGen: 65888K->1408K(66560K)] 381858K->317378K(716288K), 0.0037400 secs] [Times: user=0.02 sys=0.00, real=0.00 secs] 
2091.774: [GC (Allocation Failure) [PSYoungGen: 65920K->1440K(66560K)] 381890K->317410K(716288K), 0.0015477 secs] [Times: user=0.01 sys=0.01, real=0.00 secs] 
2092.161: [GC (Allocation Failure) [PSYoungGen: 65929K->1552K(66560K)] 381899K->317522K(716288K), 0.0015673 secs] [Times: user=0.00 sys=0.00, real=0.00 secs] 
2092.607: [GC (Allocation Failure) [PSYoungGen: 66064K->1517K(66560K)] 382034K->317487K(716288K), 0.0016563 secs] [Times: user=0.01 sys=0.00, real=0.00 secs] 
2092.995: [GC (Allocation Failure) [PSYoungGen: 66029K->1565K(66560K)] 381999K->317543K(716288K), 0.0017122 secs] [Times: user=0.01 sys=0.00, real=0.00 secs] 
2093.531: [GC (Allocation Failure) [PSYoungGen: 66077K->1392K(66560K)] 382055K->317370K(716288K), 0.0027164 secs] [Times: user=0.01 sys=0.00, real=0.00 secs] 
2094.198: [GC (Allocation Failure) [PSYoungGen: 65904K->1392K(66560K)] 381882K->317370K(716288K), 0.0026328 secs] [Times: user=0.02 sys=0.00, real=0.01 secs] 
2094.916: [GC (Allocation Failure) [PSYoungGen: 65904K->1376K(66560K)] 381882K->317354K(716288K), 0.0031446 secs] [Times: user=0.01 sys=0.00, real=0.00 secs] 
2095.567: [GC (Allocation Failure) [PSYoungGen: 65888K->1408K(66560K)] 381866K->317386K(716288K), 0.0020021 secs] [Times: user=0.00 sys=0.00, real=0.00 secs] 
2096.103: [GC (Allocation Failure) [PSYoungGen: 65920K->1437K(66560K)] 381898K->317415K(716288K), 0.0019732 secs] [Times: user=0.00 sys=0.00, real=0.00 secs] 
2096.506: [GC (Allocation Failure) [PSYoungGen: 65939K->1517K(66560K)] 381917K->317495K(716288K), 0.0015531 secs] [Times: user=0.01 sys=0.00, real=0.00 secs] 
2096.890: [GC (Allocation Failure) [PSYoungGen: 66029K->1552K(66560K)] 382007K->317530K(716288K), 0.0015514 secs] [Times: user=0.00 sys=0.00, real=0.00 secs] 
2097.277: [GC (Allocation Failure) [PSYoungGen: 66064K->1520K(66560K)] 382042K->317506K(716288K), 0.0015718 secs] [Times: user=0.01 sys=0.00, real=0.00 secs] 
2097.701: [GC (Allocation Failure) [PSYoungGen: 66032K->1440K(66560K)] 382018K->317426K(716288K), 0.0017665 secs] [Times: user=0.01 sys=0.00, real=0.00 secs] 
2097.974: [GC (Allocation Failure) [PSYoungGen: 65952K->1376K(66560K)] 381938K->317362K(716288K), 0.0015588 secs] [Times: user=0.01 sys=0.00, real=0.00 secs] 
2098.283: [GC (Allocation Failure) [PSYoungGen: 65888K->1344K(66560K)] 381874K->317354K(716288K), 0.0026769 secs] [Times: user=0.01 sys=0.00, real=0.00 secs] 
2098.721: [GC (Allocation Failure) [PSYoungGen: 65856K->1344K(66560K)] 381866K->317354K(716288K), 0.0030306 secs] [Times: user=0.01 sys=0.00, real=0.00 secs] 
2099.275: [GC (Allocation Failure) [PSYoungGen: 65856K->256K(66560K)] 381866K->316266K(716288K), 0.0024116 secs] [Times: user=0.01 sys=0.00, real=0.00 secs] 
2099.710: [GC (Allocation Failure) [PSYoungGen: 64768K->1565K(66560K)] 380778K->317575K(716288K), 0.0015809 secs] [Times: user=0.01 sys=0.00, real=0.00 secs] 
2100.097: [GC (Allocation Failure) [PSYoungGen: 66077K->1517K(66560K)] 382087K->317527K(716288K), 0.0015594 secs] [Times: user=0.00 sys=0.00, real=0.00 secs] 
2100.483: [GC (Allocation Failure) [PSYoungGen: 66029K->1533K(66560K)] 382039K->317559K(716288K), 0.0017054 secs] [Times: user=0.00 sys=0.00, real=0.00 secs] 
2101.115: [GC (Allocation Failure) [PSYoungGen: 66045K->1472K(66560K)] 382071K->317498K(716288K), 0.0027515 secs] [Times: user=0.01 sys=0.00, real=0.00 secs] 
2102.261: [GC (Allocation Failure) [PSYoungGen: 65984K->1344K(66560K)] 382010K->317370K(716288K), 0.0041084 secs] [Times: user=0.01 sys=0.00, real=0.00 secs] 
2102.830: [GC (Allocation Failure) [PSYoungGen: 65856K->1328K(66560K)] 381882K->317354K(716288K), 0.0022155 secs] [Times: user=0.01 sys=0.00, real=0.00 secs] 
2103.572: [GC (Allocation Failure) [PSYoungGen: 65840K->1408K(66560K)] 381866K->317434K(716288K), 0.0026339 secs] [Times: user=0.01 sys=0.00, real=0.00 secs] 
2104.168: [GC (Allocation Failure) [PSYoungGen: 65920K->1408K(66560K)] 381946K->317434K(716288K), 0.0022695 secs] [Times: user=0.01 sys=0.00, real=0.01 secs] 
2104.677: [GC (Allocation Failure) [PSYoungGen: 65920K->1565K(66560K)] 381946K->317591K(716288K), 0.0016214 secs] [Times: user=0.01 sys=0.00, real=0.00 secs] 
2105.062: [GC (Allocation Failure) [PSYoungGen: 66077K->1565K(66560K)] 382103K->317591K(716288K), 0.0016709 secs] [Times: user=0.00 sys=0.00, real=0.00 secs] 
2105.448: [GC (Allocation Failure) [PSYoungGen: 66069K->1520K(66560K)] 382095K->317570K(716288K), 0.0015713 secs] [Times: user=0.00 sys=0.00, real=0.00 secs] 
2105.940: [GC (Allocation Failure) [PSYoungGen: 66032K->1776K(66560K)] 382082K->317826K(716288K), 0.0020389 secs] [Times: user=0.01 sys=0.00, real=0.01 secs] 
2106.581: [GC (Allocation Failure) [PSYoungGen: 66288K->1376K(66560K)] 382338K->317426K(716288K), 0.0022377 secs] [Times: user=0.01 sys=0.00, real=0.00 secs] 
2107.150: [GC (Allocation Failure) [PSYoungGen: 65888K->1376K(66560K)] 381938K->317426K(716288K), 0.0022656 secs] [Times: user=0.01 sys=0.00, real=0.01 secs] 
2107.418: [GC (Allocation Failure) [PSYoungGen: 65888K->1344K(66560K)] 381938K->317394K(716288K), 0.0020126 secs] [Times: user=0.00 sys=0.00, real=0.01 secs] 
2107.687: [GC (Allocation Failure) [PSYoungGen: 65856K->1376K(66560K)] 381906K->317426K(716288K), 0.0019585 secs] [Times: user=0.01 sys=0.00, real=0.00 secs] 
2108.062: [GC (Allocation Failure) [PSYoungGen: 65888K->1533K(66560K)] 381938K->317583K(716288K), 0.0016030 secs] [Times: user=0.01 sys=0.00, real=0.00 secs] 
2108.452: [GC (Allocation Failure) [PSYoungGen: 66045K->1565K(66560K)] 382095K->317615K(716288K), 0.0017205 secs] [Times: user=0.01 sys=0.00, real=0.00 secs] 
2108.838: [GC (Allocation Failure) [PSYoungGen: 66069K->1533K(66560K)] 382119K->317607K(716288K), 0.0017505 secs] [Times: user=0.00 sys=0.00, real=0.00 secs] 
2109.225: [GC (Allocation Failure) [PSYoungGen: 66045K->1552K(66560K)] 382119K->317626K(716288K), 0.0015131 secs] [Times: user=0.00 sys=0.00, real=0.00 secs] 
2109.543: [GC (Allocation Failure) [PSYoungGen: 66064K->1440K(66560K)] 382138K->317514K(716288K), 0.0018463 secs] [Times: user=0.01 sys=0.00, real=0.00 secs] 
2109.812: [GC (Allocation Failure) [PSYoungGen: 65952K->1408K(66560K)] 382026K->317482K(716288K), 0.0018046 secs] [Times: user=0.01 sys=0.00, real=0.00 secs] 
2110.081: [GC (Allocation Failure) [PSYoungGen: 65920K->1408K(66560K)] 381994K->317482K(716288K), 0.0018112 secs] [Times: user=0.01 sys=0.00, real=0.00 secs] 
2110.348: [GC (Allocation Failure) [PSYoungGen: 65920K->1376K(66560K)] 381994K->317450K(716288K), 0.0021668 secs] [Times: user=0.01 sys=0.00, real=0.01 secs] 
2110.758: [GC (Allocation Failure) [PSYoungGen: 65888K->1488K(66560K)] 381962K->317562K(716288K), 0.0015690 secs] [Times: user=0.00 sys=0.00, real=0.00 secs] 
2111.154: [GC (Allocation Failure) [PSYoungGen: 65978K->1485K(66560K)] 382052K->317559K(716288K), 0.0015862 secs] [Times: user=0.00 sys=0.00, real=0.00 secs] 
2111.543: [GC (Allocation Failure) [PSYoungGen: 65997K->1552K(66560K)] 382071K->317634K(716288K), 0.0017376 secs] [Times: user=0.01 sys=0.00, real=0.00 secs] 
2111.928: [GC (Allocation Failure) [PSYoungGen: 66064K->1552K(66560K)] 382146K->317634K(716288K), 0.0015971 secs] [Times: user=0.00 sys=0.00, real=0.00 secs] 
2112.442: [GC (Allocation Failure) [PSYoungGen: 66064K->1408K(66560K)] 382146K->317490K(716288K), 0.0018961 secs] [Times: user=0.01 sys=0.00, real=0.00 secs] 
2112.726: [GC (Allocation Failure) [PSYoungGen: 65920K->1376K(66560K)] 382002K->317458K(716288K), 0.0017428 secs] [Times: user=0.01 sys=0.00, real=0.00 secs] 
2112.995: [GC (Allocation Failure) [PSYoungGen: 65888K->1408K(66560K)] 381970K->317490K(716288K), 0.0019147 secs] [Times: user=0.01 sys=0.00, real=0.00 secs] 
2113.263: [GC (Allocation Failure) [PSYoungGen: 65920K->1408K(66560K)] 382002K->317490K(716288K), 0.0017891 secs] [Times: user=0.01 sys=0.00, real=0.00 secs] 
2113.632: [GC (Allocation Failure) [PSYoungGen: 65906K->1472K(66560K)] 381988K->317554K(716288K), 0.0014961 secs] [Times: user=0.01 sys=0.00, real=0.00 secs] 
2114.017: [GC (Allocation Failure) [PSYoungGen: 65984K->1520K(66560K)] 382066K->317602K(716288K), 0.0016212 secs] [Times: user=0.01 sys=0.00, real=0.00 secs] 
2114.403: [GC (Allocation Failure) [PSYoungGen: 66032K->1552K(66560K)] 382114K->317634K(716288K), 0.0016141 secs] [Times: user=0.01 sys=0.00, real=0.00 secs] 
2114.788: [GC (Allocation Failure) [PSYoungGen: 66058K->1488K(66560K)] 382140K->317578K(716288K), 0.0015699 secs] [Times: user=0.00 sys=0.00, real=0.00 secs] 
2115.260: [GC (Allocation Failure) [PSYoungGen: 66000K->1456K(66560K)] 382090K->317546K(716288K), 0.0018796 secs] [Times: user=0.01 sys=0.00, real=0.01 secs] 
2115.528: [GC (Allocation Failure) [PSYoungGen: 65968K->1376K(66560K)] 382058K->317466K(716288K), 0.0018605 secs] [Times: user=0.01 sys=0.00, real=0.01 secs] 
2115.797: [GC (Allocation Failure) [PSYoungGen: 65888K->1408K(66560K)] 381978K->317498K(716288K), 0.0018663 secs] [Times: user=0.00 sys=0.00, real=0.00 secs] 
2116.144: [GC (Allocation Failure) [PSYoungGen: 65920K->1408K(66560K)] 382010K->317498K(716288K), 0.0019377 secs] [Times: user=0.01 sys=0.00, real=0.00 secs] 
2116.485: [GC (Allocation Failure) [PSYoungGen: 65920K->1437K(66560K)] 382010K->317543K(716288K), 0.0015996 secs] [Times: user=0.00 sys=0.00, real=0.00 secs] 
2116.929: [GC (Allocation Failure) [PSYoungGen: 65949K->1552K(66560K)] 382055K->317658K(716288K), 0.0015909 secs] [Times: user=0.00 sys=0.00, real=0.01 secs] 
2117.314: [GC (Allocation Failure) [PSYoungGen: 66064K->1552K(66560K)] 382170K->317658K(716288K), 0.0017397 secs] [Times: user=0.01 sys=0.00, real=0.00 secs] 
2117.756: [GC (Allocation Failure) [PSYoungGen: 66064K->1616K(66560K)] 382170K->317730K(716288K), 0.0016684 secs] [Times: user=0.00 sys=0.00, real=0.00 secs] 
2118.100: [GC (Allocation Failure) [PSYoungGen: 66128K->1472K(66560K)] 382242K->317586K(716288K), 0.0023149 secs] [Times: user=0.01 sys=0.00, real=0.00 secs] 
2118.379: [GC (Allocation Failure) [PSYoungGen: 65984K->1376K(66560K)] 382098K->317490K(716288K), 0.0019176 secs] [Times: user=0.01 sys=0.00, real=0.01 secs] 
2118.647: [GC (Allocation Failure) [PSYoungGen: 65888K->1408K(66560K)] 382002K->317522K(716288K), 0.0018217 secs] [Times: user=0.00 sys=0.00, real=0.00 secs] 
2118.915: [GC (Allocation Failure) [PSYoungGen: 65920K->1344K(66560K)] 382034K->317458K(716288K), 0.0018050 secs] [Times: user=0.01 sys=0.01, real=0.00 secs] 
2119.229: [GC (Allocation Failure) [PSYoungGen: 65856K->1437K(66560K)] 381970K->317551K(716288K), 0.0014340 secs] [Times: user=0.01 sys=0.00, real=0.01 secs] 
2119.618: [GC (Allocation Failure) [PSYoungGen: 65939K->1520K(66560K)] 382053K->317634K(716288K), 0.0015787 secs] [Times: user=0.01 sys=0.00, real=0.00 secs] 
2120.004: [GC (Allocation Failure) [PSYoungGen: 66032K->1552K(66560K)] 382146K->317666K(716288K), 0.0016015 secs] [Times: user=0.00 sys=0.00, real=0.00 secs] 
2120.392: [GC (Allocation Failure) [PSYoungGen: 66064K->1552K(66560K)] 382178K->317674K(716288K), 0.0014811 secs] [Times: user=0.01 sys=0.00, real=0.00 secs] 
2120.928: [GC (Allocation Failure) [PSYoungGen: 66064K->1424K(66560K)] 382186K->317546K(716288K), 0.0022908 secs] [Times: user=0.01 sys=0.00, real=0.01 secs] 
2121.474: [GC (Allocation Failure) [PSYoungGen: 65936K->1376K(66560K)] 382058K->317498K(716288K), 0.0027520 secs] [Times: user=0.01 sys=0.00, real=0.00 secs] 
2122.029: [GC (Allocation Failure) [PSYoungGen: 65888K->1344K(66560K)] 382010K->317466K(716288K), 0.0018071 secs] [Times: user=0.01 sys=0.00, real=0.01 secs] 
2122.526: [GC (Allocation Failure) [PSYoungGen: 65856K->1344K(66560K)] 381978K->317466K(716288K), 0.0021398 secs] [Times: user=0.01 sys=0.00, real=0.00 secs] 
2123.031: [GC (Allocation Failure) [PSYoungGen: 65856K->1469K(66560K)] 381978K->317591K(716288K), 0.0019306 secs] [Times: user=0.01 sys=0.00, real=0.00 secs] 
2123.441: [GC (Allocation Failure) [PSYoungGen: 65981K->1584K(66560K)] 382103K->317706K(716288K), 0.0015731 secs] [Times: user=0.00 sys=0.00, real=0.00 secs] 
2123.828: [GC (Allocation Failure) [PSYoungGen: 66090K->1565K(66560K)] 382212K->317687K(716288K), 0.0016227 secs] [Times: user=0.00 sys=0.00, real=0.00 secs] 
2124.214: [GC (Allocation Failure) [PSYoungGen: 66077K->1552K(66560K)] 382199K->317690K(716288K), 0.0015484 secs] [Times: user=0.01 sys=0.00, real=0.00 secs] 
2124.840: [GC (Allocation Failure) [PSYoungGen: 66064K->1472K(66560K)] 382202K->317610K(716288K), 0.0019192 secs] [Times: user=0.00 sys=0.00, real=0.00 secs] 
2125.482: [GC (Allocation Failure) [PSYoungGen: 65984K->1312K(66560K)] 382122K->317450K(716288K), 0.0036477 secs] [Times: user=0.01 sys=0.00, real=0.00 secs] 
2126.273: [GC (Allocation Failure) [PSYoungGen: 65824K->1408K(66560K)] 381962K->317546K(716288K), 0.0031993 secs] [Times: user=0.02 sys=0.00, real=0.00 secs] 
2126.983: [GC (Allocation Failure) [PSYoungGen: 65920K->1392K(66560K)] 382058K->317530K(716288K), 0.0029161 secs] [Times: user=0.01 sys=0.00, real=0.00 secs] 
2127.477: [GC (Allocation Failure) [PSYoungGen: 65904K->1376K(66560K)] 382042K->317514K(716288K), 0.0028703 secs] [Times: user=0.01 sys=0.00, real=0.00 secs] 
2127.958: [GC (Allocation Failure) [PSYoungGen: 65888K->1520K(66560K)] 382026K->317658K(716288K), 0.0015982 secs] [Times: user=0.00 sys=0.00, real=0.00 secs] 
2128.347: [GC (Allocation Failure) [PSYoungGen: 66013K->1536K(66560K)] 382151K->317674K(716288K), 0.0016428 secs] [Times: user=0.00 sys=0.00, real=0.00 secs] 
2128.734: [GC (Allocation Failure) [PSYoungGen: 66048K->1549K(66560K)] 382186K->317719K(716288K), 0.0015336 secs] [Times: user=0.00 sys=0.00, real=0.00 secs] 
2129.182: [GC (Allocation Failure) [PSYoungGen: 66061K->2016K(66560K)] 382231K->318186K(716288K), 0.0019533 secs] [Times: user=0.01 sys=0.00, real=0.00 secs] 
2129.795: [GC (Allocation Failure) [PSYoungGen: 66528K->1344K(66560K)] 382698K->317514K(716288K), 0.0018568 secs] [Times: user=0.01 sys=0.00, real=0.00 secs] 
2130.509: [GC (Allocation Failure) [PSYoungGen: 65856K->1312K(66560K)] 382026K->317482K(716288K), 0.0030496 secs] [Times: user=0.01 sys=0.00, real=0.01 secs] 
2131.074: [GC (Allocation Failure) [PSYoungGen: 65824K->1376K(66560K)] 381994K->317546K(716288K), 0.0028608 secs] [Times: user=0.01 sys=0.01, real=0.00 secs] 
2131.582: [GC (Allocation Failure) [PSYoungGen: 65888K->1408K(66560K)] 382058K->317578K(716288K), 0.0023494 secs] [Times: user=0.01 sys=0.00, real=0.00 secs] 
2132.071: [GC (Allocation Failure) [PSYoungGen: 65920K->1472K(66560K)] 382090K->317642K(716288K), 0.0015225 secs] [Times: user=0.00 sys=0.00, real=0.00 secs] 
2132.459: [GC (Allocation Failure) [PSYoungGen: 65984K->1565K(66560K)] 382154K->317735K(716288K), 0.0017682 secs] [Times: user=0.00 sys=0.00, real=0.01 secs] 
2132.846: [GC (Allocation Failure) [PSYoungGen: 66077K->1549K(66560K)] 382247K->317727K(716288K), 0.0016097 secs] [Times: user=0.00 sys=0.00, real=0.00 secs] 
2133.235: [GC (Allocation Failure) [PSYoungGen: 66061K->1485K(66560K)] 382239K->317663K(716288K), 0.0016532 secs] [Times: user=0.00 sys=0.00, real=0.00 secs] 
2133.885: [GC (Allocation Failure) [PSYoungGen: 65997K->1408K(66560K)] 382175K->317586K(716288K), 0.0021509 secs] [Times: user=0.01 sys=0.00, real=0.00 secs] 
2134.278: [GC (Allocation Failure) [PSYoungGen: 65920K->1376K(66560K)] 382098K->317554K(716288K), 0.0020282 secs] [Times: user=0.00 sys=0.00, real=0.00 secs] 
2134.890: [GC (Allocation Failure) [PSYoungGen: 65888K->1392K(66560K)] 382066K->317570K(716288K), 0.0019260 secs] [Times: user=0.00 sys=0.00, real=0.01 secs] 
2135.554: [GC (Allocation Failure) [PSYoungGen: 65904K->1408K(66560K)] 382082K->317586K(716288K), 0.0021121 secs] [Times: user=0.01 sys=0.00, real=0.00 secs] 
2136.317: [GC (Allocation Failure) [PSYoungGen: 65920K->1536K(66560K)] 382098K->317714K(716288K), 0.0015979 secs] [Times: user=0.00 sys=0.00, real=0.00 secs] 
2136.765: [GC (Allocation Failure) [PSYoungGen: 66016K->1520K(66560K)] 382194K->317698K(716288K), 0.0017601 secs] [Times: user=0.00 sys=0.00, real=0.00 secs] 
2137.210: [GC (Allocation Failure) [PSYoungGen: 66032K->1520K(66560K)] 382210K->317714K(716288K), 0.0016338 secs] [Times: user=0.00 sys=0.00, real=0.01 secs] 
2137.675: [GC (Allocation Failure) [PSYoungGen: 66017K->1552K(66560K)] 382211K->317746K(716288K), 0.0016398 secs] [Times: user=0.01 sys=0.00, real=0.00 secs] 
2138.004: [GC (Allocation Failure) [PSYoungGen: 66064K->1376K(66560K)] 382258K->317570K(716288K), 0.0028314 secs] [Times: user=0.01 sys=0.00, real=0.00 secs] 
2138.271: [GC (Allocation Failure) [PSYoungGen: 65888K->1376K(66560K)] 382082K->317594K(716288K), 0.0021403 secs] [Times: user=0.01 sys=0.00, real=0.00 secs] 
2138.550: [GC (Allocation Failure) [PSYoungGen: 65888K->1376K(66560K)] 382106K->317594K(716288K), 0.0018541 secs] [Times: user=0.01 sys=0.00, real=0.00 secs] 
2138.828: [GC (Allocation Failure) [PSYoungGen: 65888K->1376K(66560K)] 382106K->317594K(716288K), 0.0020013 secs] [Times: user=0.00 sys=0.00, real=0.01 secs] 
2139.171: [GC (Allocation Failure) [PSYoungGen: 65888K->1504K(66560K)] 382106K->317722K(716288K), 0.0015325 secs] [Times: user=0.00 sys=0.00, real=0.00 secs] 
2139.558: [GC (Allocation Failure) [PSYoungGen: 66016K->1517K(66560K)] 382234K->317735K(716288K), 0.0015715 secs] [Times: user=0.01 sys=0.00, real=0.00 secs] 
2139.944: [GC (Allocation Failure) [PSYoungGen: 66029K->1552K(66560K)] 382247K->317770K(716288K), 0.0015833 secs] [Times: user=0.00 sys=0.00, real=0.00 secs] 
2140.330: [GC (Allocation Failure) [PSYoungGen: 66064K->1533K(66560K)] 382282K->317759K(716288K), 0.0016563 secs] [Times: user=0.01 sys=0.00, real=0.00 secs] 
2140.818: [GC (Allocation Failure) [PSYoungGen: 66045K->1440K(66560K)] 382271K->317666K(716288K), 0.0018556 secs] [Times: user=0.01 sys=0.00, real=0.00 secs] 
2141.386: [GC (Allocation Failure) [PSYoungGen: 65952K->1408K(66560K)] 382178K->317634K(716288K), 0.0020280 secs] [Times: user=0.01 sys=0.00, real=0.00 secs] 
2141.925: [GC (Allocation Failure) [PSYoungGen: 65920K->1344K(66560K)] 382146K->317570K(716288K), 0.0019418 secs] [Times: user=0.01 sys=0.00, real=0.00 secs] 
2142.479: [GC (Allocation Failure) [PSYoungGen: 65856K->1408K(66560K)] 382082K->317634K(716288K), 0.0022802 secs] [Times: user=0.00 sys=0.00, real=0.01 secs] 
2143.068: [GC (Allocation Failure) [PSYoungGen: 65893K->1469K(66560K)] 382119K->317695K(716288K), 0.0015572 secs] [Times: user=0.01 sys=0.00, real=0.00 secs] 
2143.456: [GC (Allocation Failure) [PSYoungGen: 65981K->1565K(66560K)] 382207K->317791K(716288K), 0.0017454 secs] [Times: user=0.01 sys=0.00, real=0.00 secs] 
2143.846: [GC (Allocation Failure) [PSYoungGen: 66077K->1533K(66560K)] 382303K->317759K(716288K), 0.0016848 secs] [Times: user=0.01 sys=0.00, real=0.00 secs] 
2144.233: [GC (Allocation Failure) [PSYoungGen: 66045K->1552K(66560K)] 382271K->317794K(716288K), 0.0015745 secs] [Times: user=0.00 sys=0.00, real=0.00 secs] 
2144.647: [GC (Allocation Failure) [PSYoungGen: 66064K->1456K(66560K)] 382306K->317698K(716288K), 0.0018407 secs] [Times: user=0.01 sys=0.00, real=0.00 secs] 
2144.999: [GC (Allocation Failure) [PSYoungGen: 65968K->1408K(66560K)] 382210K->317650K(716288K), 0.0019956 secs] [Times: user=0.00 sys=0.00, real=0.01 secs] 
2145.349: [GC (Allocation Failure) [PSYoungGen: 65920K->1376K(66560K)] 382162K->317618K(716288K), 0.0022925 secs] [Times: user=0.01 sys=0.00, real=0.01 secs] 
2145.667: [GC (Allocation Failure) [PSYoungGen: 65888K->1376K(66560K)] 382130K->317618K(716288K), 0.0054878 secs] [Times: user=0.03 sys=0.00, real=0.01 secs] 
2146.009: [GC (Allocation Failure) [PSYoungGen: 65888K->1456K(66560K)] 382130K->317698K(716288K), 0.0014995 secs] [Times: user=0.00 sys=0.00, real=0.00 secs] 
2146.396: [GC (Allocation Failure) [PSYoungGen: 65968K->1581K(66560K)] 382210K->317823K(716288K), 0.0016294 secs] [Times: user=0.01 sys=0.00, real=0.00 secs] 
2146.783: [GC (Allocation Failure) [PSYoungGen: 66083K->1520K(66560K)] 382325K->317762K(716288K), 0.0016123 secs] [Times: user=0.00 sys=0.00, real=0.00 secs] 
2147.169: [GC (Allocation Failure) [PSYoungGen: 66032K->1565K(66560K)] 382274K->317815K(716288K), 0.0015958 secs] [Times: user=0.00 sys=0.00, real=0.01 secs] 
2147.539: [GC (Allocation Failure) [PSYoungGen: 66077K->1456K(66560K)] 382327K->317722K(716288K), 0.0017683 secs] [Times: user=0.00 sys=0.00, real=0.01 secs] 
2147.808: [GC (Allocation Failure) [PSYoungGen: 65968K->1376K(66560K)] 382234K->317642K(716288K), 0.0017688 secs] [Times: user=0.01 sys=0.00, real=0.00 secs] 
2148.096: [GC (Allocation Failure) [PSYoungGen: 65888K->1344K(66560K)] 382154K->317610K(716288K), 0.0017408 secs] [Times: user=0.00 sys=0.00, real=0.00 secs] 
2148.409: [GC (Allocation Failure) [PSYoungGen: 65856K->1376K(66560K)] 382122K->317642K(716288K), 0.0018177 secs] [Times: user=0.01 sys=0.00, real=0.01 secs] 
2148.758: [GC (Allocation Failure) [PSYoungGen: 65888K->1360K(66560K)] 382154K->317626K(716288K), 0.0018259 secs] [Times: user=0.00 sys=0.00, real=0.00 secs] 
2149.150: [GC (Allocation Failure) [PSYoungGen: 65850K->1501K(66560K)] 382116K->317767K(716288K), 0.0015993 secs] [Times: user=0.00 sys=0.00, real=0.01 secs] 
2149.537: [GC (Allocation Failure) [PSYoungGen: 66013K->1552K(66560K)] 382279K->317818K(716288K), 0.0015890 secs] [Times: user=0.00 sys=0.01, real=0.00 secs] 
2149.923: [GC (Allocation Failure) [PSYoungGen: 66064K->1616K(66560K)] 382330K->317890K(716288K), 0.0016712 secs] [Times: user=0.01 sys=0.00, real=0.00 secs] 
2150.314: [GC (Allocation Failure) [PSYoungGen: 66128K->1408K(66560K)] 382402K->317682K(716288K), 0.0017474 secs] [Times: user=0.01 sys=0.00, real=0.00 secs] 
2150.746: [GC (Allocation Failure) [PSYoungGen: 65920K->1408K(66560K)] 382194K->317682K(716288K), 0.0017190 secs] [Times: user=0.01 sys=0.00, real=0.00 secs] 
2151.303: [GC (Allocation Failure) [PSYoungGen: 65920K->1344K(66560K)] 382194K->317618K(716288K), 0.0019046 secs] [Times: user=0.01 sys=0.00, real=0.00 secs] 
2151.909: [GC (Allocation Failure) [PSYoungGen: 65856K->1360K(66560K)] 382130K->317634K(716288K), 0.0019780 secs] [Times: user=0.01 sys=0.00, real=0.01 secs] 
2152.543: [GC (Allocation Failure) [PSYoungGen: 65872K->1408K(66560K)] 382146K->317682K(716288K), 0.0019889 secs] [Times: user=0.00 sys=0.00, real=0.00 secs] 
2152.996: [GC (Allocation Failure) [PSYoungGen: 65920K->1549K(66560K)] 382194K->317823K(716288K), 0.0015905 secs] [Times: user=0.00 sys=0.00, real=0.00 secs] 
2153.386: [GC (Allocation Failure) [PSYoungGen: 66061K->1517K(66560K)] 382335K->317791K(716288K), 0.0016066 secs] [Times: user=0.00 sys=0.00, real=0.00 secs] 
2153.776: [GC (Allocation Failure) [PSYoungGen: 66029K->1520K(66560K)] 382303K->317802K(716288K), 0.0016163 secs] [Times: user=0.01 sys=0.00, real=0.00 secs] 
2154.261: [GC (Allocation Failure) [PSYoungGen: 66032K->2016K(66560K)] 382314K->318298K(716288K), 0.0018834 secs] [Times: user=0.01 sys=0.00, real=0.00 secs] 
2154.792: [GC (Allocation Failure) [PSYoungGen: 66528K->1344K(66560K)] 382810K->317626K(716288K), 0.0025868 secs] [Times: user=0.01 sys=0.00, real=0.00 secs] 
2155.380: [GC (Allocation Failure) [PSYoungGen: 65856K->1312K(66560K)] 382138K->317594K(716288K), 0.0023318 secs] [Times: user=0.01 sys=0.00, real=0.00 secs] 
2155.899: [GC (Allocation Failure) [PSYoungGen: 65824K->1376K(66560K)] 382106K->317658K(716288K), 0.0022556 secs] [Times: user=0.01 sys=0.00, real=0.01 secs] 
2156.446: [GC (Allocation Failure) [PSYoungGen: 65888K->1344K(66560K)] 382170K->317626K(716288K), 0.0021669 secs] [Times: user=0.01 sys=0.00, real=0.00 secs] 
2156.990: [GC (Allocation Failure) [PSYoungGen: 65839K->1520K(66560K)] 382121K->317802K(716288K), 0.0016229 secs] [Times: user=0.01 sys=0.00, real=0.01 secs] 
2157.437: [GC (Allocation Failure) [PSYoungGen: 66032K->1517K(66560K)] 382314K->317799K(716288K), 0.0019123 secs] [Times: user=0.00 sys=0.00, real=0.00 secs] 
2157.821: [GC (Allocation Failure) [PSYoungGen: 65998K->1552K(66560K)] 382280K->317842K(716288K), 0.0016131 secs] [Times: user=0.00 sys=0.00, real=0.00 secs] 
2158.208: [GC (Allocation Failure) [PSYoungGen: 66064K->1552K(66560K)] 382354K->317842K(716288K), 0.0016503 secs] [Times: user=0.00 sys=0.00, real=0.00 secs] 
2158.586: [GC (Allocation Failure) [PSYoungGen: 66064K->1408K(66560K)] 382354K->317706K(716288K), 0.0019990 secs] [Times: user=0.01 sys=0.00, real=0.00 secs] 
2159.073: [GC (Allocation Failure) [PSYoungGen: 65920K->1344K(66560K)] 382218K->317642K(716288K), 0.0020681 secs] [Times: user=0.01 sys=0.00, real=0.00 secs] 
2159.799: [GC (Allocation Failure) [PSYoungGen: 65856K->1344K(66560K)] 382154K->317642K(716288K), 0.0030016 secs] [Times: user=0.01 sys=0.00, real=0.01 secs] 
2160.707: [GC (Allocation Failure) [PSYoungGen: 65856K->1376K(66560K)] 382154K->317674K(716288K), 0.0040590 secs] [Times: user=0.02 sys=0.00, real=0.01 secs] 
2161.471: [GC (Allocation Failure) [PSYoungGen: 65888K->1488K(66560K)] 382186K->317786K(716288K), 0.0015376 secs] [Times: user=0.00 sys=0.00, real=0.00 secs] 
2161.857: [GC (Allocation Failure) [PSYoungGen: 66000K->1565K(66560K)] 382298K->317863K(716288K), 0.0016574 secs] [Times: user=0.01 sys=0.00, real=0.00 secs] 
2162.244: [GC (Allocation Failure) [PSYoungGen: 66051K->1552K(66560K)] 382349K->317858K(716288K), 0.0015714 secs] [Times: user=0.01 sys=0.00, real=0.00 secs] 
2162.705: [GC (Allocation Failure) [PSYoungGen: 66064K->1517K(66560K)] 382370K->317823K(716288K), 0.0018079 secs] [Times: user=0.00 sys=0.00, real=0.00 secs] 
2163.035: [GC (Allocation Failure) [PSYoungGen: 66029K->1440K(66560K)] 382335K->317746K(716288K), 0.0023016 secs] [Times: user=0.01 sys=0.00, real=0.00 secs] 
2163.378: [GC (Allocation Failure) [PSYoungGen: 65952K->1408K(66560K)] 382258K->317714K(716288K), 0.0019923 secs] [Times: user=0.01 sys=0.00, real=0.00 secs] 
2163.834: [GC (Allocation Failure) [PSYoungGen: 65920K->1376K(66560K)] 382226K->317682K(716288K), 0.0019831 secs] [Times: user=0.01 sys=0.00, real=0.00 secs] 
2164.365: [GC (Allocation Failure) [PSYoungGen: 65888K->1408K(66560K)] 382194K->317714K(716288K), 0.0020361 secs] [Times: user=0.01 sys=0.00, real=0.00 secs] 
2164.905: [GC (Allocation Failure) [PSYoungGen: 65920K->1472K(66560K)] 382226K->317778K(716288K), 0.0015730 secs] [Times: user=0.00 sys=0.00, real=0.00 secs] 
2165.293: [GC (Allocation Failure) [PSYoungGen: 65984K->1520K(66560K)] 382290K->317826K(716288K), 0.0015678 secs] [Times: user=0.01 sys=0.00, real=0.00 secs] 
2165.679: [GC (Allocation Failure) [PSYoungGen: 66014K->1565K(66560K)] 382320K->317871K(716288K), 0.0016634 secs] [Times: user=0.01 sys=0.00, real=0.01 secs] 
2166.065: [GC (Allocation Failure) [PSYoungGen: 66077K->1565K(66560K)] 382383K->317895K(716288K), 0.0016553 secs] [Times: user=0.01 sys=0.00, real=0.00 secs] 
2166.733: [GC (Allocation Failure) [PSYoungGen: 66077K->1424K(66560K)] 382407K->317754K(716288K), 0.0021090 secs] [Times: user=0.01 sys=0.00, real=0.00 secs] 
2167.237: [GC (Allocation Failure) [PSYoungGen: 65936K->1344K(66560K)] 382266K->317674K(716288K), 0.0018749 secs] [Times: user=0.01 sys=0.00, real=0.00 secs] 
2167.559: [GC (Allocation Failure) [PSYoungGen: 65856K->1344K(66560K)] 382186K->317674K(716288K), 0.0019784 secs] [Times: user=0.01 sys=0.01, real=0.01 secs] 
2167.968: [GC (Allocation Failure) [PSYoungGen: 65856K->1408K(66560K)] 382186K->317754K(716288K), 0.0020122 secs] [Times: user=0.01 sys=0.00, real=0.01 secs] 
2168.588: [GC (Allocation Failure) [PSYoungGen: 65889K->1488K(66560K)] 382235K->317834K(716288K), 0.0015655 secs] [Times: user=0.01 sys=0.00, real=0.00 secs] 
2168.973: [GC (Allocation Failure) [PSYoungGen: 66000K->1533K(66560K)] 382346K->317887K(716288K), 0.0016971 secs] [Times: user=0.00 sys=0.00, real=0.00 secs] 
2169.360: [GC (Allocation Failure) [PSYoungGen: 66045K->1584K(66560K)] 382399K->317938K(716288K), 0.0017319 secs] [Times: user=0.01 sys=0.00, real=0.01 secs] 
2169.746: [GC (Allocation Failure) [PSYoungGen: 66096K->1552K(66560K)] 382450K->317914K(716288K), 0.0017003 secs] [Times: user=0.01 sys=0.00, real=0.00 secs] 
2170.946: [GC (Allocation Failure) [PSYoungGen: 66064K->1456K(66560K)] 382426K->317818K(716288K), 0.0022632 secs] [Times: user=0.01 sys=0.00, real=0.00 secs] 
2171.709: [GC (Allocation Failure) [PSYoungGen: 65968K->1408K(66560K)] 382330K->317770K(716288K), 0.0022241 secs] [Times: user=0.01 sys=0.00, real=0.01 secs] 
2172.392: [GC (Allocation Failure) [PSYoungGen: 65920K->1408K(66560K)] 382282K->317770K(716288K), 0.0021313 secs] [Times: user=0.00 sys=0.00, real=0.00 secs] 
2173.155: [GC (Allocation Failure) [PSYoungGen: 65920K->1376K(66560K)] 382282K->317746K(716288K), 0.0024877 secs] [Times: user=0.01 sys=0.00, real=0.00 secs] 
2173.896: [GC (Allocation Failure) [PSYoungGen: 65888K->1453K(66560K)] 382258K->317823K(716288K), 0.0017588 secs] [Times: user=0.01 sys=0.00, real=0.00 secs] 
2174.283: [GC (Allocation Failure) [PSYoungGen: 65965K->1533K(66560K)] 382335K->317903K(716288K), 0.0018134 secs] [Times: user=0.00 sys=0.00, real=0.00 secs] 
2174.668: [GC (Allocation Failure) [PSYoungGen: 66045K->1520K(66560K)] 382415K->317890K(716288K), 0.0016247 secs] [Times: user=0.01 sys=0.00, real=0.00 secs] 
2175.054: [GC (Allocation Failure) [PSYoungGen: 66032K->1584K(66560K)] 382402K->317962K(716288K), 0.0016417 secs] [Times: user=0.01 sys=0.00, real=0.00 secs] 
2175.892: [GC (Allocation Failure) [PSYoungGen: 66096K->1392K(66560K)] 382474K->317770K(716288K), 0.0031448 secs] [Times: user=0.01 sys=0.00, real=0.00 secs] 
2176.897: [GC (Allocation Failure) [PSYoungGen: 65904K->1344K(66560K)] 382282K->317722K(716288K), 0.0037140 secs] [Times: user=0.01 sys=0.00, real=0.01 secs] 
2177.560: [GC (Allocation Failure) [PSYoungGen: 65856K->1376K(66560K)] 382234K->317754K(716288K), 0.0031168 secs] [Times: user=0.01 sys=0.01, real=0.01 secs] 
2178.113: [GC (Allocation Failure) [PSYoungGen: 65888K->1376K(66560K)] 382266K->317754K(716288K), 0.0030394 secs] [Times: user=0.01 sys=0.00, real=0.00 secs] 
2178.641: [GC (Allocation Failure) [PSYoungGen: 65888K->1405K(66560K)] 382266K->317783K(716288K), 0.0020504 secs] [Times: user=0.01 sys=0.00, real=0.00 secs] 
2179.052: [GC (Allocation Failure) [PSYoungGen: 65917K->1520K(66560K)] 382295K->317898K(716288K), 0.0015990 secs] [Times: user=0.01 sys=0.00, real=0.00 secs] 
2179.439: [GC (Allocation Failure) [PSYoungGen: 66032K->1549K(66560K)] 382410K->317927K(716288K), 0.0016133 secs] [Times: user=0.00 sys=0.00, real=0.01 secs] 
2179.825: [GC (Allocation Failure) [PSYoungGen: 66061K->1520K(66560K)] 382439K->317914K(716288K), 0.0016716 secs] [Times: user=0.01 sys=0.00, real=0.00 secs] 
2180.238: [GC (Allocation Failure) [PSYoungGen: 66032K->1440K(66560K)] 382426K->317834K(716288K), 0.0015160 secs] [Times: user=0.01 sys=0.00, real=0.00 secs] 
2180.767: [GC (Allocation Failure) [PSYoungGen: 65952K->1376K(66560K)] 382346K->317770K(716288K), 0.0017749 secs] [Times: user=0.01 sys=0.00, real=0.00 secs] 
2181.312: [GC (Allocation Failure) [PSYoungGen: 65888K->1376K(66560K)] 382282K->317770K(716288K), 0.0030819 secs] [Times: user=0.01 sys=0.00, real=0.00 secs] 
2181.888: [GC (Allocation Failure) [PSYoungGen: 65888K->1376K(66560K)] 382282K->317770K(716288K), 0.0028147 secs] [Times: user=0.01 sys=0.00, real=0.01 secs] 
2182.497: [GC (Allocation Failure) [PSYoungGen: 65888K->1376K(66560K)] 382282K->317770K(716288K), 0.0031936 secs] [Times: user=0.01 sys=0.00, real=0.00 secs] 
2183.061: [GC (Allocation Failure) [PSYoungGen: 65888K->1520K(66560K)] 382282K->317914K(716288K), 0.0016728 secs] [Times: user=0.01 sys=0.00, real=0.00 secs] 
2183.447: [GC (Allocation Failure) [PSYoungGen: 66008K->1504K(66560K)] 382402K->317898K(716288K), 0.0015927 secs] [Times: user=0.01 sys=0.00, real=0.00 secs] 
2183.895: [GC (Allocation Failure) [PSYoungGen: 66016K->1520K(66560K)] 382410K->317922K(716288K), 0.0015941 secs] [Times: user=0.01 sys=0.00, real=0.00 secs] 
2184.358: [GC (Allocation Failure) [PSYoungGen: 66032K->1504K(66560K)] 382434K->317906K(716288K), 0.0019816 secs] [Times: user=0.00 sys=0.00, real=0.00 secs] 
2184.716: [GC (Allocation Failure) [PSYoungGen: 66016K->1408K(66560K)] 382418K->317810K(716288K), 0.0029279 secs] [Times: user=0.01 sys=0.00, real=0.00 secs] 
2185.431: [GC (Allocation Failure) [PSYoungGen: 65920K->1376K(66560K)] 382322K->317778K(716288K), 0.0029996 secs] [Times: user=0.01 sys=0.00, real=0.00 secs] 
2186.282: [GC (Allocation Failure) [PSYoungGen: 65888K->1376K(66560K)] 382290K->317778K(716288K), 0.0026319 secs] [Times: user=0.02 sys=0.00, real=0.00 secs] 
2187.012: [GC (Allocation Failure) [PSYoungGen: 65888K->1376K(66560K)] 382290K->317778K(716288K), 0.0021971 secs] [Times: user=0.01 sys=0.00, real=0.00 secs] 
2187.460: [GC (Allocation Failure) [PSYoungGen: 65888K->1536K(66560K)] 382290K->317938K(716288K), 0.0017268 secs] [Times: user=0.00 sys=0.00, real=0.00 secs] 
2187.844: [GC (Allocation Failure) [PSYoungGen: 66048K->1533K(66560K)] 382450K->317935K(716288K), 0.0016615 secs] [Times: user=0.00 sys=0.00, real=0.00 secs] 
2188.230: [GC (Allocation Failure) [PSYoungGen: 66045K->1552K(66560K)] 382447K->317962K(716288K), 0.0017545 secs] [Times: user=0.01 sys=0.00, real=0.00 secs] 
2188.616: [GC (Allocation Failure) [PSYoungGen: 66064K->1568K(66560K)] 382474K->317978K(716288K), 0.0017116 secs] [Times: user=0.00 sys=0.00, real=0.00 secs] 
2188.924: [GC (Allocation Failure) [PSYoungGen: 66080K->1344K(66560K)] 382490K->317770K(716288K), 0.0015593 secs] [Times: user=0.01 sys=0.00, real=0.00 secs] 
2189.206: [GC (Allocation Failure) [PSYoungGen: 65856K->1376K(66560K)] 382282K->317802K(716288K), 0.0016262 secs] [Times: user=0.00 sys=0.00, real=0.00 secs] 
2189.573: [GC (Allocation Failure) [PSYoungGen: 65888K->1344K(66560K)] 382314K->317770K(716288K), 0.0014909 secs] [Times: user=0.01 sys=0.00, real=0.00 secs] 
2190.105: [GC (Allocation Failure) [PSYoungGen: 65856K->1376K(66560K)] 382282K->317802K(716288K), 0.0022991 secs] [Times: user=0.01 sys=0.00, real=0.00 secs] 
2190.702: [GC (Allocation Failure) [PSYoungGen: 65888K->1520K(66560K)] 382314K->317954K(716288K), 0.0015966 secs] [Times: user=0.01 sys=0.00, real=0.00 secs] 
2191.092: [GC (Allocation Failure) [PSYoungGen: 66032K->1520K(66560K)] 382466K->317954K(716288K), 0.0016300 secs] [Times: user=0.01 sys=0.00, real=0.00 secs] 
2191.476: [GC (Allocation Failure) [PSYoungGen: 66032K->1552K(66560K)] 382466K->317994K(716288K), 0.0016203 secs] [Times: user=0.00 sys=0.00, real=0.00 secs] 
2191.861: [GC (Allocation Failure) [PSYoungGen: 66062K->1533K(66560K)] 382504K->317975K(716288K), 0.0017539 secs] [Times: user=0.01 sys=0.00, real=0.00 secs] 
2192.948: [GC (Allocation Failure) [PSYoungGen: 66045K->1408K(66560K)] 382487K->317850K(716288K), 0.0027796 secs] [Times: user=0.01 sys=0.00, real=0.01 secs] 
2193.478: [GC (Allocation Failure) [PSYoungGen: 65920K->1392K(66560K)] 382362K->317834K(716288K), 0.0021794 secs] [Times: user=0.01 sys=0.00, real=0.01 secs] 
2194.041: [GC (Allocation Failure) [PSYoungGen: 65904K->1360K(66560K)] 382346K->317802K(716288K), 0.0022716 secs] [Times: user=0.01 sys=0.00, real=0.00 secs] 
2194.500: [GC (Allocation Failure) [PSYoungGen: 65872K->1408K(66560K)] 382314K->317850K(716288K), 0.0020057 secs] [Times: user=0.01 sys=0.00, real=0.01 secs] 
2194.954: [GC (Allocation Failure) [PSYoungGen: 65920K->1501K(66560K)] 382362K->317943K(716288K), 0.0015284 secs] [Times: user=0.01 sys=0.00, real=0.00 secs] 
2195.340: [GC (Allocation Failure) [PSYoungGen: 66013K->1533K(66560K)] 382455K->317975K(716288K), 0.0015879 secs] [Times: user=0.01 sys=0.00, real=0.01 secs] 
2195.727: [GC (Allocation Failure) [PSYoungGen: 66045K->1565K(66560K)] 382487K->318023K(716288K), 0.0016323 secs] [Times: user=0.00 sys=0.00, real=0.00 secs] 
2196.112: [GC (Allocation Failure) [PSYoungGen: 66077K->1584K(66560K)] 382535K->318042K(716288K), 0.0016472 secs] [Times: user=0.01 sys=0.00, real=0.00 secs] 
2196.448: [GC (Allocation Failure) [PSYoungGen: 66096K->1392K(66560K)] 382554K->317850K(716288K), 0.0019248 secs] [Times: user=0.01 sys=0.00, real=0.00 secs] 
2196.716: [GC (Allocation Failure) [PSYoungGen: 65904K->1344K(66560K)] 382362K->317802K(716288K), 0.0017783 secs] [Times: user=0.00 sys=0.00, real=0.00 secs] 
2196.986: [GC (Allocation Failure) [PSYoungGen: 65856K->1424K(66560K)] 382314K->317882K(716288K), 0.0019273 secs] [Times: user=0.00 sys=0.00, real=0.00 secs] 
2197.351: [GC (Allocation Failure) [PSYoungGen: 65936K->1408K(66560K)] 382394K->317882K(716288K), 0.0025126 secs] [Times: user=0.01 sys=0.00, real=0.00 secs] 
2197.867: [GC (Allocation Failure) [PSYoungGen: 65920K->1440K(66560K)] 382394K->317938K(716288K), 0.0015131 secs] [Times: user=0.01 sys=0.00, real=0.00 secs] 
2198.318: [GC (Allocation Failure) [PSYoungGen: 65952K->1616K(66560K)] 382450K->318114K(716288K), 0.0017255 secs] [Times: user=0.01 sys=0.00, real=0.00 secs] 
2198.707: [GC (Allocation Failure) [PSYoungGen: 66128K->1520K(66560K)] 382626K->318018K(716288K), 0.0015660 secs] [Times: user=0.00 sys=0.00, real=0.00 secs] 
2199.095: [GC (Allocation Failure) [PSYoungGen: 66030K->1501K(66560K)] 382528K->318015K(716288K), 0.0015816 secs] [Times: user=0.00 sys=0.00, real=0.00 secs] 
2199.441: [GC (Allocation Failure) [PSYoungGen: 66013K->1456K(66560K)] 382527K->317970K(716288K), 0.0028246 secs] [Times: user=0.01 sys=0.00, real=0.00 secs] 
2199.711: [GC (Allocation Failure) [PSYoungGen: 65968K->1344K(66560K)] 382482K->317858K(716288K), 0.0019308 secs] [Times: user=0.01 sys=0.00, real=0.00 secs] 
2199.979: [GC (Allocation Failure) [PSYoungGen: 65856K->1344K(66560K)] 382370K->317858K(716288K), 0.0017948 secs] [Times: user=0.00 sys=0.00, real=0.01 secs] 
2200.359: [GC (Allocation Failure) [PSYoungGen: 65856K->1344K(66560K)] 382370K->317858K(716288K), 0.0024038 secs] [Times: user=0.01 sys=0.00, real=0.01 secs] 
2200.902: [GC (Allocation Failure) [PSYoungGen: 65837K->1453K(66560K)] 382351K->317967K(716288K), 0.0018633 secs] [Times: user=0.01 sys=0.00, real=0.00 secs] 
2201.372: [GC (Allocation Failure) [PSYoungGen: 65965K->1552K(66560K)] 382479K->318066K(716288K), 0.0016271 secs] [Times: user=0.00 sys=0.00, real=0.00 secs] 
2201.759: [GC (Allocation Failure) [PSYoungGen: 66064K->1536K(66560K)] 382578K->318050K(716288K), 0.0015988 secs] [Times: user=0.01 sys=0.00, real=0.01 secs] 
2202.145: [GC (Allocation Failure) [PSYoungGen: 66048K->1520K(66560K)] 382562K->318042K(716288K), 0.0018874 secs] [Times: user=0.01 sys=0.00, real=0.00 secs] 
2202.535: [GC (Allocation Failure) [PSYoungGen: 66032K->1424K(66560K)] 382554K->317946K(716288K), 0.0020889 secs] [Times: user=0.01 sys=0.00, real=0.00 secs] 
2202.804: [GC (Allocation Failure) [PSYoungGen: 65936K->1408K(66560K)] 382458K->317930K(716288K), 0.0019475 secs] [Times: user=0.00 sys=0.00, real=0.00 secs] 
2203.071: [GC (Allocation Failure) [PSYoungGen: 65920K->1408K(66560K)] 382442K->317930K(716288K), 0.0018990 secs] [Times: user=0.00 sys=0.00, real=0.00 secs] 
2203.347: [GC (Allocation Failure) [PSYoungGen: 65920K->1376K(66560K)] 382442K->317898K(716288K), 0.0046223 secs] [Times: user=0.02 sys=0.00, real=0.01 secs] 
2203.654: [GC (Allocation Failure) [PSYoungGen: 65869K->1437K(66560K)] 382391K->317959K(716288K), 0.0014934 secs] [Times: user=0.01 sys=0.00, real=0.00 secs] 
2204.039: [GC (Allocation Failure) [PSYoungGen: 65949K->1597K(66560K)] 382471K->318119K(716288K), 0.0016908 secs] [Times: user=0.01 sys=0.00, real=0.01 secs] 
2204.425: [GC (Allocation Failure) [PSYoungGen: 66109K->1565K(66560K)] 382631K->318087K(716288K), 0.0015874 secs] [Times: user=0.01 sys=0.00, real=0.00 secs] 
2204.873: [GC (Allocation Failure) [PSYoungGen: 66077K->1552K(66560K)] 382599K->318082K(716288K), 0.0016116 secs] [Times: user=0.00 sys=0.00, real=0.00 secs] 
2205.311: [GC (Allocation Failure) [PSYoungGen: 66064K->1456K(66560K)] 382594K->317986K(716288K), 0.0024268 secs] [Times: user=0.01 sys=0.00, real=0.00 secs] 
2205.794: [GC (Allocation Failure) [PSYoungGen: 65968K->1344K(66560K)] 382498K->317874K(716288K), 0.0023352 secs] [Times: user=0.00 sys=0.00, real=0.00 secs] 
2206.164: [GC (Allocation Failure) [PSYoungGen: 65856K->1344K(66560K)] 382386K->317874K(716288K), 0.0020473 secs] [Times: user=0.01 sys=0.00, real=0.00 secs] 
2206.537: [GC (Allocation Failure) [PSYoungGen: 65856K->1392K(66560K)] 382386K->317938K(716288K), 0.0020347 secs] [Times: user=0.01 sys=0.00, real=0.00 secs] 
2206.804: [GC (Allocation Failure) [PSYoungGen: 65904K->1376K(66560K)] 382450K->317922K(716288K), 0.0018406 secs] [Times: user=0.01 sys=0.00, real=0.00 secs] 
2207.300: [GC (Allocation Failure) [PSYoungGen: 65859K->1616K(66560K)] 382405K->318162K(716288K), 0.0016902 secs] [Times: user=0.01 sys=0.00, real=0.00 secs] 
2207.686: [GC (Allocation Failure) [PSYoungGen: 66128K->1552K(66560K)] 382674K->318098K(716288K), 0.0016501 secs] [Times: user=0.01 sys=0.00, real=0.00 secs] 
2208.074: [GC (Allocation Failure) [PSYoungGen: 66064K->1616K(66560K)] 382610K->318170K(716288K), 0.0016481 secs] [Times: user=0.00 sys=0.00, real=0.00 secs] 
2208.546: [GC (Allocation Failure) [PSYoungGen: 66128K->1440K(66560K)] 382682K->317994K(716288K), 0.0020264 secs] [Times: user=0.01 sys=0.00, real=0.00 secs] 
2208.917: [GC (Allocation Failure) [PSYoungGen: 65952K->1344K(66560K)] 382506K->317898K(716288K), 0.0018857 secs] [Times: user=0.01 sys=0.00, real=0.00 secs] 
2209.212: [GC (Allocation Failure) [PSYoungGen: 65856K->1344K(66560K)] 382410K->317898K(716288K), 0.0017879 secs] [Times: user=0.01 sys=0.00, real=0.00 secs] 
2209.507: [GC (Allocation Failure) [PSYoungGen: 65856K->1344K(66560K)] 382410K->317898K(716288K), 0.0024395 secs] [Times: user=0.01 sys=0.00, real=0.00 secs] 
2209.812: [GC (Allocation Failure) [PSYoungGen: 65856K->1344K(66560K)] 382410K->317898K(716288K), 0.0018967 secs] [Times: user=0.01 sys=0.00, real=0.00 secs] 
2210.258: [GC (Allocation Failure) [PSYoungGen: 65856K->1565K(66560K)] 382410K->318119K(716288K), 0.0015445 secs] [Times: user=0.00 sys=0.00, real=0.00 secs] 
2210.648: [GC (Allocation Failure) [PSYoungGen: 66077K->1520K(66560K)] 382631K->318074K(716288K), 0.0018410 secs] [Times: user=0.00 sys=0.00, real=0.00 secs] 
2211.035: [GC (Allocation Failure) [PSYoungGen: 66032K->1520K(66560K)] 382586K->318082K(716288K), 0.0016346 secs] [Times: user=0.01 sys=0.00, real=0.00 secs] 
2211.472: [GC (Allocation Failure) [PSYoungGen: 66032K->1728K(66560K)] 382594K->318290K(716288K), 0.0018899 secs] [Times: user=0.01 sys=0.00, real=0.00 secs] 
2211.788: [GC (Allocation Failure) [PSYoungGen: 66240K->1344K(66560K)] 382802K->317906K(716288K), 0.0018815 secs] [Times: user=0.00 sys=0.00, real=0.01 secs] 
2212.121: [GC (Allocation Failure) [PSYoungGen: 65856K->1312K(66560K)] 382418K->317874K(716288K), 0.0019737 secs] [Times: user=0.01 sys=0.00, real=0.00 secs] 
2212.442: [GC (Allocation Failure) [PSYoungGen: 65824K->1376K(66560K)] 382386K->317938K(716288K), 0.0032559 secs] [Times: user=0.01 sys=0.00, real=0.00 secs] 
2212.720: [GC (Allocation Failure) [PSYoungGen: 65888K->1376K(66560K)] 382450K->317938K(716288K), 0.0021755 secs] [Times: user=0.01 sys=0.00, real=0.00 secs] 
2213.165: [GC (Allocation Failure) [PSYoungGen: 65888K->1504K(66560K)] 382450K->318066K(716288K), 0.0016058 secs] [Times: user=0.01 sys=0.00, real=0.00 secs] 
2213.556: [GC (Allocation Failure) [PSYoungGen: 66016K->1520K(66560K)] 382578K->318082K(716288K), 0.0016409 secs] [Times: user=0.01 sys=0.00, real=0.00 secs] 
2213.953: [GC (Allocation Failure) [PSYoungGen: 66032K->1565K(66560K)] 382594K->318135K(716288K), 0.0016555 secs] [Times: user=0.01 sys=0.00, real=0.00 secs] 
2214.342: [GC (Allocation Failure) [PSYoungGen: 66077K->1520K(66560K)] 382647K->318090K(716288K), 0.0015886 secs] [Times: user=0.01 sys=0.00, real=0.00 secs] 
2216.224: [GC (Allocation Failure) [PSYoungGen: 66032K->1408K(66560K)] 382602K->317978K(716288K), 0.0026219 secs] [Times: user=0.02 sys=0.00, real=0.00 secs] 
2216.509: [GC (Allocation Failure) [PSYoungGen: 65920K->1376K(66560K)] 382490K->317946K(716288K), 0.0027034 secs] [Times: user=0.01 sys=0.00, real=0.01 secs] 
2216.778: [GC (Allocation Failure) [PSYoungGen: 65888K->1344K(66560K)] 382458K->317914K(716288K), 0.0020238 secs] [Times: user=0.01 sys=0.00, real=0.00 secs] 
2217.060: [GC (Allocation Failure) [PSYoungGen: 65856K->1344K(66560K)] 382426K->317914K(716288K), 0.0020006 secs] [Times: user=0.01 sys=0.00, real=0.01 secs] 
2217.424: [GC (Allocation Failure) [PSYoungGen: 65856K->1453K(66560K)] 382426K->318023K(716288K), 0.0015510 secs] [Times: user=0.00 sys=0.00, real=0.00 secs] 
2217.810: [GC (Allocation Failure) [PSYoungGen: 65965K->1533K(66560K)] 382535K->318119K(716288K), 0.0016092 secs] [Times: user=0.00 sys=0.00, real=0.00 secs] 
2218.199: [GC (Allocation Failure) [PSYoungGen: 66045K->1565K(66560K)] 382631K->318159K(716288K), 0.0015681 secs] [Times: user=0.01 sys=0.00, real=0.01 secs] 
2218.585: [GC (Allocation Failure) [PSYoungGen: 66077K->1533K(66560K)] 382671K->318127K(716288K), 0.0016588 secs] [Times: user=0.01 sys=0.00, real=0.00 secs] 
2219.228: [GC (Allocation Failure) [PSYoungGen: 66045K->1440K(66560K)] 382639K->318034K(716288K), 0.0018823 secs] [Times: user=0.01 sys=0.00, real=0.01 secs] 
2219.651: [GC (Allocation Failure) [PSYoungGen: 65952K->1360K(66560K)] 382546K->317954K(716288K), 0.0030568 secs] [Times: user=0.01 sys=0.00, real=0.00 secs] 
2219.925: [GC (Allocation Failure) [PSYoungGen: 65872K->1344K(66560K)] 382466K->317938K(716288K), 0.0022562 secs] [Times: user=0.00 sys=0.00, real=0.00 secs] 
2220.205: [GC (Allocation Failure) [PSYoungGen: 65856K->1408K(66560K)] 382450K->318002K(716288K), 0.0017319 secs] [Times: user=0.00 sys=0.00, real=0.00 secs] 
2220.598: [GC (Allocation Failure) [PSYoungGen: 65890K->1504K(66560K)] 382484K->318098K(716288K), 0.0014509 secs] [Times: user=0.00 sys=0.00, real=0.00 secs] 
2220.982: [GC (Allocation Failure) [PSYoungGen: 66016K->1520K(66560K)] 382610K->318114K(716288K), 0.0016237 secs] [Times: user=0.01 sys=0.00, real=0.00 secs] 
2221.370: [GC (Allocation Failure) [PSYoungGen: 66032K->1584K(66560K)] 382626K->318178K(716288K), 0.0016939 secs] [Times: user=0.01 sys=0.00, real=0.00 secs] 
2221.755: [GC (Allocation Failure) [PSYoungGen: 66080K->1565K(66560K)] 382674K->318167K(716288K), 0.0016090 secs] [Times: user=0.01 sys=0.00, real=0.00 secs] 
2222.850: [GC (Allocation Failure) [PSYoungGen: 66077K->1440K(66560K)] 382679K->318042K(716288K), 0.0045539 secs] [Times: user=0.02 sys=0.00, real=0.01 secs] 
2223.657: [GC (Allocation Failure) [PSYoungGen: 65952K->1376K(66560K)] 382554K->317978K(716288K), 0.0030606 secs] [Times: user=0.01 sys=0.00, real=0.01 secs] 
2224.172: [GC (Allocation Failure) [PSYoungGen: 65888K->1376K(66560K)] 382490K->317978K(716288K), 0.0024357 secs] [Times: user=0.01 sys=0.00, real=0.00 secs] 
2224.449: [GC (Allocation Failure) [PSYoungGen: 65888K->1344K(66560K)] 382490K->317946K(716288K), 0.0020008 secs] [Times: user=0.00 sys=0.00, real=0.01 secs] 
2224.813: [GC (Allocation Failure) [PSYoungGen: 65856K->1424K(66560K)] 382458K->318026K(716288K), 0.0015405 secs] [Times: user=0.00 sys=0.00, real=0.00 secs] 
2225.200: [GC (Allocation Failure) [PSYoungGen: 65936K->1581K(66560K)] 382538K->318183K(716288K), 0.0015280 secs] [Times: user=0.01 sys=0.00, real=0.00 secs] 
2225.586: [GC (Allocation Failure) [PSYoungGen: 66093K->1552K(66560K)] 382695K->318154K(716288K), 0.0015653 secs] [Times: user=0.01 sys=0.00, real=0.00 secs] 
2225.971: [GC (Allocation Failure) [PSYoungGen: 66064K->1552K(66560K)] 382666K->318162K(716288K), 0.0016203 secs] [Times: user=0.01 sys=0.00, real=0.00 secs] 
2226.833: [GC (Allocation Failure) [PSYoungGen: 66064K->1424K(66560K)] 382674K->318034K(716288K), 0.0029687 secs] [Times: user=0.01 sys=0.00, real=0.00 secs] 
2227.430: [GC (Allocation Failure) [PSYoungGen: 65936K->1408K(66560K)] 382546K->318018K(716288K), 0.0025418 secs] [Times: user=0.01 sys=0.00, real=0.00 secs] 
2227.944: [GC (Allocation Failure) [PSYoungGen: 65920K->1376K(66560K)] 382530K->317986K(716288K), 0.0024910 secs] [Times: user=0.01 sys=0.00, real=0.00 secs] 
2228.297: [GC (Allocation Failure) [PSYoungGen: 65888K->1408K(66560K)] 382498K->318018K(716288K), 0.0020146 secs] [Times: user=0.01 sys=0.00, real=0.00 secs] 
2228.843: [GC (Allocation Failure) [PSYoungGen: 65920K->1456K(66560K)] 382530K->318090K(716288K), 0.0015404 secs] [Times: user=0.01 sys=0.00, real=0.00 secs] 
2229.235: [GC (Allocation Failure) [PSYoungGen: 65962K->1533K(66560K)] 382596K->318167K(716288K), 0.0016792 secs] [Times: user=0.00 sys=0.00, real=0.00 secs] 
2229.620: [GC (Allocation Failure) [PSYoungGen: 66045K->1616K(66560K)] 382679K->318250K(716288K), 0.0017626 secs] [Times: user=0.01 sys=0.00, real=0.01 secs] 
2230.007: [GC (Allocation Failure) [PSYoungGen: 66128K->1533K(66560K)] 382762K->318175K(716288K), 0.0014867 secs] [Times: user=0.01 sys=0.00, real=0.00 secs] 
2230.450: [GC (Allocation Failure) [PSYoungGen: 66045K->1456K(66560K)] 382687K->318098K(716288K), 0.0017841 secs] [Times: user=0.01 sys=0.00, real=0.01 secs] 
2230.995: [GC (Allocation Failure) [PSYoungGen: 65968K->1344K(66560K)] 382610K->317986K(716288K), 0.0018194 secs] [Times: user=0.01 sys=0.00, real=0.00 secs] 
2231.563: [GC (Allocation Failure) [PSYoungGen: 65856K->1408K(66560K)] 382498K->318050K(716288K), 0.0019327 secs] [Times: user=0.01 sys=0.00, real=0.00 secs] 
2232.172: [GC (Allocation Failure) [PSYoungGen: 65920K->1376K(66560K)] 382562K->318018K(716288K), 0.0021572 secs] [Times: user=0.00 sys=0.00, real=0.00 secs] 
2232.691: [GC (Allocation Failure) [PSYoungGen: 65749K->256K(66560K)] 382391K->316898K(716288K), 0.0018884 secs] [Times: user=0.01 sys=0.00, real=0.00 secs] 
2233.099: [GC (Allocation Failure) [PSYoungGen: 64768K->1520K(66560K)] 381410K->318162K(716288K), 0.0016229 secs] [Times: user=0.01 sys=0.00, real=0.01 secs] 
2233.484: [GC (Allocation Failure) [PSYoungGen: 66032K->1565K(66560K)] 382674K->318207K(716288K), 0.0016418 secs] [Times: user=0.01 sys=0.00, real=0.00 secs] 
2233.872: [GC (Allocation Failure) [PSYoungGen: 66077K->1565K(66560K)] 382719K->318215K(716288K), 0.0018387 secs] [Times: user=0.01 sys=0.01, real=0.00 secs] 
2234.284: [GC (Allocation Failure) [PSYoungGen: 66077K->1504K(66560K)] 382727K->318154K(716288K), 0.0018849 secs] [Times: user=0.01 sys=0.00, real=0.00 secs] 
2234.829: [GC (Allocation Failure) [PSYoungGen: 66016K->1408K(66560K)] 382666K->318058K(716288K), 0.0022501 secs] [Times: user=0.01 sys=0.00, real=0.01 secs] 
2235.356: [GC (Allocation Failure) [PSYoungGen: 65920K->1344K(66560K)] 382570K->317994K(716288K), 0.0021104 secs] [Times: user=0.01 sys=0.00, real=0.00 secs] 
2235.934: [GC (Allocation Failure) [PSYoungGen: 65856K->1408K(66560K)] 382506K->318058K(716288K), 0.0025181 secs] [Times: user=0.01 sys=0.00, real=0.00 secs] 
2236.507: [GC (Allocation Failure) [PSYoungGen: 65920K->1344K(66560K)] 382570K->317994K(716288K), 0.0023346 secs] [Times: user=0.01 sys=0.00, real=0.00 secs] 
2236.977: [GC (GCLocker Initiated GC) [PSYoungGen: 65856K->1520K(66560K)] 382506K->318170K(716288K), 0.0014903 secs] [Times: user=0.01 sys=0.00, real=0.00 secs] 
2237.431: [GC (Allocation Failure) [PSYoungGen: 66032K->1456K(66560K)] 383643K->319067K(716288K), 0.0015639 secs] [Times: user=0.00 sys=0.00, real=0.00 secs] 
2237.818: [GC (Allocation Failure) [PSYoungGen: 65968K->1616K(66560K)] 383579K->319235K(716288K), 0.0016376 secs] [Times: user=0.01 sys=0.00, real=0.00 secs] 
2238.236: [GC (Allocation Failure) [PSYoungGen: 66128K->1888K(66560K)] 383747K->319531K(716288K), 0.0019405 secs] [Times: user=0.01 sys=0.00, real=0.00 secs] 
2238.514: [GC (Allocation Failure) [PSYoungGen: 66400K->1504K(66560K)] 384043K->319147K(716288K), 0.0018886 secs] [Times: user=0.00 sys=0.00, real=0.00 secs] 
2238.789: [GC (Allocation Failure) [PSYoungGen: 66016K->1472K(66560K)] 383659K->319115K(716288K), 0.0018488 secs] [Times: user=0.00 sys=0.00, real=0.01 secs] 
2239.064: [GC (Allocation Failure) [PSYoungGen: 65984K->1488K(66560K)] 383627K->319131K(716288K), 0.0018646 secs] [Times: user=0.00 sys=0.00, real=0.00 secs] 
2239.336: [GC (Allocation Failure) [PSYoungGen: 66000K->1488K(66560K)] 383643K->319131K(716288K), 0.0019179 secs] [Times: user=0.01 sys=0.00, real=0.00 secs] 
2239.715: [GC (Allocation Failure) [PSYoungGen: 66000K->1600K(66560K)] 383643K->319243K(716288K), 0.0015089 secs] [Times: user=0.01 sys=0.00, real=0.00 secs] 
2240.101: [GC (Allocation Failure) [PSYoungGen: 66112K->1645K(66560K)] 383755K->319288K(716288K), 0.0017209 secs] [Times: user=0.01 sys=0.00, real=0.00 secs] 
2240.485: [GC (Allocation Failure) [PSYoungGen: 66157K->1648K(66560K)] 383800K->319299K(716288K), 0.0017766 secs] [Times: user=0.00 sys=0.00, real=0.00 secs] 
2240.872: [GC (Allocation Failure) [PSYoungGen: 66160K->1645K(66560K)] 383811K->319296K(716288K), 0.0017911 secs] [Times: user=0.00 sys=0.00, real=0.00 secs] 
2241.531: [GC (Allocation Failure) [PSYoungGen: 66157K->1504K(66560K)] 383808K->319155K(716288K), 0.0021478 secs] [Times: user=0.01 sys=0.01, real=0.00 secs] 
2242.085: [GC (Allocation Failure) [PSYoungGen: 66016K->1472K(66560K)] 383667K->319123K(716288K), 0.0030719 secs] [Times: user=0.01 sys=0.00, real=0.00 secs] 
2242.702: [GC (Allocation Failure) [PSYoungGen: 65984K->1520K(66560K)] 383635K->319171K(716288K), 0.0024354 secs] [Times: user=0.01 sys=0.00, real=0.00 secs] 
2243.241: [GC (Allocation Failure) [PSYoungGen: 66032K->1472K(66560K)] 383683K->319163K(716288K), 0.0024074 secs] [Times: user=0.01 sys=0.00, real=0.00 secs] 
2243.697: [GC (Allocation Failure) [PSYoungGen: 65984K->1565K(66560K)] 383675K->319272K(716288K), 0.0016983 secs] [Times: user=0.01 sys=0.00, real=0.00 secs] 
2244.086: [GC (Allocation Failure) [PSYoungGen: 66075K->1517K(66560K)] 383782K->319296K(716288K), 0.0015768 secs] [Times: user=0.01 sys=0.00, real=0.00 secs] 
2244.481: [GC (Allocation Failure) [PSYoungGen: 66029K->1520K(66560K)] 383808K->319315K(716288K), 0.0017434 secs] [Times: user=0.00 sys=0.00, real=0.00 secs] 
2244.923: [GC (Allocation Failure) [PSYoungGen: 66032K->1533K(66560K)] 383827K->319328K(716288K), 0.0016603 secs] [Times: user=0.01 sys=0.00, real=0.00 secs] 
2245.252: [GC (Allocation Failure) [PSYoungGen: 66045K->1440K(66560K)] 383840K->319235K(716288K), 0.0018995 secs] [Times: user=0.01 sys=0.00, real=0.00 secs] 
2245.544: [GC (Allocation Failure) [PSYoungGen: 65952K->1376K(66560K)] 383747K->319171K(716288K), 0.0019416 secs] [Times: user=0.01 sys=0.00, real=0.00 secs] 
2245.926: [GC (Allocation Failure) [PSYoungGen: 65888K->1408K(66560K)] 383683K->319203K(716288K), 0.0020056 secs] [Times: user=0.01 sys=0.00, real=0.00 secs] 
2246.339: [GC (Allocation Failure) [PSYoungGen: 65920K->1344K(66560K)] 383715K->319139K(716288K), 0.0017863 secs] [Times: user=0.00 sys=0.00, real=0.01 secs] 
2246.895: [GC (Allocation Failure) [PSYoungGen: 65856K->1536K(66560K)] 383651K->319331K(716288K), 0.0015551 secs] [Times: user=0.01 sys=0.00, real=0.00 secs] 
2247.281: [GC (Allocation Failure) [PSYoungGen: 66048K->1520K(66560K)] 383843K->319315K(716288K), 0.0015872 secs] [Times: user=0.01 sys=0.00, real=0.00 secs] 
2247.669: [GC (Allocation Failure) [PSYoungGen: 66017K->1533K(66560K)] 383812K->319352K(716288K), 0.0017211 secs] [Times: user=0.00 sys=0.00, real=0.01 secs] 
2248.054: [GC (Allocation Failure) [PSYoungGen: 66045K->1501K(66560K)] 383864K->319328K(716288K), 0.0016448 secs] [Times: user=0.00 sys=0.00, real=0.00 secs] 
2248.374: [GC (Allocation Failure) [PSYoungGen: 66013K->1408K(66560K)] 383840K->319235K(716288K), 0.0018770 secs] [Times: user=0.00 sys=0.00, real=0.00 secs] 
2248.642: [GC (Allocation Failure) [PSYoungGen: 65920K->1376K(66560K)] 383747K->319203K(716288K), 0.0016839 secs] [Times: user=0.01 sys=0.00, real=0.00 secs] 
2248.955: [GC (Allocation Failure) [PSYoungGen: 65888K->1376K(66560K)] 383715K->319203K(716288K), 0.0017262 secs] [Times: user=0.00 sys=0.00, real=0.00 secs] 
2249.470: [GC (Allocation Failure) [PSYoungGen: 65888K->1344K(66560K)] 383715K->319171K(716288K), 0.0016898 secs] [Times: user=0.01 sys=0.00, real=0.01 secs] 
2250.105: [GC (Allocation Failure) [PSYoungGen: 65832K->1424K(66560K)] 383660K->319251K(716288K), 0.0019152 secs] [Times: user=0.00 sys=0.00, real=0.00 secs] 
2250.498: [GC (Allocation Failure) [PSYoungGen: 65936K->1549K(66560K)] 383763K->319376K(716288K), 0.0016180 secs] [Times: user=0.01 sys=0.00, real=0.00 secs] 
2250.883: [GC (Allocation Failure) [PSYoungGen: 66061K->1533K(66560K)] 383888K->319360K(716288K), 0.0016185 secs] [Times: user=0.01 sys=0.00, real=0.00 secs] 
2251.269: [GC (Allocation Failure) [PSYoungGen: 66045K->1549K(66560K)] 383872K->319384K(716288K), 0.0017639 secs] [Times: user=0.01 sys=0.00, real=0.01 secs] 
2251.624: [GC (Allocation Failure) [PSYoungGen: 66061K->1456K(66560K)] 383896K->319291K(716288K), 0.0022126 secs] [Times: user=0.01 sys=0.00, real=0.00 secs] 
2251.893: [GC (Allocation Failure) [PSYoungGen: 65968K->1424K(66560K)] 383803K->319259K(716288K), 0.0020546 secs] [Times: user=0.01 sys=0.00, real=0.00 secs] 
2252.341: [GC (Allocation Failure) [PSYoungGen: 65936K->1408K(66560K)] 383771K->319243K(716288K), 0.0019861 secs] [Times: user=0.00 sys=0.00, real=0.00 secs] 
2252.933: [GC (Allocation Failure) [PSYoungGen: 65920K->1440K(66560K)] 383755K->319275K(716288K), 0.0019730 secs] [Times: user=0.01 sys=0.00, real=0.00 secs] 
2253.578: [GC (Allocation Failure) [PSYoungGen: 65952K->1373K(66560K)] 383787K->319208K(716288K), 0.0019737 secs] [Times: user=0.01 sys=0.00, real=0.01 secs] 
2254.047: [GC (Allocation Failure) [PSYoungGen: 65884K->1485K(66560K)] 383720K->319320K(716288K), 0.0015983 secs] [Times: user=0.01 sys=0.00, real=0.00 secs] 
2254.494: [GC (Allocation Failure) [PSYoungGen: 65997K->1517K(66560K)] 383832K->319352K(716288K), 0.0017973 secs] [Times: user=0.01 sys=0.00, real=0.00 secs] 
2254.891: [GC (Allocation Failure) [PSYoungGen: 66029K->1485K(66560K)] 383864K->319328K(716288K), 0.0016536 secs] [Times: user=0.01 sys=0.00, real=0.00 secs] 
2255.710: [GC (Allocation Failure) [PSYoungGen: 65997K->1440K(66560K)] 383840K->319283K(716288K), 0.0042050 secs] [Times: user=0.02 sys=0.00, real=0.01 secs] 
2256.348: [GC (Allocation Failure) [PSYoungGen: 65952K->1344K(66560K)] 383795K->319187K(716288K), 0.0031882 secs] [Times: user=0.01 sys=0.00, real=0.01 secs] 
2256.800: [GC (Allocation Failure) [PSYoungGen: 65856K->1360K(66560K)] 383699K->319203K(716288K), 0.0019556 secs] [Times: user=0.01 sys=0.00, real=0.01 secs] 
2257.065: [GC (Allocation Failure) [PSYoungGen: 65872K->1312K(66560K)] 383715K->319155K(716288K), 0.0019123 secs] [Times: user=0.01 sys=0.00, real=0.00 secs] 
2257.341: [GC (Allocation Failure) [PSYoungGen: 65824K->1424K(66560K)] 383667K->319267K(716288K), 0.0018528 secs] [Times: user=0.01 sys=0.00, real=0.00 secs] 
2257.739: [GC (Allocation Failure) [PSYoungGen: 65911K->1552K(66560K)] 383754K->319411K(716288K), 0.0015335 secs] [Times: user=0.01 sys=0.00, real=0.01 secs] 
2258.124: [GC (Allocation Failure) [PSYoungGen: 66064K->1584K(66560K)] 383923K->319443K(716288K), 0.0015826 secs] [Times: user=0.01 sys=0.00, real=0.00 secs] 
2258.510: [GC (Allocation Failure) [PSYoungGen: 66096K->1520K(66560K)] 383955K->319395K(716288K), 0.0016160 secs] [Times: user=0.01 sys=0.00, real=0.01 secs] 
2258.883: [GC (Allocation Failure) [PSYoungGen: 66032K->1440K(66560K)] 383907K->319315K(716288K), 0.0018056 secs] [Times: user=0.01 sys=0.00, real=0.00 secs] 
2259.184: [GC (Allocation Failure) [PSYoungGen: 65952K->1376K(66560K)] 383827K->319251K(716288K), 0.0018560 secs] [Times: user=0.01 sys=0.00, real=0.00 secs] 
2259.452: [GC (Allocation Failure) [PSYoungGen: 65888K->1408K(66560K)] 383763K->319283K(716288K), 0.0018115 secs] [Times: user=0.01 sys=0.00, real=0.00 secs] 
2259.719: [GC (Allocation Failure) [PSYoungGen: 65920K->1408K(66560K)] 383795K->319291K(716288K), 0.0018051 secs] [Times: user=0.01 sys=0.00, real=0.01 secs] 
2259.987: [GC (Allocation Failure) [PSYoungGen: 65920K->1408K(66560K)] 383803K->319291K(716288K), 0.0018261 secs] [Times: user=0.01 sys=0.00, real=0.00 secs] 
2260.396: [GC (Allocation Failure) [PSYoungGen: 65911K->1504K(66560K)] 383794K->319387K(716288K), 0.0015977 secs] [Times: user=0.01 sys=0.00, real=0.00 secs] 
2260.781: [GC (Allocation Failure) [PSYoungGen: 66016K->1501K(66560K)] 383899K->319384K(716288K), 0.0015678 secs] [Times: user=0.01 sys=0.00, real=0.00 secs] 
2261.167: [GC (Allocation Failure) [PSYoungGen: 66011K->1533K(66560K)] 383895K->319424K(716288K), 0.0016749 secs] [Times: user=0.01 sys=0.00, real=0.00 secs] 
2261.578: [GC (Allocation Failure) [PSYoungGen: 66045K->1968K(66560K)] 383936K->319859K(716288K), 0.0015711 secs] [Times: user=0.00 sys=0.00, real=0.00 secs] 
2262.044: [GC (Allocation Failure) [PSYoungGen: 66480K->1376K(66560K)] 384371K->319267K(716288K), 0.0017466 secs] [Times: user=0.00 sys=0.00, real=0.00 secs] 
2262.559: [GC (Allocation Failure) [PSYoungGen: 65888K->1376K(66560K)] 383779K->319267K(716288K), 0.0016837 secs] [Times: user=0.01 sys=0.00, real=0.01 secs] 
2263.080: [GC (Allocation Failure) [PSYoungGen: 65888K->1392K(66560K)] 383779K->319283K(716288K), 0.0017803 secs] [Times: user=0.00 sys=0.00, real=0.01 secs] 
2263.410: [GC (Allocation Failure) [PSYoungGen: 65904K->1344K(66560K)] 383795K->319235K(716288K), 0.0016017 secs] [Times: user=0.01 sys=0.00, real=0.00 secs] 
2263.775: [GC (Allocation Failure) [PSYoungGen: 65856K->1552K(66560K)] 383747K->319443K(716288K), 0.0014894 secs] [Times: user=0.00 sys=0.00, real=0.00 secs] 
2264.165: [GC (Allocation Failure) [PSYoungGen: 66064K->1533K(66560K)] 383955K->319424K(716288K), 0.0016542 secs] [Times: user=0.01 sys=0.00, real=0.00 secs] 
2264.553: [GC (Allocation Failure) [PSYoungGen: 66043K->1533K(66560K)] 383934K->319432K(716288K), 0.0016633 secs] [Times: user=0.01 sys=0.00, real=0.00 secs] 
2264.949: [GC (Allocation Failure) [PSYoungGen: 66045K->1517K(66560K)] 383944K->319416K(716288K), 0.0016447 secs] [Times: user=0.01 sys=0.00, real=0.01 secs] 
2265.427: [GC (Allocation Failure) [PSYoungGen: 66029K->1408K(66560K)] 383928K->319307K(716288K), 0.0015546 secs] [Times: user=0.01 sys=0.00, real=0.00 secs] 
2265.899: [GC (Allocation Failure) [PSYoungGen: 65920K->1408K(66560K)] 383819K->319307K(716288K), 0.0018284 secs] [Times: user=0.01 sys=0.00, real=0.01 secs] 
2266.369: [GC (Allocation Failure) [PSYoungGen: 65920K->1408K(66560K)] 383819K->319307K(716288K), 0.0023365 secs] [Times: user=0.01 sys=0.00, real=0.01 secs] 
2266.820: [GC (Allocation Failure) [PSYoungGen: 65920K->1376K(66560K)] 383819K->319275K(716288K), 0.0020692 secs] [Times: user=0.00 sys=0.00, real=0.01 secs] 
2267.389: [GC (Allocation Failure) [PSYoungGen: 65863K->1421K(66560K)] 383762K->319320K(716288K), 0.0016654 secs] [Times: user=0.01 sys=0.00, real=0.01 secs] 
2267.773: [GC (Allocation Failure) [PSYoungGen: 65933K->1517K(66560K)] 383832K->319432K(716288K), 0.0034426 secs] [Times: user=0.02 sys=0.00, real=0.00 secs] 
2268.161: [GC (Allocation Failure) [PSYoungGen: 66029K->1520K(66560K)] 383944K->319451K(716288K), 0.0016362 secs] [Times: user=0.01 sys=0.00, real=0.00 secs] 
2268.547: [GC (Allocation Failure) [PSYoungGen: 66018K->1584K(66560K)] 383950K->319515K(716288K), 0.0015313 secs] [Times: user=0.01 sys=0.00, real=0.00 secs] 
2268.980: [GC (Allocation Failure) [PSYoungGen: 66096K->1392K(66560K)] 384027K->319323K(716288K), 0.0017153 secs] [Times: user=0.01 sys=0.00, real=0.01 secs] 
2269.407: [GC (Allocation Failure) [PSYoungGen: 65904K->1408K(66560K)] 383835K->319339K(716288K), 0.0016555 secs] [Times: user=0.00 sys=0.00, real=0.00 secs] 
2269.845: [GC (Allocation Failure) [PSYoungGen: 65920K->1408K(66560K)] 383851K->319339K(716288K), 0.0017364 secs] [Times: user=0.01 sys=0.00, real=0.00 secs] 
2270.293: [GC (Allocation Failure) [PSYoungGen: 65920K->1376K(66560K)] 383851K->319307K(716288K), 0.0017438 secs] [Times: user=0.00 sys=0.00, real=0.00 secs] 
2270.724: [GC (Allocation Failure) [PSYoungGen: 65888K->1517K(66560K)] 383819K->319448K(716288K), 0.0016831 secs] [Times: user=0.00 sys=0.00, real=0.00 secs] 
2271.113: [GC (Allocation Failure) [PSYoungGen: 66016K->1533K(66560K)] 383947K->319464K(716288K), 0.0016849 secs] [Times: user=0.00 sys=0.00, real=0.00 secs] 
2271.499: [GC (Allocation Failure) [PSYoungGen: 66045K->1517K(66560K)] 383976K->319448K(716288K), 0.0016235 secs] [Times: user=0.00 sys=0.00, real=0.01 secs] 
2271.940: [GC (Allocation Failure) [PSYoungGen: 66010K->1549K(66560K)] 383942K->319488K(716288K), 0.0016370 secs] [Times: user=0.01 sys=0.00, real=0.01 secs] 
2272.335: [GC (Allocation Failure) [PSYoungGen: 66061K->1424K(66560K)] 384000K->319363K(716288K), 0.0023473 secs] [Times: user=0.01 sys=0.00, real=0.00 secs] 
2272.604: [GC (Allocation Failure) [PSYoungGen: 65936K->1408K(66560K)] 383875K->319347K(716288K), 0.0020003 secs] [Times: user=0.01 sys=0.00, real=0.00 secs] 
2272.911: [GC (Allocation Failure) [PSYoungGen: 65920K->1376K(66560K)] 383859K->319315K(716288K), 0.0020063 secs] [Times: user=0.01 sys=0.00, real=0.00 secs] 
2273.363: [GC (Allocation Failure) [PSYoungGen: 65888K->1408K(66560K)] 383827K->319347K(716288K), 0.0020024 secs] [Times: user=0.01 sys=0.00, real=0.00 secs] 
2273.874: [GC (Allocation Failure) [PSYoungGen: 65920K->1472K(66560K)] 383859K->319411K(716288K), 0.0023238 secs] [Times: user=0.01 sys=0.00, real=0.00 secs] 
2274.310: [GC (Allocation Failure) [PSYoungGen: 65984K->1517K(66560K)] 383923K->319456K(716288K), 0.0017382 secs] [Times: user=0.01 sys=0.00, real=0.01 secs] 
2274.755: [GC (Allocation Failure) [PSYoungGen: 66029K->1549K(66560K)] 383968K->319488K(716288K), 0.0018556 secs] [Times: user=0.00 sys=0.00, real=0.00 secs] 
2275.148: [GC (Allocation Failure) [PSYoungGen: 66061K->1552K(66560K)] 384000K->319499K(716288K), 0.0015387 secs] [Times: user=0.01 sys=0.00, real=0.00 secs] 
2275.663: [GC (Allocation Failure) [PSYoungGen: 66064K->1504K(66560K)] 384011K->319451K(716288K), 0.0035034 secs] [Times: user=0.01 sys=0.00, real=0.00 secs] 
2276.218: [GC (Allocation Failure) [PSYoungGen: 66016K->1392K(66560K)] 383963K->319339K(716288K), 0.0025016 secs] [Times: user=0.01 sys=0.00, real=0.00 secs] 
2276.629: [GC (Allocation Failure) [PSYoungGen: 65904K->1344K(66560K)] 383851K->319291K(716288K), 0.0020606 secs] [Times: user=0.01 sys=0.00, real=0.01 secs] 
2276.898: [GC (Allocation Failure) [PSYoungGen: 65856K->1408K(66560K)] 383803K->319355K(716288K), 0.0019450 secs] [Times: user=0.00 sys=0.01, real=0.00 secs] 
2277.302: [GC (Allocation Failure) [PSYoungGen: 65920K->1488K(66560K)] 383867K->319459K(716288K), 0.0015651 secs] [Times: user=0.01 sys=0.00, real=0.00 secs] 
2277.691: [GC (Allocation Failure) [PSYoungGen: 65995K->1533K(66560K)] 383967K->319504K(716288K), 0.0016342 secs] [Times: user=0.01 sys=0.00, real=0.00 secs] 
2278.077: [GC (Allocation Failure) [PSYoungGen: 66045K->1517K(66560K)] 384016K->319488K(716288K), 0.0017307 secs] [Times: user=0.01 sys=0.00, real=0.00 secs] 
2278.464: [GC (Allocation Failure) [PSYoungGen: 66029K->1568K(66560K)] 384000K->319555K(716288K), 0.0016358 secs] [Times: user=0.01 sys=0.00, real=0.00 secs] 
2279.750: [GC (Allocation Failure) [PSYoungGen: 66080K->1456K(66560K)] 384067K->319443K(716288K), 0.0043143 secs] [Times: user=0.01 sys=0.00, real=0.01 secs] 
2280.796: [GC (Allocation Failure) [PSYoungGen: 65968K->1376K(66560K)] 383955K->319363K(716288K), 0.0038537 secs] [Times: user=0.01 sys=0.00, real=0.01 secs] 
2281.433: [GC (Allocation Failure) [PSYoungGen: 65888K->1440K(66560K)] 383875K->319427K(716288K), 0.0026327 secs] [Times: user=0.01 sys=0.00, real=0.00 secs] 
2281.957: [GC (Allocation Failure) [PSYoungGen: 65952K->1344K(66560K)] 383939K->319331K(716288K), 0.0022625 secs] [Times: user=0.01 sys=0.00, real=0.00 secs] 
2282.675: [GC (Allocation Failure) [PSYoungGen: 65721K->256K(66560K)] 383709K->318243K(716288K), 0.0029958 secs] [Times: user=0.01 sys=0.01, real=0.00 secs] 
2283.144: [GC (Allocation Failure) [PSYoungGen: 64768K->1533K(66560K)] 382755K->319520K(716288K), 0.0016815 secs] [Times: user=0.01 sys=0.00, real=0.00 secs] 
2283.531: [GC (Allocation Failure) [PSYoungGen: 66045K->1488K(66560K)] 384032K->319475K(716288K), 0.0015916 secs] [Times: user=0.01 sys=0.00, real=0.00 secs] 
2283.919: [GC (Allocation Failure) [PSYoungGen: 66000K->1549K(66560K)] 383987K->319544K(716288K), 0.0016987 secs] [Times: user=0.00 sys=0.00, real=0.01 secs] 
2284.328: [GC (Allocation Failure) [PSYoungGen: 66061K->1456K(66560K)] 384056K->319451K(716288K), 0.0018179 secs] [Times: user=0.00 sys=0.00, real=0.00 secs] 
2284.650: [GC (Allocation Failure) [PSYoungGen: 65968K->1360K(66560K)] 383963K->319355K(716288K), 0.0018335 secs] [Times: user=0.00 sys=0.00, real=0.01 secs] 
2284.954: [GC (Allocation Failure) [PSYoungGen: 65872K->1376K(66560K)] 383867K->319371K(716288K), 0.0019057 secs] [Times: user=0.01 sys=0.00, real=0.00 secs] 
2285.389: [GC (Allocation Failure) [PSYoungGen: 65888K->1408K(66560K)] 383883K->319403K(716288K), 0.0021471 secs] [Times: user=0.01 sys=0.00, real=0.01 secs] 
2286.075: [GC (Allocation Failure) [PSYoungGen: 65920K->1408K(66560K)] 383915K->319403K(716288K), 0.0029771 secs] [Times: user=0.01 sys=0.00, real=0.00 secs] 
2286.666: [GC (Allocation Failure) [PSYoungGen: 65893K->1536K(66560K)] 383888K->319531K(716288K), 0.0015997 secs] [Times: user=0.01 sys=0.00, real=0.00 secs] 
2287.109: [GC (Allocation Failure) [PSYoungGen: 66048K->1552K(66560K)] 384043K->319547K(716288K), 0.0016632 secs] [Times: user=0.00 sys=0.00, real=0.01 secs] 
2287.553: [GC (Allocation Failure) [PSYoungGen: 66064K->1517K(66560K)] 384059K->319520K(716288K), 0.0016201 secs] [Times: user=0.01 sys=0.00, real=0.00 secs] 
2287.958: [GC (Allocation Failure) [PSYoungGen: 66029K->2016K(66560K)] 384032K->320019K(716288K), 0.0018597 secs] [Times: user=0.01 sys=0.00, real=0.01 secs] 
2288.265: [GC (Allocation Failure) [PSYoungGen: 66528K->1376K(66560K)] 384531K->319411K(716288K), 0.0020949 secs] [Times: user=0.01 sys=0.00, real=0.00 secs] 
2288.533: [GC (Allocation Failure) [PSYoungGen: 65888K->1392K(66560K)] 383923K->319435K(716288K), 0.0018183 secs] [Times: user=0.00 sys=0.00, real=0.00 secs] 
2288.802: [GC (Allocation Failure) [PSYoungGen: 65904K->1344K(66560K)] 383947K->319387K(716288K), 0.0017812 secs] [Times: user=0.00 sys=0.00, real=0.00 secs] 
2289.104: [GC (Allocation Failure) [PSYoungGen: 65856K->1344K(66560K)] 383899K->319387K(716288K), 0.0019422 secs] [Times: user=0.00 sys=0.00, real=0.00 secs] 
2289.526: [GC (Allocation Failure) [PSYoungGen: 65856K->1533K(66560K)] 383899K->319576K(716288K), 0.0015882 secs] [Times: user=0.00 sys=0.00, real=0.00 secs] 
2289.971: [GC (Allocation Failure) [PSYoungGen: 66045K->1517K(66560K)] 384088K->319560K(716288K), 0.0016156 secs] [Times: user=0.00 sys=0.00, real=0.00 secs] 
2290.356: [GC (Allocation Failure) [PSYoungGen: 66029K->1552K(66560K)] 384072K->319603K(716288K), 0.0018033 secs] [Times: user=0.01 sys=0.00, real=0.00 secs] 
2290.743: [GC (Allocation Failure) [PSYoungGen: 66064K->1517K(66560K)] 384115K->319576K(716288K), 0.0016094 secs] [Times: user=0.00 sys=0.00, real=0.00 secs] 
2291.396: [GC (Allocation Failure) [PSYoungGen: 66029K->1440K(66560K)] 384088K->319499K(716288K), 0.0037896 secs] [Times: user=0.01 sys=0.00, real=0.00 secs] 
2291.982: [GC (Allocation Failure) [PSYoungGen: 65952K->1376K(66560K)] 384011K->319435K(716288K), 0.0024463 secs] [Times: user=0.01 sys=0.00, real=0.00 secs] 
2292.486: [GC (Allocation Failure) [PSYoungGen: 65888K->1376K(66560K)] 383947K->319435K(716288K), 0.0020009 secs] [Times: user=0.01 sys=0.00, real=0.00 secs] 
2292.765: [GC (Allocation Failure) [PSYoungGen: 65888K->1408K(66560K)] 383947K->319467K(716288K), 0.0019291 secs] [Times: user=0.01 sys=0.00, real=0.00 secs] 
2293.178: [GC (Allocation Failure) [PSYoungGen: 65920K->1453K(66560K)] 383979K->319512K(716288K), 0.0015320 secs] [Times: user=0.01 sys=0.00, real=0.00 secs] 
2293.565: [GC (Allocation Failure) [PSYoungGen: 65965K->1520K(66560K)] 384024K->319579K(716288K), 0.0015803 secs] [Times: user=0.01 sys=0.00, real=0.00 secs] 
2293.952: [GC (Allocation Failure) [PSYoungGen: 66032K->1520K(66560K)] 384091K->319595K(716288K), 0.0016771 secs] [Times: user=0.01 sys=0.00, real=0.00 secs] 
2294.341: [GC (Allocation Failure) [PSYoungGen: 66032K->1517K(66560K)] 384107K->319592K(716288K), 0.0016150 secs] [Times: user=0.01 sys=0.00, real=0.00 secs] 
2294.870: [GC (Allocation Failure) [PSYoungGen: 66029K->1408K(66560K)] 384104K->319483K(716288K), 0.0019111 secs] [Times: user=0.01 sys=0.00, real=0.01 secs] 
2295.478: [GC (Allocation Failure) [PSYoungGen: 65920K->1376K(66560K)] 383995K->319451K(716288K), 0.0033121 secs] [Times: user=0.01 sys=0.00, real=0.01 secs] 
2295.934: [GC (Allocation Failure) [PSYoungGen: 65888K->1376K(66560K)] 383963K->319451K(716288K), 0.0022485 secs] [Times: user=0.01 sys=0.00, real=0.00 secs] 
2296.482: [GC (Allocation Failure) [PSYoungGen: 65888K->1376K(66560K)] 383963K->319451K(716288K), 0.0045489 secs] [Times: user=0.02 sys=0.00, real=0.00 secs] 
2297.141: [GC (Allocation Failure) [PSYoungGen: 65888K->1472K(66560K)] 383963K->319547K(716288K), 0.0016913 secs] [Times: user=0.00 sys=0.00, real=0.00 secs] 
2297.529: [GC (Allocation Failure) [PSYoungGen: 65984K->1533K(66560K)] 384059K->319608K(716288K), 0.0016004 secs] [Times: user=0.00 sys=0.00, real=0.01 secs] 
2297.913: [GC (Allocation Failure) [PSYoungGen: 66045K->1533K(66560K)] 384120K->319608K(716288K), 0.0016792 secs] [Times: user=0.01 sys=0.00, real=0.00 secs] 
2298.299: [GC (Allocation Failure) [PSYoungGen: 66045K->1504K(66560K)] 384120K->319603K(716288K), 0.0017417 secs] [Times: user=0.01 sys=0.00, real=0.01 secs] 
2298.697: [GC (Allocation Failure) [PSYoungGen: 66016K->1360K(66560K)] 384115K->319459K(716288K), 0.0016534 secs] [Times: user=0.01 sys=0.00, real=0.00 secs] 
2298.964: [GC (Allocation Failure) [PSYoungGen: 65872K->1376K(66560K)] 383971K->319475K(716288K), 0.0016636 secs] [Times: user=0.01 sys=0.00, real=0.00 secs] 
2299.232: [GC (Allocation Failure) [PSYoungGen: 65888K->1344K(66560K)] 383987K->319443K(716288K), 0.0016014 secs] [Times: user=0.01 sys=0.00, real=0.00 secs] 
2299.788: [GC (Allocation Failure) [PSYoungGen: 65856K->1344K(66560K)] 383955K->319443K(716288K), 0.0021167 secs] [Times: user=0.01 sys=0.00, real=0.01 secs] 
2300.339: [GC (Allocation Failure) [PSYoungGen: 65856K->1485K(66560K)] 383955K->319584K(716288K), 0.0014230 secs] [Times: user=0.01 sys=0.00, real=0.01 secs] 
2300.724: [GC (Allocation Failure) [PSYoungGen: 65997K->1533K(66560K)] 384096K->319632K(716288K), 0.0016491 secs] [Times: user=0.01 sys=0.00, real=0.00 secs] 
2301.111: [GC (Allocation Failure) [PSYoungGen: 66016K->1485K(66560K)] 384115K->319584K(716288K), 0.0015706 secs] [Times: user=0.00 sys=0.00, real=0.00 secs] 
2301.499: [GC (Allocation Failure) [PSYoungGen: 65997K->1517K(66560K)] 384096K->319624K(716288K), 0.0016212 secs] [Times: user=0.00 sys=0.00, real=0.01 secs] 
2301.857: [GC (Allocation Failure) [PSYoungGen: 66029K->1424K(66560K)] 384136K->319531K(716288K), 0.0018148 secs] [Times: user=0.01 sys=0.00, real=0.00 secs] 
2302.125: [GC (Allocation Failure) [PSYoungGen: 65936K->1408K(66560K)] 384043K->319515K(716288K), 0.0018566 secs] [Times: user=0.00 sys=0.00, real=0.00 secs] 
2302.393: [GC (Allocation Failure) [PSYoungGen: 65920K->1344K(66560K)] 384027K->319451K(716288K), 0.0017480 secs] [Times: user=0.00 sys=0.00, real=0.00 secs] 
2302.662: [GC (Allocation Failure) [PSYoungGen: 65856K->1408K(66560K)] 383963K->319515K(716288K), 0.0018707 secs] [Times: user=0.00 sys=0.00, real=0.00 secs] 
2302.971: [GC (Allocation Failure) [PSYoungGen: 65888K->1456K(66560K)] 383996K->319563K(716288K), 0.0014755 secs] [Times: user=0.01 sys=0.00, real=0.00 secs] 
2303.359: [GC (Allocation Failure) [PSYoungGen: 65968K->1517K(66560K)] 384075K->319624K(716288K), 0.0017424 secs] [Times: user=0.00 sys=0.00, real=0.01 secs] 
2303.745: [GC (Allocation Failure) [PSYoungGen: 66029K->1517K(66560K)] 384136K->319624K(716288K), 0.0015993 secs] [Times: user=0.01 sys=0.00, real=0.00 secs] 
2304.131: [GC (Allocation Failure) [PSYoungGen: 66029K->1517K(66560K)] 384136K->319632K(716288K), 0.0016721 secs] [Times: user=0.00 sys=0.00, real=0.00 secs] 
2304.795: [GC (Allocation Failure) [PSYoungGen: 66029K->1472K(66560K)] 384144K->319587K(716288K), 0.0022766 secs] [Times: user=0.01 sys=0.00, real=0.00 secs] 
2305.392: [GC (Allocation Failure) [PSYoungGen: 65984K->1376K(66560K)] 384099K->319491K(716288K), 0.0023887 secs] [Times: user=0.01 sys=0.01, real=0.00 secs] 
2305.966: [GC (Allocation Failure) [PSYoungGen: 65888K->1344K(66560K)] 384003K->319459K(716288K), 0.0025945 secs] [Times: user=0.01 sys=0.00, real=0.00 secs] 
2306.308: [GC (Allocation Failure) [PSYoungGen: 65856K->1408K(66560K)] 383971K->319523K(716288K), 0.0020127 secs] [Times: user=0.01 sys=0.00, real=0.01 secs] 
2306.596: [GC (Allocation Failure) [PSYoungGen: 65920K->1520K(66560K)] 384035K->319635K(716288K), 0.0018829 secs] [Times: user=0.01 sys=0.00, real=0.00 secs] 
2307.079: [GC (Allocation Failure) [PSYoungGen: 66032K->1533K(66560K)] 384147K->319680K(716288K), 0.0016724 secs] [Times: user=0.01 sys=0.00, real=0.01 secs] 
2307.466: [GC (Allocation Failure) [PSYoungGen: 66045K->1552K(66560K)] 384192K->319699K(716288K), 0.0015925 secs] [Times: user=0.01 sys=0.00, real=0.00 secs] 
2307.855: [GC (Allocation Failure) [PSYoungGen: 66064K->1549K(66560K)] 384211K->319704K(716288K), 0.0015617 secs] [Times: user=0.01 sys=0.00, real=0.00 secs] 
2308.284: [GC (Allocation Failure) [PSYoungGen: 66061K->1472K(66560K)] 384216K->319627K(716288K), 0.0020370 secs] [Times: user=0.01 sys=0.00, real=0.00 secs] 
2309.368: [GC (Allocation Failure) [PSYoungGen: 65984K->1344K(66560K)] 384139K->319499K(716288K), 0.0025796 secs] [Times: user=0.01 sys=0.00, real=0.01 secs] 
2309.635: [GC (Allocation Failure) [PSYoungGen: 65856K->1376K(66560K)] 384011K->319531K(716288K), 0.0019478 secs] [Times: user=0.01 sys=0.00, real=0.00 secs] 
2309.902: [GC (Allocation Failure) [PSYoungGen: 65888K->1376K(66560K)] 384043K->319531K(716288K), 0.0019276 secs] [Times: user=0.00 sys=0.00, real=0.00 secs] 
2310.170: [GC (Allocation Failure) [PSYoungGen: 65888K->1376K(66560K)] 384043K->319531K(716288K), 0.0017290 secs] [Times: user=0.01 sys=0.00, real=0.01 secs] 
2310.611: [GC (Allocation Failure) [PSYoungGen: 65881K->1533K(66560K)] 384037K->319688K(716288K), 0.0015880 secs] [Times: user=0.00 sys=0.00, real=0.00 secs] 
2311.061: [GC (Allocation Failure) [PSYoungGen: 66045K->1549K(66560K)] 384200K->319704K(716288K), 0.0016283 secs] [Times: user=0.01 sys=0.00, real=0.00 secs] 
2311.447: [GC (Allocation Failure) [PSYoungGen: 66061K->1549K(66560K)] 384216K->319712K(716288K), 0.0016158 secs] [Times: user=0.01 sys=0.00, real=0.00 secs] 
2311.916: [GC (Allocation Failure) [PSYoungGen: 66061K->2016K(66560K)] 384224K->320691K(716288K), 0.0020597 secs] [Times: user=0.01 sys=0.00, real=0.00 secs] 
2312.535: [GC (Allocation Failure) [PSYoungGen: 66528K->1408K(66560K)] 385203K->320083K(716288K), 0.0030759 secs] [Times: user=0.01 sys=0.00, real=0.00 secs] 
2313.160: [GC (Allocation Failure) [PSYoungGen: 65920K->1408K(66560K)] 384595K->320083K(716288K), 0.0024672 secs] [Times: user=0.01 sys=0.00, real=0.01 secs] 
2313.883: [GC (Allocation Failure) [PSYoungGen: 65920K->1408K(66560K)] 384595K->320083K(716288K), 0.0031911 secs] [Times: user=0.01 sys=0.00, real=0.00 secs] 
2314.359: [GC (Allocation Failure) [PSYoungGen: 65920K->1344K(66560K)] 384595K->320019K(716288K), 0.0026315 secs] [Times: user=0.01 sys=0.00, real=0.01 secs] 
2314.831: [GC (Allocation Failure) [PSYoungGen: 65856K->1520K(66560K)] 384531K->320195K(716288K), 0.0015343 secs] [Times: user=0.01 sys=0.00, real=0.00 secs] 
2315.218: [GC (Allocation Failure) [PSYoungGen: 66023K->1533K(66560K)] 384698K->320208K(716288K), 0.0015829 secs] [Times: user=0.01 sys=0.00, real=0.00 secs] 
2315.607: [GC (Allocation Failure) [PSYoungGen: 66045K->1533K(66560K)] 384720K->320216K(716288K), 0.0016609 secs] [Times: user=0.01 sys=0.00, real=0.00 secs] 
2315.992: [GC (Allocation Failure) [PSYoungGen: 66040K->1520K(66560K)] 384724K->320203K(716288K), 0.0016090 secs] [Times: user=0.01 sys=0.00, real=0.00 secs] 
2316.351: [GC (Allocation Failure) [PSYoungGen: 66032K->1408K(66560K)] 384715K->320091K(716288K), 0.0021059 secs] [Times: user=0.01 sys=0.00, real=0.00 secs] 
2316.703: [GC (Allocation Failure) [PSYoungGen: 65920K->1376K(66560K)] 384603K->320059K(716288K), 0.0018245 secs] [Times: user=0.01 sys=0.00, real=0.00 secs] 
2317.267: [GC (Allocation Failure) [PSYoungGen: 65888K->1344K(66560K)] 384571K->320027K(716288K), 0.0020386 secs] [Times: user=0.00 sys=0.00, real=0.00 secs] 
2317.783: [GC (Allocation Failure) [PSYoungGen: 65856K->1376K(66560K)] 384539K->320059K(716288K), 0.0020145 secs] [Times: user=0.01 sys=0.00, real=0.00 secs] 
2318.386: [GC (Allocation Failure) [PSYoungGen: 65888K->1501K(66560K)] 384571K->320208K(716288K), 0.0016200 secs] [Times: user=0.00 sys=0.00, real=0.00 secs] 
2318.774: [GC (Allocation Failure) [PSYoungGen: 65998K->1568K(66560K)] 384705K->320275K(716288K), 0.0015733 secs] [Times: user=0.01 sys=0.00, real=0.00 secs] 
2319.221: [GC (Allocation Failure) [PSYoungGen: 66080K->1549K(66560K)] 384787K->320264K(716288K), 0.0016266 secs] [Times: user=0.00 sys=0.00, real=0.00 secs] 
2319.663: [GC (Allocation Failure) [PSYoungGen: 66061K->1533K(66560K)] 384776K->320248K(716288K), 0.0016439 secs] [Times: user=0.00 sys=0.00, real=0.00 secs] 
2320.097: [GC (Allocation Failure) [PSYoungGen: 66045K->1408K(66560K)] 384760K->320123K(716288K), 0.0017652 secs] [Times: user=0.01 sys=0.00, real=0.00 secs] 
2320.737: [GC (Allocation Failure) [PSYoungGen: 65920K->1376K(66560K)] 384635K->320091K(716288K), 0.0020562 secs] [Times: user=0.01 sys=0.00, real=0.00 secs] 
2321.473: [GC (Allocation Failure) [PSYoungGen: 65888K->1392K(66560K)] 384603K->320107K(716288K), 0.0045691 secs] [Times: user=0.02 sys=0.00, real=0.00 secs] 
2322.206: [GC (Allocation Failure) [PSYoungGen: 65904K->1376K(66560K)] 384619K->320091K(716288K), 0.0032669 secs] [Times: user=0.01 sys=0.00, real=0.00 secs] 
2322.894: [GC (Allocation Failure) [PSYoungGen: 65865K->1469K(66560K)] 384581K->320184K(716288K), 0.0016594 secs] [Times: user=0.01 sys=0.00, real=0.00 secs] 
2323.280: [GC (Allocation Failure) [PSYoungGen: 65981K->1485K(66560K)] 384696K->320200K(716288K), 0.0015545 secs] [Times: user=0.00 sys=0.00, real=0.01 secs] 
2323.668: [GC (Allocation Failure) [PSYoungGen: 65997K->1533K(66560K)] 384712K->320248K(716288K), 0.0016060 secs] [Times: user=0.00 sys=0.00, real=0.00 secs] 
2324.056: [GC (Allocation Failure) [PSYoungGen: 66039K->1565K(66560K)] 384754K->320296K(716288K), 0.0016100 secs] [Times: user=0.00 sys=0.00, real=0.00 secs] 
2324.409: [GC (Allocation Failure) [PSYoungGen: 66077K->1408K(66560K)] 384808K->320139K(716288K), 0.0018542 secs] [Times: user=0.01 sys=0.00, real=0.01 secs] 
2324.735: [GC (Allocation Failure) [PSYoungGen: 65920K->1376K(66560K)] 384651K->320107K(716288K), 0.0018357 secs] [Times: user=0.01 sys=0.00, real=0.00 secs] 
2325.218: [GC (Allocation Failure) [PSYoungGen: 65888K->1344K(66560K)] 384619K->320075K(716288K), 0.0017922 secs] [Times: user=0.00 sys=0.00, real=0.00 secs] 
2325.863: [GC (Allocation Failure) [PSYoungGen: 65856K->1344K(66560K)] 384587K->320075K(716288K), 0.0026837 secs] [Times: user=0.01 sys=0.00, real=0.00 secs] 
2326.524: [GC (Allocation Failure) [PSYoungGen: 65846K->1517K(66560K)] 384578K->320248K(716288K), 0.0019588 secs] [Times: user=0.01 sys=0.00, real=0.00 secs] 
2326.915: [GC (Allocation Failure) [PSYoungGen: 66029K->1565K(66560K)] 384760K->320296K(716288K), 0.0023955 secs] [Times: user=0.01 sys=0.00, real=0.00 secs] 
2327.300: [GC (Allocation Failure) [PSYoungGen: 66077K->1533K(66560K)] 384808K->320264K(716288K), 0.0016210 secs] [Times: user=0.00 sys=0.00, real=0.00 secs] 
2327.686: [GC (Allocation Failure) [PSYoungGen: 66031K->1501K(66560K)] 384763K->320248K(716288K), 0.0016084 secs] [Times: user=0.01 sys=0.00, real=0.00 secs] 
2328.178: [GC (Allocation Failure) [PSYoungGen: 66013K->1488K(66560K)] 384760K->320235K(716288K), 0.0019262 secs] [Times: user=0.01 sys=0.00, real=0.00 secs] 
2328.736: [GC (Allocation Failure) [PSYoungGen: 66000K->1408K(66560K)] 384747K->320171K(716288K), 0.0019469 secs] [Times: user=0.01 sys=0.00, real=0.00 secs] 
2329.317: [GC (Allocation Failure) [PSYoungGen: 65920K->1344K(66560K)] 384683K->320107K(716288K), 0.0021130 secs] [Times: user=0.01 sys=0.00, real=0.00 secs] 
2329.896: [GC (Allocation Failure) [PSYoungGen: 65856K->1376K(66560K)] 384619K->320139K(716288K), 0.0022981 secs] [Times: user=0.01 sys=0.00, real=0.00 secs] 
2330.418: [GC (Allocation Failure) [PSYoungGen: 65863K->1405K(66560K)] 384626K->320168K(716288K), 0.0017056 secs] [Times: user=0.01 sys=0.00, real=0.00 secs] 
2330.813: [GC (Allocation Failure) [PSYoungGen: 65917K->1501K(66560K)] 384680K->320264K(716288K), 0.0016331 secs] [Times: user=0.00 sys=0.00, real=0.00 secs] 
2331.201: [GC (Allocation Failure) [PSYoungGen: 66013K->1517K(66560K)] 384776K->320280K(716288K), 0.0015595 secs] [Times: user=0.01 sys=0.00, real=0.00 secs] 
2331.587: [GC (Allocation Failure) [PSYoungGen: 66015K->1520K(66560K)] 384779K->320299K(716288K), 0.0015879 secs] [Times: user=0.01 sys=0.00, real=0.00 secs] 
2332.097: [GC (Allocation Failure) [PSYoungGen: 66032K->1472K(66560K)] 384811K->320251K(716288K), 0.0018391 secs] [Times: user=0.00 sys=0.00, real=0.00 secs] 
2332.640: [GC (Allocation Failure) [PSYoungGen: 65984K->1376K(66560K)] 384763K->320155K(716288K), 0.0022375 secs] [Times: user=0.01 sys=0.00, real=0.01 secs] 
2333.191: [GC (Allocation Failure) [PSYoungGen: 65888K->1328K(66560K)] 384667K->320107K(716288K), 0.0021924 secs] [Times: user=0.01 sys=0.00, real=0.00 secs] 
2333.589: [GC (Allocation Failure) [PSYoungGen: 65840K->1376K(66560K)] 384619K->320155K(716288K), 0.0020040 secs] [Times: user=0.01 sys=0.00, real=0.01 secs] 
2333.914: [GC (Allocation Failure) [PSYoungGen: 65879K->1456K(66560K)] 384659K->320235K(716288K), 0.0019724 secs] [Times: user=0.00 sys=0.00, real=0.00 secs] 
2334.326: [GC (Allocation Failure) [PSYoungGen: 65958K->1517K(66560K)] 384738K->320296K(716288K), 0.0016342 secs] [Times: user=0.01 sys=0.00, real=0.00 secs] 
2334.714: [GC (Allocation Failure) [PSYoungGen: 66029K->1520K(66560K)] 384808K->320299K(716288K), 0.0017353 secs] [Times: user=0.01 sys=0.00, real=0.00 secs] 
2335.103: [GC (Allocation Failure) [PSYoungGen: 66032K->1517K(66560K)] 384811K->320312K(716288K), 0.0015828 secs] [Times: user=0.00 sys=0.00, real=0.00 secs] 
2336.023: [GC (Allocation Failure) [PSYoungGen: 66029K->1504K(66560K)] 384824K->320299K(716288K), 0.0025599 secs] [Times: user=0.01 sys=0.00, real=0.00 secs] 
2336.572: [GC (Allocation Failure) [PSYoungGen: 66016K->1376K(66560K)] 384811K->320171K(716288K), 0.0031709 secs] [Times: user=0.01 sys=0.00, real=0.00 secs] 
2337.116: [GC (Allocation Failure) [PSYoungGen: 65888K->1408K(66560K)] 384683K->320203K(716288K), 0.0021521 secs] [Times: user=0.01 sys=0.00, real=0.00 secs] 
2337.645: [GC (Allocation Failure) [PSYoungGen: 65920K->1344K(66560K)] 384715K->320139K(716288K), 0.0026052 secs] [Times: user=0.01 sys=0.00, real=0.00 secs] 
2338.073: [GC (Allocation Failure) [PSYoungGen: 65856K->1360K(66560K)] 384651K->320155K(716288K), 0.0024841 secs] [Times: user=0.00 sys=0.00, real=0.00 secs] 
2338.629: [GC (Allocation Failure) [PSYoungGen: 65872K->1536K(66560K)] 384667K->320339K(716288K), 0.0016749 secs] [Times: user=0.01 sys=0.00, real=0.01 secs] 
2339.074: [GC (Allocation Failure) [PSYoungGen: 66048K->1552K(66560K)] 384851K->320355K(716288K), 0.0015669 secs] [Times: user=0.00 sys=0.00, real=0.00 secs] 
2339.525: [GC (Allocation Failure) [PSYoungGen: 66064K->1517K(66560K)] 384867K->320328K(716288K), 0.0015536 secs] [Times: user=0.01 sys=0.00, real=0.00 secs] 
2339.988: [GC (Allocation Failure) [PSYoungGen: 66029K->2016K(66560K)] 384840K->321339K(716288K), 0.0019546 secs] [Times: user=0.01 sys=0.00, real=0.00 secs] 
2340.263: [GC (Allocation Failure) [PSYoungGen: 66528K->1376K(66560K)] 385851K->320699K(716288K), 0.0025861 secs] [Times: user=0.01 sys=0.00, real=0.00 secs] 
2340.525: [GC (Allocation Failure) [PSYoungGen: 65888K->1376K(66560K)] 385211K->320699K(716288K), 0.0022266 secs] [Times: user=0.01 sys=0.00, real=0.00 secs] 
2340.794: [GC (Allocation Failure) [PSYoungGen: 65888K->1392K(66560K)] 385211K->320715K(716288K), 0.0018906 secs] [Times: user=0.00 sys=0.00, real=0.00 secs] 
2341.061: [GC (Allocation Failure) [PSYoungGen: 65904K->1408K(66560K)] 385227K->320731K(716288K), 0.0019977 secs] [Times: user=0.01 sys=0.00, real=0.00 secs] 
2341.464: [GC (Allocation Failure) [PSYoungGen: 65889K->1536K(66560K)] 385212K->320859K(716288K), 0.0015449 secs] [Times: user=0.00 sys=0.00, real=0.00 secs] 
2341.908: [GC (Allocation Failure) [PSYoungGen: 66048K->1520K(66560K)] 385371K->320843K(716288K), 0.0016111 secs] [Times: user=0.00 sys=0.00, real=0.00 secs] 
2342.294: [GC (Allocation Failure) [PSYoungGen: 66000K->1549K(66560K)] 385323K->320880K(716288K), 0.0016187 secs] [Times: user=0.01 sys=0.00, real=0.00 secs] 
2342.680: [GC (Allocation Failure) [PSYoungGen: 66061K->1517K(66560K)] 385392K->320848K(716288K), 0.0016144 secs] [Times: user=0.00 sys=0.00, real=0.00 secs] 
2342.996: [GC (Allocation Failure) [PSYoungGen: 66029K->1440K(66560K)] 385360K->320771K(716288K), 0.0021390 secs] [Times: user=0.01 sys=0.00, real=0.00 secs] 
2343.283: [GC (Allocation Failure) [PSYoungGen: 65952K->1392K(66560K)] 385283K->320723K(716288K), 0.0019371 secs] [Times: user=0.01 sys=0.00, real=0.00 secs] 
2343.757: [GC (Allocation Failure) [PSYoungGen: 65904K->1376K(66560K)] 385235K->320707K(716288K), 0.0018744 secs] [Times: user=0.00 sys=0.00, real=0.00 secs] 
2344.221: [GC (Allocation Failure) [PSYoungGen: 65888K->1408K(66560K)] 385219K->320739K(716288K), 0.0019166 secs] [Times: user=0.01 sys=0.00, real=0.00 secs] 
2344.766: [GC (Allocation Failure) [PSYoungGen: 65890K->1501K(66560K)] 385221K->320832K(716288K), 0.0016391 secs] [Times: user=0.01 sys=0.00, real=0.00 secs] 
2345.153: [GC (Allocation Failure) [PSYoungGen: 66013K->1549K(66560K)] 385344K->320880K(716288K), 0.0015790 secs] [Times: user=0.01 sys=0.00, real=0.00 secs] 
2345.617: [GC (Allocation Failure) [PSYoungGen: 66061K->1485K(66560K)] 385392K->320824K(716288K), 0.0016095 secs] [Times: user=0.01 sys=0.00, real=0.00 secs] 
2346.003: [GC (Allocation Failure) [PSYoungGen: 65997K->1520K(66560K)] 385336K->320859K(716288K), 0.0016293 secs] [Times: user=0.01 sys=0.00, real=0.00 secs] 
2346.398: [GC (Allocation Failure) [PSYoungGen: 66032K->1376K(66560K)] 385371K->320715K(716288K), 0.0026451 secs] [Times: user=0.01 sys=0.00, real=0.01 secs] 
2346.719: [GC (Allocation Failure) [PSYoungGen: 65888K->1408K(66560K)] 385227K->320747K(716288K), 0.0020769 secs] [Times: user=0.01 sys=0.00, real=0.01 secs] 
2347.002: [GC (Allocation Failure) [PSYoungGen: 65920K->1408K(66560K)] 385259K->320771K(716288K), 0.0018427 secs] [Times: user=0.00 sys=0.00, real=0.00 secs] 
2347.279: [GC (Allocation Failure) [PSYoungGen: 65920K->1344K(66560K)] 385283K->320707K(716288K), 0.0018568 secs] [Times: user=0.01 sys=0.00, real=0.01 secs] 
2347.703: [GC (Allocation Failure) [PSYoungGen: 65854K->1440K(66560K)] 385218K->320803K(716288K), 0.0015767 secs] [Times: user=0.01 sys=0.00, real=0.00 secs] 
2348.088: [GC (Allocation Failure) [PSYoungGen: 65952K->1501K(66560K)] 385315K->320864K(716288K), 0.0015932 secs] [Times: user=0.01 sys=0.00, real=0.00 secs] 
2348.473: [GC (Allocation Failure) [PSYoungGen: 66013K->1533K(66560K)] 385376K->320896K(716288K), 0.0015928 secs] [Times: user=0.01 sys=0.00, real=0.00 secs] 
2348.859: [GC (Allocation Failure) [PSYoungGen: 66040K->1501K(66560K)] 385404K->320872K(716288K), 0.0015789 secs] [Times: user=0.00 sys=0.00, real=0.01 secs] 
2349.550: [GC (Allocation Failure) [PSYoungGen: 66013K->1376K(66560K)] 385384K->320747K(716288K), 0.0017763 secs] [Times: user=0.01 sys=0.00, real=0.00 secs] 
2350.228: [GC (Allocation Failure) [PSYoungGen: 65888K->1376K(66560K)] 385259K->320747K(716288K), 0.0017781 secs] [Times: user=0.01 sys=0.00, real=0.00 secs] 
2351.050: [GC (Allocation Failure) [PSYoungGen: 65888K->1344K(66560K)] 385259K->320715K(716288K), 0.0021034 secs] [Times: user=0.00 sys=0.00, real=0.01 secs] 
2351.591: [GC (Allocation Failure) [PSYoungGen: 65856K->1376K(66560K)] 385227K->320747K(716288K), 0.0020924 secs] [Times: user=0.01 sys=0.00, real=0.00 secs] 
2352.179: [GC (Allocation Failure) [PSYoungGen: 65888K->1485K(66560K)] 385259K->320856K(716288K), 0.0016293 secs] [Times: user=0.00 sys=0.00, real=0.01 secs] 
2352.566: [GC (Allocation Failure) [PSYoungGen: 65997K->1520K(66560K)] 385368K->320891K(716288K), 0.0017002 secs] [Times: user=0.01 sys=0.00, real=0.00 secs] 
2352.954: [GC (Allocation Failure) [PSYoungGen: 66031K->1485K(66560K)] 385403K->320856K(716288K), 0.0016957 secs] [Times: user=0.01 sys=0.00, real=0.00 secs] 
2353.402: [GC (Allocation Failure) [PSYoungGen: 65987K->1485K(66560K)] 385358K->320872K(716288K), 0.0016128 secs] [Times: user=0.00 sys=0.00, real=0.00 secs] 
2353.812: [GC (Allocation Failure) [PSYoungGen: 65997K->1456K(66560K)] 385384K->320843K(716288K), 0.0023964 secs] [Times: user=0.00 sys=0.00, real=0.00 secs] 
2354.211: [GC (Allocation Failure) [PSYoungGen: 65968K->1408K(66560K)] 385355K->320795K(716288K), 0.0020010 secs] [Times: user=0.01 sys=0.00, real=0.00 secs] 
2354.720: [GC (Allocation Failure) [PSYoungGen: 65920K->1360K(66560K)] 385307K->320747K(716288K), 0.0020314 secs] [Times: user=0.01 sys=0.00, real=0.01 secs] 
2355.259: [GC (Allocation Failure) [PSYoungGen: 65872K->1408K(66560K)] 385259K->320795K(716288K), 0.0019859 secs] [Times: user=0.01 sys=0.00, real=0.01 secs] 
2355.821: [GC (Allocation Failure) [PSYoungGen: 65920K->1405K(66560K)] 385307K->320792K(716288K), 0.0014645 secs] [Times: user=0.00 sys=0.00, real=0.00 secs] 
2356.210: [GC (Allocation Failure) [PSYoungGen: 65915K->1501K(66560K)] 385303K->320888K(716288K), 0.0015944 secs] [Times: user=0.00 sys=0.00, real=0.00 secs] 
2356.595: [GC (Allocation Failure) [PSYoungGen: 66013K->1549K(66560K)] 385400K->320936K(716288K), 0.0015923 secs] [Times: user=0.01 sys=0.00, real=0.00 secs] 
2356.982: [GC (Allocation Failure) [PSYoungGen: 66061K->1501K(66560K)] 385448K->320896K(716288K), 0.0016222 secs] [Times: user=0.01 sys=0.00, real=0.00 secs] 
2357.377: [GC (Allocation Failure) [PSYoungGen: 66013K->1456K(66560K)] 385408K->320851K(716288K), 0.0018854 secs] [Times: user=0.00 sys=0.00, real=0.00 secs] 
2357.701: [GC (Allocation Failure) [PSYoungGen: 65968K->1376K(66560K)] 385363K->320795K(716288K), 0.0019656 secs] [Times: user=0.01 sys=0.00, real=0.00 secs] 
2358.193: [GC (Allocation Failure) [PSYoungGen: 65888K->1408K(66560K)] 385307K->320827K(716288K), 0.0017751 secs] [Times: user=0.01 sys=0.00, real=0.00 secs] 
2358.728: [GC (Allocation Failure) [PSYoungGen: 65920K->1376K(66560K)] 385339K->320795K(716288K), 0.0020114 secs] [Times: user=0.01 sys=0.00, real=0.01 secs] 
2359.304: [GC (Allocation Failure) [PSYoungGen: 65888K->1424K(66560K)] 385307K->320843K(716288K), 0.0020976 secs] [Times: user=0.01 sys=0.00, real=0.00 secs] 
2359.725: [GC (Allocation Failure) [PSYoungGen: 65936K->1565K(66560K)] 385355K->320984K(716288K), 0.0015280 secs] [Times: user=0.00 sys=0.00, real=0.00 secs] 
2360.112: [GC (Allocation Failure) [PSYoungGen: 66077K->1568K(66560K)] 385496K->320987K(716288K), 0.0015702 secs] [Times: user=0.01 sys=0.00, real=0.00 secs] 
2360.497: [GC (Allocation Failure) [PSYoungGen: 66080K->1488K(66560K)] 385499K->320915K(716288K), 0.0015864 secs] [Times: user=0.00 sys=0.00, real=0.00 secs] 
2360.890: [GC (Allocation Failure) [PSYoungGen: 66000K->1472K(66560K)] 385427K->320899K(716288K), 0.0018295 secs] [Times: user=0.00 sys=0.00, real=0.01 secs] 
2361.158: [GC (Allocation Failure) [PSYoungGen: 65984K->1376K(66560K)] 385411K->320803K(716288K), 0.0017420 secs] [Times: user=0.01 sys=0.00, real=0.00 secs] 
2361.697: [GC (Allocation Failure) [PSYoungGen: 65888K->1376K(66560K)] 385315K->320803K(716288K), 0.0021944 secs] [Times: user=0.01 sys=0.00, real=0.00 secs] 
2362.386: [GC (Allocation Failure) [PSYoungGen: 65888K->1408K(66560K)] 385315K->320835K(716288K), 0.0037352 secs] [Times: user=0.02 sys=0.00, real=0.00 secs] 
2363.178: [GC (Allocation Failure) [PSYoungGen: 65920K->1408K(66560K)] 385347K->320835K(716288K), 0.0038924 secs] [Times: user=0.01 sys=0.00, real=0.01 secs] 
2363.736: [GC (Allocation Failure) [PSYoungGen: 65920K->1533K(66560K)] 385347K->320960K(716288K), 0.0017141 secs] [Times: user=0.01 sys=0.00, real=0.00 secs] 
2364.184: [GC (Allocation Failure) [PSYoungGen: 66045K->1565K(66560K)] 385472K->320992K(716288K), 0.0020600 secs] [Times: user=0.01 sys=0.00, real=0.00 secs] 
2364.571: [GC (Allocation Failure) [PSYoungGen: 66077K->1517K(66560K)] 385504K->320952K(716288K), 0.0016252 secs] [Times: user=0.01 sys=0.00, real=0.00 secs] 
2364.982: [GC (Allocation Failure) [PSYoungGen: 66029K->2016K(66560K)] 385464K->321451K(716288K), 0.0019182 secs] [Times: user=0.01 sys=0.00, real=0.00 secs] 
2365.323: [GC (Allocation Failure) [PSYoungGen: 66528K->1376K(66560K)] 385963K->320811K(716288K), 0.0020547 secs] [Times: user=0.01 sys=0.00, real=0.00 secs] 
2365.718: [GC (Allocation Failure) [PSYoungGen: 65888K->1376K(66560K)] 385323K->320811K(716288K), 0.0020419 secs] [Times: user=0.01 sys=0.00, real=0.01 secs] 
2366.251: [GC (Allocation Failure) [PSYoungGen: 65888K->1376K(66560K)] 385323K->320811K(716288K), 0.0021337 secs] [Times: user=0.01 sys=0.00, real=0.00 secs] 
2366.811: [GC (Allocation Failure) [PSYoungGen: 65888K->1376K(66560K)] 385323K->320811K(716288K), 0.0033068 secs] [Times: user=0.01 sys=0.00, real=0.00 secs] 
2367.379: [GC (Allocation Failure) [PSYoungGen: 65866K->1488K(66560K)] 385302K->320923K(716288K), 0.0014830 secs] [Times: user=0.01 sys=0.00, real=0.01 secs] 
2367.767: [GC (Allocation Failure) [PSYoungGen: 66000K->1565K(66560K)] 385435K->321000K(716288K), 0.0016626 secs] [Times: user=0.01 sys=0.00, real=0.00 secs] 
2368.153: [GC (Allocation Failure) [PSYoungGen: 66048K->1501K(66560K)] 385483K->320960K(716288K), 0.0016110 secs] [Times: user=0.01 sys=0.00, real=0.00 secs] 
2368.539: [GC (Allocation Failure) [PSYoungGen: 66010K->1520K(66560K)] 385469K->320979K(716288K), 0.0015622 secs] [Times: user=0.01 sys=0.00, real=0.01 secs] 
2368.943: [GC (Allocation Failure) [PSYoungGen: 66032K->1408K(66560K)] 385491K->320867K(716288K), 0.0017616 secs] [Times: user=0.00 sys=0.00, real=0.00 secs] 
2369.383: [GC (Allocation Failure) [PSYoungGen: 65920K->1344K(66560K)] 385379K->320803K(716288K), 0.0017639 secs] [Times: user=0.00 sys=0.00, real=0.00 secs] 
2369.918: [GC (Allocation Failure) [PSYoungGen: 65856K->1344K(66560K)] 385315K->320803K(716288K), 0.0030181 secs] [Times: user=0.01 sys=0.00, real=0.01 secs] 
2370.589: [GC (Allocation Failure) [PSYoungGen: 65856K->1376K(66560K)] 385315K->320835K(716288K), 0.0044232 secs] [Times: user=0.02 sys=0.00, real=0.01 secs] 
2371.273: [GC (Allocation Failure) [PSYoungGen: 65888K->1533K(66560K)] 385347K->321000K(716288K), 0.0015429 secs] [Times: user=0.01 sys=0.00, real=0.00 secs] 
2371.659: [GC (Allocation Failure) [PSYoungGen: 66045K->1533K(66560K)] 385512K->321000K(716288K), 0.0016531 secs] [Times: user=0.01 sys=0.00, real=0.01 secs] 
2372.046: [GC (Allocation Failure) [PSYoungGen: 66022K->1549K(66560K)] 385490K->321024K(716288K), 0.0016195 secs] [Times: user=0.01 sys=0.00, real=0.00 secs] 
2372.432: [GC (Allocation Failure) [PSYoungGen: 66061K->1552K(66560K)] 385536K->321027K(716288K), 0.0016016 secs] [Times: user=0.01 sys=0.00, real=0.00 secs] 
2372.849: [GC (Allocation Failure) [PSYoungGen: 66064K->1408K(66560K)] 385539K->320883K(716288K), 0.0019174 secs] [Times: user=0.01 sys=0.00, real=0.01 secs] 
2373.117: [GC (Allocation Failure) [PSYoungGen: 65920K->1376K(66560K)] 385395K->320851K(716288K), 0.0020286 secs] [Times: user=0.00 sys=0.00, real=0.00 secs] 
2373.409: [GC (Allocation Failure) [PSYoungGen: 65888K->1392K(66560K)] 385363K->320867K(716288K), 0.0019968 secs] [Times: user=0.01 sys=0.00, real=0.01 secs] 
2373.754: [GC (Allocation Failure) [PSYoungGen: 65904K->1376K(66560K)] 385379K->320851K(716288K), 0.0020597 secs] [Times: user=0.01 sys=0.00, real=0.00 secs] 
2374.291: [GC (Allocation Failure) [PSYoungGen: 65888K->1536K(66560K)] 385363K->321011K(716288K), 0.0015470 secs] [Times: user=0.01 sys=0.00, real=0.00 secs] 
2374.679: [GC (Allocation Failure) [PSYoungGen: 66048K->1533K(66560K)] 385523K->321008K(716288K), 0.0016137 secs] [Times: user=0.00 sys=0.00, real=0.01 secs] 
2375.070: [GC (Allocation Failure) [PSYoungGen: 66027K->1520K(66560K)] 385502K->320995K(716288K), 0.0015968 secs] [Times: user=0.01 sys=0.00, real=0.00 secs] 
2375.457: [GC (Allocation Failure) [PSYoungGen: 66032K->1504K(66560K)] 385507K->320987K(716288K), 0.0016068 secs] [Times: user=0.01 sys=0.00, real=0.00 secs] 
2375.783: [GC (Allocation Failure) [PSYoungGen: 66016K->1440K(66560K)] 385499K->320923K(716288K), 0.0018407 secs] [Times: user=0.00 sys=0.00, real=0.00 secs] 
2376.051: [GC (Allocation Failure) [PSYoungGen: 65952K->1408K(66560K)] 385435K->320891K(716288K), 0.0017454 secs] [Times: user=0.00 sys=0.00, real=0.00 secs] 
2376.319: [GC (Allocation Failure) [PSYoungGen: 65920K->1376K(66560K)] 385403K->320859K(716288K), 0.0017852 secs] [Times: user=0.00 sys=0.00, real=0.01 secs] 
2376.587: [GC (Allocation Failure) [PSYoungGen: 65888K->1344K(66560K)] 385371K->320851K(716288K), 0.0018852 secs] [Times: user=0.01 sys=0.00, real=0.00 secs] 
2376.948: [GC (Allocation Failure) [PSYoungGen: 65856K->1488K(66560K)] 385363K->320995K(716288K), 0.0014261 secs] [Times: user=0.00 sys=0.00, real=0.00 secs] 
2377.336: [GC (Allocation Failure) [PSYoungGen: 66000K->1552K(66560K)] 385507K->321059K(716288K), 0.0018344 secs] [Times: user=0.00 sys=0.00, real=0.00 secs] 
2377.733: [GC (Allocation Failure) [PSYoungGen: 66046K->1469K(66560K)] 385553K->320976K(716288K), 0.0016483 secs] [Times: user=0.01 sys=0.00, real=0.00 secs] 
2378.120: [GC (Allocation Failure) [PSYoungGen: 65981K->1501K(66560K)] 385488K->321016K(716288K), 0.0017064 secs] [Times: user=0.01 sys=0.00, real=0.01 secs] 
2378.470: [GC (Allocation Failure) [PSYoungGen: 66013K->1456K(66560K)] 385528K->320979K(716288K), 0.0017299 secs] [Times: user=0.00 sys=0.00, real=0.00 secs] 
2378.739: [GC (Allocation Failure) [PSYoungGen: 65968K->1312K(66560K)] 385491K->320835K(716288K), 0.0016856 secs] [Times: user=0.00 sys=0.00, real=0.01 secs] 
2379.007: [GC (Allocation Failure) [PSYoungGen: 65824K->1392K(66560K)] 385347K->320915K(716288K), 0.0017996 secs] [Times: user=0.01 sys=0.00, real=0.00 secs] 
2379.275: [GC (Allocation Failure) [PSYoungGen: 65904K->1408K(66560K)] 385427K->320931K(716288K), 0.0016758 secs] [Times: user=0.01 sys=0.00, real=0.00 secs] 
2379.668: [GC (Allocation Failure) [PSYoungGen: 65920K->1485K(66560K)] 385443K->321008K(716288K), 0.0016110 secs] [Times: user=0.00 sys=0.00, real=0.00 secs] 
2380.120: [GC (Allocation Failure) [PSYoungGen: 65997K->1581K(66560K)] 385520K->321104K(716288K), 0.0016158 secs] [Times: user=0.00 sys=0.00, real=0.01 secs] 
2380.506: [GC (Allocation Failure) [PSYoungGen: 66079K->1520K(66560K)] 385602K->321043K(716288K), 0.0015772 secs] [Times: user=0.01 sys=0.00, real=0.00 secs] 
2380.945: [GC (Allocation Failure) [PSYoungGen: 66032K->1536K(66560K)] 385555K->321067K(716288K), 0.0017622 secs] [Times: user=0.00 sys=0.00, real=0.00 secs] 
2381.759: [GC (Allocation Failure) [PSYoungGen: 66048K->1456K(66560K)] 385579K->320987K(716288K), 0.0036819 secs] [Times: user=0.01 sys=0.00, real=0.01 secs] 
2382.056: [GC (Allocation Failure) [PSYoungGen: 65968K->1344K(66560K)] 385499K->320875K(716288K), 0.0020799 secs] [Times: user=0.01 sys=0.00, real=0.00 secs] 
2382.358: [GC (Allocation Failure) [PSYoungGen: 65856K->1408K(66560K)] 385387K->320939K(716288K), 0.0021073 secs] [Times: user=0.01 sys=0.00, real=0.00 secs] 
2382.626: [GC (Allocation Failure) [PSYoungGen: 65920K->1376K(66560K)] 385451K->320907K(716288K), 0.0018586 secs] [Times: user=0.01 sys=0.00, real=0.00 secs] 
2382.962: [GC (Allocation Failure) [PSYoungGen: 65877K->1456K(66560K)] 385408K->320987K(716288K), 0.0015967 secs] [Times: user=0.00 sys=0.00, real=0.00 secs] 
2383.350: [GC (Allocation Failure) [PSYoungGen: 65968K->1501K(66560K)] 385499K->321032K(716288K), 0.0016404 secs] [Times: user=0.01 sys=0.00, real=0.01 secs] 
2383.798: [GC (Allocation Failure) [PSYoungGen: 66013K->1533K(66560K)] 385544K->321064K(716288K), 0.0016052 secs] [Times: user=0.01 sys=0.00, real=0.00 secs] 
2384.184: [GC (Allocation Failure) [PSYoungGen: 66045K->1565K(66560K)] 385576K->321112K(716288K), 0.0016059 secs] [Times: user=0.00 sys=0.00, real=0.00 secs] 
2384.681: [GC (Allocation Failure) [PSYoungGen: 66077K->1488K(66560K)] 385624K->321035K(716288K), 0.0021573 secs] [Times: user=0.01 sys=0.00, real=0.00 secs] 
2385.065: [GC (Allocation Failure) [PSYoungGen: 66000K->1376K(66560K)] 385547K->320923K(716288K), 0.0020957 secs] [Times: user=0.01 sys=0.00, real=0.00 secs] 
2385.424: [GC (Allocation Failure) [PSYoungGen: 65888K->1376K(66560K)] 385435K->320923K(716288K), 0.0019189 secs] [Times: user=0.00 sys=0.00, real=0.00 secs] 
2385.699: [GC (Allocation Failure) [PSYoungGen: 65888K->1312K(66560K)] 385435K->320859K(716288K), 0.0019506 secs] [Times: user=0.00 sys=0.01, real=0.01 secs] 
2385.999: [GC (Allocation Failure) [PSYoungGen: 65824K->1376K(66560K)] 385371K->320923K(716288K), 0.0019225 secs] [Times: user=0.01 sys=0.00, real=0.01 secs] 
2386.424: [GC (Allocation Failure) [PSYoungGen: 65858K->1597K(66560K)] 385405K->321144K(716288K), 0.0017415 secs] [Times: user=0.00 sys=0.00, real=0.00 secs] 
2386.880: [GC (Allocation Failure) [PSYoungGen: 66109K->1533K(66560K)] 385656K->321104K(716288K), 0.0016231 secs] [Times: user=0.00 sys=0.00, real=0.01 secs] 
2387.265: [GC (Allocation Failure) [PSYoungGen: 66045K->1565K(66560K)] 385616K->321144K(716288K), 0.0016656 secs] [Times: user=0.01 sys=0.00, real=0.00 secs] 
2387.922: [GC (Allocation Failure) [PSYoungGen: 66077K->1472K(66560K)] 385656K->321051K(716288K), 0.0023014 secs] [Times: user=0.01 sys=0.00, real=0.00 secs] 
2388.963: [GC (Allocation Failure) [PSYoungGen: 65984K->1376K(66560K)] 385563K->320955K(716288K), 0.0034071 secs] [Times: user=0.02 sys=0.00, real=0.00 secs] 
2389.424: [GC (Allocation Failure) [PSYoungGen: 65888K->1408K(66560K)] 385467K->320987K(716288K), 0.0021803 secs] [Times: user=0.01 sys=0.00, real=0.00 secs] 
2389.799: [GC (Allocation Failure) [PSYoungGen: 65920K->1376K(66560K)] 385499K->320955K(716288K), 0.0018770 secs] [Times: user=0.00 sys=0.00, real=0.01 secs] 
2390.249: [GC (Allocation Failure) [PSYoungGen: 65888K->1376K(66560K)] 385467K->320955K(716288K), 0.0019116 secs] [Times: user=0.01 sys=0.00, real=0.01 secs] 
2390.752: [GC (Allocation Failure) [PSYoungGen: 65881K->1485K(66560K)] 385460K->321064K(716288K), 0.0015201 secs] [Times: user=0.01 sys=0.00, real=0.00 secs] 
2391.142: [GC (Allocation Failure) [PSYoungGen: 65997K->1533K(66560K)] 385576K->321112K(716288K), 0.0015716 secs] [Times: user=0.01 sys=0.00, real=0.00 secs] 
2391.528: [GC (Allocation Failure) [PSYoungGen: 66045K->1533K(66560K)] 385624K->321128K(716288K), 0.0016103 secs] [Times: user=0.01 sys=0.00, real=0.00 secs] 
2391.903: [GC (Allocation Failure) [PSYoungGen: 66045K->1440K(66560K)] 385640K->321035K(716288K), 0.0015371 secs] [Times: user=0.01 sys=0.00, real=0.00 secs] 
2392.187: [GC (Allocation Failure) [PSYoungGen: 65952K->1376K(66560K)] 385547K->320971K(716288K), 0.0016674 secs] [Times: user=0.00 sys=0.00, real=0.00 secs] 
2392.454: [GC (Allocation Failure) [PSYoungGen: 65888K->1376K(66560K)] 385483K->320971K(716288K), 0.0016944 secs] [Times: user=0.01 sys=0.00, real=0.00 secs] 
2392.812: [GC (Allocation Failure) [PSYoungGen: 65888K->1376K(66560K)] 385483K->320971K(716288K), 0.0027723 secs] [Times: user=0.01 sys=0.00, real=0.00 secs] 
2393.366: [GC (Allocation Failure) [PSYoungGen: 65888K->1376K(66560K)] 385483K->320971K(716288K), 0.0021776 secs] [Times: user=0.01 sys=0.00, real=0.00 secs] 
2393.906: [GC (Allocation Failure) [PSYoungGen: 65888K->1501K(66560K)] 385483K->321096K(716288K), 0.0015662 secs] [Times: user=0.00 sys=0.00, real=0.00 secs] 
2394.293: [GC (Allocation Failure) [PSYoungGen: 66013K->1533K(66560K)] 385608K->321128K(716288K), 0.0016143 secs] [Times: user=0.00 sys=0.00, real=0.00 secs] 
2394.680: [GC (Allocation Failure) [PSYoungGen: 66045K->1520K(66560K)] 385640K->321123K(716288K), 0.0016392 secs] [Times: user=0.01 sys=0.00, real=0.01 secs] 
2395.067: [GC (Allocation Failure) [PSYoungGen: 66032K->1600K(66560K)] 385635K->321203K(716288K), 0.0016451 secs] [Times: user=0.01 sys=0.00, real=0.00 secs] 
2395.670: [GC (Allocation Failure) [PSYoungGen: 66112K->1440K(66560K)] 385715K->321043K(716288K), 0.0023892 secs] [Times: user=0.01 sys=0.00, real=0.01 secs] 
2395.933: [GC (Allocation Failure) [PSYoungGen: 65952K->1408K(66560K)] 385555K->321011K(716288K), 0.0019358 secs] [Times: user=0.01 sys=0.00, real=0.00 secs] 
2396.232: [GC (Allocation Failure) [PSYoungGen: 65920K->1408K(66560K)] 385523K->321011K(716288K), 0.0020811 secs] [Times: user=0.01 sys=0.00, real=0.00 secs] 
2396.576: [GC (Allocation Failure) [PSYoungGen: 65920K->1328K(66560K)] 385523K->320931K(716288K), 0.0020330 secs] [Times: user=0.01 sys=0.00, real=0.00 secs] 
2397.013: [GC (Allocation Failure) [PSYoungGen: 65840K->1469K(66560K)] 385443K->321104K(716288K), 0.0015307 secs] [Times: user=0.01 sys=0.00, real=0.00 secs] 
2397.400: [GC (Allocation Failure) [PSYoungGen: 65981K->1533K(66560K)] 385616K->321168K(716288K), 0.0016118 secs] [Times: user=0.01 sys=0.00, real=0.01 secs] 
2397.787: [GC (Allocation Failure) [PSYoungGen: 66045K->1552K(66560K)] 385680K->321195K(716288K), 0.0016828 secs] [Times: user=0.01 sys=0.00, real=0.00 secs] 
2398.180: [GC (Allocation Failure) [PSYoungGen: 66064K->1501K(66560K)] 385707K->321144K(716288K), 0.0016219 secs] [Times: user=0.00 sys=0.00, real=0.01 secs] 
2398.514: [GC (Allocation Failure) [PSYoungGen: 66013K->1440K(66560K)] 385656K->321083K(716288K), 0.0017916 secs] [Times: user=0.00 sys=0.00, real=0.00 secs] 
2398.782: [GC (Allocation Failure) [PSYoungGen: 65952K->1344K(66560K)] 385595K->320987K(716288K), 0.0017627 secs] [Times: user=0.00 sys=0.00, real=0.00 secs] 
2399.049: [GC (Allocation Failure) [PSYoungGen: 65856K->1408K(66560K)] 385499K->321051K(716288K), 0.0017017 secs] [Times: user=0.00 sys=0.00, real=0.01 secs] 
2399.317: [GC (Allocation Failure) [PSYoungGen: 65920K->1408K(66560K)] 385563K->321051K(716288K), 0.0016819 secs] [Times: user=0.01 sys=0.00, real=0.00 secs] 
2399.654: [GC (Allocation Failure) [PSYoungGen: 65920K->1456K(66560K)] 385563K->321099K(716288K), 0.0014777 secs] [Times: user=0.01 sys=0.00, real=0.00 secs] 
2400.104: [GC (Allocation Failure) [PSYoungGen: 65968K->1533K(66560K)] 385611K->321176K(716288K), 0.0018514 secs] [Times: user=0.00 sys=0.00, real=0.00 secs] 
2400.551: [GC (Allocation Failure) [PSYoungGen: 66045K->1565K(66560K)] 385688K->321208K(716288K), 0.0019062 secs] [Times: user=0.00 sys=0.01, real=0.00 secs] 
2400.994: [GC (Allocation Failure) [PSYoungGen: 66073K->1565K(66560K)] 385717K->321216K(716288K), 0.0016980 secs] [Times: user=0.01 sys=0.00, real=0.00 secs] 
2401.901: [GC (Allocation Failure) [PSYoungGen: 66077K->1456K(66560K)] 385728K->321107K(716288K), 0.0029190 secs] [Times: user=0.01 sys=0.00, real=0.00 secs] 
2402.455: [GC (Allocation Failure) [PSYoungGen: 65968K->1344K(66560K)] 385619K->320995K(716288K), 0.0027475 secs] [Times: user=0.01 sys=0.00, real=0.00 secs] 
2403.001: [GC (Allocation Failure) [PSYoungGen: 65856K->1392K(66560K)] 385507K->321043K(716288K), 0.0022450 secs] [Times: user=0.01 sys=0.00, real=0.00 secs] 
2403.433: [GC (Allocation Failure) [PSYoungGen: 65904K->1344K(66560K)] 385555K->320995K(716288K), 0.0019949 secs] [Times: user=0.00 sys=0.00, real=0.00 secs] 
2403.950: [GC (Allocation Failure) [PSYoungGen: 65849K->1485K(66560K)] 385500K->321136K(716288K), 0.0014577 secs] [Times: user=0.01 sys=0.00, real=0.01 secs] 
2404.334: [GC (Allocation Failure) [PSYoungGen: 65997K->1533K(66560K)] 385648K->321184K(716288K), 0.0015779 secs] [Times: user=0.01 sys=0.00, real=0.00 secs] 
2404.720: [GC (Allocation Failure) [PSYoungGen: 66045K->1501K(66560K)] 385696K->321152K(716288K), 0.0016902 secs] [Times: user=0.01 sys=0.00, real=0.01 secs] 
2405.109: [GC (Allocation Failure) [PSYoungGen: 66013K->1533K(66560K)] 385664K->321200K(716288K), 0.0015654 secs] [Times: user=0.01 sys=0.00, real=0.01 secs] 
2405.523: [GC (Allocation Failure) [PSYoungGen: 66045K->1472K(66560K)] 385712K->321139K(716288K), 0.0017778 secs] [Times: user=0.01 sys=0.00, real=0.00 secs] 
2406.019: [GC (Allocation Failure) [PSYoungGen: 65984K->1408K(66560K)] 385651K->321075K(716288K), 0.0023027 secs] [Times: user=0.01 sys=0.00, real=0.01 secs] 
2406.632: [GC (Allocation Failure) [PSYoungGen: 65920K->1376K(66560K)] 385587K->321043K(716288K), 0.0024899 secs] [Times: user=0.01 sys=0.00, real=0.00 secs] 
2407.454: [GC (Allocation Failure) [PSYoungGen: 65888K->1440K(66560K)] 385555K->321107K(716288K), 0.0033295 secs] [Times: user=0.01 sys=0.00, real=0.00 secs] 
2408.394: [GC (Allocation Failure) [PSYoungGen: 65952K->1421K(66560K)] 385619K->321088K(716288K), 0.0037277 secs] [Times: user=0.02 sys=0.00, real=0.00 secs] 
2408.927: [GC (Allocation Failure) [PSYoungGen: 65933K->1501K(66560K)] 385600K->321168K(716288K), 0.0018790 secs] [Times: user=0.01 sys=0.00, real=0.00 secs] 
2409.375: [GC (Allocation Failure) [PSYoungGen: 66004K->1501K(66560K)] 385671K->321192K(716288K), 0.0016396 secs] [Times: user=0.01 sys=0.00, real=0.00 secs] 
2409.762: [GC (Allocation Failure) [PSYoungGen: 66013K->1485K(66560K)] 385704K->321192K(716288K), 0.0016405 secs] [Times: user=0.01 sys=0.00, real=0.00 secs] 
2410.244: [GC (Allocation Failure) [PSYoungGen: 65997K->1488K(66560K)] 385704K->321195K(716288K), 0.0027015 secs] [Times: user=0.01 sys=0.00, real=0.00 secs] 
2411.172: [GC (Allocation Failure) [PSYoungGen: 66000K->1408K(66560K)] 385707K->321115K(716288K), 0.0042101 secs] [Times: user=0.02 sys=0.00, real=0.00 secs] 
2412.038: [GC (Allocation Failure) [PSYoungGen: 65920K->1376K(66560K)] 385627K->321083K(716288K), 0.0039269 secs] [Times: user=0.01 sys=0.00, real=0.01 secs] 
2412.927: [GC (Allocation Failure) [PSYoungGen: 65888K->1376K(66560K)] 385595K->321083K(716288K), 0.0036954 secs] [Times: user=0.02 sys=0.00, real=0.01 secs] 
2413.957: [GC (Allocation Failure) [PSYoungGen: 65888K->1408K(66560K)] 385595K->321115K(716288K), 0.0032761 secs] [Times: user=0.01 sys=0.00, real=0.00 secs] 
2414.796: [GC (Allocation Failure) [PSYoungGen: 65920K->1536K(66560K)] 385627K->321251K(716288K), 0.0019020 secs] [Times: user=0.01 sys=0.00, real=0.00 secs] 
2415.245: [GC (Allocation Failure) [PSYoungGen: 66024K->1533K(66560K)] 385739K->321248K(716288K), 0.0016020 secs] [Times: user=0.00 sys=0.00, real=0.00 secs] 
2415.634: [GC (Allocation Failure) [PSYoungGen: 66045K->1597K(66560K)] 385760K->321320K(716288K), 0.0017538 secs] [Times: user=0.01 sys=0.00, real=0.00 secs] 
2416.541: [GC (Allocation Failure) [PSYoungGen: 66109K->1504K(66560K)] 385832K->321227K(716288K), 0.0019562 secs] [Times: user=0.01 sys=0.00, real=0.00 secs] 
2418.062: [GC (Allocation Failure) [PSYoungGen: 66016K->1408K(66560K)] 385739K->321131K(716288K), 0.0041896 secs] [Times: user=0.01 sys=0.00, real=0.00 secs] 
2419.177: [GC (Allocation Failure) [PSYoungGen: 65920K->1376K(66560K)] 385643K->321099K(716288K), 0.0045351 secs] [Times: user=0.01 sys=0.00, real=0.01 secs] 
2420.201: [GC (Allocation Failure) [PSYoungGen: 65888K->1408K(66560K)] 385611K->321131K(716288K), 0.0046235 secs] [Times: user=0.02 sys=0.00, real=0.00 secs] 
2421.138: [GC (Allocation Failure) [PSYoungGen: 65920K->1360K(66560K)] 385643K->321083K(716288K), 0.0036203 secs] [Times: user=0.01 sys=0.00, real=0.01 secs] 
2421.825: [GC (Allocation Failure) [PSYoungGen: 65872K->1533K(66560K)] 385595K->321256K(716288K), 0.0015822 secs] [Times: user=0.01 sys=0.00, real=0.00 secs] 
2422.272: [GC (Allocation Failure) [PSYoungGen: 66045K->1533K(66560K)] 385768K->321256K(716288K), 0.0016669 secs] [Times: user=0.00 sys=0.00, real=0.00 secs] 
2422.658: [GC (Allocation Failure) [PSYoungGen: 66045K->1533K(66560K)] 385768K->321272K(716288K), 0.0015663 secs] [Times: user=0.01 sys=0.00, real=0.00 secs] 
2423.170: [GC (Allocation Failure) [PSYoungGen: 66045K->1792K(66560K)] 385784K->321539K(716288K), 0.0020251 secs] [Times: user=0.00 sys=0.01, real=0.01 secs] 
2423.939: [GC (Allocation Failure) [PSYoungGen: 66304K->1408K(66560K)] 386051K->321155K(716288K), 0.0044423 secs] [Times: user=0.02 sys=0.00, real=0.01 secs] 
2424.545: [GC (Allocation Failure) [PSYoungGen: 65920K->1376K(66560K)] 385667K->321123K(716288K), 0.0030348 secs] [Times: user=0.01 sys=0.00, real=0.00 secs] 
2425.204: [GC (Allocation Failure) [PSYoungGen: 65888K->1408K(66560K)] 385635K->321155K(716288K), 0.0042014 secs] [Times: user=0.02 sys=0.00, real=0.00 secs] 
2426.038: [GC (Allocation Failure) [PSYoungGen: 65920K->1376K(66560K)] 385667K->321123K(716288K), 0.0023673 secs] [Times: user=0.00 sys=0.00, real=0.01 secs] 
2426.579: [GC (Allocation Failure) [PSYoungGen: 65879K->1504K(66560K)] 385626K->321251K(716288K), 0.0015819 secs] [Times: user=0.01 sys=0.00, real=0.01 secs] 
2426.965: [GC (Allocation Failure) [PSYoungGen: 66016K->1565K(66560K)] 385763K->321312K(716288K), 0.0018295 secs] [Times: user=0.00 sys=0.00, real=0.00 secs] 
2427.352: [GC (Allocation Failure) [PSYoungGen: 66051K->1565K(66560K)] 385798K->321320K(716288K), 0.0016173 secs] [Times: user=0.00 sys=0.00, real=0.00 secs] 
2427.740: [GC (Allocation Failure) [PSYoungGen: 66077K->1536K(66560K)] 385832K->321291K(716288K), 0.0017132 secs] [Times: user=0.01 sys=0.00, real=0.01 secs] 
2428.461: [GC (Allocation Failure) [PSYoungGen: 66048K->1392K(66560K)] 385803K->321147K(716288K), 0.0018549 secs] [Times: user=0.01 sys=0.00, real=0.00 secs] 
2429.092: [GC (Allocation Failure) [PSYoungGen: 65904K->1408K(66560K)] 385659K->321163K(716288K), 0.0019701 secs] [Times: user=0.01 sys=0.00, real=0.00 secs] 
2429.670: [GC (Allocation Failure) [PSYoungGen: 65920K->1408K(66560K)] 385675K->321179K(716288K), 0.0018782 secs] [Times: user=0.00 sys=0.00, real=0.01 secs] 
2430.212: [GC (Allocation Failure) [PSYoungGen: 65920K->1408K(66560K)] 385691K->321179K(716288K), 0.0020715 secs] [Times: user=0.01 sys=0.00, real=0.00 secs] 
2430.698: [GC (Allocation Failure) [PSYoungGen: 65920K->1517K(66560K)] 385691K->321288K(716288K), 0.0016418 secs] [Times: user=0.01 sys=0.00, real=0.00 secs] 
2431.086: [GC (Allocation Failure) [PSYoungGen: 66029K->1613K(66560K)] 385800K->321392K(716288K), 0.0016042 secs] [Times: user=0.01 sys=0.00, real=0.00 secs] 
2431.540: [GC (Allocation Failure) [PSYoungGen: 66122K->1533K(66560K)] 385902K->321320K(716288K), 0.0016599 secs] [Times: user=0.00 sys=0.00, real=0.01 secs] 
2431.981: [GC (Allocation Failure) [PSYoungGen: 66045K->1533K(66560K)] 385832K->321320K(716288K), 0.0016101 secs] [Times: user=0.00 sys=0.00, real=0.00 secs] 
2432.851: [GC (Allocation Failure) [PSYoungGen: 66045K->1424K(66560K)] 385832K->321211K(716288K), 0.0034684 secs] [Times: user=0.01 sys=0.00, real=0.00 secs] 
2433.994: [GC (Allocation Failure) [PSYoungGen: 65936K->1408K(66560K)] 385723K->321195K(716288K), 0.0044478 secs] [Times: user=0.02 sys=0.00, real=0.00 secs] 
2434.823: [GC (Allocation Failure) [PSYoungGen: 65920K->1376K(66560K)] 385707K->321163K(716288K), 0.0031980 secs] [Times: user=0.01 sys=0.00, real=0.00 secs] 
2435.345: [GC (Allocation Failure) [PSYoungGen: 65888K->1360K(66560K)] 385675K->321147K(716288K), 0.0031010 secs] [Times: user=0.01 sys=0.00, real=0.00 secs] 
2435.881: [GC (Allocation Failure) [PSYoungGen: 65851K->1469K(66560K)] 385638K->321256K(716288K), 0.0015760 secs] [Times: user=0.00 sys=0.00, real=0.00 secs] 
2436.265: [GC (Allocation Failure) [PSYoungGen: 65981K->1568K(66560K)] 385768K->321355K(716288K), 0.0015862 secs] [Times: user=0.01 sys=0.00, real=0.00 secs] 
2436.652: [GC (Allocation Failure) [PSYoungGen: 66080K->1568K(66560K)] 385867K->321355K(716288K), 0.0017268 secs] [Times: user=0.01 sys=0.00, real=0.00 secs] 
2437.102: [GC (Allocation Failure) [PSYoungGen: 66080K->1565K(66560K)] 385867K->321360K(716288K), 0.0016706 secs] [Times: user=0.00 sys=0.00, real=0.00 secs] 
2437.871: [GC (Allocation Failure) [PSYoungGen: 66077K->1456K(66560K)] 385872K->321251K(716288K), 0.0032107 secs] [Times: user=0.01 sys=0.00, real=0.00 secs] 
2438.482: [GC (Allocation Failure) [PSYoungGen: 65968K->1360K(66560K)] 385763K->321155K(716288K), 0.0021037 secs] [Times: user=0.00 sys=0.00, real=0.00 secs] 
2439.243: [GC (Allocation Failure) [PSYoungGen: 65872K->1376K(66560K)] 385667K->321171K(716288K), 0.0023371 secs] [Times: user=0.01 sys=0.00, real=0.00 secs] 
2439.876: [GC (Allocation Failure) [PSYoungGen: 65888K->1360K(66560K)] 385683K->321155K(716288K), 0.0023369 secs] [Times: user=0.01 sys=0.00, real=0.00 secs] 
2440.402: [GC (Allocation Failure) [PSYoungGen: 65863K->1485K(66560K)] 385659K->321312K(716288K), 0.0016163 secs] [Times: user=0.01 sys=0.01, real=0.00 secs] 
2440.789: [GC (Allocation Failure) [PSYoungGen: 65997K->1501K(66560K)] 385824K->321328K(716288K), 0.0016153 secs] [Times: user=0.01 sys=0.01, real=0.01 secs] 
2441.178: [GC (Allocation Failure) [PSYoungGen: 66013K->1568K(66560K)] 385840K->321395K(716288K), 0.0016182 secs] [Times: user=0.01 sys=0.00, real=0.00 secs] 
2441.564: [GC (Allocation Failure) [PSYoungGen: 66080K->1501K(66560K)] 385907K->321336K(716288K), 0.0017455 secs] [Times: user=0.01 sys=0.01, real=0.00 secs] 
2442.424: [GC (Allocation Failure) [PSYoungGen: 66013K->1456K(66560K)] 385848K->321291K(716288K), 0.0035761 secs] [Times: user=0.02 sys=0.00, real=0.00 secs] 
2443.227: [GC (Allocation Failure) [PSYoungGen: 65968K->1408K(66560K)] 385803K->321243K(716288K), 0.0032801 secs] [Times: user=0.01 sys=0.00, real=0.00 secs] 
2444.052: [GC (Allocation Failure) [PSYoungGen: 65920K->1408K(66560K)] 385755K->321243K(716288K), 0.0028312 secs] [Times: user=0.01 sys=0.00, real=0.00 secs] 
2444.607: [GC (Allocation Failure) [PSYoungGen: 65920K->1376K(66560K)] 385755K->321211K(716288K), 0.0033057 secs] [Times: user=0.01 sys=0.01, real=0.01 secs] 
2445.138: [GC (Allocation Failure) [PSYoungGen: 65887K->1501K(66560K)] 385722K->321336K(716288K), 0.0019842 secs] [Times: user=0.01 sys=0.00, real=0.00 secs] 
2445.551: [GC (Allocation Failure) [PSYoungGen: 66013K->1501K(66560K)] 385848K->321336K(716288K), 0.0015608 secs] [Times: user=0.01 sys=0.00, real=0.00 secs] 
2445.937: [GC (Allocation Failure) [PSYoungGen: 66013K->1565K(66560K)] 385848K->321400K(716288K), 0.0015071 secs] [Times: user=0.00 sys=0.00, real=0.00 secs] 
2446.323: [GC (Allocation Failure) [PSYoungGen: 66077K->1565K(66560K)] 385912K->321408K(716288K), 0.0016746 secs] [Times: user=0.01 sys=0.00, real=0.00 secs] 
2446.702: [GC (Allocation Failure) [PSYoungGen: 66077K->1472K(66560K)] 385920K->321315K(716288K), 0.0018527 secs] [Times: user=0.00 sys=0.00, real=0.00 secs] 
2447.065: [GC (Allocation Failure) [PSYoungGen: 65984K->1344K(66560K)] 385827K->321187K(716288K), 0.0018527 secs] [Times: user=0.01 sys=0.00, real=0.00 secs] 
2447.333: [GC (Allocation Failure) [PSYoungGen: 65856K->1408K(66560K)] 385699K->321251K(716288K), 0.0019640 secs] [Times: user=0.01 sys=0.00, real=0.00 secs] 
2447.601: [GC (Allocation Failure) [PSYoungGen: 65920K->1440K(66560K)] 385763K->321283K(716288K), 0.0017358 secs] [Times: user=0.01 sys=0.00, real=0.00 secs] 
2447.992: [GC (Allocation Failure) [PSYoungGen: 65952K->1376K(66560K)] 385795K->321219K(716288K), 0.0018831 secs] [Times: user=0.01 sys=0.00, real=0.00 secs] 
2448.518: [GC (Allocation Failure) [PSYoungGen: 65864K->1568K(66560K)] 385708K->321427K(716288K), 0.0017848 secs] [Times: user=0.00 sys=0.00, real=0.00 secs] 
2448.904: [GC (Allocation Failure) [PSYoungGen: 66080K->1533K(66560K)] 385939K->321392K(716288K), 0.0016637 secs] [Times: user=0.01 sys=0.00, real=0.00 secs] 
2449.291: [GC (Allocation Failure) [PSYoungGen: 66045K->1520K(66560K)] 385904K->321395K(716288K), 0.0016799 secs] [Times: user=0.01 sys=0.00, real=0.00 secs] 
2449.797: [GC (Allocation Failure) [PSYoungGen: 66032K->1472K(66560K)] 385907K->321347K(716288K), 0.0021132 secs] [Times: user=0.01 sys=0.00, real=0.00 secs] 
2450.099: [GC (Allocation Failure) [PSYoungGen: 65984K->1344K(66560K)] 385859K->321219K(716288K), 0.0021733 secs] [Times: user=0.01 sys=0.00, real=0.01 secs] 
2450.367: [GC (Allocation Failure) [PSYoungGen: 65856K->1408K(66560K)] 385731K->321283K(716288K), 0.0019167 secs] [Times: user=0.00 sys=0.01, real=0.00 secs] 
2450.648: [GC (Allocation Failure) [PSYoungGen: 65920K->1392K(66560K)] 385795K->321267K(716288K), 0.0019138 secs] [Times: user=0.01 sys=0.00, real=0.01 secs] 
2450.916: [GC (Allocation Failure) [PSYoungGen: 65904K->1376K(66560K)] 385779K->321251K(716288K), 0.0020124 secs] [Times: user=0.01 sys=0.00, real=0.00 secs] 
2451.309: [GC (Allocation Failure) [PSYoungGen: 65874K->1501K(66560K)] 385750K->321376K(716288K), 0.0015309 secs] [Times: user=0.01 sys=0.00, real=0.00 secs] 
2451.692: [GC (Allocation Failure) [PSYoungGen: 66013K->1501K(66560K)] 385888K->321376K(716288K), 0.0017018 secs] [Times: user=0.00 sys=0.00, real=0.00 secs] 
2452.079: [GC (Allocation Failure) [PSYoungGen: 66013K->1533K(66560K)] 385888K->321424K(716288K), 0.0016381 secs] [Times: user=0.01 sys=0.00, real=0.01 secs] 
2452.495: [GC (Allocation Failure) [PSYoungGen: 66045K->1632K(66560K)] 385936K->321523K(716288K), 0.0019556 secs] [Times: user=0.01 sys=0.00, real=0.00 secs] 
2452.759: [GC (Allocation Failure) [PSYoungGen: 66144K->1408K(66560K)] 386035K->321299K(716288K), 0.0018779 secs] [Times: user=0.01 sys=0.00, real=0.01 secs] 
2453.028: [GC (Allocation Failure) [PSYoungGen: 65920K->1408K(66560K)] 385811K->321299K(716288K), 0.0019410 secs] [Times: user=0.01 sys=0.00, real=0.00 secs] 
2453.296: [GC (Allocation Failure) [PSYoungGen: 65920K->1408K(66560K)] 385811K->321299K(716288K), 0.0020188 secs] [Times: user=0.01 sys=0.00, real=0.00 secs] 
2453.598: [GC (Allocation Failure) [PSYoungGen: 65920K->1344K(66560K)] 385811K->321235K(716288K), 0.0020945 secs] [Times: user=0.01 sys=0.00, real=0.00 secs] 
2453.978: [GC (Allocation Failure) [PSYoungGen: 65856K->1469K(66560K)] 385747K->321360K(716288K), 0.0015485 secs] [Times: user=0.00 sys=0.00, real=0.00 secs] 
2454.365: [GC (Allocation Failure) [PSYoungGen: 65981K->1533K(66560K)] 385872K->321424K(716288K), 0.0016189 secs] [Times: user=0.01 sys=0.00, real=0.00 secs] 
2454.750: [GC (Allocation Failure) [PSYoungGen: 66044K->1501K(66560K)] 385936K->321408K(716288K), 0.0016546 secs] [Times: user=0.01 sys=0.00, real=0.00 secs] 
2455.137: [GC (Allocation Failure) [PSYoungGen: 66013K->1565K(66560K)] 385920K->321472K(716288K), 0.0016600 secs] [Times: user=0.00 sys=0.00, real=0.00 secs] 
2456.446: [GC (Allocation Failure) [PSYoungGen: 66077K->1408K(66560K)] 385984K->321315K(716288K), 0.0040102 secs] [Times: user=0.02 sys=0.00, real=0.01 secs] 
2457.261: [GC (Allocation Failure) [PSYoungGen: 65920K->1408K(66560K)] 385827K->321315K(716288K), 0.0033310 secs] [Times: user=0.01 sys=0.00, real=0.00 secs] 
2457.655: [GC (Allocation Failure) [PSYoungGen: 65920K->1408K(66560K)] 385827K->321339K(716288K), 0.0019401 secs] [Times: user=0.01 sys=0.00, real=0.00 secs] 
2457.984: [GC (Allocation Failure) [PSYoungGen: 65920K->1360K(66560K)] 385851K->321291K(716288K), 0.0020523 secs] [Times: user=0.01 sys=0.00, real=0.00 secs] 
2458.437: [GC (Allocation Failure) [PSYoungGen: 65844K->1472K(66560K)] 385776K->321403K(716288K), 0.0014867 secs] [Times: user=0.00 sys=0.00, real=0.00 secs] 
2458.822: [GC (Allocation Failure) [PSYoungGen: 65984K->1549K(66560K)] 385915K->321480K(716288K), 0.0016830 secs] [Times: user=0.01 sys=0.00, real=0.00 secs] 
2459.209: [GC (Allocation Failure) [PSYoungGen: 66061K->1549K(66560K)] 385992K->321488K(716288K), 0.0016157 secs] [Times: user=0.01 sys=0.00, real=0.01 secs] 
2459.599: [GC (Allocation Failure) [PSYoungGen: 66061K->1501K(66560K)] 386000K->321440K(716288K), 0.0016373 secs] [Times: user=0.01 sys=0.00, real=0.01 secs] 
2460.620: [GC (Allocation Failure) [PSYoungGen: 66013K->1424K(66560K)] 385952K->321363K(716288K), 0.0035335 secs] [Times: user=0.02 sys=0.00, real=0.00 secs] 
2461.181: [GC (Allocation Failure) [PSYoungGen: 65936K->1376K(66560K)] 385875K->321315K(716288K), 0.0023155 secs] [Times: user=0.01 sys=0.00, real=0.00 secs] 
2461.727: [GC (Allocation Failure) [PSYoungGen: 65888K->1360K(66560K)] 385827K->321299K(716288K), 0.0022950 secs] [Times: user=0.01 sys=0.00, real=0.00 secs] 
2461.997: [GC (Allocation Failure) [PSYoungGen: 65872K->1408K(66560K)] 385811K->321347K(716288K), 0.0019698 secs] [Times: user=0.01 sys=0.00, real=0.00 secs] 
2462.542: [GC (Allocation Failure) [PSYoungGen: 65888K->1501K(66560K)] 385828K->321440K(716288K), 0.0015417 secs] [Times: user=0.01 sys=0.00, real=0.00 secs] 
2462.929: [GC (Allocation Failure) [PSYoungGen: 66013K->1565K(66560K)] 385952K->321504K(716288K), 0.0016230 secs] [Times: user=0.00 sys=0.00, real=0.01 secs] 
2463.316: [GC (Allocation Failure) [PSYoungGen: 66077K->1533K(66560K)] 386016K->321472K(716288K), 0.0016234 secs] [Times: user=0.00 sys=0.00, real=0.00 secs] 
2463.769: [GC (Allocation Failure) [PSYoungGen: 66040K->1536K(66560K)] 385979K->321483K(716288K), 0.0018012 secs] [Times: user=0.01 sys=0.01, real=0.01 secs] 
2464.469: [GC (Allocation Failure) [PSYoungGen: 66048K->1424K(66560K)] 385995K->321371K(716288K), 0.0042666 secs] [Times: user=0.02 sys=0.01, real=0.01 secs] 
2465.104: [GC (Allocation Failure) [PSYoungGen: 65936K->1408K(66560K)] 385883K->321355K(716288K), 0.0023826 secs] [Times: user=0.01 sys=0.00, real=0.00 secs] 
2465.366: [GC (Allocation Failure) [PSYoungGen: 65920K->1392K(66560K)] 385867K->321339K(716288K), 0.0020352 secs] [Times: user=0.01 sys=0.00, real=0.00 secs] 
2465.705: [GC (Allocation Failure) [PSYoungGen: 65904K->1376K(66560K)] 385851K->321323K(716288K), 0.0018968 secs] [Times: user=0.01 sys=0.00, real=0.00 secs] 
2466.025: [GC (Allocation Failure) [PSYoungGen: 65888K->1421K(66560K)] 385835K->321368K(716288K), 0.0016269 secs] [Times: user=0.01 sys=0.00, real=0.00 secs] 
2466.410: [GC (Allocation Failure) [PSYoungGen: 65933K->1533K(66560K)] 385880K->321480K(716288K), 0.0016369 secs] [Times: user=0.00 sys=0.00, real=0.01 secs] 
2466.799: [GC (Allocation Failure) [PSYoungGen: 66045K->1533K(66560K)] 385992K->321480K(716288K), 0.0015980 secs] [Times: user=0.00 sys=0.00, real=0.01 secs] 
2467.186: [GC (Allocation Failure) [PSYoungGen: 66042K->1533K(66560K)] 385989K->321488K(716288K), 0.0017377 secs] [Times: user=0.01 sys=0.00, real=0.00 secs] 
2467.720: [GC (Allocation Failure) [PSYoungGen: 66045K->1488K(66560K)] 386000K->321459K(716288K), 0.0019477 secs] [Times: user=0.00 sys=0.00, real=0.01 secs] 
2468.211: [GC (Allocation Failure) [PSYoungGen: 66000K->1376K(66560K)] 385971K->321347K(716288K), 0.0019461 secs] [Times: user=0.00 sys=0.00, real=0.00 secs] 
2468.498: [GC (Allocation Failure) [PSYoungGen: 65888K->1360K(66560K)] 385859K->321331K(716288K), 0.0022065 secs] [Times: user=0.01 sys=0.00, real=0.00 secs] 
2468.766: [GC (Allocation Failure) [PSYoungGen: 65872K->1344K(66560K)] 385843K->321323K(716288K), 0.0020119 secs] [Times: user=0.01 sys=0.00, real=0.00 secs] 
2469.101: [GC (Allocation Failure) [PSYoungGen: 65838K->1485K(66560K)] 385817K->321464K(716288K), 0.0014758 secs] [Times: user=0.00 sys=0.00, real=0.00 secs] 
2469.545: [GC (Allocation Failure) [PSYoungGen: 65997K->1520K(66560K)] 385976K->321499K(716288K), 0.0016842 secs] [Times: user=0.01 sys=0.00, real=0.00 secs] 
2469.939: [GC (Allocation Failure) [PSYoungGen: 66032K->1549K(66560K)] 386011K->321528K(716288K), 0.0016012 secs] [Times: user=0.00 sys=0.00, real=0.01 secs] 
2470.381: [GC (Allocation Failure) [PSYoungGen: 66061K->1453K(66560K)] 386040K->321440K(716288K), 0.0022190 secs] [Times: user=0.01 sys=0.00, real=0.00 secs] 
2471.444: [GC (Allocation Failure) [PSYoungGen: 65965K->1472K(66560K)] 385952K->321459K(716288K), 0.0040628 secs] [Times: user=0.02 sys=0.00, real=0.00 secs] 
2472.778: [GC (Allocation Failure) [PSYoungGen: 65984K->1376K(66560K)] 385971K->321363K(716288K), 0.0034572 secs] [Times: user=0.01 sys=0.00, real=0.01 secs] 
2473.481: [GC (Allocation Failure) [PSYoungGen: 65888K->1376K(66560K)] 385875K->321363K(716288K), 0.0032947 secs] [Times: user=0.02 sys=0.00, real=0.00 secs] 
2474.070: [GC (Allocation Failure) [PSYoungGen: 65888K->1376K(66560K)] 385875K->321363K(716288K), 0.0031768 secs] [Times: user=0.02 sys=0.00, real=0.01 secs] 
2474.670: [GC (Allocation Failure) [PSYoungGen: 65888K->1360K(66560K)] 385875K->321347K(716288K), 0.0028586 secs] [Times: user=0.02 sys=0.00, real=0.00 secs] 
2475.139: [GC (Allocation Failure) [PSYoungGen: 65844K->1536K(66560K)] 385831K->321523K(716288K), 0.0016043 secs] [Times: user=0.01 sys=0.00, real=0.01 secs] 
2475.527: [GC (Allocation Failure) [PSYoungGen: 66048K->1597K(66560K)] 386035K->321584K(716288K), 0.0017319 secs] [Times: user=0.01 sys=0.00, real=0.00 secs] 
2475.916: [GC (Allocation Failure) [PSYoungGen: 66109K->1536K(66560K)] 386096K->321531K(716288K), 0.0016600 secs] [Times: user=0.01 sys=0.00, real=0.00 secs] 
2476.929: [GC (Allocation Failure) [PSYoungGen: 66048K->1504K(66560K)] 386043K->321499K(716288K), 0.0042113 secs] [Times: user=0.01 sys=0.00, real=0.01 secs] 
2477.561: [GC (Allocation Failure) [PSYoungGen: 66016K->1408K(66560K)] 386011K->321403K(716288K), 0.0030575 secs] [Times: user=0.01 sys=0.00, real=0.00 secs] 
2478.092: [GC (Allocation Failure) [PSYoungGen: 65920K->1408K(66560K)] 385915K->321403K(716288K), 0.0025139 secs] [Times: user=0.01 sys=0.00, real=0.00 secs] 
2478.395: [GC (Allocation Failure) [PSYoungGen: 65920K->1408K(66560K)] 385915K->321403K(716288K), 0.0019904 secs] [Times: user=0.01 sys=0.00, real=0.00 secs] 
2478.662: [GC (Allocation Failure) [PSYoungGen: 65920K->1408K(66560K)] 385915K->321403K(716288K), 0.0019075 secs] [Times: user=0.01 sys=0.00, real=0.00 secs] 
2479.061: [GC (Allocation Failure) [PSYoungGen: 65920K->1504K(66560K)] 385915K->321499K(716288K), 0.0016395 secs] [Times: user=0.01 sys=0.00, real=0.00 secs] 
2479.448: [GC (Allocation Failure) [PSYoungGen: 66016K->1629K(66560K)] 386011K->321624K(716288K), 0.0015578 secs] [Times: user=0.01 sys=0.00, real=0.00 secs] 
2479.834: [GC (Allocation Failure) [PSYoungGen: 66141K->1565K(66560K)] 386136K->321584K(716288K), 0.0016794 secs] [Times: user=0.00 sys=0.00, real=0.00 secs] 
2480.457: [GC (Allocation Failure) [PSYoungGen: 66077K->1760K(66560K)] 386096K->321779K(716288K), 0.0041012 secs] [Times: user=0.01 sys=0.00, real=0.01 secs] 
2481.886: [GC (Allocation Failure) [PSYoungGen: 66272K->1440K(66560K)] 386291K->321459K(716288K), 0.0041618 secs] [Times: user=0.02 sys=0.00, real=0.00 secs] 
2482.807: [GC (Allocation Failure) [PSYoungGen: 65952K->1376K(66560K)] 385971K->321395K(716288K), 0.0039176 secs] [Times: user=0.01 sys=0.00, real=0.01 secs] 
2483.366: [GC (Allocation Failure) [PSYoungGen: 65888K->1376K(66560K)] 385907K->321395K(716288K), 0.0024163 secs] [Times: user=0.01 sys=0.01, real=0.00 secs] 
2483.664: [GC (Allocation Failure) [PSYoungGen: 65888K->1376K(66560K)] 385907K->321395K(716288K), 0.0019879 secs] [Times: user=0.01 sys=0.00, real=0.00 secs] 
2484.073: [GC (Allocation Failure) [PSYoungGen: 65878K->1488K(66560K)] 385897K->321507K(716288K), 0.0015315 secs] [Times: user=0.01 sys=0.00, real=0.00 secs] 
2484.456: [GC (Allocation Failure) [PSYoungGen: 66000K->1533K(66560K)] 386019K->321552K(716288K), 0.0016033 secs] [Times: user=0.01 sys=0.00, real=0.00 secs] 
2484.842: [GC (Allocation Failure) [PSYoungGen: 66014K->1536K(66560K)] 386033K->321563K(716288K), 0.0017166 secs] [Times: user=0.01 sys=0.00, real=0.00 secs] 
2485.288: [GC (Allocation Failure) [PSYoungGen: 66047K->1501K(66560K)] 386075K->321528K(716288K), 0.0018798 secs] [Times: user=0.00 sys=0.00, real=0.00 secs] 
2486.005: [GC (Allocation Failure) [PSYoungGen: 66013K->1408K(66560K)] 386040K->321435K(716288K), 0.0021759 secs] [Times: user=0.01 sys=0.00, real=0.00 secs] 
2486.591: [GC (Allocation Failure) [PSYoungGen: 65920K->1408K(66560K)] 385947K->321435K(716288K), 0.0034737 secs] [Times: user=0.01 sys=0.00, real=0.00 secs] 
2486.938: [GC (Allocation Failure) [PSYoungGen: 65920K->1360K(66560K)] 385947K->321387K(716288K), 0.0021774 secs] [Times: user=0.01 sys=0.00, real=0.01 secs] 
2487.247: [GC (Allocation Failure) [PSYoungGen: 65872K->1344K(66560K)] 385899K->321371K(716288K), 0.0019902 secs] [Times: user=0.01 sys=0.00, real=0.00 secs] 
2487.661: [GC (Allocation Failure) [PSYoungGen: 65855K->1501K(66560K)] 385883K->321528K(716288K), 0.0015685 secs] [Times: user=0.00 sys=0.00, real=0.00 secs] 
2488.047: [GC (Allocation Failure) [PSYoungGen: 66013K->1533K(66560K)] 386040K->321560K(716288K), 0.0017540 secs] [Times: user=0.01 sys=0.00, real=0.00 secs] 
2488.501: [GC (Allocation Failure) [PSYoungGen: 66045K->1565K(66560K)] 386072K->321600K(716288K), 0.0016262 secs] [Times: user=0.01 sys=0.00, real=0.00 secs] 
2488.887: [GC (Allocation Failure) [PSYoungGen: 66060K->1533K(66560K)] 386095K->321592K(716288K), 0.0016373 secs] [Times: user=0.01 sys=0.00, real=0.00 secs] 
2491.022: [GC (Allocation Failure) [PSYoungGen: 66045K->1424K(66560K)] 386104K->321483K(716288K), 0.0039170 secs] [Times: user=0.02 sys=0.00, real=0.00 secs] 
2491.379: [GC (Allocation Failure) [PSYoungGen: 65936K->1344K(66560K)] 385995K->321403K(716288K), 0.0020315 secs] [Times: user=0.01 sys=0.00, real=0.01 secs] 
2491.647: [GC (Allocation Failure) [PSYoungGen: 65856K->1408K(66560K)] 385915K->321467K(716288K), 0.0021184 secs] [Times: user=0.00 sys=0.00, real=0.00 secs] 
2491.915: [GC (Allocation Failure) [PSYoungGen: 65920K->1408K(66560K)] 385979K->321467K(716288K), 0.0019679 secs] [Times: user=0.00 sys=0.00, real=0.00 secs] 
2492.277: [GC (Allocation Failure) [PSYoungGen: 65920K->1453K(66560K)] 385979K->321512K(716288K), 0.0014387 secs] [Times: user=0.00 sys=0.00, real=0.00 secs] 
2492.665: [GC (Allocation Failure) [PSYoungGen: 65951K->1517K(66560K)] 386010K->321576K(716288K), 0.0017165 secs] [Times: user=0.00 sys=0.00, real=0.00 secs] 
2493.114: [GC (Allocation Failure) [PSYoungGen: 66029K->1565K(66560K)] 386088K->321624K(716288K), 0.0016628 secs] [Times: user=0.00 sys=0.00, real=0.00 secs] 
2493.499: [GC (Allocation Failure) [PSYoungGen: 66072K->1565K(66560K)] 386132K->321640K(716288K), 0.0016362 secs] [Times: user=0.00 sys=0.00, real=0.01 secs] 
2493.865: [GC (Allocation Failure) [PSYoungGen: 66077K->1456K(66560K)] 386152K->321531K(716288K), 0.0024556 secs] [Times: user=0.01 sys=0.00, real=0.00 secs] 
2494.210: [GC (Allocation Failure) [PSYoungGen: 65968K->1408K(66560K)] 386043K->321483K(716288K), 0.0018778 secs] [Times: user=0.01 sys=0.00, real=0.01 secs] 
2494.531: [GC (Allocation Failure) [PSYoungGen: 65920K->1376K(66560K)] 385995K->321451K(716288K), 0.0019518 secs] [Times: user=0.01 sys=0.00, real=0.00 secs] 
2494.814: [GC (Allocation Failure) [PSYoungGen: 65888K->1376K(66560K)] 385963K->321451K(716288K), 0.0021098 secs] [Times: user=0.01 sys=0.00, real=0.00 secs] 
2495.183: [GC (Allocation Failure) [PSYoungGen: 65872K->1469K(66560K)] 385947K->321544K(716288K), 0.0015228 secs] [Times: user=0.01 sys=0.00, real=0.00 secs] 
2495.570: [GC (Allocation Failure) [PSYoungGen: 65981K->1568K(66560K)] 386056K->321643K(716288K), 0.0016206 secs] [Times: user=0.01 sys=0.00, real=0.01 secs] 
2495.959: [GC (Allocation Failure) [PSYoungGen: 66080K->1501K(66560K)] 386155K->321576K(716288K), 0.0016081 secs] [Times: user=0.01 sys=0.00, real=0.01 secs] 
2496.345: [GC (Allocation Failure) [PSYoungGen: 66010K->1581K(66560K)] 386085K->321688K(716288K), 0.0017830 secs] [Times: user=0.00 sys=0.00, real=0.00 secs] 
2496.815: [GC (Allocation Failure) [PSYoungGen: 66093K->1456K(66560K)] 386200K->321563K(716288K), 0.0018019 secs] [Times: user=0.01 sys=0.00, real=0.00 secs] 
2497.387: [GC (Allocation Failure) [PSYoungGen: 65968K->1376K(66560K)] 386075K->321483K(716288K), 0.0026194 secs] [Times: user=0.01 sys=0.00, real=0.00 secs] 
2498.208: [GC (Allocation Failure) [PSYoungGen: 65888K->1392K(66560K)] 385995K->321499K(716288K), 0.0033898 secs] [Times: user=0.02 sys=0.00, real=0.01 secs] 
2498.866: [GC (Allocation Failure) [PSYoungGen: 65904K->1376K(66560K)] 386011K->321483K(716288K), 0.0033016 secs] [Times: user=0.01 sys=0.00, real=0.00 secs] 
2499.632: [GC (Allocation Failure) [PSYoungGen: 65888K->1456K(66560K)] 385995K->321563K(716288K), 0.0018283 secs] [Times: user=0.01 sys=0.00, real=0.00 secs] 
2500.047: [GC (Allocation Failure) [PSYoungGen: 65968K->1533K(66560K)] 386075K->321640K(716288K), 0.0015792 secs] [Times: user=0.01 sys=0.00, real=0.00 secs] 
2500.434: [GC (Allocation Failure) [PSYoungGen: 66026K->1501K(66560K)] 386134K->321608K(716288K), 0.0016836 secs] [Times: user=0.00 sys=0.00, real=0.00 secs] 
2500.830: [GC (Allocation Failure) [PSYoungGen: 66013K->1600K(66560K)] 386120K->321715K(716288K), 0.0016718 secs] [Times: user=0.00 sys=0.00, real=0.01 secs] 
2501.266: [GC (Allocation Failure) [PSYoungGen: 66112K->1456K(66560K)] 386227K->321571K(716288K), 0.0019625 secs] [Times: user=0.01 sys=0.00, real=0.00 secs] 
2501.585: [GC (Allocation Failure) [PSYoungGen: 65968K->1408K(66560K)] 386083K->321523K(716288K), 0.0019654 secs] [Times: user=0.01 sys=0.00, real=0.00 secs] 
2501.862: [GC (Allocation Failure) [PSYoungGen: 65920K->1376K(66560K)] 386035K->321491K(716288K), 0.0019632 secs] [Times: user=0.01 sys=0.00, real=0.00 secs] 
2502.208: [GC (Allocation Failure) [PSYoungGen: 65888K->1344K(66560K)] 386003K->321459K(716288K), 0.0020581 secs] [Times: user=0.01 sys=0.00, real=0.00 secs] 
2502.527: [GC (Allocation Failure) [PSYoungGen: 65856K->1456K(66560K)] 385971K->321571K(716288K), 0.0020162 secs] [Times: user=0.00 sys=0.00, real=0.00 secs] 
2502.944: [GC (Allocation Failure) [PSYoungGen: 65968K->1533K(66560K)] 386083K->321648K(716288K), 0.0017664 secs] [Times: user=0.00 sys=0.01, real=0.00 secs] 
2503.331: [GC (Allocation Failure) [PSYoungGen: 66020K->1533K(66560K)] 386136K->321648K(716288K), 0.0015828 secs] [Times: user=0.01 sys=0.00, real=0.00 secs] 
2503.721: [GC (Allocation Failure) [PSYoungGen: 66045K->1533K(66560K)] 386160K->321664K(716288K), 0.0015510 secs] [Times: user=0.00 sys=0.00, real=0.00 secs] 
2504.181: [GC (Allocation Failure) [PSYoungGen: 66045K->1472K(66560K)] 386176K->321603K(716288K), 0.0021175 secs] [Times: user=0.01 sys=0.00, real=0.00 secs] 
2504.803: [GC (Allocation Failure) [PSYoungGen: 65984K->1376K(66560K)] 386115K->321507K(716288K), 0.0022081 secs] [Times: user=0.01 sys=0.00, real=0.00 secs] 
2505.078: [GC (Allocation Failure) [PSYoungGen: 65888K->1408K(66560K)] 386019K->321539K(716288K), 0.0019466 secs] [Times: user=0.01 sys=0.00, real=0.00 secs] 
2505.389: [GC (Allocation Failure) [PSYoungGen: 65920K->1408K(66560K)] 386051K->321539K(716288K), 0.0021434 secs] [Times: user=0.01 sys=0.00, real=0.01 secs] 
2505.686: [GC (Allocation Failure) [PSYoungGen: 65920K->1344K(66560K)] 386051K->321475K(716288K), 0.0020039 secs] [Times: user=0.01 sys=0.00, real=0.00 secs] 
2506.123: [GC (Allocation Failure) [PSYoungGen: 65846K->1533K(66560K)] 385978K->321664K(716288K), 0.0016271 secs] [Times: user=0.00 sys=0.00, real=0.00 secs] 
2506.509: [GC (Allocation Failure) [PSYoungGen: 66045K->1565K(66560K)] 386176K->321712K(716288K), 0.0016205 secs] [Times: user=0.01 sys=0.00, real=0.01 secs] 
2506.896: [GC (Allocation Failure) [PSYoungGen: 66077K->1533K(66560K)] 386224K->321696K(716288K), 0.0017009 secs] [Times: user=0.01 sys=0.00, real=0.00 secs] 
2507.314: [GC (Allocation Failure) [PSYoungGen: 66045K->2032K(66560K)] 386208K->322195K(716288K), 0.0022121 secs] [Times: user=0.00 sys=0.00, real=0.00 secs] 
2507.583: [GC (Allocation Failure) [PSYoungGen: 66544K->1344K(66560K)] 386707K->321507K(716288K), 0.0015938 secs] [Times: user=0.00 sys=0.00, real=0.00 secs] 
2507.871: [GC (Allocation Failure) [PSYoungGen: 65856K->1408K(66560K)] 386019K->321571K(716288K), 0.0016579 secs] [Times: user=0.01 sys=0.00, real=0.00 secs] 
2508.183: [GC (Allocation Failure) [PSYoungGen: 65920K->1376K(66560K)] 386083K->321539K(716288K), 0.0015242 secs] [Times: user=0.01 sys=0.00, real=0.00 secs] 
2508.547: [GC (Allocation Failure) [PSYoungGen: 65888K->1408K(66560K)] 386051K->321571K(716288K), 0.0018827 secs] [Times: user=0.01 sys=0.00, real=0.00 secs] 
2508.969: [GC (Allocation Failure) [PSYoungGen: 65894K->1456K(66560K)] 386057K->321619K(716288K), 0.0015378 secs] [Times: user=0.01 sys=0.00, real=0.01 secs] 
2509.353: [GC (Allocation Failure) [PSYoungGen: 65968K->1552K(66560K)] 386131K->321715K(716288K), 0.0018214 secs] [Times: user=0.01 sys=0.00, real=0.00 secs] 
2509.741: [GC (Allocation Failure) [PSYoungGen: 66064K->1533K(66560K)] 386227K->321704K(716288K), 0.0015677 secs] [Times: user=0.01 sys=0.00, real=0.00 secs] 
2510.126: [GC (Allocation Failure) [PSYoungGen: 66045K->1565K(66560K)] 386216K->321736K(716288K), 0.0015497 secs] [Times: user=0.01 sys=0.00, real=0.00 secs] 
2510.779: [GC (Allocation Failure) [PSYoungGen: 66077K->1440K(66560K)] 386248K->321611K(716288K), 0.0027405 secs] [Times: user=0.01 sys=0.00, real=0.01 secs] 
2511.314: [GC (Allocation Failure) [PSYoungGen: 65952K->1408K(66560K)] 386123K->321579K(716288K), 0.0022099 secs] [Times: user=0.01 sys=0.00, real=0.00 secs] 
2511.974: [GC (Allocation Failure) [PSYoungGen: 65920K->1408K(66560K)] 386091K->321579K(716288K), 0.0024482 secs] [Times: user=0.01 sys=0.00, real=0.00 secs] 
2512.769: [GC (Allocation Failure) [PSYoungGen: 65920K->1408K(66560K)] 386091K->321579K(716288K), 0.0021543 secs] [Times: user=0.01 sys=0.01, real=0.01 secs] 
2513.256: [GC (Allocation Failure) [PSYoungGen: 65889K->1565K(66560K)] 386061K->321736K(716288K), 0.0016512 secs] [Times: user=0.00 sys=0.00, real=0.00 secs] 
2513.642: [GC (Allocation Failure) [PSYoungGen: 66077K->1597K(66560K)] 386248K->321768K(716288K), 0.0017197 secs] [Times: user=0.01 sys=0.00, real=0.00 secs] 
2514.083: [GC (Allocation Failure) [PSYoungGen: 66109K->1629K(66560K)] 386280K->321808K(716288K), 0.0016286 secs] [Times: user=0.00 sys=0.00, real=0.00 secs] 
2514.468: [GC (Allocation Failure) [PSYoungGen: 66128K->1597K(66560K)] 386307K->321776K(716288K), 0.0016672 secs] [Times: user=0.01 sys=0.00, real=0.00 secs] 
2515.561: [GC (Allocation Failure) [PSYoungGen: 66109K->1424K(66560K)] 386288K->321603K(716288K), 0.0029336 secs] [Times: user=0.02 sys=0.00, real=0.00 secs] 
2516.135: [GC (Allocation Failure) [PSYoungGen: 65936K->1376K(66560K)] 386115K->321555K(716288K), 0.0025700 secs] [Times: user=0.01 sys=0.00, real=0.00 secs] 
2516.696: [GC (Allocation Failure) [PSYoungGen: 65888K->1344K(66560K)] 386067K->321523K(716288K), 0.0039231 secs] [Times: user=0.01 sys=0.00, real=0.00 secs] 
2517.253: [GC (Allocation Failure) [PSYoungGen: 65856K->1408K(66560K)] 386035K->321587K(716288K), 0.0030168 secs] [Times: user=0.01 sys=0.00, real=0.00 secs] 
2517.818: [GC (Allocation Failure) [PSYoungGen: 65920K->1533K(66560K)] 386099K->321712K(716288K), 0.0015284 secs] [Times: user=0.00 sys=0.00, real=0.00 secs] 
2518.204: [GC (Allocation Failure) [PSYoungGen: 66045K->1533K(66560K)] 386224K->321712K(716288K), 0.0018561 secs] [Times: user=0.00 sys=0.00, real=0.00 secs] 
2518.656: [GC (Allocation Failure) [PSYoungGen: 66039K->1533K(66560K)] 386219K->321712K(716288K), 0.0016072 secs] [Times: user=0.01 sys=0.00, real=0.00 secs] 
2519.041: [GC (Allocation Failure) [PSYoungGen: 66045K->1565K(66560K)] 386224K->321760K(716288K), 0.0016391 secs] [Times: user=0.00 sys=0.00, real=0.00 secs] 
2519.567: [GC (Allocation Failure) [PSYoungGen: 66077K->1392K(66560K)] 386272K->321611K(716288K), 0.0026698 secs] [Times: user=0.02 sys=0.00, real=0.00 secs] 
2519.828: [GC (Allocation Failure) [PSYoungGen: 65904K->1344K(66560K)] 386123K->321563K(716288K), 0.0020219 secs] [Times: user=0.01 sys=0.00, real=0.00 secs] 
2520.096: [GC (Allocation Failure) [PSYoungGen: 65856K->1376K(66560K)] 386075K->321595K(716288K), 0.0018189 secs] [Times: user=0.00 sys=0.00, real=0.00 secs] 
2520.364: [GC (Allocation Failure) [PSYoungGen: 65888K->1376K(66560K)] 386107K->321595K(716288K), 0.0019541 secs] [Times: user=0.01 sys=0.00, real=0.00 secs] 
2520.761: [GC (Allocation Failure) [PSYoungGen: 65882K->1469K(66560K)] 386102K->321688K(716288K), 0.0014697 secs] [Times: user=0.01 sys=0.00, real=0.00 secs] 
2521.154: [GC (Allocation Failure) [PSYoungGen: 65981K->1568K(66560K)] 386200K->321787K(716288K), 0.0016920 secs] [Times: user=0.01 sys=0.00, real=0.00 secs] 
2521.544: [GC (Allocation Failure) [PSYoungGen: 66080K->1501K(66560K)] 386299K->321720K(716288K), 0.0016963 secs] [Times: user=0.01 sys=0.00, real=0.00 secs] 
2521.929: [GC (Allocation Failure) [PSYoungGen: 66013K->1533K(66560K)] 386232K->321760K(716288K), 0.0016632 secs] [Times: user=0.00 sys=0.00, real=0.01 secs] 
2522.526: [GC (Allocation Failure) [PSYoungGen: 66045K->1440K(66560K)] 386272K->321667K(716288K), 0.0021177 secs] [Times: user=0.01 sys=0.00, real=0.00 secs] 
2523.162: [GC (Allocation Failure) [PSYoungGen: 65952K->1376K(66560K)] 386179K->321603K(716288K), 0.0039848 secs] [Times: user=0.01 sys=0.01, real=0.00 secs] 
2523.508: [GC (Allocation Failure) [PSYoungGen: 65888K->1344K(66560K)] 386115K->321571K(716288K), 0.0021425 secs] [Times: user=0.01 sys=0.00, real=0.00 secs] 
2523.776: [GC (Allocation Failure) [PSYoungGen: 65856K->1344K(66560K)] 386083K->321571K(716288K), 0.0017750 secs] [Times: user=0.01 sys=0.00, real=0.00 secs] 
2524.149: [GC (Allocation Failure) [PSYoungGen: 65831K->1453K(66560K)] 386058K->321680K(716288K), 0.0015495 secs] [Times: user=0.01 sys=0.00, real=0.01 secs] 
2524.534: [GC (Allocation Failure) [PSYoungGen: 65965K->1565K(66560K)] 386192K->321792K(716288K), 0.0015962 secs] [Times: user=0.01 sys=0.00, real=0.00 secs] 
2524.981: [GC (Allocation Failure) [PSYoungGen: 66077K->1533K(66560K)] 386304K->321760K(716288K), 0.0016599 secs] [Times: user=0.00 sys=0.00, real=0.00 secs] 
2525.367: [GC (Allocation Failure) [PSYoungGen: 66045K->1565K(66560K)] 386272K->321800K(716288K), 0.0016423 secs] [Times: user=0.01 sys=0.00, real=0.00 secs] 
2526.111: [GC (Allocation Failure) [PSYoungGen: 66077K->1456K(66560K)] 386312K->321691K(716288K), 0.0033518 secs] [Times: user=0.01 sys=0.00, real=0.00 secs] 
2526.385: [GC (Allocation Failure) [PSYoungGen: 65968K->1344K(66560K)] 386203K->321579K(716288K), 0.0020498 secs] [Times: user=0.01 sys=0.01, real=0.00 secs] 
2526.653: [GC (Allocation Failure) [PSYoungGen: 65856K->1344K(66560K)] 386091K->321579K(716288K), 0.0020844 secs] [Times: user=0.01 sys=0.00, real=0.00 secs] 
2526.921: [GC (Allocation Failure) [PSYoungGen: 65856K->1408K(66560K)] 386091K->321643K(716288K), 0.0020179 secs] [Times: user=0.00 sys=0.00, real=0.00 secs] 
2527.224: [GC (Allocation Failure) [PSYoungGen: 65920K->1373K(66560K)] 386155K->321624K(716288K), 0.0021708 secs] [Times: user=0.01 sys=0.00, real=0.00 secs] 
2527.716: [GC (Allocation Failure) [PSYoungGen: 65885K->1533K(66560K)] 386136K->321784K(716288K), 0.0016086 secs] [Times: user=0.01 sys=0.00, real=0.00 secs] 
2528.102: [GC (Allocation Failure) [PSYoungGen: 66017K->1533K(66560K)] 386269K->321792K(716288K), 0.0015705 secs] [Times: user=0.01 sys=0.00, real=0.00 secs] 
2528.488: [GC (GCLocker Initiated GC) [PSYoungGen: 66045K->1488K(66560K)] 386304K->321755K(716288K), 0.0015794 secs] [Times: user=0.01 sys=0.00, real=0.00 secs] 
2529.966: [GC (Allocation Failure) [PSYoungGen: 66000K->1504K(66560K)] 386270K->321774K(716288K), 0.0049598 secs] [Times: user=0.02 sys=0.00, real=0.01 secs] 
2530.295: [GC (Allocation Failure) [PSYoungGen: 66016K->1344K(66560K)] 386286K->321614K(716288K), 0.0020476 secs] [Times: user=0.00 sys=0.00, real=0.00 secs] 
2530.564: [GC (Allocation Failure) [PSYoungGen: 65856K->1408K(66560K)] 386126K->321678K(716288K), 0.0018541 secs] [Times: user=0.01 sys=0.00, real=0.00 secs] 
2530.832: [GC (Allocation Failure) [PSYoungGen: 65920K->1344K(66560K)] 386190K->321614K(716288K), 0.0019671 secs] [Times: user=0.01 sys=0.00, real=0.00 secs] 
2531.100: [GC (Allocation Failure) [PSYoungGen: 65856K->1408K(66560K)] 386126K->321678K(716288K), 0.0019105 secs] [Times: user=0.00 sys=0.00, real=0.01 secs] 
2531.522: [GC (Allocation Failure) [PSYoungGen: 65920K->1613K(66560K)] 386190K->321891K(716288K), 0.0015905 secs] [Times: user=0.01 sys=0.00, real=0.00 secs] 
2531.972: [GC (Allocation Failure) [PSYoungGen: 66125K->1629K(66560K)] 386403K->321907K(716288K), 0.0016330 secs] [Times: user=0.01 sys=0.00, real=0.00 secs] 
2532.359: [GC (Allocation Failure) [PSYoungGen: 66141K->1629K(66560K)] 386419K->321915K(716288K), 0.0019185 secs] [Times: user=0.01 sys=0.00, real=0.01 secs] 
2532.757: [GC (Allocation Failure) [PSYoungGen: 66141K->2016K(66560K)] 386427K->322302K(716288K), 0.0019487 secs] [Times: user=0.01 sys=0.00, real=0.00 secs] 
2533.030: [GC (Allocation Failure) [PSYoungGen: 66528K->1440K(66560K)] 386814K->321726K(716288K), 0.0021843 secs] [Times: user=0.01 sys=0.00, real=0.01 secs] 
2533.296: [GC (Allocation Failure) [PSYoungGen: 65952K->1408K(66560K)] 386238K->321694K(716288K), 0.0019030 secs] [Times: user=0.01 sys=0.00, real=0.00 secs] 
2533.564: [GC (Allocation Failure) [PSYoungGen: 65920K->1440K(66560K)] 386206K->321726K(716288K), 0.0019714 secs] [Times: user=0.01 sys=0.00, real=0.00 secs] 
2533.832: [GC (Allocation Failure) [PSYoungGen: 65952K->1440K(66560K)] 386238K->321726K(716288K), 0.0021250 secs] [Times: user=0.01 sys=0.00, real=0.00 secs] 
2534.229: [GC (Allocation Failure) [PSYoungGen: 65931K->1533K(66560K)] 386217K->321819K(716288K), 0.0015283 secs] [Times: user=0.00 sys=0.00, real=0.01 secs] 
2534.616: [GC (Allocation Failure) [PSYoungGen: 66045K->1597K(66560K)] 386331K->321883K(716288K), 0.0017034 secs] [Times: user=0.01 sys=0.00, real=0.00 secs] 
2535.003: [GC (Allocation Failure) [PSYoungGen: 66108K->1517K(66560K)] 386395K->321851K(716288K), 0.0016962 secs] [Times: user=0.00 sys=0.00, real=0.00 secs] 
2535.390: [GC (Allocation Failure) [PSYoungGen: 66029K->1533K(66560K)] 386363K->321867K(716288K), 0.0015953 secs] [Times: user=0.01 sys=0.00, real=0.01 secs] 
2536.201: [GC (Allocation Failure) [PSYoungGen: 66045K->1408K(66560K)] 386379K->321742K(716288K), 0.0020595 secs] [Times: user=0.00 sys=0.00, real=0.00 secs] 
2536.835: [GC (Allocation Failure) [PSYoungGen: 65920K->1344K(66560K)] 386254K->321694K(716288K), 0.0022551 secs] [Times: user=0.01 sys=0.00, real=0.00 secs] 
2537.509: [GC (Allocation Failure) [PSYoungGen: 65856K->1376K(66560K)] 386206K->321726K(716288K), 0.0021321 secs] [Times: user=0.01 sys=0.00, real=0.01 secs] 
2538.308: [GC (Allocation Failure) [PSYoungGen: 65888K->1376K(66560K)] 386238K->321726K(716288K), 0.0025712 secs] [Times: user=0.01 sys=0.00, real=0.01 secs] 
2538.925: [GC (Allocation Failure) [PSYoungGen: 65888K->1501K(66560K)] 386238K->321851K(716288K), 0.0015265 secs] [Times: user=0.00 sys=0.00, real=0.00 secs] 
2539.312: [GC (Allocation Failure) [PSYoungGen: 65981K->1533K(66560K)] 386331K->321883K(716288K), 0.0016321 secs] [Times: user=0.00 sys=0.00, real=0.00 secs] 
2539.698: [GC (Allocation Failure) [PSYoungGen: 66045K->1520K(66560K)] 386395K->321878K(716288K), 0.0016460 secs] [Times: user=0.01 sys=0.00, real=0.00 secs] 
2540.083: [GC (Allocation Failure) [PSYoungGen: 66031K->1533K(66560K)] 386390K->321891K(716288K), 0.0015740 secs] [Times: user=0.01 sys=0.00, real=0.00 secs] 
2540.542: [GC (Allocation Failure) [PSYoungGen: 66045K->1392K(66560K)] 386403K->321750K(716288K), 0.0018941 secs] [Times: user=0.01 sys=0.00, real=0.00 secs] 
2541.267: [GC (Allocation Failure) [PSYoungGen: 65904K->1344K(66560K)] 386262K->321702K(716288K), 0.0036267 secs] [Times: user=0.01 sys=0.00, real=0.01 secs] 
2542.138: [GC (Allocation Failure) [PSYoungGen: 65856K->1376K(66560K)] 386214K->321734K(716288K), 0.0033507 secs] [Times: user=0.01 sys=0.00, real=0.01 secs] 
2542.952: [GC (Allocation Failure) [PSYoungGen: 65888K->1424K(66560K)] 386246K->321782K(716288K), 0.0032356 secs] [Times: user=0.01 sys=0.00, real=0.00 secs] 
2543.645: [GC (Allocation Failure) [PSYoungGen: 65924K->1485K(66560K)] 386283K->321843K(716288K), 0.0015418 secs] [Times: user=0.01 sys=0.00, real=0.00 secs] 
2544.093: [GC (Allocation Failure) [PSYoungGen: 65997K->1565K(66560K)] 386355K->321923K(716288K), 0.0017833 secs] [Times: user=0.00 sys=0.00, real=0.00 secs] 
2544.481: [GC (Allocation Failure) [PSYoungGen: 66050K->1533K(66560K)] 386408K->321891K(716288K), 0.0018685 secs] [Times: user=0.01 sys=0.00, real=0.00 secs] 
2544.870: [GC (Allocation Failure) [PSYoungGen: 66045K->1597K(66560K)] 386403K->321963K(716288K), 0.0016352 secs] [Times: user=0.01 sys=0.00, real=0.01 secs] 
2545.202: [GC (Allocation Failure) [PSYoungGen: 66109K->1472K(66560K)] 386475K->321838K(716288K), 0.0023971 secs] [Times: user=0.00 sys=0.00, real=0.00 secs] 
2545.471: [GC (Allocation Failure) [PSYoungGen: 65984K->1440K(66560K)] 386350K->321806K(716288K), 0.0020907 secs] [Times: user=0.01 sys=0.00, real=0.00 secs] 
2545.740: [GC (Allocation Failure) [PSYoungGen: 65952K->1440K(66560K)] 386318K->321806K(716288K), 0.0019818 secs] [Times: user=0.01 sys=0.00, real=0.01 secs] 
2546.008: [GC (Allocation Failure) [PSYoungGen: 65952K->1440K(66560K)] 386318K->321806K(716288K), 0.0020277 secs] [Times: user=0.01 sys=0.00, real=0.00 secs] 
2546.379: [GC (Allocation Failure) [PSYoungGen: 65952K->1504K(66560K)] 386318K->321870K(716288K), 0.0015231 secs] [Times: user=0.01 sys=0.00, real=0.01 secs] 
2546.768: [GC (Allocation Failure) [PSYoungGen: 66003K->1597K(66560K)] 386370K->321963K(716288K), 0.0016290 secs] [Times: user=0.01 sys=0.00, real=0.00 secs] 
2547.153: [GC (Allocation Failure) [PSYoungGen: 66109K->1629K(66560K)] 386475K->321995K(716288K), 0.0016919 secs] [Times: user=0.01 sys=0.00, real=0.00 secs] 
2547.539: [GC (Allocation Failure) [PSYoungGen: 66141K->1597K(66560K)] 386507K->321971K(716288K), 0.0015661 secs] [Times: user=0.01 sys=0.00, real=0.01 secs] 
2547.887: [GC (Allocation Failure) [PSYoungGen: 66109K->1424K(66560K)] 386483K->321814K(716288K), 0.0017732 secs] [Times: user=0.01 sys=0.00, real=0.00 secs] 
2548.157: [GC (Allocation Failure) [PSYoungGen: 65936K->1376K(66560K)] 386326K->321766K(716288K), 0.0016507 secs] [Times: user=0.00 sys=0.00, real=0.00 secs] 
2548.425: [GC (Allocation Failure) [PSYoungGen: 65888K->1376K(66560K)] 386278K->321766K(716288K), 0.0018329 secs] [Times: user=0.00 sys=0.00, real=0.00 secs] 
2548.750: [GC (Allocation Failure) [PSYoungGen: 65888K->1344K(66560K)] 386278K->321734K(716288K), 0.0017527 secs] [Times: user=0.01 sys=0.00, real=0.01 secs] 
2549.334: [GC (Allocation Failure) [PSYoungGen: 65831K->1424K(66560K)] 386222K->321814K(716288K), 0.0015839 secs] [Times: user=0.01 sys=0.00, real=0.00 secs] 
2549.719: [GC (Allocation Failure) [PSYoungGen: 65936K->1565K(66560K)] 386326K->321955K(716288K), 0.0015917 secs] [Times: user=0.00 sys=0.00, real=0.01 secs] 
2550.172: [GC (Allocation Failure) [PSYoungGen: 66077K->1533K(66560K)] 386467K->321923K(716288K), 0.0016222 secs] [Times: user=0.01 sys=0.00, real=0.00 secs] 
2550.626: [GC (Allocation Failure) [PSYoungGen: 66045K->1520K(66560K)] 386435K->321918K(716288K), 0.0018601 secs] [Times: user=0.01 sys=0.00, real=0.00 secs] 
2551.055: [GC (Allocation Failure) [PSYoungGen: 66032K->1488K(66560K)] 386430K->321886K(716288K), 0.0026777 secs] [Times: user=0.01 sys=0.00, real=0.00 secs] 
2551.385: [GC (Allocation Failure) [PSYoungGen: 66000K->1376K(66560K)] 386398K->321774K(716288K), 0.0020526 secs] [Times: user=0.01 sys=0.00, real=0.00 secs] 
2551.665: [GC (Allocation Failure) [PSYoungGen: 65888K->1408K(66560K)] 386286K->321806K(716288K), 0.0018466 secs] [Times: user=0.01 sys=0.00, real=0.00 secs] 
2551.978: [GC (Allocation Failure) [PSYoungGen: 65920K->1408K(66560K)] 386318K->321806K(716288K), 0.0019139 secs] [Times: user=0.01 sys=0.00, real=0.00 secs] 
2552.299: [GC (Allocation Failure) [PSYoungGen: 65916K->1469K(66560K)] 386315K->321867K(716288K), 0.0015265 secs] [Times: user=0.00 sys=0.00, real=0.01 secs] 
2552.686: [GC (Allocation Failure) [PSYoungGen: 65981K->1533K(66560K)] 386379K->321931K(716288K), 0.0016256 secs] [Times: user=0.00 sys=0.00, real=0.00 secs] 
2553.073: [GC (Allocation Failure) [PSYoungGen: 66045K->1504K(66560K)] 386443K->321902K(716288K), 0.0017014 secs] [Times: user=0.01 sys=0.00, real=0.00 secs] 
2553.526: [GC (Allocation Failure) [PSYoungGen: 66016K->1501K(66560K)] 386414K->321907K(716288K), 0.0016149 secs] [Times: user=0.01 sys=0.00, real=0.00 secs] 
2554.047: [GC (Allocation Failure) [PSYoungGen: 66013K->1488K(66560K)] 386419K->321894K(716288K), 0.0020338 secs] [Times: user=0.01 sys=0.00, real=0.00 secs] 
2554.725: [GC (Allocation Failure) [PSYoungGen: 66000K->1344K(66560K)] 386406K->321750K(716288K), 0.0022171 secs] [Times: user=0.01 sys=0.00, real=0.00 secs] 
2555.441: [GC (Allocation Failure) [PSYoungGen: 65856K->1376K(66560K)] 386262K->321782K(716288K), 0.0038289 secs] [Times: user=0.02 sys=0.00, real=0.00 secs] 
2556.079: [GC (Allocation Failure) [PSYoungGen: 65888K->1408K(66560K)] 386294K->321814K(716288K), 0.0025763 secs] [Times: user=0.01 sys=0.00, real=0.01 secs] 
2556.681: [GC (Allocation Failure) [PSYoungGen: 65920K->1344K(66560K)] 386326K->321750K(716288K), 0.0025993 secs] [Times: user=0.01 sys=0.00, real=0.00 secs] 
2557.158: [GC (Allocation Failure) [PSYoungGen: 65856K->1501K(66560K)] 386262K->321907K(716288K), 0.0016799 secs] [Times: user=0.01 sys=0.00, real=0.00 secs] 
2557.608: [GC (Allocation Failure) [PSYoungGen: 65985K->1533K(66560K)] 386391K->321939K(716288K), 0.0017470 secs] [Times: user=0.00 sys=0.00, real=0.00 secs] 
2557.994: [GC (Allocation Failure) [PSYoungGen: 66045K->1565K(66560K)] 386451K->321987K(716288K), 0.0016990 secs] [Times: user=0.01 sys=0.00, real=0.00 secs] 
2558.408: [GC (Allocation Failure) [PSYoungGen: 66077K->2032K(66560K)] 386499K->322454K(716288K), 0.0020255 secs] [Times: user=0.00 sys=0.00, real=0.01 secs] 
2558.778: [GC (Allocation Failure) [PSYoungGen: 66544K->1408K(66560K)] 386966K->321830K(716288K), 0.0019318 secs] [Times: user=0.01 sys=0.00, real=0.00 secs] 
2559.098: [GC (Allocation Failure) [PSYoungGen: 65920K->1344K(66560K)] 386342K->321766K(716288K), 0.0022662 secs] [Times: user=0.01 sys=0.00, real=0.00 secs] 
2559.373: [GC (Allocation Failure) [PSYoungGen: 65856K->1376K(66560K)] 386278K->321798K(716288K), 0.0027308 secs] [Times: user=0.01 sys=0.00, real=0.00 secs] 
2559.641: [GC (Allocation Failure) [PSYoungGen: 65888K->1376K(66560K)] 386310K->321798K(716288K), 0.0019223 secs] [Times: user=0.00 sys=0.00, real=0.00 secs] 
2560.076: [GC (Allocation Failure) [PSYoungGen: 65888K->1488K(66560K)] 386310K->321910K(716288K), 0.0015487 secs] [Times: user=0.01 sys=0.00, real=0.00 secs] 
2560.461: [GC (Allocation Failure) [PSYoungGen: 66000K->1520K(66560K)] 386422K->321942K(716288K), 0.0015674 secs] [Times: user=0.00 sys=0.00, real=0.00 secs] 
2560.847: [GC (Allocation Failure) [PSYoungGen: 66022K->1565K(66560K)] 386445K->322003K(716288K), 0.0015841 secs] [Times: user=0.01 sys=0.00, real=0.00 secs] 
2561.230: [GC (Allocation Failure) [PSYoungGen: 65486K->352K(66560K)] 385925K->320790K(716288K), 0.0018510 secs] [Times: user=0.00 sys=0.00, real=0.01 secs] 
2561.693: [GC (Allocation Failure) [PSYoungGen: 64864K->1376K(66560K)] 385302K->321814K(716288K), 0.0017571 secs] [Times: user=0.01 sys=0.00, real=0.00 secs] 
2561.962: [GC (Allocation Failure) [PSYoungGen: 65888K->1440K(66560K)] 386326K->321878K(716288K), 0.0017121 secs] [Times: user=0.01 sys=0.00, real=0.00 secs] 
2562.282: [GC (Allocation Failure) [PSYoungGen: 65952K->1408K(66560K)] 386390K->321846K(716288K), 0.0018381 secs] [Times: user=0.01 sys=0.00, real=0.00 secs] 
2562.700: [GC (Allocation Failure) [PSYoungGen: 65920K->1440K(66560K)] 386358K->321878K(716288K), 0.0020585 secs] [Times: user=0.01 sys=0.00, real=0.00 secs] 
2563.189: [GC (Allocation Failure) [PSYoungGen: 65934K->1520K(66560K)] 386373K->321958K(716288K), 0.0015920 secs] [Times: user=0.01 sys=0.00, real=0.01 secs] 
2563.574: [GC (Allocation Failure) [PSYoungGen: 66032K->1517K(66560K)] 386470K->321955K(716288K), 0.0016662 secs] [Times: user=0.00 sys=0.00, real=0.00 secs] 
2563.962: [GC (Allocation Failure) [PSYoungGen: 66020K->1597K(66560K)] 386459K->322043K(716288K), 0.0016248 secs] [Times: user=0.01 sys=0.00, real=0.00 secs] 
2564.400: [GC (Allocation Failure) [PSYoungGen: 66109K->1597K(66560K)] 386555K->322043K(716288K), 0.0015987 secs] [Times: user=0.01 sys=0.01, real=0.01 secs] 
2564.746: [GC (Allocation Failure) [PSYoungGen: 66109K->1440K(66560K)] 386555K->321886K(716288K), 0.0021468 secs] [Times: user=0.01 sys=0.01, real=0.00 secs] 
2565.058: [GC (Allocation Failure) [PSYoungGen: 65952K->1440K(66560K)] 386398K->321886K(716288K), 0.0018959 secs] [Times: user=0.01 sys=0.00, real=0.01 secs] 
2565.372: [GC (Allocation Failure) [PSYoungGen: 65952K->1440K(66560K)] 386398K->321886K(716288K), 0.0020354 secs] [Times: user=0.00 sys=0.00, real=0.00 secs] 
2565.740: [GC (Allocation Failure) [PSYoungGen: 65952K->1376K(66560K)] 386398K->321822K(716288K), 0.0020611 secs] [Times: user=0.01 sys=0.00, real=0.00 secs] 
2566.167: [GC (Allocation Failure) [PSYoungGen: 65888K->1520K(66560K)] 386334K->321966K(716288K), 0.0015956 secs] [Times: user=0.00 sys=0.00, real=0.00 secs] 
2566.557: [GC (Allocation Failure) [PSYoungGen: 66032K->1533K(66560K)] 386478K->322019K(716288K), 0.0016571 secs] [Times: user=0.00 sys=0.00, real=0.00 secs] 
2566.944: [GC (Allocation Failure) [PSYoungGen: 66045K->1533K(66560K)] 386531K->322027K(716288K), 0.0016045 secs] [Times: user=0.00 sys=0.00, real=0.00 secs] 
2567.330: [GC (Allocation Failure) [PSYoungGen: 66045K->1600K(66560K)] 386539K->322102K(716288K), 0.0018075 secs] [Times: user=0.00 sys=0.00, real=0.01 secs] 
2567.728: [GC (Allocation Failure) [PSYoungGen: 66112K->1376K(66560K)] 386614K->321878K(716288K), 0.0017932 secs] [Times: user=0.01 sys=0.00, real=0.00 secs] 
2568.001: [GC (Allocation Failure) [PSYoungGen: 65888K->1408K(66560K)] 386390K->321910K(716288K), 0.0016227 secs] [Times: user=0.01 sys=0.00, real=0.00 secs] 
2568.268: [GC (Allocation Failure) [PSYoungGen: 65920K->1376K(66560K)] 386422K->321878K(716288K), 0.0017083 secs] [Times: user=0.00 sys=0.00, real=0.01 secs] 
2568.682: [GC (Allocation Failure) [PSYoungGen: 65888K->1376K(66560K)] 386390K->321878K(716288K), 0.0018775 secs] [Times: user=0.01 sys=0.00, real=0.00 secs] 
2569.227: [GC (Allocation Failure) [PSYoungGen: 65888K->1469K(66560K)] 386390K->321971K(716288K), 0.0015030 secs] [Times: user=0.01 sys=0.00, real=0.00 secs] 
2569.614: [GC (Allocation Failure) [PSYoungGen: 65981K->1565K(66560K)] 386483K->322067K(716288K), 0.0016060 secs] [Times: user=0.00 sys=0.00, real=0.00 secs] 
2570.000: [GC (Allocation Failure) [PSYoungGen: 66077K->1533K(66560K)] 386579K->322035K(716288K), 0.0016574 secs] [Times: user=0.01 sys=0.00, real=0.01 secs] 
2570.386: [GC (Allocation Failure) [PSYoungGen: 66045K->1520K(66560K)] 386547K->322030K(716288K), 0.0016878 secs] [Times: user=0.01 sys=0.00, real=0.00 secs] 
2570.718: [GC (Allocation Failure) [PSYoungGen: 66032K->1456K(66560K)] 386542K->321966K(716288K), 0.0018182 secs] [Times: user=0.00 sys=0.00, real=0.00 secs] 
2570.986: [GC (Allocation Failure) [PSYoungGen: 65968K->1392K(66560K)] 386478K->321910K(716288K), 0.0021441 secs] [Times: user=0.01 sys=0.00, real=0.00 secs] 
2571.255: [GC (Allocation Failure) [PSYoungGen: 65904K->1376K(66560K)] 386422K->321894K(716288K), 0.0017610 secs] [Times: user=0.01 sys=0.00, real=0.00 secs] 
2571.522: [GC (Allocation Failure) [PSYoungGen: 65888K->1376K(66560K)] 386406K->321894K(716288K), 0.0016474 secs] [Times: user=0.00 sys=0.00, real=0.00 secs] 
2571.834: [GC (Allocation Failure) [PSYoungGen: 65859K->1453K(66560K)] 386378K->321971K(716288K), 0.0015410 secs] [Times: user=0.01 sys=0.00, real=0.00 secs] 
2572.221: [GC (Allocation Failure) [PSYoungGen: 65965K->1552K(66560K)] 386483K->322070K(716288K), 0.0016020 secs] [Times: user=0.01 sys=0.00, real=0.00 secs] 
2572.618: [GC (Allocation Failure) [PSYoungGen: 66064K->1565K(66560K)] 386582K->322083K(716288K), 0.0016181 secs] [Times: user=0.01 sys=0.00, real=0.00 secs] 
2573.002: [GC (Allocation Failure) [PSYoungGen: 66077K->1533K(66560K)] 386595K->322059K(716288K), 0.0017013 secs] [Times: user=0.01 sys=0.00, real=0.00 secs] 
2573.370: [GC (Allocation Failure) [PSYoungGen: 66045K->1488K(66560K)] 386571K->322014K(716288K), 0.0018183 secs] [Times: user=0.01 sys=0.00, real=0.01 secs] 
2573.638: [GC (Allocation Failure) [PSYoungGen: 66000K->1392K(66560K)] 386526K->321918K(716288K), 0.0018208 secs] [Times: user=0.00 sys=0.00, real=0.00 secs] 
2573.933: [GC (Allocation Failure) [PSYoungGen: 65904K->1440K(66560K)] 386430K->321966K(716288K), 0.0017806 secs] [Times: user=0.00 sys=0.00, real=0.00 secs] 
2574.202: [GC (Allocation Failure) [PSYoungGen: 65952K->1408K(66560K)] 386478K->321934K(716288K), 0.0027083 secs] [Times: user=0.01 sys=0.00, real=0.00 secs] 
2574.523: [GC (Allocation Failure) [PSYoungGen: 65920K->1469K(66560K)] 386446K->321995K(716288K), 0.0017944 secs] [Times: user=0.01 sys=0.00, real=0.00 secs] 
2574.987: [GC (Allocation Failure) [PSYoungGen: 65981K->1533K(66560K)] 386507K->322059K(716288K), 0.0016167 secs] [Times: user=0.01 sys=0.00, real=0.00 secs] 
2575.376: [GC (Allocation Failure) [PSYoungGen: 66018K->1565K(66560K)] 386545K->322091K(716288K), 0.0016151 secs] [Times: user=0.01 sys=0.00, real=0.00 secs] 
2575.761: [GC (Allocation Failure) [PSYoungGen: 66077K->1517K(66560K)] 386603K->322059K(716288K), 0.0017919 secs] [Times: user=0.00 sys=0.00, real=0.00 secs] 
2576.522: [GC (Allocation Failure) [PSYoungGen: 66029K->1504K(66560K)] 386571K->322062K(716288K), 0.0029333 secs] [Times: user=0.01 sys=0.00, real=0.00 secs] 
2577.183: [GC (Allocation Failure) [PSYoungGen: 66016K->1376K(66560K)] 386574K->321934K(716288K), 0.0026679 secs] [Times: user=0.01 sys=0.00, real=0.00 secs] 
2577.718: [GC (Allocation Failure) [PSYoungGen: 65888K->1376K(66560K)] 386446K->321934K(716288K), 0.0021415 secs] [Times: user=0.01 sys=0.00, real=0.00 secs] 
2578.099: [GC (Allocation Failure) [PSYoungGen: 65888K->1312K(66560K)] 386446K->321870K(716288K), 0.0020890 secs] [Times: user=0.00 sys=0.00, real=0.01 secs] 
2578.449: [GC (Allocation Failure) [PSYoungGen: 65824K->1408K(66560K)] 386382K->321966K(716288K), 0.0019634 secs] [Times: user=0.01 sys=0.00, real=0.01 secs] 
2578.865: [GC (Allocation Failure) [PSYoungGen: 65920K->1488K(66560K)] 386478K->322046K(716288K), 0.0016388 secs] [Times: user=0.00 sys=0.00, real=0.00 secs] 
2579.250: [GC (Allocation Failure) [PSYoungGen: 66000K->1536K(66560K)] 386558K->322094K(716288K), 0.0016019 secs] [Times: user=0.00 sys=0.00, real=0.01 secs] 
2579.638: [GC (Allocation Failure) [PSYoungGen: 66048K->1533K(66560K)] 386606K->322099K(716288K), 0.0015820 secs] [Times: user=0.01 sys=0.00, real=0.00 secs] 
2580.083: [GC (Allocation Failure) [PSYoungGen: 66045K->1536K(66560K)] 386611K->322102K(716288K), 0.0019485 secs] [Times: user=0.01 sys=0.00, real=0.00 secs] 
2580.394: [GC (Allocation Failure) [PSYoungGen: 66048K->1376K(66560K)] 386614K->321942K(716288K), 0.0018890 secs] [Times: user=0.01 sys=0.00, real=0.00 secs] 
2580.730: [GC (Allocation Failure) [PSYoungGen: 65888K->1376K(66560K)] 386454K->321942K(716288K), 0.0018995 secs] [Times: user=0.01 sys=0.00, real=0.01 secs] 
2581.049: [GC (Allocation Failure) [PSYoungGen: 65888K->1344K(66560K)] 386454K->321910K(716288K), 0.0020316 secs] [Times: user=0.01 sys=0.00, real=0.01 secs] 
2581.318: [GC (Allocation Failure) [PSYoungGen: 65856K->1344K(66560K)] 386422K->321910K(716288K), 0.0019911 secs] [Times: user=0.01 sys=0.00, real=0.01 secs] 
2581.890: [GC (Allocation Failure) [PSYoungGen: 65856K->1472K(66560K)] 386422K->322038K(716288K), 0.0016316 secs] [Times: user=0.01 sys=0.00, real=0.01 secs] 
2582.274: [GC (Allocation Failure) [PSYoungGen: 65984K->1565K(66560K)] 386550K->322131K(716288K), 0.0016661 secs] [Times: user=0.01 sys=0.00, real=0.00 secs] 
2582.669: [GC (Allocation Failure) [PSYoungGen: 66077K->1568K(66560K)] 386643K->322142K(716288K), 0.0016108 secs] [Times: user=0.01 sys=0.00, real=0.01 secs] 
2583.049: [GC (Allocation Failure) [PSYoungGen: 66080K->1536K(66560K)] 386654K->322110K(716288K), 0.0017294 secs] [Times: user=0.01 sys=0.00, real=0.01 secs] 
2583.705: [GC (Allocation Failure) [PSYoungGen: 66048K->1408K(66560K)] 386622K->321982K(716288K), 0.0018370 secs] [Times: user=0.01 sys=0.00, real=0.00 secs] 
2584.388: [GC (Allocation Failure) [PSYoungGen: 65920K->1376K(66560K)] 386494K->321950K(716288K), 0.0024166 secs] [Times: user=0.01 sys=0.00, real=0.01 secs] 
2584.890: [GC (Allocation Failure) [PSYoungGen: 65888K->1344K(66560K)] 386462K->321918K(716288K), 0.0021931 secs] [Times: user=0.01 sys=0.00, real=0.00 secs] 
2585.417: [GC (Allocation Failure) [PSYoungGen: 65856K->1376K(66560K)] 386430K->321950K(716288K), 0.0021230 secs] [Times: user=0.01 sys=0.00, real=0.00 secs] 
2585.883: [GC (Allocation Failure) [PSYoungGen: 65884K->1488K(66560K)] 386459K->322062K(716288K), 0.0016024 secs] [Times: user=0.01 sys=0.00, real=0.00 secs] 
2586.324: [GC (Allocation Failure) [PSYoungGen: 66000K->1533K(66560K)] 386574K->322107K(716288K), 0.0018895 secs] [Times: user=0.00 sys=0.00, real=0.00 secs] 
2586.711: [GC (Allocation Failure) [PSYoungGen: 66033K->1533K(66560K)] 386607K->322115K(716288K), 0.0017652 secs] [Times: user=0.01 sys=0.00, real=0.00 secs] 
2587.097: [GC (Allocation Failure) [PSYoungGen: 66045K->1565K(66560K)] 386627K->322147K(716288K), 0.0016494 secs] [Times: user=0.00 sys=0.00, real=0.00 secs] 
2587.493: [GC (Allocation Failure) [PSYoungGen: 66077K->1408K(66560K)] 386659K->321990K(716288K), 0.0024352 secs] [Times: user=0.01 sys=0.00, real=0.00 secs] 
2587.788: [GC (Allocation Failure) [PSYoungGen: 65920K->1392K(66560K)] 386502K->321998K(716288K), 0.0021537 secs] [Times: user=0.00 sys=0.00, real=0.00 secs] 
2588.056: [GC (Allocation Failure) [PSYoungGen: 65904K->1344K(66560K)] 386510K->321950K(716288K), 0.0020680 secs] [Times: user=0.01 sys=0.00, real=0.00 secs] 
2588.369: [GC (Allocation Failure) [PSYoungGen: 65856K->1376K(66560K)] 386462K->321982K(716288K), 0.0019600 secs] [Times: user=0.01 sys=0.00, real=0.01 secs] 
2588.741: [GC (Allocation Failure) [PSYoungGen: 65888K->1469K(66560K)] 386494K->322075K(716288K), 0.0015649 secs] [Times: user=0.01 sys=0.00, real=0.00 secs] 
2589.126: [GC (Allocation Failure) [PSYoungGen: 65981K->1533K(66560K)] 386587K->322139K(716288K), 0.0015988 secs] [Times: user=0.00 sys=0.00, real=0.00 secs] 
2589.512: [GC (Allocation Failure) [PSYoungGen: 66045K->1533K(66560K)] 386651K->322147K(716288K), 0.0016982 secs] [Times: user=0.01 sys=0.00, real=0.00 secs] 
2589.898: [GC (Allocation Failure) [PSYoungGen: 66030K->1533K(66560K)] 386645K->322147K(716288K), 0.0016358 secs] [Times: user=0.00 sys=0.00, real=0.00 secs] 
2590.869: [GC (Allocation Failure) [PSYoungGen: 66045K->1440K(66560K)] 386659K->322054K(716288K), 0.0023553 secs] [Times: user=0.01 sys=0.00, real=0.01 secs] 
2591.674: [GC (Allocation Failure) [PSYoungGen: 65952K->1376K(66560K)] 386566K->321990K(716288K), 0.0027147 secs] [Times: user=0.01 sys=0.00, real=0.00 secs] 
2592.018: [GC (Allocation Failure) [PSYoungGen: 65888K->1392K(66560K)] 386502K->322006K(716288K), 0.0021136 secs] [Times: user=0.01 sys=0.00, real=0.00 secs] 
2592.324: [GC (Allocation Failure) [PSYoungGen: 65904K->1344K(66560K)] 386518K->321958K(716288K), 0.0020028 secs] [Times: user=0.01 sys=0.00, real=0.00 secs] 
2592.664: [GC (Allocation Failure) [PSYoungGen: 65856K->1421K(66560K)] 386470K->322035K(716288K), 0.0015128 secs] [Times: user=0.01 sys=0.00, real=0.00 secs] 
2593.061: [GC (Allocation Failure) [PSYoungGen: 65928K->1501K(66560K)] 386542K->322115K(716288K), 0.0016482 secs] [Times: user=0.01 sys=0.00, real=0.00 secs] 
2593.448: [GC (Allocation Failure) [PSYoungGen: 66013K->1552K(66560K)] 386627K->322166K(716288K), 0.0017224 secs] [Times: user=0.00 sys=0.00, real=0.00 secs] 
2593.834: [GC (Allocation Failure) [PSYoungGen: 66064K->1584K(66560K)] 386678K->322206K(716288K), 0.0016378 secs] [Times: user=0.01 sys=0.00, real=0.00 secs] 
2594.406: [GC (Allocation Failure) [PSYoungGen: 66096K->1376K(66560K)] 386718K->321998K(716288K), 0.0019059 secs] [Times: user=0.01 sys=0.00, real=0.00 secs] 
2595.015: [GC (Allocation Failure) [PSYoungGen: 65888K->1376K(66560K)] 386510K->321998K(716288K), 0.0020251 secs] [Times: user=0.01 sys=0.00, real=0.00 secs] 
2595.627: [GC (Allocation Failure) [PSYoungGen: 65888K->1392K(66560K)] 386510K->322014K(716288K), 0.0027313 secs] [Times: user=0.01 sys=0.00, real=0.00 secs] 
2596.133: [GC (Allocation Failure) [PSYoungGen: 65904K->1376K(66560K)] 386526K->321998K(716288K), 0.0026230 secs] [Times: user=0.01 sys=0.00, real=0.00 secs] 
2596.547: [GC (Allocation Failure) [PSYoungGen: 65888K->1453K(66560K)] 386510K->322075K(716288K), 0.0015369 secs] [Times: user=0.01 sys=0.00, real=0.00 secs] 
2596.935: [GC (Allocation Failure) [PSYoungGen: 65965K->1536K(66560K)] 386587K->322158K(716288K), 0.0015763 secs] [Times: user=0.01 sys=0.00, real=0.00 secs] 
2597.322: [GC (Allocation Failure) [PSYoungGen: 66048K->1533K(66560K)] 386670K->322155K(716288K), 0.0016202 secs] [Times: user=0.01 sys=0.00, real=0.00 secs] 
2597.708: [GC (Allocation Failure) [PSYoungGen: 66045K->1533K(66560K)] 386667K->322187K(716288K), 0.0016086 secs] [Times: user=0.01 sys=0.00, real=0.00 secs] 
2598.318: [GC (Allocation Failure) [PSYoungGen: 66045K->1424K(66560K)] 386699K->322078K(716288K), 0.0019242 secs] [Times: user=0.01 sys=0.00, real=0.01 secs] 
2599.161: [GC (Allocation Failure) [PSYoungGen: 65936K->1344K(66560K)] 386590K->321998K(716288K), 0.0038092 secs] [Times: user=0.02 sys=0.00, real=0.00 secs] 
2599.742: [GC (Allocation Failure) [PSYoungGen: 65856K->1344K(66560K)] 386510K->321998K(716288K), 0.0031076 secs] [Times: user=0.01 sys=0.01, real=0.00 secs] 
2600.326: [GC (Allocation Failure) [PSYoungGen: 65856K->1344K(66560K)] 386510K->321998K(716288K), 0.0030662 secs] [Times: user=0.01 sys=0.00, real=0.00 secs] 
2601.074: [GC (Allocation Failure) [PSYoungGen: 65856K->1456K(66560K)] 386510K->322110K(716288K), 0.0026908 secs] [Times: user=0.01 sys=0.00, real=0.00 secs] 
2601.607: [GC (Allocation Failure) [PSYoungGen: 65965K->1501K(66560K)] 386619K->322155K(716288K), 0.0018116 secs] [Times: user=0.00 sys=0.00, real=0.00 secs] 
2602.054: [GC (Allocation Failure) [PSYoungGen: 66013K->1565K(66560K)] 386667K->322219K(716288K), 0.0016338 secs] [Times: user=0.01 sys=0.00, real=0.00 secs] 
2602.502: [GC (Allocation Failure) [PSYoungGen: 66077K->1565K(66560K)] 386731K->322227K(716288K), 0.0016221 secs] [Times: user=0.01 sys=0.00, real=0.00 secs] 
2602.845: [GC (Allocation Failure) [PSYoungGen: 66077K->1456K(66560K)] 386739K->322118K(716288K), 0.0019680 secs] [Times: user=0.01 sys=0.00, real=0.00 secs] 
2603.437: [GC (Allocation Failure) [PSYoungGen: 65968K->1328K(66560K)] 386630K->321990K(716288K), 0.0024668 secs] [Times: user=0.01 sys=0.00, real=0.00 secs] 
2603.996: [GC (Allocation Failure) [PSYoungGen: 65840K->1376K(66560K)] 386502K->322038K(716288K), 0.0025584 secs] [Times: user=0.01 sys=0.00, real=0.00 secs] 
2604.556: [GC (Allocation Failure) [PSYoungGen: 65888K->1360K(66560K)] 386550K->322022K(716288K), 0.0023271 secs] [Times: user=0.01 sys=0.00, real=0.00 secs] 
2605.124: [GC (Allocation Failure) [PSYoungGen: 65872K->1360K(66560K)] 386534K->322022K(716288K), 0.0023382 secs] [Times: user=0.01 sys=0.00, real=0.00 secs] 
2605.704: [GC (Allocation Failure) [PSYoungGen: 65849K->1533K(66560K)] 386512K->322195K(716288K), 0.0016186 secs] [Times: user=0.01 sys=0.00, real=0.00 secs] 
2606.090: [GC (Allocation Failure) [PSYoungGen: 66045K->1565K(66560K)] 386707K->322227K(716288K), 0.0016706 secs] [Times: user=0.01 sys=0.00, real=0.01 secs] 
2606.540: [GC (Allocation Failure) [PSYoungGen: 66077K->1597K(66560K)] 386739K->322267K(716288K), 0.0015943 secs] [Times: user=0.01 sys=0.00, real=0.00 secs] 
2606.904: [GC (Allocation Failure) [PSYoungGen: 66109K->1536K(66560K)] 386779K->322206K(716288K), 0.0019149 secs] [Times: user=0.00 sys=0.00, real=0.00 secs] 
2607.262: [GC (Allocation Failure) [PSYoungGen: 66048K->1440K(66560K)] 386718K->322110K(716288K), 0.0020743 secs] [Times: user=0.01 sys=0.00, real=0.00 secs] 
2607.543: [GC (Allocation Failure) [PSYoungGen: 65952K->1408K(66560K)] 386622K->322078K(716288K), 0.0019948 secs] [Times: user=0.01 sys=0.00, real=0.00 secs] 
2607.957: [GC (Allocation Failure) [PSYoungGen: 65920K->1360K(66560K)] 386590K->322046K(716288K), 0.0020431 secs] [Times: user=0.01 sys=0.00, real=0.00 secs] 
2608.564: [GC (Allocation Failure) [PSYoungGen: 65872K->1440K(66560K)] 386558K->322126K(716288K), 0.0019307 secs] [Times: user=0.01 sys=0.00, real=0.00 secs] 
2609.200: [GC (Allocation Failure) [PSYoungGen: 65947K->1536K(66560K)] 386633K->322222K(716288K), 0.0016639 secs] [Times: user=0.01 sys=0.00, real=0.01 secs] 
2609.649: [GC (Allocation Failure) [PSYoungGen: 66048K->1597K(66560K)] 386734K->322283K(716288K), 0.0016613 secs] [Times: user=0.01 sys=0.00, real=0.01 secs] 
2610.035: [GC (Allocation Failure) [PSYoungGen: 66109K->1581K(66560K)] 386795K->322275K(716288K), 0.0017805 secs] [Times: user=0.01 sys=0.00, real=0.00 secs] 
2610.412: [GC (Allocation Failure) [PSYoungGen: 66093K->1520K(66560K)] 386787K->322214K(716288K), 0.0018300 secs] [Times: user=0.01 sys=0.00, real=0.00 secs] 
2611.402: [GC (Allocation Failure) [PSYoungGen: 66032K->1376K(66560K)] 386726K->322070K(716288K), 0.0063666 secs] [Times: user=0.02 sys=0.00, real=0.00 secs] 
2612.022: [GC (Allocation Failure) [PSYoungGen: 65888K->1344K(66560K)] 386582K->322038K(716288K), 0.0035495 secs] [Times: user=0.01 sys=0.00, real=0.00 secs] 
2612.543: [GC (Allocation Failure) [PSYoungGen: 65856K->1408K(66560K)] 386550K->322102K(716288K), 0.0024700 secs] [Times: user=0.01 sys=0.00, real=0.00 secs] 
2612.857: [GC (Allocation Failure) [PSYoungGen: 65920K->1408K(66560K)] 386614K->322102K(716288K), 0.0020325 secs] [Times: user=0.01 sys=0.00, real=0.00 secs] 
2613.279: [GC (Allocation Failure) [PSYoungGen: 65890K->1517K(66560K)] 386584K->322211K(716288K), 0.0017857 secs] [Times: user=0.01 sys=0.00, real=0.01 secs] 
2613.673: [GC (Allocation Failure) [PSYoungGen: 66029K->1520K(66560K)] 386723K->322214K(716288K), 0.0015860 secs] [Times: user=0.01 sys=0.00, real=0.00 secs] 
2614.060: [GC (Allocation Failure) [PSYoungGen: 66032K->1533K(66560K)] 386726K->322243K(716288K), 0.0015922 secs] [Times: user=0.01 sys=0.00, real=0.01 secs] 
2614.445: [GC (Allocation Failure) [PSYoungGen: 66045K->1533K(66560K)] 386755K->322243K(716288K), 0.0017147 secs] [Times: user=0.01 sys=0.00, real=0.00 secs] 
2615.979: [GC (Allocation Failure) [PSYoungGen: 66045K->1392K(66560K)] 386755K->322102K(716288K), 0.0039887 secs] [Times: user=0.02 sys=0.00, real=0.01 secs] 
2616.894: [GC (Allocation Failure) [PSYoungGen: 65904K->1440K(66560K)] 386614K->322150K(716288K), 0.0037431 secs] [Times: user=0.01 sys=0.00, real=0.00 secs] 
2617.704: [GC (Allocation Failure) [PSYoungGen: 65952K->1408K(66560K)] 386662K->322118K(716288K), 0.0033081 secs] [Times: user=0.01 sys=0.00, real=0.00 secs] 
2618.015: [GC (Allocation Failure) [PSYoungGen: 65920K->1344K(66560K)] 386630K->322054K(716288K), 0.0021709 secs] [Times: user=0.00 sys=0.00, real=0.00 secs] 
2618.413: [GC (Allocation Failure) [PSYoungGen: 65856K->1501K(66560K)] 386566K->322211K(716288K), 0.0015901 secs] [Times: user=0.01 sys=0.00, real=0.00 secs] 
2618.800: [GC (Allocation Failure) [PSYoungGen: 66013K->1536K(66560K)] 386723K->322246K(716288K), 0.0017851 secs] [Times: user=0.01 sys=0.00, real=0.01 secs] 
2619.248: [GC (Allocation Failure) [PSYoungGen: 66028K->1517K(66560K)] 386739K->322235K(716288K), 0.0016384 secs] [Times: user=0.01 sys=0.00, real=0.00 secs] 
2619.699: [GC (Allocation Failure) [PSYoungGen: 66029K->1533K(66560K)] 386747K->322275K(716288K), 0.0015866 secs] [Times: user=0.01 sys=0.00, real=0.01 secs] 
2620.101: [GC (Allocation Failure) [PSYoungGen: 66045K->1408K(66560K)] 386787K->322150K(716288K), 0.0031629 secs] [Times: user=0.01 sys=0.00, real=0.00 secs] 
2620.822: [GC (Allocation Failure) [PSYoungGen: 65920K->1344K(66560K)] 386662K->322086K(716288K), 0.0046176 secs] [Times: user=0.02 sys=0.00, real=0.00 secs] 
2621.352: [GC (Allocation Failure) [PSYoungGen: 65856K->1376K(66560K)] 386598K->322126K(716288K), 0.0032089 secs] [Times: user=0.01 sys=0.00, real=0.00 secs] 
2621.897: [GC (Allocation Failure) [PSYoungGen: 65888K->1408K(66560K)] 386638K->322158K(716288K), 0.0030656 secs] [Times: user=0.01 sys=0.00, real=0.00 secs] 
2622.454: [GC (Allocation Failure) [PSYoungGen: 65920K->1501K(66560K)] 386670K->322251K(716288K), 0.0016910 secs] [Times: user=0.00 sys=0.00, real=0.00 secs] 
2622.841: [GC (Allocation Failure) [PSYoungGen: 66013K->1501K(66560K)] 386763K->322251K(716288K), 0.0015922 secs] [Times: user=0.00 sys=0.00, real=0.00 secs] 
2623.228: [GC (Allocation Failure) [PSYoungGen: 66013K->1533K(66560K)] 386763K->322283K(716288K), 0.0016513 secs] [Times: user=0.01 sys=0.00, real=0.00 secs] 
2623.693: [GC (Allocation Failure) [PSYoungGen: 66045K->1565K(66560K)] 386795K->322323K(716288K), 0.0016030 secs] [Times: user=0.01 sys=0.00, real=0.00 secs] 
2624.176: [GC (Allocation Failure) [PSYoungGen: 66077K->1424K(66560K)] 386835K->322182K(716288K), 0.0029218 secs] [Times: user=0.01 sys=0.00, real=0.00 secs] 
2624.744: [GC (Allocation Failure) [PSYoungGen: 65936K->1376K(66560K)] 386694K->322134K(716288K), 0.0031359 secs] [Times: user=0.01 sys=0.00, real=0.00 secs] 
2625.283: [GC (Allocation Failure) [PSYoungGen: 65888K->1376K(66560K)] 386646K->322134K(716288K), 0.0025320 secs] [Times: user=0.01 sys=0.00, real=0.00 secs] 
2625.836: [GC (Allocation Failure) [PSYoungGen: 65888K->1376K(66560K)] 386646K->322134K(716288K), 0.0023711 secs] [Times: user=0.01 sys=0.00, real=0.00 secs] 
2626.371: [GC (Allocation Failure) [PSYoungGen: 65888K->1389K(66560K)] 386646K->322147K(716288K), 0.0016646 secs] [Times: user=0.01 sys=0.00, real=0.00 secs] 
2626.760: [GC (Allocation Failure) [PSYoungGen: 65897K->1536K(66560K)] 386656K->322294K(716288K), 0.0016562 secs] [Times: user=0.00 sys=0.00, real=0.00 secs] 
2627.206: [GC (Allocation Failure) [PSYoungGen: 66048K->1533K(66560K)] 386806K->322291K(716288K), 0.0017507 secs] [Times: user=0.01 sys=0.00, real=0.00 secs] 
2627.651: [GC (Allocation Failure) [PSYoungGen: 66045K->1552K(66560K)] 386803K->322326K(716288K), 0.0016181 secs] [Times: user=0.01 sys=0.01, real=0.00 secs] 
2628.234: [GC (Allocation Failure) [PSYoungGen: 66064K->1424K(66560K)] 386838K->322198K(716288K), 0.0036796 secs] [Times: user=0.02 sys=0.00, real=0.00 secs] 
2628.784: [GC (Allocation Failure) [PSYoungGen: 65936K->1344K(66560K)] 386710K->322142K(716288K), 0.0030940 secs] [Times: user=0.01 sys=0.00, real=0.00 secs] 
2629.287: [GC (Allocation Failure) [PSYoungGen: 65856K->1344K(66560K)] 386654K->322142K(716288K), 0.0026128 secs] [Times: user=0.01 sys=0.00, real=0.00 secs] 
2629.813: [GC (Allocation Failure) [PSYoungGen: 65856K->1344K(66560K)] 386654K->322142K(716288K), 0.0040160 secs] [Times: user=0.01 sys=0.00, real=0.00 secs] 
2630.385: [GC (Allocation Failure) [PSYoungGen: 65856K->1456K(66560K)] 386654K->322254K(716288K), 0.0022557 secs] [Times: user=0.01 sys=0.00, real=0.00 secs] 
2630.812: [GC (Allocation Failure) [PSYoungGen: 65936K->1533K(66560K)] 386735K->322331K(716288K), 0.0015301 secs] [Times: user=0.00 sys=0.00, real=0.00 secs] 
2631.259: [GC (Allocation Failure) [PSYoungGen: 66045K->1501K(66560K)] 386843K->322299K(716288K), 0.0016821 secs] [Times: user=0.01 sys=0.00, real=0.01 secs] 
2631.645: [GC (Allocation Failure) [PSYoungGen: 66013K->1565K(66560K)] 386811K->322371K(716288K), 0.0016785 secs] [Times: user=0.01 sys=0.00, real=0.00 secs] 
2632.423: [GC (Allocation Failure) [PSYoungGen: 66077K->1456K(66560K)] 386883K->322262K(716288K), 0.0042791 secs] [Times: user=0.01 sys=0.00, real=0.00 secs] 
2633.811: [GC (Allocation Failure) [PSYoungGen: 65968K->1376K(66560K)] 386774K->322182K(716288K), 0.0059516 secs] [Times: user=0.02 sys=0.00, real=0.00 secs] 
2634.695: [GC (Allocation Failure) [PSYoungGen: 65888K->1376K(66560K)] 386694K->322182K(716288K), 0.0035984 secs] [Times: user=0.01 sys=0.00, real=0.00 secs] 
2635.399: [GC (Allocation Failure) [PSYoungGen: 65888K->1408K(66560K)] 386694K->322214K(716288K), 0.0030126 secs] [Times: user=0.01 sys=0.00, real=0.01 secs] 
2635.862: [GC (Allocation Failure) [PSYoungGen: 65920K->1408K(66560K)] 386726K->322214K(716288K), 0.0029570 secs] [Times: user=0.01 sys=0.00, real=0.00 secs] 
2636.435: [GC (Allocation Failure) [PSYoungGen: 65920K->1533K(66560K)] 386726K->322339K(716288K), 0.0016159 secs] [Times: user=0.01 sys=0.00, real=0.00 secs] 
2636.825: [GC (Allocation Failure) [PSYoungGen: 66045K->1565K(66560K)] 386851K->322371K(716288K), 0.0017733 secs] [Times: user=0.01 sys=0.00, real=0.00 secs] 
2637.215: [GC (Allocation Failure) [PSYoungGen: 66077K->1485K(66560K)] 386883K->322299K(716288K), 0.0015845 secs] [Times: user=0.01 sys=0.00, real=0.00 secs] 
2637.917: [GC (Allocation Failure) [PSYoungGen: 65997K->1536K(66560K)] 386811K->322350K(716288K), 0.0023720 secs] [Times: user=0.01 sys=0.00, real=0.00 secs] 
2639.519: [GC (Allocation Failure) [PSYoungGen: 66048K->1408K(66560K)] 386862K->322222K(716288K), 0.0046436 secs] [Times: user=0.01 sys=0.00, real=0.01 secs] 
2640.162: [GC (Allocation Failure) [PSYoungGen: 65920K->1376K(66560K)] 386734K->322190K(716288K), 0.0030633 secs] [Times: user=0.01 sys=0.00, real=0.00 secs] 
2640.728: [GC (Allocation Failure) [PSYoungGen: 65888K->1376K(66560K)] 386702K->322190K(716288K), 0.0026427 secs] [Times: user=0.00 sys=0.00, real=0.01 secs] 
2641.450: [GC (Allocation Failure) [PSYoungGen: 65888K->1376K(66560K)] 386702K->322190K(716288K), 0.0024908 secs] [Times: user=0.01 sys=0.00, real=0.01 secs] 
2642.025: [GC (Allocation Failure) [PSYoungGen: 65888K->1533K(66560K)] 386702K->322355K(716288K), 0.0015516 secs] [Times: user=0.00 sys=0.00, real=0.00 secs] 
2642.410: [GC (Allocation Failure) [PSYoungGen: 66045K->1533K(66560K)] 386867K->322355K(716288K), 0.0016597 secs] [Times: user=0.00 sys=0.00, real=0.01 secs] 
2642.796: [GC (Allocation Failure) [PSYoungGen: 66045K->1533K(66560K)] 386867K->322363K(716288K), 0.0017707 secs] [Times: user=0.01 sys=0.00, real=0.00 secs] 
2643.245: [GC (Allocation Failure) [PSYoungGen: 65820K->288K(66560K)] 386651K->321118K(716288K), 0.0017097 secs] [Times: user=0.00 sys=0.00, real=0.00 secs] 
2643.517: [GC (Allocation Failure) [PSYoungGen: 64800K->1376K(66560K)] 385630K->322206K(716288K), 0.0019663 secs] [Times: user=0.00 sys=0.00, real=0.00 secs] 
2643.786: [GC (Allocation Failure) [PSYoungGen: 65888K->1376K(66560K)] 386718K->322206K(716288K), 0.0019782 secs] [Times: user=0.01 sys=0.00, real=0.00 secs] 
2644.084: [GC (Allocation Failure) [PSYoungGen: 65888K->1376K(66560K)] 386718K->322206K(716288K), 0.0052405 secs] [Times: user=0.02 sys=0.00, real=0.00 secs] 
2644.542: [GC (Allocation Failure) [PSYoungGen: 65888K->1312K(66560K)] 386718K->322142K(716288K), 0.0019882 secs] [Times: user=0.00 sys=0.00, real=0.00 secs] 
2645.061: [GC (Allocation Failure) [PSYoungGen: 65824K->1565K(66560K)] 386654K->322395K(716288K), 0.0016412 secs] [Times: user=0.01 sys=0.00, real=0.00 secs] 
2645.450: [GC (Allocation Failure) [PSYoungGen: 66049K->1536K(66560K)] 386880K->322366K(716288K), 0.0016539 secs] [Times: user=0.01 sys=0.00, real=0.01 secs] 
2645.836: [GC (Allocation Failure) [PSYoungGen: 66048K->1597K(66560K)] 386878K->322435K(716288K), 0.0018376 secs] [Times: user=0.01 sys=0.01, real=0.00 secs] 
2646.224: [GC (Allocation Failure) [PSYoungGen: 66109K->1533K(66560K)] 386947K->322371K(716288K), 0.0016931 secs] [Times: user=0.01 sys=0.00, real=0.00 secs] 
2646.664: [GC (Allocation Failure) [PSYoungGen: 66045K->1440K(66560K)] 386883K->322278K(716288K), 0.0019994 secs] [Times: user=0.01 sys=0.00, real=0.00 secs] 
2646.940: [GC (Allocation Failure) [PSYoungGen: 65952K->1440K(66560K)] 386790K->322278K(716288K), 0.0022328 secs] [Times: user=0.01 sys=0.00, real=0.00 secs] 
2647.318: [GC (Allocation Failure) [PSYoungGen: 65952K->1344K(66560K)] 386790K->322198K(716288K), 0.0019746 secs] [Times: user=0.01 sys=0.00, real=0.01 secs] 
2647.587: [GC (Allocation Failure) [PSYoungGen: 65856K->1376K(66560K)] 386710K->322238K(716288K), 0.0021429 secs] [Times: user=0.01 sys=0.00, real=0.00 secs] 
2647.958: [GC (Allocation Failure) [PSYoungGen: 65888K->1549K(66560K)] 386750K->322411K(716288K), 0.0016590 secs] [Times: user=0.01 sys=0.00, real=0.00 secs] 
2648.345: [GC (Allocation Failure) [PSYoungGen: 66061K->1584K(66560K)] 386923K->322446K(716288K), 0.0016340 secs] [Times: user=0.01 sys=0.00, real=0.00 secs] 
2648.732: [GC (Allocation Failure) [PSYoungGen: 66096K->1565K(66560K)] 386958K->322435K(716288K), 0.0016361 secs] [Times: user=0.00 sys=0.00, real=0.00 secs] 
2649.178: [GC (Allocation Failure) [PSYoungGen: 66077K->1552K(66560K)] 386947K->322430K(716288K), 0.0016482 secs] [Times: user=0.00 sys=0.00, real=0.00 secs] 
2650.030: [GC (Allocation Failure) [PSYoungGen: 66064K->1392K(66560K)] 386942K->322270K(716288K), 0.0028327 secs] [Times: user=0.01 sys=0.00, real=0.01 secs] 
2650.746: [GC (Allocation Failure) [PSYoungGen: 65904K->1344K(66560K)] 386782K->322222K(716288K), 0.0032714 secs] [Times: user=0.01 sys=0.00, real=0.00 secs] 
2651.594: [GC (Allocation Failure) [PSYoungGen: 65856K->1376K(66560K)] 386734K->322254K(716288K), 0.0031058 secs] [Times: user=0.01 sys=0.00, real=0.00 secs] 
2652.456: [GC (Allocation Failure) [PSYoungGen: 65888K->1344K(66560K)] 386766K->322230K(716288K), 0.0030937 secs] [Times: user=0.01 sys=0.00, real=0.00 secs] 
2653.179: [GC (Allocation Failure) [PSYoungGen: 65856K->1501K(66560K)] 386742K->322387K(716288K), 0.0015076 secs] [Times: user=0.01 sys=0.00, real=0.01 secs] 
2653.564: [GC (Allocation Failure) [PSYoungGen: 66013K->1565K(66560K)] 386899K->322451K(716288K), 0.0015472 secs] [Times: user=0.01 sys=0.00, real=0.00 secs] 
2653.950: [GC (Allocation Failure) [PSYoungGen: 66077K->1565K(66560K)] 386963K->322451K(716288K), 0.0016149 secs] [Times: user=0.00 sys=0.00, real=0.01 secs] 
2654.339: [GC (Allocation Failure) [PSYoungGen: 66051K->1565K(66560K)] 386937K->322459K(716288K), 0.0015257 secs] [Times: user=0.00 sys=0.00, real=0.01 secs] 
2654.686: [GC (Allocation Failure) [PSYoungGen: 66077K->1488K(66560K)] 386971K->322382K(716288K), 0.0021214 secs] [Times: user=0.01 sys=0.00, real=0.00 secs] 
2654.954: [GC (Allocation Failure) [PSYoungGen: 66000K->1376K(66560K)] 386894K->322270K(716288K), 0.0016417 secs] [Times: user=0.00 sys=0.00, real=0.00 secs] 
2655.226: [GC (Allocation Failure) [PSYoungGen: 65888K->1376K(66560K)] 386782K->322270K(716288K), 0.0026271 secs] [Times: user=0.01 sys=0.00, real=0.00 secs] 
2655.521: [GC (Allocation Failure) [PSYoungGen: 65888K->1344K(66560K)] 386782K->322238K(716288K), 0.0022887 secs] [Times: user=0.01 sys=0.00, real=0.00 secs] 
2656.029: [GC (Allocation Failure) [PSYoungGen: 65856K->1456K(66560K)] 386750K->322350K(716288K), 0.0019074 secs] [Times: user=0.01 sys=0.00, real=0.01 secs] 
2656.423: [GC (Allocation Failure) [PSYoungGen: 65968K->1597K(66560K)] 386862K->322491K(716288K), 0.0016209 secs] [Times: user=0.00 sys=0.00, real=0.00 secs] 
2656.812: [GC (Allocation Failure) [PSYoungGen: 66109K->1565K(66560K)] 387003K->322459K(716288K), 0.0015951 secs] [Times: user=0.01 sys=0.00, real=0.00 secs] 
2657.202: [GC (Allocation Failure) [PSYoungGen: 66077K->1565K(66560K)] 386971K->322467K(716288K), 0.0016773 secs] [Times: user=0.01 sys=0.00, real=0.00 secs] 
2657.693: [GC (Allocation Failure) [PSYoungGen: 66077K->1472K(66560K)] 386979K->322374K(716288K), 0.0018111 secs] [Times: user=0.00 sys=0.00, real=0.00 secs] 
2658.278: [GC (Allocation Failure) [PSYoungGen: 65984K->1376K(66560K)] 386886K->322302K(716288K), 0.0035292 secs] [Times: user=0.01 sys=0.00, real=0.01 secs] 
2658.740: [GC (Allocation Failure) [PSYoungGen: 65888K->1440K(66560K)] 386814K->322366K(716288K), 0.0021554 secs] [Times: user=0.01 sys=0.00, real=0.01 secs] 
2659.088: [GC (Allocation Failure) [PSYoungGen: 65952K->1376K(66560K)] 386878K->322302K(716288K), 0.0020461 secs] [Times: user=0.01 sys=0.00, real=0.00 secs] 
2659.596: [GC (Allocation Failure) [PSYoungGen: 65863K->1456K(66560K)] 386789K->322382K(716288K), 0.0018465 secs] [Times: user=0.01 sys=0.00, real=0.00 secs] 
2660.006: [GC (Allocation Failure) [PSYoungGen: 65968K->1504K(66560K)] 386894K->322430K(716288K), 0.0015512 secs] [Times: user=0.01 sys=0.00, real=0.00 secs] 
2660.394: [GC (Allocation Failure) [PSYoungGen: 66016K->1501K(66560K)] 386942K->322427K(716288K), 0.0016241 secs] [Times: user=0.00 sys=0.00, real=0.00 secs] 
2660.780: [GC (Allocation Failure) [PSYoungGen: 66013K->1472K(66560K)] 386939K->322414K(716288K), 0.0016106 secs] [Times: user=0.01 sys=0.00, real=0.01 secs] 
2661.354: [GC (Allocation Failure) [PSYoungGen: 65984K->1488K(66560K)] 386926K->322430K(716288K), 0.0024329 secs] [Times: user=0.01 sys=0.00, real=0.00 secs] 
2661.927: [GC (Allocation Failure) [PSYoungGen: 66000K->1344K(66560K)] 386942K->322286K(716288K), 0.0022034 secs] [Times: user=0.01 sys=0.00, real=0.00 secs] 
2662.460: [GC (Allocation Failure) [PSYoungGen: 65856K->1408K(66560K)] 386798K->322350K(716288K), 0.0022375 secs] [Times: user=0.01 sys=0.00, real=0.01 secs] 
2662.729: [GC (Allocation Failure) [PSYoungGen: 65920K->1344K(66560K)] 386862K->322286K(716288K), 0.0020894 secs] [Times: user=0.00 sys=0.00, real=0.01 secs] 
2662.998: [GC (Allocation Failure) [PSYoungGen: 65856K->1376K(66560K)] 386798K->322318K(716288K), 0.0020381 secs] [Times: user=0.00 sys=0.00, real=0.00 secs] 
2663.410: [GC (Allocation Failure) [PSYoungGen: 65888K->1472K(66560K)] 386830K->322414K(716288K), 0.0015734 secs] [Times: user=0.01 sys=0.00, real=0.01 secs] 
2663.798: [GC (Allocation Failure) [PSYoungGen: 65956K->1501K(66560K)] 386899K->322443K(716288K), 0.0016545 secs] [Times: user=0.01 sys=0.00, real=0.00 secs] 
2664.184: [GC (Allocation Failure) [PSYoungGen: 66013K->1533K(66560K)] 386955K->322483K(716288K), 0.0016829 secs] [Times: user=0.00 sys=0.00, real=0.00 secs] 
2664.586: [GC (Allocation Failure) [PSYoungGen: 66045K->2016K(66560K)] 386995K->323478K(716288K), 0.0021792 secs] [Times: user=0.00 sys=0.00, real=0.00 secs] 
2664.946: [GC (Allocation Failure) [PSYoungGen: 66528K->1392K(66560K)] 387990K->322854K(716288K), 0.0017638 secs] [Times: user=0.01 sys=0.00, real=0.00 secs] 
2665.390: [GC (Allocation Failure) [PSYoungGen: 65904K->1360K(66560K)] 387366K->322822K(716288K), 0.0040691 secs] [Times: user=0.01 sys=0.00, real=0.01 secs] 
2665.900: [GC (Allocation Failure) [PSYoungGen: 65872K->1408K(66560K)] 387334K->322870K(716288K), 0.0024946 secs] [Times: user=0.01 sys=0.00, real=0.01 secs] 
2666.384: [GC (Allocation Failure) [PSYoungGen: 65920K->1376K(66560K)] 387382K->322838K(716288K), 0.0026468 secs] [Times: user=0.01 sys=0.00, real=0.00 secs] 
2666.927: [GC (Allocation Failure) [PSYoungGen: 65869K->1501K(66560K)] 387331K->322963K(716288K), 0.0015468 secs] [Times: user=0.01 sys=0.00, real=0.00 secs] 
2667.372: [GC (Allocation Failure) [PSYoungGen: 66013K->1520K(66560K)] 387475K->322982K(716288K), 0.0016203 secs] [Times: user=0.01 sys=0.00, real=0.00 secs] 
2667.758: [GC (Allocation Failure) [PSYoungGen: 66031K->1536K(66560K)] 387494K->323022K(716288K), 0.0017549 secs] [Times: user=0.01 sys=0.00, real=0.01 secs] 
2668.144: [GC (Allocation Failure) [PSYoungGen: 66048K->224K(66560K)] 387534K->321710K(716288K), 0.0015174 secs] [Times: user=0.00 sys=0.00, real=0.00 secs] 
2669.061: [GC (Allocation Failure) [PSYoungGen: 64736K->1344K(66560K)] 386222K->322830K(716288K), 0.0030703 secs] [Times: user=0.01 sys=0.00, real=0.00 secs] 
2669.776: [GC (Allocation Failure) [PSYoungGen: 65856K->1344K(66560K)] 387342K->322830K(716288K), 0.0026644 secs] [Times: user=0.01 sys=0.00, real=0.00 secs] 
2670.372: [GC (Allocation Failure) [PSYoungGen: 65856K->1312K(66560K)] 387342K->322798K(716288K), 0.0025539 secs] [Times: user=0.01 sys=0.00, real=0.00 secs] 
2670.966: [GC (Allocation Failure) [PSYoungGen: 65824K->1344K(66560K)] 387310K->322830K(716288K), 0.0027117 secs] [Times: user=0.01 sys=0.00, real=0.00 secs] 
2671.517: [GC (Allocation Failure) [PSYoungGen: 65840K->1453K(66560K)] 387327K->322939K(716288K), 0.0014987 secs] [Times: user=0.01 sys=0.00, real=0.00 secs] 
2671.903: [GC (Allocation Failure) [PSYoungGen: 65965K->1533K(66560K)] 387451K->323019K(716288K), 0.0015892 secs] [Times: user=0.01 sys=0.00, real=0.00 secs] 
2672.291: [GC (Allocation Failure) [PSYoungGen: 66013K->1501K(66560K)] 387500K->322995K(716288K), 0.0015859 secs] [Times: user=0.01 sys=0.00, real=0.00 secs] 
2672.678: [GC (Allocation Failure) [PSYoungGen: 66009K->1565K(66560K)] 387503K->323059K(716288K), 0.0017552 secs] [Times: user=0.01 sys=0.00, real=0.00 secs] 
2673.513: [GC (Allocation Failure) [PSYoungGen: 66077K->1424K(66560K)] 387571K->322918K(716288K), 0.0034235 secs] [Times: user=0.01 sys=0.00, real=0.00 secs] 
2674.058: [GC (Allocation Failure) [PSYoungGen: 65936K->1392K(66560K)] 387430K->322886K(716288K), 0.0027408 secs] [Times: user=0.01 sys=0.00, real=0.01 secs] 
2674.642: [GC (Allocation Failure) [PSYoungGen: 65904K->1392K(66560K)] 387398K->322886K(716288K), 0.0028302 secs] [Times: user=0.02 sys=0.00, real=0.00 secs] 
2674.952: [GC (Allocation Failure) [PSYoungGen: 65904K->1408K(66560K)] 387398K->322902K(716288K), 0.0019844 secs] [Times: user=0.01 sys=0.00, real=0.00 secs] 
2675.344: [GC (Allocation Failure) [PSYoungGen: 65920K->1533K(66560K)] 387414K->323027K(716288K), 0.0015296 secs] [Times: user=0.00 sys=0.00, real=0.00 secs] 
2675.731: [GC (Allocation Failure) [PSYoungGen: 66045K->1533K(66560K)] 387539K->323027K(716288K), 0.0016458 secs] [Times: user=0.00 sys=0.00, real=0.00 secs] 
2676.182: [GC (Allocation Failure) [PSYoungGen: 66022K->1549K(66560K)] 387517K->323043K(716288K), 0.0016132 secs] [Times: user=0.01 sys=0.00, real=0.00 secs] 
2676.571: [GC (Allocation Failure) [PSYoungGen: 66061K->1552K(66560K)] 387555K->323054K(716288K), 0.0018097 secs] [Times: user=0.00 sys=0.00, real=0.00 secs] 
2676.902: [GC (Allocation Failure) [PSYoungGen: 66064K->1456K(66560K)] 387566K->322958K(716288K), 0.0027619 secs] [Times: user=0.01 sys=0.00, real=0.00 secs] 
2677.170: [GC (Allocation Failure) [PSYoungGen: 65968K->1376K(66560K)] 387470K->322878K(716288K), 0.0020662 secs] [Times: user=0.01 sys=0.00, real=0.00 secs] 
2677.439: [GC (Allocation Failure) [PSYoungGen: 65888K->1424K(66560K)] 387390K->322934K(716288K), 0.0019234 secs] [Times: user=0.01 sys=0.00, real=0.01 secs] 
2677.889: [GC (Allocation Failure) [PSYoungGen: 65936K->1360K(66560K)] 387446K->322870K(716288K), 0.0020907 secs] [Times: user=0.01 sys=0.00, real=0.01 secs] 
2678.424: [GC (Allocation Failure) [PSYoungGen: 65872K->1504K(66560K)] 387382K->323014K(716288K), 0.0014772 secs] [Times: user=0.01 sys=0.00, real=0.00 secs] 
2678.872: [GC (Allocation Failure) [PSYoungGen: 66016K->1565K(66560K)] 387526K->323075K(716288K), 0.0016338 secs] [Times: user=0.01 sys=0.00, real=0.00 secs] 
2679.319: [GC (Allocation Failure) [PSYoungGen: 66077K->1565K(66560K)] 387587K->323075K(716288K), 0.0017666 secs] [Times: user=0.01 sys=0.00, real=0.01 secs] 
2679.760: [GC (Allocation Failure) [PSYoungGen: 66077K->1552K(66560K)] 387587K->323094K(716288K), 0.0018822 secs] [Times: user=0.01 sys=0.00, real=0.00 secs] 
2680.440: [GC (Allocation Failure) [PSYoungGen: 66064K->1424K(66560K)] 387606K->322966K(716288K), 0.0041606 secs] [Times: user=0.02 sys=0.00, real=0.01 secs] 
2681.015: [GC (Allocation Failure) [PSYoungGen: 65936K->1408K(66560K)] 387478K->322950K(716288K), 0.0025371 secs] [Times: user=0.01 sys=0.00, real=0.00 secs] 
2681.524: [GC (Allocation Failure) [PSYoungGen: 65920K->1344K(66560K)] 387462K->322886K(716288K), 0.0026317 secs] [Times: user=0.01 sys=0.00, real=0.00 secs] 
2682.080: [GC (Allocation Failure) [PSYoungGen: 65856K->1376K(66560K)] 387398K->322918K(716288K), 0.0025776 secs] [Times: user=0.01 sys=0.00, real=0.01 secs] 
2682.671: [GC (Allocation Failure) [PSYoungGen: 65888K->1453K(66560K)] 387430K->322995K(716288K), 0.0018657 secs] [Times: user=0.01 sys=0.00, real=0.00 secs] 
2683.065: [GC (Allocation Failure) [PSYoungGen: 65957K->1533K(66560K)] 387499K->323075K(716288K), 0.0019756 secs] [Times: user=0.01 sys=0.00, real=0.00 secs] 
2683.451: [GC (Allocation Failure) [PSYoungGen: 66045K->1533K(66560K)] 387587K->323075K(716288K), 0.0016644 secs] [Times: user=0.01 sys=0.00, real=0.00 secs] 
2683.838: [GC (Allocation Failure) [PSYoungGen: 66045K->1565K(66560K)] 387587K->323139K(716288K), 0.0033207 secs] [Times: user=0.01 sys=0.00, real=0.01 secs] 
2684.198: [GC (Allocation Failure) [PSYoungGen: 66077K->1456K(66560K)] 387651K->323030K(716288K), 0.0027022 secs] [Times: user=0.01 sys=0.00, real=0.01 secs] 
2684.467: [GC (Allocation Failure) [PSYoungGen: 65968K->1408K(66560K)] 387542K->322982K(716288K), 0.0017523 secs] [Times: user=0.01 sys=0.00, real=0.00 secs] 
2684.735: [GC (Allocation Failure) [PSYoungGen: 65920K->1408K(66560K)] 387494K->322982K(716288K), 0.0017997 secs] [Times: user=0.01 sys=0.00, real=0.00 secs] 
2685.020: [GC (Allocation Failure) [PSYoungGen: 65920K->1376K(66560K)] 387494K->322950K(716288K), 0.0017278 secs] [Times: user=0.00 sys=0.00, real=0.01 secs] 
2685.421: [GC (Allocation Failure) [PSYoungGen: 65881K->1440K(66560K)] 387456K->323014K(716288K), 0.0016041 secs] [Times: user=0.01 sys=0.00, real=0.00 secs] 
2685.807: [GC (Allocation Failure) [PSYoungGen: 65952K->1533K(66560K)] 387526K->323107K(716288K), 0.0016142 secs] [Times: user=0.01 sys=0.00, real=0.00 secs] 
2686.195: [GC (Allocation Failure) [PSYoungGen: 66045K->1520K(66560K)] 387619K->323094K(716288K), 0.0016166 secs] [Times: user=0.01 sys=0.00, real=0.00 secs] 
2686.581: [GC (Allocation Failure) [PSYoungGen: 66032K->1501K(66560K)] 387606K->323091K(716288K), 0.0016311 secs] [Times: user=0.00 sys=0.00, real=0.00 secs] 
2686.953: [GC (Allocation Failure) [PSYoungGen: 66013K->1456K(66560K)] 387603K->323062K(716288K), 0.0019233 secs] [Times: user=0.01 sys=0.00, real=0.00 secs] 
2687.221: [GC (Allocation Failure) [PSYoungGen: 65968K->1408K(66560K)] 387574K->323014K(716288K), 0.0017125 secs] [Times: user=0.01 sys=0.00, real=0.00 secs] 
2687.552: [GC (Allocation Failure) [PSYoungGen: 65920K->1376K(66560K)] 387526K->322982K(716288K), 0.0018166 secs] [Times: user=0.00 sys=0.00, real=0.00 secs] 
2688.206: [GC (Allocation Failure) [PSYoungGen: 65888K->1360K(66560K)] 387494K->322966K(716288K), 0.0018351 secs] [Times: user=0.01 sys=0.00, real=0.00 secs] 
2689.007: [GC (Allocation Failure) [PSYoungGen: 65872K->1376K(66560K)] 387478K->322982K(716288K), 0.0046393 secs] [Times: user=0.01 sys=0.00, real=0.01 secs] 
2689.625: [GC (Allocation Failure) [PSYoungGen: 65860K->1501K(66560K)] 387467K->323107K(716288K), 0.0015289 secs] [Times: user=0.01 sys=0.00, real=0.00 secs] 
2690.009: [GC (Allocation Failure) [PSYoungGen: 66013K->1536K(66560K)] 387619K->323142K(716288K), 0.0016179 secs] [Times: user=0.00 sys=0.00, real=0.01 secs] 
2690.395: [GC (Allocation Failure) [PSYoungGen: 66048K->1536K(66560K)] 387654K->323150K(716288K), 0.0017924 secs] [Times: user=0.01 sys=0.00, real=0.00 secs] 
2690.819: [GC (Allocation Failure) [PSYoungGen: 66048K->1504K(66560K)] 387662K->323118K(716288K), 0.0018306 secs] [Times: user=0.00 sys=0.00, real=0.01 secs] 
2691.139: [GC (Allocation Failure) [PSYoungGen: 66016K->1408K(66560K)] 387630K->323022K(716288K), 0.0017971 secs] [Times: user=0.01 sys=0.00, real=0.01 secs] 
2691.419: [GC (Allocation Failure) [PSYoungGen: 65920K->1376K(66560K)] 387534K->322990K(716288K), 0.0019057 secs] [Times: user=0.01 sys=0.00, real=0.01 secs] 
2691.750: [GC (Allocation Failure) [PSYoungGen: 65888K->1344K(66560K)] 387502K->322958K(716288K), 0.0017867 secs] [Times: user=0.00 sys=0.00, real=0.01 secs] 
2692.202: [GC (Allocation Failure) [PSYoungGen: 65856K->1376K(66560K)] 387470K->322990K(716288K), 0.0021077 secs] [Times: user=0.00 sys=0.00, real=0.00 secs] 
2692.641: [GC (Allocation Failure) [PSYoungGen: 65888K->1469K(66560K)] 387502K->323083K(716288K), 0.0016027 secs] [Times: user=0.01 sys=0.00, real=0.00 secs] 
2693.028: [GC (Allocation Failure) [PSYoungGen: 65965K->1536K(66560K)] 387579K->323150K(716288K), 0.0016739 secs] [Times: user=0.01 sys=0.01, real=0.00 secs] 
2693.414: [GC (Allocation Failure) [PSYoungGen: 66048K->1501K(66560K)] 387662K->323123K(716288K), 0.0018008 secs] [Times: user=0.01 sys=0.00, real=0.00 secs] 
2693.795: [GC (Allocation Failure) [PSYoungGen: 65599K->320K(66560K)] 387222K->321942K(716288K), 0.0016054 secs] [Times: user=0.01 sys=0.00, real=0.00 secs] 
2694.174: [GC (Allocation Failure) [PSYoungGen: 64832K->1376K(66560K)] 386454K->322998K(716288K), 0.0017768 secs] [Times: user=0.01 sys=0.00, real=0.00 secs] 
2694.464: [GC (Allocation Failure) [PSYoungGen: 65888K->1408K(66560K)] 387510K->323030K(716288K), 0.0019870 secs] [Times: user=0.01 sys=0.00, real=0.00 secs] 
2694.732: [GC (Allocation Failure) [PSYoungGen: 65920K->1408K(66560K)] 387542K->323030K(716288K), 0.0020181 secs] [Times: user=0.01 sys=0.00, real=0.00 secs] 
2695.001: [GC (Allocation Failure) [PSYoungGen: 65920K->1408K(66560K)] 387542K->323030K(716288K), 0.0018950 secs] [Times: user=0.01 sys=0.00, real=0.00 secs] 
2695.375: [GC (Allocation Failure) [PSYoungGen: 65920K->1472K(66560K)] 387542K->323094K(716288K), 0.0014222 secs] [Times: user=0.01 sys=0.00, real=0.00 secs] 
2695.765: [GC (Allocation Failure) [PSYoungGen: 65955K->1536K(66560K)] 387577K->323158K(716288K), 0.0015745 secs] [Times: user=0.01 sys=0.00, real=0.00 secs] 
2696.152: [GC (Allocation Failure) [PSYoungGen: 66048K->1517K(66560K)] 387670K->323155K(716288K), 0.0016041 secs] [Times: user=0.00 sys=0.00, real=0.00 secs] 
2696.539: [GC (Allocation Failure) [PSYoungGen: 66029K->1488K(66560K)] 387667K->323142K(716288K), 0.0017171 secs] [Times: user=0.01 sys=0.00, real=0.01 secs] 
2696.844: [GC (Allocation Failure) [PSYoungGen: 66000K->1392K(66560K)] 387654K->323046K(716288K), 0.0016951 secs] [Times: user=0.01 sys=0.00, real=0.00 secs] 
2697.112: [GC (Allocation Failure) [PSYoungGen: 65904K->1408K(66560K)] 387558K->323062K(716288K), 0.0017096 secs] [Times: user=0.00 sys=0.00, real=0.00 secs] 
2697.380: [GC (Allocation Failure) [PSYoungGen: 65920K->1376K(66560K)] 387574K->323030K(716288K), 0.0018917 secs] [Times: user=0.01 sys=0.00, real=0.01 secs] 
2697.652: [GC (Allocation Failure) [PSYoungGen: 65888K->1376K(66560K)] 387542K->323030K(716288K), 0.0026908 secs] [Times: user=0.01 sys=0.00, real=0.00 secs] 
2698.010: [GC (Allocation Failure) [PSYoungGen: 65888K->1501K(66560K)] 387542K->323155K(716288K), 0.0017460 secs] [Times: user=0.00 sys=0.00, real=0.01 secs] 
2698.398: [GC (Allocation Failure) [PSYoungGen: 66013K->1552K(66560K)] 387667K->323206K(716288K), 0.0016452 secs] [Times: user=0.01 sys=0.00, real=0.01 secs] 
2698.786: [GC (Allocation Failure) [PSYoungGen: 66064K->1597K(66560K)] 387718K->323259K(716288K), 0.0017065 secs] [Times: user=0.01 sys=0.00, real=0.00 secs] 
2699.173: [GC (Allocation Failure) [PSYoungGen: 66109K->1552K(66560K)] 387771K->323222K(716288K), 0.0016559 secs] [Times: user=0.00 sys=0.00, real=0.00 secs] 
2699.531: [GC (Allocation Failure) [PSYoungGen: 66064K->1392K(66560K)] 387734K->323062K(716288K), 0.0019050 secs] [Times: user=0.00 sys=0.00, real=0.00 secs] 
2699.974: [GC (Allocation Failure) [PSYoungGen: 65904K->1376K(66560K)] 387574K->323046K(716288K), 0.0018166 secs] [Times: user=0.01 sys=0.00, real=0.00 secs] 
2700.442: [GC (Allocation Failure) [PSYoungGen: 65888K->1376K(66560K)] 387558K->323046K(716288K), 0.0018887 secs] [Times: user=0.01 sys=0.00, real=0.00 secs] 
2700.951: [GC (Allocation Failure) [PSYoungGen: 65888K->1376K(66560K)] 387558K->323046K(716288K), 0.0018192 secs] [Times: user=0.01 sys=0.00, real=0.00 secs] 
2701.485: [GC (Allocation Failure) [PSYoungGen: 65888K->1472K(66560K)] 387558K->323142K(716288K), 0.0014979 secs] [Times: user=0.01 sys=0.00, real=0.00 secs] 
2701.872: [GC (Allocation Failure) [PSYoungGen: 65984K->1565K(66560K)] 387654K->323235K(716288K), 0.0017060 secs] [Times: user=0.01 sys=0.00, real=0.00 secs] 
2702.262: [GC (Allocation Failure) [PSYoungGen: 66077K->1520K(66560K)] 387747K->323190K(716288K), 0.0017268 secs] [Times: user=0.01 sys=0.00, real=0.00 secs] 
2702.712: [GC (Allocation Failure) [PSYoungGen: 66032K->1533K(66560K)] 387702K->323211K(716288K), 0.0016588 secs] [Times: user=0.01 sys=0.00, real=0.00 secs] 
2703.804: [GC (Allocation Failure) [PSYoungGen: 66045K->1456K(66560K)] 387723K->323134K(716288K), 0.0041963 secs] [Times: user=0.02 sys=0.00, real=0.00 secs] 
2704.547: [GC (Allocation Failure) [PSYoungGen: 65968K->1408K(66560K)] 387646K->323086K(716288K), 0.0030352 secs] [Times: user=0.02 sys=0.00, real=0.00 secs] 
2705.140: [GC (Allocation Failure) [PSYoungGen: 65920K->1376K(66560K)] 387598K->323054K(716288K), 0.0028016 secs] [Times: user=0.01 sys=0.00, real=0.01 secs] 
2705.787: [GC (Allocation Failure) [PSYoungGen: 65888K->1376K(66560K)] 387566K->323054K(716288K), 0.0024136 secs] [Times: user=0.01 sys=0.00, real=0.00 secs] 
2706.654: [GC (Allocation Failure) [PSYoungGen: 65888K->1456K(66560K)] 387566K->323134K(716288K), 0.0019409 secs] [Times: user=0.01 sys=0.00, real=0.00 secs] 
2707.049: [GC (Allocation Failure) [PSYoungGen: 65968K->1533K(66560K)] 387646K->323211K(716288K), 0.0017580 secs] [Times: user=0.00 sys=0.00, real=0.01 secs] 
2707.438: [GC (Allocation Failure) [PSYoungGen: 66031K->1533K(66560K)] 387709K->323211K(716288K), 0.0016102 secs] [Times: user=0.01 sys=0.00, real=0.00 secs] 
2707.825: [GC (Allocation Failure) [PSYoungGen: 66045K->1533K(66560K)] 387723K->323219K(716288K), 0.0016774 secs] [Times: user=0.01 sys=0.00, real=0.00 secs] 
2708.709: [GC (Allocation Failure) [PSYoungGen: 66045K->1456K(66560K)] 387731K->323142K(716288K), 0.0040840 secs] [Times: user=0.01 sys=0.00, real=0.01 secs] 
2709.768: [GC (Allocation Failure) [PSYoungGen: 65968K->1360K(66560K)] 387654K->323046K(716288K), 0.0027157 secs] [Times: user=0.01 sys=0.00, real=0.01 secs] 
2710.552: [GC (Allocation Failure) [PSYoungGen: 65872K->1376K(66560K)] 387558K->323086K(716288K), 0.0032324 secs] [Times: user=0.01 sys=0.00, real=0.00 secs] 
2711.366: [GC (Allocation Failure) [PSYoungGen: 65888K->1408K(66560K)] 387598K->323118K(716288K), 0.0038098 secs] [Times: user=0.02 sys=0.00, real=0.00 secs] 
2712.116: [GC (Allocation Failure) [PSYoungGen: 65906K->1456K(66560K)] 387617K->323166K(716288K), 0.0023613 secs] [Times: user=0.01 sys=0.00, real=0.00 secs] 
2712.555: [GC (Allocation Failure) [PSYoungGen: 65964K->1552K(66560K)] 387675K->323262K(716288K), 0.0016034 secs] [Times: user=0.00 sys=0.00, real=0.00 secs] 
2712.940: [GC (Allocation Failure) [PSYoungGen: 66064K->1501K(66560K)] 387774K->323211K(716288K), 0.0016259 secs] [Times: user=0.01 sys=0.00, real=0.01 secs] 
2713.326: [GC (Allocation Failure) [PSYoungGen: 66013K->1469K(66560K)] 387723K->323203K(716288K), 0.0015900 secs] [Times: user=0.00 sys=0.01, real=0.00 secs] 
2713.887: [GC (Allocation Failure) [PSYoungGen: 65981K->1552K(66560K)] 387715K->323286K(716288K), 0.0020496 secs] [Times: user=0.01 sys=0.00, real=0.00 secs] 
2714.518: [GC (Allocation Failure) [PSYoungGen: 66064K->1424K(66560K)] 387798K->323158K(716288K), 0.0025366 secs] [Times: user=0.01 sys=0.00, real=0.01 secs] 
2715.311: [GC (Allocation Failure) [PSYoungGen: 65936K->1440K(66560K)] 387670K->323174K(716288K), 0.0041888 secs] [Times: user=0.01 sys=0.00, real=0.00 secs] 
2715.999: [GC (Allocation Failure) [PSYoungGen: 65952K->1408K(66560K)] 387686K->323142K(716288K), 0.0028308 secs] [Times: user=0.01 sys=0.00, real=0.01 secs] 
2716.805: [GC (Allocation Failure) [PSYoungGen: 65920K->1408K(66560K)] 387654K->323142K(716288K), 0.0030173 secs] [Times: user=0.02 sys=0.00, real=0.00 secs] 
2717.348: [GC (Allocation Failure) [PSYoungGen: 65920K->1552K(66560K)] 387654K->323286K(716288K), 0.0016116 secs] [Times: user=0.01 sys=0.00, real=0.00 secs] 
2717.737: [GC (Allocation Failure) [PSYoungGen: 66064K->1565K(66560K)] 387798K->323299K(716288K), 0.0017126 secs] [Times: user=0.01 sys=0.00, real=0.00 secs] 
2718.124: [GC (Allocation Failure) [PSYoungGen: 66077K->1597K(66560K)] 387811K->323339K(716288K), 0.0015438 secs] [Times: user=0.01 sys=0.00, real=0.00 secs] 
2718.530: [GC (Allocation Failure) [PSYoungGen: 66109K->1504K(66560K)] 387851K->323246K(716288K), 0.0020174 secs] [Times: user=0.01 sys=0.00, real=0.01 secs] 
2718.798: [GC (Allocation Failure) [PSYoungGen: 66016K->1408K(66560K)] 387758K->323150K(716288K), 0.0018197 secs] [Times: user=0.01 sys=0.00, real=0.01 secs] 
2719.067: [GC (Allocation Failure) [PSYoungGen: 65920K->1376K(66560K)] 387662K->323126K(716288K), 0.0017693 secs] [Times: user=0.01 sys=0.00, real=0.00 secs] 
2719.335: [GC (Allocation Failure) [PSYoungGen: 65888K->1408K(66560K)] 387638K->323158K(716288K), 0.0018090 secs] [Times: user=0.01 sys=0.00, real=0.00 secs] 
2719.603: [GC (Allocation Failure) [PSYoungGen: 65920K->1408K(66560K)] 387670K->323158K(716288K), 0.0018643 secs] [Times: user=0.01 sys=0.00, real=0.00 secs] 
2719.987: [GC (Allocation Failure) [PSYoungGen: 65893K->1469K(66560K)] 387644K->323219K(716288K), 0.0016340 secs] [Times: user=0.01 sys=0.00, real=0.00 secs] 
2720.429: [GC (Allocation Failure) [PSYoungGen: 65981K->1552K(66560K)] 387731K->323302K(716288K), 0.0017924 secs] [Times: user=0.00 sys=0.00, real=0.01 secs] 
2720.896: [GC (Allocation Failure) [PSYoungGen: 66033K->1533K(66560K)] 387783K->323291K(716288K), 0.0016274 secs] [Times: user=0.00 sys=0.00, real=0.00 secs] 
2721.273: [GC (Allocation Failure) [PSYoungGen: 65446K->288K(66560K)] 387205K->322046K(716288K), 0.0014918 secs] [Times: user=0.00 sys=0.00, real=0.00 secs] 
2721.978: [GC (Allocation Failure) [PSYoungGen: 64800K->1440K(66560K)] 386558K->323198K(716288K), 0.0030912 secs] [Times: user=0.01 sys=0.00, real=0.01 secs] 
2722.550: [GC (Allocation Failure) [PSYoungGen: 65952K->1360K(66560K)] 387710K->323118K(716288K), 0.0025281 secs] [Times: user=0.01 sys=0.00, real=0.01 secs] 
2723.065: [GC (Allocation Failure) [PSYoungGen: 65872K->1408K(66560K)] 387630K->323166K(716288K), 0.0024494 secs] [Times: user=0.01 sys=0.00, real=0.00 secs] 
2723.548: [GC (Allocation Failure) [PSYoungGen: 65920K->1376K(66560K)] 387678K->323134K(716288K), 0.0023375 secs] [Times: user=0.01 sys=0.00, real=0.01 secs] 
2724.040: [GC (GCLocker Initiated GC) [PSYoungGen: 65888K->1501K(66560K)] 387646K->323259K(716288K), 0.0014900 secs] [Times: user=0.01 sys=0.00, real=0.00 secs] 
2724.432: [GC (Allocation Failure) [PSYoungGen: 66013K->1453K(66560K)] 388733K->324173K(716288K), 0.0016673 secs] [Times: user=0.01 sys=0.00, real=0.00 secs] 
2724.819: [GC (Allocation Failure) [PSYoungGen: 65965K->1661K(66560K)] 388685K->324389K(716288K), 0.0015753 secs] [Times: user=0.01 sys=0.00, real=0.01 secs] 
2725.205: [GC (Allocation Failure) [PSYoungGen: 66173K->1632K(66560K)] 388901K->324360K(716288K), 0.0016624 secs] [Times: user=0.01 sys=0.00, real=0.00 secs] 
2726.544: [GC (Allocation Failure) [PSYoungGen: 66144K->1568K(66560K)] 388872K->324296K(716288K), 0.0036413 secs] [Times: user=0.01 sys=0.00, real=0.00 secs] 
2727.100: [GC (Allocation Failure) [PSYoungGen: 66080K->1520K(66560K)] 388808K->324248K(716288K), 0.0019887 secs] [Times: user=0.00 sys=0.00, real=0.01 secs] 
2727.368: [GC (Allocation Failure) [PSYoungGen: 66032K->1504K(66560K)] 388760K->324232K(716288K), 0.0019826 secs] [Times: user=0.00 sys=0.00, real=0.00 secs] 
2727.635: [GC (Allocation Failure) [PSYoungGen: 66016K->1504K(66560K)] 388744K->324232K(716288K), 0.0019223 secs] [Times: user=0.01 sys=0.00, real=0.00 secs] 
2727.994: [GC (Allocation Failure) [PSYoungGen: 66005K->1629K(66560K)] 388733K->324357K(716288K), 0.0015008 secs] [Times: user=0.01 sys=0.00, real=0.00 secs] 
2728.440: [GC (Allocation Failure) [PSYoungGen: 66141K->1680K(66560K)] 388869K->324424K(716288K), 0.0016389 secs] [Times: user=0.00 sys=0.00, real=0.01 secs] 
2728.825: [GC (Allocation Failure) [PSYoungGen: 66162K->1664K(66560K)] 388906K->324432K(716288K), 0.0017003 secs] [Times: user=0.01 sys=0.00, real=0.00 secs] 
2729.211: [GC (Allocation Failure) [PSYoungGen: 66176K->1648K(66560K)] 388944K->324424K(716288K), 0.0015826 secs] [Times: user=0.01 sys=0.00, real=0.00 secs] 
2730.797: [GC (Allocation Failure) [PSYoungGen: 66160K->1536K(66560K)] 388936K->324312K(716288K), 0.0027990 secs] [Times: user=0.01 sys=0.00, real=0.00 secs] 
2731.123: [GC (Allocation Failure) [PSYoungGen: 66048K->1536K(66560K)] 388824K->324312K(716288K), 0.0020072 secs] [Times: user=0.00 sys=0.00, real=0.00 secs] 
2731.391: [GC (Allocation Failure) [PSYoungGen: 66048K->1536K(66560K)] 388824K->324312K(716288K), 0.0018587 secs] [Times: user=0.01 sys=0.00, real=0.00 secs] 
2731.659: [GC (Allocation Failure) [PSYoungGen: 66048K->1472K(66560K)] 388824K->324288K(716288K), 0.0019776 secs] [Times: user=0.01 sys=0.00, real=0.01 secs] 
2732.008: [GC (Allocation Failure) [PSYoungGen: 65984K->1504K(66560K)] 388800K->324336K(716288K), 0.0016848 secs] [Times: user=0.00 sys=0.00, real=0.00 secs] 
2732.399: [GC (Allocation Failure) [PSYoungGen: 66016K->1565K(66560K)] 388848K->324469K(716288K), 0.0016456 secs] [Times: user=0.00 sys=0.00, real=0.01 secs] 
2732.788: [GC (Allocation Failure) [PSYoungGen: 66077K->1533K(66560K)] 388981K->324437K(716288K), 0.0016674 secs] [Times: user=0.00 sys=0.00, real=0.00 secs] 
2733.175: [GC (Allocation Failure) [PSYoungGen: 66045K->1536K(66560K)] 388949K->324456K(716288K), 0.0017467 secs] [Times: user=0.01 sys=0.00, real=0.00 secs] 
2734.434: [GC (Allocation Failure) [PSYoungGen: 66048K->1456K(66560K)] 388968K->324376K(716288K), 0.0039838 secs] [Times: user=0.01 sys=0.00, real=0.00 secs] 
2735.066: [GC (Allocation Failure) [PSYoungGen: 65968K->1376K(66560K)] 388888K->324296K(716288K), 0.0026850 secs] [Times: user=0.01 sys=0.00, real=0.00 secs] 
2735.684: [GC (Allocation Failure) [PSYoungGen: 65888K->1376K(66560K)] 388808K->324296K(716288K), 0.0025426 secs] [Times: user=0.01 sys=0.01, real=0.00 secs] 
2736.398: [GC (Allocation Failure) [PSYoungGen: 65888K->1344K(66560K)] 388808K->324264K(716288K), 0.0053792 secs] [Times: user=0.02 sys=0.00, real=0.01 secs] 
2737.212: [GC (Allocation Failure) [PSYoungGen: 65832K->1456K(66560K)] 388752K->324376K(716288K), 0.0019799 secs] [Times: user=0.01 sys=0.00, real=0.00 secs] 
2737.617: [GC (Allocation Failure) [PSYoungGen: 65968K->1597K(66560K)] 388888K->324517K(716288K), 0.0017970 secs] [Times: user=0.01 sys=0.00, real=0.00 secs] 
2738.066: [GC (Allocation Failure) [PSYoungGen: 66109K->1536K(66560K)] 389029K->324456K(716288K), 0.0017482 secs] [Times: user=0.00 sys=0.00, real=0.00 secs] 
2738.451: [GC (Allocation Failure) [PSYoungGen: 66048K->1501K(66560K)] 388968K->324429K(716288K), 0.0018080 secs] [Times: user=0.01 sys=0.00, real=0.00 secs] 
2738.849: [GC (Allocation Failure) [PSYoungGen: 66013K->1440K(66560K)] 388941K->324384K(716288K), 0.0026512 secs] [Times: user=0.01 sys=0.00, real=0.01 secs] 
2739.127: [GC (Allocation Failure) [PSYoungGen: 65952K->1408K(66560K)] 388896K->324352K(716288K), 0.0020517 secs] [Times: user=0.01 sys=0.00, real=0.00 secs] 
2739.436: [GC (Allocation Failure) [PSYoungGen: 65920K->1376K(66560K)] 388864K->324320K(716288K), 0.0019546 secs] [Times: user=0.01 sys=0.00, real=0.00 secs] 
2739.711: [GC (Allocation Failure) [PSYoungGen: 65888K->1376K(66560K)] 388832K->324320K(716288K), 0.0020366 secs] [Times: user=0.01 sys=0.00, real=0.00 secs] 
2740.431: [GC (Allocation Failure) [PSYoungGen: 65888K->1424K(66560K)] 388832K->324368K(716288K), 0.0021188 secs] [Times: user=0.00 sys=0.00, real=0.00 secs] 
2740.940: [GC (Allocation Failure) [PSYoungGen: 65936K->1533K(66560K)] 388880K->324477K(716288K), 0.0016317 secs] [Times: user=0.00 sys=0.00, real=0.00 secs] 
2741.327: [GC (Allocation Failure) [PSYoungGen: 66038K->1533K(66560K)] 388982K->324477K(716288K), 0.0016588 secs] [Times: user=0.01 sys=0.00, real=0.00 secs] 
2741.712: [GC (Allocation Failure) [PSYoungGen: 66045K->1597K(66560K)] 388989K->324549K(716288K), 0.0016309 secs] [Times: user=0.00 sys=0.00, real=0.00 secs] 
2742.653: [GC (Allocation Failure) [PSYoungGen: 66109K->1456K(66560K)] 389061K->324408K(716288K), 0.0049440 secs] [Times: user=0.01 sys=0.01, real=0.00 secs] 
2743.808: [GC (Allocation Failure) [PSYoungGen: 65968K->1408K(66560K)] 388920K->324360K(716288K), 0.0030189 secs] [Times: user=0.01 sys=0.00, real=0.01 secs] 
2744.311: [GC (Allocation Failure) [PSYoungGen: 65920K->1376K(66560K)] 388872K->324328K(716288K), 0.0023363 secs] [Times: user=0.00 sys=0.00, real=0.00 secs] 
2744.628: [GC (Allocation Failure) [PSYoungGen: 65888K->1376K(66560K)] 388840K->324328K(716288K), 0.0020268 secs] [Times: user=0.01 sys=0.00, real=0.00 secs] 
2744.896: [GC (Allocation Failure) [PSYoungGen: 65888K->1408K(66560K)] 388840K->324360K(716288K), 0.0019158 secs] [Times: user=0.00 sys=0.00, real=0.00 secs] 
2745.409: [GC (Allocation Failure) [PSYoungGen: 65900K->1533K(66560K)] 388852K->324485K(716288K), 0.0039845 secs] [Times: user=0.02 sys=0.00, real=0.01 secs] 
2745.868: [GC (Allocation Failure) [PSYoungGen: 66045K->1536K(66560K)] 388997K->324488K(716288K), 0.0016887 secs] [Times: user=0.01 sys=0.00, real=0.00 secs] 
2746.309: [GC (Allocation Failure) [PSYoungGen: 66038K->1533K(66560K)] 388990K->324493K(716288K), 0.0015890 secs] [Times: user=0.01 sys=0.01, real=0.01 secs] 
2747.017: [GC (Allocation Failure) [PSYoungGen: 66045K->1536K(66560K)] 389005K->324496K(716288K), 0.0020280 secs] [Times: user=0.01 sys=0.00, real=0.00 secs] 
2747.648: [GC (Allocation Failure) [PSYoungGen: 66048K->1408K(66560K)] 389008K->324368K(716288K), 0.0021115 secs] [Times: user=0.01 sys=0.00, real=0.00 secs] 
2748.317: [GC (Allocation Failure) [PSYoungGen: 65920K->1376K(66560K)] 388880K->324336K(716288K), 0.0022131 secs] [Times: user=0.01 sys=0.00, real=0.00 secs] 
2748.763: [GC (Allocation Failure) [PSYoungGen: 65888K->1376K(66560K)] 388848K->324336K(716288K), 0.0020356 secs] [Times: user=0.01 sys=0.00, real=0.00 secs] 
2749.282: [GC (Allocation Failure) [PSYoungGen: 65888K->1344K(66560K)] 388848K->324312K(716288K), 0.0021382 secs] [Times: user=0.01 sys=0.00, real=0.00 secs] 
2749.761: [GC (Allocation Failure) [PSYoungGen: 65856K->1501K(66560K)] 388824K->324469K(716288K), 0.0015724 secs] [Times: user=0.01 sys=0.00, real=0.00 secs] 
2750.146: [GC (Allocation Failure) [PSYoungGen: 66013K->1520K(66560K)] 388981K->324488K(716288K), 0.0016481 secs] [Times: user=0.01 sys=0.00, real=0.00 secs] 
2750.593: [GC (Allocation Failure) [PSYoungGen: 66022K->1501K(66560K)] 388990K->324477K(716288K), 0.0016345 secs] [Times: user=0.00 sys=0.00, real=0.00 secs] 
2750.982: [GC (Allocation Failure) [PSYoungGen: 66013K->256K(66560K)] 388989K->323232K(716288K), 0.0015180 secs] [Times: user=0.01 sys=0.00, real=0.00 secs] 
2752.220: [GC (Allocation Failure) [PSYoungGen: 64768K->1408K(66560K)] 387744K->324384K(716288K), 0.0027242 secs] [Times: user=0.01 sys=0.00, real=0.00 secs] 
2752.803: [GC (Allocation Failure) [PSYoungGen: 65920K->1424K(66560K)] 388896K->324400K(716288K), 0.0026992 secs] [Times: user=0.01 sys=0.00, real=0.00 secs] 
2753.415: [GC (Allocation Failure) [PSYoungGen: 65936K->1392K(66560K)] 388912K->324368K(716288K), 0.0023790 secs] [Times: user=0.01 sys=0.00, real=0.00 secs] 
2753.988: [GC (Allocation Failure) [PSYoungGen: 65904K->1408K(66560K)] 388880K->324384K(716288K), 0.0024455 secs] [Times: user=0.01 sys=0.00, real=0.01 secs] 
2754.476: [GC (Allocation Failure) [PSYoungGen: 65920K->1533K(66560K)] 388896K->324509K(716288K), 0.0016806 secs] [Times: user=0.00 sys=0.00, real=0.00 secs] 
2754.862: [GC (Allocation Failure) [PSYoungGen: 66023K->1600K(66560K)] 388999K->324576K(716288K), 0.0016079 secs] [Times: user=0.01 sys=0.00, real=0.00 secs] 
2755.249: [GC (Allocation Failure) [PSYoungGen: 66112K->1584K(66560K)] 389088K->324568K(716288K), 0.0015894 secs] [Times: user=0.01 sys=0.00, real=0.01 secs] 
2755.635: [GC (Allocation Failure) [PSYoungGen: 66096K->1568K(66560K)] 389080K->324552K(716288K), 0.0016729 secs] [Times: user=0.00 sys=0.00, real=0.00 secs] 
2756.010: [GC (Allocation Failure) [PSYoungGen: 66080K->1408K(66560K)] 389064K->324392K(716288K), 0.0018390 secs] [Times: user=0.01 sys=0.00, real=0.01 secs] 
2756.337: [GC (Allocation Failure) [PSYoungGen: 65920K->1376K(66560K)] 388904K->324360K(716288K), 0.0023906 secs] [Times: user=0.01 sys=0.00, real=0.00 secs] 
2756.641: [GC (Allocation Failure) [PSYoungGen: 65888K->1408K(66560K)] 388872K->324392K(716288K), 0.0018907 secs] [Times: user=0.01 sys=0.00, real=0.00 secs] 
2756.925: [GC (Allocation Failure) [PSYoungGen: 65920K->1344K(66560K)] 388904K->324328K(716288K), 0.0018430 secs] [Times: user=0.01 sys=0.00, real=0.00 secs] 
2757.322: [GC (Allocation Failure) [PSYoungGen: 65856K->1453K(66560K)] 388840K->324437K(716288K), 0.0015111 secs] [Times: user=0.01 sys=0.00, real=0.00 secs] 
2757.764: [GC (Allocation Failure) [PSYoungGen: 65965K->1504K(66560K)] 388949K->324488K(716288K), 0.0016221 secs] [Times: user=0.01 sys=0.00, real=0.00 secs] 
2758.148: [GC (Allocation Failure) [PSYoungGen: 66016K->1565K(66560K)] 389000K->324565K(716288K), 0.0016424 secs] [Times: user=0.01 sys=0.00, real=0.00 secs] 
2758.535: [GC (Allocation Failure) [PSYoungGen: 66077K->1536K(66560K)] 389077K->324560K(716288K), 0.0017513 secs] [Times: user=0.01 sys=0.00, real=0.00 secs] 
2759.181: [GC (Allocation Failure) [PSYoungGen: 66048K->1408K(66560K)] 389072K->324432K(716288K), 0.0034376 secs] [Times: user=0.01 sys=0.00, real=0.00 secs] 
2759.848: [GC (Allocation Failure) [PSYoungGen: 65920K->1344K(66560K)] 388944K->324368K(716288K), 0.0030306 secs] [Times: user=0.01 sys=0.00, real=0.01 secs] 
2760.616: [GC (Allocation Failure) [PSYoungGen: 65856K->1344K(66560K)] 388880K->324368K(716288K), 0.0039702 secs] [Times: user=0.01 sys=0.00, real=0.01 secs] 
2761.194: [GC (Allocation Failure) [PSYoungGen: 65856K->1376K(66560K)] 388880K->324400K(716288K), 0.0026111 secs] [Times: user=0.01 sys=0.00, real=0.00 secs] 
2761.804: [GC (Allocation Failure) [PSYoungGen: 65888K->1453K(66560K)] 388912K->324477K(716288K), 0.0015539 secs] [Times: user=0.01 sys=0.00, real=0.00 secs] 
2762.191: [GC (Allocation Failure) [PSYoungGen: 65965K->1536K(66560K)] 388989K->324560K(716288K), 0.0016025 secs] [Times: user=0.01 sys=0.00, real=0.00 secs] 
2762.582: [GC (Allocation Failure) [PSYoungGen: 66036K->1533K(66560K)] 389060K->324557K(716288K), 0.0016382 secs] [Times: user=0.00 sys=0.00, real=0.00 secs] 
2762.970: [GC (Allocation Failure) [PSYoungGen: 66045K->1597K(66560K)] 389069K->324629K(716288K), 0.0016288 secs] [Times: user=0.01 sys=0.00, real=0.00 secs] 
2763.514: [GC (Allocation Failure) [PSYoungGen: 66109K->1424K(66560K)] 389141K->324456K(716288K), 0.0019759 secs] [Times: user=0.01 sys=0.00, real=0.00 secs] 
2764.090: [GC (Allocation Failure) [PSYoungGen: 65936K->1376K(66560K)] 388968K->324408K(716288K), 0.0018823 secs] [Times: user=0.01 sys=0.00, real=0.00 secs] 
2764.477: [GC (Allocation Failure) [PSYoungGen: 65888K->1376K(66560K)] 388920K->324408K(716288K), 0.0021412 secs] [Times: user=0.01 sys=0.00, real=0.00 secs] 
2764.749: [GC (Allocation Failure) [PSYoungGen: 65888K->1376K(66560K)] 388920K->324408K(716288K), 0.0018694 secs] [Times: user=0.00 sys=0.00, real=0.01 secs] 
2765.124: [GC (Allocation Failure) [PSYoungGen: 65872K->1437K(66560K)] 388904K->324469K(716288K), 0.0014894 secs] [Times: user=0.01 sys=0.00, real=0.00 secs] 
2765.510: [GC (Allocation Failure) [PSYoungGen: 65949K->1565K(66560K)] 388981K->324597K(716288K), 0.0015913 secs] [Times: user=0.01 sys=0.00, real=0.01 secs] 
2765.960: [GC (Allocation Failure) [PSYoungGen: 66077K->1533K(66560K)] 389109K->324565K(716288K), 0.0017201 secs] [Times: user=0.01 sys=0.00, real=0.01 secs] 
2766.346: [GC (Allocation Failure) [PSYoungGen: 66045K->1536K(66560K)] 389077K->324576K(716288K), 0.0019258 secs] [Times: user=0.01 sys=0.00, real=0.00 secs] 
2766.872: [GC (Allocation Failure) [PSYoungGen: 66048K->1456K(66560K)] 389088K->324496K(716288K), 0.0024851 secs] [Times: user=0.01 sys=0.00, real=0.00 secs] 
2767.301: [GC (Allocation Failure) [PSYoungGen: 65968K->1440K(66560K)] 389008K->324480K(716288K), 0.0022765 secs] [Times: user=0.01 sys=0.00, real=0.00 secs] 
2767.750: [GC (Allocation Failure) [PSYoungGen: 65952K->1312K(66560K)] 388992K->324376K(716288K), 0.0021350 secs] [Times: user=0.01 sys=0.00, real=0.00 secs] 
2768.394: [GC (Allocation Failure) [PSYoungGen: 65824K->1376K(66560K)] 388888K->324440K(716288K), 0.0026721 secs] [Times: user=0.01 sys=0.00, real=0.00 secs] 
2769.012: [GC (Allocation Failure) [PSYoungGen: 65886K->1424K(66560K)] 388950K->324496K(716288K), 0.0021465 secs] [Times: user=0.00 sys=0.00, real=0.00 secs] 
2769.443: [GC (Allocation Failure) [PSYoungGen: 65936K->1536K(66560K)] 389008K->324608K(716288K), 0.0017082 secs] [Times: user=0.01 sys=0.00, real=0.00 secs] 
2769.831: [GC (Allocation Failure) [PSYoungGen: 66048K->1565K(66560K)] 389120K->324637K(716288K), 0.0016885 secs] [Times: user=0.01 sys=0.00, real=0.00 secs] 
2770.279: [GC (Allocation Failure) [PSYoungGen: 66077K->1536K(66560K)] 389149K->324616K(716288K), 0.0016220 secs] [Times: user=0.00 sys=0.00, real=0.01 secs] 
2770.687: [GC (Allocation Failure) [PSYoungGen: 66048K->1424K(66560K)] 389128K->324504K(716288K), 0.0020943 secs] [Times: user=0.01 sys=0.00, real=0.00 secs] 
2770.987: [GC (Allocation Failure) [PSYoungGen: 65936K->1376K(66560K)] 389016K->324456K(716288K), 0.0021525 secs] [Times: user=0.01 sys=0.00, real=0.00 secs] 
2771.255: [GC (Allocation Failure) [PSYoungGen: 65888K->1408K(66560K)] 388968K->324496K(716288K), 0.0019603 secs] [Times: user=0.01 sys=0.00, real=0.00 secs] 
2771.523: [GC (Allocation Failure) [PSYoungGen: 65920K->1408K(66560K)] 389008K->324496K(716288K), 0.0018968 secs] [Times: user=0.01 sys=0.00, real=0.00 secs] 
2771.791: [GC (Allocation Failure) [PSYoungGen: 65920K->1424K(66560K)] 389008K->324512K(716288K), 0.0018851 secs] [Times: user=0.01 sys=0.00, real=0.00 secs] 
2772.198: [GC (Allocation Failure) [PSYoungGen: 65936K->1565K(66560K)] 389024K->324653K(716288K), 0.0015460 secs] [Times: user=0.01 sys=0.00, real=0.00 secs] 
2772.588: [GC (Allocation Failure) [PSYoungGen: 66077K->1568K(66560K)] 389165K->324656K(716288K), 0.0016841 secs] [Times: user=0.01 sys=0.00, real=0.00 secs] 
2772.973: [GC (Allocation Failure) [PSYoungGen: 66080K->1533K(66560K)] 389168K->324637K(716288K), 0.0015771 secs] [Times: user=0.01 sys=0.00, real=0.00 secs] 
2773.378: [GC (Allocation Failure) [PSYoungGen: 66045K->1504K(66560K)] 389149K->324608K(716288K), 0.0018111 secs] [Times: user=0.01 sys=0.00, real=0.00 secs] 
2773.890: [GC (Allocation Failure) [PSYoungGen: 66016K->1344K(66560K)] 389120K->324448K(716288K), 0.0017164 secs] [Times: user=0.01 sys=0.00, real=0.01 secs] 
2774.470: [GC (Allocation Failure) [PSYoungGen: 65856K->1344K(66560K)] 388960K->324448K(716288K), 0.0020111 secs] [Times: user=0.01 sys=0.00, real=0.00 secs] 
2775.136: [GC (Allocation Failure) [PSYoungGen: 65856K->1376K(66560K)] 388960K->324480K(716288K), 0.0020149 secs] [Times: user=0.01 sys=0.00, real=0.00 secs] 
2775.981: [GC (Allocation Failure) [PSYoungGen: 65888K->1408K(66560K)] 388992K->324512K(716288K), 0.0018657 secs] [Times: user=0.01 sys=0.00, real=0.00 secs] 
2776.500: [GC (Allocation Failure) [PSYoungGen: 65920K->1533K(66560K)] 389024K->324637K(716288K), 0.0015251 secs] [Times: user=0.00 sys=0.00, real=0.00 secs] 
2776.887: [GC (Allocation Failure) [PSYoungGen: 66045K->1501K(66560K)] 389149K->324605K(716288K), 0.0016841 secs] [Times: user=0.00 sys=0.00, real=0.00 secs] 
2777.274: [GC (Allocation Failure) [PSYoungGen: 66013K->1565K(66560K)] 389117K->324685K(716288K), 0.0017224 secs] [Times: user=0.01 sys=0.00, real=0.00 secs] 
2777.665: [GC (Allocation Failure) [PSYoungGen: 66077K->192K(66560K)] 389197K->323328K(716288K), 0.0014657 secs] [Times: user=0.00 sys=0.00, real=0.00 secs] 
2778.028: [GC (Allocation Failure) [PSYoungGen: 64704K->1376K(66560K)] 387840K->324512K(716288K), 0.0018383 secs] [Times: user=0.01 sys=0.00, real=0.00 secs] 
2778.295: [GC (Allocation Failure) [PSYoungGen: 65888K->1408K(66560K)] 389024K->324544K(716288K), 0.0019392 secs] [Times: user=0.00 sys=0.00, real=0.00 secs] 
2778.564: [GC (Allocation Failure) [PSYoungGen: 65920K->1360K(66560K)] 389056K->324496K(716288K), 0.0019521 secs] [Times: user=0.01 sys=0.01, real=0.00 secs] 
2778.832: [GC (Allocation Failure) [PSYoungGen: 65872K->1376K(66560K)] 389008K->324512K(716288K), 0.0018806 secs] [Times: user=0.01 sys=0.00, real=0.00 secs] 
2779.218: [GC (Allocation Failure) [PSYoungGen: 65861K->1549K(66560K)] 388997K->324685K(716288K), 0.0016229 secs] [Times: user=0.01 sys=0.00, real=0.00 secs] 
2779.604: [GC (Allocation Failure) [PSYoungGen: 66061K->1584K(66560K)] 389197K->324720K(716288K), 0.0016310 secs] [Times: user=0.01 sys=0.00, real=0.00 secs] 
2779.990: [GC (Allocation Failure) [PSYoungGen: 66096K->1613K(66560K)] 389232K->324757K(716288K), 0.0017281 secs] [Times: user=0.00 sys=0.00, real=0.01 secs] 
2780.379: [GC (Allocation Failure) [PSYoungGen: 66125K->1565K(66560K)] 389269K->324709K(716288K), 0.0017319 secs] [Times: user=0.01 sys=0.00, real=0.01 secs] 
2781.221: [GC (Allocation Failure) [PSYoungGen: 66077K->1408K(66560K)] 389221K->324552K(716288K), 0.0020113 secs] [Times: user=0.01 sys=0.00, real=0.00 secs] 
2781.646: [GC (Allocation Failure) [PSYoungGen: 65920K->1344K(66560K)] 389064K->324488K(716288K), 0.0021755 secs] [Times: user=0.01 sys=0.00, real=0.00 secs] 
2782.253: [GC (Allocation Failure) [PSYoungGen: 65856K->1376K(66560K)] 389000K->324520K(716288K), 0.0023697 secs] [Times: user=0.01 sys=0.00, real=0.00 secs] 
2782.914: [GC (Allocation Failure) [PSYoungGen: 65888K->1408K(66560K)] 389032K->324552K(716288K), 0.0023206 secs] [Times: user=0.01 sys=0.00, real=0.00 secs] 
2783.449: [GC (Allocation Failure) [PSYoungGen: 65918K->1472K(66560K)] 389062K->324616K(716288K), 0.0015296 secs] [Times: user=0.01 sys=0.00, real=0.01 secs] 
2783.835: [GC (Allocation Failure) [PSYoungGen: 65984K->1520K(66560K)] 389128K->324664K(716288K), 0.0016101 secs] [Times: user=0.01 sys=0.00, real=0.00 secs] 
2784.221: [GC (Allocation Failure) [PSYoungGen: 66027K->1536K(66560K)] 389171K->324680K(716288K), 0.0015855 secs] [Times: user=0.01 sys=0.00, real=0.00 secs] 
2784.606: [GC (Allocation Failure) [PSYoungGen: 66048K->1533K(66560K)] 389192K->324693K(716288K), 0.0017333 secs] [Times: user=0.00 sys=0.00, real=0.00 secs] 
2785.230: [GC (Allocation Failure) [PSYoungGen: 66045K->1440K(66560K)] 389205K->324600K(716288K), 0.0018950 secs] [Times: user=0.01 sys=0.00, real=0.00 secs] 
2785.904: [GC (Allocation Failure) [PSYoungGen: 65952K->1408K(66560K)] 389112K->324568K(716288K), 0.0026557 secs] [Times: user=0.01 sys=0.00, real=0.00 secs] 
2786.619: [GC (Allocation Failure) [PSYoungGen: 65920K->1440K(66560K)] 389080K->324600K(716288K), 0.0038152 secs] [Times: user=0.02 sys=0.00, real=0.01 secs] 
2787.206: [GC (Allocation Failure) [PSYoungGen: 65952K->1408K(66560K)] 389112K->324568K(716288K), 0.0024201 secs] [Times: user=0.01 sys=0.00, real=0.00 secs] 
2787.815: [GC (Allocation Failure) [PSYoungGen: 65909K->1533K(66560K)] 389069K->324693K(716288K), 0.0021154 secs] [Times: user=0.01 sys=0.00, real=0.00 secs] 
2788.293: [GC (Allocation Failure) [PSYoungGen: 66045K->1568K(66560K)] 389205K->324728K(716288K), 0.0017933 secs] [Times: user=0.01 sys=0.00, real=0.00 secs] 
2788.681: [GC (Allocation Failure) [PSYoungGen: 66080K->1565K(66560K)] 389240K->324725K(716288K), 0.0016406 secs] [Times: user=0.00 sys=0.00, real=0.00 secs] 
2789.066: [GC (Allocation Failure) [PSYoungGen: 66062K->1533K(66560K)] 389222K->324717K(716288K), 0.0016301 secs] [Times: user=0.01 sys=0.00, real=0.00 secs] 
2789.844: [GC (Allocation Failure) [PSYoungGen: 66045K->1424K(66560K)] 389229K->324608K(716288K), 0.0043092 secs] [Times: user=0.02 sys=0.00, real=0.00 secs] 
2790.438: [GC (Allocation Failure) [PSYoungGen: 65936K->1360K(66560K)] 389120K->324544K(716288K), 0.0026959 secs] [Times: user=0.01 sys=0.00, real=0.01 secs] 
2791.059: [GC (Allocation Failure) [PSYoungGen: 65872K->1408K(66560K)] 389056K->324592K(716288K), 0.0025307 secs] [Times: user=0.00 sys=0.00, real=0.01 secs] 
2791.604: [GC (Allocation Failure) [PSYoungGen: 65920K->1408K(66560K)] 389104K->324592K(716288K), 0.0023841 secs] [Times: user=0.01 sys=0.00, real=0.00 secs] 
2792.343: [GC (Allocation Failure) [PSYoungGen: 65920K->1520K(66560K)] 389104K->324704K(716288K), 0.0018902 secs] [Times: user=0.01 sys=0.00, real=0.00 secs] 
2792.742: [GC (Allocation Failure) [PSYoungGen: 66032K->1533K(66560K)] 389216K->324717K(716288K), 0.0015682 secs] [Times: user=0.00 sys=0.00, real=0.00 secs] 
2793.126: [GC (Allocation Failure) [PSYoungGen: 66045K->1565K(66560K)] 389229K->324749K(716288K), 0.0016037 secs] [Times: user=0.01 sys=0.00, real=0.00 secs] 
2793.514: [GC (Allocation Failure) [PSYoungGen: 66077K->1565K(66560K)] 389261K->324773K(716288K), 0.0016365 secs] [Times: user=0.01 sys=0.00, real=0.00 secs] 
2793.879: [GC (Allocation Failure) [PSYoungGen: 66077K->1472K(66560K)] 389285K->324680K(716288K), 0.0016802 secs] [Times: user=0.00 sys=0.00, real=0.01 secs] 
2794.181: [GC (Allocation Failure) [PSYoungGen: 65984K->1344K(66560K)] 389192K->324552K(716288K), 0.0016926 secs] [Times: user=0.00 sys=0.00, real=0.00 secs] 
2794.448: [GC (Allocation Failure) [PSYoungGen: 65856K->1344K(66560K)] 389064K->324552K(716288K), 0.0017212 secs] [Times: user=0.00 sys=0.00, real=0.01 secs] 
2794.785: [GC (Allocation Failure) [PSYoungGen: 65856K->1376K(66560K)] 389064K->324584K(716288K), 0.0024972 secs] [Times: user=0.01 sys=0.00, real=0.00 secs] 
2795.105: [GC (Allocation Failure) [PSYoungGen: 65861K->1437K(66560K)] 389069K->324645K(716288K), 0.0019213 secs] [Times: user=0.01 sys=0.00, real=0.00 secs] 
2795.507: [GC (Allocation Failure) [PSYoungGen: 65949K->1568K(66560K)] 389157K->324776K(716288K), 0.0016564 secs] [Times: user=0.01 sys=0.00, real=0.00 secs] 
2795.893: [GC (Allocation Failure) [PSYoungGen: 66080K->1536K(66560K)] 389288K->324744K(716288K), 0.0015764 secs] [Times: user=0.00 sys=0.00, real=0.00 secs] 
2796.278: [GC (Allocation Failure) [PSYoungGen: 66048K->1533K(66560K)] 389256K->324749K(716288K), 0.0016241 secs] [Times: user=0.00 sys=0.00, real=0.00 secs] 
2796.807: [GC (Allocation Failure) [PSYoungGen: 66045K->1472K(66560K)] 389261K->324688K(716288K), 0.0019433 secs] [Times: user=0.01 sys=0.00, real=0.00 secs] 
2797.345: [GC (Allocation Failure) [PSYoungGen: 65984K->1376K(66560K)] 389200K->324616K(716288K), 0.0019251 secs] [Times: user=0.00 sys=0.00, real=0.00 secs] 
2797.905: [GC (Allocation Failure) [PSYoungGen: 65888K->1408K(66560K)] 389128K->324648K(716288K), 0.0019289 secs] [Times: user=0.01 sys=0.00, real=0.00 secs] 
2798.517: [GC (Allocation Failure) [PSYoungGen: 65920K->1344K(66560K)] 389160K->324584K(716288K), 0.0018065 secs] [Times: user=0.00 sys=0.00, real=0.00 secs] 
2799.102: [GC (Allocation Failure) [PSYoungGen: 65856K->1376K(66560K)] 389096K->324616K(716288K), 0.0021305 secs] [Times: user=0.01 sys=0.01, real=0.00 secs] 
2799.574: [GC (Allocation Failure) [PSYoungGen: 65888K->1549K(66560K)] 389128K->324789K(716288K), 0.0016945 secs] [Times: user=0.01 sys=0.00, real=0.00 secs] 
2799.960: [GC (Allocation Failure) [PSYoungGen: 66039K->1504K(66560K)] 389280K->324744K(716288K), 0.0016790 secs] [Times: user=0.01 sys=0.00, real=0.00 secs] 
2800.346: [GC (Allocation Failure) [PSYoungGen: 66016K->1536K(66560K)] 389256K->324792K(716288K), 0.0018129 secs] [Times: user=0.00 sys=0.00, real=0.00 secs] 
2800.829: [GC (Allocation Failure) [PSYoungGen: 66048K->2016K(66560K)] 389304K->325792K(716288K), 0.0020869 secs] [Times: user=0.01 sys=0.00, real=0.01 secs] 
2801.325: [GC (Allocation Failure) [PSYoungGen: 66528K->1344K(66560K)] 390304K->325120K(716288K), 0.0018995 secs] [Times: user=0.01 sys=0.00, real=0.00 secs] 
2801.594: [GC (Allocation Failure) [PSYoungGen: 65856K->1408K(66560K)] 389632K->325184K(716288K), 0.0018719 secs] [Times: user=0.00 sys=0.00, real=0.00 secs] 
2801.862: [GC (Allocation Failure) [PSYoungGen: 65920K->1376K(66560K)] 389696K->325152K(716288K), 0.0021093 secs] [Times: user=0.01 sys=0.00, real=0.00 secs] 
2802.132: [GC (Allocation Failure) [PSYoungGen: 65888K->1408K(66560K)] 389664K->325184K(716288K), 0.0020331 secs] [Times: user=0.01 sys=0.00, real=0.00 secs] 
2802.531: [GC (Allocation Failure) [PSYoungGen: 65892K->1520K(66560K)] 389668K->325296K(716288K), 0.0015047 secs] [Times: user=0.01 sys=0.00, real=0.00 secs] 
2802.922: [GC (Allocation Failure) [PSYoungGen: 66032K->1533K(66560K)] 389808K->325309K(716288K), 0.0017451 secs] [Times: user=0.00 sys=0.00, real=0.00 secs] 
2803.309: [GC (Allocation Failure) [PSYoungGen: 66014K->1565K(66560K)] 389790K->325349K(716288K), 0.0015920 secs] [Times: user=0.01 sys=0.00, real=0.01 secs] 
2803.697: [GC (Allocation Failure) [PSYoungGen: 66077K->1597K(66560K)] 389861K->325381K(716288K), 0.0016520 secs] [Times: user=0.01 sys=0.00, real=0.00 secs] 
2804.056: [GC (Allocation Failure) [PSYoungGen: 66109K->1408K(66560K)] 389893K->325192K(716288K), 0.0017321 secs] [Times: user=0.01 sys=0.00, real=0.00 secs] 
2804.324: [GC (Allocation Failure) [PSYoungGen: 65920K->1408K(66560K)] 389704K->325192K(716288K), 0.0017733 secs] [Times: user=0.01 sys=0.01, real=0.00 secs] 
2804.647: [GC (Allocation Failure) [PSYoungGen: 65920K->1376K(66560K)] 389704K->325160K(716288K), 0.0019029 secs] [Times: user=0.01 sys=0.00, real=0.00 secs] 
2804.915: [GC (Allocation Failure) [PSYoungGen: 65888K->1344K(66560K)] 389672K->325128K(716288K), 0.0018662 secs] [Times: user=0.00 sys=0.00, real=0.00 secs] 
2805.397: [GC (Allocation Failure) [PSYoungGen: 65856K->1469K(66560K)] 389640K->325253K(716288K), 0.0085019 secs] [Times: user=0.03 sys=0.00, real=0.01 secs] 
2805.813: [GC (Allocation Failure) [PSYoungGen: 65970K->1501K(66560K)] 389754K->325285K(716288K), 0.0017438 secs] [Times: user=0.01 sys=0.00, real=0.00 secs] 
2806.262: [GC (Allocation Failure) [PSYoungGen: 65994K->1536K(66560K)] 389779K->325344K(716288K), 0.0017249 secs] [Times: user=0.00 sys=0.00, real=0.00 secs] 
2806.649: [GC (Allocation Failure) [PSYoungGen: 66048K->1568K(66560K)] 389856K->325376K(716288K), 0.0016222 secs] [Times: user=0.00 sys=0.00, real=0.01 secs] 
2807.418: [GC (Allocation Failure) [PSYoungGen: 66080K->1376K(66560K)] 389888K->325184K(716288K), 0.0037886 secs] [Times: user=0.01 sys=0.00, real=0.01 secs] 
2808.120: [GC (Allocation Failure) [PSYoungGen: 65888K->1376K(66560K)] 389696K->325184K(716288K), 0.0042369 secs] [Times: user=0.02 sys=0.00, real=0.01 secs] 
2808.479: [GC (Allocation Failure) [PSYoungGen: 65888K->1344K(66560K)] 389696K->325152K(716288K), 0.0042556 secs] [Times: user=0.01 sys=0.00, real=0.01 secs] 
2808.936: [GC (Allocation Failure) [PSYoungGen: 65856K->1328K(66560K)] 389664K->325136K(716288K), 0.0025333 secs] [Times: user=0.01 sys=0.00, real=0.00 secs] 
2809.416: [GC (Allocation Failure) [PSYoungGen: 65826K->1469K(66560K)] 389634K->325277K(716288K), 0.0015225 secs] [Times: user=0.00 sys=0.00, real=0.00 secs] 
2809.803: [GC (Allocation Failure) [PSYoungGen: 65981K->1533K(66560K)] 389789K->325341K(716288K), 0.0017181 secs] [Times: user=0.00 sys=0.00, real=0.00 secs] 
2810.188: [GC (Allocation Failure) [PSYoungGen: 66045K->1597K(66560K)] 389853K->325405K(716288K), 0.0015534 secs] [Times: user=0.00 sys=0.00, real=0.00 secs] 
2810.641: [GC (Allocation Failure) [PSYoungGen: 66109K->1536K(66560K)] 389917K->325360K(716288K), 0.0017980 secs] [Times: user=0.01 sys=0.00, real=0.00 secs] 
2811.249: [GC (Allocation Failure) [PSYoungGen: 66048K->1424K(66560K)] 389872K->325248K(716288K), 0.0022727 secs] [Times: user=0.01 sys=0.00, real=0.01 secs] 
2811.688: [GC (Allocation Failure) [PSYoungGen: 65936K->1376K(66560K)] 389760K->325200K(716288K), 0.0020444 secs] [Times: user=0.01 sys=0.00, real=0.00 secs] 
2811.956: [GC (Allocation Failure) [PSYoungGen: 65888K->1376K(66560K)] 389712K->325200K(716288K), 0.0026259 secs] [Times: user=0.01 sys=0.00, real=0.00 secs] 
2812.313: [GC (Allocation Failure) [PSYoungGen: 65888K->1360K(66560K)] 389712K->325184K(716288K), 0.0023449 secs] [Times: user=0.01 sys=0.00, real=0.00 secs] 
2812.851: [GC (Allocation Failure) [PSYoungGen: 65872K->1472K(66560K)] 389696K->325296K(716288K), 0.0016914 secs] [Times: user=0.01 sys=0.00, real=0.00 secs] 
2813.240: [GC (Allocation Failure) [PSYoungGen: 65984K->1565K(66560K)] 389808K->325389K(716288K), 0.0016203 secs] [Times: user=0.01 sys=0.00, real=0.01 secs] 
2813.626: [GC (Allocation Failure) [PSYoungGen: 66077K->1536K(66560K)] 389901K->325360K(716288K), 0.0016207 secs] [Times: user=0.01 sys=0.00, real=0.00 secs] 
2814.011: [GC (Allocation Failure) [PSYoungGen: 66048K->1568K(66560K)] 389872K->325400K(716288K), 0.0015991 secs] [Times: user=0.01 sys=0.00, real=0.00 secs] 
2815.015: [GC (Allocation Failure) [PSYoungGen: 66080K->1424K(66560K)] 389912K->325256K(716288K), 0.0039769 secs] [Times: user=0.02 sys=0.00, real=0.00 secs] 
2815.625: [GC (Allocation Failure) [PSYoungGen: 65936K->1408K(66560K)] 389768K->325240K(716288K), 0.0032872 secs] [Times: user=0.02 sys=0.00, real=0.00 secs] 
2816.088: [GC (Allocation Failure) [PSYoungGen: 65920K->1360K(66560K)] 389752K->325192K(716288K), 0.0027009 secs] [Times: user=0.01 sys=0.00, real=0.01 secs] 
2816.566: [GC (Allocation Failure) [PSYoungGen: 65872K->1376K(66560K)] 389704K->325208K(716288K), 0.0024602 secs] [Times: user=0.01 sys=0.00, real=0.00 secs] 
2817.162: [GC (Allocation Failure) [PSYoungGen: 65888K->1437K(66560K)] 389720K->325269K(716288K), 0.0020940 secs] [Times: user=0.01 sys=0.00, real=0.00 secs] 
2817.564: [GC (Allocation Failure) [PSYoungGen: 65945K->1565K(66560K)] 389777K->325397K(716288K), 0.0017145 secs] [Times: user=0.00 sys=0.00, real=0.00 secs] 
2817.954: [GC (Allocation Failure) [PSYoungGen: 66077K->1504K(66560K)] 389909K->325336K(716288K), 0.0017060 secs] [Times: user=0.01 sys=0.00, real=0.00 secs] 
2818.347: [GC (Allocation Failure) [PSYoungGen: 66016K->1565K(66560K)] 389848K->325429K(716288K), 0.0014681 secs] [Times: user=0.00 sys=0.00, real=0.00 secs] 
2818.833: [GC (Allocation Failure) [PSYoungGen: 66077K->1456K(66560K)] 389941K->325320K(716288K), 0.0032230 secs] [Times: user=0.01 sys=0.00, real=0.00 secs] 
2819.540: [GC (Allocation Failure) [PSYoungGen: 65968K->1408K(66560K)] 389832K->325272K(716288K), 0.0030517 secs] [Times: user=0.01 sys=0.00, real=0.01 secs] 
2820.010: [GC (Allocation Failure) [PSYoungGen: 65920K->1440K(66560K)] 389784K->325304K(716288K), 0.0022330 secs] [Times: user=0.01 sys=0.00, real=0.00 secs] 
2820.562: [GC (Allocation Failure) [PSYoungGen: 65952K->1376K(66560K)] 389816K->325248K(716288K), 0.0021843 secs] [Times: user=0.01 sys=0.00, real=0.00 secs] 
2821.230: [GC (Allocation Failure) [PSYoungGen: 65888K->1437K(66560K)] 389760K->325309K(716288K), 0.0030770 secs] [Times: user=0.01 sys=0.00, real=0.01 secs] 
2821.697: [GC (Allocation Failure) [PSYoungGen: 65949K->1504K(66560K)] 389821K->325376K(716288K), 0.0014449 secs] [Times: user=0.00 sys=0.00, real=0.00 secs] 
2822.083: [GC (Allocation Failure) [PSYoungGen: 65989K->1597K(66560K)] 389861K->325469K(716288K), 0.0015957 secs] [Times: user=0.01 sys=0.00, real=0.00 secs] 
2822.468: [GC (Allocation Failure) [PSYoungGen: 66109K->1597K(66560K)] 389981K->325477K(716288K), 0.0016212 secs] [Times: user=0.00 sys=0.00, real=0.00 secs] 
2822.887: [GC (Allocation Failure) [PSYoungGen: 66109K->1472K(66560K)] 389989K->325352K(716288K), 0.0021016 secs] [Times: user=0.00 sys=0.00, real=0.00 secs] 
2823.398: [GC (Allocation Failure) [PSYoungGen: 65984K->1440K(66560K)] 389864K->325320K(716288K), 0.0031471 secs] [Times: user=0.01 sys=0.00, real=0.01 secs] 
2823.893: [GC (Allocation Failure) [PSYoungGen: 65952K->1376K(66560K)] 389832K->325256K(716288K), 0.0031337 secs] [Times: user=0.02 sys=0.00, real=0.00 secs] 
2824.583: [GC (Allocation Failure) [PSYoungGen: 65888K->1344K(66560K)] 389768K->325224K(716288K), 0.0027233 secs] [Times: user=0.01 sys=0.00, real=0.00 secs] 
2825.261: [GC (Allocation Failure) [PSYoungGen: 65856K->1376K(66560K)] 389736K->325256K(716288K), 0.0023564 secs] [Times: user=0.01 sys=0.01, real=0.00 secs] 
2825.765: [GC (Allocation Failure) [PSYoungGen: 65888K->1533K(66560K)] 389768K->325413K(716288K), 0.0017335 secs] [Times: user=0.01 sys=0.00, real=0.00 secs] 
2826.210: [GC (Allocation Failure) [PSYoungGen: 66045K->1501K(66560K)] 389925K->325381K(716288K), 0.0016440 secs] [Times: user=0.01 sys=0.00, real=0.01 secs] 
2826.597: [GC (Allocation Failure) [PSYoungGen: 66013K->1568K(66560K)] 389893K->325456K(716288K), 0.0016431 secs] [Times: user=0.01 sys=0.00, real=0.00 secs] 
2827.010: [GC (Allocation Failure) [PSYoungGen: 66080K->1536K(66560K)] 389968K->325424K(716288K), 0.0020418 secs] [Times: user=0.00 sys=0.00, real=0.01 secs] 
2827.615: [GC (Allocation Failure) [PSYoungGen: 66048K->1376K(66560K)] 389936K->325264K(716288K), 0.0028705 secs] [Times: user=0.02 sys=0.00, real=0.00 secs] 
2827.908: [GC (Allocation Failure) [PSYoungGen: 65888K->1440K(66560K)] 389776K->325328K(716288K), 0.0019974 secs] [Times: user=0.01 sys=0.00, real=0.01 secs] 
2828.176: [GC (Allocation Failure) [PSYoungGen: 65952K->1344K(66560K)] 389840K->325256K(716288K), 0.0020758 secs] [Times: user=0.01 sys=0.00, real=0.00 secs] 
2828.444: [GC (Allocation Failure) [PSYoungGen: 65856K->1376K(66560K)] 389768K->325288K(716288K), 0.0018324 secs] [Times: user=0.01 sys=0.00, real=0.00 secs] 
2828.841: [GC (Allocation Failure) [PSYoungGen: 65868K->1533K(66560K)] 389780K->325445K(716288K), 0.0016709 secs] [Times: user=0.01 sys=0.00, real=0.00 secs] 
2829.227: [GC (Allocation Failure) [PSYoungGen: 66045K->1565K(66560K)] 389957K->325477K(716288K), 0.0016275 secs] [Times: user=0.00 sys=0.00, real=0.00 secs] 
2829.614: [GC (Allocation Failure) [PSYoungGen: 66077K->1549K(66560K)] 389989K->325469K(716288K), 0.0017797 secs] [Times: user=0.01 sys=0.00, real=0.00 secs] 
2829.992: [GC (Allocation Failure) [PSYoungGen: 66061K->1376K(66560K)] 389981K->325296K(716288K), 0.0015750 secs] [Times: user=0.01 sys=0.00, real=0.00 secs] 
2830.592: [GC (Allocation Failure) [PSYoungGen: 65888K->1312K(66560K)] 389808K->325232K(716288K), 0.0018602 secs] [Times: user=0.01 sys=0.00, real=0.00 secs] 
2831.211: [GC (Allocation Failure) [PSYoungGen: 65824K->1376K(66560K)] 389744K->325296K(716288K), 0.0024142 secs] [Times: user=0.01 sys=0.00, real=0.00 secs] 
2831.764: [GC (Allocation Failure) [PSYoungGen: 65888K->1376K(66560K)] 389808K->325296K(716288K), 0.0024554 secs] [Times: user=0.01 sys=0.00, real=0.00 secs] 
2832.378: [GC (Allocation Failure) [PSYoungGen: 65888K->1408K(66560K)] 389808K->325328K(716288K), 0.0030549 secs] [Times: user=0.01 sys=0.00, real=0.01 secs] 
2832.951: [GC (Allocation Failure) [PSYoungGen: 65920K->1504K(66560K)] 389840K->325424K(716288K), 0.0015774 secs] [Times: user=0.00 sys=0.00, real=0.00 secs] 
2833.339: [GC (Allocation Failure) [PSYoungGen: 66016K->1536K(66560K)] 389936K->325456K(716288K), 0.0016225 secs] [Times: user=0.01 sys=0.00, real=0.01 secs] 
2833.780: [GC (Allocation Failure) [PSYoungGen: 66048K->1565K(66560K)] 389968K->325493K(716288K), 0.0018604 secs] [Times: user=0.01 sys=0.00, real=0.01 secs] 
2834.167: [GC (Allocation Failure) [PSYoungGen: 66077K->1533K(66560K)] 390005K->325461K(716288K), 0.0016516 secs] [Times: user=0.01 sys=0.00, real=0.00 secs] 
2834.469: [GC (Allocation Failure) [PSYoungGen: 66045K->1456K(66560K)] 389973K->325384K(716288K), 0.0021810 secs] [Times: user=0.00 sys=0.01, real=0.01 secs] 
2834.738: [GC (Allocation Failure) [PSYoungGen: 65968K->1376K(66560K)] 389896K->325304K(716288K), 0.0021172 secs] [Times: user=0.01 sys=0.00, real=0.00 secs] 
2835.073: [GC (Allocation Failure) [PSYoungGen: 65888K->1408K(66560K)] 389816K->325336K(716288K), 0.0026619 secs] [Times: user=0.01 sys=0.00, real=0.00 secs] 
2835.342: [GC (Allocation Failure) [PSYoungGen: 65920K->1344K(66560K)] 389848K->325272K(716288K), 0.0024553 secs] [Times: user=0.01 sys=0.00, real=0.00 secs] 
2835.831: [GC (Allocation Failure) [PSYoungGen: 65844K->1469K(66560K)] 389773K->325397K(716288K), 0.0015822 secs] [Times: user=0.01 sys=0.00, real=0.00 secs] 
2836.247: [GC (Allocation Failure) [PSYoungGen: 65981K->1533K(66560K)] 389909K->325461K(716288K), 0.0018219 secs] [Times: user=0.01 sys=0.00, real=0.00 secs] 
2836.697: [GC (Allocation Failure) [PSYoungGen: 66013K->1504K(66560K)] 389942K->325440K(716288K), 0.0017774 secs] [Times: user=0.01 sys=0.01, real=0.00 secs] 
2837.145: [GC (Allocation Failure) [PSYoungGen: 66015K->1533K(66560K)] 389951K->325477K(716288K), 0.0018603 secs] [Times: user=0.00 sys=0.00, real=0.00 secs] 
2837.832: [GC (Allocation Failure) [PSYoungGen: 66045K->1456K(66560K)] 389989K->325416K(716288K), 0.0032823 secs] [Times: user=0.01 sys=0.00, real=0.00 secs] 
2838.106: [GC (Allocation Failure) [PSYoungGen: 65968K->1408K(66560K)] 389928K->325368K(716288K), 0.0018676 secs] [Times: user=0.01 sys=0.00, real=0.00 secs] 
2838.491: [GC (Allocation Failure) [PSYoungGen: 65920K->1408K(66560K)] 389880K->325368K(716288K), 0.0019977 secs] [Times: user=0.01 sys=0.00, real=0.00 secs] 
2838.956: [GC (Allocation Failure) [PSYoungGen: 65920K->1344K(66560K)] 389880K->325304K(716288K), 0.0019254 secs] [Times: user=0.01 sys=0.00, real=0.00 secs] 
2839.512: [GC (Allocation Failure) [PSYoungGen: 65856K->1485K(66560K)] 389816K->325445K(716288K), 0.0014984 secs] [Times: user=0.00 sys=0.00, real=0.00 secs] 
2839.898: [GC (Allocation Failure) [PSYoungGen: 65994K->1536K(66560K)] 389954K->325496K(716288K), 0.0016460 secs] [Times: user=0.01 sys=0.00, real=0.00 secs] 
2840.285: [GC (Allocation Failure) [PSYoungGen: 66042K->1552K(66560K)] 390002K->325512K(716288K), 0.0016284 secs] [Times: user=0.01 sys=0.00, real=0.00 secs] 
2840.670: [GC (Allocation Failure) [PSYoungGen: 66064K->1565K(66560K)] 390024K->325541K(716288K), 0.0017163 secs] [Times: user=0.01 sys=0.00, real=0.00 secs] 
2841.251: [GC (Allocation Failure) [PSYoungGen: 66077K->1456K(66560K)] 390053K->325432K(716288K), 0.0032314 secs] [Times: user=0.01 sys=0.00, real=0.00 secs] 
2841.913: [GC (Allocation Failure) [PSYoungGen: 65968K->1408K(66560K)] 389944K->325384K(716288K), 0.0025995 secs] [Times: user=0.01 sys=0.00, real=0.00 secs] 
2842.445: [GC (Allocation Failure) [PSYoungGen: 65920K->1408K(66560K)] 389896K->325384K(716288K), 0.0025400 secs] [Times: user=0.01 sys=0.00, real=0.00 secs] 
2843.085: [GC (Allocation Failure) [PSYoungGen: 65920K->1408K(66560K)] 389896K->325384K(716288K), 0.0025114 secs] [Times: user=0.01 sys=0.00, real=0.00 secs] 
2843.868: [GC (Allocation Failure) [PSYoungGen: 65901K->1405K(66560K)] 389877K->325381K(716288K), 0.0018643 secs] [Times: user=0.01 sys=0.00, real=0.01 secs] 
2844.260: [GC (Allocation Failure) [PSYoungGen: 65917K->1565K(66560K)] 389893K->325541K(716288K), 0.0018354 secs] [Times: user=0.00 sys=0.00, real=0.01 secs] 
2844.706: [GC (Allocation Failure) [PSYoungGen: 66077K->1533K(66560K)] 390053K->325509K(716288K), 0.0017849 secs] [Times: user=0.01 sys=0.00, real=0.00 secs] 
2845.091: [GC (Allocation Failure) [PSYoungGen: 66045K->1568K(66560K)] 390021K->325552K(716288K), 0.0016351 secs] [Times: user=0.00 sys=0.00, real=0.00 secs] 
2845.490: [GC (Allocation Failure) [PSYoungGen: 66080K->1472K(66560K)] 390064K->325456K(716288K), 0.0025296 secs] [Times: user=0.01 sys=0.00, real=0.00 secs] 
2845.759: [GC (Allocation Failure) [PSYoungGen: 65984K->1376K(66560K)] 389968K->325360K(716288K), 0.0020232 secs] [Times: user=0.01 sys=0.00, real=0.01 secs] 
2846.028: [GC (Allocation Failure) [PSYoungGen: 65888K->1408K(66560K)] 389872K->325392K(716288K), 0.0019855 secs] [Times: user=0.01 sys=0.00, real=0.00 secs] 
2846.296: [GC (Allocation Failure) [PSYoungGen: 65920K->1344K(66560K)] 389904K->325328K(716288K), 0.0020402 secs] [Times: user=0.01 sys=0.00, real=0.00 secs] 
2846.645: [GC (Allocation Failure) [PSYoungGen: 65856K->1424K(66560K)] 389840K->325408K(716288K), 0.0019325 secs] [Times: user=0.01 sys=0.00, real=0.00 secs] 
2847.121: [GC (Allocation Failure) [PSYoungGen: 65936K->1565K(66560K)] 389920K->325549K(716288K), 0.0016236 secs] [Times: user=0.01 sys=0.00, real=0.00 secs] 
2847.510: [GC (Allocation Failure) [PSYoungGen: 66046K->1504K(66560K)] 390030K->325488K(716288K), 0.0016471 secs] [Times: user=0.01 sys=0.00, real=0.01 secs] 
2847.898: [GC (Allocation Failure) [PSYoungGen: 66016K->1517K(66560K)] 390000K->325517K(716288K), 0.0018737 secs] [Times: user=0.01 sys=0.00, real=0.00 secs] 
2848.354: [GC (Allocation Failure) [PSYoungGen: 66029K->1456K(66560K)] 390029K->325456K(716288K), 0.0022453 secs] [Times: user=0.01 sys=0.00, real=0.00 secs] 
2849.215: [GC (Allocation Failure) [PSYoungGen: 65968K->1328K(66560K)] 389968K->325328K(716288K), 0.0032385 secs] [Times: user=0.01 sys=0.00, real=0.00 secs] 
2849.975: [GC (Allocation Failure) [PSYoungGen: 65840K->1376K(66560K)] 389840K->325376K(716288K), 0.0030145 secs] [Times: user=0.02 sys=0.00, real=0.00 secs] 
2850.656: [GC (Allocation Failure) [PSYoungGen: 65888K->1408K(66560K)] 389888K->325408K(716288K), 0.0030035 secs] [Times: user=0.01 sys=0.00, real=0.00 secs] 
2851.371: [GC (Allocation Failure) [PSYoungGen: 65920K->1408K(66560K)] 389920K->325408K(716288K), 0.0030357 secs] [Times: user=0.01 sys=0.00, real=0.00 secs] 
2851.873: [GC (Allocation Failure) [PSYoungGen: 65920K->1584K(66560K)] 389920K->325584K(716288K), 0.0016003 secs] [Times: user=0.01 sys=0.00, real=0.00 secs] 
2852.261: [GC (Allocation Failure) [PSYoungGen: 66070K->1501K(66560K)] 390070K->325501K(716288K), 0.0016773 secs] [Times: user=0.01 sys=0.00, real=0.00 secs] 
2852.647: [GC (Allocation Failure) [PSYoungGen: 66013K->1600K(66560K)] 390013K->325616K(716288K), 0.0016723 secs] [Times: user=0.00 sys=0.00, real=0.00 secs] 
2853.038: [GC (Allocation Failure) [PSYoungGen: 66112K->1504K(66560K)] 390128K->325520K(716288K), 0.0018284 secs] [Times: user=0.00 sys=0.00, real=0.00 secs] 
2853.431: [GC (Allocation Failure) [PSYoungGen: 66016K->1408K(66560K)] 390032K->325424K(716288K), 0.0017246 secs] [Times: user=0.00 sys=0.00, real=0.00 secs] 
2853.923: [GC (Allocation Failure) [PSYoungGen: 65920K->1440K(66560K)] 389936K->325456K(716288K), 0.0018046 secs] [Times: user=0.01 sys=0.00, real=0.00 secs] 
2854.420: [GC (Allocation Failure) [PSYoungGen: 65952K->1344K(66560K)] 389968K->325360K(716288K), 0.0019881 secs] [Times: user=0.01 sys=0.00, real=0.01 secs] 
2854.904: [GC (Allocation Failure) [PSYoungGen: 65856K->1408K(66560K)] 389872K->325424K(716288K), 0.0020195 secs] [Times: user=0.01 sys=0.00, real=0.00 secs] 
2855.380: [GC (Allocation Failure) [PSYoungGen: 65920K->1568K(66560K)] 389936K->325584K(716288K), 0.0015871 secs] [Times: user=0.01 sys=0.00, real=0.01 secs] 
2855.765: [GC (Allocation Failure) [PSYoungGen: 66069K->1581K(66560K)] 390085K->325597K(716288K), 0.0017107 secs] [Times: user=0.00 sys=0.00, real=0.00 secs] 
2856.151: [GC (Allocation Failure) [PSYoungGen: 66093K->1584K(66560K)] 390109K->325608K(716288K), 0.0016167 secs] [Times: user=0.00 sys=0.00, real=0.00 secs] 
2856.570: [GC (Allocation Failure) [PSYoungGen: 66096K->1568K(66560K)] 390120K->325592K(716288K), 0.0019341 secs] [Times: user=0.01 sys=0.00, real=0.00 secs] 
2856.863: [GC (Allocation Failure) [PSYoungGen: 66080K->1344K(66560K)] 390104K->325368K(716288K), 0.0016543 secs] [Times: user=0.01 sys=0.00, real=0.00 secs] 
2857.397: [GC (Allocation Failure) [PSYoungGen: 65856K->1440K(66560K)] 389880K->325464K(716288K), 0.0019170 secs] [Times: user=0.00 sys=0.00, real=0.00 secs] 
2857.991: [GC (Allocation Failure) [PSYoungGen: 65952K->1344K(66560K)] 389976K->325384K(716288K), 0.0020595 secs] [Times: user=0.01 sys=0.00, real=0.00 secs] 
2858.552: [GC (Allocation Failure) [PSYoungGen: 65856K->1376K(66560K)] 389896K->325416K(716288K), 0.0035991 secs] [Times: user=0.01 sys=0.00, real=0.00 secs] 
2859.103: [GC (Allocation Failure) [PSYoungGen: 65859K->1517K(66560K)] 389900K->325557K(716288K), 0.0015073 secs] [Times: user=0.00 sys=0.00, real=0.00 secs] 
2859.497: [GC (Allocation Failure) [PSYoungGen: 66029K->1581K(66560K)] 390069K->325621K(716288K), 0.0017898 secs] [Times: user=0.01 sys=0.00, real=0.00 secs] 
2859.885: [GC (Allocation Failure) [PSYoungGen: 66093K->1613K(66560K)] 390133K->325661K(716288K), 0.0017110 secs] [Times: user=0.01 sys=0.00, real=0.00 secs] 
2860.274: [GC (Allocation Failure) [PSYoungGen: 66125K->1504K(66560K)] 390173K->325552K(716288K), 0.0016591 secs] [Times: user=0.01 sys=0.00, real=0.00 secs] 
2861.373: [GC (Allocation Failure) [PSYoungGen: 66016K->1440K(66560K)] 390064K->325488K(716288K), 0.0030807 secs] [Times: user=0.02 sys=0.00, real=0.00 secs] 
2862.233: [GC (Allocation Failure) [PSYoungGen: 65952K->1376K(66560K)] 390000K->325424K(716288K), 0.0036787 secs] [Times: user=0.01 sys=0.00, real=0.00 secs] 
2863.174: [GC (Allocation Failure) [PSYoungGen: 65888K->1376K(66560K)] 389936K->325424K(716288K), 0.0040700 secs] [Times: user=0.02 sys=0.00, real=0.00 secs] 
2863.950: [GC (Allocation Failure) [PSYoungGen: 65888K->1408K(66560K)] 389936K->325456K(716288K), 0.0032491 secs] [Times: user=0.01 sys=0.00, real=0.00 secs] 
2864.611: [GC (Allocation Failure) [PSYoungGen: 65906K->1469K(66560K)] 389954K->325517K(716288K), 0.0015680 secs] [Times: user=0.01 sys=0.00, real=0.00 secs] 
2864.995: [GC (Allocation Failure) [PSYoungGen: 65981K->1565K(66560K)] 390029K->325613K(716288K), 0.0016412 secs] [Times: user=0.01 sys=0.00, real=0.00 secs] 
2865.383: [GC (Allocation Failure) [PSYoungGen: 66077K->1504K(66560K)] 390125K->325560K(716288K), 0.0018355 secs] [Times: user=0.01 sys=0.00, real=0.00 secs] 
2865.768: [GC (Allocation Failure) [PSYoungGen: 66016K->1565K(66560K)] 390072K->325621K(716288K), 0.0017445 secs] [Times: user=0.00 sys=0.00, real=0.00 secs] 
2866.394: [GC (Allocation Failure) [PSYoungGen: 66077K->1440K(66560K)] 390133K->325504K(716288K), 0.0032175 secs] [Times: user=0.01 sys=0.00, real=0.00 secs] 
2867.180: [GC (Allocation Failure) [PSYoungGen: 65952K->1408K(66560K)] 390016K->325472K(716288K), 0.0032136 secs] [Times: user=0.01 sys=0.00, real=0.00 secs] 
2868.199: [GC (Allocation Failure) [PSYoungGen: 65920K->1376K(66560K)] 389984K->325440K(716288K), 0.0045626 secs] [Times: user=0.02 sys=0.01, real=0.01 secs] 
2868.867: [GC (Allocation Failure) [PSYoungGen: 65888K->1376K(66560K)] 389952K->325440K(716288K), 0.0030446 secs] [Times: user=0.01 sys=0.00, real=0.00 secs] 
2869.589: [GC (Allocation Failure) [PSYoungGen: 65888K->1488K(66560K)] 389952K->325552K(716288K), 0.0018777 secs] [Times: user=0.01 sys=0.00, real=0.01 secs] 
2869.980: [GC (Allocation Failure) [PSYoungGen: 66000K->1472K(66560K)] 390064K->325536K(716288K), 0.0016255 secs] [Times: user=0.01 sys=0.00, real=0.00 secs] 
2870.366: [GC (Allocation Failure) [PSYoungGen: 65984K->1501K(66560K)] 390048K->325565K(716288K), 0.0016126 secs] [Times: user=0.01 sys=0.00, real=0.00 secs] 
2870.752: [GC (Allocation Failure) [PSYoungGen: 66013K->1549K(66560K)] 390077K->325645K(716288K), 0.0015731 secs] [Times: user=0.01 sys=0.00, real=0.00 secs] 
2871.215: [GC (Allocation Failure) [PSYoungGen: 66061K->1440K(66560K)] 390157K->325544K(716288K), 0.0024974 secs] [Times: user=0.01 sys=0.00, real=0.00 secs] 
2871.484: [GC (Allocation Failure) [PSYoungGen: 65952K->1376K(66560K)] 390056K->325480K(716288K), 0.0021174 secs] [Times: user=0.01 sys=0.00, real=0.00 secs] 
2871.754: [GC (Allocation Failure) [PSYoungGen: 65888K->1408K(66560K)] 389992K->325512K(716288K), 0.0019397 secs] [Times: user=0.00 sys=0.00, real=0.00 secs] 
2872.135: [GC (Allocation Failure) [PSYoungGen: 65920K->1408K(66560K)] 390024K->325512K(716288K), 0.0018964 secs] [Times: user=0.01 sys=0.00, real=0.00 secs] 
2872.785: [GC (Allocation Failure) [PSYoungGen: 65903K->1437K(66560K)] 390007K->325541K(716288K), 0.0020152 secs] [Times: user=0.01 sys=0.00, real=0.00 secs] 
2873.187: [GC (Allocation Failure) [PSYoungGen: 65949K->1517K(66560K)] 390053K->325621K(716288K), 0.0016666 secs] [Times: user=0.01 sys=0.00, real=0.00 secs] 
2873.577: [GC (Allocation Failure) [PSYoungGen: 66029K->1565K(66560K)] 390133K->325669K(716288K), 0.0016098 secs] [Times: user=0.01 sys=0.00, real=0.00 secs] 
2873.962: [GC (Allocation Failure) [PSYoungGen: 66077K->1501K(66560K)] 390181K->325621K(716288K), 0.0016133 secs] [Times: user=0.00 sys=0.00, real=0.00 secs] 
2875.235: [GC (Allocation Failure) [PSYoungGen: 66013K->1456K(66560K)] 390133K->325576K(716288K), 0.0038984 secs] [Times: user=0.02 sys=0.00, real=0.00 secs] 
2875.843: [GC (Allocation Failure) [PSYoungGen: 65968K->1408K(66560K)] 390088K->325528K(716288K), 0.0026808 secs] [Times: user=0.01 sys=0.00, real=0.00 secs] 
2876.421: [GC (Allocation Failure) [PSYoungGen: 65920K->1408K(66560K)] 390040K->325528K(716288K), 0.0023795 secs] [Times: user=0.00 sys=0.00, real=0.00 secs] 
2877.045: [GC (Allocation Failure) [PSYoungGen: 65920K->1408K(66560K)] 390040K->325528K(716288K), 0.0024427 secs] [Times: user=0.01 sys=0.00, real=0.00 secs] 
2877.750: [GC (Allocation Failure) [PSYoungGen: 65920K->1437K(66560K)] 390040K->325557K(716288K), 0.0020180 secs] [Times: user=0.01 sys=0.00, real=0.01 secs] 
2878.166: [GC (Allocation Failure) [PSYoungGen: 65949K->1536K(66560K)] 390069K->325656K(716288K), 0.0015996 secs] [Times: user=0.01 sys=0.00, real=0.00 secs] 
2878.559: [GC (Allocation Failure) [PSYoungGen: 66032K->1568K(66560K)] 390152K->325688K(716288K), 0.0016707 secs] [Times: user=0.01 sys=0.00, real=0.01 secs] 
2878.947: [GC (Allocation Failure) [PSYoungGen: 66080K->1501K(66560K)] 390200K->325653K(716288K), 0.0015893 secs] [Times: user=0.00 sys=0.00, real=0.00 secs] 
2879.566: [GC (Allocation Failure) [PSYoungGen: 66013K->1472K(66560K)] 390165K->325624K(716288K), 0.0019538 secs] [Times: user=0.01 sys=0.00, real=0.00 secs] 
2880.195: [GC (Allocation Failure) [PSYoungGen: 65984K->1344K(66560K)] 390136K->325496K(716288K), 0.0037831 secs] [Times: user=0.02 sys=0.00, real=0.00 secs] 
2880.720: [GC (Allocation Failure) [PSYoungGen: 65856K->1344K(66560K)] 390008K->325496K(716288K), 0.0030953 secs] [Times: user=0.02 sys=0.00, real=0.00 secs] 
2881.250: [GC (Allocation Failure) [PSYoungGen: 65856K->1376K(66560K)] 390008K->325528K(716288K), 0.0031283 secs] [Times: user=0.01 sys=0.00, real=0.00 secs] 
2881.689: [GC (Allocation Failure) [PSYoungGen: 65888K->1376K(66560K)] 390040K->325528K(716288K), 0.0023441 secs] [Times: user=0.01 sys=0.01, real=0.01 secs] 
2882.145: [GC (Allocation Failure) [PSYoungGen: 65868K->1568K(66560K)] 390020K->325720K(716288K), 0.0016215 secs] [Times: user=0.01 sys=0.00, real=0.00 secs] 
2882.531: [GC (Allocation Failure) [PSYoungGen: 66080K->1501K(66560K)] 390232K->325653K(716288K), 0.0016051 secs] [Times: user=0.01 sys=0.00, real=0.00 secs] 
2882.979: [GC (Allocation Failure) [PSYoungGen: 66013K->1565K(66560K)] 390165K->325725K(716288K), 0.0017658 secs] [Times: user=0.00 sys=0.00, real=0.01 secs] 
2883.399: [GC (Allocation Failure) [PSYoungGen: 66077K->1536K(66560K)] 390237K->325696K(716288K), 0.0020047 secs] [Times: user=0.01 sys=0.00, real=0.01 secs] 
2883.695: [GC (Allocation Failure) [PSYoungGen: 66048K->1344K(66560K)] 390208K->325504K(716288K), 0.0019861 secs] [Times: user=0.01 sys=0.00, real=0.00 secs] 
2884.073: [GC (Allocation Failure) [PSYoungGen: 65856K->1408K(66560K)] 390016K->325568K(716288K), 0.0020944 secs] [Times: user=0.00 sys=0.01, real=0.00 secs] 
2884.659: [GC (Allocation Failure) [PSYoungGen: 65920K->1408K(66560K)] 390080K->325568K(716288K), 0.0022969 secs] [Times: user=0.01 sys=0.00, real=0.01 secs] 
2885.205: [GC (Allocation Failure) [PSYoungGen: 65920K->1376K(66560K)] 390080K->325536K(716288K), 0.0023820 secs] [Times: user=0.01 sys=0.00, real=0.00 secs] 
2885.679: [GC (Allocation Failure) [PSYoungGen: 65888K->1488K(66560K)] 390048K->325648K(716288K), 0.0015884 secs] [Times: user=0.00 sys=0.00, real=0.01 secs] 
2886.067: [GC (Allocation Failure) [PSYoungGen: 65992K->1533K(66560K)] 390152K->325693K(716288K), 0.0015916 secs] [Times: user=0.01 sys=0.00, real=0.00 secs] 
2886.453: [GC (Allocation Failure) [PSYoungGen: 66045K->1565K(66560K)] 390205K->325733K(716288K), 0.0015907 secs] [Times: user=0.01 sys=0.00, real=0.00 secs] 
2886.832: [GC (Allocation Failure) [PSYoungGen: 66077K->1600K(66560K)] 390245K->325768K(716288K), 0.0017222 secs] [Times: user=0.00 sys=0.00, real=0.00 secs] 
2887.097: [GC (Allocation Failure) [PSYoungGen: 66112K->1344K(66560K)] 390280K->325512K(716288K), 0.0016334 secs] [Times: user=0.01 sys=0.00, real=0.00 secs] 
2887.566: [GC (Allocation Failure) [PSYoungGen: 65856K->1376K(66560K)] 390024K->325568K(716288K), 0.0017037 secs] [Times: user=0.01 sys=0.00, real=0.00 secs] 
2888.070: [GC (Allocation Failure) [PSYoungGen: 65888K->1328K(66560K)] 390080K->325520K(716288K), 0.0028508 secs] [Times: user=0.01 sys=0.00, real=0.00 secs] 
2888.700: [GC (Allocation Failure) [PSYoungGen: 65840K->1344K(66560K)] 390032K->325544K(716288K), 0.0040277 secs] [Times: user=0.02 sys=0.00, real=0.01 secs] 
2889.310: [GC (Allocation Failure) [PSYoungGen: 65856K->1488K(66560K)] 390056K->325688K(716288K), 0.0015337 secs] [Times: user=0.01 sys=0.00, real=0.00 secs] 
2889.698: [GC (Allocation Failure) [PSYoungGen: 66000K->1533K(66560K)] 390200K->325733K(716288K), 0.0017050 secs] [Times: user=0.01 sys=0.00, real=0.00 secs] 
2890.090: [GC (Allocation Failure) [PSYoungGen: 66045K->1565K(66560K)] 390245K->325773K(716288K), 0.0016486 secs] [Times: user=0.00 sys=0.00, real=0.01 secs] 
2890.481: [GC (Allocation Failure) [PSYoungGen: 66077K->1568K(66560K)] 390285K->325776K(716288K), 0.0016975 secs] [Times: user=0.01 sys=0.00, real=0.00 secs] 
2891.292: [GC (Allocation Failure) [PSYoungGen: 66080K->1488K(66560K)] 390288K->325696K(716288K), 0.0025613 secs] [Times: user=0.01 sys=0.00, real=0.00 secs] 
2892.085: [GC (Allocation Failure) [PSYoungGen: 66000K->1440K(66560K)] 390208K->325648K(716288K), 0.0026798 secs] [Times: user=0.01 sys=0.00, real=0.00 secs] 
2892.882: [GC (Allocation Failure) [PSYoungGen: 65952K->1440K(66560K)] 390160K->325656K(716288K), 0.0025791 secs] [Times: user=0.01 sys=0.00, real=0.00 secs] 
2893.637: [GC (Allocation Failure) [PSYoungGen: 65952K->1312K(66560K)] 390168K->325528K(716288K), 0.0028302 secs] [Times: user=0.01 sys=0.00, real=0.01 secs] 
2894.185: [GC (Allocation Failure) [PSYoungGen: 65824K->1520K(66560K)] 390040K->325736K(716288K), 0.0017184 secs] [Times: user=0.01 sys=0.00, real=0.00 secs] 
2894.573: [GC (Allocation Failure) [PSYoungGen: 66032K->1533K(66560K)] 390248K->325749K(716288K), 0.0015968 secs] [Times: user=0.01 sys=0.00, real=0.00 secs] 
2894.960: [GC (Allocation Failure) [PSYoungGen: 66045K->1565K(66560K)] 390261K->325789K(716288K), 0.0016221 secs] [Times: user=0.00 sys=0.00, real=0.00 secs] 
2895.346: [GC (Allocation Failure) [PSYoungGen: 66077K->1597K(66560K)] 390301K->325821K(716288K), 0.0017575 secs] [Times: user=0.01 sys=0.00, real=0.00 secs] 
2896.050: [GC (Allocation Failure) [PSYoungGen: 66109K->1456K(66560K)] 390333K->325680K(716288K), 0.0039382 secs] [Times: user=0.02 sys=0.00, real=0.01 secs] 
2896.522: [GC (Allocation Failure) [PSYoungGen: 65968K->1408K(66560K)] 390192K->325632K(716288K), 0.0020141 secs] [Times: user=0.01 sys=0.00, real=0.00 secs] 
2897.069: [GC (Allocation Failure) [PSYoungGen: 65920K->1344K(66560K)] 390144K->325568K(716288K), 0.0023288 secs] [Times: user=0.01 sys=0.00, real=0.01 secs] 
2897.733: [GC (Allocation Failure) [PSYoungGen: 65856K->1408K(66560K)] 390080K->325632K(716288K), 0.0025623 secs] [Times: user=0.01 sys=0.00, real=0.00 secs] 
2898.422: [GC (Allocation Failure) [PSYoungGen: 65920K->1469K(66560K)] 390144K->325693K(716288K), 0.0014514 secs] [Times: user=0.00 sys=0.00, real=0.00 secs] 
2898.809: [GC (Allocation Failure) [PSYoungGen: 65981K->1568K(66560K)] 390205K->325792K(716288K), 0.0016861 secs] [Times: user=0.01 sys=0.00, real=0.01 secs] 
2899.195: [GC (Allocation Failure) [PSYoungGen: 66080K->1536K(66560K)] 390304K->325760K(716288K), 0.0016215 secs] [Times: user=0.01 sys=0.00, real=0.00 secs] 
2899.581: [GC (Allocation Failure) [PSYoungGen: 66048K->1565K(66560K)] 390272K->325813K(716288K), 0.0016316 secs] [Times: user=0.01 sys=0.00, real=0.00 secs] 
2899.898: [GC (Allocation Failure) [PSYoungGen: 66077K->1392K(66560K)] 390325K->325640K(716288K), 0.0017613 secs] [Times: user=0.00 sys=0.01, real=0.00 secs] 
2900.166: [GC (Allocation Failure) [PSYoungGen: 65904K->1376K(66560K)] 390152K->325624K(716288K), 0.0016118 secs] [Times: user=0.01 sys=0.00, real=0.00 secs] 
2900.501: [GC (Allocation Failure) [PSYoungGen: 65888K->1376K(66560K)] 390136K->325624K(716288K), 0.0015616 secs] [Times: user=0.00 sys=0.00, real=0.00 secs] 
2900.925: [GC (Allocation Failure) [PSYoungGen: 65888K->1392K(66560K)] 390136K->325640K(716288K), 0.0017564 secs] [Times: user=0.00 sys=0.00, real=0.00 secs] 
2901.489: [GC (Allocation Failure) [PSYoungGen: 65904K->1440K(66560K)] 390152K->325688K(716288K), 0.0015845 secs] [Times: user=0.01 sys=0.00, real=0.01 secs] 
2901.875: [GC (Allocation Failure) [PSYoungGen: 65948K->1584K(66560K)] 390196K->325832K(716288K), 0.0016813 secs] [Times: user=0.01 sys=0.00, real=0.00 secs] 
2902.260: [GC (Allocation Failure) [PSYoungGen: 66096K->1536K(66560K)] 390344K->325784K(716288K), 0.0016914 secs] [Times: user=0.01 sys=0.00, real=0.00 secs] 
2902.647: [GC (Allocation Failure) [PSYoungGen: 66048K->1565K(66560K)] 390296K->325821K(716288K), 0.0019327 secs] [Times: user=0.01 sys=0.00, real=0.00 secs] 
2903.189: [GC (Allocation Failure) [PSYoungGen: 66077K->1456K(66560K)] 390333K->325712K(716288K), 0.0018881 secs] [Times: user=0.00 sys=0.00, real=0.01 secs] 
2903.477: [GC (Allocation Failure) [PSYoungGen: 65968K->1408K(66560K)] 390224K->325664K(716288K), 0.0016071 secs] [Times: user=0.00 sys=0.00, real=0.00 secs] 
2903.806: [GC (Allocation Failure) [PSYoungGen: 65920K->1360K(66560K)] 390176K->325616K(716288K), 0.0018950 secs] [Times: user=0.00 sys=0.00, real=0.00 secs] 
2904.088: [GC (Allocation Failure) [PSYoungGen: 65872K->1344K(66560K)] 390128K->325600K(716288K), 0.0018898 secs] [Times: user=0.01 sys=0.00, real=0.00 secs] 
2904.430: [GC (Allocation Failure) [PSYoungGen: 65849K->1488K(66560K)] 390105K->325744K(716288K), 0.0015469 secs] [Times: user=0.00 sys=0.00, real=0.00 secs] 
2904.816: [GC (Allocation Failure) [PSYoungGen: 66000K->1565K(66560K)] 390256K->325821K(716288K), 0.0015682 secs] [Times: user=0.01 sys=0.00, real=0.00 secs] 
2905.201: [GC (Allocation Failure) [PSYoungGen: 66077K->1565K(66560K)] 390333K->325821K(716288K), 0.0016215 secs] [Times: user=0.00 sys=0.00, real=0.00 secs] 
2905.589: [GC (Allocation Failure) [PSYoungGen: 66077K->1536K(66560K)] 390333K->325808K(716288K), 0.0017331 secs] [Times: user=0.01 sys=0.00, real=0.01 secs] 
2905.990: [GC (Allocation Failure) [PSYoungGen: 66048K->1456K(66560K)] 390320K->325728K(716288K), 0.0019870 secs] [Times: user=0.01 sys=0.00, real=0.01 secs] 
2906.258: [GC (Allocation Failure) [PSYoungGen: 65968K->1344K(66560K)] 390240K->325616K(716288K), 0.0017875 secs] [Times: user=0.01 sys=0.00, real=0.01 secs] 
2906.527: [GC (Allocation Failure) [PSYoungGen: 65856K->1376K(66560K)] 390128K->325672K(716288K), 0.0018752 secs] [Times: user=0.01 sys=0.00, real=0.00 secs] 
2906.795: [GC (Allocation Failure) [PSYoungGen: 65888K->1376K(66560K)] 390184K->325672K(716288K), 0.0018174 secs] [Times: user=0.01 sys=0.00, real=0.00 secs] 
2907.063: [GC (Allocation Failure) [PSYoungGen: 65888K->1408K(66560K)] 390184K->325704K(716288K), 0.0017981 secs] [Times: user=0.00 sys=0.00, real=0.00 secs] 
2907.473: [GC (Allocation Failure) [PSYoungGen: 65896K->1533K(66560K)] 390192K->325829K(716288K), 0.0015771 secs] [Times: user=0.00 sys=0.00, real=0.00 secs] 
2907.946: [GC (Allocation Failure) [PSYoungGen: 66045K->1568K(66560K)] 390341K->325864K(716288K), 0.0017512 secs] [Times: user=0.01 sys=0.00, real=0.00 secs] 
2908.335: [GC (Allocation Failure) [PSYoungGen: 66080K->1533K(66560K)] 390376K->325837K(716288K), 0.0016708 secs] [Times: user=0.01 sys=0.00, real=0.00 secs] 
2908.780: [GC (Allocation Failure) [PSYoungGen: 66045K->1472K(66560K)] 390349K->325776K(716288K), 0.0021962 secs] [Times: user=0.01 sys=0.00, real=0.01 secs] 
2909.053: [GC (Allocation Failure) [PSYoungGen: 65984K->1344K(66560K)] 390288K->325648K(716288K), 0.0020723 secs] [Times: user=0.01 sys=0.00, real=0.00 secs] 
2909.321: [GC (Allocation Failure) [PSYoungGen: 65856K->1344K(66560K)] 390160K->325648K(716288K), 0.0020635 secs] [Times: user=0.01 sys=0.00, real=0.00 secs] 
2909.590: [GC (Allocation Failure) [PSYoungGen: 65856K->1408K(66560K)] 390160K->325712K(716288K), 0.0018548 secs] [Times: user=0.01 sys=0.00, real=0.01 secs] 
2909.884: [GC (Allocation Failure) [PSYoungGen: 65920K->1408K(66560K)] 390224K->325712K(716288K), 0.0018343 secs] [Times: user=0.01 sys=0.00, real=0.00 secs] 
2910.395: [GC (Allocation Failure) [PSYoungGen: 65920K->1472K(66560K)] 390224K->325776K(716288K), 0.0015551 secs] [Times: user=0.00 sys=0.00, real=0.00 secs] 
2910.790: [GC (Allocation Failure) [PSYoungGen: 65984K->1565K(66560K)] 390288K->325869K(716288K), 0.0016355 secs] [Times: user=0.01 sys=0.00, real=0.01 secs] 
2911.178: [GC (Allocation Failure) [PSYoungGen: 66077K->1565K(66560K)] 390381K->325877K(716288K), 0.0016582 secs] [Times: user=0.01 sys=0.00, real=0.00 secs] 
2911.704: [GC (Allocation Failure) [PSYoungGen: 66077K->1648K(66560K)] 390389K->325960K(716288K), 0.0018867 secs] [Times: user=0.01 sys=0.00, real=0.00 secs] 
2913.249: [GC (Allocation Failure) [PSYoungGen: 66160K->1376K(66560K)] 390472K->325688K(716288K), 0.0045219 secs] [Times: user=0.02 sys=0.00, real=0.01 secs] 
2914.283: [GC (Allocation Failure) [PSYoungGen: 65888K->1376K(66560K)] 390200K->325688K(716288K), 0.0048240 secs] [Times: user=0.02 sys=0.00, real=0.00 secs] 
2914.989: [GC (Allocation Failure) [PSYoungGen: 65888K->1360K(66560K)] 390200K->325672K(716288K), 0.0028193 secs] [Times: user=0.01 sys=0.00, real=0.01 secs] 
2915.512: [GC (Allocation Failure) [PSYoungGen: 65872K->1408K(66560K)] 390184K->325720K(716288K), 0.0029933 secs] [Times: user=0.02 sys=0.00, real=0.00 secs] 
2916.312: [GC (Allocation Failure) [PSYoungGen: 65909K->1520K(66560K)] 390221K->325832K(716288K), 0.0017442 secs] [Times: user=0.01 sys=0.00, real=0.00 secs] 
2916.700: [GC (Allocation Failure) [PSYoungGen: 66032K->1568K(66560K)] 390344K->325880K(716288K), 0.0017945 secs] [Times: user=0.00 sys=0.00, real=0.00 secs] 
2917.146: [GC (Allocation Failure) [PSYoungGen: 66054K->1536K(66560K)] 390366K->325856K(716288K), 0.0018212 secs] [Times: user=0.01 sys=0.00, real=0.00 secs] 
2917.587: [GC (Allocation Failure) [PSYoungGen: 66048K->1533K(66560K)] 390368K->325853K(716288K), 0.0018383 secs] [Times: user=0.00 sys=0.00, real=0.00 secs] 
2917.887: [GC (Allocation Failure) [PSYoungGen: 66045K->1440K(66560K)] 390365K->325760K(716288K), 0.0023438 secs] [Times: user=0.01 sys=0.00, real=0.00 secs] 
2918.156: [GC (Allocation Failure) [PSYoungGen: 65952K->1408K(66560K)] 390272K->325728K(716288K), 0.0019988 secs] [Times: user=0.00 sys=0.00, real=0.00 secs] 
2918.578: [GC (Allocation Failure) [PSYoungGen: 65920K->1376K(66560K)] 390240K->325696K(716288K), 0.0019802 secs] [Times: user=0.01 sys=0.00, real=0.01 secs] 
2919.016: [GC (Allocation Failure) [PSYoungGen: 65888K->1360K(66560K)] 390208K->325680K(716288K), 0.0018329 secs] [Times: user=0.01 sys=0.00, real=0.00 secs] 
2919.494: [GC (Allocation Failure) [PSYoungGen: 65872K->1501K(66560K)] 390192K->325821K(716288K), 0.0015607 secs] [Times: user=0.00 sys=0.00, real=0.00 secs] 
2919.882: [GC (Allocation Failure) [PSYoungGen: 66013K->1536K(66560K)] 390333K->325880K(716288K), 0.0017436 secs] [Times: user=0.01 sys=0.00, real=0.00 secs] 
2920.268: [GC (Allocation Failure) [PSYoungGen: 66017K->1533K(66560K)] 390361K->325885K(716288K), 0.0015746 secs] [Times: user=0.01 sys=0.00, real=0.00 secs] 
2920.654: [GC (Allocation Failure) [PSYoungGen: 66045K->1552K(66560K)] 390397K->325904K(716288K), 0.0016867 secs] [Times: user=0.01 sys=0.00, real=0.00 secs] 
2921.218: [GC (Allocation Failure) [PSYoungGen: 66064K->1408K(66560K)] 390416K->325760K(716288K), 0.0020125 secs] [Times: user=0.01 sys=0.00, real=0.00 secs] 
2921.510: [GC (Allocation Failure) [PSYoungGen: 65920K->1408K(66560K)] 390272K->325760K(716288K), 0.0021021 secs] [Times: user=0.00 sys=0.00, real=0.01 secs] 
2921.838: [GC (Allocation Failure) [PSYoungGen: 65920K->1408K(66560K)] 390272K->325760K(716288K), 0.0020286 secs] [Times: user=0.01 sys=0.00, real=0.01 secs] 
2922.111: [GC (Allocation Failure) [PSYoungGen: 65920K->1376K(66560K)] 390272K->325728K(716288K), 0.0019375 secs] [Times: user=0.01 sys=0.00, real=0.00 secs] 
2922.476: [GC (Allocation Failure) [PSYoungGen: 65888K->1472K(66560K)] 390240K->325824K(716288K), 0.0015055 secs] [Times: user=0.01 sys=0.00, real=0.00 secs] 
2922.865: [GC (Allocation Failure) [PSYoungGen: 65984K->1565K(66560K)] 390336K->325917K(716288K), 0.0017021 secs] [Times: user=0.01 sys=0.00, real=0.00 secs] 
2923.253: [GC (Allocation Failure) [PSYoungGen: 66057K->1584K(66560K)] 390409K->325936K(716288K), 0.0015997 secs] [Times: user=0.01 sys=0.00, real=0.00 secs] 
2923.644: [GC (Allocation Failure) [PSYoungGen: 66096K->1565K(66560K)] 390448K->325925K(716288K), 0.0017520 secs] [Times: user=0.01 sys=0.00, real=0.00 secs] 
2925.332: [GC (Allocation Failure) [PSYoungGen: 66077K->1424K(66560K)] 390437K->325784K(716288K), 0.0037991 secs] [Times: user=0.01 sys=0.00, real=0.00 secs] 
2925.868: [GC (Allocation Failure) [PSYoungGen: 65936K->1408K(66560K)] 390296K->325768K(716288K), 0.0025303 secs] [Times: user=0.01 sys=0.00, real=0.01 secs] 
2926.428: [GC (Allocation Failure) [PSYoungGen: 65920K->1408K(66560K)] 390280K->325768K(716288K), 0.0023776 secs] [Times: user=0.01 sys=0.00, real=0.01 secs] 
2926.982: [GC (Allocation Failure) [PSYoungGen: 65920K->1440K(66560K)] 390280K->325800K(716288K), 0.0024775 secs] [Times: user=0.01 sys=0.00, real=0.00 secs] 
2927.671: [GC (Allocation Failure) [PSYoungGen: 65928K->1504K(66560K)] 390288K->325864K(716288K), 0.0019650 secs] [Times: user=0.01 sys=0.00, real=0.00 secs] 
2928.156: [GC (Allocation Failure) [PSYoungGen: 66016K->1536K(66560K)] 390376K->325896K(716288K), 0.0016731 secs] [Times: user=0.01 sys=0.00, real=0.00 secs] 
2928.546: [GC (Allocation Failure) [PSYoungGen: 66048K->1568K(66560K)] 390408K->325928K(716288K), 0.0016694 secs] [Times: user=0.00 sys=0.00, real=0.00 secs] 
2928.934: [GC (Allocation Failure) [PSYoungGen: 66071K->1597K(66560K)] 390431K->325989K(716288K), 0.0017622 secs] [Times: user=0.01 sys=0.00, real=0.00 secs] 
2929.315: [GC (Allocation Failure) [PSYoungGen: 66109K->1472K(66560K)] 390501K->325864K(716288K), 0.0026663 secs] [Times: user=0.01 sys=0.00, real=0.00 secs] 
2929.612: [GC (Allocation Failure) [PSYoungGen: 65984K->1376K(66560K)] 390376K->325768K(716288K), 0.0020299 secs] [Times: user=0.01 sys=0.00, real=0.00 secs] 
2929.881: [GC (Allocation Failure) [PSYoungGen: 65888K->1344K(66560K)] 390280K->325736K(716288K), 0.0019961 secs] [Times: user=0.01 sys=0.00, real=0.00 secs] 
2930.168: [GC (Allocation Failure) [PSYoungGen: 65856K->1408K(66560K)] 390248K->325808K(716288K), 0.0018156 secs] [Times: user=0.01 sys=0.00, real=0.00 secs] 
2930.523: [GC (Allocation Failure) [PSYoungGen: 65920K->1517K(66560K)] 390320K->325917K(716288K), 0.0013994 secs] [Times: user=0.00 sys=0.00, real=0.00 secs] 
2930.910: [GC (Allocation Failure) [PSYoungGen: 66029K->1568K(66560K)] 390429K->325968K(716288K), 0.0015933 secs] [Times: user=0.00 sys=0.00, real=0.00 secs] 
2931.374: [GC (Allocation Failure) [PSYoungGen: 66080K->1568K(66560K)] 390480K->325968K(716288K), 0.0018800 secs] [Times: user=0.00 sys=0.00, real=0.00 secs] 
2931.822: [GC (Allocation Failure) [PSYoungGen: 66080K->1597K(66560K)] 390480K->326005K(716288K), 0.0016506 secs] [Times: user=0.00 sys=0.00, real=0.00 secs] 
2932.224: [GC (Allocation Failure) [PSYoungGen: 66109K->1504K(66560K)] 390517K->325912K(716288K), 0.0020737 secs] [Times: user=0.01 sys=0.00, real=0.00 secs] 
2932.493: [GC (Allocation Failure) [PSYoungGen: 66016K->1408K(66560K)] 390424K->325816K(716288K), 0.0021358 secs] [Times: user=0.00 sys=0.00, real=0.00 secs] 
2932.761: [GC (Allocation Failure) [PSYoungGen: 65920K->1408K(66560K)] 390328K->325816K(716288K), 0.0019295 secs] [Times: user=0.00 sys=0.00, real=0.00 secs] 
2933.088: [GC (Allocation Failure) [PSYoungGen: 65920K->1408K(66560K)] 390328K->325816K(716288K), 0.0019187 secs] [Times: user=0.00 sys=0.00, real=0.00 secs] 
2933.407: [GC (Allocation Failure) [PSYoungGen: 65765K->256K(66560K)] 390173K->324664K(716288K), 0.0019313 secs] [Times: user=0.01 sys=0.00, real=0.00 secs] 
2933.895: [GC (Allocation Failure) [PSYoungGen: 64768K->1520K(66560K)] 389176K->325928K(716288K), 0.0017801 secs] [Times: user=0.01 sys=0.00, real=0.00 secs] 
2934.283: [GC (Allocation Failure) [PSYoungGen: 66032K->1584K(66560K)] 390440K->325992K(716288K), 0.0018776 secs] [Times: user=0.01 sys=0.00, real=0.00 secs] 
2934.668: [GC (Allocation Failure) [PSYoungGen: 66096K->1584K(66560K)] 390504K->326000K(716288K), 0.0017433 secs] [Times: user=0.01 sys=0.00, real=0.00 secs] 
2935.439: [GC (Allocation Failure) [PSYoungGen: 66096K->1472K(66560K)] 390512K->325888K(716288K), 0.0031561 secs] [Times: user=0.01 sys=0.00, real=0.01 secs] 
2936.166: [GC (Allocation Failure) [PSYoungGen: 65984K->1408K(66560K)] 390400K->325824K(716288K), 0.0032043 secs] [Times: user=0.01 sys=0.00, real=0.00 secs] 
2936.891: [GC (Allocation Failure) [PSYoungGen: 65920K->1408K(66560K)] 390336K->325824K(716288K), 0.0032743 secs] [Times: user=0.01 sys=0.00, real=0.00 secs] 
2937.590: [GC (Allocation Failure) [PSYoungGen: 65920K->1408K(66560K)] 390336K->325824K(716288K), 0.0025265 secs] [Times: user=0.01 sys=0.00, real=0.01 secs] 
2938.359: [GC (Allocation Failure) [PSYoungGen: 65920K->1376K(66560K)] 390336K->325816K(716288K), 0.0027198 secs] [Times: user=0.01 sys=0.00, real=0.01 secs] 
2938.902: [GC (Allocation Failure) [PSYoungGen: 65871K->1536K(66560K)] 390311K->325976K(716288K), 0.0016984 secs] [Times: user=0.00 sys=0.00, real=0.00 secs] 
2939.287: [GC (Allocation Failure) [PSYoungGen: 66048K->1552K(66560K)] 390488K->325992K(716288K), 0.0016750 secs] [Times: user=0.01 sys=0.00, real=0.00 secs] 
2939.673: [GC (Allocation Failure) [PSYoungGen: 66064K->1517K(66560K)] 390504K->325965K(716288K), 0.0016024 secs] [Times: user=0.00 sys=0.00, real=0.00 secs] 
2940.168: [GC (Allocation Failure) [PSYoungGen: 66029K->1664K(66560K)] 390477K->326112K(716288K), 0.0020215 secs] [Times: user=0.01 sys=0.00, real=0.01 secs] 
2940.882: [GC (Allocation Failure) [PSYoungGen: 66176K->1344K(66560K)] 390624K->325792K(716288K), 0.0022050 secs] [Times: user=0.01 sys=0.00, real=0.00 secs] 
2941.413: [GC (Allocation Failure) [PSYoungGen: 65856K->1312K(66560K)] 390304K->325760K(716288K), 0.0022422 secs] [Times: user=0.01 sys=0.00, real=0.00 secs] 
2942.037: [GC (Allocation Failure) [PSYoungGen: 65824K->1392K(66560K)] 390272K->325840K(716288K), 0.0022938 secs] [Times: user=0.01 sys=0.00, real=0.00 secs] 
2942.719: [GC (Allocation Failure) [PSYoungGen: 65904K->1344K(66560K)] 390352K->325792K(716288K), 0.0021848 secs] [Times: user=0.01 sys=0.00, real=0.01 secs] 
2943.235: [GC (Allocation Failure) [PSYoungGen: 65856K->1520K(66560K)] 390304K->325968K(716288K), 0.0015212 secs] [Times: user=0.01 sys=0.00, real=0.00 secs] 
2943.624: [GC (Allocation Failure) [PSYoungGen: 66032K->1597K(66560K)] 390480K->326045K(716288K), 0.0015664 secs] [Times: user=0.01 sys=0.00, real=0.00 secs] 
2944.013: [GC (Allocation Failure) [PSYoungGen: 66108K->1536K(66560K)] 390556K->325992K(716288K), 0.0017212 secs] [Times: user=0.00 sys=0.00, real=0.00 secs] 
2944.399: [GC (Allocation Failure) [PSYoungGen: 66038K->1536K(66560K)] 390494K->325992K(716288K), 0.0016321 secs] [Times: user=0.01 sys=0.00, real=0.01 secs] 
2945.055: [GC (Allocation Failure) [PSYoungGen: 66048K->1408K(66560K)] 390504K->325864K(716288K), 0.0019911 secs] [Times: user=0.01 sys=0.00, real=0.00 secs] 
2945.622: [GC (Allocation Failure) [PSYoungGen: 65920K->1344K(66560K)] 390376K->325800K(716288K), 0.0026988 secs] [Times: user=0.01 sys=0.00, real=0.00 secs] 
2946.220: [GC (Allocation Failure) [PSYoungGen: 65856K->1360K(66560K)] 390312K->325816K(716288K), 0.0026935 secs] [Times: user=0.01 sys=0.00, real=0.00 secs] 
2946.852: [GC (Allocation Failure) [PSYoungGen: 65872K->1376K(66560K)] 390328K->325832K(716288K), 0.0030420 secs] [Times: user=0.01 sys=0.00, real=0.00 secs] 
2947.442: [GC (Allocation Failure) [PSYoungGen: 65888K->1472K(66560K)] 390344K->325928K(716288K), 0.0014802 secs] [Times: user=0.01 sys=0.00, real=0.00 secs] 
2947.830: [GC (Allocation Failure) [PSYoungGen: 65984K->1568K(66560K)] 390440K->326024K(716288K), 0.0016060 secs] [Times: user=0.01 sys=0.00, real=0.01 secs] 
2948.215: [GC (Allocation Failure) [PSYoungGen: 66080K->1517K(66560K)] 390536K->325989K(716288K), 0.0015927 secs] [Times: user=0.00 sys=0.00, real=0.00 secs] 
2948.602: [GC (Allocation Failure) [PSYoungGen: 66029K->1536K(66560K)] 390501K->326040K(716288K), 0.0016231 secs] [Times: user=0.01 sys=0.00, real=0.00 secs] 
2949.659: [GC (Allocation Failure) [PSYoungGen: 66048K->1360K(66560K)] 390552K->325864K(716288K), 0.0034978 secs] [Times: user=0.01 sys=0.00, real=0.01 secs] 
2949.943: [GC (Allocation Failure) [PSYoungGen: 65872K->1376K(66560K)] 390376K->325880K(716288K), 0.0027573 secs] [Times: user=0.01 sys=0.00, real=0.00 secs] 
2950.261: [GC (Allocation Failure) [PSYoungGen: 65888K->1344K(66560K)] 390392K->325848K(716288K), 0.0018491 secs] [Times: user=0.00 sys=0.00, real=0.00 secs] 
2950.534: [GC (Allocation Failure) [PSYoungGen: 65856K->1376K(66560K)] 390360K->325880K(716288K), 0.0018728 secs] [Times: user=0.01 sys=0.00, real=0.00 secs] 
2950.879: [GC (Allocation Failure) [PSYoungGen: 65880K->1453K(66560K)] 390384K->325957K(716288K), 0.0014918 secs] [Times: user=0.00 sys=0.00, real=0.00 secs] 
2951.264: [GC (Allocation Failure) [PSYoungGen: 65965K->1517K(66560K)] 390469K->326021K(716288K), 0.0017770 secs] [Times: user=0.01 sys=0.00, real=0.00 secs] 
2951.656: [GC (Allocation Failure) [PSYoungGen: 66029K->1565K(66560K)] 390533K->326069K(716288K), 0.0015844 secs] [Times: user=0.01 sys=0.00, real=0.00 secs] 
2952.045: [GC (Allocation Failure) [PSYoungGen: 66069K->1504K(66560K)] 390573K->326024K(716288K), 0.0016069 secs] [Times: user=0.00 sys=0.00, real=0.00 secs] 
2952.438: [GC (Allocation Failure) [PSYoungGen: 66016K->1440K(66560K)] 390536K->325960K(716288K), 0.0018154 secs] [Times: user=0.01 sys=0.01, real=0.00 secs] 
2952.706: [GC (Allocation Failure) [PSYoungGen: 65952K->1408K(66560K)] 390472K->325928K(716288K), 0.0017025 secs] [Times: user=0.01 sys=0.00, real=0.00 secs] 
2953.005: [GC (Allocation Failure) [PSYoungGen: 65920K->1408K(66560K)] 390440K->325928K(716288K), 0.0019261 secs] [Times: user=0.01 sys=0.00, real=0.00 secs] 
2953.384: [GC (Allocation Failure) [PSYoungGen: 65920K->1344K(66560K)] 390440K->325864K(716288K), 0.0017872 secs] [Times: user=0.01 sys=0.00, real=0.00 secs] 
2953.884: [GC (Allocation Failure) [PSYoungGen: 65850K->1485K(66560K)] 390370K->326005K(716288K), 0.0015064 secs] [Times: user=0.00 sys=0.00, real=0.00 secs] 
2954.271: [GC (Allocation Failure) [PSYoungGen: 65997K->1581K(66560K)] 390517K->326101K(716288K), 0.0016223 secs] [Times: user=0.01 sys=0.00, real=0.00 secs] 
2954.658: [GC (Allocation Failure) [PSYoungGen: 66093K->1533K(66560K)] 390613K->326053K(716288K), 0.0016251 secs] [Times: user=0.01 sys=0.00, real=0.00 secs] 
2955.044: [GC (Allocation Failure) [PSYoungGen: 66045K->1568K(66560K)] 390565K->326096K(716288K), 0.0015897 secs] [Times: user=0.01 sys=0.00, real=0.00 secs] 
2955.428: [GC (Allocation Failure) [PSYoungGen: 66080K->1504K(66560K)] 390608K->326032K(716288K), 0.0019181 secs] [Times: user=0.01 sys=0.00, real=0.00 secs] 
2955.722: [GC (Allocation Failure) [PSYoungGen: 66016K->1376K(66560K)] 390544K->325904K(716288K), 0.0019054 secs] [Times: user=0.00 sys=0.00, real=0.00 secs] 
2956.162: [GC (Allocation Failure) [PSYoungGen: 65888K->1376K(66560K)] 390416K->325904K(716288K), 0.0019018 secs] [Times: user=0.00 sys=0.00, real=0.00 secs] 
2956.685: [GC (Allocation Failure) [PSYoungGen: 65888K->1376K(66560K)] 390416K->325928K(716288K), 0.0018361 secs] [Times: user=0.01 sys=0.01, real=0.00 secs] 
2957.222: [GC (Allocation Failure) [PSYoungGen: 65857K->1421K(66560K)] 390409K->325973K(716288K), 0.0014554 secs] [Times: user=0.00 sys=0.00, real=0.00 secs] 
2957.609: [GC (Allocation Failure) [PSYoungGen: 65933K->1568K(66560K)] 390485K->326120K(716288K), 0.0017743 secs] [Times: user=0.01 sys=0.00, real=0.01 secs] 
2957.996: [GC (Allocation Failure) [PSYoungGen: 66080K->1549K(66560K)] 390632K->326101K(716288K), 0.0016119 secs] [Times: user=0.00 sys=0.00, real=0.00 secs] 
2958.437: [GC (Allocation Failure) [PSYoungGen: 66061K->1533K(66560K)] 390613K->326093K(716288K), 0.0016380 secs] [Times: user=0.01 sys=0.00, real=0.00 secs] 
2958.849: [GC (Allocation Failure) [PSYoungGen: 66045K->1456K(66560K)] 390605K->326016K(716288K), 0.0024008 secs] [Times: user=0.01 sys=0.00, real=0.01 secs] 
2959.141: [GC (Allocation Failure) [PSYoungGen: 65968K->1408K(66560K)] 390528K->325968K(716288K), 0.0019475 secs] [Times: user=0.01 sys=0.00, real=0.00 secs] 
2959.562: [GC (Allocation Failure) [PSYoungGen: 65920K->1344K(66560K)] 390480K->325904K(716288K), 0.0026338 secs] [Times: user=0.01 sys=0.00, real=0.00 secs] 
2960.044: [GC (Allocation Failure) [PSYoungGen: 65856K->1376K(66560K)] 390416K->325936K(716288K), 0.0032568 secs] [Times: user=0.01 sys=0.00, real=0.00 secs] 
2960.522: [GC (Allocation Failure) [PSYoungGen: 65888K->1360K(66560K)] 390448K->325920K(716288K), 0.0020284 secs] [Times: user=0.01 sys=0.00, real=0.00 secs] 
2961.154: [GC (Allocation Failure) [PSYoungGen: 65870K->1536K(66560K)] 390430K->326096K(716288K), 0.0017667 secs] [Times: user=0.00 sys=0.00, real=0.00 secs] 
2961.539: [GC (Allocation Failure) [PSYoungGen: 66048K->1565K(66560K)] 390608K->326125K(716288K), 0.0016400 secs] [Times: user=0.01 sys=0.00, real=0.01 secs] 
2961.991: [GC (Allocation Failure) [PSYoungGen: 66077K->1533K(66560K)] 390637K->326101K(716288K), 0.0017455 secs] [Times: user=0.01 sys=0.00, real=0.00 secs] 
2962.434: [GC (Allocation Failure) [PSYoungGen: 66045K->1440K(66560K)] 390613K->326008K(716288K), 0.0019689 secs] [Times: user=0.01 sys=0.00, real=0.00 secs] 
2962.710: [GC (Allocation Failure) [PSYoungGen: 65952K->1344K(66560K)] 390520K->325912K(716288K), 0.0021010 secs] [Times: user=0.00 sys=0.00, real=0.00 secs] 
2962.979: [GC (Allocation Failure) [PSYoungGen: 65856K->1376K(66560K)] 390424K->325944K(716288K), 0.0019842 secs] [Times: user=0.00 sys=0.00, real=0.01 secs] 
2963.248: [GC (Allocation Failure) [PSYoungGen: 65888K->1376K(66560K)] 390456K->325944K(716288K), 0.0019090 secs] [Times: user=0.01 sys=0.00, real=0.01 secs] 
2963.767: [GC (Allocation Failure) [PSYoungGen: 65888K->1376K(66560K)] 390456K->325944K(716288K), 0.0022232 secs] [Times: user=0.01 sys=0.00, real=0.00 secs] 
2964.224: [GC (Allocation Failure) [PSYoungGen: 65860K->1504K(66560K)] 390428K->326072K(716288K), 0.0016031 secs] [Times: user=0.00 sys=0.00, real=0.00 secs] 
2964.666: [GC (Allocation Failure) [PSYoungGen: 66016K->1568K(66560K)] 390584K->326136K(716288K), 0.0018210 secs] [Times: user=0.01 sys=0.00, real=0.00 secs] 
2965.053: [GC (Allocation Failure) [PSYoungGen: 66050K->1568K(66560K)] 390618K->326144K(716288K), 0.0017392 secs] [Times: user=0.01 sys=0.00, real=0.00 secs] 
2965.472: [GC (Allocation Failure) [PSYoungGen: 66080K->1808K(66560K)] 390656K->326384K(716288K), 0.0020980 secs] [Times: user=0.01 sys=0.00, real=0.00 secs] 
2965.763: [GC (Allocation Failure) [PSYoungGen: 66320K->1408K(66560K)] 390896K->325984K(716288K), 0.0021704 secs] [Times: user=0.01 sys=0.00, real=0.00 secs] 
2966.308: [GC (Allocation Failure) [PSYoungGen: 65920K->1376K(66560K)] 390496K->325952K(716288K), 0.0020954 secs] [Times: user=0.01 sys=0.00, real=0.00 secs] 
2966.880: [GC (Allocation Failure) [PSYoungGen: 65888K->1344K(66560K)] 390464K->325920K(716288K), 0.0028655 secs] [Times: user=0.01 sys=0.00, real=0.01 secs] 
2967.408: [GC (Allocation Failure) [PSYoungGen: 65856K->1344K(66560K)] 390432K->325936K(716288K), 0.0030501 secs] [Times: user=0.01 sys=0.00, real=0.01 secs] 
2968.173: [GC (Allocation Failure) [PSYoungGen: 65856K->1501K(66560K)] 390448K->326093K(716288K), 0.0016185 secs] [Times: user=0.01 sys=0.00, real=0.00 secs] 
2968.560: [GC (Allocation Failure) [PSYoungGen: 66013K->1533K(66560K)] 390605K->326125K(716288K), 0.0015924 secs] [Times: user=0.01 sys=0.00, real=0.01 secs] 
2969.007: [GC (Allocation Failure) [PSYoungGen: 66045K->1549K(66560K)] 390637K->326157K(716288K), 0.0017851 secs] [Times: user=0.01 sys=0.00, real=0.00 secs] 
2969.454: [GC (Allocation Failure) [PSYoungGen: 66061K->1552K(66560K)] 390669K->326160K(716288K), 0.0018152 secs] [Times: user=0.00 sys=0.00, real=0.00 secs] 
2969.887: [GC (Allocation Failure) [PSYoungGen: 66064K->1440K(66560K)] 390672K->326048K(716288K), 0.0046301 secs] [Times: user=0.02 sys=0.00, real=0.01 secs] 
2970.472: [GC (Allocation Failure) [PSYoungGen: 65952K->1312K(66560K)] 390560K->325920K(716288K), 0.0025910 secs] [Times: user=0.01 sys=0.00, real=0.00 secs] 
2971.031: [GC (Allocation Failure) [PSYoungGen: 65824K->1440K(66560K)] 390432K->326048K(716288K), 0.0025384 secs] [Times: user=0.01 sys=0.01, real=0.00 secs] 
2971.568: [GC (Allocation Failure) [PSYoungGen: 65952K->1376K(66560K)] 390560K->325984K(716288K), 0.0025550 secs] [Times: user=0.01 sys=0.00, real=0.01 secs] 
2972.146: [GC (Allocation Failure) [PSYoungGen: 65860K->1424K(66560K)] 390468K->326032K(716288K), 0.0015396 secs] [Times: user=0.01 sys=0.00, real=0.00 secs] 
2972.536: [GC (Allocation Failure) [PSYoungGen: 65936K->1568K(66560K)] 390544K->326176K(716288K), 0.0016504 secs] [Times: user=0.00 sys=0.00, real=0.00 secs] 
2972.922: [GC (Allocation Failure) [PSYoungGen: 66080K->1565K(66560K)] 390688K->326189K(716288K), 0.0016266 secs] [Times: user=0.00 sys=0.00, real=0.00 secs] 
2973.308: [GC (Allocation Failure) [PSYoungGen: 66077K->1501K(66560K)] 390701K->326125K(716288K), 0.0017305 secs] [Times: user=0.01 sys=0.00, real=0.00 secs] 
2973.648: [GC (Allocation Failure) [PSYoungGen: 66013K->1408K(66560K)] 390637K->326032K(716288K), 0.0017987 secs] [Times: user=0.01 sys=0.00, real=0.00 secs] 
2973.935: [GC (Allocation Failure) [PSYoungGen: 65920K->1344K(66560K)] 390544K->325968K(716288K), 0.0018322 secs] [Times: user=0.01 sys=0.00, real=0.00 secs] 
2974.498: [GC (Allocation Failure) [PSYoungGen: 65856K->1344K(66560K)] 390480K->325968K(716288K), 0.0019062 secs] [Times: user=0.01 sys=0.00, real=0.00 secs] 
2975.017: [GC (Allocation Failure) [PSYoungGen: 65856K->1376K(66560K)] 390480K->326000K(716288K), 0.0018793 secs] [Times: user=0.00 sys=0.00, real=0.00 secs] 
2975.508: [GC (Allocation Failure) [PSYoungGen: 65881K->1472K(66560K)] 390505K->326096K(716288K), 0.0015177 secs] [Times: user=0.00 sys=0.00, real=0.00 secs] 
2975.892: [GC (Allocation Failure) [PSYoungGen: 65984K->1568K(66560K)] 390608K->326192K(716288K), 0.0016115 secs] [Times: user=0.01 sys=0.00, real=0.00 secs] 
2976.278: [GC (Allocation Failure) [PSYoungGen: 66080K->1597K(66560K)] 390704K->326221K(716288K), 0.0016075 secs] [Times: user=0.00 sys=0.00, real=0.00 secs] 
2976.665: [GC (Allocation Failure) [PSYoungGen: 66102K->1533K(66560K)] 390726K->326173K(716288K), 0.0016212 secs] [Times: user=0.00 sys=0.00, real=0.00 secs] 
2977.093: [GC (Allocation Failure) [PSYoungGen: 66045K->1408K(66560K)] 390685K->326048K(716288K), 0.0018981 secs] [Times: user=0.01 sys=0.00, real=0.00 secs] 
2977.836: [GC (Allocation Failure) [PSYoungGen: 65920K->1344K(66560K)] 390560K->326000K(716288K), 0.0035252 secs] [Times: user=0.01 sys=0.00, real=0.00 secs] 
2978.668: [GC (Allocation Failure) [PSYoungGen: 65856K->1376K(66560K)] 390512K->326032K(716288K), 0.0038499 secs] [Times: user=0.01 sys=0.00, real=0.01 secs] 
2979.452: [GC (Allocation Failure) [PSYoungGen: 65888K->1360K(66560K)] 390544K->326016K(716288K), 0.0041465 secs] [Times: user=0.02 sys=0.00, real=0.00 secs] 
2980.356: [GC (Allocation Failure) [PSYoungGen: 65872K->1437K(66560K)] 390528K->326093K(716288K), 0.0018837 secs] [Times: user=0.01 sys=0.00, real=0.00 secs] 
2980.822: [GC (Allocation Failure) [PSYoungGen: 65949K->1549K(66560K)] 390605K->326205K(716288K), 0.0017248 secs] [Times: user=0.01 sys=0.00, real=0.00 secs] 
2981.209: [GC (Allocation Failure) [PSYoungGen: 66057K->1533K(66560K)] 390713K->326189K(716288K), 0.0015949 secs] [Times: user=0.00 sys=0.00, real=0.01 secs] 
2981.656: [GC (Allocation Failure) [PSYoungGen: 66045K->1565K(66560K)] 390701K->326229K(716288K), 0.0018299 secs] [Times: user=0.01 sys=0.00, real=0.00 secs] 
2982.015: [GC (Allocation Failure) [PSYoungGen: 66077K->1440K(66560K)] 390741K->326104K(716288K), 0.0026911 secs] [Times: user=0.01 sys=0.00, real=0.00 secs] 
2982.284: [GC (Allocation Failure) [PSYoungGen: 65952K->1344K(66560K)] 390616K->326008K(716288K), 0.0032402 secs] [Times: user=0.01 sys=0.00, real=0.00 secs] 
2982.560: [GC (Allocation Failure) [PSYoungGen: 65856K->1408K(66560K)] 390520K->326072K(716288K), 0.0018761 secs] [Times: user=0.00 sys=0.00, real=0.00 secs] 
2982.956: [GC (Allocation Failure) [PSYoungGen: 65920K->1392K(66560K)] 390584K->326056K(716288K), 0.0027400 secs] [Times: user=0.01 sys=0.00, real=0.00 secs] 
2983.466: [GC (Allocation Failure) [PSYoungGen: 65901K->1389K(66560K)] 390565K->326053K(716288K), 0.0022116 secs] [Times: user=0.00 sys=0.00, real=0.00 secs] 
2983.854: [GC (Allocation Failure) [PSYoungGen: 65901K->1565K(66560K)] 390565K->326229K(716288K), 0.0017297 secs] [Times: user=0.01 sys=0.00, real=0.00 secs] 
2984.243: [GC (Allocation Failure) [PSYoungGen: 66077K->1533K(66560K)] 390741K->326197K(716288K), 0.0016833 secs] [Times: user=0.01 sys=0.00, real=0.00 secs] 
2984.628: [GC (Allocation Failure) [PSYoungGen: 66045K->1565K(66560K)] 390709K->326245K(716288K), 0.0016950 secs] [Times: user=0.01 sys=0.00, real=0.00 secs] 
2985.033: [GC (Allocation Failure) [PSYoungGen: 66077K->1488K(66560K)] 390757K->326168K(716288K), 0.0017859 secs] [Times: user=0.01 sys=0.00, real=0.00 secs] 
2985.305: [GC (Allocation Failure) [PSYoungGen: 66000K->1376K(66560K)] 390680K->326056K(716288K), 0.0016314 secs] [Times: user=0.01 sys=0.00, real=0.00 secs] 
2985.572: [GC (Allocation Failure) [PSYoungGen: 65888K->1360K(66560K)] 390568K->326040K(716288K), 0.0015496 secs] [Times: user=0.00 sys=0.00, real=0.00 secs] 
2985.872: [GC (Allocation Failure) [PSYoungGen: 65872K->1408K(66560K)] 390552K->326088K(716288K), 0.0018887 secs] [Times: user=0.01 sys=0.00, real=0.00 secs] 
2986.262: [GC (Allocation Failure) [PSYoungGen: 65920K->256K(66560K)] 390600K->324952K(716288K), 0.0019844 secs] [Times: user=0.01 sys=0.00, real=0.00 secs] 
2986.660: [GC (Allocation Failure) [PSYoungGen: 64767K->1533K(66560K)] 389463K->326237K(716288K), 0.0019060 secs] [Times: user=0.00 sys=0.00, real=0.01 secs] 
2987.105: [GC (Allocation Failure) [PSYoungGen: 66045K->1501K(66560K)] 390749K->326205K(716288K), 0.0016443 secs] [Times: user=0.01 sys=0.00, real=0.00 secs] 
2987.554: [GC (Allocation Failure) [PSYoungGen: 66013K->1584K(66560K)] 390717K->326296K(716288K), 0.0018232 secs] [Times: user=0.01 sys=0.00, real=0.00 secs] 
2988.293: [GC (Allocation Failure) [PSYoungGen: 66096K->1472K(66560K)] 390808K->326184K(716288K), 0.0028382 secs] [Times: user=0.01 sys=0.00, real=0.00 secs] 
2988.915: [GC (Allocation Failure) [PSYoungGen: 65984K->1376K(66560K)] 390696K->326088K(716288K), 0.0031116 secs] [Times: user=0.01 sys=0.00, real=0.00 secs] 
2989.451: [GC (Allocation Failure) [PSYoungGen: 65888K->1376K(66560K)] 390600K->326088K(716288K), 0.0025401 secs] [Times: user=0.01 sys=0.00, real=0.00 secs] 
2989.930: [GC (Allocation Failure) [PSYoungGen: 65888K->1344K(66560K)] 390600K->326056K(716288K), 0.0027706 secs] [Times: user=0.01 sys=0.00, real=0.01 secs] 
2990.479: [GC (Allocation Failure) [PSYoungGen: 65856K->1408K(66560K)] 390568K->326120K(716288K), 0.0027288 secs] [Times: user=0.01 sys=0.00, real=0.01 secs] 
2991.007: [GC (Allocation Failure) [PSYoungGen: 65904K->1568K(66560K)] 390616K->326280K(716288K), 0.0015789 secs] [Times: user=0.00 sys=0.00, real=0.00 secs] 
2991.392: [GC (Allocation Failure) [PSYoungGen: 66080K->1565K(66560K)] 390792K->326277K(716288K), 0.0016501 secs] [Times: user=0.00 sys=0.00, real=0.00 secs] 
2991.779: [GC (Allocation Failure) [PSYoungGen: 66077K->1629K(66560K)] 390789K->326349K(716288K), 0.0016416 secs] [Times: user=0.00 sys=0.00, real=0.01 secs] 
2992.289: [GC (Allocation Failure) [PSYoungGen: 66141K->1792K(66560K)] 390861K->326512K(716288K), 0.0019064 secs] [Times: user=0.00 sys=0.00, real=0.01 secs] 
2992.636: [GC (Allocation Failure) [PSYoungGen: 66304K->1376K(66560K)] 391024K->326096K(716288K), 0.0019526 secs] [Times: user=0.00 sys=0.00, real=0.00 secs] 
2992.904: [GC (Allocation Failure) [PSYoungGen: 65888K->1376K(66560K)] 390608K->326096K(716288K), 0.0021105 secs] [Times: user=0.01 sys=0.00, real=0.00 secs] 
2993.173: [GC (Allocation Failure) [PSYoungGen: 65888K->1408K(66560K)] 390608K->326128K(716288K), 0.0020776 secs] [Times: user=0.00 sys=0.00, real=0.00 secs] 
2993.441: [GC (Allocation Failure) [PSYoungGen: 65920K->1408K(66560K)] 390640K->326128K(716288K), 0.0018033 secs] [Times: user=0.01 sys=0.00, real=0.00 secs] 
2993.841: [GC (Allocation Failure) [PSYoungGen: 65920K->1469K(66560K)] 390640K->326189K(716288K), 0.0016917 secs] [Times: user=0.01 sys=0.00, real=0.00 secs] 
2994.232: [GC (Allocation Failure) [PSYoungGen: 65981K->1565K(66560K)] 390701K->326285K(716288K), 0.0015697 secs] [Times: user=0.00 sys=0.00, real=0.00 secs] 
2994.619: [GC (Allocation Failure) [PSYoungGen: 66066K->1568K(66560K)] 390786K->326296K(716288K), 0.0017550 secs] [Times: user=0.01 sys=0.00, real=0.01 secs] 
2995.064: [GC (Allocation Failure) [PSYoungGen: 66080K->1597K(66560K)] 390808K->326325K(716288K), 0.0017615 secs] [Times: user=0.00 sys=0.00, real=0.00 secs] 
2995.661: [GC (Allocation Failure) [PSYoungGen: 66109K->1440K(66560K)] 390837K->326168K(716288K), 0.0019574 secs] [Times: user=0.01 sys=0.00, real=0.00 secs] 
2996.076: [GC (Allocation Failure) [PSYoungGen: 65952K->1440K(66560K)] 390680K->326168K(716288K), 0.0019676 secs] [Times: user=0.00 sys=0.00, real=0.00 secs] 
2996.344: [GC (Allocation Failure) [PSYoungGen: 65952K->1376K(66560K)] 390680K->326104K(716288K), 0.0021494 secs] [Times: user=0.01 sys=0.00, real=0.00 secs] 
2996.613: [GC (Allocation Failure) [PSYoungGen: 65888K->1376K(66560K)] 390616K->326128K(716288K), 0.0020121 secs] [Times: user=0.00 sys=0.01, real=0.00 secs] 
2996.980: [GC (Allocation Failure) [PSYoungGen: 65861K->1501K(66560K)] 390613K->326253K(716288K), 0.0017649 secs] [Times: user=0.01 sys=0.00, real=0.01 secs] 
2997.365: [GC (Allocation Failure) [PSYoungGen: 66013K->1533K(66560K)] 390765K->326285K(716288K), 0.0016803 secs] [Times: user=0.01 sys=0.00, real=0.00 secs] 
2997.752: [GC (Allocation Failure) [PSYoungGen: 66045K->1581K(66560K)] 390797K->326341K(716288K), 0.0016227 secs] [Times: user=0.01 sys=0.00, real=0.00 secs] 
2998.139: [GC (Allocation Failure) [PSYoungGen: 66093K->1552K(66560K)] 390853K->326312K(716288K), 0.0016876 secs] [Times: user=0.01 sys=0.00, real=0.01 secs] 
2998.462: [GC (Allocation Failure) [PSYoungGen: 66064K->1424K(66560K)] 390824K->326184K(716288K), 0.0017899 secs] [Times: user=0.01 sys=0.00, real=0.00 secs] 
2998.730: [GC (Allocation Failure) [PSYoungGen: 65936K->1408K(66560K)] 390696K->326168K(716288K), 0.0017090 secs] [Times: user=0.00 sys=0.00, real=0.00 secs] 
2999.008: [GC (Allocation Failure) [PSYoungGen: 65920K->1344K(66560K)] 390680K->326104K(716288K), 0.0022693 secs] [Times: user=0.01 sys=0.00, real=0.00 secs] 
2999.277: [GC (Allocation Failure) [PSYoungGen: 65856K->1344K(66560K)] 390616K->326104K(716288K), 0.0022575 secs] [Times: user=0.01 sys=0.00, real=0.00 secs] 
2999.645: [GC (Allocation Failure) [PSYoungGen: 65856K->1533K(66560K)] 390616K->326293K(716288K), 0.0015877 secs] [Times: user=0.00 sys=0.00, real=0.00 secs] 
3000.033: [GC (Allocation Failure) [PSYoungGen: 66045K->1568K(66560K)] 390805K->326328K(716288K), 0.0015922 secs] [Times: user=0.01 sys=0.00, real=0.00 secs] 
3000.421: [GC (Allocation Failure) [PSYoungGen: 66065K->1533K(66560K)] 390825K->326293K(716288K), 0.0016251 secs] [Times: user=0.01 sys=0.00, real=0.00 secs] 
3000.872: [GC (Allocation Failure) [PSYoungGen: 66045K->1565K(66560K)] 390805K->326333K(716288K), 0.0016849 secs] [Times: user=0.00 sys=0.00, real=0.00 secs] 
3002.556: [GC (Allocation Failure) [PSYoungGen: 66077K->1424K(66560K)] 390845K->326192K(716288K), 0.0047968 secs] [Times: user=0.02 sys=0.00, real=0.01 secs] 
3003.229: [GC (Allocation Failure) [PSYoungGen: 65936K->1408K(66560K)] 390704K->326176K(716288K), 0.0030392 secs] [Times: user=0.01 sys=0.00, real=0.01 secs] 
3003.536: [GC (Allocation Failure) [PSYoungGen: 65920K->1408K(66560K)] 390688K->326176K(716288K), 0.0020744 secs] [Times: user=0.01 sys=0.00, real=0.00 secs] 
3003.840: [GC (Allocation Failure) [PSYoungGen: 65920K->1376K(66560K)] 390688K->326144K(716288K), 0.0018712 secs] [Times: user=0.00 sys=0.00, real=0.01 secs] 
3004.189: [GC (Allocation Failure) [PSYoungGen: 65865K->1453K(66560K)] 390633K->326221K(716288K), 0.0016797 secs] [Times: user=0.01 sys=0.00, real=0.01 secs] 
3004.575: [GC (Allocation Failure) [PSYoungGen: 65965K->1565K(66560K)] 390733K->326333K(716288K), 0.0015951 secs] [Times: user=0.01 sys=0.00, real=0.00 secs] 
3004.962: [GC (Allocation Failure) [PSYoungGen: 66077K->1565K(66560K)] 390845K->326333K(716288K), 0.0016206 secs] [Times: user=0.00 sys=0.00, real=0.00 secs] 
3005.351: [GC (Allocation Failure) [PSYoungGen: 66077K->1533K(66560K)] 390845K->326309K(716288K), 0.0015523 secs] [Times: user=0.01 sys=0.00, real=0.00 secs] 
3006.155: [GC (Allocation Failure) [PSYoungGen: 66045K->1472K(66560K)] 390821K->326248K(716288K), 0.0026193 secs] [Times: user=0.01 sys=0.00, real=0.00 secs] 
3006.860: [GC (Allocation Failure) [PSYoungGen: 65984K->1360K(66560K)] 390760K->326136K(716288K), 0.0026385 secs] [Times: user=0.02 sys=0.00, real=0.01 secs] 
3007.368: [GC (Allocation Failure) [PSYoungGen: 65872K->1376K(66560K)] 390648K->326152K(716288K), 0.0023121 secs] [Times: user=0.01 sys=0.00, real=0.01 secs] 
3007.637: [GC (Allocation Failure) [PSYoungGen: 65888K->1408K(66560K)] 390664K->326184K(716288K), 0.0020703 secs] [Times: user=0.01 sys=0.00, real=0.00 secs] 
3008.044: [GC (Allocation Failure) [PSYoungGen: 65914K->1453K(66560K)] 390690K->326229K(716288K), 0.0015833 secs] [Times: user=0.01 sys=0.00, real=0.00 secs] 
3008.488: [GC (Allocation Failure) [PSYoungGen: 65965K->1520K(66560K)] 390741K->326296K(716288K), 0.0016625 secs] [Times: user=0.01 sys=0.00, real=0.00 secs] 
3008.874: [GC (Allocation Failure) [PSYoungGen: 66032K->1613K(66560K)] 390808K->326421K(716288K), 0.0018240 secs] [Times: user=0.01 sys=0.00, real=0.00 secs] 
3009.263: [GC (Allocation Failure) [PSYoungGen: 66125K->1533K(66560K)] 390933K->326365K(716288K), 0.0016578 secs] [Times: user=0.00 sys=0.00, real=0.00 secs] 
3009.652: [GC (Allocation Failure) [PSYoungGen: 66045K->1440K(66560K)] 390877K->326272K(716288K), 0.0023116 secs] [Times: user=0.00 sys=0.00, real=0.00 secs] 
3009.922: [GC (Allocation Failure) [PSYoungGen: 65952K->1376K(66560K)] 390784K->326208K(716288K), 0.0019406 secs] [Times: user=0.01 sys=0.00, real=0.00 secs] 
3010.211: [GC (Allocation Failure) [PSYoungGen: 65888K->1376K(66560K)] 390720K->326208K(716288K), 0.0024111 secs] [Times: user=0.00 sys=0.00, real=0.00 secs] 
3010.479: [GC (Allocation Failure) [PSYoungGen: 65888K->1376K(66560K)] 390720K->326208K(716288K), 0.0020966 secs] [Times: user=0.00 sys=0.00, real=0.01 secs] 
3010.799: [GC (Allocation Failure) [PSYoungGen: 65888K->1437K(66560K)] 390720K->326269K(716288K), 0.0019049 secs] [Times: user=0.01 sys=0.00, real=0.01 secs] 
3011.194: [GC (Allocation Failure) [PSYoungGen: 65949K->1565K(66560K)] 390781K->326405K(716288K), 0.0016161 secs] [Times: user=0.00 sys=0.00, real=0.00 secs] 
3011.578: [GC (Allocation Failure) [PSYoungGen: 66077K->1565K(66560K)] 390917K->326405K(716288K), 0.0017566 secs] [Times: user=0.01 sys=0.00, real=0.00 secs] 
3011.965: [GC (Allocation Failure) [PSYoungGen: 66077K->1536K(66560K)] 390917K->326392K(716288K), 0.0016789 secs] [Times: user=0.00 sys=0.00, real=0.00 secs] 
3012.421: [GC (Allocation Failure) [PSYoungGen: 66048K->1456K(66560K)] 390904K->326312K(716288K), 0.0018174 secs] [Times: user=0.01 sys=0.00, real=0.00 secs] 
3013.037: [GC (Allocation Failure) [PSYoungGen: 65968K->1344K(66560K)] 390824K->326200K(716288K), 0.0026020 secs] [Times: user=0.01 sys=0.00, real=0.00 secs] 
3013.592: [GC (Allocation Failure) [PSYoungGen: 65856K->1376K(66560K)] 390712K->326232K(716288K), 0.0027189 secs] [Times: user=0.01 sys=0.00, real=0.00 secs] 
3014.281: [GC (Allocation Failure) [PSYoungGen: 65888K->1344K(66560K)] 390744K->326200K(716288K), 0.0034768 secs] [Times: user=0.01 sys=0.00, real=0.00 secs] 
3014.772: [GC (Allocation Failure) [PSYoungGen: 65856K->1408K(66560K)] 390712K->326264K(716288K), 0.0026898 secs] [Times: user=0.01 sys=0.00, real=0.00 secs] 
3015.271: [GC (Allocation Failure) [PSYoungGen: 65914K->1565K(66560K)] 390770K->326421K(716288K), 0.0015805 secs] [Times: user=0.01 sys=0.00, real=0.00 secs] 
3015.657: [GC (Allocation Failure) [PSYoungGen: 66077K->1536K(66560K)] 390933K->326392K(716288K), 0.0016939 secs] [Times: user=0.01 sys=0.00, real=0.00 secs] 
3016.043: [GC (Allocation Failure) [PSYoungGen: 66048K->1536K(66560K)] 390904K->326400K(716288K), 0.0016433 secs] [Times: user=0.01 sys=0.00, real=0.00 secs] 
3016.441: [GC (Allocation Failure) [PSYoungGen: 66048K->2000K(66560K)] 390912K->326864K(716288K), 0.0019195 secs] [Times: user=0.01 sys=0.00, real=0.00 secs] 
3016.707: [GC (Allocation Failure) [PSYoungGen: 66512K->1376K(66560K)] 391376K->326240K(716288K), 0.0016414 secs] [Times: user=0.00 sys=0.00, real=0.00 secs] 
3016.975: [GC (Allocation Failure) [PSYoungGen: 65888K->1376K(66560K)] 390752K->326240K(716288K), 0.0016439 secs] [Times: user=0.01 sys=0.00, real=0.00 secs] 
3017.248: [GC (Allocation Failure) [PSYoungGen: 65888K->1408K(66560K)] 390752K->326272K(716288K), 0.0028653 secs] [Times: user=0.01 sys=0.00, real=0.01 secs] 
3017.776: [GC (Allocation Failure) [PSYoungGen: 65920K->1376K(66560K)] 390784K->326264K(716288K), 0.0025959 secs] [Times: user=0.00 sys=0.01, real=0.00 secs] 
3018.280: [GC (Allocation Failure) [PSYoungGen: 65869K->1549K(66560K)] 390757K->326437K(716288K), 0.0015597 secs] [Times: user=0.01 sys=0.00, real=0.01 secs] 
3018.666: [GC (Allocation Failure) [PSYoungGen: 66061K->1533K(66560K)] 390949K->326421K(716288K), 0.0016459 secs] [Times: user=0.01 sys=0.00, real=0.00 secs] 
3019.053: [GC (Allocation Failure) [PSYoungGen: 66045K->1584K(66560K)] 390933K->326480K(716288K), 0.0017043 secs] [Times: user=0.01 sys=0.00, real=0.00 secs] 
3019.440: [GC (Allocation Failure) [PSYoungGen: 66096K->1533K(66560K)] 390992K->326429K(716288K), 0.0015769 secs] [Times: user=0.01 sys=0.00, real=0.00 secs] 
3019.737: [GC (Allocation Failure) [PSYoungGen: 66045K->1408K(66560K)] 390941K->326304K(716288K), 0.0015135 secs] [Times: user=0.00 sys=0.00, real=0.00 secs] 
3020.004: [GC (Allocation Failure) [PSYoungGen: 65920K->1408K(66560K)] 390816K->326304K(716288K), 0.0015610 secs] [Times: user=0.00 sys=0.00, real=0.00 secs] 
3020.275: [GC (Allocation Failure) [PSYoungGen: 65920K->1376K(66560K)] 390816K->326272K(716288K), 0.0030478 secs] [Times: user=0.01 sys=0.00, real=0.00 secs] 
3020.543: [GC (Allocation Failure) [PSYoungGen: 65888K->1328K(66560K)] 390784K->326224K(716288K), 0.0022395 secs] [Times: user=0.01 sys=0.00, real=0.00 secs] 
3020.946: [GC (Allocation Failure) [PSYoungGen: 65833K->1453K(66560K)] 390729K->326357K(716288K), 0.0016365 secs] [Times: user=0.00 sys=0.00, real=0.00 secs] 
3021.385: [GC (Allocation Failure) [PSYoungGen: 65965K->1565K(66560K)] 390869K->326469K(716288K), 0.0016092 secs] [Times: user=0.01 sys=0.00, real=0.00 secs] 
3021.771: [GC (Allocation Failure) [PSYoungGen: 66077K->1565K(66560K)] 390981K->326477K(716288K), 0.0016258 secs] [Times: user=0.01 sys=0.00, real=0.00 secs] 
3022.157: [GC (Allocation Failure) [PSYoungGen: 66077K->1533K(66560K)] 390989K->326445K(716288K), 0.0015853 secs] [Times: user=0.00 sys=0.00, real=0.00 secs] 
3023.459: [GC (Allocation Failure) [PSYoungGen: 66045K->1392K(66560K)] 390957K->326304K(716288K), 0.0040591 secs] [Times: user=0.01 sys=0.00, real=0.01 secs] 
3024.458: [GC (Allocation Failure) [PSYoungGen: 65904K->1440K(66560K)] 390816K->326352K(716288K), 0.0026925 secs] [Times: user=0.01 sys=0.00, real=0.01 secs] 
3025.247: [GC (Allocation Failure) [PSYoungGen: 65952K->1408K(66560K)] 390864K->326320K(716288K), 0.0028641 secs] [Times: user=0.01 sys=0.00, real=0.00 secs] 
3026.134: [GC (Allocation Failure) [PSYoungGen: 65920K->1408K(66560K)] 390832K->326320K(716288K), 0.0030453 secs] [Times: user=0.01 sys=0.00, real=0.00 secs] 
3026.787: [GC (Allocation Failure) [PSYoungGen: 65920K->1501K(66560K)] 390832K->326413K(716288K), 0.0016244 secs] [Times: user=0.00 sys=0.00, real=0.00 secs] 
3027.174: [GC (Allocation Failure) [PSYoungGen: 66013K->1584K(66560K)] 390925K->326496K(716288K), 0.0015869 secs] [Times: user=0.00 sys=0.00, real=0.00 secs] 
3027.561: [GC (Allocation Failure) [PSYoungGen: 66075K->1565K(66560K)] 390987K->326477K(716288K), 0.0015736 secs] [Times: user=0.00 sys=0.00, real=0.00 secs] 
3027.949: [GC (Allocation Failure) [PSYoungGen: 66077K->1568K(66560K)] 390989K->326488K(716288K), 0.0015944 secs] [Times: user=0.00 sys=0.00, real=0.01 secs] 
3028.319: [GC (Allocation Failure) [PSYoungGen: 66080K->1440K(66560K)] 391000K->326360K(716288K), 0.0028829 secs] [Times: user=0.01 sys=0.01, real=0.01 secs] 
3028.599: [GC (Allocation Failure) [PSYoungGen: 65952K->1376K(66560K)] 390872K->326296K(716288K), 0.0021860 secs] [Times: user=0.01 sys=0.00, real=0.01 secs] 
3028.868: [GC (Allocation Failure) [PSYoungGen: 65888K->1344K(66560K)] 390808K->326264K(716288K), 0.0020642 secs] [Times: user=0.01 sys=0.00, real=0.00 secs] 
3029.136: [GC (Allocation Failure) [PSYoungGen: 65856K->1376K(66560K)] 390776K->326328K(716288K), 0.0020231 secs] [Times: user=0.01 sys=0.00, real=0.00 secs] 
3029.471: [GC (Allocation Failure) [PSYoungGen: 65888K->1501K(66560K)] 390840K->326453K(716288K), 0.0014665 secs] [Times: user=0.01 sys=0.00, real=0.00 secs] 
3029.858: [GC (Allocation Failure) [PSYoungGen: 65995K->1488K(66560K)] 390947K->326440K(716288K), 0.0015508 secs] [Times: user=0.00 sys=0.00, real=0.00 secs] 
3030.244: [GC (Allocation Failure) [PSYoungGen: 66000K->1568K(66560K)] 390952K->326520K(716288K), 0.0016449 secs] [Times: user=0.01 sys=0.00, real=0.00 secs] 
3030.631: [GC (Allocation Failure) [PSYoungGen: 66080K->1581K(66560K)] 391032K->326541K(716288K), 0.0016342 secs] [Times: user=0.01 sys=0.00, real=0.00 secs] 
3031.121: [GC (Allocation Failure) [PSYoungGen: 66093K->1472K(66560K)] 391053K->326432K(716288K), 0.0020857 secs] [Times: user=0.01 sys=0.00, real=0.00 secs] 
3031.751: [GC (Allocation Failure) [PSYoungGen: 65984K->1376K(66560K)] 390944K->326336K(716288K), 0.0027303 secs] [Times: user=0.01 sys=0.00, real=0.00 secs] 
3032.487: [GC (Allocation Failure) [PSYoungGen: 65888K->1376K(66560K)] 390848K->326336K(716288K), 0.0030873 secs] [Times: user=0.01 sys=0.01, real=0.00 secs] 
3033.301: [GC (Allocation Failure) [PSYoungGen: 65888K->1408K(66560K)] 390848K->326368K(716288K), 0.0032967 secs] [Times: user=0.02 sys=0.00, real=0.00 secs] 
3034.041: [GC (Allocation Failure) [PSYoungGen: 65918K->1424K(66560K)] 390878K->326384K(716288K), 0.0019886 secs] [Times: user=0.01 sys=0.00, real=0.00 secs] 
3034.531: [GC (Allocation Failure) [PSYoungGen: 65936K->1568K(66560K)] 390896K->326528K(716288K), 0.0017801 secs] [Times: user=0.01 sys=0.00, real=0.00 secs] 
3034.919: [GC (Allocation Failure) [PSYoungGen: 66080K->1501K(66560K)] 391040K->326461K(716288K), 0.0016902 secs] [Times: user=0.01 sys=0.00, real=0.01 secs] 
3035.366: [GC (Allocation Failure) [PSYoungGen: 66013K->1536K(66560K)] 390973K->326504K(716288K), 0.0016439 secs] [Times: user=0.01 sys=0.00, real=0.00 secs] 
3035.816: [GC (Allocation Failure) [PSYoungGen: 66048K->1504K(66560K)] 391016K->326472K(716288K), 0.0025011 secs] [Times: user=0.01 sys=0.00, real=0.00 secs] 
3036.124: [GC (Allocation Failure) [PSYoungGen: 66016K->1360K(66560K)] 390984K->326328K(716288K), 0.0020905 secs] [Times: user=0.00 sys=0.00, real=0.00 secs] 
3036.627: [GC (Allocation Failure) [PSYoungGen: 65872K->1376K(66560K)] 390840K->326344K(716288K), 0.0019851 secs] [Times: user=0.00 sys=0.00, real=0.00 secs] 
3037.214: [GC (Allocation Failure) [PSYoungGen: 65888K->1344K(66560K)] 390856K->326312K(716288K), 0.0022923 secs] [Times: user=0.01 sys=0.00, real=0.00 secs] 
3037.963: [GC (Allocation Failure) [PSYoungGen: 65856K->1469K(66560K)] 390824K->326437K(716288K), 0.0030267 secs] [Times: user=0.02 sys=0.00, real=0.00 secs] 
3038.447: [GC (Allocation Failure) [PSYoungGen: 65949K->1536K(66560K)] 390918K->326504K(716288K), 0.0016158 secs] [Times: user=0.01 sys=0.00, real=0.00 secs] 
3038.833: [GC (Allocation Failure) [PSYoungGen: 66048K->1565K(66560K)] 391016K->326533K(716288K), 0.0016340 secs] [Times: user=0.00 sys=0.00, real=0.00 secs] 
3039.220: [GC (Allocation Failure) [PSYoungGen: 66077K->1536K(66560K)] 391045K->326528K(716288K), 0.0015707 secs] [Times: user=0.01 sys=0.00, real=0.01 secs] 
3039.873: [GC (Allocation Failure) [PSYoungGen: 66048K->1456K(66560K)] 391040K->326448K(716288K), 0.0028154 secs] [Times: user=0.02 sys=0.00, real=0.00 secs] 
3040.719: [GC (Allocation Failure) [PSYoungGen: 65968K->1376K(66560K)] 390960K->326368K(716288K), 0.0023204 secs] [Times: user=0.01 sys=0.00, real=0.01 secs] 
3041.288: [GC (Allocation Failure) [PSYoungGen: 65888K->1312K(66560K)] 390880K->326304K(716288K), 0.0026418 secs] [Times: user=0.01 sys=0.00, real=0.01 secs] 
3041.584: [GC (Allocation Failure) [PSYoungGen: 65824K->1344K(66560K)] 390816K->326336K(716288K), 0.0020815 secs] [Times: user=0.01 sys=0.00, real=0.00 secs] 
3041.860: [GC (Allocation Failure) [PSYoungGen: 65856K->1344K(66560K)] 390848K->326336K(716288K), 0.0020393 secs] [Times: user=0.01 sys=0.00, real=0.01 secs] 
3042.265: [GC (Allocation Failure) [PSYoungGen: 65849K->1533K(66560K)] 390841K->326525K(716288K), 0.0016164 secs] [Times: user=0.00 sys=0.00, real=0.00 secs] 
3042.650: [GC (Allocation Failure) [PSYoungGen: 66045K->1600K(66560K)] 391037K->326592K(716288K), 0.0016531 secs] [Times: user=0.00 sys=0.00, real=0.01 secs] 
3043.037: [GC (Allocation Failure) [PSYoungGen: 66112K->1565K(66560K)] 391104K->326573K(716288K), 0.0016283 secs] [Times: user=0.01 sys=0.00, real=0.00 secs] 
3043.475: [GC (Allocation Failure) [PSYoungGen: 66077K->1952K(66560K)] 391085K->326960K(716288K), 0.0019803 secs] [Times: user=0.01 sys=0.00, real=0.00 secs] 
3043.765: [GC (Allocation Failure) [PSYoungGen: 66464K->1328K(66560K)] 391472K->326336K(716288K), 0.0021454 secs] [Times: user=0.00 sys=0.00, real=0.00 secs] 
3044.033: [GC (Allocation Failure) [PSYoungGen: 65840K->1328K(66560K)] 390848K->326336K(716288K), 0.0017938 secs] [Times: user=0.01 sys=0.00, real=0.00 secs] 
3044.301: [GC (Allocation Failure) [PSYoungGen: 65840K->1344K(66560K)] 390848K->326352K(716288K), 0.0019264 secs] [Times: user=0.01 sys=0.00, real=0.00 secs] 
3044.670: [GC (Allocation Failure) [PSYoungGen: 65856K->1376K(66560K)] 390864K->326384K(716288K), 0.0019142 secs] [Times: user=0.00 sys=0.00, real=0.00 secs] 
3045.044: [GC (Allocation Failure) [PSYoungGen: 65888K->1501K(66560K)] 390896K->326509K(716288K), 0.0016018 secs] [Times: user=0.00 sys=0.00, real=0.00 secs] 
3045.432: [GC (Allocation Failure) [PSYoungGen: 66013K->1565K(66560K)] 391021K->326573K(716288K), 0.0016709 secs] [Times: user=0.01 sys=0.00, real=0.00 secs] 
3045.820: [GC (Allocation Failure) [PSYoungGen: 66077K->1597K(66560K)] 391085K->326613K(716288K), 0.0017560 secs] [Times: user=0.01 sys=0.00, real=0.00 secs] 
3046.264: [GC (Allocation Failure) [PSYoungGen: 66109K->1501K(66560K)] 391125K->326517K(716288K), 0.0017184 secs] [Times: user=0.01 sys=0.00, real=0.00 secs] 
3047.382: [GC (Allocation Failure) [PSYoungGen: 66013K->1408K(66560K)] 391029K->326440K(716288K), 0.0024915 secs] [Times: user=0.01 sys=0.00, real=0.00 secs] 
3047.633: [GC (Allocation Failure) [PSYoungGen: 65920K->1312K(66560K)] 390952K->326344K(716288K), 0.0022458 secs] [Times: user=0.01 sys=0.00, real=0.00 secs] 
3047.901: [GC (Allocation Failure) [PSYoungGen: 65824K->1344K(66560K)] 390856K->326376K(716288K), 0.0019630 secs] [Times: user=0.01 sys=0.00, real=0.00 secs] 
3048.169: [GC (Allocation Failure) [PSYoungGen: 65856K->1376K(66560K)] 390888K->326408K(716288K), 0.0020034 secs] [Times: user=0.01 sys=0.00, real=0.01 secs] 
3048.547: [GC (Allocation Failure) [PSYoungGen: 65862K->1485K(66560K)] 390894K->326517K(716288K), 0.0015628 secs] [Times: user=0.01 sys=0.01, real=0.00 secs] 
3048.932: [GC (Allocation Failure) [PSYoungGen: 65997K->1536K(66560K)] 391029K->326568K(716288K), 0.0016228 secs] [Times: user=0.01 sys=0.00, real=0.00 secs] 
3049.319: [GC (Allocation Failure) [PSYoungGen: 66041K->1549K(66560K)] 391073K->326589K(716288K), 0.0015815 secs] [Times: user=0.01 sys=0.00, real=0.01 secs] 
3049.709: [GC (Allocation Failure) [PSYoungGen: 66061K->1568K(66560K)] 391101K->326608K(716288K), 0.0017410 secs] [Times: user=0.00 sys=0.00, real=0.01 secs] 
3050.057: [GC (Allocation Failure) [PSYoungGen: 66080K->1408K(66560K)] 391120K->326448K(716288K), 0.0018439 secs] [Times: user=0.01 sys=0.00, real=0.00 secs] 
3050.325: [GC (Allocation Failure) [PSYoungGen: 65920K->1312K(66560K)] 390960K->326352K(716288K), 0.0017627 secs] [Times: user=0.01 sys=0.00, real=0.00 secs] 
3050.848: [GC (Allocation Failure) [PSYoungGen: 65824K->1408K(66560K)] 390864K->326456K(716288K), 0.0031043 secs] [Times: user=0.01 sys=0.00, real=0.01 secs] 
3051.548: [GC (Allocation Failure) [PSYoungGen: 65920K->1392K(66560K)] 390968K->326440K(716288K), 0.0032787 secs] [Times: user=0.01 sys=0.00, real=0.01 secs] 
3052.242: [GC (Allocation Failure) [PSYoungGen: 65904K->1488K(66560K)] 390952K->326536K(716288K), 0.0015485 secs] [Times: user=0.01 sys=0.00, real=0.00 secs] 
3052.683: [GC (Allocation Failure) [PSYoungGen: 66000K->1597K(66560K)] 391048K->326645K(716288K), 0.0017315 secs] [Times: user=0.00 sys=0.00, real=0.00 secs] 
3053.070: [GC (Allocation Failure) [PSYoungGen: 66109K->1597K(66560K)] 391157K->326645K(716288K), 0.0017564 secs] [Times: user=0.00 sys=0.00, real=0.01 secs] 
3053.535: [GC (Allocation Failure) [PSYoungGen: 66109K->1568K(66560K)] 391157K->326624K(716288K), 0.0016592 secs] [Times: user=0.01 sys=0.00, real=0.00 secs] 
3054.244: [GC (Allocation Failure) [PSYoungGen: 66080K->1488K(66560K)] 391136K->326544K(716288K), 0.0031070 secs] [Times: user=0.01 sys=0.00, real=0.00 secs] 
3054.547: [GC (Allocation Failure) [PSYoungGen: 66000K->1408K(66560K)] 391056K->326464K(716288K), 0.0020055 secs] [Times: user=0.01 sys=0.00, real=0.00 secs] 
3054.987: [GC (Allocation Failure) [PSYoungGen: 65920K->1408K(66560K)] 390976K->326464K(716288K), 0.0017941 secs] [Times: user=0.01 sys=0.00, real=0.00 secs] 
3055.597: [GC (Allocation Failure) [PSYoungGen: 65920K->1408K(66560K)] 390976K->326464K(716288K), 0.0033358 secs] [Times: user=0.01 sys=0.00, real=0.01 secs] 
3056.246: [GC (Allocation Failure) [PSYoungGen: 65920K->1517K(66560K)] 390976K->326573K(716288K), 0.0017013 secs] [Times: user=0.01 sys=0.00, real=0.00 secs] 
3056.635: [GC (Allocation Failure) [PSYoungGen: 66007K->1568K(66560K)] 391063K->326624K(716288K), 0.0015800 secs] [Times: user=0.01 sys=0.00, real=0.00 secs] 
3057.021: [GC (Allocation Failure) [PSYoungGen: 66080K->1565K(66560K)] 391136K->326621K(716288K), 0.0015945 secs] [Times: user=0.01 sys=0.00, real=0.00 secs] 
3057.407: [GC (Allocation Failure) [PSYoungGen: 66077K->1565K(66560K)] 391133K->326637K(716288K), 0.0015466 secs] [Times: user=0.00 sys=0.00, real=0.00 secs] 
3057.816: [GC (Allocation Failure) [PSYoungGen: 66077K->1504K(66560K)] 391149K->326576K(716288K), 0.0017804 secs] [Times: user=0.01 sys=0.00, real=0.00 secs] 
3058.096: [GC (Allocation Failure) [PSYoungGen: 66016K->1408K(66560K)] 391088K->326504K(716288K), 0.0017866 secs] [Times: user=0.01 sys=0.00, real=0.00 secs] 
3058.401: [GC (Allocation Failure) [PSYoungGen: 65920K->1312K(66560K)] 391016K->326408K(716288K), 0.0016792 secs] [Times: user=0.01 sys=0.00, real=0.00 secs] 
3058.704: [GC (Allocation Failure) [PSYoungGen: 65824K->1376K(66560K)] 390920K->326472K(716288K), 0.0019230 secs] [Times: user=0.01 sys=0.00, real=0.00 secs] 
3059.466: [GC (Allocation Failure) [PSYoungGen: 65888K->1517K(66560K)] 390984K->326613K(716288K), 0.0014386 secs] [Times: user=0.01 sys=0.00, real=0.00 secs] 
3059.906: [GC (Allocation Failure) [PSYoungGen: 66029K->1533K(66560K)] 391125K->326629K(716288K), 0.0017913 secs] [Times: user=0.01 sys=0.00, real=0.00 secs] 
3060.295: [GC (Allocation Failure) [PSYoungGen: 66036K->1549K(66560K)] 391132K->326645K(716288K), 0.0017098 secs] [Times: user=0.01 sys=0.00, real=0.00 secs] 
3060.744: [GC (Allocation Failure) [PSYoungGen: 66061K->1504K(66560K)] 391157K->326608K(716288K), 0.0016632 secs] [Times: user=0.01 sys=0.00, real=0.00 secs] 
3062.097: [GC (Allocation Failure) [PSYoungGen: 66016K->1424K(66560K)] 391120K->326528K(716288K), 0.0043014 secs] [Times: user=0.01 sys=0.00, real=0.01 secs] 
3062.847: [GC (Allocation Failure) [PSYoungGen: 65936K->1376K(66560K)] 391040K->326480K(716288K), 0.0023404 secs] [Times: user=0.01 sys=0.00, real=0.00 secs] 
3063.149: [GC (Allocation Failure) [PSYoungGen: 65888K->1376K(66560K)] 390992K->326480K(716288K), 0.0021487 secs] [Times: user=0.01 sys=0.00, real=0.01 secs] 
3063.418: [GC (Allocation Failure) [PSYoungGen: 65888K->1408K(66560K)] 390992K->326512K(716288K), 0.0020033 secs] [Times: user=0.01 sys=0.00, real=0.00 secs] 
3063.816: [GC (Allocation Failure) [PSYoungGen: 65920K->1456K(66560K)] 391024K->326560K(716288K), 0.0020013 secs] [Times: user=0.01 sys=0.00, real=0.00 secs] 
3064.238: [GC (Allocation Failure) [PSYoungGen: 65937K->1568K(66560K)] 391041K->326672K(716288K), 0.0017045 secs] [Times: user=0.01 sys=0.00, real=0.01 secs] 
3064.635: [GC (Allocation Failure) [PSYoungGen: 66080K->1533K(66560K)] 391184K->326637K(716288K), 0.0015881 secs] [Times: user=0.01 sys=0.00, real=0.00 secs] 
3065.025: [GC (Allocation Failure) [PSYoungGen: 66045K->1568K(66560K)] 391149K->326688K(716288K), 0.0016237 secs] [Times: user=0.01 sys=0.00, real=0.00 secs] 
3065.626: [GC (Allocation Failure) [PSYoungGen: 66080K->1424K(66560K)] 391200K->326544K(716288K), 0.0022514 secs] [Times: user=0.01 sys=0.00, real=0.00 secs] 
3066.737: [GC (Allocation Failure) [PSYoungGen: 65936K->1408K(66560K)] 391056K->326528K(716288K), 0.0033473 secs] [Times: user=0.01 sys=0.00, real=0.01 secs] 
3067.601: [GC (Allocation Failure) [PSYoungGen: 65920K->1376K(66560K)] 391040K->326496K(716288K), 0.0033391 secs] [Times: user=0.01 sys=0.00, real=0.00 secs] 
3068.243: [GC (Allocation Failure) [PSYoungGen: 65888K->1376K(66560K)] 391008K->326496K(716288K), 0.0027757 secs] [Times: user=0.02 sys=0.00, real=0.00 secs] 
3068.511: [GC (Allocation Failure) [PSYoungGen: 65888K->1344K(66560K)] 391008K->326464K(716288K), 0.0021218 secs] [Times: user=0.01 sys=0.00, real=0.00 secs] 
3068.922: [GC (Allocation Failure) [PSYoungGen: 65856K->1517K(66560K)] 390976K->326637K(716288K), 0.0015538 secs] [Times: user=0.00 sys=0.00, real=0.00 secs] 
3069.309: [GC (Allocation Failure) [PSYoungGen: 66029K->1533K(66560K)] 391149K->326653K(716288K), 0.0016747 secs] [Times: user=0.00 sys=0.00, real=0.01 secs] 
3069.758: [GC (Allocation Failure) [PSYoungGen: 66045K->1520K(66560K)] 391165K->326656K(716288K), 0.0016147 secs] [Times: user=0.01 sys=0.00, real=0.00 secs] 
3070.199: [GC (Allocation Failure) [PSYoungGen: 66032K->2032K(66560K)] 391168K->327168K(716288K), 0.0020234 secs] [Times: user=0.01 sys=0.00, real=0.01 secs] 
3070.720: [GC (Allocation Failure) [PSYoungGen: 66544K->1344K(66560K)] 391680K->326480K(716288K), 0.0030843 secs] [Times: user=0.01 sys=0.00, real=0.00 secs] 
3071.286: [GC (Allocation Failure) [PSYoungGen: 65856K->1408K(66560K)] 390992K->326544K(716288K), 0.0023278 secs] [Times: user=0.01 sys=0.00, real=0.00 secs] 
3071.771: [GC (Allocation Failure) [PSYoungGen: 65920K->1376K(66560K)] 391056K->326512K(716288K), 0.0023606 secs] [Times: user=0.01 sys=0.00, real=0.00 secs] 
3072.118: [GC (Allocation Failure) [PSYoungGen: 65888K->1376K(66560K)] 391024K->326512K(716288K), 0.0022360 secs] [Times: user=0.01 sys=0.01, real=0.00 secs] 
3072.559: [GC (Allocation Failure) [PSYoungGen: 65888K->1504K(66560K)] 391024K->326640K(716288K), 0.0017042 secs] [Times: user=0.01 sys=0.00, real=0.01 secs] 
3072.945: [GC (Allocation Failure) [PSYoungGen: 66016K->1565K(66560K)] 391152K->326701K(716288K), 0.0017044 secs] [Times: user=0.00 sys=0.00, real=0.00 secs] 
3073.332: [GC (Allocation Failure) [PSYoungGen: 66077K->1568K(66560K)] 391213K->326712K(716288K), 0.0016454 secs] [Times: user=0.00 sys=0.00, real=0.00 secs] 
3073.713: [GC (Allocation Failure) [PSYoungGen: 66080K->336K(66560K)] 391224K->325480K(716288K), 0.0015752 secs] [Times: user=0.01 sys=0.00, real=0.00 secs] 
3074.544: [GC (Allocation Failure) [PSYoungGen: 64848K->1376K(66560K)] 389992K->326520K(716288K), 0.0023085 secs] [Times: user=0.01 sys=0.00, real=0.00 secs] 
3075.830: [GC (Allocation Failure) [PSYoungGen: 65888K->1360K(66560K)] 391032K->326504K(716288K), 0.0045288 secs] [Times: user=0.02 sys=0.00, real=0.01 secs] 
3076.566: [GC (Allocation Failure) [PSYoungGen: 65872K->1344K(66560K)] 391016K->326488K(716288K), 0.0025620 secs] [Times: user=0.01 sys=0.00, real=0.00 secs] 
3077.016: [GC (Allocation Failure) [PSYoungGen: 65856K->1408K(66560K)] 391000K->326552K(716288K), 0.0025677 secs] [Times: user=0.01 sys=0.00, real=0.00 secs] 
3077.461: [GC (Allocation Failure) [PSYoungGen: 65912K->1568K(66560K)] 391056K->326712K(716288K), 0.0016556 secs] [Times: user=0.00 sys=0.00, real=0.00 secs] 
3077.846: [GC (Allocation Failure) [PSYoungGen: 66080K->1536K(66560K)] 391224K->326680K(716288K), 0.0016224 secs] [Times: user=0.01 sys=0.00, real=0.00 secs] 
3078.233: [GC (Allocation Failure) [PSYoungGen: 66048K->1536K(66560K)] 391192K->326688K(716288K), 0.0016384 secs] [Times: user=0.01 sys=0.00, real=0.00 secs] 
3078.680: [GC (Allocation Failure) [PSYoungGen: 66048K->1568K(66560K)] 391200K->326720K(716288K), 0.0016293 secs] [Times: user=0.01 sys=0.00, real=0.00 secs] 
3079.861: [GC (Allocation Failure) [PSYoungGen: 66080K->1424K(66560K)] 391232K->326600K(716288K), 0.0040588 secs] [Times: user=0.01 sys=0.00, real=0.00 secs] 
3080.580: [GC (Allocation Failure) [PSYoungGen: 65936K->1344K(66560K)] 391112K->326520K(716288K), 0.0025876 secs] [Times: user=0.01 sys=0.00, real=0.01 secs] 
3081.108: [GC (Allocation Failure) [PSYoungGen: 65856K->1440K(66560K)] 391032K->326616K(716288K), 0.0026693 secs] [Times: user=0.01 sys=0.00, real=0.01 secs] 
3081.531: [GC (Allocation Failure) [PSYoungGen: 65952K->1440K(66560K)] 391128K->326616K(716288K), 0.0019499 secs] [Times: user=0.01 sys=0.00, real=0.00 secs] 
3081.938: [GC (Allocation Failure) [PSYoungGen: 65924K->1536K(66560K)] 391101K->326712K(716288K), 0.0015051 secs] [Times: user=0.01 sys=0.00, real=0.00 secs] 
3082.322: [GC (Allocation Failure) [PSYoungGen: 66048K->1565K(66560K)] 391224K->326741K(716288K), 0.0015794 secs] [Times: user=0.01 sys=0.00, real=0.00 secs] 
3082.709: [GC (Allocation Failure) [PSYoungGen: 66077K->1600K(66560K)] 391253K->326776K(716288K), 0.0016189 secs] [Times: user=0.01 sys=0.00, real=0.01 secs] 
3083.158: [GC (Allocation Failure) [PSYoungGen: 66112K->1632K(66560K)] 391288K->326816K(716288K), 0.0016341 secs] [Times: user=0.01 sys=0.00, real=0.00 secs] 
3083.487: [GC (Allocation Failure) [PSYoungGen: 66144K->1472K(66560K)] 391328K->326656K(716288K), 0.0020711 secs] [Times: user=0.01 sys=0.00, real=0.00 secs] 
3083.755: [GC (Allocation Failure) [PSYoungGen: 65984K->1408K(66560K)] 391168K->326592K(716288K), 0.0019293 secs] [Times: user=0.01 sys=0.00, real=0.00 secs] 
3084.023: [GC (Allocation Failure) [PSYoungGen: 65920K->1408K(66560K)] 391104K->326592K(716288K), 0.0020506 secs] [Times: user=0.01 sys=0.00, real=0.00 secs] 
3084.303: [GC (Allocation Failure) [PSYoungGen: 65920K->1408K(66560K)] 391104K->326592K(716288K), 0.0020811 secs] [Times: user=0.01 sys=0.00, real=0.00 secs] 
3084.651: [GC (Allocation Failure) [PSYoungGen: 65920K->1469K(66560K)] 391104K->326653K(716288K), 0.0015669 secs] [Times: user=0.01 sys=0.00, real=0.00 secs] 
3085.048: [GC (Allocation Failure) [PSYoungGen: 65975K->1600K(66560K)] 391159K->326784K(716288K), 0.0015550 secs] [Times: user=0.01 sys=0.00, real=0.00 secs] 
3085.433: [GC (Allocation Failure) [PSYoungGen: 66112K->1565K(66560K)] 391296K->326749K(716288K), 0.0017123 secs] [Times: user=0.01 sys=0.00, real=0.00 secs] 
3085.820: [GC (Allocation Failure) [PSYoungGen: 66077K->1584K(66560K)] 391261K->326776K(716288K), 0.0016301 secs] [Times: user=0.01 sys=0.00, real=0.01 secs] 
3086.792: [GC (Allocation Failure) [PSYoungGen: 66096K->1488K(66560K)] 391288K->326680K(716288K), 0.0035496 secs] [Times: user=0.01 sys=0.00, real=0.00 secs] 
3087.368: [GC (Allocation Failure) [PSYoungGen: 66000K->1344K(66560K)] 391192K->326568K(716288K), 0.0031451 secs] [Times: user=0.02 sys=0.00, real=0.01 secs] 
3087.913: [GC (Allocation Failure) [PSYoungGen: 65856K->1312K(66560K)] 391080K->326536K(716288K), 0.0028453 secs] [Times: user=0.01 sys=0.00, real=0.00 secs] 
3088.476: [GC (Allocation Failure) [PSYoungGen: 65824K->1376K(66560K)] 391048K->326600K(716288K), 0.0030969 secs] [Times: user=0.02 sys=0.00, real=0.00 secs] 
3088.896: [GC (Allocation Failure) [PSYoungGen: 65888K->1424K(66560K)] 391112K->326648K(716288K), 0.0024655 secs] [Times: user=0.01 sys=0.00, real=0.00 secs] 
3089.336: [GC (Allocation Failure) [PSYoungGen: 65918K->1581K(66560K)] 391143K->326805K(716288K), 0.0017147 secs] [Times: user=0.00 sys=0.00, real=0.00 secs] 
3089.727: [GC (Allocation Failure) [PSYoungGen: 66086K->1533K(66560K)] 391310K->326757K(716288K), 0.0017197 secs] [Times: user=0.01 sys=0.00, real=0.00 secs] 
3090.116: [GC (Allocation Failure) [PSYoungGen: 66045K->1565K(66560K)] 391269K->326797K(716288K), 0.0016076 secs] [Times: user=0.01 sys=0.00, real=0.00 secs] 
3090.644: [GC (Allocation Failure) [PSYoungGen: 66077K->1456K(66560K)] 391309K->326688K(716288K), 0.0028651 secs] [Times: user=0.01 sys=0.00, real=0.00 secs] 
3091.280: [GC (Allocation Failure) [PSYoungGen: 65968K->1344K(66560K)] 391200K->326576K(716288K), 0.0031310 secs] [Times: user=0.02 sys=0.00, real=0.01 secs] 
3091.818: [GC (Allocation Failure) [PSYoungGen: 65856K->1408K(66560K)] 391088K->326640K(716288K), 0.0025846 secs] [Times: user=0.01 sys=0.00, real=0.01 secs] 
3092.349: [GC (Allocation Failure) [PSYoungGen: 65920K->1376K(66560K)] 391152K->326608K(716288K), 0.0025504 secs] [Times: user=0.01 sys=0.00, real=0.01 secs] 
3092.970: [GC (Allocation Failure) [PSYoungGen: 65888K->1424K(66560K)] 391120K->326656K(716288K), 0.0030461 secs] [Times: user=0.01 sys=0.00, real=0.00 secs] 
3093.451: [GC (Allocation Failure) [PSYoungGen: 65936K->1568K(66560K)] 391168K->326800K(716288K), 0.0017246 secs] [Times: user=0.00 sys=0.00, real=0.00 secs] 
3093.838: [GC (Allocation Failure) [PSYoungGen: 66051K->1533K(66560K)] 391283K->326765K(716288K), 0.0015922 secs] [Times: user=0.00 sys=0.00, real=0.00 secs] 
3094.223: [GC (Allocation Failure) [PSYoungGen: 66045K->1533K(66560K)] 391277K->326773K(716288K), 0.0016972 secs] [Times: user=0.01 sys=0.00, real=0.00 secs] 
3095.189: [GC (Allocation Failure) [PSYoungGen: 66045K->1456K(66560K)] 391285K->326696K(716288K), 0.0092620 secs] [Times: user=0.04 sys=0.00, real=0.01 secs] 
3096.470: [GC (Allocation Failure) [PSYoungGen: 65968K->1408K(66560K)] 391208K->326648K(716288K), 0.0036153 secs] [Times: user=0.01 sys=0.00, real=0.01 secs] 
3097.371: [GC (Allocation Failure) [PSYoungGen: 65920K->1376K(66560K)] 391160K->326616K(716288K), 0.0028257 secs] [Times: user=0.01 sys=0.00, real=0.00 secs] 
3097.708: [GC (Allocation Failure) [PSYoungGen: 65888K->1408K(66560K)] 391128K->326648K(716288K), 0.0020017 secs] [Times: user=0.01 sys=0.00, real=0.01 secs] 
3097.981: [GC (Allocation Failure) [PSYoungGen: 65920K->1376K(66560K)] 391160K->326616K(716288K), 0.0021204 secs] [Times: user=0.01 sys=0.00, real=0.00 secs] 
3098.429: [GC (Allocation Failure) [PSYoungGen: 65888K->1536K(66560K)] 391128K->326776K(716288K), 0.0015732 secs] [Times: user=0.01 sys=0.00, real=0.01 secs] 
3098.816: [GC (Allocation Failure) [PSYoungGen: 66048K->1568K(66560K)] 391288K->326808K(716288K), 0.0016178 secs] [Times: user=0.00 sys=0.00, real=0.00 secs] 
3099.205: [GC (Allocation Failure) [PSYoungGen: 66074K->1533K(66560K)] 391314K->326781K(716288K), 0.0016845 secs] [Times: user=0.01 sys=0.00, real=0.00 secs] 
3099.703: [GC (Allocation Failure) [PSYoungGen: 66045K->2016K(66560K)] 391293K->327288K(716288K), 0.0020108 secs] [Times: user=0.01 sys=0.00, real=0.00 secs] 
3100.301: [GC (Allocation Failure) [PSYoungGen: 66528K->1376K(66560K)] 391800K->326648K(716288K), 0.0026753 secs] [Times: user=0.01 sys=0.00, real=0.00 secs] 
3100.835: [GC (Allocation Failure) [PSYoungGen: 65888K->1376K(66560K)] 391160K->326648K(716288K), 0.0027267 secs] [Times: user=0.01 sys=0.00, real=0.00 secs] 
3101.106: [GC (Allocation Failure) [PSYoungGen: 65888K->1376K(66560K)] 391160K->326648K(716288K), 0.0019232 secs] [Times: user=0.01 sys=0.00, real=0.00 secs] 
3101.378: [GC (Allocation Failure) [PSYoungGen: 65888K->1408K(66560K)] 391160K->326680K(716288K), 0.0018170 secs] [Times: user=0.01 sys=0.00, real=0.01 secs] 
3101.859: [GC (Allocation Failure) [PSYoungGen: 65920K->1517K(66560K)] 391192K->326789K(716288K), 0.0019090 secs] [Times: user=0.01 sys=0.00, real=0.01 secs] 
3102.304: [GC (Allocation Failure) [PSYoungGen: 66029K->1568K(66560K)] 391301K->326840K(716288K), 0.0016687 secs] [Times: user=0.00 sys=0.00, real=0.00 secs] 
3102.751: [GC (Allocation Failure) [PSYoungGen: 66080K->1565K(66560K)] 391352K->326845K(716288K), 0.0018734 secs] [Times: user=0.01 sys=0.00, real=0.00 secs] 
3103.214: [GC (Allocation Failure) [PSYoungGen: 66072K->288K(66560K)] 391352K->325568K(716288K), 0.0016994 secs] [Times: user=0.01 sys=0.00, real=0.00 secs] 
3103.940: [GC (Allocation Failure) [PSYoungGen: 64800K->1408K(66560K)] 390080K->326688K(716288K), 0.0031026 secs] [Times: user=0.02 sys=0.00, real=0.01 secs] 
3104.507: [GC (Allocation Failure) [PSYoungGen: 65920K->1408K(66560K)] 391200K->326688K(716288K), 0.0026423 secs] [Times: user=0.01 sys=0.00, real=0.00 secs] 
3105.021: [GC (Allocation Failure) [PSYoungGen: 65920K->1344K(66560K)] 391200K->326624K(716288K), 0.0025328 secs] [Times: user=0.01 sys=0.00, real=0.00 secs] 
3105.579: [GC (Allocation Failure) [PSYoungGen: 65856K->1376K(66560K)] 391136K->326656K(716288K), 0.0020259 secs] [Times: user=0.00 sys=0.00, real=0.01 secs] 
3105.952: [GC (Allocation Failure) [PSYoungGen: 65888K->1501K(66560K)] 391168K->326781K(716288K), 0.0015905 secs] [Times: user=0.00 sys=0.00, real=0.00 secs] 
3106.341: [GC (Allocation Failure) [PSYoungGen: 65983K->1565K(66560K)] 391264K->326845K(716288K), 0.0017428 secs] [Times: user=0.00 sys=0.00, real=0.00 secs] 
3106.727: [GC (Allocation Failure) [PSYoungGen: 66077K->1536K(66560K)] 391357K->326824K(716288K), 0.0017187 secs] [Times: user=0.00 sys=0.00, real=0.00 secs] 
3107.114: [GC (Allocation Failure) [PSYoungGen: 66048K->1536K(66560K)] 391336K->326824K(716288K), 0.0016340 secs] [Times: user=0.00 sys=0.00, real=0.00 secs] 
3107.753: [GC (Allocation Failure) [PSYoungGen: 66048K->1392K(66560K)] 391336K->326704K(716288K), 0.0019229 secs] [Times: user=0.01 sys=0.00, real=0.00 secs] 
3108.344: [GC (Allocation Failure) [PSYoungGen: 65904K->1376K(66560K)] 391216K->326688K(716288K), 0.0034446 secs] [Times: user=0.01 sys=0.00, real=0.00 secs] 
3108.938: [GC (Allocation Failure) [PSYoungGen: 65888K->1376K(66560K)] 391200K->326688K(716288K), 0.0021594 secs] [Times: user=0.00 sys=0.00, real=0.01 secs] 
3109.348: [GC (Allocation Failure) [PSYoungGen: 65888K->1440K(66560K)] 391200K->326752K(716288K), 0.0020650 secs] [Times: user=0.01 sys=0.00, real=0.01 secs] 
3109.720: [GC (Allocation Failure) [PSYoungGen: 65952K->1549K(66560K)] 391264K->326861K(716288K), 0.0016213 secs] [Times: user=0.01 sys=0.00, real=0.00 secs] 
3110.108: [GC (Allocation Failure) [PSYoungGen: 66061K->1517K(66560K)] 391373K->326829K(716288K), 0.0015431 secs] [Times: user=0.01 sys=0.00, real=0.00 secs] 
3110.493: [GC (Allocation Failure) [PSYoungGen: 66029K->1597K(66560K)] 391341K->326917K(716288K), 0.0015840 secs] [Times: user=0.00 sys=0.00, real=0.00 secs] 
3110.880: [GC (Allocation Failure) [PSYoungGen: 66096K->1533K(66560K)] 391417K->326861K(716288K), 0.0016237 secs] [Times: user=0.00 sys=0.00, real=0.00 secs] 
3111.517: [GC (Allocation Failure) [PSYoungGen: 66045K->1392K(66560K)] 391373K->326720K(716288K), 0.0020497 secs] [Times: user=0.01 sys=0.00, real=0.00 secs] 
3112.068: [GC (Allocation Failure) [PSYoungGen: 65904K->1408K(66560K)] 391232K->326736K(716288K), 0.0020304 secs] [Times: user=0.01 sys=0.00, real=0.01 secs] 
3112.650: [GC (Allocation Failure) [PSYoungGen: 65920K->1360K(66560K)] 391248K->326688K(716288K), 0.0022467 secs] [Times: user=0.01 sys=0.00, real=0.00 secs] 
3113.129: [GC (Allocation Failure) [PSYoungGen: 65872K->1376K(66560K)] 391200K->326704K(716288K), 0.0023693 secs] [Times: user=0.01 sys=0.01, real=0.01 secs] 
3113.697: [GC (Allocation Failure) [PSYoungGen: 65888K->1488K(66560K)] 391216K->326816K(716288K), 0.0015679 secs] [Times: user=0.01 sys=0.00, real=0.00 secs] 
3114.086: [GC (Allocation Failure) [PSYoungGen: 66000K->1536K(66560K)] 391328K->326864K(716288K), 0.0015785 secs] [Times: user=0.01 sys=0.00, real=0.00 secs] 
3114.474: [GC (Allocation Failure) [PSYoungGen: 66048K->1501K(66560K)] 391376K->326829K(716288K), 0.0015881 secs] [Times: user=0.00 sys=0.00, real=0.00 secs] 
3114.863: [GC (Allocation Failure) [PSYoungGen: 66013K->1565K(66560K)] 391341K->326901K(716288K), 0.0017141 secs] [Times: user=0.01 sys=0.00, real=0.00 secs] 
3115.384: [GC (Allocation Failure) [PSYoungGen: 66077K->1456K(66560K)] 391413K->326792K(716288K), 0.0021220 secs] [Times: user=0.01 sys=0.00, real=0.00 secs] 
3115.896: [GC (Allocation Failure) [PSYoungGen: 65968K->1360K(66560K)] 391304K->326696K(716288K), 0.0018639 secs] [Times: user=0.01 sys=0.00, real=0.00 secs] 
3116.479: [GC (Allocation Failure) [PSYoungGen: 65872K->1376K(66560K)] 391208K->326712K(716288K), 0.0022326 secs] [Times: user=0.01 sys=0.00, real=0.01 secs] 
3117.064: [GC (Allocation Failure) [PSYoungGen: 65888K->1376K(66560K)] 391224K->326712K(716288K), 0.0022268 secs] [Times: user=0.00 sys=0.00, real=0.00 secs] 
3117.754: [GC (Allocation Failure) [PSYoungGen: 65881K->1488K(66560K)] 391217K->326824K(716288K), 0.0018156 secs] [Times: user=0.01 sys=0.00, real=0.00 secs] 
3118.144: [GC (Allocation Failure) [PSYoungGen: 66000K->1533K(66560K)] 391336K->326869K(716288K), 0.0016498 secs] [Times: user=0.01 sys=0.00, real=0.00 secs] 
3118.530: [GC (Allocation Failure) [PSYoungGen: 66045K->1568K(66560K)] 391381K->326936K(716288K), 0.0016678 secs] [Times: user=0.01 sys=0.00, real=0.00 secs] 
3118.978: [GC (Allocation Failure) [PSYoungGen: 66080K->1552K(66560K)] 391448K->326928K(716288K), 0.0017182 secs] [Times: user=0.01 sys=0.00, real=0.00 secs] 
3119.407: [GC (Allocation Failure) [PSYoungGen: 66064K->1424K(66560K)] 391440K->326800K(716288K), 0.0022622 secs] [Times: user=0.01 sys=0.00, real=0.00 secs] 
3119.676: [GC (Allocation Failure) [PSYoungGen: 65936K->1344K(66560K)] 391312K->326720K(716288K), 0.0020523 secs] [Times: user=0.01 sys=0.00, real=0.00 secs] 
3119.945: [GC (Allocation Failure) [PSYoungGen: 65856K->1376K(66560K)] 391232K->326752K(716288K), 0.0019693 secs] [Times: user=0.00 sys=0.00, real=0.00 secs] 
3120.380: [GC (Allocation Failure) [PSYoungGen: 65888K->1376K(66560K)] 391264K->326752K(716288K), 0.0017956 secs] [Times: user=0.01 sys=0.00, real=0.01 secs] 
3120.885: [GC (Allocation Failure) [PSYoungGen: 65888K->1488K(66560K)] 391264K->326864K(716288K), 0.0019230 secs] [Times: user=0.00 sys=0.00, real=0.00 secs] 
3121.282: [GC (Allocation Failure) [PSYoungGen: 66000K->1568K(66560K)] 391376K->326944K(716288K), 0.0015567 secs] [Times: user=0.01 sys=0.00, real=0.00 secs] 
3121.669: [GC (Allocation Failure) [PSYoungGen: 66076K->1536K(66560K)] 391452K->326912K(716288K), 0.0017930 secs] [Times: user=0.01 sys=0.00, real=0.01 secs] 
3122.055: [GC (Allocation Failure) [PSYoungGen: 66048K->1600K(66560K)] 391424K->326992K(716288K), 0.0015527 secs] [Times: user=0.00 sys=0.00, real=0.00 secs] 
3122.562: [GC (Allocation Failure) [PSYoungGen: 66112K->1488K(66560K)] 391504K->326880K(716288K), 0.0017985 secs] [Times: user=0.01 sys=0.00, real=0.00 secs] 
3123.251: [GC (Allocation Failure) [PSYoungGen: 66000K->1360K(66560K)] 391392K->326752K(716288K), 0.0030065 secs] [Times: user=0.01 sys=0.00, real=0.00 secs] 
3123.909: [GC (Allocation Failure) [PSYoungGen: 65872K->1376K(66560K)] 391264K->326768K(716288K), 0.0027231 secs] [Times: user=0.01 sys=0.00, real=0.01 secs] 
3124.448: [GC (Allocation Failure) [PSYoungGen: 65888K->1376K(66560K)] 391280K->326768K(716288K), 0.0026787 secs] [Times: user=0.02 sys=0.00, real=0.01 secs] 
3125.171: [GC (Allocation Failure) [PSYoungGen: 65888K->1376K(66560K)] 391280K->326768K(716288K), 0.0031760 secs] [Times: user=0.01 sys=0.00, real=0.00 secs] 
3125.736: [GC (Allocation Failure) [PSYoungGen: 65856K->1565K(66560K)] 391249K->326957K(716288K), 0.0015736 secs] [Times: user=0.01 sys=0.00, real=0.00 secs] 
3126.131: [GC (Allocation Failure) [PSYoungGen: 66077K->1600K(66560K)] 391469K->326992K(716288K), 0.0016178 secs] [Times: user=0.00 sys=0.00, real=0.00 secs] 
3126.517: [GC (Allocation Failure) [PSYoungGen: 66112K->1536K(66560K)] 391504K->326936K(716288K), 0.0016158 secs] [Times: user=0.01 sys=0.00, real=0.00 secs] 
3127.124: [GC (Allocation Failure) [PSYoungGen: 66048K->2016K(66560K)] 391448K->327416K(716288K), 0.0027519 secs] [Times: user=0.01 sys=0.00, real=0.00 secs] 
3127.913: [GC (Allocation Failure) [PSYoungGen: 66528K->1408K(66560K)] 391928K->326808K(716288K), 0.0027001 secs] [Times: user=0.01 sys=0.00, real=0.00 secs] 
3128.603: [GC (Allocation Failure) [PSYoungGen: 65920K->1376K(66560K)] 391320K->326776K(716288K), 0.0026423 secs] [Times: user=0.01 sys=0.00, real=0.00 secs] 
3129.194: [GC (Allocation Failure) [PSYoungGen: 65888K->1344K(66560K)] 391288K->326760K(716288K), 0.0025705 secs] [Times: user=0.01 sys=0.00, real=0.00 secs] 
3129.958: [GC (Allocation Failure) [PSYoungGen: 65856K->1312K(66560K)] 391272K->326728K(716288K), 0.0025126 secs] [Times: user=0.01 sys=0.00, real=0.01 secs] 
3130.596: [GC (Allocation Failure) [PSYoungGen: 65824K->1472K(66560K)] 391240K->326888K(716288K), 0.0015864 secs] [Times: user=0.00 sys=0.00, real=0.00 secs] 
3131.044: [GC (Allocation Failure) [PSYoungGen: 65958K->1533K(66560K)] 391374K->326957K(716288K), 0.0016492 secs] [Times: user=0.01 sys=0.00, real=0.00 secs] 
3131.429: [GC (Allocation Failure) [PSYoungGen: 66045K->1565K(66560K)] 391469K->326997K(716288K), 0.0018317 secs] [Times: user=0.00 sys=0.00, real=0.01 secs] 
3131.817: [GC (Allocation Failure) [PSYoungGen: 66063K->1552K(66560K)] 391495K->326984K(716288K), 0.0017986 secs] [Times: user=0.01 sys=0.00, real=0.00 secs] 
3132.768: [GC (Allocation Failure) [PSYoungGen: 66064K->1440K(66560K)] 391496K->326872K(716288K), 0.0036171 secs] [Times: user=0.01 sys=0.00, real=0.01 secs] 
3133.218: [GC (Allocation Failure) [PSYoungGen: 65952K->1408K(66560K)] 391384K->326840K(716288K), 0.0025969 secs] [Times: user=0.01 sys=0.00, real=0.01 secs] 
3133.679: [GC (Allocation Failure) [PSYoungGen: 65920K->1376K(66560K)] 391352K->326816K(716288K), 0.0023171 secs] [Times: user=0.01 sys=0.00, real=0.01 secs] 
3134.146: [GC (Allocation Failure) [PSYoungGen: 65888K->1376K(66560K)] 391328K->326816K(716288K), 0.0021875 secs] [Times: user=0.01 sys=0.00, real=0.00 secs] 
3134.659: [GC (Allocation Failure) [PSYoungGen: 65869K->1453K(66560K)] 391309K->326893K(716288K), 0.0015862 secs] [Times: user=0.01 sys=0.00, real=0.01 secs] 
3135.047: [GC (Allocation Failure) [PSYoungGen: 65965K->1565K(66560K)] 391405K->327005K(716288K), 0.0017367 secs] [Times: user=0.00 sys=0.00, real=0.00 secs] 
3135.433: [GC (Allocation Failure) [PSYoungGen: 66077K->1533K(66560K)] 391517K->326981K(716288K), 0.0017398 secs] [Times: user=0.01 sys=0.00, real=0.00 secs] 
3135.818: [GC (Allocation Failure) [PSYoungGen: 66044K->1533K(66560K)] 391492K->326981K(716288K), 0.0016119 secs] [Times: user=0.00 sys=0.00, real=0.00 secs] 
3136.166: [GC (Allocation Failure) [PSYoungGen: 66045K->1424K(66560K)] 391493K->326872K(716288K), 0.0019482 secs] [Times: user=0.01 sys=0.00, real=0.00 secs] 
3136.442: [GC (Allocation Failure) [PSYoungGen: 65936K->1344K(66560K)] 391384K->326792K(716288K), 0.0028325 secs] [Times: user=0.01 sys=0.00, real=0.00 secs] 
3136.849: [GC (Allocation Failure) [PSYoungGen: 65856K->1344K(66560K)] 391304K->326792K(716288K), 0.0020503 secs] [Times: user=0.01 sys=0.00, real=0.01 secs] 
3137.430: [GC (Allocation Failure) [PSYoungGen: 65856K->1376K(66560K)] 391304K->326824K(716288K), 0.0047867 secs] [Times: user=0.02 sys=0.00, real=0.01 secs] 
3138.073: [GC (Allocation Failure) [PSYoungGen: 65888K->1485K(66560K)] 391336K->326949K(716288K), 0.0017051 secs] [Times: user=0.00 sys=0.00, real=0.00 secs] 
3138.458: [GC (Allocation Failure) [PSYoungGen: 65997K->1533K(66560K)] 391461K->326997K(716288K), 0.0017276 secs] [Times: user=0.01 sys=0.00, real=0.00 secs] 
3138.844: [GC (Allocation Failure) [PSYoungGen: 66045K->1549K(66560K)] 391509K->327013K(716288K), 0.0016595 secs] [Times: user=0.01 sys=0.00, real=0.00 secs] 
3139.230: [GC (Allocation Failure) [PSYoungGen: 66061K->1568K(66560K)] 391525K->327040K(716288K), 0.0017042 secs] [Times: user=0.00 sys=0.00, real=0.00 secs] 
3139.559: [GC (Allocation Failure) [PSYoungGen: 66080K->1392K(66560K)] 391552K->326864K(716288K), 0.0026576 secs] [Times: user=0.01 sys=0.00, real=0.01 secs] 
3139.828: [GC (Allocation Failure) [PSYoungGen: 65904K->1376K(66560K)] 391376K->326848K(716288K), 0.0020548 secs] [Times: user=0.01 sys=0.00, real=0.01 secs] 
3140.097: [GC (Allocation Failure) [PSYoungGen: 65888K->1408K(66560K)] 391360K->326880K(716288K), 0.0020179 secs] [Times: user=0.01 sys=0.00, real=0.00 secs] 
3140.366: [GC (Allocation Failure) [PSYoungGen: 65920K->1376K(66560K)] 391392K->326848K(716288K), 0.0018271 secs] [Times: user=0.01 sys=0.00, real=0.00 secs] 
3140.950: [GC (Allocation Failure) [PSYoungGen: 65859K->1501K(66560K)] 391331K->326973K(716288K), 0.0014933 secs] [Times: user=0.01 sys=0.00, real=0.01 secs] 
3141.335: [GC (Allocation Failure) [PSYoungGen: 66013K->1568K(66560K)] 391485K->327040K(716288K), 0.0015889 secs] [Times: user=0.00 sys=0.00, real=0.00 secs] 
3141.722: [GC (Allocation Failure) [PSYoungGen: 66080K->1536K(66560K)] 391552K->327008K(716288K), 0.0016385 secs] [Times: user=0.00 sys=0.00, real=0.00 secs] 
3142.167: [GC (Allocation Failure) [PSYoungGen: 66045K->1533K(66560K)] 391518K->327021K(716288K), 0.0016408 secs] [Times: user=0.01 sys=0.00, real=0.00 secs] 
3142.659: [GC (Allocation Failure) [PSYoungGen: 66045K->1488K(66560K)] 391533K->326976K(716288K), 0.0024930 secs] [Times: user=0.01 sys=0.00, real=0.01 secs] 
3143.232: [GC (Allocation Failure) [PSYoungGen: 66000K->1376K(66560K)] 391488K->326864K(716288K), 0.0022365 secs] [Times: user=0.01 sys=0.00, real=0.00 secs] 
3143.542: [GC (Allocation Failure) [PSYoungGen: 65888K->1408K(66560K)] 391376K->326896K(716288K), 0.0020603 secs] [Times: user=0.00 sys=0.00, real=0.00 secs] 
3143.810: [GC (Allocation Failure) [PSYoungGen: 65920K->1376K(66560K)] 391408K->326864K(716288K), 0.0019594 secs] [Times: user=0.01 sys=0.00, real=0.00 secs] 
3144.130: [GC (Allocation Failure) [PSYoungGen: 65858K->1504K(66560K)] 391346K->326992K(716288K), 0.0014820 secs] [Times: user=0.01 sys=0.00, real=0.01 secs] 
3144.514: [GC (Allocation Failure) [PSYoungGen: 66016K->1536K(66560K)] 391504K->327024K(716288K), 0.0016265 secs] [Times: user=0.00 sys=0.01, real=0.00 secs] 
3144.901: [GC (Allocation Failure) [PSYoungGen: 66048K->1533K(66560K)] 391536K->327021K(716288K), 0.0017040 secs] [Times: user=0.01 sys=0.00, real=0.00 secs] 
3145.347: [GC (Allocation Failure) [PSYoungGen: 66041K->1565K(66560K)] 391529K->327061K(716288K), 0.0018188 secs] [Times: user=0.00 sys=0.00, real=0.00 secs] 
3145.790: [GC (Allocation Failure) [PSYoungGen: 66077K->1456K(66560K)] 391573K->326952K(716288K), 0.0022394 secs] [Times: user=0.01 sys=0.00, real=0.00 secs] 
3146.059: [GC (Allocation Failure) [PSYoungGen: 65968K->1408K(66560K)] 391464K->326904K(716288K), 0.0019504 secs] [Times: user=0.00 sys=0.00, real=0.01 secs] 
3146.328: [GC (Allocation Failure) [PSYoungGen: 65920K->1344K(66560K)] 391416K->326840K(716288K), 0.0016517 secs] [Times: user=0.01 sys=0.00, real=0.00 secs] 
3146.596: [GC (Allocation Failure) [PSYoungGen: 65856K->1376K(66560K)] 391352K->326888K(716288K), 0.0018848 secs] [Times: user=0.01 sys=0.00, real=0.00 secs] 
3146.898: [GC (Allocation Failure) [PSYoungGen: 65888K->1485K(66560K)] 391400K->326997K(716288K), 0.0014468 secs] [Times: user=0.01 sys=0.00, real=0.00 secs] 
3147.288: [GC (Allocation Failure) [PSYoungGen: 65985K->1565K(66560K)] 391497K->327077K(716288K), 0.0016216 secs] [Times: user=0.00 sys=0.00, real=0.00 secs] 
3147.674: [GC (Allocation Failure) [PSYoungGen: 66077K->1581K(66560K)] 391589K->327093K(716288K), 0.0016783 secs] [Times: user=0.01 sys=0.00, real=0.00 secs] 
3148.061: [GC (Allocation Failure) [PSYoungGen: 66093K->1584K(66560K)] 391605K->327104K(716288K), 0.0017070 secs] [Times: user=0.00 sys=0.00, real=0.00 secs] 
3148.525: [GC (Allocation Failure) [PSYoungGen: 66096K->1488K(66560K)] 391616K->327008K(716288K), 0.0018629 secs] [Times: user=0.01 sys=0.00, real=0.00 secs] 
3149.132: [GC (Allocation Failure) [PSYoungGen: 66000K->1344K(66560K)] 391520K->326864K(716288K), 0.0019349 secs] [Times: user=0.01 sys=0.00, real=0.00 secs] 
3150.067: [GC (Allocation Failure) [PSYoungGen: 65856K->1344K(66560K)] 391376K->326864K(716288K), 0.0032263 secs] [Times: user=0.02 sys=0.00, real=0.01 secs] 
3151.058: [GC (Allocation Failure) [PSYoungGen: 65856K->1440K(66560K)] 391376K->326960K(716288K), 0.0031258 secs] [Times: user=0.01 sys=0.00, real=0.01 secs] 
3151.911: [GC (Allocation Failure) [PSYoungGen: 65952K->1376K(66560K)] 391472K->326896K(716288K), 0.0030681 secs] [Times: user=0.01 sys=0.00, real=0.00 secs] 
3152.464: [GC (Allocation Failure) [PSYoungGen: 65870K->1565K(66560K)] 391390K->327085K(716288K), 0.0017119 secs] [Times: user=0.01 sys=0.00, real=0.00 secs] 
3152.909: [GC (Allocation Failure) [PSYoungGen: 66077K->1536K(66560K)] 391597K->327056K(716288K), 0.0016912 secs] [Times: user=0.01 sys=0.00, real=0.01 secs] 
3153.296: [GC (Allocation Failure) [PSYoungGen: 66048K->1568K(66560K)] 391568K->327096K(716288K), 0.0017488 secs] [Times: user=0.01 sys=0.00, real=0.00 secs] 
3153.663: [GC (Allocation Failure) [PSYoungGen: 66080K->2016K(66560K)] 391608K->328064K(716288K), 0.0017950 secs] [Times: user=0.00 sys=0.00, real=0.00 secs] 
3154.069: [GC (Allocation Failure) [PSYoungGen: 66528K->1344K(67072K)] 392576K->327392K(716800K), 0.0023247 secs] [Times: user=0.01 sys=0.00, real=0.01 secs] 
3154.633: [GC (Allocation Failure) [PSYoungGen: 65856K->1344K(67072K)] 391904K->327392K(716800K), 0.0038021 secs] [Times: user=0.01 sys=0.00, real=0.00 secs] 
3155.167: [GC (Allocation Failure) [PSYoungGen: 65856K->1344K(66048K)] 391904K->327392K(715776K), 0.0025228 secs] [Times: user=0.01 sys=0.01, real=0.00 secs] 
3155.718: [GC (Allocation Failure) [PSYoungGen: 65856K->1376K(66560K)] 391904K->327424K(716288K), 0.0024992 secs] [Times: user=0.01 sys=0.00, real=0.01 secs] 
3156.224: [GC (Allocation Failure) [PSYoungGen: 65861K->1520K(66560K)] 391909K->327568K(716288K), 0.0015775 secs] [Times: user=0.01 sys=0.00, real=0.00 secs] 
3156.677: [GC (Allocation Failure) [PSYoungGen: 66032K->1568K(66560K)] 392080K->327616K(716288K), 0.0016267 secs] [Times: user=0.00 sys=0.00, real=0.00 secs] 
3157.065: [GC (Allocation Failure) [PSYoungGen: 66080K->1533K(66560K)] 392128K->327597K(716288K), 0.0017562 secs] [Times: user=0.00 sys=0.00, real=0.00 secs] 
3157.451: [GC (Allocation Failure) [PSYoungGen: 66045K->1565K(66560K)] 392109K->327629K(716288K), 0.0016624 secs] [Times: user=0.01 sys=0.00, real=0.00 secs] 
3157.760: [GC (Allocation Failure) [PSYoungGen: 66077K->1376K(66560K)] 392141K->327440K(716288K), 0.0024295 secs] [Times: user=0.01 sys=0.00, real=0.01 secs] 
3158.247: [GC (Allocation Failure) [PSYoungGen: 65888K->1376K(66560K)] 391952K->327456K(716288K), 0.0019075 secs] [Times: user=0.01 sys=0.00, real=0.00 secs] 
3158.782: [GC (Allocation Failure) [PSYoungGen: 65888K->1376K(66560K)] 391968K->327456K(716288K), 0.0033290 secs] [Times: user=0.01 sys=0.00, real=0.00 secs] 
3159.319: [GC (Allocation Failure) [PSYoungGen: 65888K->1376K(66560K)] 391968K->327456K(716288K), 0.0027749 secs] [Times: user=0.01 sys=0.01, real=0.01 secs] 
3159.850: [GC (Allocation Failure) [PSYoungGen: 65888K->1501K(66560K)] 391968K->327581K(716288K), 0.0015810 secs] [Times: user=0.01 sys=0.00, real=0.01 secs] 
3160.300: [GC (Allocation Failure) [PSYoungGen: 66013K->1552K(66560K)] 392093K->327632K(716288K), 0.0017420 secs] [Times: user=0.01 sys=0.00, real=0.01 secs] 
3160.748: [GC (Allocation Failure) [PSYoungGen: 66064K->1565K(66560K)] 392144K->327653K(716288K), 0.0016711 secs] [Times: user=0.01 sys=0.00, real=0.00 secs] 
3161.134: [GC (Allocation Failure) [PSYoungGen: 66077K->1536K(66560K)] 392165K->327624K(716288K), 0.0016440 secs] [Times: user=0.01 sys=0.00, real=0.00 secs] 
3161.470: [GC (Allocation Failure) [PSYoungGen: 66048K->1440K(66560K)] 392136K->327528K(716288K), 0.0026456 secs] [Times: user=0.01 sys=0.00, real=0.01 secs] 
3161.834: [GC (Allocation Failure) [PSYoungGen: 65952K->1344K(66560K)] 392040K->327432K(716288K), 0.0021653 secs] [Times: user=0.00 sys=0.00, real=0.00 secs] 
3162.319: [GC (Allocation Failure) [PSYoungGen: 65856K->1344K(66560K)] 391944K->327432K(716288K), 0.0019252 secs] [Times: user=0.00 sys=0.00, real=0.01 secs] 
3162.810: [GC (Allocation Failure) [PSYoungGen: 65856K->1376K(66560K)] 391944K->327464K(716288K), 0.0032015 secs] [Times: user=0.02 sys=0.00, real=0.00 secs] 
3163.411: [GC (Allocation Failure) [PSYoungGen: 65877K->1485K(66560K)] 391965K->327573K(716288K), 0.0016512 secs] [Times: user=0.01 sys=0.00, real=0.00 secs] 
3163.798: [GC (Allocation Failure) [PSYoungGen: 65997K->1504K(66560K)] 392085K->327592K(716288K), 0.0016269 secs] [Times: user=0.01 sys=0.00, real=0.00 secs] 
3164.185: [GC (Allocation Failure) [PSYoungGen: 66016K->1565K(66560K)] 392104K->327653K(716288K), 0.0015852 secs] [Times: user=0.01 sys=0.00, real=0.00 secs] 
3164.572: [GC (Allocation Failure) [PSYoungGen: 66077K->1536K(66560K)] 392165K->327632K(716288K), 0.0016425 secs] [Times: user=0.01 sys=0.00, real=0.00 secs] 
3164.974: [GC (Allocation Failure) [PSYoungGen: 66048K->1424K(66560K)] 392144K->327520K(716288K), 0.0017191 secs] [Times: user=0.00 sys=0.00, real=0.00 secs] 
3165.243: [GC (Allocation Failure) [PSYoungGen: 65936K->1408K(66560K)] 392032K->327504K(716288K), 0.0016435 secs] [Times: user=0.01 sys=0.00, real=0.00 secs] 
3165.510: [GC (Allocation Failure) [PSYoungGen: 65920K->1376K(66560K)] 392016K->327472K(716288K), 0.0018031 secs] [Times: user=0.01 sys=0.00, real=0.00 secs] 
3165.793: [GC (Allocation Failure) [PSYoungGen: 65888K->1408K(66560K)] 391984K->327504K(716288K), 0.0023086 secs] [Times: user=0.01 sys=0.00, real=0.00 secs] 
3166.140: [GC (Allocation Failure) [PSYoungGen: 65920K->1517K(66560K)] 392016K->327613K(716288K), 0.0015312 secs] [Times: user=0.01 sys=0.00, real=0.01 secs] 
3166.528: [GC (Allocation Failure) [PSYoungGen: 66029K->1533K(66560K)] 392125K->327629K(716288K), 0.0016083 secs] [Times: user=0.01 sys=0.00, real=0.00 secs] 
3166.921: [GC (Allocation Failure) [PSYoungGen: 66045K->1536K(66560K)] 392141K->327648K(716288K), 0.0015842 secs] [Times: user=0.01 sys=0.00, real=0.00 secs] 
3167.309: [GC (Allocation Failure) [PSYoungGen: 66048K->1565K(66560K)] 392160K->327685K(716288K), 0.0016400 secs] [Times: user=0.01 sys=0.00, real=0.01 secs] 
3167.885: [GC (Allocation Failure) [PSYoungGen: 66077K->1488K(66560K)] 392197K->327608K(716288K), 0.0019927 secs] [Times: user=0.01 sys=0.00, real=0.00 secs] 
3168.540: [GC (Allocation Failure) [PSYoungGen: 66000K->1344K(66560K)] 392120K->327464K(716288K), 0.0023652 secs] [Times: user=0.01 sys=0.00, real=0.01 secs] 
3169.108: [GC (Allocation Failure) [PSYoungGen: 65856K->1376K(66560K)] 391976K->327496K(716288K), 0.0021755 secs] [Times: user=0.01 sys=0.00, real=0.01 secs] 
3169.414: [GC (Allocation Failure) [PSYoungGen: 65888K->1376K(66560K)] 392008K->327496K(716288K), 0.0019835 secs] [Times: user=0.01 sys=0.00, real=0.00 secs] 
3169.808: [GC (Allocation Failure) [PSYoungGen: 65888K->1485K(66560K)] 392008K->327605K(716288K), 0.0014213 secs] [Times: user=0.00 sys=0.00, real=0.00 secs] 
3170.201: [GC (Allocation Failure) [PSYoungGen: 65996K->1613K(66560K)] 392116K->327733K(716288K), 0.0016475 secs] [Times: user=0.00 sys=0.00, real=0.00 secs] 
3170.589: [GC (Allocation Failure) [PSYoungGen: 66125K->1517K(66560K)] 392245K->327637K(716288K), 0.0017646 secs] [Times: user=0.01 sys=0.00, real=0.01 secs] 
3170.976: [GC (Allocation Failure) [PSYoungGen: 66029K->1597K(66560K)] 392149K->327725K(716288K), 0.0016009 secs] [Times: user=0.01 sys=0.00, real=0.00 secs] 
3171.724: [GC (Allocation Failure) [PSYoungGen: 66109K->1488K(66560K)] 392237K->327616K(716288K), 0.0036841 secs] [Times: user=0.02 sys=0.00, real=0.00 secs] 
3172.554: [GC (Allocation Failure) [PSYoungGen: 66000K->1392K(66560K)] 392128K->327520K(716288K), 0.0025735 secs] [Times: user=0.01 sys=0.00, real=0.00 secs] 
3172.818: [GC (Allocation Failure) [PSYoungGen: 65904K->1408K(66560K)] 392032K->327536K(716288K), 0.0020640 secs] [Times: user=0.00 sys=0.00, real=0.00 secs] 
3173.086: [GC (Allocation Failure) [PSYoungGen: 65920K->1440K(66560K)] 392048K->327568K(716288K), 0.0019732 secs] [Times: user=0.01 sys=0.00, real=0.00 secs] 
3173.388: [GC (Allocation Failure) [PSYoungGen: 65944K->1520K(66560K)] 392072K->327648K(716288K), 0.0020466 secs] [Times: user=0.01 sys=0.00, real=0.00 secs] 
3173.779: [GC (Allocation Failure) [PSYoungGen: 66032K->1568K(66560K)] 392160K->327696K(716288K), 0.0016952 secs] [Times: user=0.01 sys=0.00, real=0.01 secs] 
3174.236: [GC (Allocation Failure) [PSYoungGen: 66080K->1568K(66560K)] 392208K->327696K(716288K), 0.0016254 secs] [Times: user=0.01 sys=0.00, real=0.00 secs] 
3174.626: [GC (Allocation Failure) [PSYoungGen: 66080K->1533K(66560K)] 392208K->327669K(716288K), 0.0016957 secs] [Times: user=0.01 sys=0.00, real=0.00 secs] 
3175.539: [GC (Allocation Failure) [PSYoungGen: 66045K->1472K(66560K)] 392181K->327608K(716288K), 0.0037100 secs] [Times: user=0.01 sys=0.00, real=0.01 secs] 
3176.152: [GC (Allocation Failure) [PSYoungGen: 65984K->1440K(66560K)] 392120K->327576K(716288K), 0.0030765 secs] [Times: user=0.01 sys=0.00, real=0.00 secs] 
3176.444: [GC (Allocation Failure) [PSYoungGen: 65952K->1376K(66560K)] 392088K->327512K(716288K), 0.0020203 secs] [Times: user=0.01 sys=0.00, real=0.00 secs] 
3176.713: [GC (Allocation Failure) [PSYoungGen: 65888K->1440K(66560K)] 392024K->327576K(716288K), 0.0020776 secs] [Times: user=0.01 sys=0.00, real=0.00 secs] 
3176.981: [GC (Allocation Failure) [PSYoungGen: 65952K->1440K(66560K)] 392088K->327576K(716288K), 0.0019616 secs] [Times: user=0.01 sys=0.00, real=0.00 secs] 
3177.392: [GC (Allocation Failure) [PSYoungGen: 65940K->1565K(66560K)] 392076K->327701K(716288K), 0.0016507 secs] [Times: user=0.01 sys=0.00, real=0.00 secs] 
3177.779: [GC (Allocation Failure) [PSYoungGen: 66077K->1520K(66560K)] 392213K->327688K(716288K), 0.0016825 secs] [Times: user=0.01 sys=0.00, real=0.01 secs] 
3178.166: [GC (Allocation Failure) [PSYoungGen: 66032K->1565K(66560K)] 392200K->327749K(716288K), 0.0015850 secs] [Times: user=0.00 sys=0.00, real=0.00 secs] 
3178.678: [GC (Allocation Failure) [PSYoungGen: 66077K->2016K(66560K)] 392261K->328200K(716288K), 0.0019909 secs] [Times: user=0.01 sys=0.00, real=0.01 secs] 
3180.099: [GC (Allocation Failure) [PSYoungGen: 66528K->1376K(66560K)] 392712K->327560K(716288K), 0.0023635 secs] [Times: user=0.01 sys=0.00, real=0.01 secs] 
3180.968: [GC (Allocation Failure) [PSYoungGen: 65888K->1328K(66560K)] 392072K->327512K(716288K), 0.0025855 secs] [Times: user=0.02 sys=0.00, real=0.01 secs] 
3181.325: [GC (Allocation Failure) [PSYoungGen: 65840K->1408K(66560K)] 392024K->327592K(716288K), 0.0020054 secs] [Times: user=0.00 sys=0.00, real=0.00 secs] 
3181.622: [GC (Allocation Failure) [PSYoungGen: 65920K->1376K(66560K)] 392104K->327560K(716288K), 0.0020609 secs] [Times: user=0.00 sys=0.00, real=0.00 secs] 
3182.012: [GC (Allocation Failure) [PSYoungGen: 65865K->1533K(66560K)] 392049K->327717K(716288K), 0.0017559 secs] [Times: user=0.01 sys=0.00, real=0.00 secs] 
3182.397: [GC (Allocation Failure) [PSYoungGen: 66045K->1536K(66560K)] 392229K->327720K(716288K), 0.0016365 secs] [Times: user=0.00 sys=0.00, real=0.00 secs] 
3182.784: [GC (Allocation Failure) [PSYoungGen: 66017K->1584K(66560K)] 392201K->327776K(716288K), 0.0016223 secs] [Times: user=0.00 sys=0.00, real=0.00 secs] 
3183.239: [GC (Allocation Failure) [PSYoungGen: 66096K->1565K(66560K)] 392288K->327757K(716288K), 0.0016748 secs] [Times: user=0.01 sys=0.00, real=0.01 secs] 
3184.033: [GC (Allocation Failure) [PSYoungGen: 66077K->1392K(66560K)] 392269K->327584K(716288K), 0.0028766 secs] [Times: user=0.01 sys=0.00, real=0.00 secs] 
3185.074: [GC (Allocation Failure) [PSYoungGen: 65904K->1376K(66560K)] 392096K->327568K(716288K), 0.0040005 secs] [Times: user=0.02 sys=0.00, real=0.00 secs] 
3185.822: [GC (Allocation Failure) [PSYoungGen: 65888K->1408K(66560K)] 392080K->327600K(716288K), 0.0032960 secs] [Times: user=0.01 sys=0.00, real=0.00 secs] 
3186.248: [GC (Allocation Failure) [PSYoungGen: 65920K->1376K(66560K)] 392112K->327568K(716288K), 0.0019663 secs] [Times: user=0.01 sys=0.00, real=0.00 secs] 
3186.630: [GC (Allocation Failure) [PSYoungGen: 65888K->1485K(66560K)] 392080K->327677K(716288K), 0.0015927 secs] [Times: user=0.01 sys=0.00, real=0.01 secs] 
3187.078: [GC (Allocation Failure) [PSYoungGen: 65997K->1536K(66560K)] 392189K->327728K(716288K), 0.0018719 secs] [Times: user=0.01 sys=0.00, real=0.00 secs] 
3187.475: [GC (Allocation Failure) [PSYoungGen: 66025K->1533K(66560K)] 392217K->327733K(716288K), 0.0017537 secs] [Times: user=0.01 sys=0.00, real=0.00 secs] 
3187.934: [GC (Allocation Failure) [PSYoungGen: 66045K->1501K(66560K)] 392245K->327701K(716288K), 0.0016457 secs] [Times: user=0.01 sys=0.00, real=0.00 secs] 
3188.973: [GC (Allocation Failure) [PSYoungGen: 66013K->1424K(66560K)] 392213K->327648K(716288K), 0.0046853 secs] [Times: user=0.02 sys=0.00, real=0.00 secs] 
3189.839: [GC (Allocation Failure) [PSYoungGen: 65936K->1376K(66560K)] 392160K->327600K(716288K), 0.0030475 secs] [Times: user=0.01 sys=0.00, real=0.01 secs] 
3190.474: [GC (Allocation Failure) [PSYoungGen: 65888K->1344K(66560K)] 392112K->327568K(716288K), 0.0032754 secs] [Times: user=0.01 sys=0.00, real=0.00 secs] 
3190.998: [GC (Allocation Failure) [PSYoungGen: 65856K->1408K(66560K)] 392080K->327632K(716288K), 0.0031527 secs] [Times: user=0.01 sys=0.00, real=0.01 secs] 
3191.505: [GC (Allocation Failure) [PSYoungGen: 65910K->1501K(66560K)] 392134K->327725K(716288K), 0.0016088 secs] [Times: user=0.00 sys=0.00, real=0.00 secs] 
3191.890: [GC (Allocation Failure) [PSYoungGen: 66013K->1533K(66560K)] 392237K->327757K(716288K), 0.0016309 secs] [Times: user=0.00 sys=0.00, real=0.00 secs] 
3192.278: [GC (Allocation Failure) [PSYoungGen: 66045K->1533K(66560K)] 392269K->327757K(716288K), 0.0016599 secs] [Times: user=0.00 sys=0.00, real=0.00 secs] 
3192.663: [GC (Allocation Failure) [PSYoungGen: 66037K->1520K(66560K)] 392261K->327752K(716288K), 0.0017728 secs] [Times: user=0.00 sys=0.00, real=0.00 secs] 
3193.393: [GC (Allocation Failure) [PSYoungGen: 66032K->1440K(66560K)] 392264K->327672K(716288K), 0.0024271 secs] [Times: user=0.01 sys=0.00, real=0.00 secs] 
3193.873: [GC (Allocation Failure) [PSYoungGen: 65952K->1408K(66560K)] 392184K->327640K(716288K), 0.0021421 secs] [Times: user=0.01 sys=0.00, real=0.00 secs] 
3194.359: [GC (Allocation Failure) [PSYoungGen: 65920K->1328K(66560K)] 392152K->327560K(716288K), 0.0020601 secs] [Times: user=0.01 sys=0.00, real=0.01 secs] 
3194.893: [GC (Allocation Failure) [PSYoungGen: 65840K->1408K(66560K)] 392072K->327640K(716288K), 0.0027232 secs] [Times: user=0.01 sys=0.00, real=0.00 secs] 
3195.535: [GC (Allocation Failure) [PSYoungGen: 65920K->1469K(66560K)] 392152K->327701K(716288K), 0.0015009 secs] [Times: user=0.01 sys=0.00, real=0.00 secs] 
3195.922: [GC (Allocation Failure) [PSYoungGen: 65981K->1533K(66560K)] 392213K->327765K(716288K), 0.0016470 secs] [Times: user=0.01 sys=0.00, real=0.00 secs] 
3196.309: [GC (Allocation Failure) [PSYoungGen: 66014K->1568K(66560K)] 392247K->327800K(716288K), 0.0018796 secs] [Times: user=0.00 sys=0.00, real=0.01 secs] 
3196.696: [GC (Allocation Failure) [PSYoungGen: 66080K->1517K(66560K)] 392312K->327757K(716288K), 0.0016075 secs] [Times: user=0.01 sys=0.00, real=0.00 secs] 
3197.248: [GC (Allocation Failure) [PSYoungGen: 66029K->1488K(66560K)] 392269K->327728K(716288K), 0.0022161 secs] [Times: user=0.01 sys=0.01, real=0.01 secs] 
3197.801: [GC (Allocation Failure) [PSYoungGen: 66000K->1408K(66560K)] 392240K->327648K(716288K), 0.0021367 secs] [Times: user=0.01 sys=0.00, real=0.00 secs] 
3198.339: [GC (Allocation Failure) [PSYoungGen: 65920K->1344K(66560K)] 392160K->327600K(716288K), 0.0019758 secs] [Times: user=0.01 sys=0.00, real=0.01 secs] 
3198.891: [GC (Allocation Failure) [PSYoungGen: 65856K->1376K(66560K)] 392112K->327632K(716288K), 0.0020925 secs] [Times: user=0.01 sys=0.00, real=0.00 secs] 
3199.279: [GC (Allocation Failure) [PSYoungGen: 65876K->1469K(66560K)] 392132K->327725K(716288K), 0.0014818 secs] [Times: user=0.01 sys=0.00, real=0.01 secs] 
3199.665: [GC (Allocation Failure) [PSYoungGen: 65981K->1536K(66560K)] 392237K->327792K(716288K), 0.0016055 secs] [Times: user=0.01 sys=0.00, real=0.00 secs] 
3200.051: [GC (Allocation Failure) [PSYoungGen: 66048K->1536K(66560K)] 392304K->327792K(716288K), 0.0015936 secs] [Times: user=0.01 sys=0.00, real=0.00 secs] 
3200.441: [GC (Allocation Failure) [PSYoungGen: 66048K->1520K(66560K)] 392304K->327792K(716288K), 0.0014999 secs] [Times: user=0.01 sys=0.00, real=0.00 secs] 
3200.836: [GC (Allocation Failure) [PSYoungGen: 66032K->1456K(66560K)] 392304K->327728K(716288K), 0.0020113 secs] [Times: user=0.00 sys=0.00, real=0.00 secs] 
3201.105: [GC (Allocation Failure) [PSYoungGen: 65968K->1344K(66560K)] 392240K->327616K(716288K), 0.0018564 secs] [Times: user=0.01 sys=0.00, real=0.00 secs] 
3201.390: [GC (Allocation Failure) [PSYoungGen: 65856K->1376K(66560K)] 392128K->327648K(716288K), 0.0018807 secs] [Times: user=0.01 sys=0.00, real=0.01 secs] 
3201.664: [GC (Allocation Failure) [PSYoungGen: 65888K->1392K(66560K)] 392160K->327664K(716288K), 0.0019826 secs] [Times: user=0.01 sys=0.00, real=0.00 secs] 
3201.973: [GC (Allocation Failure) [PSYoungGen: 65877K->1437K(66560K)] 392149K->327709K(716288K), 0.0019308 secs] [Times: user=0.00 sys=0.00, real=0.00 secs] 
3202.366: [GC (Allocation Failure) [PSYoungGen: 65949K->1533K(66560K)] 392221K->327805K(716288K), 0.0016993 secs] [Times: user=0.01 sys=0.00, real=0.00 secs] 
3202.753: [GC (Allocation Failure) [PSYoungGen: 66045K->1536K(66560K)] 392317K->327808K(716288K), 0.0016188 secs] [Times: user=0.01 sys=0.00, real=0.00 secs] 
3203.137: [GC (Allocation Failure) [PSYoungGen: 66048K->1533K(66560K)] 392320K->327821K(716288K), 0.0017567 secs] [Times: user=0.01 sys=0.00, real=0.00 secs] 
3203.643: [GC (Allocation Failure) [PSYoungGen: 66045K->1472K(66560K)] 392333K->327760K(716288K), 0.0018783 secs] [Times: user=0.01 sys=0.00, real=0.00 secs] 
3204.156: [GC (Allocation Failure) [PSYoungGen: 65984K->1376K(66560K)] 392272K->327664K(716288K), 0.0030508 secs] [Times: user=0.01 sys=0.00, real=0.00 secs] 
3204.762: [GC (Allocation Failure) [PSYoungGen: 65888K->1440K(66560K)] 392176K->327728K(716288K), 0.0026561 secs] [Times: user=0.01 sys=0.00, real=0.00 secs] 
3205.498: [GC (Allocation Failure) [PSYoungGen: 65952K->1392K(66560K)] 392240K->327680K(716288K), 0.0040633 secs] [Times: user=0.01 sys=0.01, real=0.01 secs] 
3206.210: [GC (Allocation Failure) [PSYoungGen: 65904K->1408K(66560K)] 392192K->327696K(716288K), 0.0036000 secs] [Times: user=0.01 sys=0.00, real=0.01 secs] 
3206.764: [GC (Allocation Failure) [PSYoungGen: 65920K->1533K(66560K)] 392208K->327821K(716288K), 0.0017129 secs] [Times: user=0.01 sys=0.00, real=0.00 secs] 
3207.151: [GC (Allocation Failure) [PSYoungGen: 66045K->1533K(66560K)] 392333K->327821K(716288K), 0.0017682 secs] [Times: user=0.01 sys=0.00, real=0.00 secs] 
3207.539: [GC (Allocation Failure) [PSYoungGen: 66045K->1533K(66560K)] 392333K->327845K(716288K), 0.0017334 secs] [Times: user=0.01 sys=0.00, real=0.01 secs] 
3207.960: [GC (Allocation Failure) [PSYoungGen: 66045K->2016K(66560K)] 392357K->328328K(716288K), 0.0020619 secs] [Times: user=0.01 sys=0.00, real=0.00 secs] 
3208.316: [GC (Allocation Failure) [PSYoungGen: 66528K->1376K(66560K)] 392840K->327688K(716288K), 0.0018283 secs] [Times: user=0.00 sys=0.00, real=0.00 secs] 
3208.635: [GC (Allocation Failure) [PSYoungGen: 65888K->1376K(66560K)] 392200K->327688K(716288K), 0.0018643 secs] [Times: user=0.01 sys=0.00, real=0.00 secs] 
3208.904: [GC (Allocation Failure) [PSYoungGen: 65888K->1376K(66560K)] 392200K->327688K(716288K), 0.0020908 secs] [Times: user=0.01 sys=0.00, real=0.00 secs] 
3209.172: [GC (Allocation Failure) [PSYoungGen: 65888K->1376K(66560K)] 392200K->327688K(716288K), 0.0020040 secs] [Times: user=0.00 sys=0.00, real=0.00 secs] 
3209.569: [GC (Allocation Failure) [PSYoungGen: 65888K->1501K(66560K)] 392200K->327813K(716288K), 0.0015097 secs] [Times: user=0.01 sys=0.00, real=0.00 secs] 
3209.956: [GC (Allocation Failure) [PSYoungGen: 66013K->1565K(66560K)] 392325K->327877K(716288K), 0.0016766 secs] [Times: user=0.01 sys=0.00, real=0.00 secs] 
3210.344: [GC (Allocation Failure) [PSYoungGen: 66077K->1536K(66560K)] 392389K->327856K(716288K), 0.0016087 secs] [Times: user=0.01 sys=0.00, real=0.00 secs] 
3210.727: [GC (Allocation Failure) [PSYoungGen: 66048K->192K(66560K)] 392368K->326512K(716288K), 0.0016130 secs] [Times: user=0.00 sys=0.00, real=0.00 secs] 
3211.218: [GC (Allocation Failure) [PSYoungGen: 64704K->1376K(66560K)] 391024K->327704K(716288K), 0.0019518 secs] [Times: user=0.01 sys=0.00, real=0.00 secs] 
3211.486: [GC (Allocation Failure) [PSYoungGen: 65888K->1408K(66560K)] 392216K->327736K(716288K), 0.0019974 secs] [Times: user=0.00 sys=0.00, real=0.00 secs] 
3211.762: [GC (Allocation Failure) [PSYoungGen: 65920K->1376K(66560K)] 392248K->327704K(716288K), 0.0020941 secs] [Times: user=0.01 sys=0.00, real=0.00 secs] 
3212.030: [GC (Allocation Failure) [PSYoungGen: 65888K->1376K(66560K)] 392216K->327704K(716288K), 0.0020500 secs] [Times: user=0.01 sys=0.00, real=0.01 secs] 
3212.429: [GC (Allocation Failure) [PSYoungGen: 65888K->1517K(66560K)] 392216K->327845K(716288K), 0.0015868 secs] [Times: user=0.01 sys=0.00, real=0.01 secs] 
3212.817: [GC (Allocation Failure) [PSYoungGen: 66014K->1504K(66560K)] 392342K->327832K(716288K), 0.0015797 secs] [Times: user=0.01 sys=0.00, real=0.00 secs] 
3213.203: [GC (Allocation Failure) [PSYoungGen: 66016K->1552K(66560K)] 392344K->327888K(716288K), 0.0016002 secs] [Times: user=0.00 sys=0.00, real=0.00 secs] 
3213.589: [GC (Allocation Failure) [PSYoungGen: 66064K->1568K(66560K)] 392400K->327904K(716288K), 0.0015988 secs] [Times: user=0.01 sys=0.00, real=0.01 secs] 
3213.961: [GC (Allocation Failure) [PSYoungGen: 66080K->1440K(66560K)] 392416K->327776K(716288K), 0.0019762 secs] [Times: user=0.00 sys=0.01, real=0.00 secs] 
3214.229: [GC (Allocation Failure) [PSYoungGen: 65952K->1344K(66560K)] 392288K->327680K(716288K), 0.0018376 secs] [Times: user=0.01 sys=0.00, real=0.01 secs] 
3214.497: [GC (Allocation Failure) [PSYoungGen: 65856K->1376K(66560K)] 392192K->327712K(716288K), 0.0017612 secs] [Times: user=0.00 sys=0.00, real=0.00 secs] 
3214.765: [GC (Allocation Failure) [PSYoungGen: 65888K->1408K(66560K)] 392224K->327744K(716288K), 0.0018351 secs] [Times: user=0.00 sys=0.00, real=0.00 secs] 
3215.171: [GC (Allocation Failure) [PSYoungGen: 65920K->1501K(66560K)] 392256K->327837K(716288K), 0.0015626 secs] [Times: user=0.01 sys=0.00, real=0.00 secs] 
3215.563: [GC (Allocation Failure) [PSYoungGen: 66013K->1597K(66560K)] 392349K->327933K(716288K), 0.0015582 secs] [Times: user=0.01 sys=0.00, real=0.00 secs] 
3215.951: [GC (Allocation Failure) [PSYoungGen: 66101K->1533K(66560K)] 392438K->327869K(716288K), 0.0017792 secs] [Times: user=0.01 sys=0.00, real=0.00 secs] 
3216.401: [GC (Allocation Failure) [PSYoungGen: 66040K->1501K(66560K)] 392376K->327861K(716288K), 0.0016098 secs] [Times: user=0.01 sys=0.00, real=0.00 secs] 
3217.077: [GC (Allocation Failure) [PSYoungGen: 66013K->1408K(66560K)] 392373K->327768K(716288K), 0.0037419 secs] [Times: user=0.02 sys=0.00, real=0.01 secs] 
3217.805: [GC (Allocation Failure) [PSYoungGen: 65920K->1376K(66560K)] 392280K->327736K(716288K), 0.0040029 secs] [Times: user=0.02 sys=0.00, real=0.00 secs] 
3218.565: [GC (Allocation Failure) [PSYoungGen: 65888K->1376K(66560K)] 392248K->327736K(716288K), 0.0050031 secs] [Times: user=0.01 sys=0.00, real=0.00 secs] 
3219.104: [GC (Allocation Failure) [PSYoungGen: 65888K->1344K(66560K)] 392248K->327704K(716288K), 0.0032676 secs] [Times: user=0.01 sys=0.00, real=0.00 secs] 
3219.637: [GC (Allocation Failure) [PSYoungGen: 65856K->1437K(66560K)] 392216K->327797K(716288K), 0.0016226 secs] [Times: user=0.00 sys=0.00, real=0.00 secs] 
3220.022: [GC (Allocation Failure) [PSYoungGen: 65949K->1533K(66560K)] 392309K->327893K(716288K), 0.0016427 secs] [Times: user=0.00 sys=0.00, real=0.00 secs] 
3220.411: [GC (Allocation Failure) [PSYoungGen: 66045K->1549K(66560K)] 392405K->327909K(716288K), 0.0016001 secs] [Times: user=0.01 sys=0.00, real=0.00 secs] 
3220.798: [GC (Allocation Failure) [PSYoungGen: 66061K->1520K(66560K)] 392421K->327896K(716288K), 0.0017458 secs] [Times: user=0.00 sys=0.00, real=0.01 secs] 
3221.469: [GC (Allocation Failure) [PSYoungGen: 66032K->1488K(66560K)] 392408K->327864K(716288K), 0.0022565 secs] [Times: user=0.00 sys=0.00, real=0.01 secs] 
3222.189: [GC (Allocation Failure) [PSYoungGen: 66000K->1408K(66560K)] 392376K->327784K(716288K), 0.0043227 secs] [Times: user=0.01 sys=0.01, real=0.01 secs] 
3222.786: [GC (Allocation Failure) [PSYoungGen: 65920K->1376K(66560K)] 392296K->327752K(716288K), 0.0026957 secs] [Times: user=0.01 sys=0.00, real=0.00 secs] 
3223.375: [GC (Allocation Failure) [PSYoungGen: 65888K->1440K(66560K)] 392264K->327816K(716288K), 0.0025248 secs] [Times: user=0.01 sys=0.00, real=0.00 secs] 
3224.053: [GC (Allocation Failure) [PSYoungGen: 65932K->1488K(66560K)] 392308K->327864K(716288K), 0.0019450 secs] [Times: user=0.01 sys=0.00, real=0.00 secs] 
3224.444: [GC (Allocation Failure) [PSYoungGen: 66000K->1488K(66560K)] 392376K->327864K(716288K), 0.0016151 secs] [Times: user=0.00 sys=0.00, real=0.00 secs] 
3224.830: [GC (Allocation Failure) [PSYoungGen: 66000K->1549K(66560K)] 392376K->327925K(716288K), 0.0016294 secs] [Times: user=0.01 sys=0.00, real=0.01 secs] 
3225.216: [GC (Allocation Failure) [PSYoungGen: 66061K->1552K(66560K)] 392437K->327936K(716288K), 0.0016014 secs] [Times: user=0.01 sys=0.00, real=0.00 secs] 
3226.089: [GC (Allocation Failure) [PSYoungGen: 66064K->1472K(66560K)] 392448K->327856K(716288K), 0.0039168 secs] [Times: user=0.01 sys=0.00, real=0.01 secs] 
3227.149: [GC (Allocation Failure) [PSYoungGen: 65984K->1376K(66560K)] 392368K->327760K(716288K), 0.0031159 secs] [Times: user=0.01 sys=0.00, real=0.01 secs] 
3227.753: [GC (Allocation Failure) [PSYoungGen: 65888K->1328K(66560K)] 392272K->327712K(716288K), 0.0025468 secs] [Times: user=0.01 sys=0.00, real=0.00 secs] 
3228.433: [GC (Allocation Failure) [PSYoungGen: 65840K->1376K(66560K)] 392224K->327760K(716288K), 0.0029145 secs] [Times: user=0.01 sys=0.00, real=0.00 secs] 
3229.204: [GC (Allocation Failure) [PSYoungGen: 65858K->1456K(66560K)] 392242K->327840K(716288K), 0.0025373 secs] [Times: user=0.01 sys=0.00, real=0.00 secs] 
3229.661: [GC (Allocation Failure) [PSYoungGen: 65968K->1469K(66560K)] 392352K->327853K(716288K), 0.0016038 secs] [Times: user=0.01 sys=0.00, real=0.00 secs] 
3230.046: [GC (Allocation Failure) [PSYoungGen: 65981K->1584K(66560K)] 392365K->327968K(716288K), 0.0016925 secs] [Times: user=0.01 sys=0.00, real=0.00 secs] 
3230.487: [GC (Allocation Failure) [PSYoungGen: 66096K->1504K(66560K)] 392480K->327912K(716288K), 0.0016644 secs] [Times: user=0.00 sys=0.00, real=0.00 secs] 
3231.252: [GC (Allocation Failure) [PSYoungGen: 66016K->1488K(66560K)] 392424K->327896K(716288K), 0.0043578 secs] [Times: user=0.02 sys=0.00, real=0.00 secs] 
3231.620: [GC (Allocation Failure) [PSYoungGen: 66000K->1344K(66560K)] 392408K->327752K(716288K), 0.0020372 secs] [Times: user=0.01 sys=0.00, real=0.00 secs] 
3231.957: [GC (Allocation Failure) [PSYoungGen: 65856K->1376K(66560K)] 392264K->327784K(716288K), 0.0020614 secs] [Times: user=0.01 sys=0.00, real=0.00 secs] 
3232.224: [GC (Allocation Failure) [PSYoungGen: 65888K->1376K(66560K)] 392296K->327784K(716288K), 0.0019909 secs] [Times: user=0.01 sys=0.00, real=0.00 secs] 
3232.492: [GC (Allocation Failure) [PSYoungGen: 65888K->1408K(66560K)] 392296K->327816K(716288K), 0.0018656 secs] [Times: user=0.01 sys=0.00, real=0.00 secs] 
3232.925: [GC (Allocation Failure) [PSYoungGen: 65896K->1501K(66560K)] 392304K->327909K(716288K), 0.0017673 secs] [Times: user=0.00 sys=0.00, real=0.00 secs] 
3233.370: [GC (Allocation Failure) [PSYoungGen: 66013K->1504K(66560K)] 392421K->327912K(716288K), 0.0017792 secs] [Times: user=0.00 sys=0.00, real=0.00 secs] 
3233.756: [GC (Allocation Failure) [PSYoungGen: 66016K->1517K(66560K)] 392424K->327941K(716288K), 0.0016334 secs] [Times: user=0.01 sys=0.00, real=0.00 secs] 
3234.422: [GC (Allocation Failure) [PSYoungGen: 66029K->2016K(66560K)] 392453K->328440K(716288K), 0.0030120 secs] [Times: user=0.01 sys=0.00, real=0.00 secs] 
3235.214: [GC (Allocation Failure) [PSYoungGen: 66528K->1408K(66560K)] 392952K->327832K(716288K), 0.0030340 secs] [Times: user=0.01 sys=0.00, real=0.00 secs] 
3235.813: [GC (Allocation Failure) [PSYoungGen: 65920K->1408K(66560K)] 392344K->327832K(716288K), 0.0026439 secs] [Times: user=0.00 sys=0.01, real=0.00 secs] 
3236.160: [GC (Allocation Failure) [PSYoungGen: 65920K->1408K(66560K)] 392344K->327832K(716288K), 0.0021422 secs] [Times: user=0.01 sys=0.00, real=0.01 secs] 
3236.726: [GC (Allocation Failure) [PSYoungGen: 65920K->1344K(66560K)] 392344K->327768K(716288K), 0.0020164 secs] [Times: user=0.01 sys=0.00, real=0.00 secs] 
3237.245: [GC (Allocation Failure) [PSYoungGen: 65829K->1533K(66560K)] 392254K->327957K(716288K), 0.0015437 secs] [Times: user=0.01 sys=0.00, real=0.00 secs] 
3237.630: [GC (Allocation Failure) [PSYoungGen: 66045K->1533K(66560K)] 392469K->327957K(716288K), 0.0017138 secs] [Times: user=0.01 sys=0.00, real=0.01 secs] 
3238.016: [GC (Allocation Failure) [PSYoungGen: 66043K->1536K(66560K)] 392467K->327992K(716288K), 0.0015632 secs] [Times: user=0.01 sys=0.00, real=0.00 secs] 
3238.398: [GC (Allocation Failure) [PSYoungGen: 66048K->192K(66560K)] 392504K->326648K(716288K), 0.0015477 secs] [Times: user=0.00 sys=0.00, real=0.00 secs] 
3239.534: [GC (Allocation Failure) [PSYoungGen: 64704K->1376K(66560K)] 391160K->327832K(716288K), 0.0027682 secs] [Times: user=0.02 sys=0.00, real=0.00 secs] 
3240.081: [GC (Allocation Failure) [PSYoungGen: 65888K->1376K(66560K)] 392344K->327832K(716288K), 0.0021077 secs] [Times: user=0.01 sys=0.00, real=0.00 secs] 
3240.632: [GC (Allocation Failure) [PSYoungGen: 65888K->1376K(66560K)] 392344K->327832K(716288K), 0.0022692 secs] [Times: user=0.01 sys=0.00, real=0.00 secs] 
3241.094: [GC (Allocation Failure) [PSYoungGen: 65888K->1344K(66560K)] 392344K->327800K(716288K), 0.0022878 secs] [Times: user=0.01 sys=0.00, real=0.00 secs] 
3241.710: [GC (Allocation Failure) [PSYoungGen: 65830K->1536K(66560K)] 392286K->327992K(716288K), 0.0016568 secs] [Times: user=0.00 sys=0.00, real=0.01 secs] 
3242.095: [GC (Allocation Failure) [PSYoungGen: 66048K->1533K(66560K)] 392504K->327989K(716288K), 0.0016753 secs] [Times: user=0.01 sys=0.00, real=0.00 secs] 
3242.543: [GC (Allocation Failure) [PSYoungGen: 66045K->1549K(66560K)] 392501K->328013K(716288K), 0.0017087 secs] [Times: user=0.01 sys=0.00, real=0.00 secs] 
3242.989: [GC (Allocation Failure) [PSYoungGen: 66061K->1597K(66560K)] 392525K->328061K(716288K), 0.0016709 secs] [Times: user=0.00 sys=0.00, real=0.01 secs] 
3243.646: [GC (Allocation Failure) [PSYoungGen: 66109K->1424K(66560K)] 392573K->327888K(716288K), 0.0036803 secs] [Times: user=0.01 sys=0.00, real=0.00 secs] 
3244.348: [GC (Allocation Failure) [PSYoungGen: 65936K->1360K(66560K)] 392400K->327824K(716288K), 0.0038369 secs] [Times: user=0.02 sys=0.00, real=0.01 secs] 
3245.098: [GC (Allocation Failure) [PSYoungGen: 65872K->1376K(66560K)] 392336K->327840K(716288K), 0.0022341 secs] [Times: user=0.01 sys=0.00, real=0.01 secs] 
3245.816: [GC (Allocation Failure) [PSYoungGen: 65888K->1408K(66560K)] 392352K->327872K(716288K), 0.0020480 secs] [Times: user=0.01 sys=0.00, real=0.00 secs] 
3246.328: [GC (Allocation Failure) [PSYoungGen: 65920K->1501K(66560K)] 392384K->327965K(716288K), 0.0018047 secs] [Times: user=0.01 sys=0.00, real=0.00 secs] 
3246.715: [GC (Allocation Failure) [PSYoungGen: 66013K->1533K(66560K)] 392477K->327997K(716288K), 0.0018054 secs] [Times: user=0.01 sys=0.00, real=0.00 secs] 
3247.103: [GC (Allocation Failure) [PSYoungGen: 66045K->1504K(66560K)] 392509K->327968K(716288K), 0.0017209 secs] [Times: user=0.01 sys=0.00, real=0.00 secs] 
3247.490: [GC (Allocation Failure) [PSYoungGen: 66016K->1565K(66560K)] 392480K->328037K(716288K), 0.0016971 secs] [Times: user=0.01 sys=0.00, real=0.01 secs] 
3247.812: [GC (Allocation Failure) [PSYoungGen: 66077K->1424K(66560K)] 392549K->327896K(716288K), 0.0016842 secs] [Times: user=0.01 sys=0.00, real=0.00 secs] 
3248.080: [GC (Allocation Failure) [PSYoungGen: 65936K->1344K(66560K)] 392408K->327816K(716288K), 0.0016873 secs] [Times: user=0.01 sys=0.00, real=0.00 secs] 
3248.348: [GC (Allocation Failure) [PSYoungGen: 65856K->1408K(66560K)] 392328K->327896K(716288K), 0.0017337 secs] [Times: user=0.01 sys=0.00, real=0.00 secs] 
3248.616: [GC (Allocation Failure) [PSYoungGen: 65920K->1376K(66560K)] 392408K->327864K(716288K), 0.0015549 secs] [Times: user=0.01 sys=0.00, real=0.00 secs] 
3248.951: [GC (Allocation Failure) [PSYoungGen: 65888K->1469K(66560K)] 392376K->327965K(716288K), 0.0014853 secs] [Times: user=0.00 sys=0.00, real=0.00 secs] 
3249.340: [GC (Allocation Failure) [PSYoungGen: 65981K->1581K(66560K)] 392477K->328077K(716288K), 0.0017524 secs] [Times: user=0.00 sys=0.00, real=0.01 secs] 
3249.727: [GC (Allocation Failure) [PSYoungGen: 66093K->1533K(66560K)] 392589K->328029K(716288K), 0.0017461 secs] [Times: user=0.01 sys=0.00, real=0.00 secs] 
3250.113: [GC (Allocation Failure) [PSYoungGen: 66045K->1536K(66560K)] 392541K->328048K(716288K), 0.0015871 secs] [Times: user=0.01 sys=0.00, real=0.00 secs] 
3250.477: [GC (Allocation Failure) [PSYoungGen: 66048K->1424K(66560K)] 392560K->327936K(716288K), 0.0018853 secs] [Times: user=0.01 sys=0.00, real=0.00 secs] 
3250.746: [GC (Allocation Failure) [PSYoungGen: 65936K->1376K(66560K)] 392448K->327896K(716288K), 0.0018243 secs] [Times: user=0.01 sys=0.00, real=0.00 secs] 
3251.014: [GC (Allocation Failure) [PSYoungGen: 65888K->1344K(66560K)] 392408K->327864K(716288K), 0.0018432 secs] [Times: user=0.01 sys=0.00, real=0.00 secs] 
3251.282: [GC (Allocation Failure) [PSYoungGen: 65856K->1376K(66560K)] 392376K->327904K(716288K), 0.0017710 secs] [Times: user=0.00 sys=0.00, real=0.00 secs] 
3251.657: [GC (Allocation Failure) [PSYoungGen: 65888K->1408K(66560K)] 392416K->327936K(716288K), 0.0015349 secs] [Times: user=0.01 sys=0.00, real=0.00 secs] 
3252.045: [GC (Allocation Failure) [PSYoungGen: 65920K->1597K(66560K)] 392448K->328125K(716288K), 0.0018012 secs] [Times: user=0.00 sys=0.00, real=0.00 secs] 
3252.431: [GC (Allocation Failure) [PSYoungGen: 66109K->1568K(66560K)] 392637K->328096K(716288K), 0.0016318 secs] [Times: user=0.01 sys=0.00, real=0.00 secs] 
3252.817: [GC (Allocation Failure) [PSYoungGen: 66050K->1520K(66560K)] 392578K->328056K(716288K), 0.0016094 secs] [Times: user=0.01 sys=0.00, real=0.00 secs] 
3253.251: [GC (Allocation Failure) [PSYoungGen: 66032K->1440K(66560K)] 392568K->327976K(716288K), 0.0020280 secs] [Times: user=0.01 sys=0.00, real=0.00 secs] 
3253.791: [GC (Allocation Failure) [PSYoungGen: 65952K->1376K(66560K)] 392488K->327912K(716288K), 0.0019366 secs] [Times: user=0.00 sys=0.00, real=0.00 secs] 
3254.232: [GC (Allocation Failure) [PSYoungGen: 65888K->1376K(66560K)] 392424K->327912K(716288K), 0.0018545 secs] [Times: user=0.00 sys=0.00, real=0.00 secs] 
3254.500: [GC (Allocation Failure) [PSYoungGen: 65888K->1408K(66560K)] 392424K->327944K(716288K), 0.0018798 secs] [Times: user=0.01 sys=0.00, real=0.01 secs] 
3254.814: [GC (Allocation Failure) [PSYoungGen: 65920K->1408K(66560K)] 392456K->327944K(716288K), 0.0015542 secs] [Times: user=0.00 sys=0.00, real=0.00 secs] 
3255.203: [GC (Allocation Failure) [PSYoungGen: 65920K->1533K(66560K)] 392456K->328069K(716288K), 0.0015824 secs] [Times: user=0.01 sys=0.00, real=0.00 secs] 
3255.590: [GC (Allocation Failure) [PSYoungGen: 66015K->1568K(66560K)] 392551K->328104K(716288K), 0.0016095 secs] [Times: user=0.01 sys=0.00, real=0.00 secs] 
3255.979: [GC (Allocation Failure) [PSYoungGen: 66080K->1549K(66560K)] 392616K->328101K(716288K), 0.0016262 secs] [Times: user=0.01 sys=0.00, real=0.01 secs] 
3256.436: [GC (Allocation Failure) [PSYoungGen: 66061K->1488K(66560K)] 392613K->328040K(716288K), 0.0022105 secs] [Times: user=0.01 sys=0.00, real=0.00 secs] 
3256.837: [GC (Allocation Failure) [PSYoungGen: 66000K->1376K(66560K)] 392552K->327944K(716288K), 0.0019790 secs] [Times: user=0.01 sys=0.00, real=0.00 secs] 
3257.150: [GC (Allocation Failure) [PSYoungGen: 65888K->1376K(66560K)] 392456K->327944K(716288K), 0.0018299 secs] [Times: user=0.01 sys=0.00, real=0.00 secs] 
3257.446: [GC (Allocation Failure) [PSYoungGen: 65888K->1376K(66560K)] 392456K->327952K(716288K), 0.0018708 secs] [Times: user=0.01 sys=0.00, real=0.00 secs] 
3257.952: [GC (Allocation Failure) [PSYoungGen: 65888K->1344K(66560K)] 392464K->327920K(716288K), 0.0021463 secs] [Times: user=0.01 sys=0.00, real=0.00 secs] 
3258.417: [GC (Allocation Failure) [PSYoungGen: 65833K->1565K(66560K)] 392410K->328141K(716288K), 0.0017000 secs] [Times: user=0.01 sys=0.00, real=0.00 secs] 
3258.804: [GC (Allocation Failure) [PSYoungGen: 66077K->1568K(66560K)] 392653K->328144K(716288K), 0.0017952 secs] [Times: user=0.01 sys=0.00, real=0.00 secs] 
3259.199: [GC (Allocation Failure) [PSYoungGen: 66080K->1616K(66560K)] 392656K->328200K(716288K), 0.0016796 secs] [Times: user=0.00 sys=0.00, real=0.01 secs] 
3259.708: [GC (Allocation Failure) [PSYoungGen: 66128K->1504K(66560K)] 392712K->328088K(716288K), 0.0020510 secs] [Times: user=0.01 sys=0.00, real=0.00 secs] 
3260.318: [GC (Allocation Failure) [PSYoungGen: 66016K->1408K(66560K)] 392600K->327992K(716288K), 0.0019213 secs] [Times: user=0.01 sys=0.00, real=0.01 secs] 
3260.935: [GC (Allocation Failure) [PSYoungGen: 65920K->1408K(66560K)] 392504K->327992K(716288K), 0.0030812 secs] [Times: user=0.01 sys=0.00, real=0.00 secs] 
3261.261: [GC (Allocation Failure) [PSYoungGen: 65920K->1376K(66560K)] 392504K->327960K(716288K), 0.0021652 secs] [Times: user=0.01 sys=0.00, real=0.00 secs] 
3261.695: [GC (Allocation Failure) [PSYoungGen: 65888K->1376K(66560K)] 392472K->327960K(716288K), 0.0028039 secs] [Times: user=0.01 sys=0.00, real=0.00 secs] 
3262.206: [GC (Allocation Failure) [PSYoungGen: 65885K->1501K(66560K)] 392469K->328085K(716288K), 0.0015420 secs] [Times: user=0.01 sys=0.00, real=0.00 secs] 
3262.649: [GC (Allocation Failure) [PSYoungGen: 66013K->1568K(66560K)] 392597K->328152K(716288K), 0.0016524 secs] [Times: user=0.00 sys=0.00, real=0.01 secs] 
3263.035: [GC (Allocation Failure) [PSYoungGen: 66080K->1565K(66560K)] 392664K->328157K(716288K), 0.0018821 secs] [Times: user=0.01 sys=0.01, real=0.00 secs] 
3263.411: [GC (Allocation Failure) [PSYoungGen: 66077K->1472K(66560K)] 392669K->328064K(716288K), 0.0016270 secs] [Times: user=0.00 sys=0.00, real=0.00 secs] 
3264.078: [GC (Allocation Failure) [PSYoungGen: 65984K->1440K(66560K)] 392576K->328032K(716288K), 0.0033567 secs] [Times: user=0.02 sys=0.00, real=0.01 secs] 
3264.520: [GC (Allocation Failure) [PSYoungGen: 65952K->1440K(66560K)] 392544K->328032K(716288K), 0.0020626 secs] [Times: user=0.00 sys=0.00, real=0.00 secs] 
3264.819: [GC (Allocation Failure) [PSYoungGen: 65952K->1440K(66560K)] 392544K->328032K(716288K), 0.0021437 secs] [Times: user=0.01 sys=0.00, real=0.01 secs] 
3265.132: [GC (Allocation Failure) [PSYoungGen: 65952K->1376K(66560K)] 392544K->327968K(716288K), 0.0020193 secs] [Times: user=0.01 sys=0.00, real=0.00 secs] 
3265.532: [GC (Allocation Failure) [PSYoungGen: 65858K->1533K(66560K)] 392450K->328125K(716288K), 0.0023210 secs] [Times: user=0.01 sys=0.00, real=0.00 secs] 
3265.922: [GC (Allocation Failure) [PSYoungGen: 66045K->1568K(66560K)] 392637K->328160K(716288K), 0.0015173 secs] [Times: user=0.01 sys=0.00, real=0.00 secs] 
3266.309: [GC (Allocation Failure) [PSYoungGen: 66080K->1597K(66560K)] 392672K->328197K(716288K), 0.0017501 secs] [Times: user=0.01 sys=0.00, real=0.01 secs] 
3266.756: [GC (Allocation Failure) [PSYoungGen: 66109K->1568K(66560K)] 392709K->328168K(716288K), 0.0017237 secs] [Times: user=0.01 sys=0.00, real=0.00 secs] 
3267.147: [GC (Allocation Failure) [PSYoungGen: 66080K->1440K(66560K)] 392680K->328064K(716288K), 0.0020476 secs] [Times: user=0.01 sys=0.00, real=0.00 secs] 
3267.430: [GC (Allocation Failure) [PSYoungGen: 65952K->1376K(66560K)] 392576K->328000K(716288K), 0.0019990 secs] [Times: user=0.00 sys=0.00, real=0.00 secs] 
3267.779: [GC (Allocation Failure) [PSYoungGen: 65888K->1408K(66560K)] 392512K->328032K(716288K), 0.0019575 secs] [Times: user=0.00 sys=0.00, real=0.01 secs] 
3268.266: [GC (Allocation Failure) [PSYoungGen: 65920K->1376K(66560K)] 392544K->328000K(716288K), 0.0018546 secs] [Times: user=0.01 sys=0.00, real=0.00 secs] 
3268.774: [GC (Allocation Failure) [PSYoungGen: 65879K->1469K(66560K)] 392504K->328093K(716288K), 0.0015184 secs] [Times: user=0.00 sys=0.00, real=0.00 secs] 
3269.159: [GC (Allocation Failure) [PSYoungGen: 65981K->1520K(66560K)] 392605K->328144K(716288K), 0.0016014 secs] [Times: user=0.01 sys=0.00, real=0.01 secs] 
3269.555: [GC (Allocation Failure) [PSYoungGen: 66022K->1549K(66560K)] 392646K->328181K(716288K), 0.0017742 secs] [Times: user=0.01 sys=0.00, real=0.00 secs] 
3269.940: [GC (Allocation Failure) [PSYoungGen: 66061K->1520K(66560K)] 392693K->328152K(716288K), 0.0016117 secs] [Times: user=0.01 sys=0.00, real=0.01 secs] 
3270.656: [GC (Allocation Failure) [PSYoungGen: 66032K->1472K(66560K)] 392664K->328104K(716288K), 0.0029212 secs] [Times: user=0.01 sys=0.00, real=0.00 secs] 
3270.943: [GC (Allocation Failure) [PSYoungGen: 65984K->1408K(66560K)] 392616K->328040K(716288K), 0.0020565 secs] [Times: user=0.01 sys=0.00, real=0.00 secs] 
3271.211: [GC (Allocation Failure) [PSYoungGen: 65920K->1376K(66560K)] 392552K->328008K(716288K), 0.0020294 secs] [Times: user=0.01 sys=0.00, real=0.00 secs] 
3271.479: [GC (Allocation Failure) [PSYoungGen: 65888K->1376K(66560K)] 392520K->328008K(716288K), 0.0019496 secs] [Times: user=0.01 sys=0.00, real=0.01 secs] 
3271.859: [GC (Allocation Failure) [PSYoungGen: 65863K->1453K(66560K)] 392495K->328085K(716288K), 0.0015647 secs] [Times: user=0.01 sys=0.00, real=0.01 secs] 
3272.304: [GC (Allocation Failure) [PSYoungGen: 65965K->1565K(66560K)] 392597K->328197K(716288K), 0.0017345 secs] [Times: user=0.01 sys=0.00, real=0.00 secs] 
3272.691: [GC (Allocation Failure) [PSYoungGen: 66049K->1501K(66560K)] 392681K->328133K(716288K), 0.0015831 secs] [Times: user=0.01 sys=0.00, real=0.00 secs] 
3273.081: [GC (Allocation Failure) [PSYoungGen: 66010K->1533K(66560K)] 392643K->328173K(716288K), 0.0015683 secs] [Times: user=0.00 sys=0.00, real=0.00 secs] 
3274.075: [GC (Allocation Failure) [PSYoungGen: 66045K->1392K(66560K)] 392685K->328032K(716288K), 0.0044294 secs] [Times: user=0.02 sys=0.01, real=0.00 secs] 
3274.806: [GC (Allocation Failure) [PSYoungGen: 65904K->1376K(66560K)] 392544K->328016K(716288K), 0.0026246 secs] [Times: user=0.01 sys=0.00, real=0.00 secs] 
3275.318: [GC (Allocation Failure) [PSYoungGen: 65888K->1408K(66560K)] 392528K->328048K(716288K), 0.0023456 secs] [Times: user=0.00 sys=0.00, real=0.01 secs] 
3275.916: [GC (Allocation Failure) [PSYoungGen: 65920K->1376K(66560K)] 392560K->328016K(716288K), 0.0033668 secs] [Times: user=0.02 sys=0.00, real=0.00 secs] 
3276.700: [GC (Allocation Failure) [PSYoungGen: 65888K->1453K(66560K)] 392528K->328093K(716288K), 0.0020472 secs] [Times: user=0.01 sys=0.00, real=0.01 secs] 
3277.097: [GC (Allocation Failure) [PSYoungGen: 65953K->1485K(66560K)] 392594K->328125K(716288K), 0.0016296 secs] [Times: user=0.01 sys=0.00, real=0.00 secs] 
3277.483: [GC (Allocation Failure) [PSYoungGen: 65997K->1597K(66560K)] 392637K->328237K(716288K), 0.0016387 secs] [Times: user=0.01 sys=0.00, real=0.00 secs] 
3277.870: [GC (Allocation Failure) [PSYoungGen: 66109K->1568K(66560K)] 392749K->328216K(716288K), 0.0016336 secs] [Times: user=0.01 sys=0.00, real=0.00 secs] 
3278.481: [GC (Allocation Failure) [PSYoungGen: 66080K->1504K(66560K)] 392728K->328176K(716288K), 0.0020479 secs] [Times: user=0.01 sys=0.00, real=0.00 secs] 
3279.052: [GC (Allocation Failure) [PSYoungGen: 66016K->1376K(66560K)] 392688K->328048K(716288K), 0.0033124 secs] [Times: user=0.01 sys=0.00, real=0.00 secs] 
3279.658: [GC (Allocation Failure) [PSYoungGen: 65888K->1344K(66560K)] 392560K->328016K(716288K), 0.0025444 secs] [Times: user=0.01 sys=0.00, real=0.01 secs] 
3280.180: [GC (Allocation Failure) [PSYoungGen: 65856K->1376K(66560K)] 392528K->328048K(716288K), 0.0025944 secs] [Times: user=0.01 sys=0.00, real=0.00 secs] 
3280.702: [GC (Allocation Failure) [PSYoungGen: 65865K->1488K(66560K)] 392537K->328160K(716288K), 0.0019650 secs] [Times: user=0.01 sys=0.00, real=0.00 secs] 
3281.114: [GC (Allocation Failure) [PSYoungGen: 66000K->1597K(66560K)] 392672K->328269K(716288K), 0.0018149 secs] [Times: user=0.00 sys=0.00, real=0.00 secs] 
3281.501: [GC (Allocation Failure) [PSYoungGen: 66109K->1597K(66560K)] 392781K->328269K(716288K), 0.0016169 secs] [Times: user=0.00 sys=0.00, real=0.00 secs] 
3281.887: [GC (Allocation Failure) [PSYoungGen: 66109K->1568K(66560K)] 392781K->328248K(716288K), 0.0016224 secs] [Times: user=0.01 sys=0.00, real=0.00 secs] 
3282.327: [GC (Allocation Failure) [PSYoungGen: 66080K->1488K(66560K)] 392760K->328168K(716288K), 0.0020394 secs] [Times: user=0.01 sys=0.00, real=0.00 secs] 
3282.669: [GC (Allocation Failure) [PSYoungGen: 66000K->1376K(66560K)] 392680K->328056K(716288K), 0.0020362 secs] [Times: user=0.01 sys=0.00, real=0.01 secs] 
3282.975: [GC (Allocation Failure) [PSYoungGen: 65888K->1376K(66560K)] 392568K->328056K(716288K), 0.0019407 secs] [Times: user=0.01 sys=0.00, real=0.00 secs] 
3283.243: [GC (Allocation Failure) [PSYoungGen: 65888K->1408K(66560K)] 392568K->328096K(716288K), 0.0019064 secs] [Times: user=0.01 sys=0.00, real=0.00 secs] 
3283.511: [GC (Allocation Failure) [PSYoungGen: 65920K->1376K(66560K)] 392608K->328064K(716288K), 0.0019635 secs] [Times: user=0.00 sys=0.00, real=0.00 secs] 
3283.959: [GC (Allocation Failure) [PSYoungGen: 65859K->1533K(66560K)] 392547K->328221K(716288K), 0.0021481 secs] [Times: user=0.01 sys=0.00, real=0.01 secs] 
3284.345: [GC (Allocation Failure) [PSYoungGen: 66045K->1597K(66560K)] 392733K->328285K(716288K), 0.0018276 secs] [Times: user=0.00 sys=0.00, real=0.00 secs] 
3284.785: [GC (Allocation Failure) [PSYoungGen: 66109K->1501K(66560K)] 392797K->328197K(716288K), 0.0016453 secs] [Times: user=0.00 sys=0.00, real=0.00 secs] 
3285.182: [GC (Allocation Failure) [PSYoungGen: 66013K->1504K(66560K)] 392709K->328200K(716288K), 0.0020071 secs] [Times: user=0.01 sys=0.00, real=0.00 secs] 
3285.450: [GC (Allocation Failure) [PSYoungGen: 66016K->1312K(66560K)] 392712K->328008K(716288K), 0.0020921 secs] [Times: user=0.01 sys=0.00, real=0.00 secs] 
3285.719: [GC (Allocation Failure) [PSYoungGen: 65824K->1344K(66560K)] 392520K->328040K(716288K), 0.0020215 secs] [Times: user=0.00 sys=0.00, real=0.01 secs] 
3286.026: [GC (Allocation Failure) [PSYoungGen: 65856K->1376K(66560K)] 392552K->328072K(716288K), 0.0019957 secs] [Times: user=0.00 sys=0.00, real=0.00 secs] 
3286.300: [GC (Allocation Failure) [PSYoungGen: 65888K->1344K(66560K)] 392584K->328056K(716288K), 0.0018722 secs] [Times: user=0.01 sys=0.00, real=0.01 secs] 
3286.700: [GC (Allocation Failure) [PSYoungGen: 65856K->1533K(66560K)] 392568K->328245K(716288K), 0.0015874 secs] [Times: user=0.01 sys=0.00, real=0.00 secs] 
3287.087: [GC (Allocation Failure) [PSYoungGen: 66029K->1520K(66560K)] 392742K->328232K(716288K), 0.0016510 secs] [Times: user=0.00 sys=0.00, real=0.00 secs] 
3287.474: [GC (Allocation Failure) [PSYoungGen: 66032K->1536K(66560K)] 392744K->328264K(716288K), 0.0018003 secs] [Times: user=0.01 sys=0.00, real=0.00 secs] 
3287.888: [GC (Allocation Failure) [PSYoungGen: 66048K->1664K(66560K)] 392776K->328392K(716288K), 0.0017945 secs] [Times: user=0.01 sys=0.00, real=0.00 secs] 
3288.362: [GC (Allocation Failure) [PSYoungGen: 66176K->1392K(66560K)] 392904K->328120K(716288K), 0.0017172 secs] [Times: user=0.00 sys=0.00, real=0.00 secs] 
3288.952: [GC (Allocation Failure) [PSYoungGen: 65904K->1376K(66560K)] 392632K->328104K(716288K), 0.0021550 secs] [Times: user=0.01 sys=0.00, real=0.00 secs] 
3289.656: [GC (Allocation Failure) [PSYoungGen: 65888K->1344K(66560K)] 392616K->328072K(716288K), 0.0028619 secs] [Times: user=0.01 sys=0.00, real=0.00 secs] 
3290.351: [GC (Allocation Failure) [PSYoungGen: 65856K->1376K(66560K)] 392584K->328104K(716288K), 0.0034646 secs] [Times: user=0.02 sys=0.00, real=0.00 secs] 
3290.946: [GC (Allocation Failure) [PSYoungGen: 65888K->1456K(66560K)] 392616K->328184K(716288K), 0.0015902 secs] [Times: user=0.01 sys=0.00, real=0.00 secs] 
3291.333: [GC (Allocation Failure) [PSYoungGen: 65968K->1565K(66560K)] 392696K->328293K(716288K), 0.0015863 secs] [Times: user=0.01 sys=0.00, real=0.00 secs] 
3291.721: [GC (Allocation Failure) [PSYoungGen: 66077K->1600K(66560K)] 392805K->328336K(716288K), 0.0016871 secs] [Times: user=0.01 sys=0.00, real=0.00 secs] 
3292.105: [GC (GCLocker Initiated GC) [PSYoungGen: 66112K->1520K(66560K)] 392848K->328256K(716288K), 0.0016010 secs] [Times: user=0.01 sys=0.00, real=0.00 secs] 
3292.489: [GC (Allocation Failure) [PSYoungGen: 66032K->1392K(66560K)] 392771K->328131K(716288K), 0.0018126 secs] [Times: user=0.01 sys=0.00, real=0.01 secs] 
3292.977: [GC (Allocation Failure) [PSYoungGen: 65904K->1392K(66560K)] 392643K->328131K(716288K), 0.0038138 secs] [Times: user=0.02 sys=0.00, real=0.01 secs] 
3293.780: [GC (Allocation Failure) [PSYoungGen: 65904K->1344K(66560K)] 392643K->328083K(716288K), 0.0032638 secs] [Times: user=0.01 sys=0.00, real=0.00 secs] 
3294.519: [GC (Allocation Failure) [PSYoungGen: 65856K->1376K(66560K)] 392595K->328115K(716288K), 0.0032487 secs] [Times: user=0.01 sys=0.00, real=0.01 secs] 
3295.197: [GC (Allocation Failure) [PSYoungGen: 65870K->1520K(66560K)] 392610K->328259K(716288K), 0.0016516 secs] [Times: user=0.01 sys=0.00, real=0.00 secs] 
3295.585: [GC (Allocation Failure) [PSYoungGen: 66032K->1616K(66560K)] 392771K->328355K(716288K), 0.0017475 secs] [Times: user=0.01 sys=0.00, real=0.00 secs] 
3295.972: [GC (Allocation Failure) [PSYoungGen: 66097K->1552K(66560K)] 392837K->328299K(716288K), 0.0015873 secs] [Times: user=0.01 sys=0.00, real=0.00 secs] 
3296.420: [GC (Allocation Failure) [PSYoungGen: 66063K->1568K(66560K)] 392811K->328315K(716288K), 0.0018092 secs] [Times: user=0.01 sys=0.00, real=0.01 secs] 
3296.978: [GC (Allocation Failure) [PSYoungGen: 66080K->1472K(66560K)] 392827K->328219K(716288K), 0.0024205 secs] [Times: user=0.01 sys=0.00, real=0.01 secs] 
3297.548: [GC (Allocation Failure) [PSYoungGen: 65984K->1440K(66560K)] 392731K->328187K(716288K), 0.0024452 secs] [Times: user=0.01 sys=0.00, real=0.01 secs] 
3297.818: [GC (Allocation Failure) [PSYoungGen: 65952K->1472K(66560K)] 392699K->328219K(716288K), 0.0020207 secs] [Times: user=0.01 sys=0.00, real=0.01 secs] 
3298.086: [GC (Allocation Failure) [PSYoungGen: 65984K->1408K(66560K)] 392731K->328179K(716288K), 0.0018270 secs] [Times: user=0.01 sys=0.00, real=0.00 secs] 
3298.438: [GC (Allocation Failure) [PSYoungGen: 65920K->1552K(66560K)] 392691K->328323K(716288K), 0.0017211 secs] [Times: user=0.01 sys=0.00, real=0.00 secs] 
3298.826: [GC (Allocation Failure) [PSYoungGen: 66064K->1565K(66560K)] 392835K->328336K(716288K), 0.0017313 secs] [Times: user=0.01 sys=0.00, real=0.00 secs] 
3299.214: [GC (Allocation Failure) [PSYoungGen: 66076K->1616K(66560K)] 392847K->328387K(716288K), 0.0017941 secs] [Times: user=0.00 sys=0.00, real=0.00 secs] 
3299.601: [GC (Allocation Failure) [PSYoungGen: 66128K->1565K(66560K)] 392899K->328400K(716288K), 0.0016971 secs] [Times: user=0.01 sys=0.00, real=0.00 secs] 
3301.340: [GC (Allocation Failure) [PSYoungGen: 66077K->1456K(66560K)] 392912K->328291K(716288K), 0.0038852 secs] [Times: user=0.01 sys=0.00, real=0.01 secs] 
3301.901: [GC (Allocation Failure) [PSYoungGen: 65968K->1376K(66560K)] 392803K->328211K(716288K), 0.0024619 secs] [Times: user=0.01 sys=0.00, real=0.00 secs] 
3302.387: [GC (Allocation Failure) [PSYoungGen: 65888K->1376K(66560K)] 392723K->328211K(716288K), 0.0022758 secs] [Times: user=0.01 sys=0.00, real=0.00 secs] 
3302.656: [GC (Allocation Failure) [PSYoungGen: 65888K->1408K(66560K)] 392723K->328243K(716288K), 0.0019638 secs] [Times: user=0.01 sys=0.00, real=0.00 secs] 
3303.066: [GC (Allocation Failure) [PSYoungGen: 65920K->1501K(66560K)] 392755K->328336K(716288K), 0.0016473 secs] [Times: user=0.01 sys=0.00, real=0.00 secs] 
3303.455: [GC (Allocation Failure) [PSYoungGen: 66000K->1568K(66560K)] 392836K->328403K(716288K), 0.0016169 secs] [Times: user=0.01 sys=0.00, real=0.00 secs] 
3303.840: [GC (Allocation Failure) [PSYoungGen: 66080K->1565K(66560K)] 392915K->328400K(716288K), 0.0016528 secs] [Times: user=0.01 sys=0.00, real=0.01 secs] 
3304.226: [GC (Allocation Failure) [PSYoungGen: 66077K->1565K(66560K)] 392912K->328408K(716288K), 0.0015758 secs] [Times: user=0.01 sys=0.00, real=0.00 secs] 
3304.632: [GC (Allocation Failure) [PSYoungGen: 66077K->1472K(66560K)] 392920K->328315K(716288K), 0.0020279 secs] [Times: user=0.01 sys=0.00, real=0.00 secs] 
3304.900: [GC (Allocation Failure) [PSYoungGen: 65984K->1440K(66560K)] 392827K->328283K(716288K), 0.0020827 secs] [Times: user=0.01 sys=0.00, real=0.01 secs] 
3305.168: [GC (Allocation Failure) [PSYoungGen: 65952K->1408K(66560K)] 392795K->328251K(716288K), 0.0020634 secs] [Times: user=0.01 sys=0.00, real=0.01 secs] 
3305.437: [GC (Allocation Failure) [PSYoungGen: 65920K->1408K(66560K)] 392763K->328251K(716288K), 0.0019115 secs] [Times: user=0.01 sys=0.00, real=0.00 secs] 
3305.940: [GC (Allocation Failure) [PSYoungGen: 65920K->1373K(66560K)] 392763K->328216K(716288K), 0.0018620 secs] [Times: user=0.01 sys=0.00, real=0.00 secs] 
3306.336: [GC (Allocation Failure) [PSYoungGen: 65880K->1533K(66560K)] 392724K->328376K(716288K), 0.0017985 secs] [Times: user=0.00 sys=0.00, real=0.00 secs] 
3306.723: [GC (Allocation Failure) [PSYoungGen: 66045K->1568K(66560K)] 392888K->328411K(716288K), 0.0015923 secs] [Times: user=0.00 sys=0.00, real=0.00 secs] 
3307.106: [GC (Allocation Failure) [PSYoungGen: 66080K->1533K(66560K)] 392923K->328400K(716288K), 0.0018551 secs] [Times: user=0.00 sys=0.00, real=0.00 secs] 
3307.663: [GC (Allocation Failure) [PSYoungGen: 66045K->1456K(66560K)] 392912K->328323K(716288K), 0.0020351 secs] [Times: user=0.01 sys=0.00, real=0.00 secs] 
3308.522: [GC (Allocation Failure) [PSYoungGen: 65968K->1344K(66560K)] 392835K->328211K(716288K), 0.0039180 secs] [Times: user=0.02 sys=0.00, real=0.00 secs] 
3308.985: [GC (Allocation Failure) [PSYoungGen: 65856K->1376K(66560K)] 392723K->328243K(716288K), 0.0025425 secs] [Times: user=0.01 sys=0.00, real=0.00 secs] 
3309.412: [GC (Allocation Failure) [PSYoungGen: 65888K->1344K(66560K)] 392755K->328211K(716288K), 0.0019993 secs] [Times: user=0.01 sys=0.00, real=0.00 secs] 
3309.908: [GC (Allocation Failure) [PSYoungGen: 65856K->1376K(66560K)] 392723K->328243K(716288K), 0.0019749 secs] [Times: user=0.01 sys=0.00, real=0.00 secs] 
3310.477: [GC (Allocation Failure) [PSYoungGen: 65888K->1565K(66560K)] 392755K->328432K(716288K), 0.0017356 secs] [Times: user=0.00 sys=0.00, real=0.00 secs] 
3310.865: [GC (Allocation Failure) [PSYoungGen: 66077K->1568K(66560K)] 392944K->328435K(716288K), 0.0015508 secs] [Times: user=0.01 sys=0.00, real=0.00 secs] 
3311.254: [GC (Allocation Failure) [PSYoungGen: 66074K->1565K(66560K)] 392941K->328448K(716288K), 0.0016566 secs] [Times: user=0.00 sys=0.00, real=0.00 secs] 
3311.629: [GC (Allocation Failure) [PSYoungGen: 66077K->1456K(66560K)] 392960K->328339K(716288K), 0.0019520 secs] [Times: user=0.01 sys=0.00, real=0.01 secs] 
3311.962: [GC (Allocation Failure) [PSYoungGen: 65968K->1344K(66560K)] 392851K->328227K(716288K), 0.0022845 secs] [Times: user=0.01 sys=0.00, real=0.00 secs] 
3312.218: [GC (Allocation Failure) [PSYoungGen: 65856K->1408K(66560K)] 392739K->328291K(716288K), 0.0020832 secs] [Times: user=0.01 sys=0.00, real=0.01 secs] 
3312.486: [GC (Allocation Failure) [PSYoungGen: 65920K->1408K(66560K)] 392803K->328291K(716288K), 0.0019442 secs] [Times: user=0.01 sys=0.00, real=0.00 secs] 
3312.754: [GC (Allocation Failure) [PSYoungGen: 65920K->1376K(66560K)] 392803K->328259K(716288K), 0.0018205 secs] [Times: user=0.01 sys=0.00, real=0.00 secs] 
3313.152: [GC (Allocation Failure) [PSYoungGen: 65888K->1536K(66560K)] 392771K->328419K(716288K), 0.0016695 secs] [Times: user=0.00 sys=0.00, real=0.00 secs] 
3313.541: [GC (Allocation Failure) [PSYoungGen: 66048K->1501K(66560K)] 392931K->328384K(716288K), 0.0016674 secs] [Times: user=0.01 sys=0.00, real=0.00 secs] 
3313.930: [GC (Allocation Failure) [PSYoungGen: 66013K->1568K(66560K)] 392896K->328459K(716288K), 0.0016596 secs] [Times: user=0.01 sys=0.00, real=0.01 secs] 
3314.541: [GC (Allocation Failure) [PSYoungGen: 66080K->1792K(66560K)] 392971K->328683K(716288K), 0.0021667 secs] [Times: user=0.01 sys=0.00, real=0.00 secs] 
3315.260: [GC (Allocation Failure) [PSYoungGen: 66304K->1376K(66560K)] 393195K->328267K(716288K), 0.0036088 secs] [Times: user=0.02 sys=0.01, real=0.01 secs] 
3315.536: [GC (Allocation Failure) [PSYoungGen: 65888K->1440K(66560K)] 392779K->328331K(716288K), 0.0024848 secs] [Times: user=0.01 sys=0.00, real=0.00 secs] 
3315.846: [GC (Allocation Failure) [PSYoungGen: 65952K->1408K(66560K)] 392843K->328299K(716288K), 0.0020157 secs] [Times: user=0.01 sys=0.00, real=0.00 secs] 
3316.114: [GC (Allocation Failure) [PSYoungGen: 65920K->1344K(66560K)] 392811K->328235K(716288K), 0.0019886 secs] [Times: user=0.01 sys=0.00, real=0.00 secs] 
3316.532: [GC (Allocation Failure) [PSYoungGen: 65856K->1501K(66560K)] 392747K->328424K(716288K), 0.0015898 secs] [Times: user=0.01 sys=0.00, real=0.00 secs] 
3316.919: [GC (Allocation Failure) [PSYoungGen: 66013K->1568K(66560K)] 392936K->328491K(716288K), 0.0017088 secs] [Times: user=0.01 sys=0.00, real=0.01 secs] 
3317.307: [GC (Allocation Failure) [PSYoungGen: 66080K->1533K(66560K)] 393003K->328472K(716288K), 0.0017038 secs] [Times: user=0.01 sys=0.00, real=0.00 secs] 
3317.756: [GC (Allocation Failure) [PSYoungGen: 66045K->1520K(66560K)] 392984K->328459K(716288K), 0.0018081 secs] [Times: user=0.01 sys=0.00, real=0.00 secs] 
3318.531: [GC (Allocation Failure) [PSYoungGen: 66032K->1360K(66560K)] 392971K->328299K(716288K), 0.0023133 secs] [Times: user=0.01 sys=0.00, real=0.00 secs] 
3318.793: [GC (Allocation Failure) [PSYoungGen: 65872K->1376K(66560K)] 392811K->328315K(716288K), 0.0018916 secs] [Times: user=0.01 sys=0.00, real=0.00 secs] 
3319.061: [GC (Allocation Failure) [PSYoungGen: 65888K->1344K(66560K)] 392827K->328283K(716288K), 0.0021895 secs] [Times: user=0.01 sys=0.00, real=0.00 secs] 
3319.376: [GC (Allocation Failure) [PSYoungGen: 65856K->1344K(66560K)] 392795K->328283K(716288K), 0.0021491 secs] [Times: user=0.01 sys=0.00, real=0.00 secs] 
3319.770: [GC (Allocation Failure) [PSYoungGen: 65829K->1488K(66560K)] 392769K->328427K(716288K), 0.0017193 secs] [Times: user=0.00 sys=0.00, real=0.01 secs] 
3320.216: [GC (Allocation Failure) [PSYoungGen: 66000K->1568K(66560K)] 392939K->328507K(716288K), 0.0019143 secs] [Times: user=0.01 sys=0.00, real=0.00 secs] 
3320.670: [GC (Allocation Failure) [PSYoungGen: 66080K->1517K(66560K)] 393019K->328464K(716288K), 0.0017754 secs] [Times: user=0.01 sys=0.00, real=0.01 secs] 
3321.059: [GC (Allocation Failure) [PSYoungGen: 66016K->1501K(66560K)] 392963K->328448K(716288K), 0.0016641 secs] [Times: user=0.01 sys=0.00, real=0.01 secs] 
3321.763: [GC (Allocation Failure) [PSYoungGen: 66013K->1424K(66560K)] 392960K->328371K(716288K), 0.0039787 secs] [Times: user=0.01 sys=0.01, real=0.00 secs] 
3322.516: [GC (Allocation Failure) [PSYoungGen: 65936K->1376K(66560K)] 392883K->328323K(716288K), 0.0030875 secs] [Times: user=0.01 sys=0.00, real=0.00 secs] 
3322.840: [GC (Allocation Failure) [PSYoungGen: 65888K->1376K(66560K)] 392835K->328323K(716288K), 0.0023592 secs] [Times: user=0.00 sys=0.00, real=0.01 secs] 
3323.108: [GC (Allocation Failure) [PSYoungGen: 65888K->1344K(66560K)] 392835K->328291K(716288K), 0.0021069 secs] [Times: user=0.01 sys=0.00, real=0.01 secs] 
3323.457: [GC (Allocation Failure) [PSYoungGen: 65856K->1533K(66560K)] 392803K->328480K(716288K), 0.0015770 secs] [Times: user=0.00 sys=0.00, real=0.00 secs] 
3323.844: [GC (Allocation Failure) [PSYoungGen: 66019K->1504K(66560K)] 392966K->328451K(716288K), 0.0016021 secs] [Times: user=0.00 sys=0.00, real=0.00 secs] 
3324.231: [GC (Allocation Failure) [PSYoungGen: 66016K->1536K(66560K)] 392963K->328483K(716288K), 0.0016567 secs] [Times: user=0.00 sys=0.00, real=0.00 secs] 
3324.619: [GC (Allocation Failure) [PSYoungGen: 66034K->1600K(66560K)] 392981K->328571K(716288K), 0.0016863 secs] [Times: user=0.01 sys=0.00, real=0.01 secs] 
3325.135: [GC (Allocation Failure) [PSYoungGen: 66112K->1424K(66560K)] 393083K->328395K(716288K), 0.0021190 secs] [Times: user=0.01 sys=0.00, real=0.00 secs] 
3325.746: [GC (Allocation Failure) [PSYoungGen: 65936K->1376K(66560K)] 392907K->328347K(716288K), 0.0039403 secs] [Times: user=0.01 sys=0.00, real=0.00 secs] 
3326.151: [GC (Allocation Failure) [PSYoungGen: 65888K->1440K(66560K)] 392859K->328411K(716288K), 0.0024017 secs] [Times: user=0.01 sys=0.00, real=0.00 secs] 
3326.571: [GC (Allocation Failure) [PSYoungGen: 65952K->1376K(66560K)] 392923K->328347K(716288K), 0.0025098 secs] [Times: user=0.01 sys=0.00, real=0.00 secs] 
3327.047: [GC (Allocation Failure) [PSYoungGen: 65888K->1485K(66560K)] 392859K->328456K(716288K), 0.0015931 secs] [Times: user=0.00 sys=0.00, real=0.00 secs] 
3327.436: [GC (Allocation Failure) [PSYoungGen: 65997K->1533K(66560K)] 392968K->328504K(716288K), 0.0016082 secs] [Times: user=0.01 sys=0.00, real=0.00 secs] 
3327.821: [GC (Allocation Failure) [PSYoungGen: 66045K->1565K(66560K)] 393016K->328560K(716288K), 0.0015787 secs] [Times: user=0.01 sys=0.00, real=0.00 secs] 
3328.207: [GC (Allocation Failure) [PSYoungGen: 66077K->1568K(66560K)] 393072K->328571K(716288K), 0.0016417 secs] [Times: user=0.01 sys=0.00, real=0.00 secs] 
3328.855: [GC (Allocation Failure) [PSYoungGen: 66080K->1456K(66560K)] 393083K->328459K(716288K), 0.0019393 secs] [Times: user=0.01 sys=0.00, real=0.00 secs] 
3329.242: [GC (Allocation Failure) [PSYoungGen: 65968K->1344K(66560K)] 392971K->328347K(716288K), 0.0023674 secs] [Times: user=0.01 sys=0.00, real=0.00 secs] 
3329.511: [GC (Allocation Failure) [PSYoungGen: 65856K->1376K(66560K)] 392859K->328379K(716288K), 0.0021977 secs] [Times: user=0.01 sys=0.00, real=0.00 secs] 
3329.779: [GC (Allocation Failure) [PSYoungGen: 65888K->1312K(66560K)] 392891K->328315K(716288K), 0.0018824 secs] [Times: user=0.01 sys=0.00, real=0.01 secs] 
3330.100: [GC (Allocation Failure) [PSYoungGen: 65817K->1440K(66560K)] 392820K->328443K(716288K), 0.0014346 secs] [Times: user=0.00 sys=0.00, real=0.01 secs] 
3330.545: [GC (Allocation Failure) [PSYoungGen: 65952K->1549K(66560K)] 392955K->328552K(716288K), 0.0017953 secs] [Times: user=0.01 sys=0.00, real=0.00 secs] 
3330.939: [GC (Allocation Failure) [PSYoungGen: 66061K->1581K(66560K)] 393064K->328584K(716288K), 0.0017665 secs] [Times: user=0.01 sys=0.00, real=0.01 secs] 
3331.393: [GC (Allocation Failure) [PSYoungGen: 66093K->1565K(66560K)] 393096K->328576K(716288K), 0.0017859 secs] [Times: user=0.01 sys=0.00, real=0.00 secs] 
3332.426: [GC (Allocation Failure) [PSYoungGen: 66077K->1504K(66560K)] 393088K->328515K(716288K), 0.0040999 secs] [Times: user=0.02 sys=0.00, real=0.01 secs] 
3333.107: [GC (Allocation Failure) [PSYoungGen: 66016K->1376K(66560K)] 393027K->328387K(716288K), 0.0028801 secs] [Times: user=0.02 sys=0.00, real=0.00 secs] 
3333.638: [GC (Allocation Failure) [PSYoungGen: 65888K->1376K(66560K)] 392899K->328387K(716288K), 0.0027070 secs] [Times: user=0.01 sys=0.00, real=0.01 secs] 
3334.176: [GC (Allocation Failure) [PSYoungGen: 65888K->1344K(66560K)] 392899K->328355K(716288K), 0.0023355 secs] [Times: user=0.01 sys=0.00, real=0.00 secs] 
3334.954: [GC (Allocation Failure) [PSYoungGen: 65856K->1520K(66560K)] 392867K->328531K(716288K), 0.0026036 secs] [Times: user=0.01 sys=0.00, real=0.00 secs] 
3335.398: [GC (Allocation Failure) [PSYoungGen: 66008K->1597K(66560K)] 393020K->328608K(716288K), 0.0015923 secs] [Times: user=0.01 sys=0.00, real=0.00 secs] 
3335.842: [GC (Allocation Failure) [PSYoungGen: 66109K->1565K(66560K)] 393120K->328576K(716288K), 0.0017853 secs] [Times: user=0.00 sys=0.00, real=0.00 secs] 
3336.230: [GC (Allocation Failure) [PSYoungGen: 66077K->1536K(66560K)] 393088K->328555K(716288K), 0.0016180 secs] [Times: user=0.01 sys=0.00, real=0.01 secs] 
3336.754: [GC (Allocation Failure) [PSYoungGen: 66048K->1472K(66560K)] 393067K->328491K(716288K), 0.0023986 secs] [Times: user=0.01 sys=0.00, real=0.00 secs] 
3337.104: [GC (Allocation Failure) [PSYoungGen: 65984K->1376K(66560K)] 393003K->328395K(716288K), 0.0020761 secs] [Times: user=0.00 sys=0.00, real=0.00 secs] 
3337.400: [GC (Allocation Failure) [PSYoungGen: 65888K->1376K(66560K)] 392907K->328395K(716288K), 0.0024798 secs] [Times: user=0.01 sys=0.00, real=0.01 secs] 
3337.663: [GC (Allocation Failure) [PSYoungGen: 65888K->1344K(66560K)] 392907K->328363K(716288K), 0.0024294 secs] [Times: user=0.01 sys=0.00, real=0.00 secs] 
3337.973: [GC (Allocation Failure) [PSYoungGen: 65856K->1344K(66560K)] 392875K->328363K(716288K), 0.0020599 secs] [Times: user=0.01 sys=0.00, real=0.00 secs] 
3338.412: [GC (Allocation Failure) [PSYoungGen: 65849K->1472K(66560K)] 392869K->328515K(716288K), 0.0017442 secs] [Times: user=0.00 sys=0.00, real=0.00 secs] 
3338.798: [GC (Allocation Failure) [PSYoungGen: 65984K->1549K(66560K)] 393027K->328592K(716288K), 0.0017702 secs] [Times: user=0.01 sys=0.00, real=0.00 secs] 
3339.184: [GC (Allocation Failure) [PSYoungGen: 66059K->1501K(66560K)] 393102K->328560K(716288K), 0.0016323 secs] [Times: user=0.01 sys=0.00, real=0.00 secs] 
3339.606: [GC (Allocation Failure) [PSYoungGen: 66013K->2016K(66560K)] 393072K->329075K(716288K), 0.0018952 secs] [Times: user=0.00 sys=0.00, real=0.00 secs] 
3339.875: [GC (Allocation Failure) [PSYoungGen: 66528K->1344K(66560K)] 393587K->328403K(716288K), 0.0016793 secs] [Times: user=0.00 sys=0.00, real=0.00 secs] 
3340.226: [GC (Allocation Failure) [PSYoungGen: 65856K->1376K(66560K)] 392915K->328435K(716288K), 0.0018094 secs] [Times: user=0.00 sys=0.00, real=0.00 secs] 
3340.507: [GC (Allocation Failure) [PSYoungGen: 65888K->1344K(66560K)] 392947K->328403K(716288K), 0.0026444 secs] [Times: user=0.01 sys=0.00, real=0.00 secs] 
3340.807: [GC (Allocation Failure) [PSYoungGen: 65856K->1312K(66560K)] 392915K->328371K(716288K), 0.0020351 secs] [Times: user=0.00 sys=0.00, real=0.00 secs] 
3341.241: [GC (Allocation Failure) [PSYoungGen: 65824K->1469K(66560K)] 392883K->328528K(716288K), 0.0017179 secs] [Times: user=0.00 sys=0.00, real=0.00 secs] 
3341.631: [GC (Allocation Failure) [PSYoungGen: 65966K->1488K(66560K)] 393025K->328547K(716288K), 0.0016740 secs] [Times: user=0.00 sys=0.00, real=0.00 secs] 
3342.018: [GC (Allocation Failure) [PSYoungGen: 66000K->1565K(66560K)] 393059K->328632K(716288K), 0.0017017 secs] [Times: user=0.01 sys=0.00, real=0.00 secs] 
3342.404: [GC (Allocation Failure) [PSYoungGen: 66077K->1565K(66560K)] 393144K->328632K(716288K), 0.0016662 secs] [Times: user=0.00 sys=0.00, real=0.00 secs] 
3342.715: [GC (Allocation Failure) [PSYoungGen: 66077K->1408K(66560K)] 393144K->328475K(716288K), 0.0018335 secs] [Times: user=0.01 sys=0.00, real=0.00 secs] 
3342.983: [GC (Allocation Failure) [PSYoungGen: 65920K->1376K(66560K)] 392987K->328443K(716288K), 0.0017722 secs] [Times: user=0.01 sys=0.00, real=0.00 secs] 
3343.280: [GC (Allocation Failure) [PSYoungGen: 65888K->1376K(66560K)] 392955K->328443K(716288K), 0.0017251 secs] [Times: user=0.01 sys=0.00, real=0.00 secs] 
3343.560: [GC (Allocation Failure) [PSYoungGen: 65888K->1376K(66560K)] 392955K->328443K(716288K), 0.0020682 secs] [Times: user=0.01 sys=0.00, real=0.00 secs] 
3343.938: [GC (Allocation Failure) [PSYoungGen: 65883K->1517K(66560K)] 392951K->328584K(716288K), 0.0015517 secs] [Times: user=0.01 sys=0.00, real=0.00 secs] 
3344.322: [GC (Allocation Failure) [PSYoungGen: 66029K->1565K(66560K)] 393096K->328632K(716288K), 0.0017573 secs] [Times: user=0.01 sys=0.00, real=0.00 secs] 
3344.780: [GC (Allocation Failure) [PSYoungGen: 66077K->1536K(66560K)] 393144K->328611K(716288K), 0.0017254 secs] [Times: user=0.01 sys=0.00, real=0.01 secs] 
3345.168: [GC (Allocation Failure) [PSYoungGen: 66033K->1536K(66560K)] 393109K->328611K(716288K), 0.0016191 secs] [Times: user=0.01 sys=0.00, real=0.00 secs] 
3346.078: [GC (Allocation Failure) [PSYoungGen: 66048K->1424K(66560K)] 393123K->328499K(716288K), 0.0031810 secs] [Times: user=0.01 sys=0.00, real=0.01 secs] 
3346.729: [GC (Allocation Failure) [PSYoungGen: 65936K->1408K(66560K)] 393011K->328483K(716288K), 0.0024687 secs] [Times: user=0.01 sys=0.00, real=0.01 secs] 
3347.325: [GC (Allocation Failure) [PSYoungGen: 65920K->1344K(66560K)] 392995K->328419K(716288K), 0.0023216 secs] [Times: user=0.01 sys=0.00, real=0.00 secs] 
3347.849: [GC (Allocation Failure) [PSYoungGen: 65856K->1344K(66560K)] 392931K->328435K(716288K), 0.0026052 secs] [Times: user=0.01 sys=0.00, real=0.01 secs] 
3348.196: [GC (Allocation Failure) [PSYoungGen: 65856K->1469K(66560K)] 392947K->328560K(716288K), 0.0014989 secs] [Times: user=0.00 sys=0.00, real=0.00 secs] 
3348.583: [GC (Allocation Failure) [PSYoungGen: 65974K->1549K(66560K)] 393066K->328640K(716288K), 0.0015737 secs] [Times: user=0.00 sys=0.00, real=0.00 secs] 
3348.969: [GC (Allocation Failure) [PSYoungGen: 66061K->1533K(66560K)] 393152K->328624K(716288K), 0.0017149 secs] [Times: user=0.01 sys=0.00, real=0.01 secs] 
3349.356: [GC (Allocation Failure) [PSYoungGen: 66036K->1584K(66560K)] 393128K->328683K(716288K), 0.0017830 secs] [Times: user=0.01 sys=0.00, real=0.00 secs] 
3349.839: [GC (Allocation Failure) [PSYoungGen: 66096K->1456K(66560K)] 393195K->328555K(716288K), 0.0021481 secs] [Times: user=0.00 sys=0.00, real=0.01 secs] 
3350.108: [GC (Allocation Failure) [PSYoungGen: 65968K->1376K(66560K)] 393067K->328475K(716288K), 0.0018989 secs] [Times: user=0.01 sys=0.00, real=0.00 secs] 
3350.376: [GC (Allocation Failure) [PSYoungGen: 65888K->1344K(66560K)] 392987K->328443K(716288K), 0.0018279 secs] [Times: user=0.01 sys=0.00, real=0.00 secs] 
3350.644: [GC (Allocation Failure) [PSYoungGen: 65856K->1344K(66560K)] 392955K->328443K(716288K), 0.0018142 secs] [Times: user=0.01 sys=0.00, real=0.00 secs] 
3351.141: [GC (Allocation Failure) [PSYoungGen: 65856K->1536K(66560K)] 392955K->328635K(716288K), 0.0016785 secs] [Times: user=0.00 sys=0.00, real=0.00 secs] 
3351.541: [GC (Allocation Failure) [PSYoungGen: 66048K->1568K(66560K)] 393147K->328667K(716288K), 0.0016767 secs] [Times: user=0.01 sys=0.00, real=0.00 secs] 
3351.933: [GC (Allocation Failure) [PSYoungGen: 66080K->1568K(66560K)] 393179K->328667K(716288K), 0.0016025 secs] [Times: user=0.01 sys=0.00, real=0.00 secs] 
3352.319: [GC (Allocation Failure) [PSYoungGen: 66080K->1597K(66560K)] 393179K->328704K(716288K), 0.0016277 secs] [Times: user=0.01 sys=0.00, real=0.01 secs] 
3352.675: [GC (Allocation Failure) [PSYoungGen: 66109K->1456K(66560K)] 393216K->328563K(716288K), 0.0019299 secs] [Times: user=0.00 sys=0.00, real=0.00 secs] 
3352.944: [GC (Allocation Failure) [PSYoungGen: 65968K->1440K(66560K)] 393075K->328547K(716288K), 0.0018966 secs] [Times: user=0.01 sys=0.00, real=0.00 secs] 
3353.212: [GC (Allocation Failure) [PSYoungGen: 65952K->1376K(66560K)] 393059K->328483K(716288K), 0.0018236 secs] [Times: user=0.01 sys=0.00, real=0.00 secs] 
3353.707: [GC (Allocation Failure) [PSYoungGen: 65888K->1408K(66560K)] 392995K->328515K(716288K), 0.0020648 secs] [Times: user=0.01 sys=0.00, real=0.00 secs] 
3354.486: [GC (Allocation Failure) [PSYoungGen: 65894K->1456K(66560K)] 393001K->328563K(716288K), 0.0019798 secs] [Times: user=0.01 sys=0.00, real=0.00 secs] 
3354.879: [GC (Allocation Failure) [PSYoungGen: 65968K->1565K(66560K)] 393075K->328672K(716288K), 0.0016807 secs] [Times: user=0.01 sys=0.00, real=0.01 secs] 
3355.326: [GC (Allocation Failure) [PSYoungGen: 66077K->1565K(66560K)] 393184K->328672K(716288K), 0.0016133 secs] [Times: user=0.01 sys=0.00, real=0.00 secs] 
3355.769: [GC (Allocation Failure) [PSYoungGen: 66077K->1568K(66560K)] 393184K->328683K(716288K), 0.0016056 secs] [Times: user=0.00 sys=0.00, real=0.01 secs] 
3356.520: [GC (Allocation Failure) [PSYoungGen: 66080K->1520K(66560K)] 393195K->328635K(716288K), 0.0040313 secs] [Times: user=0.02 sys=0.01, real=0.01 secs] 
3357.153: [GC (Allocation Failure) [PSYoungGen: 66032K->1344K(66560K)] 393147K->328459K(716288K), 0.0030557 secs] [Times: user=0.01 sys=0.00, real=0.00 secs] 
3357.781: [GC (Allocation Failure) [PSYoungGen: 65856K->1440K(66560K)] 392971K->328555K(716288K), 0.0026780 secs] [Times: user=0.01 sys=0.00, real=0.00 secs] 
3358.276: [GC (Allocation Failure) [PSYoungGen: 65952K->1312K(66560K)] 393067K->328451K(716288K), 0.0026641 secs] [Times: user=0.01 sys=0.00, real=0.00 secs] 
3358.926: [GC (Allocation Failure) [PSYoungGen: 65820K->1456K(66560K)] 392959K->328595K(716288K), 0.0024246 secs] [Times: user=0.01 sys=0.00, real=0.00 secs] 
3359.360: [GC (Allocation Failure) [PSYoungGen: 65968K->1645K(66560K)] 393107K->328784K(716288K), 0.0015741 secs] [Times: user=0.00 sys=0.00, real=0.01 secs] 
3359.746: [GC (Allocation Failure) [PSYoungGen: 66157K->1533K(66560K)] 393296K->328672K(716288K), 0.0015844 secs] [Times: user=0.01 sys=0.00, real=0.00 secs] 
3360.132: [GC (Allocation Failure) [PSYoungGen: 66045K->1581K(66560K)] 393184K->328728K(716288K), 0.0022363 secs] [Times: user=0.01 sys=0.00, real=0.00 secs] 
3360.516: [GC (Allocation Failure) [PSYoungGen: 66093K->1424K(66560K)] 393240K->328571K(716288K), 0.0016628 secs] [Times: user=0.01 sys=0.00, real=0.00 secs] 
3360.783: [GC (Allocation Failure) [PSYoungGen: 65936K->1376K(66560K)] 393083K->328523K(716288K), 0.0015521 secs] [Times: user=0.01 sys=0.00, real=0.00 secs] 
3361.066: [GC (Allocation Failure) [PSYoungGen: 65888K->1376K(66560K)] 393035K->328523K(716288K), 0.0018570 secs] [Times: user=0.00 sys=0.00, real=0.00 secs] 
3361.341: [GC (Allocation Failure) [PSYoungGen: 65888K->1376K(66560K)] 393035K->328523K(716288K), 0.0016239 secs] [Times: user=0.00 sys=0.00, real=0.00 secs] 
3361.652: [GC (Allocation Failure) [PSYoungGen: 65888K->1408K(66560K)] 393035K->328555K(716288K), 0.0016728 secs] [Times: user=0.01 sys=0.00, real=0.00 secs] 
3362.052: [GC (Allocation Failure) [PSYoungGen: 65894K->1501K(66560K)] 393041K->328648K(716288K), 0.0016593 secs] [Times: user=0.01 sys=0.00, real=0.00 secs] 
3362.499: [GC (Allocation Failure) [PSYoungGen: 66013K->1565K(66560K)] 393160K->328712K(716288K), 0.0016337 secs] [Times: user=0.01 sys=0.00, real=0.01 secs] 
3362.884: [GC (Allocation Failure) [PSYoungGen: 66077K->1536K(66560K)] 393224K->328691K(716288K), 0.0018062 secs] [Times: user=0.00 sys=0.00, real=0.00 secs] 
3363.606: [GC (Allocation Failure) [PSYoungGen: 66048K->2016K(66560K)] 393203K->329171K(716288K), 0.0039386 secs] [Times: user=0.01 sys=0.00, real=0.00 secs] 
3364.201: [GC (Allocation Failure) [PSYoungGen: 66528K->1408K(66560K)] 393683K->328563K(716288K), 0.0030094 secs] [Times: user=0.01 sys=0.00, real=0.00 secs] 
3364.729: [GC (Allocation Failure) [PSYoungGen: 65920K->1392K(66560K)] 393075K->328547K(716288K), 0.0024002 secs] [Times: user=0.01 sys=0.00, real=0.01 secs] 
3365.262: [GC (Allocation Failure) [PSYoungGen: 65904K->1376K(66560K)] 393059K->328531K(716288K), 0.0023409 secs] [Times: user=0.01 sys=0.00, real=0.00 secs] 
3365.690: [GC (Allocation Failure) [PSYoungGen: 65888K->1376K(66560K)] 393043K->328531K(716288K), 0.0023351 secs] [Times: user=0.01 sys=0.00, real=0.01 secs] 
3366.136: [GC (Allocation Failure) [PSYoungGen: 65888K->1501K(66560K)] 393043K->328656K(716288K), 0.0015126 secs] [Times: user=0.01 sys=0.00, real=0.00 secs] 
3366.524: [GC (Allocation Failure) [PSYoungGen: 65986K->1565K(66560K)] 393141K->328720K(716288K), 0.0017037 secs] [Times: user=0.01 sys=0.01, real=0.00 secs] 
3366.911: [GC (Allocation Failure) [PSYoungGen: 66077K->1520K(66560K)] 393232K->328691K(716288K), 0.0015997 secs] [Times: user=0.00 sys=0.00, real=0.00 secs] 
3367.300: [GC (Allocation Failure) [PSYoungGen: 66024K->1536K(66560K)] 393196K->328707K(716288K), 0.0015344 secs] [Times: user=0.01 sys=0.00, real=0.01 secs] 
3367.831: [GC (Allocation Failure) [PSYoungGen: 66048K->1344K(66560K)] 393219K->328539K(716288K), 0.0033918 secs] [Times: user=0.01 sys=0.00, real=0.00 secs] 
3368.334: [GC (Allocation Failure) [PSYoungGen: 65856K->1376K(66560K)] 393051K->328571K(716288K), 0.0022967 secs] [Times: user=0.01 sys=0.00, real=0.00 secs] 
3368.814: [GC (Allocation Failure) [PSYoungGen: 65888K->1312K(66560K)] 393083K->328507K(716288K), 0.0021578 secs] [Times: user=0.01 sys=0.00, real=0.00 secs] 
3369.133: [GC (Allocation Failure) [PSYoungGen: 65824K->1408K(66560K)] 393019K->328611K(716288K), 0.0019862 secs] [Times: user=0.01 sys=0.00, real=0.00 secs] 
3369.512: [GC (Allocation Failure) [PSYoungGen: 65899K->1504K(66560K)] 393102K->328707K(716288K), 0.0018286 secs] [Times: user=0.01 sys=0.00, real=0.00 secs] 
3369.899: [GC (Allocation Failure) [PSYoungGen: 66016K->1552K(66560K)] 393219K->328755K(716288K), 0.0017097 secs] [Times: user=0.00 sys=0.00, real=0.01 secs] 
3370.285: [GC (Allocation Failure) [PSYoungGen: 66064K->1568K(66560K)] 393267K->328779K(716288K), 0.0017551 secs] [Times: user=0.00 sys=0.00, real=0.00 secs] 
3370.670: [GC (Allocation Failure) [PSYoungGen: 66079K->1568K(66560K)] 393290K->328779K(716288K), 0.0016383 secs] [Times: user=0.01 sys=0.00, real=0.01 secs] 
3371.291: [GC (Allocation Failure) [PSYoungGen: 66080K->1392K(66560K)] 393291K->328603K(716288K), 0.0021156 secs] [Times: user=0.01 sys=0.00, real=0.00 secs] 
3372.165: [GC (Allocation Failure) [PSYoungGen: 65904K->1312K(66560K)] 393115K->328531K(716288K), 0.0022829 secs] [Times: user=0.01 sys=0.00, real=0.00 secs] 
3373.071: [GC (Allocation Failure) [PSYoungGen: 65824K->1408K(66560K)] 393043K->328627K(716288K), 0.0035544 secs] [Times: user=0.01 sys=0.00, real=0.00 secs] 
3373.745: [GC (Allocation Failure) [PSYoungGen: 65920K->1408K(66560K)] 393139K->328627K(716288K), 0.0030408 secs] [Times: user=0.01 sys=0.00, real=0.00 secs] 
3374.416: [GC (Allocation Failure) [PSYoungGen: 65920K->1501K(66560K)] 393139K->328720K(716288K), 0.0015981 secs] [Times: user=0.01 sys=0.00, real=0.00 secs] 
3374.802: [GC (Allocation Failure) [PSYoungGen: 66005K->1504K(66560K)] 393224K->328723K(716288K), 0.0016195 secs] [Times: user=0.01 sys=0.00, real=0.00 secs] 
3375.187: [GC (Allocation Failure) [PSYoungGen: 66016K->1568K(66560K)] 393235K->328787K(716288K), 0.0016376 secs] [Times: user=0.01 sys=0.00, real=0.00 secs] 
3375.574: [GC (Allocation Failure) [PSYoungGen: 66071K->1536K(66560K)] 393291K->328763K(716288K), 0.0018051 secs] [Times: user=0.01 sys=0.00, real=0.00 secs] 
3375.917: [GC (Allocation Failure) [PSYoungGen: 66048K->1408K(66560K)] 393275K->328635K(716288K), 0.0016491 secs] [Times: user=0.00 sys=0.00, real=0.00 secs] 
3376.206: [GC (Allocation Failure) [PSYoungGen: 65920K->1408K(66560K)] 393147K->328635K(716288K), 0.0016930 secs] [Times: user=0.00 sys=0.00, real=0.00 secs] 
3376.474: [GC (Allocation Failure) [PSYoungGen: 65920K->1376K(66560K)] 393147K->328603K(716288K), 0.0017180 secs] [Times: user=0.00 sys=0.00, real=0.00 secs] 
3376.742: [GC (Allocation Failure) [PSYoungGen: 65888K->1408K(66560K)] 393115K->328635K(716288K), 0.0018413 secs] [Times: user=0.01 sys=0.00, real=0.00 secs] 
3377.143: [GC (Allocation Failure) [PSYoungGen: 65920K->1485K(66560K)] 393147K->328712K(716288K), 0.0015257 secs] [Times: user=0.01 sys=0.00, real=0.00 secs] 
3377.531: [GC (Allocation Failure) [PSYoungGen: 65975K->1533K(66560K)] 393202K->328760K(716288K), 0.0015449 secs] [Times: user=0.00 sys=0.00, real=0.00 secs] 
3377.916: [GC (Allocation Failure) [PSYoungGen: 66045K->1568K(66560K)] 393272K->328795K(716288K), 0.0016952 secs] [Times: user=0.01 sys=0.00, real=0.00 secs] 
3378.302: [GC (Allocation Failure) [PSYoungGen: 66080K->1536K(66560K)] 393307K->328787K(716288K), 0.0017659 secs] [Times: user=0.01 sys=0.00, real=0.00 secs] 
3378.676: [GC (Allocation Failure) [PSYoungGen: 66048K->1456K(66560K)] 393299K->328707K(716288K), 0.0018388 secs] [Times: user=0.00 sys=0.00, real=0.00 secs] 
3379.035: [GC (Allocation Failure) [PSYoungGen: 65968K->1392K(66560K)] 393219K->328643K(716288K), 0.0016904 secs] [Times: user=0.01 sys=0.00, real=0.00 secs] 
3379.323: [GC (Allocation Failure) [PSYoungGen: 65904K->1408K(66560K)] 393155K->328659K(716288K), 0.0018403 secs] [Times: user=0.01 sys=0.00, real=0.00 secs] 
3379.672: [GC (Allocation Failure) [PSYoungGen: 65920K->1376K(66560K)] 393171K->328627K(716288K), 0.0017848 secs] [Times: user=0.01 sys=0.00, real=0.00 secs] 
3380.154: [GC (Allocation Failure) [PSYoungGen: 65859K->1517K(66560K)] 393110K->328768K(716288K), 0.0014725 secs] [Times: user=0.01 sys=0.00, real=0.00 secs] 
3380.539: [GC (Allocation Failure) [PSYoungGen: 66029K->1533K(66560K)] 393280K->328784K(716288K), 0.0017356 secs] [Times: user=0.01 sys=0.00, real=0.01 secs] 
3380.981: [GC (Allocation Failure) [PSYoungGen: 66045K->1549K(66560K)] 393296K->328800K(716288K), 0.0018397 secs] [Times: user=0.00 sys=0.00, real=0.00 secs] 
3381.427: [GC (Allocation Failure) [PSYoungGen: 66061K->1565K(66560K)] 393312K->328824K(716288K), 0.0016218 secs] [Times: user=0.01 sys=0.00, real=0.00 secs] 
3382.169: [GC (Allocation Failure) [PSYoungGen: 66077K->1504K(66560K)] 393336K->328763K(716288K), 0.0072699 secs] [Times: user=0.03 sys=0.00, real=0.01 secs] 
3383.020: [GC (Allocation Failure) [PSYoungGen: 66016K->1408K(66560K)] 393275K->328667K(716288K), 0.0044312 secs] [Times: user=0.02 sys=0.00, real=0.01 secs] 
3383.657: [GC (Allocation Failure) [PSYoungGen: 65920K->1408K(66560K)] 393179K->328667K(716288K), 0.0025319 secs] [Times: user=0.01 sys=0.01, real=0.00 secs] 
3384.259: [GC (Allocation Failure) [PSYoungGen: 65920K->1408K(66560K)] 393179K->328667K(716288K), 0.0026239 secs] [Times: user=0.01 sys=0.00, real=0.01 secs] 
3384.802: [GC (Allocation Failure) [PSYoungGen: 65901K->1424K(66560K)] 393160K->328683K(716288K), 0.0022590 secs] [Times: user=0.01 sys=0.00, real=0.00 secs] 
3385.303: [GC (Allocation Failure) [PSYoungGen: 65936K->1536K(66560K)] 393195K->328795K(716288K), 0.0016422 secs] [Times: user=0.01 sys=0.00, real=0.00 secs] 
3385.689: [GC (Allocation Failure) [PSYoungGen: 66048K->1536K(66560K)] 393307K->328795K(716288K), 0.0016167 secs] [Times: user=0.01 sys=0.00, real=0.01 secs] 
3386.075: [GC (Allocation Failure) [PSYoungGen: 66048K->1504K(66560K)] 393307K->328771K(716288K), 0.0016568 secs] [Times: user=0.01 sys=0.00, real=0.00 secs] 
3386.620: [GC (Allocation Failure) [PSYoungGen: 66016K->1440K(66560K)] 393283K->328707K(716288K), 0.0024808 secs] [Times: user=0.01 sys=0.00, real=0.01 secs] 
3386.900: [GC (Allocation Failure) [PSYoungGen: 65952K->1376K(66560K)] 393219K->328643K(716288K), 0.0020190 secs] [Times: user=0.01 sys=0.00, real=0.01 secs] 
3387.169: [GC (Allocation Failure) [PSYoungGen: 65888K->1408K(66560K)] 393155K->328675K(716288K), 0.0019570 secs] [Times: user=0.00 sys=0.01, real=0.01 secs] 
3387.437: [GC (Allocation Failure) [PSYoungGen: 65920K->1392K(66560K)] 393187K->328659K(716288K), 0.0020459 secs] [Times: user=0.01 sys=0.00, real=0.00 secs] 
3387.705: [GC (Allocation Failure) [PSYoungGen: 65904K->1376K(66560K)] 393171K->328643K(716288K), 0.0018523 secs] [Times: user=0.01 sys=0.00, real=0.00 secs] 
3388.115: [GC (Allocation Failure) [PSYoungGen: 65868K->1536K(66560K)] 393136K->328827K(716288K), 0.0017568 secs] [Times: user=0.01 sys=0.00, real=0.00 secs] 
3388.500: [GC (Allocation Failure) [PSYoungGen: 66048K->1565K(66560K)] 393339K->328856K(716288K), 0.0017799 secs] [Times: user=0.00 sys=0.00, real=0.00 secs] 
3388.887: [GC (Allocation Failure) [PSYoungGen: 66077K->1504K(66560K)] 393368K->328803K(716288K), 0.0016160 secs] [Times: user=0.01 sys=0.00, real=0.00 secs] 
3389.283: [GC (Allocation Failure) [PSYoungGen: 66016K->2016K(66560K)] 393315K->329323K(716288K), 0.0019415 secs] [Times: user=0.01 sys=0.00, real=0.00 secs] 
3389.627: [GC (Allocation Failure) [PSYoungGen: 66528K->1392K(66560K)] 393835K->328699K(716288K), 0.0018107 secs] [Times: user=0.01 sys=0.00, real=0.00 secs] 
3390.097: [GC (Allocation Failure) [PSYoungGen: 65904K->1344K(66560K)] 393211K->328651K(716288K), 0.0032066 secs] [Times: user=0.01 sys=0.00, real=0.01 secs] 
3390.576: [GC (Allocation Failure) [PSYoungGen: 65856K->1376K(66560K)] 393163K->328683K(716288K), 0.0025491 secs] [Times: user=0.01 sys=0.00, real=0.00 secs] 
3391.037: [GC (Allocation Failure) [PSYoungGen: 65888K->1376K(66560K)] 393195K->328683K(716288K), 0.0021863 secs] [Times: user=0.01 sys=0.00, real=0.00 secs] 
3391.544: [GC (Allocation Failure) [PSYoungGen: 65886K->1501K(66560K)] 393193K->328808K(716288K), 0.0015307 secs] [Times: user=0.01 sys=0.00, real=0.00 secs] 
3391.932: [GC (Allocation Failure) [PSYoungGen: 66013K->1536K(66560K)] 393320K->328843K(716288K), 0.0016086 secs] [Times: user=0.01 sys=0.00, real=0.00 secs] 
3392.321: [GC (Allocation Failure) [PSYoungGen: 66038K->1485K(66560K)] 393346K->328800K(716288K), 0.0021849 secs] [Times: user=0.01 sys=0.00, real=0.00 secs] 
3392.799: [GC (Allocation Failure) [PSYoungGen: 65997K->1504K(66560K)] 393312K->328819K(716288K), 0.0017243 secs] [Times: user=0.01 sys=0.00, real=0.01 secs] 
3393.087: [GC (Allocation Failure) [PSYoungGen: 66016K->1344K(66560K)] 393331K->328659K(716288K), 0.0021172 secs] [Times: user=0.01 sys=0.00, real=0.00 secs] 
3393.355: [GC (Allocation Failure) [PSYoungGen: 65856K->1376K(66560K)] 393171K->328691K(716288K), 0.0020074 secs] [Times: user=0.01 sys=0.00, real=0.00 secs] 
3393.623: [GC (Allocation Failure) [PSYoungGen: 65888K->1376K(66560K)] 393203K->328691K(716288K), 0.0019962 secs] [Times: user=0.01 sys=0.00, real=0.00 secs] 
3393.891: [GC (Allocation Failure) [PSYoungGen: 65888K->1344K(66560K)] 393203K->328659K(716288K), 0.0018998 secs] [Times: user=0.01 sys=0.00, real=0.00 secs] 
3394.258: [GC (Allocation Failure) [PSYoungGen: 65845K->1469K(66560K)] 393160K->328784K(716288K), 0.0015212 secs] [Times: user=0.01 sys=0.00, real=0.00 secs] 
3394.642: [GC (Allocation Failure) [PSYoungGen: 65981K->1565K(66560K)] 393296K->328880K(716288K), 0.0016238 secs] [Times: user=0.01 sys=0.00, real=0.00 secs] 
3395.029: [GC (Allocation Failure) [PSYoungGen: 66077K->1536K(66560K)] 393392K->328867K(716288K), 0.0017071 secs] [Times: user=0.01 sys=0.00, real=0.01 secs] 
3395.414: [GC (Allocation Failure) [PSYoungGen: 66048K->1533K(66560K)] 393379K->328864K(716288K), 0.0016993 secs] [Times: user=0.00 sys=0.00, real=0.00 secs] 
3396.001: [GC (Allocation Failure) [PSYoungGen: 66045K->1408K(66560K)] 393376K->328739K(716288K), 0.0031812 secs] [Times: user=0.02 sys=0.00, real=0.00 secs] 
3396.266: [GC (Allocation Failure) [PSYoungGen: 65920K->1360K(66560K)] 393251K->328691K(716288K), 0.0021038 secs] [Times: user=0.00 sys=0.00, real=0.00 secs] 
3396.609: [GC (Allocation Failure) [PSYoungGen: 65872K->1408K(66560K)] 393203K->328763K(716288K), 0.0029050 secs] [Times: user=0.01 sys=0.00, real=0.01 secs] 
3396.875: [GC (Allocation Failure) [PSYoungGen: 65920K->1408K(66560K)] 393275K->328763K(716288K), 0.0018964 secs] [Times: user=0.01 sys=0.00, real=0.00 secs] 
3397.240: [GC (Allocation Failure) [PSYoungGen: 65889K->1517K(66560K)] 393244K->328872K(716288K), 0.0016261 secs] [Times: user=0.01 sys=0.00, real=0.00 secs] 
3397.627: [GC (Allocation Failure) [PSYoungGen: 66029K->1504K(66560K)] 393384K->328859K(716288K), 0.0017343 secs] [Times: user=0.01 sys=0.00, real=0.00 secs] 
3398.014: [GC (Allocation Failure) [PSYoungGen: 66016K->1565K(66560K)] 393371K->328920K(716288K), 0.0016027 secs] [Times: user=0.00 sys=0.00, real=0.00 secs] 
3398.400: [GC (Allocation Failure) [PSYoungGen: 66066K->1517K(66560K)] 393421K->328880K(716288K), 0.0018423 secs] [Times: user=0.00 sys=0.00, real=0.01 secs] 
3399.481: [GC (Allocation Failure) [PSYoungGen: 66029K->1408K(66560K)] 393392K->328771K(716288K), 0.0048186 secs] [Times: user=0.02 sys=0.00, real=0.00 secs] 
3400.455: [GC (Allocation Failure) [PSYoungGen: 65920K->1376K(66560K)] 393283K->328739K(716288K), 0.0034497 secs] [Times: user=0.01 sys=0.00, real=0.00 secs] 
3401.104: [GC (Allocation Failure) [PSYoungGen: 65888K->1376K(66560K)] 393251K->328739K(716288K), 0.0027352 secs] [Times: user=0.01 sys=0.00, real=0.00 secs] 
3401.535: [GC (Allocation Failure) [PSYoungGen: 65888K->1376K(66560K)] 393251K->328739K(716288K), 0.0025695 secs] [Times: user=0.01 sys=0.00, real=0.00 secs] 
3402.156: [GC (Allocation Failure) [PSYoungGen: 65865K->1469K(66560K)] 393228K->328832K(716288K), 0.0019853 secs] [Times: user=0.01 sys=0.00, real=0.00 secs] 
3402.548: [GC (Allocation Failure) [PSYoungGen: 65981K->1552K(66560K)] 393344K->328915K(716288K), 0.0043354 secs] [Times: user=0.01 sys=0.00, real=0.01 secs] 
3402.997: [GC (Allocation Failure) [PSYoungGen: 66064K->1552K(66560K)] 393427K->328915K(716288K), 0.0015991 secs] [Times: user=0.01 sys=0.00, real=0.00 secs] 
3403.382: [GC (Allocation Failure) [PSYoungGen: 66064K->1568K(66560K)] 393427K->328939K(716288K), 0.0016594 secs] [Times: user=0.00 sys=0.00, real=0.00 secs] 
3404.752: [GC (Allocation Failure) [PSYoungGen: 66080K->1488K(66560K)] 393451K->328859K(716288K), 0.0042701 secs] [Times: user=0.02 sys=0.01, real=0.00 secs] 
3405.364: [GC (Allocation Failure) [PSYoungGen: 66000K->1344K(66560K)] 393371K->328715K(716288K), 0.0025847 secs] [Times: user=0.01 sys=0.00, real=0.00 secs] 
3405.661: [GC (Allocation Failure) [PSYoungGen: 65856K->1408K(66560K)] 393227K->328779K(716288K), 0.0020741 secs] [Times: user=0.01 sys=0.00, real=0.00 secs] 
3405.929: [GC (Allocation Failure) [PSYoungGen: 65920K->1408K(66560K)] 393291K->328779K(716288K), 0.0020309 secs] [Times: user=0.01 sys=0.00, real=0.01 secs] 
3406.255: [GC (Allocation Failure) [PSYoungGen: 65896K->1485K(66560K)] 393267K->328856K(716288K), 0.0014872 secs] [Times: user=0.00 sys=0.00, real=0.00 secs] 
3406.639: [GC (Allocation Failure) [PSYoungGen: 65997K->1568K(66560K)] 393368K->328939K(716288K), 0.0016470 secs] [Times: user=0.00 sys=0.00, real=0.01 secs] 
3407.029: [GC (Allocation Failure) [PSYoungGen: 66080K->1533K(66560K)] 393451K->328904K(716288K), 0.0016101 secs] [Times: user=0.01 sys=0.00, real=0.01 secs] 
3407.413: [GC (Allocation Failure) [PSYoungGen: 66045K->1536K(66560K)] 393416K->328915K(716288K), 0.0016374 secs] [Times: user=0.01 sys=0.00, real=0.00 secs] 
3407.868: [GC (Allocation Failure) [PSYoungGen: 66048K->1456K(66560K)] 393427K->328835K(716288K), 0.0019620 secs] [Times: user=0.01 sys=0.00, real=0.00 secs] 
3408.406: [GC (Allocation Failure) [PSYoungGen: 65968K->1344K(66560K)] 393347K->328739K(716288K), 0.0018478 secs] [Times: user=0.00 sys=0.00, real=0.00 secs] 
3408.710: [GC (Allocation Failure) [PSYoungGen: 65856K->1376K(66560K)] 393251K->328771K(716288K), 0.0017389 secs] [Times: user=0.01 sys=0.00, real=0.00 secs] 
3408.978: [GC (Allocation Failure) [PSYoungGen: 65888K->1376K(66560K)] 393283K->328771K(716288K), 0.0019050 secs] [Times: user=0.00 sys=0.00, real=0.01 secs] 
3409.380: [GC (Allocation Failure) [PSYoungGen: 65862K->1392K(66560K)] 393258K->328787K(716288K), 0.0019389 secs] [Times: user=0.00 sys=0.00, real=0.01 secs] 
3409.853: [GC (Allocation Failure) [PSYoungGen: 65904K->1584K(66560K)] 393299K->328979K(716288K), 0.0018172 secs] [Times: user=0.01 sys=0.00, real=0.00 secs] 
3410.296: [GC (Allocation Failure) [PSYoungGen: 66096K->1613K(66560K)] 393491K->329008K(716288K), 0.0018091 secs] [Times: user=0.00 sys=0.00, real=0.00 secs] 
3410.682: [GC (Allocation Failure) [PSYoungGen: 66125K->1581K(66560K)] 393520K->328984K(716288K), 0.0017785 secs] [Times: user=0.01 sys=0.00, real=0.00 secs] 
3411.065: [GC (Allocation Failure) [PSYoungGen: 66093K->1456K(66560K)] 393496K->328859K(716288K), 0.0016793 secs] [Times: user=0.01 sys=0.00, real=0.00 secs] 
3411.340: [GC (Allocation Failure) [PSYoungGen: 65968K->1376K(66560K)] 393371K->328779K(716288K), 0.0025184 secs] [Times: user=0.01 sys=0.01, real=0.00 secs] 
3411.603: [GC (Allocation Failure) [PSYoungGen: 65888K->1376K(66560K)] 393291K->328779K(716288K), 0.0021067 secs] [Times: user=0.01 sys=0.00, real=0.00 secs] 
3411.871: [GC (Allocation Failure) [PSYoungGen: 65888K->1344K(66560K)] 393291K->328747K(716288K), 0.0019158 secs] [Times: user=0.00 sys=0.00, real=0.00 secs] 
3412.161: [GC (Allocation Failure) [PSYoungGen: 65856K->1376K(66560K)] 393259K->328779K(716288K), 0.0019504 secs] [Times: user=0.00 sys=0.00, real=0.00 secs] 
3412.575: [GC (Allocation Failure) [PSYoungGen: 65870K->1552K(66560K)] 393273K->328955K(716288K), 0.0015642 secs] [Times: user=0.01 sys=0.00, real=0.00 secs] 
3412.970: [GC (Allocation Failure) [PSYoungGen: 66064K->1568K(66560K)] 393467K->328971K(716288K), 0.0016827 secs] [Times: user=0.01 sys=0.00, real=0.01 secs] 
3413.357: [GC (Allocation Failure) [PSYoungGen: 66080K->1533K(66560K)] 393483K->328944K(716288K), 0.0017373 secs] [Times: user=0.00 sys=0.00, real=0.00 secs] 
3413.898: [GC (Allocation Failure) [PSYoungGen: 66045K->2016K(66560K)] 393456K->329427K(716288K), 0.0022383 secs] [Times: user=0.01 sys=0.00, real=0.01 secs] 
3414.843: [GC (Allocation Failure) [PSYoungGen: 66528K->1376K(66560K)] 393939K->328787K(716288K), 0.0038769 secs] [Times: user=0.02 sys=0.00, real=0.00 secs] 
3415.643: [GC (Allocation Failure) [PSYoungGen: 65888K->1376K(66560K)] 393299K->328787K(716288K), 0.0038564 secs] [Times: user=0.02 sys=0.01, real=0.00 secs] 
3416.349: [GC (Allocation Failure) [PSYoungGen: 65888K->1376K(66560K)] 393299K->328787K(716288K), 0.0030389 secs] [Times: user=0.01 sys=0.00, real=0.01 secs] 
3417.097: [GC (Allocation Failure) [PSYoungGen: 65888K->1408K(66560K)] 393299K->328819K(716288K), 0.0027964 secs] [Times: user=0.01 sys=0.00, real=0.01 secs] 
3417.626: [GC (Allocation Failure) [PSYoungGen: 65894K->1536K(66560K)] 393305K->328947K(716288K), 0.0015876 secs] [Times: user=0.01 sys=0.00, real=0.00 secs] 
3418.012: [GC (Allocation Failure) [PSYoungGen: 66048K->1565K(66560K)] 393459K->328976K(716288K), 0.0016426 secs] [Times: user=0.01 sys=0.00, real=0.00 secs] 
3418.398: [GC (Allocation Failure) [PSYoungGen: 66077K->1597K(66560K)] 393488K->329032K(716288K), 0.0017785 secs] [Times: user=0.00 sys=0.00, real=0.00 secs] 
3418.783: [GC (Allocation Failure) [PSYoungGen: 66109K->1600K(66560K)] 393544K->329035K(716288K), 0.0016140 secs] [Times: user=0.01 sys=0.00, real=0.00 secs] 
3419.950: [GC (Allocation Failure) [PSYoungGen: 66112K->1440K(66560K)] 393547K->328875K(716288K), 0.0021135 secs] [Times: user=0.01 sys=0.00, real=0.01 secs] 
3420.549: [GC (Allocation Failure) [PSYoungGen: 65952K->1344K(66560K)] 393387K->328779K(716288K), 0.0021164 secs] [Times: user=0.01 sys=0.00, real=0.01 secs] 
3421.315: [GC (Allocation Failure) [PSYoungGen: 65856K->1392K(66560K)] 393291K->328827K(716288K), 0.0025275 secs] [Times: user=0.01 sys=0.00, real=0.00 secs] 
3422.006: [GC (Allocation Failure) [PSYoungGen: 65904K->1376K(66560K)] 393339K->328811K(716288K), 0.0025561 secs] [Times: user=0.01 sys=0.00, real=0.00 secs] 
3422.700: [GC (Allocation Failure) [PSYoungGen: 65870K->1485K(66560K)] 393306K->328920K(716288K), 0.0015854 secs] [Times: user=0.01 sys=0.00, real=0.00 secs] 
3423.090: [GC (Allocation Failure) [PSYoungGen: 65997K->1536K(66560K)] 393432K->328971K(716288K), 0.0019198 secs] [Times: user=0.00 sys=0.00, real=0.01 secs] 
3423.482: [GC (Allocation Failure) [PSYoungGen: 66048K->1549K(66560K)] 393483K->328992K(716288K), 0.0016134 secs] [Times: user=0.01 sys=0.00, real=0.00 secs] 
3423.867: [GC (Allocation Failure) [PSYoungGen: 66059K->1536K(66560K)] 393502K->328979K(716288K), 0.0015937 secs] [Times: user=0.00 sys=0.00, real=0.00 secs] 
3424.450: [GC (Allocation Failure) [PSYoungGen: 66048K->1376K(66560K)] 393491K->328819K(716288K), 0.0019264 secs] [Times: user=0.01 sys=0.00, real=0.00 secs] 
3424.927: [GC (Allocation Failure) [PSYoungGen: 65888K->1376K(66560K)] 393331K->328819K(716288K), 0.0020435 secs] [Times: user=0.01 sys=0.00, real=0.00 secs] 
3425.221: [GC (Allocation Failure) [PSYoungGen: 65888K->1408K(66560K)] 393331K->328851K(716288K), 0.0019583 secs] [Times: user=0.01 sys=0.00, real=0.00 secs] 
3425.490: [GC (Allocation Failure) [PSYoungGen: 65920K->1344K(66560K)] 393363K->328787K(716288K), 0.0019105 secs] [Times: user=0.01 sys=0.00, real=0.01 secs] 
3425.871: [GC (Allocation Failure) [PSYoungGen: 65850K->1504K(66560K)] 393293K->328947K(716288K), 0.0014764 secs] [Times: user=0.00 sys=0.00, real=0.00 secs] 
3426.256: [GC (Allocation Failure) [PSYoungGen: 66016K->1565K(66560K)] 393459K->329008K(716288K), 0.0017187 secs] [Times: user=0.00 sys=0.00, real=0.00 secs] 
3426.644: [GC (Allocation Failure) [PSYoungGen: 66077K->1568K(66560K)] 393520K->329011K(716288K), 0.0016397 secs] [Times: user=0.01 sys=0.00, real=0.00 secs] 
3427.030: [GC (Allocation Failure) [PSYoungGen: 66080K->1597K(66560K)] 393523K->329048K(716288K), 0.0015957 secs] [Times: user=0.01 sys=0.00, real=0.00 secs] 
3428.494: [GC (Allocation Failure) [PSYoungGen: 66109K->1408K(66560K)] 393560K->328859K(716288K), 0.0042742 secs] [Times: user=0.01 sys=0.00, real=0.00 secs] 
3429.179: [GC (Allocation Failure) [PSYoungGen: 65920K->1344K(66560K)] 393371K->328819K(716288K), 0.0023650 secs] [Times: user=0.01 sys=0.00, real=0.01 secs] 
3429.694: [GC (Allocation Failure) [PSYoungGen: 65856K->1344K(66560K)] 393331K->328819K(716288K), 0.0021872 secs] [Times: user=0.01 sys=0.00, real=0.00 secs] 
3429.963: [GC (Allocation Failure) [PSYoungGen: 65856K->1408K(66560K)] 393331K->328883K(716288K), 0.0018505 secs] [Times: user=0.01 sys=0.00, real=0.00 secs] 
3430.390: [GC (Allocation Failure) [PSYoungGen: 65910K->1408K(66560K)] 393386K->328883K(716288K), 0.0015661 secs] [Times: user=0.00 sys=0.00, real=0.01 secs] 
3430.774: [GC (Allocation Failure) [PSYoungGen: 65920K->1536K(66560K)] 393395K->329011K(716288K), 0.0016522 secs] [Times: user=0.01 sys=0.00, real=0.00 secs] 
3431.163: [GC (Allocation Failure) [PSYoungGen: 66048K->1536K(66560K)] 393523K->329011K(716288K), 0.0016228 secs] [Times: user=0.01 sys=0.00, real=0.00 secs] 
3431.548: [GC (Allocation Failure) [PSYoungGen: 66048K->1568K(66560K)] 393523K->329051K(716288K), 0.0016375 secs] [Times: user=0.01 sys=0.00, real=0.00 secs] 
3432.030: [GC (Allocation Failure) [PSYoungGen: 66080K->1456K(66560K)] 393563K->328939K(716288K), 0.0022103 secs] [Times: user=0.01 sys=0.00, real=0.01 secs] 
3432.667: [GC (Allocation Failure) [PSYoungGen: 65968K->1392K(66560K)] 393451K->328875K(716288K), 0.0020186 secs] [Times: user=0.01 sys=0.00, real=0.00 secs] 
3433.047: [GC (Allocation Failure) [PSYoungGen: 65904K->1408K(66560K)] 393387K->328891K(716288K), 0.0020473 secs] [Times: user=0.01 sys=0.00, real=0.00 secs] 
3433.332: [GC (Allocation Failure) [PSYoungGen: 65920K->1344K(66560K)] 393403K->328827K(716288K), 0.0028197 secs] [Times: user=0.01 sys=0.00, real=0.00 secs] 
3433.723: [GC (Allocation Failure) [PSYoungGen: 65856K->1488K(66560K)] 393339K->328971K(716288K), 0.0019421 secs] [Times: user=0.00 sys=0.00, real=0.00 secs] 
3434.129: [GC (Allocation Failure) [PSYoungGen: 65989K->1565K(66560K)] 393473K->329048K(716288K), 0.0015889 secs] [Times: user=0.01 sys=0.00, real=0.01 secs] 
3434.516: [GC (Allocation Failure) [PSYoungGen: 66077K->1565K(66560K)] 393560K->329048K(716288K), 0.0016217 secs] [Times: user=0.01 sys=0.00, real=0.00 secs] 
3434.972: [GC (Allocation Failure) [PSYoungGen: 66077K->1533K(66560K)] 393560K->329024K(716288K), 0.0017842 secs] [Times: user=0.01 sys=0.00, real=0.00 secs] 
3435.358: [GC (Allocation Failure) [PSYoungGen: 66045K->1488K(66560K)] 393536K->328979K(716288K), 0.0023212 secs] [Times: user=0.01 sys=0.00, real=0.01 secs] 
3435.666: [GC (Allocation Failure) [PSYoungGen: 66000K->1376K(66560K)] 393491K->328867K(716288K), 0.0021158 secs] [Times: user=0.01 sys=0.00, real=0.00 secs] 
3435.934: [GC (Allocation Failure) [PSYoungGen: 65888K->1344K(66560K)] 393379K->328835K(716288K), 0.0020351 secs] [Times: user=0.00 sys=0.00, real=0.00 secs] 
3436.240: [GC (Allocation Failure) [PSYoungGen: 65856K->1408K(66560K)] 393347K->328899K(716288K), 0.0019385 secs] [Times: user=0.01 sys=0.00, real=0.01 secs] 
3436.574: [GC (Allocation Failure) [PSYoungGen: 65896K->1437K(66560K)] 393387K->328928K(716288K), 0.0018714 secs] [Times: user=0.01 sys=0.00, real=0.00 secs] 
3436.973: [GC (Allocation Failure) [PSYoungGen: 65949K->1565K(66560K)] 393440K->329080K(716288K), 0.0016361 secs] [Times: user=0.00 sys=0.00, real=0.00 secs] 
3437.363: [GC (Allocation Failure) [PSYoungGen: 66077K->1568K(66560K)] 393592K->329083K(716288K), 0.0016350 secs] [Times: user=0.01 sys=0.00, real=0.00 secs] 
3437.749: [GC (Allocation Failure) [PSYoungGen: 66080K->1584K(66560K)] 393595K->329107K(716288K), 0.0017978 secs] [Times: user=0.00 sys=0.00, real=0.01 secs] 
3438.186: [GC (Allocation Failure) [PSYoungGen: 66096K->1456K(66560K)] 393619K->328979K(716288K), 0.0018585 secs] [Times: user=0.01 sys=0.00, real=0.00 secs] 
3438.454: [GC (Allocation Failure) [PSYoungGen: 65968K->1376K(66560K)] 393491K->328899K(716288K), 0.0018063 secs] [Times: user=0.01 sys=0.00, real=0.00 secs] 
3438.722: [GC (Allocation Failure) [PSYoungGen: 65888K->1376K(66560K)] 393411K->328899K(716288K), 0.0019380 secs] [Times: user=0.01 sys=0.00, real=0.00 secs] 
3438.991: [GC (Allocation Failure) [PSYoungGen: 65888K->1344K(66560K)] 393411K->328867K(716288K), 0.0019093 secs] [Times: user=0.01 sys=0.00, real=0.00 secs] 
3439.259: [GC (Allocation Failure) [PSYoungGen: 65856K->1344K(66560K)] 393379K->328867K(716288K), 0.0019075 secs] [Times: user=0.01 sys=0.00, real=0.01 secs] 
3439.670: [GC (Allocation Failure) [PSYoungGen: 65856K->1536K(66560K)] 393379K->329059K(716288K), 0.0016545 secs] [Times: user=0.00 sys=0.00, real=0.01 secs] 
3440.057: [GC (Allocation Failure) [PSYoungGen: 66028K->1581K(66560K)] 393551K->329104K(716288K), 0.0017102 secs] [Times: user=0.00 sys=0.00, real=0.00 secs] 
3440.506: [GC (Allocation Failure) [PSYoungGen: 66093K->1565K(66560K)] 393616K->329096K(716288K), 0.0016312 secs] [Times: user=0.01 sys=0.00, real=0.00 secs] 
3440.944: [GC (Allocation Failure) [PSYoungGen: 66077K->2016K(66560K)] 393608K->329555K(716288K), 0.0018148 secs] [Times: user=0.00 sys=0.00, real=0.00 secs] 
3441.236: [GC (Allocation Failure) [PSYoungGen: 66528K->1408K(66560K)] 394067K->328947K(716288K), 0.0018939 secs] [Times: user=0.00 sys=0.00, real=0.00 secs] 
3441.504: [GC (Allocation Failure) [PSYoungGen: 65920K->1440K(66560K)] 393459K->328979K(716288K), 0.0020107 secs] [Times: user=0.01 sys=0.00, real=0.00 secs] 
3441.819: [GC (Allocation Failure) [PSYoungGen: 65952K->1424K(66560K)] 393491K->328963K(716288K), 0.0018931 secs] [Times: user=0.01 sys=0.00, real=0.01 secs] 
3442.109: [GC (Allocation Failure) [PSYoungGen: 65936K->1440K(66560K)] 393475K->328979K(716288K), 0.0046086 secs] [Times: user=0.01 sys=0.00, real=0.01 secs] 
3442.508: [GC (Allocation Failure) [PSYoungGen: 65926K->1581K(66560K)] 393465K->329120K(716288K), 0.0015937 secs] [Times: user=0.01 sys=0.00, real=0.00 secs] 
3442.894: [GC (Allocation Failure) [PSYoungGen: 66093K->1565K(66560K)] 393632K->329104K(716288K), 0.0016681 secs] [Times: user=0.01 sys=0.00, real=0.00 secs] 
3443.280: [GC (Allocation Failure) [PSYoungGen: 66077K->1600K(66560K)] 393616K->329155K(716288K), 0.0017528 secs] [Times: user=0.01 sys=0.00, real=0.01 secs] 
3443.672: [GC (Allocation Failure) [PSYoungGen: 66112K->1600K(66560K)] 393667K->329155K(716288K), 0.0015660 secs] [Times: user=0.01 sys=0.00, real=0.00 secs] 
3443.977: [GC (Allocation Failure) [PSYoungGen: 66112K->1440K(66560K)] 393667K->328995K(716288K), 0.0016942 secs] [Times: user=0.00 sys=0.00, real=0.00 secs] 
3444.279: [GC (Allocation Failure) [PSYoungGen: 65952K->1424K(66560K)] 393507K->328979K(716288K), 0.0016342 secs] [Times: user=0.01 sys=0.00, real=0.01 secs] 
3444.552: [GC (Allocation Failure) [PSYoungGen: 65936K->1376K(66560K)] 393491K->328931K(716288K), 0.0026818 secs] [Times: user=0.01 sys=0.00, real=0.00 secs] 
3444.847: [GC (Allocation Failure) [PSYoungGen: 65888K->1344K(66560K)] 393443K->328899K(716288K), 0.0027035 secs] [Times: user=0.01 sys=0.00, real=0.00 secs] 
3445.232: [GC (Allocation Failure) [PSYoungGen: 65838K->1533K(66560K)] 393393K->329088K(716288K), 0.0016458 secs] [Times: user=0.00 sys=0.00, real=0.00 secs] 
3445.618: [GC (Allocation Failure) [PSYoungGen: 66045K->1568K(66560K)] 393600K->329123K(716288K), 0.0017175 secs] [Times: user=0.00 sys=0.00, real=0.00 secs] 
3446.005: [GC (Allocation Failure) [PSYoungGen: 66080K->1597K(66560K)] 393635K->329184K(716288K), 0.0015343 secs] [Times: user=0.01 sys=0.00, real=0.00 secs] 
3446.390: [GC (Allocation Failure) [PSYoungGen: 66109K->1533K(66560K)] 393696K->329120K(716288K), 0.0016314 secs] [Times: user=0.00 sys=0.00, real=0.01 secs] 
3447.251: [GC (Allocation Failure) [PSYoungGen: 66045K->1408K(66560K)] 393632K->328995K(716288K), 0.0019638 secs] [Times: user=0.01 sys=0.00, real=0.00 secs] 
3447.838: [GC (Allocation Failure) [PSYoungGen: 65920K->1344K(66560K)] 393507K->328931K(716288K), 0.0030294 secs] [Times: user=0.01 sys=0.00, real=0.01 secs] 
3448.337: [GC (Allocation Failure) [PSYoungGen: 65856K->1408K(66560K)] 393443K->328995K(716288K), 0.0020444 secs] [Times: user=0.01 sys=0.00, real=0.00 secs] 
3448.607: [GC (Allocation Failure) [PSYoungGen: 65920K->1376K(66560K)] 393507K->328963K(716288K), 0.0020276 secs] [Times: user=0.01 sys=0.01, real=0.00 secs] 
3449.032: [GC (Allocation Failure) [PSYoungGen: 65887K->1488K(66560K)] 393475K->329075K(716288K), 0.0016600 secs] [Times: user=0.01 sys=0.00, real=0.00 secs] 
3449.417: [GC (Allocation Failure) [PSYoungGen: 66000K->1533K(66560K)] 393587K->329120K(716288K), 0.0017330 secs] [Times: user=0.01 sys=0.00, real=0.00 secs] 
3449.803: [GC (Allocation Failure) [PSYoungGen: 66045K->1485K(66560K)] 393632K->329072K(716288K), 0.0015772 secs] [Times: user=0.01 sys=0.00, real=0.00 secs] 
3450.189: [GC (Allocation Failure) [PSYoungGen: 65985K->1584K(66560K)] 393572K->329179K(716288K), 0.0016555 secs] [Times: user=0.01 sys=0.01, real=0.01 secs] 
3450.866: [GC (Allocation Failure) [PSYoungGen: 66096K->1440K(66560K)] 393691K->329035K(716288K), 0.0017756 secs] [Times: user=0.01 sys=0.00, real=0.00 secs] 
3451.393: [GC (Allocation Failure) [PSYoungGen: 65952K->1376K(66560K)] 393547K->328971K(716288K), 0.0019289 secs] [Times: user=0.00 sys=0.00, real=0.00 secs] 
3451.739: [GC (Allocation Failure) [PSYoungGen: 65888K->1392K(66560K)] 393483K->328987K(716288K), 0.0019017 secs] [Times: user=0.01 sys=0.00, real=0.01 secs] 
3452.007: [GC (Allocation Failure) [PSYoungGen: 65904K->1360K(66560K)] 393499K->328955K(716288K), 0.0019318 secs] [Times: user=0.01 sys=0.01, real=0.00 secs] 
3452.443: [GC (Allocation Failure) [PSYoungGen: 65862K->1437K(66560K)] 393458K->329032K(716288K), 0.0015598 secs] [Times: user=0.01 sys=0.00, real=0.00 secs] 
3452.833: [GC (Allocation Failure) [PSYoungGen: 65949K->1565K(66560K)] 393544K->329160K(716288K), 0.0015651 secs] [Times: user=0.00 sys=0.00, real=0.00 secs] 
3453.220: [GC (Allocation Failure) [PSYoungGen: 66077K->1504K(66560K)] 393672K->329099K(716288K), 0.0017555 secs] [Times: user=0.01 sys=0.00, real=0.01 secs] 
3453.606: [GC (Allocation Failure) [PSYoungGen: 65999K->1565K(66560K)] 393594K->329168K(716288K), 0.0017787 secs] [Times: user=0.00 sys=0.00, real=0.00 secs] 
3454.149: [GC (Allocation Failure) [PSYoungGen: 66077K->1488K(66560K)] 393680K->329091K(716288K), 0.0020834 secs] [Times: user=0.01 sys=0.00, real=0.01 secs] 
3454.561: [GC (Allocation Failure) [PSYoungGen: 66000K->1376K(66560K)] 393603K->328979K(716288K), 0.0028112 secs] [Times: user=0.01 sys=0.00, real=0.00 secs] 
3454.865: [GC (Allocation Failure) [PSYoungGen: 65888K->1344K(66560K)] 393491K->328947K(716288K), 0.0025002 secs] [Times: user=0.01 sys=0.00, real=0.00 secs] 
3455.135: [GC (Allocation Failure) [PSYoungGen: 65856K->1424K(66560K)] 393459K->329027K(716288K), 0.0020324 secs] [Times: user=0.01 sys=0.00, real=0.00 secs] 
3455.453: [GC (Allocation Failure) [PSYoungGen: 65936K->1424K(66560K)] 393539K->329027K(716288K), 0.0015005 secs] [Times: user=0.01 sys=0.00, real=0.00 secs] 
3455.838: [GC (Allocation Failure) [PSYoungGen: 65936K->1581K(66560K)] 393539K->329184K(716288K), 0.0015567 secs] [Times: user=0.01 sys=0.00, real=0.00 secs] 
3456.225: [GC (Allocation Failure) [PSYoungGen: 66093K->1568K(66560K)] 393696K->329171K(716288K), 0.0016160 secs] [Times: user=0.01 sys=0.00, real=0.00 secs] 
3456.611: [GC (Allocation Failure) [PSYoungGen: 66080K->1565K(66560K)] 393683K->329184K(716288K), 0.0016894 secs] [Times: user=0.00 sys=0.00, real=0.00 secs] 
3457.152: [GC (Allocation Failure) [PSYoungGen: 66077K->1440K(66560K)] 393696K->329059K(716288K), 0.0019876 secs] [Times: user=0.01 sys=0.00, real=0.00 secs] 
3457.696: [GC (Allocation Failure) [PSYoungGen: 65952K->1376K(66560K)] 393571K->328995K(716288K), 0.0031028 secs] [Times: user=0.01 sys=0.00, real=0.00 secs] 
3457.967: [GC (Allocation Failure) [PSYoungGen: 65888K->1376K(66560K)] 393507K->328995K(716288K), 0.0029290 secs] [Times: user=0.01 sys=0.00, real=0.00 secs] 
3458.235: [GC (Allocation Failure) [PSYoungGen: 65888K->1360K(66560K)] 393507K->328979K(716288K), 0.0020508 secs] [Times: user=0.01 sys=0.01, real=0.00 secs] 
3458.541: [GC (Allocation Failure) [PSYoungGen: 65855K->1456K(66560K)] 393475K->329075K(716288K), 0.0019189 secs] [Times: user=0.01 sys=0.00, real=0.00 secs] 
3458.933: [GC (Allocation Failure) [PSYoungGen: 65967K->1549K(66560K)] 393586K->329168K(716288K), 0.0017587 secs] [Times: user=0.00 sys=0.00, real=0.00 secs] 
3459.319: [GC (Allocation Failure) [PSYoungGen: 66061K->1536K(66560K)] 393680K->329155K(716288K), 0.0015923 secs] [Times: user=0.01 sys=0.00, real=0.01 secs] 
3459.705: [GC (Allocation Failure) [PSYoungGen: 66048K->1533K(66560K)] 393667K->329160K(716288K), 0.0017637 secs] [Times: user=0.00 sys=0.00, real=0.00 secs] 
3460.158: [GC (Allocation Failure) [PSYoungGen: 66045K->1440K(66560K)] 393672K->329067K(716288K), 0.0019444 secs] [Times: user=0.01 sys=0.00, real=0.01 secs] 
3460.650: [GC (Allocation Failure) [PSYoungGen: 65952K->1344K(66560K)] 393579K->328971K(716288K), 0.0021221 secs] [Times: user=0.01 sys=0.00, real=0.00 secs] 
3461.199: [GC (Allocation Failure) [PSYoungGen: 65856K->1376K(66560K)] 393483K->329003K(716288K), 0.0021103 secs] [Times: user=0.01 sys=0.00, real=0.01 secs] 
3461.718: [GC (Allocation Failure) [PSYoungGen: 65888K->1376K(66560K)] 393515K->329003K(716288K), 0.0033693 secs] [Times: user=0.01 sys=0.00, real=0.01 secs] 
3462.263: [GC (Allocation Failure) [PSYoungGen: 65888K->1408K(66560K)] 393515K->329035K(716288K), 0.0032513 secs] [Times: user=0.01 sys=0.00, real=0.00 secs] 
3462.748: [GC (Allocation Failure) [PSYoungGen: 65920K->1501K(66560K)] 393547K->329128K(716288K), 0.0016698 secs] [Times: user=0.01 sys=0.00, real=0.00 secs] 
3463.136: [GC (Allocation Failure) [PSYoungGen: 66000K->1533K(66560K)] 393628K->329160K(716288K), 0.0015600 secs] [Times: user=0.01 sys=0.00, real=0.00 secs] 
3463.590: [GC (Allocation Failure) [PSYoungGen: 66045K->1533K(66560K)] 393672K->329168K(716288K), 0.0016555 secs] [Times: user=0.01 sys=0.00, real=0.00 secs] 
3464.001: [GC (Allocation Failure) [PSYoungGen: 66045K->2032K(66560K)] 393680K->330179K(716288K), 0.0028907 secs] [Times: user=0.01 sys=0.00, real=0.00 secs] 
3464.457: [GC (Allocation Failure) [PSYoungGen: 66544K->1360K(66560K)] 394691K->329507K(716288K), 0.0021380 secs] [Times: user=0.01 sys=0.00, real=0.00 secs] 
3465.008: [GC (Allocation Failure) [PSYoungGen: 65872K->1360K(66560K)] 394019K->329507K(716288K), 0.0019720 secs] [Times: user=0.01 sys=0.00, real=0.01 secs] 
3465.548: [GC (Allocation Failure) [PSYoungGen: 65872K->1408K(66560K)] 394019K->329555K(716288K), 0.0021486 secs] [Times: user=0.00 sys=0.00, real=0.00 secs] 
3466.246: [GC (Allocation Failure) [PSYoungGen: 65920K->1408K(66560K)] 394067K->329555K(716288K), 0.0030548 secs] [Times: user=0.01 sys=0.00, real=0.00 secs] 
3466.891: [GC (Allocation Failure) [PSYoungGen: 65920K->1536K(66560K)] 394067K->329683K(716288K), 0.0016602 secs] [Times: user=0.01 sys=0.00, real=0.00 secs] 
3467.281: [GC (Allocation Failure) [PSYoungGen: 66030K->1533K(66560K)] 394178K->329680K(716288K), 0.0016055 secs] [Times: user=0.00 sys=0.01, real=0.00 secs] 
3467.668: [GC (Allocation Failure) [PSYoungGen: 66045K->1568K(66560K)] 394192K->329723K(716288K), 0.0016403 secs] [Times: user=0.00 sys=0.00, real=0.00 secs] 
3468.052: [GC (Allocation Failure) [PSYoungGen: 66049K->288K(66560K)] 394205K->328443K(716288K), 0.0016406 secs] [Times: user=0.00 sys=0.00, real=0.00 secs] 
3468.935: [GC (Allocation Failure) [PSYoungGen: 64800K->1344K(66560K)] 392955K->329515K(716288K), 0.0045404 secs] [Times: user=0.01 sys=0.00, real=0.00 secs] 
3469.467: [GC (Allocation Failure) [PSYoungGen: 65856K->1312K(66560K)] 394027K->329483K(716288K), 0.0021411 secs] [Times: user=0.01 sys=0.00, real=0.00 secs] 
3469.757: [GC (Allocation Failure) [PSYoungGen: 65824K->1376K(66560K)] 393995K->329547K(716288K), 0.0021873 secs] [Times: user=0.01 sys=0.00, real=0.00 secs] 
3470.025: [GC (Allocation Failure) [PSYoungGen: 65888K->1344K(66560K)] 394059K->329515K(716288K), 0.0019882 secs] [Times: user=0.00 sys=0.00, real=0.00 secs] 
3470.404: [GC (Allocation Failure) [PSYoungGen: 65856K->1520K(66560K)] 394027K->329691K(716288K), 0.0016264 secs] [Times: user=0.01 sys=0.00, real=0.00 secs] 
3470.792: [GC (Allocation Failure) [PSYoungGen: 66001K->1504K(66560K)] 394173K->329675K(716288K), 0.0015871 secs] [Times: user=0.01 sys=0.00, real=0.00 secs] 
3471.179: [GC (Allocation Failure) [PSYoungGen: 66016K->1533K(66560K)] 394187K->329720K(716288K), 0.0017024 secs] [Times: user=0.01 sys=0.00, real=0.01 secs] 
3471.566: [GC (Allocation Failure) [PSYoungGen: 66045K->1536K(66560K)] 394232K->329723K(716288K), 0.0016153 secs] [Times: user=0.00 sys=0.00, real=0.00 secs] 
3471.891: [GC (Allocation Failure) [PSYoungGen: 66048K->1408K(66560K)] 394235K->329595K(716288K), 0.0016047 secs] [Times: user=0.01 sys=0.00, real=0.00 secs] 
3472.159: [GC (Allocation Failure) [PSYoungGen: 65920K->1312K(66560K)] 394107K->329499K(716288K), 0.0016958 secs] [Times: user=0.01 sys=0.00, real=0.01 secs] 
3472.431: [GC (Allocation Failure) [PSYoungGen: 65824K->1376K(66560K)] 394011K->329563K(716288K), 0.0016906 secs] [Times: user=0.01 sys=0.00, real=0.00 secs] 
3472.805: [GC (Allocation Failure) [PSYoungGen: 65888K->1376K(66560K)] 394075K->329563K(716288K), 0.0018106 secs] [Times: user=0.01 sys=0.00, real=0.00 secs] 
3473.161: [GC (Allocation Failure) [PSYoungGen: 65888K->1485K(66560K)] 394075K->329672K(716288K), 0.0016337 secs] [Times: user=0.01 sys=0.00, real=0.00 secs] 
3473.546: [GC (Allocation Failure) [PSYoungGen: 65997K->1565K(66560K)] 394184K->329752K(716288K), 0.0017157 secs] [Times: user=0.01 sys=0.00, real=0.00 secs] 
3473.933: [GC (Allocation Failure) [PSYoungGen: 66077K->1501K(66560K)] 394264K->329704K(716288K), 0.0015770 secs] [Times: user=0.00 sys=0.00, real=0.00 secs] 
3474.321: [GC (Allocation Failure) [PSYoungGen: 66007K->1565K(66560K)] 394210K->329776K(716288K), 0.0014416 secs] [Times: user=0.00 sys=0.00, real=0.00 secs] 
3476.645: [GC (Allocation Failure) [PSYoungGen: 66077K->2016K(66560K)] 394288K->330516K(716288K), 0.0025182 secs] [Times: user=0.01 sys=0.00, real=0.00 secs] 
3479.003: [GC (Allocation Failure) [PSYoungGen: 66528K->2032K(66560K)] 395028K->337861K(716288K), 0.0084276 secs] [Times: user=0.05 sys=0.00, real=0.01 secs] 
3485.585: [GC (Allocation Failure) [PSYoungGen: 66544K->5088K(62976K)] 402373K->356373K(712704K), 0.0291832 secs] [Times: user=0.15 sys=0.02, real=0.03 secs] 
3491.508: [GC (Allocation Failure) [PSYoungGen: 62944K->11744K(69632K)] 414229K->379485K(719360K), 0.0341955 secs] [Times: user=0.19 sys=0.01, real=0.04 secs] 
3491.715: [GC (Allocation Failure) [PSYoungGen: 69600K->19936K(68608K)] 437341K->403157K(718336K), 0.0371404 secs] [Times: user=0.08 sys=0.13, real=0.04 secs] 
3491.830: [GC (Allocation Failure) [PSYoungGen: 68576K->29152K(77824K)] 451797K->423733K(727552K), 0.0134555 secs] [Times: user=0.05 sys=0.02, real=0.02 secs] 
3491.898: [GC (Allocation Failure) [PSYoungGen: 77792K->38880K(84992K)] 472373K->443653K(734720K), 0.0255803 secs] [Times: user=0.07 sys=0.07, real=0.03 secs] 
3491.984: [GC (Allocation Failure) [PSYoungGen: 84957K->49632K(95744K)] 489731K->463013K(745472K), 0.0155208 secs] [Times: user=0.08 sys=0.01, real=0.01 secs] 
3492.060: [GC (Allocation Failure) [PSYoungGen: 95712K->61920K(102912K)] 509093K->482669K(752640K), 0.0227689 secs] [Times: user=0.07 sys=0.05, real=0.03 secs] 
3492.136: [GC (Allocation Failure) [PSYoungGen: 102880K->75744K(116736K)] 523629K->500177K(766464K), 0.0174470 secs] [Times: user=0.09 sys=0.00, real=0.02 secs] 
3492.220: [GC (Allocation Failure) [PSYoungGen: 116704K->90592K(121856K)] 541137K->517657K(771584K), 0.0328999 secs] [Times: user=0.14 sys=0.05, real=0.04 secs] 
3492.274: [GC (Allocation Failure) [PSYoungGen: 121824K->76480K(139264K)] 548889K->531505K(788992K), 0.0307492 secs] [Times: user=0.16 sys=0.02, real=0.03 secs] 
3492.349: [GC (Allocation Failure) [PSYoungGen: 107712K->69024K(151040K)] 562737K->561173K(800768K), 0.0374278 secs] [Times: user=0.20 sys=0.02, real=0.04 secs] 
3492.452: [GC (Allocation Failure) [PSYoungGen: 104352K->28256K(153600K)] 596501K->559781K(803328K), 0.0375142 secs] [Times: user=0.21 sys=0.01, real=0.03 secs] 
3492.558: [GC (Allocation Failure) [PSYoungGen: 63584K->15264K(151040K)] 595109K->575053K(800768K), 0.0550243 secs] [Times: user=0.31 sys=0.01, real=0.06 secs] 
3493.741: [GC (Allocation Failure) [PSYoungGen: 57760K->3128K(153600K)] 617549K->578054K(803328K), 0.0291893 secs] [Times: user=0.17 sys=0.01, real=0.03 secs] 
3493.885: [GC (Allocation Failure) [PSYoungGen: 45624K->256K(159232K)] 620550K->578125K(808960K), 0.0066778 secs] [Times: user=0.03 sys=0.00, real=0.01 secs] 
3493.974: [GC (Allocation Failure) [PSYoungGen: 51456K->12000K(160256K)] 629325K->590026K(809984K), 0.0052149 secs] [Times: user=0.03 sys=0.00, real=0.00 secs] 
3494.078: [GC (Allocation Failure) [PSYoungGen: 63200K->20000K(154112K)] 641226K->609261K(803840K), 0.0133323 secs] [Times: user=0.06 sys=0.01, real=0.02 secs] 
3494.330: [GC (Allocation Failure) [PSYoungGen: 80928K->27008K(159744K)] 670189K->634073K(809472K), 0.0267627 secs] [Times: user=0.08 sys=0.08, real=0.03 secs] 
3494.480: [GC (Allocation Failure) [PSYoungGen: 87936K->25920K(154112K)] 695001K->659821K(803840K), 0.0441394 secs] [Times: user=0.15 sys=0.11, real=0.05 secs] 
3494.524: [Full GC (Ergonomics) [PSYoungGen: 25920K->0K(154112K)] [ParOldGen: 633901K->97978K(526848K)] 659821K->97978K(680960K), [Metaspace: 60087K->59995K(1105920K)], 0.2552944 secs] [Times: user=1.12 sys=0.03, real=0.25 secs] 
3494.866: [GC (Allocation Failure) [PSYoungGen: 72704K->34592K(159232K)] 170682K->132570K(686080K), 0.0095797 secs] [Times: user=0.05 sys=0.00, real=0.01 secs] 
3494.972: [GC (Allocation Failure) [PSYoungGen: 107296K->31136K(161280K)] 205274K->163554K(688128K), 0.0185060 secs] [Times: user=0.10 sys=0.00, real=0.02 secs] 
3495.101: [GC (GCLocker Initiated GC) [PSYoungGen: 118176K->36640K(165376K)] 250594K->200110K(692224K), 0.0773448 secs] [Times: user=0.46 sys=0.00, real=0.07 secs] 
3495.270: [GC (Allocation Failure) [PSYoungGen: 123680K->45728K(179200K)] 287153K->245725K(706048K), 0.0291975 secs] [Times: user=0.17 sys=0.00, real=0.02 secs] 
3496.184: [GC (Allocation Failure) [PSYoungGen: 148640K->24480K(180224K)] 348637K->270037K(707072K), 0.0310472 secs] [Times: user=0.18 sys=0.00, real=0.03 secs] 
3496.394: [GC (GCLocker Initiated GC) [PSYoungGen: 127392K->19712K(192000K)] 372950K->289774K(718848K), 0.0502842 secs] [Times: user=0.29 sys=0.00, real=0.05 secs] 
3496.743: [GC (Allocation Failure) [PSYoungGen: 142592K->50656K(194560K)] 412658K->337935K(721408K), 0.0163409 secs] [Times: user=0.09 sys=0.00, real=0.01 secs] 
3496.937: [GC (Allocation Failure) [PSYoungGen: 173536K->56064K(216576K)] 460815K->389659K(743424K), 0.0465568 secs] [Times: user=0.21 sys=0.06, real=0.05 secs] 
3497.179: [GC (GCLocker Initiated GC) [PSYoungGen: 197376K->60256K(221184K)] 530971K->449723K(748032K), 0.0352845 secs] [Times: user=0.21 sys=0.00, real=0.04 secs] 
3497.911: [GC (Allocation Failure) [PSYoungGen: 201568K->84960K(212480K)] 598740K->558512K(739328K), 0.0577138 secs] [Times: user=0.31 sys=0.02, real=0.05 secs] 
3497.969: [Full GC (Ergonomics) [PSYoungGen: 84960K->0K(212480K)] [ParOldGen: 473552K->256451K(766464K)] 558512K->256451K(978944K), [Metaspace: 59996K->59996K(1105920K)], 0.5661717 secs] [Times: user=2.23 sys=0.00, real=0.57 secs] 
3498.881: [GC (GCLocker Initiated GC) [PSYoungGen: 127488K->16977K(253440K)] 383939K->273429K(1019904K), 0.0045727 secs] [Times: user=0.02 sys=0.00, real=0.00 secs] 
3499.638: [GC (Allocation Failure) [PSYoungGen: 144465K->50112K(254976K)] 400920K->320649K(1021440K), 0.0243283 secs] [Times: user=0.14 sys=0.00, real=0.03 secs] 
3499.877: [GC (Allocation Failure) [PSYoungGen: 194496K->65120K(262144K)] 465033K->381069K(1028608K), 0.0279512 secs] [Times: user=0.17 sys=0.00, real=0.03 secs] 
3502.339: [GC (Allocation Failure) [PSYoungGen: 209504K->57792K(272384K)] 525453K->438637K(1038848K), 0.0515710 secs] [Times: user=0.31 sys=0.00, real=0.06 secs] 
3504.112: [GC (Allocation Failure) [PSYoungGen: 220608K->71168K(276992K)] 601453K->509685K(1043456K), 0.0455285 secs] [Times: user=0.27 sys=0.00, real=0.04 secs] 
3505.072: [GC (Allocation Failure) [PSYoungGen: 233984K->29248K(292864K)] 672501K->538877K(1059328K), 0.0646077 secs] [Times: user=0.37 sys=0.00, real=0.06 secs] 
3505.664: [GC (Allocation Failure) [PSYoungGen: 211520K->93632K(295424K)] 721149K->629130K(1061888K), 0.0255718 secs] [Times: user=0.14 sys=0.00, real=0.02 secs] 
3505.925: [GC (Allocation Failure) [PSYoungGen: 275904K->77760K(325120K)] 811402K->698470K(1091584K), 0.0693165 secs] [Times: user=0.27 sys=0.11, real=0.07 secs] 
3507.081: [GC (Allocation Failure) [PSYoungGen: 279488K->67488K(326656K)] 900198K->765630K(1093120K), 0.0600490 secs] [Times: user=0.33 sys=0.03, real=0.06 secs] 
3507.141: [Full GC (Ergonomics) [PSYoungGen: 67488K->0K(326656K)] [ParOldGen: 698142K->251937K(856576K)] 765630K->251937K(1183232K), [Metaspace: 60002K->60002K(1105920K)], 0.6043332 secs] [Times: user=2.61 sys=0.00, real=0.60 secs] 
3510.274: [GC (GCLocker Initiated GC) [PSYoungGen: 201728K->56192K(332800K)] 453665K->308129K(1189376K), 0.0543442 secs] [Times: user=0.21 sys=0.07, real=0.05 secs] 
3510.624: [GC (Allocation Failure) [PSYoungGen: 281984K->107872K(342016K)] 533960K->410281K(1198592K), 0.0355376 secs] [Times: user=0.21 sys=0.00, real=0.03 secs] 
3511.586: [GC (Allocation Failure) [PSYoungGen: 329494K->128992K(329216K)] 631904K->528129K(1185792K), 0.0645059 secs] [Times: user=0.33 sys=0.05, real=0.07 secs] 
3513.763: [GC (GCLocker Initiated GC) [PSYoungGen: 329184K->38816K(382976K)] 728321K->530233K(1239552K), 0.0855999 secs] [Times: user=0.51 sys=0.00, real=0.08 secs] 
3514.196: [GC (Allocation Failure) [PSYoungGen: 239008K->84032K(389120K)] 730428K->611021K(1245696K), 0.0290001 secs] [Times: user=0.16 sys=0.00, real=0.03 secs] 
3514.494: [GC (Allocation Failure) [PSYoungGen: 307776K->104064K(395776K)] 834765K->706553K(1252352K), 0.0467824 secs] [Times: user=0.28 sys=0.00, real=0.05 secs] 
3515.706: [GC (Allocation Failure) [PSYoungGen: 327808K->47776K(414720K)] 930297K->754257K(1271296K), 0.0633808 secs] [Times: user=0.37 sys=0.01, real=0.06 secs] 
3516.174: [GC (Allocation Failure) [PSYoungGen: 299168K->104224K(420352K)] 1005649K->855494K(1276928K), 0.0414152 secs] [Times: user=0.19 sys=0.05, real=0.04 secs] 
3516.215: [Full GC (Ergonomics) [PSYoungGen: 104224K->0K(420352K)] [ParOldGen: 751269K->139816K(818688K)] 855494K->139816K(1239040K), [Metaspace: 60009K->60009K(1105920K)], 0.3222012 secs] [Times: user=1.48 sys=0.00, real=0.32 secs] 
3516.841: [GC (Allocation Failure) [PSYoungGen: 251392K->115776K(449024K)] 391208K->255592K(1267712K), 0.0370399 secs] [Times: user=0.21 sys=0.02, real=0.03 secs] 
3518.148: [GC (Allocation Failure) [PSYoungGen: 394304K->66176K(453632K)] 534120K->321800K(1272320K), 0.0802416 secs] [Times: user=0.47 sys=0.01, real=0.08 secs] 
3519.663: [GC (Allocation Failure) [PSYoungGen: 344704K->120320K(474624K)] 600328K->436887K(1293312K), 0.1121696 secs] [Times: user=0.64 sys=0.02, real=0.11 secs] 
3521.185: [GC (GCLocker Initiated GC) [PSYoungGen: 426496K->91616K(480768K)] 743063K->519647K(1299456K), 0.0639326 secs] [Times: user=0.37 sys=0.01, real=0.06 secs] 
3521.713: [GC (Allocation Failure) [PSYoungGen: 397792K->128768K(501760K)] 825826K->645575K(1320448K), 0.0513662 secs] [Times: user=0.26 sys=0.05, real=0.05 secs] 
3523.121: [GC (Allocation Failure) [PSYoungGen: 462592K->107392K(509952K)] 979399K->743295K(1328640K), 0.0660527 secs] [Times: user=0.38 sys=0.01, real=0.06 secs] 
3525.018: [GC (Allocation Failure) [PSYoungGen: 441216K->128608K(513536K)] 1077119K->870803K(1332224K), 0.0534421 secs] [Times: user=0.31 sys=0.01, real=0.06 secs] 
3525.072: [Full GC (Ergonomics) [PSYoungGen: 128608K->0K(513536K)] [ParOldGen: 742195K->145850K(931328K)] 870803K->145850K(1444864K), [Metaspace: 60015K->60015K(1105920K)], 0.3300775 secs] [Times: user=1.50 sys=0.00, real=0.33 secs] 
3526.652: [GC (Allocation Failure) [PSYoungGen: 339456K->117536K(519168K)] 485306K->263386K(1450496K), 0.0422545 secs] [Times: user=0.25 sys=0.00, real=0.04 secs] 
3529.249: [GC (Allocation Failure) [PSYoungGen: 456992K->126240K(515072K)] 602842K->389674K(1446400K), 0.0632042 secs] [Times: user=0.37 sys=0.00, real=0.07 secs] 
3530.563: [GC (Allocation Failure) [PSYoungGen: 461600K->121600K(517120K)] 725034K->501154K(1448448K), 0.0634687 secs] [Times: user=0.37 sys=0.01, real=0.06 secs] 
3531.225: [GC (Allocation Failure) [PSYoungGen: 456960K->118880K(514048K)] 836514K->619995K(1445376K), 0.0552024 secs] [Times: user=0.32 sys=0.00, real=0.06 secs] 
3532.537: [GC (Allocation Failure) [PSYoungGen: 454240K->129440K(515584K)] 955355K->739167K(1446912K), 0.0630522 secs] [Times: user=0.37 sys=0.00, real=0.07 secs] 
3533.189: [GC (Allocation Failure) [PSYoungGen: 464800K->112000K(508928K)] 1074527K->850995K(1440256K), 0.0567957 secs] [Times: user=0.33 sys=0.00, real=0.06 secs] 
3533.246: [Full GC (Ergonomics) [PSYoungGen: 112000K->0K(508928K)] [ParOldGen: 738995K->128173K(1004544K)] 850995K->128173K(1513472K), [Metaspace: 60030K->60030K(1105920K)], 0.2974893 secs] [Times: user=1.37 sys=0.00, real=0.30 secs] 
3535.387: [GC (Allocation Failure) [PSYoungGen: 336896K->135520K(513024K)] 465069K->263693K(1517568K), 0.0505881 secs] [Times: user=0.29 sys=0.00, real=0.05 secs] 
3538.314: [GC (Allocation Failure) [PSYoungGen: 472416K->103968K(514560K)] 600589K->367685K(1519104K), 0.0704805 secs] [Times: user=0.41 sys=0.01, real=0.07 secs] 
3539.556: [GC (Allocation Failure) [PSYoungGen: 441418K->174048K(516608K)] 705135K->539562K(1521152K), 0.0700881 secs] [Times: user=0.42 sys=0.01, real=0.07 secs] 
3541.381: [GC (Allocation Failure) [PSYoungGen: 516576K->99936K(434688K)] 882090K->602186K(1439232K), 0.0582551 secs] [Times: user=0.34 sys=0.00, real=0.05 secs] 
3541.745: [GC (Allocation Failure) [PSYoungGen: 352352K->116160K(475648K)] 854602K->708474K(1480192K), 0.0522081 secs] [Times: user=0.31 sys=0.00, real=0.05 secs] 
3542.916: [GC (Allocation Failure) [PSYoungGen: 368576K->61440K(468992K)] 960890K->769514K(1473536K), 0.0523429 secs] [Times: user=0.31 sys=0.00, real=0.05 secs] 
3543.885: [GC (GCLocker Initiated GC) [PSYoungGen: 322560K->107424K(476672K)] 1030636K->874408K(1481216K), 0.1124887 secs] [Times: user=0.63 sys=0.04, real=0.11 secs] 
3546.965: [GC (Allocation Failure) [PSYoungGen: 368544K->114080K(466432K)] 1144866K->989090K(1470976K), 0.1114579 secs] [Times: user=0.41 sys=0.20, real=0.11 secs] 
3547.077: [Full GC (Ergonomics) [PSYoungGen: 114080K->0K(466432K)] [ParOldGen: 875010K->252431K(1184256K)] 989090K->252431K(1650688K), [Metaspace: 60047K->60047K(1105920K)], 0.5724938 secs] [Times: user=2.49 sys=0.00, real=0.57 secs] 
3548.023: [GC (Allocation Failure) [PSYoungGen: 275968K->73952K(474624K)] 528399K->326383K(1658880K), 0.0157297 secs] [Times: user=0.09 sys=0.00, real=0.01 secs] 
3548.380: [GC (Allocation Failure) [PSYoungGen: 339562K->115424K(485376K)] 591993K->435268K(1669632K), 0.0440985 secs] [Times: user=0.25 sys=0.00, real=0.05 secs] 
3549.664: [GC (Allocation Failure) [PSYoungGen: 418528K->92064K(493568K)] 738372K->518052K(1677824K), 0.0740310 secs] [Times: user=0.44 sys=0.00, real=0.07 secs] 
3550.635: [GC (Allocation Failure) [PSYoungGen: 395168K->124192K(499712K)] 821156K->638316K(1683968K), 0.0460566 secs] [Times: user=0.28 sys=0.00, real=0.05 secs] 
3551.977: [GC (Allocation Failure) [PSYoungGen: 446752K->104864K(505856K)] 960876K->733908K(1690112K), 0.0642588 secs] [Times: user=0.38 sys=0.01, real=0.07 secs] 
3554.694: [GC (Allocation Failure) [PSYoungGen: 427424K->126240K(513024K)] 1056468K->858465K(1697280K), 0.0517263 secs] [Times: user=0.30 sys=0.00, real=0.05 secs] 
3556.032: [GC (Allocation Failure) [PSYoungGen: 464160K->118976K(514560K)] 1196385K->968133K(1698816K), 0.0654022 secs] [Times: user=0.38 sys=0.01, real=0.06 secs] 
3557.698: [GC (Allocation Failure) [PSYoungGen: 456896K->120768K(518656K)] 1306053K->1088433K(1702912K), 0.0636813 secs] [Times: user=0.29 sys=0.07, real=0.07 secs] 
3559.074: [GC (Allocation Failure) [PSYoungGen: 470464K->127200K(519168K)] 1438129K->1205502K(1703424K), 0.0906979 secs] [Times: user=0.31 sys=0.19, real=0.09 secs] 
3559.165: [Full GC (Ergonomics) [PSYoungGen: 127200K->0K(519168K)] [ParOldGen: 1078302K->252853K(1249792K)] 1205502K->252853K(1768960K), [Metaspace: 60064K->60064K(1105920K)], 0.5455610 secs] [Times: user=2.42 sys=0.00, real=0.55 secs] 
3562.372: [GC (Allocation Failure) [PSYoungGen: 349696K->121376K(523264K)] 602549K->374229K(1773056K), 0.0246362 secs] [Times: user=0.15 sys=0.00, real=0.02 secs] 
3563.694: [GC (Allocation Failure) [PSYoungGen: 481824K->126336K(526336K)] 734677K->490450K(1776128K), 0.0621046 secs] [Times: user=0.37 sys=0.00, real=0.06 secs] 
3564.466: [GC (Allocation Failure) [PSYoungGen: 486784K->136384K(528896K)] 850898K->626762K(1778688K), 0.0581537 secs] [Times: user=0.33 sys=0.00, real=0.06 secs] 
3566.439: [GC (Allocation Failure) [PSYoungGen: 500416K->6656K(371200K)] 990794K->497082K(1620992K), 0.0027591 secs] [Times: user=0.01 sys=0.00, real=0.01 secs] 
3567.158: [GC (Allocation Failure) [PSYoungGen: 370688K->150624K(499712K)] 861114K->641050K(1749504K), 0.0297455 secs] [Times: user=0.18 sys=0.00, real=0.03 secs] 
3569.189: [GC (Allocation Failure) [PSYoungGen: 468576K->4768K(323072K)] 959002K->495194K(1572864K), 0.0026848 secs] [Times: user=0.01 sys=0.00, real=0.01 secs] 
3569.988: [GC (Allocation Failure) [PSYoungGen: 322720K->131264K(496128K)] 813146K->621690K(1745920K), 0.0264210 secs] [Times: user=0.15 sys=0.00, real=0.03 secs] 
3571.247: [GC (Allocation Failure) [PSYoungGen: 426688K->201696K(497152K)] 917114K->727794K(1746944K), 0.0607441 secs] [Times: user=0.36 sys=0.00, real=0.06 secs] 
3573.124: [GC (Allocation Failure) [PSYoungGen: 497120K->84832K(434688K)] 1023218K->610954K(1684480K), 0.0191158 secs] [Times: user=0.10 sys=0.00, real=0.02 secs] 
3573.494: [GC (Allocation Failure) [PSYoungGen: 317792K->181408K(465920K)] 843914K->707590K(1715712K), 0.0353441 secs] [Times: user=0.21 sys=0.00, real=0.03 secs] 
3574.607: [GC (GCLocker Initiated GC) [PSYoungGen: 414368K->2768K(465920K)] 940554K->529102K(1715712K), 0.0021061 secs] [Times: user=0.01 sys=0.00, real=0.00 secs] 
3577.124: [GC (Allocation Failure) [PSYoungGen: 235728K->86336K(465920K)] 762128K->614352K(1715712K), 0.0180730 secs] [Times: user=0.10 sys=0.00, real=0.02 secs] 
3577.417: [GC (Allocation Failure) [PSYoungGen: 313771K->99904K(462848K)] 841787K->709260K(1712640K), 0.0455505 secs] [Times: user=0.27 sys=0.00, real=0.05 secs] 
3578.562: [GC (Allocation Failure) [PSYoungGen: 332864K->67168K(300544K)] 942220K->768100K(1550336K), 0.0501986 secs] [Times: user=0.30 sys=0.00, real=0.05 secs] 
3580.026: [GC (Allocation Failure) [PSYoungGen: 300128K->87904K(473088K)] 1001060K->854521K(1722880K), 0.0367256 secs] [Times: user=0.21 sys=0.00, real=0.04 secs] 
3580.341: [GC (Allocation Failure) [PSYoungGen: 335200K->109568K(463360K)] 1101817K->959065K(1713152K), 0.0487617 secs] [Times: user=0.29 sys=0.00, real=0.04 secs] 
3581.532: [GC (Allocation Failure) [PSYoungGen: 356864K->59104K(468480K)] 1206361K->1018033K(1718272K), 0.0519677 secs] [Times: user=0.31 sys=0.00, real=0.05 secs] 
3581.919: [GC (Allocation Failure) [PSYoungGen: 319712K->105536K(464896K)] 1278641K->1122322K(1714688K), 0.0465826 secs] [Times: user=0.27 sys=0.00, real=0.05 secs] 
3583.378: [GC (Allocation Failure) [PSYoungGen: 366144K->117600K(485888K)] 1382930K->1231130K(1735680K), 0.0844559 secs] [Times: user=0.44 sys=0.06, real=0.09 secs] 
3583.463: [Full GC (Ergonomics) [PSYoungGen: 117600K->0K(485888K)] [ParOldGen: 1113530K->241056K(1296384K)] 1231130K->241056K(1782272K), [Metaspace: 60089K->60089K(1105920K)], 0.5823354 secs] [Times: user=2.73 sys=0.01, real=0.58 secs] 
3586.522: [GC (Allocation Failure) [PSYoungGen: 289280K->72032K(483328K)] 530336K->313088K(1779712K), 0.0367526 secs] [Times: user=0.22 sys=0.00, real=0.03 secs] 
3587.031: [GC (Allocation Failure) [PSYoungGen: 361312K->124928K(496640K)] 602368K->432277K(1793024K), 0.0441168 secs] [Times: user=0.26 sys=0.00, real=0.04 secs] 
3588.520: [GC (Allocation Failure) [PSYoungGen: 432128K->91552K(497664K)] 739477K->515517K(1794048K), 0.1041936 secs] [Times: user=0.61 sys=0.00, real=0.11 secs] 
3589.249: [GC (Allocation Failure) [PSYoungGen: 398752K->126624K(499712K)] 822717K->638958K(1796096K), 0.0464218 secs] [Times: user=0.28 sys=0.00, real=0.05 secs] 
3590.574: [GC (Allocation Failure) [PSYoungGen: 443552K->104064K(501760K)] 955886K->733882K(1798144K), 0.0615362 secs] [Times: user=0.36 sys=0.00, real=0.06 secs] 
3591.424: [GC (Allocation Failure) [PSYoungGen: 420992K->133344K(504320K)] 1050810K->866859K(1800704K), 0.0519954 secs] [Times: user=0.31 sys=0.00, real=0.05 secs] 
3594.063: [GC (Allocation Failure) [PSYoungGen: 460512K->121376K(508416K)] 1194027K->971171K(1804800K), 0.0639051 secs] [Times: user=0.37 sys=0.01, real=0.06 secs] 
3594.670: [GC (Allocation Failure) [PSYoungGen: 448544K->108256K(502784K)] 1298339K->1078859K(1799168K), 0.0547685 secs] [Times: user=0.32 sys=0.00, real=0.06 secs] 
3595.981: [GC (Allocation Failure) [PSYoungGen: 446176K->140928K(510976K)] 1416779K->1208564K(1807360K), 0.0620873 secs] [Times: user=0.37 sys=0.00, real=0.06 secs] 
3596.790: [GC (Allocation Failure) [PSYoungGen: 478848K->102080K(520704K)] 1546484K->1310228K(1817088K), 0.0708331 secs] [Times: user=0.38 sys=0.04, real=0.08 secs] 
3596.861: [Full GC (Ergonomics) [PSYoungGen: 102080K->0K(520704K)] [ParOldGen: 1208148K->117803K(1263104K)] 1310228K->117803K(1783808K), [Metaspace: 60096K->60096K(1105920K)], 0.2641375 secs] [Times: user=1.19 sys=0.01, real=0.26 secs] 
3598.341: [GC (Allocation Failure) [PSYoungGen: 346624K->146400K(493056K)] 464427K->264203K(1756160K), 0.0546432 secs] [Times: user=0.33 sys=0.00, real=0.05 secs] 
3600.566: [GC (Allocation Failure) [PSYoungGen: 493024K->104000K(523264K)] 610827K->367883K(1786368K), 0.0743390 secs] [Times: user=0.44 sys=0.00, real=0.07 secs] 
3601.773: [GC (Allocation Failure) [PSYoungGen: 446283K->175584K(518144K)] 710167K->538416K(1781248K), 0.0695383 secs] [Times: user=0.42 sys=0.00, real=0.07 secs] 
3602.769: [GC (Allocation Failure) [PSYoungGen: 518112K->101312K(432128K)] 880944K->603072K(1695232K), 0.0589756 secs] [Times: user=0.35 sys=0.00, real=0.06 secs] 
3603.277: [GC (Allocation Failure) [PSYoungGen: 352704K->113664K(475136K)] 854464K->707081K(1738240K), 0.0544784 secs] [Times: user=0.32 sys=0.01, real=0.06 secs] 
3604.670: [GC (Allocation Failure) [PSYoungGen: 365056K->58944K(471552K)] 958473K->766009K(1734656K), 0.0763292 secs] [Times: user=0.45 sys=0.01, real=0.07 secs] 
3605.176: [GC (Allocation Failure) [PSYoungGen: 318016K->107520K(477184K)] 1025081K->871546K(1740288K), 0.0390028 secs] [Times: user=0.23 sys=0.00, real=0.04 secs] 
3606.620: [GC (Allocation Failure) [PSYoungGen: 366592K->115040K(465920K)] 1130618K->977606K(1729024K), 0.0632023 secs] [Times: user=0.38 sys=0.00, real=0.06 secs] 
3608.012: [GC (Allocation Failure) [PSYoungGen: 385888K->70656K(472064K)] 1248454K->1047878K(1735168K), 0.0523486 secs] [Times: user=0.31 sys=0.00, real=0.05 secs] 
3608.394: [GC (Allocation Failure) [PSYoungGen: 341504K->119392K(484864K)] 1318726K->1157251K(1747968K), 0.0432837 secs] [Times: user=0.26 sys=0.00, real=0.04 secs] 
3610.073: [GC (GCLocker Initiated GC) [PSYoungGen: 416352K->85216K(491520K)] 1454211K->1234211K(1754624K), 0.0667897 secs] [Times: user=0.40 sys=0.01, real=0.06 secs] 
3610.140: [Full GC (Ergonomics) [PSYoungGen: 85216K->0K(491520K)] [ParOldGen: 1148995K->31343K(1218560K)] 1234211K->31343K(1710080K), [Metaspace: 60235K->60235K(1105920K)], 0.0543597 secs] [Times: user=0.18 sys=0.00, real=0.06 secs] 
3611.367: [GC (Allocation Failure) [PSYoungGen: 296960K->120032K(492032K)] 328342K->151414K(1710592K), 0.0246761 secs] [Times: user=0.14 sys=0.00, real=0.03 secs] 
3612.648: [GC (Allocation Failure) [PSYoungGen: 433376K->115616K(499712K)] 464758K->257902K(1718272K), 0.0620919 secs] [Times: user=0.37 sys=0.00, real=0.07 secs] 
3613.699: [GC (Allocation Failure) [PSYoungGen: 428960K->110240K(497152K)] 571246K->368054K(1715712K), 0.0526204 secs] [Times: user=0.31 sys=0.00, real=0.06 secs] 
3616.796: [GC (Allocation Failure) [PSYoungGen: 437365K->174048K(505856K)] 695179K->532659K(1724416K), 0.0695123 secs] [Times: user=0.41 sys=0.00, real=0.07 secs] 
3617.490: [GC (Allocation Failure) [PSYoungGen: 505824K->92544K(443392K)] 864435K->588547K(1661952K), 0.0577955 secs] [Times: user=0.34 sys=0.00, real=0.06 secs] 
3617.840: [GC (Allocation Failure) [PSYoungGen: 342912K->110752K(474624K)] 838915K->693532K(1693184K), 0.0502938 secs] [Times: user=0.30 sys=0.00, real=0.05 secs] 
3619.126: [GC (Allocation Failure) [PSYoungGen: 361120K->61504K(468992K)] 943900K->754908K(1687552K), 0.0822212 secs] [Times: user=0.49 sys=0.00, real=0.08 secs] 
3619.651: [GC (Allocation Failure) [PSYoungGen: 319552K->107584K(475648K)] 1012956K->859785K(1694208K), 0.0427405 secs] [Times: user=0.26 sys=0.00, real=0.04 secs] 
3619.992: [GC (Allocation Failure) [PSYoungGen: 365632K->115168K(464384K)] 1117833K->965713K(1682944K), 0.0543640 secs] [Times: user=0.32 sys=0.00, real=0.05 secs] 
3623.193: [GC (Allocation Failure) [PSYoungGen: 387040K->66656K(472064K)] 1237585K->1031881K(1690624K), 0.0784165 secs] [Times: user=0.46 sys=0.00, real=0.08 secs] 
3623.676: [GC (Allocation Failure) [PSYoungGen: 338528K->125696K(492032K)] 1303753K->1151950K(1710592K), 0.0430011 secs] [Times: user=0.25 sys=0.00, real=0.04 secs] 
3624.990: [GC (Allocation Failure) [PSYoungGen: 424704K->89536K(495616K)] 1450958K->1224990K(1714176K), 0.0747809 secs] [Times: user=0.44 sys=0.00, real=0.07 secs] 
3625.065: [Full GC (Ergonomics) [PSYoungGen: 89536K->0K(495616K)] [ParOldGen: 1135454K->29109K(1247232K)] 1224990K->29109K(1742848K), [Metaspace: 60277K->60277K(1105920K)], 0.0496933 secs] [Times: user=0.16 sys=0.01, real=0.05 secs] 
3625.714: [GC (Allocation Failure) [PSYoungGen: 299008K->122560K(496128K)] 328117K->151669K(1743360K), 0.0247749 secs] [Times: user=0.14 sys=0.00, real=0.02 secs] 
3626.964: [GC (Allocation Failure) [PSYoungGen: 432832K->115616K(498688K)] 461941K->257565K(1745920K), 0.0612734 secs] [Times: user=0.36 sys=0.00, real=0.06 secs] 
3627.528: [GC (Allocation Failure) [PSYoungGen: 425888K->106208K(501760K)] 567837K->363733K(1748992K), 0.0523191 secs] [Times: user=0.31 sys=0.00, real=0.05 secs] 
3629.419: [GC (Allocation Failure) [PSYoungGen: 434400K->176096K(504320K)] 691925K->530178K(1751552K), 0.0585034 secs] [Times: user=0.34 sys=0.00, real=0.06 secs] 
3630.952: [GC (Allocation Failure) [PSYoungGen: 504288K->90976K(442880K)] 858370K->586810K(1690112K), 0.0615300 secs] [Times: user=0.36 sys=0.00, real=0.06 secs] 
3631.344: [GC (Allocation Failure) [PSYoungGen: 339296K->109952K(473600K)] 835130K->691183K(1720832K), 0.0494911 secs] [Times: user=0.29 sys=0.00, real=0.05 secs] 
3632.800: [GC (Allocation Failure) [PSYoungGen: 358272K->56896K(468992K)] 939503K->747999K(1716224K), 0.0851354 secs] [Times: user=0.50 sys=0.00, real=0.09 secs] 
3633.844: [GC (Allocation Failure) [PSYoungGen: 312896K->103616K(475136K)] 1003999K->849882K(1722368K), 0.0427372 secs] [Times: user=0.25 sys=0.00, real=0.04 secs] 
3634.188: [GC (Allocation Failure) [PSYoungGen: 359616K->115616K(463360K)] 1105882K->956154K(1710592K), 0.0533237 secs] [Times: user=0.32 sys=0.00, real=0.06 secs] 
3635.489: [GC (Allocation Failure) [PSYoungGen: 380917K->64896K(470528K)] 1221455K->1020810K(1717760K), 0.0525363 secs] [Times: user=0.31 sys=0.00, real=0.06 secs] 
3636.595: [GC (GCLocker Initiated GC) [PSYoungGen: 333696K->111360K(479744K)] 1289611K->1129159K(1726976K), 0.0600611 secs] [Times: user=0.36 sys=0.00, real=0.06 secs] 
3638.923: [GC (Allocation Failure) [PSYoungGen: 406784K->94176K(488448K)] 1424589K->1214396K(1735680K), 0.0574368 secs] [Times: user=0.33 sys=0.00, real=0.06 secs] 
3638.980: [Full GC (Ergonomics) [PSYoungGen: 94176K->0K(488448K)] [ParOldGen: 1120220K->19323K(1276928K)] 1214396K->19323K(1765376K), [Metaspace: 60280K->60280K(1105920K)], 0.0280511 secs] [Times: user=0.07 sys=0.00, real=0.02 secs] 
3639.735: [GC (Allocation Failure) [PSYoungGen: 295424K->109184K(487424K)] 314747K->128507K(1764352K), 0.0223083 secs] [Times: user=0.13 sys=0.00, real=0.02 secs] 
3640.528: [GC (Allocation Failure) [PSYoungGen: 427648K->158976K(498176K)] 446971K->277627K(1775104K), 0.0611962 secs] [Times: user=0.36 sys=0.01, real=0.06 secs] 
3641.805: [GC (Allocation Failure) [PSYoungGen: 477440K->88992K(510976K)] 596091K->346083K(1787904K), 0.0598240 secs] [Times: user=0.36 sys=0.00, real=0.06 secs] 
3642.235: [GC (Allocation Failure) [PSYoungGen: 408480K->137536K(507392K)] 665571K->477760K(1784320K), 0.0529843 secs] [Times: user=0.32 sys=0.00, real=0.05 secs] 
3645.624: [GC (Allocation Failure) [PSYoungGen: 457024K->83424K(507904K)] 797248K->561040K(1784832K), 0.0785352 secs] [Times: user=0.46 sys=0.01, real=0.08 secs] 
3646.075: [GC (Allocation Failure) [PSYoungGen: 404448K->138592K(508416K)] 882064K->693465K(1785344K), 0.0516842 secs] [Times: user=0.30 sys=0.00, real=0.05 secs] 
3648.733: [GC (GCLocker Initiated GC) [PSYoungGen: 459616K->84224K(508416K)] 1014489K->777497K(1785344K), 0.1227456 secs] [Times: user=0.70 sys=0.00, real=0.12 secs] 
3649.310: [GC (Allocation Failure) [PSYoungGen: 405248K->136960K(508416K)] 1098524K->910153K(1785344K), 0.0467473 secs] [Times: user=0.27 sys=0.00, real=0.04 secs] 
3651.892: [GC (Allocation Failure) [PSYoungGen: 457984K->96288K(504320K)] 1231177K->998037K(1781248K), 0.1747509 secs] [Times: user=1.04 sys=0.00, real=0.17 secs] 
3653.332: [GC (Allocation Failure) [PSYoungGen: 418336K->134624K(506880K)] 1320085K->1129626K(1783808K), 0.0487962 secs] [Times: user=0.28 sys=0.00, real=0.05 secs] 
3654.651: [GC (Allocation Failure) [PSYoungGen: 456672K->98208K(506368K)] 1451678K->1218858K(1783296K), 0.0639950 secs] [Times: user=0.38 sys=0.00, real=0.06 secs] 
3654.715: [Full GC (Ergonomics) [PSYoungGen: 98208K->0K(506368K)] [ParOldGen: 1120650K->24469K(1335808K)] 1218858K->24469K(1842176K), [Metaspace: 60288K->60288K(1105920K)], 0.0320581 secs] [Times: user=0.09 sys=0.00, real=0.03 secs] 
3655.320: [GC (Allocation Failure) [PSYoungGen: 327680K->133568K(509440K)] 352149K->158037K(1845248K), 0.0268442 secs] [Times: user=0.15 sys=0.00, real=0.03 secs] 
3656.635: [GC (Allocation Failure) [PSYoungGen: 461248K->111168K(504832K)] 485717K->260301K(1840640K), 0.0638233 secs] [Times: user=0.38 sys=0.00, real=0.06 secs] 
3657.712: [GC (Allocation Failure) [PSYoungGen: 445504K->126432K(510464K)] 594637K->385746K(1846272K), 0.0521784 secs] [Times: user=0.31 sys=0.00, real=0.05 secs] 
3659.474: [GC (Allocation Failure) [PSYoungGen: 460768K->121120K(514048K)] 720082K->497502K(1849856K), 0.0631444 secs] [Times: user=0.37 sys=0.00, real=0.06 secs] 
3662.061: [GC (Allocation Failure) [PSYoungGen: 469280K->138144K(519168K)] 845662K->635198K(1854976K), 0.0556312 secs] [Times: user=0.33 sys=0.00, real=0.05 secs] 
3663.401: [GC (Allocation Failure) [PSYoungGen: 486304K->126304K(525312K)] 983358K->734917K(1861120K), 0.0630222 secs] [Times: user=0.37 sys=0.00, real=0.06 secs] 
3665.132: [GC (Allocation Failure) [PSYoungGen: 480608K->123168K(477696K)] 1089221K->858053K(1813504K), 0.0573053 secs] [Times: user=0.33 sys=0.00, real=0.05 secs] 
3666.522: [GC (Allocation Failure) [PSYoungGen: 477472K->704K(500736K)] 1212357K->735645K(1836544K), 0.0031259 secs] [Times: user=0.02 sys=0.00, real=0.00 secs] 
3669.079: [GC (Allocation Failure) [PSYoungGen: 334016K->122656K(516096K)] 1068957K->857605K(1851904K), 0.0252909 secs] [Times: user=0.14 sys=0.00, real=0.03 secs] 
3670.451: [GC (Allocation Failure) [PSYoungGen: 455968K->125824K(512512K)] 1190917K->973250K(1848320K), 0.0636560 secs] [Times: user=0.37 sys=0.00, real=0.06 secs] 
3672.241: [GC (Allocation Failure) [PSYoungGen: 460672K->111520K(446464K)] 1308098K->1084082K(1782272K), 0.0558277 secs] [Times: user=0.33 sys=0.00, real=0.05 secs] 
3673.531: [GC (Allocation Failure) [PSYoungGen: 446368K->136224K(511488K)] 1418930K->1209993K(1847296K), 0.0625385 secs] [Times: user=0.37 sys=0.00, real=0.06 secs] 
3675.451: [GC (Allocation Failure) [PSYoungGen: 474144K->104800K(514560K)] 1547913K->1314729K(1850368K), 0.0576795 secs] [Times: user=0.34 sys=0.01, real=0.05 secs] 
3675.509: [Full GC (Ergonomics) [PSYoungGen: 104800K->0K(514560K)] [ParOldGen: 1209929K->121911K(1398272K)] 1314729K->121911K(1912832K), [Metaspace: 60304K->60304K(1105920K)], 0.2726402 secs] [Times: user=1.20 sys=0.00, real=0.28 secs] 
3676.932: [GC (Allocation Failure) [PSYoungGen: 337920K->172000K(485888K)] 459831K->306616K(1884160K), 0.0536615 secs] [Times: user=0.31 sys=0.00, real=0.05 secs] 
3677.633: [GC (GCLocker Initiated GC) [PSYoungGen: 485856K->87584K(506368K)] 620473K->353281K(1904640K), 0.0670469 secs] [Times: user=0.40 sys=0.00, real=0.06 secs] 
3678.067: [GC (Allocation Failure) [PSYoungGen: 401440K->153984K(495616K)] 667176K->500567K(1893888K), 0.0537998 secs] [Times: user=0.32 sys=0.00, real=0.06 secs] 
3680.046: [GC (Allocation Failure) [PSYoungGen: 458624K->77408K(501760K)] 805207K->561555K(1900032K), 0.0945802 secs] [Times: user=0.55 sys=0.01, real=0.10 secs] 
3680.516: [GC (Allocation Failure) [PSYoungGen: 379731K->131104K(496640K)] 863878K->686782K(1894912K), 0.0456206 secs] [Times: user=0.27 sys=0.00, real=0.05 secs] 
3683.298: [GC (Allocation Failure) [PSYoungGen: 435744K->88608K(499200K)] 991422K->766830K(1897472K), 0.0857298 secs] [Times: user=0.51 sys=0.00, real=0.09 secs] 
3684.197: [GC (Allocation Failure) [PSYoungGen: 393248K->127872K(499712K)] 1071470K->891859K(1897984K), 0.0460343 secs] [Times: user=0.27 sys=0.00, real=0.05 secs] 
3685.468: [GC (Allocation Failure) [PSYoungGen: 440704K->101408K(501760K)] 1204691K->984471K(1900032K), 0.0609827 secs] [Times: user=0.36 sys=0.00, real=0.06 secs] 
3686.714: [GC (Allocation Failure) [PSYoungGen: 414240K->129248K(508416K)] 1297303K->1111491K(1906688K), 0.0506261 secs] [Times: user=0.30 sys=0.00, real=0.05 secs] 
3687.988: [GC (Allocation Failure) [PSYoungGen: 453856K->125984K(507392K)] 1436099K->1219930K(1905664K), 0.0632022 secs] [Times: user=0.38 sys=0.00, real=0.07 secs] 
3688.774: [GC (Allocation Failure) [PSYoungGen: 450592K->106560K(510976K)] 1544538K->1326475K(1909248K), 0.0564784 secs] [Times: user=0.33 sys=0.00, real=0.06 secs] 
3688.831: [Full GC (Ergonomics) [PSYoungGen: 106560K->0K(510976K)] [ParOldGen: 1219914K->123755K(1398272K)] 1326475K->123755K(1909248K), [Metaspace: 60310K->60310K(1105920K)], 0.2875666 secs] [Times: user=1.30 sys=0.00, real=0.28 secs] 
3690.852: [GC (Allocation Failure) [PSYoungGen: 331682K->175072K(511488K)] 455438K->302219K(1909760K), 0.0525588 secs] [Times: user=0.30 sys=0.01, real=0.05 secs] 
3691.709: [GC (Allocation Failure) [PSYoungGen: 507964K->93824K(505344K)] 635112K->359187K(1903616K), 0.0702664 secs] [Times: user=0.42 sys=0.00, real=0.07 secs] 
3692.190: [GC (Allocation Failure) [PSYoungGen: 411776K->139520K(508416K)] 677139K->492180K(1906688K), 0.0561727 secs] [Times: user=0.33 sys=0.00, real=0.06 secs] 
3694.139: [GC (Allocation Failure) [PSYoungGen: 457472K->82624K(508416K)] 810132K->574684K(1906688K), 0.0633870 secs] [Times: user=0.37 sys=0.00, real=0.07 secs] 
3694.634: [GC (Allocation Failure) [PSYoungGen: 400576K->137472K(508416K)] 892636K->706169K(1906688K), 0.0524050 secs] [Times: user=0.31 sys=0.00, real=0.05 secs] 
3697.780: [GC (Allocation Failure) [PSYoungGen: 455424K->83008K(506368K)] 1024121K->788997K(1904640K), 0.1362273 secs] [Times: user=0.81 sys=0.00, real=0.13 secs] 
3698.354: [GC (Allocation Failure) [PSYoungGen: 400960K->132448K(507392K)] 1106949K->917946K(1905664K), 0.0466206 secs] [Times: user=0.27 sys=0.00, real=0.05 secs] 
3700.214: [GC (Allocation Failure) [PSYoungGen: 450400K->93632K(503296K)] 1235898K->1003322K(1901568K), 0.1058157 secs] [Times: user=0.63 sys=0.01, real=0.10 secs] 
3701.253: [GC (Allocation Failure) [PSYoungGen: 414656K->132416K(506368K)] 1324346K->1132463K(1904640K), 0.0479301 secs] [Times: user=0.29 sys=0.00, real=0.05 secs] 
3702.713: [GC (Allocation Failure) [PSYoungGen: 453440K->100384K(504832K)] 1453487K->1223831K(1903104K), 0.0953074 secs] [Times: user=0.57 sys=0.00, real=0.09 secs] 
3704.873: [GC (Allocation Failure) [PSYoungGen: 429088K->130944K(509440K)] 1552535K->1352832K(1907712K), 0.0506357 secs] [Times: user=0.30 sys=0.00, real=0.05 secs] 
3706.178: [GC (Allocation Failure) [PSYoungGen: 459648K->114272K(505344K)] 1681536K->1457832K(1903616K), 0.1006855 secs] [Times: user=0.40 sys=0.19, real=0.10 secs] 
3706.279: [Full GC (Ergonomics) [PSYoungGen: 114272K->0K(505344K)] [ParOldGen: 1343560K->18231K(1398272K)] 1457832K->18231K(1903616K), [Metaspace: 60320K->60320K(1105920K)], 0.0297558 secs] [Times: user=0.06 sys=0.00, real=0.03 secs] 
3707.081: [GC (Allocation Failure) [PSYoungGen: 337920K->125280K(512000K)] 356151K->143511K(1910272K), 0.0254168 secs] [Times: user=0.15 sys=0.00, real=0.02 secs] 
3708.437: [GC (Allocation Failure) [PSYoungGen: 463200K->124256K(517120K)] 481431K->256860K(1915392K), 0.0628904 secs] [Times: user=0.37 sys=0.00, real=0.06 secs] 
3709.867: [GC (Allocation Failure) [PSYoungGen: 477536K->125216K(522240K)] 610140K->381704K(1920512K), 0.0549582 secs] [Times: user=0.32 sys=0.00, real=0.06 secs] 
3711.476: [GC (Allocation Failure) [PSYoungGen: 478496K->704K(501760K)] 734984K->257232K(1900032K), 0.0015947 secs] [Times: user=0.01 sys=0.00, real=0.00 secs] 
3713.760: [GC (Allocation Failure) [PSYoungGen: 336064K->124896K(517120K)] 592592K->381456K(1915392K), 0.0254262 secs] [Times: user=0.15 sys=0.00, real=0.03 secs] 
3715.032: [GC (Allocation Failure) [PSYoungGen: 460256K->123008K(513024K)] 716816K->494397K(1911296K), 0.0635283 secs] [Times: user=0.37 sys=0.01, real=0.06 secs] 
3716.320: [GC (Allocation Failure) [PSYoungGen: 459392K->116704K(515584K)] 830781K->610669K(1913856K), 0.0552523 secs] [Times: user=0.32 sys=0.00, real=0.06 secs] 
3717.622: [GC (Allocation Failure) [PSYoungGen: 453088K->131648K(516096K)] 947053K->731590K(1914368K), 0.0618862 secs] [Times: user=0.37 sys=0.00, real=0.06 secs] 
3718.321: [GC (Allocation Failure) [PSYoungGen: 473152K->115072K(517632K)] 1073094K->846614K(1915904K), 0.0577206 secs] [Times: user=0.34 sys=0.00, real=0.05 secs] 
3720.821: [GC (Allocation Failure) [PSYoungGen: 456576K->133184K(517120K)] 1188118K->969370K(1915392K), 0.0622921 secs] [Times: user=0.36 sys=0.00, real=0.06 secs] 
3721.493: [GC (Allocation Failure) [PSYoungGen: 479808K->111104K(518656K)] 1315994K->1080058K(1916928K), 0.0572896 secs] [Times: user=0.33 sys=0.00, real=0.05 secs] 
3722.833: [GC (Allocation Failure) [PSYoungGen: 457728K->137216K(520704K)] 1426682K->1206887K(1918976K), 0.0618631 secs] [Times: user=0.36 sys=0.00, real=0.06 secs] 
3724.150: [GC (GCLocker Initiated GC) [PSYoungGen: 490496K->113920K(523776K)] 1560169K->1320426K(1922048K), 0.0587960 secs] [Times: user=0.34 sys=0.00, real=0.06 secs] 
3724.209: [Full GC (Ergonomics) [PSYoungGen: 113920K->0K(523776K)] [ParOldGen: 1206505K->131608K(1398272K)] 1320426K->131608K(1922048K), [Metaspace: 60324K->60324K(1105920K)], 0.3029103 secs] [Times: user=1.38 sys=0.00, real=0.31 secs] 
3725.776: [GC (Allocation Failure) [PSYoungGen: 353280K->134944K(524288K)] 484889K->266553K(1922560K), 0.0501023 secs] [Times: user=0.29 sys=0.00, real=0.05 secs] 
3728.128: [GC (Allocation Failure) [PSYoungGen: 493856K->121600K(526336K)] 625465K->387797K(1924608K), 0.0679232 secs] [Times: user=0.40 sys=0.00, real=0.07 secs] 
3729.485: [GC (Allocation Failure) [PSYoungGen: 480512K->126976K(529920K)] 746709K->504546K(1928192K), 0.0629031 secs] [Times: user=0.37 sys=0.00, real=0.06 secs] 
3731.473: [GC (Allocation Failure) [PSYoungGen: 494592K->131360K(529920K)] 872162K->635402K(1928192K), 0.0573609 secs] [Times: user=0.34 sys=0.00, real=0.05 secs] 
3732.988: [GC (Allocation Failure) [PSYoungGen: 498976K->5536K(505856K)] 1003018K->509626K(1904128K), 0.0037168 secs] [Times: user=0.01 sys=0.00, real=0.01 secs] 
3735.287: [GC (Allocation Failure) [PSYoungGen: 349088K->144224K(487936K)] 853178K->651767K(1886208K), 0.0286341 secs] [Times: user=0.16 sys=0.00, real=0.03 secs] 
3736.653: [GC (Allocation Failure) [PSYoungGen: 487776K->114176K(521728K)] 995319K->748143K(1920000K), 0.0662293 secs] [Times: user=0.39 sys=0.00, real=0.06 secs] 
3737.421: [GC (Allocation Failure) [PSYoungGen: 452096K->133632K(515072K)] 1086063K->881016K(1913344K), 0.0560422 secs] [Times: user=0.33 sys=0.00, real=0.05 secs] 
3738.966: [GC (Allocation Failure) [PSYoungGen: 471552K->113696K(514560K)] 1218936K->984992K(1912832K), 0.0673385 secs] [Times: user=0.40 sys=0.00, real=0.07 secs] 
3740.071: [GC (GCLocker Initiated GC) [PSYoungGen: 456736K->131584K(515584K)] 1328032K->1116010K(1913856K), 0.0557655 secs] [Times: user=0.33 sys=0.01, real=0.05 secs] 
3742.329: [GC (Allocation Failure) [PSYoungGen: 474624K->117664K(516608K)] 1459052K->1223896K(1914880K), 0.0649055 secs] [Times: user=0.39 sys=0.00, real=0.07 secs] 
3744.568: [GC (Allocation Failure) [PSYoungGen: 470944K->133856K(521216K)] 1577176K->1356277K(1919488K), 0.0563276 secs] [Times: user=0.33 sys=0.01, real=0.06 secs] 
3744.625: [Full GC (Ergonomics) [PSYoungGen: 133856K->0K(521216K)] [ParOldGen: 1222421K->152048K(1398272K)] 1356277K->152048K(1919488K), [Metaspace: 60325K->60325K(1105920K)], 0.3544942 secs] [Times: user=1.64 sys=0.00, real=0.35 secs] 
3746.243: [GC (Allocation Failure) [PSYoungGen: 353280K->116608K(522752K)] 505328K->268656K(1921024K), 0.0454370 secs] [Times: user=0.27 sys=0.00, real=0.04 secs] 
3747.948: [GC (Allocation Failure) [PSYoungGen: 478592K->142528K(526336K)] 630640K->409345K(1924608K), 0.0578004 secs] [Times: user=0.34 sys=0.00, real=0.06 secs] 
3749.836: [GC (GCLocker Initiated GC) [PSYoungGen: 504512K->115328K(530944K)] 771329K->515265K(1929216K), 0.1534824 secs] [Times: user=0.91 sys=0.00, real=0.15 secs] 
3752.010: [GC (Allocation Failure) [PSYoungGen: 480896K->150336K(516096K)] 880836K->663457K(1914368K), 0.0558209 secs] [Times: user=0.33 sys=0.00, real=0.05 secs] 
3753.578: [GC (Allocation Failure) [PSYoungGen: 515904K->111744K(530432K)] 1029025K->766149K(1928704K), 0.0994663 secs] [Times: user=0.59 sys=0.00, real=0.10 secs] 
3754.310: [GC (Allocation Failure) [PSYoungGen: 470656K->150240K(509440K)] 1125061K->913278K(1907712K), 0.0551379 secs] [Times: user=0.32 sys=0.00, real=0.05 secs] 
3755.775: [GC (Allocation Failure) [PSYoungGen: 509152K->112832K(527360K)] 1272190K->1016726K(1925632K), 0.1022276 secs] [Times: user=0.61 sys=0.00, real=0.10 secs] 
3756.970: [GC (Allocation Failure) [PSYoungGen: 465600K->147776K(500736K)] 1369494K->1161006K(1899008K), 0.1196401 secs] [Times: user=0.71 sys=0.00, real=0.11 secs] 
3759.694: [GC (Allocation Failure) [PSYoungGen: 500544K->108928K(525312K)] 1513774K->1261310K(1923584K), 0.1196250 secs] [Times: user=0.72 sys=0.01, real=0.12 secs] 
3760.310: [GC (Allocation Failure) [PSYoungGen: 453843K->144000K(494080K)] 1606226K->1401403K(1892352K), 0.0528314 secs] [Times: user=0.31 sys=0.00, real=0.05 secs] 
3760.363: [Full GC (Ergonomics) [PSYoungGen: 144000K->0K(494080K)] [ParOldGen: 1257403K->197910K(1398272K)] 1401403K->197910K(1892352K), [Metaspace: 60333K->60333K(1105920K)], 0.4748163 secs] [Times: user=2.21 sys=0.00, real=0.47 secs] 
3762.594: [GC (Allocation Failure) [PSYoungGen: 349696K->106560K(524288K)] 547606K->304470K(1922560K), 0.0413193 secs] [Times: user=0.24 sys=0.00, real=0.04 secs] 
3763.053: [GC (Allocation Failure) [PSYoungGen: 454720K->144928K(493568K)] 652630K->445587K(1891840K), 0.0506530 secs] [Times: user=0.30 sys=0.00, real=0.05 secs] 
3765.709: [GC (Allocation Failure) [PSYoungGen: 493088K->107456K(523776K)] 793747K->544043K(1922048K), 0.1282734 secs] [Times: user=0.76 sys=0.01, real=0.13 secs] 
3766.315: [GC (Allocation Failure) [PSYoungGen: 447647K->143456K(521728K)] 884235K->683804K(1920000K), 0.0517367 secs] [Times: user=0.31 sys=0.00, real=0.05 secs] 
3767.661: [GC (Allocation Failure) [PSYoungGen: 490080K->105632K(522240K)] 1030428K->780844K(1920512K), 0.0652570 secs] [Times: user=0.38 sys=0.00, real=0.06 secs] 
3768.236: [GC (Allocation Failure) [PSYoungGen: 451744K->146528K(493056K)] 1126956K->922957K(1891328K), 0.0512607 secs] [Times: user=0.30 sys=0.00, real=0.05 secs] 
3769.950: [GC (GCLocker Initiated GC) [PSYoungGen: 492640K->105344K(521728K)] 1269069K->1018789K(1920000K), 0.0947753 secs] [Times: user=0.56 sys=0.00, real=0.10 secs] 
3770.528: [GC (Allocation Failure) [PSYoungGen: 448384K->144992K(488448K)] 1361900K->1159365K(1886720K), 0.0510609 secs] [Times: user=0.30 sys=0.00, real=0.05 secs] 
3773.408: [GC (Allocation Failure) [PSYoungGen: 488032K->103584K(520704K)] 1502405K->1254197K(1918976K), 0.1214156 secs] [Times: user=0.72 sys=0.00, real=0.12 secs] 
3774.093: [GC (Allocation Failure) [PSYoungGen: 444576K->143936K(485376K)] 1595189K->1394226K(1883648K), 0.0516525 secs] [Times: user=0.30 sys=0.00, real=0.05 secs] 
3774.145: [Full GC (Ergonomics) [PSYoungGen: 143936K->0K(485376K)] [ParOldGen: 1250290K->192079K(1398272K)] 1394226K->192079K(1883648K), [Metaspace: 60333K->60333K(1105920K)], 0.5015859 secs] [Times: user=2.35 sys=0.00, real=0.50 secs] 
3776.585: [GC (Allocation Failure) [PSYoungGen: 340992K->98336K(519168K)] 533071K->290415K(1917440K), 0.0902742 secs] [Times: user=0.53 sys=0.00, real=0.09 secs] 
3777.478: [GC (Allocation Failure) [PSYoungGen: 437280K->142336K(481792K)] 629359K->428720K(1880064K), 0.0482301 secs] [Times: user=0.28 sys=0.00, real=0.05 secs] 
3778.941: [GC (Allocation Failure) [PSYoungGen: 481280K->105888K(520192K)] 767664K->525972K(1918464K), 0.0703087 secs] [Times: user=0.41 sys=0.00, real=0.07 secs] 
3780.271: [GC (Allocation Failure) [PSYoungGen: 445344K->142304K(518144K)] 865428K->664935K(1916416K), 0.0517457 secs] [Times: user=0.30 sys=0.00, real=0.05 secs] 
3781.824: [GC (GCLocker Initiated GC) [PSYoungGen: 481760K->105344K(517632K)] 1004392K->761080K(1915904K), 0.0690833 secs] [Times: user=0.41 sys=0.00, real=0.07 secs] 
3782.373: [GC (Allocation Failure) [PSYoungGen: 445312K->141216K(518144K)] 1101051K->899063K(1916416K), 0.0525228 secs] [Times: user=0.30 sys=0.01, real=0.05 secs] 
3784.021: [GC (Allocation Failure) [PSYoungGen: 481184K->104576K(517632K)] 1239031K->994263K(1915904K), 0.1364543 secs] [Times: user=0.80 sys=0.01, real=0.13 secs] 
3785.284: [GC (Allocation Failure) [PSYoungGen: 446080K->140768K(518656K)] 1335767K->1131780K(1916928K), 0.0530821 secs] [Times: user=0.32 sys=0.00, real=0.05 secs] 
3786.829: [GC (Allocation Failure) [PSYoungGen: 482272K->106016K(518144K)] 1473284K->1228768K(1916416K), 0.1351024 secs] [Times: user=0.79 sys=0.01, real=0.14 secs] 
3788.499: [GC (Allocation Failure) [PSYoungGen: 449056K->140800K(519168K)] 1571808K->1366901K(1917440K), 0.0539676 secs] [Times: user=0.32 sys=0.00, real=0.06 secs] 
3789.871: [GC (Allocation Failure) [PSYoungGen: 483840K->105984K(520192K)] 1709941K->1463465K(1918464K), 0.0715533 secs] [Times: user=0.42 sys=0.01, real=0.07 secs] 
3789.943: [Full GC (Ergonomics) [PSYoungGen: 105984K->0K(520192K)] [ParOldGen: 1357481K->25370K(1398272K)] 1463465K->25370K(1918464K), [Metaspace: 60343K->60343K(1105920K)], 0.0448761 secs] [Times: user=0.13 sys=0.00, real=0.04 secs] 
3790.700: [GC (Allocation Failure) [PSYoungGen: 345088K->149856K(495104K)] 370458K->175226K(1893376K), 0.0285969 secs] [Times: user=0.16 sys=0.00, real=0.03 secs] 
3792.014: [GC (GCLocker Initiated GC) [PSYoungGen: 494944K->107904K(521216K)] 520315K->265467K(1919488K), 0.0650874 secs] [Times: user=0.39 sys=0.00, real=0.06 secs] 
3792.719: [GC (Allocation Failure) [PSYoungGen: 448896K->140064K(518656K)] 606529K->404549K(1916928K), 0.0530989 secs] [Times: user=0.31 sys=0.00, real=0.06 secs] 
3795.061: [GC (Allocation Failure) [PSYoungGen: 481056K->107616K(517632K)] 745541K->503221K(1915904K), 0.0907539 secs] [Times: user=0.54 sys=0.00, real=0.09 secs] 
3795.833: [GC (Allocation Failure) [PSYoungGen: 450144K->140416K(518656K)] 845749K->641170K(1916928K), 0.0526319 secs] [Times: user=0.31 sys=0.00, real=0.05 secs] 
3797.152: [GC (Allocation Failure) [PSYoungGen: 482944K->107936K(519680K)] 983698K->739130K(1917952K), 0.0655200 secs] [Times: user=0.39 sys=0.00, real=0.06 secs] 
3798.151: [GC (Allocation Failure) [PSYoungGen: 453536K->140448K(520704K)] 1084730K->877783K(1918976K), 0.0531255 secs] [Times: user=0.31 sys=0.00, real=0.05 secs] 
3799.612: [GC (Allocation Failure) [PSYoungGen: 486048K->110400K(519680K)] 1223383K->978471K(1917952K), 0.0684773 secs] [Times: user=0.41 sys=0.00, real=0.07 secs] 
3800.430: [GC (Allocation Failure) [PSYoungGen: 458048K->142848K(521216K)] 1326119K->1120735K(1919488K), 0.0541906 secs] [Times: user=0.31 sys=0.00, real=0.05 secs] 
3802.398: [GC (GCLocker Initiated GC) [PSYoungGen: 490496K->108096K(523264K)] 1468385K->1220377K(1921536K), 0.0682484 secs] [Times: user=0.40 sys=0.00, real=0.07 secs] 
3803.289: [GC (Allocation Failure) [PSYoungGen: 457792K->142432K(523264K)] 1570144K->1359997K(1921536K), 0.0537608 secs] [Times: user=0.31 sys=0.01, real=0.06 secs] 
3804.896: [GC (Allocation Failure) [PSYoungGen: 492128K->111552K(522240K)] 1709693K->1461861K(1920512K), 0.0999034 secs] [Times: user=0.60 sys=0.00, real=0.10 secs] 
3804.996: [Full GC (Ergonomics) [PSYoungGen: 111552K->0K(522240K)] [ParOldGen: 1350309K->27846K(1398272K)] 1461861K->27846K(1920512K), [Metaspace: 60352K->60352K(1105920K)], 0.0520976 secs] [Times: user=0.17 sys=0.00, real=0.05 secs] 
3805.841: [GC (Allocation Failure) [PSYoungGen: 349696K->143104K(522752K)] 377542K->170950K(1921024K), 0.0285204 secs] [Times: user=0.17 sys=0.00, real=0.02 secs] 
3807.617: [GC (Allocation Failure) [PSYoungGen: 492800K->110784K(523776K)] 520646K->272666K(1922048K), 0.1620459 secs] [Times: user=0.96 sys=0.00, real=0.16 secs] 
3809.480: [GC (Allocation Failure) [PSYoungGen: 461504K->144448K(495616K)] 623386K->414841K(1893888K), 0.0534299 secs] [Times: user=0.31 sys=0.00, real=0.05 secs] 
3811.033: [GC (Allocation Failure) [PSYoungGen: 495168K->108256K(525312K)] 765561K->514081K(1923584K), 0.0979774 secs] [Times: user=0.57 sys=0.01, real=0.10 secs] 
3811.695: [GC (GCLocker Initiated GC) [PSYoungGen: 457952K->145824K(495616K)] 863778K->656894K(1893888K), 0.0532902 secs] [Times: user=0.31 sys=0.00, real=0.05 secs] 
3813.172: [GC (Allocation Failure) [PSYoungGen: 495520K->109024K(524288K)] 1006592K->756588K(1922560K), 0.0698603 secs] [Times: user=0.41 sys=0.00, real=0.07 secs] 
3813.938: [GC (Allocation Failure) [PSYoungGen: 456672K->145440K(493568K)] 1104236K->899261K(1891840K), 0.0545330 secs] [Times: user=0.32 sys=0.00, real=0.06 secs] 
3816.717: [GC (Allocation Failure) [PSYoungGen: 493088K->104256K(522752K)] 1246909K->994861K(1921024K), 0.1111582 secs] [Times: user=0.67 sys=0.00, real=0.11 secs] 
3817.381: [GC (Allocation Failure) [PSYoungGen: 449856K->143328K(488960K)] 1340461K->1135202K(1887232K), 0.0532301 secs] [Times: user=0.31 sys=0.01, real=0.05 secs] 
3818.827: [GC (Allocation Failure) [PSYoungGen: 488928K->106176K(522752K)] 1480802K->1232634K(1921024K), 0.0715140 secs] [Times: user=0.43 sys=0.00, real=0.07 secs] 
3819.930: [GC (GCLocker Initiated GC) [PSYoungGen: 450752K->140544K(520704K)] 1577210K->1370387K(1918976K), 0.0532011 secs] [Times: user=0.31 sys=0.00, real=0.05 secs] 
3819.984: [Full GC (Ergonomics) [PSYoungGen: 140544K->0K(520704K)] [ParOldGen: 1229843K->173196K(1398272K)] 1370387K->173196K(1918976K), [Metaspace: 60358K->60358K(1105920K)], 0.4178310 secs] [Times: user=1.94 sys=0.00, real=0.42 secs] 
3821.804: [GC (Allocation Failure) [PSYoungGen: 344576K->108320K(519680K)] 517843K->281587K(1917952K), 0.0649758 secs] [Times: user=0.38 sys=0.01, real=0.06 secs] 
3823.151: [GC (Allocation Failure) [PSYoungGen: 453920K->142272K(520704K)] 627187K->421280K(1918976K), 0.0533896 secs] [Times: user=0.31 sys=0.01, real=0.05 secs] 
3824.515: [GC (Allocation Failure) [PSYoungGen: 487872K->108960K(521216K)] 766882K->520666K(1919488K), 0.0670391 secs] [Times: user=0.40 sys=0.00, real=0.07 secs] 
3825.134: [GC (Allocation Failure) [PSYoungGen: 456096K->146240K(493568K)] 867802K->663883K(1891840K), 0.0538564 secs] [Times: user=0.32 sys=0.00, real=0.05 secs] 
3826.797: [GC (Allocation Failure) [PSYoungGen: 493376K->106208K(522752K)] 1011019K->760839K(1921024K), 0.0796560 secs] [Times: user=0.47 sys=0.00, real=0.08 secs] 
3827.586: [GC (Allocation Failure) [PSYoungGen: 451296K->153952K(499200K)] 1105927K->912020K(1897472K), 0.0538466 secs] [Times: user=0.32 sys=0.00, real=0.05 secs] 
3829.243: [GC (Allocation Failure) [PSYoungGen: 499040K->106016K(518656K)] 1257108K->1000864K(1916928K), 0.0765099 secs] [Times: user=0.46 sys=0.00, real=0.07 secs] 
3830.143: [GC (GCLocker Initiated GC) [PSYoungGen: 442912K->140000K(517120K)] 1337760K->1139061K(1915392K), 0.0580316 secs] [Times: user=0.34 sys=0.00, real=0.06 secs] 
3832.118: [GC (Allocation Failure) [PSYoungGen: 476896K->101888K(517120K)] 1475959K->1232543K(1915392K), 0.0644130 secs] [Times: user=0.38 sys=0.00, real=0.07 secs] 
3832.777: [GC (Allocation Failure) [PSYoungGen: 440320K->139936K(517120K)] 1570975K->1369532K(1915392K), 0.0518247 secs] [Times: user=0.31 sys=0.00, real=0.05 secs] 
3832.829: [Full GC (Ergonomics) [PSYoungGen: 139936K->0K(517120K)] [ParOldGen: 1229596K->166383K(1398272K)] 1369532K->166383K(1915392K), [Metaspace: 60359K->60359K(1105920K)], 0.4006994 secs] [Times: user=1.86 sys=0.00, real=0.40 secs] 
3834.490: [GC (Allocation Failure) [PSYoungGen: 338432K->106592K(516608K)] 504815K->272975K(1914880K), 0.0398758 secs] [Times: user=0.24 sys=0.00, real=0.04 secs] 
3835.450: [GC (Allocation Failure) [PSYoungGen: 447584K->138624K(518144K)] 613967K->410100K(1916416K), 0.0540254 secs] [Times: user=0.32 sys=0.00, real=0.06 secs] 
3837.198: [GC (Allocation Failure) [PSYoungGen: 479616K->108800K(517632K)] 751092K->510404K(1915904K), 0.1237670 secs] [Times: user=0.73 sys=0.00, real=0.13 secs] 
3839.674: [GC (Allocation Failure) [PSYoungGen: 453376K->137376K(519680K)] 854980K->645267K(1917952K), 0.0531157 secs] [Times: user=0.32 sys=0.00, real=0.05 secs] 
3841.002: [GC (Allocation Failure) [PSYoungGen: 481952K->109728K(518656K)] 989843K->745796K(1916928K), 0.0650055 secs] [Times: user=0.38 sys=0.00, real=0.06 secs] 
3842.555: [GC (Allocation Failure) [PSYoungGen: 458400K->139872K(521216K)] 1094468K->883616K(1919488K), 0.0533487 secs] [Times: user=0.31 sys=0.00, real=0.05 secs] 
3844.079: [GC (Allocation Failure) [PSYoungGen: 488544K->112096K(522240K)] 1232288K->986352K(1920512K), 0.0793940 secs] [Times: user=0.47 sys=0.00, real=0.08 secs] 
3846.149: [GC (GCLocker Initiated GC) [PSYoungGen: 464864K->139264K(523776K)] 1339121K->1123909K(1922048K), 0.0550521 secs] [Times: user=0.32 sys=0.00, real=0.06 secs] 
3848.556: [GC (Allocation Failure) [PSYoungGen: 492032K->109376K(524800K)] 1476679K->1223671K(1923072K), 0.1331280 secs] [Times: user=0.78 sys=0.00, real=0.13 secs] 
3850.216: [GC (Allocation Failure) [PSYoungGen: 465216K->143776K(525824K)] 1579511K->1365615K(1924096K), 0.0554711 secs] [Times: user=0.33 sys=0.00, real=0.06 secs] 
3851.715: [GC (Allocation Failure) [PSYoungGen: 499616K->114784K(525824K)] 1721455K->1471275K(1924096K), 0.0899440 secs] [Times: user=0.53 sys=0.00, real=0.09 secs] 
3851.805: [Full GC (Ergonomics) [PSYoungGen: 114784K->0K(525824K)] [ParOldGen: 1356491K->31340K(1398272K)] 1471275K->31340K(1924096K), [Metaspace: 60370K->60370K(1105920K)], 0.0638232 secs] [Times: user=0.22 sys=0.00, real=0.06 secs] 
3852.735: [GC (Allocation Failure) [PSYoungGen: 355840K->146016K(502272K)] 387180K->177356K(1900544K), 0.0294972 secs] [Times: user=0.17 sys=0.00, real=0.03 secs] 
3855.320: [GC (Allocation Failure) [PSYoungGen: 501856K->111616K(527360K)] 533196K->279580K(1925632K), 0.1405252 secs] [Times: user=0.84 sys=0.00, real=0.14 secs] 
3856.168: [GC (Allocation Failure) [PSYoungGen: 465408K->154016K(507904K)] 633372K->430799K(1906176K), 0.0538170 secs] [Times: user=0.31 sys=0.00, real=0.06 secs] 
3857.807: [GC (Allocation Failure) [PSYoungGen: 507808K->111520K(523264K)] 784591K->525039K(1921536K), 0.0764680 secs] [Times: user=0.44 sys=0.01, real=0.08 secs] 
3858.576: [GC (Allocation Failure) [PSYoungGen: 457120K->145216K(521216K)] 870639K->666168K(1919488K), 0.0533094 secs] [Times: user=0.31 sys=0.00, real=0.05 secs] 
3860.571: [GC (GCLocker Initiated GC) [PSYoungGen: 490816K->107008K(521728K)] 1011768K->764168K(1920000K), 0.1106723 secs] [Times: user=0.66 sys=0.00, real=0.11 secs] 
3861.353: [GC (Allocation Failure) [PSYoungGen: 452096K->144000K(521216K)] 1109258K->905106K(1919488K), 0.0750927 secs] [Times: user=0.45 sys=0.00, real=0.07 secs] 
3862.930: [GC (Allocation Failure) [PSYoungGen: 489088K->106816K(521728K)] 1250194K->1003122K(1920000K), 0.1047413 secs] [Times: user=0.62 sys=0.00, real=0.11 secs] 
3863.652: [GC (Allocation Failure) [PSYoungGen: 451392K->142880K(521216K)] 1347698K->1141495K(1919488K), 0.0522114 secs] [Times: user=0.30 sys=0.01, real=0.05 secs] 
3865.497: [GC (Allocation Failure) [PSYoungGen: 487456K->107424K(520192K)] 1486071K->1240391K(1918464K), 0.1628005 secs] [Times: user=0.97 sys=0.00, real=0.17 secs] 
3866.402: [GC (Allocation Failure) [PSYoungGen: 452000K->144448K(520704K)] 1584967K->1380826K(1918976K), 0.0532860 secs] [Times: user=0.31 sys=0.00, real=0.05 secs] 
3866.456: [Full GC (Ergonomics) [PSYoungGen: 144448K->0K(520704K)] [ParOldGen: 1236378K->183906K(1398272K)] 1380826K->183906K(1918976K), [Metaspace: 60373K->60373K(1105920K)], 0.4465498 secs] [Times: user=2.09 sys=0.00, real=0.45 secs] 
3869.288: [GC (Allocation Failure) [PSYoungGen: 344576K->107008K(521216K)] 528482K->290914K(1919488K), 0.0737571 secs] [Times: user=0.43 sys=0.01, real=0.08 secs] 
3870.297: [GC (Allocation Failure) [PSYoungGen: 451072K->142688K(520704K)] 634978K->427931K(1918976K), 0.0518519 secs] [Times: user=0.31 sys=0.00, real=0.05 secs] 
3872.070: [GC (Allocation Failure) [PSYoungGen: 486752K->105760K(521216K)] 771995K->524907K(1919488K), 0.1270102 secs] [Times: user=0.75 sys=0.01, real=0.13 secs] 
3873.261: [GC (Allocation Failure) [PSYoungGen: 450336K->142240K(521216K)] 869483K->664116K(1919488K), 0.0523656 secs] [Times: user=0.31 sys=0.00, real=0.05 secs] 
3875.309: [GC (Allocation Failure) [PSYoungGen: 486816K->106112K(520192K)] 1008692K->761396K(1918464K), 0.1279895 secs] [Times: user=0.76 sys=0.01, real=0.13 secs] 
3876.151: [GC (Allocation Failure) [PSYoungGen: 450688K->145120K(489984K)] 1105972K->903993K(1888256K), 0.0529144 secs] [Times: user=0.31 sys=0.00, real=0.05 secs] 
3878.198: [GC (Allocation Failure) [PSYoungGen: 489696K->103040K(521216K)] 1248569K->998305K(1919488K), 0.1323518 secs] [Times: user=0.78 sys=0.01, real=0.14 secs] 
3879.211: [GC (Allocation Failure) [PSYoungGen: 445568K->144128K(486912K)] 1340833K->1139461K(1885184K), 0.0528656 secs] [Times: user=0.31 sys=0.00, real=0.05 secs] 
3880.553: [GC (Allocation Failure) [PSYoungGen: 486656K->105056K(521216K)] 1481989K->1235950K(1919488K), 0.0663349 secs] [Times: user=0.40 sys=0.00, real=0.06 secs] 
3881.855: [GC (GCLocker Initiated GC) [PSYoungGen: 446560K->142048K(519168K)] 1577455K->1376215K(1917440K), 0.0620880 secs] [Times: user=0.37 sys=0.00, real=0.06 secs] 
3881.917: [Full GC (Ergonomics) [PSYoungGen: 142048K->0K(519168K)] [ParOldGen: 1234167K->173109K(1398272K)] 1376215K->173109K(1917440K), [Metaspace: 60392K->60392K(1105920K)], 0.4172038 secs] [Times: user=1.92 sys=0.01, real=0.42 secs] 
3884.655: [GC (Allocation Failure) [PSYoungGen: 341504K->105696K(518656K)] 514615K->278807K(1916928K), 0.0952665 secs] [Times: user=0.47 sys=0.01, real=0.10 secs] 
3885.543: [GC (Allocation Failure) [PSYoungGen: 447712K->140896K(519168K)] 620823K->416908K(1917440K), 0.0526164 secs] [Times: user=0.31 sys=0.00, real=0.05 secs] 
3887.051: [GC (Allocation Failure) [PSYoungGen: 482912K->104640K(519680K)] 758924K->513276K(1917952K), 0.0896065 secs] [Times: user=0.54 sys=0.00, real=0.09 secs] 
3888.039: [GC (Allocation Failure) [PSYoungGen: 448192K->142048K(520192K)] 856828K->653169K(1918464K), 0.0526155 secs] [Times: user=0.31 sys=0.00, real=0.06 secs] 
3890.208: [GC (Allocation Failure) [PSYoungGen: 485600K->107264K(519680K)] 996721K->751689K(1917952K), 0.1481139 secs] [Times: user=0.88 sys=0.00, real=0.15 secs] 
3892.045: [GC (Allocation Failure) [PSYoungGen: 451328K->140320K(520192K)] 1095753K->889598K(1918464K), 0.0532131 secs] [Times: user=0.31 sys=0.00, real=0.05 secs] 
3893.737: [GC (Allocation Failure) [PSYoungGen: 484341K->108160K(518656K)] 1233619K->988406K(1916928K), 0.1169850 secs] [Times: user=0.69 sys=0.00, real=0.12 secs] 
3894.899: [GC (Allocation Failure) [PSYoungGen: 453760K->142080K(520192K)] 1334006K->1128019K(1918464K), 0.0539571 secs] [Times: user=0.32 sys=0.00, real=0.06 secs] 
3896.249: [GC (Allocation Failure) [PSYoungGen: 487680K->107904K(522240K)] 1473619K->1226811K(1920512K), 0.0666200 secs] [Times: user=0.39 sys=0.01, real=0.07 secs] 
3897.546: [GC (Allocation Failure) [PSYoungGen: 455552K->143712K(522240K)] 1574459K->1369680K(1920512K), 0.0655979 secs] [Times: user=0.39 sys=0.00, real=0.07 secs] 
3899.777: [GC (GCLocker Initiated GC) [PSYoungGen: 491360K->105760K(522752K)] 1717328K->1467000K(1921024K), 0.1065024 secs] [Times: user=0.63 sys=0.00, real=0.11 secs] 
3899.883: [Full GC (Ergonomics) [PSYoungGen: 105760K->0K(522752K)] [ParOldGen: 1361240K->25115K(1398272K)] 1467000K->25115K(1921024K), [Metaspace: 60393K->60393K(1105920K)], 0.0555198 secs] [Times: user=0.16 sys=0.00, real=0.05 secs] 
3901.107: [GC (Allocation Failure) [PSYoungGen: 347136K->150208K(497664K)] 372254K->175326K(1895936K), 0.0288140 secs] [Times: user=0.17 sys=0.00, real=0.03 secs] 
3902.619: [GC (Allocation Failure) [PSYoungGen: 497344K->109024K(521728K)] 522462K->267198K(1920000K), 0.1017738 secs] [Times: user=0.61 sys=0.00, real=0.11 secs] 
3903.612: [GC (Allocation Failure) [PSYoungGen: 451040K->141280K(519168K)] 609214K->406431K(1917440K), 0.0532725 secs] [Times: user=0.32 sys=0.00, real=0.05 secs] 
3905.293: [GC (Allocation Failure) [PSYoungGen: 483296K->107296K(519168K)] 748447K->504939K(1917440K), 0.0874796 secs] [Times: user=0.52 sys=0.00, real=0.09 secs] 
3907.305: [GC (Allocation Failure) [PSYoungGen: 450848K->139104K(519680K)] 848493K->642078K(1917952K), 0.0526712 secs] [Times: user=0.31 sys=0.01, real=0.05 secs] 
3908.613: [GC (Allocation Failure) [PSYoungGen: 482656K->109024K(519168K)] 985630K->741722K(1917440K), 0.0651118 secs] [Times: user=0.39 sys=0.00, real=0.06 secs] 
3909.333: [GC (Allocation Failure) [PSYoungGen: 455136K->140352K(520704K)] 1087834K->880155K(1918976K), 0.0534743 secs] [Times: user=0.32 sys=0.00, real=0.05 secs] 
3910.821: [GC (Allocation Failure) [PSYoungGen: 486464K->111488K(520192K)] 1226267K->982027K(1918464K), 0.0714209 secs] [Times: user=0.42 sys=0.00, real=0.07 secs] 
3911.913: [GC (Allocation Failure) [PSYoungGen: 460160K->141056K(521728K)] 1330699K->1121814K(1920000K), 0.0544996 secs] [Times: user=0.31 sys=0.00, real=0.05 secs] 
3914.398: [GC (Allocation Failure) [PSYoungGen: 489728K->110048K(522752K)] 1470486K->1222974K(1921024K), 0.1156705 secs] [Times: user=0.68 sys=0.00, real=0.12 secs] 
3916.000: [GC (Allocation Failure) [PSYoungGen: 461792K->142624K(523776K)] 1574718K->1363361K(1922048K), 0.0544230 secs] [Times: user=0.32 sys=0.01, real=0.05 secs] 
3917.646: [GC (Allocation Failure) [PSYoungGen: 494368K->112064K(524800K)] 1715105K->1466165K(1923072K), 0.0777754 secs] [Times: user=0.46 sys=0.01, real=0.08 secs] 
3917.724: [Full GC (Ergonomics) [PSYoungGen: 112064K->0K(524800K)] [ParOldGen: 1354101K->30424K(1398272K)] 1466165K->30424K(1923072K), [Metaspace: 60393K->60393K(1105920K)], 0.0530357 secs] [Times: user=0.17 sys=0.00, real=0.05 secs] 
3918.969: [GC (Allocation Failure) [PSYoungGen: 352768K->142592K(524800K)] 383192K->173016K(1923072K), 0.0279777 secs] [Times: user=0.16 sys=0.00, real=0.03 secs] 
3920.615: [GC (GCLocker Initiated GC) [PSYoungGen: 495360K->110112K(525312K)] 525784K->274024K(1923584K), 0.1072119 secs] [Times: user=0.64 sys=0.00, real=0.11 secs] 
3922.525: [GC (GCLocker Initiated GC) [PSYoungGen: 463392K->145344K(498688K)] 627309K->416042K(1896960K), 0.0535555 secs] [Times: user=0.32 sys=0.00, real=0.05 secs] 
3923.916: [GC (GCLocker Initiated GC) [PSYoungGen: 498624K->109440K(525824K)] 769323K->516007K(1924096K), 0.0670910 secs] [Times: user=0.40 sys=0.00, real=0.07 secs] 
3924.696: [GC (Allocation Failure) [PSYoungGen: 460672K->146112K(497664K)] 867278K->659051K(1895936K), 0.0536850 secs] [Times: user=0.31 sys=0.00, real=0.05 secs] 
3926.062: [GC (Allocation Failure) [PSYoungGen: 497344K->110624K(524800K)] 1010283K->760411K(1923072K), 0.0915637 secs] [Times: user=0.55 sys=0.00, real=0.09 secs] 
3926.781: [GC (Allocation Failure) [PSYoungGen: 459296K->146720K(495616K)] 1109083K->903594K(1893888K), 0.0538832 secs] [Times: user=0.32 sys=0.00, real=0.05 secs] 
3929.181: [GC (GCLocker Initiated GC) [PSYoungGen: 495392K->106112K(523264K)] 1252267K->1001003K(1921536K), 0.1624958 secs] [Times: user=0.96 sys=0.00, real=0.16 secs] 
3930.220: [GC (Allocation Failure) [PSYoungGen: 452224K->153632K(500224K)] 1347185K->1150402K(1898496K), 0.0524811 secs] [Times: user=0.31 sys=0.00, real=0.06 secs] 
3931.853: [GC (Allocation Failure) [PSYoungGen: 499744K->104576K(519168K)] 1496514K->1238054K(1917440K), 0.0685277 secs] [Times: user=0.41 sys=0.00, real=0.07 secs] 
3932.948: [GC (GCLocker Initiated GC) [PSYoungGen: 442496K->141440K(517632K)] 1575974K->1374963K(1915904K), 0.0517430 secs] [Times: user=0.30 sys=0.00, real=0.05 secs] 
3933.000: [Full GC (Ergonomics) [PSYoungGen: 141440K->0K(517632K)] [ParOldGen: 1233523K->179099K(1398272K)] 1374963K->179099K(1915904K), [Metaspace: 60393K->60393K(1105920K)], 0.4247232 secs] [Times: user=1.97 sys=0.00, real=0.43 secs] 
3934.825: [GC (Allocation Failure) [PSYoungGen: 337920K->103360K(518144K)] 517021K->282461K(1916416K), 0.0519763 secs] [Times: user=0.30 sys=0.00, real=0.05 secs] 
3935.637: [GC (Allocation Failure) [PSYoungGen: 442304K->140672K(518144K)] 621405K->420974K(1916416K), 0.0519789 secs] [Times: user=0.31 sys=0.00, real=0.05 secs] 
3937.902: [GC (Allocation Failure) [PSYoungGen: 479616K->102272K(517120K)] 759918K->514134K(1915392K), 0.0952066 secs] [Times: user=0.56 sys=0.00, real=0.09 secs] 
3938.729: [GC (Allocation Failure) [PSYoungGen: 442240K->140096K(518144K)] 854102K->651291K(1916416K), 0.0516788 secs] [Times: user=0.30 sys=0.00, real=0.06 secs] 
3940.087: [GC (Allocation Failure) [PSYoungGen: 480064K->106336K(518144K)] 991259K->748019K(1916416K), 0.0694142 secs] [Times: user=0.41 sys=0.00, real=0.07 secs] 
3941.313: [GC (Allocation Failure) [PSYoungGen: 448352K->147008K(489472K)] 1090035K->893188K(1887744K), 0.0537482 secs] [Times: user=0.32 sys=0.00, real=0.05 secs] 
3943.489: [GC (Allocation Failure) [PSYoungGen: 489024K->109024K(521216K)] 1235204K->984980K(1919488K), 0.1127595 secs] [Times: user=0.67 sys=0.00, real=0.12 secs] 
3945.015: [GC (Allocation Failure) [PSYoungGen: 450016K->136032K(477184K)] 1325972K->1119021K(1875456K), 0.0536780 secs] [Times: user=0.31 sys=0.00, real=0.05 secs] 
3946.419: [GC (Allocation Failure) [PSYoungGen: 477024K->111200K(520192K)] 1460013K->1221605K(1918464K), 0.0668869 secs] [Times: user=0.39 sys=0.00, real=0.07 secs] 
3947.827: [GC (Allocation Failure) [PSYoungGen: 454752K->136544K(517632K)] 1565157K->1356290K(1915904K), 0.0540947 secs] [Times: user=0.32 sys=0.00, real=0.06 secs] 
3949.161: [GC (GCLocker Initiated GC) [PSYoungGen: 480096K->111520K(522240K)] 1699842K->1458826K(1920512K), 0.0652055 secs] [Times: user=0.38 sys=0.00, real=0.06 secs] 
3949.226: [Full GC (Ergonomics) [PSYoungGen: 111520K->0K(522240K)] [ParOldGen: 1347306K->19155K(1398272K)] 1458826K->19155K(1920512K), [Metaspace: 60393K->60393K(1105920K)], 0.0315141 secs] [Times: user=0.08 sys=0.00, real=0.03 secs] 
3950.732: [GC (Allocation Failure) [PSYoungGen: 350720K->139968K(521728K)] 369878K->159126K(1920000K), 0.0278013 secs] [Times: user=0.16 sys=0.00, real=0.02 secs] 
3952.097: [GC (Allocation Failure) [PSYoungGen: 490688K->112960K(524288K)] 509846K->262462K(1922560K), 0.0653838 secs] [Times: user=0.38 sys=0.00, real=0.07 secs] 
3952.859: [GC (Allocation Failure) [PSYoungGen: 468288K->142976K(525312K)] 617790K->403363K(1923584K), 0.0539977 secs] [Times: user=0.32 sys=0.00, real=0.06 secs] 
3954.373: [GC (Allocation Failure) [PSYoungGen: 498304K->115904K(525312K)] 758691K->509187K(1923584K), 0.0880958 secs] [Times: user=0.52 sys=0.00, real=0.09 secs] 
3955.481: [GC (Allocation Failure) [PSYoungGen: 472256K->144480K(525824K)] 865539K->651071K(1924096K), 0.0546061 secs] [Times: user=0.32 sys=0.00, real=0.05 secs] 
3958.301: [GC (Allocation Failure) [PSYoungGen: 500832K->114784K(527360K)] 1007423K->756531K(1925632K), 0.1741275 secs] [Times: user=1.03 sys=0.01, real=0.17 secs] 
3959.801: [GC (Allocation Failure) [PSYoungGen: 471648K->147616K(504832K)] 1113395K->901080K(1903104K), 0.0549423 secs] [Times: user=0.32 sys=0.00, real=0.05 secs] 
3961.345: [GC (Allocation Failure) [PSYoungGen: 504480K->111936K(527360K)] 1257944K->1003752K(1925632K), 0.0665634 secs] [Times: user=0.39 sys=0.00, real=0.07 secs] 
3961.915: [GC (Allocation Failure) [PSYoungGen: 465728K->149952K(503808K)] 1357544K->1150060K(1902080K), 0.0547010 secs] [Times: user=0.32 sys=0.00, real=0.05 secs] 
3963.878: [GC (Allocation Failure) [PSYoungGen: 503744K->110976K(524800K)] 1503852K->1251836K(1923072K), 0.1445607 secs] [Times: user=0.86 sys=0.00, real=0.15 secs] 
3964.762: [GC (Allocation Failure) [PSYoungGen: 459648K->144576K(522752K)] 1600508K->1392953K(1921024K), 0.0602368 secs] [Times: user=0.35 sys=0.00, real=0.06 secs] 
3964.822: [Full GC (Ergonomics) [PSYoungGen: 144576K->0K(522752K)] [ParOldGen: 1248377K->196363K(1398272K)] 1392953K->196363K(1921024K), [Metaspace: 60395K->60395K(1105920K)], 0.4733212 secs] [Times: user=2.19 sys=0.00, real=0.47 secs] 
3967.856: [GC (Allocation Failure) [PSYoungGen: 348672K->106944K(523776K)] 545035K->303307K(1922048K), 0.0460136 secs] [Times: user=0.27 sys=0.00, real=0.05 secs] 
3968.539: [GC (Allocation Failure) [PSYoungGen: 453339K->145152K(493056K)] 649703K->444468K(1891328K), 0.0506192 secs] [Times: user=0.30 sys=0.00, real=0.05 secs] 
3970.783: [GC (Allocation Failure) [PSYoungGen: 492800K->105088K(522752K)] 792116K->541216K(1921024K), 0.1284941 secs] [Times: user=0.76 sys=0.00, real=0.13 secs] 
3971.424: [GC (Allocation Failure) [PSYoungGen: 450688K->146272K(492032K)] 886816K->683149K(1890304K), 0.0516485 secs] [Times: user=0.31 sys=0.00, real=0.05 secs] 
3973.963: [GC (Allocation Failure) [PSYoungGen: 491872K->103872K(521216K)] 1028749K->778321K(1919488K), 0.1144986 secs] [Times: user=0.68 sys=0.01, real=0.11 secs] 
3974.548: [GC (Allocation Failure) [PSYoungGen: 446400K->146720K(489472K)] 1120849K->921346K(1887744K), 0.0511317 secs] [Times: user=0.30 sys=0.00, real=0.05 secs] 
3976.094: [GC (Allocation Failure) [PSYoungGen: 489248K->102688K(519680K)] 1263874K->1015482K(1917952K), 0.0997745 secs] [Times: user=0.60 sys=0.00, real=0.10 secs] 
3976.689: [GC (Allocation Failure) [PSYoungGen: 442144K->145504K(485376K)] 1354938K->1157175K(1883648K), 0.0517915 secs] [Times: user=0.31 sys=0.00, real=0.06 secs] 
3978.261: [GC (Allocation Failure) [PSYoungGen: 484960K->101472K(518144K)] 1496631K->1250191K(1916416K), 0.0911153 secs] [Times: user=0.55 sys=0.00, real=0.09 secs] 
3979.056: [GC (Allocation Failure) [PSYoungGen: 437856K->143008K(517120K)] 1586575K->1389675K(1915392K), 0.0517230 secs] [Times: user=0.31 sys=0.00, real=0.05 secs] 
3979.108: [Full GC (Ergonomics) [PSYoungGen: 143008K->0K(517120K)] [ParOldGen: 1246667K->187876K(1398272K)] 1389675K->187876K(1915392K), [Metaspace: 60395K->60395K(1105920K)], 0.4583790 secs] [Times: user=2.13 sys=0.00, real=0.46 secs] 
3981.831: [GC (Allocation Failure) [PSYoungGen: 336384K->100896K(517120K)] 524260K->288772K(1915392K), 0.0974789 secs] [Times: user=0.58 sys=0.00, real=0.09 secs] 
3982.684: [GC (Allocation Failure) [PSYoungGen: 437280K->143488K(480256K)] 625156K->428353K(1878528K), 0.0499964 secs] [Times: user=0.29 sys=0.00, real=0.05 secs] 
3984.143: [GC (Allocation Failure) [PSYoungGen: 479872K->101664K(518144K)] 764737K->521345K(1916416K), 0.0659289 secs] [Times: user=0.39 sys=0.00, real=0.06 secs] 
3984.882: [GC (Allocation Failure) [PSYoungGen: 437536K->141216K(516608K)] 857217K->659790K(1914880K), 0.0510093 secs] [Times: user=0.30 sys=0.00, real=0.05 secs] 
3986.367: [GC (Allocation Failure) [PSYoungGen: 477088K->103072K(515072K)] 995662K->753954K(1913344K), 0.0892401 secs] [Times: user=0.53 sys=0.01, real=0.09 secs] 
3987.434: [GC (GCLocker Initiated GC) [PSYoungGen: 439456K->139488K(516096K)] 1090339K->891826K(1914368K), 0.0519342 secs] [Times: user=0.31 sys=0.00, real=0.05 secs] 
3989.084: [GC (Allocation Failure) [PSYoungGen: 475872K->105056K(515584K)] 1228214K->988398K(1913856K), 0.0903111 secs] [Times: user=0.53 sys=0.01, real=0.09 secs] 
3990.869: [GC (Allocation Failure) [PSYoungGen: 444000K->138208K(517120K)] 1327342K->1124499K(1915392K), 0.0525102 secs] [Times: user=0.31 sys=0.00, real=0.06 secs] 
3992.192: [GC (GCLocker Initiated GC) [PSYoungGen: 477152K->106528K(515584K)] 1463443K->1222307K(1913856K), 0.0656975 secs] [Times: user=0.39 sys=0.00, real=0.06 secs] 
3993.116: [GC (Allocation Failure) [PSYoungGen: 449056K->146304K(518144K)] 1564874K->1366579K(1916416K), 0.0536285 secs] [Times: user=0.31 sys=0.00, real=0.05 secs] 
3994.454: [GC (Allocation Failure) [PSYoungGen: 488832K->110816K(520192K)] 1709107K->1459651K(1918464K), 0.0658821 secs] [Times: user=0.39 sys=0.00, real=0.06 secs] 
3994.520: [Full GC (Ergonomics) [PSYoungGen: 110816K->0K(520192K)] [ParOldGen: 1348835K->19379K(1398272K)] 1459651K->19379K(1918464K), [Metaspace: 60399K->60399K(1105920K)], 0.0297721 secs] [Times: user=0.08 sys=0.00, real=0.03 secs] 
3995.566: [GC (Allocation Failure) [PSYoungGen: 343552K->139456K(519680K)] 362931K->158835K(1917952K), 0.0277331 secs] [Times: user=0.17 sys=0.00, real=0.03 secs] 
3997.163: [GC (Allocation Failure) [PSYoungGen: 483008K->110048K(518656K)] 502387K->260383K(1916928K), 0.0683308 secs] [Times: user=0.40 sys=0.01, real=0.07 secs] 
3998.396: [GC (GCLocker Initiated GC) [PSYoungGen: 455648K->137536K(520192K)] 605983K->396011K(1918464K), 0.0527861 secs] [Times: user=0.31 sys=0.00, real=0.05 secs] 
3999.892: [GC (Allocation Failure) [PSYoungGen: 483136K->111360K(519168K)] 741614K->497850K(1917440K), 0.0988157 secs] [Times: user=0.59 sys=0.01, real=0.10 secs] 
4001.142: [GC (Allocation Failure) [PSYoungGen: 461056K->138912K(521728K)] 847546K->634887K(1920000K), 0.0530296 secs] [Times: user=0.31 sys=0.00, real=0.05 secs] 
4002.611: [GC (Allocation Failure) [PSYoungGen: 488608K->113376K(522240K)] 984583K->739007K(1920512K), 0.0747074 secs] [Times: user=0.44 sys=0.00, real=0.07 secs] 
4004.382: [GC (Allocation Failure) [PSYoungGen: 467680K->143104K(524288K)] 1093311K->879972K(1922560K), 0.0552278 secs] [Times: user=0.33 sys=0.00, real=0.05 secs] 
4005.737: [GC (Allocation Failure) [PSYoungGen: 497408K->110976K(526848K)] 1234276K->981912K(1925120K), 0.0717377 secs] [Times: user=0.43 sys=0.01, real=0.07 secs] 
4006.663: [GC (Allocation Failure) [PSYoungGen: 466816K->147776K(503808K)] 1337752K->1127637K(1902080K), 0.0546190 secs] [Times: user=0.32 sys=0.00, real=0.05 secs] 
4008.125: [GC (Allocation Failure) [PSYoungGen: 503616K->111360K(526336K)] 1483477K->1229865K(1924608K), 0.0678596 secs] [Times: user=0.41 sys=0.01, real=0.07 secs] 
4009.279: [GC (Allocation Failure) [PSYoungGen: 463104K->147136K(499200K)] 1581609K->1374973K(1897472K), 0.0563788 secs] [Times: user=0.33 sys=0.00, real=0.06 secs] 
4012.085: [GC (Allocation Failure) [PSYoungGen: 498880K->109024K(524800K)] 1726717K->1475645K(1923072K), 0.1442677 secs] [Times: user=0.84 sys=0.01, real=0.14 secs] 
4012.229: [Full GC (Ergonomics) [PSYoungGen: 109024K->0K(524800K)] [ParOldGen: 1366621K->42764K(1398272K)] 1475645K->42764K(1923072K), [Metaspace: 60400K->60400K(1105920K)], 0.1251219 secs] [Times: user=0.52 sys=0.00, real=0.13 secs] 
4013.242: [GC (Allocation Failure) [PSYoungGen: 349184K->145088K(494592K)] 391948K->187852K(1892864K), 0.0295931 secs] [Times: user=0.17 sys=0.00, real=0.03 secs] 
4015.410: [GC (GCLocker Initiated GC) [PSYoungGen: 494272K->106688K(523776K)] 537036K->285921K(1922048K), 0.1444886 secs] [Times: user=0.86 sys=0.01, real=0.14 secs] 
4016.217: [GC (Allocation Failure) [PSYoungGen: 453824K->145856K(493056K)] 633059K->427311K(1891328K), 0.0516987 secs] [Times: user=0.29 sys=0.01, real=0.05 secs] 
4018.308: [GC (GCLocker Initiated GC) [PSYoungGen: 492992K->107040K(522752K)] 774449K->525465K(1921024K), 0.1375730 secs] [Times: user=0.82 sys=0.00, real=0.14 secs] 
4019.417: [GC (Allocation Failure) [PSYoungGen: 452128K->145472K(491008K)] 870554K->666583K(1889280K), 0.0525295 secs] [Times: user=0.31 sys=0.00, real=0.05 secs] 
4020.875: [GC (Allocation Failure) [PSYoungGen: 490560K->106784K(521728K)] 1011671K->764031K(1920000K), 0.0650329 secs] [Times: user=0.38 sys=0.01, real=0.07 secs] 
4021.636: [GC (Allocation Failure) [PSYoungGen: 449824K->144864K(487936K)] 1107071K->904456K(1886208K), 0.0522601 secs] [Times: user=0.31 sys=0.00, real=0.05 secs] 
4023.153: [GC (Allocation Failure) [PSYoungGen: 487904K->108000K(521728K)] 1247496K->1003288K(1920000K), 0.0669377 secs] [Times: user=0.39 sys=0.00, real=0.06 secs] 
4023.884: [GC (Allocation Failure) [PSYoungGen: 450528K->142592K(519680K)] 1345816K->1141829K(1917952K), 0.0532290 secs] [Times: user=0.31 sys=0.00, real=0.05 secs] 
4025.720: [GC (Allocation Failure) [PSYoungGen: 485120K->107808K(519680K)] 1484357K->1240409K(1917952K), 0.1021336 secs] [Times: user=0.60 sys=0.00, real=0.10 secs] 
4026.519: [GC (Allocation Failure) [PSYoungGen: 451360K->146784K(490496K)] 1583961K->1383141K(1888768K), 0.0540484 secs] [Times: user=0.31 sys=0.00, real=0.06 secs] 
4026.573: [Full GC (Ergonomics) [PSYoungGen: 146784K->0K(490496K)] [ParOldGen: 1236357K->186278K(1398272K)] 1383141K->186278K(1888768K), [Metaspace: 60400K->60400K(1105920K)], 0.4545698 secs] [Times: user=2.12 sys=0.00, real=0.45 secs] 
4028.382: [GC (Allocation Failure) [PSYoungGen: 343552K->102336K(520192K)] 529830K->288614K(1918464K), 0.0328687 secs] [Times: user=0.19 sys=0.00, real=0.03 secs] 
4028.942: [GC (Allocation Failure) [PSYoungGen: 442816K->143872K(484864K)] 629094K->428423K(1883136K), 0.0505029 secs] [Times: user=0.29 sys=0.00, real=0.05 secs] 
4030.389: [GC (Allocation Failure) [PSYoungGen: 484352K->105504K(520192K)] 768903K->524863K(1918464K), 0.1093985 secs] [Times: user=0.65 sys=0.00, real=0.11 secs] 
4031.123: [GC (Allocation Failure) [PSYoungGen: 445472K->149536K(489984K)] 864831K->672376K(1888256K), 0.0522927 secs] [Times: user=0.31 sys=0.00, real=0.05 secs] 
4032.844: [GC (Allocation Failure) [PSYoungGen: 489504K->106976K(518656K)] 1012344K->762272K(1916928K), 0.0668687 secs] [Times: user=0.40 sys=0.00, real=0.07 secs] 
4033.645: [GC (Allocation Failure) [PSYoungGen: 443360K->140256K(516608K)] 1098656K->900319K(1914880K), 0.0530365 secs] [Times: user=0.31 sys=0.00, real=0.05 secs] 
4035.017: [GC (Allocation Failure) [PSYoungGen: 476640K->104640K(517120K)] 1236703K->995623K(1915392K), 0.0719802 secs] [Times: user=0.42 sys=0.00, real=0.07 secs] 
4035.794: [GC (Allocation Failure) [PSYoungGen: 442560K->140224K(516608K)] 1333543K->1132924K(1914880K), 0.0527463 secs] [Times: user=0.31 sys=0.00, real=0.05 secs] 
4037.109: [GC (Allocation Failure) [PSYoungGen: 478144K->106880K(516608K)] 1470844K->1230140K(1914880K), 0.0653391 secs] [Times: user=0.39 sys=0.00, real=0.07 secs] 
4038.256: [GC (Allocation Failure) [PSYoungGen: 447872K->138816K(518144K)] 1571132K->1366933K(1916416K), 0.0562652 secs] [Times: user=0.30 sys=0.01, real=0.06 secs] 
4040.144: [GC (Allocation Failure) [PSYoungGen: 479808K->107680K(517632K)] 1707925K->1465821K(1915904K), 0.1153513 secs] [Times: user=0.69 sys=0.01, real=0.11 secs] 
4040.259: [Full GC (Ergonomics) [PSYoungGen: 107680K->0K(517632K)] [ParOldGen: 1358141K->25840K(1398272K)] 1465821K->25840K(1915904K), [Metaspace: 60400K->60400K(1105920K)], 0.0605568 secs] [Times: user=0.20 sys=0.00, real=0.06 secs] 
4041.976: [GC (Allocation Failure) [PSYoungGen: 344576K->138816K(519680K)] 370416K->164656K(1917952K), 0.0278566 secs] [Times: user=0.16 sys=0.00, real=0.03 secs] 
4043.445: [GC (Allocation Failure) [PSYoungGen: 483392K->110400K(519168K)] 509232K->265516K(1917440K), 0.0910548 secs] [Times: user=0.54 sys=0.00, real=0.09 secs] 
4044.623: [GC (Allocation Failure) [PSYoungGen: 458560K->142400K(521216K)] 613676K->405209K(1919488K), 0.0530715 secs] [Times: user=0.32 sys=0.00, real=0.05 secs] 
4045.948: [GC (GCLocker Initiated GC) [PSYoungGen: 490560K->110944K(522752K)] 753369K->506825K(1921024K), 0.0657204 secs] [Times: user=0.39 sys=0.00, real=0.07 secs] 
4047.280: [GC (Allocation Failure) [PSYoungGen: 461664K->141248K(523264K)] 857584K->646336K(1921536K), 0.0541557 secs] [Times: user=0.31 sys=0.00, real=0.06 secs] 
4048.668: [GC (GCLocker Initiated GC) [PSYoungGen: 491968K->112768K(522752K)] 997057K->749713K(1921024K), 0.0661406 secs] [Times: user=0.39 sys=0.00, real=0.07 secs] 
4049.855: [GC (Allocation Failure) [PSYoungGen: 465024K->143840K(523776K)] 1102039K->890636K(1922048K), 0.0554939 secs] [Times: user=0.33 sys=0.00, real=0.06 secs] 
4051.295: [GC (GCLocker Initiated GC) [PSYoungGen: 496096K->111104K(525312K)] 1242892K->992208K(1923584K), 0.0820268 secs] [Times: user=0.49 sys=0.00, real=0.08 secs] 
4052.544: [GC (Allocation Failure) [PSYoungGen: 463872K->152896K(505856K)] 1344979K->1142568K(1904128K), 0.0560062 secs] [Times: user=0.33 sys=0.00, real=0.05 secs] 
4054.118: [GC (Allocation Failure) [PSYoungGen: 505664K->112672K(523776K)] 1495336K->1237740K(1922048K), 0.0880714 secs] [Times: user=0.53 sys=0.00, real=0.09 secs] 
4055.199: [GC (Allocation Failure) [PSYoungGen: 458784K->144224K(521216K)] 1583852K->1379049K(1919488K), 0.0550155 secs] [Times: user=0.33 sys=0.00, real=0.06 secs] 
4055.254: [Full GC (Ergonomics) [PSYoungGen: 144224K->0K(521216K)] [ParOldGen: 1234825K->181684K(1398272K)] 1379049K->181684K(1919488K), [Metaspace: 60409K->60409K(1105920K)], 0.4415610 secs] [Times: user=2.06 sys=0.00, real=0.44 secs] 
4057.012: [GC (GCLocker Initiated GC) [PSYoungGen: 346112K->108768K(522240K)] 527796K->290452K(1920512K), 0.0377436 secs] [Times: user=0.21 sys=0.00, real=0.03 secs] 
4057.708: [GC (Allocation Failure) [PSYoungGen: 454880K->144128K(521728K)] 636635K->430135K(1920000K), 0.0528492 secs] [Times: user=0.31 sys=0.00, real=0.06 secs] 
4059.264: [GC (Allocation Failure) [PSYoungGen: 490240K->109312K(521728K)] 776247K->530216K(1920000K), 0.1271773 secs] [Times: user=0.75 sys=0.00, real=0.13 secs] 
4060.172: [GC (Allocation Failure) [PSYoungGen: 455424K->143968K(521728K)] 876328K->670915K(1920000K), 0.0544039 secs] [Times: user=0.31 sys=0.00, real=0.05 secs] 
4064.080: [GC (Allocation Failure) [PSYoungGen: 490080K->105952K(522240K)] 1017027K->767651K(1920512K), 0.1634972 secs] [Times: user=0.98 sys=0.00, real=0.16 secs] 
4065.293: [GC (Allocation Failure) [PSYoungGen: 451552K->153888K(499712K)] 1113251K->917624K(1897984K), 0.0536020 secs] [Times: user=0.32 sys=0.00, real=0.05 secs] 
4066.737: [GC (Allocation Failure) [PSYoungGen: 499488K->106144K(519168K)] 1263224K->1006372K(1917440K), 0.0877262 secs] [Times: user=0.52 sys=0.01, real=0.09 secs] 
4067.596: [GC (Allocation Failure) [PSYoungGen: 444064K->141472K(517632K)] 1344292K->1143577K(1915904K), 0.0528810 secs] [Times: user=0.31 sys=0.00, real=0.05 secs] 
4068.993: [GC (Allocation Failure) [PSYoungGen: 479392K->106816K(517120K)] 1481497K->1240997K(1915392K), 0.0697968 secs] [Times: user=0.39 sys=0.00, real=0.07 secs] 
4069.672: [GC (Allocation Failure) [PSYoungGen: 445760K->141280K(517632K)] 1579941K->1379426K(1915904K), 0.0543242 secs] [Times: user=0.32 sys=0.00, real=0.05 secs] 
4069.726: [Full GC (Ergonomics) [PSYoungGen: 141280K->0K(517632K)] [ParOldGen: 1238146K->176391K(1398272K)] 1379426K->176391K(1915904K), [Metaspace: 60409K->60409K(1105920K)], 0.4283301 secs] [Times: user=1.99 sys=0.00, real=0.43 secs] 
4072.255: [GC (Allocation Failure) [PSYoungGen: 338944K->104544K(517632K)] 515335K->280935K(1915904K), 0.0937752 secs] [Times: user=0.55 sys=0.00, real=0.09 secs] 
4073.633: [GC (Allocation Failure) [PSYoungGen: 445536K->137728K(518656K)] 621927K->415992K(1916928K), 0.0522112 secs] [Times: user=0.31 sys=0.00, real=0.05 secs] 
4075.190: [GC (Allocation Failure) [PSYoungGen: 478720K->109568K(516608K)] 756984K->516768K(1914880K), 0.0797823 secs] [Times: user=0.47 sys=0.00, real=0.08 secs] 
4076.958: [GC (Allocation Failure) [PSYoungGen: 453632K->139136K(519168K)] 860832K->653412K(1917440K), 0.0537745 secs] [Times: user=0.31 sys=0.01, real=0.06 secs] 
4078.346: [GC (Allocation Failure) [PSYoungGen: 483200K->109696K(519168K)] 997476K->754173K(1917440K), 0.0655408 secs] [Times: user=0.39 sys=0.00, real=0.07 secs] 
4080.154: [GC (Allocation Failure) [PSYoungGen: 457856K->142368K(521216K)] 1102333K->894049K(1919488K), 0.0536268 secs] [Times: user=0.32 sys=0.00, real=0.05 secs] 
4081.476: [GC (Allocation Failure) [PSYoungGen: 490528K->110176K(523776K)] 1242209K->994801K(1922048K), 0.0677341 secs] [Times: user=0.40 sys=0.01, real=0.07 secs] 
4082.256: [GC (Allocation Failure) [PSYoungGen: 460896K->142528K(523776K)] 1345521K->1134366K(1922048K), 0.0540055 secs] [Times: user=0.32 sys=0.00, real=0.05 secs] 
4083.753: [GC (Allocation Failure) [PSYoungGen: 493248K->112384K(523264K)] 1485086K->1236850K(1921536K), 0.1178464 secs] [Times: user=0.69 sys=0.01, real=0.12 secs] 
4084.516: [GC (Allocation Failure) [PSYoungGen: 463616K->146208K(497664K)] 1588082K->1380103K(1895936K), 0.0548337 secs] [Times: user=0.33 sys=0.00, real=0.06 secs] 
4086.449: [GC (Allocation Failure) [PSYoungGen: 497440K->110272K(525312K)] 1731335K->1481203K(1923584K), 0.1176642 secs] [Times: user=0.69 sys=0.00, real=0.12 secs] 
4086.566: [Full GC (Ergonomics) [PSYoungGen: 110272K->0K(525312K)] [ParOldGen: 1370931K->41186K(1398272K)] 1481203K->41186K(1923584K), [Metaspace: 60409K->60409K(1105920K)], 0.0924203 secs] [Times: user=0.37 sys=0.01, real=0.09 secs] 
4087.438: [GC (Allocation Failure) [PSYoungGen: 349696K->145888K(495616K)] 390882K->187074K(1893888K), 0.0286291 secs] [Times: user=0.17 sys=0.00, real=0.03 secs] 
4089.008: [GC (Allocation Failure) [PSYoungGen: 495584K->106432K(523776K)] 536770K->284242K(1922048K), 0.1374708 secs] [Times: user=0.81 sys=0.01, real=0.14 secs] 
4089.712: [GC (Allocation Failure) [PSYoungGen: 454080K->146752K(494592K)] 631890K->426643K(1892864K), 0.0518418 secs] [Times: user=0.30 sys=0.00, real=0.05 secs] 
4091.186: [GC (Allocation Failure) [PSYoungGen: 494400K->110048K(522752K)] 774291K->527611K(1921024K), 0.0773973 secs] [Times: user=0.45 sys=0.00, real=0.08 secs] 
4091.831: [GC (Allocation Failure) [PSYoungGen: 454624K->143456K(520704K)] 872187K->667588K(1918976K), 0.0536583 secs] [Times: user=0.31 sys=0.00, real=0.05 secs] 
4095.106: [GC (Allocation Failure) [PSYoungGen: 488032K->105664K(521216K)] 1012164K->764316K(1919488K), 0.1210674 secs] [Times: user=0.72 sys=0.01, real=0.12 secs] 
4096.348: [GC (Allocation Failure) [PSYoungGen: 450752K->145088K(490496K)] 1109404K->905585K(1888768K), 0.0521158 secs] [Times: user=0.31 sys=0.00, real=0.05 secs] 
4098.104: [GC (Allocation Failure) [PSYoungGen: 490176K->104544K(521728K)] 1250673K->1001689K(1920000K), 0.1486403 secs] [Times: user=0.87 sys=0.01, real=0.15 secs] 
4099.061: [GC (Allocation Failure) [PSYoungGen: 447584K->144576K(487936K)] 1344729K->1142286K(1886208K), 0.0521804 secs] [Times: user=0.30 sys=0.00, real=0.05 secs] 
4100.900: [GC (Allocation Failure) [PSYoungGen: 487616K->105408K(521216K)] 1485326K->1238318K(1919488K), 0.1157940 secs] [Times: user=0.69 sys=0.00, real=0.12 secs] 
4102.163: [GC (Allocation Failure) [PSYoungGen: 447424K->143264K(519680K)] 1580334K->1377931K(1917952K), 0.0526878 secs] [Times: user=0.32 sys=0.00, real=0.05 secs] 
4102.216: [Full GC (Ergonomics) [PSYoungGen: 143264K->0K(519680K)] [ParOldGen: 1234667K->181574K(1398272K)] 1377931K->181574K(1917952K), [Metaspace: 60410K->60410K(1105920K)], 0.4394143 secs] [Times: user=2.04 sys=0.00, real=0.44 secs] 
4104.184: [GC (Allocation Failure) [PSYoungGen: 342016K->103648K(520192K)] 523590K->285222K(1918464K), 0.0797866 secs] [Times: user=0.47 sys=0.01, real=0.08 secs] 
4105.225: [GC (Allocation Failure) [PSYoungGen: 445152K->141664K(519680K)] 626726K->423471K(1917952K), 0.0512109 secs] [Times: user=0.30 sys=0.00, real=0.05 secs] 
4106.930: [GC (Allocation Failure) [PSYoungGen: 483168K->107328K(517632K)] 764975K->521927K(1915904K), 0.0745239 secs] [Times: user=0.44 sys=0.01, real=0.07 secs] 
4108.013: [GC (Allocation Failure) [PSYoungGen: 448832K->141088K(518656K)] 863431K->660348K(1916928K), 0.0532856 secs] [Times: user=0.31 sys=0.00, real=0.05 secs] 
4110.443: [GC (Allocation Failure) [PSYoungGen: 482592K->106080K(518656K)] 1001852K->757564K(1916928K), 0.1616942 secs] [Times: user=0.96 sys=0.01, real=0.16 secs] 
4111.859: [GC (Allocation Failure) [PSYoungGen: 449632K->141248K(519680K)] 1101116K->895989K(1917952K), 0.0546565 secs] [Times: user=0.32 sys=0.00, real=0.06 secs] 
4113.411: [GC (GCLocker Initiated GC) [PSYoungGen: 484800K->106816K(520704K)] 1239542K->993290K(1918976K), 0.0878854 secs] [Times: user=0.52 sys=0.01, real=0.08 secs] 
4114.339: [GC (GCLocker Initiated GC) [PSYoungGen: 452416K->142176K(521216K)] 1338892K->1132289K(1919488K), 0.0533347 secs] [Times: user=0.31 sys=0.00, real=0.06 secs] 
4115.685: [GC (Allocation Failure) [PSYoungGen: 487776K->111520K(519680K)] 1477891K->1234423K(1917952K), 0.0664646 secs] [Times: user=0.39 sys=0.00, real=0.07 secs] 
4116.449: [GC (GCLocker Initiated GC) [PSYoungGen: 457632K->142752K(520704K)] 1580535K->1374484K(1918976K), 0.0558877 secs] [Times: user=0.33 sys=0.00, real=0.06 secs] 
4118.613: [GC (Allocation Failure) [PSYoungGen: 488864K->107360K(522752K)] 1720667K->1472595K(1921024K), 0.1446708 secs] [Times: user=0.86 sys=0.00, real=0.14 secs] 
4118.758: [Full GC (Ergonomics) [PSYoungGen: 107360K->0K(522752K)] [ParOldGen: 1365235K->33313K(1398272K)] 1472595K->33313K(1921024K), [Metaspace: 60410K->60410K(1105920K)], 0.0927860 secs] [Times: user=0.34 sys=0.00, real=0.10 secs] 
4119.881: [GC (Allocation Failure) [PSYoungGen: 348160K->142112K(522752K)] 381473K->175425K(1921024K), 0.0283916 secs] [Times: user=0.16 sys=0.00, real=0.02 secs] 
4121.425: [GC (GCLocker Initiated GC) [PSYoungGen: 490272K->109536K(521728K)] 523586K->275386K(1920000K), 0.0993217 secs] [Times: user=0.59 sys=0.00, real=0.10 secs] 
4122.285: [GC (Allocation Failure) [PSYoungGen: 457696K->152288K(500736K)] 623583K->424220K(1899008K), 0.0536359 secs] [Times: user=0.32 sys=0.00, real=0.05 secs] 
4123.721: [GC (Allocation Failure) [PSYoungGen: 500448K->112608K(522240K)] 772380K->518876K(1920512K), 0.0725949 secs] [Times: user=0.43 sys=0.00, real=0.07 secs] 
4124.397: [GC (GCLocker Initiated GC) [PSYoungGen: 455648K->141664K(519680K)] 861917K->658440K(1917952K), 0.0541167 secs] [Times: user=0.32 sys=0.01, real=0.06 secs] 
4126.280: [GC (GCLocker Initiated GC) [PSYoungGen: 484704K->107392K(519680K)] 1001485K->756573K(1917952K), 0.1153693 secs] [Times: user=0.68 sys=0.00, real=0.11 secs] 
4127.694: [GC (Allocation Failure) [PSYoungGen: 451968K->141088K(520192K)] 1101188K->895207K(1918464K), 0.0526393 secs] [Times: user=0.32 sys=0.00, real=0.05 secs] 
4129.030: [GC (GCLocker Initiated GC) [PSYoungGen: 485664K->106976K(521216K)] 1239783K->993463K(1919488K), 0.0638152 secs] [Times: user=0.38 sys=0.00, real=0.06 secs] 
4130.033: [GC (Allocation Failure) [PSYoungGen: 453600K->143456K(521728K)] 1340090K->1134207K(1920000K), 0.0528219 secs] [Times: user=0.32 sys=0.00, real=0.05 secs] 
4131.605: [GC (Allocation Failure) [PSYoungGen: 490080K->108928K(521728K)] 1480831K->1234175K(1920000K), 0.1199546 secs] [Times: user=0.71 sys=0.00, real=0.12 secs] 
4133.235: [GC (Allocation Failure) [PSYoungGen: 455552K->141952K(521728K)] 1580799K->1373572K(1920000K), 0.0539571 secs] [Times: user=0.31 sys=0.00, real=0.05 secs] 
4133.289: [Full GC (Ergonomics) [PSYoungGen: 141952K->0K(521728K)] [ParOldGen: 1231620K->178006K(1398272K)] 1373572K->178006K(1920000K), [Metaspace: 60410K->60410K(1105920K)], 0.4308329 secs] [Times: user=2.01 sys=0.00, real=0.44 secs] 
4135.053: [GC (Allocation Failure) [PSYoungGen: 346624K->106240K(521728K)] 524630K->284246K(1920000K), 0.0547039 secs] [Times: user=0.32 sys=0.01, real=0.05 secs] 
4135.791: [GC (Allocation Failure) [PSYoungGen: 453888K->145120K(493056K)] 631894K->426315K(1891328K), 0.0535483 secs] [Times: user=0.31 sys=0.01, real=0.05 secs] 
4137.307: [GC (Allocation Failure) [PSYoungGen: 492768K->109536K(523776K)] 773963K->526419K(1922048K), 0.0683962 secs] [Times: user=0.41 sys=0.00, real=0.07 secs] 
4138.249: [GC (Allocation Failure) [PSYoungGen: 455648K->143520K(521216K)] 872531K->666640K(1919488K), 0.0531211 secs] [Times: user=0.31 sys=0.00, real=0.06 secs] 
4141.110: [GC (Allocation Failure) [PSYoungGen: 489632K->107712K(522240K)] 1012752K->765092K(1920512K), 0.1464146 secs] [Times: user=0.87 sys=0.01, real=0.15 secs] 
4142.575: [GC (Allocation Failure) [PSYoungGen: 453824K->142016K(521728K)] 1111204K->904277K(1920000K), 0.0537621 secs] [Times: user=0.31 sys=0.01, real=0.05 secs] 
4144.260: [GC (Allocation Failure) [PSYoungGen: 488128K->108480K(520192K)] 1250389K->1003989K(1918464K), 0.0933689 secs] [Times: user=0.54 sys=0.01, real=0.10 secs] 
4145.369: [GC (Allocation Failure) [PSYoungGen: 455104K->141504K(521216K)] 1350613K->1142626K(1919488K), 0.0537794 secs] [Times: user=0.31 sys=0.00, real=0.06 secs] 
4148.171: [GC (Allocation Failure) [PSYoungGen: 488128K->108032K(521728K)] 1489250K->1241586K(1920000K), 0.1450536 secs] [Times: user=0.86 sys=0.01, real=0.14 secs] 
4149.534: [GC (Allocation Failure) [PSYoungGen: 456192K->152384K(500736K)] 1589746K->1391187K(1899008K), 0.0543854 secs] [Times: user=0.32 sys=0.00, real=0.05 secs] 
4149.589: [Full GC (Ergonomics) [PSYoungGen: 152384K->0K(500736K)] [ParOldGen: 1238803K->180291K(1398272K)] 1391187K->180291K(1899008K), [Metaspace: 60411K->60411K(1105920K)], 0.4398796 secs] [Times: user=2.05 sys=0.00, real=0.44 secs] 
4151.751: [GC (Allocation Failure) [PSYoungGen: 348160K->105824K(520704K)] 528451K->286115K(1918976K), 0.0734779 secs] [Times: user=0.43 sys=0.00, real=0.07 secs] 
4152.583: [GC (Allocation Failure) [PSYoungGen: 446816K->141888K(519168K)] 627107K->424348K(1917440K), 0.0522685 secs] [Times: user=0.31 sys=0.00, real=0.05 secs] 
4154.700: [GC (GCLocker Initiated GC) [PSYoungGen: 482880K->106560K(518656K)] 765340K->521752K(1916928K), 0.0706999 secs] [Times: user=0.42 sys=0.01, real=0.08 secs] 
4155.875: [GC (Allocation Failure) [PSYoungGen: 448576K->142176K(519168K)] 863806K->660731K(1917440K), 0.0527194 secs] [Times: user=0.31 sys=0.00, real=0.05 secs] 
4157.339: [GC (Allocation Failure) [PSYoungGen: 484192K->107584K(519680K)] 1002747K->758883K(1917952K), 0.0728905 secs] [Times: user=0.43 sys=0.00, real=0.08 secs] 
4158.248: [GC (Allocation Failure) [PSYoungGen: 451136K->142688K(520192K)] 1102435K->897836K(1918464K), 0.0534097 secs] [Times: user=0.31 sys=0.00, real=0.06 secs] 
4159.641: [GC (Allocation Failure) [PSYoungGen: 486240K->106656K(519680K)] 1241388K->995740K(1917952K), 0.0661565 secs] [Times: user=0.39 sys=0.00, real=0.06 secs] 
4160.923: [GC (Allocation Failure) [PSYoungGen: 450720K->140480K(520192K)] 1339804K->1133453K(1918464K), 0.0531085 secs] [Times: user=0.32 sys=0.00, real=0.05 secs] 
4162.304: [GC (Allocation Failure) [PSYoungGen: 484544K->107776K(519680K)] 1477517K->1232029K(1917952K), 0.0657329 secs] [Times: user=0.38 sys=0.00, real=0.06 secs] 
4163.269: [GC (Allocation Failure) [PSYoungGen: 453376K->143360K(520704K)] 1577629K->1373098K(1918976K), 0.0550451 secs] [Times: user=0.32 sys=0.00, real=0.06 secs] 
4164.881: [GC (GCLocker Initiated GC) [PSYoungGen: 488960K->108224K(521728K)] 1718699K->1472323K(1920000K), 0.0874136 secs] [Times: user=0.51 sys=0.00, real=0.08 secs] 
4164.969: [Full GC (Ergonomics) [PSYoungGen: 108224K->0K(521728K)] [ParOldGen: 1364098K->31549K(1398272K)] 1472323K->31549K(1920000K), [Metaspace: 60411K->60411K(1105920K)], 0.0539445 secs] [Times: user=0.18 sys=0.00, real=0.06 secs] 
4165.762: [GC (Allocation Failure) [PSYoungGen: 346624K->152352K(499200K)] 378212K->183940K(1897472K), 0.0294560 secs] [Times: user=0.17 sys=0.00, real=0.03 secs] 
4167.225: [GC (GCLocker Initiated GC) [PSYoungGen: 498976K->107104K(520192K)] 530564K->273444K(1918464K), 0.0895676 secs] [Times: user=0.53 sys=0.00, real=0.09 secs] 
4168.243: [GC (Allocation Failure) [PSYoungGen: 447072K->140512K(518656K)] 613419K->411400K(1916928K), 0.0519371 secs] [Times: user=0.30 sys=0.01, real=0.05 secs] 
4170.074: [GC (Allocation Failure) [PSYoungGen: 480480K->107680K(517632K)] 751368K->509948K(1915904K), 0.1538583 secs] [Times: user=0.91 sys=0.01, real=0.15 secs] 
4171.857: [GC (Allocation Failure) [PSYoungGen: 449184K->139456K(518144K)] 851452K->646904K(1916416K), 0.0522184 secs] [Times: user=0.31 sys=0.00, real=0.05 secs] 
4173.267: [GC (Allocation Failure) [PSYoungGen: 480960K->107104K(518656K)] 988408K->744977K(1916928K), 0.0648065 secs] [Times: user=0.38 sys=0.00, real=0.07 secs] 
4174.244: [GC (Allocation Failure) [PSYoungGen: 452192K->139808K(520192K)] 1090065K->882557K(1918464K), 0.0530285 secs] [Times: user=0.31 sys=0.00, real=0.05 secs] 
4175.645: [GC (Allocation Failure) [PSYoungGen: 484896K->110400K(519680K)] 1227645K->983425K(1917952K), 0.0652069 secs] [Times: user=0.38 sys=0.00, real=0.07 secs] 
4176.396: [GC (Allocation Failure) [PSYoungGen: 458048K->142656K(521216K)] 1331073K->1124062K(1919488K), 0.0542024 secs] [Times: user=0.32 sys=0.00, real=0.06 secs] 
4178.479: [GC (Allocation Failure) [PSYoungGen: 490304K->108992K(523264K)] 1471710K->1223626K(1921536K), 0.0936326 secs] [Times: user=0.55 sys=0.01, real=0.10 secs] 
4179.868: [GC (Allocation Failure) [PSYoungGen: 458688K->141632K(523264K)] 1573322K->1362697K(1921536K), 0.0534939 secs] [Times: user=0.32 sys=0.00, real=0.06 secs] 
4181.313: [GC (GCLocker Initiated GC) [PSYoungGen: 491328K->111616K(521728K)] 1712394K->1465194K(1920000K), 0.0821317 secs] [Times: user=0.48 sys=0.00, real=0.08 secs] 
4181.395: [Full GC (Ergonomics) [PSYoungGen: 111616K->0K(521728K)] [ParOldGen: 1353578K->29640K(1398272K)] 1465194K->29640K(1920000K), [Metaspace: 60411K->60411K(1105920K)], 0.0555927 secs] [Times: user=0.18 sys=0.00, real=0.06 secs] 
4182.389: [GC (Allocation Failure) [PSYoungGen: 350208K->141824K(522752K)] 379851K->171467K(1921024K), 0.0285924 secs] [Times: user=0.16 sys=0.00, real=0.03 secs] 
4183.877: [GC (GCLocker Initiated GC) [PSYoungGen: 492032K->113728K(522752K)] 521675K->275399K(1921024K), 0.1120774 secs] [Times: user=0.66 sys=0.00, real=0.11 secs] 
4185.172: [GC (Allocation Failure) [PSYoungGen: 465984K->144640K(523776K)] 627694K->417387K(1922048K), 0.0542147 secs] [Times: user=0.32 sys=0.00, real=0.05 secs] 
4186.949: [GC (Allocation Failure) [PSYoungGen: 496896K->111680K(525312K)] 769643K->519831K(1923584K), 0.0660662 secs] [Times: user=0.39 sys=0.00, real=0.07 secs] 
4187.938: [GC (Allocation Failure) [PSYoungGen: 464448K->146816K(499712K)] 872599K->664103K(1897984K), 0.0541684 secs] [Times: user=0.32 sys=0.00, real=0.06 secs] 
4189.764: [GC (GCLocker Initiated GC) [PSYoungGen: 499584K->108416K(524800K)] 1016871K->764104K(1923072K), 0.1130043 secs] [Times: user=0.67 sys=0.00, real=0.11 secs] 
4190.621: [GC (Allocation Failure) [PSYoungGen: 458112K->147296K(497152K)] 1113802K->907119K(1895424K), 0.0535459 secs] [Times: user=0.31 sys=0.00, real=0.05 secs] 
4192.902: [GC (Allocation Failure) [PSYoungGen: 496992K->106912K(523264K)] 1256815K->1004751K(1921536K), 0.1081446 secs] [Times: user=0.64 sys=0.00, real=0.10 secs] 
4193.660: [GC (Allocation Failure) [PSYoungGen: 453024K->146720K(493056K)] 1350863K->1147272K(1891328K), 0.0527461 secs] [Times: user=0.31 sys=0.00, real=0.06 secs] 
4195.354: [GC (Allocation Failure) [PSYoungGen: 492832K->106080K(521728K)] 1493384K->1244364K(1920000K), 0.1217708 secs] [Times: user=0.72 sys=0.00, real=0.12 secs] 
4196.584: [GC (Allocation Failure) [PSYoungGen: 449120K->142560K(520192K)] 1587404K->1383185K(1918464K), 0.0531143 secs] [Times: user=0.32 sys=0.00, real=0.05 secs] 
4196.637: [Full GC (Ergonomics) [PSYoungGen: 142560K->0K(520192K)] [ParOldGen: 1240625K->187042K(1398272K)] 1383185K->187042K(1918464K), [Metaspace: 60411K->60411K(1105920K)], 0.4622171 secs] [Times: user=2.16 sys=0.00, real=0.46 secs] 
4198.650: [GC (Allocation Failure) [PSYoungGen: 343040K->106080K(519680K)] 530082K->293122K(1917952K), 0.0612998 secs] [Times: user=0.36 sys=0.00, real=0.07 secs] 
4199.449: [GC (Allocation Failure) [PSYoungGen: 449632K->144864K(488448K)] 636674K->434551K(1886720K), 0.0516620 secs] [Times: user=0.30 sys=0.00, real=0.06 secs] 
4201.921: [GC (Allocation Failure) [PSYoungGen: 488416K->104928K(521216K)] 778103K->530495K(1919488K), 0.1305509 secs] [Times: user=0.77 sys=0.00, real=0.13 secs] 
4202.582: [GC (Allocation Failure) [PSYoungGen: 446944K->146432K(488960K)] 872511K->673040K(1887232K), 0.0511277 secs] [Times: user=0.30 sys=0.00, real=0.05 secs] 
4204.444: [GC (Allocation Failure) [PSYoungGen: 488448K->102976K(519680K)] 1015056K->767592K(1917952K), 0.0767507 secs] [Times: user=0.45 sys=0.01, real=0.08 secs] 
4205.130: [GC (Allocation Failure) [PSYoungGen: 442432K->143840K(483328K)] 1107048K->907493K(1881600K), 0.0526670 secs] [Times: user=0.31 sys=0.00, real=0.06 secs] 
4206.845: [GC (Allocation Failure) [PSYoungGen: 483296K->105152K(519680K)] 1246949K->1003633K(1917952K), 0.0833107 secs] [Times: user=0.50 sys=0.00, real=0.08 secs] 
4207.722: [GC (GCLocker Initiated GC) [PSYoungGen: 444096K->141824K(518144K)] 1342578K->1142559K(1916416K), 0.0537949 secs] [Times: user=0.32 sys=0.00, real=0.05 secs] 
4209.885: [GC (Allocation Failure) [PSYoungGen: 480768K->103936K(517632K)] 1481572K->1238124K(1915904K), 0.1593659 secs] [Times: user=0.95 sys=0.00, real=0.16 secs] 
4210.959: [GC (Allocation Failure) [PSYoungGen: 443392K->141120K(518144K)] 1577580K->1376761K(1916416K), 0.0528991 secs] [Times: user=0.31 sys=0.00, real=0.06 secs] 
4211.012: [Full GC (Ergonomics) [PSYoungGen: 141120K->0K(518144K)] [ParOldGen: 1235641K->174688K(1398272K)] 1376761K->174688K(1916416K), [Metaspace: 60413K->60413K(1105920K)], 0.4280473 secs] [Times: user=2.00 sys=0.00, real=0.43 secs] 
4212.796: [GC (GCLocker Initiated GC) [PSYoungGen: 339456K->103680K(517632K)] 514144K->278368K(1915904K), 0.0342850 secs] [Times: user=0.20 sys=0.00, real=0.04 secs] 
4213.580: [GC (Allocation Failure) [PSYoungGen: 444672K->141280K(518656K)] 619431K->416876K(1916928K), 0.0527335 secs] [Times: user=0.31 sys=0.00, real=0.06 secs] 
4215.430: [GC (Allocation Failure) [PSYoungGen: 482272K->106240K(517632K)] 757868K->514080K(1915904K), 0.1638982 secs] [Times: user=0.97 sys=0.01, real=0.17 secs] 
4216.663: [GC (Allocation Failure) [PSYoungGen: 448256K->140448K(518656K)] 856096K->652445K(1916928K), 0.0529867 secs] [Times: user=0.31 sys=0.00, real=0.05 secs] 
4218.124: [GC (GCLocker Initiated GC) [PSYoungGen: 482464K->107232K(519168K)] 994461K->750293K(1917440K), 0.0848444 secs] [Times: user=0.50 sys=0.00, real=0.08 secs] 
4218.984: [GC (Allocation Failure) [PSYoungGen: 451808K->141440K(520192K)] 1094872K->888865K(1918464K), 0.0531033 secs] [Times: user=0.31 sys=0.00, real=0.05 secs] 
4220.350: [GC (Allocation Failure) [PSYoungGen: 486016K->109280K(519680K)] 1233441K->989137K(1917952K), 0.0656680 secs] [Times: user=0.39 sys=0.00, real=0.07 secs] 
4221.469: [GC (Allocation Failure) [PSYoungGen: 455392K->141408K(520704K)] 1335249K->1128861K(1918976K), 0.0542072 secs] [Times: user=0.32 sys=0.00, real=0.06 secs] 
4223.195: [GC (Allocation Failure) [PSYoungGen: 487520K->110080K(520704K)] 1474973K->1230213K(1918976K), 0.1116259 secs] [Times: user=0.66 sys=0.01, real=0.11 secs] 
4224.690: [GC (Allocation Failure) [PSYoungGen: 458240K->142816K(521728K)] 1578373K->1370546K(1920000K), 0.0550510 secs] [Times: user=0.33 sys=0.00, real=0.06 secs] 
4226.395: [GC (Allocation Failure) [PSYoungGen: 490734K->107904K(523264K)] 1718464K->1469094K(1921536K), 0.1337418 secs] [Times: user=0.79 sys=0.01, real=0.13 secs] 
4226.529: [Full GC (Ergonomics) [PSYoungGen: 107904K->0K(523264K)] [ParOldGen: 1361190K->29410K(1398272K)] 1469094K->29410K(1921536K), [Metaspace: 60421K->60421K(1105920K)], 0.0760374 secs] [Times: user=0.26 sys=0.00, real=0.08 secs] 
4227.564: [GC (Allocation Failure) [PSYoungGen: 349696K->143936K(494080K)] 379106K->173346K(1892352K), 0.0282880 secs] [Times: user=0.17 sys=0.00, real=0.03 secs] 
4229.047: [GC (Allocation Failure) [PSYoungGen: 493632K->110240K(524800K)] 523042K->274199K(1923072K), 0.0992128 secs] [Times: user=0.59 sys=0.00, real=0.10 secs] 
4230.545: [GC (Allocation Failure) [PSYoungGen: 458912K->144576K(493568K)] 622871K->416251K(1891840K), 0.0539091 secs] [Times: user=0.31 sys=0.00, real=0.05 secs] 
4232.090: [GC (Allocation Failure) [PSYoungGen: 493248K->108800K(524288K)] 764923K->515627K(1922560K), 0.0816129 secs] [Times: user=0.49 sys=0.00, real=0.09 secs] 
4233.144: [GC (Allocation Failure) [PSYoungGen: 456448K->142688K(522240K)] 863275K->654976K(1920512K), 0.0526426 secs] [Times: user=0.30 sys=0.00, real=0.05 secs] 
4234.649: [GC (Allocation Failure) [PSYoungGen: 490336K->109696K(521728K)] 1002624K->755160K(1920000K), 0.0747422 secs] [Times: user=0.44 sys=0.00, real=0.08 secs] 
4235.555: [GC (Allocation Failure) [PSYoungGen: 457856K->144384K(522240K)] 1103320K->896629K(1920512K), 0.0544203 secs] [Times: user=0.32 sys=0.00, real=0.05 secs] 
4237.463: [GC (Allocation Failure) [PSYoungGen: 492544K->107712K(522752K)] 1244789K->995385K(1921024K), 0.1224108 secs] [Times: user=0.72 sys=0.00, real=0.12 secs] 
4238.305: [GC (Allocation Failure) [PSYoungGen: 455360K->146080K(494080K)] 1343033K->1138798K(1892352K), 0.0546120 secs] [Times: user=0.32 sys=0.00, real=0.05 secs] 
4239.958: [GC (Allocation Failure) [PSYoungGen: 493728K->105920K(522752K)] 1486446K->1235942K(1921024K), 0.0802530 secs] [Times: user=0.48 sys=0.00, real=0.08 secs] 
4240.662: [GC (Allocation Failure) [PSYoungGen: 451008K->145440K(491008K)] 1581030K->1378343K(1889280K), 0.0536456 secs] [Times: user=0.31 sys=0.00, real=0.05 secs] 
4240.715: [Full GC (Ergonomics) [PSYoungGen: 145440K->0K(491008K)] [ParOldGen: 1232903K->182902K(1398272K)] 1378343K->182902K(1889280K), [Metaspace: 60438K->60438K(1105920K)], 0.4522886 secs] [Times: user=2.12 sys=0.00, real=0.45 secs] 
4242.725: [GC (Allocation Failure) [PSYoungGen: 345088K->107776K(522240K)] 527990K->290678K(1920512K), 0.0471176 secs] [Times: user=0.28 sys=0.00, real=0.05 secs] 
4243.559: [GC (Allocation Failure) [PSYoungGen: 451328K->144288K(520192K)] 634230K->429179K(1918464K), 0.0523956 secs] [Times: user=0.31 sys=0.00, real=0.06 secs] 
4246.378: [GC (Allocation Failure) [PSYoungGen: 487342K->105472K(520704K)] 772234K->525771K(1918976K), 0.0725285 secs] [Times: user=0.43 sys=0.00, real=0.08 secs] 
4247.650: [GC (Allocation Failure) [PSYoungGen: 448512K->140544K(520192K)] 868811K->663480K(1918464K), 0.0515148 secs] [Times: user=0.30 sys=0.00, real=0.05 secs] 
4249.084: [GC (GCLocker Initiated GC) [PSYoungGen: 483584K->108896K(518144K)] 1006521K->763505K(1916416K), 0.1048358 secs] [Times: user=0.63 sys=0.00, real=0.10 secs] 
4250.076: [GC (Allocation Failure) [PSYoungGen: 452960K->141536K(519680K)] 1107571K->901815K(1917952K), 0.0535421 secs] [Times: user=0.32 sys=0.00, real=0.05 secs] 
4251.555: [GC (Allocation Failure) [PSYoungGen: 485600K->107680K(521216K)] 1245879K->1000167K(1919488K), 0.1093591 secs] [Times: user=0.65 sys=0.01, real=0.11 secs] 
4252.791: [GC (Allocation Failure) [PSYoungGen: 454304K->144000K(521728K)] 1346791K->1141443K(1920000K), 0.0548915 secs] [Times: user=0.32 sys=0.00, real=0.05 secs] 
4255.184: [GC (Allocation Failure) [PSYoungGen: 490624K->108288K(521728K)] 1488067K->1240539K(1920000K), 0.0667185 secs] [Times: user=0.39 sys=0.00, real=0.07 secs] 
4256.109: [GC (Allocation Failure) [PSYoungGen: 454912K->142816K(521728K)] 1587163K->1379996K(1920000K), 0.0543577 secs] [Times: user=0.32 sys=0.00, real=0.06 secs] 
4256.163: [Full GC (Ergonomics) [PSYoungGen: 142816K->0K(521728K)] [ParOldGen: 1237180K->178502K(1398272K)] 1379996K->178502K(1920000K), [Metaspace: 60438K->60438K(1105920K)], 0.4394501 secs] [Times: user=2.06 sys=0.00, real=0.44 secs] 
4258.253: [GC (Allocation Failure) [PSYoungGen: 346624K->107712K(521728K)] 525126K->286214K(1920000K), 0.0863600 secs] [Times: user=0.50 sys=0.00, real=0.08 secs] 
4260.042: [GC (Allocation Failure) [PSYoungGen: 454336K->144288K(521728K)] 632838K->427611K(1920000K), 0.0535770 secs] [Times: user=0.32 sys=0.00, real=0.05 secs] 
4262.401: [GC (Allocation Failure) [PSYoungGen: 490912K->106816K(522240K)] 774235K->525707K(1920512K), 0.1317382 secs] [Times: user=0.79 sys=0.00, real=0.13 secs] 
4263.653: [GC (Allocation Failure) [PSYoungGen: 452928K->142784K(521728K)] 871819K->665248K(1920000K), 0.0520635 secs] [Times: user=0.31 sys=0.00, real=0.05 secs] 
4265.089: [GC (GCLocker Initiated GC) [PSYoungGen: 488896K->109152K(520704K)] 1011360K->764688K(1918976K), 0.0643932 secs] [Times: user=0.37 sys=0.00, real=0.07 secs] 
4266.071: [GC (Allocation Failure) [PSYoungGen: 455264K->142432K(521216K)] 1110803K->904047K(1919488K), 0.0528875 secs] [Times: user=0.30 sys=0.01, real=0.05 secs] 
4267.664: [GC (Allocation Failure) [PSYoungGen: 488544K->109568K(521216K)] 1250159K->1004364K(1919488K), 0.1009114 secs] [Times: user=0.60 sys=0.00, real=0.10 secs] 
4268.620: [GC (Allocation Failure) [PSYoungGen: 456704K->146048K(493568K)] 1351500K->1146640K(1891840K), 0.0534137 secs] [Times: user=0.31 sys=0.00, real=0.06 secs] 
4270.419: [GC (Allocation Failure) [PSYoungGen: 493184K->107424K(523264K)] 1493776K->1244624K(1921536K), 0.1080872 secs] [Times: user=0.65 sys=0.00, real=0.11 secs] 
4271.448: [GC (Allocation Failure) [PSYoungGen: 453024K->142752K(521216K)] 1590224K->1383389K(1919488K), 0.0530399 secs] [Times: user=0.31 sys=0.00, real=0.06 secs] 
4271.501: [Full GC (Ergonomics) [PSYoungGen: 142752K->0K(521216K)] [ParOldGen: 1240637K->181374K(1398272K)] 1383389K->181374K(1919488K), [Metaspace: 60438K->60438K(1105920K)], 0.4433561 secs] [Times: user=2.07 sys=0.00, real=0.44 secs] 
4273.790: [GC (Allocation Failure) [PSYoungGen: 345600K->104832K(522240K)] 526974K->286206K(1920512K), 0.0673268 secs] [Times: user=0.40 sys=0.00, real=0.07 secs] 
4274.956: [GC (Allocation Failure) [PSYoungGen: 450432K->142944K(488960K)] 631806K->426763K(1887232K), 0.0523506 secs] [Times: user=0.31 sys=0.00, real=0.05 secs] 
4277.011: [GC (Allocation Failure) [PSYoungGen: 488544K->106976K(522752K)] 772363K->524955K(1921024K), 0.1355257 secs] [Times: user=0.80 sys=0.00, real=0.13 secs] 
4278.648: [GC (Allocation Failure) [PSYoungGen: 452064K->143296K(521216K)] 870043K->665008K(1919488K), 0.0523508 secs] [Times: user=0.30 sys=0.00, real=0.06 secs] 
4280.119: [GC (Allocation Failure) [PSYoungGen: 488384K->107488K(520192K)] 1010096K->763220K(1918464K), 0.0677930 secs] [Times: user=0.40 sys=0.00, real=0.07 secs] 
4280.987: [GC (Allocation Failure) [PSYoungGen: 452576K->142240K(520704K)] 1108308K->902464K(1918976K), 0.0529099 secs] [Times: user=0.31 sys=0.00, real=0.05 secs] 
4282.397: [GC (Allocation Failure) [PSYoungGen: 487328K->107808K(520704K)] 1247552K->1000873K(1918976K), 0.0668787 secs] [Times: user=0.40 sys=0.00, real=0.07 secs] 
4283.092: [GC (Allocation Failure) [PSYoungGen: 453920K->145376K(491520K)] 1346985K->1143896K(1889792K), 0.0535104 secs] [Times: user=0.31 sys=0.00, real=0.05 secs] 
4284.956: [GC (Allocation Failure) [PSYoungGen: 491488K->106784K(522752K)] 1490008K->1241992K(1921024K), 0.0740206 secs] [Times: user=0.44 sys=0.00, real=0.07 secs] 
4286.268: [GC (Allocation Failure) [PSYoungGen: 451360K->149600K(494592K)] 1586568K->1388813K(1892864K), 0.0536270 secs] [Times: user=0.31 sys=0.01, real=0.06 secs] 
4286.321: [Full GC (Ergonomics) [PSYoungGen: 149600K->0K(494592K)] [ParOldGen: 1239213K->178762K(1398272K)] 1388813K->178762K(1892864K), [Metaspace: 60440K->60440K(1105920K)], 0.4262956 secs] [Times: user=1.97 sys=0.00, real=0.42 secs] 
4288.207: [GC (Allocation Failure) [PSYoungGen: 344576K->106048K(520192K)] 523338K->284810K(1918464K), 0.0476016 secs] [Times: user=0.27 sys=0.00, real=0.05 secs] 
4289.820: [GC (Allocation Failure) [PSYoungGen: 446016K->138816K(518656K)] 624778K->420635K(1916928K), 0.0522698 secs] [Times: user=0.30 sys=0.00, real=0.05 secs] 
4291.301: [GC (Allocation Failure) [PSYoungGen: 478784K->105888K(517632K)] 760603K->517099K(1915904K), 0.0776745 secs] [Times: user=0.47 sys=0.00, real=0.07 secs] 
4292.534: [GC (Allocation Failure) [PSYoungGen: 447392K->141984K(518144K)] 858603K->656367K(1916416K), 0.0522535 secs] [Times: user=0.31 sys=0.01, real=0.05 secs] 
4293.863: [GC (Allocation Failure) [PSYoungGen: 483488K->105120K(520704K)] 997871K->751944K(1918976K), 0.0644879 secs] [Times: user=0.38 sys=0.00, real=0.06 secs] 
4294.535: [GC (Allocation Failure) [PSYoungGen: 449184K->141312K(520704K)] 1096008K->891060K(1918976K), 0.0548855 secs] [Times: user=0.30 sys=0.00, real=0.06 secs] 
4296.015: [GC (Allocation Failure) [PSYoungGen: 485376K->108640K(519168K)] 1235124K->990148K(1917440K), 0.0754177 secs] [Times: user=0.45 sys=0.00, real=0.07 secs] 
4296.929: [GC (Allocation Failure) [PSYoungGen: 453216K->141280K(520192K)] 1334724K->1129757K(1918464K), 0.0543314 secs] [Times: user=0.31 sys=0.00, real=0.06 secs] 
4299.367: [GC (Allocation Failure) [PSYoungGen: 485856K->107040K(520192K)] 1474333K->1227629K(1918464K), 0.0908884 secs] [Times: user=0.54 sys=0.01, real=0.09 secs] 
4301.217: [GC (Allocation Failure) [PSYoungGen: 453664K->139456K(521216K)] 1574253K->1364426K(1919488K), 0.0532794 secs] [Times: user=0.31 sys=0.01, real=0.05 secs] 
4302.759: [GC (Allocation Failure) [PSYoungGen: 486080K->109856K(520192K)] 1711050K->1465254K(1918464K), 0.0935023 secs] [Times: user=0.56 sys=0.00, real=0.10 secs] 
4302.853: [Full GC (Ergonomics) [PSYoungGen: 109856K->0K(520192K)] [ParOldGen: 1355398K->26314K(1398272K)] 1465254K->26314K(1918464K), [Metaspace: 60440K->60440K(1105920K)], 0.0419106 secs] [Times: user=0.12 sys=0.00, real=0.04 secs] 
4304.327: [GC (Allocation Failure) [PSYoungGen: 348672K->140928K(521728K)] 374986K->167242K(1920000K), 0.0282810 secs] [Times: user=0.16 sys=0.00, real=0.03 secs] 
4305.718: [GC (Allocation Failure) [PSYoungGen: 489600K->112544K(522240K)] 515914K->270282K(1920512K), 0.0652844 secs] [Times: user=0.39 sys=0.00, real=0.07 secs] 
4306.706: [GC (Allocation Failure) [PSYoungGen: 463776K->144352K(523264K)] 621514K->412599K(1921536K), 0.0539699 secs] [Times: user=0.32 sys=0.00, real=0.06 secs] 
4308.535: [GC (GCLocker Initiated GC) [PSYoungGen: 495584K->108928K(524800K)] 763831K->512227K(1923072K), 0.1539635 secs] [Times: user=0.91 sys=0.00, real=0.15 secs] 
4309.688: [GC (Allocation Failure) [PSYoungGen: 460672K->144224K(496128K)] 864042K->653586K(1894400K), 0.0535266 secs] [Times: user=0.31 sys=0.00, real=0.06 secs] 
4311.178: [GC (Allocation Failure) [PSYoungGen: 495968K->109824K(525824K)] 1005330K->754470K(1924096K), 0.0794441 secs] [Times: user=0.47 sys=0.01, real=0.08 secs] 
4312.211: [GC (Allocation Failure) [PSYoungGen: 460544K->145664K(496640K)] 1105190K->896843K(1894912K), 0.0545602 secs] [Times: user=0.32 sys=0.00, real=0.05 secs] 
4313.952: [GC (Allocation Failure) [PSYoungGen: 496384K->110752K(524800K)] 1247563K->998211K(1923072K), 0.1216325 secs] [Times: user=0.72 sys=0.00, real=0.12 secs] 
4315.367: [GC (Allocation Failure) [PSYoungGen: 459424K->144640K(522752K)] 1346883K->1139152K(1921024K), 0.0542360 secs] [Times: user=0.32 sys=0.00, real=0.06 secs] 
4316.973: [GC (Allocation Failure) [PSYoungGen: 493312K->108192K(523264K)] 1487824K->1238116K(1921536K), 0.1363605 secs] [Times: user=0.81 sys=0.00, real=0.13 secs] 
4317.824: [GC (Allocation Failure) [PSYoungGen: 456352K->145376K(493568K)] 1586276K->1379257K(1891840K), 0.0547076 secs] [Times: user=0.31 sys=0.00, real=0.05 secs] 
4317.879: [Full GC (Ergonomics) [PSYoungGen: 145376K->0K(493568K)] [ParOldGen: 1233881K->183498K(1398272K)] 1379257K->183498K(1891840K), [Metaspace: 60440K->60440K(1105920K)], 0.4509230 secs] [Times: user=2.11 sys=0.00, real=0.45 secs] 
4319.817: [GC (Allocation Failure) [PSYoungGen: 348160K->110624K(523776K)] 531658K->294122K(1922048K), 0.0539039 secs] [Times: user=0.32 sys=0.00, real=0.06 secs] 
4320.664: [GC (Allocation Failure) [PSYoungGen: 457248K->145536K(492544K)] 640746K->436662K(1890816K), 0.0539530 secs] [Times: user=0.31 sys=0.00, real=0.05 secs] 
4323.682: [GC (Allocation Failure) [PSYoungGen: 492160K->102688K(522240K)] 783286K->530510K(1920512K), 0.1273146 secs] [Times: user=0.74 sys=0.00, real=0.12 secs] 
4324.376: [GC (Allocation Failure) [PSYoungGen: 447264K->146144K(491008K)] 875086K->672699K(1889280K), 0.0515635 secs] [Times: user=0.29 sys=0.01, real=0.05 secs] 
4325.961: [GC (Allocation Failure) [PSYoungGen: 490720K->105792K(521216K)] 1017275K->769547K(1919488K), 0.0784508 secs] [Times: user=0.47 sys=0.00, real=0.07 secs] 
4326.890: [GC (Allocation Failure) [PSYoungGen: 447808K->143648K(485888K)] 1111563K->909015K(1884160K), 0.0513665 secs] [Times: user=0.30 sys=0.00, real=0.05 secs] 
4330.020: [GC (GCLocker Initiated GC) [PSYoungGen: 485664K->103328K(520704K)] 1251033K->1003253K(1918976K), 0.1626032 secs] [Times: user=0.96 sys=0.00, real=0.17 secs] 
4331.579: [GC (Allocation Failure) [PSYoungGen: 444320K->142048K(519168K)] 1344248K->1141813K(1917440K), 0.0521265 secs] [Times: user=0.30 sys=0.00, real=0.06 secs] 
4333.006: [GC (GCLocker Initiated GC) [PSYoungGen: 483040K->104128K(518656K)] 1482808K->1236752K(1916928K), 0.0928461 secs] [Times: user=0.55 sys=0.00, real=0.09 secs] 
4334.140: [GC (Allocation Failure) [PSYoungGen: 445632K->139296K(519168K)] 1578257K->1372990K(1917440K), 0.0521960 secs] [Times: user=0.31 sys=0.00, real=0.05 secs] 
4334.193: [Full GC (Ergonomics) [PSYoungGen: 139296K->0K(519168K)] [ParOldGen: 1233694K->169774K(1398272K)] 1372990K->169774K(1917440K), [Metaspace: 60440K->60440K(1105920K)], 0.4105240 secs] [Times: user=1.92 sys=0.00, real=0.41 secs] 
4335.989: [GC (Allocation Failure) [PSYoungGen: 341504K->107520K(517632K)] 511278K->277294K(1915904K), 0.0556132 secs] [Times: user=0.32 sys=0.01, real=0.06 secs] 
4337.468: [GC (Allocation Failure) [PSYoungGen: 450560K->141664K(519168K)] 620334K->416635K(1917440K), 0.0540266 secs] [Times: user=0.32 sys=0.00, real=0.06 secs] 
4339.701: [GC (Allocation Failure) [PSYoungGen: 484704K->105024K(520704K)] 759675K->512331K(1918976K), 0.0678599 secs] [Times: user=0.40 sys=0.00, real=0.06 secs] 
4340.837: [GC (Allocation Failure) [PSYoungGen: 450624K->141664K(521216K)] 857931K->651296K(1919488K), 0.0518849 secs] [Times: user=0.31 sys=0.00, real=0.05 secs] 
4342.490: [GC (Allocation Failure) [PSYoungGen: 487264K->110080K(519680K)] 996896K->751644K(1917952K), 0.1064627 secs] [Times: user=0.64 sys=0.00, real=0.11 secs] 
4344.073: [GC (Allocation Failure) [PSYoungGen: 456192K->139712K(520704K)] 1097756K->889273K(1918976K), 0.0536726 secs] [Times: user=0.32 sys=0.00, real=0.05 secs] 
4346.111: [GC (Allocation Failure) [PSYoungGen: 485824K->109408K(520192K)] 1235385K->989409K(1918464K), 0.0984426 secs] [Times: user=0.58 sys=0.00, real=0.09 secs] 
4347.813: [GC (Allocation Failure) [PSYoungGen: 458080K->139904K(521728K)] 1338081K->1126921K(1920000K), 0.0536804 secs] [Times: user=0.31 sys=0.00, real=0.05 secs] 
4349.271: [GC (Allocation Failure) [PSYoungGen: 488576K->111808K(521728K)] 1475593K->1228846K(1920000K), 0.0888670 secs] [Times: user=0.52 sys=0.00, real=0.08 secs] 
4351.110: [GC (Allocation Failure) [PSYoungGen: 463552K->142272K(523264K)] 1580590K->1368994K(1921536K), 0.0550939 secs] [Times: user=0.32 sys=0.00, real=0.05 secs] 
4353.390: [GC (Allocation Failure) [PSYoungGen: 494016K->112512K(524288K)] 1720738K->1471826K(1922560K), 0.1083145 secs] [Times: user=0.64 sys=0.00, real=0.10 secs] 
4353.499: [Full GC (Ergonomics) [PSYoungGen: 112512K->0K(524288K)] [ParOldGen: 1359314K->31319K(1398272K)] 1471826K->31319K(1922560K), [Metaspace: 60440K->60440K(1105920K)], 0.0720118 secs] [Times: user=0.25 sys=0.00, real=0.08 secs] 
4355.217: [GC (Allocation Failure) [PSYoungGen: 353792K->146080K(500224K)] 385111K->177399K(1898496K), 0.0292185 secs] [Times: user=0.17 sys=0.00, real=0.03 secs] 
4357.496: [GC (GCLocker Initiated GC) [PSYoungGen: 499872K->108352K(525824K)] 531191K->276643K(1924096K), 0.1244963 secs] [Times: user=0.73 sys=0.01, real=0.13 secs] 
4358.303: [GC (Allocation Failure) [PSYoungGen: 459584K->146816K(498176K)] 627914K->420519K(1896448K), 0.0532084 secs] [Times: user=0.31 sys=0.01, real=0.05 secs] 
4360.093: [GC (Allocation Failure) [PSYoungGen: 498048K->110368K(524800K)] 771751K->521415K(1923072K), 0.1047171 secs] [Times: user=0.62 sys=0.00, real=0.10 secs] 
4360.887: [GC (GCLocker Initiated GC) [PSYoungGen: 459040K->145152K(494080K)] 870087K->663672K(1892352K), 0.0555834 secs] [Times: user=0.33 sys=0.00, real=0.06 secs] 
4363.513: [GC (Allocation Failure) [PSYoungGen: 493824K->107456K(523776K)] 1012348K->762348K(1922048K), 0.1122774 secs] [Times: user=0.66 sys=0.00, real=0.11 secs] 
4364.474: [GC (Allocation Failure) [PSYoungGen: 454592K->146496K(494080K)] 1109484K->904965K(1892352K), 0.0531164 secs] [Times: user=0.32 sys=0.00, real=0.05 secs] 
4366.312: [GC (Allocation Failure) [PSYoungGen: 493632K->106272K(522240K)] 1252101K->1002365K(1920512K), 0.1295394 secs] [Times: user=0.63 sys=0.01, real=0.13 secs] 
4367.363: [GC (GCLocker Initiated GC) [PSYoungGen: 450336K->143392K(520704K)] 1346429K->1141409K(1918976K), 0.0518818 secs] [Times: user=0.30 sys=0.00, real=0.05 secs] 
4369.347: [GC (Allocation Failure) [PSYoungGen: 487456K->106848K(520704K)] 1485476K->1238908K(1918976K), 0.1075443 secs] [Times: user=0.63 sys=0.00, real=0.11 secs] 
4370.295: [GC (Allocation Failure) [PSYoungGen: 450912K->146240K(490496K)] 1582972K->1381489K(1888768K), 0.0529728 secs] [Times: user=0.31 sys=0.00, real=0.05 secs] 
4370.348: [Full GC (Ergonomics) [PSYoungGen: 146240K->0K(490496K)] [ParOldGen: 1235249K->184254K(1398272K)] 1381489K->184254K(1888768K), [Metaspace: 60444K->60444K(1105920K)], 0.4506564 secs] [Times: user=2.10 sys=0.00, real=0.45 secs] 
4372.763: [GC (Allocation Failure) [PSYoungGen: 344064K->104544K(520704K)] 528318K->288798K(1918976K), 0.0447656 secs] [Times: user=0.26 sys=0.00, real=0.04 secs] 
4374.000: [GC (Allocation Failure) [PSYoungGen: 446048K->141376K(519680K)] 630302K->425679K(1917952K), 0.0510439 secs] [Times: user=0.30 sys=0.00, real=0.06 secs] 
4375.527: [GC (Allocation Failure) [PSYoungGen: 482880K->106976K(517120K)] 767183K->523779K(1915392K), 0.0724176 secs] [Times: user=0.43 sys=0.00, real=0.07 secs] 
4376.419: [GC (Allocation Failure) [PSYoungGen: 448992K->141664K(518656K)] 865795K->663462K(1916928K), 0.0544798 secs] [Times: user=0.32 sys=0.00, real=0.06 secs] 
4379.437: [GC (Allocation Failure) [PSYoungGen: 483680K->104000K(520704K)] 1005478K->758590K(1918976K), 0.1392826 secs] [Times: user=0.82 sys=0.01, real=0.14 secs] 
4380.263: [GC (Allocation Failure) [PSYoungGen: 448064K->144576K(488960K)] 1102654K->900687K(1887232K), 0.0521936 secs] [Times: user=0.30 sys=0.00, real=0.05 secs] 
4381.616: [GC (Allocation Failure) [PSYoungGen: 488640K->107712K(522240K)] 1244751K->999879K(1920512K), 0.0662372 secs] [Times: user=0.39 sys=0.00, real=0.07 secs] 
4382.711: [GC (Allocation Failure) [PSYoungGen: 450752K->140576K(519680K)] 1342919K->1138068K(1917952K), 0.0537937 secs] [Times: user=0.32 sys=0.00, real=0.05 secs] 
4386.390: [GC (Allocation Failure) [PSYoungGen: 483616K->104576K(520704K)] 1481108K->1233436K(1918976K), 0.1457110 secs] [Times: user=0.86 sys=0.01, real=0.14 secs] 
4388.097: [GC (Allocation Failure) [PSYoungGen: 449152K->141824K(520704K)] 1578012K->1371897K(1918976K), 0.0528537 secs] [Times: user=0.31 sys=0.00, real=0.05 secs] 
4389.720: [GC (Allocation Failure) [PSYoungGen: 486400K->110048K(519168K)] 1716473K->1472145K(1917440K), 0.1163385 secs] [Times: user=0.69 sys=0.01, real=0.12 secs] 
4389.836: [Full GC (Ergonomics) [PSYoungGen: 110048K->0K(519168K)] [ParOldGen: 1362097K->32368K(1398272K)] 1472145K->32368K(1917440K), [Metaspace: 60444K->60444K(1105920K)], 0.0847177 secs] [Times: user=0.32 sys=0.00, real=0.09 secs] 
4391.153: [GC (Allocation Failure) [PSYoungGen: 345088K->141856K(520192K)] 377456K->174224K(1918464K), 0.0286398 secs] [Times: user=0.16 sys=0.00, real=0.03 secs] 
4392.489: [GC (Allocation Failure) [PSYoungGen: 486944K->109888K(520192K)] 519312K->274300K(1918464K), 0.0652689 secs] [Times: user=0.39 sys=0.00, real=0.07 secs] 
4393.882: [GC (Allocation Failure) [PSYoungGen: 457024K->141888K(521216K)] 621436K->413913K(1919488K), 0.0528649 secs] [Times: user=0.31 sys=0.00, real=0.05 secs] 
4395.339: [GC (Allocation Failure) [PSYoungGen: 489024K->110688K(522240K)] 761049K->515281K(1920512K), 0.0702333 secs] [Times: user=0.42 sys=0.00, real=0.07 secs] 
4396.311: [GC (Allocation Failure) [PSYoungGen: 459872K->143552K(522752K)] 864465K->655754K(1921024K), 0.0534824 secs] [Times: user=0.32 sys=0.00, real=0.05 secs] 
4397.865: [GC (Allocation Failure) [PSYoungGen: 492736K->111072K(523264K)] 1004938K->757474K(1921536K), 0.0717810 secs] [Times: user=0.42 sys=0.00, real=0.07 secs] 
4399.027: [GC (Allocation Failure) [PSYoungGen: 460768K->142784K(523264K)] 1107170K->897971K(1921536K), 0.0543973 secs] [Times: user=0.32 sys=0.00, real=0.06 secs] 
4402.381: [GC (Allocation Failure) [PSYoungGen: 492480K->107136K(523776K)] 1247667K->995771K(1922048K), 0.1420440 secs] [Times: user=0.84 sys=0.00, real=0.14 secs] 
4404.156: [GC (GCLocker Initiated GC) [PSYoungGen: 457344K->142944K(493568K)] 1345979K->1135752K(1891840K), 0.0524632 secs] [Times: user=0.31 sys=0.00, real=0.05 secs] 
4405.808: [GC (Allocation Failure) [PSYoungGen: 493152K->108480K(525312K)] 1485962K->1234838K(1923584K), 0.0820297 secs] [Times: user=0.48 sys=0.01, real=0.09 secs] 
4407.094: [GC (Allocation Failure) [PSYoungGen: 458176K->143584K(523264K)] 1584534K->1374975K(1921536K), 0.0530663 secs] [Times: user=0.31 sys=0.00, real=0.05 secs] 
4407.147: [Full GC (Ergonomics) [PSYoungGen: 143584K->0K(523264K)] [ParOldGen: 1231391K->177516K(1398272K)] 1374975K->177516K(1921536K), [Metaspace: 60444K->60444K(1105920K)], 0.4248615 secs] [Times: user=1.90 sys=0.00, real=0.43 secs] 
4409.608: [GC (Allocation Failure) [PSYoungGen: 349696K->109504K(523776K)] 527212K->287020K(1922048K), 0.0754001 secs] [Times: user=0.45 sys=0.00, real=0.08 secs] 
4410.854: [GC (Allocation Failure) [PSYoungGen: 458688K->145536K(495104K)] 636204K->429605K(1893376K), 0.0543867 secs] [Times: user=0.32 sys=0.00, real=0.05 secs] 
4412.338: [GC (GCLocker Initiated GC) [PSYoungGen: 494720K->108416K(524288K)] 778789K->528785K(1922560K), 0.0650104 secs] [Times: user=0.38 sys=0.00, real=0.07 secs] 
4413.227: [GC (Allocation Failure) [PSYoungGen: 456064K->145504K(493568K)] 876437K->669774K(1891840K), 0.0528668 secs] [Times: user=0.32 sys=0.00, real=0.05 secs] 
4414.904: [GC (GCLocker Initiated GC) [PSYoungGen: 493152K->106336K(522752K)] 1017422K->767237K(1921024K), 0.1400719 secs] [Times: user=0.83 sys=0.01, real=0.14 secs] 
4416.155: [GC (Allocation Failure) [PSYoungGen: 451424K->145088K(490496K)] 1112328K->908105K(1888768K), 0.0529682 secs] [Times: user=0.32 sys=0.01, real=0.05 secs] 
4417.969: [GC (Allocation Failure) [PSYoungGen: 490176K->108480K(522752K)] 1253193K->1007205K(1921024K), 0.1023279 secs] [Times: user=0.60 sys=0.00, real=0.11 secs] 
4419.051: [GC (Allocation Failure) [PSYoungGen: 453056K->143712K(520704K)] 1351781K->1146814K(1918976K), 0.0537799 secs] [Times: user=0.32 sys=0.00, real=0.05 secs] 
4420.514: [GC (GCLocker Initiated GC) [PSYoungGen: 488288K->107200K(521216K)] 1491392K->1244684K(1919488K), 0.1186012 secs] [Times: user=0.70 sys=0.01, real=0.12 secs] 
4421.750: [GC (Allocation Failure) [PSYoungGen: 451264K->160128K(504320K)] 1588751K->1400195K(1902592K), 0.0538518 secs] [Times: user=0.32 sys=0.00, real=0.06 secs] 
4421.804: [Full GC (Ergonomics) [PSYoungGen: 160128K->0K(504320K)] [ParOldGen: 1240066K->182334K(1398272K)] 1400195K->182334K(1902592K), [Metaspace: 60444K->60444K(1105920K)], 0.4275268 secs] [Times: user=1.97 sys=0.00, real=0.43 secs] 
4423.915: [GC (Allocation Failure) [PSYoungGen: 344064K->106112K(516096K)] 526398K->288446K(1914368K), 0.0840690 secs] [Times: user=0.49 sys=0.00, real=0.08 secs] 
4424.922: [GC (Allocation Failure) [PSYoungGen: 437888K->139936K(472064K)] 620222K->425415K(1870336K), 0.0520436 secs] [Times: user=0.30 sys=0.01, real=0.05 secs] 
4427.442: [GC (GCLocker Initiated GC) [PSYoungGen: 471712K->100064K(514048K)] 757192K->516948K(1912320K), 0.1393555 secs] [Times: user=0.82 sys=0.00, real=0.14 secs] 
4428.634: [GC (Allocation Failure) [PSYoungGen: 432352K->135744K(513536K)] 849306K->649219K(1911808K), 0.0508764 secs] [Times: user=0.30 sys=0.00, real=0.05 secs] 
4429.978: [GC (Allocation Failure) [PSYoungGen: 468032K->106720K(515584K)] 981507K->746663K(1913856K), 0.0710451 secs] [Times: user=0.42 sys=0.01, real=0.07 secs] 
4431.110: [GC (Allocation Failure) [PSYoungGen: 444640K->135488K(515584K)] 1084583K->880348K(1913856K), 0.0529644 secs] [Times: user=0.31 sys=0.00, real=0.05 secs] 
4432.597: [GC (Allocation Failure) [PSYoungGen: 473408K->111712K(516096K)] 1218268K->982492K(1914368K), 0.0694375 secs] [Times: user=0.41 sys=0.00, real=0.07 secs] 
4434.543: [GC (Allocation Failure) [PSYoungGen: 456288K->135488K(518144K)] 1327068K->1116121K(1916416K), 0.0544601 secs] [Times: user=0.32 sys=0.01, real=0.05 secs] 
4435.878: [GC (Allocation Failure) [PSYoungGen: 480064K->113792K(518656K)] 1460697K->1220169K(1916928K), 0.0656070 secs] [Times: user=0.39 sys=0.00, real=0.07 secs] 
4437.103: [GC (Allocation Failure) [PSYoungGen: 466048K->138752K(522240K)] 1572425K->1357342K(1920512K), 0.0556819 secs] [Times: user=0.33 sys=0.00, real=0.05 secs] 
4438.489: [GC (Allocation Failure) [PSYoungGen: 491008K->115200K(524800K)] 1709598K->1462614K(1923072K), 0.0680698 secs] [Times: user=0.40 sys=0.00, real=0.07 secs] 
4438.557: [Full GC (Ergonomics) [PSYoungGen: 115200K->0K(524800K)] [ParOldGen: 1347414K->22651K(1398272K)] 1462614K->22651K(1923072K), [Metaspace: 60444K->60444K(1105920K)], 0.0477800 secs] [Times: user=0.16 sys=0.00, real=0.05 secs] 
4439.390: [GC (Allocation Failure) [PSYoungGen: 357888K->147616K(526336K)] 380539K->170267K(1924608K), 0.0290847 secs] [Times: user=0.17 sys=0.00, real=0.02 secs] 
4441.261: [GC (GCLocker Initiated GC) [PSYoungGen: 505504K->110432K(528384K)] 528155K->271555K(1926656K), 0.1553512 secs] [Times: user=0.92 sys=0.00, real=0.15 secs] 
4442.786: [GC (Allocation Failure) [PSYoungGen: 466272K->147104K(503296K)] 627466K->415383K(1901568K), 0.0533087 secs] [Times: user=0.31 sys=0.00, real=0.05 secs] 
4444.183: [GC (Allocation Failure) [PSYoungGen: 502944K->112576K(526848K)] 771223K->519019K(1925120K), 0.1028469 secs] [Times: user=0.61 sys=0.00, real=0.10 secs] 
4445.699: [GC (Allocation Failure) [PSYoungGen: 465344K->144928K(498176K)] 871787K->660968K(1896448K), 0.0538073 secs] [Times: user=0.31 sys=0.00, real=0.06 secs] 
4447.722: [GC (Allocation Failure) [PSYoungGen: 497696K->110176K(525824K)] 1013736K->761772K(1924096K), 0.1745240 secs] [Times: user=1.03 sys=0.00, real=0.17 secs] 
4449.212: [GC (Allocation Failure) [PSYoungGen: 461408K->147904K(499200K)] 1113004K->905944K(1897472K), 0.0533082 secs] [Times: user=0.32 sys=0.00, real=0.05 secs] 
4450.678: [GC (Allocation Failure) [PSYoungGen: 499136K->106624K(523776K)] 1257176K->1003248K(1922048K), 0.0651203 secs] [Times: user=0.39 sys=0.00, real=0.07 secs] 
4451.598: [GC (Allocation Failure) [PSYoungGen: 454272K->145344K(493056K)] 1350896K->1144049K(1891328K), 0.0516986 secs] [Times: user=0.30 sys=0.00, real=0.05 secs] 
4453.175: [GC (Allocation Failure) [PSYoungGen: 492992K->108192K(522752K)] 1491697K->1243233K(1921024K), 0.0943959 secs] [Times: user=0.56 sys=0.00, real=0.09 secs] 
4454.126: [GC (Allocation Failure) [PSYoungGen: 453280K->145440K(491008K)] 1588321K->1385218K(1889280K), 0.0528107 secs] [Times: user=0.31 sys=0.00, real=0.05 secs] 
4454.178: [Full GC (Ergonomics) [PSYoungGen: 145440K->0K(491008K)] [ParOldGen: 1239778K->190515K(1398272K)] 1385218K->190515K(1889280K), [Metaspace: 60444K->60444K(1105920K)], 0.4707372 secs] [Times: user=2.21 sys=0.00, real=0.47 secs] 
4456.572: [GC (GCLocker Initiated GC) [PSYoungGen: 345088K->104064K(521728K)] 535603K->294579K(1920000K), 0.0640355 secs] [Times: user=0.37 sys=0.00, real=0.06 secs] 
4457.922: [GC (Allocation Failure) [PSYoungGen: 447616K->144992K(488960K)] 638134K->435599K(1887232K), 0.0506258 secs] [Times: user=0.30 sys=0.00, real=0.05 secs] 
4459.545: [GC (Allocation Failure) [PSYoungGen: 488544K->106240K(521216K)] 779151K->532999K(1919488K), 0.0706951 secs] [Times: user=0.41 sys=0.00, real=0.07 secs] 
4460.932: [GC (Allocation Failure) [PSYoungGen: 448256K->142304K(519680K)] 875015K->671012K(1917952K), 0.0519313 secs] [Times: user=0.31 sys=0.00, real=0.05 secs] 
4462.548: [GC (GCLocker Initiated GC) [PSYoungGen: 484320K->106560K(519168K)] 1013028K->768296K(1917440K), 0.1253991 secs] [Times: user=0.74 sys=0.00, real=0.13 secs] 
4463.669: [GC (Allocation Failure) [PSYoungGen: 449088K->144352K(519680K)] 1110827K->909084K(1917952K), 0.0532465 secs] [Times: user=0.31 sys=0.00, real=0.06 secs] 
4465.648: [GC (Allocation Failure) [PSYoungGen: 486880K->105344K(520192K)] 1251612K->1005272K(1918464K), 0.0987481 secs] [Times: user=0.59 sys=0.00, real=0.10 secs] 
4466.588: [GC (Allocation Failure) [PSYoungGen: 447360K->142784K(519680K)] 1347288K->1144217K(1917952K), 0.0519345 secs] [Times: user=0.30 sys=0.01, real=0.06 secs] 
4468.086: [GC (Allocation Failure) [PSYoungGen: 484800K->107936K(518656K)] 1486233K->1243081K(1916928K), 0.1048240 secs] [Times: user=0.62 sys=0.01, real=0.11 secs] 
4469.447: [GC (Allocation Failure) [PSYoungGen: 449952K->148896K(491008K)] 1585097K->1387968K(1889280K), 0.0528558 secs] [Times: user=0.31 sys=0.00, real=0.05 secs] 
4469.500: [Full GC (Ergonomics) [PSYoungGen: 148896K->0K(491008K)] [ParOldGen: 1239072K->177510K(1398272K)] 1387968K->177510K(1889280K), [Metaspace: 60444K->60444K(1105920K)], 0.4313227 secs] [Times: user=2.01 sys=0.00, real=0.44 secs] 
4471.460: [GC (Allocation Failure) [PSYoungGen: 342016K->108000K(520192K)] 519526K->285510K(1918464K), 0.0864590 secs] [Times: user=0.50 sys=0.01, real=0.09 secs] 
4473.690: [GC (Allocation Failure) [PSYoungGen: 447456K->139584K(518144K)] 624966K->421762K(1916416K), 0.0529309 secs] [Times: user=0.31 sys=0.00, real=0.06 secs] 
4475.494: [GC (Allocation Failure) [PSYoungGen: 479040K->101952K(519168K)] 761218K->513866K(1917440K), 0.1554395 secs] [Times: user=0.86 sys=0.00, real=0.15 secs] 
4476.600: [GC (Allocation Failure) [PSYoungGen: 442432K->140160K(518144K)] 854346K->651187K(1916416K), 0.0512275 secs] [Times: user=0.30 sys=0.00, real=0.06 secs] 
4478.005: [GC (Allocation Failure) [PSYoungGen: 480640K->109120K(516608K)] 991667K->750847K(1914880K), 0.0659054 secs] [Times: user=0.38 sys=0.00, real=0.07 secs] 
4478.769: [GC (Allocation Failure) [PSYoungGen: 452160K->140928K(518656K)] 1093887K->890744K(1916928K), 0.0538395 secs] [Times: user=0.32 sys=0.00, real=0.06 secs] 
4481.270: [GC (GCLocker Initiated GC) [PSYoungGen: 483968K->107232K(520704K)] 1233784K->989072K(1918976K), 0.0889983 secs] [Times: user=0.53 sys=0.01, real=0.08 secs] 
4482.560: [GC (Allocation Failure) [PSYoungGen: 453344K->139776K(521216K)] 1335187K->1126192K(1919488K), 0.0530906 secs] [Times: user=0.32 sys=0.00, real=0.06 secs] 
4483.963: [GC (Allocation Failure) [PSYoungGen: 485888K->110688K(519168K)] 1472304K->1227432K(1917440K), 0.0661190 secs] [Times: user=0.39 sys=0.00, real=0.06 secs] 
4485.949: [GC (Allocation Failure) [PSYoungGen: 458848K->141536K(521216K)] 1575592K->1366577K(1919488K), 0.0546371 secs] [Times: user=0.32 sys=0.00, real=0.06 secs] 
4487.781: [GC (Allocation Failure) [PSYoungGen: 489696K->108064K(523776K)] 1714737K->1465621K(1922048K), 0.1433688 secs] [Times: user=0.85 sys=0.01, real=0.14 secs] 
4487.924: [Full GC (Ergonomics) [PSYoungGen: 108064K->0K(523776K)] [ParOldGen: 1357557K->26074K(1398272K)] 1465621K->26074K(1922048K), [Metaspace: 60444K->60444K(1105920K)], 0.0677906 secs] [Times: user=0.21 sys=0.00, real=0.07 secs] 
4489.508: [GC (Allocation Failure) [PSYoungGen: 350720K->150848K(501760K)] 376794K->176922K(1900032K), 0.0290554 secs] [Times: user=0.16 sys=0.00, real=0.03 secs] 
4490.863: [GC (Allocation Failure) [PSYoungGen: 500585K->110272K(523264K)] 526659K->269526K(1921536K), 0.0667496 secs] [Times: user=0.40 sys=0.00, real=0.06 secs] 
4491.773: [GC (Allocation Failure) [PSYoungGen: 455360K->142048K(520704K)] 614614K->409331K(1918976K), 0.0533478 secs] [Times: user=0.31 sys=0.00, real=0.05 secs] 
4493.402: [GC (Allocation Failure) [PSYoungGen: 487136K->108768K(520704K)] 754419K->508667K(1918976K), 0.0719354 secs] [Times: user=0.43 sys=0.00, real=0.07 secs] 
4494.559: [GC (Allocation Failure) [PSYoungGen: 454880K->143232K(521216K)] 854779K->649886K(1919488K), 0.0532352 secs] [Times: user=0.31 sys=0.00, real=0.06 secs] 
4496.673: [GC (GCLocker Initiated GC) [PSYoungGen: 489344K->108288K(522240K)] 995998K->749294K(1920512K), 0.1435602 secs] [Times: user=0.85 sys=0.01, real=0.14 secs] 
4498.137: [GC (Allocation Failure) [PSYoungGen: 455424K->142144K(522240K)] 1096433K->887994K(1920512K), 0.0528876 secs] [Times: user=0.31 sys=0.00, real=0.05 secs] 
4499.756: [GC (Allocation Failure) [PSYoungGen: 489280K->108096K(521728K)] 1235130K->986850K(1920000K), 0.0944229 secs] [Times: user=0.55 sys=0.01, real=0.09 secs] 
4501.406: [GC (Allocation Failure) [PSYoungGen: 455744K->142592K(522240K)] 1334498K->1126623K(1920512K), 0.0528626 secs] [Times: user=0.31 sys=0.00, real=0.05 secs] 
4503.247: [GC (Allocation Failure) [PSYoungGen: 490240K->109984K(521728K)] 1474271K->1227663K(1920000K), 0.1059894 secs] [Times: user=0.63 sys=0.00, real=0.11 secs] 
4504.772: [GC (Allocation Failure) [PSYoungGen: 458144K->144320K(522240K)] 1575823K->1368892K(1920512K), 0.0541017 secs] [Times: user=0.32 sys=0.00, real=0.05 secs] 
4506.200: [GC (Allocation Failure) [PSYoungGen: 492480K->107616K(523264K)] 1717052K->1467148K(1921536K), 0.0740730 secs] [Times: user=0.43 sys=0.00, real=0.08 secs] 
4506.274: [Full GC (Ergonomics) [PSYoungGen: 107616K->0K(523264K)] [ParOldGen: 1359532K->34306K(1398272K)] 1467148K->34306K(1921536K), [Metaspace: 60451K->60451K(1105920K)], 0.0658796 secs] [Times: user=0.24 sys=0.00, real=0.06 secs] 
4507.581: [GC (Allocation Failure) [PSYoungGen: 348160K->142560K(522752K)] 382466K->176866K(1921024K), 0.0286386 secs] [Times: user=0.17 sys=0.00, real=0.02 secs] 
4509.299: [GC (Allocation Failure) [PSYoungGen: 490720K->111136K(521728K)] 525026K->278650K(1920000K), 0.0924567 secs] [Times: user=0.55 sys=0.00, real=0.10 secs] 
4510.565: [GC (Allocation Failure) [PSYoungGen: 459296K->144832K(522240K)] 626810K->420671K(1920512K), 0.0532942 secs] [Times: user=0.31 sys=0.00, real=0.05 secs] 
4512.185: [GC (GCLocker Initiated GC) [PSYoungGen: 492992K->108320K(522752K)] 768832K->519561K(1921024K), 0.1109380 secs] [Times: user=0.66 sys=0.00, real=0.11 secs] 
4513.487: [GC (GCLocker Initiated GC) [PSYoungGen: 455968K->142848K(522240K)] 867210K->658955K(1920512K), 0.0526832 secs] [Times: user=0.31 sys=0.01, real=0.05 secs] 
4514.911: [GC (Allocation Failure) [PSYoungGen: 490496K->109888K(521728K)] 1006605K->759877K(1920000K), 0.0662499 secs] [Times: user=0.40 sys=0.00, real=0.06 secs] 
4515.990: [GC (Allocation Failure) [PSYoungGen: 458048K->142016K(522240K)] 1108037K->897782K(1920512K), 0.0537082 secs] [Times: user=0.32 sys=0.00, real=0.06 secs] 
4517.463: [GC (Allocation Failure) [PSYoungGen: 490176K->110944K(522240K)] 1245942K->999006K(1920512K), 0.0776968 secs] [Times: user=0.46 sys=0.00, real=0.08 secs] 
4518.232: [GC (Allocation Failure) [PSYoungGen: 460128K->148480K(498176K)] 1348190K->1144371K(1896448K), 0.0556464 secs] [Times: user=0.32 sys=0.00, real=0.05 secs] 
4520.664: [GC (Allocation Failure) [PSYoungGen: 497664K->105280K(522752K)] 1493555K->1241103K(1921024K), 0.1502728 secs] [Times: user=0.89 sys=0.00, real=0.15 secs] 
4521.962: [GC (Allocation Failure) [PSYoungGen: 450880K->144032K(489984K)] 1586703K->1381184K(1888256K), 0.0518681 secs] [Times: user=0.31 sys=0.00, real=0.05 secs] 
4522.014: [Full GC (Ergonomics) [PSYoungGen: 144032K->0K(489984K)] [ParOldGen: 1237151K->185434K(1398272K)] 1381184K->185434K(1888256K), [Metaspace: 60451K->60451K(1105920K)], 0.4545869 secs] [Times: user=2.13 sys=0.00, real=0.45 secs] 
4524.234: [GC (Allocation Failure) [PSYoungGen: 345600K->107520K(522752K)] 531034K->292954K(1921024K), 0.0570652 secs] [Times: user=0.34 sys=0.00, real=0.06 secs] 
4525.497: [GC (Allocation Failure) [PSYoungGen: 452096K->142976K(520704K)] 637530K->432211K(1918976K), 0.0521625 secs] [Times: user=0.31 sys=0.00, real=0.05 secs] 
4527.844: [GC (Allocation Failure) [PSYoungGen: 487552K->106592K(521216K)] 776787K->529619K(1919488K), 0.1479517 secs] [Times: user=0.88 sys=0.00, real=0.15 secs] 
4529.565: [GC (Allocation Failure) [PSYoungGen: 451680K->152288K(497664K)] 874707K->677484K(1895936K), 0.0526938 secs] [Times: user=0.31 sys=0.00, real=0.05 secs] 
4531.010: [GC (Allocation Failure) [PSYoungGen: 497376K->107328K(519680K)] 1022572K->767388K(1917952K), 0.0761827 secs] [Times: user=0.45 sys=0.00, real=0.08 secs] 
4532.078: [GC (GCLocker Initiated GC) [PSYoungGen: 445760K->140864K(517632K)] 1105821K->903714K(1915904K), 0.0522242 secs] [Times: user=0.31 sys=0.00, real=0.06 secs] 
4533.574: [GC (Allocation Failure) [PSYoungGen: 479296K->106208K(518144K)] 1242148K->1000460K(1916416K), 0.0669035 secs] [Times: user=0.39 sys=0.01, real=0.07 secs] 
4534.372: [GC (Allocation Failure) [PSYoungGen: 446176K->142848K(518144K)] 1340428K->1140993K(1916416K), 0.0528092 secs] [Times: user=0.31 sys=0.00, real=0.05 secs] 
4536.823: [GC (GCLocker Initiated GC) [PSYoungGen: 482816K->102848K(519680K)] 1480961K->1235217K(1917952K), 0.1138277 secs] [Times: user=0.67 sys=0.00, real=0.11 secs] 
4537.752: [GC (Allocation Failure) [PSYoungGen: 444352K->142240K(519680K)] 1576728K->1374949K(1917952K), 0.0524255 secs] [Times: user=0.30 sys=0.00, real=0.05 secs] 
4537.805: [Full GC (Ergonomics) [PSYoungGen: 142240K->0K(519680K)] [ParOldGen: 1232709K->173342K(1398272K)] 1374949K->173342K(1917952K), [Metaspace: 60451K->60451K(1105920K)], 0.4196230 secs] [Times: user=1.96 sys=0.00, real=0.42 secs] 
4539.554: [GC (Allocation Failure) [PSYoungGen: 341504K->105312K(518656K)] 514846K->278654K(1916928K), 0.0397697 secs] [Times: user=0.23 sys=0.00, real=0.04 secs] 
4540.940: [GC (Allocation Failure) [PSYoungGen: 446816K->139872K(519168K)] 620158K->415651K(1917440K), 0.0531041 secs] [Times: user=0.31 sys=0.01, real=0.06 secs] 
4542.397: [GC (Allocation Failure) [PSYoungGen: 481376K->108064K(517632K)] 757155K->514211K(1915904K), 0.0855947 secs] [Times: user=0.51 sys=0.00, real=0.09 secs] 
4543.378: [GC (Allocation Failure) [PSYoungGen: 451104K->140928K(519168K)] 857251K->653364K(1917440K), 0.0535028 secs] [Times: user=0.31 sys=0.00, real=0.06 secs] 
4545.302: [GC (GCLocker Initiated GC) [PSYoungGen: 483968K->106080K(519680K)] 996404K->750176K(1917952K), 0.0673342 secs] [Times: user=0.40 sys=0.00, real=0.06 secs] 
4545.978: [GC (Allocation Failure) [PSYoungGen: 451680K->142336K(520704K)] 1095780K->890121K(1918976K), 0.0530002 secs] [Times: user=0.31 sys=0.00, real=0.06 secs] 
4547.504: [GC (Allocation Failure) [PSYoungGen: 487936K->109952K(520704K)] 1235721K->990665K(1918976K), 0.0979209 secs] [Times: user=0.58 sys=0.00, real=0.10 secs] 
4548.714: [GC (Allocation Failure) [PSYoungGen: 456576K->142208K(521216K)] 1337289K->1130330K(1919488K), 0.0539372 secs] [Times: user=0.32 sys=0.00, real=0.05 secs] 
4550.665: [GC (Allocation Failure) [PSYoungGen: 488832K->109984K(521728K)] 1476954K->1230818K(1920000K), 0.1232500 secs] [Times: user=0.72 sys=0.00, real=0.12 secs] 
4551.983: [GC (Allocation Failure) [PSYoungGen: 458144K->143264K(522240K)] 1578978K->1371430K(1920512K), 0.0543198 secs] [Times: user=0.32 sys=0.00, real=0.05 secs] 
4553.310: [GC (GCLocker Initiated GC) [PSYoungGen: 491424K->108384K(522752K)] 1719590K->1470446K(1921024K), 0.0673837 secs] [Times: user=0.39 sys=0.01, real=0.07 secs] 
4553.377: [Full GC (Ergonomics) [PSYoungGen: 108384K->0K(522752K)] [ParOldGen: 1362062K->31103K(1398272K)] 1470446K->31103K(1921024K), [Metaspace: 60453K->60453K(1105920K)], 0.0540030 secs] [Times: user=0.18 sys=0.00, real=0.06 secs] 
4554.645: [GC (Allocation Failure) [PSYoungGen: 348672K->142784K(522752K)] 379845K->173957K(1921024K), 0.0287024 secs] [Times: user=0.16 sys=0.00, real=0.03 secs] 
4556.081: [GC (Allocation Failure) [PSYoungGen: 491456K->110400K(521728K)] 522629K->274941K(1920000K), 0.0829494 secs] [Times: user=0.49 sys=0.00, real=0.08 secs] 
4557.193: [GC (Allocation Failure) [PSYoungGen: 459072K->142784K(522240K)] 623613K->415342K(1920512K), 0.0533017 secs] [Times: user=0.32 sys=0.00, real=0.05 secs] 
4559.378: [GC (Allocation Failure) [PSYoungGen: 491456K->110688K(523264K)] 764014K->516774K(1921536K), 0.0789530 secs] [Times: user=0.46 sys=0.00, real=0.08 secs] 
4560.843: [GC (Allocation Failure) [PSYoungGen: 460384K->143104K(523264K)] 866470K->656899K(1921536K), 0.0541772 secs] [Times: user=0.32 sys=0.00, real=0.05 secs] 
4562.640: [GC (GCLocker Initiated GC) [PSYoungGen: 492800K->108640K(523776K)] 1006595K->756459K(1922048K), 0.1040263 secs] [Times: user=0.62 sys=0.00, real=0.11 secs] 
4564.116: [GC (Allocation Failure) [PSYoungGen: 458848K->153344K(503808K)] 1106670K->907035K(1902080K), 0.0546725 secs] [Times: user=0.33 sys=0.00, real=0.06 secs] 
4566.022: [GC (Allocation Failure) [PSYoungGen: 503552K->109056K(521728K)] 1257243K->998915K(1920000K), 0.0988990 secs] [Times: user=0.58 sys=0.01, real=0.10 secs] 
4567.889: [GC (Allocation Failure) [PSYoungGen: 451584K->143072K(519680K)] 1341443K->1138368K(1917952K), 0.0530527 secs] [Times: user=0.31 sys=0.00, real=0.06 secs] 
4569.766: [GC (GCLocker Initiated GC) [PSYoungGen: 485600K->103168K(520704K)] 1480896K->1232584K(1918976K), 0.1118381 secs] [Times: user=0.66 sys=0.01, real=0.11 secs] 
4570.881: [GC (Allocation Failure) [PSYoungGen: 445696K->141120K(520192K)] 1575183K->1370616K(1918464K), 0.0523268 secs] [Times: user=0.30 sys=0.00, real=0.05 secs] 
4570.934: [Full GC (Ergonomics) [PSYoungGen: 141120K->0K(520192K)] [ParOldGen: 1229496K->174893K(1398272K)] 1370616K->174893K(1918464K), [Metaspace: 60453K->60453K(1105920K)], 0.4268519 secs] [Times: user=1.97 sys=0.00, real=0.43 secs] 
4573.283: [GC (GCLocker Initiated GC) [PSYoungGen: 342528K->105472K(518656K)] 517422K->280366K(1916928K), 0.0840846 secs] [Times: user=0.49 sys=0.01, real=0.08 secs] 
4574.138: [GC (Allocation Failure) [PSYoungGen: 448512K->142976K(519680K)] 623409K->420486K(1917952K), 0.0531280 secs] [Times: user=0.31 sys=0.01, real=0.06 secs] 
4575.728: [GC (GCLocker Initiated GC) [PSYoungGen: 486016K->108256K(519680K)] 763526K->519382K(1917952K), 0.0953257 secs] [Times: user=0.56 sys=0.01, real=0.10 secs] 
4577.228: [GC (Allocation Failure) [PSYoungGen: 452320K->139488K(520192K)] 863517K->655798K(1918464K), 0.0535425 secs] [Times: user=0.31 sys=0.00, real=0.06 secs] 
4578.600: [GC (GCLocker Initiated GC) [PSYoungGen: 483552K->108672K(519168K)] 999862K->755322K(1917440K), 0.0655135 secs] [Times: user=0.39 sys=0.00, real=0.06 secs] 
4579.505: [GC (Allocation Failure) [PSYoungGen: 454784K->152064K(498688K)] 1101473K->904678K(1896960K), 0.0546720 secs] [Times: user=0.32 sys=0.00, real=0.05 secs] 
4581.302: [GC (Allocation Failure) [PSYoungGen: 498176K->107808K(521216K)] 1250790K->994898K(1919488K), 0.1027710 secs] [Times: user=0.61 sys=0.01, real=0.10 secs] 
4582.578: [GC (Allocation Failure) [PSYoungGen: 449312K->142912K(519168K)] 1336402K->1134831K(1917440K), 0.0538828 secs] [Times: user=0.31 sys=0.00, real=0.06 secs] 
4584.379: [GC (Allocation Failure) [PSYoungGen: 484416K->105536K(519680K)] 1476335K->1231407K(1917952K), 0.1517738 secs] [Times: user=0.91 sys=0.01, real=0.16 secs] 
4585.791: [GC (Allocation Failure) [PSYoungGen: 447552K->139488K(519680K)] 1573423K->1367920K(1917952K), 0.0526589 secs] [Times: user=0.31 sys=0.00, real=0.05 secs] 
4587.249: [GC (Allocation Failure) [PSYoungGen: 481504K->107904K(517120K)] 1709936K->1466880K(1915392K), 0.0882789 secs] [Times: user=0.53 sys=0.00, real=0.09 secs] 
4587.337: [Full GC (Ergonomics) [PSYoungGen: 107904K->0K(517120K)] [ParOldGen: 1358976K->26868K(1398272K)] 1466880K->26868K(1915392K), [Metaspace: 60453K->60453K(1105920K)], 0.0504392 secs] [Times: user=0.15 sys=0.00, real=0.05 secs] 
4588.807: [GC (Allocation Failure) [PSYoungGen: 343552K->140000K(519168K)] 370420K->166868K(1917440K), 0.0282995 secs] [Times: user=0.16 sys=0.00, real=0.03 secs] 
4590.160: [GC (Allocation Failure) [PSYoungGen: 483552K->109248K(519168K)] 510420K->266596K(1917440K), 0.0704624 secs] [Times: user=0.42 sys=0.00, real=0.08 secs] 
4591.756: [GC (Allocation Failure) [PSYoungGen: 455872K->140864K(520704K)] 613220K->404825K(1918976K), 0.0533033 secs] [Times: user=0.30 sys=0.00, real=0.05 secs] 
4593.151: [GC (Allocation Failure) [PSYoungGen: 487488K->109600K(521216K)] 751449K->504925K(1919488K), 0.0752114 secs] [Times: user=0.44 sys=0.00, real=0.07 secs] 
4594.246: [GC (Allocation Failure) [PSYoungGen: 458784K->143328K(522240K)] 854109K->646050K(1920512K), 0.0534285 secs] [Times: user=0.31 sys=0.01, real=0.05 secs] 
4595.775: [GC (Allocation Failure) [PSYoungGen: 492512K->108704K(523776K)] 995234K->745306K(1922048K), 0.0869106 secs] [Times: user=0.52 sys=0.00, real=0.09 secs] 
4597.456: [GC (Allocation Failure) [PSYoungGen: 458400K->142752K(523264K)] 1095002K->886490K(1921536K), 0.0536713 secs] [Times: user=0.31 sys=0.00, real=0.05 secs] 
4599.386: [GC (Allocation Failure) [PSYoungGen: 492448K->109216K(523264K)] 1236186K->987075K(1921536K), 0.0779957 secs] [Times: user=0.46 sys=0.01, real=0.08 secs] 
4600.888: [GC (Allocation Failure) [PSYoungGen: 458912K->141728K(523264K)] 1336771K->1125579K(1921536K), 0.0536872 secs] [Times: user=0.31 sys=0.01, real=0.06 secs] 
4602.375: [GC (Allocation Failure) [PSYoungGen: 491424K->112512K(521728K)] 1475275K->1228659K(1920000K), 0.0875864 secs] [Times: user=0.52 sys=0.01, real=0.09 secs] 
4603.976: [GC (Allocation Failure) [PSYoungGen: 462720K->151328K(501760K)] 1578867K->1376984K(1900032K), 0.0550106 secs] [Times: user=0.32 sys=0.00, real=0.06 secs] 
4605.680: [GC (Allocation Failure) [PSYoungGen: 501536K->111840K(523776K)] 1727192K->1471196K(1922048K), 0.0867087 secs] [Times: user=0.51 sys=0.00, real=0.09 secs] 
4605.767: [Full GC (Ergonomics) [PSYoungGen: 111840K->0K(523776K)] [ParOldGen: 1359356K->38509K(1398272K)] 1471196K->38509K(1922048K), [Metaspace: 60453K->60453K(1105920K)], 0.0769057 secs] [Times: user=0.29 sys=0.01, real=0.08 secs] 
4607.314: [GC (Allocation Failure) [PSYoungGen: 346112K->140320K(521216K)] 384621K->178829K(1919488K), 0.0280872 secs] [Times: user=0.16 sys=0.00, real=0.03 secs] 
4608.838: [GC (GCLocker Initiated GC) [PSYoungGen: 486432K->108128K(522240K)] 524942K->277090K(1920512K), 0.0931994 secs] [Times: user=0.55 sys=0.01, real=0.10 secs] 
4610.491: [GC (Allocation Failure) [PSYoungGen: 455776K->142464K(521728K)] 624741K->416633K(1920000K), 0.0524960 secs] [Times: user=0.30 sys=0.00, real=0.05 secs] 
4612.131: [GC (Allocation Failure) [PSYoungGen: 490112K->108928K(522240K)] 764281K->516198K(1920512K), 0.1182733 secs] [Times: user=0.70 sys=0.01, real=0.11 secs] 
4613.737: [GC (Allocation Failure) [PSYoungGen: 458112K->143904K(522752K)] 865382K->656802K(1921024K), 0.0530429 secs] [Times: user=0.31 sys=0.00, real=0.06 secs] 
4615.213: [GC (GCLocker Initiated GC) [PSYoungGen: 493088K->110912K(523264K)] 1005986K->758030K(1921536K), 0.0649830 secs] [Times: user=0.39 sys=0.00, real=0.06 secs] 
4616.005: [GC (Allocation Failure) [PSYoungGen: 460608K->146304K(496128K)] 1107765K->901098K(1894400K), 0.0538958 secs] [Times: user=0.32 sys=0.00, real=0.05 secs] 
4617.484: [GC (Allocation Failure) [PSYoungGen: 496000K->108736K(523776K)] 1250794K->1000626K(1922048K), 0.0725990 secs] [Times: user=0.44 sys=0.00, real=0.07 secs] 
4618.582: [GC (Allocation Failure) [PSYoungGen: 455872K->146336K(493568K)] 1347762K->1142975K(1891840K), 0.0529093 secs] [Times: user=0.31 sys=0.00, real=0.05 secs] 
4620.260: [GC (GCLocker Initiated GC) [PSYoungGen: 493472K->106336K(522240K)] 1490111K->1240015K(1920512K), 0.1392517 secs] [Times: user=0.82 sys=0.01, real=0.14 secs] 
4621.194: [GC (GCLocker Initiated GC) [PSYoungGen: 450912K->145024K(489984K)] 1584593K->1381570K(1888256K), 0.0527436 secs] [Times: user=0.31 sys=0.00, real=0.05 secs] 
4621.247: [Full GC (Ergonomics) [PSYoungGen: 145024K->0K(489984K)] [ParOldGen: 1236546K->185971K(1398272K)] 1381570K->185971K(1888256K), [Metaspace: 60453K->60453K(1105920K)], 0.4495114 secs] [Times: user=2.09 sys=0.00, real=0.45 secs] 
4623.435: [GC (Allocation Failure) [PSYoungGen: 344576K->106208K(521728K)] 530586K->292218K(1920000K), 0.0654851 secs] [Times: user=0.38 sys=0.00, real=0.07 secs] 
4624.406: [GC (Allocation Failure) [PSYoungGen: 449248K->144928K(488448K)] 635258K->433073K(1886720K), 0.0516713 secs] [Times: user=0.31 sys=0.00, real=0.05 secs] 
4626.337: [GC (Allocation Failure) [PSYoungGen: 487968K->106272K(521216K)] 776113K->530573K(1919488K), 0.1438890 secs] [Times: user=0.85 sys=0.00, real=0.15 secs] 
4627.828: [GC (Allocation Failure) [PSYoungGen: 448288K->143392K(519680K)] 872589K->669922K(1917952K), 0.0524129 secs] [Times: user=0.31 sys=0.00, real=0.06 secs] 
4629.786: [GC (Allocation Failure) [PSYoungGen: 485408K->106240K(519680K)] 1011938K->767322K(1917952K), 0.1081332 secs] [Times: user=0.64 sys=0.00, real=0.11 secs] 
4631.467: [GC (Allocation Failure) [PSYoungGen: 448256K->141760K(519680K)] 1109338K->904731K(1917952K), 0.0527534 secs] [Times: user=0.32 sys=0.00, real=0.05 secs] 
4632.832: [GC (Allocation Failure) [PSYoungGen: 483776K->106720K(518144K)] 1246747K->1002359K(1916416K), 0.0655489 secs] [Times: user=0.37 sys=0.01, real=0.06 secs] 
4633.615: [GC (Allocation Failure) [PSYoungGen: 449248K->142464K(519168K)] 1344887K->1142020K(1917440K), 0.0540595 secs] [Times: user=0.32 sys=0.00, real=0.05 secs] 
4635.240: [GC (Allocation Failure) [PSYoungGen: 484992K->107168K(519680K)] 1484548K->1239852K(1917952K), 0.0988363 secs] [Times: user=0.58 sys=0.00, real=0.09 secs] 
4636.294: [GC (Allocation Failure) [PSYoungGen: 451232K->142592K(520192K)] 1583916K->1380121K(1918464K), 0.0547504 secs] [Times: user=0.32 sys=0.00, real=0.05 secs] 
4636.349: [Full GC (Ergonomics) [PSYoungGen: 142592K->0K(520192K)] [ParOldGen: 1237529K->177674K(1398272K)] 1380121K->177674K(1918464K), [Metaspace: 60471K->60471K(1105920K)], 0.4240029 secs] [Times: user=1.95 sys=0.00, real=0.43 secs] 
4638.932: [GC (Allocation Failure) [PSYoungGen: 344064K->106592K(521216K)] 521738K->284266K(1919488K), 0.0554293 secs] [Times: user=0.33 sys=0.00, real=0.05 secs] 
4640.603: [GC (Allocation Failure) [PSYoungGen: 451680K->141344K(521216K)] 629354K->422887K(1919488K), 0.0525616 secs] [Times: user=0.31 sys=0.00, real=0.05 secs] 
4642.420: [GC (Allocation Failure) [PSYoungGen: 486432K->105664K(520704K)] 767975K->520023K(1918976K), 0.1064069 secs] [Times: user=0.63 sys=0.00, real=0.11 secs] 
4643.541: [GC (Allocation Failure) [PSYoungGen: 451264K->144800K(490496K)] 865623K->662904K(1888768K), 0.0529769 secs] [Times: user=0.31 sys=0.00, real=0.05 secs] 
4645.681: [GC (GCLocker Initiated GC) [PSYoungGen: 490400K->107200K(522752K)] 1008504K->761712K(1921024K), 0.1382396 secs] [Times: user=0.82 sys=0.00, real=0.13 secs] 
4646.969: [GC (Allocation Failure) [PSYoungGen: 451776K->142816K(520704K)] 1106291K->901760K(1918976K), 0.0526662 secs] [Times: user=0.31 sys=0.00, real=0.06 secs] 
4648.317: [GC (GCLocker Initiated GC) [PSYoungGen: 487392K->107904K(520192K)] 1246337K->1000273K(1918464K), 0.0674490 secs] [Times: user=0.40 sys=0.01, real=0.07 secs] 
4649.341: [GC (Allocation Failure) [PSYoungGen: 452992K->141696K(520704K)] 1345431K->1139108K(1918976K), 0.0538294 secs] [Times: user=0.32 sys=0.00, real=0.05 secs] 
4650.905: [GC (Allocation Failure) [PSYoungGen: 486784K->110016K(519680K)] 1484196K->1239340K(1917952K), 0.0924595 secs] [Times: user=0.55 sys=0.00, real=0.09 secs] 
4652.381: [GC (Allocation Failure) [PSYoungGen: 456128K->143136K(520704K)] 1585452K->1379057K(1918976K), 0.0543600 secs] [Times: user=0.32 sys=0.00, real=0.05 secs] 
4652.435: [Full GC (Ergonomics) [PSYoungGen: 143136K->0K(520704K)] [ParOldGen: 1235921K->176268K(1398272K)] 1379057K->176268K(1918976K), [Metaspace: 60472K->60472K(1105920K)], 0.4253989 secs] [Times: user=1.98 sys=0.00, real=0.43 secs] 
4654.560: [GC (GCLocker Initiated GC) [PSYoungGen: 346112K->107840K(522240K)] 522381K->284109K(1920512K), 0.0618609 secs] [Times: user=0.37 sys=0.00, real=0.07 secs] 
4655.939: [GC (Allocation Failure) [PSYoungGen: 455488K->144896K(493056K)] 631828K->425873K(1891328K), 0.0533785 secs] [Times: user=0.31 sys=0.00, real=0.06 secs] 
4657.370: [GC (Allocation Failure) [PSYoungGen: 492544K->109568K(523776K)] 773521K->526201K(1922048K), 0.0942927 secs] [Times: user=0.56 sys=0.00, real=0.09 secs] 
4658.497: [GC (Allocation Failure) [PSYoungGen: 456192K->144288K(521728K)] 872825K->666517K(1920000K), 0.0535302 secs] [Times: user=0.31 sys=0.00, real=0.06 secs] 
4660.048: [GC (GCLocker Initiated GC) [PSYoungGen: 490912K->109664K(521728K)] 1013141K->766926K(1920000K), 0.1195096 secs] [Times: user=0.71 sys=0.00, real=0.12 secs] 
4660.913: [GC (Allocation Failure) [PSYoungGen: 456288K->154080K(500736K)] 1113588K->917132K(1899008K), 0.0542008 secs] [Times: user=0.32 sys=0.01, real=0.05 secs] 
4662.621: [GC (Allocation Failure) [PSYoungGen: 500704K->108512K(519680K)] 1263756K->1008240K(1917952K), 0.1286007 secs] [Times: user=0.76 sys=0.00, real=0.12 secs] 
4663.825: [GC (Allocation Failure) [PSYoungGen: 447456K->143776K(518144K)] 1347184K->1147908K(1916416K), 0.0535864 secs] [Times: user=0.32 sys=0.00, real=0.05 secs] 
4665.447: [GC (Allocation Failure) [PSYoungGen: 482720K->103488K(518656K)] 1486852K->1242588K(1916928K), 0.0965027 secs] [Times: user=0.57 sys=0.00, real=0.10 secs] 
4666.643: [GC (Allocation Failure) [PSYoungGen: 442944K->142496K(518656K)] 1582044K->1380697K(1916928K), 0.0516434 secs] [Times: user=0.31 sys=0.00, real=0.05 secs] 
4666.695: [Full GC (Ergonomics) [PSYoungGen: 142496K->0K(518656K)] [ParOldGen: 1238201K->179434K(1398272K)] 1380697K->179434K(1916928K), [Metaspace: 60472K->60472K(1105920K)], 0.4338187 secs] [Times: user=2.02 sys=0.00, real=0.43 secs] 
4668.639: [GC (Allocation Failure) [PSYoungGen: 339456K->106112K(517632K)] 518890K->285546K(1915904K), 0.0547658 secs] [Times: user=0.32 sys=0.00, real=0.06 secs] 
4669.813: [GC (GCLocker Initiated GC) [PSYoungGen: 445568K->139648K(518144K)] 625002K->422095K(1916416K), 0.0523694 secs] [Times: user=0.31 sys=0.00, real=0.05 secs] 
4671.257: [GC (GCLocker Initiated GC) [PSYoungGen: 479104K->105312K(517120K)] 761553K->518049K(1915392K), 0.0640392 secs] [Times: user=0.37 sys=0.00, real=0.07 secs] 
4672.739: [GC (Allocation Failure) [PSYoungGen: 446816K->139200K(518656K)] 859556K->654121K(1916928K), 0.0519059 secs] [Times: user=0.30 sys=0.00, real=0.06 secs] 
4674.391: [GC (Allocation Failure) [PSYoungGen: 480704K->107104K(517632K)] 995625K->751461K(1915904K), 0.1345749 secs] [Times: user=0.80 sys=0.00, real=0.13 secs] 
4676.292: [GC (Allocation Failure) [PSYoungGen: 451680K->140896K(519680K)] 1096037K->890094K(1917952K), 0.0535178 secs] [Times: user=0.32 sys=0.00, real=0.05 secs] 
4678.686: [GC (GCLocker Initiated GC) [PSYoungGen: 485472K->106144K(521216K)] 1234670K->987018K(1919488K), 0.0769263 secs] [Times: user=0.46 sys=0.00, real=0.08 secs] 
4680.589: [GC (Allocation Failure) [PSYoungGen: 453280K->147808K(495104K)] 1334157K->1132426K(1893376K), 0.0531380 secs] [Times: user=0.32 sys=0.00, real=0.06 secs] 
4681.992: [GC (Allocation Failure) [PSYoungGen: 494944K->112864K(523264K)] 1479562K->1227626K(1921536K), 0.0673681 secs] [Times: user=0.40 sys=0.00, real=0.06 secs] 
4684.406: [GC (Allocation Failure) [PSYoungGen: 457440K->136544K(481280K)] 1572202K->1362215K(1879552K), 0.0544661 secs] [Times: user=0.32 sys=0.01, real=0.06 secs] 
4685.805: [GC (Allocation Failure) [PSYoungGen: 481120K->110880K(522240K)] 1706791K->1463783K(1920512K), 0.0765651 secs] [Times: user=0.46 sys=0.00, real=0.08 secs] 
4685.882: [Full GC (Ergonomics) [PSYoungGen: 110880K->0K(522240K)] [ParOldGen: 1352903K->23353K(1398272K)] 1463783K->23353K(1920512K), [Metaspace: 60472K->60472K(1105920K)], 0.0334162 secs] [Times: user=0.09 sys=0.00, real=0.03 secs] 
4688.357: [GC (Allocation Failure) [PSYoungGen: 347136K->138688K(519680K)] 370489K->162041K(1917952K), 0.0275268 secs] [Times: user=0.16 sys=0.00, real=0.03 secs] 
4689.670: [GC (Allocation Failure) [PSYoungGen: 485824K->111680K(524288K)] 509177K->264073K(1922560K), 0.0645337 secs] [Times: user=0.38 sys=0.01, real=0.07 secs] 
4690.752: [GC (Allocation Failure) [PSYoungGen: 464960K->143520K(524288K)] 617353K->405661K(1922560K), 0.0538137 secs] [Times: user=0.31 sys=0.01, real=0.05 secs] 
4692.395: [GC (GCLocker Initiated GC) [PSYoungGen: 496800K->112672K(525824K)] 758942K->509046K(1924096K), 0.0660523 secs] [Times: user=0.39 sys=0.00, real=0.07 secs] 
4693.648: [GC (Allocation Failure) [PSYoungGen: 467488K->146752K(501760K)] 863933K->653242K(1900032K), 0.0547339 secs] [Times: user=0.32 sys=0.00, real=0.06 secs] 
4695.503: [GC (GCLocker Initiated GC) [PSYoungGen: 501568K->111520K(526336K)] 1008059K->755755K(1924608K), 0.0792118 secs] [Times: user=0.47 sys=0.00, real=0.08 secs] 
4696.311: [GC (Allocation Failure) [PSYoungGen: 463264K->147936K(499712K)] 1107502K->900939K(1897984K), 0.0544654 secs] [Times: user=0.33 sys=0.00, real=0.05 secs] 
4697.945: [GC (Allocation Failure) [PSYoungGen: 499680K->108128K(524288K)] 1252683K->1000203K(1922560K), 0.0732789 secs] [Times: user=0.43 sys=0.00, real=0.07 secs] 
4698.942: [GC (Allocation Failure) [PSYoungGen: 456288K->146848K(495104K)] 1348363K->1142744K(1893376K), 0.0529782 secs] [Times: user=0.31 sys=0.00, real=0.05 secs] 
4700.673: [GC (Allocation Failure) [PSYoungGen: 495008K->108736K(523264K)] 1490904K->1242220K(1921536K), 0.1128509 secs] [Times: user=0.67 sys=0.00, real=0.11 secs] 
4702.165: [GC (Allocation Failure) [PSYoungGen: 454336K->144704K(521216K)] 1587820K->1383449K(1919488K), 0.0533872 secs] [Times: user=0.32 sys=0.00, real=0.05 secs] 
4702.219: [Full GC (Ergonomics) [PSYoungGen: 144704K->0K(521216K)] [ParOldGen: 1238745K->188867K(1398272K)] 1383449K->188867K(1919488K), [Metaspace: 60472K->60472K(1105920K)], 0.4607486 secs] [Times: user=2.13 sys=0.00, real=0.46 secs] 
4704.990: [GC (Allocation Failure) [PSYoungGen: 345600K->104064K(522240K)] 534467K->292931K(1920512K), 0.0695264 secs] [Times: user=0.41 sys=0.00, real=0.06 secs] 
4706.147: [GC (Allocation Failure) [PSYoungGen: 448640K->145056K(489984K)] 637507K->434328K(1888256K), 0.0505944 secs] [Times: user=0.30 sys=0.00, real=0.05 secs] 
4708.090: [GC (Allocation Failure) [PSYoungGen: 489632K->107008K(521728K)] 778904K->533068K(1920000K), 0.1069883 secs] [Times: user=0.63 sys=0.00, real=0.11 secs] 
4710.154: [GC (Allocation Failure) [PSYoungGen: 449536K->140256K(519680K)] 875596K->669193K(1917952K), 0.0516107 secs] [Times: user=0.31 sys=0.00, real=0.05 secs] 
4712.524: [GC (Allocation Failure) [PSYoungGen: 482784K->105376K(520192K)] 1011721K->765285K(1918464K), 0.1581316 secs] [Times: user=0.94 sys=0.00, real=0.16 secs] 
4714.067: [GC (GCLocker Initiated GC) [PSYoungGen: 449440K->141312K(520192K)] 1109349K->903050K(1918464K), 0.0520045 secs] [Times: user=0.30 sys=0.00, real=0.05 secs] 
4715.611: [GC (Allocation Failure) [PSYoungGen: 485376K->107776K(520704K)] 1247185K->1002185K(1918976K), 0.0748224 secs] [Times: user=0.44 sys=0.01, real=0.07 secs] 
4716.780: [GC (Allocation Failure) [PSYoungGen: 453376K->144032K(521216K)] 1347785K->1143029K(1919488K), 0.0535297 secs] [Times: user=0.31 sys=0.01, real=0.06 secs] 
4718.375: [GC (Allocation Failure) [PSYoungGen: 489632K->109280K(521216K)] 1488629K->1243085K(1919488K), 0.0673544 secs] [Times: user=0.40 sys=0.00, real=0.07 secs] 
4719.169: [GC (Allocation Failure) [PSYoungGen: 454880K->145440K(491520K)] 1588685K->1385610K(1889792K), 0.0540152 secs] [Times: user=0.31 sys=0.00, real=0.06 secs] 
4719.223: [Full GC (Ergonomics) [PSYoungGen: 145440K->0K(491520K)] [ParOldGen: 1240170K->184327K(1398272K)] 1385610K->184327K(1889792K), [Metaspace: 60472K->60472K(1105920K)], 0.4491499 secs] [Times: user=2.09 sys=0.01, real=0.45 secs] 
4721.751: [GC (Allocation Failure) [PSYoungGen: 345600K->104320K(522240K)] 529927K->288647K(1920512K), 0.0485921 secs] [Times: user=0.28 sys=0.01, real=0.04 secs] 
4722.898: [GC (Allocation Failure) [PSYoungGen: 448384K->143264K(487424K)] 632711K->428526K(1885696K), 0.0514691 secs] [Times: user=0.30 sys=0.00, real=0.05 secs] 
4724.534: [GC (Allocation Failure) [PSYoungGen: 487328K->107808K(522240K)] 772590K->527246K(1920512K), 0.0983510 secs] [Times: user=0.58 sys=0.00, real=0.10 secs] 
4726.028: [GC (Allocation Failure) [PSYoungGen: 451360K->142784K(520192K)] 870798K->666767K(1918464K), 0.0528944 secs] [Times: user=0.31 sys=0.00, real=0.06 secs] 
4727.472: [GC (Allocation Failure) [PSYoungGen: 486336K->108768K(519680K)] 1010319K->766255K(1917952K), 0.0649727 secs] [Times: user=0.39 sys=0.00, real=0.06 secs] 
4728.327: [GC (Allocation Failure) [PSYoungGen: 452832K->144864K(520192K)] 1110319K->907364K(1918464K), 0.0542121 secs] [Times: user=0.32 sys=0.00, real=0.06 secs] 
4730.147: [GC (Allocation Failure) [PSYoungGen: 488928K->104832K(521216K)] 1251428K->1002868K(1919488K), 0.1213007 secs] [Times: user=0.72 sys=0.00, real=0.12 secs] 
4731.145: [GC (Allocation Failure) [PSYoungGen: 448896K->143584K(487936K)] 1346932K->1143333K(1886208K), 0.0532047 secs] [Times: user=0.31 sys=0.00, real=0.05 secs] 
4732.897: [GC (Allocation Failure) [PSYoungGen: 487648K->107360K(522240K)] 1487397K->1241885K(1920512K), 0.1455844 secs] [Times: user=0.86 sys=0.00, real=0.15 secs] 
4733.687: [GC (Allocation Failure) [PSYoungGen: 450912K->142784K(520192K)] 1585437K->1382310K(1918464K), 0.0547608 secs] [Times: user=0.32 sys=0.00, real=0.06 secs] 
4733.742: [Full GC (Ergonomics) [PSYoungGen: 142784K->0K(520192K)] [ParOldGen: 1239526K->179908K(1398272K)] 1382310K->179908K(1918464K), [Metaspace: 60472K->60472K(1105920K)], 0.4401744 secs] [Times: user=2.04 sys=0.00, real=0.44 secs] 
4737.046: [GC (Allocation Failure) [PSYoungGen: 343552K->104544K(520704K)] 523460K->284452K(1918976K), 0.0804015 secs] [Times: user=0.47 sys=0.01, real=0.08 secs] 
4738.637: [GC (Allocation Failure) [PSYoungGen: 448608K->142368K(520704K)] 628516K->423609K(1918976K), 0.0519301 secs] [Times: user=0.31 sys=0.00, real=0.05 secs] 
4739.980: [GC (Allocation Failure) [PSYoungGen: 486432K->106176K(520704K)] 767673K->520745K(1918976K), 0.0665991 secs] [Times: user=0.40 sys=0.00, real=0.07 secs] 
4742.662: [GC (Allocation Failure) [PSYoungGen: 450240K->139136K(520704K)] 864809K->657006K(1918976K), 0.0526483 secs] [Times: user=0.31 sys=0.01, real=0.05 secs] 
4744.138: [GC (Allocation Failure) [PSYoungGen: 483200K->109856K(518144K)] 1001070K->757902K(1916416K), 0.1008181 secs] [Times: user=0.59 sys=0.01, real=0.10 secs] 
4745.192: [GC (Allocation Failure) [PSYoungGen: 455456K->143648K(520192K)] 1103502K->898866K(1918464K), 0.0547641 secs] [Times: user=0.32 sys=0.00, real=0.05 secs] 
4746.955: [GC (GCLocker Initiated GC) [PSYoungGen: 489248K->106688K(522752K)] 1244467K->996199K(1921024K), 0.1425764 secs] [Times: user=0.85 sys=0.00, real=0.14 secs] 
4749.007: [GC (Allocation Failure) [PSYoungGen: 453824K->140512K(522240K)] 1343405K->1134038K(1920512K), 0.0533722 secs] [Times: user=0.32 sys=0.00, real=0.06 secs] 
4750.437: [GC (Allocation Failure) [PSYoungGen: 487648K->108512K(520704K)] 1481174K->1233630K(1918976K), 0.0744360 secs] [Times: user=0.44 sys=0.00, real=0.08 secs] 
4751.264: [GC (GCLocker Initiated GC) [PSYoungGen: 456160K->142784K(521728K)] 1581278K->1373827K(1920000K), 0.0545656 secs] [Times: user=0.32 sys=0.00, real=0.05 secs] 
4753.162: [GC (Allocation Failure) [PSYoungGen: 490432K->108160K(523264K)] 1721477K->1472565K(1921536K), 0.1461752 secs] [Times: user=0.87 sys=0.01, real=0.14 secs] 
4753.308: [Full GC (Ergonomics) [PSYoungGen: 108160K->0K(523264K)] [ParOldGen: 1364405K->34092K(1398272K)] 1472565K->34092K(1921536K), [Metaspace: 60472K->60472K(1105920K)], 0.0930408 secs] [Times: user=0.35 sys=0.00, real=0.10 secs] 
4754.887: [GC (Allocation Failure) [PSYoungGen: 349184K->143328K(492544K)] 383276K->177420K(1890816K), 0.0286441 secs] [Times: user=0.16 sys=0.00, real=0.03 secs] 
4756.459: [GC (GCLocker Initiated GC) [PSYoungGen: 492512K->108288K(524800K)] 526604K->276508K(1923072K), 0.1074916 secs] [Times: user=0.63 sys=0.00, real=0.11 secs] 
4758.256: [GC (Allocation Failure) [PSYoungGen: 456960K->143520K(522752K)] 625187K->416535K(1921024K), 0.0521501 secs] [Times: user=0.31 sys=0.00, real=0.05 secs] 
4759.961: [GC (Allocation Failure) [PSYoungGen: 492192K->112032K(521728K)] 765207K->518855K(1920000K), 0.1007217 secs] [Times: user=0.60 sys=0.00, real=0.10 secs] 
4761.268: [GC (Allocation Failure) [PSYoungGen: 460704K->144512K(522240K)] 867527K->660420K(1920512K), 0.0542344 secs] [Times: user=0.31 sys=0.01, real=0.06 secs] 
4762.693: [GC (GCLocker Initiated GC) [PSYoungGen: 493184K->110464K(523264K)] 1009092K->761532K(1921536K), 0.0659966 secs] [Times: user=0.39 sys=0.00, real=0.06 secs] 
4763.554: [GC (Allocation Failure) [PSYoungGen: 459136K->154944K(503808K)] 1110243K->911864K(1902080K), 0.0534672 secs] [Times: user=0.32 sys=0.00, real=0.05 secs] 
4765.049: [GC (GCLocker Initiated GC) [PSYoungGen: 503616K->108032K(520704K)] 1260538K->1002870K(1918976K), 0.0764411 secs] [Times: user=0.45 sys=0.01, real=0.08 secs] 
4765.863: [GC (Allocation Failure) [PSYoungGen: 448512K->145056K(518656K)] 1343389K->1144077K(1916928K), 0.0530977 secs] [Times: user=0.31 sys=0.00, real=0.05 secs] 
4768.286: [GC (Allocation Failure) [PSYoungGen: 485536K->101952K(519680K)] 1484557K->1237277K(1917952K), 0.1699054 secs] [Times: user=1.01 sys=0.00, real=0.17 secs] 
4769.387: [GC (Allocation Failure) [PSYoungGen: 441408K->143904K(483840K)] 1576733K->1377042K(1882112K), 0.0512508 secs] [Times: user=0.30 sys=0.00, real=0.05 secs] 
4769.438: [Full GC (Ergonomics) [PSYoungGen: 143904K->0K(483840K)] [ParOldGen: 1233138K->180972K(1398272K)] 1377042K->180972K(1882112K), [Metaspace: 60472K->60472K(1105920K)], 0.4504115 secs] [Times: user=2.11 sys=0.00, real=0.45 secs] 
4772.033: [GC (Allocation Failure) [PSYoungGen: 339456K->102432K(519168K)] 520428K->283405K(1917440K), 0.0716952 secs] [Times: user=0.42 sys=0.00, real=0.07 secs] 
4772.773: [GC (Allocation Failure) [PSYoungGen: 440864K->141376K(518144K)] 621837K->422714K(1916416K), 0.0512973 secs] [Times: user=0.30 sys=0.00, real=0.05 secs] 
4774.365: [GC (Allocation Failure) [PSYoungGen: 479808K->105824K(516608K)] 761146K->519786K(1914880K), 0.0982451 secs] [Times: user=0.58 sys=0.00, real=0.10 secs] 
4775.365: [GC (Allocation Failure) [PSYoungGen: 444768K->141696K(517632K)] 858730K->659313K(1915904K), 0.0530830 secs] [Times: user=0.31 sys=0.00, real=0.05 secs] 
4777.064: [GC (Allocation Failure) [PSYoungGen: 480640K->104448K(518144K)] 998257K->755193K(1916416K), 0.0937737 secs] [Times: user=0.56 sys=0.00, real=0.09 secs] 
4778.785: [GC (Allocation Failure) [PSYoungGen: 444928K->141568K(518656K)] 1095673K->894285K(1916928K), 0.0533645 secs] [Times: user=0.31 sys=0.00, real=0.05 secs] 
4780.231: [GC (Allocation Failure) [PSYoungGen: 482048K->107456K(516608K)] 1234765K->992957K(1914880K), 0.0708287 secs] [Times: user=0.42 sys=0.00, real=0.07 secs] 
4781.991: [GC (Allocation Failure) [PSYoungGen: 448960K->137216K(518144K)] 1334461K->1127809K(1916416K), 0.0536121 secs] [Times: user=0.31 sys=0.00, real=0.05 secs] 
4783.329: [GC (Allocation Failure) [PSYoungGen: 478720K->108672K(517120K)] 1469313K->1227381K(1915392K), 0.0663302 secs] [Times: user=0.39 sys=0.00, real=0.07 secs] 
4785.232: [GC (GCLocker Initiated GC) [PSYoungGen: 454272K->137952K(519680K)] 1572981K->1364130K(1917952K), 0.0556084 secs] [Times: user=0.32 sys=0.00, real=0.05 secs] 
4786.576: [GC (Allocation Failure) [PSYoungGen: 483552K->110176K(520192K)] 1709733K->1465221K(1918464K), 0.0769301 secs] [Times: user=0.36 sys=0.00, real=0.08 secs] 
4786.653: [Full GC (Ergonomics) [PSYoungGen: 110176K->0K(520192K)] [ParOldGen: 1355044K->23873K(1398272K)] 1465221K->23873K(1918464K), [Metaspace: 60472K->60472K(1105920K)], 0.0475585 secs] [Times: user=0.13 sys=0.00, real=0.05 secs] 
4788.111: [GC (Allocation Failure) [PSYoungGen: 350208K->142528K(522240K)] 374081K->166401K(1920512K), 0.0285215 secs] [Times: user=0.16 sys=0.00, real=0.02 secs] 
4789.558: [GC (Allocation Failure) [PSYoungGen: 492736K->110144K(524800K)] 516609K->267381K(1923072K), 0.0684171 secs] [Times: user=0.41 sys=0.00, real=0.07 secs] 
4791.599: [GC (Allocation Failure) [PSYoungGen: 462912K->150336K(503296K)] 620149K->415670K(1901568K), 0.0538483 secs] [Times: user=0.32 sys=0.00, real=0.06 secs] 
4793.004: [GC (Allocation Failure) [PSYoungGen: 503104K->112832K(524288K)] 768438K->511030K(1922560K), 0.0898584 secs] [Times: user=0.53 sys=0.00, real=0.09 secs] 
4793.955: [GC (Allocation Failure) [PSYoungGen: 459968K->143744K(521728K)] 858166K->652930K(1920000K), 0.0547532 secs] [Times: user=0.32 sys=0.00, real=0.05 secs] 
4795.439: [GC (Allocation Failure) [PSYoungGen: 490880K->108384K(522752K)] 1000066K->752266K(1921024K), 0.0684509 secs] [Times: user=0.40 sys=0.00, real=0.07 secs] 
4796.579: [GC (Allocation Failure) [PSYoungGen: 456544K->144992K(493568K)] 1100426K->893763K(1891840K), 0.0530805 secs] [Times: user=0.32 sys=0.01, real=0.06 secs] 
4798.416: [GC (Allocation Failure) [PSYoungGen: 493152K->108576K(523776K)] 1241923K->992991K(1922048K), 0.1531116 secs] [Times: user=0.90 sys=0.01, real=0.15 secs] 
4800.469: [GC (Allocation Failure) [PSYoungGen: 455200K->141536K(521728K)] 1339615K->1131515K(1920000K), 0.0536755 secs] [Times: user=0.32 sys=0.00, real=0.06 secs] 
4802.128: [GC (Allocation Failure) [PSYoungGen: 488160K->109312K(521728K)] 1478139K->1231480K(1920000K), 0.0878647 secs] [Times: user=0.52 sys=0.00, real=0.09 secs] 
4803.827: [GC (Allocation Failure) [PSYoungGen: 456960K->143520K(522240K)] 1579128K->1371548K(1920512K), 0.0541475 secs] [Times: user=0.32 sys=0.00, real=0.06 secs] 
4805.545: [GC (Allocation Failure) [PSYoungGen: 491168K->108896K(522752K)] 1719196K->1470764K(1921024K), 0.1224990 secs] [Times: user=0.73 sys=0.00, real=0.12 secs] 
4805.668: [Full GC (Ergonomics) [PSYoungGen: 108896K->0K(522752K)] [ParOldGen: 1361868K->37251K(1398272K)] 1470764K->37251K(1921024K), [Metaspace: 60472K->60472K(1105920K)], 0.0905621 secs] [Times: user=0.35 sys=0.00, real=0.09 secs] 
4806.974: [GC (Allocation Failure) [PSYoungGen: 348160K->145952K(494592K)] 385411K->183203K(1892864K), 0.0291565 secs] [Times: user=0.17 sys=0.00, real=0.03 secs] 
4808.609: [GC (GCLocker Initiated GC) [PSYoungGen: 494112K->107936K(523264K)] 531363K->282179K(1921536K), 0.1000037 secs] [Times: user=0.60 sys=0.00, real=0.10 secs] 
4809.897: [GC (Allocation Failure) [PSYoungGen: 454048K->150976K(497152K)] 628330K->429831K(1895424K), 0.0524083 secs] [Times: user=0.30 sys=0.00, real=0.05 secs] 
4811.394: [GC (Allocation Failure) [PSYoungGen: 497088K->109760K(521216K)] 775943K->521711K(1919488K), 0.0968671 secs] [Times: user=0.57 sys=0.00, real=0.10 secs] 
4812.285: [GC (Allocation Failure) [PSYoungGen: 450752K->144448K(518656K)] 862703K->662412K(1916928K), 0.0534344 secs] [Times: user=0.32 sys=0.00, real=0.05 secs] 
4814.188: [GC (Allocation Failure) [PSYoungGen: 485440K->104128K(520192K)] 1003404K->757716K(1918464K), 0.1065704 secs] [Times: user=0.63 sys=0.00, real=0.11 secs] 
4815.101: [GC (Allocation Failure) [PSYoungGen: 444608K->141984K(519168K)] 1098196K->896544K(1917440K), 0.0514501 secs] [Times: user=0.31 sys=0.00, real=0.05 secs] 
4816.807: [GC (Allocation Failure) [PSYoungGen: 482464K->106336K(517632K)] 1237024K->993752K(1915904K), 0.1115030 secs] [Times: user=0.66 sys=0.00, real=0.11 secs] 
4817.944: [GC (Allocation Failure) [PSYoungGen: 447328K->142048K(518656K)] 1334744K->1132549K(1916928K), 0.0528595 secs] [Times: user=0.31 sys=0.00, real=0.05 secs] 
4820.034: [GC (GCLocker Initiated GC) [PSYoungGen: 483040K->106528K(519168K)] 1473541K->1229633K(1917440K), 0.1421877 secs] [Times: user=0.84 sys=0.00, real=0.14 secs] 
4821.878: [GC (Allocation Failure) [PSYoungGen: 449056K->140800K(519680K)] 1572164K->1367765K(1917952K), 0.0530384 secs] [Times: user=0.31 sys=0.00, real=0.06 secs] 
4823.350: [GC (Allocation Failure) [PSYoungGen: 483328K->106016K(519168K)] 1710293K->1464797K(1917440K), 0.0941649 secs] [Times: user=0.55 sys=0.00, real=0.10 secs] 
4823.444: [Full GC (Ergonomics) [PSYoungGen: 106016K->0K(519168K)] [ParOldGen: 1358781K->30399K(1398272K)] 1464797K->30399K(1917440K), [Metaspace: 60472K->60472K(1105920K)], 0.0550696 secs] [Times: user=0.19 sys=0.00, real=0.05 secs] 
4825.527: [GC (Allocation Failure) [PSYoungGen: 344064K->140064K(520192K)] 374463K->170463K(1918464K), 0.0284693 secs] [Times: user=0.16 sys=0.00, real=0.03 secs] 
4826.832: [GC (Allocation Failure) [PSYoungGen: 484128K->109792K(519168K)] 514527K->270991K(1917440K), 0.0645204 secs] [Times: user=0.38 sys=0.00, real=0.06 secs] 
4828.153: [GC (Allocation Failure) [PSYoungGen: 455904K->142944K(520704K)] 617103K->411348K(1918976K), 0.0533827 secs] [Times: user=0.32 sys=0.00, real=0.05 secs] 
4829.507: [GC (GCLocker Initiated GC) [PSYoungGen: 489056K->109280K(521728K)] 757461K->511329K(1920000K), 0.0653447 secs] [Times: user=0.38 sys=0.01, real=0.07 secs] 
4830.276: [GC (Allocation Failure) [PSYoungGen: 457440K->144672K(522240K)] 859492K->653209K(1920512K), 0.0540719 secs] [Times: user=0.31 sys=0.01, real=0.05 secs] 
4831.682: [GC (Allocation Failure) [PSYoungGen: 492832K->109312K(522752K)] 1001369K->753041K(1921024K), 0.0662789 secs] [Times: user=0.39 sys=0.01, real=0.06 secs] 
4832.726: [GC (Allocation Failure) [PSYoungGen: 456960K->144544K(492544K)] 1100689K->895396K(1890816K), 0.0545705 secs] [Times: user=0.32 sys=0.00, real=0.06 secs] 
4834.526: [GC (Allocation Failure) [PSYoungGen: 492192K->108160K(523776K)] 1243044K->994380K(1922048K), 0.0980098 secs] [Times: user=0.58 sys=0.00, real=0.10 secs] 
4835.791: [GC (Allocation Failure) [PSYoungGen: 454784K->143424K(521728K)] 1341004K->1135856K(1920000K), 0.0542690 secs] [Times: user=0.32 sys=0.00, real=0.05 secs] 
4837.989: [GC (Allocation Failure) [PSYoungGen: 490048K->108640K(521728K)] 1482480K->1235488K(1920000K), 0.1183610 secs] [Times: user=0.71 sys=0.00, real=0.12 secs] 
4839.542: [GC (Allocation Failure) [PSYoungGen: 455264K->142048K(521728K)] 1582112K->1374261K(1920000K), 0.0540596 secs] [Times: user=0.32 sys=0.00, real=0.05 secs] 
4839.596: [Full GC (Ergonomics) [PSYoungGen: 142048K->0K(521728K)] [ParOldGen: 1232213K->177763K(1398272K)] 1374261K->177763K(1920000K), [Metaspace: 60472K->60472K(1105920K)], 0.4286750 secs] [Times: user=1.99 sys=0.00, real=0.43 secs] 
4841.647: [GC (Allocation Failure) [PSYoungGen: 346624K->108992K(521216K)] 524387K->286755K(1919488K), 0.0484494 secs] [Times: user=0.28 sys=0.01, real=0.05 secs] 
4842.730: [GC (Allocation Failure) [PSYoungGen: 456128K->143936K(521728K)] 633891K->428187K(1920000K), 0.0539476 secs] [Times: user=0.32 sys=0.00, real=0.05 secs] 
4844.295: [GC (Allocation Failure) [PSYoungGen: 491072K->108768K(522240K)] 775323K->527827K(1920512K), 0.0868358 secs] [Times: user=0.51 sys=0.00, real=0.09 secs] 
4845.920: [GC (Allocation Failure) [PSYoungGen: 456416K->145440K(493568K)] 875475K->669056K(1891840K), 0.0524352 secs] [Times: user=0.30 sys=0.00, real=0.06 secs] 
4847.484: [GC (Allocation Failure) [PSYoungGen: 493088K->108192K(523264K)] 1016704K->768056K(1921536K), 0.0762669 secs] [Times: user=0.45 sys=0.00, real=0.08 secs] 
4848.574: [GC (Allocation Failure) [PSYoungGen: 454304K->146240K(492544K)] 1114168K->909352K(1890816K), 0.0524930 secs] [Times: user=0.31 sys=0.00, real=0.05 secs] 
4850.197: [GC (Allocation Failure) [PSYoungGen: 492352K->109024K(522752K)] 1255464K->1009129K(1921024K), 0.1410712 secs] [Times: user=0.84 sys=0.01, real=0.14 secs] 
4850.972: [GC (Allocation Failure) [PSYoungGen: 453600K->146784K(491520K)] 1353705K->1152817K(1889792K), 0.0537816 secs] [Times: user=0.32 sys=0.00, real=0.05 secs] 
4853.073: [GC (Allocation Failure) [PSYoungGen: 491360K->104928K(521216K)] 1497393K->1249233K(1919488K), 0.1574937 secs] [Times: user=0.93 sys=0.01, real=0.16 secs] 
4854.156: [GC (Allocation Failure) [PSYoungGen: 446944K->145280K(487424K)] 1591249K->1390262K(1885696K), 0.0519723 secs] [Times: user=0.30 sys=0.00, real=0.05 secs] 
4854.208: [Full GC (Ergonomics) [PSYoungGen: 145280K->0K(487424K)] [ParOldGen: 1244982K->188528K(1398272K)] 1390262K->188528K(1885696K), [Metaspace: 60475K->60475K(1105920K)], 0.4628479 secs] [Times: user=2.17 sys=0.00, real=0.47 secs] 
4856.321: [GC (Allocation Failure) [PSYoungGen: 342016K->102240K(519680K)] 530544K->290769K(1917952K), 0.0886034 secs] [Times: user=0.51 sys=0.00, real=0.08 secs] 
4857.219: [GC (Allocation Failure) [PSYoungGen: 441696K->143520K(483328K)] 630225K->430105K(1881600K), 0.0502301 secs] [Times: user=0.29 sys=0.00, real=0.05 secs] 
4858.834: [GC (Allocation Failure) [PSYoungGen: 482976K->105632K(520192K)] 769561K->526498K(1918464K), 0.1088676 secs] [Times: user=0.65 sys=0.00, real=0.11 secs] 
4859.933: [GC (Allocation Failure) [PSYoungGen: 445088K->143712K(518144K)] 865954K->666974K(1916416K), 0.0522239 secs] [Times: user=0.31 sys=0.00, real=0.05 secs] 
4861.973: [GC (GCLocker Initiated GC) [PSYoungGen: 483168K->102176K(518656K)] 1006433K->760665K(1916928K), 0.1341233 secs] [Times: user=0.79 sys=0.00, real=0.13 secs] 
4863.408: [GC (Allocation Failure) [PSYoungGen: 441120K->139040K(518144K)] 1099681K->896973K(1916416K), 0.0511796 secs] [Times: user=0.31 sys=0.00, real=0.05 secs] 
4864.751: [GC (Allocation Failure) [PSYoungGen: 477984K->106496K(516096K)] 1235917K->994501K(1914368K), 0.0641956 secs] [Times: user=0.38 sys=0.00, real=0.06 secs] 
4866.745: [GC (Allocation Failure) [PSYoungGen: 446976K->138784K(517632K)] 1334981K->1130650K(1915904K), 0.0526178 secs] [Times: user=0.31 sys=0.01, real=0.05 secs] 
4868.803: [GC (Allocation Failure) [PSYoungGen: 479264K->107712K(517120K)] 1471130K->1229114K(1915392K), 0.0825429 secs] [Times: user=0.49 sys=0.00, real=0.08 secs] 
4871.242: [GC (Allocation Failure) [PSYoungGen: 451776K->138272K(519168K)] 1573178K->1364967K(1917440K), 0.0530685 secs] [Times: user=0.32 sys=0.00, real=0.05 secs] 
4872.586: [GC (Allocation Failure) [PSYoungGen: 482336K->108672K(519168K)] 1709031K->1464171K(1917440K), 0.0665863 secs] [Times: user=0.39 sys=0.01, real=0.07 secs] 
4872.653: [Full GC (Ergonomics) [PSYoungGen: 108672K->0K(519168K)] [ParOldGen: 1355499K->24436K(1398272K)] 1464171K->24436K(1917440K), [Metaspace: 60475K->60475K(1105920K)], 0.0403554 secs] [Times: user=0.12 sys=0.00, real=0.04 secs] 
4874.585: [GC (Allocation Failure) [PSYoungGen: 348160K->143040K(521216K)] 372596K->167476K(1919488K), 0.0286383 secs] [Times: user=0.17 sys=0.00, real=0.03 secs] 
4875.918: [GC (Allocation Failure) [PSYoungGen: 491200K->111424K(523264K)] 515636K->269940K(1921536K), 0.0862104 secs] [Times: user=0.51 sys=0.00, real=0.09 secs] 
4877.454: [GC (Allocation Failure) [PSYoungGen: 461632K->143264K(523264K)] 620148K->411544K(1921536K), 0.0534507 secs] [Times: user=0.31 sys=0.01, real=0.05 secs] 
4879.005: [GC (Allocation Failure) [PSYoungGen: 493472K->112288K(522752K)] 761752K->514528K(1921024K), 0.0884153 secs] [Times: user=0.52 sys=0.01, real=0.09 secs] 
4880.481: [GC (Allocation Failure) [PSYoungGen: 463008K->144288K(523264K)] 865248K->655481K(1921536K), 0.0536936 secs] [Times: user=0.32 sys=0.00, real=0.05 secs] 
4882.128: [GC (GCLocker Initiated GC) [PSYoungGen: 495008K->110112K(524288K)] 1006202K->756414K(1922560K), 0.0823471 secs] [Times: user=0.49 sys=0.00, real=0.09 secs] 
4882.938: [GC (Allocation Failure) [PSYoungGen: 460832K->154208K(505344K)] 1107137K->908654K(1903616K), 0.0546392 secs] [Times: user=0.33 sys=0.00, real=0.06 secs] 
4884.981: [GC (Allocation Failure) [PSYoungGen: 504928K->109536K(521728K)] 1259374K->1000942K(1920000K), 0.1442357 secs] [Times: user=0.85 sys=0.01, real=0.14 secs] 
4886.076: [GC (Allocation Failure) [PSYoungGen: 452064K->145728K(519680K)] 1343470K->1143289K(1917952K), 0.0534270 secs] [Times: user=0.31 sys=0.00, real=0.05 secs] 
4887.922: [GC (Allocation Failure) [PSYoungGen: 488256K->105632K(520704K)] 1485817K->1240405K(1918976K), 0.0962173 secs] [Times: user=0.56 sys=0.00, real=0.09 secs] 
4889.335: [GC (Allocation Failure) [PSYoungGen: 447136K->141632K(519680K)] 1581909K->1377818K(1917952K), 0.0518935 secs] [Times: user=0.30 sys=0.00, real=0.05 secs] 
4889.387: [Full GC (Ergonomics) [PSYoungGen: 141632K->0K(519680K)] [ParOldGen: 1236186K->179999K(1398272K)] 1377818K->179999K(1917952K), [Metaspace: 60475K->60475K(1105920K)], 0.4300913 secs] [Times: user=1.99 sys=0.00, real=0.43 secs] 
4891.531: [GC (Allocation Failure) [PSYoungGen: 341504K->103648K(519168K)] 521503K->283647K(1917440K), 0.0546119 secs] [Times: user=0.32 sys=0.01, real=0.05 secs] 
4892.975: [GC (GCLocker Initiated GC) [PSYoungGen: 445664K->139616K(519680K)] 625663K->421046K(1917952K), 0.0520951 secs] [Times: user=0.30 sys=0.00, real=0.05 secs] 
4894.778: [GC (Allocation Failure) [PSYoungGen: 481632K->107168K(518144K)] 763065K->519037K(1916416K), 0.1629429 secs] [Times: user=0.97 sys=0.00, real=0.17 secs] 
4896.610: [GC (Allocation Failure) [PSYoungGen: 450720K->140288K(519680K)] 862589K->656809K(1917952K), 0.0525290 secs] [Times: user=0.31 sys=0.00, real=0.05 secs] 
4898.037: [GC (Allocation Failure) [PSYoungGen: 483840K->108000K(519168K)] 1000361K->755545K(1917440K), 0.0658672 secs] [Times: user=0.39 sys=0.01, real=0.07 secs] 
4899.703: [GC (Allocation Failure) [PSYoungGen: 454112K->141216K(520704K)] 1101657K->893870K(1918976K), 0.0538198 secs] [Times: user=0.32 sys=0.00, real=0.05 secs] 
4901.037: [GC (Allocation Failure) [PSYoungGen: 487328K->110752K(520704K)] 1239982K->995114K(1918976K), 0.0653231 secs] [Times: user=0.39 sys=0.00, real=0.07 secs] 
4901.942: [GC (GCLocker Initiated GC) [PSYoungGen: 458912K->145184K(521728K)] 1343274K->1138587K(1920000K), 0.0610117 secs] [Times: user=0.36 sys=0.00, real=0.06 secs] 
4903.922: [GC (Allocation Failure) [PSYoungGen: 493344K->105216K(523776K)] 1486749K->1235389K(1922048K), 0.1026950 secs] [Times: user=0.60 sys=0.01, real=0.10 secs] 
4905.259: [GC (Allocation Failure) [PSYoungGen: 452352K->145600K(493056K)] 1582525K->1377762K(1891328K), 0.0541965 secs] [Times: user=0.32 sys=0.00, real=0.06 secs] 
4907.004: [GC (GCLocker Initiated GC) [PSYoungGen: 492736K->104736K(522240K)] 1724898K->1473594K(1920512K), 0.1410689 secs] [Times: user=0.84 sys=0.00, real=0.14 secs] 
4907.145: [Full GC (Ergonomics) [PSYoungGen: 104736K->0K(522240K)] [ParOldGen: 1368858K->34008K(1398272K)] 1473594K->34008K(1920512K), [Metaspace: 60475K->60475K(1105920K)], 0.0918216 secs] [Times: user=0.34 sys=0.00, real=0.09 secs] 
4908.457: [GC (Allocation Failure) [PSYoungGen: 344576K->142784K(487424K)] 378587K->176795K(1885696K), 0.0285649 secs] [Times: user=0.17 sys=0.01, real=0.03 secs] 
4910.571: [GC (Allocation Failure) [PSYoungGen: 487360K->107456K(522752K)] 521371K->275195K(1921024K), 0.1025809 secs] [Times: user=0.61 sys=0.00, real=0.10 secs] 
4911.426: [GC (Allocation Failure) [PSYoungGen: 452032K->141600K(520704K)] 619771K->414659K(1918976K), 0.0531869 secs] [Times: user=0.31 sys=0.00, real=0.05 secs] 
4912.864: [GC (Allocation Failure) [PSYoungGen: 486176K->109216K(519680K)] 759235K->514748K(1917952K), 0.0821247 secs] [Times: user=0.49 sys=0.01, real=0.08 secs] 
4914.156: [GC (Allocation Failure) [PSYoungGen: 454816K->141696K(520704K)] 860348K->653624K(1918976K), 0.0524526 secs] [Times: user=0.31 sys=0.00, real=0.05 secs] 
4915.803: [GC (Allocation Failure) [PSYoungGen: 487296K->108992K(521216K)] 999224K->753168K(1919488K), 0.0949379 secs] [Times: user=0.56 sys=0.00, real=0.09 secs] 
4917.708: [GC (Allocation Failure) [PSYoungGen: 456128K->141696K(521728K)] 1100304K->892613K(1920000K), 0.0540038 secs] [Times: user=0.32 sys=0.00, real=0.06 secs] 
4919.532: [GC (GCLocker Initiated GC) [PSYoungGen: 488832K->109088K(521216K)] 1239750K->992850K(1919488K), 0.0926946 secs] [Times: user=0.55 sys=0.00, real=0.09 secs] 
4921.429: [GC (Allocation Failure) [PSYoungGen: 457760K->142368K(522240K)] 1341529K->1132261K(1920512K), 0.0534676 secs] [Times: user=0.32 sys=0.00, real=0.06 secs] 
4922.752: [GC (Allocation Failure) [PSYoungGen: 491040K->109600K(523264K)] 1480933K->1232349K(1921536K), 0.0667946 secs] [Times: user=0.40 sys=0.00, real=0.06 secs] 
4923.854: [GC (Allocation Failure) [PSYoungGen: 459296K->143456K(523264K)] 1582045K->1372986K(1921536K), 0.0538638 secs] [Times: user=0.32 sys=0.00, real=0.05 secs] 
4925.505: [GC (Allocation Failure) [PSYoungGen: 493152K->111392K(522240K)] 1722682K->1475346K(1920512K), 0.0912802 secs] [Times: user=0.55 sys=0.00, real=0.09 secs] 
4925.597: [Full GC (Ergonomics) [PSYoungGen: 111392K->0K(522240K)] [ParOldGen: 1363954K->41859K(1398272K)] 1475346K->41859K(1920512K), [Metaspace: 60476K->60476K(1105920K)], 0.0824914 secs] [Times: user=0.31 sys=0.00, real=0.08 secs] 
4926.743: [GC (Allocation Failure) [PSYoungGen: 349696K->146336K(522752K)] 391555K->188195K(1921024K), 0.0297460 secs] [Times: user=0.17 sys=0.00, real=0.03 secs] 
4928.706: [GC (Allocation Failure) [PSYoungGen: 496032K->108160K(524288K)] 537891K->287267K(1922560K), 0.0965228 secs] [Times: user=0.57 sys=0.00, real=0.10 secs] 
4930.346: [GC (Allocation Failure) [PSYoungGen: 456320K->144256K(492544K)] 635427K->427376K(1890816K), 0.0514711 secs] [Times: user=0.31 sys=0.00, real=0.05 secs] 
4932.068: [GC (Allocation Failure) [PSYoungGen: 492416K->108128K(523776K)] 775536K->526244K(1922048K), 0.0659042 secs] [Times: user=0.38 sys=0.00, real=0.07 secs] 
4932.735: [GC (Allocation Failure) [PSYoungGen: 455264K->146560K(494080K)] 873380K->669356K(1892352K), 0.0529064 secs] [Times: user=0.31 sys=0.00, real=0.05 secs] 
4934.703: [GC (Allocation Failure) [PSYoungGen: 493696K->108096K(522752K)] 1016492K->768461K(1921024K), 0.1326484 secs] [Times: user=0.78 sys=0.00, real=0.13 secs] 
4935.972: [GC (Allocation Failure) [PSYoungGen: 452672K->146592K(491520K)] 1113037K->911588K(1889792K), 0.0533978 secs] [Times: user=0.31 sys=0.00, real=0.05 secs] 
4937.708: [GC (Allocation Failure) [PSYoungGen: 491168K->105984K(521216K)] 1256164K->1009212K(1919488K), 0.0672154 secs] [Times: user=0.40 sys=0.00, real=0.07 secs] 
4938.429: [GC (Allocation Failure) [PSYoungGen: 448000K->146336K(488448K)] 1351228K->1151397K(1886720K), 0.0520389 secs] [Times: user=0.31 sys=0.00, real=0.06 secs] 
4940.364: [GC (GCLocker Initiated GC) [PSYoungGen: 488352K->103200K(519680K)] 1493413K->1245889K(1917952K), 0.1386537 secs] [Times: user=0.71 sys=0.00, real=0.14 secs] 
4941.168: [GC (Allocation Failure) [PSYoungGen: 442656K->144224K(483840K)] 1585347K->1387096K(1882112K), 0.0508881 secs] [Times: user=0.30 sys=0.00, real=0.05 secs] 
4941.219: [Full GC (Ergonomics) [PSYoungGen: 144224K->0K(483840K)] [ParOldGen: 1242872K->189387K(1398272K)] 1387096K->189387K(1882112K), [Metaspace: 60493K->60493K(1105920K)], 0.4628831 secs] [Times: user=2.15 sys=0.00, real=0.47 secs] 
4945.515: [GC (Allocation Failure) [PSYoungGen: 339456K->101152K(519168K)] 528843K->290539K(1917440K), 0.0436073 secs] [Times: user=0.25 sys=0.00, real=0.04 secs] 
4946.987: [GC (Allocation Failure) [PSYoungGen: 439584K->141216K(518144K)] 628971K->425848K(1916416K), 0.0491362 secs] [Times: user=0.29 sys=0.00, real=0.05 secs] 
4948.415: [GC (Allocation Failure) [PSYoungGen: 479648K->103968K(516096K)] 764280K->520496K(1914368K), 0.0718198 secs] [Times: user=0.43 sys=0.00, real=0.07 secs] 
4950.328: [GC (Allocation Failure) [PSYoungGen: 442400K->138816K(517120K)] 858928K->655845K(1915392K), 0.0514603 secs] [Times: user=0.30 sys=0.00, real=0.05 secs] 
4951.661: [GC (Allocation Failure) [PSYoungGen: 477248K->108032K(516096K)] 994277K->754017K(1914368K), 0.0763585 secs] [Times: user=0.45 sys=0.00, real=0.07 secs] 
4953.060: [GC (GCLocker Initiated GC) [PSYoungGen: 449536K->139904K(518144K)] 1095521K->892150K(1916416K), 0.0827067 secs] [Times: user=0.49 sys=0.00, real=0.09 secs] 
4954.520: [GC (Allocation Failure) [PSYoungGen: 481408K->109152K(517632K)] 1233657K->992609K(1915904K), 0.0648702 secs] [Times: user=0.38 sys=0.00, real=0.06 secs] 
4956.323: [GC (Allocation Failure) [PSYoungGen: 454240K->140224K(519680K)] 1337697K->1129966K(1917952K), 0.0537611 secs] [Times: user=0.31 sys=0.01, real=0.05 secs] 
4957.797: [GC (Allocation Failure) [PSYoungGen: 485312K->109120K(521216K)] 1475054K->1229582K(1919488K), 0.0682892 secs] [Times: user=0.40 sys=0.00, real=0.07 secs] 
4959.042: [GC (Allocation Failure) [PSYoungGen: 457792K->142848K(522240K)] 1578254K->1370687K(1920512K), 0.0544013 secs] [Times: user=0.32 sys=0.00, real=0.05 secs] 
4960.465: [GC (Allocation Failure) [PSYoungGen: 491520K->110496K(522240K)] 1719359K->1471799K(1920512K), 0.0855853 secs] [Times: user=0.51 sys=0.00, real=0.09 secs] 
4960.550: [Full GC (Ergonomics) [PSYoungGen: 110496K->0K(522240K)] [ParOldGen: 1361303K->32671K(1398272K)] 1471799K->32671K(1920512K), [Metaspace: 60493K->60493K(1105920K)], 0.0603592 secs] [Times: user=0.21 sys=0.00, real=0.06 secs] 
4962.164: [GC (Allocation Failure) [PSYoungGen: 349696K->145408K(522752K)] 382367K->178079K(1921024K), 0.0395479 secs] [Times: user=0.23 sys=0.00, real=0.04 secs] 
4963.928: [GC (GCLocker Initiated GC) [PSYoungGen: 495104K->106624K(524288K)] 527776K->276296K(1922560K), 0.0920921 secs] [Times: user=0.54 sys=0.01, real=0.10 secs] 
4965.375: [GC (Allocation Failure) [PSYoungGen: 454784K->143968K(492544K)] 624527K->416924K(1890816K), 0.0523541 secs] [Times: user=0.31 sys=0.00, real=0.05 secs] 
4967.028: [GC (Allocation Failure) [PSYoungGen: 492128K->109664K(524288K)] 765084K->517296K(1922560K), 0.0688015 secs] [Times: user=0.40 sys=0.00, real=0.07 secs] 
4968.541: [GC (Allocation Failure) [PSYoungGen: 456800K->142720K(521728K)] 864432K->657229K(1920000K), 0.0533173 secs] [Times: user=0.32 sys=0.00, real=0.05 secs] 
4970.234: [GC (GCLocker Initiated GC) [PSYoungGen: 489856K->108032K(522240K)] 1004365K->756341K(1920512K), 0.0986825 secs] [Times: user=0.58 sys=0.00, real=0.10 secs] 
4972.234: [GC (Allocation Failure) [PSYoungGen: 455680K->143360K(522240K)] 1104060K->896845K(1920512K), 0.0533010 secs] [Times: user=0.31 sys=0.00, real=0.05 secs] 
4973.557: [GC (Allocation Failure) [PSYoungGen: 491008K->109344K(522240K)] 1244493K->997189K(1920512K), 0.0656454 secs] [Times: user=0.39 sys=0.00, real=0.07 secs] 
4974.266: [GC (Allocation Failure) [PSYoungGen: 456992K->142784K(522240K)] 1344837K->1137289K(1920512K), 0.0535287 secs] [Times: user=0.31 sys=0.00, real=0.05 secs] 
4976.109: [GC (Allocation Failure) [PSYoungGen: 490432K->110336K(521728K)] 1484937K->1237929K(1920000K), 0.0996157 secs] [Times: user=0.59 sys=0.00, real=0.10 secs] 
4977.232: [GC (Allocation Failure) [PSYoungGen: 458496K->146208K(494592K)] 1586089K->1380134K(1892864K), 0.0545862 secs] [Times: user=0.32 sys=0.00, real=0.05 secs] 
4977.287: [Full GC (Ergonomics) [PSYoungGen: 146208K->0K(494592K)] [ParOldGen: 1233926K->184358K(1398272K)] 1380134K->184358K(1892864K), [Metaspace: 60495K->60495K(1105920K)], 0.4520956 secs] [Times: user=2.11 sys=0.01, real=0.45 secs] 
4979.353: [GC (Allocation Failure) [PSYoungGen: 348160K->110560K(524288K)] 532518K->294918K(1922560K), 0.1004973 secs] [Times: user=0.59 sys=0.00, real=0.10 secs] 
4980.403: [GC (Allocation Failure) [PSYoungGen: 457696K->146560K(494080K)] 642054K->437339K(1892352K), 0.0537502 secs] [Times: user=0.31 sys=0.01, real=0.05 secs] 
4982.280: [GC (Allocation Failure) [PSYoungGen: 493696K->105280K(522240K)] 784475K->533619K(1920512K), 0.1170331 secs] [Times: user=0.69 sys=0.01, real=0.11 secs] 
4984.269: [GC (Allocation Failure) [PSYoungGen: 449856K->143424K(488448K)] 878195K->672876K(1886720K), 0.0517376 secs] [Times: user=0.30 sys=0.00, real=0.06 secs] 
4986.085: [GC (Allocation Failure) [PSYoungGen: 488000K->108480K(522752K)] 1017452K->772600K(1921024K), 0.1041027 secs] [Times: user=0.61 sys=0.00, real=0.10 secs] 
4987.255: [GC (Allocation Failure) [PSYoungGen: 453056K->143552K(520704K)] 1117176K->912373K(1918976K), 0.0530771 secs] [Times: user=0.32 sys=0.00, real=0.05 secs] 
4988.737: [GC (Allocation Failure) [PSYoungGen: 488128K->108256K(520704K)] 1256949K->1011289K(1918976K), 0.1157800 secs] [Times: user=0.68 sys=0.00, real=0.12 secs] 
4989.432: [GC (Allocation Failure) [PSYoungGen: 452832K->147104K(492032K)] 1355865K->1154566K(1890304K), 0.0531464 secs] [Times: user=0.32 sys=0.00, real=0.05 secs] 
4991.613: [GC (Allocation Failure) [PSYoungGen: 491680K->104576K(521216K)] 1499142K->1250426K(1919488K), 0.1261571 secs] [Times: user=0.64 sys=0.01, real=0.12 secs] 
4992.466: [GC (Allocation Failure) [PSYoungGen: 446592K->144384K(486912K)] 1592442K->1391199K(1885184K), 0.0519661 secs] [Times: user=0.31 sys=0.00, real=0.05 secs] 
4992.518: [Full GC (Ergonomics) [PSYoungGen: 144384K->0K(486912K)] [ParOldGen: 1246815K->188919K(1398272K)] 1391199K->188919K(1885184K), [Metaspace: 60495K->60495K(1105920K)], 0.4619133 secs] [Times: user=2.16 sys=0.00, real=0.47 secs] 
4994.833: [GC (Allocation Failure) [PSYoungGen: 342016K->104992K(520704K)] 530935K->293911K(1918976K), 0.0590201 secs] [Times: user=0.35 sys=0.00, real=0.06 secs] 
4995.724: [GC (Allocation Failure) [PSYoungGen: 445984K->143648K(519168K)] 634903K->434356K(1917440K), 0.0514015 secs] [Times: user=0.30 sys=0.01, real=0.05 secs] 
4997.310: [GC (GCLocker Initiated GC) [PSYoungGen: 484640K->106688K(519168K)] 775349K->532021K(1917440K), 0.0936342 secs] [Times: user=0.55 sys=0.01, real=0.10 secs] 
4998.836: [GC (Allocation Failure) [PSYoungGen: 447680K->140928K(519168K)] 873083K->668656K(1917440K), 0.0511123 secs] [Times: user=0.30 sys=0.00, real=0.05 secs] 
5000.640: [GC (Allocation Failure) [PSYoungGen: 481920K->106464K(517120K)] 1009648K->766264K(1915392K), 0.1292606 secs] [Times: user=0.76 sys=0.00, real=0.13 secs] 
5001.741: [GC (Allocation Failure) [PSYoungGen: 448480K->143392K(518656K)] 1108280K->905833K(1916928K), 0.0531774 secs] [Times: user=0.31 sys=0.00, real=0.05 secs] 
5004.311: [GC (Allocation Failure) [PSYoungGen: 485408K->105184K(520704K)] 1247849K->1001961K(1918976K), 0.0932250 secs] [Times: user=0.54 sys=0.01, real=0.09 secs] 
5006.029: [GC (Allocation Failure) [PSYoungGen: 448224K->142432K(520192K)] 1345001K->1141086K(1918464K), 0.0527989 secs] [Times: user=0.31 sys=0.00, real=0.06 secs] 
5007.368: [GC (Allocation Failure) [PSYoungGen: 485472K->105664K(519168K)] 1484126K->1237302K(1917440K), 0.0652851 secs] [Times: user=0.39 sys=0.00, real=0.07 secs] 
5008.798: [GC (Allocation Failure) [PSYoungGen: 448704K->141120K(519680K)] 1580342K->1374885K(1917952K), 0.0533897 secs] [Times: user=0.32 sys=0.00, real=0.06 secs] 
5008.852: [Full GC (Ergonomics) [PSYoungGen: 141120K->0K(519680K)] [ParOldGen: 1233765K->173143K(1398272K)] 1374885K->173143K(1917952K), [Metaspace: 60495K->60495K(1105920K)], 0.4113473 secs] [Times: user=1.90 sys=0.00, real=0.41 secs] 
5010.638: [GC (Allocation Failure) [PSYoungGen: 343040K->109728K(519168K)] 516183K->282871K(1917440K), 0.0574048 secs] [Times: user=0.34 sys=0.00, real=0.06 secs] 
5012.029: [GC (Allocation Failure) [PSYoungGen: 454304K->142592K(520192K)] 627447K->423232K(1918464K), 0.0569438 secs] [Times: user=0.31 sys=0.00, real=0.06 secs] 
5013.633: [GC (Allocation Failure) [PSYoungGen: 487168K->109152K(520704K)] 767808K->523256K(1918976K), 0.0669280 secs] [Times: user=0.39 sys=0.00, real=0.06 secs] 
5015.062: [GC (Allocation Failure) [PSYoungGen: 455264K->142912K(521216K)] 869368K->663668K(1919488K), 0.0537706 secs] [Times: user=0.32 sys=0.00, real=0.05 secs] 
5016.689: [GC (Allocation Failure) [PSYoungGen: 489024K->108832K(521216K)] 1009780K->763436K(1919488K), 0.1118850 secs] [Times: user=0.66 sys=0.00, real=0.12 secs] 
5018.069: [GC (Allocation Failure) [PSYoungGen: 455968K->144000K(521728K)] 1110572K->904233K(1920000K), 0.0533798 secs] [Times: user=0.31 sys=0.00, real=0.06 secs] 
5019.458: [GC (Allocation Failure) [PSYoungGen: 491136K->110208K(521728K)] 1251369K->1005425K(1920000K), 0.0683464 secs] [Times: user=0.40 sys=0.00, real=0.07 secs] 
5021.153: [GC (Allocation Failure) [PSYoungGen: 457344K->144032K(521728K)] 1352561K->1145566K(1920000K), 0.0538050 secs] [Times: user=0.32 sys=0.00, real=0.05 secs] 
5022.675: [GC (Allocation Failure) [PSYoungGen: 491168K->109856K(522240K)] 1492702K->1246046K(1920512K), 0.0986792 secs] [Times: user=0.59 sys=0.00, real=0.10 secs] 
5023.646: [GC (Allocation Failure) [PSYoungGen: 457504K->146336K(494080K)] 1593694K->1388619K(1892352K), 0.0540601 secs] [Times: user=0.31 sys=0.00, real=0.06 secs] 
5023.700: [Full GC (Ergonomics) [PSYoungGen: 146336K->0K(494080K)] [ParOldGen: 1242283K->185857K(1398272K)] 1388619K->185857K(1892352K), [Metaspace: 60495K->60495K(1105920K)], 0.4448156 secs] [Times: user=2.07 sys=0.00, real=0.44 secs] 
5025.447: [GC (Allocation Failure) [PSYoungGen: 347648K->105920K(522752K)] 533505K->291777K(1921024K), 0.0361505 secs] [Times: user=0.21 sys=0.00, real=0.04 secs] 
5026.650: [GC (Allocation Failure) [PSYoungGen: 451008K->145120K(490496K)] 636865K->432790K(1888768K), 0.0520188 secs] [Times: user=0.31 sys=0.00, real=0.06 secs] 
5028.307: [GC (Allocation Failure) [PSYoungGen: 490208K->106560K(521728K)] 777878K->530374K(1920000K), 0.0907013 secs] [Times: user=0.54 sys=0.00, real=0.09 secs] 
5029.819: [GC (Allocation Failure) [PSYoungGen: 449600K->142112K(520192K)] 873414K->669387K(1918464K), 0.0530211 secs] [Times: user=0.31 sys=0.00, real=0.06 secs] 
5031.816: [GC (Allocation Failure) [PSYoungGen: 485152K->106432K(519680K)] 1012427K->766679K(1917952K), 0.0921035 secs] [Times: user=0.54 sys=0.00, real=0.09 secs] 
5032.569: [GC (Allocation Failure) [PSYoungGen: 449984K->144288K(520192K)] 1110231K->907340K(1918464K), 0.0546916 secs] [Times: user=0.28 sys=0.00, real=0.06 secs] 
5034.288: [GC (Allocation Failure) [PSYoungGen: 487840K->106752K(520192K)] 1250892K->1004892K(1918464K), 0.0777339 secs] [Times: user=0.46 sys=0.01, real=0.08 secs] 
5035.226: [GC (GCLocker Initiated GC) [PSYoungGen: 450304K->143232K(520192K)] 1348444K->1143895K(1918464K), 0.0530168 secs] [Times: user=0.31 sys=0.01, real=0.05 secs] 
5036.722: [GC (Allocation Failure) [PSYoungGen: 486784K->107392K(520704K)] 1487452K->1242052K(1918976K), 0.0963933 secs] [Times: user=0.57 sys=0.00, real=0.09 secs] 
5038.292: [GC (Allocation Failure) [PSYoungGen: 451456K->143936K(488448K)] 1586116K->1386272K(1886720K), 0.0523888 secs] [Times: user=0.31 sys=0.00, real=0.05 secs] 
5038.344: [Full GC (Ergonomics) [PSYoungGen: 143936K->0K(488448K)] [ParOldGen: 1242336K->181789K(1398272K)] 1386272K->181789K(1886720K), [Metaspace: 60561K->60561K(1105920K)], 0.4503823 secs] [Times: user=2.12 sys=0.01, real=0.45 secs] 
5040.130: [GC (Allocation Failure) [PSYoungGen: 344064K->108512K(522240K)] 525853K->290302K(1920512K), 0.0456892 secs] [Times: user=0.27 sys=0.00, real=0.05 secs] 
5040.986: [GC (Allocation Failure) [PSYoungGen: 452064K->145280K(520192K)] 633854K->431514K(1918464K), 0.0533918 secs] [Times: user=0.31 sys=0.00, real=0.05 secs] 
5042.638: [GC (Allocation Failure) [PSYoungGen: 488832K->105824K(520704K)] 775066K->528062K(1918976K), 0.1229767 secs] [Times: user=0.73 sys=0.00, real=0.13 secs] 
5043.622: [GC (Allocation Failure) [PSYoungGen: 448864K->144384K(487936K)] 871102K->668279K(1886208K), 0.0517008 secs] [Times: user=0.31 sys=0.00, real=0.05 secs] 
5044.977: [GC (Allocation Failure) [PSYoungGen: 487424K->108416K(521728K)] 1011319K->767375K(1920000K), 0.0644571 secs] [Times: user=0.38 sys=0.00, real=0.07 secs] 
5046.330: [GC (Allocation Failure) [PSYoungGen: 450944K->143008K(519680K)] 1109903K->907591K(1917952K), 0.0537099 secs] [Times: user=0.32 sys=0.00, real=0.06 secs] 
5048.288: [GC (Allocation Failure) [PSYoungGen: 485536K->106304K(520192K)] 1250119K->1005231K(1918464K), 0.0664838 secs] [Times: user=0.39 sys=0.00, real=0.07 secs] 
5049.572: [GC (Allocation Failure) [PSYoungGen: 449344K->151872K(495104K)] 1348271K->1153460K(1893376K), 0.0533564 secs] [Times: user=0.31 sys=0.00, real=0.05 secs] 
5050.869: [GC (Allocation Failure) [PSYoungGen: 494912K->107328K(519168K)] 1496500K->1243348K(1917440K), 0.0663633 secs] [Times: user=0.39 sys=0.00, real=0.07 secs] 
5052.192: [GC (Allocation Failure) [PSYoungGen: 444736K->138720K(476160K)] 1580756K->1378192K(1874432K), 0.0528962 secs] [Times: user=0.31 sys=0.00, real=0.05 secs] 
5052.245: [Full GC (Ergonomics) [PSYoungGen: 138720K->0K(476160K)] [ParOldGen: 1239472K->176374K(1398272K)] 1378192K->176374K(1874432K), [Metaspace: 60561K->60561K(1105920K)], 0.4296991 secs] [Times: user=2.00 sys=0.00, real=0.43 secs] 
5054.033: [GC (Allocation Failure) [PSYoungGen: 337408K->108352K(518656K)] 513782K->284726K(1916928K), 0.0383514 secs] [Times: user=0.23 sys=0.00, real=0.04 secs] 
5054.839: [GC (Allocation Failure) [PSYoungGen: 447808K->140672K(516608K)] 624182K->423063K(1914880K), 0.0537937 secs] [Times: user=0.32 sys=0.01, real=0.06 secs] 
5056.228: [GC (Allocation Failure) [PSYoungGen: 480128K->106080K(520192K)] 762519K->519983K(1918464K), 0.0636044 secs] [Times: user=0.38 sys=0.00, real=0.07 secs] 
5057.454: [GC (GCLocker Initiated GC) [PSYoungGen: 450144K->141600K(520192K)] 864048K->659209K(1918464K), 0.0524730 secs] [Times: user=0.31 sys=0.00, real=0.05 secs] 
5058.816: [GC (Allocation Failure) [PSYoungGen: 485664K->108416K(519168K)] 1003275K->758843K(1917440K), 0.0802218 secs] [Times: user=0.47 sys=0.00, real=0.08 secs] 
5060.149: [GC (Allocation Failure) [PSYoungGen: 453504K->150816K(496128K)] 1103931K->907008K(1894400K), 0.0541417 secs] [Times: user=0.32 sys=0.00, real=0.06 secs] 
5062.577: [GC (Allocation Failure) [PSYoungGen: 495904K->106720K(520704K)] 1252096K->996372K(1918976K), 0.0928302 secs] [Times: user=0.55 sys=0.00, real=0.10 secs] 
5063.877: [GC (GCLocker Initiated GC) [PSYoungGen: 447200K->140672K(518656K)] 1336854K->1135175K(1916928K), 0.0784599 secs] [Times: user=0.46 sys=0.01, real=0.08 secs] 
5066.696: [GC (Allocation Failure) [PSYoungGen: 481152K->106752K(518144K)] 1475656K->1233056K(1916416K), 0.0646147 secs] [Times: user=0.39 sys=0.00, real=0.07 secs] 
5068.849: [GC (Allocation Failure) [PSYoungGen: 448768K->136512K(518656K)] 1575072K->1366780K(1916928K), 0.0532631 secs] [Times: user=0.31 sys=0.00, real=0.06 secs] 
5070.206: [GC (Allocation Failure) [PSYoungGen: 478528K->108864K(518144K)] 1708796K->1466269K(1916416K), 0.0652336 secs] [Times: user=0.39 sys=0.00, real=0.07 secs] 
5070.272: [Full GC (Ergonomics) [PSYoungGen: 108864K->0K(518144K)] [ParOldGen: 1357404K->24669K(1398272K)] 1466269K->24669K(1916416K), [Metaspace: 60561K->60561K(1105920K)], 0.0403731 secs] [Times: user=0.11 sys=0.00, real=0.04 secs] 
5071.737: [GC (GCLocker Initiated GC) [PSYoungGen: 346112K->140256K(520192K)] 370782K->164926K(1918464K), 0.0293907 secs] [Times: user=0.17 sys=0.00, real=0.03 secs] 
5074.100: [GC (Allocation Failure) [PSYoungGen: 486368K->109216K(521728K)] 511040K->265304K(1920000K), 0.0763935 secs] [Times: user=0.46 sys=0.00, real=0.08 secs] 
5076.126: [GC (Allocation Failure) [PSYoungGen: 458912K->140576K(522752K)] 615000K->403759K(1921024K), 0.0524756 secs] [Times: user=0.31 sys=0.00, real=0.05 secs] 
5077.454: [GC (Allocation Failure) [PSYoungGen: 490272K->111872K(521728K)] 753455K->506168K(1920000K), 0.0657832 secs] [Times: user=0.38 sys=0.01, real=0.06 secs] 
5078.948: [GC (Allocation Failure) [PSYoungGen: 463616K->154112K(506368K)] 857912K->657932K(1904640K), 0.0550967 secs] [Times: user=0.32 sys=0.00, real=0.06 secs] 
5080.310: [GC (Allocation Failure) [PSYoungGen: 505856K->111232K(523264K)] 1009676K->751996K(1921536K), 0.0660107 secs] [Times: user=0.39 sys=0.00, real=0.07 secs] 
5081.634: [GC (GCLocker Initiated GC) [PSYoungGen: 456320K->141248K(520704K)] 1097084K->891773K(1918976K), 0.0712322 secs] [Times: user=0.42 sys=0.00, real=0.07 secs] 
5083.148: [GC (Allocation Failure) [PSYoungGen: 486336K->110592K(520704K)] 1236864K->993560K(1918976K), 0.0643797 secs] [Times: user=0.38 sys=0.00, real=0.07 secs] 
5084.828: [GC (Allocation Failure) [PSYoungGen: 457216K->141120K(521216K)] 1340184K->1132181K(1919488K), 0.0541335 secs] [Times: user=0.32 sys=0.01, real=0.06 secs] 
5086.558: [GC (Allocation Failure) [PSYoungGen: 487744K->108288K(521728K)] 1478805K->1231477K(1920000K), 0.0972754 secs] [Times: user=0.58 sys=0.00, real=0.10 secs] 
5088.227: [GC (Allocation Failure) [PSYoungGen: 457472K->142656K(522752K)] 1580661K->1371466K(1921024K), 0.0535309 secs] [Times: user=0.32 sys=0.00, real=0.06 secs] 
5089.839: [GC (Allocation Failure) [PSYoungGen: 491840K->113600K(521728K)] 1720650K->1475642K(1920000K), 0.0922476 secs] [Times: user=0.55 sys=0.00, real=0.10 secs] 
5089.932: [Full GC (Ergonomics) [PSYoungGen: 113600K->0K(521728K)] [ParOldGen: 1362042K->41610K(1398272K)] 1475642K->41610K(1920000K), [Metaspace: 60561K->60561K(1105920K)], 0.0810120 secs] [Times: user=0.30 sys=0.00, real=0.08 secs] 
5090.786: [GC (Allocation Failure) [PSYoungGen: 350208K->146560K(522752K)] 391818K->188170K(1921024K), 0.0296598 secs] [Times: user=0.17 sys=0.00, real=0.03 secs] 
5092.492: [GC (Allocation Failure) [PSYoungGen: 496768K->108704K(524800K)] 538378K->287982K(1923072K), 0.0955282 secs] [Times: user=0.57 sys=0.00, real=0.09 secs] 
5093.280: [GC (Allocation Failure) [PSYoungGen: 457888K->148736K(498176K)] 637166K->433575K(1896448K), 0.0528892 secs] [Times: user=0.31 sys=0.00, real=0.06 secs] 
5095.379: [GC (Allocation Failure) [PSYoungGen: 497920K->104960K(521728K)] 782759K->529943K(1920000K), 0.1613855 secs] [Times: user=0.96 sys=0.00, real=0.17 secs] 
5096.418: [GC (Allocation Failure) [PSYoungGen: 448512K->144480K(488448K)] 873495K->670588K(1886720K), 0.0512489 secs] [Times: user=0.30 sys=0.01, real=0.05 secs] 
5098.632: [GC (Allocation Failure) [PSYoungGen: 488032K->104640K(521216K)] 1014140K->766164K(1919488K), 0.1483724 secs] [Times: user=0.88 sys=0.01, real=0.15 secs] 
5099.543: [GC (Allocation Failure) [PSYoungGen: 447168K->144000K(486912K)] 1108692K->906813K(1885184K), 0.0520127 secs] [Times: user=0.31 sys=0.00, real=0.05 secs] 
5101.499: [GC (Allocation Failure) [PSYoungGen: 486528K->106784K(521216K)] 1249341K->1004733K(1919488K), 0.1178046 secs] [Times: user=0.70 sys=0.00, real=0.12 secs] 
5102.196: [GC (Allocation Failure) [PSYoungGen: 448800K->144864K(486912K)] 1346749K->1145322K(1885184K), 0.0524196 secs] [Times: user=0.31 sys=0.00, real=0.05 secs] 
5104.136: [GC (Allocation Failure) [PSYoungGen: 486880K->105312K(520704K)] 1487338K->1241470K(1918976K), 0.1593161 secs] [Times: user=0.92 sys=0.00, real=0.16 secs] 
5105.742: [GC (Allocation Failure) [PSYoungGen: 446304K->141760K(519168K)] 1582462K->1379411K(1917440K), 0.0524293 secs] [Times: user=0.31 sys=0.00, real=0.05 secs] 
5105.794: [Full GC (Ergonomics) [PSYoungGen: 141760K->0K(519168K)] [ParOldGen: 1237651K->182399K(1398272K)] 1379411K->182399K(1917440K), [Metaspace: 60561K->60561K(1105920K)], 0.4440264 secs] [Times: user=2.06 sys=0.00, real=0.44 secs] 
5107.875: [GC (Allocation Failure) [PSYoungGen: 340992K->105984K(517632K)] 523391K->288384K(1915904K), 0.0909378 secs] [Times: user=0.54 sys=0.00, real=0.09 secs] 
5109.649: [GC (GCLocker Initiated GC) [PSYoungGen: 447488K->142240K(518656K)] 629888K->427019K(1916928K), 0.0522037 secs] [Times: user=0.30 sys=0.00, real=0.06 secs] 
5111.397: [GC (Allocation Failure) [PSYoungGen: 483744K->106752K(519168K)] 768526K->524754K(1917440K), 0.1522761 secs] [Times: user=0.90 sys=0.00, real=0.15 secs] 
5112.784: [GC (Allocation Failure) [PSYoungGen: 449792K->141024K(519680K)] 867794K->662235K(1917952K), 0.0525648 secs] [Times: user=0.30 sys=0.00, real=0.05 secs] 
5114.200: [GC (Allocation Failure) [PSYoungGen: 484064K->108896K(519168K)] 1005275K->761835K(1917440K), 0.0783489 secs] [Times: user=0.47 sys=0.01, real=0.07 secs] 
5115.163: [GC (Allocation Failure) [PSYoungGen: 453472K->144576K(520192K)] 1106411K->904368K(1918464K), 0.0539263 secs] [Times: user=0.32 sys=0.00, real=0.05 secs] 
5117.575: [GC (Allocation Failure) [PSYoungGen: 489152K->105824K(521728K)] 1248944K->1001856K(1920000K), 0.0920738 secs] [Times: user=0.55 sys=0.00, real=0.09 secs] 
5119.091: [GC (Allocation Failure) [PSYoungGen: 450912K->144448K(489984K)] 1346944K->1143173K(1888256K), 0.0535325 secs] [Times: user=0.31 sys=0.00, real=0.05 secs] 
5120.493: [GC (Allocation Failure) [PSYoungGen: 489536K->108576K(522752K)] 1488261K->1242833K(1921024K), 0.0698538 secs] [Times: user=0.42 sys=0.00, real=0.07 secs] 
5122.167: [GC (Allocation Failure) [PSYoungGen: 452640K->142912K(520192K)] 1586897K->1381869K(1918464K), 0.0544866 secs] [Times: user=0.33 sys=0.00, real=0.06 secs] 
5122.221: [Full GC (Ergonomics) [PSYoungGen: 142912K->0K(520192K)] [ParOldGen: 1238957K->180236K(1398272K)] 1381869K->180236K(1918464K), [Metaspace: 60561K->60561K(1105920K)], 0.4426272 secs] [Times: user=2.06 sys=0.00, real=0.44 secs] 
5123.970: [GC (Allocation Failure) [PSYoungGen: 344064K->106944K(520704K)] 524300K->287180K(1918976K), 0.0342103 secs] [Times: user=0.20 sys=0.00, real=0.03 secs] 
5125.542: [GC (GCLocker Initiated GC) [PSYoungGen: 451520K->143648K(520704K)] 631758K->428283K(1918976K), 0.0534176 secs] [Times: user=0.32 sys=0.00, real=0.05 secs] 
5127.410: [GC (Allocation Failure) [PSYoungGen: 488224K->111296K(519680K)] 772863K->531167K(1917952K), 0.0872713 secs] [Times: user=0.52 sys=0.00, real=0.09 secs] 
5128.779: [GC (Allocation Failure) [PSYoungGen: 455872K->151872K(496640K)] 875743K->679420K(1894912K), 0.0517950 secs] [Times: user=0.31 sys=0.00, real=0.06 secs] 
5130.093: [GC (Allocation Failure) [PSYoungGen: 496448K->105504K(519680K)] 1023996K->767708K(1917952K), 0.0666160 secs] [Times: user=0.39 sys=0.01, real=0.06 secs] 
5131.649: [GC (Allocation Failure) [PSYoungGen: 444448K->139680K(478720K)] 1106652K->903609K(1876992K), 0.0519950 secs] [Times: user=0.31 sys=0.00, real=0.06 secs] 
5133.012: [GC (Allocation Failure) [PSYoungGen: 478624K->109600K(519680K)] 1242553K->1003585K(1917952K), 0.0881942 secs] [Times: user=0.53 sys=0.00, real=0.09 secs] 
5134.377: [GC (Allocation Failure) [PSYoungGen: 450592K->140704K(517632K)] 1344577K->1142010K(1915904K), 0.0551649 secs] [Times: user=0.32 sys=0.00, real=0.06 secs] 
5135.751: [GC (Allocation Failure) [PSYoungGen: 481696K->107360K(520704K)] 1483002K->1240466K(1918976K), 0.0887618 secs] [Times: user=0.53 sys=0.00, real=0.08 secs] 
5136.961: [GC (GCLocker Initiated GC) [PSYoungGen: 452448K->141184K(520704K)] 1585554K->1379402K(1918976K), 0.0540540 secs] [Times: user=0.32 sys=0.00, real=0.05 secs] 
5137.015: [Full GC (Ergonomics) [PSYoungGen: 141184K->0K(520704K)] [ParOldGen: 1238218K->173795K(1398272K)] 1379402K->173795K(1918976K), [Metaspace: 60598K->60598K(1105920K)], 0.4232556 secs] [Times: user=1.96 sys=0.00, real=0.42 secs] 
5138.691: [GC (Allocation Failure) [PSYoungGen: 345088K->109920K(520192K)] 518886K->283718K(1918464K), 0.0355062 secs] [Times: user=0.21 sys=0.00, real=0.03 secs] 
5139.433: [GC (Allocation Failure) [PSYoungGen: 456544K->144096K(521216K)] 630342K->425585K(1919488K), 0.0549654 secs] [Times: user=0.32 sys=0.00, real=0.05 secs] 
5141.158: [GC (Allocation Failure) [PSYoungGen: 490720K->108448K(522240K)] 772209K->524974K(1920512K), 0.1089416 secs] [Times: user=0.65 sys=0.00, real=0.11 secs] 
5142.642: [GC (Allocation Failure) [PSYoungGen: 456096K->143264K(522240K)] 872622K->666050K(1920512K), 0.0531708 secs] [Times: user=0.32 sys=0.00, real=0.05 secs] 
5144.638: [GC (Allocation Failure) [PSYoungGen: 490912K->108544K(522240K)] 1013698K->766130K(1920512K), 0.1043364 secs] [Times: user=0.50 sys=0.00, real=0.11 secs] 
5145.754: [GC (Allocation Failure) [PSYoungGen: 456192K->146656K(494592K)] 1113778K->909535K(1892864K), 0.0569319 secs] [Times: user=0.33 sys=0.00, real=0.06 secs] 
5147.398: [GC (GCLocker Initiated GC) [PSYoungGen: 494304K->106912K(522752K)] 1257183K->1008007K(1921024K), 0.1070450 secs] [Times: user=0.63 sys=0.00, real=0.11 secs] 
5148.601: [GC (Allocation Failure) [PSYoungGen: 452000K->143776K(488960K)] 1353098K->1148071K(1887232K), 0.0527417 secs] [Times: user=0.31 sys=0.00, real=0.05 secs] 
5150.408: [GC (Allocation Failure) [PSYoungGen: 488864K->108640K(522752K)] 1493159K->1247551K(1921024K), 0.0667104 secs] [Times: user=0.39 sys=0.00, real=0.07 secs] 
5151.847: [GC (Allocation Failure) [PSYoungGen: 453216K->143328K(520704K)] 1592127K->1387084K(1918976K), 0.0536876 secs] [Times: user=0.32 sys=0.00, real=0.06 secs] 
5151.901: [Full GC (Ergonomics) [PSYoungGen: 143328K->0K(520704K)] [ParOldGen: 1243756K->184101K(1398272K)] 1387084K->184101K(1918976K), [Metaspace: 60598K->60598K(1105920K)], 0.4512438 secs] [Times: user=2.10 sys=0.00, real=0.45 secs] 
5154.313: [GC (GCLocker Initiated GC) [PSYoungGen: 344576K->106080K(521216K)] 528677K->290181K(1919488K), 0.0769677 secs] [Times: user=0.45 sys=0.00, real=0.08 secs] 
5156.314: [GC (Allocation Failure) [PSYoungGen: 451168K->142752K(521216K)] 635272K->428549K(1919488K), 0.0522224 secs] [Times: user=0.31 sys=0.00, real=0.05 secs] 
5158.161: [GC (Allocation Failure) [PSYoungGen: 487840K->107744K(520192K)] 773637K->527165K(1918464K), 0.1235648 secs] [Times: user=0.73 sys=0.00, real=0.12 secs] 
5159.840: [GC (Allocation Failure) [PSYoungGen: 452832K->144032K(520704K)] 872253K->667998K(1918976K), 0.0532239 secs] [Times: user=0.32 sys=0.00, real=0.06 secs] 
5161.694: [GC (Allocation Failure) [PSYoungGen: 489120K->107744K(521728K)] 1013086K->767066K(1920000K), 0.1351380 secs] [Times: user=0.80 sys=0.00, real=0.13 secs] 
5163.251: [GC (Allocation Failure) [PSYoungGen: 452832K->143808K(488960K)] 1112154K->906646K(1887232K), 0.0535274 secs] [Times: user=0.31 sys=0.00, real=0.05 secs] 
5164.684: [GC (Allocation Failure) [PSYoungGen: 488896K->110688K(523264K)] 1251734K->1007662K(1921536K), 0.0671931 secs] [Times: user=0.40 sys=0.01, real=0.07 secs] 
5165.619: [GC (Allocation Failure) [PSYoungGen: 455776K->144096K(520704K)] 1352750K->1147426K(1918976K), 0.0541011 secs] [Times: user=0.32 sys=0.00, real=0.06 secs] 
5166.942: [GC (Allocation Failure) [PSYoungGen: 489184K->109056K(521216K)] 1492514K->1247082K(1919488K), 0.0656141 secs] [Times: user=0.39 sys=0.01, real=0.06 secs] 
5168.090: [GC (Allocation Failure) [PSYoungGen: 454656K->144544K(521216K)] 1592682K->1388374K(1919488K), 0.0544806 secs] [Times: user=0.32 sys=0.00, real=0.05 secs] 
5168.145: [Full GC (Ergonomics) [PSYoungGen: 144544K->0K(521216K)] [ParOldGen: 1243830K->186442K(1398272K)] 1388374K->186442K(1919488K), [Metaspace: 60598K->60598K(1105920K)], 0.4497513 secs] [Times: user=2.08 sys=0.00, real=0.45 secs] 
5170.977: [GC (Allocation Failure) [PSYoungGen: 345600K->106816K(521728K)] 532042K->293258K(1920000K), 0.0444271 secs] [Times: user=0.26 sys=0.00, real=0.05 secs] 
5172.100: [GC (Allocation Failure) [PSYoungGen: 451904K->141536K(521216K)] 638346K->430783K(1919488K), 0.0514456 secs] [Times: user=0.31 sys=0.00, real=0.06 secs] 
5173.551: [GC (Allocation Failure) [PSYoungGen: 486624K->108000K(519680K)] 775871K->529479K(1917952K), 0.0656916 secs] [Times: user=0.38 sys=0.01, real=0.06 secs] 
5174.244: [GC (Allocation Failure) [PSYoungGen: 453600K->146080K(520704K)] 875079K->671780K(1918976K), 0.0530380 secs] [Times: user=0.30 sys=0.00, real=0.05 secs] 
5175.696: [GC (Allocation Failure) [PSYoungGen: 491680K->107424K(522240K)] 1017380K->769904K(1920512K), 0.0673969 secs] [Times: user=0.41 sys=0.00, real=0.07 secs] 
5176.499: [GC (Allocation Failure) [PSYoungGen: 451488K->146560K(491008K)] 1113968K->913842K(1889280K), 0.0536017 secs] [Times: user=0.31 sys=0.00, real=0.06 secs] 
5178.713: [GC (Allocation Failure) [PSYoungGen: 490624K->103840K(520704K)] 1257906K->1009370K(1918976K), 0.1060322 secs] [Times: user=0.63 sys=0.00, real=0.10 secs] 
5179.517: [GC (Allocation Failure) [PSYoungGen: 445344K->145472K(487424K)] 1350874K->1152086K(1885696K), 0.0528082 secs] [Times: user=0.31 sys=0.00, real=0.05 secs] 
5181.369: [GC (Allocation Failure) [PSYoungGen: 486976K->102528K(519680K)] 1493590K->1246182K(1917952K), 0.1008747 secs] [Times: user=0.59 sys=0.01, real=0.10 secs] 
5182.650: [GC (Allocation Failure) [PSYoungGen: 441984K->142656K(482304K)] 1585638K->1384802K(1880576K), 0.0518891 secs] [Times: user=0.31 sys=0.00, real=0.06 secs] 
5182.702: [Full GC (Ergonomics) [PSYoungGen: 142656K->0K(482304K)] [ParOldGen: 1242146K->181874K(1398272K)] 1384802K->181874K(1880576K), [Metaspace: 60598K->60598K(1105920K)], 0.4361579 secs] [Times: user=2.02 sys=0.00, real=0.43 secs] 
5184.544: [GC (Allocation Failure) [PSYoungGen: 339456K->102688K(519680K)] 521330K->284562K(1917952K), 0.0553676 secs] [Times: user=0.32 sys=0.00, real=0.05 secs] 
5185.950: [GC (Allocation Failure) [PSYoungGen: 441632K->139936K(518144K)] 623506K->421901K(1916416K), 0.0516059 secs] [Times: user=0.30 sys=0.00, real=0.06 secs] 
5187.427: [GC (Allocation Failure) [PSYoungGen: 478880K->107680K(515584K)] 760845K->520325K(1913856K), 0.0643194 secs] [Times: user=0.38 sys=0.00, real=0.07 secs] 
5188.966: [GC (Allocation Failure) [PSYoungGen: 447648K->140064K(517120K)] 860293K->657762K(1915392K), 0.0529046 secs] [Times: user=0.31 sys=0.00, real=0.05 secs] 
5190.526: [GC (Allocation Failure) [PSYoungGen: 480032K->106816K(518144K)] 997730K->755546K(1916416K), 0.1182893 secs] [Times: user=0.70 sys=0.00, real=0.12 secs] 
5192.294: [GC (Allocation Failure) [PSYoungGen: 450880K->140128K(519680K)] 1099610K->892855K(1917952K), 0.0527610 secs] [Times: user=0.31 sys=0.00, real=0.05 secs] 
5193.623: [GC (Allocation Failure) [PSYoungGen: 484192K->110464K(519168K)] 1236919K->993843K(1917440K), 0.0827935 secs] [Times: user=0.49 sys=0.01, real=0.08 secs] 
5195.672: [GC (Allocation Failure) [PSYoungGen: 457088K->148928K(495616K)] 1340467K->1140040K(1893888K), 0.0540224 secs] [Times: user=0.32 sys=0.00, real=0.05 secs] 
5197.028: [GC (Allocation Failure) [PSYoungGen: 495552K->109248K(522752K)] 1486664K->1232064K(1921024K), 0.0642083 secs] [Times: user=0.38 sys=0.00, real=0.07 secs] 
5198.152: [GC (Allocation Failure) [PSYoungGen: 453312K->141984K(520192K)] 1576128K->1371452K(1918464K), 0.0541604 secs] [Times: user=0.32 sys=0.00, real=0.05 secs] 
5199.544: [GC (Allocation Failure) [PSYoungGen: 486048K->110144K(519168K)] 1715516K->1472765K(1917440K), 0.0670909 secs] [Times: user=0.40 sys=0.00, real=0.07 secs] 
5199.611: [Full GC (Ergonomics) [PSYoungGen: 110144K->0K(519168K)] [ParOldGen: 1362620K->33682K(1398272K)] 1472765K->33682K(1917440K), [Metaspace: 60598K->60598K(1105920K)], 0.0645466 secs] [Times: user=0.23 sys=0.00, real=0.06 secs] 
5201.014: [GC (Allocation Failure) [PSYoungGen: 345088K->140640K(520192K)] 378770K->174322K(1918464K), 0.0282546 secs] [Times: user=0.16 sys=0.00, real=0.03 secs] 
5202.930: [GC (Allocation Failure) [PSYoungGen: 485728K->108192K(520704K)] 519410K->273502K(1918976K), 0.0634102 secs] [Times: user=0.37 sys=0.00, real=0.06 secs] 
5204.449: [GC (Allocation Failure) [PSYoungGen: 455840K->143232K(521728K)] 621150K->414875K(1920000K), 0.0528855 secs] [Times: user=0.31 sys=0.00, real=0.06 secs] 
5206.421: [GC (Allocation Failure) [PSYoungGen: 490880K->108896K(522752K)] 762523K->515083K(1921024K), 0.0650835 secs] [Times: user=0.39 sys=0.00, real=0.06 secs] 
5207.280: [GC (Allocation Failure) [PSYoungGen: 457568K->144640K(493568K)] 863755K->657428K(1891840K), 0.0534709 secs] [Times: user=0.32 sys=0.00, real=0.05 secs] 
5208.625: [GC (GCLocker Initiated GC) [PSYoungGen: 493312K->108448K(524288K)] 1006100K->756808K(1922560K), 0.0643005 secs] [Times: user=0.38 sys=0.00, real=0.06 secs] 
5210.073: [GC (Allocation Failure) [PSYoungGen: 456096K->143904K(522240K)] 1104459K->897996K(1920512K), 0.0537244 secs] [Times: user=0.32 sys=0.00, real=0.05 secs] 
5211.810: [GC (Allocation Failure) [PSYoungGen: 491552K->110304K(522240K)] 1245644K->999220K(1920512K), 0.0757054 secs] [Times: user=0.45 sys=0.00, real=0.08 secs] 
5212.613: [GC (Allocation Failure) [PSYoungGen: 457952K->147648K(495616K)] 1346868K->1143857K(1893888K), 0.0540099 secs] [Times: user=0.32 sys=0.00, real=0.05 secs] 
5214.708: [GC (Allocation Failure) [PSYoungGen: 495296K->106080K(522240K)] 1491505K->1241481K(1920512K), 0.0830967 secs] [Times: user=0.49 sys=0.00, real=0.09 secs] 
5216.057: [GC (Allocation Failure) [PSYoungGen: 450144K->144512K(488960K)] 1585545K->1381710K(1887232K), 0.0520942 secs] [Times: user=0.31 sys=0.00, real=0.05 secs] 
5216.109: [Full GC (Ergonomics) [PSYoungGen: 144512K->0K(488960K)] [ParOldGen: 1237198K->184779K(1398272K)] 1381710K->184779K(1887232K), [Metaspace: 60598K->60598K(1105920K)], 0.4494270 secs] [Times: user=2.09 sys=0.00, real=0.45 secs] 
5217.995: [GC (Allocation Failure) [PSYoungGen: 344064K->107072K(521728K)] 528843K->291851K(1920000K), 0.0497978 secs] [Times: user=0.29 sys=0.00, real=0.05 secs] 
5219.385: [GC (Allocation Failure) [PSYoungGen: 450112K->141600K(520192K)] 634891K->429292K(1918464K), 0.0525934 secs] [Times: user=0.30 sys=0.01, real=0.05 secs] 
5220.847: [GC (Allocation Failure) [PSYoungGen: 484640K->110112K(518656K)] 772332K->529752K(1916928K), 0.0805771 secs] [Times: user=0.48 sys=0.00, real=0.08 secs] 
5221.478: [GC (Allocation Failure) [PSYoungGen: 454176K->146336K(519680K)] 873816K->673137K(1917952K), 0.0539489 secs] [Times: user=0.32 sys=0.00, real=0.06 secs] 
5223.288: [GC (Allocation Failure) [PSYoungGen: 490400K->103264K(521216K)] 1017201K->767881K(1919488K), 0.1145017 secs] [Times: user=0.66 sys=0.00, real=0.12 secs] 
5224.796: [GC (Allocation Failure) [PSYoungGen: 445792K->145344K(487936K)] 1110409K->909278K(1886208K), 0.0524634 secs] [Times: user=0.31 sys=0.00, real=0.05 secs] 
5226.519: [GC (Allocation Failure) [PSYoungGen: 487872K->104192K(520704K)] 1251806K->1004886K(1918976K), 0.1535131 secs] [Times: user=0.91 sys=0.01, real=0.16 secs] 
5227.967: [GC (Allocation Failure) [PSYoungGen: 445184K->142112K(519168K)] 1345878K->1143239K(1917440K), 0.0532116 secs] [Times: user=0.31 sys=0.00, real=0.06 secs] 
5230.190: [GC (Allocation Failure) [PSYoungGen: 483104K->107168K(518144K)] 1484231K->1241047K(1916416K), 0.0656612 secs] [Times: user=0.38 sys=0.00, real=0.06 secs] 
5230.920: [GC (Allocation Failure) [PSYoungGen: 448160K->141504K(518656K)] 1582039K->1380220K(1916928K), 0.0537890 secs] [Times: user=0.32 sys=0.00, real=0.06 secs] 
5230.973: [Full GC (Ergonomics) [PSYoungGen: 141504K->0K(518656K)] [ParOldGen: 1238716K->178050K(1398272K)] 1380220K->178050K(1916928K), [Metaspace: 60598K->60598K(1105920K)], 0.4333136 secs] [Times: user=2.02 sys=0.00, real=0.43 secs] 
5233.580: [GC (Allocation Failure) [PSYoungGen: 340992K->105856K(518144K)] 519042K->283906K(1916416K), 0.0495816 secs] [Times: user=0.29 sys=0.00, real=0.05 secs] 
5235.328: [GC (Allocation Failure) [PSYoungGen: 448384K->138112K(519168K)] 626434K->419271K(1917440K), 0.0524132 secs] [Times: user=0.31 sys=0.00, real=0.05 secs] 
5236.658: [GC (Allocation Failure) [PSYoungGen: 480640K->109856K(517120K)] 761799K->519723K(1915392K), 0.0775293 secs] [Times: user=0.46 sys=0.00, real=0.08 secs] 
5238.117: [GC (Allocation Failure) [PSYoungGen: 455456K->142752K(519680K)] 865323K->659916K(1917952K), 0.0540623 secs] [Times: user=0.32 sys=0.00, real=0.06 secs] 
5240.401: [GC (Allocation Failure) [PSYoungGen: 488352K->107808K(522752K)] 1005516K->758996K(1921024K), 0.0853893 secs] [Times: user=0.50 sys=0.00, real=0.08 secs] 
5241.358: [GC (Allocation Failure) [PSYoungGen: 456480K->144640K(493568K)] 1107668K->901764K(1891840K), 0.0545572 secs] [Times: user=0.32 sys=0.00, real=0.06 secs] 
5242.800: [GC (GCLocker Initiated GC) [PSYoungGen: 493312K->108608K(524288K)] 1250437K->1001401K(1922560K), 0.0858194 secs] [Times: user=0.51 sys=0.00, real=0.08 secs] 
5243.814: [GC (Allocation Failure) [PSYoungGen: 456256K->146016K(494080K)] 1349088K->1144653K(1892352K), 0.0554686 secs] [Times: user=0.33 sys=0.00, real=0.05 secs] 
5245.406: [GC (Allocation Failure) [PSYoungGen: 493664K->108608K(523264K)] 1492301K->1244417K(1921536K), 0.0913712 secs] [Times: user=0.54 sys=0.00, real=0.09 secs] 
5246.980: [GC (Allocation Failure) [PSYoungGen: 454208K->143040K(521216K)] 1590017K->1383910K(1919488K), 0.0544196 secs] [Times: user=0.32 sys=0.00, real=0.06 secs] 
5247.035: [Full GC (Ergonomics) [PSYoungGen: 143040K->0K(521216K)] [ParOldGen: 1240870K->182098K(1398272K)] 1383910K->182098K(1919488K), [Metaspace: 60598K->60598K(1105920K)], 0.4472229 secs] [Times: user=2.09 sys=0.00, real=0.45 secs] 
5249.215: [GC (Allocation Failure) [PSYoungGen: 345600K->108992K(521216K)] 527698K->291090K(1919488K), 0.0996802 secs] [Times: user=0.59 sys=0.00, real=0.10 secs] 
5250.077: [GC (Allocation Failure) [PSYoungGen: 454592K->146848K(492544K)] 636690K->434311K(1890816K), 0.0534594 secs] [Times: user=0.31 sys=0.00, real=0.06 secs] 
5251.996: [GC (GCLocker Initiated GC) [PSYoungGen: 492448K->105536K(521728K)] 779911K->530935K(1920000K), 0.1328579 secs] [Times: user=0.78 sys=0.00, real=0.13 secs] 
5253.207: [GC (Allocation Failure) [PSYoungGen: 448576K->143200K(520192K)] 874045K->669670K(1918464K), 0.0512955 secs] [Times: user=0.31 sys=0.00, real=0.05 secs] 
5254.948: [GC (Allocation Failure) [PSYoungGen: 486240K->107904K(519168K)] 1012710K->768038K(1917440K), 0.1054009 secs] [Times: user=0.63 sys=0.00, real=0.11 secs] 
5255.852: [GC (Allocation Failure) [PSYoungGen: 450944K->143680K(519680K)] 1111078K->908467K(1917952K), 0.0530851 secs] [Times: user=0.31 sys=0.00, real=0.05 secs] 
5257.203: [GC (Allocation Failure) [PSYoungGen: 486720K->108480K(520192K)] 1251507K->1008083K(1918464K), 0.0653468 secs] [Times: user=0.39 sys=0.00, real=0.06 secs] 
5258.676: [GC (Allocation Failure) [PSYoungGen: 452032K->143744K(520192K)] 1351635K->1148540K(1918464K), 0.0534652 secs] [Times: user=0.32 sys=0.00, real=0.05 secs] 
5260.508: [GC (GCLocker Initiated GC) [PSYoungGen: 487296K->105216K(520704K)] 1492093K->1244901K(1918976K), 0.0966268 secs] [Times: user=0.57 sys=0.01, real=0.10 secs] 
5261.308: [GC (GCLocker Initiated GC) [PSYoungGen: 449280K->144832K(488960K)] 1588971K->1385811K(1887232K), 0.0523138 secs] [Times: user=0.30 sys=0.00, real=0.06 secs] 
5261.361: [Full GC (Ergonomics) [PSYoungGen: 144832K->0K(488960K)] [ParOldGen: 1240979K->184549K(1398272K)] 1385811K->184549K(1887232K), [Metaspace: 60598K->60598K(1105920K)], 0.4488940 secs] [Times: user=2.09 sys=0.00, real=0.44 secs] 
5263.464: [GC (Allocation Failure) [PSYoungGen: 344064K->106752K(521728K)] 528684K->291372K(1920000K), 0.0809985 secs] [Times: user=0.47 sys=0.01, real=0.08 secs] 
5264.531: [GC (Allocation Failure) [PSYoungGen: 449280K->142944K(519680K)] 633900K->431417K(1917952K), 0.0688581 secs] [Times: user=0.40 sys=0.01, real=0.06 secs] 
5267.198: [GC (Allocation Failure) [PSYoungGen: 485472K->104480K(520192K)] 773945K->527465K(1918464K), 0.1316574 secs] [Times: user=0.78 sys=0.01, real=0.13 secs] 
5268.807: [GC (Allocation Failure) [PSYoungGen: 447520K->141920K(520192K)] 870505K->665486K(1918464K), 0.0514026 secs] [Times: user=0.30 sys=0.00, real=0.05 secs] 
5270.179: [GC (Allocation Failure) [PSYoungGen: 482959K->108192K(518144K)] 1006525K->764350K(1916416K), 0.0859048 secs] [Times: user=0.51 sys=0.01, real=0.09 secs] 
5271.090: [GC (Allocation Failure) [PSYoungGen: 451232K->141792K(519168K)] 1107390K->903195K(1917440K), 0.0535094 secs] [Times: user=0.32 sys=0.00, real=0.05 secs] 
5272.583: [GC (Allocation Failure) [PSYoungGen: 484832K->108672K(520192K)] 1246235K->1002139K(1918464K), 0.0778411 secs] [Times: user=0.46 sys=0.00, real=0.08 secs] 
5274.159: [GC (Allocation Failure) [PSYoungGen: 453760K->144448K(520704K)] 1347227K->1144655K(1918976K), 0.0576074 secs] [Times: user=0.34 sys=0.00, real=0.06 secs] 
5275.761: [GC (Allocation Failure) [PSYoungGen: 489536K->106944K(521728K)] 1489743K->1243255K(1920000K), 0.0659459 secs] [Times: user=0.39 sys=0.00, real=0.06 secs] 
5277.179: [GC (Allocation Failure) [PSYoungGen: 452032K->144448K(489984K)] 1588343K->1384348K(1888256K), 0.0539753 secs] [Times: user=0.32 sys=0.00, real=0.06 secs] 
5277.233: [Full GC (Ergonomics) [PSYoungGen: 144448K->0K(489984K)] [ParOldGen: 1239900K->182120K(1398272K)] 1384348K->182120K(1888256K), [Metaspace: 60599K->60599K(1105920K)], 0.4433010 secs] [Times: user=2.05 sys=0.00, real=0.44 secs] 
5279.077: [GC (Allocation Failure) [PSYoungGen: 345088K->106624K(522240K)] 527208K->288744K(1920512K), 0.0451013 secs] [Times: user=0.26 sys=0.00, real=0.05 secs] 
5281.094: [GC (Allocation Failure) [PSYoungGen: 450688K->142336K(520704K)] 632808K->427189K(1918976K), 0.0525960 secs] [Times: user=0.31 sys=0.00, real=0.05 secs] 
5282.453: [GC (Allocation Failure) [PSYoungGen: 486400K->110656K(518656K)] 771253K->528813K(1916928K), 0.0652706 secs] [Times: user=0.38 sys=0.00, real=0.06 secs] 
5284.470: [GC (Allocation Failure) [PSYoungGen: 454720K->140640K(519680K)] 872877K->663346K(1917952K), 0.0524183 secs] [Times: user=0.31 sys=0.00, real=0.06 secs] 
5285.770: [GC (Allocation Failure) [PSYoungGen: 484704K->111104K(519680K)] 1007410K->764982K(1917952K), 0.0646221 secs] [Times: user=0.38 sys=0.01, real=0.06 secs] 
5287.009: [GC (Allocation Failure) [PSYoungGen: 458240K->144288K(521216K)] 1112118K->905363K(1919488K), 0.0540127 secs] [Times: user=0.32 sys=0.00, real=0.06 secs] 
5288.330: [GC (Allocation Failure) [PSYoungGen: 491424K->108096K(523264K)] 1252499K->1004135K(1921536K), 0.0656156 secs] [Times: user=0.39 sys=0.00, real=0.07 secs] 
5289.256: [GC (Allocation Failure) [PSYoungGen: 456256K->146336K(494592K)] 1352295K->1146692K(1892864K), 0.0548600 secs] [Times: user=0.33 sys=0.00, real=0.06 secs] 
5290.658: [GC (Allocation Failure) [PSYoungGen: 494496K->108576K(523264K)] 1494852K->1246224K(1921536K), 0.0682730 secs] [Times: user=0.41 sys=0.00, real=0.07 secs] 
5291.968: [GC (Allocation Failure) [PSYoungGen: 454176K->146752K(492544K)] 1591824K->1390411K(1890816K), 0.0551618 secs] [Times: user=0.32 sys=0.00, real=0.06 secs] 
5292.023: [Full GC (Ergonomics) [PSYoungGen: 146752K->0K(492544K)] [ParOldGen: 1243659K->189573K(1398272K)] 1390411K->189573K(1890816K), [Metaspace: 60599K->60599K(1105920K)], 0.4641561 secs] [Times: user=2.16 sys=0.01, real=0.46 secs] 
5293.880: [GC (Allocation Failure) [PSYoungGen: 345600K->105856K(521728K)] 535173K->295429K(1920000K), 0.0577748 secs] [Times: user=0.33 sys=0.01, real=0.05 secs] 
5295.074: [GC (Allocation Failure) [PSYoungGen: 448896K->143936K(520192K)] 638469K->435893K(1918464K), 0.0516280 secs] [Times: user=0.30 sys=0.00, real=0.05 secs] 
5296.698: [GC (Allocation Failure) [PSYoungGen: 486976K->108000K(520192K)] 778933K->535277K(1918464K), 0.0649863 secs] [Times: user=0.38 sys=0.00, real=0.07 secs] 
5298.016: [GC (Allocation Failure) [PSYoungGen: 451040K->142304K(520192K)] 878317K->673666K(1918464K), 0.0521598 secs] [Times: user=0.30 sys=0.00, real=0.05 secs] 
5299.420: [GC (Allocation Failure) [PSYoungGen: 485344K->106432K(519680K)] 1016706K->771034K(1917952K), 0.0972166 secs] [Times: user=0.57 sys=0.01, real=0.10 secs] 
5300.832: [GC (Allocation Failure) [PSYoungGen: 449984K->144000K(520192K)] 1114586K->911563K(1918464K), 0.0528018 secs] [Times: user=0.32 sys=0.00, real=0.05 secs] 
5303.110: [GC (Allocation Failure) [PSYoungGen: 487552K->103136K(520704K)] 1255115K->1005883K(1918976K), 0.0891274 secs] [Times: user=0.53 sys=0.00, real=0.08 secs] 
5303.959: [GC (Allocation Failure) [PSYoungGen: 446176K->145984K(489472K)] 1348923K->1147904K(1887744K), 0.0516895 secs] [Times: user=0.31 sys=0.00, real=0.06 secs] 
5305.878: [GC (GCLocker Initiated GC) [PSYoungGen: 489024K->103712K(520192K)] 1490945K->1242769K(1918464K), 0.1507584 secs] [Times: user=0.90 sys=0.00, real=0.15 secs] 
5307.218: [GC (Allocation Failure) [PSYoungGen: 443680K->140192K(518656K)] 1582739K->1379082K(1916928K), 0.0523525 secs] [Times: user=0.30 sys=0.01, real=0.05 secs] 
5307.270: [Full GC (Ergonomics) [PSYoungGen: 140192K->0K(518656K)] [ParOldGen: 1238890K->177660K(1398272K)] 1379082K->177660K(1916928K), [Metaspace: 60599K->60599K(1105920K)], 0.4310271 secs] [Times: user=2.00 sys=0.00, real=0.44 secs] 
5308.885: [GC (Allocation Failure) [PSYoungGen: 339968K->106080K(517120K)] 517628K->283741K(1915392K), 0.0343651 secs] [Times: user=0.21 sys=0.00, real=0.03 secs] 
5310.180: [GC (GCLocker Initiated GC) [PSYoungGen: 447072K->139168K(518144K)] 624733K->421404K(1916416K), 0.0660203 secs] [Times: user=0.39 sys=0.01, real=0.07 secs] 
5312.535: [GC (Allocation Failure) [PSYoungGen: 480160K->106336K(518144K)] 762400K->518896K(1916416K), 0.0636019 secs] [Times: user=0.37 sys=0.00, real=0.06 secs] 
5313.506: [GC (Allocation Failure) [PSYoungGen: 450400K->143872K(519680K)] 862960K->660781K(1917952K), 0.0518709 secs] [Times: user=0.30 sys=0.00, real=0.05 secs] 
5314.816: [GC (Allocation Failure) [PSYoungGen: 487936K->107872K(520704K)] 1004845K->759693K(1918976K), 0.0650371 secs] [Times: user=0.38 sys=0.00, real=0.07 secs] 
5315.761: [GC (Allocation Failure) [PSYoungGen: 452960K->142816K(520704K)] 1104781K->900349K(1918976K), 0.0534752 secs] [Times: user=0.31 sys=0.00, real=0.05 secs] 
5318.154: [GC (Allocation Failure) [PSYoungGen: 487904K->107744K(521216K)] 1245437K->999245K(1919488K), 0.0659503 secs] [Times: user=0.39 sys=0.00, real=0.07 secs] 
5319.005: [GC (GCLocker Initiated GC) [PSYoungGen: 453344K->142592K(521216K)] 1344845K->1140372K(1919488K), 0.0541377 secs] [Times: user=0.32 sys=0.00, real=0.05 secs] 
5320.890: [GC (Allocation Failure) [PSYoungGen: 488192K->106400K(521728K)] 1486011K->1238283K(1920000K), 0.0662043 secs] [Times: user=0.39 sys=0.00, real=0.07 secs] 
5322.315: [GC (Allocation Failure) [PSYoungGen: 452512K->142976K(521728K)] 1584395K->1378362K(1920000K), 0.0538566 secs] [Times: user=0.32 sys=0.00, real=0.05 secs] 
5322.369: [Full GC (Ergonomics) [PSYoungGen: 142976K->0K(521728K)] [ParOldGen: 1235386K->174124K(1398272K)] 1378362K->174124K(1920000K), [Metaspace: 60599K->60599K(1105920K)], 0.4219589 secs] [Times: user=1.95 sys=0.01, real=0.43 secs] 
5324.017: [GC (Allocation Failure) [PSYoungGen: 346112K->108928K(520704K)] 520236K->283052K(1918976K), 0.0351838 secs] [Times: user=0.21 sys=0.01, real=0.04 secs] 
5325.554: [GC (Allocation Failure) [PSYoungGen: 455040K->142784K(521216K)] 629164K->423521K(1919488K), 0.0541242 secs] [Times: user=0.32 sys=0.00, real=0.05 secs] 
5326.861: [GC (Allocation Failure) [PSYoungGen: 488896K->109344K(520704K)] 769633K->523865K(1918976K), 0.0642645 secs] [Times: user=0.38 sys=0.00, real=0.06 secs] 
5328.498: [GC (Allocation Failure) [PSYoungGen: 455968K->142656K(521216K)] 870489K->664322K(1919488K), 0.0535139 secs] [Times: user=0.31 sys=0.01, real=0.06 secs] 
5329.795: [GC (Allocation Failure) [PSYoungGen: 489280K->110624K(521216K)] 1010946K->766050K(1919488K), 0.0663849 secs] [Times: user=0.39 sys=0.00, real=0.07 secs] 
5330.616: [GC (Allocation Failure) [PSYoungGen: 458272K->145472K(521728K)] 1113698K->907779K(1920000K), 0.0539697 secs] [Times: user=0.32 sys=0.00, real=0.05 secs] 
5332.313: [GC (Allocation Failure) [PSYoungGen: 493120K->108160K(522752K)] 1255427K->1006879K(1921024K), 0.1033492 secs] [Times: user=0.61 sys=0.00, real=0.10 secs] 
5333.119: [GC (Allocation Failure) [PSYoungGen: 454784K->147360K(494080K)] 1353503K->1151024K(1892352K), 0.0533613 secs] [Times: user=0.31 sys=0.00, real=0.06 secs] 
5334.801: [GC (Allocation Failure) [PSYoungGen: 493984K->106432K(522240K)] 1497648K->1248880K(1920512K), 0.0841410 secs] [Times: user=0.50 sys=0.00, real=0.08 secs] 
5336.097: [GC (Allocation Failure) [PSYoungGen: 450496K->152448K(496640K)] 1592944K->1397637K(1894912K), 0.0532482 secs] [Times: user=0.32 sys=0.00, real=0.05 secs] 
5336.150: [Full GC (Ergonomics) [PSYoungGen: 152448K->0K(496640K)] [ParOldGen: 1245188K->187365K(1398272K)] 1397637K->187365K(1894912K), [Metaspace: 60600K->60600K(1105920K)], 0.4506765 secs] [Times: user=2.09 sys=0.00, real=0.46 secs] 
5337.815: [GC (GCLocker Initiated GC) [PSYoungGen: 344064K->105600K(518656K)] 531431K->292967K(1916928K), 0.0326478 secs] [Times: user=0.19 sys=0.00, real=0.03 secs] 
5339.767: [GC (Allocation Failure) [PSYoungGen: 442496K->136960K(474112K)] 629927K->426256K(1872384K), 0.0506189 secs] [Times: user=0.29 sys=0.00, real=0.05 secs] 
5341.094: [GC (Allocation Failure) [PSYoungGen: 473856K->106976K(518144K)] 763152K->524048K(1916416K), 0.0895144 secs] [Times: user=0.53 sys=0.00, real=0.09 secs] 
5342.308: [GC (Allocation Failure) [PSYoungGen: 445920K->140096K(516096K)] 862992K->661997K(1914368K), 0.0532488 secs] [Times: user=0.31 sys=0.01, real=0.06 secs] 
5343.906: [GC (GCLocker Initiated GC) [PSYoungGen: 479040K->105216K(520192K)] 1000945K->758321K(1918464K), 0.0810042 secs] [Times: user=0.48 sys=0.00, real=0.08 secs] 
5345.366: [GC (Allocation Failure) [PSYoungGen: 449280K->142112K(520192K)] 1102455K->897952K(1918464K), 0.0526716 secs] [Times: user=0.31 sys=0.00, real=0.05 secs] 
5348.004: [GC (Allocation Failure) [PSYoungGen: 486176K->105824K(520192K)] 1242016K->994776K(1918464K), 0.1002864 secs] [Times: user=0.59 sys=0.01, real=0.10 secs] 
5349.236: [GC (Allocation Failure) [PSYoungGen: 450912K->144832K(520704K)] 1339864K->1136589K(1918976K), 0.1013032 secs] [Times: user=0.60 sys=0.01, real=0.10 secs] 
5350.634: [GC (Allocation Failure) [PSYoungGen: 489920K->110272K(520704K)] 1481677K->1238109K(1918976K), 0.0692995 secs] [Times: user=0.41 sys=0.00, real=0.07 secs] 
5351.452: [GC (Allocation Failure) [PSYoungGen: 455360K->151520K(496640K)] 1583197K->1387732K(1894912K), 0.0563440 secs] [Times: user=0.34 sys=0.00, real=0.05 secs] 
5351.508: [Full GC (Ergonomics) [PSYoungGen: 151520K->0K(496640K)] [ParOldGen: 1236212K->178281K(1398272K)] 1387732K->178281K(1894912K), [Metaspace: 60600K->59697K(1105920K)], 0.4437371 secs] [Times: user=2.03 sys=0.01, real=0.45 secs] 
5353.806: [GC (Allocation Failure) [PSYoungGen: 345088K->107680K(520192K)] 523369K->285961K(1918464K), 0.0342402 secs] [Times: user=0.20 sys=0.00, real=0.03 secs] 
5354.801: [GC (GCLocker Initiated GC) [PSYoungGen: 447136K->139776K(518144K)] 625417K->423246K(1916416K), 0.0533950 secs] [Times: user=0.31 sys=0.00, real=0.05 secs] 
5356.100: [GC (Allocation Failure) [PSYoungGen: 479232K->106336K(518656K)] 762705K->520145K(1916928K), 0.0635991 secs] [Times: user=0.38 sys=0.00, real=0.06 secs] 
5357.340: [GC (Allocation Failure) [PSYoungGen: 447328K->142464K(518144K)] 861137K->659702K(1916416K), 0.0526841 secs] [Times: user=0.31 sys=0.00, real=0.06 secs] 
5358.630: [GC (Allocation Failure) [PSYoungGen: 483456K->106080K(519168K)] 1000694K->756662K(1917440K), 0.0646093 secs] [Times: user=0.38 sys=0.00, real=0.06 secs] 
5360.794: [GC (GCLocker Initiated GC) [PSYoungGen: 449120K->140704K(519680K)] 1099702K->894875K(1917952K), 0.0538275 secs] [Times: user=0.31 sys=0.00, real=0.05 secs] 
5362.491: [GC (Allocation Failure) [PSYoungGen: 483744K->109248K(518144K)] 1237986K->995106K(1916416K), 0.0651961 secs] [Times: user=0.39 sys=0.00, real=0.06 secs] 
5364.049: [GC (Allocation Failure) [PSYoungGen: 453824K->148672K(519680K)] 1339682K->1141321K(1917952K), 0.0546347 secs] [Times: user=0.32 sys=0.00, real=0.06 secs] 
5365.363: [GC (Allocation Failure) [PSYoungGen: 493248K->110368K(521216K)] 1485897K->1234077K(1919488K), 0.0672375 secs] [Times: user=0.39 sys=0.00, real=0.07 secs] 
5367.005: [GC (Allocation Failure) [PSYoungGen: 453408K->139616K(519680K)] 1577117K->1371226K(1917952K), 0.0559831 secs] [Times: user=0.33 sys=0.00, real=0.06 secs] 
5368.320: [GC (Allocation Failure) [PSYoungGen: 482656K->109664K(519168K)] 1714266K->1471450K(1917440K), 0.0665239 secs] [Times: user=0.40 sys=0.00, real=0.06 secs] 
5368.387: [Full GC (Ergonomics) [PSYoungGen: 109664K->0K(519168K)] [ParOldGen: 1361786K->31524K(1398272K)] 1471450K->31524K(1917440K), [Metaspace: 59697K->59693K(1105920K)], 0.0655208 secs] [Times: user=0.21 sys=0.00, real=0.07 secs] 
5369.142: [GC (GCLocker Initiated GC) [PSYoungGen: 345088K->144320K(520192K)] 376612K->175844K(1918464K), 0.0288735 secs] [Times: user=0.17 sys=0.00, real=0.03 secs] 
5370.441: [GC (Allocation Failure) [PSYoungGen: 489408K->108448K(521728K)] 520935K->275587K(1920000K), 0.0646315 secs] [Times: user=0.38 sys=0.00, real=0.06 secs] 
5372.395: [GC (GCLocker Initiated GC) [PSYoungGen: 455072K->139872K(521728K)] 622211K->412632K(1920000K), 0.0519772 secs] [Times: user=0.31 sys=0.00, real=0.05 secs] 
5373.725: [GC (Allocation Failure) [PSYoungGen: 486496K->110272K(520192K)] 759259K->513851K(1918464K), 0.0639694 secs] [Times: user=0.38 sys=0.00, real=0.06 secs] 
5376.188: [GC (Allocation Failure) [PSYoungGen: 458432K->142912K(521728K)] 862011K->654513K(1920000K), 0.0533553 secs] [Times: user=0.31 sys=0.00, real=0.06 secs] 
5377.533: [GC (Allocation Failure) [PSYoungGen: 491072K->109568K(523264K)] 1002673K->755441K(1921536K), 0.0656280 secs] [Times: user=0.39 sys=0.00, real=0.06 secs] 
5378.831: [GC (Allocation Failure) [PSYoungGen: 459264K->146368K(496128K)] 1105137K->899382K(1894400K), 0.0538934 secs] [Times: user=0.32 sys=0.00, real=0.05 secs] 
5380.231: [GC (Allocation Failure) [PSYoungGen: 496064K->108576K(524288K)] 1249078K->999118K(1922560K), 0.0663664 secs] [Times: user=0.39 sys=0.00, real=0.06 secs] 
5381.549: [GC (Allocation Failure) [PSYoungGen: 456224K->146496K(494592K)] 1346766K->1141531K(1892864K), 0.0534576 secs] [Times: user=0.31 sys=0.00, real=0.06 secs] 
5382.991: [GC (Allocation Failure) [PSYoungGen: 494144K->107936K(522752K)] 1489179K->1240539K(1921024K), 0.0897932 secs] [Times: user=0.53 sys=0.00, real=0.09 secs] 
5383.927: [GC (Allocation Failure) [PSYoungGen: 453007K->144992K(490496K)] 1585611K->1381648K(1888768K), 0.0524683 secs] [Times: user=0.31 sys=0.00, real=0.05 secs] 
5383.979: [Full GC (Ergonomics) [PSYoungGen: 144992K->0K(490496K)] [ParOldGen: 1236656K->185920K(1398272K)] 1381648K->185920K(1888768K), [Metaspace: 59693K->59693K(1105920K)], 0.4553644 secs] [Times: user=2.12 sys=0.00, real=0.46 secs] 
5385.821: [GC (Allocation Failure) [PSYoungGen: 345088K->107008K(522240K)] 531008K->292928K(1920512K), 0.0539594 secs] [Times: user=0.31 sys=0.00, real=0.05 secs] 
5387.047: [GC (Allocation Failure) [PSYoungGen: 451072K->144192K(488448K)] 636992K->433788K(1886720K), 0.0524763 secs] [Times: user=0.31 sys=0.00, real=0.05 secs] 
5388.509: [GC (Allocation Failure) [PSYoungGen: 488256K->107232K(522240K)] 777852K->532204K(1920512K), 0.0651778 secs] [Times: user=0.39 sys=0.00, real=0.07 secs] 
5389.148: [GC (Allocation Failure) [PSYoungGen: 450784K->144352K(520192K)] 875756K->672689K(1918464K), 0.0518435 secs] [Times: user=0.30 sys=0.00, real=0.06 secs] 
5390.732: [GC (Allocation Failure) [PSYoungGen: 487904K->106272K(520704K)] 1016241K->769993K(1918976K), 0.0888869 secs] [Times: user=0.53 sys=0.00, real=0.09 secs] 
5391.562: [GC (Allocation Failure) [PSYoungGen: 449312K->144480K(487936K)] 1113033K->911029K(1886208K), 0.0539873 secs] [Times: user=0.32 sys=0.00, real=0.05 secs] 
5393.976: [GC (Allocation Failure) [PSYoungGen: 487520K->103616K(520704K)] 1254069K->1005493K(1918976K), 0.1570432 secs] [Times: user=0.94 sys=0.00, real=0.16 secs] 
5394.825: [GC (GCLocker Initiated GC) [PSYoungGen: 445120K->143008K(519680K)] 1346998K->1145078K(1917952K), 0.0533895 secs] [Times: user=0.31 sys=0.00, real=0.05 secs] 
5396.135: [GC (Allocation Failure) [PSYoungGen: 484512K->107488K(517632K)] 1486585K->1243285K(1915904K), 0.0676395 secs] [Times: user=0.40 sys=0.00, real=0.07 secs] 
5397.617: [GC (Allocation Failure) [PSYoungGen: 448992K->143200K(518656K)] 1584789K->1382610K(1916928K), 0.0544674 secs] [Times: user=0.32 sys=0.00, real=0.06 secs] 
5397.671: [Full GC (Ergonomics) [PSYoungGen: 143200K->0K(518656K)] [ParOldGen: 1239410K->181607K(1398272K)] 1382610K->181607K(1916928K), [Metaspace: 59693K->59693K(1105920K)], 0.4438182 secs] [Times: user=2.06 sys=0.00, real=0.44 secs] 
5399.311: [GC (Allocation Failure) [PSYoungGen: 341504K->105088K(520192K)] 523111K->286695K(1918464K), 0.0335709 secs] [Times: user=0.20 sys=0.00, real=0.03 secs] 
5400.923: [GC (Allocation Failure) [PSYoungGen: 447104K->141312K(519680K)] 628711K->425468K(1917952K), 0.0522604 secs] [Times: user=0.31 sys=0.00, real=0.05 secs] 
5402.254: [GC (Allocation Failure) [PSYoungGen: 483328K->104608K(518656K)] 767484K->520948K(1916928K), 0.0649140 secs] [Times: user=0.38 sys=0.00, real=0.06 secs] 
5404.292: [GC (Allocation Failure) [PSYoungGen: 447648K->141280K(519680K)] 863988K->659193K(1917952K), 0.0517777 secs] [Times: user=0.31 sys=0.00, real=0.05 secs] 
5405.623: [GC (GCLocker Initiated GC) [PSYoungGen: 484320K->109312K(518656K)] 1002233K->759401K(1916928K), 0.0644941 secs] [Times: user=0.38 sys=0.00, real=0.06 secs] 
5406.783: [GC (Allocation Failure) [PSYoungGen: 453376K->141344K(519680K)] 1103536K->897860K(1917952K), 0.0539684 secs] [Times: user=0.31 sys=0.00, real=0.05 secs] 
5408.103: [GC (GCLocker Initiated GC) [PSYoungGen: 485408K->109184K(520192K)] 1241926K->997574K(1918464K), 0.0662680 secs] [Times: user=0.39 sys=0.00, real=0.06 secs] 
5408.983: [GC (Allocation Failure) [PSYoungGen: 455808K->145984K(521216K)] 1344201K->1141153K(1919488K), 0.0543136 secs] [Times: user=0.32 sys=0.00, real=0.05 secs] 
5410.393: [GC (GCLocker Initiated GC) [PSYoungGen: 492608K->108608K(522240K)] 1487777K->1240849K(1920512K), 0.0666325 secs] [Times: user=0.40 sys=0.00, real=0.06 secs] 
5411.896: [GC (Allocation Failure) [PSYoungGen: 454208K->140960K(521216K)] 1586452K->1378977K(1919488K), 0.0539038 secs] [Times: user=0.32 sys=0.00, real=0.05 secs] 
5411.950: [Full GC (Ergonomics) [PSYoungGen: 140960K->0K(521216K)] [ParOldGen: 1238017K->177463K(1398272K)] 1378977K->177463K(1919488K), [Metaspace: 59696K->59696K(1105920K)], 0.4256947 secs] [Times: user=1.97 sys=0.00, real=0.43 secs] 
5413.628: [GC (Allocation Failure) [PSYoungGen: 345600K->109344K(520192K)] 523063K->286807K(1918464K), 0.0501612 secs] [Times: user=0.30 sys=0.00, real=0.05 secs] 
5414.581: [GC (Allocation Failure) [PSYoungGen: 455968K->143712K(521216K)] 633431K->427636K(1919488K), 0.0540845 secs] [Times: user=0.32 sys=0.00, real=0.05 secs] 
5415.887: [GC (Allocation Failure) [PSYoungGen: 490336K->110816K(521216K)] 774260K->529220K(1919488K), 0.0663949 secs] [Times: user=0.39 sys=0.00, real=0.07 secs] 
5417.551: [GC (Allocation Failure) [PSYoungGen: 458464K->153504K(501248K)] 876868K->676697K(1899520K), 0.0538336 secs] [Times: user=0.32 sys=0.00, real=0.05 secs] 
5419.004: [GC (Allocation Failure) [PSYoungGen: 501152K->108672K(520704K)] 1024345K->767905K(1918976K), 0.0765372 secs] [Times: user=0.45 sys=0.01, real=0.08 secs] 
5420.311: [GC (GCLocker Initiated GC) [PSYoungGen: 449664K->144704K(519168K)] 1108897K->909342K(1917440K), 0.0537793 secs] [Times: user=0.32 sys=0.00, real=0.05 secs] 
5421.612: [GC (GCLocker Initiated GC) [PSYoungGen: 485696K->104864K(519680K)] 1250336K->1005416K(1917952K), 0.0650711 secs] [Times: user=0.39 sys=0.00, real=0.06 secs] 
5422.688: [GC (Allocation Failure) [PSYoungGen: 445344K->142720K(519168K)] 1345899K->1144664K(1917440K), 0.0523545 secs] [Times: user=0.31 sys=0.00, real=0.06 secs] 
5424.109: [GC (Allocation Failure) [PSYoungGen: 483200K->106016K(518144K)] 1485144K->1241696K(1916416K), 0.0683585 secs] [Times: user=0.41 sys=0.00, real=0.07 secs] 
5425.274: [GC (GCLocker Initiated GC) [PSYoungGen: 446496K->140064K(518656K)] 1582177K->1379996K(1916928K), 0.0544481 secs] [Times: user=0.32 sys=0.00, real=0.05 secs] 
5425.328: [Full GC (Ergonomics) [PSYoungGen: 140064K->0K(518656K)] [ParOldGen: 1239932K->178312K(1398272K)] 1379996K->178312K(1916928K), [Metaspace: 59702K->59702K(1105920K)], 0.4269875 secs] [Times: user=1.97 sys=0.01, real=0.43 secs] 
5426.967: [GC (Allocation Failure) [PSYoungGen: 340480K->107328K(516608K)] 518830K->285679K(1914880K), 0.0344859 secs] [Times: user=0.20 sys=0.00, real=0.04 secs] 
5428.302: [GC (Allocation Failure) [PSYoungGen: 449856K->140128K(518656K)] 628207K->423447K(1916928K), 0.0528083 secs] [Times: user=0.31 sys=0.00, real=0.05 secs] 
5430.442: [GC (GCLocker Initiated GC) [PSYoungGen: 482656K->105504K(520704K)] 765975K->519820K(1918976K), 0.0649266 secs] [Times: user=0.38 sys=0.00, real=0.06 secs] 
5431.791: [GC (Allocation Failure) [PSYoungGen: 451104K->141248K(521216K)] 865422K->658546K(1919488K), 0.0521366 secs] [Times: user=0.30 sys=0.00, real=0.05 secs] 
5433.189: [GC (Allocation Failure) [PSYoungGen: 486848K->112032K(519168K)] 1004146K->760922K(1917440K), 0.0670947 secs] [Times: user=0.40 sys=0.00, real=0.07 secs] 
5434.667: [GC (Allocation Failure) [PSYoungGen: 458656K->141888K(520704K)] 1107546K->900059K(1918976K), 0.0557814 secs] [Times: user=0.33 sys=0.00, real=0.06 secs] 
5436.000: [GC (Allocation Failure) [PSYoungGen: 488512K->108704K(522240K)] 1246683K->999387K(1920512K), 0.0915619 secs] [Times: user=0.54 sys=0.00, real=0.10 secs] 
5436.852: [GC (GCLocker Initiated GC) [PSYoungGen: 457888K->145856K(495104K)] 1348571K->1143742K(1893376K), 0.0548441 secs] [Times: user=0.32 sys=0.00, real=0.05 secs] 
5438.255: [GC (Allocation Failure) [PSYoungGen: 495040K->109056K(524288K)] 1492928K->1244136K(1922560K), 0.0682662 secs] [Times: user=0.40 sys=0.00, real=0.07 secs] 
5440.081: [GC (GCLocker Initiated GC) [PSYoungGen: 456704K->142176K(522240K)] 1591787K->1382279K(1920512K), 0.0531544 secs] [Times: user=0.31 sys=0.00, real=0.05 secs] 
5440.134: [Full GC (Ergonomics) [PSYoungGen: 142176K->0K(522240K)] [ParOldGen: 1240103K->179446K(1398272K)] 1382279K->179446K(1920512K), [Metaspace: 59702K->59702K(1105920K)], 0.4362745 secs] [Times: user=2.03 sys=0.01, real=0.43 secs] 
5441.903: [GC (Allocation Failure) [PSYoungGen: 347648K->108160K(521728K)] 529145K->289657K(1920000K), 0.0387554 secs] [Times: user=0.23 sys=0.00, real=0.04 secs] 
5443.366: [GC (Allocation Failure) [PSYoungGen: 456320K->145120K(522240K)] 637817K->432718K(1920512K), 0.0543332 secs] [Times: user=0.31 sys=0.00, real=0.05 secs] 
5444.707: [GC (Allocation Failure) [PSYoungGen: 493280K->110496K(522752K)] 780878K->534414K(1921024K), 0.0662776 secs] [Times: user=0.39 sys=0.00, real=0.07 secs] 
5445.564: [GC (Allocation Failure) [PSYoungGen: 458144K->145952K(494080K)] 882062K->677413K(1892352K), 0.0536643 secs] [Times: user=0.32 sys=0.01, real=0.05 secs] 
5447.095: [GC (Allocation Failure) [PSYoungGen: 493600K->109408K(523264K)] 1025061K->778029K(1921536K), 0.0746076 secs] [Times: user=0.44 sys=0.01, real=0.07 secs] 
5447.978: [GC (Allocation Failure) [PSYoungGen: 455008K->144000K(521216K)] 1123629K->917924K(1919488K), 0.0530018 secs] [Times: user=0.31 sys=0.00, real=0.06 secs] 
5449.283: [GC (Allocation Failure) [PSYoungGen: 489600K->109216K(521728K)] 1263524K->1017884K(1920000K), 0.0666872 secs] [Times: user=0.40 sys=0.00, real=0.06 secs] 
5450.258: [GC (Allocation Failure) [PSYoungGen: 455328K->145056K(491520K)] 1363996K->1159969K(1889792K), 0.0762421 secs] [Times: user=0.45 sys=0.01, real=0.08 secs] 
5452.359: [GC (Allocation Failure) [PSYoungGen: 491168K->107072K(522752K)] 1506081K->1258705K(1921024K), 0.0673567 secs] [Times: user=0.40 sys=0.00, real=0.07 secs] 
5453.169: [GC (Allocation Failure) [PSYoungGen: 452160K->146656K(492032K)] 1603793K->1402749K(1890304K), 0.0582737 secs] [Times: user=0.34 sys=0.00, real=0.06 secs] 
5453.227: [Full GC (Ergonomics) [PSYoungGen: 146656K->0K(492032K)] [ParOldGen: 1256093K->195991K(1398272K)] 1402749K->195991K(1890304K), [Metaspace: 59704K->59704K(1105920K)], 0.5059507 secs] [Times: user=2.35 sys=0.01, real=0.51 secs] 
5455.375: [GC (Allocation Failure) [PSYoungGen: 345088K->104384K(521216K)] 541079K->300375K(1919488K), 0.0578496 secs] [Times: user=0.33 sys=0.01, real=0.06 secs] 
5456.932: [GC (Allocation Failure) [PSYoungGen: 446400K->150720K(493056K)] 642391K->446416K(1891328K), 0.0498563 secs] [Times: user=0.30 sys=0.01, real=0.05 secs] 
5458.350: [GC (GCLocker Initiated GC) [PSYoungGen: 492736K->107488K(518656K)] 788432K->536568K(1916928K), 0.1019428 secs] [Times: user=0.61 sys=0.00, real=0.10 secs] 
5459.945: [GC (GCLocker Initiated GC) [PSYoungGen: 444384K->138656K(475648K)] 873468K->671429K(1873920K), 0.0516947 secs] [Times: user=0.30 sys=0.00, real=0.05 secs] 
5461.296: [GC (GCLocker Initiated GC) [PSYoungGen: 475552K->103456K(517120K)] 1008327K->765847K(1915392K), 0.0623053 secs] [Times: user=0.37 sys=0.00, real=0.06 secs] 
5462.549: [GC (Allocation Failure) [PSYoungGen: 441376K->151424K(516096K)] 1103838K->913905K(1914368K), 0.0518268 secs] [Times: user=0.30 sys=0.00, real=0.06 secs] 
5463.916: [GC (GCLocker Initiated GC) [PSYoungGen: 489344K->103808K(517632K)] 1251826K->1000834K(1915904K), 0.0786775 secs] [Times: user=0.46 sys=0.00, real=0.08 secs] 
5465.299: [GC (Allocation Failure) [PSYoungGen: 438656K->139424K(516096K)] 1335752K->1138123K(1914368K), 0.0521532 secs] [Times: user=0.30 sys=0.00, real=0.06 secs] 
5466.773: [GC (Allocation Failure) [PSYoungGen: 474272K->102304K(516096K)] 1472971K->1231799K(1914368K), 0.0856565 secs] [Times: user=0.50 sys=0.00, real=0.08 secs] 
5468.364: [GC (Allocation Failure) [PSYoungGen: 438688K->138368K(516096K)] 1568183K->1368369K(1914368K), 0.0522046 secs] [Times: user=0.31 sys=0.00, real=0.05 secs] 
5470.107: [GC (GCLocker Initiated GC) [PSYoungGen: 474752K->107104K(515584K)] 1704757K->1467021K(1913856K), 0.0652666 secs] [Times: user=0.39 sys=0.00, real=0.07 secs] 
5470.172: [Full GC (Ergonomics) [PSYoungGen: 107104K->0K(515584K)] [ParOldGen: 1359917K->26171K(1398272K)] 1467021K->26171K(1913856K), [Metaspace: 59704K->59684K(1105920K)], 0.0562133 secs] [Times: user=0.16 sys=0.00, real=0.05 secs] 
5472.399: [GC (Allocation Failure) [PSYoungGen: 339968K->145152K(517120K)] 366141K->171326K(1915392K), 0.0275954 secs] [Times: user=0.16 sys=0.00, real=0.03 secs] 
5473.702: [GC (Allocation Failure) [PSYoungGen: 485120K->108352K(519680K)] 511294K->262346K(1917952K), 0.0636308 secs] [Times: user=0.38 sys=0.00, real=0.06 secs] 
5474.600: [GC (Allocation Failure) [PSYoungGen: 449856K->137184K(519168K)] 603850K->398218K(1917440K), 0.0524884 secs] [Times: user=0.30 sys=0.00, real=0.05 secs] 
5475.960: [GC (Allocation Failure) [PSYoungGen: 478688K->110048K(517120K)] 739722K->498914K(1915392K), 0.0642822 secs] [Times: user=0.39 sys=0.00, real=0.07 secs] 
5477.019: [GC (GCLocker Initiated GC) [PSYoungGen: 454112K->139648K(518656K)] 842979K->637835K(1916928K), 0.0550751 secs] [Times: user=0.33 sys=0.00, real=0.06 secs] 
5478.615: [GC (Allocation Failure) [PSYoungGen: 483712K->110048K(520704K)] 981903K->739399K(1918976K), 0.0649317 secs] [Times: user=0.38 sys=0.00, real=0.06 secs] 
5479.977: [GC (Allocation Failure) [PSYoungGen: 459232K->140896K(522240K)] 1088583K->878523K(1920512K), 0.0531707 secs] [Times: user=0.31 sys=0.00, real=0.05 secs] 
5481.303: [GC (Allocation Failure) [PSYoungGen: 490080K->113376K(521728K)] 1227707K->982627K(1920000K), 0.0663821 secs] [Times: user=0.39 sys=0.00, real=0.06 secs] 
5482.751: [GC (Allocation Failure) [PSYoungGen: 465120K->141984K(523264K)] 1334371K->1122392K(1921536K), 0.0543894 secs] [Times: user=0.32 sys=0.00, real=0.05 secs] 
5484.097: [GC (Allocation Failure) [PSYoungGen: 493728K->113760K(524288K)] 1474136K->1226712K(1922560K), 0.0726388 secs] [Times: user=0.44 sys=0.00, real=0.07 secs] 
5485.968: [GC (Allocation Failure) [PSYoungGen: 467552K->144128K(524800K)] 1580504K->1368021K(1923072K), 0.0551291 secs] [Times: user=0.32 sys=0.00, real=0.06 secs] 
5487.543: [GC (GCLocker Initiated GC) [PSYoungGen: 497920K->112096K(525312K)] 1721813K->1470741K(1923584K), 0.1133983 secs] [Times: user=0.67 sys=0.00, real=0.11 secs] 
5487.657: [Full GC (Ergonomics) [PSYoungGen: 112096K->0K(525312K)] [ParOldGen: 1358645K->36803K(1398272K)] 1470741K->36803K(1923584K), [Metaspace: 59684K->59684K(1105920K)], 0.1010319 secs] [Times: user=0.41 sys=0.00, real=0.10 secs] 
5489.497: [GC (Allocation Failure) [PSYoungGen: 354304K->143232K(525312K)] 391110K->180038K(1923584K), 0.0284660 secs] [Times: user=0.16 sys=0.00, real=0.03 secs] 
5490.918: [GC (Allocation Failure) [PSYoungGen: 497536K->114944K(524800K)] 534342K->285622K(1923072K), 0.0654050 secs] [Times: user=0.38 sys=0.00, real=0.07 secs] 
5492.103: [GC (Allocation Failure) [PSYoungGen: 469760K->146496K(501760K)] 640438K->427947K(1900032K), 0.0543285 secs] [Times: user=0.32 sys=0.00, real=0.05 secs] 
5493.559: [GC (Allocation Failure) [PSYoungGen: 501312K->114848K(527360K)] 782763K->533211K(1925632K), 0.1036558 secs] [Times: user=0.61 sys=0.00, real=0.11 secs] 
5494.315: [GC (Allocation Failure) [PSYoungGen: 460841K->146048K(524800K)] 879204K->676491K(1923072K), 0.0543928 secs] [Times: user=0.32 sys=0.01, real=0.05 secs] 
5496.668: [GC (Allocation Failure) [PSYoungGen: 499328K->105600K(525312K)] 1029771K->773668K(1923584K), 0.1482357 secs] [Times: user=0.88 sys=0.01, real=0.15 secs] 
5497.544: [GC (Allocation Failure) [PSYoungGen: 456281K->146176K(497664K)] 1124349K->915488K(1895936K), 0.0508766 secs] [Times: user=0.30 sys=0.00, real=0.05 secs] 
5499.154: [GC (Allocation Failure) [PSYoungGen: 497408K->111136K(524288K)] 1266720K->1017816K(1922560K), 0.1186957 secs] [Times: user=0.70 sys=0.00, real=0.12 secs] 
5499.877: [GC (Allocation Failure) [PSYoungGen: 450055K->140960K(522752K)] 1356736K->1154274K(1921024K), 0.0531554 secs] [Times: user=0.31 sys=0.00, real=0.06 secs] 
5501.561: [GC (Allocation Failure) [PSYoungGen: 489120K->110048K(522240K)] 1502434K->1254770K(1920512K), 0.0669836 secs] [Times: user=0.40 sys=0.00, real=0.06 secs] 
5502.341: [GC (Allocation Failure) [PSYoungGen: 445293K->140032K(522752K)] 1590016K->1391736K(1921024K), 0.0534924 secs] [Times: user=0.32 sys=0.00, real=0.05 secs] 
5502.394: [Full GC (Ergonomics) [PSYoungGen: 140032K->0K(522752K)] [ParOldGen: 1251704K->195869K(1398272K)] 1391736K->195869K(1921024K), [Metaspace: 59684K->59684K(1105920K)], 0.4719967 secs] [Times: user=2.18 sys=0.00, real=0.47 secs] 
5504.781: [GC (Allocation Failure) [PSYoungGen: 349184K->107264K(523264K)] 545053K->303133K(1921536K), 0.0730586 secs] [Times: user=0.43 sys=0.00, real=0.07 secs] 
5505.535: [GC (Allocation Failure) [PSYoungGen: 459008K->144704K(496640K)] 654877K->443350K(1894912K), 0.0503351 secs] [Times: user=0.29 sys=0.00, real=0.05 secs] 
5507.035: [GC (GCLocker Initiated GC) [PSYoungGen: 496448K->110624K(525824K)] 795094K->544922K(1924096K), 0.0940565 secs] [Times: user=0.56 sys=0.01, real=0.09 secs] 
5508.396: [GC (Allocation Failure) [PSYoungGen: 461344K->137664K(523776K)] 912097K->694094K(1922048K), 0.2404456 secs] [Times: user=1.44 sys=0.00, real=0.24 secs] 
5510.370: [GC (Allocation Failure) [PSYoungGen: 488384K->103488K(524288K)] 1044814K->796714K(1922560K), 0.3073959 secs] [Times: user=1.83 sys=0.01, real=0.31 secs] 
5511.100: [GC (Allocation Failure) [PSYoungGen: 454720K->150560K(502272K)] 1147946K->940823K(1900544K), 0.0575842 secs] [Times: user=0.34 sys=0.00, real=0.06 secs] 
5513.712: [GC (Allocation Failure) [PSYoungGen: 501792K->100480K(522240K)] 1292055K->1040015K(1920512K), 0.1190665 secs] [Times: user=0.70 sys=0.00, real=0.12 secs] 
5514.257: [GC (Allocation Failure) [PSYoungGen: 445568K->149152K(494592K)] 1385103K->1183340K(1892864K), 0.0586799 secs] [Times: user=0.34 sys=0.00, real=0.06 secs] 
5516.844: [GC (GCLocker Initiated GC) [PSYoungGen: 494240K->92288K(517120K)] 1528434K->1275334K(1915392K), 0.1228541 secs] [Times: user=0.73 sys=0.00, real=0.12 secs] 
5517.385: [GC (Allocation Failure) [PSYoungGen: 428672K->145600K(482304K)] 1611788K->1414980K(1880576K), 0.0553571 secs] [Times: user=0.32 sys=0.01, real=0.06 secs] 
5517.440: [Full GC (Ergonomics) [PSYoungGen: 145600K->0K(482304K)] [ParOldGen: 1269380K->214038K(1398272K)] 1414980K->214038K(1880576K), [Metaspace: 59687K->59687K(1105920K)], 0.5172878 secs] [Times: user=2.43 sys=0.00, real=0.51 secs] 
5519.748: [GC (Allocation Failure) [PSYoungGen: 336384K->93664K(515584K)] 550422K->307702K(1913856K), 0.1185423 secs] [Times: user=0.70 sys=0.00, real=0.12 secs] 
5520.734: [GC (Allocation Failure) [PSYoungGen: 425440K->143072K(475136K)] 639478K->444165K(1873408K), 0.0528703 secs] [Times: user=0.31 sys=0.00, real=0.05 secs] 
5522.600: [GC (Allocation Failure) [PSYoungGen: 474848K->93984K(514560K)] 775941K->537477K(1912832K), 0.1296978 secs] [Times: user=0.77 sys=0.00, real=0.13 secs] 
5523.389: [GC (Allocation Failure) [PSYoungGen: 423712K->138240K(468480K)] 867205K->671646K(1866752K), 0.0502609 secs] [Times: user=0.29 sys=0.01, real=0.05 secs] 
5524.825: [GC (GCLocker Initiated GC) [PSYoungGen: 467968K->101664K(515584K)] 1001375K->764163K(1913856K), 0.0883788 secs] [Times: user=0.53 sys=0.00, real=0.09 secs] 
5525.525: [GC (Allocation Failure) [PSYoungGen: 433440K->139040K(513536K)] 1095940K->899009K(1911808K), 0.0497712 secs] [Times: user=0.29 sys=0.00, real=0.05 secs] 
5526.817: [GC (Allocation Failure) [PSYoungGen: 470816K->103040K(513536K)] 1230785K->992657K(1911808K), 0.0636546 secs] [Times: user=0.37 sys=0.01, real=0.07 secs] 
5528.343: [GC (Allocation Failure) [PSYoungGen: 437888K->139776K(514560K)] 1327505K->1129774K(1912832K), 0.0524199 secs] [Times: user=0.31 sys=0.00, real=0.05 secs] 
5529.749: [GC (Allocation Failure) [PSYoungGen: 474624K->101376K(516096K)] 1464622K->1222294K(1914368K), 0.0648235 secs] [Times: user=0.38 sys=0.01, real=0.07 secs] 
5531.349: [GC (Allocation Failure) [PSYoungGen: 439808K->139552K(517120K)] 1560726K->1359543K(1915392K), 0.0523780 secs] [Times: user=0.31 sys=0.00, real=0.06 secs] 
5533.013: [GC (Allocation Failure) [PSYoungGen: 477984K->104416K(516096K)] 1697975K->1455183K(1914368K), 0.0649088 secs] [Times: user=0.38 sys=0.00, real=0.06 secs] 
5533.078: [Full GC (Ergonomics) [PSYoungGen: 104416K->0K(516096K)] [ParOldGen: 1350766K->25447K(1398272K)] 1455183K->25447K(1914368K), [Metaspace: 59687K->59687K(1105920K)], 0.0505589 secs] [Times: user=0.16 sys=0.00, real=0.05 secs] 
5534.072: [GC (Allocation Failure) [PSYoungGen: 340480K->140576K(517632K)] 365927K->166023K(1915904K), 0.0282315 secs] [Times: user=0.17 sys=0.00, real=0.02 secs] 
5535.364: [GC (Allocation Failure) [PSYoungGen: 481056K->108032K(517632K)] 506503K->265239K(1915904K), 0.0644253 secs] [Times: user=0.38 sys=0.00, real=0.06 secs] 
5537.053: [GC (Allocation Failure) [PSYoungGen: 450560K->138048K(518656K)] 607767K->401399K(1916928K), 0.0521535 secs] [Times: user=0.30 sys=0.00, real=0.05 secs] 
5538.478: [GC (GCLocker Initiated GC) [PSYoungGen: 480576K->110336K(517120K)] 743928K->502428K(1915392K), 0.0647392 secs] [Times: user=0.39 sys=0.00, real=0.07 secs] 
5539.839: [GC (Allocation Failure) [PSYoungGen: 456448K->141120K(519680K)] 848611K->641232K(1917952K), 0.0528979 secs] [Times: user=0.31 sys=0.00, real=0.06 secs] 
5541.168: [GC (GCLocker Initiated GC) [PSYoungGen: 487232K->108768K(522240K)] 987344K->740784K(1920512K), 0.0753050 secs] [Times: user=0.45 sys=0.01, real=0.08 secs] 
5542.256: [GC (Allocation Failure) [PSYoungGen: 458464K->144736K(522752K)] 1090551K->883115K(1921024K), 0.0536562 secs] [Times: user=0.31 sys=0.00, real=0.05 secs] 
5543.589: [GC (Allocation Failure) [PSYoungGen: 494432K->110720K(523264K)] 1232811K->984747K(1921536K), 0.0764495 secs] [Times: user=0.46 sys=0.00, real=0.08 secs] 
5544.469: [GC (Allocation Failure) [PSYoungGen: 459904K->145856K(495104K)] 1333931K->1129180K(1893376K), 0.0565517 secs] [Times: user=0.33 sys=0.00, real=0.06 secs] 
5545.869: [GC (GCLocker Initiated GC) [PSYoungGen: 495040K->109632K(524800K)] 1478366K->1230406K(1923072K), 0.0661277 secs] [Times: user=0.39 sys=0.00, real=0.07 secs] 
5547.567: [GC (Allocation Failure) [PSYoungGen: 457792K->140384K(522240K)] 1578571K->1367824K(1920512K), 0.0531046 secs] [Times: user=0.31 sys=0.01, real=0.06 secs] 
5548.883: [GC (Allocation Failure) [PSYoungGen: 488544K->113248K(520192K)] 1715984K->1471684K(1918464K), 0.0656922 secs] [Times: user=0.38 sys=0.00, real=0.06 secs] 
5548.948: [Full GC (Ergonomics) [PSYoungGen: 113248K->0K(520192K)] [ParOldGen: 1358436K->38075K(1398272K)] 1471684K->38075K(1918464K), [Metaspace: 59691K->59691K(1105920K)], 0.0789598 secs] [Times: user=0.30 sys=0.00, real=0.08 secs] 
5550.219: [GC (Allocation Failure) [PSYoungGen: 349184K->142912K(521728K)] 387259K->180987K(1920000K), 0.0284711 secs] [Times: user=0.16 sys=0.00, real=0.03 secs] 
5551.499: [GC (GCLocker Initiated GC) [PSYoungGen: 492096K->110240K(524288K)] 530171K->282091K(1922560K), 0.0650430 secs] [Times: user=0.39 sys=0.00, real=0.07 secs] 
5552.145: [GC (Allocation Failure) [PSYoungGen: 461984K->157568K(509440K)] 633874K->436779K(1907712K), 0.0540179 secs] [Times: user=0.32 sys=0.00, real=0.05 secs] 
5554.234: [GC (Allocation Failure) [PSYoungGen: 509312K->107904K(520704K)] 788523K->528067K(1918976K), 0.0970254 secs] [Times: user=0.58 sys=0.00, real=0.10 secs] 
5555.487: [GC (Allocation Failure) [PSYoungGen: 448384K->141504K(518656K)] 868547K->665580K(1916928K), 0.0523829 secs] [Times: user=0.31 sys=0.00, real=0.05 secs] 
5556.834: [GC (GCLocker Initiated GC) [PSYoungGen: 481984K->106656K(519168K)] 1006060K->762508K(1917440K), 0.0980004 secs] [Times: user=0.58 sys=0.00, real=0.10 secs] 
5558.028: [GC (Allocation Failure) [PSYoungGen: 448672K->142304K(519168K)] 1104527K->900692K(1917440K), 0.0520125 secs] [Times: user=0.31 sys=0.00, real=0.05 secs] 
5559.369: [GC (Allocation Failure) [PSYoungGen: 484320K->108032K(519680K)] 1242708K->999388K(1917952K), 0.0653277 secs] [Times: user=0.38 sys=0.00, real=0.07 secs] 
5560.667: [GC (Allocation Failure) [PSYoungGen: 451584K->143584K(520192K)] 1342940K->1139409K(1918464K), 0.0532344 secs] [Times: user=0.32 sys=0.00, real=0.06 secs] 
5562.035: [GC (Allocation Failure) [PSYoungGen: 487136K->107904K(519680K)] 1482961K->1238457K(1917952K), 0.0939109 secs] [Times: user=0.56 sys=0.00, real=0.09 secs] 
5563.906: [GC (Allocation Failure) [PSYoungGen: 451968K->143488K(520192K)] 1582521K->1377678K(1918464K), 0.0531443 secs] [Times: user=0.32 sys=0.00, real=0.05 secs] 
5563.959: [Full GC (Ergonomics) [PSYoungGen: 143488K->0K(520192K)] [ParOldGen: 1234190K->182608K(1398272K)] 1377678K->182608K(1918464K), [Metaspace: 59691K->59691K(1105920K)], 0.4466630 secs] [Times: user=2.08 sys=0.00, real=0.45 secs] 
5565.627: [GC (Allocation Failure) [PSYoungGen: 344064K->106912K(520704K)] 526672K->289520K(1918976K), 0.0335527 secs] [Times: user=0.19 sys=0.00, real=0.04 secs] 
5566.467: [GC (Allocation Failure) [PSYoungGen: 451488K->144096K(520704K)] 634096K->430505K(1918976K), 0.0521621 secs] [Times: user=0.31 sys=0.00, real=0.05 secs] 
5567.996: [GC (Allocation Failure) [PSYoungGen: 488672K->105920K(521216K)] 775081K->527729K(1919488K), 0.0732564 secs] [Times: user=0.43 sys=0.00, real=0.07 secs] 
5569.190: [GC (Allocation Failure) [PSYoungGen: 449984K->145632K(489984K)] 871793K->670193K(1888256K), 0.0528049 secs] [Times: user=0.31 sys=0.00, real=0.06 secs] 
5570.655: [GC (GCLocker Initiated GC) [PSYoungGen: 489696K->105664K(521216K)] 1014258K->767186K(1919488K), 0.0985258 secs] [Times: user=0.58 sys=0.00, real=0.10 secs] 
5571.575: [GC (Allocation Failure) [PSYoungGen: 447680K->145312K(487424K)] 1109209K->909164K(1885696K), 0.0529801 secs] [Times: user=0.31 sys=0.00, real=0.05 secs] 
5573.029: [GC (Allocation Failure) [PSYoungGen: 487328K->103776K(520192K)] 1251180K->1004100K(1918464K), 0.0831388 secs] [Times: user=0.49 sys=0.00, real=0.09 secs] 
5574.175: [GC (Allocation Failure) [PSYoungGen: 443744K->144960K(485376K)] 1344068K->1144977K(1883648K), 0.0517432 secs] [Times: user=0.30 sys=0.00, real=0.05 secs] 
5575.555: [GC (Allocation Failure) [PSYoungGen: 484928K->105344K(519680K)] 1484945K->1241425K(1917952K), 0.0650719 secs] [Times: user=0.39 sys=0.00, real=0.07 secs] 
5576.925: [GC (Allocation Failure) [PSYoungGen: 444288K->141376K(518144K)] 1580369K->1379658K(1916416K), 0.0534671 secs] [Times: user=0.32 sys=0.00, real=0.05 secs] 
5576.978: [Full GC (Ergonomics) [PSYoungGen: 141376K->0K(518144K)] [ParOldGen: 1238282K->178720K(1398272K)] 1379658K->178720K(1916416K), [Metaspace: 59691K->59691K(1105920K)], 0.4440411 secs] [Times: user=2.07 sys=0.00, real=0.45 secs] 
5578.704: [GC (Allocation Failure) [PSYoungGen: 338944K->105728K(517632K)] 517664K->284448K(1915904K), 0.0340157 secs] [Times: user=0.20 sys=0.00, real=0.03 secs] 
5580.286: [GC (Allocation Failure) [PSYoungGen: 445696K->138336K(518144K)] 624416K->420013K(1916416K), 0.0525817 secs] [Times: user=0.31 sys=0.00, real=0.05 secs] 
5581.651: [GC (GCLocker Initiated GC) [PSYoungGen: 478304K->107072K(516608K)] 759981K->518017K(1914880K), 0.0676893 secs] [Times: user=0.40 sys=0.00, real=0.06 secs] 
5582.660: [GC (Allocation Failure) [PSYoungGen: 450112K->141760K(518656K)] 861059K->657332K(1916928K), 0.0527252 secs] [Times: user=0.31 sys=0.01, real=0.06 secs] 
5584.058: [GC (Allocation Failure) [PSYoungGen: 484800K->107392K(520704K)] 1000372K->755732K(1918976K), 0.0789685 secs] [Times: user=0.47 sys=0.00, real=0.08 secs] 
5585.222: [GC (GCLocker Initiated GC) [PSYoungGen: 453504K->144672K(521216K)] 1101844K->898513K(1919488K), 0.0567565 secs] [Times: user=0.33 sys=0.00, real=0.05 secs] 
5587.068: [GC (GCLocker Initiated GC) [PSYoungGen: 490784K->105792K(522240K)] 1244628K->995836K(1920512K), 0.0689501 secs] [Times: user=0.41 sys=0.00, real=0.07 secs] 
5588.315: [GC (Allocation Failure) [PSYoungGen: 450880K->144448K(489984K)] 1340927K->1138109K(1888256K), 0.0535939 secs] [Times: user=0.32 sys=0.00, real=0.05 secs] 
5589.622: [GC (Allocation Failure) [PSYoungGen: 489536K->107200K(522240K)] 1483197K->1236613K(1920512K), 0.0654343 secs] [Times: user=0.39 sys=0.00, real=0.06 secs] 
5591.546: [GC (Allocation Failure) [PSYoungGen: 450752K->143264K(520192K)] 1580165K->1377000K(1918464K), 0.0531282 secs] [Times: user=0.31 sys=0.00, real=0.05 secs] 
5591.599: [Full GC (Ergonomics) [PSYoungGen: 143264K->0K(520192K)] [ParOldGen: 1233736K->174243K(1398272K)] 1377000K->174243K(1918464K), [Metaspace: 59691K->59691K(1105920K)], 0.4155307 secs] [Times: user=1.91 sys=0.00, real=0.42 secs] 
5593.249: [GC (Allocation Failure) [PSYoungGen: 343552K->107488K(519680K)] 517795K->281731K(1917952K), 0.0503413 secs] [Times: user=0.29 sys=0.00, real=0.05 secs] 
5594.942: [GC (Allocation Failure) [PSYoungGen: 451552K->140128K(520192K)] 625795K->419263K(1918464K), 0.0526609 secs] [Times: user=0.31 sys=0.00, real=0.05 secs] 
5596.231: [GC (Allocation Failure) [PSYoungGen: 484192K->107072K(519680K)] 763327K->517239K(1917952K), 0.0708382 secs] [Times: user=0.41 sys=0.00, real=0.07 secs] 
5597.506: [GC (Allocation Failure) [PSYoungGen: 452672K->141408K(520704K)] 862839K->655572K(1918976K), 0.0529019 secs] [Times: user=0.31 sys=0.00, real=0.05 secs] 
5598.849: [GC (Allocation Failure) [PSYoungGen: 487008K->110720K(520192K)] 1001172K->756556K(1918464K), 0.0647537 secs] [Times: user=0.39 sys=0.01, real=0.07 secs] 
5599.804: [GC (Allocation Failure) [PSYoungGen: 457856K->144032K(521216K)] 1103692K->897769K(1919488K), 0.0542909 secs] [Times: user=0.32 sys=0.00, real=0.05 secs] 
5601.126: [GC (Allocation Failure) [PSYoungGen: 491168K->109152K(522752K)] 1244905K->997717K(1921024K), 0.0662613 secs] [Times: user=0.39 sys=0.00, real=0.07 secs] 
5602.288: [GC (Allocation Failure) [PSYoungGen: 457824K->145920K(495104K)] 1346389K->1141414K(1893376K), 0.0550718 secs] [Times: user=0.32 sys=0.00, real=0.06 secs] 
5603.721: [GC (Allocation Failure) [PSYoungGen: 494592K->109248K(523776K)] 1490086K->1241890K(1922048K), 0.0926469 secs] [Times: user=0.55 sys=0.01, real=0.09 secs] 
5604.770: [GC (Allocation Failure) [PSYoungGen: 455872K->145120K(492032K)] 1588514K->1383247K(1890304K), 0.0540752 secs] [Times: user=0.32 sys=0.00, real=0.06 secs] 
5604.824: [Full GC (Ergonomics) [PSYoungGen: 145120K->0K(492032K)] [ParOldGen: 1238127K->181786K(1398272K)] 1383247K->181786K(1890304K), [Metaspace: 59691K->59691K(1105920K)], 0.4516287 secs] [Times: user=2.11 sys=0.00, real=0.45 secs] 
5606.470: [GC (Allocation Failure) [PSYoungGen: 346624K->105952K(522752K)] 528410K->287738K(1921024K), 0.0339482 secs] [Times: user=0.20 sys=0.00, real=0.03 secs] 
5608.090: [GC (Allocation Failure) [PSYoungGen: 451040K->144096K(489472K)] 632826K->428070K(1887744K), 0.0522797 secs] [Times: user=0.31 sys=0.00, real=0.06 secs] 
5609.382: [GC (Allocation Failure) [PSYoungGen: 489184K->107552K(522752K)] 773158K->526686K(1921024K), 0.0645651 secs] [Times: user=0.38 sys=0.00, real=0.06 secs] 
5610.922: [GC (Allocation Failure) [PSYoungGen: 452128K->142528K(520704K)] 871262K->665443K(1918976K), 0.0525033 secs] [Times: user=0.31 sys=0.00, real=0.05 secs] 
5612.296: [GC (Allocation Failure) [PSYoungGen: 487104K->108064K(520192K)] 1010019K->764083K(1918464K), 0.0650901 secs] [Times: user=0.39 sys=0.01, real=0.07 secs] 
5613.111: [GC (Allocation Failure) [PSYoungGen: 453152K->144928K(520704K)] 1109171K->905168K(1918976K), 0.0526962 secs] [Times: user=0.31 sys=0.00, real=0.05 secs] 
5614.506: [GC (Allocation Failure) [PSYoungGen: 490016K->107360K(521216K)] 1250256K->1003348K(1919488K), 0.1013442 secs] [Times: user=0.60 sys=0.00, real=0.10 secs] 
5615.515: [GC (Allocation Failure) [PSYoungGen: 451936K->145856K(490496K)] 1347924K->1146530K(1888768K), 0.0545558 secs] [Times: user=0.32 sys=0.00, real=0.05 secs] 
5617.391: [GC (Allocation Failure) [PSYoungGen: 490432K->105440K(521216K)] 1491106K->1243546K(1919488K), 0.0971693 secs] [Times: user=0.58 sys=0.00, real=0.09 secs] 
5618.742: [GC (GCLocker Initiated GC) [PSYoungGen: 447456K->142592K(519680K)] 1585562K->1382335K(1917952K), 0.0525859 secs] [Times: user=0.31 sys=0.00, real=0.05 secs] 
5618.795: [Full GC (Ergonomics) [PSYoungGen: 142592K->0K(519680K)] [ParOldGen: 1239743K->180709K(1398272K)] 1382335K->180709K(1917952K), [Metaspace: 59691K->59691K(1105920K)], 0.4375689 secs] [Times: user=2.04 sys=0.01, real=0.44 secs] 
5620.411: [GC (Allocation Failure) [PSYoungGen: 342016K->105344K(519168K)] 524845K->288173K(1917440K), 0.0365226 secs] [Times: user=0.22 sys=0.01, real=0.03 secs] 
5622.418: [GC (Allocation Failure) [PSYoungGen: 447872K->142656K(519680K)] 630701K->429246K(1917952K), 0.0521410 secs] [Times: user=0.31 sys=0.00, real=0.05 secs] 
5623.788: [GC (Allocation Failure) [PSYoungGen: 485184K->107008K(519168K)] 771774K->527350K(1917440K), 0.1193265 secs] [Times: user=0.71 sys=0.00, real=0.12 secs] 
5625.341: [GC (Allocation Failure) [PSYoungGen: 450048K->141696K(519680K)] 870390K->666362K(1917952K), 0.0525697 secs] [Times: user=0.31 sys=0.00, real=0.05 secs] 
5626.639: [GC (Allocation Failure) [PSYoungGen: 484736K->107328K(519680K)] 1009402K->764790K(1917952K), 0.0712886 secs] [Times: user=0.38 sys=0.00, real=0.07 secs] 
5627.610: [GC (Allocation Failure) [PSYoungGen: 451392K->141792K(520192K)] 1108854K->904391K(1918464K), 0.0528869 secs] [Times: user=0.32 sys=0.00, real=0.05 secs] 
5628.922: [GC (Allocation Failure) [PSYoungGen: 485856K->111456K(518656K)] 1248455K->1006911K(1916928K), 0.0643413 secs] [Times: user=0.38 sys=0.00, real=0.06 secs] 
5630.872: [GC (GCLocker Initiated GC) [PSYoungGen: 457056K->139200K(520192K)] 1352511K->1141452K(1918464K), 0.0537840 secs] [Times: user=0.31 sys=0.00, real=0.05 secs] 
5632.508: [GC (Allocation Failure) [PSYoungGen: 484800K->111808K(519680K)] 1487057K->1244189K(1917952K), 0.0895941 secs] [Times: user=0.53 sys=0.00, real=0.09 secs] 
5634.166: [GC (Allocation Failure) [PSYoungGen: 460992K->142208K(521728K)] 1593373K->1384506K(1920000K), 0.0531751 secs] [Times: user=0.31 sys=0.00, real=0.05 secs] 
5634.219: [Full GC (Ergonomics) [PSYoungGen: 142208K->0K(521728K)] [ParOldGen: 1242297K->178099K(1398272K)] 1384506K->178099K(1920000K), [Metaspace: 59693K->59693K(1105920K)], 0.4335872 secs] [Times: user=2.03 sys=0.00, real=0.44 secs] 
5635.857: [GC (Allocation Failure) [PSYoungGen: 349184K->111328K(523264K)] 527283K->289427K(1921536K), 0.0347566 secs] [Times: user=0.20 sys=0.00, real=0.04 secs] 
5637.375: [GC (Allocation Failure) [PSYoungGen: 463072K->144032K(523776K)] 641171K->429962K(1922048K), 0.0541207 secs] [Times: user=0.33 sys=0.00, real=0.05 secs] 
5638.937: [GC (Allocation Failure) [PSYoungGen: 495776K->112224K(524288K)] 781706K->533147K(1922560K), 0.0653931 secs] [Times: user=0.39 sys=0.00, real=0.07 secs] 
5640.709: [GC (Allocation Failure) [PSYoungGen: 464480K->145504K(498176K)] 885403K->674719K(1896448K), 0.0533891 secs] [Times: user=0.32 sys=0.00, real=0.06 secs] 
5642.475: [GC (Allocation Failure) [PSYoungGen: 497760K->109984K(525824K)] 1026975K->775623K(1924096K), 0.1349916 secs] [Times: user=0.80 sys=0.01, real=0.13 secs] 
5643.898: [GC (Allocation Failure) [PSYoungGen: 460704K->145760K(496640K)] 1126343K->917228K(1894912K), 0.0544141 secs] [Times: user=0.32 sys=0.00, real=0.06 secs] 
5645.273: [GC (Allocation Failure) [PSYoungGen: 496480K->111552K(524800K)] 1267948K->1019880K(1923072K), 0.0950346 secs] [Times: user=0.56 sys=0.01, real=0.09 secs] 
5646.595: [GC (Allocation Failure) [PSYoungGen: 460224K->143488K(522752K)] 1368552K->1158701K(1921024K), 0.0538441 secs] [Times: user=0.32 sys=0.00, real=0.05 secs] 
5648.090: [GC (Allocation Failure) [PSYoungGen: 492160K->112160K(522240K)] 1507373K->1261389K(1920512K), 0.0681689 secs] [Times: user=0.40 sys=0.00, real=0.07 secs] 
5648.672: [GC (Allocation Failure) [PSYoungGen: 446386K->139392K(522752K)] 1595616K->1396838K(1921024K), 0.0532017 secs] [Times: user=0.31 sys=0.00, real=0.05 secs] 
5648.726: [Full GC (Ergonomics) [PSYoungGen: 139392K->0K(522752K)] [ParOldGen: 1257446K->196125K(1398272K)] 1396838K->196125K(1921024K), [Metaspace: 59693K->59693K(1105920K)], 0.4787153 secs] [Times: user=2.23 sys=0.00, real=0.48 secs] 
5650.822: [GC (Allocation Failure) [PSYoungGen: 349184K->107136K(523264K)] 545309K->303261K(1921536K), 0.0482966 secs] [Times: user=0.28 sys=0.00, real=0.04 secs] 
5651.563: [GC (Allocation Failure) [PSYoungGen: 450213K->144288K(524288K)] 646338K->443506K(1922560K), 0.0504873 secs] [Times: user=0.30 sys=0.00, real=0.05 secs] 
5653.295: [GC (GCLocker Initiated GC) [PSYoungGen: 496032K->108704K(524800K)] 795251K->543307K(1923072K), 0.0807168 secs] [Times: user=0.48 sys=0.00, real=0.08 secs] 
5654.518: [GC (Allocation Failure) [PSYoungGen: 459936K->138656K(524288K)] 910926K->694219K(1922560K), 0.2119678 secs] [Times: user=1.27 sys=0.00, real=0.22 secs] 
5657.036: [GC (Allocation Failure) [PSYoungGen: 489888K->97696K(525312K)] 1045451K->791779K(1923584K), 0.3777795 secs] [Times: user=2.25 sys=0.01, real=0.38 secs] 
5657.887: [GC (Allocation Failure) [PSYoungGen: 449440K->151552K(503808K)] 1143523K->937287K(1902080K), 0.0570446 secs] [Times: user=0.33 sys=0.00, real=0.06 secs] 
5659.992: [GC (Allocation Failure) [PSYoungGen: 503296K->99168K(520192K)] 1289031K->1035651K(1918464K), 0.1282723 secs] [Times: user=0.76 sys=0.00, real=0.13 secs] 
5660.560: [GC (Allocation Failure) [PSYoungGen: 440160K->149088K(490496K)] 1376643K->1178648K(1888768K), 0.0558460 secs] [Times: user=0.33 sys=0.00, real=0.06 secs] 
5662.694: [GC (Allocation Failure) [PSYoungGen: 490080K->91008K(515584K)] 1519640K->1269404K(1913856K), 0.1351255 secs] [Times: user=0.79 sys=0.00, real=0.13 secs] 
5663.451: [GC (Allocation Failure) [PSYoungGen: 424320K->145056K(478720K)] 1602716K->1408221K(1876992K), 0.0548123 secs] [Times: user=0.32 sys=0.01, real=0.05 secs] 
5663.506: [Full GC (Ergonomics) [PSYoungGen: 145056K->0K(478720K)] [ParOldGen: 1263165K->206613K(1398272K)] 1408221K->206613K(1876992K), [Metaspace: 59693K->59693K(1105920K)], 0.4844563 secs] [Times: user=2.26 sys=0.00, real=0.48 secs] 
5665.387: [GC (Allocation Failure) [PSYoungGen: 333312K->100608K(515584K)] 539925K->307221K(1913856K), 0.1140764 secs] [Times: user=0.68 sys=0.00, real=0.12 secs] 
5665.952: [GC (Allocation Failure) [PSYoungGen: 430518K->138592K(514048K)] 637131K->435454K(1912320K), 0.0492056 secs] [Times: user=0.29 sys=0.00, real=0.05 secs] 
5667.394: [GC (Allocation Failure) [PSYoungGen: 469344K->102848K(512000K)] 766206K->528730K(1910272K), 0.0721151 secs] [Times: user=0.42 sys=0.00, real=0.07 secs] 
5668.205: [GC (Allocation Failure) [PSYoungGen: 435136K->141056K(513024K)] 861018K->666939K(1911296K), 0.0503419 secs] [Times: user=0.29 sys=0.00, real=0.05 secs] 
5670.185: [GC (Allocation Failure) [PSYoungGen: 473344K->100096K(515584K)] 999227K->758667K(1913856K), 0.0638911 secs] [Times: user=0.37 sys=0.00, real=0.06 secs] 
5671.235: [GC (Allocation Failure) [PSYoungGen: 435968K->142176K(516096K)] 1094539K->896952K(1914368K), 0.0500620 secs] [Times: user=0.29 sys=0.00, real=0.05 secs] 
5672.531: [GC (Allocation Failure) [PSYoungGen: 478048K->104160K(515584K)] 1232824K->992272K(1913856K), 0.0640121 secs] [Times: user=0.38 sys=0.00, real=0.06 secs] 
5673.429: [GC (Allocation Failure) [PSYoungGen: 440544K->140864K(516096K)] 1328656K->1131225K(1914368K), 0.0524471 secs] [Times: user=0.32 sys=0.00, real=0.06 secs] 
5674.731: [GC (Allocation Failure) [PSYoungGen: 477248K->104416K(516096K)] 1467609K->1227065K(1914368K), 0.0656262 secs] [Times: user=0.39 sys=0.00, real=0.06 secs] 
5676.284: [GC (Allocation Failure) [PSYoungGen: 442848K->139520K(517120K)] 1565497K->1364144K(1915392K), 0.0530852 secs] [Times: user=0.32 sys=0.00, real=0.05 secs] 
5677.598: [GC (Allocation Failure) [PSYoungGen: 477952K->106112K(515584K)] 1702576K->1461280K(1913856K), 0.0637516 secs] [Times: user=0.38 sys=0.00, real=0.07 secs] 
5677.661: [Full GC (Ergonomics) [PSYoungGen: 106112K->0K(515584K)] [ParOldGen: 1355168K->30602K(1398272K)] 1461280K->30602K(1913856K), [Metaspace: 59693K->59693K(1105920K)], 0.0579655 secs] [Times: user=0.20 sys=0.00, real=0.05 secs] 
5679.646: [GC (Allocation Failure) [PSYoungGen: 340992K->138432K(517632K)] 371594K->169034K(1915904K), 0.0279755 secs] [Times: user=0.16 sys=0.00, real=0.03 secs] 
5681.019: [GC (Allocation Failure) [PSYoungGen: 479424K->110176K(517120K)] 510026K->269902K(1915392K), 0.0651440 secs] [Times: user=0.38 sys=0.00, real=0.07 secs] 
5682.188: [GC (Allocation Failure) [PSYoungGen: 454752K->139072K(519168K)] 614478K->406419K(1917440K), 0.0533090 secs] [Times: user=0.31 sys=0.01, real=0.06 secs] 
5683.550: [GC (Allocation Failure) [PSYoungGen: 483648K->110976K(519168K)] 750995K->507971K(1917440K), 0.0804615 secs] [Times: user=0.47 sys=0.00, real=0.09 secs] 
5684.567: [GC (Allocation Failure) [PSYoungGen: 459648K->144736K(521216K)] 856643K->651036K(1919488K), 0.0547948 secs] [Times: user=0.32 sys=0.00, real=0.06 secs] 
5685.887: [GC (Allocation Failure) [PSYoungGen: 493408K->110048K(523776K)] 999708K->752140K(1922048K), 0.0663256 secs] [Times: user=0.40 sys=0.00, real=0.07 secs] 
5687.453: [GC (Allocation Failure) [PSYoungGen: 460256K->144416K(495104K)] 1102348K->893921K(1893376K), 0.0540358 secs] [Times: user=0.31 sys=0.00, real=0.05 secs] 
5688.791: [GC (Allocation Failure) [PSYoungGen: 494624K->110720K(525312K)] 1244129K->995761K(1923584K), 0.0752519 secs] [Times: user=0.45 sys=0.00, real=0.07 secs] 
5690.404: [GC (Allocation Failure) [PSYoungGen: 459904K->143616K(522752K)] 1344945K->1137037K(1921024K), 0.0550096 secs] [Times: user=0.32 sys=0.00, real=0.05 secs] 
5691.929: [GC (Allocation Failure) [PSYoungGen: 492800K->109152K(523264K)] 1486221K->1237437K(1921536K), 0.0659628 secs] [Times: user=0.39 sys=0.00, real=0.07 secs] 
5693.586: [GC (Allocation Failure) [PSYoungGen: 458848K->144480K(494592K)] 1587133K->1377914K(1892864K), 0.0539998 secs] [Times: user=0.31 sys=0.00, real=0.06 secs] 
5693.640: [Full GC (Ergonomics) [PSYoungGen: 144480K->0K(494592K)] [ParOldGen: 1233434K->181137K(1398272K)] 1377914K->181137K(1892864K), [Metaspace: 59693K->59693K(1105920K)], 0.4494442 secs] [Times: user=2.11 sys=0.00, real=0.44 secs] 
5695.290: [GC (GCLocker Initiated GC) [PSYoungGen: 349696K->109504K(524800K)] 530835K->290643K(1923072K), 0.0339936 secs] [Times: user=0.20 sys=0.00, real=0.04 secs] 
5696.205: [GC (Allocation Failure) [PSYoungGen: 458176K->146560K(495616K)] 639380K->433120K(1893888K), 0.0533778 secs] [Times: user=0.31 sys=0.00, real=0.05 secs] 
5697.579: [GC (Allocation Failure) [PSYoungGen: 495232K->110752K(523776K)] 781792K->535089K(1922048K), 0.0648892 secs] [Times: user=0.38 sys=0.00, real=0.07 secs] 
5698.362: [GC (Allocation Failure) [PSYoungGen: 457376K->155808K(502784K)] 881713K->685831K(1901056K), 0.0534922 secs] [Times: user=0.31 sys=0.01, real=0.05 secs] 
5700.170: [GC (GCLocker Initiated GC) [PSYoungGen: 502432K->106912K(519168K)] 1032460K->776068K(1917440K), 0.1592334 secs] [Times: user=0.94 sys=0.01, real=0.15 secs] 
5701.186: [GC (GCLocker Initiated GC) [PSYoungGen: 444832K->141600K(517632K)] 1113990K->914111K(1915904K), 0.0518633 secs] [Times: user=0.31 sys=0.00, real=0.05 secs] 
5702.507: [GC (Allocation Failure) [PSYoungGen: 479520K->104352K(517120K)] 1252033K->1009713K(1915392K), 0.0647835 secs] [Times: user=0.38 sys=0.00, real=0.07 secs] 
5703.862: [GC (Allocation Failure) [PSYoungGen: 443296K->142464K(517632K)] 1348657K->1147646K(1915904K), 0.0517380 secs] [Times: user=0.30 sys=0.00, real=0.05 secs] 
5705.199: [GC (Allocation Failure) [PSYoungGen: 481408K->105248K(518144K)] 1486590K->1243814K(1916416K), 0.0642596 secs] [Times: user=0.38 sys=0.00, real=0.07 secs] 
5706.720: [GC (Allocation Failure) [PSYoungGen: 445728K->142432K(518656K)] 1584294K->1382355K(1916928K), 0.0524090 secs] [Times: user=0.31 sys=0.01, real=0.05 secs] 
5706.773: [Full GC (Ergonomics) [PSYoungGen: 142432K->0K(518656K)] [ParOldGen: 1239923K->180732K(1398272K)] 1382355K->180732K(1916928K), [Metaspace: 59693K->59693K(1105920K)], 0.4450592 secs] [Times: user=2.07 sys=0.00, real=0.44 secs] 
5708.413: [GC (Allocation Failure) [PSYoungGen: 340480K->106368K(518144K)] 521212K->287100K(1916416K), 0.0335454 secs] [Times: user=0.20 sys=0.00, real=0.03 secs] 
5709.475: [GC (Allocation Failure) [PSYoungGen: 447360K->143840K(518656K)] 628092K->427192K(1916928K), 0.0521306 secs] [Times: user=0.31 sys=0.00, real=0.05 secs] 
5710.777: [GC (Allocation Failure) [PSYoungGen: 484832K->106080K(519168K)] 768184K->524312K(1917440K), 0.0642746 secs] [Times: user=0.38 sys=0.00, real=0.07 secs] 
5712.099: [GC (Allocation Failure) [PSYoungGen: 447584K->140800K(519168K)] 865816K->662525K(1917440K), 0.0524700 secs] [Times: user=0.31 sys=0.00, real=0.06 secs] 
5713.423: [GC (Allocation Failure) [PSYoungGen: 482304K->107072K(518144K)] 1004029K->760613K(1916416K), 0.0646260 secs] [Times: user=0.38 sys=0.00, real=0.06 secs] 
5714.998: [GC (Allocation Failure) [PSYoungGen: 449600K->141152K(519168K)] 1103141K->899470K(1917440K), 0.0529159 secs] [Times: user=0.32 sys=0.00, real=0.06 secs] 
5716.806: [GC (Allocation Failure) [PSYoungGen: 483680K->106880K(519168K)] 1241998K->997614K(1917440K), 0.0645612 secs] [Times: user=0.38 sys=0.00, real=0.07 secs] 
5718.456: [GC (Allocation Failure) [PSYoungGen: 451456K->140384K(520192K)] 1342190K->1135355K(1918464K), 0.0533345 secs] [Times: user=0.31 sys=0.01, real=0.05 secs] 
5719.907: [GC (Allocation Failure) [PSYoungGen: 484960K->108000K(520192K)] 1479931K->1234171K(1918464K), 0.0770325 secs] [Times: user=0.46 sys=0.00, real=0.08 secs] 
5720.813: [GC (GCLocker Initiated GC) [PSYoungGen: 454624K->143296K(521216K)] 1580795K->1375176K(1919488K), 0.0534386 secs] [Times: user=0.32 sys=0.00, real=0.05 secs] 
5722.209: [GC (Allocation Failure) [PSYoungGen: 489920K->108800K(522240K)] 1721807K->1475047K(1920512K), 0.0664138 secs] [Times: user=0.39 sys=0.00, real=0.07 secs] 
5722.276: [Full GC (Ergonomics) [PSYoungGen: 108800K->0K(522240K)] [ParOldGen: 1366247K->36205K(1398272K)] 1475047K->36205K(1920512K), [Metaspace: 59693K->59693K(1105920K)], 0.0721008 secs] [Times: user=0.26 sys=0.00, real=0.07 secs] 
5723.747: [GC (Allocation Failure) [PSYoungGen: 347648K->151872K(499712K)] 383853K->188077K(1897984K), 0.0288365 secs] [Times: user=0.17 sys=0.00, real=0.03 secs] 
5725.063: [GC (Allocation Failure) [PSYoungGen: 499520K->107584K(521216K)] 535725K->278477K(1919488K), 0.0897013 secs] [Times: user=0.53 sys=0.00, real=0.09 secs] 
5726.503: [GC (Allocation Failure) [PSYoungGen: 449088K->142560K(519168K)] 619981K->418378K(1917440K), 0.0523811 secs] [Times: user=0.31 sys=0.00, real=0.05 secs] 
5728.024: [GC (Allocation Failure) [PSYoungGen: 484064K->107808K(518656K)] 759882K->517330K(1916928K), 0.1066430 secs] [Times: user=0.63 sys=0.00, real=0.11 secs] 
5729.502: [GC (Allocation Failure) [PSYoungGen: 449824K->139296K(519168K)] 859346K->653441K(1917440K), 0.0528618 secs] [Times: user=0.30 sys=0.01, real=0.05 secs] 
5730.949: [GC (Allocation Failure) [PSYoungGen: 481312K->108704K(517632K)] 995457K->752970K(1915904K), 0.0641396 secs] [Times: user=0.39 sys=0.00, real=0.07 secs] 
5732.233: [GC (Allocation Failure) [PSYoungGen: 453280K->140192K(519680K)] 1097546K->891042K(1917952K), 0.0533647 secs] [Times: user=0.31 sys=0.00, real=0.05 secs] 
5733.592: [GC (Allocation Failure) [PSYoungGen: 484768K->108576K(520704K)] 1235618K->990386K(1918976K), 0.0935716 secs] [Times: user=0.56 sys=0.00, real=0.09 secs] 
5734.481: [GC (Allocation Failure) [PSYoungGen: 456224K->144032K(521728K)] 1338034K->1131839K(1920000K), 0.0533877 secs] [Times: user=0.31 sys=0.00, real=0.05 secs] 
5735.867: [GC (Allocation Failure) [PSYoungGen: 491680K->109600K(522752K)] 1479487K->1232315K(1921024K), 0.0953550 secs] [Times: user=0.56 sys=0.01, real=0.10 secs] 
5737.162: [GC (Allocation Failure) [PSYoungGen: 458272K->143872K(522752K)] 1580987K->1374196K(1921024K), 0.0554521 secs] [Times: user=0.33 sys=0.00, real=0.05 secs] 
5739.056: [GC (Allocation Failure) [PSYoungGen: 492544K->109344K(522752K)] 1722868K->1474828K(1921024K), 0.0664052 secs] [Times: user=0.39 sys=0.00, real=0.07 secs] 
5739.123: [Full GC (Ergonomics) [PSYoungGen: 109344K->0K(522752K)] [ParOldGen: 1365484K->41146K(1398272K)] 1474828K->41146K(1921024K), [Metaspace: 59693K->59693K(1105920K)], 0.0816295 secs] [Times: user=0.31 sys=0.00, real=0.08 secs] 
5740.985: [GC (Allocation Failure) [PSYoungGen: 348672K->145408K(494592K)] 389818K->186554K(1892864K), 0.0294228 secs] [Times: user=0.18 sys=0.00, real=0.03 secs] 
5742.306: [GC (Allocation Failure) [PSYoungGen: 494080K->109408K(523776K)] 535226K->287106K(1922048K), 0.1004369 secs] [Times: user=0.59 sys=0.00, real=0.10 secs] 
5743.353: [GC (Allocation Failure) [PSYoungGen: 456032K->145760K(492544K)] 633730K->428851K(1890816K), 0.0532327 secs] [Times: user=0.31 sys=0.00, real=0.05 secs] 
5745.283: [GC (GCLocker Initiated GC) [PSYoungGen: 492384K->107488K(522752K)] 775475K->527523K(1921024K), 0.0661159 secs] [Times: user=0.39 sys=0.00, real=0.06 secs] 
5747.492: [GC (Allocation Failure) [PSYoungGen: 452576K->142272K(521216K)] 872682K->665902K(1919488K), 0.0516567 secs] [Times: user=0.31 sys=0.00, real=0.05 secs] 
5748.768: [GC (Allocation Failure) [PSYoungGen: 487360K->108384K(520704K)] 1010990K->765366K(1918976K), 0.0643714 secs] [Times: user=0.38 sys=0.00, real=0.07 secs] 
5749.792: [GC (Allocation Failure) [PSYoungGen: 453984K->143680K(521216K)] 1110966K->904803K(1919488K), 0.0529999 secs] [Times: user=0.30 sys=0.00, real=0.05 secs] 
5751.181: [GC (GCLocker Initiated GC) [PSYoungGen: 489280K->109344K(520704K)] 1250404K->1005052K(1918976K), 0.0662965 secs] [Times: user=0.39 sys=0.00, real=0.06 secs] 
5752.304: [GC (GCLocker Initiated GC) [PSYoungGen: 455456K->144256K(521216K)] 1351170K->1145543K(1919488K), 0.0530316 secs] [Times: user=0.31 sys=0.00, real=0.05 secs] 
5753.673: [GC (Allocation Failure) [PSYoungGen: 490368K->108128K(522240K)] 1491656K->1244744K(1920512K), 0.0645540 secs] [Times: user=0.38 sys=0.00, real=0.06 secs] 
5755.067: [GC (Allocation Failure) [PSYoungGen: 454240K->144736K(491008K)] 1590856K->1385709K(1889280K), 0.0532259 secs] [Times: user=0.31 sys=0.00, real=0.05 secs] 
5755.120: [Full GC (Ergonomics) [PSYoungGen: 144736K->0K(491008K)] [ParOldGen: 1240973K->188447K(1398272K)] 1385709K->188447K(1889280K), [Metaspace: 59695K->59695K(1105920K)], 0.4635887 secs] [Times: user=2.17 sys=0.00, real=0.46 secs] 
5756.842: [GC (Allocation Failure) [PSYoungGen: 346112K->107840K(522752K)] 534559K->296287K(1921024K), 0.0325485 secs] [Times: user=0.19 sys=0.00, real=0.03 secs] 
5758.241: [GC (Allocation Failure) [PSYoungGen: 452928K->150560K(496128K)] 641375K->443092K(1894400K), 0.0522138 secs] [Times: user=0.31 sys=0.00, real=0.05 secs] 
5759.966: [GC (Allocation Failure) [PSYoungGen: 495648K->107840K(520192K)] 788180K->533676K(1918464K), 0.1199647 secs] [Times: user=0.71 sys=0.00, real=0.12 secs] 
5761.328: [GC (Allocation Failure) [PSYoungGen: 447808K->142336K(518656K)] 873644K->672394K(1916928K), 0.0521515 secs] [Times: user=0.31 sys=0.01, real=0.06 secs] 
5762.673: [GC (Allocation Failure) [PSYoungGen: 482304K->107040K(518144K)] 1012362K->770506K(1916416K), 0.0650177 secs] [Times: user=0.38 sys=0.00, real=0.06 secs] 
5764.100: [GC (Allocation Failure) [PSYoungGen: 448032K->148992K(490496K)] 1111498K->915655K(1888768K), 0.0529509 secs] [Times: user=0.32 sys=0.00, real=0.06 secs] 
5765.460: [GC (GCLocker Initiated GC) [PSYoungGen: 489984K->108224K(519680K)] 1256649K->1006529K(1917952K), 0.0701255 secs] [Times: user=0.42 sys=0.00, real=0.07 secs] 
5766.828: [GC (Allocation Failure) [PSYoungGen: 446656K->139008K(477696K)] 1344964K->1141172K(1875968K), 0.0530398 secs] [Times: user=0.31 sys=0.00, real=0.06 secs] 
5768.190: [GC (Allocation Failure) [PSYoungGen: 476024K->108064K(519168K)] 1478189K->1239645K(1917440K), 0.0685797 secs] [Times: user=0.41 sys=0.00, real=0.06 secs] 
5769.036: [GC (Allocation Failure) [PSYoungGen: 448544K->139776K(517120K)] 1580125K->1376297K(1915392K), 0.0540093 secs] [Times: user=0.32 sys=0.00, real=0.06 secs] 
5769.090: [Full GC (Ergonomics) [PSYoungGen: 139776K->0K(517120K)] [ParOldGen: 1236521K->175541K(1398272K)] 1376297K->175541K(1915392K), [Metaspace: 59695K->59695K(1105920K)], 0.4444477 secs] [Times: user=2.06 sys=0.00, real=0.44 secs] 
5770.717: [GC (Allocation Failure) [PSYoungGen: 340480K->106112K(520704K)] 516021K->281653K(1918976K), 0.0343737 secs] [Times: user=0.20 sys=0.00, real=0.04 secs] 
5771.789: [GC (Allocation Failure) [PSYoungGen: 451200K->142848K(520704K)] 626741K->421890K(1918976K), 0.0531798 secs] [Times: user=0.31 sys=0.00, real=0.06 secs] 
5773.125: [GC (Allocation Failure) [PSYoungGen: 487936K->108128K(520704K)] 766978K->520778K(1918976K), 0.0759501 secs] [Times: user=0.44 sys=0.00, real=0.08 secs] 
5774.132: [GC (Allocation Failure) [PSYoungGen: 454240K->143168K(521216K)] 866890K->661263K(1919488K), 0.0528431 secs] [Times: user=0.31 sys=0.00, real=0.05 secs] 
5775.441: [GC (Allocation Failure) [PSYoungGen: 489280K->109056K(521728K)] 1007375K->761103K(1920000K), 0.0642950 secs] [Times: user=0.38 sys=0.00, real=0.06 secs] 
5776.788: [GC (Allocation Failure) [PSYoungGen: 455680K->143008K(521728K)] 1107727K->901988K(1920000K), 0.0540429 secs] [Times: user=0.31 sys=0.01, real=0.06 secs] 
5778.463: [GC (GCLocker Initiated GC) [PSYoungGen: 489632K->107360K(522240K)] 1248612K->1000465K(1920512K), 0.0895745 secs] [Times: user=0.53 sys=0.01, real=0.09 secs] 
5779.743: [GC (GCLocker Initiated GC) [PSYoungGen: 454496K->142720K(522240K)] 1347605K->1140314K(1920512K), 0.0532637 secs] [Times: user=0.31 sys=0.00, real=0.05 secs] 
5781.086: [GC (Allocation Failure) [PSYoungGen: 489856K->110368K(521216K)] 1487454K->1241454K(1919488K), 0.0650249 secs] [Times: user=0.38 sys=0.00, real=0.07 secs] 
5782.065: [GC (Allocation Failure) [PSYoungGen: 457504K->145312K(521728K)] 1588590K->1384899K(1920000K), 0.0526906 secs] [Times: user=0.32 sys=0.00, real=0.05 secs] 
5782.118: [Full GC (Ergonomics) [PSYoungGen: 145312K->0K(521728K)] [ParOldGen: 1239587K->181516K(1398272K)] 1384899K->181516K(1920000K), [Metaspace: 59696K->59696K(1105920K)], 0.4477910 secs] [Times: user=2.09 sys=0.00, real=0.45 secs] 
5783.793: [GC (Allocation Failure) [PSYoungGen: 347136K->108128K(522240K)] 528652K->289644K(1920512K), 0.0336346 secs] [Times: user=0.19 sys=0.00, real=0.03 secs] 
5784.986: [GC (Allocation Failure) [PSYoungGen: 454752K->144992K(492032K)] 636268K->431059K(1890304K), 0.0529951 secs] [Times: user=0.32 sys=0.00, real=0.05 secs] 
5786.263: [GC (Allocation Failure) [PSYoungGen: 491616K->108800K(523264K)] 777683K->530923K(1921536K), 0.0653296 secs] [Times: user=0.39 sys=0.00, real=0.06 secs] 
5788.020: [GC (Allocation Failure) [PSYoungGen: 454400K->144000K(521216K)] 876523K->670816K(1919488K), 0.0520696 secs] [Times: user=0.31 sys=0.00, real=0.06 secs] 
5789.614: [GC (GCLocker Initiated GC) [PSYoungGen: 489600K->107328K(521728K)] 1016416K->769360K(1920000K), 0.1084498 secs] [Times: user=0.64 sys=0.01, real=0.11 secs] 
5790.554: [GC (GCLocker Initiated GC) [PSYoungGen: 452416K->144128K(489472K)] 1114450K->910083K(1887744K), 0.0528200 secs] [Times: user=0.31 sys=0.00, real=0.05 secs] 
5791.870: [GC (Allocation Failure) [PSYoungGen: 489216K->109248K(522752K)] 1255174K->1010358K(1921024K), 0.0651319 secs] [Times: user=0.39 sys=0.00, real=0.06 secs] 
5793.465: [GC (Allocation Failure) [PSYoungGen: 453824K->142208K(520704K)] 1354934K->1149593K(1918976K), 0.0534429 secs] [Times: user=0.31 sys=0.00, real=0.05 secs] 
5794.861: [GC (Allocation Failure) [PSYoungGen: 486784K->108864K(519680K)] 1494169K->1249325K(1917952K), 0.0649805 secs] [Times: user=0.38 sys=0.01, real=0.06 secs] 
5795.620: [GC (Allocation Failure) [PSYoungGen: 454464K->143872K(520704K)] 1594925K->1389742K(1918976K), 0.0533478 secs] [Times: user=0.30 sys=0.01, real=0.06 secs] 
5795.673: [Full GC (Ergonomics) [PSYoungGen: 143872K->0K(520704K)] [ParOldGen: 1245870K->188371K(1398272K)] 1389742K->188371K(1918976K), [Metaspace: 59696K->59696K(1105920K)], 0.4579476 secs] [Times: user=2.12 sys=0.00, real=0.46 secs] 
5798.335: [GC (Allocation Failure) [PSYoungGen: 345600K->108384K(521728K)] 533971K->296755K(1920000K), 0.0370710 secs] [Times: user=0.22 sys=0.00, real=0.04 secs] 
5799.392: [GC (Allocation Failure) [PSYoungGen: 455008K->144608K(491520K)] 643379K->437028K(1889792K), 0.0521374 secs] [Times: user=0.31 sys=0.00, real=0.05 secs] 
5800.848: [GC (Allocation Failure) [PSYoungGen: 491232K->109408K(523264K)] 783652K->537164K(1921536K), 0.0826162 secs] [Times: user=0.49 sys=0.00, real=0.09 secs] 
5801.593: [GC (Allocation Failure) [PSYoungGen: 455008K->145280K(491008K)] 882764K->678721K(1889280K), 0.0530828 secs] [Times: user=0.31 sys=0.01, real=0.05 secs] 
5804.146: [GC (GCLocker Initiated GC) [PSYoungGen: 490880K->102336K(521728K)] 1024321K->772449K(1920000K), 0.0646040 secs] [Times: user=0.38 sys=0.00, real=0.07 secs] 
5804.903: [GC (GCLocker Initiated GC) [PSYoungGen: 445888K->144416K(488448K)] 1116005K->913550K(1886720K), 0.0519156 secs] [Times: user=0.30 sys=0.00, real=0.05 secs] 
5806.364: [GC (Allocation Failure) [PSYoungGen: 487968K->106624K(521728K)] 1257173K->1011077K(1920000K), 0.0982141 secs] [Times: user=0.58 sys=0.00, real=0.10 secs] 
5807.905: [GC (Allocation Failure) [PSYoungGen: 449152K->143584K(519680K)] 1353605K->1150058K(1917952K), 0.0526243 secs] [Times: user=0.31 sys=0.00, real=0.05 secs] 
5809.246: [GC (Allocation Failure) [PSYoungGen: 486112K->107904K(519680K)] 1492586K->1249050K(1917952K), 0.0661024 secs] [Times: user=0.39 sys=0.00, real=0.07 secs] 
5810.262: [GC (Allocation Failure) [PSYoungGen: 450432K->154080K(496640K)] 1591578K->1399351K(1894912K), 0.0548953 secs] [Times: user=0.33 sys=0.00, real=0.05 secs] 
5810.317: [Full GC (Ergonomics) [PSYoungGen: 154080K->0K(496640K)] [ParOldGen: 1245271K->189116K(1398272K)] 1399351K->189116K(1894912K), [Metaspace: 59696K->59696K(1105920K)], 0.4689865 secs] [Times: user=2.19 sys=0.00, real=0.47 secs] 
5812.024: [GC (Allocation Failure) [PSYoungGen: 342528K->105024K(517632K)] 531644K->294140K(1915904K), 0.0531790 secs] [Times: user=0.31 sys=0.00, real=0.05 secs] 
5813.302: [GC (Allocation Failure) [PSYoungGen: 439872K->141984K(516096K)] 628988K->431761K(1914368K), 0.0503651 secs] [Times: user=0.29 sys=0.00, real=0.05 secs] 
5814.592: [GC (Allocation Failure) [PSYoungGen: 476832K->104768K(515584K)] 766609K->527633K(1913856K), 0.0916893 secs] [Times: user=0.54 sys=0.00, real=0.09 secs] 
5816.183: [GC (Allocation Failure) [PSYoungGen: 440640K->139520K(516096K)] 863505K->660542K(1914368K), 0.0508635 secs] [Times: user=0.30 sys=0.00, real=0.05 secs] 
5817.482: [GC (Allocation Failure) [PSYoungGen: 475392K->104800K(514560K)] 996414K->756190K(1912832K), 0.0643345 secs] [Times: user=0.39 sys=0.00, real=0.06 secs] 
5818.561: [GC (Allocation Failure) [PSYoungGen: 443232K->149632K(516608K)] 1094622K->903921K(1914880K), 0.0526825 secs] [Times: user=0.31 sys=0.01, real=0.05 secs] 
5819.866: [GC (Allocation Failure) [PSYoungGen: 488064K->105408K(518656K)] 1242353K->992409K(1916928K), 0.0651753 secs] [Times: user=0.39 sys=0.00, real=0.07 secs] 
5820.528: [GC (Allocation Failure) [PSYoungGen: 441792K->138624K(516608K)] 1328793K->1129146K(1914880K), 0.0531386 secs] [Times: user=0.31 sys=0.00, real=0.06 secs] 
5821.847: [GC (Allocation Failure) [PSYoungGen: 475008K->105824K(516608K)] 1465530K->1226122K(1914880K), 0.0759614 secs] [Times: user=0.45 sys=0.00, real=0.08 secs] 
5823.953: [GC (Allocation Failure) [PSYoungGen: 444256K->133664K(516608K)] 1564554K->1357803K(1914880K), 0.0528581 secs] [Times: user=0.31 sys=0.00, real=0.05 secs] 
5825.275: [GC (Allocation Failure) [PSYoungGen: 472096K->110336K(517632K)] 1696235K->1458779K(1915904K), 0.0657200 secs] [Times: user=0.39 sys=0.00, real=0.07 secs] 
5825.341: [Full GC (Ergonomics) [PSYoungGen: 110336K->0K(517632K)] [ParOldGen: 1348443K->19556K(1398272K)] 1458779K->19556K(1915904K), [Metaspace: 59696K->59696K(1105920K)], 0.0317415 secs] [Times: user=0.07 sys=0.00, real=0.03 secs] 
5826.163: [GC (Allocation Failure) [PSYoungGen: 344576K->137664K(518144K)] 364132K->157220K(1916416K), 0.0275264 secs] [Times: user=0.16 sys=0.00, real=0.03 secs] 
5827.691: [GC (Allocation Failure) [PSYoungGen: 482240K->112480K(519680K)] 501796K->260228K(1917952K), 0.0648280 secs] [Times: user=0.38 sys=0.00, real=0.06 secs] 
5828.635: [GC (Allocation Failure) [PSYoungGen: 463712K->143904K(522240K)] 611460K->402457K(1920512K), 0.0538874 secs] [Times: user=0.32 sys=0.00, real=0.05 secs] 
5829.993: [GC (Allocation Failure) [PSYoungGen: 495136K->110752K(525312K)] 753689K->504249K(1923584K), 0.0806855 secs] [Times: user=0.48 sys=0.01, real=0.08 secs] 
5831.419: [GC (Allocation Failure) [PSYoungGen: 464032K->154240K(507904K)] 857529K->656370K(1906176K), 0.0543773 secs] [Times: user=0.32 sys=0.00, real=0.06 secs] 
5832.737: [GC (Allocation Failure) [PSYoungGen: 507520K->110496K(523264K)] 1009650K->749610K(1921536K), 0.0669866 secs] [Times: user=0.40 sys=0.00, real=0.07 secs] 
5834.038: [GC (Allocation Failure) [PSYoungGen: 455584K->142368K(520704K)] 1094698K->888995K(1918976K), 0.0535561 secs] [Times: user=0.31 sys=0.00, real=0.06 secs] 
5835.346: [GC (GCLocker Initiated GC) [PSYoungGen: 487456K->109824K(520704K)] 1234083K->989827K(1918976K), 0.0659221 secs] [Times: user=0.39 sys=0.00, real=0.07 secs] 
5836.031: [GC (Allocation Failure) [PSYoungGen: 455936K->143648K(521216K)] 1336010K->1130647K(1919488K), 0.0538647 secs] [Times: user=0.31 sys=0.01, real=0.05 secs] 
5837.383: [GC (Allocation Failure) [PSYoungGen: 489760K->108640K(522240K)] 1476759K->1230119K(1920512K), 0.0654542 secs] [Times: user=0.38 sys=0.00, real=0.06 secs] 
5839.016: [GC (Allocation Failure) [PSYoungGen: 455776K->143424K(522240K)] 1577255K->1370860K(1920512K), 0.0548946 secs] [Times: user=0.32 sys=0.00, real=0.06 secs] 
5840.325: [GC (GCLocker Initiated GC) [PSYoungGen: 490560K->109440K(522240K)] 1717996K->1471300K(1920512K), 0.0672114 secs] [Times: user=0.39 sys=0.01, real=0.07 secs] 
5840.393: [Full GC (Ergonomics) [PSYoungGen: 109440K->0K(522240K)] [ParOldGen: 1361860K->39222K(1398272K)] 1471300K->39222K(1920512K), [Metaspace: 59696K->59696K(1105920K)], 0.0869039 secs] [Times: user=0.32 sys=0.00, real=0.08 secs] 
5842.636: [GC (Allocation Failure) [PSYoungGen: 347136K->149376K(496640K)] 386397K->188637K(1894912K), 0.0283233 secs] [Times: user=0.16 sys=0.00, real=0.03 secs] 
5843.900: [GC (GCLocker Initiated GC) [PSYoungGen: 496512K->109120K(521728K)] 535773K->280597K(1920000K), 0.0644335 secs] [Times: user=0.37 sys=0.01, real=0.07 secs] 
5845.217: [GC (Allocation Failure) [PSYoungGen: 452160K->142048K(520192K)] 623707K->419488K(1918464K), 0.0522612 secs] [Times: user=0.30 sys=0.00, real=0.05 secs] 
5846.515: [GC (Allocation Failure) [PSYoungGen: 484678K->108768K(519680K)] 762119K->519192K(1917952K), 0.0636979 secs] [Times: user=0.37 sys=0.00, real=0.06 secs] 
5847.494: [GC (Allocation Failure) [PSYoungGen: 452832K->140800K(520192K)] 863256K->657285K(1918464K), 0.0529135 secs] [Times: user=0.32 sys=0.00, real=0.05 secs] 
5848.859: [GC (Allocation Failure) [PSYoungGen: 484864K->109376K(519168K)] 1001349K->757317K(1917440K), 0.0944531 secs] [Times: user=0.56 sys=0.00, real=0.10 secs] 
5849.879: [GC (Allocation Failure) [PSYoungGen: 455488K->142816K(520704K)] 1103429K->897658K(1918976K), 0.0533938 secs] [Times: user=0.31 sys=0.01, real=0.06 secs] 
5851.246: [GC (GCLocker Initiated GC) [PSYoungGen: 488928K->108896K(522752K)] 1243770K->997578K(1921024K), 0.1009260 secs] [Times: user=0.60 sys=0.00, real=0.10 secs] 
5852.804: [GC (Allocation Failure) [PSYoungGen: 457056K->143968K(492544K)] 1345809K->1137734K(1890816K), 0.0536712 secs] [Times: user=0.32 sys=0.00, real=0.05 secs] 
5854.120: [GC (GCLocker Initiated GC) [PSYoungGen: 492128K->109568K(524288K)] 1485894K->1238038K(1922560K), 0.0653727 secs] [Times: user=0.38 sys=0.00, real=0.07 secs] 
5854.943: [GC (Allocation Failure) [PSYoungGen: 457216K->144672K(522240K)] 1585693K->1379166K(1920512K), 0.0542358 secs] [Times: user=0.32 sys=0.00, real=0.05 secs] 
5854.997: [Full GC (Ergonomics) [PSYoungGen: 144672K->0K(522240K)] [ParOldGen: 1234494K->184015K(1398272K)] 1379166K->184015K(1920512K), [Metaspace: 59696K->59696K(1105920K)], 0.4511594 secs] [Times: user=2.09 sys=0.01, real=0.45 secs] 
5856.672: [GC (Allocation Failure) [PSYoungGen: 347648K->110112K(522240K)] 531663K->294127K(1920512K), 0.0338056 secs] [Times: user=0.19 sys=0.00, real=0.03 secs] 
5857.392: [GC (Allocation Failure) [PSYoungGen: 457760K->145696K(493568K)] 641775K->436558K(1891840K), 0.0537209 secs] [Times: user=0.32 sys=0.00, real=0.05 secs] 
5858.704: [GC (Allocation Failure) [PSYoungGen: 493344K->108736K(523264K)] 784206K->536342K(1921536K), 0.0650577 secs] [Times: user=0.39 sys=0.00, real=0.06 secs] 
5860.356: [GC (Allocation Failure) [PSYoungGen: 454848K->144352K(490496K)] 882454K->676683K(1888768K), 0.0524124 secs] [Times: user=0.31 sys=0.00, real=0.05 secs] 
5861.942: [GC (Allocation Failure) [PSYoungGen: 490464K->105824K(522752K)] 1022795K->773795K(1921024K), 0.0783243 secs] [Times: user=0.46 sys=0.00, real=0.07 secs] 
5863.242: [GC (Allocation Failure) [PSYoungGen: 450912K->145152K(490496K)] 1118883K->915008K(1888768K), 0.0517492 secs] [Times: user=0.31 sys=0.00, real=0.05 secs] 
5865.025: [GC (Allocation Failure) [PSYoungGen: 490240K->106976K(521728K)] 1260096K->1013240K(1920000K), 0.0651799 secs] [Times: user=0.38 sys=0.01, real=0.06 secs] 
5866.355: [GC (Allocation Failure) [PSYoungGen: 450016K->142688K(520192K)] 1356280K->1151893K(1918464K), 0.0522213 secs] [Times: user=0.30 sys=0.00, real=0.05 secs] 
5867.709: [GC (Allocation Failure) [PSYoungGen: 485728K->109696K(518656K)] 1494933K->1252341K(1916928K), 0.0696036 secs] [Times: user=0.41 sys=0.00, real=0.07 secs] 
5869.134: [GC (Allocation Failure) [PSYoungGen: 453248K->142336K(519680K)] 1595893K->1390609K(1917952K), 0.0525977 secs] [Times: user=0.31 sys=0.00, real=0.05 secs] 
5869.187: [Full GC (Ergonomics) [PSYoungGen: 142336K->0K(519680K)] [ParOldGen: 1248273K->189090K(1398272K)] 1390609K->189090K(1917952K), [Metaspace: 59696K->59696K(1105920K)], 0.4529914 secs] [Times: user=2.11 sys=0.00, real=0.45 secs] 
5870.822: [GC (Allocation Failure) [PSYoungGen: 343552K->104864K(521728K)] 532642K->293954K(1920000K), 0.0331275 secs] [Times: user=0.20 sys=0.00, real=0.03 secs] 
5871.760: [GC (Allocation Failure) [PSYoungGen: 450464K->146560K(492544K)] 639554K->436991K(1890816K), 0.0509160 secs] [Times: user=0.31 sys=0.00, real=0.06 secs] 
5873.193: [GC (GCLocker Initiated GC) [PSYoungGen: 492160K->104064K(521216K)] 782591K->532319K(1919488K), 0.0639133 secs] [Times: user=0.38 sys=0.00, real=0.06 secs] 
5874.497: [GC (Allocation Failure) [PSYoungGen: 446080K->153632K(496128K)] 874338K->682087K(1894400K), 0.0511490 secs] [Times: user=0.30 sys=0.00, real=0.05 secs] 
5875.860: [GC (Allocation Failure) [PSYoungGen: 495648K->104736K(517120K)] 1024103K->769771K(1915392K), 0.0668717 secs] [Times: user=0.40 sys=0.00, real=0.07 secs] 
5877.987: [GC (Allocation Failure) [PSYoungGen: 438560K->147456K(481792K)] 1103595K->912952K(1880064K), 0.0508881 secs] [Times: user=0.30 sys=0.00, real=0.05 secs] 
5879.301: [GC (Allocation Failure) [PSYoungGen: 481280K->103520K(516096K)] 1246776K->999436K(1914368K), 0.0936000 secs] [Times: user=0.56 sys=0.00, real=0.09 secs] 
5880.200: [GC (Allocation Failure) [PSYoungGen: 435296K->144960K(514560K)] 1331212K->1141923K(1912832K), 0.0517437 secs] [Times: user=0.30 sys=0.00, real=0.06 secs] 
5881.493: [GC (Allocation Failure) [PSYoungGen: 476736K->105056K(513536K)] 1473699K->1229687K(1911808K), 0.0626068 secs] [Times: user=0.38 sys=0.00, real=0.06 secs] 
5883.480: [GC (Allocation Failure) [PSYoungGen: 436832K->134368K(514048K)] 1561463K->1361640K(1912320K), 0.0518052 secs] [Times: user=0.29 sys=0.00, real=0.05 secs] 
5884.866: [GC (GCLocker Initiated GC) [PSYoungGen: 466144K->104736K(514048K)] 1693416K->1457284K(1912320K), 0.0647101 secs] [Times: user=0.39 sys=0.00, real=0.07 secs] 
5884.931: [Full GC (Ergonomics) [PSYoungGen: 104736K->0K(514048K)] [ParOldGen: 1352548K->18991K(1398272K)] 1457284K->18991K(1912320K), [Metaspace: 59696K->59696K(1105920K)], 0.0301110 secs] [Times: user=0.07 sys=0.00, real=0.03 secs] 
5886.319: [GC (Allocation Failure) [PSYoungGen: 336384K->132864K(514560K)] 355378K->151858K(1912832K), 0.0263761 secs] [Times: user=0.15 sys=0.00, real=0.03 secs] 
5887.676: [GC (Allocation Failure) [PSYoungGen: 469248K->113696K(516096K)] 488242K->255942K(1914368K), 0.0634498 secs] [Times: user=0.37 sys=0.00, real=0.06 secs] 
5889.001: [GC (Allocation Failure) [PSYoungGen: 458272K->130880K(517632K)] 600518K->385781K(1915904K), 0.0532383 secs] [Times: user=0.32 sys=0.01, real=0.05 secs] 
5890.348: [GC (Allocation Failure) [PSYoungGen: 475456K->117888K(520704K)] 730357K->494257K(1918976K), 0.0640891 secs] [Times: user=0.38 sys=0.00, real=0.07 secs] 
5891.291: [GC (Allocation Failure) [PSYoungGen: 473216K->135936K(522752K)] 849585K->629030K(1921024K), 0.0556608 secs] [Times: user=0.32 sys=0.00, real=0.05 secs] 
5892.642: [GC (Allocation Failure) [PSYoungGen: 491264K->5376K(499712K)] 984358K->498582K(1897984K), 0.0032463 secs] [Times: user=0.02 sys=0.00, real=0.00 secs] 
5893.433: [GC (GCLocker Initiated GC) [PSYoungGen: 337664K->133984K(466432K)] 830871K->631690K(1864704K), 0.0281634 secs] [Times: user=0.16 sys=0.00, real=0.03 secs] 
5894.964: [GC (Allocation Failure) [PSYoungGen: 466272K->111264K(520704K)] 963982K->734342K(1918976K), 0.0644147 secs] [Times: user=0.39 sys=0.00, real=0.06 secs] 
5896.343: [GC (Allocation Failure) [PSYoungGen: 447648K->126240K(462848K)] 1070726K->859395K(1861120K), 0.0535396 secs] [Times: user=0.31 sys=0.00, real=0.05 secs] 
5897.674: [GC (Allocation Failure) [PSYoungGen: 462624K->120704K(516608K)] 1195779K->970515K(1914880K), 0.0638329 secs] [Times: user=0.38 sys=0.00, real=0.06 secs] 
5898.455: [GC (Allocation Failure) [PSYoungGen: 461184K->126464K(512512K)] 1310995K->1096939K(1910784K), 0.0564088 secs] [Times: user=0.33 sys=0.01, real=0.06 secs] 
5899.779: [GC (Allocation Failure) [PSYoungGen: 466944K->121440K(523264K)] 1437419K->1208116K(1921536K), 0.0637265 secs] [Times: user=0.38 sys=0.00, real=0.07 secs] 
5900.869: [GC (Allocation Failure) [PSYoungGen: 475744K->130080K(520704K)] 1562420K->1337972K(1918976K), 0.0590291 secs] [Times: user=0.35 sys=0.00, real=0.06 secs] 
5902.307: [GC (Allocation Failure) [PSYoungGen: 484384K->2752K(502272K)] 1692276K->1210684K(1900544K), 0.0056289 secs] [Times: user=0.03 sys=0.00, real=0.01 secs] 
5902.313: [Full GC (Ergonomics) [PSYoungGen: 2752K->0K(502272K)] [ParOldGen: 1207932K->16956K(1398272K)] 1210684K->16956K(1900544K), [Metaspace: 59696K->59696K(1105920K)], 0.0293788 secs] [Times: user=0.07 sys=0.00, real=0.03 secs] 
5904.046: [GC (Allocation Failure) [PSYoungGen: 336384K->127360K(517632K)] 353340K->144316K(1915904K), 0.0254425 secs] [Times: user=0.14 sys=0.00, real=0.03 secs] 
5905.349: [GC (Allocation Failure) [PSYoungGen: 463744K->119648K(510464K)] 480700K->254460K(1908736K), 0.0632411 secs] [Times: user=0.38 sys=0.00, real=0.07 secs] 
5907.116: [GC (Allocation Failure) [PSYoungGen: 456032K->121504K(514048K)] 590844K->375956K(1912320K), 0.0544353 secs] [Times: user=0.32 sys=0.00, real=0.06 secs] 
5908.414: [GC (Allocation Failure) [PSYoungGen: 457888K->126816K(519168K)] 712340K->492545K(1917440K), 0.0623851 secs] [Times: user=0.37 sys=0.01, real=0.06 secs] 
5910.302: [GC (Allocation Failure) [PSYoungGen: 472928K->117184K(520704K)] 838657K->609265K(1918976K), 0.0554752 secs] [Times: user=0.33 sys=0.00, real=0.05 secs] 
5911.625: [GC (Allocation Failure) [PSYoungGen: 463296K->131264K(520192K)] 955377K->730101K(1918464K), 0.0621709 secs] [Times: user=0.37 sys=0.00, real=0.06 secs] 
5913.144: [GC (Allocation Failure) [PSYoungGen: 481472K->120032K(521216K)] 1080309K->849901K(1919488K), 0.0578136 secs] [Times: user=0.34 sys=0.01, real=0.06 secs] 
5914.496: [GC (Allocation Failure) [PSYoungGen: 470240K->128512K(524800K)] 1200109K->968026K(1923072K), 0.0628473 secs] [Times: user=0.37 sys=0.01, real=0.06 secs] 
5915.613: [GC (Allocation Failure) [PSYoungGen: 486400K->129440K(524800K)] 1325914K->1097218K(1923072K), 0.0582937 secs] [Times: user=0.34 sys=0.00, real=0.06 secs] 
5916.975: [GC (Allocation Failure) [PSYoungGen: 487328K->3040K(502784K)] 1455106K->970842K(1901056K), 0.0031515 secs] [Times: user=0.01 sys=0.00, real=0.00 secs] 
5918.176: [GC (Allocation Failure) [PSYoungGen: 339424K->131616K(468480K)] 1307226K->1100631K(1866752K), 0.0270435 secs] [Times: user=0.15 sys=0.00, real=0.03 secs] 
5919.485: [GC (Allocation Failure) [PSYoungGen: 468000K->116576K(520704K)] 1437015K->1207811K(1918976K), 0.0646821 secs] [Times: user=0.39 sys=0.00, real=0.06 secs] 
5920.834: [GC (Allocation Failure) [PSYoungGen: 454496K->126112K(464384K)] 1545731K->1332992K(1862656K), 0.0551198 secs] [Times: user=0.32 sys=0.00, real=0.05 secs] 
5920.890: [Full GC (Ergonomics) [PSYoungGen: 126112K->0K(464384K)] [ParOldGen: 1206880K->141192K(1398272K)] 1332992K->141192K(1862656K), [Metaspace: 59696K->59696K(1105920K)], 0.3268885 secs] [Times: user=1.50 sys=0.01, real=0.33 secs] 
5922.460: [GC (Allocation Failure) [PSYoungGen: 337920K->121344K(518656K)] 479112K->262536K(1916928K), 0.0437701 secs] [Times: user=0.26 sys=0.00, real=0.05 secs] 
5923.847: [GC (Allocation Failure) [PSYoungGen: 462336K->121696K(515584K)] 603528K->384308K(1913856K), 0.0598385 secs] [Times: user=0.36 sys=0.00, real=0.06 secs] 
5925.492: [GC (Allocation Failure) [PSYoungGen: 462688K->127360K(519680K)] 725300K->500635K(1917952K), 0.0631071 secs] [Times: user=0.37 sys=0.00, real=0.06 secs] 
5927.231: [GC (Allocation Failure) [PSYoungGen: 475008K->128128K(518656K)] 848283K->628431K(1916928K), 0.0560746 secs] [Times: user=0.33 sys=0.00, real=0.05 secs] 
5928.647: [GC (Allocation Failure) [PSYoungGen: 475776K->128384K(526848K)] 976079K->737984K(1925120K), 0.0622909 secs] [Times: user=0.37 sys=0.00, real=0.06 secs] 
5929.868: [GC (Allocation Failure) [PSYoungGen: 485248K->127360K(526336K)] 1094848K->865288K(1924608K), 0.0574751 secs] [Times: user=0.34 sys=0.00, real=0.06 secs] 
5931.234: [GC (Allocation Failure) [PSYoungGen: 484224K->2560K(501248K)] 1222152K->740544K(1899520K), 0.0035726 secs] [Times: user=0.02 sys=0.00, real=0.00 secs] 
5931.930: [GC (Allocation Failure) [PSYoungGen: 335872K->129120K(462848K)] 1073856K->868473K(1861120K), 0.0267234 secs] [Times: user=0.15 sys=0.00, real=0.03 secs] 
5933.215: [GC (Allocation Failure) [PSYoungGen: 462432K->117728K(519680K)] 1201785K->977121K(1917952K), 0.0644195 secs] [Times: user=0.39 sys=0.00, real=0.06 secs] 
5934.636: [GC (Allocation Failure) [PSYoungGen: 454112K->121152K(457728K)] 1313505K->1097897K(1856000K), 0.0551780 secs] [Times: user=0.33 sys=0.00, real=0.06 secs] 
5935.974: [GC (Allocation Failure) [PSYoungGen: 457536K->126880K(513536K)] 1434281K->1214574K(1911808K), 0.0639851 secs] [Times: user=0.38 sys=0.00, real=0.06 secs] 
5937.305: [GC (Allocation Failure) [PSYoungGen: 463776K->115200K(513024K)] 1551470K->1329590K(1911296K), 0.0574599 secs] [Times: user=0.34 sys=0.00, real=0.06 secs] 
5937.362: [Full GC (Ergonomics) [PSYoungGen: 115200K->0K(513024K)] [ParOldGen: 1214390K->129682K(1398272K)] 1329590K->129682K(1911296K), [Metaspace: 59696K->59696K(1105920K)], 0.3063560 secs] [Times: user=1.41 sys=0.00, real=0.30 secs] 
5938.936: [GC (Allocation Failure) [PSYoungGen: 336896K->133152K(514560K)] 466578K->262834K(1912832K), 0.0488804 secs] [Times: user=0.29 sys=0.00, real=0.05 secs] 
5940.161: [GC (Allocation Failure) [PSYoungGen: 477216K->110912K(516608K)] 606898K->373530K(1914880K), 0.0689143 secs] [Times: user=0.41 sys=0.00, real=0.06 secs] 
5941.532: [GC (Allocation Failure) [PSYoungGen: 454976K->137920K(520192K)] 717594K->500391K(1918464K), 0.0613862 secs] [Times: user=0.36 sys=0.00, real=0.06 secs] 
5943.223: [GC (Allocation Failure) [PSYoungGen: 490688K->114016K(523264K)] 853159K->614399K(1921536K), 0.0582685 secs] [Times: user=0.34 sys=0.00, real=0.06 secs] 
5944.571: [GC (Allocation Failure) [PSYoungGen: 466784K->135040K(524800K)] 967167K->738642K(1923072K), 0.0624824 secs] [Times: user=0.37 sys=0.00, real=0.06 secs] 
5945.928: [GC (Allocation Failure) [PSYoungGen: 493952K->124608K(526848K)] 1097554K->862746K(1925120K), 0.0594373 secs] [Times: user=0.35 sys=0.01, real=0.06 secs] 
5947.302: [GC (Allocation Failure) [PSYoungGen: 483520K->2592K(503808K)] 1221658K->740786K(1902080K), 0.0031097 secs] [Times: user=0.02 sys=0.00, real=0.00 secs] 
5948.764: [GC (Allocation Failure) [PSYoungGen: 341024K->128608K(467456K)] 1079218K->867831K(1865728K), 0.0268415 secs] [Times: user=0.15 sys=0.00, real=0.03 secs] 
5950.119: [GC (Allocation Failure) [PSYoungGen: 467040K->118528K(521728K)] 1206263K->976831K(1920000K), 0.0636122 secs] [Times: user=0.38 sys=0.00, real=0.07 secs] 
5951.601: [GC (Allocation Failure) [PSYoungGen: 459520K->125472K(466944K)] 1317823K->1102255K(1865216K), 0.0557736 secs] [Times: user=0.33 sys=0.00, real=0.05 secs] 
5952.946: [GC (Allocation Failure) [PSYoungGen: 466464K->122400K(519680K)] 1443247K->1214332K(1917952K), 0.0642833 secs] [Times: user=0.38 sys=0.00, real=0.07 secs] 
5954.583: [GC (Allocation Failure) [PSYoungGen: 465952K->122624K(517120K)] 1557884K->1336924K(1915392K), 0.0574974 secs] [Times: user=0.34 sys=0.00, real=0.06 secs] 
5954.641: [Full GC (Ergonomics) [PSYoungGen: 122624K->0K(517120K)] [ParOldGen: 1214300K->137118K(1398272K)] 1336924K->137118K(1915392K), [Metaspace: 59696K->59696K(1105920K)], 0.3227324 secs] [Times: user=1.48 sys=0.00, real=0.32 secs] 
5956.227: [GC (Allocation Failure) [PSYoungGen: 343552K->125920K(521216K)] 480670K->263038K(1919488K), 0.0440458 secs] [Times: user=0.26 sys=0.00, real=0.05 secs] 
5958.273: [GC (Allocation Failure) [PSYoungGen: 476128K->123968K(520192K)] 613246K->386910K(1918464K), 0.0638822 secs] [Times: user=0.38 sys=0.00, real=0.06 secs] 
5959.635: [GC (Allocation Failure) [PSYoungGen: 474176K->123968K(526848K)] 737118K->500755K(1925120K), 0.0628623 secs] [Times: user=0.37 sys=0.00, real=0.06 secs] 
5960.658: [GC (GCLocker Initiated GC) [PSYoungGen: 483904K->134432K(525312K)] 860691K->635171K(1923584K), 0.0571492 secs] [Times: user=0.34 sys=0.01, real=0.06 secs] 
5962.024: [GC (Allocation Failure) [PSYoungGen: 494368K->5568K(502272K)] 995115K->506347K(1900544K), 0.0030181 secs] [Times: user=0.01 sys=0.01, real=0.00 secs] 
5962.712: [GC (Allocation Failure) [PSYoungGen: 340928K->136768K(472576K)] 841707K->642635K(1870848K), 0.0284143 secs] [Times: user=0.16 sys=0.00, real=0.03 secs] 
5964.002: [GC (Allocation Failure) [PSYoungGen: 472128K->109440K(521216K)] 977995K->743223K(1919488K), 0.0653501 secs] [Times: user=0.38 sys=0.01, real=0.06 secs] 
5965.279: [GC (Allocation Failure) [PSYoungGen: 445824K->130720K(514048K)] 1079607K->872363K(1912320K), 0.0612283 secs] [Times: user=0.33 sys=0.01, real=0.07 secs] 
5966.677: [GC (Allocation Failure) [PSYoungGen: 467104K->116448K(516096K)] 1208747K->979355K(1914368K), 0.0644302 secs] [Times: user=0.38 sys=0.00, real=0.07 secs] 
5967.581: [GC (GCLocker Initiated GC) [PSYoungGen: 457952K->128544K(515072K)] 1320861K->1107837K(1913344K), 0.0553495 secs] [Times: user=0.33 sys=0.00, real=0.05 secs] 
5968.930: [GC (Allocation Failure) [PSYoungGen: 470048K->119360K(518144K)] 1449341K->1216774K(1916416K), 0.0637015 secs] [Times: user=0.38 sys=0.00, real=0.07 secs] 
5969.828: [GC (Allocation Failure) [PSYoungGen: 471104K->131424K(521216K)] 1568518K->1348142K(1919488K), 0.0567869 secs] [Times: user=0.33 sys=0.00, real=0.06 secs] 
5969.885: [Full GC (Ergonomics) [PSYoungGen: 131424K->0K(521216K)] [ParOldGen: 1216718K->145922K(1398272K)] 1348142K->145922K(1919488K), [Metaspace: 59696K->59696K(1105920K)], 0.3431146 secs] [Times: user=1.57 sys=0.00, real=0.34 secs] 
5971.487: [GC (Allocation Failure) [PSYoungGen: 351744K->119808K(521728K)] 497666K->265730K(1920000K), 0.0422589 secs] [Times: user=0.25 sys=0.01, real=0.04 secs] 
5972.855: [GC (Allocation Failure) [PSYoungGen: 479232K->139360K(525312K)] 625154K->403774K(1923584K), 0.0598288 secs] [Times: user=0.35 sys=0.00, real=0.06 secs] 
5974.325: [GC (Allocation Failure) [PSYoungGen: 498784K->116064K(527360K)] 763198K->510210K(1925632K), 0.0653784 secs] [Times: user=0.39 sys=0.00, real=0.07 secs] 
5975.530: [GC (Allocation Failure) [PSYoungGen: 479584K->146400K(528384K)] 873730K->654510K(1926656K), 0.0562587 secs] [Times: user=0.31 sys=0.00, real=0.06 secs] 
5976.918: [GC (GCLocker Initiated GC) [PSYoungGen: 509920K->119168K(529408K)] 1018031K->764363K(1927680K), 0.0675863 secs] [Times: user=0.40 sys=0.00, real=0.07 secs] 
5977.979: [GC (Allocation Failure) [PSYoungGen: 481664K->151488K(514048K)] 1126861K->912954K(1912320K), 0.0575201 secs] [Times: user=0.34 sys=0.00, real=0.06 secs] 
5979.499: [GC (Allocation Failure) [PSYoungGen: 513984K->114048K(528896K)] 1275450K->1018214K(1927168K), 0.0823850 secs] [Times: user=0.49 sys=0.00, real=0.09 secs] 
5980.277: [GC (Allocation Failure) [PSYoungGen: 468683K->147584K(503808K)] 1372849K->1161347K(1902080K), 0.0550191 secs] [Times: user=0.33 sys=0.00, real=0.06 secs] 
5981.768: [GC (Allocation Failure) [PSYoungGen: 503424K->112704K(527360K)] 1517187K->1265195K(1925632K), 0.0788161 secs] [Times: user=0.46 sys=0.00, real=0.08 secs] 
5982.388: [GC (Allocation Failure) [PSYoungGen: 465984K->150080K(503808K)] 1618475K->1410932K(1902080K), 0.0556134 secs] [Times: user=0.33 sys=0.00, real=0.06 secs] 
5982.444: [Full GC (Ergonomics) [PSYoungGen: 150080K->0K(503808K)] [ParOldGen: 1260851K->206863K(1398272K)] 1410932K->206863K(1902080K), [Metaspace: 59696K->59696K(1105920K)], 0.4876003 secs] [Times: user=2.28 sys=0.00, real=0.49 secs] 
5984.540: [GC (Allocation Failure) [PSYoungGen: 353280K->99584K(522752K)] 560143K->306447K(1921024K), 0.0750123 secs] [Times: user=0.45 sys=0.01, real=0.08 secs] 
5985.020: [GC (Allocation Failure) [PSYoungGen: 446208K->149984K(496640K)] 653071K->450344K(1894912K), 0.0549917 secs] [Times: user=0.33 sys=0.00, real=0.05 secs] 
5986.694: [GC (Allocation Failure) [PSYoungGen: 496608K->97568K(518656K)] 796968K->547416K(1916928K), 0.1163700 secs] [Times: user=0.69 sys=0.00, real=0.12 secs] 
5987.258: [GC (GCLocker Initiated GC) [PSYoungGen: 436000K->147136K(485888K)] 885848K->688181K(1884160K), 0.0559043 secs] [Times: user=0.33 sys=0.00, real=0.06 secs] 
5989.085: [GC (Allocation Failure) [PSYoungGen: 485568K->93632K(516096K)] 1026616K->781008K(1914368K), 0.1119617 secs] [Times: user=0.66 sys=0.01, real=0.11 secs] 
5989.998: [GC (Allocation Failure) [PSYoungGen: 417422K->136736K(470016K)] 1104799K->911517K(1868288K), 0.0499455 secs] [Times: user=0.29 sys=0.00, real=0.05 secs] 
5991.310: [GC (Allocation Failure) [PSYoungGen: 469536K->104352K(517632K)] 1244317K->1007321K(1915904K), 0.0917866 secs] [Times: user=0.54 sys=0.00, real=0.10 secs] 
5992.348: [GC (Allocation Failure) [PSYoungGen: 439712K->139520K(515072K)] 1342681K->1143365K(1913344K), 0.0511624 secs] [Times: user=0.31 sys=0.00, real=0.05 secs] 
5993.704: [GC (GCLocker Initiated GC) [PSYoungGen: 474880K->104672K(517120K)] 1478726K->1238470K(1915392K), 0.0688432 secs] [Times: user=0.40 sys=0.00, real=0.07 secs] 
5995.130: [GC (GCLocker Initiated GC) [PSYoungGen: 443616K->140288K(517120K)] 1577418K->1374627K(1915392K), 0.0513979 secs] [Times: user=0.30 sys=0.00, real=0.05 secs] 
5995.182: [Full GC (Ergonomics) [PSYoungGen: 140288K->0K(517120K)] [ParOldGen: 1234339K->182289K(1398272K)] 1374627K->182289K(1915392K), [Metaspace: 59696K->59696K(1105920K)], 0.4517962 secs] [Times: user=2.11 sys=0.01, real=0.45 secs] 
5996.886: [GC (Allocation Failure) [PSYoungGen: 338944K->103712K(517632K)] 523289K->288057K(1915904K), 0.0475569 secs] [Times: user=0.28 sys=0.00, real=0.05 secs] 
5997.894: [GC (Allocation Failure) [PSYoungGen: 445216K->143072K(518656K)] 629561K->429309K(1916928K), 0.0516896 secs] [Times: user=0.31 sys=0.00, real=0.05 secs] 
5999.255: [GC (Allocation Failure) [PSYoungGen: 484576K->106496K(519168K)] 770813K->526485K(1917440K), 0.0983361 secs] [Times: user=0.59 sys=0.01, real=0.10 secs] 
6000.059: [GC (Allocation Failure) [PSYoungGen: 448512K->143488K(519168K)] 868501K->668317K(1917440K), 0.0532414 secs] [Times: user=0.32 sys=0.00, real=0.06 secs] 
6001.766: [GC (Allocation Failure) [PSYoungGen: 485504K->106560K(519680K)] 1010333K->766277K(1917952K), 0.0653119 secs] [Times: user=0.39 sys=0.00, real=0.07 secs] 
6002.997: [GC (Allocation Failure) [PSYoungGen: 449088K->140384K(519680K)] 1108805K->903954K(1917952K), 0.0525729 secs] [Times: user=0.31 sys=0.00, real=0.05 secs] 
6004.295: [GC (Allocation Failure) [PSYoungGen: 482912K->107776K(517632K)] 1246482K->1002646K(1915904K), 0.0652379 secs] [Times: user=0.38 sys=0.00, real=0.07 secs] 
6005.499: [GC (Allocation Failure) [PSYoungGen: 451328K->140416K(519168K)] 1346198K->1140163K(1917440K), 0.0532674 secs] [Times: user=0.31 sys=0.00, real=0.06 secs] 
6006.903: [GC (GCLocker Initiated GC) [PSYoungGen: 483968K->110688K(519168K)] 1483723K->1241135K(1917440K), 0.0649452 secs] [Times: user=0.38 sys=0.00, real=0.06 secs] 
6008.181: [GC (Allocation Failure) [PSYoungGen: 457312K->141792K(520704K)] 1587830K->1379962K(1918976K), 0.0550079 secs] [Times: user=0.32 sys=0.01, real=0.05 secs] 
6008.236: [Full GC (Ergonomics) [PSYoungGen: 141792K->0K(520704K)] [ParOldGen: 1238170K->175386K(1398272K)] 1379962K->175386K(1918976K), [Metaspace: 59697K->59697K(1105920K)], 0.4303744 secs] [Times: user=2.01 sys=0.00, real=0.43 secs] 
6009.860: [GC (Allocation Failure) [PSYoungGen: 346624K->109216K(522240K)] 522010K->284602K(1920512K), 0.0349609 secs] [Times: user=0.20 sys=0.00, real=0.03 secs] 
6011.374: [GC (Allocation Failure) [PSYoungGen: 458400K->142208K(522752K)] 633786K->424111K(1921024K), 0.0536258 secs] [Times: user=0.32 sys=0.01, real=0.05 secs] 
6012.672: [GC (Allocation Failure) [PSYoungGen: 491392K->113024K(521216K)] 773295K->527815K(1919488K), 0.0637513 secs] [Times: user=0.38 sys=0.00, real=0.06 secs] 
6013.829: [GC (Allocation Failure) [PSYoungGen: 462720K->146112K(522240K)] 877511K->667998K(1920512K), 0.0536930 secs] [Times: user=0.32 sys=0.00, real=0.06 secs] 
6015.148: [GC (GCLocker Initiated GC) [PSYoungGen: 495808K->108960K(524800K)] 1017695K->767983K(1923072K), 0.1059509 secs] [Times: user=0.62 sys=0.01, real=0.11 secs] 
6015.813: [GC (Allocation Failure) [PSYoungGen: 458144K->147680K(497152K)] 1117170K->911649K(1895424K), 0.0538508 secs] [Times: user=0.31 sys=0.00, real=0.05 secs] 
6017.146: [GC (Allocation Failure) [PSYoungGen: 496864K->108864K(523264K)] 1260833K->1011417K(1921536K), 0.0663493 secs] [Times: user=0.40 sys=0.00, real=0.07 secs] 
6018.373: [GC (Allocation Failure) [PSYoungGen: 454464K->146656K(492544K)] 1357017K->1154294K(1890816K), 0.0537621 secs] [Times: user=0.32 sys=0.00, real=0.05 secs] 
6019.691: [GC (Allocation Failure) [PSYoungGen: 492256K->107520K(522240K)] 1499894K->1253002K(1920512K), 0.0663603 secs] [Times: user=0.39 sys=0.00, real=0.06 secs] 
6021.431: [GC (Allocation Failure) [PSYoungGen: 451072K->143648K(520192K)] 1596554K->1392843K(1918464K), 0.0533726 secs] [Times: user=0.32 sys=0.00, real=0.05 secs] 
6021.484: [Full GC (Ergonomics) [PSYoungGen: 143648K->0K(520192K)] [ParOldGen: 1249195K->191388K(1398272K)] 1392843K->191388K(1918464K), [Metaspace: 59697K->59697K(1105920K)], 0.4701771 secs] [Times: user=2.19 sys=0.00, real=0.47 secs] 
6023.277: [GC (GCLocker Initiated GC) [PSYoungGen: 343552K->102720K(521216K)] 534940K->294109K(1919488K), 0.0475833 secs] [Times: user=0.28 sys=0.00, real=0.05 secs] 
6024.533: [GC (Allocation Failure) [PSYoungGen: 445248K->143392K(486400K)] 636707K->433792K(1884672K), 0.0498882 secs] [Times: user=0.29 sys=0.00, real=0.05 secs] 
6025.799: [GC (GCLocker Initiated GC) [PSYoungGen: 485920K->106016K(521728K)] 776320K->531016K(1920000K), 0.0634424 secs] [Times: user=0.37 sys=0.00, real=0.07 secs] 
6027.619: [GC (Allocation Failure) [PSYoungGen: 448544K->142656K(519680K)] 873615K->669699K(1917952K), 0.0516976 secs] [Times: user=0.31 sys=0.00, real=0.06 secs] 
6028.896: [GC (Allocation Failure) [PSYoungGen: 485184K->104960K(520192K)] 1012227K->765855K(1918464K), 0.0638522 secs] [Times: user=0.38 sys=0.00, real=0.07 secs] 
6029.753: [GC (Allocation Failure) [PSYoungGen: 448000K->144032K(487424K)] 1108895K->906360K(1885696K), 0.0521438 secs] [Times: user=0.31 sys=0.00, real=0.05 secs] 
6031.295: [GC (GCLocker Initiated GC) [PSYoungGen: 487072K->106592K(521728K)] 1249402K->1004078K(1920000K), 0.0652569 secs] [Times: user=0.38 sys=0.00, real=0.06 secs] 
6032.296: [GC (Allocation Failure) [PSYoungGen: 449120K->151552K(494592K)] 1346675K->1152022K(1892864K), 0.0536181 secs] [Times: user=0.31 sys=0.00, real=0.05 secs] 
6033.625: [GC (Allocation Failure) [PSYoungGen: 494080K->106560K(518656K)] 1494550K->1241586K(1916928K), 0.0650568 secs] [Times: user=0.38 sys=0.00, real=0.06 secs] 
6035.155: [GC (Allocation Failure) [PSYoungGen: 442944K->140480K(516608K)] 1577970K->1378391K(1914880K), 0.0531678 secs] [Times: user=0.31 sys=0.00, real=0.05 secs] 
6035.208: [Full GC (Ergonomics) [PSYoungGen: 140480K->0K(516608K)] [ParOldGen: 1237910K->177547K(1398272K)] 1378391K->177547K(1914880K), [Metaspace: 59699K->59699K(1105920K)], 0.4339501 secs] [Times: user=2.02 sys=0.00, real=0.44 secs] 
6036.834: [GC (Allocation Failure) [PSYoungGen: 336384K->102816K(517632K)] 513931K->280363K(1915904K), 0.0337399 secs] [Times: user=0.19 sys=0.01, real=0.03 secs] 
6038.052: [GC (Allocation Failure) [PSYoungGen: 440224K->140960K(516608K)] 617771K->418776K(1914880K), 0.0514980 secs] [Times: user=0.31 sys=0.00, real=0.05 secs] 
6039.349: [GC (Allocation Failure) [PSYoungGen: 478368K->104704K(517120K)] 756184K->514328K(1915392K), 0.0643920 secs] [Times: user=0.39 sys=0.01, real=0.07 secs] 
6040.026: [GC (Allocation Failure) [PSYoungGen: 444672K->140896K(518144K)] 854296K->652580K(1916416K), 0.0524574 secs] [Times: user=0.30 sys=0.01, real=0.05 secs] 
6041.372: [GC (Allocation Failure) [PSYoungGen: 480864K->106944K(516608K)] 992548K->750076K(1914880K), 0.0648846 secs] [Times: user=0.38 sys=0.00, real=0.06 secs] 
6042.373: [GC (Allocation Failure) [PSYoungGen: 448448K->141760K(518144K)] 1091580K->890128K(1916416K), 0.0529297 secs] [Times: user=0.31 sys=0.00, real=0.05 secs] 
6043.708: [GC (Allocation Failure) [PSYoungGen: 483264K->106592K(519680K)] 1231632K->987884K(1917952K), 0.0667547 secs] [Times: user=0.39 sys=0.00, real=0.07 secs] 
6045.093: [GC (Allocation Failure) [PSYoungGen: 450656K->141920K(520192K)] 1331948K->1128418K(1918464K), 0.0542732 secs] [Times: user=0.32 sys=0.01, real=0.05 secs] 
6046.613: [GC (Allocation Failure) [PSYoungGen: 485984K->107168K(520192K)] 1472482K->1226970K(1918464K), 0.0655844 secs] [Times: user=0.39 sys=0.00, real=0.06 secs] 
6048.319: [GC (Allocation Failure) [PSYoungGen: 452256K->140352K(520704K)] 1572058K->1365055K(1918976K), 0.0532908 secs] [Times: user=0.32 sys=0.00, real=0.06 secs] 
6049.736: [GC (Allocation Failure) [PSYoungGen: 485440K->109792K(519168K)] 1710143K->1465851K(1917440K), 0.0672099 secs] [Times: user=0.40 sys=0.00, real=0.07 secs] 
6049.803: [Full GC (Ergonomics) [PSYoungGen: 109792K->0K(519168K)] [ParOldGen: 1356059K->26394K(1398272K)] 1465851K->26394K(1917440K), [Metaspace: 59699K->59699K(1105920K)], 0.0456724 secs] [Times: user=0.14 sys=0.00, real=0.04 secs] 
6050.902: [GC (Allocation Failure) [PSYoungGen: 346624K->140000K(520704K)] 373018K->166394K(1918976K), 0.0278255 secs] [Times: user=0.17 sys=0.00, real=0.02 secs] 
6052.196: [GC (GCLocker Initiated GC) [PSYoungGen: 486624K->111008K(520704K)] 513020K->267888K(1918976K), 0.0700085 secs] [Times: user=0.41 sys=0.00, real=0.07 secs] 
6052.958: [GC (Allocation Failure) [PSYoungGen: 460704K->143392K(522240K)] 617587K->408944K(1920512K), 0.0531880 secs] [Times: user=0.31 sys=0.00, real=0.06 secs] 
6054.356: [GC (Allocation Failure) [PSYoungGen: 493088K->110240K(523776K)] 758640K->510160K(1922048K), 0.0770765 secs] [Times: user=0.46 sys=0.00, real=0.08 secs] 
6055.355: [GC (Allocation Failure) [PSYoungGen: 461472K->145248K(496640K)] 861392K->652837K(1894912K), 0.0537079 secs] [Times: user=0.32 sys=0.00, real=0.05 secs] 
6056.657: [GC (Allocation Failure) [PSYoungGen: 496480K->111776K(525824K)] 1004069K->755473K(1924096K), 0.0660090 secs] [Times: user=0.38 sys=0.01, real=0.07 secs] 
6058.904: [GC (Allocation Failure) [PSYoungGen: 461984K->144224K(523264K)] 1105681K->896622K(1921536K), 0.0541978 secs] [Times: user=0.32 sys=0.00, real=0.05 secs] 
6060.263: [GC (Allocation Failure) [PSYoungGen: 494432K->109888K(523776K)] 1246830K->997606K(1922048K), 0.1063496 secs] [Times: user=0.63 sys=0.01, real=0.10 secs] 
6061.334: [GC (Allocation Failure) [PSYoungGen: 459584K->145952K(496128K)] 1347302K->1140449K(1894400K), 0.0535294 secs] [Times: user=0.32 sys=0.00, real=0.05 secs] 
6062.794: [GC (GCLocker Initiated GC) [PSYoungGen: 495648K->109696K(524288K)] 1490146K->1241338K(1922560K), 0.1000126 secs] [Times: user=0.59 sys=0.00, real=0.10 secs] 
6064.688: [GC (Allocation Failure) [PSYoungGen: 457344K->153472K(501248K)] 1588989K->1390538K(1899520K), 0.0542376 secs] [Times: user=0.32 sys=0.00, real=0.06 secs] 
6064.742: [Full GC (Ergonomics) [PSYoungGen: 153472K->0K(501248K)] [ParOldGen: 1237066K->186959K(1398272K)] 1390538K->186959K(1899520K), [Metaspace: 59699K->59699K(1105920K)], 0.4590073 secs] [Times: user=2.13 sys=0.00, real=0.46 secs] 
6066.447: [GC (GCLocker Initiated GC) [PSYoungGen: 347648K->103712K(519680K)] 534607K->290671K(1917952K), 0.0428118 secs] [Times: user=0.25 sys=0.00, real=0.04 secs] 
6068.340: [GC (Allocation Failure) [PSYoungGen: 443168K->148448K(487936K)] 630166K->435045K(1886208K), 0.0512295 secs] [Times: user=0.30 sys=0.00, real=0.06 secs] 
6069.658: [GC (Allocation Failure) [PSYoungGen: 487904K->105888K(518144K)] 774501K->523789K(1916416K), 0.0642360 secs] [Times: user=0.38 sys=0.00, real=0.07 secs] 
6071.111: [GC (Allocation Failure) [PSYoungGen: 441760K->136928K(473088K)] 859661K->657946K(1871360K), 0.0519853 secs] [Times: user=0.31 sys=0.00, real=0.05 secs] 
6072.474: [GC (Allocation Failure) [PSYoungGen: 472800K->105472K(516608K)] 993818K->754266K(1914880K), 0.0639878 secs] [Times: user=0.38 sys=0.00, real=0.06 secs] 
6074.246: [GC (Allocation Failure) [PSYoungGen: 442880K->136480K(515072K)] 1091674K->887903K(1913344K), 0.0523982 secs] [Times: user=0.31 sys=0.00, real=0.05 secs] 
6075.603: [GC (Allocation Failure) [PSYoungGen: 473888K->107648K(519168K)] 1225311K->986135K(1917440K), 0.0654844 secs] [Times: user=0.39 sys=0.00, real=0.06 secs] 
6076.681: [GC (Allocation Failure) [PSYoungGen: 451712K->140768K(518656K)] 1330199K->1125686K(1916928K), 0.0546800 secs] [Times: user=0.32 sys=0.00, real=0.05 secs] 
6078.429: [GC (Allocation Failure) [PSYoungGen: 484832K->109376K(520704K)] 1469750K->1226106K(1918976K), 0.0704981 secs] [Times: user=0.42 sys=0.00, real=0.07 secs] 
6079.569: [GC (Allocation Failure) [PSYoungGen: 457536K->139648K(521728K)] 1574266K->1363631K(1920000K), 0.0544899 secs] [Times: user=0.33 sys=0.00, real=0.06 secs] 
6080.902: [GC (Allocation Failure) [PSYoungGen: 487808K->113824K(520192K)] 1711791K->1467639K(1918464K), 0.0784090 secs] [Times: user=0.46 sys=0.01, real=0.08 secs] 
6080.981: [Full GC (Ergonomics) [PSYoungGen: 113824K->0K(520192K)] [ParOldGen: 1353815K->27639K(1398272K)] 1467639K->27639K(1918464K), [Metaspace: 59699K->59699K(1105920K)], 0.0525270 secs] [Times: user=0.17 sys=0.00, real=0.05 secs] 
6082.165: [GC (Allocation Failure) [PSYoungGen: 350720K->143424K(522240K)] 378359K->171063K(1920512K), 0.0284175 secs] [Times: user=0.16 sys=0.00, real=0.03 secs] 
6083.481: [GC (GCLocker Initiated GC) [PSYoungGen: 494144K->108832K(525312K)] 521784K->270784K(1923584K), 0.0824357 secs] [Times: user=0.49 sys=0.00, real=0.08 secs] 
6084.376: [GC (GCLocker Initiated GC) [PSYoungGen: 461600K->144800K(497664K)] 623554K->413038K(1895936K), 0.0530671 secs] [Times: user=0.31 sys=0.01, real=0.05 secs] 
6085.776: [GC (GCLocker Initiated GC) [PSYoungGen: 497568K->111808K(526336K)] 765808K->515984K(1924608K), 0.0847411 secs] [Times: user=0.50 sys=0.00, real=0.09 secs] 
6087.360: [GC (Allocation Failure) [PSYoungGen: 463040K->145216K(496640K)] 867219K->657784K(1894912K), 0.0532628 secs] [Times: user=0.31 sys=0.00, real=0.05 secs] 
6088.749: [GC (Allocation Failure) [PSYoungGen: 496448K->109920K(525312K)] 1009016K->758652K(1923584K), 0.0655892 secs] [Times: user=0.39 sys=0.00, real=0.07 secs] 
6089.809: [GC (Allocation Failure) [PSYoungGen: 459616K->144192K(523264K)] 1108348K->899409K(1921536K), 0.0531526 secs] [Times: user=0.31 sys=0.00, real=0.06 secs] 
6091.164: [GC (GCLocker Initiated GC) [PSYoungGen: 493888K->110016K(523264K)] 1249105K->1000145K(1921536K), 0.1002042 secs] [Times: user=0.59 sys=0.00, real=0.10 secs] 
6091.880: [GC (Allocation Failure) [PSYoungGen: 459712K->148544K(498688K)] 1349844K->1145516K(1896960K), 0.0543881 secs] [Times: user=0.32 sys=0.00, real=0.06 secs] 
6093.340: [GC (Allocation Failure) [PSYoungGen: 498240K->106752K(522752K)] 1495212K->1243548K(1921024K), 0.0692222 secs] [Times: user=0.41 sys=0.00, real=0.07 secs] 
6094.158: [GC (Allocation Failure) [PSYoungGen: 451840K->145472K(491008K)] 1588636K->1384845K(1889280K), 0.0520954 secs] [Times: user=0.31 sys=0.00, real=0.05 secs] 
6094.210: [Full GC (Ergonomics) [PSYoungGen: 145472K->0K(491008K)] [ParOldGen: 1239373K->190627K(1398272K)] 1384845K->190627K(1889280K), [Metaspace: 59699K->59699K(1105920K)], 0.4704013 secs] [Times: user=2.20 sys=0.00, real=0.47 secs] 
6095.856: [GC (GCLocker Initiated GC) [PSYoungGen: 345088K->104928K(521728K)] 535716K->295556K(1920000K), 0.0319082 secs] [Times: user=0.19 sys=0.00, real=0.03 secs] 
6097.274: [GC (Allocation Failure) [PSYoungGen: 448480K->141152K(520704K)] 639111K->432588K(1918976K), 0.0505263 secs] [Times: user=0.30 sys=0.00, real=0.05 secs] 
6098.601: [GC (GCLocker Initiated GC) [PSYoungGen: 484704K->108896K(519168K)] 776140K->532048K(1917440K), 0.0640076 secs] [Times: user=0.38 sys=0.00, real=0.06 secs] 
6099.486: [GC (Allocation Failure) [PSYoungGen: 452960K->145120K(520192K)] 876115K->673024K(1918464K), 0.0531646 secs] [Times: user=0.32 sys=0.00, real=0.05 secs] 
6100.780: [GC (Allocation Failure) [PSYoungGen: 489184K->106848K(521216K)] 1017088K->770816K(1919488K), 0.0637368 secs] [Times: user=0.37 sys=0.00, real=0.07 secs] 
6101.831: [GC (Allocation Failure) [PSYoungGen: 450912K->154016K(498176K)] 1114880K->921173K(1896448K), 0.0531178 secs] [Times: user=0.32 sys=0.00, real=0.05 secs] 
6103.229: [GC (GCLocker Initiated GC) [PSYoungGen: 498080K->104928K(518144K)] 1265237K->1009013K(1916416K), 0.1005331 secs] [Times: user=0.60 sys=0.00, real=0.10 secs] 
6104.570: [GC (Allocation Failure) [PSYoungGen: 440800K->139168K(475136K)] 1344888K->1144533K(1873408K), 0.0518907 secs] [Times: user=0.30 sys=0.00, real=0.05 secs] 
6106.180: [GC (GCLocker Initiated GC) [PSYoungGen: 475040K->103776K(517632K)] 1480406K->1239286K(1915904K), 0.0637070 secs] [Times: user=0.38 sys=0.00, real=0.07 secs] 
6107.411: [GC (GCLocker Initiated GC) [PSYoungGen: 441184K->137984K(516096K)] 1576697K->1374356K(1914368K), 0.0521493 secs] [Times: user=0.30 sys=0.01, real=0.05 secs] 
6107.464: [Full GC (Ergonomics) [PSYoungGen: 137984K->0K(516096K)] [ParOldGen: 1236372K->173992K(1398272K)] 1374356K->173992K(1914368K), [Metaspace: 59699K->59699K(1105920K)], 0.4213363 secs] [Times: user=1.96 sys=0.00, real=0.42 secs] 
6109.129: [GC (Allocation Failure) [PSYoungGen: 337408K->104736K(518656K)] 511439K->278767K(1916928K), 0.0355697 secs] [Times: user=0.21 sys=0.00, real=0.04 secs] 
6110.117: [GC (Allocation Failure) [PSYoungGen: 446240K->143168K(518144K)] 620271K->419340K(1916416K), 0.0532862 secs] [Times: user=0.31 sys=0.00, real=0.06 secs] 
6111.414: [GC (Allocation Failure) [PSYoungGen: 484672K->105088K(520704K)] 760844K->515512K(1918976K), 0.0639346 secs] [Times: user=0.38 sys=0.00, real=0.06 secs] 
6112.723: [GC (Allocation Failure) [PSYoungGen: 448128K->151648K(495104K)] 858552K->664497K(1893376K), 0.0527991 secs] [Times: user=0.31 sys=0.00, real=0.05 secs] 
6114.019: [GC (Allocation Failure) [PSYoungGen: 494688K->105600K(518656K)] 1007537K->752905K(1916928K), 0.0642131 secs] [Times: user=0.38 sys=0.00, real=0.07 secs] 
6115.360: [GC (Allocation Failure) [PSYoungGen: 442496K->140480K(517120K)] 1089801K->890861K(1915392K), 0.0526787 secs] [Times: user=0.31 sys=0.00, real=0.05 secs] 
6116.690: [GC (Allocation Failure) [PSYoungGen: 477376K->106560K(516096K)] 1227757K->988557K(1914368K), 0.0651063 secs] [Times: user=0.38 sys=0.00, real=0.07 secs] 
6118.774: [GC (Allocation Failure) [PSYoungGen: 444992K->137440K(516608K)] 1326989K->1123682K(1914880K), 0.0528254 secs] [Times: user=0.31 sys=0.00, real=0.05 secs] 
6120.145: [GC (Allocation Failure) [PSYoungGen: 475872K->106048K(517632K)] 1462114K->1220702K(1915904K), 0.0644031 secs] [Times: user=0.38 sys=0.00, real=0.06 secs] 
6120.935: [GC (Allocation Failure) [PSYoungGen: 449088K->139680K(519168K)] 1563742K->1359706K(1917440K), 0.0542048 secs] [Times: user=0.32 sys=0.00, real=0.05 secs] 
6122.400: [GC (Allocation Failure) [PSYoungGen: 482720K->109440K(518144K)] 1702746K->1460338K(1916416K), 0.0704642 secs] [Times: user=0.42 sys=0.01, real=0.08 secs] 
6122.470: [Full GC (Ergonomics) [PSYoungGen: 109440K->0K(518144K)] [ParOldGen: 1350898K->20196K(1398272K)] 1460338K->20196K(1916416K), [Metaspace: 59699K->59699K(1105920K)], 0.0340336 secs] [Times: user=0.08 sys=0.00, real=0.03 secs] 
6124.024: [GC (GCLocker Initiated GC) [PSYoungGen: 346112K->137728K(520192K)] 366308K->157924K(1918464K), 0.0280530 secs] [Times: user=0.15 sys=0.00, real=0.03 secs] 
6125.321: [GC (Allocation Failure) [PSYoungGen: 483840K->114528K(519168K)] 504039K->262831K(1917440K), 0.0650076 secs] [Times: user=0.38 sys=0.00, real=0.06 secs] 
6126.769: [GC (Allocation Failure) [PSYoungGen: 464736K->139424K(521728K)] 613039K->400659K(1920000K), 0.0536504 secs] [Times: user=0.32 sys=0.00, real=0.06 secs] 
6128.105: [GC (Allocation Failure) [PSYoungGen: 489632K->114656K(522240K)] 750867K->505351K(1920512K), 0.0647397 secs] [Times: user=0.38 sys=0.01, real=0.06 secs] 
6128.914: [GC (Allocation Failure) [PSYoungGen: 469472K->145184K(524288K)] 860167K->648460K(1922560K), 0.0552564 secs] [Times: user=0.32 sys=0.00, real=0.05 secs] 
6130.254: [GC (Allocation Failure) [PSYoungGen: 500000K->112608K(527360K)] 1003276K->751992K(1925632K), 0.0649746 secs] [Times: user=0.38 sys=0.00, real=0.06 secs] 
6131.156: [GC (Allocation Failure) [PSYoungGen: 468448K->148928K(504832K)] 1107832K->898413K(1903104K), 0.0552533 secs] [Times: user=0.32 sys=0.00, real=0.06 secs] 
6132.567: [GC (Allocation Failure) [PSYoungGen: 504768K->110880K(525824K)] 1254253K->1000461K(1924096K), 0.0673497 secs] [Times: user=0.40 sys=0.00, real=0.07 secs] 
6134.022: [GC (Allocation Failure) [PSYoungGen: 462112K->146656K(498176K)] 1351693K->1142746K(1896448K), 0.0536665 secs] [Times: user=0.32 sys=0.00, real=0.05 secs] 
6135.479: [GC (Allocation Failure) [PSYoungGen: 497888K->110304K(524800K)] 1493978K->1244178K(1923072K), 0.0680748 secs] [Times: user=0.40 sys=0.00, real=0.07 secs] 
6137.289: [GC (Allocation Failure) [PSYoungGen: 458976K->145824K(494592K)] 1592850K->1385885K(1892864K), 0.0534450 secs] [Times: user=0.32 sys=0.00, real=0.06 secs] 
6137.342: [Full GC (Ergonomics) [PSYoungGen: 145824K->0K(494592K)] [ParOldGen: 1240061K->190457K(1398272K)] 1385885K->190457K(1892864K), [Metaspace: 59699K->59699K(1105920K)], 0.4703429 secs] [Times: user=2.20 sys=0.00, real=0.47 secs] 
6139.004: [GC (GCLocker Initiated GC) [PSYoungGen: 348672K->107808K(523776K)] 539129K->298265K(1922048K), 0.0327712 secs] [Times: user=0.18 sys=0.01, real=0.03 secs] 
6140.247: [GC (Allocation Failure) [PSYoungGen: 454944K->154240K(501760K)] 645440K->448485K(1900032K), 0.0525559 secs] [Times: user=0.31 sys=0.00, real=0.05 secs] 
6141.563: [GC (Allocation Failure) [PSYoungGen: 501376K->107232K(519680K)] 795621K->538685K(1917952K), 0.0957730 secs] [Times: user=0.57 sys=0.00, real=0.09 secs] 
6142.688: [GC (Allocation Failure) [PSYoungGen: 446176K->142112K(518144K)] 877629K->676873K(1916416K), 0.0512701 secs] [Times: user=0.30 sys=0.00, real=0.05 secs] 
6144.050: [GC (Allocation Failure) [PSYoungGen: 481056K->107232K(517632K)] 1015817K->775177K(1915904K), 0.0940129 secs] [Times: user=0.56 sys=0.01, real=0.10 secs] 
6145.652: [GC (Allocation Failure) [PSYoungGen: 447200K->140704K(518144K)] 1115145K->910842K(1916416K), 0.0513344 secs] [Times: user=0.30 sys=0.00, real=0.05 secs] 
6146.987: [GC (GCLocker Initiated GC) [PSYoungGen: 480672K->106432K(518656K)] 1250810K->1008414K(1916928K), 0.0682148 secs] [Times: user=0.40 sys=0.00, real=0.07 secs] 
6147.789: [GC (Allocation Failure) [PSYoungGen: 448960K->142528K(519680K)] 1350946K->1146710K(1917952K), 0.0521446 secs] [Times: user=0.31 sys=0.00, real=0.06 secs] 
6149.133: [GC (Allocation Failure) [PSYoungGen: 485056K->108000K(518656K)] 1489238K->1245590K(1916928K), 0.0652028 secs] [Times: user=0.39 sys=0.00, real=0.06 secs] 
6149.984: [GC (Allocation Failure) [PSYoungGen: 451552K->146432K(519680K)] 1589142K->1388091K(1917952K), 0.0572760 secs] [Times: user=0.32 sys=0.00, real=0.06 secs] 
6150.041: [Full GC (Ergonomics) [PSYoungGen: 146432K->0K(519680K)] [ParOldGen: 1241659K->187599K(1398272K)] 1388091K->187599K(1917952K), [Metaspace: 59699K->59699K(1105920K)], 0.4559191 secs] [Times: user=2.03 sys=0.00, real=0.45 secs] 
6151.680: [GC (Allocation Failure) [PSYoungGen: 343552K->104832K(521216K)] 531151K->292432K(1919488K), 0.0322634 secs] [Times: user=0.19 sys=0.00, real=0.03 secs] 
6153.263: [GC (Allocation Failure) [PSYoungGen: 446848K->140512K(519680K)] 634448K->429180K(1917952K), 0.0513760 secs] [Times: user=0.29 sys=0.00, real=0.05 secs] 
6154.577: [GC (GCLocker Initiated GC) [PSYoungGen: 482528K->106336K(519168K)] 771199K->526631K(1917440K), 0.0633862 secs] [Times: user=0.38 sys=0.00, real=0.07 secs] 
6155.434: [GC (GCLocker Initiated GC) [PSYoungGen: 449376K->141440K(519680K)] 869673K->664174K(1917952K), 0.0522929 secs] [Times: user=0.30 sys=0.00, real=0.05 secs] 
6156.729: [GC (Allocation Failure) [PSYoungGen: 484480K->108672K(519168K)] 1007217K->763193K(1917440K), 0.0639236 secs] [Times: user=0.38 sys=0.00, real=0.07 secs] 
6157.694: [GC (Allocation Failure) [PSYoungGen: 453248K->145760K(520192K)] 1107769K->907278K(1918464K), 0.0521045 secs] [Times: user=0.30 sys=0.01, real=0.05 secs] 
6159.135: [GC (Allocation Failure) [PSYoungGen: 490336K->105344K(521728K)] 1251854K->1003754K(1920000K), 0.0938906 secs] [Times: user=0.56 sys=0.00, real=0.09 secs] 
6160.307: [GC (GCLocker Initiated GC) [PSYoungGen: 449408K->145088K(489472K)] 1347818K->1145774K(1887744K), 0.0542467 secs] [Times: user=0.26 sys=0.00, real=0.06 secs] 
6161.608: [GC (Allocation Failure) [PSYoungGen: 489152K->107360K(521728K)] 1489908K->1244324K(1920000K), 0.0658396 secs] [Times: user=0.39 sys=0.00, real=0.07 secs] 
6163.238: [GC (Allocation Failure) [PSYoungGen: 449888K->141408K(519680K)] 1586852K->1382009K(1917952K), 0.0528840 secs] [Times: user=0.31 sys=0.00, real=0.06 secs] 
6163.291: [Full GC (Ergonomics) [PSYoungGen: 141408K->0K(519680K)] [ParOldGen: 1240601K->179781K(1398272K)] 1382009K->179781K(1917952K), [Metaspace: 59699K->59699K(1105920K)], 0.4378343 secs] [Times: user=2.03 sys=0.00, real=0.43 secs] 
6164.948: [GC (Allocation Failure) [PSYoungGen: 342528K->108352K(518656K)] 522309K->288133K(1916928K), 0.0342259 secs] [Times: user=0.19 sys=0.00, real=0.04 secs] 
6166.117: [GC (Allocation Failure) [PSYoungGen: 451904K->142144K(519680K)] 631685K->426196K(1917952K), 0.0526419 secs] [Times: user=0.31 sys=0.00, real=0.05 secs] 
6167.488: [GC (Allocation Failure) [PSYoungGen: 484172K->108384K(520192K)] 768224K->525452K(1918464K), 0.0647903 secs] [Times: user=0.38 sys=0.00, real=0.07 secs] 
6168.290: [GC (Allocation Failure) [PSYoungGen: 453472K->143072K(520704K)] 870540K->665417K(1918976K), 0.0524721 secs] [Times: user=0.31 sys=0.00, real=0.06 secs] 
6169.619: [GC (Allocation Failure) [PSYoungGen: 488160K->107840K(520704K)] 1010505K->764345K(1918976K), 0.0642518 secs] [Times: user=0.38 sys=0.00, real=0.07 secs] 
6170.479: [GC (GCLocker Initiated GC) [PSYoungGen: 453952K->143584K(521216K)] 1110457K->904858K(1919488K), 0.0533715 secs] [Times: user=0.31 sys=0.00, real=0.06 secs] 
6171.866: [GC (GCLocker Initiated GC) [PSYoungGen: 489696K->105600K(522240K)] 1250973K->1001541K(1920512K), 0.0658731 secs] [Times: user=0.39 sys=0.00, real=0.07 secs] 
6173.245: [GC (Allocation Failure) [PSYoungGen: 451712K->151168K(497664K)] 1347656K->1149868K(1895936K), 0.0529323 secs] [Times: user=0.31 sys=0.00, real=0.05 secs] 
6174.601: [GC (Allocation Failure) [PSYoungGen: 497280K->109216K(520704K)] 1495980K->1241812K(1918976K), 0.0654408 secs] [Times: user=0.39 sys=0.00, real=0.06 secs] 
6176.106: [GC (Allocation Failure) [PSYoungGen: 449184K->141024K(518144K)] 1581780K->1378787K(1916416K), 0.0531261 secs] [Times: user=0.31 sys=0.00, real=0.05 secs] 
6176.159: [Full GC (Ergonomics) [PSYoungGen: 141024K->0K(518144K)] [ParOldGen: 1237763K->177430K(1398272K)] 1378787K->177430K(1916416K), [Metaspace: 59700K->59700K(1105920K)], 0.4368989 secs] [Times: user=2.04 sys=0.00, real=0.44 secs] 
6177.770: [GC (Allocation Failure) [PSYoungGen: 339968K->106304K(519168K)] 517398K->283734K(1917440K), 0.0342124 secs] [Times: user=0.20 sys=0.00, real=0.03 secs] 
6179.238: [GC (Allocation Failure) [PSYoungGen: 447808K->147008K(518656K)] 625238K->427971K(1916928K), 0.0532676 secs] [Times: user=0.31 sys=0.00, real=0.06 secs] 
6180.524: [GC (GCLocker Initiated GC) [PSYoungGen: 488512K->107232K(519680K)] 769475K->517899K(1917952K), 0.0647702 secs] [Times: user=0.38 sys=0.00, real=0.06 secs] 
6181.166: [GC (Allocation Failure) [PSYoungGen: 447712K->141504K(518656K)] 858382K->656907K(1916928K), 0.0534319 secs] [Times: user=0.31 sys=0.00, real=0.05 secs] 
6182.500: [GC (Allocation Failure) [PSYoungGen: 481984K->106272K(517632K)] 997387K->753667K(1915904K), 0.0653801 secs] [Times: user=0.38 sys=0.01, real=0.06 secs] 
6183.182: [GC (Allocation Failure) [PSYoungGen: 447776K->141280K(518656K)] 1095171K->892008K(1916928K), 0.0522740 secs] [Times: user=0.30 sys=0.01, real=0.05 secs] 
6184.541: [GC (GCLocker Initiated GC) [PSYoungGen: 482784K->107072K(518656K)] 1233512K->989360K(1916928K), 0.0646321 secs] [Times: user=0.38 sys=0.00, real=0.06 secs] 
6185.271: [GC (Allocation Failure) [PSYoungGen: 450624K->141664K(519680K)] 1332915K->1128816K(1917952K), 0.0528541 secs] [Times: user=0.31 sys=0.00, real=0.05 secs] 
Heap
 PSYoungGen      total 519680K, used 449070K [0x00000000d5580000, 0x0000000100000000, 0x0000000100000000)
  eden space 343552K